 umodsysc

 Timestamp is 5252800b (Mon Oct 07 12:34:03 2013)

 Preferred load address is 00400000

 Start         Length     Name                   Class
 0001:00000000 00004220H .text                   CODE
 0001:00004220 00000192H .text$x                 CODE
 0001:000043b2 000001f4H .text$yc                CODE
 0001:000045a6 000000d0H .text$yd                CODE
 0002:00000000 00000118H .idata$5                DATA
 0002:00000118 00000004H .CRT$XCA                DATA
 0002:0000011c 00000004H .CRT$XCAA               DATA
 0002:00000120 00000050H .CRT$XCU                DATA
 0002:00000170 00000004H .CRT$XCZ                DATA
 0002:00000174 00000004H .CRT$XIA                DATA
 0002:00000178 00000004H .CRT$XIAA               DATA
 0002:0000017c 00000004H .CRT$XIY                DATA
 0002:00000180 00000004H .CRT$XIZ                DATA
 0002:00000188 00000b88H .rdata                  DATA
 0002:00000d10 000006a8H .rdata$r                DATA
 0002:000013c0 00000028H .rdata$sxdata           DATA
 0002:000013e8 00000004H .rtc$IAA                DATA
 0002:000013ec 00000004H .rtc$IZZ                DATA
 0002:000013f0 00000004H .rtc$TAA                DATA
 0002:000013f4 00000004H .rtc$TZZ                DATA
 0002:000013f8 0000035cH .xdata$x                DATA
 0002:00001754 00000028H .idata$2                DATA
 0002:0000177c 00000014H .idata$3                DATA
 0002:00001790 00000118H .idata$4                DATA
 0002:000018a8 0000048cH .idata$6                DATA
 0002:00001d34 00000000H .edata                  DATA
 0003:00000000 00000500H .data                   DATA
 0003:00000500 000005b0H .bss                    DATA

  Address         Publics by Value              Rva+Base       Lib:Object

 0000:00000000       __except_list              00000000     <absolute>
 0000:0000000a       ___safe_se_handler_count   0000000a     <absolute>
 0000:00009876       __fltused                  00009876     <absolute>
 0000:00009876       __ldused                   00009876     <absolute>
 0000:00000000       ___ImageBase               00400000     <linker-defined>
 0001:00000000       _main                      00401000 f   umodsys.c_main.obj
 0001:0000015c       ??0?$TString@U?$TSCoreConst@D@su@tl@UModSys@@U?$TComparerBinaryHash@D@234@@tl@UModSys@@QAE@PBD@Z 0040115c f i umodsys.c_main.obj
 0001:00000186       ?update@?$TComparerBinaryHash@D@su@tl@UModSys@@QAEXPBDI@Z 00401186 f i umodsys.c_main.obj
 0001:000001b2       ?_get_other_interface@IRefObject@core@UModSys@@IAEPAUIRoot@23@PBUSUniquePointerInfo@23@@Z 004011b2 f i umodsys_lib_basesys:umodsys.basesys.rconsole_std.obj
 0001:000001b2       ?_get_other_interface@IRefObject@core@UModSys@@IBEPBUIRoot@23@PBUSUniquePointerInfo@23@@Z 004011b2 f i umodsys_lib_basesys:umodsys.basesys.rconsole_std.obj
 0001:000001d3       ?get_interface_info@RConsole_std@rsystem@base@UModSys@@UBEABUSUniquePointerInfo@core@4@XZ 004011d3 f i umodsys_lib_basesys:umodsys.basesys.rconsole_std.obj
 0001:000001d9       ?get_interface_type@RConsole_std@rsystem@base@UModSys@@UBEPBUSUniquePointerInfo@core@4@XZ 004011d9 f i umodsys_lib_basesys:umodsys.basesys.rconsole_std.obj
 0001:000001df       ?get_other_interface@RConsole_std@rsystem@base@UModSys@@UBEPBUIRoot@core@4@PBUSUniquePointerInfo@64@@Z 004011df f i umodsys_lib_basesys:umodsys.basesys.rconsole_std.obj
 0001:000001df       ?get_other_interface@RConsole_std@rsystem@base@UModSys@@UAEPAUIRoot@core@4@PBUSUniquePointerInfo@64@@Z 004011df f i umodsys_lib_basesys:umodsys.basesys.rconsole_std.obj
 0001:00000200       ?ref_remove@RConsole_std@rsystem@base@UModSys@@UBEXXZ 00401200 f   umodsys_lib_basesys:umodsys.basesys.rconsole_std.obj
 0001:00000200       ?ref_add@RConsole_std@rsystem@base@UModSys@@UBEXXZ 00401200 f   umodsys_lib_basesys:umodsys.basesys.rconsole_std.obj
 0001:00000201       __matherr                  00401201 f   MSVCRT:merr.obj
 0001:00000201       __setargv                  00401201 f   MSVCRT:dllargv.obj
 0001:00000201       ?get_syslib@RSystem@rsystem@base@UModSys@@UAEPAUIModuleLibrary@34@XZ 00401201 f   umodsys_lib_basesys:umodsys.basesys.rsystem.obj
 0001:00000201       ?ref_links@RConsole_std@rsystem@base@UModSys@@UBEHXZ 00401201 f   umodsys_lib_basesys:umodsys.basesys.rconsole_std.obj
 0001:00000204       ?vput@RConsole_std@rsystem@base@UModSys@@UAE_NHPBDPAD@Z 00401204 f   umodsys_lib_basesys:umodsys.basesys.rconsole_std.obj
 0001:0000024c       ?put@RConsole_std@rsystem@base@UModSys@@UAA_NHPBDZZ 0040124c f   umodsys_lib_basesys:umodsys.basesys.rconsole_std.obj
 0001:00000293       ?vget_c@RConsole_std@rsystem@base@UModSys@@UAE_NPAHPBDPAD@Z 00401293 f   umodsys_lib_basesys:umodsys.basesys.rconsole_std.obj
 0001:00000298       ?vget_s@RConsole_std@rsystem@base@UModSys@@UAE_NPADIPBD0@Z 00401298 f   umodsys_lib_basesys:umodsys.basesys.rconsole_std.obj
 0001:0000029d       ?get_s@RConsole_std@rsystem@base@UModSys@@UAA_NPADIPBDZZ 0040129d f   umodsys_lib_basesys:umodsys.basesys.rconsole_std.obj
 0001:0000029d       ?get_c@RConsole_std@rsystem@base@UModSys@@UAA_NPAHPBDZZ 0040129d f   umodsys_lib_basesys:umodsys.basesys.rconsole_std.obj
 0001:000002a0       ?reflect@RConsole_std@rsystem@base@UModSys@@QAE_NPBD@Z 004012a0 f   umodsys_lib_basesys:umodsys.basesys.rconsole_std.obj
 0001:000002e0       ??_ERConsole_std@rsystem@base@UModSys@@UAEPAXI@Z 004012e0 f i  CIL library: CIL module
 0001:000002e0       ??_GRConsole_std@rsystem@base@UModSys@@UAEPAXI@Z 004012e0 f i umodsys_lib_basesys:umodsys.basesys.rconsole_std.obj
 0001:000002fc       ??_EIRoot@core@UModSys@@UAEPAXI@Z 004012fc f i  CIL library: CIL module
 0001:000002fc       ??_GIRoot@core@UModSys@@UAEPAXI@Z 004012fc f i umodsys_lib_basesys:umodsys.basesys.rconsole_std.obj
 0001:000002fc       ??_ERParameters@rsystem@base@UModSys@@UAEPAXI@Z 004012fc f i  CIL library: CIL module
 0001:000002fc       ??_GRParameters@rsystem@base@UModSys@@UAEPAXI@Z 004012fc f i umodsys_lib_basesys:umodsys.basesys.rparameters.obj
 0001:00000319       ??1RConsole_std@rsystem@base@UModSys@@UAE@XZ 00401319 f   umodsys_lib_basesys:umodsys.basesys.rconsole_std.obj
 0001:00000339       ??0EExceptionBase@core@UModSys@@QAE@PBUSSourceContext@12@HPBD@Z 00401339 f i umodsys_lib_basesys:umodsys.basesys.rsystem_main.obj
 0001:00000364       ?decode_error@EExceptionBase@core@UModSys@@UBEHPADI@Z 00401364 f i umodsys_lib_basesys:umodsys.basesys.rsystem_main.obj
 0001:0000038d       ?decode_error@EFatal@core@UModSys@@UBEHPADI@Z 0040138d f i umodsys_lib_basesys:umodsys.basesys.rsystem_main.obj
 0001:000003b6       ??_GEWarning@core@UModSys@@UAEPAXI@Z 004013b6 f i umodsys_lib_basesys:umodsys.basesys.rsystem_main.obj
 0001:000003b6       ??_EEWarning@core@UModSys@@UAEPAXI@Z 004013b6 f i  CIL library: CIL module
 0001:000003b6       ??_GEExceptionBase@core@UModSys@@UAEPAXI@Z 004013b6 f i umodsys_lib_basesys:umodsys.basesys.rsystem_main.obj
 0001:000003b6       ??_EEExceptionBase@core@UModSys@@UAEPAXI@Z 004013b6 f i  CIL library: CIL module
 0001:000003b6       ??_GEFatal@core@UModSys@@UAEPAXI@Z 004013b6 f i umodsys_lib_basesys:umodsys.basesys.rsystem_main.obj
 0001:000003b6       ??_EEFatal@core@UModSys@@UAEPAXI@Z 004013b6 f i  CIL library: CIL module
 0001:000003d3       ?decode_error@EWarning@core@UModSys@@UBEHPADI@Z 004013d3 f i umodsys_lib_basesys:umodsys.basesys.rsystem_main.obj
 0001:000003fc       ??1EFatal@core@UModSys@@UAE@XZ 004013fc f i umodsys_lib_basesys:umodsys.basesys.rsystem_main.obj
 0001:000003fc       ??1EWarning@core@UModSys@@UAE@XZ 004013fc f i umodsys_lib_basesys:umodsys.basesys.rsystem_main.obj
 0001:00000403       ?get_interface_info@RSystem@rsystem@base@UModSys@@UBEABUSUniquePointerInfo@core@4@XZ 00401403 f i umodsys_lib_basesys:umodsys.basesys.rsystem_main.obj
 0001:00000409       ?get_interface_type@RSystem@rsystem@base@UModSys@@UBEPBUSUniquePointerInfo@core@4@XZ 00401409 f i umodsys_lib_basesys:umodsys.basesys.rsystem_main.obj
 0001:0000040f       ?get_other_interface@RSystem@rsystem@base@UModSys@@UAEPAUIRoot@core@4@PBUSUniquePointerInfo@64@@Z 0040140f f i umodsys_lib_basesys:umodsys.basesys.rsystem_main.obj
 0001:0000040f       ?get_other_interface@RSystem@rsystem@base@UModSys@@UBEPBUIRoot@core@4@PBUSUniquePointerInfo@64@@Z 0040140f f i umodsys_lib_basesys:umodsys.basesys.rsystem_main.obj
 0001:00000430       ?deinit@RSystem@rsystem@base@UModSys@@QAE_NXZ 00401430 f   umodsys_lib_basesys:umodsys.basesys.rsystem_main.obj
 0001:000004a7       ?set_console@RSystem@rsystem@base@UModSys@@QAEXPAUIConsole@34@@Z 004014a7 f   umodsys_lib_basesys:umodsys.basesys.rsystem_main.obj
 0001:000004ce       ?dump_upis@RSystem@rsystem@base@UModSys@@QAEXXZ 004014ce f   umodsys_lib_basesys:umodsys.basesys.rsystem_main.obj
 0001:00000579       ??0RSystem@rsystem@base@UModSys@@QAE@XZ 00401579 f   umodsys_lib_basesys:umodsys.basesys.rsystem_main.obj
 0001:000006ee       ??_ERSystem@rsystem@base@UModSys@@UAEPAXI@Z 004016ee f i  CIL library: CIL module
 0001:000006ee       ??_GRSystem@rsystem@base@UModSys@@UAEPAXI@Z 004016ee f i umodsys_lib_basesys:umodsys.basesys.rsystem_main.obj
 0001:0000070b       ??1RSystem@rsystem@base@UModSys@@UAE@XZ 0040170b f   umodsys_lib_basesys:umodsys.basesys.rsystem_main.obj
 0001:000007be       ?dbg_put@rsystem@base@UModSys@@YAXW4eRSystemDebugLevels@123@PBDZZ 004017be f   umodsys_lib_basesys:umodsys.basesys.rsystem_main.obj
 0001:000007ea       ?err_put@rsystem@base@UModSys@@YAXW4eRSystemDebugLevels@123@PBDZZ 004017ea f   umodsys_lib_basesys:umodsys.basesys.rsystem_main.obj
 0001:00000816       ??1?$TStaticStringPool@DU?$TComparerBinaryHash@D@su@tl@UModSys@@USMemAlloc_Malloc@core@4@@tl@UModSys@@QAE@XZ 00401816 f i umodsys_lib_basesys:umodsys.basesys.rsystem_main.obj
 0001:00000851       ??1?$TRefObject@UIRefObject@core@UModSys@@@tl@UModSys@@QAE@XZ 00401851 f i umodsys_lib_basesys:umodsys.basesys.rsystem_tests.obj
 0001:00000851       ??1?$TRefObject@URModuleLibrary@rsystem@base@UModSys@@@tl@UModSys@@QAE@XZ 00401851 f i umodsys_lib_basesys:umodsys.basesys.rmoduleloader.obj
 0001:00000851       ??1?$TRefObject@UIShell@base@UModSys@@@tl@UModSys@@QAE@XZ 00401851 f i umodsys_lib_basesys:umodsys.basesys.rsystem_tests.obj
 0001:00000851       ??1?$TRefObject@URParameters@rsystem@base@UModSys@@@tl@UModSys@@QAE@XZ 00401851 f i umodsys_lib_basesys:umodsys.basesys.rsystem_main.obj
 0001:00000860       ??1?$TQuantArrayUnique@USUniquePointerInfo@core@UModSys@@$0BAA@USMemAlloc_Malloc@23@@tl@UModSys@@QAE@XZ 00401860 f i umodsys_lib_basesys:umodsys.basesys.rsystem_main.obj
 0001:00000860       ??1?$TQuantArrayUnique@USSourceContext@core@UModSys@@$0BAA@USMemAlloc_Malloc@23@@tl@UModSys@@QAE@XZ 00401860 f i umodsys_lib_basesys:umodsys.basesys.rsystem_main.obj
 0001:00000876       ??1?$TRMemAlloc_CC@U?$TMemAllocHeader@USMagic@mem_headers@rsystem@base@UModSys@@U?$TPool@X@2345@USDebug@2345@UVoid@core@5@@rsystem@base@UModSys@@USMemAlloc_Malloc@core@4@@rsystem@base@UModSys@@QAE@XZ 00401876 f i umodsys_lib_basesys:umodsys.basesys.rsystem_main.obj
 0001:0000087d       ?mem_alloc@?$TRMemAlloc_CC@U?$TMemAllocHeader@USMagic@mem_headers@rsystem@base@UModSys@@U?$TPool@X@2345@USDebug@2345@UVoid@core@5@@rsystem@base@UModSys@@USMemAlloc_Malloc@core@4@@rsystem@base@UModSys@@UAEPAXIPBUSSourceContext@core@4@@Z 0040187d f i umodsys_lib_basesys:umodsys.basesys.rsystem_main.obj
 0001:000008af       ?mem_realloc@?$TRMemAlloc_CC@U?$TMemAllocHeader@USMagic@mem_headers@rsystem@base@UModSys@@U?$TPool@X@2345@USDebug@2345@UVoid@core@5@@rsystem@base@UModSys@@USMemAlloc_Malloc@core@4@@rsystem@base@UModSys@@UAEPAXPAXIPBUSSourceContext@core@4@@Z 004018af f i umodsys_lib_basesys:umodsys.basesys.rsystem_main.obj
 0001:00000a0a       ?mem_free@?$TRMemAlloc_CC@U?$TMemAllocHeader@USMagic@mem_headers@rsystem@base@UModSys@@U?$TPool@X@2345@USDebug@2345@UVoid@core@5@@rsystem@base@UModSys@@USMemAlloc_Malloc@core@4@@rsystem@base@UModSys@@UAEXPAXPBUSSourceContext@core@4@@Z 00401a0a f i umodsys_lib_basesys:umodsys.basesys.rsystem_main.obj
 0001:00000a7e       ?next_node@?$TTreeHoldRB@U?$TQuantArrayNode@USSourceContext@core@UModSys@@$0BAA@@tl@UModSys@@@tl@UModSys@@SAPAU?$TQuantArrayNode@USSourceContext@core@UModSys@@$0BAA@@23@PAU423@@Z 00401a7e f i umodsys_lib_basesys:umodsys.basesys.rsystem.obj
 0001:00000a7e       ?next_node@?$TTreeHoldRB@U?$TQuantArrayNode@USUniquePointerInfo@core@UModSys@@$0BAA@@tl@UModSys@@@tl@UModSys@@SAPAU?$TQuantArrayNode@USUniquePointerInfo@core@UModSys@@$0BAA@@23@PAU423@@Z 00401a7e f i umodsys_lib_basesys:umodsys.basesys.rsystem_main.obj
 0001:00000aa3       ??$process@UEFatal@core@UModSys@@@IExceptionHandler@core@UModSys@@QAEXABUEFatal@12@@Z 00401aa3 f i umodsys_lib_basesys:umodsys.basesys.rsystem_main.obj
 0001:00000ad5       ??$process_nodes_r@U?$TNodeDeleter@U?$TQuantArrayNode@USUniquePointerInfo@core@UModSys@@$0BAA@@tl@UModSys@@USMemAlloc_Malloc@core@3@@tl@UModSys@@@?$TTreeHoldRB@U?$TQuantArrayNode@USUniquePointerInfo@core@UModSys@@$0BAA@@tl@UModSys@@@tl@UModSys@@KAHPAU?$TQuantArrayNode@USUniquePointerInfo@core@UModSys@@$0BAA@@12@ABU?$TNodeDeleter@U?$TQuantArrayNode@USUniquePointerInfo@core@UModSys@@$0BAA@@tl@UModSys@@USMemAlloc_Malloc@core@3@@12@@Z 00401ad5 f i umodsys_lib_basesys:umodsys.basesys.rsystem_main.obj
 0001:00000ad5       ??$process_nodes_r@U?$TNodeDeleter@U?$TQuantArrayNode@USSourceContext@core@UModSys@@$0BAA@@tl@UModSys@@USMemAlloc_Malloc@core@3@@tl@UModSys@@@?$TTreeHoldRB@U?$TQuantArrayNode@USSourceContext@core@UModSys@@$0BAA@@tl@UModSys@@@tl@UModSys@@KAHPAU?$TQuantArrayNode@USSourceContext@core@UModSys@@$0BAA@@12@ABU?$TNodeDeleter@U?$TQuantArrayNode@USSourceContext@core@UModSys@@$0BAA@@tl@UModSys@@USMemAlloc_Malloc@core@3@@12@@Z 00401ad5 f i umodsys_lib_basesys:umodsys.basesys.rsystem_main.obj
 0001:00000b17       ??0EFatal@core@UModSys@@QAE@ABU012@@Z 00401b17 f i umodsys_lib_basesys:umodsys.basesys.rsystem_main.obj
 0001:00000b2f       ??0EExceptionBase@core@UModSys@@QAE@ABU012@@Z 00401b2f f i umodsys_lib_basesys:umodsys.basesys.rsystem_main.obj
 0001:00000b57       ??0EWarning@core@UModSys@@QAE@ABU012@@Z 00401b57 f i umodsys_lib_basesys:umodsys.basesys.rsystem_main.obj
 0001:00000b6f       ?exec_test_shells@RSystem@rsystem@base@UModSys@@QAE_NXZ 00401b6f f   umodsys_lib_basesys:umodsys.basesys.rsystem_tests.obj
 0001:00000cdf       ??1?$TParametersA@$0EAA@@core@UModSys@@QAE@XZ 00401cdf f i umodsys_lib_basesys:umodsys.basesys.rsystem_tests.obj
 0001:00000cec       ??$t_moduledb_generate@UIShell@base@UModSys@@@IModuleLoader@base@UModSys@@QAE_NAAU?$TRefObject@UIShell@base@UModSys@@@tl@2@PBUSUniquePointerInfo@core@2@ABUSParameters@62@@Z 00401cec f i umodsys_lib_basesys:umodsys.basesys.rsystem_tests.obj
 0001:00000d7e       ?moduledb_findobjname@RModuleLoader@rsystem@base@UModSys@@UAEIPBUSUniquePointerInfo@core@4@QAPBU564@I@Z 00401d7e f   umodsys_lib_basesys:umodsys.basesys.rmoduleloader.obj
 0001:00000dcc       ?moduledb_generate@RModuleLoader@rsystem@base@UModSys@@UAE_NAAU?$TRefObject@UIRefObject@core@UModSys@@@tl@4@PBUSUniquePointerInfo@core@4@ABUSParameters@84@@Z 00401dcc f   umodsys_lib_basesys:umodsys.basesys.rmoduleloader.obj
 0001:00000e07       ?moduledb_lib_count@RModuleLoader@rsystem@base@UModSys@@UAEIXZ 00401e07 f   umodsys_lib_basesys:umodsys.basesys.rmoduleloader.obj
 0001:00000e0b       ?moduledb_lib_get@RModuleLoader@rsystem@base@UModSys@@UBEPAUIModuleLibrary@34@I@Z 00401e0b f   umodsys_lib_basesys:umodsys.basesys.rmoduleloader.obj
 0001:00000e21       ?moduledb_module_count@RModuleLoader@rsystem@base@UModSys@@UAEIXZ 00401e21 f   umodsys_lib_basesys:umodsys.basesys.rmoduleloader.obj
 0001:00000e3f       ?moduledb_module_get@RModuleLoader@rsystem@base@UModSys@@UBEPAUIModule@34@I@Z 00401e3f f   umodsys_lib_basesys:umodsys.basesys.rmoduleloader.obj
 0001:00000e79       ?moduledb_find@RModuleLoader@rsystem@base@UModSys@@UBEPAUIModule@34@ABU?$TString@U?$TSCoreConst@D@su@tl@UModSys@@U?$TComparerBinaryHash@D@234@@tl@4@ABUSVersion@core@4@@Z 00401e79 f   umodsys_lib_basesys:umodsys.basesys.rmoduleloader.obj
 0001:00000f00       ?moduledb_clear@RModuleLoader@rsystem@base@UModSys@@UAEXXZ 00401f00 f   umodsys_lib_basesys:umodsys.basesys.rmoduleloader.obj
 0001:00000f14       ?moduledb_cleanup@RModuleLoader@rsystem@base@UModSys@@UAEIXZ 00401f14 f   umodsys_lib_basesys:umodsys.basesys.rmoduleloader.obj
 0001:00000fe9       ?moduledb_lib_drop@RModuleLoader@rsystem@base@UModSys@@UAE_NPAUIModuleLibrary@34@@Z 00401fe9 f   umodsys_lib_basesys:umodsys.basesys.rmoduleloader.obj
 0001:00000fe9       ?moduledb_load@RModuleLoader@rsystem@base@UModSys@@UAE_NABU?$TString@U?$TSCoreConst@D@su@tl@UModSys@@U?$TComparerBinaryHash@D@234@@tl@4@@Z 00401fe9 f   umodsys_lib_basesys:umodsys.basesys.rmoduleloader.obj
 0001:00000fee       ?moduledb_save@RModuleLoader@rsystem@base@UModSys@@UAE_NABU?$TString@U?$TSCoreConst@D@su@tl@UModSys@@U?$TComparerBinaryHash@D@234@@tl@4@@Z 00401fee f   umodsys_lib_basesys:umodsys.basesys.rmoduleloader.obj
 0001:00001055       ?moduledb_scan@RModuleLoader@rsystem@base@UModSys@@UAEIABU?$TString@U?$TSCoreConst@D@su@tl@UModSys@@U?$TComparerBinaryHash@D@234@@tl@4@_N@Z 00402055 f   umodsys_lib_basesys:umodsys.basesys.rmoduleloader.obj
 0001:000010e6       ?moduledb_get_string@RModuleLoader@rsystem@base@UModSys@@UAEABU?$TString@U?$TSCoreConst@D@su@tl@UModSys@@U?$TComparerBinaryHash@D@234@@tl@4@ABU564@@Z 004020e6 f   umodsys_lib_basesys:umodsys.basesys.rmoduleloader.obj
 0001:000010f8       ??_ERModuleLoader@rsystem@base@UModSys@@UAEPAXI@Z 004020f8 f i  CIL library: CIL module
 0001:000010f8       ??_GRModuleLoader@rsystem@base@UModSys@@UAEPAXI@Z 004020f8 f i umodsys_lib_basesys:umodsys.basesys.rmoduleloader.obj
 0001:00001114       ??_EIModuleLoader@base@UModSys@@UAEPAXI@Z 00402114 f i  CIL library: CIL module
 0001:00001114       ??_GIModuleLoader@base@UModSys@@UAEPAXI@Z 00402114 f i umodsys_lib_basesys:umodsys.basesys.rmoduleloader.obj
 0001:00001131       ??1RModuleLoader@rsystem@base@UModSys@@UAE@XZ 00402131 f   umodsys_lib_basesys:umodsys.basesys.rmoduleloader.obj
 0001:00001150       ?append@?$TStaticStringPool@DU?$TComparerBinaryHash@D@su@tl@UModSys@@USMemAlloc_Malloc@core@4@@tl@UModSys@@QAEPBU?$TString@U?$TSCoreConst@D@su@tl@UModSys@@U?$TComparerBinaryHash@D@234@@23@PBD@Z 00402150 f i umodsys_lib_basesys:umodsys.basesys.rmoduleloader.obj
 0001:00001180       ??$?8U?$TSCoreConst@D@su@tl@UModSys@@U?$TComparerBinaryHash@D@123@@?$TString@U?$TSCoreConst@D@su@tl@UModSys@@U?$TComparerBinaryHash@D@234@@tl@UModSys@@QBE_NABU012@@Z 00402180 f i umodsys_lib_basesys:umodsys.basesys.rmoduleloader.obj
 0001:000011bb       ?append@?$TStaticStringPool@DU?$TComparerBinaryHash@D@su@tl@UModSys@@USMemAlloc_Malloc@core@4@@tl@UModSys@@QAEPBU?$TString@U?$TSCoreConst@D@su@tl@UModSys@@U?$TComparerBinaryHash@D@234@@23@PBDI@Z 004021bb f i umodsys_lib_basesys:umodsys.basesys.rmoduleloader.obj
 0001:000012ed       ?free@?$TArrayDynamic@U?$TRefObject@URModuleLibrary@rsystem@base@UModSys@@@tl@UModSys@@U?$TAllocator@USMemAlloc_Malloc@core@UModSys@@USCountCalcPower2@23@@23@@tl@UModSys@@QAE_NXZ 004022ed f i umodsys_lib_basesys:umodsys.basesys.rmoduleloader.obj
 0001:00001310       ?append@CharChunk@?$TStaticStringPool@DU?$TComparerBinaryHash@D@su@tl@UModSys@@USMemAlloc_Malloc@core@4@@tl@UModSys@@QAEPADPBDI@Z 00402310 f i umodsys_lib_basesys:umodsys.basesys.rmoduleloader.obj
 0001:00001339       ?find_s@?$TStaticStringPool@DU?$TComparerBinaryHash@D@su@tl@UModSys@@USMemAlloc_Malloc@core@4@@tl@UModSys@@QBEPBU?$TString@U?$TSCoreConst@D@su@tl@UModSys@@U?$TComparerBinaryHash@D@234@@23@ABU423@@Z 00402339 f i umodsys_lib_basesys:umodsys.basesys.rmoduleloader.obj
 0001:0000138d       ?resize@?$TArrayDynamic@U?$TRefObject@URModuleLibrary@rsystem@base@UModSys@@@tl@UModSys@@U?$TAllocator@USMemAlloc_Malloc@core@UModSys@@USCountCalcPower2@23@@23@@tl@UModSys@@QAE_NI@Z 0040238d f i umodsys_lib_basesys:umodsys.basesys.rmoduleloader.obj
 0001:0000138d       ?resize@?$TArrayDynamic@U?$TRefObject@URModule@rsystem@base@UModSys@@@tl@UModSys@@U?$TAllocator@USMemAlloc_Malloc@core@UModSys@@USCountCalcPower2@23@@23@@tl@UModSys@@QAE_NI@Z 0040238d f i umodsys_lib_basesys:umodsys.basesys.rmodulelib.obj
 0001:0000140b       ?upi_add@RSystem@rsystem@base@UModSys@@UAEPBUSUniquePointerInfo@core@4@PBU564@@Z 0040240b f   umodsys_lib_basesys:umodsys.basesys.rsystem.obj
 0001:0000149c       ?upi_remove@RSystem@rsystem@base@UModSys@@UAEHPBUSUniquePointerInfo@core@4@@Z 0040249c f   umodsys_lib_basesys:umodsys.basesys.rsystem.obj
 0001:000014a2       ?persist_ctx@RSystem@rsystem@base@UModSys@@UAEPBUSSourceContext@core@4@PBU564@@Z 004024a2 f   umodsys_lib_basesys:umodsys.basesys.rsystem.obj
 0001:00001533       ?get_params@RSystem@rsystem@base@UModSys@@UAEPAUIParameters@core@4@XZ 00402533 f   umodsys_lib_basesys:umodsys.basesys.rsystem.obj
 0001:00001537       ?get_sysmem@RSystem@rsystem@base@UModSys@@UAEPAUIMemAlloc@core@4@XZ 00402537 f   umodsys_lib_basesys:umodsys.basesys.rsystem.obj
 0001:0000153e       ?get_sharemem@RSystem@rsystem@base@UModSys@@UAEPAUIMemAlloc@core@4@XZ 0040253e f   umodsys_lib_basesys:umodsys.basesys.rsystem.obj
 0001:00001545       ?get_modloader@RSystem@rsystem@base@UModSys@@UAEPAUIModuleLoader@34@XZ 00402545 f   umodsys_lib_basesys:umodsys.basesys.rsystem.obj
 0001:00001549       ?get_upr@RSystem@rsystem@base@UModSys@@UAEPAUIUniquePointerResolver@core@4@XZ 00402549 f   umodsys_lib_basesys:umodsys.basesys.rsystem.obj
 0001:00001554       ?get_sca@RSystem@rsystem@base@UModSys@@UAEPAUISourceContextAdapter@core@4@XZ 00402554 f   umodsys_lib_basesys:umodsys.basesys.rsystem.obj
 0001:0000155f       ?add@?$TQuantArrayUnique@USUniquePointerInfo@core@UModSys@@$0BAA@USMemAlloc_Malloc@23@@tl@UModSys@@QAEPAUSUniquePointerInfo@core@3@ABU453@@Z 0040255f f i umodsys_lib_basesys:umodsys.basesys.rsystem.obj
 0001:0000155f       ?add@?$TQuantArrayUnique@USSourceContext@core@UModSys@@$0BAA@USMemAlloc_Malloc@23@@tl@UModSys@@QAEPAUSSourceContext@core@3@ABU453@@Z 0040255f f i umodsys_lib_basesys:umodsys.basesys.rsystem.obj
 0001:0000166f       ?find@?$TQuantArrayUnique@USSourceContext@core@UModSys@@$0BAA@USMemAlloc_Malloc@23@@tl@UModSys@@QAEPBUSSourceContext@core@3@ABU453@@Z 0040266f f i umodsys_lib_basesys:umodsys.basesys.rsystem.obj
 0001:0000166f       ?find@?$TQuantArrayUnique@USUniquePointerInfo@core@UModSys@@$0BAA@USMemAlloc_Malloc@23@@tl@UModSys@@QAEPBUSUniquePointerInfo@core@3@ABU453@@Z 0040266f f i umodsys_lib_basesys:umodsys.basesys.rsystem.obj
 0001:0000170e       ?insert_color@?$TTreeHoldRB@U?$TQuantArrayNode@USSourceContext@core@UModSys@@$0BAA@@tl@UModSys@@@tl@UModSys@@IAEXPAU?$TQuantArrayNode@USSourceContext@core@UModSys@@$0BAA@@23@@Z 0040270e f i umodsys_lib_basesys:umodsys.basesys.rsystem.obj
 0001:0000170e       ?insert_color@?$TTreeHoldRB@U?$TQuantArrayNode@USUniquePointerInfo@core@UModSys@@$0BAA@@tl@UModSys@@@tl@UModSys@@IAEXPAU?$TQuantArrayNode@USUniquePointerInfo@core@UModSys@@$0BAA@@23@@Z 0040270e f i umodsys_lib_basesys:umodsys.basesys.rsystem.obj
 0001:000017bc       ?rotate_left@?$TTreeHoldRB@U?$TQuantArrayNode@USUniquePointerInfo@core@UModSys@@$0BAA@@tl@UModSys@@@tl@UModSys@@IAEXPAU?$TQuantArrayNode@USUniquePointerInfo@core@UModSys@@$0BAA@@23@@Z 004027bc f i umodsys_lib_basesys:umodsys.basesys.rsystem.obj
 0001:000017bc       ?rotate_left@?$TTreeHoldRB@U?$TQuantArrayNode@USSourceContext@core@UModSys@@$0BAA@@tl@UModSys@@@tl@UModSys@@IAEXPAU?$TQuantArrayNode@USSourceContext@core@UModSys@@$0BAA@@23@@Z 004027bc f i umodsys_lib_basesys:umodsys.basesys.rsystem.obj
 0001:000017fb       ?rotate_right@?$TTreeHoldRB@U?$TQuantArrayNode@USUniquePointerInfo@core@UModSys@@$0BAA@@tl@UModSys@@@tl@UModSys@@IAEXPAU?$TQuantArrayNode@USUniquePointerInfo@core@UModSys@@$0BAA@@23@@Z 004027fb f i umodsys_lib_basesys:umodsys.basesys.rsystem.obj
 0001:000017fb       ?rotate_right@?$TTreeHoldRB@U?$TQuantArrayNode@USSourceContext@core@UModSys@@$0BAA@@tl@UModSys@@@tl@UModSys@@IAEXPAU?$TQuantArrayNode@USSourceContext@core@UModSys@@$0BAA@@23@@Z 004027fb f i umodsys_lib_basesys:umodsys.basesys.rsystem.obj
 0001:0000183a       ?get_interface_info@RParameters@rsystem@base@UModSys@@UBEABUSUniquePointerInfo@core@4@XZ 0040283a f i umodsys_lib_basesys:umodsys.basesys.rparameters.obj
 0001:00001840       ?get_interface_type@RParameters@rsystem@base@UModSys@@UBEPBUSUniquePointerInfo@core@4@XZ 00402840 f i umodsys_lib_basesys:umodsys.basesys.rparameters.obj
 0001:00001846       ?get_interface_types@RParameters@rsystem@base@UModSys@@UBEIAAUSUniquePtrList@core@4@@Z 00402846 f i umodsys_lib_basesys:umodsys.basesys.rparameters.obj
 0001:00001846       ?get_interface_types@RModule@rsystem@base@UModSys@@UBEIAAUSUniquePtrList@core@4@@Z 00402846 f i umodsys_lib_basesys:umodsys.basesys.rmodule.obj
 0001:00001846       ?get_interface_types@RSystem@rsystem@base@UModSys@@UBEIAAUSUniquePtrList@core@4@@Z 00402846 f i umodsys_lib_basesys:umodsys.basesys.rsystem_main.obj
 0001:00001846       ?get_interface_types@RModuleLibrary@rsystem@base@UModSys@@UBEIAAUSUniquePtrList@core@4@@Z 00402846 f i umodsys_lib_basesys:umodsys.basesys.rmodulelib.obj
 0001:00001846       ?get_interface_types@RConsole_std@rsystem@base@UModSys@@UBEIAAUSUniquePtrList@core@4@@Z 00402846 f i umodsys_lib_basesys:umodsys.basesys.rconsole_std.obj
 0001:0000184b       ?get_other_interface@RParameters@rsystem@base@UModSys@@UBEPBUIRoot@core@4@PBUSUniquePointerInfo@64@@Z 0040284b f i umodsys_lib_basesys:umodsys.basesys.rparameters.obj
 0001:0000184b       ?get_other_interface@RParameters@rsystem@base@UModSys@@UAEPAUIRoot@core@4@PBUSUniquePointerInfo@64@@Z 0040284b f i umodsys_lib_basesys:umodsys.basesys.rparameters.obj
 0001:0000186c       ?suicide@RModuleLibrary@rsystem@base@UModSys@@UAEXXZ 0040286c f i umodsys_lib_basesys:umodsys.basesys.rmodulelib.obj
 0001:0000186c       ?suicide@RParameters@rsystem@base@UModSys@@UAEXXZ 0040286c f i umodsys_lib_basesys:umodsys.basesys.rparameters.obj
 0001:00001877       ?find_elem@RParameters@rsystem@base@UModSys@@IAEPBUElem@1234@PBXHHHPBD@Z 00402877 f   umodsys_lib_basesys:umodsys.basesys.rparameters.obj
 0001:000018f0       ?estimate_size@RParameters@rsystem@base@UModSys@@IAEHAAUElem@1234@HPBDHH@Z 004028f0 f   umodsys_lib_basesys:umodsys.basesys.rparameters.obj
 0001:00001955       ?free_elems@RParameters@rsystem@base@UModSys@@IAEXPAXH@Z 00402955 f   umodsys_lib_basesys:umodsys.basesys.rparameters.obj
 0001:000019ad       ?alloc_elems@RParameters@rsystem@base@UModSys@@IAEXPAXH@Z 004029ad f   umodsys_lib_basesys:umodsys.basesys.rparameters.obj
 0001:000019fa       ?add_last@RParameters@rsystem@base@UModSys@@IAE_NPAUSParametersData@core@4@PBDPBXH@Z 004029fa f   umodsys_lib_basesys:umodsys.basesys.rparameters.obj
 0001:00001bbe       ?p_deinit@RParameters@rsystem@base@UModSys@@UAEXPAUSParametersData@core@4@@Z 00402bbe f   umodsys_lib_basesys:umodsys.basesys.rparameters.obj
 0001:00001c13       ?p_init@RParameters@rsystem@base@UModSys@@UAEXPAUSParametersData@core@4@H@Z 00402c13 f   umodsys_lib_basesys:umodsys.basesys.rparameters.obj
 0001:00001c57       ?p_init@RParameters@rsystem@base@UModSys@@UAEXPAUSParametersData@core@4@ABU564@@Z 00402c57 f   umodsys_lib_basesys:umodsys.basesys.rparameters.obj
 0001:00001cde       ?p_copy@RParameters@rsystem@base@UModSys@@UAEXPAUSParametersData@core@4@ABU564@@Z 00402cde f   umodsys_lib_basesys:umodsys.basesys.rparameters.obj
 0001:00001dd0       ?p_init_s@RParameters@rsystem@base@UModSys@@UAEXPAUSParametersData@core@4@PAXH@Z 00402dd0 f   umodsys_lib_basesys:umodsys.basesys.rparameters.obj
 0001:00001dfa       ?p_init_s@RParameters@rsystem@base@UModSys@@UAEXPAUSParametersData@core@4@ABU564@PAXH@Z 00402dfa f   umodsys_lib_basesys:umodsys.basesys.rparameters.obj
 0001:00001e63       ?next@RParameters@rsystem@base@UModSys@@UAE_NPBUSParametersData@core@4@AAPBD@Z 00402e63 f   umodsys_lib_basesys:umodsys.basesys.rparameters.obj
 0001:00001f06       ?next@RParameters@rsystem@base@UModSys@@UAE_NPBUSParametersData@core@4@AAU?$TString@U?$TSCoreConst@D@su@tl@UModSys@@U?$TComparerBinaryHash@D@234@@tl@4@@Z 00402f06 f   umodsys_lib_basesys:umodsys.basesys.rparameters.obj
 0001:00001fa7       ?add@RParameters@rsystem@base@UModSys@@UAE_NPAUSParametersData@core@4@PBD1@Z 00402fa7 f   umodsys_lib_basesys:umodsys.basesys.rparameters.obj
 0001:00001fbd       ?add@RParameters@rsystem@base@UModSys@@UAE_NPAUSParametersData@core@4@PBDH@Z 00402fbd f   umodsys_lib_basesys:umodsys.basesys.rparameters.obj
 0001:00001fd4       ?add@RParameters@rsystem@base@UModSys@@UAE_NPAUSParametersData@core@4@PBDABN@Z 00402fd4 f   umodsys_lib_basesys:umodsys.basesys.rparameters.obj
 0001:00001fea       ?add@RParameters@rsystem@base@UModSys@@UAE_NPAUSParametersData@core@4@PBDPAUIRefObject@64@@Z 00402fea f   umodsys_lib_basesys:umodsys.basesys.rparameters.obj
 0001:00002001       ?get@RParameters@rsystem@base@UModSys@@UAE_NPBUSParametersData@core@4@PBDAAPBD@Z 00403001 f   umodsys_lib_basesys:umodsys.basesys.rparameters.obj
 0001:00002055       ?get@RParameters@rsystem@base@UModSys@@UAE_NPBUSParametersData@core@4@PBDAAH@Z 00403055 f   umodsys_lib_basesys:umodsys.basesys.rparameters.obj
 0001:000020a9       ?get@RParameters@rsystem@base@UModSys@@UAE_NPBUSParametersData@core@4@PBDAAN@Z 004030a9 f   umodsys_lib_basesys:umodsys.basesys.rparameters.obj
 0001:000020fd       ?get@RParameters@rsystem@base@UModSys@@UAE_NPBUSParametersData@core@4@PBDAAPAUIRefObject@64@@Z 004030fd f   umodsys_lib_basesys:umodsys.basesys.rparameters.obj
 0001:00002151       ?ref_add@RParameters@rsystem@base@UModSys@@UBEXXZ 00403151 f   umodsys_lib_basesys:umodsys.basesys.rparameters.obj
 0001:00002155       ?ref_remove@RParameters@rsystem@base@UModSys@@UBEXXZ 00403155 f   umodsys_lib_basesys:umodsys.basesys.rparameters.obj
 0001:00002160       ?ref_links@RParameters@rsystem@base@UModSys@@UBEHXZ 00403160 f   umodsys_lib_basesys:umodsys.basesys.rparameters.obj
 0001:00002160       ?get_module_count@RModuleLibrary@rsystem@base@UModSys@@UBEIXZ 00403160 f   umodsys_lib_basesys:umodsys.basesys.rmodulelib.obj
 0001:00002160       ?get_console@RSystem@rsystem@base@UModSys@@UAEPAUIConsole@34@XZ 00403160 f   umodsys_lib_basesys:umodsys.basesys.rsystem.obj
 0001:00002164       ??4?$TString@U?$TSCoreConst@D@su@tl@UModSys@@U?$TComparerBinaryHash@D@234@@tl@UModSys@@QAEABU012@PBD@Z 00403164 f i umodsys_lib_basesys:umodsys.basesys.rparameters.obj
 0001:00002185       ??$shash@D@su@tl@UModSys@@YAHPBD@Z 00403185 f i umodsys_lib_basesys:umodsys.basesys.rparameters.obj
 0001:000021a1       ??$t_alloc@UIMemAlloc@core@UModSys@@@SMemChunk@core@UModSys@@QAE_NAAUIMemAlloc@12@IPBUSSourceContext@12@@Z 004031a1 f i umodsys_lib_basesys:umodsys.basesys.rparameters.obj
 0001:000021da       ?pfd_load@RModuleLibrary@rsystem@base@UModSys@@SAPAUIModuleLibraryReg@34@PAUPFD_Data@1234@ABU?$TString@U?$TSCoreConst@D@su@tl@UModSys@@U?$TComparerBinaryHash@D@234@@tl@4@@Z 004031da f   umodsys_lib_basesys:umodsys.basesys.rmodule.win32.obj
 0001:00002294       ?pfd_unload@RModuleLibrary@rsystem@base@UModSys@@SA_NPAUPFD_Data@1234@@Z 00403294 f   umodsys_lib_basesys:umodsys.basesys.rmodule.win32.obj
 0001:00002474       ??0?$U16String@$0BAAA@@syshlp@core@UModSys@@QAE@PBD@Z 00403474 f i umodsys_lib_basesys:umodsys.basesys.rmodule.win32.obj
 0001:000024a5       ?get_interface_info@RModuleLibrary@rsystem@base@UModSys@@UBEABUSUniquePointerInfo@core@4@XZ 004034a5 f i umodsys_lib_basesys:umodsys.basesys.rmodulelib.obj
 0001:000024ab       ?get_interface_type@RModuleLibrary@rsystem@base@UModSys@@UBEPBUSUniquePointerInfo@core@4@XZ 004034ab f i umodsys_lib_basesys:umodsys.basesys.rmodulelib.obj
 0001:000024b1       ?get_other_interface@RModuleLibrary@rsystem@base@UModSys@@UBEPBUIRoot@core@4@PBUSUniquePointerInfo@64@@Z 004034b1 f i umodsys_lib_basesys:umodsys.basesys.rmodulelib.obj
 0001:000024b1       ?get_other_interface@RModuleLibrary@rsystem@base@UModSys@@UAEPAUIRoot@core@4@PBUSUniquePointerInfo@64@@Z 004034b1 f i umodsys_lib_basesys:umodsys.basesys.rmodulelib.obj
 0001:000024d2       ?get_sys_libname@RModuleLibrary@rsystem@base@UModSys@@UBE?AU?$TString@U?$TSCoreConst@D@su@tl@UModSys@@U?$TComparerBinaryHash@D@234@@tl@4@XZ 004034d2 f   umodsys_lib_basesys:umodsys.basesys.rmodulelib.obj
 0001:000024ea       ?get_privmem@RModuleLibrary@rsystem@base@UModSys@@UBEPAUIMemAlloc@core@4@XZ 004034ea f   umodsys_lib_basesys:umodsys.basesys.rmodulelib.obj
 0001:000024ee       ?get_system@RModuleLibrary@rsystem@base@UModSys@@UBEPAUISystem@34@XZ 004034ee f   umodsys_lib_basesys:umodsys.basesys.rmodulelib.obj
 0001:000024f2       ?get_module@RModuleLibrary@rsystem@base@UModSys@@UBEPAUIModule@34@I@Z 004034f2 f   umodsys_lib_basesys:umodsys.basesys.rmodulelib.obj
 0001:00002508       ?lib_loaded@RModuleLibrary@rsystem@base@UModSys@@UBE_NXZ 00403508 f   umodsys_lib_basesys:umodsys.basesys.rmodulelib.obj
 0001:00002511       ?lib_load@RModuleLibrary@rsystem@base@UModSys@@UAE_NXZ 00403511 f   umodsys_lib_basesys:umodsys.basesys.rmodulelib.obj
 0001:0000252e       ?lib_unload@RModuleLibrary@rsystem@base@UModSys@@UAE_NXZ 0040352e f   umodsys_lib_basesys:umodsys.basesys.rmodulelib.obj
 0001:00002542       ?lib_findobjname@RModuleLibrary@rsystem@base@UModSys@@UAEIPBUSUniquePointerInfo@core@4@QAPBU564@I@Z 00403542 f   umodsys_lib_basesys:umodsys.basesys.rmodulelib.obj
 0001:00002590       ?lib_generate@RModuleLibrary@rsystem@base@UModSys@@UAE_NAAU?$TRefObject@UIRefObject@core@UModSys@@@tl@4@PBUSUniquePointerInfo@core@4@ABUSParameters@84@@Z 00403590 f   umodsys_lib_basesys:umodsys.basesys.rmodulelib.obj
 0001:000025cb       ?load0@RModuleLibrary@rsystem@base@UModSys@@QAE_NXZ 004035cb f   umodsys_lib_basesys:umodsys.basesys.rmodulelib.obj
 0001:0000262f       ?link@RModuleLibrary@rsystem@base@UModSys@@QAE_NXZ 0040362f f   umodsys_lib_basesys:umodsys.basesys.rmodulelib.obj
 0001:000027d0       ?unlink@RModuleLibrary@rsystem@base@UModSys@@QAE_NXZ 004037d0 f   umodsys_lib_basesys:umodsys.basesys.rmodulelib.obj
 0001:00002804       ?scan@RModuleLibrary@rsystem@base@UModSys@@QAE_NXZ 00403804 f   umodsys_lib_basesys:umodsys.basesys.rmodulelib.obj
 0001:00002853       ?save_db@RModuleLibrary@rsystem@base@UModSys@@QAE_NPAU_iobuf@@@Z 00403853 f   umodsys_lib_basesys:umodsys.basesys.rmodulelib.obj
 0001:000028c6       ?s_add@RModuleLibrary@rsystem@base@UModSys@@SA_NPAUISystem@34@AAU?$TArrayDynamic@U?$TRefObject@URModuleLibrary@rsystem@base@UModSys@@@tl@UModSys@@U?$TAllocator@USMemAlloc_Malloc@core@UModSys@@USCountCalcPower2@23@@23@@tl@4@PBD@Z 004038c6 f   umodsys_lib_basesys:umodsys.basesys.rmodulelib.obj
 0001:000029e4       ??0RModuleLibrary@rsystem@base@UModSys@@QAE@PAUISystem@23@PAUPFD_Data@0123@PAUIModuleLibraryReg@23@@Z 004039e4 f   umodsys_lib_basesys:umodsys.basesys.rmodulelib.obj
 0001:00002a2e       ??_ERModuleLibrary@rsystem@base@UModSys@@UAEPAXI@Z 00403a2e f i  CIL library: CIL module
 0001:00002a2e       ??_GRModuleLibrary@rsystem@base@UModSys@@UAEPAXI@Z 00403a2e f i umodsys_lib_basesys:umodsys.basesys.rmodulelib.obj
 0001:00002a9a       ??1?$TString@U?$TSCoreShared@USMemAlloc_Malloc@core@UModSys@@D@su@tl@UModSys@@U?$TComparerBinaryHash@D@234@@tl@UModSys@@QAE@XZ 00403a9a f i umodsys_lib_basesys:umodsys.basesys.rmodulelib.obj
 0001:00002a9f       ?ref_add@RModuleLibrary@rsystem@base@UModSys@@UBEXXZ 00403a9f f   umodsys_lib_basesys:umodsys.basesys.rmodulelib.obj
 0001:00002aa3       ?ref_remove@RModuleLibrary@rsystem@base@UModSys@@UBEXXZ 00403aa3 f   umodsys_lib_basesys:umodsys.basesys.rmodulelib.obj
 0001:00002aae       ?ref_links@RModuleLibrary@rsystem@base@UModSys@@UBEHXZ 00403aae f   umodsys_lib_basesys:umodsys.basesys.rmodulelib.obj
 0001:00002ab2       ??1?$TArrayDynamic@U?$TRefObject@URModule@rsystem@base@UModSys@@@tl@UModSys@@U?$TAllocator@USMemAlloc_Malloc@core@UModSys@@USCountCalcPower2@23@@23@@tl@UModSys@@QAE@XZ 00403ab2 f i umodsys_lib_basesys:umodsys.basesys.rmodulelib.obj
 0001:00002ad2       ?set@?$TString@U?$TSCoreShared@USMemAlloc_Malloc@core@UModSys@@D@su@tl@UModSys@@U?$TComparerBinaryHash@D@234@@tl@UModSys@@QAEXPBD@Z 00403ad2 f i umodsys_lib_basesys:umodsys.basesys.rmodulelib.obj
 0001:00002b49       ?info_release@?$TSCoreShared@USMemAlloc_Malloc@core@UModSys@@D@su@tl@UModSys@@QAEXXZ 00403b49 f i umodsys_lib_basesys:umodsys.basesys.rmodulelib.obj
 0001:00002b73       ?push@?$TArrayDynamic@U?$TRefObject@URModuleLibrary@rsystem@base@UModSys@@@tl@UModSys@@U?$TAllocator@USMemAlloc_Malloc@core@UModSys@@USCountCalcPower2@23@@23@@tl@UModSys@@QAE_NABU?$TRefObject@URModuleLibrary@rsystem@base@UModSys@@@23@@Z 00403b73 f i umodsys_lib_basesys:umodsys.basesys.rmodulelib.obj
 0001:00002bb7       ??$t_realloc_array@U?$TRefObject@URModuleLibrary@rsystem@base@UModSys@@@tl@UModSys@@@?$TAllocator@USMemAlloc_Malloc@core@UModSys@@USCountCalcPower2@23@@tl@UModSys@@QAE_NAAPAU?$TRefObject@URModuleLibrary@rsystem@base@UModSys@@@12@AAIIPAUSSourceContext@core@2@@Z 00403bb7 f i umodsys_lib_basesys:umodsys.basesys.rmoduleloader.obj
 0001:00002bb7       ??$t_realloc_array@U?$TRefObject@URModule@rsystem@base@UModSys@@@tl@UModSys@@@?$TAllocator@USMemAlloc_Malloc@core@UModSys@@USCountCalcPower2@23@@tl@UModSys@@QAE_NAAPAU?$TRefObject@URModule@rsystem@base@UModSys@@@12@AAIIPAUSSourceContext@core@2@@Z 00403bb7 f i umodsys_lib_basesys:umodsys.basesys.rmodulelib.obj
 0001:00002bec       ?get_interface_info@RModule@rsystem@base@UModSys@@UBEABUSUniquePointerInfo@core@4@XZ 00403bec f i umodsys_lib_basesys:umodsys.basesys.rmodule.obj
 0001:00002bf2       ?get_interface_type@RModule@rsystem@base@UModSys@@UBEPBUSUniquePointerInfo@core@4@XZ 00403bf2 f i umodsys_lib_basesys:umodsys.basesys.rmodule.obj
 0001:00002bf8       ?get_other_interface@RModule@rsystem@base@UModSys@@UAEPAUIRoot@core@4@PBUSUniquePointerInfo@64@@Z 00403bf8 f i umodsys_lib_basesys:umodsys.basesys.rmodule.obj
 0001:00002bf8       ?get_other_interface@RModule@rsystem@base@UModSys@@UBEPBUIRoot@core@4@PBUSUniquePointerInfo@64@@Z 00403bf8 f i umodsys_lib_basesys:umodsys.basesys.rmodule.obj
 0001:00002c19       ?suicide@RModule@rsystem@base@UModSys@@UAEXXZ 00403c19 f i umodsys_lib_basesys:umodsys.basesys.rmodule.obj
 0001:00002c55       ?get_library@RModule@rsystem@base@UModSys@@UBEPAUIModuleLibrary@34@XZ 00403c55 f   umodsys_lib_basesys:umodsys.basesys.rmodule.obj
 0001:00002c59       ?get_info@RModule@rsystem@base@UModSys@@UBEABUSModuleInfo@34@XZ 00403c59 f   umodsys_lib_basesys:umodsys.basesys.rmodule.obj
 0001:00002c5d       ?is_open@RModule@rsystem@base@UModSys@@UBE_NXZ 00403c5d f   umodsys_lib_basesys:umodsys.basesys.rmodule.obj
 0001:00002c76       ?open@RModule@rsystem@base@UModSys@@UAE_NXZ 00403c76 f   umodsys_lib_basesys:umodsys.basesys.rmodule.obj
 0001:00002cc6       ?close@RModule@rsystem@base@UModSys@@UAE_NXZ 00403cc6 f   umodsys_lib_basesys:umodsys.basesys.rmodule.obj
 0001:00002d03       ?reg@RModule@rsystem@base@UModSys@@UAE_NPAUIModObject@34@_N@Z 00403d03 f   umodsys_lib_basesys:umodsys.basesys.rmodule.obj
 0001:00002d2d       ?reg@RModule@rsystem@base@UModSys@@UAE_NPAUIGenerator@34@_N@Z 00403d2d f   umodsys_lib_basesys:umodsys.basesys.rmodule.obj
 0001:00002d70       ?mod_findobjname@RModule@rsystem@base@UModSys@@UAEIPBUSUniquePointerInfo@core@4@QAPBU564@I@Z 00403d70 f   umodsys_lib_basesys:umodsys.basesys.rmodule.obj
 0001:00002de4       ?mod_generate@RModule@rsystem@base@UModSys@@UAE_NAAU?$TRefObject@UIRefObject@core@UModSys@@@tl@4@PBUSUniquePointerInfo@core@4@ABUSParameters@84@@Z 00403de4 f   umodsys_lib_basesys:umodsys.basesys.rmodule.obj
 0001:00002ed6       ?reg_generator@RModule@rsystem@base@UModSys@@QAE_NPAUModuleObjInfo@1234@PAUIGenerator@34@@Z 00403ed6 f   umodsys_lib_basesys:umodsys.basesys.rmodule.obj
 0001:00003045       ?reg_obj@RModule@rsystem@base@UModSys@@QAEPAUModuleObjInfo@1234@PAUIModObject@34@@Z 00404045 f   umodsys_lib_basesys:umodsys.basesys.rmodule.obj
 0001:00003149       ?unreg_obj@RModule@rsystem@base@UModSys@@QAE_NPAUIModObject@34@@Z 00404149 f   umodsys_lib_basesys:umodsys.basesys.rmodule.obj
 0001:000031db       ?alloc_minfo@RModule@rsystem@base@UModSys@@QAE_NABUSModuleInfo@34@@Z 004041db f   umodsys_lib_basesys:umodsys.basesys.rmodule.obj
 0001:0000324e       ?save_db@RModule@rsystem@base@UModSys@@QAE_NPAU_iobuf@@@Z 0040424e f   umodsys_lib_basesys:umodsys.basesys.rmodule.obj
 0001:000033c9       ??0RModule@rsystem@base@UModSys@@QAE@PAURModuleLibrary@123@PAUIModuleReg@23@@Z 004043c9 f   umodsys_lib_basesys:umodsys.basesys.rmodule.obj
 0001:00003451       ??_GRModule@rsystem@base@UModSys@@UAEPAXI@Z 00404451 f i umodsys_lib_basesys:umodsys.basesys.rmodule.obj
 0001:00003451       ??_ERModule@rsystem@base@UModSys@@UAEPAXI@Z 00404451 f i  CIL library: CIL module
 0001:0000349b       ?ref_add@RModule@rsystem@base@UModSys@@UBEXXZ 0040449b f   umodsys_lib_basesys:umodsys.basesys.rmodule.obj
 0001:0000349f       ?ref_remove@RModule@rsystem@base@UModSys@@UBEXXZ 0040449f f   umodsys_lib_basesys:umodsys.basesys.rmodule.obj
 0001:000034aa       ?ref_links@RModule@rsystem@base@UModSys@@UBEHXZ 004044aa f   umodsys_lib_basesys:umodsys.basesys.rmodule.obj
 0001:000034ae       ??1?$TArrayDynamic@UModuleObjInfo@RModule@rsystem@base@UModSys@@U?$TAllocator@USMemAlloc_Malloc@core@UModSys@@USCountCalcPower2@23@@tl@5@@tl@UModSys@@QAE@XZ 004044ae f i umodsys_lib_basesys:umodsys.basesys.rmodule.obj
 0001:000034ce       ??1?$TArrayDynamic@UGeneratedObjInfo@RModule@rsystem@base@UModSys@@U?$TAllocator@USMemAlloc_Malloc@core@UModSys@@USCountCalcPower2@23@@tl@5@@tl@UModSys@@QAE@XZ 004044ce f i umodsys_lib_basesys:umodsys.basesys.rmodule.obj
 0001:000034ee       ??1?$TArrayDynamic@PBUSUniquePointerInfo@core@UModSys@@U?$TAllocator@USMemAlloc_Malloc@core@UModSys@@USCountCalcPower2@23@@tl@3@@tl@UModSys@@QAE@XZ 004044ee f i umodsys_lib_basesys:umodsys.basesys.rmodule.obj
 0001:0000350e       ?resize@?$TArrayDynamic@UModuleObjInfo@RModule@rsystem@base@UModSys@@U?$TAllocator@USMemAlloc_Malloc@core@UModSys@@USCountCalcPower2@23@@tl@5@@tl@UModSys@@QAE_NI@Z 0040450e f i umodsys_lib_basesys:umodsys.basesys.rmodule.obj
 0001:0000358a       ?resize@?$TArrayDynamic@UGeneratedObjInfo@RModule@rsystem@base@UModSys@@U?$TAllocator@USMemAlloc_Malloc@core@UModSys@@USCountCalcPower2@23@@tl@5@@tl@UModSys@@QAE_NI@Z 0040458a f i umodsys_lib_basesys:umodsys.basesys.rmodule.obj
 0001:000035fa       ?resize@?$TArrayDynamic@PBUSUniquePointerInfo@core@UModSys@@U?$TAllocator@USMemAlloc_Malloc@core@UModSys@@USCountCalcPower2@23@@tl@3@@tl@UModSys@@QAE_NI@Z 004045fa f i umodsys_lib_basesys:umodsys.basesys.rmodule.obj
 0001:00003643       ??1IModuleLibrary@base@UModSys@@UAE@XZ 00404643 f   umodsys_lib_base:umodsys.base.module.obj
 0001:00003643       ??1IModule@base@UModSys@@UAE@XZ 00404643 f   umodsys_lib_base:umodsys.base.module.obj
 0001:00003643       ??1ISystem@base@UModSys@@UAE@XZ 00404643 f   umodsys_lib_base:umodsys.base.system.obj
 0001:0000364a       ??0SUniquePointer@core@UModSys@@QAE@PBD0H@Z 0040464a f   umodsys_lib_core:umodsys.core.uniqueptr.obj
 0001:0000368a       ??1SUniquePointer@core@UModSys@@QAE@XZ 0040468a f   umodsys_lib_core:umodsys.core.uniqueptr.obj
 0001:000036a8       ?c_fopen@syshlp@core@UModSys@@YAPAU_iobuf@@PBD0@Z 004046a8 f   umodsys_lib_core:umodsys.core.syshlp_files.win32.obj
 0001:00003716       ?gracial_cpy@syshlp@core@UModSys@@YA_NPADHQAPBDH@Z 00404716 f   umodsys_lib_core:umodsys.core.syshlp_chars.win32.obj
 0001:00003799       ?gracial_cpy@syshlp@core@UModSys@@YA_NPA_WHQAPB_WH@Z 00404799 f   umodsys_lib_core:umodsys.core.syshlp_chars.win32.obj
 0001:00003829       ?path_uni_os@syshlp@core@UModSys@@YAXPA_W@Z 00404829 f   umodsys_lib_core:umodsys.core.syshlp_chars.win32.obj
 0001:00003840       ?gracial_convert@syshlp@core@UModSys@@YA_NPA_WHPBDH@Z 00404840 f   umodsys_lib_core:umodsys.core.syshlp_charcode.win32.obj
 0001:0000386d       ?gracial_convert@syshlp@core@UModSys@@YA_NPADHPB_WH@Z 0040486d f   umodsys_lib_core:umodsys.core.syshlp_charcode.win32.obj
 0001:0000389d       __onexit                   0040489d f   MSVCRT:atonexit.obj
 0001:00003942       _atexit                    00404942 f   MSVCRT:atonexit.obj
 0001:00003bfb       _mainCRTStartup            00404bfb f   MSVCRT:crtexe.obj
 0001:00003c06       __purecall                 00404c06 f   MSVCRT:MSVCR90.dll
 0001:00003c0c       ??3@YAXPAX@Z               00404c0c f   MSVCRT:MSVCR90.dll
 0001:00003c12       ??_Etype_info@@UAEPAXI@Z   00404c12 f i MSVCRT:ti_inst.obj
 0001:00003c5e       ??2@YAPAXI@Z               00404c5e f   MSVCRT:MSVCR90.dll
 0001:00003c64       __unlock                   00404c64 f   MSVCRT:MSVCR90.dll
 0001:00003c6a       ___dllonexit               00404c6a f   MSVCRT:MSVCR90.dll
 0001:00003c70       __lock                     00404c70 f   MSVCRT:MSVCR90.dll
 0001:00003c78       __SEH_prolog4              00404c78 f   MSVCRT:sehprolg4.obj
 0001:00003cbd       __SEH_epilog4              00404cbd f   MSVCRT:sehprolg4.obj
 0001:00003cd1       __except_handler4          00404cd1 f   MSVCRT:chandler4gs.obj
 0001:00003cf6       ?__CxxUnhandledExceptionFilter@@YGJPAU_EXCEPTION_POINTERS@@@Z 00404cf6 f   MSVCRT:unhandld.obj
 0001:00003d38       ___CxxSetUnhandledExceptionFilter 00404d38 f   MSVCRT:unhandld.obj
 0001:00003d46       __amsg_exit                00404d46 f   MSVCRT:MSVCR90.dll
 0001:00003d4c       __RTC_Initialize           00404d4c f   MSVCRT:_initsect_.obj
 0001:00003d72       __RTC_Terminate            00404d72 f   MSVCRT:_initsect_.obj
 0001:00003d98       __XcptFilter               00404d98 f   MSVCRT:MSVCR90.dll
 0001:00003da0       __ValidateImageBase        00404da0 f   MSVCRT:pesect.obj
 0001:00003de0       __FindPESection            00404de0 f   MSVCRT:pesect.obj
 0001:00003e30       __IsNonwritableInCurrentImage 00404e30 f   MSVCRT:pesect.obj
 0001:00003eee       __initterm                 00404eee f   MSVCRT:MSVCR90.dll
 0001:00003ef4       __initterm_e               00404ef4 f   MSVCRT:MSVCR90.dll
 0001:00003efa       __setdefaultprecision      00404efa f   MSVCRT:fp8.obj
 0001:00003f25       ___security_init_cookie    00404f25 f   MSVCRT:gs_support.obj
 0001:00003fbb       ?__ArrayUnwind@@YGXPAXIHP6EX0@Z@Z 00404fbb f   MSVCRT:ehvecdtr.obj
 0001:00004019       ??_M@YGXPAXIHP6EX0@Z@Z     00405019 f   MSVCRT:ehvecdtr.obj
 0001:0000407c       @__security_check_cookie@4 0040507c f   MSVCRT:secchk.obj
 0001:0000408c       __except_handler4_common   0040508c f   MSVCRT:MSVCR90.dll
 0001:00004092       ?terminate@@YAXXZ          00405092 f   MSVCRT:MSVCR90.dll
 0001:00004098       __invoke_watson            00405098 f   MSVCRT:MSVCR90.dll
 0001:0000409e       __controlfp_s              0040509e f   MSVCRT:MSVCR90.dll
 0001:000040a4       ??1type_info@@UAE@XZ       004050a4 f   MSVCRT:MSVCR90.dll
 0001:000040a4       ?_type_info_dtor_internal_method@type_info@@QAEXXZ 004050a4 f   MSVCRT:MSVCR90.dll
 0001:000040aa       ___report_gsfailure        004050aa f   MSVCRT:gs_report.obj
 0001:000041b0       __crt_debugger_hook        004051b0 f   MSVCRT:MSVCR90.dll
 0001:000041b6       _memcpy                    004051b6 f   MSVCRT:MSVCR90.dll
 0001:000041c0       __chkstk                   004051c0 f   MSVCRT:chkstk.obj
 0001:000041c0       __alloca_probe             004051c0     MSVCRT:chkstk.obj
 0001:000041ec       ___CxxFrameHandler3        004051ec f   MSVCRT:MSVCR90.dll
 0001:000041f4       __EH_prolog                004051f4 f   MSVCRT:ehprolog.obj
 0001:00004214       __CxxThrowException@8      00405214 f   MSVCRT:MSVCR90.dll
 0002:00000000       __imp__UnhandledExceptionFilter@4 00406000     kernel32:KERNEL32.dll
 0002:00000004       __imp__GetCurrentProcess@0 00406004     kernel32:KERNEL32.dll
 0002:00000008       __imp__TerminateProcess@8  00406008     kernel32:KERNEL32.dll
 0002:0000000c       __imp__GetSystemTimeAsFileTime@4 0040600c     kernel32:KERNEL32.dll
 0002:00000010       __imp__GetCurrentProcessId@0 00406010     kernel32:KERNEL32.dll
 0002:00000014       __imp__GetCurrentThreadId@0 00406014     kernel32:KERNEL32.dll
 0002:00000018       __imp__GetTickCount@0      00406018     kernel32:KERNEL32.dll
 0002:0000001c       __imp__QueryPerformanceCounter@4 0040601c     kernel32:KERNEL32.dll
 0002:00000020       __imp__SetUnhandledExceptionFilter@4 00406020     kernel32:KERNEL32.dll
 0002:00000024       __imp__InterlockedCompareExchange@12 00406024     kernel32:KERNEL32.dll
 0002:00000028       __imp__Sleep@4             00406028     kernel32:KERNEL32.dll
 0002:0000002c       __imp__InterlockedExchange@8 0040602c     kernel32:KERNEL32.dll
 0002:00000030       __imp__MultiByteToWideChar@24 00406030     kernel32:KERNEL32.dll
 0002:00000034       __imp__WideCharToMultiByte@32 00406034     kernel32:KERNEL32.dll
 0002:00000038       __imp__FindNextFileW@8     00406038     kernel32:KERNEL32.dll
 0002:0000003c       __imp__FindClose@4         0040603c     kernel32:KERNEL32.dll
 0002:00000040       __imp__GetProcAddress@8    00406040     kernel32:KERNEL32.dll
 0002:00000044       __imp__LoadLibraryExW@12   00406044     kernel32:KERNEL32.dll
 0002:00000048       __imp__FreeLibrary@4       00406048     kernel32:KERNEL32.dll
 0002:0000004c       __imp__SetErrorMode@4      0040604c     kernel32:KERNEL32.dll
 0002:00000050       __imp__FindFirstFileW@8    00406050     kernel32:KERNEL32.dll
 0002:00000054       __imp__GetFullPathNameW@16 00406054     kernel32:KERNEL32.dll
 0002:00000058       __imp__IsDebuggerPresent@0 00406058     kernel32:KERNEL32.dll
 0002:0000005c       \177KERNEL32_NULL_THUNK_DATA 0040605c     kernel32:KERNEL32.dll
 0002:00000060       __imp___exit               00406060     MSVCRT:MSVCR90.dll
 0002:00000064       __imp___XcptFilter         00406064     MSVCRT:MSVCR90.dll
 0002:00000068       __imp__exit                00406068     MSVCRT:MSVCR90.dll
 0002:0000006c       __imp____initenv           0040606c     MSVCRT:MSVCR90.dll
 0002:00000070       __imp___initterm           00406070     MSVCRT:MSVCR90.dll
 0002:00000074       __imp___initterm_e         00406074     MSVCRT:MSVCR90.dll
 0002:00000078       __imp___configthreadlocale 00406078     MSVCRT:MSVCR90.dll
 0002:0000007c       __imp____setusermatherr    0040607c     MSVCRT:MSVCR90.dll
 0002:00000080       __imp___adjust_fdiv        00406080     MSVCRT:MSVCR90.dll
 0002:00000084       __imp___cexit              00406084     MSVCRT:MSVCR90.dll
 0002:00000088       __imp____p__fmode          00406088     MSVCRT:MSVCR90.dll
 0002:0000008c       __imp____set_app_type      0040608c     MSVCRT:MSVCR90.dll
 0002:00000090       __imp___except_handler4_common 00406090     MSVCRT:MSVCR90.dll
 0002:00000094       __imp_?terminate@@YAXXZ    00406094     MSVCRT:MSVCR90.dll
 0002:00000098       __imp___invoke_watson      00406098     MSVCRT:MSVCR90.dll
 0002:0000009c       __imp___controlfp_s        0040609c     MSVCRT:MSVCR90.dll
 0002:000000a0       __imp_?_type_info_dtor_internal_method@type_info@@QAEXXZ 004060a0     MSVCRT:MSVCR90.dll
 0002:000000a4       __imp___crt_debugger_hook  004060a4     MSVCRT:MSVCR90.dll
 0002:000000a8       __imp____getmainargs       004060a8     MSVCRT:MSVCR90.dll
 0002:000000ac       __imp___amsg_exit          004060ac     MSVCRT:MSVCR90.dll
 0002:000000b0       __imp___decode_pointer     004060b0     MSVCRT:MSVCR90.dll
 0002:000000b4       __imp___onexit             004060b4     MSVCRT:MSVCR90.dll
 0002:000000b8       __imp___lock               004060b8     MSVCRT:MSVCR90.dll
 0002:000000bc       __imp___encode_pointer     004060bc     MSVCRT:MSVCR90.dll
 0002:000000c0       __imp____dllonexit         004060c0     MSVCRT:MSVCR90.dll
 0002:000000c4       __imp___unlock             004060c4     MSVCRT:MSVCR90.dll
 0002:000000c8       __imp___wfopen             004060c8     MSVCRT:MSVCR90.dll
 0002:000000cc       __imp__realloc             004060cc     MSVCRT:MSVCR90.dll
 0002:000000d0       __imp__fprintf             004060d0     MSVCRT:MSVCR90.dll
 0002:000000d4       __imp__strncpy             004060d4     MSVCRT:MSVCR90.dll
 0002:000000d8       __imp__strncmp             004060d8     MSVCRT:MSVCR90.dll
 0002:000000dc       __imp__memmove             004060dc     MSVCRT:MSVCR90.dll
 0002:000000e0       __imp_??2@YAPAXI@Z         004060e0     MSVCRT:MSVCR90.dll
 0002:000000e4       __imp___snprintf           004060e4     MSVCRT:MSVCR90.dll
 0002:000000e8       __imp__malloc              004060e8     MSVCRT:MSVCR90.dll
 0002:000000ec       __imp__free                004060ec     MSVCRT:MSVCR90.dll
 0002:000000f0       __imp__fclose              004060f0     MSVCRT:MSVCR90.dll
 0002:000000f4       __imp__vfprintf            004060f4     MSVCRT:MSVCR90.dll
 0002:000000f8       __imp_??3@YAXPAX@Z         004060f8     MSVCRT:MSVCR90.dll
 0002:000000fc       __imp___purecall           004060fc     MSVCRT:MSVCR90.dll
 0002:00000100       __imp____p__commode        00406100     MSVCRT:MSVCR90.dll
 0002:00000104       __imp____iob_func          00406104     MSVCRT:MSVCR90.dll
 0002:00000108       __imp__memcpy              00406108     MSVCRT:MSVCR90.dll
 0002:0000010c       __imp____CxxFrameHandler3  0040610c     MSVCRT:MSVCR90.dll
 0002:00000110       __imp___CxxThrowException@8 00406110     MSVCRT:MSVCR90.dll
 0002:00000114       \177MSVCR90_NULL_THUNK_DATA 00406114     MSVCRT:MSVCR90.dll
 0002:00000118       ___xc_a                    00406118     MSVCRT:cinitexe.obj
 0002:00000170       ___xc_z                    00406170     MSVCRT:cinitexe.obj
 0002:00000174       ___xi_a                    00406174     MSVCRT:cinitexe.obj
 0002:00000180       ___xi_z                    00406180     MSVCRT:cinitexe.obj
 0002:0000018c       ??_7type_info@@6B@         0040618c     MSVCRT:ti_inst.obj
 0002:00000198       ??_C@_0P@GHFPNOJB@bad?5allocation?$AA@ 00406198     umodsys.c_main.obj
 0002:000001a8       ??_C@_0BF@OCNNAADO@UModSys?3?3core?3?3IRoot?$AA@ 004061a8     umodsys.c_main.obj
 0002:000001c0       ??_C@_0BK@EMIJFOPA@UModSys?3?3core?3?3IRefObject?$AA@ 004061c0     umodsys.c_main.obj
 0002:000001dc       ??_C@_0BL@IOMMHELF@UModSys?3?3core?3?3IParameters?$AA@ 004061dc     umodsys.c_main.obj
 0002:000001f8       ??_C@_0BI@IKAOEFAP@UModSys?3?3base?3?3IConsole?$AA@ 004061f8     umodsys.c_main.obj
 0002:00000210       ??_C@_0BH@LKDEEPPM@UModSys?3?3base?3?3IModule?$AA@ 00406210     umodsys.c_main.obj
 0002:00000228       ??_C@_0BO@PHJOHFCB@UModSys?3?3base?3?3IModuleLibrary?$AA@ 00406228     umodsys.c_main.obj
 0002:00000248       ??_C@_0BH@PFCONEJJ@UModSys?3?3base?3?3ISystem?$AA@ 00406248     umodsys.c_main.obj
 0002:00000260       ??_C@_0BK@FDPIOPHG@UModSys?3?3base?3?3IModObject?$AA@ 00406260     umodsys.c_main.obj
 0002:0000027c       ??_C@_0BK@OIBKNCKJ@UModSys?3?3base?3?3IGenerator?$AA@ 0040627c     umodsys.c_main.obj
 0002:00000298       ??_C@_0BG@PJBGCMEC@UModSys?3?3base?3?3IShell?$AA@ 00406298     umodsys.c_main.obj
 0002:000002b0       ??_C@_0CA@MDFMKLLN@UModSys?3?3base?3?3rsystem?3?3RModule?$AA@ 004062b0     umodsys.c_main.obj
 0002:000002d0       ??_C@_0CH@CHECIBOC@UModSys?3?3base?3?3rsystem?3?3RModuleL@ 004062d0     umodsys.c_main.obj
 0002:000002f8       ??_C@_0CE@IHGMMEEA@UModSys?3?3base?3?3rsystem?3?3RParamet@ 004062f8     umodsys.c_main.obj
 0002:0000031c       ??_C@_0CA@IMEGDANI@UModSys?3?3base?3?3rsystem?3?3RSystem?$AA@ 0040631c     umodsys.c_main.obj
 0002:0000033c       ??_C@_0CF@KIMLNODL@UModSys?3?3base?3?3rsystem?3?3RConsole@ 0040633c     umodsys.c_main.obj
 0002:00000364       ??_C@_0M@DCEPEPFJ@umodsys?4log?$AA@ 00406364     umodsys.c_main.obj
 0002:00000370       ??_C@_00CNPNBAHC@?$AA@     00406370     umodsys.c_main.obj
 0002:00000374       ??_C@_01NBENCBCI@?$CK?$AA@ 00406374     umodsys.c_main.obj
 0002:00000378       ??_C@_0BC@JABDEAFI@moduledb?4conf?9hdb?$AA@ 00406378     umodsys.c_main.obj
 0002:0000038c       ??_C@_08FCBDOIAH@typeinfo?$AA@ 0040638c     umodsys.c_main.obj
 0002:00000398       ??_C@_02BKFDOEMK@wt?$AA@   00406398     umodsys_lib_basesys:umodsys.basesys.rconsole_std.obj
 0002:000003a0       ??_7IRoot@core@UModSys@@6B@ 004063a0     umodsys_lib_basesys:umodsys.basesys.rconsole_std.obj
 0002:000003bc       ??_7RConsole_std@rsystem@base@UModSys@@6B@ 004063bc     umodsys_lib_basesys:umodsys.basesys.rconsole_std.obj
 0002:000003f8       ??_C@_04HIBGFPH@NULL?$AA@  004063f8     umodsys_lib_basesys:umodsys.basesys.rsystem_main.obj
 0002:00000400       ??_C@_0L@FPKIMPHA@?$CD?$CF08x?5?$CC?$CFs?$CC?$AA@ 00406400     umodsys_lib_basesys:umodsys.basesys.rsystem_main.obj
 0002:0000040c       ??_C@_0BC@HBJCAHHB@EFatal?5?$CD?$CF08x?5?$CC?$CFs?$CC?$AA@ 0040640c     umodsys_lib_basesys:umodsys.basesys.rsystem_main.obj
 0002:00000420       ??_C@_0BE@IIJFBNID@EWarning?5?$CD?$CF08x?5?$CC?$CFs?$CC?$AA@ 00406420     umodsys_lib_basesys:umodsys.basesys.rsystem_main.obj
 0002:00000434       ??_C@_0BB@KFMJENMO@RSystem?3?3init?$CI?$CJ?6?$AA@ 00406434     umodsys_lib_basesys:umodsys.basesys.rsystem_main.obj
 0002:00000448       ??_C@_0BI@FKDCNCM@RSystem?3?3exec_args?$CI?$CFd?$CJ?6?$AA@ 00406448     umodsys_lib_basesys:umodsys.basesys.rsystem_main.obj
 0002:00000460       ??_C@_0BG@NFAKDFBG@RSystem?3?3exec_main?$CI?$CJ?6?$AA@ 00406460     umodsys_lib_basesys:umodsys.basesys.rsystem_main.obj
 0002:00000478       ??_C@_0BD@CKNOJECK@RSystem?3?3deinit?$CI?$CJ?6?$AA@ 00406478     umodsys_lib_basesys:umodsys.basesys.rsystem_main.obj
 0002:0000048c       ??_C@_0CF@JPBAHPOH@RSystem?3?3dump_upis?$CI?$CJ?5?$HLS?3?$CFd?5C?3?$CFd?$HN@ 0040648c     umodsys_lib_basesys:umodsys.basesys.rsystem_main.obj
 0002:000004b4       ??_C@_0P@IOHPGEIC@?5?5?$CFu?5upi?5NULL?6?$AA@ 004064b4     umodsys_lib_basesys:umodsys.basesys.rsystem_main.obj
 0002:000004c4       ??_C@_0BI@BNCFOLP@?5?5?$CFu?5?$CFp?5upi?$HL?$CFs?5?$CFs?$CI?$CFd?$CJ?$HN?6?$AA@ 004064c4     umodsys_lib_basesys:umodsys.basesys.rsystem_main.obj
 0002:000004dc       ??_C@_0BJ@LINIAOAF@RSystem?3?3dump_upis?$CI?$CJ?5?1?5?6?$AA@ 004064dc     umodsys_lib_basesys:umodsys.basesys.rsystem_main.obj
 0002:000004fc       ??_7EExceptionBase@core@UModSys@@6B@ 004064fc     umodsys_lib_basesys:umodsys.basesys.rsystem_main.obj
 0002:00000508       ??_7EFatal@core@UModSys@@6B@ 00406508     umodsys_lib_basesys:umodsys.basesys.rsystem_main.obj
 0002:00000514       ??_7EWarning@core@UModSys@@6B@ 00406514     umodsys_lib_basesys:umodsys.basesys.rsystem_main.obj
 0002:00000520       ??_7?$TRMemAlloc_CC@U?$TMemAllocHeader@USMagic@mem_headers@rsystem@base@UModSys@@U?$TPool@X@2345@USDebug@2345@UVoid@core@5@@rsystem@base@UModSys@@USMemAlloc_Malloc@core@4@@rsystem@base@UModSys@@6B@ 00406520     umodsys_lib_basesys:umodsys.basesys.rsystem_main.obj
 0002:00000530       ??_7RSystem@rsystem@base@UModSys@@6BISystem@23@@ 00406530     umodsys_lib_basesys:umodsys.basesys.rsystem_main.obj
 0002:0000056c       ??_7RSystem@rsystem@base@UModSys@@6BIUniquePointerResolver@core@3@@ 0040656c     umodsys_lib_basesys:umodsys.basesys.rsystem_main.obj
 0002:00000578       ??_7RSystem@rsystem@base@UModSys@@6BISourceContextAdapter@core@3@@ 00406578     umodsys_lib_basesys:umodsys.basesys.rsystem_main.obj
 0002:0000057c       ??_C@_0BC@NNHIIPO@shells?5found?3?5?$CFd?6?$AA@ 0040657c     umodsys_lib_basesys:umodsys.basesys.rsystem_tests.obj
 0002:00000590       ??_C@_0BA@EBBPOIJG@?5?5shell?3?5?$CFp?5?$CFs?6?$AA@ 00406590     umodsys_lib_basesys:umodsys.basesys.rsystem_tests.obj
 0002:000005a0       ??_C@_0BF@JPMHOAKE@?5?5?5?5shell?5gen?5error?6?$AA@ 004065a0     umodsys_lib_basesys:umodsys.basesys.rsystem_tests.obj
 0002:000005b8       ??_C@_0BL@NANLGMEE@?5?5?5?5shell?5generated?5as?5?$CFp?6?$AA@ 004065b8     umodsys_lib_basesys:umodsys.basesys.rsystem_tests.obj
 0002:000005d4       ??_C@_0BD@NFNPGOAG@?1shells?5found?3?5?$CFd?6?$AA@ 004065d4     umodsys_lib_basesys:umodsys.basesys.rsystem_tests.obj
 0002:000005e8       ??_C@_0DG@DMGFJEPO@RModuleLoader?3?3moduledb_cleanup?$CI@ 004065e8     umodsys_lib_basesys:umodsys.basesys.rmoduleloader.obj
 0002:00000620       ??_C@_02GMLFBBN@wb?$AA@    00406620     umodsys_lib_basesys:umodsys.basesys.rmoduleloader.obj
 0002:00000624       ??_C@_0BN@BDEAMLC@?$CD?5LIST?5OF?5LIBRARY?5MODULES?3?6?6?$AA@ 00406624     umodsys_lib_basesys:umodsys.basesys.rmoduleloader.obj
 0002:00000644       ??_C@_0BF@PLOHEFDA@?5?$HL?5mod_list?$DN?$CFd?3?$FL?$FN?5?$HN?6?$AA@ 00406644     umodsys_lib_basesys:umodsys.basesys.rmoduleloader.obj
 0002:00000664       ??_7IModuleLoader@base@UModSys@@6B@ 00406664     umodsys_lib_basesys:umodsys.basesys.rmoduleloader.obj
 0002:000006a4       ??_7RModuleLoader@rsystem@base@UModSys@@6B@ 004066a4     umodsys_lib_basesys:umodsys.basesys.rmoduleloader.obj
 0002:000006e4       ??_7RParameters@rsystem@base@UModSys@@6B@ 004066e4     umodsys_lib_basesys:umodsys.basesys.rparameters.obj
 0002:0000074c       ??_C@_0BJ@IHGOMCFA@_UModSys_Plugin_Entry2?$EA0?$AA@ 0040674c     umodsys_lib_basesys:umodsys.basesys.rmodule.win32.obj
 0002:00000768       ??_C@_0CI@IABKIJLA@?5?5?5?5?5?5?5?5?5?5load?5so?$CI?$CC?$CFs?$CC?$CJ?5?$HL?$CFp?0?5?$CFp?$HN@ 00406768     umodsys_lib_basesys:umodsys.basesys.rmodule.win32.obj
 0002:00000790       ??_C@_0BP@EBMDLOGD@?5?5?5?5?5?5?5?5?5?5unload?5so?$CI?$HL?$CFp?0?5?$CFp?$HN?$CJ?6?$AA@ 00406790     umodsys_lib_basesys:umodsys.basesys.rmodule.win32.obj
 0002:000007b0       ??_C@_0BB@GJHPNFEC@scan?5so?3?5?$CC?$CFs?$CFs?$CC?6?$AA@ 004067b0     umodsys_lib_basesys:umodsys.basesys.rmodule.win32.obj
 0002:000007c4       ??_C@_0N@LFKMDJGP@?5?5so?3?5?$CC?$CFls?$CC?6?$AA@ 004067c4     umodsys_lib_basesys:umodsys.basesys.rmodule.win32.obj
 0002:000007d4       ??_C@_0BC@GMLCPHOK@?1scan?5so?3?5?$CC?$CFs?$CFs?$CC?6?$AA@ 004067d4     umodsys_lib_basesys:umodsys.basesys.rmodule.win32.obj
 0002:000007e8       ??_C@_04HLONOPDM@?4dll?$AA@ 004067e8     umodsys_lib_basesys:umodsys.basesys.rmodule.win32.obj
 0002:000007f0       ??_C@_0CK@FNJGHFOD@RModuleLibrary?$CI?$CFp?$CJ?3?3link?$CI?$CJ?5?9?9?5ad@ 004067f0     umodsys_lib_basesys:umodsys.basesys.rmodulelib.obj
 0002:0000081c       ??_C@_0BA@LBGMEMKJ@LIBRARY?5?$CC?$CFs?$CC?5?$HL?6?$AA@ 0040681c     umodsys_lib_basesys:umodsys.basesys.rmodulelib.obj
 0002:0000082c       ??_C@_0BH@CLNAAMEM@?$HN?5?$CD?5END?5LIBRARY?5?$CC?$CFs?$CC?6?6?$AA@ 0040682c     umodsys_lib_basesys:umodsys.basesys.rmodulelib.obj
 0002:00000844       ??_C@_0M@KEHKBKEH@?5?5so?3?5?$CC?$CFs?$CC?6?$AA@ 00406844     umodsys_lib_basesys:umodsys.basesys.rmodulelib.obj
 0002:00000850       ??_C@_0BF@IKAEAMGP@?5?5?5?5so?5loaded?3?5?$CC?$CFs?$CC?6?$AA@ 00406850     umodsys_lib_basesys:umodsys.basesys.rmodulelib.obj
 0002:00000868       ??_C@_0O@MCPOKEFF@?5?5?5?5so?5added?6?$AA@ 00406868     umodsys_lib_basesys:umodsys.basesys.rmodulelib.obj
 0002:00000878       ??_C@_0BE@BFONLBBI@?5?5?5?5so?5dup?5with?5?$CFd?6?$AA@ 00406878     umodsys_lib_basesys:umodsys.basesys.rmodulelib.obj
 0002:00000894       ??_7RModuleLibrary@rsystem@base@UModSys@@6B@ 00406894     umodsys_lib_basesys:umodsys.basesys.rmodulelib.obj
 0002:000008e4       ??_C@_0BF@KDHHIHAN@RModule?$CI?$CFp?$CJ?3?3open?$CI?$CJ?6?$AA@ 004068e4     umodsys_lib_basesys:umodsys.basesys.rmodule.obj
 0002:000008fc       ??_C@_0BG@HADBHJOP@RModule?$CI?$CFp?$CJ?3?3close?$CI?$CJ?6?$AA@ 004068fc     umodsys_lib_basesys:umodsys.basesys.rmodule.obj
 0002:00000914       ??_C@_0BK@FNONNOFM@RModule?$CI?$CFp?$CJ?3?3?5pre?9loaded?6?$AA@ 00406914     umodsys_lib_basesys:umodsys.basesys.rmodule.obj
 0002:00000930       ??_C@_0CE@HBBEEAED@RModule?$CI?$CFp?$CJ?3?3generate?$CI?$CJ?5?$HL?5gen?$DN?$CFp@ 00406930     umodsys_lib_basesys:umodsys.basesys.rmodule.obj
 0002:00000954       ??_C@_0DL@FHDKGKAD@RModule?$CI?$CFp?$CJ?3?3reg_generator?$CI?$CFs?5?$CFp@ 00406954     umodsys_lib_basesys:umodsys.basesys.rmodule.obj
 0002:00000990       ??_C@_0DL@ECFHLNEB@RModule?$CI?$CFp?$CJ?3?3reg_generator?$CI?$CFs?5?$CFp@ 00406990     umodsys_lib_basesys:umodsys.basesys.rmodule.obj
 0002:000009cc       ??_C@_0DI@EBNLDEPD@RModule?$CI?$CFp?$CJ?3?3reg_obj?$CI?$CFs?5?$CFp?$CJ?5?9?9?5?$HL@ 004069cc     umodsys_lib_basesys:umodsys.basesys.rmodule.obj
 0002:00000a08       ??_C@_0GC@IAELDHPB@RModule?$CI?$CFp?$CJ?3?3reg_obj?$CI?$CFs?5?$CFp?$CJ?5?9?9?5i@ 00406a08     umodsys_lib_basesys:umodsys.basesys.rmodule.obj
 0002:00000a6c       ??_C@_0CM@JCLMIGEB@RModule?$CI?$CFp?$CJ?3?3reg_obj?$CI?$CFs?5?$CFp?$CJ?5?9?9?5a@ 00406a6c     umodsys_lib_basesys:umodsys.basesys.rmodule.obj
 0002:00000a98       ??_C@_0DK@NJCECDIC@RModule?$CI?$CFp?$CJ?3?3unreg_obj?$CI?$CFs?5?$CFp?$CJ?5?9?9@ 00406a98     umodsys_lib_basesys:umodsys.basesys.rmodule.obj
 0002:00000ad8       ??_C@_0GE@MGLAJHFG@RModule?$CI?$CFp?$CJ?3?3unreg_obj?$CI?$CFs?5?$CFp?$CJ?5?9?9@ 00406ad8     umodsys_lib_basesys:umodsys.basesys.rmodule.obj
 0002:00000b3c       ??_C@_0CO@DAMPCAGA@RModule?3?3alloc_minfo?$CI?$HL?$CC?$CFs?$CC?0?5?$CC?$CFs?$CC@ 00406b3c     umodsys_lib_basesys:umodsys.basesys.rmodule.obj
 0002:00000b6c       ??_C@_0BG@HANHHGHE@?5?5MODULE?5?$CFs?$CI?$CFd?0?$CFd?$CJ?5?$HL?6?$AA@ 00406b6c     umodsys_lib_basesys:umodsys.basesys.rmodule.obj
 0002:00000b84       ??_C@_0CI@FMDENPAM@RModule?$CI?$CFp?$CJ?3?3save_db?$CI?4?4?4?$CJ?5?9?9?5?$HL?5?$CF@ 00406b84     umodsys_lib_basesys:umodsys.basesys.rmodule.obj
 0002:00000bac       ??_C@_0BN@CFNKPKCH@?5?5?5?5MODOBJECT?5?$CFs?$CI?$CFd?$CJ?5?$CFs?$CI?$CFd?$CJ?6?$AA@ 00406bac     umodsys_lib_basesys:umodsys.basesys.rmodule.obj
 0002:00000bcc       ??_C@_0BP@BJFGMFNK@?5?5?5?5GENERATOR?5?$CFs?$CI?$CFd?$CJ?5?$CFs?$CI?$CFd?$CJ?5?$HL?6?$AA@ 00406bcc     umodsys_lib_basesys:umodsys.basesys.rmodule.obj
 0002:00000bec       ??_C@_0BK@DNNMLLHP@?5?5?5?5?5?5REFOBJECT?5?$CFs?$CI?$CFd?$CJ?5?$HL?6?$AA@ 00406bec     umodsys_lib_basesys:umodsys.basesys.rmodule.obj
 0002:00000c08       ??_C@_0BF@CJPCFEEB@?5?5?5?5?5?5?5?5TYPE?5?$CFs?$CI?$CFd?$CJ?6?$AA@ 00406c08     umodsys_lib_basesys:umodsys.basesys.rmodule.obj
 0002:00000c20       ??_C@_0BM@PFPEFHDC@?5?5?5?5?5?5?$HN?5?$CD?5REFOBJECT?5?$CFs?$CI?$CFd?$CJ?6?$AA@ 00406c20     umodsys_lib_basesys:umodsys.basesys.rmodule.obj
 0002:00000c3c       ??_C@_0CB@PCDHJLII@?5?5?5?5?$HN?5?$CD?5GENERATOR?5?$CFs?$CI?$CFd?$CJ?5?$CFs?$CI?$CFd?$CJ?6@ 00406c3c     umodsys_lib_basesys:umodsys.basesys.rmodule.obj
 0002:00000c60       ??_C@_0BI@OGBPJMLO@?5?5?$HN?5?$CD?5MODULE?5?$CFs?$CI?$CFd?0?$CFd?$CJ?6?$AA@ 00406c60     umodsys_lib_basesys:umodsys.basesys.rmodule.obj
 0002:00000c7c       ??_7RModule@rsystem@base@UModSys@@6B@ 00406c7c     umodsys_lib_basesys:umodsys.basesys.rmodule.obj
 0002:00000cc8       __load_config_used         00406cc8     MSVCRT:loadcfg.obj
 0002:00000d10       ??_R4type_info@@6B@        00406d10     MSVCRT:ti_inst.obj
 0002:00000d24       ??_R3type_info@@8          00406d24     MSVCRT:ti_inst.obj
 0002:00000d34       ??_R2type_info@@8          00406d34     MSVCRT:ti_inst.obj
 0002:00000d3c       ??_R1A@?0A@EA@type_info@@8 00406d3c     MSVCRT:ti_inst.obj
 0002:00000d58       ??_R4RConsole_std@rsystem@base@UModSys@@6B@ 00406d58     umodsys_lib_basesys:umodsys.basesys.rconsole_std.obj
 0002:00000d6c       ??_R3RConsole_std@rsystem@base@UModSys@@8 00406d6c     umodsys_lib_basesys:umodsys.basesys.rconsole_std.obj
 0002:00000d7c       ??_R2RConsole_std@rsystem@base@UModSys@@8 00406d7c     umodsys_lib_basesys:umodsys.basesys.rconsole_std.obj
 0002:00000d90       ??_R1A@?0A@EA@RConsole_std@rsystem@base@UModSys@@8 00406d90     umodsys_lib_basesys:umodsys.basesys.rconsole_std.obj
 0002:00000dac       ??_R3IConsole@base@UModSys@@8 00406dac     umodsys_lib_basesys:umodsys.basesys.rconsole_std.obj
 0002:00000dbc       ??_R2IConsole@base@UModSys@@8 00406dbc     umodsys_lib_basesys:umodsys.basesys.rconsole_std.obj
 0002:00000dcc       ??_R1A@?0A@EA@IConsole@base@UModSys@@8 00406dcc     umodsys_lib_basesys:umodsys.basesys.rconsole_std.obj
 0002:00000de8       ??_R3IRefObject@core@UModSys@@8 00406de8     umodsys_lib_basesys:umodsys.basesys.rconsole_std.obj
 0002:00000df8       ??_R2IRefObject@core@UModSys@@8 00406df8     umodsys_lib_basesys:umodsys.basesys.rconsole_std.obj
 0002:00000e04       ??_R1A@?0A@EA@IRefObject@core@UModSys@@8 00406e04     umodsys_lib_basesys:umodsys.basesys.rconsole_std.obj
 0002:00000e20       ??_R4IRoot@core@UModSys@@6B@ 00406e20     umodsys_lib_basesys:umodsys.basesys.rconsole_std.obj
 0002:00000e34       ??_R3IRoot@core@UModSys@@8 00406e34     umodsys_lib_basesys:umodsys.basesys.rconsole_std.obj
 0002:00000e44       ??_R2IRoot@core@UModSys@@8 00406e44     umodsys_lib_basesys:umodsys.basesys.rconsole_std.obj
 0002:00000e4c       ??_R1A@?0A@EA@IRoot@core@UModSys@@8 00406e4c     umodsys_lib_basesys:umodsys.basesys.rconsole_std.obj
 0002:00000e68       ??_R4RSystem@rsystem@base@UModSys@@6BISourceContextAdapter@core@3@@ 00406e68     umodsys_lib_basesys:umodsys.basesys.rsystem_main.obj
 0002:00000e7c       ??_R4RSystem@rsystem@base@UModSys@@6BIUniquePointerResolver@core@3@@ 00406e7c     umodsys_lib_basesys:umodsys.basesys.rsystem_main.obj
 0002:00000e90       ??_R4RSystem@rsystem@base@UModSys@@6BISystem@23@@ 00406e90     umodsys_lib_basesys:umodsys.basesys.rsystem_main.obj
 0002:00000ea4       ??_R3RSystem@rsystem@base@UModSys@@8 00406ea4     umodsys_lib_basesys:umodsys.basesys.rsystem_main.obj
 0002:00000eb4       ??_R2RSystem@rsystem@base@UModSys@@8 00406eb4     umodsys_lib_basesys:umodsys.basesys.rsystem_main.obj
 0002:00000ecc       ??_R17?0A@EA@ISourceContextAdapter@core@UModSys@@8 00406ecc     umodsys_lib_basesys:umodsys.basesys.rsystem_main.obj
 0002:00000ee8       ??_R13?0A@EA@IUniquePointerResolver@core@UModSys@@8 00406ee8     umodsys_lib_basesys:umodsys.basesys.rsystem_main.obj
 0002:00000f04       ??_R1A@?0A@EA@RSystem@rsystem@base@UModSys@@8 00406f04     umodsys_lib_basesys:umodsys.basesys.rsystem_main.obj
 0002:00000f20       ??_R4?$TRMemAlloc_CC@U?$TMemAllocHeader@USMagic@mem_headers@rsystem@base@UModSys@@U?$TPool@X@2345@USDebug@2345@UVoid@core@5@@rsystem@base@UModSys@@USMemAlloc_Malloc@core@4@@rsystem@base@UModSys@@6B@ 00406f20     umodsys_lib_basesys:umodsys.basesys.rsystem_main.obj
 0002:00000f34       ??_R3?$TRMemAlloc_CC@U?$TMemAllocHeader@USMagic@mem_headers@rsystem@base@UModSys@@U?$TPool@X@2345@USDebug@2345@UVoid@core@5@@rsystem@base@UModSys@@USMemAlloc_Malloc@core@4@@rsystem@base@UModSys@@8 00406f34     umodsys_lib_basesys:umodsys.basesys.rsystem_main.obj
 0002:00000f44       ??_R2?$TRMemAlloc_CC@U?$TMemAllocHeader@USMagic@mem_headers@rsystem@base@UModSys@@U?$TPool@X@2345@USDebug@2345@UVoid@core@5@@rsystem@base@UModSys@@USMemAlloc_Malloc@core@4@@rsystem@base@UModSys@@8 00406f44     umodsys_lib_basesys:umodsys.basesys.rsystem_main.obj
 0002:00000f54       ??_R13?0A@EA@SMemAlloc_Malloc@core@UModSys@@8 00406f54     umodsys_lib_basesys:umodsys.basesys.rsystem_main.obj
 0002:00000f70       ??_R3SMemAlloc_Malloc@core@UModSys@@8 00406f70     umodsys_lib_basesys:umodsys.basesys.rsystem_main.obj
 0002:00000f80       ??_R2SMemAlloc_Malloc@core@UModSys@@8 00406f80     umodsys_lib_basesys:umodsys.basesys.rsystem_main.obj
 0002:00000f88       ??_R1A@?0A@EA@SMemAlloc_Malloc@core@UModSys@@8 00406f88     umodsys_lib_basesys:umodsys.basesys.rsystem_main.obj
 0002:00000fa4       ??_R1A@?0A@EA@?$TRMemAlloc_CC@U?$TMemAllocHeader@USMagic@mem_headers@rsystem@base@UModSys@@U?$TPool@X@2345@USDebug@2345@UVoid@core@5@@rsystem@base@UModSys@@USMemAlloc_Malloc@core@4@@rsystem@base@UModSys@@8 00406fa4     umodsys_lib_basesys:umodsys.basesys.rsystem_main.obj
 0002:00000fc0       ??_R3IUniquePointerResolver@core@UModSys@@8 00406fc0     umodsys_lib_basesys:umodsys.basesys.rsystem_main.obj
 0002:00000fd0       ??_R2IUniquePointerResolver@core@UModSys@@8 00406fd0     umodsys_lib_basesys:umodsys.basesys.rsystem_main.obj
 0002:00000fd8       ??_R1A@?0A@EA@IUniquePointerResolver@core@UModSys@@8 00406fd8     umodsys_lib_basesys:umodsys.basesys.rsystem_main.obj
 0002:00000ff4       ??_R3ISourceContextAdapter@core@UModSys@@8 00406ff4     umodsys_lib_basesys:umodsys.basesys.rsystem_main.obj
 0002:00001004       ??_R2ISourceContextAdapter@core@UModSys@@8 00407004     umodsys_lib_basesys:umodsys.basesys.rsystem_main.obj
 0002:0000100c       ??_R1A@?0A@EA@ISourceContextAdapter@core@UModSys@@8 0040700c     umodsys_lib_basesys:umodsys.basesys.rsystem_main.obj
 0002:00001028       ??_R3ISystem@base@UModSys@@8 00407028     umodsys_lib_basesys:umodsys.basesys.rsystem_main.obj
 0002:00001038       ??_R2ISystem@base@UModSys@@8 00407038     umodsys_lib_basesys:umodsys.basesys.rsystem_main.obj
 0002:00001044       ??_R1A@?0A@EA@ISystem@base@UModSys@@8 00407044     umodsys_lib_basesys:umodsys.basesys.rsystem_main.obj
 0002:00001060       ??_R3IMemAlloc@core@UModSys@@8 00407060     umodsys_lib_basesys:umodsys.basesys.rsystem_main.obj
 0002:00001070       ??_R2IMemAlloc@core@UModSys@@8 00407070     umodsys_lib_basesys:umodsys.basesys.rsystem_main.obj
 0002:00001078       ??_R1A@?0A@EA@IMemAlloc@core@UModSys@@8 00407078     umodsys_lib_basesys:umodsys.basesys.rsystem_main.obj
 0002:00001094       ??_R4EWarning@core@UModSys@@6B@ 00407094     umodsys_lib_basesys:umodsys.basesys.rsystem_main.obj
 0002:000010a8       ??_R3EWarning@core@UModSys@@8 004070a8     umodsys_lib_basesys:umodsys.basesys.rsystem_main.obj
 0002:000010b8       ??_R2EWarning@core@UModSys@@8 004070b8     umodsys_lib_basesys:umodsys.basesys.rsystem_main.obj
 0002:000010c4       ??_R1A@?0A@EA@EWarning@core@UModSys@@8 004070c4     umodsys_lib_basesys:umodsys.basesys.rsystem_main.obj
 0002:000010e0       ??_R4EFatal@core@UModSys@@6B@ 004070e0     umodsys_lib_basesys:umodsys.basesys.rsystem_main.obj
 0002:000010f4       ??_R3EFatal@core@UModSys@@8 004070f4     umodsys_lib_basesys:umodsys.basesys.rsystem_main.obj
 0002:00001104       ??_R2EFatal@core@UModSys@@8 00407104     umodsys_lib_basesys:umodsys.basesys.rsystem_main.obj
 0002:00001110       ??_R1A@?0A@EA@EFatal@core@UModSys@@8 00407110     umodsys_lib_basesys:umodsys.basesys.rsystem_main.obj
 0002:0000112c       ??_R4EExceptionBase@core@UModSys@@6B@ 0040712c     umodsys_lib_basesys:umodsys.basesys.rsystem_main.obj
 0002:00001140       ??_R3EExceptionBase@core@UModSys@@8 00407140     umodsys_lib_basesys:umodsys.basesys.rsystem_main.obj
 0002:00001150       ??_R2EExceptionBase@core@UModSys@@8 00407150     umodsys_lib_basesys:umodsys.basesys.rsystem_main.obj
 0002:00001158       ??_R1A@?0A@EA@EExceptionBase@core@UModSys@@8 00407158     umodsys_lib_basesys:umodsys.basesys.rsystem_main.obj
 0002:00001174       ??_R4RModuleLoader@rsystem@base@UModSys@@6B@ 00407174     umodsys_lib_basesys:umodsys.basesys.rmoduleloader.obj
 0002:00001188       ??_R3RModuleLoader@rsystem@base@UModSys@@8 00407188     umodsys_lib_basesys:umodsys.basesys.rmoduleloader.obj
 0002:00001198       ??_R2RModuleLoader@rsystem@base@UModSys@@8 00407198     umodsys_lib_basesys:umodsys.basesys.rmoduleloader.obj
 0002:000011a4       ??_R1A@?0A@EA@RModuleLoader@rsystem@base@UModSys@@8 004071a4     umodsys_lib_basesys:umodsys.basesys.rmoduleloader.obj
 0002:000011c0       ??_R4IModuleLoader@base@UModSys@@6B@ 004071c0     umodsys_lib_basesys:umodsys.basesys.rmoduleloader.obj
 0002:000011d4       ??_R3IModuleLoader@base@UModSys@@8 004071d4     umodsys_lib_basesys:umodsys.basesys.rmoduleloader.obj
 0002:000011e4       ??_R2IModuleLoader@base@UModSys@@8 004071e4     umodsys_lib_basesys:umodsys.basesys.rmoduleloader.obj
 0002:000011ec       ??_R1A@?0A@EA@IModuleLoader@base@UModSys@@8 004071ec     umodsys_lib_basesys:umodsys.basesys.rmoduleloader.obj
 0002:00001208       ??_R4RParameters@rsystem@base@UModSys@@6B@ 00407208     umodsys_lib_basesys:umodsys.basesys.rparameters.obj
 0002:0000121c       ??_R3RParameters@rsystem@base@UModSys@@8 0040721c     umodsys_lib_basesys:umodsys.basesys.rparameters.obj
 0002:0000122c       ??_R2RParameters@rsystem@base@UModSys@@8 0040722c     umodsys_lib_basesys:umodsys.basesys.rparameters.obj
 0002:00001240       ??_R1A@?0A@EA@RParameters@rsystem@base@UModSys@@8 00407240     umodsys_lib_basesys:umodsys.basesys.rparameters.obj
 0002:0000125c       ??_R3IParameters@core@UModSys@@8 0040725c     umodsys_lib_basesys:umodsys.basesys.rparameters.obj
 0002:0000126c       ??_R2IParameters@core@UModSys@@8 0040726c     umodsys_lib_basesys:umodsys.basesys.rparameters.obj
 0002:0000127c       ??_R1A@?0A@EA@IParameters@core@UModSys@@8 0040727c     umodsys_lib_basesys:umodsys.basesys.rparameters.obj
 0002:00001298       ??_R4RModuleLibrary@rsystem@base@UModSys@@6B@ 00407298     umodsys_lib_basesys:umodsys.basesys.rmodulelib.obj
 0002:000012ac       ??_R3RModuleLibrary@rsystem@base@UModSys@@8 004072ac     umodsys_lib_basesys:umodsys.basesys.rmodulelib.obj
 0002:000012bc       ??_R2RModuleLibrary@rsystem@base@UModSys@@8 004072bc     umodsys_lib_basesys:umodsys.basesys.rmodulelib.obj
 0002:000012d0       ??_R1A@?0A@EA@RModuleLibrary@rsystem@base@UModSys@@8 004072d0     umodsys_lib_basesys:umodsys.basesys.rmodulelib.obj
 0002:000012ec       ??_R3IModuleLibrary@base@UModSys@@8 004072ec     umodsys_lib_basesys:umodsys.basesys.rmodulelib.obj
 0002:000012fc       ??_R2IModuleLibrary@base@UModSys@@8 004072fc     umodsys_lib_basesys:umodsys.basesys.rmodulelib.obj
 0002:0000130c       ??_R1A@?0A@EA@IModuleLibrary@base@UModSys@@8 0040730c     umodsys_lib_basesys:umodsys.basesys.rmodulelib.obj
 0002:00001328       ??_R4RModule@rsystem@base@UModSys@@6B@ 00407328     umodsys_lib_basesys:umodsys.basesys.rmodule.obj
 0002:0000133c       ??_R3RModule@rsystem@base@UModSys@@8 0040733c     umodsys_lib_basesys:umodsys.basesys.rmodule.obj
 0002:0000134c       ??_R2RModule@rsystem@base@UModSys@@8 0040734c     umodsys_lib_basesys:umodsys.basesys.rmodule.obj
 0002:00001360       ??_R1A@?0A@EA@RModule@rsystem@base@UModSys@@8 00407360     umodsys_lib_basesys:umodsys.basesys.rmodule.obj
 0002:0000137c       ??_R3IModule@base@UModSys@@8 0040737c     umodsys_lib_basesys:umodsys.basesys.rmodule.obj
 0002:0000138c       ??_R2IModule@base@UModSys@@8 0040738c     umodsys_lib_basesys:umodsys.basesys.rmodule.obj
 0002:0000139c       ??_R1A@?0A@EA@IModule@base@UModSys@@8 0040739c     umodsys_lib_basesys:umodsys.basesys.rmodule.obj
 0002:000013c0       ___safe_se_handler_table   004073c0     <linker-defined>
 0002:000013e8       ___rtc_iaa                 004073e8     MSVCRT:_initsect_.obj
 0002:000013ec       ___rtc_izz                 004073ec     MSVCRT:_initsect_.obj
 0002:000013f0       ___rtc_taa                 004073f0     MSVCRT:_initsect_.obj
 0002:000013f4       ___rtc_tzz                 004073f4     MSVCRT:_initsect_.obj
 0002:00001494       __CT??_R0?AUEFatal@core@UModSys@@@8??0EFatal@core@UModSys@@QAE@ABU012@@Z24 00407494     umodsys_lib_basesys:umodsys.basesys.rsystem_main.obj
 0002:000014b0       __CT??_R0?AUEExceptionBase@core@UModSys@@@8??0EExceptionBase@core@UModSys@@QAE@ABU012@@Z24 004074b0     umodsys_lib_basesys:umodsys.basesys.rsystem_main.obj
 0002:000014cc       __CTA2?AUEFatal@core@UModSys@@ 004074cc     umodsys_lib_basesys:umodsys.basesys.rsystem_main.obj
 0002:000014d8       __TI2?AUEFatal@core@UModSys@@ 004074d8     umodsys_lib_basesys:umodsys.basesys.rsystem_main.obj
 0002:000014e8       __CT??_R0?AUEWarning@core@UModSys@@@8??0EWarning@core@UModSys@@QAE@ABU012@@Z24 004074e8     umodsys_lib_basesys:umodsys.basesys.rsystem_main.obj
 0002:00001504       __CTA2?AUEWarning@core@UModSys@@ 00407504     umodsys_lib_basesys:umodsys.basesys.rsystem_main.obj
 0002:00001510       __TI2?AUEWarning@core@UModSys@@ 00407510     umodsys_lib_basesys:umodsys.basesys.rsystem_main.obj
 0002:00001754       __IMPORT_DESCRIPTOR_MSVCR90 00407754     MSVCRT:MSVCR90.dll
 0002:00001768       __IMPORT_DESCRIPTOR_KERNEL32 00407768     kernel32:KERNEL32.dll
 0002:0000177c       __NULL_IMPORT_DESCRIPTOR   0040777c     MSVCRT:MSVCR90.dll
 0003:00000000       ??_R0?AVtype_info@@@8      00408000     MSVCRT:ti_inst.obj
 0003:00000018       ___native_dllmain_reason   00408018     MSVCRT:natstart.obj
 0003:0000001c       ___native_vcclrit_reason   0040801c     MSVCRT:natstart.obj
[...]
 0003:00000138       ??_R0?AURSystem@rsystem@base@UModSys@@@8 00408138     umodsys_lib_basesys:umodsys.basesys.rsystem_main.obj
 0003:00000164       ??_R0?AUSMemAlloc_Malloc@core@UModSys@@@8 00408164     umodsys_lib_basesys:umodsys.basesys.rsystem_main.obj
 0003:00000190       ??_R0?AU?$TRMemAlloc_CC@U?$TMemAllocHeader@USMagic@mem_headers@rsystem@base@UModSys@@U?$TPool@X@2345@USDebug@2345@UVoid@core@5@@rsystem@base@UModSys@@USMemAlloc_Malloc@core@4@@rsystem@base@UModSys@@@8 00408190     umodsys_lib_basesys:umodsys.basesys.rsystem_main.obj
 0003:0000025c       ??_R0?AUIUniquePointerResolver@core@UModSys@@@8 0040825c     umodsys_lib_basesys:umodsys.basesys.rsystem_main.obj
 0003:00000290       ??_R0?AUISourceContextAdapter@core@UModSys@@@8 00408290     umodsys_lib_basesys:umodsys.basesys.rsystem_main.obj
 0003:000002c4       ??_R0?AUISystem@base@UModSys@@@8 004082c4     umodsys_lib_basesys:umodsys.basesys.rsystem_main.obj
 0003:000002e8       ??_R0?AUIMemAlloc@core@UModSys@@@8 004082e8     umodsys_lib_basesys:umodsys.basesys.rsystem_main.obj
 0003:00000310       ??_R0?AUEFatal@core@UModSys@@@8 00408310     umodsys_lib_basesys:umodsys.basesys.rsystem_main.obj
 0003:00000334       ??_R0?AUEExceptionBase@core@UModSys@@@8 00408334     umodsys_lib_basesys:umodsys.basesys.rsystem_main.obj
 0003:00000360       ??_R0?AUEWarning@core@UModSys@@@8 00408360     umodsys_lib_basesys:umodsys.basesys.rsystem_main.obj
 0003:00000384       ??_R0?AURModuleLoader@rsystem@base@UModSys@@@8 00408384     umodsys_lib_basesys:umodsys.basesys.rmoduleloader.obj
 0003:000003b8       ??_R0?AUIModuleLoader@base@UModSys@@@8 004083b8     umodsys_lib_basesys:umodsys.basesys.rmoduleloader.obj
 0003:000003e4       ??_R0?AURParameters@rsystem@base@UModSys@@@8 004083e4     umodsys_lib_basesys:umodsys.basesys.rparameters.obj
 0003:00000414       ??_R0?AUIParameters@core@UModSys@@@8 00408414     umodsys_lib_basesys:umodsys.basesys.rparameters.obj
 0003:0000043c       ??_R0?AURModuleLibrary@rsystem@base@UModSys@@@8 0040843c     umodsys_lib_basesys:umodsys.basesys.rmodulelib.obj
 0003:00000470       ??_R0?AUIModuleLibrary@base@UModSys@@@8 00408470     umodsys_lib_basesys:umodsys.basesys.rmodulelib.obj
 0003:0000049c       ?s_null@?1??get_null@?$TSCoreShared@USMemAlloc_Malloc@core@UModSys@@D@su@tl@UModSys@@SAPAU?$TSharedStringInfo@D@345@XZ@4U6345@A 0040849c     umodsys_lib_basesys:umodsys.basesys.rmodulelib.obj
 0003:000004ac       ??_R0?AURModule@rsystem@base@UModSys@@@8 004084ac     umodsys_lib_basesys:umodsys.basesys.rmodule.obj
 0003:000004d8       ??_R0?AUIModule@base@UModSys@@@8 004084d8     umodsys_lib_basesys:umodsys.basesys.rmodule.obj
 0003:00000520       __forceCRTManifestRTM      00408520     MSVCRT:crtmanifestrtm.obj
 0003:00000524       __dowildcard               00408524     MSVCRT:wildcard.obj
 0003:00000528       __newmode                  00408528     MSVCRT:_newmode.obj
 0003:0000052c       __commode                  0040852c     MSVCRT:xncommod.obj
 0003:00000530       __fmode                    00408530     MSVCRT:xtxtmode.obj
 0003:0000085c       ?rv@?1??get_default@SMemAlloc_Malloc@core@UModSys@@SAABU234@XZ@4U234@A 0040885c     umodsys_lib_basesys:umodsys.basesys.rsystem_main.obj
 0003:00000860       ?s_id@?$TObjectUniqueID@URConsole_std@rsystem@base@UModSys@@@tl@UModSys@@2USUniquePointer@core@3@A 00408860     umodsys.c_main.obj
 0003:00000878       ?s_id@?$TObjectUniqueID@UIRefObject@core@UModSys@@@tl@UModSys@@2USUniquePointer@core@3@A 00408878     umodsys.c_main.obj
 0003:00000890       ?s_id@?$TObjectUniqueID@UIRoot@core@UModSys@@@tl@UModSys@@2USUniquePointer@core@3@A 00408890     umodsys.c_main.obj
 0003:000008a8       ?s_id@?$TObjectUniqueID@URParameters@rsystem@base@UModSys@@@tl@UModSys@@2USUniquePointer@core@3@A 004088a8     umodsys.c_main.obj
 0003:000008c0       ?s_id@?$TObjectUniqueID@UIModule@base@UModSys@@@tl@UModSys@@2USUniquePointer@core@3@A 004088c0     umodsys.c_main.obj
 0003:000008d8       ?s_id@?$TObjectUniqueID@URModuleLibrary@rsystem@base@UModSys@@@tl@UModSys@@2USUniquePointer@core@3@A 004088d8     umodsys.c_main.obj
 0003:000008f0       ?s_id@?$TObjectUniqueID@UIGenerator@base@UModSys@@@tl@UModSys@@2USUniquePointer@core@3@A 004088f0     umodsys.c_main.obj
 0003:00000908       ?s_id@?$TObjectUniqueID@UIModuleLibrary@base@UModSys@@@tl@UModSys@@2USUniquePointer@core@3@A 00408908     umodsys.c_main.obj
 0003:00000920       ?s_null@?$TStaticStringPool@DU?$TComparerBinaryHash@D@su@tl@UModSys@@USMemAlloc_Malloc@core@4@@tl@UModSys@@2U?$TString@U?$TSCoreConst@D@su@tl@UModSys@@U?$TComparerBinaryHash@D@234@@23@A 00408920     umodsys.c_main.obj
 0003:0000092c       ?s_id@?$TObjectUniqueID@UIParameters@core@UModSys@@@tl@UModSys@@2USUniquePointer@core@3@A 0040892c     umodsys.c_main.obj
 0003:00000944       ?s_id@?$TObjectUniqueID@UISystem@base@UModSys@@@tl@UModSys@@2USUniquePointer@core@3@A 00408944     umodsys.c_main.obj
 0003:0000095c       ?s_id@?$TObjectUniqueID@URModule@rsystem@base@UModSys@@@tl@UModSys@@2USUniquePointer@core@3@A 0040895c     umodsys.c_main.obj
 0003:00000974       ?s_id@?$TObjectUniqueID@UIModObject@base@UModSys@@@tl@UModSys@@2USUniquePointer@core@3@A 00408974     umodsys.c_main.obj
 0003:0000098c       ?s_id@?$TObjectUniqueID@URSystem@rsystem@base@UModSys@@@tl@UModSys@@2USUniquePointer@core@3@A 0040898c     umodsys.c_main.obj
 0003:000009a4       ?s_id@?$TObjectUniqueID@UIShell@base@UModSys@@@tl@UModSys@@2USUniquePointer@core@3@A 004089a4     umodsys.c_main.obj
 0003:000009bc       ?s_id@?$TObjectUniqueID@UIConsole@base@UModSys@@@tl@UModSys@@2USUniquePointer@core@3@A 004089bc     umodsys.c_main.obj
 0003:000009d8       ?s_sys@RSystem@rsystem@base@UModSys@@2U1234@A 004089d8     umodsys_lib_basesys:umodsys.basesys.rsystem_main.obj
 0003:00000a74       ?M@UModSys@@3USModuleContext@base@1@A 00408a74     umodsys_lib_base:umodsys.base.modulecontext.obj
 0003:00000a80       ?root@SUniquePointer@core@UModSys@@2U123@A 00408a80     umodsys_lib_core:umodsys.core.uniqueptr.obj
 0003:00000a98       __adjust_fdiv              00408a98     <common>
 0003:00000a9c       ___native_startup_state    00408a9c     <common>
 0003:00000aa0       ___native_startup_lock     00408aa0     <common>
 0003:00000aa4       ___dyn_tls_init_callback   00408aa4     <common>
 0003:00000aa8       ___onexitend               00408aa8     <common>
 0003:00000aac       ___onexitbegin             00408aac     <common>

 entry point at        0001:00003bfb

 Static symbols

 0001:000022bf       ?s_pfd_scan@@YAIPAUISystem@base@UModSys@@AAU?$TArrayDynamic@U?$TRefObject@URModuleLibrary@rsystem@base@UModSys@@@tl@UModSys@@U?$TAllocator@USMemAlloc_Malloc@core@UModSys@@USCountCalcPower2@23@@23@@tl@3@PBD2@Z 004032bf f    CIL library: CIL module
 0001:00003959       _pre_cpp_init              00404959 f   MSVCRT:crtexe.obj
 0001:000039a4       ___tmainCRTStartup         004049a4 f   MSVCRT:crtexe.obj
 0001:00003b1a       _pre_c_init                00404b1a f   MSVCRT:crtexe.obj
 0001:00004220       __unwindfunclet$?suicide@RModule@rsystem@base@UModSys@@UAEXXZ$0 00405220 f    CIL library: CIL module
 0001:00004220       __unwindfunclet$??$t_moduledb_generate@UIShell@base@UModSys@@@IModuleLoader@base@UModSys@@QAE_NAAU?$TRefObject@UIShell@base@UModSys@@@tl@2@PBUSUniquePointerInfo@core@2@ABUSParameters@62@@Z$0 00405220 f    CIL library: CIL module
 0001:00004220       __unwindfunclet$?s_add@RModuleLibrary@rsystem@base@UModSys@@SA_NPAUISystem@34@AAU?$TArrayDynamic@U?$TRefObject@URModuleLibrary@rsystem@base@UModSys@@@tl@UModSys@@U?$TAllocator@USMemAlloc_Malloc@core@UModSys@@USCountCalcPower2@23@@23@@tl@4@PBD@Z$1 00405220 f    CIL library: CIL module
 0001:00004228       __ehhandler$??$t_moduledb_generate@UIShell@base@UModSys@@@IModuleLoader@base@UModSys@@QAE_NAAU?$TRefObject@UIShell@base@UModSys@@@tl@2@PBUSUniquePointerInfo@core@2@ABUSParameters@62@@Z 00405228 f    CIL library: CIL module
 0001:00004228       __ehhandler$?s_add@RModuleLibrary@rsystem@base@UModSys@@SA_NPAUISystem@34@AAU?$TArrayDynamic@U?$TRefObject@URModuleLibrary@rsystem@base@UModSys@@@tl@UModSys@@U?$TAllocator@USMemAlloc_Malloc@core@UModSys@@USCountCalcPower2@23@@23@@tl@4@PBD@Z 00405228 f    CIL library: CIL module
 0001:00004228       __ehhandler$?suicide@RModule@rsystem@base@UModSys@@UAEXXZ 00405228 f    CIL library: CIL module
 0001:00004232       __unwindfunclet$??1RSystem@rsystem@base@UModSys@@UAE@XZ$0 00405232 f    CIL library: CIL module
 0001:0000423a       __unwindfunclet$??1RSystem@rsystem@base@UModSys@@UAE@XZ$1 0040523a f    CIL library: CIL module
 0001:00004245       __unwindfunclet$??1RSystem@rsystem@base@UModSys@@UAE@XZ$2 00405245 f    CIL library: CIL module
 0001:00004250       __unwindfunclet$??1RSystem@rsystem@base@UModSys@@UAE@XZ$3 00405250 f    CIL library: CIL module
 0001:0000425b       __unwindfunclet$??1RSystem@rsystem@base@UModSys@@UAE@XZ$4 0040525b f    CIL library: CIL module
 0001:00004266       __unwindfunclet$??1RSystem@rsystem@base@UModSys@@UAE@XZ$5 00405266 f    CIL library: CIL module
 0001:00004271       __ehhandler$??1RSystem@rsystem@base@UModSys@@UAE@XZ 00405271 f    CIL library: CIL module
 0001:0000427b       __unwindfunclet$??0RSystem@rsystem@base@UModSys@@QAE@XZ$0 0040527b f    CIL library: CIL module
 0001:00004283       __unwindfunclet$??0RSystem@rsystem@base@UModSys@@QAE@XZ$1 00405283 f    CIL library: CIL module
 0001:0000428e       __unwindfunclet$??0RSystem@rsystem@base@UModSys@@QAE@XZ$2 0040528e f    CIL library: CIL module
 0001:00004299       __unwindfunclet$??0RSystem@rsystem@base@UModSys@@QAE@XZ$3 00405299 f    CIL library: CIL module
 0001:000042a4       __unwindfunclet$??0RSystem@rsystem@base@UModSys@@QAE@XZ$4 004052a4 f    CIL library: CIL module
 0001:000042af       __unwindfunclet$??0RSystem@rsystem@base@UModSys@@QAE@XZ$5 004052af f    CIL library: CIL module
 0001:000042ba       __unwindfunclet$??0RSystem@rsystem@base@UModSys@@QAE@XZ$6 004052ba f    CIL library: CIL module
 0001:000042c8       __unwindfunclet$??0RSystem@rsystem@base@UModSys@@QAE@XZ$7 004052c8 f    CIL library: CIL module
 0001:000042d5       __unwindfunclet$??0RSystem@rsystem@base@UModSys@@QAE@XZ$8 004052d5 f    CIL library: CIL module
 0001:000042e2       __ehhandler$??0RSystem@rsystem@base@UModSys@@QAE@XZ 004052e2 f    CIL library: CIL module
 0001:000042ec       __unwindfunclet$?mem_free@?$TRMemAlloc_CC@U?$TMemAllocHeader@USMagic@mem_headers@rsystem@base@UModSys@@U?$TPool@X@2345@USDebug@2345@UVoid@core@5@@rsystem@base@UModSys@@USMemAlloc_Malloc@core@4@@rsystem@base@UModSys@@UAEXPAXPBUSSourceContext@core@4@@Z$0 004052ec f    CIL library: CIL module
 0001:000042f4       __ehhandler$?mem_free@?$TRMemAlloc_CC@U?$TMemAllocHeader@USMagic@mem_headers@rsystem@base@UModSys@@U?$TPool@X@2345@USDebug@2345@UVoid@core@5@@rsystem@base@UModSys@@USMemAlloc_Malloc@core@4@@rsystem@base@UModSys@@UAEXPAXPBUSSourceContext@core@4@@Z 004052f4 f    CIL library: CIL module
 0001:000042fe       __unwindfunclet$?mem_realloc@?$TRMemAlloc_CC@U?$TMemAllocHeader@USMagic@mem_headers@rsystem@base@UModSys@@U?$TPool@X@2345@USDebug@2345@UVoid@core@5@@rsystem@base@UModSys@@USMemAlloc_Malloc@core@4@@rsystem@base@UModSys@@UAEPAXPAXIPBUSSourceContext@core@4@@Z$0 004052fe f    CIL library: CIL module
 0001:00004306       __unwindfunclet$?mem_realloc@?$TRMemAlloc_CC@U?$TMemAllocHeader@USMagic@mem_headers@rsystem@base@UModSys@@U?$TPool@X@2345@USDebug@2345@UVoid@core@5@@rsystem@base@UModSys@@USMemAlloc_Malloc@core@4@@rsystem@base@UModSys@@UAEPAXPAXIPBUSSourceContext@core@4@@Z$1 00405306 f    CIL library: CIL module
 0001:0000430e       __ehhandler$?mem_realloc@?$TRMemAlloc_CC@U?$TMemAllocHeader@USMagic@mem_headers@rsystem@base@UModSys@@U?$TPool@X@2345@USDebug@2345@UVoid@core@5@@rsystem@base@UModSys@@USMemAlloc_Malloc@core@4@@rsystem@base@UModSys@@UAEPAXPAXIPBUSSourceContext@core@4@@Z 0040530e f    CIL library: CIL module
 0001:00004318       __unwindfunclet$??0RModule@rsystem@base@UModSys@@QAE@PAURModuleLibrary@123@PAUIModuleReg@23@@Z$0 00405318 f    CIL library: CIL module
 0001:00004320       __unwindfunclet$??0RModule@rsystem@base@UModSys@@QAE@PAURModuleLibrary@123@PAUIModuleReg@23@@Z$1 00405320 f    CIL library: CIL module
 0001:0000432b       __unwindfunclet$??0RModule@rsystem@base@UModSys@@QAE@PAURModuleLibrary@123@PAUIModuleReg@23@@Z$2 0040532b f    CIL library: CIL module
 0001:00004336       __unwindfunclet$??0RModule@rsystem@base@UModSys@@QAE@PAURModuleLibrary@123@PAUIModuleReg@23@@Z$3 00405336 f    CIL library: CIL module
 0001:00004341       __ehhandler$??0RModule@rsystem@base@UModSys@@QAE@PAURModuleLibrary@123@PAUIModuleReg@23@@Z 00405341 f    CIL library: CIL module
 0001:0000434b       __unwindfunclet$??_GRModuleLibrary@rsystem@base@UModSys@@UAEPAXI@Z$0 0040534b f    CIL library: CIL module
 0001:00004353       __unwindfunclet$??_GRModuleLibrary@rsystem@base@UModSys@@UAEPAXI@Z$1 00405353 f    CIL library: CIL module
 0001:0000435e       __unwindfunclet$??_GRModuleLibrary@rsystem@base@UModSys@@UAEPAXI@Z$2 0040535e f    CIL library: CIL module
 0001:00004369       __unwindfunclet$??_GRModuleLibrary@rsystem@base@UModSys@@UAEPAXI@Z$3 00405369 f    CIL library: CIL module
 0001:00004374       __ehhandler$??_GRModuleLibrary@rsystem@base@UModSys@@UAEPAXI@Z 00405374 f    CIL library: CIL module
 0001:0000437e       __unwindfunclet$?link@RModuleLibrary@rsystem@base@UModSys@@QAE_NXZ$0 0040537e f    CIL library: CIL module
 0001:00004388       __ehhandler$?link@RModuleLibrary@rsystem@base@UModSys@@QAE_NXZ 00405388 f    CIL library: CIL module
 0001:00004392       __unwindfunclet$?exec_test_shells@RSystem@rsystem@base@UModSys@@QAE_NXZ$0 00405392 f    CIL library: CIL module
 0001:0000439d       __unwindfunclet$?exec_test_shells@RSystem@rsystem@base@UModSys@@QAE_NXZ$1 0040539d f    CIL library: CIL module
 0001:000043a8       __ehhandler$?exec_test_shells@RSystem@rsystem@base@UModSys@@QAE_NXZ 004053a8 f    CIL library: CIL module
 0001:000043b2       ??__E?s_id@?$TObjectUniqueID@UIRoot@core@UModSys@@@tl@UModSys@@2USUniquePointer@core@3@A@@YAXXZ 004053b2 f    CIL library: CIL module
 0001:000043cf       ??__E?s_id@?$TObjectUniqueID@UIRefObject@core@UModSys@@@tl@UModSys@@2USUniquePointer@core@3@A@@YAXXZ 004053cf f    CIL library: CIL module
 0001:000043ec       ??__E?s_id@?$TObjectUniqueID@UIParameters@core@UModSys@@@tl@UModSys@@2USUniquePointer@core@3@A@@YAXXZ 004053ec f    CIL library: CIL module
 0001:00004409       ??__E?s_id@?$TObjectUniqueID@UIConsole@base@UModSys@@@tl@UModSys@@2USUniquePointer@core@3@A@@YAXXZ 00405409 f    CIL library: CIL module
 0001:00004426       ??__E?s_id@?$TObjectUniqueID@UIModule@base@UModSys@@@tl@UModSys@@2USUniquePointer@core@3@A@@YAXXZ 00405426 f    CIL library: CIL module
 0001:00004443       ??__E?s_id@?$TObjectUniqueID@UIModuleLibrary@base@UModSys@@@tl@UModSys@@2USUniquePointer@core@3@A@@YAXXZ 00405443 f    CIL library: CIL module
 0001:00004460       ??__E?s_id@?$TObjectUniqueID@UISystem@base@UModSys@@@tl@UModSys@@2USUniquePointer@core@3@A@@YAXXZ 00405460 f    CIL library: CIL module
 0001:0000447d       ??__E?s_id@?$TObjectUniqueID@UIModObject@base@UModSys@@@tl@UModSys@@2USUniquePointer@core@3@A@@YAXXZ 0040547d f    CIL library: CIL module
 0001:0000449a       ??__E?s_id@?$TObjectUniqueID@UIGenerator@base@UModSys@@@tl@UModSys@@2USUniquePointer@core@3@A@@YAXXZ 0040549a f    CIL library: CIL module
 0001:000044b7       ??__E?s_id@?$TObjectUniqueID@UIShell@base@UModSys@@@tl@UModSys@@2USUniquePointer@core@3@A@@YAXXZ 004054b7 f    CIL library: CIL module
 0001:000044d4       ??__E?s_id@?$TObjectUniqueID@URModule@rsystem@base@UModSys@@@tl@UModSys@@2USUniquePointer@core@3@A@@YAXXZ 004054d4 f    CIL library: CIL module
 0001:000044f1       ??__E?s_id@?$TObjectUniqueID@URModuleLibrary@rsystem@base@UModSys@@@tl@UModSys@@2USUniquePointer@core@3@A@@YAXXZ 004054f1 f    CIL library: CIL module
 0001:0000450e       ??__E?s_id@?$TObjectUniqueID@URParameters@rsystem@base@UModSys@@@tl@UModSys@@2USUniquePointer@core@3@A@@YAXXZ 0040550e f    CIL library: CIL module
 0001:0000452b       ??__E?s_id@?$TObjectUniqueID@URSystem@rsystem@base@UModSys@@@tl@UModSys@@2USUniquePointer@core@3@A@@YAXXZ 0040552b f    CIL library: CIL module
 0001:00004548       ??__E?s_id@?$TObjectUniqueID@URConsole_std@rsystem@base@UModSys@@@tl@UModSys@@2USUniquePointer@core@3@A@@YAXXZ 00405548 f    CIL library: CIL module
 0001:00004565       ??__E?s_console@RConsole_std@rsystem@base@UModSys@@2U1234@A@@YAXXZ 00405565 f    CIL library: CIL module
 0001:00004571       ??__E?s_sys@RSystem@rsystem@base@UModSys@@2U1234@A@@YAXXZ 00405571 f    CIL library: CIL module
 0001:00004582       ??__Ersys_dbg@rsystem@base@UModSys@@YAXXZ 00405582 f    CIL library: CIL module
 0001:0000458e       ??__EM@UModSys@@YAXXZ      0040558e f    CIL library: CIL module
 0001:0000459a       ??__E?root@SUniquePointer@core@UModSys@@2U123@A@@YAXXZ 0040559a f    CIL library: CIL module
 0001:000045a6       ??__F?s_id@?$TObjectUniqueID@URConsole_std@rsystem@base@UModSys@@@tl@UModSys@@2USUniquePointer@core@3@A@@YAXXZ 004055a6 f    CIL library: CIL module
 0001:000045b0       ??__F?s_id@?$TObjectUniqueID@URSystem@rsystem@base@UModSys@@@tl@UModSys@@2USUniquePointer@core@3@A@@YAXXZ 004055b0 f    CIL library: CIL module
 0001:000045ba       ??__F?s_id@?$TObjectUniqueID@URParameters@rsystem@base@UModSys@@@tl@UModSys@@2USUniquePointer@core@3@A@@YAXXZ 004055ba f    CIL library: CIL module
 0001:000045c4       ??__F?s_id@?$TObjectUniqueID@URModuleLibrary@rsystem@base@UModSys@@@tl@UModSys@@2USUniquePointer@core@3@A@@YAXXZ 004055c4 f    CIL library: CIL module
 0001:000045ce       ??__F?s_id@?$TObjectUniqueID@URModule@rsystem@base@UModSys@@@tl@UModSys@@2USUniquePointer@core@3@A@@YAXXZ 004055ce f    CIL library: CIL module
 0001:000045d8       ??__F?s_id@?$TObjectUniqueID@UIShell@base@UModSys@@@tl@UModSys@@2USUniquePointer@core@3@A@@YAXXZ 004055d8 f    CIL library: CIL module
 0001:000045e2       ??__F?s_id@?$TObjectUniqueID@UIGenerator@base@UModSys@@@tl@UModSys@@2USUniquePointer@core@3@A@@YAXXZ 004055e2 f    CIL library: CIL module
 0001:000045ec       ??__F?s_id@?$TObjectUniqueID@UIModObject@base@UModSys@@@tl@UModSys@@2USUniquePointer@core@3@A@@YAXXZ 004055ec f    CIL library: CIL module
 0001:000045f6       ??__F?s_id@?$TObjectUniqueID@UISystem@base@UModSys@@@tl@UModSys@@2USUniquePointer@core@3@A@@YAXXZ 004055f6 f    CIL library: CIL module
 0001:00004600       ??__F?s_id@?$TObjectUniqueID@UIModuleLibrary@base@UModSys@@@tl@UModSys@@2USUniquePointer@core@3@A@@YAXXZ 00405600 f    CIL library: CIL module
 0001:0000460a       ??__F?s_id@?$TObjectUniqueID@UIModule@base@UModSys@@@tl@UModSys@@2USUniquePointer@core@3@A@@YAXXZ 0040560a f    CIL library: CIL module
 0001:00004614       ??__F?s_id@?$TObjectUniqueID@UIConsole@base@UModSys@@@tl@UModSys@@2USUniquePointer@core@3@A@@YAXXZ 00405614 f    CIL library: CIL module
 0001:0000461e       ??__F?s_id@?$TObjectUniqueID@UIParameters@core@UModSys@@@tl@UModSys@@2USUniquePointer@core@3@A@@YAXXZ 0040561e f    CIL library: CIL module
 0001:00004628       ??__F?s_id@?$TObjectUniqueID@UIRefObject@core@UModSys@@@tl@UModSys@@2USUniquePointer@core@3@A@@YAXXZ 00405628 f    CIL library: CIL module
 0001:00004632       ??__F?s_id@?$TObjectUniqueID@UIRoot@core@UModSys@@@tl@UModSys@@2USUniquePointer@core@3@A@@YAXXZ 00405632 f    CIL library: CIL module
 0001:0000463c       ??__F?s_console@RConsole_std@rsystem@base@UModSys@@2U1234@A@@YAXXZ 0040563c f    CIL library: CIL module
 0001:00004649       ??__F?s_sys@RSystem@rsystem@base@UModSys@@2U1234@A@@YAXXZ 00405649 f    CIL library: CIL module
 0001:00004654       ??__Frsys_dbg@rsystem@base@UModSys@@YAXXZ 00405654 f    CIL library: CIL module
 0001:0000466b       ??__FM@UModSys@@YAXXZ      0040566b f    CIL library: CIL module
 0001:0000466c       ??__F?root@SUniquePointer@core@UModSys@@2U123@A@@YAXXZ 0040566c f    CIL library: CIL module
