 umodsysc

 Timestamp is 52bc3986 (Thu Dec 26 17:13:26 2013)

 Preferred load address is 00400000

 Start         Length     Name                   Class
 0001:00000000 0000daa0H .text                   CODE
 0001:0000daa0 00000508H .text$x                 CODE
 0001:0000dfa8 000006deH .text$yc                CODE
 0001:0000e686 00000295H .text$yd                CODE
 0002:00000000 00000154H .idata$5                DATA
 0002:00000154 00000004H .CRT$XCA                DATA
 0002:00000158 00000004H .CRT$XCAA               DATA
 0002:0000015c 000002ccH .CRT$XCU                DATA
 0002:00000428 00000004H .CRT$XCZ                DATA
 0002:0000042c 00000004H .CRT$XIA                DATA
 0002:00000430 00000004H .CRT$XIAA               DATA
 0002:00000434 00000004H .CRT$XIY                DATA
 0002:00000438 00000004H .CRT$XIZ                DATA
 0002:00000440 00001a30H .rdata                  DATA
 0002:00001e70 00001324H .rdata$r                DATA
 0002:000031a0 000000b8H .rdata$sxdata           DATA
 0002:00003258 00000004H .rtc$IAA                DATA
 0002:0000325c 00000004H .rtc$IZZ                DATA
 0002:00003260 00000004H .rtc$TAA                DATA
 0002:00003264 00000004H .rtc$TZZ                DATA
 0002:00003268 00000a44H .xdata$x                DATA
 0002:00003cac 00000028H .idata$2                DATA
 0002:00003cd4 00000014H .idata$3                DATA
 0002:00003ce8 00000154H .idata$4                DATA
 0002:00003e3c 00000554H .idata$6                DATA
 0002:00004390 00000058H .edata                  DATA
 0003:00000000 00000cd0H .data                   DATA
 0003:00000cd0 000029f0H .bss                    DATA

  Address         Publics by Value              Rva+Base       Lib:Object

 0000:00000000       __except_list              00000000     <absolute>
 0000:0000002e       ___safe_se_handler_count   0000002e     <absolute>
 0000:00009876       __ldused                   00009876     <absolute>
 0000:00009876       __fltused                  00009876     <absolute>
 0000:00000000       ___ImageBase               00400000     <linker-defined>
 0001:00000000       ??$slen@D@su@tl@UModSys@@YAIPBD@Z 00401000 f i umodsys.c_main.obj
 0001:00000019       _main                      00401019 f   umodsys.c_main.obj
 0001:0000018b       ??0?$TString@U?$TSCoreConst@D@su@tl@UModSys@@U?$TComparerBinaryHash@D@234@@tl@UModSys@@QAE@PBD@Z 0040118b f i umodsys.c_main.obj
 0001:000001b0       ?update@?$TComparerBinaryHash@D@su@tl@UModSys@@QAEXPBDI@Z 004011b0 f i umodsys.c_main.obj
 0001:000001e7       ?link@SCMemShared@core@UModSys@@QAE_NPAUSMemorySharedData@23@PAUSSourceContext@23@@Z 004011e7 f i umodsys_lib_libmedia:umodsys.mod.media.stdio.obj
 0001:000001e7       ?link@SMemShared@core@UModSys@@QAE_NPAUSMemorySharedData@23@PAUSSourceContext@23@@Z 004011e7 f i umodsys_lib_libmedia:umodsys.mod.media.stdio.obj
 0001:0000020c       ??6SUniquePtrList@core@UModSys@@QAEAAU012@PBUSUniquePointerInfo@12@@Z 0040120c f i umodsys_lib_libmedia:umodsys.mod.media.stdio.obj
 0001:00000228       ??2IRoot@core@UModSys@@SAPAXIABUSIMemAlloc@12@@Z 00401228 f i umodsys_lib_libmedia:umodsys.mod.media.stdio.obj
 0001:0000024a       ??3IRoot@core@UModSys@@SAXPAXABUSIMemAlloc@12@@Z 0040124a f i umodsys_lib_libmedia:umodsys.mod.media.stdio.obj
 0001:00000263       ?_root_get_other_interface@IRefObject@core@UModSys@@IBEPBUIRoot@23@PBUSUniquePointerInfo@23@@Z 00401263 f i umodsys_lib_libmedia:umodsys.mod.media.stdio.obj
 0001:00000263       ?_root_get_other_interface@IRefObject@core@UModSys@@IAEPAUIRoot@23@PBUSUniquePointerInfo@23@@Z 00401263 f i umodsys_lib_libmedia:umodsys.mod.media.stdio.obj
 0001:00000284       ?_root_get_interface_types@IRefObject@core@UModSys@@SAIAAUSUniquePtrList@23@@Z 00401284 f i umodsys_lib_libmedia:umodsys.mod.media.stdio.obj
 0001:000002a4       ?_root_is_interface_supported@IRefObject@core@UModSys@@SA_NPBUSUniquePointerInfo@23@@Z 004012a4 f i umodsys_lib_libmedia:umodsys.mod.media.stdio.obj
 0001:000002bb       ?get@SParameters@core@UModSys@@QBE_NPBDAA_N@Z 004012bb f i umodsys_lib_libmedia:umodsys.mod.media.stdio.obj
 0001:000002ed       ?_root_is_interface_supported@IGenerator@base@UModSys@@SA_NPBUSUniquePointerInfo@core@3@@Z 004012ed f i umodsys_lib_libmedia:umodsys.mod.media.stdio.obj
 0001:0000030d       ??1?$TStringBuf@U?$TSCoreShared@USIMemAlloc@core@UModSys@@D@su@tl@UModSys@@U?$TComparerBinaryHash@D@234@@tl@UModSys@@QAE@XZ 0040130d f i umodsys_lib_libmedia:umodsys.mod.media.stdlib.obj
 0001:0000030d       ??1?$TString@U?$TSCoreShared@USIMemAlloc@core@UModSys@@D@su@tl@UModSys@@U?$TComparerBinaryHash@D@234@@tl@UModSys@@QAE@XZ 0040130d f i umodsys_lib_libmedia:umodsys.mod.media.stdio.obj
 0001:0000030d       ??1?$TSCoreShared@USIMemAlloc@core@UModSys@@D@su@tl@UModSys@@QAE@XZ 0040130d f i umodsys_lib_libmedia:umodsys.mod.media.stdio.obj
 0001:00000312       ?_root_get_interface_types@IBinArchive@libmedia@UModSys@@SAIAAUSUniquePtrList@core@3@@Z 00401312 f i umodsys_lib_libmedia:umodsys.mod.media.stdio.obj
 0001:00000334       ?_root_is_interface_supported@IBinArchive@libmedia@UModSys@@SA_NPBUSUniquePointerInfo@core@3@@Z 00401334 f i umodsys_lib_libmedia:umodsys.mod.media.stdio.obj
 0001:00000354       ?archive_load_data@libmedia@UModSys@@YA_NAAUIBinArchive@12@ABU?$TString@U?$TSCoreConst@D@su@tl@UModSys@@U?$TComparerBinaryHash@D@234@@tl@2@AAUSCMemShared@core@2@ABUSFlags@12@@Z 00401354 f i umodsys_lib_libmedia:umodsys.mod.media.stdio.obj
 0001:0000047f       ?file_get_size@stdio@media@modules@UModSys@@YA_JPAU_iobuf@@@Z 0040147f f i umodsys_lib_libmedia:umodsys.mod.media.stdio.obj
 0001:000004ca       ?root_get_interface_info@RStreamReader_FILE@stdio@media@modules@UModSys@@UBEABUSUniquePointerInfo@core@5@XZ 004014ca f i umodsys_lib_libmedia:umodsys.mod.media.stdio.obj
 0001:000004d0       ?root_get_interface_type@RStreamReader_FILE@stdio@media@modules@UModSys@@UBEPBUSUniquePointerInfo@core@5@XZ 004014d0 f i umodsys_lib_libmedia:umodsys.mod.media.stdio.obj
 0001:000004d6       ?root_get_other_interface@RStreamReader_FILE@stdio@media@modules@UModSys@@UBEPBUIRoot@core@5@PBUSUniquePointerInfo@75@@Z 004014d6 f i umodsys_lib_libmedia:umodsys.mod.media.stdio.obj
 0001:000004d6       ?root_get_other_interface@RStreamReader_FILE@stdio@media@modules@UModSys@@UAEPAUIRoot@core@5@PBUSUniquePointerInfo@75@@Z 004014d6 f i umodsys_lib_libmedia:umodsys.mod.media.stdio.obj
 0001:000004f7       ?root_is_interface_supported@RStreamReader_FILE@stdio@media@modules@UModSys@@UBE_NPBUSUniquePointerInfo@core@5@@Z 004014f7 f i umodsys_lib_libmedia:umodsys.mod.media.stdio.obj
 0001:0000051e       ?ref_add@RUtilities@stdlib@media@modules@UModSys@@UBEXXZ 0040151e f i umodsys_lib_libmedia:umodsys.mod.media.stdlib.obj
 0001:0000051e       ?ref_add@RGenerator@stdlib@media@modules@UModSys@@UBEXXZ 0040151e f i umodsys_lib_libmedia:umodsys.mod.media.stdlib.obj
 0001:0000051e       ?ref_add@RStreamReader_FILE@stdio@media@modules@UModSys@@UBEXXZ 0040151e f i umodsys_lib_libmedia:umodsys.mod.media.stdio.obj
 0001:0000051e       ?ref_add@RGenerator@stdio@media@modules@UModSys@@UBEXXZ 0040151e f i umodsys_lib_libmedia:umodsys.mod.media.stdio.obj
 0001:0000051e       ?ref_add@RStreamWriter_FILE@stdio@media@modules@UModSys@@UBEXXZ 0040151e f i umodsys_lib_libmedia:umodsys.mod.media.stdio.obj
 0001:00000522       ?ref_remove@RUtilities@stdlib@media@modules@UModSys@@UBEXXZ 00401522 f i umodsys_lib_libmedia:umodsys.mod.media.stdlib.obj
 0001:00000522       ?ref_remove@RGenerator@stdlib@media@modules@UModSys@@UBEXXZ 00401522 f i umodsys_lib_libmedia:umodsys.mod.media.stdlib.obj
 0001:00000522       ?ref_remove@RGenerator@stdio@media@modules@UModSys@@UBEXXZ 00401522 f i umodsys_lib_libmedia:umodsys.mod.media.stdio.obj
 0001:00000522       ?ref_remove@RStreamWriter_FILE@stdio@media@modules@UModSys@@UBEXXZ 00401522 f i umodsys_lib_libmedia:umodsys.mod.media.stdio.obj
 0001:00000522       ?ref_remove@RStreamReader_FILE@stdio@media@modules@UModSys@@UBEXXZ 00401522 f i umodsys_lib_libmedia:umodsys.mod.media.stdio.obj
 0001:0000052d       ??0RStreamReader_FILE@stdio@media@modules@UModSys@@QAE@PAUIModObject@base@4@ABUSParameters@core@4@@Z 0040152d f i umodsys_lib_libmedia:umodsys.mod.media.stdio.obj
 0001:000005a8       ??0RStreamReader_FILE@stdio@media@modules@UModSys@@QAE@PAUIModObject@base@4@PBD@Z 004015a8 f i umodsys_lib_libmedia:umodsys.mod.media.stdio.obj
 0001:000005ff       ?open@RStreamReader_FILE@stdio@media@modules@UModSys@@QAEXPBD@Z 004015ff f i umodsys_lib_libmedia:umodsys.mod.media.stdio.obj
 0001:00000623       ?reader_seek@RStreamReader_FILE@stdio@media@modules@UModSys@@UAE_N_J@Z 00401623 f i umodsys_lib_libmedia:umodsys.mod.media.stdio.obj
 0001:00000646       ?reader_seekend@RStreamReader_FILE@stdio@media@modules@UModSys@@UAE_N_J@Z 00401646 f i umodsys_lib_libmedia:umodsys.mod.media.stdio.obj
 0001:0000066c       ?reader_seekdelta@RStreamReader_FILE@stdio@media@modules@UModSys@@UAE_N_J@Z 0040166c f i umodsys_lib_libmedia:umodsys.mod.media.stdio.obj
 0001:0000068f       ?reader_pos@RStreamReader_FILE@stdio@media@modules@UModSys@@UAE_JXZ 0040168f f i umodsys_lib_libmedia:umodsys.mod.media.stdio.obj
 0001:000006a4       ?reader_size@RStreamReader_FILE@stdio@media@modules@UModSys@@UAE_JXZ 004016a4 f i umodsys_lib_libmedia:umodsys.mod.media.stdio.obj
 0001:000006ab       ?reader_read@RStreamReader_FILE@stdio@media@modules@UModSys@@UAE_NPAXI@Z 004016ab f i umodsys_lib_libmedia:umodsys.mod.media.stdio.obj
 0001:00000708       ?reader_close@RStreamReader_FILE@stdio@media@modules@UModSys@@UAEXXZ 00401708 f i umodsys_lib_libmedia:umodsys.mod.media.stdio.obj
 0001:00000720       ??_ERStreamReader_FILE@stdio@media@modules@UModSys@@UAEPAXI@Z 00401720 f i  CIL library: CIL module
 0001:00000720       ??_GRStreamReader_FILE@stdio@media@modules@UModSys@@UAEPAXI@Z 00401720 f i umodsys_lib_libmedia:umodsys.mod.media.stdio.obj
 0001:00000748       ?root_get_interface_info@RStreamWriter_FILE@stdio@media@modules@UModSys@@UBEABUSUniquePointerInfo@core@5@XZ 00401748 f i umodsys_lib_libmedia:umodsys.mod.media.stdio.obj
 0001:0000074e       ?root_get_interface_type@RStreamWriter_FILE@stdio@media@modules@UModSys@@UBEPBUSUniquePointerInfo@core@5@XZ 0040174e f i umodsys_lib_libmedia:umodsys.mod.media.stdio.obj
 0001:00000754       ?root_get_other_interface@RStreamWriter_FILE@stdio@media@modules@UModSys@@UAEPAUIRoot@core@5@PBUSUniquePointerInfo@75@@Z 00401754 f i umodsys_lib_libmedia:umodsys.mod.media.stdio.obj
 0001:00000754       ?root_get_other_interface@RStreamWriter_FILE@stdio@media@modules@UModSys@@UBEPBUIRoot@core@5@PBUSUniquePointerInfo@75@@Z 00401754 f i umodsys_lib_libmedia:umodsys.mod.media.stdio.obj
 0001:00000775       ?root_is_interface_supported@RStreamWriter_FILE@stdio@media@modules@UModSys@@UBE_NPBUSUniquePointerInfo@core@5@@Z 00401775 f i umodsys_lib_libmedia:umodsys.mod.media.stdio.obj
 0001:0000079c       ?ref_weak@RStreamReader_FILE@stdio@media@modules@UModSys@@UBE_NAAUWeakPointer@IRefObject@core@5@@Z 0040179c f i umodsys_lib_libmedia:umodsys.mod.media.stdio.obj
 0001:0000079c       ?ref_weak@RStreamWriter_FILE@stdio@media@modules@UModSys@@UBE_NAAUWeakPointer@IRefObject@core@5@@Z 0040179c f i umodsys_lib_libmedia:umodsys.mod.media.stdio.obj
 0001:0000079c       ?ref_weak@RGenerator@stdio@media@modules@UModSys@@UBE_NAAUWeakPointer@IRefObject@core@5@@Z 0040179c f i umodsys_lib_libmedia:umodsys.mod.media.stdio.obj
 0001:0000079c       ?ref_weak@RGenerator@stdlib@media@modules@UModSys@@UBE_NAAUWeakPointer@IRefObject@core@5@@Z 0040179c f i umodsys_lib_libmedia:umodsys.mod.media.stdlib.obj
 0001:0000079c       ?ref_weak@RUtilities@stdlib@media@modules@UModSys@@UBE_NAAUWeakPointer@IRefObject@core@5@@Z 0040179c f i umodsys_lib_libmedia:umodsys.mod.media.stdlib.obj
 0001:000007bb       ??0RStreamWriter_FILE@stdio@media@modules@UModSys@@QAE@PAUIModObject@base@4@ABUSParameters@core@4@@Z 004017bb f i umodsys_lib_libmedia:umodsys.mod.media.stdio.obj
 0001:00000854       ??0RStreamWriter_FILE@stdio@media@modules@UModSys@@QAE@PAUIModObject@base@4@PBD_N@Z 00401854 f i umodsys_lib_libmedia:umodsys.mod.media.stdio.obj
 0001:000008b5       ?open@RStreamWriter_FILE@stdio@media@modules@UModSys@@QAEXPBD_N@Z 004018b5 f i umodsys_lib_libmedia:umodsys.mod.media.stdio.obj
 0001:000008fb       ?writer_seek@RStreamWriter_FILE@stdio@media@modules@UModSys@@UAE_N_J@Z 004018fb f i umodsys_lib_libmedia:umodsys.mod.media.stdio.obj
 0001:0000091e       ?writer_seekend@RStreamWriter_FILE@stdio@media@modules@UModSys@@UAE_N_J@Z 0040191e f i umodsys_lib_libmedia:umodsys.mod.media.stdio.obj
 0001:00000944       ?writer_seekdelta@RStreamWriter_FILE@stdio@media@modules@UModSys@@UAE_N_J@Z 00401944 f i umodsys_lib_libmedia:umodsys.mod.media.stdio.obj
 0001:00000967       ?writer_setsize@RStreamWriter_FILE@stdio@media@modules@UModSys@@UAE_N_J@Z 00401967 f i umodsys_lib_libmedia:umodsys.mod.media.stdio.obj
 0001:000009af       ?writer_pos@RStreamWriter_FILE@stdio@media@modules@UModSys@@UAE_JXZ 004019af f i umodsys_lib_libmedia:umodsys.mod.media.stdio.obj
 0001:000009c4       ?writer_size@RStreamWriter_FILE@stdio@media@modules@UModSys@@UAE_JXZ 004019c4 f i umodsys_lib_libmedia:umodsys.mod.media.stdio.obj
 0001:000009e9       ?writer_write@RStreamWriter_FILE@stdio@media@modules@UModSys@@UAE_NPBXI@Z 004019e9 f i umodsys_lib_libmedia:umodsys.mod.media.stdio.obj
 0001:00000a46       ?writer_copy@RStreamWriter_FILE@stdio@media@modules@UModSys@@UAE_NPAUIStreamReader@libmedia@5@_J@Z 00401a46 f i umodsys_lib_libmedia:umodsys.mod.media.stdio.obj
 0001:00000aca       ?writer_copy@RStreamWriter_FILE@stdio@media@modules@UModSys@@UAE_NPAUIStreamReader@libmedia@5@_J1@Z 00401aca f i umodsys_lib_libmedia:umodsys.mod.media.stdio.obj
 0001:00000b01       ?writer_close@RStreamWriter_FILE@stdio@media@modules@UModSys@@UAEXXZ 00401b01 f i umodsys_lib_libmedia:umodsys.mod.media.stdio.obj
 0001:00000b2e       ?writer_abort@RStreamWriter_FILE@stdio@media@modules@UModSys@@UAEXXZ 00401b2e f i umodsys_lib_libmedia:umodsys.mod.media.stdio.obj
 0001:00000b5b       ??_GRStreamWriter_FILE@stdio@media@modules@UModSys@@UAEPAXI@Z 00401b5b f i umodsys_lib_libmedia:umodsys.mod.media.stdio.obj
 0001:00000b5b       ??_ERStreamWriter_FILE@stdio@media@modules@UModSys@@UAEPAXI@Z 00401b5b f i  CIL library: CIL module
 0001:00000b9f       ?root_get_interface_info@RDataArchiver_OsDir@stdio@media@modules@UModSys@@UBEABUSUniquePointerInfo@core@5@XZ 00401b9f f i umodsys_lib_libmedia:umodsys.mod.media.stdio.obj
 0001:00000ba5       ?root_get_interface_type@RDataArchiver_OsDir@stdio@media@modules@UModSys@@UBEPBUSUniquePointerInfo@core@5@XZ 00401ba5 f i umodsys_lib_libmedia:umodsys.mod.media.stdio.obj
 0001:00000bab       ?root_get_other_interface@RDataArchiver_OsDir@stdio@media@modules@UModSys@@UBEPBUIRoot@core@5@PBUSUniquePointerInfo@75@@Z 00401bab f i umodsys_lib_libmedia:umodsys.mod.media.stdio.obj
 0001:00000bab       ?root_get_other_interface@RDataArchiver_OsDir@stdio@media@modules@UModSys@@UAEPAUIRoot@core@5@PBUSUniquePointerInfo@75@@Z 00401bab f i umodsys_lib_libmedia:umodsys.mod.media.stdio.obj
 0001:00000bd4       ?root_is_interface_supported@RDataArchiver_OsDir@stdio@media@modules@UModSys@@UBE_NPBUSUniquePointerInfo@core@5@@Z 00401bd4 f i umodsys_lib_libmedia:umodsys.mod.media.stdio.obj
 0001:00000bf3       ??0RDataArchiver_OsDir@stdio@media@modules@UModSys@@QAE@PAUIModObject@base@4@ABUSParameters@core@4@U?$TFlags4State@USMediaFlagUid@libmedia@UModSys@@I@tl@4@@Z 00401bf3 f i umodsys_lib_libmedia:umodsys.mod.media.stdio.obj
 0001:00000c66       ?open@RDataArchiver_OsDir@stdio@media@modules@UModSys@@QAEXABUSParameters@core@5@@Z 00401c66 f i umodsys_lib_libmedia:umodsys.mod.media.stdio.obj
 0001:00000d41       ?get_flag@RDataArchiver_OsDir@stdio@media@modules@UModSys@@UBE?AW4eStates@?$TFlags4State@USMediaFlagUid@libmedia@UModSys@@I@tl@5@H@Z 00401d41 f i umodsys_lib_libmedia:umodsys.mod.media.stdio.obj
 0001:00000d54       ?get_flags_auto@RDataArchiver_OsDir@stdio@media@modules@UModSys@@UBE?AU?$TFlags4State@USMediaFlagUid@libmedia@UModSys@@I@tl@5@XZ 00401d54 f i umodsys_lib_libmedia:umodsys.mod.media.stdio.obj
 0001:00000d63       ?set_flag@RDataArchiver_OsDir@stdio@media@modules@UModSys@@UAE?AW4eStates@?$TFlags4State@USMediaFlagUid@libmedia@UModSys@@I@tl@5@HW46785@@Z 00401d63 f i umodsys_lib_libmedia:umodsys.mod.media.stdio.obj
 0001:00000d90       ?data_load@RDataArchiver_OsDir@stdio@media@modules@UModSys@@UAE_NABU?$TString@U?$TSCoreConst@D@su@tl@UModSys@@U?$TComparerBinaryHash@D@234@@tl@5@AAUSCMemShared@core@5@ABUSFlags@libmedia@5@@Z 00401d90 f i umodsys_lib_libmedia:umodsys.mod.media.stdio.obj
 0001:00000dc4       ?data_save@RDataArchiver_OsDir@stdio@media@modules@UModSys@@UAE_NABU?$TString@U?$TSCoreConst@D@su@tl@UModSys@@U?$TComparerBinaryHash@D@234@@tl@5@ABUSCMem@core@5@ABUSFlags@libmedia@5@@Z 00401dc4 f i umodsys_lib_libmedia:umodsys.mod.media.stdio.obj
 0001:00000e3a       ?data_reader@RDataArchiver_OsDir@stdio@media@modules@UModSys@@UAE?AU?$TRefObject@UIStreamReader@libmedia@UModSys@@U?$TRefObjectFunc@UIStreamReader@libmedia@UModSys@@@tl@3@@tl@5@ABU?$TString@U?$TSCoreConst@D@su@tl@UModSys@@U?$TComparerBinaryHash@D@234@@75@ABUSFlags@libmedia@5@@Z 00401e3a f i umodsys_lib_libmedia:umodsys.mod.media.stdio.obj
 0001:00000f41       ?data_writer@RDataArchiver_OsDir@stdio@media@modules@UModSys@@UAE?AU?$TRefObject@UIStreamWriter@libmedia@UModSys@@U?$TRefObjectFunc@UIStreamWriter@libmedia@UModSys@@@tl@3@@tl@5@ABU?$TString@U?$TSCoreConst@D@su@tl@UModSys@@U?$TComparerBinaryHash@D@234@@75@ABUSFlags@libmedia@5@@Z 00401f41 f i umodsys_lib_libmedia:umodsys.mod.media.stdio.obj
 0001:00001063       ?data_list@RDataArchiver_OsDir@stdio@media@modules@UModSys@@UAE_NABU?$TString@U?$TSCoreConst@D@su@tl@UModSys@@U?$TComparerBinaryHash@D@234@@tl@5@IAAU?$TIStackSocket@USFileInfo@libmedia@UModSys@@@75@ABUSFlags@libmedia@5@@Z 00402063 f i umodsys_lib_libmedia:umodsys.mod.media.stdio.obj
 0001:00001063       ?data_info@RDataArchiver_OsDir@stdio@media@modules@UModSys@@UAE_NABU?$TString@U?$TSCoreConst@D@su@tl@UModSys@@U?$TComparerBinaryHash@D@234@@tl@5@IAAUSFileInfo@libmedia@5@ABUSFlags@95@@Z 00402063 f i umodsys_lib_libmedia:umodsys.mod.media.stdio.obj
 0001:000010ac       ?get_permissions@RDataArchiver_OsDir@stdio@media@modules@UModSys@@UAEHXZ 004020ac f i umodsys_lib_libmedia:umodsys.mod.media.stdio.obj
 0001:000010b0       ??_ERDataArchiver_OsDir@stdio@media@modules@UModSys@@UAEPAXI@Z 004020b0 f i  CIL library: CIL module
 0001:000010b0       ??_GRDataArchiver_OsDir@stdio@media@modules@UModSys@@UAEPAXI@Z 004020b0 f i umodsys_lib_libmedia:umodsys.mod.media.stdio.obj
 0001:00001104       ??1ILibraryObjCache@libmedia@UModSys@@UAE@XZ 00402104 f i umodsys_lib_libmedia:umodsys.mod.media.stdlib.obj
 0001:00001104       ??1ILibraryObjFilter@libmedia@UModSys@@UAE@XZ 00402104 f i umodsys_lib_libmedia:umodsys.mod.media.stdlib.obj
 0001:00001104       ??1ILibraryLayered@libmedia@UModSys@@UAE@XZ 00402104 f i umodsys_lib_libmedia:umodsys.mod.media.stdlib.obj
 0001:00001104       ??1IBinArchive@libmedia@UModSys@@UAE@XZ 00402104 f i umodsys_lib_libmedia:umodsys.mod.media.stdio.obj
 0001:00001104       ??1ILibraryBinCache@libmedia@UModSys@@UAE@XZ 00402104 f i umodsys_lib_libmedia:umodsys.mod.media.stdlib.obj
 0001:00001104       ??1ILibraryBinTree@libmedia@UModSys@@UAE@XZ 00402104 f i umodsys_lib_libmedia:umodsys.mod.media.stdlib.obj
 0001:00001109       ??1ILibObject@libmedia@UModSys@@UAE@XZ 00402109 f i umodsys_lib_libmedia:umodsys.mod.media.stdio.obj
 0001:00001140       ?get_generated_names@RGenerator@stdio@media@modules@UModSys@@UBEHAAUSUniquePtrList@core@5@@Z 00402140 f i umodsys_lib_libmedia:umodsys.mod.media.stdio.obj
 0001:00001170       ?get_generated_types@RGenerator@stdio@media@modules@UModSys@@UBEHAAUSUniquePtrList@core@5@PBUSUniquePointerInfo@75@@Z 00402170 f i umodsys_lib_libmedia:umodsys.mod.media.stdio.obj
 0001:000011e3       ?generate@RGenerator@stdio@media@modules@UModSys@@UAE_NAAU?$TRefObject@UIRefObject@core@UModSys@@U?$TRefObjectFunc@UIRefObject@core@UModSys@@@tl@3@@tl@5@PBUSUniquePointerInfo@core@5@ABUSParameters@95@@Z 004021e3 f i umodsys_lib_libmedia:umodsys.mod.media.stdio.obj
 0001:0000124a       ?root_get_interface_info@RGenerator@stdio@media@modules@UModSys@@UBEABUSUniquePointerInfo@core@5@XZ 0040224a f i umodsys_lib_libmedia:umodsys.mod.media.stdio.obj
 0001:00001250       ?root_get_interface_type@RGenerator@stdio@media@modules@UModSys@@UBEPBUSUniquePointerInfo@core@5@XZ 00402250 f i umodsys_lib_libmedia:umodsys.mod.media.stdio.obj
 0001:00001256       ?root_get_other_interface@RGenerator@stdio@media@modules@UModSys@@UBEPBUIRoot@core@5@PBUSUniquePointerInfo@75@@Z 00402256 f i umodsys_lib_libmedia:umodsys.mod.media.stdio.obj
 0001:00001256       ?root_get_other_interface@RGenerator@stdio@media@modules@UModSys@@UAEPAUIRoot@core@5@PBUSUniquePointerInfo@75@@Z 00402256 f i umodsys_lib_libmedia:umodsys.mod.media.stdio.obj
 0001:0000127f       ?root_is_interface_supported@RGenerator@stdio@media@modules@UModSys@@UBE_NPBUSUniquePointerInfo@core@5@@Z 0040227f f i umodsys_lib_libmedia:umodsys.mod.media.stdio.obj
 0001:0000129e       ?ref_links@RStreamReader_FILE@stdio@media@modules@UModSys@@UBEHXZ 0040229e f i umodsys_lib_libmedia:umodsys.mod.media.stdio.obj
 0001:0000129e       ?ref_links@RGenerator@stdlib@media@modules@UModSys@@UBEHXZ 0040229e f i umodsys_lib_libmedia:umodsys.mod.media.stdlib.obj
 0001:0000129e       ?ref_links@RStreamWriter_FILE@stdio@media@modules@UModSys@@UBEHXZ 0040229e f i umodsys_lib_libmedia:umodsys.mod.media.stdio.obj
 0001:0000129e       ?get_system@IModuleLibraryUni@rsystem@base@UModSys@@UBEPAUISystem@34@XZ 0040229e f i umodsys_lib_basesys:umodsys.basesys.rmodulelib.obj
 0001:0000129e       ?ref_links@RUtilities@stdlib@media@modules@UModSys@@UBEHXZ 0040229e f i umodsys_lib_libmedia:umodsys.mod.media.stdlib.obj
 0001:0000129e       ?ref_links@RGenerator@stdio@media@modules@UModSys@@UBEHXZ 0040229e f i umodsys_lib_libmedia:umodsys.mod.media.stdio.obj
 0001:000012a2       ?get_uid@RGenerator@stdio@media@modules@UModSys@@UBEPBUSUniquePointerInfo@core@5@XZ 004022a2 f i umodsys_lib_libmedia:umodsys.mod.media.stdio.obj
 0001:000012a8       ?do_open@RModuleReg@stdio@media@modules@UModSys@@UAE_NXZ 004022a8 f i umodsys_lib_libmedia:umodsys.mod.media.stdio.obj
 0001:000012f6       ?do_close@RModuleReg@stdio@media@modules@UModSys@@UAE_NXZ 004022f6 f i umodsys_lib_libmedia:umodsys.mod.media.stdio.obj
 0001:00001331       ?get_module@RGenerator@stdio@media@modules@UModSys@@UBEPAUIModule@base@5@XZ 00402331 f   umodsys_lib_libmedia:umodsys.mod.media.stdio.obj
 0001:00001337       ?mod_inc@RGenerator@stdio@media@modules@UModSys@@UBE_NXZ 00402337 f   umodsys_lib_libmedia:umodsys.mod.media.stdio.obj
 0001:00001342       ?mod_dec@RGenerator@stdio@media@modules@UModSys@@UBE_NXZ 00402342 f   umodsys_lib_libmedia:umodsys.mod.media.stdio.obj
 0001:0000134d       ?s_holder@RGenerator@stdio@media@modules@UModSys@@SAAAU?$TTypeStaticHolder@URGenerator@stdio@media@modules@UModSys@@@tl@5@XZ 0040234d f   umodsys_lib_libmedia:umodsys.mod.media.stdio.obj
 0001:0000137f       ??0?$TString@U?$TSCoreShared@USIMemAlloc@core@UModSys@@D@su@tl@UModSys@@U?$TComparerBinaryHash@D@234@@tl@UModSys@@QAE@XZ 0040237f f i umodsys_lib_libmedia:umodsys.mod.media.stdio.obj
 0001:00001395       ?set@?$TSCoreShared@USIMemAlloc@core@UModSys@@D@su@tl@UModSys@@QAEXPBD@Z 00402395 f i umodsys_lib_libmedia:umodsys.mod.media.stdio.obj
 0001:000013ba       ?info_release@?$TSCoreShared@USIMemAlloc@core@UModSys@@D@su@tl@UModSys@@QAEXXZ 004023ba f i umodsys_lib_libmedia:umodsys.mod.media.stdio.obj
 0001:000013f3       ?info_new@?$TSCoreShared@USIMemAlloc@core@UModSys@@D@su@tl@UModSys@@QAE_NPBDI@Z 004023f3 f i umodsys_lib_libmedia:umodsys.mod.media.stdio.obj
 0001:00001457       ?get_null@?$TSCoreShared@USIMemAlloc@core@UModSys@@D@su@tl@UModSys@@SAPAU?$TSharedStringInfo@DUSIMemAlloc@core@UModSys@@@234@XZ 00402457 f i umodsys_lib_libmedia:umodsys.mod.media.stdio.obj
 0001:0000148f       ??$ValidateConstruction@UIStreamReader@libmedia@UModSys@@URStreamReader_FILE@stdio@media@modules@3@@core@UModSys@@YA_NAAU?$TRefObject@UIStreamReader@libmedia@UModSys@@U?$TRefObjectFunc@UIStreamReader@libmedia@UModSys@@@tl@3@@tl@1@PAURStreamReader_FILE@stdio@media@modules@1@@Z 0040248f f i umodsys_lib_libmedia:umodsys.mod.media.stdio.obj
 0001:000014e1       ??$yes@U?$TFlags4StateShift@USMediaFlagUid@libmedia@UModSys@@I$09@tl@UModSys@@@SFlags@libmedia@UModSys@@QBE_NPBUIResolverAuto@012@@Z 004024e1 f i umodsys_lib_libmedia:umodsys.mod.media.stdio.obj
 0001:00001532       ??$ValidateConstruction@UIStreamWriter@libmedia@UModSys@@URStreamWriter_FILE@stdio@media@modules@3@@core@UModSys@@YA_NAAU?$TRefObject@UIStreamWriter@libmedia@UModSys@@U?$TRefObjectFunc@UIStreamWriter@libmedia@UModSys@@@tl@3@@tl@1@PAURStreamWriter_FILE@stdio@media@modules@1@@Z 00402532 f i umodsys_lib_libmedia:umodsys.mod.media.stdio.obj
 0001:0000158c       ??$t_gen_param@URStreamReader_FILE@stdio@media@modules@UModSys@@URGenerator@2345@@IGenerator@base@UModSys@@IAE_NPAURGenerator@stdio@media@modules@2@AAU?$TRefObject@UIRefObject@core@UModSys@@U?$TRefObjectFunc@UIRefObject@core@UModSys@@@tl@3@@tl@2@PBUSUniquePointerInfo@core@2@ABUSParameters@core@2@@Z 0040258c f i umodsys_lib_libmedia:umodsys.mod.media.stdio.obj
 0001:00001617       ??$t_gen_param@URStreamWriter_FILE@stdio@media@modules@UModSys@@URGenerator@2345@@IGenerator@base@UModSys@@IAE_NPAURGenerator@stdio@media@modules@2@AAU?$TRefObject@UIRefObject@core@UModSys@@U?$TRefObjectFunc@UIRefObject@core@UModSys@@@tl@3@@tl@2@PBUSUniquePointerInfo@core@2@ABUSParameters@core@2@@Z 00402617 f i umodsys_lib_libmedia:umodsys.mod.media.stdio.obj
 0001:000016a2       ??$t_gen_param@URDataArchiver_OsDir@stdio@media@modules@UModSys@@URGenerator@2345@@IGenerator@base@UModSys@@IAE_NPAURGenerator@stdio@media@modules@2@AAU?$TRefObject@UIRefObject@core@UModSys@@U?$TRefObjectFunc@UIRefObject@core@UModSys@@@tl@3@@tl@2@PBUSUniquePointerInfo@core@2@ABUSParameters@core@2@@Z 004026a2 f i umodsys_lib_libmedia:umodsys.mod.media.stdio.obj
 0001:0000171d       ??4?$TRefObject@UIRefObject@core@UModSys@@U?$TRefObjectFunc@UIRefObject@core@UModSys@@@tl@3@@tl@UModSys@@QAEABU012@PAUIRefObject@core@2@@Z 0040271d f i umodsys_lib_libmedia:umodsys.mod.media.stdio.obj
 0001:0000171d       ??4?$TRefObject@UIStreamReader@libmedia@UModSys@@U?$TRefObjectFunc@UIStreamReader@libmedia@UModSys@@@tl@3@@tl@UModSys@@QAEABU012@PAUIStreamReader@libmedia@2@@Z 0040271d f i umodsys_lib_libmedia:umodsys.mod.media.stdio.obj
 0001:00001738       ??1?$TRefObject@UIModObject@base@UModSys@@U?$TModObjectFunc@UIModObject@base@UModSys@@@tl@3@@tl@UModSys@@QAE@XZ 00402738 f i umodsys_lib_libmedia:umodsys.mod.media.stdio.obj
 0001:0000174e       ?s_init@?$TModObjectFunc@UIModObject@base@UModSys@@@tl@UModSys@@SAXAAPAUIModObject@base@3@PAU453@@Z 0040274e f i umodsys_lib_libmedia:umodsys.mod.media.stdio.obj
 0001:00001767       ?new_data@SMemorySharedData@core@UModSys@@SAPAU123@IPBUSSourceContext@23@@Z 00402767 f i umodsys_lib_libmedia:umodsys.mod.media.stdlib.obj
 0001:0000178b       ??1SMemShared@core@UModSys@@QAE@XZ 0040278b f i umodsys_lib_libmedia:umodsys.mod.media.stdio.obj
 0001:0000178b       ??1SInfo@IBinObjFilter@libmedia@UModSys@@QAE@XZ 0040278b f i umodsys_lib_libmedia:umodsys.mod.media.stdlib.obj
 0001:0000178b       ??1SCMemShared@core@UModSys@@QAE@XZ 0040278b f i umodsys_lib_libmedia:umodsys.mod.media.stdlib.obj
 0001:00001795       ??$seq@D@su@tl@UModSys@@YA_NPBD0I@Z 00402795 f i umodsys_lib_libmedia:umodsys.mod.media.stdlib.obj
 0001:000017b0       ??1SFileInfo@libmedia@UModSys@@QAE@XZ 004027b0 f i umodsys_lib_libmedia:umodsys.mod.media.stdlib.obj
 0001:000017fd       ?get_flag@RResolverChain@SFlagsChain@libmedia@UModSys@@UBE?AW4eStates@?$TFlags4State@USMediaFlagUid@libmedia@UModSys@@I@tl@4@H@Z 004027fd f i umodsys_lib_libmedia:umodsys.mod.media.stdlib.obj
 0001:00001823       ?bin_reader@ILibrary@libmedia@UModSys@@QAE?AU?$TRefObject@UIStreamReader@libmedia@UModSys@@U?$TRefObjectFunc@UIStreamReader@libmedia@UModSys@@@tl@3@@tl@3@ABU?$TString@U?$TSCoreConst@D@su@tl@UModSys@@U?$TComparerBinaryHash@D@234@@53@ABU?$TFlags4State@USMediaFlagUid@libmedia@UModSys@@I@53@@Z 00402823 f i umodsys_lib_libmedia:umodsys.mod.media.stdlib.obj
 0001:00001852       ?bin_writer@ILibrary@libmedia@UModSys@@QAE?AU?$TRefObject@UIStreamWriter@libmedia@UModSys@@U?$TRefObjectFunc@UIStreamWriter@libmedia@UModSys@@@tl@3@@tl@3@ABU?$TString@U?$TSCoreConst@D@su@tl@UModSys@@U?$TComparerBinaryHash@D@234@@53@ABU?$TFlags4State@USMediaFlagUid@libmedia@UModSys@@I@53@@Z 00402852 f i umodsys_lib_libmedia:umodsys.mod.media.stdlib.obj
 0001:00001881       ?_root_get_other_interface@ILibrary@libmedia@UModSys@@IAEPAUIRoot@core@3@PBUSUniquePointerInfo@53@@Z 00402881 f i umodsys_lib_libmedia:umodsys.mod.media.stdlib.obj
 0001:00001881       ?_root_get_other_interface@ILibrary@libmedia@UModSys@@IBEPBUIRoot@core@3@PBUSUniquePointerInfo@53@@Z 00402881 f i umodsys_lib_libmedia:umodsys.mod.media.stdlib.obj
 0001:0000189d       ?_root_get_interface_types@ILibrary@libmedia@UModSys@@SAIAAUSUniquePtrList@core@3@@Z 0040289d f i umodsys_lib_libmedia:umodsys.mod.media.stdlib.obj
 0001:000018bf       ?_root_is_interface_supported@ILibrary@libmedia@UModSys@@SA_NPBUSUniquePointerInfo@core@3@@Z 004028bf f i umodsys_lib_libmedia:umodsys.mod.media.stdlib.obj
 0001:000018df       ??1SLayer@ILibraryLayered@libmedia@UModSys@@QAE@XZ 004028df f i umodsys_lib_libmedia:umodsys.mod.media.stdlib.obj
 0001:000018df       ??1SPoint@ILibraryBinTree@libmedia@UModSys@@QAE@XZ 004028df f i umodsys_lib_libmedia:umodsys.mod.media.stdlib.obj
 0001:000018f0       ?setname@NameNode@IBinArchiveFrame@libmedia@UModSys@@QAEXPAXHABU?$TString@U?$TSCoreConst@D@su@tl@UModSys@@U?$TComparerBinaryHash@D@234@@tl@4@@Z 004028f0 f i umodsys_lib_libmedia:umodsys.mod.media.stdlib.obj
 0001:00001938       ?setname@NameNode@IBinArchiveFrame@libmedia@UModSys@@QAEXPAXHABU?$TString@U?$TSCoreConst@D@su@tl@UModSys@@U?$TComparerUtfNocaseHash@D@234@@tl@4@@Z 00402938 f i umodsys_lib_libmedia:umodsys.mod.media.stdlib.obj
 0001:00001988       ??RNameNodeCmpC@IBinArchiveFrame@libmedia@UModSys@@QBEHPBUNameNode@123@@Z 00402988 f i umodsys_lib_libmedia:umodsys.mod.media.stdlib.obj
 0001:000019b2       ??RNameNodeCmpUC@IBinArchiveFrame@libmedia@UModSys@@QBEHPBUNameNode@123@@Z 004029b2 f i umodsys_lib_libmedia:umodsys.mod.media.stdlib.obj
 0001:00001a0d       ?root_get_interface_info@RUtilities@stdlib@media@modules@UModSys@@UBEABUSUniquePointerInfo@core@5@XZ 00402a0d f i umodsys_lib_libmedia:umodsys.mod.media.stdlib.obj
 0001:00001a13       ?root_get_interface_type@RUtilities@stdlib@media@modules@UModSys@@UBEPBUSUniquePointerInfo@core@5@XZ 00402a13 f i umodsys_lib_libmedia:umodsys.mod.media.stdlib.obj
 0001:00001a19       ?root_get_interface_types@RConsole_std@rsystem@base@UModSys@@UBEIAAUSUniquePtrList@core@4@@Z 00402a19 f i umodsys_lib_basesys:umodsys.basesys.rconsole_std.obj
 0001:00001a19       ?root_get_interface_types@RGenerator@stdlib@media@modules@UModSys@@UBEIAAUSUniquePtrList@core@5@@Z 00402a19 f i umodsys_lib_libmedia:umodsys.mod.media.stdlib.obj
 0001:00001a19       ?root_get_interface_types@RLibraryObjCache@stdlib@media@modules@UModSys@@UBEIAAUSUniquePtrList@core@5@@Z 00402a19 f i umodsys_lib_libmedia:umodsys.mod.media.stdlib.obj
 0001:00001a19       ?root_get_interface_types@RModuleLibraryThis@rsystem@base@UModSys@@UBEIAAUSUniquePtrList@core@4@@Z 00402a19 f i umodsys_lib_basesys:umodsys.basesys.rmodulelibthis.obj
 0001:00001a19       ?root_get_interface_types@RLibraryBinCache@stdlib@media@modules@UModSys@@UBEIAAUSUniquePtrList@core@5@@Z 00402a19 f i umodsys_lib_libmedia:umodsys.mod.media.stdlib.obj
 0001:00001a19       ?root_get_interface_types@RLibraryObjFilter@stdlib@media@modules@UModSys@@UBEIAAUSUniquePtrList@core@5@@Z 00402a19 f i umodsys_lib_libmedia:umodsys.mod.media.stdlib.obj
 0001:00001a19       ?root_get_interface_types@RGenerator@stdio@media@modules@UModSys@@UBEIAAUSUniquePtrList@core@5@@Z 00402a19 f i umodsys_lib_libmedia:umodsys.mod.media.stdio.obj
 0001:00001a19       ?root_get_interface_types@RParameters@rsystem@base@UModSys@@UBEIAAUSUniquePtrList@core@4@@Z 00402a19 f i umodsys_lib_basesys:umodsys.basesys.rparameters.obj
 0001:00001a19       ?root_get_interface_types@RStreamWriter_FILE@stdio@media@modules@UModSys@@UBEIAAUSUniquePtrList@core@5@@Z 00402a19 f i umodsys_lib_libmedia:umodsys.mod.media.stdio.obj
 0001:00001a19       ?root_get_interface_types@RModuleLibrarySO@rsystem@base@UModSys@@UBEIAAUSUniquePtrList@core@4@@Z 00402a19 f i umodsys_lib_basesys:umodsys.basesys.rmodulelibso.obj
 0001:00001a19       ?root_get_interface_types@RUtilities@stdlib@media@modules@UModSys@@UBEIAAUSUniquePtrList@core@5@@Z 00402a19 f i umodsys_lib_libmedia:umodsys.mod.media.stdlib.obj
 0001:00001a19       ?root_get_interface_types@RLibraryLayered@stdlib@media@modules@UModSys@@UBEIAAUSUniquePtrList@core@5@@Z 00402a19 f i umodsys_lib_libmedia:umodsys.mod.media.stdlib.obj
 0001:00001a19       ?root_get_interface_types@RDataArchiver_OsDir@stdio@media@modules@UModSys@@UBEIAAUSUniquePtrList@core@5@@Z 00402a19 f i umodsys_lib_libmedia:umodsys.mod.media.stdio.obj
 0001:00001a19       ?root_get_interface_types@RLibraryBinTree@stdlib@media@modules@UModSys@@UBEIAAUSUniquePtrList@core@5@@Z 00402a19 f i umodsys_lib_libmedia:umodsys.mod.media.stdlib.obj
 0001:00001a19       ?root_get_interface_types@RModule@rsystem@base@UModSys@@UBEIAAUSUniquePtrList@core@4@@Z 00402a19 f i umodsys_lib_basesys:umodsys.basesys.rmodule.obj
 0001:00001a19       ?root_get_interface_types@RSystem@rsystem@base@UModSys@@UBEIAAUSUniquePtrList@core@4@@Z 00402a19 f i umodsys_lib_basesys:umodsys.basesys.rsystem_main.obj
 0001:00001a19       ?root_get_interface_types@RStreamReader_FILE@stdio@media@modules@UModSys@@UBEIAAUSUniquePtrList@core@5@@Z 00402a19 f i umodsys_lib_libmedia:umodsys.mod.media.stdio.obj
 0001:00001a19       ?root_get_interface_types@RBinArchiveFrame@stdlib@media@modules@UModSys@@UBEIAAUSUniquePtrList@core@5@@Z 00402a19 f i umodsys_lib_libmedia:umodsys.mod.media.stdlib.obj
 0001:00001a1e       ?root_get_other_interface@RUtilities@stdlib@media@modules@UModSys@@UBEPBUIRoot@core@5@PBUSUniquePointerInfo@75@@Z 00402a1e f i umodsys_lib_libmedia:umodsys.mod.media.stdlib.obj
 0001:00001a1e       ?root_get_other_interface@RUtilities@stdlib@media@modules@UModSys@@UAEPAUIRoot@core@5@PBUSUniquePointerInfo@75@@Z 00402a1e f i umodsys_lib_libmedia:umodsys.mod.media.stdlib.obj
 0001:00001a3f       ?root_is_interface_supported@RUtilities@stdlib@media@modules@UModSys@@UBE_NPBUSUniquePointerInfo@core@5@@Z 00402a3f f i umodsys_lib_libmedia:umodsys.mod.media.stdlib.obj
 0001:00001a66       ?suicide@RStreamWriter_FILE@stdio@media@modules@UModSys@@UAEXXZ 00402a66 f i umodsys_lib_libmedia:umodsys.mod.media.stdio.obj
 0001:00001a66       ?suicide@RStreamReader_FILE@stdio@media@modules@UModSys@@UAEXXZ 00402a66 f i umodsys_lib_libmedia:umodsys.mod.media.stdio.obj
 0001:00001a66       ?suicide@RUtilities@stdlib@media@modules@UModSys@@UAEXXZ 00402a66 f i umodsys_lib_libmedia:umodsys.mod.media.stdlib.obj
 0001:00001aa3       ?root_get_interface_info@RBinArchiveFrame@stdlib@media@modules@UModSys@@UBEABUSUniquePointerInfo@core@5@XZ 00402aa3 f i umodsys_lib_libmedia:umodsys.mod.media.stdlib.obj
 0001:00001aa9       ?root_get_interface_type@RBinArchiveFrame@stdlib@media@modules@UModSys@@UBEPBUSUniquePointerInfo@core@5@XZ 00402aa9 f i umodsys_lib_libmedia:umodsys.mod.media.stdlib.obj
 0001:00001aaf       ?root_get_other_interface@RBinArchiveFrame@stdlib@media@modules@UModSys@@UAEPAUIRoot@core@5@PBUSUniquePointerInfo@75@@Z 00402aaf f i umodsys_lib_libmedia:umodsys.mod.media.stdlib.obj
 0001:00001aaf       ?root_get_other_interface@RBinArchiveFrame@stdlib@media@modules@UModSys@@UBEPBUIRoot@core@5@PBUSUniquePointerInfo@75@@Z 00402aaf f i umodsys_lib_libmedia:umodsys.mod.media.stdlib.obj
 0001:00001ae0       ?root_is_interface_supported@RBinArchiveFrame@stdlib@media@modules@UModSys@@UBE_NPBUSUniquePointerInfo@core@5@@Z 00402ae0 f i umodsys_lib_libmedia:umodsys.mod.media.stdlib.obj
 0001:00001b07       ?ref_add@RBinArchiveFrame@stdlib@media@modules@UModSys@@UBEXXZ 00402b07 f i umodsys_lib_libmedia:umodsys.mod.media.stdlib.obj
 0001:00001b0b       ?ref_remove@RBinArchiveFrame@stdlib@media@modules@UModSys@@UBEXXZ 00402b0b f i umodsys_lib_libmedia:umodsys.mod.media.stdlib.obj
 0001:00001b16       ?ref_links@RBinArchiveFrame@stdlib@media@modules@UModSys@@UBEHXZ 00402b16 f i umodsys_lib_libmedia:umodsys.mod.media.stdlib.obj
 0001:00001b1a       ?ref_weak@RBinArchiveFrame@stdlib@media@modules@UModSys@@UBE_NAAUWeakPointer@IRefObject@core@5@@Z 00402b1a f i umodsys_lib_libmedia:umodsys.mod.media.stdlib.obj
 0001:00001b39       ?suicide@RBinArchiveFrame@stdlib@media@modules@UModSys@@UAEXXZ 00402b39 f i umodsys_lib_libmedia:umodsys.mod.media.stdlib.obj
 0001:00001b76       ?root_get_interface_info@RLibraryBinTree@stdlib@media@modules@UModSys@@UBEABUSUniquePointerInfo@core@5@XZ 00402b76 f i umodsys_lib_libmedia:umodsys.mod.media.stdlib.obj
 0001:00001b7c       ?root_get_interface_type@RLibraryBinTree@stdlib@media@modules@UModSys@@UBEPBUSUniquePointerInfo@core@5@XZ 00402b7c f i umodsys_lib_libmedia:umodsys.mod.media.stdlib.obj
 0001:00001b82       ?root_get_other_interface@RLibraryBinTree@stdlib@media@modules@UModSys@@UBEPBUIRoot@core@5@PBUSUniquePointerInfo@75@@Z 00402b82 f i umodsys_lib_libmedia:umodsys.mod.media.stdlib.obj
 0001:00001b82       ?root_get_other_interface@RLibraryBinTree@stdlib@media@modules@UModSys@@UAEPAUIRoot@core@5@PBUSUniquePointerInfo@75@@Z 00402b82 f i umodsys_lib_libmedia:umodsys.mod.media.stdlib.obj
 0001:00001ba3       ?root_is_interface_supported@RLibraryBinTree@stdlib@media@modules@UModSys@@UBE_NPBUSUniquePointerInfo@core@5@@Z 00402ba3 f i umodsys_lib_libmedia:umodsys.mod.media.stdlib.obj
 0001:00001bca       ?root_get_interface_info@RLibraryBinCache@stdlib@media@modules@UModSys@@UBEABUSUniquePointerInfo@core@5@XZ 00402bca f i umodsys_lib_libmedia:umodsys.mod.media.stdlib.obj
 0001:00001bd0       ?root_get_interface_type@RLibraryBinCache@stdlib@media@modules@UModSys@@UBEPBUSUniquePointerInfo@core@5@XZ 00402bd0 f i umodsys_lib_libmedia:umodsys.mod.media.stdlib.obj
 0001:00001bd6       ?root_get_other_interface@RLibraryBinCache@stdlib@media@modules@UModSys@@UBEPBUIRoot@core@5@PBUSUniquePointerInfo@75@@Z 00402bd6 f i umodsys_lib_libmedia:umodsys.mod.media.stdlib.obj
 0001:00001bd6       ?root_get_other_interface@RLibraryBinCache@stdlib@media@modules@UModSys@@UAEPAUIRoot@core@5@PBUSUniquePointerInfo@75@@Z 00402bd6 f i umodsys_lib_libmedia:umodsys.mod.media.stdlib.obj
 0001:00001bf7       ?root_is_interface_supported@RLibraryBinCache@stdlib@media@modules@UModSys@@UBE_NPBUSUniquePointerInfo@core@5@@Z 00402bf7 f i umodsys_lib_libmedia:umodsys.mod.media.stdlib.obj
 0001:00001c1e       ?ref_add@RLibraryBinCache@stdlib@media@modules@UModSys@@UBEXXZ 00402c1e f i umodsys_lib_libmedia:umodsys.mod.media.stdlib.obj
 0001:00001c1e       ?ref_add@RDataArchiver_OsDir@stdio@media@modules@UModSys@@UBEXXZ 00402c1e f i umodsys_lib_libmedia:umodsys.mod.media.stdio.obj
 0001:00001c1e       ?ref_add@RLibraryLayered@stdlib@media@modules@UModSys@@UBEXXZ 00402c1e f i umodsys_lib_libmedia:umodsys.mod.media.stdlib.obj
 0001:00001c1e       ?ref_add@RParameters@rsystem@base@UModSys@@UBEXXZ 00402c1e f i umodsys_lib_basesys:umodsys.basesys.rparameters.obj
 0001:00001c1e       ?ref_add@RLibraryObjCache@stdlib@media@modules@UModSys@@UBEXXZ 00402c1e f i umodsys_lib_libmedia:umodsys.mod.media.stdlib.obj
 0001:00001c1e       ?ref_add@RLibraryObjFilter@stdlib@media@modules@UModSys@@UBEXXZ 00402c1e f i umodsys_lib_libmedia:umodsys.mod.media.stdlib.obj
 0001:00001c1e       ?ref_add@RLibraryBinTree@stdlib@media@modules@UModSys@@UBEXXZ 00402c1e f i umodsys_lib_libmedia:umodsys.mod.media.stdlib.obj
 0001:00001c22       ?suicide@RDataArchiver_OsDir@stdio@media@modules@UModSys@@UAEXXZ 00402c22 f i umodsys_lib_libmedia:umodsys.mod.media.stdio.obj
 0001:00001c22       ?suicide@RLibraryBinTree@stdlib@media@modules@UModSys@@UAEXXZ 00402c22 f i umodsys_lib_libmedia:umodsys.mod.media.stdlib.obj
 0001:00001c22       ?suicide@RLibraryObjFilter@stdlib@media@modules@UModSys@@UAEXXZ 00402c22 f i umodsys_lib_libmedia:umodsys.mod.media.stdlib.obj
 0001:00001c22       ?suicide@RLibraryBinCache@stdlib@media@modules@UModSys@@UAEXXZ 00402c22 f i umodsys_lib_libmedia:umodsys.mod.media.stdlib.obj
 0001:00001c22       ?suicide@RLibraryLayered@stdlib@media@modules@UModSys@@UAEXXZ 00402c22 f i umodsys_lib_libmedia:umodsys.mod.media.stdlib.obj
 0001:00001c22       ?suicide@RLibraryObjCache@stdlib@media@modules@UModSys@@UAEXXZ 00402c22 f i umodsys_lib_libmedia:umodsys.mod.media.stdlib.obj
 0001:00001c5f       ?root_get_interface_info@RLibraryLayered@stdlib@media@modules@UModSys@@UBEABUSUniquePointerInfo@core@5@XZ 00402c5f f i umodsys_lib_libmedia:umodsys.mod.media.stdlib.obj
 0001:00001c65       ?root_get_interface_type@RLibraryLayered@stdlib@media@modules@UModSys@@UBEPBUSUniquePointerInfo@core@5@XZ 00402c65 f i umodsys_lib_libmedia:umodsys.mod.media.stdlib.obj
 0001:00001c6b       ?root_get_other_interface@RLibraryLayered@stdlib@media@modules@UModSys@@UBEPBUIRoot@core@5@PBUSUniquePointerInfo@75@@Z 00402c6b f i umodsys_lib_libmedia:umodsys.mod.media.stdlib.obj
 0001:00001c6b       ?root_get_other_interface@RLibraryLayered@stdlib@media@modules@UModSys@@UAEPAUIRoot@core@5@PBUSUniquePointerInfo@75@@Z 00402c6b f i umodsys_lib_libmedia:umodsys.mod.media.stdlib.obj
 0001:00001c8c       ?root_is_interface_supported@RLibraryLayered@stdlib@media@modules@UModSys@@UBE_NPBUSUniquePointerInfo@core@5@@Z 00402c8c f i umodsys_lib_libmedia:umodsys.mod.media.stdlib.obj
 0001:00001cb3       ?ref_links@RLibraryBinCache@stdlib@media@modules@UModSys@@UBEHXZ 00402cb3 f i umodsys_lib_libmedia:umodsys.mod.media.stdlib.obj
 0001:00001cb3       ?ref_links@RLibraryObjCache@stdlib@media@modules@UModSys@@UBEHXZ 00402cb3 f i umodsys_lib_libmedia:umodsys.mod.media.stdlib.obj
 0001:00001cb3       ?ref_links@RDataArchiver_OsDir@stdio@media@modules@UModSys@@UBEHXZ 00402cb3 f i umodsys_lib_libmedia:umodsys.mod.media.stdio.obj
 0001:00001cb3       ?get_console@RSystem@rsystem@base@UModSys@@UAEPAUIConsole@34@XZ 00402cb3 f i umodsys_lib_basesys:umodsys.basesys.rsystem.obj
 0001:00001cb3       ?ref_links@RLibraryBinTree@stdlib@media@modules@UModSys@@UBEHXZ 00402cb3 f i umodsys_lib_libmedia:umodsys.mod.media.stdlib.obj
 0001:00001cb3       ?ref_links@RParameters@rsystem@base@UModSys@@UBEHXZ 00402cb3 f i umodsys_lib_basesys:umodsys.basesys.rparameters.obj
 0001:00001cb3       ?ref_links@RLibraryLayered@stdlib@media@modules@UModSys@@UBEHXZ 00402cb3 f i umodsys_lib_libmedia:umodsys.mod.media.stdlib.obj
 0001:00001cb3       ?ref_links@RLibraryObjFilter@stdlib@media@modules@UModSys@@UBEHXZ 00402cb3 f i umodsys_lib_libmedia:umodsys.mod.media.stdlib.obj
 0001:00001cb7       ??4SLayerX@RLibraryLayered@stdlib@media@modules@UModSys@@QAEXABUSLayer@ILibraryLayered@libmedia@5@@Z 00402cb7 f i umodsys_lib_libmedia:umodsys.mod.media.stdlib.obj
 0001:00001d00       ?root_get_interface_info@RLibraryObjCache@stdlib@media@modules@UModSys@@UBEABUSUniquePointerInfo@core@5@XZ 00402d00 f i umodsys_lib_libmedia:umodsys.mod.media.stdlib.obj
 0001:00001d06       ?root_get_interface_type@RLibraryObjCache@stdlib@media@modules@UModSys@@UBEPBUSUniquePointerInfo@core@5@XZ 00402d06 f i umodsys_lib_libmedia:umodsys.mod.media.stdlib.obj
 0001:00001d0c       ?root_get_other_interface@RLibraryObjCache@stdlib@media@modules@UModSys@@UAEPAUIRoot@core@5@PBUSUniquePointerInfo@75@@Z 00402d0c f i umodsys_lib_libmedia:umodsys.mod.media.stdlib.obj
 0001:00001d0c       ?root_get_other_interface@RLibraryObjCache@stdlib@media@modules@UModSys@@UBEPBUIRoot@core@5@PBUSUniquePointerInfo@75@@Z 00402d0c f i umodsys_lib_libmedia:umodsys.mod.media.stdlib.obj
 0001:00001d2d       ?root_is_interface_supported@RLibraryObjCache@stdlib@media@modules@UModSys@@UBE_NPBUSUniquePointerInfo@core@5@@Z 00402d2d f i umodsys_lib_libmedia:umodsys.mod.media.stdlib.obj
 0001:00001d54       ?root_get_interface_info@RLibraryObjFilter@stdlib@media@modules@UModSys@@UBEABUSUniquePointerInfo@core@5@XZ 00402d54 f i umodsys_lib_libmedia:umodsys.mod.media.stdlib.obj
 0001:00001d5a       ?root_get_interface_type@RLibraryObjFilter@stdlib@media@modules@UModSys@@UBEPBUSUniquePointerInfo@core@5@XZ 00402d5a f i umodsys_lib_libmedia:umodsys.mod.media.stdlib.obj
 0001:00001d60       ?root_get_other_interface@RLibraryObjFilter@stdlib@media@modules@UModSys@@UBEPBUIRoot@core@5@PBUSUniquePointerInfo@75@@Z 00402d60 f i umodsys_lib_libmedia:umodsys.mod.media.stdlib.obj
 0001:00001d60       ?root_get_other_interface@RLibraryObjFilter@stdlib@media@modules@UModSys@@UAEPAUIRoot@core@5@PBUSUniquePointerInfo@75@@Z 00402d60 f i umodsys_lib_libmedia:umodsys.mod.media.stdlib.obj
 0001:00001d81       ?root_is_interface_supported@RLibraryObjFilter@stdlib@media@modules@UModSys@@UBE_NPBUSUniquePointerInfo@core@5@@Z 00402d81 f i umodsys_lib_libmedia:umodsys.mod.media.stdlib.obj
 0001:00001da8       ?ref_remove@RDataArchiver_OsDir@stdio@media@modules@UModSys@@UBEXXZ 00402da8 f i umodsys_lib_libmedia:umodsys.mod.media.stdio.obj
 0001:00001da8       ?ref_remove@RLibraryLayered@stdlib@media@modules@UModSys@@UBEXXZ 00402da8 f i umodsys_lib_libmedia:umodsys.mod.media.stdlib.obj
 0001:00001da8       ?ref_remove@RLibraryObjFilter@stdlib@media@modules@UModSys@@UBEXXZ 00402da8 f i umodsys_lib_libmedia:umodsys.mod.media.stdlib.obj
 0001:00001da8       ?ref_remove@RLibraryBinCache@stdlib@media@modules@UModSys@@UBEXXZ 00402da8 f i umodsys_lib_libmedia:umodsys.mod.media.stdlib.obj
 0001:00001da8       ?ref_remove@RParameters@rsystem@base@UModSys@@UBEXXZ 00402da8 f i umodsys_lib_basesys:umodsys.basesys.rparameters.obj
 0001:00001da8       ?ref_remove@RLibraryObjCache@stdlib@media@modules@UModSys@@UBEXXZ 00402da8 f i umodsys_lib_libmedia:umodsys.mod.media.stdlib.obj
 0001:00001da8       ?ref_remove@RLibraryBinTree@stdlib@media@modules@UModSys@@UBEXXZ 00402da8 f i umodsys_lib_libmedia:umodsys.mod.media.stdlib.obj
 0001:00001db3       ?ref_weak@RParameters@rsystem@base@UModSys@@UBE_NAAUWeakPointer@IRefObject@core@4@@Z 00402db3 f i umodsys_lib_basesys:umodsys.basesys.rparameters.obj
 0001:00001db3       ?ref_weak@RLibraryBinCache@stdlib@media@modules@UModSys@@UBE_NAAUWeakPointer@IRefObject@core@5@@Z 00402db3 f i umodsys_lib_libmedia:umodsys.mod.media.stdlib.obj
 0001:00001db3       ?ref_weak@RDataArchiver_OsDir@stdio@media@modules@UModSys@@UBE_NAAUWeakPointer@IRefObject@core@5@@Z 00402db3 f i umodsys_lib_libmedia:umodsys.mod.media.stdio.obj
 0001:00001db3       ?ref_weak@RLibraryObjCache@stdlib@media@modules@UModSys@@UBE_NAAUWeakPointer@IRefObject@core@5@@Z 00402db3 f i umodsys_lib_libmedia:umodsys.mod.media.stdlib.obj
 0001:00001db3       ?ref_weak@RLibraryObjFilter@stdlib@media@modules@UModSys@@UBE_NAAUWeakPointer@IRefObject@core@5@@Z 00402db3 f i umodsys_lib_libmedia:umodsys.mod.media.stdlib.obj
 0001:00001db3       ?ref_weak@RLibraryBinTree@stdlib@media@modules@UModSys@@UBE_NAAUWeakPointer@IRefObject@core@5@@Z 00402db3 f i umodsys_lib_libmedia:umodsys.mod.media.stdlib.obj
 0001:00001db3       ?ref_weak@RLibraryLayered@stdlib@media@modules@UModSys@@UBE_NAAUWeakPointer@IRefObject@core@5@@Z 00402db3 f i umodsys_lib_libmedia:umodsys.mod.media.stdlib.obj
 0001:00001dd2       ?get_generated_names@RGenerator@stdlib@media@modules@UModSys@@UBEHAAUSUniquePtrList@core@5@@Z 00402dd2 f i umodsys_lib_libmedia:umodsys.mod.media.stdlib.obj
 0001:00001e32       ?get_generated_types@RGenerator@stdlib@media@modules@UModSys@@UBEHAAUSUniquePtrList@core@5@PBUSUniquePointerInfo@75@@Z 00402e32 f i umodsys_lib_libmedia:umodsys.mod.media.stdlib.obj
 0001:00001f38       ?generate@RGenerator@stdlib@media@modules@UModSys@@UAE_NAAU?$TRefObject@UIRefObject@core@UModSys@@U?$TRefObjectFunc@UIRefObject@core@UModSys@@@tl@3@@tl@5@PBUSUniquePointerInfo@core@5@ABUSParameters@95@@Z 00402f38 f i umodsys_lib_libmedia:umodsys.mod.media.stdlib.obj
 0001:00002019       ?root_get_interface_info@RGenerator@stdlib@media@modules@UModSys@@UBEABUSUniquePointerInfo@core@5@XZ 00403019 f i umodsys_lib_libmedia:umodsys.mod.media.stdlib.obj
 0001:0000201f       ?root_get_interface_type@RGenerator@stdlib@media@modules@UModSys@@UBEPBUSUniquePointerInfo@core@5@XZ 0040301f f i umodsys_lib_libmedia:umodsys.mod.media.stdlib.obj
 0001:00002025       ?root_get_other_interface@RGenerator@stdlib@media@modules@UModSys@@UBEPBUIRoot@core@5@PBUSUniquePointerInfo@75@@Z 00403025 f i umodsys_lib_libmedia:umodsys.mod.media.stdlib.obj
 0001:00002025       ?root_get_other_interface@RGenerator@stdlib@media@modules@UModSys@@UAEPAUIRoot@core@5@PBUSUniquePointerInfo@75@@Z 00403025 f i umodsys_lib_libmedia:umodsys.mod.media.stdlib.obj
 0001:0000204e       ?root_is_interface_supported@RGenerator@stdlib@media@modules@UModSys@@UBE_NPBUSUniquePointerInfo@core@5@@Z 0040304e f i umodsys_lib_libmedia:umodsys.mod.media.stdlib.obj
 0001:0000206d       ?get_uid@RGenerator@stdlib@media@modules@UModSys@@UBEPBUSUniquePointerInfo@core@5@XZ 0040306d f i umodsys_lib_libmedia:umodsys.mod.media.stdlib.obj
 0001:00002073       ?buffer_free@RUtilities@stdlib@media@modules@UModSys@@UAE_NAAUSBuffer@libmedia@5@PBUSSourceContext@core@5@@Z 00403073 f   umodsys_lib_libmedia:umodsys.mod.media.stdlib.obj
 0001:000020b4       ?buffer_alloc@RUtilities@stdlib@media@modules@UModSys@@UAE_NAAUSBuffer@libmedia@5@IPBUSSourceContext@core@5@@Z 004030b4 f   umodsys_lib_libmedia:umodsys.mod.media.stdlib.obj
 0001:0000217f       ?sub_writer@RUtilities@stdlib@media@modules@UModSys@@UAE?AU?$TRefObject@UIStreamWriter@libmedia@UModSys@@U?$TRefObjectFunc@UIStreamWriter@libmedia@UModSys@@@tl@3@@tl@5@PAUIStreamWriter@libmedia@5@_J1@Z 0040317f f   umodsys_lib_libmedia:umodsys.mod.media.stdlib.obj
 0001:0000217f       ?sub_reader@RUtilities@stdlib@media@modules@UModSys@@UAE?AU?$TRefObject@UIStreamReader@libmedia@UModSys@@U?$TRefObjectFunc@UIStreamReader@libmedia@UModSys@@@tl@3@@tl@5@PAUIStreamReader@libmedia@5@_J1@Z 0040317f f   umodsys_lib_libmedia:umodsys.mod.media.stdlib.obj
 0001:00002191       ?mem_reader@RUtilities@stdlib@media@modules@UModSys@@UAE?AU?$TRefObject@UIStreamReader@libmedia@UModSys@@U?$TRefObjectFunc@UIStreamReader@libmedia@UModSys@@@tl@3@@tl@5@ABUSCMemShared@core@5@@Z 00403191 f   umodsys_lib_libmedia:umodsys.mod.media.stdlib.obj
 0001:00002191       ?mem_reader@RUtilities@stdlib@media@modules@UModSys@@UAE?AU?$TRefObject@UIStreamReader@libmedia@UModSys@@U?$TRefObjectFunc@UIStreamReader@libmedia@UModSys@@@tl@3@@tl@5@ABUSCMem@core@5@@Z 00403191 f   umodsys_lib_libmedia:umodsys.mod.media.stdlib.obj
 0001:000021a3       ?mem_writer@RUtilities@stdlib@media@modules@UModSys@@UAE?AU?$TRefObject@UIStreamWriter@libmedia@UModSys@@U?$TRefObjectFunc@UIStreamWriter@libmedia@UModSys@@@tl@3@@tl@5@PBUSMem@core@5@PAUIMemWriterCompleted@IUtilities@libmedia@5@PAUIRefObject@95@@Z 004031a3 f   umodsys_lib_libmedia:umodsys.mod.media.stdlib.obj
 0001:000021b5       ??0RUtilities@stdlib@media@modules@UModSys@@QAE@PAUIModObject@base@4@ABUSParameters@core@4@@Z 004031b5 f   umodsys_lib_libmedia:umodsys.mod.media.stdlib.obj
 0001:0000220f       ??_ERUtilities@stdlib@media@modules@UModSys@@UAEPAXI@Z 0040320f f i  CIL library: CIL module
 0001:0000220f       ??_GRUtilities@stdlib@media@modules@UModSys@@UAEPAXI@Z 0040320f f i umodsys_lib_libmedia:umodsys.mod.media.stdlib.obj
 0001:0000223c       ??1ISystem@base@UModSys@@UAE@XZ 0040323c f i umodsys_lib_base:umodsys.base.system.obj
 0001:0000223c       ??1IRefObject@core@UModSys@@UAE@XZ 0040323c f i umodsys_lib_core:umodsys.core.objects.obj
 0001:0000223c       ??1IUtilities@libmedia@UModSys@@UAE@XZ 0040323c f i umodsys_lib_libmedia:umodsys.mod.media.stdlib.obj
 0001:0000223c       ??1IStreamReader@libmedia@UModSys@@UAE@XZ 0040323c f i umodsys_lib_libmedia:umodsys.mod.media.stdio.obj
 0001:0000223c       ??1IModule@base@UModSys@@UAE@XZ 0040323c f i umodsys_lib_base:umodsys.base.module.obj
 0001:0000223c       ??1IStreamWriter@libmedia@UModSys@@UAE@XZ 0040323c f i umodsys_lib_libmedia:umodsys.mod.media.stdio.obj
 0001:00002243       ?get_flag@RBinArchiveFrame@stdlib@media@modules@UModSys@@UBE?AW4eStates@?$TFlags4State@USMediaFlagUid@libmedia@UModSys@@I@tl@5@H@Z 00403243 f   umodsys_lib_libmedia:umodsys.mod.media.stdlib.obj
 0001:00002256       ?get_flags_auto@RBinArchiveFrame@stdlib@media@modules@UModSys@@UBE?AU?$TFlags4State@USMediaFlagUid@libmedia@UModSys@@I@tl@5@XZ 00403256 f   umodsys_lib_libmedia:umodsys.mod.media.stdlib.obj
 0001:00002265       ?set_flag@RBinArchiveFrame@stdlib@media@modules@UModSys@@UAE?AW4eStates@?$TFlags4State@USMediaFlagUid@libmedia@UModSys@@I@tl@5@HW46785@@Z 00403265 f   umodsys_lib_libmedia:umodsys.mod.media.stdlib.obj
 0001:00002292       ?data_reader@RBinArchiveFrame@stdlib@media@modules@UModSys@@UAE?AU?$TRefObject@UIStreamReader@libmedia@UModSys@@U?$TRefObjectFunc@UIStreamReader@libmedia@UModSys@@@tl@3@@tl@5@ABU?$TString@U?$TSCoreConst@D@su@tl@UModSys@@U?$TComparerBinaryHash@D@234@@75@ABUSFlags@libmedia@5@@Z 00403292 f   umodsys_lib_libmedia:umodsys.mod.media.stdlib.obj
 0001:00002323       ?data_writer@RBinArchiveFrame@stdlib@media@modules@UModSys@@UAE?AU?$TRefObject@UIStreamWriter@libmedia@UModSys@@U?$TRefObjectFunc@UIStreamWriter@libmedia@UModSys@@@tl@3@@tl@5@ABU?$TString@U?$TSCoreConst@D@su@tl@UModSys@@U?$TComparerBinaryHash@D@234@@75@ABUSFlags@libmedia@5@@Z 00403323 f   umodsys_lib_libmedia:umodsys.mod.media.stdlib.obj
 0001:00002357       ?data_load@RBinArchiveFrame@stdlib@media@modules@UModSys@@UAE_NABU?$TString@U?$TSCoreConst@D@su@tl@UModSys@@U?$TComparerBinaryHash@D@234@@tl@5@AAUSCMemShared@core@5@ABUSFlags@libmedia@5@@Z 00403357 f   umodsys_lib_libmedia:umodsys.mod.media.stdlib.obj
 0001:00002387       ?data_save@RBinArchiveFrame@stdlib@media@modules@UModSys@@UAE_NABU?$TString@U?$TSCoreConst@D@su@tl@UModSys@@U?$TComparerBinaryHash@D@234@@tl@5@ABUSCMem@core@5@ABUSFlags@libmedia@5@@Z 00403387 f   umodsys_lib_libmedia:umodsys.mod.media.stdlib.obj
 0001:000023af       ?data_list@RBinArchiveFrame@stdlib@media@modules@UModSys@@UAE_NABU?$TString@U?$TSCoreConst@D@su@tl@UModSys@@U?$TComparerBinaryHash@D@234@@tl@5@IAAU?$TIStackSocket@USFileInfo@libmedia@UModSys@@@75@ABUSFlags@libmedia@5@@Z 004033af f   umodsys_lib_libmedia:umodsys.mod.media.stdlib.obj
 0001:000024f7       ?data_info@RBinArchiveFrame@stdlib@media@modules@UModSys@@UAE_NABU?$TString@U?$TSCoreConst@D@su@tl@UModSys@@U?$TComparerBinaryHash@D@234@@tl@5@IAAUSFileInfo@libmedia@5@ABUSFlags@95@@Z 004034f7 f   umodsys_lib_libmedia:umodsys.mod.media.stdlib.obj
 0001:000025b7       ?get_permissions@RBinArchiveFrame@stdlib@media@modules@UModSys@@UAEHXZ 004035b7 f   umodsys_lib_libmedia:umodsys.mod.media.stdlib.obj
 0001:000025c4       ?open@RBinArchiveFrame@stdlib@media@modules@UModSys@@UAE_NPAUIClient@IBinArchiveFrame@libmedia@5@PBUSParameters@core@5@@Z 004035c4 f   umodsys_lib_libmedia:umodsys.mod.media.stdlib.obj
 0001:0000286e       ?close@RBinArchiveFrame@stdlib@media@modules@UModSys@@UAE_NXZ 0040386e f   umodsys_lib_libmedia:umodsys.mod.media.stdlib.obj
 0001:000028e5       ?add_node_r@RBinArchiveFrame@stdlib@media@modules@UModSys@@UAEPAUNameNode@IBinArchiveFrame@libmedia@5@ABU?$TString@U?$TSCoreConst@D@su@tl@UModSys@@U?$TComparerBinaryHash@D@234@@tl@5@IAAUSMem@core@5@@Z 004038e5 f   umodsys_lib_libmedia:umodsys.mod.media.stdlib.obj
 0001:0000296a       ?add_node_w@RBinArchiveFrame@stdlib@media@modules@UModSys@@UAEPAUNameNode@IBinArchiveFrame@libmedia@5@ABU?$TString@U?$TSCoreConst@D@su@tl@UModSys@@U?$TComparerBinaryHash@D@234@@tl@5@I@Z 0040396a f   umodsys_lib_libmedia:umodsys.mod.media.stdlib.obj
 0001:00002a08       ?remove_node@RBinArchiveFrame@stdlib@media@modules@UModSys@@UAE_NPAUNameNode@IBinArchiveFrame@libmedia@5@@Z 00403a08 f   umodsys_lib_libmedia:umodsys.mod.media.stdlib.obj
 0001:00002a29       ?find_node@RBinArchiveFrame@stdlib@media@modules@UModSys@@UAEPAUNameNode@IBinArchiveFrame@libmedia@5@ABU?$TString@U?$TSCoreConst@D@su@tl@UModSys@@U?$TComparerBinaryHash@D@234@@tl@5@@Z 00403a29 f   umodsys_lib_libmedia:umodsys.mod.media.stdlib.obj
 0001:00002aad       ?node_size@RBinArchiveFrame@stdlib@media@modules@UModSys@@UAEIABU?$TString@U?$TSCoreConst@D@su@tl@UModSys@@U?$TComparerBinaryHash@D@234@@tl@5@H@Z 00403aad f   umodsys_lib_libmedia:umodsys.mod.media.stdlib.obj
 0001:00002ac2       ?kill_node@RBinArchiveFrame@stdlib@media@modules@UModSys@@SA_NPAUNameNode@IBinArchiveFrame@libmedia@5@@Z 00403ac2 f   umodsys_lib_libmedia:umodsys.mod.media.stdlib.obj
 0001:00002add       ?fill_info@RBinArchiveFrame@stdlib@media@modules@UModSys@@QAE_NAAUSFileInfo@libmedia@5@PAUNameNode@IBinArchiveFrame@75@ABU?$TString@U?$TSCoreConst@D@su@tl@UModSys@@U?$TComparerBinaryHash@D@234@@tl@5@I@Z 00403add f   umodsys_lib_libmedia:umodsys.mod.media.stdlib.obj
 0001:00002c40       ?openr@RBinArchiveFrame@stdlib@media@modules@UModSys@@QAE_NPAUILibrary@libmedia@5@ABU?$TString@U?$TSCoreConst@D@su@tl@UModSys@@U?$TComparerBinaryHash@D@234@@tl@5@PBUSParameters@core@5@@Z 00403c40 f   umodsys_lib_libmedia:umodsys.mod.media.stdlib.obj
 0001:00002d1b       ?closew@RBinArchiveFrame@stdlib@media@modules@UModSys@@QAE_N_N@Z 00403d1b f   umodsys_lib_libmedia:umodsys.mod.media.stdlib.obj
 0001:00002de9       ??0RBinArchiveFrame@stdlib@media@modules@UModSys@@QAE@PAUIModObject@base@4@ABUSParameters@core@4@U?$TFlags4State@USMediaFlagUid@libmedia@UModSys@@I@tl@4@@Z 00403de9 f   umodsys_lib_libmedia:umodsys.mod.media.stdlib.obj
 0001:00002e9d       ??_ERBinArchiveFrame@stdlib@media@modules@UModSys@@UAEPAXI@Z 00403e9d f i  CIL library: CIL module
 0001:00002e9d       ??_GRBinArchiveFrame@stdlib@media@modules@UModSys@@UAEPAXI@Z 00403e9d f i umodsys_lib_libmedia:umodsys.mod.media.stdlib.obj
 0001:00002eba       ??1IBinArchiveFrame@libmedia@UModSys@@UAE@XZ 00403eba f i umodsys_lib_libmedia:umodsys.mod.media.stdlib.obj
 0001:00002f20       ??1RBinArchiveFrame@stdlib@media@modules@UModSys@@UAE@XZ 00403f20 f   umodsys_lib_libmedia:umodsys.mod.media.stdlib.obj
 0001:00002fa3       ??0RLibraryBinTree@stdlib@media@modules@UModSys@@QAE@PAUIModObject@base@4@ABUSParameters@core@4@U?$TFlags4State@USMediaFlagUid@libmedia@UModSys@@I@tl@4@@Z 00403fa3 f   umodsys_lib_libmedia:umodsys.mod.media.stdlib.obj
 0001:00003003       ??_ERLibraryBinTree@stdlib@media@modules@UModSys@@UAEPAXI@Z 00404003 f i  CIL library: CIL module
 0001:00003003       ??_GRLibraryBinTree@stdlib@media@modules@UModSys@@UAEPAXI@Z 00404003 f i umodsys_lib_libmedia:umodsys.mod.media.stdlib.obj
 0001:00003064       ?get_flags_auto@RLibraryBinTree@stdlib@media@modules@UModSys@@UBE?AU?$TFlags4State@USMediaFlagUid@libmedia@UModSys@@I@tl@5@XZ 00404064 f   umodsys_lib_libmedia:umodsys.mod.media.stdlib.obj
 0001:00003073       ?bin_reader@RLibraryBinTree@stdlib@media@modules@UModSys@@UAE?AU?$TRefObject@UIStreamReader@libmedia@UModSys@@U?$TRefObjectFunc@UIStreamReader@libmedia@UModSys@@@tl@3@@tl@5@ABU?$TString@U?$TSCoreConst@D@su@tl@UModSys@@U?$TComparerBinaryHash@D@234@@75@ABUSFlags@libmedia@5@@Z 00404073 f   umodsys_lib_libmedia:umodsys.mod.media.stdlib.obj
 0001:00003162       ?bin_writer@RLibraryBinTree@stdlib@media@modules@UModSys@@UAE?AU?$TRefObject@UIStreamWriter@libmedia@UModSys@@U?$TRefObjectFunc@UIStreamWriter@libmedia@UModSys@@@tl@3@@tl@5@ABU?$TString@U?$TSCoreConst@D@su@tl@UModSys@@U?$TComparerBinaryHash@D@234@@75@ABUSFlags@libmedia@5@@Z 00404162 f   umodsys_lib_libmedia:umodsys.mod.media.stdlib.obj
 0001:00003251       ?bin_load@RLibraryBinTree@stdlib@media@modules@UModSys@@UAE_NABU?$TString@U?$TSCoreConst@D@su@tl@UModSys@@U?$TComparerBinaryHash@D@234@@tl@5@AAUSCMemShared@core@5@ABUSFlags@libmedia@5@@Z 00404251 f   umodsys_lib_libmedia:umodsys.mod.media.stdlib.obj
 0001:00003303       ?bin_save@RLibraryBinTree@stdlib@media@modules@UModSys@@UAE_NABU?$TString@U?$TSCoreConst@D@su@tl@UModSys@@U?$TComparerBinaryHash@D@234@@tl@5@ABUSCMem@core@5@ABUSFlags@libmedia@5@@Z 00404303 f   umodsys_lib_libmedia:umodsys.mod.media.stdlib.obj
 0001:000033a9       ?bin_info@RLibraryBinTree@stdlib@media@modules@UModSys@@UAE_NABU?$TString@U?$TSCoreConst@D@su@tl@UModSys@@U?$TComparerBinaryHash@D@234@@tl@5@AAUSFileInfo@libmedia@5@ABUSFlags@95@@Z 004043a9 f   umodsys_lib_libmedia:umodsys.mod.media.stdlib.obj
 0001:00003441       ?bin_list@RLibraryBinTree@stdlib@media@modules@UModSys@@UAE_NABU?$TString@U?$TSCoreConst@D@su@tl@UModSys@@U?$TComparerBinaryHash@D@234@@tl@5@AAU?$TIStackSocket@USFileInfo@libmedia@UModSys@@@75@ABUSFlags@libmedia@5@@Z 00404441 f   umodsys_lib_libmedia:umodsys.mod.media.stdlib.obj
 0001:000034e6       ?mount_get@RLibraryBinTree@stdlib@media@modules@UModSys@@UBE?AUSPoint@ILibraryBinTree@libmedia@5@ABUSId@785@@Z 004044e6 f   umodsys_lib_libmedia:umodsys.mod.media.stdlib.obj
 0001:00003535       ?mount_add@RLibraryBinTree@stdlib@media@modules@UModSys@@UAE_NABUSId@ILibraryBinTree@libmedia@5@ABUSPoint@785@@Z 00404535 f   umodsys_lib_libmedia:umodsys.mod.media.stdlib.obj
 0001:0000360f       ?mount_remove@RLibraryBinTree@stdlib@media@modules@UModSys@@UAE_NABUSId@ILibraryBinTree@libmedia@5@@Z 0040460f f   umodsys_lib_libmedia:umodsys.mod.media.stdlib.obj
 0001:00003646       ?mount_clear@RLibraryBinTree@stdlib@media@modules@UModSys@@UAE_NXZ 00404646 f   umodsys_lib_libmedia:umodsys.mod.media.stdlib.obj
 0001:00003664       ??0RLibraryBinCache@stdlib@media@modules@UModSys@@QAE@PAUIModObject@base@4@ABUSParameters@core@4@U?$TFlags4State@USMediaFlagUid@libmedia@UModSys@@I@tl@4@@Z 00404664 f   umodsys_lib_libmedia:umodsys.mod.media.stdlib.obj
 0001:000036c4       ??_ERLibraryBinCache@stdlib@media@modules@UModSys@@UAEPAXI@Z 004046c4 f i  CIL library: CIL module
 0001:000036c4       ??_GRLibraryBinCache@stdlib@media@modules@UModSys@@UAEPAXI@Z 004046c4 f i umodsys_lib_libmedia:umodsys.mod.media.stdlib.obj
 0001:00003725       ?get_flag@RLibraryObjCache@stdlib@media@modules@UModSys@@UBE?AW4eStates@?$TFlags4State@USMediaFlagUid@libmedia@UModSys@@I@tl@5@H@Z 00404725 f   umodsys_lib_libmedia:umodsys.mod.media.stdlib.obj
 0001:00003725       ?get_flag@RLibraryBinCache@stdlib@media@modules@UModSys@@UBE?AW4eStates@?$TFlags4State@USMediaFlagUid@libmedia@UModSys@@I@tl@5@H@Z 00404725 f   umodsys_lib_libmedia:umodsys.mod.media.stdlib.obj
 0001:00003725       ?get_flag@RLibraryObjFilter@stdlib@media@modules@UModSys@@UBE?AW4eStates@?$TFlags4State@USMediaFlagUid@libmedia@UModSys@@I@tl@5@H@Z 00404725 f   umodsys_lib_libmedia:umodsys.mod.media.stdlib.obj
 0001:00003725       ?get_flag@RLibraryBinTree@stdlib@media@modules@UModSys@@UBE?AW4eStates@?$TFlags4State@USMediaFlagUid@libmedia@UModSys@@I@tl@5@H@Z 00404725 f   umodsys_lib_libmedia:umodsys.mod.media.stdlib.obj
 0001:00003738       ?get_flags_auto@RLibraryBinCache@stdlib@media@modules@UModSys@@UBE?AU?$TFlags4State@USMediaFlagUid@libmedia@UModSys@@I@tl@5@XZ 00404738 f   umodsys_lib_libmedia:umodsys.mod.media.stdlib.obj
 0001:00003747       ?set_flag@RLibraryObjCache@stdlib@media@modules@UModSys@@UAE?AW4eStates@?$TFlags4State@USMediaFlagUid@libmedia@UModSys@@I@tl@5@HW46785@@Z 00404747 f   umodsys_lib_libmedia:umodsys.mod.media.stdlib.obj
 0001:00003747       ?set_flag@RLibraryBinCache@stdlib@media@modules@UModSys@@UAE?AW4eStates@?$TFlags4State@USMediaFlagUid@libmedia@UModSys@@I@tl@5@HW46785@@Z 00404747 f   umodsys_lib_libmedia:umodsys.mod.media.stdlib.obj
 0001:00003747       ?set_flag@RLibraryObjFilter@stdlib@media@modules@UModSys@@UAE?AW4eStates@?$TFlags4State@USMediaFlagUid@libmedia@UModSys@@I@tl@5@HW46785@@Z 00404747 f   umodsys_lib_libmedia:umodsys.mod.media.stdlib.obj
 0001:00003747       ?set_flag@RLibraryBinTree@stdlib@media@modules@UModSys@@UAE?AW4eStates@?$TFlags4State@USMediaFlagUid@libmedia@UModSys@@I@tl@5@HW46785@@Z 00404747 f   umodsys_lib_libmedia:umodsys.mod.media.stdlib.obj
 0001:00003774       ?bin_load@RLibraryBinCache@stdlib@media@modules@UModSys@@UAE_NABU?$TString@U?$TSCoreConst@D@su@tl@UModSys@@U?$TComparerBinaryHash@D@234@@tl@5@AAUSCMemShared@core@5@ABUSFlags@libmedia@5@@Z 00404774 f   umodsys_lib_libmedia:umodsys.mod.media.stdlib.obj
 0001:000037cb       ?bin_put@RLibraryBinCache@stdlib@media@modules@UModSys@@UAE_NABU?$TString@U?$TSCoreConst@D@su@tl@UModSys@@U?$TComparerBinaryHash@D@234@@tl@5@PBUSCMemShared@core@5@@Z 004047cb f   umodsys_lib_libmedia:umodsys.mod.media.stdlib.obj
 0001:000037e1       ?bincache_get@RLibraryBinCache@stdlib@media@modules@UModSys@@UBE_NABU?$TString@U?$TSCoreConst@D@su@tl@UModSys@@U?$TComparerBinaryHash@D@234@@tl@5@PAUSCMemShared@core@5@PA_N@Z 004047e1 f   umodsys_lib_libmedia:umodsys.mod.media.stdlib.obj
 0001:00003833       ?bincache_add@RLibraryBinCache@stdlib@media@modules@UModSys@@UAE_NABU?$TString@U?$TSCoreConst@D@su@tl@UModSys@@U?$TComparerBinaryHash@D@234@@tl@5@@Z 00404833 f   umodsys_lib_libmedia:umodsys.mod.media.stdlib.obj
 0001:00003879       ?bincache_add@RLibraryBinCache@stdlib@media@modules@UModSys@@UAE_NABU?$TString@U?$TSCoreConst@D@su@tl@UModSys@@U?$TComparerBinaryHash@D@234@@tl@5@ABUSCMemShared@core@5@@Z 00404879 f   umodsys_lib_libmedia:umodsys.mod.media.stdlib.obj
 0001:0000388b       ?bincache_remove@RLibraryBinCache@stdlib@media@modules@UModSys@@UAE_NABU?$TString@U?$TSCoreConst@D@su@tl@UModSys@@U?$TComparerBinaryHash@D@234@@tl@5@@Z 0040488b f   umodsys_lib_libmedia:umodsys.mod.media.stdlib.obj
 0001:000038c2       ?bincache_clear@RLibraryBinCache@stdlib@media@modules@UModSys@@UAE_NXZ 004048c2 f   umodsys_lib_libmedia:umodsys.mod.media.stdlib.obj
 0001:000038e0       ?bincache_add@RLibraryBinCache@stdlib@media@modules@UModSys@@QAE_NABU?$TString@U?$TSCoreConst@D@su@tl@UModSys@@U?$TComparerBinaryHash@D@234@@tl@5@ABUSCMemShared@core@5@_N@Z 004048e0 f   umodsys_lib_libmedia:umodsys.mod.media.stdlib.obj
 0001:0000398d       ??0RLibraryLayered@stdlib@media@modules@UModSys@@QAE@PAUIModObject@base@4@ABUSParameters@core@4@U?$TFlags4State@USMediaFlagUid@libmedia@UModSys@@I@tl@4@@Z 0040498d f   umodsys_lib_libmedia:umodsys.mod.media.stdlib.obj
 0001:000039fe       ??_ERLibraryLayered@stdlib@media@modules@UModSys@@UAEPAXI@Z 004049fe f i  CIL library: CIL module
 0001:000039fe       ??_GRLibraryLayered@stdlib@media@modules@UModSys@@UAEPAXI@Z 004049fe f i umodsys_lib_libmedia:umodsys.mod.media.stdlib.obj
 0001:00003a32       ?get_flag@RLibraryLayered@stdlib@media@modules@UModSys@@UBE?AW4eStates@?$TFlags4State@USMediaFlagUid@libmedia@UModSys@@I@tl@5@H@Z 00404a32 f   umodsys_lib_libmedia:umodsys.mod.media.stdlib.obj
 0001:00003a45       ?get_flags_auto@RLibraryLayered@stdlib@media@modules@UModSys@@UBE?AU?$TFlags4State@USMediaFlagUid@libmedia@UModSys@@I@tl@5@XZ 00404a45 f   umodsys_lib_libmedia:umodsys.mod.media.stdlib.obj
 0001:00003a54       ?set_flag@RLibraryLayered@stdlib@media@modules@UModSys@@UAE?AW4eStates@?$TFlags4State@USMediaFlagUid@libmedia@UModSys@@I@tl@5@HW46785@@Z 00404a54 f   umodsys_lib_libmedia:umodsys.mod.media.stdlib.obj
 0001:00003a81       ?bin_reader@RLibraryLayered@stdlib@media@modules@UModSys@@UAE?AU?$TRefObject@UIStreamReader@libmedia@UModSys@@U?$TRefObjectFunc@UIStreamReader@libmedia@UModSys@@@tl@3@@tl@5@ABU?$TString@U?$TSCoreConst@D@su@tl@UModSys@@U?$TComparerBinaryHash@D@234@@75@ABUSFlags@libmedia@5@@Z 00404a81 f   umodsys_lib_libmedia:umodsys.mod.media.stdlib.obj
 0001:00003b32       ?bin_writer@RLibraryLayered@stdlib@media@modules@UModSys@@UAE?AU?$TRefObject@UIStreamWriter@libmedia@UModSys@@U?$TRefObjectFunc@UIStreamWriter@libmedia@UModSys@@@tl@3@@tl@5@ABU?$TString@U?$TSCoreConst@D@su@tl@UModSys@@U?$TComparerBinaryHash@D@234@@75@ABUSFlags@libmedia@5@@Z 00404b32 f   umodsys_lib_libmedia:umodsys.mod.media.stdlib.obj
 0001:00003be3       ?bin_load@RLibraryLayered@stdlib@media@modules@UModSys@@UAE_NABU?$TString@U?$TSCoreConst@D@su@tl@UModSys@@U?$TComparerBinaryHash@D@234@@tl@5@AAUSCMemShared@core@5@ABUSFlags@libmedia@5@@Z 00404be3 f   umodsys_lib_libmedia:umodsys.mod.media.stdlib.obj
 0001:00003cea       ?bin_save@RLibraryLayered@stdlib@media@modules@UModSys@@UAE_NABU?$TString@U?$TSCoreConst@D@su@tl@UModSys@@U?$TComparerBinaryHash@D@234@@tl@5@ABUSCMem@core@5@ABUSFlags@libmedia@5@@Z 00404cea f   umodsys_lib_libmedia:umodsys.mod.media.stdlib.obj
 0001:00003e07       ?bin_info@RLibraryLayered@stdlib@media@modules@UModSys@@UAE_NABU?$TString@U?$TSCoreConst@D@su@tl@UModSys@@U?$TComparerBinaryHash@D@234@@tl@5@AAUSFileInfo@libmedia@5@ABUSFlags@95@@Z 00404e07 f   umodsys_lib_libmedia:umodsys.mod.media.stdlib.obj
 0001:00003e77       ?bin_list@RLibraryLayered@stdlib@media@modules@UModSys@@UAE_NABU?$TString@U?$TSCoreConst@D@su@tl@UModSys@@U?$TComparerBinaryHash@D@234@@tl@5@AAU?$TIStackSocket@USFileInfo@libmedia@UModSys@@@75@ABUSFlags@libmedia@5@@Z 00404e77 f   umodsys_lib_libmedia:umodsys.mod.media.stdlib.obj
 0001:00003eed       ?bin_get@RLibraryLayered@stdlib@media@modules@UModSys@@UAE_NABU?$TString@U?$TSCoreConst@D@su@tl@UModSys@@U?$TComparerBinaryHash@D@234@@tl@5@AAUSCMemShared@core@5@_N@Z 00404eed f   umodsys_lib_libmedia:umodsys.mod.media.stdlib.obj
 0001:00003f2f       ?bin_put@RLibraryLayered@stdlib@media@modules@UModSys@@UAE_NABU?$TString@U?$TSCoreConst@D@su@tl@UModSys@@U?$TComparerBinaryHash@D@234@@tl@5@PBUSCMemShared@core@5@@Z 00404f2f f   umodsys_lib_libmedia:umodsys.mod.media.stdlib.obj
 0001:00003f6d       ?obj_fget@RLibraryLayered@stdlib@media@modules@UModSys@@UAE_NABUSInfo@IBinObjFilter@libmedia@5@AAU?$TRefObject@UIRefObject@core@UModSys@@U?$TRefObjectFunc@UIRefObject@core@UModSys@@@tl@3@@tl@5@@Z 00404f6d f   umodsys_lib_libmedia:umodsys.mod.media.stdlib.obj
 0001:00003fab       ?obj_fload@RLibraryLayered@stdlib@media@modules@UModSys@@UAE_NABUSInfo@IBinObjFilter@libmedia@5@PAUIRefObject@core@5@@Z 00404fab f   umodsys_lib_libmedia:umodsys.mod.media.stdlib.obj
 0001:00003fe9       ?obj_fsave@RLibraryLayered@stdlib@media@modules@UModSys@@UAE_NAAUSInfo@IBinObjFilter@libmedia@5@PBUIRefObject@core@5@@Z 00404fe9 f   umodsys_lib_libmedia:umodsys.mod.media.stdlib.obj
 0001:00004027       ?obj_cget@RLibraryLayered@stdlib@media@modules@UModSys@@UAE_NABU?$TString@U?$TSCoreConst@D@su@tl@UModSys@@U?$TComparerBinaryHash@D@234@@tl@5@AAU?$TRefObject@UIRefObject@core@UModSys@@U?$TRefObjectFunc@UIRefObject@core@UModSys@@@tl@3@@75@_N@Z 00405027 f   umodsys_lib_libmedia:umodsys.mod.media.stdlib.obj
 0001:00004069       ?obj_cput@RLibraryLayered@stdlib@media@modules@UModSys@@UAE_NABU?$TString@U?$TSCoreConst@D@su@tl@UModSys@@U?$TComparerBinaryHash@D@234@@tl@5@PAUIRefObject@core@5@@Z 00405069 f   umodsys_lib_libmedia:umodsys.mod.media.stdlib.obj
 0001:000040a7       ?obj_get@RLibraryLayered@stdlib@media@modules@UModSys@@UAE_NABU?$TString@U?$TSCoreConst@D@su@tl@UModSys@@U?$TComparerBinaryHash@D@234@@tl@5@AAU?$TRefObject@UIRefObject@core@UModSys@@U?$TRefObjectFunc@UIRefObject@core@UModSys@@@tl@3@@75@ABUSObjOptions@ILibrary@libmedia@5@@Z 004050a7 f   umodsys_lib_libmedia:umodsys.mod.media.stdlib.obj
 0001:00004247       ?obj_load@RLibraryLayered@stdlib@media@modules@UModSys@@UAE_NABU?$TString@U?$TSCoreConst@D@su@tl@UModSys@@U?$TComparerBinaryHash@D@234@@tl@5@PAUIRefObject@core@5@ABUSObjOptions@ILibrary@libmedia@5@@Z 00405247 f   umodsys_lib_libmedia:umodsys.mod.media.stdlib.obj
 0001:00004348       ?obj_save@RLibraryLayered@stdlib@media@modules@UModSys@@UAE_NABU?$TString@U?$TSCoreConst@D@su@tl@UModSys@@U?$TComparerBinaryHash@D@234@@tl@5@PBUIRefObject@core@5@ABUSObjOptions@ILibrary@libmedia@5@@Z 00405348 f   umodsys_lib_libmedia:umodsys.mod.media.stdlib.obj
 0001:00004470       ?layer_count@RLibraryLayered@stdlib@media@modules@UModSys@@UBEIABUSLayer@ILibraryLayered@libmedia@5@@Z 00405470 f   umodsys_lib_libmedia:umodsys.mod.media.stdlib.obj
 0001:00004476       ?layer_get@RLibraryLayered@stdlib@media@modules@UModSys@@UBE?AUSLayer@ILibraryLayered@libmedia@5@I@Z 00405476 f   umodsys_lib_libmedia:umodsys.mod.media.stdlib.obj
 0001:00004499       ??0SLayer@ILibraryLayered@libmedia@UModSys@@QAE@ABU0123@@Z 00405499 f i umodsys_lib_libmedia:umodsys.mod.media.stdlib.obj
 0001:000044c5       ?layer_find@RLibraryLayered@stdlib@media@modules@UModSys@@UBEIABU?$TString@U?$TSCoreConst@D@su@tl@UModSys@@U?$TComparerBinaryHash@D@234@@tl@5@I@Z 004054c5 f   umodsys_lib_libmedia:umodsys.mod.media.stdlib.obj
 0001:0000450d       ?layer_insert@RLibraryLayered@stdlib@media@modules@UModSys@@UAE_NABUSLayer@ILibraryLayered@libmedia@5@I@Z 0040550d f   umodsys_lib_libmedia:umodsys.mod.media.stdlib.obj
 0001:00004580       ?layer_remove@RLibraryLayered@stdlib@media@modules@UModSys@@UAE_NI@Z 00405580 f   umodsys_lib_libmedia:umodsys.mod.media.stdlib.obj
 0001:000045ca       ?layer_clear@RLibraryLayered@stdlib@media@modules@UModSys@@UAE_NXZ 004055ca f   umodsys_lib_libmedia:umodsys.mod.media.stdlib.obj
 0001:000045d4       ??0RLibraryObjCache@stdlib@media@modules@UModSys@@QAE@PAUIModObject@base@4@ABUSParameters@core@4@U?$TFlags4State@USMediaFlagUid@libmedia@UModSys@@I@tl@4@@Z 004055d4 f   umodsys_lib_libmedia:umodsys.mod.media.stdlib.obj
 0001:00004634       ??_ERLibraryObjCache@stdlib@media@modules@UModSys@@UAEPAXI@Z 00405634 f i  CIL library: CIL module
 0001:00004634       ??_GRLibraryObjCache@stdlib@media@modules@UModSys@@UAEPAXI@Z 00405634 f i umodsys_lib_libmedia:umodsys.mod.media.stdlib.obj
 0001:00004695       ?get_flags_auto@RLibraryObjCache@stdlib@media@modules@UModSys@@UBE?AU?$TFlags4State@USMediaFlagUid@libmedia@UModSys@@I@tl@5@XZ 00405695 f   umodsys_lib_libmedia:umodsys.mod.media.stdlib.obj
 0001:000046a4       ?obj_cget@RLibraryObjCache@stdlib@media@modules@UModSys@@UAE_NABU?$TString@U?$TSCoreConst@D@su@tl@UModSys@@U?$TComparerBinaryHash@D@234@@tl@5@AAU?$TRefObject@UIRefObject@core@UModSys@@U?$TRefObjectFunc@UIRefObject@core@UModSys@@@tl@3@@75@_N@Z 004056a4 f   umodsys_lib_libmedia:umodsys.mod.media.stdlib.obj
 0001:000046a4       ?bin_get@RLibraryBinCache@stdlib@media@modules@UModSys@@UAE_NABU?$TString@U?$TSCoreConst@D@su@tl@UModSys@@U?$TComparerBinaryHash@D@234@@tl@5@AAUSCMemShared@core@5@_N@Z 004056a4 f   umodsys_lib_libmedia:umodsys.mod.media.stdlib.obj
 0001:000046d0       ?obj_cput@RLibraryObjCache@stdlib@media@modules@UModSys@@UAE_NABU?$TString@U?$TSCoreConst@D@su@tl@UModSys@@U?$TComparerBinaryHash@D@234@@tl@5@PAUIRefObject@core@5@@Z 004056d0 f   umodsys_lib_libmedia:umodsys.mod.media.stdlib.obj
 0001:000046d5       ?obj_get@RLibraryObjCache@stdlib@media@modules@UModSys@@UAE_NABU?$TString@U?$TSCoreConst@D@su@tl@UModSys@@U?$TComparerBinaryHash@D@234@@tl@5@AAU?$TRefObject@UIRefObject@core@UModSys@@U?$TRefObjectFunc@UIRefObject@core@UModSys@@@tl@3@@75@ABUSObjOptions@ILibrary@libmedia@5@@Z 004056d5 f   umodsys_lib_libmedia:umodsys.mod.media.stdlib.obj
 0001:0000475b       ?objcache_get@RLibraryObjCache@stdlib@media@modules@UModSys@@UBE_NABU?$TString@U?$TSCoreConst@D@su@tl@UModSys@@U?$TComparerBinaryHash@D@234@@tl@5@PAU?$TRefObject@UIRefObject@core@UModSys@@U?$TRefObjectFunc@UIRefObject@core@UModSys@@@tl@3@@75@PA_N@Z 0040575b f   umodsys_lib_libmedia:umodsys.mod.media.stdlib.obj
 0001:000047c7       ?objcache_add@RLibraryObjCache@stdlib@media@modules@UModSys@@UAE_NABU?$TString@U?$TSCoreConst@D@su@tl@UModSys@@U?$TComparerBinaryHash@D@234@@tl@5@PAUIRefObject@core@5@@Z 004057c7 f   umodsys_lib_libmedia:umodsys.mod.media.stdlib.obj
 0001:00004872       ?objcache_remove@RLibraryObjCache@stdlib@media@modules@UModSys@@UAE_NABU?$TString@U?$TSCoreConst@D@su@tl@UModSys@@U?$TComparerBinaryHash@D@234@@tl@5@@Z 00405872 f   umodsys_lib_libmedia:umodsys.mod.media.stdlib.obj
 0001:000048a9       ?objcache_clear@RLibraryObjCache@stdlib@media@modules@UModSys@@UAE_NXZ 004058a9 f   umodsys_lib_libmedia:umodsys.mod.media.stdlib.obj
 0001:000048c7       ??0RLibraryObjFilter@stdlib@media@modules@UModSys@@QAE@PAUIModObject@base@4@ABUSParameters@core@4@U?$TFlags4State@USMediaFlagUid@libmedia@UModSys@@I@tl@4@@Z 004058c7 f   umodsys_lib_libmedia:umodsys.mod.media.stdlib.obj
 0001:00004927       ??_ERLibraryObjFilter@stdlib@media@modules@UModSys@@UAEPAXI@Z 00405927 f i  CIL library: CIL module
 0001:00004927       ??_GRLibraryObjFilter@stdlib@media@modules@UModSys@@UAEPAXI@Z 00405927 f i umodsys_lib_libmedia:umodsys.mod.media.stdlib.obj
 0001:00004988       ?get_flags_auto@RLibraryObjFilter@stdlib@media@modules@UModSys@@UBE?AU?$TFlags4State@USMediaFlagUid@libmedia@UModSys@@I@tl@5@XZ 00405988 f   umodsys_lib_libmedia:umodsys.mod.media.stdlib.obj
 0001:00004997       ?obj_fget@RLibraryObjFilter@stdlib@media@modules@UModSys@@UAE_NABUSInfo@IBinObjFilter@libmedia@5@AAU?$TRefObject@UIRefObject@core@UModSys@@U?$TRefObjectFunc@UIRefObject@core@UModSys@@@tl@3@@tl@5@@Z 00405997 f   umodsys_lib_libmedia:umodsys.mod.media.stdlib.obj
 0001:0000499f       ?obj_fload@RLibraryObjFilter@stdlib@media@modules@UModSys@@UAE_NABUSInfo@IBinObjFilter@libmedia@5@PAUIRefObject@core@5@@Z 0040599f f   umodsys_lib_libmedia:umodsys.mod.media.stdlib.obj
 0001:000049a4       ?obj_fsave@RLibraryObjFilter@stdlib@media@modules@UModSys@@UAE_NAAUSInfo@IBinObjFilter@libmedia@5@PBUIRefObject@core@5@@Z 004059a4 f   umodsys_lib_libmedia:umodsys.mod.media.stdlib.obj
 0001:000049ac       ?filters_add@RLibraryObjFilter@stdlib@media@modules@UModSys@@UAE_NU?$TRefObject@UIBinObjFilter@libmedia@UModSys@@U?$TRefObjectFunc@UIBinObjFilter@libmedia@UModSys@@@tl@3@@tl@5@PBUSParameters@core@5@H@Z 004059ac f   umodsys_lib_libmedia:umodsys.mod.media.stdlib.obj
 0001:00004a48       ?filters_remove@RLibraryObjFilter@stdlib@media@modules@UModSys@@UAE_NPAUIBinObjFilter@libmedia@5@H@Z 00405a48 f   umodsys_lib_libmedia:umodsys.mod.media.stdlib.obj
 0001:00004a98       ?filters_clear@RLibraryObjFilter@stdlib@media@modules@UModSys@@UAE_NXZ 00405a98 f   umodsys_lib_libmedia:umodsys.mod.media.stdlib.obj
 0001:00004ab6       ?filters_load@RLibraryObjFilter@stdlib@media@modules@UModSys@@UAE_NABUSInfo@IBinObjFilter@libmedia@5@AAU?$TRefObject@UIRefObject@core@UModSys@@U?$TRefObjectFunc@UIRefObject@core@UModSys@@@tl@3@@tl@5@@Z 00405ab6 f   umodsys_lib_libmedia:umodsys.mod.media.stdlib.obj
 0001:00004b13       ?filters_load@RLibraryObjFilter@stdlib@media@modules@UModSys@@UAE_NABUSInfo@IBinObjFilter@libmedia@5@PAUIRefObject@core@5@@Z 00405b13 f   umodsys_lib_libmedia:umodsys.mod.media.stdlib.obj
 0001:00004b70       ?filters_save@RLibraryObjFilter@stdlib@media@modules@UModSys@@UAE_NAAUSInfo@IBinObjFilter@libmedia@5@PBUIRefObject@core@5@@Z 00405b70 f   umodsys_lib_libmedia:umodsys.mod.media.stdlib.obj
 0001:00004bcd       ?do_open@RModuleReg@stdlib@media@modules@UModSys@@UAE_NXZ 00405bcd f i umodsys_lib_libmedia:umodsys.mod.media.stdlib.obj
 0001:00004c1b       ?do_close@RModuleReg@stdlib@media@modules@UModSys@@UAE_NXZ 00405c1b f i umodsys_lib_libmedia:umodsys.mod.media.stdlib.obj
 0001:00004c56       ?get_module@RGenerator@stdlib@media@modules@UModSys@@UBEPAUIModule@base@5@XZ 00405c56 f   umodsys_lib_libmedia:umodsys.mod.media.stdlib.obj
 0001:00004c5c       ?mod_inc@RGenerator@stdlib@media@modules@UModSys@@UBE_NXZ 00405c5c f   umodsys_lib_libmedia:umodsys.mod.media.stdlib.obj
 0001:00004c67       ?mod_dec@RGenerator@stdlib@media@modules@UModSys@@UBE_NXZ 00405c67 f   umodsys_lib_libmedia:umodsys.mod.media.stdlib.obj
 0001:00004c72       ?s_holder@RGenerator@stdlib@media@modules@UModSys@@SAAAU?$TTypeStaticHolder@URGenerator@stdlib@media@modules@UModSys@@@tl@5@XZ 00405c72 f   umodsys_lib_libmedia:umodsys.mod.media.stdlib.obj
 0001:00004ca4       ?cat@?$TSCoreBuffer@D@su@tl@UModSys@@QAE_NPBDI@Z 00405ca4 f i umodsys_lib_libmedia:umodsys.mod.media.stdlib.obj
 0001:00004ce2       ??4?$TString@U?$TSCoreConst@D@su@tl@UModSys@@U?$TComparerBinaryHash@D@234@@tl@UModSys@@QAEABU012@PBD@Z 00405ce2 f i umodsys_lib_libmedia:umodsys.mod.media.stdlib.obj
[...]
 0001:0000df7a       __ehhandler$??0RLibraryBinTree@stdlib@media@modules@UModSys@@QAE@PAUIModObject@base@4@ABUSParameters@core@4@U?$TFlags4State@USMediaFlagUid@libmedia@UModSys@@I@tl@4@@Z 0040ef7a f    CIL library: CIL module
 0001:0000df7a       __ehhandler$??0RLibraryLayered@stdlib@media@modules@UModSys@@QAE@PAUIModObject@base@4@ABUSParameters@core@4@U?$TFlags4State@USMediaFlagUid@libmedia@UModSys@@I@tl@4@@Z 0040ef7a f    CIL library: CIL module
 0001:0000df7a       __ehhandler$??0RLibraryBinCache@stdlib@media@modules@UModSys@@QAE@PAUIModObject@base@4@ABUSParameters@core@4@U?$TFlags4State@USMediaFlagUid@libmedia@UModSys@@I@tl@4@@Z 0040ef7a f    CIL library: CIL module
 0001:0000df84       __unwindfunclet$?bincache_add@RLibraryBinCache@stdlib@media@modules@UModSys@@UAE_NABU?$TString@U?$TSCoreConst@D@su@tl@UModSys@@U?$TComparerBinaryHash@D@234@@tl@5@@Z$0 0040ef84 f    CIL library: CIL module
 0001:0000df8c       __ehhandler$?bincache_add@RLibraryBinCache@stdlib@media@modules@UModSys@@UAE_NABU?$TString@U?$TSCoreConst@D@su@tl@UModSys@@U?$TComparerBinaryHash@D@234@@tl@5@@Z 0040ef8c f    CIL library: CIL module
 0001:0000df96       __unwindfunclet$?mount_add@RLibraryBinTree@stdlib@media@modules@UModSys@@UAE_NABUSId@ILibraryBinTree@libmedia@5@ABUSPoint@785@@Z$0 0040ef96 f    CIL library: CIL module
 0001:0000df9e       __ehhandler$?mount_add@RLibraryBinTree@stdlib@media@modules@UModSys@@UAE_NABUSId@ILibraryBinTree@libmedia@5@ABUSPoint@785@@Z 0040ef9e f    CIL library: CIL module
 0001:0000dfa8       ??__E?s_id@?$TObjectUniqueID@UIRoot@core@UModSys@@@tl@UModSys@@2USUniquePointer@core@3@A@@YAXXZ 0040efa8 f    CIL library: CIL module
 0001:0000dfca       ??__E?s_id@?$TObjectUniqueID@UIRefObject@core@UModSys@@@tl@UModSys@@2USUniquePointer@core@3@A@@YAXXZ 0040efca f    CIL library: CIL module
 0001:0000dfec       ??__E?s_id@?$TObjectUniqueID@UIParameters@core@UModSys@@@tl@UModSys@@2USUniquePointer@core@3@A@@YAXXZ 0040efec f    CIL library: CIL module
 0001:0000e00e       ??__E?s_id@?$TObjectUniqueID@UIModule@base@UModSys@@@tl@UModSys@@2USUniquePointer@core@3@A@@YAXXZ 0040f00e f    CIL library: CIL module
 0001:0000e030       ??__E?s_id@?$TObjectUniqueID@UIModuleLibrary@base@UModSys@@@tl@UModSys@@2USUniquePointer@core@3@A@@YAXXZ 0040f030 f    CIL library: CIL module
 0001:0000e052       ??__E?s_id@?$TObjectUniqueID@UIModObject@base@UModSys@@@tl@UModSys@@2USUniquePointer@core@3@A@@YAXXZ 0040f052 f    CIL library: CIL module
 0001:0000e074       ??__E?s_id@?$TObjectUniqueID@UIGenerator@base@UModSys@@@tl@UModSys@@2USUniquePointer@core@3@A@@YAXXZ 0040f074 f    CIL library: CIL module
 0001:0000e096       ??__E?s_id@?$TObjectUniqueID@UIShell@base@UModSys@@@tl@UModSys@@2USUniquePointer@core@3@A@@YAXXZ 0040f096 f    CIL library: CIL module
 0001:0000e0b8       ??__E?s_id@?$TObjectUniqueID@UIConsole@base@UModSys@@@tl@UModSys@@2USUniquePointer@core@3@A@@YAXXZ 0040f0b8 f    CIL library: CIL module
 0001:0000e0da       ??__E?s_id@?$TObjectUniqueID@UISystem@base@UModSys@@@tl@UModSys@@2USUniquePointer@core@3@A@@YAXXZ 0040f0da f    CIL library: CIL module
 0001:0000e0fc       ??__E?s_id@?$TObjectUniqueID@URModule@rsystem@base@UModSys@@@tl@UModSys@@2USUniquePointer@core@3@A@@YAXXZ 0040f0fc f    CIL library: CIL module
 0001:0000e11e       ??__E?s_id@?$TObjectUniqueID@UIModuleLibraryUni@rsystem@base@UModSys@@@tl@UModSys@@2USUniquePointer@core@3@A@@YAXXZ 0040f11e f    CIL library: CIL module
 0001:0000e140       ??__E?s_id@?$TObjectUniqueID@URModuleLibrarySO@rsystem@base@UModSys@@@tl@UModSys@@2USUniquePointer@core@3@A@@YAXXZ 0040f140 f    CIL library: CIL module
 0001:0000e162       ??__E?s_id@?$TObjectUniqueID@URModuleLibraryThis@rsystem@base@UModSys@@@tl@UModSys@@2USUniquePointer@core@3@A@@YAXXZ 0040f162 f    CIL library: CIL module
 0001:0000e184       ??__E?s_id@?$TObjectUniqueID@URParameters@rsystem@base@UModSys@@@tl@UModSys@@2USUniquePointer@core@3@A@@YAXXZ 0040f184 f    CIL library: CIL module
 0001:0000e1a6       ??__E?s_id@?$TObjectUniqueID@URSystem@rsystem@base@UModSys@@@tl@UModSys@@2USUniquePointer@core@3@A@@YAXXZ 0040f1a6 f    CIL library: CIL module
 0001:0000e1c8       ??__E?s_id@?$TObjectUniqueID@URConsole_std@rsystem@base@UModSys@@@tl@UModSys@@2USUniquePointer@core@3@A@@YAXXZ 0040f1c8 f    CIL library: CIL module
 0001:0000e1ea       ??__E?s_modreg@RModuleReg@stdio@media@modules@UModSys@@2U12345@A@@YAXXZ 0040f1ea f    CIL library: CIL module
 0001:0000e213       ??__E?s_modreg_chain@RModuleReg@stdio@media@modules@UModSys@@2USModuleRegChain@base@5@A@@YAXXZ 0040f213 f    CIL library: CIL module
 0001:0000e22e       ??__E?s_uid@RGenerator@stdio@media@modules@UModSys@@2USUniquePointer@core@5@A@@YAXXZ 0040f22e f    CIL library: CIL module
 0001:0000e250       ??__E?s_id@?$TObjectUniqueID@UIStreamReader@libmedia@UModSys@@@tl@UModSys@@2USUniquePointer@core@3@A@@YAXXZ 0040f250 f    CIL library: CIL module
 0001:0000e272       ??__E?s_id@?$TObjectUniqueID@UIStreamWriter@libmedia@UModSys@@@tl@UModSys@@2USUniquePointer@core@3@A@@YAXXZ 0040f272 f    CIL library: CIL module
 0001:0000e294       ??__E?s_id@?$TObjectUniqueID@UIUtilities@libmedia@UModSys@@@tl@UModSys@@2USUniquePointer@core@3@A@@YAXXZ 0040f294 f    CIL library: CIL module
 0001:0000e2b6       ??__E?s_id@?$TObjectUniqueID@UILibObject@libmedia@UModSys@@@tl@UModSys@@2USUniquePointer@core@3@A@@YAXXZ 0040f2b6 f    CIL library: CIL module
 0001:0000e2d8       ??__E?s_id@?$TObjectUniqueID@UIBinArchive@libmedia@UModSys@@@tl@UModSys@@2USUniquePointer@core@3@A@@YAXXZ 0040f2d8 f    CIL library: CIL module
 0001:0000e2fa       ??__E?s_id@?$TObjectUniqueID@UIBinObjFilter@libmedia@UModSys@@@tl@UModSys@@2USUniquePointer@core@3@A@@YAXXZ 0040f2fa f    CIL library: CIL module
 0001:0000e31c       ??__E?s_id@?$TObjectUniqueID@UILibrary@libmedia@UModSys@@@tl@UModSys@@2USUniquePointer@core@3@A@@YAXXZ 0040f31c f    CIL library: CIL module
 0001:0000e33e       ??__E?s_id@?$TObjectUniqueID@URStreamReader_FILE@stdio@media@modules@UModSys@@@tl@UModSys@@2USUniquePointer@core@3@A@@YAXXZ 0040f33e f    CIL library: CIL module
 0001:0000e360       ??__E?s_id@?$TObjectUniqueID@URStreamWriter_FILE@stdio@media@modules@UModSys@@@tl@UModSys@@2USUniquePointer@core@3@A@@YAXXZ 0040f360 f    CIL library: CIL module
 0001:0000e382       ??__E?s_id@?$TObjectUniqueID@URDataArchiver_OsDir@stdio@media@modules@UModSys@@@tl@UModSys@@2USUniquePointer@core@3@A@@YAXXZ 0040f382 f    CIL library: CIL module
 0001:0000e3a4       ??__E?s_id@?$TObjectUniqueID@URGenerator@stdio@media@modules@UModSys@@@tl@UModSys@@2USUniquePointer@core@3@A@@YAXXZ 0040f3a4 f    CIL library: CIL module
 0001:0000e3c6       ??__E?s_modreg@RModuleReg@stdlib@media@modules@UModSys@@2U12345@A@@YAXXZ 0040f3c6 f    CIL library: CIL module
 0001:0000e3f2       ??__E?s_modreg_chain@RModuleReg@stdlib@media@modules@UModSys@@2USModuleRegChain@base@5@A@@YAXXZ 0040f3f2 f    CIL library: CIL module
 0001:0000e40d       ??__E?s_uid@RGenerator@stdlib@media@modules@UModSys@@2USUniquePointer@core@5@A@@YAXXZ 0040f40d f    CIL library: CIL module
 0001:0000e42f       ??__E?s_id@?$TObjectUniqueID@UILibraryBinTree@libmedia@UModSys@@@tl@UModSys@@2USUniquePointer@core@3@A@@YAXXZ 0040f42f f    CIL library: CIL module
 0001:0000e451       ??__E?s_id@?$TObjectUniqueID@UILibraryBinCache@libmedia@UModSys@@@tl@UModSys@@2USUniquePointer@core@3@A@@YAXXZ 0040f451 f    CIL library: CIL module
 0001:0000e473       ??__E?s_id@?$TObjectUniqueID@UILibraryObjFilter@libmedia@UModSys@@@tl@UModSys@@2USUniquePointer@core@3@A@@YAXXZ 0040f473 f    CIL library: CIL module
 0001:0000e495       ??__E?s_id@?$TObjectUniqueID@UILibraryObjCache@libmedia@UModSys@@@tl@UModSys@@2USUniquePointer@core@3@A@@YAXXZ 0040f495 f    CIL library: CIL module
 0001:0000e4b7       ??__E?s_id@?$TObjectUniqueID@UILibraryLayered@libmedia@UModSys@@@tl@UModSys@@2USUniquePointer@core@3@A@@YAXXZ 0040f4b7 f    CIL library: CIL module
 0001:0000e4d9       ??__E?s_id@?$TObjectUniqueID@UIBinArchiveFrame@libmedia@UModSys@@@tl@UModSys@@2USUniquePointer@core@3@A@@YAXXZ 0040f4d9 f    CIL library: CIL module
 0001:0000e4fb       ??__E?s_id@?$TObjectUniqueID@UIClient@IBinArchiveFrame@libmedia@UModSys@@@tl@UModSys@@2USUniquePointer@core@3@A@@YAXXZ 0040f4fb f    CIL library: CIL module
 0001:0000e51d       ??__E?s_id@?$TObjectUniqueID@URUtilities@stdlib@media@modules@UModSys@@@tl@UModSys@@2USUniquePointer@core@3@A@@YAXXZ 0040f51d f    CIL library: CIL module
 0001:0000e53f       ??__E?s_id@?$TObjectUniqueID@URBinArchiveFrame@stdlib@media@modules@UModSys@@@tl@UModSys@@2USUniquePointer@core@3@A@@YAXXZ 0040f53f f    CIL library: CIL module
 0001:0000e561       ??__E?s_id@?$TObjectUniqueID@URLibraryBinTree@stdlib@media@modules@UModSys@@@tl@UModSys@@2USUniquePointer@core@3@A@@YAXXZ 0040f561 f    CIL library: CIL module
 0001:0000e583       ??__E?s_id@?$TObjectUniqueID@URLibraryBinCache@stdlib@media@modules@UModSys@@@tl@UModSys@@2USUniquePointer@core@3@A@@YAXXZ 0040f583 f    CIL library: CIL module
 0001:0000e5a5       ??__E?s_id@?$TObjectUniqueID@URLibraryLayered@stdlib@media@modules@UModSys@@@tl@UModSys@@2USUniquePointer@core@3@A@@YAXXZ 0040f5a5 f    CIL library: CIL module
 0001:0000e5c7       ??__E?s_id@?$TObjectUniqueID@URLibraryObjCache@stdlib@media@modules@UModSys@@@tl@UModSys@@2USUniquePointer@core@3@A@@YAXXZ 0040f5c7 f    CIL library: CIL module
 0001:0000e5e9       ??__E?s_id@?$TObjectUniqueID@URLibraryObjFilter@stdlib@media@modules@UModSys@@@tl@UModSys@@2USUniquePointer@core@3@A@@YAXXZ 0040f5e9 f    CIL library: CIL module
 0001:0000e60b       ??__E?s_id@?$TObjectUniqueID@URGenerator@stdlib@media@modules@UModSys@@@tl@UModSys@@2USUniquePointer@core@3@A@@YAXXZ 0040f60b f    CIL library: CIL module
 0001:0000e62d       ??__E?s_console@RConsole_std@rsystem@base@UModSys@@2U1234@A@@YAXXZ 0040f62d f    CIL library: CIL module
 0001:0000e639       ??__E?s_sys@RSystem@rsystem@base@UModSys@@2U1234@A@@YAXXZ 0040f639 f    CIL library: CIL module
 0001:0000e64a       ??__Ersys_dbg@rsystem@base@UModSys@@YAXXZ 0040f64a f    CIL library: CIL module
 0001:0000e656       ??__EM@UModSys@@YAXXZ      0040f656 f    CIL library: CIL module
 0001:0000e662       ??__E?root@SModuleRegChain@base@UModSys@@2U123@A@@YAXXZ 0040f662 f    CIL library: CIL module
 0001:0000e66e       ??__E?s_library@RModuleLibraryReg_Chain@base@UModSys@@2U123@A@@YAXXZ 0040f66e f    CIL library: CIL module
 0001:0000e67a       ??__E?root@SUniquePointer@core@UModSys@@2U123@A@@YAXXZ 0040f67a f    CIL library: CIL module
 0001:0000e686       ??__F?s_id@?$TObjectUniqueID@URConsole_std@rsystem@base@UModSys@@@tl@UModSys@@2USUniquePointer@core@3@A@@YAXXZ 0040f686 f    CIL library: CIL module
 0001:0000e690       ??__F?s_id@?$TObjectUniqueID@URSystem@rsystem@base@UModSys@@@tl@UModSys@@2USUniquePointer@core@3@A@@YAXXZ 0040f690 f    CIL library: CIL module
 0001:0000e69a       ??__F?s_id@?$TObjectUniqueID@URParameters@rsystem@base@UModSys@@@tl@UModSys@@2USUniquePointer@core@3@A@@YAXXZ 0040f69a f    CIL library: CIL module
 0001:0000e6a4       ??__F?s_id@?$TObjectUniqueID@URModuleLibraryThis@rsystem@base@UModSys@@@tl@UModSys@@2USUniquePointer@core@3@A@@YAXXZ 0040f6a4 f    CIL library: CIL module
 0001:0000e6ae       ??__F?s_id@?$TObjectUniqueID@URModuleLibrarySO@rsystem@base@UModSys@@@tl@UModSys@@2USUniquePointer@core@3@A@@YAXXZ 0040f6ae f    CIL library: CIL module
 0001:0000e6b8       ??__F?s_id@?$TObjectUniqueID@UIModuleLibraryUni@rsystem@base@UModSys@@@tl@UModSys@@2USUniquePointer@core@3@A@@YAXXZ 0040f6b8 f    CIL library: CIL module
 0001:0000e6c2       ??__F?s_id@?$TObjectUniqueID@URModule@rsystem@base@UModSys@@@tl@UModSys@@2USUniquePointer@core@3@A@@YAXXZ 0040f6c2 f    CIL library: CIL module
 0001:0000e6cc       ??__F?s_id@?$TObjectUniqueID@UISystem@base@UModSys@@@tl@UModSys@@2USUniquePointer@core@3@A@@YAXXZ 0040f6cc f    CIL library: CIL module
 0001:0000e6d6       ??__F?s_id@?$TObjectUniqueID@UIConsole@base@UModSys@@@tl@UModSys@@2USUniquePointer@core@3@A@@YAXXZ 0040f6d6 f    CIL library: CIL module
 0001:0000e6e0       ??__F?s_id@?$TObjectUniqueID@UIShell@base@UModSys@@@tl@UModSys@@2USUniquePointer@core@3@A@@YAXXZ 0040f6e0 f    CIL library: CIL module
 0001:0000e6ea       ??__F?s_id@?$TObjectUniqueID@UIGenerator@base@UModSys@@@tl@UModSys@@2USUniquePointer@core@3@A@@YAXXZ 0040f6ea f    CIL library: CIL module
 0001:0000e6f4       ??__F?s_id@?$TObjectUniqueID@UIModObject@base@UModSys@@@tl@UModSys@@2USUniquePointer@core@3@A@@YAXXZ 0040f6f4 f    CIL library: CIL module
 0001:0000e6fe       ??__F?s_id@?$TObjectUniqueID@UIModuleLibrary@base@UModSys@@@tl@UModSys@@2USUniquePointer@core@3@A@@YAXXZ 0040f6fe f    CIL library: CIL module
 0001:0000e708       ??__F?s_id@?$TObjectUniqueID@UIModule@base@UModSys@@@tl@UModSys@@2USUniquePointer@core@3@A@@YAXXZ 0040f708 f    CIL library: CIL module
 0001:0000e712       ??__F?s_id@?$TObjectUniqueID@UIParameters@core@UModSys@@@tl@UModSys@@2USUniquePointer@core@3@A@@YAXXZ 0040f712 f    CIL library: CIL module
 0001:0000e71c       ??__F?s_id@?$TObjectUniqueID@UIRefObject@core@UModSys@@@tl@UModSys@@2USUniquePointer@core@3@A@@YAXXZ 0040f71c f    CIL library: CIL module
 0001:0000e726       ??__F?s_id@?$TObjectUniqueID@UIRoot@core@UModSys@@@tl@UModSys@@2USUniquePointer@core@3@A@@YAXXZ 0040f726 f    CIL library: CIL module
 0001:0000e730       ??__F?s_modreg@RModuleReg@stdio@media@modules@UModSys@@2U12345@A@@YAXXZ 0040f730 f    CIL library: CIL module
 0001:0000e73b       ??__F?s_modreg_chain@RModuleReg@stdio@media@modules@UModSys@@2USModuleRegChain@base@5@A@@YAXXZ 0040f73b f    CIL library: CIL module
 0001:0000e745       ??__F?s_uid@RGenerator@stdio@media@modules@UModSys@@2USUniquePointer@core@5@A@@YAXXZ 0040f745 f    CIL library: CIL module
 0001:0000e74f       ??__Fh@?1??s_holder@RGenerator@stdio@media@modules@UModSys@@SAAAU?$TTypeStaticHolder@URGenerator@stdio@media@modules@UModSys@@@tl@5@XZ@YAXXZ 0040f74f f    CIL library: CIL module
 0001:0000e76c       ??__F?s_id@?$TObjectUniqueID@URGenerator@stdio@media@modules@UModSys@@@tl@UModSys@@2USUniquePointer@core@3@A@@YAXXZ 0040f76c f    CIL library: CIL module
 0001:0000e776       ??__F?s_id@?$TObjectUniqueID@URDataArchiver_OsDir@stdio@media@modules@UModSys@@@tl@UModSys@@2USUniquePointer@core@3@A@@YAXXZ 0040f776 f    CIL library: CIL module
 0001:0000e780       ??__F?s_id@?$TObjectUniqueID@URStreamWriter_FILE@stdio@media@modules@UModSys@@@tl@UModSys@@2USUniquePointer@core@3@A@@YAXXZ 0040f780 f    CIL library: CIL module
 0001:0000e78a       ??__F?s_id@?$TObjectUniqueID@URStreamReader_FILE@stdio@media@modules@UModSys@@@tl@UModSys@@2USUniquePointer@core@3@A@@YAXXZ 0040f78a f    CIL library: CIL module
 0001:0000e794       ??__F?s_id@?$TObjectUniqueID@UILibrary@libmedia@UModSys@@@tl@UModSys@@2USUniquePointer@core@3@A@@YAXXZ 0040f794 f    CIL library: CIL module
 0001:0000e79e       ??__F?s_id@?$TObjectUniqueID@UIBinObjFilter@libmedia@UModSys@@@tl@UModSys@@2USUniquePointer@core@3@A@@YAXXZ 0040f79e f    CIL library: CIL module
 0001:0000e7a8       ??__F?s_id@?$TObjectUniqueID@UIBinArchive@libmedia@UModSys@@@tl@UModSys@@2USUniquePointer@core@3@A@@YAXXZ 0040f7a8 f    CIL library: CIL module
 0001:0000e7b2       ??__F?s_id@?$TObjectUniqueID@UILibObject@libmedia@UModSys@@@tl@UModSys@@2USUniquePointer@core@3@A@@YAXXZ 0040f7b2 f    CIL library: CIL module
 0001:0000e7bc       ??__F?s_id@?$TObjectUniqueID@UIUtilities@libmedia@UModSys@@@tl@UModSys@@2USUniquePointer@core@3@A@@YAXXZ 0040f7bc f    CIL library: CIL module
 0001:0000e7c6       ??__F?s_id@?$TObjectUniqueID@UIStreamWriter@libmedia@UModSys@@@tl@UModSys@@2USUniquePointer@core@3@A@@YAXXZ 0040f7c6 f    CIL library: CIL module
 0001:0000e7d0       ??__F?s_id@?$TObjectUniqueID@UIStreamReader@libmedia@UModSys@@@tl@UModSys@@2USUniquePointer@core@3@A@@YAXXZ 0040f7d0 f    CIL library: CIL module
 0001:0000e7da       ??__F?s_modreg@RModuleReg@stdlib@media@modules@UModSys@@2U12345@A@@YAXXZ 0040f7da f    CIL library: CIL module
 0001:0000e7e5       ??__F?s_modreg_chain@RModuleReg@stdlib@media@modules@UModSys@@2USModuleRegChain@base@5@A@@YAXXZ 0040f7e5 f    CIL library: CIL module
 0001:0000e7ef       ??__F?s_uid@RGenerator@stdlib@media@modules@UModSys@@2USUniquePointer@core@5@A@@YAXXZ 0040f7ef f    CIL library: CIL module
 0001:0000e7f9       ??__Fh@?1??s_holder@RGenerator@stdlib@media@modules@UModSys@@SAAAU?$TTypeStaticHolder@URGenerator@stdlib@media@modules@UModSys@@@tl@5@XZ@YAXXZ 0040f7f9 f    CIL library: CIL module
 0001:0000e816       ??__F?s_id@?$TObjectUniqueID@URGenerator@stdlib@media@modules@UModSys@@@tl@UModSys@@2USUniquePointer@core@3@A@@YAXXZ 0040f816 f    CIL library: CIL module
 0001:0000e820       ??__F?s_id@?$TObjectUniqueID@URLibraryObjFilter@stdlib@media@modules@UModSys@@@tl@UModSys@@2USUniquePointer@core@3@A@@YAXXZ 0040f820 f    CIL library: CIL module
 0001:0000e82a       ??__F?s_id@?$TObjectUniqueID@URLibraryObjCache@stdlib@media@modules@UModSys@@@tl@UModSys@@2USUniquePointer@core@3@A@@YAXXZ 0040f82a f    CIL library: CIL module
 0001:0000e834       ??__F?s_id@?$TObjectUniqueID@URLibraryLayered@stdlib@media@modules@UModSys@@@tl@UModSys@@2USUniquePointer@core@3@A@@YAXXZ 0040f834 f    CIL library: CIL module
 0001:0000e83e       ??__F?s_id@?$TObjectUniqueID@URLibraryBinCache@stdlib@media@modules@UModSys@@@tl@UModSys@@2USUniquePointer@core@3@A@@YAXXZ 0040f83e f    CIL library: CIL module
 0001:0000e848       ??__F?s_id@?$TObjectUniqueID@URLibraryBinTree@stdlib@media@modules@UModSys@@@tl@UModSys@@2USUniquePointer@core@3@A@@YAXXZ 0040f848 f    CIL library: CIL module
 0001:0000e852       ??__F?s_id@?$TObjectUniqueID@URBinArchiveFrame@stdlib@media@modules@UModSys@@@tl@UModSys@@2USUniquePointer@core@3@A@@YAXXZ 0040f852 f    CIL library: CIL module
 0001:0000e85c       ??__F?s_id@?$TObjectUniqueID@URUtilities@stdlib@media@modules@UModSys@@@tl@UModSys@@2USUniquePointer@core@3@A@@YAXXZ 0040f85c f    CIL library: CIL module
 0001:0000e866       ??__F?s_id@?$TObjectUniqueID@UIClient@IBinArchiveFrame@libmedia@UModSys@@@tl@UModSys@@2USUniquePointer@core@3@A@@YAXXZ 0040f866 f    CIL library: CIL module
 0001:0000e870       ??__F?s_id@?$TObjectUniqueID@UIBinArchiveFrame@libmedia@UModSys@@@tl@UModSys@@2USUniquePointer@core@3@A@@YAXXZ 0040f870 f    CIL library: CIL module
 0001:0000e87a       ??__F?s_id@?$TObjectUniqueID@UILibraryLayered@libmedia@UModSys@@@tl@UModSys@@2USUniquePointer@core@3@A@@YAXXZ 0040f87a f    CIL library: CIL module
 0001:0000e884       ??__F?s_id@?$TObjectUniqueID@UILibraryObjCache@libmedia@UModSys@@@tl@UModSys@@2USUniquePointer@core@3@A@@YAXXZ 0040f884 f    CIL library: CIL module
 0001:0000e88e       ??__F?s_id@?$TObjectUniqueID@UILibraryObjFilter@libmedia@UModSys@@@tl@UModSys@@2USUniquePointer@core@3@A@@YAXXZ 0040f88e f    CIL library: CIL module
 0001:0000e898       ??__F?s_id@?$TObjectUniqueID@UILibraryBinCache@libmedia@UModSys@@@tl@UModSys@@2USUniquePointer@core@3@A@@YAXXZ 0040f898 f    CIL library: CIL module
 0001:0000e8a2       ??__F?s_id@?$TObjectUniqueID@UILibraryBinTree@libmedia@UModSys@@@tl@UModSys@@2USUniquePointer@core@3@A@@YAXXZ 0040f8a2 f    CIL library: CIL module
 0001:0000e8ac       ??__F?s_console@RConsole_std@rsystem@base@UModSys@@2U1234@A@@YAXXZ 0040f8ac f    CIL library: CIL module
 0001:0000e8d9       ??__F?s_sys@RSystem@rsystem@base@UModSys@@2U1234@A@@YAXXZ 0040f8d9 f    CIL library: CIL module
 0001:0000e8e4       ??__Frsys_dbg@rsystem@base@UModSys@@YAXXZ 0040f8e4 f    CIL library: CIL module
 0001:0000e8fb       ??__FM@UModSys@@YAXXZ      0040f8fb f    CIL library: CIL module
 0001:0000e8fc       ??__F?root@SModuleRegChain@base@UModSys@@2U123@A@@YAXXZ 0040f8fc f    CIL library: CIL module
 0001:0000e906       ??__F?s_library@RModuleLibraryReg_Chain@base@UModSys@@2U123@A@@YAXXZ 0040f906 f    CIL library: CIL module
 0001:0000e911       ??__F?root@SUniquePointer@core@UModSys@@2U123@A@@YAXXZ 0040f911 f    CIL library: CIL module

 Exports

  ordinal    name

        1    _UModSys_Plugin_Entry2@0
