 umodsysc

 Timestamp is 52a5f2b7 (Mon Dec 09 19:41:27 2013)

 Preferred load address is 00400000

 Start         Length     Name                   Class
 0001:00000000 000098c0H .text                   CODE
 0001:000098c0 00000407H .text$x                 CODE
 0001:00009cc7 00000652H .text$yc                CODE
 0001:0000a319 0000026dH .text$yd                CODE
 0002:00000000 00000154H .idata$5                DATA
 0002:00000154 00000004H .CRT$XCA                DATA
 0002:00000158 00000004H .CRT$XCAA               DATA
 0002:0000015c 00000208H .CRT$XCU                DATA
 0002:00000364 00000004H .CRT$XCZ                DATA
 0002:00000368 00000004H .CRT$XIA                DATA
 0002:0000036c 00000004H .CRT$XIAA               DATA
 0002:00000370 00000004H .CRT$XIY                DATA
 0002:00000374 00000004H .CRT$XIZ                DATA
 0002:00000378 00001758H .rdata                  DATA
 0002:00001ad0 0000114cH .rdata$r                DATA
 0002:00002c20 0000009cH .rdata$sxdata           DATA
 0002:00002cbc 00000004H .rtc$IAA                DATA
 0002:00002cc0 00000004H .rtc$IZZ                DATA
 0002:00002cc4 00000004H .rtc$TAA                DATA
 0002:00002cc8 00000004H .rtc$TZZ                DATA
 0002:00002cd0 000008c8H .xdata$x                DATA
 0002:00003598 00000028H .idata$2                DATA
 0002:000035c0 00000014H .idata$3                DATA
 0002:000035d4 00000154H .idata$4                DATA
 0002:00003728 00000554H .idata$6                DATA
 0002:00003c80 00000058H .edata                  DATA
 0003:00000000 00000bd0H .data                   DATA
 0003:00000bd0 00002934H .bss                    DATA

  Address         Publics by Value              Rva+Base       Lib:Object

 0000:00000000       __except_list              00000000     <absolute>
 0000:00000027       ___safe_se_handler_count   00000027     <absolute>
 0000:00009876       __fltused                  00009876     <absolute>
 0000:00009876       __ldused                   00009876     <absolute>
 0000:00000000       ___ImageBase               00400000     <linker-defined>
 0001:00000000       _main                      00401000 f   umodsys.c_main.obj
 0001:0000018a       ??0?$TString@U?$TSCoreConst@D@su@tl@UModSys@@U?$TComparerBinaryHash@D@234@@tl@UModSys@@QAE@PBD@Z 0040118a f i umodsys.c_main.obj
 0001:000001a4       ?set@?$TString@U?$TSCoreConst@D@su@tl@UModSys@@U?$TComparerBinaryHash@D@234@@tl@UModSys@@QAEXPBD@Z 004011a4 f i umodsys.c_main.obj
 0001:000001cd       ?update@?$TComparerBinaryHash@D@su@tl@UModSys@@QAEXPBDI@Z 004011cd f i umodsys.c_main.obj
 0001:000001f9       ??1SCMemShared@core@UModSys@@QAE@XZ 004011f9 f i umodsys_lib_libmedia:umodsys.mod.media.std.obj
 0001:000001f9       ??1SInfo@IBinObjFilter@libmedia@UModSys@@QAE@XZ 004011f9 f i umodsys_lib_libmedia:umodsys.mod.media.std.obj
 0001:000001f9       ??1SMemShared@core@UModSys@@QAE@XZ 004011f9 f i umodsys_lib_libmedia:umodsys.mod.media.std.obj
 0001:00000203       ?link@SCMemShared@core@UModSys@@QAE_NPAUSMemorySharedData@23@PAUSSourceContext@23@@Z 00401203 f i umodsys_lib_libmedia:umodsys.mod.media.std.obj
 0001:00000203       ?link@SMemShared@core@UModSys@@QAE_NPAUSMemorySharedData@23@PAUSSourceContext@23@@Z 00401203 f i umodsys_lib_libmedia:umodsys.mod.media.std.obj
 0001:00000228       ??6SUniquePtrList@core@UModSys@@QAEAAU012@PBUSUniquePointerInfo@12@@Z 00401228 f i umodsys_lib_libmedia:umodsys.mod.media.std.obj
 0001:00000244       ??2IRoot@core@UModSys@@SAPAXIABUSIMemAlloc@12@@Z 00401244 f i umodsys_lib_libmedia:umodsys.mod.media.std.obj
 0001:00000266       ??3IRoot@core@UModSys@@SAXPAXABUSIMemAlloc@12@@Z 00401266 f i umodsys_lib_libmedia:umodsys.mod.media.std.obj
 0001:0000027f       ?_root_get_other_interface@IRefObject@core@UModSys@@IBEPBUIRoot@23@PBUSUniquePointerInfo@23@@Z 0040127f f i umodsys_lib_libmedia:umodsys.mod.media.std.obj
 0001:0000027f       ?_root_get_other_interface@IRefObject@core@UModSys@@IAEPAUIRoot@23@PBUSUniquePointerInfo@23@@Z 0040127f f i umodsys_lib_libmedia:umodsys.mod.media.std.obj
 0001:000002a0       ?_root_get_interface_types@IRefObject@core@UModSys@@SAIAAUSUniquePtrList@23@@Z 004012a0 f i umodsys_lib_libmedia:umodsys.mod.media.std.obj
 0001:000002c0       ?_root_is_interface_supported@IRefObject@core@UModSys@@SA_NPBUSUniquePointerInfo@23@@Z 004012c0 f i umodsys_lib_libmedia:umodsys.mod.media.std.obj
 0001:000002d7       ??$seq@D@su@tl@UModSys@@YA_NPBD0I@Z 004012d7 f i umodsys_lib_libmedia:umodsys.mod.media.std.obj
 0001:000002f2       ?_root_is_interface_supported@IGenerator@base@UModSys@@SA_NPBUSUniquePointerInfo@core@3@@Z 004012f2 f i umodsys_lib_libmedia:umodsys.mod.media.std.obj
 0001:00000312       ?get_flag@RResolverChain@SFlagsChain@libmedia@UModSys@@UBE?AW4eStates@?$TFlags4State@USMediaFlagUid@libmedia@UModSys@@I@tl@4@H@Z 00401312 f i umodsys_lib_libmedia:umodsys.mod.media.std.obj
 0001:00000338       ?_root_get_interface_types@ILibrary@libmedia@UModSys@@SAIAAUSUniquePtrList@core@3@@Z 00401338 f i umodsys_lib_libmedia:umodsys.mod.media.std.obj
 0001:00000352       ?_root_is_interface_supported@ILibrary@libmedia@UModSys@@SA_NPBUSUniquePointerInfo@core@3@@Z 00401352 f i umodsys_lib_libmedia:umodsys.mod.media.std.obj
 0001:0000036a       ??1SLayer@ILibraryLayered@libmedia@UModSys@@QAE@XZ 0040136a f i umodsys_lib_libmedia:umodsys.mod.media.std.obj
 0001:0000036a       ??1SPoint@ILibraryBinTree@libmedia@UModSys@@QAE@XZ 0040136a f i umodsys_lib_libmedia:umodsys.mod.media.std.obj
 0001:0000037b       ?root_get_interface_info@RLibraryBinCache@std@media@modules@UModSys@@UBEABUSUniquePointerInfo@core@5@XZ 0040137b f i umodsys_lib_libmedia:umodsys.mod.media.std.obj
 0001:00000381       ?root_get_interface_type@RLibraryBinCache@std@media@modules@UModSys@@UBEPBUSUniquePointerInfo@core@5@XZ 00401381 f i umodsys_lib_libmedia:umodsys.mod.media.std.obj
 0001:00000387       ?root_get_other_interface@RLibraryBinCache@std@media@modules@UModSys@@UBEPBUIRoot@core@5@PBUSUniquePointerInfo@75@@Z 00401387 f i umodsys_lib_libmedia:umodsys.mod.media.std.obj
 0001:00000387       ?root_get_other_interface@RLibraryBinCache@std@media@modules@UModSys@@UAEPAUIRoot@core@5@PBUSUniquePointerInfo@75@@Z 00401387 f i umodsys_lib_libmedia:umodsys.mod.media.std.obj
 0001:000003b0       ?root_is_interface_supported@RLibraryBinCache@std@media@modules@UModSys@@UBE_NPBUSUniquePointerInfo@core@5@@Z 004013b0 f i umodsys_lib_libmedia:umodsys.mod.media.std.obj
 0001:000003d7       ??0RLibraryBinCache@std@media@modules@UModSys@@QAE@PAUIModObject@base@4@ABUSParameters@core@4@U?$TFlags4State@USMediaFlagUid@libmedia@UModSys@@I@tl@4@@Z 004013d7 f i umodsys_lib_libmedia:umodsys.mod.media.std.obj
 0001:00000434       ?get_flags_auto@RLibraryBinCache@std@media@modules@UModSys@@UBE?AU?$TFlags4State@USMediaFlagUid@libmedia@UModSys@@I@tl@5@XZ 00401434 f i umodsys_lib_libmedia:umodsys.mod.media.std.obj
 0001:00000443       ?bin_reader@RLibraryObjCache@std@media@modules@UModSys@@UAE?AU?$TRefObject@UIStreamReader@libmedia@UModSys@@U?$TRefObjectFunc@UIStreamReader@libmedia@UModSys@@@tl@3@@tl@5@ABU?$TString@U?$TSCoreConst@D@su@tl@UModSys@@U?$TComparerBinaryHash@D@234@@75@ABUSFlags@libmedia@5@@Z 00401443 f i umodsys_lib_libmedia:umodsys.mod.media.std.obj
 0001:00000443       ?bin_writer@RLibraryObjFilter@std@media@modules@UModSys@@UAE?AU?$TRefObject@UIStreamWriter@libmedia@UModSys@@U?$TRefObjectFunc@UIStreamWriter@libmedia@UModSys@@@tl@3@@tl@5@ABU?$TString@U?$TSCoreConst@D@su@tl@UModSys@@U?$TComparerBinaryHash@D@234@@75@ABUSFlags@libmedia@5@@Z 00401443 f i umodsys_lib_libmedia:umodsys.mod.media.std.obj
 0001:00000443       ?bin_writer@RLibraryObjCache@std@media@modules@UModSys@@UAE?AU?$TRefObject@UIStreamWriter@libmedia@UModSys@@U?$TRefObjectFunc@UIStreamWriter@libmedia@UModSys@@@tl@3@@tl@5@ABU?$TString@U?$TSCoreConst@D@su@tl@UModSys@@U?$TComparerBinaryHash@D@234@@75@ABUSFlags@libmedia@5@@Z 00401443 f i umodsys_lib_libmedia:umodsys.mod.media.std.obj
 0001:00000443       ?bin_reader@RLibraryObjFilter@std@media@modules@UModSys@@UAE?AU?$TRefObject@UIStreamReader@libmedia@UModSys@@U?$TRefObjectFunc@UIStreamReader@libmedia@UModSys@@@tl@3@@tl@5@ABU?$TString@U?$TSCoreConst@D@su@tl@UModSys@@U?$TComparerBinaryHash@D@234@@75@ABUSFlags@libmedia@5@@Z 00401443 f i umodsys_lib_libmedia:umodsys.mod.media.std.obj
 0001:00000443       ?bin_reader@RLibraryBinCache@std@media@modules@UModSys@@UAE?AU?$TRefObject@UIStreamReader@libmedia@UModSys@@U?$TRefObjectFunc@UIStreamReader@libmedia@UModSys@@@tl@3@@tl@5@ABU?$TString@U?$TSCoreConst@D@su@tl@UModSys@@U?$TComparerBinaryHash@D@234@@75@ABUSFlags@libmedia@5@@Z 00401443 f i umodsys_lib_libmedia:umodsys.mod.media.std.obj
 0001:00000443       ?bin_writer@RLibraryBinCache@std@media@modules@UModSys@@UAE?AU?$TRefObject@UIStreamWriter@libmedia@UModSys@@U?$TRefObjectFunc@UIStreamWriter@libmedia@UModSys@@@tl@3@@tl@5@ABU?$TString@U?$TSCoreConst@D@su@tl@UModSys@@U?$TComparerBinaryHash@D@234@@75@ABUSFlags@libmedia@5@@Z 00401443 f i umodsys_lib_libmedia:umodsys.mod.media.std.obj
 0001:00000455       ?bin_load@RLibraryBinCache@std@media@modules@UModSys@@UAE_NABU?$TString@U?$TSCoreConst@D@su@tl@UModSys@@U?$TComparerBinaryHash@D@234@@tl@5@AAUSCMemShared@core@5@ABUSFlags@libmedia@5@@Z 00401455 f i umodsys_lib_libmedia:umodsys.mod.media.std.obj
 0001:000004ac       ?bin_put@RLibraryBinCache@std@media@modules@UModSys@@UAE_NABU?$TString@U?$TSCoreConst@D@su@tl@UModSys@@U?$TComparerBinaryHash@D@234@@tl@5@PBUSCMemShared@core@5@@Z 004014ac f i umodsys_lib_libmedia:umodsys.mod.media.std.obj
 0001:000004c2       ?obj_cput@RLibraryBinCache@std@media@modules@UModSys@@UAE_NABU?$TString@U?$TSCoreConst@D@su@tl@UModSys@@U?$TComparerBinaryHash@D@234@@tl@5@PAUIRefObject@core@5@@Z 004014c2 f i umodsys_lib_libmedia:umodsys.mod.media.std.obj
 0001:000004c2       ?obj_fsave@RLibraryObjCache@std@media@modules@UModSys@@UAE_NAAUSInfo@IBinObjFilter@libmedia@5@PBUIRefObject@core@5@@Z 004014c2 f i umodsys_lib_libmedia:umodsys.mod.media.std.obj
 0001:000004c2       ?obj_fget@RLibraryBinCache@std@media@modules@UModSys@@UAE_NABUSInfo@IBinObjFilter@libmedia@5@AAU?$TRefObject@UIRefObject@core@UModSys@@U?$TRefObjectFunc@UIRefObject@core@UModSys@@@tl@3@@tl@5@@Z 004014c2 f i umodsys_lib_libmedia:umodsys.mod.media.std.obj
 0001:000004c2       ?bin_put@RLibraryObjCache@std@media@modules@UModSys@@UAE_NABU?$TString@U?$TSCoreConst@D@su@tl@UModSys@@U?$TComparerBinaryHash@D@234@@tl@5@PBUSCMemShared@core@5@@Z 004014c2 f i umodsys_lib_libmedia:umodsys.mod.media.std.obj
 0001:000004c2       ?obj_cput@RLibraryObjFilter@std@media@modules@UModSys@@UAE_NABU?$TString@U?$TSCoreConst@D@su@tl@UModSys@@U?$TComparerBinaryHash@D@234@@tl@5@PAUIRefObject@core@5@@Z 004014c2 f i umodsys_lib_libmedia:umodsys.mod.media.std.obj
 0001:000004c2       ?obj_fload@RLibraryBinTree@std@media@modules@UModSys@@UAE_NABUSInfo@IBinObjFilter@libmedia@5@PAUIRefObject@core@5@@Z 004014c2 f i umodsys_lib_libmedia:umodsys.mod.media.std.obj
 0001:000004c2       ?obj_fload@RLibraryBinCache@std@media@modules@UModSys@@UAE_NABUSInfo@IBinObjFilter@libmedia@5@PAUIRefObject@core@5@@Z 004014c2 f i umodsys_lib_libmedia:umodsys.mod.media.std.obj
 0001:000004c2       ?obj_cput@RLibraryBinTree@std@media@modules@UModSys@@UAE_NABU?$TString@U?$TSCoreConst@D@su@tl@UModSys@@U?$TComparerBinaryHash@D@234@@tl@5@PAUIRefObject@core@5@@Z 004014c2 f i umodsys_lib_libmedia:umodsys.mod.media.std.obj
 0001:000004c2       ?bin_put@RLibraryBinTree@std@media@modules@UModSys@@UAE_NABU?$TString@U?$TSCoreConst@D@su@tl@UModSys@@U?$TComparerBinaryHash@D@234@@tl@5@PBUSCMemShared@core@5@@Z 004014c2 f i umodsys_lib_libmedia:umodsys.mod.media.std.obj
 0001:000004c2       ?bin_put@RLibraryObjFilter@std@media@modules@UModSys@@UAE_NABU?$TString@U?$TSCoreConst@D@su@tl@UModSys@@U?$TComparerBinaryHash@D@234@@tl@5@PBUSCMemShared@core@5@@Z 004014c2 f i umodsys_lib_libmedia:umodsys.mod.media.std.obj
 0001:000004c2       ?obj_fget@RLibraryObjCache@std@media@modules@UModSys@@UAE_NABUSInfo@IBinObjFilter@libmedia@5@AAU?$TRefObject@UIRefObject@core@UModSys@@U?$TRefObjectFunc@UIRefObject@core@UModSys@@@tl@3@@tl@5@@Z 004014c2 f i umodsys_lib_libmedia:umodsys.mod.media.std.obj
 0001:000004c2       ?obj_fget@RLibraryBinTree@std@media@modules@UModSys@@UAE_NABUSInfo@IBinObjFilter@libmedia@5@AAU?$TRefObject@UIRefObject@core@UModSys@@U?$TRefObjectFunc@UIRefObject@core@UModSys@@@tl@3@@tl@5@@Z 004014c2 f i umodsys_lib_libmedia:umodsys.mod.media.std.obj
 0001:000004c2       ?obj_fload@RLibraryObjCache@std@media@modules@UModSys@@UAE_NABUSInfo@IBinObjFilter@libmedia@5@PAUIRefObject@core@5@@Z 004014c2 f i umodsys_lib_libmedia:umodsys.mod.media.std.obj
 0001:000004c2       ?obj_fsave@RLibraryBinCache@std@media@modules@UModSys@@UAE_NAAUSInfo@IBinObjFilter@libmedia@5@PBUIRefObject@core@5@@Z 004014c2 f i umodsys_lib_libmedia:umodsys.mod.media.std.obj
 0001:000004c2       ?obj_fsave@RLibraryBinTree@std@media@modules@UModSys@@UAE_NAAUSInfo@IBinObjFilter@libmedia@5@PBUIRefObject@core@5@@Z 004014c2 f i umodsys_lib_libmedia:umodsys.mod.media.std.obj
 0001:000004c7       ?bincache_get@RLibraryBinCache@std@media@modules@UModSys@@UBE_NABU?$TString@U?$TSCoreConst@D@su@tl@UModSys@@U?$TComparerBinaryHash@D@234@@tl@5@PAUSCMemShared@core@5@PA_N@Z 004014c7 f i umodsys_lib_libmedia:umodsys.mod.media.std.obj
 0001:00000519       ?bincache_add@RLibraryBinCache@std@media@modules@UModSys@@UAE_NABU?$TString@U?$TSCoreConst@D@su@tl@UModSys@@U?$TComparerBinaryHash@D@234@@tl@5@@Z 00401519 f i umodsys_lib_libmedia:umodsys.mod.media.std.obj
 0001:0000055f       ?bincache_add@RLibraryBinCache@std@media@modules@UModSys@@UAE_NABU?$TString@U?$TSCoreConst@D@su@tl@UModSys@@U?$TComparerBinaryHash@D@234@@tl@5@ABUSCMemShared@core@5@@Z 0040155f f i umodsys_lib_libmedia:umodsys.mod.media.std.obj
 0001:00000571       ?bincache_remove@RLibraryBinCache@std@media@modules@UModSys@@UAE_NABU?$TString@U?$TSCoreConst@D@su@tl@UModSys@@U?$TComparerBinaryHash@D@234@@tl@5@@Z 00401571 f i umodsys_lib_libmedia:umodsys.mod.media.std.obj
 0001:000005a8       ?bincache_clear@RLibraryBinCache@std@media@modules@UModSys@@UAE_NXZ 004015a8 f i umodsys_lib_libmedia:umodsys.mod.media.std.obj
 0001:000005c6       ?bincache_add@RLibraryBinCache@std@media@modules@UModSys@@QAE_NABU?$TString@U?$TSCoreConst@D@su@tl@UModSys@@U?$TComparerBinaryHash@D@234@@tl@5@ABUSCMemShared@core@5@_N@Z 004015c6 f i umodsys_lib_libmedia:umodsys.mod.media.std.obj
 0001:00000674       ??_GRLibraryBinCache@std@media@modules@UModSys@@UAEPAXI@Z 00401674 f i umodsys_lib_libmedia:umodsys.mod.media.std.obj
 0001:00000674       ??_ERLibraryBinCache@std@media@modules@UModSys@@UAEPAXI@Z 00401674 f i  CIL library: CIL module
 0001:000006d1       ?root_get_interface_info@RLibraryBinTree@std@media@modules@UModSys@@UBEABUSUniquePointerInfo@core@5@XZ 004016d1 f i umodsys_lib_libmedia:umodsys.mod.media.std.obj
 0001:000006d7       ?root_get_interface_type@RLibraryBinTree@std@media@modules@UModSys@@UBEPBUSUniquePointerInfo@core@5@XZ 004016d7 f i umodsys_lib_libmedia:umodsys.mod.media.std.obj
 0001:000006dd       ?root_get_other_interface@RLibraryBinTree@std@media@modules@UModSys@@UBEPBUIRoot@core@5@PBUSUniquePointerInfo@75@@Z 004016dd f i umodsys_lib_libmedia:umodsys.mod.media.std.obj
 0001:000006dd       ?root_get_other_interface@RLibraryBinTree@std@media@modules@UModSys@@UAEPAUIRoot@core@5@PBUSUniquePointerInfo@75@@Z 004016dd f i umodsys_lib_libmedia:umodsys.mod.media.std.obj
 0001:00000706       ?root_is_interface_supported@RLibraryBinTree@std@media@modules@UModSys@@UBE_NPBUSUniquePointerInfo@core@5@@Z 00401706 f i umodsys_lib_libmedia:umodsys.mod.media.std.obj
 0001:0000072d       ?ref_links@RLibraryBinTree@std@media@modules@UModSys@@UBEHXZ 0040172d f i umodsys_lib_libmedia:umodsys.mod.media.std.obj
 0001:0000072d       ?ref_links@RLibraryObjCache@std@media@modules@UModSys@@UBEHXZ 0040172d f i umodsys_lib_libmedia:umodsys.mod.media.std.obj
 0001:0000072d       ?ref_links@RLibraryObjFilter@std@media@modules@UModSys@@UBEHXZ 0040172d f i umodsys_lib_libmedia:umodsys.mod.media.std.obj
 0001:0000072d       ?ref_links@RDataArchiver_OsDir@stdio@media@modules@UModSys@@UBEHXZ 0040172d f i umodsys_lib_libmedia:umodsys.mod.media.stdio.obj
 0001:0000072d       ?ref_links@RLibraryBinCache@std@media@modules@UModSys@@UBEHXZ 0040172d f i umodsys_lib_libmedia:umodsys.mod.media.std.obj
 0001:0000072d       ?ref_links@RLibraryLayered@std@media@modules@UModSys@@UBEHXZ 0040172d f i umodsys_lib_libmedia:umodsys.mod.media.std.obj
 0001:00000731       ??0RLibraryBinTree@std@media@modules@UModSys@@QAE@PAUIModObject@base@4@ABUSParameters@core@4@U?$TFlags4State@USMediaFlagUid@libmedia@UModSys@@I@tl@4@@Z 00401731 f i umodsys_lib_libmedia:umodsys.mod.media.std.obj
 0001:0000078e       ?get_flags_auto@RLibraryBinTree@std@media@modules@UModSys@@UBE?AU?$TFlags4State@USMediaFlagUid@libmedia@UModSys@@I@tl@5@XZ 0040178e f i umodsys_lib_libmedia:umodsys.mod.media.std.obj
 0001:0000079d       ?bin_reader@RLibraryBinTree@std@media@modules@UModSys@@UAE?AU?$TRefObject@UIStreamReader@libmedia@UModSys@@U?$TRefObjectFunc@UIStreamReader@libmedia@UModSys@@@tl@3@@tl@5@ABU?$TString@U?$TSCoreConst@D@su@tl@UModSys@@U?$TComparerBinaryHash@D@234@@75@ABUSFlags@libmedia@5@@Z 0040179d f i umodsys_lib_libmedia:umodsys.mod.media.std.obj
 0001:0000088e       ?bin_writer@RLibraryBinTree@std@media@modules@UModSys@@UAE?AU?$TRefObject@UIStreamWriter@libmedia@UModSys@@U?$TRefObjectFunc@UIStreamWriter@libmedia@UModSys@@@tl@3@@tl@5@ABU?$TString@U?$TSCoreConst@D@su@tl@UModSys@@U?$TComparerBinaryHash@D@234@@75@ABUSFlags@libmedia@5@@Z 0040188e f i umodsys_lib_libmedia:umodsys.mod.media.std.obj
 0001:0000097f       ?bin_load@RLibraryBinTree@std@media@modules@UModSys@@UAE_NABU?$TString@U?$TSCoreConst@D@su@tl@UModSys@@U?$TComparerBinaryHash@D@234@@tl@5@AAUSCMemShared@core@5@ABUSFlags@libmedia@5@@Z 0040197f f i umodsys_lib_libmedia:umodsys.mod.media.std.obj
 0001:00000a31       ?bin_save@RLibraryBinTree@std@media@modules@UModSys@@UAE_NABU?$TString@U?$TSCoreConst@D@su@tl@UModSys@@U?$TComparerBinaryHash@D@234@@tl@5@ABUSCMem@core@5@ABUSFlags@libmedia@5@@Z 00401a31 f i umodsys_lib_libmedia:umodsys.mod.media.std.obj
 0001:00000ad7       ?mount_get@RLibraryBinTree@std@media@modules@UModSys@@UBE?AUSPoint@ILibraryBinTree@libmedia@5@ABUSId@785@@Z 00401ad7 f i umodsys_lib_libmedia:umodsys.mod.media.std.obj
 0001:00000b26       ?mount_add@RLibraryBinTree@std@media@modules@UModSys@@UAE_NABUSId@ILibraryBinTree@libmedia@5@ABUSPoint@785@@Z 00401b26 f i umodsys_lib_libmedia:umodsys.mod.media.std.obj
 0001:00000bfe       ?mount_remove@RLibraryBinTree@std@media@modules@UModSys@@UAE_NABUSId@ILibraryBinTree@libmedia@5@@Z 00401bfe f i umodsys_lib_libmedia:umodsys.mod.media.std.obj
 0001:00000c35       ?mount_clear@RLibraryBinTree@std@media@modules@UModSys@@UAE_NXZ 00401c35 f i umodsys_lib_libmedia:umodsys.mod.media.std.obj
 0001:00000c53       ??_GRLibraryBinTree@std@media@modules@UModSys@@UAEPAXI@Z 00401c53 f i umodsys_lib_libmedia:umodsys.mod.media.std.obj
 0001:00000c53       ??_ERLibraryBinTree@std@media@modules@UModSys@@UAEPAXI@Z 00401c53 f i  CIL library: CIL module
 0001:00000cb0       ?root_get_interface_info@RLibraryLayered@std@media@modules@UModSys@@UBEABUSUniquePointerInfo@core@5@XZ 00401cb0 f i umodsys_lib_libmedia:umodsys.mod.media.std.obj
 0001:00000cb6       ?root_get_interface_type@RLibraryLayered@std@media@modules@UModSys@@UBEPBUSUniquePointerInfo@core@5@XZ 00401cb6 f i umodsys_lib_libmedia:umodsys.mod.media.std.obj
 0001:00000cbc       ?root_get_interface_types@RModuleLibraryThis@rsystem@base@UModSys@@UBEIAAUSUniquePtrList@core@4@@Z 00401cbc f i umodsys_lib_basesys:umodsys.basesys.rmodulelibthis.obj
 0001:00000cbc       ?root_get_interface_types@RGenerator@stdio@media@modules@UModSys@@UBEIAAUSUniquePtrList@core@5@@Z 00401cbc f i umodsys_lib_libmedia:umodsys.mod.media.stdio.obj
 0001:00000cbc       ?root_get_interface_types@RStreamReader_FILE@stdio@media@modules@UModSys@@UBEIAAUSUniquePtrList@core@5@@Z 00401cbc f i umodsys_lib_libmedia:umodsys.mod.media.stdio.obj
 0001:00000cbc       ?root_get_interface_types@RLibraryBinTree@std@media@modules@UModSys@@UBEIAAUSUniquePtrList@core@5@@Z 00401cbc f i umodsys_lib_libmedia:umodsys.mod.media.std.obj
 0001:00000cbc       ?root_get_interface_types@RDataArchiver_OsDir@stdio@media@modules@UModSys@@UBEIAAUSUniquePtrList@core@5@@Z 00401cbc f i umodsys_lib_libmedia:umodsys.mod.media.stdio.obj
 0001:00000cbc       ?root_get_interface_types@RModuleLibrarySO@rsystem@base@UModSys@@UBEIAAUSUniquePtrList@core@4@@Z 00401cbc f i umodsys_lib_basesys:umodsys.basesys.rmodulelibso.obj
 0001:00000cbc       ?root_get_interface_types@RModule@rsystem@base@UModSys@@UBEIAAUSUniquePtrList@core@4@@Z 00401cbc f i umodsys_lib_basesys:umodsys.basesys.rmodule.obj
 0001:00000cbc       ?root_get_interface_types@RConsole_std@rsystem@base@UModSys@@UBEIAAUSUniquePtrList@core@4@@Z 00401cbc f i umodsys_lib_basesys:umodsys.basesys.rconsole_std.obj
 0001:00000cbc       ?root_get_interface_types@RGenerator@std@media@modules@UModSys@@UBEIAAUSUniquePtrList@core@5@@Z 00401cbc f i umodsys_lib_libmedia:umodsys.mod.media.std.obj
 0001:00000cbc       ?root_get_interface_types@RStreamWriter_FILE@stdio@media@modules@UModSys@@UBEIAAUSUniquePtrList@core@5@@Z 00401cbc f i umodsys_lib_libmedia:umodsys.mod.media.stdio.obj
 0001:00000cbc       ?root_get_interface_types@RLibraryBinCache@std@media@modules@UModSys@@UBEIAAUSUniquePtrList@core@5@@Z 00401cbc f i umodsys_lib_libmedia:umodsys.mod.media.std.obj
 0001:00000cbc       ?root_get_interface_types@RSystem@rsystem@base@UModSys@@UBEIAAUSUniquePtrList@core@4@@Z 00401cbc f i umodsys_lib_basesys:umodsys.basesys.rsystem_main.obj
 0001:00000cbc       ?root_get_interface_types@RLibraryObjCache@std@media@modules@UModSys@@UBEIAAUSUniquePtrList@core@5@@Z 00401cbc f i umodsys_lib_libmedia:umodsys.mod.media.std.obj
 0001:00000cbc       ?root_get_interface_types@RLibraryLayered@std@media@modules@UModSys@@UBEIAAUSUniquePtrList@core@5@@Z 00401cbc f i umodsys_lib_libmedia:umodsys.mod.media.std.obj
 0001:00000cbc       ?root_get_interface_types@RLibraryObjFilter@std@media@modules@UModSys@@UBEIAAUSUniquePtrList@core@5@@Z 00401cbc f i umodsys_lib_libmedia:umodsys.mod.media.std.obj
 0001:00000cbc       ?root_get_interface_types@RParameters@rsystem@base@UModSys@@UBEIAAUSUniquePtrList@core@4@@Z 00401cbc f i umodsys_lib_basesys:umodsys.basesys.rparameters.obj
 0001:00000cc1       ?root_get_other_interface@RLibraryLayered@std@media@modules@UModSys@@UBEPBUIRoot@core@5@PBUSUniquePointerInfo@75@@Z 00401cc1 f i umodsys_lib_libmedia:umodsys.mod.media.std.obj
 0001:00000cc1       ?root_get_other_interface@RLibraryLayered@std@media@modules@UModSys@@UAEPAUIRoot@core@5@PBUSUniquePointerInfo@75@@Z 00401cc1 f i umodsys_lib_libmedia:umodsys.mod.media.std.obj
 0001:00000cea       ?root_is_interface_supported@RLibraryLayered@std@media@modules@UModSys@@UBE_NPBUSUniquePointerInfo@core@5@@Z 00401cea f i umodsys_lib_libmedia:umodsys.mod.media.std.obj
 0001:00000d11       ?ref_remove@RLibraryBinCache@std@media@modules@UModSys@@UBEXXZ 00401d11 f i umodsys_lib_libmedia:umodsys.mod.media.std.obj
 0001:00000d11       ?ref_remove@RLibraryObjCache@std@media@modules@UModSys@@UBEXXZ 00401d11 f i umodsys_lib_libmedia:umodsys.mod.media.std.obj
 0001:00000d11       ?ref_remove@RLibraryLayered@std@media@modules@UModSys@@UBEXXZ 00401d11 f i umodsys_lib_libmedia:umodsys.mod.media.std.obj
 0001:00000d11       ?ref_remove@RDataArchiver_OsDir@stdio@media@modules@UModSys@@UBEXXZ 00401d11 f i umodsys_lib_libmedia:umodsys.mod.media.stdio.obj
 0001:00000d11       ?ref_remove@RLibraryBinTree@std@media@modules@UModSys@@UBEXXZ 00401d11 f i umodsys_lib_libmedia:umodsys.mod.media.std.obj
 0001:00000d11       ?ref_remove@RLibraryObjFilter@std@media@modules@UModSys@@UBEXXZ 00401d11 f i umodsys_lib_libmedia:umodsys.mod.media.std.obj
 0001:00000d1c       ??4SLayerX@RLibraryLayered@std@media@modules@UModSys@@QAEXABUSLayer@ILibraryLayered@libmedia@5@@Z 00401d1c f i umodsys_lib_libmedia:umodsys.mod.media.std.obj
 0001:00000d7c       ??0RLibraryLayered@std@media@modules@UModSys@@QAE@PAUIModObject@base@4@ABUSParameters@core@4@U?$TFlags4State@USMediaFlagUid@libmedia@UModSys@@I@tl@4@@Z 00401d7c f i umodsys_lib_libmedia:umodsys.mod.media.std.obj
 0001:00000dea       ?get_flag@RLibraryLayered@std@media@modules@UModSys@@UBE?AW4eStates@?$TFlags4State@USMediaFlagUid@libmedia@UModSys@@I@tl@5@H@Z 00401dea f i umodsys_lib_libmedia:umodsys.mod.media.std.obj
 0001:00000dfd       ?get_flags_auto@RLibraryLayered@std@media@modules@UModSys@@UBE?AU?$TFlags4State@USMediaFlagUid@libmedia@UModSys@@I@tl@5@XZ 00401dfd f i umodsys_lib_libmedia:umodsys.mod.media.std.obj
 0001:00000e0c       ?set_flag@RLibraryLayered@std@media@modules@UModSys@@UAE?AW4eStates@?$TFlags4State@USMediaFlagUid@libmedia@UModSys@@I@tl@5@HW46785@@Z 00401e0c f i umodsys_lib_libmedia:umodsys.mod.media.std.obj
 0001:00000e39       ?bin_reader@RLibraryLayered@std@media@modules@UModSys@@UAE?AU?$TRefObject@UIStreamReader@libmedia@UModSys@@U?$TRefObjectFunc@UIStreamReader@libmedia@UModSys@@@tl@3@@tl@5@ABU?$TString@U?$TSCoreConst@D@su@tl@UModSys@@U?$TComparerBinaryHash@D@234@@75@ABUSFlags@libmedia@5@@Z 00401e39 f i umodsys_lib_libmedia:umodsys.mod.media.std.obj
 0001:00000eea       ?bin_writer@RLibraryLayered@std@media@modules@UModSys@@UAE?AU?$TRefObject@UIStreamWriter@libmedia@UModSys@@U?$TRefObjectFunc@UIStreamWriter@libmedia@UModSys@@@tl@3@@tl@5@ABU?$TString@U?$TSCoreConst@D@su@tl@UModSys@@U?$TComparerBinaryHash@D@234@@75@ABUSFlags@libmedia@5@@Z 00401eea f i umodsys_lib_libmedia:umodsys.mod.media.std.obj
 0001:00000f9b       ?bin_load@RLibraryLayered@std@media@modules@UModSys@@UAE_NABU?$TString@U?$TSCoreConst@D@su@tl@UModSys@@U?$TComparerBinaryHash@D@234@@tl@5@AAUSCMemShared@core@5@ABUSFlags@libmedia@5@@Z 00401f9b f i umodsys_lib_libmedia:umodsys.mod.media.std.obj
 0001:000010a2       ?bin_save@RLibraryLayered@std@media@modules@UModSys@@UAE_NABU?$TString@U?$TSCoreConst@D@su@tl@UModSys@@U?$TComparerBinaryHash@D@234@@tl@5@ABUSCMem@core@5@ABUSFlags@libmedia@5@@Z 004020a2 f i umodsys_lib_libmedia:umodsys.mod.media.std.obj
 0001:000011d5       ?bin_info@RLibraryLayered@std@media@modules@UModSys@@UAE_NABU?$TString@U?$TSCoreConst@D@su@tl@UModSys@@U?$TComparerBinaryHash@D@234@@tl@5@AAUSFileInfo@libmedia@5@ABUSFlags@95@@Z 004021d5 f i umodsys_lib_libmedia:umodsys.mod.media.std.obj
 0001:00001245       ?bin_info@RLibraryLayered@std@media@modules@UModSys@@UAE_NABU?$TString@U?$TSCoreConst@D@su@tl@UModSys@@U?$TComparerBinaryHash@D@234@@tl@5@AAU?$TIStackSocket@USFileInfo@libmedia@UModSys@@@75@ABUSFlags@libmedia@5@@Z 00402245 f i umodsys_lib_libmedia:umodsys.mod.media.std.obj
 0001:000012bb       ?bin_get@RLibraryLayered@std@media@modules@UModSys@@UAE_NABU?$TString@U?$TSCoreConst@D@su@tl@UModSys@@U?$TComparerBinaryHash@D@234@@tl@5@AAUSCMemShared@core@5@_N@Z 004022bb f i umodsys_lib_libmedia:umodsys.mod.media.std.obj
 0001:000012fd       ?bin_put@RLibraryLayered@std@media@modules@UModSys@@UAE_NABU?$TString@U?$TSCoreConst@D@su@tl@UModSys@@U?$TComparerBinaryHash@D@234@@tl@5@PBUSCMemShared@core@5@@Z 004022fd f i umodsys_lib_libmedia:umodsys.mod.media.std.obj
 0001:0000133b       ?obj_fget@RLibraryLayered@std@media@modules@UModSys@@UAE_NABUSInfo@IBinObjFilter@libmedia@5@AAU?$TRefObject@UIRefObject@core@UModSys@@U?$TRefObjectFunc@UIRefObject@core@UModSys@@@tl@3@@tl@5@@Z 0040233b f i umodsys_lib_libmedia:umodsys.mod.media.std.obj
 0001:00001379       ?obj_fload@RLibraryLayered@std@media@modules@UModSys@@UAE_NABUSInfo@IBinObjFilter@libmedia@5@PAUIRefObject@core@5@@Z 00402379 f i umodsys_lib_libmedia:umodsys.mod.media.std.obj
 0001:000013b7       ?obj_fsave@RLibraryLayered@std@media@modules@UModSys@@UAE_NAAUSInfo@IBinObjFilter@libmedia@5@PBUIRefObject@core@5@@Z 004023b7 f i umodsys_lib_libmedia:umodsys.mod.media.std.obj
 0001:000013f5       ?obj_cget@RLibraryLayered@std@media@modules@UModSys@@UAE_NABU?$TString@U?$TSCoreConst@D@su@tl@UModSys@@U?$TComparerBinaryHash@D@234@@tl@5@AAU?$TRefObject@UIRefObject@core@UModSys@@U?$TRefObjectFunc@UIRefObject@core@UModSys@@@tl@3@@75@_N@Z 004023f5 f i umodsys_lib_libmedia:umodsys.mod.media.std.obj
 0001:00001437       ?obj_cput@RLibraryLayered@std@media@modules@UModSys@@UAE_NABU?$TString@U?$TSCoreConst@D@su@tl@UModSys@@U?$TComparerBinaryHash@D@234@@tl@5@PAUIRefObject@core@5@@Z 00402437 f i umodsys_lib_libmedia:umodsys.mod.media.std.obj
 0001:00001475       ?obj_get@RLibraryLayered@std@media@modules@UModSys@@UAE_NABU?$TString@U?$TSCoreConst@D@su@tl@UModSys@@U?$TComparerBinaryHash@D@234@@tl@5@AAU?$TRefObject@UIRefObject@core@UModSys@@U?$TRefObjectFunc@UIRefObject@core@UModSys@@@tl@3@@75@ABUSObjOptions@ILibrary@libmedia@5@@Z 00402475 f i umodsys_lib_libmedia:umodsys.mod.media.std.obj
 0001:00001615       ?obj_load@RLibraryLayered@std@media@modules@UModSys@@UAE_NABU?$TString@U?$TSCoreConst@D@su@tl@UModSys@@U?$TComparerBinaryHash@D@234@@tl@5@PAUIRefObject@core@5@ABUSObjOptions@ILibrary@libmedia@5@@Z 00402615 f i umodsys_lib_libmedia:umodsys.mod.media.std.obj
 0001:00001716       ?obj_save@RLibraryLayered@std@media@modules@UModSys@@UAE_NABU?$TString@U?$TSCoreConst@D@su@tl@UModSys@@U?$TComparerBinaryHash@D@234@@tl@5@PBUIRefObject@core@5@ABUSObjOptions@ILibrary@libmedia@5@@Z 00402716 f i umodsys_lib_libmedia:umodsys.mod.media.std.obj
 0001:0000183e       ?layer_count@RLibraryLayered@std@media@modules@UModSys@@UBEIABUSLayer@ILibraryLayered@libmedia@5@@Z 0040283e f i umodsys_lib_libmedia:umodsys.mod.media.std.obj
 0001:00001844       ?layer_get@RLibraryLayered@std@media@modules@UModSys@@UBE?AUSLayer@ILibraryLayered@libmedia@5@I@Z 00402844 f i umodsys_lib_libmedia:umodsys.mod.media.std.obj
 0001:00001867       ?layer_find@RLibraryLayered@std@media@modules@UModSys@@UBEIABU?$TString@U?$TSCoreConst@D@su@tl@UModSys@@U?$TComparerBinaryHash@D@234@@tl@5@I@Z 00402867 f i umodsys_lib_libmedia:umodsys.mod.media.std.obj
 0001:000018af       ?layer_insert@RLibraryLayered@std@media@modules@UModSys@@UAE_NABUSLayer@ILibraryLayered@libmedia@5@I@Z 004028af f i umodsys_lib_libmedia:umodsys.mod.media.std.obj
 0001:00001927       ?layer_remove@RLibraryLayered@std@media@modules@UModSys@@UAE_NI@Z 00402927 f i umodsys_lib_libmedia:umodsys.mod.media.std.obj
 0001:00001971       ?layer_clear@RLibraryLayered@std@media@modules@UModSys@@UAE_NXZ 00402971 f i umodsys_lib_libmedia:umodsys.mod.media.std.obj
 0001:0000197b       ??_ERLibraryLayered@std@media@modules@UModSys@@UAEPAXI@Z 0040297b f i  CIL library: CIL module
 0001:0000197b       ??_GRLibraryLayered@std@media@modules@UModSys@@UAEPAXI@Z 0040297b f i umodsys_lib_libmedia:umodsys.mod.media.std.obj
 0001:000019af       ??0SLayer@ILibraryLayered@libmedia@UModSys@@QAE@ABU0123@@Z 004029af f i umodsys_lib_libmedia:umodsys.mod.media.std.obj
 0001:000019db       ?root_get_interface_info@RLibraryObjCache@std@media@modules@UModSys@@UBEABUSUniquePointerInfo@core@5@XZ 004029db f i umodsys_lib_libmedia:umodsys.mod.media.std.obj
 0001:000019e1       ?root_get_interface_type@RLibraryObjCache@std@media@modules@UModSys@@UBEPBUSUniquePointerInfo@core@5@XZ 004029e1 f i umodsys_lib_libmedia:umodsys.mod.media.std.obj
 0001:000019e7       ?root_get_other_interface@RLibraryObjCache@std@media@modules@UModSys@@UAEPAUIRoot@core@5@PBUSUniquePointerInfo@75@@Z 004029e7 f i umodsys_lib_libmedia:umodsys.mod.media.std.obj
 0001:000019e7       ?root_get_other_interface@RLibraryObjCache@std@media@modules@UModSys@@UBEPBUIRoot@core@5@PBUSUniquePointerInfo@75@@Z 004029e7 f i umodsys_lib_libmedia:umodsys.mod.media.std.obj
 0001:00001a10       ?root_is_interface_supported@RLibraryObjCache@std@media@modules@UModSys@@UBE_NPBUSUniquePointerInfo@core@5@@Z 00402a10 f i umodsys_lib_libmedia:umodsys.mod.media.std.obj
 0001:00001a37       ?ref_weak@RLibraryObjCache@std@media@modules@UModSys@@UBE_NAAUWeakPointer@IRefObject@core@5@@Z 00402a37 f i umodsys_lib_libmedia:umodsys.mod.media.std.obj
 0001:00001a37       ?ref_weak@RDataArchiver_OsDir@stdio@media@modules@UModSys@@UBE_NAAUWeakPointer@IRefObject@core@5@@Z 00402a37 f i umodsys_lib_libmedia:umodsys.mod.media.stdio.obj
 0001:00001a37       ?ref_weak@RLibraryBinTree@std@media@modules@UModSys@@UBE_NAAUWeakPointer@IRefObject@core@5@@Z 00402a37 f i umodsys_lib_libmedia:umodsys.mod.media.std.obj
 0001:00001a37       ?ref_weak@RLibraryBinCache@std@media@modules@UModSys@@UBE_NAAUWeakPointer@IRefObject@core@5@@Z 00402a37 f i umodsys_lib_libmedia:umodsys.mod.media.std.obj
 0001:00001a37       ?ref_weak@RLibraryLayered@std@media@modules@UModSys@@UBE_NAAUWeakPointer@IRefObject@core@5@@Z 00402a37 f i umodsys_lib_libmedia:umodsys.mod.media.std.obj
 0001:00001a37       ?ref_weak@RLibraryObjFilter@std@media@modules@UModSys@@UBE_NAAUWeakPointer@IRefObject@core@5@@Z 00402a37 f i umodsys_lib_libmedia:umodsys.mod.media.std.obj
 0001:00001a56       ??0RLibraryObjCache@std@media@modules@UModSys@@QAE@PAUIModObject@base@4@ABUSParameters@core@4@U?$TFlags4State@USMediaFlagUid@libmedia@UModSys@@I@tl@4@@Z 00402a56 f i umodsys_lib_libmedia:umodsys.mod.media.std.obj
 0001:00001ab3       ?get_flags_auto@RLibraryObjCache@std@media@modules@UModSys@@UBE?AU?$TFlags4State@USMediaFlagUid@libmedia@UModSys@@I@tl@5@XZ 00402ab3 f i umodsys_lib_libmedia:umodsys.mod.media.std.obj
 0001:00001ac2       ?set_flag@RLibraryBinCache@std@media@modules@UModSys@@UAE?AW4eStates@?$TFlags4State@USMediaFlagUid@libmedia@UModSys@@I@tl@5@HW46785@@Z 00402ac2 f i umodsys_lib_libmedia:umodsys.mod.media.std.obj
 0001:00001ac2       ?set_flag@RLibraryBinTree@std@media@modules@UModSys@@UAE?AW4eStates@?$TFlags4State@USMediaFlagUid@libmedia@UModSys@@I@tl@5@HW46785@@Z 00402ac2 f i umodsys_lib_libmedia:umodsys.mod.media.std.obj
 0001:00001ac2       ?set_flag@RLibraryObjFilter@std@media@modules@UModSys@@UAE?AW4eStates@?$TFlags4State@USMediaFlagUid@libmedia@UModSys@@I@tl@5@HW46785@@Z 00402ac2 f i umodsys_lib_libmedia:umodsys.mod.media.std.obj
 0001:00001ac2       ?set_flag@RLibraryObjCache@std@media@modules@UModSys@@UAE?AW4eStates@?$TFlags4State@USMediaFlagUid@libmedia@UModSys@@I@tl@5@HW46785@@Z 00402ac2 f i umodsys_lib_libmedia:umodsys.mod.media.std.obj
 0001:00001aef       ?bin_get@RLibraryBinCache@std@media@modules@UModSys@@UAE_NABU?$TString@U?$TSCoreConst@D@su@tl@UModSys@@U?$TComparerBinaryHash@D@234@@tl@5@AAUSCMemShared@core@5@_N@Z 00402aef f i umodsys_lib_libmedia:umodsys.mod.media.std.obj
 0001:00001aef       ?obj_cget@RLibraryObjCache@std@media@modules@UModSys@@UAE_NABU?$TString@U?$TSCoreConst@D@su@tl@UModSys@@U?$TComparerBinaryHash@D@234@@tl@5@AAU?$TRefObject@UIRefObject@core@UModSys@@U?$TRefObjectFunc@UIRefObject@core@UModSys@@@tl@3@@75@_N@Z 00402aef f i umodsys_lib_libmedia:umodsys.mod.media.std.obj
 0001:00001b1b       ?obj_cput@RLibraryObjCache@std@media@modules@UModSys@@UAE_NABU?$TString@U?$TSCoreConst@D@su@tl@UModSys@@U?$TComparerBinaryHash@D@234@@tl@5@PAUIRefObject@core@5@@Z 00402b1b f i umodsys_lib_libmedia:umodsys.mod.media.std.obj
 0001:00001b20       ?obj_get@RLibraryObjCache@std@media@modules@UModSys@@UAE_NABU?$TString@U?$TSCoreConst@D@su@tl@UModSys@@U?$TComparerBinaryHash@D@234@@tl@5@AAU?$TRefObject@UIRefObject@core@UModSys@@U?$TRefObjectFunc@UIRefObject@core@UModSys@@@tl@3@@75@ABUSObjOptions@ILibrary@libmedia@5@@Z 00402b20 f i umodsys_lib_libmedia:umodsys.mod.media.std.obj
 0001:00001ba6       ?objcache_get@RLibraryObjCache@std@media@modules@UModSys@@UBE_NABU?$TString@U?$TSCoreConst@D@su@tl@UModSys@@U?$TComparerBinaryHash@D@234@@tl@5@PAU?$TRefObject@UIRefObject@core@UModSys@@U?$TRefObjectFunc@UIRefObject@core@UModSys@@@tl@3@@75@PA_N@Z 00402ba6 f i umodsys_lib_libmedia:umodsys.mod.media.std.obj
 0001:00001c12       ?objcache_add@RLibraryObjCache@std@media@modules@UModSys@@UAE_NABU?$TString@U?$TSCoreConst@D@su@tl@UModSys@@U?$TComparerBinaryHash@D@234@@tl@5@PAUIRefObject@core@5@@Z 00402c12 f i umodsys_lib_libmedia:umodsys.mod.media.std.obj
 0001:00001cbe       ?objcache_remove@RLibraryObjCache@std@media@modules@UModSys@@UAE_NABU?$TString@U?$TSCoreConst@D@su@tl@UModSys@@U?$TComparerBinaryHash@D@234@@tl@5@@Z 00402cbe f i umodsys_lib_libmedia:umodsys.mod.media.std.obj
 0001:00001cf5       ?objcache_clear@RLibraryObjCache@std@media@modules@UModSys@@UAE_NXZ 00402cf5 f i umodsys_lib_libmedia:umodsys.mod.media.std.obj
 0001:00001d13       ??_GRLibraryObjCache@std@media@modules@UModSys@@UAEPAXI@Z 00402d13 f i umodsys_lib_libmedia:umodsys.mod.media.std.obj
 0001:00001d13       ??_ERLibraryObjCache@std@media@modules@UModSys@@UAEPAXI@Z 00402d13 f i  CIL library: CIL module
 0001:00001d70       ?root_get_interface_info@RLibraryObjFilter@std@media@modules@UModSys@@UBEABUSUniquePointerInfo@core@5@XZ 00402d70 f i umodsys_lib_libmedia:umodsys.mod.media.std.obj
 0001:00001d76       ?root_get_interface_type@RLibraryObjFilter@std@media@modules@UModSys@@UBEPBUSUniquePointerInfo@core@5@XZ 00402d76 f i umodsys_lib_libmedia:umodsys.mod.media.std.obj
 0001:00001d7c       ?root_get_other_interface@RLibraryObjFilter@std@media@modules@UModSys@@UBEPBUIRoot@core@5@PBUSUniquePointerInfo@75@@Z 00402d7c f i umodsys_lib_libmedia:umodsys.mod.media.std.obj
 0001:00001d7c       ?root_get_other_interface@RLibraryObjFilter@std@media@modules@UModSys@@UAEPAUIRoot@core@5@PBUSUniquePointerInfo@75@@Z 00402d7c f i umodsys_lib_libmedia:umodsys.mod.media.std.obj
 0001:00001da5       ?root_is_interface_supported@RLibraryObjFilter@std@media@modules@UModSys@@UBE_NPBUSUniquePointerInfo@core@5@@Z 00402da5 f i umodsys_lib_libmedia:umodsys.mod.media.std.obj
 0001:00001dcc       ?ref_add@RDataArchiver_OsDir@stdio@media@modules@UModSys@@UBEXXZ 00402dcc f i umodsys_lib_libmedia:umodsys.mod.media.stdio.obj
 0001:00001dcc       ?ref_add@RLibraryLayered@std@media@modules@UModSys@@UBEXXZ 00402dcc f i umodsys_lib_libmedia:umodsys.mod.media.std.obj
 0001:00001dcc       ?ref_add@RLibraryObjCache@std@media@modules@UModSys@@UBEXXZ 00402dcc f i umodsys_lib_libmedia:umodsys.mod.media.std.obj
 0001:00001dcc       ?ref_add@RLibraryBinCache@std@media@modules@UModSys@@UBEXXZ 00402dcc f i umodsys_lib_libmedia:umodsys.mod.media.std.obj
 0001:00001dcc       ?ref_add@RLibraryBinTree@std@media@modules@UModSys@@UBEXXZ 00402dcc f i umodsys_lib_libmedia:umodsys.mod.media.std.obj
 0001:00001dcc       ?ref_add@RLibraryObjFilter@std@media@modules@UModSys@@UBEXXZ 00402dcc f i umodsys_lib_libmedia:umodsys.mod.media.std.obj
 0001:00001dd0       ?suicide@RLibraryBinTree@std@media@modules@UModSys@@UAEXXZ 00402dd0 f i umodsys_lib_libmedia:umodsys.mod.media.std.obj
 0001:00001dd0       ?suicide@RLibraryObjCache@std@media@modules@UModSys@@UAEXXZ 00402dd0 f i umodsys_lib_libmedia:umodsys.mod.media.std.obj
 0001:00001dd0       ?suicide@RDataArchiver_OsDir@stdio@media@modules@UModSys@@UAEXXZ 00402dd0 f i umodsys_lib_libmedia:umodsys.mod.media.stdio.obj
 0001:00001dd0       ?suicide@RLibraryObjFilter@std@media@modules@UModSys@@UAEXXZ 00402dd0 f i umodsys_lib_libmedia:umodsys.mod.media.std.obj
 0001:00001dd0       ?suicide@RLibraryLayered@std@media@modules@UModSys@@UAEXXZ 00402dd0 f i umodsys_lib_libmedia:umodsys.mod.media.std.obj
 0001:00001dd0       ?suicide@RLibraryBinCache@std@media@modules@UModSys@@UAEXXZ 00402dd0 f i umodsys_lib_libmedia:umodsys.mod.media.std.obj
 0001:00001e17       ??0RLibraryObjFilter@std@media@modules@UModSys@@QAE@PAUIModObject@base@4@ABUSParameters@core@4@U?$TFlags4State@USMediaFlagUid@libmedia@UModSys@@I@tl@4@@Z 00402e17 f i umodsys_lib_libmedia:umodsys.mod.media.std.obj
 0001:00001e74       ?get_flag@RLibraryBinCache@std@media@modules@UModSys@@UBE?AW4eStates@?$TFlags4State@USMediaFlagUid@libmedia@UModSys@@I@tl@5@H@Z 00402e74 f i umodsys_lib_libmedia:umodsys.mod.media.std.obj
 0001:00001e74       ?get_flag@RLibraryObjFilter@std@media@modules@UModSys@@UBE?AW4eStates@?$TFlags4State@USMediaFlagUid@libmedia@UModSys@@I@tl@5@H@Z 00402e74 f i umodsys_lib_libmedia:umodsys.mod.media.std.obj
 0001:00001e74       ?get_flag@RLibraryBinTree@std@media@modules@UModSys@@UBE?AW4eStates@?$TFlags4State@USMediaFlagUid@libmedia@UModSys@@I@tl@5@H@Z 00402e74 f i umodsys_lib_libmedia:umodsys.mod.media.std.obj
 0001:00001e74       ?get_flag@RLibraryObjCache@std@media@modules@UModSys@@UBE?AW4eStates@?$TFlags4State@USMediaFlagUid@libmedia@UModSys@@I@tl@5@H@Z 00402e74 f i umodsys_lib_libmedia:umodsys.mod.media.std.obj
 0001:00001e87       ?get_flags_auto@RLibraryObjFilter@std@media@modules@UModSys@@UBE?AU?$TFlags4State@USMediaFlagUid@libmedia@UModSys@@I@tl@5@XZ 00402e87 f i umodsys_lib_libmedia:umodsys.mod.media.std.obj
 0001:00001e96       ?obj_get@RLibraryObjFilter@std@media@modules@UModSys@@UAE_NABU?$TString@U?$TSCoreConst@D@su@tl@UModSys@@U?$TComparerBinaryHash@D@234@@tl@5@AAU?$TRefObject@UIRefObject@core@UModSys@@U?$TRefObjectFunc@UIRefObject@core@UModSys@@@tl@3@@75@ABUSObjOptions@ILibrary@libmedia@5@@Z 00402e96 f i umodsys_lib_libmedia:umodsys.mod.media.std.obj
 0001:00001e96       ?bin_info@RLibraryBinTree@std@media@modules@UModSys@@UAE_NABU?$TString@U?$TSCoreConst@D@su@tl@UModSys@@U?$TComparerBinaryHash@D@234@@tl@5@AAUSFileInfo@libmedia@5@ABUSFlags@95@@Z 00402e96 f i umodsys_lib_libmedia:umodsys.mod.media.std.obj
 0001:00001e96       ?bin_save@RLibraryObjCache@std@media@modules@UModSys@@UAE_NABU?$TString@U?$TSCoreConst@D@su@tl@UModSys@@U?$TComparerBinaryHash@D@234@@tl@5@ABUSCMem@core@5@ABUSFlags@libmedia@5@@Z 00402e96 f i umodsys_lib_libmedia:umodsys.mod.media.std.obj
 0001:00001e96       ?bin_info@RLibraryObjFilter@std@media@modules@UModSys@@UAE_NABU?$TString@U?$TSCoreConst@D@su@tl@UModSys@@U?$TComparerBinaryHash@D@234@@tl@5@AAU?$TIStackSocket@USFileInfo@libmedia@UModSys@@@75@ABUSFlags@libmedia@5@@Z 00402e96 f i umodsys_lib_libmedia:umodsys.mod.media.std.obj
 0001:00001e96       ?obj_cget@RLibraryBinCache@std@media@modules@UModSys@@UAE_NABU?$TString@U?$TSCoreConst@D@su@tl@UModSys@@U?$TComparerBinaryHash@D@234@@tl@5@AAU?$TRefObject@UIRefObject@core@UModSys@@U?$TRefObjectFunc@UIRefObject@core@UModSys@@@tl@3@@75@_N@Z 00402e96 f i umodsys_lib_libmedia:umodsys.mod.media.std.obj
 0001:00001e96       ?bin_load@RLibraryObjFilter@std@media@modules@UModSys@@UAE_NABU?$TString@U?$TSCoreConst@D@su@tl@UModSys@@U?$TComparerBinaryHash@D@234@@tl@5@AAUSCMemShared@core@5@ABUSFlags@libmedia@5@@Z 00402e96 f i umodsys_lib_libmedia:umodsys.mod.media.std.obj
 0001:00001e96       ?obj_save@RLibraryBinTree@std@media@modules@UModSys@@UAE_NABU?$TString@U?$TSCoreConst@D@su@tl@UModSys@@U?$TComparerBinaryHash@D@234@@tl@5@PBUIRefObject@core@5@ABUSObjOptions@ILibrary@libmedia@5@@Z 00402e96 f i umodsys_lib_libmedia:umodsys.mod.media.std.obj
 0001:00001e96       ?obj_cget@RLibraryBinTree@std@media@modules@UModSys@@UAE_NABU?$TString@U?$TSCoreConst@D@su@tl@UModSys@@U?$TComparerBinaryHash@D@234@@tl@5@AAU?$TRefObject@UIRefObject@core@UModSys@@U?$TRefObjectFunc@UIRefObject@core@UModSys@@@tl@3@@75@_N@Z 00402e96 f i umodsys_lib_libmedia:umodsys.mod.media.std.obj
 0001:00001e96       ?bin_load@RLibraryObjCache@std@media@modules@UModSys@@UAE_NABU?$TString@U?$TSCoreConst@D@su@tl@UModSys@@U?$TComparerBinaryHash@D@234@@tl@5@AAUSCMemShared@core@5@ABUSFlags@libmedia@5@@Z 00402e96 f i umodsys_lib_libmedia:umodsys.mod.media.std.obj
 0001:00001e96       ?vget_c@RConsole_std@rsystem@base@UModSys@@UAE_NPAHPBDPAD@Z 00402e96 f i umodsys_lib_basesys:umodsys.basesys.rconsole_std.obj
 0001:00001e96       ?obj_load@RLibraryBinCache@std@media@modules@UModSys@@UAE_NABU?$TString@U?$TSCoreConst@D@su@tl@UModSys@@U?$TComparerBinaryHash@D@234@@tl@5@PAUIRefObject@core@5@ABUSObjOptions@ILibrary@libmedia@5@@Z 00402e96 f i umodsys_lib_libmedia:umodsys.mod.media.std.obj
 0001:00001e96       ?bin_save@RLibraryObjFilter@std@media@modules@UModSys@@UAE_NABU?$TString@U?$TSCoreConst@D@su@tl@UModSys@@U?$TComparerBinaryHash@D@234@@tl@5@ABUSCMem@core@5@ABUSFlags@libmedia@5@@Z 00402e96 f i umodsys_lib_libmedia:umodsys.mod.media.std.obj
 0001:00001e96       ?bin_info@RLibraryBinCache@std@media@modules@UModSys@@UAE_NABU?$TString@U?$TSCoreConst@D@su@tl@UModSys@@U?$TComparerBinaryHash@D@234@@tl@5@AAUSFileInfo@libmedia@5@ABUSFlags@95@@Z 00402e96 f i umodsys_lib_libmedia:umodsys.mod.media.std.obj
 0001:00001e96       ?obj_load@RLibraryObjCache@std@media@modules@UModSys@@UAE_NABU?$TString@U?$TSCoreConst@D@su@tl@UModSys@@U?$TComparerBinaryHash@D@234@@tl@5@PAUIRefObject@core@5@ABUSObjOptions@ILibrary@libmedia@5@@Z 00402e96 f i umodsys_lib_libmedia:umodsys.mod.media.std.obj
 0001:00001e96       ?obj_load@RLibraryBinTree@std@media@modules@UModSys@@UAE_NABU?$TString@U?$TSCoreConst@D@su@tl@UModSys@@U?$TComparerBinaryHash@D@234@@tl@5@PAUIRefObject@core@5@ABUSObjOptions@ILibrary@libmedia@5@@Z 00402e96 f i umodsys_lib_libmedia:umodsys.mod.media.std.obj
 0001:00001e96       ?obj_get@RLibraryBinCache@std@media@modules@UModSys@@UAE_NABU?$TString@U?$TSCoreConst@D@su@tl@UModSys@@U?$TComparerBinaryHash@D@234@@tl@5@AAU?$TRefObject@UIRefObject@core@UModSys@@U?$TRefObjectFunc@UIRefObject@core@UModSys@@@tl@3@@75@ABUSObjOptions@ILibrary@libmedia@5@@Z 00402e96 f i umodsys_lib_libmedia:umodsys.mod.media.std.obj
 0001:00001e96       ?bin_info@RLibraryBinTree@std@media@modules@UModSys@@UAE_NABU?$TString@U?$TSCoreConst@D@su@tl@UModSys@@U?$TComparerBinaryHash@D@234@@tl@5@AAU?$TIStackSocket@USFileInfo@libmedia@UModSys@@@75@ABUSFlags@libmedia@5@@Z 00402e96 f i umodsys_lib_libmedia:umodsys.mod.media.std.obj
 0001:00001e96       ?obj_cget@RLibraryObjFilter@std@media@modules@UModSys@@UAE_NABU?$TString@U?$TSCoreConst@D@su@tl@UModSys@@U?$TComparerBinaryHash@D@234@@tl@5@AAU?$TRefObject@UIRefObject@core@UModSys@@U?$TRefObjectFunc@UIRefObject@core@UModSys@@@tl@3@@75@_N@Z 00402e96 f i umodsys_lib_libmedia:umodsys.mod.media.std.obj
 0001:00001e96       ?obj_save@RLibraryObjFilter@std@media@modules@UModSys@@UAE_NABU?$TString@U?$TSCoreConst@D@su@tl@UModSys@@U?$TComparerBinaryHash@D@234@@tl@5@PBUIRefObject@core@5@ABUSObjOptions@ILibrary@libmedia@5@@Z 00402e96 f i umodsys_lib_libmedia:umodsys.mod.media.std.obj
 0001:00001e96       ?bin_info@RLibraryBinCache@std@media@modules@UModSys@@UAE_NABU?$TString@U?$TSCoreConst@D@su@tl@UModSys@@U?$TComparerBinaryHash@D@234@@tl@5@AAU?$TIStackSocket@USFileInfo@libmedia@UModSys@@@75@ABUSFlags@libmedia@5@@Z 00402e96 f i umodsys_lib_libmedia:umodsys.mod.media.std.obj
 0001:00001e96       ?obj_save@RLibraryObjCache@std@media@modules@UModSys@@UAE_NABU?$TString@U?$TSCoreConst@D@su@tl@UModSys@@U?$TComparerBinaryHash@D@234@@tl@5@PBUIRefObject@core@5@ABUSObjOptions@ILibrary@libmedia@5@@Z 00402e96 f i umodsys_lib_libmedia:umodsys.mod.media.std.obj
 0001:00001e96       ?bin_get@RLibraryObjCache@std@media@modules@UModSys@@UAE_NABU?$TString@U?$TSCoreConst@D@su@tl@UModSys@@U?$TComparerBinaryHash@D@234@@tl@5@AAUSCMemShared@core@5@_N@Z 00402e96 f i umodsys_lib_libmedia:umodsys.mod.media.std.obj
 0001:00001e96       ?obj_get@RLibraryBinTree@std@media@modules@UModSys@@UAE_NABU?$TString@U?$TSCoreConst@D@su@tl@UModSys@@U?$TComparerBinaryHash@D@234@@tl@5@AAU?$TRefObject@UIRefObject@core@UModSys@@U?$TRefObjectFunc@UIRefObject@core@UModSys@@@tl@3@@75@ABUSObjOptions@ILibrary@libmedia@5@@Z 00402e96 f i umodsys_lib_libmedia:umodsys.mod.media.std.obj
 0001:00001e96       ?bin_info@RLibraryObjCache@std@media@modules@UModSys@@UAE_NABU?$TString@U?$TSCoreConst@D@su@tl@UModSys@@U?$TComparerBinaryHash@D@234@@tl@5@AAU?$TIStackSocket@USFileInfo@libmedia@UModSys@@@75@ABUSFlags@libmedia@5@@Z 00402e96 f i umodsys_lib_libmedia:umodsys.mod.media.std.obj
 0001:00001e96       ?obj_save@RLibraryBinCache@std@media@modules@UModSys@@UAE_NABU?$TString@U?$TSCoreConst@D@su@tl@UModSys@@U?$TComparerBinaryHash@D@234@@tl@5@PBUIRefObject@core@5@ABUSObjOptions@ILibrary@libmedia@5@@Z 00402e96 f i umodsys_lib_libmedia:umodsys.mod.media.std.obj
 0001:00001e96       ?bin_info@RLibraryObjCache@std@media@modules@UModSys@@UAE_NABU?$TString@U?$TSCoreConst@D@su@tl@UModSys@@U?$TComparerBinaryHash@D@234@@tl@5@AAUSFileInfo@libmedia@5@ABUSFlags@95@@Z 00402e96 f i umodsys_lib_libmedia:umodsys.mod.media.std.obj
 0001:00001e96       ?obj_load@RLibraryObjFilter@std@media@modules@UModSys@@UAE_NABU?$TString@U?$TSCoreConst@D@su@tl@UModSys@@U?$TComparerBinaryHash@D@234@@tl@5@PAUIRefObject@core@5@ABUSObjOptions@ILibrary@libmedia@5@@Z 00402e96 f i umodsys_lib_libmedia:umodsys.mod.media.std.obj
 0001:00001e96       ?bin_get@RLibraryObjFilter@std@media@modules@UModSys@@UAE_NABU?$TString@U?$TSCoreConst@D@su@tl@UModSys@@U?$TComparerBinaryHash@D@234@@tl@5@AAUSCMemShared@core@5@_N@Z 00402e96 f i umodsys_lib_libmedia:umodsys.mod.media.std.obj
 0001:00001e96       ?bin_save@RLibraryBinCache@std@media@modules@UModSys@@UAE_NABU?$TString@U?$TSCoreConst@D@su@tl@UModSys@@U?$TComparerBinaryHash@D@234@@tl@5@ABUSCMem@core@5@ABUSFlags@libmedia@5@@Z 00402e96 f i umodsys_lib_libmedia:umodsys.mod.media.std.obj
 0001:00001e96       ?bin_info@RLibraryObjFilter@std@media@modules@UModSys@@UAE_NABU?$TString@U?$TSCoreConst@D@su@tl@UModSys@@U?$TComparerBinaryHash@D@234@@tl@5@AAUSFileInfo@libmedia@5@ABUSFlags@95@@Z 00402e96 f i umodsys_lib_libmedia:umodsys.mod.media.std.obj
 0001:00001e96       ?bin_get@RLibraryBinTree@std@media@modules@UModSys@@UAE_NABU?$TString@U?$TSCoreConst@D@su@tl@UModSys@@U?$TComparerBinaryHash@D@234@@tl@5@AAUSCMemShared@core@5@_N@Z 00402e96 f i umodsys_lib_libmedia:umodsys.mod.media.std.obj
 0001:00001e9b       ?obj_fget@RLibraryObjFilter@std@media@modules@UModSys@@UAE_NABUSInfo@IBinObjFilter@libmedia@5@AAU?$TRefObject@UIRefObject@core@UModSys@@U?$TRefObjectFunc@UIRefObject@core@UModSys@@@tl@3@@tl@5@@Z 00402e9b f i umodsys_lib_libmedia:umodsys.mod.media.std.obj
 0001:00001ea3       ?obj_fload@RLibraryObjFilter@std@media@modules@UModSys@@UAE_NABUSInfo@IBinObjFilter@libmedia@5@PAUIRefObject@core@5@@Z 00402ea3 f i umodsys_lib_libmedia:umodsys.mod.media.std.obj
 0001:00001ea8       ?obj_fsave@RLibraryObjFilter@std@media@modules@UModSys@@UAE_NAAUSInfo@IBinObjFilter@libmedia@5@PBUIRefObject@core@5@@Z 00402ea8 f i umodsys_lib_libmedia:umodsys.mod.media.std.obj
 0001:00001eb0       ?filters_add@RLibraryObjFilter@std@media@modules@UModSys@@UAE_NU?$TRefObject@UIBinObjFilter@libmedia@UModSys@@U?$TRefObjectFunc@UIBinObjFilter@libmedia@UModSys@@@tl@3@@tl@5@PBUSParameters@core@5@H@Z 00402eb0 f i umodsys_lib_libmedia:umodsys.mod.media.std.obj
 0001:00001f4c       ?filters_remove@RLibraryObjFilter@std@media@modules@UModSys@@UAE_NPAUIBinObjFilter@libmedia@5@H@Z 00402f4c f i umodsys_lib_libmedia:umodsys.mod.media.std.obj
 0001:00001f9c       ?filters_clear@RLibraryObjFilter@std@media@modules@UModSys@@UAE_NXZ 00402f9c f i umodsys_lib_libmedia:umodsys.mod.media.std.obj
 0001:00001fba       ?filters_load@RLibraryObjFilter@std@media@modules@UModSys@@UAE_NABUSInfo@IBinObjFilter@libmedia@5@AAU?$TRefObject@UIRefObject@core@UModSys@@U?$TRefObjectFunc@UIRefObject@core@UModSys@@@tl@3@@tl@5@@Z 00402fba f i umodsys_lib_libmedia:umodsys.mod.media.std.obj
 0001:00002017       ?filters_load@RLibraryObjFilter@std@media@modules@UModSys@@UAE_NABUSInfo@IBinObjFilter@libmedia@5@PAUIRefObject@core@5@@Z 00403017 f i umodsys_lib_libmedia:umodsys.mod.media.std.obj
 0001:00002074       ?filters_save@RLibraryObjFilter@std@media@modules@UModSys@@UAE_NAAUSInfo@IBinObjFilter@libmedia@5@PBUIRefObject@core@5@@Z 00403074 f i umodsys_lib_libmedia:umodsys.mod.media.std.obj
 0001:000020d1       ??_GRLibraryObjFilter@std@media@modules@UModSys@@UAEPAXI@Z 004030d1 f i umodsys_lib_libmedia:umodsys.mod.media.std.obj
 0001:000020d1       ??_ERLibraryObjFilter@std@media@modules@UModSys@@UAEPAXI@Z 004030d1 f i  CIL library: CIL module
 0001:0000212e       ?get_generated_names@RGenerator@std@media@modules@UModSys@@UBEHAAUSUniquePtrList@core@5@@Z 0040312e f i umodsys_lib_libmedia:umodsys.mod.media.std.obj
 0001:00002176       ?get_generated_types@RGenerator@std@media@modules@UModSys@@UBEHAAUSUniquePtrList@core@5@PBUSUniquePointerInfo@75@@Z 00403176 f i umodsys_lib_libmedia:umodsys.mod.media.std.obj
 0001:0000221a       ?generate@RGenerator@std@media@modules@UModSys@@UAE_NAAU?$TRefObject@UIRefObject@core@UModSys@@U?$TRefObjectFunc@UIRefObject@core@UModSys@@@tl@3@@tl@5@PBUSUniquePointerInfo@core@5@ABUSParameters@95@@Z 0040321a f i umodsys_lib_libmedia:umodsys.mod.media.std.obj
 0001:000022bd       ?root_get_interface_info@RGenerator@std@media@modules@UModSys@@UBEABUSUniquePointerInfo@core@5@XZ 004032bd f i umodsys_lib_libmedia:umodsys.mod.media.std.obj
 0001:000022c3       ?root_get_interface_type@RGenerator@std@media@modules@UModSys@@UBEPBUSUniquePointerInfo@core@5@XZ 004032c3 f i umodsys_lib_libmedia:umodsys.mod.media.std.obj
 0001:000022c9       ?root_get_other_interface@RGenerator@std@media@modules@UModSys@@UBEPBUIRoot@core@5@PBUSUniquePointerInfo@75@@Z 004032c9 f i umodsys_lib_libmedia:umodsys.mod.media.std.obj
 0001:000022c9       ?root_get_other_interface@RGenerator@std@media@modules@UModSys@@UAEPAUIRoot@core@5@PBUSUniquePointerInfo@75@@Z 004032c9 f i umodsys_lib_libmedia:umodsys.mod.media.std.obj
 0001:000022f2       ?root_is_interface_supported@RGenerator@std@media@modules@UModSys@@UBE_NPBUSUniquePointerInfo@core@5@@Z 004032f2 f i umodsys_lib_libmedia:umodsys.mod.media.std.obj
 0001:00002311       ?ref_weak@RGenerator@stdio@media@modules@UModSys@@UBE_NAAUWeakPointer@IRefObject@core@5@@Z 00403311 f i umodsys_lib_libmedia:umodsys.mod.media.stdio.obj
 0001:00002311       ?ref_weak@RStreamWriter_FILE@stdio@media@modules@UModSys@@UBE_NAAUWeakPointer@IRefObject@core@5@@Z 00403311 f i umodsys_lib_libmedia:umodsys.mod.media.stdio.obj
 0001:00002311       ?ref_weak@RGenerator@std@media@modules@UModSys@@UBE_NAAUWeakPointer@IRefObject@core@5@@Z 00403311 f i umodsys_lib_libmedia:umodsys.mod.media.std.obj
 0001:00002311       ?ref_weak@RStreamReader_FILE@stdio@media@modules@UModSys@@UBE_NAAUWeakPointer@IRefObject@core@5@@Z 00403311 f i umodsys_lib_libmedia:umodsys.mod.media.stdio.obj
 0001:00002330       ?get_uid@RGenerator@std@media@modules@UModSys@@UBEPBUSUniquePointerInfo@core@5@XZ 00403330 f i umodsys_lib_libmedia:umodsys.mod.media.std.obj
 0001:00002336       ?do_open@RModuleReg@std@media@modules@UModSys@@UAE_NXZ 00403336 f i umodsys_lib_libmedia:umodsys.mod.media.std.obj
 0001:00002384       ?do_close@RModuleReg@std@media@modules@UModSys@@UAE_NXZ 00403384 f i umodsys_lib_libmedia:umodsys.mod.media.std.obj
 0001:000023bf       ?get_module@RGenerator@std@media@modules@UModSys@@UBEPAUIModule@base@5@XZ 004033bf f   umodsys_lib_libmedia:umodsys.mod.media.std.obj
 0001:000023c5       ?mod_inc@RGenerator@std@media@modules@UModSys@@UBE_NXZ 004033c5 f   umodsys_lib_libmedia:umodsys.mod.media.std.obj
 0001:000023d0       ?mod_dec@RGenerator@std@media@modules@UModSys@@UBE_NXZ 004033d0 f   umodsys_lib_libmedia:umodsys.mod.media.std.obj
 0001:000023db       ?s_holder@RGenerator@std@media@modules@UModSys@@SAAAU?$TTypeStaticHolder@URGenerator@std@media@modules@UModSys@@@tl@5@XZ 004033db f   umodsys_lib_libmedia:umodsys.mod.media.std.obj
 0001:0000240d       ??0?$TString@U?$TSCoreShared@USIMemAlloc@core@UModSys@@D@su@tl@UModSys@@U?$TComparerBinaryHash@D@234@@tl@UModSys@@QAE@ABU?$TSCoreConst@D@su@12@@Z 0040340d f i umodsys_lib_libmedia:umodsys.mod.media.std.obj
 0001:0000244d       ??4?$TString@U?$TSCoreShared@USIMemAlloc@core@UModSys@@D@su@tl@UModSys@@U?$TComparerBinaryHash@D@234@@tl@UModSys@@QAEABU012@ABU012@@Z 0040344d f i umodsys_lib_libmedia:umodsys.mod.media.std.obj
 0001:0000246e       ??1?$TString@U?$TSCoreShared@USIMemAlloc@core@UModSys@@D@su@tl@UModSys@@U?$TComparerBinaryHash@D@234@@tl@UModSys@@QAE@XZ 0040346e f i umodsys_lib_libmedia:umodsys.mod.media.std.obj
 0001:0000246e       ??1?$TSCoreShared@USIMemAlloc@core@UModSys@@D@su@tl@UModSys@@QAE@XZ 0040346e f i umodsys_lib_libmedia:umodsys.mod.media.std.obj
 0001:00002473       ??1?$TRefObject@URStreamWriter_FILE@stdio@media@modules@UModSys@@U?$TRefObjectFunc@URStreamWriter_FILE@stdio@media@modules@UModSys@@@tl@5@@tl@UModSys@@QAE@XZ 00403473 f i umodsys_lib_libmedia:umodsys.mod.media.stdio.obj
 0001:00002473       ??1?$TRefObject@UIBinObjFilter@libmedia@UModSys@@U?$TRefObjectFunc@UIBinObjFilter@libmedia@UModSys@@@tl@3@@tl@UModSys@@QAE@XZ 00403473 f i umodsys_lib_libmedia:umodsys.mod.media.std.obj
 0001:00002473       ??1?$TRefObject@URLibraryLayered@std@media@modules@UModSys@@U?$TRefObjectFunc@URLibraryLayered@std@media@modules@UModSys@@@tl@5@@tl@UModSys@@QAE@XZ 00403473 f i umodsys_lib_libmedia:umodsys.mod.media.std.obj
 0001:00002473       ??1?$TRefObject@URStreamReader_FILE@stdio@media@modules@UModSys@@U?$TRefObjectFunc@URStreamReader_FILE@stdio@media@modules@UModSys@@@tl@5@@tl@UModSys@@QAE@XZ 00403473 f i umodsys_lib_libmedia:umodsys.mod.media.stdio.obj
 0001:00002473       ??1?$TRefObject@URDataArchiver_OsDir@stdio@media@modules@UModSys@@U?$TRefObjectFunc@URDataArchiver_OsDir@stdio@media@modules@UModSys@@@tl@5@@tl@UModSys@@QAE@XZ 00403473 f i umodsys_lib_libmedia:umodsys.mod.media.stdio.obj
 0001:00002473       ??1?$TRefObject@UIStreamWriter@libmedia@UModSys@@U?$TRefObjectFunc@UIStreamWriter@libmedia@UModSys@@@tl@3@@tl@UModSys@@QAE@XZ 00403473 f i umodsys_lib_libmedia:umodsys.mod.media.std.obj
 0001:00002473       ??1?$TRefObject@URLibraryBinCache@std@media@modules@UModSys@@U?$TRefObjectFunc@URLibraryBinCache@std@media@modules@UModSys@@@tl@5@@tl@UModSys@@QAE@XZ 00403473 f i umodsys_lib_libmedia:umodsys.mod.media.std.obj
 0001:00002473       ??1?$TRefObject@URParameters@rsystem@base@UModSys@@U?$TRefObjectFunc@URParameters@rsystem@base@UModSys@@@tl@4@@tl@UModSys@@QAE@XZ 00403473 f i umodsys_lib_basesys:umodsys.basesys.rsystem_main.obj
 0001:00002473       ??1?$TRefObject@UIShell@base@UModSys@@U?$TRefObjectFunc@UIShell@base@UModSys@@@tl@3@@tl@UModSys@@QAE@XZ 00403473 f i umodsys_lib_basesys:umodsys.basesys.rsystem_tests.obj
 0001:00002473       ??1?$TRefObject@URLibraryBinTree@std@media@modules@UModSys@@U?$TRefObjectFunc@URLibraryBinTree@std@media@modules@UModSys@@@tl@5@@tl@UModSys@@QAE@XZ 00403473 f i umodsys_lib_libmedia:umodsys.mod.media.std.obj
 0001:00002473       ??1?$TRefObject@UIModuleLibraryUni@rsystem@base@UModSys@@U?$TRefObjectFunc@UIModuleLibraryUni@rsystem@base@UModSys@@@tl@4@@tl@UModSys@@QAE@XZ 00403473 f i umodsys_lib_basesys:umodsys.basesys.rmodule.obj
 0001:00002473       ??1?$TRefObject@URLibraryObjCache@std@media@modules@UModSys@@U?$TRefObjectFunc@URLibraryObjCache@std@media@modules@UModSys@@@tl@5@@tl@UModSys@@QAE@XZ 00403473 f i umodsys_lib_libmedia:umodsys.mod.media.std.obj
 0001:00002473       ??1?$TRefObject@UIRefObject@core@UModSys@@U?$TRefObjectFunc@UIRefObject@core@UModSys@@@tl@3@@tl@UModSys@@QAE@XZ 00403473 f i umodsys_lib_libmedia:umodsys.mod.media.std.obj
 0001:00002473       ??1?$TRefObject@URLibraryObjFilter@std@media@modules@UModSys@@U?$TRefObjectFunc@URLibraryObjFilter@std@media@modules@UModSys@@@tl@5@@tl@UModSys@@QAE@XZ 00403473 f i umodsys_lib_libmedia:umodsys.mod.media.std.obj
 0001:00002473       ??1SFilter@RLibraryObjFilter@std@media@modules@UModSys@@QAE@XZ 00403473 f i umodsys_lib_libmedia:umodsys.mod.media.std.obj
 0001:00002473       ??1?$TRefObject@UIStreamReader@libmedia@UModSys@@U?$TRefObjectFunc@UIStreamReader@libmedia@UModSys@@@tl@3@@tl@UModSys@@QAE@XZ 00403473 f i umodsys_lib_libmedia:umodsys.mod.media.std.obj
 0001:00002473       ??1?$TRefObject@URModuleLibrarySO@rsystem@base@UModSys@@U?$TRefObjectFunc@URModuleLibrarySO@rsystem@base@UModSys@@@tl@4@@tl@UModSys@@QAE@XZ 00403473 f i umodsys_lib_basesys:umodsys.basesys.rmoduleloader.obj
 0001:00002482       ??4?$TRefObject@UIRefObject@core@UModSys@@U?$TRefObjectFunc@UIRefObject@core@UModSys@@@tl@3@@tl@UModSys@@QAEABU012@PAUIRefObject@core@2@@Z 00403482 f i umodsys_lib_libmedia:umodsys.mod.media.std.obj
 0001:0000249d       ??R?$TScatterArray@USFilter@RLibraryObjFilter@std@media@modules@UModSys@@USId@23456@U723456@U?$TNodeDeleter0@U?$TScatterArrayNode@USFilter@RLibraryObjFilter@std@media@modules@UModSys@@USId@23456@@tl@UModSys@@@tl@6@@tl@UModSys@@QAEPAUSFilter@RLibraryObjFilter@std@media@modules@2@ABUSId@45672@PAUVoid@core@2@@Z 0040349d f i umodsys_lib_libmedia:umodsys.mod.media.std.obj
 0001:00002500       ??E?$TTreeIterRB@$$CBU?$TScatterArrayNode@USMountInfo@RLibraryBinTree@std@media@modules@UModSys@@USId@ILibraryBinTree@libmedia@6@@tl@UModSys@@$$CBU?$TPair@USId@ILibraryBinTree@libmedia@UModSys@@USMountInfo@RLibraryBinTree@std@media@modules@4@@23@@tl@UModSys@@QAE?AU012@XZ 00403500 f i umodsys_lib_libmedia:umodsys.mod.media.std.obj
 0001:00002500       ??E?$TTreeIterRB@$$CBU?$TScatterArrayNode@USFilter@RLibraryObjFilter@std@media@modules@UModSys@@USId@23456@@tl@UModSys@@$$CBU?$TPair@USId@RLibraryObjFilter@std@media@modules@UModSys@@USFilter@23456@@23@@tl@UModSys@@QAE?AU012@XZ 00403500 f i umodsys_lib_libmedia:umodsys.mod.media.std.obj
 0001:0000252a       ??1?$TDynarray@U?$TDynarrayHolderDynamic@USLayerX@RLibraryLayered@std@media@modules@UModSys@@U?$TAllocator@USIMemAlloc@core@UModSys@@USCountCalcPower2@23@@tl@6@@tl@UModSys@@@tl@UModSys@@QAE@XZ 0040352a f i umodsys_lib_libmedia:umodsys.mod.media.std.obj
 0001:0000256a       ?Resize@?$TDynarray@U?$TDynarrayHolderDynamic@USLayerX@RLibraryLayered@std@media@modules@UModSys@@U?$TAllocator@USIMemAlloc@core@UModSys@@USCountCalcPower2@23@@tl@6@@tl@UModSys@@@tl@UModSys@@QAE_NI@Z 0040356a f i umodsys_lib_libmedia:umodsys.mod.media.std.obj
 0001:000025d2       ??_GRGenerator@stdio@media@modules@UModSys@@UAEPAXI@Z 004035d2 f i umodsys_lib_libmedia:umodsys.mod.media.stdio.obj
 0001:000025d2       ??_GRParameters@rsystem@base@UModSys@@UAEPAXI@Z 004035d2 f i umodsys_lib_basesys:umodsys.basesys.rparameters.obj
 0001:000025d2       ??_GRGenerator@std@media@modules@UModSys@@UAEPAXI@Z 004035d2 f i umodsys_lib_libmedia:umodsys.mod.media.std.obj
 0001:000025d2       ??_ERGenerator@stdio@media@modules@UModSys@@UAEPAXI@Z 004035d2 f i  CIL library: CIL module
 0001:000025d2       ??_EIRoot@core@UModSys@@UAEPAXI@Z 004035d2 f i  CIL library: CIL module
 0001:000025d2       ??_GIRoot@core@UModSys@@UAEPAXI@Z 004035d2 f i umodsys_lib_libmedia:umodsys.mod.media.std.obj
 0001:000025d2       ??_ERGenerator@std@media@modules@UModSys@@UAEPAXI@Z 004035d2 f i  CIL library: CIL module
 0001:000025d2       ??_ERParameters@rsystem@base@UModSys@@UAEPAXI@Z 004035d2 f i  CIL library: CIL module
 0001:000025ef       ?set@?$TSCoreShared@USIMemAlloc@core@UModSys@@D@su@tl@UModSys@@QAEXPBD@Z 004035ef f i umodsys_lib_libmedia:umodsys.mod.media.std.obj
 0001:0000261e       ?remove_node@?$TTreeHoldRB@U?$TScatterArrayNode@USCacheElem@RLibraryBinCache@std@media@modules@UModSys@@U?$TString@U?$TSCoreConst@D@su@tl@UModSys@@U?$TComparerBinaryHash@D@234@@tl@6@@tl@UModSys@@@tl@UModSys@@QAEXPAU?$TScatterArrayNode@USCacheElem@RLibraryBinCache@std@media@modules@UModSys@@U?$TString@U?$TSCoreConst@D@su@tl@UModSys@@U?$TComparerBinaryHash@D@234@@tl@6@@23@@Z 0040361e f i umodsys_lib_libmedia:umodsys.mod.media.std.obj
 0001:0000261e       ?remove_node@?$TTreeHoldRB@U?$TScatterArrayNode@USMountInfo@RLibraryBinTree@std@media@modules@UModSys@@USId@ILibraryBinTree@libmedia@6@@tl@UModSys@@@tl@UModSys@@QAEXPAU?$TScatterArrayNode@USMountInfo@RLibraryBinTree@std@media@modules@UModSys@@USId@ILibraryBinTree@libmedia@6@@23@@Z 0040361e f i umodsys_lib_libmedia:umodsys.mod.media.std.obj
 0001:0000261e       ?remove_node@?$TTreeHoldRB@U?$TScatterArrayNode@USFilter@RLibraryObjFilter@std@media@modules@UModSys@@USId@23456@@tl@UModSys@@@tl@UModSys@@QAEXPAU?$TScatterArrayNode@USFilter@RLibraryObjFilter@std@media@modules@UModSys@@USId@23456@@23@@Z 0040361e f i umodsys_lib_libmedia:umodsys.mod.media.std.obj
 0001:0000261e       ?remove_node@?$TTreeHoldRB@U?$TScatterArrayNode@USCacheElem@RLibraryObjCache@std@media@modules@UModSys@@U?$TString@U?$TSCoreConst@D@su@tl@UModSys@@U?$TComparerBinaryHash@D@234@@tl@6@@tl@UModSys@@@tl@UModSys@@QAEXPAU?$TScatterArrayNode@USCacheElem@RLibraryObjCache@std@media@modules@UModSys@@U?$TString@U?$TSCoreConst@D@su@tl@UModSys@@U?$TComparerBinaryHash@D@234@@tl@6@@23@@Z 0040361e f i umodsys_lib_libmedia:umodsys.mod.media.std.obj
 0001:000026fb       ?set@?$TSCoreShared@USIMemAlloc@core@UModSys@@D@su@tl@UModSys@@QAEXPBDI@Z 004036fb f i umodsys_lib_libmedia:umodsys.mod.media.std.obj
 0001:00002758       ??1?$TPair@U?$TString@U?$TSCoreConst@D@su@tl@UModSys@@U?$TComparerBinaryHash@D@234@@tl@UModSys@@USCacheElem@RLibraryBinCache@std@media@modules@3@@tl@UModSys@@QAE@XZ 00403758 f i umodsys_lib_libmedia:umodsys.mod.media.std.obj
 0001:00002762       ??1?$TPair@USId@ILibraryBinTree@libmedia@UModSys@@USMountInfo@RLibraryBinTree@std@media@modules@4@@tl@UModSys@@QAE@XZ 00403762 f i umodsys_lib_libmedia:umodsys.mod.media.std.obj
 0001:0000276c       ??1?$TPair@U?$TString@U?$TSCoreConst@D@su@tl@UModSys@@U?$TComparerBinaryHash@D@234@@tl@UModSys@@USCacheElem@RLibraryObjCache@std@media@modules@3@@tl@UModSys@@QAE@XZ 0040376c f i umodsys_lib_libmedia:umodsys.mod.media.std.obj
 0001:00002776       ??1?$TPair@USId@RLibraryObjFilter@std@media@modules@UModSys@@USFilter@23456@@tl@UModSys@@QAE@XZ 00403776 f i umodsys_lib_libmedia:umodsys.mod.media.std.obj
 0001:00002787       ??1SCacheElem@RLibraryBinCache@std@media@modules@UModSys@@QAE@XZ 00403787 f i umodsys_lib_libmedia:umodsys.mod.media.std.obj
 0001:000027c1       ??1SMountInfo@RLibraryBinTree@std@media@modules@UModSys@@QAE@XZ 004037c1 f i umodsys_lib_libmedia:umodsys.mod.media.std.obj
 0001:00002800       ??1SCacheElem@RLibraryObjCache@std@media@modules@UModSys@@QAE@XZ 00403800 f i umodsys_lib_libmedia:umodsys.mod.media.std.obj
 0001:0000283a       ??$?8U?$TSCoreConst@D@su@tl@UModSys@@U?$TComparerBinaryHash@D@123@@?$TString@U?$TSCoreConst@D@su@tl@UModSys@@U?$TComparerBinaryHash@D@234@@tl@UModSys@@QBE_NABU012@@Z 0040383a f i umodsys_lib_libmedia:umodsys.mod.media.std.obj
 0001:00002875       ?info_release@?$TSCoreShared@USIMemAlloc@core@UModSys@@D@su@tl@UModSys@@QAEXXZ 00403875 f i umodsys_lib_libmedia:umodsys.mod.media.std.obj
 0001:000028a5       ??$compare@U?$TSCoreConst@D@su@tl@UModSys@@@?$TString@U?$TSCoreConst@D@su@tl@UModSys@@U?$TComparerBinaryHash@D@234@@tl@UModSys@@QBEHABU012@@Z 004038a5 f i umodsys_lib_libmedia:umodsys.mod.media.std.obj
 0001:00002900       ??$yes@U?$TFlags4StateShift@USMediaFlagUid@libmedia@UModSys@@I$00@tl@UModSys@@@SFlags@libmedia@UModSys@@QBE_NPBUIResolverAuto@012@@Z 00403900 f i umodsys_lib_libmedia:umodsys.mod.media.std.obj
 0001:00002951       ??$yes@U?$TFlags4StateShift@USMediaFlagUid@libmedia@UModSys@@I$02@tl@UModSys@@@SFlags@libmedia@UModSys@@QBE_NPBUIResolverAuto@012@@Z 00403951 f i umodsys_lib_libmedia:umodsys.mod.media.std.obj
 0001:000029a2       ??$yes@U?$TFlags4StateShift@USMediaFlagUid@libmedia@UModSys@@I$03@tl@UModSys@@@SFlags@libmedia@UModSys@@QBE_NPBUIResolverAuto@012@@Z 004039a2 f i umodsys_lib_libmedia:umodsys.mod.media.std.obj
 0001:000029f3       ??$yes@U?$TFlags4StateShift@USMediaFlagUid@libmedia@UModSys@@I$01@tl@UModSys@@@SFlags@libmedia@UModSys@@QBE_NPBUIResolverAuto@012@@Z 004039f3 f i umodsys_lib_libmedia:umodsys.mod.media.std.obj
 0001:00002a44       ??$yes@U?$TFlags4StateShift@USMediaFlagUid@libmedia@UModSys@@I$05@tl@UModSys@@@SFlags@libmedia@UModSys@@QBE_NPBUIResolverAuto@012@@Z 00403a44 f i umodsys_lib_libmedia:umodsys.mod.media.std.obj
 0001:00002a95       ??$yes@U?$TFlags4StateShift@USMediaFlagUid@libmedia@UModSys@@I$07@tl@UModSys@@@SFlags@libmedia@UModSys@@QBE_NPBUIResolverAuto@012@@Z 00403a95 f i umodsys_lib_libmedia:umodsys.mod.media.std.obj
 0001:00002ae4       ??$yes@U?$TFlags4StateShift@USMediaFlagUid@libmedia@UModSys@@I$06@tl@UModSys@@@SFlags@libmedia@UModSys@@QBE_NPBUIResolverAuto@012@@Z 00403ae4 f i umodsys_lib_libmedia:umodsys.mod.media.std.obj
 0001:00002b35       ??$yes@U?$TFlags4StateShift@USMediaFlagUid@libmedia@UModSys@@I$08@tl@UModSys@@@SFlags@libmedia@UModSys@@QBE_NPBUIResolverAuto@012@@Z 00403b35 f i umodsys_lib_libmedia:umodsys.mod.media.std.obj
 0001:00002b86       ?remove_color@?$TTreeHoldRB@U?$TScatterArrayNode@USMountInfo@RLibraryBinTree@std@media@modules@UModSys@@USId@ILibraryBinTree@libmedia@6@@tl@UModSys@@@tl@UModSys@@IAEXPAU?$TScatterArrayNode@USMountInfo@RLibraryBinTree@std@media@modules@UModSys@@USId@ILibraryBinTree@libmedia@6@@23@0@Z 00403b86 f i umodsys_lib_libmedia:umodsys.mod.media.std.obj
 0001:00002b86       ?remove_color@?$TTreeHoldRB@U?$TScatterArrayNode@USCacheElem@RLibraryBinCache@std@media@modules@UModSys@@U?$TString@U?$TSCoreConst@D@su@tl@UModSys@@U?$TComparerBinaryHash@D@234@@tl@6@@tl@UModSys@@@tl@UModSys@@IAEXPAU?$TScatterArrayNode@USCacheElem@RLibraryBinCache@std@media@modules@UModSys@@U?$TString@U?$TSCoreConst@D@su@tl@UModSys@@U?$TComparerBinaryHash@D@234@@tl@6@@23@0@Z 00403b86 f i umodsys_lib_libmedia:umodsys.mod.media.std.obj
 0001:00002b86       ?remove_color@?$TTreeHoldRB@U?$TScatterArrayNode@USCacheElem@RLibraryObjCache@std@media@modules@UModSys@@U?$TString@U?$TSCoreConst@D@su@tl@UModSys@@U?$TComparerBinaryHash@D@234@@tl@6@@tl@UModSys@@@tl@UModSys@@IAEXPAU?$TScatterArrayNode@USCacheElem@RLibraryObjCache@std@media@modules@UModSys@@U?$TString@U?$TSCoreConst@D@su@tl@UModSys@@U?$TComparerBinaryHash@D@234@@tl@6@@23@0@Z 00403b86 f i umodsys_lib_libmedia:umodsys.mod.media.std.obj
 0001:00002b86       ?remove_color@?$TTreeHoldRB@U?$TScatterArrayNode@USFilter@RLibraryObjFilter@std@media@modules@UModSys@@USId@23456@@tl@UModSys@@@tl@UModSys@@IAEXPAU?$TScatterArrayNode@USFilter@RLibraryObjFilter@std@media@modules@UModSys@@USId@23456@@23@0@Z 00403b86 f i umodsys_lib_libmedia:umodsys.mod.media.std.obj
 0001:00002c88       ??$t_gen_param@URLibraryBinCache@std@media@modules@UModSys@@URGenerator@2345@@IGenerator@base@UModSys@@IAE_NPAURGenerator@std@media@modules@2@AAU?$TRefObject@UIRefObject@core@UModSys@@U?$TRefObjectFunc@UIRefObject@core@UModSys@@@tl@3@@tl@2@PBUSUniquePointerInfo@core@2@ABUSParameters@core@2@@Z 00403c88 f i umodsys_lib_libmedia:umodsys.mod.media.std.obj
 0001:00002d05       ??$t_gen_param@URLibraryBinTree@std@media@modules@UModSys@@URGenerator@2345@@IGenerator@base@UModSys@@IAE_NPAURGenerator@std@media@modules@2@AAU?$TRefObject@UIRefObject@core@UModSys@@U?$TRefObjectFunc@UIRefObject@core@UModSys@@@tl@3@@tl@2@PBUSUniquePointerInfo@core@2@ABUSParameters@core@2@@Z 00403d05 f i umodsys_lib_libmedia:umodsys.mod.media.std.obj
 0001:00002d82       ??$t_gen_param@URLibraryLayered@std@media@modules@UModSys@@URGenerator@2345@@IGenerator@base@UModSys@@IAE_NPAURGenerator@std@media@modules@2@AAU?$TRefObject@UIRefObject@core@UModSys@@U?$TRefObjectFunc@UIRefObject@core@UModSys@@@tl@3@@tl@2@PBUSUniquePointerInfo@core@2@ABUSParameters@core@2@@Z 00403d82 f i umodsys_lib_libmedia:umodsys.mod.media.std.obj
 0001:00002dff       ??$t_gen_param@URLibraryObjFilter@std@media@modules@UModSys@@URGenerator@2345@@IGenerator@base@UModSys@@IAE_NPAURGenerator@std@media@modules@2@AAU?$TRefObject@UIRefObject@core@UModSys@@U?$TRefObjectFunc@UIRefObject@core@UModSys@@@tl@3@@tl@2@PBUSUniquePointerInfo@core@2@ABUSParameters@core@2@@Z 00403dff f i umodsys_lib_libmedia:umodsys.mod.media.std.obj
 0001:00002e7c       ??$t_gen_param@URLibraryObjCache@std@media@modules@UModSys@@URGenerator@2345@@IGenerator@base@UModSys@@IAE_NPAURGenerator@std@media@modules@2@AAU?$TRefObject@UIRefObject@core@UModSys@@U?$TRefObjectFunc@UIRefObject@core@UModSys@@@tl@3@@tl@2@PBUSUniquePointerInfo@core@2@ABUSParameters@core@2@@Z 00403e7c f i umodsys_lib_libmedia:umodsys.mod.media.std.obj
 0001:00002ef9       ??$genx_node@UCmp@?$TScatterArray@USCacheElem@RLibraryBinCache@std@media@modules@UModSys@@U?$TString@U?$TSCoreConst@D@su@tl@UModSys@@U?$TComparerBinaryHash@D@234@@tl@6@U?$TObjectCompare@U?$TString@U?$TSCoreConst@D@su@tl@UModSys@@U?$TComparerBinaryHash@D@234@@tl@UModSys@@@core@6@U?$TNodeDeleter0@U?$TScatterArrayNode@USCacheElem@RLibraryBinCache@std@media@modules@UModSys@@U?$TString@U?$TSCoreConst@D@su@tl@UModSys@@U?$TComparerBinaryHash@D@234@@tl@6@@tl@UModSys@@@86@@tl@UModSys@@UGen0@234@@?$TTreeHoldRBD@U?$TScatterArrayNode@USCacheElem@RLibraryBinCache@std@media@modules@UModSys@@U?$TString@U?$TSCoreConst@D@su@tl@UModSys@@U?$TComparerBinaryHash@D@234@@tl@6@@tl@UModSys@@U?$TNodeDeleter0@U?$TScatterArrayNode@USCacheElem@RLibraryBinCache@std@media@modules@UModSys@@U?$TString@U?$TSCoreConst@D@su@tl@UModSys@@U?$TComparerBinaryHash@D@234@@tl@6@@tl@UModSys@@@23@@tl@UModSys@@QAEPAU?$TScatterArrayNode@USCacheElem@RLibraryBinCache@std@media@modules@UModSys@@U?$TString@U?$TSCoreConst@D@su@tl@UModSys@@U?$TComparerBinaryHash@D@234@@tl@6@@12@UCmp@?$TScatterArray@USCacheElem@RLibraryBinCache@std@media@modules@UModSys@@U?$TString@U?$TSCoreConst@D@su@tl@UModSys@@U?$TComparerBinaryHash@D@234@@tl@6@U?$TObjectCompare@U?$TString@U?$TSCoreConst@D@su@tl@UModSys@@U?$TComparerBinaryHash@D@234@@tl@UModSys@@@core@6@U?$TNodeDeleter0@U?$TScatterArrayNode@USCacheElem@RLibraryBinCache@std@media@modules@UModSys@@U?$TString@U?$TSCoreConst@D@su@tl@UModSys@@U?$TComparerBinaryHash@D@234@@tl@6@@tl@UModSys@@@86@@12@ABUGen0@512@PAPAU312@2_N@Z 00403ef9 f i umodsys_lib_libmedia:umodsys.mod.media.std.obj
 0001:00002f78       ??$genx_node@UCmp@?$TScatterArray@USMountInfo@RLibraryBinTree@std@media@modules@UModSys@@USId@ILibraryBinTree@libmedia@6@U7896@U?$TNodeDeleter0@U?$TScatterArrayNode@USMountInfo@RLibraryBinTree@std@media@modules@UModSys@@USId@ILibraryBinTree@libmedia@6@@tl@UModSys@@@tl@6@@tl@UModSys@@UGen0@234@@?$TTreeHoldRBD@U?$TScatterArrayNode@USMountInfo@RLibraryBinTree@std@media@modules@UModSys@@USId@ILibraryBinTree@libmedia@6@@tl@UModSys@@U?$TNodeDeleter0@U?$TScatterArrayNode@USMountInfo@RLibraryBinTree@std@media@modules@UModSys@@USId@ILibraryBinTree@libmedia@6@@tl@UModSys@@@23@@tl@UModSys@@QAEPAU?$TScatterArrayNode@USMountInfo@RLibraryBinTree@std@media@modules@UModSys@@USId@ILibraryBinTree@libmedia@6@@12@UCmp@?$TScatterArray@USMountInfo@RLibraryBinTree@std@media@modules@UModSys@@USId@ILibraryBinTree@libmedia@6@U7896@U?$TNodeDeleter0@U?$TScatterArrayNode@USMountInfo@RLibraryBinTree@std@media@modules@UModSys@@USId@ILibraryBinTree@libmedia@6@@tl@UModSys@@@tl@6@@12@ABUGen0@512@PAPAU312@2_N@Z 00403f78 f i umodsys_lib_libmedia:umodsys.mod.media.std.obj
 0001:00002ff6       ??$find_node_u@UCmp@?$TScatterArray@USMountInfo@RLibraryBinTree@std@media@modules@UModSys@@USId@ILibraryBinTree@libmedia@6@U7896@U?$TNodeDeleter0@U?$TScatterArrayNode@USMountInfo@RLibraryBinTree@std@media@modules@UModSys@@USId@ILibraryBinTree@libmedia@6@@tl@UModSys@@@tl@6@@tl@UModSys@@@?$TTreeHoldRB@U?$TScatterArrayNode@USMountInfo@RLibraryBinTree@std@media@modules@UModSys@@USId@ILibraryBinTree@libmedia@6@@tl@UModSys@@@tl@UModSys@@QBEPAU?$TScatterArrayNode@USMountInfo@RLibraryBinTree@std@media@modules@UModSys@@USId@ILibraryBinTree@libmedia@6@@12@UCmp@?$TScatterArray@USMountInfo@RLibraryBinTree@std@media@modules@UModSys@@USId@ILibraryBinTree@libmedia@6@U7896@U?$TNodeDeleter0@U?$TScatterArrayNode@USMountInfo@RLibraryBinTree@std@media@modules@UModSys@@USId@ILibraryBinTree@libmedia@6@@tl@UModSys@@@tl@6@@12@@Z 00403ff6 f i umodsys_lib_libmedia:umodsys.mod.media.std.obj
 0001:00003022       ??$genx_node@UCmp@?$TScatterArray@USCacheElem@RLibraryObjCache@std@media@modules@UModSys@@U?$TString@U?$TSCoreConst@D@su@tl@UModSys@@U?$TComparerBinaryHash@D@234@@tl@6@U?$TObjectCompare@U?$TString@U?$TSCoreConst@D@su@tl@UModSys@@U?$TComparerBinaryHash@D@234@@tl@UModSys@@@core@6@U?$TNodeDeleter0@U?$TScatterArrayNode@USCacheElem@RLibraryObjCache@std@media@modules@UModSys@@U?$TString@U?$TSCoreConst@D@su@tl@UModSys@@U?$TComparerBinaryHash@D@234@@tl@6@@tl@UModSys@@@86@@tl@UModSys@@UGen0@234@@?$TTreeHoldRBD@U?$TScatterArrayNode@USCacheElem@RLibraryObjCache@std@media@modules@UModSys@@U?$TString@U?$TSCoreConst@D@su@tl@UModSys@@U?$TComparerBinaryHash@D@234@@tl@6@@tl@UModSys@@U?$TNodeDeleter0@U?$TScatterArrayNode@USCacheElem@RLibraryObjCache@std@media@modules@UModSys@@U?$TString@U?$TSCoreConst@D@su@tl@UModSys@@U?$TComparerBinaryHash@D@234@@tl@6@@tl@UModSys@@@23@@tl@UModSys@@QAEPAU?$TScatterArrayNode@USCacheElem@RLibraryObjCache@std@media@modules@UModSys@@U?$TString@U?$TSCoreConst@D@su@tl@UModSys@@U?$TComparerBinaryHash@D@234@@tl@6@@12@UCmp@?$TScatterArray@USCacheElem@RLibraryObjCache@std@media@modules@UModSys@@U?$TString@U?$TSCoreConst@D@su@tl@UModSys@@U?$TComparerBinaryHash@D@234@@tl@6@U?$TObjectCompare@U?$TString@U?$TSCoreConst@D@su@tl@UModSys@@U?$TComparerBinaryHash@D@234@@tl@UModSys@@@core@6@U?$TNodeDeleter0@U?$TScatterArrayNode@USCacheElem@RLibraryObjCache@std@media@modules@UModSys@@U?$TString@U?$TSCoreConst@D@su@tl@UModSys@@U?$TComparerBinaryHash@D@234@@tl@6@@tl@UModSys@@@86@@12@ABUGen0@512@PAPAU312@2_N@Z 00404022 f i umodsys_lib_libmedia:umodsys.mod.media.std.obj
 0001:000030a1       ??$find_node_u@UCmp@?$TScatterArray@USCacheElem@RLibraryBinCache@std@media@modules@UModSys@@U?$TString@U?$TSCoreConst@D@su@tl@UModSys@@U?$TComparerBinaryHash@D@234@@tl@6@U?$TObjectCompare@U?$TString@U?$TSCoreConst@D@su@tl@UModSys@@U?$TComparerBinaryHash@D@234@@tl@UModSys@@@core@6@U?$TNodeDeleter0@U?$TScatterArrayNode@USCacheElem@RLibraryBinCache@std@media@modules@UModSys@@U?$TString@U?$TSCoreConst@D@su@tl@UModSys@@U?$TComparerBinaryHash@D@234@@tl@6@@tl@UModSys@@@86@@tl@UModSys@@@?$TTreeHoldRB@U?$TScatterArrayNode@USCacheElem@RLibraryBinCache@std@media@modules@UModSys@@U?$TString@U?$TSCoreConst@D@su@tl@UModSys@@U?$TComparerBinaryHash@D@234@@tl@6@@tl@UModSys@@@tl@UModSys@@QBEPAU?$TScatterArrayNode@USCacheElem@RLibraryBinCache@std@media@modules@UModSys@@U?$TString@U?$TSCoreConst@D@su@tl@UModSys@@U?$TComparerBinaryHash@D@234@@tl@6@@12@UCmp@?$TScatterArray@USCacheElem@RLibraryBinCache@std@media@modules@UModSys@@U?$TString@U?$TSCoreConst@D@su@tl@UModSys@@U?$TComparerBinaryHash@D@234@@tl@6@U?$TObjectCompare@U?$TString@U?$TSCoreConst@D@su@tl@UModSys@@U?$TComparerBinaryHash@D@234@@tl@UModSys@@@core@6@U?$TNodeDeleter0@U?$TScatterArrayNode@USCacheElem@RLibraryBinCache@std@media@modules@UModSys@@U?$TString@U?$TSCoreConst@D@su@tl@UModSys@@U?$TComparerBinaryHash@D@234@@tl@6@@tl@UModSys@@@86@@12@@Z 004040a1 f i umodsys_lib_libmedia:umodsys.mod.media.std.obj
 0001:000030a1       ??$find_node_u@UCmp@?$TScatterArray@USCacheElem@RLibraryObjCache@std@media@modules@UModSys@@U?$TString@U?$TSCoreConst@D@su@tl@UModSys@@U?$TComparerBinaryHash@D@234@@tl@6@U?$TObjectCompare@U?$TString@U?$TSCoreConst@D@su@tl@UModSys@@U?$TComparerBinaryHash@D@234@@tl@UModSys@@@core@6@U?$TNodeDeleter0@U?$TScatterArrayNode@USCacheElem@RLibraryObjCache@std@media@modules@UModSys@@U?$TString@U?$TSCoreConst@D@su@tl@UModSys@@U?$TComparerBinaryHash@D@234@@tl@6@@tl@UModSys@@@86@@tl@UModSys@@@?$TTreeHoldRB@U?$TScatterArrayNode@USCacheElem@RLibraryObjCache@std@media@modules@UModSys@@U?$TString@U?$TSCoreConst@D@su@tl@UModSys@@U?$TComparerBinaryHash@D@234@@tl@6@@tl@UModSys@@@tl@UModSys@@QBEPAU?$TScatterArrayNode@USCacheElem@RLibraryObjCache@std@media@modules@UModSys@@U?$TString@U?$TSCoreConst@D@su@tl@UModSys@@U?$TComparerBinaryHash@D@234@@tl@6@@12@UCmp@?$TScatterArray@USCacheElem@RLibraryObjCache@std@media@modules@UModSys@@U?$TString@U?$TSCoreConst@D@su@tl@UModSys@@U?$TComparerBinaryHash@D@234@@tl@6@U?$TObjectCompare@U?$TString@U?$TSCoreConst@D@su@tl@UModSys@@U?$TComparerBinaryHash@D@234@@tl@UModSys@@@core@6@U?$TNodeDeleter0@U?$TScatterArrayNode@USCacheElem@RLibraryObjCache@std@media@modules@UModSys@@U?$TString@U?$TSCoreConst@D@su@tl@UModSys@@U?$TComparerBinaryHash@D@234@@tl@6@@tl@UModSys@@@86@@12@@Z 004040a1 f i umodsys_lib_libmedia:umodsys.mod.media.std.obj
 0001:000030ce       ??$find_node_u@UCmp@?$TScatterArray@USFilter@RLibraryObjFilter@std@media@modules@UModSys@@USId@23456@U723456@U?$TNodeDeleter0@U?$TScatterArrayNode@USFilter@RLibraryObjFilter@std@media@modules@UModSys@@USId@23456@@tl@UModSys@@@tl@6@@tl@UModSys@@@?$TTreeHoldRB@U?$TScatterArrayNode@USFilter@RLibraryObjFilter@std@media@modules@UModSys@@USId@23456@@tl@UModSys@@@tl@UModSys@@QBEPAU?$TScatterArrayNode@USFilter@RLibraryObjFilter@std@media@modules@UModSys@@USId@23456@@12@UCmp@?$TScatterArray@USFilter@RLibraryObjFilter@std@media@modules@UModSys@@USId@23456@U723456@U?$TNodeDeleter0@U?$TScatterArrayNode@USFilter@RLibraryObjFilter@std@media@modules@UModSys@@USId@23456@@tl@UModSys@@@tl@6@@12@@Z 004040ce f i umodsys_lib_libmedia:umodsys.mod.media.std.obj
[...]
 0001:00009c77       __unwindfunclet$?bincache_add@RLibraryBinCache@std@media@modules@UModSys@@UAE_NABU?$TString@U?$TSCoreConst@D@su@tl@UModSys@@U?$TComparerBinaryHash@D@234@@tl@5@@Z$0 0040ac77 f    CIL library: CIL module
 0001:00009c7f       __ehhandler$?bincache_add@RLibraryBinCache@std@media@modules@UModSys@@UAE_NABU?$TString@U?$TSCoreConst@D@su@tl@UModSys@@U?$TComparerBinaryHash@D@234@@tl@5@@Z 0040ac7f f    CIL library: CIL module
 0001:00009c89       __unwindfunclet$?mem_free@?$TRMemAlloc_CC@U?$TMemAllocHeader@USMagic@mem_headers@rsystem@base@UModSys@@U?$TPool@X@2345@USDebug@2345@UVoid@core@5@U895@@rsystem@base@UModSys@@USMemAlloc_Malloc@core@4@@rsystem@base@UModSys@@UAEXPAXPBUSSourceContext@core@4@@Z$0 0040ac89 f    CIL library: CIL module
 0001:00009c91       __ehhandler$?mem_free@?$TRMemAlloc_CC@U?$TMemAllocHeader@USMagic@mem_headers@rsystem@base@UModSys@@U?$TPool@X@2345@USDebug@2345@UVoid@core@5@U895@@rsystem@base@UModSys@@USMemAlloc_Malloc@core@4@@rsystem@base@UModSys@@UAEXPAXPBUSSourceContext@core@4@@Z 0040ac91 f    CIL library: CIL module
 0001:00009c9b       __unwindfunclet$?mem_realloc@?$TRMemAlloc_CC@U?$TMemAllocHeader@USMagic@mem_headers@rsystem@base@UModSys@@U?$TPool@X@2345@USDebug@2345@UVoid@core@5@U895@@rsystem@base@UModSys@@USMemAlloc_Malloc@core@4@@rsystem@base@UModSys@@UAEPAXPAXIPBUSSourceContext@core@4@@Z$0 0040ac9b f    CIL library: CIL module
 0001:00009ca3       __unwindfunclet$?mem_realloc@?$TRMemAlloc_CC@U?$TMemAllocHeader@USMagic@mem_headers@rsystem@base@UModSys@@U?$TPool@X@2345@USDebug@2345@UVoid@core@5@U895@@rsystem@base@UModSys@@USMemAlloc_Malloc@core@4@@rsystem@base@UModSys@@UAEPAXPAXIPBUSSourceContext@core@4@@Z$1 0040aca3 f    CIL library: CIL module
 0001:00009cab       __ehhandler$?mem_realloc@?$TRMemAlloc_CC@U?$TMemAllocHeader@USMagic@mem_headers@rsystem@base@UModSys@@U?$TPool@X@2345@USDebug@2345@UVoid@core@5@U895@@rsystem@base@UModSys@@USMemAlloc_Malloc@core@4@@rsystem@base@UModSys@@UAEPAXPAXIPBUSSourceContext@core@4@@Z 0040acab f    CIL library: CIL module
 0001:00009cb5       __unwindfunclet$?s_add@RModuleLibrarySO@rsystem@base@UModSys@@SA_NPAUISystem@34@AAU?$TDynarrayDynamic@U?$TRefObject@URModuleLibrarySO@rsystem@base@UModSys@@U?$TRefObjectFunc@URModuleLibrarySO@rsystem@base@UModSys@@@tl@4@@tl@UModSys@@U?$TAllocator@USMemAlloc_Malloc@core@UModSys@@USCountCalcPower2@23@@23@@tl@4@PBD@Z$1 0040acb5 f    CIL library: CIL module
 0001:00009cbd       __ehhandler$?s_add@RModuleLibrarySO@rsystem@base@UModSys@@SA_NPAUISystem@34@AAU?$TDynarrayDynamic@U?$TRefObject@URModuleLibrarySO@rsystem@base@UModSys@@U?$TRefObjectFunc@URModuleLibrarySO@rsystem@base@UModSys@@@tl@4@@tl@UModSys@@U?$TAllocator@USMemAlloc_Malloc@core@UModSys@@USCountCalcPower2@23@@23@@tl@4@PBD@Z 0040acbd f    CIL library: CIL module
 0001:00009cc7       ??__E?s_id@?$TObjectUniqueID@UIRoot@core@UModSys@@@tl@UModSys@@2USUniquePointer@core@3@A@@YAXXZ 0040acc7 f    CIL library: CIL module
 0001:00009ce9       ??__E?s_id@?$TObjectUniqueID@UIRefObject@core@UModSys@@@tl@UModSys@@2USUniquePointer@core@3@A@@YAXXZ 0040ace9 f    CIL library: CIL module
 0001:00009d0b       ??__E?s_id@?$TObjectUniqueID@UIParameters@core@UModSys@@@tl@UModSys@@2USUniquePointer@core@3@A@@YAXXZ 0040ad0b f    CIL library: CIL module
 0001:00009d2d       ??__E?s_id@?$TObjectUniqueID@UIModule@base@UModSys@@@tl@UModSys@@2USUniquePointer@core@3@A@@YAXXZ 0040ad2d f    CIL library: CIL module
 0001:00009d4f       ??__E?s_id@?$TObjectUniqueID@UIModuleLibrary@base@UModSys@@@tl@UModSys@@2USUniquePointer@core@3@A@@YAXXZ 0040ad4f f    CIL library: CIL module
 0001:00009d71       ??__E?s_id@?$TObjectUniqueID@UIModObject@base@UModSys@@@tl@UModSys@@2USUniquePointer@core@3@A@@YAXXZ 0040ad71 f    CIL library: CIL module
 0001:00009d93       ??__E?s_id@?$TObjectUniqueID@UIGenerator@base@UModSys@@@tl@UModSys@@2USUniquePointer@core@3@A@@YAXXZ 0040ad93 f    CIL library: CIL module
 0001:00009db5       ??__E?s_id@?$TObjectUniqueID@UIShell@base@UModSys@@@tl@UModSys@@2USUniquePointer@core@3@A@@YAXXZ 0040adb5 f    CIL library: CIL module
 0001:00009dd7       ??__E?s_id@?$TObjectUniqueID@UIConsole@base@UModSys@@@tl@UModSys@@2USUniquePointer@core@3@A@@YAXXZ 0040add7 f    CIL library: CIL module
 0001:00009df9       ??__E?s_id@?$TObjectUniqueID@UISystem@base@UModSys@@@tl@UModSys@@2USUniquePointer@core@3@A@@YAXXZ 0040adf9 f    CIL library: CIL module
 0001:00009e1b       ??__E?s_id@?$TObjectUniqueID@URModule@rsystem@base@UModSys@@@tl@UModSys@@2USUniquePointer@core@3@A@@YAXXZ 0040ae1b f    CIL library: CIL module
 0001:00009e3d       ??__E?s_id@?$TObjectUniqueID@UIModuleLibraryUni@rsystem@base@UModSys@@@tl@UModSys@@2USUniquePointer@core@3@A@@YAXXZ 0040ae3d f    CIL library: CIL module
 0001:00009e5f       ??__E?s_id@?$TObjectUniqueID@URModuleLibrarySO@rsystem@base@UModSys@@@tl@UModSys@@2USUniquePointer@core@3@A@@YAXXZ 0040ae5f f    CIL library: CIL module
 0001:00009e81       ??__E?s_id@?$TObjectUniqueID@URModuleLibraryThis@rsystem@base@UModSys@@@tl@UModSys@@2USUniquePointer@core@3@A@@YAXXZ 0040ae81 f    CIL library: CIL module
 0001:00009ea3       ??__E?s_id@?$TObjectUniqueID@URParameters@rsystem@base@UModSys@@@tl@UModSys@@2USUniquePointer@core@3@A@@YAXXZ 0040aea3 f    CIL library: CIL module
 0001:00009ec5       ??__E?s_id@?$TObjectUniqueID@URSystem@rsystem@base@UModSys@@@tl@UModSys@@2USUniquePointer@core@3@A@@YAXXZ 0040aec5 f    CIL library: CIL module
 0001:00009ee7       ??__E?s_id@?$TObjectUniqueID@URConsole_std@rsystem@base@UModSys@@@tl@UModSys@@2USUniquePointer@core@3@A@@YAXXZ 0040aee7 f    CIL library: CIL module
 0001:00009f09       ??__E?s_modreg@RModuleReg@std@media@modules@UModSys@@2U12345@A@@YAXXZ 0040af09 f    CIL library: CIL module
 0001:00009f30       ??__E?s_modreg_chain@RModuleReg@std@media@modules@UModSys@@2USModuleRegChain@base@5@A@@YAXXZ 0040af30 f    CIL library: CIL module
 0001:00009f4b       ??__E?s_uid@RGenerator@std@media@modules@UModSys@@2USUniquePointer@core@5@A@@YAXXZ 0040af4b f    CIL library: CIL module
 0001:00009f6d       ??__E?s_id@?$TObjectUniqueID@UIStreamReader@libmedia@UModSys@@@tl@UModSys@@2USUniquePointer@core@3@A@@YAXXZ 0040af6d f    CIL library: CIL module
 0001:00009f8f       ??__E?s_id@?$TObjectUniqueID@UIStreamWriter@libmedia@UModSys@@@tl@UModSys@@2USUniquePointer@core@3@A@@YAXXZ 0040af8f f    CIL library: CIL module
 0001:00009fb1       ??__E?s_id@?$TObjectUniqueID@UITextReader@libmedia@UModSys@@@tl@UModSys@@2USUniquePointer@core@3@A@@YAXXZ 0040afb1 f    CIL library: CIL module
 0001:00009fd3       ??__E?s_id@?$TObjectUniqueID@UITextWriter@libmedia@UModSys@@@tl@UModSys@@2USUniquePointer@core@3@A@@YAXXZ 0040afd3 f    CIL library: CIL module
 0001:00009ff8       ??__E?s_id@?$TObjectUniqueID@UIBinArchive@libmedia@UModSys@@@tl@UModSys@@2USUniquePointer@core@3@A@@YAXXZ 0040aff8 f    CIL library: CIL module
 0001:0000a01a       ??__E?s_id@?$TObjectUniqueID@UIBinObjFilter@libmedia@UModSys@@@tl@UModSys@@2USUniquePointer@core@3@A@@YAXXZ 0040b01a f    CIL library: CIL module
 0001:0000a03c       ??__E?s_id@?$TObjectUniqueID@UILibrary@libmedia@UModSys@@@tl@UModSys@@2USUniquePointer@core@3@A@@YAXXZ 0040b03c f    CIL library: CIL module
 0001:0000a05e       ??__E?s_id@?$TObjectUniqueID@UILibraryBinTree@libmedia@UModSys@@@tl@UModSys@@2USUniquePointer@core@3@A@@YAXXZ 0040b05e f    CIL library: CIL module
 0001:0000a080       ??__E?s_id@?$TObjectUniqueID@UILibraryBinCache@libmedia@UModSys@@@tl@UModSys@@2USUniquePointer@core@3@A@@YAXXZ 0040b080 f    CIL library: CIL module
 0001:0000a0a2       ??__E?s_id@?$TObjectUniqueID@UILibraryObjFilter@libmedia@UModSys@@@tl@UModSys@@2USUniquePointer@core@3@A@@YAXXZ 0040b0a2 f    CIL library: CIL module
 0001:0000a0c4       ??__E?s_id@?$TObjectUniqueID@UILibraryObjCache@libmedia@UModSys@@@tl@UModSys@@2USUniquePointer@core@3@A@@YAXXZ 0040b0c4 f    CIL library: CIL module
 0001:0000a0e6       ??__E?s_id@?$TObjectUniqueID@UILibraryLayered@libmedia@UModSys@@@tl@UModSys@@2USUniquePointer@core@3@A@@YAXXZ 0040b0e6 f    CIL library: CIL module
 0001:0000a108       ??__E?s_id@?$TObjectUniqueID@URLibraryBinCache@std@media@modules@UModSys@@@tl@UModSys@@2USUniquePointer@core@3@A@@YAXXZ 0040b108 f    CIL library: CIL module
 0001:0000a12a       ??__E?s_id@?$TObjectUniqueID@URLibraryBinTree@std@media@modules@UModSys@@@tl@UModSys@@2USUniquePointer@core@3@A@@YAXXZ 0040b12a f    CIL library: CIL module
 0001:0000a14c       ??__E?s_id@?$TObjectUniqueID@URLibraryLayered@std@media@modules@UModSys@@@tl@UModSys@@2USUniquePointer@core@3@A@@YAXXZ 0040b14c f    CIL library: CIL module
 0001:0000a16e       ??__E?s_id@?$TObjectUniqueID@URLibraryObjCache@std@media@modules@UModSys@@@tl@UModSys@@2USUniquePointer@core@3@A@@YAXXZ 0040b16e f    CIL library: CIL module
 0001:0000a190       ??__E?s_id@?$TObjectUniqueID@URLibraryObjFilter@std@media@modules@UModSys@@@tl@UModSys@@2USUniquePointer@core@3@A@@YAXXZ 0040b190 f    CIL library: CIL module
 0001:0000a1b2       ??__E?s_id@?$TObjectUniqueID@URGenerator@std@media@modules@UModSys@@@tl@UModSys@@2USUniquePointer@core@3@A@@YAXXZ 0040b1b2 f    CIL library: CIL module
 0001:0000a1d4       ??__E?s_modreg@RModuleReg@stdio@media@modules@UModSys@@2U12345@A@@YAXXZ 0040b1d4 f    CIL library: CIL module
 0001:0000a1fb       ??__E?s_modreg_chain@RModuleReg@stdio@media@modules@UModSys@@2USModuleRegChain@base@5@A@@YAXXZ 0040b1fb f    CIL library: CIL module
 0001:0000a216       ??__E?s_uid@RGenerator@stdio@media@modules@UModSys@@2USUniquePointer@core@5@A@@YAXXZ 0040b216 f    CIL library: CIL module
 0001:0000a238       ??__E?s_id@?$TObjectUniqueID@URStreamReader_FILE@stdio@media@modules@UModSys@@@tl@UModSys@@2USUniquePointer@core@3@A@@YAXXZ 0040b238 f    CIL library: CIL module
 0001:0000a25a       ??__E?s_id@?$TObjectUniqueID@URStreamWriter_FILE@stdio@media@modules@UModSys@@@tl@UModSys@@2USUniquePointer@core@3@A@@YAXXZ 0040b25a f    CIL library: CIL module
 0001:0000a27c       ??__E?s_id@?$TObjectUniqueID@URDataArchiver_OsDir@stdio@media@modules@UModSys@@@tl@UModSys@@2USUniquePointer@core@3@A@@YAXXZ 0040b27c f    CIL library: CIL module
 0001:0000a29e       ??__E?s_id@?$TObjectUniqueID@URGenerator@stdio@media@modules@UModSys@@@tl@UModSys@@2USUniquePointer@core@3@A@@YAXXZ 0040b29e f    CIL library: CIL module
 0001:0000a2c0       ??__E?s_console@RConsole_std@rsystem@base@UModSys@@2U1234@A@@YAXXZ 0040b2c0 f    CIL library: CIL module
 0001:0000a2cc       ??__E?s_sys@RSystem@rsystem@base@UModSys@@2U1234@A@@YAXXZ 0040b2cc f    CIL library: CIL module
 0001:0000a2dd       ??__Ersys_dbg@rsystem@base@UModSys@@YAXXZ 0040b2dd f    CIL library: CIL module
 0001:0000a2e9       ??__EM@UModSys@@YAXXZ      0040b2e9 f    CIL library: CIL module
 0001:0000a2f5       ??__E?root@SModuleRegChain@base@UModSys@@2U123@A@@YAXXZ 0040b2f5 f    CIL library: CIL module
 0001:0000a301       ??__E?s_library@RModuleLibraryReg_Chain@base@UModSys@@2U123@A@@YAXXZ 0040b301 f    CIL library: CIL module
 0001:0000a30d       ??__E?root@SUniquePointer@core@UModSys@@2U123@A@@YAXXZ 0040b30d f    CIL library: CIL module
 0001:0000a319       ??__F?s_id@?$TObjectUniqueID@URConsole_std@rsystem@base@UModSys@@@tl@UModSys@@2USUniquePointer@core@3@A@@YAXXZ 0040b319 f    CIL library: CIL module
 0001:0000a323       ??__F?s_id@?$TObjectUniqueID@URSystem@rsystem@base@UModSys@@@tl@UModSys@@2USUniquePointer@core@3@A@@YAXXZ 0040b323 f    CIL library: CIL module
 0001:0000a32d       ??__F?s_id@?$TObjectUniqueID@URParameters@rsystem@base@UModSys@@@tl@UModSys@@2USUniquePointer@core@3@A@@YAXXZ 0040b32d f    CIL library: CIL module
 0001:0000a337       ??__F?s_id@?$TObjectUniqueID@URModuleLibraryThis@rsystem@base@UModSys@@@tl@UModSys@@2USUniquePointer@core@3@A@@YAXXZ 0040b337 f    CIL library: CIL module
 0001:0000a341       ??__F?s_id@?$TObjectUniqueID@URModuleLibrarySO@rsystem@base@UModSys@@@tl@UModSys@@2USUniquePointer@core@3@A@@YAXXZ 0040b341 f    CIL library: CIL module
 0001:0000a34b       ??__F?s_id@?$TObjectUniqueID@UIModuleLibraryUni@rsystem@base@UModSys@@@tl@UModSys@@2USUniquePointer@core@3@A@@YAXXZ 0040b34b f    CIL library: CIL module
 0001:0000a355       ??__F?s_id@?$TObjectUniqueID@URModule@rsystem@base@UModSys@@@tl@UModSys@@2USUniquePointer@core@3@A@@YAXXZ 0040b355 f    CIL library: CIL module
 0001:0000a35f       ??__F?s_id@?$TObjectUniqueID@UISystem@base@UModSys@@@tl@UModSys@@2USUniquePointer@core@3@A@@YAXXZ 0040b35f f    CIL library: CIL module
 0001:0000a369       ??__F?s_id@?$TObjectUniqueID@UIConsole@base@UModSys@@@tl@UModSys@@2USUniquePointer@core@3@A@@YAXXZ 0040b369 f    CIL library: CIL module
 0001:0000a373       ??__F?s_id@?$TObjectUniqueID@UIShell@base@UModSys@@@tl@UModSys@@2USUniquePointer@core@3@A@@YAXXZ 0040b373 f    CIL library: CIL module
 0001:0000a37d       ??__F?s_id@?$TObjectUniqueID@UIGenerator@base@UModSys@@@tl@UModSys@@2USUniquePointer@core@3@A@@YAXXZ 0040b37d f    CIL library: CIL module
 0001:0000a387       ??__F?s_id@?$TObjectUniqueID@UIModObject@base@UModSys@@@tl@UModSys@@2USUniquePointer@core@3@A@@YAXXZ 0040b387 f    CIL library: CIL module
 0001:0000a391       ??__F?s_id@?$TObjectUniqueID@UIModuleLibrary@base@UModSys@@@tl@UModSys@@2USUniquePointer@core@3@A@@YAXXZ 0040b391 f    CIL library: CIL module
 0001:0000a39b       ??__F?s_id@?$TObjectUniqueID@UIModule@base@UModSys@@@tl@UModSys@@2USUniquePointer@core@3@A@@YAXXZ 0040b39b f    CIL library: CIL module
 0001:0000a3a5       ??__F?s_id@?$TObjectUniqueID@UIParameters@core@UModSys@@@tl@UModSys@@2USUniquePointer@core@3@A@@YAXXZ 0040b3a5 f    CIL library: CIL module
 0001:0000a3af       ??__F?s_id@?$TObjectUniqueID@UIRefObject@core@UModSys@@@tl@UModSys@@2USUniquePointer@core@3@A@@YAXXZ 0040b3af f    CIL library: CIL module
 0001:0000a3b9       ??__F?s_id@?$TObjectUniqueID@UIRoot@core@UModSys@@@tl@UModSys@@2USUniquePointer@core@3@A@@YAXXZ 0040b3b9 f    CIL library: CIL module
 0001:0000a3c3       ??__F?s_modreg@RModuleReg@std@media@modules@UModSys@@2U12345@A@@YAXXZ 0040b3c3 f    CIL library: CIL module
 0001:0000a3ce       ??__F?s_modreg_chain@RModuleReg@std@media@modules@UModSys@@2USModuleRegChain@base@5@A@@YAXXZ 0040b3ce f    CIL library: CIL module
 0001:0000a3d8       ??__F?s_uid@RGenerator@std@media@modules@UModSys@@2USUniquePointer@core@5@A@@YAXXZ 0040b3d8 f    CIL library: CIL module
 0001:0000a3e2       ??__Fh@?1??s_holder@RGenerator@std@media@modules@UModSys@@SAAAU?$TTypeStaticHolder@URGenerator@std@media@modules@UModSys@@@tl@5@XZ@YAXXZ 0040b3e2 f    CIL library: CIL module
 0001:0000a3ff       ??__F?s_id@?$TObjectUniqueID@URGenerator@std@media@modules@UModSys@@@tl@UModSys@@2USUniquePointer@core@3@A@@YAXXZ 0040b3ff f    CIL library: CIL module
 0001:0000a409       ??__F?s_id@?$TObjectUniqueID@URLibraryObjFilter@std@media@modules@UModSys@@@tl@UModSys@@2USUniquePointer@core@3@A@@YAXXZ 0040b409 f    CIL library: CIL module
 0001:0000a413       ??__F?s_id@?$TObjectUniqueID@URLibraryObjCache@std@media@modules@UModSys@@@tl@UModSys@@2USUniquePointer@core@3@A@@YAXXZ 0040b413 f    CIL library: CIL module
 0001:0000a41d       ??__F?s_id@?$TObjectUniqueID@URLibraryLayered@std@media@modules@UModSys@@@tl@UModSys@@2USUniquePointer@core@3@A@@YAXXZ 0040b41d f    CIL library: CIL module
 0001:0000a427       ??__F?s_id@?$TObjectUniqueID@URLibraryBinTree@std@media@modules@UModSys@@@tl@UModSys@@2USUniquePointer@core@3@A@@YAXXZ 0040b427 f    CIL library: CIL module
 0001:0000a431       ??__F?s_id@?$TObjectUniqueID@URLibraryBinCache@std@media@modules@UModSys@@@tl@UModSys@@2USUniquePointer@core@3@A@@YAXXZ 0040b431 f    CIL library: CIL module
 0001:0000a43b       ??__F?s_id@?$TObjectUniqueID@UILibraryLayered@libmedia@UModSys@@@tl@UModSys@@2USUniquePointer@core@3@A@@YAXXZ 0040b43b f    CIL library: CIL module
 0001:0000a445       ??__F?s_id@?$TObjectUniqueID@UILibraryObjCache@libmedia@UModSys@@@tl@UModSys@@2USUniquePointer@core@3@A@@YAXXZ 0040b445 f    CIL library: CIL module
 0001:0000a44f       ??__F?s_id@?$TObjectUniqueID@UILibraryObjFilter@libmedia@UModSys@@@tl@UModSys@@2USUniquePointer@core@3@A@@YAXXZ 0040b44f f    CIL library: CIL module
 0001:0000a459       ??__F?s_id@?$TObjectUniqueID@UILibraryBinCache@libmedia@UModSys@@@tl@UModSys@@2USUniquePointer@core@3@A@@YAXXZ 0040b459 f    CIL library: CIL module
 0001:0000a463       ??__F?s_id@?$TObjectUniqueID@UILibraryBinTree@libmedia@UModSys@@@tl@UModSys@@2USUniquePointer@core@3@A@@YAXXZ 0040b463 f    CIL library: CIL module
 0001:0000a46d       ??__F?s_id@?$TObjectUniqueID@UILibrary@libmedia@UModSys@@@tl@UModSys@@2USUniquePointer@core@3@A@@YAXXZ 0040b46d f    CIL library: CIL module
 0001:0000a477       ??__F?s_id@?$TObjectUniqueID@UIBinObjFilter@libmedia@UModSys@@@tl@UModSys@@2USUniquePointer@core@3@A@@YAXXZ 0040b477 f    CIL library: CIL module
 0001:0000a481       ??__F?s_id@?$TObjectUniqueID@UIBinArchive@libmedia@UModSys@@@tl@UModSys@@2USUniquePointer@core@3@A@@YAXXZ 0040b481 f    CIL library: CIL module
 0001:0000a48b       ??__F?s_id@?$TObjectUniqueID@UITextWriter@libmedia@UModSys@@@tl@UModSys@@2USUniquePointer@core@3@A@@YAXXZ 0040b48b f    CIL library: CIL module
 0001:0000a495       ??__F?s_id@?$TObjectUniqueID@UITextReader@libmedia@UModSys@@@tl@UModSys@@2USUniquePointer@core@3@A@@YAXXZ 0040b495 f    CIL library: CIL module
 0001:0000a49f       ??__F?s_id@?$TObjectUniqueID@UIStreamWriter@libmedia@UModSys@@@tl@UModSys@@2USUniquePointer@core@3@A@@YAXXZ 0040b49f f    CIL library: CIL module
 0001:0000a4a9       ??__F?s_id@?$TObjectUniqueID@UIStreamReader@libmedia@UModSys@@@tl@UModSys@@2USUniquePointer@core@3@A@@YAXXZ 0040b4a9 f    CIL library: CIL module
 0001:0000a4b3       ??__F?s_modreg@RModuleReg@stdio@media@modules@UModSys@@2U12345@A@@YAXXZ 0040b4b3 f    CIL library: CIL module
 0001:0000a4be       ??__F?s_modreg_chain@RModuleReg@stdio@media@modules@UModSys@@2USModuleRegChain@base@5@A@@YAXXZ 0040b4be f    CIL library: CIL module
 0001:0000a4c8       ??__F?s_uid@RGenerator@stdio@media@modules@UModSys@@2USUniquePointer@core@5@A@@YAXXZ 0040b4c8 f    CIL library: CIL module
 0001:0000a4d2       ??__Fh@?1??s_holder@RGenerator@stdio@media@modules@UModSys@@SAAAU?$TTypeStaticHolder@URGenerator@stdio@media@modules@UModSys@@@tl@5@XZ@YAXXZ 0040b4d2 f    CIL library: CIL module
 0001:0000a4ef       ??__F?s_id@?$TObjectUniqueID@URGenerator@stdio@media@modules@UModSys@@@tl@UModSys@@2USUniquePointer@core@3@A@@YAXXZ 0040b4ef f    CIL library: CIL module
 0001:0000a4f9       ??__F?s_id@?$TObjectUniqueID@URDataArchiver_OsDir@stdio@media@modules@UModSys@@@tl@UModSys@@2USUniquePointer@core@3@A@@YAXXZ 0040b4f9 f    CIL library: CIL module
 0001:0000a503       ??__F?s_id@?$TObjectUniqueID@URStreamWriter_FILE@stdio@media@modules@UModSys@@@tl@UModSys@@2USUniquePointer@core@3@A@@YAXXZ 0040b503 f    CIL library: CIL module
 0001:0000a50d       ??__F?s_id@?$TObjectUniqueID@URStreamReader_FILE@stdio@media@modules@UModSys@@@tl@UModSys@@2USUniquePointer@core@3@A@@YAXXZ 0040b50d f    CIL library: CIL module
 0001:0000a517       ??__F?s_console@RConsole_std@rsystem@base@UModSys@@2U1234@A@@YAXXZ 0040b517 f    CIL library: CIL module
 0001:0000a544       ??__F?s_sys@RSystem@rsystem@base@UModSys@@2U1234@A@@YAXXZ 0040b544 f    CIL library: CIL module
 0001:0000a54f       ??__Frsys_dbg@rsystem@base@UModSys@@YAXXZ 0040b54f f    CIL library: CIL module
 0001:0000a566       ??__FM@UModSys@@YAXXZ      0040b566 f    CIL library: CIL module
 0001:0000a567       ??__F?root@SModuleRegChain@base@UModSys@@2U123@A@@YAXXZ 0040b567 f    CIL library: CIL module
 0001:0000a571       ??__F?s_library@RModuleLibraryReg_Chain@base@UModSys@@2U123@A@@YAXXZ 0040b571 f    CIL library: CIL module
 0001:0000a57c       ??__F?root@SUniquePointer@core@UModSys@@2U123@A@@YAXXZ 0040b57c f    CIL library: CIL module

 Exports

  ordinal    name

        1    _UModSys_Plugin_Entry2@0
