 umodsysc

 Timestamp is 525649c5 (Thu Oct 10 09:31:33 2013)

 Preferred load address is 00400000

 Start         Length     Name                   Class
 0001:00000000 00004450H .text                   CODE
 0001:00004450 00000138H .text$x                 CODE
 0001:00004588 000001f4H .text$yc                CODE
 0001:0000477c 000000f0H .text$yd                CODE
 0002:00000000 00000110H .idata$5                DATA
 0002:00000110 00000004H .CRT$XCA                DATA
 0002:00000114 00000004H .CRT$XCAA               DATA
 0002:00000118 00000050H .CRT$XCU                DATA
 0002:00000168 00000004H .CRT$XCZ                DATA
 0002:0000016c 00000004H .CRT$XIA                DATA
 0002:00000170 00000004H .CRT$XIAA               DATA
 0002:00000174 00000004H .CRT$XIY                DATA
 0002:00000178 00000004H .CRT$XIZ                DATA
 0002:00000180 00000b98H .rdata                  DATA
 0002:00000d18 000006a8H .rdata$r                DATA
 0002:000013c0 00000028H .rdata$sxdata           DATA
 0002:000013e8 00000004H .rtc$IAA                DATA
 0002:000013ec 00000004H .rtc$IZZ                DATA
 0002:000013f0 00000004H .rtc$TAA                DATA
 0002:000013f4 00000004H .rtc$TZZ                DATA
 0002:000013f8 0000031cH .xdata$x                DATA
 0002:00001714 00000028H .idata$2                DATA
 0002:0000173c 00000014H .idata$3                DATA
 0002:00001750 00000110H .idata$4                DATA
 0002:00001860 00000472H .idata$6                DATA
 0002:00001cd2 00000000H .edata                  DATA
 0003:00000000 00000500H .data                   DATA
 0003:00000500 000005b0H .bss                    DATA

  Address         Publics by Value              Rva+Base       Lib:Object

 0000:00000000       __except_list              00000000     <absolute>
 0000:0000000a       ___safe_se_handler_count   0000000a     <absolute>
 0000:00009876       __ldused                   00009876     <absolute>
 0000:00009876       __fltused                  00009876     <absolute>
 0000:00000000       ___ImageBase               00400000     <linker-defined>
 0001:00000000       _main                      00401000 f   umodsys.c_main.obj
 0001:0000011d       ??0?$TString@U?$TSCoreConst@D@su@tl@UModSys@@U?$TComparerBinaryHash@D@234@@tl@UModSys@@QAE@PBD@Z 0040111d f i umodsys.c_main.obj
 0001:00000147       ?update@?$TComparerBinaryHash@D@su@tl@UModSys@@QAEXPBDI@Z 00401147 f i umodsys.c_main.obj
 0001:00000173       ?_get_other_interface@IRefObject@core@UModSys@@IAEPAUIRoot@23@PBUSUniquePointerInfo@23@@Z 00401173 f i umodsys_lib_basesys:umodsys.basesys.rconsole_std.obj
 0001:00000173       ?_get_other_interface@IRefObject@core@UModSys@@IBEPBUIRoot@23@PBUSUniquePointerInfo@23@@Z 00401173 f i umodsys_lib_basesys:umodsys.basesys.rconsole_std.obj
 0001:00000194       ?get_interface_info@RConsole_std@rsystem@base@UModSys@@UBEABUSUniquePointerInfo@core@4@XZ 00401194 f i umodsys_lib_basesys:umodsys.basesys.rconsole_std.obj
 0001:0000019a       ?get_interface_type@RConsole_std@rsystem@base@UModSys@@UBEPBUSUniquePointerInfo@core@4@XZ 0040119a f i umodsys_lib_basesys:umodsys.basesys.rconsole_std.obj
 0001:000001a0       ?get_other_interface@RConsole_std@rsystem@base@UModSys@@UBEPBUIRoot@core@4@PBUSUniquePointerInfo@64@@Z 004011a0 f i umodsys_lib_basesys:umodsys.basesys.rconsole_std.obj
 0001:000001a0       ?get_other_interface@RConsole_std@rsystem@base@UModSys@@UAEPAUIRoot@core@4@PBUSUniquePointerInfo@64@@Z 004011a0 f i umodsys_lib_basesys:umodsys.basesys.rconsole_std.obj
 0001:000001c1       ?ref_add@RConsole_std@rsystem@base@UModSys@@UBEXXZ 004011c1 f   umodsys_lib_basesys:umodsys.basesys.rconsole_std.obj
 0001:000001c1       ?suicide@IRoot@core@UModSys@@UAEXXZ 004011c1 f   umodsys_lib_core:umodsys.core.objects.obj
 0001:000001c1       ?ref_remove@RConsole_std@rsystem@base@UModSys@@UBEXXZ 004011c1 f   umodsys_lib_basesys:umodsys.basesys.rconsole_std.obj
 0001:000001c2       ?vput@RConsole_std@rsystem@base@UModSys@@UAE_NHPBDPAD@Z 004011c2 f   umodsys_lib_basesys:umodsys.basesys.rconsole_std.obj
 0001:0000020a       ?put@RConsole_std@rsystem@base@UModSys@@UAA_NHPBDZZ 0040120a f   umodsys_lib_basesys:umodsys.basesys.rconsole_std.obj
 0001:00000251       ?vget_c@RConsole_std@rsystem@base@UModSys@@UAE_NPAHPBDPAD@Z 00401251 f   umodsys_lib_basesys:umodsys.basesys.rconsole_std.obj
 0001:00000256       ?vget_s@RConsole_std@rsystem@base@UModSys@@UAE_NPADIPBD0@Z 00401256 f   umodsys_lib_basesys:umodsys.basesys.rconsole_std.obj
 0001:0000025b       ?get_c@RConsole_std@rsystem@base@UModSys@@UAA_NPAHPBDZZ 0040125b f   umodsys_lib_basesys:umodsys.basesys.rconsole_std.obj
 0001:0000025b       ?get_s@RConsole_std@rsystem@base@UModSys@@UAA_NPADIPBDZZ 0040125b f   umodsys_lib_basesys:umodsys.basesys.rconsole_std.obj
 0001:0000025e       ?reflect@RConsole_std@rsystem@base@UModSys@@QAE_NPBD@Z 0040125e f   umodsys_lib_basesys:umodsys.basesys.rconsole_std.obj
 0001:0000029e       ??_ERConsole_std@rsystem@base@UModSys@@UAEPAXI@Z 0040129e f i  CIL library: CIL module
 0001:0000029e       ??_GRConsole_std@rsystem@base@UModSys@@UAEPAXI@Z 0040129e f i umodsys_lib_basesys:umodsys.basesys.rconsole_std.obj
 0001:000002ba       ??_GIRoot@core@UModSys@@UAEPAXI@Z 004012ba f i umodsys_lib_basesys:umodsys.basesys.rconsole_std.obj
 0001:000002ba       ??_ERParameters@rsystem@base@UModSys@@UAEPAXI@Z 004012ba f i  CIL library: CIL module
 0001:000002ba       ??_EIRoot@core@UModSys@@UAEPAXI@Z 004012ba f i  CIL library: CIL module
 0001:000002ba       ??_GRParameters@rsystem@base@UModSys@@UAEPAXI@Z 004012ba f i umodsys_lib_basesys:umodsys.basesys.rparameters.obj
 0001:000002c5       ??0EExceptionBase@core@UModSys@@QAE@PBUSSourceContext@12@HPBD@Z 004012c5 f i umodsys_lib_basesys:umodsys.basesys.rsystem_main.obj
 0001:000002f0       ?decode_error@EExceptionBase@core@UModSys@@UBEHPADI@Z 004012f0 f i umodsys_lib_basesys:umodsys.basesys.rsystem_main.obj
 0001:00000319       ??_GEFatal@core@UModSys@@UAEPAXI@Z 00401319 f i umodsys_lib_basesys:umodsys.basesys.rsystem_main.obj
 0001:00000319       ??_EEFatal@core@UModSys@@UAEPAXI@Z 00401319 f i  CIL library: CIL module
 0001:00000319       ??_GEWarning@core@UModSys@@UAEPAXI@Z 00401319 f i umodsys_lib_basesys:umodsys.basesys.rsystem_main.obj
 0001:00000319       ??_EEExceptionBase@core@UModSys@@UAEPAXI@Z 00401319 f i  CIL library: CIL module
 0001:00000319       ??_EEWarning@core@UModSys@@UAEPAXI@Z 00401319 f i  CIL library: CIL module
 0001:00000319       ??_GEExceptionBase@core@UModSys@@UAEPAXI@Z 00401319 f i umodsys_lib_basesys:umodsys.basesys.rsystem_main.obj
 0001:00000336       ?decode_error@EFatal@core@UModSys@@UBEHPADI@Z 00401336 f i umodsys_lib_basesys:umodsys.basesys.rsystem_main.obj
 0001:0000035f       ?decode_error@EWarning@core@UModSys@@UBEHPADI@Z 0040135f f i umodsys_lib_basesys:umodsys.basesys.rsystem_main.obj
 0001:00000388       ??1EFatal@core@UModSys@@UAE@XZ 00401388 f i umodsys_lib_basesys:umodsys.basesys.rsystem_main.obj
 0001:00000388       ??1EWarning@core@UModSys@@UAE@XZ 00401388 f i umodsys_lib_basesys:umodsys.basesys.rsystem_main.obj
 0001:0000038f       ?get_interface_info@RSystem@rsystem@base@UModSys@@UBEABUSUniquePointerInfo@core@4@XZ 0040138f f i umodsys_lib_basesys:umodsys.basesys.rsystem_main.obj
 0001:00000395       ?get_interface_type@RSystem@rsystem@base@UModSys@@UBEPBUSUniquePointerInfo@core@4@XZ 00401395 f i umodsys_lib_basesys:umodsys.basesys.rsystem_main.obj
 0001:0000039b       ?get_interface_types@RSystem@rsystem@base@UModSys@@UBEIAAUSUniquePtrList@core@4@@Z 0040139b f i umodsys_lib_basesys:umodsys.basesys.rsystem_main.obj
 0001:0000039b       ?get_interface_types@RConsole_std@rsystem@base@UModSys@@UBEIAAUSUniquePtrList@core@4@@Z 0040139b f i umodsys_lib_basesys:umodsys.basesys.rconsole_std.obj
 0001:0000039b       ?get_interface_types@RModuleLibrary@rsystem@base@UModSys@@UBEIAAUSUniquePtrList@core@4@@Z 0040139b f i umodsys_lib_basesys:umodsys.basesys.rmodulelib.obj
 0001:0000039b       ?get_interface_types@RModule@rsystem@base@UModSys@@UBEIAAUSUniquePtrList@core@4@@Z 0040139b f i umodsys_lib_basesys:umodsys.basesys.rmodule.obj
 0001:0000039b       ?get_interface_types@RParameters@rsystem@base@UModSys@@UBEIAAUSUniquePtrList@core@4@@Z 0040139b f i umodsys_lib_basesys:umodsys.basesys.rparameters.obj
 0001:000003a0       ?get_other_interface@RSystem@rsystem@base@UModSys@@UAEPAUIRoot@core@4@PBUSUniquePointerInfo@64@@Z 004013a0 f i umodsys_lib_basesys:umodsys.basesys.rsystem_main.obj
 0001:000003a0       ?get_other_interface@RSystem@rsystem@base@UModSys@@UBEPBUIRoot@core@4@PBUSUniquePointerInfo@64@@Z 004013a0 f i umodsys_lib_basesys:umodsys.basesys.rsystem_main.obj
 0001:000003c1       ?init@RSystem@rsystem@base@UModSys@@QAE_NXZ 004013c1 f   umodsys_lib_basesys:umodsys.basesys.rsystem_main.obj
 0001:00000479       ?deinit@RSystem@rsystem@base@UModSys@@QAE_NXZ 00401479 f   umodsys_lib_basesys:umodsys.basesys.rsystem_main.obj
 0001:00000554       ?set_console@RSystem@rsystem@base@UModSys@@QAEXPAUIConsole@34@@Z 00401554 f   umodsys_lib_basesys:umodsys.basesys.rsystem_main.obj
 0001:0000057b       ?dump_upis@RSystem@rsystem@base@UModSys@@QAEXXZ 0040157b f   umodsys_lib_basesys:umodsys.basesys.rsystem_main.obj
 0001:00000626       ??0RSystem@rsystem@base@UModSys@@QAE@XZ 00401626 f   umodsys_lib_basesys:umodsys.basesys.rsystem_main.obj
 0001:0000073f       ??_GRSystem@rsystem@base@UModSys@@UAEPAXI@Z 0040173f f i umodsys_lib_basesys:umodsys.basesys.rsystem_main.obj
 0001:0000073f       ??_ERSystem@rsystem@base@UModSys@@UAEPAXI@Z 0040173f f i  CIL library: CIL module
 0001:0000074e       ??1RSystem@rsystem@base@UModSys@@UAE@XZ 0040174e f   umodsys_lib_basesys:umodsys.basesys.rsystem_main.obj
 0001:000007e4       ?dbg_put@rsystem@base@UModSys@@YAXW4eRSystemDebugLevels@123@PBDZZ 004017e4 f   umodsys_lib_basesys:umodsys.basesys.rsystem_main.obj
 0001:00000810       ?err_put@rsystem@base@UModSys@@YAXW4eRSystemDebugLevels@123@PBDZZ 00401810 f   umodsys_lib_basesys:umodsys.basesys.rsystem_main.obj
 0001:0000083c       ??1?$TStaticStringPool@DU?$TComparerBinaryHash@D@su@tl@UModSys@@USMemAlloc_Malloc@core@4@@tl@UModSys@@QAE@XZ 0040183c f i umodsys_lib_basesys:umodsys.basesys.rsystem_main.obj
 0001:00000841       ??1?$TQuantArrayUnique@USUniquePointerInfo@core@UModSys@@$0BAA@USMemAlloc_Malloc@23@@tl@UModSys@@QAE@XZ 00401841 f i umodsys_lib_basesys:umodsys.basesys.rsystem_main.obj
 0001:00000841       ??1?$TQuantArrayUnique@USSourceContext@core@UModSys@@$0BAA@USMemAlloc_Malloc@23@@tl@UModSys@@QAE@XZ 00401841 f i umodsys_lib_basesys:umodsys.basesys.rsystem_main.obj
 0001:00000877       ??1?$TTreeHoldRBD@U?$TQuantArrayNode@USSourceContext@core@UModSys@@$0BAA@@tl@UModSys@@U?$TNodeDeleter@U?$TQuantArrayNode@USSourceContext@core@UModSys@@$0BAA@@tl@UModSys@@USMemAlloc_Malloc@core@3@@23@@tl@UModSys@@QAE@XZ 00401877 f i umodsys_lib_basesys:umodsys.basesys.rsystem_main.obj
 0001:00000877       ??1?$TTreeHoldRBD@U?$TQuantArrayNode@USUniquePointerInfo@core@UModSys@@$0BAA@@tl@UModSys@@U?$TNodeDeleter@U?$TQuantArrayNode@USUniquePointerInfo@core@UModSys@@$0BAA@@tl@UModSys@@USMemAlloc_Malloc@core@3@@23@@tl@UModSys@@QAE@XZ 00401877 f i umodsys_lib_basesys:umodsys.basesys.rsystem_main.obj
 0001:0000088d       ??1?$TRMemAlloc_CC@U?$TMemAllocHeader@USMagic@mem_headers@rsystem@base@UModSys@@U?$TPool@X@2345@USDebug@2345@UVoid@core@5@@rsystem@base@UModSys@@USMemAlloc_Malloc@core@4@@rsystem@base@UModSys@@QAE@XZ 0040188d f i umodsys_lib_basesys:umodsys.basesys.rsystem_main.obj
 0001:00000894       ?mem_alloc@?$TRMemAlloc_CC@U?$TMemAllocHeader@USMagic@mem_headers@rsystem@base@UModSys@@U?$TPool@X@2345@USDebug@2345@UVoid@core@5@@rsystem@base@UModSys@@USMemAlloc_Malloc@core@4@@rsystem@base@UModSys@@UAEPAXIPBUSSourceContext@core@4@@Z 00401894 f i umodsys_lib_basesys:umodsys.basesys.rsystem_main.obj
 0001:000008c8       ?mem_realloc@?$TRMemAlloc_CC@U?$TMemAllocHeader@USMagic@mem_headers@rsystem@base@UModSys@@U?$TPool@X@2345@USDebug@2345@UVoid@core@5@@rsystem@base@UModSys@@USMemAlloc_Malloc@core@4@@rsystem@base@UModSys@@UAEPAXPAXIPBUSSourceContext@core@4@@Z 004018c8 f i umodsys_lib_basesys:umodsys.basesys.rsystem_main.obj
 0001:00000a23       ?mem_free@?$TRMemAlloc_CC@U?$TMemAllocHeader@USMagic@mem_headers@rsystem@base@UModSys@@U?$TPool@X@2345@USDebug@2345@UVoid@core@5@@rsystem@base@UModSys@@USMemAlloc_Malloc@core@4@@rsystem@base@UModSys@@UAEXPAXPBUSSourceContext@core@4@@Z 00401a23 f i umodsys_lib_basesys:umodsys.basesys.rsystem_main.obj
 0001:00000a97       ?free@?$TStaticStringPool@DU?$TComparerBinaryHash@D@su@tl@UModSys@@USMemAlloc_Malloc@core@4@@tl@UModSys@@QAEXXZ 00401a97 f i umodsys_lib_basesys:umodsys.basesys.rsystem_main.obj
 0001:00000ad2       ?next_node@?$TTreeHoldRB@U?$TQuantArrayNode@USUniquePointerInfo@core@UModSys@@$0BAA@@tl@UModSys@@@tl@UModSys@@SAPAU?$TQuantArrayNode@USUniquePointerInfo@core@UModSys@@$0BAA@@23@PAU423@@Z 00401ad2 f i umodsys_lib_basesys:umodsys.basesys.rsystem_main.obj
 0001:00000ad2       ?next_node@?$TTreeHoldRB@U?$TQuantArrayNode@USSourceContext@core@UModSys@@$0BAA@@tl@UModSys@@@tl@UModSys@@SAPAU?$TQuantArrayNode@USSourceContext@core@UModSys@@$0BAA@@23@PAU423@@Z 00401ad2 f i umodsys_lib_basesys:umodsys.basesys.rsystem.obj
 0001:00000af7       ??$process@UEFatal@core@UModSys@@@IExceptionHandler@core@UModSys@@QAEXABUEFatal@12@@Z 00401af7 f i umodsys_lib_basesys:umodsys.basesys.rsystem_main.obj
 0001:00000b29       ??$process_nodes_r@U?$TNodeDeleter@U?$TQuantArrayNode@USSourceContext@core@UModSys@@$0BAA@@tl@UModSys@@USMemAlloc_Malloc@core@3@@tl@UModSys@@@?$TTreeHoldRB@U?$TQuantArrayNode@USSourceContext@core@UModSys@@$0BAA@@tl@UModSys@@@tl@UModSys@@KAHPAU?$TQuantArrayNode@USSourceContext@core@UModSys@@$0BAA@@12@ABU?$TNodeDeleter@U?$TQuantArrayNode@USSourceContext@core@UModSys@@$0BAA@@tl@UModSys@@USMemAlloc_Malloc@core@3@@12@@Z 00401b29 f i umodsys_lib_basesys:umodsys.basesys.rsystem_main.obj
 0001:00000b29       ??$process_nodes_r@U?$TNodeDeleter@U?$TQuantArrayNode@USUniquePointerInfo@core@UModSys@@$0BAA@@tl@UModSys@@USMemAlloc_Malloc@core@3@@tl@UModSys@@@?$TTreeHoldRB@U?$TQuantArrayNode@USUniquePointerInfo@core@UModSys@@$0BAA@@tl@UModSys@@@tl@UModSys@@KAHPAU?$TQuantArrayNode@USUniquePointerInfo@core@UModSys@@$0BAA@@12@ABU?$TNodeDeleter@U?$TQuantArrayNode@USUniquePointerInfo@core@UModSys@@$0BAA@@tl@UModSys@@USMemAlloc_Malloc@core@3@@12@@Z 00401b29 f i umodsys_lib_basesys:umodsys.basesys.rsystem_main.obj
 0001:00000b6b       ??0EFatal@core@UModSys@@QAE@ABU012@@Z 00401b6b f i umodsys_lib_basesys:umodsys.basesys.rsystem_main.obj
 0001:00000b83       ??0EExceptionBase@core@UModSys@@QAE@ABU012@@Z 00401b83 f i umodsys_lib_basesys:umodsys.basesys.rsystem_main.obj
 0001:00000bab       ??0EWarning@core@UModSys@@QAE@ABU012@@Z 00401bab f i umodsys_lib_basesys:umodsys.basesys.rsystem_main.obj
 0001:00000bc3       ?exec_test_shells@RSystem@rsystem@base@UModSys@@QAE_NXZ 00401bc3 f   umodsys_lib_basesys:umodsys.basesys.rsystem_tests.obj
 0001:00000d33       ??1?$TParametersA@$0EAA@@core@UModSys@@QAE@XZ 00401d33 f i umodsys_lib_basesys:umodsys.basesys.rsystem_tests.obj
 0001:00000d40       ??1?$TRefObject@URParameters@rsystem@base@UModSys@@@tl@UModSys@@QAE@XZ 00401d40 f i umodsys_lib_basesys:umodsys.basesys.rsystem_main.obj
 0001:00000d40       ??1?$TRefObject@URModuleLibrary@rsystem@base@UModSys@@@tl@UModSys@@QAE@XZ 00401d40 f i umodsys_lib_basesys:umodsys.basesys.rmoduleloader.obj
 0001:00000d40       ??1?$TRefObject@UIRefObject@core@UModSys@@@tl@UModSys@@QAE@XZ 00401d40 f i umodsys_lib_basesys:umodsys.basesys.rsystem_tests.obj
 0001:00000d40       ??1?$TRefObject@UIShell@base@UModSys@@@tl@UModSys@@QAE@XZ 00401d40 f i umodsys_lib_basesys:umodsys.basesys.rsystem_tests.obj
 0001:00000d4f       ??$t_moduledb_generate@UIShell@base@UModSys@@@IModuleLoader@base@UModSys@@QAE_NAAU?$TRefObject@UIShell@base@UModSys@@@tl@2@PBUSUniquePointerInfo@core@2@ABUSParameters@62@@Z 00401d4f f i umodsys_lib_basesys:umodsys.basesys.rsystem_tests.obj
 0001:00000de1       ?moduledb_findobjname@RModuleLoader@rsystem@base@UModSys@@UAEIPBUSUniquePointerInfo@core@4@QAPBU564@I@Z 00401de1 f   umodsys_lib_basesys:umodsys.basesys.rmoduleloader.obj
 0001:00000e2f       ?moduledb_generate@RModuleLoader@rsystem@base@UModSys@@UAE_NAAU?$TRefObject@UIRefObject@core@UModSys@@@tl@4@PBUSUniquePointerInfo@core@4@ABUSParameters@84@@Z 00401e2f f   umodsys_lib_basesys:umodsys.basesys.rmoduleloader.obj
 0001:00000e6a       ?moduledb_lib_count@RModuleLoader@rsystem@base@UModSys@@UAEIXZ 00401e6a f   umodsys_lib_basesys:umodsys.basesys.rmoduleloader.obj
 0001:00000e6e       ?moduledb_lib_get@RModuleLoader@rsystem@base@UModSys@@UBEPAUIModuleLibrary@34@I@Z 00401e6e f   umodsys_lib_basesys:umodsys.basesys.rmoduleloader.obj
 0001:00000e84       ?moduledb_load@RModuleLoader@rsystem@base@UModSys@@UAE_NABU?$TString@U?$TSCoreConst@D@su@tl@UModSys@@U?$TComparerBinaryHash@D@234@@tl@4@@Z 00401e84 f   umodsys_lib_basesys:umodsys.basesys.rmoduleloader.obj
 0001:00000e84       ?moduledb_lib_drop@RModuleLoader@rsystem@base@UModSys@@UAE_NPAUIModuleLibrary@34@@Z 00401e84 f   umodsys_lib_basesys:umodsys.basesys.rmoduleloader.obj
 0001:00000e89       ?moduledb_module_count@RModuleLoader@rsystem@base@UModSys@@UAEIXZ 00401e89 f   umodsys_lib_basesys:umodsys.basesys.rmoduleloader.obj
 0001:00000ea7       ?moduledb_module_get@RModuleLoader@rsystem@base@UModSys@@UBEPAUIModule@34@I@Z 00401ea7 f   umodsys_lib_basesys:umodsys.basesys.rmoduleloader.obj
 0001:00000ee1       ?moduledb_find@RModuleLoader@rsystem@base@UModSys@@UBEPAUIModule@34@ABU?$TString@U?$TSCoreConst@D@su@tl@UModSys@@U?$TComparerBinaryHash@D@234@@tl@4@ABUSVersion@core@4@@Z 00401ee1 f   umodsys_lib_basesys:umodsys.basesys.rmoduleloader.obj
 0001:00000f68       ?moduledb_clear@RModuleLoader@rsystem@base@UModSys@@UAEXXZ 00401f68 f   umodsys_lib_basesys:umodsys.basesys.rmoduleloader.obj
 0001:00000fa4       ?moduledb_cleanup@RModuleLoader@rsystem@base@UModSys@@UAEIXZ 00401fa4 f   umodsys_lib_basesys:umodsys.basesys.rmoduleloader.obj
 0001:000010be       ?moduledb_save@RModuleLoader@rsystem@base@UModSys@@UAE_NABU?$TString@U?$TSCoreConst@D@su@tl@UModSys@@U?$TComparerBinaryHash@D@234@@tl@4@@Z 004020be f   umodsys_lib_basesys:umodsys.basesys.rmoduleloader.obj
 0001:00001125       ?moduledb_scan@RModuleLoader@rsystem@base@UModSys@@UAEIABU?$TString@U?$TSCoreConst@D@su@tl@UModSys@@U?$TComparerBinaryHash@D@234@@tl@4@_N@Z 00402125 f   umodsys_lib_basesys:umodsys.basesys.rmoduleloader.obj
 0001:000011b6       ?moduledb_get_string@RModuleLoader@rsystem@base@UModSys@@UAEABU?$TString@U?$TSCoreConst@D@su@tl@UModSys@@U?$TComparerBinaryHash@D@234@@tl@4@ABU564@@Z 004021b6 f   umodsys_lib_basesys:umodsys.basesys.rmoduleloader.obj
 0001:000011c8       ??_GRModuleLoader@rsystem@base@UModSys@@UAEPAXI@Z 004021c8 f i umodsys_lib_basesys:umodsys.basesys.rmoduleloader.obj
 0001:000011c8       ??_ERModuleLoader@rsystem@base@UModSys@@UAEPAXI@Z 004021c8 f i  CIL library: CIL module
 0001:000011e4       ??_GIModuleLoader@base@UModSys@@UAEPAXI@Z 004021e4 f i umodsys_lib_basesys:umodsys.basesys.rmoduleloader.obj
 0001:000011e4       ??_EIModuleLoader@base@UModSys@@UAEPAXI@Z 004021e4 f i  CIL library: CIL module
 0001:00001201       ??1RModuleLoader@rsystem@base@UModSys@@UAE@XZ 00402201 f   umodsys_lib_basesys:umodsys.basesys.rmoduleloader.obj
 0001:00001234       ?append@?$TStaticStringPool@DU?$TComparerBinaryHash@D@su@tl@UModSys@@USMemAlloc_Malloc@core@4@@tl@UModSys@@QAEPBU?$TString@U?$TSCoreConst@D@su@tl@UModSys@@U?$TComparerBinaryHash@D@234@@23@PBD@Z 00402234 f i umodsys_lib_basesys:umodsys.basesys.rmoduleloader.obj
 0001:00001264       ?Free@?$TDynarray@U?$TDynarrayHolderDynamic@U?$TRefObject@URModuleLibrary@rsystem@base@UModSys@@@tl@UModSys@@U?$TAllocator@USMemAlloc_Malloc@core@UModSys@@USCountCalcPower2@23@@23@@tl@UModSys@@@tl@UModSys@@QAE_NXZ 00402264 f i umodsys_lib_basesys:umodsys.basesys.rmoduleloader.obj
 0001:0000128c       ?Resize@?$TDynarray@U?$TDynarrayHolderDynamic@U?$TRefObject@URModuleLibrary@rsystem@base@UModSys@@@tl@UModSys@@U?$TAllocator@USMemAlloc_Malloc@core@UModSys@@USCountCalcPower2@23@@23@@tl@UModSys@@@tl@UModSys@@QAE_NI@Z 0040228c f i umodsys_lib_basesys:umodsys.basesys.rmoduleloader.obj
 0001:000012e6       ??$?8U?$TSCoreConst@D@su@tl@UModSys@@U?$TComparerBinaryHash@D@123@@?$TString@U?$TSCoreConst@D@su@tl@UModSys@@U?$TComparerBinaryHash@D@234@@tl@UModSys@@QBE_NABU012@@Z 004022e6 f i umodsys_lib_basesys:umodsys.basesys.rmoduleloader.obj
 0001:00001321       ?append@?$TStaticStringPool@DU?$TComparerBinaryHash@D@su@tl@UModSys@@USMemAlloc_Malloc@core@4@@tl@UModSys@@QAEPBU?$TString@U?$TSCoreConst@D@su@tl@UModSys@@U?$TComparerBinaryHash@D@234@@23@PBDI@Z 00402321 f i umodsys_lib_basesys:umodsys.basesys.rmoduleloader.obj
 0001:00001453       ?ReLink@?$TDynarray@U?$TDynarrayHolderDynamic@U?$TRefObject@URModule@rsystem@base@UModSys@@@tl@UModSys@@U?$TAllocator@USMemAlloc_Malloc@core@UModSys@@USCountCalcPower2@23@@23@@tl@UModSys@@@tl@UModSys@@IAE_NI@Z 00402453 f i umodsys_lib_basesys:umodsys.basesys.rmodulelib.obj
 0001:00001453       ?ReLink@?$TDynarray@U?$TDynarrayHolderDynamic@U?$TRefObject@URModuleLibrary@rsystem@base@UModSys@@@tl@UModSys@@U?$TAllocator@USMemAlloc_Malloc@core@UModSys@@USCountCalcPower2@23@@23@@tl@UModSys@@@tl@UModSys@@IAE_NI@Z 00402453 f i umodsys_lib_basesys:umodsys.basesys.rmoduleloader.obj
 0001:0000148f       ?items_destruct@?$TDynarray@U?$TDynarrayHolderDynamic@U?$TRefObject@URModuleLibrary@rsystem@base@UModSys@@@tl@UModSys@@U?$TAllocator@USMemAlloc_Malloc@core@UModSys@@USCountCalcPower2@23@@23@@tl@UModSys@@@tl@UModSys@@IAEXII@Z 0040248f f i umodsys_lib_basesys:umodsys.basesys.rmoduleloader.obj
 0001:000014ba       ?append@CharChunk@?$TStaticStringPool@DU?$TComparerBinaryHash@D@su@tl@UModSys@@USMemAlloc_Malloc@core@4@@tl@UModSys@@QAEPADPBDI@Z 004024ba f i umodsys_lib_basesys:umodsys.basesys.rmoduleloader.obj
 0001:000014e3       ?find_s@?$TStaticStringPool@DU?$TComparerBinaryHash@D@su@tl@UModSys@@USMemAlloc_Malloc@core@4@@tl@UModSys@@QBEPBU?$TString@U?$TSCoreConst@D@su@tl@UModSys@@U?$TComparerBinaryHash@D@234@@23@ABU423@@Z 004024e3 f i umodsys_lib_basesys:umodsys.basesys.rmoduleloader.obj
 0001:00001537       ?upi_add@RSystem@rsystem@base@UModSys@@UAEPBUSUniquePointerInfo@core@4@PBU564@@Z 00402537 f   umodsys_lib_basesys:umodsys.basesys.rsystem.obj
 0001:000015c8       ?upi_remove@RSystem@rsystem@base@UModSys@@UAEHPBUSUniquePointerInfo@core@4@@Z 004025c8 f   umodsys_lib_basesys:umodsys.basesys.rsystem.obj
 0001:000015ce       ?persist_ctx@RSystem@rsystem@base@UModSys@@UAEPBUSSourceContext@core@4@PBU564@@Z 004025ce f   umodsys_lib_basesys:umodsys.basesys.rsystem.obj
 0001:0000165f       ?get_params@RSystem@rsystem@base@UModSys@@UAEPAUIParameters@core@4@XZ 0040265f f   umodsys_lib_basesys:umodsys.basesys.rsystem.obj
 0001:00001663       ?get_console@RSystem@rsystem@base@UModSys@@UAEPAUIConsole@34@XZ 00402663 f   umodsys_lib_basesys:umodsys.basesys.rsystem.obj
 0001:00001663       ?ref_links@RParameters@rsystem@base@UModSys@@UBEHXZ 00402663 f   umodsys_lib_basesys:umodsys.basesys.rparameters.obj
 0001:00001667       ?get_sysmem@RSystem@rsystem@base@UModSys@@UAEPAUIMemAlloc@core@4@XZ 00402667 f   umodsys_lib_basesys:umodsys.basesys.rsystem.obj
 0001:0000166e       ?get_sharemem@RSystem@rsystem@base@UModSys@@UAEPAUIMemAlloc@core@4@XZ 0040266e f   umodsys_lib_basesys:umodsys.basesys.rsystem.obj
 0001:00001675       ?get_modloader@RSystem@rsystem@base@UModSys@@UAEPAUIModuleLoader@34@XZ 00402675 f   umodsys_lib_basesys:umodsys.basesys.rsystem.obj
 0001:00001679       ?get_upr@RSystem@rsystem@base@UModSys@@UAEPAUIUniquePointerResolver@core@4@XZ 00402679 f   umodsys_lib_basesys:umodsys.basesys.rsystem.obj
 0001:00001684       ?get_sca@RSystem@rsystem@base@UModSys@@UAEPAUISourceContextAdapter@core@4@XZ 00402684 f   umodsys_lib_basesys:umodsys.basesys.rsystem.obj
 0001:0000168f       ?find@?$TQuantArrayUnique@USSourceContext@core@UModSys@@$0BAA@USMemAlloc_Malloc@23@@tl@UModSys@@QAEPBUSSourceContext@core@3@ABU453@@Z 0040268f f i umodsys_lib_basesys:umodsys.basesys.rsystem.obj
 0001:0000168f       ?find@?$TQuantArrayUnique@USUniquePointerInfo@core@UModSys@@$0BAA@USMemAlloc_Malloc@23@@tl@UModSys@@QAEPBUSUniquePointerInfo@core@3@ABU453@@Z 0040268f f i umodsys_lib_basesys:umodsys.basesys.rsystem.obj
 0001:0000172e       ?add@?$TQuantArrayUnique@USUniquePointerInfo@core@UModSys@@$0BAA@USMemAlloc_Malloc@23@@tl@UModSys@@QAEPAUSUniquePointerInfo@core@3@ABU453@@Z 0040272e f i umodsys_lib_basesys:umodsys.basesys.rsystem.obj
 0001:0000172e       ?add@?$TQuantArrayUnique@USSourceContext@core@UModSys@@$0BAA@USMemAlloc_Malloc@23@@tl@UModSys@@QAEPAUSSourceContext@core@3@ABU453@@Z 0040272e f i umodsys_lib_basesys:umodsys.basesys.rsystem.obj
 0001:0000183e       ?insert_color@?$TTreeHoldRB@U?$TQuantArrayNode@USUniquePointerInfo@core@UModSys@@$0BAA@@tl@UModSys@@@tl@UModSys@@IAEXPAU?$TQuantArrayNode@USUniquePointerInfo@core@UModSys@@$0BAA@@23@@Z 0040283e f i umodsys_lib_basesys:umodsys.basesys.rsystem.obj
 0001:0000183e       ?insert_color@?$TTreeHoldRB@U?$TQuantArrayNode@USSourceContext@core@UModSys@@$0BAA@@tl@UModSys@@@tl@UModSys@@IAEXPAU?$TQuantArrayNode@USSourceContext@core@UModSys@@$0BAA@@23@@Z 0040283e f i umodsys_lib_basesys:umodsys.basesys.rsystem.obj
 0001:000018ec       ?rotate_left@?$TTreeHoldRB@U?$TQuantArrayNode@USSourceContext@core@UModSys@@$0BAA@@tl@UModSys@@@tl@UModSys@@IAEXPAU?$TQuantArrayNode@USSourceContext@core@UModSys@@$0BAA@@23@@Z 004028ec f i umodsys_lib_basesys:umodsys.basesys.rsystem.obj
 0001:000018ec       ?rotate_left@?$TTreeHoldRB@U?$TQuantArrayNode@USUniquePointerInfo@core@UModSys@@$0BAA@@tl@UModSys@@@tl@UModSys@@IAEXPAU?$TQuantArrayNode@USUniquePointerInfo@core@UModSys@@$0BAA@@23@@Z 004028ec f i umodsys_lib_basesys:umodsys.basesys.rsystem.obj
 0001:0000192b       ?rotate_right@?$TTreeHoldRB@U?$TQuantArrayNode@USSourceContext@core@UModSys@@$0BAA@@tl@UModSys@@@tl@UModSys@@IAEXPAU?$TQuantArrayNode@USSourceContext@core@UModSys@@$0BAA@@23@@Z 0040292b f i umodsys_lib_basesys:umodsys.basesys.rsystem.obj
 0001:0000192b       ?rotate_right@?$TTreeHoldRB@U?$TQuantArrayNode@USUniquePointerInfo@core@UModSys@@$0BAA@@tl@UModSys@@@tl@UModSys@@IAEXPAU?$TQuantArrayNode@USUniquePointerInfo@core@UModSys@@$0BAA@@23@@Z 0040292b f i umodsys_lib_basesys:umodsys.basesys.rsystem.obj
 0001:0000196a       ?get_interface_info@RParameters@rsystem@base@UModSys@@UBEABUSUniquePointerInfo@core@4@XZ 0040296a f i umodsys_lib_basesys:umodsys.basesys.rparameters.obj
 0001:00001970       ?get_interface_type@RParameters@rsystem@base@UModSys@@UBEPBUSUniquePointerInfo@core@4@XZ 00402970 f i umodsys_lib_basesys:umodsys.basesys.rparameters.obj
 0001:00001976       ?get_other_interface@RParameters@rsystem@base@UModSys@@UBEPBUIRoot@core@4@PBUSUniquePointerInfo@64@@Z 00402976 f i umodsys_lib_basesys:umodsys.basesys.rparameters.obj
 0001:00001976       ?get_other_interface@RParameters@rsystem@base@UModSys@@UAEPAUIRoot@core@4@PBUSUniquePointerInfo@64@@Z 00402976 f i umodsys_lib_basesys:umodsys.basesys.rparameters.obj
 0001:00001997       ?ref_add@RParameters@rsystem@base@UModSys@@UBEXXZ 00402997 f i umodsys_lib_basesys:umodsys.basesys.rparameters.obj
 0001:0000199b       ?ref_remove@RParameters@rsystem@base@UModSys@@UBEXXZ 0040299b f i umodsys_lib_basesys:umodsys.basesys.rparameters.obj
 0001:000019a6       ?suicide@RParameters@rsystem@base@UModSys@@UAEXXZ 004029a6 f i umodsys_lib_basesys:umodsys.basesys.rparameters.obj
 0001:000019bc       ?find_elem@RParameters@rsystem@base@UModSys@@IAEPBUElem@1234@PBXHHHPBD@Z 004029bc f   umodsys_lib_basesys:umodsys.basesys.rparameters.obj
 0001:00001a35       ?estimate_size@RParameters@rsystem@base@UModSys@@IAEHAAUElem@1234@HPBDHH@Z 00402a35 f   umodsys_lib_basesys:umodsys.basesys.rparameters.obj
 0001:00001a9a       ?free_elems@RParameters@rsystem@base@UModSys@@IAEXPAXH@Z 00402a9a f   umodsys_lib_basesys:umodsys.basesys.rparameters.obj
 0001:00001af2       ?alloc_elems@RParameters@rsystem@base@UModSys@@IAEXPAXH@Z 00402af2 f   umodsys_lib_basesys:umodsys.basesys.rparameters.obj
 0001:00001b3f       ?add_last@RParameters@rsystem@base@UModSys@@IAE_NPAUSParametersData@core@4@PBDPBXH@Z 00402b3f f   umodsys_lib_basesys:umodsys.basesys.rparameters.obj
 0001:00001d03       ?p_deinit@RParameters@rsystem@base@UModSys@@UAEXPAUSParametersData@core@4@@Z 00402d03 f   umodsys_lib_basesys:umodsys.basesys.rparameters.obj
 0001:00001d58       ?p_init@RParameters@rsystem@base@UModSys@@UAEXPAUSParametersData@core@4@H@Z 00402d58 f   umodsys_lib_basesys:umodsys.basesys.rparameters.obj
 0001:00001d9c       ?p_init@RParameters@rsystem@base@UModSys@@UAEXPAUSParametersData@core@4@ABU564@@Z 00402d9c f   umodsys_lib_basesys:umodsys.basesys.rparameters.obj
 0001:00001e23       ?p_copy@RParameters@rsystem@base@UModSys@@UAEXPAUSParametersData@core@4@ABU564@@Z 00402e23 f   umodsys_lib_basesys:umodsys.basesys.rparameters.obj
 0001:00001f15       ?p_init_s@RParameters@rsystem@base@UModSys@@UAEXPAUSParametersData@core@4@PAXH@Z 00402f15 f   umodsys_lib_basesys:umodsys.basesys.rparameters.obj
 0001:00001f3f       ?p_init_s@RParameters@rsystem@base@UModSys@@UAEXPAUSParametersData@core@4@ABU564@PAXH@Z 00402f3f f   umodsys_lib_basesys:umodsys.basesys.rparameters.obj
 0001:00001fa8       ?next@RParameters@rsystem@base@UModSys@@UAE_NPBUSParametersData@core@4@AAPBD@Z 00402fa8 f   umodsys_lib_basesys:umodsys.basesys.rparameters.obj
 0001:0000204b       ?next@RParameters@rsystem@base@UModSys@@UAE_NPBUSParametersData@core@4@AAU?$TString@U?$TSCoreConst@D@su@tl@UModSys@@U?$TComparerBinaryHash@D@234@@tl@4@@Z 0040304b f   umodsys_lib_basesys:umodsys.basesys.rparameters.obj
 0001:000020ec       ?add@RParameters@rsystem@base@UModSys@@UAE_NPAUSParametersData@core@4@PBD1@Z 004030ec f   umodsys_lib_basesys:umodsys.basesys.rparameters.obj
 0001:00002102       ?add@RParameters@rsystem@base@UModSys@@UAE_NPAUSParametersData@core@4@PBDH@Z 00403102 f   umodsys_lib_basesys:umodsys.basesys.rparameters.obj
 0001:00002119       ?add@RParameters@rsystem@base@UModSys@@UAE_NPAUSParametersData@core@4@PBDABN@Z 00403119 f   umodsys_lib_basesys:umodsys.basesys.rparameters.obj
 0001:0000212f       ?add@RParameters@rsystem@base@UModSys@@UAE_NPAUSParametersData@core@4@PBDPAUIRefObject@64@@Z 0040312f f   umodsys_lib_basesys:umodsys.basesys.rparameters.obj
 0001:00002146       ?get@RParameters@rsystem@base@UModSys@@UAE_NPBUSParametersData@core@4@PBDAAPBD@Z 00403146 f   umodsys_lib_basesys:umodsys.basesys.rparameters.obj
 0001:0000219a       ?get@RParameters@rsystem@base@UModSys@@UAE_NPBUSParametersData@core@4@PBDAAH@Z 0040319a f   umodsys_lib_basesys:umodsys.basesys.rparameters.obj
 0001:000021ee       ?get@RParameters@rsystem@base@UModSys@@UAE_NPBUSParametersData@core@4@PBDAAN@Z 004031ee f   umodsys_lib_basesys:umodsys.basesys.rparameters.obj
 0001:00002242       ?get@RParameters@rsystem@base@UModSys@@UAE_NPBUSParametersData@core@4@PBDAAPAUIRefObject@64@@Z 00403242 f   umodsys_lib_basesys:umodsys.basesys.rparameters.obj
 0001:00002296       ??4?$TString@U?$TSCoreConst@D@su@tl@UModSys@@U?$TComparerBinaryHash@D@234@@tl@UModSys@@QAEABU012@PBD@Z 00403296 f i umodsys_lib_basesys:umodsys.basesys.rparameters.obj
 0001:000022b7       ??$shash@D@su@tl@UModSys@@YAHPBD@Z 004032b7 f i umodsys_lib_basesys:umodsys.basesys.rparameters.obj
 0001:000022d3       ??$t_alloc@UIMemAlloc@core@UModSys@@@SMemChunk@core@UModSys@@QAE_NAAUIMemAlloc@12@IPBUSSourceContext@12@@Z 004032d3 f i umodsys_lib_basesys:umodsys.basesys.rparameters.obj
 0001:0000230c       ?pfd_load@RModuleLibrary@rsystem@base@UModSys@@SAPAUIModuleLibraryReg@34@PAUPFD_Data@1234@ABU?$TString@U?$TSCoreConst@D@su@tl@UModSys@@U?$TComparerBinaryHash@D@234@@tl@4@@Z 0040330c f   umodsys_lib_basesys:umodsys.basesys.rmodule.win32.obj
 0001:000023c6       ?pfd_unload@RModuleLibrary@rsystem@base@UModSys@@SA_NPAUPFD_Data@1234@@Z 004033c6 f   umodsys_lib_basesys:umodsys.basesys.rmodule.win32.obj
 0001:000025a6       ??0?$U16String@$0BAAA@@syshlp@core@UModSys@@QAE@PBD@Z 004035a6 f i umodsys_lib_basesys:umodsys.basesys.rmodule.win32.obj
 0001:000025d7       ?get_interface_info@RModuleLibrary@rsystem@base@UModSys@@UBEABUSUniquePointerInfo@core@4@XZ 004035d7 f i umodsys_lib_basesys:umodsys.basesys.rmodulelib.obj
 0001:000025dd       ?get_interface_type@RModuleLibrary@rsystem@base@UModSys@@UBEPBUSUniquePointerInfo@core@4@XZ 004035dd f i umodsys_lib_basesys:umodsys.basesys.rmodulelib.obj
 0001:000025e3       ?get_other_interface@RModuleLibrary@rsystem@base@UModSys@@UBEPBUIRoot@core@4@PBUSUniquePointerInfo@64@@Z 004035e3 f i umodsys_lib_basesys:umodsys.basesys.rmodulelib.obj
 0001:000025e3       ?get_other_interface@RModuleLibrary@rsystem@base@UModSys@@UAEPAUIRoot@core@4@PBUSUniquePointerInfo@64@@Z 004035e3 f i umodsys_lib_basesys:umodsys.basesys.rmodulelib.obj
 0001:00002604       ?ref_add@RModuleLibrary@rsystem@base@UModSys@@UBEXXZ 00403604 f i umodsys_lib_basesys:umodsys.basesys.rmodulelib.obj
 0001:00002608       ?ref_remove@RModuleLibrary@rsystem@base@UModSys@@UBEXXZ 00403608 f i umodsys_lib_basesys:umodsys.basesys.rmodulelib.obj
 0001:00002613       ?ref_links@RModuleLibrary@rsystem@base@UModSys@@UBEHXZ 00403613 f i umodsys_lib_basesys:umodsys.basesys.rmodulelib.obj
 0001:00002617       ?suicide@RModuleLibrary@rsystem@base@UModSys@@UAEXXZ 00403617 f i umodsys_lib_basesys:umodsys.basesys.rmodulelib.obj
 0001:0000262d       ?get_sys_libname@RModuleLibrary@rsystem@base@UModSys@@UBE?AU?$TString@U?$TSCoreConst@D@su@tl@UModSys@@U?$TComparerBinaryHash@D@234@@tl@4@XZ 0040362d f   umodsys_lib_basesys:umodsys.basesys.rmodulelib.obj
 0001:00002645       ?get_privmem@RModuleLibrary@rsystem@base@UModSys@@UBEPAUIMemAlloc@core@4@XZ 00403645 f   umodsys_lib_basesys:umodsys.basesys.rmodulelib.obj
 0001:00002649       ?get_system@RModuleLibrary@rsystem@base@UModSys@@UBEPAUISystem@34@XZ 00403649 f   umodsys_lib_basesys:umodsys.basesys.rmodulelib.obj
 0001:0000264d       ?get_module_count@RModuleLibrary@rsystem@base@UModSys@@UBEIXZ 0040364d f   umodsys_lib_basesys:umodsys.basesys.rmodulelib.obj
 0001:00002651       ?get_module@RModuleLibrary@rsystem@base@UModSys@@UBEPAUIModule@34@I@Z 00403651 f   umodsys_lib_basesys:umodsys.basesys.rmodulelib.obj
 0001:00002667       ?lib_loaded@RModuleLibrary@rsystem@base@UModSys@@UBE_NXZ 00403667 f   umodsys_lib_basesys:umodsys.basesys.rmodulelib.obj
 0001:00002670       ?lib_load@RModuleLibrary@rsystem@base@UModSys@@UAE_NXZ 00403670 f   umodsys_lib_basesys:umodsys.basesys.rmodulelib.obj
 0001:0000268d       ?lib_unload@RModuleLibrary@rsystem@base@UModSys@@UAE_NXZ 0040368d f   umodsys_lib_basesys:umodsys.basesys.rmodulelib.obj
 0001:000026a1       ?lib_free@RModuleLibrary@rsystem@base@UModSys@@UAE_NXZ 004036a1 f   umodsys_lib_basesys:umodsys.basesys.rmodulelib.obj
 0001:000026ba       ?lib_findobjname@RModuleLibrary@rsystem@base@UModSys@@UAEIPBUSUniquePointerInfo@core@4@QAPBU564@I@Z 004036ba f   umodsys_lib_basesys:umodsys.basesys.rmodulelib.obj
 0001:00002708       ?lib_generate@RModuleLibrary@rsystem@base@UModSys@@UAE_NAAU?$TRefObject@UIRefObject@core@UModSys@@@tl@4@PBUSUniquePointerInfo@core@4@ABUSParameters@84@@Z 00403708 f   umodsys_lib_basesys:umodsys.basesys.rmodulelib.obj
 0001:00002743       ?load0@RModuleLibrary@rsystem@base@UModSys@@QAE_NXZ 00403743 f   umodsys_lib_basesys:umodsys.basesys.rmodulelib.obj
 0001:000027a9       ?link@RModuleLibrary@rsystem@base@UModSys@@QAE_NXZ 004037a9 f   umodsys_lib_basesys:umodsys.basesys.rmodulelib.obj
 0001:00002945       ?unlink@RModuleLibrary@rsystem@base@UModSys@@QAE_NXZ 00403945 f   umodsys_lib_basesys:umodsys.basesys.rmodulelib.obj
 0001:00002979       ?scan@RModuleLibrary@rsystem@base@UModSys@@QAE_NXZ 00403979 f   umodsys_lib_basesys:umodsys.basesys.rmodulelib.obj
 0001:000029c8       ?save_db@RModuleLibrary@rsystem@base@UModSys@@QAE_NPAU_iobuf@@@Z 004039c8 f   umodsys_lib_basesys:umodsys.basesys.rmodulelib.obj
 0001:00002a3b       ?s_add@RModuleLibrary@rsystem@base@UModSys@@SA_NPAUISystem@34@AAU?$TDynarrayDynamic@U?$TRefObject@URModuleLibrary@rsystem@base@UModSys@@@tl@UModSys@@U?$TAllocator@USMemAlloc_Malloc@core@UModSys@@USCountCalcPower2@23@@23@@tl@4@PBD@Z 00403a3b f   umodsys_lib_basesys:umodsys.basesys.rmodulelib.obj
 0001:00002b8c       ??0RModuleLibrary@rsystem@base@UModSys@@QAE@PAUISystem@23@PAUPFD_Data@0123@PAUIModuleLibraryReg@23@@Z 00403b8c f   umodsys_lib_basesys:umodsys.basesys.rmodulelib.obj
 0001:00002be5       ??_ERModuleLibrary@rsystem@base@UModSys@@UAEPAXI@Z 00403be5 f i  CIL library: CIL module
 0001:00002be5       ??_GRModuleLibrary@rsystem@base@UModSys@@UAEPAXI@Z 00403be5 f i umodsys_lib_basesys:umodsys.basesys.rmodulelib.obj
 0001:00002c42       ??1?$TString@U?$TSCoreShared@USMemAlloc_Malloc@core@UModSys@@D@su@tl@UModSys@@U?$TComparerBinaryHash@D@234@@tl@UModSys@@QAE@XZ 00403c42 f i umodsys_lib_basesys:umodsys.basesys.rmodulelib.obj
 0001:00002c47       ??1?$TDynarrayDynamic@U?$TRefObject@URModule@rsystem@base@UModSys@@@tl@UModSys@@U?$TAllocator@USMemAlloc_Malloc@core@UModSys@@USCountCalcPower2@23@@23@@tl@UModSys@@QAE@XZ 00403c47 f i umodsys_lib_basesys:umodsys.basesys.rmodulelib.obj
 0001:00002c4c       ??1?$TDynarray@U?$TDynarrayHolderDynamic@U?$TRefObject@URModule@rsystem@base@UModSys@@@tl@UModSys@@U?$TAllocator@USMemAlloc_Malloc@core@UModSys@@USCountCalcPower2@23@@23@@tl@UModSys@@@tl@UModSys@@QAE@XZ 00403c4c f i umodsys_lib_basesys:umodsys.basesys.rmodulelib.obj
 0001:00002c84       ?set@?$TString@U?$TSCoreShared@USMemAlloc_Malloc@core@UModSys@@D@su@tl@UModSys@@U?$TComparerBinaryHash@D@234@@tl@UModSys@@QAEXPBD@Z 00403c84 f i umodsys_lib_basesys:umodsys.basesys.rmodulelib.obj
 0001:00002cfb       ?ResizeRel@?$TDynarray@U?$TDynarrayHolderDynamic@U?$TRefObject@URModule@rsystem@base@UModSys@@@tl@UModSys@@U?$TAllocator@USMemAlloc_Malloc@core@UModSys@@USCountCalcPower2@23@@23@@tl@UModSys@@@tl@UModSys@@QAE_NH@Z 00403cfb f i umodsys_lib_basesys:umodsys.basesys.rmodulelib.obj
 0001:00002d7b       ?info_release@?$TSCoreShared@USMemAlloc_Malloc@core@UModSys@@D@su@tl@UModSys@@QAEXXZ 00403d7b f i umodsys_lib_basesys:umodsys.basesys.rmodulelib.obj
 0001:00002da5       ?get_interface_info@RModule@rsystem@base@UModSys@@UBEABUSUniquePointerInfo@core@4@XZ 00403da5 f i umodsys_lib_basesys:umodsys.basesys.rmodule.obj
 0001:00002dab       ?get_interface_type@RModule@rsystem@base@UModSys@@UBEPBUSUniquePointerInfo@core@4@XZ 00403dab f i umodsys_lib_basesys:umodsys.basesys.rmodule.obj
 0001:00002db1       ?get_other_interface@RModule@rsystem@base@UModSys@@UBEPBUIRoot@core@4@PBUSUniquePointerInfo@64@@Z 00403db1 f i umodsys_lib_basesys:umodsys.basesys.rmodule.obj
 0001:00002db1       ?get_other_interface@RModule@rsystem@base@UModSys@@UAEPAUIRoot@core@4@PBUSUniquePointerInfo@64@@Z 00403db1 f i umodsys_lib_basesys:umodsys.basesys.rmodule.obj
 0001:00002dd2       ?ref_add@RModule@rsystem@base@UModSys@@UBEXXZ 00403dd2 f i umodsys_lib_basesys:umodsys.basesys.rmodule.obj
 0001:00002dd6       ?ref_remove@RModule@rsystem@base@UModSys@@UBEXXZ 00403dd6 f i umodsys_lib_basesys:umodsys.basesys.rmodule.obj
 0001:00002de1       ?ref_links@RModule@rsystem@base@UModSys@@UBEHXZ 00403de1 f i umodsys_lib_basesys:umodsys.basesys.rmodule.obj
 0001:00002de5       ?suicide@RModule@rsystem@base@UModSys@@UAEXXZ 00403de5 f i umodsys_lib_basesys:umodsys.basesys.rmodule.obj
 0001:00002e30       ?get_library@RModule@rsystem@base@UModSys@@UBEPAUIModuleLibrary@34@XZ 00403e30 f   umodsys_lib_basesys:umodsys.basesys.rmodule.obj
 0001:00002e34       ?get_info@RModule@rsystem@base@UModSys@@UBEABUSModuleInfo@34@XZ 00403e34 f   umodsys_lib_basesys:umodsys.basesys.rmodule.obj
 0001:00002e38       ?is_open@RModule@rsystem@base@UModSys@@UBE_NXZ 00403e38 f   umodsys_lib_basesys:umodsys.basesys.rmodule.obj
 0001:00002e51       ?open@RModule@rsystem@base@UModSys@@UAE_NXZ 00403e51 f   umodsys_lib_basesys:umodsys.basesys.rmodule.obj
 0001:00002ea1       ?close@RModule@rsystem@base@UModSys@@UAE_NXZ 00403ea1 f   umodsys_lib_basesys:umodsys.basesys.rmodule.obj
 0001:00002ede       ?reg@RModule@rsystem@base@UModSys@@UAE_NPAUIModObject@34@_N@Z 00403ede f   umodsys_lib_basesys:umodsys.basesys.rmodule.obj
 0001:00002f08       ?reg@RModule@rsystem@base@UModSys@@UAE_NPAUIGenerator@34@_N@Z 00403f08 f   umodsys_lib_basesys:umodsys.basesys.rmodule.obj
 0001:00002f4c       ?mod_findobjname@RModule@rsystem@base@UModSys@@UAEIPBUSUniquePointerInfo@core@4@QAPBU564@I@Z 00403f4c f   umodsys_lib_basesys:umodsys.basesys.rmodule.obj
 0001:00002fc0       ?mod_generate@RModule@rsystem@base@UModSys@@UAE_NAAU?$TRefObject@UIRefObject@core@UModSys@@@tl@4@PBUSUniquePointerInfo@core@4@ABUSParameters@84@@Z 00403fc0 f   umodsys_lib_basesys:umodsys.basesys.rmodule.obj
 0001:000030b2       ?reg_generator@RModule@rsystem@base@UModSys@@QAE_NPAUModuleObjInfo@1234@PAUIGenerator@34@@Z 004040b2 f   umodsys_lib_basesys:umodsys.basesys.rmodule.obj
 0001:000031f2       ?reg_obj@RModule@rsystem@base@UModSys@@QAEPAUModuleObjInfo@1234@PAUIModObject@34@@Z 004041f2 f   umodsys_lib_basesys:umodsys.basesys.rmodule.obj
 0001:000032e6       ?unreg_obj@RModule@rsystem@base@UModSys@@QAE_NPAUIModObject@34@@Z 004042e6 f   umodsys_lib_basesys:umodsys.basesys.rmodule.obj
 0001:00003378       ?alloc_minfo@RModule@rsystem@base@UModSys@@QAE_NABUSModuleInfo@34@@Z 00404378 f   umodsys_lib_basesys:umodsys.basesys.rmodule.obj
 0001:000033eb       ?save_db@RModule@rsystem@base@UModSys@@QAE_NPAU_iobuf@@@Z 004043eb f   umodsys_lib_basesys:umodsys.basesys.rmodule.obj
 0001:00003566       ??0RModule@rsystem@base@UModSys@@QAE@PAURModuleLibrary@123@PAUIModuleReg@23@@Z 00404566 f   umodsys_lib_basesys:umodsys.basesys.rmodule.obj
 0001:00003604       ??_GRModule@rsystem@base@UModSys@@UAEPAXI@Z 00404604 f i umodsys_lib_basesys:umodsys.basesys.rmodule.obj
 0001:00003604       ??_ERModule@rsystem@base@UModSys@@UAEPAXI@Z 00404604 f i  CIL library: CIL module
 0001:00003640       ??1?$TDynarrayDynamic@UModuleObjInfo@RModule@rsystem@base@UModSys@@U?$TAllocator@USMemAlloc_Malloc@core@UModSys@@USCountCalcPower2@23@@tl@5@@tl@UModSys@@QAE@XZ 00404640 f i umodsys_lib_basesys:umodsys.basesys.rmodule.obj
 0001:00003645       ??1?$TDynarrayDynamic@UGeneratedObjInfo@RModule@rsystem@base@UModSys@@U?$TAllocator@USMemAlloc_Malloc@core@UModSys@@USCountCalcPower2@23@@tl@5@@tl@UModSys@@QAE@XZ 00404645 f i umodsys_lib_basesys:umodsys.basesys.rmodule.obj
 0001:0000364a       ??1?$TDynarrayDynamic@PBUSUniquePointerInfo@core@UModSys@@U?$TAllocator@USMemAlloc_Malloc@core@UModSys@@USCountCalcPower2@23@@tl@3@@tl@UModSys@@QAE@XZ 0040464a f i umodsys_lib_basesys:umodsys.basesys.rmodule.obj
 0001:0000364f       ??1?$TDynarray@U?$TDynarrayHolderDynamic@UModuleObjInfo@RModule@rsystem@base@UModSys@@U?$TAllocator@USMemAlloc_Malloc@core@UModSys@@USCountCalcPower2@23@@tl@5@@tl@UModSys@@@tl@UModSys@@QAE@XZ 0040464f f i umodsys_lib_basesys:umodsys.basesys.rmodule.obj
 0001:0000368d       ??1?$TDynarray@U?$TDynarrayHolderDynamic@UGeneratedObjInfo@RModule@rsystem@base@UModSys@@U?$TAllocator@USMemAlloc_Malloc@core@UModSys@@USCountCalcPower2@23@@tl@5@@tl@UModSys@@@tl@UModSys@@QAE@XZ 0040468d f i umodsys_lib_basesys:umodsys.basesys.rmodule.obj
 0001:000036c8       ??1?$TDynarray@U?$TDynarrayHolderDynamic@PBUSUniquePointerInfo@core@UModSys@@U?$TAllocator@USMemAlloc_Malloc@core@UModSys@@USCountCalcPower2@23@@tl@3@@tl@UModSys@@@tl@UModSys@@QAE@XZ 004046c8 f i umodsys_lib_basesys:umodsys.basesys.rmodule.obj
 0001:00003703       ?ResizeRel@?$TDynarray@U?$TDynarrayHolderDynamic@UModuleObjInfo@RModule@rsystem@base@UModSys@@U?$TAllocator@USMemAlloc_Malloc@core@UModSys@@USCountCalcPower2@23@@tl@5@@tl@UModSys@@@tl@UModSys@@QAE_NH@Z 00404703 f i umodsys_lib_basesys:umodsys.basesys.rmodule.obj
 0001:00003785       ?ResizeRel@?$TDynarray@U?$TDynarrayHolderDynamic@UGeneratedObjInfo@RModule@rsystem@base@UModSys@@U?$TAllocator@USMemAlloc_Malloc@core@UModSys@@USCountCalcPower2@23@@tl@5@@tl@UModSys@@@tl@UModSys@@QAE_NH@Z 00404785 f i umodsys_lib_basesys:umodsys.basesys.rmodule.obj
 0001:00003808       ?ResizeRel@?$TDynarray@U?$TDynarrayHolderDynamic@PBUSUniquePointerInfo@core@UModSys@@U?$TAllocator@USMemAlloc_Malloc@core@UModSys@@USCountCalcPower2@23@@tl@3@@tl@UModSys@@@tl@UModSys@@QAE_NH@Z 00404808 f i umodsys_lib_basesys:umodsys.basesys.rmodule.obj
 0001:00003865       ??1ISystem@base@UModSys@@UAE@XZ 00404865 f   umodsys_lib_base:umodsys.base.system.obj
 0001:00003865       ??1IModule@base@UModSys@@UAE@XZ 00404865 f   umodsys_lib_base:umodsys.base.module.obj
 0001:00003865       ??1IModuleLibrary@base@UModSys@@UAE@XZ 00404865 f   umodsys_lib_base:umodsys.base.module.obj
 0001:0000386c       ??0SUniquePointer@core@UModSys@@QAE@PBD0H@Z 0040486c f   umodsys_lib_core:umodsys.core.uniqueptr.obj
 0001:000038ac       ??1SUniquePointer@core@UModSys@@QAE@XZ 004048ac f   umodsys_lib_core:umodsys.core.uniqueptr.obj
 0001:000038ca       ??3IRoot@core@UModSys@@SAXPAXABUSIMemAlloc@12@@Z 004048ca f   umodsys_lib_core:umodsys.core.objects.obj
 0001:000038d8       ?c_fopen@syshlp@core@UModSys@@YAPAU_iobuf@@PBD0@Z 004048d8 f   umodsys_lib_core:umodsys.core.syshlp_files.win32.obj
 0001:00003946       ?gracial_cpy@syshlp@core@UModSys@@YA_NPADHQAPBDH@Z 00404946 f   umodsys_lib_core:umodsys.core.syshlp_chars.win32.obj
 0001:000039c9       ?gracial_cpy@syshlp@core@UModSys@@YA_NPA_WHQAPB_WH@Z 004049c9 f   umodsys_lib_core:umodsys.core.syshlp_chars.win32.obj
 0001:00003a59       ?path_uni_os@syshlp@core@UModSys@@YAXPA_W@Z 00404a59 f   umodsys_lib_core:umodsys.core.syshlp_chars.win32.obj
 0001:00003a70       ?gracial_convert@syshlp@core@UModSys@@YA_NPA_WHPBDH@Z 00404a70 f   umodsys_lib_core:umodsys.core.syshlp_charcode.win32.obj
 0001:00003a9d       ?gracial_convert@syshlp@core@UModSys@@YA_NPADHPB_WH@Z 00404a9d f   umodsys_lib_core:umodsys.core.syshlp_charcode.win32.obj
 0001:00003acd       __onexit                   00404acd f   MSVCRT:atonexit.obj
 0001:00003b72       _atexit                    00404b72 f   MSVCRT:atonexit.obj
 0001:00003e2b       _mainCRTStartup            00404e2b f   MSVCRT:crtexe.obj
 0001:00003e36       __purecall                 00404e36 f   MSVCRT:MSVCR90.dll
 0001:00003e3c       ??_Etype_info@@UAEPAXI@Z   00404e3c f i MSVCRT:ti_inst.obj
 0001:00003e88       ??3@YAXPAX@Z               00404e88 f   MSVCRT:MSVCR90.dll
 0001:00003e8e       __unlock                   00404e8e f   MSVCRT:MSVCR90.dll
 0001:00003e94       ___dllonexit               00404e94 f   MSVCRT:MSVCR90.dll
 0001:00003e9a       __lock                     00404e9a f   MSVCRT:MSVCR90.dll
 0001:00003ea0       __SEH_prolog4              00404ea0 f   MSVCRT:sehprolg4.obj
 0001:00003ee5       __SEH_epilog4              00404ee5 f   MSVCRT:sehprolg4.obj
 0001:00003ef9       __except_handler4          00404ef9 f   MSVCRT:chandler4gs.obj
 0001:00003f1e       ?__CxxUnhandledExceptionFilter@@YGJPAU_EXCEPTION_POINTERS@@@Z 00404f1e f   MSVCRT:unhandld.obj
 0001:00003f60       ___CxxSetUnhandledExceptionFilter 00404f60 f   MSVCRT:unhandld.obj
 0001:00003f6e       __amsg_exit                00404f6e f   MSVCRT:MSVCR90.dll
 0001:00003f74       __RTC_Initialize           00404f74 f   MSVCRT:_initsect_.obj
 0001:00003f9a       __RTC_Terminate            00404f9a f   MSVCRT:_initsect_.obj
 0001:00003fc0       __XcptFilter               00404fc0 f   MSVCRT:MSVCR90.dll
 0001:00003fd0       __ValidateImageBase        00404fd0 f   MSVCRT:pesect.obj
 0001:00004010       __FindPESection            00405010 f   MSVCRT:pesect.obj
 0001:00004060       __IsNonwritableInCurrentImage 00405060 f   MSVCRT:pesect.obj
 0001:0000411e       __initterm                 0040511e f   MSVCRT:MSVCR90.dll
 0001:00004124       __initterm_e               00405124 f   MSVCRT:MSVCR90.dll
 0001:0000412a       __setdefaultprecision      0040512a f   MSVCRT:fp8.obj
 0001:00004155       __setargv                  00405155 f   MSVCRT:dllargv.obj
 0001:00004155       __matherr                  00405155 f   MSVCRT:merr.obj
 0001:00004155       ?ref_links@RConsole_std@rsystem@base@UModSys@@UBEHXZ 00405155 f   umodsys_lib_basesys:umodsys.basesys.rconsole_std.obj
 0001:00004155       ?get_syslib@RSystem@rsystem@base@UModSys@@UAEPAUIModuleLibrary@34@XZ 00405155 f   umodsys_lib_basesys:umodsys.basesys.rsystem.obj
 0001:00004158       ___security_init_cookie    00405158 f   MSVCRT:gs_support.obj
 0001:000041ee       ?__ArrayUnwind@@YGXPAXIHP6EX0@Z@Z 004051ee f   MSVCRT:ehvecdtr.obj
 0001:0000424c       ??_M@YGXPAXIHP6EX0@Z@Z     0040524c f   MSVCRT:ehvecdtr.obj
 0001:000042af       @__security_check_cookie@4 004052af f   MSVCRT:secchk.obj
 0001:000042be       __except_handler4_common   004052be f   MSVCRT:MSVCR90.dll
 0001:000042c4       ?terminate@@YAXXZ          004052c4 f   MSVCRT:MSVCR90.dll
 0001:000042ca       __invoke_watson            004052ca f   MSVCRT:MSVCR90.dll
 0001:000042d0       __controlfp_s              004052d0 f   MSVCRT:MSVCR90.dll
 0001:000042d6       ?_type_info_dtor_internal_method@type_info@@QAEXXZ 004052d6 f   MSVCRT:MSVCR90.dll
 0001:000042d6       ??1type_info@@UAE@XZ       004052d6 f   MSVCRT:MSVCR90.dll
 0001:000042dc       ___report_gsfailure        004052dc f   MSVCRT:gs_report.obj
 0001:000043e2       __crt_debugger_hook        004053e2 f   MSVCRT:MSVCR90.dll
 0001:000043e8       _memcpy                    004053e8 f   MSVCRT:MSVCR90.dll
 0001:000043f0       __alloca_probe             004053f0     MSVCRT:chkstk.obj
 0001:000043f0       __chkstk                   004053f0 f   MSVCRT:chkstk.obj
 0001:0000441c       ___CxxFrameHandler3        0040541c f   MSVCRT:MSVCR90.dll
 0001:00004424       __EH_prolog                00405424 f   MSVCRT:ehprolog.obj
 0001:00004444       __CxxThrowException@8      00405444 f   MSVCRT:MSVCR90.dll
 0002:00000000       __imp__UnhandledExceptionFilter@4 00406000     kernel32:KERNEL32.dll
 0002:00000004       __imp__GetCurrentProcess@0 00406004     kernel32:KERNEL32.dll
 0002:00000008       __imp__TerminateProcess@8  00406008     kernel32:KERNEL32.dll
 0002:0000000c       __imp__GetSystemTimeAsFileTime@4 0040600c     kernel32:KERNEL32.dll
 0002:00000010       __imp__GetCurrentProcessId@0 00406010     kernel32:KERNEL32.dll
 0002:00000014       __imp__GetCurrentThreadId@0 00406014     kernel32:KERNEL32.dll
 0002:00000018       __imp__GetTickCount@0      00406018     kernel32:KERNEL32.dll
 0002:0000001c       __imp__QueryPerformanceCounter@4 0040601c     kernel32:KERNEL32.dll
 0002:00000020       __imp__SetUnhandledExceptionFilter@4 00406020     kernel32:KERNEL32.dll
 0002:00000024       __imp__InterlockedCompareExchange@12 00406024     kernel32:KERNEL32.dll
 0002:00000028       __imp__Sleep@4             00406028     kernel32:KERNEL32.dll
 0002:0000002c       __imp__InterlockedExchange@8 0040602c     kernel32:KERNEL32.dll
 0002:00000030       __imp__MultiByteToWideChar@24 00406030     kernel32:KERNEL32.dll
 0002:00000034       __imp__WideCharToMultiByte@32 00406034     kernel32:KERNEL32.dll
 0002:00000038       __imp__FindNextFileW@8     00406038     kernel32:KERNEL32.dll
 0002:0000003c       __imp__FindClose@4         0040603c     kernel32:KERNEL32.dll
 0002:00000040       __imp__GetProcAddress@8    00406040     kernel32:KERNEL32.dll
 0002:00000044       __imp__LoadLibraryExW@12   00406044     kernel32:KERNEL32.dll
 0002:00000048       __imp__FreeLibrary@4       00406048     kernel32:KERNEL32.dll
 0002:0000004c       __imp__SetErrorMode@4      0040604c     kernel32:KERNEL32.dll
 0002:00000050       __imp__FindFirstFileW@8    00406050     kernel32:KERNEL32.dll
 0002:00000054       __imp__GetFullPathNameW@16 00406054     kernel32:KERNEL32.dll
 0002:00000058       __imp__IsDebuggerPresent@0 00406058     kernel32:KERNEL32.dll
 0002:0000005c       \177KERNEL32_NULL_THUNK_DATA 0040605c     kernel32:KERNEL32.dll
 0002:00000060       __imp__exit                00406060     MSVCRT:MSVCR90.dll
 0002:00000064       __imp____initenv           00406064     MSVCRT:MSVCR90.dll
 0002:00000068       __imp___initterm           00406068     MSVCRT:MSVCR90.dll
 0002:0000006c       __imp___initterm_e         0040606c     MSVCRT:MSVCR90.dll
 0002:00000070       __imp___configthreadlocale 00406070     MSVCRT:MSVCR90.dll
 0002:00000074       __imp____setusermatherr    00406074     MSVCRT:MSVCR90.dll
 0002:00000078       __imp___adjust_fdiv        00406078     MSVCRT:MSVCR90.dll
 0002:0000007c       __imp____p__commode        0040607c     MSVCRT:MSVCR90.dll
 0002:00000080       __imp___XcptFilter         00406080     MSVCRT:MSVCR90.dll
 0002:00000084       __imp____set_app_type      00406084     MSVCRT:MSVCR90.dll
 0002:00000088       __imp___except_handler4_common 00406088     MSVCRT:MSVCR90.dll
 0002:0000008c       __imp_?terminate@@YAXXZ    0040608c     MSVCRT:MSVCR90.dll
 0002:00000090       __imp___invoke_watson      00406090     MSVCRT:MSVCR90.dll
 0002:00000094       __imp___controlfp_s        00406094     MSVCRT:MSVCR90.dll
 0002:00000098       __imp_?_type_info_dtor_internal_method@type_info@@QAEXXZ 00406098     MSVCRT:MSVCR90.dll
 0002:0000009c       __imp___crt_debugger_hook  0040609c     MSVCRT:MSVCR90.dll
 0002:000000a0       __imp___exit               004060a0     MSVCRT:MSVCR90.dll
 0002:000000a4       __imp___cexit              004060a4     MSVCRT:MSVCR90.dll
 0002:000000a8       __imp____getmainargs       004060a8     MSVCRT:MSVCR90.dll
 0002:000000ac       __imp___amsg_exit          004060ac     MSVCRT:MSVCR90.dll
 0002:000000b0       __imp___decode_pointer     004060b0     MSVCRT:MSVCR90.dll
 0002:000000b4       __imp___onexit             004060b4     MSVCRT:MSVCR90.dll
 0002:000000b8       __imp___lock               004060b8     MSVCRT:MSVCR90.dll
 0002:000000bc       __imp___encode_pointer     004060bc     MSVCRT:MSVCR90.dll
 0002:000000c0       __imp____dllonexit         004060c0     MSVCRT:MSVCR90.dll
 0002:000000c4       __imp___unlock             004060c4     MSVCRT:MSVCR90.dll
 0002:000000c8       __imp___wfopen             004060c8     MSVCRT:MSVCR90.dll
 0002:000000cc       __imp__realloc             004060cc     MSVCRT:MSVCR90.dll
 0002:000000d0       __imp__fprintf             004060d0     MSVCRT:MSVCR90.dll
 0002:000000d4       __imp__strncpy             004060d4     MSVCRT:MSVCR90.dll
 0002:000000d8       __imp__strncmp             004060d8     MSVCRT:MSVCR90.dll
 0002:000000dc       __imp_??3@YAXPAX@Z         004060dc     MSVCRT:MSVCR90.dll
 0002:000000e0       __imp___snprintf           004060e0     MSVCRT:MSVCR90.dll
 0002:000000e4       __imp__malloc              004060e4     MSVCRT:MSVCR90.dll
 0002:000000e8       __imp__free                004060e8     MSVCRT:MSVCR90.dll
 0002:000000ec       __imp__fclose              004060ec     MSVCRT:MSVCR90.dll
 0002:000000f0       __imp__vfprintf            004060f0     MSVCRT:MSVCR90.dll
 0002:000000f4       __imp___purecall           004060f4     MSVCRT:MSVCR90.dll
 0002:000000f8       __imp____p__fmode          004060f8     MSVCRT:MSVCR90.dll
 0002:000000fc       __imp____iob_func          004060fc     MSVCRT:MSVCR90.dll
 0002:00000100       __imp__memcpy              00406100     MSVCRT:MSVCR90.dll
 0002:00000104       __imp____CxxFrameHandler3  00406104     MSVCRT:MSVCR90.dll
 0002:00000108       __imp___CxxThrowException@8 00406108     MSVCRT:MSVCR90.dll
 0002:0000010c       \177MSVCR90_NULL_THUNK_DATA 0040610c     MSVCRT:MSVCR90.dll
 0002:00000110       ___xc_a                    00406110     MSVCRT:cinitexe.obj
 0002:00000168       ___xc_z                    00406168     MSVCRT:cinitexe.obj
 0002:0000016c       ___xi_a                    0040616c     MSVCRT:cinitexe.obj
 0002:00000178       ___xi_z                    00406178     MSVCRT:cinitexe.obj
 0002:00000184       ??_7type_info@@6B@         00406184     MSVCRT:ti_inst.obj
 0002:00000190       ??_C@_0P@GHFPNOJB@bad?5allocation?$AA@ 00406190     umodsys.c_main.obj
 0002:000001a0       ??_C@_0BF@OCNNAADO@UModSys?3?3core?3?3IRoot?$AA@ 004061a0     umodsys.c_main.obj
 0002:000001b8       ??_C@_0BK@EMIJFOPA@UModSys?3?3core?3?3IRefObject?$AA@ 004061b8     umodsys.c_main.obj
 0002:000001d4       ??_C@_0BL@IOMMHELF@UModSys?3?3core?3?3IParameters?$AA@ 004061d4     umodsys.c_main.obj
 0002:000001f0       ??_C@_0BI@IKAOEFAP@UModSys?3?3base?3?3IConsole?$AA@ 004061f0     umodsys.c_main.obj
 0002:00000208       ??_C@_0BH@LKDEEPPM@UModSys?3?3base?3?3IModule?$AA@ 00406208     umodsys.c_main.obj
 0002:00000220       ??_C@_0BO@PHJOHFCB@UModSys?3?3base?3?3IModuleLibrary?$AA@ 00406220     umodsys.c_main.obj
 0002:00000240       ??_C@_0BH@PFCONEJJ@UModSys?3?3base?3?3ISystem?$AA@ 00406240     umodsys.c_main.obj
 0002:00000258       ??_C@_0BK@FDPIOPHG@UModSys?3?3base?3?3IModObject?$AA@ 00406258     umodsys.c_main.obj
 0002:00000274       ??_C@_0BK@OIBKNCKJ@UModSys?3?3base?3?3IGenerator?$AA@ 00406274     umodsys.c_main.obj
 0002:00000290       ??_C@_0BG@PJBGCMEC@UModSys?3?3base?3?3IShell?$AA@ 00406290     umodsys.c_main.obj
 0002:000002a8       ??_C@_0CA@MDFMKLLN@UModSys?3?3base?3?3rsystem?3?3RModule?$AA@ 004062a8     umodsys.c_main.obj
 0002:000002c8       ??_C@_0CH@CHECIBOC@UModSys?3?3base?3?3rsystem?3?3RModuleL@ 004062c8     umodsys.c_main.obj
 0002:000002f0       ??_C@_0CE@IHGMMEEA@UModSys?3?3base?3?3rsystem?3?3RParamet@ 004062f0     umodsys.c_main.obj
 0002:00000314       ??_C@_0CA@IMEGDANI@UModSys?3?3base?3?3rsystem?3?3RSystem?$AA@ 00406314     umodsys.c_main.obj
 0002:00000334       ??_C@_0CF@KIMLNODL@UModSys?3?3base?3?3rsystem?3?3RConsole@ 00406334     umodsys.c_main.obj
 0002:0000035c       ??_C@_0M@DCEPEPFJ@umodsys?4log?$AA@ 0040635c     umodsys.c_main.obj
 0002:00000368       ??_C@_00CNPNBAHC@?$AA@     00406368     umodsys.c_main.obj
 0002:0000036c       ??_C@_01NBENCBCI@?$CK?$AA@ 0040636c     umodsys.c_main.obj
 0002:00000370       ??_C@_0BC@JABDEAFI@moduledb?4conf?9hdb?$AA@ 00406370     umodsys.c_main.obj
 0002:00000384       ??_C@_08FCBDOIAH@typeinfo?$AA@ 00406384     umodsys.c_main.obj
 0002:00000390       ??_C@_02BKFDOEMK@wt?$AA@   00406390     umodsys_lib_basesys:umodsys.basesys.rconsole_std.obj
 0002:00000398       ??_7IRoot@core@UModSys@@6B@ 00406398     umodsys_lib_basesys:umodsys.basesys.rconsole_std.obj
 0002:000003bc       ??_7RConsole_std@rsystem@base@UModSys@@6B@ 004063bc     umodsys_lib_basesys:umodsys.basesys.rconsole_std.obj
 0002:000003fc       ??_C@_04HIBGFPH@NULL?$AA@  004063fc     umodsys_lib_basesys:umodsys.basesys.rsystem_main.obj
 0002:00000404       ??_C@_0L@FPKIMPHA@?$CD?$CF08x?5?$CC?$CFs?$CC?$AA@ 00406404     umodsys_lib_basesys:umodsys.basesys.rsystem_main.obj
 0002:00000410       ??_C@_0BC@HBJCAHHB@EFatal?5?$CD?$CF08x?5?$CC?$CFs?$CC?$AA@ 00406410     umodsys_lib_basesys:umodsys.basesys.rsystem_main.obj
 0002:00000424       ??_C@_0BE@IIJFBNID@EWarning?5?$CD?$CF08x?5?$CC?$CFs?$CC?$AA@ 00406424     umodsys_lib_basesys:umodsys.basesys.rsystem_main.obj
 0002:00000438       ??_C@_0BB@KFMJENMO@RSystem?3?3init?$CI?$CJ?6?$AA@ 00406438     umodsys_lib_basesys:umodsys.basesys.rsystem_main.obj
 0002:0000044c       ??_C@_0BI@FKDCNCM@RSystem?3?3exec_args?$CI?$CFd?$CJ?6?$AA@ 0040644c     umodsys_lib_basesys:umodsys.basesys.rsystem_main.obj
 0002:00000464       ??_C@_0BG@NFAKDFBG@RSystem?3?3exec_main?$CI?$CJ?6?$AA@ 00406464     umodsys_lib_basesys:umodsys.basesys.rsystem_main.obj
 0002:0000047c       ??_C@_0BD@CKNOJECK@RSystem?3?3deinit?$CI?$CJ?6?$AA@ 0040647c     umodsys_lib_basesys:umodsys.basesys.rsystem_main.obj
 0002:00000490       ??_C@_0CF@JPBAHPOH@RSystem?3?3dump_upis?$CI?$CJ?5?$HLS?3?$CFd?5C?3?$CFd?$HN@ 00406490     umodsys_lib_basesys:umodsys.basesys.rsystem_main.obj
 0002:000004b8       ??_C@_0P@IOHPGEIC@?5?5?$CFu?5upi?5NULL?6?$AA@ 004064b8     umodsys_lib_basesys:umodsys.basesys.rsystem_main.obj
 0002:000004c8       ??_C@_0BI@BNCFOLP@?5?5?$CFu?5?$CFp?5upi?$HL?$CFs?5?$CFs?$CI?$CFd?$CJ?$HN?6?$AA@ 004064c8     umodsys_lib_basesys:umodsys.basesys.rsystem_main.obj
 0002:000004e0       ??_C@_0BJ@LINIAOAF@RSystem?3?3dump_upis?$CI?$CJ?5?1?5?6?$AA@ 004064e0     umodsys_lib_basesys:umodsys.basesys.rsystem_main.obj
 0002:00000500       ??_7EExceptionBase@core@UModSys@@6B@ 00406500     umodsys_lib_basesys:umodsys.basesys.rsystem_main.obj
 0002:0000050c       ??_7EFatal@core@UModSys@@6B@ 0040650c     umodsys_lib_basesys:umodsys.basesys.rsystem_main.obj
 0002:00000518       ??_7EWarning@core@UModSys@@6B@ 00406518     umodsys_lib_basesys:umodsys.basesys.rsystem_main.obj
 0002:00000524       ??_7?$TRMemAlloc_CC@U?$TMemAllocHeader@USMagic@mem_headers@rsystem@base@UModSys@@U?$TPool@X@2345@USDebug@2345@UVoid@core@5@@rsystem@base@UModSys@@USMemAlloc_Malloc@core@4@@rsystem@base@UModSys@@6B@ 00406524     umodsys_lib_basesys:umodsys.basesys.rsystem_main.obj
 0002:00000534       ??_7RSystem@rsystem@base@UModSys@@6BISystem@23@@ 00406534     umodsys_lib_basesys:umodsys.basesys.rsystem_main.obj
 0002:00000574       ??_7RSystem@rsystem@base@UModSys@@6BIUniquePointerResolver@core@3@@ 00406574     umodsys_lib_basesys:umodsys.basesys.rsystem_main.obj
 0002:00000580       ??_7RSystem@rsystem@base@UModSys@@6BISourceContextAdapter@core@3@@ 00406580     umodsys_lib_basesys:umodsys.basesys.rsystem_main.obj
 0002:00000584       ??_C@_0BC@NNHIIPO@shells?5found?3?5?$CFd?6?$AA@ 00406584     umodsys_lib_basesys:umodsys.basesys.rsystem_tests.obj
 0002:00000598       ??_C@_0BA@EBBPOIJG@?5?5shell?3?5?$CFp?5?$CFs?6?$AA@ 00406598     umodsys_lib_basesys:umodsys.basesys.rsystem_tests.obj
 0002:000005a8       ??_C@_0BF@JPMHOAKE@?5?5?5?5shell?5gen?5error?6?$AA@ 004065a8     umodsys_lib_basesys:umodsys.basesys.rsystem_tests.obj
 0002:000005c0       ??_C@_0BL@NANLGMEE@?5?5?5?5shell?5generated?5as?5?$CFp?6?$AA@ 004065c0     umodsys_lib_basesys:umodsys.basesys.rsystem_tests.obj
 0002:000005dc       ??_C@_0BD@NFNPGOAG@?1shells?5found?3?5?$CFd?6?$AA@ 004065dc     umodsys_lib_basesys:umodsys.basesys.rsystem_tests.obj
 0002:000005f0       ??_C@_0DG@DMGFJEPO@RModuleLoader?3?3moduledb_cleanup?$CI@ 004065f0     umodsys_lib_basesys:umodsys.basesys.rmoduleloader.obj
 0002:00000628       ??_C@_02GMLFBBN@wb?$AA@    00406628     umodsys_lib_basesys:umodsys.basesys.rmoduleloader.obj
 0002:0000062c       ??_C@_0BN@BDEAMLC@?$CD?5LIST?5OF?5LIBRARY?5MODULES?3?6?6?$AA@ 0040662c     umodsys_lib_basesys:umodsys.basesys.rmoduleloader.obj
 0002:0000064c       ??_C@_0BF@PLOHEFDA@?5?$HL?5mod_list?$DN?$CFd?3?$FL?$FN?5?$HN?6?$AA@ 0040664c     umodsys_lib_basesys:umodsys.basesys.rmoduleloader.obj
 0002:0000066c       ??_7IModuleLoader@base@UModSys@@6B@ 0040666c     umodsys_lib_basesys:umodsys.basesys.rmoduleloader.obj
 0002:000006ac       ??_7RModuleLoader@rsystem@base@UModSys@@6B@ 004066ac     umodsys_lib_basesys:umodsys.basesys.rmoduleloader.obj
 0002:000006ec       ??_7RParameters@rsystem@base@UModSys@@6B@ 004066ec     umodsys_lib_basesys:umodsys.basesys.rparameters.obj
 0002:00000754       ??_C@_0BJ@IHGOMCFA@_UModSys_Plugin_Entry2?$EA0?$AA@ 00406754     umodsys_lib_basesys:umodsys.basesys.rmodule.win32.obj
 0002:00000770       ??_C@_0CI@IABKIJLA@?5?5?5?5?5?5?5?5?5?5load?5so?$CI?$CC?$CFs?$CC?$CJ?5?$HL?$CFp?0?5?$CFp?$HN@ 00406770     umodsys_lib_basesys:umodsys.basesys.rmodule.win32.obj
 0002:00000798       ??_C@_0BP@EBMDLOGD@?5?5?5?5?5?5?5?5?5?5unload?5so?$CI?$HL?$CFp?0?5?$CFp?$HN?$CJ?6?$AA@ 00406798     umodsys_lib_basesys:umodsys.basesys.rmodule.win32.obj
 0002:000007b8       ??_C@_0BB@GJHPNFEC@scan?5so?3?5?$CC?$CFs?$CFs?$CC?6?$AA@ 004067b8     umodsys_lib_basesys:umodsys.basesys.rmodule.win32.obj
 0002:000007cc       ??_C@_0N@LFKMDJGP@?5?5so?3?5?$CC?$CFls?$CC?6?$AA@ 004067cc     umodsys_lib_basesys:umodsys.basesys.rmodule.win32.obj
 0002:000007dc       ??_C@_0BC@GMLCPHOK@?1scan?5so?3?5?$CC?$CFs?$CFs?$CC?6?$AA@ 004067dc     umodsys_lib_basesys:umodsys.basesys.rmodule.win32.obj
 0002:000007f0       ??_C@_04HLONOPDM@?4dll?$AA@ 004067f0     umodsys_lib_basesys:umodsys.basesys.rmodule.win32.obj
 0002:000007f8       ??_C@_0CK@FNJGHFOD@RModuleLibrary?$CI?$CFp?$CJ?3?3link?$CI?$CJ?5?9?9?5ad@ 004067f8     umodsys_lib_basesys:umodsys.basesys.rmodulelib.obj
 0002:00000824       ??_C@_0BA@LBGMEMKJ@LIBRARY?5?$CC?$CFs?$CC?5?$HL?6?$AA@ 00406824     umodsys_lib_basesys:umodsys.basesys.rmodulelib.obj
 0002:00000834       ??_C@_0BH@CLNAAMEM@?$HN?5?$CD?5END?5LIBRARY?5?$CC?$CFs?$CC?6?6?$AA@ 00406834     umodsys_lib_basesys:umodsys.basesys.rmodulelib.obj
 0002:0000084c       ??_C@_0M@KEHKBKEH@?5?5so?3?5?$CC?$CFs?$CC?6?$AA@ 0040684c     umodsys_lib_basesys:umodsys.basesys.rmodulelib.obj
 0002:00000858       ??_C@_0BF@IKAEAMGP@?5?5?5?5so?5loaded?3?5?$CC?$CFs?$CC?6?$AA@ 00406858     umodsys_lib_basesys:umodsys.basesys.rmodulelib.obj
 0002:00000870       ??_C@_0O@MCPOKEFF@?5?5?5?5so?5added?6?$AA@ 00406870     umodsys_lib_basesys:umodsys.basesys.rmodulelib.obj
 0002:00000880       ??_C@_0BE@BFONLBBI@?5?5?5?5so?5dup?5with?5?$CFd?6?$AA@ 00406880     umodsys_lib_basesys:umodsys.basesys.rmodulelib.obj
 0002:0000089c       ??_7RModuleLibrary@rsystem@base@UModSys@@6B@ 0040689c     umodsys_lib_basesys:umodsys.basesys.rmodulelib.obj
 0002:000008f0       ??_C@_0BF@KDHHIHAN@RModule?$CI?$CFp?$CJ?3?3open?$CI?$CJ?6?$AA@ 004068f0     umodsys_lib_basesys:umodsys.basesys.rmodule.obj
 0002:00000908       ??_C@_0BG@HADBHJOP@RModule?$CI?$CFp?$CJ?3?3close?$CI?$CJ?6?$AA@ 00406908     umodsys_lib_basesys:umodsys.basesys.rmodule.obj
 0002:00000920       ??_C@_0BK@FNONNOFM@RModule?$CI?$CFp?$CJ?3?3?5pre?9loaded?6?$AA@ 00406920     umodsys_lib_basesys:umodsys.basesys.rmodule.obj
 0002:0000093c       ??_C@_0CE@HBBEEAED@RModule?$CI?$CFp?$CJ?3?3generate?$CI?$CJ?5?$HL?5gen?$DN?$CFp@ 0040693c     umodsys_lib_basesys:umodsys.basesys.rmodule.obj
 0002:00000960       ??_C@_0DL@FHDKGKAD@RModule?$CI?$CFp?$CJ?3?3reg_generator?$CI?$CFs?5?$CFp@ 00406960     umodsys_lib_basesys:umodsys.basesys.rmodule.obj
 0002:0000099c       ??_C@_0DL@ECFHLNEB@RModule?$CI?$CFp?$CJ?3?3reg_generator?$CI?$CFs?5?$CFp@ 0040699c     umodsys_lib_basesys:umodsys.basesys.rmodule.obj
 0002:000009d8       ??_C@_0DI@EBNLDEPD@RModule?$CI?$CFp?$CJ?3?3reg_obj?$CI?$CFs?5?$CFp?$CJ?5?9?9?5?$HL@ 004069d8     umodsys_lib_basesys:umodsys.basesys.rmodule.obj
 0002:00000a10       ??_C@_0GC@IAELDHPB@RModule?$CI?$CFp?$CJ?3?3reg_obj?$CI?$CFs?5?$CFp?$CJ?5?9?9?5i@ 00406a10     umodsys_lib_basesys:umodsys.basesys.rmodule.obj
 0002:00000a74       ??_C@_0CM@JCLMIGEB@RModule?$CI?$CFp?$CJ?3?3reg_obj?$CI?$CFs?5?$CFp?$CJ?5?9?9?5a@ 00406a74     umodsys_lib_basesys:umodsys.basesys.rmodule.obj
 0002:00000aa0       ??_C@_0DK@NJCECDIC@RModule?$CI?$CFp?$CJ?3?3unreg_obj?$CI?$CFs?5?$CFp?$CJ?5?9?9@ 00406aa0     umodsys_lib_basesys:umodsys.basesys.rmodule.obj
 0002:00000ae0       ??_C@_0GE@MGLAJHFG@RModule?$CI?$CFp?$CJ?3?3unreg_obj?$CI?$CFs?5?$CFp?$CJ?5?9?9@ 00406ae0     umodsys_lib_basesys:umodsys.basesys.rmodule.obj
 0002:00000b44       ??_C@_0CO@DAMPCAGA@RModule?3?3alloc_minfo?$CI?$HL?$CC?$CFs?$CC?0?5?$CC?$CFs?$CC@ 00406b44     umodsys_lib_basesys:umodsys.basesys.rmodule.obj
 0002:00000b74       ??_C@_0BG@HANHHGHE@?5?5MODULE?5?$CFs?$CI?$CFd?0?$CFd?$CJ?5?$HL?6?$AA@ 00406b74     umodsys_lib_basesys:umodsys.basesys.rmodule.obj
 0002:00000b8c       ??_C@_0CI@FMDENPAM@RModule?$CI?$CFp?$CJ?3?3save_db?$CI?4?4?4?$CJ?5?9?9?5?$HL?5?$CF@ 00406b8c     umodsys_lib_basesys:umodsys.basesys.rmodule.obj
 0002:00000bb4       ??_C@_0BN@CFNKPKCH@?5?5?5?5MODOBJECT?5?$CFs?$CI?$CFd?$CJ?5?$CFs?$CI?$CFd?$CJ?6?$AA@ 00406bb4     umodsys_lib_basesys:umodsys.basesys.rmodule.obj
 0002:00000bd4       ??_C@_0BP@BJFGMFNK@?5?5?5?5GENERATOR?5?$CFs?$CI?$CFd?$CJ?5?$CFs?$CI?$CFd?$CJ?5?$HL?6?$AA@ 00406bd4     umodsys_lib_basesys:umodsys.basesys.rmodule.obj
 0002:00000bf4       ??_C@_0BK@DNNMLLHP@?5?5?5?5?5?5REFOBJECT?5?$CFs?$CI?$CFd?$CJ?5?$HL?6?$AA@ 00406bf4     umodsys_lib_basesys:umodsys.basesys.rmodule.obj
 0002:00000c10       ??_C@_0BF@CJPCFEEB@?5?5?5?5?5?5?5?5TYPE?5?$CFs?$CI?$CFd?$CJ?6?$AA@ 00406c10     umodsys_lib_basesys:umodsys.basesys.rmodule.obj
 0002:00000c28       ??_C@_0BM@PFPEFHDC@?5?5?5?5?5?5?$HN?5?$CD?5REFOBJECT?5?$CFs?$CI?$CFd?$CJ?6?$AA@ 00406c28     umodsys_lib_basesys:umodsys.basesys.rmodule.obj
 0002:00000c44       ??_C@_0CB@PCDHJLII@?5?5?5?5?$HN?5?$CD?5GENERATOR?5?$CFs?$CI?$CFd?$CJ?5?$CFs?$CI?$CFd?$CJ?6@ 00406c44     umodsys_lib_basesys:umodsys.basesys.rmodule.obj
 0002:00000c68       ??_C@_0BI@OGBPJMLO@?5?5?$HN?5?$CD?5MODULE?5?$CFs?$CI?$CFd?0?$CFd?$CJ?6?$AA@ 00406c68     umodsys_lib_basesys:umodsys.basesys.rmodule.obj
 0002:00000c84       ??_7RModule@rsystem@base@UModSys@@6B@ 00406c84     umodsys_lib_basesys:umodsys.basesys.rmodule.obj
 0002:00000cd0       __load_config_used         00406cd0     MSVCRT:loadcfg.obj
 0002:00000d18       ??_R4type_info@@6B@        00406d18     MSVCRT:ti_inst.obj
 0002:00000d2c       ??_R3type_info@@8          00406d2c     MSVCRT:ti_inst.obj
 0002:00000d3c       ??_R2type_info@@8          00406d3c     MSVCRT:ti_inst.obj
 0002:00000d44       ??_R1A@?0A@EA@type_info@@8 00406d44     MSVCRT:ti_inst.obj
 0002:00000d60       ??_R4RConsole_std@rsystem@base@UModSys@@6B@ 00406d60     umodsys_lib_basesys:umodsys.basesys.rconsole_std.obj
 0002:00000d74       ??_R3RConsole_std@rsystem@base@UModSys@@8 00406d74     umodsys_lib_basesys:umodsys.basesys.rconsole_std.obj
 0002:00000d84       ??_R2RConsole_std@rsystem@base@UModSys@@8 00406d84     umodsys_lib_basesys:umodsys.basesys.rconsole_std.obj
 0002:00000d98       ??_R1A@?0A@EA@RConsole_std@rsystem@base@UModSys@@8 00406d98     umodsys_lib_basesys:umodsys.basesys.rconsole_std.obj
 0002:00000db4       ??_R3IConsole@base@UModSys@@8 00406db4     umodsys_lib_basesys:umodsys.basesys.rconsole_std.obj
 0002:00000dc4       ??_R2IConsole@base@UModSys@@8 00406dc4     umodsys_lib_basesys:umodsys.basesys.rconsole_std.obj
 0002:00000dd4       ??_R1A@?0A@EA@IConsole@base@UModSys@@8 00406dd4     umodsys_lib_basesys:umodsys.basesys.rconsole_std.obj
 0002:00000df0       ??_R3IRefObject@core@UModSys@@8 00406df0     umodsys_lib_basesys:umodsys.basesys.rconsole_std.obj
 0002:00000e00       ??_R2IRefObject@core@UModSys@@8 00406e00     umodsys_lib_basesys:umodsys.basesys.rconsole_std.obj
 0002:00000e0c       ??_R1A@?0A@EA@IRefObject@core@UModSys@@8 00406e0c     umodsys_lib_basesys:umodsys.basesys.rconsole_std.obj
 0002:00000e28       ??_R4IRoot@core@UModSys@@6B@ 00406e28     umodsys_lib_basesys:umodsys.basesys.rconsole_std.obj
 0002:00000e3c       ??_R3IRoot@core@UModSys@@8 00406e3c     umodsys_lib_basesys:umodsys.basesys.rconsole_std.obj
 0002:00000e4c       ??_R2IRoot@core@UModSys@@8 00406e4c     umodsys_lib_basesys:umodsys.basesys.rconsole_std.obj
 0002:00000e54       ??_R1A@?0A@EA@IRoot@core@UModSys@@8 00406e54     umodsys_lib_basesys:umodsys.basesys.rconsole_std.obj
 0002:00000e70       ??_R4RSystem@rsystem@base@UModSys@@6BISourceContextAdapter@core@3@@ 00406e70     umodsys_lib_basesys:umodsys.basesys.rsystem_main.obj
 0002:00000e84       ??_R4RSystem@rsystem@base@UModSys@@6BIUniquePointerResolver@core@3@@ 00406e84     umodsys_lib_basesys:umodsys.basesys.rsystem_main.obj
 0002:00000e98       ??_R4RSystem@rsystem@base@UModSys@@6BISystem@23@@ 00406e98     umodsys_lib_basesys:umodsys.basesys.rsystem_main.obj
 0002:00000eac       ??_R3RSystem@rsystem@base@UModSys@@8 00406eac     umodsys_lib_basesys:umodsys.basesys.rsystem_main.obj
 0002:00000ebc       ??_R2RSystem@rsystem@base@UModSys@@8 00406ebc     umodsys_lib_basesys:umodsys.basesys.rsystem_main.obj
 0002:00000ed4       ??_R17?0A@EA@ISourceContextAdapter@core@UModSys@@8 00406ed4     umodsys_lib_basesys:umodsys.basesys.rsystem_main.obj
 0002:00000ef0       ??_R13?0A@EA@IUniquePointerResolver@core@UModSys@@8 00406ef0     umodsys_lib_basesys:umodsys.basesys.rsystem_main.obj
 0002:00000f0c       ??_R1A@?0A@EA@RSystem@rsystem@base@UModSys@@8 00406f0c     umodsys_lib_basesys:umodsys.basesys.rsystem_main.obj
 0002:00000f28       ??_R4?$TRMemAlloc_CC@U?$TMemAllocHeader@USMagic@mem_headers@rsystem@base@UModSys@@U?$TPool@X@2345@USDebug@2345@UVoid@core@5@@rsystem@base@UModSys@@USMemAlloc_Malloc@core@4@@rsystem@base@UModSys@@6B@ 00406f28     umodsys_lib_basesys:umodsys.basesys.rsystem_main.obj
 0002:00000f3c       ??_R3?$TRMemAlloc_CC@U?$TMemAllocHeader@USMagic@mem_headers@rsystem@base@UModSys@@U?$TPool@X@2345@USDebug@2345@UVoid@core@5@@rsystem@base@UModSys@@USMemAlloc_Malloc@core@4@@rsystem@base@UModSys@@8 00406f3c     umodsys_lib_basesys:umodsys.basesys.rsystem_main.obj
 0002:00000f4c       ??_R2?$TRMemAlloc_CC@U?$TMemAllocHeader@USMagic@mem_headers@rsystem@base@UModSys@@U?$TPool@X@2345@USDebug@2345@UVoid@core@5@@rsystem@base@UModSys@@USMemAlloc_Malloc@core@4@@rsystem@base@UModSys@@8 00406f4c     umodsys_lib_basesys:umodsys.basesys.rsystem_main.obj
 0002:00000f5c       ??_R13?0A@EA@SMemAlloc_Malloc@core@UModSys@@8 00406f5c     umodsys_lib_basesys:umodsys.basesys.rsystem_main.obj
 0002:00000f78       ??_R3SMemAlloc_Malloc@core@UModSys@@8 00406f78     umodsys_lib_basesys:umodsys.basesys.rsystem_main.obj
 0002:00000f88       ??_R2SMemAlloc_Malloc@core@UModSys@@8 00406f88     umodsys_lib_basesys:umodsys.basesys.rsystem_main.obj
 0002:00000f90       ??_R1A@?0A@EA@SMemAlloc_Malloc@core@UModSys@@8 00406f90     umodsys_lib_basesys:umodsys.basesys.rsystem_main.obj
 0002:00000fac       ??_R1A@?0A@EA@?$TRMemAlloc_CC@U?$TMemAllocHeader@USMagic@mem_headers@rsystem@base@UModSys@@U?$TPool@X@2345@USDebug@2345@UVoid@core@5@@rsystem@base@UModSys@@USMemAlloc_Malloc@core@4@@rsystem@base@UModSys@@8 00406fac     umodsys_lib_basesys:umodsys.basesys.rsystem_main.obj
 0002:00000fc8       ??_R3IUniquePointerResolver@core@UModSys@@8 00406fc8     umodsys_lib_basesys:umodsys.basesys.rsystem_main.obj
 0002:00000fd8       ??_R2IUniquePointerResolver@core@UModSys@@8 00406fd8     umodsys_lib_basesys:umodsys.basesys.rsystem_main.obj
 0002:00000fe0       ??_R1A@?0A@EA@IUniquePointerResolver@core@UModSys@@8 00406fe0     umodsys_lib_basesys:umodsys.basesys.rsystem_main.obj
 0002:00000ffc       ??_R3ISourceContextAdapter@core@UModSys@@8 00406ffc     umodsys_lib_basesys:umodsys.basesys.rsystem_main.obj
 0002:0000100c       ??_R2ISourceContextAdapter@core@UModSys@@8 0040700c     umodsys_lib_basesys:umodsys.basesys.rsystem_main.obj
 0002:00001014       ??_R1A@?0A@EA@ISourceContextAdapter@core@UModSys@@8 00407014     umodsys_lib_basesys:umodsys.basesys.rsystem_main.obj
 0002:00001030       ??_R3ISystem@base@UModSys@@8 00407030     umodsys_lib_basesys:umodsys.basesys.rsystem_main.obj
 0002:00001040       ??_R2ISystem@base@UModSys@@8 00407040     umodsys_lib_basesys:umodsys.basesys.rsystem_main.obj
 0002:0000104c       ??_R1A@?0A@EA@ISystem@base@UModSys@@8 0040704c     umodsys_lib_basesys:umodsys.basesys.rsystem_main.obj
 0002:00001068       ??_R3IMemAlloc@core@UModSys@@8 00407068     umodsys_lib_basesys:umodsys.basesys.rsystem_main.obj
 0002:00001078       ??_R2IMemAlloc@core@UModSys@@8 00407078     umodsys_lib_basesys:umodsys.basesys.rsystem_main.obj
 0002:00001080       ??_R1A@?0A@EA@IMemAlloc@core@UModSys@@8 00407080     umodsys_lib_basesys:umodsys.basesys.rsystem_main.obj
 0002:0000109c       ??_R4EWarning@core@UModSys@@6B@ 0040709c     umodsys_lib_basesys:umodsys.basesys.rsystem_main.obj
 0002:000010b0       ??_R3EWarning@core@UModSys@@8 004070b0     umodsys_lib_basesys:umodsys.basesys.rsystem_main.obj
 0002:000010c0       ??_R2EWarning@core@UModSys@@8 004070c0     umodsys_lib_basesys:umodsys.basesys.rsystem_main.obj
 0002:000010cc       ??_R1A@?0A@EA@EWarning@core@UModSys@@8 004070cc     umodsys_lib_basesys:umodsys.basesys.rsystem_main.obj
 0002:000010e8       ??_R4EFatal@core@UModSys@@6B@ 004070e8     umodsys_lib_basesys:umodsys.basesys.rsystem_main.obj
 0002:000010fc       ??_R3EFatal@core@UModSys@@8 004070fc     umodsys_lib_basesys:umodsys.basesys.rsystem_main.obj
 0002:0000110c       ??_R2EFatal@core@UModSys@@8 0040710c     umodsys_lib_basesys:umodsys.basesys.rsystem_main.obj
 0002:00001118       ??_R1A@?0A@EA@EFatal@core@UModSys@@8 00407118     umodsys_lib_basesys:umodsys.basesys.rsystem_main.obj
 0002:00001134       ??_R4EExceptionBase@core@UModSys@@6B@ 00407134     umodsys_lib_basesys:umodsys.basesys.rsystem_main.obj
 0002:00001148       ??_R3EExceptionBase@core@UModSys@@8 00407148     umodsys_lib_basesys:umodsys.basesys.rsystem_main.obj
 0002:00001158       ??_R2EExceptionBase@core@UModSys@@8 00407158     umodsys_lib_basesys:umodsys.basesys.rsystem_main.obj
 0002:00001160       ??_R1A@?0A@EA@EExceptionBase@core@UModSys@@8 00407160     umodsys_lib_basesys:umodsys.basesys.rsystem_main.obj
 0002:0000117c       ??_R4RModuleLoader@rsystem@base@UModSys@@6B@ 0040717c     umodsys_lib_basesys:umodsys.basesys.rmoduleloader.obj
 0002:00001190       ??_R3RModuleLoader@rsystem@base@UModSys@@8 00407190     umodsys_lib_basesys:umodsys.basesys.rmoduleloader.obj
 0002:000011a0       ??_R2RModuleLoader@rsystem@base@UModSys@@8 004071a0     umodsys_lib_basesys:umodsys.basesys.rmoduleloader.obj
 0002:000011ac       ??_R1A@?0A@EA@RModuleLoader@rsystem@base@UModSys@@8 004071ac     umodsys_lib_basesys:umodsys.basesys.rmoduleloader.obj
 0002:000011c8       ??_R4IModuleLoader@base@UModSys@@6B@ 004071c8     umodsys_lib_basesys:umodsys.basesys.rmoduleloader.obj
 0002:000011dc       ??_R3IModuleLoader@base@UModSys@@8 004071dc     umodsys_lib_basesys:umodsys.basesys.rmoduleloader.obj
 0002:000011ec       ??_R2IModuleLoader@base@UModSys@@8 004071ec     umodsys_lib_basesys:umodsys.basesys.rmoduleloader.obj
 0002:000011f4       ??_R1A@?0A@EA@IModuleLoader@base@UModSys@@8 004071f4     umodsys_lib_basesys:umodsys.basesys.rmoduleloader.obj
 0002:00001210       ??_R4RParameters@rsystem@base@UModSys@@6B@ 00407210     umodsys_lib_basesys:umodsys.basesys.rparameters.obj
 0002:00001224       ??_R3RParameters@rsystem@base@UModSys@@8 00407224     umodsys_lib_basesys:umodsys.basesys.rparameters.obj
 0002:00001234       ??_R2RParameters@rsystem@base@UModSys@@8 00407234     umodsys_lib_basesys:umodsys.basesys.rparameters.obj
 0002:00001248       ??_R1A@?0A@EA@RParameters@rsystem@base@UModSys@@8 00407248     umodsys_lib_basesys:umodsys.basesys.rparameters.obj
 0002:00001264       ??_R3IParameters@core@UModSys@@8 00407264     umodsys_lib_basesys:umodsys.basesys.rparameters.obj
 0002:00001274       ??_R2IParameters@core@UModSys@@8 00407274     umodsys_lib_basesys:umodsys.basesys.rparameters.obj
 0002:00001284       ??_R1A@?0A@EA@IParameters@core@UModSys@@8 00407284     umodsys_lib_basesys:umodsys.basesys.rparameters.obj
 0002:000012a0       ??_R4RModuleLibrary@rsystem@base@UModSys@@6B@ 004072a0     umodsys_lib_basesys:umodsys.basesys.rmodulelib.obj
 0002:000012b4       ??_R3RModuleLibrary@rsystem@base@UModSys@@8 004072b4     umodsys_lib_basesys:umodsys.basesys.rmodulelib.obj
 0002:000012c4       ??_R2RModuleLibrary@rsystem@base@UModSys@@8 004072c4     umodsys_lib_basesys:umodsys.basesys.rmodulelib.obj
 0002:000012d8       ??_R1A@?0A@EA@RModuleLibrary@rsystem@base@UModSys@@8 004072d8     umodsys_lib_basesys:umodsys.basesys.rmodulelib.obj
 0002:000012f4       ??_R3IModuleLibrary@base@UModSys@@8 004072f4     umodsys_lib_basesys:umodsys.basesys.rmodulelib.obj
 0002:00001304       ??_R2IModuleLibrary@base@UModSys@@8 00407304     umodsys_lib_basesys:umodsys.basesys.rmodulelib.obj
 0002:00001314       ??_R1A@?0A@EA@IModuleLibrary@base@UModSys@@8 00407314     umodsys_lib_basesys:umodsys.basesys.rmodulelib.obj
 0002:00001330       ??_R4RModule@rsystem@base@UModSys@@6B@ 00407330     umodsys_lib_basesys:umodsys.basesys.rmodule.obj
 0002:00001344       ??_R3RModule@rsystem@base@UModSys@@8 00407344     umodsys_lib_basesys:umodsys.basesys.rmodule.obj
 0002:00001354       ??_R2RModule@rsystem@base@UModSys@@8 00407354     umodsys_lib_basesys:umodsys.basesys.rmodule.obj
 0002:00001368       ??_R1A@?0A@EA@RModule@rsystem@base@UModSys@@8 00407368     umodsys_lib_basesys:umodsys.basesys.rmodule.obj
[...]
 0003:000000c8       ??_R0?AUIConsole@base@UModSys@@@8 004080c8     umodsys_lib_basesys:umodsys.basesys.rconsole_std.obj
 0003:000000ec       ??_R0?AUIRefObject@core@UModSys@@@8 004080ec     umodsys_lib_basesys:umodsys.basesys.rconsole_std.obj
 0003:00000114       ??_R0?AUIRoot@core@UModSys@@@8 00408114     umodsys_lib_basesys:umodsys.basesys.rconsole_std.obj
 0003:00000138       ??_R0?AURSystem@rsystem@base@UModSys@@@8 00408138     umodsys_lib_basesys:umodsys.basesys.rsystem_main.obj
 0003:00000164       ??_R0?AUSMemAlloc_Malloc@core@UModSys@@@8 00408164     umodsys_lib_basesys:umodsys.basesys.rsystem_main.obj
 0003:00000190       ??_R0?AU?$TRMemAlloc_CC@U?$TMemAllocHeader@USMagic@mem_headers@rsystem@base@UModSys@@U?$TPool@X@2345@USDebug@2345@UVoid@core@5@@rsystem@base@UModSys@@USMemAlloc_Malloc@core@4@@rsystem@base@UModSys@@@8 00408190     umodsys_lib_basesys:umodsys.basesys.rsystem_main.obj
 0003:0000025c       ??_R0?AUIUniquePointerResolver@core@UModSys@@@8 0040825c     umodsys_lib_basesys:umodsys.basesys.rsystem_main.obj
 0003:00000290       ??_R0?AUISourceContextAdapter@core@UModSys@@@8 00408290     umodsys_lib_basesys:umodsys.basesys.rsystem_main.obj
 0003:000002c4       ??_R0?AUISystem@base@UModSys@@@8 004082c4     umodsys_lib_basesys:umodsys.basesys.rsystem_main.obj
 0003:000002e8       ??_R0?AUIMemAlloc@core@UModSys@@@8 004082e8     umodsys_lib_basesys:umodsys.basesys.rsystem_main.obj
 0003:00000310       ??_R0?AUEFatal@core@UModSys@@@8 00408310     umodsys_lib_basesys:umodsys.basesys.rsystem_main.obj
 0003:00000334       ??_R0?AUEExceptionBase@core@UModSys@@@8 00408334     umodsys_lib_basesys:umodsys.basesys.rsystem_main.obj
 0003:00000360       ??_R0?AUEWarning@core@UModSys@@@8 00408360     umodsys_lib_basesys:umodsys.basesys.rsystem_main.obj
 0003:00000384       ??_R0?AURModuleLoader@rsystem@base@UModSys@@@8 00408384     umodsys_lib_basesys:umodsys.basesys.rmoduleloader.obj
 0003:000003b8       ??_R0?AUIModuleLoader@base@UModSys@@@8 004083b8     umodsys_lib_basesys:umodsys.basesys.rmoduleloader.obj
 0003:000003e4       ??_R0?AURParameters@rsystem@base@UModSys@@@8 004083e4     umodsys_lib_basesys:umodsys.basesys.rparameters.obj
 0003:00000414       ??_R0?AUIParameters@core@UModSys@@@8 00408414     umodsys_lib_basesys:umodsys.basesys.rparameters.obj
 0003:0000043c       ??_R0?AURModuleLibrary@rsystem@base@UModSys@@@8 0040843c     umodsys_lib_basesys:umodsys.basesys.rmodulelib.obj
 0003:00000470       ??_R0?AUIModuleLibrary@base@UModSys@@@8 00408470     umodsys_lib_basesys:umodsys.basesys.rmodulelib.obj
 0003:0000049c       ?s_null@?1??get_null@?$TSCoreShared@USMemAlloc_Malloc@core@UModSys@@D@su@tl@UModSys@@SAPAU?$TSharedStringInfo@D@345@XZ@4U6345@A 0040849c     umodsys_lib_basesys:umodsys.basesys.rmodulelib.obj
 0003:000004ac       ??_R0?AURModule@rsystem@base@UModSys@@@8 004084ac     umodsys_lib_basesys:umodsys.basesys.rmodule.obj
 0003:000004d8       ??_R0?AUIModule@base@UModSys@@@8 004084d8     umodsys_lib_basesys:umodsys.basesys.rmodule.obj
 0003:00000520       __forceCRTManifestRTM      00408520     MSVCRT:crtmanifestrtm.obj
 0003:00000524       __dowildcard               00408524     MSVCRT:wildcard.obj
 0003:00000528       __newmode                  00408528     MSVCRT:_newmode.obj
 0003:0000052c       __commode                  0040852c     MSVCRT:xncommod.obj
 0003:00000530       __fmode                    00408530     MSVCRT:xtxtmode.obj
 0003:0000085c       ?rv@?1??get_default@SMemAlloc_Malloc@core@UModSys@@SAABU234@XZ@4U234@A 0040885c     umodsys_lib_basesys:umodsys.basesys.rsystem_main.obj
 0003:00000860       ?s_id@?$TObjectUniqueID@URConsole_std@rsystem@base@UModSys@@@tl@UModSys@@2USUniquePointer@core@3@A 00408860     umodsys.c_main.obj
 0003:00000878       ?s_id@?$TObjectUniqueID@UIRefObject@core@UModSys@@@tl@UModSys@@2USUniquePointer@core@3@A 00408878     umodsys.c_main.obj
 0003:00000890       ?s_id@?$TObjectUniqueID@UIRoot@core@UModSys@@@tl@UModSys@@2USUniquePointer@core@3@A 00408890     umodsys.c_main.obj
 0003:000008a8       ?s_id@?$TObjectUniqueID@URParameters@rsystem@base@UModSys@@@tl@UModSys@@2USUniquePointer@core@3@A 004088a8     umodsys.c_main.obj
 0003:000008c0       ?s_id@?$TObjectUniqueID@UIModule@base@UModSys@@@tl@UModSys@@2USUniquePointer@core@3@A 004088c0     umodsys.c_main.obj
 0003:000008d8       ?s_id@?$TObjectUniqueID@URModuleLibrary@rsystem@base@UModSys@@@tl@UModSys@@2USUniquePointer@core@3@A 004088d8     umodsys.c_main.obj
 0003:000008f0       ?s_id@?$TObjectUniqueID@UIGenerator@base@UModSys@@@tl@UModSys@@2USUniquePointer@core@3@A 004088f0     umodsys.c_main.obj
 0003:00000908       ?s_id@?$TObjectUniqueID@UIModuleLibrary@base@UModSys@@@tl@UModSys@@2USUniquePointer@core@3@A 00408908     umodsys.c_main.obj
 0003:00000920       ?s_null@?$TStaticStringPool@DU?$TComparerBinaryHash@D@su@tl@UModSys@@USMemAlloc_Malloc@core@4@@tl@UModSys@@2U?$TString@U?$TSCoreConst@D@su@tl@UModSys@@U?$TComparerBinaryHash@D@234@@23@A 00408920     umodsys.c_main.obj
 0003:0000092c       ?s_id@?$TObjectUniqueID@UIParameters@core@UModSys@@@tl@UModSys@@2USUniquePointer@core@3@A 0040892c     umodsys.c_main.obj
 0003:00000944       ?s_id@?$TObjectUniqueID@UISystem@base@UModSys@@@tl@UModSys@@2USUniquePointer@core@3@A 00408944     umodsys.c_main.obj
 0003:0000095c       ?s_id@?$TObjectUniqueID@URModule@rsystem@base@UModSys@@@tl@UModSys@@2USUniquePointer@core@3@A 0040895c     umodsys.c_main.obj
 0003:00000974       ?s_id@?$TObjectUniqueID@UIModObject@base@UModSys@@@tl@UModSys@@2USUniquePointer@core@3@A 00408974     umodsys.c_main.obj
 0003:0000098c       ?s_id@?$TObjectUniqueID@URSystem@rsystem@base@UModSys@@@tl@UModSys@@2USUniquePointer@core@3@A 0040898c     umodsys.c_main.obj
 0003:000009a4       ?s_id@?$TObjectUniqueID@UIShell@base@UModSys@@@tl@UModSys@@2USUniquePointer@core@3@A 004089a4     umodsys.c_main.obj
 0003:000009bc       ?s_id@?$TObjectUniqueID@UIConsole@base@UModSys@@@tl@UModSys@@2USUniquePointer@core@3@A 004089bc     umodsys.c_main.obj
 0003:000009d8       ?s_sys@RSystem@rsystem@base@UModSys@@2U1234@A 004089d8     umodsys_lib_basesys:umodsys.basesys.rsystem_main.obj
 0003:00000a74       ?M@UModSys@@3USModuleContext@base@1@A 00408a74     umodsys_lib_base:umodsys.base.modulecontext.obj
 0003:00000a80       ?root@SUniquePointer@core@UModSys@@2U123@A 00408a80     umodsys_lib_core:umodsys.core.uniqueptr.obj
 0003:00000a98       __adjust_fdiv              00408a98     <common>
 0003:00000a9c       ___native_startup_state    00408a9c     <common>
 0003:00000aa0       ___native_startup_lock     00408aa0     <common>
 0003:00000aa4       ___dyn_tls_init_callback   00408aa4     <common>
 0003:00000aa8       ___onexitend               00408aa8     <common>
 0003:00000aac       ___onexitbegin             00408aac     <common>

 entry point at        0001:00003e2b

 Static symbols

 0001:000023f1       ?s_pfd_scan@@YAIPAUISystem@base@UModSys@@AAU?$TDynarrayDynamic@U?$TRefObject@URModuleLibrary@rsystem@base@UModSys@@@tl@UModSys@@U?$TAllocator@USMemAlloc_Malloc@core@UModSys@@USCountCalcPower2@23@@23@@tl@3@PBD2@Z 004033f1 f    CIL library: CIL module
 0001:00003b89       _pre_cpp_init              00404b89 f   MSVCRT:crtexe.obj
 0001:00003bd4       ___tmainCRTStartup         00404bd4 f   MSVCRT:crtexe.obj
 0001:00003d4a       _pre_c_init                00404d4a f   MSVCRT:crtexe.obj
 0001:00004450       __unwindfunclet$??1?$TQuantArrayUnique@USSourceContext@core@UModSys@@$0BAA@USMemAlloc_Malloc@23@@tl@UModSys@@QAE@XZ$0 00405450 f    CIL library: CIL module
 0001:00004450       __unwindfunclet$??1?$TQuantArrayUnique@USUniquePointerInfo@core@UModSys@@$0BAA@USMemAlloc_Malloc@23@@tl@UModSys@@QAE@XZ$0 00405450 f    CIL library: CIL module
 0001:00004458       __ehhandler$??1?$TQuantArrayUnique@USSourceContext@core@UModSys@@$0BAA@USMemAlloc_Malloc@23@@tl@UModSys@@QAE@XZ 00405458 f    CIL library: CIL module
 0001:00004458       __ehhandler$??1?$TQuantArrayUnique@USUniquePointerInfo@core@UModSys@@$0BAA@USMemAlloc_Malloc@23@@tl@UModSys@@QAE@XZ 00405458 f    CIL library: CIL module
 0001:00004462       __unwindfunclet$??$t_moduledb_generate@UIShell@base@UModSys@@@IModuleLoader@base@UModSys@@QAE_NAAU?$TRefObject@UIShell@base@UModSys@@@tl@2@PBUSUniquePointerInfo@core@2@ABUSParameters@62@@Z$0 00405462 f    CIL library: CIL module
 0001:00004462       __unwindfunclet$?s_add@RModuleLibrary@rsystem@base@UModSys@@SA_NPAUISystem@34@AAU?$TDynarrayDynamic@U?$TRefObject@URModuleLibrary@rsystem@base@UModSys@@@tl@UModSys@@U?$TAllocator@USMemAlloc_Malloc@core@UModSys@@USCountCalcPower2@23@@23@@tl@4@PBD@Z$1 00405462 f    CIL library: CIL module
 0001:00004462       __unwindfunclet$?suicide@RModule@rsystem@base@UModSys@@UAEXXZ$0 00405462 f    CIL library: CIL module
 0001:0000446a       __ehhandler$?s_add@RModuleLibrary@rsystem@base@UModSys@@SA_NPAUISystem@34@AAU?$TDynarrayDynamic@U?$TRefObject@URModuleLibrary@rsystem@base@UModSys@@@tl@UModSys@@U?$TAllocator@USMemAlloc_Malloc@core@UModSys@@USCountCalcPower2@23@@23@@tl@4@PBD@Z 0040546a f    CIL library: CIL module
 0001:0000446a       __ehhandler$??$t_moduledb_generate@UIShell@base@UModSys@@@IModuleLoader@base@UModSys@@QAE_NAAU?$TRefObject@UIShell@base@UModSys@@@tl@2@PBUSUniquePointerInfo@core@2@ABUSParameters@62@@Z 0040546a f    CIL library: CIL module
 0001:0000446a       __ehhandler$?suicide@RModule@rsystem@base@UModSys@@UAEXXZ 0040546a f    CIL library: CIL module
 0001:00004474       __unwindfunclet$?mem_free@?$TRMemAlloc_CC@U?$TMemAllocHeader@USMagic@mem_headers@rsystem@base@UModSys@@U?$TPool@X@2345@USDebug@2345@UVoid@core@5@@rsystem@base@UModSys@@USMemAlloc_Malloc@core@4@@rsystem@base@UModSys@@UAEXPAXPBUSSourceContext@core@4@@Z$0 00405474 f    CIL library: CIL module
 0001:0000447c       __ehhandler$?mem_free@?$TRMemAlloc_CC@U?$TMemAllocHeader@USMagic@mem_headers@rsystem@base@UModSys@@U?$TPool@X@2345@USDebug@2345@UVoid@core@5@@rsystem@base@UModSys@@USMemAlloc_Malloc@core@4@@rsystem@base@UModSys@@UAEXPAXPBUSSourceContext@core@4@@Z 0040547c f    CIL library: CIL module
 0001:00004486       __unwindfunclet$?mem_realloc@?$TRMemAlloc_CC@U?$TMemAllocHeader@USMagic@mem_headers@rsystem@base@UModSys@@U?$TPool@X@2345@USDebug@2345@UVoid@core@5@@rsystem@base@UModSys@@USMemAlloc_Malloc@core@4@@rsystem@base@UModSys@@UAEPAXPAXIPBUSSourceContext@core@4@@Z$0 00405486 f    CIL library: CIL module
 0001:0000448e       __unwindfunclet$?mem_realloc@?$TRMemAlloc_CC@U?$TMemAllocHeader@USMagic@mem_headers@rsystem@base@UModSys@@U?$TPool@X@2345@USDebug@2345@UVoid@core@5@@rsystem@base@UModSys@@USMemAlloc_Malloc@core@4@@rsystem@base@UModSys@@UAEPAXPAXIPBUSSourceContext@core@4@@Z$1 0040548e f    CIL library: CIL module
 0001:00004496       __ehhandler$?mem_realloc@?$TRMemAlloc_CC@U?$TMemAllocHeader@USMagic@mem_headers@rsystem@base@UModSys@@U?$TPool@X@2345@USDebug@2345@UVoid@core@5@@rsystem@base@UModSys@@USMemAlloc_Malloc@core@4@@rsystem@base@UModSys@@UAEPAXPAXIPBUSSourceContext@core@4@@Z 00405496 f    CIL library: CIL module
 0001:000044a0       __unwindfunclet$??1RSystem@rsystem@base@UModSys@@UAE@XZ$0 004054a0 f    CIL library: CIL module
 0001:000044a8       __unwindfunclet$??1RSystem@rsystem@base@UModSys@@UAE@XZ$1 004054a8 f    CIL library: CIL module
 0001:000044b3       __unwindfunclet$??1RSystem@rsystem@base@UModSys@@UAE@XZ$2 004054b3 f    CIL library: CIL module
 0001:000044be       __unwindfunclet$??1RSystem@rsystem@base@UModSys@@UAE@XZ$3 004054be f    CIL library: CIL module
 0001:000044c9       __unwindfunclet$??1RSystem@rsystem@base@UModSys@@UAE@XZ$4 004054c9 f    CIL library: CIL module
 0001:000044d6       __unwindfunclet$??1RSystem@rsystem@base@UModSys@@UAE@XZ$5 004054d6 f    CIL library: CIL module
 0001:000044e1       __ehhandler$??1RSystem@rsystem@base@UModSys@@UAE@XZ 004054e1 f    CIL library: CIL module
 0001:000044eb       __unwindfunclet$??0RModule@rsystem@base@UModSys@@QAE@PAURModuleLibrary@123@PAUIModuleReg@23@@Z$0 004054eb f    CIL library: CIL module
 0001:000044f3       __unwindfunclet$??0RModule@rsystem@base@UModSys@@QAE@PAURModuleLibrary@123@PAUIModuleReg@23@@Z$1 004054f3 f    CIL library: CIL module
 0001:000044fe       __unwindfunclet$??0RModule@rsystem@base@UModSys@@QAE@PAURModuleLibrary@123@PAUIModuleReg@23@@Z$2 004054fe f    CIL library: CIL module
 0001:00004509       __unwindfunclet$??0RModule@rsystem@base@UModSys@@QAE@PAURModuleLibrary@123@PAUIModuleReg@23@@Z$3 00405509 f    CIL library: CIL module
 0001:00004514       __ehhandler$??0RModule@rsystem@base@UModSys@@QAE@PAURModuleLibrary@123@PAUIModuleReg@23@@Z 00405514 f    CIL library: CIL module
 0001:0000451e       __unwindfunclet$??_GRModuleLibrary@rsystem@base@UModSys@@UAEPAXI@Z$0 0040551e f    CIL library: CIL module
 0001:00004526       __unwindfunclet$??_GRModuleLibrary@rsystem@base@UModSys@@UAEPAXI@Z$1 00405526 f    CIL library: CIL module
 0001:00004531       __unwindfunclet$??_GRModuleLibrary@rsystem@base@UModSys@@UAEPAXI@Z$2 00405531 f    CIL library: CIL module
 0001:0000453c       __unwindfunclet$??_GRModuleLibrary@rsystem@base@UModSys@@UAEPAXI@Z$3 0040553c f    CIL library: CIL module
 0001:00004547       __ehhandler$??_GRModuleLibrary@rsystem@base@UModSys@@UAEPAXI@Z 00405547 f    CIL library: CIL module
 0001:00004551       __unwindfunclet$?link@RModuleLibrary@rsystem@base@UModSys@@QAE_NXZ$0 00405551 f    CIL library: CIL module
 0001:0000455e       __ehhandler$?link@RModuleLibrary@rsystem@base@UModSys@@QAE_NXZ 0040555e f    CIL library: CIL module
 0001:00004568       __unwindfunclet$?exec_test_shells@RSystem@rsystem@base@UModSys@@QAE_NXZ$0 00405568 f    CIL library: CIL module
 0001:00004573       __unwindfunclet$?exec_test_shells@RSystem@rsystem@base@UModSys@@QAE_NXZ$1 00405573 f    CIL library: CIL module
 0001:0000457e       __ehhandler$?exec_test_shells@RSystem@rsystem@base@UModSys@@QAE_NXZ 0040557e f    CIL library: CIL module
 0001:00004588       ??__E?s_id@?$TObjectUniqueID@UIRoot@core@UModSys@@@tl@UModSys@@2USUniquePointer@core@3@A@@YAXXZ 00405588 f    CIL library: CIL module
 0001:000045a5       ??__E?s_id@?$TObjectUniqueID@UIRefObject@core@UModSys@@@tl@UModSys@@2USUniquePointer@core@3@A@@YAXXZ 004055a5 f    CIL library: CIL module
 0001:000045c2       ??__E?s_id@?$TObjectUniqueID@UIParameters@core@UModSys@@@tl@UModSys@@2USUniquePointer@core@3@A@@YAXXZ 004055c2 f    CIL library: CIL module
 0001:000045df       ??__E?s_id@?$TObjectUniqueID@UIConsole@base@UModSys@@@tl@UModSys@@2USUniquePointer@core@3@A@@YAXXZ 004055df f    CIL library: CIL module
 0001:000045fc       ??__E?s_id@?$TObjectUniqueID@UIModule@base@UModSys@@@tl@UModSys@@2USUniquePointer@core@3@A@@YAXXZ 004055fc f    CIL library: CIL module
 0001:00004619       ??__E?s_id@?$TObjectUniqueID@UIModuleLibrary@base@UModSys@@@tl@UModSys@@2USUniquePointer@core@3@A@@YAXXZ 00405619 f    CIL library: CIL module
 0001:00004636       ??__E?s_id@?$TObjectUniqueID@UISystem@base@UModSys@@@tl@UModSys@@2USUniquePointer@core@3@A@@YAXXZ 00405636 f    CIL library: CIL module
 0001:00004653       ??__E?s_id@?$TObjectUniqueID@UIModObject@base@UModSys@@@tl@UModSys@@2USUniquePointer@core@3@A@@YAXXZ 00405653 f    CIL library: CIL module
 0001:00004670       ??__E?s_id@?$TObjectUniqueID@UIGenerator@base@UModSys@@@tl@UModSys@@2USUniquePointer@core@3@A@@YAXXZ 00405670 f    CIL library: CIL module
 0001:0000468d       ??__E?s_id@?$TObjectUniqueID@UIShell@base@UModSys@@@tl@UModSys@@2USUniquePointer@core@3@A@@YAXXZ 0040568d f    CIL library: CIL module
 0001:000046aa       ??__E?s_id@?$TObjectUniqueID@URModule@rsystem@base@UModSys@@@tl@UModSys@@2USUniquePointer@core@3@A@@YAXXZ 004056aa f    CIL library: CIL module
 0001:000046c7       ??__E?s_id@?$TObjectUniqueID@URModuleLibrary@rsystem@base@UModSys@@@tl@UModSys@@2USUniquePointer@core@3@A@@YAXXZ 004056c7 f    CIL library: CIL module
 0001:000046e4       ??__E?s_id@?$TObjectUniqueID@URParameters@rsystem@base@UModSys@@@tl@UModSys@@2USUniquePointer@core@3@A@@YAXXZ 004056e4 f    CIL library: CIL module
 0001:00004701       ??__E?s_id@?$TObjectUniqueID@URSystem@rsystem@base@UModSys@@@tl@UModSys@@2USUniquePointer@core@3@A@@YAXXZ 00405701 f    CIL library: CIL module
 0001:0000471e       ??__E?s_id@?$TObjectUniqueID@URConsole_std@rsystem@base@UModSys@@@tl@UModSys@@2USUniquePointer@core@3@A@@YAXXZ 0040571e f    CIL library: CIL module
 0001:0000473b       ??__E?s_console@RConsole_std@rsystem@base@UModSys@@2U1234@A@@YAXXZ 0040573b f    CIL library: CIL module
 0001:00004747       ??__E?s_sys@RSystem@rsystem@base@UModSys@@2U1234@A@@YAXXZ 00405747 f    CIL library: CIL module
 0001:00004758       ??__Ersys_dbg@rsystem@base@UModSys@@YAXXZ 00405758 f    CIL library: CIL module
 0001:00004764       ??__EM@UModSys@@YAXXZ      00405764 f    CIL library: CIL module
 0001:00004770       ??__E?root@SUniquePointer@core@UModSys@@2U123@A@@YAXXZ 00405770 f    CIL library: CIL module
 0001:0000477c       ??__F?s_id@?$TObjectUniqueID@URConsole_std@rsystem@base@UModSys@@@tl@UModSys@@2USUniquePointer@core@3@A@@YAXXZ 0040577c f    CIL library: CIL module
 0001:00004786       ??__F?s_id@?$TObjectUniqueID@URSystem@rsystem@base@UModSys@@@tl@UModSys@@2USUniquePointer@core@3@A@@YAXXZ 00405786 f    CIL library: CIL module
 0001:00004790       ??__F?s_id@?$TObjectUniqueID@URParameters@rsystem@base@UModSys@@@tl@UModSys@@2USUniquePointer@core@3@A@@YAXXZ 00405790 f    CIL library: CIL module
 0001:0000479a       ??__F?s_id@?$TObjectUniqueID@URModuleLibrary@rsystem@base@UModSys@@@tl@UModSys@@2USUniquePointer@core@3@A@@YAXXZ 0040579a f    CIL library: CIL module
 0001:000047a4       ??__F?s_id@?$TObjectUniqueID@URModule@rsystem@base@UModSys@@@tl@UModSys@@2USUniquePointer@core@3@A@@YAXXZ 004057a4 f    CIL library: CIL module
 0001:000047ae       ??__F?s_id@?$TObjectUniqueID@UIShell@base@UModSys@@@tl@UModSys@@2USUniquePointer@core@3@A@@YAXXZ 004057ae f    CIL library: CIL module
 0001:000047b8       ??__F?s_id@?$TObjectUniqueID@UIGenerator@base@UModSys@@@tl@UModSys@@2USUniquePointer@core@3@A@@YAXXZ 004057b8 f    CIL library: CIL module
 0001:000047c2       ??__F?s_id@?$TObjectUniqueID@UIModObject@base@UModSys@@@tl@UModSys@@2USUniquePointer@core@3@A@@YAXXZ 004057c2 f    CIL library: CIL module
 0001:000047cc       ??__F?s_id@?$TObjectUniqueID@UISystem@base@UModSys@@@tl@UModSys@@2USUniquePointer@core@3@A@@YAXXZ 004057cc f    CIL library: CIL module
 0001:000047d6       ??__F?s_id@?$TObjectUniqueID@UIModuleLibrary@base@UModSys@@@tl@UModSys@@2USUniquePointer@core@3@A@@YAXXZ 004057d6 f    CIL library: CIL module
 0001:000047e0       ??__F?s_id@?$TObjectUniqueID@UIModule@base@UModSys@@@tl@UModSys@@2USUniquePointer@core@3@A@@YAXXZ 004057e0 f    CIL library: CIL module
 0001:000047ea       ??__F?s_id@?$TObjectUniqueID@UIConsole@base@UModSys@@@tl@UModSys@@2USUniquePointer@core@3@A@@YAXXZ 004057ea f    CIL library: CIL module
 0001:000047f4       ??__F?s_id@?$TObjectUniqueID@UIParameters@core@UModSys@@@tl@UModSys@@2USUniquePointer@core@3@A@@YAXXZ 004057f4 f    CIL library: CIL module
 0001:000047fe       ??__F?s_id@?$TObjectUniqueID@UIRefObject@core@UModSys@@@tl@UModSys@@2USUniquePointer@core@3@A@@YAXXZ 004057fe f    CIL library: CIL module
 0001:00004808       ??__F?s_id@?$TObjectUniqueID@UIRoot@core@UModSys@@@tl@UModSys@@2USUniquePointer@core@3@A@@YAXXZ 00405808 f    CIL library: CIL module
 0001:00004812       ??__F?s_console@RConsole_std@rsystem@base@UModSys@@2U1234@A@@YAXXZ 00405812 f    CIL library: CIL module
 0001:0000483f       ??__F?s_sys@RSystem@rsystem@base@UModSys@@2U1234@A@@YAXXZ 0040583f f    CIL library: CIL module
 0001:0000484a       ??__Frsys_dbg@rsystem@base@UModSys@@YAXXZ 0040584a f    CIL library: CIL module
 0001:00004861       ??__FM@UModSys@@YAXXZ      00405861 f    CIL library: CIL module
 0001:00004862       ??__F?root@SUniquePointer@core@UModSys@@2U123@A@@YAXXZ 00405862 f    CIL library: CIL module
