 umodsysc

 Timestamp is 524c2085 (Wed Oct 02 16:32:53 2013)

 Preferred load address is 00400000

 Start         Length     Name                   Class
 0001:00000000 00004280H .text                   CODE
 0001:00004280 000001cfH .text$x                 CODE
 0001:0000444f 000001f4H .text$yc                CODE
 0001:00004643 000000d0H .text$yd                CODE
 0002:00000000 00000118H .idata$5                DATA
 0002:00000118 00000004H .CRT$XCA                DATA
 0002:0000011c 00000004H .CRT$XCAA               DATA
 0002:00000120 00000050H .CRT$XCU                DATA
 0002:00000170 00000004H .CRT$XCZ                DATA
 0002:00000174 00000004H .CRT$XIA                DATA
 0002:00000178 00000004H .CRT$XIAA               DATA
 0002:0000017c 00000004H .CRT$XIY                DATA
 0002:00000180 00000004H .CRT$XIZ                DATA
 0002:00000188 00000b88H .rdata                  DATA
 0002:00000d10 000006a8H .rdata$r                DATA
 0002:000013c0 00000030H .rdata$sxdata           DATA
 0002:000013f0 00000004H .rtc$IAA                DATA
 0002:000013f4 00000004H .rtc$IZZ                DATA
 0002:000013f8 00000004H .rtc$TAA                DATA
 0002:000013fc 00000004H .rtc$TZZ                DATA
 0002:00001400 000003ccH .xdata$x                DATA
 0002:000017cc 00000028H .idata$2                DATA
 0002:000017f4 00000014H .idata$3                DATA
 0002:00001808 00000118H .idata$4                DATA
 0002:00001920 0000048cH .idata$6                DATA
 0002:00001dac 00000000H .edata                  DATA
 0003:00000000 00000500H .data                   DATA
 0003:00000500 000005b0H .bss                    DATA

  Address         Publics by Value              Rva+Base       Lib:Object

 0000:00000000       __except_list              00000000     <absolute>
 0000:0000000c       ___safe_se_handler_count   0000000c     <absolute>
 0000:00009876       __fltused                  00009876     <absolute>
 0000:00009876       __ldused                   00009876     <absolute>
 0000:00000000       ___ImageBase               00400000     <linker-defined>
 0001:00000000       _main                      00401000 f   umodsys.c_main.obj
 0001:0000015c       ??0?$TString@U?$TSCoreConst@D@su@tl@UModSys@@U?$TComparerBinaryHash@D@234@@tl@UModSys@@QAE@PBD@Z 0040115c f i umodsys.c_main.obj
 0001:00000186       ?update@?$TComparerBinaryHash@D@su@tl@UModSys@@QAEXPBDI@Z 00401186 f i umodsys.c_main.obj
 0001:000001b2       ?_get_other_interface@IRefObject@core@UModSys@@IBEPBUIRoot@23@PBUSUniquePointerInfo@23@@Z 004011b2 f i umodsys_lib_basesys:umodsys.basesys.rconsole_std.obj
 0001:000001b2       ?_get_other_interface@IRefObject@core@UModSys@@IAEPAUIRoot@23@PBUSUniquePointerInfo@23@@Z 004011b2 f i umodsys_lib_basesys:umodsys.basesys.rconsole_std.obj
 0001:000001d3       ?get_interface_info@RConsole_std@rsystem@base@UModSys@@UBEABUSUniquePointerInfo@core@4@XZ 004011d3 f i umodsys_lib_basesys:umodsys.basesys.rconsole_std.obj
 0001:000001d9       ?get_interface_type@RConsole_std@rsystem@base@UModSys@@UBEPBUSUniquePointerInfo@core@4@XZ 004011d9 f i umodsys_lib_basesys:umodsys.basesys.rconsole_std.obj
 0001:000001df       ?get_other_interface@RConsole_std@rsystem@base@UModSys@@UBEPBUIRoot@core@4@PBUSUniquePointerInfo@64@@Z 004011df f i umodsys_lib_basesys:umodsys.basesys.rconsole_std.obj
 0001:000001df       ?get_other_interface@RConsole_std@rsystem@base@UModSys@@UAEPAUIRoot@core@4@PBUSUniquePointerInfo@64@@Z 004011df f i umodsys_lib_basesys:umodsys.basesys.rconsole_std.obj
 0001:00000200       ??3@YAXPAX0@Z              00401200 f   umodsys_lib_basesys:umodsys.basesys.rmoduleloader.obj
 0001:00000200       ?ref_remove@RConsole_std@rsystem@base@UModSys@@UBEXXZ 00401200 f   umodsys_lib_basesys:umodsys.basesys.rconsole_std.obj
 0001:00000200       ?ref_add@RConsole_std@rsystem@base@UModSys@@UBEXXZ 00401200 f   umodsys_lib_basesys:umodsys.basesys.rconsole_std.obj
 0001:00000201       ?vput@RConsole_std@rsystem@base@UModSys@@UAE_NHPBDPAD@Z 00401201 f   umodsys_lib_basesys:umodsys.basesys.rconsole_std.obj
 0001:00000249       ?put@RConsole_std@rsystem@base@UModSys@@UAA_NHPBDZZ 00401249 f   umodsys_lib_basesys:umodsys.basesys.rconsole_std.obj
 0001:00000290       ?vget_c@RConsole_std@rsystem@base@UModSys@@UAE_NPAHPBDPAD@Z 00401290 f   umodsys_lib_basesys:umodsys.basesys.rconsole_std.obj
 0001:00000295       ?get_c@RConsole_std@rsystem@base@UModSys@@UAA_NPAHPBDZZ 00401295 f   umodsys_lib_basesys:umodsys.basesys.rconsole_std.obj
 0001:00000295       ?get_s@RConsole_std@rsystem@base@UModSys@@UAA_NPADIPBDZZ 00401295 f   umodsys_lib_basesys:umodsys.basesys.rconsole_std.obj
 0001:00000298       ?vget_s@RConsole_std@rsystem@base@UModSys@@UAE_NPADIPBD0@Z 00401298 f   umodsys_lib_basesys:umodsys.basesys.rconsole_std.obj
 0001:0000029d       ?reflect@RConsole_std@rsystem@base@UModSys@@QAE_NPBD@Z 0040129d f   umodsys_lib_basesys:umodsys.basesys.rconsole_std.obj
 0001:000002dd       ??_ERConsole_std@rsystem@base@UModSys@@UAEPAXI@Z 004012dd f i  CIL library: CIL module
 0001:000002dd       ??_GRConsole_std@rsystem@base@UModSys@@UAEPAXI@Z 004012dd f i umodsys_lib_basesys:umodsys.basesys.rconsole_std.obj
 0001:000002f9       ??_ERParameters@rsystem@base@UModSys@@UAEPAXI@Z 004012f9 f i  CIL library: CIL module
 0001:000002f9       ??_GRParameters@rsystem@base@UModSys@@UAEPAXI@Z 004012f9 f i umodsys_lib_basesys:umodsys.basesys.rparameters.obj
 0001:000002f9       ??_EIRoot@core@UModSys@@UAEPAXI@Z 004012f9 f i  CIL library: CIL module
 0001:000002f9       ??_GIRoot@core@UModSys@@UAEPAXI@Z 004012f9 f i umodsys_lib_basesys:umodsys.basesys.rconsole_std.obj
 0001:00000316       ??1RConsole_std@rsystem@base@UModSys@@UAE@XZ 00401316 f   umodsys_lib_basesys:umodsys.basesys.rconsole_std.obj
 0001:00000336       ??0EExceptionBase@core@UModSys@@QAE@PBUSSourceContext@12@HPBD@Z 00401336 f i umodsys_lib_basesys:umodsys.basesys.rsystem_main.obj
 0001:00000361       ?decode_error@EExceptionBase@core@UModSys@@UBEHPADI@Z 00401361 f i umodsys_lib_basesys:umodsys.basesys.rsystem_main.obj
 0001:0000038a       ??_EEExceptionBase@core@UModSys@@UAEPAXI@Z 0040138a f i  CIL library: CIL module
 0001:0000038a       ??_EEWarning@core@UModSys@@UAEPAXI@Z 0040138a f i  CIL library: CIL module
 0001:0000038a       ??_GEWarning@core@UModSys@@UAEPAXI@Z 0040138a f i umodsys_lib_basesys:umodsys.basesys.rsystem_main.obj
 0001:0000038a       ??_GEFatal@core@UModSys@@UAEPAXI@Z 0040138a f i umodsys_lib_basesys:umodsys.basesys.rsystem_main.obj
 0001:0000038a       ??_EEFatal@core@UModSys@@UAEPAXI@Z 0040138a f i  CIL library: CIL module
 0001:0000038a       ??_GEExceptionBase@core@UModSys@@UAEPAXI@Z 0040138a f i umodsys_lib_basesys:umodsys.basesys.rsystem_main.obj
 0001:000003a7       ?decode_error@EFatal@core@UModSys@@UBEHPADI@Z 004013a7 f i umodsys_lib_basesys:umodsys.basesys.rsystem_main.obj
 0001:000003d0       ??1EWarning@core@UModSys@@UAE@XZ 004013d0 f i umodsys_lib_basesys:umodsys.basesys.rsystem_main.obj
 0001:000003d0       ??1EFatal@core@UModSys@@UAE@XZ 004013d0 f i umodsys_lib_basesys:umodsys.basesys.rsystem_main.obj
 0001:000003d7       ?decode_error@EWarning@core@UModSys@@UBEHPADI@Z 004013d7 f i umodsys_lib_basesys:umodsys.basesys.rsystem_main.obj
 0001:00000400       ?get_interface_info@RSystem@rsystem@base@UModSys@@UBEABUSUniquePointerInfo@core@4@XZ 00401400 f i umodsys_lib_basesys:umodsys.basesys.rsystem_main.obj
 0001:00000406       ?get_interface_type@RSystem@rsystem@base@UModSys@@UBEPBUSUniquePointerInfo@core@4@XZ 00401406 f i umodsys_lib_basesys:umodsys.basesys.rsystem_main.obj
 0001:0000040c       ?get_other_interface@RSystem@rsystem@base@UModSys@@UBEPBUIRoot@core@4@PBUSUniquePointerInfo@64@@Z 0040140c f i umodsys_lib_basesys:umodsys.basesys.rsystem_main.obj
 0001:0000040c       ?get_other_interface@RSystem@rsystem@base@UModSys@@UAEPAUIRoot@core@4@PBUSUniquePointerInfo@64@@Z 0040140c f i umodsys_lib_basesys:umodsys.basesys.rsystem_main.obj
 0001:0000042d       ?deinit@RSystem@rsystem@base@UModSys@@QAE_NXZ 0040142d f   umodsys_lib_basesys:umodsys.basesys.rsystem_main.obj
 0001:000004a4       ?set_console@RSystem@rsystem@base@UModSys@@QAEXPAUIConsole@34@@Z 004014a4 f   umodsys_lib_basesys:umodsys.basesys.rsystem_main.obj
 0001:000004cb       ?dump_upis@RSystem@rsystem@base@UModSys@@QAEXXZ 004014cb f   umodsys_lib_basesys:umodsys.basesys.rsystem_main.obj
 0001:00000576       ??0RSystem@rsystem@base@UModSys@@QAE@XZ 00401576 f   umodsys_lib_basesys:umodsys.basesys.rsystem_main.obj
 0001:000006eb       ??_GRSystem@rsystem@base@UModSys@@UAEPAXI@Z 004016eb f i umodsys_lib_basesys:umodsys.basesys.rsystem_main.obj
 0001:000006eb       ??_ERSystem@rsystem@base@UModSys@@UAEPAXI@Z 004016eb f i  CIL library: CIL module
 0001:00000708       ??1RSystem@rsystem@base@UModSys@@UAE@XZ 00401708 f   umodsys_lib_basesys:umodsys.basesys.rsystem_main.obj
 0001:000007c0       ?dbg_put@rsystem@base@UModSys@@YAXW4eRSystemDebugLevels@123@PBDZZ 004017c0 f   umodsys_lib_basesys:umodsys.basesys.rsystem_main.obj
 0001:000007ec       ?err_put@rsystem@base@UModSys@@YAXW4eRSystemDebugLevels@123@PBDZZ 004017ec f   umodsys_lib_basesys:umodsys.basesys.rsystem_main.obj
 0001:00000818       ??1?$TStaticStringPool@DU?$TComparerBinaryHash@D@su@tl@UModSys@@USMemAlloc_Malloc@core@4@@tl@UModSys@@QAE@XZ 00401818 f i umodsys_lib_basesys:umodsys.basesys.rsystem_main.obj
 0001:00000853       ??1?$TQuantArrayUnique@USUniquePointerInfo@core@UModSys@@$0BAA@USMemAlloc_Malloc@23@@tl@UModSys@@QAE@XZ 00401853 f i umodsys_lib_basesys:umodsys.basesys.rsystem_main.obj
 0001:00000853       ??1?$TQuantArrayUnique@USSourceContext@core@UModSys@@$0BAA@USMemAlloc_Malloc@23@@tl@UModSys@@QAE@XZ 00401853 f i umodsys_lib_basesys:umodsys.basesys.rsystem_main.obj
 0001:00000869       ??1?$TRMemAlloc_CC@U?$TMemAllocHeader@USMagic@mem_headers@rsystem@base@UModSys@@U?$TPool@X@2345@USDebug@2345@UVoid@core@5@@rsystem@base@UModSys@@USMemAlloc_Malloc@core@4@@rsystem@base@UModSys@@QAE@XZ 00401869 f i umodsys_lib_basesys:umodsys.basesys.rsystem_main.obj
 0001:00000870       ?mem_alloc@?$TRMemAlloc_CC@U?$TMemAllocHeader@USMagic@mem_headers@rsystem@base@UModSys@@U?$TPool@X@2345@USDebug@2345@UVoid@core@5@@rsystem@base@UModSys@@USMemAlloc_Malloc@core@4@@rsystem@base@UModSys@@UAEPAXIPBUSSourceContext@core@4@@Z 00401870 f i umodsys_lib_basesys:umodsys.basesys.rsystem_main.obj
 0001:000008a2       ?mem_realloc@?$TRMemAlloc_CC@U?$TMemAllocHeader@USMagic@mem_headers@rsystem@base@UModSys@@U?$TPool@X@2345@USDebug@2345@UVoid@core@5@@rsystem@base@UModSys@@USMemAlloc_Malloc@core@4@@rsystem@base@UModSys@@UAEPAXPAXIPBUSSourceContext@core@4@@Z 004018a2 f i umodsys_lib_basesys:umodsys.basesys.rsystem_main.obj
 0001:000009fd       ?mem_free@?$TRMemAlloc_CC@U?$TMemAllocHeader@USMagic@mem_headers@rsystem@base@UModSys@@U?$TPool@X@2345@USDebug@2345@UVoid@core@5@@rsystem@base@UModSys@@USMemAlloc_Malloc@core@4@@rsystem@base@UModSys@@UAEXPAXPBUSSourceContext@core@4@@Z 004019fd f i umodsys_lib_basesys:umodsys.basesys.rsystem_main.obj
 0001:00000a71       ??$process@UEFatal@core@UModSys@@@IExceptionHandler@core@UModSys@@QAEXABUEFatal@12@@Z 00401a71 f i umodsys_lib_basesys:umodsys.basesys.rsystem_main.obj
 0001:00000aa3       ??$process_nodes_r@U?$TNodeDeleter@U?$TQuantArrayNode@USSourceContext@core@UModSys@@$0BAA@@tl@UModSys@@USMemAlloc_Malloc@core@3@@tl@UModSys@@@?$TTreeHoldRB@U?$TQuantArrayNode@USSourceContext@core@UModSys@@$0BAA@@tl@UModSys@@@tl@UModSys@@KAHPAU?$TQuantArrayNode@USSourceContext@core@UModSys@@$0BAA@@12@ABU?$TNodeDeleter@U?$TQuantArrayNode@USSourceContext@core@UModSys@@$0BAA@@tl@UModSys@@USMemAlloc_Malloc@core@3@@12@@Z 00401aa3 f i umodsys_lib_basesys:umodsys.basesys.rsystem_main.obj
 0001:00000aa3       ??$process_nodes_r@U?$TNodeDeleter@U?$TQuantArrayNode@USUniquePointerInfo@core@UModSys@@$0BAA@@tl@UModSys@@USMemAlloc_Malloc@core@3@@tl@UModSys@@@?$TTreeHoldRB@U?$TQuantArrayNode@USUniquePointerInfo@core@UModSys@@$0BAA@@tl@UModSys@@@tl@UModSys@@KAHPAU?$TQuantArrayNode@USUniquePointerInfo@core@UModSys@@$0BAA@@12@ABU?$TNodeDeleter@U?$TQuantArrayNode@USUniquePointerInfo@core@UModSys@@$0BAA@@tl@UModSys@@USMemAlloc_Malloc@core@3@@12@@Z 00401aa3 f i umodsys_lib_basesys:umodsys.basesys.rsystem_main.obj
 0001:00000ae5       ??0EFatal@core@UModSys@@QAE@ABU012@@Z 00401ae5 f i umodsys_lib_basesys:umodsys.basesys.rsystem_main.obj
 0001:00000afd       ??0EExceptionBase@core@UModSys@@QAE@ABU012@@Z 00401afd f i umodsys_lib_basesys:umodsys.basesys.rsystem_main.obj
 0001:00000b25       ??0EWarning@core@UModSys@@QAE@ABU012@@Z 00401b25 f i umodsys_lib_basesys:umodsys.basesys.rsystem_main.obj
 0001:00000b3d       ?exec_test_shells@RSystem@rsystem@base@UModSys@@QAE_NXZ 00401b3d f   umodsys_lib_basesys:umodsys.basesys.rsystem_tests.obj
 0001:00000cad       ??1?$TParametersA@$0EAA@@core@UModSys@@QAE@XZ 00401cad f i umodsys_lib_basesys:umodsys.basesys.rsystem_tests.obj
 0001:00000cba       ??$t_moduledb_generate@UIShell@base@UModSys@@@IModuleLoader@base@UModSys@@QAE_NAAU?$TRefObject@UIShell@base@UModSys@@@tl@2@PBUSUniquePointerInfo@core@2@ABUSParameters@62@@Z 00401cba f i umodsys_lib_basesys:umodsys.basesys.rsystem_tests.obj
 0001:00000d4c       ?moduledb_findobjname@RModuleLoader@rsystem@base@UModSys@@UAEIPBUSUniquePointerInfo@core@4@QAPBU564@I@Z 00401d4c f   umodsys_lib_basesys:umodsys.basesys.rmoduleloader.obj
 0001:00000d9a       ?moduledb_generate@RModuleLoader@rsystem@base@UModSys@@UAE_NAAU?$TRefObject@UIRefObject@core@UModSys@@@tl@4@PBUSUniquePointerInfo@core@4@ABUSParameters@84@@Z 00401d9a f   umodsys_lib_basesys:umodsys.basesys.rmoduleloader.obj
 0001:00000dd5       ?moduledb_lib_count@RModuleLoader@rsystem@base@UModSys@@UAEIXZ 00401dd5 f   umodsys_lib_basesys:umodsys.basesys.rmoduleloader.obj
 0001:00000dd9       ?moduledb_lib_get@RModuleLoader@rsystem@base@UModSys@@UBEPAUIModuleLibrary@34@I@Z 00401dd9 f   umodsys_lib_basesys:umodsys.basesys.rmoduleloader.obj
 0001:00000def       ?moduledb_load@RModuleLoader@rsystem@base@UModSys@@UAE_NABU?$TString@U?$TSCoreConst@D@su@tl@UModSys@@U?$TComparerBinaryHash@D@234@@tl@4@@Z 00401def f   umodsys_lib_basesys:umodsys.basesys.rmoduleloader.obj
 0001:00000def       ?moduledb_lib_drop@RModuleLoader@rsystem@base@UModSys@@UAE_NPAUIModuleLibrary@34@@Z 00401def f   umodsys_lib_basesys:umodsys.basesys.rmoduleloader.obj
 0001:00000df4       ?moduledb_module_count@RModuleLoader@rsystem@base@UModSys@@UAEIXZ 00401df4 f   umodsys_lib_basesys:umodsys.basesys.rmoduleloader.obj
 0001:00000e12       ?moduledb_module_get@RModuleLoader@rsystem@base@UModSys@@UBEPAUIModule@34@I@Z 00401e12 f   umodsys_lib_basesys:umodsys.basesys.rmoduleloader.obj
 0001:00000e4c       ?moduledb_find@RModuleLoader@rsystem@base@UModSys@@UBEPAUIModule@34@ABU?$TString@U?$TSCoreConst@D@su@tl@UModSys@@U?$TComparerBinaryHash@D@234@@tl@4@ABUSVersion@core@4@@Z 00401e4c f   umodsys_lib_basesys:umodsys.basesys.rmoduleloader.obj
 0001:00000ed3       ?moduledb_clear@RModuleLoader@rsystem@base@UModSys@@UAEXXZ 00401ed3 f   umodsys_lib_basesys:umodsys.basesys.rmoduleloader.obj
 0001:00000ee7       ?moduledb_cleanup@RModuleLoader@rsystem@base@UModSys@@UAEIXZ 00401ee7 f   umodsys_lib_basesys:umodsys.basesys.rmoduleloader.obj
 0001:00000fbc       ?moduledb_save@RModuleLoader@rsystem@base@UModSys@@UAE_NABU?$TString@U?$TSCoreConst@D@su@tl@UModSys@@U?$TComparerBinaryHash@D@234@@tl@4@@Z 00401fbc f   umodsys_lib_basesys:umodsys.basesys.rmoduleloader.obj
 0001:00001023       ?moduledb_scan@RModuleLoader@rsystem@base@UModSys@@UAEIABU?$TString@U?$TSCoreConst@D@su@tl@UModSys@@U?$TComparerBinaryHash@D@234@@tl@4@_N@Z 00402023 f   umodsys_lib_basesys:umodsys.basesys.rmoduleloader.obj
 0001:000010b4       ?moduledb_get_string@RModuleLoader@rsystem@base@UModSys@@UAEABU?$TString@U?$TSCoreConst@D@su@tl@UModSys@@U?$TComparerBinaryHash@D@234@@tl@4@ABU564@@Z 004020b4 f   umodsys_lib_basesys:umodsys.basesys.rmoduleloader.obj
 0001:000010c6       ??_GRModuleLoader@rsystem@base@UModSys@@UAEPAXI@Z 004020c6 f i umodsys_lib_basesys:umodsys.basesys.rmoduleloader.obj
 0001:000010c6       ??_ERModuleLoader@rsystem@base@UModSys@@UAEPAXI@Z 004020c6 f i  CIL library: CIL module
 0001:000010e3       ??_EIModuleLoader@base@UModSys@@UAEPAXI@Z 004020e3 f i  CIL library: CIL module
 0001:000010e3       ??_GIModuleLoader@base@UModSys@@UAEPAXI@Z 004020e3 f i umodsys_lib_basesys:umodsys.basesys.rmoduleloader.obj
 0001:00001100       ??1RModuleLoader@rsystem@base@UModSys@@UAE@XZ 00402100 f   umodsys_lib_basesys:umodsys.basesys.rmoduleloader.obj
 0001:00001142       ??1?$TRefObject@UIRefObject@core@UModSys@@@tl@UModSys@@QAE@XZ 00402142 f i umodsys_lib_basesys:umodsys.basesys.rsystem_tests.obj
 0001:00001142       ??1?$TRefObject@UIShell@base@UModSys@@@tl@UModSys@@QAE@XZ 00402142 f i umodsys_lib_basesys:umodsys.basesys.rsystem_tests.obj
 0001:00001142       ??1?$TRefObject@URParameters@rsystem@base@UModSys@@@tl@UModSys@@QAE@XZ 00402142 f i umodsys_lib_basesys:umodsys.basesys.rsystem_main.obj
 0001:00001142       ??1?$TRefObject@URModule@rsystem@base@UModSys@@@tl@UModSys@@QAE@XZ 00402142 f i umodsys_lib_basesys:umodsys.basesys.rmodulelib.obj
 0001:00001142       ??1?$TRefObject@URModuleLibrary@rsystem@base@UModSys@@@tl@UModSys@@QAE@XZ 00402142 f i umodsys_lib_basesys:umodsys.basesys.rmoduleloader.obj
 0001:00001151       ?append@?$TStaticStringPool@DU?$TComparerBinaryHash@D@su@tl@UModSys@@USMemAlloc_Malloc@core@4@@tl@UModSys@@QAEPBU?$TString@U?$TSCoreConst@D@su@tl@UModSys@@U?$TComparerBinaryHash@D@234@@23@PBD@Z 00402151 f i umodsys_lib_basesys:umodsys.basesys.rmoduleloader.obj
 0001:00001181       ??$?8U?$TSCoreConst@D@su@tl@UModSys@@U?$TComparerBinaryHash@D@123@@?$TString@U?$TSCoreConst@D@su@tl@UModSys@@U?$TComparerBinaryHash@D@234@@tl@UModSys@@QBE_NABU012@@Z 00402181 f i umodsys_lib_basesys:umodsys.basesys.rmoduleloader.obj
 0001:000011bc       ?append@?$TStaticStringPool@DU?$TComparerBinaryHash@D@su@tl@UModSys@@USMemAlloc_Malloc@core@4@@tl@UModSys@@QAEPBU?$TString@U?$TSCoreConst@D@su@tl@UModSys@@U?$TComparerBinaryHash@D@234@@23@PBDI@Z 004021bc f i umodsys_lib_basesys:umodsys.basesys.rmoduleloader.obj
 0001:000012ee       ?free@?$TArray@U?$TRefObject@URModuleLibrary@rsystem@base@UModSys@@@tl@UModSys@@U?$TAllocator@USMemAlloc_Malloc@core@UModSys@@USCountCalcPower2@23@@23@@tl@UModSys@@QAE_NXZ 004022ee f i umodsys_lib_basesys:umodsys.basesys.rmoduleloader.obj
 0001:00001311       ?append@CharChunk@?$TStaticStringPool@DU?$TComparerBinaryHash@D@su@tl@UModSys@@USMemAlloc_Malloc@core@4@@tl@UModSys@@QAEPADPBDI@Z 00402311 f i umodsys_lib_basesys:umodsys.basesys.rmoduleloader.obj
 0001:0000133a       ?find_s@?$TStaticStringPool@DU?$TComparerBinaryHash@D@su@tl@UModSys@@USMemAlloc_Malloc@core@4@@tl@UModSys@@QBEPBU?$TString@U?$TSCoreConst@D@su@tl@UModSys@@U?$TComparerBinaryHash@D@234@@23@ABU423@@Z 0040233a f i umodsys_lib_basesys:umodsys.basesys.rmoduleloader.obj
 0001:0000138e       ?upi_add@RSystem@rsystem@base@UModSys@@UAEPBUSUniquePointerInfo@core@4@PBU564@@Z 0040238e f   umodsys_lib_basesys:umodsys.basesys.rsystem.obj
 0001:0000141f       ?upi_remove@RSystem@rsystem@base@UModSys@@UAEHPBUSUniquePointerInfo@core@4@@Z 0040241f f   umodsys_lib_basesys:umodsys.basesys.rsystem.obj
 0001:00001425       ?persist_ctx@RSystem@rsystem@base@UModSys@@UAEPBUSSourceContext@core@4@PBU564@@Z 00402425 f   umodsys_lib_basesys:umodsys.basesys.rsystem.obj
 0001:000014b6       ?get_params@RSystem@rsystem@base@UModSys@@UAEPAUIParameters@core@4@XZ 004024b6 f   umodsys_lib_basesys:umodsys.basesys.rsystem.obj
 0001:000014ba       ?get_sysmem@RSystem@rsystem@base@UModSys@@UAEPAUIMemAlloc@core@4@XZ 004024ba f   umodsys_lib_basesys:umodsys.basesys.rsystem.obj
 0001:000014c1       ?get_sharemem@RSystem@rsystem@base@UModSys@@UAEPAUIMemAlloc@core@4@XZ 004024c1 f   umodsys_lib_basesys:umodsys.basesys.rsystem.obj
 0001:000014c8       __matherr                  004024c8 f   MSVCRT:merr.obj
 0001:000014c8       __setargv                  004024c8 f   MSVCRT:dllargv.obj
 0001:000014c8       ?get_syslib@RSystem@rsystem@base@UModSys@@UAEPAUIModuleLibrary@34@XZ 004024c8 f   umodsys_lib_basesys:umodsys.basesys.rsystem.obj
 0001:000014c8       ?ref_links@RConsole_std@rsystem@base@UModSys@@UBEHXZ 004024c8 f   umodsys_lib_basesys:umodsys.basesys.rconsole_std.obj
 0001:000014cb       ?get_modloader@RSystem@rsystem@base@UModSys@@UAEPAUIModuleLoader@34@XZ 004024cb f   umodsys_lib_basesys:umodsys.basesys.rsystem.obj
 0001:000014cf       ?get_upr@RSystem@rsystem@base@UModSys@@UAEPAUIUniquePointerResolver@core@4@XZ 004024cf f   umodsys_lib_basesys:umodsys.basesys.rsystem.obj
 0001:000014da       ?get_sca@RSystem@rsystem@base@UModSys@@UAEPAUISourceContextAdapter@core@4@XZ 004024da f   umodsys_lib_basesys:umodsys.basesys.rsystem.obj
 0001:000014e5       ?find@?$TQuantArrayUnique@USSourceContext@core@UModSys@@$0BAA@USMemAlloc_Malloc@23@@tl@UModSys@@QAEPBUSSourceContext@core@3@ABU453@@Z 004024e5 f i umodsys_lib_basesys:umodsys.basesys.rsystem.obj
 0001:000014e5       ?find@?$TQuantArrayUnique@USUniquePointerInfo@core@UModSys@@$0BAA@USMemAlloc_Malloc@23@@tl@UModSys@@QAEPBUSUniquePointerInfo@core@3@ABU453@@Z 004024e5 f i umodsys_lib_basesys:umodsys.basesys.rsystem.obj
 0001:00001584       ?add@?$TQuantArrayUnique@USSourceContext@core@UModSys@@$0BAA@USMemAlloc_Malloc@23@@tl@UModSys@@QAEPAUSSourceContext@core@3@ABU453@@Z 00402584 f i umodsys_lib_basesys:umodsys.basesys.rsystem.obj
 0001:00001584       ?add@?$TQuantArrayUnique@USUniquePointerInfo@core@UModSys@@$0BAA@USMemAlloc_Malloc@23@@tl@UModSys@@QAEPAUSUniquePointerInfo@core@3@ABU453@@Z 00402584 f i umodsys_lib_basesys:umodsys.basesys.rsystem.obj
 0001:00001694       ?next_node@?$TTreeHoldRB@U?$TQuantArrayNode@USSourceContext@core@UModSys@@$0BAA@@tl@UModSys@@@tl@UModSys@@SAPAU?$TQuantArrayNode@USSourceContext@core@UModSys@@$0BAA@@23@PAU423@@Z 00402694 f i umodsys_lib_basesys:umodsys.basesys.rsystem.obj
 0001:00001694       ?next_node@?$TTreeHoldRB@U?$TQuantArrayNode@USUniquePointerInfo@core@UModSys@@$0BAA@@tl@UModSys@@@tl@UModSys@@SAPAU?$TQuantArrayNode@USUniquePointerInfo@core@UModSys@@$0BAA@@23@PAU423@@Z 00402694 f i umodsys_lib_basesys:umodsys.basesys.rsystem_main.obj
 0001:000016b9       ?insert_color@?$TTreeHoldRB@U?$TQuantArrayNode@USUniquePointerInfo@core@UModSys@@$0BAA@@tl@UModSys@@@tl@UModSys@@IAEXPAU?$TQuantArrayNode@USUniquePointerInfo@core@UModSys@@$0BAA@@23@@Z 004026b9 f i umodsys_lib_basesys:umodsys.basesys.rsystem.obj
 0001:000016b9       ?insert_color@?$TTreeHoldRB@U?$TQuantArrayNode@USSourceContext@core@UModSys@@$0BAA@@tl@UModSys@@@tl@UModSys@@IAEXPAU?$TQuantArrayNode@USSourceContext@core@UModSys@@$0BAA@@23@@Z 004026b9 f i umodsys_lib_basesys:umodsys.basesys.rsystem.obj
 0001:00001767       ?rotate_left@?$TTreeHoldRB@U?$TQuantArrayNode@USUniquePointerInfo@core@UModSys@@$0BAA@@tl@UModSys@@@tl@UModSys@@IAEXPAU?$TQuantArrayNode@USUniquePointerInfo@core@UModSys@@$0BAA@@23@@Z 00402767 f i umodsys_lib_basesys:umodsys.basesys.rsystem.obj
 0001:00001767       ?rotate_left@?$TTreeHoldRB@U?$TQuantArrayNode@USSourceContext@core@UModSys@@$0BAA@@tl@UModSys@@@tl@UModSys@@IAEXPAU?$TQuantArrayNode@USSourceContext@core@UModSys@@$0BAA@@23@@Z 00402767 f i umodsys_lib_basesys:umodsys.basesys.rsystem.obj
 0001:000017a6       ?rotate_right@?$TTreeHoldRB@U?$TQuantArrayNode@USUniquePointerInfo@core@UModSys@@$0BAA@@tl@UModSys@@@tl@UModSys@@IAEXPAU?$TQuantArrayNode@USUniquePointerInfo@core@UModSys@@$0BAA@@23@@Z 004027a6 f i umodsys_lib_basesys:umodsys.basesys.rsystem.obj
 0001:000017a6       ?rotate_right@?$TTreeHoldRB@U?$TQuantArrayNode@USSourceContext@core@UModSys@@$0BAA@@tl@UModSys@@@tl@UModSys@@IAEXPAU?$TQuantArrayNode@USSourceContext@core@UModSys@@$0BAA@@23@@Z 004027a6 f i umodsys_lib_basesys:umodsys.basesys.rsystem.obj
 0001:000017e5       ?get_interface_info@RParameters@rsystem@base@UModSys@@UBEABUSUniquePointerInfo@core@4@XZ 004027e5 f i umodsys_lib_basesys:umodsys.basesys.rparameters.obj
 0001:000017eb       ?get_interface_type@RParameters@rsystem@base@UModSys@@UBEPBUSUniquePointerInfo@core@4@XZ 004027eb f i umodsys_lib_basesys:umodsys.basesys.rparameters.obj
 0001:000017f1       ?get_other_interface@RParameters@rsystem@base@UModSys@@UAEPAUIRoot@core@4@PBUSUniquePointerInfo@64@@Z 004027f1 f i umodsys_lib_basesys:umodsys.basesys.rparameters.obj
 0001:000017f1       ?get_other_interface@RParameters@rsystem@base@UModSys@@UBEPBUIRoot@core@4@PBUSUniquePointerInfo@64@@Z 004027f1 f i umodsys_lib_basesys:umodsys.basesys.rparameters.obj
 0001:00001812       ?find_elem@RParameters@rsystem@base@UModSys@@IAEPBUElem@1234@PBXHHHPBD@Z 00402812 f   umodsys_lib_basesys:umodsys.basesys.rparameters.obj
 0001:0000188b       ?estimate_size@RParameters@rsystem@base@UModSys@@IAEHAAUElem@1234@HPBDHH@Z 0040288b f   umodsys_lib_basesys:umodsys.basesys.rparameters.obj
 0001:000018f0       ?free_elems@RParameters@rsystem@base@UModSys@@IAEXPAXH@Z 004028f0 f   umodsys_lib_basesys:umodsys.basesys.rparameters.obj
 0001:00001948       ?alloc_elems@RParameters@rsystem@base@UModSys@@IAEXPAXH@Z 00402948 f   umodsys_lib_basesys:umodsys.basesys.rparameters.obj
 0001:00001995       ?add_last@RParameters@rsystem@base@UModSys@@IAE_NPAUSParametersData@core@4@PBDPBXH@Z 00402995 f   umodsys_lib_basesys:umodsys.basesys.rparameters.obj
 0001:00001b59       ?p_deinit@RParameters@rsystem@base@UModSys@@UAEXPAUSParametersData@core@4@@Z 00402b59 f   umodsys_lib_basesys:umodsys.basesys.rparameters.obj
 0001:00001bae       ?p_init@RParameters@rsystem@base@UModSys@@UAEXPAUSParametersData@core@4@H@Z 00402bae f   umodsys_lib_basesys:umodsys.basesys.rparameters.obj
 0001:00001bf2       ?p_init@RParameters@rsystem@base@UModSys@@UAEXPAUSParametersData@core@4@ABU564@@Z 00402bf2 f   umodsys_lib_basesys:umodsys.basesys.rparameters.obj
 0001:00001c79       ?p_copy@RParameters@rsystem@base@UModSys@@UAEXPAUSParametersData@core@4@ABU564@@Z 00402c79 f   umodsys_lib_basesys:umodsys.basesys.rparameters.obj
 0001:00001d6b       ?p_init_s@RParameters@rsystem@base@UModSys@@UAEXPAUSParametersData@core@4@PAXH@Z 00402d6b f   umodsys_lib_basesys:umodsys.basesys.rparameters.obj
 0001:00001d95       ?p_init_s@RParameters@rsystem@base@UModSys@@UAEXPAUSParametersData@core@4@ABU564@PAXH@Z 00402d95 f   umodsys_lib_basesys:umodsys.basesys.rparameters.obj
 0001:00001dfe       ?next@RParameters@rsystem@base@UModSys@@UAE_NPBUSParametersData@core@4@AAPBD@Z 00402dfe f   umodsys_lib_basesys:umodsys.basesys.rparameters.obj
 0001:00001ea1       ?next@RParameters@rsystem@base@UModSys@@UAE_NPBUSParametersData@core@4@AAU?$TString@U?$TSCoreConst@D@su@tl@UModSys@@U?$TComparerBinaryHash@D@234@@tl@4@@Z 00402ea1 f   umodsys_lib_basesys:umodsys.basesys.rparameters.obj
 0001:00001f42       ?add@RParameters@rsystem@base@UModSys@@UAE_NPAUSParametersData@core@4@PBD1@Z 00402f42 f   umodsys_lib_basesys:umodsys.basesys.rparameters.obj
 0001:00001f58       ?add@RParameters@rsystem@base@UModSys@@UAE_NPAUSParametersData@core@4@PBDH@Z 00402f58 f   umodsys_lib_basesys:umodsys.basesys.rparameters.obj
 0001:00001f6f       ?add@RParameters@rsystem@base@UModSys@@UAE_NPAUSParametersData@core@4@PBDABN@Z 00402f6f f   umodsys_lib_basesys:umodsys.basesys.rparameters.obj
 0001:00001f85       ?add@RParameters@rsystem@base@UModSys@@UAE_NPAUSParametersData@core@4@PBDPAUIRefObject@64@@Z 00402f85 f   umodsys_lib_basesys:umodsys.basesys.rparameters.obj
 0001:00001f9c       ?get@RParameters@rsystem@base@UModSys@@UAE_NPBUSParametersData@core@4@PBDAAPBD@Z 00402f9c f   umodsys_lib_basesys:umodsys.basesys.rparameters.obj
 0001:00001ff0       ?get@RParameters@rsystem@base@UModSys@@UAE_NPBUSParametersData@core@4@PBDAAH@Z 00402ff0 f   umodsys_lib_basesys:umodsys.basesys.rparameters.obj
 0001:00002044       ?get@RParameters@rsystem@base@UModSys@@UAE_NPBUSParametersData@core@4@PBDAAN@Z 00403044 f   umodsys_lib_basesys:umodsys.basesys.rparameters.obj
 0001:00002098       ?get@RParameters@rsystem@base@UModSys@@UAE_NPBUSParametersData@core@4@PBDAAPAUIRefObject@64@@Z 00403098 f   umodsys_lib_basesys:umodsys.basesys.rparameters.obj
 0001:000020ec       ?ref_add@RParameters@rsystem@base@UModSys@@UBEXXZ 004030ec f   umodsys_lib_basesys:umodsys.basesys.rparameters.obj
 0001:000020f0       ?ref_remove@RParameters@rsystem@base@UModSys@@UBEXXZ 004030f0 f   umodsys_lib_basesys:umodsys.basesys.rparameters.obj
 0001:000020fb       ??4?$TString@U?$TSCoreConst@D@su@tl@UModSys@@U?$TComparerBinaryHash@D@234@@tl@UModSys@@QAEABU012@PBD@Z 004030fb f i umodsys_lib_basesys:umodsys.basesys.rparameters.obj
 0001:0000211c       ??$shash@D@su@tl@UModSys@@YAHPBD@Z 0040311c f i umodsys_lib_basesys:umodsys.basesys.rparameters.obj
 0001:00002138       ??$t_alloc@UIMemAlloc@core@UModSys@@@SMemChunk@core@UModSys@@QAE_NAAUIMemAlloc@12@IPBUSSourceContext@12@@Z 00403138 f i umodsys_lib_basesys:umodsys.basesys.rparameters.obj
 0001:00002171       ?pfd_load@RModuleLibrary@rsystem@base@UModSys@@SAPAUIModuleLibraryReg@34@PAUPFD_Data@1234@ABU?$TString@U?$TSCoreConst@D@su@tl@UModSys@@U?$TComparerBinaryHash@D@234@@tl@4@@Z 00403171 f   umodsys_lib_basesys:umodsys.basesys.rmodule.win32.obj
 0001:0000222b       ?pfd_unload@RModuleLibrary@rsystem@base@UModSys@@SA_NPAUPFD_Data@1234@@Z 0040322b f   umodsys_lib_basesys:umodsys.basesys.rmodule.win32.obj
 0001:0000240b       ??0?$U16String@$0BAAA@@syshlp@core@UModSys@@QAE@PBD@Z 0040340b f i umodsys_lib_basesys:umodsys.basesys.rmodule.win32.obj
 0001:0000243c       ?get_interface_info@RModuleLibrary@rsystem@base@UModSys@@UBEABUSUniquePointerInfo@core@4@XZ 0040343c f i umodsys_lib_basesys:umodsys.basesys.rmodulelib.obj
 0001:00002442       ?get_interface_type@RModuleLibrary@rsystem@base@UModSys@@UBEPBUSUniquePointerInfo@core@4@XZ 00403442 f i umodsys_lib_basesys:umodsys.basesys.rmodulelib.obj
 0001:00002448       ?get_other_interface@RModuleLibrary@rsystem@base@UModSys@@UAEPAUIRoot@core@4@PBUSUniquePointerInfo@64@@Z 00403448 f i umodsys_lib_basesys:umodsys.basesys.rmodulelib.obj
 0001:00002448       ?get_other_interface@RModuleLibrary@rsystem@base@UModSys@@UBEPBUIRoot@core@4@PBUSUniquePointerInfo@64@@Z 00403448 f i umodsys_lib_basesys:umodsys.basesys.rmodulelib.obj
 0001:00002469       ?suicide@RParameters@rsystem@base@UModSys@@UAEXXZ 00403469 f i umodsys_lib_basesys:umodsys.basesys.rparameters.obj
 0001:00002469       ?suicide@RModuleLibrary@rsystem@base@UModSys@@UAEXXZ 00403469 f i umodsys_lib_basesys:umodsys.basesys.rmodulelib.obj
 0001:00002474       ?get_sys_libname@RModuleLibrary@rsystem@base@UModSys@@UBE?AU?$TString@U?$TSCoreConst@D@su@tl@UModSys@@U?$TComparerBinaryHash@D@234@@tl@4@XZ 00403474 f   umodsys_lib_basesys:umodsys.basesys.rmodulelib.obj
 0001:0000248c       ?get_privmem@RModuleLibrary@rsystem@base@UModSys@@UBEPAUIMemAlloc@core@4@XZ 0040348c f   umodsys_lib_basesys:umodsys.basesys.rmodulelib.obj
 0001:00002490       ?get_system@RModuleLibrary@rsystem@base@UModSys@@UBEPAUISystem@34@XZ 00403490 f   umodsys_lib_basesys:umodsys.basesys.rmodulelib.obj
 0001:00002494       ?get_console@RSystem@rsystem@base@UModSys@@UAEPAUIConsole@34@XZ 00403494 f   umodsys_lib_basesys:umodsys.basesys.rsystem.obj
 0001:00002494       ?get_module_count@RModuleLibrary@rsystem@base@UModSys@@UBEIXZ 00403494 f   umodsys_lib_basesys:umodsys.basesys.rmodulelib.obj
 0001:00002494       ?ref_links@RParameters@rsystem@base@UModSys@@UBEHXZ 00403494 f   umodsys_lib_basesys:umodsys.basesys.rparameters.obj
 0001:00002498       ?get_module@RModuleLibrary@rsystem@base@UModSys@@UBEPAUIModule@34@I@Z 00403498 f   umodsys_lib_basesys:umodsys.basesys.rmodulelib.obj
 0001:000024ae       ?lib_loaded@RModuleLibrary@rsystem@base@UModSys@@UBE_NXZ 004034ae f   umodsys_lib_basesys:umodsys.basesys.rmodulelib.obj
 0001:000024b7       ?lib_load@RModuleLibrary@rsystem@base@UModSys@@UAE_NXZ 004034b7 f   umodsys_lib_basesys:umodsys.basesys.rmodulelib.obj
 0001:000024d4       ?lib_unload@RModuleLibrary@rsystem@base@UModSys@@UAE_NXZ 004034d4 f   umodsys_lib_basesys:umodsys.basesys.rmodulelib.obj
 0001:000024e8       ?lib_findobjname@RModuleLibrary@rsystem@base@UModSys@@UAEIPBUSUniquePointerInfo@core@4@QAPBU564@I@Z 004034e8 f   umodsys_lib_basesys:umodsys.basesys.rmodulelib.obj
 0001:00002536       ?lib_generate@RModuleLibrary@rsystem@base@UModSys@@UAE_NAAU?$TRefObject@UIRefObject@core@UModSys@@@tl@4@PBUSUniquePointerInfo@core@4@ABUSParameters@84@@Z 00403536 f   umodsys_lib_basesys:umodsys.basesys.rmodulelib.obj
 0001:00002571       ?load0@RModuleLibrary@rsystem@base@UModSys@@QAE_NXZ 00403571 f   umodsys_lib_basesys:umodsys.basesys.rmodulelib.obj
 0001:000025d5       ?link@RModuleLibrary@rsystem@base@UModSys@@QAE_NXZ 004035d5 f   umodsys_lib_basesys:umodsys.basesys.rmodulelib.obj
 0001:00002788       ?unlink@RModuleLibrary@rsystem@base@UModSys@@QAE_NXZ 00403788 f   umodsys_lib_basesys:umodsys.basesys.rmodulelib.obj
 0001:000027bc       ?scan@RModuleLibrary@rsystem@base@UModSys@@QAE_NXZ 004037bc f   umodsys_lib_basesys:umodsys.basesys.rmodulelib.obj
 0001:0000280b       ?save_db@RModuleLibrary@rsystem@base@UModSys@@QAE_NPAU_iobuf@@@Z 0040380b f   umodsys_lib_basesys:umodsys.basesys.rmodulelib.obj
 0001:0000287e       ?s_add@RModuleLibrary@rsystem@base@UModSys@@SA_NPAUISystem@34@AAU?$TArray@U?$TRefObject@URModuleLibrary@rsystem@base@UModSys@@@tl@UModSys@@U?$TAllocator@USMemAlloc_Malloc@core@UModSys@@USCountCalcPower2@23@@23@@tl@4@PBD@Z 0040387e f   umodsys_lib_basesys:umodsys.basesys.rmodulelib.obj
 0001:0000299c       ??0RModuleLibrary@rsystem@base@UModSys@@QAE@PAUISystem@23@PAUPFD_Data@0123@PAUIModuleLibraryReg@23@@Z 0040399c f   umodsys_lib_basesys:umodsys.basesys.rmodulelib.obj
 0001:000029e6       ??_GRModuleLibrary@rsystem@base@UModSys@@UAEPAXI@Z 004039e6 f i umodsys_lib_basesys:umodsys.basesys.rmodulelib.obj
 0001:000029e6       ??_ERModuleLibrary@rsystem@base@UModSys@@UAEPAXI@Z 004039e6 f i  CIL library: CIL module
 0001:00002a56       ??1?$TString@U?$TSCoreShared@USMemAlloc_Malloc@core@UModSys@@D@su@tl@UModSys@@U?$TComparerBinaryHash@D@234@@tl@UModSys@@QAE@XZ 00403a56 f i umodsys_lib_basesys:umodsys.basesys.rmodulelib.obj
 0001:00002a5b       ?ref_add@RModuleLibrary@rsystem@base@UModSys@@UBEXXZ 00403a5b f   umodsys_lib_basesys:umodsys.basesys.rmodulelib.obj
 0001:00002a5f       ?ref_remove@RModuleLibrary@rsystem@base@UModSys@@UBEXXZ 00403a5f f   umodsys_lib_basesys:umodsys.basesys.rmodulelib.obj
 0001:00002a6a       ?ref_links@RModuleLibrary@rsystem@base@UModSys@@UBEHXZ 00403a6a f   umodsys_lib_basesys:umodsys.basesys.rmodulelib.obj
 0001:00002a6e       ??1?$TArray@U?$TRefObject@URModule@rsystem@base@UModSys@@@tl@UModSys@@U?$TAllocator@USMemAlloc_Malloc@core@UModSys@@USCountCalcPower2@23@@23@@tl@UModSys@@QAE@XZ 00403a6e f i umodsys_lib_basesys:umodsys.basesys.rmodulelib.obj
 0001:00002a8e       ?set@?$TString@U?$TSCoreShared@USMemAlloc_Malloc@core@UModSys@@D@su@tl@UModSys@@U?$TComparerBinaryHash@D@234@@tl@UModSys@@QAEXPBD@Z 00403a8e f i umodsys_lib_basesys:umodsys.basesys.rmodulelib.obj
 0001:00002b05       ?info_release@?$TSCoreShared@USMemAlloc_Malloc@core@UModSys@@D@su@tl@UModSys@@QAEXXZ 00403b05 f i umodsys_lib_basesys:umodsys.basesys.rmodulelib.obj
 0001:00002b2f       ?push@?$TArray@U?$TRefObject@URModuleLibrary@rsystem@base@UModSys@@@tl@UModSys@@U?$TAllocator@USMemAlloc_Malloc@core@UModSys@@USCountCalcPower2@23@@23@@tl@UModSys@@QAE_NABU?$TRefObject@URModuleLibrary@rsystem@base@UModSys@@@23@@Z 00403b2f f i umodsys_lib_basesys:umodsys.basesys.rmodulelib.obj
 0001:00002b8b       ?resize@?$TArray@U?$TRefObject@URModuleLibrary@rsystem@base@UModSys@@@tl@UModSys@@U?$TAllocator@USMemAlloc_Malloc@core@UModSys@@USCountCalcPower2@23@@23@@tl@UModSys@@QAE_NI@Z 00403b8b f i umodsys_lib_basesys:umodsys.basesys.rmoduleloader.obj
 0001:00002b8b       ?resize@?$TArray@U?$TRefObject@URModule@rsystem@base@UModSys@@@tl@UModSys@@U?$TAllocator@USMemAlloc_Malloc@core@UModSys@@USCountCalcPower2@23@@23@@tl@UModSys@@QAE_NI@Z 00403b8b f i umodsys_lib_basesys:umodsys.basesys.rmodulelib.obj
 0001:00002c09       ??$t_realloc_array@U?$TRefObject@URModule@rsystem@base@UModSys@@@tl@UModSys@@@?$TAllocator@USMemAlloc_Malloc@core@UModSys@@USCountCalcPower2@23@@tl@UModSys@@QAE_NAAPAU?$TRefObject@URModule@rsystem@base@UModSys@@@12@AAIIPAUSSourceContext@core@2@@Z 00403c09 f i umodsys_lib_basesys:umodsys.basesys.rmodulelib.obj
 0001:00002c09       ??$t_realloc_array@U?$TRefObject@URModuleLibrary@rsystem@base@UModSys@@@tl@UModSys@@@?$TAllocator@USMemAlloc_Malloc@core@UModSys@@USCountCalcPower2@23@@tl@UModSys@@QAE_NAAPAU?$TRefObject@URModuleLibrary@rsystem@base@UModSys@@@12@AAIIPAUSSourceContext@core@2@@Z 00403c09 f i umodsys_lib_basesys:umodsys.basesys.rmoduleloader.obj
 0001:00002c3e       ?get_interface_info@RModule@rsystem@base@UModSys@@UBEABUSUniquePointerInfo@core@4@XZ 00403c3e f i umodsys_lib_basesys:umodsys.basesys.rmodule.obj
 0001:00002c44       ?get_interface_type@RModule@rsystem@base@UModSys@@UBEPBUSUniquePointerInfo@core@4@XZ 00403c44 f i umodsys_lib_basesys:umodsys.basesys.rmodule.obj
 0001:00002c4a       ?get_interface_types@RModuleLibrary@rsystem@base@UModSys@@UBEIAAUSUniquePtrList@core@4@@Z 00403c4a f i umodsys_lib_basesys:umodsys.basesys.rmodulelib.obj
 0001:00002c4a       ?get_interface_types@RConsole_std@rsystem@base@UModSys@@UBEIAAUSUniquePtrList@core@4@@Z 00403c4a f i umodsys_lib_basesys:umodsys.basesys.rconsole_std.obj
 0001:00002c4a       ?get_interface_types@RModule@rsystem@base@UModSys@@UBEIAAUSUniquePtrList@core@4@@Z 00403c4a f i umodsys_lib_basesys:umodsys.basesys.rmodule.obj
 0001:00002c4a       ?get_interface_types@RParameters@rsystem@base@UModSys@@UBEIAAUSUniquePtrList@core@4@@Z 00403c4a f i umodsys_lib_basesys:umodsys.basesys.rparameters.obj
 0001:00002c4a       ?get_interface_types@RSystem@rsystem@base@UModSys@@UBEIAAUSUniquePtrList@core@4@@Z 00403c4a f i umodsys_lib_basesys:umodsys.basesys.rsystem_main.obj
 0001:00002c4f       ?get_other_interface@RModule@rsystem@base@UModSys@@UAEPAUIRoot@core@4@PBUSUniquePointerInfo@64@@Z 00403c4f f i umodsys_lib_basesys:umodsys.basesys.rmodule.obj
 0001:00002c4f       ?get_other_interface@RModule@rsystem@base@UModSys@@UBEPBUIRoot@core@4@PBUSUniquePointerInfo@64@@Z 00403c4f f i umodsys_lib_basesys:umodsys.basesys.rmodule.obj
 0001:00002c70       ?suicide@RModule@rsystem@base@UModSys@@UAEXXZ 00403c70 f i umodsys_lib_basesys:umodsys.basesys.rmodule.obj
 0001:00002cac       ?get_library@RModule@rsystem@base@UModSys@@UBEPAUIModuleLibrary@34@XZ 00403cac f   umodsys_lib_basesys:umodsys.basesys.rmodule.obj
 0001:00002cb0       ?get_info@RModule@rsystem@base@UModSys@@UBEABUSModuleInfo@34@XZ 00403cb0 f   umodsys_lib_basesys:umodsys.basesys.rmodule.obj
 0001:00002cb4       ?is_open@RModule@rsystem@base@UModSys@@UBE_NXZ 00403cb4 f   umodsys_lib_basesys:umodsys.basesys.rmodule.obj
 0001:00002ccd       ?open@RModule@rsystem@base@UModSys@@UAE_NXZ 00403ccd f   umodsys_lib_basesys:umodsys.basesys.rmodule.obj
 0001:00002d1d       ?close@RModule@rsystem@base@UModSys@@UAE_NXZ 00403d1d f   umodsys_lib_basesys:umodsys.basesys.rmodule.obj
 0001:00002d5a       ?reg@RModule@rsystem@base@UModSys@@UAE_NPAUIModObject@34@_N@Z 00403d5a f   umodsys_lib_basesys:umodsys.basesys.rmodule.obj
 0001:00002d84       ?reg@RModule@rsystem@base@UModSys@@UAE_NPAUIGenerator@34@_N@Z 00403d84 f   umodsys_lib_basesys:umodsys.basesys.rmodule.obj
 0001:00002dc7       ?mod_findobjname@RModule@rsystem@base@UModSys@@UAEIPBUSUniquePointerInfo@core@4@QAPBU564@I@Z 00403dc7 f   umodsys_lib_basesys:umodsys.basesys.rmodule.obj
 0001:00002e3b       ?mod_generate@RModule@rsystem@base@UModSys@@UAE_NAAU?$TRefObject@UIRefObject@core@UModSys@@@tl@4@PBUSUniquePointerInfo@core@4@ABUSParameters@84@@Z 00403e3b f   umodsys_lib_basesys:umodsys.basesys.rmodule.obj
 0001:00002f2d       ?reg_generator@RModule@rsystem@base@UModSys@@QAE_NPAUModuleObjInfo@1234@PAUIGenerator@34@@Z 00403f2d f   umodsys_lib_basesys:umodsys.basesys.rmodule.obj
 0001:0000309c       ?reg_obj@RModule@rsystem@base@UModSys@@QAEPAUModuleObjInfo@1234@PAUIModObject@34@@Z 0040409c f   umodsys_lib_basesys:umodsys.basesys.rmodule.obj
 0001:000031a0       ?unreg_obj@RModule@rsystem@base@UModSys@@QAE_NPAUIModObject@34@@Z 004041a0 f   umodsys_lib_basesys:umodsys.basesys.rmodule.obj
 0001:00003232       ?alloc_minfo@RModule@rsystem@base@UModSys@@QAE_NABUSModuleInfo@34@@Z 00404232 f   umodsys_lib_basesys:umodsys.basesys.rmodule.obj
 0001:000032a5       ?save_db@RModule@rsystem@base@UModSys@@QAE_NPAU_iobuf@@@Z 004042a5 f   umodsys_lib_basesys:umodsys.basesys.rmodule.obj
 0001:00003420       ??0RModule@rsystem@base@UModSys@@QAE@PAURModuleLibrary@123@PAUIModuleReg@23@@Z 00404420 f   umodsys_lib_basesys:umodsys.basesys.rmodule.obj
 0001:000034a8       ??_GRModule@rsystem@base@UModSys@@UAEPAXI@Z 004044a8 f i umodsys_lib_basesys:umodsys.basesys.rmodule.obj
 0001:000034a8       ??_ERModule@rsystem@base@UModSys@@UAEPAXI@Z 004044a8 f i  CIL library: CIL module
 0001:000034f2       ?ref_add@RModule@rsystem@base@UModSys@@UBEXXZ 004044f2 f   umodsys_lib_basesys:umodsys.basesys.rmodule.obj
 0001:000034f6       ?ref_remove@RModule@rsystem@base@UModSys@@UBEXXZ 004044f6 f   umodsys_lib_basesys:umodsys.basesys.rmodule.obj
 0001:00003501       ?ref_links@RModule@rsystem@base@UModSys@@UBEHXZ 00404501 f   umodsys_lib_basesys:umodsys.basesys.rmodule.obj
 0001:00003505       ??1?$TArray@UModuleObjInfo@RModule@rsystem@base@UModSys@@U?$TAllocator@USMemAlloc_Malloc@core@UModSys@@USCountCalcPower2@23@@tl@5@@tl@UModSys@@QAE@XZ 00404505 f i umodsys_lib_basesys:umodsys.basesys.rmodule.obj
 0001:00003525       ??1?$TArray@UGeneratedObjInfo@RModule@rsystem@base@UModSys@@U?$TAllocator@USMemAlloc_Malloc@core@UModSys@@USCountCalcPower2@23@@tl@5@@tl@UModSys@@QAE@XZ 00404525 f i umodsys_lib_basesys:umodsys.basesys.rmodule.obj
 0001:00003545       ??1?$TArray@PBUSUniquePointerInfo@core@UModSys@@U?$TAllocator@USMemAlloc_Malloc@core@UModSys@@USCountCalcPower2@23@@tl@3@@tl@UModSys@@QAE@XZ 00404545 f i umodsys_lib_basesys:umodsys.basesys.rmodule.obj
 0001:00003565       ?resize@?$TArray@UModuleObjInfo@RModule@rsystem@base@UModSys@@U?$TAllocator@USMemAlloc_Malloc@core@UModSys@@USCountCalcPower2@23@@tl@5@@tl@UModSys@@QAE_NI@Z 00404565 f i umodsys_lib_basesys:umodsys.basesys.rmodule.obj
 0001:000035e1       ?resize@?$TArray@UGeneratedObjInfo@RModule@rsystem@base@UModSys@@U?$TAllocator@USMemAlloc_Malloc@core@UModSys@@USCountCalcPower2@23@@tl@5@@tl@UModSys@@QAE_NI@Z 004045e1 f i umodsys_lib_basesys:umodsys.basesys.rmodule.obj
 0001:00003651       ?resize@?$TArray@PBUSUniquePointerInfo@core@UModSys@@U?$TAllocator@USMemAlloc_Malloc@core@UModSys@@USCountCalcPower2@23@@tl@3@@tl@UModSys@@QAE_NI@Z 00404651 f i umodsys_lib_basesys:umodsys.basesys.rmodule.obj
 0001:0000369a       ??1IModuleLoader@base@UModSys@@UAE@XZ 0040469a f   umodsys_lib_base:umodsys.base.moduleloader.obj
 0001:000036a1       ??1ISystem@base@UModSys@@UAE@XZ 004046a1 f   umodsys_lib_base:umodsys.base.system.obj
 0001:000036a1       ??1IModule@base@UModSys@@UAE@XZ 004046a1 f   umodsys_lib_base:umodsys.base.module.obj
 0001:000036a1       ??1IModuleLibrary@base@UModSys@@UAE@XZ 004046a1 f   umodsys_lib_base:umodsys.base.module.obj
 0001:000036a8       ??0SUniquePointer@core@UModSys@@QAE@PBD0H@Z 004046a8 f   umodsys_lib_core:umodsys.core.uniqueptr.obj
 0001:000036e8       ??1SUniquePointer@core@UModSys@@QAE@XZ 004046e8 f   umodsys_lib_core:umodsys.core.uniqueptr.obj
 0001:00003706       ?c_fopen@syshlp@core@UModSys@@YAPAU_iobuf@@PBD0@Z 00404706 f   umodsys_lib_core:umodsys.core.syshlp_files.win32.obj
 0001:00003774       ?gracial_cpy@syshlp@core@UModSys@@YA_NPADHQAPBDH@Z 00404774 f   umodsys_lib_core:umodsys.core.syshlp_chars.win32.obj
 0001:000037f7       ?gracial_cpy@syshlp@core@UModSys@@YA_NPA_WHQAPB_WH@Z 004047f7 f   umodsys_lib_core:umodsys.core.syshlp_chars.win32.obj
 0001:00003887       ?path_uni_os@syshlp@core@UModSys@@YAXPA_W@Z 00404887 f   umodsys_lib_core:umodsys.core.syshlp_chars.win32.obj
 0001:0000389e       ?gracial_convert@syshlp@core@UModSys@@YA_NPA_WHPBDH@Z 0040489e f   umodsys_lib_core:umodsys.core.syshlp_charcode.win32.obj
 0001:000038cb       ?gracial_convert@syshlp@core@UModSys@@YA_NPADHPB_WH@Z 004048cb f   umodsys_lib_core:umodsys.core.syshlp_charcode.win32.obj
 0001:000038fb       __onexit                   004048fb f   MSVCRT:atonexit.obj
 0001:000039a0       _atexit                    004049a0 f   MSVCRT:atonexit.obj
 0001:00003c59       _mainCRTStartup            00404c59 f   MSVCRT:crtexe.obj
 0001:00003c64       __purecall                 00404c64 f   MSVCRT:MSVCR90.dll
 0001:00003c6a       ??3@YAXPAX@Z               00404c6a f   MSVCRT:MSVCR90.dll
 0001:00003c70       ??_Etype_info@@UAEPAXI@Z   00404c70 f i MSVCRT:ti_inst.obj
 0001:00003cbc       ??2@YAPAXI@Z               00404cbc f   MSVCRT:MSVCR90.dll
 0001:00003cc2       __unlock                   00404cc2 f   MSVCRT:MSVCR90.dll
 0001:00003cc8       ___dllonexit               00404cc8 f   MSVCRT:MSVCR90.dll
 0001:00003cce       __lock                     00404cce f   MSVCRT:MSVCR90.dll
 0001:00003cd4       __SEH_prolog4              00404cd4 f   MSVCRT:sehprolg4.obj
 0001:00003d19       __SEH_epilog4              00404d19 f   MSVCRT:sehprolg4.obj
 0001:00003d2d       __except_handler4          00404d2d f   MSVCRT:chandler4gs.obj
 0001:00003d52       ?__CxxUnhandledExceptionFilter@@YGJPAU_EXCEPTION_POINTERS@@@Z 00404d52 f   MSVCRT:unhandld.obj
 0001:00003d94       ___CxxSetUnhandledExceptionFilter 00404d94 f   MSVCRT:unhandld.obj
 0001:00003da2       __amsg_exit                00404da2 f   MSVCRT:MSVCR90.dll
 0001:00003da8       __RTC_Initialize           00404da8 f   MSVCRT:_initsect_.obj
 0001:00003dce       __RTC_Terminate            00404dce f   MSVCRT:_initsect_.obj
 0001:00003df4       __XcptFilter               00404df4 f   MSVCRT:MSVCR90.dll
 0001:00003e00       __ValidateImageBase        00404e00 f   MSVCRT:pesect.obj
 0001:00003e40       __FindPESection            00404e40 f   MSVCRT:pesect.obj
 0001:00003e90       __IsNonwritableInCurrentImage 00404e90 f   MSVCRT:pesect.obj
 0001:00003f4e       __initterm                 00404f4e f   MSVCRT:MSVCR90.dll
 0001:00003f54       __initterm_e               00404f54 f   MSVCRT:MSVCR90.dll
 0001:00003f5a       __setdefaultprecision      00404f5a f   MSVCRT:fp8.obj
 0001:00003f85       ___security_init_cookie    00404f85 f   MSVCRT:gs_support.obj
 0001:0000401b       ?__ArrayUnwind@@YGXPAXIHP6EX0@Z@Z 0040501b f   MSVCRT:ehvecdtr.obj
 0001:00004079       ??_M@YGXPAXIHP6EX0@Z@Z     00405079 f   MSVCRT:ehvecdtr.obj
 0001:000040dc       @__security_check_cookie@4 004050dc f   MSVCRT:secchk.obj
 0001:000040ec       __except_handler4_common   004050ec f   MSVCRT:MSVCR90.dll
 0001:000040f2       ?terminate@@YAXXZ          004050f2 f   MSVCRT:MSVCR90.dll
 0001:000040f8       __invoke_watson            004050f8 f   MSVCRT:MSVCR90.dll
 0001:000040fe       __controlfp_s              004050fe f   MSVCRT:MSVCR90.dll
 0001:00004104       ?_type_info_dtor_internal_method@type_info@@QAEXXZ 00405104 f   MSVCRT:MSVCR90.dll
 0001:00004104       ??1type_info@@UAE@XZ       00405104 f   MSVCRT:MSVCR90.dll
 0001:0000410a       ___report_gsfailure        0040510a f   MSVCRT:gs_report.obj
 0001:00004210       __crt_debugger_hook        00405210 f   MSVCRT:MSVCR90.dll
 0001:00004216       _memcpy                    00405216 f   MSVCRT:MSVCR90.dll
 0001:00004220       __alloca_probe             00405220     MSVCRT:chkstk.obj
 0001:00004220       __chkstk                   00405220 f   MSVCRT:chkstk.obj
 0001:0000424c       ___CxxFrameHandler3        0040524c f   MSVCRT:MSVCR90.dll
 0001:00004254       __EH_prolog                00405254 f   MSVCRT:ehprolog.obj
 0001:00004274       __CxxThrowException@8      00405274 f   MSVCRT:MSVCR90.dll
 0002:00000000       __imp__UnhandledExceptionFilter@4 00406000     kernel32:KERNEL32.dll
 0002:00000004       __imp__GetCurrentProcess@0 00406004     kernel32:KERNEL32.dll
 0002:00000008       __imp__TerminateProcess@8  00406008     kernel32:KERNEL32.dll
 0002:0000000c       __imp__GetSystemTimeAsFileTime@4 0040600c     kernel32:KERNEL32.dll
 0002:00000010       __imp__GetCurrentProcessId@0 00406010     kernel32:KERNEL32.dll
 0002:00000014       __imp__GetCurrentThreadId@0 00406014     kernel32:KERNEL32.dll
 0002:00000018       __imp__GetTickCount@0      00406018     kernel32:KERNEL32.dll
 0002:0000001c       __imp__QueryPerformanceCounter@4 0040601c     kernel32:KERNEL32.dll
 0002:00000020       __imp__SetUnhandledExceptionFilter@4 00406020     kernel32:KERNEL32.dll
 0002:00000024       __imp__InterlockedCompareExchange@12 00406024     kernel32:KERNEL32.dll
 0002:00000028       __imp__Sleep@4             00406028     kernel32:KERNEL32.dll
 0002:0000002c       __imp__InterlockedExchange@8 0040602c     kernel32:KERNEL32.dll
 0002:00000030       __imp__MultiByteToWideChar@24 00406030     kernel32:KERNEL32.dll
 0002:00000034       __imp__WideCharToMultiByte@32 00406034     kernel32:KERNEL32.dll
 0002:00000038       __imp__FindNextFileW@8     00406038     kernel32:KERNEL32.dll
 0002:0000003c       __imp__FindClose@4         0040603c     kernel32:KERNEL32.dll
 0002:00000040       __imp__GetProcAddress@8    00406040     kernel32:KERNEL32.dll
 0002:00000044       __imp__LoadLibraryExW@12   00406044     kernel32:KERNEL32.dll
 0002:00000048       __imp__FreeLibrary@4       00406048     kernel32:KERNEL32.dll
 0002:0000004c       __imp__SetErrorMode@4      0040604c     kernel32:KERNEL32.dll
 0002:00000050       __imp__FindFirstFileW@8    00406050     kernel32:KERNEL32.dll
 0002:00000054       __imp__GetFullPathNameW@16 00406054     kernel32:KERNEL32.dll
 0002:00000058       __imp__IsDebuggerPresent@0 00406058     kernel32:KERNEL32.dll
 0002:0000005c       \177KERNEL32_NULL_THUNK_DATA 0040605c     kernel32:KERNEL32.dll
 0002:00000060       __imp___exit               00406060     MSVCRT:MSVCR90.dll
 0002:00000064       __imp___XcptFilter         00406064     MSVCRT:MSVCR90.dll
 0002:00000068       __imp__exit                00406068     MSVCRT:MSVCR90.dll
 0002:0000006c       __imp____initenv           0040606c     MSVCRT:MSVCR90.dll
 0002:00000070       __imp___initterm           00406070     MSVCRT:MSVCR90.dll
 0002:00000074       __imp___initterm_e         00406074     MSVCRT:MSVCR90.dll
 0002:00000078       __imp___configthreadlocale 00406078     MSVCRT:MSVCR90.dll
 0002:0000007c       __imp____setusermatherr    0040607c     MSVCRT:MSVCR90.dll
 0002:00000080       __imp___adjust_fdiv        00406080     MSVCRT:MSVCR90.dll
 0002:00000084       __imp___cexit              00406084     MSVCRT:MSVCR90.dll
 0002:00000088       __imp____p__fmode          00406088     MSVCRT:MSVCR90.dll
 0002:0000008c       __imp____set_app_type      0040608c     MSVCRT:MSVCR90.dll
 0002:00000090       __imp___except_handler4_common 00406090     MSVCRT:MSVCR90.dll
 0002:00000094       __imp_?terminate@@YAXXZ    00406094     MSVCRT:MSVCR90.dll
 0002:00000098       __imp___invoke_watson      00406098     MSVCRT:MSVCR90.dll
 0002:0000009c       __imp___controlfp_s        0040609c     MSVCRT:MSVCR90.dll
 0002:000000a0       __imp_?_type_info_dtor_internal_method@type_info@@QAEXXZ 004060a0     MSVCRT:MSVCR90.dll
 0002:000000a4       __imp___crt_debugger_hook  004060a4     MSVCRT:MSVCR90.dll
 0002:000000a8       __imp____getmainargs       004060a8     MSVCRT:MSVCR90.dll
 0002:000000ac       __imp___amsg_exit          004060ac     MSVCRT:MSVCR90.dll
 0002:000000b0       __imp___decode_pointer     004060b0     MSVCRT:MSVCR90.dll
 0002:000000b4       __imp___onexit             004060b4     MSVCRT:MSVCR90.dll
 0002:000000b8       __imp___lock               004060b8     MSVCRT:MSVCR90.dll
 0002:000000bc       __imp___encode_pointer     004060bc     MSVCRT:MSVCR90.dll
 0002:000000c0       __imp____dllonexit         004060c0     MSVCRT:MSVCR90.dll
 0002:000000c4       __imp___unlock             004060c4     MSVCRT:MSVCR90.dll
 0002:000000c8       __imp___wfopen             004060c8     MSVCRT:MSVCR90.dll
 0002:000000cc       __imp__realloc             004060cc     MSVCRT:MSVCR90.dll
 0002:000000d0       __imp__fprintf             004060d0     MSVCRT:MSVCR90.dll
 0002:000000d4       __imp__strncpy             004060d4     MSVCRT:MSVCR90.dll
 0002:000000d8       __imp__strncmp             004060d8     MSVCRT:MSVCR90.dll
 0002:000000dc       __imp__memmove             004060dc     MSVCRT:MSVCR90.dll
 0002:000000e0       __imp_??2@YAPAXI@Z         004060e0     MSVCRT:MSVCR90.dll
 0002:000000e4       __imp___snprintf           004060e4     MSVCRT:MSVCR90.dll
 0002:000000e8       __imp__malloc              004060e8     MSVCRT:MSVCR90.dll
 0002:000000ec       __imp__free                004060ec     MSVCRT:MSVCR90.dll
 0002:000000f0       __imp__fclose              004060f0     MSVCRT:MSVCR90.dll
 0002:000000f4       __imp__vfprintf            004060f4     MSVCRT:MSVCR90.dll
 0002:000000f8       __imp_??3@YAXPAX@Z         004060f8     MSVCRT:MSVCR90.dll
 0002:000000fc       __imp___purecall           004060fc     MSVCRT:MSVCR90.dll
 0002:00000100       __imp____p__commode        00406100     MSVCRT:MSVCR90.dll
 0002:00000104       __imp____iob_func          00406104     MSVCRT:MSVCR90.dll
 0002:00000108       __imp__memcpy              00406108     MSVCRT:MSVCR90.dll
 0002:0000010c       __imp____CxxFrameHandler3  0040610c     MSVCRT:MSVCR90.dll
 0002:00000110       __imp___CxxThrowException@8 00406110     MSVCRT:MSVCR90.dll
 0002:00000114       \177MSVCR90_NULL_THUNK_DATA 00406114     MSVCRT:MSVCR90.dll
 0002:00000118       ___xc_a                    00406118     MSVCRT:cinitexe.obj
 0002:00000170       ___xc_z                    00406170     MSVCRT:cinitexe.obj
 0002:00000174       ___xi_a                    00406174     MSVCRT:cinitexe.obj
 0002:00000180       ___xi_z                    00406180     MSVCRT:cinitexe.obj
 0002:0000018c       ??_7type_info@@6B@         0040618c     MSVCRT:ti_inst.obj
 0002:00000198       ??_C@_0P@GHFPNOJB@bad?5allocation?$AA@ 00406198     umodsys.c_main.obj
 0002:000001a8       ??_C@_0BF@OCNNAADO@UModSys?3?3core?3?3IRoot?$AA@ 004061a8     umodsys.c_main.obj
 0002:000001c0       ??_C@_0BK@EMIJFOPA@UModSys?3?3core?3?3IRefObject?$AA@ 004061c0     umodsys.c_main.obj
 0002:000001dc       ??_C@_0BL@IOMMHELF@UModSys?3?3core?3?3IParameters?$AA@ 004061dc     umodsys.c_main.obj
 0002:000001f8       ??_C@_0BI@IKAOEFAP@UModSys?3?3base?3?3IConsole?$AA@ 004061f8     umodsys.c_main.obj
 0002:00000210       ??_C@_0BH@LKDEEPPM@UModSys?3?3base?3?3IModule?$AA@ 00406210     umodsys.c_main.obj
 0002:00000228       ??_C@_0BO@PHJOHFCB@UModSys?3?3base?3?3IModuleLibrary?$AA@ 00406228     umodsys.c_main.obj
 0002:00000248       ??_C@_0BH@PFCONEJJ@UModSys?3?3base?3?3ISystem?$AA@ 00406248     umodsys.c_main.obj
 0002:00000260       ??_C@_0BK@FDPIOPHG@UModSys?3?3base?3?3IModObject?$AA@ 00406260     umodsys.c_main.obj
 0002:0000027c       ??_C@_0BK@OIBKNCKJ@UModSys?3?3base?3?3IGenerator?$AA@ 0040627c     umodsys.c_main.obj
 0002:00000298       ??_C@_0BG@PJBGCMEC@UModSys?3?3base?3?3IShell?$AA@ 00406298     umodsys.c_main.obj
 0002:000002b0       ??_C@_0CA@MDFMKLLN@UModSys?3?3base?3?3rsystem?3?3RModule?$AA@ 004062b0     umodsys.c_main.obj
 0002:000002d0       ??_C@_0CH@CHECIBOC@UModSys?3?3base?3?3rsystem?3?3RModuleL@ 004062d0     umodsys.c_main.obj
 0002:000002f8       ??_C@_0CE@IHGMMEEA@UModSys?3?3base?3?3rsystem?3?3RParamet@ 004062f8     umodsys.c_main.obj
 0002:0000031c       ??_C@_0CA@IMEGDANI@UModSys?3?3base?3?3rsystem?3?3RSystem?$AA@ 0040631c     umodsys.c_main.obj
 0002:0000033c       ??_C@_0CF@KIMLNODL@UModSys?3?3base?3?3rsystem?3?3RConsole@ 0040633c     umodsys.c_main.obj
 0002:00000364       ??_C@_0M@DCEPEPFJ@umodsys?4log?$AA@ 00406364     umodsys.c_main.obj
 0002:00000370       ??_C@_00CNPNBAHC@?$AA@     00406370     umodsys.c_main.obj
 0002:00000374       ??_C@_01NBENCBCI@?$CK?$AA@ 00406374     umodsys.c_main.obj
 0002:00000378       ??_C@_0BC@JABDEAFI@moduledb?4conf?9hdb?$AA@ 00406378     umodsys.c_main.obj
 0002:0000038c       ??_C@_08FCBDOIAH@typeinfo?$AA@ 0040638c     umodsys.c_main.obj
 0002:00000398       ??_C@_02BKFDOEMK@wt?$AA@   00406398     umodsys_lib_basesys:umodsys.basesys.rconsole_std.obj
 0002:000003a0       ??_7IRoot@core@UModSys@@6B@ 004063a0     umodsys_lib_basesys:umodsys.basesys.rconsole_std.obj
 0002:000003bc       ??_7RConsole_std@rsystem@base@UModSys@@6B@ 004063bc     umodsys_lib_basesys:umodsys.basesys.rconsole_std.obj
 0002:000003f8       ??_C@_04HIBGFPH@NULL?$AA@  004063f8     umodsys_lib_basesys:umodsys.basesys.rsystem_main.obj
 0002:00000400       ??_C@_0L@FPKIMPHA@?$CD?$CF08x?5?$CC?$CFs?$CC?$AA@ 00406400     umodsys_lib_basesys:umodsys.basesys.rsystem_main.obj
 0002:0000040c       ??_C@_0BC@HBJCAHHB@EFatal?5?$CD?$CF08x?5?$CC?$CFs?$CC?$AA@ 0040640c     umodsys_lib_basesys:umodsys.basesys.rsystem_main.obj
 0002:00000420       ??_C@_0BE@IIJFBNID@EWarning?5?$CD?$CF08x?5?$CC?$CFs?$CC?$AA@ 00406420     umodsys_lib_basesys:umodsys.basesys.rsystem_main.obj
 0002:00000434       ??_C@_0BB@KFMJENMO@RSystem?3?3init?$CI?$CJ?6?$AA@ 00406434     umodsys_lib_basesys:umodsys.basesys.rsystem_main.obj
 0002:00000448       ??_C@_0BI@FKDCNCM@RSystem?3?3exec_args?$CI?$CFd?$CJ?6?$AA@ 00406448     umodsys_lib_basesys:umodsys.basesys.rsystem_main.obj
 0002:00000460       ??_C@_0BG@NFAKDFBG@RSystem?3?3exec_main?$CI?$CJ?6?$AA@ 00406460     umodsys_lib_basesys:umodsys.basesys.rsystem_main.obj
 0002:00000478       ??_C@_0BD@CKNOJECK@RSystem?3?3deinit?$CI?$CJ?6?$AA@ 00406478     umodsys_lib_basesys:umodsys.basesys.rsystem_main.obj
 0002:0000048c       ??_C@_0CF@JPBAHPOH@RSystem?3?3dump_upis?$CI?$CJ?5?$HLS?3?$CFd?5C?3?$CFd?$HN@ 0040648c     umodsys_lib_basesys:umodsys.basesys.rsystem_main.obj
 0002:000004b4       ??_C@_0P@IOHPGEIC@?5?5?$CFu?5upi?5NULL?6?$AA@ 004064b4     umodsys_lib_basesys:umodsys.basesys.rsystem_main.obj
 0002:000004c4       ??_C@_0BI@BNCFOLP@?5?5?$CFu?5?$CFp?5upi?$HL?$CFs?5?$CFs?$CI?$CFd?$CJ?$HN?6?$AA@ 004064c4     umodsys_lib_basesys:umodsys.basesys.rsystem_main.obj
 0002:000004dc       ??_C@_0BJ@LINIAOAF@RSystem?3?3dump_upis?$CI?$CJ?5?1?5?6?$AA@ 004064dc     umodsys_lib_basesys:umodsys.basesys.rsystem_main.obj
 0002:000004fc       ??_7EExceptionBase@core@UModSys@@6B@ 004064fc     umodsys_lib_basesys:umodsys.basesys.rsystem_main.obj
 0002:00000508       ??_7EFatal@core@UModSys@@6B@ 00406508     umodsys_lib_basesys:umodsys.basesys.rsystem_main.obj
 0002:00000514       ??_7EWarning@core@UModSys@@6B@ 00406514     umodsys_lib_basesys:umodsys.basesys.rsystem_main.obj
 0002:00000520       ??_7?$TRMemAlloc_CC@U?$TMemAllocHeader@USMagic@mem_headers@rsystem@base@UModSys@@U?$TPool@X@2345@USDebug@2345@UVoid@core@5@@rsystem@base@UModSys@@USMemAlloc_Malloc@core@4@@rsystem@base@UModSys@@6B@ 00406520     umodsys_lib_basesys:umodsys.basesys.rsystem_main.obj
 0002:00000530       ??_7RSystem@rsystem@base@UModSys@@6BISystem@23@@ 00406530     umodsys_lib_basesys:umodsys.basesys.rsystem_main.obj
 0002:0000056c       ??_7RSystem@rsystem@base@UModSys@@6BIUniquePointerResolver@core@3@@ 0040656c     umodsys_lib_basesys:umodsys.basesys.rsystem_main.obj
 0002:00000578       ??_7RSystem@rsystem@base@UModSys@@6BISourceContextAdapter@core@3@@ 00406578     umodsys_lib_basesys:umodsys.basesys.rsystem_main.obj
 0002:0000057c       ??_C@_0BC@NNHIIPO@shells?5found?3?5?$CFd?6?$AA@ 0040657c     umodsys_lib_basesys:umodsys.basesys.rsystem_tests.obj
 0002:00000590       ??_C@_0BA@EBBPOIJG@?5?5shell?3?5?$CFp?5?$CFs?6?$AA@ 00406590     umodsys_lib_basesys:umodsys.basesys.rsystem_tests.obj
 0002:000005a0       ??_C@_0BF@JPMHOAKE@?5?5?5?5shell?5gen?5error?6?$AA@ 004065a0     umodsys_lib_basesys:umodsys.basesys.rsystem_tests.obj
 0002:000005b8       ??_C@_0BL@NANLGMEE@?5?5?5?5shell?5generated?5as?5?$CFp?6?$AA@ 004065b8     umodsys_lib_basesys:umodsys.basesys.rsystem_tests.obj
 0002:000005d4       ??_C@_0BD@NFNPGOAG@?1shells?5found?3?5?$CFd?6?$AA@ 004065d4     umodsys_lib_basesys:umodsys.basesys.rsystem_tests.obj
 0002:000005e8       ??_C@_0DG@DMGFJEPO@RModuleLoader?3?3moduledb_cleanup?$CI@ 004065e8     umodsys_lib_basesys:umodsys.basesys.rmoduleloader.obj
 0002:00000620       ??_C@_02GMLFBBN@wb?$AA@    00406620     umodsys_lib_basesys:umodsys.basesys.rmoduleloader.obj
 0002:00000624       ??_C@_0BN@BDEAMLC@?$CD?5LIST?5OF?5LIBRARY?5MODULES?3?6?6?$AA@ 00406624     umodsys_lib_basesys:umodsys.basesys.rmoduleloader.obj
 0002:00000644       ??_C@_0BF@PLOHEFDA@?5?$HL?5mod_list?$DN?$CFd?3?$FL?$FN?5?$HN?6?$AA@ 00406644     umodsys_lib_basesys:umodsys.basesys.rmoduleloader.obj
 0002:00000664       ??_7IModuleLoader@base@UModSys@@6B@ 00406664     umodsys_lib_basesys:umodsys.basesys.rmoduleloader.obj
 0002:000006a4       ??_7RModuleLoader@rsystem@base@UModSys@@6B@ 004066a4     umodsys_lib_basesys:umodsys.basesys.rmoduleloader.obj
 0002:000006e4       ??_7RParameters@rsystem@base@UModSys@@6B@ 004066e4     umodsys_lib_basesys:umodsys.basesys.rparameters.obj
 0002:0000074c       ??_C@_0BJ@IHGOMCFA@_UModSys_Plugin_Entry2?$EA0?$AA@ 0040674c     umodsys_lib_basesys:umodsys.basesys.rmodule.win32.obj
 0002:00000768       ??_C@_0CI@IABKIJLA@?5?5?5?5?5?5?5?5?5?5load?5so?$CI?$CC?$CFs?$CC?$CJ?5?$HL?$CFp?0?5?$CFp?$HN@ 00406768     umodsys_lib_basesys:umodsys.basesys.rmodule.win32.obj
 0002:00000790       ??_C@_0BP@EBMDLOGD@?5?5?5?5?5?5?5?5?5?5unload?5so?$CI?$HL?$CFp?0?5?$CFp?$HN?$CJ?6?$AA@ 00406790     umodsys_lib_basesys:umodsys.basesys.rmodule.win32.obj
 0002:000007b0       ??_C@_0BB@GJHPNFEC@scan?5so?3?5?$CC?$CFs?$CFs?$CC?6?$AA@ 004067b0     umodsys_lib_basesys:umodsys.basesys.rmodule.win32.obj
 0002:000007c4       ??_C@_0N@LFKMDJGP@?5?5so?3?5?$CC?$CFls?$CC?6?$AA@ 004067c4     umodsys_lib_basesys:umodsys.basesys.rmodule.win32.obj
 0002:000007d4       ??_C@_0BC@GMLCPHOK@?1scan?5so?3?5?$CC?$CFs?$CFs?$CC?6?$AA@ 004067d4     umodsys_lib_basesys:umodsys.basesys.rmodule.win32.obj
 0002:000007e8       ??_C@_04HLONOPDM@?4dll?$AA@ 004067e8     umodsys_lib_basesys:umodsys.basesys.rmodule.win32.obj
 0002:000007f0       ??_C@_0CK@FNJGHFOD@RModuleLibrary?$CI?$CFp?$CJ?3?3link?$CI?$CJ?5?9?9?5ad@ 004067f0     umodsys_lib_basesys:umodsys.basesys.rmodulelib.obj
 0002:0000081c       ??_C@_0BA@LBGMEMKJ@LIBRARY?5?$CC?$CFs?$CC?5?$HL?6?$AA@ 0040681c     umodsys_lib_basesys:umodsys.basesys.rmodulelib.obj
 0002:0000082c       ??_C@_0BH@CLNAAMEM@?$HN?5?$CD?5END?5LIBRARY?5?$CC?$CFs?$CC?6?6?$AA@ 0040682c     umodsys_lib_basesys:umodsys.basesys.rmodulelib.obj
 0002:00000844       ??_C@_0M@KEHKBKEH@?5?5so?3?5?$CC?$CFs?$CC?6?$AA@ 00406844     umodsys_lib_basesys:umodsys.basesys.rmodulelib.obj
 0002:00000850       ??_C@_0BF@IKAEAMGP@?5?5?5?5so?5loaded?3?5?$CC?$CFs?$CC?6?$AA@ 00406850     umodsys_lib_basesys:umodsys.basesys.rmodulelib.obj
 0002:00000868       ??_C@_0O@MCPOKEFF@?5?5?5?5so?5added?6?$AA@ 00406868     umodsys_lib_basesys:umodsys.basesys.rmodulelib.obj
 0002:00000878       ??_C@_0BE@BFONLBBI@?5?5?5?5so?5dup?5with?5?$CFd?6?$AA@ 00406878     umodsys_lib_basesys:umodsys.basesys.rmodulelib.obj
 0002:00000894       ??_7RModuleLibrary@rsystem@base@UModSys@@6B@ 00406894     umodsys_lib_basesys:umodsys.basesys.rmodulelib.obj
 0002:000008e4       ??_C@_0BF@KDHHIHAN@RModule?$CI?$CFp?$CJ?3?3open?$CI?$CJ?6?$AA@ 004068e4     umodsys_lib_basesys:umodsys.basesys.rmodule.obj
 0002:000008fc       ??_C@_0BG@HADBHJOP@RModule?$CI?$CFp?$CJ?3?3close?$CI?$CJ?6?$AA@ 004068fc     umodsys_lib_basesys:umodsys.basesys.rmodule.obj
 0002:00000914       ??_C@_0BK@FNONNOFM@RModule?$CI?$CFp?$CJ?3?3?5pre?9loaded?6?$AA@ 00406914     umodsys_lib_basesys:umodsys.basesys.rmodule.obj
 0002:00000930       ??_C@_0CE@HBBEEAED@RModule?$CI?$CFp?$CJ?3?3generate?$CI?$CJ?5?$HL?5gen?$DN?$CFp@ 00406930     umodsys_lib_basesys:umodsys.basesys.rmodule.obj
 0002:00000954       ??_C@_0DL@FHDKGKAD@RModule?$CI?$CFp?$CJ?3?3reg_generator?$CI?$CFs?5?$CFp@ 00406954     umodsys_lib_basesys:umodsys.basesys.rmodule.obj
 0002:00000990       ??_C@_0DL@ECFHLNEB@RModule?$CI?$CFp?$CJ?3?3reg_generator?$CI?$CFs?5?$CFp@ 00406990     umodsys_lib_basesys:umodsys.basesys.rmodule.obj
 0002:000009cc       ??_C@_0DI@EBNLDEPD@RModule?$CI?$CFp?$CJ?3?3reg_obj?$CI?$CFs?5?$CFp?$CJ?5?9?9?5?$HL@ 004069cc     umodsys_lib_basesys:umodsys.basesys.rmodule.obj
 0002:00000a08       ??_C@_0GC@IAELDHPB@RModule?$CI?$CFp?$CJ?3?3reg_obj?$CI?$CFs?5?$CFp?$CJ?5?9?9?5i@ 00406a08     umodsys_lib_basesys:umodsys.basesys.rmodule.obj
 0002:00000a6c       ??_C@_0CM@JCLMIGEB@RModule?$CI?$CFp?$CJ?3?3reg_obj?$CI?$CFs?5?$CFp?$CJ?5?9?9?5a@ 00406a6c     umodsys_lib_basesys:umodsys.basesys.rmodule.obj
 0002:00000a98       ??_C@_0DK@NJCECDIC@RModule?$CI?$CFp?$CJ?3?3unreg_obj?$CI?$CFs?5?$CFp?$CJ?5?9?9@ 00406a98     umodsys_lib_basesys:umodsys.basesys.rmodule.obj
 0002:00000ad8       ??_C@_0GE@MGLAJHFG@RModule?$CI?$CFp?$CJ?3?3unreg_obj?$CI?$CFs?5?$CFp?$CJ?5?9?9@ 00406ad8     umodsys_lib_basesys:umodsys.basesys.rmodule.obj
 0002:00000b3c       ??_C@_0CO@DAMPCAGA@RModule?3?3alloc_minfo?$CI?$HL?$CC?$CFs?$CC?0?5?$CC?$CFs?$CC@ 00406b3c     umodsys_lib_basesys:umodsys.basesys.rmodule.obj
 0002:00000b6c       ??_C@_0BG@HANHHGHE@?5?5MODULE?5?$CFs?$CI?$CFd?0?$CFd?$CJ?5?$HL?6?$AA@ 00406b6c     umodsys_lib_basesys:umodsys.basesys.rmodule.obj
 0002:00000b84       ??_C@_0CI@FMDENPAM@RModule?$CI?$CFp?$CJ?3?3save_db?$CI?4?4?4?$CJ?5?9?9?5?$HL?5?$CF@ 00406b84     umodsys_lib_basesys:umodsys.basesys.rmodule.obj
 0002:00000bac       ??_C@_0BN@CFNKPKCH@?5?5?5?5MODOBJECT?5?$CFs?$CI?$CFd?$CJ?5?$CFs?$CI?$CFd?$CJ?6?$AA@ 00406bac     umodsys_lib_basesys:umodsys.basesys.rmodule.obj
 0002:00000bcc       ??_C@_0BP@BJFGMFNK@?5?5?5?5GENERATOR?5?$CFs?$CI?$CFd?$CJ?5?$CFs?$CI?$CFd?$CJ?5?$HL?6?$AA@ 00406bcc     umodsys_lib_basesys:umodsys.basesys.rmodule.obj
 0002:00000bec       ??_C@_0BK@DNNMLLHP@?5?5?5?5?5?5REFOBJECT?5?$CFs?$CI?$CFd?$CJ?5?$HL?6?$AA@ 00406bec     umodsys_lib_basesys:umodsys.basesys.rmodule.obj
 0002:00000c08       ??_C@_0BF@CJPCFEEB@?5?5?5?5?5?5?5?5TYPE?5?$CFs?$CI?$CFd?$CJ?6?$AA@ 00406c08     umodsys_lib_basesys:umodsys.basesys.rmodule.obj
 0002:00000c20       ??_C@_0BM@PFPEFHDC@?5?5?5?5?5?5?$HN?5?$CD?5REFOBJECT?5?$CFs?$CI?$CFd?$CJ?6?$AA@ 00406c20     umodsys_lib_basesys:umodsys.basesys.rmodule.obj
 0002:00000c3c       ??_C@_0CB@PCDHJLII@?5?5?5?5?$HN?5?$CD?5GENERATOR?5?$CFs?$CI?$CFd?$CJ?5?$CFs?$CI?$CFd?$CJ?6@ 00406c3c     umodsys_lib_basesys:umodsys.basesys.rmodule.obj
 0002:00000c60       ??_C@_0BI@OGBPJMLO@?5?5?$HN?5?$CD?5MODULE?5?$CFs?$CI?$CFd?0?$CFd?$CJ?6?$AA@ 00406c60     umodsys_lib_basesys:umodsys.basesys.rmodule.obj
 0002:00000c7c       ??_7RModule@rsystem@base@UModSys@@6B@ 00406c7c     umodsys_lib_basesys:umodsys.basesys.rmodule.obj
 0002:00000cc8       __load_config_used         00406cc8     MSVCRT:loadcfg.obj
 0002:00000d10       ??_R4type_info@@6B@        00406d10     MSVCRT:ti_inst.obj
 0002:00000d24       ??_R3type_info@@8          00406d24     MSVCRT:ti_inst.obj
 0002:00000d34       ??_R2type_info@@8          00406d34     MSVCRT:ti_inst.obj
 0002:00000d3c       ??_R1A@?0A@EA@type_info@@8 00406d3c     MSVCRT:ti_inst.obj
 0002:00000d58       ??_R4RConsole_std@rsystem@base@UModSys@@6B@ 00406d58     umodsys_lib_basesys:umodsys.basesys.rconsole_std.obj
 0002:00000d6c       ??_R3RConsole_std@rsystem@base@UModSys@@8 00406d6c     umodsys_lib_basesys:umodsys.basesys.rconsole_std.obj
 0002:00000d7c       ??_R2RConsole_std@rsystem@base@UModSys@@8 00406d7c     umodsys_lib_basesys:umodsys.basesys.rconsole_std.obj
 0002:00000d90       ??_R1A@?0A@EA@RConsole_std@rsystem@base@UModSys@@8 00406d90     umodsys_lib_basesys:umodsys.basesys.rconsole_std.obj
 0002:00000dac       ??_R3IConsole@base@UModSys@@8 00406dac     umodsys_lib_basesys:umodsys.basesys.rconsole_std.obj
 0002:00000dbc       ??_R2IConsole@base@UModSys@@8 00406dbc     umodsys_lib_basesys:umodsys.basesys.rconsole_std.obj
 0002:00000dcc       ??_R1A@?0A@EA@IConsole@base@UModSys@@8 00406dcc     umodsys_lib_basesys:umodsys.basesys.rconsole_std.obj
 0002:00000de8       ??_R3IRefObject@core@UModSys@@8 00406de8     umodsys_lib_basesys:umodsys.basesys.rconsole_std.obj
 0002:00000df8       ??_R2IRefObject@core@UModSys@@8 00406df8     umodsys_lib_basesys:umodsys.basesys.rconsole_std.obj
 0002:00000e04       ??_R1A@?0A@EA@IRefObject@core@UModSys@@8 00406e04     umodsys_lib_basesys:umodsys.basesys.rconsole_std.obj
 0002:00000e20       ??_R4IRoot@core@UModSys@@6B@ 00406e20     umodsys_lib_basesys:umodsys.basesys.rconsole_std.obj
 0002:00000e34       ??_R3IRoot@core@UModSys@@8 00406e34     umodsys_lib_basesys:umodsys.basesys.rconsole_std.obj
 0002:00000e44       ??_R2IRoot@core@UModSys@@8 00406e44     umodsys_lib_basesys:umodsys.basesys.rconsole_std.obj
 0002:00000e4c       ??_R1A@?0A@EA@IRoot@core@UModSys@@8 00406e4c     umodsys_lib_basesys:umodsys.basesys.rconsole_std.obj
 0002:00000e68       ??_R4RSystem@rsystem@base@UModSys@@6BISourceContextAdapter@core@3@@ 00406e68     umodsys_lib_basesys:umodsys.basesys.rsystem_main.obj
 0002:00000e7c       ??_R4RSystem@rsystem@base@UModSys@@6BIUniquePointerResolver@core@3@@ 00406e7c     umodsys_lib_basesys:umodsys.basesys.rsystem_main.obj
 0002:00000e90       ??_R4RSystem@rsystem@base@UModSys@@6BISystem@23@@ 00406e90     umodsys_lib_basesys:umodsys.basesys.rsystem_main.obj
 0002:00000ea4       ??_R3RSystem@rsystem@base@UModSys@@8 00406ea4     umodsys_lib_basesys:umodsys.basesys.rsystem_main.obj
 0002:00000eb4       ??_R2RSystem@rsystem@base@UModSys@@8 00406eb4     umodsys_lib_basesys:umodsys.basesys.rsystem_main.obj
 0002:00000ecc       ??_R17?0A@EA@ISourceContextAdapter@core@UModSys@@8 00406ecc     umodsys_lib_basesys:umodsys.basesys.rsystem_main.obj
 0002:00000ee8       ??_R13?0A@EA@IUniquePointerResolver@core@UModSys@@8 00406ee8     umodsys_lib_basesys:umodsys.basesys.rsystem_main.obj
 0002:00000f04       ??_R1A@?0A@EA@RSystem@rsystem@base@UModSys@@8 00406f04     umodsys_lib_basesys:umodsys.basesys.rsystem_main.obj
 0002:00000f20       ??_R4?$TRMemAlloc_CC@U?$TMemAllocHeader@USMagic@mem_headers@rsystem@base@UModSys@@U?$TPool@X@2345@USDebug@2345@UVoid@core@5@@rsystem@base@UModSys@@USMemAlloc_Malloc@core@4@@rsystem@base@UModSys@@6B@ 00406f20     umodsys_lib_basesys:umodsys.basesys.rsystem_main.obj
 0002:00000f34       ??_R3?$TRMemAlloc_CC@U?$TMemAllocHeader@USMagic@mem_headers@rsystem@base@UModSys@@U?$TPool@X@2345@USDebug@2345@UVoid@core@5@@rsystem@base@UModSys@@USMemAlloc_Malloc@core@4@@rsystem@base@UModSys@@8 00406f34     umodsys_lib_basesys:umodsys.basesys.rsystem_main.obj
 0002:00000f44       ??_R2?$TRMemAlloc_CC@U?$TMemAllocHeader@USMagic@mem_headers@rsystem@base@UModSys@@U?$TPool@X@2345@USDebug@2345@UVoid@core@5@@rsystem@base@UModSys@@USMemAlloc_Malloc@core@4@@rsystem@base@UModSys@@8 00406f44     umodsys_lib_basesys:umodsys.basesys.rsystem_main.obj
 0002:00000f54       ??_R13?0A@EA@SMemAlloc_Malloc@core@UModSys@@8 00406f54     umodsys_lib_basesys:umodsys.basesys.rsystem_main.obj
 0002:00000f70       ??_R3SMemAlloc_Malloc@core@UModSys@@8 00406f70     umodsys_lib_basesys:umodsys.basesys.rsystem_main.obj
 0002:00000f80       ??_R2SMemAlloc_Malloc@core@UModSys@@8 00406f80     umodsys_lib_basesys:umodsys.basesys.rsystem_main.obj
 0002:00000f88       ??_R1A@?0A@EA@SMemAlloc_Malloc@core@UModSys@@8 00406f88     umodsys_lib_basesys:umodsys.basesys.rsystem_main.obj
 0002:00000fa4       ??_R1A@?0A@EA@?$TRMemAlloc_CC@U?$TMemAllocHeader@USMagic@mem_headers@rsystem@base@UModSys@@U?$TPool@X@2345@USDebug@2345@UVoid@core@5@@rsystem@base@UModSys@@USMemAlloc_Malloc@core@4@@rsystem@base@UModSys@@8 00406fa4     umodsys_lib_basesys:umodsys.basesys.rsystem_main.obj
 0002:00000fc0       ??_R3IUniquePointerResolver@core@UModSys@@8 00406fc0     umodsys_lib_basesys:umodsys.basesys.rsystem_main.obj
 0002:00000fd0       ??_R2IUniquePointerResolver@core@UModSys@@8 00406fd0     umodsys_lib_basesys:umodsys.basesys.rsystem_main.obj
 0002:00000fd8       ??_R1A@?0A@EA@IUniquePointerResolver@core@UModSys@@8 00406fd8     umodsys_lib_basesys:umodsys.basesys.rsystem_main.obj
 0002:00000ff4       ??_R3ISourceContextAdapter@core@UModSys@@8 00406ff4     umodsys_lib_basesys:umodsys.basesys.rsystem_main.obj
 0002:00001004       ??_R2ISourceContextAdapter@core@UModSys@@8 00407004     umodsys_lib_basesys:umodsys.basesys.rsystem_main.obj
 0002:0000100c       ??_R1A@?0A@EA@ISourceContextAdapter@core@UModSys@@8 0040700c     umodsys_lib_basesys:umodsys.basesys.rsystem_main.obj
 0002:00001028       ??_R3ISystem@base@UModSys@@8 00407028     umodsys_lib_basesys:umodsys.basesys.rsystem_main.obj
 0002:00001038       ??_R2ISystem@base@UModSys@@8 00407038     umodsys_lib_basesys:umodsys.basesys.rsystem_main.obj
 0002:00001044       ??_R1A@?0A@EA@ISystem@base@UModSys@@8 00407044     umodsys_lib_basesys:umodsys.basesys.rsystem_main.obj
 0002:00001060       ??_R3IMemAlloc@core@UModSys@@8 00407060     umodsys_lib_basesys:umodsys.basesys.rsystem_main.obj
 0002:00001070       ??_R2IMemAlloc@core@UModSys@@8 00407070     umodsys_lib_basesys:umodsys.basesys.rsystem_main.obj
 0002:00001078       ??_R1A@?0A@EA@IMemAlloc@core@UModSys@@8 00407078     umodsys_lib_basesys:umodsys.basesys.rsystem_main.obj
 0002:00001094       ??_R4EWarning@core@UModSys@@6B@ 00407094     umodsys_lib_basesys:umodsys.basesys.rsystem_main.obj
 0002:000010a8       ??_R3EWarning@core@UModSys@@8 004070a8     umodsys_lib_basesys:umodsys.basesys.rsystem_main.obj
 0002:000010b8       ??_R2EWarning@core@UModSys@@8 004070b8     umodsys_lib_basesys:umodsys.basesys.rsystem_main.obj
 0002:000010c4       ??_R1A@?0A@EA@EWarning@core@UModSys@@8 004070c4     umodsys_lib_basesys:umodsys.basesys.rsystem_main.obj
 0002:000010e0       ??_R4EFatal@core@UModSys@@6B@ 004070e0     umodsys_lib_basesys:umodsys.basesys.rsystem_main.obj
 0002:000010f4       ??_R3EFatal@core@UModSys@@8 004070f4     umodsys_lib_basesys:umodsys.basesys.rsystem_main.obj
 0002:00001104       ??_R2EFatal@core@UModSys@@8 00407104     umodsys_lib_basesys:umodsys.basesys.rsystem_main.obj
 0002:00001110       ??_R1A@?0A@EA@EFatal@core@UModSys@@8 00407110     umodsys_lib_basesys:umodsys.basesys.rsystem_main.obj
 0002:0000112c       ??_R4EExceptionBase@core@UModSys@@6B@ 0040712c     umodsys_lib_basesys:umodsys.basesys.rsystem_main.obj
 0002:00001140       ??_R3EExceptionBase@core@UModSys@@8 00407140     umodsys_lib_basesys:umodsys.basesys.rsystem_main.obj
 0002:00001150       ??_R2EExceptionBase@core@UModSys@@8 00407150     umodsys_lib_basesys:umodsys.basesys.rsystem_main.obj
 0002:00001158       ??_R1A@?0A@EA@EExceptionBase@core@UModSys@@8 00407158     umodsys_lib_basesys:umodsys.basesys.rsystem_main.obj
 0002:00001174       ??_R4RModuleLoader@rsystem@base@UModSys@@6B@ 00407174     umodsys_lib_basesys:umodsys.basesys.rmoduleloader.obj
 0002:00001188       ??_R3RModuleLoader@rsystem@base@UModSys@@8 00407188     umodsys_lib_basesys:umodsys.basesys.rmoduleloader.obj
 0002:00001198       ??_R2RModuleLoader@rsystem@base@UModSys@@8 00407198     umodsys_lib_basesys:umodsys.basesys.rmoduleloader.obj
 0002:000011a4       ??_R1A@?0A@EA@RModuleLoader@rsystem@base@UModSys@@8 004071a4     umodsys_lib_basesys:umodsys.basesys.rmoduleloader.obj
 0002:000011c0       ??_R4IModuleLoader@base@UModSys@@6B@ 004071c0     umodsys_lib_basesys:umodsys.basesys.rmoduleloader.obj
 0002:000011d4       ??_R3IModuleLoader@base@UModSys@@8 004071d4     umodsys_lib_basesys:umodsys.basesys.rmoduleloader.obj
 0002:000011e4       ??_R2IModuleLoader@base@UModSys@@8 004071e4     umodsys_lib_basesys:umodsys.basesys.rmoduleloader.obj
 0002:000011ec       ??_R1A@?0A@EA@IModuleLoader@base@UModSys@@8 004071ec     umodsys_lib_basesys:umodsys.basesys.rmoduleloader.obj
 0002:00001208       ??_R4RParameters@rsystem@base@UModSys@@6B@ 00407208     umodsys_lib_basesys:umodsys.basesys.rparameters.obj
 0002:0000121c       ??_R3RParameters@rsystem@base@UModSys@@8 0040721c     umodsys_lib_basesys:umodsys.basesys.rparameters.obj
 0002:0000122c       ??_R2RParameters@rsystem@base@UModSys@@8 0040722c     umodsys_lib_basesys:umodsys.basesys.rparameters.obj
 0002:00001240       ??_R1A@?0A@EA@RParameters@rsystem@base@UModSys@@8 00407240     umodsys_lib_basesys:umodsys.basesys.rparameters.obj
 0002:0000125c       ??_R3IParameters@core@UModSys@@8 0040725c     umodsys_lib_basesys:umodsys.basesys.rparameters.obj
 0002:0000126c       ??_R2IParameters@core@UModSys@@8 0040726c     umodsys_lib_basesys:umodsys.basesys.rparameters.obj
 0002:0000127c       ??_R1A@?0A@EA@IParameters@core@UModSys@@8 0040727c     umodsys_lib_basesys:umodsys.basesys.rparameters.obj
 0002:00001298       ??_R4RModuleLibrary@rsystem@base@UModSys@@6B@ 00407298     umodsys_lib_basesys:umodsys.basesys.rmodulelib.obj
 0002:000012ac       ??_R3RModuleLibrary@rsystem@base@UModSys@@8 004072ac     umodsys_lib_basesys:umodsys.basesys.rmodulelib.obj
 0002:000012bc       ??_R2RModuleLibrary@rsystem@base@UModSys@@8 004072bc     umodsys_lib_basesys:umodsys.basesys.rmodulelib.obj
 0002:000012d0       ??_R1A@?0A@EA@RModuleLibrary@rsystem@base@UModSys@@8 004072d0     umodsys_lib_basesys:umodsys.basesys.rmodulelib.obj
 0002:000012ec       ??_R3IModuleLibrary@base@UModSys@@8 004072ec     umodsys_lib_basesys:umodsys.basesys.rmodulelib.obj
 0002:000012fc       ??_R2IModuleLibrary@base@UModSys@@8 004072fc     umodsys_lib_basesys:umodsys.basesys.rmodulelib.obj
 0002:0000130c       ??_R1A@?0A@EA@IModuleLibrary@base@UModSys@@8 0040730c     umodsys_lib_basesys:umodsys.basesys.rmodulelib.obj
 0002:00001328       ??_R4RModule@rsystem@base@UModSys@@6B@ 00407328     umodsys_lib_basesys:umodsys.basesys.rmodule.obj
 0002:0000133c       ??_R3RModule@rsystem@base@UModSys@@8 0040733c     umodsys_lib_basesys:umodsys.basesys.rmodule.obj
 0002:0000134c       ??_R2RModule@rsystem@base@UModSys@@8 0040734c     umodsys_lib_basesys:umodsys.basesys.rmodule.obj
 0002:00001360       ??_R1A@?0A@EA@RModule@rsystem@base@UModSys@@8 00407360     umodsys_lib_basesys:umodsys.basesys.rmodule.obj
 0002:0000137c       ??_R3IModule@base@UModSys@@8 0040737c     umodsys_lib_basesys:umodsys.basesys.rmodule.obj
 0002:0000138c       ??_R2IModule@base@UModSys@@8 0040738c     umodsys_lib_basesys:umodsys.basesys.rmodule.obj
 0002:0000139c       ??_R1A@?0A@EA@IModule@base@UModSys@@8 0040739c     umodsys_lib_basesys:umodsys.basesys.rmodule.obj
 0002:000013c0       ___safe_se_handler_table   004073c0     <linker-defined>
 0002:000013f0       ___rtc_iaa                 004073f0     MSVCRT:_initsect_.obj
 0002:000013f4       ___rtc_izz                 004073f4     MSVCRT:_initsect_.obj
 0002:000013f8       ___rtc_taa                 004073f8     MSVCRT:_initsect_.obj
 0002:000013fc       ___rtc_tzz                 004073fc     MSVCRT:_initsect_.obj
 0002:0000149c       __CT??_R0?AUEFatal@core@UModSys@@@8??0EFatal@core@UModSys@@QAE@ABU012@@Z24 0040749c     umodsys_lib_basesys:umodsys.basesys.rsystem_main.obj
 0002:000014b8       __CT??_R0?AUEExceptionBase@core@UModSys@@@8??0EExceptionBase@core@UModSys@@QAE@ABU012@@Z24 004074b8     umodsys_lib_basesys:umodsys.basesys.rsystem_main.obj
 0002:000014d4       __CTA2?AUEFatal@core@UModSys@@ 004074d4     umodsys_lib_basesys:umodsys.basesys.rsystem_main.obj
 0002:000014e0       __TI2?AUEFatal@core@UModSys@@ 004074e0     umodsys_lib_basesys:umodsys.basesys.rsystem_main.obj
 0002:000014f0       __CT??_R0?AUEWarning@core@UModSys@@@8??0EWarning@core@UModSys@@QAE@ABU012@@Z24 004074f0     umodsys_lib_basesys:umodsys.basesys.rsystem_main.obj
 0002:0000150c       __CTA2?AUEWarning@core@UModSys@@ 0040750c     umodsys_lib_basesys:umodsys.basesys.rsystem_main.obj
 0002:00001518       __TI2?AUEWarning@core@UModSys@@ 00407518     umodsys_lib_basesys:umodsys.basesys.rsystem_main.obj
 0002:000017cc       __IMPORT_DESCRIPTOR_MSVCR90 004077cc     MSVCRT:MSVCR90.dll
 0002:000017e0       __IMPORT_DESCRIPTOR_KERNEL32 004077e0     kernel32:KERNEL32.dll
[...]
 0003:00000360       ??_R0?AUEWarning@core@UModSys@@@8 00408360     umodsys_lib_basesys:umodsys.basesys.rsystem_main.obj
 0003:00000384       ??_R0?AURModuleLoader@rsystem@base@UModSys@@@8 00408384     umodsys_lib_basesys:umodsys.basesys.rmoduleloader.obj
 0003:000003b8       ??_R0?AUIModuleLoader@base@UModSys@@@8 004083b8     umodsys_lib_basesys:umodsys.basesys.rmoduleloader.obj
 0003:000003e4       ??_R0?AURParameters@rsystem@base@UModSys@@@8 004083e4     umodsys_lib_basesys:umodsys.basesys.rparameters.obj
 0003:00000414       ??_R0?AUIParameters@core@UModSys@@@8 00408414     umodsys_lib_basesys:umodsys.basesys.rparameters.obj
 0003:0000043c       ??_R0?AURModuleLibrary@rsystem@base@UModSys@@@8 0040843c     umodsys_lib_basesys:umodsys.basesys.rmodulelib.obj
 0003:00000470       ??_R0?AUIModuleLibrary@base@UModSys@@@8 00408470     umodsys_lib_basesys:umodsys.basesys.rmodulelib.obj
 0003:0000049c       ?s_null@?1??get_null@?$TSCoreShared@USMemAlloc_Malloc@core@UModSys@@D@su@tl@UModSys@@SAPAU?$TSharedStringInfo@D@345@XZ@4U6345@A 0040849c     umodsys_lib_basesys:umodsys.basesys.rmodulelib.obj
 0003:000004ac       ??_R0?AURModule@rsystem@base@UModSys@@@8 004084ac     umodsys_lib_basesys:umodsys.basesys.rmodule.obj
 0003:000004d8       ??_R0?AUIModule@base@UModSys@@@8 004084d8     umodsys_lib_basesys:umodsys.basesys.rmodule.obj
 0003:00000520       __forceCRTManifestRTM      00408520     MSVCRT:crtmanifestrtm.obj
 0003:00000524       __dowildcard               00408524     MSVCRT:wildcard.obj
 0003:00000528       __newmode                  00408528     MSVCRT:_newmode.obj
 0003:0000052c       __commode                  0040852c     MSVCRT:xncommod.obj
 0003:00000530       __fmode                    00408530     MSVCRT:xtxtmode.obj
 0003:0000085c       ?rv@?1??get_default@SMemAlloc_Malloc@core@UModSys@@SAABU234@XZ@4U234@A 0040885c     umodsys_lib_basesys:umodsys.basesys.rsystem_main.obj
 0003:00000860       ?s_id@?$TObjectUniqueID@URConsole_std@rsystem@base@UModSys@@@tl@UModSys@@2USUniquePointer@core@3@A 00408860     umodsys.c_main.obj
 0003:00000878       ?s_id@?$TObjectUniqueID@UIRefObject@core@UModSys@@@tl@UModSys@@2USUniquePointer@core@3@A 00408878     umodsys.c_main.obj
 0003:00000890       ?s_id@?$TObjectUniqueID@UIRoot@core@UModSys@@@tl@UModSys@@2USUniquePointer@core@3@A 00408890     umodsys.c_main.obj
 0003:000008a8       ?s_id@?$TObjectUniqueID@URParameters@rsystem@base@UModSys@@@tl@UModSys@@2USUniquePointer@core@3@A 004088a8     umodsys.c_main.obj
 0003:000008c0       ?s_id@?$TObjectUniqueID@UIModule@base@UModSys@@@tl@UModSys@@2USUniquePointer@core@3@A 004088c0     umodsys.c_main.obj
 0003:000008d8       ?s_id@?$TObjectUniqueID@URModuleLibrary@rsystem@base@UModSys@@@tl@UModSys@@2USUniquePointer@core@3@A 004088d8     umodsys.c_main.obj
 0003:000008f0       ?s_id@?$TObjectUniqueID@UIGenerator@base@UModSys@@@tl@UModSys@@2USUniquePointer@core@3@A 004088f0     umodsys.c_main.obj
 0003:00000908       ?s_id@?$TObjectUniqueID@UIModuleLibrary@base@UModSys@@@tl@UModSys@@2USUniquePointer@core@3@A 00408908     umodsys.c_main.obj
 0003:00000920       ?s_null@?$TStaticStringPool@DU?$TComparerBinaryHash@D@su@tl@UModSys@@USMemAlloc_Malloc@core@4@@tl@UModSys@@2U?$TString@U?$TSCoreConst@D@su@tl@UModSys@@U?$TComparerBinaryHash@D@234@@23@A 00408920     umodsys.c_main.obj
 0003:0000092c       ?s_id@?$TObjectUniqueID@UIParameters@core@UModSys@@@tl@UModSys@@2USUniquePointer@core@3@A 0040892c     umodsys.c_main.obj
 0003:00000944       ?s_id@?$TObjectUniqueID@UISystem@base@UModSys@@@tl@UModSys@@2USUniquePointer@core@3@A 00408944     umodsys.c_main.obj
 0003:0000095c       ?s_id@?$TObjectUniqueID@URModule@rsystem@base@UModSys@@@tl@UModSys@@2USUniquePointer@core@3@A 0040895c     umodsys.c_main.obj
 0003:00000974       ?s_id@?$TObjectUniqueID@UIModObject@base@UModSys@@@tl@UModSys@@2USUniquePointer@core@3@A 00408974     umodsys.c_main.obj
 0003:0000098c       ?s_id@?$TObjectUniqueID@URSystem@rsystem@base@UModSys@@@tl@UModSys@@2USUniquePointer@core@3@A 0040898c     umodsys.c_main.obj
 0003:000009a4       ?s_id@?$TObjectUniqueID@UIShell@base@UModSys@@@tl@UModSys@@2USUniquePointer@core@3@A 004089a4     umodsys.c_main.obj
 0003:000009bc       ?s_id@?$TObjectUniqueID@UIConsole@base@UModSys@@@tl@UModSys@@2USUniquePointer@core@3@A 004089bc     umodsys.c_main.obj
 0003:000009d8       ?s_sys@RSystem@rsystem@base@UModSys@@2U1234@A 004089d8     umodsys_lib_basesys:umodsys.basesys.rsystem_main.obj
 0003:00000a74       ?M@UModSys@@3USModuleContext@base@1@A 00408a74     umodsys_lib_base:umodsys.base.modulecontext.obj
 0003:00000a80       ?root@SUniquePointer@core@UModSys@@2U123@A 00408a80     umodsys_lib_core:umodsys.core.uniqueptr.obj
 0003:00000a98       __adjust_fdiv              00408a98     <common>
 0003:00000a9c       ___native_startup_state    00408a9c     <common>
 0003:00000aa0       ___native_startup_lock     00408aa0     <common>
 0003:00000aa4       ___dyn_tls_init_callback   00408aa4     <common>
 0003:00000aa8       ___onexitend               00408aa8     <common>
 0003:00000aac       ___onexitbegin             00408aac     <common>

 entry point at        0001:00003c59

 Static symbols

 0001:00002256       ?s_pfd_scan@@YAIPAUISystem@base@UModSys@@AAU?$TArray@U?$TRefObject@URModuleLibrary@rsystem@base@UModSys@@@tl@UModSys@@U?$TAllocator@USMemAlloc_Malloc@core@UModSys@@USCountCalcPower2@23@@23@@tl@3@PBD2@Z 00403256 f    CIL library: CIL module
 0001:000039b7       _pre_cpp_init              004049b7 f   MSVCRT:crtexe.obj
 0001:00003a02       ___tmainCRTStartup         00404a02 f   MSVCRT:crtexe.obj
 0001:00003b78       _pre_c_init                00404b78 f   MSVCRT:crtexe.obj
 0001:00004280       __unwindfunclet$?push@?$TArray@U?$TRefObject@URModuleLibrary@rsystem@base@UModSys@@@tl@UModSys@@U?$TAllocator@USMemAlloc_Malloc@core@UModSys@@USCountCalcPower2@23@@23@@tl@UModSys@@QAE_NABU?$TRefObject@URModuleLibrary@rsystem@base@UModSys@@@23@@Z$0 00405280 f    CIL library: CIL module
 0001:00004285       __ehhandler$?push@?$TArray@U?$TRefObject@URModuleLibrary@rsystem@base@UModSys@@@tl@UModSys@@U?$TAllocator@USMemAlloc_Malloc@core@UModSys@@USCountCalcPower2@23@@23@@tl@UModSys@@QAE_NABU?$TRefObject@URModuleLibrary@rsystem@base@UModSys@@@23@@Z 00405285 f    CIL library: CIL module
 0001:0000428f       __unwindfunclet$??1RModuleLoader@rsystem@base@UModSys@@UAE@XZ$0 0040528f f    CIL library: CIL module
 0001:00004297       __unwindfunclet$??1RModuleLoader@rsystem@base@UModSys@@UAE@XZ$1 00405297 f    CIL library: CIL module
 0001:000042a2       __ehhandler$??1RModuleLoader@rsystem@base@UModSys@@UAE@XZ 004052a2 f    CIL library: CIL module
 0001:000042ac       __unwindfunclet$??$t_moduledb_generate@UIShell@base@UModSys@@@IModuleLoader@base@UModSys@@QAE_NAAU?$TRefObject@UIShell@base@UModSys@@@tl@2@PBUSUniquePointerInfo@core@2@ABUSParameters@62@@Z$0 004052ac f    CIL library: CIL module
 0001:000042ac       __unwindfunclet$?s_add@RModuleLibrary@rsystem@base@UModSys@@SA_NPAUISystem@34@AAU?$TArray@U?$TRefObject@URModuleLibrary@rsystem@base@UModSys@@@tl@UModSys@@U?$TAllocator@USMemAlloc_Malloc@core@UModSys@@USCountCalcPower2@23@@23@@tl@4@PBD@Z$1 004052ac f    CIL library: CIL module
 0001:000042ac       __unwindfunclet$?suicide@RModule@rsystem@base@UModSys@@UAEXXZ$0 004052ac f    CIL library: CIL module
 0001:000042b4       __ehhandler$?s_add@RModuleLibrary@rsystem@base@UModSys@@SA_NPAUISystem@34@AAU?$TArray@U?$TRefObject@URModuleLibrary@rsystem@base@UModSys@@@tl@UModSys@@U?$TAllocator@USMemAlloc_Malloc@core@UModSys@@USCountCalcPower2@23@@23@@tl@4@PBD@Z 004052b4 f    CIL library: CIL module
 0001:000042b4       __ehhandler$?suicide@RModule@rsystem@base@UModSys@@UAEXXZ 004052b4 f    CIL library: CIL module
 0001:000042b4       __ehhandler$??$t_moduledb_generate@UIShell@base@UModSys@@@IModuleLoader@base@UModSys@@QAE_NAAU?$TRefObject@UIShell@base@UModSys@@@tl@2@PBUSUniquePointerInfo@core@2@ABUSParameters@62@@Z 004052b4 f    CIL library: CIL module
 0001:000042be       __unwindfunclet$??1RSystem@rsystem@base@UModSys@@UAE@XZ$0 004052be f    CIL library: CIL module
 0001:000042c6       __unwindfunclet$??1RSystem@rsystem@base@UModSys@@UAE@XZ$1 004052c6 f    CIL library: CIL module
 0001:000042d3       __unwindfunclet$??1RSystem@rsystem@base@UModSys@@UAE@XZ$2 004052d3 f    CIL library: CIL module
 0001:000042de       __unwindfunclet$??1RSystem@rsystem@base@UModSys@@UAE@XZ$3 004052de f    CIL library: CIL module
 0001:000042e9       __unwindfunclet$??1RSystem@rsystem@base@UModSys@@UAE@XZ$4 004052e9 f    CIL library: CIL module
 0001:000042f4       __unwindfunclet$??1RSystem@rsystem@base@UModSys@@UAE@XZ$5 004052f4 f    CIL library: CIL module
 0001:000042ff       __ehhandler$??1RSystem@rsystem@base@UModSys@@UAE@XZ 004052ff f    CIL library: CIL module
 0001:00004309       __unwindfunclet$??0RSystem@rsystem@base@UModSys@@QAE@XZ$0 00405309 f    CIL library: CIL module
 0001:00004311       __unwindfunclet$??0RSystem@rsystem@base@UModSys@@QAE@XZ$1 00405311 f    CIL library: CIL module
 0001:0000431e       __unwindfunclet$??0RSystem@rsystem@base@UModSys@@QAE@XZ$2 0040531e f    CIL library: CIL module
 0001:00004329       __unwindfunclet$??0RSystem@rsystem@base@UModSys@@QAE@XZ$3 00405329 f    CIL library: CIL module
 0001:00004334       __unwindfunclet$??0RSystem@rsystem@base@UModSys@@QAE@XZ$4 00405334 f    CIL library: CIL module
 0001:0000433f       __unwindfunclet$??0RSystem@rsystem@base@UModSys@@QAE@XZ$5 0040533f f    CIL library: CIL module
 0001:0000434a       __unwindfunclet$??0RSystem@rsystem@base@UModSys@@QAE@XZ$6 0040534a f    CIL library: CIL module
 0001:00004358       __unwindfunclet$??0RSystem@rsystem@base@UModSys@@QAE@XZ$7 00405358 f    CIL library: CIL module
 0001:00004365       __unwindfunclet$??0RSystem@rsystem@base@UModSys@@QAE@XZ$8 00405365 f    CIL library: CIL module
 0001:00004372       __ehhandler$??0RSystem@rsystem@base@UModSys@@QAE@XZ 00405372 f    CIL library: CIL module
 0001:0000437c       __unwindfunclet$?mem_free@?$TRMemAlloc_CC@U?$TMemAllocHeader@USMagic@mem_headers@rsystem@base@UModSys@@U?$TPool@X@2345@USDebug@2345@UVoid@core@5@@rsystem@base@UModSys@@USMemAlloc_Malloc@core@4@@rsystem@base@UModSys@@UAEXPAXPBUSSourceContext@core@4@@Z$0 0040537c f    CIL library: CIL module
 0001:00004384       __ehhandler$?mem_free@?$TRMemAlloc_CC@U?$TMemAllocHeader@USMagic@mem_headers@rsystem@base@UModSys@@U?$TPool@X@2345@USDebug@2345@UVoid@core@5@@rsystem@base@UModSys@@USMemAlloc_Malloc@core@4@@rsystem@base@UModSys@@UAEXPAXPBUSSourceContext@core@4@@Z 00405384 f    CIL library: CIL module
 0001:0000438e       __unwindfunclet$?mem_realloc@?$TRMemAlloc_CC@U?$TMemAllocHeader@USMagic@mem_headers@rsystem@base@UModSys@@U?$TPool@X@2345@USDebug@2345@UVoid@core@5@@rsystem@base@UModSys@@USMemAlloc_Malloc@core@4@@rsystem@base@UModSys@@UAEPAXPAXIPBUSSourceContext@core@4@@Z$0 0040538e f    CIL library: CIL module
 0001:00004396       __unwindfunclet$?mem_realloc@?$TRMemAlloc_CC@U?$TMemAllocHeader@USMagic@mem_headers@rsystem@base@UModSys@@U?$TPool@X@2345@USDebug@2345@UVoid@core@5@@rsystem@base@UModSys@@USMemAlloc_Malloc@core@4@@rsystem@base@UModSys@@UAEPAXPAXIPBUSSourceContext@core@4@@Z$1 00405396 f    CIL library: CIL module
 0001:0000439e       __ehhandler$?mem_realloc@?$TRMemAlloc_CC@U?$TMemAllocHeader@USMagic@mem_headers@rsystem@base@UModSys@@U?$TPool@X@2345@USDebug@2345@UVoid@core@5@@rsystem@base@UModSys@@USMemAlloc_Malloc@core@4@@rsystem@base@UModSys@@UAEPAXPAXIPBUSSourceContext@core@4@@Z 0040539e f    CIL library: CIL module
 0001:000043a8       __unwindfunclet$??0RModule@rsystem@base@UModSys@@QAE@PAURModuleLibrary@123@PAUIModuleReg@23@@Z$0 004053a8 f    CIL library: CIL module
 0001:000043b0       __unwindfunclet$??0RModule@rsystem@base@UModSys@@QAE@PAURModuleLibrary@123@PAUIModuleReg@23@@Z$1 004053b0 f    CIL library: CIL module
 0001:000043bb       __unwindfunclet$??0RModule@rsystem@base@UModSys@@QAE@PAURModuleLibrary@123@PAUIModuleReg@23@@Z$2 004053bb f    CIL library: CIL module
 0001:000043c6       __unwindfunclet$??0RModule@rsystem@base@UModSys@@QAE@PAURModuleLibrary@123@PAUIModuleReg@23@@Z$3 004053c6 f    CIL library: CIL module
 0001:000043d1       __ehhandler$??0RModule@rsystem@base@UModSys@@QAE@PAURModuleLibrary@123@PAUIModuleReg@23@@Z 004053d1 f    CIL library: CIL module
 0001:000043db       __unwindfunclet$??_GRModuleLibrary@rsystem@base@UModSys@@UAEPAXI@Z$0 004053db f    CIL library: CIL module
 0001:000043e3       __unwindfunclet$??_GRModuleLibrary@rsystem@base@UModSys@@UAEPAXI@Z$1 004053e3 f    CIL library: CIL module
 0001:000043ee       __unwindfunclet$??_GRModuleLibrary@rsystem@base@UModSys@@UAEPAXI@Z$2 004053ee f    CIL library: CIL module
 0001:000043f9       __unwindfunclet$??_GRModuleLibrary@rsystem@base@UModSys@@UAEPAXI@Z$3 004053f9 f    CIL library: CIL module
 0001:00004404       __ehhandler$??_GRModuleLibrary@rsystem@base@UModSys@@UAEPAXI@Z 00405404 f    CIL library: CIL module
 0001:0000440e       __unwindfunclet$?link@RModuleLibrary@rsystem@base@UModSys@@QAE_NXZ$0 0040540e f    CIL library: CIL module
 0001:00004418       __unwindfunclet$?link@RModuleLibrary@rsystem@base@UModSys@@QAE_NXZ$1 00405418 f    CIL library: CIL module
 0001:00004420       __unwindfunclet$?link@RModuleLibrary@rsystem@base@UModSys@@QAE_NXZ$2 00405420 f    CIL library: CIL module
 0001:00004425       __ehhandler$?link@RModuleLibrary@rsystem@base@UModSys@@QAE_NXZ 00405425 f    CIL library: CIL module
 0001:0000442f       __unwindfunclet$?exec_test_shells@RSystem@rsystem@base@UModSys@@QAE_NXZ$0 0040542f f    CIL library: CIL module
 0001:0000443a       __unwindfunclet$?exec_test_shells@RSystem@rsystem@base@UModSys@@QAE_NXZ$1 0040543a f    CIL library: CIL module
 0001:00004445       __ehhandler$?exec_test_shells@RSystem@rsystem@base@UModSys@@QAE_NXZ 00405445 f    CIL library: CIL module
 0001:0000444f       ??__E?s_id@?$TObjectUniqueID@UIRoot@core@UModSys@@@tl@UModSys@@2USUniquePointer@core@3@A@@YAXXZ 0040544f f    CIL library: CIL module
 0001:0000446c       ??__E?s_id@?$TObjectUniqueID@UIRefObject@core@UModSys@@@tl@UModSys@@2USUniquePointer@core@3@A@@YAXXZ 0040546c f    CIL library: CIL module
 0001:00004489       ??__E?s_id@?$TObjectUniqueID@UIParameters@core@UModSys@@@tl@UModSys@@2USUniquePointer@core@3@A@@YAXXZ 00405489 f    CIL library: CIL module
 0001:000044a6       ??__E?s_id@?$TObjectUniqueID@UIConsole@base@UModSys@@@tl@UModSys@@2USUniquePointer@core@3@A@@YAXXZ 004054a6 f    CIL library: CIL module
 0001:000044c3       ??__E?s_id@?$TObjectUniqueID@UIModule@base@UModSys@@@tl@UModSys@@2USUniquePointer@core@3@A@@YAXXZ 004054c3 f    CIL library: CIL module
 0001:000044e0       ??__E?s_id@?$TObjectUniqueID@UIModuleLibrary@base@UModSys@@@tl@UModSys@@2USUniquePointer@core@3@A@@YAXXZ 004054e0 f    CIL library: CIL module
 0001:000044fd       ??__E?s_id@?$TObjectUniqueID@UISystem@base@UModSys@@@tl@UModSys@@2USUniquePointer@core@3@A@@YAXXZ 004054fd f    CIL library: CIL module
 0001:0000451a       ??__E?s_id@?$TObjectUniqueID@UIModObject@base@UModSys@@@tl@UModSys@@2USUniquePointer@core@3@A@@YAXXZ 0040551a f    CIL library: CIL module
 0001:00004537       ??__E?s_id@?$TObjectUniqueID@UIGenerator@base@UModSys@@@tl@UModSys@@2USUniquePointer@core@3@A@@YAXXZ 00405537 f    CIL library: CIL module
 0001:00004554       ??__E?s_id@?$TObjectUniqueID@UIShell@base@UModSys@@@tl@UModSys@@2USUniquePointer@core@3@A@@YAXXZ 00405554 f    CIL library: CIL module
 0001:00004571       ??__E?s_id@?$TObjectUniqueID@URModule@rsystem@base@UModSys@@@tl@UModSys@@2USUniquePointer@core@3@A@@YAXXZ 00405571 f    CIL library: CIL module
 0001:0000458e       ??__E?s_id@?$TObjectUniqueID@URModuleLibrary@rsystem@base@UModSys@@@tl@UModSys@@2USUniquePointer@core@3@A@@YAXXZ 0040558e f    CIL library: CIL module
 0001:000045ab       ??__E?s_id@?$TObjectUniqueID@URParameters@rsystem@base@UModSys@@@tl@UModSys@@2USUniquePointer@core@3@A@@YAXXZ 004055ab f    CIL library: CIL module
 0001:000045c8       ??__E?s_id@?$TObjectUniqueID@URSystem@rsystem@base@UModSys@@@tl@UModSys@@2USUniquePointer@core@3@A@@YAXXZ 004055c8 f    CIL library: CIL module
 0001:000045e5       ??__E?s_id@?$TObjectUniqueID@URConsole_std@rsystem@base@UModSys@@@tl@UModSys@@2USUniquePointer@core@3@A@@YAXXZ 004055e5 f    CIL library: CIL module
 0001:00004602       ??__E?s_console@RConsole_std@rsystem@base@UModSys@@2U1234@A@@YAXXZ 00405602 f    CIL library: CIL module
 0001:0000460e       ??__E?s_sys@RSystem@rsystem@base@UModSys@@2U1234@A@@YAXXZ 0040560e f    CIL library: CIL module
 0001:0000461f       ??__Ersys_dbg@rsystem@base@UModSys@@YAXXZ 0040561f f    CIL library: CIL module
 0001:0000462b       ??__EM@UModSys@@YAXXZ      0040562b f    CIL library: CIL module
 0001:00004637       ??__E?root@SUniquePointer@core@UModSys@@2U123@A@@YAXXZ 00405637 f    CIL library: CIL module
 0001:00004643       ??__F?s_id@?$TObjectUniqueID@URConsole_std@rsystem@base@UModSys@@@tl@UModSys@@2USUniquePointer@core@3@A@@YAXXZ 00405643 f    CIL library: CIL module
 0001:0000464d       ??__F?s_id@?$TObjectUniqueID@URSystem@rsystem@base@UModSys@@@tl@UModSys@@2USUniquePointer@core@3@A@@YAXXZ 0040564d f    CIL library: CIL module
 0001:00004657       ??__F?s_id@?$TObjectUniqueID@URParameters@rsystem@base@UModSys@@@tl@UModSys@@2USUniquePointer@core@3@A@@YAXXZ 00405657 f    CIL library: CIL module
 0001:00004661       ??__F?s_id@?$TObjectUniqueID@URModuleLibrary@rsystem@base@UModSys@@@tl@UModSys@@2USUniquePointer@core@3@A@@YAXXZ 00405661 f    CIL library: CIL module
 0001:0000466b       ??__F?s_id@?$TObjectUniqueID@URModule@rsystem@base@UModSys@@@tl@UModSys@@2USUniquePointer@core@3@A@@YAXXZ 0040566b f    CIL library: CIL module
 0001:00004675       ??__F?s_id@?$TObjectUniqueID@UIShell@base@UModSys@@@tl@UModSys@@2USUniquePointer@core@3@A@@YAXXZ 00405675 f    CIL library: CIL module
 0001:0000467f       ??__F?s_id@?$TObjectUniqueID@UIGenerator@base@UModSys@@@tl@UModSys@@2USUniquePointer@core@3@A@@YAXXZ 0040567f f    CIL library: CIL module
 0001:00004689       ??__F?s_id@?$TObjectUniqueID@UIModObject@base@UModSys@@@tl@UModSys@@2USUniquePointer@core@3@A@@YAXXZ 00405689 f    CIL library: CIL module
 0001:00004693       ??__F?s_id@?$TObjectUniqueID@UISystem@base@UModSys@@@tl@UModSys@@2USUniquePointer@core@3@A@@YAXXZ 00405693 f    CIL library: CIL module
 0001:0000469d       ??__F?s_id@?$TObjectUniqueID@UIModuleLibrary@base@UModSys@@@tl@UModSys@@2USUniquePointer@core@3@A@@YAXXZ 0040569d f    CIL library: CIL module
 0001:000046a7       ??__F?s_id@?$TObjectUniqueID@UIModule@base@UModSys@@@tl@UModSys@@2USUniquePointer@core@3@A@@YAXXZ 004056a7 f    CIL library: CIL module
 0001:000046b1       ??__F?s_id@?$TObjectUniqueID@UIConsole@base@UModSys@@@tl@UModSys@@2USUniquePointer@core@3@A@@YAXXZ 004056b1 f    CIL library: CIL module
 0001:000046bb       ??__F?s_id@?$TObjectUniqueID@UIParameters@core@UModSys@@@tl@UModSys@@2USUniquePointer@core@3@A@@YAXXZ 004056bb f    CIL library: CIL module
 0001:000046c5       ??__F?s_id@?$TObjectUniqueID@UIRefObject@core@UModSys@@@tl@UModSys@@2USUniquePointer@core@3@A@@YAXXZ 004056c5 f    CIL library: CIL module
 0001:000046cf       ??__F?s_id@?$TObjectUniqueID@UIRoot@core@UModSys@@@tl@UModSys@@2USUniquePointer@core@3@A@@YAXXZ 004056cf f    CIL library: CIL module
 0001:000046d9       ??__F?s_console@RConsole_std@rsystem@base@UModSys@@2U1234@A@@YAXXZ 004056d9 f    CIL library: CIL module
 0001:000046e6       ??__F?s_sys@RSystem@rsystem@base@UModSys@@2U1234@A@@YAXXZ 004056e6 f    CIL library: CIL module
 0001:000046f1       ??__Frsys_dbg@rsystem@base@UModSys@@YAXXZ 004056f1 f    CIL library: CIL module
 0001:00004708       ??__FM@UModSys@@YAXXZ      00405708 f    CIL library: CIL module
 0001:00004709       ??__F?root@SUniquePointer@core@UModSys@@2U123@A@@YAXXZ 00405709 f    CIL library: CIL module
