 umodsysc

 Timestamp is 52d633af (Wed Jan 15 10:07:27 2014)

 Preferred load address is 00400000

 Start         Length     Name                   Class
 0001:00000000 0000daf0H .text                   CODE
 0001:0000daf0 00000508H .text$x                 CODE
 0001:0000dff8 00000700H .text$yc                CODE
 0001:0000e6f8 000002c3H .text$yd                CODE
 0002:00000000 00000154H .idata$5                DATA
 0002:00000154 00000004H .CRT$XCA                DATA
 0002:00000158 00000004H .CRT$XCAA               DATA
 0002:0000015c 00000378H .CRT$XCU                DATA
 0002:000004d4 00000004H .CRT$XCZ                DATA
 0002:000004d8 00000004H .CRT$XIA                DATA
 0002:000004dc 00000004H .CRT$XIAA               DATA
 0002:000004e0 00000004H .CRT$XIY                DATA
 0002:000004e4 00000004H .CRT$XIZ                DATA
 0002:000004e8 00001a40H .rdata                  DATA
 0002:00001f28 00001324H .rdata$r                DATA
 0002:00003250 000000b8H .rdata$sxdata           DATA
 0002:00003308 00000004H .rtc$IAA                DATA
 0002:0000330c 00000004H .rtc$IZZ                DATA
 0002:00003310 00000004H .rtc$TAA                DATA
 0002:00003314 00000004H .rtc$TZZ                DATA
 0002:00003318 00000a44H .xdata$x                DATA
 0002:00003d5c 00000028H .idata$2                DATA
 0002:00003d84 00000014H .idata$3                DATA
 0002:00003d98 00000154H .idata$4                DATA
 0002:00003eec 00000554H .idata$6                DATA
 0002:00004440 00000058H .edata                  DATA
 0003:00000000 00000ce0H .data                   DATA
 0003:00000ce0 00002a00H .bss                    DATA

  Address         Publics by Value              Rva+Base       Lib:Object

 0000:00000000       __except_list              00000000     <absolute>
 0000:0000002e       ___safe_se_handler_count   0000002e     <absolute>
 0000:00009876       __fltused                  00009876     <absolute>
 0000:00009876       __ldused                   00009876     <absolute>
 0000:00000000       ___ImageBase               00400000     <linker-defined>
 0001:00000000       ??$slen@D@su@tl@UModSys@@YAIPBD@Z 00401000 f i umodsys.c_main.obj
 0001:00000019       _main                      00401019 f   umodsys.c_main.obj
 0001:0000018b       ??0?$TString@U?$TSCoreConst@D@su@tl@UModSys@@U?$TComparerBinaryHash@D@234@@tl@UModSys@@QAE@PBD@Z 0040118b f i umodsys.c_main.obj
 0001:000001b0       ?update@?$TComparerBinaryHash@D@su@tl@UModSys@@QAEXPBDI@Z 004011b0 f i umodsys.c_main.obj
 0001:000001e7       ?link@SCMemShared@core@UModSys@@QAE_NPAUSMemorySharedData@23@PAUSSourceContext@23@@Z 004011e7 f i umodsys_lib_libmedia:umodsys.mod.media.stdio.obj
 0001:000001e7       ?link@SMemShared@core@UModSys@@QAE_NPAUSMemorySharedData@23@PAUSSourceContext@23@@Z 004011e7 f i umodsys_lib_libmedia:umodsys.mod.media.stdio.obj
 0001:0000020c       ??6SUniquePtrList@core@UModSys@@QAEAAU012@PBUSUniquePointerInfo@12@@Z 0040120c f i umodsys_lib_libmedia:umodsys.mod.media.stdio.obj
 0001:00000228       ??2IRoot@core@UModSys@@SAPAXIABUSIMemAlloc@12@@Z 00401228 f i umodsys_lib_libmedia:umodsys.mod.media.stdio.obj
 0001:0000024a       ??3IRoot@core@UModSys@@SAXPAXABUSIMemAlloc@12@@Z 0040124a f i umodsys_lib_libmedia:umodsys.mod.media.stdio.obj
 0001:00000263       ?_root_get_other_interface@IRefObject@core@UModSys@@IAEPAUIRoot@23@PBUSUniquePointerInfo@23@@Z 00401263 f i umodsys_lib_libmedia:umodsys.mod.media.stdio.obj
 0001:00000263       ?_root_get_other_interface@IRefObject@core@UModSys@@IBEPBUIRoot@23@PBUSUniquePointerInfo@23@@Z 00401263 f i umodsys_lib_libmedia:umodsys.mod.media.stdio.obj
 0001:00000284       ?_root_get_interface_types@IRefObject@core@UModSys@@SAIAAUSUniquePtrList@23@@Z 00401284 f i umodsys_lib_libmedia:umodsys.mod.media.stdio.obj
 0001:000002a4       ?_root_is_interface_supported@IRefObject@core@UModSys@@SA_NPBUSUniquePointerInfo@23@@Z 004012a4 f i umodsys_lib_libmedia:umodsys.mod.media.stdio.obj
 0001:000002bb       ?get@SParameters@core@UModSys@@QBE_NPBDAA_N@Z 004012bb f i umodsys_lib_libmedia:umodsys.mod.media.stdio.obj
 0001:000002ed       ?_root_is_interface_supported@IGenerator@base@UModSys@@SA_NPBUSUniquePointerInfo@core@3@@Z 004012ed f i umodsys_lib_libmedia:umodsys.mod.media.stdio.obj
 0001:0000030d       ?_root_get_interface_types@IBinArchive@libmedia@UModSys@@SAIAAUSUniquePtrList@core@3@@Z 0040130d f i umodsys_lib_libmedia:umodsys.mod.media.stdio.obj
 0001:0000032f       ?_root_is_interface_supported@IBinArchive@libmedia@UModSys@@SA_NPBUSUniquePointerInfo@core@3@@Z 0040132f f i umodsys_lib_libmedia:umodsys.mod.media.stdio.obj
 0001:0000034f       ?archive_load_data@libmedia@UModSys@@YA_NAAUIBinArchive@12@ABU?$TString@U?$TSCoreConst@D@su@tl@UModSys@@U?$TComparerBinaryHash@D@234@@tl@2@AAUSCMemShared@core@2@ABUSFlags@12@@Z 0040134f f i umodsys_lib_libmedia:umodsys.mod.media.stdio.obj
 0001:0000047a       ?file_get_size@stdio@media@modules@UModSys@@YA_JPAU_iobuf@@@Z 0040147a f i umodsys_lib_libmedia:umodsys.mod.media.stdio.obj
 0001:000004c5       ?root_get_interface_info@RStreamReader_FILE@stdio@media@modules@UModSys@@UBEABUSUniquePointerInfo@core@5@XZ 004014c5 f i umodsys_lib_libmedia:umodsys.mod.media.stdio.obj
 0001:000004cb       ?root_get_interface_type@RStreamReader_FILE@stdio@media@modules@UModSys@@UBEPBUSUniquePointerInfo@core@5@XZ 004014cb f i umodsys_lib_libmedia:umodsys.mod.media.stdio.obj
 0001:000004d1       ?root_get_other_interface@RStreamReader_FILE@stdio@media@modules@UModSys@@UAEPAUIRoot@core@5@PBUSUniquePointerInfo@75@@Z 004014d1 f i umodsys_lib_libmedia:umodsys.mod.media.stdio.obj
 0001:000004d1       ?root_get_other_interface@RStreamReader_FILE@stdio@media@modules@UModSys@@UBEPBUIRoot@core@5@PBUSUniquePointerInfo@75@@Z 004014d1 f i umodsys_lib_libmedia:umodsys.mod.media.stdio.obj
 0001:000004f2       ?root_is_interface_supported@RStreamReader_FILE@stdio@media@modules@UModSys@@UBE_NPBUSUniquePointerInfo@core@5@@Z 004014f2 f i umodsys_lib_libmedia:umodsys.mod.media.stdio.obj
 0001:00000519       ?get_system@IModuleLibraryUni@rsystem@base@UModSys@@UBEPAUISystem@34@XZ 00401519 f i umodsys_lib_basesys:umodsys.basesys.rmodulelib.obj
 0001:00000519       ?ref_links@RStreamWriter_FILE@stdio@media@modules@UModSys@@UBEHXZ 00401519 f i umodsys_lib_libmedia:umodsys.mod.media.stdio.obj
 0001:00000519       ?ref_links@RGenerator@stdio@media@modules@UModSys@@UBEHXZ 00401519 f i umodsys_lib_libmedia:umodsys.mod.media.stdio.obj
 0001:00000519       ?ref_links@RUtilities@stdlib@media@modules@UModSys@@UBEHXZ 00401519 f i umodsys_lib_libmedia:umodsys.mod.media.stdlib.obj
 0001:00000519       ?ref_links@RStreamReader_FILE@stdio@media@modules@UModSys@@UBEHXZ 00401519 f i umodsys_lib_libmedia:umodsys.mod.media.stdio.obj
 0001:00000519       ?ref_links@RGenerator@stdlib@media@modules@UModSys@@UBEHXZ 00401519 f i umodsys_lib_libmedia:umodsys.mod.media.stdlib.obj
 0001:0000051d       ??0RStreamReader_FILE@stdio@media@modules@UModSys@@QAE@PAUIModObject@base@4@ABUSParameters@core@4@@Z 0040151d f i umodsys_lib_libmedia:umodsys.mod.media.stdio.obj
 0001:00000598       ??0RStreamReader_FILE@stdio@media@modules@UModSys@@QAE@PAUIModObject@base@4@PBD@Z 00401598 f i umodsys_lib_libmedia:umodsys.mod.media.stdio.obj
 0001:000005ef       ?open@RStreamReader_FILE@stdio@media@modules@UModSys@@QAEXPBD@Z 004015ef f i umodsys_lib_libmedia:umodsys.mod.media.stdio.obj
 0001:00000613       ?reader_seek@RStreamReader_FILE@stdio@media@modules@UModSys@@UAE_N_J@Z 00401613 f i umodsys_lib_libmedia:umodsys.mod.media.stdio.obj
 0001:00000636       ?reader_seekend@RStreamReader_FILE@stdio@media@modules@UModSys@@UAE_N_J@Z 00401636 f i umodsys_lib_libmedia:umodsys.mod.media.stdio.obj
 0001:0000065c       ?reader_seekdelta@RStreamReader_FILE@stdio@media@modules@UModSys@@UAE_N_J@Z 0040165c f i umodsys_lib_libmedia:umodsys.mod.media.stdio.obj
 0001:0000067f       ?reader_pos@RStreamReader_FILE@stdio@media@modules@UModSys@@UAE_JXZ 0040167f f i umodsys_lib_libmedia:umodsys.mod.media.stdio.obj
 0001:00000694       ?reader_size@RStreamReader_FILE@stdio@media@modules@UModSys@@UAE_JXZ 00401694 f i umodsys_lib_libmedia:umodsys.mod.media.stdio.obj
 0001:0000069b       ?reader_read@RStreamReader_FILE@stdio@media@modules@UModSys@@UAE_NPAXI@Z 0040169b f i umodsys_lib_libmedia:umodsys.mod.media.stdio.obj
 0001:000006f8       ?reader_close@RStreamReader_FILE@stdio@media@modules@UModSys@@UAEXXZ 004016f8 f i umodsys_lib_libmedia:umodsys.mod.media.stdio.obj
 0001:00000710       ??_ERStreamReader_FILE@stdio@media@modules@UModSys@@UAEPAXI@Z 00401710 f i  CIL library: CIL module
 0001:00000710       ??_GRStreamReader_FILE@stdio@media@modules@UModSys@@UAEPAXI@Z 00401710 f i umodsys_lib_libmedia:umodsys.mod.media.stdio.obj
 0001:00000738       ?root_get_interface_info@RStreamWriter_FILE@stdio@media@modules@UModSys@@UBEABUSUniquePointerInfo@core@5@XZ 00401738 f i umodsys_lib_libmedia:umodsys.mod.media.stdio.obj
 0001:0000073e       ?root_get_interface_type@RStreamWriter_FILE@stdio@media@modules@UModSys@@UBEPBUSUniquePointerInfo@core@5@XZ 0040173e f i umodsys_lib_libmedia:umodsys.mod.media.stdio.obj
 0001:00000744       ?root_get_other_interface@RStreamWriter_FILE@stdio@media@modules@UModSys@@UBEPBUIRoot@core@5@PBUSUniquePointerInfo@75@@Z 00401744 f i umodsys_lib_libmedia:umodsys.mod.media.stdio.obj
 0001:00000744       ?root_get_other_interface@RStreamWriter_FILE@stdio@media@modules@UModSys@@UAEPAUIRoot@core@5@PBUSUniquePointerInfo@75@@Z 00401744 f i umodsys_lib_libmedia:umodsys.mod.media.stdio.obj
 0001:00000765       ?root_is_interface_supported@RStreamWriter_FILE@stdio@media@modules@UModSys@@UBE_NPBUSUniquePointerInfo@core@5@@Z 00401765 f i umodsys_lib_libmedia:umodsys.mod.media.stdio.obj
 0001:0000078c       ?ref_add@RUtilities@stdlib@media@modules@UModSys@@UBEXXZ 0040178c f i umodsys_lib_libmedia:umodsys.mod.media.stdlib.obj
 0001:0000078c       ?ref_add@RStreamWriter_FILE@stdio@media@modules@UModSys@@UBEXXZ 0040178c f i umodsys_lib_libmedia:umodsys.mod.media.stdio.obj
 0001:0000078c       ?ref_add@RGenerator@stdio@media@modules@UModSys@@UBEXXZ 0040178c f i umodsys_lib_libmedia:umodsys.mod.media.stdio.obj
 0001:0000078c       ?ref_add@RGenerator@stdlib@media@modules@UModSys@@UBEXXZ 0040178c f i umodsys_lib_libmedia:umodsys.mod.media.stdlib.obj
 0001:0000078c       ?ref_add@RStreamReader_FILE@stdio@media@modules@UModSys@@UBEXXZ 0040178c f i umodsys_lib_libmedia:umodsys.mod.media.stdio.obj
 0001:00000790       ?suicide@RUtilities@stdlib@media@modules@UModSys@@UAEXXZ 00401790 f i umodsys_lib_libmedia:umodsys.mod.media.stdlib.obj
 0001:00000790       ?suicide@RStreamReader_FILE@stdio@media@modules@UModSys@@UAEXXZ 00401790 f i umodsys_lib_libmedia:umodsys.mod.media.stdio.obj
 0001:00000790       ?suicide@RStreamWriter_FILE@stdio@media@modules@UModSys@@UAEXXZ 00401790 f i umodsys_lib_libmedia:umodsys.mod.media.stdio.obj
 0001:000007cd       ??0RStreamWriter_FILE@stdio@media@modules@UModSys@@QAE@PAUIModObject@base@4@ABUSParameters@core@4@@Z 004017cd f i umodsys_lib_libmedia:umodsys.mod.media.stdio.obj
 0001:00000866       ??0RStreamWriter_FILE@stdio@media@modules@UModSys@@QAE@PAUIModObject@base@4@PBD_N@Z 00401866 f i umodsys_lib_libmedia:umodsys.mod.media.stdio.obj
 0001:000008c7       ?open@RStreamWriter_FILE@stdio@media@modules@UModSys@@QAEXPBD_N@Z 004018c7 f i umodsys_lib_libmedia:umodsys.mod.media.stdio.obj
 0001:0000090d       ?writer_seek@RStreamWriter_FILE@stdio@media@modules@UModSys@@UAE_N_J@Z 0040190d f i umodsys_lib_libmedia:umodsys.mod.media.stdio.obj
 0001:00000930       ?writer_seekend@RStreamWriter_FILE@stdio@media@modules@UModSys@@UAE_N_J@Z 00401930 f i umodsys_lib_libmedia:umodsys.mod.media.stdio.obj
 0001:00000956       ?writer_seekdelta@RStreamWriter_FILE@stdio@media@modules@UModSys@@UAE_N_J@Z 00401956 f i umodsys_lib_libmedia:umodsys.mod.media.stdio.obj
 0001:00000979       ?writer_setsize@RStreamWriter_FILE@stdio@media@modules@UModSys@@UAE_N_J@Z 00401979 f i umodsys_lib_libmedia:umodsys.mod.media.stdio.obj
 0001:000009c1       ?writer_pos@RStreamWriter_FILE@stdio@media@modules@UModSys@@UAE_JXZ 004019c1 f i umodsys_lib_libmedia:umodsys.mod.media.stdio.obj
 0001:000009d6       ?writer_size@RStreamWriter_FILE@stdio@media@modules@UModSys@@UAE_JXZ 004019d6 f i umodsys_lib_libmedia:umodsys.mod.media.stdio.obj
 0001:000009fb       ?writer_write@RStreamWriter_FILE@stdio@media@modules@UModSys@@UAE_NPBXI@Z 004019fb f i umodsys_lib_libmedia:umodsys.mod.media.stdio.obj
 0001:00000a58       ?writer_copy@RStreamWriter_FILE@stdio@media@modules@UModSys@@UAE_NPAUIStreamReader@libmedia@5@_J@Z 00401a58 f i umodsys_lib_libmedia:umodsys.mod.media.stdio.obj
 0001:00000adc       ?writer_copy@RStreamWriter_FILE@stdio@media@modules@UModSys@@UAE_NPAUIStreamReader@libmedia@5@_J1@Z 00401adc f i umodsys_lib_libmedia:umodsys.mod.media.stdio.obj
 0001:00000b13       ?writer_close@RStreamWriter_FILE@stdio@media@modules@UModSys@@UAEXXZ 00401b13 f i umodsys_lib_libmedia:umodsys.mod.media.stdio.obj
 0001:00000b40       ?writer_abort@RStreamWriter_FILE@stdio@media@modules@UModSys@@UAEXXZ 00401b40 f i umodsys_lib_libmedia:umodsys.mod.media.stdio.obj
 0001:00000b6d       ??_ERStreamWriter_FILE@stdio@media@modules@UModSys@@UAEPAXI@Z 00401b6d f i  CIL library: CIL module
 0001:00000b6d       ??_GRStreamWriter_FILE@stdio@media@modules@UModSys@@UAEPAXI@Z 00401b6d f i umodsys_lib_libmedia:umodsys.mod.media.stdio.obj
 0001:00000bb1       ?root_get_interface_info@RDataArchiver_OsDir@stdio@media@modules@UModSys@@UBEABUSUniquePointerInfo@core@5@XZ 00401bb1 f i umodsys_lib_libmedia:umodsys.mod.media.stdio.obj
 0001:00000bb7       ?root_get_interface_type@RDataArchiver_OsDir@stdio@media@modules@UModSys@@UBEPBUSUniquePointerInfo@core@5@XZ 00401bb7 f i umodsys_lib_libmedia:umodsys.mod.media.stdio.obj
 0001:00000bbd       ?root_get_other_interface@RDataArchiver_OsDir@stdio@media@modules@UModSys@@UAEPAUIRoot@core@5@PBUSUniquePointerInfo@75@@Z 00401bbd f i umodsys_lib_libmedia:umodsys.mod.media.stdio.obj
 0001:00000bbd       ?root_get_other_interface@RDataArchiver_OsDir@stdio@media@modules@UModSys@@UBEPBUIRoot@core@5@PBUSUniquePointerInfo@75@@Z 00401bbd f i umodsys_lib_libmedia:umodsys.mod.media.stdio.obj
 0001:00000be6       ?root_is_interface_supported@RDataArchiver_OsDir@stdio@media@modules@UModSys@@UBE_NPBUSUniquePointerInfo@core@5@@Z 00401be6 f i umodsys_lib_libmedia:umodsys.mod.media.stdio.obj
 0001:00000c05       ??0RDataArchiver_OsDir@stdio@media@modules@UModSys@@QAE@PAUIModObject@base@4@ABUSParameters@core@4@U?$TFlags4State@USMediaFlagUid@libmedia@UModSys@@I@tl@4@@Z 00401c05 f i umodsys_lib_libmedia:umodsys.mod.media.stdio.obj
 0001:00000c78       ?open@RDataArchiver_OsDir@stdio@media@modules@UModSys@@QAEXABUSParameters@core@5@@Z 00401c78 f i umodsys_lib_libmedia:umodsys.mod.media.stdio.obj
 0001:00000d53       ?get_flag@RDataArchiver_OsDir@stdio@media@modules@UModSys@@UBE?AW4eStates@?$TFlags4State@USMediaFlagUid@libmedia@UModSys@@I@tl@5@H@Z 00401d53 f i umodsys_lib_libmedia:umodsys.mod.media.stdio.obj
 0001:00000d66       ?get_flags_auto@RDataArchiver_OsDir@stdio@media@modules@UModSys@@UBE?AU?$TFlags4State@USMediaFlagUid@libmedia@UModSys@@I@tl@5@XZ 00401d66 f i umodsys_lib_libmedia:umodsys.mod.media.stdio.obj
 0001:00000d75       ?set_flag@RDataArchiver_OsDir@stdio@media@modules@UModSys@@UAE?AW4eStates@?$TFlags4State@USMediaFlagUid@libmedia@UModSys@@I@tl@5@HW46785@@Z 00401d75 f i umodsys_lib_libmedia:umodsys.mod.media.stdio.obj
 0001:00000da2       ?data_load@RDataArchiver_OsDir@stdio@media@modules@UModSys@@UAE_NABU?$TString@U?$TSCoreConst@D@su@tl@UModSys@@U?$TComparerBinaryHash@D@234@@tl@5@AAUSCMemShared@core@5@ABUSFlags@libmedia@5@@Z 00401da2 f i umodsys_lib_libmedia:umodsys.mod.media.stdio.obj
 0001:00000dd6       ?data_save@RDataArchiver_OsDir@stdio@media@modules@UModSys@@UAE_NABU?$TString@U?$TSCoreConst@D@su@tl@UModSys@@U?$TComparerBinaryHash@D@234@@tl@5@ABUSCMem@core@5@ABUSFlags@libmedia@5@@Z 00401dd6 f i umodsys_lib_libmedia:umodsys.mod.media.stdio.obj
 0001:00000e4c       ?data_reader@RDataArchiver_OsDir@stdio@media@modules@UModSys@@UAE?AU?$TRefObject@UIStreamReader@libmedia@UModSys@@U?$TRefObjectFunc@UIStreamReader@libmedia@UModSys@@@tl@3@@tl@5@ABU?$TString@U?$TSCoreConst@D@su@tl@UModSys@@U?$TComparerBinaryHash@D@234@@75@ABUSFlags@libmedia@5@@Z 00401e4c f i umodsys_lib_libmedia:umodsys.mod.media.stdio.obj
 0001:00000f53       ?data_writer@RDataArchiver_OsDir@stdio@media@modules@UModSys@@UAE?AU?$TRefObject@UIStreamWriter@libmedia@UModSys@@U?$TRefObjectFunc@UIStreamWriter@libmedia@UModSys@@@tl@3@@tl@5@ABU?$TString@U?$TSCoreConst@D@su@tl@UModSys@@U?$TComparerBinaryHash@D@234@@75@ABUSFlags@libmedia@5@@Z 00401f53 f i umodsys_lib_libmedia:umodsys.mod.media.stdio.obj
 0001:00001075       ?data_list@RDataArchiver_OsDir@stdio@media@modules@UModSys@@UAE_NABU?$TString@U?$TSCoreConst@D@su@tl@UModSys@@U?$TComparerBinaryHash@D@234@@tl@5@IAAU?$TIStackSocket@USFileInfo@libmedia@UModSys@@@75@ABUSFlags@libmedia@5@@Z 00402075 f i umodsys_lib_libmedia:umodsys.mod.media.stdio.obj
 0001:00001075       ?data_info@RDataArchiver_OsDir@stdio@media@modules@UModSys@@UAE_NABU?$TString@U?$TSCoreConst@D@su@tl@UModSys@@U?$TComparerBinaryHash@D@234@@tl@5@IAAUSFileInfo@libmedia@5@ABUSFlags@95@@Z 00402075 f i umodsys_lib_libmedia:umodsys.mod.media.stdio.obj
 0001:000010be       ?get_permissions@RDataArchiver_OsDir@stdio@media@modules@UModSys@@UAEHXZ 004020be f i umodsys_lib_libmedia:umodsys.mod.media.stdio.obj
 0001:000010c2       ??_ERDataArchiver_OsDir@stdio@media@modules@UModSys@@UAEPAXI@Z 004020c2 f i  CIL library: CIL module
 0001:000010c2       ??_GRDataArchiver_OsDir@stdio@media@modules@UModSys@@UAEPAXI@Z 004020c2 f i umodsys_lib_libmedia:umodsys.mod.media.stdio.obj
 0001:00001116       ??1ILibObject@libmedia@UModSys@@UAE@XZ 00402116 f i umodsys_lib_libmedia:umodsys.mod.media.stdio.obj
 0001:0000114d       ?get_generated_names@RGenerator@stdio@media@modules@UModSys@@UBEHAAUSUniquePtrList@core@5@@Z 0040214d f i umodsys_lib_libmedia:umodsys.mod.media.stdio.obj
 0001:0000117d       ?get_generated_types@RGenerator@stdio@media@modules@UModSys@@UBEHAAUSUniquePtrList@core@5@PBUSUniquePointerInfo@75@@Z 0040217d f i umodsys_lib_libmedia:umodsys.mod.media.stdio.obj
 0001:000011f0       ?generate@RGenerator@stdio@media@modules@UModSys@@UAE_NAAU?$TRefObject@UIRefObject@core@UModSys@@U?$TRefObjectFunc@UIRefObject@core@UModSys@@@tl@3@@tl@5@PBUSUniquePointerInfo@core@5@ABUSParameters@95@@Z 004021f0 f i umodsys_lib_libmedia:umodsys.mod.media.stdio.obj
 0001:00001257       ?root_get_interface_info@RGenerator@stdio@media@modules@UModSys@@UBEABUSUniquePointerInfo@core@5@XZ 00402257 f i umodsys_lib_libmedia:umodsys.mod.media.stdio.obj
 0001:0000125d       ?root_get_interface_type@RGenerator@stdio@media@modules@UModSys@@UBEPBUSUniquePointerInfo@core@5@XZ 0040225d f i umodsys_lib_libmedia:umodsys.mod.media.stdio.obj
 0001:00001263       ?root_get_other_interface@RGenerator@stdio@media@modules@UModSys@@UBEPBUIRoot@core@5@PBUSUniquePointerInfo@75@@Z 00402263 f i umodsys_lib_libmedia:umodsys.mod.media.stdio.obj
 0001:00001263       ?root_get_other_interface@RGenerator@stdio@media@modules@UModSys@@UAEPAUIRoot@core@5@PBUSUniquePointerInfo@75@@Z 00402263 f i umodsys_lib_libmedia:umodsys.mod.media.stdio.obj
 0001:0000128c       ?root_is_interface_supported@RGenerator@stdio@media@modules@UModSys@@UBE_NPBUSUniquePointerInfo@core@5@@Z 0040228c f i umodsys_lib_libmedia:umodsys.mod.media.stdio.obj
 0001:000012ab       ?ref_remove@RGenerator@stdlib@media@modules@UModSys@@UBEXXZ 004022ab f i umodsys_lib_libmedia:umodsys.mod.media.stdlib.obj
 0001:000012ab       ?ref_remove@RUtilities@stdlib@media@modules@UModSys@@UBEXXZ 004022ab f i umodsys_lib_libmedia:umodsys.mod.media.stdlib.obj
 0001:000012ab       ?ref_remove@RStreamWriter_FILE@stdio@media@modules@UModSys@@UBEXXZ 004022ab f i umodsys_lib_libmedia:umodsys.mod.media.stdio.obj
 0001:000012ab       ?ref_remove@RStreamReader_FILE@stdio@media@modules@UModSys@@UBEXXZ 004022ab f i umodsys_lib_libmedia:umodsys.mod.media.stdio.obj
 0001:000012ab       ?ref_remove@RGenerator@stdio@media@modules@UModSys@@UBEXXZ 004022ab f i umodsys_lib_libmedia:umodsys.mod.media.stdio.obj
 0001:000012b6       ?ref_weak@RUtilities@stdlib@media@modules@UModSys@@UBE_NAAUWeakPointer@IRefObject@core@5@@Z 004022b6 f i umodsys_lib_libmedia:umodsys.mod.media.stdlib.obj
 0001:000012b6       ?ref_weak@RStreamReader_FILE@stdio@media@modules@UModSys@@UBE_NAAUWeakPointer@IRefObject@core@5@@Z 004022b6 f i umodsys_lib_libmedia:umodsys.mod.media.stdio.obj
 0001:000012b6       ?ref_weak@RGenerator@stdio@media@modules@UModSys@@UBE_NAAUWeakPointer@IRefObject@core@5@@Z 004022b6 f i umodsys_lib_libmedia:umodsys.mod.media.stdio.obj
 0001:000012b6       ?ref_weak@RGenerator@stdlib@media@modules@UModSys@@UBE_NAAUWeakPointer@IRefObject@core@5@@Z 004022b6 f i umodsys_lib_libmedia:umodsys.mod.media.stdlib.obj
 0001:000012b6       ?ref_weak@RStreamWriter_FILE@stdio@media@modules@UModSys@@UBE_NAAUWeakPointer@IRefObject@core@5@@Z 004022b6 f i umodsys_lib_libmedia:umodsys.mod.media.stdio.obj
 0001:000012d5       ?get_uid@RGenerator@stdio@media@modules@UModSys@@UBEPBUSUniquePointerInfo@core@5@XZ 004022d5 f i umodsys_lib_libmedia:umodsys.mod.media.stdio.obj
 0001:000012db       ?do_open@RModuleReg@stdio@media@modules@UModSys@@UAE_NXZ 004022db f i umodsys_lib_libmedia:umodsys.mod.media.stdio.obj
 0001:00001329       ?do_close@RModuleReg@stdio@media@modules@UModSys@@UAE_NXZ 00402329 f i umodsys_lib_libmedia:umodsys.mod.media.stdio.obj
 0001:00001364       ?get_module@RGenerator@stdio@media@modules@UModSys@@UBEPAUIModule@base@5@XZ 00402364 f   umodsys_lib_libmedia:umodsys.mod.media.stdio.obj
 0001:0000136a       ?mod_inc@RGenerator@stdio@media@modules@UModSys@@UBE_NXZ 0040236a f   umodsys_lib_libmedia:umodsys.mod.media.stdio.obj
 0001:00001375       ?mod_dec@RGenerator@stdio@media@modules@UModSys@@UBE_NXZ 00402375 f   umodsys_lib_libmedia:umodsys.mod.media.stdio.obj
 0001:00001380       ?s_holder@RGenerator@stdio@media@modules@UModSys@@SAAAU?$TTypeStaticHolder@URGenerator@stdio@media@modules@UModSys@@@tl@5@XZ 00402380 f   umodsys_lib_libmedia:umodsys.mod.media.stdio.obj
 0001:000013b2       ??0?$TString@U?$TSCoreShared@USIMemAlloc@core@UModSys@@D@su@tl@UModSys@@U?$TComparerBinaryHash@D@234@@tl@UModSys@@QAE@XZ 004023b2 f i umodsys_lib_libmedia:umodsys.mod.media.stdio.obj
 0001:000013c8       ?set@?$TSCoreShared@USIMemAlloc@core@UModSys@@D@su@tl@UModSys@@QAEXPBD@Z 004023c8 f i umodsys_lib_libmedia:umodsys.mod.media.stdio.obj
 0001:000013ed       ?info_release@?$TSCoreShared@USIMemAlloc@core@UModSys@@D@su@tl@UModSys@@QAEXXZ 004023ed f i umodsys_lib_libmedia:umodsys.mod.media.stdio.obj
 0001:00001426       ?info_new@?$TSCoreShared@USIMemAlloc@core@UModSys@@D@su@tl@UModSys@@QAE_NPBDI@Z 00402426 f i umodsys_lib_libmedia:umodsys.mod.media.stdio.obj
 0001:0000148a       ?get_null@?$TSCoreShared@USIMemAlloc@core@UModSys@@D@su@tl@UModSys@@SAPAU?$TSharedStringInfo@DUSIMemAlloc@core@UModSys@@@234@XZ 0040248a f i umodsys_lib_libmedia:umodsys.mod.media.stdio.obj
 0001:000014c2       ??$ValidateConstruction@UIStreamReader@libmedia@UModSys@@URStreamReader_FILE@stdio@media@modules@3@@core@UModSys@@YA_NAAU?$TRefObject@UIStreamReader@libmedia@UModSys@@U?$TRefObjectFunc@UIStreamReader@libmedia@UModSys@@@tl@3@@tl@1@PAURStreamReader_FILE@stdio@media@modules@1@@Z 004024c2 f i umodsys_lib_libmedia:umodsys.mod.media.stdio.obj
 0001:00001514       ??$yes@U?$TFlags4StateShift@USMediaFlagUid@libmedia@UModSys@@I$09@tl@UModSys@@@SFlags@libmedia@UModSys@@QBE_NPBUIResolverAuto@012@@Z 00402514 f i umodsys_lib_libmedia:umodsys.mod.media.stdio.obj
 0001:00001565       ??$ValidateConstruction@UIStreamWriter@libmedia@UModSys@@URStreamWriter_FILE@stdio@media@modules@3@@core@UModSys@@YA_NAAU?$TRefObject@UIStreamWriter@libmedia@UModSys@@U?$TRefObjectFunc@UIStreamWriter@libmedia@UModSys@@@tl@3@@tl@1@PAURStreamWriter_FILE@stdio@media@modules@1@@Z 00402565 f i umodsys_lib_libmedia:umodsys.mod.media.stdio.obj
 0001:000015bf       ??$t_gen_param@URStreamReader_FILE@stdio@media@modules@UModSys@@URGenerator@2345@@IGenerator@base@UModSys@@IAE_NPAURGenerator@stdio@media@modules@2@AAU?$TRefObject@UIRefObject@core@UModSys@@U?$TRefObjectFunc@UIRefObject@core@UModSys@@@tl@3@@tl@2@PBUSUniquePointerInfo@core@2@ABUSParameters@core@2@@Z 004025bf f i umodsys_lib_libmedia:umodsys.mod.media.stdio.obj
 0001:0000164a       ??$t_gen_param@URStreamWriter_FILE@stdio@media@modules@UModSys@@URGenerator@2345@@IGenerator@base@UModSys@@IAE_NPAURGenerator@stdio@media@modules@2@AAU?$TRefObject@UIRefObject@core@UModSys@@U?$TRefObjectFunc@UIRefObject@core@UModSys@@@tl@3@@tl@2@PBUSUniquePointerInfo@core@2@ABUSParameters@core@2@@Z 0040264a f i umodsys_lib_libmedia:umodsys.mod.media.stdio.obj
 0001:000016d5       ??$t_gen_param@URDataArchiver_OsDir@stdio@media@modules@UModSys@@URGenerator@2345@@IGenerator@base@UModSys@@IAE_NPAURGenerator@stdio@media@modules@2@AAU?$TRefObject@UIRefObject@core@UModSys@@U?$TRefObjectFunc@UIRefObject@core@UModSys@@@tl@3@@tl@2@PBUSUniquePointerInfo@core@2@ABUSParameters@core@2@@Z 004026d5 f i umodsys_lib_libmedia:umodsys.mod.media.stdio.obj
 0001:00001750       ??1?$TRefObject@UIModObject@base@UModSys@@U?$TModObjectFunc@UIModObject@base@UModSys@@@tl@3@@tl@UModSys@@QAE@XZ 00402750 f i umodsys_lib_libmedia:umodsys.mod.media.stdio.obj
 0001:00001766       ?s_init@?$TModObjectFunc@UIModObject@base@UModSys@@@tl@UModSys@@SAXAAPAUIModObject@base@3@PAU453@@Z 00402766 f i umodsys_lib_libmedia:umodsys.mod.media.stdio.obj
 0001:0000177f       ?new_data@SMemorySharedData@core@UModSys@@SAPAU123@IPBUSSourceContext@23@@Z 0040277f f i umodsys_lib_libmedia:umodsys.mod.media.stdlib.obj
 0001:000017a3       ??$seq@D@su@tl@UModSys@@YA_NPBD0I@Z 004027a3 f i umodsys_lib_libmedia:umodsys.mod.media.stdlib.obj
 0001:000017be       ??1SFileInfo@libmedia@UModSys@@QAE@XZ 004027be f i umodsys_lib_libmedia:umodsys.mod.media.stdlib.obj
 0001:0000180b       ?get_flag@RResolverChain@SFlagsChain@libmedia@UModSys@@UBE?AW4eStates@?$TFlags4State@USMediaFlagUid@libmedia@UModSys@@I@tl@4@H@Z 0040280b f i umodsys_lib_libmedia:umodsys.mod.media.stdlib.obj
 0001:00001831       ?bin_reader@ILibrary@libmedia@UModSys@@QAE?AU?$TRefObject@UIStreamReader@libmedia@UModSys@@U?$TRefObjectFunc@UIStreamReader@libmedia@UModSys@@@tl@3@@tl@3@ABU?$TString@U?$TSCoreConst@D@su@tl@UModSys@@U?$TComparerBinaryHash@D@234@@53@ABU?$TFlags4State@USMediaFlagUid@libmedia@UModSys@@I@53@@Z 00402831 f i umodsys_lib_libmedia:umodsys.mod.media.stdlib.obj
 0001:00001860       ?bin_writer@ILibrary@libmedia@UModSys@@QAE?AU?$TRefObject@UIStreamWriter@libmedia@UModSys@@U?$TRefObjectFunc@UIStreamWriter@libmedia@UModSys@@@tl@3@@tl@3@ABU?$TString@U?$TSCoreConst@D@su@tl@UModSys@@U?$TComparerBinaryHash@D@234@@53@ABU?$TFlags4State@USMediaFlagUid@libmedia@UModSys@@I@53@@Z 00402860 f i umodsys_lib_libmedia:umodsys.mod.media.stdlib.obj
 0001:0000188f       ?_root_get_other_interface@ILibrary@libmedia@UModSys@@IBEPBUIRoot@core@3@PBUSUniquePointerInfo@53@@Z 0040288f f i umodsys_lib_libmedia:umodsys.mod.media.stdlib.obj
 0001:0000188f       ?_root_get_other_interface@ILibrary@libmedia@UModSys@@IAEPAUIRoot@core@3@PBUSUniquePointerInfo@53@@Z 0040288f f i umodsys_lib_libmedia:umodsys.mod.media.stdlib.obj
 0001:000018ab       ?_root_get_interface_types@ILibrary@libmedia@UModSys@@SAIAAUSUniquePtrList@core@3@@Z 004028ab f i umodsys_lib_libmedia:umodsys.mod.media.stdlib.obj
 0001:000018cd       ?_root_is_interface_supported@ILibrary@libmedia@UModSys@@SA_NPBUSUniquePointerInfo@core@3@@Z 004028cd f i umodsys_lib_libmedia:umodsys.mod.media.stdlib.obj
 0001:000018ed       ??1SPoint@ILibraryBinTree@libmedia@UModSys@@QAE@XZ 004028ed f i umodsys_lib_libmedia:umodsys.mod.media.stdlib.obj
 0001:000018ed       ??1SLayer@ILibraryLayered@libmedia@UModSys@@QAE@XZ 004028ed f i umodsys_lib_libmedia:umodsys.mod.media.stdlib.obj
 0001:000018fe       ?setname@NameNode@IBinArchiveFrame@libmedia@UModSys@@QAEXPAXHABU?$TString@U?$TSCoreConst@D@su@tl@UModSys@@U?$TComparerBinaryHash@D@234@@tl@4@@Z 004028fe f i umodsys_lib_libmedia:umodsys.mod.media.stdlib.obj
 0001:00001946       ?setname@NameNode@IBinArchiveFrame@libmedia@UModSys@@QAEXPAXHABU?$TString@U?$TSCoreConst@D@su@tl@UModSys@@U?$TComparerUtfNocaseHash@D@234@@tl@4@@Z 00402946 f i umodsys_lib_libmedia:umodsys.mod.media.stdlib.obj
 0001:00001996       ??RNameNodeCmpC@IBinArchiveFrame@libmedia@UModSys@@QBEHPBUNameNode@123@@Z 00402996 f i umodsys_lib_libmedia:umodsys.mod.media.stdlib.obj
 0001:000019c0       ??RNameNodeCmpUC@IBinArchiveFrame@libmedia@UModSys@@QBEHPBUNameNode@123@@Z 004029c0 f i umodsys_lib_libmedia:umodsys.mod.media.stdlib.obj
 0001:00001a1b       ?root_get_interface_info@RUtilities@stdlib@media@modules@UModSys@@UBEABUSUniquePointerInfo@core@5@XZ 00402a1b f i umodsys_lib_libmedia:umodsys.mod.media.stdlib.obj
 0001:00001a21       ?root_get_interface_type@RUtilities@stdlib@media@modules@UModSys@@UBEPBUSUniquePointerInfo@core@5@XZ 00402a21 f i umodsys_lib_libmedia:umodsys.mod.media.stdlib.obj
 0001:00001a27       ?root_get_other_interface@RUtilities@stdlib@media@modules@UModSys@@UAEPAUIRoot@core@5@PBUSUniquePointerInfo@75@@Z 00402a27 f i umodsys_lib_libmedia:umodsys.mod.media.stdlib.obj
 0001:00001a27       ?root_get_other_interface@RUtilities@stdlib@media@modules@UModSys@@UBEPBUIRoot@core@5@PBUSUniquePointerInfo@75@@Z 00402a27 f i umodsys_lib_libmedia:umodsys.mod.media.stdlib.obj
 0001:00001a48       ?root_is_interface_supported@RUtilities@stdlib@media@modules@UModSys@@UBE_NPBUSUniquePointerInfo@core@5@@Z 00402a48 f i umodsys_lib_libmedia:umodsys.mod.media.stdlib.obj
 0001:00001a6f       ?root_get_interface_info@RBinArchiveFrame@stdlib@media@modules@UModSys@@UBEABUSUniquePointerInfo@core@5@XZ 00402a6f f i umodsys_lib_libmedia:umodsys.mod.media.stdlib.obj
 0001:00001a75       ?root_get_interface_type@RBinArchiveFrame@stdlib@media@modules@UModSys@@UBEPBUSUniquePointerInfo@core@5@XZ 00402a75 f i umodsys_lib_libmedia:umodsys.mod.media.stdlib.obj
 0001:00001a7b       ?root_get_other_interface@RBinArchiveFrame@stdlib@media@modules@UModSys@@UBEPBUIRoot@core@5@PBUSUniquePointerInfo@75@@Z 00402a7b f i umodsys_lib_libmedia:umodsys.mod.media.stdlib.obj
 0001:00001a7b       ?root_get_other_interface@RBinArchiveFrame@stdlib@media@modules@UModSys@@UAEPAUIRoot@core@5@PBUSUniquePointerInfo@75@@Z 00402a7b f i umodsys_lib_libmedia:umodsys.mod.media.stdlib.obj
 0001:00001aac       ?root_is_interface_supported@RBinArchiveFrame@stdlib@media@modules@UModSys@@UBE_NPBUSUniquePointerInfo@core@5@@Z 00402aac f i umodsys_lib_libmedia:umodsys.mod.media.stdlib.obj
 0001:00001ad3       ?ref_add@RBinArchiveFrame@stdlib@media@modules@UModSys@@UBEXXZ 00402ad3 f i umodsys_lib_libmedia:umodsys.mod.media.stdlib.obj
 0001:00001ad7       ?ref_remove@RBinArchiveFrame@stdlib@media@modules@UModSys@@UBEXXZ 00402ad7 f i umodsys_lib_libmedia:umodsys.mod.media.stdlib.obj
 0001:00001ae2       ?ref_links@RBinArchiveFrame@stdlib@media@modules@UModSys@@UBEHXZ 00402ae2 f i umodsys_lib_libmedia:umodsys.mod.media.stdlib.obj
 0001:00001ae6       ?ref_weak@RBinArchiveFrame@stdlib@media@modules@UModSys@@UBE_NAAUWeakPointer@IRefObject@core@5@@Z 00402ae6 f i umodsys_lib_libmedia:umodsys.mod.media.stdlib.obj
 0001:00001b05       ?suicide@RBinArchiveFrame@stdlib@media@modules@UModSys@@UAEXXZ 00402b05 f i umodsys_lib_libmedia:umodsys.mod.media.stdlib.obj
 0001:00001b42       ?root_get_interface_info@RLibraryBinTree@stdlib@media@modules@UModSys@@UBEABUSUniquePointerInfo@core@5@XZ 00402b42 f i umodsys_lib_libmedia:umodsys.mod.media.stdlib.obj
 0001:00001b48       ?root_get_interface_type@RLibraryBinTree@stdlib@media@modules@UModSys@@UBEPBUSUniquePointerInfo@core@5@XZ 00402b48 f i umodsys_lib_libmedia:umodsys.mod.media.stdlib.obj
 0001:00001b4e       ?root_get_other_interface@RLibraryBinTree@stdlib@media@modules@UModSys@@UBEPBUIRoot@core@5@PBUSUniquePointerInfo@75@@Z 00402b4e f i umodsys_lib_libmedia:umodsys.mod.media.stdlib.obj
 0001:00001b4e       ?root_get_other_interface@RLibraryBinTree@stdlib@media@modules@UModSys@@UAEPAUIRoot@core@5@PBUSUniquePointerInfo@75@@Z 00402b4e f i umodsys_lib_libmedia:umodsys.mod.media.stdlib.obj
 0001:00001b6f       ?root_is_interface_supported@RLibraryBinTree@stdlib@media@modules@UModSys@@UBE_NPBUSUniquePointerInfo@core@5@@Z 00402b6f f i umodsys_lib_libmedia:umodsys.mod.media.stdlib.obj
 0001:00001b96       ?ref_links@RLibraryLayered@stdlib@media@modules@UModSys@@UBEHXZ 00402b96 f i umodsys_lib_libmedia:umodsys.mod.media.stdlib.obj
 0001:00001b96       ?ref_links@RDataArchiver_OsDir@stdio@media@modules@UModSys@@UBEHXZ 00402b96 f i umodsys_lib_libmedia:umodsys.mod.media.stdio.obj
 0001:00001b96       ?ref_links@RLibraryObjCache@stdlib@media@modules@UModSys@@UBEHXZ 00402b96 f i umodsys_lib_libmedia:umodsys.mod.media.stdlib.obj
 0001:00001b96       ?ref_links@RLibraryBinCache@stdlib@media@modules@UModSys@@UBEHXZ 00402b96 f i umodsys_lib_libmedia:umodsys.mod.media.stdlib.obj
 0001:00001b96       ?ref_links@RLibraryBinTree@stdlib@media@modules@UModSys@@UBEHXZ 00402b96 f i umodsys_lib_libmedia:umodsys.mod.media.stdlib.obj
 0001:00001b96       ?ref_links@RParameters@rsystem@base@UModSys@@UBEHXZ 00402b96 f i umodsys_lib_basesys:umodsys.basesys.rparameters.obj
 0001:00001b96       ?ref_links@RLibraryObjFilter@stdlib@media@modules@UModSys@@UBEHXZ 00402b96 f i umodsys_lib_libmedia:umodsys.mod.media.stdlib.obj
 0001:00001b96       ?get_console@RSystem@rsystem@base@UModSys@@UAEPAUIConsole@34@XZ 00402b96 f i umodsys_lib_basesys:umodsys.basesys.rsystem.obj
 0001:00001b9a       ?root_get_interface_info@RLibraryBinCache@stdlib@media@modules@UModSys@@UBEABUSUniquePointerInfo@core@5@XZ 00402b9a f i umodsys_lib_libmedia:umodsys.mod.media.stdlib.obj
 0001:00001ba0       ?root_get_interface_type@RLibraryBinCache@stdlib@media@modules@UModSys@@UBEPBUSUniquePointerInfo@core@5@XZ 00402ba0 f i umodsys_lib_libmedia:umodsys.mod.media.stdlib.obj
 0001:00001ba6       ?root_get_interface_types@RStreamWriter_FILE@stdio@media@modules@UModSys@@UBEIAAUSUniquePtrList@core@5@@Z 00402ba6 f i umodsys_lib_libmedia:umodsys.mod.media.stdio.obj
 0001:00001ba6       ?root_get_interface_types@RUtilities@stdlib@media@modules@UModSys@@UBEIAAUSUniquePtrList@core@5@@Z 00402ba6 f i umodsys_lib_libmedia:umodsys.mod.media.stdlib.obj
 0001:00001ba6       ?root_get_interface_types@RLibraryBinTree@stdlib@media@modules@UModSys@@UBEIAAUSUniquePtrList@core@5@@Z 00402ba6 f i umodsys_lib_libmedia:umodsys.mod.media.stdlib.obj
 0001:00001ba6       ?root_get_interface_types@RModuleLibraryThis@rsystem@base@UModSys@@UBEIAAUSUniquePtrList@core@4@@Z 00402ba6 f i umodsys_lib_basesys:umodsys.basesys.rmodulelibthis.obj
 0001:00001ba6       ?root_get_interface_types@RModuleLibrarySO@rsystem@base@UModSys@@UBEIAAUSUniquePtrList@core@4@@Z 00402ba6 f i umodsys_lib_basesys:umodsys.basesys.rmodulelibso.obj
 0001:00001ba6       ?root_get_interface_types@RLibraryObjFilter@stdlib@media@modules@UModSys@@UBEIAAUSUniquePtrList@core@5@@Z 00402ba6 f i umodsys_lib_libmedia:umodsys.mod.media.stdlib.obj
 0001:00001ba6       ?root_get_interface_types@RBinArchiveFrame@stdlib@media@modules@UModSys@@UBEIAAUSUniquePtrList@core@5@@Z 00402ba6 f i umodsys_lib_libmedia:umodsys.mod.media.stdlib.obj
 0001:00001ba6       ?root_get_interface_types@RParameters@rsystem@base@UModSys@@UBEIAAUSUniquePtrList@core@4@@Z 00402ba6 f i umodsys_lib_basesys:umodsys.basesys.rparameters.obj
 0001:00001ba6       ?root_get_interface_types@RGenerator@stdlib@media@modules@UModSys@@UBEIAAUSUniquePtrList@core@5@@Z 00402ba6 f i umodsys_lib_libmedia:umodsys.mod.media.stdlib.obj
 0001:00001ba6       ?root_get_interface_types@RSystem@rsystem@base@UModSys@@UBEIAAUSUniquePtrList@core@4@@Z 00402ba6 f i umodsys_lib_basesys:umodsys.basesys.rsystem_main.obj
 0001:00001ba6       ?root_get_interface_types@RLibraryObjCache@stdlib@media@modules@UModSys@@UBEIAAUSUniquePtrList@core@5@@Z 00402ba6 f i umodsys_lib_libmedia:umodsys.mod.media.stdlib.obj
 0001:00001ba6       ?root_get_interface_types@RModule@rsystem@base@UModSys@@UBEIAAUSUniquePtrList@core@4@@Z 00402ba6 f i umodsys_lib_basesys:umodsys.basesys.rmodule.obj
 0001:00001ba6       ?root_get_interface_types@RConsole_std@rsystem@base@UModSys@@UBEIAAUSUniquePtrList@core@4@@Z 00402ba6 f i umodsys_lib_basesys:umodsys.basesys.rconsole_std.obj
 0001:00001ba6       ?root_get_interface_types@RLibraryBinCache@stdlib@media@modules@UModSys@@UBEIAAUSUniquePtrList@core@5@@Z 00402ba6 f i umodsys_lib_libmedia:umodsys.mod.media.stdlib.obj
 0001:00001ba6       ?root_get_interface_types@RGenerator@stdio@media@modules@UModSys@@UBEIAAUSUniquePtrList@core@5@@Z 00402ba6 f i umodsys_lib_libmedia:umodsys.mod.media.stdio.obj
 0001:00001ba6       ?root_get_interface_types@RDataArchiver_OsDir@stdio@media@modules@UModSys@@UBEIAAUSUniquePtrList@core@5@@Z 00402ba6 f i umodsys_lib_libmedia:umodsys.mod.media.stdio.obj
 0001:00001ba6       ?root_get_interface_types@RLibraryLayered@stdlib@media@modules@UModSys@@UBEIAAUSUniquePtrList@core@5@@Z 00402ba6 f i umodsys_lib_libmedia:umodsys.mod.media.stdlib.obj
 0001:00001ba6       ?root_get_interface_types@RStreamReader_FILE@stdio@media@modules@UModSys@@UBEIAAUSUniquePtrList@core@5@@Z 00402ba6 f i umodsys_lib_libmedia:umodsys.mod.media.stdio.obj
 0001:00001bab       ?root_get_other_interface@RLibraryBinCache@stdlib@media@modules@UModSys@@UAEPAUIRoot@core@5@PBUSUniquePointerInfo@75@@Z 00402bab f i umodsys_lib_libmedia:umodsys.mod.media.stdlib.obj
 0001:00001bab       ?root_get_other_interface@RLibraryBinCache@stdlib@media@modules@UModSys@@UBEPBUIRoot@core@5@PBUSUniquePointerInfo@75@@Z 00402bab f i umodsys_lib_libmedia:umodsys.mod.media.stdlib.obj
 0001:00001bcc       ?root_is_interface_supported@RLibraryBinCache@stdlib@media@modules@UModSys@@UBE_NPBUSUniquePointerInfo@core@5@@Z 00402bcc f i umodsys_lib_libmedia:umodsys.mod.media.stdlib.obj
 0001:00001bf3       ?ref_add@RLibraryObjCache@stdlib@media@modules@UModSys@@UBEXXZ 00402bf3 f i umodsys_lib_libmedia:umodsys.mod.media.stdlib.obj
 0001:00001bf3       ?ref_add@RParameters@rsystem@base@UModSys@@UBEXXZ 00402bf3 f i umodsys_lib_basesys:umodsys.basesys.rparameters.obj
 0001:00001bf3       ?ref_add@RLibraryLayered@stdlib@media@modules@UModSys@@UBEXXZ 00402bf3 f i umodsys_lib_libmedia:umodsys.mod.media.stdlib.obj
 0001:00001bf3       ?ref_add@RLibraryBinCache@stdlib@media@modules@UModSys@@UBEXXZ 00402bf3 f i umodsys_lib_libmedia:umodsys.mod.media.stdlib.obj
 0001:00001bf3       ?ref_add@RLibraryObjFilter@stdlib@media@modules@UModSys@@UBEXXZ 00402bf3 f i umodsys_lib_libmedia:umodsys.mod.media.stdlib.obj
 0001:00001bf3       ?ref_add@RDataArchiver_OsDir@stdio@media@modules@UModSys@@UBEXXZ 00402bf3 f i umodsys_lib_libmedia:umodsys.mod.media.stdio.obj
 0001:00001bf3       ?ref_add@RLibraryBinTree@stdlib@media@modules@UModSys@@UBEXXZ 00402bf3 f i umodsys_lib_libmedia:umodsys.mod.media.stdlib.obj
 0001:00001bf7       ?root_get_interface_info@RLibraryLayered@stdlib@media@modules@UModSys@@UBEABUSUniquePointerInfo@core@5@XZ 00402bf7 f i umodsys_lib_libmedia:umodsys.mod.media.stdlib.obj
 0001:00001bfd       ?root_get_interface_type@RLibraryLayered@stdlib@media@modules@UModSys@@UBEPBUSUniquePointerInfo@core@5@XZ 00402bfd f i umodsys_lib_libmedia:umodsys.mod.media.stdlib.obj
 0001:00001c03       ?root_get_other_interface@RLibraryLayered@stdlib@media@modules@UModSys@@UAEPAUIRoot@core@5@PBUSUniquePointerInfo@75@@Z 00402c03 f i umodsys_lib_libmedia:umodsys.mod.media.stdlib.obj
 0001:00001c03       ?root_get_other_interface@RLibraryLayered@stdlib@media@modules@UModSys@@UBEPBUIRoot@core@5@PBUSUniquePointerInfo@75@@Z 00402c03 f i umodsys_lib_libmedia:umodsys.mod.media.stdlib.obj
 0001:00001c24       ?root_is_interface_supported@RLibraryLayered@stdlib@media@modules@UModSys@@UBE_NPBUSUniquePointerInfo@core@5@@Z 00402c24 f i umodsys_lib_libmedia:umodsys.mod.media.stdlib.obj
 0001:00001c4b       ??4SLayerX@RLibraryLayered@stdlib@media@modules@UModSys@@QAEXABUSLayer@ILibraryLayered@libmedia@5@@Z 00402c4b f i umodsys_lib_libmedia:umodsys.mod.media.stdlib.obj
 0001:00001c94       ?root_get_interface_info@RLibraryObjCache@stdlib@media@modules@UModSys@@UBEABUSUniquePointerInfo@core@5@XZ 00402c94 f i umodsys_lib_libmedia:umodsys.mod.media.stdlib.obj
 0001:00001c9a       ?root_get_interface_type@RLibraryObjCache@stdlib@media@modules@UModSys@@UBEPBUSUniquePointerInfo@core@5@XZ 00402c9a f i umodsys_lib_libmedia:umodsys.mod.media.stdlib.obj
 0001:00001ca0       ?root_get_other_interface@RLibraryObjCache@stdlib@media@modules@UModSys@@UBEPBUIRoot@core@5@PBUSUniquePointerInfo@75@@Z 00402ca0 f i umodsys_lib_libmedia:umodsys.mod.media.stdlib.obj
 0001:00001ca0       ?root_get_other_interface@RLibraryObjCache@stdlib@media@modules@UModSys@@UAEPAUIRoot@core@5@PBUSUniquePointerInfo@75@@Z 00402ca0 f i umodsys_lib_libmedia:umodsys.mod.media.stdlib.obj
 0001:00001cc1       ?root_is_interface_supported@RLibraryObjCache@stdlib@media@modules@UModSys@@UBE_NPBUSUniquePointerInfo@core@5@@Z 00402cc1 f i umodsys_lib_libmedia:umodsys.mod.media.stdlib.obj
 0001:00001ce8       ?ref_remove@RLibraryBinCache@stdlib@media@modules@UModSys@@UBEXXZ 00402ce8 f i umodsys_lib_libmedia:umodsys.mod.media.stdlib.obj
 0001:00001ce8       ?ref_remove@RLibraryObjCache@stdlib@media@modules@UModSys@@UBEXXZ 00402ce8 f i umodsys_lib_libmedia:umodsys.mod.media.stdlib.obj
 0001:00001ce8       ?ref_remove@RLibraryBinTree@stdlib@media@modules@UModSys@@UBEXXZ 00402ce8 f i umodsys_lib_libmedia:umodsys.mod.media.stdlib.obj
 0001:00001ce8       ?ref_remove@RLibraryObjFilter@stdlib@media@modules@UModSys@@UBEXXZ 00402ce8 f i umodsys_lib_libmedia:umodsys.mod.media.stdlib.obj
 0001:00001ce8       ?ref_remove@RDataArchiver_OsDir@stdio@media@modules@UModSys@@UBEXXZ 00402ce8 f i umodsys_lib_libmedia:umodsys.mod.media.stdio.obj
 0001:00001ce8       ?ref_remove@RParameters@rsystem@base@UModSys@@UBEXXZ 00402ce8 f i umodsys_lib_basesys:umodsys.basesys.rparameters.obj
 0001:00001ce8       ?ref_remove@RLibraryLayered@stdlib@media@modules@UModSys@@UBEXXZ 00402ce8 f i umodsys_lib_libmedia:umodsys.mod.media.stdlib.obj
 0001:00001cf3       ?ref_weak@RDataArchiver_OsDir@stdio@media@modules@UModSys@@UBE_NAAUWeakPointer@IRefObject@core@5@@Z 00402cf3 f i umodsys_lib_libmedia:umodsys.mod.media.stdio.obj
 0001:00001cf3       ?ref_weak@RLibraryLayered@stdlib@media@modules@UModSys@@UBE_NAAUWeakPointer@IRefObject@core@5@@Z 00402cf3 f i umodsys_lib_libmedia:umodsys.mod.media.stdlib.obj
 0001:00001cf3       ?ref_weak@RLibraryBinTree@stdlib@media@modules@UModSys@@UBE_NAAUWeakPointer@IRefObject@core@5@@Z 00402cf3 f i umodsys_lib_libmedia:umodsys.mod.media.stdlib.obj
 0001:00001cf3       ?ref_weak@RLibraryObjFilter@stdlib@media@modules@UModSys@@UBE_NAAUWeakPointer@IRefObject@core@5@@Z 00402cf3 f i umodsys_lib_libmedia:umodsys.mod.media.stdlib.obj
 0001:00001cf3       ?ref_weak@RLibraryBinCache@stdlib@media@modules@UModSys@@UBE_NAAUWeakPointer@IRefObject@core@5@@Z 00402cf3 f i umodsys_lib_libmedia:umodsys.mod.media.stdlib.obj
 0001:00001cf3       ?ref_weak@RParameters@rsystem@base@UModSys@@UBE_NAAUWeakPointer@IRefObject@core@4@@Z 00402cf3 f i umodsys_lib_basesys:umodsys.basesys.rparameters.obj
 0001:00001cf3       ?ref_weak@RLibraryObjCache@stdlib@media@modules@UModSys@@UBE_NAAUWeakPointer@IRefObject@core@5@@Z 00402cf3 f i umodsys_lib_libmedia:umodsys.mod.media.stdlib.obj
 0001:00001d12       ?root_get_interface_info@RLibraryObjFilter@stdlib@media@modules@UModSys@@UBEABUSUniquePointerInfo@core@5@XZ 00402d12 f i umodsys_lib_libmedia:umodsys.mod.media.stdlib.obj
 0001:00001d18       ?root_get_interface_type@RLibraryObjFilter@stdlib@media@modules@UModSys@@UBEPBUSUniquePointerInfo@core@5@XZ 00402d18 f i umodsys_lib_libmedia:umodsys.mod.media.stdlib.obj
 0001:00001d1e       ?root_get_other_interface@RLibraryObjFilter@stdlib@media@modules@UModSys@@UAEPAUIRoot@core@5@PBUSUniquePointerInfo@75@@Z 00402d1e f i umodsys_lib_libmedia:umodsys.mod.media.stdlib.obj
 0001:00001d1e       ?root_get_other_interface@RLibraryObjFilter@stdlib@media@modules@UModSys@@UBEPBUIRoot@core@5@PBUSUniquePointerInfo@75@@Z 00402d1e f i umodsys_lib_libmedia:umodsys.mod.media.stdlib.obj
 0001:00001d3f       ?root_is_interface_supported@RLibraryObjFilter@stdlib@media@modules@UModSys@@UBE_NPBUSUniquePointerInfo@core@5@@Z 00402d3f f i umodsys_lib_libmedia:umodsys.mod.media.stdlib.obj
 0001:00001d66       ?suicide@RLibraryLayered@stdlib@media@modules@UModSys@@UAEXXZ 00402d66 f i umodsys_lib_libmedia:umodsys.mod.media.stdlib.obj
 0001:00001d66       ?suicide@RLibraryObjCache@stdlib@media@modules@UModSys@@UAEXXZ 00402d66 f i umodsys_lib_libmedia:umodsys.mod.media.stdlib.obj
 0001:00001d66       ?suicide@RLibraryBinCache@stdlib@media@modules@UModSys@@UAEXXZ 00402d66 f i umodsys_lib_libmedia:umodsys.mod.media.stdlib.obj
 0001:00001d66       ?suicide@RLibraryObjFilter@stdlib@media@modules@UModSys@@UAEXXZ 00402d66 f i umodsys_lib_libmedia:umodsys.mod.media.stdlib.obj
 0001:00001d66       ?suicide@RLibraryBinTree@stdlib@media@modules@UModSys@@UAEXXZ 00402d66 f i umodsys_lib_libmedia:umodsys.mod.media.stdlib.obj
 0001:00001d66       ?suicide@RDataArchiver_OsDir@stdio@media@modules@UModSys@@UAEXXZ 00402d66 f i umodsys_lib_libmedia:umodsys.mod.media.stdio.obj
 0001:00001da3       ?get_generated_names@RGenerator@stdlib@media@modules@UModSys@@UBEHAAUSUniquePtrList@core@5@@Z 00402da3 f i umodsys_lib_libmedia:umodsys.mod.media.stdlib.obj
 0001:00001e03       ?get_generated_types@RGenerator@stdlib@media@modules@UModSys@@UBEHAAUSUniquePtrList@core@5@PBUSUniquePointerInfo@75@@Z 00402e03 f i umodsys_lib_libmedia:umodsys.mod.media.stdlib.obj
 0001:00001f09       ?generate@RGenerator@stdlib@media@modules@UModSys@@UAE_NAAU?$TRefObject@UIRefObject@core@UModSys@@U?$TRefObjectFunc@UIRefObject@core@UModSys@@@tl@3@@tl@5@PBUSUniquePointerInfo@core@5@ABUSParameters@95@@Z 00402f09 f i umodsys_lib_libmedia:umodsys.mod.media.stdlib.obj
 0001:00001fea       ?root_get_interface_info@RGenerator@stdlib@media@modules@UModSys@@UBEABUSUniquePointerInfo@core@5@XZ 00402fea f i umodsys_lib_libmedia:umodsys.mod.media.stdlib.obj
 0001:00001ff0       ?root_get_interface_type@RGenerator@stdlib@media@modules@UModSys@@UBEPBUSUniquePointerInfo@core@5@XZ 00402ff0 f i umodsys_lib_libmedia:umodsys.mod.media.stdlib.obj
 0001:00001ff6       ?root_get_other_interface@RGenerator@stdlib@media@modules@UModSys@@UAEPAUIRoot@core@5@PBUSUniquePointerInfo@75@@Z 00402ff6 f i umodsys_lib_libmedia:umodsys.mod.media.stdlib.obj
 0001:00001ff6       ?root_get_other_interface@RGenerator@stdlib@media@modules@UModSys@@UBEPBUIRoot@core@5@PBUSUniquePointerInfo@75@@Z 00402ff6 f i umodsys_lib_libmedia:umodsys.mod.media.stdlib.obj
 0001:0000201f       ?root_is_interface_supported@RGenerator@stdlib@media@modules@UModSys@@UBE_NPBUSUniquePointerInfo@core@5@@Z 0040301f f i umodsys_lib_libmedia:umodsys.mod.media.stdlib.obj
 0001:0000203e       ?get_uid@RGenerator@stdlib@media@modules@UModSys@@UBEPBUSUniquePointerInfo@core@5@XZ 0040303e f i umodsys_lib_libmedia:umodsys.mod.media.stdlib.obj
 0001:00002044       ?buffer_free@RUtilities@stdlib@media@modules@UModSys@@UAE_NAAUSBuffer@libmedia@5@PBUSSourceContext@core@5@@Z 00403044 f   umodsys_lib_libmedia:umodsys.mod.media.stdlib.obj
 0001:00002085       ?buffer_alloc@RUtilities@stdlib@media@modules@UModSys@@UAE_NAAUSBuffer@libmedia@5@IPBUSSourceContext@core@5@@Z 00403085 f   umodsys_lib_libmedia:umodsys.mod.media.stdlib.obj
 0001:00002150       ?sub_writer@RUtilities@stdlib@media@modules@UModSys@@UAE?AU?$TRefObject@UIStreamWriter@libmedia@UModSys@@U?$TRefObjectFunc@UIStreamWriter@libmedia@UModSys@@@tl@3@@tl@5@PAUIStreamWriter@libmedia@5@_J1@Z 00403150 f   umodsys_lib_libmedia:umodsys.mod.media.stdlib.obj
 0001:00002150       ?sub_reader@RUtilities@stdlib@media@modules@UModSys@@UAE?AU?$TRefObject@UIStreamReader@libmedia@UModSys@@U?$TRefObjectFunc@UIStreamReader@libmedia@UModSys@@@tl@3@@tl@5@PAUIStreamReader@libmedia@5@_J1@Z 00403150 f   umodsys_lib_libmedia:umodsys.mod.media.stdlib.obj
 0001:00002162       ?mem_reader@RUtilities@stdlib@media@modules@UModSys@@UAE?AU?$TRefObject@UIStreamReader@libmedia@UModSys@@U?$TRefObjectFunc@UIStreamReader@libmedia@UModSys@@@tl@3@@tl@5@ABUSCMem@core@5@@Z 00403162 f   umodsys_lib_libmedia:umodsys.mod.media.stdlib.obj
 0001:00002162       ?mem_reader@RUtilities@stdlib@media@modules@UModSys@@UAE?AU?$TRefObject@UIStreamReader@libmedia@UModSys@@U?$TRefObjectFunc@UIStreamReader@libmedia@UModSys@@@tl@3@@tl@5@ABUSCMemShared@core@5@@Z 00403162 f   umodsys_lib_libmedia:umodsys.mod.media.stdlib.obj
 0001:00002174       ?mem_writer@RUtilities@stdlib@media@modules@UModSys@@UAE?AU?$TRefObject@UIStreamWriter@libmedia@UModSys@@U?$TRefObjectFunc@UIStreamWriter@libmedia@UModSys@@@tl@3@@tl@5@PBUSMem@core@5@PAUIMemWriterCompleted@IUtilities@libmedia@5@PAUIRefObject@95@@Z 00403174 f   umodsys_lib_libmedia:umodsys.mod.media.stdlib.obj
 0001:00002186       ??0RUtilities@stdlib@media@modules@UModSys@@QAE@PAUIModObject@base@4@ABUSParameters@core@4@@Z 00403186 f   umodsys_lib_libmedia:umodsys.mod.media.stdlib.obj
 0001:000021e0       ??_GRUtilities@stdlib@media@modules@UModSys@@UAEPAXI@Z 004031e0 f i umodsys_lib_libmedia:umodsys.mod.media.stdlib.obj
 0001:000021e0       ??_ERUtilities@stdlib@media@modules@UModSys@@UAEPAXI@Z 004031e0 f i  CIL library: CIL module
 0001:0000220d       ?get_flag@RBinArchiveFrame@stdlib@media@modules@UModSys@@UBE?AW4eStates@?$TFlags4State@USMediaFlagUid@libmedia@UModSys@@I@tl@5@H@Z 0040320d f   umodsys_lib_libmedia:umodsys.mod.media.stdlib.obj
 0001:00002220       ?get_flags_auto@RBinArchiveFrame@stdlib@media@modules@UModSys@@UBE?AU?$TFlags4State@USMediaFlagUid@libmedia@UModSys@@I@tl@5@XZ 00403220 f   umodsys_lib_libmedia:umodsys.mod.media.stdlib.obj
 0001:0000222f       ?set_flag@RBinArchiveFrame@stdlib@media@modules@UModSys@@UAE?AW4eStates@?$TFlags4State@USMediaFlagUid@libmedia@UModSys@@I@tl@5@HW46785@@Z 0040322f f   umodsys_lib_libmedia:umodsys.mod.media.stdlib.obj
 0001:0000225c       ?data_reader@RBinArchiveFrame@stdlib@media@modules@UModSys@@UAE?AU?$TRefObject@UIStreamReader@libmedia@UModSys@@U?$TRefObjectFunc@UIStreamReader@libmedia@UModSys@@@tl@3@@tl@5@ABU?$TString@U?$TSCoreConst@D@su@tl@UModSys@@U?$TComparerBinaryHash@D@234@@75@ABUSFlags@libmedia@5@@Z 0040325c f   umodsys_lib_libmedia:umodsys.mod.media.stdlib.obj
 0001:000022ed       ?data_writer@RBinArchiveFrame@stdlib@media@modules@UModSys@@UAE?AU?$TRefObject@UIStreamWriter@libmedia@UModSys@@U?$TRefObjectFunc@UIStreamWriter@libmedia@UModSys@@@tl@3@@tl@5@ABU?$TString@U?$TSCoreConst@D@su@tl@UModSys@@U?$TComparerBinaryHash@D@234@@75@ABUSFlags@libmedia@5@@Z 004032ed f   umodsys_lib_libmedia:umodsys.mod.media.stdlib.obj
 0001:00002321       ?data_load@RBinArchiveFrame@stdlib@media@modules@UModSys@@UAE_NABU?$TString@U?$TSCoreConst@D@su@tl@UModSys@@U?$TComparerBinaryHash@D@234@@tl@5@AAUSCMemShared@core@5@ABUSFlags@libmedia@5@@Z 00403321 f   umodsys_lib_libmedia:umodsys.mod.media.stdlib.obj
 0001:00002351       ?data_save@RBinArchiveFrame@stdlib@media@modules@UModSys@@UAE_NABU?$TString@U?$TSCoreConst@D@su@tl@UModSys@@U?$TComparerBinaryHash@D@234@@tl@5@ABUSCMem@core@5@ABUSFlags@libmedia@5@@Z 00403351 f   umodsys_lib_libmedia:umodsys.mod.media.stdlib.obj
 0001:00002379       ?data_list@RBinArchiveFrame@stdlib@media@modules@UModSys@@UAE_NABU?$TString@U?$TSCoreConst@D@su@tl@UModSys@@U?$TComparerBinaryHash@D@234@@tl@5@IAAU?$TIStackSocket@USFileInfo@libmedia@UModSys@@@75@ABUSFlags@libmedia@5@@Z 00403379 f   umodsys_lib_libmedia:umodsys.mod.media.stdlib.obj
 0001:000024c1       ?data_info@RBinArchiveFrame@stdlib@media@modules@UModSys@@UAE_NABU?$TString@U?$TSCoreConst@D@su@tl@UModSys@@U?$TComparerBinaryHash@D@234@@tl@5@IAAUSFileInfo@libmedia@5@ABUSFlags@95@@Z 004034c1 f   umodsys_lib_libmedia:umodsys.mod.media.stdlib.obj
 0001:00002581       ?get_permissions@RBinArchiveFrame@stdlib@media@modules@UModSys@@UAEHXZ 00403581 f   umodsys_lib_libmedia:umodsys.mod.media.stdlib.obj
 0001:0000258e       ?open@RBinArchiveFrame@stdlib@media@modules@UModSys@@UAE_NPAUIClient@IBinArchiveFrame@libmedia@5@PBUSParameters@core@5@@Z 0040358e f   umodsys_lib_libmedia:umodsys.mod.media.stdlib.obj
 0001:00002838       ?close@RBinArchiveFrame@stdlib@media@modules@UModSys@@UAE_NXZ 00403838 f   umodsys_lib_libmedia:umodsys.mod.media.stdlib.obj
 0001:000028af       ?add_node_r@RBinArchiveFrame@stdlib@media@modules@UModSys@@UAEPAUNameNode@IBinArchiveFrame@libmedia@5@ABU?$TString@U?$TSCoreConst@D@su@tl@UModSys@@U?$TComparerBinaryHash@D@234@@tl@5@IAAUSMem@core@5@@Z 004038af f   umodsys_lib_libmedia:umodsys.mod.media.stdlib.obj
 0001:00002934       ?add_node_w@RBinArchiveFrame@stdlib@media@modules@UModSys@@UAEPAUNameNode@IBinArchiveFrame@libmedia@5@ABU?$TString@U?$TSCoreConst@D@su@tl@UModSys@@U?$TComparerBinaryHash@D@234@@tl@5@I@Z 00403934 f   umodsys_lib_libmedia:umodsys.mod.media.stdlib.obj
 0001:000029d2       ?remove_node@RBinArchiveFrame@stdlib@media@modules@UModSys@@UAE_NPAUNameNode@IBinArchiveFrame@libmedia@5@@Z 004039d2 f   umodsys_lib_libmedia:umodsys.mod.media.stdlib.obj
 0001:000029f3       ?find_node@RBinArchiveFrame@stdlib@media@modules@UModSys@@UAEPAUNameNode@IBinArchiveFrame@libmedia@5@ABU?$TString@U?$TSCoreConst@D@su@tl@UModSys@@U?$TComparerBinaryHash@D@234@@tl@5@@Z 004039f3 f   umodsys_lib_libmedia:umodsys.mod.media.stdlib.obj
 0001:00002a77       ?node_size@RBinArchiveFrame@stdlib@media@modules@UModSys@@UAEIABU?$TString@U?$TSCoreConst@D@su@tl@UModSys@@U?$TComparerBinaryHash@D@234@@tl@5@H@Z 00403a77 f   umodsys_lib_libmedia:umodsys.mod.media.stdlib.obj
 0001:00002a8c       ?kill_node@RBinArchiveFrame@stdlib@media@modules@UModSys@@SA_NPAUNameNode@IBinArchiveFrame@libmedia@5@@Z 00403a8c f   umodsys_lib_libmedia:umodsys.mod.media.stdlib.obj
 0001:00002aa7       ?fill_info@RBinArchiveFrame@stdlib@media@modules@UModSys@@QAE_NAAUSFileInfo@libmedia@5@PAUNameNode@IBinArchiveFrame@75@ABU?$TString@U?$TSCoreConst@D@su@tl@UModSys@@U?$TComparerBinaryHash@D@234@@tl@5@I@Z 00403aa7 f   umodsys_lib_libmedia:umodsys.mod.media.stdlib.obj
 0001:00002c0a       ??1?$TSCoreShared@USIMemAlloc@core@UModSys@@D@su@tl@UModSys@@QAE@XZ 00403c0a f i umodsys_lib_libmedia:umodsys.mod.media.stdio.obj
 0001:00002c0a       ??1?$TString@U?$TSCoreShared@USIMemAlloc@core@UModSys@@D@su@tl@UModSys@@U?$TComparerBinaryHash@D@234@@tl@UModSys@@QAE@XZ 00403c0a f i umodsys_lib_libmedia:umodsys.mod.media.stdio.obj
 0001:00002c0a       ??1?$TStringBuf@U?$TSCoreShared@USIMemAlloc@core@UModSys@@D@su@tl@UModSys@@U?$TComparerBinaryHash@D@234@@tl@UModSys@@QAE@XZ 00403c0a f i umodsys_lib_libmedia:umodsys.mod.media.stdlib.obj
 0001:00002c0f       ?openr@RBinArchiveFrame@stdlib@media@modules@UModSys@@QAE_NPAUILibrary@libmedia@5@ABU?$TString@U?$TSCoreConst@D@su@tl@UModSys@@U?$TComparerBinaryHash@D@234@@tl@5@PBUSParameters@core@5@@Z 00403c0f f   umodsys_lib_libmedia:umodsys.mod.media.stdlib.obj
 0001:00002cea       ?closew@RBinArchiveFrame@stdlib@media@modules@UModSys@@QAE_N_N@Z 00403cea f   umodsys_lib_libmedia:umodsys.mod.media.stdlib.obj
 0001:00002db8       ??0RBinArchiveFrame@stdlib@media@modules@UModSys@@QAE@PAUIModObject@base@4@ABUSParameters@core@4@U?$TFlags4State@USMediaFlagUid@libmedia@UModSys@@I@tl@4@@Z 00403db8 f   umodsys_lib_libmedia:umodsys.mod.media.stdlib.obj
 0001:00002e6c       ??_GRBinArchiveFrame@stdlib@media@modules@UModSys@@UAEPAXI@Z 00403e6c f i umodsys_lib_libmedia:umodsys.mod.media.stdlib.obj
 0001:00002e6c       ??_ERBinArchiveFrame@stdlib@media@modules@UModSys@@UAEPAXI@Z 00403e6c f i  CIL library: CIL module
 0001:00002e89       ??1IBinArchiveFrame@libmedia@UModSys@@UAE@XZ 00403e89 f i umodsys_lib_libmedia:umodsys.mod.media.stdlib.obj
 0001:00002eef       ??1RBinArchiveFrame@stdlib@media@modules@UModSys@@UAE@XZ 00403eef f   umodsys_lib_libmedia:umodsys.mod.media.stdlib.obj
 0001:00002f72       ??0RLibraryBinTree@stdlib@media@modules@UModSys@@QAE@PAUIModObject@base@4@ABUSParameters@core@4@U?$TFlags4State@USMediaFlagUid@libmedia@UModSys@@I@tl@4@@Z 00403f72 f   umodsys_lib_libmedia:umodsys.mod.media.stdlib.obj
 0001:00002fd2       ??_GRLibraryBinTree@stdlib@media@modules@UModSys@@UAEPAXI@Z 00403fd2 f i umodsys_lib_libmedia:umodsys.mod.media.stdlib.obj
 0001:00002fd2       ??_ERLibraryBinTree@stdlib@media@modules@UModSys@@UAEPAXI@Z 00403fd2 f i  CIL library: CIL module
 0001:00003033       ?get_flags_auto@RLibraryBinTree@stdlib@media@modules@UModSys@@UBE?AU?$TFlags4State@USMediaFlagUid@libmedia@UModSys@@I@tl@5@XZ 00404033 f   umodsys_lib_libmedia:umodsys.mod.media.stdlib.obj
 0001:00003042       ?set_flag@RLibraryBinTree@stdlib@media@modules@UModSys@@UAE?AW4eStates@?$TFlags4State@USMediaFlagUid@libmedia@UModSys@@I@tl@5@HW46785@@Z 00404042 f   umodsys_lib_libmedia:umodsys.mod.media.stdlib.obj
 0001:00003042       ?set_flag@RLibraryObjCache@stdlib@media@modules@UModSys@@UAE?AW4eStates@?$TFlags4State@USMediaFlagUid@libmedia@UModSys@@I@tl@5@HW46785@@Z 00404042 f   umodsys_lib_libmedia:umodsys.mod.media.stdlib.obj
 0001:00003042       ?set_flag@RLibraryBinCache@stdlib@media@modules@UModSys@@UAE?AW4eStates@?$TFlags4State@USMediaFlagUid@libmedia@UModSys@@I@tl@5@HW46785@@Z 00404042 f   umodsys_lib_libmedia:umodsys.mod.media.stdlib.obj
 0001:00003042       ?set_flag@RLibraryObjFilter@stdlib@media@modules@UModSys@@UAE?AW4eStates@?$TFlags4State@USMediaFlagUid@libmedia@UModSys@@I@tl@5@HW46785@@Z 00404042 f   umodsys_lib_libmedia:umodsys.mod.media.stdlib.obj
 0001:0000306f       ?bin_reader@RLibraryBinTree@stdlib@media@modules@UModSys@@UAE?AU?$TRefObject@UIStreamReader@libmedia@UModSys@@U?$TRefObjectFunc@UIStreamReader@libmedia@UModSys@@@tl@3@@tl@5@ABU?$TString@U?$TSCoreConst@D@su@tl@UModSys@@U?$TComparerBinaryHash@D@234@@75@ABUSFlags@libmedia@5@@Z 0040406f f   umodsys_lib_libmedia:umodsys.mod.media.stdlib.obj
 0001:0000315e       ?bin_writer@RLibraryBinTree@stdlib@media@modules@UModSys@@UAE?AU?$TRefObject@UIStreamWriter@libmedia@UModSys@@U?$TRefObjectFunc@UIStreamWriter@libmedia@UModSys@@@tl@3@@tl@5@ABU?$TString@U?$TSCoreConst@D@su@tl@UModSys@@U?$TComparerBinaryHash@D@234@@75@ABUSFlags@libmedia@5@@Z 0040415e f   umodsys_lib_libmedia:umodsys.mod.media.stdlib.obj
 0001:0000324d       ?bin_load@RLibraryBinTree@stdlib@media@modules@UModSys@@UAE_NABU?$TString@U?$TSCoreConst@D@su@tl@UModSys@@U?$TComparerBinaryHash@D@234@@tl@5@AAUSCMemShared@core@5@ABUSFlags@libmedia@5@@Z 0040424d f   umodsys_lib_libmedia:umodsys.mod.media.stdlib.obj
 0001:000032ff       ?bin_save@RLibraryBinTree@stdlib@media@modules@UModSys@@UAE_NABU?$TString@U?$TSCoreConst@D@su@tl@UModSys@@U?$TComparerBinaryHash@D@234@@tl@5@ABUSCMem@core@5@ABUSFlags@libmedia@5@@Z 004042ff f   umodsys_lib_libmedia:umodsys.mod.media.stdlib.obj
 0001:000033a5       ?bin_info@RLibraryBinTree@stdlib@media@modules@UModSys@@UAE_NABU?$TString@U?$TSCoreConst@D@su@tl@UModSys@@U?$TComparerBinaryHash@D@234@@tl@5@AAUSFileInfo@libmedia@5@ABUSFlags@95@@Z 004043a5 f   umodsys_lib_libmedia:umodsys.mod.media.stdlib.obj
 0001:0000343d       ?bin_list@RLibraryBinTree@stdlib@media@modules@UModSys@@UAE_NABU?$TString@U?$TSCoreConst@D@su@tl@UModSys@@U?$TComparerBinaryHash@D@234@@tl@5@AAU?$TIStackSocket@USFileInfo@libmedia@UModSys@@@75@ABUSFlags@libmedia@5@@Z 0040443d f   umodsys_lib_libmedia:umodsys.mod.media.stdlib.obj
 0001:000034e2       ?mount_get@RLibraryBinTree@stdlib@media@modules@UModSys@@UBE?AUSPoint@ILibraryBinTree@libmedia@5@ABUSId@785@@Z 004044e2 f   umodsys_lib_libmedia:umodsys.mod.media.stdlib.obj
 0001:00003531       ?mount_add@RLibraryBinTree@stdlib@media@modules@UModSys@@UAE_NABUSId@ILibraryBinTree@libmedia@5@ABUSPoint@785@@Z 00404531 f   umodsys_lib_libmedia:umodsys.mod.media.stdlib.obj
 0001:0000360b       ?mount_remove@RLibraryBinTree@stdlib@media@modules@UModSys@@UAE_NABUSId@ILibraryBinTree@libmedia@5@@Z 0040460b f   umodsys_lib_libmedia:umodsys.mod.media.stdlib.obj
 0001:00003642       ?mount_clear@RLibraryBinTree@stdlib@media@modules@UModSys@@UAE_NXZ 00404642 f   umodsys_lib_libmedia:umodsys.mod.media.stdlib.obj
 0001:00003660       ??0RLibraryBinCache@stdlib@media@modules@UModSys@@QAE@PAUIModObject@base@4@ABUSParameters@core@4@U?$TFlags4State@USMediaFlagUid@libmedia@UModSys@@I@tl@4@@Z 00404660 f   umodsys_lib_libmedia:umodsys.mod.media.stdlib.obj
 0001:000036c0       ??_GRLibraryBinCache@stdlib@media@modules@UModSys@@UAEPAXI@Z 004046c0 f i umodsys_lib_libmedia:umodsys.mod.media.stdlib.obj
 0001:000036c0       ??_ERLibraryBinCache@stdlib@media@modules@UModSys@@UAEPAXI@Z 004046c0 f i  CIL library: CIL module
 0001:00003721       ?get_flag@RLibraryObjCache@stdlib@media@modules@UModSys@@UBE?AW4eStates@?$TFlags4State@USMediaFlagUid@libmedia@UModSys@@I@tl@5@H@Z 00404721 f   umodsys_lib_libmedia:umodsys.mod.media.stdlib.obj
 0001:00003721       ?get_flag@RLibraryObjFilter@stdlib@media@modules@UModSys@@UBE?AW4eStates@?$TFlags4State@USMediaFlagUid@libmedia@UModSys@@I@tl@5@H@Z 00404721 f   umodsys_lib_libmedia:umodsys.mod.media.stdlib.obj
 0001:00003721       ?get_flag@RLibraryBinCache@stdlib@media@modules@UModSys@@UBE?AW4eStates@?$TFlags4State@USMediaFlagUid@libmedia@UModSys@@I@tl@5@H@Z 00404721 f   umodsys_lib_libmedia:umodsys.mod.media.stdlib.obj
 0001:00003721       ?get_flag@RLibraryBinTree@stdlib@media@modules@UModSys@@UBE?AW4eStates@?$TFlags4State@USMediaFlagUid@libmedia@UModSys@@I@tl@5@H@Z 00404721 f   umodsys_lib_libmedia:umodsys.mod.media.stdlib.obj
 0001:00003734       ?get_flags_auto@RLibraryBinCache@stdlib@media@modules@UModSys@@UBE?AU?$TFlags4State@USMediaFlagUid@libmedia@UModSys@@I@tl@5@XZ 00404734 f   umodsys_lib_libmedia:umodsys.mod.media.stdlib.obj
 0001:00003743       ?bin_writer@RLibraryBinCache@stdlib@media@modules@UModSys@@UAE?AU?$TRefObject@UIStreamWriter@libmedia@UModSys@@U?$TRefObjectFunc@UIStreamWriter@libmedia@UModSys@@@tl@3@@tl@5@ABU?$TString@U?$TSCoreConst@D@su@tl@UModSys@@U?$TComparerBinaryHash@D@234@@75@ABUSFlags@libmedia@5@@Z 00404743 f   umodsys_lib_libmedia:umodsys.mod.media.stdlib.obj
 0001:00003743       ?bin_reader@ILibrary@libmedia@UModSys@@UAE?AU?$TRefObject@UIStreamReader@libmedia@UModSys@@U?$TRefObjectFunc@UIStreamReader@libmedia@UModSys@@@tl@3@@tl@3@ABU?$TString@U?$TSCoreConst@D@su@tl@UModSys@@U?$TComparerBinaryHash@D@234@@53@ABUSFlags@23@@Z 00404743 f   umodsys_lib_libmedia:umodsys.lib.media.library.obj
 0001:00003743       ?bin_writer@ILibrary@libmedia@UModSys@@UAE?AU?$TRefObject@UIStreamWriter@libmedia@UModSys@@U?$TRefObjectFunc@UIStreamWriter@libmedia@UModSys@@@tl@3@@tl@3@ABU?$TString@U?$TSCoreConst@D@su@tl@UModSys@@U?$TComparerBinaryHash@D@234@@53@ABUSFlags@23@@Z 00404743 f   umodsys_lib_libmedia:umodsys.lib.media.library.obj
 0001:00003743       ?bin_reader@RLibraryBinCache@stdlib@media@modules@UModSys@@UAE?AU?$TRefObject@UIStreamReader@libmedia@UModSys@@U?$TRefObjectFunc@UIStreamReader@libmedia@UModSys@@@tl@3@@tl@5@ABU?$TString@U?$TSCoreConst@D@su@tl@UModSys@@U?$TComparerBinaryHash@D@234@@75@ABUSFlags@libmedia@5@@Z 00404743 f   umodsys_lib_libmedia:umodsys.mod.media.stdlib.obj
 0001:00003755       ?bin_load@RLibraryBinCache@stdlib@media@modules@UModSys@@UAE_NABU?$TString@U?$TSCoreConst@D@su@tl@UModSys@@U?$TComparerBinaryHash@D@234@@tl@5@AAUSCMemShared@core@5@ABUSFlags@libmedia@5@@Z 00404755 f   umodsys_lib_libmedia:umodsys.mod.media.stdlib.obj
 0001:000037ac       ?obj_cget@RLibraryObjCache@stdlib@media@modules@UModSys@@UAE_NABU?$TString@U?$TSCoreConst@D@su@tl@UModSys@@U?$TComparerBinaryHash@D@234@@tl@5@AAU?$TRefObject@UIRefObject@core@UModSys@@U?$TRefObjectFunc@UIRefObject@core@UModSys@@@tl@3@@75@_N@Z 004047ac f   umodsys_lib_libmedia:umodsys.mod.media.stdlib.obj
 0001:000037ac       ?bin_get@RLibraryBinCache@stdlib@media@modules@UModSys@@UAE_NABU?$TString@U?$TSCoreConst@D@su@tl@UModSys@@U?$TComparerBinaryHash@D@234@@tl@5@AAUSCMemShared@core@5@_N@Z 004047ac f   umodsys_lib_libmedia:umodsys.mod.media.stdlib.obj
 0001:000037d8       ?bin_put@RLibraryBinCache@stdlib@media@modules@UModSys@@UAE_NABU?$TString@U?$TSCoreConst@D@su@tl@UModSys@@U?$TComparerBinaryHash@D@234@@tl@5@PBUSCMemShared@core@5@@Z 004047d8 f   umodsys_lib_libmedia:umodsys.mod.media.stdlib.obj
 0001:000037ee       ?bincache_get@RLibraryBinCache@stdlib@media@modules@UModSys@@UBE_NABU?$TString@U?$TSCoreConst@D@su@tl@UModSys@@U?$TComparerBinaryHash@D@234@@tl@5@PAUSCMemShared@core@5@PA_N@Z 004047ee f   umodsys_lib_libmedia:umodsys.mod.media.stdlib.obj
 0001:00003840       ?bincache_add@RLibraryBinCache@stdlib@media@modules@UModSys@@UAE_NABU?$TString@U?$TSCoreConst@D@su@tl@UModSys@@U?$TComparerBinaryHash@D@234@@tl@5@@Z 00404840 f   umodsys_lib_libmedia:umodsys.mod.media.stdlib.obj
 0001:00003886       ?bincache_add@RLibraryBinCache@stdlib@media@modules@UModSys@@UAE_NABU?$TString@U?$TSCoreConst@D@su@tl@UModSys@@U?$TComparerBinaryHash@D@234@@tl@5@ABUSCMemShared@core@5@@Z 00404886 f   umodsys_lib_libmedia:umodsys.mod.media.stdlib.obj
 0001:00003898       ?bincache_remove@RLibraryBinCache@stdlib@media@modules@UModSys@@UAE_NABU?$TString@U?$TSCoreConst@D@su@tl@UModSys@@U?$TComparerBinaryHash@D@234@@tl@5@@Z 00404898 f   umodsys_lib_libmedia:umodsys.mod.media.stdlib.obj
 0001:000038cf       ?bincache_clear@RLibraryBinCache@stdlib@media@modules@UModSys@@UAE_NXZ 004048cf f   umodsys_lib_libmedia:umodsys.mod.media.stdlib.obj
 0001:000038ed       ?bincache_add@RLibraryBinCache@stdlib@media@modules@UModSys@@QAE_NABU?$TString@U?$TSCoreConst@D@su@tl@UModSys@@U?$TComparerBinaryHash@D@234@@tl@5@ABUSCMemShared@core@5@_N@Z 004048ed f   umodsys_lib_libmedia:umodsys.mod.media.stdlib.obj
 0001:0000399a       ??0RLibraryLayered@stdlib@media@modules@UModSys@@QAE@PAUIModObject@base@4@ABUSParameters@core@4@U?$TFlags4State@USMediaFlagUid@libmedia@UModSys@@I@tl@4@@Z 0040499a f   umodsys_lib_libmedia:umodsys.mod.media.stdlib.obj
 0001:00003a0b       ??_GRLibraryLayered@stdlib@media@modules@UModSys@@UAEPAXI@Z 00404a0b f i umodsys_lib_libmedia:umodsys.mod.media.stdlib.obj
 0001:00003a0b       ??_ERLibraryLayered@stdlib@media@modules@UModSys@@UAEPAXI@Z 00404a0b f i  CIL library: CIL module
 0001:00003a3f       ?get_flag@RLibraryLayered@stdlib@media@modules@UModSys@@UBE?AW4eStates@?$TFlags4State@USMediaFlagUid@libmedia@UModSys@@I@tl@5@H@Z 00404a3f f   umodsys_lib_libmedia:umodsys.mod.media.stdlib.obj
 0001:00003a52       ?get_flags_auto@RLibraryLayered@stdlib@media@modules@UModSys@@UBE?AU?$TFlags4State@USMediaFlagUid@libmedia@UModSys@@I@tl@5@XZ 00404a52 f   umodsys_lib_libmedia:umodsys.mod.media.stdlib.obj
 0001:00003a61       ?set_flag@RLibraryLayered@stdlib@media@modules@UModSys@@UAE?AW4eStates@?$TFlags4State@USMediaFlagUid@libmedia@UModSys@@I@tl@5@HW46785@@Z 00404a61 f   umodsys_lib_libmedia:umodsys.mod.media.stdlib.obj
 0001:00003a8e       ?bin_reader@RLibraryLayered@stdlib@media@modules@UModSys@@UAE?AU?$TRefObject@UIStreamReader@libmedia@UModSys@@U?$TRefObjectFunc@UIStreamReader@libmedia@UModSys@@@tl@3@@tl@5@ABU?$TString@U?$TSCoreConst@D@su@tl@UModSys@@U?$TComparerBinaryHash@D@234@@75@ABUSFlags@libmedia@5@@Z 00404a8e f   umodsys_lib_libmedia:umodsys.mod.media.stdlib.obj
 0001:00003b3f       ?bin_writer@RLibraryLayered@stdlib@media@modules@UModSys@@UAE?AU?$TRefObject@UIStreamWriter@libmedia@UModSys@@U?$TRefObjectFunc@UIStreamWriter@libmedia@UModSys@@@tl@3@@tl@5@ABU?$TString@U?$TSCoreConst@D@su@tl@UModSys@@U?$TComparerBinaryHash@D@234@@75@ABUSFlags@libmedia@5@@Z 00404b3f f   umodsys_lib_libmedia:umodsys.mod.media.stdlib.obj
 0001:00003bf0       ?bin_load@RLibraryLayered@stdlib@media@modules@UModSys@@UAE_NABU?$TString@U?$TSCoreConst@D@su@tl@UModSys@@U?$TComparerBinaryHash@D@234@@tl@5@AAUSCMemShared@core@5@ABUSFlags@libmedia@5@@Z 00404bf0 f   umodsys_lib_libmedia:umodsys.mod.media.stdlib.obj
 0001:00003cf7       ?bin_save@RLibraryLayered@stdlib@media@modules@UModSys@@UAE_NABU?$TString@U?$TSCoreConst@D@su@tl@UModSys@@U?$TComparerBinaryHash@D@234@@tl@5@ABUSCMem@core@5@ABUSFlags@libmedia@5@@Z 00404cf7 f   umodsys_lib_libmedia:umodsys.mod.media.stdlib.obj
 0001:00003e14       ?bin_info@RLibraryLayered@stdlib@media@modules@UModSys@@UAE_NABU?$TString@U?$TSCoreConst@D@su@tl@UModSys@@U?$TComparerBinaryHash@D@234@@tl@5@AAUSFileInfo@libmedia@5@ABUSFlags@95@@Z 00404e14 f   umodsys_lib_libmedia:umodsys.mod.media.stdlib.obj
 0001:00003e84       ?bin_list@RLibraryLayered@stdlib@media@modules@UModSys@@UAE_NABU?$TString@U?$TSCoreConst@D@su@tl@UModSys@@U?$TComparerBinaryHash@D@234@@tl@5@AAU?$TIStackSocket@USFileInfo@libmedia@UModSys@@@75@ABUSFlags@libmedia@5@@Z 00404e84 f   umodsys_lib_libmedia:umodsys.mod.media.stdlib.obj
 0001:00003efa       ?bin_get@RLibraryLayered@stdlib@media@modules@UModSys@@UAE_NABU?$TString@U?$TSCoreConst@D@su@tl@UModSys@@U?$TComparerBinaryHash@D@234@@tl@5@AAUSCMemShared@core@5@_N@Z 00404efa f   umodsys_lib_libmedia:umodsys.mod.media.stdlib.obj
 0001:00003f3c       ?bin_put@RLibraryLayered@stdlib@media@modules@UModSys@@UAE_NABU?$TString@U?$TSCoreConst@D@su@tl@UModSys@@U?$TComparerBinaryHash@D@234@@tl@5@PBUSCMemShared@core@5@@Z 00404f3c f   umodsys_lib_libmedia:umodsys.mod.media.stdlib.obj
 0001:00003f7a       ?obj_fget@RLibraryLayered@stdlib@media@modules@UModSys@@UAE_NABUSInfo@IBinObjFilter@libmedia@5@AAU?$TRefObject@UIRefObject@core@UModSys@@U?$TRefObjectFunc@UIRefObject@core@UModSys@@@tl@3@@tl@5@@Z 00404f7a f   umodsys_lib_libmedia:umodsys.mod.media.stdlib.obj
 0001:00003fb8       ?obj_fload@RLibraryLayered@stdlib@media@modules@UModSys@@UAE_NABUSInfo@IBinObjFilter@libmedia@5@PAUIRefObject@core@5@@Z 00404fb8 f   umodsys_lib_libmedia:umodsys.mod.media.stdlib.obj
 0001:00003ff6       ?obj_fsave@RLibraryLayered@stdlib@media@modules@UModSys@@UAE_NAAUSInfo@IBinObjFilter@libmedia@5@PBUIRefObject@core@5@@Z 00404ff6 f   umodsys_lib_libmedia:umodsys.mod.media.stdlib.obj
 0001:00004034       ?obj_cget@RLibraryLayered@stdlib@media@modules@UModSys@@UAE_NABU?$TString@U?$TSCoreConst@D@su@tl@UModSys@@U?$TComparerBinaryHash@D@234@@tl@5@AAU?$TRefObject@UIRefObject@core@UModSys@@U?$TRefObjectFunc@UIRefObject@core@UModSys@@@tl@3@@75@_N@Z 00405034 f   umodsys_lib_libmedia:umodsys.mod.media.stdlib.obj
 0001:00004076       ?obj_cput@RLibraryLayered@stdlib@media@modules@UModSys@@UAE_NABU?$TString@U?$TSCoreConst@D@su@tl@UModSys@@U?$TComparerBinaryHash@D@234@@tl@5@PAUIRefObject@core@5@@Z 00405076 f   umodsys_lib_libmedia:umodsys.mod.media.stdlib.obj
 0001:000040b4       ?obj_get@RLibraryLayered@stdlib@media@modules@UModSys@@UAE_NABU?$TString@U?$TSCoreConst@D@su@tl@UModSys@@U?$TComparerBinaryHash@D@234@@tl@5@AAU?$TRefObject@UIRefObject@core@UModSys@@U?$TRefObjectFunc@UIRefObject@core@UModSys@@@tl@3@@75@ABUSObjOptions@ILibrary@libmedia@5@@Z 004050b4 f   umodsys_lib_libmedia:umodsys.mod.media.stdlib.obj
 0001:00004254       ??1SMemShared@core@UModSys@@QAE@XZ 00405254 f i umodsys_lib_libmedia:umodsys.mod.media.stdio.obj
 0001:00004254       ??1SInfo@IBinObjFilter@libmedia@UModSys@@QAE@XZ 00405254 f i umodsys_lib_libmedia:umodsys.mod.media.stdlib.obj
 0001:00004254       ??1SCMemShared@core@UModSys@@QAE@XZ 00405254 f i umodsys_lib_libmedia:umodsys.mod.media.stdlib.obj
 0001:0000425e       ?obj_load@RLibraryLayered@stdlib@media@modules@UModSys@@UAE_NABU?$TString@U?$TSCoreConst@D@su@tl@UModSys@@U?$TComparerBinaryHash@D@234@@tl@5@PAUIRefObject@core@5@ABUSObjOptions@ILibrary@libmedia@5@@Z 0040525e f   umodsys_lib_libmedia:umodsys.mod.media.stdlib.obj
 0001:0000435f       ?obj_save@RLibraryLayered@stdlib@media@modules@UModSys@@UAE_NABU?$TString@U?$TSCoreConst@D@su@tl@UModSys@@U?$TComparerBinaryHash@D@234@@tl@5@PBUIRefObject@core@5@ABUSObjOptions@ILibrary@libmedia@5@@Z 0040535f f   umodsys_lib_libmedia:umodsys.mod.media.stdlib.obj
 0001:00004487       ?layer_count@RLibraryLayered@stdlib@media@modules@UModSys@@UBEIABUSLayer@ILibraryLayered@libmedia@5@@Z 00405487 f   umodsys_lib_libmedia:umodsys.mod.media.stdlib.obj
 0001:0000448d       ?layer_get@RLibraryLayered@stdlib@media@modules@UModSys@@UBE?AUSLayer@ILibraryLayered@libmedia@5@I@Z 0040548d f   umodsys_lib_libmedia:umodsys.mod.media.stdlib.obj
 0001:000044b0       ??0SLayer@ILibraryLayered@libmedia@UModSys@@QAE@ABU0123@@Z 004054b0 f i umodsys_lib_libmedia:umodsys.mod.media.stdlib.obj
 0001:000044dc       ?layer_find@RLibraryLayered@stdlib@media@modules@UModSys@@UBEIABU?$TString@U?$TSCoreConst@D@su@tl@UModSys@@U?$TComparerBinaryHash@D@234@@tl@5@I@Z 004054dc f   umodsys_lib_libmedia:umodsys.mod.media.stdlib.obj
 0001:00004524       ?layer_insert@RLibraryLayered@stdlib@media@modules@UModSys@@UAE_NABUSLayer@ILibraryLayered@libmedia@5@I@Z 00405524 f   umodsys_lib_libmedia:umodsys.mod.media.stdlib.obj
 0001:00004597       ?layer_remove@RLibraryLayered@stdlib@media@modules@UModSys@@UAE_NI@Z 00405597 f   umodsys_lib_libmedia:umodsys.mod.media.stdlib.obj
 0001:000045e1       ?layer_clear@RLibraryLayered@stdlib@media@modules@UModSys@@UAE_NXZ 004055e1 f   umodsys_lib_libmedia:umodsys.mod.media.stdlib.obj
 0001:000045eb       ??0RLibraryObjCache@stdlib@media@modules@UModSys@@QAE@PAUIModObject@base@4@ABUSParameters@core@4@U?$TFlags4State@USMediaFlagUid@libmedia@UModSys@@I@tl@4@@Z 004055eb f   umodsys_lib_libmedia:umodsys.mod.media.stdlib.obj
 0001:0000464b       ??_GRLibraryObjCache@stdlib@media@modules@UModSys@@UAEPAXI@Z 0040564b f i umodsys_lib_libmedia:umodsys.mod.media.stdlib.obj
 0001:0000464b       ??_ERLibraryObjCache@stdlib@media@modules@UModSys@@UAEPAXI@Z 0040564b f i  CIL library: CIL module
 0001:000046ac       ??1ILibraryBinTree@libmedia@UModSys@@UAE@XZ 004056ac f i umodsys_lib_libmedia:umodsys.mod.media.stdlib.obj
 0001:000046ac       ??1IBinArchive@libmedia@UModSys@@UAE@XZ 004056ac f i umodsys_lib_libmedia:umodsys.mod.media.stdio.obj
 0001:000046ac       ??1ILibraryBinCache@libmedia@UModSys@@UAE@XZ 004056ac f i umodsys_lib_libmedia:umodsys.mod.media.stdlib.obj
 0001:000046ac       ??1ILibraryObjCache@libmedia@UModSys@@UAE@XZ 004056ac f i umodsys_lib_libmedia:umodsys.mod.media.stdlib.obj
 0001:000046ac       ??1ILibraryLayered@libmedia@UModSys@@UAE@XZ 004056ac f i umodsys_lib_libmedia:umodsys.mod.media.stdlib.obj
 0001:000046ac       ??1ILibraryObjFilter@libmedia@UModSys@@UAE@XZ 004056ac f i umodsys_lib_libmedia:umodsys.mod.media.stdlib.obj
 0001:000046b1       ?get_flags_auto@RLibraryObjCache@stdlib@media@modules@UModSys@@UBE?AU?$TFlags4State@USMediaFlagUid@libmedia@UModSys@@I@tl@5@XZ 004056b1 f   umodsys_lib_libmedia:umodsys.mod.media.stdlib.obj
 0001:000046c0       ?obj_cput@RLibraryObjCache@stdlib@media@modules@UModSys@@UAE_NABU?$TString@U?$TSCoreConst@D@su@tl@UModSys@@U?$TComparerBinaryHash@D@234@@tl@5@PAUIRefObject@core@5@@Z 004056c0 f   umodsys_lib_libmedia:umodsys.mod.media.stdlib.obj
 0001:000046c5       ?obj_get@RLibraryObjCache@stdlib@media@modules@UModSys@@UAE_NABU?$TString@U?$TSCoreConst@D@su@tl@UModSys@@U?$TComparerBinaryHash@D@234@@tl@5@AAU?$TRefObject@UIRefObject@core@UModSys@@U?$TRefObjectFunc@UIRefObject@core@UModSys@@@tl@3@@75@ABUSObjOptions@ILibrary@libmedia@5@@Z 004056c5 f   umodsys_lib_libmedia:umodsys.mod.media.stdlib.obj
 0001:0000474b       ?objcache_get@RLibraryObjCache@stdlib@media@modules@UModSys@@UBE_NABU?$TString@U?$TSCoreConst@D@su@tl@UModSys@@U?$TComparerBinaryHash@D@234@@tl@5@PAU?$TRefObject@UIRefObject@core@UModSys@@U?$TRefObjectFunc@UIRefObject@core@UModSys@@@tl@3@@75@PA_N@Z 0040574b f   umodsys_lib_libmedia:umodsys.mod.media.stdlib.obj
 0001:000047b7       ?objcache_add@RLibraryObjCache@stdlib@media@modules@UModSys@@UAE_NABU?$TString@U?$TSCoreConst@D@su@tl@UModSys@@U?$TComparerBinaryHash@D@234@@tl@5@PAUIRefObject@core@5@@Z 004057b7 f   umodsys_lib_libmedia:umodsys.mod.media.stdlib.obj
 0001:00004862       ?objcache_remove@RLibraryObjCache@stdlib@media@modules@UModSys@@UAE_NABU?$TString@U?$TSCoreConst@D@su@tl@UModSys@@U?$TComparerBinaryHash@D@234@@tl@5@@Z 00405862 f   umodsys_lib_libmedia:umodsys.mod.media.stdlib.obj
 0001:00004899       ?objcache_clear@RLibraryObjCache@stdlib@media@modules@UModSys@@UAE_NXZ 00405899 f   umodsys_lib_libmedia:umodsys.mod.media.stdlib.obj
 0001:000048b7       ??0RLibraryObjFilter@stdlib@media@modules@UModSys@@QAE@PAUIModObject@base@4@ABUSParameters@core@4@U?$TFlags4State@USMediaFlagUid@libmedia@UModSys@@I@tl@4@@Z 004058b7 f   umodsys_lib_libmedia:umodsys.mod.media.stdlib.obj
 0001:00004917       ??_GRLibraryObjFilter@stdlib@media@modules@UModSys@@UAEPAXI@Z 00405917 f i umodsys_lib_libmedia:umodsys.mod.media.stdlib.obj
 0001:00004917       ??_ERLibraryObjFilter@stdlib@media@modules@UModSys@@UAEPAXI@Z 00405917 f i  CIL library: CIL module
 0001:00004978       ?get_flags_auto@RLibraryObjFilter@stdlib@media@modules@UModSys@@UBE?AU?$TFlags4State@USMediaFlagUid@libmedia@UModSys@@I@tl@5@XZ 00405978 f   umodsys_lib_libmedia:umodsys.mod.media.stdlib.obj
 0001:00004987       ?obj_fget@RLibraryObjFilter@stdlib@media@modules@UModSys@@UAE_NABUSInfo@IBinObjFilter@libmedia@5@AAU?$TRefObject@UIRefObject@core@UModSys@@U?$TRefObjectFunc@UIRefObject@core@UModSys@@@tl@3@@tl@5@@Z 00405987 f   umodsys_lib_libmedia:umodsys.mod.media.stdlib.obj
 0001:0000498f       ?obj_fload@RLibraryObjFilter@stdlib@media@modules@UModSys@@UAE_NABUSInfo@IBinObjFilter@libmedia@5@PAUIRefObject@core@5@@Z 0040598f f   umodsys_lib_libmedia:umodsys.mod.media.stdlib.obj
 0001:00004994       ?obj_fsave@RLibraryObjFilter@stdlib@media@modules@UModSys@@UAE_NAAUSInfo@IBinObjFilter@libmedia@5@PBUIRefObject@core@5@@Z 00405994 f   umodsys_lib_libmedia:umodsys.mod.media.stdlib.obj
 0001:0000499c       ?filters_add@RLibraryObjFilter@stdlib@media@modules@UModSys@@UAE_NU?$TRefObject@UIBinObjFilter@libmedia@UModSys@@U?$TRefObjectFunc@UIBinObjFilter@libmedia@UModSys@@@tl@3@@tl@5@PBUSParameters@core@5@H@Z 0040599c f   umodsys_lib_libmedia:umodsys.mod.media.stdlib.obj
 0001:00004a38       ?filters_remove@RLibraryObjFilter@stdlib@media@modules@UModSys@@UAE_NPAUIBinObjFilter@libmedia@5@H@Z 00405a38 f   umodsys_lib_libmedia:umodsys.mod.media.stdlib.obj
 0001:00004a88       ?filters_clear@RLibraryObjFilter@stdlib@media@modules@UModSys@@UAE_NXZ 00405a88 f   umodsys_lib_libmedia:umodsys.mod.media.stdlib.obj
 0001:00004aa6       ?filters_load@RLibraryObjFilter@stdlib@media@modules@UModSys@@UAE_NABUSInfo@IBinObjFilter@libmedia@5@AAU?$TRefObject@UIRefObject@core@UModSys@@U?$TRefObjectFunc@UIRefObject@core@UModSys@@@tl@3@@tl@5@@Z 00405aa6 f   umodsys_lib_libmedia:umodsys.mod.media.stdlib.obj
 0001:00004b03       ?filters_load@RLibraryObjFilter@stdlib@media@modules@UModSys@@UAE_NABUSInfo@IBinObjFilter@libmedia@5@PAUIRefObject@core@5@@Z 00405b03 f   umodsys_lib_libmedia:umodsys.mod.media.stdlib.obj
 0001:00004b60       ?filters_save@RLibraryObjFilter@stdlib@media@modules@UModSys@@UAE_NAAUSInfo@IBinObjFilter@libmedia@5@PBUIRefObject@core@5@@Z 00405b60 f   umodsys_lib_libmedia:umodsys.mod.media.stdlib.obj
 0001:00004bbd       ?do_open@RModuleReg@stdlib@media@modules@UModSys@@UAE_NXZ 00405bbd f i umodsys_lib_libmedia:umodsys.mod.media.stdlib.obj
 0001:00004c0b       ?do_close@RModuleReg@stdlib@media@modules@UModSys@@UAE_NXZ 00405c0b f i umodsys_lib_libmedia:umodsys.mod.media.stdlib.obj
 0001:00004c46       ?get_module@RGenerator@stdlib@media@modules@UModSys@@UBEPAUIModule@base@5@XZ 00405c46 f   umodsys_lib_libmedia:umodsys.mod.media.stdlib.obj
 0001:00004c4c       ?mod_inc@RGenerator@stdlib@media@modules@UModSys@@UBE_NXZ 00405c4c f   umodsys_lib_libmedia:umodsys.mod.media.stdlib.obj
 0001:00004c57       ?mod_dec@RGenerator@stdlib@media@modules@UModSys@@UBE_NXZ 00405c57 f   umodsys_lib_libmedia:umodsys.mod.media.stdlib.obj
 0001:00004c62       ?s_holder@RGenerator@stdlib@media@modules@UModSys@@SAAAU?$TTypeStaticHolder@URGenerator@stdlib@media@modules@UModSys@@@tl@5@XZ 00405c62 f   umodsys_lib_libmedia:umodsys.mod.media.stdlib.obj
 0001:00004c94       ?cat@?$TSCoreBuffer@D@su@tl@UModSys@@QAE_NPBDI@Z 00405c94 f i umodsys_lib_libmedia:umodsys.mod.media.stdlib.obj
[...]
 0001:0000dfee       __ehhandler$??$t_gen_param@URLibraryObjFilter@stdlib@media@modules@UModSys@@URGenerator@2345@@IGenerator@base@UModSys@@IAE_NPAURGenerator@stdlib@media@modules@2@AAU?$TRefObject@UIRefObject@core@UModSys@@U?$TRefObjectFunc@UIRefObject@core@UModSys@@@tl@3@@tl@2@PBUSUniquePointerInfo@core@2@ABUSParameters@core@2@@Z 0040efee f    CIL library: CIL module
 0001:0000dfee       __ehhandler$??$t_gen_param@URLibraryBinCache@stdlib@media@modules@UModSys@@URGenerator@2345@@IGenerator@base@UModSys@@IAE_NPAURGenerator@stdlib@media@modules@2@AAU?$TRefObject@UIRefObject@core@UModSys@@U?$TRefObjectFunc@UIRefObject@core@UModSys@@@tl@3@@tl@2@PBUSUniquePointerInfo@core@2@ABUSParameters@core@2@@Z 0040efee f    CIL library: CIL module
 0001:0000dff8       ??__E?s_id@?$TObjectUniqueID@UIRoot@core@UModSys@@@tl@UModSys@@2USUniquePointer@core@3@A@@YAXXZ 0040eff8 f    CIL library: CIL module
 0001:0000e01a       ??__E?s_id@?$TObjectUniqueID@UIRefObject@core@UModSys@@@tl@UModSys@@2USUniquePointer@core@3@A@@YAXXZ 0040f01a f    CIL library: CIL module
 0001:0000e03c       ??__E?s_id@?$TObjectUniqueID@UIParameters@core@UModSys@@@tl@UModSys@@2USUniquePointer@core@3@A@@YAXXZ 0040f03c f    CIL library: CIL module
 0001:0000e05e       ??__E?s_id@?$TObjectUniqueID@UIConsole@base@UModSys@@@tl@UModSys@@2USUniquePointer@core@3@A@@YAXXZ 0040f05e f    CIL library: CIL module
 0001:0000e080       ??__E?s_id@?$TObjectUniqueID@UIModule@base@UModSys@@@tl@UModSys@@2USUniquePointer@core@3@A@@YAXXZ 0040f080 f    CIL library: CIL module
 0001:0000e0a2       ??__E?s_id@?$TObjectUniqueID@UIModuleLibrary@base@UModSys@@@tl@UModSys@@2USUniquePointer@core@3@A@@YAXXZ 0040f0a2 f    CIL library: CIL module
 0001:0000e0c4       ??__E?s_id@?$TObjectUniqueID@UIModObject@base@UModSys@@@tl@UModSys@@2USUniquePointer@core@3@A@@YAXXZ 0040f0c4 f    CIL library: CIL module
 0001:0000e0e6       ??__E?s_id@?$TObjectUniqueID@UIGenerator@base@UModSys@@@tl@UModSys@@2USUniquePointer@core@3@A@@YAXXZ 0040f0e6 f    CIL library: CIL module
 0001:0000e108       ??__E?s_id@?$TObjectUniqueID@UIShell@base@UModSys@@@tl@UModSys@@2USUniquePointer@core@3@A@@YAXXZ 0040f108 f    CIL library: CIL module
 0001:0000e12a       ??__E?s_id@?$TObjectUniqueID@UISystem@base@UModSys@@@tl@UModSys@@2USUniquePointer@core@3@A@@YAXXZ 0040f12a f    CIL library: CIL module
 0001:0000e14c       ??__E?s_id@?$TObjectUniqueID@URModule@rsystem@base@UModSys@@@tl@UModSys@@2USUniquePointer@core@3@A@@YAXXZ 0040f14c f    CIL library: CIL module
 0001:0000e16e       ??__E?s_id@?$TObjectUniqueID@UIModuleLibraryUni@rsystem@base@UModSys@@@tl@UModSys@@2USUniquePointer@core@3@A@@YAXXZ 0040f16e f    CIL library: CIL module
 0001:0000e190       ??__E?s_id@?$TObjectUniqueID@URModuleLibrarySO@rsystem@base@UModSys@@@tl@UModSys@@2USUniquePointer@core@3@A@@YAXXZ 0040f190 f    CIL library: CIL module
 0001:0000e1b2       ??__E?s_id@?$TObjectUniqueID@URModuleLibraryThis@rsystem@base@UModSys@@@tl@UModSys@@2USUniquePointer@core@3@A@@YAXXZ 0040f1b2 f    CIL library: CIL module
 0001:0000e1d4       ??__E?s_id@?$TObjectUniqueID@URParameters@rsystem@base@UModSys@@@tl@UModSys@@2USUniquePointer@core@3@A@@YAXXZ 0040f1d4 f    CIL library: CIL module
 0001:0000e1f6       ??__E?s_id@?$TObjectUniqueID@URSystem@rsystem@base@UModSys@@@tl@UModSys@@2USUniquePointer@core@3@A@@YAXXZ 0040f1f6 f    CIL library: CIL module
 0001:0000e218       ??__E?s_id@?$TObjectUniqueID@URConsole_std@rsystem@base@UModSys@@@tl@UModSys@@2USUniquePointer@core@3@A@@YAXXZ 0040f218 f    CIL library: CIL module
 0001:0000e23a       ??__Es_dbg@stdio@media@modules@UModSys@@YAXXZ 0040f23a f    CIL library: CIL module
 0001:0000e246       ??__E?s_modreg@RModuleReg@stdio@media@modules@UModSys@@2U12345@A@@YAXXZ 0040f246 f    CIL library: CIL module
 0001:0000e274       ??__E?s_modreg_chain@RModuleReg@stdio@media@modules@UModSys@@2USModuleRegChain@base@5@A@@YAXXZ 0040f274 f    CIL library: CIL module
 0001:0000e28f       ??__E?s_uid@RGenerator@stdio@media@modules@UModSys@@2USUniquePointer@core@5@A@@YAXXZ 0040f28f f    CIL library: CIL module
 0001:0000e2b1       ??__E?s_id@?$TObjectUniqueID@UIStreamReader@libmedia@UModSys@@@tl@UModSys@@2USUniquePointer@core@3@A@@YAXXZ 0040f2b1 f    CIL library: CIL module
 0001:0000e2d3       ??__E?s_id@?$TObjectUniqueID@UIStreamWriter@libmedia@UModSys@@@tl@UModSys@@2USUniquePointer@core@3@A@@YAXXZ 0040f2d3 f    CIL library: CIL module
 0001:0000e2f5       ??__E?s_id@?$TObjectUniqueID@UIUtilities@libmedia@UModSys@@@tl@UModSys@@2USUniquePointer@core@3@A@@YAXXZ 0040f2f5 f    CIL library: CIL module
 0001:0000e317       ??__E?s_id@?$TObjectUniqueID@UILibObject@libmedia@UModSys@@@tl@UModSys@@2USUniquePointer@core@3@A@@YAXXZ 0040f317 f    CIL library: CIL module
 0001:0000e339       ??__E?s_id@?$TObjectUniqueID@UIBinArchive@libmedia@UModSys@@@tl@UModSys@@2USUniquePointer@core@3@A@@YAXXZ 0040f339 f    CIL library: CIL module
 0001:0000e35b       ??__E?s_id@?$TObjectUniqueID@UIBinObjFilter@libmedia@UModSys@@@tl@UModSys@@2USUniquePointer@core@3@A@@YAXXZ 0040f35b f    CIL library: CIL module
 0001:0000e37d       ??__E?s_id@?$TObjectUniqueID@UILibrary@libmedia@UModSys@@@tl@UModSys@@2USUniquePointer@core@3@A@@YAXXZ 0040f37d f    CIL library: CIL module
 0001:0000e39f       ??__E?s_id@?$TObjectUniqueID@URStreamReader_FILE@stdio@media@modules@UModSys@@@tl@UModSys@@2USUniquePointer@core@3@A@@YAXXZ 0040f39f f    CIL library: CIL module
 0001:0000e3c1       ??__E?s_id@?$TObjectUniqueID@URStreamWriter_FILE@stdio@media@modules@UModSys@@@tl@UModSys@@2USUniquePointer@core@3@A@@YAXXZ 0040f3c1 f    CIL library: CIL module
 0001:0000e3e3       ??__E?s_id@?$TObjectUniqueID@URDataArchiver_OsDir@stdio@media@modules@UModSys@@@tl@UModSys@@2USUniquePointer@core@3@A@@YAXXZ 0040f3e3 f    CIL library: CIL module
 0001:0000e405       ??__E?s_id@?$TObjectUniqueID@URGenerator@stdio@media@modules@UModSys@@@tl@UModSys@@2USUniquePointer@core@3@A@@YAXXZ 0040f405 f    CIL library: CIL module
 0001:0000e427       ??__Es_dbg@stdlib@media@modules@UModSys@@YAXXZ 0040f427 f    CIL library: CIL module
 0001:0000e433       ??__E?s_modreg@RModuleReg@stdlib@media@modules@UModSys@@2U12345@A@@YAXXZ 0040f433 f    CIL library: CIL module
 0001:0000e464       ??__E?s_modreg_chain@RModuleReg@stdlib@media@modules@UModSys@@2USModuleRegChain@base@5@A@@YAXXZ 0040f464 f    CIL library: CIL module
 0001:0000e47f       ??__E?s_uid@RGenerator@stdlib@media@modules@UModSys@@2USUniquePointer@core@5@A@@YAXXZ 0040f47f f    CIL library: CIL module
 0001:0000e4a1       ??__E?s_id@?$TObjectUniqueID@UILibraryBinTree@libmedia@UModSys@@@tl@UModSys@@2USUniquePointer@core@3@A@@YAXXZ 0040f4a1 f    CIL library: CIL module
 0001:0000e4c3       ??__E?s_id@?$TObjectUniqueID@UILibraryBinCache@libmedia@UModSys@@@tl@UModSys@@2USUniquePointer@core@3@A@@YAXXZ 0040f4c3 f    CIL library: CIL module
 0001:0000e4e5       ??__E?s_id@?$TObjectUniqueID@UILibraryObjFilter@libmedia@UModSys@@@tl@UModSys@@2USUniquePointer@core@3@A@@YAXXZ 0040f4e5 f    CIL library: CIL module
 0001:0000e507       ??__E?s_id@?$TObjectUniqueID@UILibraryObjCache@libmedia@UModSys@@@tl@UModSys@@2USUniquePointer@core@3@A@@YAXXZ 0040f507 f    CIL library: CIL module
 0001:0000e529       ??__E?s_id@?$TObjectUniqueID@UILibraryLayered@libmedia@UModSys@@@tl@UModSys@@2USUniquePointer@core@3@A@@YAXXZ 0040f529 f    CIL library: CIL module
 0001:0000e54b       ??__E?s_id@?$TObjectUniqueID@UIBinArchiveFrame@libmedia@UModSys@@@tl@UModSys@@2USUniquePointer@core@3@A@@YAXXZ 0040f54b f    CIL library: CIL module
 0001:0000e56d       ??__E?s_id@?$TObjectUniqueID@UIClient@IBinArchiveFrame@libmedia@UModSys@@@tl@UModSys@@2USUniquePointer@core@3@A@@YAXXZ 0040f56d f    CIL library: CIL module
 0001:0000e58f       ??__E?s_id@?$TObjectUniqueID@URUtilities@stdlib@media@modules@UModSys@@@tl@UModSys@@2USUniquePointer@core@3@A@@YAXXZ 0040f58f f    CIL library: CIL module
 0001:0000e5b1       ??__E?s_id@?$TObjectUniqueID@URBinArchiveFrame@stdlib@media@modules@UModSys@@@tl@UModSys@@2USUniquePointer@core@3@A@@YAXXZ 0040f5b1 f    CIL library: CIL module
 0001:0000e5d3       ??__E?s_id@?$TObjectUniqueID@URLibraryBinTree@stdlib@media@modules@UModSys@@@tl@UModSys@@2USUniquePointer@core@3@A@@YAXXZ 0040f5d3 f    CIL library: CIL module
 0001:0000e5f5       ??__E?s_id@?$TObjectUniqueID@URLibraryBinCache@stdlib@media@modules@UModSys@@@tl@UModSys@@2USUniquePointer@core@3@A@@YAXXZ 0040f5f5 f    CIL library: CIL module
 0001:0000e617       ??__E?s_id@?$TObjectUniqueID@URLibraryLayered@stdlib@media@modules@UModSys@@@tl@UModSys@@2USUniquePointer@core@3@A@@YAXXZ 0040f617 f    CIL library: CIL module
 0001:0000e639       ??__E?s_id@?$TObjectUniqueID@URLibraryObjCache@stdlib@media@modules@UModSys@@@tl@UModSys@@2USUniquePointer@core@3@A@@YAXXZ 0040f639 f    CIL library: CIL module
 0001:0000e65b       ??__E?s_id@?$TObjectUniqueID@URLibraryObjFilter@stdlib@media@modules@UModSys@@@tl@UModSys@@2USUniquePointer@core@3@A@@YAXXZ 0040f65b f    CIL library: CIL module
 0001:0000e67d       ??__E?s_id@?$TObjectUniqueID@URGenerator@stdlib@media@modules@UModSys@@@tl@UModSys@@2USUniquePointer@core@3@A@@YAXXZ 0040f67d f    CIL library: CIL module
 0001:0000e69f       ??__E?s_console@RConsole_std@rsystem@base@UModSys@@2U1234@A@@YAXXZ 0040f69f f    CIL library: CIL module
 0001:0000e6ab       ??__E?s_sys@RSystem@rsystem@base@UModSys@@2U1234@A@@YAXXZ 0040f6ab f    CIL library: CIL module
 0001:0000e6bc       ??__Ersys_dbg@rsystem@base@UModSys@@YAXXZ 0040f6bc f    CIL library: CIL module
 0001:0000e6c8       ??__EM@UModSys@@YAXXZ      0040f6c8 f    CIL library: CIL module
 0001:0000e6d4       ??__E?root@SModuleRegChain@base@UModSys@@2U123@A@@YAXXZ 0040f6d4 f    CIL library: CIL module
 0001:0000e6e0       ??__E?s_library@RModuleLibraryReg_Chain@base@UModSys@@2U123@A@@YAXXZ 0040f6e0 f    CIL library: CIL module
 0001:0000e6ec       ??__E?root@SUniquePointer@core@UModSys@@2U123@A@@YAXXZ 0040f6ec f    CIL library: CIL module
 0001:0000e6f8       ??__F?s_id@?$TObjectUniqueID@URConsole_std@rsystem@base@UModSys@@@tl@UModSys@@2USUniquePointer@core@3@A@@YAXXZ 0040f6f8 f    CIL library: CIL module
 0001:0000e702       ??__F?s_id@?$TObjectUniqueID@URSystem@rsystem@base@UModSys@@@tl@UModSys@@2USUniquePointer@core@3@A@@YAXXZ 0040f702 f    CIL library: CIL module
 0001:0000e70c       ??__F?s_id@?$TObjectUniqueID@URParameters@rsystem@base@UModSys@@@tl@UModSys@@2USUniquePointer@core@3@A@@YAXXZ 0040f70c f    CIL library: CIL module
 0001:0000e716       ??__F?s_id@?$TObjectUniqueID@URModuleLibraryThis@rsystem@base@UModSys@@@tl@UModSys@@2USUniquePointer@core@3@A@@YAXXZ 0040f716 f    CIL library: CIL module
 0001:0000e720       ??__F?s_id@?$TObjectUniqueID@URModuleLibrarySO@rsystem@base@UModSys@@@tl@UModSys@@2USUniquePointer@core@3@A@@YAXXZ 0040f720 f    CIL library: CIL module
 0001:0000e72a       ??__F?s_id@?$TObjectUniqueID@UIModuleLibraryUni@rsystem@base@UModSys@@@tl@UModSys@@2USUniquePointer@core@3@A@@YAXXZ 0040f72a f    CIL library: CIL module
 0001:0000e734       ??__F?s_id@?$TObjectUniqueID@URModule@rsystem@base@UModSys@@@tl@UModSys@@2USUniquePointer@core@3@A@@YAXXZ 0040f734 f    CIL library: CIL module
 0001:0000e73e       ??__F?s_id@?$TObjectUniqueID@UISystem@base@UModSys@@@tl@UModSys@@2USUniquePointer@core@3@A@@YAXXZ 0040f73e f    CIL library: CIL module
 0001:0000e748       ??__F?s_id@?$TObjectUniqueID@UIShell@base@UModSys@@@tl@UModSys@@2USUniquePointer@core@3@A@@YAXXZ 0040f748 f    CIL library: CIL module
 0001:0000e752       ??__F?s_id@?$TObjectUniqueID@UIGenerator@base@UModSys@@@tl@UModSys@@2USUniquePointer@core@3@A@@YAXXZ 0040f752 f    CIL library: CIL module
 0001:0000e75c       ??__F?s_id@?$TObjectUniqueID@UIModObject@base@UModSys@@@tl@UModSys@@2USUniquePointer@core@3@A@@YAXXZ 0040f75c f    CIL library: CIL module
 0001:0000e766       ??__F?s_id@?$TObjectUniqueID@UIModuleLibrary@base@UModSys@@@tl@UModSys@@2USUniquePointer@core@3@A@@YAXXZ 0040f766 f    CIL library: CIL module
 0001:0000e770       ??__F?s_id@?$TObjectUniqueID@UIModule@base@UModSys@@@tl@UModSys@@2USUniquePointer@core@3@A@@YAXXZ 0040f770 f    CIL library: CIL module
 0001:0000e77a       ??__F?s_id@?$TObjectUniqueID@UIConsole@base@UModSys@@@tl@UModSys@@2USUniquePointer@core@3@A@@YAXXZ 0040f77a f    CIL library: CIL module
 0001:0000e784       ??__F?s_id@?$TObjectUniqueID@UIParameters@core@UModSys@@@tl@UModSys@@2USUniquePointer@core@3@A@@YAXXZ 0040f784 f    CIL library: CIL module
 0001:0000e78e       ??__F?s_id@?$TObjectUniqueID@UIRefObject@core@UModSys@@@tl@UModSys@@2USUniquePointer@core@3@A@@YAXXZ 0040f78e f    CIL library: CIL module
 0001:0000e798       ??__F?s_id@?$TObjectUniqueID@UIRoot@core@UModSys@@@tl@UModSys@@2USUniquePointer@core@3@A@@YAXXZ 0040f798 f    CIL library: CIL module
 0001:0000e7a2       ??__Fs_dbg@stdio@media@modules@UModSys@@YAXXZ 0040f7a2 f    CIL library: CIL module
 0001:0000e7b9       ??__F?s_modreg@RModuleReg@stdio@media@modules@UModSys@@2U12345@A@@YAXXZ 0040f7b9 f    CIL library: CIL module
 0001:0000e7c4       ??__F?s_modreg_chain@RModuleReg@stdio@media@modules@UModSys@@2USModuleRegChain@base@5@A@@YAXXZ 0040f7c4 f    CIL library: CIL module
 0001:0000e7ce       ??__F?s_uid@RGenerator@stdio@media@modules@UModSys@@2USUniquePointer@core@5@A@@YAXXZ 0040f7ce f    CIL library: CIL module
 0001:0000e7d8       ??__Fh@?1??s_holder@RGenerator@stdio@media@modules@UModSys@@SAAAU?$TTypeStaticHolder@URGenerator@stdio@media@modules@UModSys@@@tl@5@XZ@YAXXZ 0040f7d8 f    CIL library: CIL module
 0001:0000e7f5       ??__F?s_id@?$TObjectUniqueID@URGenerator@stdio@media@modules@UModSys@@@tl@UModSys@@2USUniquePointer@core@3@A@@YAXXZ 0040f7f5 f    CIL library: CIL module
 0001:0000e7ff       ??__F?s_id@?$TObjectUniqueID@URDataArchiver_OsDir@stdio@media@modules@UModSys@@@tl@UModSys@@2USUniquePointer@core@3@A@@YAXXZ 0040f7ff f    CIL library: CIL module
 0001:0000e809       ??__F?s_id@?$TObjectUniqueID@URStreamWriter_FILE@stdio@media@modules@UModSys@@@tl@UModSys@@2USUniquePointer@core@3@A@@YAXXZ 0040f809 f    CIL library: CIL module
 0001:0000e813       ??__F?s_id@?$TObjectUniqueID@URStreamReader_FILE@stdio@media@modules@UModSys@@@tl@UModSys@@2USUniquePointer@core@3@A@@YAXXZ 0040f813 f    CIL library: CIL module
 0001:0000e81d       ??__F?s_id@?$TObjectUniqueID@UILibrary@libmedia@UModSys@@@tl@UModSys@@2USUniquePointer@core@3@A@@YAXXZ 0040f81d f    CIL library: CIL module
 0001:0000e827       ??__F?s_id@?$TObjectUniqueID@UIBinObjFilter@libmedia@UModSys@@@tl@UModSys@@2USUniquePointer@core@3@A@@YAXXZ 0040f827 f    CIL library: CIL module
 0001:0000e831       ??__F?s_id@?$TObjectUniqueID@UIBinArchive@libmedia@UModSys@@@tl@UModSys@@2USUniquePointer@core@3@A@@YAXXZ 0040f831 f    CIL library: CIL module
 0001:0000e83b       ??__F?s_id@?$TObjectUniqueID@UILibObject@libmedia@UModSys@@@tl@UModSys@@2USUniquePointer@core@3@A@@YAXXZ 0040f83b f    CIL library: CIL module
 0001:0000e845       ??__F?s_id@?$TObjectUniqueID@UIUtilities@libmedia@UModSys@@@tl@UModSys@@2USUniquePointer@core@3@A@@YAXXZ 0040f845 f    CIL library: CIL module
 0001:0000e84f       ??__F?s_id@?$TObjectUniqueID@UIStreamWriter@libmedia@UModSys@@@tl@UModSys@@2USUniquePointer@core@3@A@@YAXXZ 0040f84f f    CIL library: CIL module
 0001:0000e859       ??__F?s_id@?$TObjectUniqueID@UIStreamReader@libmedia@UModSys@@@tl@UModSys@@2USUniquePointer@core@3@A@@YAXXZ 0040f859 f    CIL library: CIL module
 0001:0000e863       ??__Fs_dbg@stdlib@media@modules@UModSys@@YAXXZ 0040f863 f    CIL library: CIL module
 0001:0000e87a       ??__F?s_modreg@RModuleReg@stdlib@media@modules@UModSys@@2U12345@A@@YAXXZ 0040f87a f    CIL library: CIL module
 0001:0000e885       ??__F?s_modreg_chain@RModuleReg@stdlib@media@modules@UModSys@@2USModuleRegChain@base@5@A@@YAXXZ 0040f885 f    CIL library: CIL module
 0001:0000e88f       ??__F?s_uid@RGenerator@stdlib@media@modules@UModSys@@2USUniquePointer@core@5@A@@YAXXZ 0040f88f f    CIL library: CIL module
 0001:0000e899       ??__Fh@?1??s_holder@RGenerator@stdlib@media@modules@UModSys@@SAAAU?$TTypeStaticHolder@URGenerator@stdlib@media@modules@UModSys@@@tl@5@XZ@YAXXZ 0040f899 f    CIL library: CIL module
 0001:0000e8b6       ??__F?s_id@?$TObjectUniqueID@URGenerator@stdlib@media@modules@UModSys@@@tl@UModSys@@2USUniquePointer@core@3@A@@YAXXZ 0040f8b6 f    CIL library: CIL module
 0001:0000e8c0       ??__F?s_id@?$TObjectUniqueID@URLibraryObjFilter@stdlib@media@modules@UModSys@@@tl@UModSys@@2USUniquePointer@core@3@A@@YAXXZ 0040f8c0 f    CIL library: CIL module
 0001:0000e8ca       ??__F?s_id@?$TObjectUniqueID@URLibraryObjCache@stdlib@media@modules@UModSys@@@tl@UModSys@@2USUniquePointer@core@3@A@@YAXXZ 0040f8ca f    CIL library: CIL module
 0001:0000e8d4       ??__F?s_id@?$TObjectUniqueID@URLibraryLayered@stdlib@media@modules@UModSys@@@tl@UModSys@@2USUniquePointer@core@3@A@@YAXXZ 0040f8d4 f    CIL library: CIL module
 0001:0000e8de       ??__F?s_id@?$TObjectUniqueID@URLibraryBinCache@stdlib@media@modules@UModSys@@@tl@UModSys@@2USUniquePointer@core@3@A@@YAXXZ 0040f8de f    CIL library: CIL module
 0001:0000e8e8       ??__F?s_id@?$TObjectUniqueID@URLibraryBinTree@stdlib@media@modules@UModSys@@@tl@UModSys@@2USUniquePointer@core@3@A@@YAXXZ 0040f8e8 f    CIL library: CIL module
 0001:0000e8f2       ??__F?s_id@?$TObjectUniqueID@URBinArchiveFrame@stdlib@media@modules@UModSys@@@tl@UModSys@@2USUniquePointer@core@3@A@@YAXXZ 0040f8f2 f    CIL library: CIL module
 0001:0000e8fc       ??__F?s_id@?$TObjectUniqueID@URUtilities@stdlib@media@modules@UModSys@@@tl@UModSys@@2USUniquePointer@core@3@A@@YAXXZ 0040f8fc f    CIL library: CIL module
 0001:0000e906       ??__F?s_id@?$TObjectUniqueID@UIClient@IBinArchiveFrame@libmedia@UModSys@@@tl@UModSys@@2USUniquePointer@core@3@A@@YAXXZ 0040f906 f    CIL library: CIL module
 0001:0000e910       ??__F?s_id@?$TObjectUniqueID@UIBinArchiveFrame@libmedia@UModSys@@@tl@UModSys@@2USUniquePointer@core@3@A@@YAXXZ 0040f910 f    CIL library: CIL module
 0001:0000e91a       ??__F?s_id@?$TObjectUniqueID@UILibraryLayered@libmedia@UModSys@@@tl@UModSys@@2USUniquePointer@core@3@A@@YAXXZ 0040f91a f    CIL library: CIL module
 0001:0000e924       ??__F?s_id@?$TObjectUniqueID@UILibraryObjCache@libmedia@UModSys@@@tl@UModSys@@2USUniquePointer@core@3@A@@YAXXZ 0040f924 f    CIL library: CIL module
 0001:0000e92e       ??__F?s_id@?$TObjectUniqueID@UILibraryObjFilter@libmedia@UModSys@@@tl@UModSys@@2USUniquePointer@core@3@A@@YAXXZ 0040f92e f    CIL library: CIL module
 0001:0000e938       ??__F?s_id@?$TObjectUniqueID@UILibraryBinCache@libmedia@UModSys@@@tl@UModSys@@2USUniquePointer@core@3@A@@YAXXZ 0040f938 f    CIL library: CIL module
 0001:0000e942       ??__F?s_id@?$TObjectUniqueID@UILibraryBinTree@libmedia@UModSys@@@tl@UModSys@@2USUniquePointer@core@3@A@@YAXXZ 0040f942 f    CIL library: CIL module
 0001:0000e94c       ??__F?s_console@RConsole_std@rsystem@base@UModSys@@2U1234@A@@YAXXZ 0040f94c f    CIL library: CIL module
 0001:0000e979       ??__F?s_sys@RSystem@rsystem@base@UModSys@@2U1234@A@@YAXXZ 0040f979 f    CIL library: CIL module
 0001:0000e984       ??__Frsys_dbg@rsystem@base@UModSys@@YAXXZ 0040f984 f    CIL library: CIL module
 0001:0000e99b       ??__FM@UModSys@@YAXXZ      0040f99b f    CIL library: CIL module
 0001:0000e99c       ??__F?root@SModuleRegChain@base@UModSys@@2U123@A@@YAXXZ 0040f99c f    CIL library: CIL module
 0001:0000e9a6       ??__F?s_library@RModuleLibraryReg_Chain@base@UModSys@@2U123@A@@YAXXZ 0040f9a6 f    CIL library: CIL module
 0001:0000e9b1       ??__F?root@SUniquePointer@core@UModSys@@2U123@A@@YAXXZ 0040f9b1 f    CIL library: CIL module

 Exports

  ordinal    name

        1    _UModSys_Plugin_Entry2@0
