 umodsysc

 Timestamp is 527368ab (Fri Nov 01 11:39:07 2013)

 Preferred load address is 00400000

 Start         Length     Name                   Class
 0001:00000000 0000a4bcH .text                   CODE
 0001:0000a4bc 00000455H .text$x                 CODE
 0001:0000a911 000006fdH .text$yc                CODE
 0001:0000b00e 000002bdH .text$yd                CODE
 0002:00000000 000001bcH .idata$5                DATA
 0002:000001bc 00000004H .CRT$XCA                DATA
 0002:000001c0 00000004H .CRT$XCAA               DATA
 0002:000001c4 00000294H .CRT$XCU                DATA
 0002:00000458 00000004H .CRT$XCZ                DATA
 0002:0000045c 00000004H .CRT$XIA                DATA
 0002:00000460 00000004H .CRT$XIAA               DATA
 0002:00000464 00000004H .CRT$XIY                DATA
 0002:00000468 00000004H .CRT$XIZ                DATA
 0002:00000470 00001ac8H .rdata                  DATA
 0002:00001f38 000012acH .rdata$r                DATA
 0002:000031f0 000000acH .rdata$sxdata           DATA
 0002:0000329c 00000004H .rtc$IAA                DATA
 0002:000032a0 00000004H .rtc$IZZ                DATA
 0002:000032a4 00000004H .rtc$TAA                DATA
 0002:000032a8 00000004H .rtc$TZZ                DATA
 0002:000032b0 00000970H .xdata$x                DATA
 0002:00003c20 00000050H .idata$2                DATA
 0002:00003c70 00000014H .idata$3                DATA
 0002:00003c84 000001bcH .idata$4                DATA
 0002:00003e40 00000752H .idata$6                DATA
 0002:000045a0 00000058H .edata                  DATA
 0003:00000000 00000cd0H .data                   DATA
 0003:00000cd0 000029d4H .bss                    DATA

  Address         Publics by Value              Rva+Base       Lib:Object

 0000:00000000       __except_list              00000000     <absolute>
 0000:0000002b       ___safe_se_handler_count   0000002b     <absolute>
 0000:00009876       __ldused                   00009876     <absolute>
 0000:00009876       __fltused                  00009876     <absolute>
 0000:00000000       ___ImageBase               00400000     <linker-defined>
 0001:00000000       _main                      00401000 f   umodsys.c_main.obj
 0001:0000018a       ??0?$TString@U?$TSCoreConst@D@su@tl@UModSys@@U?$TComparerBinaryHash@D@234@@tl@UModSys@@QAE@PBD@Z 0040118a f i umodsys.c_main.obj
 0001:000001a4       ?set@?$TString@U?$TSCoreConst@D@su@tl@UModSys@@U?$TComparerBinaryHash@D@234@@tl@UModSys@@QAEXPBD@Z 004011a4 f i umodsys.c_main.obj
 0001:000001cd       ?update@?$TComparerBinaryHash@D@su@tl@UModSys@@QAEXPBDI@Z 004011cd f i umodsys.c_main.obj
 0001:000001f9       ??1SMemShared@core@UModSys@@QAE@XZ 004011f9 f i umodsys_lib_libmedia:umodsys.mod.media.std.obj
 0001:000001f9       ??1SCMemShared@core@UModSys@@QAE@XZ 004011f9 f i umodsys_lib_libmedia:umodsys.mod.media.std.obj
 0001:000001f9       ??1SInfo@IBinObjFilter@libmedia@UModSys@@QAE@XZ 004011f9 f i umodsys_lib_libmedia:umodsys.mod.media.std.obj
 0001:00000205       ??6SUniquePtrList@core@UModSys@@QAEAAU012@PBUSUniquePointerInfo@12@@Z 00401205 f i umodsys_lib_libmedia:umodsys.mod.media.std.obj
 0001:00000221       ??2IRoot@core@UModSys@@SAPAXIABUSIMemAlloc@12@@Z 00401221 f i umodsys_lib_libmedia:umodsys.mod.media.std.obj
 0001:00000243       ??3IRoot@core@UModSys@@SAXPAXABUSIMemAlloc@12@@Z 00401243 f i umodsys_lib_libmedia:umodsys.mod.media.std.obj
 0001:0000025c       ?_root_get_other_interface@IRefObject@core@UModSys@@IAEPAUIRoot@23@PBUSUniquePointerInfo@23@@Z 0040125c f i umodsys_lib_libmedia:umodsys.mod.media.std.obj
 0001:0000025c       ?_root_get_other_interface@IRefObject@core@UModSys@@IBEPBUIRoot@23@PBUSUniquePointerInfo@23@@Z 0040125c f i umodsys_lib_libmedia:umodsys.mod.media.std.obj
 0001:0000027d       ?_root_get_interface_types@IRefObject@core@UModSys@@SAIAAUSUniquePtrList@23@@Z 0040127d f i umodsys_lib_libmedia:umodsys.mod.media.std.obj
 0001:0000029d       ?_root_is_interface_supported@IRefObject@core@UModSys@@SA_NPBUSUniquePointerInfo@23@@Z 0040129d f i umodsys_lib_libmedia:umodsys.mod.media.std.obj
 0001:000002b4       ??$seq@D@su@tl@UModSys@@YA_NPBD0I@Z 004012b4 f i umodsys_lib_libmedia:umodsys.mod.media.std.obj
 0001:000002cf       ?_root_get_other_interface@IGenerator@base@UModSys@@IBEPBUIRoot@core@3@PBUSUniquePointerInfo@53@@Z 004012cf f i umodsys_lib_libmedia:umodsys.mod.media.std.obj
 0001:000002cf       ?_root_get_other_interface@IGenerator@base@UModSys@@IAEPAUIRoot@core@3@PBUSUniquePointerInfo@53@@Z 004012cf f i umodsys_lib_libmedia:umodsys.mod.media.std.obj
 0001:000002eb       ?_root_is_interface_supported@IGenerator@base@UModSys@@SA_NPBUSUniquePointerInfo@core@3@@Z 004012eb f i umodsys_lib_libmedia:umodsys.mod.media.std.obj
 0001:0000030b       ?get_flag@RResolverChain@SFlagsChain@libmedia@UModSys@@UBE?AW4eStates@?$TFlags4State@USMediaFlagUid@libmedia@UModSys@@I@tl@4@H@Z 0040130b f i umodsys_lib_libmedia:umodsys.mod.media.std.obj
 0001:00000331       ?_root_get_interface_types@ILibrary@libmedia@UModSys@@SAIAAUSUniquePtrList@core@3@@Z 00401331 f i umodsys_lib_libmedia:umodsys.mod.media.std.obj
 0001:0000034b       ?_root_is_interface_supported@ILibrary@libmedia@UModSys@@SA_NPBUSUniquePointerInfo@core@3@@Z 0040134b f i umodsys_lib_libmedia:umodsys.mod.media.std.obj
 0001:00000363       ??1SLayer@ILibraryLayered@libmedia@UModSys@@QAE@XZ 00401363 f i umodsys_lib_libmedia:umodsys.mod.media.std.obj
 0001:00000363       ??1SPoint@ILibraryBinTree@libmedia@UModSys@@QAE@XZ 00401363 f i umodsys_lib_libmedia:umodsys.mod.media.std.obj
 0001:00000374       ?root_get_interface_info@RLibraryBinCache@std@media@modules@UModSys@@UBEABUSUniquePointerInfo@core@5@XZ 00401374 f i umodsys_lib_libmedia:umodsys.mod.media.std.obj
 0001:0000037a       ?root_get_interface_type@RLibraryBinCache@std@media@modules@UModSys@@UBEPBUSUniquePointerInfo@core@5@XZ 0040137a f i umodsys_lib_libmedia:umodsys.mod.media.std.obj
 0001:00000380       ?root_get_other_interface@RLibraryBinCache@std@media@modules@UModSys@@UAEPAUIRoot@core@5@PBUSUniquePointerInfo@75@@Z 00401380 f i umodsys_lib_libmedia:umodsys.mod.media.std.obj
 0001:00000380       ?root_get_other_interface@RLibraryBinCache@std@media@modules@UModSys@@UBEPBUIRoot@core@5@PBUSUniquePointerInfo@75@@Z 00401380 f i umodsys_lib_libmedia:umodsys.mod.media.std.obj
 0001:000003a9       ?root_is_interface_supported@RLibraryBinCache@std@media@modules@UModSys@@UBE_NPBUSUniquePointerInfo@core@5@@Z 004013a9 f i umodsys_lib_libmedia:umodsys.mod.media.std.obj
 0001:000003d0       ??0RLibraryBinCache@std@media@modules@UModSys@@QAE@PAUIModObject@base@4@ABUSParameters@core@4@U?$TFlags4State@USMediaFlagUid@libmedia@UModSys@@I@tl@4@@Z 004013d0 f i umodsys_lib_libmedia:umodsys.mod.media.std.obj
 0001:0000042b       ?get_flags_auto@RLibraryBinCache@std@media@modules@UModSys@@UBE?AU?$TFlags4State@USMediaFlagUid@libmedia@UModSys@@I@tl@5@XZ 0040142b f i umodsys_lib_libmedia:umodsys.mod.media.std.obj
 0001:0000043a       ?bin_load@RLibraryBinCache@std@media@modules@UModSys@@UAE_NABU?$TString@U?$TSCoreConst@D@su@tl@UModSys@@U?$TComparerBinaryHash@D@234@@tl@5@AAUSCMemShared@core@5@ABUSFlags@libmedia@5@@Z 0040143a f i umodsys_lib_libmedia:umodsys.mod.media.std.obj
 0001:00000491       ?bin_put@RLibraryBinCache@std@media@modules@UModSys@@UAE_NABU?$TString@U?$TSCoreConst@D@su@tl@UModSys@@U?$TComparerBinaryHash@D@234@@tl@5@PBUSCMemShared@core@5@@Z 00401491 f i umodsys_lib_libmedia:umodsys.mod.media.std.obj
 0001:000004a7       ?filter_save@RMediaFilter@images_std@media@modules@UModSys@@UAE_NAAUSInfo@IBinObjFilter@libmedia@5@PBUIRefObject@core@5@@Z 004014a7 f i umodsys_lib_libmedia:umodsys.mod.media.images_std.obj
 0001:000004a7       ?obj_fload@RLibraryBinTree@std@media@modules@UModSys@@UAE_NABUSInfo@IBinObjFilter@libmedia@5@PAUIRefObject@core@5@@Z 004014a7 f i umodsys_lib_libmedia:umodsys.mod.media.std.obj
 0001:000004a7       ?bin_put@RLibraryBinTree@std@media@modules@UModSys@@UAE_NABU?$TString@U?$TSCoreConst@D@su@tl@UModSys@@U?$TComparerBinaryHash@D@234@@tl@5@PBUSCMemShared@core@5@@Z 004014a7 f i umodsys_lib_libmedia:umodsys.mod.media.std.obj
 0001:000004a7       ?bin_put@RLibraryObjCache@std@media@modules@UModSys@@UAE_NABU?$TString@U?$TSCoreConst@D@su@tl@UModSys@@U?$TComparerBinaryHash@D@234@@tl@5@PBUSCMemShared@core@5@@Z 004014a7 f i umodsys_lib_libmedia:umodsys.mod.media.std.obj
 0001:000004a7       ?obj_fget@RLibraryBinTree@std@media@modules@UModSys@@UAE_NABUSInfo@IBinObjFilter@libmedia@5@AAU?$TRefObject@UIRefObject@core@UModSys@@U?$TRefObjectFunc@UIRefObject@core@UModSys@@@tl@3@@tl@5@@Z 004014a7 f i umodsys_lib_libmedia:umodsys.mod.media.std.obj
 0001:000004a7       ?obj_cput@RLibraryBinTree@std@media@modules@UModSys@@UAE_NABU?$TString@U?$TSCoreConst@D@su@tl@UModSys@@U?$TComparerBinaryHash@D@234@@tl@5@PAUIRefObject@core@5@@Z 004014a7 f i umodsys_lib_libmedia:umodsys.mod.media.std.obj
 0001:000004a7       ?filter_load@RMediaFilter@images_std@media@modules@UModSys@@UAE_NABUSInfo@IBinObjFilter@libmedia@5@AAU?$TRefObject@UIRefObject@core@UModSys@@U?$TRefObjectFunc@UIRefObject@core@UModSys@@@tl@3@@tl@5@@Z 004014a7 f i umodsys_lib_libmedia:umodsys.mod.media.images_std.obj
 0001:000004a7       ?obj_fsave@RLibraryObjCache@std@media@modules@UModSys@@UAE_NAAUSInfo@IBinObjFilter@libmedia@5@PBUIRefObject@core@5@@Z 004014a7 f i umodsys_lib_libmedia:umodsys.mod.media.std.obj
 0001:000004a7       ?bin_put@RLibraryObjFilter@std@media@modules@UModSys@@UAE_NABU?$TString@U?$TSCoreConst@D@su@tl@UModSys@@U?$TComparerBinaryHash@D@234@@tl@5@PBUSCMemShared@core@5@@Z 004014a7 f i umodsys_lib_libmedia:umodsys.mod.media.std.obj
 0001:000004a7       ?obj_fload@RLibraryBinCache@std@media@modules@UModSys@@UAE_NABUSInfo@IBinObjFilter@libmedia@5@PAUIRefObject@core@5@@Z 004014a7 f i umodsys_lib_libmedia:umodsys.mod.media.std.obj
 0001:000004a7       ?obj_fsave@RLibraryBinCache@std@media@modules@UModSys@@UAE_NAAUSInfo@IBinObjFilter@libmedia@5@PBUIRefObject@core@5@@Z 004014a7 f i umodsys_lib_libmedia:umodsys.mod.media.std.obj
 0001:000004a7       ?obj_fget@RLibraryBinCache@std@media@modules@UModSys@@UAE_NABUSInfo@IBinObjFilter@libmedia@5@AAU?$TRefObject@UIRefObject@core@UModSys@@U?$TRefObjectFunc@UIRefObject@core@UModSys@@@tl@3@@tl@5@@Z 004014a7 f i umodsys_lib_libmedia:umodsys.mod.media.std.obj
 0001:000004a7       ?obj_cput@RLibraryObjFilter@std@media@modules@UModSys@@UAE_NABU?$TString@U?$TSCoreConst@D@su@tl@UModSys@@U?$TComparerBinaryHash@D@234@@tl@5@PAUIRefObject@core@5@@Z 004014a7 f i umodsys_lib_libmedia:umodsys.mod.media.std.obj
 0001:000004a7       ?obj_fload@RLibraryObjCache@std@media@modules@UModSys@@UAE_NABUSInfo@IBinObjFilter@libmedia@5@PAUIRefObject@core@5@@Z 004014a7 f i umodsys_lib_libmedia:umodsys.mod.media.std.obj
 0001:000004a7       ?obj_fget@RLibraryObjCache@std@media@modules@UModSys@@UAE_NABUSInfo@IBinObjFilter@libmedia@5@AAU?$TRefObject@UIRefObject@core@UModSys@@U?$TRefObjectFunc@UIRefObject@core@UModSys@@@tl@3@@tl@5@@Z 004014a7 f i umodsys_lib_libmedia:umodsys.mod.media.std.obj
 0001:000004a7       ?obj_cput@RLibraryBinCache@std@media@modules@UModSys@@UAE_NABU?$TString@U?$TSCoreConst@D@su@tl@UModSys@@U?$TComparerBinaryHash@D@234@@tl@5@PAUIRefObject@core@5@@Z 004014a7 f i umodsys_lib_libmedia:umodsys.mod.media.std.obj
 0001:000004a7       ?obj_fsave@RLibraryBinTree@std@media@modules@UModSys@@UAE_NAAUSInfo@IBinObjFilter@libmedia@5@PBUIRefObject@core@5@@Z 004014a7 f i umodsys_lib_libmedia:umodsys.mod.media.std.obj
 0001:000004ac       ?bincache_get@RLibraryBinCache@std@media@modules@UModSys@@UBE_NABU?$TString@U?$TSCoreConst@D@su@tl@UModSys@@U?$TComparerBinaryHash@D@234@@tl@5@PAUSCMemShared@core@5@PA_N@Z 004014ac f i umodsys_lib_libmedia:umodsys.mod.media.std.obj
 0001:00000517       ?bincache_add@RLibraryBinCache@std@media@modules@UModSys@@UAE_NABU?$TString@U?$TSCoreConst@D@su@tl@UModSys@@U?$TComparerBinaryHash@D@234@@tl@5@@Z 00401517 f i umodsys_lib_libmedia:umodsys.mod.media.std.obj
 0001:00000545       ?bincache_add@RLibraryBinCache@std@media@modules@UModSys@@UAE_NABU?$TString@U?$TSCoreConst@D@su@tl@UModSys@@U?$TComparerBinaryHash@D@234@@tl@5@ABUSCMemShared@core@5@@Z 00401545 f i umodsys_lib_libmedia:umodsys.mod.media.std.obj
 0001:00000557       ?bincache_remove@RLibraryBinCache@std@media@modules@UModSys@@UAE_NABU?$TString@U?$TSCoreConst@D@su@tl@UModSys@@U?$TComparerBinaryHash@D@234@@tl@5@@Z 00401557 f i umodsys_lib_libmedia:umodsys.mod.media.std.obj
 0001:0000058e       ?bincache_clear@RLibraryBinCache@std@media@modules@UModSys@@UAE_NXZ 0040158e f i umodsys_lib_libmedia:umodsys.mod.media.std.obj
 0001:000005ac       ?bincache_add@RLibraryBinCache@std@media@modules@UModSys@@QAE_NABU?$TString@U?$TSCoreConst@D@su@tl@UModSys@@U?$TComparerBinaryHash@D@234@@tl@5@ABUSCMemShared@core@5@_N@Z 004015ac f i umodsys_lib_libmedia:umodsys.mod.media.std.obj
 0001:0000066a       ??_ERLibraryBinCache@std@media@modules@UModSys@@UAEPAXI@Z 0040166a f i  CIL library: CIL module
 0001:0000066a       ??_GRLibraryBinCache@std@media@modules@UModSys@@UAEPAXI@Z 0040166a f i umodsys_lib_libmedia:umodsys.mod.media.std.obj
 0001:000006c7       ??_ERGenerator@images_std@media@modules@UModSys@@UAEPAXI@Z 004016c7 f i  CIL library: CIL module
 0001:000006c7       ??_GRGenerator@std@media@modules@UModSys@@UAEPAXI@Z 004016c7 f i umodsys_lib_libmedia:umodsys.mod.media.std.obj
 0001:000006c7       ??_GRGenerator@stdio@media@modules@UModSys@@UAEPAXI@Z 004016c7 f i umodsys_lib_libmedia:umodsys.mod.media.stdio.obj
 0001:000006c7       ??_GRParameters@rsystem@base@UModSys@@UAEPAXI@Z 004016c7 f i umodsys_lib_basesys:umodsys.basesys.rparameters.obj
 0001:000006c7       ??_GRGenerator@images_std@media@modules@UModSys@@UAEPAXI@Z 004016c7 f i umodsys_lib_libmedia:umodsys.mod.media.images_std.obj
 0001:000006c7       ??_ERGenerator@stdio@media@modules@UModSys@@UAEPAXI@Z 004016c7 f i  CIL library: CIL module
 0001:000006c7       ??_ERGenerator@std@media@modules@UModSys@@UAEPAXI@Z 004016c7 f i  CIL library: CIL module
 0001:000006c7       ??_GIRoot@core@UModSys@@UAEPAXI@Z 004016c7 f i umodsys_lib_libmedia:umodsys.mod.media.std.obj
 0001:000006c7       ??_ERParameters@rsystem@base@UModSys@@UAEPAXI@Z 004016c7 f i  CIL library: CIL module
 0001:000006c7       ??_EIRoot@core@UModSys@@UAEPAXI@Z 004016c7 f i  CIL library: CIL module
 0001:000006e4       ?root_get_interface_info@RLibraryBinTree@std@media@modules@UModSys@@UBEABUSUniquePointerInfo@core@5@XZ 004016e4 f i umodsys_lib_libmedia:umodsys.mod.media.std.obj
 0001:000006ea       ?root_get_interface_type@RLibraryBinTree@std@media@modules@UModSys@@UBEPBUSUniquePointerInfo@core@5@XZ 004016ea f i umodsys_lib_libmedia:umodsys.mod.media.std.obj
 0001:000006f0       ?root_get_other_interface@RLibraryBinTree@std@media@modules@UModSys@@UBEPBUIRoot@core@5@PBUSUniquePointerInfo@75@@Z 004016f0 f i umodsys_lib_libmedia:umodsys.mod.media.std.obj
 0001:000006f0       ?root_get_other_interface@RLibraryBinTree@std@media@modules@UModSys@@UAEPAUIRoot@core@5@PBUSUniquePointerInfo@75@@Z 004016f0 f i umodsys_lib_libmedia:umodsys.mod.media.std.obj
 0001:00000719       ?root_is_interface_supported@RLibraryBinTree@std@media@modules@UModSys@@UBE_NPBUSUniquePointerInfo@core@5@@Z 00401719 f i umodsys_lib_libmedia:umodsys.mod.media.std.obj
 0001:00000740       ?ref_remove@RMediaFilter@images_std@media@modules@UModSys@@UBEXXZ 00401740 f i umodsys_lib_libmedia:umodsys.mod.media.images_std.obj
 0001:00000740       ?ref_remove@RLibraryObjCache@std@media@modules@UModSys@@UBEXXZ 00401740 f i umodsys_lib_libmedia:umodsys.mod.media.std.obj
 0001:00000740       ?ref_remove@RLibraryBinCache@std@media@modules@UModSys@@UBEXXZ 00401740 f i umodsys_lib_libmedia:umodsys.mod.media.std.obj
 0001:00000740       ?ref_remove@RDataArchiver_OsDir@stdio@media@modules@UModSys@@UBEXXZ 00401740 f i umodsys_lib_libmedia:umodsys.mod.media.stdio.obj
 0001:00000740       ?ref_remove@RLibraryBinTree@std@media@modules@UModSys@@UBEXXZ 00401740 f i umodsys_lib_libmedia:umodsys.mod.media.std.obj
 0001:00000740       ?ref_remove@RLibraryLayered@std@media@modules@UModSys@@UBEXXZ 00401740 f i umodsys_lib_libmedia:umodsys.mod.media.std.obj
 0001:00000740       ?ref_remove@RLibraryObjFilter@std@media@modules@UModSys@@UBEXXZ 00401740 f i umodsys_lib_libmedia:umodsys.mod.media.std.obj
 0001:0000074b       ?ref_weak@RLibraryObjFilter@std@media@modules@UModSys@@UBE_NAAUWeakPointer@IRefObject@core@5@@Z 0040174b f i umodsys_lib_libmedia:umodsys.mod.media.std.obj
 0001:0000074b       ?ref_weak@RLibraryObjCache@std@media@modules@UModSys@@UBE_NAAUWeakPointer@IRefObject@core@5@@Z 0040174b f i umodsys_lib_libmedia:umodsys.mod.media.std.obj
 0001:0000074b       ?ref_weak@RLibraryLayered@std@media@modules@UModSys@@UBE_NAAUWeakPointer@IRefObject@core@5@@Z 0040174b f i umodsys_lib_libmedia:umodsys.mod.media.std.obj
 0001:0000074b       ?ref_weak@RMediaFilter@images_std@media@modules@UModSys@@UBE_NAAUWeakPointer@IRefObject@core@5@@Z 0040174b f i umodsys_lib_libmedia:umodsys.mod.media.images_std.obj
 0001:0000074b       ?ref_weak@RLibraryBinTree@std@media@modules@UModSys@@UBE_NAAUWeakPointer@IRefObject@core@5@@Z 0040174b f i umodsys_lib_libmedia:umodsys.mod.media.std.obj
 0001:0000074b       ?ref_weak@RDataArchiver_OsDir@stdio@media@modules@UModSys@@UBE_NAAUWeakPointer@IRefObject@core@5@@Z 0040174b f i umodsys_lib_libmedia:umodsys.mod.media.stdio.obj
 0001:0000074b       ?ref_weak@RLibraryBinCache@std@media@modules@UModSys@@UBE_NAAUWeakPointer@IRefObject@core@5@@Z 0040174b f i umodsys_lib_libmedia:umodsys.mod.media.std.obj
 0001:0000076a       ?suicide@RLibraryLayered@std@media@modules@UModSys@@UAEXXZ 0040176a f i umodsys_lib_libmedia:umodsys.mod.media.std.obj
 0001:0000076a       ?suicide@RLibraryObjCache@std@media@modules@UModSys@@UAEXXZ 0040176a f i umodsys_lib_libmedia:umodsys.mod.media.std.obj
 0001:0000076a       ?suicide@RMediaFilter@images_std@media@modules@UModSys@@UAEXXZ 0040176a f i umodsys_lib_libmedia:umodsys.mod.media.images_std.obj
 0001:0000076a       ?suicide@RDataArchiver_OsDir@stdio@media@modules@UModSys@@UAEXXZ 0040176a f i umodsys_lib_libmedia:umodsys.mod.media.stdio.obj
 0001:0000076a       ?suicide@RLibraryBinTree@std@media@modules@UModSys@@UAEXXZ 0040176a f i umodsys_lib_libmedia:umodsys.mod.media.std.obj
 0001:0000076a       ?suicide@RLibraryBinCache@std@media@modules@UModSys@@UAEXXZ 0040176a f i umodsys_lib_libmedia:umodsys.mod.media.std.obj
 0001:0000076a       ?suicide@RLibraryObjFilter@std@media@modules@UModSys@@UAEXXZ 0040176a f i umodsys_lib_libmedia:umodsys.mod.media.std.obj
 0001:000007b1       ??0RLibraryBinTree@std@media@modules@UModSys@@QAE@PAUIModObject@base@4@ABUSParameters@core@4@U?$TFlags4State@USMediaFlagUid@libmedia@UModSys@@I@tl@4@@Z 004017b1 f i umodsys_lib_libmedia:umodsys.mod.media.std.obj
 0001:0000080c       ?get_flags_auto@RLibraryBinTree@std@media@modules@UModSys@@UBE?AU?$TFlags4State@USMediaFlagUid@libmedia@UModSys@@I@tl@5@XZ 0040180c f i umodsys_lib_libmedia:umodsys.mod.media.std.obj
 0001:0000081b       ?set_flag@RLibraryObjFilter@std@media@modules@UModSys@@UAE?AW4eStates@?$TFlags4State@USMediaFlagUid@libmedia@UModSys@@I@tl@5@HW46785@@Z 0040181b f i umodsys_lib_libmedia:umodsys.mod.media.std.obj
 0001:0000081b       ?set_flag@RLibraryObjCache@std@media@modules@UModSys@@UAE?AW4eStates@?$TFlags4State@USMediaFlagUid@libmedia@UModSys@@I@tl@5@HW46785@@Z 0040181b f i umodsys_lib_libmedia:umodsys.mod.media.std.obj
 0001:0000081b       ?set_flag@RLibraryBinTree@std@media@modules@UModSys@@UAE?AW4eStates@?$TFlags4State@USMediaFlagUid@libmedia@UModSys@@I@tl@5@HW46785@@Z 0040181b f i umodsys_lib_libmedia:umodsys.mod.media.std.obj
 0001:0000081b       ?set_flag@RLibraryBinCache@std@media@modules@UModSys@@UAE?AW4eStates@?$TFlags4State@USMediaFlagUid@libmedia@UModSys@@I@tl@5@HW46785@@Z 0040181b f i umodsys_lib_libmedia:umodsys.mod.media.std.obj
 0001:00000848       ?bin_reader@RLibraryBinTree@std@media@modules@UModSys@@UAE?AU?$TRefObject@UIStreamReader@libmedia@UModSys@@U?$TRefObjectFunc@UIStreamReader@libmedia@UModSys@@@tl@3@@tl@5@ABU?$TString@U?$TSCoreConst@D@su@tl@UModSys@@U?$TComparerBinaryHash@D@234@@75@ABUSFlags@libmedia@5@@Z 00401848 f i umodsys_lib_libmedia:umodsys.mod.media.std.obj
 0001:00000939       ?bin_writer@RLibraryBinTree@std@media@modules@UModSys@@UAE?AU?$TRefObject@UIStreamWriter@libmedia@UModSys@@U?$TRefObjectFunc@UIStreamWriter@libmedia@UModSys@@@tl@3@@tl@5@ABU?$TString@U?$TSCoreConst@D@su@tl@UModSys@@U?$TComparerBinaryHash@D@234@@75@ABUSFlags@libmedia@5@@Z 00401939 f i umodsys_lib_libmedia:umodsys.mod.media.std.obj
 0001:00000a2a       ?bin_load@RLibraryBinTree@std@media@modules@UModSys@@UAE_NABU?$TString@U?$TSCoreConst@D@su@tl@UModSys@@U?$TComparerBinaryHash@D@234@@tl@5@AAUSCMemShared@core@5@ABUSFlags@libmedia@5@@Z 00401a2a f i umodsys_lib_libmedia:umodsys.mod.media.std.obj
 0001:00000ada       ?bin_save@RLibraryBinTree@std@media@modules@UModSys@@UAE_NABU?$TString@U?$TSCoreConst@D@su@tl@UModSys@@U?$TComparerBinaryHash@D@234@@tl@5@ABUSCMem@core@5@ABUSFlags@libmedia@5@@Z 00401ada f i umodsys_lib_libmedia:umodsys.mod.media.std.obj
 0001:00000b80       ?obj_save@RLibraryObjFilter@std@media@modules@UModSys@@UAE_NABU?$TString@U?$TSCoreConst@D@su@tl@UModSys@@U?$TComparerBinaryHash@D@234@@tl@5@PBUIRefObject@core@5@ABUSObjOptions@ILibrary@libmedia@5@@Z 00401b80 f i umodsys_lib_libmedia:umodsys.mod.media.std.obj
 0001:00000b80       ?obj_save@RLibraryBinTree@std@media@modules@UModSys@@UAE_NABU?$TString@U?$TSCoreConst@D@su@tl@UModSys@@U?$TComparerBinaryHash@D@234@@tl@5@PBUIRefObject@core@5@ABUSObjOptions@ILibrary@libmedia@5@@Z 00401b80 f i umodsys_lib_libmedia:umodsys.mod.media.std.obj
 0001:00000b80       ?bin_info@RLibraryBinCache@std@media@modules@UModSys@@UAE_NABU?$TString@U?$TSCoreConst@D@su@tl@UModSys@@U?$TComparerBinaryHash@D@234@@tl@5@AAU?$TIStackSocket@USFileInfo@libmedia@UModSys@@@75@ABUSFlags@libmedia@5@@Z 00401b80 f i umodsys_lib_libmedia:umodsys.mod.media.std.obj
 0001:00000b80       ?bin_save@RLibraryObjCache@std@media@modules@UModSys@@UAE_NABU?$TString@U?$TSCoreConst@D@su@tl@UModSys@@U?$TComparerBinaryHash@D@234@@tl@5@ABUSCMem@core@5@ABUSFlags@libmedia@5@@Z 00401b80 f i umodsys_lib_libmedia:umodsys.mod.media.std.obj
 0001:00000b80       ?bin_save@RLibraryBinCache@std@media@modules@UModSys@@UAE_NABU?$TString@U?$TSCoreConst@D@su@tl@UModSys@@U?$TComparerBinaryHash@D@234@@tl@5@ABUSCMem@core@5@ABUSFlags@libmedia@5@@Z 00401b80 f i umodsys_lib_libmedia:umodsys.mod.media.std.obj
 0001:00000b80       ?obj_get@RLibraryBinTree@std@media@modules@UModSys@@UAE_NABU?$TString@U?$TSCoreConst@D@su@tl@UModSys@@U?$TComparerBinaryHash@D@234@@tl@5@AAU?$TRefObject@UIRefObject@core@UModSys@@U?$TRefObjectFunc@UIRefObject@core@UModSys@@@tl@3@@75@ABUSObjOptions@ILibrary@libmedia@5@@Z 00401b80 f i umodsys_lib_libmedia:umodsys.mod.media.std.obj
 0001:00000b80       ?bin_info@RLibraryObjCache@std@media@modules@UModSys@@UAE_NABU?$TString@U?$TSCoreConst@D@su@tl@UModSys@@U?$TComparerBinaryHash@D@234@@tl@5@AAUSFileInfo@libmedia@5@ABUSFlags@95@@Z 00401b80 f i umodsys_lib_libmedia:umodsys.mod.media.std.obj
 0001:00000b80       ?bin_get@RLibraryObjFilter@std@media@modules@UModSys@@UAE_NABU?$TString@U?$TSCoreConst@D@su@tl@UModSys@@U?$TComparerBinaryHash@D@234@@tl@5@AAUSCMemShared@core@5@_N@Z 00401b80 f i umodsys_lib_libmedia:umodsys.mod.media.std.obj
 0001:00000b80       ?bin_get@RLibraryBinTree@std@media@modules@UModSys@@UAE_NABU?$TString@U?$TSCoreConst@D@su@tl@UModSys@@U?$TComparerBinaryHash@D@234@@tl@5@AAUSCMemShared@core@5@_N@Z 00401b80 f i umodsys_lib_libmedia:umodsys.mod.media.std.obj
 0001:00000b80       ?obj_load@RLibraryObjCache@std@media@modules@UModSys@@UAE_NABU?$TString@U?$TSCoreConst@D@su@tl@UModSys@@U?$TComparerBinaryHash@D@234@@tl@5@PAUIRefObject@core@5@ABUSObjOptions@ILibrary@libmedia@5@@Z 00401b80 f i umodsys_lib_libmedia:umodsys.mod.media.std.obj
 0001:00000b80       ?obj_cget@RLibraryBinCache@std@media@modules@UModSys@@UAE_NABU?$TString@U?$TSCoreConst@D@su@tl@UModSys@@U?$TComparerBinaryHash@D@234@@tl@5@AAU?$TRefObject@UIRefObject@core@UModSys@@U?$TRefObjectFunc@UIRefObject@core@UModSys@@@tl@3@@75@_N@Z 00401b80 f i umodsys_lib_libmedia:umodsys.mod.media.std.obj
 0001:00000b80       ?bin_info@RLibraryObjFilter@std@media@modules@UModSys@@UAE_NABU?$TString@U?$TSCoreConst@D@su@tl@UModSys@@U?$TComparerBinaryHash@D@234@@tl@5@AAU?$TIStackSocket@USFileInfo@libmedia@UModSys@@@75@ABUSFlags@libmedia@5@@Z 00401b80 f i umodsys_lib_libmedia:umodsys.mod.media.std.obj
 0001:00000b80       ?bin_load@RLibraryObjCache@std@media@modules@UModSys@@UAE_NABU?$TString@U?$TSCoreConst@D@su@tl@UModSys@@U?$TComparerBinaryHash@D@234@@tl@5@AAUSCMemShared@core@5@ABUSFlags@libmedia@5@@Z 00401b80 f i umodsys_lib_libmedia:umodsys.mod.media.std.obj
 0001:00000b80       ?bin_info@RLibraryBinTree@std@media@modules@UModSys@@UAE_NABU?$TString@U?$TSCoreConst@D@su@tl@UModSys@@U?$TComparerBinaryHash@D@234@@tl@5@AAU?$TIStackSocket@USFileInfo@libmedia@UModSys@@@75@ABUSFlags@libmedia@5@@Z 00401b80 f i umodsys_lib_libmedia:umodsys.mod.media.std.obj
 0001:00000b80       ?bin_info@RLibraryBinTree@std@media@modules@UModSys@@UAE_NABU?$TString@U?$TSCoreConst@D@su@tl@UModSys@@U?$TComparerBinaryHash@D@234@@tl@5@AAUSFileInfo@libmedia@5@ABUSFlags@95@@Z 00401b80 f i umodsys_lib_libmedia:umodsys.mod.media.std.obj
 0001:00000b80       ?bin_get@RLibraryObjCache@std@media@modules@UModSys@@UAE_NABU?$TString@U?$TSCoreConst@D@su@tl@UModSys@@U?$TComparerBinaryHash@D@234@@tl@5@AAUSCMemShared@core@5@_N@Z 00401b80 f i umodsys_lib_libmedia:umodsys.mod.media.std.obj
 0001:00000b80       ?obj_cget@RLibraryObjFilter@std@media@modules@UModSys@@UAE_NABU?$TString@U?$TSCoreConst@D@su@tl@UModSys@@U?$TComparerBinaryHash@D@234@@tl@5@AAU?$TRefObject@UIRefObject@core@UModSys@@U?$TRefObjectFunc@UIRefObject@core@UModSys@@@tl@3@@75@_N@Z 00401b80 f i umodsys_lib_libmedia:umodsys.mod.media.std.obj
 0001:00000b80       ?obj_get@RLibraryObjFilter@std@media@modules@UModSys@@UAE_NABU?$TString@U?$TSCoreConst@D@su@tl@UModSys@@U?$TComparerBinaryHash@D@234@@tl@5@AAU?$TRefObject@UIRefObject@core@UModSys@@U?$TRefObjectFunc@UIRefObject@core@UModSys@@@tl@3@@75@ABUSObjOptions@ILibrary@libmedia@5@@Z 00401b80 f i umodsys_lib_libmedia:umodsys.mod.media.std.obj
 0001:00000b80       ?vget_c@RConsole_std@rsystem@base@UModSys@@UAE_NPAHPBDPAD@Z 00401b80 f i umodsys_lib_basesys:umodsys.basesys.rconsole_std.obj
 0001:00000b80       ?bin_info@RLibraryBinCache@std@media@modules@UModSys@@UAE_NABU?$TString@U?$TSCoreConst@D@su@tl@UModSys@@U?$TComparerBinaryHash@D@234@@tl@5@AAUSFileInfo@libmedia@5@ABUSFlags@95@@Z 00401b80 f i umodsys_lib_libmedia:umodsys.mod.media.std.obj
 0001:00000b80       ?bin_info@RLibraryObjCache@std@media@modules@UModSys@@UAE_NABU?$TString@U?$TSCoreConst@D@su@tl@UModSys@@U?$TComparerBinaryHash@D@234@@tl@5@AAU?$TIStackSocket@USFileInfo@libmedia@UModSys@@@75@ABUSFlags@libmedia@5@@Z 00401b80 f i umodsys_lib_libmedia:umodsys.mod.media.std.obj
 0001:00000b80       ?bin_save@RLibraryObjFilter@std@media@modules@UModSys@@UAE_NABU?$TString@U?$TSCoreConst@D@su@tl@UModSys@@U?$TComparerBinaryHash@D@234@@tl@5@ABUSCMem@core@5@ABUSFlags@libmedia@5@@Z 00401b80 f i umodsys_lib_libmedia:umodsys.mod.media.std.obj
 0001:00000b80       ?bin_load@RLibraryObjFilter@std@media@modules@UModSys@@UAE_NABU?$TString@U?$TSCoreConst@D@su@tl@UModSys@@U?$TComparerBinaryHash@D@234@@tl@5@AAUSCMemShared@core@5@ABUSFlags@libmedia@5@@Z 00401b80 f i umodsys_lib_libmedia:umodsys.mod.media.std.obj
 0001:00000b80       ?obj_get@RLibraryBinCache@std@media@modules@UModSys@@UAE_NABU?$TString@U?$TSCoreConst@D@su@tl@UModSys@@U?$TComparerBinaryHash@D@234@@tl@5@AAU?$TRefObject@UIRefObject@core@UModSys@@U?$TRefObjectFunc@UIRefObject@core@UModSys@@@tl@3@@75@ABUSObjOptions@ILibrary@libmedia@5@@Z 00401b80 f i umodsys_lib_libmedia:umodsys.mod.media.std.obj
 0001:00000b80       ?obj_save@RLibraryBinCache@std@media@modules@UModSys@@UAE_NABU?$TString@U?$TSCoreConst@D@su@tl@UModSys@@U?$TComparerBinaryHash@D@234@@tl@5@PBUIRefObject@core@5@ABUSObjOptions@ILibrary@libmedia@5@@Z 00401b80 f i umodsys_lib_libmedia:umodsys.mod.media.std.obj
 0001:00000b80       ?obj_load@RLibraryObjFilter@std@media@modules@UModSys@@UAE_NABU?$TString@U?$TSCoreConst@D@su@tl@UModSys@@U?$TComparerBinaryHash@D@234@@tl@5@PAUIRefObject@core@5@ABUSObjOptions@ILibrary@libmedia@5@@Z 00401b80 f i umodsys_lib_libmedia:umodsys.mod.media.std.obj
 0001:00000b80       ?obj_save@RLibraryObjCache@std@media@modules@UModSys@@UAE_NABU?$TString@U?$TSCoreConst@D@su@tl@UModSys@@U?$TComparerBinaryHash@D@234@@tl@5@PBUIRefObject@core@5@ABUSObjOptions@ILibrary@libmedia@5@@Z 00401b80 f i umodsys_lib_libmedia:umodsys.mod.media.std.obj
 0001:00000b80       ?obj_load@RLibraryBinCache@std@media@modules@UModSys@@UAE_NABU?$TString@U?$TSCoreConst@D@su@tl@UModSys@@U?$TComparerBinaryHash@D@234@@tl@5@PAUIRefObject@core@5@ABUSObjOptions@ILibrary@libmedia@5@@Z 00401b80 f i umodsys_lib_libmedia:umodsys.mod.media.std.obj
 0001:00000b80       ?bin_info@RLibraryObjFilter@std@media@modules@UModSys@@UAE_NABU?$TString@U?$TSCoreConst@D@su@tl@UModSys@@U?$TComparerBinaryHash@D@234@@tl@5@AAUSFileInfo@libmedia@5@ABUSFlags@95@@Z 00401b80 f i umodsys_lib_libmedia:umodsys.mod.media.std.obj
 0001:00000b80       ?obj_cget@RLibraryBinTree@std@media@modules@UModSys@@UAE_NABU?$TString@U?$TSCoreConst@D@su@tl@UModSys@@U?$TComparerBinaryHash@D@234@@tl@5@AAU?$TRefObject@UIRefObject@core@UModSys@@U?$TRefObjectFunc@UIRefObject@core@UModSys@@@tl@3@@75@_N@Z 00401b80 f i umodsys_lib_libmedia:umodsys.mod.media.std.obj
 0001:00000b80       ?obj_load@RLibraryBinTree@std@media@modules@UModSys@@UAE_NABU?$TString@U?$TSCoreConst@D@su@tl@UModSys@@U?$TComparerBinaryHash@D@234@@tl@5@PAUIRefObject@core@5@ABUSObjOptions@ILibrary@libmedia@5@@Z 00401b80 f i umodsys_lib_libmedia:umodsys.mod.media.std.obj
 0001:00000b85       ?mount_get@RLibraryBinTree@std@media@modules@UModSys@@UBE?AUSPoint@ILibraryBinTree@libmedia@5@ABUSId@785@@Z 00401b85 f i umodsys_lib_libmedia:umodsys.mod.media.std.obj
 0001:00000bd4       ?mount_add@RLibraryBinTree@std@media@modules@UModSys@@UAE_NABUSId@ILibraryBinTree@libmedia@5@ABUSPoint@785@@Z 00401bd4 f i umodsys_lib_libmedia:umodsys.mod.media.std.obj
 0001:00000cac       ?mount_remove@RLibraryBinTree@std@media@modules@UModSys@@UAE_NABUSId@ILibraryBinTree@libmedia@5@@Z 00401cac f i umodsys_lib_libmedia:umodsys.mod.media.std.obj
 0001:00000ce3       ?mount_clear@RLibraryBinTree@std@media@modules@UModSys@@UAE_NXZ 00401ce3 f i umodsys_lib_libmedia:umodsys.mod.media.std.obj
 0001:00000d01       ??_ERLibraryBinTree@std@media@modules@UModSys@@UAEPAXI@Z 00401d01 f i  CIL library: CIL module
 0001:00000d01       ??_GRLibraryBinTree@std@media@modules@UModSys@@UAEPAXI@Z 00401d01 f i umodsys_lib_libmedia:umodsys.mod.media.std.obj
 0001:00000d5e       ?root_get_interface_info@RLibraryLayered@std@media@modules@UModSys@@UBEABUSUniquePointerInfo@core@5@XZ 00401d5e f i umodsys_lib_libmedia:umodsys.mod.media.std.obj
 0001:00000d64       ?root_get_interface_type@RLibraryLayered@std@media@modules@UModSys@@UBEPBUSUniquePointerInfo@core@5@XZ 00401d64 f i umodsys_lib_libmedia:umodsys.mod.media.std.obj
 0001:00000d6a       ?root_get_other_interface@RLibraryLayered@std@media@modules@UModSys@@UAEPAUIRoot@core@5@PBUSUniquePointerInfo@75@@Z 00401d6a f i umodsys_lib_libmedia:umodsys.mod.media.std.obj
 0001:00000d6a       ?root_get_other_interface@RLibraryLayered@std@media@modules@UModSys@@UBEPBUIRoot@core@5@PBUSUniquePointerInfo@75@@Z 00401d6a f i umodsys_lib_libmedia:umodsys.mod.media.std.obj
 0001:00000d93       ?root_is_interface_supported@RLibraryLayered@std@media@modules@UModSys@@UBE_NPBUSUniquePointerInfo@core@5@@Z 00401d93 f i umodsys_lib_libmedia:umodsys.mod.media.std.obj
 0001:00000dba       ??4SLayerX@RLibraryLayered@std@media@modules@UModSys@@QAEXABUSLayer@ILibraryLayered@libmedia@5@@Z 00401dba f i umodsys_lib_libmedia:umodsys.mod.media.std.obj
 0001:00000e1a       ??0RLibraryLayered@std@media@modules@UModSys@@QAE@PAUIModObject@base@4@ABUSParameters@core@4@U?$TFlags4State@USMediaFlagUid@libmedia@UModSys@@I@tl@4@@Z 00401e1a f i umodsys_lib_libmedia:umodsys.mod.media.std.obj
 0001:00000e86       ?get_flag@RLibraryLayered@std@media@modules@UModSys@@UBE?AW4eStates@?$TFlags4State@USMediaFlagUid@libmedia@UModSys@@I@tl@5@H@Z 00401e86 f i umodsys_lib_libmedia:umodsys.mod.media.std.obj
 0001:00000e99       ?get_flags_auto@RLibraryLayered@std@media@modules@UModSys@@UBE?AU?$TFlags4State@USMediaFlagUid@libmedia@UModSys@@I@tl@5@XZ 00401e99 f i umodsys_lib_libmedia:umodsys.mod.media.std.obj
 0001:00000ea8       ?set_flag@RLibraryLayered@std@media@modules@UModSys@@UAE?AW4eStates@?$TFlags4State@USMediaFlagUid@libmedia@UModSys@@I@tl@5@HW46785@@Z 00401ea8 f i umodsys_lib_libmedia:umodsys.mod.media.std.obj
 0001:00000ed5       ?bin_reader@RLibraryLayered@std@media@modules@UModSys@@UAE?AU?$TRefObject@UIStreamReader@libmedia@UModSys@@U?$TRefObjectFunc@UIStreamReader@libmedia@UModSys@@@tl@3@@tl@5@ABU?$TString@U?$TSCoreConst@D@su@tl@UModSys@@U?$TComparerBinaryHash@D@234@@75@ABUSFlags@libmedia@5@@Z 00401ed5 f i umodsys_lib_libmedia:umodsys.mod.media.std.obj
 0001:00000f86       ?bin_writer@RLibraryLayered@std@media@modules@UModSys@@UAE?AU?$TRefObject@UIStreamWriter@libmedia@UModSys@@U?$TRefObjectFunc@UIStreamWriter@libmedia@UModSys@@@tl@3@@tl@5@ABU?$TString@U?$TSCoreConst@D@su@tl@UModSys@@U?$TComparerBinaryHash@D@234@@75@ABUSFlags@libmedia@5@@Z 00401f86 f i umodsys_lib_libmedia:umodsys.mod.media.std.obj
 0001:00001037       ?bin_load@RLibraryLayered@std@media@modules@UModSys@@UAE_NABU?$TString@U?$TSCoreConst@D@su@tl@UModSys@@U?$TComparerBinaryHash@D@234@@tl@5@AAUSCMemShared@core@5@ABUSFlags@libmedia@5@@Z 00402037 f i umodsys_lib_libmedia:umodsys.mod.media.std.obj
 0001:00001142       ?bin_save@RLibraryLayered@std@media@modules@UModSys@@UAE_NABU?$TString@U?$TSCoreConst@D@su@tl@UModSys@@U?$TComparerBinaryHash@D@234@@tl@5@ABUSCMem@core@5@ABUSFlags@libmedia@5@@Z 00402142 f i umodsys_lib_libmedia:umodsys.mod.media.std.obj
 0001:00001261       ?bin_info@RLibraryLayered@std@media@modules@UModSys@@UAE_NABU?$TString@U?$TSCoreConst@D@su@tl@UModSys@@U?$TComparerBinaryHash@D@234@@tl@5@AAUSFileInfo@libmedia@5@ABUSFlags@95@@Z 00402261 f i umodsys_lib_libmedia:umodsys.mod.media.std.obj
 0001:000012d1       ?bin_info@RLibraryLayered@std@media@modules@UModSys@@UAE_NABU?$TString@U?$TSCoreConst@D@su@tl@UModSys@@U?$TComparerBinaryHash@D@234@@tl@5@AAU?$TIStackSocket@USFileInfo@libmedia@UModSys@@@75@ABUSFlags@libmedia@5@@Z 004022d1 f i umodsys_lib_libmedia:umodsys.mod.media.std.obj
 0001:00001347       ?bin_get@RLibraryLayered@std@media@modules@UModSys@@UAE_NABU?$TString@U?$TSCoreConst@D@su@tl@UModSys@@U?$TComparerBinaryHash@D@234@@tl@5@AAUSCMemShared@core@5@_N@Z 00402347 f i umodsys_lib_libmedia:umodsys.mod.media.std.obj
 0001:00001389       ?bin_put@RLibraryLayered@std@media@modules@UModSys@@UAE_NABU?$TString@U?$TSCoreConst@D@su@tl@UModSys@@U?$TComparerBinaryHash@D@234@@tl@5@PBUSCMemShared@core@5@@Z 00402389 f i umodsys_lib_libmedia:umodsys.mod.media.std.obj
 0001:000013c7       ?obj_fget@RLibraryLayered@std@media@modules@UModSys@@UAE_NABUSInfo@IBinObjFilter@libmedia@5@AAU?$TRefObject@UIRefObject@core@UModSys@@U?$TRefObjectFunc@UIRefObject@core@UModSys@@@tl@3@@tl@5@@Z 004023c7 f i umodsys_lib_libmedia:umodsys.mod.media.std.obj
 0001:00001405       ?obj_fload@RLibraryLayered@std@media@modules@UModSys@@UAE_NABUSInfo@IBinObjFilter@libmedia@5@PAUIRefObject@core@5@@Z 00402405 f i umodsys_lib_libmedia:umodsys.mod.media.std.obj
 0001:00001443       ?obj_fsave@RLibraryLayered@std@media@modules@UModSys@@UAE_NAAUSInfo@IBinObjFilter@libmedia@5@PBUIRefObject@core@5@@Z 00402443 f i umodsys_lib_libmedia:umodsys.mod.media.std.obj
 0001:00001481       ?obj_cget@RLibraryLayered@std@media@modules@UModSys@@UAE_NABU?$TString@U?$TSCoreConst@D@su@tl@UModSys@@U?$TComparerBinaryHash@D@234@@tl@5@AAU?$TRefObject@UIRefObject@core@UModSys@@U?$TRefObjectFunc@UIRefObject@core@UModSys@@@tl@3@@75@_N@Z 00402481 f i umodsys_lib_libmedia:umodsys.mod.media.std.obj
 0001:000014c3       ?obj_cput@RLibraryLayered@std@media@modules@UModSys@@UAE_NABU?$TString@U?$TSCoreConst@D@su@tl@UModSys@@U?$TComparerBinaryHash@D@234@@tl@5@PAUIRefObject@core@5@@Z 004024c3 f i umodsys_lib_libmedia:umodsys.mod.media.std.obj
 0001:00001501       ?obj_get@RLibraryLayered@std@media@modules@UModSys@@UAE_NABU?$TString@U?$TSCoreConst@D@su@tl@UModSys@@U?$TComparerBinaryHash@D@234@@tl@5@AAU?$TRefObject@UIRefObject@core@UModSys@@U?$TRefObjectFunc@UIRefObject@core@UModSys@@@tl@3@@75@ABUSObjOptions@ILibrary@libmedia@5@@Z 00402501 f i umodsys_lib_libmedia:umodsys.mod.media.std.obj
 0001:0000168f       ?obj_load@RLibraryLayered@std@media@modules@UModSys@@UAE_NABU?$TString@U?$TSCoreConst@D@su@tl@UModSys@@U?$TComparerBinaryHash@D@234@@tl@5@PAUIRefObject@core@5@ABUSObjOptions@ILibrary@libmedia@5@@Z 0040268f f i umodsys_lib_libmedia:umodsys.mod.media.std.obj
 0001:00001790       ?obj_save@RLibraryLayered@std@media@modules@UModSys@@UAE_NABU?$TString@U?$TSCoreConst@D@su@tl@UModSys@@U?$TComparerBinaryHash@D@234@@tl@5@PBUIRefObject@core@5@ABUSObjOptions@ILibrary@libmedia@5@@Z 00402790 f i umodsys_lib_libmedia:umodsys.mod.media.std.obj
 0001:0000189a       ?layer_count@RLibraryLayered@std@media@modules@UModSys@@UBEIABUSLayer@ILibraryLayered@libmedia@5@@Z 0040289a f i umodsys_lib_libmedia:umodsys.mod.media.std.obj
 0001:000018a0       ?layer_get@RLibraryLayered@std@media@modules@UModSys@@UBE?AUSLayer@ILibraryLayered@libmedia@5@I@Z 004028a0 f i umodsys_lib_libmedia:umodsys.mod.media.std.obj
 0001:000018c3       ?layer_find@RLibraryLayered@std@media@modules@UModSys@@UBEIABU?$TString@U?$TSCoreConst@D@su@tl@UModSys@@U?$TComparerBinaryHash@D@234@@tl@5@I@Z 004028c3 f i umodsys_lib_libmedia:umodsys.mod.media.std.obj
 0001:0000190b       ?layer_insert@RLibraryLayered@std@media@modules@UModSys@@UAE_NABUSLayer@ILibraryLayered@libmedia@5@I@Z 0040290b f i umodsys_lib_libmedia:umodsys.mod.media.std.obj
 0001:00001983       ?layer_remove@RLibraryLayered@std@media@modules@UModSys@@UAE_NI@Z 00402983 f i umodsys_lib_libmedia:umodsys.mod.media.std.obj
 0001:000019cd       ?layer_clear@RLibraryLayered@std@media@modules@UModSys@@UAE_NXZ 004029cd f i umodsys_lib_libmedia:umodsys.mod.media.std.obj
 0001:000019d7       ??_ERLibraryLayered@std@media@modules@UModSys@@UAEPAXI@Z 004029d7 f i  CIL library: CIL module
 0001:000019d7       ??_GRLibraryLayered@std@media@modules@UModSys@@UAEPAXI@Z 004029d7 f i umodsys_lib_libmedia:umodsys.mod.media.std.obj
 0001:00001a0b       ??0SLayer@ILibraryLayered@libmedia@UModSys@@QAE@ABU0123@@Z 00402a0b f i umodsys_lib_libmedia:umodsys.mod.media.std.obj
 0001:00001a37       ?root_get_interface_info@RLibraryObjCache@std@media@modules@UModSys@@UBEABUSUniquePointerInfo@core@5@XZ 00402a37 f i umodsys_lib_libmedia:umodsys.mod.media.std.obj
 0001:00001a3d       ?root_get_interface_type@RLibraryObjCache@std@media@modules@UModSys@@UBEPBUSUniquePointerInfo@core@5@XZ 00402a3d f i umodsys_lib_libmedia:umodsys.mod.media.std.obj
 0001:00001a43       ?root_get_interface_types@RLibraryBinTree@std@media@modules@UModSys@@UBEIAAUSUniquePtrList@core@5@@Z 00402a43 f i umodsys_lib_libmedia:umodsys.mod.media.std.obj
 0001:00001a43       ?root_get_interface_types@RModuleLibraryThis@rsystem@base@UModSys@@UBEIAAUSUniquePtrList@core@4@@Z 00402a43 f i umodsys_lib_basesys:umodsys.basesys.rmodulelibthis.obj
 0001:00001a43       ?root_get_interface_types@RSystem@rsystem@base@UModSys@@UBEIAAUSUniquePtrList@core@4@@Z 00402a43 f i umodsys_lib_basesys:umodsys.basesys.rsystem_main.obj
 0001:00001a43       ?root_get_interface_types@RParameters@rsystem@base@UModSys@@UBEIAAUSUniquePtrList@core@4@@Z 00402a43 f i umodsys_lib_basesys:umodsys.basesys.rparameters.obj
 0001:00001a43       ?root_get_interface_types@RLibraryObjCache@std@media@modules@UModSys@@UBEIAAUSUniquePtrList@core@5@@Z 00402a43 f i umodsys_lib_libmedia:umodsys.mod.media.std.obj
 0001:00001a43       ?root_get_interface_types@RGenerator@std@media@modules@UModSys@@UBEIAAUSUniquePtrList@core@5@@Z 00402a43 f i umodsys_lib_libmedia:umodsys.mod.media.std.obj
 0001:00001a43       ?root_get_interface_types@RStreamWriter_FILE@stdio@media@modules@UModSys@@UBEIAAUSUniquePtrList@core@5@@Z 00402a43 f i umodsys_lib_libmedia:umodsys.mod.media.stdio.obj
 0001:00001a43       ?root_get_interface_types@RStreamReader_FILE@stdio@media@modules@UModSys@@UBEIAAUSUniquePtrList@core@5@@Z 00402a43 f i umodsys_lib_libmedia:umodsys.mod.media.stdio.obj
 0001:00001a43       ?root_get_interface_types@RModule@rsystem@base@UModSys@@UBEIAAUSUniquePtrList@core@4@@Z 00402a43 f i umodsys_lib_basesys:umodsys.basesys.rmodule.obj
 0001:00001a43       ?root_get_interface_types@RDataArchiver_OsDir@stdio@media@modules@UModSys@@UBEIAAUSUniquePtrList@core@5@@Z 00402a43 f i umodsys_lib_libmedia:umodsys.mod.media.stdio.obj
 0001:00001a43       ?root_get_interface_types@RGenerator@stdio@media@modules@UModSys@@UBEIAAUSUniquePtrList@core@5@@Z 00402a43 f i umodsys_lib_libmedia:umodsys.mod.media.stdio.obj
 0001:00001a43       ?root_get_interface_types@RLibraryBinCache@std@media@modules@UModSys@@UBEIAAUSUniquePtrList@core@5@@Z 00402a43 f i umodsys_lib_libmedia:umodsys.mod.media.std.obj
 0001:00001a43       ?root_get_interface_types@RLibraryObjFilter@std@media@modules@UModSys@@UBEIAAUSUniquePtrList@core@5@@Z 00402a43 f i umodsys_lib_libmedia:umodsys.mod.media.std.obj
 0001:00001a43       ?root_get_interface_types@RConsole_std@rsystem@base@UModSys@@UBEIAAUSUniquePtrList@core@4@@Z 00402a43 f i umodsys_lib_basesys:umodsys.basesys.rconsole_std.obj
 0001:00001a43       ?root_get_interface_types@RLibraryLayered@std@media@modules@UModSys@@UBEIAAUSUniquePtrList@core@5@@Z 00402a43 f i umodsys_lib_libmedia:umodsys.mod.media.std.obj
 0001:00001a43       ?root_get_interface_types@RMediaFilter@images_std@media@modules@UModSys@@UBEIAAUSUniquePtrList@core@5@@Z 00402a43 f i umodsys_lib_libmedia:umodsys.mod.media.images_std.obj
 0001:00001a43       ?root_get_interface_types@RGenerator@images_std@media@modules@UModSys@@UBEIAAUSUniquePtrList@core@5@@Z 00402a43 f i umodsys_lib_libmedia:umodsys.mod.media.images_std.obj
 0001:00001a43       ?root_get_interface_types@RModuleLibrarySO@rsystem@base@UModSys@@UBEIAAUSUniquePtrList@core@4@@Z 00402a43 f i umodsys_lib_basesys:umodsys.basesys.rmodulelibso.obj
 0001:00001a48       ?root_get_other_interface@RLibraryObjCache@std@media@modules@UModSys@@UAEPAUIRoot@core@5@PBUSUniquePointerInfo@75@@Z 00402a48 f i umodsys_lib_libmedia:umodsys.mod.media.std.obj
 0001:00001a48       ?root_get_other_interface@RLibraryObjCache@std@media@modules@UModSys@@UBEPBUIRoot@core@5@PBUSUniquePointerInfo@75@@Z 00402a48 f i umodsys_lib_libmedia:umodsys.mod.media.std.obj
 0001:00001a71       ?root_is_interface_supported@RLibraryObjCache@std@media@modules@UModSys@@UBE_NPBUSUniquePointerInfo@core@5@@Z 00402a71 f i umodsys_lib_libmedia:umodsys.mod.media.std.obj
 0001:00001a98       ??0RLibraryObjCache@std@media@modules@UModSys@@QAE@PAUIModObject@base@4@ABUSParameters@core@4@U?$TFlags4State@USMediaFlagUid@libmedia@UModSys@@I@tl@4@@Z 00402a98 f i umodsys_lib_libmedia:umodsys.mod.media.std.obj
 0001:00001af3       ?get_flags_auto@RLibraryObjCache@std@media@modules@UModSys@@UBE?AU?$TFlags4State@USMediaFlagUid@libmedia@UModSys@@I@tl@5@XZ 00402af3 f i umodsys_lib_libmedia:umodsys.mod.media.std.obj
 0001:00001b02       ?bin_writer@RLibraryObjFilter@std@media@modules@UModSys@@UAE?AU?$TRefObject@UIStreamWriter@libmedia@UModSys@@U?$TRefObjectFunc@UIStreamWriter@libmedia@UModSys@@@tl@3@@tl@5@ABU?$TString@U?$TSCoreConst@D@su@tl@UModSys@@U?$TComparerBinaryHash@D@234@@75@ABUSFlags@libmedia@5@@Z 00402b02 f i umodsys_lib_libmedia:umodsys.mod.media.std.obj
 0001:00001b02       ?bin_writer@RLibraryBinCache@std@media@modules@UModSys@@UAE?AU?$TRefObject@UIStreamWriter@libmedia@UModSys@@U?$TRefObjectFunc@UIStreamWriter@libmedia@UModSys@@@tl@3@@tl@5@ABU?$TString@U?$TSCoreConst@D@su@tl@UModSys@@U?$TComparerBinaryHash@D@234@@75@ABUSFlags@libmedia@5@@Z 00402b02 f i umodsys_lib_libmedia:umodsys.mod.media.std.obj
 0001:00001b02       ?bin_reader@RLibraryObjFilter@std@media@modules@UModSys@@UAE?AU?$TRefObject@UIStreamReader@libmedia@UModSys@@U?$TRefObjectFunc@UIStreamReader@libmedia@UModSys@@@tl@3@@tl@5@ABU?$TString@U?$TSCoreConst@D@su@tl@UModSys@@U?$TComparerBinaryHash@D@234@@75@ABUSFlags@libmedia@5@@Z 00402b02 f i umodsys_lib_libmedia:umodsys.mod.media.std.obj
 0001:00001b02       ?bin_writer@RLibraryObjCache@std@media@modules@UModSys@@UAE?AU?$TRefObject@UIStreamWriter@libmedia@UModSys@@U?$TRefObjectFunc@UIStreamWriter@libmedia@UModSys@@@tl@3@@tl@5@ABU?$TString@U?$TSCoreConst@D@su@tl@UModSys@@U?$TComparerBinaryHash@D@234@@75@ABUSFlags@libmedia@5@@Z 00402b02 f i umodsys_lib_libmedia:umodsys.mod.media.std.obj
 0001:00001b02       ?bin_reader@RLibraryObjCache@std@media@modules@UModSys@@UAE?AU?$TRefObject@UIStreamReader@libmedia@UModSys@@U?$TRefObjectFunc@UIStreamReader@libmedia@UModSys@@@tl@3@@tl@5@ABU?$TString@U?$TSCoreConst@D@su@tl@UModSys@@U?$TComparerBinaryHash@D@234@@75@ABUSFlags@libmedia@5@@Z 00402b02 f i umodsys_lib_libmedia:umodsys.mod.media.std.obj
 0001:00001b02       ?bin_reader@RLibraryBinCache@std@media@modules@UModSys@@UAE?AU?$TRefObject@UIStreamReader@libmedia@UModSys@@U?$TRefObjectFunc@UIStreamReader@libmedia@UModSys@@@tl@3@@tl@5@ABU?$TString@U?$TSCoreConst@D@su@tl@UModSys@@U?$TComparerBinaryHash@D@234@@75@ABUSFlags@libmedia@5@@Z 00402b02 f i umodsys_lib_libmedia:umodsys.mod.media.std.obj
 0001:00001b14       ?bin_get@RLibraryBinCache@std@media@modules@UModSys@@UAE_NABU?$TString@U?$TSCoreConst@D@su@tl@UModSys@@U?$TComparerBinaryHash@D@234@@tl@5@AAUSCMemShared@core@5@_N@Z 00402b14 f i umodsys_lib_libmedia:umodsys.mod.media.std.obj
 0001:00001b14       ?obj_cget@RLibraryObjCache@std@media@modules@UModSys@@UAE_NABU?$TString@U?$TSCoreConst@D@su@tl@UModSys@@U?$TComparerBinaryHash@D@234@@tl@5@AAU?$TRefObject@UIRefObject@core@UModSys@@U?$TRefObjectFunc@UIRefObject@core@UModSys@@@tl@3@@75@_N@Z 00402b14 f i umodsys_lib_libmedia:umodsys.mod.media.std.obj
 0001:00001b40       ?obj_cput@RLibraryObjCache@std@media@modules@UModSys@@UAE_NABU?$TString@U?$TSCoreConst@D@su@tl@UModSys@@U?$TComparerBinaryHash@D@234@@tl@5@PAUIRefObject@core@5@@Z 00402b40 f i umodsys_lib_libmedia:umodsys.mod.media.std.obj
 0001:00001b45       ?obj_get@RLibraryObjCache@std@media@modules@UModSys@@UAE_NABU?$TString@U?$TSCoreConst@D@su@tl@UModSys@@U?$TComparerBinaryHash@D@234@@tl@5@AAU?$TRefObject@UIRefObject@core@UModSys@@U?$TRefObjectFunc@UIRefObject@core@UModSys@@@tl@3@@75@ABUSObjOptions@ILibrary@libmedia@5@@Z 00402b45 f i umodsys_lib_libmedia:umodsys.mod.media.std.obj
 0001:00001bcb       ?objcache_get@RLibraryObjCache@std@media@modules@UModSys@@UBE_NABU?$TString@U?$TSCoreConst@D@su@tl@UModSys@@U?$TComparerBinaryHash@D@234@@tl@5@PAU?$TRefObject@UIRefObject@core@UModSys@@U?$TRefObjectFunc@UIRefObject@core@UModSys@@@tl@3@@75@PA_N@Z 00402bcb f i umodsys_lib_libmedia:umodsys.mod.media.std.obj
 0001:00001c37       ?objcache_add@RLibraryObjCache@std@media@modules@UModSys@@UAE_NABU?$TString@U?$TSCoreConst@D@su@tl@UModSys@@U?$TComparerBinaryHash@D@234@@tl@5@PAUIRefObject@core@5@@Z 00402c37 f i umodsys_lib_libmedia:umodsys.mod.media.std.obj
 0001:00001ce3       ?objcache_remove@RLibraryObjCache@std@media@modules@UModSys@@UAE_NABU?$TString@U?$TSCoreConst@D@su@tl@UModSys@@U?$TComparerBinaryHash@D@234@@tl@5@@Z 00402ce3 f i umodsys_lib_libmedia:umodsys.mod.media.std.obj
 0001:00001d1a       ?objcache_clear@RLibraryObjCache@std@media@modules@UModSys@@UAE_NXZ 00402d1a f i umodsys_lib_libmedia:umodsys.mod.media.std.obj
 0001:00001d38       ??_ERLibraryObjCache@std@media@modules@UModSys@@UAEPAXI@Z 00402d38 f i  CIL library: CIL module
 0001:00001d38       ??_GRLibraryObjCache@std@media@modules@UModSys@@UAEPAXI@Z 00402d38 f i umodsys_lib_libmedia:umodsys.mod.media.std.obj
 0001:00001d95       ?root_get_interface_info@RLibraryObjFilter@std@media@modules@UModSys@@UBEABUSUniquePointerInfo@core@5@XZ 00402d95 f i umodsys_lib_libmedia:umodsys.mod.media.std.obj
 0001:00001d9b       ?root_get_interface_type@RLibraryObjFilter@std@media@modules@UModSys@@UBEPBUSUniquePointerInfo@core@5@XZ 00402d9b f i umodsys_lib_libmedia:umodsys.mod.media.std.obj
 0001:00001da1       ?root_get_other_interface@RLibraryObjFilter@std@media@modules@UModSys@@UAEPAUIRoot@core@5@PBUSUniquePointerInfo@75@@Z 00402da1 f i umodsys_lib_libmedia:umodsys.mod.media.std.obj
 0001:00001da1       ?root_get_other_interface@RLibraryObjFilter@std@media@modules@UModSys@@UBEPBUIRoot@core@5@PBUSUniquePointerInfo@75@@Z 00402da1 f i umodsys_lib_libmedia:umodsys.mod.media.std.obj
 0001:00001dca       ?root_is_interface_supported@RLibraryObjFilter@std@media@modules@UModSys@@UBE_NPBUSUniquePointerInfo@core@5@@Z 00402dca f i umodsys_lib_libmedia:umodsys.mod.media.std.obj
 0001:00001df1       ??0RLibraryObjFilter@std@media@modules@UModSys@@QAE@PAUIModObject@base@4@ABUSParameters@core@4@U?$TFlags4State@USMediaFlagUid@libmedia@UModSys@@I@tl@4@@Z 00402df1 f i umodsys_lib_libmedia:umodsys.mod.media.std.obj
 0001:00001e4c       ?get_flag@RLibraryBinCache@std@media@modules@UModSys@@UBE?AW4eStates@?$TFlags4State@USMediaFlagUid@libmedia@UModSys@@I@tl@5@H@Z 00402e4c f i umodsys_lib_libmedia:umodsys.mod.media.std.obj
 0001:00001e4c       ?get_flag@RLibraryObjFilter@std@media@modules@UModSys@@UBE?AW4eStates@?$TFlags4State@USMediaFlagUid@libmedia@UModSys@@I@tl@5@H@Z 00402e4c f i umodsys_lib_libmedia:umodsys.mod.media.std.obj
 0001:00001e4c       ?get_flag@RLibraryBinTree@std@media@modules@UModSys@@UBE?AW4eStates@?$TFlags4State@USMediaFlagUid@libmedia@UModSys@@I@tl@5@H@Z 00402e4c f i umodsys_lib_libmedia:umodsys.mod.media.std.obj
 0001:00001e4c       ?get_flag@RLibraryObjCache@std@media@modules@UModSys@@UBE?AW4eStates@?$TFlags4State@USMediaFlagUid@libmedia@UModSys@@I@tl@5@H@Z 00402e4c f i umodsys_lib_libmedia:umodsys.mod.media.std.obj
 0001:00001e5f       ?get_flags_auto@RLibraryObjFilter@std@media@modules@UModSys@@UBE?AU?$TFlags4State@USMediaFlagUid@libmedia@UModSys@@I@tl@5@XZ 00402e5f f i umodsys_lib_libmedia:umodsys.mod.media.std.obj
 0001:00001e6e       ?obj_fget@RLibraryObjFilter@std@media@modules@UModSys@@UAE_NABUSInfo@IBinObjFilter@libmedia@5@AAU?$TRefObject@UIRefObject@core@UModSys@@U?$TRefObjectFunc@UIRefObject@core@UModSys@@@tl@3@@tl@5@@Z 00402e6e f i umodsys_lib_libmedia:umodsys.mod.media.std.obj
 0001:00001e76       ?obj_fload@RLibraryObjFilter@std@media@modules@UModSys@@UAE_NABUSInfo@IBinObjFilter@libmedia@5@PAUIRefObject@core@5@@Z 00402e76 f i umodsys_lib_libmedia:umodsys.mod.media.std.obj
 0001:00001e7b       ?obj_fsave@RLibraryObjFilter@std@media@modules@UModSys@@UAE_NAAUSInfo@IBinObjFilter@libmedia@5@PBUIRefObject@core@5@@Z 00402e7b f i umodsys_lib_libmedia:umodsys.mod.media.std.obj
 0001:00001e83       ?filters_add@RLibraryObjFilter@std@media@modules@UModSys@@UAE_NU?$TRefObject@UIBinObjFilter@libmedia@UModSys@@U?$TRefObjectFunc@UIBinObjFilter@libmedia@UModSys@@@tl@3@@tl@5@PBUSParameters@core@5@H@Z 00402e83 f i umodsys_lib_libmedia:umodsys.mod.media.std.obj
 0001:00001f1f       ?filters_remove@RLibraryObjFilter@std@media@modules@UModSys@@UAE_NPAUIBinObjFilter@libmedia@5@H@Z 00402f1f f i umodsys_lib_libmedia:umodsys.mod.media.std.obj
 0001:00001f6f       ?filters_clear@RLibraryObjFilter@std@media@modules@UModSys@@UAE_NXZ 00402f6f f i umodsys_lib_libmedia:umodsys.mod.media.std.obj
 0001:00001f8d       ?filters_load@RLibraryObjFilter@std@media@modules@UModSys@@UAE_NABUSInfo@IBinObjFilter@libmedia@5@AAU?$TRefObject@UIRefObject@core@UModSys@@U?$TRefObjectFunc@UIRefObject@core@UModSys@@@tl@3@@tl@5@@Z 00402f8d f i umodsys_lib_libmedia:umodsys.mod.media.std.obj
 0001:00001fea       ?filters_load@RLibraryObjFilter@std@media@modules@UModSys@@UAE_NABUSInfo@IBinObjFilter@libmedia@5@PAUIRefObject@core@5@@Z 00402fea f i umodsys_lib_libmedia:umodsys.mod.media.std.obj
 0001:00002047       ?filters_save@RLibraryObjFilter@std@media@modules@UModSys@@UAE_NAAUSInfo@IBinObjFilter@libmedia@5@PBUIRefObject@core@5@@Z 00403047 f i umodsys_lib_libmedia:umodsys.mod.media.std.obj
 0001:000020a4       ??_GRLibraryObjFilter@std@media@modules@UModSys@@UAEPAXI@Z 004030a4 f i umodsys_lib_libmedia:umodsys.mod.media.std.obj
 0001:000020a4       ??_ERLibraryObjFilter@std@media@modules@UModSys@@UAEPAXI@Z 004030a4 f i  CIL library: CIL module
 0001:00002101       ?get_generated_names@RGenerator@std@media@modules@UModSys@@UBEHAAUSUniquePtrList@core@5@@Z 00403101 f i umodsys_lib_libmedia:umodsys.mod.media.std.obj
 0001:00002149       ?get_generated_types@RGenerator@std@media@modules@UModSys@@UBEHAAUSUniquePtrList@core@5@PBUSUniquePointerInfo@75@@Z 00403149 f i umodsys_lib_libmedia:umodsys.mod.media.std.obj
 0001:000021ed       ?generate@RGenerator@std@media@modules@UModSys@@UAE_NAAU?$TRefObject@UIRefObject@core@UModSys@@U?$TRefObjectFunc@UIRefObject@core@UModSys@@@tl@3@@tl@5@PBUSUniquePointerInfo@core@5@ABUSParameters@95@@Z 004031ed f i umodsys_lib_libmedia:umodsys.mod.media.std.obj
 0001:00002290       ?root_get_interface_info@RGenerator@std@media@modules@UModSys@@UBEABUSUniquePointerInfo@core@5@XZ 00403290 f i umodsys_lib_libmedia:umodsys.mod.media.std.obj
 0001:00002296       ?root_get_interface_type@RGenerator@std@media@modules@UModSys@@UBEPBUSUniquePointerInfo@core@5@XZ 00403296 f i umodsys_lib_libmedia:umodsys.mod.media.std.obj
 0001:0000229c       ?root_get_other_interface@RGenerator@std@media@modules@UModSys@@UAEPAUIRoot@core@5@PBUSUniquePointerInfo@75@@Z 0040329c f i umodsys_lib_libmedia:umodsys.mod.media.std.obj
 0001:0000229c       ?root_get_other_interface@RGenerator@std@media@modules@UModSys@@UBEPBUIRoot@core@5@PBUSUniquePointerInfo@75@@Z 0040329c f i umodsys_lib_libmedia:umodsys.mod.media.std.obj
 0001:000022b5       ?root_is_interface_supported@RGenerator@std@media@modules@UModSys@@UBE_NPBUSUniquePointerInfo@core@5@@Z 004032b5 f i umodsys_lib_libmedia:umodsys.mod.media.std.obj
 0001:000022d4       ?ref_remove@RGenerator@images_std@media@modules@UModSys@@UBEXXZ 004032d4 f i umodsys_lib_libmedia:umodsys.mod.media.images_std.obj
 0001:000022d4       ?ref_remove@RStreamWriter_FILE@stdio@media@modules@UModSys@@UBEXXZ 004032d4 f i umodsys_lib_libmedia:umodsys.mod.media.stdio.obj
 0001:000022d4       ?ref_remove@RStreamReader_FILE@stdio@media@modules@UModSys@@UBEXXZ 004032d4 f i umodsys_lib_libmedia:umodsys.mod.media.stdio.obj
 0001:000022d4       ?ref_remove@RGenerator@stdio@media@modules@UModSys@@UBEXXZ 004032d4 f i umodsys_lib_libmedia:umodsys.mod.media.stdio.obj
 0001:000022d4       ?ref_remove@RGenerator@std@media@modules@UModSys@@UBEXXZ 004032d4 f i umodsys_lib_libmedia:umodsys.mod.media.std.obj
 0001:000022df       ?ref_links@RGenerator@std@media@modules@UModSys@@UBEHXZ 004032df f i umodsys_lib_libmedia:umodsys.mod.media.std.obj
 0001:000022df       ?ref_links@RGenerator@images_std@media@modules@UModSys@@UBEHXZ 004032df f i umodsys_lib_libmedia:umodsys.mod.media.images_std.obj
 0001:000022df       ?ref_links@RStreamWriter_FILE@stdio@media@modules@UModSys@@UBEHXZ 004032df f i umodsys_lib_libmedia:umodsys.mod.media.stdio.obj
 0001:000022df       ?ref_links@RGenerator@stdio@media@modules@UModSys@@UBEHXZ 004032df f i umodsys_lib_libmedia:umodsys.mod.media.stdio.obj
 0001:000022df       ?ref_links@RStreamReader_FILE@stdio@media@modules@UModSys@@UBEHXZ 004032df f i umodsys_lib_libmedia:umodsys.mod.media.stdio.obj
 0001:000022df       ?get_system@IModuleLibraryUni@rsystem@base@UModSys@@UBEPAUISystem@34@XZ 004032df f i umodsys_lib_basesys:umodsys.basesys.rmodulelib.obj
 0001:000022e3       ?get_uid@RGenerator@std@media@modules@UModSys@@UBEPBUSUniquePointerInfo@core@5@XZ 004032e3 f i umodsys_lib_libmedia:umodsys.mod.media.std.obj
 0001:000022e9       ?do_open@RModuleReg@std@media@modules@UModSys@@UAE_NXZ 004032e9 f i umodsys_lib_libmedia:umodsys.mod.media.std.obj
 0001:00002335       ?do_close@RModuleReg@std@media@modules@UModSys@@UAE_NXZ 00403335 f i umodsys_lib_libmedia:umodsys.mod.media.std.obj
 0001:00002370       ?get_module@RGenerator@std@media@modules@UModSys@@UBEPAUIModule@base@5@XZ 00403370 f   umodsys_lib_libmedia:umodsys.mod.media.std.obj
 0001:00002376       ?mod_inc@RGenerator@std@media@modules@UModSys@@UBE_NXZ 00403376 f   umodsys_lib_libmedia:umodsys.mod.media.std.obj
 0001:00002381       ?mod_dec@RGenerator@std@media@modules@UModSys@@UBE_NXZ 00403381 f   umodsys_lib_libmedia:umodsys.mod.media.std.obj
 0001:0000238c       ?s_holder@RGenerator@std@media@modules@UModSys@@SAAAU?$TTypeStaticHolder@URGenerator@std@media@modules@UModSys@@@tl@5@XZ 0040338c f   umodsys_lib_libmedia:umodsys.mod.media.std.obj
 0001:000023be       ??0?$TString@U?$TSCoreShared@USIMemAlloc@core@UModSys@@D@su@tl@UModSys@@U?$TComparerBinaryHash@D@234@@tl@UModSys@@QAE@ABU?$TSCoreConst@D@su@12@@Z 004033be f i umodsys_lib_libmedia:umodsys.mod.media.std.obj
 0001:000023fe       ??4?$TString@U?$TSCoreShared@USIMemAlloc@core@UModSys@@D@su@tl@UModSys@@U?$TComparerBinaryHash@D@234@@tl@UModSys@@QAEABU012@ABU012@@Z 004033fe f i umodsys_lib_libmedia:umodsys.mod.media.std.obj
 0001:0000241f       ??1?$TSCoreShared@USIMemAlloc@core@UModSys@@D@su@tl@UModSys@@QAE@XZ 0040341f f i umodsys_lib_libmedia:umodsys.mod.media.std.obj
 0001:0000241f       ??1?$TString@U?$TSCoreShared@USIMemAlloc@core@UModSys@@D@su@tl@UModSys@@U?$TComparerBinaryHash@D@234@@tl@UModSys@@QAE@XZ 0040341f f i umodsys_lib_libmedia:umodsys.mod.media.std.obj
 0001:00002424       ??1?$TRefObject@URLibraryObjCache@std@media@modules@UModSys@@U?$TRefObjectFunc@URLibraryObjCache@std@media@modules@UModSys@@@tl@5@@tl@UModSys@@QAE@XZ 00403424 f i umodsys_lib_libmedia:umodsys.mod.media.std.obj
 0001:00002424       ??1?$TRefObject@URLibraryObjFilter@std@media@modules@UModSys@@U?$TRefObjectFunc@URLibraryObjFilter@std@media@modules@UModSys@@@tl@5@@tl@UModSys@@QAE@XZ 00403424 f i umodsys_lib_libmedia:umodsys.mod.media.std.obj
 0001:00002424       ??1?$TRefObject@URMediaFilter@images_std@media@modules@UModSys@@U?$TRefObjectFunc@URMediaFilter@images_std@media@modules@UModSys@@@tl@5@@tl@UModSys@@QAE@XZ 00403424 f i umodsys_lib_libmedia:umodsys.mod.media.images_std.obj
 0001:00002424       ??1?$TRefObject@UIBinObjFilter@libmedia@UModSys@@U?$TRefObjectFunc@UIBinObjFilter@libmedia@UModSys@@@tl@3@@tl@UModSys@@QAE@XZ 00403424 f i umodsys_lib_libmedia:umodsys.mod.media.std.obj
 0001:00002424       ??1?$TRefObject@URModuleLibrarySO@rsystem@base@UModSys@@U?$TRefObjectFunc@URModuleLibrarySO@rsystem@base@UModSys@@@tl@4@@tl@UModSys@@QAE@XZ 00403424 f i umodsys_lib_basesys:umodsys.basesys.rmoduleloader.obj
 0001:00002424       ??1?$TRefObject@URParameters@rsystem@base@UModSys@@U?$TRefObjectFunc@URParameters@rsystem@base@UModSys@@@tl@4@@tl@UModSys@@QAE@XZ 00403424 f i umodsys_lib_basesys:umodsys.basesys.rsystem_main.obj
 0001:00002424       ??1?$TRefObject@UIModuleLibraryUni@rsystem@base@UModSys@@U?$TRefObjectFunc@UIModuleLibraryUni@rsystem@base@UModSys@@@tl@4@@tl@UModSys@@QAE@XZ 00403424 f i umodsys_lib_basesys:umodsys.basesys.rmodule.obj
 0001:00002424       ??1SFilter@RLibraryObjFilter@std@media@modules@UModSys@@QAE@XZ 00403424 f i umodsys_lib_libmedia:umodsys.mod.media.std.obj
 0001:00002424       ??1?$TRefObject@URLibraryLayered@std@media@modules@UModSys@@U?$TRefObjectFunc@URLibraryLayered@std@media@modules@UModSys@@@tl@5@@tl@UModSys@@QAE@XZ 00403424 f i umodsys_lib_libmedia:umodsys.mod.media.std.obj
 0001:00002424       ??1?$TRefObject@URDataArchiver_OsDir@stdio@media@modules@UModSys@@U?$TRefObjectFunc@URDataArchiver_OsDir@stdio@media@modules@UModSys@@@tl@5@@tl@UModSys@@QAE@XZ 00403424 f i umodsys_lib_libmedia:umodsys.mod.media.stdio.obj
 0001:00002424       ??1?$TRefObject@UIShell@base@UModSys@@U?$TRefObjectFunc@UIShell@base@UModSys@@@tl@3@@tl@UModSys@@QAE@XZ 00403424 f i umodsys_lib_basesys:umodsys.basesys.rsystem_tests.obj
 0001:00002424       ??1?$TRefObject@UIStreamReader@libmedia@UModSys@@U?$TRefObjectFunc@UIStreamReader@libmedia@UModSys@@@tl@3@@tl@UModSys@@QAE@XZ 00403424 f i umodsys_lib_libmedia:umodsys.mod.media.std.obj
 0001:00002424       ??1?$TRefObject@URLibraryBinTree@std@media@modules@UModSys@@U?$TRefObjectFunc@URLibraryBinTree@std@media@modules@UModSys@@@tl@5@@tl@UModSys@@QAE@XZ 00403424 f i umodsys_lib_libmedia:umodsys.mod.media.std.obj
 0001:00002424       ??1?$TRefObject@URStreamReader_FILE@stdio@media@modules@UModSys@@U?$TRefObjectFunc@URStreamReader_FILE@stdio@media@modules@UModSys@@@tl@5@@tl@UModSys@@QAE@XZ 00403424 f i umodsys_lib_libmedia:umodsys.mod.media.stdio.obj
 0001:00002424       ??1?$TRefObject@URLibraryBinCache@std@media@modules@UModSys@@U?$TRefObjectFunc@URLibraryBinCache@std@media@modules@UModSys@@@tl@5@@tl@UModSys@@QAE@XZ 00403424 f i umodsys_lib_libmedia:umodsys.mod.media.std.obj
 0001:00002424       ??1?$TRefObject@UIRefObject@core@UModSys@@U?$TRefObjectFunc@UIRefObject@core@UModSys@@@tl@3@@tl@UModSys@@QAE@XZ 00403424 f i umodsys_lib_libmedia:umodsys.mod.media.std.obj
 0001:00002424       ??1?$TRefObject@UIStreamWriter@libmedia@UModSys@@U?$TRefObjectFunc@UIStreamWriter@libmedia@UModSys@@@tl@3@@tl@UModSys@@QAE@XZ 00403424 f i umodsys_lib_libmedia:umodsys.mod.media.std.obj
 0001:00002424       ??1?$TRefObject@URStreamWriter_FILE@stdio@media@modules@UModSys@@U?$TRefObjectFunc@URStreamWriter_FILE@stdio@media@modules@UModSys@@@tl@5@@tl@UModSys@@QAE@XZ 00403424 f i umodsys_lib_libmedia:umodsys.mod.media.stdio.obj
 0001:00002433       ??4?$TRefObject@UIRefObject@core@UModSys@@U?$TRefObjectFunc@UIRefObject@core@UModSys@@@tl@3@@tl@UModSys@@QAEABU012@PAUIRefObject@core@2@@Z 00403433 f i umodsys_lib_libmedia:umodsys.mod.media.std.obj
 0001:0000244e       ??R?$TScatterArray@USFilter@RLibraryObjFilter@std@media@modules@UModSys@@USId@23456@U723456@U?$TNodeDeleter0@U?$TScatterArrayNode@USFilter@RLibraryObjFilter@std@media@modules@UModSys@@USId@23456@@tl@UModSys@@@tl@6@@tl@UModSys@@QAEPAUSFilter@RLibraryObjFilter@std@media@modules@2@ABUSId@45672@PAUVoid@core@2@@Z 0040344e f i umodsys_lib_libmedia:umodsys.mod.media.std.obj
 0001:000024b1       ??E?$TTreeIterRB@$$CBU?$TScatterArrayNode@USFilter@RLibraryObjFilter@std@media@modules@UModSys@@USId@23456@@tl@UModSys@@$$CBU?$TPair@USId@RLibraryObjFilter@std@media@modules@UModSys@@USFilter@23456@@23@@tl@UModSys@@QAE?AU012@XZ 004034b1 f i umodsys_lib_libmedia:umodsys.mod.media.std.obj
 0001:000024b1       ??E?$TTreeIterRB@$$CBU?$TScatterArrayNode@USMountInfo@RLibraryBinTree@std@media@modules@UModSys@@USId@ILibraryBinTree@libmedia@6@@tl@UModSys@@$$CBU?$TPair@USId@ILibraryBinTree@libmedia@UModSys@@USMountInfo@RLibraryBinTree@std@media@modules@4@@23@@tl@UModSys@@QAE?AU012@XZ 004034b1 f i umodsys_lib_libmedia:umodsys.mod.media.std.obj
 0001:000024db       ??1?$TDynarray@U?$TDynarrayHolderDynamic@USLayerX@RLibraryLayered@std@media@modules@UModSys@@U?$TAllocator@USIMemAlloc@core@UModSys@@USCountCalcPower2@23@@tl@6@@tl@UModSys@@@tl@UModSys@@QAE@XZ 004034db f i umodsys_lib_libmedia:umodsys.mod.media.std.obj
 0001:0000251b       ?Resize@?$TDynarray@U?$TDynarrayHolderDynamic@USLayerX@RLibraryLayered@std@media@modules@UModSys@@U?$TAllocator@USIMemAlloc@core@UModSys@@USCountCalcPower2@23@@tl@6@@tl@UModSys@@@tl@UModSys@@QAE_NI@Z 0040351b f i umodsys_lib_libmedia:umodsys.mod.media.std.obj
 0001:00002583       ?set@?$TSCoreShared@USIMemAlloc@core@UModSys@@D@su@tl@UModSys@@QAEXPBD@Z 00403583 f i umodsys_lib_libmedia:umodsys.mod.media.std.obj
 0001:000025b2       ?remove_node@?$TTreeHoldRB@U?$TScatterArrayNode@USCacheElem@RLibraryBinCache@std@media@modules@UModSys@@U?$TString@U?$TSCoreConst@D@su@tl@UModSys@@U?$TComparerBinaryHash@D@234@@tl@6@@tl@UModSys@@@tl@UModSys@@QAEXPAU?$TScatterArrayNode@USCacheElem@RLibraryBinCache@std@media@modules@UModSys@@U?$TString@U?$TSCoreConst@D@su@tl@UModSys@@U?$TComparerBinaryHash@D@234@@tl@6@@23@@Z 004035b2 f i umodsys_lib_libmedia:umodsys.mod.media.std.obj
 0001:000025b2       ?remove_node@?$TTreeHoldRB@U?$TScatterArrayNode@USFilter@RLibraryObjFilter@std@media@modules@UModSys@@USId@23456@@tl@UModSys@@@tl@UModSys@@QAEXPAU?$TScatterArrayNode@USFilter@RLibraryObjFilter@std@media@modules@UModSys@@USId@23456@@23@@Z 004035b2 f i umodsys_lib_libmedia:umodsys.mod.media.std.obj
 0001:000025b2       ?remove_node@?$TTreeHoldRB@U?$TScatterArrayNode@USCacheElem@RLibraryObjCache@std@media@modules@UModSys@@U?$TString@U?$TSCoreConst@D@su@tl@UModSys@@U?$TComparerBinaryHash@D@234@@tl@6@@tl@UModSys@@@tl@UModSys@@QAEXPAU?$TScatterArrayNode@USCacheElem@RLibraryObjCache@std@media@modules@UModSys@@U?$TString@U?$TSCoreConst@D@su@tl@UModSys@@U?$TComparerBinaryHash@D@234@@tl@6@@23@@Z 004035b2 f i umodsys_lib_libmedia:umodsys.mod.media.std.obj
 0001:000025b2       ?remove_node@?$TTreeHoldRB@U?$TScatterArrayNode@USMountInfo@RLibraryBinTree@std@media@modules@UModSys@@USId@ILibraryBinTree@libmedia@6@@tl@UModSys@@@tl@UModSys@@QAEXPAU?$TScatterArrayNode@USMountInfo@RLibraryBinTree@std@media@modules@UModSys@@USId@ILibraryBinTree@libmedia@6@@23@@Z 004035b2 f i umodsys_lib_libmedia:umodsys.mod.media.std.obj
 0001:0000268f       ?set@?$TSCoreShared@USIMemAlloc@core@UModSys@@D@su@tl@UModSys@@QAEXPBDI@Z 0040368f f i umodsys_lib_libmedia:umodsys.mod.media.std.obj
 0001:000026ec       ??1?$TPair@U?$TString@U?$TSCoreConst@D@su@tl@UModSys@@U?$TComparerBinaryHash@D@234@@tl@UModSys@@USCacheElem@RLibraryBinCache@std@media@modules@3@@tl@UModSys@@QAE@XZ 004036ec f i umodsys_lib_libmedia:umodsys.mod.media.std.obj
 0001:000026f6       ??1?$TPair@USId@ILibraryBinTree@libmedia@UModSys@@USMountInfo@RLibraryBinTree@std@media@modules@4@@tl@UModSys@@QAE@XZ 004036f6 f i umodsys_lib_libmedia:umodsys.mod.media.std.obj
 0001:00002700       ??1?$TPair@U?$TString@U?$TSCoreConst@D@su@tl@UModSys@@U?$TComparerBinaryHash@D@234@@tl@UModSys@@USCacheElem@RLibraryObjCache@std@media@modules@3@@tl@UModSys@@QAE@XZ 00403700 f i umodsys_lib_libmedia:umodsys.mod.media.std.obj
 0001:0000270a       ??1?$TPair@USId@RLibraryObjFilter@std@media@modules@UModSys@@USFilter@23456@@tl@UModSys@@QAE@XZ 0040370a f i umodsys_lib_libmedia:umodsys.mod.media.std.obj
 0001:0000271b       ??1SCacheElem@RLibraryBinCache@std@media@modules@UModSys@@QAE@XZ 0040371b f i umodsys_lib_libmedia:umodsys.mod.media.std.obj
 0001:00002751       ??1SMountInfo@RLibraryBinTree@std@media@modules@UModSys@@QAE@XZ 00403751 f i umodsys_lib_libmedia:umodsys.mod.media.std.obj
 0001:00002790       ??1SCacheElem@RLibraryObjCache@std@media@modules@UModSys@@QAE@XZ 00403790 f i umodsys_lib_libmedia:umodsys.mod.media.std.obj
 0001:000027ca       ??$?8U?$TSCoreConst@D@su@tl@UModSys@@U?$TComparerBinaryHash@D@123@@?$TString@U?$TSCoreConst@D@su@tl@UModSys@@U?$TComparerBinaryHash@D@234@@tl@UModSys@@QBE_NABU012@@Z 004037ca f i umodsys_lib_libmedia:umodsys.mod.media.std.obj
 0001:00002805       ?info_release@?$TSCoreShared@USIMemAlloc@core@UModSys@@D@su@tl@UModSys@@QAEXXZ 00403805 f i umodsys_lib_libmedia:umodsys.mod.media.std.obj
 0001:00002835       ??$compare@U?$TSCoreConst@D@su@tl@UModSys@@@?$TString@U?$TSCoreConst@D@su@tl@UModSys@@U?$TComparerBinaryHash@D@234@@tl@UModSys@@QBEHABU012@@Z 00403835 f i umodsys_lib_libmedia:umodsys.mod.media.std.obj
 0001:00002890       ??$yes@U?$TFlags4StateShift@USMediaFlagUid@libmedia@UModSys@@I$00@tl@UModSys@@@SFlags@libmedia@UModSys@@QBE_NPBUIResolverAuto@012@@Z 00403890 f i umodsys_lib_libmedia:umodsys.mod.media.std.obj
 0001:000028e1       ??$yes@U?$TFlags4StateShift@USMediaFlagUid@libmedia@UModSys@@I$02@tl@UModSys@@@SFlags@libmedia@UModSys@@QBE_NPBUIResolverAuto@012@@Z 004038e1 f i umodsys_lib_libmedia:umodsys.mod.media.std.obj
 0001:00002932       ??$yes@U?$TFlags4StateShift@USMediaFlagUid@libmedia@UModSys@@I$03@tl@UModSys@@@SFlags@libmedia@UModSys@@QBE_NPBUIResolverAuto@012@@Z 00403932 f i umodsys_lib_libmedia:umodsys.mod.media.std.obj
 0001:00002983       ??$yes@U?$TFlags4StateShift@USMediaFlagUid@libmedia@UModSys@@I$01@tl@UModSys@@@SFlags@libmedia@UModSys@@QBE_NPBUIResolverAuto@012@@Z 00403983 f i umodsys_lib_libmedia:umodsys.mod.media.std.obj
 0001:000029d4       ??$yes@U?$TFlags4StateShift@USMediaFlagUid@libmedia@UModSys@@I$05@tl@UModSys@@@SFlags@libmedia@UModSys@@QBE_NPBUIResolverAuto@012@@Z 004039d4 f i umodsys_lib_libmedia:umodsys.mod.media.std.obj
 0001:00002a25       ??$yes@U?$TFlags4StateShift@USMediaFlagUid@libmedia@UModSys@@I$07@tl@UModSys@@@SFlags@libmedia@UModSys@@QBE_NPBUIResolverAuto@012@@Z 00403a25 f i umodsys_lib_libmedia:umodsys.mod.media.std.obj
 0001:00002a74       ??$yes@U?$TFlags4StateShift@USMediaFlagUid@libmedia@UModSys@@I$06@tl@UModSys@@@SFlags@libmedia@UModSys@@QBE_NPBUIResolverAuto@012@@Z 00403a74 f i umodsys_lib_libmedia:umodsys.mod.media.std.obj
 0001:00002ac5       ??$yes@U?$TFlags4StateShift@USMediaFlagUid@libmedia@UModSys@@I$08@tl@UModSys@@@SFlags@libmedia@UModSys@@QBE_NPBUIResolverAuto@012@@Z 00403ac5 f i umodsys_lib_libmedia:umodsys.mod.media.std.obj
 0001:00002b16       ?remove_color@?$TTreeHoldRB@U?$TScatterArrayNode@USMountInfo@RLibraryBinTree@std@media@modules@UModSys@@USId@ILibraryBinTree@libmedia@6@@tl@UModSys@@@tl@UModSys@@IAEXPAU?$TScatterArrayNode@USMountInfo@RLibraryBinTree@std@media@modules@UModSys@@USId@ILibraryBinTree@libmedia@6@@23@0@Z 00403b16 f i umodsys_lib_libmedia:umodsys.mod.media.std.obj
 0001:00002b16       ?remove_color@?$TTreeHoldRB@U?$TScatterArrayNode@USCacheElem@RLibraryObjCache@std@media@modules@UModSys@@U?$TString@U?$TSCoreConst@D@su@tl@UModSys@@U?$TComparerBinaryHash@D@234@@tl@6@@tl@UModSys@@@tl@UModSys@@IAEXPAU?$TScatterArrayNode@USCacheElem@RLibraryObjCache@std@media@modules@UModSys@@U?$TString@U?$TSCoreConst@D@su@tl@UModSys@@U?$TComparerBinaryHash@D@234@@tl@6@@23@0@Z 00403b16 f i umodsys_lib_libmedia:umodsys.mod.media.std.obj
 0001:00002b16       ?remove_color@?$TTreeHoldRB@U?$TScatterArrayNode@USFilter@RLibraryObjFilter@std@media@modules@UModSys@@USId@23456@@tl@UModSys@@@tl@UModSys@@IAEXPAU?$TScatterArrayNode@USFilter@RLibraryObjFilter@std@media@modules@UModSys@@USId@23456@@23@0@Z 00403b16 f i umodsys_lib_libmedia:umodsys.mod.media.std.obj
 0001:00002b16       ?remove_color@?$TTreeHoldRB@U?$TScatterArrayNode@USCacheElem@RLibraryBinCache@std@media@modules@UModSys@@U?$TString@U?$TSCoreConst@D@su@tl@UModSys@@U?$TComparerBinaryHash@D@234@@tl@6@@tl@UModSys@@@tl@UModSys@@IAEXPAU?$TScatterArrayNode@USCacheElem@RLibraryBinCache@std@media@modules@UModSys@@U?$TString@U?$TSCoreConst@D@su@tl@UModSys@@U?$TComparerBinaryHash@D@234@@tl@6@@23@0@Z 00403b16 f i umodsys_lib_libmedia:umodsys.mod.media.std.obj
 0001:00002c18       ??$t_gen_param@URLibraryBinCache@std@media@modules@UModSys@@URGenerator@2345@@IGenerator@base@UModSys@@IAE_NPAURGenerator@std@media@modules@2@AAU?$TRefObject@UIRefObject@core@UModSys@@U?$TRefObjectFunc@UIRefObject@core@UModSys@@@tl@3@@tl@2@PBUSUniquePointerInfo@core@2@ABUSParameters@core@2@@Z 00403c18 f i umodsys_lib_libmedia:umodsys.mod.media.std.obj
 0001:00002c95       ??$t_gen_param@URLibraryBinTree@std@media@modules@UModSys@@URGenerator@2345@@IGenerator@base@UModSys@@IAE_NPAURGenerator@std@media@modules@2@AAU?$TRefObject@UIRefObject@core@UModSys@@U?$TRefObjectFunc@UIRefObject@core@UModSys@@@tl@3@@tl@2@PBUSUniquePointerInfo@core@2@ABUSParameters@core@2@@Z 00403c95 f i umodsys_lib_libmedia:umodsys.mod.media.std.obj
 0001:00002d12       ??$t_gen_param@URLibraryLayered@std@media@modules@UModSys@@URGenerator@2345@@IGenerator@base@UModSys@@IAE_NPAURGenerator@std@media@modules@2@AAU?$TRefObject@UIRefObject@core@UModSys@@U?$TRefObjectFunc@UIRefObject@core@UModSys@@@tl@3@@tl@2@PBUSUniquePointerInfo@core@2@ABUSParameters@core@2@@Z 00403d12 f i umodsys_lib_libmedia:umodsys.mod.media.std.obj
 0001:00002d8f       ??$t_gen_param@URLibraryObjFilter@std@media@modules@UModSys@@URGenerator@2345@@IGenerator@base@UModSys@@IAE_NPAURGenerator@std@media@modules@2@AAU?$TRefObject@UIRefObject@core@UModSys@@U?$TRefObjectFunc@UIRefObject@core@UModSys@@@tl@3@@tl@2@PBUSUniquePointerInfo@core@2@ABUSParameters@core@2@@Z 00403d8f f i umodsys_lib_libmedia:umodsys.mod.media.std.obj
 0001:00002e0c       ??$t_gen_param@URLibraryObjCache@std@media@modules@UModSys@@URGenerator@2345@@IGenerator@base@UModSys@@IAE_NPAURGenerator@std@media@modules@2@AAU?$TRefObject@UIRefObject@core@UModSys@@U?$TRefObjectFunc@UIRefObject@core@UModSys@@@tl@3@@tl@2@PBUSUniquePointerInfo@core@2@ABUSParameters@core@2@@Z 00403e0c f i umodsys_lib_libmedia:umodsys.mod.media.std.obj
 0001:00002e89       ??$genx_node@UCmp@?$TScatterArray@USCacheElem@RLibraryBinCache@std@media@modules@UModSys@@U?$TString@U?$TSCoreConst@D@su@tl@UModSys@@U?$TComparerBinaryHash@D@234@@tl@6@U?$TObjectCompare@U?$TString@U?$TSCoreConst@D@su@tl@UModSys@@U?$TComparerBinaryHash@D@234@@tl@UModSys@@@core@6@U?$TNodeDeleter0@U?$TScatterArrayNode@USCacheElem@RLibraryBinCache@std@media@modules@UModSys@@U?$TString@U?$TSCoreConst@D@su@tl@UModSys@@U?$TComparerBinaryHash@D@234@@tl@6@@tl@UModSys@@@86@@tl@UModSys@@UGen0@234@@?$TTreeHoldRBD@U?$TScatterArrayNode@USCacheElem@RLibraryBinCache@std@media@modules@UModSys@@U?$TString@U?$TSCoreConst@D@su@tl@UModSys@@U?$TComparerBinaryHash@D@234@@tl@6@@tl@UModSys@@U?$TNodeDeleter0@U?$TScatterArrayNode@USCacheElem@RLibraryBinCache@std@media@modules@UModSys@@U?$TString@U?$TSCoreConst@D@su@tl@UModSys@@U?$TComparerBinaryHash@D@234@@tl@6@@tl@UModSys@@@23@@tl@UModSys@@QAEPAU?$TScatterArrayNode@USCacheElem@RLibraryBinCache@std@media@modules@UModSys@@U?$TString@U?$TSCoreConst@D@su@tl@UModSys@@U?$TComparerBinaryHash@D@234@@tl@6@@12@UCmp@?$TScatterArray@USCacheElem@RLibraryBinCache@std@media@modules@UModSys@@U?$TString@U?$TSCoreConst@D@su@tl@UModSys@@U?$TComparerBinaryHash@D@234@@tl@6@U?$TObjectCompare@U?$TString@U?$TSCoreConst@D@su@tl@UModSys@@U?$TComparerBinaryHash@D@234@@tl@UModSys@@@core@6@U?$TNodeDeleter0@U?$TScatterArrayNode@USCacheElem@RLibraryBinCache@std@media@modules@UModSys@@U?$TString@U?$TSCoreConst@D@su@tl@UModSys@@U?$TComparerBinaryHash@D@234@@tl@6@@tl@UModSys@@@86@@12@ABUGen0@512@PAPAU312@2_N@Z 00403e89 f i umodsys_lib_libmedia:umodsys.mod.media.std.obj
 0001:00002f08       ??$find_node_u@UCmp@?$TScatterArray@USCacheElem@RLibraryObjCache@std@media@modules@UModSys@@U?$TString@U?$TSCoreConst@D@su@tl@UModSys@@U?$TComparerBinaryHash@D@234@@tl@6@U?$TObjectCompare@U?$TString@U?$TSCoreConst@D@su@tl@UModSys@@U?$TComparerBinaryHash@D@234@@tl@UModSys@@@core@6@U?$TNodeDeleter0@U?$TScatterArrayNode@USCacheElem@RLibraryObjCache@std@media@modules@UModSys@@U?$TString@U?$TSCoreConst@D@su@tl@UModSys@@U?$TComparerBinaryHash@D@234@@tl@6@@tl@UModSys@@@86@@tl@UModSys@@@?$TTreeHoldRB@U?$TScatterArrayNode@USCacheElem@RLibraryObjCache@std@media@modules@UModSys@@U?$TString@U?$TSCoreConst@D@su@tl@UModSys@@U?$TComparerBinaryHash@D@234@@tl@6@@tl@UModSys@@@tl@UModSys@@QBEPAU?$TScatterArrayNode@USCacheElem@RLibraryObjCache@std@media@modules@UModSys@@U?$TString@U?$TSCoreConst@D@su@tl@UModSys@@U?$TComparerBinaryHash@D@234@@tl@6@@12@UCmp@?$TScatterArray@USCacheElem@RLibraryObjCache@std@media@modules@UModSys@@U?$TString@U?$TSCoreConst@D@su@tl@UModSys@@U?$TComparerBinaryHash@D@234@@tl@6@U?$TObjectCompare@U?$TString@U?$TSCoreConst@D@su@tl@UModSys@@U?$TComparerBinaryHash@D@234@@tl@UModSys@@@core@6@U?$TNodeDeleter0@U?$TScatterArrayNode@USCacheElem@RLibraryObjCache@std@media@modules@UModSys@@U?$TString@U?$TSCoreConst@D@su@tl@UModSys@@U?$TComparerBinaryHash@D@234@@tl@6@@tl@UModSys@@@86@@12@@Z 00403f08 f i umodsys_lib_libmedia:umodsys.mod.media.std.obj
 0001:00002f08       ??$find_node_u@UCmp@?$TScatterArray@USCacheElem@RLibraryBinCache@std@media@modules@UModSys@@U?$TString@U?$TSCoreConst@D@su@tl@UModSys@@U?$TComparerBinaryHash@D@234@@tl@6@U?$TObjectCompare@U?$TString@U?$TSCoreConst@D@su@tl@UModSys@@U?$TComparerBinaryHash@D@234@@tl@UModSys@@@core@6@U?$TNodeDeleter0@U?$TScatterArrayNode@USCacheElem@RLibraryBinCache@std@media@modules@UModSys@@U?$TString@U?$TSCoreConst@D@su@tl@UModSys@@U?$TComparerBinaryHash@D@234@@tl@6@@tl@UModSys@@@86@@tl@UModSys@@@?$TTreeHoldRB@U?$TScatterArrayNode@USCacheElem@RLibraryBinCache@std@media@modules@UModSys@@U?$TString@U?$TSCoreConst@D@su@tl@UModSys@@U?$TComparerBinaryHash@D@234@@tl@6@@tl@UModSys@@@tl@UModSys@@QBEPAU?$TScatterArrayNode@USCacheElem@RLibraryBinCache@std@media@modules@UModSys@@U?$TString@U?$TSCoreConst@D@su@tl@UModSys@@U?$TComparerBinaryHash@D@234@@tl@6@@12@UCmp@?$TScatterArray@USCacheElem@RLibraryBinCache@std@media@modules@UModSys@@U?$TString@U?$TSCoreConst@D@su@tl@UModSys@@U?$TComparerBinaryHash@D@234@@tl@6@U?$TObjectCompare@U?$TString@U?$TSCoreConst@D@su@tl@UModSys@@U?$TComparerBinaryHash@D@234@@tl@UModSys@@@core@6@U?$TNodeDeleter0@U?$TScatterArrayNode@USCacheElem@RLibraryBinCache@std@media@modules@UModSys@@U?$TString@U?$TSCoreConst@D@su@tl@UModSys@@U?$TComparerBinaryHash@D@234@@tl@6@@tl@UModSys@@@86@@12@@Z 00403f08 f i umodsys_lib_libmedia:umodsys.mod.media.std.obj
 0001:00002f35       ??$genx_node@UCmp@?$TScatterArray@USMountInfo@RLibraryBinTree@std@media@modules@UModSys@@USId@ILibraryBinTree@libmedia@6@U7896@U?$TNodeDeleter0@U?$TScatterArrayNode@USMountInfo@RLibraryBinTree@std@media@modules@UModSys@@USId@ILibraryBinTree@libmedia@6@@tl@UModSys@@@tl@6@@tl@UModSys@@UGen0@234@@?$TTreeHoldRBD@U?$TScatterArrayNode@USMountInfo@RLibraryBinTree@std@media@modules@UModSys@@USId@ILibraryBinTree@libmedia@6@@tl@UModSys@@U?$TNodeDeleter0@U?$TScatterArrayNode@USMountInfo@RLibraryBinTree@std@media@modules@UModSys@@USId@ILibraryBinTree@libmedia@6@@tl@UModSys@@@23@@tl@UModSys@@QAEPAU?$TScatterArrayNode@USMountInfo@RLibraryBinTree@std@media@modules@UModSys@@USId@ILibraryBinTree@libmedia@6@@12@UCmp@?$TScatterArray@USMountInfo@RLibraryBinTree@std@media@modules@UModSys@@USId@ILibraryBinTree@libmedia@6@U7896@U?$TNodeDeleter0@U?$TScatterArrayNode@USMountInfo@RLibraryBinTree@std@media@modules@UModSys@@USId@ILibraryBinTree@libmedia@6@@tl@UModSys@@@tl@6@@12@ABUGen0@512@PAPAU312@2_N@Z 00403f35 f i umodsys_lib_libmedia:umodsys.mod.media.std.obj
 0001:00002fb3       ??$find_node_u@UCmp@?$TScatterArray@USMountInfo@RLibraryBinTree@std@media@modules@UModSys@@USId@ILibraryBinTree@libmedia@6@U7896@U?$TNodeDeleter0@U?$TScatterArrayNode@USMountInfo@RLibraryBinTree@std@media@modules@UModSys@@USId@ILibraryBinTree@libmedia@6@@tl@UModSys@@@tl@6@@tl@UModSys@@@?$TTreeHoldRB@U?$TScatterArrayNode@USMountInfo@RLibraryBinTree@std@media@modules@UModSys@@USId@ILibraryBinTree@libmedia@6@@tl@UModSys@@@tl@UModSys@@QBEPAU?$TScatterArrayNode@USMountInfo@RLibraryBinTree@std@media@modules@UModSys@@USId@ILibraryBinTree@libmedia@6@@12@UCmp@?$TScatterArray@USMountInfo@RLibraryBinTree@std@media@modules@UModSys@@USId@ILibraryBinTree@libmedia@6@U7896@U?$TNodeDeleter0@U?$TScatterArrayNode@USMountInfo@RLibraryBinTree@std@media@modules@UModSys@@USId@ILibraryBinTree@libmedia@6@@tl@UModSys@@@tl@6@@12@@Z 00403fb3 f i umodsys_lib_libmedia:umodsys.mod.media.std.obj
[...]
 0001:0000a8f5       __ehhandler$??$t_gen_param@URLibraryObjFilter@std@media@modules@UModSys@@URGenerator@2345@@IGenerator@base@UModSys@@IAE_NPAURGenerator@std@media@modules@2@AAU?$TRefObject@UIRefObject@core@UModSys@@U?$TRefObjectFunc@UIRefObject@core@UModSys@@@tl@3@@tl@2@PBUSUniquePointerInfo@core@2@ABUSParameters@core@2@@Z 0040b8f5 f    CIL library: CIL module
 0001:0000a8ff       __unwindfunclet$?s_add@RModuleLibrarySO@rsystem@base@UModSys@@SA_NPAUISystem@34@AAU?$TDynarrayDynamic@U?$TRefObject@URModuleLibrarySO@rsystem@base@UModSys@@U?$TRefObjectFunc@URModuleLibrarySO@rsystem@base@UModSys@@@tl@4@@tl@UModSys@@U?$TAllocator@USMemAlloc_Malloc@core@UModSys@@USCountCalcPower2@23@@23@@tl@4@PBD@Z$1 0040b8ff f    CIL library: CIL module
 0001:0000a907       __ehhandler$?s_add@RModuleLibrarySO@rsystem@base@UModSys@@SA_NPAUISystem@34@AAU?$TDynarrayDynamic@U?$TRefObject@URModuleLibrarySO@rsystem@base@UModSys@@U?$TRefObjectFunc@URModuleLibrarySO@rsystem@base@UModSys@@@tl@4@@tl@UModSys@@U?$TAllocator@USMemAlloc_Malloc@core@UModSys@@USCountCalcPower2@23@@23@@tl@4@PBD@Z 0040b907 f    CIL library: CIL module
 0001:0000a911       ??__E?s_id@?$TObjectUniqueID@UIRoot@core@UModSys@@@tl@UModSys@@2USUniquePointer@core@3@A@@YAXXZ 0040b911 f    CIL library: CIL module
 0001:0000a933       ??__E?s_id@?$TObjectUniqueID@UIRefObject@core@UModSys@@@tl@UModSys@@2USUniquePointer@core@3@A@@YAXXZ 0040b933 f    CIL library: CIL module
 0001:0000a955       ??__E?s_id@?$TObjectUniqueID@UIParameters@core@UModSys@@@tl@UModSys@@2USUniquePointer@core@3@A@@YAXXZ 0040b955 f    CIL library: CIL module
 0001:0000a977       ??__E?s_id@?$TObjectUniqueID@UIModule@base@UModSys@@@tl@UModSys@@2USUniquePointer@core@3@A@@YAXXZ 0040b977 f    CIL library: CIL module
 0001:0000a999       ??__E?s_id@?$TObjectUniqueID@UIModuleLibrary@base@UModSys@@@tl@UModSys@@2USUniquePointer@core@3@A@@YAXXZ 0040b999 f    CIL library: CIL module
 0001:0000a9bb       ??__E?s_id@?$TObjectUniqueID@UIModObject@base@UModSys@@@tl@UModSys@@2USUniquePointer@core@3@A@@YAXXZ 0040b9bb f    CIL library: CIL module
 0001:0000a9dd       ??__E?s_id@?$TObjectUniqueID@UIGenerator@base@UModSys@@@tl@UModSys@@2USUniquePointer@core@3@A@@YAXXZ 0040b9dd f    CIL library: CIL module
 0001:0000a9ff       ??__E?s_id@?$TObjectUniqueID@UIShell@base@UModSys@@@tl@UModSys@@2USUniquePointer@core@3@A@@YAXXZ 0040b9ff f    CIL library: CIL module
 0001:0000aa21       ??__E?s_id@?$TObjectUniqueID@UIConsole@base@UModSys@@@tl@UModSys@@2USUniquePointer@core@3@A@@YAXXZ 0040ba21 f    CIL library: CIL module
 0001:0000aa43       ??__E?s_id@?$TObjectUniqueID@UISystem@base@UModSys@@@tl@UModSys@@2USUniquePointer@core@3@A@@YAXXZ 0040ba43 f    CIL library: CIL module
 0001:0000aa65       ??__E?s_id@?$TObjectUniqueID@URModule@rsystem@base@UModSys@@@tl@UModSys@@2USUniquePointer@core@3@A@@YAXXZ 0040ba65 f    CIL library: CIL module
 0001:0000aa87       ??__E?s_id@?$TObjectUniqueID@UIModuleLibraryUni@rsystem@base@UModSys@@@tl@UModSys@@2USUniquePointer@core@3@A@@YAXXZ 0040ba87 f    CIL library: CIL module
 0001:0000aaa9       ??__E?s_id@?$TObjectUniqueID@URModuleLibrarySO@rsystem@base@UModSys@@@tl@UModSys@@2USUniquePointer@core@3@A@@YAXXZ 0040baa9 f    CIL library: CIL module
 0001:0000aacb       ??__E?s_id@?$TObjectUniqueID@URModuleLibraryThis@rsystem@base@UModSys@@@tl@UModSys@@2USUniquePointer@core@3@A@@YAXXZ 0040bacb f    CIL library: CIL module
 0001:0000aaed       ??__E?s_id@?$TObjectUniqueID@URParameters@rsystem@base@UModSys@@@tl@UModSys@@2USUniquePointer@core@3@A@@YAXXZ 0040baed f    CIL library: CIL module
 0001:0000ab0f       ??__E?s_id@?$TObjectUniqueID@URSystem@rsystem@base@UModSys@@@tl@UModSys@@2USUniquePointer@core@3@A@@YAXXZ 0040bb0f f    CIL library: CIL module
 0001:0000ab31       ??__E?s_id@?$TObjectUniqueID@URConsole_std@rsystem@base@UModSys@@@tl@UModSys@@2USUniquePointer@core@3@A@@YAXXZ 0040bb31 f    CIL library: CIL module
 0001:0000ab53       ??__E?s_modreg@RModuleReg@std@media@modules@UModSys@@2U12345@A@@YAXXZ 0040bb53 f    CIL library: CIL module
 0001:0000ab7c       ??__E?s_modreg_chain@RModuleReg@std@media@modules@UModSys@@2USModuleRegChain@base@5@A@@YAXXZ 0040bb7c f    CIL library: CIL module
 0001:0000ab97       ??__E?s_uid@RGenerator@std@media@modules@UModSys@@2USUniquePointer@core@5@A@@YAXXZ 0040bb97 f    CIL library: CIL module
 0001:0000abb9       ??__E?s_id@?$TObjectUniqueID@UIStreamReader@libmedia@UModSys@@@tl@UModSys@@2USUniquePointer@core@3@A@@YAXXZ 0040bbb9 f    CIL library: CIL module
 0001:0000abdb       ??__E?s_id@?$TObjectUniqueID@UIStreamWriter@libmedia@UModSys@@@tl@UModSys@@2USUniquePointer@core@3@A@@YAXXZ 0040bbdb f    CIL library: CIL module
 0001:0000abfd       ??__E?s_id@?$TObjectUniqueID@UIBinArchive@libmedia@UModSys@@@tl@UModSys@@2USUniquePointer@core@3@A@@YAXXZ 0040bbfd f    CIL library: CIL module
 0001:0000ac1f       ??__E?s_id@?$TObjectUniqueID@UIBinObjFilter@libmedia@UModSys@@@tl@UModSys@@2USUniquePointer@core@3@A@@YAXXZ 0040bc1f f    CIL library: CIL module
 0001:0000ac41       ??__E?s_id@?$TObjectUniqueID@UILibrary@libmedia@UModSys@@@tl@UModSys@@2USUniquePointer@core@3@A@@YAXXZ 0040bc41 f    CIL library: CIL module
 0001:0000ac63       ??__E?s_id@?$TObjectUniqueID@UILibraryBinTree@libmedia@UModSys@@@tl@UModSys@@2USUniquePointer@core@3@A@@YAXXZ 0040bc63 f    CIL library: CIL module
 0001:0000ac85       ??__E?s_id@?$TObjectUniqueID@UILibraryBinCache@libmedia@UModSys@@@tl@UModSys@@2USUniquePointer@core@3@A@@YAXXZ 0040bc85 f    CIL library: CIL module
 0001:0000aca7       ??__E?s_id@?$TObjectUniqueID@UILibraryObjFilter@libmedia@UModSys@@@tl@UModSys@@2USUniquePointer@core@3@A@@YAXXZ 0040bca7 f    CIL library: CIL module
 0001:0000acc9       ??__E?s_id@?$TObjectUniqueID@UILibraryObjCache@libmedia@UModSys@@@tl@UModSys@@2USUniquePointer@core@3@A@@YAXXZ 0040bcc9 f    CIL library: CIL module
 0001:0000aceb       ??__E?s_id@?$TObjectUniqueID@UILibraryLayered@libmedia@UModSys@@@tl@UModSys@@2USUniquePointer@core@3@A@@YAXXZ 0040bceb f    CIL library: CIL module
 0001:0000ad0d       ??__E?s_id@?$TObjectUniqueID@URLibraryBinCache@std@media@modules@UModSys@@@tl@UModSys@@2USUniquePointer@core@3@A@@YAXXZ 0040bd0d f    CIL library: CIL module
 0001:0000ad2f       ??__E?s_id@?$TObjectUniqueID@URLibraryBinTree@std@media@modules@UModSys@@@tl@UModSys@@2USUniquePointer@core@3@A@@YAXXZ 0040bd2f f    CIL library: CIL module
 0001:0000ad51       ??__E?s_id@?$TObjectUniqueID@URLibraryLayered@std@media@modules@UModSys@@@tl@UModSys@@2USUniquePointer@core@3@A@@YAXXZ 0040bd51 f    CIL library: CIL module
 0001:0000ad73       ??__E?s_id@?$TObjectUniqueID@URLibraryObjCache@std@media@modules@UModSys@@@tl@UModSys@@2USUniquePointer@core@3@A@@YAXXZ 0040bd73 f    CIL library: CIL module
 0001:0000ad95       ??__E?s_id@?$TObjectUniqueID@URLibraryObjFilter@std@media@modules@UModSys@@@tl@UModSys@@2USUniquePointer@core@3@A@@YAXXZ 0040bd95 f    CIL library: CIL module
 0001:0000adb7       ??__E?s_id@?$TObjectUniqueID@URGenerator@std@media@modules@UModSys@@@tl@UModSys@@2USUniquePointer@core@3@A@@YAXXZ 0040bdb7 f    CIL library: CIL module
 0001:0000add9       ??__E?s_modreg@RModuleReg@images_std@media@modules@UModSys@@2U12345@A@@YAXXZ 0040bdd9 f    CIL library: CIL module
 0001:0000ae02       ??__E?s_modreg_chain@RModuleReg@images_std@media@modules@UModSys@@2USModuleRegChain@base@5@A@@YAXXZ 0040be02 f    CIL library: CIL module
 0001:0000ae1d       ??__E?s_uid@RGenerator@images_std@media@modules@UModSys@@2USUniquePointer@core@5@A@@YAXXZ 0040be1d f    CIL library: CIL module
 0001:0000ae3f       ??__E?s_id@?$TObjectUniqueID@UIImage@lib2d@UModSys@@@tl@UModSys@@2USUniquePointer@core@3@A@@YAXXZ 0040be3f f    CIL library: CIL module
 0001:0000ae61       ??__E?s_id@?$TObjectUniqueID@UIMultiImage@lib2d@UModSys@@@tl@UModSys@@2USUniquePointer@core@3@A@@YAXXZ 0040be61 f    CIL library: CIL module
 0001:0000ae83       ??__E?s_id@?$TObjectUniqueID@URMediaFilter@images_std@media@modules@UModSys@@@tl@UModSys@@2USUniquePointer@core@3@A@@YAXXZ 0040be83 f    CIL library: CIL module
 0001:0000aea5       ??__E?s_id@?$TObjectUniqueID@URGenerator@images_std@media@modules@UModSys@@@tl@UModSys@@2USUniquePointer@core@3@A@@YAXXZ 0040bea5 f    CIL library: CIL module
 0001:0000aec7       ??__E?s_modreg@RModuleReg@stdio@media@modules@UModSys@@2U12345@A@@YAXXZ 0040bec7 f    CIL library: CIL module
 0001:0000aef0       ??__E?s_modreg_chain@RModuleReg@stdio@media@modules@UModSys@@2USModuleRegChain@base@5@A@@YAXXZ 0040bef0 f    CIL library: CIL module
 0001:0000af0b       ??__E?s_uid@RGenerator@stdio@media@modules@UModSys@@2USUniquePointer@core@5@A@@YAXXZ 0040bf0b f    CIL library: CIL module
 0001:0000af2d       ??__E?s_id@?$TObjectUniqueID@URStreamReader_FILE@stdio@media@modules@UModSys@@@tl@UModSys@@2USUniquePointer@core@3@A@@YAXXZ 0040bf2d f    CIL library: CIL module
 0001:0000af4f       ??__E?s_id@?$TObjectUniqueID@URStreamWriter_FILE@stdio@media@modules@UModSys@@@tl@UModSys@@2USUniquePointer@core@3@A@@YAXXZ 0040bf4f f    CIL library: CIL module
 0001:0000af71       ??__E?s_id@?$TObjectUniqueID@URDataArchiver_OsDir@stdio@media@modules@UModSys@@@tl@UModSys@@2USUniquePointer@core@3@A@@YAXXZ 0040bf71 f    CIL library: CIL module
 0001:0000af93       ??__E?s_id@?$TObjectUniqueID@URGenerator@stdio@media@modules@UModSys@@@tl@UModSys@@2USUniquePointer@core@3@A@@YAXXZ 0040bf93 f    CIL library: CIL module
 0001:0000afb5       ??__E?s_console@RConsole_std@rsystem@base@UModSys@@2U1234@A@@YAXXZ 0040bfb5 f    CIL library: CIL module
 0001:0000afc1       ??__E?s_sys@RSystem@rsystem@base@UModSys@@2U1234@A@@YAXXZ 0040bfc1 f    CIL library: CIL module
 0001:0000afd2       ??__Ersys_dbg@rsystem@base@UModSys@@YAXXZ 0040bfd2 f    CIL library: CIL module
 0001:0000afde       ??__EM@UModSys@@YAXXZ      0040bfde f    CIL library: CIL module
 0001:0000afea       ??__E?root@SModuleRegChain@base@UModSys@@2U123@A@@YAXXZ 0040bfea f    CIL library: CIL module
 0001:0000aff6       ??__E?s_library@RModuleLibraryReg_Chain@base@UModSys@@2U123@A@@YAXXZ 0040bff6 f    CIL library: CIL module
 0001:0000b002       ??__E?root@SUniquePointer@core@UModSys@@2U123@A@@YAXXZ 0040c002 f    CIL library: CIL module
 0001:0000b00e       ??__F?s_id@?$TObjectUniqueID@URConsole_std@rsystem@base@UModSys@@@tl@UModSys@@2USUniquePointer@core@3@A@@YAXXZ 0040c00e f    CIL library: CIL module
 0001:0000b018       ??__F?s_id@?$TObjectUniqueID@URSystem@rsystem@base@UModSys@@@tl@UModSys@@2USUniquePointer@core@3@A@@YAXXZ 0040c018 f    CIL library: CIL module
 0001:0000b022       ??__F?s_id@?$TObjectUniqueID@URParameters@rsystem@base@UModSys@@@tl@UModSys@@2USUniquePointer@core@3@A@@YAXXZ 0040c022 f    CIL library: CIL module
 0001:0000b02c       ??__F?s_id@?$TObjectUniqueID@URModuleLibraryThis@rsystem@base@UModSys@@@tl@UModSys@@2USUniquePointer@core@3@A@@YAXXZ 0040c02c f    CIL library: CIL module
 0001:0000b036       ??__F?s_id@?$TObjectUniqueID@URModuleLibrarySO@rsystem@base@UModSys@@@tl@UModSys@@2USUniquePointer@core@3@A@@YAXXZ 0040c036 f    CIL library: CIL module
 0001:0000b040       ??__F?s_id@?$TObjectUniqueID@UIModuleLibraryUni@rsystem@base@UModSys@@@tl@UModSys@@2USUniquePointer@core@3@A@@YAXXZ 0040c040 f    CIL library: CIL module
 0001:0000b04a       ??__F?s_id@?$TObjectUniqueID@URModule@rsystem@base@UModSys@@@tl@UModSys@@2USUniquePointer@core@3@A@@YAXXZ 0040c04a f    CIL library: CIL module
 0001:0000b054       ??__F?s_id@?$TObjectUniqueID@UISystem@base@UModSys@@@tl@UModSys@@2USUniquePointer@core@3@A@@YAXXZ 0040c054 f    CIL library: CIL module
 0001:0000b05e       ??__F?s_id@?$TObjectUniqueID@UIConsole@base@UModSys@@@tl@UModSys@@2USUniquePointer@core@3@A@@YAXXZ 0040c05e f    CIL library: CIL module
 0001:0000b068       ??__F?s_id@?$TObjectUniqueID@UIShell@base@UModSys@@@tl@UModSys@@2USUniquePointer@core@3@A@@YAXXZ 0040c068 f    CIL library: CIL module
 0001:0000b072       ??__F?s_id@?$TObjectUniqueID@UIGenerator@base@UModSys@@@tl@UModSys@@2USUniquePointer@core@3@A@@YAXXZ 0040c072 f    CIL library: CIL module
 0001:0000b07c       ??__F?s_id@?$TObjectUniqueID@UIModObject@base@UModSys@@@tl@UModSys@@2USUniquePointer@core@3@A@@YAXXZ 0040c07c f    CIL library: CIL module
 0001:0000b086       ??__F?s_id@?$TObjectUniqueID@UIModuleLibrary@base@UModSys@@@tl@UModSys@@2USUniquePointer@core@3@A@@YAXXZ 0040c086 f    CIL library: CIL module
 0001:0000b090       ??__F?s_id@?$TObjectUniqueID@UIModule@base@UModSys@@@tl@UModSys@@2USUniquePointer@core@3@A@@YAXXZ 0040c090 f    CIL library: CIL module
 0001:0000b09a       ??__F?s_id@?$TObjectUniqueID@UIParameters@core@UModSys@@@tl@UModSys@@2USUniquePointer@core@3@A@@YAXXZ 0040c09a f    CIL library: CIL module
 0001:0000b0a4       ??__F?s_id@?$TObjectUniqueID@UIRefObject@core@UModSys@@@tl@UModSys@@2USUniquePointer@core@3@A@@YAXXZ 0040c0a4 f    CIL library: CIL module
 0001:0000b0ae       ??__F?s_id@?$TObjectUniqueID@UIRoot@core@UModSys@@@tl@UModSys@@2USUniquePointer@core@3@A@@YAXXZ 0040c0ae f    CIL library: CIL module
 0001:0000b0b8       ??__F?s_modreg@RModuleReg@std@media@modules@UModSys@@2U12345@A@@YAXXZ 0040c0b8 f    CIL library: CIL module
 0001:0000b0c3       ??__F?s_modreg_chain@RModuleReg@std@media@modules@UModSys@@2USModuleRegChain@base@5@A@@YAXXZ 0040c0c3 f    CIL library: CIL module
 0001:0000b0cd       ??__F?s_uid@RGenerator@std@media@modules@UModSys@@2USUniquePointer@core@5@A@@YAXXZ 0040c0cd f    CIL library: CIL module
 0001:0000b0d7       ??__Fh@?1??s_holder@RGenerator@std@media@modules@UModSys@@SAAAU?$TTypeStaticHolder@URGenerator@std@media@modules@UModSys@@@tl@5@XZ@YAXXZ 0040c0d7 f    CIL library: CIL module
 0001:0000b0f4       ??__F?s_id@?$TObjectUniqueID@URGenerator@std@media@modules@UModSys@@@tl@UModSys@@2USUniquePointer@core@3@A@@YAXXZ 0040c0f4 f    CIL library: CIL module
 0001:0000b0fe       ??__F?s_id@?$TObjectUniqueID@URLibraryObjFilter@std@media@modules@UModSys@@@tl@UModSys@@2USUniquePointer@core@3@A@@YAXXZ 0040c0fe f    CIL library: CIL module
 0001:0000b108       ??__F?s_id@?$TObjectUniqueID@URLibraryObjCache@std@media@modules@UModSys@@@tl@UModSys@@2USUniquePointer@core@3@A@@YAXXZ 0040c108 f    CIL library: CIL module
 0001:0000b112       ??__F?s_id@?$TObjectUniqueID@URLibraryLayered@std@media@modules@UModSys@@@tl@UModSys@@2USUniquePointer@core@3@A@@YAXXZ 0040c112 f    CIL library: CIL module
 0001:0000b11c       ??__F?s_id@?$TObjectUniqueID@URLibraryBinTree@std@media@modules@UModSys@@@tl@UModSys@@2USUniquePointer@core@3@A@@YAXXZ 0040c11c f    CIL library: CIL module
 0001:0000b126       ??__F?s_id@?$TObjectUniqueID@URLibraryBinCache@std@media@modules@UModSys@@@tl@UModSys@@2USUniquePointer@core@3@A@@YAXXZ 0040c126 f    CIL library: CIL module
 0001:0000b130       ??__F?s_id@?$TObjectUniqueID@UILibraryLayered@libmedia@UModSys@@@tl@UModSys@@2USUniquePointer@core@3@A@@YAXXZ 0040c130 f    CIL library: CIL module
 0001:0000b13a       ??__F?s_id@?$TObjectUniqueID@UILibraryObjCache@libmedia@UModSys@@@tl@UModSys@@2USUniquePointer@core@3@A@@YAXXZ 0040c13a f    CIL library: CIL module
 0001:0000b144       ??__F?s_id@?$TObjectUniqueID@UILibraryObjFilter@libmedia@UModSys@@@tl@UModSys@@2USUniquePointer@core@3@A@@YAXXZ 0040c144 f    CIL library: CIL module
 0001:0000b14e       ??__F?s_id@?$TObjectUniqueID@UILibraryBinCache@libmedia@UModSys@@@tl@UModSys@@2USUniquePointer@core@3@A@@YAXXZ 0040c14e f    CIL library: CIL module
 0001:0000b158       ??__F?s_id@?$TObjectUniqueID@UILibraryBinTree@libmedia@UModSys@@@tl@UModSys@@2USUniquePointer@core@3@A@@YAXXZ 0040c158 f    CIL library: CIL module
 0001:0000b162       ??__F?s_id@?$TObjectUniqueID@UILibrary@libmedia@UModSys@@@tl@UModSys@@2USUniquePointer@core@3@A@@YAXXZ 0040c162 f    CIL library: CIL module
 0001:0000b16c       ??__F?s_id@?$TObjectUniqueID@UIBinObjFilter@libmedia@UModSys@@@tl@UModSys@@2USUniquePointer@core@3@A@@YAXXZ 0040c16c f    CIL library: CIL module
 0001:0000b176       ??__F?s_id@?$TObjectUniqueID@UIBinArchive@libmedia@UModSys@@@tl@UModSys@@2USUniquePointer@core@3@A@@YAXXZ 0040c176 f    CIL library: CIL module
 0001:0000b180       ??__F?s_id@?$TObjectUniqueID@UIStreamWriter@libmedia@UModSys@@@tl@UModSys@@2USUniquePointer@core@3@A@@YAXXZ 0040c180 f    CIL library: CIL module
 0001:0000b18a       ??__F?s_id@?$TObjectUniqueID@UIStreamReader@libmedia@UModSys@@@tl@UModSys@@2USUniquePointer@core@3@A@@YAXXZ 0040c18a f    CIL library: CIL module
 0001:0000b194       ??__F?s_modreg@RModuleReg@images_std@media@modules@UModSys@@2U12345@A@@YAXXZ 0040c194 f    CIL library: CIL module
 0001:0000b19f       ??__F?s_modreg_chain@RModuleReg@images_std@media@modules@UModSys@@2USModuleRegChain@base@5@A@@YAXXZ 0040c19f f    CIL library: CIL module
 0001:0000b1a9       ??__F?s_uid@RGenerator@images_std@media@modules@UModSys@@2USUniquePointer@core@5@A@@YAXXZ 0040c1a9 f    CIL library: CIL module
 0001:0000b1b3       ??__Fh@?1??s_holder@RGenerator@images_std@media@modules@UModSys@@SAAAU?$TTypeStaticHolder@URGenerator@images_std@media@modules@UModSys@@@tl@5@XZ@YAXXZ 0040c1b3 f    CIL library: CIL module
 0001:0000b1d0       ??__F?s_id@?$TObjectUniqueID@URGenerator@images_std@media@modules@UModSys@@@tl@UModSys@@2USUniquePointer@core@3@A@@YAXXZ 0040c1d0 f    CIL library: CIL module
 0001:0000b1da       ??__F?s_id@?$TObjectUniqueID@URMediaFilter@images_std@media@modules@UModSys@@@tl@UModSys@@2USUniquePointer@core@3@A@@YAXXZ 0040c1da f    CIL library: CIL module
 0001:0000b1e4       ??__F?s_id@?$TObjectUniqueID@UIMultiImage@lib2d@UModSys@@@tl@UModSys@@2USUniquePointer@core@3@A@@YAXXZ 0040c1e4 f    CIL library: CIL module
 0001:0000b1ee       ??__F?s_id@?$TObjectUniqueID@UIImage@lib2d@UModSys@@@tl@UModSys@@2USUniquePointer@core@3@A@@YAXXZ 0040c1ee f    CIL library: CIL module
 0001:0000b1f8       ??__F?s_modreg@RModuleReg@stdio@media@modules@UModSys@@2U12345@A@@YAXXZ 0040c1f8 f    CIL library: CIL module
 0001:0000b203       ??__F?s_modreg_chain@RModuleReg@stdio@media@modules@UModSys@@2USModuleRegChain@base@5@A@@YAXXZ 0040c203 f    CIL library: CIL module
 0001:0000b20d       ??__F?s_uid@RGenerator@stdio@media@modules@UModSys@@2USUniquePointer@core@5@A@@YAXXZ 0040c20d f    CIL library: CIL module
 0001:0000b217       ??__Fh@?1??s_holder@RGenerator@stdio@media@modules@UModSys@@SAAAU?$TTypeStaticHolder@URGenerator@stdio@media@modules@UModSys@@@tl@5@XZ@YAXXZ 0040c217 f    CIL library: CIL module
 0001:0000b234       ??__F?s_id@?$TObjectUniqueID@URGenerator@stdio@media@modules@UModSys@@@tl@UModSys@@2USUniquePointer@core@3@A@@YAXXZ 0040c234 f    CIL library: CIL module
 0001:0000b23e       ??__F?s_id@?$TObjectUniqueID@URDataArchiver_OsDir@stdio@media@modules@UModSys@@@tl@UModSys@@2USUniquePointer@core@3@A@@YAXXZ 0040c23e f    CIL library: CIL module
 0001:0000b248       ??__F?s_id@?$TObjectUniqueID@URStreamWriter_FILE@stdio@media@modules@UModSys@@@tl@UModSys@@2USUniquePointer@core@3@A@@YAXXZ 0040c248 f    CIL library: CIL module
 0001:0000b252       ??__F?s_id@?$TObjectUniqueID@URStreamReader_FILE@stdio@media@modules@UModSys@@@tl@UModSys@@2USUniquePointer@core@3@A@@YAXXZ 0040c252 f    CIL library: CIL module
 0001:0000b25c       ??__F?s_console@RConsole_std@rsystem@base@UModSys@@2U1234@A@@YAXXZ 0040c25c f    CIL library: CIL module
 0001:0000b289       ??__F?s_sys@RSystem@rsystem@base@UModSys@@2U1234@A@@YAXXZ 0040c289 f    CIL library: CIL module
 0001:0000b294       ??__Frsys_dbg@rsystem@base@UModSys@@YAXXZ 0040c294 f    CIL library: CIL module
 0001:0000b2ab       ??__FM@UModSys@@YAXXZ      0040c2ab f    CIL library: CIL module
 0001:0000b2ac       ??__F?root@SModuleRegChain@base@UModSys@@2U123@A@@YAXXZ 0040c2ac f    CIL library: CIL module
 0001:0000b2b6       ??__F?s_library@RModuleLibraryReg_Chain@base@UModSys@@2U123@A@@YAXXZ 0040c2b6 f    CIL library: CIL module
 0001:0000b2c1       ??__F?root@SUniquePointer@core@UModSys@@2U123@A@@YAXXZ 0040c2c1 f    CIL library: CIL module

 Exports

  ordinal    name

        1    _UModSys_Plugin_Entry2@0
