 umodsysc

 Timestamp is 52a1f360 (Fri Dec 06 18:55:12 2013)

 Preferred load address is 00400000

 Start         Length     Name                   Class
 0001:00000000 000098c0H .text                   CODE
 0001:000098c0 00000407H .text$x                 CODE
 0001:00009cc7 0000060eH .text$yc                CODE
 0001:0000a2d5 00000259H .text$yd                CODE
 0002:00000000 00000154H .idata$5                DATA
 0002:00000154 00000004H .CRT$XCA                DATA
 0002:00000158 00000004H .CRT$XCAA               DATA
 0002:0000015c 000001e8H .CRT$XCU                DATA
 0002:00000344 00000004H .CRT$XCZ                DATA
 0002:00000348 00000004H .CRT$XIA                DATA
 0002:0000034c 00000004H .CRT$XIAA               DATA
 0002:00000350 00000004H .CRT$XIY                DATA
 0002:00000354 00000004H .CRT$XIZ                DATA
 0002:00000358 00001718H .rdata                  DATA
 0002:00001a70 0000114cH .rdata$r                DATA
 0002:00002bc0 0000009cH .rdata$sxdata           DATA
 0002:00002c5c 00000004H .rtc$IAA                DATA
 0002:00002c60 00000004H .rtc$IZZ                DATA
 0002:00002c64 00000004H .rtc$TAA                DATA
 0002:00002c68 00000004H .rtc$TZZ                DATA
 0002:00002c70 000008c8H .xdata$x                DATA
 0002:00003538 00000028H .idata$2                DATA
 0002:00003560 00000014H .idata$3                DATA
 0002:00003574 00000154H .idata$4                DATA
 0002:000036c8 00000554H .idata$6                DATA
 0002:00003c20 00000058H .edata                  DATA
 0003:00000000 00000bd0H .data                   DATA
 0003:00000bd0 00002904H .bss                    DATA

  Address         Publics by Value              Rva+Base       Lib:Object

 0000:00000000       __except_list              00000000     <absolute>
 0000:00000027       ___safe_se_handler_count   00000027     <absolute>
 0000:00009876       __fltused                  00009876     <absolute>
 0000:00009876       __ldused                   00009876     <absolute>
 0000:00000000       ___ImageBase               00400000     <linker-defined>
 0001:00000000       _main                      00401000 f   umodsys.c_main.obj
 0001:0000018a       ??0?$TString@U?$TSCoreConst@D@su@tl@UModSys@@U?$TComparerBinaryHash@D@234@@tl@UModSys@@QAE@PBD@Z 0040118a f i umodsys.c_main.obj
 0001:000001a4       ?set@?$TString@U?$TSCoreConst@D@su@tl@UModSys@@U?$TComparerBinaryHash@D@234@@tl@UModSys@@QAEXPBD@Z 004011a4 f i umodsys.c_main.obj
 0001:000001cd       ?update@?$TComparerBinaryHash@D@su@tl@UModSys@@QAEXPBDI@Z 004011cd f i umodsys.c_main.obj
 0001:000001f9       ?link@SMemShared@core@UModSys@@QAE_NPAUSMemorySharedData@23@PAUSSourceContext@23@@Z 004011f9 f i umodsys_lib_libmedia:umodsys.mod.media.std.obj
 0001:000001f9       ?link@SCMemShared@core@UModSys@@QAE_NPAUSMemorySharedData@23@PAUSSourceContext@23@@Z 004011f9 f i umodsys_lib_libmedia:umodsys.mod.media.std.obj
 0001:0000021e       ??6SUniquePtrList@core@UModSys@@QAEAAU012@PBUSUniquePointerInfo@12@@Z 0040121e f i umodsys_lib_libmedia:umodsys.mod.media.std.obj
 0001:0000023a       ??2IRoot@core@UModSys@@SAPAXIABUSIMemAlloc@12@@Z 0040123a f i umodsys_lib_libmedia:umodsys.mod.media.std.obj
 0001:0000025c       ??3IRoot@core@UModSys@@SAXPAXABUSIMemAlloc@12@@Z 0040125c f i umodsys_lib_libmedia:umodsys.mod.media.std.obj
 0001:00000275       ?_root_get_other_interface@IRefObject@core@UModSys@@IAEPAUIRoot@23@PBUSUniquePointerInfo@23@@Z 00401275 f i umodsys_lib_libmedia:umodsys.mod.media.std.obj
 0001:00000275       ?_root_get_other_interface@IRefObject@core@UModSys@@IBEPBUIRoot@23@PBUSUniquePointerInfo@23@@Z 00401275 f i umodsys_lib_libmedia:umodsys.mod.media.std.obj
 0001:00000296       ?_root_get_interface_types@IRefObject@core@UModSys@@SAIAAUSUniquePtrList@23@@Z 00401296 f i umodsys_lib_libmedia:umodsys.mod.media.std.obj
 0001:000002b6       ?_root_is_interface_supported@IRefObject@core@UModSys@@SA_NPBUSUniquePointerInfo@23@@Z 004012b6 f i umodsys_lib_libmedia:umodsys.mod.media.std.obj
 0001:000002cd       ??$seq@D@su@tl@UModSys@@YA_NPBD0I@Z 004012cd f i umodsys_lib_libmedia:umodsys.mod.media.std.obj
 0001:000002e8       ?_root_is_interface_supported@IGenerator@base@UModSys@@SA_NPBUSUniquePointerInfo@core@3@@Z 004012e8 f i umodsys_lib_libmedia:umodsys.mod.media.std.obj
 0001:00000308       ??1?$TString@U?$TSCoreShared@USIMemAlloc@core@UModSys@@D@su@tl@UModSys@@U?$TComparerBinaryHash@D@234@@tl@UModSys@@QAE@XZ 00401308 f i umodsys_lib_libmedia:umodsys.mod.media.std.obj
 0001:00000308       ??1?$TSCoreShared@USIMemAlloc@core@UModSys@@D@su@tl@UModSys@@QAE@XZ 00401308 f i umodsys_lib_libmedia:umodsys.mod.media.std.obj
 0001:0000030d       ?get_flag@RResolverChain@SFlagsChain@libmedia@UModSys@@UBE?AW4eStates@?$TFlags4State@USMediaFlagUid@libmedia@UModSys@@I@tl@4@H@Z 0040130d f i umodsys_lib_libmedia:umodsys.mod.media.std.obj
 0001:00000333       ?_root_get_interface_types@ILibrary@libmedia@UModSys@@SAIAAUSUniquePtrList@core@3@@Z 00401333 f i umodsys_lib_libmedia:umodsys.mod.media.std.obj
 0001:0000034d       ?_root_is_interface_supported@ILibrary@libmedia@UModSys@@SA_NPBUSUniquePointerInfo@core@3@@Z 0040134d f i umodsys_lib_libmedia:umodsys.mod.media.std.obj
 0001:00000365       ??1SPoint@ILibraryBinTree@libmedia@UModSys@@QAE@XZ 00401365 f i umodsys_lib_libmedia:umodsys.mod.media.std.obj
 0001:00000365       ??1SLayer@ILibraryLayered@libmedia@UModSys@@QAE@XZ 00401365 f i umodsys_lib_libmedia:umodsys.mod.media.std.obj
 0001:00000376       ?root_get_interface_info@RLibraryBinCache@std@media@modules@UModSys@@UBEABUSUniquePointerInfo@core@5@XZ 00401376 f i umodsys_lib_libmedia:umodsys.mod.media.std.obj
 0001:0000037c       ?root_get_interface_type@RLibraryBinCache@std@media@modules@UModSys@@UBEPBUSUniquePointerInfo@core@5@XZ 0040137c f i umodsys_lib_libmedia:umodsys.mod.media.std.obj
 0001:00000382       ?root_get_other_interface@RLibraryBinCache@std@media@modules@UModSys@@UAEPAUIRoot@core@5@PBUSUniquePointerInfo@75@@Z 00401382 f i umodsys_lib_libmedia:umodsys.mod.media.std.obj
 0001:00000382       ?root_get_other_interface@RLibraryBinCache@std@media@modules@UModSys@@UBEPBUIRoot@core@5@PBUSUniquePointerInfo@75@@Z 00401382 f i umodsys_lib_libmedia:umodsys.mod.media.std.obj
 0001:000003ab       ?root_is_interface_supported@RLibraryBinCache@std@media@modules@UModSys@@UBE_NPBUSUniquePointerInfo@core@5@@Z 004013ab f i umodsys_lib_libmedia:umodsys.mod.media.std.obj
 0001:000003d2       ??0RLibraryBinCache@std@media@modules@UModSys@@QAE@PAUIModObject@base@4@ABUSParameters@core@4@U?$TFlags4State@USMediaFlagUid@libmedia@UModSys@@I@tl@4@@Z 004013d2 f i umodsys_lib_libmedia:umodsys.mod.media.std.obj
 0001:0000042f       ?get_flags_auto@RLibraryBinCache@std@media@modules@UModSys@@UBE?AU?$TFlags4State@USMediaFlagUid@libmedia@UModSys@@I@tl@5@XZ 0040142f f i umodsys_lib_libmedia:umodsys.mod.media.std.obj
 0001:0000043e       ?bin_writer@RLibraryObjCache@std@media@modules@UModSys@@UAE?AU?$TRefObject@UIStreamWriter@libmedia@UModSys@@U?$TRefObjectFunc@UIStreamWriter@libmedia@UModSys@@@tl@3@@tl@5@ABU?$TString@U?$TSCoreConst@D@su@tl@UModSys@@U?$TComparerBinaryHash@D@234@@75@ABUSFlags@libmedia@5@@Z 0040143e f i umodsys_lib_libmedia:umodsys.mod.media.std.obj
 0001:0000043e       ?bin_reader@RLibraryObjFilter@std@media@modules@UModSys@@UAE?AU?$TRefObject@UIStreamReader@libmedia@UModSys@@U?$TRefObjectFunc@UIStreamReader@libmedia@UModSys@@@tl@3@@tl@5@ABU?$TString@U?$TSCoreConst@D@su@tl@UModSys@@U?$TComparerBinaryHash@D@234@@75@ABUSFlags@libmedia@5@@Z 0040143e f i umodsys_lib_libmedia:umodsys.mod.media.std.obj
 0001:0000043e       ?bin_reader@RLibraryBinCache@std@media@modules@UModSys@@UAE?AU?$TRefObject@UIStreamReader@libmedia@UModSys@@U?$TRefObjectFunc@UIStreamReader@libmedia@UModSys@@@tl@3@@tl@5@ABU?$TString@U?$TSCoreConst@D@su@tl@UModSys@@U?$TComparerBinaryHash@D@234@@75@ABUSFlags@libmedia@5@@Z 0040143e f i umodsys_lib_libmedia:umodsys.mod.media.std.obj
 0001:0000043e       ?bin_writer@RLibraryBinCache@std@media@modules@UModSys@@UAE?AU?$TRefObject@UIStreamWriter@libmedia@UModSys@@U?$TRefObjectFunc@UIStreamWriter@libmedia@UModSys@@@tl@3@@tl@5@ABU?$TString@U?$TSCoreConst@D@su@tl@UModSys@@U?$TComparerBinaryHash@D@234@@75@ABUSFlags@libmedia@5@@Z 0040143e f i umodsys_lib_libmedia:umodsys.mod.media.std.obj
 0001:0000043e       ?bin_writer@RLibraryObjFilter@std@media@modules@UModSys@@UAE?AU?$TRefObject@UIStreamWriter@libmedia@UModSys@@U?$TRefObjectFunc@UIStreamWriter@libmedia@UModSys@@@tl@3@@tl@5@ABU?$TString@U?$TSCoreConst@D@su@tl@UModSys@@U?$TComparerBinaryHash@D@234@@75@ABUSFlags@libmedia@5@@Z 0040143e f i umodsys_lib_libmedia:umodsys.mod.media.std.obj
 0001:0000043e       ?bin_reader@RLibraryObjCache@std@media@modules@UModSys@@UAE?AU?$TRefObject@UIStreamReader@libmedia@UModSys@@U?$TRefObjectFunc@UIStreamReader@libmedia@UModSys@@@tl@3@@tl@5@ABU?$TString@U?$TSCoreConst@D@su@tl@UModSys@@U?$TComparerBinaryHash@D@234@@75@ABUSFlags@libmedia@5@@Z 0040143e f i umodsys_lib_libmedia:umodsys.mod.media.std.obj
 0001:00000450       ?bin_load@RLibraryBinCache@std@media@modules@UModSys@@UAE_NABU?$TString@U?$TSCoreConst@D@su@tl@UModSys@@U?$TComparerBinaryHash@D@234@@tl@5@AAUSCMemShared@core@5@ABUSFlags@libmedia@5@@Z 00401450 f i umodsys_lib_libmedia:umodsys.mod.media.std.obj
 0001:000004a7       ?bin_put@RLibraryBinCache@std@media@modules@UModSys@@UAE_NABU?$TString@U?$TSCoreConst@D@su@tl@UModSys@@U?$TComparerBinaryHash@D@234@@tl@5@PBUSCMemShared@core@5@@Z 004014a7 f i umodsys_lib_libmedia:umodsys.mod.media.std.obj
 0001:000004bd       ?obj_fsave@RLibraryBinTree@std@media@modules@UModSys@@UAE_NAAUSInfo@IBinObjFilter@libmedia@5@PBUIRefObject@core@5@@Z 004014bd f i umodsys_lib_libmedia:umodsys.mod.media.std.obj
 0001:000004bd       ?obj_fget@RLibraryObjCache@std@media@modules@UModSys@@UAE_NABUSInfo@IBinObjFilter@libmedia@5@AAU?$TRefObject@UIRefObject@core@UModSys@@U?$TRefObjectFunc@UIRefObject@core@UModSys@@@tl@3@@tl@5@@Z 004014bd f i umodsys_lib_libmedia:umodsys.mod.media.std.obj
 0001:000004bd       ?obj_fsave@RLibraryObjCache@std@media@modules@UModSys@@UAE_NAAUSInfo@IBinObjFilter@libmedia@5@PBUIRefObject@core@5@@Z 004014bd f i umodsys_lib_libmedia:umodsys.mod.media.std.obj
 0001:000004bd       ?obj_cput@RLibraryBinCache@std@media@modules@UModSys@@UAE_NABU?$TString@U?$TSCoreConst@D@su@tl@UModSys@@U?$TComparerBinaryHash@D@234@@tl@5@PAUIRefObject@core@5@@Z 004014bd f i umodsys_lib_libmedia:umodsys.mod.media.std.obj
 0001:000004bd       ?bin_put@RLibraryObjCache@std@media@modules@UModSys@@UAE_NABU?$TString@U?$TSCoreConst@D@su@tl@UModSys@@U?$TComparerBinaryHash@D@234@@tl@5@PBUSCMemShared@core@5@@Z 004014bd f i umodsys_lib_libmedia:umodsys.mod.media.std.obj
 0001:000004bd       ?bin_put@RLibraryObjFilter@std@media@modules@UModSys@@UAE_NABU?$TString@U?$TSCoreConst@D@su@tl@UModSys@@U?$TComparerBinaryHash@D@234@@tl@5@PBUSCMemShared@core@5@@Z 004014bd f i umodsys_lib_libmedia:umodsys.mod.media.std.obj
 0001:000004bd       ?obj_cput@RLibraryObjFilter@std@media@modules@UModSys@@UAE_NABU?$TString@U?$TSCoreConst@D@su@tl@UModSys@@U?$TComparerBinaryHash@D@234@@tl@5@PAUIRefObject@core@5@@Z 004014bd f i umodsys_lib_libmedia:umodsys.mod.media.std.obj
 0001:000004bd       ?obj_fload@RLibraryBinCache@std@media@modules@UModSys@@UAE_NABUSInfo@IBinObjFilter@libmedia@5@PAUIRefObject@core@5@@Z 004014bd f i umodsys_lib_libmedia:umodsys.mod.media.std.obj
 0001:000004bd       ?obj_cput@RLibraryBinTree@std@media@modules@UModSys@@UAE_NABU?$TString@U?$TSCoreConst@D@su@tl@UModSys@@U?$TComparerBinaryHash@D@234@@tl@5@PAUIRefObject@core@5@@Z 004014bd f i umodsys_lib_libmedia:umodsys.mod.media.std.obj
 0001:000004bd       ?obj_fload@RLibraryBinTree@std@media@modules@UModSys@@UAE_NABUSInfo@IBinObjFilter@libmedia@5@PAUIRefObject@core@5@@Z 004014bd f i umodsys_lib_libmedia:umodsys.mod.media.std.obj
 0001:000004bd       ?bin_put@RLibraryBinTree@std@media@modules@UModSys@@UAE_NABU?$TString@U?$TSCoreConst@D@su@tl@UModSys@@U?$TComparerBinaryHash@D@234@@tl@5@PBUSCMemShared@core@5@@Z 004014bd f i umodsys_lib_libmedia:umodsys.mod.media.std.obj
 0001:000004bd       ?obj_fget@RLibraryBinCache@std@media@modules@UModSys@@UAE_NABUSInfo@IBinObjFilter@libmedia@5@AAU?$TRefObject@UIRefObject@core@UModSys@@U?$TRefObjectFunc@UIRefObject@core@UModSys@@@tl@3@@tl@5@@Z 004014bd f i umodsys_lib_libmedia:umodsys.mod.media.std.obj
 0001:000004bd       ?obj_fsave@RLibraryBinCache@std@media@modules@UModSys@@UAE_NAAUSInfo@IBinObjFilter@libmedia@5@PBUIRefObject@core@5@@Z 004014bd f i umodsys_lib_libmedia:umodsys.mod.media.std.obj
 0001:000004bd       ?obj_fget@RLibraryBinTree@std@media@modules@UModSys@@UAE_NABUSInfo@IBinObjFilter@libmedia@5@AAU?$TRefObject@UIRefObject@core@UModSys@@U?$TRefObjectFunc@UIRefObject@core@UModSys@@@tl@3@@tl@5@@Z 004014bd f i umodsys_lib_libmedia:umodsys.mod.media.std.obj
 0001:000004bd       ?obj_fload@RLibraryObjCache@std@media@modules@UModSys@@UAE_NABUSInfo@IBinObjFilter@libmedia@5@PAUIRefObject@core@5@@Z 004014bd f i umodsys_lib_libmedia:umodsys.mod.media.std.obj
 0001:000004c2       ?bincache_get@RLibraryBinCache@std@media@modules@UModSys@@UBE_NABU?$TString@U?$TSCoreConst@D@su@tl@UModSys@@U?$TComparerBinaryHash@D@234@@tl@5@PAUSCMemShared@core@5@PA_N@Z 004014c2 f i umodsys_lib_libmedia:umodsys.mod.media.std.obj
 0001:00000514       ?bincache_add@RLibraryBinCache@std@media@modules@UModSys@@UAE_NABU?$TString@U?$TSCoreConst@D@su@tl@UModSys@@U?$TComparerBinaryHash@D@234@@tl@5@@Z 00401514 f i umodsys_lib_libmedia:umodsys.mod.media.std.obj
 0001:0000055a       ?bincache_add@RLibraryBinCache@std@media@modules@UModSys@@UAE_NABU?$TString@U?$TSCoreConst@D@su@tl@UModSys@@U?$TComparerBinaryHash@D@234@@tl@5@ABUSCMemShared@core@5@@Z 0040155a f i umodsys_lib_libmedia:umodsys.mod.media.std.obj
 0001:0000056c       ?bincache_remove@RLibraryBinCache@std@media@modules@UModSys@@UAE_NABU?$TString@U?$TSCoreConst@D@su@tl@UModSys@@U?$TComparerBinaryHash@D@234@@tl@5@@Z 0040156c f i umodsys_lib_libmedia:umodsys.mod.media.std.obj
 0001:000005a3       ?bincache_clear@RLibraryBinCache@std@media@modules@UModSys@@UAE_NXZ 004015a3 f i umodsys_lib_libmedia:umodsys.mod.media.std.obj
 0001:000005c1       ?bincache_add@RLibraryBinCache@std@media@modules@UModSys@@QAE_NABU?$TString@U?$TSCoreConst@D@su@tl@UModSys@@U?$TComparerBinaryHash@D@234@@tl@5@ABUSCMemShared@core@5@_N@Z 004015c1 f i umodsys_lib_libmedia:umodsys.mod.media.std.obj
 0001:0000066f       ??_ERLibraryBinCache@std@media@modules@UModSys@@UAEPAXI@Z 0040166f f i  CIL library: CIL module
 0001:0000066f       ??_GRLibraryBinCache@std@media@modules@UModSys@@UAEPAXI@Z 0040166f f i umodsys_lib_libmedia:umodsys.mod.media.std.obj
 0001:000006cc       ?root_get_interface_info@RLibraryBinTree@std@media@modules@UModSys@@UBEABUSUniquePointerInfo@core@5@XZ 004016cc f i umodsys_lib_libmedia:umodsys.mod.media.std.obj
 0001:000006d2       ?root_get_interface_type@RLibraryBinTree@std@media@modules@UModSys@@UBEPBUSUniquePointerInfo@core@5@XZ 004016d2 f i umodsys_lib_libmedia:umodsys.mod.media.std.obj
 0001:000006d8       ?root_get_other_interface@RLibraryBinTree@std@media@modules@UModSys@@UAEPAUIRoot@core@5@PBUSUniquePointerInfo@75@@Z 004016d8 f i umodsys_lib_libmedia:umodsys.mod.media.std.obj
 0001:000006d8       ?root_get_other_interface@RLibraryBinTree@std@media@modules@UModSys@@UBEPBUIRoot@core@5@PBUSUniquePointerInfo@75@@Z 004016d8 f i umodsys_lib_libmedia:umodsys.mod.media.std.obj
 0001:00000701       ?root_is_interface_supported@RLibraryBinTree@std@media@modules@UModSys@@UBE_NPBUSUniquePointerInfo@core@5@@Z 00401701 f i umodsys_lib_libmedia:umodsys.mod.media.std.obj
 0001:00000728       ?ref_links@RLibraryBinTree@std@media@modules@UModSys@@UBEHXZ 00401728 f i umodsys_lib_libmedia:umodsys.mod.media.std.obj
 0001:00000728       ?ref_links@RDataArchiver_OsDir@stdio@media@modules@UModSys@@UBEHXZ 00401728 f i umodsys_lib_libmedia:umodsys.mod.media.stdio.obj
 0001:00000728       ?ref_links@RLibraryBinCache@std@media@modules@UModSys@@UBEHXZ 00401728 f i umodsys_lib_libmedia:umodsys.mod.media.std.obj
 0001:00000728       ?ref_links@RLibraryObjCache@std@media@modules@UModSys@@UBEHXZ 00401728 f i umodsys_lib_libmedia:umodsys.mod.media.std.obj
 0001:00000728       ?ref_links@RLibraryObjFilter@std@media@modules@UModSys@@UBEHXZ 00401728 f i umodsys_lib_libmedia:umodsys.mod.media.std.obj
 0001:00000728       ?ref_links@RLibraryLayered@std@media@modules@UModSys@@UBEHXZ 00401728 f i umodsys_lib_libmedia:umodsys.mod.media.std.obj
 0001:0000072c       ?suicide@RLibraryObjFilter@std@media@modules@UModSys@@UAEXXZ 0040172c f i umodsys_lib_libmedia:umodsys.mod.media.std.obj
 0001:0000072c       ?suicide@RLibraryLayered@std@media@modules@UModSys@@UAEXXZ 0040172c f i umodsys_lib_libmedia:umodsys.mod.media.std.obj
 0001:0000072c       ?suicide@RLibraryObjCache@std@media@modules@UModSys@@UAEXXZ 0040172c f i umodsys_lib_libmedia:umodsys.mod.media.std.obj
 0001:0000072c       ?suicide@RLibraryBinCache@std@media@modules@UModSys@@UAEXXZ 0040172c f i umodsys_lib_libmedia:umodsys.mod.media.std.obj
 0001:0000072c       ?suicide@RLibraryBinTree@std@media@modules@UModSys@@UAEXXZ 0040172c f i umodsys_lib_libmedia:umodsys.mod.media.std.obj
 0001:0000072c       ?suicide@RDataArchiver_OsDir@stdio@media@modules@UModSys@@UAEXXZ 0040172c f i umodsys_lib_libmedia:umodsys.mod.media.stdio.obj
 0001:00000773       ??0RLibraryBinTree@std@media@modules@UModSys@@QAE@PAUIModObject@base@4@ABUSParameters@core@4@U?$TFlags4State@USMediaFlagUid@libmedia@UModSys@@I@tl@4@@Z 00401773 f i umodsys_lib_libmedia:umodsys.mod.media.std.obj
 0001:000007d0       ?get_flags_auto@RLibraryBinTree@std@media@modules@UModSys@@UBE?AU?$TFlags4State@USMediaFlagUid@libmedia@UModSys@@I@tl@5@XZ 004017d0 f i umodsys_lib_libmedia:umodsys.mod.media.std.obj
 0001:000007df       ?bin_reader@RLibraryBinTree@std@media@modules@UModSys@@UAE?AU?$TRefObject@UIStreamReader@libmedia@UModSys@@U?$TRefObjectFunc@UIStreamReader@libmedia@UModSys@@@tl@3@@tl@5@ABU?$TString@U?$TSCoreConst@D@su@tl@UModSys@@U?$TComparerBinaryHash@D@234@@75@ABUSFlags@libmedia@5@@Z 004017df f i umodsys_lib_libmedia:umodsys.mod.media.std.obj
 0001:000008d0       ?bin_writer@RLibraryBinTree@std@media@modules@UModSys@@UAE?AU?$TRefObject@UIStreamWriter@libmedia@UModSys@@U?$TRefObjectFunc@UIStreamWriter@libmedia@UModSys@@@tl@3@@tl@5@ABU?$TString@U?$TSCoreConst@D@su@tl@UModSys@@U?$TComparerBinaryHash@D@234@@75@ABUSFlags@libmedia@5@@Z 004018d0 f i umodsys_lib_libmedia:umodsys.mod.media.std.obj
 0001:000009c1       ?bin_load@RLibraryBinTree@std@media@modules@UModSys@@UAE_NABU?$TString@U?$TSCoreConst@D@su@tl@UModSys@@U?$TComparerBinaryHash@D@234@@tl@5@AAUSCMemShared@core@5@ABUSFlags@libmedia@5@@Z 004019c1 f i umodsys_lib_libmedia:umodsys.mod.media.std.obj
 0001:00000a73       ?bin_save@RLibraryBinTree@std@media@modules@UModSys@@UAE_NABU?$TString@U?$TSCoreConst@D@su@tl@UModSys@@U?$TComparerBinaryHash@D@234@@tl@5@ABUSCMem@core@5@ABUSFlags@libmedia@5@@Z 00401a73 f i umodsys_lib_libmedia:umodsys.mod.media.std.obj
 0001:00000b19       ?mount_get@RLibraryBinTree@std@media@modules@UModSys@@UBE?AUSPoint@ILibraryBinTree@libmedia@5@ABUSId@785@@Z 00401b19 f i umodsys_lib_libmedia:umodsys.mod.media.std.obj
 0001:00000b68       ?mount_add@RLibraryBinTree@std@media@modules@UModSys@@UAE_NABUSId@ILibraryBinTree@libmedia@5@ABUSPoint@785@@Z 00401b68 f i umodsys_lib_libmedia:umodsys.mod.media.std.obj
 0001:00000c40       ?mount_remove@RLibraryBinTree@std@media@modules@UModSys@@UAE_NABUSId@ILibraryBinTree@libmedia@5@@Z 00401c40 f i umodsys_lib_libmedia:umodsys.mod.media.std.obj
 0001:00000c77       ?mount_clear@RLibraryBinTree@std@media@modules@UModSys@@UAE_NXZ 00401c77 f i umodsys_lib_libmedia:umodsys.mod.media.std.obj
 0001:00000c95       ??_GRLibraryBinTree@std@media@modules@UModSys@@UAEPAXI@Z 00401c95 f i umodsys_lib_libmedia:umodsys.mod.media.std.obj
 0001:00000c95       ??_ERLibraryBinTree@std@media@modules@UModSys@@UAEPAXI@Z 00401c95 f i  CIL library: CIL module
 0001:00000cf2       ?root_get_interface_info@RLibraryLayered@std@media@modules@UModSys@@UBEABUSUniquePointerInfo@core@5@XZ 00401cf2 f i umodsys_lib_libmedia:umodsys.mod.media.std.obj
 0001:00000cf8       ?root_get_interface_type@RLibraryLayered@std@media@modules@UModSys@@UBEPBUSUniquePointerInfo@core@5@XZ 00401cf8 f i umodsys_lib_libmedia:umodsys.mod.media.std.obj
 0001:00000cfe       ?root_get_interface_types@RSystem@rsystem@base@UModSys@@UBEIAAUSUniquePtrList@core@4@@Z 00401cfe f i umodsys_lib_basesys:umodsys.basesys.rsystem_main.obj
 0001:00000cfe       ?root_get_interface_types@RGenerator@stdio@media@modules@UModSys@@UBEIAAUSUniquePtrList@core@5@@Z 00401cfe f i umodsys_lib_libmedia:umodsys.mod.media.stdio.obj
 0001:00000cfe       ?root_get_interface_types@RParameters@rsystem@base@UModSys@@UBEIAAUSUniquePtrList@core@4@@Z 00401cfe f i umodsys_lib_basesys:umodsys.basesys.rparameters.obj
 0001:00000cfe       ?root_get_interface_types@RModuleLibrarySO@rsystem@base@UModSys@@UBEIAAUSUniquePtrList@core@4@@Z 00401cfe f i umodsys_lib_basesys:umodsys.basesys.rmodulelibso.obj
 0001:00000cfe       ?root_get_interface_types@RDataArchiver_OsDir@stdio@media@modules@UModSys@@UBEIAAUSUniquePtrList@core@5@@Z 00401cfe f i umodsys_lib_libmedia:umodsys.mod.media.stdio.obj
 0001:00000cfe       ?root_get_interface_types@RLibraryLayered@std@media@modules@UModSys@@UBEIAAUSUniquePtrList@core@5@@Z 00401cfe f i umodsys_lib_libmedia:umodsys.mod.media.std.obj
 0001:00000cfe       ?root_get_interface_types@RLibraryBinCache@std@media@modules@UModSys@@UBEIAAUSUniquePtrList@core@5@@Z 00401cfe f i umodsys_lib_libmedia:umodsys.mod.media.std.obj
 0001:00000cfe       ?root_get_interface_types@RModuleLibraryThis@rsystem@base@UModSys@@UBEIAAUSUniquePtrList@core@4@@Z 00401cfe f i umodsys_lib_basesys:umodsys.basesys.rmodulelibthis.obj
 0001:00000cfe       ?root_get_interface_types@RLibraryBinTree@std@media@modules@UModSys@@UBEIAAUSUniquePtrList@core@5@@Z 00401cfe f i umodsys_lib_libmedia:umodsys.mod.media.std.obj
 0001:00000cfe       ?root_get_interface_types@RStreamReader_FILE@stdio@media@modules@UModSys@@UBEIAAUSUniquePtrList@core@5@@Z 00401cfe f i umodsys_lib_libmedia:umodsys.mod.media.stdio.obj
 0001:00000cfe       ?root_get_interface_types@RModule@rsystem@base@UModSys@@UBEIAAUSUniquePtrList@core@4@@Z 00401cfe f i umodsys_lib_basesys:umodsys.basesys.rmodule.obj
 0001:00000cfe       ?root_get_interface_types@RStreamWriter_FILE@stdio@media@modules@UModSys@@UBEIAAUSUniquePtrList@core@5@@Z 00401cfe f i umodsys_lib_libmedia:umodsys.mod.media.stdio.obj
 0001:00000cfe       ?root_get_interface_types@RGenerator@std@media@modules@UModSys@@UBEIAAUSUniquePtrList@core@5@@Z 00401cfe f i umodsys_lib_libmedia:umodsys.mod.media.std.obj
 0001:00000cfe       ?root_get_interface_types@RConsole_std@rsystem@base@UModSys@@UBEIAAUSUniquePtrList@core@4@@Z 00401cfe f i umodsys_lib_basesys:umodsys.basesys.rconsole_std.obj
 0001:00000cfe       ?root_get_interface_types@RLibraryObjCache@std@media@modules@UModSys@@UBEIAAUSUniquePtrList@core@5@@Z 00401cfe f i umodsys_lib_libmedia:umodsys.mod.media.std.obj
 0001:00000cfe       ?root_get_interface_types@RLibraryObjFilter@std@media@modules@UModSys@@UBEIAAUSUniquePtrList@core@5@@Z 00401cfe f i umodsys_lib_libmedia:umodsys.mod.media.std.obj
 0001:00000d03       ?root_get_other_interface@RLibraryLayered@std@media@modules@UModSys@@UAEPAUIRoot@core@5@PBUSUniquePointerInfo@75@@Z 00401d03 f i umodsys_lib_libmedia:umodsys.mod.media.std.obj
 0001:00000d03       ?root_get_other_interface@RLibraryLayered@std@media@modules@UModSys@@UBEPBUIRoot@core@5@PBUSUniquePointerInfo@75@@Z 00401d03 f i umodsys_lib_libmedia:umodsys.mod.media.std.obj
 0001:00000d2c       ?root_is_interface_supported@RLibraryLayered@std@media@modules@UModSys@@UBE_NPBUSUniquePointerInfo@core@5@@Z 00401d2c f i umodsys_lib_libmedia:umodsys.mod.media.std.obj
 0001:00000d53       ?ref_remove@RLibraryLayered@std@media@modules@UModSys@@UBEXXZ 00401d53 f i umodsys_lib_libmedia:umodsys.mod.media.std.obj
 0001:00000d53       ?ref_remove@RLibraryObjFilter@std@media@modules@UModSys@@UBEXXZ 00401d53 f i umodsys_lib_libmedia:umodsys.mod.media.std.obj
 0001:00000d53       ?ref_remove@RLibraryBinCache@std@media@modules@UModSys@@UBEXXZ 00401d53 f i umodsys_lib_libmedia:umodsys.mod.media.std.obj
 0001:00000d53       ?ref_remove@RLibraryObjCache@std@media@modules@UModSys@@UBEXXZ 00401d53 f i umodsys_lib_libmedia:umodsys.mod.media.std.obj
 0001:00000d53       ?ref_remove@RDataArchiver_OsDir@stdio@media@modules@UModSys@@UBEXXZ 00401d53 f i umodsys_lib_libmedia:umodsys.mod.media.stdio.obj
 0001:00000d53       ?ref_remove@RLibraryBinTree@std@media@modules@UModSys@@UBEXXZ 00401d53 f i umodsys_lib_libmedia:umodsys.mod.media.std.obj
 0001:00000d5e       ??4SLayerX@RLibraryLayered@std@media@modules@UModSys@@QAEXABUSLayer@ILibraryLayered@libmedia@5@@Z 00401d5e f i umodsys_lib_libmedia:umodsys.mod.media.std.obj
 0001:00000dbe       ??0RLibraryLayered@std@media@modules@UModSys@@QAE@PAUIModObject@base@4@ABUSParameters@core@4@U?$TFlags4State@USMediaFlagUid@libmedia@UModSys@@I@tl@4@@Z 00401dbe f i umodsys_lib_libmedia:umodsys.mod.media.std.obj
 0001:00000e2c       ?get_flag@RLibraryLayered@std@media@modules@UModSys@@UBE?AW4eStates@?$TFlags4State@USMediaFlagUid@libmedia@UModSys@@I@tl@5@H@Z 00401e2c f i umodsys_lib_libmedia:umodsys.mod.media.std.obj
 0001:00000e3f       ?get_flags_auto@RLibraryLayered@std@media@modules@UModSys@@UBE?AU?$TFlags4State@USMediaFlagUid@libmedia@UModSys@@I@tl@5@XZ 00401e3f f i umodsys_lib_libmedia:umodsys.mod.media.std.obj
 0001:00000e4e       ?set_flag@RLibraryLayered@std@media@modules@UModSys@@UAE?AW4eStates@?$TFlags4State@USMediaFlagUid@libmedia@UModSys@@I@tl@5@HW46785@@Z 00401e4e f i umodsys_lib_libmedia:umodsys.mod.media.std.obj
 0001:00000e7b       ?bin_reader@RLibraryLayered@std@media@modules@UModSys@@UAE?AU?$TRefObject@UIStreamReader@libmedia@UModSys@@U?$TRefObjectFunc@UIStreamReader@libmedia@UModSys@@@tl@3@@tl@5@ABU?$TString@U?$TSCoreConst@D@su@tl@UModSys@@U?$TComparerBinaryHash@D@234@@75@ABUSFlags@libmedia@5@@Z 00401e7b f i umodsys_lib_libmedia:umodsys.mod.media.std.obj
 0001:00000f2c       ?bin_writer@RLibraryLayered@std@media@modules@UModSys@@UAE?AU?$TRefObject@UIStreamWriter@libmedia@UModSys@@U?$TRefObjectFunc@UIStreamWriter@libmedia@UModSys@@@tl@3@@tl@5@ABU?$TString@U?$TSCoreConst@D@su@tl@UModSys@@U?$TComparerBinaryHash@D@234@@75@ABUSFlags@libmedia@5@@Z 00401f2c f i umodsys_lib_libmedia:umodsys.mod.media.std.obj
 0001:00000fdd       ?bin_load@RLibraryLayered@std@media@modules@UModSys@@UAE_NABU?$TString@U?$TSCoreConst@D@su@tl@UModSys@@U?$TComparerBinaryHash@D@234@@tl@5@AAUSCMemShared@core@5@ABUSFlags@libmedia@5@@Z 00401fdd f i umodsys_lib_libmedia:umodsys.mod.media.std.obj
 0001:000010e4       ?bin_save@RLibraryLayered@std@media@modules@UModSys@@UAE_NABU?$TString@U?$TSCoreConst@D@su@tl@UModSys@@U?$TComparerBinaryHash@D@234@@tl@5@ABUSCMem@core@5@ABUSFlags@libmedia@5@@Z 004020e4 f i umodsys_lib_libmedia:umodsys.mod.media.std.obj
 0001:00001217       ?bin_info@RLibraryLayered@std@media@modules@UModSys@@UAE_NABU?$TString@U?$TSCoreConst@D@su@tl@UModSys@@U?$TComparerBinaryHash@D@234@@tl@5@AAUSFileInfo@libmedia@5@ABUSFlags@95@@Z 00402217 f i umodsys_lib_libmedia:umodsys.mod.media.std.obj
 0001:00001287       ?bin_info@RLibraryLayered@std@media@modules@UModSys@@UAE_NABU?$TString@U?$TSCoreConst@D@su@tl@UModSys@@U?$TComparerBinaryHash@D@234@@tl@5@AAU?$TIStackSocket@USFileInfo@libmedia@UModSys@@@75@ABUSFlags@libmedia@5@@Z 00402287 f i umodsys_lib_libmedia:umodsys.mod.media.std.obj
 0001:000012fd       ?bin_get@RLibraryLayered@std@media@modules@UModSys@@UAE_NABU?$TString@U?$TSCoreConst@D@su@tl@UModSys@@U?$TComparerBinaryHash@D@234@@tl@5@AAUSCMemShared@core@5@_N@Z 004022fd f i umodsys_lib_libmedia:umodsys.mod.media.std.obj
 0001:0000133f       ?bin_put@RLibraryLayered@std@media@modules@UModSys@@UAE_NABU?$TString@U?$TSCoreConst@D@su@tl@UModSys@@U?$TComparerBinaryHash@D@234@@tl@5@PBUSCMemShared@core@5@@Z 0040233f f i umodsys_lib_libmedia:umodsys.mod.media.std.obj
 0001:0000137d       ?obj_fget@RLibraryLayered@std@media@modules@UModSys@@UAE_NABUSInfo@IBinObjFilter@libmedia@5@AAU?$TRefObject@UIRefObject@core@UModSys@@U?$TRefObjectFunc@UIRefObject@core@UModSys@@@tl@3@@tl@5@@Z 0040237d f i umodsys_lib_libmedia:umodsys.mod.media.std.obj
 0001:000013bb       ?obj_fload@RLibraryLayered@std@media@modules@UModSys@@UAE_NABUSInfo@IBinObjFilter@libmedia@5@PAUIRefObject@core@5@@Z 004023bb f i umodsys_lib_libmedia:umodsys.mod.media.std.obj
 0001:000013f9       ?obj_fsave@RLibraryLayered@std@media@modules@UModSys@@UAE_NAAUSInfo@IBinObjFilter@libmedia@5@PBUIRefObject@core@5@@Z 004023f9 f i umodsys_lib_libmedia:umodsys.mod.media.std.obj
 0001:00001437       ?obj_cget@RLibraryLayered@std@media@modules@UModSys@@UAE_NABU?$TString@U?$TSCoreConst@D@su@tl@UModSys@@U?$TComparerBinaryHash@D@234@@tl@5@AAU?$TRefObject@UIRefObject@core@UModSys@@U?$TRefObjectFunc@UIRefObject@core@UModSys@@@tl@3@@75@_N@Z 00402437 f i umodsys_lib_libmedia:umodsys.mod.media.std.obj
 0001:00001479       ?obj_cput@RLibraryLayered@std@media@modules@UModSys@@UAE_NABU?$TString@U?$TSCoreConst@D@su@tl@UModSys@@U?$TComparerBinaryHash@D@234@@tl@5@PAUIRefObject@core@5@@Z 00402479 f i umodsys_lib_libmedia:umodsys.mod.media.std.obj
 0001:000014b7       ?obj_get@RLibraryLayered@std@media@modules@UModSys@@UAE_NABU?$TString@U?$TSCoreConst@D@su@tl@UModSys@@U?$TComparerBinaryHash@D@234@@tl@5@AAU?$TRefObject@UIRefObject@core@UModSys@@U?$TRefObjectFunc@UIRefObject@core@UModSys@@@tl@3@@75@ABUSObjOptions@ILibrary@libmedia@5@@Z 004024b7 f i umodsys_lib_libmedia:umodsys.mod.media.std.obj
 0001:00001657       ?obj_load@RLibraryLayered@std@media@modules@UModSys@@UAE_NABU?$TString@U?$TSCoreConst@D@su@tl@UModSys@@U?$TComparerBinaryHash@D@234@@tl@5@PAUIRefObject@core@5@ABUSObjOptions@ILibrary@libmedia@5@@Z 00402657 f i umodsys_lib_libmedia:umodsys.mod.media.std.obj
 0001:00001758       ?obj_save@RLibraryLayered@std@media@modules@UModSys@@UAE_NABU?$TString@U?$TSCoreConst@D@su@tl@UModSys@@U?$TComparerBinaryHash@D@234@@tl@5@PBUIRefObject@core@5@ABUSObjOptions@ILibrary@libmedia@5@@Z 00402758 f i umodsys_lib_libmedia:umodsys.mod.media.std.obj
 0001:00001880       ?layer_count@RLibraryLayered@std@media@modules@UModSys@@UBEIABUSLayer@ILibraryLayered@libmedia@5@@Z 00402880 f i umodsys_lib_libmedia:umodsys.mod.media.std.obj
 0001:00001886       ?layer_get@RLibraryLayered@std@media@modules@UModSys@@UBE?AUSLayer@ILibraryLayered@libmedia@5@I@Z 00402886 f i umodsys_lib_libmedia:umodsys.mod.media.std.obj
 0001:000018a9       ?layer_find@RLibraryLayered@std@media@modules@UModSys@@UBEIABU?$TString@U?$TSCoreConst@D@su@tl@UModSys@@U?$TComparerBinaryHash@D@234@@tl@5@I@Z 004028a9 f i umodsys_lib_libmedia:umodsys.mod.media.std.obj
 0001:000018f1       ?layer_insert@RLibraryLayered@std@media@modules@UModSys@@UAE_NABUSLayer@ILibraryLayered@libmedia@5@I@Z 004028f1 f i umodsys_lib_libmedia:umodsys.mod.media.std.obj
 0001:00001969       ?layer_remove@RLibraryLayered@std@media@modules@UModSys@@UAE_NI@Z 00402969 f i umodsys_lib_libmedia:umodsys.mod.media.std.obj
 0001:000019b3       ?layer_clear@RLibraryLayered@std@media@modules@UModSys@@UAE_NXZ 004029b3 f i umodsys_lib_libmedia:umodsys.mod.media.std.obj
 0001:000019bd       ??_ERLibraryLayered@std@media@modules@UModSys@@UAEPAXI@Z 004029bd f i  CIL library: CIL module
 0001:000019bd       ??_GRLibraryLayered@std@media@modules@UModSys@@UAEPAXI@Z 004029bd f i umodsys_lib_libmedia:umodsys.mod.media.std.obj
 0001:000019f1       ??1SCMemShared@core@UModSys@@QAE@XZ 004029f1 f i umodsys_lib_libmedia:umodsys.mod.media.std.obj
 0001:000019f1       ??1SMemShared@core@UModSys@@QAE@XZ 004029f1 f i umodsys_lib_libmedia:umodsys.mod.media.std.obj
 0001:000019f1       ??1SInfo@IBinObjFilter@libmedia@UModSys@@QAE@XZ 004029f1 f i umodsys_lib_libmedia:umodsys.mod.media.std.obj
 0001:000019fb       ??0SLayer@ILibraryLayered@libmedia@UModSys@@QAE@ABU0123@@Z 004029fb f i umodsys_lib_libmedia:umodsys.mod.media.std.obj
 0001:00001a27       ?root_get_interface_info@RLibraryObjCache@std@media@modules@UModSys@@UBEABUSUniquePointerInfo@core@5@XZ 00402a27 f i umodsys_lib_libmedia:umodsys.mod.media.std.obj
 0001:00001a2d       ?root_get_interface_type@RLibraryObjCache@std@media@modules@UModSys@@UBEPBUSUniquePointerInfo@core@5@XZ 00402a2d f i umodsys_lib_libmedia:umodsys.mod.media.std.obj
 0001:00001a33       ?root_get_other_interface@RLibraryObjCache@std@media@modules@UModSys@@UAEPAUIRoot@core@5@PBUSUniquePointerInfo@75@@Z 00402a33 f i umodsys_lib_libmedia:umodsys.mod.media.std.obj
 0001:00001a33       ?root_get_other_interface@RLibraryObjCache@std@media@modules@UModSys@@UBEPBUIRoot@core@5@PBUSUniquePointerInfo@75@@Z 00402a33 f i umodsys_lib_libmedia:umodsys.mod.media.std.obj
 0001:00001a5c       ?root_is_interface_supported@RLibraryObjCache@std@media@modules@UModSys@@UBE_NPBUSUniquePointerInfo@core@5@@Z 00402a5c f i umodsys_lib_libmedia:umodsys.mod.media.std.obj
 0001:00001a83       ?ref_weak@RLibraryBinTree@std@media@modules@UModSys@@UBE_NAAUWeakPointer@IRefObject@core@5@@Z 00402a83 f i umodsys_lib_libmedia:umodsys.mod.media.std.obj
 0001:00001a83       ?ref_weak@RLibraryBinCache@std@media@modules@UModSys@@UBE_NAAUWeakPointer@IRefObject@core@5@@Z 00402a83 f i umodsys_lib_libmedia:umodsys.mod.media.std.obj
 0001:00001a83       ?ref_weak@RDataArchiver_OsDir@stdio@media@modules@UModSys@@UBE_NAAUWeakPointer@IRefObject@core@5@@Z 00402a83 f i umodsys_lib_libmedia:umodsys.mod.media.stdio.obj
 0001:00001a83       ?ref_weak@RLibraryObjFilter@std@media@modules@UModSys@@UBE_NAAUWeakPointer@IRefObject@core@5@@Z 00402a83 f i umodsys_lib_libmedia:umodsys.mod.media.std.obj
 0001:00001a83       ?ref_weak@RLibraryObjCache@std@media@modules@UModSys@@UBE_NAAUWeakPointer@IRefObject@core@5@@Z 00402a83 f i umodsys_lib_libmedia:umodsys.mod.media.std.obj
 0001:00001a83       ?ref_weak@RLibraryLayered@std@media@modules@UModSys@@UBE_NAAUWeakPointer@IRefObject@core@5@@Z 00402a83 f i umodsys_lib_libmedia:umodsys.mod.media.std.obj
 0001:00001aa2       ??0RLibraryObjCache@std@media@modules@UModSys@@QAE@PAUIModObject@base@4@ABUSParameters@core@4@U?$TFlags4State@USMediaFlagUid@libmedia@UModSys@@I@tl@4@@Z 00402aa2 f i umodsys_lib_libmedia:umodsys.mod.media.std.obj
 0001:00001aff       ?get_flags_auto@RLibraryObjCache@std@media@modules@UModSys@@UBE?AU?$TFlags4State@USMediaFlagUid@libmedia@UModSys@@I@tl@5@XZ 00402aff f i umodsys_lib_libmedia:umodsys.mod.media.std.obj
 0001:00001b0e       ?set_flag@RLibraryObjCache@std@media@modules@UModSys@@UAE?AW4eStates@?$TFlags4State@USMediaFlagUid@libmedia@UModSys@@I@tl@5@HW46785@@Z 00402b0e f i umodsys_lib_libmedia:umodsys.mod.media.std.obj
 0001:00001b0e       ?set_flag@RLibraryBinCache@std@media@modules@UModSys@@UAE?AW4eStates@?$TFlags4State@USMediaFlagUid@libmedia@UModSys@@I@tl@5@HW46785@@Z 00402b0e f i umodsys_lib_libmedia:umodsys.mod.media.std.obj
 0001:00001b0e       ?set_flag@RLibraryBinTree@std@media@modules@UModSys@@UAE?AW4eStates@?$TFlags4State@USMediaFlagUid@libmedia@UModSys@@I@tl@5@HW46785@@Z 00402b0e f i umodsys_lib_libmedia:umodsys.mod.media.std.obj
 0001:00001b0e       ?set_flag@RLibraryObjFilter@std@media@modules@UModSys@@UAE?AW4eStates@?$TFlags4State@USMediaFlagUid@libmedia@UModSys@@I@tl@5@HW46785@@Z 00402b0e f i umodsys_lib_libmedia:umodsys.mod.media.std.obj
 0001:00001b3b       ?bin_get@RLibraryBinCache@std@media@modules@UModSys@@UAE_NABU?$TString@U?$TSCoreConst@D@su@tl@UModSys@@U?$TComparerBinaryHash@D@234@@tl@5@AAUSCMemShared@core@5@_N@Z 00402b3b f i umodsys_lib_libmedia:umodsys.mod.media.std.obj
 0001:00001b3b       ?obj_cget@RLibraryObjCache@std@media@modules@UModSys@@UAE_NABU?$TString@U?$TSCoreConst@D@su@tl@UModSys@@U?$TComparerBinaryHash@D@234@@tl@5@AAU?$TRefObject@UIRefObject@core@UModSys@@U?$TRefObjectFunc@UIRefObject@core@UModSys@@@tl@3@@75@_N@Z 00402b3b f i umodsys_lib_libmedia:umodsys.mod.media.std.obj
 0001:00001b67       ?obj_cput@RLibraryObjCache@std@media@modules@UModSys@@UAE_NABU?$TString@U?$TSCoreConst@D@su@tl@UModSys@@U?$TComparerBinaryHash@D@234@@tl@5@PAUIRefObject@core@5@@Z 00402b67 f i umodsys_lib_libmedia:umodsys.mod.media.std.obj
 0001:00001b6c       ?obj_get@RLibraryObjCache@std@media@modules@UModSys@@UAE_NABU?$TString@U?$TSCoreConst@D@su@tl@UModSys@@U?$TComparerBinaryHash@D@234@@tl@5@AAU?$TRefObject@UIRefObject@core@UModSys@@U?$TRefObjectFunc@UIRefObject@core@UModSys@@@tl@3@@75@ABUSObjOptions@ILibrary@libmedia@5@@Z 00402b6c f i umodsys_lib_libmedia:umodsys.mod.media.std.obj
 0001:00001bf2       ?objcache_get@RLibraryObjCache@std@media@modules@UModSys@@UBE_NABU?$TString@U?$TSCoreConst@D@su@tl@UModSys@@U?$TComparerBinaryHash@D@234@@tl@5@PAU?$TRefObject@UIRefObject@core@UModSys@@U?$TRefObjectFunc@UIRefObject@core@UModSys@@@tl@3@@75@PA_N@Z 00402bf2 f i umodsys_lib_libmedia:umodsys.mod.media.std.obj
 0001:00001c5e       ?objcache_add@RLibraryObjCache@std@media@modules@UModSys@@UAE_NABU?$TString@U?$TSCoreConst@D@su@tl@UModSys@@U?$TComparerBinaryHash@D@234@@tl@5@PAUIRefObject@core@5@@Z 00402c5e f i umodsys_lib_libmedia:umodsys.mod.media.std.obj
 0001:00001d0a       ?objcache_remove@RLibraryObjCache@std@media@modules@UModSys@@UAE_NABU?$TString@U?$TSCoreConst@D@su@tl@UModSys@@U?$TComparerBinaryHash@D@234@@tl@5@@Z 00402d0a f i umodsys_lib_libmedia:umodsys.mod.media.std.obj
 0001:00001d41       ?objcache_clear@RLibraryObjCache@std@media@modules@UModSys@@UAE_NXZ 00402d41 f i umodsys_lib_libmedia:umodsys.mod.media.std.obj
 0001:00001d5f       ??_GRLibraryObjCache@std@media@modules@UModSys@@UAEPAXI@Z 00402d5f f i umodsys_lib_libmedia:umodsys.mod.media.std.obj
 0001:00001d5f       ??_ERLibraryObjCache@std@media@modules@UModSys@@UAEPAXI@Z 00402d5f f i  CIL library: CIL module
 0001:00001dbc       ?root_get_interface_info@RLibraryObjFilter@std@media@modules@UModSys@@UBEABUSUniquePointerInfo@core@5@XZ 00402dbc f i umodsys_lib_libmedia:umodsys.mod.media.std.obj
 0001:00001dc2       ?root_get_interface_type@RLibraryObjFilter@std@media@modules@UModSys@@UBEPBUSUniquePointerInfo@core@5@XZ 00402dc2 f i umodsys_lib_libmedia:umodsys.mod.media.std.obj
 0001:00001dc8       ?root_get_other_interface@RLibraryObjFilter@std@media@modules@UModSys@@UBEPBUIRoot@core@5@PBUSUniquePointerInfo@75@@Z 00402dc8 f i umodsys_lib_libmedia:umodsys.mod.media.std.obj
 0001:00001dc8       ?root_get_other_interface@RLibraryObjFilter@std@media@modules@UModSys@@UAEPAUIRoot@core@5@PBUSUniquePointerInfo@75@@Z 00402dc8 f i umodsys_lib_libmedia:umodsys.mod.media.std.obj
 0001:00001df1       ?root_is_interface_supported@RLibraryObjFilter@std@media@modules@UModSys@@UBE_NPBUSUniquePointerInfo@core@5@@Z 00402df1 f i umodsys_lib_libmedia:umodsys.mod.media.std.obj
 0001:00001e18       ?ref_add@RDataArchiver_OsDir@stdio@media@modules@UModSys@@UBEXXZ 00402e18 f i umodsys_lib_libmedia:umodsys.mod.media.stdio.obj
 0001:00001e18       ?ref_add@RLibraryBinTree@std@media@modules@UModSys@@UBEXXZ 00402e18 f i umodsys_lib_libmedia:umodsys.mod.media.std.obj
 0001:00001e18       ?ref_add@RLibraryObjCache@std@media@modules@UModSys@@UBEXXZ 00402e18 f i umodsys_lib_libmedia:umodsys.mod.media.std.obj
 0001:00001e18       ?ref_add@RLibraryLayered@std@media@modules@UModSys@@UBEXXZ 00402e18 f i umodsys_lib_libmedia:umodsys.mod.media.std.obj
 0001:00001e18       ?ref_add@RLibraryBinCache@std@media@modules@UModSys@@UBEXXZ 00402e18 f i umodsys_lib_libmedia:umodsys.mod.media.std.obj
 0001:00001e18       ?ref_add@RLibraryObjFilter@std@media@modules@UModSys@@UBEXXZ 00402e18 f i umodsys_lib_libmedia:umodsys.mod.media.std.obj
 0001:00001e1c       ??0RLibraryObjFilter@std@media@modules@UModSys@@QAE@PAUIModObject@base@4@ABUSParameters@core@4@U?$TFlags4State@USMediaFlagUid@libmedia@UModSys@@I@tl@4@@Z 00402e1c f i umodsys_lib_libmedia:umodsys.mod.media.std.obj
 0001:00001e79       ?get_flag@RLibraryBinCache@std@media@modules@UModSys@@UBE?AW4eStates@?$TFlags4State@USMediaFlagUid@libmedia@UModSys@@I@tl@5@H@Z 00402e79 f i umodsys_lib_libmedia:umodsys.mod.media.std.obj
 0001:00001e79       ?get_flag@RLibraryObjFilter@std@media@modules@UModSys@@UBE?AW4eStates@?$TFlags4State@USMediaFlagUid@libmedia@UModSys@@I@tl@5@H@Z 00402e79 f i umodsys_lib_libmedia:umodsys.mod.media.std.obj
 0001:00001e79       ?get_flag@RLibraryBinTree@std@media@modules@UModSys@@UBE?AW4eStates@?$TFlags4State@USMediaFlagUid@libmedia@UModSys@@I@tl@5@H@Z 00402e79 f i umodsys_lib_libmedia:umodsys.mod.media.std.obj
 0001:00001e79       ?get_flag@RLibraryObjCache@std@media@modules@UModSys@@UBE?AW4eStates@?$TFlags4State@USMediaFlagUid@libmedia@UModSys@@I@tl@5@H@Z 00402e79 f i umodsys_lib_libmedia:umodsys.mod.media.std.obj
 0001:00001e8c       ?get_flags_auto@RLibraryObjFilter@std@media@modules@UModSys@@UBE?AU?$TFlags4State@USMediaFlagUid@libmedia@UModSys@@I@tl@5@XZ 00402e8c f i umodsys_lib_libmedia:umodsys.mod.media.std.obj
 0001:00001e9b       ?obj_get@RLibraryBinCache@std@media@modules@UModSys@@UAE_NABU?$TString@U?$TSCoreConst@D@su@tl@UModSys@@U?$TComparerBinaryHash@D@234@@tl@5@AAU?$TRefObject@UIRefObject@core@UModSys@@U?$TRefObjectFunc@UIRefObject@core@UModSys@@@tl@3@@75@ABUSObjOptions@ILibrary@libmedia@5@@Z 00402e9b f i umodsys_lib_libmedia:umodsys.mod.media.std.obj
 0001:00001e9b       ?bin_info@RLibraryBinTree@std@media@modules@UModSys@@UAE_NABU?$TString@U?$TSCoreConst@D@su@tl@UModSys@@U?$TComparerBinaryHash@D@234@@tl@5@AAU?$TIStackSocket@USFileInfo@libmedia@UModSys@@@75@ABUSFlags@libmedia@5@@Z 00402e9b f i umodsys_lib_libmedia:umodsys.mod.media.std.obj
 0001:00001e9b       ?bin_load@RLibraryObjFilter@std@media@modules@UModSys@@UAE_NABU?$TString@U?$TSCoreConst@D@su@tl@UModSys@@U?$TComparerBinaryHash@D@234@@tl@5@AAUSCMemShared@core@5@ABUSFlags@libmedia@5@@Z 00402e9b f i umodsys_lib_libmedia:umodsys.mod.media.std.obj
 0001:00001e9b       ?bin_save@RLibraryBinCache@std@media@modules@UModSys@@UAE_NABU?$TString@U?$TSCoreConst@D@su@tl@UModSys@@U?$TComparerBinaryHash@D@234@@tl@5@ABUSCMem@core@5@ABUSFlags@libmedia@5@@Z 00402e9b f i umodsys_lib_libmedia:umodsys.mod.media.std.obj
 0001:00001e9b       ?obj_save@RLibraryObjCache@std@media@modules@UModSys@@UAE_NABU?$TString@U?$TSCoreConst@D@su@tl@UModSys@@U?$TComparerBinaryHash@D@234@@tl@5@PBUIRefObject@core@5@ABUSObjOptions@ILibrary@libmedia@5@@Z 00402e9b f i umodsys_lib_libmedia:umodsys.mod.media.std.obj
 0001:00001e9b       ?obj_cget@RLibraryBinCache@std@media@modules@UModSys@@UAE_NABU?$TString@U?$TSCoreConst@D@su@tl@UModSys@@U?$TComparerBinaryHash@D@234@@tl@5@AAU?$TRefObject@UIRefObject@core@UModSys@@U?$TRefObjectFunc@UIRefObject@core@UModSys@@@tl@3@@75@_N@Z 00402e9b f i umodsys_lib_libmedia:umodsys.mod.media.std.obj
 0001:00001e9b       ?bin_info@RLibraryObjCache@std@media@modules@UModSys@@UAE_NABU?$TString@U?$TSCoreConst@D@su@tl@UModSys@@U?$TComparerBinaryHash@D@234@@tl@5@AAU?$TIStackSocket@USFileInfo@libmedia@UModSys@@@75@ABUSFlags@libmedia@5@@Z 00402e9b f i umodsys_lib_libmedia:umodsys.mod.media.std.obj
 0001:00001e9b       ?bin_info@RLibraryObjFilter@std@media@modules@UModSys@@UAE_NABU?$TString@U?$TSCoreConst@D@su@tl@UModSys@@U?$TComparerBinaryHash@D@234@@tl@5@AAU?$TIStackSocket@USFileInfo@libmedia@UModSys@@@75@ABUSFlags@libmedia@5@@Z 00402e9b f i umodsys_lib_libmedia:umodsys.mod.media.std.obj
 0001:00001e9b       ?obj_load@RLibraryBinTree@std@media@modules@UModSys@@UAE_NABU?$TString@U?$TSCoreConst@D@su@tl@UModSys@@U?$TComparerBinaryHash@D@234@@tl@5@PAUIRefObject@core@5@ABUSObjOptions@ILibrary@libmedia@5@@Z 00402e9b f i umodsys_lib_libmedia:umodsys.mod.media.std.obj
 0001:00001e9b       ?obj_cget@RLibraryBinTree@std@media@modules@UModSys@@UAE_NABU?$TString@U?$TSCoreConst@D@su@tl@UModSys@@U?$TComparerBinaryHash@D@234@@tl@5@AAU?$TRefObject@UIRefObject@core@UModSys@@U?$TRefObjectFunc@UIRefObject@core@UModSys@@@tl@3@@75@_N@Z 00402e9b f i umodsys_lib_libmedia:umodsys.mod.media.std.obj
 0001:00001e9b       ?bin_info@RLibraryBinTree@std@media@modules@UModSys@@UAE_NABU?$TString@U?$TSCoreConst@D@su@tl@UModSys@@U?$TComparerBinaryHash@D@234@@tl@5@AAUSFileInfo@libmedia@5@ABUSFlags@95@@Z 00402e9b f i umodsys_lib_libmedia:umodsys.mod.media.std.obj
 0001:00001e9b       ?obj_save@RLibraryBinCache@std@media@modules@UModSys@@UAE_NABU?$TString@U?$TSCoreConst@D@su@tl@UModSys@@U?$TComparerBinaryHash@D@234@@tl@5@PBUIRefObject@core@5@ABUSObjOptions@ILibrary@libmedia@5@@Z 00402e9b f i umodsys_lib_libmedia:umodsys.mod.media.std.obj
 0001:00001e9b       ?obj_save@RLibraryObjFilter@std@media@modules@UModSys@@UAE_NABU?$TString@U?$TSCoreConst@D@su@tl@UModSys@@U?$TComparerBinaryHash@D@234@@tl@5@PBUIRefObject@core@5@ABUSObjOptions@ILibrary@libmedia@5@@Z 00402e9b f i umodsys_lib_libmedia:umodsys.mod.media.std.obj
 0001:00001e9b       ?obj_load@RLibraryObjCache@std@media@modules@UModSys@@UAE_NABU?$TString@U?$TSCoreConst@D@su@tl@UModSys@@U?$TComparerBinaryHash@D@234@@tl@5@PAUIRefObject@core@5@ABUSObjOptions@ILibrary@libmedia@5@@Z 00402e9b f i umodsys_lib_libmedia:umodsys.mod.media.std.obj
 0001:00001e9b       ?bin_save@RLibraryObjFilter@std@media@modules@UModSys@@UAE_NABU?$TString@U?$TSCoreConst@D@su@tl@UModSys@@U?$TComparerBinaryHash@D@234@@tl@5@ABUSCMem@core@5@ABUSFlags@libmedia@5@@Z 00402e9b f i umodsys_lib_libmedia:umodsys.mod.media.std.obj
 0001:00001e9b       ?obj_get@RLibraryObjFilter@std@media@modules@UModSys@@UAE_NABU?$TString@U?$TSCoreConst@D@su@tl@UModSys@@U?$TComparerBinaryHash@D@234@@tl@5@AAU?$TRefObject@UIRefObject@core@UModSys@@U?$TRefObjectFunc@UIRefObject@core@UModSys@@@tl@3@@75@ABUSObjOptions@ILibrary@libmedia@5@@Z 00402e9b f i umodsys_lib_libmedia:umodsys.mod.media.std.obj
 0001:00001e9b       ?obj_get@RLibraryBinTree@std@media@modules@UModSys@@UAE_NABU?$TString@U?$TSCoreConst@D@su@tl@UModSys@@U?$TComparerBinaryHash@D@234@@tl@5@AAU?$TRefObject@UIRefObject@core@UModSys@@U?$TRefObjectFunc@UIRefObject@core@UModSys@@@tl@3@@75@ABUSObjOptions@ILibrary@libmedia@5@@Z 00402e9b f i umodsys_lib_libmedia:umodsys.mod.media.std.obj
 0001:00001e9b       ?bin_load@RLibraryObjCache@std@media@modules@UModSys@@UAE_NABU?$TString@U?$TSCoreConst@D@su@tl@UModSys@@U?$TComparerBinaryHash@D@234@@tl@5@AAUSCMemShared@core@5@ABUSFlags@libmedia@5@@Z 00402e9b f i umodsys_lib_libmedia:umodsys.mod.media.std.obj
 0001:00001e9b       ?bin_info@RLibraryBinCache@std@media@modules@UModSys@@UAE_NABU?$TString@U?$TSCoreConst@D@su@tl@UModSys@@U?$TComparerBinaryHash@D@234@@tl@5@AAUSFileInfo@libmedia@5@ABUSFlags@95@@Z 00402e9b f i umodsys_lib_libmedia:umodsys.mod.media.std.obj
 0001:00001e9b       ?bin_info@RLibraryObjCache@std@media@modules@UModSys@@UAE_NABU?$TString@U?$TSCoreConst@D@su@tl@UModSys@@U?$TComparerBinaryHash@D@234@@tl@5@AAUSFileInfo@libmedia@5@ABUSFlags@95@@Z 00402e9b f i umodsys_lib_libmedia:umodsys.mod.media.std.obj
 0001:00001e9b       ?bin_get@RLibraryBinTree@std@media@modules@UModSys@@UAE_NABU?$TString@U?$TSCoreConst@D@su@tl@UModSys@@U?$TComparerBinaryHash@D@234@@tl@5@AAUSCMemShared@core@5@_N@Z 00402e9b f i umodsys_lib_libmedia:umodsys.mod.media.std.obj
 0001:00001e9b       ?bin_info@RLibraryObjFilter@std@media@modules@UModSys@@UAE_NABU?$TString@U?$TSCoreConst@D@su@tl@UModSys@@U?$TComparerBinaryHash@D@234@@tl@5@AAUSFileInfo@libmedia@5@ABUSFlags@95@@Z 00402e9b f i umodsys_lib_libmedia:umodsys.mod.media.std.obj
 0001:00001e9b       ?obj_load@RLibraryObjFilter@std@media@modules@UModSys@@UAE_NABU?$TString@U?$TSCoreConst@D@su@tl@UModSys@@U?$TComparerBinaryHash@D@234@@tl@5@PAUIRefObject@core@5@ABUSObjOptions@ILibrary@libmedia@5@@Z 00402e9b f i umodsys_lib_libmedia:umodsys.mod.media.std.obj
 0001:00001e9b       ?vget_c@RConsole_std@rsystem@base@UModSys@@UAE_NPAHPBDPAD@Z 00402e9b f i umodsys_lib_basesys:umodsys.basesys.rconsole_std.obj
 0001:00001e9b       ?bin_get@RLibraryObjFilter@std@media@modules@UModSys@@UAE_NABU?$TString@U?$TSCoreConst@D@su@tl@UModSys@@U?$TComparerBinaryHash@D@234@@tl@5@AAUSCMemShared@core@5@_N@Z 00402e9b f i umodsys_lib_libmedia:umodsys.mod.media.std.obj
 0001:00001e9b       ?bin_save@RLibraryObjCache@std@media@modules@UModSys@@UAE_NABU?$TString@U?$TSCoreConst@D@su@tl@UModSys@@U?$TComparerBinaryHash@D@234@@tl@5@ABUSCMem@core@5@ABUSFlags@libmedia@5@@Z 00402e9b f i umodsys_lib_libmedia:umodsys.mod.media.std.obj
 0001:00001e9b       ?obj_cget@RLibraryObjFilter@std@media@modules@UModSys@@UAE_NABU?$TString@U?$TSCoreConst@D@su@tl@UModSys@@U?$TComparerBinaryHash@D@234@@tl@5@AAU?$TRefObject@UIRefObject@core@UModSys@@U?$TRefObjectFunc@UIRefObject@core@UModSys@@@tl@3@@75@_N@Z 00402e9b f i umodsys_lib_libmedia:umodsys.mod.media.std.obj
 0001:00001e9b       ?bin_get@RLibraryObjCache@std@media@modules@UModSys@@UAE_NABU?$TString@U?$TSCoreConst@D@su@tl@UModSys@@U?$TComparerBinaryHash@D@234@@tl@5@AAUSCMemShared@core@5@_N@Z 00402e9b f i umodsys_lib_libmedia:umodsys.mod.media.std.obj
 0001:00001e9b       ?obj_load@RLibraryBinCache@std@media@modules@UModSys@@UAE_NABU?$TString@U?$TSCoreConst@D@su@tl@UModSys@@U?$TComparerBinaryHash@D@234@@tl@5@PAUIRefObject@core@5@ABUSObjOptions@ILibrary@libmedia@5@@Z 00402e9b f i umodsys_lib_libmedia:umodsys.mod.media.std.obj
 0001:00001e9b       ?bin_info@RLibraryBinCache@std@media@modules@UModSys@@UAE_NABU?$TString@U?$TSCoreConst@D@su@tl@UModSys@@U?$TComparerBinaryHash@D@234@@tl@5@AAU?$TIStackSocket@USFileInfo@libmedia@UModSys@@@75@ABUSFlags@libmedia@5@@Z 00402e9b f i umodsys_lib_libmedia:umodsys.mod.media.std.obj
 0001:00001e9b       ?obj_save@RLibraryBinTree@std@media@modules@UModSys@@UAE_NABU?$TString@U?$TSCoreConst@D@su@tl@UModSys@@U?$TComparerBinaryHash@D@234@@tl@5@PBUIRefObject@core@5@ABUSObjOptions@ILibrary@libmedia@5@@Z 00402e9b f i umodsys_lib_libmedia:umodsys.mod.media.std.obj
 0001:00001ea0       ?obj_fget@RLibraryObjFilter@std@media@modules@UModSys@@UAE_NABUSInfo@IBinObjFilter@libmedia@5@AAU?$TRefObject@UIRefObject@core@UModSys@@U?$TRefObjectFunc@UIRefObject@core@UModSys@@@tl@3@@tl@5@@Z 00402ea0 f i umodsys_lib_libmedia:umodsys.mod.media.std.obj
 0001:00001ea8       ?obj_fload@RLibraryObjFilter@std@media@modules@UModSys@@UAE_NABUSInfo@IBinObjFilter@libmedia@5@PAUIRefObject@core@5@@Z 00402ea8 f i umodsys_lib_libmedia:umodsys.mod.media.std.obj
 0001:00001ead       ?obj_fsave@RLibraryObjFilter@std@media@modules@UModSys@@UAE_NAAUSInfo@IBinObjFilter@libmedia@5@PBUIRefObject@core@5@@Z 00402ead f i umodsys_lib_libmedia:umodsys.mod.media.std.obj
 0001:00001eb5       ?filters_add@RLibraryObjFilter@std@media@modules@UModSys@@UAE_NU?$TRefObject@UIBinObjFilter@libmedia@UModSys@@U?$TRefObjectFunc@UIBinObjFilter@libmedia@UModSys@@@tl@3@@tl@5@PBUSParameters@core@5@H@Z 00402eb5 f i umodsys_lib_libmedia:umodsys.mod.media.std.obj
 0001:00001f51       ?filters_remove@RLibraryObjFilter@std@media@modules@UModSys@@UAE_NPAUIBinObjFilter@libmedia@5@H@Z 00402f51 f i umodsys_lib_libmedia:umodsys.mod.media.std.obj
 0001:00001fa1       ?filters_clear@RLibraryObjFilter@std@media@modules@UModSys@@UAE_NXZ 00402fa1 f i umodsys_lib_libmedia:umodsys.mod.media.std.obj
 0001:00001fbf       ?filters_load@RLibraryObjFilter@std@media@modules@UModSys@@UAE_NABUSInfo@IBinObjFilter@libmedia@5@AAU?$TRefObject@UIRefObject@core@UModSys@@U?$TRefObjectFunc@UIRefObject@core@UModSys@@@tl@3@@tl@5@@Z 00402fbf f i umodsys_lib_libmedia:umodsys.mod.media.std.obj
 0001:0000201c       ?filters_load@RLibraryObjFilter@std@media@modules@UModSys@@UAE_NABUSInfo@IBinObjFilter@libmedia@5@PAUIRefObject@core@5@@Z 0040301c f i umodsys_lib_libmedia:umodsys.mod.media.std.obj
 0001:00002079       ?filters_save@RLibraryObjFilter@std@media@modules@UModSys@@UAE_NAAUSInfo@IBinObjFilter@libmedia@5@PBUIRefObject@core@5@@Z 00403079 f i umodsys_lib_libmedia:umodsys.mod.media.std.obj
 0001:000020d6       ??_ERLibraryObjFilter@std@media@modules@UModSys@@UAEPAXI@Z 004030d6 f i  CIL library: CIL module
 0001:000020d6       ??_GRLibraryObjFilter@std@media@modules@UModSys@@UAEPAXI@Z 004030d6 f i umodsys_lib_libmedia:umodsys.mod.media.std.obj
 0001:00002133       ?get_generated_names@RGenerator@std@media@modules@UModSys@@UBEHAAUSUniquePtrList@core@5@@Z 00403133 f i umodsys_lib_libmedia:umodsys.mod.media.std.obj
 0001:0000217b       ?get_generated_types@RGenerator@std@media@modules@UModSys@@UBEHAAUSUniquePtrList@core@5@PBUSUniquePointerInfo@75@@Z 0040317b f i umodsys_lib_libmedia:umodsys.mod.media.std.obj
 0001:0000221f       ?generate@RGenerator@std@media@modules@UModSys@@UAE_NAAU?$TRefObject@UIRefObject@core@UModSys@@U?$TRefObjectFunc@UIRefObject@core@UModSys@@@tl@3@@tl@5@PBUSUniquePointerInfo@core@5@ABUSParameters@95@@Z 0040321f f i umodsys_lib_libmedia:umodsys.mod.media.std.obj
 0001:000022c2       ?root_get_interface_info@RGenerator@std@media@modules@UModSys@@UBEABUSUniquePointerInfo@core@5@XZ 004032c2 f i umodsys_lib_libmedia:umodsys.mod.media.std.obj
 0001:000022c8       ?root_get_interface_type@RGenerator@std@media@modules@UModSys@@UBEPBUSUniquePointerInfo@core@5@XZ 004032c8 f i umodsys_lib_libmedia:umodsys.mod.media.std.obj
 0001:000022ce       ?root_get_other_interface@RGenerator@std@media@modules@UModSys@@UAEPAUIRoot@core@5@PBUSUniquePointerInfo@75@@Z 004032ce f i umodsys_lib_libmedia:umodsys.mod.media.std.obj
 0001:000022ce       ?root_get_other_interface@RGenerator@std@media@modules@UModSys@@UBEPBUIRoot@core@5@PBUSUniquePointerInfo@75@@Z 004032ce f i umodsys_lib_libmedia:umodsys.mod.media.std.obj
 0001:000022f7       ?root_is_interface_supported@RGenerator@std@media@modules@UModSys@@UBE_NPBUSUniquePointerInfo@core@5@@Z 004032f7 f i umodsys_lib_libmedia:umodsys.mod.media.std.obj
 0001:00002316       ?ref_weak@RGenerator@std@media@modules@UModSys@@UBE_NAAUWeakPointer@IRefObject@core@5@@Z 00403316 f i umodsys_lib_libmedia:umodsys.mod.media.std.obj
 0001:00002316       ?ref_weak@RStreamWriter_FILE@stdio@media@modules@UModSys@@UBE_NAAUWeakPointer@IRefObject@core@5@@Z 00403316 f i umodsys_lib_libmedia:umodsys.mod.media.stdio.obj
 0001:00002316       ?ref_weak@RStreamReader_FILE@stdio@media@modules@UModSys@@UBE_NAAUWeakPointer@IRefObject@core@5@@Z 00403316 f i umodsys_lib_libmedia:umodsys.mod.media.stdio.obj
 0001:00002316       ?ref_weak@RGenerator@stdio@media@modules@UModSys@@UBE_NAAUWeakPointer@IRefObject@core@5@@Z 00403316 f i umodsys_lib_libmedia:umodsys.mod.media.stdio.obj
 0001:00002335       ?get_uid@RGenerator@std@media@modules@UModSys@@UBEPBUSUniquePointerInfo@core@5@XZ 00403335 f i umodsys_lib_libmedia:umodsys.mod.media.std.obj
 0001:0000233b       ?do_open@RModuleReg@std@media@modules@UModSys@@UAE_NXZ 0040333b f i umodsys_lib_libmedia:umodsys.mod.media.std.obj
 0001:00002389       ?do_close@RModuleReg@std@media@modules@UModSys@@UAE_NXZ 00403389 f i umodsys_lib_libmedia:umodsys.mod.media.std.obj
 0001:000023c4       ??_ERModuleReg@std@media@modules@UModSys@@UAEPAXI@Z 004033c4 f i  CIL library: CIL module
 0001:000023c4       ??_ERModuleReg@stdio@media@modules@UModSys@@UAEPAXI@Z 004033c4 f i  CIL library: CIL module
 0001:000023c4       ??_EIModuleReg@base@UModSys@@UAEPAXI@Z 004033c4 f i  CIL library: CIL module
 0001:000023c4       ??_GIModuleReg@base@UModSys@@UAEPAXI@Z 004033c4 f i umodsys_lib_base:umodsys.base.modulereg.obj
 0001:000023c4       ??_GRModuleReg@stdio@media@modules@UModSys@@UAEPAXI@Z 004033c4 f i umodsys_lib_libmedia:umodsys.mod.media.stdio.obj
 0001:000023c4       ??_GRModuleReg@std@media@modules@UModSys@@UAEPAXI@Z 004033c4 f i umodsys_lib_libmedia:umodsys.mod.media.std.obj
 0001:000023e1       ?get_module@RGenerator@std@media@modules@UModSys@@UBEPAUIModule@base@5@XZ 004033e1 f   umodsys_lib_libmedia:umodsys.mod.media.std.obj
 0001:000023e7       ?mod_inc@RGenerator@std@media@modules@UModSys@@UBE_NXZ 004033e7 f   umodsys_lib_libmedia:umodsys.mod.media.std.obj
 0001:000023f2       ?mod_dec@RGenerator@std@media@modules@UModSys@@UBE_NXZ 004033f2 f   umodsys_lib_libmedia:umodsys.mod.media.std.obj
 0001:000023fd       ?s_holder@RGenerator@std@media@modules@UModSys@@SAAAU?$TTypeStaticHolder@URGenerator@std@media@modules@UModSys@@@tl@5@XZ 004033fd f   umodsys_lib_libmedia:umodsys.mod.media.std.obj
 0001:0000242f       ??0?$TString@U?$TSCoreShared@USIMemAlloc@core@UModSys@@D@su@tl@UModSys@@U?$TComparerBinaryHash@D@234@@tl@UModSys@@QAE@ABU?$TSCoreConst@D@su@12@@Z 0040342f f i umodsys_lib_libmedia:umodsys.mod.media.std.obj
 0001:0000246f       ??4?$TString@U?$TSCoreShared@USIMemAlloc@core@UModSys@@D@su@tl@UModSys@@U?$TComparerBinaryHash@D@234@@tl@UModSys@@QAEABU012@ABU012@@Z 0040346f f i umodsys_lib_libmedia:umodsys.mod.media.std.obj
 0001:00002490       ??1?$TRefObject@URModuleLibrarySO@rsystem@base@UModSys@@U?$TRefObjectFunc@URModuleLibrarySO@rsystem@base@UModSys@@@tl@4@@tl@UModSys@@QAE@XZ 00403490 f i umodsys_lib_basesys:umodsys.basesys.rmoduleloader.obj
 0001:00002490       ??1?$TRefObject@UIBinObjFilter@libmedia@UModSys@@U?$TRefObjectFunc@UIBinObjFilter@libmedia@UModSys@@@tl@3@@tl@UModSys@@QAE@XZ 00403490 f i umodsys_lib_libmedia:umodsys.mod.media.std.obj
 0001:00002490       ??1?$TRefObject@UIStreamReader@libmedia@UModSys@@U?$TRefObjectFunc@UIStreamReader@libmedia@UModSys@@@tl@3@@tl@UModSys@@QAE@XZ 00403490 f i umodsys_lib_libmedia:umodsys.mod.media.std.obj
 0001:00002490       ??1?$TRefObject@URLibraryBinTree@std@media@modules@UModSys@@U?$TRefObjectFunc@URLibraryBinTree@std@media@modules@UModSys@@@tl@5@@tl@UModSys@@QAE@XZ 00403490 f i umodsys_lib_libmedia:umodsys.mod.media.std.obj
 0001:00002490       ??1?$TRefObject@UIShell@base@UModSys@@U?$TRefObjectFunc@UIShell@base@UModSys@@@tl@3@@tl@UModSys@@QAE@XZ 00403490 f i umodsys_lib_basesys:umodsys.basesys.rsystem_tests.obj
 0001:00002490       ??1?$TRefObject@UIStreamWriter@libmedia@UModSys@@U?$TRefObjectFunc@UIStreamWriter@libmedia@UModSys@@@tl@3@@tl@UModSys@@QAE@XZ 00403490 f i umodsys_lib_libmedia:umodsys.mod.media.std.obj
 0001:00002490       ??1?$TRefObject@URLibraryBinCache@std@media@modules@UModSys@@U?$TRefObjectFunc@URLibraryBinCache@std@media@modules@UModSys@@@tl@5@@tl@UModSys@@QAE@XZ 00403490 f i umodsys_lib_libmedia:umodsys.mod.media.std.obj
 0001:00002490       ??1?$TRefObject@URLibraryLayered@std@media@modules@UModSys@@U?$TRefObjectFunc@URLibraryLayered@std@media@modules@UModSys@@@tl@5@@tl@UModSys@@QAE@XZ 00403490 f i umodsys_lib_libmedia:umodsys.mod.media.std.obj
 0001:00002490       ??1?$TRefObject@URLibraryObjFilter@std@media@modules@UModSys@@U?$TRefObjectFunc@URLibraryObjFilter@std@media@modules@UModSys@@@tl@5@@tl@UModSys@@QAE@XZ 00403490 f i umodsys_lib_libmedia:umodsys.mod.media.std.obj
 0001:00002490       ??1SFilter@RLibraryObjFilter@std@media@modules@UModSys@@QAE@XZ 00403490 f i umodsys_lib_libmedia:umodsys.mod.media.std.obj
 0001:00002490       ??1?$TRefObject@URStreamWriter_FILE@stdio@media@modules@UModSys@@U?$TRefObjectFunc@URStreamWriter_FILE@stdio@media@modules@UModSys@@@tl@5@@tl@UModSys@@QAE@XZ 00403490 f i umodsys_lib_libmedia:umodsys.mod.media.stdio.obj
 0001:00002490       ??1?$TRefObject@URStreamReader_FILE@stdio@media@modules@UModSys@@U?$TRefObjectFunc@URStreamReader_FILE@stdio@media@modules@UModSys@@@tl@5@@tl@UModSys@@QAE@XZ 00403490 f i umodsys_lib_libmedia:umodsys.mod.media.stdio.obj
 0001:00002490       ??1?$TRefObject@URParameters@rsystem@base@UModSys@@U?$TRefObjectFunc@URParameters@rsystem@base@UModSys@@@tl@4@@tl@UModSys@@QAE@XZ 00403490 f i umodsys_lib_basesys:umodsys.basesys.rsystem_main.obj
 0001:00002490       ??1?$TRefObject@URDataArchiver_OsDir@stdio@media@modules@UModSys@@U?$TRefObjectFunc@URDataArchiver_OsDir@stdio@media@modules@UModSys@@@tl@5@@tl@UModSys@@QAE@XZ 00403490 f i umodsys_lib_libmedia:umodsys.mod.media.stdio.obj
 0001:00002490       ??1?$TRefObject@URLibraryObjCache@std@media@modules@UModSys@@U?$TRefObjectFunc@URLibraryObjCache@std@media@modules@UModSys@@@tl@5@@tl@UModSys@@QAE@XZ 00403490 f i umodsys_lib_libmedia:umodsys.mod.media.std.obj
 0001:00002490       ??1?$TRefObject@UIRefObject@core@UModSys@@U?$TRefObjectFunc@UIRefObject@core@UModSys@@@tl@3@@tl@UModSys@@QAE@XZ 00403490 f i umodsys_lib_libmedia:umodsys.mod.media.std.obj
 0001:00002490       ??1?$TRefObject@UIModuleLibraryUni@rsystem@base@UModSys@@U?$TRefObjectFunc@UIModuleLibraryUni@rsystem@base@UModSys@@@tl@4@@tl@UModSys@@QAE@XZ 00403490 f i umodsys_lib_basesys:umodsys.basesys.rmodule.obj
 0001:0000249f       ??4?$TRefObject@UIRefObject@core@UModSys@@U?$TRefObjectFunc@UIRefObject@core@UModSys@@@tl@3@@tl@UModSys@@QAEABU012@PAUIRefObject@core@2@@Z 0040349f f i umodsys_lib_libmedia:umodsys.mod.media.std.obj
 0001:000024ba       ??R?$TScatterArray@USFilter@RLibraryObjFilter@std@media@modules@UModSys@@USId@23456@U723456@U?$TNodeDeleter0@U?$TScatterArrayNode@USFilter@RLibraryObjFilter@std@media@modules@UModSys@@USId@23456@@tl@UModSys@@@tl@6@@tl@UModSys@@QAEPAUSFilter@RLibraryObjFilter@std@media@modules@2@ABUSId@45672@PAUVoid@core@2@@Z 004034ba f i umodsys_lib_libmedia:umodsys.mod.media.std.obj
 0001:0000251d       ??E?$TTreeIterRB@$$CBU?$TScatterArrayNode@USFilter@RLibraryObjFilter@std@media@modules@UModSys@@USId@23456@@tl@UModSys@@$$CBU?$TPair@USId@RLibraryObjFilter@std@media@modules@UModSys@@USFilter@23456@@23@@tl@UModSys@@QAE?AU012@XZ 0040351d f i umodsys_lib_libmedia:umodsys.mod.media.std.obj
 0001:0000251d       ??E?$TTreeIterRB@$$CBU?$TScatterArrayNode@USMountInfo@RLibraryBinTree@std@media@modules@UModSys@@USId@ILibraryBinTree@libmedia@6@@tl@UModSys@@$$CBU?$TPair@USId@ILibraryBinTree@libmedia@UModSys@@USMountInfo@RLibraryBinTree@std@media@modules@4@@23@@tl@UModSys@@QAE?AU012@XZ 0040351d f i umodsys_lib_libmedia:umodsys.mod.media.std.obj
 0001:00002547       ??1?$TDynarray@U?$TDynarrayHolderDynamic@USLayerX@RLibraryLayered@std@media@modules@UModSys@@U?$TAllocator@USIMemAlloc@core@UModSys@@USCountCalcPower2@23@@tl@6@@tl@UModSys@@@tl@UModSys@@QAE@XZ 00403547 f i umodsys_lib_libmedia:umodsys.mod.media.std.obj
 0001:00002587       ?Resize@?$TDynarray@U?$TDynarrayHolderDynamic@USLayerX@RLibraryLayered@std@media@modules@UModSys@@U?$TAllocator@USIMemAlloc@core@UModSys@@USCountCalcPower2@23@@tl@6@@tl@UModSys@@@tl@UModSys@@QAE_NI@Z 00403587 f i umodsys_lib_libmedia:umodsys.mod.media.std.obj
 0001:000025ef       ?set@?$TSCoreShared@USIMemAlloc@core@UModSys@@D@su@tl@UModSys@@QAEXPBD@Z 004035ef f i umodsys_lib_libmedia:umodsys.mod.media.std.obj
 0001:0000261e       ?remove_node@?$TTreeHoldRB@U?$TScatterArrayNode@USMountInfo@RLibraryBinTree@std@media@modules@UModSys@@USId@ILibraryBinTree@libmedia@6@@tl@UModSys@@@tl@UModSys@@QAEXPAU?$TScatterArrayNode@USMountInfo@RLibraryBinTree@std@media@modules@UModSys@@USId@ILibraryBinTree@libmedia@6@@23@@Z 0040361e f i umodsys_lib_libmedia:umodsys.mod.media.std.obj
 0001:0000261e       ?remove_node@?$TTreeHoldRB@U?$TScatterArrayNode@USCacheElem@RLibraryObjCache@std@media@modules@UModSys@@U?$TString@U?$TSCoreConst@D@su@tl@UModSys@@U?$TComparerBinaryHash@D@234@@tl@6@@tl@UModSys@@@tl@UModSys@@QAEXPAU?$TScatterArrayNode@USCacheElem@RLibraryObjCache@std@media@modules@UModSys@@U?$TString@U?$TSCoreConst@D@su@tl@UModSys@@U?$TComparerBinaryHash@D@234@@tl@6@@23@@Z 0040361e f i umodsys_lib_libmedia:umodsys.mod.media.std.obj
 0001:0000261e       ?remove_node@?$TTreeHoldRB@U?$TScatterArrayNode@USCacheElem@RLibraryBinCache@std@media@modules@UModSys@@U?$TString@U?$TSCoreConst@D@su@tl@UModSys@@U?$TComparerBinaryHash@D@234@@tl@6@@tl@UModSys@@@tl@UModSys@@QAEXPAU?$TScatterArrayNode@USCacheElem@RLibraryBinCache@std@media@modules@UModSys@@U?$TString@U?$TSCoreConst@D@su@tl@UModSys@@U?$TComparerBinaryHash@D@234@@tl@6@@23@@Z 0040361e f i umodsys_lib_libmedia:umodsys.mod.media.std.obj
 0001:0000261e       ?remove_node@?$TTreeHoldRB@U?$TScatterArrayNode@USFilter@RLibraryObjFilter@std@media@modules@UModSys@@USId@23456@@tl@UModSys@@@tl@UModSys@@QAEXPAU?$TScatterArrayNode@USFilter@RLibraryObjFilter@std@media@modules@UModSys@@USId@23456@@23@@Z 0040361e f i umodsys_lib_libmedia:umodsys.mod.media.std.obj
 0001:000026fb       ?set@?$TSCoreShared@USIMemAlloc@core@UModSys@@D@su@tl@UModSys@@QAEXPBDI@Z 004036fb f i umodsys_lib_libmedia:umodsys.mod.media.std.obj
 0001:00002758       ??1?$TPair@U?$TString@U?$TSCoreConst@D@su@tl@UModSys@@U?$TComparerBinaryHash@D@234@@tl@UModSys@@USCacheElem@RLibraryBinCache@std@media@modules@3@@tl@UModSys@@QAE@XZ 00403758 f i umodsys_lib_libmedia:umodsys.mod.media.std.obj
 0001:00002762       ??1?$TPair@USId@ILibraryBinTree@libmedia@UModSys@@USMountInfo@RLibraryBinTree@std@media@modules@4@@tl@UModSys@@QAE@XZ 00403762 f i umodsys_lib_libmedia:umodsys.mod.media.std.obj
 0001:0000276c       ??1?$TPair@U?$TString@U?$TSCoreConst@D@su@tl@UModSys@@U?$TComparerBinaryHash@D@234@@tl@UModSys@@USCacheElem@RLibraryObjCache@std@media@modules@3@@tl@UModSys@@QAE@XZ 0040376c f i umodsys_lib_libmedia:umodsys.mod.media.std.obj
 0001:00002776       ??1?$TPair@USId@RLibraryObjFilter@std@media@modules@UModSys@@USFilter@23456@@tl@UModSys@@QAE@XZ 00403776 f i umodsys_lib_libmedia:umodsys.mod.media.std.obj
 0001:00002787       ??1SCacheElem@RLibraryBinCache@std@media@modules@UModSys@@QAE@XZ 00403787 f i umodsys_lib_libmedia:umodsys.mod.media.std.obj
 0001:000027c1       ??1SMountInfo@RLibraryBinTree@std@media@modules@UModSys@@QAE@XZ 004037c1 f i umodsys_lib_libmedia:umodsys.mod.media.std.obj
 0001:00002800       ??1SCacheElem@RLibraryObjCache@std@media@modules@UModSys@@QAE@XZ 00403800 f i umodsys_lib_libmedia:umodsys.mod.media.std.obj
 0001:0000283a       ??$?8U?$TSCoreConst@D@su@tl@UModSys@@U?$TComparerBinaryHash@D@123@@?$TString@U?$TSCoreConst@D@su@tl@UModSys@@U?$TComparerBinaryHash@D@234@@tl@UModSys@@QBE_NABU012@@Z 0040383a f i umodsys_lib_libmedia:umodsys.mod.media.std.obj
 0001:00002875       ?info_release@?$TSCoreShared@USIMemAlloc@core@UModSys@@D@su@tl@UModSys@@QAEXXZ 00403875 f i umodsys_lib_libmedia:umodsys.mod.media.std.obj
 0001:000028a5       ??$compare@U?$TSCoreConst@D@su@tl@UModSys@@@?$TString@U?$TSCoreConst@D@su@tl@UModSys@@U?$TComparerBinaryHash@D@234@@tl@UModSys@@QBEHABU012@@Z 004038a5 f i umodsys_lib_libmedia:umodsys.mod.media.std.obj
 0001:00002900       ?remove_color@?$TTreeHoldRB@U?$TScatterArrayNode@USMountInfo@RLibraryBinTree@std@media@modules@UModSys@@USId@ILibraryBinTree@libmedia@6@@tl@UModSys@@@tl@UModSys@@IAEXPAU?$TScatterArrayNode@USMountInfo@RLibraryBinTree@std@media@modules@UModSys@@USId@ILibraryBinTree@libmedia@6@@23@0@Z 00403900 f i umodsys_lib_libmedia:umodsys.mod.media.std.obj
 0001:00002900       ?remove_color@?$TTreeHoldRB@U?$TScatterArrayNode@USFilter@RLibraryObjFilter@std@media@modules@UModSys@@USId@23456@@tl@UModSys@@@tl@UModSys@@IAEXPAU?$TScatterArrayNode@USFilter@RLibraryObjFilter@std@media@modules@UModSys@@USId@23456@@23@0@Z 00403900 f i umodsys_lib_libmedia:umodsys.mod.media.std.obj
 0001:00002900       ?remove_color@?$TTreeHoldRB@U?$TScatterArrayNode@USCacheElem@RLibraryObjCache@std@media@modules@UModSys@@U?$TString@U?$TSCoreConst@D@su@tl@UModSys@@U?$TComparerBinaryHash@D@234@@tl@6@@tl@UModSys@@@tl@UModSys@@IAEXPAU?$TScatterArrayNode@USCacheElem@RLibraryObjCache@std@media@modules@UModSys@@U?$TString@U?$TSCoreConst@D@su@tl@UModSys@@U?$TComparerBinaryHash@D@234@@tl@6@@23@0@Z 00403900 f i umodsys_lib_libmedia:umodsys.mod.media.std.obj
 0001:00002900       ?remove_color@?$TTreeHoldRB@U?$TScatterArrayNode@USCacheElem@RLibraryBinCache@std@media@modules@UModSys@@U?$TString@U?$TSCoreConst@D@su@tl@UModSys@@U?$TComparerBinaryHash@D@234@@tl@6@@tl@UModSys@@@tl@UModSys@@IAEXPAU?$TScatterArrayNode@USCacheElem@RLibraryBinCache@std@media@modules@UModSys@@U?$TString@U?$TSCoreConst@D@su@tl@UModSys@@U?$TComparerBinaryHash@D@234@@tl@6@@23@0@Z 00403900 f i umodsys_lib_libmedia:umodsys.mod.media.std.obj
 0001:00002a02       ??$yes@U?$TFlags4StateShift@USMediaFlagUid@libmedia@UModSys@@I$00@tl@UModSys@@@SFlags@libmedia@UModSys@@QBE_NPBUIResolverAuto@012@@Z 00403a02 f i umodsys_lib_libmedia:umodsys.mod.media.std.obj
 0001:00002a53       ??$yes@U?$TFlags4StateShift@USMediaFlagUid@libmedia@UModSys@@I$02@tl@UModSys@@@SFlags@libmedia@UModSys@@QBE_NPBUIResolverAuto@012@@Z 00403a53 f i umodsys_lib_libmedia:umodsys.mod.media.std.obj
 0001:00002aa4       ??$yes@U?$TFlags4StateShift@USMediaFlagUid@libmedia@UModSys@@I$03@tl@UModSys@@@SFlags@libmedia@UModSys@@QBE_NPBUIResolverAuto@012@@Z 00403aa4 f i umodsys_lib_libmedia:umodsys.mod.media.std.obj
 0001:00002af5       ??$yes@U?$TFlags4StateShift@USMediaFlagUid@libmedia@UModSys@@I$01@tl@UModSys@@@SFlags@libmedia@UModSys@@QBE_NPBUIResolverAuto@012@@Z 00403af5 f i umodsys_lib_libmedia:umodsys.mod.media.std.obj
 0001:00002b46       ??$yes@U?$TFlags4StateShift@USMediaFlagUid@libmedia@UModSys@@I$05@tl@UModSys@@@SFlags@libmedia@UModSys@@QBE_NPBUIResolverAuto@012@@Z 00403b46 f i umodsys_lib_libmedia:umodsys.mod.media.std.obj
 0001:00002b97       ??$yes@U?$TFlags4StateShift@USMediaFlagUid@libmedia@UModSys@@I$07@tl@UModSys@@@SFlags@libmedia@UModSys@@QBE_NPBUIResolverAuto@012@@Z 00403b97 f i umodsys_lib_libmedia:umodsys.mod.media.std.obj
 0001:00002be6       ??$yes@U?$TFlags4StateShift@USMediaFlagUid@libmedia@UModSys@@I$06@tl@UModSys@@@SFlags@libmedia@UModSys@@QBE_NPBUIResolverAuto@012@@Z 00403be6 f i umodsys_lib_libmedia:umodsys.mod.media.std.obj
 0001:00002c37       ??$yes@U?$TFlags4StateShift@USMediaFlagUid@libmedia@UModSys@@I$08@tl@UModSys@@@SFlags@libmedia@UModSys@@QBE_NPBUIResolverAuto@012@@Z 00403c37 f i umodsys_lib_libmedia:umodsys.mod.media.std.obj
 0001:00002c88       ??$t_gen_param@URLibraryBinCache@std@media@modules@UModSys@@URGenerator@2345@@IGenerator@base@UModSys@@IAE_NPAURGenerator@std@media@modules@2@AAU?$TRefObject@UIRefObject@core@UModSys@@U?$TRefObjectFunc@UIRefObject@core@UModSys@@@tl@3@@tl@2@PBUSUniquePointerInfo@core@2@ABUSParameters@core@2@@Z 00403c88 f i umodsys_lib_libmedia:umodsys.mod.media.std.obj
 0001:00002d05       ??$t_gen_param@URLibraryBinTree@std@media@modules@UModSys@@URGenerator@2345@@IGenerator@base@UModSys@@IAE_NPAURGenerator@std@media@modules@2@AAU?$TRefObject@UIRefObject@core@UModSys@@U?$TRefObjectFunc@UIRefObject@core@UModSys@@@tl@3@@tl@2@PBUSUniquePointerInfo@core@2@ABUSParameters@core@2@@Z 00403d05 f i umodsys_lib_libmedia:umodsys.mod.media.std.obj
 0001:00002d82       ??$t_gen_param@URLibraryLayered@std@media@modules@UModSys@@URGenerator@2345@@IGenerator@base@UModSys@@IAE_NPAURGenerator@std@media@modules@2@AAU?$TRefObject@UIRefObject@core@UModSys@@U?$TRefObjectFunc@UIRefObject@core@UModSys@@@tl@3@@tl@2@PBUSUniquePointerInfo@core@2@ABUSParameters@core@2@@Z 00403d82 f i umodsys_lib_libmedia:umodsys.mod.media.std.obj
 0001:00002dff       ??$t_gen_param@URLibraryObjFilter@std@media@modules@UModSys@@URGenerator@2345@@IGenerator@base@UModSys@@IAE_NPAURGenerator@std@media@modules@2@AAU?$TRefObject@UIRefObject@core@UModSys@@U?$TRefObjectFunc@UIRefObject@core@UModSys@@@tl@3@@tl@2@PBUSUniquePointerInfo@core@2@ABUSParameters@core@2@@Z 00403dff f i umodsys_lib_libmedia:umodsys.mod.media.std.obj
 0001:00002e7c       ??$t_gen_param@URLibraryObjCache@std@media@modules@UModSys@@URGenerator@2345@@IGenerator@base@UModSys@@IAE_NPAURGenerator@std@media@modules@2@AAU?$TRefObject@UIRefObject@core@UModSys@@U?$TRefObjectFunc@UIRefObject@core@UModSys@@@tl@3@@tl@2@PBUSUniquePointerInfo@core@2@ABUSParameters@core@2@@Z 00403e7c f i umodsys_lib_libmedia:umodsys.mod.media.std.obj
 0001:00002ef9       ??$genx_node@UCmp@?$TScatterArray@USCacheElem@RLibraryBinCache@std@media@modules@UModSys@@U?$TString@U?$TSCoreConst@D@su@tl@UModSys@@U?$TComparerBinaryHash@D@234@@tl@6@U?$TObjectCompare@U?$TString@U?$TSCoreConst@D@su@tl@UModSys@@U?$TComparerBinaryHash@D@234@@tl@UModSys@@@core@6@U?$TNodeDeleter0@U?$TScatterArrayNode@USCacheElem@RLibraryBinCache@std@media@modules@UModSys@@U?$TString@U?$TSCoreConst@D@su@tl@UModSys@@U?$TComparerBinaryHash@D@234@@tl@6@@tl@UModSys@@@86@@tl@UModSys@@UGen0@234@@?$TTreeHoldRBD@U?$TScatterArrayNode@USCacheElem@RLibraryBinCache@std@media@modules@UModSys@@U?$TString@U?$TSCoreConst@D@su@tl@UModSys@@U?$TComparerBinaryHash@D@234@@tl@6@@tl@UModSys@@U?$TNodeDeleter0@U?$TScatterArrayNode@USCacheElem@RLibraryBinCache@std@media@modules@UModSys@@U?$TString@U?$TSCoreConst@D@su@tl@UModSys@@U?$TComparerBinaryHash@D@234@@tl@6@@tl@UModSys@@@23@@tl@UModSys@@QAEPAU?$TScatterArrayNode@USCacheElem@RLibraryBinCache@std@media@modules@UModSys@@U?$TString@U?$TSCoreConst@D@su@tl@UModSys@@U?$TComparerBinaryHash@D@234@@tl@6@@12@UCmp@?$TScatterArray@USCacheElem@RLibraryBinCache@std@media@modules@UModSys@@U?$TString@U?$TSCoreConst@D@su@tl@UModSys@@U?$TComparerBinaryHash@D@234@@tl@6@U?$TObjectCompare@U?$TString@U?$TSCoreConst@D@su@tl@UModSys@@U?$TComparerBinaryHash@D@234@@tl@UModSys@@@core@6@U?$TNodeDeleter0@U?$TScatterArrayNode@USCacheElem@RLibraryBinCache@std@media@modules@UModSys@@U?$TString@U?$TSCoreConst@D@su@tl@UModSys@@U?$TComparerBinaryHash@D@234@@tl@6@@tl@UModSys@@@86@@12@ABUGen0@512@PAPAU312@2_N@Z 00403ef9 f i umodsys_lib_libmedia:umodsys.mod.media.std.obj
 0001:00002f78       ??$genx_node@UCmp@?$TScatterArray@USMountInfo@RLibraryBinTree@std@media@modules@UModSys@@USId@ILibraryBinTree@libmedia@6@U7896@U?$TNodeDeleter0@U?$TScatterArrayNode@USMountInfo@RLibraryBinTree@std@media@modules@UModSys@@USId@ILibraryBinTree@libmedia@6@@tl@UModSys@@@tl@6@@tl@UModSys@@UGen0@234@@?$TTreeHoldRBD@U?$TScatterArrayNode@USMountInfo@RLibraryBinTree@std@media@modules@UModSys@@USId@ILibraryBinTree@libmedia@6@@tl@UModSys@@U?$TNodeDeleter0@U?$TScatterArrayNode@USMountInfo@RLibraryBinTree@std@media@modules@UModSys@@USId@ILibraryBinTree@libmedia@6@@tl@UModSys@@@23@@tl@UModSys@@QAEPAU?$TScatterArrayNode@USMountInfo@RLibraryBinTree@std@media@modules@UModSys@@USId@ILibraryBinTree@libmedia@6@@12@UCmp@?$TScatterArray@USMountInfo@RLibraryBinTree@std@media@modules@UModSys@@USId@ILibraryBinTree@libmedia@6@U7896@U?$TNodeDeleter0@U?$TScatterArrayNode@USMountInfo@RLibraryBinTree@std@media@modules@UModSys@@USId@ILibraryBinTree@libmedia@6@@tl@UModSys@@@tl@6@@12@ABUGen0@512@PAPAU312@2_N@Z 00403f78 f i umodsys_lib_libmedia:umodsys.mod.media.std.obj
 0001:00002ff6       ??$find_node_u@UCmp@?$TScatterArray@USMountInfo@RLibraryBinTree@std@media@modules@UModSys@@USId@ILibraryBinTree@libmedia@6@U7896@U?$TNodeDeleter0@U?$TScatterArrayNode@USMountInfo@RLibraryBinTree@std@media@modules@UModSys@@USId@ILibraryBinTree@libmedia@6@@tl@UModSys@@@tl@6@@tl@UModSys@@@?$TTreeHoldRB@U?$TScatterArrayNode@USMountInfo@RLibraryBinTree@std@media@modules@UModSys@@USId@ILibraryBinTree@libmedia@6@@tl@UModSys@@@tl@UModSys@@QBEPAU?$TScatterArrayNode@USMountInfo@RLibraryBinTree@std@media@modules@UModSys@@USId@ILibraryBinTree@libmedia@6@@12@UCmp@?$TScatterArray@USMountInfo@RLibraryBinTree@std@media@modules@UModSys@@USId@ILibraryBinTree@libmedia@6@U7896@U?$TNodeDeleter0@U?$TScatterArrayNode@USMountInfo@RLibraryBinTree@std@media@modules@UModSys@@USId@ILibraryBinTree@libmedia@6@@tl@UModSys@@@tl@6@@12@@Z 00403ff6 f i umodsys_lib_libmedia:umodsys.mod.media.std.obj
 0001:00003022       ??$genx_node@UCmp@?$TScatterArray@USCacheElem@RLibraryObjCache@std@media@modules@UModSys@@U?$TString@U?$TSCoreConst@D@su@tl@UModSys@@U?$TComparerBinaryHash@D@234@@tl@6@U?$TObjectCompare@U?$TString@U?$TSCoreConst@D@su@tl@UModSys@@U?$TComparerBinaryHash@D@234@@tl@UModSys@@@core@6@U?$TNodeDeleter0@U?$TScatterArrayNode@USCacheElem@RLibraryObjCache@std@media@modules@UModSys@@U?$TString@U?$TSCoreConst@D@su@tl@UModSys@@U?$TComparerBinaryHash@D@234@@tl@6@@tl@UModSys@@@86@@tl@UModSys@@UGen0@234@@?$TTreeHoldRBD@U?$TScatterArrayNode@USCacheElem@RLibraryObjCache@std@media@modules@UModSys@@U?$TString@U?$TSCoreConst@D@su@tl@UModSys@@U?$TComparerBinaryHash@D@234@@tl@6@@tl@UModSys@@U?$TNodeDeleter0@U?$TScatterArrayNode@USCacheElem@RLibraryObjCache@std@media@modules@UModSys@@U?$TString@U?$TSCoreConst@D@su@tl@UModSys@@U?$TComparerBinaryHash@D@234@@tl@6@@tl@UModSys@@@23@@tl@UModSys@@QAEPAU?$TScatterArrayNode@USCacheElem@RLibraryObjCache@std@media@modules@UModSys@@U?$TString@U?$TSCoreConst@D@su@tl@UModSys@@U?$TComparerBinaryHash@D@234@@tl@6@@12@UCmp@?$TScatterArray@USCacheElem@RLibraryObjCache@std@media@modules@UModSys@@U?$TString@U?$TSCoreConst@D@su@tl@UModSys@@U?$TComparerBinaryHash@D@234@@tl@6@U?$TObjectCompare@U?$TString@U?$TSCoreConst@D@su@tl@UModSys@@U?$TComparerBinaryHash@D@234@@tl@UModSys@@@core@6@U?$TNodeDeleter0@U?$TScatterArrayNode@USCacheElem@RLibraryObjCache@std@media@modules@UModSys@@U?$TString@U?$TSCoreConst@D@su@tl@UModSys@@U?$TComparerBinaryHash@D@234@@tl@6@@tl@UModSys@@@86@@12@ABUGen0@512@PAPAU312@2_N@Z 00404022 f i umodsys_lib_libmedia:umodsys.mod.media.std.obj
 0001:000030a1       ??$find_node_u@UCmp@?$TScatterArray@USCacheElem@RLibraryBinCache@std@media@modules@UModSys@@U?$TString@U?$TSCoreConst@D@su@tl@UModSys@@U?$TComparerBinaryHash@D@234@@tl@6@U?$TObjectCompare@U?$TString@U?$TSCoreConst@D@su@tl@UModSys@@U?$TComparerBinaryHash@D@234@@tl@UModSys@@@core@6@U?$TNodeDeleter0@U?$TScatterArrayNode@USCacheElem@RLibraryBinCache@std@media@modules@UModSys@@U?$TString@U?$TSCoreConst@D@su@tl@UModSys@@U?$TComparerBinaryHash@D@234@@tl@6@@tl@UModSys@@@86@@tl@UModSys@@@?$TTreeHoldRB@U?$TScatterArrayNode@USCacheElem@RLibraryBinCache@std@media@modules@UModSys@@U?$TString@U?$TSCoreConst@D@su@tl@UModSys@@U?$TComparerBinaryHash@D@234@@tl@6@@tl@UModSys@@@tl@UModSys@@QBEPAU?$TScatterArrayNode@USCacheElem@RLibraryBinCache@std@media@modules@UModSys@@U?$TString@U?$TSCoreConst@D@su@tl@UModSys@@U?$TComparerBinaryHash@D@234@@tl@6@@12@UCmp@?$TScatterArray@USCacheElem@RLibraryBinCache@std@media@modules@UModSys@@U?$TString@U?$TSCoreConst@D@su@tl@UModSys@@U?$TComparerBinaryHash@D@234@@tl@6@U?$TObjectCompare@U?$TString@U?$TSCoreConst@D@su@tl@UModSys@@U?$TComparerBinaryHash@D@234@@tl@UModSys@@@core@6@U?$TNodeDeleter0@U?$TScatterArrayNode@USCacheElem@RLibraryBinCache@std@media@modules@UModSys@@U?$TString@U?$TSCoreConst@D@su@tl@UModSys@@U?$TComparerBinaryHash@D@234@@tl@6@@tl@UModSys@@@86@@12@@Z 004040a1 f i umodsys_lib_libmedia:umodsys.mod.media.std.obj
 0001:000030a1       ??$find_node_u@UCmp@?$TScatterArray@USCacheElem@RLibraryObjCache@std@media@modules@UModSys@@U?$TString@U?$TSCoreConst@D@su@tl@UModSys@@U?$TComparerBinaryHash@D@234@@tl@6@U?$TObjectCompare@U?$TString@U?$TSCoreConst@D@su@tl@UModSys@@U?$TComparerBinaryHash@D@234@@tl@UModSys@@@core@6@U?$TNodeDeleter0@U?$TScatterArrayNode@USCacheElem@RLibraryObjCache@std@media@modules@UModSys@@U?$TString@U?$TSCoreConst@D@su@tl@UModSys@@U?$TComparerBinaryHash@D@234@@tl@6@@tl@UModSys@@@86@@tl@UModSys@@@?$TTreeHoldRB@U?$TScatterArrayNode@USCacheElem@RLibraryObjCache@std@media@modules@UModSys@@U?$TString@U?$TSCoreConst@D@su@tl@UModSys@@U?$TComparerBinaryHash@D@234@@tl@6@@tl@UModSys@@@tl@UModSys@@QBEPAU?$TScatterArrayNode@USCacheElem@RLibraryObjCache@std@media@modules@UModSys@@U?$TString@U?$TSCoreConst@D@su@tl@UModSys@@U?$TComparerBinaryHash@D@234@@tl@6@@12@UCmp@?$TScatterArray@USCacheElem@RLibraryObjCache@std@media@modules@UModSys@@U?$TString@U?$TSCoreConst@D@su@tl@UModSys@@U?$TComparerBinaryHash@D@234@@tl@6@U?$TObjectCompare@U?$TString@U?$TSCoreConst@D@su@tl@UModSys@@U?$TComparerBinaryHash@D@234@@tl@UModSys@@@core@6@U?$TNodeDeleter0@U?$TScatterArrayNode@USCacheElem@RLibraryObjCache@std@media@modules@UModSys@@U?$TString@U?$TSCoreConst@D@su@tl@UModSys@@U?$TComparerBinaryHash@D@234@@tl@6@@tl@UModSys@@@86@@12@@Z 004040a1 f i umodsys_lib_libmedia:umodsys.mod.media.std.obj
 0001:000030ce       ??$find_node_u@UCmp@?$TScatterArray@USFilter@RLibraryObjFilter@std@media@modules@UModSys@@USId@23456@U723456@U?$TNodeDeleter0@U?$TScatterArrayNode@USFilter@RLibraryObjFilter@std@media@modules@UModSys@@USId@23456@@tl@UModSys@@@tl@6@@tl@UModSys@@@?$TTreeHoldRB@U?$TScatterArrayNode@USFilter@RLibraryObjFilter@std@media@modules@UModSys@@USId@23456@@tl@UModSys@@@tl@UModSys@@QBEPAU?$TScatterArrayNode@USFilter@RLibraryObjFilter@std@media@modules@UModSys@@USId@23456@@12@UCmp@?$TScatterArray@USFilter@RLibraryObjFilter@std@media@modules@UModSys@@USId@23456@U723456@U?$TNodeDeleter0@U?$TScatterArrayNode@USFilter@RLibraryObjFilter@std@media@modules@UModSys@@USId@23456@@tl@UModSys@@@tl@6@@12@@Z 004040ce f i umodsys_lib_libmedia:umodsys.mod.media.std.obj
[...]
 0001:00009c6d       __ehhandler$??_GRStreamWriter_FILE@stdio@media@modules@UModSys@@UAEPAXI@Z 0040ac6d f    CIL library: CIL module
 0001:00009c6d       __ehhandler$??_GRLibraryBinTree@std@media@modules@UModSys@@UAEPAXI@Z 0040ac6d f    CIL library: CIL module
 0001:00009c6d       __ehhandler$??_GRLibraryObjCache@std@media@modules@UModSys@@UAEPAXI@Z 0040ac6d f    CIL library: CIL module
 0001:00009c6d       __ehhandler$??_GRLibraryBinCache@std@media@modules@UModSys@@UAEPAXI@Z 0040ac6d f    CIL library: CIL module
 0001:00009c6d       __ehhandler$??_GRLibraryObjFilter@std@media@modules@UModSys@@UAEPAXI@Z 0040ac6d f    CIL library: CIL module
 0001:00009c6d       __ehhandler$??_GRDataArchiver_OsDir@stdio@media@modules@UModSys@@UAEPAXI@Z 0040ac6d f    CIL library: CIL module
 0001:00009c77       __unwindfunclet$?bincache_add@RLibraryBinCache@std@media@modules@UModSys@@UAE_NABU?$TString@U?$TSCoreConst@D@su@tl@UModSys@@U?$TComparerBinaryHash@D@234@@tl@5@@Z$0 0040ac77 f    CIL library: CIL module
 0001:00009c7f       __ehhandler$?bincache_add@RLibraryBinCache@std@media@modules@UModSys@@UAE_NABU?$TString@U?$TSCoreConst@D@su@tl@UModSys@@U?$TComparerBinaryHash@D@234@@tl@5@@Z 0040ac7f f    CIL library: CIL module
 0001:00009c89       __unwindfunclet$?mem_free@?$TRMemAlloc_CC@U?$TMemAllocHeader@USMagic@mem_headers@rsystem@base@UModSys@@U?$TPool@X@2345@USDebug@2345@UVoid@core@5@U895@@rsystem@base@UModSys@@USMemAlloc_Malloc@core@4@@rsystem@base@UModSys@@UAEXPAXPBUSSourceContext@core@4@@Z$0 0040ac89 f    CIL library: CIL module
 0001:00009c91       __ehhandler$?mem_free@?$TRMemAlloc_CC@U?$TMemAllocHeader@USMagic@mem_headers@rsystem@base@UModSys@@U?$TPool@X@2345@USDebug@2345@UVoid@core@5@U895@@rsystem@base@UModSys@@USMemAlloc_Malloc@core@4@@rsystem@base@UModSys@@UAEXPAXPBUSSourceContext@core@4@@Z 0040ac91 f    CIL library: CIL module
 0001:00009c9b       __unwindfunclet$?mem_realloc@?$TRMemAlloc_CC@U?$TMemAllocHeader@USMagic@mem_headers@rsystem@base@UModSys@@U?$TPool@X@2345@USDebug@2345@UVoid@core@5@U895@@rsystem@base@UModSys@@USMemAlloc_Malloc@core@4@@rsystem@base@UModSys@@UAEPAXPAXIPBUSSourceContext@core@4@@Z$0 0040ac9b f    CIL library: CIL module
 0001:00009ca3       __unwindfunclet$?mem_realloc@?$TRMemAlloc_CC@U?$TMemAllocHeader@USMagic@mem_headers@rsystem@base@UModSys@@U?$TPool@X@2345@USDebug@2345@UVoid@core@5@U895@@rsystem@base@UModSys@@USMemAlloc_Malloc@core@4@@rsystem@base@UModSys@@UAEPAXPAXIPBUSSourceContext@core@4@@Z$1 0040aca3 f    CIL library: CIL module
 0001:00009cab       __ehhandler$?mem_realloc@?$TRMemAlloc_CC@U?$TMemAllocHeader@USMagic@mem_headers@rsystem@base@UModSys@@U?$TPool@X@2345@USDebug@2345@UVoid@core@5@U895@@rsystem@base@UModSys@@USMemAlloc_Malloc@core@4@@rsystem@base@UModSys@@UAEPAXPAXIPBUSSourceContext@core@4@@Z 0040acab f    CIL library: CIL module
 0001:00009cb5       __unwindfunclet$?s_add@RModuleLibrarySO@rsystem@base@UModSys@@SA_NPAUISystem@34@AAU?$TDynarrayDynamic@U?$TRefObject@URModuleLibrarySO@rsystem@base@UModSys@@U?$TRefObjectFunc@URModuleLibrarySO@rsystem@base@UModSys@@@tl@4@@tl@UModSys@@U?$TAllocator@USMemAlloc_Malloc@core@UModSys@@USCountCalcPower2@23@@23@@tl@4@PBD@Z$1 0040acb5 f    CIL library: CIL module
 0001:00009cbd       __ehhandler$?s_add@RModuleLibrarySO@rsystem@base@UModSys@@SA_NPAUISystem@34@AAU?$TDynarrayDynamic@U?$TRefObject@URModuleLibrarySO@rsystem@base@UModSys@@U?$TRefObjectFunc@URModuleLibrarySO@rsystem@base@UModSys@@@tl@4@@tl@UModSys@@U?$TAllocator@USMemAlloc_Malloc@core@UModSys@@USCountCalcPower2@23@@23@@tl@4@PBD@Z 0040acbd f    CIL library: CIL module
 0001:00009cc7       ??__E?s_id@?$TObjectUniqueID@UIRoot@core@UModSys@@@tl@UModSys@@2USUniquePointer@core@3@A@@YAXXZ 0040acc7 f    CIL library: CIL module
 0001:00009ce9       ??__E?s_id@?$TObjectUniqueID@UIRefObject@core@UModSys@@@tl@UModSys@@2USUniquePointer@core@3@A@@YAXXZ 0040ace9 f    CIL library: CIL module
 0001:00009d0b       ??__E?s_id@?$TObjectUniqueID@UIParameters@core@UModSys@@@tl@UModSys@@2USUniquePointer@core@3@A@@YAXXZ 0040ad0b f    CIL library: CIL module
 0001:00009d2d       ??__E?s_id@?$TObjectUniqueID@UIModule@base@UModSys@@@tl@UModSys@@2USUniquePointer@core@3@A@@YAXXZ 0040ad2d f    CIL library: CIL module
 0001:00009d4f       ??__E?s_id@?$TObjectUniqueID@UIModuleLibrary@base@UModSys@@@tl@UModSys@@2USUniquePointer@core@3@A@@YAXXZ 0040ad4f f    CIL library: CIL module
 0001:00009d71       ??__E?s_id@?$TObjectUniqueID@UIModObject@base@UModSys@@@tl@UModSys@@2USUniquePointer@core@3@A@@YAXXZ 0040ad71 f    CIL library: CIL module
 0001:00009d93       ??__E?s_id@?$TObjectUniqueID@UIGenerator@base@UModSys@@@tl@UModSys@@2USUniquePointer@core@3@A@@YAXXZ 0040ad93 f    CIL library: CIL module
 0001:00009db5       ??__E?s_id@?$TObjectUniqueID@UIShell@base@UModSys@@@tl@UModSys@@2USUniquePointer@core@3@A@@YAXXZ 0040adb5 f    CIL library: CIL module
 0001:00009dd7       ??__E?s_id@?$TObjectUniqueID@UIConsole@base@UModSys@@@tl@UModSys@@2USUniquePointer@core@3@A@@YAXXZ 0040add7 f    CIL library: CIL module
 0001:00009df9       ??__E?s_id@?$TObjectUniqueID@UISystem@base@UModSys@@@tl@UModSys@@2USUniquePointer@core@3@A@@YAXXZ 0040adf9 f    CIL library: CIL module
 0001:00009e1b       ??__E?s_id@?$TObjectUniqueID@URModule@rsystem@base@UModSys@@@tl@UModSys@@2USUniquePointer@core@3@A@@YAXXZ 0040ae1b f    CIL library: CIL module
 0001:00009e3d       ??__E?s_id@?$TObjectUniqueID@UIModuleLibraryUni@rsystem@base@UModSys@@@tl@UModSys@@2USUniquePointer@core@3@A@@YAXXZ 0040ae3d f    CIL library: CIL module
 0001:00009e5f       ??__E?s_id@?$TObjectUniqueID@URModuleLibrarySO@rsystem@base@UModSys@@@tl@UModSys@@2USUniquePointer@core@3@A@@YAXXZ 0040ae5f f    CIL library: CIL module
 0001:00009e81       ??__E?s_id@?$TObjectUniqueID@URModuleLibraryThis@rsystem@base@UModSys@@@tl@UModSys@@2USUniquePointer@core@3@A@@YAXXZ 0040ae81 f    CIL library: CIL module
 0001:00009ea3       ??__E?s_id@?$TObjectUniqueID@URParameters@rsystem@base@UModSys@@@tl@UModSys@@2USUniquePointer@core@3@A@@YAXXZ 0040aea3 f    CIL library: CIL module
 0001:00009ec5       ??__E?s_id@?$TObjectUniqueID@URSystem@rsystem@base@UModSys@@@tl@UModSys@@2USUniquePointer@core@3@A@@YAXXZ 0040aec5 f    CIL library: CIL module
 0001:00009ee7       ??__E?s_id@?$TObjectUniqueID@URConsole_std@rsystem@base@UModSys@@@tl@UModSys@@2USUniquePointer@core@3@A@@YAXXZ 0040aee7 f    CIL library: CIL module
 0001:00009f09       ??__E?s_modreg@RModuleReg@std@media@modules@UModSys@@2U12345@A@@YAXXZ 0040af09 f    CIL library: CIL module
 0001:00009f30       ??__E?s_modreg_chain@RModuleReg@std@media@modules@UModSys@@2USModuleRegChain@base@5@A@@YAXXZ 0040af30 f    CIL library: CIL module
 0001:00009f4b       ??__E?s_uid@RGenerator@std@media@modules@UModSys@@2USUniquePointer@core@5@A@@YAXXZ 0040af4b f    CIL library: CIL module
 0001:00009f6d       ??__E?s_id@?$TObjectUniqueID@UIStreamReader@libmedia@UModSys@@@tl@UModSys@@2USUniquePointer@core@3@A@@YAXXZ 0040af6d f    CIL library: CIL module
 0001:00009f8f       ??__E?s_id@?$TObjectUniqueID@UIStreamWriter@libmedia@UModSys@@@tl@UModSys@@2USUniquePointer@core@3@A@@YAXXZ 0040af8f f    CIL library: CIL module
 0001:00009fb1       ??__E?s_id@?$TObjectUniqueID@UIBinArchive@libmedia@UModSys@@@tl@UModSys@@2USUniquePointer@core@3@A@@YAXXZ 0040afb1 f    CIL library: CIL module
 0001:00009fd3       ??__E?s_id@?$TObjectUniqueID@UIBinObjFilter@libmedia@UModSys@@@tl@UModSys@@2USUniquePointer@core@3@A@@YAXXZ 0040afd3 f    CIL library: CIL module
 0001:00009ff8       ??__E?s_id@?$TObjectUniqueID@UILibrary@libmedia@UModSys@@@tl@UModSys@@2USUniquePointer@core@3@A@@YAXXZ 0040aff8 f    CIL library: CIL module
 0001:0000a01a       ??__E?s_id@?$TObjectUniqueID@UILibraryBinTree@libmedia@UModSys@@@tl@UModSys@@2USUniquePointer@core@3@A@@YAXXZ 0040b01a f    CIL library: CIL module
 0001:0000a03c       ??__E?s_id@?$TObjectUniqueID@UILibraryBinCache@libmedia@UModSys@@@tl@UModSys@@2USUniquePointer@core@3@A@@YAXXZ 0040b03c f    CIL library: CIL module
 0001:0000a05e       ??__E?s_id@?$TObjectUniqueID@UILibraryObjFilter@libmedia@UModSys@@@tl@UModSys@@2USUniquePointer@core@3@A@@YAXXZ 0040b05e f    CIL library: CIL module
 0001:0000a080       ??__E?s_id@?$TObjectUniqueID@UILibraryObjCache@libmedia@UModSys@@@tl@UModSys@@2USUniquePointer@core@3@A@@YAXXZ 0040b080 f    CIL library: CIL module
 0001:0000a0a2       ??__E?s_id@?$TObjectUniqueID@UILibraryLayered@libmedia@UModSys@@@tl@UModSys@@2USUniquePointer@core@3@A@@YAXXZ 0040b0a2 f    CIL library: CIL module
 0001:0000a0c4       ??__E?s_id@?$TObjectUniqueID@URLibraryBinCache@std@media@modules@UModSys@@@tl@UModSys@@2USUniquePointer@core@3@A@@YAXXZ 0040b0c4 f    CIL library: CIL module
 0001:0000a0e6       ??__E?s_id@?$TObjectUniqueID@URLibraryBinTree@std@media@modules@UModSys@@@tl@UModSys@@2USUniquePointer@core@3@A@@YAXXZ 0040b0e6 f    CIL library: CIL module
 0001:0000a108       ??__E?s_id@?$TObjectUniqueID@URLibraryLayered@std@media@modules@UModSys@@@tl@UModSys@@2USUniquePointer@core@3@A@@YAXXZ 0040b108 f    CIL library: CIL module
 0001:0000a12a       ??__E?s_id@?$TObjectUniqueID@URLibraryObjCache@std@media@modules@UModSys@@@tl@UModSys@@2USUniquePointer@core@3@A@@YAXXZ 0040b12a f    CIL library: CIL module
 0001:0000a14c       ??__E?s_id@?$TObjectUniqueID@URLibraryObjFilter@std@media@modules@UModSys@@@tl@UModSys@@2USUniquePointer@core@3@A@@YAXXZ 0040b14c f    CIL library: CIL module
 0001:0000a16e       ??__E?s_id@?$TObjectUniqueID@URGenerator@std@media@modules@UModSys@@@tl@UModSys@@2USUniquePointer@core@3@A@@YAXXZ 0040b16e f    CIL library: CIL module
 0001:0000a190       ??__E?s_modreg@RModuleReg@stdio@media@modules@UModSys@@2U12345@A@@YAXXZ 0040b190 f    CIL library: CIL module
 0001:0000a1b7       ??__E?s_modreg_chain@RModuleReg@stdio@media@modules@UModSys@@2USModuleRegChain@base@5@A@@YAXXZ 0040b1b7 f    CIL library: CIL module
 0001:0000a1d2       ??__E?s_uid@RGenerator@stdio@media@modules@UModSys@@2USUniquePointer@core@5@A@@YAXXZ 0040b1d2 f    CIL library: CIL module
 0001:0000a1f4       ??__E?s_id@?$TObjectUniqueID@URStreamReader_FILE@stdio@media@modules@UModSys@@@tl@UModSys@@2USUniquePointer@core@3@A@@YAXXZ 0040b1f4 f    CIL library: CIL module
 0001:0000a216       ??__E?s_id@?$TObjectUniqueID@URStreamWriter_FILE@stdio@media@modules@UModSys@@@tl@UModSys@@2USUniquePointer@core@3@A@@YAXXZ 0040b216 f    CIL library: CIL module
 0001:0000a238       ??__E?s_id@?$TObjectUniqueID@URDataArchiver_OsDir@stdio@media@modules@UModSys@@@tl@UModSys@@2USUniquePointer@core@3@A@@YAXXZ 0040b238 f    CIL library: CIL module
 0001:0000a25a       ??__E?s_id@?$TObjectUniqueID@URGenerator@stdio@media@modules@UModSys@@@tl@UModSys@@2USUniquePointer@core@3@A@@YAXXZ 0040b25a f    CIL library: CIL module
 0001:0000a27c       ??__E?s_console@RConsole_std@rsystem@base@UModSys@@2U1234@A@@YAXXZ 0040b27c f    CIL library: CIL module
 0001:0000a288       ??__E?s_sys@RSystem@rsystem@base@UModSys@@2U1234@A@@YAXXZ 0040b288 f    CIL library: CIL module
 0001:0000a299       ??__Ersys_dbg@rsystem@base@UModSys@@YAXXZ 0040b299 f    CIL library: CIL module
 0001:0000a2a5       ??__EM@UModSys@@YAXXZ      0040b2a5 f    CIL library: CIL module
 0001:0000a2b1       ??__E?root@SModuleRegChain@base@UModSys@@2U123@A@@YAXXZ 0040b2b1 f    CIL library: CIL module
 0001:0000a2bd       ??__E?s_library@RModuleLibraryReg_Chain@base@UModSys@@2U123@A@@YAXXZ 0040b2bd f    CIL library: CIL module
 0001:0000a2c9       ??__E?root@SUniquePointer@core@UModSys@@2U123@A@@YAXXZ 0040b2c9 f    CIL library: CIL module
 0001:0000a2d5       ??__F?s_id@?$TObjectUniqueID@URConsole_std@rsystem@base@UModSys@@@tl@UModSys@@2USUniquePointer@core@3@A@@YAXXZ 0040b2d5 f    CIL library: CIL module
 0001:0000a2df       ??__F?s_id@?$TObjectUniqueID@URSystem@rsystem@base@UModSys@@@tl@UModSys@@2USUniquePointer@core@3@A@@YAXXZ 0040b2df f    CIL library: CIL module
 0001:0000a2e9       ??__F?s_id@?$TObjectUniqueID@URParameters@rsystem@base@UModSys@@@tl@UModSys@@2USUniquePointer@core@3@A@@YAXXZ 0040b2e9 f    CIL library: CIL module
 0001:0000a2f3       ??__F?s_id@?$TObjectUniqueID@URModuleLibraryThis@rsystem@base@UModSys@@@tl@UModSys@@2USUniquePointer@core@3@A@@YAXXZ 0040b2f3 f    CIL library: CIL module
 0001:0000a2fd       ??__F?s_id@?$TObjectUniqueID@URModuleLibrarySO@rsystem@base@UModSys@@@tl@UModSys@@2USUniquePointer@core@3@A@@YAXXZ 0040b2fd f    CIL library: CIL module
 0001:0000a307       ??__F?s_id@?$TObjectUniqueID@UIModuleLibraryUni@rsystem@base@UModSys@@@tl@UModSys@@2USUniquePointer@core@3@A@@YAXXZ 0040b307 f    CIL library: CIL module
 0001:0000a311       ??__F?s_id@?$TObjectUniqueID@URModule@rsystem@base@UModSys@@@tl@UModSys@@2USUniquePointer@core@3@A@@YAXXZ 0040b311 f    CIL library: CIL module
 0001:0000a31b       ??__F?s_id@?$TObjectUniqueID@UISystem@base@UModSys@@@tl@UModSys@@2USUniquePointer@core@3@A@@YAXXZ 0040b31b f    CIL library: CIL module
 0001:0000a325       ??__F?s_id@?$TObjectUniqueID@UIConsole@base@UModSys@@@tl@UModSys@@2USUniquePointer@core@3@A@@YAXXZ 0040b325 f    CIL library: CIL module
 0001:0000a32f       ??__F?s_id@?$TObjectUniqueID@UIShell@base@UModSys@@@tl@UModSys@@2USUniquePointer@core@3@A@@YAXXZ 0040b32f f    CIL library: CIL module
 0001:0000a339       ??__F?s_id@?$TObjectUniqueID@UIGenerator@base@UModSys@@@tl@UModSys@@2USUniquePointer@core@3@A@@YAXXZ 0040b339 f    CIL library: CIL module
 0001:0000a343       ??__F?s_id@?$TObjectUniqueID@UIModObject@base@UModSys@@@tl@UModSys@@2USUniquePointer@core@3@A@@YAXXZ 0040b343 f    CIL library: CIL module
 0001:0000a34d       ??__F?s_id@?$TObjectUniqueID@UIModuleLibrary@base@UModSys@@@tl@UModSys@@2USUniquePointer@core@3@A@@YAXXZ 0040b34d f    CIL library: CIL module
 0001:0000a357       ??__F?s_id@?$TObjectUniqueID@UIModule@base@UModSys@@@tl@UModSys@@2USUniquePointer@core@3@A@@YAXXZ 0040b357 f    CIL library: CIL module
 0001:0000a361       ??__F?s_id@?$TObjectUniqueID@UIParameters@core@UModSys@@@tl@UModSys@@2USUniquePointer@core@3@A@@YAXXZ 0040b361 f    CIL library: CIL module
 0001:0000a36b       ??__F?s_id@?$TObjectUniqueID@UIRefObject@core@UModSys@@@tl@UModSys@@2USUniquePointer@core@3@A@@YAXXZ 0040b36b f    CIL library: CIL module
 0001:0000a375       ??__F?s_id@?$TObjectUniqueID@UIRoot@core@UModSys@@@tl@UModSys@@2USUniquePointer@core@3@A@@YAXXZ 0040b375 f    CIL library: CIL module
 0001:0000a37f       ??__F?s_modreg@RModuleReg@std@media@modules@UModSys@@2U12345@A@@YAXXZ 0040b37f f    CIL library: CIL module
 0001:0000a38a       ??__F?s_modreg_chain@RModuleReg@std@media@modules@UModSys@@2USModuleRegChain@base@5@A@@YAXXZ 0040b38a f    CIL library: CIL module
 0001:0000a394       ??__F?s_uid@RGenerator@std@media@modules@UModSys@@2USUniquePointer@core@5@A@@YAXXZ 0040b394 f    CIL library: CIL module
 0001:0000a39e       ??__Fh@?1??s_holder@RGenerator@std@media@modules@UModSys@@SAAAU?$TTypeStaticHolder@URGenerator@std@media@modules@UModSys@@@tl@5@XZ@YAXXZ 0040b39e f    CIL library: CIL module
 0001:0000a3bb       ??__F?s_id@?$TObjectUniqueID@URGenerator@std@media@modules@UModSys@@@tl@UModSys@@2USUniquePointer@core@3@A@@YAXXZ 0040b3bb f    CIL library: CIL module
 0001:0000a3c5       ??__F?s_id@?$TObjectUniqueID@URLibraryObjFilter@std@media@modules@UModSys@@@tl@UModSys@@2USUniquePointer@core@3@A@@YAXXZ 0040b3c5 f    CIL library: CIL module
 0001:0000a3cf       ??__F?s_id@?$TObjectUniqueID@URLibraryObjCache@std@media@modules@UModSys@@@tl@UModSys@@2USUniquePointer@core@3@A@@YAXXZ 0040b3cf f    CIL library: CIL module
 0001:0000a3d9       ??__F?s_id@?$TObjectUniqueID@URLibraryLayered@std@media@modules@UModSys@@@tl@UModSys@@2USUniquePointer@core@3@A@@YAXXZ 0040b3d9 f    CIL library: CIL module
 0001:0000a3e3       ??__F?s_id@?$TObjectUniqueID@URLibraryBinTree@std@media@modules@UModSys@@@tl@UModSys@@2USUniquePointer@core@3@A@@YAXXZ 0040b3e3 f    CIL library: CIL module
 0001:0000a3ed       ??__F?s_id@?$TObjectUniqueID@URLibraryBinCache@std@media@modules@UModSys@@@tl@UModSys@@2USUniquePointer@core@3@A@@YAXXZ 0040b3ed f    CIL library: CIL module
 0001:0000a3f7       ??__F?s_id@?$TObjectUniqueID@UILibraryLayered@libmedia@UModSys@@@tl@UModSys@@2USUniquePointer@core@3@A@@YAXXZ 0040b3f7 f    CIL library: CIL module
 0001:0000a401       ??__F?s_id@?$TObjectUniqueID@UILibraryObjCache@libmedia@UModSys@@@tl@UModSys@@2USUniquePointer@core@3@A@@YAXXZ 0040b401 f    CIL library: CIL module
 0001:0000a40b       ??__F?s_id@?$TObjectUniqueID@UILibraryObjFilter@libmedia@UModSys@@@tl@UModSys@@2USUniquePointer@core@3@A@@YAXXZ 0040b40b f    CIL library: CIL module
 0001:0000a415       ??__F?s_id@?$TObjectUniqueID@UILibraryBinCache@libmedia@UModSys@@@tl@UModSys@@2USUniquePointer@core@3@A@@YAXXZ 0040b415 f    CIL library: CIL module
 0001:0000a41f       ??__F?s_id@?$TObjectUniqueID@UILibraryBinTree@libmedia@UModSys@@@tl@UModSys@@2USUniquePointer@core@3@A@@YAXXZ 0040b41f f    CIL library: CIL module
 0001:0000a429       ??__F?s_id@?$TObjectUniqueID@UILibrary@libmedia@UModSys@@@tl@UModSys@@2USUniquePointer@core@3@A@@YAXXZ 0040b429 f    CIL library: CIL module
 0001:0000a433       ??__F?s_id@?$TObjectUniqueID@UIBinObjFilter@libmedia@UModSys@@@tl@UModSys@@2USUniquePointer@core@3@A@@YAXXZ 0040b433 f    CIL library: CIL module
 0001:0000a43d       ??__F?s_id@?$TObjectUniqueID@UIBinArchive@libmedia@UModSys@@@tl@UModSys@@2USUniquePointer@core@3@A@@YAXXZ 0040b43d f    CIL library: CIL module
 0001:0000a447       ??__F?s_id@?$TObjectUniqueID@UIStreamWriter@libmedia@UModSys@@@tl@UModSys@@2USUniquePointer@core@3@A@@YAXXZ 0040b447 f    CIL library: CIL module
 0001:0000a451       ??__F?s_id@?$TObjectUniqueID@UIStreamReader@libmedia@UModSys@@@tl@UModSys@@2USUniquePointer@core@3@A@@YAXXZ 0040b451 f    CIL library: CIL module
 0001:0000a45b       ??__F?s_modreg@RModuleReg@stdio@media@modules@UModSys@@2U12345@A@@YAXXZ 0040b45b f    CIL library: CIL module
 0001:0000a466       ??__F?s_modreg_chain@RModuleReg@stdio@media@modules@UModSys@@2USModuleRegChain@base@5@A@@YAXXZ 0040b466 f    CIL library: CIL module
 0001:0000a470       ??__F?s_uid@RGenerator@stdio@media@modules@UModSys@@2USUniquePointer@core@5@A@@YAXXZ 0040b470 f    CIL library: CIL module
 0001:0000a47a       ??__Fh@?1??s_holder@RGenerator@stdio@media@modules@UModSys@@SAAAU?$TTypeStaticHolder@URGenerator@stdio@media@modules@UModSys@@@tl@5@XZ@YAXXZ 0040b47a f    CIL library: CIL module
 0001:0000a497       ??__F?s_id@?$TObjectUniqueID@URGenerator@stdio@media@modules@UModSys@@@tl@UModSys@@2USUniquePointer@core@3@A@@YAXXZ 0040b497 f    CIL library: CIL module
 0001:0000a4a1       ??__F?s_id@?$TObjectUniqueID@URDataArchiver_OsDir@stdio@media@modules@UModSys@@@tl@UModSys@@2USUniquePointer@core@3@A@@YAXXZ 0040b4a1 f    CIL library: CIL module
 0001:0000a4ab       ??__F?s_id@?$TObjectUniqueID@URStreamWriter_FILE@stdio@media@modules@UModSys@@@tl@UModSys@@2USUniquePointer@core@3@A@@YAXXZ 0040b4ab f    CIL library: CIL module
 0001:0000a4b5       ??__F?s_id@?$TObjectUniqueID@URStreamReader_FILE@stdio@media@modules@UModSys@@@tl@UModSys@@2USUniquePointer@core@3@A@@YAXXZ 0040b4b5 f    CIL library: CIL module
 0001:0000a4bf       ??__F?s_console@RConsole_std@rsystem@base@UModSys@@2U1234@A@@YAXXZ 0040b4bf f    CIL library: CIL module
 0001:0000a4ec       ??__F?s_sys@RSystem@rsystem@base@UModSys@@2U1234@A@@YAXXZ 0040b4ec f    CIL library: CIL module
 0001:0000a4f7       ??__Frsys_dbg@rsystem@base@UModSys@@YAXXZ 0040b4f7 f    CIL library: CIL module
 0001:0000a50e       ??__FM@UModSys@@YAXXZ      0040b50e f    CIL library: CIL module
 0001:0000a50f       ??__F?root@SModuleRegChain@base@UModSys@@2U123@A@@YAXXZ 0040b50f f    CIL library: CIL module
 0001:0000a519       ??__F?s_library@RModuleLibraryReg_Chain@base@UModSys@@2U123@A@@YAXXZ 0040b519 f    CIL library: CIL module
 0001:0000a524       ??__F?root@SUniquePointer@core@UModSys@@2U123@A@@YAXXZ 0040b524 f    CIL library: CIL module

 Exports

  ordinal    name

        1    _UModSys_Plugin_Entry2@0
