 lib_luajit

 Timestamp is 52d551f2 (Tue Jan 14 18:04:18 2014)

 Preferred load address is 0000000180000000

 Start         Length     Name                   Class
 0001:00000000 000566a0H .text                   CODE
 0001:000566a0 00000091H .text$x                 CODE
 0002:00000000 00000338H .idata$5                DATA
 0002:00000338 00000008H .CRT$XCA                DATA
 0002:00000340 00000008H .CRT$XCZ                DATA
 0002:00000348 00000008H .CRT$XIA                DATA
 0002:00000350 00000008H .CRT$XIAA               DATA
 0002:00000358 00000008H .CRT$XIZ                DATA
 0002:00000360 00005640H .rdata                  DATA
 0002:000059a0 0000000dH .rdata$Z                DATA
 0002:000059b0 00000008H .rtc$IAA                DATA
 0002:000059b8 00000008H .rtc$IZZ                DATA
 0002:000059c0 00000008H .rtc$TAA                DATA
 0002:000059c8 00000008H .rtc$TZZ                DATA
 0002:000059d0 00006c34H .xdata                  DATA
 0002:0000c604 00000028H .idata$2                DATA
 0002:0000c62c 00000014H .idata$3                DATA
 0002:0000c640 00000338H .idata$4                DATA
 0002:0000c978 0000052cH .idata$6                DATA
 0002:0000ceb0 00000cb1H .edata                  DATA
 0003:00000000 000001b4H .data                   DATA
 0003:000001b8 00000080H .bss                    DATA
 0004:00000000 000053acH .pdata                  DATA

  Address         Publics by Value              Rva+Base               Lib:Object

 0000:00000000       ___safe_se_handler_count   0000000000000000     <absolute>
 0000:00000000       ___safe_se_handler_table   0000000000000000     <absolute>
 0000:00000000       __ImageBase                0000000180000000     <linker-defined>
 0001:00000000       lj_BC_ISLT                 0000000180001000 f   lj_vm.obj
 0001:00000000       lj_vm_asm_begin            0000000180001000     lj_vm.obj
 0001:00000047       lj_BC_ISGE                 0000000180001047 f   lj_vm.obj
 0001:0000008e       lj_BC_ISLE                 000000018000108e f   lj_vm.obj
 0001:000000d5       lj_BC_ISGT                 00000001800010d5 f   lj_vm.obj
 0001:0000011c       lj_BC_ISEQV                000000018000111c f   lj_vm.obj
 0001:000001a6       lj_BC_ISNEV                00000001800011a6 f   lj_vm.obj
 0001:00000233       lj_BC_ISEQS                0000000180001233 f   lj_vm.obj
 0001:00000270       lj_BC_ISNES                0000000180001270 f   lj_vm.obj
 0001:000002ad       lj_BC_ISEQN                00000001800012ad f   lj_vm.obj
 0001:000002f0       lj_BC_ISNEN                00000001800012f0 f   lj_vm.obj
 0001:00000333       lj_BC_ISEQP                0000000180001333 f   lj_vm.obj
 0001:00000367       lj_BC_ISNEP                0000000180001367 f   lj_vm.obj
 0001:0000039a       lj_BC_ISTC                 000000018000139a f   lj_vm.obj
 0001:000003cc       lj_BC_ISFC                 00000001800013cc f   lj_vm.obj
 0001:000003fe       lj_BC_IST                  00000001800013fe f   lj_vm.obj
 0001:00000426       lj_BC_ISF                  0000000180001426 f   lj_vm.obj
 0001:0000044e       lj_BC_MOV                  000000018000144e f   lj_vm.obj
 0001:00000467       lj_BC_NOT                  0000000180001467 f   lj_vm.obj
 0001:00000486       lj_BC_UNM                  0000000180001486 f   lj_vm.obj
 0001:000004c1       lj_BC_LEN                  00000001800014c1 f   lj_vm.obj
 0001:0000050a       lj_BC_ADDVN                000000018000150a f   lj_vm.obj
 0001:0000053e       lj_BC_SUBVN                000000018000153e f   lj_vm.obj
 0001:00000572       lj_BC_MULVN                0000000180001572 f   lj_vm.obj
 0001:000005a6       lj_BC_DIVVN                00000001800015a6 f   lj_vm.obj
 0001:000005da       lj_BC_MODVN                00000001800015da f   lj_vm.obj
 0001:00000613       lj_BC_ADDNV                0000000180001613 f   lj_vm.obj
 0001:00000647       lj_BC_SUBNV                0000000180001647 f   lj_vm.obj
 0001:0000067b       lj_BC_MULNV                000000018000167b f   lj_vm.obj
 0001:000006af       lj_BC_DIVNV                00000001800016af f   lj_vm.obj
 0001:000006e3       lj_BC_MODNV                00000001800016e3 f   lj_vm.obj
 0001:00000706       lj_BC_ADDVV                0000000180001706 f   lj_vm.obj
 0001:00000748       lj_BC_SUBVV                0000000180001748 f   lj_vm.obj
 0001:0000078a       lj_BC_MULVV                000000018000178a f   lj_vm.obj
 0001:000007cc       lj_BC_DIVVV                00000001800017cc f   lj_vm.obj
 0001:0000080e       lj_BC_MODVV                000000018000180e f   lj_vm.obj
 0001:0000083f       lj_BC_POW                  000000018000183f f   lj_vm.obj
 0001:00000886       lj_BC_CAT                  0000000180001886 f   lj_vm.obj
 0001:000008d3       lj_BC_KSTR                 00000001800018d3 f   lj_vm.obj
 0001:000008f5       lj_BC_KCDATA               00000001800018f5 f   lj_vm.obj
 0001:00000917       lj_BC_KSHORT               0000000180001917 f   lj_vm.obj
 0001:00000934       lj_BC_KNUM                 0000000180001934 f   lj_vm.obj
 0001:0000094f       lj_BC_KPRI                 000000018000194f f   lj_vm.obj
 0001:00000967       lj_BC_KNIL                 0000000180001967 f   lj_vm.obj
 0001:00000991       lj_BC_UGET                 0000000180001991 f   lj_vm.obj
 0001:000009b4       lj_BC_USETV                00000001800019b4 f   lj_vm.obj
 0001:00000a0a       lj_BC_USETS                0000000180001a0a f   lj_vm.obj
 0001:00000a59       lj_BC_USETN                0000000180001a59 f   lj_vm.obj
 0001:00000a7d       lj_BC_USETP                0000000180001a7d f   lj_vm.obj
 0001:00000a9e       lj_BC_UCLO                 0000000180001a9e f   lj_vm.obj
 0001:00000ad0       lj_BC_FNEW                 0000000180001ad0 f   lj_vm.obj
 0001:00000b0f       lj_BC_TNEW                 0000000180001b0f f   lj_vm.obj
 0001:00000b7b       lj_BC_TDUP                 0000000180001b7b f   lj_vm.obj
 0001:00000bd4       lj_BC_GGET                 0000000180001bd4 f   lj_vm.obj
 0001:00000be5       lj_BC_GSET                 0000000180001be5 f   lj_vm.obj
 0001:00000bf6       lj_BC_TGETV                0000000180001bf6 f   lj_vm.obj
 0001:00000c89       lj_BC_TGETS                0000000180001c89 f   lj_vm.obj
 0001:00000d03       lj_BC_TGETB                0000000180001d03 f   lj_vm.obj
 0001:00000d65       lj_BC_TSETV                0000000180001d65 f   lj_vm.obj
 0001:00000e0f       lj_BC_TSETS                0000000180001e0f f   lj_vm.obj
 0001:00000ef4       lj_BC_TSETB                0000000180001ef4 f   lj_vm.obj
 0001:00000f6d       lj_BC_TSETM                0000000180001f6d f   lj_vm.obj
 0001:00000ff3       lj_BC_CALLM                0000000180001ff3 f   lj_vm.obj
 0001:00001020       lj_BC_CALL                 0000000180002020 f   lj_vm.obj
 0001:00001049       lj_BC_CALLMT               0000000180002049 f   lj_vm.obj
 0001:0000104d       lj_BC_CALLT                000000018000204d f   lj_vm.obj
 0001:000010dc       lj_BC_ITERC                00000001800020dc f   lj_vm.obj
 0001:0000111f       lj_BC_ITERN                000000018000211f f   lj_vm.obj
 0001:000011b7       lj_BC_VARG                 00000001800021b7 f   lj_vm.obj
 0001:0000126b       lj_BC_ISNEXT               000000018000226b f   lj_vm.obj
 0001:000012c2       lj_BC_RETM                 00000001800022c2 f   lj_vm.obj
 0001:000012c6       lj_BC_RET                  00000001800022c6 f   lj_vm.obj
 0001:00001343       lj_BC_RET0                 0000000180002343 f   lj_vm.obj
 0001:0000139b       lj_BC_RET1                 000000018000239b f   lj_vm.obj
 0001:00001400       lj_BC_FORI                 0000000180002400 f   lj_vm.obj
 0001:00001460       lj_BC_JFORI                0000000180002460 f   lj_vm.obj
 0001:000014c8       lj_BC_FORL                 00000001800024c8 f   lj_vm.obj
 0001:000014db       lj_BC_IFORL                00000001800024db f   lj_vm.obj
 0001:00001520       lj_BC_JFORL                0000000180002520 f   lj_vm.obj
 0001:00001562       lj_BC_ITERL                0000000180002562 f   lj_vm.obj
 0001:00001575       lj_BC_IITERL               0000000180002575 f   lj_vm.obj
 0001:000015a0       lj_BC_JITERL               00000001800025a0 f   lj_vm.obj
 0001:000015c6       lj_BC_LOOP                 00000001800025c6 f   lj_vm.obj
 0001:000015d9       lj_BC_ILOOP                00000001800025d9 f   lj_vm.obj
 0001:000015ea       lj_BC_JLOOP                00000001800025ea f   lj_vm.obj
 0001:00001663       lj_BC_JMP                  0000000180002663 f   lj_vm.obj
 0001:0000167b       lj_BC_FUNCF                000000018000267b f   lj_vm.obj
 0001:0000168e       lj_BC_IFUNCF               000000018000268e f   lj_vm.obj
 0001:000016cb       lj_BC_JFUNCF               00000001800026cb f   lj_vm.obj
 0001:00001700       lj_BC_IFUNCV               0000000180002700 f   lj_vm.obj
 0001:00001700       lj_BC_FUNCV                0000000180002700 f   lj_vm.obj
 0001:00001775       lj_BC_JFUNCV               0000000180002775 f   lj_vm.obj
 0001:00001776       lj_BC_FUNCC                0000000180002776 f   lj_vm.obj
 0001:000017c2       lj_BC_FUNCCW               00000001800027c2 f   lj_vm.obj
 0001:00001815       lj_vm_returnp              0000000180002815 f   lj_vm.obj
 0001:00001836       lj_vm_returnc              0000000180002836 f   lj_vm.obj
 0001:0000184f       lj_vm_return               000000018000284f f   lj_vm.obj
 0001:00001899       lj_vm_leave_cp             0000000180002899 f   lj_vm.obj
 0001:000018a4       lj_vm_leave_unw            00000001800028a4 f   lj_vm.obj
 0001:000018e3       lj_vm_unwind_yield         00000001800028e3 f   lj_vm.obj
 0001:000018e7       lj_vm_unwind_c             00000001800028e7 f   lj_vm.obj
 0001:000018ec       lj_vm_unwind_c_eh          00000001800028ec f   lj_vm.obj
 0001:000018ff       lj_vm_unwind_rethrow       00000001800028ff f   lj_vm.obj
 0001:000018ff       lj_vm_unwind_ff            00000001800028ff f   lj_vm.obj
 0001:00001906       lj_vm_unwind_ff_eh         0000000180002906 f   lj_vm.obj
 0001:0000193b       lj_vm_growstack_c          000000018000293b f   lj_vm.obj
 0001:00001942       lj_vm_growstack_v          0000000180002942 f   lj_vm.obj
 0001:00001947       lj_vm_growstack_f          0000000180002947 f   lj_vm.obj
 0001:00001987       lj_vm_resume               0000000180002987 f   lj_vm.obj
 0001:000019ff       lj_vm_pcall                00000001800029ff f   lj_vm.obj
 0001:00001a13       lj_vm_call                 0000000180002a13 f   lj_vm.obj
 0001:00001a63       lj_vm_call_dispatch        0000000180002a63 f   lj_vm.obj
 0001:00001a70       lj_vm_call_dispatch_f      0000000180002a70 f   lj_vm.obj
 0001:00001a86       lj_vm_cpcall               0000000180002a86 f   lj_vm.obj
 0001:00001ace       lj_cont_dispatch           0000000180002ace f   lj_vm.obj
 0001:00001b15       lj_cont_cat                0000000180002b15 f   lj_vm.obj
 0001:00001b44       lj_vmeta_tgets             0000000180002b44 f   lj_vm.obj
 0001:00001b6e       lj_vmeta_tgetb             0000000180002b6e f   lj_vm.obj
 0001:00001b83       lj_vmeta_tgetv             0000000180002b83 f   lj_vm.obj
 0001:00001baf       lj_cont_ra                 0000000180002baf f   lj_vm.obj
 0001:00001be3       lj_vmeta_tsets             0000000180002be3 f   lj_vm.obj
 0001:00001c0d       lj_vmeta_tsetb             0000000180002c0d f   lj_vm.obj
 0001:00001c22       lj_vmeta_tsetv             0000000180002c22 f   lj_vm.obj
 0001:00001c59       lj_cont_nop                0000000180002c59 f   lj_vm.obj
 0001:00001c8e       lj_vmeta_comp              0000000180002c8e f   lj_vm.obj
 0001:00001cd9       lj_cont_condt              0000000180002cd9 f   lj_vm.obj
 0001:00001ce4       lj_cont_condf              0000000180002ce4 f   lj_vm.obj
 0001:00001cea       lj_vmeta_equal             0000000180002cea f   lj_vm.obj
 0001:00001d09       lj_vmeta_equal_cd          0000000180002d09 f   lj_vm.obj
 0001:00001d23       lj_vmeta_arith_vn          0000000180002d23 f   lj_vm.obj
 0001:00001d23       lj_vmeta_arith_vno         0000000180002d23 f   lj_vm.obj
 0001:00001d28       lj_vmeta_arith_nv          0000000180002d28 f   lj_vm.obj
 0001:00001d28       lj_vmeta_arith_nvo         0000000180002d28 f   lj_vm.obj
 0001:00001d31       lj_vmeta_unm               0000000180002d31 f   lj_vm.obj
 0001:00001d38       lj_vmeta_arith_vvo         0000000180002d38 f   lj_vm.obj
 0001:00001d38       lj_vmeta_arith_vv          0000000180002d38 f   lj_vm.obj
 0001:00001d6e       lj_vmeta_binop             0000000180002d6e f   lj_vm.obj
 0001:00001d82       lj_vmeta_len               0000000180002d82 f   lj_vm.obj
 0001:00001d9c       lj_vmeta_call_ra           0000000180002d9c f   lj_vm.obj
 0001:00001da0       lj_vmeta_call              0000000180002da0 f   lj_vm.obj
 0001:00001df2       lj_vmeta_for               0000000180002df2 f   lj_vm.obj
 0001:00001e1c       lj_ff_assert               0000000180002e1c f   lj_vm.obj
 0001:00001e5f       lj_ff_type                 0000000180002e5f f   lj_vm.obj
 0001:00001ea1       lj_ff_getmetatable         0000000180002ea1 f   lj_vm.obj
 0001:00001f41       lj_ff_setmetatable         0000000180002f41 f   lj_vm.obj
 0001:00001f9b       lj_ff_rawget               0000000180002f9b f   lj_vm.obj
 0001:00001fd0       lj_ff_tonumber             0000000180002fd0 f   lj_vm.obj
 0001:00001fef       lj_ff_tostring             0000000180002fef f   lj_vm.obj
 0001:00002056       lj_ff_next                 0000000180003056 f   lj_vm.obj
 0001:0000209f       lj_fff_res2                000000018000309f f   lj_vm.obj
 0001:000020be       lj_ff_pairs                00000001800030be f   lj_vm.obj
 0001:000020f7       lj_ff_ipairs_aux           00000001800030f7 f   lj_vm.obj
 0001:00002170       lj_fff_res0                0000000180003170 f   lj_vm.obj
 0001:0000217a       lj_ff_ipairs               000000018000317a f   lj_vm.obj
 0001:000021b4       lj_ff_pcall                00000001800031b4 f   lj_vm.obj
 0001:000021dc       lj_ff_xpcall               00000001800031dc f   lj_vm.obj
 0001:00002213       lj_ff_coroutine_resume     0000000180003213 f   lj_vm.obj
 0001:00002342       lj_ff_coroutine_wrap_aux   0000000180003342 f   lj_vm.obj
 0001:0000243c       lj_ff_coroutine_yield      000000018000343c f   lj_vm.obj
 0001:00002468       lj_fff_resi                0000000180003468 f   lj_vm.obj
 0001:00002468       lj_fff_resn                0000000180003468 f   lj_vm.obj
 0001:00002470       lj_ff_math_abs             0000000180003470 f   lj_vm.obj
 0001:0000249c       lj_fff_resxmm0             000000018000349c f   lj_vm.obj
 0001:000024a4       lj_fff_res1                00000001800034a4 f   lj_vm.obj
 0001:000024a9       lj_fff_res                 00000001800034a9 f   lj_vm.obj
 0001:000024ad       lj_fff_res_                00000001800034ad f   lj_vm.obj
 0001:000024ee       lj_ff_math_floor           00000001800034ee f   lj_vm.obj
 0001:00002506       lj_ff_math_ceil            0000000180003506 f   lj_vm.obj
 0001:00002521       lj_ff_math_sqrt            0000000180003521 f   lj_vm.obj
 0001:00002540       lj_ff_math_log             0000000180003540 f   lj_vm.obj
 0001:00002561       lj_ff_math_log10           0000000180003561 f   lj_vm.obj
 0001:00002582       lj_ff_math_exp             0000000180003582 f   lj_vm.obj
 0001:000025a4       lj_ff_math_sin             00000001800035a4 f   lj_vm.obj
 0001:000025c3       lj_ff_math_cos             00000001800035c3 f   lj_vm.obj
 0001:000025e2       lj_ff_math_tan             00000001800035e2 f   lj_vm.obj
 0001:00002603       lj_ff_math_asin            0000000180003603 f   lj_vm.obj
 0001:0000262c       lj_ff_math_acos            000000018000362c f   lj_vm.obj
 0001:00002657       lj_ff_math_atan            0000000180003657 f   lj_vm.obj
 0001:00002678       lj_ff_math_sinh            0000000180003678 f   lj_vm.obj
 0001:000026a0       lj_ff_math_cosh            00000001800036a0 f   lj_vm.obj
 0001:000026c8       lj_ff_math_tanh            00000001800036c8 f   lj_vm.obj
 0001:000026f0       lj_ff_math_deg             00000001800036f0 f   lj_vm.obj
 0001:000026f0       lj_ff_math_rad             00000001800036f0 f   lj_vm.obj
 0001:00002717       lj_ff_math_atan2           0000000180003717 f   lj_vm.obj
 0001:00002746       lj_ff_math_ldexp           0000000180003746 f   lj_vm.obj
 0001:00002777       lj_ff_math_frexp           0000000180003777 f   lj_vm.obj
 0001:0000280b       lj_ff_math_modf            000000018000380b f   lj_vm.obj
 0001:0000286e       lj_ff_math_fmod            000000018000386e f   lj_vm.obj
 0001:000028a4       lj_ff_math_pow             00000001800038a4 f   lj_vm.obj
 0001:000028da       lj_ff_math_min             00000001800038da f   lj_vm.obj
 0001:00002915       lj_ff_math_max             0000000180003915 f   lj_vm.obj
 0001:00002950       lj_ff_string_len           0000000180003950 f   lj_vm.obj
 0001:0000296f       lj_ff_string_byte          000000018000396f f   lj_vm.obj
 0001:0000299e       lj_ff_string_char          000000018000399e f   lj_vm.obj
 0001:000029e8       lj_fff_newstr              00000001800039e8 f   lj_vm.obj
 0001:00002a17       lj_ff_string_sub           0000000180003a17 f   lj_vm.obj
 0001:00002aba       lj_fff_emptystr            0000000180003aba f   lj_vm.obj
 0001:00002abe       lj_ff_string_rep           0000000180003abe f   lj_vm.obj
 0001:00002b38       lj_ff_string_reverse       0000000180003b38 f   lj_vm.obj
 0001:00002ba2       lj_ff_string_lower         0000000180003ba2 f   lj_vm.obj
 0001:00002c11       lj_ff_string_upper         0000000180003c11 f   lj_vm.obj
 0001:00002c80       lj_ff_table_getn           0000000180003c80 f   lj_vm.obj
 0001:00002ca7       lj_ff_bit_tobit            0000000180003ca7 f   lj_vm.obj
 0001:00002cdd       lj_ff_bit_band             0000000180003cdd f   lj_vm.obj
 0001:00002d3e       lj_ff_bit_bor              0000000180003d3e f   lj_vm.obj
 0001:00002d9f       lj_ff_bit_bxor             0000000180003d9f f   lj_vm.obj
 0001:00002e00       lj_ff_bit_bswap            0000000180003e00 f   lj_vm.obj
 0001:00002e35       lj_ff_bit_bnot             0000000180003e35 f   lj_vm.obj
 0001:00002e68       lj_fff_resbit              0000000180003e68 f   lj_vm.obj
 0001:00002e71       lj_fff_fallback_bit_op     0000000180003e71 f   lj_vm.obj
 0001:00002e7a       lj_ff_bit_lshift           0000000180003e7a f   lj_vm.obj
 0001:00002ec9       lj_ff_bit_rshift           0000000180003ec9 f   lj_vm.obj
 0001:00002f1b       lj_ff_bit_arshift          0000000180003f1b f   lj_vm.obj
 0001:00002f6d       lj_ff_bit_rol              0000000180003f6d f   lj_vm.obj
 0001:00002fbf       lj_ff_bit_ror              0000000180003fbf f   lj_vm.obj
 0001:00003005       lj_fff_fallback_2          0000000180004005 f   lj_vm.obj
 0001:0000300c       lj_fff_fallback_1          000000018000400c f   lj_vm.obj
 0001:00003011       lj_fff_fallback            0000000180004011 f   lj_vm.obj
 0001:00003067       lj_vm_call_tail            0000000180004067 f   lj_vm.obj
 0001:0000309f       lj_fff_gcstep              000000018000409f f   lj_vm.obj
 0001:000030d3       lj_vm_record               00000001800040d3 f   lj_vm.obj
 0001:000030ee       lj_vm_rethook              00000001800040ee f   lj_vm.obj
 0001:000030fb       lj_vm_inshook              00000001800040fb f   lj_vm.obj
 0001:0000313c       lj_cont_hook               000000018000413c f   lj_vm.obj
 0001:00003148       lj_vm_hotloop              0000000180004148 f   lj_vm.obj
 0001:00003179       lj_vm_callhook             0000000180004179 f   lj_vm.obj
 0001:0000317f       lj_vm_hotcall              000000018000417f f   lj_vm.obj
 0001:000031c2       lj_vm_exit_handler         00000001800041c2 f   lj_vm.obj
 0001:000032af       lj_vm_exit_interp          00000001800042af f   lj_vm.obj
 0001:00003354       lj_vm_floor_sse            0000000180004354 f   lj_vm.obj
 0001:00003354       lj_vm_floor                0000000180004354 f   lj_vm.obj
 0001:000033af       lj_vm_ceil_sse             00000001800043af f   lj_vm.obj
 0001:000033af       lj_vm_ceil                 00000001800043af f   lj_vm.obj
 0001:0000340a       lj_vm_trunc                000000018000440a f   lj_vm.obj
 0001:0000340a       lj_vm_trunc_sse            000000018000440a f   lj_vm.obj
 0001:00003468       lj_vm_mod                  0000000180004468 f   lj_vm.obj
 0001:000034de       lj_vm_log2                 00000001800044de f   lj_vm.obj
 0001:000034f7       lj_vm_exp_x87              00000001800044f7 f   lj_vm.obj
 0001:000034fb       lj_vm_exp2_x87             00000001800044fb f   lj_vm.obj
 0001:00003513       lj_vm_exp2raw              0000000180004513 f   lj_vm.obj
 0001:0000352b       lj_vm_pow_sse              000000018000452b f   lj_vm.obj
 0001:0000352b       lj_vm_pow                  000000018000452b f   lj_vm.obj
 0001:00003543       lj_vm_powi_sse             0000000180004543 f   lj_vm.obj
 0001:00003683       lj_vm_foldfpm              0000000180004683 f   lj_vm.obj
 0001:00003709       lj_vm_foldarith            0000000180004709 f   lj_vm.obj
 0001:000037af       lj_vm_cpuid                00000001800047af f   lj_vm.obj
 0001:000037c6       lj_assert_bad_for_arg_type 00000001800047c6 f   lj_vm.obj
 0001:000037c7       lj_vm_ffi_callback         00000001800047c7 f   lj_vm.obj
 0001:00003853       lj_cont_ffi_callback       0000000180004853 f   lj_vm.obj
 0001:0000387e       lj_vm_ffi_call             000000018000487e f   lj_vm.obj
 0001:000038dc       RtlUnwindEx                00000001800048dc f   kernel32:KERNEL32.dll
 0001:000038e2       fputc                      00000001800048e2 f   MSVCRT:MSVCR90.dll
 0001:000038e8       fflush                     00000001800048e8 f   MSVCRT:MSVCR90.dll
 0001:000038ee       fwrite                     00000001800048ee f   MSVCRT:MSVCR90.dll
 0001:000038f4       memcpy                     00000001800048f4 f   MSVCRT:MSVCR90.dll
 0001:000038fa       strlen                     00000001800048fa f   MSVCRT:MSVCR90.dll
 0001:00003900       tanh                       0000000180004900 f   MSVCRT:MSVCR90.dll
 0001:00003906       sinh                       0000000180004906 f   MSVCRT:MSVCR90.dll
 0001:0000390c       memset                     000000018000490c f   MSVCRT:MSVCR90.dll
 0001:00003912       cosh                       0000000180004912 f   MSVCRT:MSVCR90.dll
 0001:00003918       __DestructExceptionObject  0000000180004918 f   MSVCRT:MSVCR90.dll
 0001:00003980       _CRT_INIT                  0000000180004980 f   MSVCRT:crtdll.obj
 0001:00003d14       _DllMainCRTStartup         0000000180004d14 f   MSVCRT:crtdll.obj
 0001:00003d54       __clean_type_info_names    0000000180004d54 f   MSVCRT:tncleanup.obj
 0001:00003d60       _onexit                    0000000180004d60 f   MSVCRT:atonexit.obj
 0001:00003e10       atexit                     0000000180004e10 f   MSVCRT:atonexit.obj
 0001:00003e28       _RTC_Initialize            0000000180004e28 f   MSVCRT:_initsect_.obj
 0001:00003e60       _RTC_Terminate             0000000180004e60 f   MSVCRT:_initsect_.obj
 0001:00003ea0       _ValidateImageBase         0000000180004ea0 f   MSVCRT:pesect.obj
 0001:00003ed0       _FindPESection             0000000180004ed0 f   MSVCRT:pesect.obj
 0001:00003f20       _IsNonwritableInCurrentImage 0000000180004f20 f   MSVCRT:pesect.obj
 0001:00003f62       _initterm                  0000000180004f62 f   MSVCRT:MSVCR90.dll
 0001:00003f68       _initterm_e                0000000180004f68 f   MSVCRT:MSVCR90.dll
 0001:00003f6e       _amsg_exit                 0000000180004f6e f   MSVCRT:MSVCR90.dll
 0001:00003f74       __C_specific_handler       0000000180004f74 f   MSVCRT:MSVCR90.dll
 0001:00003f7a       __CppXcptFilter            0000000180004f7a f   MSVCRT:MSVCR90.dll
 0001:00003f80       DllMain                    0000000180004f80 f   MSVCRT:dllmain.obj
 0001:00003fa4       __security_init_cookie     0000000180004fa4 f   MSVCRT:gs_support.obj
 0001:00004058       __clean_type_info_names_internal 0000000180005058 f   MSVCRT:MSVCR90.dll
 0001:0000405e       _unlock                    000000018000505e f   MSVCRT:MSVCR90.dll
 0001:00004064       __dllonexit                0000000180005064 f   MSVCRT:MSVCR90.dll
 0001:0000406a       _lock                      000000018000506a f   MSVCRT:MSVCR90.dll
 0001:00004070       lua_atpanic                0000000180005070 f   lj_err.obj
 0001:000041e0       lj_err_throw               00000001800051e0 f   lj_err.obj
 0001:00004250       lj_err_mem                 0000000180005250 f   lj_err.obj
 0001:00004560       luaL_where                 0000000180005560 f   lj_err.obj
 0001:000045b0       lj_err_lex                 00000001800055b0 f   lj_err.obj
 0001:000046c0       lj_err_comp                00000001800056c0 f   lj_err.obj
 0001:00004760       lj_err_optype              0000000180005760 f   lj_err.obj
 0001:00004850       lj_err_msg                 0000000180005850 f   lj_err.obj
 0001:00004860       lj_err_optype_call         0000000180005860 f   lj_err.obj
 0001:000048f0       lj_err_str                 00000001800058f0 f   lj_err.obj
 0001:00004930       lj_err_unwind_win64        0000000180005930 f   lj_err.obj
 0001:00004a50       lj_err_run                 0000000180005a50 f   lj_err.obj
 0001:00004af0       lua_error                  0000000180005af0 f   lj_err.obj
 0001:00004b00       lj_err_callermsg           0000000180005b00 f   lj_err.obj
 0001:00004ba0       luaL_error                 0000000180005ba0 f   lj_err.obj
 0001:00004c90       lj_err_caller              0000000180005c90 f   lj_err.obj
 0001:00004cb0       lj_err_callerv             0000000180005cb0 f   lj_err.obj
 0001:00004cf0       luaL_argerror              0000000180005cf0 f   lj_err.obj
 0001:00004d00       lj_err_argtype             0000000180005d00 f   lj_err.obj
 0001:00004db0       lj_err_arg                 0000000180005db0 f   lj_err.obj
 0001:00004dd0       lj_err_argv                0000000180005dd0 f   lj_err.obj
 0001:00004e20       luaL_typerror              0000000180005e20 f   lj_err.obj
 0001:00004e30       lj_err_argt                0000000180005e30 f   lj_err.obj
 0001:000062f0       lj_vm_errno                00000001800072f0 f   lj_vmmath.obj
 0001:00006310       lj_vm_modi                 0000000180007310 f   lj_vmmath.obj
 0001:00006350       lj_vm_tanh                 0000000180007350 f   lj_vmmath.obj
 0001:00006360       lj_vm_cosh                 0000000180007360 f   lj_vmmath.obj
 0001:00006370       lj_vm_sinh                 0000000180007370 f   lj_vmmath.obj
 0001:00006380       lj_vmevent_call            0000000180007380 f   lj_vmevent.obj
 0001:000064e0       lj_vmevent_prepare         00000001800074e0 f   lj_vmevent.obj
 0001:000065e0       lj_udata_free              00000001800075e0 f   lj_udata.obj
 0001:00006600       lj_udata_new               0000000180007600 f   lj_udata.obj
 0001:000066d0       lj_trace_initstate         00000001800076d0 f   lj_trace.obj
 0001:00006780       lj_trace_reenableproto     0000000180007780 f   lj_trace.obj
 0001:00006bc0       lj_trace_free              0000000180007bc0 f   lj_trace.obj
 0001:00006c20       lj_trace_err_info          0000000180007c20 f   lj_trace.obj
 0001:00006c60       lj_trace_err               0000000180007c60 f   lj_trace.obj
 0001:00006ce0       lj_trace_freestate         0000000180007ce0 f   lj_trace.obj
 0001:00006db0       lj_trace_flushproto        0000000180007db0 f   lj_trace.obj
 0001:00006e10       lj_trace_flush             0000000180007e10 f   lj_trace.obj
 0001:000072d0       lj_trace_flushall          00000001800082d0 f   lj_trace.obj
 0001:00007c30       lj_trace_ins               0000000180008c30 f   lj_trace.obj
 0001:00007d10       lj_trace_hot               0000000180008d10 f   lj_trace.obj
 0001:00007dc0       lj_trace_exit              0000000180008dc0 f   lj_trace.obj
 0001:00008290       lj_tab_setinth             0000000180009290 f   lj_tab.obj
 0001:00008320       lj_tab_getstr              0000000180009320 f   lj_tab.obj
 0001:00008360       lj_tab_getinth             0000000180009360 f   lj_tab.obj
 0001:00008430       lj_tab_free                0000000180009430 f   lj_tab.obj
 0001:00008690       lj_tab_get                 0000000180009690 f   lj_tab.obj
 0001:000087b0       lj_tab_len                 00000001800097b0 f   lj_tab.obj
 0001:00008980       lj_tab_next                0000000180009980 f   lj_tab.obj
 0001:00008dd0       lj_tab_reasize             0000000180009dd0 f   lj_tab.obj
 0001:00008ee0       lj_tab_dup                 0000000180009ee0 f   lj_tab.obj
 0001:00008fd0       lj_tab_new1                0000000180009fd0 f   lj_tab.obj
 0001:00009060       lj_tab_new                 000000018000a060 f   lj_tab.obj
 0001:000090e0       lj_tab_newkey              000000018000a0e0 f   lj_tab.obj
 0001:00009290       lj_tab_setstr              000000018000a290 f   lj_tab.obj
 0001:00009300       lj_tab_set                 000000018000a300 f   lj_tab.obj
 0001:00009c50       lj_strscan_scan            000000018000ac50 f   lj_strscan.obj
 0001:0000a1b0       lj_strscan_num             000000018000b1b0 f   lj_strscan.obj
 0001:0000a1e0       lj_str_bufint              000000018000b1e0 f   lj_str.obj
 0001:0000a250       lj_str_bufnum              000000018000b250 f   lj_str.obj
 0001:0000a330       lj_str_cmp                 000000018000b330 f   lj_str.obj
 0001:0000a410       lj_str_free                000000018000b410 f   lj_str.obj
 0001:0000a460       lj_str_needbuf             000000018000b460 f   lj_str.obj
 0001:0000a5d0       lj_str_resize              000000018000b5d0 f   lj_str.obj
 0001:0000a6b0       lj_str_pushvf              000000018000b6b0 f   lj_str.obj
 0001:0000aa10       lj_str_pushf               000000018000ba10 f   lj_str.obj
 0001:0000aa40       lj_str_new                 000000018000ba40 f   lj_str.obj
 0001:0000ac90       lj_str_fromint             000000018000bc90 f   lj_str.obj
 0001:0000acc0       lj_str_fromnum             000000018000bcc0 f   lj_str.obj
 0001:0000acf0       lj_str_fromnumber          000000018000bcf0 f   lj_str.obj
 0001:0000ad70       lj_state_free              000000018000bd70 f   lj_state.obj
 0001:0000af10       lj_state_new               000000018000bf10 f   lj_state.obj
 0001:0000af70       lj_state_growstack         000000018000bf70 f   lj_state.obj
 0001:0000afe0       lj_state_shrinkstack       000000018000bfe0 f   lj_state.obj
 0001:0000b020       lj_state_relimitstack      000000018000c020 f   lj_state.obj
 0001:0000b060       lj_state_growstack1        000000018000c060 f   lj_state.obj
 0001:0000b1d0       lj_state_newstate          000000018000c1d0 f   lj_state.obj
 0001:0000b350       lua_close                  000000018000c350 f   lj_state.obj
 0001:0000b9e0       lj_snap_regspmap           000000018000c9e0 f   lj_snap.obj
 0001:0000bf80       lj_snap_shrink             000000018000cf80 f   lj_snap.obj
 0001:0000c0b0       lj_snap_purge              000000018000d0b0 f   lj_snap.obj
 0001:0000c130       lj_snap_grow_map_          000000018000d130 f   lj_snap.obj
 0001:0000c2c0       lj_snap_grow_buf_          000000018000d2c0 f   lj_snap.obj
 0001:0000c500       lj_snap_add                000000018000d500 f   lj_snap.obj
 0001:0000c760       lj_snap_replay             000000018000d760 f   lj_snap.obj
 0001:0000d290       lj_snap_restore            000000018000e290 f   lj_snap.obj
 0001:0000e670       lj_record_objcmp           000000018000f670 f   lj_record.obj
 0001:0000f520       lj_record_constify         0000000180010520 f   lj_record.obj
 0001:0000f9e0       lj_record_idx              00000001800109e0 f   lj_record.obj
 0001:00010100       lj_record_mm_lookup        0000000180011100 f   lj_record.obj
 0001:00010420       lj_record_ret              0000000180011420 f   lj_record.obj
 0001:00010c90       lj_record_tailcall         0000000180011c90 f   lj_record.obj
 0001:00010d50       lj_record_call             0000000180011d50 f   lj_record.obj
 0001:00010f50       lj_record_setup            0000000180011f50 f   lj_record.obj
 0001:00011aa0       lj_record_ins              0000000180012aa0 f   lj_record.obj
 0001:000146e0       lj_parse_keepcdata         00000001800156e0 f   lj_parse.obj
 0001:00014e40       lj_parse_keepstr           0000000180015e40 f   lj_parse.obj
 0001:00018130       lj_parse                   0000000180019130 f   lj_parse.obj
 0001:00018840       lj_opt_sink                0000000180019840 f   lj_opt_sink.obj
 0001:00018ad0       lj_opt_narrow_forl         0000000180019ad0 f   lj_opt_narrow.obj
 0001:00018e10       lj_opt_narrow_pow          0000000180019e10 f   lj_opt_narrow.obj
 0001:00019090       lj_opt_narrow_mod          000000018001a090 f   lj_opt_narrow.obj
 0001:00019210       lj_opt_narrow_unm          000000018001a210 f   lj_opt_narrow.obj
 0001:00019320       lj_opt_narrow_arith        000000018001a320 f   lj_opt_narrow.obj
 0001:000194e0       lj_opt_narrow_index        000000018001a4e0 f   lj_opt_narrow.obj
 0001:000199c0       lj_opt_narrow_cindex       000000018001a9c0 f   lj_opt_narrow.obj
 0001:00019a10       lj_opt_narrow_tobit        000000018001aa10 f   lj_opt_narrow.obj
 0001:00019ae0       lj_opt_narrow_toint        000000018001aae0 f   lj_opt_narrow.obj
 0001:00019b90       lj_opt_narrow_convert      000000018001ab90 f   lj_opt_narrow.obj
 0001:00019c40       lj_opt_fwd_wasnonnil       000000018001ac40 f   lj_opt_mem.obj
 0001:0001a190       lj_opt_fwd_tptr            000000018001b190 f   lj_opt_mem.obj
 0001:0001a3d0       lj_opt_fwd_href_nokey      000000018001b3d0 f   lj_opt_mem.obj
 0001:0001a4b0       lj_opt_dse_xstore          000000018001b4b0 f   lj_opt_mem.obj
 0001:0001a5f0       lj_opt_dse_fstore          000000018001b5f0 f   lj_opt_mem.obj
 0001:0001a710       lj_opt_dse_ustore          000000018001b710 f   lj_opt_mem.obj
 0001:0001a8a0       lj_opt_dse_ahstore         000000018001b8a0 f   lj_opt_mem.obj
 0001:0001a9c0       lj_opt_fwd_tab_len         000000018001b9c0 f   lj_opt_mem.obj
 0001:0001aa40       lj_opt_fwd_fload           000000018001ba40 f   lj_opt_mem.obj
 0001:0001ab10       lj_opt_fwd_uload           000000018001bb10 f   lj_opt_mem.obj
 0001:0001abb0       lj_opt_fwd_hrefk           000000018001bbb0 f   lj_opt_mem.obj
 0001:0001aff0       lj_opt_fwd_xload           000000018001bff0 f   lj_opt_mem.obj
 0001:0001b1f0       lj_opt_fwd_hload           000000018001c1f0 f   lj_opt_mem.obj
 0001:0001b2f0       lj_opt_fwd_aload           000000018001c2f0 f   lj_opt_mem.obj
 0001:0001bec0       lj_opt_loop                000000018001cec0 f   lj_opt_loop.obj
 0001:0001d560       lj_opt_cselim              000000018001e560 f   lj_opt_fold.obj
 0001:0001d5b0       lj_opt_cse                 000000018001e5b0 f   lj_opt_fold.obj
 0001:0001da00       lj_opt_fold                000000018001ea00 f   lj_opt_fold.obj
 0001:0001f640       lj_opt_dce                 0000000180020640 f   lj_opt_dce.obj
 0001:0001f680       lj_obj_equal               0000000180020680 f   lj_obj.obj
 0001:0001f7a0       lj_meta_tailcall           00000001800207a0 f   lj_meta.obj
 0001:0001f7f0       lj_meta_lookup             00000001800207f0 f   lj_meta.obj
 0001:0001f880       lj_meta_cache              0000000180020880 f   lj_meta.obj
 0001:0001f8e0       lj_meta_equal_cd           00000001800208e0 f   lj_meta.obj
 0001:0001f9f0       lj_meta_equal              00000001800209f0 f   lj_meta.obj
 0001:0001fba0       lj_meta_for                0000000180020ba0 f   lj_meta.obj
 0001:0001fc50       lj_meta_comp               0000000180020c50 f   lj_meta.obj
 0001:0001fdf0       lj_meta_len                0000000180020df0 f   lj_meta.obj
 0001:0001fe50       lj_meta_arith              0000000180020e50 f   lj_meta.obj
 0001:0001ff60       lj_meta_tget               0000000180020f60 f   lj_meta.obj
 0001:00020060       lj_meta_init               0000000180021060 f   lj_meta.obj
 0001:000200e0       lj_meta_call               00000001800210e0 f   lj_meta.obj
 0001:00020190       lj_meta_tset               0000000180021190 f   lj_meta.obj
 0001:00020330       lj_meta_cat                0000000180021330 f   lj_meta.obj
 0001:00020620       lj_mcode_sync              0000000180021620 f   lj_mcode.obj
 0001:00020660       lj_mcode_free              0000000180021660 f   lj_mcode.obj
 0001:00020770       lj_mcode_patch             0000000180021770 f   lj_mcode.obj
 0001:00020830       lj_mcode_abort             0000000180021830 f   lj_mcode.obj
 0001:00020840       lj_mcode_commit            0000000180021840 f   lj_mcode.obj
 0001:00020a20       lj_mcode_limiterr          0000000180021a20 f   lj_mcode.obj
 0001:00020aa0       lj_mcode_reserve           0000000180021aa0 f   lj_mcode.obj
 0001:00020be0       lua_dump                   0000000180021be0 f   lj_load.obj
 0001:00020d00       lua_loadx                  0000000180021d00 f   lj_load.obj
 0001:00020da0       luaL_loadbufferx           0000000180021da0 f   lj_load.obj
 0001:00020de0       luaL_loadfilex             0000000180021de0 f   lj_load.obj
 0001:00020f40       lua_load                   0000000180021f40 f   lj_load.obj
 0001:00020f60       luaL_loadbuffer            0000000180021f60 f   lj_load.obj
 0001:00020f80       luaL_loadfile              0000000180021f80 f   lj_load.obj
 0001:00020f90       luaL_loadstring            0000000180021f90 f   lj_load.obj
 0001:000210e0       lj_lib_checktabornil       00000001800220e0 f   lj_lib.obj
 0001:00021130       lj_lib_checkany            0000000180022130 f   lj_lib.obj
 0001:00021160       lj_lib_checktab            0000000180022160 f   lj_lib.obj
 0001:000211a0       lj_lib_checkfunc           00000001800221a0 f   lj_lib.obj
 0001:000211e0       lj_lib_checkbit            00000001800221e0 f   lj_lib.obj
 0001:00021260       lj_lib_checkint            0000000180022260 f   lj_lib.obj
 0001:000212d0       lj_lib_checknum            00000001800222d0 f   lj_lib.obj
 0001:00021340       lj_lib_checkstr            0000000180022340 f   lj_lib.obj
 0001:000213a0       lj_lib_optint              00000001800223a0 f   lj_lib.obj
 0001:000213d0       lj_lib_optstr              00000001800223d0 f   lj_lib.obj
 0001:00021400       lj_lib_checkopt            0000000180022400 f   lj_lib.obj
 0001:000215b0       lj_lib_register            00000001800225b0 f   lj_lib.obj
 0001:00021980       lj_lex_cleanup             0000000180022980 f   lj_lex.obj
 0001:00021bf0       lj_lex_token2str           0000000180022bf0 f   lj_lex.obj
 0001:00021c40       lj_lex_error               0000000180022c40 f   lj_lex.obj
 0001:00021d70       lj_lex_init                0000000180022d70 f   lj_lex.obj
 0001:00021de0       lj_lex_setup               0000000180022de0 f   lj_lex.obj
 0001:00023200       lj_lex_lookahead           0000000180024200 f   lj_lex.obj
 0001:00023230       lj_lex_next                0000000180024230 f   lj_lex.obj
 0001:00023280       lj_ir_rollback             0000000180024280 f   lj_ir.obj
 0001:000232e0       lj_ir_strcmp               00000001800242e0 f   lj_ir.obj
 0001:00023340       lj_ir_numcmp               0000000180024340 f   lj_ir.obj
 0001:00023500       lj_ir_k64_freeall          0000000180024500 f   lj_ir.obj
 0001:00023580       lj_ir_k64_find             0000000180024580 f   lj_ir.obj
 0001:00023780       lj_ir_growtop              0000000180024780 f   lj_ir.obj
 0001:000238a0       lj_ir_kvalue               00000001800248a0 f   lj_ir.obj
 0001:00023a00       lj_ir_emit                 0000000180024a00 f   lj_ir.obj
 0001:00023a90       lj_ir_kslot                0000000180024a90 f   lj_ir.obj
 0001:00023b40       lj_ir_knull                0000000180024b40 f   lj_ir.obj
 0001:00023bd0       lj_ir_kptr_                0000000180024bd0 f   lj_ir.obj
 0001:00023c90       lj_ir_kgc                  0000000180024c90 f   lj_ir.obj
 0001:00023d30       lj_ir_k64                  0000000180024d30 f   lj_ir.obj
 0001:00023df0       lj_ir_kint                 0000000180024df0 f   lj_ir.obj
 0001:00023e90       lj_ir_tostr                0000000180024e90 f   lj_ir.obj
 0001:00023ef0       lj_ir_tonum                0000000180024ef0 f   lj_ir.obj
 0001:00023f80       lj_ir_tonumber             0000000180024f80 f   lj_ir.obj
 0001:00023fe0       lj_ir_kint64               0000000180024fe0 f   lj_ir.obj
 0001:00024010       lj_ir_knum_u64             0000000180025010 f   lj_ir.obj
 0001:00024040       lj_ir_call                 0000000180025040 f   lj_ir.obj
 0001:00024160       lj_ir_knumint              0000000180025160 f   lj_ir.obj
 0001:000243d0       lj_gc_barriertrace         00000001800253d0 f   lj_gc.obj
 0001:000243f0       lj_gc_barrieruv            00000001800253f0 f   lj_gc.obj
 0001:00024420       lj_gc_barrierf             0000000180025420 f   lj_gc.obj
 0001:00024450       lj_gc_freeall              0000000180025450 f   lj_gc.obj
 0001:00024a50       lj_gc_separateudata        0000000180025a50 f   lj_gc.obj
 0001:00024c50       lj_mem_newgco              0000000180025c50 f   lj_gc.obj
 0001:00024cc0       lj_mem_realloc             0000000180025cc0 f   lj_gc.obj
 0001:00024d20       lj_gc_closeuv              0000000180025d20 f   lj_gc.obj
 0001:00024da0       lj_gc_finalize_cdata       0000000180025da0 f   lj_gc.obj
 0001:00024ed0       lj_mem_grow                0000000180025ed0 f   lj_gc.obj
 0001:00025520       lj_gc_finalize_udata       0000000180026520 f   lj_gc.obj
 0001:00025560       lj_gc_fullgc               0000000180026560 f   lj_gc.obj
 0001:00025600       lj_gc_step                 0000000180026600 f   lj_gc.obj
 0001:000256c0       lj_gc_step_jit             00000001800266c0 f   lj_gc.obj
 0001:00025740       lj_gc_step_fixtop          0000000180026740 f   lj_gc.obj
 0001:000257b0       lj_func_free               00000001800267b0 f   lj_func.obj
 0001:000257f0       lj_func_freeuv             00000001800267f0 f   lj_func.obj
 0001:00025830       lj_func_freeproto          0000000180026830 f   lj_func.obj
 0001:000258b0       lj_func_newC               00000001800268b0 f   lj_func.obj
 0001:00025910       lj_func_closeuv            0000000180026910 f   lj_func.obj
 0001:00025a90       lj_func_newL_empty         0000000180026a90 f   lj_func.obj
 0001:00025b40       lj_func_newL_gc            0000000180026b40 f   lj_func.obj
 0001:00026ab0       lj_ffrecord_select_mode    0000000180027ab0 f   lj_ffrecord.obj
 0001:00027280       lj_ffrecord_func           0000000180028280 f   lj_ffrecord.obj
 0001:00028370       lua_gethookcount           0000000180029370 f   lj_dispatch.obj
 0001:00028380       lua_gethookmask            0000000180029380 f   lj_dispatch.obj
 0001:000283a0       lua_gethook                00000001800293a0 f   lj_dispatch.obj
 0001:000283c0       luaJIT_version_2_0_1       00000001800293c0 f   lj_dispatch.obj
 0001:000283d0       lj_dispatch_init_hotcount  00000001800293d0 f   lj_dispatch.obj
 0001:00028400       lj_dispatch_init           0000000180029400 f   lj_dispatch.obj
 0001:00028560       lj_dispatch_update         0000000180029560 f   lj_dispatch.obj
 0001:00028870       lua_sethook                0000000180029870 f   lj_dispatch.obj
 0001:00028b00       luaJIT_setmode             0000000180029b00 f   lj_dispatch.obj
 0001:00028d20       lj_dispatch_ins            0000000180029d20 f   lj_dispatch.obj
 0001:00028ec0       lj_dispatch_call           0000000180029ec0 f   lj_dispatch.obj
 0001:00029030       lj_debug_shortname         000000018002a030 f   lj_debug.obj
 0001:00029150       lj_debug_uvname            000000018002a150 f   lj_debug.obj
 0001:000291d0       lj_debug_line              000000018002a1d0 f   lj_debug.obj
 0001:00029320       lj_debug_frame             000000018002a320 f   lj_debug.obj
 0001:000293d0       lua_getstack               000000018002a3d0 f   lj_debug.obj
 0001:00029440       lj_debug_uvnamev           000000018002a440 f   lj_debug.obj
 0001:00029600       lj_debug_slotname          000000018002a600 f   lj_debug.obj
 0001:000298b0       lua_setlocal               000000018002a8b0 f   lj_debug.obj
 0001:00029900       lj_debug_funcname          000000018002a900 f   lj_debug.obj
 0001:00029a00       lua_getlocal               000000018002aa00 f   lj_debug.obj
 0001:00029aa0       lj_debug_pushloc           000000018002aaa0 f   lj_debug.obj
 0001:00029b80       lj_debug_addloc            000000018002ab80 f   lj_debug.obj
 0001:00029c20       lj_debug_getinfo           000000018002ac20 f   lj_debug.obj
 0001:00029fa0       lua_getinfo                000000018002afa0 f   lj_debug.obj
 0001:00029fb0       luaL_traceback             000000018002afb0 f   lj_debug.obj
 0001:0002a410       lj_ctype_freestate         000000018002b410 f   lj_ctype.obj
 0001:0002a4f0       lj_ctype_addname           000000018002b4f0 f   lj_ctype.obj
 0001:0002a630       lj_ctype_meta              000000018002b630 f   lj_ctype.obj
 0001:0002a700       lj_ctype_info              000000018002b700 f   lj_ctype.obj
 0001:0002a7a0       lj_ctype_getname           000000018002b7a0 f   lj_ctype.obj
 0001:0002ad30       lj_ctype_rawref            000000018002bd30 f   lj_ctype.obj
 0001:0002ad70       lj_ctype_getfieldq         000000018002bd70 f   lj_ctype.obj
 0001:0002af30       lj_ctype_vlsize            000000018002bf30 f   lj_ctype.obj
 0001:0002b010       lj_ctype_size              000000018002c010 f   lj_ctype.obj
 0001:0002b070       lj_ctype_init              000000018002c070 f   lj_ctype.obj
 0001:0002b1d0       lj_ctype_repr_complex      000000018002c1d0 f   lj_ctype.obj
 0001:0002b2a0       lj_ctype_repr_int64        000000018002c2a0 f   lj_ctype.obj
 0001:0002b350       lj_ctype_repr              000000018002c350 f   lj_ctype.obj
 0001:0002b3f0       lj_ctype_intern            000000018002c3f0 f   lj_ctype.obj
 0001:0002b510       lj_ctype_new               000000018002c510 f   lj_ctype.obj
 0001:0002bc20       recff_ffi_abi              000000018002cc20 f   lj_crecord.obj
 0001:0002bcb0       recff_ffi_errno            000000018002ccb0 f   lj_crecord.obj
 0001:0002c500       recff_ffi_gc               000000018002d500 f   lj_crecord.obj
 0001:0002df40       lj_crecord_tonumber        000000018002ef40 f   lj_crecord.obj
 0001:0002e040       recff_clib_index           000000018002f040 f   lj_crecord.obj
 0001:0002e2a0       recff_cdata_arith          000000018002f2a0 f   lj_crecord.obj
 0001:0002f0d0       recff_cdata_index          00000001800300d0 f   lj_crecord.obj
 0001:0002f830       recff_ffi_fill             0000000180030830 f   lj_crecord.obj
 0001:0002f9c0       recff_ffi_copy             00000001800309c0 f   lj_crecord.obj
 0001:0002fb20       recff_ffi_string           0000000180030b20 f   lj_crecord.obj
 0001:00030040       recff_cdata_call           0000000180031040 f   lj_crecord.obj
 0001:000302c0       recff_ffi_xof              00000001800312c0 f   lj_crecord.obj
 0001:000303e0       recff_ffi_istype           00000001800313e0 f   lj_crecord.obj
 0001:00030470       recff_ffi_typeof           0000000180031470 f   lj_crecord.obj
 0001:00030520       recff_ffi_new              0000000180031520 f   lj_crecord.obj
 0001:00034a00       lj_cparse                  0000000180035a00 f   lj_cparse.obj
 0001:00034d00       lj_clib_unload             0000000180035d00 f   lj_clib.obj
 0001:00034ed0       lj_clib_default            0000000180035ed0 f   lj_clib.obj
 0001:00034f80       lj_clib_index              0000000180035f80 f   lj_clib.obj
 0001:00035150       lj_clib_load               0000000180036150 f   lj_clib.obj
 0001:00035280       lj_cdata_newv              0000000180036280 f   lj_cdata.obj
 0001:00035470       lj_cdata_free              0000000180036470 f   lj_cdata.obj
 0001:00035570       lj_cdata_newref            0000000180036570 f   lj_cdata.obj
 0001:000355d0       lj_cdata_setfin            00000001800365d0 f   lj_cdata.obj
 0001:00035640       lj_cdata_index             0000000180036640 f   lj_cdata.obj
 0001:00035a40       lj_cdata_set               0000000180036a40 f   lj_cdata.obj
 0001:00035b40       lj_cdata_get               0000000180036b40 f   lj_cdata.obj
 0001:00035d80       lj_cconv_multi_init        0000000180036d80 f   lj_cconv.obj
 0001:00035ee0       lj_cconv_compatptr         0000000180036ee0 f   lj_cconv.obj
 0001:00036020       lj_cconv_bf_tv             0000000180037020 f   lj_cconv.obj
 0001:00036360       lj_cconv_tv_bf             0000000180037360 f   lj_cconv.obj
 0001:000367a0       lj_cconv_ct_ct             00000001800377a0 f   lj_cconv.obj
 0001:00036f20       lj_cconv_ct_tv             0000000180037f20 f   lj_cconv.obj
 0001:00037280       lj_cconv_tv_ct             0000000180038280 f   lj_cconv.obj
 0001:00037710       lj_cconv_ct_init           0000000180038710 f   lj_cconv.obj
 0001:000377f0       lj_ccallback_mcode_free    00000001800387f0 f   lj_ccallback.obj
 0001:00037980       lj_ccallback_ptr2slot      0000000180038980 f   lj_ccallback.obj
 0001:00037d90       lj_ccallback_new           0000000180038d90 f   lj_ccallback.obj
 0001:00038120       lj_ccallback_leave         0000000180039120 f   lj_ccallback.obj
 0001:000381b0       lj_ccallback_enter         00000001800391b0 f   lj_ccallback.obj
 0001:000383f0       lj_ccall_ctid_vararg       00000001800393f0 f   lj_ccall.obj
 0001:00038bb0       lj_ccall_func              0000000180039bb0 f   lj_ccall.obj
 0001:00038d60       lj_carith_powu64           0000000180039d60 f   lj_carith.obj
 0001:00038dc0       lj_carith_modi64           0000000180039dc0 f   lj_carith.obj
 0001:00038e00       lj_carith_modu64           0000000180039e00 f   lj_carith.obj
 0001:00038e30       lj_carith_divi64           0000000180039e30 f   lj_carith.obj
 0001:00038e70       lj_carith_divu64           0000000180039e70 f   lj_carith.obj
 0001:00038f40       lj_carith_powi64           0000000180039f40 f   lj_carith.obj
 0001:00039b80       lj_carith_op               000000018003ab80 f   lj_carith.obj
 0001:0003a660       lj_bcwrite                 000000018003b660 f   lj_bcwrite.obj
 0001:0003b4e0       lj_bcread                  000000018003c4e0 f   lj_bcread.obj
 0001:0003c7e0       lj_asm_patchexit           000000018003d7e0 f   lj_asm.obj
 0001:00044a40       lj_asm_trace               0000000180045a40 f   lj_asm.obj
 0001:00044d90       lua_setallocf              0000000180045d90 f   lj_api.obj
 0001:00044db0       lua_getallocf              0000000180045db0 f   lj_api.obj
 0001:00044dd0       lua_call                   0000000180045dd0 f   lj_api.obj
 0001:00044df0       lua_typename               0000000180045df0 f   lj_api.obj
 0001:00044e10       lua_gettop                 0000000180045e10 f   lj_api.obj
 0001:00044e30       lua_status                 0000000180045e30 f   lj_api.obj
 0001:00044f40       lua_pcall                  0000000180045f40 f   lj_api.obj
 0001:00044fd0       lua_insert                 0000000180045fd0 f   lj_api.obj
 0001:00045020       lua_remove                 0000000180046020 f   lj_api.obj
 0001:000451f0       lua_setupvalue             00000001800461f0 f   lj_api.obj
 0001:00045280       lua_setfenv                0000000180046280 f   lj_api.obj
 0001:00045300       lua_rawseti                0000000180046300 f   lj_api.obj
 0001:00045390       lua_upvaluejoin            0000000180046390 f   lj_api.obj
 0001:00045400       lua_upvalueid              0000000180046400 f   lj_api.obj
 0001:00045440       lua_rawget                 0000000180046440 f   lj_api.obj
 0001:00045480       lua_topointer              0000000180046480 f   lj_api.obj
 0001:000454f0       lua_tothread               00000001800464f0 f   lj_api.obj
 0001:00045520       lua_touserdata             0000000180046520 f   lj_api.obj
 0001:00045570       lua_tocfunction            0000000180046570 f   lj_api.obj
 0001:000455b0       lua_toboolean              00000001800465b0 f   lj_api.obj
 0001:000455d0       lua_equal                  00000001800465d0 f   lj_api.obj
 0001:000456f0       lua_rawequal               00000001800466f0 f   lj_api.obj
 0001:00045740       lua_isuserdata             0000000180046740 f   lj_api.obj
 0001:00045780       lua_isstring               0000000180046780 f   lj_api.obj
 0001:000457b0       lua_iscfunction            00000001800467b0 f   lj_api.obj
 0001:000457e0       lua_type                   00000001800467e0 f   lj_api.obj
 0001:00045860       lua_tointeger              0000000180046860 f   lj_api.obj
 0001:000458c0       lua_tonumber               00000001800468c0 f   lj_api.obj
 0001:00045910       lua_isnumber               0000000180046910 f   lj_api.obj
 0001:00045950       lua_settop                 0000000180046950 f   lj_api.obj
 0001:00045a20       lua_getupvalue             0000000180046a20 f   lj_api.obj
 0001:00045a80       lua_getfenv                0000000180046a80 f   lj_api.obj
 0001:00045b10       lua_getmetatable           0000000180046b10 f   lj_api.obj
 0001:00045bb0       lua_rawgeti                0000000180046bb0 f   lj_api.obj
 0001:00045c20       lua_pushthread             0000000180046c20 f   lj_api.obj
 0001:00045c70       lua_pushboolean            0000000180046c70 f   lj_api.obj
 0001:00045cb0       lua_pushinteger            0000000180046cb0 f   lj_api.obj
 0001:00045cf0       lua_pushnumber             0000000180046cf0 f   lj_api.obj
 0001:00045d40       lua_pushnil                0000000180046d40 f   lj_api.obj
 0001:00045d70       lua_pushvalue              0000000180046d70 f   lj_api.obj
 0001:00045db0       lua_xmove                  0000000180046db0 f   lj_api.obj
 0001:00045e40       lua_checkstack             0000000180046e40 f   lj_api.obj
 0001:00045eb0       lua_yield                  0000000180046eb0 f   lj_api.obj
 0001:00046040       luaL_getmetafield          0000000180047040 f   lj_api.obj
 0001:000460e0       lua_getfield               00000001800470e0 f   lj_api.obj
 0001:000461a0       lua_gettable               00000001800471a0 f   lj_api.obj
 0001:00046210       lua_pushlightuserdata      0000000180047210 f   lj_api.obj
 0001:00046260       lua_lessthan               0000000180047260 f   lj_api.obj
 0001:00046310       lua_replace                0000000180047310 f   lj_api.obj
 0001:000463e0       lua_resume                 00000001800473e0 f   lj_api.obj
 0001:00046460       luaL_callmeta              0000000180047460 f   lj_api.obj
 0001:000464d0       lua_cpcall                 00000001800474d0 f   lj_api.obj
 0001:00046520       lua_next                   0000000180047520 f   lj_api.obj
 0001:00046590       lua_objlen                 0000000180047590 f   lj_api.obj
 0001:00046600       lua_setfield               0000000180047600 f   lj_api.obj
 0001:000466c0       lua_settable               00000001800476c0 f   lj_api.obj
 0001:00046740       lua_setmetatable           0000000180047740 f   lj_api.obj
 0001:00046890       luaL_newmetatable          0000000180047890 f   lj_api.obj
 0001:00046970       luaL_checkstack            0000000180047970 f   lj_api.obj
 0001:000469b0       lua_rawset                 00000001800479b0 f   lj_api.obj
 0001:00046a20       luaL_checkudata            0000000180047a20 f   lj_api.obj
 0001:00046ad0       luaL_checkany              0000000180047ad0 f   lj_api.obj
 0001:00046b10       luaL_optinteger            0000000180047b10 f   lj_api.obj
 0001:00046ba0       luaL_checkinteger          0000000180047ba0 f   lj_api.obj
 0001:00046c20       luaL_optnumber             0000000180047c20 f   lj_api.obj
 0001:00046cb0       luaL_checknumber           0000000180047cb0 f   lj_api.obj
 0001:00046d20       luaL_checktype             0000000180047d20 f   lj_api.obj
 0001:00046d70       lua_gc                     0000000180047d70 f   lj_api.obj
 0001:00046f20       lua_newuserdata            0000000180047f20 f   lj_api.obj
 0001:00046fb0       lua_newthread              0000000180047fb0 f   lj_api.obj
 0001:00047010       lua_createtable            0000000180048010 f   lj_api.obj
 0001:000470b0       lua_pushcclosure           00000001800480b0 f   lj_api.obj
 0001:00047180       lua_pushfstring            0000000180048180 f   lj_api.obj
 0001:000471d0       lua_pushvfstring           00000001800481d0 f   lj_api.obj
 0001:00047220       lua_pushstring             0000000180048220 f   lj_api.obj
 0001:000472c0       lua_pushlstring            00000001800482c0 f   lj_api.obj
 0001:00047340       luaL_optlstring            0000000180048340 f   lj_api.obj
 0001:00047420       luaL_checklstring          0000000180048420 f   lj_api.obj
 0001:000474c0       lua_tolstring              00000001800484c0 f   lj_api.obj
 0001:00047570       lua_concat                 0000000180048570 f   lj_api.obj
 0001:00047650       luaL_checkoption           0000000180048650 f   lj_api.obj
 0001:00047a50       lj_alloc_destroy           0000000180048a50 f   lj_alloc.obj
 0001:00047b20       lj_alloc_create            0000000180048b20 f   lj_alloc.obj
 0001:000499d0       lj_alloc_f                 000000018004a9d0 f   lj_alloc.obj
 0001:0004a470       luaopen_table              000000018004b470 f   lib_table.obj
 0001:0004b960       luaopen_string             000000018004c960 f   lib_string.obj
 0001:0004d5a0       luaopen_package            000000018004e5a0 f   lib_package.obj
 0001:0004e2e0       luaopen_os                 000000018004f2e0 f   lib_os.obj
 0001:0004e5a0       lj_math_random_step        000000018004f5a0 f   lib_math.obj
 0001:0004e9d0       luaopen_math               000000018004f9d0 f   lib_math.obj
 0001:0004fe40       luaopen_jit                0000000180050e40 f   lib_jit.obj
 0001:00050cf0       luaopen_io                 0000000180051cf0 f   lib_io.obj
 0001:00052570       luaopen_ffi                0000000180053570 f   lib_ffi.obj
 0001:00054070       luaopen_debug              0000000180055070 f   lib_debug.obj
 0001:00054500       lj_ffh_coroutine_wrap_err  0000000180055500 f   lib_base.obj
 0001:000556b0       luaopen_base               00000001800566b0 f   lib_base.obj
 0001:00055990       lua_newstate               0000000180056990 f   lib_aux.obj
 0001:000559c0       luaL_buffinit              00000001800569c0 f   lib_aux.obj
 0001:00055a30       luaL_unref                 0000000180056a30 f   lib_aux.obj
 0001:00055ab0       luaL_ref                   0000000180056ab0 f   lib_aux.obj
 0001:00055c70       luaL_findtable             0000000180056c70 f   lib_aux.obj
 0001:00055da0       luaL_fileresult            0000000180056da0 f   lib_aux.obj
 0001:00055e70       luaL_newstate              0000000180056e70 f   lib_aux.obj
 0001:00055ec0       luaL_pushresult            0000000180056ec0 f   lib_aux.obj
 0001:00055fa0       luaL_openlib               0000000180056fa0 f   lib_aux.obj
 0001:00056150       luaL_execresult            0000000180057150 f   lib_aux.obj
 0001:000561e0       luaL_addvalue              00000001800571e0 f   lib_aux.obj
 0001:00056290       luaL_prepbuffer            0000000180057290 f   lib_aux.obj
 0001:000562c0       luaL_register              00000001800572c0 f   lib_aux.obj
 0001:000562d0       luaL_addlstring            00000001800572d0 f   lib_aux.obj
 0001:00056340       luaL_addstring             0000000180057340 f   lib_aux.obj
 0001:00056370       luaL_gsub                  0000000180057370 f   lib_aux.obj
 0001:000565a0       luaopen_bit                00000001800575a0 f   lib_bit.obj
 0001:000565d0       luaL_openlibs              00000001800575d0 f   lib_init.obj
 0001:00056694       memcmp                     0000000180057694 f   MSVCRT:MSVCR90.dll
 0001:0005669a       floor                      000000018005769a f   MSVCRT:MSVCR90.dll
 0002:00000000       __imp_GetModuleHandleExA   0000000180058000     kernel32:KERNEL32.dll
 0002:00000008       __imp_FreeLibrary          0000000180058008     kernel32:KERNEL32.dll
 0002:00000010       __imp_FormatMessageA       0000000180058010     kernel32:KERNEL32.dll
 0002:00000018       __imp_GetLastError         0000000180058018     kernel32:KERNEL32.dll
 0002:00000020       __imp_GetProcAddress       0000000180058020     kernel32:KERNEL32.dll
 0002:00000028       __imp_LoadLibraryA         0000000180058028     kernel32:KERNEL32.dll
 0002:00000030       __imp_GetModuleFileNameA   0000000180058030     kernel32:KERNEL32.dll
 0002:00000038       __imp_GetModuleHandleA     0000000180058038     kernel32:KERNEL32.dll
 0002:00000040       __imp_VirtualQuery         0000000180058040     kernel32:KERNEL32.dll
 0002:00000048       __imp_VirtualFree          0000000180058048     kernel32:KERNEL32.dll
 0002:00000050       __imp_SetLastError         0000000180058050     kernel32:KERNEL32.dll
 0002:00000058       __imp_VirtualAlloc         0000000180058058     kernel32:KERNEL32.dll
 0002:00000060       __imp_VirtualProtect       0000000180058060     kernel32:KERNEL32.dll
 0002:00000068       __imp_RtlUnwindEx          0000000180058068     kernel32:KERNEL32.dll
 0002:00000070       __imp_RaiseException       0000000180058070     kernel32:KERNEL32.dll
 0002:00000078       __imp_GetCurrentProcessId  0000000180058078     kernel32:KERNEL32.dll
 0002:00000080       __imp_GetCurrentThreadId   0000000180058080     kernel32:KERNEL32.dll
 0002:00000088       __imp_GetTickCount         0000000180058088     kernel32:KERNEL32.dll
 0002:00000090       __imp_QueryPerformanceCounter 0000000180058090     kernel32:KERNEL32.dll
 0002:00000098       __imp_DisableThreadLibraryCalls 0000000180058098     kernel32:KERNEL32.dll
 0002:000000a0       __imp_Sleep                00000001800580a0     kernel32:KERNEL32.dll
 0002:000000a8       __imp_GetSystemTimeAsFileTime 00000001800580a8     kernel32:KERNEL32.dll
 0002:000000b0       \177KERNEL32_NULL_THUNK_DATA 00000001800580b0     kernel32:KERNEL32.dll
 0002:000000b8       __imp__errno               00000001800580b8     MSVCRT:MSVCR90.dll
 0002:000000c0       __imp_fwrite               00000001800580c0     MSVCRT:MSVCR90.dll
 0002:000000c8       __imp_putchar              00000001800580c8     MSVCRT:MSVCR90.dll
 0002:000000d0       __imp_strtoul              00000001800580d0     MSVCRT:MSVCR90.dll
 0002:000000d8       __imp_fgets                00000001800580d8     MSVCRT:MSVCR90.dll
 0002:000000e0       __imp_fscanf               00000001800580e0     MSVCRT:MSVCR90.dll
 0002:000000e8       __imp_tmpfile              00000001800580e8     MSVCRT:MSVCR90.dll
 0002:000000f0       __imp__ftelli64            00000001800580f0     MSVCRT:MSVCR90.dll
 0002:000000f8       __imp__pclose              00000001800580f8     MSVCRT:MSVCR90.dll
 0002:00000100       __imp_ungetc               0000000180058100     MSVCRT:MSVCR90.dll
 0002:00000108       __imp__fseeki64            0000000180058108     MSVCRT:MSVCR90.dll
 0002:00000110       __imp__popen               0000000180058110     MSVCRT:MSVCR90.dll
 0002:00000118       __imp_fopen                0000000180058118     MSVCRT:MSVCR90.dll
 0002:00000120       __imp_setvbuf              0000000180058120     MSVCRT:MSVCR90.dll
 0002:00000128       __imp_fread                0000000180058128     MSVCRT:MSVCR90.dll
 0002:00000130       __imp_fprintf              0000000180058130     MSVCRT:MSVCR90.dll
 0002:00000138       __imp_ferror               0000000180058138     MSVCRT:MSVCR90.dll
 0002:00000140       __imp_fclose               0000000180058140     MSVCRT:MSVCR90.dll
 0002:00000148       __imp_getc                 0000000180058148     MSVCRT:MSVCR90.dll
 0002:00000150       __imp_clearerr             0000000180058150     MSVCRT:MSVCR90.dll
 0002:00000158       __imp_strncmp              0000000180058158     MSVCRT:MSVCR90.dll
 0002:00000160       __imp_rename               0000000180058160     MSVCRT:MSVCR90.dll
 0002:00000168       __imp__mktime64            0000000180058168     MSVCRT:MSVCR90.dll
 0002:00000170       __imp__gmtime64            0000000180058170     MSVCRT:MSVCR90.dll
 0002:00000178       __imp_tmpnam               0000000180058178     MSVCRT:MSVCR90.dll
 0002:00000180       __imp_system               0000000180058180     MSVCRT:MSVCR90.dll
 0002:00000188       __imp_remove               0000000180058188     MSVCRT:MSVCR90.dll
 0002:00000190       __imp_fflush               0000000180058190     MSVCRT:MSVCR90.dll
 0002:00000198       __imp_strftime             0000000180058198     MSVCRT:MSVCR90.dll
 0002:000001a0       __imp_setlocale            00000001800581a0     MSVCRT:MSVCR90.dll
 0002:000001a8       __imp__localtime64         00000001800581a8     MSVCRT:MSVCR90.dll
 0002:000001b0       __imp_getenv               00000001800581b0     MSVCRT:MSVCR90.dll
 0002:000001b8       __imp__difftime64          00000001800581b8     MSVCRT:MSVCR90.dll
 0002:000001c0       __imp__time64              00000001800581c0     MSVCRT:MSVCR90.dll
 0002:000001c8       __imp_exit                 00000001800581c8     MSVCRT:MSVCR90.dll
 0002:000001d0       __imp_strrchr              00000001800581d0     MSVCRT:MSVCR90.dll
 0002:000001d8       __imp_sprintf              00000001800581d8     MSVCRT:MSVCR90.dll
 0002:000001e0       __imp_memchr               00000001800581e0     MSVCRT:MSVCR90.dll
 0002:000001e8       __imp_strncpy              00000001800581e8     MSVCRT:MSVCR90.dll
 0002:000001f0       __imp_strpbrk              00000001800581f0     MSVCRT:MSVCR90.dll
 0002:000001f8       __imp_memmove              00000001800581f8     MSVCRT:MSVCR90.dll
 0002:00000200       __imp__fmode               0000000180058200     MSVCRT:MSVCR90.dll
 0002:00000208       __imp_memcpy               0000000180058208     MSVCRT:MSVCR90.dll
 0002:00000210       __imp_strlen               0000000180058210     MSVCRT:MSVCR90.dll
 0002:00000218       __imp_tanh                 0000000180058218     MSVCRT:MSVCR90.dll
 0002:00000220       __imp_sinh                 0000000180058220     MSVCRT:MSVCR90.dll
 0002:00000228       __imp_memset               0000000180058228     MSVCRT:MSVCR90.dll
 0002:00000230       __imp_cosh                 0000000180058230     MSVCRT:MSVCR90.dll
 0002:00000238       __imp_feof                 0000000180058238     MSVCRT:MSVCR90.dll
 0002:00000240       __imp_ldexp                0000000180058240     MSVCRT:MSVCR90.dll
 0002:00000248       __imp_putc                 0000000180058248     MSVCRT:MSVCR90.dll
 0002:00000250       __imp__isatty              0000000180058250     MSVCRT:MSVCR90.dll
 0002:00000258       __imp_signal               0000000180058258     MSVCRT:MSVCR90.dll
 0002:00000260       __imp__fileno              0000000180058260     MSVCRT:MSVCR90.dll
 0002:00000268       __imp___DestructExceptionObject 0000000180058268     MSVCRT:MSVCR90.dll
 0002:00000270       __imp__encode_pointer      0000000180058270     MSVCRT:MSVCR90.dll
 0002:00000278       __imp__malloc_crt          0000000180058278     MSVCRT:MSVCR90.dll
 0002:00000280       __imp__initterm            0000000180058280     MSVCRT:MSVCR90.dll
 0002:00000288       __imp__initterm_e          0000000180058288     MSVCRT:MSVCR90.dll
 0002:00000290       __imp_free                 0000000180058290     MSVCRT:MSVCR90.dll
 0002:00000298       __imp__encoded_null        0000000180058298     MSVCRT:MSVCR90.dll
 0002:000002a0       __imp__decode_pointer      00000001800582a0     MSVCRT:MSVCR90.dll
 0002:000002a8       __imp__amsg_exit           00000001800582a8     MSVCRT:MSVCR90.dll
 0002:000002b0       __imp___C_specific_handler 00000001800582b0     MSVCRT:MSVCR90.dll
 0002:000002b8       __imp___CppXcptFilter      00000001800582b8     MSVCRT:MSVCR90.dll
 0002:000002c0       __imp___clean_type_info_names_internal 00000001800582c0     MSVCRT:MSVCR90.dll
 0002:000002c8       __imp__unlock              00000001800582c8     MSVCRT:MSVCR90.dll
 0002:000002d0       __imp___dllonexit          00000001800582d0     MSVCRT:MSVCR90.dll
 0002:000002d8       __imp__lock                00000001800582d8     MSVCRT:MSVCR90.dll
 0002:000002e0       __imp__onexit              00000001800582e0     MSVCRT:MSVCR90.dll
 0002:000002e8       __imp_strchr               00000001800582e8     MSVCRT:MSVCR90.dll
 0002:000002f0       __imp___iob_func           00000001800582f0     MSVCRT:MSVCR90.dll
 0002:000002f8       __imp_strstr               00000001800582f8     MSVCRT:MSVCR90.dll
 0002:00000300       __imp_fputs                0000000180058300     MSVCRT:MSVCR90.dll
 0002:00000308       __imp_strerror             0000000180058308     MSVCRT:MSVCR90.dll
 0002:00000310       __imp_fputc                0000000180058310     MSVCRT:MSVCR90.dll
 0002:00000318       __imp_clock                0000000180058318     MSVCRT:MSVCR90.dll
 0002:00000320       __imp_memcmp               0000000180058320     MSVCRT:MSVCR90.dll
 0002:00000328       __imp_floor                0000000180058328     MSVCRT:MSVCR90.dll
 0002:00000330       \177MSVCR90_NULL_THUNK_DATA 0000000180058330     MSVCRT:MSVCR90.dll
 0002:00000338       __xc_a                     0000000180058338     MSVCRT:cinitexe.obj
 0002:00000340       __xc_z                     0000000180058340     MSVCRT:cinitexe.obj
 0002:00000348       __xi_a                     0000000180058348     MSVCRT:cinitexe.obj
 0002:00000358       __xi_z                     0000000180058358     MSVCRT:cinitexe.obj
 0002:00000360       _pDefaultRawDllMain        0000000180058360     MSVCRT:crtdll.obj
 0002:00000360       _pRawDllMain               0000000180058360     MSVCRT:crtdll.obj
 0002:00000368       ??_C@_06DJHOIPC@?$CFs?3?5?$CFs?$AA@ 0000000180058368     lib_aux.obj
 0002:00000370       ??_C@_02DKCKIIND@?$CFs?$AA@ 0000000180058370     lib_aux.obj
 0002:00000374       ??_C@_04MKNBDEPB@exit?$AA@ 0000000180058374     lib_aux.obj
 0002:00000380       ??_C@_07PINPBNPB@_LOADED?$AA@ 0000000180058380     lib_aux.obj
 0002:00000388       ??_C@_0CO@HELBHHNG@PANIC?3?5unprotected?5error?5in?5call@ 0000000180058388     lib_aux.obj
 0002:000003b8       ??_C@_01OGPIMHDM@?$DP?$AA@ 00000001800583b8     lib_aux.obj
 0002:000003c0       ??_C@_0CM@JGCFBMI@Must?5use?5luaL_newstate?$CI?$CJ?5for?564?5@ 00000001800583c0     lib_aux.obj
 0002:000003f0       ??_C@_0BF@EJGIIJDH@function?3?5builtin?$CD?$CFd?$AA@ 00000001800583f0     lib_base.obj
 0002:00000408       ??_C@_06CILKLLDB@?$CFs?3?5?$CFp?$AA@ 0000000180058408     lib_base.obj
 0002:00000410       ??_C@_0BK@NJPFPDBN@too?5many?5nested?5functions?$AA@ 0000000180058410     lib_base.obj
 0002:00000430       ??_C@_07JEBBFCAN@?$DN?$CIload?$CJ?$AA@ 0000000180058430     lib_base.obj
 0002:00000438       ??_C@_0DH@OPFAKCB@?$AEstop?$AHrestart?$AHcollect?$AFcount?$AB?$PP?$AEst@ 0000000180058438     lib_base.obj
 0002:00001750       lj_obj_typename            0000000180059750     lj_obj.obj
 0002:000017b0       lj_obj_itypename           00000001800597b0     lj_obj.obj
 0002:00001930       lj_ir_mode                 0000000180059930     lj_ir.obj
 0002:00001990       lj_ir_type_size            0000000180059990     lj_ir.obj
 0002:000019b0       lj_ir_callinfo             00000001800599b0     lj_ir.obj
 0002:00002270       lj_char_bits               000000018005a270     lj_char.obj
 0002:00002380       lj_bc_ofs                  000000018005a380     lj_bc.obj
 0002:000024c0       lj_bc_mode                 000000018005a4c0     lj_bc.obj
 0002:000034a0       ??_C@_07PANPENDC@running?$AA@ 000000018005b4a0     lib_base.obj
 0002:000034a8       ??_C@_09PAHKPJCJ@suspended?$AA@ 000000018005b4a8     lib_base.obj
 0002:000034b4       ??_C@_04BBBDNBOK@dead?$AA@ 000000018005b4b4     lib_base.obj
 0002:000034bc       ??_C@_06IKLLLDHL@normal?$AA@ 000000018005b4bc     lib_base.obj
 0002:000034c4       ??_C@_02DNFJNMFM@kv?$AA@   000000018005b4c4     lib_base.obj
 0002:000034c8       ??_C@_06BPGFKLEK@__mode?$AA@ 000000018005b4c8     lib_base.obj
 0002:000034d0       ??_C@_02NIGGJGKC@_G?$AA@   000000018005b4d0     lib_base.obj
 0002:000034d8       ??_C@_07GLKNJPII@Lua?55?41?$AA@ 000000018005b4d8     lib_base.obj
 0002:000034e0       ??_C@_09HNKENHFC@coroutine?$AA@ 000000018005b4e0     lib_base.obj
 0002:000034f0       ??_C@_0BB@JCEFLFJE@0123456789abcdef?$AA@ 000000018005b4f0     lib_bit.obj
 0002:00003508       ??_C@_0BB@JGGOGLEG@0123456789ABCDEF?$AA@ 000000018005b508     lib_bit.obj
 0002:0000351c       ??_C@_03EDMBFDDG@bit?$AA@  000000018005b51c     lib_bit.obj
 0002:00003520       ??_C@_0M@IDJJEGOC@tail?5return?$AA@ 000000018005b520     lib_debug.obj
 0002:0000352c       ??_C@_05IOMEMJEC@count?$AA@ 000000018005b52c     lib_debug.obj
 0002:00003534       ??_C@_04HJPCFDOP@line?$AA@ 000000018005b534     lib_debug.obj
 0002:0000353c       ??_C@_06LNOFJDNM@return?$AA@ 000000018005b53c     lib_debug.obj
 0002:00003544       ??_C@_04OMFAIDPG@call?$AA@ 000000018005b544     lib_debug.obj
 0002:0000354c       ??_C@_05CLBJLFDN@flnSu?$AA@ 000000018005b54c     lib_debug.obj
 0002:00003554       ??_C@_03PENLABEP@?$DO?$CFs?$AA@ 000000018005b554     lib_debug.obj
 0002:00003558       ??_C@_06OEKOLKIL@source?$AA@ 000000018005b558     lib_debug.obj
 0002:00003560       ??_C@_09NOFDGFFO@short_src?$AA@ 000000018005b560     lib_debug.obj
 0002:00003570       ??_C@_0M@IOFFDKM@linedefined?$AA@ 000000018005b570     lib_debug.obj
 0002:00003580       ??_C@_0BA@BGGOJOFO@lastlinedefined?$AA@ 000000018005b580     lib_debug.obj
 0002:00003590       ??_C@_04IOPLPGDE@what?$AA@ 000000018005b590     lib_debug.obj
 0002:00003598       ??_C@_0M@OLGEEKJC@currentline?$AA@ 000000018005b598     lib_debug.obj
 0002:000035a4       ??_C@_04BDNNNDAF@nups?$AA@ 000000018005b5a4     lib_debug.obj
 0002:000035b0       ??_C@_07DEOJMPEE@nparams?$AA@ 000000018005b5b0     lib_debug.obj
 0002:000035b8       ??_C@_08PKLIBBKE@isvararg?$AA@ 000000018005b5b8     lib_debug.obj
 0002:000035c4       ??_C@_04MEMAJGDJ@name?$AA@ 000000018005b5c4     lib_debug.obj
 0002:000035d0       ??_C@_08JEGIFMFI@namewhat?$AA@ 000000018005b5d0     lib_debug.obj
 0002:000035e0       ??_C@_0M@DINLHJFF@activelines?$AA@ 000000018005b5e0     lib_debug.obj
 0002:000035ec       ??_C@_04HPNHAEOP@func?$AA@ 000000018005b5ec     lib_debug.obj
 0002:000035f8       ??_C@_0O@POGBCBNN@external?5hook?$AA@ 000000018005b5f8     lib_debug.obj
 0002:00003608       ??_C@_0M@FBGICICO@lua_debug?$DO?5?$AA@ 000000018005b608     lib_debug.obj
 0002:00003614       ??_C@_05KJNBGLAC@cont?6?$AA@ 000000018005b614     lib_debug.obj
 0002:00003620       ??_C@_0BB@BLKFCGLG@?$DN?$CIdebug?5command?$CJ?$AA@ 000000018005b620     lib_debug.obj
 0002:00003634       ??_C@_01EEMJAFIK@?6?$AA@   000000018005b634     lib_debug.obj
 0002:00003638       ??_C@_05GFCDIDHO@debug?$AA@ 000000018005b638     lib_debug.obj
 0002:00003640       ??_C@_06EGMCBEPI@C?5type?$AA@ 000000018005b640     lib_ffi.obj
 0002:00003648       ??_C@_0O@BDOCPDCB@cdata?$DM?$CFs?$DO?3?5?$CFp?$AA@ 000000018005b648     lib_ffi.obj
 0002:00003658       ??_C@_09GIOLLJKF@ctype?$DM?$CFs?$DO?$AA@ 000000018005b658     lib_ffi.obj
 0002:00003668       ??_C@_0O@DNEMCEHE@cdata?$DM?$CFs?$DO?3?5?$CFd?$AA@ 000000018005b668     lib_ffi.obj
 0002:00003678       ??_C@_01KNKLHLMO@K?$AA@    000000018005b678     lib_ffi.obj
 0002:0000367c       ??_C@_03DIJDOPEA@ffi?$AA@  000000018005b67c     lib_ffi.obj
 0002:00003680       ??_C@_07LDLFNPGN@Windows?$AA@ 000000018005b680     lib_ffi.obj
 0002:00003688       ??_C@_03OLPMMCEF@x64?$AA@  000000018005b688     lib_ffi.obj
 0002:0000368c       ??_C@_03IGHFHLNJ@jit?$AA@  000000018005b68c     lib_init.obj
 0002:00003690       ??_C@_04CFDJAKFL@math?$AA@ 000000018005b690     lib_init.obj
 0002:00003698       ??_C@_06ICGJLFIM@string?$AA@ 000000018005b698     lib_init.obj
 0002:000036a0       ??_C@_02EHCHIAMF@os?$AA@   000000018005b6a0     lib_init.obj
 0002:000036a4       ??_C@_02KFNNKBCK@io?$AA@   000000018005b6a4     lib_init.obj
 0002:000036a8       ??_C@_05LCLENNFI@table?$AA@ 000000018005b6a8     lib_init.obj
 0002:000036b0       ??_C@_07KNEGBPNO@package?$AA@ 000000018005b6b0     lib_init.obj
 0002:000036b8       ??_C@_00CNPNBAHC@?$AA@     000000018005b6b8     lib_init.obj
 0002:000036c0       ??_C@_08LBNNGFKE@_PRELOAD?$AA@ 000000018005b6c0     lib_init.obj
 0002:000036cc       ??_C@_05KCHOJJD@FILE?$CK?$AA@ 000000018005b6cc     lib_io.obj
 0002:000036d8       ??_C@_0BL@PEFGCPAG@cannot?5close?5standard?5file?$AA@ 000000018005b6d8     lib_io.obj
 0002:000036f4       ??_C@_03DLDNIBIK@?$CFlf?$AA@ 000000018005b6f4     lib_io.obj
 0002:000036f8       ??_C@_0BD@IOJAAODF@too?5many?5arguments?$AA@ 000000018005b6f8     lib_io.obj
 0002:0000370c       ??_C@_05CGOEHEFE@?$CF?414g?$AA@ 000000018005b70c     lib_io.obj
 0002:00003718       ??_C@_0N@FHGHGEJM@?$ADset?$ADcur?$ADend?$AA@ 000000018005b718     lib_io.obj
 0002:00003728       ??_C@_0O@BJINDIFF@?$AEfull?$AEline?$ACno?$AA@ 000000018005b728     lib_io.obj
 0002:00003738       ??_C@_09BPMAMLLD@file?5?$CI?$CFp?$CJ?$AA@ 000000018005b738     lib_io.obj
 0002:00003748       ??_C@_0O@PLFAPHPG@file?5?$CIclosed?$CJ?$AA@ 000000018005b748     lib_io.obj
 0002:00003758       ??_C@_01KDCPPGHE@r?$AA@    000000018005b758     lib_io.obj
 0002:0000375c       ??_C@_01NOFIACDB@w?$AA@    000000018005b75c     lib_io.obj
 0002:00003760       ??_C@_04DAMGJPCA@file?$AA@ 000000018005b760     lib_io.obj
 0002:00003768       ??_C@_0M@IBKPHHKH@closed?5file?$AA@ 000000018005b768     lib_io.obj
 0002:00003774       ??_C@_05MHOFLBOO@stdin?$AA@ 000000018005b774     lib_io.obj
 0002:0000377c       ??_C@_06DJDOIFHB@stdout?$AA@ 000000018005b77c     lib_io.obj
 0002:00003784       ??_C@_06FJGNEBG@stderr?$AA@ 000000018005b784     lib_io.obj
 0002:00003790       ??_C@_0M@HIEIAEHL@interpreter?$AA@ 000000018005b790     lib_jit.obj
 0002:000037a0       ??_C@_0P@HDPEGNKP@down?9recursion?$AA@ 000000018005b7a0     lib_jit.obj
 0002:000037b0       ??_C@_0N@DMCNLIDM@up?9recursion?$AA@ 000000018005b7b0     lib_jit.obj
 0002:000037c0       ??_C@_0P@FONHJDJF@tail?9recursion?$AA@ 000000018005b7c0     lib_jit.obj
 0002:000037d0       ??_C@_04GKOOIABA@loop?$AA@ 000000018005b7d0     lib_jit.obj
 0002:000037d8       ??_C@_04NBFCGMPH@root?$AA@ 000000018005b7d8     lib_jit.obj
 0002:000037e0       ??_C@_04CGFJFPFD@none?$AA@ 000000018005b7e0     lib_jit.obj
 0002:000037e8       ??_C@_0CG@JFFGFDHL@?$AECMOV?$AESSE2?$AESSE3?$AGSSE4?41?$ACP4?$ADAMD?$ACK8@ 000000018005b7e8     lib_jit.obj
 0002:00003810       ??_C@_0DA@IJMCEEPM@?$AEfold?$ADcse?$ADdce?$ADfwd?$ADdse?$AGnarrow?$AEloo@ 000000018005b810     lib_jit.obj
 0002:00003840       ??_C@_09DKKFGEHE@_VMEVENTS?$AA@ 000000018005b840     lib_jit.obj
 0002:00003850       ??_C@_0L@HFAMJNGM@stackslots?$AA@ 000000018005b850     lib_jit.obj
 0002:0000385c       ??_C@_06JMGHNNK@params?$AA@ 000000018005b85c     lib_jit.obj
 0002:00003868       ??_C@_09PLLBEKA@bytecodes?$AA@ 000000018005b868     lib_jit.obj
 0002:00003878       ??_C@_08DEAOGHHE@gcconsts?$AA@ 000000018005b878     lib_jit.obj
 0002:00003888       ??_C@_07BECCFFAP@nconsts?$AA@ 000000018005b888     lib_jit.obj
 0002:00003890       ??_C@_08JKPCMKJ@upvalues?$AA@ 000000018005b890     lib_jit.obj
 0002:000038a0       ??_C@_08GOINNFB@children?$AA@ 000000018005b8a0     lib_jit.obj
 0002:000038ac       ??_C@_03KCBANMCB@loc?$AA@  000000018005b8ac     lib_jit.obj
[...]
 0001:00050e60       lj_cf_io_write             0000000180051e60 f    CIL library: CIL module
 0001:00050e90       lj_cf_io_read              0000000180051e90 f    CIL library: CIL module
 0001:00050ec0       lj_cf_io_method___gc       0000000180051ec0 f    CIL library: CIL module
 0001:00050f00       lj_cf_io_method_write      0000000180051f00 f    CIL library: CIL module
 0001:00050f30       lj_cf_io_method_read       0000000180051f30 f    CIL library: CIL module
 0001:00050f60       lj_cf_io_method_close      0000000180051f60 f    CIL library: CIL module
 0001:00050fb0       io_file_iter               0000000180051fb0 f    CIL library: CIL module
 0001:000510b0       lj_cf_io_lines             00000001800520b0 f    CIL library: CIL module
 0001:00051150       lj_cf_io_output            0000000180052150 f    CIL library: CIL module
 0001:00051170       lj_cf_io_input             0000000180052170 f    CIL library: CIL module
 0001:00051190       lj_cf_io_close             0000000180052190 f    CIL library: CIL module
 0001:000511a0       lj_cf_io_method_lines      00000001800521a0 f    CIL library: CIL module
 0001:000511e0       cdata_getptr               00000001800521e0 f    CIL library: CIL module
 0001:00051200       ctype_check                0000000180052200 f    CIL library: CIL module
 0001:00051210       ctype_cts                  0000000180052210 f    CIL library: CIL module
 0001:00051230       lj_gc_barrierback          0000000180052230 f    CIL library: CIL module
 0001:00051250       copyTV                     0000000180052250 f    CIL library: CIL module
 0001:00051260       setintV                    0000000180052260 f    CIL library: CIL module
 0001:00051280       setgcV                     0000000180052280 f    CIL library: CIL module
 0001:00051290       lj_cf_ffi_clib___gc        0000000180052290 f    CIL library: CIL module
 0001:000512d0       ctype_get                  00000001800522d0 f    CIL library: CIL module
 0001:000512e0       settabV                    00000001800522e0 f    CIL library: CIL module
 0001:00051300       setcdataV                  0000000180052300 f    CIL library: CIL module
 0001:00051320       setfuncV                   0000000180052320 f    CIL library: CIL module
 0001:00051340       setstrV                    0000000180052340 f    CIL library: CIL module
 0001:00051360       lj_cdata_new               0000000180052360 f    CIL library: CIL module
 0001:00051390       ctype_child                0000000180052390 f    CIL library: CIL module
 0001:000513b0       ctype_rawchild             00000001800523b0 f    CIL library: CIL module
 0001:000513f0       ctype_raw                  00000001800523f0 f    CIL library: CIL module
 0001:00051440       ffi_register_module        0000000180052440 f    CIL library: CIL module
 0001:000514e0       ffi_finalizer              00000001800524e0 f    CIL library: CIL module
 0001:00051580       ffi_index_meta             0000000180052580 f    CIL library: CIL module
 0001:000516d0       lj_cf_ffi_load             00000001800526d0 f    CIL library: CIL module
 0001:00051730       lj_cf_ffi_abi              0000000180052730 f    CIL library: CIL module
 0001:000517a0       ffi_clib_index             00000001800527a0 f    CIL library: CIL module
 0001:00051810       ffi_checkcdata             0000000180052810 f    CIL library: CIL module
 0001:00051840       lj_cf_ffi_gc               0000000180052840 f    CIL library: CIL module
 0001:00051970       ffi_callback_set           0000000180052970 f    CIL library: CIL module
 0001:00051ae0       lj_cf_ffi_clib___newindex  0000000180052ae0 f    CIL library: CIL module
 0001:00051bd0       lj_cf_ffi_clib___index     0000000180052bd0 f    CIL library: CIL module
 0001:00051cd0       ffi_pairs                  0000000180052cd0 f    CIL library: CIL module
 0001:00051dd0       lj_cf_ffi_meta___tostring  0000000180052dd0 f    CIL library: CIL module
 0001:00051fe0       ffi_checkint               0000000180052fe0 f    CIL library: CIL module
 0001:00052050       ffi_checkptr               0000000180053050 f    CIL library: CIL module
 0001:000520c0       lj_cf_ffi_fill             00000001800530c0 f    CIL library: CIL module
 0001:00052140       lj_cf_ffi_copy             0000000180053140 f    CIL library: CIL module
 0001:000521d0       lj_cf_ffi_string           00000001800531d0 f    CIL library: CIL module
 0001:000522d0       lj_cf_ffi_errno            00000001800532d0 f    CIL library: CIL module
 0001:00052340       lj_cf_ffi_callback_set     0000000180053340 f    CIL library: CIL module
 0001:00052370       lj_cf_ffi_callback_free    0000000180053370 f    CIL library: CIL module
 0001:00052380       lj_cf_ffi_meta___ipairs    0000000180053380 f    CIL library: CIL module
 0001:00052390       lj_cf_ffi_meta___pairs     0000000180053390 f    CIL library: CIL module
 0001:000523a0       ffi_arith                  00000001800533a0 f    CIL library: CIL module
 0001:000523c0       lj_cf_ffi_meta___newindex  00000001800533c0 f    CIL library: CIL module
 0001:000524a0       lj_cf_ffi_meta___index     00000001800534a0 f    CIL library: CIL module
 0001:000526c0       lj_cf_ffi_meta___unm       00000001800536c0 f    CIL library: CIL module
 0001:000526d0       lj_cf_ffi_meta___pow       00000001800536d0 f    CIL library: CIL module
 0001:000526e0       lj_cf_ffi_meta___mod       00000001800536e0 f    CIL library: CIL module
 0001:000526f0       lj_cf_ffi_meta___div       00000001800536f0 f    CIL library: CIL module
 0001:00052700       lj_cf_ffi_meta___mul       0000000180053700 f    CIL library: CIL module
 0001:00052710       lj_cf_ffi_meta___sub       0000000180053710 f    CIL library: CIL module
 0001:00052720       lj_cf_ffi_meta___add       0000000180053720 f    CIL library: CIL module
 0001:00052730       lj_cf_ffi_meta___concat    0000000180053730 f    CIL library: CIL module
 0001:00052740       lj_cf_ffi_meta___le        0000000180053740 f    CIL library: CIL module
 0001:00052750       lj_cf_ffi_meta___lt        0000000180053750 f    CIL library: CIL module
 0001:00052760       lj_cf_ffi_meta___len       0000000180053760 f    CIL library: CIL module
 0001:00052770       lj_cf_ffi_meta___eq        0000000180053770 f    CIL library: CIL module
 0001:00052780       lj_cf_ffi_cdef             0000000180053780 f    CIL library: CIL module
 0001:00052820       ffi_checkctype             0000000180053820 f    CIL library: CIL module
 0001:000528f0       lj_cf_ffi_metatype         00000001800538f0 f    CIL library: CIL module
 0001:00052a40       lj_cf_ffi_offsetof         0000000180053a40 f    CIL library: CIL module
 0001:00052b70       lj_cf_ffi_alignof          0000000180053b70 f    CIL library: CIL module
 0001:00052be0       lj_cf_ffi_sizeof           0000000180053be0 f    CIL library: CIL module
 0001:00052cb0       lj_cf_ffi_istype           0000000180053cb0 f    CIL library: CIL module
 0001:00052e10       lj_cf_ffi_typeof           0000000180053e10 f    CIL library: CIL module
 0001:00052ea0       lj_cf_ffi_cast             0000000180053ea0 f    CIL library: CIL module
 0001:00052fe0       lj_cf_ffi_new              0000000180053fe0 f    CIL library: CIL module
 0001:00053210       lj_cf_ffi_meta___call      0000000180054210 f    CIL library: CIL module
 0001:00053320       unmakemask                 0000000180054320 f    CIL library: CIL module
 0001:00053360       makemask                   0000000180054360 f    CIL library: CIL module
 0001:000533e0       getthread                  00000001800543e0 f    CIL library: CIL module
 0001:00053410       copyTV                     0000000180054410 f    CIL library: CIL module
 0001:00053420       setgcV                     0000000180054420 f    CIL library: CIL module
 0001:00053440       setlightudV                0000000180054440 f    CIL library: CIL module
 0001:00053460       lj_cf_debug_getregistry    0000000180054460 f    CIL library: CIL module
 0001:00053490       setfuncV                   0000000180054490 f    CIL library: CIL module
 0001:000534b0       treatstackoption           00000001800544b0 f    CIL library: CIL module
 0001:00053520       settabsb                   0000000180054520 f    CIL library: CIL module
 0001:00053550       settabsi                   0000000180054550 f    CIL library: CIL module
 0001:00053590       lj_cf_debug_getfenv        0000000180054590 f    CIL library: CIL module
 0001:000535d0       lj_cf_debug_setmetatable   00000001800545d0 f    CIL library: CIL module
 0001:00053620       lj_cf_debug_getmetatable   0000000180054620 f    CIL library: CIL module
 0001:00053660       lj_cf_debug_upvaluejoin    0000000180054660 f    CIL library: CIL module
 0001:00053750       lj_cf_debug_upvalueid      0000000180054750 f    CIL library: CIL module
 0001:000537e0       lj_cf_debug_setfenv        00000001800547e0 f    CIL library: CIL module
 0001:00053830       hookf                      0000000180054830 f    CIL library: CIL module
 0001:000538c0       debug_getupvalue           00000001800548c0 f    CIL library: CIL module
 0001:00053970       lj_cf_debug_setlocal       0000000180054970 f    CIL library: CIL module
 0001:00053a30       lj_cf_debug_getlocal       0000000180054a30 f    CIL library: CIL module
 0001:00053b40       settabss                   0000000180054b40 f    CIL library: CIL module
 0001:00053b80       lj_cf_debug_gethook        0000000180054b80 f    CIL library: CIL module
 0001:00053c20       lj_cf_debug_sethook        0000000180054c20 f    CIL library: CIL module
 0001:00053d00       lj_cf_debug_setupvalue     0000000180054d00 f    CIL library: CIL module
 0001:00053d30       lj_cf_debug_getupvalue     0000000180054d30 f    CIL library: CIL module
 0001:00053d40       lj_cf_debug_getinfo        0000000180054d40 f    CIL library: CIL module
 0001:000540a0       lj_cf_debug_traceback      00000001800550a0 f    CIL library: CIL module
 0001:00054140       lj_cf_debug_debug          0000000180055140 f    CIL library: CIL module
 0001:000542a0       setpc_wrap_aux             00000001800552a0 f    CIL library: CIL module
 0001:000542c0       ctype_check                00000001800552c0 f    CIL library: CIL module
 0001:000542d0       ctype_cts                  00000001800552d0 f    CIL library: CIL module
 0001:000542f0       lj_gc_barrierback          00000001800552f0 f    CIL library: CIL module
 0001:00054310       copyTV                     0000000180055310 f    CIL library: CIL module
 0001:00054320       setintV                    0000000180055320 f    CIL library: CIL module
 0001:00054340       setgcV                     0000000180055340 f    CIL library: CIL module
 0001:00054350       lj_cf_gcinfo               0000000180055350 f    CIL library: CIL module
 0001:00054380       load_aux                   0000000180055380 f    CIL library: CIL module
 0001:000543f0       ctype_get                  00000001800553f0 f    CIL library: CIL module
 0001:00054400       settabV                    0000000180055400 f    CIL library: CIL module
 0001:00054420       setfuncV                   0000000180055420 f    CIL library: CIL module
 0001:00054440       setstrV                    0000000180055440 f    CIL library: CIL module
 0001:00054460       ctype_child                0000000180055460 f    CIL library: CIL module
 0001:00054480       lj_strscan_numberobj       0000000180055480 f    CIL library: CIL module
 0001:000544c0       lj_cf_coroutine_running    00000001800554c0 f    CIL library: CIL module
 0001:00054540       newproxy_weaktable         0000000180055540 f    CIL library: CIL module
 0001:000545e0       ffh_resume                 00000001800555e0 f    CIL library: CIL module
 0001:00054680       lj_ffh_coroutine_yield     0000000180055680 f    CIL library: CIL module
 0001:000546a0       lj_ffh_coroutine_wrap_aux  00000001800556a0 f    CIL library: CIL module
 0001:000546c0       lj_ffh_coroutine_resume    00000001800556c0 f    CIL library: CIL module
 0001:00054700       lj_cf_rawequal             0000000180055700 f    CIL library: CIL module
 0001:00054760       lj_ffh_pcall               0000000180055760 f    CIL library: CIL module
 0001:00054790       lj_cf_select               0000000180055790 f    CIL library: CIL module
 0001:00054830       lj_cf_rawset               0000000180055830 f    CIL library: CIL module
 0001:00054890       lj_ffh_rawget              0000000180055890 f    CIL library: CIL module
 0001:000548c0       lj_cf_setfenv              00000001800558c0 f    CIL library: CIL module
 0001:000549a0       lj_ffh_setmetatable        00000001800559a0 f    CIL library: CIL module
 0001:00054a40       lj_ffh_ipairs_aux          0000000180055a40 f    CIL library: CIL module
 0001:00054a70       ffh_pairs                  0000000180055a70 f    CIL library: CIL module
 0001:00054b30       lj_ffh_next                0000000180055b30 f    CIL library: CIL module
 0001:00054b50       lj_cf_coroutine_create     0000000180055b50 f    CIL library: CIL module
 0001:00054bb0       lj_cf_coroutine_status     0000000180055bb0 f    CIL library: CIL module
 0001:00054c90       lj_cf_print                0000000180055c90 f    CIL library: CIL module
 0001:00054e50       lj_cf_newproxy             0000000180055e50 f    CIL library: CIL module
 0001:00054f50       reader_func                0000000180055f50 f    CIL library: CIL module
 0001:00055000       lj_ffh_tostring            0000000180056000 f    CIL library: CIL module
 0001:00055120       lj_ffh_tonumber            0000000180056120 f    CIL library: CIL module
 0001:000552d0       lj_cf_unpack               00000001800562d0 f    CIL library: CIL module
 0001:000553e0       lj_cf_getfenv              00000001800563e0 f    CIL library: CIL module
 0001:00055470       lj_ffh_ipairs              0000000180056470 f    CIL library: CIL module
 0001:00055480       lj_ffh_pairs               0000000180056480 f    CIL library: CIL module
 0001:00055490       lj_ffh_assert              0000000180056490 f    CIL library: CIL module
 0001:000554e0       lj_lib_pushcc              00000001800564e0 f    CIL library: CIL module
 0001:00055520       lj_cf_coroutine_wrap       0000000180056520 f    CIL library: CIL module
 0001:00055580       lj_cf_collectgarbage       0000000180056580 f    CIL library: CIL module
 0001:00055630       lj_cf_error                0000000180056630 f    CIL library: CIL module
 0001:00055760       lj_cf_load                 0000000180056760 f    CIL library: CIL module
 0001:00055880       lj_cf_loadfile             0000000180056880 f    CIL library: CIL module
 0001:00055900       lj_cf_dofile               0000000180056900 f    CIL library: CIL module
 0001:00055980       lj_cf_loadstring           0000000180056980 f    CIL library: CIL module
 0001:000559e0       libsize                    00000001800569e0 f    CIL library: CIL module
 0001:00055a10       setintV                    0000000180056a10 f    CIL library: CIL module
 0001:00055b80       panic                      0000000180056b80 f    CIL library: CIL module
 0001:00055c20       emptybuffer                0000000180056c20 f    CIL library: CIL module
 0001:00055ef0       adjuststack                0000000180056ef0 f    CIL library: CIL module
 0001:00056450       lj_ffh_bit_band            0000000180057450 f    CIL library: CIL module
 0001:00056490       lj_ffh_bit_lshift          0000000180057490 f    CIL library: CIL module
 0001:000564c0       lj_ffh_bit_tobit           00000001800574c0 f    CIL library: CIL module
 0001:000564e0       lj_cf_bit_tohex            00000001800574e0 f    CIL library: CIL module
 0001:000566a0       __DllMainCRTStartup$filt$0 00000001800576a0 f   MSVCRT:crtdll.obj
 0001:000566d0       __DllMainCRTStartup$fin$1  00000001800576d0 f   MSVCRT:crtdll.obj
 0001:000566e9       _onexit$fin$0              00000001800576e9 f   MSVCRT:atonexit.obj
 0001:00056710       _IsNonwritableInCurrentImage$filt$0 0000000180057710 f   MSVCRT:pesect.obj

 Exports

  ordinal    name

        1    luaJIT_setmode
        2    luaJIT_version_2_0_1
        3    luaL_addlstring
        4    luaL_addstring
        5    luaL_addvalue
        6    luaL_argerror
        7    luaL_buffinit
        8    luaL_callmeta
        9    luaL_checkany
       10    luaL_checkinteger
       11    luaL_checklstring
       12    luaL_checknumber
       13    luaL_checkoption
       14    luaL_checkstack
       15    luaL_checktype
       16    luaL_checkudata
       17    luaL_error
       18    luaL_execresult
       19    luaL_fileresult
       20    luaL_findtable
       21    luaL_getmetafield
       22    luaL_gsub
       23    luaL_loadbuffer
       24    luaL_loadbufferx
       25    luaL_loadfile
       26    luaL_loadfilex
       27    luaL_loadstring
       28    luaL_newmetatable
       29    luaL_newstate
       30    luaL_openlib
       31    luaL_openlibs
       32    luaL_optinteger
       33    luaL_optlstring
       34    luaL_optnumber
       35    luaL_prepbuffer
       36    luaL_pushresult
       37    luaL_ref
       38    luaL_register
       39    luaL_traceback
       40    luaL_typerror
       41    luaL_unref
       42    luaL_where
       43    lua_atpanic
       44    lua_call
       45    lua_checkstack
       46    lua_close
       47    lua_concat
       48    lua_cpcall
       49    lua_createtable
       50    lua_dump
       51    lua_equal
       52    lua_error
       53    lua_gc
       54    lua_getallocf
       55    lua_getfenv
       56    lua_getfield
       57    lua_gethook
       58    lua_gethookcount
       59    lua_gethookmask
       60    lua_getinfo
       61    lua_getlocal
       62    lua_getmetatable
       63    lua_getstack
       64    lua_gettable
       65    lua_gettop
       66    lua_getupvalue
       67    lua_insert
       68    lua_iscfunction
       69    lua_isnumber
       70    lua_isstring
       71    lua_isuserdata
       72    lua_lessthan
       73    lua_load
       74    lua_loadx
       75    lua_newstate
       76    lua_newthread
       77    lua_newuserdata
       78    lua_next
       79    lua_objlen
       80    lua_pcall
       81    lua_pushboolean
       82    lua_pushcclosure
       83    lua_pushfstring
       84    lua_pushinteger
       85    lua_pushlightuserdata
       86    lua_pushlstring
       87    lua_pushnil
       88    lua_pushnumber
       89    lua_pushstring
       90    lua_pushthread
       91    lua_pushvalue
       92    lua_pushvfstring
       93    lua_rawequal
       94    lua_rawget
       95    lua_rawgeti
       96    lua_rawset
       97    lua_rawseti
       98    lua_remove
       99    lua_replace
      100    lua_resume
      101    lua_setallocf
      102    lua_setfenv
      103    lua_setfield
      104    lua_sethook
      105    lua_setlocal
      106    lua_setmetatable
      107    lua_settable
      108    lua_settop
      109    lua_setupvalue
      110    lua_status
      111    lua_toboolean
      112    lua_tocfunction
      113    lua_tointeger
      114    lua_tolstring
      115    lua_tonumber
      116    lua_topointer
      117    lua_tothread
      118    lua_touserdata
      119    lua_type
      120    lua_typename
      121    lua_upvalueid
      122    lua_upvaluejoin
      123    lua_xmove
      124    lua_yield
      125    luaopen_base
      126    luaopen_bit
      127    luaopen_debug
      128    luaopen_ffi
      129    luaopen_io
      130    luaopen_jit
      131    luaopen_math
      132    luaopen_os
      133    luaopen_package
      134    luaopen_string
      135    luaopen_table
