 lib_freetype

 Timestamp is 52d55162 (Tue Jan 14 18:01:54 2014)

 Preferred load address is 0000000180000000

 Start         Length     Name                   Class
 0001:00000000 000793f0H .text                   CODE
 0001:000793f0 0000005eH .text$00                CODE
 0001:00079450 00000091H .text$x                 CODE
 0002:00000000 00000188H .idata$5                DATA
 0002:00000188 00000008H .CRT$XCA                DATA
 0002:00000190 00000008H .CRT$XCZ                DATA
 0002:00000198 00000008H .CRT$XIA                DATA
 0002:000001a0 00000008H .CRT$XIAA               DATA
 0002:000001a8 00000008H .CRT$XIZ                DATA
 0002:000001b0 000245d0H .rdata                  DATA
 0002:00024780 00000008H .rtc$IAA                DATA
 0002:00024788 00000008H .rtc$IZZ                DATA
 0002:00024790 00000008H .rtc$TAA                DATA
 0002:00024798 00000008H .rtc$TZZ                DATA
 0002:000247a0 0000b758H .xdata                  DATA
 0002:0002fef8 00000028H .idata$2                DATA
 0002:0002ff20 00000014H .idata$3                DATA
 0002:0002ff38 00000188H .idata$4                DATA
 0002:000300c0 0000028aH .idata$6                DATA
 0002:00030350 00001a63H .edata                  DATA
 0003:00000000 00000540H .data                   DATA
 0003:00000540 000001b4H .bss                    DATA
 0004:00000000 00007c2cH .pdata                  DATA

  Address         Publics by Value              Rva+Base               Lib:Object

 0000:00000000       ___safe_se_handler_count   0000000000000000     <absolute>
 0000:00000000       ___safe_se_handler_table   0000000000000000     <absolute>
 0000:00000000       __ImageBase                0000000180000000     <linker-defined>
 0001:00000060       _CRT_INIT                  0000000180001060 f   MSVCRT:crtdll.obj
 0001:000003f4       _DllMainCRTStartup         00000001800013f4 f   MSVCRT:crtdll.obj
 0001:00000434       __clean_type_info_names    0000000180001434 f   MSVCRT:tncleanup.obj
 0001:00000440       _onexit                    0000000180001440 f   MSVCRT:atonexit.obj
 0001:000004f0       atexit                     00000001800014f0 f   MSVCRT:atonexit.obj
 0001:00000508       _RTC_Initialize            0000000180001508 f   MSVCRT:_initsect_.obj
 0001:00000540       _RTC_Terminate             0000000180001540 f   MSVCRT:_initsect_.obj
 0001:00000580       _ValidateImageBase         0000000180001580 f   MSVCRT:pesect.obj
 0001:000005b0       _FindPESection             00000001800015b0 f   MSVCRT:pesect.obj
 0001:00000600       _IsNonwritableInCurrentImage 0000000180001600 f   MSVCRT:pesect.obj
 0001:00000642       _initterm                  0000000180001642 f   MSVCRT:MSVCR90.dll
 0001:00000648       _initterm_e                0000000180001648 f   MSVCRT:MSVCR90.dll
 0001:0000064e       _amsg_exit                 000000018000164e f   MSVCRT:MSVCR90.dll
 0001:00000654       __C_specific_handler       0000000180001654 f   MSVCRT:MSVCR90.dll
 0001:0000065a       __CppXcptFilter            000000018000165a f   MSVCRT:MSVCR90.dll
 0001:00000660       DllMain                    0000000180001660 f   MSVCRT:dllmain.obj
 0001:00000684       __security_init_cookie     0000000180001684 f   MSVCRT:gs_support.obj
 0001:00000738       __clean_type_info_names_internal 0000000180001738 f   MSVCRT:MSVCR90.dll
 0001:0000073e       _unlock                    000000018000173e f   MSVCRT:MSVCR90.dll
 0001:00000744       __dllonexit                0000000180001744 f   MSVCRT:MSVCR90.dll
 0001:0000074a       _lock                      000000018000174a f   MSVCRT:MSVCR90.dll
 0001:00001cc0       ft_lzwstate_reset          0000000180002cc0 f   ftlzw.obj
 0001:00001cf0       ft_lzwstate_done           0000000180002cf0 f   ftlzw.obj
 0001:00001d70       ft_lzwstate_init           0000000180002d70 f   ftlzw.obj
 0001:00002280       ft_lzwstate_io             0000000180003280 f   ftlzw.obj
 0001:000027b0       FT_Stream_OpenLZW          00000001800037b0 f   ftlzw.obj
 0001:00005270       FT_Stream_OpenGzip         0000000180006270 f   ftgzip.obj
 0001:000153c0       TT_New_Context             00000001800163c0 f   truetype.obj
 0001:00018000       TT_RunIns                  0000000180019000 f   truetype.obj
 0001:0002b660       ps_hints_apply             000000018002c660 f   pshinter.obj
 0001:0005a7a0       FTC_Node_Unref             000000018005b7a0 f   ftcache.obj
 0001:0005abd0       FTC_Manager_New            000000018005bbd0 f   ftcache.obj
 0001:0005b060       FTC_CMapCache_New          000000018005c060 f   ftcache.obj
 0001:0005b4f0       FTC_SBitCache_New          000000018005c4f0 f   ftcache.obj
 0001:0005b510       FTC_ImageCache_New         000000018005c510 f   ftcache.obj
 0001:0005b8b0       FTC_Manager_LookupFace     000000018005c8b0 f   ftcache.obj
 0001:0005b990       FTC_Manager_LookupSize     000000018005c990 f   ftcache.obj
 0001:0005be10       FTC_Manager_RemoveFaceID   000000018005ce10 f   ftcache.obj
 0001:0005bfa0       FTC_Manager_Reset          000000018005cfa0 f   ftcache.obj
 0001:0005bfe0       FTC_Manager_Done           000000018005cfe0 f   ftcache.obj
 0001:0005c580       FTC_SBitCache_LookupScaler 000000018005d580 f   ftcache.obj
 0001:0005c8f0       FTC_SBitCache_Lookup       000000018005d8f0 f   ftcache.obj
 0001:0005cc20       FTC_ImageCache_LookupScaler 000000018005dc20 f   ftcache.obj
 0001:0005cf50       FTC_ImageCache_Lookup      000000018005df50 f   ftcache.obj
 0001:0005d400       FTC_CMapCache_Lookup       000000018005e400 f   ftcache.obj
 0001:00061e10       FT_Stroker_BeginSubPath    0000000180062e10 f   ftstroke.obj
 0001:000620a0       FT_Stroker_GetCounts       00000001800630a0 f   ftstroke.obj
 0001:00062120       FT_Stroker_GetBorderCounts 0000000180063120 f   ftstroke.obj
 0001:000621b0       FT_Stroker_Rewind          00000001800631b0 f   ftstroke.obj
 0001:000621e0       FT_Stroker_Set             00000001800631e0 f   ftstroke.obj
 0001:00062210       FT_Stroker_New             0000000180063210 f   ftstroke.obj
 0001:00062510       FT_Stroker_ExportBorder    0000000180063510 f   ftstroke.obj
 0001:00062550       FT_Stroker_Done            0000000180063550 f   ftstroke.obj
 0001:00062690       FT_Outline_GetOutsideBorder 0000000180063690 f   ftstroke.obj
 0001:000626b0       FT_Outline_GetInsideBorder 00000001800636b0 f   ftstroke.obj
 0001:000626d0       FT_Stroker_Export          00000001800636d0 f   ftstroke.obj
 0001:00063580       FT_Stroker_CubicTo         0000000180064580 f   ftstroke.obj
 0001:00063ac0       FT_Stroker_ConicTo         0000000180064ac0 f   ftstroke.obj
 0001:00063f30       FT_Stroker_LineTo          0000000180064f30 f   ftstroke.obj
 0001:00064060       FT_Stroker_EndSubPath      0000000180065060 f   ftstroke.obj
 0001:00064160       FT_Stroker_ParseOutline    0000000180065160 f   ftstroke.obj
 0001:00064500       FT_Glyph_StrokeBorder      0000000180065500 f   ftstroke.obj
 0001:00064660       FT_Glyph_Stroke            0000000180065660 f   ftstroke.obj
 0001:00064780       FT_Glyph_Get_CBox          0000000180065780 f   ftglyph.obj
 0001:000648b0       FT_Done_Glyph              00000001800658b0 f   ftglyph.obj
 0001:00064980       FT_Glyph_Transform         0000000180065980 f   ftglyph.obj
 0001:00064a00       FT_Get_Glyph               0000000180065a00 f   ftglyph.obj
 0001:00064b30       FT_Glyph_Copy              0000000180065b30 f   ftglyph.obj
 0001:00064e70       FT_Glyph_To_Bitmap         0000000180065e70 f   ftglyph.obj
 0001:00065050       FT_Bitmap_New              0000000180066050 f   ftbitmap.obj
 0001:00065090       FT_Bitmap_Done             0000000180066090 f   ftbitmap.obj
 0001:00065140       ft_gray_for_premultiplied_srgb_bgra 0000000180066140 f   ftbitmap.obj
 0001:00065200       FT_Bitmap_Convert          0000000180066200 f   ftbitmap.obj
 0001:00065920       FT_Bitmap_Copy             0000000180066920 f   ftbitmap.obj
 0001:00065a50       FT_GlyphSlot_Own_Bitmap    0000000180066a50 f   ftbitmap.obj
 0001:00065af0       FT_Bitmap_Embolden         0000000180066af0 f   ftbitmap.obj
 0001:00065ec0       FT_Done_Memory             0000000180066ec0 f   ftsystem.obj
 0001:00065fb0       FT_New_Memory              0000000180066fb0 f   ftsystem.obj
 0001:00066000       FT_Stream_Open             0000000180067000 f   ftsystem.obj
 0001:00066180       ft_debug_init              0000000180067180 f   ftdebug.obj
 0001:00066310       FT_Trace_Get_Count         0000000180067310 f   ftdebug.obj
 0001:00066320       FT_Throw                   0000000180067320 f   ftdebug.obj
 0001:00066330       FT_Panic                   0000000180067330 f   ftdebug.obj
 0001:00066380       FT_Message                 0000000180067380 f   ftdebug.obj
 0001:000663d0       FT_Trace_Get_Name          00000001800673d0 f   ftdebug.obj
 0001:00066400       ft_highpow2                0000000180067400 f   ftbase.obj
 0001:00066420       FT_List_Iterate            0000000180067420 f   ftbase.obj
 0001:00066480       FT_List_Up                 0000000180067480 f   ftbase.obj
 0001:000664c0       FT_List_Remove             00000001800674c0 f   ftbase.obj
 0001:000664f0       FT_List_Insert             00000001800674f0 f   ftbase.obj
 0001:00066520       FT_List_Add                0000000180067520 f   ftbase.obj
 0001:00066550       FT_List_Find               0000000180067550 f   ftbase.obj
 0001:00066580       ft_mem_strcpyn             0000000180067580 f   ftbase.obj
 0001:000665b0       ft_mem_free                00000001800675b0 f   ftbase.obj
 0001:000665d0       ft_mem_qalloc              00000001800675d0 f   ftbase.obj
 0001:00066650       ft_mem_alloc               0000000180067650 f   ftbase.obj
 0001:000666c0       FT_Angle_Diff              00000001800676c0 f   ftbase.obj
 0001:00066970       FT_Stream_ReadULongLE      0000000180067970 f   ftbase.obj
 0001:00066a60       FT_Stream_ReadULong        0000000180067a60 f   ftbase.obj
 0001:00066b50       FT_Stream_ReadUOffset      0000000180067b50 f   ftbase.obj
 0001:00066c30       FT_Stream_ReadUShortLE     0000000180067c30 f   ftbase.obj
 0001:00066d10       FT_Stream_ReadUShort       0000000180067d10 f   ftbase.obj
 0001:00066df0       FT_Stream_ReadChar         0000000180067df0 f   ftbase.obj
 0001:00066ec0       FT_Stream_GetULongLE       0000000180067ec0 f   ftbase.obj
 0001:00066f40       FT_Stream_GetULong         0000000180067f40 f   ftbase.obj
 0001:00066fc0       FT_Stream_GetUOffset       0000000180067fc0 f   ftbase.obj
 0001:00067030       FT_Stream_GetUShortLE      0000000180068030 f   ftbase.obj
 0001:00067090       FT_Stream_GetUShort        0000000180068090 f   ftbase.obj
 0001:000670f0       FT_Stream_GetChar          00000001800680f0 f   ftbase.obj
 0001:00067140       FT_Stream_ExitFrame        0000000180068140 f   ftbase.obj
 0001:000671a0       FT_Stream_EnterFrame       00000001800681a0 f   ftbase.obj
 0001:00067350       FT_Stream_ReleaseFrame     0000000180068350 f   ftbase.obj
 0001:00067390       FT_Stream_ExtractFrame     0000000180068390 f   ftbase.obj
 0001:000673d0       FT_Stream_TryRead          00000001800683d0 f   ftbase.obj
 0001:00067450       FT_Stream_ReadAt           0000000180068450 f   ftbase.obj
 0001:00067530       FT_Stream_Read             0000000180068530 f   ftbase.obj
 0001:00067550       FT_Stream_Pos              0000000180068550 f   ftbase.obj
 0001:00067560       FT_Stream_Seek             0000000180068560 f   ftbase.obj
 0001:000675f0       FT_Stream_Close            00000001800685f0 f   ftbase.obj
 0001:00067610       FT_Stream_OpenMemory       0000000180068610 f   ftbase.obj
 0001:00067630       FT_Get_Sfnt_Name_Count     0000000180068630 f   ftbase.obj
 0001:00067a00       FT_Raccess_Guess           0000000180068a00 f   ftbase.obj
 0001:00067b00       FT_Outline_Reverse         0000000180068b00 f   ftbase.obj
 0001:00067bd0       FT_Outline_Translate       0000000180068bd0 f   ftbase.obj
 0001:00067c20       FT_Outline_Get_CBox        0000000180068c20 f   ftbase.obj
 0001:00067ce0       FT_Outline_Done_Internal   0000000180068ce0 f   ftbase.obj
 0001:00067db0       FT_Outline_Copy            0000000180068db0 f   ftbase.obj
 0001:00067e70       FT_Outline_Check           0000000180068e70 f   ftbase.obj
 0001:00067f00       FT_Outline_Decompose       0000000180068f00 f   ftbase.obj
 0001:000686b0       FT_Get_SubGlyph_Info       00000001800696b0 f   ftbase.obj
 0001:00068730       FT_Set_Debug_Hook          0000000180069730 f   ftbase.obj
 0001:00068760       FT_Library_Version         0000000180069760 f   ftbase.obj
 0001:000687a0       FT_New_Library             00000001800697a0 f   ftbase.obj
 0001:00068890       FT_Reference_Library       0000000180069890 f   ftbase.obj
 0001:000688a0       ft_property_do             00000001800698a0 f   ftbase.obj
 0001:00068ac0       ft_module_get_service      0000000180069ac0 f   ftbase.obj
 0001:00068bb0       FT_Get_Module              0000000180069bb0 f   ftbase.obj
 0001:00068c40       FT_Set_Renderer            0000000180069c40 f   ftbase.obj
 0001:00068d60       FT_Lookup_Renderer         0000000180069d60 f   ftbase.obj
 0001:00068dc0       FT_Activate_Size           0000000180069dc0 f   ftbase.obj
 0001:00068e20       FT_Get_CMap_Format         0000000180069e20 f   ftbase.obj
 0001:00068e90       FT_Get_CMap_Language_ID    0000000180069e90 f   ftbase.obj
 0001:00068f00       FT_Sfnt_Table_Info         0000000180069f00 f   ftbase.obj
 0001:00068fb0       FT_Load_Sfnt_Table         0000000180069fb0 f   ftbase.obj
 0001:00069060       FT_Get_Sfnt_Table          000000018006a060 f   ftbase.obj
 0001:000690d0       FT_Get_Postscript_Name     000000018006a0d0 f   ftbase.obj
 0001:00069160       FT_Get_Glyph_Name          000000018006a160 f   ftbase.obj
 0001:00069230       FT_Get_Name_Index          000000018006a230 f   ftbase.obj
 0001:000692d0       FT_Get_Next_Char           000000018006a2d0 f   ftbase.obj
 0001:00069360       FT_Get_Char_Index          000000018006a360 f   ftbase.obj
 0001:00069440       FT_Get_Charmap_Index       000000018006a440 f   ftbase.obj
 0001:000694a0       FT_Set_Charmap             000000018006a4a0 f   ftbase.obj
 0001:00069570       FT_Get_Track_Kerning       000000018006a570 f   ftbase.obj
 0001:00069620       ft_synthesize_vertical_metrics 000000018006a620 f   ftbase.obj
 0001:00069690       FT_Match_Size              000000018006a690 f   ftbase.obj
 0001:00069830       FT_New_Size                000000018006a830 f   ftbase.obj
 0001:00069990       FT_Reference_Face          000000018006a990 f   ftbase.obj
 0001:00069e00       FT_Set_Transform           000000018006ae00 f   ftbase.obj
 0001:00069ea0       ft_glyphslot_alloc_bitmap  000000018006aea0 f   ftbase.obj
 0001:00069f20       ft_glyphslot_free_bitmap   000000018006af20 f   ftbase.obj
 0001:00069f80       FT_Stream_Free             000000018006af80 f   ftbase.obj
 0001:00069fd0       ft_validator_error         000000018006afd0 f   ftbase.obj
 0001:00069ff0       ft_validator_run           000000018006aff0 f   ftbase.obj
 0001:0006a000       ft_validator_init          000000018006b000 f   ftbase.obj
 0001:0006a020       ft_service_list_lookup     000000018006b020 f   ftbase.obj
 0001:0006a090       MD5_Init                   000000018006b090 f   ftbase.obj
 0001:0006aba0       FT_GlyphLoader_Rewind      000000018006bba0 f   ftbase.obj
 0001:0006ac10       FT_GlyphLoader_New         000000018006bc10 f   ftbase.obj
 0001:0006ac60       ft_corner_is_flat          000000018006bc60 f   ftbase.obj
 0001:0006acd0       ft_corner_orientation      000000018006bcd0 f   ftbase.obj
 0001:0006ad60       FT_SqrtFixed               000000018006bd60 f   ftbase.obj
 0001:0006adb0       FT_DivFix                  000000018006bdb0 f   ftbase.obj
 0001:0006ae10       FT_MulFix                  000000018006be10 f   ftbase.obj
 0001:0006ae50       FT_MulDiv_No_Round         000000018006be50 f   ftbase.obj
 0001:0006aeb0       FT_MulDiv                  000000018006beb0 f   ftbase.obj
 0001:0006af10       FT_MSB                     000000018006bf10 f   ftbase.obj
 0001:0006af60       FT_FloorFix                000000018006bf60 f   ftbase.obj
 0001:0006af80       FT_CeilFix                 000000018006bf80 f   ftbase.obj
 0001:0006afb0       FT_RoundFix                000000018006bfb0 f   ftbase.obj
 0001:0006b070       FT_List_Finalize           000000018006c070 f   ftbase.obj
 0001:0006b100       ft_mem_dup                 000000018006c100 f   ftbase.obj
 0001:0006b170       ft_mem_qrealloc            000000018006c170 f   ftbase.obj
 0001:0006b2a0       ft_mem_realloc             000000018006c2a0 f   ftbase.obj
 0001:0006b340       FT_Vector_Unit             000000018006c340 f   ftbase.obj
 0001:0006b390       FT_Tan                     000000018006c390 f   ftbase.obj
 0001:0006b3d0       FT_Cos                     000000018006c3d0 f   ftbase.obj
 0001:0006b480       FT_Stream_ReadFields       000000018006c480 f   ftbase.obj
 0001:0006b760       FT_Stream_Skip             000000018006c760 f   ftbase.obj
 0001:0006b7a0       FT_Get_Sfnt_Name           000000018006c7a0 f   ftbase.obj
 0001:0006bb60       FT_Raccess_Get_DataOffsets 000000018006cb60 f   ftbase.obj
 0001:0006be90       FT_Raccess_Get_HeaderInfo  000000018006ce90 f   ftbase.obj
 0001:0006c060       FT_Outline_Get_Orientation 000000018006d060 f   ftbase.obj
 0001:0006c2a0       FT_Vector_Transform        000000018006d2a0 f   ftbase.obj
 0001:0006c320       FT_Outline_Render          000000018006d320 f   ftbase.obj
 0001:0006c420       FT_Outline_Done            000000018006d420 f   ftbase.obj
 0001:0006c460       FT_Outline_New_Internal    000000018006d460 f   ftbase.obj
 0001:0006c630       FT_Get_TrueType_Engine_Type 000000018006d630 f   ftbase.obj
 0001:0006c680       FT_Property_Get            000000018006d680 f   ftbase.obj
 0001:0006c6a0       FT_Property_Set            000000018006d6a0 f   ftbase.obj
 0001:0006c6c0       FT_Get_Module_Interface    000000018006d6c0 f   ftbase.obj
 0001:0006c6f0       FT_Get_Renderer            000000018006d6f0 f   ftbase.obj
 0001:0006c770       FT_Face_GetCharsOfVariant  000000018006d770 f   ftbase.obj
 0001:0006c820       FT_Face_GetVariantsOfChar  000000018006d820 f   ftbase.obj
 0001:0006c8d0       FT_Face_GetVariantSelectors 000000018006d8d0 f   ftbase.obj
 0001:0006c910       FT_Face_GetCharVariantIsDefault 000000018006d910 f   ftbase.obj
 0001:0006c9f0       FT_Face_GetCharVariantIndex 000000018006d9f0 f   ftbase.obj
 0001:0006caf0       FT_Get_First_Char          000000018006daf0 f   ftbase.obj
 0001:0006cb70       FT_CMap_New                000000018006db70 f   ftbase.obj
 0001:0006ccb0       FT_CMap_Done               000000018006dcb0 f   ftbase.obj
 0001:0006cdc0       FT_Select_Charmap          000000018006ddc0 f   ftbase.obj
 0001:0006ce80       FT_Get_Kerning             000000018006de80 f   ftbase.obj
 0001:0006d050       FT_Done_Size               000000018006e050 f   ftbase.obj
 0001:0006d680       ft_glyphslot_set_bitmap    000000018006e680 f   ftbase.obj
 0001:0006d770       FT_Stream_New              000000018006e770 f   ftbase.obj
 0001:0006d8b0       MD5_Final                  000000018006e8b0 f   ftbase.obj
 0001:0006da10       MD5_Update                 000000018006ea10 f   ftbase.obj
 0001:0006dae0       FT_GlyphLoader_Prepare     000000018006eae0 f   ftbase.obj
 0001:0006db10       FT_GlyphLoader_CheckSubGlyphs 000000018006eb10 f   ftbase.obj
 0001:0006dba0       FT_GlyphLoader_CreateExtra 000000018006eba0 f   ftbase.obj
 0001:0006dc10       FT_GlyphLoader_Reset       000000018006ec10 f   ftbase.obj
 0001:0006dcb0       FT_Vector_Transform_Scaled 000000018006ecb0 f   ftbase.obj
 0001:0006dd50       FT_Matrix_Multiply_Scaled  000000018006ed50 f   ftbase.obj
 0001:0006de90       FT_Matrix_Invert           000000018006ee90 f   ftbase.obj
 0001:0006df60       FT_Matrix_Multiply         000000018006ef60 f   ftbase.obj
 0001:0006e050       ft_mem_strdup              000000018006f050 f   ftbase.obj
 0001:0006e0b0       FT_Vector_Polarize         000000018006f0b0 f   ftbase.obj
 0001:0006e130       FT_Vector_Length           000000018006f130 f   ftbase.obj
 0001:0006e1d0       FT_Vector_Rotate           000000018006f1d0 f   ftbase.obj
 0001:0006e290       FT_Atan2                   000000018006f290 f   ftbase.obj
 0001:0006e2d0       FT_Sin                     000000018006f2d0 f   ftbase.obj
 0001:0006e550       FT_Outline_EmboldenXY      000000018006f550 f   ftbase.obj
 0001:0006e960       FT_Outline_Embolden        000000018006f960 f   ftbase.obj
 0001:0006e970       FT_Outline_Transform       000000018006f970 f   ftbase.obj
 0001:0006e9d0       FT_Outline_Get_Bitmap      000000018006f9d0 f   ftbase.obj
 0001:0006ea40       FT_Outline_New             000000018006fa40 f   ftbase.obj
 0001:0006ea80       FT_Render_Glyph_Internal   000000018006fa80 f   ftbase.obj
 0001:0006eda0       FT_Request_Metrics         000000018006fda0 f   ftbase.obj
 0001:0006f130       FT_Select_Metrics          0000000180070130 f   ftbase.obj
 0001:0006f340       FT_Attach_Stream           0000000180070340 f   ftbase.obj
 0001:0006f430       FT_Attach_File             0000000180070430 f   ftbase.obj
 0001:0006f950       FT_GlyphLoader_Add         0000000180070950 f   ftbase.obj
 0001:0006f9c0       FT_GlyphLoader_CheckPoints 00000001800709c0 f   ftbase.obj
 0001:0006fba0       FT_GlyphLoader_Done        0000000180070ba0 f   ftbase.obj
 0001:0006fbe0       FT_Hypot                   0000000180070be0 f   ftbase.obj
 0001:0006fc10       FT_Vector_From_Polar       0000000180070c10 f   ftbase.obj
 0001:0006fc30       FT_Render_Glyph            0000000180070c30 f   ftbase.obj
 0001:0006fc80       FT_Select_Size             0000000180070c80 f   ftbase.obj
 0001:00070040       FT_Load_Glyph              0000000180071040 f   ftbase.obj
 0001:000704b0       FT_GlyphLoader_CopyPoints  00000001800714b0 f   ftbase.obj
 0001:000705a0       FT_Get_Advances            00000001800715a0 f   ftbase.obj
 0001:00070740       FT_Get_Advance             0000000180071740 f   ftbase.obj
 0001:00070830       FT_Request_Size            0000000180071830 f   ftbase.obj
 0001:00070c00       FT_Load_Char               0000000180071c00 f   ftbase.obj
 0001:00070c70       FT_Done_GlyphSlot          0000000180071c70 f   ftbase.obj
 0001:00070d10       FT_New_GlyphSlot           0000000180071d10 f   ftbase.obj
 0001:00070e20       FT_Set_Pixel_Sizes         0000000180071e20 f   ftbase.obj
 0001:00070e90       FT_Set_Char_Size           0000000180071e90 f   ftbase.obj
 0001:000713a0       FT_Done_Face               00000001800723a0 f   ftbase.obj
 0001:00071610       FT_Open_Face               0000000180072610 f   ftbase.obj
 0001:00071b20       FT_New_Memory_Face         0000000180072b20 f   ftbase.obj
 0001:00071b90       FT_New_Face                0000000180072b90 f   ftbase.obj
 0001:00071bf0       FT_Remove_Module           0000000180072bf0 f   ftbase.obj
 0001:00071cc0       FT_Add_Module              0000000180072cc0 f   ftbase.obj
 0001:00071f10       FT_Done_Library            0000000180072f10 f   ftbase.obj
 0001:000759f0       af_property_get_face_globals 00000001800769f0 f   autofit.obj
 0001:00078b50       af_property_get            0000000180079b50 f   autofit.obj
 0001:00078c60       af_property_set            0000000180079c60 f   autofit.obj
 0001:00079270       FT_Stream_OpenBzip2        000000018007a270 f   ftbzip2.obj
 0001:000792a0       FT_Add_Default_Modules     000000018007a2a0 f   ftinit.obj
 0001:00079310       FT_Done_FreeType           000000018007a310 f   ftinit.obj
 0001:00079340       FT_Init_FreeType           000000018007a340 f   ftinit.obj
 0001:000793d2       memcpy                     000000018007a3d2 f   MSVCRT:MSVCR90.dll
 0001:000793d8       memset                     000000018007a3d8 f   MSVCRT:MSVCR90.dll
 0001:000793de       memcmp                     000000018007a3de f   MSVCRT:MSVCR90.dll
 0001:000793e4       _setjmp                    000000018007a3e4 f   MSVCRT:MSVCR90.dll
 0001:00079400       _alloca_probe              000000018007a400     MSVCRT:chkstk.obj
 0001:00079400       __chkstk                   000000018007a400 f   MSVCRT:chkstk.obj
 0002:00000000       __imp_GetCurrentProcessId  000000018007b000     kernel32:KERNEL32.dll
 0002:00000008       __imp_GetCurrentThreadId   000000018007b008     kernel32:KERNEL32.dll
 0002:00000010       __imp_GetTickCount         000000018007b010     kernel32:KERNEL32.dll
 0002:00000018       __imp_QueryPerformanceCounter 000000018007b018     kernel32:KERNEL32.dll
 0002:00000020       __imp_DisableThreadLibraryCalls 000000018007b020     kernel32:KERNEL32.dll
 0002:00000028       __imp_Sleep                000000018007b028     kernel32:KERNEL32.dll
 0002:00000030       __imp_GetSystemTimeAsFileTime 000000018007b030     kernel32:KERNEL32.dll
 0002:00000038       \177KERNEL32_NULL_THUNK_DATA 000000018007b038     kernel32:KERNEL32.dll
 0002:00000040       __imp_exit                 000000018007b040     MSVCRT:MSVCR90.dll
 0002:00000048       __imp_free                 000000018007b048     MSVCRT:MSVCR90.dll
 0002:00000050       __imp_malloc               000000018007b050     MSVCRT:MSVCR90.dll
 0002:00000058       __imp_fopen                000000018007b058     MSVCRT:MSVCR90.dll
 0002:00000060       __imp_fread                000000018007b060     MSVCRT:MSVCR90.dll
 0002:00000068       __imp_ftell                000000018007b068     MSVCRT:MSVCR90.dll
 0002:00000070       __imp_realloc              000000018007b070     MSVCRT:MSVCR90.dll
 0002:00000078       __imp_fseek                000000018007b078     MSVCRT:MSVCR90.dll
 0002:00000080       __imp_fclose               000000018007b080     MSVCRT:MSVCR90.dll
 0002:00000088       __imp_sprintf              000000018007b088     MSVCRT:MSVCR90.dll
 0002:00000090       __imp_strncmp              000000018007b090     MSVCRT:MSVCR90.dll
 0002:00000098       __imp_atol                 000000018007b098     MSVCRT:MSVCR90.dll
 0002:000000a0       __imp_memchr               000000018007b0a0     MSVCRT:MSVCR90.dll
 0002:000000a8       __imp_strstr               000000018007b0a8     MSVCRT:MSVCR90.dll
 0002:000000b0       __imp_getenv               000000018007b0b0     MSVCRT:MSVCR90.dll
 0002:000000b8       __imp__malloc_crt          000000018007b0b8     MSVCRT:MSVCR90.dll
 0002:000000c0       __imp__initterm            000000018007b0c0     MSVCRT:MSVCR90.dll
 0002:000000c8       __imp__initterm_e          000000018007b0c8     MSVCRT:MSVCR90.dll
 0002:000000d0       __imp__encoded_null        000000018007b0d0     MSVCRT:MSVCR90.dll
 0002:000000d8       __imp__decode_pointer      000000018007b0d8     MSVCRT:MSVCR90.dll
 0002:000000e0       __imp__amsg_exit           000000018007b0e0     MSVCRT:MSVCR90.dll
 0002:000000e8       __imp___C_specific_handler 000000018007b0e8     MSVCRT:MSVCR90.dll
 0002:000000f0       __imp___CppXcptFilter      000000018007b0f0     MSVCRT:MSVCR90.dll
 0002:000000f8       __imp___clean_type_info_names_internal 000000018007b0f8     MSVCRT:MSVCR90.dll
 0002:00000100       __imp__unlock              000000018007b100     MSVCRT:MSVCR90.dll
 0002:00000108       __imp___dllonexit          000000018007b108     MSVCRT:MSVCR90.dll
 0002:00000110       __imp__lock                000000018007b110     MSVCRT:MSVCR90.dll
 0002:00000118       __imp__onexit              000000018007b118     MSVCRT:MSVCR90.dll
 0002:00000120       __imp_vfprintf             000000018007b120     MSVCRT:MSVCR90.dll
 0002:00000128       __imp___iob_func           000000018007b128     MSVCRT:MSVCR90.dll
 0002:00000130       __imp_longjmp              000000018007b130     MSVCRT:MSVCR90.dll
 0002:00000138       __imp_strrchr              000000018007b138     MSVCRT:MSVCR90.dll
 0002:00000140       __imp_strncpy              000000018007b140     MSVCRT:MSVCR90.dll
 0002:00000148       __imp_qsort                000000018007b148     MSVCRT:MSVCR90.dll
 0002:00000150       __imp__encode_pointer      000000018007b150     MSVCRT:MSVCR90.dll
 0002:00000158       __imp_memmove              000000018007b158     MSVCRT:MSVCR90.dll
 0002:00000160       __imp_memcpy               000000018007b160     MSVCRT:MSVCR90.dll
 0002:00000168       __imp_memset               000000018007b168     MSVCRT:MSVCR90.dll
 0002:00000170       __imp_memcmp               000000018007b170     MSVCRT:MSVCR90.dll
 0002:00000178       __imp__setjmp              000000018007b178     MSVCRT:MSVCR90.dll
 0002:00000180       \177MSVCR90_NULL_THUNK_DATA 000000018007b180     MSVCRT:MSVCR90.dll
 0002:00000188       __xc_a                     000000018007b188     MSVCRT:cinitexe.obj
 0002:00000190       __xc_z                     000000018007b190     MSVCRT:cinitexe.obj
 0002:00000198       __xi_a                     000000018007b198     MSVCRT:cinitexe.obj
 0002:000001a8       __xi_z                     000000018007b1a8     MSVCRT:cinitexe.obj
 0002:000001b0       _pRawDllMain               000000018007b1b0     MSVCRT:crtdll.obj
 0002:000001b0       _pDefaultRawDllMain        000000018007b1b0     MSVCRT:crtdll.obj
 0002:000001b8       ??_C@_0L@MNEBCNMP@autofitter?$AA@ 000000018007b1b8     autofit.obj
 0002:000001c8       ??_C@_0L@CIHKIEFA@properties?$AA@ 000000018007b1c8     autofit.obj
 0002:000001e0       winfnt_driver_class        000000018007b1e0     winfnt.obj
 0002:00001840       t42_driver_class           000000018007c840     type42.obj
 0002:00001d10       t1_driver_class            000000018007cd10     type1.obj
 0002:00002760       tt_driver_class            000000018007d760     truetype.obj
 0002:00002b40       tt_default_graphics_state  000000018007db40     truetype.obj
 0002:000035b0       ft_grays_raster            000000018007e5b0     smooth.obj
 0002:000035e0       ft_smooth_renderer_class   000000018007e5e0     smooth.obj
 0002:00003648       sfnt_module_class          000000018007e648     sfnt.obj
 0002:00003680       ft_smooth_lcd_renderer_class 000000018007e680     smooth.obj
 0002:00003700       ft_smooth_lcdv_renderer_class 000000018007e700     smooth.obj
 0002:00003af0       tt_cmap0_class_rec         000000018007eaf0     sfnt.obj
 0002:00003b70       tt_cmap2_class_rec         000000018007eb70     sfnt.obj
 0002:00003be0       tt_cmap4_class_rec         000000018007ebe0     sfnt.obj
 0002:00003c50       tt_cmap6_class_rec         000000018007ec50     sfnt.obj
 0002:00003cb8       psnames_module_class       000000018007ecb8     psnames.obj
 0002:00003cf0       tt_cmap8_class_rec         000000018007ecf0     sfnt.obj
 0002:00003d80       tt_cmap10_class_rec        000000018007ed80     sfnt.obj
 0002:00003e10       tt_cmap12_class_rec        000000018007ee10     sfnt.obj
 0002:00003e90       tt_cmap13_class_rec        000000018007ee90     sfnt.obj
 0002:00003ef8       pshinter_module_class      000000018007eef8     pshinter.obj
 0002:00003f30       tt_cmap14_class_rec        000000018007ef30     sfnt.obj
 0002:00003f98       t1_decoder_funcs           000000018007ef98     psaux.obj
 0002:000040b8       afm_parser_funcs           000000018007f0b8     psaux.obj
 0002:00004130       ft_standard_raster         000000018007f130     raster.obj
 0002:00004160       ft_raster1_renderer_class  000000018007f160     raster.obj
 0002:00004200       ft_raster5_renderer_class  000000018007f200     raster.obj
 0002:00004268       psaux_module_class         000000018007f268     psaux.obj
 0002:000135a8       ps_table_funcs             000000018008e5a8     psaux.obj
 0002:000135c8       pfr_metrics_service_rec    000000018008e5c8     pfr.obj
 0002:000135e0       ps_parser_funcs            000000018008e5e0     psaux.obj
 0002:00013660       t1_builder_funcs           000000018008e660     psaux.obj
 0002:000136a0       t1_cmap_standard_class_rec 000000018008e6a0     psaux.obj
 0002:000136f0       t1_cmap_expert_class_rec   000000018008e6f0     psaux.obj
 0002:00013740       t1_cmap_custom_class_rec   000000018008e740     psaux.obj
 0002:00013790       t1_cmap_unicode_class_rec  000000018008e790     psaux.obj
 0002:000137e0       t1_cmap_classes            000000018008e7e0     psaux.obj
 0002:00013b40       pfr_driver_class           000000018008eb40     pfr.obj
 0002:00013cd0       pfr_cmap_class_rec         000000018008ecd0     pfr.obj
 0002:00013d50       pcf_driver_class           000000018008ed50     pcf.obj
 0002:00013f40       pcf_cmap_class             000000018008ef40     pcf.obj
 0002:000140c0       t1cid_driver_class         000000018008f0c0     type1cid.obj
 0002:00014b90       cff_driver_class           000000018008fb90     cff.obj
 0002:00015d58       ftc_size_list_class        0000000180090d58     ftcache.obj
 0002:00015d80       cff_cmap_encoding_class_rec 0000000180090d80     cff.obj
 0002:00015dd0       cff_cmap_unicode_class_rec 0000000180090dd0     cff.obj
 0002:00015e60       ftc_face_list_class        0000000180090e60     ftcache.obj
 0002:00015e88       ftc_basic_sbit_family_class 0000000180090e88     ftcache.obj
 0002:00015ec0       ftc_cmap_cache_class       0000000180090ec0     ftcache.obj
 0002:00015f00       ftc_basic_image_family_class 0000000180090f00     ftcache.obj
 0002:00015f30       ftc_basic_image_cache_class 0000000180090f30     ftcache.obj
 0002:00015f80       ftc_basic_sbit_cache_class 0000000180090f80     ftcache.obj
 0002:00015fc8       ft_bitmap_glyph_class      0000000180090fc8     ftglyph.obj
 0002:00016000       bdf_driver_class           0000000180091000     bdf.obj
 0002:000160b8       ft_outline_glyph_class     00000001800910b8     ftglyph.obj
 0002:000169c0       bdf_cmap_class             00000001800919c0     bdf.obj
 0002:00016b10       ft_raccess_guess_table     0000000180091b10     ftbase.obj
 0002:00016c20       af_dummy_script_class      0000000180091c20     autofit.obj
 0002:00016c68       autofit_module_class       0000000180091c68     autofit.obj
 0002:00016d90       af_latin_script_class      0000000180091d90     autofit.obj
 0002:00016ef0       af_cjk_script_class        0000000180091ef0     autofit.obj
 0002:00016f80       af_indic_script_class      0000000180091f80     autofit.obj
 0002:00017450       af_autofitter_interface    0000000180092450     autofit.obj
 0002:00017470       ??_C@_0EF@PDOBOAFB@m?3?2svn?2?4private?2mini?2umodsys?2dep@ 0000000180092470     autofit.obj
 0002:000174b8       ??_C@_0CI@LNKHNHDB@assertion?5failed?5on?5line?5?$CFd?5of?5f@ 00000001800924b8     autofit.obj
 0002:000174e0       ??_C@_0EE@OPBHFCIO@m?3?2svn?2?4private?2mini?2umodsys?2dep@ 00000001800924e0     autofit.obj
 0002:00017528       ??_C@_0DK@LEPJBMCE@standard?5widths?5computation?6?$DN?$DN?$DN?$DN@ 0000000180092528     autofit.obj
 0002:00017568       ??_C@_0CL@PAJPHIA@standard?5character?3?50x?$CFX?5?$CIglyph?5@ 0000000180092568     autofit.obj
 0002:00017598       ??_C@_0L@LMMKHPOB@horizontal?$AA@ 0000000180092598     autofit.obj
 0002:000175a8       ??_C@_08NEOMLJGJ@vertical?$AA@ 00000001800925a8     autofit.obj
 0002:000175b8       ??_C@_0M@JLNCCLMF@?$CFs?5widths?3?6?$AA@ 00000001800925b8     autofit.obj
 0002:000175c8       ??_C@_0BA@KFDNFODA@?5?5?$CFd?5?$CIstandard?$CJ?$AA@ 00000001800925c8     autofit.obj
 0002:000175d8       ??_C@_03EBJOKFHF@?5?$CFd?$AA@ 00000001800925d8     autofit.obj
 0002:000175dc       ??_C@_01EEMJAFIK@?6?$AA@   00000001800925dc     autofit.obj
 0002:000175e0       ??_C@_0DA@OOEEMNDP@blue?5zones?5computation?6?$DN?$DN?$DN?$DN?$DN?$DN?$DN?$DN?$DN@ 00000001800925e0     autofit.obj
 0002:00017610       ??_C@_0P@OCIOIKAD@blue?5zone?5?$CFd?3?6?$AA@ 0000000180092610     autofit.obj
 0002:00017620       ??_C@_09MLMMMFGJ@?5?5?$CFc?5?5?$CFld?$AA@ 0000000180092620     autofit.obj
 0002:0001762c       ??_C@_05MIMAKCN@round?$AA@ 000000018009262c     autofit.obj
 0002:00017634       ??_C@_04FMBJNPFB@flat?$AA@ 0000000180092634     autofit.obj
 0002:0001763c       ??_C@_06PLAJKEKF@?5?$CI?$CFs?$CJ?6?$AA@ 000000018009263c     autofit.obj
 0002:00017648       ??_C@_08LDNFBIDD@?5?5empty?6?$AA@ 0000000180092648     autofit.obj
 0002:00017658       ??_C@_0DJ@NLNICGBP@?5?5?$FLovershoot?5smaller?5than?5refere@ 0000000180092658     autofit.obj
 0002:00017698       ??_C@_0CP@JHJINMEL@?5?5?5?5?9?$DO?5reference?5?$DN?5?$CFld?6?5?5?5?5?5?5?5ov@ 0000000180092698     autofit.obj
 0002:000176d0       ??_C@_0EF@LJFILMHI@?5?5LINK?3?5edge?5?$CFd?5?$CIopos?$DN?$CF?42f?$CJ?5link@ 00000001800926d0     autofit.obj
 0002:00017718       ??_C@_0BB@PNNPEEIA@?$CFs?5edge?5hinting?6?$AA@ 0000000180092718     autofit.obj
 0002:00017730       ??_C@_0EP@IPINFLPN@?5?5BLUE_ANCHOR?3?5edge?5?$CFd?5?$CIopos?$DN?$CF?42@ 0000000180092730     autofit.obj
 0002:00017780       ??_C@_0DH@JELFDAPE@?5?5BLUE?3?5edge?5?$CFd?5?$CIopos?$DN?$CF?42f?$CJ?5snap@ 0000000180092780     autofit.obj
 0002:000177b8       ??_C@_0CA@FCEDGMBE@?5?5ASSERTION?5FAILED?5for?5edge?5?$CFd?6?$AA@ 00000001800927b8     autofit.obj
 0002:000177e0       ??_C@_0EL@FPOPNBHO@?5?5ANCHOR?3?5edge?5?$CFd?5?$CIopos?$DN?$CF?42f?$CJ?5an@ 00000001800927e0     autofit.obj
 0002:00017830       ??_C@_0CM@NJDIDKKL@?5?5ADJUST?3?5edge?5?$CFd?5?$CIpos?$DN?$CF?42f?$CJ?5mov@ 0000000180092830     autofit.obj
 0002:00017860       ??_C@_0EP@ENJHGNKO@?5?5STEM?3?5edge?5?$CFd?5?$CIopos?$DN?$CF?42f?$CJ?5link@ 0000000180092860     autofit.obj
 0002:000178b0       ??_C@_0CL@PILJPGPJ@?5?5BOUND?3?5edge?5?$CFd?5?$CIpos?$DN?$CF?42f?$CJ?5move@ 00000001800928b0     autofit.obj
 0002:000178e0       ??_C@_0EG@IKDPLHHC@?5?5SERIF?3?5edge?5?$CFd?5?$CIopos?$DN?$CF?42f?$CJ?5ser@ 00000001800928e0     autofit.obj
 0002:00017928       ??_C@_0DF@JLBLFNAN@?5?5SERIF_ANCHOR?3?5edge?5?$CFd?5?$CIopos?$DN?$CF?4@ 0000000180092928     autofit.obj
 0002:00017960       ??_C@_0EI@CLPFPFJH@?5?5SERIF_LINK1?3?5edge?5?$CFd?5?$CIopos?$DN?$CF?42@ 0000000180092960     autofit.obj
 0002:000179a8       ??_C@_0DE@BMCAJCJH@?5?5SERIF_LINK2?3?5edge?5?$CFd?5?$CIopos?$DN?$CF?42@ 00000001800929a8     autofit.obj
 0002:000179e0       ??_C@_09DOOILONG@?5?5?$CInone?$CJ?6?$AA@ 00000001800929e0     autofit.obj
 0002:000179ec       ??_C@_03FGFCOCMD@top?$AA@  00000001800929ec     autofit.obj
 0002:000179f0       ??_C@_06PMMPCIPB@bottom?$AA@ 00000001800929f0     autofit.obj
 0002:000179f8       ??_C@_04GOOOJOPP@left?$AA@ 00000001800929f8     autofit.obj
 0002:00017a00       ??_C@_05DHJDAOHK@right?$AA@ 0000000180092a00     autofit.obj
 0002:00017a08       ??_C@_06MHLBHCFD@filled?$AA@ 0000000180092a08     autofit.obj
 0002:00017a10       ??_C@_08MDIBINJA@unfilled?$AA@ 0000000180092a10     autofit.obj
 0002:00017a20       ??_C@_0BM@HCCELELM@cjk?5blue?5zones?5computation?6?$AA@ 0000000180092a20     autofit.obj
 0002:00017a40       ??_C@_0DC@FBKHDEOD@?9?9?9?9?9?9?9?9?9?9?9?9?9?9?9?9?9?9?9?9?9?9?9?9?9?9?9?9?9?9?9?9@ 0000000180092a40     autofit.obj
 0002:00017a78       ??_C@_0BA@FPDEOEBM@cjk?5blue?5?$CFs?1?$CFs?6?$AA@ 0000000180092a78     autofit.obj
 0002:00017a88       ??_C@_0L@FCIJFPPG@?5?5U?$CL?$CFlX?4?4?4?$AA@ 0000000180092a88     autofit.obj
 0002:00017a98       ??_C@_0N@NBMNCMBF@unavailable?6?$AA@ 0000000180092a98     autofit.obj
 0002:00017aa8       ??_C@_0M@DCGLHJHN@no?5outline?6?$AA@ 0000000180092aa8     autofit.obj
 0002:00017ab8       ??_C@_0P@GFEHJDLP@best_pos?$DN?$CF5ld?6?$AA@ 0000000180092ab8     autofit.obj
 0002:00017ac8       ??_C@_06LDDHDDBG@empty?6?$AA@ 0000000180092ac8     autofit.obj
 0002:00017ad0       ??_C@_0CK@MEDHDPHI@?9?9?5cjk?5?$CFs?5bluezone?5ref?5?$DN?5?$CFld?5sho@ 0000000180092ad0     autofit.obj
 0002:00017b00       ??_C@_09PKPCEPOK@delta?3?5?$CFd?$AA@ 0000000180092b00     autofit.obj
 0002:00017b0c       ??_C@_04FIJBGEEN@?1?$CFd?6?$AA@ 0000000180092b0c     autofit.obj
 0002:00017b20       ??_C@_0FI@KEHJLDFB@?$DO?$DO?5active?5cjk?5blue?5zone?5?$CFc?$CFd?$FL?$CFld@ 0000000180092b20     autofit.obj
 0002:00017b78       ??_C@_0CB@MECMNKLE@?$DN?$DN?$DN?$DN?5cjk?5hinting?5?$CFs?5edges?5?$DN?$DN?$DN?$DN?$DN?6@ 0000000180092b78     autofit.obj
 0002:00017ba0       ??_C@_0EA@EFLJIJKK@CJKBLUE?3?5edge?5?$CFd?5?$EA?$CFd?5?$CIopos?$DN?$CF?42f?$CJ@ 0000000180092ba0     autofit.obj
 0002:00017be0       ??_C@_0BO@HGHDMGLP@ASSERTION?5FAILED?5for?5edge?5?$CFd?6?$AA@ 0000000180092be0     autofit.obj
 0002:00017c00       ??_C@_0EF@DMBLGHED@m?3?2svn?2?4private?2mini?2umodsys?2dep@ 0000000180092c00     autofit.obj
 0002:00017c50       ??_C@_0EF@HBAMIAMO@m?3?2svn?2?4private?2mini?2umodsys?2dep@ 0000000180092c50     autofit.obj
 0002:00017c98       ??_C@_0BA@OKOILHEH@fallback?9script?$AA@ 0000000180092c98     autofit.obj
 0002:00017ca8       ??_C@_0BC@OOHNGIJD@increase?9x?9height?$AA@ 0000000180092ca8     autofit.obj
 0002:00017cc0       ??_C@_0CI@BAHKCIED@af_property_set?3?5missing?5propert@ 0000000180092cc0     autofit.obj
 0002:00017ce8       ??_C@_0BE@CELKBFDM@glyph?9to?9script?9map?$AA@ 0000000180092ce8     autofit.obj
 0002:00017d00       ??_C@_0CI@NPCANOH@af_property_get?3?5missing?5propert@ 0000000180092d00     autofit.obj
 0002:00017d30       ??_C@_0EC@CAMDBIJG@m?3?2svn?2?4private?2mini?2umodsys?2dep@ 0000000180092d30     ftbase.obj
 0002:00017d80       ??_C@_0EA@MKJLHCHF@m?3?2svn?2?4private?2mini?2umodsys?2dep@ 0000000180092d80     ftbase.obj
 0002:00017dc0       ??_C@_0EC@NAGPILOP@m?3?2svn?2?4private?2mini?2umodsys?2dep@ 0000000180092dc0     ftbase.obj
 0002:00017e10       ??_C@_0EA@FEPGMIJA@m?3?2svn?2?4private?2mini?2umodsys?2dep@ 0000000180092e10     ftbase.obj
 0002:00017e50       ??_C@_0CM@EJMEHHKF@FT_New_GlyphSlot?3?5Creating?5new?5s@ 0000000180092e50     ftbase.obj
 0002:00017e80       ??_C@_0BN@GHDAFOEM@FT_New_GlyphSlot?3?5Return?5?$CFd?6?$AA@ 0000000180092e80     ftbase.obj
 0002:00017ea0       ??_C@_0BB@IOAIMLPN@?5?5x?5advance?3?5?$CFd?6?$AA@ 0000000180092ea0     ftbase.obj
 0002:00017eb8       ??_C@_0BB@DHPDBABF@?5?5y?5advance?3?5?$CFd?6?$AA@ 0000000180092eb8     ftbase.obj
 0002:00017ed0       ??_C@_0BI@JDGPFKEE@?5?5linear?5x?5advance?3?5?$CFd?6?$AA@ 0000000180092ed0     ftbase.obj
 0002:00017ee8       ??_C@_0BI@CKJEIBKM@?5?5linear?5y?5advance?3?5?$CFd?6?$AA@ 0000000180092ee8     ftbase.obj
 0002:00017f00       ??_C@_03LBLPCGAC@cid?$AA@  0000000180092f00     ftbase.obj
 0002:00017f04       ??_C@_05MJDCDNNA@type1?$AA@ 0000000180092f04     ftbase.obj
 0002:00017f10       ??_C@_0DO@FFNFKKBL@POST?5fragment?$FL?$CFd?$FN?3?5offsets?$DN0x?$CF08@ 0000000180092f10     ftbase.obj
 0002:00017f50       ??_C@_04LLEFIKCJ@OTTO?$AA@ 0000000180092f50     ftbase.obj
 0002:00017f58       ??_C@_03IINFADLN@cff?$AA@  0000000180092f58     ftbase.obj
 0002:00017f60       ??_C@_08OKLLNAKL@truetype?$AA@ 0000000180092f60     ftbase.obj
 0002:00017f70       ??_C@_0FA@JCLMAEBF@Skip?5rule?5?$CFd?3?5darwin?5vfs?5resourc@ 0000000180092f70     ftbase.obj
 0002:00017fc0       ??_C@_0CD@FFDDFHGN@Error?$FL?$CFd?$FN?5has?5occurred?5in?5rule?5?$CF@ 0000000180092fc0     ftbase.obj
 0002:00017fe8       ??_C@_0CA@PFAALNLK@Try?5rule?5?$CFd?3?5?$CFs?5?$CIoffset?$DN?$CFd?$CJ?5?4?4?4?$AA@ 0000000180092fe8     ftbase.obj
 0002:00018008       ??_C@_07GLGIIGGC@failed?6?$AA@ 0000000180093008     ftbase.obj
 0002:00018010       ??_C@_06ODACHPEO@failed?$AA@ 0000000180093010     ftbase.obj
 0002:00018018       ??_C@_0L@LHCHIOPJ@successful?$AA@ 0000000180093018     ftbase.obj
 0002:00018024       ??_C@_03OFAPEBGM@?$CFs?6?$AA@ 0000000180093024     ftbase.obj
 0002:00018028       ??_C@_0BF@BBOLNHBA@Try?5as?5dfont?3?5?$CFs?5?4?4?4?$AA@ 0000000180093028     ftbase.obj
 0002:00018040       ??_C@_0CP@IBOIBMPE@FT_Open_Face?3?5New?5face?5object?0?5a@ 0000000180093040     ftbase.obj
 0002:00018070       ??_C@_0CD@CHCDOGML@FT_Open_Face?3?5Creating?5glyph?5slo@ 0000000180093070     ftbase.obj
 0002:00018098       ??_C@_0CE@BJBAHAEB@FT_Open_Face?3?5Creating?5size?5obje@ 0000000180093098     ftbase.obj
 0002:000180c0       ??_C@_0BJ@MEHPJOJJ@FT_Open_Face?3?5Return?5?$CFd?6?$AA@ 00000001800930c0     ftbase.obj
 0002:000180e0       ??_C@_0CJ@DDDPHPIG@FT_Match_Size?3?5bitmap?5strike?5?$CFd?5@ 00000001800930e0     ftbase.obj
 0002:00018110       ??_C@_0BE@MLDMBGGF@FT_Select_Metrics?3?6?$AA@ 0000000180093110     ftbase.obj
 0002:00018128       ??_C@_0BE@ELENCOCM@?5?5x?5scale?3?5?$CFd?5?$CI?$CFf?$CJ?6?$AA@ 0000000180093128     ftbase.obj
 0002:00018140       ??_C@_0BE@KEBPJIMN@?5?5y?5scale?3?5?$CFd?5?$CI?$CFf?$CJ?6?$AA@ 0000000180093140     ftbase.obj
 0002:00018158       ??_C@_0BA@IMDJILLD@?5?5ascender?3?5?$CFf?6?$AA@ 0000000180093158     ftbase.obj
 0002:00018168       ??_C@_0BB@NOOFJCKE@?5?5descender?3?5?$CFf?6?$AA@ 0000000180093168     ftbase.obj
 0002:00018180       ??_C@_0O@BECDBCKD@?5?5height?3?5?$CFf?6?$AA@ 0000000180093180     ftbase.obj
 0002:00018190       ??_C@_0BD@CKEHEIOI@?5?5max?5advance?3?5?$CFf?6?$AA@ 0000000180093190     ftbase.obj
 0002:000181a8       ??_C@_0O@MGPJNHMK@?5?5x?5ppem?3?5?$CFd?6?$AA@ 00000001800931a8     ftbase.obj
 0002:000181b8       ??_C@_0O@FNFMJLKF@?5?5y?5ppem?3?5?$CFd?6?$AA@ 00000001800931b8     ftbase.obj
 0002:000181c8       ??_C@_0BF@NOKCMJFG@FT_Request_Metrics?3?6?$AA@ 00000001800931c8     ftbase.obj
 0002:000181e0       ??_C@_0CP@GKDGDPHD@FT_Select_Size?5?$CIfont?5driver?8s?5?$GAs@ 00000001800931e0     ftbase.obj
 0002:00018210       ??_C@_0DB@EGLCAILO@FT_Request_Size?5?$CIfont?5driver?8s?5?$GA@ 0000000180093210     ftbase.obj
 0002:00018248       ??_C@_07IAOBDJBM@kerning?$AA@ 0000000180093248     ftbase.obj
 0002:00018250       ??_C@_0CG@CKMEHECH@FT_Get_Char_Index?3?5too?5large?5cha@ 0000000180093250     ftbase.obj
 0002:00018278       ??_C@_0BE@MNGPDEEO@?50x?$CFx?5is?5truncated?6?$AA@ 0000000180093278     ftbase.obj
 0002:00018290       ??_C@_0CN@FFPLHPNK@FT_Get_Char_Index?3?5too?5large?5var@ 0000000180093290     ftbase.obj
 0002:000182c0       ??_C@_0L@POCJHJKN@glyph?9dict?$AA@ 00000001800932c0     ftbase.obj
 0002:000182d0       ??_C@_0BF@GDPJODJF@postscript?9font?9name?$AA@ 00000001800932d0     ftbase.obj
 0002:000182e8       ??_C@_0L@MBBJBANC@sfnt?9table?$AA@ 00000001800932e8     ftbase.obj
 0002:000182f8       ??_C@_08OHCKCLF@tt?9cmaps?$AA@ 00000001800932f8     ftbase.obj
 0002:00018308       ??_C@_0CC@GCGCHKFH@MD5?5checksum?5for?5?$CFdx?$CFd?5bitmap?3?6?5@ 0000000180093308     ftbase.obj
 0002:0001832c       ??_C@_04JFFKLGJF@?$CF02X?$AA@ 000000018009332c     ftbase.obj
 0002:00018338       ??_C@_0BA@EFHAKNKK@FT_Property_Set?$AA@ 0000000180093338     ftbase.obj
 0002:00018348       ??_C@_0BA@JKALGNGC@FT_Property_Get?$AA@ 0000000180093348     ftbase.obj
 0002:00018358       ??_C@_0BM@PCLLPLNH@?$CFs?3?5can?8t?5find?5module?5?$GA?$CFs?8?6?$AA@ 0000000180093358     ftbase.obj
 0002:00018378       ??_C@_0CM@OCOCNMJK@?$CFs?3?5module?5?$GA?$CFs?8?5doesn?8t?5support?5@ 0000000180093378     ftbase.obj
 0002:000183a8       ??_C@_0CP@KPKEMLC@?$CFs?3?5property?5service?5of?5module?5?$GA@ 00000001800933a8     ftbase.obj
 0002:000183d8       ??_C@_06GNKBHGHD@type42?$AA@ 00000001800933d8     ftbase.obj
 0002:000183e0       ??_C@_0CF@CMLHDJPN@FT_Done_Library?3?5close?5faces?5for@ 00000001800933e0     ftbase.obj
 0002:00018408       ??_C@_0CM@IAHJFBLJ@FT_Done_Library?3?5failed?5to?5free?5@ 0000000180093408     ftbase.obj
 0002:00018438       ??_C@_0BA@DHLLBDBB@truetype?9engine?$AA@ 0000000180093438     ftbase.obj
 0002:00018450       ??_C@_0EB@CEMINKLO@m?3?2svn?2?4private?2mini?2umodsys?2dep@ 0000000180093450     ftbase.obj
 0002:00018498       ??_C@_0CC@FHPGBHIE@FT_Outline_Decompose?3?5Outline?5?$CFd@ 0000000180093498     ftbase.obj
 0002:000184c0       ??_C@_0BI@GMIFLDHO@?5?5move?5to?5?$CI?$CF?42f?0?5?$CF?42f?$CJ?6?$AA@ 00000001800934c0     ftbase.obj
 0002:000184d8       ??_C@_0BI@PAINKPOP@?5?5line?5to?5?$CI?$CF?42f?0?5?$CF?42f?$CJ?6?$AA@ 00000001800934d8     ftbase.obj
 0002:000184f0       ??_C@_0DD@EHHABHHE@?5?5conic?5to?5?$CI?$CF?42f?0?5?$CF?42f?$CJ?5with?5con@ 00000001800934f0     ftbase.obj
 0002:00018530       ??_C@_0EF@NIEBKFCN@?5?5cubic?5to?5?$CI?$CF?42f?0?5?$CF?42f?$CJ?5with?5con@ 0000000180093530     ftbase.obj
 0002:00018578       ??_C@_0BM@HMGKFOOF@FT_Outline_Decompose?3?5Done?6?$AA@ 0000000180093578     ftbase.obj
 0002:00018598       ??_C@_0CA@HIGGMNGK@FT_Outline_Decompose?3?5Error?5?$CFd?6?$AA@ 0000000180093598     ftbase.obj
 0002:000185c0       ??_C@_0EB@BEFPFDJO@m?3?2svn?2?4private?2mini?2umodsys?2dep@ 00000001800935c0     ftbase.obj
 0002:00018608       ??_C@_0BJ@PBBBNBMA@Resource?5tags?3?5?$CFc?$CFc?$CFc?$CFc?6?$AA@ 0000000180093608     ftbase.obj
 0002:00018624       ??_C@_02PEOAMJM@?4_?$AA@   0000000180093624     ftbase.obj
 0002:00018628       ??_C@_05FLPKNBDI@?1rsrc?$AA@ 0000000180093628     ftbase.obj
 0002:00018630       ??_C@_0BC@OBHLCHMP@?1?4?4namedfork?1rsrc?$AA@ 0000000180093630     ftbase.obj
 0002:00018648       ??_C@_0O@FDMCFKOC@resource?4frk?1?$AA@ 0000000180093648     ftbase.obj
 0002:00018658       ??_C@_0L@FGJFJHGF@?4resource?1?$AA@ 0000000180093658     ftbase.obj
 0002:00018664       ??_C@_01FGNFDNOH@?$CF?$AA@ 0000000180093664     ftbase.obj
 0002:00018668       ??_C@_0O@KCDCBAF@?4AppleDouble?1?$AA@ 0000000180093668     ftbase.obj
 0002:00018678       ??_C@_0DI@JDEEOCCA@FT_Stream_Seek?3?5invalid?5i?1o?$DL?5pos@ 0000000180093678     ftbase.obj
 0002:000186b0       ??_C@_0EC@NDBPMFKN@m?3?2svn?2?4private?2mini?2umodsys?2dep@ 00000001800936b0     ftbase.obj
 0002:000186f8       ??_C@_0DK@PCCEOJMP@FT_Stream_ReadAt?3?5invalid?5i?1o?$DL?5p@ 00000001800936f8     ftbase.obj
 0002:00018738       ??_C@_0DN@KPBHPHNM@FT_Stream_ReadAt?3?5invalid?5read?$DL?5@ 0000000180093738     ftbase.obj
 0002:00018780       ??_C@_0EG@GDLBILGJ@FT_Stream_EnterFrame?3?5frame?5size@ 0000000180093780     ftbase.obj
 0002:000187d0       ??_C@_0EB@PPLLFEKJ@FT_Stream_EnterFrame?3?5invalid?5re@ 00000001800937d0     ftbase.obj
 0002:00018820       ??_C@_0EL@CLEGLINF@FT_Stream_EnterFrame?3?5invalid?5i?1@ 0000000180093820     ftbase.obj
 0002:00018870       ??_C@_0DM@FACLPPPE@FT_Stream_ReadChar?3?5invalid?5i?1o?$DL@ 0000000180093870     ftbase.obj
 0002:000188b0       ??_C@_0DO@MOMJLNNP@FT_Stream_ReadUShort?3?5invalid?5i?1@ 00000001800938b0     ftbase.obj
 0002:000188f0       ??_C@_0EA@CJCFGHBO@FT_Stream_ReadUShortLE?3?5invalid?5@ 00000001800938f0     ftbase.obj
 0002:00018930       ??_C@_0DP@ECOCMLKO@FT_Stream_ReadUOffset?3?5invalid?5i@ 0000000180093930     ftbase.obj
 0002:00018970       ??_C@_0DN@NOIDKAGM@FT_Stream_ReadULong?3?5invalid?5i?1o@ 0000000180093970     ftbase.obj
 0002:000189b0       ??_C@_0DP@IFMLOGPG@FT_Stream_ReadULongLE?3?5invalid?5i@ 00000001800939b0     ftbase.obj
 0002:000189f0       ??_C@_0EA@NANNHIP@m?3?2svn?2?4private?2mini?2umodsys?2dep@ 00000001800939f0     ftbase.obj
 0002:00018a30       ??_C@_06CBNNOCOG@afwarp?$AA@ 0000000180093a30     ftdebug.obj
 0002:00018a38       ??_C@_08COJBGBDJ@aflatin2?$AA@ 0000000180093a38     ftdebug.obj
 0002:00018a48       ??_C@_07ONLLOJPN@aflatin?$AA@ 0000000180093a48     ftdebug.obj
 0002:00018a50       ??_C@_05HBDNKEDJ@afcjk?$AA@ 0000000180093a50     ftdebug.obj
 0002:00018a58       ??_C@_07JCGMALOO@afhints?$AA@ 0000000180093a58     ftdebug.obj
 0002:00018a60       ??_C@_08DOLNGLKF@afmodule?$AA@ 0000000180093a60     ftdebug.obj
 0002:00018a70       ??_C@_07GDECIBGG@gxvlcar?$AA@ 0000000180093a70     ftdebug.obj
 0002:00018a78       ??_C@_07BGFPIEJH@gxvprop?$AA@ 0000000180093a78     ftdebug.obj
 0002:00018a80       ??_C@_07EAHHMEMH@gxvtrak?$AA@ 0000000180093a80     ftdebug.obj
 0002:00018a88       ??_C@_07HIJAAIEJ@gxvopbd?$AA@ 0000000180093a88     ftdebug.obj
 0002:00018a90       ??_C@_07MBOECNO@gxvkern?$AA@ 0000000180093a90     ftdebug.obj
 0002:00018a98       ??_C@_07NAIIKMBN@gxvjust?$AA@ 0000000180093a98     ftdebug.obj
 0002:00018aa0       ??_C@_07GCMEKGJG@gxvbsln?$AA@ 0000000180093aa0     ftdebug.obj
 0002:00018aa8       ??_C@_07PAHLOCMN@gxvmorx?$AA@ 0000000180093aa8     ftdebug.obj
 0002:00018ab0       ??_C@_07FMMOKNMB@gxvmort?$AA@ 0000000180093ab0     ftdebug.obj
 0002:00018ab8       ??_C@_07FKMDGBJN@gxvfeat?$AA@ 0000000180093ab8     ftdebug.obj
 0002:00018ac0       ??_C@_09FNONMMLL@gxvcommon?$AA@ 0000000180093ac0     ftdebug.obj
 0002:00018ad0       ??_C@_09HENNMNHF@gxvmodule?$AA@ 0000000180093ad0     ftdebug.obj
 0002:00018ae0       ??_C@_07EKKOIKNM@otvmath?$AA@ 0000000180093ae0     ftdebug.obj
 0002:00018ae8       ??_C@_07JMBNOEFG@otvjstf?$AA@ 0000000180093ae8     ftdebug.obj
 0002:00018af0       ??_C@_07BCDIPNE@otvgsub?$AA@ 0000000180093af0     ftdebug.obj
 0002:00018af8       ??_C@_07FBPOCFIM@otvgpos?$AA@ 0000000180093af8     ftdebug.obj
 0002:00018b00       ??_C@_07LEKHIGIG@otvgdef?$AA@ 0000000180093b00     ftdebug.obj
 0002:00018b08       ??_C@_07HIBPHFMF@otvbase?$AA@ 0000000180093b08     ftdebug.obj
 0002:00018b10       ??_C@_09KIAOHPFL@otvcommon?$AA@ 0000000180093b10     ftdebug.obj
 0002:00018b20       ??_C@_09IBDOHOJF@otvmodule?$AA@ 0000000180093b20     ftdebug.obj
 0002:00018b2c       ??_C@_03OENHCMJJ@pfr?$AA@  0000000180093b2c     ftdebug.obj
 0002:00018b30       ??_C@_06JKJAADNN@bdflib?$AA@ 0000000180093b30     ftdebug.obj
 0002:00018b38       ??_C@_09GOBMAGKP@bdfdriver?$AA@ 0000000180093b38     ftdebug.obj
 0002:00018b48       ??_C@_07JFBALABD@pcfread?$AA@ 0000000180093b48     ftdebug.obj
 0002:00018b50       ??_C@_09CJCGDKLD@pcfdriver?$AA@ 0000000180093b50     ftdebug.obj
 0002:00018b5c       ??_C@_06FFPCKLJN@winfnt?$AA@ 0000000180093b5c     ftdebug.obj
 0002:00018b68       ??_C@_08OMDOPHJG@cidparse?$AA@ 0000000180093b68     ftdebug.obj
 0002:00018b78       ??_C@_07ICONHIGD@cidobjs?$AA@ 0000000180093b78     ftdebug.obj
 0002:00018b80       ??_C@_07DOPBLBBJ@cidload?$AA@ 0000000180093b80     ftdebug.obj
 0002:00018b88       ??_C@_08KOLHMIBJ@cidgload?$AA@ 0000000180093b88     ftdebug.obj
 0002:00018b98       ??_C@_09DCLEINLL@ciddriver?$AA@ 0000000180093b98     ftdebug.obj
 0002:00018ba4       ??_C@_06IEBHMLPI@cidafm?$AA@ 0000000180093ba4     ftdebug.obj
 0002:00018bac       ??_C@_03PEPEAOBF@t42?$AA@  0000000180093bac     ftdebug.obj
 0002:00018bb0       ??_C@_09JKAEGHDO@cf2interp?$AA@ 0000000180093bb0     ftdebug.obj
 0002:00018bc0       ??_C@_08KJPGLJPF@cf2hints?$AA@ 0000000180093bc0     ftdebug.obj
 0002:00018bd0       ??_C@_08FKHBAMDK@cf2blues?$AA@ 0000000180093bd0     ftdebug.obj
 0002:00018be0       ??_C@_08KCIBPEBD@cffparse?$AA@ 0000000180093be0     ftdebug.obj
 0002:00018bf0       ??_C@_07DJGNKJIB@cffobjs?$AA@ 0000000180093bf0     ftdebug.obj
 0002:00018bf8       ??_C@_07IFHBGAPL@cffload?$AA@ 0000000180093bf8     ftdebug.obj
 0002:00018c00       ??_C@_08OAAIMLJM@cffgload?$AA@ 0000000180093c00     ftdebug.obj
 0002:00018c10       ??_C@_09KPCIEFBH@cffdriver?$AA@ 0000000180093c10     ftdebug.obj
 0002:00018c20       ??_C@_08OELDONBA@pshalgo2?$AA@ 0000000180093c20     ftdebug.obj
 0002:00018c30       ??_C@_08MPJOLOND@pshalgo1?$AA@ 0000000180093c30     ftdebug.obj
 0002:00018c3c       ??_C@_06GLPFOKPB@pshrec?$AA@ 0000000180093c3c     ftdebug.obj
 0002:00018c44       ??_C@_06IFLGFNFH@psconv?$AA@ 0000000180093c44     ftdebug.obj
 0002:00018c4c       ??_C@_06MIFCDEBC@psobjs?$AA@ 0000000180093c4c     ftdebug.obj
 0002:00018c58       ??_C@_08DAJNMKKC@t1decode?$AA@ 0000000180093c58     ftdebug.obj
 0002:00018c68       ??_C@_07JMKIGDNK@t1parse?$AA@ 0000000180093c68     ftdebug.obj
 0002:00018c70       ??_C@_06HOINLLGG@t1objs?$AA@ 0000000180093c70     ftdebug.obj
 0002:00018c78       ??_C@_06MCJBHCBM@t1load?$AA@ 0000000180093c78     ftdebug.obj
 0002:00018c80       ??_C@_06FDOENOGM@t1hint?$AA@ 0000000180093c80     ftdebug.obj
 0002:00018c88       ??_C@_07NOCBFMFF@t1gload?$AA@ 0000000180093c88     ftdebug.obj
 0002:00018c90       ??_C@_08ENKOBGJE@t1driver?$AA@ 0000000180093c90     ftdebug.obj
 0002:00018c9c       ??_C@_05FNFMLCKD@t1afm?$AA@ 0000000180093c9c     ftdebug.obj
 0002:00018ca8       ??_C@_07GMPLJKAL@ttgxvar?$AA@ 0000000180093ca8     ftdebug.obj
 0002:00018cb0       ??_C@_07NGMBDEKI@ttpload?$AA@ 0000000180093cb0     ftdebug.obj
 0002:00018cb8       ??_C@_06CBBICALJ@ttobjs?$AA@ 0000000180093cb8     ftdebug.obj
 0002:00018cc0       ??_C@_08MIJDAFAI@ttinterp?$AA@ 0000000180093cc0     ftdebug.obj
 0002:00018cd0       ??_C@_07MIBCAGIL@ttgload?$AA@ 0000000180093cd0     ftdebug.obj
 0002:00018cd8       ??_C@_08CMNDNKBN@ttdriver?$AA@ 0000000180093cd8     ftdebug.obj
 0002:00018ce4       ??_C@_05DPIKMHNB@ttbdf?$AA@ 0000000180093ce4     ftdebug.obj
 0002:00018cec       ??_C@_06MJAPHCKE@ttsbit?$AA@ 0000000180093cec     ftdebug.obj
 0002:00018cf4       ??_C@_06GNHEPGAP@ttpost?$AA@ 0000000180093cf4     ftdebug.obj
 0002:00018cfc       ??_C@_05KPIOELCI@ttmtx?$AA@ 0000000180093cfc     ftdebug.obj
 0002:00018d04       ??_C@_06JNAEOJMD@ttload?$AA@ 0000000180093d04     ftdebug.obj
 0002:00018d0c       ??_C@_06KEBGCABE@ttkern?$AA@ 0000000180093d0c     ftdebug.obj
 0002:00018d14       ??_C@_06JLPDGBMM@ttcmap?$AA@ 0000000180093d14     ftdebug.obj
 0002:00018d1c       ??_C@_06KKKBLNKH@sfobjs?$AA@ 0000000180093d1c     ftdebug.obj
 0002:00018d28       ??_C@_08HGCMIBIC@sfdriver?$AA@ 0000000180093d28     ftdebug.obj
 0002:00018d34       ??_C@_05BDNCCAMC@cache?$AA@ 0000000180093d34     ftdebug.obj
 0002:00018d3c       ??_C@_06PCHFJCOP@bitmap?$AA@ 0000000180093d3c     ftdebug.obj
 0002:00018d44       ??_C@_05BCGMACJO@synth?$AA@ 0000000180093d44     ftdebug.obj
 0002:00018d50       ??_C@_07FHMGHKEO@raccess?$AA@ 0000000180093d50     ftdebug.obj
 0002:00018d58       ??_C@_02JAOCGLHE@mm?$AA@   0000000180093d58     ftdebug.obj
 0002:00018d5c       ??_C@_06INICNAFJ@smooth?$AA@ 0000000180093d5c     ftdebug.obj
 0002:00018d64       ??_C@_06NDPGICBH@raster?$AA@ 0000000180093d64     ftdebug.obj
 0002:00018d70       ??_C@_07LGEEDODM@gloader?$AA@ 0000000180093d70     ftdebug.obj
 0002:00018d78       ??_C@_05OIOMJNBL@glyph?$AA@ 0000000180093d78     ftdebug.obj
 0002:00018d80       ??_C@_07PNNKHJNH@outline?$AA@ 0000000180093d80     ftdebug.obj
 0002:00018d88       ??_C@_04PCMCLDDF@objs?$AA@ 0000000180093d88     ftdebug.obj
 0002:00018d90       ??_C@_04HKFDNBLD@init?$AA@ 0000000180093d90     ftdebug.obj
 0002:00018d98       ??_C@_04DONFEANM@list?$AA@ 0000000180093d98     ftdebug.obj
 0002:00018da0       ??_C@_02KFNNKBCK@io?$AA@   0000000180093da0     ftdebug.obj
 0002:00018da4       ??_C@_06DJAMKFID@stream?$AA@ 0000000180093da4     ftdebug.obj
 0002:00018dac       ??_C@_06HLKELJGF@memory?$AA@ 0000000180093dac     ftdebug.obj
 0002:00018db4       ??_C@_04GLMIJPDJ@calc?$AA@ 0000000180093db4     ftdebug.obj
 0002:00018dbc       ??_C@_03OBJFJEBA@any?$AA@  0000000180093dbc     ftdebug.obj
 0002:00018dc0       ??_C@_09FCJCAHCG@FT2_DEBUG?$AA@ 0000000180093dc0     ftdebug.obj
 0002:00018dd0       ??_C@_0CO@MEPEBCOM@?4?4?2?4?4?2?4?4?2depends?2freetype?2src?2ba@ 0000000180093dd0     ftsystem.obj
 0002:00018e00       ??_C@_02JDPG@rb?$AA@       0000000180093e00     ftsystem.obj
 0002:00018e08       ??_C@_0CF@LMIGAOPM@FT_Stream_Open?3?5could?5not?5open?5?$GA@ 0000000180093e08     ftsystem.obj
 0002:00018e30       ??_C@_0BA@KAPCMOHL@FT_Stream_Open?3?$AA@ 0000000180093e30     ftsystem.obj
 0002:00018e40       ??_C@_0BN@JBDDLAFC@?5opened?5?$GA?$CFs?8?5but?5zero?9sized?6?$AA@ 0000000180093e40     ftsystem.obj
 0002:00018e60       ??_C@_0CG@GFJCIDNE@?5opened?5?$GA?$CFs?8?5?$CI?$CFd?5bytes?$CJ?5successf@ 0000000180093e60     ftsystem.obj
 0002:00018e88       ??_C@_0CO@LFHJDBKK@?4?4?2?4?4?2?4?4?2depends?2freetype?2src?2ba@ 0000000180093e88     ftbitmap.obj
 0002:00018eb8       ??_C@_0CN@BNIOLHAJ@?4?4?2?4?4?2?4?4?2depends?2freetype?2src?2ba@ 0000000180093eb8     ftglyph.obj
 0002:00018ee8       ??_C@_0DK@DKMFEICM@FT_Add_Default_Module?3?5Cannot?5in@ 0000000180093ee8     ftinit.obj
 0002:00018f28       ??_C@_0CO@LBAOJIKG@FT_Init_FreeType?3?5cannot?5find?5me@ 0000000180093f28     ftinit.obj
 0002:00018f58       ??_C@_0CM@COKJEHEL@?4?4?2?4?4?2?4?4?2depends?2freetype?2src?2ba@ 0000000180093f58     ftinit.obj
 0002:00018f88       ??_C@_0CO@OKBDGIFP@?4?4?2?4?4?2?4?4?2depends?2freetype?2src?2ba@ 0000000180093f88     ftstroke.obj
 0002:00018fb8       ??_C@_03DOBGHNMK@BDF?$AA@  0000000180093fb8     bdf.obj
 0002:00018fc0       ??_C@_0BB@PMIOOMFN@xf86?9driver?9name?$AA@ 0000000180093fc0     bdf.obj
 0002:00018fd8       ??_C@_0BH@EGBLCDE@_MULE_RELATIVE_COMPOSE?$AA@ 0000000180093fd8     bdf.obj
 0002:00018ff0       ??_C@_0BG@NJJHMBCE@_MULE_BASELINE_OFFSET?$AA@ 0000000180093ff0     bdf.obj
 0002:00019008       ??_C@_08IHHFFHAA@X_HEIGHT?$AA@ 0000000180094008     bdf.obj
 0002:00019018       ??_C@_0M@FCJHKPGH@WEIGHT_NAME?$AA@ 0000000180094018     bdf.obj
 0002:00019024       ??_C@_06CIAKHCPD@WEIGHT?$AA@ 0000000180094024     bdf.obj
 0002:00019030       ??_C@_0BE@KDKNDDDB@UNDERLINE_THICKNESS?$AA@ 0000000180094030     bdf.obj
 0002:00019048       ??_C@_0BD@FLNBCMPP@UNDERLINE_POSITION?$AA@ 0000000180094048     bdf.obj
 0002:00019060       ??_C@_0O@EHDLJGOB@SUPERSCRIPT_Y?$AA@ 0000000180094060     bdf.obj
 0002:00019070       ??_C@_0O@FOCAKHKA@SUPERSCRIPT_X?$AA@ 0000000180094070     bdf.obj
 0002:00019080       ??_C@_0BB@HOLJGBFI@SUPERSCRIPT_SIZE?$AA@ 0000000180094080     bdf.obj
 0002:00019098       ??_C@_0M@FMFMNELO@SUBSCRIPT_Y?$AA@ 0000000180094098     bdf.obj
 0002:000190a8       ??_C@_0M@EFEHOFPP@SUBSCRIPT_X?$AA@ 00000001800940a8     bdf.obj
 0002:000190b8       ??_C@_0P@IMANBLC@SUBSCRIPT_SIZE?$AA@ 00000001800940b8     bdf.obj
 0002:000190c8       ??_C@_0BC@PCLONKLB@STRIKEOUT_DESCENT?$AA@ 00000001800940c8     bdf.obj
 0002:000190e0       ??_C@_0BB@MOJIHJPL@STRIKEOUT_ASCENT?$AA@ 00000001800940e0     bdf.obj
 0002:000190f8       ??_C@_07JKNGKIOL@SPACING?$AA@ 00000001800940f8     bdf.obj
 0002:00019100       ??_C@_0P@CJBLANOF@SMALL_CAP_SIZE?$AA@ 0000000180094100     bdf.obj
 0002:00019110       ??_C@_05NOFPJGIP@SLANT?$AA@ 0000000180094110     bdf.obj
 0002:00019118       ??_C@_0O@DANCJNNA@SETWIDTH_NAME?$AA@ 0000000180094118     bdf.obj
 0002:00019128       ??_C@_0N@MICMOIBI@RESOLUTION_Y?$AA@ 0000000180094128     bdf.obj
 0002:00019138       ??_C@_0N@NBDHNJFJ@RESOLUTION_X?$AA@ 0000000180094138     bdf.obj
 0002:00019148       ??_C@_0L@JGAABLGD@RESOLUTION?$AA@ 0000000180094148     bdf.obj
 0002:00019158       ??_C@_0BA@NKHOPHOP@RELATIVE_WEIGHT?$AA@ 0000000180094158     bdf.obj
 0002:00019168       ??_C@_0BC@JMGAMBDF@RELATIVE_SETWIDTH?$AA@ 0000000180094168     bdf.obj
 0002:00019180       ??_C@_0N@LFICGJOL@RAW_X_HEIGHT?$AA@ 0000000180094180     bdf.obj
 0002:00019190       ??_C@_0BI@OEPMFPAK@RAW_UNDERLINE_THICKNESS?$AA@ 0000000180094190     bdf.obj
 0002:000191a8       ??_C@_0BH@LIHCGIBB@RAW_UNDERLINE_POSITION?$AA@ 00000001800941a8     bdf.obj
 0002:000191c0       ??_C@_0BC@FFDANOJJ@RAW_SUPERSCRIPT_Y?$AA@ 00000001800941c0     bdf.obj
 0002:000191d8       ??_C@_0BC@EMCLOPNI@RAW_SUPERSCRIPT_X?$AA@ 00000001800941d8     bdf.obj
 0002:000191f0       ??_C@_0BF@ILCJEECH@RAW_SUPERSCRIPT_SIZE?$AA@ 00000001800941f0     bdf.obj
 0002:00019208       ??_C@_0BA@JLPHJHAP@RAW_SUBSCRIPT_Y?$AA@ 0000000180094208     bdf.obj
 0002:00019218       ??_C@_0BA@ICOMKGEO@RAW_SUBSCRIPT_X?$AA@ 0000000180094218     bdf.obj
 0002:00019228       ??_C@_0BD@FGAMCDPE@RAW_SUBSCRIPT_SIZE?$AA@ 0000000180094228     bdf.obj
 0002:00019240       ??_C@_0BG@DCPBCGDJ@RAW_STRIKEOUT_DESCENT?$AA@ 0000000180094240     bdf.obj
 0002:00019258       ??_C@_0BF@DLAIFMIE@RAW_STRIKEOUT_ASCENT?$AA@ 0000000180094258     bdf.obj
 0002:00019270       ??_C@_0BD@HHNHPPKD@RAW_SMALL_CAP_SIZE?$AA@ 0000000180094270     bdf.obj
 0002:00019288       ??_C@_0P@LMDGMIPB@RAW_QUAD_WIDTH?$AA@ 0000000180094288     bdf.obj
 0002:00019298       ??_C@_0O@FDNDDOFA@RAW_POINTSIZE?$AA@ 0000000180094298     bdf.obj
 0002:000192a8       ??_C@_0O@HNFKKCGD@RAW_PIXELSIZE?$AA@ 00000001800942a8     bdf.obj
 0002:000192b8       ??_C@_0P@OOHCGKOO@RAW_POINT_SIZE?$AA@ 00000001800942b8     bdf.obj
 0002:000192c8       ??_C@_0P@FBIMICGE@RAW_PIXEL_SIZE?$AA@ 00000001800942c8     bdf.obj
 0002:000192d8       ??_C@_0P@FGMOAACN@RAW_NORM_SPACE?$AA@ 00000001800942d8     bdf.obj
 0002:000192e8       ??_C@_0O@LFBDCJJJ@RAW_MIN_SPACE?$AA@ 00000001800942e8     bdf.obj
 0002:000192f8       ??_C@_0O@LEBPLDCN@RAW_MAX_SPACE?$AA@ 00000001800942f8     bdf.obj
 0002:00019308       ??_C@_0BB@LHIJKBAI@RAW_FIGURE_WIDTH?$AA@ 0000000180094308     bdf.obj
 0002:00019320       ??_C@_0O@FDGFBIGM@RAW_END_SPACE?$AA@ 0000000180094320     bdf.obj
 0002:00019330       ??_C@_0M@JDDLHGCG@RAW_DESCENT?$AA@ 0000000180094330     bdf.obj
 0002:00019340       ??_C@_0P@PDBKEGFB@RAW_CAP_HEIGHT?$AA@ 0000000180094340     bdf.obj
 0002:00019350       ??_C@_0BI@BEKJFFLM@RAW_AVG_LOWERCASE_WIDTH?$AA@ 0000000180094350     bdf.obj
 0002:00019368       ??_C@_0BG@PEMOHOIO@RAW_AVG_CAPITAL_WIDTH?$AA@ 0000000180094368     bdf.obj
 0002:00019380       ??_C@_0BC@LNOEENJF@RAW_AVERAGE_WIDTH?$AA@ 0000000180094380     bdf.obj
 0002:00019398       ??_C@_0L@CAMLDNCF@RAW_ASCENT?$AA@ 0000000180094398     bdf.obj
 0002:000193a8       ??_C@_0L@MANNMNIK@QUAD_WIDTH?$AA@ 00000001800943a8     bdf.obj
 0002:000193b8       ??_C@_0L@JCJJGPJF@POINT_SIZE?$AA@ 00000001800943b8     bdf.obj
 0002:000193c8       ??_C@_0L@CNGHIHBP@PIXEL_SIZE?$AA@ 00000001800943c8     bdf.obj
 0002:000193d4       ??_C@_06FMPEGAHJ@NOTICE?$AA@ 00000001800943d4     bdf.obj
 0002:000193e0       ??_C@_0L@CKCFAFFG@NORM_SPACE?$AA@ 00000001800943e0     bdf.obj
 0002:000193f0       ??_C@_09ICPJOFFH@MIN_SPACE?$AA@ 00000001800943f0     bdf.obj
 0002:00019400       ??_C@_09IDPFHPOD@MAX_SPACE?$AA@ 0000000180094400     bdf.obj
 0002:00019410       ??_C@_0N@LHJKBLMB@ITALIC_ANGLE?$AA@ 0000000180094410     bdf.obj
 0002:00019420       ??_C@_09IGHCOKHJ@FULL_NAME?$AA@ 0000000180094420     bdf.obj
 0002:00019430       ??_C@_07GMNLECKJ@FOUNDRY?$AA@ 0000000180094430     bdf.obj
 0002:00019438       ??_C@_0N@BAIKBLGK@FONT_DESCENT?$AA@ 0000000180094438     bdf.obj
 0002:00019448       ??_C@_0M@ECCDLGDC@FONT_ASCENT?$AA@ 0000000180094448     bdf.obj
 0002:00019458       ??_C@_0BC@LNICJLFI@FONTNAME_REGISTRY?$AA@ 0000000180094458     bdf.obj
 0002:0001946c       ??_C@_04IJMKNFPK@FONT?$AA@ 000000018009446c     bdf.obj
 0002:00019478       ??_C@_0N@LCIIJFB@FIGURE_WIDTH?$AA@ 0000000180094478     bdf.obj
 0002:00019488       ??_C@_0M@FBEHGJKE@FAMILY_NAME?$AA@ 0000000180094488     bdf.obj
 0002:00019498       ??_C@_09DLOGKOHL@FACE_NAME?$AA@ 0000000180094498     bdf.obj
 0002:000194a8       ??_C@_09GEIPNEKC@END_SPACE?$AA@ 00000001800944a8     bdf.obj
 0002:000194b8       ??_C@_0BB@PJMJCLEI@DEVICE_FONT_NAME?$AA@ 00000001800944b8     bdf.obj
 0002:000194d0       ??_C@_0M@LFJMPFGC@DESTINATION?$AA@ 00000001800944d0     bdf.obj
 0002:000194e0       ??_C@_0N@LOGJBDOF@DEFAULT_CHAR?$AA@ 00000001800944e0     bdf.obj
 0002:000194f0       ??_C@_09DJIAAPDG@COPYRIGHT?$AA@ 00000001800944f0     bdf.obj
 0002:00019500       ??_C@_07JEDAPFNH@COMMENT?$AA@ 0000000180094500     bdf.obj
 0002:00019508       ??_C@_0BB@OHIDJKBJ@CHARSET_REGISTRY?$AA@ 0000000180094508     bdf.obj
 0002:00019520       ??_C@_0BB@OBJAMPOC@CHARSET_ENCODING?$AA@ 0000000180094520     bdf.obj
 0002:00019538       ??_C@_0BE@KNHMGHPI@CHARSET_COLLECTIONS?$AA@ 0000000180094538     bdf.obj
 0002:00019550       ??_C@_0L@IPPBEDCK@CAP_HEIGHT?$AA@ 0000000180094550     bdf.obj
 0002:00019560       ??_C@_0BE@FDPIDJIH@AVG_LOWERCASE_WIDTH?$AA@ 0000000180094560     bdf.obj
 0002:00019578       ??_C@_0BC@DEIBICAG@AVG_CAPITAL_WIDTH?$AA@ 0000000180094578     bdf.obj
 0002:00019590       ??_C@_0O@KPOPAFON@AVERAGE_WIDTH?$AA@ 0000000180094590     bdf.obj
 0002:000195a0       ??_C@_0P@BLEODLOA@ADD_STYLE_NAME?$AA@ 00000001800945a0     bdf.obj
 0002:000195b0       ??_C@_03DDONLALG@bdf?$AA@  00000001800945b0     bdf.obj
 0002:000195b8       ??_C@_0DP@GOBEEJFO@m?3?2svn?2?4private?2mini?2umodsys?2dep@ 00000001800945b8     bdf.obj
 0002:000195f8       ??_C@_0DC@DLBACEAA@_bdf_readstream?3?5?$FLline?5?$CFld?$FN?5Inpu@ 00000001800945f8     bdf.obj
 0002:00019630       ??_C@_0DK@EDMDNOHE@_bdf_set_default_spacing?3?5?$FLline?5@ 0000000180094630     bdf.obj
 0002:0001966c       ??_C@_01JOAMLHOP@?9?$AA@   000000018009466c     bdf.obj
 0002:00019670       ??_C@_0DD@DCHAPBD@_bdf_add_property?3?5?$FLline?5?$CFld?$FN?5In@ 0000000180094670     bdf.obj
 0002:000196a4       ??_C@_05HCHEPOAH@CHARS?$AA@ 00000001800946a4     bdf.obj
 0002:000196b0       ??_C@_0DC@DDOGKPDM@_bdf_parse_glyphs?3?5?$FLline?5?$CFld?$FN?5Mi@ 00000001800946b0     bdf.obj
 0002:000196e4       ??_C@_02EOIDJNGE@?5?$CL?$AA@ 00000001800946e4     bdf.obj
 0002:000196e8       ??_C@_0DD@GMPJEGEF@_bdf_parse_glyphs?3?5?$FLline?5?$CFld?$FN?5?$GA?$CF@ 00000001800946e8     bdf.obj
 0002:00019720       ??_C@_07MLEKHHFJ@ENDFONT?$AA@ 0000000180094720     bdf.obj
 0002:00019728       ??_C@_07MDHLCACL@ENDCHAR?$AA@ 0000000180094728     bdf.obj
 0002:00019730       ??_C@_09BPKMEANO@STARTCHAR?$AA@ 0000000180094730     bdf.obj
 0002:00019740       ??_C@_0DD@KLDEHACG@_bdf_parse_glyphs?3?5?$FLline?5?$CFld?$FN?5In@ 0000000180094740     bdf.obj
 0002:00019778       ??_C@_0M@FFOBOMLB@?5?5?$FL?$CF6ld?$FN?5?$CFs?$AA@ 0000000180094778     bdf.obj
 0002:00019788       ??_C@_08LEFKDKKN@ENCODING?$AA@ 0000000180094788     bdf.obj
 0002:00019798       ??_C@_09PICCMFLC@?5?$CI0x?$CFlX?$CJ?6?$AA@ 0000000180094798     bdf.obj
 0002:000197b0       ??_C@_0EG@MJNBKJNE@_bdf_parse_glyphs?3?5Duplicate?5enc@ 00000001800947b0     bdf.obj
 0002:000197f8       ??_C@_0DC@GOOCBNOJ@_bdf_parse_glyphs?3?5Glyph?5?$CFld?5ext@ 00000001800947f8     bdf.obj
 0002:00019830       ??_C@_0EF@KGEBKPJK@_bdf_parse_glyphs?3?5Glyph?5?$CFld?5mis@ 0000000180094830     bdf.obj
 0002:00019878       ??_C@_0DF@HPJDBJMP@_bdf_parse_glyphs?3?5Glyph?5?$CFld?5ext@ 0000000180094878     bdf.obj
 0002:000198b0       ??_C@_06HDKFFNNH@SWIDTH?$AA@ 00000001800948b0     bdf.obj
 0002:000198b8       ??_C@_06NBNMPPJH@DWIDTH?$AA@ 00000001800948b8     bdf.obj
 0002:000198c0       ??_C@_0EK@BMLMGGMM@_bdf_parse_glyphs?3?5SWIDTH?5field?5@ 00000001800948c0     bdf.obj
 0002:0001990c       ??_C@_03OONKDOKH@BBX?$AA@  000000018009490c     bdf.obj
 0002:00019910       ??_C@_0EL@OOKPCJLE@_bdf_parse_glyphs?3?5DWIDTH?5field?5@ 0000000180094910     bdf.obj
 0002:0001995c       ??_C@_06PGFOEMDN@BITMAP?$AA@ 000000018009495c     bdf.obj
 0002:00019968       ??_C@_0CM@OCICBMMH@_bdf_parse_glyphs?3?5?$FLline?5?$CFld?$FN?5BB@ 0000000180094968     bdf.obj
 0002:00019998       ??_C@_0DA@FNFEDBOI@_bdf_parse_glyphs?3?5?$FLline?5?$CFld?$FN?5In@ 0000000180094998     bdf.obj
 0002:000199c8       ??_C@_0O@JFDPHGFD@ENDPROPERTIES?$AA@ 00000001800949c8     bdf.obj
 0002:000199d8       ??_C@_03OACELNE@?$CFhd?$AA@ 00000001800949d8     bdf.obj
 0002:000199e0       ??_C@_0FA@MHOOANLD@_bdf_parse_properties?3?5FONT_ASCE@ 00000001800949e0     bdf.obj
 0002:00019a30       ??_C@_0FC@OOLBPPB@_bdf_parse_properties?3?5FONT_DESC@ 0000000180094a30     bdf.obj
 0002:00019a88       ??_C@_0BG@NDMEGDOA@_XFREE86_GLYPH_RANGES?$AA@ 0000000180094a88     bdf.obj
 0002:00019aa0       ??_C@_09BHJNBHKM@STARTFONT?$AA@ 0000000180094aa0     bdf.obj
 0002:00019ab0       ??_C@_0BA@HGECMEMA@STARTPROPERTIES?$AA@ 0000000180094ab0     bdf.obj
 0002:00019ac0       ??_C@_0BA@PIDAKDPC@FONTBOUNDINGBOX?$AA@ 0000000180094ac0     bdf.obj
 0002:00019ad0       ??_C@_0DB@PPLLGEHM@_bdf_parse_start?3?5?$FLline?5?$CFld?$FN?5Mis@ 0000000180094ad0     bdf.obj
 0002:00019b04       ??_C@_04EMFHLKGI@SIZE?$AA@ 0000000180094b04     bdf.obj
 0002:00019b10       ??_C@_0DC@NNCEGMHN@_bdf_parse_start?3?5?$FLline?5?$CFld?$FN?5Inv@ 0000000180094b10     bdf.obj
 0002:00019b48       ??_C@_0DO@EMAEPNNN@_bdf_parse_start?3?5SIZE?5bits?5per?5@ 0000000180094b48     bdf.obj
 0002:00019b88       ??_C@_0CP@DPIBLPNJ@_bdf_parse_start?3?5?$FLline?5?$CFld?$FN?5Inv@ 0000000180094b88     bdf.obj
 0002:00019bc0       ??_C@_0EE@MADKNNKC@bdf_load_font?3?5Incorrect?5glyph?5c@ 0000000180094bc0     bdf.obj
 0002:00019c10       ??_C@_0EA@KBJJKEEG@bdf_load_font?3?5Font?5width?5?$CB?$DN?5act@ 0000000180094c10     bdf.obj
 0002:00019c50       ??_C@_0EO@CFDGAKHK@bdf_load_font?3?5Font?5left?5bearing@ 0000000180094c50     bdf.obj
 0002:00019ca0       ??_C@_0EC@IBNOIPBM@bdf_load_font?3?5Font?5ascent?5?$CB?$DN?5ac@ 0000000180094ca0     bdf.obj
 0002:00019cf0       ??_C@_0EE@KFBCIHOC@bdf_load_font?3?5Font?5descent?5?$CB?$DN?5a@ 0000000180094cf0     bdf.obj
 0002:00019d40       ??_C@_0EB@BJDOKJCG@bdf_load_font?3?5Font?5height?5?$CB?$DN?5ac@ 0000000180094d40     bdf.obj
 0002:00019d90       ??_C@_0EA@OANGMKP@bdf_load_font?3?5Glyph?5scalable?5wi@ 0000000180094d90     bdf.obj
 0002:00019dd0       ??_C@_0EE@KCMAOHJO@bdf_load_font?3?5?$FLline?5?$CFld?$FN?5Font?5h@ 0000000180094dd0     bdf.obj
 0002:00019e20       ??_C@_0EE@ONIDKJPN@bdf_load_font?3?5?$FLline?5?$CFld?$FN?5Font?5g@ 0000000180094e20     bdf.obj
 0002:00019e68       ??_C@_0CO@EGKPGEJ@bdf_cmap_char_next?3?5charcode?50x?$CF@ 0000000180094e68     bdf.obj
 0002:00019e98       ??_C@_07EGOIFKG@Oblique?$AA@ 0000000180094e98     bdf.obj
 0002:00019ea0       ??_C@_06PPMHIBHB@Italic?$AA@ 0000000180094ea0     bdf.obj
 0002:00019ea8       ??_C@_04DIPHHIHJ@Bold?$AA@ 0000000180094ea8     bdf.obj
 0002:00019eb0       ??_C@_07FFHPBFOK@Regular?$AA@ 0000000180094eb0     bdf.obj
 0002:00019eb8       ??_C@_0M@PIOLPION@BDF?5driver?6?$AA@ 0000000180094eb8     bdf.obj
 0002:00019ec8       ??_C@_0BC@CHFALINA@?5?5not?5a?5BDF?5file?6?$AA@ 0000000180094ec8     bdf.obj
 0002:00019ee0       ??_C@_0CM@BNFDELFJ@?5?5number?5of?5glyphs?3?5allocated?5?$CFd@ 0000000180094ee0     bdf.obj
 0002:00019f10       ??_C@_0DG@LFIMIPLI@?5?5number?5of?5unencoded?5glyphs?3?5al@ 0000000180094f10     bdf.obj
 0002:00019f48       ??_C@_0BF@CECOLGPK@?5?5idx?5?$CFd?0?5val?50x?$CFlX?6?$AA@ 0000000180094f48     bdf.obj
 0002:00019f60       ??_C@_0DE@MDPBGMHJ@BDF_Face_Init?3?5idx?5?$CFd?5is?5too?5lar@ 0000000180094f60     bdf.obj
 0002:00019f94       ??_C@_05FPAEEJJG@10646?$AA@ 0000000180094f94     bdf.obj
 0002:00019f9c       ??_C@_04LBDHIBCK@8859?$AA@ 0000000180094f9c     bdf.obj
 0002:00019fa4       ??_C@_01HIHLOKLC@1?$AA@    0000000180094fa4     bdf.obj
 0002:00019fb0       ??_C@_0EB@GLAGCDMG@m?3?2svn?2?4private?2mini?2umodsys?2dep@ 0000000180094fb0     bdf.obj
 0002:00019ff8       ??_C@_0DB@DFIGKFPK@BDF_Glyph_Load?3?5too?5large?5pitch?5@ 0000000180094ff8     bdf.obj
 0002:0001a030       ??_C@_0DL@OLPFOBLL@bdf_get_bdf_property?3?5too?5large?5@ 0000000180095030     bdf.obj
 0002:0001a070       ??_C@_0DM@BKEIKPHP@bdf_get_bdf_property?3?5too?5large?5@ 0000000180095070     bdf.obj
 0002:0001a0b0       ??_C@_0EB@EAJFIFFK@m?3?2svn?2?4private?2mini?2umodsys?2dep@ 00000001800950b0     ftcache.obj
 0002:0001a100       ??_C@_0ED@MLGDPNKO@m?3?2svn?2?4private?2mini?2umodsys?2dep@ 0000000180095100     ftcache.obj
 0002:0001a148       ??_C@_0DH@GDNBFMPE@FTC_Manager_RegisterCache?3?5too?5m@ 0000000180095148     ftcache.obj
 0002:0001a180       ??_C@_0CE@BLIHJJBK@ftc_node_hash_unlink?3?5unknown?5no@ 0000000180095180     ftcache.obj
 0002:0001a1a8       ??_C@_0DC@CFNMPNMM@FTC_CMapCache_Lookup?3?5bad?5argume@ 00000001800951a8     ftcache.obj
 0002:0001a1e0       ??_C@_0CM@EPKLKJGD@FTC_CACHE_LOOKUP_CMP?3?5oops?$CB?$CB?$CB?5no@ 00000001800951e0     ftcache.obj
 0002:0001a210       ??_C@_0EC@KBGBIJFI@m?3?2svn?2?4private?2mini?2umodsys?2dep@ 0000000180095210     ftcache.obj
 0002:0001a258       ??_C@_0CE@HOJAKFAA@ftc_snode_load?3?5invalid?5glyph?5in@ 0000000180095258     ftcache.obj
 0002:0001a280       ??_C@_0ED@PJMECMKI@m?3?2svn?2?4private?2mini?2umodsys?2dep@ 0000000180095280     ftcache.obj
 0002:0001a2c8       ??_C@_0DF@FINININH@ftc_snode_load?3?5glyph?5loaded?5did@ 00000001800952c8     ftcache.obj
 0002:0001a300       ??_C@_0DI@HLNFLMBJ@ftc_snode_load?3?5glyph?5too?5large?5@ 0000000180095300     ftcache.obj
 0002:0001a338       ??_C@_0DI@ICNEDMOF@ftc_basic_family_get_count?3?5too?5@ 0000000180095338     ftcache.obj
 0002:0001a370       ??_C@_0BJ@KKBJNBDJ@in?5this?5face?0?5truncated?6?$AA@ 0000000180095370     ftcache.obj
 0002:0001a390       ??_C@_0ED@BCBJCCNB@m?3?2svn?2?4private?2mini?2umodsys?2dep@ 0000000180095390     ftcache.obj
 0002:0001a3d8       ??_C@_0DB@OBDFPJED@FTC_ImageCache_Lookup?3?5higher?5bi@ 00000001800953d8     ftcache.obj
 0002:0001a410       ??_C@_0BC@KMIFKDPF@0x?$CFx?5are?5dropped?6?$AA@ 0000000180095410     ftcache.obj
 0002:0001a428       ??_C@_0DH@DDKCBHGJ@FTC_ImageCache_LookupScaler?3?5hig@ 0000000180095428     ftcache.obj
 0002:0001a460       ??_C@_0O@KLFHKAFI@nominalWidthX?$AA@ 0000000180095460     cff.obj
 0002:0001a470       ??_C@_0O@JDBOOHI@defaultWidthX?$AA@ 0000000180095470     cff.obj
 0002:0001a480       ??_C@_05DHFNOCDJ@Subrs?$AA@ 0000000180095480     cff.obj
 0002:0001a488       ??_C@_0BC@CKOEOLCM@initialRandomSeed?$AA@ 0000000180095488     cff.obj
 0002:0001a4a0       ??_C@_0BA@PKGIFANC@ExpansionFactor?$AA@ 00000001800954a0     cff.obj
 0002:0001a4b0       ??_C@_0O@PJDGHDCK@LanguageGroup?$AA@ 00000001800954b0     cff.obj
 0002:0001a4c0       ??_C@_05CIIKKFON@lenIV?$AA@ 00000001800954c0     cff.obj
 0002:0001a4c8       ??_C@_0BD@BGHMBBEO@ForceBoldThreshold?$AA@ 00000001800954c8     cff.obj
 0002:0001a4e0       ??_C@_09BDDIAPM@ForceBold?$AA@ 00000001800954e0     cff.obj
 0002:0001a4f0       ??_C@_09GOBAKHA@StemSnapV?$AA@ 00000001800954f0     cff.obj
 0002:0001a500       ??_C@_09NCKADFKP@StemSnapH?$AA@ 0000000180095500     cff.obj
 0002:0001a50c       ??_C@_05OBPKJLMP@StdVW?$AA@ 000000018009550c     cff.obj
 0002:0001a514       ??_C@_05PHECBFLF@StdHW?$AA@ 0000000180095514     cff.obj
 0002:0001a520       ??_C@_08IPFLJFPM@BlueFuzz?$AA@ 0000000180095520     cff.obj
 0002:0001a530       ??_C@_09GDCMDLCO@BlueShift?$AA@ 0000000180095530     cff.obj
 0002:0001a540       ??_C@_09IPAGIEBG@BlueScale?$AA@ 0000000180095540     cff.obj
 0002:0001a550       ??_C@_0BB@FMLCJJDP@FamilyOtherBlues?$AA@ 0000000180095550     cff.obj
 0002:0001a568       ??_C@_0M@OIPOLIDA@FamilyBlues?$AA@ 0000000180095568     cff.obj
 0002:0001a578       ??_C@_0L@CCJAIIMC@OtherBlues?$AA@ 0000000180095578     cff.obj
 0002:0001a588       ??_C@_0L@DKDIMLOI@BlueValues?$AA@ 0000000180095588     cff.obj
 0002:0001a598       ??_C@_08MKFDOKHL@FontName?$AA@ 0000000180095598     cff.obj
 0002:0001a5a8       ??_C@_08CFFGEPO@FDSelect?$AA@ 00000001800955a8     cff.obj
 0002:0001a5b8       ??_C@_07PEKDNLEP@FDArray?$AA@ 00000001800955b8     cff.obj
 0002:0001a5c0       ??_C@_07CNNFHHEA@UIDBase?$AA@ 00000001800955c0     cff.obj
 0002:0001a5c8       ??_C@_08LPCKMOBH@CIDCount?$AA@ 00000001800955c8     cff.obj
 0002:0001a5d8       ??_C@_0M@IBCFBNHK@CIDFontType?$AA@ 00000001800955d8     cff.obj
 0002:0001a5e8       ??_C@_0BA@GOIFFDIH@CIDFontRevision?$AA@ 00000001800955e8     cff.obj
 0002:0001a5f8       ??_C@_0P@FDOGBFAP@CIDFontVersion?$AA@ 00000001800955f8     cff.obj
 0002:0001a608       ??_C@_03FFOPCDKA@ROS?$AA@  0000000180095608     cff.obj
 0002:0001a610       ??_C@_0L@GLNNPNOK@PostScript?$AA@ 0000000180095610     cff.obj
 0002:0001a620       ??_C@_0O@EENDDJBG@SyntheticBase?$AA@ 0000000180095620     cff.obj
 0002:0001a630       ??_C@_07CFINJGKH@Private?$AA@ 0000000180095630     cff.obj
 0002:0001a638       ??_C@_0M@EKIFGBLL@CharStrings?$AA@ 0000000180095638     cff.obj
 0002:0001a648       ??_C@_08EJAHIGCJ@Encoding?$AA@ 0000000180095648     cff.obj
 0002:0001a658       ??_C@_07EAJPFAFH@charset?$AA@ 0000000180095658     cff.obj
 0002:0001a660       ??_C@_0M@GLGMDIGG@StrokeWidth?$AA@ 0000000180095660     cff.obj
 0002:0001a670       ??_C@_08EBMMLPNI@FontBBox?$AA@ 0000000180095670     cff.obj
 0002:0001a680       ??_C@_08OMJGNOHD@UniqueID?$AA@ 0000000180095680     cff.obj
 0002:0001a690       ??_C@_0L@LNCCOCBB@FontMatrix?$AA@ 0000000180095690     cff.obj
[...]
 0001:00066810       ft_trig_pseudo_rotate      0000000180067810 f    CIL library: CIL module
 0001:00066930       ft_trig_downscale          0000000180067930 f    CIL library: CIL module
 0001:00067650       raccess_make_file_name     0000000180068650 f    CIL library: CIL module
 0001:00067760       raccess_guess_linux_cap    0000000180068760 f    CIL library: CIL module
 0001:000677c0       raccess_guess_vfat         00000001800687c0 f    CIL library: CIL module
 0001:00067820       raccess_guess_darwin_newvfs 0000000180068820 f    CIL library: CIL module
 0001:00067900       raccess_guess_darwin_hfsplus 0000000180068900 f    CIL library: CIL module
 0001:000679d0       raccess_get_rule_type_from_rule_index 00000001800689d0 f    CIL library: CIL module
 0001:00067ad0       ft_raccess_sort_ref_by_id  0000000180068ad0 f    CIL library: CIL module
 0001:000693f0       ft_cmap_done_internal      000000018006a3f0 f    CIL library: CIL module
 0001:000699b0       new_memory_stream          000000018006a9b0 f    CIL library: CIL module
 0001:00069a80       memory_stream_close        000000018006aa80 f    CIL library: CIL module
 0001:00069ab0       find_variant_selector_charmap 000000018006aab0 f    CIL library: CIL module
 0001:00069b50       find_unicode_charmap       000000018006ab50 f    CIL library: CIL module
 0001:00069c40       destroy_charmaps           000000018006ac40 f    CIL library: CIL module
 0001:00069cd0       destroy_size               000000018006acd0 f    CIL library: CIL module
 0001:00069d40       ft_glyphslot_grid_fit_metrics 000000018006ad40 f    CIL library: CIL module
 0001:0006a0c0       body                       000000018006b0c0 f    CIL library: CIL module
 0001:0006ab10       FT_GlyphLoader_Adjust_Subglyphs 000000018006bb10 f    CIL library: CIL module
 0001:0006ab30       FT_GlyphLoader_Adjust_Points 000000018006bb30 f    CIL library: CIL module
 0001:0006afe0       _ft_face_scale_advances    000000018006bfe0 f    CIL library: CIL module
 0001:0006b410       ft_trig_prenorm            000000018006c410 f    CIL library: CIL module
 0001:0006b900       raccess_guess_apple_generic 000000018006c900 f    CIL library: CIL module
 0001:0006baa0       raccess_guess_apple_single 000000018006caa0 f    CIL library: CIL module
 0001:0006baf0       raccess_guess_apple_double 000000018006caf0 f    CIL library: CIL module
 0001:0006bb40       ft_raccess_rule_by_darwin_vfs 000000018006cb40 f    CIL library: CIL module
 0001:0006c700       ft_set_current_renderer    000000018006d700 f    CIL library: CIL module
 0001:0006c730       ft_lookup_glyph_renderer   000000018006d730 f    CIL library: CIL module
 0001:0006cfd0       ft_recompute_scaled_metrics 000000018006dfd0 f    CIL library: CIL module
 0001:0006d1a0       ft_lookup_PS_in_sfnt_stream 000000018006e1a0 f    CIL library: CIL module
 0001:0006d370       open_face_from_buffer      000000018006e370 f    CIL library: CIL module
 0001:0006d460       open_face                  000000018006e460 f    CIL library: CIL module
 0001:0006d5d0       ft_glyphslot_clear         000000018006e5d0 f    CIL library: CIL module
 0001:0006d6d0       ft_glyphslot_init          000000018006e6d0 f    CIL library: CIL module
 0001:0006e2f0       raccess_guess_linux_double_from_file_name 000000018006f2f0 f    CIL library: CIL module
 0001:0006e370       raccess_guess_linux_netatalk 000000018006f370 f    CIL library: CIL module
 0001:0006e410       raccess_guess_linux_double 000000018006f410 f    CIL library: CIL module
 0001:0006e4b0       raccess_guess_darwin_ufs_export 000000018006f4b0 f    CIL library: CIL module
 0001:0006ec40       ft_remove_renderer         000000018006fc40 f    CIL library: CIL module
 0001:0006ecd0       ft_add_renderer            000000018006fcd0 f    CIL library: CIL module
 0001:0006f490       Mac_Read_POST_Resource     0000000180070490 f    CIL library: CIL module
 0001:0006f830       open_face_PS_from_sfnt_stream 0000000180070830 f    CIL library: CIL module
 0001:0006fe90       Mac_Read_sfnt_Resource     0000000180070e90 f    CIL library: CIL module
 0001:00070420       ft_glyphslot_done          0000000180071420 f    CIL library: CIL module
 0001:00070a80       IsMacResource              0000000180071a80 f    CIL library: CIL module
 0001:00070f10       load_face_in_embedded_rfork 0000000180071f10 f    CIL library: CIL module
 0001:00071170       IsMacBinary                0000000180072170 f    CIL library: CIL module
 0001:000712a0       destroy_face               00000001800722a0 f    CIL library: CIL module
 0001:00071460       load_mac_face              0000000180072460 f    CIL library: CIL module
 0001:00071540       Destroy_Driver             0000000180072540 f    CIL library: CIL module
 0001:00071580       Destroy_Module             0000000180072580 f    CIL library: CIL module
 0001:000720e0       af_get_interface           00000001800730e0 f    CIL library: CIL module
 0001:00072100       af_cjk_align_edge_points   0000000180073100 f    CIL library: CIL module
 0001:00072210       af_cjk_align_serif_edge    0000000180073210 f    CIL library: CIL module
 0001:00072230       af_cjk_snap_width          0000000180073230 f    CIL library: CIL module
 0001:00072290       af_cjk_hints_compute_blue_edges 0000000180073290 f    CIL library: CIL module
 0001:000723f0       af_cjk_hints_link_segments 00000001800733f0 f    CIL library: CIL module
 0001:00072710       af_cjk_metrics_scale_dim   0000000180073710 f    CIL library: CIL module
 0001:00072960       af_latin_align_serif_edge  0000000180073960 f    CIL library: CIL module
 0001:00072980       af_latin_snap_width        0000000180073980 f    CIL library: CIL module
 0001:000729e0       af_latin_hints_compute_blue_edges 00000001800739e0 f    CIL library: CIL module
 0001:00072b60       af_latin_hints_link_segments 0000000180073b60 f    CIL library: CIL module
 0001:00072d00       af_latin_metrics_scale_dim 0000000180073d00 f    CIL library: CIL module
 0001:00072f70       af_dummy_hints_apply       0000000180073f70 f    CIL library: CIL module
 0001:00072f80       af_iup_interp              0000000180073f80 f    CIL library: CIL module
 0001:000730f0       af_iup_shift               00000001800740f0 f    CIL library: CIL module
 0001:00073170       af_glyph_hints_align_strong_points 0000000180074170 f    CIL library: CIL module
 0001:00073380       af_glyph_hints_align_edge_points 0000000180074380 f    CIL library: CIL module
 0001:00073490       af_glyph_hints_save        0000000180074490 f    CIL library: CIL module
 0001:000734f0       af_glyph_hints_rescale     00000001800744f0 f    CIL library: CIL module
 0001:00073510       af_glyph_hints_done        0000000180074510 f    CIL library: CIL module
 0001:000735e0       af_glyph_hints_init        00000001800745e0 f    CIL library: CIL module
 0001:00073620       af_direction_compute       0000000180074620 f    CIL library: CIL module
 0001:00073680       af_face_globals_is_digit   0000000180074680 f    CIL library: CIL module
 0001:000736a0       af_face_globals_get_metrics 00000001800746a0 f    CIL library: CIL module
 0001:000737a0       af_face_globals_free       00000001800747a0 f    CIL library: CIL module
 0001:00073880       af_sort_and_quantize_widths 0000000180074880 f    CIL library: CIL module
 0001:00073a70       af_sort_pos                0000000180074a70 f    CIL library: CIL module
 0001:00073ad0       af_loader_init             0000000180074ad0 f    CIL library: CIL module
 0001:00073b20       af_cjk_compute_stem_width  0000000180074b20 f    CIL library: CIL module
 0001:00073c80       af_cjk_hints_init          0000000180074c80 f    CIL library: CIL module
 0001:00073d10       af_cjk_metrics_scale       0000000180074d10 f    CIL library: CIL module
 0001:00073d70       af_latin_compute_stem_width 0000000180074d70 f    CIL library: CIL module
 0001:00073f50       af_latin_hints_init        0000000180074f50 f    CIL library: CIL module
 0001:00073ff0       af_latin_metrics_scale     0000000180074ff0 f    CIL library: CIL module
 0001:00074040       af_dummy_hints_init        0000000180075040 f    CIL library: CIL module
 0001:00074060       af_glyph_hints_align_weak_points 0000000180075060 f    CIL library: CIL module
 0001:00074310       af_glyph_hints_reload      0000000180075310 f    CIL library: CIL module
 0001:000746f0       af_axis_hints_new_edge     00000001800756f0 f    CIL library: CIL module
 0001:00074890       af_axis_hints_new_segment  0000000180075890 f    CIL library: CIL module
 0001:00074970       af_face_globals_compute_script_coverage 0000000180075970 f    CIL library: CIL module
 0001:00074b50       af_autofitter_init         0000000180075b50 f    CIL library: CIL module
 0001:00074b70       af_loader_done             0000000180075b70 f    CIL library: CIL module
 0001:00074bb0       af_indic_hints_init        0000000180075bb0 f    CIL library: CIL module
 0001:00074bc0       af_indic_metrics_scale     0000000180075bc0 f    CIL library: CIL module
 0001:00074bd0       af_hint_normal_stem        0000000180075bd0 f    CIL library: CIL module
 0001:00074da0       af_cjk_align_linked_edge   0000000180075da0 f    CIL library: CIL module
 0001:00074df0       af_cjk_hints_compute_edges 0000000180075df0 f    CIL library: CIL module
 0001:00075190       af_latin_align_linked_edge 0000000180076190 f    CIL library: CIL module
 0001:00075290       af_latin_hints_compute_edges 0000000180076290 f    CIL library: CIL module
 0001:000755b0       af_latin_hints_compute_segments 00000001800765b0 f    CIL library: CIL module
 0001:00075940       af_face_globals_new        0000000180076940 f    CIL library: CIL module
 0001:000759e0       af_autofitter_done         00000001800769e0 f    CIL library: CIL module
 0001:00075a80       af_loader_load_g           0000000180076a80 f    CIL library: CIL module
 0001:00076360       af_loader_reset            0000000180077360 f    CIL library: CIL module
 0001:000763e0       af_cjk_hint_edges          00000001800773e0 f    CIL library: CIL module
 0001:00076980       af_cjk_hints_compute_segments 0000000180077980 f    CIL library: CIL module
 0001:00076a20       af_cjk_metrics_check_digits 0000000180077a20 f    CIL library: CIL module
 0001:00076ab0       af_cjk_metrics_init_blues  0000000180077ab0 f    CIL library: CIL module
 0001:00077010       af_cjk_metrics_init_widths 0000000180078010 f    CIL library: CIL module
 0001:000772c0       af_latin_hint_edges        00000001800782c0 f    CIL library: CIL module
 0001:00078100       af_latin_hints_detect_features 0000000180079100 f    CIL library: CIL module
 0001:00078140       af_latin_metrics_check_digits 0000000180079140 f    CIL library: CIL module
 0001:000781d0       af_latin_metrics_init_blues 00000001800791d0 f    CIL library: CIL module
 0001:000787f0       af_latin_metrics_init_widths 00000001800797f0 f    CIL library: CIL module
 0001:00078d20       af_loader_load_glyph       0000000180079d20 f    CIL library: CIL module
 0001:00078e80       af_indic_metrics_init      0000000180079e80 f    CIL library: CIL module
 0001:00078f00       af_cjk_hints_detect_features 0000000180079f00 f    CIL library: CIL module
 0001:00078f40       af_cjk_metrics_init        0000000180079f40 f    CIL library: CIL module
 0001:00078fd0       af_latin_hints_apply       0000000180079fd0 f    CIL library: CIL module
 0001:000790c0       af_latin_metrics_init      000000018007a0c0 f    CIL library: CIL module
 0001:00079140       af_autofitter_load_glyph   000000018007a140 f    CIL library: CIL module
 0001:00079160       af_cjk_hints_apply         000000018007a160 f    CIL library: CIL module
 0001:00079260       af_indic_hints_apply       000000018007a260 f    CIL library: CIL module
 0001:00079450       __DllMainCRTStartup$filt$0 000000018007a450 f   MSVCRT:crtdll.obj
 0001:00079480       __DllMainCRTStartup$fin$1  000000018007a480 f   MSVCRT:crtdll.obj
 0001:00079499       _onexit$fin$0              000000018007a499 f   MSVCRT:atonexit.obj
 0001:000794c0       _IsNonwritableInCurrentImage$filt$0 000000018007a4c0 f   MSVCRT:pesect.obj

 Exports

  ordinal    name

        1    FTC_CMapCache_Lookup
        2    FTC_CMapCache_New
        3    FTC_ImageCache_Lookup
        4    FTC_ImageCache_LookupScaler
        5    FTC_ImageCache_New
        6    FTC_Manager_Done
        7    FTC_Manager_LookupFace
        8    FTC_Manager_LookupSize
        9    FTC_Manager_New
       10    FTC_Manager_RemoveFaceID
       11    FTC_Manager_Reset
       12    FTC_Node_Unref
       13    FTC_SBitCache_Lookup
       14    FTC_SBitCache_LookupScaler
       15    FTC_SBitCache_New
       16    FT_Activate_Size
       17    FT_Add_Default_Modules
       18    FT_Add_Module
       19    FT_Angle_Diff
       20    FT_Atan2
       21    FT_Attach_File
       22    FT_Attach_Stream
       23    FT_Bitmap_Convert
       24    FT_Bitmap_Copy
       25    FT_Bitmap_Done
       26    FT_Bitmap_Embolden
       27    FT_Bitmap_New
       28    FT_CMap_Done
       29    FT_CMap_New
       30    FT_CeilFix
       31    FT_Cos
       32    FT_DivFix
       33    FT_Done_Face
       34    FT_Done_FreeType
       35    FT_Done_Glyph
       36    FT_Done_GlyphSlot
       37    FT_Done_Library
       38    FT_Done_Memory
       39    FT_Done_Size
       40    FT_Face_GetCharVariantIndex
       41    FT_Face_GetCharVariantIsDefault
       42    FT_Face_GetCharsOfVariant
       43    FT_Face_GetVariantSelectors
       44    FT_Face_GetVariantsOfChar
       45    FT_FloorFix
       46    FT_Get_Advance
       47    FT_Get_Advances
       48    FT_Get_CMap_Format
       49    FT_Get_CMap_Language_ID
       50    FT_Get_Char_Index
       51    FT_Get_Charmap_Index
       52    FT_Get_First_Char
       53    FT_Get_Glyph
       54    FT_Get_Glyph_Name
       55    FT_Get_Kerning
       56    FT_Get_Module
       57    FT_Get_Module_Interface
       58    FT_Get_Name_Index
       59    FT_Get_Next_Char
       60    FT_Get_Postscript_Name
       61    FT_Get_Renderer
       62    FT_Get_Sfnt_Name
       63    FT_Get_Sfnt_Name_Count
       64    FT_Get_Sfnt_Table
       65    FT_Get_SubGlyph_Info
       66    FT_Get_Track_Kerning
       67    FT_Get_TrueType_Engine_Type
       68    FT_GlyphLoader_Add
       69    FT_GlyphLoader_CheckPoints
       70    FT_GlyphLoader_CheckSubGlyphs
       71    FT_GlyphLoader_CopyPoints
       72    FT_GlyphLoader_CreateExtra
       73    FT_GlyphLoader_Done
       74    FT_GlyphLoader_New
       75    FT_GlyphLoader_Prepare
       76    FT_GlyphLoader_Reset
       77    FT_GlyphLoader_Rewind
       78    FT_GlyphSlot_Own_Bitmap
       79    FT_Glyph_Copy
       80    FT_Glyph_Get_CBox
       81    FT_Glyph_Stroke
       82    FT_Glyph_StrokeBorder
       83    FT_Glyph_To_Bitmap
       84    FT_Glyph_Transform
       85    FT_Hypot
       86    FT_Init_FreeType
       87    FT_Library_Version
       88    FT_List_Add
       89    FT_List_Finalize
       90    FT_List_Find
       91    FT_List_Insert
       92    FT_List_Iterate
       93    FT_List_Remove
       94    FT_List_Up
       95    FT_Load_Char
       96    FT_Load_Glyph
       97    FT_Load_Sfnt_Table
       98    FT_Lookup_Renderer
       99    FT_MSB
      100    FT_Match_Size
      101    FT_Matrix_Invert
      102    FT_Matrix_Multiply
      103    FT_Matrix_Multiply_Scaled
      104    FT_Message
      105    FT_MulDiv
      106    FT_MulDiv_No_Round
      107    FT_MulFix
      108    FT_New_Face
      109    FT_New_GlyphSlot
      110    FT_New_Library
      111    FT_New_Memory
      112    FT_New_Memory_Face
      113    FT_New_Size
      114    FT_Open_Face
      115    FT_Outline_Check
      116    FT_Outline_Copy
      117    FT_Outline_Decompose
      118    FT_Outline_Done
      119    FT_Outline_Done_Internal
      120    FT_Outline_Embolden
      121    FT_Outline_EmboldenXY
      122    FT_Outline_GetInsideBorder
      123    FT_Outline_GetOutsideBorder
      124    FT_Outline_Get_Bitmap
      125    FT_Outline_Get_CBox
      126    FT_Outline_Get_Orientation
      127    FT_Outline_New
      128    FT_Outline_New_Internal
      129    FT_Outline_Render
      130    FT_Outline_Reverse
      131    FT_Outline_Transform
      132    FT_Outline_Translate
      133    FT_Panic
      134    FT_Property_Get
      135    FT_Property_Set
      136    FT_Raccess_Get_DataOffsets
      137    FT_Raccess_Get_HeaderInfo
      138    FT_Raccess_Guess
      139    FT_Reference_Face
      140    FT_Reference_Library
      141    FT_Remove_Module
      142    FT_Render_Glyph
      143    FT_Render_Glyph_Internal
      144    FT_Request_Metrics
      145    FT_Request_Size
      146    FT_RoundFix
      147    FT_Select_Charmap
      148    FT_Select_Metrics
      149    FT_Select_Size
      150    FT_Set_Char_Size
      151    FT_Set_Charmap
      152    FT_Set_Debug_Hook
      153    FT_Set_Pixel_Sizes
      154    FT_Set_Renderer
      155    FT_Set_Transform
      156    FT_Sfnt_Table_Info
      157    FT_Sin
      158    FT_SqrtFixed
      159    FT_Stream_Close
      160    FT_Stream_EnterFrame
      161    FT_Stream_ExitFrame
      162    FT_Stream_ExtractFrame
      163    FT_Stream_Free
      164    FT_Stream_GetChar
      165    FT_Stream_GetULong
      166    FT_Stream_GetULongLE
      167    FT_Stream_GetUOffset
      168    FT_Stream_GetUShort
      169    FT_Stream_GetUShortLE
      170    FT_Stream_New
      171    FT_Stream_Open
      172    FT_Stream_OpenBzip2
      173    FT_Stream_OpenGzip
      174    FT_Stream_OpenLZW
      175    FT_Stream_OpenMemory
      176    FT_Stream_Pos
      177    FT_Stream_Read
      178    FT_Stream_ReadAt
      179    FT_Stream_ReadChar
      180    FT_Stream_ReadFields
      181    FT_Stream_ReadULong
      182    FT_Stream_ReadULongLE
      183    FT_Stream_ReadUOffset
      184    FT_Stream_ReadUShort
      185    FT_Stream_ReadUShortLE
      186    FT_Stream_ReleaseFrame
      187    FT_Stream_Seek
      188    FT_Stream_Skip
      189    FT_Stream_TryRead
      190    FT_Stroker_BeginSubPath
      191    FT_Stroker_ConicTo
      192    FT_Stroker_CubicTo
      193    FT_Stroker_Done
      194    FT_Stroker_EndSubPath
      195    FT_Stroker_Export
      196    FT_Stroker_ExportBorder
      197    FT_Stroker_GetBorderCounts
      198    FT_Stroker_GetCounts
      199    FT_Stroker_LineTo
      200    FT_Stroker_New
      201    FT_Stroker_ParseOutline
      202    FT_Stroker_Rewind
      203    FT_Stroker_Set
      204    FT_Tan
      205    FT_Throw
      206    FT_Trace_Get_Count
      207    FT_Trace_Get_Name
      208    FT_Vector_From_Polar
      209    FT_Vector_Length
      210    FT_Vector_Polarize
      211    FT_Vector_Rotate
      212    FT_Vector_Transform
      213    FT_Vector_Transform_Scaled
      214    FT_Vector_Unit
      215    TT_New_Context
      216    TT_RunIns
      217    ft_corner_is_flat
      218    ft_corner_orientation
      219    ft_debug_init
      220    ft_glyphslot_alloc_bitmap
      221    ft_glyphslot_free_bitmap
      222    ft_glyphslot_set_bitmap
      223    ft_highpow2
      224    ft_mem_alloc
      225    ft_mem_dup
      226    ft_mem_free
      227    ft_mem_qalloc
      228    ft_mem_qrealloc
      229    ft_mem_realloc
      230    ft_mem_strcpyn
      231    ft_mem_strdup
      232    ft_module_get_service
      233    ft_service_list_lookup
      234    ft_synthesize_vertical_metrics
      235    ft_validator_error
      236    ft_validator_init
      237    ft_validator_run
