 lib_lua

 Timestamp is 52d552e1 (Tue Jan 14 18:08:17 2014)

 Preferred load address is 0000000180000000

 Start         Length     Name                   Class
 0001:00000000 0001e206H .text                   CODE
 0001:0001e210 00000091H .text$x                 CODE
 0002:00000000 000003c0H .idata$5                DATA
 0002:000003c0 00000008H .CRT$XCA                DATA
 0002:000003c8 00000008H .CRT$XCZ                DATA
 0002:000003d0 00000008H .CRT$XIA                DATA
 0002:000003d8 00000008H .CRT$XIAA               DATA
 0002:000003e0 00000008H .CRT$XIZ                DATA
 0002:000003f0 000034e0H .rdata                  DATA
 0002:000038d0 00000008H .rtc$IAA                DATA
 0002:000038d8 00000008H .rtc$IZZ                DATA
 0002:000038e0 00000008H .rtc$TAA                DATA
 0002:000038e8 00000008H .rtc$TZZ                DATA
 0002:000038f0 00002f14H .xdata                  DATA
 0002:00006804 00000028H .idata$2                DATA
 0002:0000682c 00000014H .idata$3                DATA
 0002:00006840 000003c0H .idata$4                DATA
 0002:00006c00 0000055eH .idata$6                DATA
 0002:00007160 00000df0H .edata                  DATA
 0003:00000000 0000001cH .data                   DATA
 0003:00000020 00000040H .bss                    DATA
 0004:00000000 00002790H .pdata                  DATA

  Address         Publics by Value              Rva+Base               Lib:Object

 0000:00000000       ___safe_se_handler_count   0000000000000000     <absolute>
 0000:00000000       ___safe_se_handler_table   0000000000000000     <absolute>
 0000:00000000       __ImageBase                0000000180000000     <linker-defined>
 0001:00000060       _CRT_INIT                  0000000180001060 f   MSVCRT:crtdll.obj
 0001:000003f4       _DllMainCRTStartup         00000001800013f4 f   MSVCRT:crtdll.obj
 0001:00000434       __clean_type_info_names    0000000180001434 f   MSVCRT:tncleanup.obj
 0001:00000440       _onexit                    0000000180001440 f   MSVCRT:atonexit.obj
 0001:000004f0       atexit                     00000001800014f0 f   MSVCRT:atonexit.obj
 0001:00000508       _RTC_Initialize            0000000180001508 f   MSVCRT:_initsect_.obj
 0001:00000540       _RTC_Terminate             0000000180001540 f   MSVCRT:_initsect_.obj
 0001:00000580       _ValidateImageBase         0000000180001580 f   MSVCRT:pesect.obj
 0001:000005b0       _FindPESection             00000001800015b0 f   MSVCRT:pesect.obj
 0001:00000600       _IsNonwritableInCurrentImage 0000000180001600 f   MSVCRT:pesect.obj
 0001:00000642       _initterm                  0000000180001642 f   MSVCRT:MSVCR90.dll
 0001:00000648       _initterm_e                0000000180001648 f   MSVCRT:MSVCR90.dll
 0001:0000064e       _amsg_exit                 000000018000164e f   MSVCRT:MSVCR90.dll
 0001:00000654       __C_specific_handler       0000000180001654 f   MSVCRT:MSVCR90.dll
 0001:0000065a       __CppXcptFilter            000000018000165a f   MSVCRT:MSVCR90.dll
 0001:00000660       DllMain                    0000000180001660 f   MSVCRT:dllmain.obj
 0001:00000684       __security_init_cookie     0000000180001684 f   MSVCRT:gs_support.obj
 0001:00000738       __clean_type_info_names_internal 0000000180001738 f   MSVCRT:MSVCR90.dll
 0001:0000073e       _unlock                    000000018000173e f   MSVCRT:MSVCR90.dll
 0001:00000744       __dllonexit                0000000180001744 f   MSVCRT:MSVCR90.dll
 0001:0000074a       _lock                      000000018000174a f   MSVCRT:MSVCR90.dll
 0001:00000750       luaZ_init                  0000000180001750 f   lzio.obj
 0001:00000770       luaZ_fill                  0000000180001770 f   lzio.obj
 0001:000007d0       luaZ_read                  00000001800017d0 f   lzio.obj
 0001:00000860       luaZ_openspace             0000000180001860 f   lzio.obj
 0001:00000e40       luaV_equalobj_             0000000180001e40 f   lvm.obj
 0001:00001030       luaV_objlen                0000000180002030 f   lvm.obj
 0001:00001150       luaV_lessequal             0000000180002150 f   lvm.obj
 0001:00001240       luaV_lessthan              0000000180002240 f   lvm.obj
 0001:00001300       luaV_gettable              0000000180002300 f   lvm.obj
 0001:00001420       luaV_tonumber              0000000180002420 f   lvm.obj
 0001:00001490       luaV_arith                 0000000180002490 f   lvm.obj
 0001:00001560       luaV_tostring              0000000180002560 f   lvm.obj
 0001:000015e0       luaV_concat                00000001800025e0 f   lvm.obj
 0001:00001800       luaV_finishOp              0000000180002800 f   lvm.obj
 0001:000019d0       luaV_settable              00000001800029d0 f   lvm.obj
 0001:00001b40       luaV_execute               0000000180002b40 f   lvm.obj
 0001:00002cf0       luaU_header                0000000180003cf0 f   lundump.obj
 0001:00003530       luaU_undump                0000000180004530 f   lundump.obj
 0001:00003630       luaH_getstr                0000000180004630 f   ltable.obj
 0001:000036c0       luaH_free                  00000001800046c0 f   ltable.obj
 0001:000039c0       luaH_getint                00000001800049c0 f   ltable.obj
 0001:00003d80       luaH_new                   0000000180004d80 f   ltable.obj
 0001:00003e70       luaH_getn                  0000000180004e70 f   ltable.obj
 0001:00003ef0       luaH_get                   0000000180004ef0 f   ltable.obj
 0001:00003fc0       luaH_set                   0000000180004fc0 f   ltable.obj
 0001:00004020       luaH_resize                0000000180005020 f   ltable.obj
 0001:00004260       luaH_resizearray           0000000180005260 f   ltable.obj
 0001:000042a0       luaH_newkey                00000001800052a0 f   ltable.obj
 0001:00004410       luaH_setint                0000000180005410 f   ltable.obj
 0001:00004580       luaH_next                  0000000180005580 f   ltable.obj
 0001:000051d0       luaopen_string             00000001800061d0 f   lstrlib.obj
 0001:00006870       luaS_resize                0000000180007870 f   lstring.obj
 0001:000069c0       luaS_hash                  00000001800079c0 f   lstring.obj
 0001:00006a10       luaS_eqlngstr              0000000180007a10 f   lstring.obj
 0001:00006ac0       luaS_eqstr                 0000000180007ac0 f   lstring.obj
 0001:00006c70       luaS_newlstr               0000000180007c70 f   lstring.obj
 0001:00006cc0       luaS_new                   0000000180007cc0 f   lstring.obj
 0001:00006cf0       luaS_newudata              0000000180007cf0 f   lstring.obj
 0001:00006d90       luaE_freeCI                0000000180007d90 f   lstate.obj
 0001:00006df0       luaE_extendCI              0000000180007df0 f   lstate.obj
 0001:00006e30       luaE_setdebt               0000000180007e30 f   lstate.obj
 0001:00006f10       luaE_freethread            0000000180007f10 f   lstate.obj
 0001:00007150       lua_close                  0000000180008150 f   lstate.obj
 0001:00007170       lua_newthread              0000000180008170 f   lstate.obj
 0001:000072a0       lua_newstate               00000001800082a0 f   lstate.obj
 0001:0000ac20       luaY_parser                000000018000bc20 f   lparser.obj
 0001:0000af50       luaopen_os                 000000018000bf50 f   loslib.obj
 0001:0000b6f0       luaO_chunkid               000000018000c6f0 f   lobject.obj
 0001:0000b8e0       luaO_pushfstring           000000018000c8e0 f   lobject.obj
 0001:0000b940       luaO_hexavalue             000000018000c940 f   lobject.obj
 0001:0000b970       luaO_arith                 000000018000c970 f   lobject.obj
 0001:0000baa0       luaO_ceillog2              000000018000caa0 f   lobject.obj
 0001:0000bae0       luaO_fb2int                000000018000cae0 f   lobject.obj
 0001:0000bb00       luaO_int2fb                000000018000cb00 f   lobject.obj
 0001:0000bd30       luaO_str2d                 000000018000cd30 f   lobject.obj
 0001:0000be30       luaO_pushvfstring          000000018000ce30 f   lobject.obj
 0001:0000d0d0       luaopen_package            000000018000e0d0 f   loadlib.obj
 0001:0000d2b0       luaX_token2str             000000018000e2b0 f   llex.obj
 0001:0000d320       luaX_init                  000000018000e320 f   llex.obj
 0001:0000d380       luaX_newstring             000000018000e380 f   llex.obj
 0001:0000d420       luaX_setinput              000000018000e420 f   llex.obj
 0001:0000d890       luaX_syntaxerror           000000018000e890 f   llex.obj
 0001:0000e950       luaX_lookahead             000000018000f950 f   llex.obj
 0001:0000e980       luaX_next                  000000018000f980 f   llex.obj
 0001:0000ed20       luaC_newobj                000000018000fd20 f   lgc.obj
 0001:0000ed80       luaC_checkupvalcolor       000000018000fd80 f   lgc.obj
 0001:0000ede0       luaC_barrierback_          000000018000fde0 f   lgc.obj
 0001:0000ee10       luaC_barrier_              000000018000fe10 f   lgc.obj
 0001:0000f740       luaC_barrierproto_         0000000180010740 f   lgc.obj
 0001:0000fe20       luaC_checkfinalizer        0000000180010e20 f   lgc.obj
 0001:000103d0       luaC_runtilstate           00000001800113d0 f   lgc.obj
 0001:00010420       luaC_changemode            0000000180011420 f   lgc.obj
 0001:00010530       luaC_forcestep             0000000180011530 f   lgc.obj
 0001:000105a0       luaC_step                  00000001800115a0 f   lgc.obj
 0001:000107a0       luaC_fullgc                00000001800117a0 f   lgc.obj
 0001:00010870       luaC_freeallobjects        0000000180011870 f   lgc.obj
 0001:00010910       luaF_getlocalname          0000000180011910 f   lfunc.obj
 0001:00010960       luaF_freeproto             0000000180011960 f   lfunc.obj
 0001:00010a20       luaF_newproto              0000000180011a20 f   lfunc.obj
 0001:00010ab0       luaF_findupval             0000000180011ab0 f   lfunc.obj
 0001:00010b60       luaF_newupval              0000000180011b60 f   lfunc.obj
 0001:00010ba0       luaF_newLclosure           0000000180011ba0 f   lfunc.obj
 0001:00010c00       luaF_newCclosure           0000000180011c00 f   lfunc.obj
 0001:00010c40       luaF_freeupval             0000000180011c40 f   lfunc.obj
 0001:00010c80       luaF_close                 0000000180011c80 f   lfunc.obj
 0001:000111e0       luaU_dump                  00000001800121e0 f   ldump.obj
 0001:00011310       luaD_hook                  0000000180012310 f   ldo.obj
 0001:000114e0       luaD_rawrunprotected       00000001800124e0 f   ldo.obj
 0001:00011570       luaD_throw                 0000000180012570 f   ldo.obj
 0001:00011680       luaD_poscall               0000000180012680 f   ldo.obj
 0001:00011790       luaD_shrinkstack           0000000180012790 f   ldo.obj
 0001:000119d0       luaD_pcall                 00000001800129d0 f   ldo.obj
 0001:00011b60       luaD_precall               0000000180012b60 f   ldo.obj
 0001:00011df0       luaD_call                  0000000180012df0 f   ldo.obj
 0001:00011f90       lua_resume                 0000000180012f90 f   ldo.obj
 0001:00012060       luaD_reallocstack          0000000180013060 f   ldo.obj
 0001:00012130       luaD_growstack             0000000180013130 f   ldo.obj
 0001:000121b0       lua_yieldk                 00000001800131b0 f   ldo.obj
 0001:00012350       luaD_protectedparser       0000000180013350 f   ldo.obj
 0001:00012450       luaG_ordererror            0000000180013450 f   ldebug.obj
 0001:00012670       lua_getstack               0000000180013670 f   ldebug.obj
 0001:000126c0       lua_gethookcount           00000001800136c0 f   ldebug.obj
 0001:000126d0       lua_gethookmask            00000001800136d0 f   ldebug.obj
 0001:000126e0       lua_gethook                00000001800136e0 f   ldebug.obj
 0001:000126f0       lua_sethook                00000001800136f0 f   ldebug.obj
 0001:00012d10       lua_setlocal               0000000180013d10 f   ldebug.obj
 0001:00012d60       lua_getlocal               0000000180013d60 f   ldebug.obj
 0001:00012de0       luaG_typeerror             0000000180013de0 f   ldebug.obj
 0001:00013230       luaG_aritherror            0000000180014230 f   ldebug.obj
 0001:00013280       luaG_concaterror           0000000180014280 f   ldebug.obj
 0001:00013380       lua_getinfo                0000000180014380 f   ldebug.obj
 0001:00013450       luaG_errormsg              0000000180014450 f   ldebug.obj
 0001:000134e0       luaG_runerror              00000001800144e0 f   ldebug.obj
 0001:00013930       luaopen_debug              0000000180014930 f   ldblib.obj
 0001:00014580       luaK_fixline               0000000180015580 f   lcode.obj
 0001:000145a0       luaK_setoneret             00000001800155a0 f   lcode.obj
 0001:00014690       luaK_getlabel              0000000180015690 f   lcode.obj
 0001:000147a0       luaK_patchclose            00000001800157a0 f   lcode.obj
 0001:00014b20       luaK_numberK               0000000180015b20 f   lcode.obj
 0001:00014be0       luaK_stringK               0000000180015be0 f   lcode.obj
 0001:00014c10       luaK_checkstack            0000000180015c10 f   lcode.obj
 0001:00014cc0       luaK_reserveregs           0000000180015cc0 f   lcode.obj
 0001:00014cf0       luaK_concat                0000000180015cf0 f   lcode.obj
 0001:00014d50       luaK_patchtohere           0000000180015d50 f   lcode.obj
 0001:00014e00       luaK_setreturns            0000000180015e00 f   lcode.obj
 0001:00014ea0       luaK_patchlist             0000000180015ea0 f   lcode.obj
 0001:00015010       luaK_codeABx               0000000180016010 f   lcode.obj
 0001:00015030       luaK_codeABC               0000000180016030 f   lcode.obj
 0001:00015060       luaK_ret                   0000000180016060 f   lcode.obj
 0001:00015090       luaK_jump                  0000000180016090 f   lcode.obj
 0001:000150f0       luaK_nil                   00000001800160f0 f   lcode.obj
 0001:000151c0       luaK_setlist               00000001800161c0 f   lcode.obj
 0001:00015290       luaK_dischargevars         0000000180016290 f   lcode.obj
 0001:00015350       luaK_codek                 0000000180016350 f   lcode.obj
 0001:00015800       luaK_exp2nextreg           0000000180016800 f   lcode.obj
 0001:00015850       luaK_goiffalse             0000000180016850 f   lcode.obj
 0001:000158d0       luaK_goiftrue              00000001800168d0 f   lcode.obj
 0001:00015960       luaK_exp2anyreg            0000000180016960 f   lcode.obj
 0001:000159d0       luaK_exp2val               00000001800169d0 f   lcode.obj
 0001:000159f0       luaK_exp2anyregup          00000001800169f0 f   lcode.obj
 0001:00015a20       luaK_exp2RK                0000000180016a20 f   lcode.obj
 0001:00015b00       luaK_infix                 0000000180016b00 f   lcode.obj
 0001:00015d00       luaK_indexed               0000000180016d00 f   lcode.obj
 0001:00015d40       luaK_self                  0000000180016d40 f   lcode.obj
 0001:00015de0       luaK_storevar              0000000180016de0 f   lcode.obj
 0001:00015ed0       luaK_posfix                0000000180016ed0 f   lcode.obj
 0001:000160a0       luaK_prefix                00000001800170a0 f   lcode.obj
 0001:000162d0       luaL_buffinit              00000001800172d0 f   lauxlib.obj
 0001:00016420       luaL_testudata             0000000180017420 f   lauxlib.obj
 0001:000164b0       luaL_setmetatable          00000001800174b0 f   lauxlib.obj
 0001:000164e0       luaL_unref                 00000001800174e0 f   lauxlib.obj
 0001:00016550       luaL_ref                   0000000180017550 f   lauxlib.obj
 0001:00016660       luaL_getsubtable           0000000180017660 f   lauxlib.obj
 0001:00016700       luaL_getmetafield          0000000180017700 f   lauxlib.obj
 0001:00016770       luaL_pushresult            0000000180017770 f   lauxlib.obj
 0001:000167c0       luaL_newmetatable          00000001800177c0 f   lauxlib.obj
 0001:00016850       luaL_requiref              0000000180017850 f   lauxlib.obj
 0001:00016910       luaL_callmeta              0000000180017910 f   lauxlib.obj
 0001:00016980       luaL_pushresultsize        0000000180017980 f   lauxlib.obj
 0001:00016990       luaL_newstate              0000000180017990 f   lauxlib.obj
 0001:000169d0       luaL_tolstring             00000001800179d0 f   lauxlib.obj
 0001:00016b30       luaL_fileresult            0000000180017b30 f   lauxlib.obj
 0001:00016bd0       luaL_where                 0000000180017bd0 f   lauxlib.obj
 0001:00016c50       luaL_execresult            0000000180017c50 f   lauxlib.obj
 0001:00016cc0       luaL_error                 0000000180017cc0 f   lauxlib.obj
 0001:00016d20       luaL_checkversion_         0000000180017d20 f   lauxlib.obj
 0001:00016de0       luaL_len                   0000000180017de0 f   lauxlib.obj
 0001:00016e40       luaL_prepbuffsize          0000000180017e40 f   lauxlib.obj
 0001:00016f00       luaL_checkstack            0000000180017f00 f   lauxlib.obj
 0001:00017080       luaL_setfuncs              0000000180018080 f   lauxlib.obj
 0001:00017150       luaL_buffinitsize          0000000180018150 f   lauxlib.obj
 0001:00017180       luaL_addlstring            0000000180018180 f   lauxlib.obj
 0001:00017270       luaL_addvalue              0000000180018270 f   lauxlib.obj
 0001:00017300       luaL_addstring             0000000180018300 f   lauxlib.obj
 0001:00017330       luaL_argerror              0000000180018330 f   lauxlib.obj
 0001:00017510       luaL_gsub                  0000000180018510 f   lauxlib.obj
 0001:000175f0       luaL_checkany              00000001800185f0 f   lauxlib.obj
 0001:00017680       luaL_traceback             0000000180018680 f   lauxlib.obj
 0001:00017820       luaL_checkudata            0000000180018820 f   lauxlib.obj
 0001:000178a0       luaL_checkunsigned         00000001800188a0 f   lauxlib.obj
 0001:000178f0       luaL_checkinteger          00000001800188f0 f   lauxlib.obj
 0001:00017940       luaL_checknumber           0000000180018940 f   lauxlib.obj
 0001:00017990       luaL_checklstring          0000000180018990 f   lauxlib.obj
 0001:000179d0       luaL_checktype             00000001800189d0 f   lauxlib.obj
 0001:00017a10       luaL_optunsigned           0000000180018a10 f   lauxlib.obj
 0001:00017a50       luaL_optinteger            0000000180018a50 f   lauxlib.obj
 0001:00017a90       luaL_optnumber             0000000180018a90 f   lauxlib.obj
 0001:00017ad0       luaL_optlstring            0000000180018ad0 f   lauxlib.obj
 0001:00017b50       luaL_checkoption           0000000180018b50 f   lauxlib.obj
 0001:00017c00       luaL_loadbufferx           0000000180018c00 f   lauxlib.obj
 0001:00017c40       luaL_loadfilex             0000000180018c40 f   lauxlib.obj
 0001:00017e10       luaL_loadstring            0000000180018e10 f   lauxlib.obj
 0001:00017ee0       lua_setallocf              0000000180018ee0 f   lapi.obj
 0001:00017f00       lua_getallocf              0000000180018f00 f   lapi.obj
 0001:00017f20       lua_status                 0000000180018f20 f   lapi.obj
 0001:00017f30       lua_getctx                 0000000180018f30 f   lapi.obj
 0001:00017f60       lua_pushthread             0000000180018f60 f   lapi.obj
 0001:00017f90       lua_pushlightuserdata      0000000180018f90 f   lapi.obj
 0001:00017fb0       lua_pushboolean            0000000180018fb0 f   lapi.obj
 0001:00017fe0       lua_pushunsigned           0000000180018fe0 f   lapi.obj
 0001:00018020       lua_pushinteger            0000000180019020 f   lapi.obj
 0001:00018050       lua_pushnumber             0000000180019050 f   lapi.obj
 0001:00018070       lua_pushnil                0000000180019070 f   lapi.obj
 0001:00018090       lua_typename               0000000180019090 f   lapi.obj
 0001:000180b0       lua_settop                 00000001800190b0 f   lapi.obj
 0001:00018110       lua_gettop                 0000000180019110 f   lapi.obj
 0001:00018130       lua_absindex               0000000180019130 f   lapi.obj
 0001:00018160       lua_version                0000000180019160 f   lapi.obj
 0001:00018180       lua_atpanic                0000000180019180 f   lapi.obj
 0001:000181a0       lua_xmove                  00000001800191a0 f   lapi.obj
 0001:000182d0       lua_setupvalue             00000001800192d0 f   lapi.obj
 0001:00018360       lua_getupvalue             0000000180019360 f   lapi.obj
 0001:000183c0       lua_setuservalue           00000001800193c0 f   lapi.obj
 0001:00018430       lua_getuservalue           0000000180019430 f   lapi.obj
 0001:00018480       lua_getmetatable           0000000180019480 f   lapi.obj
 0001:000184f0       lua_rawgeti                00000001800194f0 f   lapi.obj
 0001:00018530       lua_tothread               0000000180019530 f   lapi.obj
 0001:00018560       lua_touserdata             0000000180019560 f   lapi.obj
 0001:000185a0       lua_tocfunction            00000001800195a0 f   lapi.obj
 0001:000185e0       lua_toboolean              00000001800195e0 f   lapi.obj
 0001:00018620       lua_isuserdata             0000000180019620 f   lapi.obj
 0001:00018650       lua_iscfunction            0000000180019650 f   lapi.obj
 0001:00018680       lua_type                   0000000180019680 f   lapi.obj
 0001:000186b0       lua_pushvalue              00000001800196b0 f   lapi.obj
 0001:00018750       lua_insert                 0000000180019750 f   lapi.obj
 0001:000187b0       lua_remove                 00000001800197b0 f   lapi.obj
 0001:00018800       lua_upvaluejoin            0000000180019800 f   lapi.obj
 0001:00018870       lua_upvalueid              0000000180019870 f   lapi.obj
 0001:000188f0       lua_topointer              00000001800198f0 f   lapi.obj
 0001:00018990       lua_isstring               0000000180019990 f   lapi.obj
 0001:000189c0       lua_copy                   00000001800199c0 f   lapi.obj
 0001:000189f0       lua_replace                00000001800199f0 f   lapi.obj
 0001:00018a20       lua_rawgetp                0000000180019a20 f   lapi.obj
 0001:00018a70       lua_rawget                 0000000180019a70 f   lapi.obj
 0001:00018ab0       lua_rawlen                 0000000180019ab0 f   lapi.obj
 0001:00018b10       lua_rawequal               0000000180019b10 f   lapi.obj
 0001:00018b80       lua_len                    0000000180019b80 f   lapi.obj
 0001:00018bb0       lua_rawsetp                0000000180019bb0 f   lapi.obj
 0001:00018c40       lua_rawset                 0000000180019c40 f   lapi.obj
 0001:00018cd0       lua_gettable               0000000180019cd0 f   lapi.obj
 0001:00018d00       lua_tounsignedx            0000000180019d00 f   lapi.obj
 0001:00018d70       lua_tointegerx             0000000180019d70 f   lapi.obj
 0001:00018dd0       lua_tonumberx              0000000180019dd0 f   lapi.obj
 0001:00018e30       lua_compare                0000000180019e30 f   lapi.obj
 0001:00018ee0       lua_isnumber               0000000180019ee0 f   lapi.obj
 0001:00018f20       lua_dump                   0000000180019f20 f   lapi.obj
 0001:00018f70       lua_getfield               0000000180019f70 f   lapi.obj
 0001:00018fe0       lua_getglobal              0000000180019fe0 f   lapi.obj
 0001:00019060       lua_arith                  000000018001a060 f   lapi.obj
 0001:00019100       lua_setmetatable           000000018001a100 f   lapi.obj
 0001:000191d0       lua_rawseti                000000018001a1d0 f   lapi.obj
 0001:00019240       lua_setfield               000000018001a240 f   lapi.obj
 0001:000192c0       lua_settable               000000018001a2c0 f   lapi.obj
 0001:00019300       lua_setglobal              000000018001a300 f   lapi.obj
 0001:00019380       lua_concat                 000000018001a380 f   lapi.obj
 0001:00019400       lua_createtable            000000018001a400 f   lapi.obj
 0001:00019480       lua_pushcclosure           000000018001a480 f   lapi.obj
 0001:00019560       lua_pushstring             000000018001a560 f   lapi.obj
 0001:000195d0       lua_pushlstring            000000018001a5d0 f   lapi.obj
 0001:00019640       lua_tolstring              000000018001a640 f   lapi.obj
 0001:000196f0       lua_error                  000000018001a6f0 f   lapi.obj
 0001:00019720       lua_callk                  000000018001a720 f   lapi.obj
 0001:000197a0       lua_pcallk                 000000018001a7a0 f   lapi.obj
 0001:000198b0       lua_gc                     000000018001a8b0 f   lapi.obj
 0001:00019ab0       lua_pushfstring            000000018001aab0 f   lapi.obj
 0001:00019b00       lua_pushvfstring           000000018001ab00 f   lapi.obj
 0001:00019b50       lua_checkstack             000000018001ab50 f   lapi.obj
 0001:00019c00       lua_newuserdata            000000018001ac00 f   lapi.obj
 0001:00019c60       lua_next                   000000018001ac60 f   lapi.obj
 0001:00019cb0       lua_load                   000000018001acb0 f   lapi.obj
 0001:00019d60       luaT_gettmbyobj            000000018001ad60 f   ltm.obj
 0001:00019dc0       luaT_gettm                 000000018001adc0 f   ltm.obj
 0001:00019e00       luaT_init                  000000018001ae00 f   ltm.obj
 0001:0001ab50       luaopen_io                 000000018001bb50 f   liolib.obj
 0001:0001b420       luaopen_coroutine          000000018001c420 f   lcorolib.obj
 0001:0001b700       luaopen_bit32              000000018001c700 f   lbitlib.obj
 0001:0001bfb0       luaopen_base               000000018001cfb0 f   lbaselib.obj
 0001:0001d0c0       luaopen_table              000000018001e0c0 f   ltablib.obj
 0001:0001d600       luaL_openlibs              000000018001e600 f   linit.obj
 0001:0001d680       luaM_realloc_              000000018001e680 f   lmem.obj
 0001:0001d720       luaM_toobig                000000018001e720 f   lmem.obj
 0001:0001d740       luaM_growaux_              000000018001e740 f   lmem.obj
 0001:0001d7f0       luaopen_math               000000018001e7f0 f   lmathlib.obj
 0001:0001e182       memcmp                     000000018001f182 f   MSVCRT:MSVCR90.dll
 0001:0001e188       memcpy                     000000018001f188 f   MSVCRT:MSVCR90.dll
 0001:0001e18e       floor                      000000018001f18e f   MSVCRT:MSVCR90.dll
 0001:0001e194       pow                        000000018001f194 f   MSVCRT:MSVCR90.dll
 0001:0001e19a       _setjmp                    000000018001f19a f   MSVCRT:MSVCR90.dll
 0001:0001e1a0       memset                     000000018001f1a0 f   MSVCRT:MSVCR90.dll
 0001:0001e1a6       exp                        000000018001f1a6 f   MSVCRT:MSVCR90.dll
 0001:0001e1ac       log10                      000000018001f1ac f   MSVCRT:MSVCR90.dll
 0001:0001e1b2       log                        000000018001f1b2 f   MSVCRT:MSVCR90.dll
 0001:0001e1b8       sqrt                       000000018001f1b8 f   MSVCRT:MSVCR90.dll
 0001:0001e1be       fmod                       000000018001f1be f   MSVCRT:MSVCR90.dll
 0001:0001e1c4       ceil                       000000018001f1c4 f   MSVCRT:MSVCR90.dll
 0001:0001e1ca       atan2                      000000018001f1ca f   MSVCRT:MSVCR90.dll
 0001:0001e1d0       atan                       000000018001f1d0 f   MSVCRT:MSVCR90.dll
 0001:0001e1d6       acos                       000000018001f1d6 f   MSVCRT:MSVCR90.dll
 0001:0001e1dc       asin                       000000018001f1dc f   MSVCRT:MSVCR90.dll
 0001:0001e1e2       tanh                       000000018001f1e2 f   MSVCRT:MSVCR90.dll
 0001:0001e1e8       tan                        000000018001f1e8 f   MSVCRT:MSVCR90.dll
 0001:0001e1ee       cosh                       000000018001f1ee f   MSVCRT:MSVCR90.dll
 0001:0001e1f4       cos                        000000018001f1f4 f   MSVCRT:MSVCR90.dll
 0001:0001e1fa       sinh                       000000018001f1fa f   MSVCRT:MSVCR90.dll
 0001:0001e200       sin                        000000018001f200 f   MSVCRT:MSVCR90.dll
 0002:00000000       __imp_FreeLibrary          0000000180020000     kernel32:KERNEL32.dll
 0002:00000008       __imp_FormatMessageA       0000000180020008     kernel32:KERNEL32.dll
 0002:00000010       __imp_GetLastError         0000000180020010     kernel32:KERNEL32.dll
 0002:00000018       __imp_GetProcAddress       0000000180020018     kernel32:KERNEL32.dll
 0002:00000020       __imp_GetModuleFileNameA   0000000180020020     kernel32:KERNEL32.dll
 0002:00000028       __imp_LoadLibraryExA       0000000180020028     kernel32:KERNEL32.dll
 0002:00000030       __imp_GetCurrentProcessId  0000000180020030     kernel32:KERNEL32.dll
 0002:00000038       __imp_GetCurrentThreadId   0000000180020038     kernel32:KERNEL32.dll
 0002:00000040       __imp_GetTickCount         0000000180020040     kernel32:KERNEL32.dll
 0002:00000048       __imp_QueryPerformanceCounter 0000000180020048     kernel32:KERNEL32.dll
 0002:00000050       __imp_DisableThreadLibraryCalls 0000000180020050     kernel32:KERNEL32.dll
 0002:00000058       __imp_Sleep                0000000180020058     kernel32:KERNEL32.dll
 0002:00000060       __imp_GetSystemTimeAsFileTime 0000000180020060     kernel32:KERNEL32.dll
 0002:00000068       \177KERNEL32_NULL_THUNK_DATA 0000000180020068     kernel32:KERNEL32.dll
 0002:00000070       __imp_fopen                0000000180020070     MSVCRT:MSVCR90.dll
 0002:00000078       __imp_fread                0000000180020078     MSVCRT:MSVCR90.dll
 0002:00000080       __imp_fprintf              0000000180020080     MSVCRT:MSVCR90.dll
 0002:00000088       __imp_ferror               0000000180020088     MSVCRT:MSVCR90.dll
 0002:00000090       __imp_freopen              0000000180020090     MSVCRT:MSVCR90.dll
 0002:00000098       __imp_realloc              0000000180020098     MSVCRT:MSVCR90.dll
 0002:000000a0       __imp_fclose               00000001800200a0     MSVCRT:MSVCR90.dll
 0002:000000a8       __imp_getc                 00000001800200a8     MSVCRT:MSVCR90.dll
 0002:000000b0       __imp_isalnum              00000001800200b0     MSVCRT:MSVCR90.dll
 0002:000000b8       __imp_isdigit              00000001800200b8     MSVCRT:MSVCR90.dll
 0002:000000c0       __imp_fwrite               00000001800200c0     MSVCRT:MSVCR90.dll
 0002:000000c8       __imp_toupper              00000001800200c8     MSVCRT:MSVCR90.dll
 0002:000000d0       __imp_strspn               00000001800200d0     MSVCRT:MSVCR90.dll
 0002:000000d8       __imp_strchr               00000001800200d8     MSVCRT:MSVCR90.dll
 0002:000000e0       __imp_fgets                00000001800200e0     MSVCRT:MSVCR90.dll
 0002:000000e8       __imp_abort                00000001800200e8     MSVCRT:MSVCR90.dll
 0002:000000f0       __imp_longjmp              00000001800200f0     MSVCRT:MSVCR90.dll
 0002:000000f8       __imp_fscanf               00000001800200f8     MSVCRT:MSVCR90.dll
 0002:00000100       __imp_tmpfile              0000000180020100     MSVCRT:MSVCR90.dll
 0002:00000108       __imp__ftelli64            0000000180020108     MSVCRT:MSVCR90.dll
 0002:00000110       __imp__pclose              0000000180020110     MSVCRT:MSVCR90.dll
 0002:00000118       __imp_ungetc               0000000180020118     MSVCRT:MSVCR90.dll
 0002:00000120       __imp__fseeki64            0000000180020120     MSVCRT:MSVCR90.dll
 0002:00000128       __imp__popen               0000000180020128     MSVCRT:MSVCR90.dll
 0002:00000130       __imp_setvbuf              0000000180020130     MSVCRT:MSVCR90.dll
 0002:00000138       __imp_clearerr             0000000180020138     MSVCRT:MSVCR90.dll
 0002:00000140       __imp_localeconv           0000000180020140     MSVCRT:MSVCR90.dll
 0002:00000148       __imp_modf                 0000000180020148     MSVCRT:MSVCR90.dll
 0002:00000150       __imp_ldexp                0000000180020150     MSVCRT:MSVCR90.dll
 0002:00000158       __imp_rand                 0000000180020158     MSVCRT:MSVCR90.dll
 0002:00000160       __imp_srand                0000000180020160     MSVCRT:MSVCR90.dll
 0002:00000168       __imp_frexp                0000000180020168     MSVCRT:MSVCR90.dll
 0002:00000170       __imp__HUGE                0000000180020170     MSVCRT:MSVCR90.dll
 0002:00000178       __imp_strrchr              0000000180020178     MSVCRT:MSVCR90.dll
 0002:00000180       __imp_getenv               0000000180020180     MSVCRT:MSVCR90.dll
 0002:00000188       __imp__errno               0000000180020188     MSVCRT:MSVCR90.dll
 0002:00000190       __imp_sprintf              0000000180020190     MSVCRT:MSVCR90.dll
 0002:00000198       __imp_strpbrk              0000000180020198     MSVCRT:MSVCR90.dll
 0002:000001a0       __imp_rename               00000001800201a0     MSVCRT:MSVCR90.dll
 0002:000001a8       __imp__mktime64            00000001800201a8     MSVCRT:MSVCR90.dll
 0002:000001b0       __imp__gmtime64            00000001800201b0     MSVCRT:MSVCR90.dll
 0002:000001b8       __imp_tmpnam               00000001800201b8     MSVCRT:MSVCR90.dll
 0002:000001c0       __imp_system               00000001800201c0     MSVCRT:MSVCR90.dll
 0002:000001c8       __imp_remove               00000001800201c8     MSVCRT:MSVCR90.dll
 0002:000001d0       __imp_clock                00000001800201d0     MSVCRT:MSVCR90.dll
 0002:000001d8       __imp_strftime             00000001800201d8     MSVCRT:MSVCR90.dll
 0002:000001e0       __imp_setlocale            00000001800201e0     MSVCRT:MSVCR90.dll
 0002:000001e8       __imp__localtime64         00000001800201e8     MSVCRT:MSVCR90.dll
 0002:000001f0       __imp__difftime64          00000001800201f0     MSVCRT:MSVCR90.dll
 0002:000001f8       __imp__time64              00000001800201f8     MSVCRT:MSVCR90.dll
 0002:00000200       __imp_exit                 0000000180020200     MSVCRT:MSVCR90.dll
 0002:00000208       __imp_isgraph              0000000180020208     MSVCRT:MSVCR90.dll
 0002:00000210       __imp_isspace              0000000180020210     MSVCRT:MSVCR90.dll
 0002:00000218       __imp_memchr               0000000180020218     MSVCRT:MSVCR90.dll
 0002:00000220       __imp_ispunct              0000000180020220     MSVCRT:MSVCR90.dll
 0002:00000228       __imp_tolower              0000000180020228     MSVCRT:MSVCR90.dll
 0002:00000230       __imp_isalpha              0000000180020230     MSVCRT:MSVCR90.dll
 0002:00000238       __imp_isupper              0000000180020238     MSVCRT:MSVCR90.dll
 0002:00000240       __imp_iscntrl              0000000180020240     MSVCRT:MSVCR90.dll
 0002:00000248       __imp_islower              0000000180020248     MSVCRT:MSVCR90.dll
 0002:00000250       __imp_isxdigit             0000000180020250     MSVCRT:MSVCR90.dll
 0002:00000258       __imp_strcoll              0000000180020258     MSVCRT:MSVCR90.dll
 0002:00000260       __imp__encode_pointer      0000000180020260     MSVCRT:MSVCR90.dll
 0002:00000268       __imp__malloc_crt          0000000180020268     MSVCRT:MSVCR90.dll
 0002:00000270       __imp__initterm            0000000180020270     MSVCRT:MSVCR90.dll
 0002:00000278       __imp__initterm_e          0000000180020278     MSVCRT:MSVCR90.dll
 0002:00000280       __imp__encoded_null        0000000180020280     MSVCRT:MSVCR90.dll
 0002:00000288       __imp__decode_pointer      0000000180020288     MSVCRT:MSVCR90.dll
 0002:00000290       __imp__amsg_exit           0000000180020290     MSVCRT:MSVCR90.dll
 0002:00000298       __imp___C_specific_handler 0000000180020298     MSVCRT:MSVCR90.dll
 0002:000002a0       __imp___CppXcptFilter      00000001800202a0     MSVCRT:MSVCR90.dll
 0002:000002a8       __imp___clean_type_info_names_internal 00000001800202a8     MSVCRT:MSVCR90.dll
 0002:000002b0       __imp__unlock              00000001800202b0     MSVCRT:MSVCR90.dll
 0002:000002b8       __imp___dllonexit          00000001800202b8     MSVCRT:MSVCR90.dll
 0002:000002c0       __imp__lock                00000001800202c0     MSVCRT:MSVCR90.dll
 0002:000002c8       __imp__onexit              00000001800202c8     MSVCRT:MSVCR90.dll
 0002:000002d0       __imp_fflush               00000001800202d0     MSVCRT:MSVCR90.dll
 0002:000002d8       __imp___iob_func           00000001800202d8     MSVCRT:MSVCR90.dll
 0002:000002e0       __imp_strstr               00000001800202e0     MSVCRT:MSVCR90.dll
 0002:000002e8       __imp_strerror             00000001800202e8     MSVCRT:MSVCR90.dll
 0002:000002f0       __imp_free                 00000001800202f0     MSVCRT:MSVCR90.dll
 0002:000002f8       __imp_feof                 00000001800202f8     MSVCRT:MSVCR90.dll
 0002:00000300       __imp_strtod               0000000180020300     MSVCRT:MSVCR90.dll
 0002:00000308       __imp_memcmp               0000000180020308     MSVCRT:MSVCR90.dll
 0002:00000310       __imp_memcpy               0000000180020310     MSVCRT:MSVCR90.dll
 0002:00000318       __imp_floor                0000000180020318     MSVCRT:MSVCR90.dll
 0002:00000320       __imp_pow                  0000000180020320     MSVCRT:MSVCR90.dll
 0002:00000328       __imp__setjmp              0000000180020328     MSVCRT:MSVCR90.dll
 0002:00000330       __imp_memset               0000000180020330     MSVCRT:MSVCR90.dll
 0002:00000338       __imp_exp                  0000000180020338     MSVCRT:MSVCR90.dll
 0002:00000340       __imp_log10                0000000180020340     MSVCRT:MSVCR90.dll
 0002:00000348       __imp_log                  0000000180020348     MSVCRT:MSVCR90.dll
 0002:00000350       __imp_sqrt                 0000000180020350     MSVCRT:MSVCR90.dll
 0002:00000358       __imp_fmod                 0000000180020358     MSVCRT:MSVCR90.dll
 0002:00000360       __imp_ceil                 0000000180020360     MSVCRT:MSVCR90.dll
 0002:00000368       __imp_atan2                0000000180020368     MSVCRT:MSVCR90.dll
 0002:00000370       __imp_atan                 0000000180020370     MSVCRT:MSVCR90.dll
 0002:00000378       __imp_acos                 0000000180020378     MSVCRT:MSVCR90.dll
 0002:00000380       __imp_asin                 0000000180020380     MSVCRT:MSVCR90.dll
 0002:00000388       __imp_tanh                 0000000180020388     MSVCRT:MSVCR90.dll
 0002:00000390       __imp_tan                  0000000180020390     MSVCRT:MSVCR90.dll
 0002:00000398       __imp_cosh                 0000000180020398     MSVCRT:MSVCR90.dll
 0002:000003a0       __imp_cos                  00000001800203a0     MSVCRT:MSVCR90.dll
 0002:000003a8       __imp_sinh                 00000001800203a8     MSVCRT:MSVCR90.dll
 0002:000003b0       __imp_sin                  00000001800203b0     MSVCRT:MSVCR90.dll
 0002:000003b8       \177MSVCR90_NULL_THUNK_DATA 00000001800203b8     MSVCRT:MSVCR90.dll
 0002:000003c0       __xc_a                     00000001800203c0     MSVCRT:cinitexe.obj
 0002:000003c8       __xc_z                     00000001800203c8     MSVCRT:cinitexe.obj
 0002:000003d0       __xi_a                     00000001800203d0     MSVCRT:cinitexe.obj
 0002:000003e0       __xi_z                     00000001800203e0     MSVCRT:cinitexe.obj
 0002:000003f0       _pRawDllMain               00000001800203f0     MSVCRT:crtdll.obj
 0002:000003f0       _pDefaultRawDllMain        00000001800203f0     MSVCRT:crtdll.obj
 0002:00000410       luaT_typenames_            0000000180020410     ltm.obj
 0002:000007d0       luaP_opnames               00000001800207d0     lopcodes.obj
 0002:00000918       luaP_opmodes               0000000180020918     lopcodes.obj
 0002:00000940       luaO_nilobject_            0000000180020940     lobject.obj
 0002:00001150       luai_ctype_                0000000180021150     lctype.obj
 0002:000015a0       lua_ident                  00000001800215a0     lapi.obj
 0002:00001638       ??_C@_01OGPIMHDM@?$DP?$AA@ 0000000180021638     lapi.obj
 0002:0000163a       ??_C@_00CNPNBAHC@?$AA@     000000018002163a     lapi.obj
 0002:0000163c       ??_C@_01LFCBOECM@?4?$AA@   000000018002163c     lauxlib.obj
 0002:00001640       ??_C@_01INIBCBCB@f?$AA@    0000000180021640     lauxlib.obj
 0002:00001648       ??_C@_0O@EHCGJIOP@function?5?8?$CFs?8?$AA@ 0000000180021648     lauxlib.obj
 0002:00001658       ??_C@_0L@HEICADBI@main?5chunk?$AA@ 0000000180021658     lauxlib.obj
 0002:00001668       ??_C@_0BB@OJHNELPG@function?5?$DM?$CFs?3?$CFd?$DO?$AA@ 0000000180021668     lauxlib.obj
 0002:0000167c       ??_C@_03OFAPEBGM@?$CFs?6?$AA@ 000000018002167c     lauxlib.obj
 0002:00001680       ??_C@_0BB@CJHIJJAH@stack?5traceback?3?$AA@ 0000000180021680     lauxlib.obj
 0002:00001694       ??_C@_05JLIPKFIA@?6?7?4?4?4?$AA@ 0000000180021694     lauxlib.obj
 0002:0000169c       ??_C@_04DOIEKPJK@Slnt?$AA@ 000000018002169c     lauxlib.obj
 0002:000016a4       ??_C@_05GEEEIDH@?6?7?$CFs?3?$AA@ 00000001800216a4     lauxlib.obj
 0002:000016ac       ??_C@_03CDCAMCGK@?$CFd?3?$AA@ 00000001800216ac     lauxlib.obj
 0002:000016b0       ??_C@_04GJPPFNOH@?5in?5?$AA@ 00000001800216b0     lauxlib.obj
 0002:000016b8       ??_C@_0BF@HEPAINJG@?6?7?$CI?4?4?4tail?5calls?4?4?4?$CJ?$AA@ 00000001800216b8     lauxlib.obj
 0002:000016d0       ??_C@_0BG@CHJGEHJL@bad?5argument?5?$CD?$CFd?5?$CI?$CFs?$CJ?$AA@ 00000001800216d0     lauxlib.obj
 0002:000016e8       ??_C@_01EFFIKLCJ@n?$AA@    00000001800216e8     lauxlib.obj
 0002:000016ec       ??_C@_06GABBCIBA@method?$AA@ 00000001800216ec     lauxlib.obj
 0002:000016f8       ??_C@_0BO@LENGMNDF@calling?5?8?$CFs?8?5on?5bad?5self?5?$CI?$CFs?$CJ?$AA@ 00000001800216f8     lauxlib.obj
 0002:00001718       ??_C@_0BO@GOMKJOAH@bad?5argument?5?$CD?$CFd?5to?5?8?$CFs?8?5?$CI?$CFs?$CJ?$AA@ 0000000180021718     lauxlib.obj
 0002:00001738       ??_C@_0BE@LDJANOJE@?$CFs?5expected?0?5got?5?$CFs?$AA@ 0000000180021738     lauxlib.obj
 0002:0000174c       ??_C@_02KHAMJCKP@Sl?$AA@   000000018002174c     lauxlib.obj
 0002:00001750       ??_C@_07FCDHCGBN@?$CFs?3?$CFd?3?5?$AA@ 0000000180021750     lauxlib.obj
 0002:00001758       ??_C@_06DJHOIPC@?$CFs?3?5?$CFs?$AA@ 0000000180021758     lauxlib.obj
 0002:00001760       ??_C@_04MKNBDEPB@exit?$AA@ 0000000180021760     lauxlib.obj
 0002:00001768       ??_C@_0BE@HBADPNMP@invalid?5option?5?8?$CFs?8?$AA@ 0000000180021768     lauxlib.obj
 0002:00001780       ??_C@_0BE@CBBDHBEP@stack?5overflow?5?$CI?$CFs?$CJ?$AA@ 0000000180021780     lauxlib.obj
 0002:00001798       ??_C@_0P@EODJGPIM@stack?5overflow?$AA@ 0000000180021798     lauxlib.obj
 0002:000017a8       ??_C@_0P@PDHEKNMA@value?5expected?$AA@ 00000001800217a8     lauxlib.obj
 0002:000017b8       ??_C@_0BB@IIFCFAGL@buffer?5too?5large?$AA@ 00000001800217b8     lauxlib.obj
 0002:000017d0       ??_C@_0BB@BJDGDOHH@cannot?5?$CFs?5?$CFs?3?5?$CFs?$AA@ 00000001800217d0     lauxlib.obj
 0002:000017e4       ??_C@_03PKPBNCAL@?o?$LL?$LP?$AA@ 00000001800217e4     lauxlib.obj
 0002:000017e8       ??_C@_06CCPPALKB@?$DNstdin?$AA@ 00000001800217e8     lauxlib.obj
 0002:000017f0       ??_C@_03HPDLNGOA@?$EA?$CFs?$AA@ 00000001800217f0     lauxlib.obj
 0002:000017f4       ??_C@_01KDCPPGHE@r?$AA@    00000001800217f4     lauxlib.obj
 0002:000017f8       ??_C@_04PMOCAHAA@open?$AA@ 00000001800217f8     lauxlib.obj
 0002:00001800       ??_C@_02JDPG@rb?$AA@       0000000180021800     lauxlib.obj
 0002:00001804       ??_C@_06IEGCHAII@reopen?$AA@ 0000000180021804     lauxlib.obj
 0002:0000180c       ??_C@_04POLDLDMI@read?$AA@ 000000018002180c     lauxlib.obj
 0002:00001818       ??_C@_0BO@HJHNJKKN@object?5length?5is?5not?5a?5number?$AA@ 0000000180021818     lauxlib.obj
 0002:00001838       ??_C@_0L@HDFPAPPH@__tostring?$AA@ 0000000180021838     lauxlib.obj
 0002:00001844       ??_C@_04LOAJBDKD@true?$AA@ 0000000180021844     lauxlib.obj
 0002:0000184c       ??_C@_05LAPONLG@false?$AA@ 000000018002184c     lauxlib.obj
 0002:00001854       ??_C@_03ILAMHENH@nil?$AA@  0000000180021854     lauxlib.obj
 0002:00001858       ??_C@_06CILKLLDB@?$CFs?3?5?$CFp?$AA@ 0000000180021858     lauxlib.obj
 0002:00001860       ??_C@_0BC@CDGHCIOF@too?5many?5upvalues?$AA@ 0000000180021860     lauxlib.obj
 0002:00001878       ??_C@_07PINPBNPB@_LOADED?$AA@ 0000000180021878     lauxlib.obj
 0002:00001880       ??_C@_0DC@EFOPIIKP@PANIC?3?5unprotected?5error?5in?5call@ 0000000180021880     lauxlib.obj
 0002:000018b8       ??_C@_0BK@DLNLJHN@multiple?5Lua?5VMs?5detected?$AA@ 00000001800218b8     lauxlib.obj
 0002:000018d8       ??_C@_0DG@EDLDPMHE@version?5mismatch?3?5app?4?5needs?5?$CFf?0@ 00000001800218d8     lauxlib.obj
 0002:00001910       ??_C@_0EE@HDFFKJFL@bad?5conversion?5number?9?$DOint?$DL?5must@ 0000000180021910     lauxlib.obj
 0002:00001954       ??_C@_06GDLLDIBI@xpcall?$AA@ 0000000180021954     lbaselib.obj
 0002:0000195c       ??_C@_04GPMDFGEJ@type?$AA@ 000000018002195c     lbaselib.obj
 0002:00001968       ??_C@_08JOIMPOJO@tonumber?$AA@ 0000000180021968     lbaselib.obj
 0002:00001978       ??_C@_0N@MCAAIDEK@setmetatable?$AA@ 0000000180021978     lbaselib.obj
 0002:00001988       ??_C@_06LGNCCACI@select?$AA@ 0000000180021988     lbaselib.obj
 0002:00001990       ??_C@_06ONPLLLOI@rawset?$AA@ 0000000180021990     lbaselib.obj
 0002:00001998       ??_C@_06DCIAHLCA@rawget?$AA@ 0000000180021998     lbaselib.obj
 0002:000019a0       ??_C@_06FFKMAGPK@rawlen?$AA@ 00000001800219a0     lbaselib.obj
 0002:000019a8       ??_C@_08LCBKMMAG@rawequal?$AA@ 00000001800219a8     lbaselib.obj
 0002:000019b4       ??_C@_05IJDJACGD@print?$AA@ 00000001800219b4     lbaselib.obj
 0002:000019bc       ??_C@_05JAJCNIIJ@pcall?$AA@ 00000001800219bc     lbaselib.obj
 0002:000019c4       ??_C@_05PEAECDOC@pairs?$AA@ 00000001800219c4     lbaselib.obj
 0002:000019cc       ??_C@_04CJGEDOF@next?$AA@  00000001800219cc     lbaselib.obj
 0002:000019d4       ??_C@_04EONOHKEP@load?$AA@ 00000001800219d4     lbaselib.obj
 0002:000019e0       ??_C@_08BNNFLGCJ@loadfile?$AA@ 00000001800219e0     lbaselib.obj
 0002:000019ec       ??_C@_06MGIEFEAJ@ipairs?$AA@ 00000001800219ec     lbaselib.obj
 0002:000019f8       ??_C@_0N@LGLOEPAG@getmetatable?$AA@ 00000001800219f8     lbaselib.obj
 0002:00001a08       ??_C@_05KKCIMGE@error?$AA@ 0000000180021a08     lbaselib.obj
 0002:00001a10       ??_C@_06ONNDGCDK@dofile?$AA@ 0000000180021a10     lbaselib.obj
 0002:00001a18       ??_C@_0P@CKFEAJJE@collectgarbage?$AA@ 0000000180021a18     lbaselib.obj
 0002:00001a28       ??_C@_06GMEIIFFN@assert?$AA@ 0000000180021a28     lbaselib.obj
 0002:00001a30       ??_C@_0M@LPKHOAFP@incremental?$AA@ 0000000180021a30     lbaselib.obj
 0002:00001a40       ??_C@_0N@LDJIAIKF@generational?$AA@ 0000000180021a40     lbaselib.obj
 0002:00001a50       ??_C@_09JCKLCKIH@isrunning?$AA@ 0000000180021a50     lbaselib.obj
 0002:00001a60       ??_C@_0M@KHHDMIJG@setmajorinc?$AA@ 0000000180021a60     lbaselib.obj
 0002:00001a70       ??_C@_0L@KABEJKKP@setstepmul?$AA@ 0000000180021a70     lbaselib.obj
 0002:00001a80       ??_C@_08ONFIAENP@setpause?$AA@ 0000000180021a80     lbaselib.obj
 0002:00001a8c       ??_C@_04CNBNFAL@step?$AA@  0000000180021a8c     lbaselib.obj
 0002:00001a94       ??_C@_05IOMEMJEC@count?$AA@ 0000000180021a94     lbaselib.obj
 0002:00001aa0       ??_C@_07JHIJCABF@collect?$AA@ 0000000180021aa0     lbaselib.obj
 0002:00001aa8       ??_C@_07LDHOHMPD@restart?$AA@ 0000000180021aa8     lbaselib.obj
 0002:00001ab0       ??_C@_04PEGFANN@stop?$AA@  0000000180021ab0     lbaselib.obj
 0002:00001ab8       ??_C@_08FNIIFOJC@tostring?$AA@ 0000000180021ab8     lbaselib.obj
 0002:00001ac8       ??_C@_0CL@KMHHCBJA@?8tostring?8?5must?5return?5a?5string?5@ 0000000180021ac8     lbaselib.obj
 0002:00001af4       ??_C@_01GPOEFGEJ@?7?$AA@   0000000180021af4     lbaselib.obj
 0002:00001af8       ??_C@_01EEMJAFIK@?6?$AA@   0000000180021af8     lbaselib.obj
 0002:00001b00       ??_C@_0BC@GGLHLOMM@base?5out?5of?5range?$AA@ 0000000180021b00     lbaselib.obj
 0002:00001b14       ??_C@_06IOBDPLFO@?5?$AM?6?$AN?7?$AL?$AA@ 0000000180021b14     lbaselib.obj
 0002:00001b20       ??_C@_0M@OKDMMFBL@__metatable?$AA@ 0000000180021b20     lbaselib.obj
 0002:00001b30       ??_C@_0BG@HDIIKINN@nil?5or?5table?5expected?$AA@ 0000000180021b30     lbaselib.obj
 0002:00001b48       ??_C@_0CE@LJKICCEL@cannot?5change?5a?5protected?5metata@ 0000000180021b48     lbaselib.obj
 0002:00001b70       ??_C@_0BJ@DDKMCJJM@table?5or?5string?5expected?$AA@ 0000000180021b70     lbaselib.obj
 0002:00001b90       ??_C@_07HJHPCFBM@__pairs?$AA@ 0000000180021b90     lbaselib.obj
 0002:00001b98       ??_C@_08JMAMPABE@__ipairs?$AA@ 0000000180021b98     lbaselib.obj
 0002:00001ba8       ??_C@_0BK@NJPFPDBN@too?5many?5nested?5functions?$AA@ 0000000180021ba8     lbaselib.obj
 0002:00001bc8       ??_C@_0CF@IPNALDCD@reader?5function?5must?5return?5a?5st@ 0000000180021bc8     lbaselib.obj
 0002:00001bf0       ??_C@_02LOIFFB@bt?$AA@     0000000180021bf0     lbaselib.obj
 0002:00001bf8       ??_C@_07JEBBFCAN@?$DN?$CIload?$CJ?$AA@ 0000000180021bf8     lbaselib.obj
 0002:00001c00       ??_C@_0BC@ONMFJPBH@assertion?5failed?$CB?$AA@ 0000000180021c00     lbaselib.obj
 0002:00001c14       ??_C@_02DKCKIIND@?$CFs?$AA@ 0000000180021c14     lbaselib.obj
 0002:00001c18       ??_C@_0BD@ILOGJALA@index?5out?5of?5range?$AA@ 0000000180021c18     lbaselib.obj
 0002:00001c2c       ??_C@_02NIGGJGKC@_G?$AA@   0000000180021c2c     lbaselib.obj
 0002:00001c30       ??_C@_07EAIAMMEL@Lua?55?42?$AA@ 0000000180021c30     lbaselib.obj
 0002:00001c38       ??_C@_08PMLCGGEP@_VERSION?$AA@ 0000000180021c38     lbaselib.obj
 0002:00001c44       ??_C@_06HMLHBBIJ@rshift?$AA@ 0000000180021c44     lbitlib.obj
 0002:00001c50       ??_C@_07DCEHEDPB@rrotate?$AA@ 0000000180021c50     lbitlib.obj
 0002:00001c58       ??_C@_07CLEHDIEJ@replace?$AA@ 0000000180021c58     lbitlib.obj
 0002:00001c60       ??_C@_06ELFGPGBK@lshift?$AA@ 0000000180021c60     lbitlib.obj
 0002:00001c68       ??_C@_07FLHGGAOI@lrotate?$AA@ 0000000180021c68     lbitlib.obj
 0002:00001c70       ??_C@_07EMKILFJA@extract?$AA@ 0000000180021c70     lbitlib.obj
 0002:00001c78       ??_C@_05BGEPNLMI@btest?$AA@ 0000000180021c78     lbitlib.obj
 0002:00001c80       ??_C@_04CKCGDDNF@bxor?$AA@ 0000000180021c80     lbitlib.obj
 0002:00001c88       ??_C@_03BBBGIIAC@bor?$AA@  0000000180021c88     lbitlib.obj
 0002:00001c8c       ??_C@_04JAOJMBA@bnot?$AA@  0000000180021c8c     lbitlib.obj
 0002:00001c94       ??_C@_04BKGNPECA@band?$AA@ 0000000180021c94     lbitlib.obj
 0002:00001ca0       ??_C@_07JILILBLL@arshift?$AA@ 0000000180021ca0     lbitlib.obj
 0002:00001ca8       ??_C@_0BJ@DJLBNAFE@field?5cannot?5be?5negative?$AA@ 0000000180021ca8     lbitlib.obj
 0002:00001cc8       ??_C@_0BH@OOEDMGHP@width?5must?5be?5positive?$AA@ 0000000180021cc8     lbitlib.obj
 0002:00001ce0       ??_C@_0CD@GMCNEKB@trying?5to?5access?5non?9existent?5bi@ 0000000180021ce0     lbitlib.obj
 0002:00001d08       ??_C@_0BL@BDOLDOFI@control?5structure?5too?5long?$AA@ 0000000180021d08     lcode.obj
 0002:00001d28       ??_C@_07BEDGJMGI@opcodes?$AA@ 0000000180021d28     lcode.obj
 0002:00001d30       ??_C@_0CD@HGHHKJGL@function?5or?5expression?5too?5compl@ 0000000180021d30     lcode.obj
 0002:00001d58       ??_C@_09FGMGFBD@constants?$AA@ 0000000180021d58     lcode.obj
 0002:00001d68       ??_C@_0BF@ODGJFGDP@constructor?5too?5long?$AA@ 0000000180021d68     lcode.obj
 0002:00001d80       ??_C@_05LKJGIMLP@yield?$AA@ 0000000180021d80     lcorolib.obj
 0002:00001d88       ??_C@_04NFDDIEML@wrap?$AA@ 0000000180021d88     lcorolib.obj
 0002:00001d90       ??_C@_06DJIHEMFI@status?$AA@ 0000000180021d90     lcorolib.obj
 0002:00001d98       ??_C@_06PLELHCEK@resume?$AA@ 0000000180021d98     lcorolib.obj
 0002:00001da0       ??_C@_06HBNONAG@create?$AA@ 0000000180021da0     lcorolib.obj
 0002:00001da8       ??_C@_0BN@CLPLGDGN@too?5many?5arguments?5to?5resume?$AA@ 0000000180021da8     lcorolib.obj
 0002:00001dc8       ??_C@_0BN@JJDDBCCB@cannot?5resume?5dead?5coroutine?$AA@ 0000000180021dc8     lcorolib.obj
 0002:00001de8       ??_C@_0BL@OALEJBKN@too?5many?5results?5to?5resume?$AA@ 0000000180021de8     lcorolib.obj
 0002:00001e08       ??_C@_0BD@LDCLGBHF@coroutine?5expected?$AA@ 0000000180021e08     lcorolib.obj
 0002:00001e20       ??_C@_07PANPENDC@running?$AA@ 0000000180021e20     lcorolib.obj
 0002:00001e28       ??_C@_09PAHKPJCJ@suspended?$AA@ 0000000180021e28     lcorolib.obj
 0002:00001e34       ??_C@_06IKLLLDHL@normal?$AA@ 0000000180021e34     lcorolib.obj
 0002:00001e3c       ??_C@_04BBBDNBOK@dead?$AA@ 0000000180021e3c     lcorolib.obj
 0002:00001e48       ??_C@_09GPFEECNC@traceback?$AA@ 0000000180021e48     ldblib.obj
 0002:00001e58       ??_C@_0L@CDIIKFBA@setupvalue?$AA@ 0000000180021e58     ldblib.obj
 0002:00001e68       ??_C@_08JNGOLMEK@setlocal?$AA@ 0000000180021e68     ldblib.obj
 0002:00001e78       ??_C@_07POLKHPNI@sethook?$AA@ 0000000180021e78     ldblib.obj
 0002:00001e80       ??_C@_0N@HBGEIAIM@setuservalue?$AA@ 0000000180021e80     ldblib.obj
 0002:00001e90       ??_C@_09LPCDDMGF@upvalueid?$AA@ 0000000180021e90     ldblib.obj
 0002:00001ea0       ??_C@_0M@BLDMBHBB@upvaluejoin?$AA@ 0000000180021ea0     ldblib.obj
 0002:00001eb0       ??_C@_0L@DNKHBCFJ@getupvalue?$AA@ 0000000180021eb0     ldblib.obj
 0002:00001ec0       ??_C@_0M@NCNCBJKP@getregistry?$AA@ 0000000180021ec0     ldblib.obj
 0002:00001ed0       ??_C@_08GMECKPDH@getlocal?$AA@ 0000000180021ed0     ldblib.obj
 0002:00001ee0       ??_C@_07OICKPAFH@getinfo?$AA@ 0000000180021ee0     ldblib.obj
 0002:00001ee8       ??_C@_07GELEAAJ@gethook?$AA@ 0000000180021ee8     ldblib.obj
 0002:00001ef0       ??_C@_0N@FNKEMMA@getuservalue?$AA@ 0000000180021ef0     ldblib.obj
 0002:00001f00       ??_C@_05GFCDIDHO@debug?$AA@ 0000000180021f00     ldblib.obj
 0002:00001f08       ??_C@_09PJFMDEKP@tail?5call?$AA@ 0000000180021f08     ldblib.obj
 0002:00001f14       ??_C@_04HJPCFDOP@line?$AA@ 0000000180021f14     ldblib.obj
 0002:00001f1c       ??_C@_06LNOFJDNM@return?$AA@ 0000000180021f1c     ldblib.obj
 0002:00001f24       ??_C@_04OMFAIDPG@call?$AA@ 0000000180021f24     ldblib.obj
 0002:00001f30       ??_C@_0CL@PMOPKOAM@full?5userdata?5expected?0?5got?5ligh@ 0000000180021f30     ldblib.obj
 0002:00001f5c       ??_C@_06LMJLCCA@flnStu?$AA@ 0000000180021f5c     ldblib.obj
 0002:00001f64       ??_C@_03PENLABEP@?$DO?$CFs?$AA@ 0000000180021f64     ldblib.obj
 0002:00001f68       ??_C@_0BL@NMONLLHA@function?5or?5level?5expected?$AA@ 0000000180021f68     ldblib.obj
 0002:00001f88       ??_C@_0P@PJFAGLMH@invalid?5option?$AA@ 0000000180021f88     ldblib.obj
 0002:00001f98       ??_C@_06OEKOLKIL@source?$AA@ 0000000180021f98     ldblib.obj
 0002:00001fa0       ??_C@_09NOFDGFFO@short_src?$AA@ 0000000180021fa0     ldblib.obj
 0002:00001fb0       ??_C@_0M@IOFFDKM@linedefined?$AA@ 0000000180021fb0     ldblib.obj
 0002:00001fc0       ??_C@_0BA@BGGOJOFO@lastlinedefined?$AA@ 0000000180021fc0     ldblib.obj
 0002:00001fd0       ??_C@_04IOPLPGDE@what?$AA@ 0000000180021fd0     ldblib.obj
 0002:00001fd8       ??_C@_0M@OLGEEKJC@currentline?$AA@ 0000000180021fd8     ldblib.obj
 0002:00001fe4       ??_C@_04BDNNNDAF@nups?$AA@ 0000000180021fe4     ldblib.obj
 0002:00001ff0       ??_C@_07DEOJMPEE@nparams?$AA@ 0000000180021ff0     ldblib.obj
 0002:00001ff8       ??_C@_08PKLIBBKE@isvararg?$AA@ 0000000180021ff8     ldblib.obj
 0002:00002004       ??_C@_04MEMAJGDJ@name?$AA@ 0000000180022004     ldblib.obj
 0002:00002010       ??_C@_08JEGIFMFI@namewhat?$AA@ 0000000180022010     ldblib.obj
 0002:00002020       ??_C@_0L@KHAEKHMK@istailcall?$AA@ 0000000180022020     ldblib.obj
 0002:00002030       ??_C@_0M@DINLHJFF@activelines?$AA@ 0000000180022030     ldblib.obj
 0002:0000203c       ??_C@_04HPNHAEOP@func?$AA@ 000000018002203c     ldblib.obj
 0002:00002048       ??_C@_0BD@EFMIJNPC@level?5out?5of?5range?$AA@ 0000000180022048     ldblib.obj
 0002:0000205c       ??_C@_02HMADGDME@?$DOu?$AA@ 000000018002205c     ldblib.obj
 0002:00002060       ??_C@_0BG@MMNKKMGE@invalid?5upvalue?5index?$AA@ 0000000180022060     ldblib.obj
 0002:00002078       ??_C@_0BG@EHJAKGKG@Lua?5function?5expected?$AA@ 0000000180022078     ldblib.obj
 0002:00002090       ??_C@_05IKFLIBPM@_HKEY?$AA@ 0000000180022090     ldblib.obj
 0002:00002098       ??_C@_01DICPFPGM@k?$AA@    0000000180022098     ldblib.obj
 0002:0000209c       ??_C@_06BPGFKLEK@__mode?$AA@ 000000018002209c     ldblib.obj
 0002:000020a8       ??_C@_0O@POGBCBNN@external?5hook?$AA@ 00000001800220a8     ldblib.obj
 0002:000020b8       ??_C@_0M@FBGICICO@lua_debug?$DO?5?$AA@ 00000001800220b8     ldblib.obj
 0002:000020c4       ??_C@_05KJNBGLAC@cont?6?$AA@ 00000001800220c4     ldblib.obj
 0002:000020d0       ??_C@_0BB@BLKFCGLG@?$DN?$CIdebug?5command?$CJ?$AA@ 00000001800220d0     ldblib.obj
 0002:000020e8       ??_C@_09DKIONLLI@?$CI?$CKvararg?$CJ?$AA@ 00000001800220e8     ldebug.obj
 0002:000020f8       ??_C@_0N@NCKPGBEC@?$CI?$CKtemporary?$CJ?$AA@ 00000001800220f8     ldebug.obj
 0002:00002108       ??_C@_04BKJOMPG@?$DN?$FLC?$FN?$AA@ 0000000180022108     ldebug.obj
 0002:00002110       ??_C@_01GFHCPBMG@C?$AA@    0000000180022110     ldebug.obj
 0002:00002114       ??_C@_02HENDHKBC@?$DN?$DP?$AA@ 0000000180022114     ldebug.obj
 0002:00002118       ??_C@_04GHJNJNPO@main?$AA@ 0000000180022118     ldebug.obj
 0002:00002120       ??_C@_03CBKFDHDL@Lua?$AA@  0000000180022120     ldebug.obj
 0002:00002124       ??_C@_05IDKHKMLA@local?$AA@ 0000000180022124     ldebug.obj
 0002:0000212c       ??_C@_04LJLBKCOP@_ENV?$AA@ 000000018002212c     ldebug.obj
 0002:00002134       ??_C@_06FJKEMHGD@global?$AA@ 0000000180022134     ldebug.obj
 0002:0000213c       ??_C@_05EIBGDMPB@field?$AA@ 000000018002213c     ldebug.obj
 0002:00002148       ??_C@_07NAGMKCIK@upvalue?$AA@ 0000000180022148     ldebug.obj
 0002:00002150       ??_C@_08KFDOCAEB@constant?$AA@ 0000000180022150     ldebug.obj
 0002:00002160       ??_C@_0N@LEHLDOCH@for?5iterator?$AA@ 0000000180022160     ldebug.obj
 0002:00002170       ??_C@_0L@ILHKGAHF@metamethod?$AA@ 0000000180022170     ldebug.obj
 0002:00002180       ??_C@_0CD@HAGFMPIP@attempt?5to?5?$CFs?5?$CFs?5?8?$CFs?8?5?$CIa?5?$CFs?5valu@ 0000000180022180     ldebug.obj
 0002:000021a8       ??_C@_0BJ@HGCMIDJD@attempt?5to?5?$CFs?5a?5?$CFs?5value?$AA@ 00000001800221a8     ldebug.obj
 0002:000021c8       ??_C@_0M@LPKAOE@concatenate?$AA@ 00000001800221c8     ldebug.obj
 0002:000021d8       ??_C@_0BG@IOLALLOM@perform?5arithmetic?5on?$AA@ 00000001800221d8     ldebug.obj
 0002:000021f0       ??_C@_0CB@DEJMKNMB@attempt?5to?5compare?5two?5?$CFs?5values@ 00000001800221f0     ldebug.obj
 0002:00002218       ??_C@_0BO@DNBGDDFP@attempt?5to?5compare?5?$CFs?5with?5?$CFs?$AA@ 0000000180022218     ldebug.obj
 0002:00002238       ??_C@_09BHPFBFOI@?$CFs?3?$CFd?3?5?$CFs?$AA@ 0000000180022238     ldebug.obj
 0002:00002248       ??_C@_0BI@KGOCJOGJ@error?5in?5error?5handling?$AA@ 0000000180022248     ldo.obj
 0002:00002260       ??_C@_0BB@EJOGNINL@C?5stack?5overflow?$AA@ 0000000180022260     ldo.obj
 0002:00002278       ??_C@_0CG@NAAHDPPN@cannot?5resume?5non?9suspended?5coro@ 0000000180022278     ldo.obj
 0002:000022a0       ??_C@_0CK@PNAEIJLG@attempt?5to?5yield?5across?5a?5C?9call@ 00000001800222a0     ldo.obj
 0002:000022d0       ??_C@_0CK@CHKMHBBM@attempt?5to?5yield?5from?5outside?5a?5@ 00000001800222d0     ldo.obj
 0002:00002300       ??_C@_0CK@CHOBLPGK@attempt?5to?5load?5a?5?$CFs?5chunk?5?$CImode@ 0000000180022300     ldo.obj
 0002:0000232c       ??_C@_06FNFBAEBE@binary?$AA@ 000000018002232c     ldo.obj
 0002:00002334       ??_C@_04CIMGMMMG@text?$AA@ 0000000180022334     ldo.obj
 0002:00002340       ??_C@_0L@EDOLMPAK@no?5message?$AA@ 0000000180022340     lgc.obj
 0002:00002350       ??_C@_0BO@HIAKJHOM@error?5in?5__gc?5metamethod?5?$CI?$CFs?$CJ?$AA@ 0000000180022350     lgc.obj
 0002:00002370       ??_C@_04CFDJAKFL@math?$AA@ 0000000180022370     linit.obj
 0002:00002378       ??_C@_05LACDNNEC@bit32?$AA@ 0000000180022378     linit.obj
 0002:00002380       ??_C@_06ICGJLFIM@string?$AA@ 0000000180022380     linit.obj
 0002:00002388       ??_C@_02EHCHIAMF@os?$AA@   0000000180022388     linit.obj
 0002:0000238c       ??_C@_02KFNNKBCK@io?$AA@   000000018002238c     linit.obj
 0002:00002390       ??_C@_05LCLENNFI@table?$AA@ 0000000180022390     linit.obj
 0002:00002398       ??_C@_09HNKENHFC@coroutine?$AA@ 0000000180022398     linit.obj
 0002:000023a8       ??_C@_07KNEGBPNO@package?$AA@ 00000001800223a8     linit.obj
 0002:000023b0       ??_C@_08LBNNGFKE@_PRELOAD?$AA@ 00000001800223b0     linit.obj
 0002:000023bc       ??_C@_04BDLIKKMN@__gc?$AA@ 00000001800223bc     liolib.obj
 0002:000023c8       ??_C@_07HHBPNGAN@setvbuf?$AA@ 00000001800223c8     liolib.obj
 0002:000023d0       ??_C@_04EDECCOGL@seek?$AA@ 00000001800223d0     liolib.obj
 0002:000023d8       ??_C@_05NGFEDHGN@write?$AA@ 00000001800223d8     liolib.obj
 0002:000023e0       ??_C@_07FKJPAINK@tmpfile?$AA@ 00000001800223e0     liolib.obj
 0002:000023e8       ??_C@_05IACAFMHP@popen?$AA@ 00000001800223e8     liolib.obj
 0002:000023f0       ??_C@_06DKIGHACF@output?$AA@ 00000001800223f0     liolib.obj
 0002:000023f8       ??_C@_05DENOCHIP@lines?$AA@ 00000001800223f8     liolib.obj
 0002:00002400       ??_C@_05DFJCHPDH@input?$AA@ 0000000180022400     liolib.obj
 0002:00002408       ??_C@_05GLCAEPFP@flush?$AA@ 0000000180022408     liolib.obj
 0002:00002410       ??_C@_05LBOHBHFK@close?$AA@ 0000000180022410     liolib.obj
 0002:00002418       ??_C@_04PLMLMMEO@full?$AA@ 0000000180022418     liolib.obj
 0002:00002420       ??_C@_02KAJCLHKP@no?$AA@   0000000180022420     liolib.obj
 0002:00002424       ??_C@_03JBJLGPFL@end?$AA@  0000000180022424     liolib.obj
 0002:00002428       ??_C@_03LIBLMJMB@cur?$AA@  0000000180022428     liolib.obj
 0002:0000242c       ??_C@_03KCHOJKKI@set?$AA@  000000018002242c     liolib.obj
 0002:00002430       ??_C@_05KCHOJJD@FILE?$CK?$AA@ 0000000180022430     liolib.obj
 0002:00002438       ??_C@_0M@IBKPHHKH@closed?5file?$AA@ 0000000180022438     liolib.obj
 0002:00002444       ??_C@_04DAMGJPCA@file?$AA@ 0000000180022444     liolib.obj
 0002:00002450       ??_C@_0O@PLFAPHPG@file?5?$CIclosed?$CJ?$AA@ 0000000180022450     liolib.obj
 0002:00002460       ??_C@_09BPMAMLLD@file?5?$CI?$CFp?$CJ?$AA@ 0000000180022460     liolib.obj
 0002:00002470       ??_C@_0BN@LPOOHAOM@attempt?5to?5use?5a?5closed?5file?$AA@ 0000000180022470     liolib.obj
 0002:00002490       ??_C@_0L@MIKJDGID@_IO_output?$AA@ 0000000180022490     liolib.obj
 0002:000024a0       ??_C@_0BL@JABDLMOO@cannot?5open?5file?5?8?$CFs?8?5?$CI?$CFs?$CJ?$AA@ 00000001800224a0     liolib.obj
 0002:000024bc       ??_C@_03DCNFGMMH@rwa?$AA@  00000001800224bc     liolib.obj
 0002:000024c0       ??_C@_0N@MICJCNHE@invalid?5mode?$AA@ 00000001800224c0     liolib.obj
 0002:000024d0       ??_C@_0BL@JMNLNGCA@standard?5?$CFs?5file?5is?5closed?$AA@ 00000001800224d0     liolib.obj
 0002:000024f0       ??_C@_09HINEJHGE@_IO_input?$AA@ 00000001800224f0     liolib.obj
 0002:000024fc       ??_C@_01NOFIACDB@w?$AA@    00000001800224fc     liolib.obj
 0002:00002500       ??_C@_0BB@PJNOOLPA@too?5many?5options?$AA@ 0000000180022500     liolib.obj
 0002:00002514       ??_C@_03DLDNIBIK@?$CFlf?$AA@ 0000000180022514     liolib.obj
 0002:00002518       ??_C@_0BD@IOJAAODF@too?5many?5arguments?$AA@ 0000000180022518     liolib.obj
 0002:00002530       ??_C@_0P@CENJCLHM@invalid?5format?$AA@ 0000000180022530     liolib.obj
 0002:00002540       ??_C@_0BH@PBGIDLEF@file?5is?5already?5closed?$AA@ 0000000180022540     liolib.obj
 0002:00002558       ??_C@_05CGOEHEFE@?$CF?414g?$AA@ 0000000180022558     liolib.obj
 0002:00002560       ??_C@_0BP@MGCOJADF@not?5an?5integer?5in?5proper?5range?$AA@ 0000000180022560     liolib.obj
 0002:00002580       ??_C@_07NHABFFHN@__index?$AA@ 0000000180022580     liolib.obj
 0002:00002588       ??_C@_0BL@PEFGCPAG@cannot?5close?5standard?5file?$AA@ 0000000180022588     liolib.obj
 0002:000025a4       ??_C@_05MHOFLBOO@stdin?$AA@ 00000001800225a4     liolib.obj
 0002:000025ac       ??_C@_06DJDOIFHB@stdout?$AA@ 00000001800225ac     liolib.obj
 0002:000025b4       ??_C@_06FJGNEBG@stderr?$AA@ 00000001800225b4     liolib.obj
 0002:000025c0       ??_C@_08OOGHEFMC@?$DMstring?$DO?$AA@ 00000001800225c0     llex.obj
 0002:000025cc       ??_C@_06FNGJOCBI@?$DMname?$DO?$AA@ 00000001800225cc     llex.obj
 0002:000025d8       ??_C@_08OHBCANEJ@?$DMnumber?$DO?$AA@ 00000001800225d8     llex.obj
 0002:000025e4       ??_C@_05CINCKAN@?$DMeof?$DO?$AA@ 00000001800225e4     llex.obj
 0002:000025ec       ??_C@_02MOLJINC@?3?3?$AA@  00000001800225ec     llex.obj
 0002:000025f0       ??_C@_02DEDJCLAJ@?$HO?$DN?$AA@ 00000001800225f0     llex.obj
 0002:000025f4       ??_C@_02EHCHHCKH@?$DM?$DN?$AA@ 00000001800225f4     llex.obj
 0002:000025f8       ??_C@_02EEKDKGMJ@?$DO?$DN?$AA@ 00000001800225f8     llex.obj
 0002:000025fc       ??_C@_02EGOFBIJA@?$DN?$DN?$AA@ 00000001800225fc     llex.obj
 0002:00002600       ??_C@_03KHICJKCI@?4?4?4?$AA@ 0000000180022600     llex.obj
 0002:00002604       ??_C@_02DJGKEECL@?4?4?$AA@ 0000000180022604     llex.obj
 0002:00002608       ??_C@_05OODBEKIG@while?$AA@ 0000000180022608     llex.obj
 0002:00002610       ??_C@_05FJMDOIMN@until?$AA@ 0000000180022610     llex.obj
 0002:00002618       ??_C@_04HOHPNOOD@then?$AA@ 0000000180022618     llex.obj
 0002:00002620       ??_C@_06LGDBIFHB@repeat?$AA@ 0000000180022620     llex.obj
 0002:00002628       ??_C@_02FODMLBIE@or?$AA@   0000000180022628     llex.obj
 0002:0000262c       ??_C@_03NJKJADM@not?$AA@   000000018002262c     llex.obj
 0002:00002630       ??_C@_02LMMGJAGL@in?$AA@   0000000180022630     llex.obj
 0002:00002634       ??_C@_02HEBPBKGD@if?$AA@   0000000180022634     llex.obj
 0002:00002638       ??_C@_04MABHPDAO@goto?$AA@ 0000000180022638     llex.obj
 0002:00002640       ??_C@_08HFFPPCHF@function?$AA@ 0000000180022640     llex.obj
 0002:0000264c       ??_C@_03JOHEBPFF@for?$AA@  000000018002264c     llex.obj
 0002:00002650       ??_C@_06CAACNEC@elseif?$AA@ 0000000180022650     llex.obj
 0002:00002658       ??_C@_04FHMCPBIP@else?$AA@ 0000000180022658     llex.obj
 0002:00002660       ??_C@_02KNAFDCHJ@do?$AA@   0000000180022660     llex.obj
 0002:00002664       ??_C@_05ELPHFHOI@break?$AA@ 0000000180022664     llex.obj
 0002:0000266c       ??_C@_03BOPJPIAM@and?$AA@  000000018002266c     llex.obj
 0002:00002670       ??_C@_0BJ@JNKOFINI@lexical?5element?5too?5long?$AA@ 0000000180022670     llex.obj
 0002:0000268c       ??_C@_04ENIEGDOG@?8?$CFc?8?$AA@ 000000018002268c     llex.obj
 0002:00002698       ??_C@_08HJPIMBHL@char?$CI?$CFd?$CJ?$AA@ 0000000180022698     llex.obj
 0002:000026a4       ??_C@_04FBKCMAJG@?8?$CFs?8?$AA@ 00000001800226a4     llex.obj
 0002:000026b0       ??_C@_0L@DKMPGOCF@?$CFs?5near?5?$CFs?$AA@ 00000001800226b0     llex.obj
 0002:000026c0       ??_C@_0BJ@LAKGPFF@chunk?5has?5too?5many?5lines?$AA@ 00000001800226c0     llex.obj
 0002:000026e0       ??_C@_0BB@CFMNENCE@malformed?5number?$AA@ 00000001800226e0     llex.obj
 0002:000026f4       ??_C@_02GOGFPGCE@Ee?$AA@   00000001800226f4     llex.obj
 0002:000026f8       ??_C@_02IFPHKKBL@Xx?$AA@   00000001800226f8     llex.obj
 0002:000026fc       ??_C@_02EDDNHBKL@Pp?$AA@   00000001800226fc     llex.obj
 0002:00002700       ??_C@_02BEIMNFAD@?$CL?9?$AA@ 0000000180022700     llex.obj
 0002:00002708       ??_C@_0BH@BBMFLJJP@unfinished?5long?5string?$AA@ 0000000180022708     llex.obj
 0002:00002720       ??_C@_0BI@ONEAKEIB@unfinished?5long?5comment?$AA@ 0000000180022720     llex.obj
 0002:00002738       ??_C@_0BL@HIOFDBBP@hexadecimal?5digit?5expected?$AA@ 0000000180022738     llex.obj
 0002:00002758       ??_C@_0BJ@FGOMBPHF@decimal?5escape?5too?5large?$AA@ 0000000180022758     llex.obj
 0002:00002778       ??_C@_0BC@IBAFBKML@unfinished?5string?$AA@ 0000000180022778     llex.obj
 0002:00002790       ??_C@_0BI@HGMIJEDD@invalid?5escape?5sequence?$AA@ 0000000180022790     llex.obj
 0002:000027a8       ??_C@_0BO@DBNLNIBP@invalid?5long?5string?5delimiter?$AA@ 00000001800227a8     llex.obj
 0002:000027c8       ??_C@_03IIINPABG@tan?$AA@  00000001800227c8     lmathlib.obj
 0002:000027cc       ??_C@_04FJHINJAO@tanh?$AA@ 00000001800227cc     lmathlib.obj
 0002:000027d4       ??_C@_04EIAKFFMI@sqrt?$AA@ 00000001800227d4     lmathlib.obj
 0002:000027dc       ??_C@_03BLEJJJBH@sin?$AA@  00000001800227dc     lmathlib.obj
 0002:000027e0       ??_C@_04COOMCNPB@sinh?$AA@ 00000001800227e0     lmathlib.obj
 0002:000027e8       ??_C@_0L@PIIACENG@randomseed?$AA@ 00000001800227e8     lmathlib.obj
 0002:000027f4       ??_C@_06NLFCANPD@random?$AA@ 00000001800227f4     lmathlib.obj
 0002:000027fc       ??_C@_03FHAJEHEA@rad?$AA@  00000001800227fc     lmathlib.obj
 0002:00002800       ??_C@_03JGHBODFD@pow?$AA@  0000000180022800     lmathlib.obj
 0002:00002804       ??_C@_04EHEDPDJG@modf?$AA@ 0000000180022804     lmathlib.obj
 0002:0000280c       ??_C@_03KLIPLJLL@min?$AA@  000000018002280c     lmathlib.obj
 0002:00002810       ??_C@_03LJAEFNNE@max?$AA@  0000000180022810     lmathlib.obj
 0002:00002814       ??_C@_03MGHMBJCF@log?$AA@  0000000180022814     lmathlib.obj
 0002:00002818       ??_C@_05CEJMAHNP@ldexp?$AA@ 0000000180022818     lmathlib.obj
 0002:00002820       ??_C@_05GKKHEGJL@frexp?$AA@ 0000000180022820     lmathlib.obj
 0002:00002828       ??_C@_04KEPJIHGP@fmod?$AA@ 0000000180022828     lmathlib.obj
 0002:00002830       ??_C@_05PBJFFIGL@floor?$AA@ 0000000180022830     lmathlib.obj
 0002:00002838       ??_C@_03KHJOGHMM@exp?$AA@  0000000180022838     lmathlib.obj
 0002:0000283c       ??_C@_03OFPLEBM@deg?$AA@   000000018002283c     lmathlib.obj
 0002:00002840       ??_C@_03LALBNOCG@cos?$AA@  0000000180022840     lmathlib.obj
 0002:00002844       ??_C@_04HPJJNFIM@cosh?$AA@ 0000000180022844     lmathlib.obj
 0002:0000284c       ??_C@_04GFPJNGEK@ceil?$AA@ 000000018002284c     lmathlib.obj
 0002:00002854       ??_C@_04MLLJIGOK@atan?$AA@ 0000000180022854     lmathlib.obj
 0002:0000285c       ??_C@_05KNGEOGJB@atan2?$AA@ 000000018002285c     lmathlib.obj
 0002:00002864       ??_C@_04FIHNOPOL@asin?$AA@ 0000000180022864     lmathlib.obj
 0002:0000286c       ??_C@_04PDIFKINK@acos?$AA@ 000000018002286c     lmathlib.obj
 0002:00002874       ??_C@_03BCGAIFPO@abs?$AA@  0000000180022874     lmathlib.obj
 0002:00002878       ??_C@_0BC@JKHEKPDC@interval?5is?5empty?$AA@ 0000000180022878     lmathlib.obj
 0002:00002890       ??_C@_0BK@KNAOOCNO@wrong?5number?5of?5arguments?$AA@ 0000000180022890     lmathlib.obj
 0002:000028ac       ??_C@_02OAHAJOFD@pi?$AA@   00000001800228ac     lmathlib.obj
 0002:000028b0       ??_C@_04JJGMCGIH@huge?$AA@ 00000001800228b0     lmathlib.obj
 0002:000028b8       ??_C@_0BK@JNOIBMBC@too?5many?5?$CFs?5?$CIlimit?5is?5?$CFd?$CJ?$AA@ 00000001800228b8     lmem.obj
 0002:000028d8       ??_C@_0CH@LBFPMMCP@memory?5allocation?5error?3?5block?5t@ 00000001800228d8     lmem.obj
 0002:00002900       ??_C@_07FFLLPPLH@require?$AA@ 0000000180022900     loadlib.obj
 0002:00002908       ??_C@_0L@LLHGDMBK@searchpath?$AA@ 0000000180022908     loadlib.obj
 0002:00002918       ??_C@_07KOEABFCN@loadlib?$AA@ 0000000180022918     loadlib.obj
 0002:00002920       ??_C@_0BN@GMPFCLAN@unable?5to?5get?5ModuleFileName?$AA@ 0000000180022920     loadlib.obj
 0002:00002940       ??_C@_01DCLJPIOD@?$CB?$AA@ 0000000180022940     loadlib.obj
 0002:00002948       ??_C@_0BB@BLJKPILH@system?5error?5?$CFd?6?$AA@ 0000000180022948     loadlib.obj
 0002:0000295c       ??_C@_06KHFFDENL@_CLIBS?$AA@ 000000018002295c     loadlib.obj
 0002:00002964       ??_C@_04HKFDNBLD@init?$AA@ 0000000180022964     loadlib.obj
 0002:00002970       ??_C@_0P@NEBKIMDC@?6?7no?5file?5?8?$CFs?8?$AA@ 0000000180022970     loadlib.obj
 0002:00002980       ??_C@_01KICIPPFI@?2?$AA@   0000000180022980     loadlib.obj
 0002:00002988       ??_C@_0BO@COFCKCAL@?8package?4?$CFs?8?5must?5be?5a?5string?$AA@ 0000000180022988     loadlib.obj
 0002:000029a8       ??_C@_0CO@KHMIPLKM@error?5loading?5module?5?8?$CFs?8?5from?5f@ 00000001800229a8     loadlib.obj
 0002:000029d8       ??_C@_04LNEJFJGI@path?$AA@ 00000001800229d8     loadlib.obj
 0002:000029e0       ??_C@_01IDAFKMJL@_?$AA@    00000001800229e0     loadlib.obj
 0002:000029e8       ??_C@_0L@KHKMBFOE@luaopen_?$CFs?$AA@ 00000001800229e8     loadlib.obj
 0002:000029f4       ??_C@_05EEMJHCCC@cpath?$AA@ 00000001800229f4     loadlib.obj
 0002:00002a00       ??_C@_0BO@KOILFIGK@?6?7no?5module?5?8?$CFs?8?5in?5file?5?8?$CFs?8?$AA@ 0000000180022a00     loadlib.obj
 0002:00002a20       ??_C@_0CB@NPNABMBF@?6?7no?5field?5package?4preload?$FL?8?$CFs?8?$FN@ 0000000180022a20     loadlib.obj
 0002:00002a48       ??_C@_09IPENMJM@searchers?$AA@ 0000000180022a48     loadlib.obj
 0002:00002a58       ??_C@_0CE@JEDHJEBL@?8package?4searchers?8?5must?5be?5a?5ta@ 0000000180022a58     loadlib.obj
 0002:00002a80       ??_C@_0BJ@HFHHABH@module?5?8?$CFs?8?5not?5found?3?$CFs?$AA@ 0000000180022a80     loadlib.obj
 0002:00002aa0       ??_C@_09EFECHJCA@LUA_NOENV?$AA@ 0000000180022aa0     loadlib.obj
 0002:00002aac       ??_C@_03MEOBNKEM@?$DL?$AB?$DL?$AA@ 0000000180022aac     loadlib.obj
 0002:00002ab0       ??_C@_02BEDCMDKE@?$DL?$DL?$AA@ 0000000180022ab0     loadlib.obj
 0002:00002ab4       ??_C@_01KHDNNMEB@?$AB?$AA@ 0000000180022ab4     loadlib.obj
 0002:00002ab8       ??_C@_0DK@GNMELNNE@?$CB?2lua?2?$DP?4lua?$DL?$CB?2lua?2?$DP?2init?4lua?$DL?$CB?2?$DP@ 0000000180022ab8     loadlib.obj
 0002:00002af8       ??_C@_08GLJMJBPN@LUA_PATH?$AA@ 0000000180022af8     loadlib.obj
 0002:00002b08       ??_C@_0N@HIGPAMAO@LUA_PATH_5_2?$AA@ 0000000180022b08     loadlib.obj
 0002:00002b18       ??_C@_0BO@HLBGGLIA@?$CB?2?$DP?4dll?$DL?$CB?2loadall?4dll?$DL?4?2?$DP?4dll?$AA@ 0000000180022b18     loadlib.obj
 0002:00002b38       ??_C@_09FBPOOEID@LUA_CPATH?$AA@ 0000000180022b38     loadlib.obj
 0002:00002b48       ??_C@_0O@DAHCKBIN@LUA_CPATH_5_2?$AA@ 0000000180022b48     loadlib.obj
 0002:00002b58       ??_C@_0L@GKIMPOMK@?2?6?$DL?6?$DP?6?$CB?6?9?6?$AA@ 0000000180022b58     loadlib.obj
 0002:00002b64       ??_C@_06HEJKKHEK@config?$AA@ 0000000180022b64     loadlib.obj
 0002:00002b6c       ??_C@_06IILMCCFO@loaded?$AA@ 0000000180022b6c     loadlib.obj
 0002:00002b78       ??_C@_07GCEAJMEA@preload?$AA@ 0000000180022b78     loadlib.obj
 0002:00002b80       ??_C@_02CMANKCEM@nN?$AA@   0000000180022b80     lobject.obj
 0002:00002b84       ??_C@_02CIDOMIFJ@xX?$AA@   0000000180022b84     lobject.obj
 0002:00002b88       ??_C@_06OJHGLDPL@?$CInull?$CJ?$AA@ 0000000180022b88     lobject.obj
 0002:00002b90       ??_C@_02BBAHNLBA@?$CFp?$AA@ 0000000180022b90     lobject.obj
 0002:00002b94       ??_C@_01FGNFDNOH@?$CF?$AA@ 0000000180022b94     lobject.obj
 0002:00002b98       ??_C@_0CL@FANIKJON@invalid?5option?5?8?$CF?$CF?$CFc?8?5to?5?8lua_pu@ 0000000180022b98     lobject.obj
 0002:00002bc8       ??_C@_09PHLFBDIK@?$FLstring?5?$CC?$AA@ 0000000180022bc8     lobject.obj
 0002:00002bd4       ??_C@_02DEGCJHHK@?$CC?$FN?$AA@ 0000000180022bd4     lobject.obj
 0002:00002bd8       ??_C@_08LNHEMIP@EXTRAARG?$AA@ 0000000180022bd8     lopcodes.obj
 0002:00002be4       ??_C@_06FHOJKFCK@VARARG?$AA@ 0000000180022be4     lopcodes.obj
 0002:00002bf0       ??_C@_07CBDMEJDJ@CLOSURE?$AA@ 0000000180022bf0     lopcodes.obj
 0002:00002bf8       ??_C@_07LGKGOMK@SETLIST?$AA@ 0000000180022bf8     lopcodes.obj
 0002:00002c00       ??_C@_08LFLGPGKH@TFORLOOP?$AA@ 0000000180022c00     lopcodes.obj
 0002:00002c10       ??_C@_08DDAIPFEB@TFORCALL?$AA@ 0000000180022c10     lopcodes.obj
 0002:00002c20       ??_C@_07BDNHFNAN@FORPREP?$AA@ 0000000180022c20     lopcodes.obj
 0002:00002c28       ??_C@_07BJCDCNBK@FORLOOP?$AA@ 0000000180022c28     lopcodes.obj
 0002:00002c30       ??_C@_06LJMOENAO@RETURN?$AA@ 0000000180022c30     lopcodes.obj
 0002:00002c38       ??_C@_08GDMBKKIJ@TAILCALL?$AA@ 0000000180022c38     lopcodes.obj
 0002:00002c44       ??_C@_04CAGKGBIO@CALL?$AA@ 0000000180022c44     lopcodes.obj
 0002:00002c50       ??_C@_07GLDFODBB@TESTSET?$AA@ 0000000180022c50     lopcodes.obj
 0002:00002c58       ??_C@_04OIKJMBFP@TEST?$AA@ 0000000180022c58     lopcodes.obj
 0002:00002c60       ??_C@_02PEDAOJAJ@LE?$AA@   0000000180022c60     lopcodes.obj
 0002:00002c64       ??_C@_02KHOJMKBJ@LT?$AA@   0000000180022c64     lopcodes.obj
 0002:00002c68       ??_C@_02NFEPAFND@EQ?$AA@   0000000180022c68     lopcodes.obj
 0002:00002c6c       ??_C@_03OIOLNLHN@JMP?$AA@  0000000180022c6c     lopcodes.obj
 0002:00002c70       ??_C@_06CIJDJJIA@CONCAT?$AA@ 0000000180022c70     lopcodes.obj
 0002:00002c78       ??_C@_03BHNCOKMG@LEN?$AA@  0000000180022c78     lopcodes.obj
 0002:00002c7c       ??_C@_03GBFNEA@NOT?$AA@    0000000180022c7c     lopcodes.obj
 0002:00002c80       ??_C@_03BNLLEOPB@UNM?$AA@  0000000180022c80     lopcodes.obj
 0002:00002c84       ??_C@_03JLIKCOCP@POW?$AA@  0000000180022c84     lopcodes.obj
 0002:00002c88       ??_C@_03FIBGOAPP@MOD?$AA@  0000000180022c88     lopcodes.obj
 0002:00002c8c       ??_C@_03FJGHKDBE@DIV?$AA@  0000000180022c8c     lopcodes.obj
 0002:00002c90       ??_C@_03IBHOEMFB@MUL?$AA@  0000000180022c90     lopcodes.obj
 0002:00002c94       ??_C@_03KPDLEBHD@SUB?$AA@  0000000180022c94     lopcodes.obj
 0002:00002c98       ??_C@_03BOJFLAKG@ADD?$AA@  0000000180022c98     lopcodes.obj
 0002:00002c9c       ??_C@_04DFAHIJNB@SELF?$AA@ 0000000180022c9c     lopcodes.obj
 0002:00002ca8       ??_C@_08LPLGEMDO@NEWTABLE?$AA@ 0000000180022ca8     lopcodes.obj
 0002:00002cb8       ??_C@_08NDNBPDIF@SETTABLE?$AA@ 0000000180022cb8     lopcodes.obj
 0002:00002cc8       ??_C@_08EDGMHGMA@SETUPVAL?$AA@ 0000000180022cc8     lopcodes.obj
 0002:00002cd8       ??_C@_08PHJDINGO@SETTABUP?$AA@ 0000000180022cd8     lopcodes.obj
 0002:00002ce8       ??_C@_08CCPNOAPI@GETTABLE?$AA@ 0000000180022ce8     lopcodes.obj
 0002:00002cf8       ??_C@_08GLPJOBD@GETTABUP?$AA@ 0000000180022cf8     lopcodes.obj
 0002:00002d08       ??_C@_08LCEAGFLN@GETUPVAL?$AA@ 0000000180022d08     lopcodes.obj
 0002:00002d18       ??_C@_07GHJHEMKM@LOADNIL?$AA@ 0000000180022d18     lopcodes.obj
 0002:00002d20       ??_C@_08GBBGHEAC@LOADBOOL?$AA@ 0000000180022d20     lopcodes.obj
 0002:00002d2c       ??_C@_06GAHOIMNL@LOADKX?$AA@ 0000000180022d2c     lopcodes.obj
 0002:00002d34       ??_C@_05KLLCNHFJ@LOADK?$AA@ 0000000180022d34     lopcodes.obj
 0002:00002d3c       ??_C@_04LPPGDFDD@MOVE?$AA@ 0000000180022d3c     lopcodes.obj
 0002:00002d48       ??_C@_07KOJJABMD@tmpname?$AA@ 0000000180022d48     loslib.obj
 0002:00002d50       ??_C@_09IOBOFJNA@setlocale?$AA@ 0000000180022d50     loslib.obj
 0002:00002d5c       ??_C@_06LMEAOBLB@rename?$AA@ 0000000180022d5c     loslib.obj
 0002:00002d64       ??_C@_06LEMKAMD@remove?$AA@ 0000000180022d64     loslib.obj
 0002:00002d6c       ??_C@_06EPDNLFGH@getenv?$AA@ 0000000180022d6c     loslib.obj
 0002:00002d78       ??_C@_07EMGJIMLB@execute?$AA@ 0000000180022d78     loslib.obj
 0002:00002d80       ??_C@_08PDOPCMOG@difftime?$AA@ 0000000180022d80     loslib.obj
 0002:00002d8c       ??_C@_04JNIHBGGH@date?$AA@ 0000000180022d8c     loslib.obj
 0002:00002d94       ??_C@_05DDECJJKE@clock?$AA@ 0000000180022d94     loslib.obj
 0002:00002d9c       ??_C@_04CLCEDBPF@time?$AA@ 0000000180022d9c     loslib.obj
 0002:00002da8       ??_C@_07MMLECJPG@numeric?$AA@ 0000000180022da8     loslib.obj
 0002:00002db0       ??_C@_08BIOBDOAM@monetary?$AA@ 0000000180022db0     loslib.obj
 0002:00002dbc       ??_C@_05JGEDHNAD@ctype?$AA@ 0000000180022dbc     loslib.obj
 0002:00002dc8       ??_C@_07FCFLCBKH@collate?$AA@ 0000000180022dc8     loslib.obj
 0002:00002dd0       ??_C@_03NFKEKGGK@all?$AA@  0000000180022dd0     loslib.obj
 0002:00002dd8       ??_C@_0BH@KBOBPDOO@aAbBcdHIjmMpSUwWxXyYz?$CF?$AA@ 0000000180022dd8     loslib.obj
[...]
 0001:00014c60       fixjump                    0000000180015c60 f    CIL library: CIL module
 0001:00014d70       patchlistaux               0000000180015d70 f    CIL library: CIL module
 0001:00014ed0       dischargejpc               0000000180015ed0 f    CIL library: CIL module
 0001:00014f10       luaK_code                  0000000180015f10 f    CIL library: CIL module
 0001:00014ff0       codeextraarg               0000000180015ff0 f    CIL library: CIL module
 0001:00015260       code_label                 0000000180016260 f    CIL library: CIL module
 0001:000153c0       condjump                   00000001800163c0 f    CIL library: CIL module
 0001:000153f0       discharge2reg              00000001800163f0 f    CIL library: CIL module
 0001:00015510       exp2reg                    0000000180016510 f    CIL library: CIL module
 0001:00015630       discharge2anyreg           0000000180016630 f    CIL library: CIL module
 0001:00015680       codenot                    0000000180016680 f    CIL library: CIL module
 0001:00015770       jumponcond                 0000000180016770 f    CIL library: CIL module
 0001:00015b70       codecomp                   0000000180016b70 f    CIL library: CIL module
 0001:00015c20       codearith                  0000000180016c20 f    CIL library: CIL module
 0001:00016180       l_alloc                    0000000180017180 f    CIL library: CIL module
 0001:000161c0       getS                       00000001800171c0 f    CIL library: CIL module
 0001:000161e0       skipBOM                    00000001800171e0 f    CIL library: CIL module
 0001:00016250       getF                       0000000180017250 f    CIL library: CIL module
 0001:00016300       countlevels                0000000180017300 f    CIL library: CIL module
 0001:000163b0       skipcomment                00000001800173b0 f    CIL library: CIL module
 0001:00016610       panic                      0000000180017610 f    CIL library: CIL module
 0001:00016ab0       errfile                    0000000180017ab0 f    CIL library: CIL module
 0001:00016f60       findfield                  0000000180017f60 f    CIL library: CIL module
 0001:000171d0       pushglobalfuncname         00000001800181d0 f    CIL library: CIL module
 0001:00017440       pushfuncname               0000000180018440 f    CIL library: CIL module
 0001:00017630       typeerror                  0000000180018630 f    CIL library: CIL module
 0001:00017870       tag_error                  0000000180018870 f    CIL library: CIL module
 0001:00017e50       aux_upvalue                0000000180018e50 f    CIL library: CIL module
 0001:00018210       index2addr                 0000000180019210 f    CIL library: CIL module
 0001:00018290       getupvalref                0000000180019290 f    CIL library: CIL module
 0001:000186e0       moveto                     00000001800196e0 f    CIL library: CIL module
 0001:00019700       f_call                     000000018001a700 f    CIL library: CIL module
 0001:00019aa0       growstack                  000000018001aaa0 f    CIL library: CIL module
 0001:00019e70       read_number                000000018001ae70 f    CIL library: CIL module
 0001:00019ed0       test_eof                   000000018001aed0 f    CIL library: CIL module
 0001:00019f30       getiofile                  000000018001af30 f    CIL library: CIL module
 0001:00019f90       newprefile                 000000018001af90 f    CIL library: CIL module
 0001:00019fe0       io_flush                   000000018001afe0 f    CIL library: CIL module
 0001:0001a020       read_chars                 000000018001b020 f    CIL library: CIL module
 0001:0001a090       read_all                   000000018001b090 f    CIL library: CIL module
 0001:0001a150       read_line                  000000018001b150 f    CIL library: CIL module
 0001:0001a260       createmeta                 000000018001b260 f    CIL library: CIL module
 0001:0001a2c0       g_read                     000000018001b2c0 f    CIL library: CIL module
 0001:0001a460       io_read                    000000018001b460 f    CIL library: CIL module
 0001:0001a4a0       io_type                    000000018001b4a0 f    CIL library: CIL module
 0001:0001a530       io_noclose                 000000018001b530 f    CIL library: CIL module
 0001:0001a580       io_pclose                  000000018001b580 f    CIL library: CIL module
 0001:0001a5c0       io_fclose                  000000018001b5c0 f    CIL library: CIL module
 0001:0001a600       aux_close                  000000018001b600 f    CIL library: CIL module
 0001:0001a640       tofile                     000000018001b640 f    CIL library: CIL module
 0001:0001a680       f_tostring                 000000018001b680 f    CIL library: CIL module
 0001:0001a6f0       createstdfile              000000018001b6f0 f    CIL library: CIL module
 0001:0001a770       f_flush                    000000018001b770 f    CIL library: CIL module
 0001:0001a7b0       g_write                    000000018001b7b0 f    CIL library: CIL module
 0001:0001a890       io_readline                000000018001b890 f    CIL library: CIL module
 0001:0001a9c0       f_read                     000000018001b9c0 f    CIL library: CIL module
 0001:0001a9f0       aux_lines                  000000018001b9f0 f    CIL library: CIL module
 0001:0001aa90       newfile                    000000018001ba90 f    CIL library: CIL module
 0001:0001aac0       f_gc                       000000018001bac0 f    CIL library: CIL module
 0001:0001ab00       io_close                   000000018001bb00 f    CIL library: CIL module
 0001:0001abf0       f_setvbuf                  000000018001bbf0 f    CIL library: CIL module
 0001:0001ac80       f_seek                     000000018001bc80 f    CIL library: CIL module
 0001:0001ad60       f_write                    000000018001bd60 f    CIL library: CIL module
 0001:0001ada0       io_write                   000000018001bda0 f    CIL library: CIL module
 0001:0001ade0       f_lines                    000000018001bde0 f    CIL library: CIL module
 0001:0001ae10       io_tmpfile                 000000018001be10 f    CIL library: CIL module
 0001:0001ae60       io_popen                   000000018001be60 f    CIL library: CIL module
 0001:0001af00       io_open                    000000018001bf00 f    CIL library: CIL module
 0001:0001aff0       opencheck                  000000018001bff0 f    CIL library: CIL module
 0001:0001b070       io_lines                   000000018001c070 f    CIL library: CIL module
 0001:0001b130       g_iofile                   000000018001c130 f    CIL library: CIL module
 0001:0001b1d0       io_output                  000000018001c1d0 f    CIL library: CIL module
 0001:0001b1f0       io_input                   000000018001c1f0 f    CIL library: CIL module
 0001:0001b210       luaB_corunning             000000018001c210 f    CIL library: CIL module
 0001:0001b230       luaB_yield                 000000018001c230 f    CIL library: CIL module
 0001:0001b250       auxresume                  000000018001c250 f    CIL library: CIL module
 0001:0001b3a0       luaB_auxwrap               000000018001c3a0 f    CIL library: CIL module
 0001:0001b460       luaB_costatus              000000018001c460 f    CIL library: CIL module
 0001:0001b560       luaB_coresume              000000018001c560 f    CIL library: CIL module
 0001:0001b600       luaB_cocreate              000000018001c600 f    CIL library: CIL module
 0001:0001b660       luaB_cowrap                000000018001c660 f    CIL library: CIL module
 0001:0001b690       b_shift                    000000018001c690 f    CIL library: CIL module
 0001:0001b740       b_rot                      000000018001c740 f    CIL library: CIL module
 0001:0001b790       b_arshift                  000000018001c790 f    CIL library: CIL module
 0001:0001b810       b_rshift                   000000018001c810 f    CIL library: CIL module
 0001:0001b860       b_lshift                   000000018001c860 f    CIL library: CIL module
 0001:0001b8b0       b_not                      000000018001c8b0 f    CIL library: CIL module
 0001:0001b8e0       b_xor                      000000018001c8e0 f    CIL library: CIL module
 0001:0001b950       b_or                       000000018001c950 f    CIL library: CIL module
 0001:0001b9c0       andaux                     000000018001c9c0 f    CIL library: CIL module
 0001:0001ba20       fieldargs                  000000018001ca20 f    CIL library: CIL module
 0001:0001bad0       b_rrot                     000000018001cad0 f    CIL library: CIL module
 0001:0001bb00       b_lrot                     000000018001cb00 f    CIL library: CIL module
 0001:0001bb30       b_test                     000000018001cb30 f    CIL library: CIL module
 0001:0001bb60       b_and                      000000018001cb60 f    CIL library: CIL module
 0001:0001bb90       b_replace                  000000018001cb90 f    CIL library: CIL module
 0001:0001bc20       b_extract                  000000018001cc20 f    CIL library: CIL module
 0001:0001bc80       dofilecont                 000000018001cc80 f    CIL library: CIL module
 0001:0001bca0       load_aux                   000000018001cca0 f    CIL library: CIL module
 0001:0001bd10       finishpcall                000000018001cd10 f    CIL library: CIL module
 0001:0001bd90       pcallcont                  000000018001cd90 f    CIL library: CIL module
 0001:0001bdb0       luaB_print                 000000018001cdb0 f    CIL library: CIL module
 0001:0001bef0       generic_reader             000000018001cef0 f    CIL library: CIL module
 0001:0001c040       luaB_xpcall                000000018001d040 f    CIL library: CIL module
 0001:0001c0e0       luaB_rawlen                000000018001d0e0 f    CIL library: CIL module
 0001:0001c140       luaB_tostring              000000018001d140 f    CIL library: CIL module
 0001:0001c180       luaB_pcall                 000000018001d180 f    CIL library: CIL module
 0001:0001c200       luaB_type                  000000018001d200 f    CIL library: CIL module
 0001:0001c250       luaB_rawequal              000000018001d250 f    CIL library: CIL module
 0001:0001c2a0       luaB_getmetatable          000000018001d2a0 f    CIL library: CIL module
 0001:0001c300       luaB_select                000000018001d300 f    CIL library: CIL module
 0001:0001c3a0       ipairsaux                  000000018001d3a0 f    CIL library: CIL module
 0001:0001c410       luaB_next                  000000018001d410 f    CIL library: CIL module
 0001:0001c470       pairsmeta                  000000018001d470 f    CIL library: CIL module
 0001:0001c520       luaB_rawset                000000018001d520 f    CIL library: CIL module
 0001:0001c580       luaB_rawget                000000018001d580 f    CIL library: CIL module
 0001:0001c5d0       luaB_setmetatable          000000018001d5d0 f    CIL library: CIL module
 0001:0001c670       luaB_tonumber              000000018001d670 f    CIL library: CIL module
 0001:0001c810       luaB_assert                000000018001d810 f    CIL library: CIL module
 0001:0001c860       luaB_ipairs                000000018001d860 f    CIL library: CIL module
 0001:0001c880       luaB_pairs                 000000018001d880 f    CIL library: CIL module
 0001:0001c8a0       luaB_collectgarbage        000000018001d8a0 f    CIL library: CIL module
 0001:0001c9a0       luaB_error                 000000018001d9a0 f    CIL library: CIL module
 0001:0001ca20       luaB_dofile                000000018001da20 f    CIL library: CIL module
 0001:0001ca90       luaB_load                  000000018001da90 f    CIL library: CIL module
 0001:0001cb90       luaB_loadfile              000000018001db90 f    CIL library: CIL module
 0001:0001cc10       set2                       000000018001dc10 f    CIL library: CIL module
 0001:0001cc50       pack                       000000018001dc50 f    CIL library: CIL module
 0001:0001cd00       sort_comp                  000000018001dd00 f    CIL library: CIL module
 0001:0001cdb0       auxsort                    000000018001ddb0 f    CIL library: CIL module
 0001:0001d100       addfield                   000000018001e100 f    CIL library: CIL module
 0001:0001d180       sort                       000000018001e180 f    CIL library: CIL module
 0001:0001d210       tinsert                    000000018001e210 f    CIL library: CIL module
 0001:0001d2f0       unpack                     000000018001e2f0 f    CIL library: CIL module
 0001:0001d3f0       tconcat                    000000018001e3f0 f    CIL library: CIL module
 0001:0001d520       tremove                    000000018001e520 f    CIL library: CIL module
 0001:0001d870       math_randomseed            000000018001e870 f    CIL library: CIL module
 0001:0001d8a0       math_random                000000018001e8a0 f    CIL library: CIL module
 0001:0001d9c0       math_max                   000000018001e9c0 f    CIL library: CIL module
 0001:0001da40       math_min                   000000018001ea40 f    CIL library: CIL module
 0001:0001dac0       math_ldexp                 000000018001eac0 f    CIL library: CIL module
 0001:0001db20       math_frexp                 000000018001eb20 f    CIL library: CIL module
 0001:0001db70       math_rad                   000000018001eb70 f    CIL library: CIL module
 0001:0001dbb0       math_deg                   000000018001ebb0 f    CIL library: CIL module
 0001:0001dbf0       math_exp                   000000018001ebf0 f    CIL library: CIL module
 0001:0001dc30       math_log                   000000018001ec30 f    CIL library: CIL module
 0001:0001dce0       math_pow                   000000018001ece0 f    CIL library: CIL module
 0001:0001dd40       math_sqrt                  000000018001ed40 f    CIL library: CIL module
 0001:0001dd80       math_modf                  000000018001ed80 f    CIL library: CIL module
 0001:0001ddd0       math_fmod                  000000018001edd0 f    CIL library: CIL module
 0001:0001de30       math_floor                 000000018001ee30 f    CIL library: CIL module
 0001:0001de70       math_ceil                  000000018001ee70 f    CIL library: CIL module
 0001:0001deb0       math_atan2                 000000018001eeb0 f    CIL library: CIL module
 0001:0001df10       math_atan                  000000018001ef10 f    CIL library: CIL module
 0001:0001df50       math_acos                  000000018001ef50 f    CIL library: CIL module
 0001:0001df90       math_asin                  000000018001ef90 f    CIL library: CIL module
 0001:0001dfd0       math_tanh                  000000018001efd0 f    CIL library: CIL module
 0001:0001e010       math_tan                   000000018001f010 f    CIL library: CIL module
 0001:0001e050       math_cosh                  000000018001f050 f    CIL library: CIL module
 0001:0001e090       math_cos                   000000018001f090 f    CIL library: CIL module
 0001:0001e0d0       math_sinh                  000000018001f0d0 f    CIL library: CIL module
 0001:0001e110       math_sin                   000000018001f110 f    CIL library: CIL module
 0001:0001e150       math_abs                   000000018001f150 f    CIL library: CIL module
 0001:0001e210       __DllMainCRTStartup$filt$0 000000018001f210 f   MSVCRT:crtdll.obj
 0001:0001e240       __DllMainCRTStartup$fin$1  000000018001f240 f   MSVCRT:crtdll.obj
 0001:0001e259       _onexit$fin$0              000000018001f259 f   MSVCRT:atonexit.obj
 0001:0001e280       _IsNonwritableInCurrentImage$filt$0 000000018001f280 f   MSVCRT:pesect.obj

 Exports

  ordinal    name

        1    luaL_addlstring
        2    luaL_addstring
        3    luaL_addvalue
        4    luaL_argerror
        5    luaL_buffinit
        6    luaL_buffinitsize
        7    luaL_callmeta
        8    luaL_checkany
        9    luaL_checkinteger
       10    luaL_checklstring
       11    luaL_checknumber
       12    luaL_checkoption
       13    luaL_checkstack
       14    luaL_checktype
       15    luaL_checkudata
       16    luaL_checkunsigned
       17    luaL_checkversion_
       18    luaL_error
       19    luaL_execresult
       20    luaL_fileresult
       21    luaL_getmetafield
       22    luaL_getsubtable
       23    luaL_gsub
       24    luaL_len
       25    luaL_loadbufferx
       26    luaL_loadfilex
       27    luaL_loadstring
       28    luaL_newmetatable
       29    luaL_newstate
       30    luaL_openlibs
       31    luaL_optinteger
       32    luaL_optlstring
       33    luaL_optnumber
       34    luaL_optunsigned
       35    luaL_prepbuffsize
       36    luaL_pushresult
       37    luaL_pushresultsize
       38    luaL_ref
       39    luaL_requiref
       40    luaL_setfuncs
       41    luaL_setmetatable
       42    luaL_testudata
       43    luaL_tolstring
       44    luaL_traceback
       45    luaL_unref
       46    luaL_where
       47    lua_absindex
       48    lua_arith
       49    lua_atpanic
       50    lua_callk
       51    lua_checkstack
       52    lua_close
       53    lua_compare
       54    lua_concat
       55    lua_copy
       56    lua_createtable
       57    lua_dump
       58    lua_error
       59    lua_gc
       60    lua_getallocf
       61    lua_getctx
       62    lua_getfield
       63    lua_getglobal
       64    lua_gethook
       65    lua_gethookcount
       66    lua_gethookmask
       67    lua_getinfo
       68    lua_getlocal
       69    lua_getmetatable
       70    lua_getstack
       71    lua_gettable
       72    lua_gettop
       73    lua_getupvalue
       74    lua_getuservalue
       75    lua_insert
       76    lua_iscfunction
       77    lua_isnumber
       78    lua_isstring
       79    lua_isuserdata
       80    lua_len
       81    lua_load
       82    lua_newstate
       83    lua_newthread
       84    lua_newuserdata
       85    lua_next
       86    lua_pcallk
       87    lua_pushboolean
       88    lua_pushcclosure
       89    lua_pushfstring
       90    lua_pushinteger
       91    lua_pushlightuserdata
       92    lua_pushlstring
       93    lua_pushnil
       94    lua_pushnumber
       95    lua_pushstring
       96    lua_pushthread
       97    lua_pushunsigned
       98    lua_pushvalue
       99    lua_pushvfstring
      100    lua_rawequal
      101    lua_rawget
      102    lua_rawgeti
      103    lua_rawgetp
      104    lua_rawlen
      105    lua_rawset
      106    lua_rawseti
      107    lua_rawsetp
      108    lua_remove
      109    lua_replace
      110    lua_resume
      111    lua_setallocf
      112    lua_setfield
      113    lua_setglobal
      114    lua_sethook
      115    lua_setlocal
      116    lua_setmetatable
      117    lua_settable
      118    lua_settop
      119    lua_setupvalue
      120    lua_setuservalue
      121    lua_status
      122    lua_toboolean
      123    lua_tocfunction
      124    lua_tointegerx
      125    lua_tolstring
      126    lua_tonumberx
      127    lua_topointer
      128    lua_tothread
      129    lua_tounsignedx
      130    lua_touserdata
      131    lua_type
      132    lua_typename
      133    lua_upvalueid
      134    lua_upvaluejoin
      135    lua_version
      136    lua_xmove
      137    lua_yieldk
      138    luaopen_base
      139    luaopen_bit32
      140    luaopen_coroutine
      141    luaopen_debug
      142    luaopen_io
      143    luaopen_math
      144    luaopen_os
      145    luaopen_package
      146    luaopen_string
      147    luaopen_table
