 lib_squirrel

 Timestamp is 52d55317 (Tue Jan 14 18:09:11 2014)

 Preferred load address is 0000000180000000

 Start         Length     Name                   Class
 0001:00000000 00030472H .text                   CODE
 0001:00030480 00003ac8H .text$x                 CODE
 0002:00000000 000002e0H .idata$5                DATA
 0002:000002e0 00000008H .CRT$XCA                DATA
 0002:000002e8 00000008H .CRT$XCZ                DATA
 0002:000002f0 00000008H .CRT$XIA                DATA
 0002:000002f8 00000008H .CRT$XIAA               DATA
 0002:00000300 00000008H .CRT$XIZ                DATA
 0002:00000310 00003ab0H .rdata                  DATA
 0002:00003dc0 000009e4H .rdata$r                DATA
 0002:000047a8 00000008H .rtc$IAA                DATA
 0002:000047b0 00000008H .rtc$IZZ                DATA
 0002:000047b8 00000008H .rtc$TAA                DATA
 0002:000047c0 00000008H .rtc$TZZ                DATA
 0002:000047c8 00007cb4H .xdata                  DATA
 0002:0000c47c 00000028H .idata$2                DATA
 0002:0000c4a4 00000014H .idata$3                DATA
 0002:0000c4b8 000002e0H .idata$4                DATA
 0002:0000c798 00000472H .idata$6                DATA
 0002:0000cc10 0000103bH .edata                  DATA
 0003:00000000 00001ac0H .data                   DATA
 0003:00001ac0 00000148H .bss                    DATA
 0004:00000000 00004164H .pdata                  DATA

  Address         Publics by Value              Rva+Base               Lib:Object

 0000:00000000       ___safe_se_handler_count   0000000000000000     <absolute>
 0000:00000000       ___safe_se_handler_table   0000000000000000     <absolute>
 0000:00000000       __ImageBase                0000000180000000     <linker-defined>
 0001:00000000       ??3@YAXPEAX0@Z             0000000180001000 f i sqstdblob.obj
 0001:00000010       ?Write@SQBlob@@UEAA_JPEAX_J@Z 0000000180001010 f i sqstdblob.obj
 0001:000000a0       ?Read@SQBlob@@UEAA_JPEAX_J@Z 00000001800010a0 f i sqstdblob.obj
 0001:00000110       ?Resize@SQBlob@@QEAA_N_J@Z 0000000180001110 f i sqstdblob.obj
 0001:000001c0       ?Seek@SQBlob@@UEAA_J_J0@Z  00000001800011c0 f i sqstdblob.obj
 0001:00000220       ?IsValid@SQBlob@@UEAA_NXZ  0000000180001220 f i sqstdblob.obj
 0001:00000230       ?EOS@SQBlob@@UEAA_NXZ      0000000180001230 f i sqstdblob.obj
 0001:00000240       ?Flush@SQBlob@@UEAA_JXZ    0000000180001240 f i sqstdblob.obj
 0001:00000250       ?Tell@SQBlob@@UEAA_JXZ     0000000180001250 f i sqstdblob.obj
 0001:00000260       ?Len@SQBlob@@UEAA_JXZ      0000000180001260 f i sqstdblob.obj
 0001:00000270       ??_GSQBlob@@UEAAPEAXI@Z    0000000180001270 f i sqstdblob.obj
 0001:00000270       ??_ESQBlob@@UEAAPEAXI@Z    0000000180001270 f i  CIL library: CIL module
 0001:000002c0       ?Read@SQFile@@UEAA_JPEAX_J@Z 00000001800012c0 f i sqstdio.obj
 0001:000002e0       ?Write@SQFile@@UEAA_JPEAX_J@Z 00000001800012e0 f i sqstdio.obj
 0001:00000300       ?Flush@SQFile@@UEAA_JXZ    0000000180001300 f i sqstdio.obj
 0001:00000310       ?Tell@SQFile@@UEAA_JXZ     0000000180001310 f i sqstdio.obj
 0001:00000320       ?Len@SQFile@@UEAA_JXZ      0000000180001320 f i sqstdio.obj
 0001:00000380       ?Seek@SQFile@@UEAA_J_J0@Z  0000000180001380 f i sqstdio.obj
 0001:00000390       ?IsValid@SQFile@@UEAA_NXZ  0000000180001390 f i sqstdio.obj
 0001:000003a0       ?EOS@SQFile@@UEAA_NXZ      00000001800013a0 f i sqstdio.obj
 0001:000003d0       ??_ESQFile@@UEAAPEAXI@Z    00000001800013d0 f i  CIL library: CIL module
 0001:000003d0       ??_GSQFile@@UEAAPEAXI@Z    00000001800013d0 f i sqstdio.obj
 0001:00000430       ??0SQObjectPtr@@QEAA@XZ    0000000180001430 f i sqapi.obj
 0001:00000450       ??4SQObjectPtr@@QEAAAEAU0@PEAUSQClosure@@@Z 0000000180001450 f i sqapi.obj
 0001:00000490       ??4SQObjectPtr@@QEAAAEAU0@PEAUSQString@@@Z 0000000180001490 f i sqapi.obj
 0001:000004d0       ??4SQObjectPtr@@QEAAAEAU0@AEBU0@@Z 00000001800014d0 f i sqapi.obj
 0001:00000520       ?Null@SQObjectPtr@@QEAAXXZ 0000000180001520 f i sqapi.obj
 0001:00000560       ?Create@SQTable@@SAPEAU1@PEAUSQSharedState@@_J@Z 0000000180001560 f i sqapi.obj
 0001:000005d0       ??1SQCollectable@@UEAA@XZ  00000001800015d0 f i sqapi.obj
 0001:000005d0       ??1SQDelegable@@UEAA@XZ    00000001800015d0 f i sqapi.obj
 0001:000005e0       ??0SQArray@@AEAA@PEAUSQSharedState@@_J@Z 00000001800015e0 f i sqapi.obj
 0001:00000680       ?Create@SQArray@@SAPEAU1@PEAUSQSharedState@@_J@Z 0000000180001680 f i sqapi.obj
 0001:000006e0       ?GetType@SQArray@@UEAA?AW4tagSQObjectType@@XZ 00000001800016e0 f i sqapi.obj
 0001:000006f0       ?Finalize@SQArray@@UEAAXXZ 00000001800016f0 f i sqapi.obj
 0001:00000730       ?Get@SQArray@@QEAA_N_JAEAUSQObjectPtr@@@Z 0000000180001730 f i sqapi.obj
 0001:000007b0       ?Resize@SQArray@@QEAAX_J@Z 00000001800017b0 f i sqapi.obj
 0001:00000840       ?Append@SQArray@@QEAAXAEBUtagSQObject@@@Z 0000000180001840 f i sqapi.obj
 0001:00000900       ?Pop@SQArray@@QEAAXXZ      0000000180001900 f i sqapi.obj
 0001:00000990       ?Insert@SQArray@@QEAA_N_JAEBUtagSQObject@@@Z 0000000180001990 f i sqapi.obj
 0001:00000a00       ?ShrinkIfNeeded@SQArray@@QEAAXXZ 0000000180001a00 f i sqapi.obj
 0001:00000a60       ?Release@SQArray@@UEAAXXZ  0000000180001a60 f i sqapi.obj
 0001:00000a90       ??_ESQArray@@EEAAPEAXI@Z   0000000180001a90 f i  CIL library: CIL module
 0001:00000a90       ??_GSQArray@@EEAAPEAXI@Z   0000000180001a90 f i sqapi.obj
 0001:00000b10       ?Create@SQClosure@@SAPEAU1@PEAUSQSharedState@@PEAUSQFunctionProto@@@Z 0000000180001b10 f i sqapi.obj
 0001:00000c30       ?Release@SQClosure@@UEAAXXZ 0000000180001c30 f i sqapi.obj
 0001:00000d50       ?Clone@SQClosure@@QEAAPEAU1@XZ 0000000180001d50 f i sqapi.obj
 0001:00000e80       ?Finalize@SQClosure@@UEAAXXZ 0000000180001e80 f i sqapi.obj
 0001:00000f60       ?GetType@SQClosure@@UEAA?AW4tagSQObjectType@@XZ 0000000180001f60 f i sqapi.obj
 0001:00000f70       ??_GSQClosure@@UEAAPEAXI@Z 0000000180001f70 f i sqapi.obj
 0001:00000f70       ??_ESQClosure@@UEAAPEAXI@Z 0000000180001f70 f i  CIL library: CIL module
 0001:00000fa0       ?Create@SQNativeClosure@@SAPEAU1@PEAUSQSharedState@@P6A_JPEAUSQVM@@@Z_J@Z 0000000180001fa0 f i sqapi.obj
 0001:00001070       ?Clone@SQNativeClosure@@QEAAPEAU1@XZ 0000000180002070 f i sqapi.obj
 0001:00001170       ??1SQNativeClosure@@UEAA@XZ 0000000180002170 f i sqapi.obj
 0001:00001220       ?Release@SQNativeClosure@@UEAAXXZ 0000000180002220 f i sqapi.obj
 0001:000012b0       ?Finalize@SQNativeClosure@@UEAAXXZ 00000001800022b0 f i sqapi.obj
 0001:00001330       ?GetType@SQNativeClosure@@UEAA?AW4tagSQObjectType@@XZ 0000000180002330 f i sqapi.obj
 0001:00001340       ??_GSQNativeClosure@@UEAAPEAXI@Z 0000000180002340 f i sqapi.obj
 0001:00001340       ??_ESQNativeClosure@@UEAAPEAXI@Z 0000000180002340 f i  CIL library: CIL module
 0001:00001370       ?Finalize@SQUserData@@UEAAXXZ 0000000180002370 f i sqapi.obj
 0001:00001380       ?GetType@SQUserData@@UEAA?AW4tagSQObjectType@@XZ 0000000180002380 f i sqapi.obj
 0001:00001390       ?Release@SQUserData@@UEAAXXZ 0000000180002390 f i sqapi.obj
 0001:000013e0       ??_GSQUserData@@UEAAPEAXI@Z 00000001800023e0 f i sqapi.obj
 0001:000013e0       ??_ESQUserData@@UEAAPEAXI@Z 00000001800023e0 f i  CIL library: CIL module
 0001:00001460       ?Get@SQClass@@QEAA_NAEBUSQObjectPtr@@AEAU2@@Z 0000000180002460 f i sqapi.obj
 0001:00001520       ?Get@SQInstance@@QEAA_NAEBUSQObjectPtr@@AEAU2@@Z 0000000180002520 f i sqapi.obj
 0001:000015f0       ?Set@SQInstance@@QEAA_NAEBUSQObjectPtr@@0@Z 00000001800025f0 f i sqapi.obj
 0001:000016e0       ??1?$sqvector@USQObjectPtr@@@@QEAA@XZ 00000001800026e0 f i sqapi.obj
 0001:00001760       ?resize@?$sqvector@USQObjectPtr@@@@QEAAX_KAEBUSQObjectPtr@@@Z 0000000180002760 f i sqapi.obj
 0001:00001850       ?insert@?$sqvector@USQObjectPtr@@@@QEAAX_KAEBUSQObjectPtr@@@Z 0000000180002850 f i sqapi.obj
 0001:00001960       ?remove@?$sqvector@USQObjectPtr@@@@QEAAX_K@Z 0000000180002960 f i sqapi.obj
 0001:000019e0       ?copy@?$sqvector@_J@@QEAAXAEBV1@@Z 00000001800029e0 f i sqapi.obj
 0001:00001a90       ??1?$sqvector@_J@@QEAA@XZ  0000000180002a90 f i sqapi.obj
 0001:00001a90       ??1?$sqvector@USQInstruction@@@@QEAA@XZ 0000000180002a90 f i sqcompiler.obj
 0001:00001a90       ??1?$sqvector@PEAUSQFuncState@@@@QEAA@XZ 0000000180002a90 f i sqfuncstate.obj
 0001:00001ab0       ??4SQObjectPtr@@QEAAAEAU0@PEAUSQArray@@@Z 0000000180002ab0 f i sqbaselib.obj
 0001:00001af0       ??4SQObjectPtr@@QEAAAEAU0@_J@Z 0000000180002af0 f i sqbaselib.obj
 0001:00001b40       ??4SQObjectPtr@@QEAAAEAU0@M@Z 0000000180002b40 f i sqbaselib.obj
 0001:00001ba0       ?Set@SQArray@@QEAA_N_JAEBUSQObjectPtr@@@Z 0000000180002ba0 f i sqbaselib.obj
 0001:00001c00       ?Lock@SQClass@@QEAAXXZ     0000000180002c00 f i sqclass.obj
 0001:00001c30       ?Release@SQClass@@UEAAXXZ  0000000180002c30 f i sqclass.obj
 0001:00001c70       ?GetType@SQClass@@UEAA?AW4tagSQObjectType@@XZ 0000000180002c70 f i sqclass.obj
 0001:00001c80       ?Create@SQInstance@@SAPEAU1@PEAUSQSharedState@@PEAUSQClass@@@Z 0000000180002c80 f i sqclass.obj
 0001:00001d20       ?Release@SQInstance@@UEAAXXZ 0000000180002d20 f i sqclass.obj
 0001:00001d70       ?GetType@SQInstance@@UEAA?AW4tagSQObjectType@@XZ 0000000180002d70 f i sqclass.obj
 0001:00001d80       ??_GSQClass@@UEAAPEAXI@Z   0000000180002d80 f i sqclass.obj
 0001:00001d80       ??_ESQClass@@UEAAPEAXI@Z   0000000180002d80 f i  CIL library: CIL module
 0001:00001db0       ??1SQClassMember@@QEAA@XZ  0000000180002db0 f i sqclass.obj
 0001:00001e20       ??_ESQInstance@@UEAAPEAXI@Z 0000000180002e20 f i  CIL library: CIL module
 0001:00001e20       ??_GSQInstance@@UEAAPEAXI@Z 0000000180002e20 f i sqclass.obj
 0001:00001e50       ?copy@?$sqvector@USQClassMember@@@@QEAAXAEBV1@@Z 0000000180002e50 f i sqclass.obj
 0001:00001f90       ??1?$sqvector@USQClassMember@@@@QEAA@XZ 0000000180002f90 f i sqclass.obj
 0001:00002060       ?resize@?$sqvector@USQClassMember@@@@QEAAX_KAEBUSQClassMember@@@Z 0000000180003060 f i sqclass.obj
 0001:00002120       ?push_back@?$sqvector@USQClassMember@@@@QEAAAEAUSQClassMember@@AEBU2@@Z 0000000180003120 f i sqclass.obj
 0001:000021d0       ??0SQCompiler@@QEAA@PEAUSQVM@@P6A_JPEAX@Z1PEBD_N4@Z 00000001800031d0 f i sqcompiler.obj
 0001:000022b0       ?ThrowError@SQCompiler@@SAXPEAXPEBD@Z 00000001800032b0 f i sqcompiler.obj
 0001:000022c0       ?Error@SQCompiler@@QEAAXPEBDZZ 00000001800032c0 f i sqcompiler.obj
 0001:00002310       ?Expect@SQCompiler@@QEAA?AUtagSQObject@@_J@Z 0000000180003310 f i sqcompiler.obj
 0001:000024f0       ?Compile@SQCompiler@@QEAA_NAEAUSQObjectPtr@@@Z 00000001800034f0 f i sqcompiler.obj
 0001:00002870       ?Statements@SQCompiler@@QEAAXXZ 0000000180003870 f i sqcompiler.obj
 0001:00002900       ?Statement@SQCompiler@@QEAAX_N@Z 0000000180003900 f i sqcompiler.obj
 0001:000032a0       ?EmitDerefOp@SQCompiler@@QEAAXW4SQOpcode@@@Z 00000001800042a0 f i sqcompiler.obj
 0001:00003330       ?Emit2ArgsOP@SQCompiler@@QEAAXW4SQOpcode@@_J@Z 0000000180004330 f i sqcompiler.obj
 0001:000033b0       ?EmitCompoundArith@SQCompiler@@QEAAX_J00@Z 00000001800043b0 f i sqcompiler.obj
 0001:00003590       ?CommaExpr@SQCompiler@@QEAAXXZ 0000000180004590 f i sqcompiler.obj
 0001:000035e0       ?Expression@SQCompiler@@QEAAXXZ 00000001800045e0 f i sqcompiler.obj
 0001:00003990       ?LogicalOrExp@SQCompiler@@QEAAXXZ 0000000180004990 f i sqcompiler.obj
 0001:00003ad0       ?LogicalAndExp@SQCompiler@@QEAAXXZ 0000000180004ad0 f i sqcompiler.obj
 0001:00003ce0       ?BitwiseOrExp@SQCompiler@@QEAAXXZ 0000000180004ce0 f i sqcompiler.obj
 0001:00003d80       ?BitwiseXorExp@SQCompiler@@QEAAXXZ 0000000180004d80 f i sqcompiler.obj
 0001:00003e20       ?BitwiseAndExp@SQCompiler@@QEAAXXZ 0000000180004e20 f i sqcompiler.obj
 0001:00003ec0       ?EqExp@SQCompiler@@QEAAXXZ 0000000180004ec0 f i sqcompiler.obj
 0001:00004040       ?CompExp@SQCompiler@@QEAAXXZ 0000000180005040 f i sqcompiler.obj
 0001:00004230       ?ShiftExp@SQCompiler@@QEAAXXZ 0000000180005230 f i sqcompiler.obj
 0001:000043b0       ?ChooseArithOpByToken@SQCompiler@@QEAA?AW4SQOpcode@@_J@Z 00000001800053b0 f i sqcompiler.obj
 0001:00004420       ?PlusExp@SQCompiler@@QEAAXXZ 0000000180005420 f i sqcompiler.obj
 0001:00004540       ?MultExp@SQCompiler@@QEAAXXZ 0000000180005540 f i sqcompiler.obj
 0001:00004670       ?PrefixedExpr@SQCompiler@@QEAAXXZ 0000000180005670 f i sqcompiler.obj
 0001:00004ca0       ?Factor@SQCompiler@@QEAA_JXZ 0000000180005ca0 f i sqcompiler.obj
 0001:000058f0       ?EmitLoadConstInt@SQCompiler@@QEAAX_J0@Z 00000001800068f0 f i sqcompiler.obj
 0001:00005970       ?EmitLoadConstFloat@SQCompiler@@QEAAXM_J@Z 0000000180006970 f i sqcompiler.obj
 0001:000059d0       ?UnaryOP@SQCompiler@@QEAAXW4SQOpcode@@@Z 00000001800069d0 f i sqcompiler.obj
 0001:00005a40       ?NeedGet@SQCompiler@@QEAA_NXZ 0000000180006a40 f i sqcompiler.obj
 0001:00005ab0       ?FunctionCallArgs@SQCompiler@@QEAAXXZ 0000000180006ab0 f i sqcompiler.obj
 0001:00005bf0       ?ParseTableOrClass@SQCompiler@@QEAAX_J0@Z 0000000180006bf0 f i sqcompiler.obj
 0001:00006070       ?LocalDeclStatement@SQCompiler@@QEAAXXZ 0000000180007070 f i sqcompiler.obj
 0001:00006240       ?IfStatement@SQCompiler@@QEAAXXZ 0000000180007240 f i sqcompiler.obj
 0001:00006590       ?WhileStatement@SQCompiler@@QEAAXXZ 0000000180007590 f i sqcompiler.obj
 0001:00006910       ?DoWhileStatement@SQCompiler@@QEAAXXZ 0000000180007910 f i sqcompiler.obj
 0001:00006c80       ?ForStatement@SQCompiler@@QEAAXXZ 0000000180007c80 f i sqcompiler.obj
 0001:000072b0       ?ForEachStatement@SQCompiler@@QEAAXXZ 00000001800082b0 f i sqcompiler.obj
 0001:00007830       ?SwitchStatement@SQCompiler@@QEAAXXZ 0000000180008830 f i sqcompiler.obj
 0001:00007d80       ?FunctionStatement@SQCompiler@@QEAAXXZ 0000000180008d80 f i sqcompiler.obj
 0001:00007fa0       ?ClassStatement@SQCompiler@@QEAAXXZ 0000000180008fa0 f i sqcompiler.obj
 0001:00008070       ?ExpectScalar@SQCompiler@@QEAA?AUtagSQObject@@XZ 0000000180009070 f i sqcompiler.obj
 0001:00008170       ?EnumStatement@SQCompiler@@QEAAXXZ 0000000180009170 f i sqcompiler.obj
 0001:00008400       ?TryCatchStatement@SQCompiler@@QEAAXXZ 0000000180009400 f i sqcompiler.obj
 0001:00008780       ?FunctionExp@SQCompiler@@QEAAX_J_N@Z 0000000180009780 f i sqcompiler.obj
 0001:00008840       ?ClassExp@SQCompiler@@QEAAXXZ 0000000180009840 f i sqcompiler.obj
 0001:00008970       ?DeleteExpr@SQCompiler@@QEAAXXZ 0000000180009970 f i sqcompiler.obj
 0001:00008a30       ?PrefixIncDec@SQCompiler@@QEAAX_J@Z 0000000180009a30 f i sqcompiler.obj
 0001:00008be0       ?CreateFunction@SQCompiler@@QEAAXAEAUtagSQObject@@_N@Z 0000000180009be0 f i sqcompiler.obj
 0001:00008fe0       ??1SQCompiler@@QEAA@XZ     0000000180009fe0 f i sqcompiler.obj
 0001:00009030       ?push_back@?$sqvector@USQInstruction@@@@QEAAAEAUSQInstruction@@AEBU2@@Z 000000018000a030 f i sqcompiler.obj
 0001:00009030       ?push_back@?$sqvector@_J@@QEAAAEA_JAEB_J@Z 000000018000a030 f i sqcompiler.obj
 0001:000090b0       ??4SQObjectPtr@@QEAAAEAU0@PEAUSQTable@@@Z 000000018000a0b0 f i sqfuncstate.obj
 0001:000090f0       ??0SQOuterVar@@QEAA@AEBU0@@Z 000000018000a0f0 f i sqfuncstate.obj
 0001:000091b0       ?Create@SQFunctionProto@@SAPEAU1@PEAUSQSharedState@@_J1111111@Z 000000018000a1b0 f i sqfuncstate.obj
 0001:00009440       ??1SQOuterVar@@QEAA@XZ     000000018000a440 f i sqfuncstate.obj
 0001:000094b0       ??1SQObjectPtr@@QEAA@XZ    000000018000a4b0 f i sqapi.obj
 0001:000094b0       ??1SQLocalVarInfo@@QEAA@XZ 000000018000a4b0 f i sqfuncstate.obj
 0001:000094e0       ??4SQOuterVar@@QEAAAEAU0@AEBU0@@Z 000000018000a4e0 f i sqfuncstate.obj
 0001:00009570       ??1?$sqvector@USQLocalVarInfo@@@@QEAA@XZ 000000018000a570 f i sqfuncstate.obj
 0001:000095f0       ?push_back@?$sqvector@USQLocalVarInfo@@@@QEAAAEAUSQLocalVarInfo@@AEBU2@@Z 000000018000a5f0 f i sqfuncstate.obj
 0001:000096c0       ??1?$sqvector@USQOuterVar@@@@QEAA@XZ 000000018000a6c0 f i sqfuncstate.obj
 0001:00009790       ?push_back@?$sqvector@USQOuterVar@@@@QEAAAEAUSQOuterVar@@AEBU2@@Z 000000018000a790 f i sqfuncstate.obj
 0001:00009830       ??1?$sqvector@USQLineInfo@@@@QEAA@XZ 000000018000a830 f i sqfuncstate.obj
 0001:00009850       ??1?$sqvector@D@@QEAA@XZ   000000018000a850 f i sqlexer.obj
 0001:00009870       ?Release@SQFunctionProto@@UEAAXXZ 000000018000a870 f i sqobject.obj
 0001:00009aa0       ?Finalize@SQFunctionProto@@UEAAXXZ 000000018000aaa0 f i sqobject.obj
 0001:00009b30       ?GetType@SQFunctionProto@@UEAA?AW4tagSQObjectType@@XZ 000000018000ab30 f i sqobject.obj
 0001:00009b40       ??_ESQWeakRef@@UEAAPEAXI@Z 000000018000ab40 f i  CIL library: CIL module
 0001:00009b40       ??_GSQWeakRef@@UEAAPEAXI@Z 000000018000ab40 f i sqobject.obj
 0001:00009b40       ??_GSQRefCounted@@UEAAPEAXI@Z 000000018000ab40 f i sqapi.obj
 0001:00009b40       ??_ESQRefCounted@@UEAAPEAXI@Z 000000018000ab40 f i  CIL library: CIL module
 0001:00009b70       ??_ESQFunctionProto@@EEAAPEAXI@Z 000000018000ab70 f i  CIL library: CIL module
 0001:00009b70       ??_GSQFunctionProto@@EEAAPEAXI@Z 000000018000ab70 f i sqobject.obj
 0001:00009ba0       ?push_back@?$sqvector@USQExceptionTrap@@@@QEAAAEAUSQExceptionTrap@@AEBU2@@Z 000000018000aba0 f i sqobject.obj
 0001:00009c40       ??_GSQString@@UEAAPEAXI@Z  000000018000ac40 f i sqstate.obj
 0001:00009c40       ??_ESQString@@UEAAPEAXI@Z  000000018000ac40 f i  CIL library: CIL module
 0001:00009c70       ??1SQTable@@UEAA@XZ        000000018000ac70 f i sqtable.obj
 0001:00009d60       ?GetType@SQTable@@UEAA?AW4tagSQObjectType@@XZ 000000018000ad60 f i sqtable.obj
 0001:00009d70       ?Release@SQTable@@UEAAXXZ  000000018000ad70 f i sqtable.obj
 0001:00009d70       ?Release@SQOuter@@UEAAXXZ  000000018000ad70 f i sqvm.obj
 0001:00009da0       ??_ESQTable@@UEAAPEAXI@Z   000000018000ada0 f i  CIL library: CIL module
 0001:00009da0       ??_GSQTable@@UEAAPEAXI@Z   000000018000ada0 f i sqtable.obj
 0001:00009dd0       ??4SQObjectPtr@@QEAAAEAU0@_N@Z 000000018000add0 f i sqvm.obj
 0001:00009e20       ?GetType@SQVM@@UEAA?AW4tagSQObjectType@@XZ 000000018000ae20 f i sqvm.obj
 0001:00009e30       ?GrowCallStack@SQVM@@QEAAXXZ 000000018000ae30 f i sqvm.obj
 0001:00009ec0       ?Release@SQVM@@UEAAXXZ     000000018000aec0 f i sqvm.obj
 0001:00009ef0       ??1CallInfo@SQVM@@QEAA@XZ  000000018000aef0 f i sqvm.obj
 0001:00009f20       ??1AutoDec@@QEAA@XZ        000000018000af20 f i sqvm.obj
 0001:00009f30       ??1SQOuter@@UEAA@XZ        000000018000af30 f i sqvm.obj
 0001:00009fb0       ?Finalize@SQOuter@@UEAAXXZ 000000018000afb0 f i sqvm.obj
 0001:00009ff0       ?GetType@SQOuter@@UEAA?AW4tagSQObjectType@@XZ 000000018000aff0 f i sqvm.obj
 0001:0000a000       ??_GSQOuter@@UEAAPEAXI@Z   000000018000b000 f i sqvm.obj
 0001:0000a000       ??_ESQOuter@@UEAAPEAXI@Z   000000018000b000 f i  CIL library: CIL module
 0001:0000a030       ??0SQGenerator@@AEAA@PEAUSQSharedState@@PEAUSQClosure@@@Z 000000018000b030 f i sqvm.obj
 0001:0000a100       ??1SQGenerator@@UEAA@XZ    000000018000b100 f i sqvm.obj
 0001:0000a1c0       ?Kill@SQGenerator@@QEAAXXZ 000000018000b1c0 f i sqvm.obj
 0001:0000a230       ?Release@SQGenerator@@UEAAXXZ 000000018000b230 f i sqvm.obj
 0001:0000a260       ?Finalize@SQGenerator@@UEAAXXZ 000000018000b260 f i sqvm.obj
 0001:0000a2d0       ?GetType@SQGenerator@@UEAA?AW4tagSQObjectType@@XZ 000000018000b2d0 f i sqvm.obj
 0001:0000a2e0       ??_ESQGenerator@@UEAAPEAXI@Z 000000018000b2e0 f i  CIL library: CIL module
 0001:0000a2e0       ??_GSQGenerator@@UEAAPEAXI@Z 000000018000b2e0 f i sqvm.obj
 0001:0000a310       ?Next@SQArray@@QEAA_JAEBUSQObjectPtr@@AEAU2@1@Z 000000018000b310 f i sqvm.obj
 0001:0000a400       ?Clone@SQInstance@@QEAAPEAU1@PEAUSQSharedState@@@Z 000000018000b400 f i sqvm.obj
 0001:0000a4b0       ??_GSQVM@@UEAAPEAXI@Z      000000018000b4b0 f i sqvm.obj
 0001:0000a4b0       ??_ESQVM@@UEAAPEAXI@Z      000000018000b4b0 f i  CIL library: CIL module
 0001:0000a4e0       ?copy@?$sqvector@USQObjectPtr@@@@QEAAXAEBV1@@Z 000000018000b4e0 f i sqvm.obj
 0001:0000a5d0       ??1?$sqvector@UCallInfo@SQVM@@@@QEAA@XZ 000000018000b5d0 f i sqvm.obj
 0001:0000a650       ?resize@?$sqvector@UCallInfo@SQVM@@@@QEAAX_KAEBUCallInfo@SQVM@@@Z 000000018000b650 f i sqvm.obj
 0001:0000a790       ??1?$sqvector@USQExceptionTrap@@@@QEAA@XZ 000000018000b790 f i sqvm.obj
 0001:0000a7ae       _purecall                  000000018000b7ae f   MSVCRT:MSVCR90.dll
 0001:0000a7b4       ??3@YAXPEAX@Z              000000018000b7b4 f   MSVCRT:MSVCR90.dll
 0001:0000a7bc       ??_Etype_info@@UEAAPEAXI@Z 000000018000b7bc f i MSVCRT:ti_inst.obj
 0001:0000a828       ?__ArrayUnwind@@YAXPEAX_KHP6AX0@Z@Z 000000018000b828 f   MSVCRT:ehvecdtr.obj
 0001:0000a874       ??_M@YAXPEAX_KHP6AX0@Z@Z   000000018000b874 f   MSVCRT:ehvecdtr.obj
 0001:0000a8d4       ??_L@YAXPEAX_KHP6AX0@Z2@Z  000000018000b8d4 f   MSVCRT:ehvecctr.obj
 0001:0000a99c       _CRT_INIT                  000000018000b99c f   MSVCRT:crtdll.obj
 0001:0000ad30       _DllMainCRTStartup         000000018000bd30 f   MSVCRT:crtdll.obj
 0001:0000ad6e       ?terminate@@YAXXZ          000000018000bd6e f   MSVCRT:MSVCR90.dll
 0001:0000ad74       __C_specific_handler       000000018000bd74 f   MSVCRT:MSVCR90.dll
 0001:0000ad7c       __clean_type_info_names    000000018000bd7c f   MSVCRT:tncleanup.obj
 0001:0000ad88       _onexit                    000000018000bd88 f   MSVCRT:atonexit.obj
 0001:0000ae38       atexit                     000000018000be38 f   MSVCRT:atonexit.obj
 0001:0000ae50       _RTC_Initialize            000000018000be50 f   MSVCRT:_initsect_.obj
 0001:0000ae88       _RTC_Terminate             000000018000be88 f   MSVCRT:_initsect_.obj
 0001:0000aec0       _ValidateImageBase         000000018000bec0 f   MSVCRT:pesect.obj
 0001:0000aef0       _FindPESection             000000018000bef0 f   MSVCRT:pesect.obj
 0001:0000af40       _IsNonwritableInCurrentImage 000000018000bf40 f   MSVCRT:pesect.obj
 0001:0000af82       _initterm                  000000018000bf82 f   MSVCRT:MSVCR90.dll
 0001:0000af88       _initterm_e                000000018000bf88 f   MSVCRT:MSVCR90.dll
 0001:0000af8e       _amsg_exit                 000000018000bf8e f   MSVCRT:MSVCR90.dll
 0001:0000af94       __CppXcptFilter            000000018000bf94 f   MSVCRT:MSVCR90.dll
 0001:0000af9c       DllMain                    000000018000bf9c f   MSVCRT:dllmain.obj
 0001:0000afc0       __security_init_cookie     000000018000bfc0 f   MSVCRT:gs_support.obj
 0001:0000b074       ??1type_info@@UEAA@XZ      000000018000c074 f   MSVCRT:MSVCR90.dll
 0001:0000b074       ?_type_info_dtor_internal_method@type_info@@QEAAXXZ 000000018000c074 f   MSVCRT:MSVCR90.dll
 0001:0000b07a       __clean_type_info_names_internal 000000018000c07a f   MSVCRT:MSVCR90.dll
 0001:0000b080       _unlock                    000000018000c080 f   MSVCRT:MSVCR90.dll
 0001:0000b086       __dllonexit                000000018000c086 f   MSVCRT:MSVCR90.dll
 0001:0000b08c       _lock                      000000018000c08c f   MSVCRT:MSVCR90.dll
 0001:0000b0a0       ?RelocateOuters@SQVM@@QEAAXXZ 000000018000c0a0 f   sqvm.obj
 0001:0000b0e0       ?IsFalse@SQVM@@SA_NAEAUSQObjectPtr@@@Z 000000018000c0e0 f   sqvm.obj
 0001:0000b120       ?IsEqual@SQVM@@SA_NAEBUSQObjectPtr@@0AEA_N@Z 000000018000c120 f   sqvm.obj
 0001:0000b1a0       ?GetAt@SQVM@@QEAAAEAUSQObjectPtr@@_J@Z 000000018000c1a0 f   sqvm.obj
 0001:0000b1c0       ?GetUp@SQVM@@QEAAAEAUSQObjectPtr@@_J@Z 000000018000c1c0 f   sqvm.obj
 0001:0000b1e0       ?Top@SQVM@@QEAAAEAUSQObjectPtr@@XZ 000000018000c1e0 f   sqvm.obj
 0001:0000b200       ?Push@SQVM@@QEAAXAEBUSQObjectPtr@@@Z 000000018000c200 f   sqvm.obj
 0001:0000b260       ?PushNull@SQVM@@QEAAXXZ    000000018000c260 f   sqvm.obj
 0001:0000b2b0       ?Pop@SQVM@@QEAAX_J@Z       000000018000c2b0 f   sqvm.obj
 0001:0000b320       ?Pop@SQVM@@QEAAXXZ         000000018000c320 f   sqvm.obj
 0001:0000b370       ?Remove@SQVM@@QEAAX_J@Z    000000018000c370 f   sqvm.obj
 0001:0000b450       ?CloseOuters@SQVM@@QEAAXPEAUSQObjectPtr@@@Z 000000018000c450 f   sqvm.obj
 0001:0000b500       ?LeaveFrame@SQVM@@QEAAXXZ  000000018000c500 f   sqvm.obj
 0001:0000b630       ?FallBackSet@SQVM@@QEAA_JAEBUSQObjectPtr@@00@Z 000000018000c630 f   sqvm.obj
 0001:0000b8b0       ?FallBackGet@SQVM@@QEAA_JAEBUSQObjectPtr@@0AEAU2@@Z 000000018000c8b0 f   sqvm.obj
 0001:0000bac0       ?CallDebugHook@SQVM@@QEAAX_J0@Z 000000018000cac0 f   sqvm.obj
 0001:0000bc90       ?CallErrorHandler@SQVM@@QEAAXAEAUSQObjectPtr@@@Z 000000018000cc90 f   sqvm.obj
 0001:0000bd60       ?Return@SQVM@@QEAA_N_J0AEAUSQObjectPtr@@@Z 000000018000cd60 f   sqvm.obj
 0001:0000beb0       ?InvokeDefaultDelegate@SQVM@@QEAA_NAEBUSQObjectPtr@@0AEAU2@@Z 000000018000ceb0 f   sqvm.obj
 0001:0000c050       ?Finalize@SQVM@@UEAAXXZ    000000018000d050 f   sqvm.obj
 0001:0000c210       ?EnterFrame@SQVM@@QEAA_N_J0_N@Z 000000018000d210 f   sqvm.obj
 0001:0000c350       ?Suspend@SQVM@@QEAA_JXZ    000000018000d350 f   sqvm.obj
 0001:0000c390       ?TypeOf@SQVM@@QEAA_NAEBUSQObjectPtr@@AEAU2@@Z 000000018000d390 f   sqvm.obj
 0001:0000c4d0       ?ToString@SQVM@@QEAA_NAEBUSQObjectPtr@@AEAU2@@Z 000000018000d4d0 f   sqvm.obj
 0001:0000c7b0       ?NEG_OP@SQVM@@QEAA_NAEAUSQObjectPtr@@AEBU2@@Z 000000018000d7b0 f   sqvm.obj
 0001:0000c990       ?ArithMetaMethod@SQVM@@QEAA_N_JAEBUSQObjectPtr@@1AEAU2@@Z 000000018000d990 f   sqvm.obj
 0001:0000cb20       ??1SQVM@@UEAA@XZ           000000018000db20 f   sqvm.obj
 0001:0000cc80       ??0SQVM@@QEAA@PEAUSQSharedState@@@Z 000000018000dc80 f   sqvm.obj
 0001:0000ce50       ?BW_OP@SQVM@@QEAA_N_KAEAUSQObjectPtr@@AEBU2@2@Z 000000018000de50 f   sqvm.obj
 0001:0000cf70       ?FindOuter@SQVM@@QEAAXAEAUSQObjectPtr@@PEAU2@@Z 000000018000df70 f   sqvm.obj
 0001:0000d100       ?DeleteSlot@SQVM@@QEAA_NAEBUSQObjectPtr@@0AEAU2@@Z 000000018000e100 f   sqvm.obj
 0001:0000d3a0       ?Set@SQVM@@QEAA_NAEBUSQObjectPtr@@00_J@Z 000000018000e3a0 f   sqvm.obj
 0001:0000d4f0       ?Get@SQVM@@QEAA_NAEBUSQObjectPtr@@0AEAU2@_N_J@Z 000000018000e4f0 f   sqvm.obj
 0001:0000d6d0       ?CLOSURE_OP@SQVM@@QEAA_NAEAUSQObjectPtr@@PEAUSQFunctionProto@@@Z 000000018000e6d0 f   sqvm.obj
 0001:0000d8c0       ?FOREACH_OP@SQVM@@QEAA_NAEAUSQObjectPtr@@000_JHAEAH@Z 000000018000e8c0 f   sqvm.obj
 0001:0000deb0       ?StringCat@SQVM@@QEAA_NAEBUSQObjectPtr@@0AEAU2@@Z 000000018000eeb0 f   sqvm.obj
 0001:0000e0c0       ?ObjCmp@SQVM@@QEAA_NAEBUSQObjectPtr@@0AEA_J@Z 000000018000f0c0 f   sqvm.obj
 0001:0000e4b0       ?ARITH_OP@SQVM@@QEAA_N_KAEAUSQObjectPtr@@AEBU2@2@Z 000000018000f4b0 f   sqvm.obj
 0001:0000e700       ?Clone@SQVM@@QEAA_NAEBUSQObjectPtr@@AEAU2@@Z 000000018000f700 f   sqvm.obj
 0001:0000ea00       ?CallNative@SQVM@@QEAA_NPEAUSQNativeClosure@@_J1AEAUSQObjectPtr@@AEA_N@Z 000000018000fa00 f   sqvm.obj
 0001:0000ed10       ?CreateClassInstance@SQVM@@QEAA_NPEAUSQClass@@AEAUSQObjectPtr@@1@Z 000000018000fd10 f   sqvm.obj
 0001:0000ede0       ?CLASS_OP@SQVM@@QEAA_NAEAUSQObjectPtr@@_J1@Z 000000018000fde0 f   sqvm.obj
 0001:0000f000       ?DerefInc@SQVM@@QEAA_N_JAEAUSQObjectPtr@@111_N0@Z 0000000180010000 f   sqvm.obj
 0001:0000f2d0       ?PLOCAL_INC@SQVM@@QEAA_N_JAEAUSQObjectPtr@@11@Z 00000001800102d0 f   sqvm.obj
 0001:0000f3f0       ?StartCall@SQVM@@QEAA_NPEAUSQClosure@@_J11_N@Z 00000001800103f0 f   sqvm.obj
 0001:0000f820       ?CMP_OP@SQVM@@QEAA_NW4CmpOP@@AEBUSQObjectPtr@@1AEAU3@@Z 0000000180010820 f   sqvm.obj
 0001:0000f920       ?NewSlot@SQVM@@QEAA_NAEBUSQObjectPtr@@00_N@Z 0000000180010920 f   sqvm.obj
 0001:0000fd70       ?NewSlotA@SQVM@@QEAA_NAEBUSQObjectPtr@@000_N1@Z 0000000180010d70 f   sqvm.obj
 0001:0000feb0       ?Execute@SQVM@@QEAA_NAEAUSQObjectPtr@@_J10_KW4ExecutionType@1@@Z 0000000180010eb0 f   sqvm.obj
 0001:00012e20       ?Call@SQVM@@QEAA_NAEAUSQObjectPtr@@_J10_K@Z 0000000180013e20 f   sqvm.obj
 0001:00012ff0       ?CallMetaMethod@SQVM@@QEAA_NAEAUSQObjectPtr@@W4SQMetaMethod@@_J0@Z 0000000180013ff0 f   sqvm.obj
 0001:00013070       ?Init@SQVM@@QEAA_NPEAU1@_J@Z 0000000180014070 f   sqvm.obj
 0001:00013290       ?RemoveFromChain@SQCollectable@@SAXPEAPEAU1@PEAU1@@Z 0000000180014290 f   sqstate.obj
 0001:000132d0       ?AddToChain@SQCollectable@@SAXPEAPEAU1@PEAU1@@Z 00000001800142d0 f   sqstate.obj
 0001:00013300       ?MarkObject@SQSharedState@@SAXAEAUSQObjectPtr@@PEAPEAUSQCollectable@@@Z 0000000180014300 f   sqstate.obj
 0001:00013380       ?Remove@SQStringTable@@QEAAXPEAUSQString@@@Z 0000000180014380 f   sqstate.obj
 0001:00013410       ?AllocNodes@SQStringTable@@AEAAX_J@Z 0000000180014410 f   sqstate.obj
 0001:00013450       ??1SQStringTable@@QEAA@XZ  0000000180014450 f   sqstate.obj
 0001:00013480       ??0SQStringTable@@QEAA@PEAUSQSharedState@@@Z 0000000180014480 f   sqstate.obj
 0001:000134b0       ?AllocNodes@RefTable@@AEAAX_K@Z 00000001800144b0 f   sqstate.obj
 0001:00013560       ?Add@RefTable@@AEAAPEAURefNode@1@_KAEAUtagSQObject@@@Z 0000000180014560 f   sqstate.obj
 0001:00013600       ?Resize@RefTable@@AEAAX_K@Z 0000000180014600 f   sqstate.obj
 0001:00013750       ?Mark@RefTable@@QEAAXPEAPEAUSQCollectable@@@Z 0000000180014750 f   sqstate.obj
 0001:000137b0       ??1RefTable@@QEAA@XZ       00000001800147b0 f   sqstate.obj
 0001:000137d0       ?Finalize@RefTable@@QEAAXXZ 00000001800147d0 f   sqstate.obj
 0001:00013850       ??0RefTable@@QEAA@XZ       0000000180014850 f   sqstate.obj
 0001:00013880       ?GetScratchPad@SQSharedState@@QEAAPEAD_J@Z 0000000180014880 f   sqstate.obj
 0001:00013910       ?RunMark@SQSharedState@@QEAAXPEAUSQVM@@PEAPEAUSQCollectable@@@Z 0000000180014910 f   sqstate.obj
 0001:00013a10       ?GetMetaMethodIdxByName@SQSharedState@@QEAA_JAEBUSQObjectPtr@@@Z 0000000180014a10 f   sqstate.obj
 0001:00013aa0       ??0SQSharedState@@QEAA@XZ  0000000180014aa0 f   sqstate.obj
 0001:00013be0       ?Resize@SQStringTable@@AEAAX_J@Z 0000000180014be0 f   sqstate.obj
 0001:00013c70       ?Add@SQStringTable@@QEAAPEAUSQString@@PEBD_J@Z 0000000180014c70 f   sqstate.obj
 0001:00013dc0       ?Get@RefTable@@AEAAPEAURefNode@1@AEAUtagSQObject@@AEA_KPEAPEAU21@_N@Z 0000000180014dc0 f   sqstate.obj
 0001:00013fc0       ?Release@RefTable@@QEAA_KAEAUtagSQObject@@@Z 0000000180014fc0 f   sqstate.obj
 0001:000140c0       ?GetRefCount@RefTable@@QEAA_KAEAUtagSQObject@@@Z 00000001800150c0 f   sqstate.obj
 0001:000140f0       ?AddRef@RefTable@@QEAAXAEAUtagSQObject@@@Z 00000001800150f0 f   sqstate.obj
 0001:00014120       ?CollectGarbage@SQSharedState@@QEAA_JPEAUSQVM@@@Z 0000000180015120 f   sqstate.obj
 0001:000141e0       ?CompileTypemask@@YA_NAEAV?$sqvector@_J@@PEBD@Z 00000001800151e0 f   sqstate.obj
 0001:00014460       ??1SQSharedState@@QEAA@XZ  0000000180015460 f   sqstate.obj
 0001:00014b80       ?ResurrectUnreachable@SQSharedState@@QEAA_JPEAUSQVM@@@Z 0000000180015b80 f   sqstate.obj
 0001:00014ce0       ?CreateDefaultDelegate@@YAPEAUSQTable@@PEAUSQSharedState@@PEAUtagSQRegFunction@@@Z 0000000180015ce0 f   sqstate.obj
 0001:00014ee0       ?Init@SQSharedState@@QEAAXXZ 0000000180015ee0 f   sqstate.obj
 0001:00016b30       ?UnMark@SQCollectable@@QEAAXXZ 0000000180017b30 f   sqobject.obj
 0001:00016b40       ?Mark@SQUserData@@UEAAXPEAPEAUSQCollectable@@@Z 0000000180017b40 f   sqobject.obj
 0001:00016ba0       ?Mark@SQOuter@@UEAAXPEAPEAUSQCollectable@@@Z 0000000180017ba0 f   sqobject.obj
 0001:00016c00       ?Mark@SQNativeClosure@@UEAAXPEAPEAUSQCollectable@@@Z 0000000180017c00 f   sqobject.obj
 0001:00016ca0       ?Mark@SQClosure@@UEAAXPEAPEAUSQCollectable@@@Z 0000000180017ca0 f   sqobject.obj
 0001:00016db0       ?Mark@SQFunctionProto@@UEAAXPEAPEAUSQCollectable@@@Z 0000000180017db0 f   sqobject.obj
 0001:00016ea0       ?Mark@SQTable@@UEAAXPEAPEAUSQCollectable@@@Z 0000000180017ea0 f   sqobject.obj
 0001:00016f60       ?GetLine@SQFunctionProto@@QEAA_JPEAUSQInstruction@@@Z 0000000180017f60 f   sqobject.obj
 0001:00017000       ?SetDelegate@SQDelegable@@QEAA_NPEAUSQTable@@@Z 0000000180018000 f   sqobject.obj
 0001:00017080       ??1SQRefCounted@@UEAA@XZ   0000000180018080 f   sqobject.obj
 0001:000170b0       ?TranslateIndex@@YA_KAEBUSQObjectPtr@@@Z 00000001800180b0 f   sqobject.obj
 0001:000170d0       ?IdType2Name@@YAPEBDW4tagSQObjectType@@@Z 00000001800180d0 f   sqobject.obj
 0001:000171e0       ?Mark@SQGenerator@@UEAAXPEAPEAUSQCollectable@@@Z 00000001800181e0 f   sqobject.obj
 0001:00017280       ?Mark@SQInstance@@UEAAXPEAPEAUSQCollectable@@@Z 0000000180018280 f   sqobject.obj
 0001:00017320       ?Mark@SQClass@@UEAAXPEAPEAUSQCollectable@@@Z 0000000180018320 f   sqobject.obj
 0001:00017460       ?Mark@SQArray@@UEAAXPEAPEAUSQCollectable@@@Z 0000000180018460 f   sqobject.obj
 0001:000174f0       ?Mark@SQVM@@UEAAXPEAPEAUSQCollectable@@@Z 00000001800184f0 f   sqobject.obj
 0001:00017610       ??1SQFunctionProto@@EEAA@XZ 0000000180018610 f   sqobject.obj
 0001:000176b0       ??1SQClosure@@UEAA@XZ      00000001800186b0 f   sqobject.obj
 0001:00017750       ?GetLocal@SQFunctionProto@@QEAAPEBDPEAUSQVM@@_K11@Z 0000000180018750 f   sqobject.obj
 0001:00017800       ?GetMetaMethod@SQDelegable@@UEAA_NPEAUSQVM@@W4SQMetaMethod@@AEAUSQObjectPtr@@@Z 0000000180018800 f   sqobject.obj
 0001:00017830       ?Release@SQWeakRef@@UEAAXXZ 0000000180018830 f   sqobject.obj
 0001:00017870       ?GetWeakRef@SQRefCounted@@QEAAPEAUSQWeakRef@@W4tagSQObjectType@@@Z 0000000180018870 f   sqobject.obj
 0001:000178e0       ?Next@SQString@@QEAA_JAEBUSQObjectPtr@@AEAU2@1@Z 00000001800188e0 f   sqobject.obj
 0001:00017990       ?Release@SQString@@UEAAXXZ 0000000180018990 f   sqobject.obj
 0001:000179b0       ?GetTypeName@@YAPEBDAEBUSQObjectPtr@@@Z 00000001800189b0 f   sqobject.obj
 0001:000179c0       ??0SQFunctionProto@@AEAA@PEAUSQSharedState@@@Z 00000001800189c0 f   sqobject.obj
 0001:00017a30       ?Extend@SQArray@@QEAAXPEBU1@@Z 0000000180018a30 f   sqobject.obj
 0001:00017aa0       ?Create@SQString@@SAPEAU1@PEAUSQSharedState@@PEBD_J@Z 0000000180018aa0 f   sqobject.obj
 0001:00017ab0       ?SafeRead@@YA_NPEAUSQVM@@P6A_JPEAX1_J@Z112@Z 0000000180018ab0 f   sqobject.obj
 0001:00017b10       ?SafeWrite@@YA_NPEAUSQVM@@P6A_JPEAX1_J@Z112@Z 0000000180018b10 f   sqobject.obj
 0001:00017b60       ?Resume@SQGenerator@@QEAA_NPEAUSQVM@@AEAUSQObjectPtr@@@Z 0000000180018b60 f   sqobject.obj
 0001:00017e10       ?Yield@SQGenerator@@QEAA_NPEAUSQVM@@_J@Z 0000000180018e10 f   sqobject.obj
 0001:000181d0       ?ReadObject@@YA_NPEAUSQVM@@PEAXP6A_J11_J@ZAEAUSQObjectPtr@@@Z 00000001800191d0 f   sqobject.obj
 0001:000183a0       ?WriteObject@@YA_NPEAUSQVM@@PEAXP6A_J11_J@ZAEAUSQObjectPtr@@@Z 00000001800193a0 f   sqobject.obj
 0001:000184c0       ?CheckTag@@YA_NPEAUSQVM@@P6A_JPEAX1_J@Z1I@Z 00000001800194c0 f   sqobject.obj
 0001:00018520       ?WriteTag@@YA_NPEAUSQVM@@P6A_JPEAX1_J@Z1I@Z 0000000180019520 f   sqobject.obj
 0001:00018550       ?Load@SQFunctionProto@@SA_NPEAUSQVM@@PEAXP6A_J11_J@ZAEAUSQObjectPtr@@@Z 0000000180019550 f   sqobject.obj
 0001:0001a040       ?Save@SQFunctionProto@@QEAA_NPEAUSQVM@@PEAXP6A_J11_J@Z@Z 000000018001b040 f   sqobject.obj
 0001:0001a720       ?Load@SQClosure@@SA_NPEAUSQVM@@PEAXP6A_J11_J@ZAEAUSQObjectPtr@@@Z 000000018001b720 f   sqobject.obj
 0001:0001a890       ?Save@SQClosure@@QEAA_NPEAUSQVM@@PEAXP6A_J11_J@Z@Z 000000018001b890 f   sqobject.obj
 0001:0001a960       ?sq_vm_free@@YAXPEAX_K@Z   000000018001b960 f   sqmem.obj
 0001:0001a970       ?sq_vm_realloc@@YAPEAXPEAX_K1@Z 000000018001b970 f   sqmem.obj
 0001:0001a980       ?sq_vm_malloc@@YAPEAX_K@Z  000000018001b980 f   sqmem.obj
 0001:0001a990       ?isexponent@@YA_J_J@Z      000000018001b990 f   sqlexer.obj
 0001:0001a9b0       ?scisodigit@@YA_J_J@Z      000000018001b9b0 f   sqlexer.obj
 0001:0001a9d0       ?LexInteger@@YAXPEBDPEA_K@Z 000000018001b9d0 f   sqlexer.obj
 0001:0001aa10       ?LexHexadecimal@@YAXPEBDPEA_K@Z 000000018001ba10 f   sqlexer.obj
 0001:0001aa90       ?Error@SQLexer@@QEAAXPEBD@Z 000000018001ba90 f   sqlexer.obj
 0001:0001aab0       ??1SQLexer@@QEAA@XZ        000000018001bab0 f   sqlexer.obj
 0001:0001ab00       ??0SQLexer@@QEAA@XZ        000000018001bb00 f   sqlexer.obj
 0001:0001ab20       ?LexOctal@@YAXPEBDPEA_K@Z  000000018001bb20 f   sqlexer.obj
 0001:0001ab70       ?Tok2Str@SQLexer@@QEAAPEBD_J@Z 000000018001bb70 f   sqlexer.obj
 0001:0001acf0       ?Next@SQLexer@@AEAAXXZ     000000018001bcf0 f   sqlexer.obj
 0001:0001ad50       ?ReadNumber@SQLexer@@AEAA_JXZ 000000018001bd50 f   sqlexer.obj
 0001:0001b230       ?ReadString@SQLexer@@AEAA_J_J_N@Z 000000018001c230 f   sqlexer.obj
 0001:0001bb20       ?GetIDType@SQLexer@@AEAA_JPEAD@Z 000000018001cb20 f   sqlexer.obj
 0001:0001bbf0       ?LexLineComment@SQLexer@@AEAAXXZ 000000018001cbf0 f   sqlexer.obj
 0001:0001bc30       ?LexBlockComment@SQLexer@@AEAAXXZ 000000018001cc30 f   sqlexer.obj
 0001:0001bcb0       ?ReadID@SQLexer@@AEAA_JXZ  000000018001ccb0 f   sqlexer.obj
 0001:0001bde0       ?Lex@SQLexer@@QEAA_JXZ     000000018001cde0 f   sqlexer.obj
 0001:0001c7e0       ?Init@SQLexer@@QEAAXPEAUSQSharedState@@P6A_JPEAX@Z1P6AX1PEBD@Z1@Z 000000018001d7e0 f   sqlexer.obj
 0001:0001dc70       ?PopChildState@SQFuncState@@QEAAXXZ 000000018001ec70 f   sqfuncstate.obj
 0001:0001dcc0       ?MarkLocalAsOuter@SQFuncState@@QEAAX_J@Z 000000018001ecc0 f   sqfuncstate.obj
 0001:0001dce0       ?GetLocalVariable@SQFuncState@@QEAA_JAEBUtagSQObject@@@Z 000000018001ece0 f   sqfuncstate.obj
 0001:0001dd30       ?IsLocal@SQFuncState@@QEAA_N_K@Z 000000018001ed30 f   sqfuncstate.obj
 0001:0001dd60       ?CountOuters@SQFuncState@@QEAA_J_J@Z 000000018001ed60 f   sqfuncstate.obj
 0001:0001ddb0       ?GetStackSize@SQFuncState@@QEAA_JXZ 000000018001edb0 f   sqfuncstate.obj
 0001:0001ddc0       ?Error@SQFuncState@@QEAAXPEBD@Z 000000018001edc0 f   sqfuncstate.obj
 0001:0001dde0       ?IsConstant@SQFuncState@@QEAA_NAEBUtagSQObject@@AEAU2@@Z 000000018001ede0 f   sqfuncstate.obj
 0001:0001ded0       ?TopTarget@SQFuncState@@QEAA_JXZ 000000018001eed0 f   sqfuncstate.obj
 0001:0001def0       ?SetIntructionParam@SQFuncState@@QEAAX_J00@Z 000000018001eef0 f   sqfuncstate.obj
 0001:0001df50       ?SetIntructionParams@SQFuncState@@QEAAX_J0000@Z 000000018001ef50 f   sqfuncstate.obj
 0001:0001df90       ?AddInstruction@SQFuncState@@QEAAXAEAUSQInstruction@@@Z 000000018001ef90 f   sqfuncstate.obj
 0001:0001e3c0       ?GetOuterVariable@SQFuncState@@QEAA_JAEBUtagSQObject@@@Z 000000018001f3c0 f   sqfuncstate.obj
 0001:0001e5f0       ?PushLocalVariable@SQFuncState@@QEAA_JAEBUtagSQObject@@@Z 000000018001f5f0 f   sqfuncstate.obj
 0001:0001e6b0       ?SetStackSize@SQFuncState@@QEAAX_J@Z 000000018001f6b0 f   sqfuncstate.obj
 0001:0001e870       ?PopTarget@SQFuncState@@QEAA_JXZ 000000018001f870 f   sqfuncstate.obj
 0001:0001e8f0       ?AllocStackPos@SQFuncState@@QEAA_JXZ 000000018001f8f0 f   sqfuncstate.obj
 0001:0001e980       ??1SQFuncState@@QEAA@XZ    000000018001f980 f   sqfuncstate.obj
 0001:0001ebc0       ?BuildProto@SQFuncState@@QEAAPEAUSQFunctionProto@@XZ 000000018001fbc0 f   sqfuncstate.obj
 0001:0001f130       ?DiscardTarget@SQFuncState@@QEAAXXZ 0000000180020130 f   sqfuncstate.obj
 0001:0001f1a0       ?AddLineInfos@SQFuncState@@QEAAX_J_N1@Z 00000001800201a0 f   sqfuncstate.obj
 0001:0001f2b0       ?AddParameter@SQFuncState@@QEAAXAEBUtagSQObject@@@Z 00000001800202b0 f   sqfuncstate.obj
 0001:0001f3a0       ?PushTarget@SQFuncState@@QEAA_J_J@Z 00000001800203a0 f   sqfuncstate.obj
 0001:0001f450       ?CreateTable@SQFuncState@@QEAA?AUtagSQObject@@XZ 0000000180020450 f   sqfuncstate.obj
 0001:0001f560       ?CreateString@SQFuncState@@QEAA?AUtagSQObject@@PEBD_J@Z 0000000180020560 f   sqfuncstate.obj
 0001:0001f640       ?GetConstant@SQFuncState@@QEAA_JAEBUtagSQObject@@@Z 0000000180020640 f   sqfuncstate.obj
 0001:0001f800       ?GetNumericConstant@SQFuncState@@QEAA_JM@Z 0000000180020800 f   sqfuncstate.obj
 0001:0001f840       ?GetNumericConstant@SQFuncState@@QEAA_J_J@Z 0000000180020840 f   sqfuncstate.obj
 0001:0001f870       ??0SQFuncState@@QEAA@PEAUSQSharedState@@PEAU0@P6AXPEAXPEBD@Z2@Z 0000000180020870 f   sqfuncstate.obj
 0001:0001fb30       ?PushChildState@SQFuncState@@QEAAPEAU1@PEAUSQSharedState@@@Z 0000000180020b30 f   sqfuncstate.obj
 0001:0001fc10       sq_stackinfos              0000000180020c10 f   sqdebug.obj
 0001:0001fcf0       ?Raise_Error@SQVM@@QEAAXAEBUSQObjectPtr@@@Z 0000000180020cf0 f   sqdebug.obj
 0001:0001fd40       ?PrintObjVal@SQVM@@QEAAPEAUSQString@@AEBUSQObjectPtr@@@Z 0000000180020d40 f   sqdebug.obj
 0001:0001fe50       ?Raise_Error@SQVM@@QEAAXPEBDZZ 0000000180020e50 f   sqdebug.obj
 0001:0001ff00       ?Raise_CompareError@SQVM@@QEAAXAEBUtagSQObject@@0@Z 0000000180020f00 f   sqdebug.obj
 0001:00020020       ?Raise_IdxError@SQVM@@QEAAXAEBUSQObjectPtr@@@Z 0000000180021020 f   sqdebug.obj
 0001:00020090       sq_getfunctioninfo         0000000180021090 f   sqdebug.obj
 0001:00020110       ?Raise_ParamTypeError@SQVM@@QEAAX_J00@Z 0000000180021110 f   sqdebug.obj
 0001:000202b0       ?InstanceOf@SQInstance@@QEAA_NPEAUSQClass@@@Z 00000001800212b0 f   sqclass.obj
 0001:000202e0       ?Init@SQInstance@@QEAAXPEAUSQSharedState@@@Z 00000001800212e0 f   sqclass.obj
 0001:00020330       ?GetMetaMethod@SQInstance@@UEAA_NPEAUSQVM@@W4SQMetaMethod@@AEAUSQObjectPtr@@@Z 0000000180021330 f   sqclass.obj
 0001:000203a0       ?Finalize@SQInstance@@UEAAXXZ 00000001800213a0 f   sqclass.obj
 0001:00020440       ?GetAttributes@SQClass@@QEAA_NAEBUSQObjectPtr@@AEAU2@@Z 0000000180021440 f   sqclass.obj
 0001:00020550       ?SetAttributes@SQClass@@QEAA_NAEBUSQObjectPtr@@0@Z 0000000180021550 f   sqclass.obj
 0001:00020690       ?Next@SQClass@@QEAA_JAEBUSQObjectPtr@@AEAU2@1@Z 0000000180021690 f   sqclass.obj
 0001:00020800       ??1SQInstance@@UEAA@XZ     0000000180021800 f   sqclass.obj
 0001:00020880       ?Finalize@SQClass@@UEAAXXZ 0000000180021880 f   sqclass.obj
 0001:00020a30       ??0SQInstance@@QEAA@PEAUSQSharedState@@PEAU0@_J@Z 0000000180021a30 f   sqclass.obj
 0001:00020b00       ??0SQInstance@@QEAA@PEAUSQSharedState@@PEAUSQClass@@_J@Z 0000000180021b00 f   sqclass.obj
 0001:00020bf0       ??1SQClass@@UEAA@XZ        0000000180021bf0 f   sqclass.obj
 0001:00020cb0       ?CreateInstance@SQClass@@QEAAPEAUSQInstance@@XZ 0000000180021cb0 f   sqclass.obj
 0001:00020cf0       ??0SQClass@@QEAA@PEAUSQSharedState@@PEAU0@@Z 0000000180021cf0 f   sqclass.obj
 0001:00020ed0       ?NewSlot@SQClass@@QEAA_NPEAUSQSharedState@@AEBUSQObjectPtr@@1_N@Z 0000000180021ed0 f   sqclass.obj
 0001:00021350       ?str2num@@YA_NPEBDAEAUSQObjectPtr@@@Z 0000000180022350 f   sqbaselib.obj
 0001:00023da0       ?sq_base_register@@YAXPEAUSQVM@@@Z 0000000180024da0 f   sqbaselib.obj
 0001:00024520       ?_sort_compare@@YA_NPEAUSQVM@@AEAUSQObjectPtr@@1_JAEA_J@Z 0000000180025520 f   sqbaselib.obj
 0001:00024de0       ?_hsort_sift_down@@YA_NPEAUSQVM@@PEAUSQArray@@_J22@Z 0000000180025de0 f   sqbaselib.obj
 0001:000250b0       ?_hsort@@YA_NPEAUSQVM@@AEAUSQObjectPtr@@_J22@Z 00000001800260b0 f   sqbaselib.obj
 0001:000252c0       sq_free                    00000001800262c0 f   sqapi.obj
 0001:000252d0       sq_realloc                 00000001800262d0 f   sqapi.obj
 0001:000252e0       sq_malloc                  00000001800262e0 f   sqapi.obj
 0001:000252f0       sq_geterrorfunc            00000001800262f0 f   sqapi.obj
 0001:00025310       sq_getprintfunc            0000000180026310 f   sqapi.obj
 0001:00025330       sq_setprintfunc            0000000180026330 f   sqapi.obj
 0001:00025360       ?buf_lexfeed@@YA_JPEAX@Z   0000000180026360 f   sqapi.obj
 0001:00025390       sq_setcompilererrorhandler 0000000180026390 f   sqapi.obj
 0001:000253b0       sq_resetobject             00000001800263b0 f   sqapi.obj
 0001:000253d0       sq_gettop                  00000001800263d0 f   sqapi.obj
 0001:000253e0       sq_getobjtypetag           00000001800263e0 f   sqapi.obj
 0001:00025440       sq_getforeignptr           0000000180026440 f   sqapi.obj
 0001:00025450       sq_setforeignptr           0000000180026450 f   sqapi.obj
 0001:00025460       sq_objtouserpointer        0000000180026460 f   sqapi.obj
 0001:00025480       sq_objtobool               0000000180026480 f   sqapi.obj
 0001:000254a0       sq_objtofloat              00000001800264a0 f   sqapi.obj
 0001:000254d0       sq_objtointeger            00000001800264d0 f   sqapi.obj
 0001:00025500       sq_objtostring             0000000180026500 f   sqapi.obj
 0001:00025520       sq_notifyallexceptions     0000000180026520 f   sqapi.obj
 0001:00025540       sq_enabledebuginfo         0000000180026540 f   sqapi.obj
 0001:00025560       sq_getversion              0000000180026560 f   sqapi.obj
 0001:00025580       sq_getvmstate              0000000180026580 f   sqapi.obj
 0001:000255b0       sq_getscratchpad           00000001800265b0 f   sqapi.obj
 0001:000255d0       sq_getlasterror            00000001800265d0 f   sqapi.obj
 0001:000255e0       sq_reseterror              00000001800265e0 f   sqapi.obj
 0001:00025620       sq_throwobject             0000000180026620 f   sqapi.obj
 0001:00025690       sq_pushobject              0000000180026690 f   sqapi.obj
 0001:000256f0       sq_getlocal                00000001800266f0 f   sqapi.obj
 0001:00025850       sq_remove                  0000000180026850 f   sqapi.obj
 0001:00025860       sq_poptop                  0000000180026860 f   sqapi.obj
 0001:00025870       sq_pop                     0000000180026870 f   sqapi.obj
 0001:00025880       sq_pushconsttable          0000000180026880 f   sqapi.obj
 0001:000258a0       sq_pushregistrytable       00000001800268a0 f   sqapi.obj
 0001:000258c0       sq_pushroottable           00000001800268c0 f   sqapi.obj
 0001:000258d0       sq_pushuserpointer         00000001800268d0 f   sqapi.obj
 0001:00025900       sq_pushfloat               0000000180026900 f   sqapi.obj
 0001:00025930       sq_pushbool                0000000180026930 f   sqapi.obj
 0001:00025960       sq_pushinteger             0000000180026960 f   sqapi.obj
 0001:00025990       sq_pushnull                0000000180026990 f   sqapi.obj
 0001:000259a0       sq_setnativedebughook      00000001800269a0 f   sqapi.obj
 0001:00025a10       sq_move                    0000000180026a10 f   sqapi.obj
 0001:00025a60       sq_weakref                 0000000180026a60 f   sqapi.obj
 0001:00025b30       sq_getfreevariable         0000000180026b30 f   sqapi.obj
 0001:00025c00       sq_collectgarbage          0000000180026c00 f   sqapi.obj
 0001:00025c20       sq_setreleasehook          0000000180026c20 f   sqapi.obj
 0001:00025ca0       sq_throwerror              0000000180026ca0 f   sqapi.obj
 0001:00025d00       sq_getstackobj             0000000180026d00 f   sqapi.obj
 0001:00025d40       sq_rawget                  0000000180026d40 f   sqapi.obj
 0001:00025ed0       sq_getdelegate             0000000180026ed0 f   sqapi.obj
 0001:00025f80       sq_settop                  0000000180026f80 f   sqapi.obj
 0001:00025fe0       sq_getinstanceup           0000000180026fe0 f   sqapi.obj
 0001:00026070       sq_setclassudsize          0000000180027070 f   sqapi.obj
 0001:000260e0       sq_setinstanceup           00000001800270e0 f   sqapi.obj
 0001:00026130       sq_gettypetag              0000000180027130 f   sqapi.obj
 0001:00026190       sq_settypetag              0000000180027190 f   sqapi.obj
 0001:00026200       sq_gethash                 0000000180027200 f   sqapi.obj
 0001:000262a0       sq_getbool                 00000001800272a0 f   sqapi.obj
 0001:000262f0       sq_getfloat                00000001800272f0 f   sqapi.obj
 0001:00026360       sq_getinteger              0000000180027360 f   sqapi.obj
 0001:000263c0       sq_tobool                  00000001800273c0 f   sqapi.obj
 0001:00026400       sq_gettype                 0000000180027400 f   sqapi.obj
 0001:00026430       sq_push                    0000000180027430 f   sqapi.obj
 0001:00026470       sq_setconsttable           0000000180027470 f   sqapi.obj
 0001:00026500       sq_setroottable            0000000180027500 f   sqapi.obj
 0001:000265a0       sq_getclosurename          00000001800275a0 f   sqapi.obj
 0001:00026620       sq_setparamscheck          0000000180027620 f   sqapi.obj
 0001:00026740       sq_setnativeclosurename    0000000180027740 f   sqapi.obj
 0001:000267f0       sq_getclosureinfo          00000001800277f0 f   sqapi.obj
 0001:00026890       sq_instanceof              0000000180027890 f   sqapi.obj
 0001:000268f0       sq_pushstring              00000001800278f0 f   sqapi.obj
 0001:00026960       sq_release                 0000000180027960 f   sqapi.obj
 0001:00026990       sq_getrefcount             0000000180027990 f   sqapi.obj
 0001:000269b0       sq_addref                  00000001800279b0 f   sqapi.obj
 0001:000269e0       sq_setdebughook            00000001800279e0 f   sqapi.obj
 0001:00026aa0       sq_seterrorhandler         0000000180027aa0 f   sqapi.obj
 0001:00026b40       ?sq_aux_invalidtype@@YA_JPEAUSQVM@@W4tagSQObjectType@@@Z 0000000180027b40 f   sqapi.obj
 0001:00026bb0       ?sq_aux_gettypedarg@@YA_NPEAUSQVM@@_JW4tagSQObjectType@@PEAPEAUSQObjectPtr@@@Z 0000000180027bb0 f   sqapi.obj
 0001:00026c60       sq_getdefaultdelegate      0000000180027c60 f   sqapi.obj
 0001:00026db0       sq_getweakrefval           0000000180027db0 f   sqapi.obj
 0001:00026e50       sq_getclass                0000000180027e50 f   sqapi.obj
 0001:00026ee0       sq_getbase                 0000000180027ee0 f   sqapi.obj
 0001:00026f80       ?_getmemberbyhandle@@YA_JPEAUSQVM@@AEAUSQObjectPtr@@PEBUtagSQMemberHandle@@AEAPEAU2@@Z 0000000180027f80 f   sqapi.obj
 0001:00027000       sq_getmemberhandle         0000000180028000 f   sqapi.obj
 0001:00027110       sq_getattributes           0000000180028110 f   sqapi.obj
 0001:00027270       sq_setattributes           0000000180028270 f   sqapi.obj
 0001:00027440       sq_setfreevariable         0000000180028440 f   sqapi.obj
 0001:00027540       sq_getcallee               0000000180028540 f   sqapi.obj
 0001:00027590       sq_suspendvm               0000000180028590 f   sqapi.obj
 0001:000275a0       sq_reservestack            00000001800285a0 f   sqapi.obj
 0001:00027600       sq_rawdeleteslot           0000000180028600 f   sqapi.obj
 0001:00027720       sq_setdelegate             0000000180028720 f   sqapi.obj
 0001:000277f0       sq_getuserpointer          00000001800287f0 f   sqapi.obj
 0001:00027840       sq_getuserdata             0000000180028840 f   sqapi.obj
 0001:000278c0       sq_getsize                 00000001800288c0 f   sqapi.obj
 0001:00027980       sq_getthread               0000000180028980 f   sqapi.obj
 0001:000279d0       sq_getstring               00000001800289d0 f   sqapi.obj
 0001:00027a20       sq_tostring                0000000180028a20 f   sqapi.obj
 0001:00027ae0       sq_typeof                  0000000180028ae0 f   sqapi.obj
 0001:00027ba0       sq_arrayremove             0000000180028ba0 f   sqapi.obj
 0001:00027c50       sq_arrayreverse            0000000180028c50 f   sqapi.obj
 0001:00027df0       sq_arrayresize             0000000180028df0 f   sqapi.obj
 0001:00027e80       sq_arraypop                0000000180028e80 f   sqapi.obj
 0001:00027f40       sq_arrayappend             0000000180028f40 f   sqapi.obj
 0001:00027fc0       sq_close                   0000000180028fc0 f   sqapi.obj
 0001:00028000       sq_next                    0000000180029000 f   sqapi.obj
 0001:00028270       sq_createinstance          0000000180029270 f   sqapi.obj
 0001:00028300       sq_setbyhandle             0000000180029300 f   sqapi.obj
 0001:000283c0       sq_getbyhandle             00000001800293c0 f   sqapi.obj
 0001:000284a0       sq_resurrectunreachable    00000001800294a0 f   sqapi.obj
 0001:000284c0       sq_get                     00000001800294c0 f   sqapi.obj
 0001:00028540       sq_set                     0000000180029540 f   sqapi.obj
 0001:000285c0       sq_deleteslot              00000001800295c0 f   sqapi.obj
 0001:00028720       sq_cmp                     0000000180029720 f   sqapi.obj
 0001:00028760       sq_clear                   0000000180029760 f   sqapi.obj
 0001:000287d0       sq_newclosure              00000001800297d0 f   sqapi.obj
 0001:000288b0       sq_arrayinsert             00000001800298b0 f   sqapi.obj
 0001:00028950       sq_newarray                0000000180029950 f   sqapi.obj
 0001:000289e0       sq_newtableex              00000001800299e0 f   sqapi.obj
 0001:00028a80       sq_newtable                0000000180029a80 f   sqapi.obj
 0001:00028b10       sq_newuserdata             0000000180029b10 f   sqapi.obj
 0001:00028be0       sq_readclosure             0000000180029be0 f   sqapi.obj
 0001:00028cf0       sq_writeclosure            0000000180029cf0 f   sqapi.obj
 0001:00028de0       sq_rawset                  0000000180029de0 f   sqapi.obj
 0001:00028f70       sq_clone                   0000000180029f70 f   sqapi.obj
 0001:00028ff0       sq_bindenv                 0000000180029ff0 f   sqapi.obj
 0001:000291b0       sq_newclass                000000018002a1b0 f   sqapi.obj
 0001:00029280       sq_wakeupvm                000000018002a280 f   sqapi.obj
 0001:00029430       sq_resume                  000000018002a430 f   sqapi.obj
 0001:00029510       sq_rawnewmember            000000018002a510 f   sqapi.obj
 0001:000295d0       sq_newmember               000000018002a5d0 f   sqapi.obj
 0001:00029690       sq_newslot                 000000018002a690 f   sqapi.obj
 0001:00029750       sq_call                    000000018002a750 f   sqapi.obj
 0001:00029860       sq_newthread               000000018002a860 f   sqapi.obj
 0001:00029920       sq_open                    000000018002a920 f   sqapi.obj
 0001:00029a00       sq_compile                 000000018002aa00 f   sqapi.obj
 0001:00029b00       sq_compilebuffer           000000018002ab00 f   sqapi.obj
 0001:00029dc0       sqstd_register_systemlib   000000018002adc0 f   sqstdsystem.obj
 0001:0002a450       sqstd_format               000000018002b450 f   sqstdstring.obj
 0001:0002aa10       sqstd_register_stringlib   000000018002ba10 f   sqstdstring.obj
 0001:0002add0       sqstd_rex_getsubexp        000000018002bdd0 f   sqstdrex.obj
 0001:0002ae10       sqstd_rex_getsubexpcount   000000018002be10 f   sqstdrex.obj
 0001:0002ae20       sqstd_rex_free             000000018002be20 f   sqstdrex.obj
 0001:0002bbb0       sqstd_rex_searchrange      000000018002cbb0 f   sqstdrex.obj
 0001:0002bca0       sqstd_rex_match            000000018002cca0 f   sqstdrex.obj
 0001:0002bed0       sqstd_rex_search           000000018002ced0 f   sqstdrex.obj
 0001:0002c270       sqstd_rex_compile          000000018002d270 f   sqstdrex.obj
 0001:0002c3d0       sqstd_feof                 000000018002d3d0 f   sqstdio.obj
 0001:0002c3f0       sqstd_fclose               000000018002d3f0 f   sqstdio.obj
 0001:0002c410       sqstd_fflush               000000018002d410 f   sqstdio.obj
 0001:0002c430       sqstd_ftell                000000018002d430 f   sqstdio.obj
 0001:0002c450       sqstd_fseek                000000018002d450 f   sqstdio.obj
 0001:0002c4b0       sqstd_fwrite               000000018002d4b0 f   sqstdio.obj
 0001:0002c4c0       sqstd_fread                000000018002d4c0 f   sqstdio.obj
 0001:0002c4d0       sqstd_fopen                000000018002d4d0 f   sqstdio.obj
 0001:0002c4e0       ?file_write@@YA_JPEAX0_J@Z 000000018002d4e0 f   sqstdio.obj
 0001:0002c500       ?file_read@@YA_JPEAX0_J@Z  000000018002d500 f   sqstdio.obj
 0001:0002c5f0       sqstd_getfile              000000018002d5f0 f   sqstdio.obj
 0001:0002c870       sqstd_writeclosuretofile   000000018002d870 f   sqstdio.obj
 0001:0002c900       ?_g_io_writeclosuretofile@@YA_JPEAUSQVM@@@Z 000000018002d900 f   sqstdio.obj
 0001:0002c950       sqstd_createfile           000000018002d950 f   sqstdio.obj
 0001:0002ca30       sqstd_register_iolib       000000018002da30 f   sqstdio.obj
 0001:0002cb40       sqstd_loadfile             000000018002db40 f   sqstdio.obj
 0001:0002ccd0       ?_g_io_loadfile@@YA_JPEAUSQVM@@@Z 000000018002dcd0 f   sqstdio.obj
 0001:0002cd50       sqstd_dofile               000000018002dd50 f   sqstdio.obj
 0001:0002cde0       ?_g_io_dofile@@YA_JPEAUSQVM@@@Z 000000018002dde0 f   sqstdio.obj
 0001:0002cf10       sqstd_getblobsize          000000018002df10 f   sqstdblob.obj
 0001:0002cf50       sqstd_getblob              000000018002df50 f   sqstdblob.obj
 0001:0002d970       sqstd_register_bloblib     000000018002e970 f   sqstdblob.obj
 0001:0002d9b0       sqstd_createblob           000000018002e9b0 f   sqstdblob.obj
 0001:0002dab0       ?_sqstd_compiler_error@@YAXPEAUSQVM@@PEBD1_J2@Z 000000018002eab0 f   sqstdaux.obj
 0001:0002daf0       sqstd_printcallstack       000000018002eaf0 f   sqstdaux.obj
 0001:0002df00       sqstd_seterrorhandlers     000000018002ef00 f   sqstdaux.obj
 0001:0002df40       ?_ClearNodes@SQTable@@AEAAXXZ 000000018002ef40 f   sqtable.obj
 0001:0002e000       ?Set@SQTable@@QEAA_NAEBUSQObjectPtr@@0@Z 000000018002f000 f   sqtable.obj
 0001:0002e100       ?Next@SQTable@@QEAA_J_NAEBUSQObjectPtr@@AEAU2@2@Z 000000018002f100 f   sqtable.obj
 0001:0002e250       ?Get@SQTable@@QEAA_NAEBUSQObjectPtr@@AEAU2@@Z 000000018002f250 f   sqtable.obj
 0001:0002e380       ?Finalize@SQTable@@UEAAXXZ 000000018002f380 f   sqtable.obj
 0001:0002e3b0       ?AllocNodes@SQTable@@AEAAX_J@Z 000000018002f3b0 f   sqtable.obj
 0001:0002e440       ?Rehash@SQTable@@AEAAX_N@Z 000000018002f440 f   sqtable.obj
 0001:0002e5b0       ?Remove@SQTable@@QEAAXAEBUSQObjectPtr@@@Z 000000018002f5b0 f   sqtable.obj
 0001:0002e6e0       ??0SQTable@@AEAA@PEAUSQSharedState@@_J@Z 000000018002f6e0 f   sqtable.obj
 0001:0002e760       ?Clear@SQTable@@QEAAXXZ    000000018002f760 f   sqtable.obj
 0001:0002e790       ?NewSlot@SQTable@@QEAA_NAEBUSQObjectPtr@@0@Z 000000018002f790 f   sqtable.obj
 0001:0002ea60       ?Clone@SQTable@@QEAAPEAU1@XZ 000000018002fa60 f   sqtable.obj
 0001:0002f130       sqstd_register_mathlib     0000000180030130 f   sqstdmath.obj
 0001:0002f260       ?_stream__cloned@@YA_JPEAUSQVM@@@Z 0000000180030260 f   sqstdstream.obj
 0001:0002f280       ?_stream_eos@@YA_JPEAUSQVM@@@Z 0000000180030280 f   sqstdstream.obj
 0001:0002f350       ?_stream_flush@@YA_JPEAUSQVM@@@Z 0000000180030350 f   sqstdstream.obj
 0001:0002f420       ?_stream_len@@YA_JPEAUSQVM@@@Z 0000000180030420 f   sqstdstream.obj
 0001:0002f4d0       ?_stream_tell@@YA_JPEAUSQVM@@@Z 00000001800304d0 f   sqstdstream.obj
 0001:0002f580       ?_stream_seek@@YA_JPEAUSQVM@@@Z 0000000180030580 f   sqstdstream.obj
 0001:0002f6a0       ?_stream_writen@@YA_JPEAUSQVM@@@Z 00000001800306a0 f   sqstdstream.obj
 0001:0002f9d0       ?_stream_readn@@YA_JPEAUSQVM@@@Z 00000001800309d0 f   sqstdstream.obj
 0001:0002fd10       ?_stream_writeblob@@YA_JPEAUSQVM@@@Z 0000000180030d10 f   sqstdstream.obj
 0001:0002fe40       ?init_streamclass@@YAXPEAUSQVM@@@Z 0000000180030e40 f   sqstdstream.obj
 0001:0002ffc0       ?declare_stream@@YA_JPEAUSQVM@@PEBDPEAX1PEAUtagSQRegFunction@@3@Z 0000000180030fc0 f   sqstdstream.obj
 0001:00030220       ?_stream_readblob@@YA_JPEAUSQVM@@@Z 0000000180031220 f   sqstdstream.obj
 0001:00030360       ?Compile@@YA_NPEAUSQVM@@P6A_JPEAX@Z1PEBDAEAUSQObjectPtr@@_N5@Z 0000000180031360 f   sqcompiler.obj
 0001:000303fa       __CxxFrameHandler3         00000001800313fa f   MSVCRT:MSVCR90.dll
 0001:00030400       tanf                       0000000180031400 f   MSVCRT:MSVCR90.dll
 0001:00030406       sqrtf                      0000000180031406 f   MSVCRT:MSVCR90.dll
 0001:0003040c       sinf                       000000018003140c f   MSVCRT:MSVCR90.dll
 0001:00030412       powf                       0000000180031412 f   MSVCRT:MSVCR90.dll
 0001:00030418       log10f                     0000000180031418 f   MSVCRT:MSVCR90.dll
 0001:0003041e       logf                       000000018003141e f   MSVCRT:MSVCR90.dll
 0001:00030424       floorf                     0000000180031424 f   MSVCRT:MSVCR90.dll
 0001:0003042a       expf                       000000018003142a f   MSVCRT:MSVCR90.dll
 0001:00030430       cosf                       0000000180031430 f   MSVCRT:MSVCR90.dll
 0001:00030436       ceilf                      0000000180031436 f   MSVCRT:MSVCR90.dll
 0001:0003043c       atan2f                     000000018003143c f   MSVCRT:MSVCR90.dll
 0001:00030442       atanf                      0000000180031442 f   MSVCRT:MSVCR90.dll
 0001:00030448       asinf                      0000000180031448 f   MSVCRT:MSVCR90.dll
 0001:0003044e       acosf                      000000018003144e f   MSVCRT:MSVCR90.dll
 0001:00030454       memset                     0000000180031454 f   MSVCRT:MSVCR90.dll
 0001:0003045a       memcpy                     000000018003145a f   MSVCRT:MSVCR90.dll
 0001:00030460       memcmp                     0000000180031460 f   MSVCRT:MSVCR90.dll
 0001:00030466       fmod                       0000000180031466 f   MSVCRT:MSVCR90.dll
 0001:0003046c       _setjmp                    000000018003146c f   MSVCRT:MSVCR90.dll
 0002:00000000       __imp_GetCurrentProcessId  0000000180035000     kernel32:KERNEL32.dll
 0002:00000008       __imp_GetCurrentThreadId   0000000180035008     kernel32:KERNEL32.dll
 0002:00000010       __imp_GetTickCount         0000000180035010     kernel32:KERNEL32.dll
 0002:00000018       __imp_QueryPerformanceCounter 0000000180035018     kernel32:KERNEL32.dll
 0002:00000020       __imp_DisableThreadLibraryCalls 0000000180035020     kernel32:KERNEL32.dll
 0002:00000028       __imp_Sleep                0000000180035028     kernel32:KERNEL32.dll
 0002:00000030       __imp_GetSystemTimeAsFileTime 0000000180035030     kernel32:KERNEL32.dll
 0002:00000038       \177KERNEL32_NULL_THUNK_DATA 0000000180035038     kernel32:KERNEL32.dll
 0002:00000040       __imp_ftell                0000000180035040     MSVCRT:MSVCR90.dll
 0002:00000048       __imp_fseek                0000000180035048     MSVCRT:MSVCR90.dll
 0002:00000050       __imp_fclose               0000000180035050     MSVCRT:MSVCR90.dll
 0002:00000058       __imp_rand                 0000000180035058     MSVCRT:MSVCR90.dll
 0002:00000060       __imp_srand                0000000180035060     MSVCRT:MSVCR90.dll
 0002:00000068       __imp_isspace              0000000180035068     MSVCRT:MSVCR90.dll
 0002:00000070       __imp_isalnum              0000000180035070     MSVCRT:MSVCR90.dll
 0002:00000078       __imp_ispunct              0000000180035078     MSVCRT:MSVCR90.dll
 0002:00000080       __imp_isprint              0000000180035080     MSVCRT:MSVCR90.dll
 0002:00000088       __imp_isalpha              0000000180035088     MSVCRT:MSVCR90.dll
 0002:00000090       __imp_isdigit              0000000180035090     MSVCRT:MSVCR90.dll
 0002:00000098       __imp_isupper              0000000180035098     MSVCRT:MSVCR90.dll
 0002:000000a0       __imp_iscntrl              00000001800350a0     MSVCRT:MSVCR90.dll
 0002:000000a8       __imp_longjmp              00000001800350a8     MSVCRT:MSVCR90.dll
 0002:000000b0       __imp_islower              00000001800350b0     MSVCRT:MSVCR90.dll
 0002:000000b8       __imp_isxdigit             00000001800350b8     MSVCRT:MSVCR90.dll
 0002:000000c0       __imp_sprintf              00000001800350c0     MSVCRT:MSVCR90.dll
 0002:000000c8       __imp_strchr               00000001800350c8     MSVCRT:MSVCR90.dll
 0002:000000d0       __imp_atoi                 00000001800350d0     MSVCRT:MSVCR90.dll
 0002:000000d8       __imp_strtok               00000001800350d8     MSVCRT:MSVCR90.dll
 0002:000000e0       __imp_rename               00000001800350e0     MSVCRT:MSVCR90.dll
 0002:000000e8       __imp__gmtime64            00000001800350e8     MSVCRT:MSVCR90.dll
 0002:000000f0       __imp_system               00000001800350f0     MSVCRT:MSVCR90.dll
 0002:000000f8       __imp_remove               00000001800350f8     MSVCRT:MSVCR90.dll
 0002:00000100       __imp_clock                0000000180035100     MSVCRT:MSVCR90.dll
 0002:00000108       __imp__localtime64         0000000180035108     MSVCRT:MSVCR90.dll
 0002:00000110       __imp_getenv               0000000180035110     MSVCRT:MSVCR90.dll
 0002:00000118       __imp__time64              0000000180035118     MSVCRT:MSVCR90.dll
 0002:00000120       __imp_fwrite               0000000180035120     MSVCRT:MSVCR90.dll
 0002:00000128       __imp_strtod               0000000180035128     MSVCRT:MSVCR90.dll
 0002:00000130       __imp__strtoi64            0000000180035130     MSVCRT:MSVCR90.dll
 0002:00000138       __imp_strstr               0000000180035138     MSVCRT:MSVCR90.dll
 0002:00000140       __imp_tolower              0000000180035140     MSVCRT:MSVCR90.dll
 0002:00000148       __imp_toupper              0000000180035148     MSVCRT:MSVCR90.dll
 0002:00000150       __imp_vsprintf             0000000180035150     MSVCRT:MSVCR90.dll
 0002:00000158       __imp_strtoul              0000000180035158     MSVCRT:MSVCR90.dll
 0002:00000160       __imp_free                 0000000180035160     MSVCRT:MSVCR90.dll
 0002:00000168       __imp_malloc               0000000180035168     MSVCRT:MSVCR90.dll
 0002:00000170       __imp_realloc              0000000180035170     MSVCRT:MSVCR90.dll
 0002:00000178       __imp_?terminate@@YAXXZ    0000000180035178     MSVCRT:MSVCR90.dll
 0002:00000180       __imp___C_specific_handler 0000000180035180     MSVCRT:MSVCR90.dll
 0002:00000188       __imp__encode_pointer      0000000180035188     MSVCRT:MSVCR90.dll
 0002:00000190       __imp__malloc_crt          0000000180035190     MSVCRT:MSVCR90.dll
 0002:00000198       __imp__initterm            0000000180035198     MSVCRT:MSVCR90.dll
 0002:000001a0       __imp__initterm_e          00000001800351a0     MSVCRT:MSVCR90.dll
 0002:000001a8       __imp__encoded_null        00000001800351a8     MSVCRT:MSVCR90.dll
 0002:000001b0       __imp__decode_pointer      00000001800351b0     MSVCRT:MSVCR90.dll
 0002:000001b8       __imp__amsg_exit           00000001800351b8     MSVCRT:MSVCR90.dll
 0002:000001c0       __imp___CppXcptFilter      00000001800351c0     MSVCRT:MSVCR90.dll
 0002:000001c8       __imp_?_type_info_dtor_internal_method@type_info@@QEAAXXZ 00000001800351c8     MSVCRT:MSVCR90.dll
 0002:000001d0       __imp___clean_type_info_names_internal 00000001800351d0     MSVCRT:MSVCR90.dll
 0002:000001d8       __imp__unlock              00000001800351d8     MSVCRT:MSVCR90.dll
 0002:000001e0       __imp___dllonexit          00000001800351e0     MSVCRT:MSVCR90.dll
 0002:000001e8       __imp__lock                00000001800351e8     MSVCRT:MSVCR90.dll
 0002:000001f0       __imp__onexit              00000001800351f0     MSVCRT:MSVCR90.dll
 0002:000001f8       __imp_fread                00000001800351f8     MSVCRT:MSVCR90.dll
 0002:00000200       __imp_fopen                0000000180035200     MSVCRT:MSVCR90.dll
 0002:00000208       __imp_fflush               0000000180035208     MSVCRT:MSVCR90.dll
 0002:00000210       __imp___iob_func           0000000180035210     MSVCRT:MSVCR90.dll
 0002:00000218       __imp_feof                 0000000180035218     MSVCRT:MSVCR90.dll
 0002:00000220       __imp_??3@YAXPEAX@Z        0000000180035220     MSVCRT:MSVCR90.dll
 0002:00000228       __imp_memmove              0000000180035228     MSVCRT:MSVCR90.dll
 0002:00000230       __imp__purecall            0000000180035230     MSVCRT:MSVCR90.dll
 0002:00000238       __imp___CxxFrameHandler3   0000000180035238     MSVCRT:MSVCR90.dll
 0002:00000240       __imp_tanf                 0000000180035240     MSVCRT:MSVCR90.dll
 0002:00000248       __imp_sqrtf                0000000180035248     MSVCRT:MSVCR90.dll
 0002:00000250       __imp_sinf                 0000000180035250     MSVCRT:MSVCR90.dll
 0002:00000258       __imp_powf                 0000000180035258     MSVCRT:MSVCR90.dll
 0002:00000260       __imp_log10f               0000000180035260     MSVCRT:MSVCR90.dll
 0002:00000268       __imp_logf                 0000000180035268     MSVCRT:MSVCR90.dll
 0002:00000270       __imp_floorf               0000000180035270     MSVCRT:MSVCR90.dll
 0002:00000278       __imp_expf                 0000000180035278     MSVCRT:MSVCR90.dll
 0002:00000280       __imp_cosf                 0000000180035280     MSVCRT:MSVCR90.dll
 0002:00000288       __imp_ceilf                0000000180035288     MSVCRT:MSVCR90.dll
 0002:00000290       __imp_atan2f               0000000180035290     MSVCRT:MSVCR90.dll
 0002:00000298       __imp_atanf                0000000180035298     MSVCRT:MSVCR90.dll
 0002:000002a0       __imp_asinf                00000001800352a0     MSVCRT:MSVCR90.dll
 0002:000002a8       __imp_acosf                00000001800352a8     MSVCRT:MSVCR90.dll
 0002:000002b0       __imp_memset               00000001800352b0     MSVCRT:MSVCR90.dll
 0002:000002b8       __imp_memcpy               00000001800352b8     MSVCRT:MSVCR90.dll
 0002:000002c0       __imp_memcmp               00000001800352c0     MSVCRT:MSVCR90.dll
 0002:000002c8       __imp_fmod                 00000001800352c8     MSVCRT:MSVCR90.dll
 0002:000002d0       __imp__setjmp              00000001800352d0     MSVCRT:MSVCR90.dll
 0002:000002d8       \177MSVCR90_NULL_THUNK_DATA 00000001800352d8     MSVCRT:MSVCR90.dll
 0002:000002e0       __xc_a                     00000001800352e0     MSVCRT:cinitexe.obj
 0002:000002e8       __xc_z                     00000001800352e8     MSVCRT:cinitexe.obj
 0002:000002f0       __xi_a                     00000001800352f0     MSVCRT:cinitexe.obj
 0002:00000300       __xi_z                     0000000180035300     MSVCRT:cinitexe.obj
 0002:00000318       ??_7type_info@@6B@         0000000180035318     MSVCRT:ti_inst.obj
 0002:00000320       _pDefaultRawDllMain        0000000180035320     MSVCRT:crtdll.obj
 0002:00000320       _pRawDllMain               0000000180035320     MSVCRT:crtdll.obj
 0002:00000328       ??_C@_0M@PJGLFAHK@?6CALLSTACK?6?$AA@ 0000000180035328     sqstdaux.obj
 0002:00000338       ??_C@_07CIFAGBMG@unknown?$AA@ 0000000180035338     sqstdaux.obj
 0002:00000340       ??_C@_0BP@OJILADIN@?$CKFUNCTION?5?$FL?$CFs?$CI?$CJ?$FN?5?$CFs?5line?5?$FL?$CFd?$FN?6?$AA@ 0000000180035340     sqstdaux.obj
 0002:00000360       ??_C@_08OJCBCFCA@?6LOCALS?6?$AA@ 0000000180035360     sqstdaux.obj
 0002:00000370       ??_C@_0L@DJCPKMHA@?$FL?$CFs?$FN?5NULL?6?$AA@ 0000000180035370     sqstdaux.obj
 0002:00000380       ??_C@_08NGOLHCCJ@?$FL?$CFs?$FN?5?$CFd?6?$AA@ 0000000180035380     sqstdaux.obj
 0002:00000390       ??_C@_0M@KNEBKHHJ@?$FL?$CFs?$FN?5?$CF?414g?6?$AA@ 0000000180035390     sqstdaux.obj
 0002:000003a0       ??_C@_0BC@LFFDKOEI@?$FL?$CFs?$FN?5USERPOINTER?6?$AA@ 00000001800353a0     sqstdaux.obj
 0002:000003b8       ??_C@_0L@FFMKINED@?$FL?$CFs?$FN?5?$CC?$CFs?$CC?6?$AA@ 00000001800353b8     sqstdaux.obj
 0002:000003c8       ??_C@_0M@DFMMEBIL@?$FL?$CFs?$FN?5TABLE?6?$AA@ 00000001800353c8     sqstdaux.obj
 0002:000003d8       ??_C@_0M@CNOJHJM@?$FL?$CFs?$FN?5ARRAY?6?$AA@ 00000001800353d8     sqstdaux.obj
 0002:000003e8       ??_C@_0O@PLLIPJMD@?$FL?$CFs?$FN?5CLOSURE?6?$AA@ 00000001800353e8     sqstdaux.obj
 0002:000003f8       ??_C@_0BE@KIHCKLEL@?$FL?$CFs?$FN?5NATIVECLOSURE?6?$AA@ 00000001800353f8     sqstdaux.obj
 0002:00000410       ??_C@_0BA@OBKNALPI@?$FL?$CFs?$FN?5GENERATOR?6?$AA@ 0000000180035410     sqstdaux.obj
 0002:00000420       ??_C@_0P@ONKHMGLN@?$FL?$CFs?$FN?5USERDATA?6?$AA@ 0000000180035420     sqstdaux.obj
 0002:00000430       ??_C@_0N@OOIIGMMH@?$FL?$CFs?$FN?5THREAD?6?$AA@ 0000000180035430     sqstdaux.obj
 0002:00000440       ??_C@_0M@HMFKBCMO@?$FL?$CFs?$FN?5CLASS?6?$AA@ 0000000180035440     sqstdaux.obj
 0002:00000450       ??_C@_0P@EMOEMOPD@?$FL?$CFs?$FN?5INSTANCE?6?$AA@ 0000000180035450     sqstdaux.obj
 0002:00000460       ??_C@_0O@NHMJAHFB@?$FL?$CFs?$FN?5WEAKREF?6?$AA@ 0000000180035460     sqstdaux.obj
 0002:00000470       ??_C@_04LOAJBDKD@true?$AA@ 0000000180035470     sqstdaux.obj
 0002:00000478       ??_C@_05LAPONLG@false?$AA@ 0000000180035478     sqstdaux.obj
 0002:00000480       ??_C@_08MPICMHNM@?$FL?$CFs?$FN?5?$CFs?6?$AA@ 0000000180035480     sqstdaux.obj
 0002:00000490       ??_C@_0BM@MMCOKIHC@?6AN?5ERROR?5HAS?5OCCURED?5?$FL?$CFs?$FN?6?$AA@ 0000000180035490     sqstdaux.obj
 0002:000004b0       ??_C@_0CB@HBLDDEIG@?6AN?5ERROR?5HAS?5OCCURED?5?$FLunknown?$FN?6@ 00000001800354b0     sqstdaux.obj
 0002:000004d8       ??_C@_0CJ@DDDICFBH@?$CFs?5line?5?$DN?5?$CI?$CFd?$CJ?5column?5?$DN?5?$CI?$CFd?$CJ?5?3?5e@ 00000001800354d8     sqstdaux.obj
 0002:00000508       ??_C@_09IGIMPLLL@swapfloat?$AA@ 0000000180035508     sqstdblob.obj
 0002:00000518       ??_C@_07OFABLADA@castf2i?$AA@ 0000000180035518     sqstdblob.obj
 0002:00000520       ??_C@_02MJBDALCO@?4n?$AA@  0000000180035520     sqstdblob.obj
 0002:00000528       ??_C@_07DKPKLMKJ@casti2f?$AA@ 0000000180035528     sqstdblob.obj
 0002:00000530       ??_C@_02LNLKOMPL@xx?$AA@   0000000180035530     sqstdblob.obj
 0002:00000538       ??_C@_07FMKFJPGB@_cloned?$AA@ 0000000180035538     sqstdblob.obj
 0002:00000540       ??_C@_06JNGOLHNJ@_nexti?$AA@ 0000000180035540     sqstdblob.obj
 0002:00000548       ??_C@_07KHNHMOAP@_typeof?$AA@ 0000000180035548     sqstdblob.obj
 0002:00000550       ??_C@_04CACACKHL@_get?$AA@ 0000000180035550     sqstdblob.obj
 0002:00000558       ??_C@_03MJAHAIJD@xnn?$AA@  0000000180035558     sqstdblob.obj
 0002:0000055c       ??_C@_04PPFLOKLD@_set?$AA@ 000000018003555c     sqstdblob.obj
 0002:00000564       ??_C@_05OEDIBGCN@swap4?$AA@ 0000000180035564     sqstdblob.obj
 0002:0000056c       ??_C@_01FJMABOPO@x?$AA@    000000018003556c     sqstdblob.obj
 0002:00000570       ??_C@_05LCGCLBKL@swap2?$AA@ 0000000180035570     sqstdblob.obj
 0002:00000578       ??_C@_06PIONCPJI@resize?$AA@ 0000000180035578     sqstdblob.obj
 0002:00000580       ??_C@_02KBCCFJCM@xn?$AA@   0000000180035580     sqstdblob.obj
 0002:00000588       ??_C@_0M@HCIFEBGA@constructor?$AA@ 0000000180035588     sqstdblob.obj
 0002:00000598       ??_C@_0P@GHFPNOJB@bad?5allocation?$AA@ 0000000180035598     sqstdblob.obj
 0002:000005a8       ??_C@_0BB@GKCCAHPC@invalid?5type?5tag?$AA@ 00000001800355a8     sqstdblob.obj
 0002:000005c0       ??_C@_0BE@MFDCDNAN@the?5blob?5is?5invalid?$AA@ 00000001800355c0     sqstdblob.obj
 0002:000005d8       ??_C@_0O@MBKMIPAH@resize?5failed?$AA@ 00000001800355d8     sqstdblob.obj
 0002:000005e8       ??_C@_0BD@ILOGJALA@index?5out?5of?5range?$AA@ 00000001800355e8     sqstdblob.obj
 0002:00000600       ??_C@_0CM@GGLABFJI@internal?5error?5?$CI_nexti?$CJ?5wrong?5ar@ 0000000180035600     sqstdblob.obj
 0002:0000062c       ??_C@_04LPJPOBEM@blob?$AA@ 000000018003562c     sqstdblob.obj
 0002:00000638       ??_C@_0CG@NBIHABHB@cannot?5create?5blob?5with?5negative@ 0000000180035638     sqstdblob.obj
 0002:00000660       ??_C@_0BD@GNJDGOHM@cannot?5create?5blob?$AA@ 0000000180035660     sqstdblob.obj
 0002:00000678       ??_C@_0BC@HDGHAOKD@cannot?5clone?5blob?$AA@ 0000000180035678     sqstdblob.obj
 0002:00000690       ??_C@_08PMKBLAFB@std_blob?$AA@ 0000000180035690     sqstdblob.obj
 0002:000006a8       ??_7SQBlob@@6B@            00000001800356a8     sqstdblob.obj
 0002:000006f0       ??_C@_03IGDBBGID@?4sc?$AA@ 00000001800356f0     sqstdio.obj
 0002:000006f8       ??_C@_0BD@FEFFOPPK@writeclosuretofile?$AA@ 00000001800356f8     sqstdio.obj
 0002:0000070c       ??_C@_06ONNDGCDK@dofile?$AA@ 000000018003570c     sqstdio.obj
 0002:00000714       ??_C@_03JPCKCHMC@?4sb?$AA@ 0000000180035714     sqstdio.obj
 0002:00000718       ??_C@_08BNNFLGCJ@loadfile?$AA@ 0000000180035718     sqstdio.obj
 0002:00000724       ??_C@_05LBOHBHFK@close?$AA@ 0000000180035724     sqstdio.obj
 0002:0000072c       ??_C@_04DAMGJPCA@file?$AA@ 000000018003572c     sqstdio.obj
 0002:00000738       ??_C@_0BB@HMGEDEGN@cannot?5open?5file?$AA@ 0000000180035738     sqstdio.obj
 0002:00000750       ??_C@_0BA@EHBOHDJE@wrong?5parameter?$AA@ 0000000180035750     sqstdio.obj
 0002:00000760       ??_C@_08HDPIMODN@std_file?$AA@ 0000000180035760     sqstdio.obj
 0002:00000770       ??_C@_0L@MBHJIJPK@not?5a?5file?$AA@ 0000000180035770     sqstdio.obj
 0002:0000077c       ??_C@_02JDPG@rb?$AA@       000000018003577c     sqstdio.obj
 0002:00000780       ??_C@_08GLNPIFBN@io?5error?$AA@ 0000000180035780     sqstdio.obj
 0002:00000790       ??_C@_0BF@LJNJGMGK@Unrecognozed?5ecoding?$AA@ 0000000180035790     sqstdio.obj
 0002:000007a8       ??_C@_0BF@DPIGNCIB@cannot?5open?5the?5file?$AA@ 00000001800357a8     sqstdio.obj
 0002:000007c0       ??_C@_03BFHAFKOB@wb?$CL?$AA@ 00000001800357c0     sqstdio.obj
 0002:000007c4       ??_C@_06DJDOIFHB@stdout?$AA@ 00000001800357c4     sqstdio.obj
 0002:000007cc       ??_C@_05MHOFLBOO@stdin?$AA@ 00000001800357cc     sqstdio.obj
 0002:000007d4       ??_C@_06FJGNEBG@stderr?$AA@ 00000001800357d4     sqstdio.obj
 0002:000007e8       ??_7SQFile@@6B@            00000001800357e8     sqstdio.obj
 0002:00000830       ??_C@_03BCGAIFPO@abs?$AA@  0000000180035830     sqstdmath.obj
 0002:00000834       ??_C@_04ODHECPBC@fabs?$AA@ 0000000180035834     sqstdmath.obj
 0002:0000083c       ??_C@_04HKINGDKC@rand?$AA@ 000000018003583c     sqstdmath.obj
 0002:00000844       ??_C@_05IANLEKHD@srand?$AA@ 0000000180035844     sqstdmath.obj
 0002:0000084c       ??_C@_03KHJOGHMM@exp?$AA@  000000018003584c     sqstdmath.obj
 0002:00000850       ??_C@_04GFPJNGEK@ceil?$AA@ 0000000180035850     sqstdmath.obj
 0002:00000858       ??_C@_05PBJFFIGL@floor?$AA@ 0000000180035858     sqstdmath.obj
 0002:00000860       ??_C@_03JGHBODFD@pow?$AA@  0000000180035860     sqstdmath.obj
 0002:00000864       ??_C@_03CHGBFION@?4nn?$AA@ 0000000180035864     sqstdmath.obj
 0002:00000868       ??_C@_05KNGEOGJB@atan2?$AA@ 0000000180035868     sqstdmath.obj
 0002:00000870       ??_C@_04MLLJIGOK@atan?$AA@ 0000000180035870     sqstdmath.obj
 0002:00000878       ??_C@_03IIINPABG@tan?$AA@  0000000180035878     sqstdmath.obj
 0002:0000087c       ??_C@_05HGHHAHAP@log10?$AA@ 000000018003587c     sqstdmath.obj
 0002:00000884       ??_C@_03MGHMBJCF@log?$AA@  0000000180035884     sqstdmath.obj
 0002:00000888       ??_C@_04PDIFKINK@acos?$AA@ 0000000180035888     sqstdmath.obj
 0002:00000890       ??_C@_04FIHNOPOL@asin?$AA@ 0000000180035890     sqstdmath.obj
 0002:00000898       ??_C@_03LALBNOCG@cos?$AA@  0000000180035898     sqstdmath.obj
 0002:0000089c       ??_C@_03BLEJJJBH@sin?$AA@  000000018003589c     sqstdmath.obj
 0002:000008a0       ??_C@_04EIAKFFMI@sqrt?$AA@ 00000001800358a0     sqstdmath.obj
 0002:000008a8       ??_C@_0O@PFPAIGFJ@invalid?5param?$AA@ 00000001800358a8     sqstdmath.obj
 0002:000008b8       ??_C@_08PAJPOONN@RAND_MAX?$AA@ 00000001800358b8     sqstdmath.obj
 0002:000008c4       ??_C@_02ENLJPMBB@PI?$AA@   00000001800358c4     sqstdmath.obj
 0002:000008c8       ??_C@_0P@OKPODPLL@expected?5paren?$AA@ 00000001800358c8     sqstdrex.obj
 0002:000008d8       ??_C@_0BA@IEKAFFAJ@letter?5expected?$AA@ 00000001800358d8     sqstdrex.obj
 0002:000008e8       ??_C@_0M@ILKCNGDD@empty?5class?$AA@ 00000001800358e8     sqstdrex.obj
 0002:000008f8       ??_C@_0O@GOKDDJMP@invalid?5range?$AA@ 00000001800358f8     sqstdrex.obj
 0002:00000908       ??_C@_0CH@CLHEGGEC@cannot?5use?5character?5classes?5in?5@ 0000000180035908     sqstdrex.obj
 0002:00000930       ??_C@_0BN@MCHNANKK@overflow?5in?5numeric?5constant?$AA@ 0000000180035930     sqstdrex.obj
[...]
 0001:00033190       ?dtor$9@?0??Load@SQFunctionProto@@SA_NPEAUSQVM@@PEAXP6A_J11_J@ZAEAUSQObjectPtr@@@Z@4HA 0000000180034190 f    CIL library: CIL module
 0001:000331b0       ?dtor$6@?0??Load@SQFunctionProto@@SA_NPEAUSQVM@@PEAXP6A_J11_J@ZAEAUSQObjectPtr@@@Z@4HA 00000001800341b0 f    CIL library: CIL module
 0001:000331e0       ?dtor$0@?0??Load@SQClosure@@SA_NPEAUSQVM@@PEAXP6A_J11_J@ZAEAUSQObjectPtr@@@Z@4HA 00000001800341e0 f    CIL library: CIL module
 0001:00033200       ?dtor$0@?0??PushChildState@SQFuncState@@QEAAPEAU1@PEAUSQSharedState@@@Z@4HA 0000000180034200 f    CIL library: CIL module
 0001:00033230       ?dtor$0@?0??NewSlot@SQClass@@QEAA_NPEAUSQSharedState@@AEBUSQObjectPtr@@1_N@Z@4HA 0000000180034230 f    CIL library: CIL module
 0001:00033250       ?dtor$1@?0??NewSlot@SQClass@@QEAA_NPEAUSQSharedState@@AEBUSQObjectPtr@@1_N@Z@4HA 0000000180034250 f    CIL library: CIL module
 0001:00033270       ?dtor$2@?0??NewSlot@SQClass@@QEAA_NPEAUSQSharedState@@AEBUSQObjectPtr@@1_N@Z@4HA 0000000180034270 f    CIL library: CIL module
 0001:00033290       ?dtor$3@?0??NewSlot@SQClass@@QEAA_NPEAUSQSharedState@@AEBUSQObjectPtr@@1_N@Z@4HA 0000000180034290 f    CIL library: CIL module
 0001:000332b0       ?dtor$6@?0??NewSlot@SQClass@@QEAA_NPEAUSQSharedState@@AEBUSQObjectPtr@@1_N@Z@4HA 00000001800342b0 f    CIL library: CIL module
 0001:000332d0       ?dtor$4@?0??NewSlot@SQClass@@QEAA_NPEAUSQSharedState@@AEBUSQObjectPtr@@1_N@Z@4HA 00000001800342d0 f    CIL library: CIL module
 0001:000332f0       ?dtor$5@?0??NewSlot@SQClass@@QEAA_NPEAUSQSharedState@@AEBUSQObjectPtr@@1_N@Z@4HA 00000001800342f0 f    CIL library: CIL module
 0001:00033310       ?dtor$8@?0??NewSlot@SQClass@@QEAA_NPEAUSQSharedState@@AEBUSQObjectPtr@@1_N@Z@4HA 0000000180034310 f    CIL library: CIL module
 0001:00033330       ?dtor$0@?0??string_slice@@YA_JPEAUSQVM@@@Z@4HA 0000000180034330 f    CIL library: CIL module
 0001:00033350       ?dtor$1@?0??string_slice@@YA_JPEAUSQVM@@@Z@4HA 0000000180034350 f    CIL library: CIL module
 0001:00033370       ?dtor$0@?0??array_slice@@YA_JPEAUSQVM@@@Z@4HA 0000000180034370 f    CIL library: CIL module
 0001:00033390       ?dtor$1@?0??array_slice@@YA_JPEAUSQVM@@@Z@4HA 0000000180034390 f    CIL library: CIL module
 0001:000333b0       ?dtor$2@?0??array_slice@@YA_JPEAUSQVM@@@Z@4HA 00000001800343b0 f    CIL library: CIL module
 0001:000333d0       ?dtor$0@?0??NewSlot@SQVM@@QEAA_NAEBUSQObjectPtr@@00_N@Z@4HA 00000001800343d0 f    CIL library: CIL module
 0001:000333f0       ?dtor$1@?0??NewSlot@SQVM@@QEAA_NAEBUSQObjectPtr@@00_N@Z@4HA 00000001800343f0 f    CIL library: CIL module
 0001:00033410       ?dtor$2@?0??NewSlot@SQVM@@QEAA_NAEBUSQObjectPtr@@00_N@Z@4HA 0000000180034410 f    CIL library: CIL module
 0001:00033430       ?dtor$3@?0??NewSlot@SQVM@@QEAA_NAEBUSQObjectPtr@@00_N@Z@4HA 0000000180034430 f    CIL library: CIL module
 0001:00033450       ?dtor$4@?0??NewSlot@SQVM@@QEAA_NAEBUSQObjectPtr@@00_N@Z@4HA 0000000180034450 f    CIL library: CIL module
 0001:00033470       ?dtor$0@?0??NewSlotA@SQVM@@QEAA_NAEBUSQObjectPtr@@000_N1@Z@4HA 0000000180034470 f    CIL library: CIL module
 0001:00033490       ?dtor$0@?0??Execute@SQVM@@QEAA_NAEAUSQObjectPtr@@_J10_KW4ExecutionType@1@@Z@4HA 0000000180034490 f    CIL library: CIL module
 0001:000334b0       ?dtor$1@?0??Execute@SQVM@@QEAA_NAEAUSQObjectPtr@@_J10_KW4ExecutionType@1@@Z@4HA 00000001800344b0 f    CIL library: CIL module
 0001:000334d0       ?dtor$2@?0??Execute@SQVM@@QEAA_NAEAUSQObjectPtr@@_J10_KW4ExecutionType@1@@Z@4HA 00000001800344d0 f    CIL library: CIL module
 0001:000334f0       ?dtor$3@?0??Execute@SQVM@@QEAA_NAEAUSQObjectPtr@@_J10_KW4ExecutionType@1@@Z@4HA 00000001800344f0 f    CIL library: CIL module
 0001:00033510       ?dtor$4@?0??Execute@SQVM@@QEAA_NAEAUSQObjectPtr@@_J10_KW4ExecutionType@1@@Z@4HA 0000000180034510 f    CIL library: CIL module
 0001:00033530       ?dtor$5@?0??Execute@SQVM@@QEAA_NAEAUSQObjectPtr@@_J10_KW4ExecutionType@1@@Z@4HA 0000000180034530 f    CIL library: CIL module
 0001:00033550       ?dtor$6@?0??Execute@SQVM@@QEAA_NAEAUSQObjectPtr@@_J10_KW4ExecutionType@1@@Z@4HA 0000000180034550 f    CIL library: CIL module
 0001:00033570       ?dtor$7@?0??Execute@SQVM@@QEAA_NAEAUSQObjectPtr@@_J10_KW4ExecutionType@1@@Z@4HA 0000000180034570 f    CIL library: CIL module
 0001:00033590       ?dtor$8@?0??Execute@SQVM@@QEAA_NAEAUSQObjectPtr@@_J10_KW4ExecutionType@1@@Z@4HA 0000000180034590 f    CIL library: CIL module
 0001:000335b0       ?dtor$9@?0??Execute@SQVM@@QEAA_NAEAUSQObjectPtr@@_J10_KW4ExecutionType@1@@Z@4HA 00000001800345b0 f    CIL library: CIL module
 0001:000335d0       ?dtor$10@?0??Execute@SQVM@@QEAA_NAEAUSQObjectPtr@@_J10_KW4ExecutionType@1@@Z@4HA 00000001800345d0 f    CIL library: CIL module
 0001:00033600       ?dtor$11@?0??Execute@SQVM@@QEAA_NAEAUSQObjectPtr@@_J10_KW4ExecutionType@1@@Z@4HA 0000000180034600 f    CIL library: CIL module
 0001:00033620       ?dtor$12@?0??Execute@SQVM@@QEAA_NAEAUSQObjectPtr@@_J10_KW4ExecutionType@1@@Z@4HA 0000000180034620 f    CIL library: CIL module
 0001:00033650       ?dtor$0@?0??Call@SQVM@@QEAA_NAEAUSQObjectPtr@@_J10_K@Z@4HA 0000000180034650 f    CIL library: CIL module
 0001:00033670       ?dtor$1@?0??Call@SQVM@@QEAA_NAEAUSQObjectPtr@@_J10_K@Z@4HA 0000000180034670 f    CIL library: CIL module
 0001:00033690       ?dtor$0@?0??thread_wakeup@@YA_JPEAUSQVM@@@Z@4HA 0000000180034690 f    CIL library: CIL module
 0001:000336b0       ?dtor$0@?0??Init@SQVM@@QEAA_NPEAU1@_J@Z@4HA 00000001800346b0 f    CIL library: CIL module
 0001:000336d0       ?dtor$1@?0??Init@SQVM@@QEAA_NPEAU1@_J@Z@4HA 00000001800346d0 f    CIL library: CIL module
 0001:000336f0       ?dtor$0@?0??thread_getstackinfos@@YA_JPEAUSQVM@@@Z@4HA 00000001800346f0 f    CIL library: CIL module
 0001:00033710       ?dtor$0@?0??thread_call@@YA_JPEAUSQVM@@@Z@4HA 0000000180034710 f    CIL library: CIL module
 0001:00033730       ?dtor$4@?0??array_filter@@YA_JPEAUSQVM@@@Z@4HA 0000000180034730 f    CIL library: CIL module
 0001:00033760       ?dtor$0@?0??array_filter@@YA_JPEAUSQVM@@@Z@4HA 0000000180034760 f    CIL library: CIL module
 0001:00033780       ?dtor$1@?0??array_filter@@YA_JPEAUSQVM@@@Z@4HA 0000000180034780 f    CIL library: CIL module
 0001:000337a0       ?dtor$2@?0??array_filter@@YA_JPEAUSQVM@@@Z@4HA 00000001800347a0 f    CIL library: CIL module
 0001:000337c0       ?dtor$3@?0??array_filter@@YA_JPEAUSQVM@@@Z@4HA 00000001800347c0 f    CIL library: CIL module
 0001:000337e0       ?dtor$0@?0??array_reduce@@YA_JPEAUSQVM@@@Z@4HA 00000001800347e0 f    CIL library: CIL module
 0001:00033800       ?dtor$1@?0??array_reduce@@YA_JPEAUSQVM@@@Z@4HA 0000000180034800 f    CIL library: CIL module
 0001:00033820       ?dtor$2@?0??array_reduce@@YA_JPEAUSQVM@@@Z@4HA 0000000180034820 f    CIL library: CIL module
 0001:00033840       ?dtor$0@?0??__map_array@@YA_JPEAUSQArray@@0PEAUSQVM@@@Z@4HA 0000000180034840 f    CIL library: CIL module
 0001:00033860       ?dtor$1@?0??__map_array@@YA_JPEAUSQArray@@0PEAUSQVM@@@Z@4HA 0000000180034860 f    CIL library: CIL module
 0001:00033880       ?dtor$0@?0??Compile@@YA_NPEAUSQVM@@P6A_JPEAX@Z1PEBDAEAUSQObjectPtr@@_N5@Z@4HA 0000000180034880 f    CIL library: CIL module
 0001:000338a0       ?dtor$1@?0??Compile@@YA_NPEAUSQVM@@P6A_JPEAX@Z1PEBDAEAUSQObjectPtr@@_N5@Z@4HA 00000001800348a0 f    CIL library: CIL module
 0001:000338d0       ?dtor$1@?0??array_map@@YA_JPEAUSQVM@@@Z@4HA 00000001800348d0 f    CIL library: CIL module
 0001:000338f0       ?dtor$0@?0??array_map@@YA_JPEAUSQVM@@@Z@4HA 00000001800348f0 f    CIL library: CIL module
 0001:00033910       ?dtor$0@?0???1SQTable@@UEAA@XZ@4HA 0000000180034910 f    CIL library: CIL module
 0001:00033930       ?dtor$1@?0???1SQTable@@UEAA@XZ@4HA 0000000180034930 f    CIL library: CIL module
 0001:00033950       ?dtor$0@?0???1SQOuterVar@@QEAA@XZ@4HA 0000000180034950 f    CIL library: CIL module
 0001:00033950       ?dtor$0@?0???1?$sqvector@USQOuterVar@@@@QEAA@XZ@4HA 0000000180034950 f    CIL library: CIL module
 0001:00033970       ?dtor$0@?0???0SQOuterVar@@QEAA@AEBU0@@Z@4HA 0000000180034970 f    CIL library: CIL module
 0001:00033990       ?dtor$1@?0???0SQOuterVar@@QEAA@AEBU0@@Z@4HA 0000000180034990 f    CIL library: CIL module
 0001:000339b0       ?dtor$0@?0???1SQCompiler@@QEAA@XZ@4HA 00000001800349b0 f    CIL library: CIL module
 0001:000339d0       ?dtor$0@?0???1SQNativeClosure@@UEAA@XZ@4HA 00000001800349d0 f    CIL library: CIL module
 0001:000339f0       ?dtor$1@?0???1SQNativeClosure@@UEAA@XZ@4HA 00000001800349f0 f    CIL library: CIL module
 0001:00033a10       ?dtor$2@?0???1SQNativeClosure@@UEAA@XZ@4HA 0000000180034a10 f    CIL library: CIL module
 0001:00033a30       ?dtor$0@?0??GrowCallStack@SQVM@@QEAAXXZ@4HA 0000000180034a30 f    CIL library: CIL module
 0001:00033a50       ?dtor$0@?0??Release@SQFunctionProto@@UEAAXXZ@4HA 0000000180034a50 f    CIL library: CIL module
 0001:00033a70       ?dtor$0@?0??push_back@?$sqvector@USQOuterVar@@@@QEAAAEAUSQOuterVar@@AEBU2@@Z@4HA 0000000180034a70 f    CIL library: CIL module
 0001:00033a90       ?dtor$0@?0??push_back@?$sqvector@USQLocalVarInfo@@@@QEAAAEAUSQLocalVarInfo@@AEBU2@@Z@4HA 0000000180034a90 f    CIL library: CIL module
 0001:00033ab0       ?dtor$1@?0??push_back@?$sqvector@USQLocalVarInfo@@@@QEAAAEAUSQLocalVarInfo@@AEBU2@@Z@4HA 0000000180034ab0 f    CIL library: CIL module
 0001:00033ad0       ?dtor$1@?0??resize@?$sqvector@USQClassMember@@@@QEAAX_KAEBUSQClassMember@@@Z@4HA 0000000180034ad0 f    CIL library: CIL module
 0001:00033af0       ?dtor$0@?0???1SQClassMember@@QEAA@XZ@4HA 0000000180034af0 f    CIL library: CIL module
 0001:00033af0       ?dtor$0@?0???1?$sqvector@USQClassMember@@@@QEAA@XZ@4HA 0000000180034af0 f    CIL library: CIL module
 0001:00033b10       ?dtor$0@?0??copy@?$sqvector@USQClassMember@@@@QEAAXAEBV1@@Z@4HA 0000000180034b10 f    CIL library: CIL module
 0001:00033b30       ?dtor$2@?0??copy@?$sqvector@USQClassMember@@@@QEAAXAEBV1@@Z@4HA 0000000180034b30 f    CIL library: CIL module
 0001:00033b50       ?dtor$0@?0???0SQArray@@AEAA@PEAUSQSharedState@@_J@Z@4HA 0000000180034b50 f    CIL library: CIL module
 0001:00033b70       ?dtor$1@?0???0SQArray@@AEAA@PEAUSQSharedState@@_J@Z@4HA 0000000180034b70 f    CIL library: CIL module
 0001:00033b90       ?dtor$2@?0???0SQArray@@AEAA@PEAUSQSharedState@@_J@Z@4HA 0000000180034b90 f    CIL library: CIL module
 0001:00033bb0       ?dtor$0@?0??FunctionExp@SQCompiler@@QEAAX_J_N@Z@4HA 0000000180034bb0 f    CIL library: CIL module
 0001:00033bb0       ?dtor$0@?0??copy@?$sqvector@USQObjectPtr@@@@QEAAXAEBV1@@Z@4HA 0000000180034bb0 f    CIL library: CIL module
 0001:00033bb0       ?dtor$0@?0??insert@?$sqvector@USQObjectPtr@@@@QEAAX_KAEBUSQObjectPtr@@@Z@4HA 0000000180034bb0 f    CIL library: CIL module
 0001:00033bb0       ?dtor$0@?0??Kill@SQGenerator@@QEAAXXZ@4HA 0000000180034bb0 f    CIL library: CIL module
 0001:00033bb0       ?dtor$0@?0??Resize@SQArray@@QEAAX_J@Z@4HA 0000000180034bb0 f    CIL library: CIL module
 0001:00033bb0       ?dtor$0@?0??Finalize@SQArray@@UEAAXXZ@4HA 0000000180034bb0 f    CIL library: CIL module
 0001:00033bb0       ?dtor$0@?0??Finalize@SQGenerator@@UEAAXXZ@4HA 0000000180034bb0 f    CIL library: CIL module
 0001:00033bb0       ?dtor$0@?0??Insert@SQArray@@QEAA_N_JAEBUtagSQObject@@@Z@4HA 0000000180034bb0 f    CIL library: CIL module
 0001:00033bb0       ?dtor$0@?0??Set@SQInstance@@QEAA_NAEBUSQObjectPtr@@0@Z@4HA 0000000180034bb0 f    CIL library: CIL module
 0001:00033bd0       ?dtor$0@?0???1SQGenerator@@UEAA@XZ@4HA 0000000180034bd0 f    CIL library: CIL module
 0001:00033bf0       ?dtor$1@?0???1SQGenerator@@UEAA@XZ@4HA 0000000180034bf0 f    CIL library: CIL module
 0001:00033c10       ?dtor$2@?0???1SQGenerator@@UEAA@XZ@4HA 0000000180034c10 f    CIL library: CIL module
 0001:00033c30       ?dtor$0@?0???0SQGenerator@@AEAA@PEAUSQSharedState@@PEAUSQClosure@@@Z@4HA 0000000180034c30 f    CIL library: CIL module
 0001:00033c50       ?dtor$1@?0???0SQGenerator@@AEAA@PEAUSQSharedState@@PEAUSQClosure@@@Z@4HA 0000000180034c50 f    CIL library: CIL module
 0001:00033c70       ?dtor$2@?0???0SQGenerator@@AEAA@PEAUSQSharedState@@PEAUSQClosure@@@Z@4HA 0000000180034c70 f    CIL library: CIL module
 0001:00033c90       ?dtor$3@?0???0SQGenerator@@AEAA@PEAUSQSharedState@@PEAUSQClosure@@@Z@4HA 0000000180034c90 f    CIL library: CIL module
 0001:00033cb0       ?dtor$4@?0???0SQGenerator@@AEAA@PEAUSQSharedState@@PEAUSQClosure@@@Z@4HA 0000000180034cb0 f    CIL library: CIL module
 0001:00033cd0       ?dtor$0@?0??Create@SQInstance@@SAPEAU1@PEAUSQSharedState@@PEAUSQClass@@@Z@4HA 0000000180034cd0 f    CIL library: CIL module
 0001:00033cf0       ?dtor$0@?0???_GSQArray@@EEAAPEAXI@Z@4HA 0000000180034cf0 f    CIL library: CIL module
 0001:00033cf0       ?dtor$0@?0???1SQOuter@@UEAA@XZ@4HA 0000000180034cf0 f    CIL library: CIL module
 0001:00033cf0       ?dtor$0@?0???_GSQUserData@@UEAAPEAXI@Z@4HA 0000000180034cf0 f    CIL library: CIL module
 0001:00033d10       ?dtor$0@?0??Create@SQArray@@SAPEAU1@PEAUSQSharedState@@_J@Z@4HA 0000000180034d10 f    CIL library: CIL module
 0001:00033d30       ?dtor$0@?0??Clone@SQInstance@@QEAAPEAU1@PEAUSQSharedState@@@Z@4HA 0000000180034d30 f    CIL library: CIL module
 0001:00033d50       ?dtor$0@?0??Expect@SQCompiler@@QEAA?AUtagSQObject@@_J@Z@4HA 0000000180034d50 f    CIL library: CIL module
 0001:00033d70       ?dtor$1@?0??Expect@SQCompiler@@QEAA?AUtagSQObject@@_J@Z@4HA 0000000180034d70 f    CIL library: CIL module
 0001:00033d90       ?dtor$2@?0??Expect@SQCompiler@@QEAA?AUtagSQObject@@_J@Z@4HA 0000000180034d90 f    CIL library: CIL module
 0001:00033db0       ?dtor$0@?0???0SQCompiler@@QEAA@PEAUSQVM@@P6A_JPEAX@Z1PEBD_N4@Z@4HA 0000000180034db0 f    CIL library: CIL module
 0001:00033dd0       ?dtor$1@?0???0SQCompiler@@QEAA@PEAUSQVM@@P6A_JPEAX@Z1PEBD_N4@Z@4HA 0000000180034dd0 f    CIL library: CIL module
 0001:00033df0       ?dtor$0@?0??EnumStatement@SQCompiler@@QEAAXXZ@4HA 0000000180034df0 f    CIL library: CIL module
 0001:00033e10       ?dtor$1@?0??EnumStatement@SQCompiler@@QEAAXXZ@4HA 0000000180034e10 f    CIL library: CIL module
 0001:00033e30       ?dtor$2@?0??EnumStatement@SQCompiler@@QEAAXXZ@4HA 0000000180034e30 f    CIL library: CIL module
 0001:00033e50       ?dtor$3@?0??EnumStatement@SQCompiler@@QEAAXXZ@4HA 0000000180034e50 f    CIL library: CIL module
 0001:00033e70       ?dtor$4@?0??EnumStatement@SQCompiler@@QEAAXXZ@4HA 0000000180034e70 f    CIL library: CIL module
 0001:00033e90       ?dtor$0@?0??Factor@SQCompiler@@QEAA_JXZ@4HA 0000000180034e90 f    CIL library: CIL module
 0001:00033eb0       ?dtor$1@?0??Factor@SQCompiler@@QEAA_JXZ@4HA 0000000180034eb0 f    CIL library: CIL module
 0001:00033ed0       ?dtor$0@?0??ForStatement@SQCompiler@@QEAAXXZ@4HA 0000000180034ed0 f    CIL library: CIL module
 0001:00033ef0       ?dtor$0@?0??Statement@SQCompiler@@QEAAX_N@Z@4HA 0000000180034ef0 f    CIL library: CIL module
 0001:00033f10       ?dtor$1@?0??Statement@SQCompiler@@QEAAX_N@Z@4HA 0000000180034f10 f    CIL library: CIL module
 0001:00033f30       ?dtor$0@?0??Compile@SQCompiler@@QEAA_NAEAUSQObjectPtr@@@Z@4HA 0000000180034f30 f    CIL library: CIL module

 Exports

  ordinal    name

        1    sq_addref
        2    sq_arrayappend
        3    sq_arrayinsert
        4    sq_arraypop
        5    sq_arrayremove
        6    sq_arrayresize
        7    sq_arrayreverse
        8    sq_bindenv
        9    sq_call
       10    sq_clear
       11    sq_clone
       12    sq_close
       13    sq_cmp
       14    sq_collectgarbage
       15    sq_compile
       16    sq_compilebuffer
       17    sq_createinstance
       18    sq_deleteslot
       19    sq_enabledebuginfo
       20    sq_free
       21    sq_get
       22    sq_getattributes
       23    sq_getbase
       24    sq_getbool
       25    sq_getbyhandle
       26    sq_getcallee
       27    sq_getclass
       28    sq_getclosureinfo
       29    sq_getclosurename
       30    sq_getdefaultdelegate
       31    sq_getdelegate
       32    sq_geterrorfunc
       33    sq_getfloat
       34    sq_getforeignptr
       35    sq_getfreevariable
       36    sq_getfunctioninfo
       37    sq_gethash
       38    sq_getinstanceup
       39    sq_getinteger
       40    sq_getlasterror
       41    sq_getlocal
       42    sq_getmemberhandle
       43    sq_getobjtypetag
       44    sq_getprintfunc
       45    sq_getrefcount
       46    sq_getscratchpad
       47    sq_getsize
       48    sq_getstackobj
       49    sq_getstring
       50    sq_getthread
       51    sq_gettop
       52    sq_gettype
       53    sq_gettypetag
       54    sq_getuserdata
       55    sq_getuserpointer
       56    sq_getversion
       57    sq_getvmstate
       58    sq_getweakrefval
       59    sq_instanceof
       60    sq_malloc
       61    sq_move
       62    sq_newarray
       63    sq_newclass
       64    sq_newclosure
       65    sq_newmember
       66    sq_newslot
       67    sq_newtable
       68    sq_newtableex
       69    sq_newthread
       70    sq_newuserdata
       71    sq_next
       72    sq_notifyallexceptions
       73    sq_objtobool
       74    sq_objtofloat
       75    sq_objtointeger
       76    sq_objtostring
       77    sq_objtouserpointer
       78    sq_open
       79    sq_pop
       80    sq_poptop
       81    sq_push
       82    sq_pushbool
       83    sq_pushconsttable
       84    sq_pushfloat
       85    sq_pushinteger
       86    sq_pushnull
       87    sq_pushobject
       88    sq_pushregistrytable
       89    sq_pushroottable
       90    sq_pushstring
       91    sq_pushuserpointer
       92    sq_rawdeleteslot
       93    sq_rawget
       94    sq_rawnewmember
       95    sq_rawset
       96    sq_readclosure
       97    sq_realloc
       98    sq_release
       99    sq_remove
      100    sq_reservestack
      101    sq_reseterror
      102    sq_resetobject
      103    sq_resume
      104    sq_resurrectunreachable
      105    sq_set
      106    sq_setattributes
      107    sq_setbyhandle
      108    sq_setclassudsize
      109    sq_setcompilererrorhandler
      110    sq_setconsttable
      111    sq_setdebughook
      112    sq_setdelegate
      113    sq_seterrorhandler
      114    sq_setforeignptr
      115    sq_setfreevariable
      116    sq_setinstanceup
      117    sq_setnativeclosurename
      118    sq_setnativedebughook
      119    sq_setparamscheck
      120    sq_setprintfunc
      121    sq_setreleasehook
      122    sq_setroottable
      123    sq_settop
      124    sq_settypetag
      125    sq_stackinfos
      126    sq_suspendvm
      127    sq_throwerror
      128    sq_throwobject
      129    sq_tobool
      130    sq_tostring
      131    sq_typeof
      132    sq_wakeupvm
      133    sq_weakref
      134    sq_writeclosure
      135    sqstd_createblob
      136    sqstd_createfile
      137    sqstd_dofile
      138    sqstd_fclose
      139    sqstd_feof
      140    sqstd_fflush
      141    sqstd_fopen
      142    sqstd_format
      143    sqstd_fread
      144    sqstd_fseek
      145    sqstd_ftell
      146    sqstd_fwrite
      147    sqstd_getblob
      148    sqstd_getblobsize
      149    sqstd_getfile
      150    sqstd_loadfile
      151    sqstd_printcallstack
      152    sqstd_register_bloblib
      153    sqstd_register_iolib
      154    sqstd_register_mathlib
      155    sqstd_register_stringlib
      156    sqstd_register_systemlib
      157    sqstd_rex_compile
      158    sqstd_rex_free
      159    sqstd_rex_getsubexp
      160    sqstd_rex_getsubexpcount
      161    sqstd_rex_match
      162    sqstd_rex_search
      163    sqstd_rex_searchrange
      164    sqstd_seterrorhandlers
      165    sqstd_writeclosuretofile
