 libSDL2

 Timestamp is 526a91b7 (Fri Oct 25 18:43:51 2013)

 Preferred load address is 0000000180000000

 Start         Length     Name                   Class
 0001:00000000 000aea9eH .text                   CODE
 0002:00000000 00000660H .idata$5                DATA
 0002:00000660 0000c980H .rdata                  DATA
 0002:0000cfe0 0000df5cH .xdata                  DATA
 0002:0001af3c 000000c8H .idata$2                DATA
 0002:0001b004 00000014H .idata$3                DATA
 0002:0001b018 00000660H .idata$4                DATA
 0002:0001b678 00000e46H .idata$6                DATA
 0002:0001c4c0 000039a5H .edata                  DATA
 0003:00000000 00003958H .data                   DATA
 0003:00003960 0000b9f8H .bss                    DATA
 0004:00000000 000094f8H .pdata                  DATA

  Address         Publics by Value              Rva+Base               Lib:Object

 0000:00000000       ___safe_se_handler_count   0000000000000000     <absolute>
 0000:00000000       ___safe_se_handler_table   0000000000000000     <absolute>
 0000:00000000       __ImageBase                0000000180000000     <linker-defined>
 0001:00000040       SDL_AtomicCAS              0000000180001040 f   SDL_atomic.obj
 0001:000000c0       SDL_AtomicCASPtr           00000001800010c0 f   SDL_atomic.obj
 0001:00000140       SDL_AtomicTryLock          0000000180001140 f   SDL_spinlock.obj
 0001:00000160       SDL_AtomicLock             0000000180001160 f   SDL_spinlock.obj
 0001:000001a0       SDL_AtomicUnlock           00000001800011a0 f   SDL_spinlock.obj
 0001:000004f0       SDL_RunAudio               00000001800014f0 f   SDL_audio.obj
 0001:00000890       SDL_GetNumAudioDrivers     0000000180001890 f   SDL_audio.obj
 0001:000008a0       SDL_GetAudioDriver         00000001800018a0 f   SDL_audio.obj
 0001:000008e0       SDL_GetCurrentAudioDriver  00000001800018e0 f   SDL_audio.obj
 0001:00000a20       SDL_GetNumAudioDevices     0000000180001a20 f   SDL_audio.obj
 0001:00000ae0       SDL_GetAudioDeviceName     0000000180001ae0 f   SDL_audio.obj
 0001:00000c70       SDL_GetAudioDeviceStatus   0000000180001c70 f   SDL_audio.obj
 0001:00000cb0       SDL_GetAudioStatus         0000000180001cb0 f   SDL_audio.obj
 0001:00000cc0       SDL_PauseAudioDevice       0000000180001cc0 f   SDL_audio.obj
 0001:00000d10       SDL_PauseAudio             0000000180001d10 f   SDL_audio.obj
 0001:00000d30       SDL_LockAudioDevice        0000000180001d30 f   SDL_audio.obj
 0001:00000d60       SDL_LockAudio              0000000180001d60 f   SDL_audio.obj
 0001:00000d70       SDL_UnlockAudioDevice      0000000180001d70 f   SDL_audio.obj
 0001:00000da0       SDL_UnlockAudio            0000000180001da0 f   SDL_audio.obj
 0001:00000db0       SDL_CloseAudioDevice       0000000180001db0 f   SDL_audio.obj
 0001:00000df0       SDL_CloseAudio             0000000180001df0 f   SDL_audio.obj
 0001:00000e00       SDL_AudioQuit              0000000180001e00 f   SDL_audio.obj
 0001:00000eb0       SDL_NextAudioFormat        0000000180001eb0 f   SDL_audio.obj
 0001:00000ef0       SDL_CalculateAudioSpec     0000000180001ef0 f   SDL_audio.obj
 0001:00000f30       SDL_MixAudio               0000000180001f30 f   SDL_audio.obj
 0001:00000fa0       SDL_AudioInit              0000000180001fa0 f   SDL_audio.obj
 0001:000016a0       SDL_OpenAudio              00000001800026a0 f   SDL_audio.obj
 0001:00001740       SDL_OpenAudioDevice        0000000180002740 f   SDL_audio.obj
 0001:00001770       SDL_FirstAudioFormat       0000000180002770 f   SDL_audio.obj
 0001:00002fe0       SDL_ConvertAudio           0000000180003fe0 f   SDL_audiocvt.obj
 0001:00003330       SDL_BuildAudioCVT          0000000180004330 f   SDL_audiocvt.obj
 0001:0002e780       SDL_MixAudioFormat         000000018002f780 f   SDL_mixer.obj
 0001:0002f860       SDL_FreeWAV                0000000180030860 f   SDL_wave.obj
 0001:0002f910       SDL_LoadWAV_RW             0000000180030910 f   SDL_wave.obj
 0001:0002fd30       SDL_GetCPUCount            0000000180030d30 f   SDL_cpuinfo.obj
 0001:0002fdc0       SDL_GetCPUCacheLineSize    0000000180030dc0 f   SDL_cpuinfo.obj
 0001:0002fe50       SDL_HasRDTSC               0000000180030e50 f   SDL_cpuinfo.obj
 0001:0002fe70       SDL_HasAltiVec             0000000180030e70 f   SDL_cpuinfo.obj
 0001:0002fe90       SDL_HasMMX                 0000000180030e90 f   SDL_cpuinfo.obj
 0001:0002feb0       SDL_Has3DNow               0000000180030eb0 f   SDL_cpuinfo.obj
 0001:0002fed0       SDL_HasSSE                 0000000180030ed0 f   SDL_cpuinfo.obj
 0001:0002fef0       SDL_HasSSE2                0000000180030ef0 f   SDL_cpuinfo.obj
 0001:0002ff10       SDL_HasSSE3                0000000180030f10 f   SDL_cpuinfo.obj
 0001:0002ff30       SDL_HasSSE41               0000000180030f30 f   SDL_cpuinfo.obj
 0001:0002ff50       SDL_HasSSE42               0000000180030f50 f   SDL_cpuinfo.obj
 0001:0002ff70       SDL_GetSystemRAM           0000000180030f70 f   SDL_cpuinfo.obj
 0001:0002ffc0       SDL_SendClipboardUpdate    0000000180030fc0 f   SDL_clipboardevents.obj
 0001:00030000       SDL_SendDropFile           0000000180031000 f   SDL_dropevents.obj
 0001:000300a0       SDL_StopEventLoop          00000001800310a0 f   SDL_events.obj
 0001:00030390       SDL_PeepEvents             0000000180031390 f   SDL_events.obj
 0001:00030610       SDL_HasEvent               0000000180031610 f   SDL_events.obj
 0001:00030640       SDL_HasEvents              0000000180031640 f   SDL_events.obj
 0001:00030670       SDL_FlushEvents            0000000180031670 f   SDL_events.obj
 0001:000306e0       SDL_PumpEvents             00000001800316e0 f   SDL_events.obj
 0001:00030730       SDL_WaitEventTimeout       0000000180031730 f   SDL_events.obj
 0001:000307f0       SDL_PushEvent              00000001800317f0 f   SDL_events.obj
 0001:00030890       SDL_SetEventFilter         0000000180031890 f   SDL_events.obj
 0001:000308e0       SDL_GetEventFilter         00000001800318e0 f   SDL_events.obj
 0001:00030920       SDL_AddEventWatch          0000000180031920 f   SDL_events.obj
 0001:00030970       SDL_DelEventWatch          0000000180031970 f   SDL_events.obj
 0001:000309d0       SDL_FilterEvents           00000001800319d0 f   SDL_events.obj
 0001:00030a60       SDL_RegisterEvents         0000000180031a60 f   SDL_events.obj
 0001:00030a90       SDL_FlushEvent             0000000180031a90 f   SDL_events.obj
 0001:00030aa0       SDL_PollEvent              0000000180031aa0 f   SDL_events.obj
 0001:00030ab0       SDL_WaitEvent              0000000180031ab0 f   SDL_events.obj
 0001:00030ac0       SDL_EventState             0000000180031ac0 f   SDL_events.obj
 0001:00030bc0       SDL_SendAppEvent           0000000180031bc0 f   SDL_events.obj
 0001:00030c00       SDL_SendSysWMEvent         0000000180031c00 f   SDL_events.obj
 0001:00030c60       SDL_StartEventLoop         0000000180031c60 f   SDL_events.obj
 0001:00030cc0       SDL_RecordGesture          0000000180031cc0 f   SDL_gesture.obj
 0001:00030e80       SDL_SaveAllDollarTemplates 0000000180031e80 f   SDL_gesture.obj
 0001:00030f30       SDL_SaveDollarTemplate     0000000180031f30 f   SDL_gesture.obj
 0001:00031110       SDL_LoadDollarTemplates    0000000180032110 f   SDL_gesture.obj
 0001:00031b50       SDL_GestureAddTouch        0000000180032b50 f   SDL_gesture.obj
 0001:00031c60       SDL_SendGestureMulti       0000000180032c60 f   SDL_gesture.obj
 0001:00031d50       SDL_GestureProcessEvent    0000000180032d50 f   SDL_gesture.obj
 0001:000321c0       SDL_UCS4ToUTF8             00000001800331c0 f   SDL_keyboard.obj
 0001:000322e0       SDL_KeyboardInit           00000001800332e0 f   SDL_keyboard.obj
 0001:00032310       SDL_GetDefaultKeymap       0000000180033310 f   SDL_keyboard.obj
 0001:00032330       SDL_SetKeymap              0000000180033330 f   SDL_keyboard.obj
 0001:00032370       SDL_SetScancodeName        0000000180033370 f   SDL_keyboard.obj
 0001:00032390       SDL_GetKeyboardFocus       0000000180033390 f   SDL_keyboard.obj
 0001:000323a0       SDL_SendKeyboardKey        00000001800333a0 f   SDL_keyboard.obj
 0001:00032840       SDL_SendKeyboardText       0000000180033840 f   SDL_keyboard.obj
 0001:000328d0       SDL_SendEditingText        00000001800338d0 f   SDL_keyboard.obj
 0001:00032970       SDL_KeyboardQuit           0000000180033970 f   SDL_keyboard.obj
 0001:00032980       SDL_GetKeyboardState       0000000180033980 f   SDL_keyboard.obj
 0001:000329a0       SDL_GetModState            00000001800339a0 f   SDL_keyboard.obj
 0001:000329b0       SDL_SetModState            00000001800339b0 f   SDL_keyboard.obj
 0001:000329c0       SDL_GetKeyFromScancode     00000001800339c0 f   SDL_keyboard.obj
 0001:00032a00       SDL_GetScancodeFromKey     0000000180033a00 f   SDL_keyboard.obj
 0001:00032a30       SDL_GetScancodeName        0000000180033a30 f   SDL_keyboard.obj
 0001:00032a80       SDL_GetScancodeFromName    0000000180033a80 f   SDL_keyboard.obj
 0001:00032b20       SDL_GetKeyName             0000000180033b20 f   SDL_keyboard.obj
 0001:00032c80       SDL_GetKeyFromName         0000000180033c80 f   SDL_keyboard.obj
 0001:00032de0       SDL_ResetKeyboard          0000000180033de0 f   SDL_keyboard.obj
 0001:00032e20       SDL_SetKeyboardFocus       0000000180033e20 f   SDL_keyboard.obj
 0001:00032ee0       SDL_GetMouse               0000000180033ee0 f   SDL_mouse.obj
 0001:00032ef0       SDL_GetMouseFocus          0000000180033ef0 f   SDL_mouse.obj
 0001:000330b0       SDL_GetMouseState          00000001800340b0 f   SDL_mouse.obj
 0001:000330e0       SDL_GetRelativeMouseState  00000001800340e0 f   SDL_mouse.obj
 0001:00033120       SDL_GetRelativeMouseMode   0000000180034120 f   SDL_mouse.obj
 0001:00033140       SDL_CreateColorCursor      0000000180034140 f   SDL_mouse.obj
 0001:00033210       SDL_CreateSystemCursor     0000000180034210 f   SDL_mouse.obj
 0001:00033260       SDL_SetCursor              0000000180034260 f   SDL_mouse.obj
 0001:00033310       SDL_GetCursor              0000000180034310 f   SDL_mouse.obj
 0001:00033340       SDL_GetDefaultCursor       0000000180034340 f   SDL_mouse.obj
 0001:00033370       SDL_FreeCursor             0000000180034370 f   SDL_mouse.obj
 0001:00033400       SDL_ShowCursor             0000000180034400 f   SDL_mouse.obj
 0001:00033450       SDL_MouseInit              0000000180034450 f   SDL_mouse.obj
 0001:00033470       SDL_SetDefaultCursor       0000000180034470 f   SDL_mouse.obj
 0001:000334a0       SDL_SetMouseFocus          00000001800344a0 f   SDL_mouse.obj
 0001:000335c0       SDL_SendMouseMotion        00000001800345c0 f   SDL_mouse.obj
 0001:00033640       SDL_SendMouseButton        0000000180034640 f   SDL_mouse.obj
 0001:00033780       SDL_SendMouseWheel         0000000180034780 f   SDL_mouse.obj
 0001:00033840       SDL_MouseQuit              0000000180034840 f   SDL_mouse.obj
 0001:000338b0       SDL_WarpMouseInWindow      00000001800348b0 f   SDL_mouse.obj
 0001:00033900       SDL_SetRelativeMouseMode   0000000180034900 f   SDL_mouse.obj
 0001:000339f0       SDL_CreateCursor           00000001800349f0 f   SDL_mouse.obj
 0001:00033b20       SDL_ResetMouse             0000000180034b20 f   SDL_mouse.obj
 0001:00033b80       SDL_QuitInit               0000000180034b80 f   SDL_quit.obj
 0001:00033b90       SDL_QuitQuit               0000000180034b90 f   SDL_quit.obj
 0001:00033ba0       SDL_SendQuit               0000000180034ba0 f   SDL_quit.obj
 0001:00033bb0       SDL_TouchInit              0000000180034bb0 f   SDL_touch.obj
 0001:00033bc0       SDL_GetNumTouchDevices     0000000180034bc0 f   SDL_touch.obj
 0001:00033bd0       SDL_GetTouchDevice         0000000180034bd0 f   SDL_touch.obj
 0001:00033c50       SDL_GetTouch               0000000180034c50 f   SDL_touch.obj
 0001:00033ce0       SDL_GetFinger              0000000180034ce0 f   SDL_touch.obj
 0001:00033d20       SDL_GetNumTouchFingers     0000000180034d20 f   SDL_touch.obj
 0001:00033d50       SDL_GetTouchFinger         0000000180034d50 f   SDL_touch.obj
 0001:00033da0       SDL_AddTouch               0000000180034da0 f   SDL_touch.obj
 0001:00033f90       SDL_SendTouch              0000000180034f90 f   SDL_touch.obj
 0001:00034150       SDL_SendTouchMotion        0000000180035150 f   SDL_touch.obj
 0001:000342d0       SDL_DelTouch               00000001800352d0 f   SDL_touch.obj
 0001:00034370       SDL_TouchQuit              0000000180035370 f   SDL_touch.obj
 0001:00034450       SDL_SendWindowEvent        0000000180035450 f   SDL_windowevents.obj
 0001:00034e20       SDL_RWFromFP               0000000180035e20 f   SDL_rwops.obj
 0001:00034e40       SDL_AllocRW                0000000180035e40 f   SDL_rwops.obj
 0001:00034e80       SDL_FreeRW                 0000000180035e80 f   SDL_rwops.obj
 0001:00034e90       SDL_ReadU8                 0000000180035e90 f   SDL_rwops.obj
 0001:00034ec0       SDL_ReadLE16               0000000180035ec0 f   SDL_rwops.obj
 0001:00034f00       SDL_ReadBE16               0000000180035f00 f   SDL_rwops.obj
 0001:00034f40       SDL_ReadLE32               0000000180035f40 f   SDL_rwops.obj
 0001:00034f70       SDL_ReadBE32               0000000180035f70 f   SDL_rwops.obj
 0001:00034fd0       SDL_ReadLE64               0000000180035fd0 f   SDL_rwops.obj
 0001:00035010       SDL_ReadBE64               0000000180036010 f   SDL_rwops.obj
 0001:000350b0       SDL_WriteU8                00000001800360b0 f   SDL_rwops.obj
 0001:000350e0       SDL_WriteLE16              00000001800360e0 f   SDL_rwops.obj
 0001:00035110       SDL_WriteBE16              0000000180036110 f   SDL_rwops.obj
 0001:00035140       SDL_WriteLE32              0000000180036140 f   SDL_rwops.obj
 0001:00035170       SDL_WriteBE32              0000000180036170 f   SDL_rwops.obj
 0001:000351d0       SDL_WriteLE64              00000001800361d0 f   SDL_rwops.obj
 0001:00035200       SDL_WriteBE64              0000000180036200 f   SDL_rwops.obj
 0001:00035310       SDL_RWFromFile             0000000180036310 f   SDL_rwops.obj
 0001:00035400       SDL_RWFromMem              0000000180036400 f   SDL_rwops.obj
 0001:000354d0       SDL_RWFromConstMem         00000001800364d0 f   SDL_rwops.obj
 0001:000355a0       SDL_HapticInit             00000001800365a0 f   SDL_haptic.obj
 0001:00035680       SDL_NumHaptics             0000000180036680 f   SDL_haptic.obj
 0001:00035690       SDL_HapticName             0000000180036690 f   SDL_haptic.obj
 0001:000356d0       SDL_HapticOpened           00000001800366d0 f   SDL_haptic.obj
 0001:00035750       SDL_HapticIndex            0000000180036750 f   SDL_haptic.obj
 0001:00035780       SDL_MouseIsHaptic          0000000180036780 f   SDL_haptic.obj
 0001:000357a0       SDL_JoystickIsHaptic       00000001800367a0 f   SDL_haptic.obj
 0001:000357f0       SDL_HapticOpenFromJoystick 00000001800367f0 f   SDL_haptic.obj
 0001:00035980       SDL_HapticQuit             0000000180036980 f   SDL_haptic.obj
 0001:000359c0       SDL_HapticNumEffects       00000001800369c0 f   SDL_haptic.obj
 0001:000359f0       SDL_HapticNumEffectsPlaying 00000001800369f0 f   SDL_haptic.obj
 0001:00035a20       SDL_HapticQuery            0000000180036a20 f   SDL_haptic.obj
 0001:00035a50       SDL_HapticNumAxes          0000000180036a50 f   SDL_haptic.obj
 0001:00035a80       SDL_HapticEffectSupported  0000000180036a80 f   SDL_haptic.obj
 0001:00035ad0       SDL_HapticNewEffect        0000000180036ad0 f   SDL_haptic.obj
 0001:00035bf0       SDL_HapticUpdateEffect     0000000180036bf0 f   SDL_haptic.obj
 0001:00035cb0       SDL_HapticRunEffect        0000000180036cb0 f   SDL_haptic.obj
 0001:00035d30       SDL_HapticStopEffect       0000000180036d30 f   SDL_haptic.obj
 0001:00035da0       SDL_HapticDestroyEffect    0000000180036da0 f   SDL_haptic.obj
 0001:00035e00       SDL_HapticGetEffectStatus  0000000180036e00 f   SDL_haptic.obj
 0001:00035e80       SDL_HapticSetGain          0000000180036e80 f   SDL_haptic.obj
 0001:00035f60       SDL_HapticSetAutocenter    0000000180036f60 f   SDL_haptic.obj
 0001:00035ff0       SDL_HapticPause            0000000180036ff0 f   SDL_haptic.obj
 0001:00036040       SDL_HapticUnpause          0000000180037040 f   SDL_haptic.obj
 0001:00036080       SDL_HapticStopAll          0000000180037080 f   SDL_haptic.obj
 0001:000360b0       SDL_HapticRumbleSupported  00000001800370b0 f   SDL_haptic.obj
 0001:000360f0       SDL_HapticRumbleInit       00000001800370f0 f   SDL_haptic.obj
 0001:000361e0       SDL_HapticRumblePlay       00000001800371e0 f   SDL_haptic.obj
 0001:000362c0       SDL_HapticRumbleStop       00000001800372c0 f   SDL_haptic.obj
 0001:00036310       SDL_HapticOpen             0000000180037310 f   SDL_haptic.obj
 0001:000364a0       SDL_HapticOpenFromMouse    00000001800374a0 f   SDL_haptic.obj
 0001:000364e0       SDL_HapticClose            00000001800374e0 f   SDL_haptic.obj
 0001:000365d0       SDL_PrivateGetControllerMappingForGUID 00000001800375d0 f   SDL_gamecontroller.obj
 0001:00036630       SDL_PrivateGetControllerMapping 0000000180037630 f   SDL_gamecontroller.obj
 0001:00036690       SDL_GameControllerGetAxisFromString 0000000180037690 f   SDL_gamecontroller.obj
 0001:00036720       SDL_GameControllerGetStringForAxis 0000000180037720 f   SDL_gamecontroller.obj
 0001:00036740       SDL_GameControllerGetButtonFromString 0000000180037740 f   SDL_gamecontroller.obj
 0001:000367d0       SDL_GameControllerGetStringForButton 00000001800377d0 f   SDL_gamecontroller.obj
 0001:000367f0       SDL_PrivateGameControllerParseButton 00000001800377f0 f   SDL_gamecontroller.obj
 0001:00036a70       SDL_PrivateLoadButtonMapping 0000000180037a70 f   SDL_gamecontroller.obj
 0001:00036b90       SDL_PrivateGetControllerGUIDFromMappingString 0000000180037b90 f   SDL_gamecontroller.obj
 0001:00036c20       SDL_PrivateGetControllerNameFromMappingString 0000000180037c20 f   SDL_gamecontroller.obj
 0001:00036ce0       SDL_PrivateGetControllerMappingFromMappingString 0000000180037ce0 f   SDL_gamecontroller.obj
 0001:00036d20       SDL_PrivateGameControllerRefreshMapping 0000000180037d20 f   SDL_gamecontroller.obj
 0001:00036dd0       SDL_GameControllerAddMapping 0000000180037dd0 f   SDL_gamecontroller.obj
 0001:00036f50       SDL_GameControllerMappingForGUID 0000000180037f50 f   SDL_gamecontroller.obj
 0001:00037030       SDL_GameControllerMapping  0000000180038030 f   SDL_gamecontroller.obj
 0001:00037120       SDL_GameControllerNameForIndex 0000000180038120 f   SDL_gamecontroller.obj
 0001:00037150       SDL_IsGameController       0000000180038150 f   SDL_gamecontroller.obj
 0001:00037170       SDL_GameControllerOpen     0000000180038170 f   SDL_gamecontroller.obj
 0001:000372e0       SDL_GameControllerUpdate   00000001800382e0 f   SDL_gamecontroller.obj
 0001:000372f0       SDL_GameControllerGetAxis  00000001800382f0 f   SDL_gamecontroller.obj
 0001:00037360       SDL_GameControllerGetButton 0000000180038360 f   SDL_gamecontroller.obj
 0001:00037420       SDL_GameControllerGetAttached 0000000180038420 f   SDL_gamecontroller.obj
 0001:00037440       SDL_GameControllerName     0000000180038440 f   SDL_gamecontroller.obj
 0001:00037460       SDL_GameControllerGetJoystick 0000000180038460 f   SDL_gamecontroller.obj
 0001:00037480       SDL_GameControllerGetBindForAxis 0000000180038480 f   SDL_gamecontroller.obj
 0001:000374f0       SDL_GameControllerGetBindForButton 00000001800384f0 f   SDL_gamecontroller.obj
 0001:000375b0       SDL_GameControllerClose    00000001800385b0 f   SDL_gamecontroller.obj
 0001:00037650       SDL_PrivateGameControllerAxis 0000000180038650 f   SDL_gamecontroller.obj
 0001:000376d0       SDL_PrivateGameControllerButton 00000001800386d0 f   SDL_gamecontroller.obj
 0001:00037780       SDL_GameControllerEventState 0000000180038780 f   SDL_gamecontroller.obj
 0001:00037830       SDL_GameControllerEventWatcher 0000000180038830 f   SDL_gamecontroller.obj
 0001:00037c30       SDL_GameControllerInit     0000000180038c30 f   SDL_gamecontroller.obj
 0001:00037ca0       SDL_GameControllerQuit     0000000180038ca0 f   SDL_gamecontroller.obj
 0001:00037d60       SDL_JoystickInit           0000000180038d60 f   SDL_joystick.obj
 0001:00037db0       SDL_NumJoysticks           0000000180038db0 f   SDL_joystick.obj
 0001:00037dc0       SDL_JoystickNameForIndex   0000000180038dc0 f   SDL_joystick.obj
 0001:00037e10       SDL_PrivateJoystickValid   0000000180038e10 f   SDL_joystick.obj
 0001:00037e50       SDL_JoystickNumAxes        0000000180038e50 f   SDL_joystick.obj
 0001:00037e80       SDL_JoystickNumHats        0000000180038e80 f   SDL_joystick.obj
 0001:00037eb0       SDL_JoystickNumBalls       0000000180038eb0 f   SDL_joystick.obj
 0001:00037ee0       SDL_JoystickNumButtons     0000000180038ee0 f   SDL_joystick.obj
 0001:00037f10       SDL_JoystickGetAxis        0000000180038f10 f   SDL_joystick.obj
 0001:00037f70       SDL_JoystickGetHat         0000000180038f70 f   SDL_joystick.obj
 0001:00037fd0       SDL_JoystickGetBall        0000000180038fd0 f   SDL_joystick.obj
 0001:00038060       SDL_JoystickGetButton      0000000180039060 f   SDL_joystick.obj
 0001:000380c0       SDL_JoystickGetAttached    00000001800390c0 f   SDL_joystick.obj
 0001:000380f0       SDL_JoystickInstanceID     00000001800390f0 f   SDL_joystick.obj
 0001:00038120       SDL_JoystickName           0000000180039120 f   SDL_joystick.obj
 0001:00038150       SDL_JoystickClose          0000000180039150 f   SDL_joystick.obj
 0001:00038200       SDL_JoystickQuit           0000000180039200 f   SDL_joystick.obj
 0001:00038290       SDL_PrivateJoystickAxis    0000000180039290 f   SDL_joystick.obj
 0001:00038350       SDL_PrivateJoystickHat     0000000180039350 f   SDL_joystick.obj
 0001:00038410       SDL_PrivateJoystickBall    0000000180039410 f   SDL_joystick.obj
 0001:000384d0       SDL_PrivateJoystickButton  00000001800394d0 f   SDL_joystick.obj
 0001:000385a0       SDL_JoystickUpdate         00000001800395a0 f   SDL_joystick.obj
 0001:000386a0       SDL_JoystickEventState     00000001800396a0 f   SDL_joystick.obj
 0001:00038750       SDL_PrivateJoystickNeedsPolling 0000000180039750 f   SDL_joystick.obj
 0001:00038770       SDL_JoystickGetDeviceGUID  0000000180039770 f   SDL_joystick.obj
 0001:00038800       SDL_JoystickGetGUID        0000000180039800 f   SDL_joystick.obj
 0001:00038880       SDL_JoystickGetGUIDString  0000000180039880 f   SDL_joystick.obj
 0001:00038940       SDL_JoystickGetGUIDFromString 0000000180039940 f   SDL_joystick.obj
 0001:000389e0       SDL_JoystickOpen           00000001800399e0 f   SDL_joystick.obj
 0001:00038c00       SDL_uclibc_atan2           0000000180039c00 f   e_atan2.obj
 0001:00038e80       SDL_uclibc_log             0000000180039e80 f   e_log.obj
 0001:00039190       SDL_uclibc_pow             000000018003a190 f   e_pow.obj
 0001:00039b00       __ieee754_rem_pio2         000000018003ab00 f   e_rem_pio2.obj
 0001:00039f60       SDL_uclibc_sqrt            000000018003af60 f   e_sqrt.obj
 0001:0003a180       __kernel_cos               000000018003b180 f   k_cos.obj
 0001:0003a2a0       __kernel_rem_pio2          000000018003b2a0 f   k_rem_pio2.obj
 0001:0003b060       __kernel_sin               000000018003c060 f   k_sin.obj
 0001:0003b130       SDL_uclibc_atan            000000018003c130 f   s_atan.obj
 0001:0003b370       SDL_uclibc_copysign        000000018003c370 f   s_copysign.obj
 0001:0003b3b0       SDL_uclibc_cos             000000018003c3b0 f   s_cos.obj
 0001:0003b450       SDL_uclibc_fabs            000000018003c450 f   s_fabs.obj
 0001:0003b480       SDL_uclibc_floor           000000018003c480 f   s_floor.obj
 0001:0003b600       SDL_uclibc_scalbn          000000018003c600 f   s_scalbn.obj
 0001:0003b730       SDL_uclibc_sin             000000018003c730 f   s_sin.obj
 0001:0003b7e0       SDL_GetPowerInfo           000000018003c7e0 f   SDL_power.obj
 0001:0003b860       SDL_GetNumRenderDrivers    000000018003c860 f   SDL_render.obj
 0001:0003b870       SDL_GetRenderDriverInfo    000000018003c870 f   SDL_render.obj
 0001:0003b8d0       SDL_GetRenderer            000000018003c8d0 f   SDL_render.obj
 0001:0003b8f0       SDL_GetRendererInfo        000000018003c8f0 f   SDL_render.obj
 0001:0003ba90       SDL_QueryTexture           000000018003ca90 f   SDL_render.obj
 0001:0003bb00       SDL_SetTextureColorMod     000000018003cb00 f   SDL_render.obj
 0001:0003bb90       SDL_GetTextureColorMod     000000018003cb90 f   SDL_render.obj
 0001:0003bbf0       SDL_SetTextureAlphaMod     000000018003cbf0 f   SDL_render.obj
 0001:0003bc60       SDL_GetTextureAlphaMod     000000018003cc60 f   SDL_render.obj
 0001:0003bcb0       SDL_SetTextureBlendMode    000000018003ccb0 f   SDL_render.obj
 0001:0003bd20       SDL_GetTextureBlendMode    000000018003cd20 f   SDL_render.obj
 0001:0003be10       SDL_LockTexture            000000018003ce10 f   SDL_render.obj
 0001:0003c030       SDL_UnlockTexture          000000018003d030 f   SDL_render.obj
 0001:0003c0a0       SDL_RenderTargetSupported  000000018003d0a0 f   SDL_render.obj
 0001:0003c0d0       SDL_SetRenderTarget        000000018003d0d0 f   SDL_render.obj
 0001:0003c360       SDL_GetRenderTarget        000000018003d360 f   SDL_render.obj
 0001:0003c370       SDL_RenderGetLogicalSize   000000018003d370 f   SDL_render.obj
 0001:0003c3c0       SDL_RenderGetViewport      000000018003d3c0 f   SDL_render.obj
 0001:0003c460       SDL_RenderSetClipRect      000000018003d460 f   SDL_render.obj
 0001:0003c580       SDL_RenderGetClipRect      000000018003d580 f   SDL_render.obj
 0001:0003c620       SDL_RenderSetScale         000000018003d620 f   SDL_render.obj
 0001:0003c670       SDL_RenderGetScale         000000018003d670 f   SDL_render.obj
 0001:0003c6c0       SDL_SetRenderDrawColor     000000018003d6c0 f   SDL_render.obj
 0001:0003c720       SDL_GetRenderDrawColor     000000018003d720 f   SDL_render.obj
 0001:0003c7a0       SDL_SetRenderDrawBlendMode 000000018003d7a0 f   SDL_render.obj
 0001:0003c7e0       SDL_GetRenderDrawBlendMode 000000018003d7e0 f   SDL_render.obj
 0001:0003c820       SDL_RenderClear            000000018003d820 f   SDL_render.obj
 0001:0003ca90       SDL_RenderDrawPoints       000000018003da90 f   SDL_render.obj
 0001:0003cf50       SDL_RenderDrawLines        000000018003df50 f   SDL_render.obj
 0001:0003d1e0       SDL_RenderDrawRect         000000018003e1e0 f   SDL_render.obj
 0001:0003d2a0       SDL_RenderDrawRects        000000018003e2a0 f   SDL_render.obj
 0001:0003d380       SDL_RenderFillRects        000000018003e380 f   SDL_render.obj
 0001:0003d6a0       SDL_RenderCopy             000000018003e6a0 f   SDL_render.obj
 0001:0003d870       SDL_RenderCopyEx           000000018003e870 f   SDL_render.obj
 0001:0003dac0       SDL_RenderReadPixels       000000018003eac0 f   SDL_render.obj
 0001:0003dc30       SDL_RenderPresent          000000018003ec30 f   SDL_render.obj
 0001:0003dc80       SDL_DestroyTexture         000000018003ec80 f   SDL_render.obj
 0001:0003dd50       SDL_GL_BindTexture         000000018003ed50 f   SDL_render.obj
 0001:0003ddd0       SDL_GL_UnbindTexture       000000018003edd0 f   SDL_render.obj
 0001:0003de30       SDL_GetRendererOutputSize  000000018003ee30 f   SDL_render.obj
 0001:0003ded0       SDL_CreateTexture          000000018003eed0 f   SDL_render.obj
 0001:0003e4c0       SDL_UpdateTexture          000000018003f4c0 f   SDL_render.obj
 0001:0003e760       SDL_UpdateYUVTexture       000000018003f760 f   SDL_render.obj
 0001:0003e980       SDL_RenderSetViewport      000000018003f980 f   SDL_render.obj
 0001:0003eac0       SDL_RenderDrawPoint        000000018003fac0 f   SDL_render.obj
 0001:0003eaf0       SDL_RenderDrawLine         000000018003faf0 f   SDL_render.obj
 0001:0003eb30       SDL_RenderFillRect         000000018003fb30 f   SDL_render.obj
 0001:0003ebc0       SDL_CreateSoftwareRenderer 000000018003fbc0 f   SDL_render.obj
 0001:0003ec10       SDL_CreateTextureFromSurface 000000018003fc10 f   SDL_render.obj
 0001:0003f000       SDL_RenderSetLogicalSize   0000000180040000 f   SDL_render.obj
 0001:0003f3b0       SDL_CreateRenderer         00000001800403b0 f   SDL_render.obj
 0001:0003f5f0       SDL_DestroyRenderer        00000001800405f0 f   SDL_render.obj
 0001:0003f690       SDL_CreateWindowAndRenderer 0000000180040690 f   SDL_render.obj
 0001:00041340       SDL_SW_QueryYUVTexturePixels 0000000180042340 f   SDL_yuv_sw.obj
 0001:00041360       SDL_SW_UpdateYUVTexture    0000000180042360 f   SDL_yuv_sw.obj
 0001:00041640       SDL_SW_UpdateYUVTexturePlanar 0000000180042640 f   SDL_yuv_sw.obj
 0001:00041840       SDL_SW_LockYUVTexture      0000000180042840 f   SDL_yuv_sw.obj
 0001:000418d0       SDL_SW_UnlockYUVTexture    00000001800428d0 f   SDL_yuv_sw.obj
 0001:000418e0       SDL_SW_CopyYUVToRGB        00000001800428e0 f   SDL_yuv_sw.obj
 0001:00041c80       SDL_SW_DestroyYUVTexture   0000000180042c80 f   SDL_yuv_sw.obj
 0001:00041cd0       SDL_SW_CreateYUVTexture    0000000180042cd0 f   SDL_yuv_sw.obj
 0001:00041f00       SDL_setenv                 0000000180042f00 f   SDL_getenv.obj
 0001:00041f70       SDL_getenv                 0000000180042f70 f   SDL_getenv.obj
 0001:000420d0       SDL_iconv_open             00000001800430d0 f   SDL_iconv.obj
 0001:000421c0       SDL_iconv                  00000001800431c0 f   SDL_iconv.obj
 0001:00042d70       SDL_iconv_close            0000000180043d70 f   SDL_iconv.obj
 0001:00042d90       SDL_iconv_string           0000000180043d90 f   SDL_iconv.obj
 0001:00044a10       SDL_malloc                 0000000180045a10 f   SDL_malloc.obj
 0001:00044dc0       SDL_free                   0000000180045dc0 f   SDL_malloc.obj
 0001:000454c0       SDL_calloc                 00000001800464c0 f   SDL_malloc.obj
 0001:00045530       malloc_trim                0000000180046530 f   SDL_malloc.obj
 0001:00045550       malloc_footprint           0000000180046550 f   SDL_malloc.obj
 0001:00045560       malloc_max_footprint       0000000180046560 f   SDL_malloc.obj
 0001:00045570       mallinfo                   0000000180046570 f   SDL_malloc.obj
 0001:000455b0       malloc_stats               00000001800465b0 f   SDL_malloc.obj
 0001:000455c0       malloc_usable_size         00000001800465c0 f   SDL_malloc.obj
 0001:00045600       mallopt                    0000000180046600 f   SDL_malloc.obj
 0001:00045b90       SDL_realloc                0000000180046b90 f   SDL_malloc.obj
 0001:00045bc0       memalign                   0000000180046bc0 f   SDL_malloc.obj
 0001:00045be0       independent_calloc         0000000180046be0 f   SDL_malloc.obj
 0001:00045c20       independent_comalloc       0000000180046c20 f   SDL_malloc.obj
 0001:00045c50       valloc                     0000000180046c50 f   SDL_malloc.obj
 0001:00045c80       pvalloc                    0000000180046c80 f   SDL_malloc.obj
 0001:00046b10       SDL_qsort                  0000000180047b10 f   SDL_qsort.obj
 0001:00046b50       SDL_atan                   0000000180047b50 f   SDL_stdlib.obj
 0001:00046b60       SDL_atan2                  0000000180047b60 f   SDL_stdlib.obj
 0001:00046b70       SDL_ceil                   0000000180047b70 f   SDL_stdlib.obj
 0001:00046b90       SDL_copysign               0000000180047b90 f   SDL_stdlib.obj
 0001:00046ba0       SDL_cos                    0000000180047ba0 f   SDL_stdlib.obj
 0001:00046bb0       SDL_cosf                   0000000180047bb0 f   SDL_stdlib.obj
 0001:00046bd0       SDL_fabs                   0000000180047bd0 f   SDL_stdlib.obj
 0001:00046be0       SDL_floor                  0000000180047be0 f   SDL_stdlib.obj
 0001:00046bf0       SDL_log                    0000000180047bf0 f   SDL_stdlib.obj
 0001:00046c00       SDL_pow                    0000000180047c00 f   SDL_stdlib.obj
 0001:00046c10       SDL_scalbn                 0000000180047c10 f   SDL_stdlib.obj
 0001:00046c20       SDL_sin                    0000000180047c20 f   SDL_stdlib.obj
 0001:00046c30       SDL_sinf                   0000000180047c30 f   SDL_stdlib.obj
 0001:00046c50       SDL_sqrt                   0000000180047c50 f   SDL_stdlib.obj
 0001:00046c60       SDL_abs                    0000000180047c60 f   SDL_stdlib.obj
 0001:00046c70       SDL_isdigit                0000000180047c70 f   SDL_stdlib.obj
 0001:00046c90       SDL_isspace                0000000180047c90 f   SDL_stdlib.obj
 0001:00046cc0       SDL_toupper                0000000180047cc0 f   SDL_stdlib.obj
 0001:00046ce0       SDL_tolower                0000000180047ce0 f   SDL_stdlib.obj
 0001:00046d30       SDL_memset                 0000000180047d30 f   SDL_string.obj
 0001:00046da0       SDL_memcpy                 0000000180047da0 f   SDL_string.obj
 0001:00046e40       SDL_memmove                0000000180047e40 f   SDL_string.obj
 0001:00046eb0       SDL_memcmp                 0000000180047eb0 f   SDL_string.obj
 0001:00046ef0       SDL_strlen                 0000000180047ef0 f   SDL_string.obj
 0001:00046f20       SDL_wcslen                 0000000180047f20 f   SDL_string.obj
 0001:00046f50       SDL_wcslcpy                0000000180047f50 f   SDL_string.obj
 0001:00046fb0       SDL_wcslcat                0000000180047fb0 f   SDL_string.obj
 0001:00047010       SDL_strlcpy                0000000180048010 f   SDL_string.obj
 0001:00047060       SDL_utf8strlcpy            0000000180048060 f   SDL_string.obj
 0001:00047100       SDL_strlcat                0000000180048100 f   SDL_string.obj
 0001:00047160       SDL_strdup                 0000000180048160 f   SDL_string.obj
 0001:000471c0       SDL_strrev                 00000001800481c0 f   SDL_string.obj
 0001:00047210       SDL_strupr                 0000000180048210 f   SDL_string.obj
 0001:00047250       SDL_strlwr                 0000000180048250 f   SDL_string.obj
 0001:00047290       SDL_strchr                 0000000180048290 f   SDL_string.obj
 0001:000472c0       SDL_strrchr                00000001800482c0 f   SDL_string.obj
 0001:00047300       SDL_ltoa                   0000000180048300 f   SDL_string.obj
 0001:00047380       SDL_ultoa                  0000000180048380 f   SDL_string.obj
 0001:000473e0       SDL_lltoa                  00000001800483e0 f   SDL_string.obj
 0001:00047460       SDL_ulltoa                 0000000180048460 f   SDL_string.obj
 0001:000474c0       SDL_strcmp                 00000001800484c0 f   SDL_string.obj
 0001:00047500       SDL_strncmp                0000000180048500 f   SDL_string.obj
 0001:00047550       SDL_strcasecmp             0000000180048550 f   SDL_string.obj
 0001:000475d0       SDL_strncasecmp            00000001800485d0 f   SDL_string.obj
 0001:00048080       SDL_strstr                 0000000180049080 f   SDL_string.obj
 0001:000480e0       SDL_itoa                   00000001800490e0 f   SDL_string.obj
 0001:000480f0       SDL_uitoa                  00000001800490f0 f   SDL_string.obj
 0001:00048100       SDL_strtol                 0000000180049100 f   SDL_string.obj
 0001:00048180       SDL_strtoul                0000000180049180 f   SDL_string.obj
 0001:00048200       SDL_strtoll                0000000180049200 f   SDL_string.obj
 0001:00048280       SDL_strtoull               0000000180049280 f   SDL_string.obj
 0001:00048300       SDL_strtod                 0000000180049300 f   SDL_string.obj
 0001:00048340       SDL_sscanf                 0000000180049340 f   SDL_string.obj
 0001:00048910       SDL_vsnprintf              0000000180049910 f   SDL_string.obj
 0001:00048e10       SDL_atoi                   0000000180049e10 f   SDL_string.obj
 0001:00048e20       SDL_atof                   0000000180049e20 f   SDL_string.obj
 0001:00048e30       SDL_snprintf               0000000180049e30 f   SDL_string.obj
 0001:00048e50       SDL_TLSCreate              0000000180049e50 f   SDL_thread.obj
 0001:00048e70       SDL_TLSGet                 0000000180049e70 f   SDL_thread.obj
 0001:00048eb0       SDL_TLSSet                 0000000180049eb0 f   SDL_thread.obj
 0001:00049020       SDL_Generic_GetTLSData     000000018004a020 f   SDL_thread.obj
 0001:000490e0       SDL_Generic_SetTLSData     000000018004a0e0 f   SDL_thread.obj
 0001:000491c0       SDL_GetErrBuf              000000018004a1c0 f   SDL_thread.obj
 0001:000492d0       SDL_RunThread              000000018004a2d0 f   SDL_thread.obj
 0001:00049340       SDL_CreateThread           000000018004a340 f   SDL_thread.obj
 0001:000494c0       SDL_GetThreadID            000000018004a4c0 f   SDL_thread.obj
 0001:000494e0       SDL_GetThreadName          000000018004a4e0 f   SDL_thread.obj
 0001:00049500       SDL_SetThreadPriority      000000018004a500 f   SDL_thread.obj
 0001:00049510       SDL_WaitThread             000000018004a510 f   SDL_thread.obj
 0001:00049740       SDL_TimerQuit              000000018004a740 f   SDL_timer.obj
 0001:00049850       SDL_RemoveTimer            000000018004a850 f   SDL_timer.obj
 0001:00049900       SDL_TimerInit              000000018004a900 f   SDL_timer.obj
 0001:000499b0       SDL_AddTimer               000000018004a9b0 f   SDL_timer.obj
 0001:00049e70       SDL_CalculateBlit          000000018004ae70 f   SDL_blit.obj
 0001:0004b1a0       SDL_CalculateBlit0         000000018004c1a0 f   SDL_blit_0.obj
 0001:0004e480       SDL_CalculateBlit1         000000018004f480 f   SDL_blit_1.obj
 0001:000547a0       SDL_CalculateBlitA         00000001800557a0 f   SDL_blit_A.obj
 0001:000667d0       SDL_BlitCopy               00000001800677d0 f   SDL_blit_copy.obj
 0001:0006eed0       SDL_CalculateBlitN         000000018006fed0 f   SDL_blit_N.obj
 0001:0006f180       SDL_Blit_Slow              0000000180070180 f   SDL_blit_slow.obj
 0001:0006ff00       SDL_LoadBMP_RW             0000000180070f00 f   SDL_bmp.obj
 0001:00070630       SDL_SaveBMP_RW             0000000180071630 f   SDL_bmp.obj
 0001:00070ac0       SDL_SetClipboardText       0000000180071ac0 f   SDL_clipboard.obj
 0001:00070b40       SDL_GetClipboardText       0000000180071b40 f   SDL_clipboard.obj
 0001:00070b90       SDL_HasClipboardText       0000000180071b90 f   SDL_clipboard.obj
 0001:000711a0       SDL_FillRect               00000001800721a0 f   SDL_fillrect.obj
 0001:000713a0       SDL_FillRects              00000001800723a0 f   SDL_fillrect.obj
 0001:00071420       SDL_GetPixelFormatName     0000000180072420 f   SDL_pixels.obj
 0001:000716a0       SDL_PixelFormatEnumToMasks 00000001800726a0 f   SDL_pixels.obj
 0001:000719d0       SDL_MasksToPixelFormatEnum 00000001800729d0 f   SDL_pixels.obj
 0001:00071e10       SDL_InitFormat             0000000180072e10 f   SDL_pixels.obj
 0001:00071f70       SDL_AllocPalette           0000000180072f70 f   SDL_pixels.obj
 0001:00072040       SDL_SetPaletteColors       0000000180073040 f   SDL_pixels.obj
 0001:000720b0       SDL_FreePalette            00000001800730b0 f   SDL_pixels.obj
 0001:00072100       SDL_DitherColors           0000000180073100 f   SDL_pixels.obj
 0001:00072180       SDL_CalculatePitch         0000000180073180 f   SDL_pixels.obj
 0001:000721d0       SDL_FindColor              00000001800731d0 f   SDL_pixels.obj
 0001:000722b0       SDL_MapRGB                 00000001800732b0 f   SDL_pixels.obj
 0001:00072320       SDL_MapRGBA                0000000180073320 f   SDL_pixels.obj
 0001:000723b0       SDL_GetRGB                 00000001800733b0 f   SDL_pixels.obj
 0001:00072490       SDL_GetRGBA                0000000180073490 f   SDL_pixels.obj
 0001:000729d0       SDL_AllocBlitMap           00000001800739d0 f   SDL_pixels.obj
 0001:00072a10       SDL_InvalidateMap          0000000180073a10 f   SDL_pixels.obj
 0001:00072a70       SDL_MapSurface             0000000180073a70 f   SDL_pixels.obj
 0001:00072c50       SDL_FreeBlitMap            0000000180073c50 f   SDL_pixels.obj
 0001:00072c80       SDL_CalculateGammaRamp     0000000180073c80 f   SDL_pixels.obj
 0001:00072de0       SDL_AllocFormat            0000000180073de0 f   SDL_pixels.obj
 0001:00072ec0       SDL_FreeFormat             0000000180073ec0 f   SDL_pixels.obj
 0001:00072f60       SDL_SetPixelFormatPalette  0000000180073f60 f   SDL_pixels.obj
 0001:00072ff0       SDL_HasIntersection        0000000180073ff0 f   SDL_rect.obj
 0001:000730c0       SDL_IntersectRect          00000001800740c0 f   SDL_rect.obj
 0001:000731d0       SDL_UnionRect              00000001800741d0 f   SDL_rect.obj
 0001:00073300       SDL_EnclosePoints          0000000180074300 f   SDL_rect.obj
 0001:00073510       SDL_IntersectRectAndLine   0000000180074510 f   SDL_rect.obj
 0001:00073930       SDL_GetSpanEnclosingRect   0000000180074930 f   SDL_rect.obj
 0001:000750f0       SDL_RLEBlit                00000001800760f0 f   SDL_RLEaccel.obj
 0001:000768d0       SDL_RLEAlphaBlit           00000001800778d0 f   SDL_RLEaccel.obj
 0001:00078260       SDL_UnRLESurface           0000000180079260 f   SDL_RLEaccel.obj
 0001:00078330       SDL_RLESurface             0000000180079330 f   SDL_RLEaccel.obj
 0001:00078410       SDL_CreateShapedWindow     0000000180079410 f   SDL_shape.obj
 0001:000784d0       SDL_IsShapedWindow         00000001800794d0 f   SDL_shape.obj
 0001:000784f0       SDL_CalculateShapeBitmap   00000001800794f0 f   SDL_shape.obj
 0001:000789f0       SDL_CalculateShapeTree     00000001800799f0 f   SDL_shape.obj
 0001:00078a70       SDL_TraverseShapeTree      0000000180079a70 f   SDL_shape.obj
 0001:00078af0       SDL_FreeShapeTree          0000000180079af0 f   SDL_shape.obj
 0001:00078b50       SDL_SetWindowShape         0000000180079b50 f   SDL_shape.obj
 0001:00078c70       SDL_GetShapedWindowMode    0000000180079c70 f   SDL_shape.obj
 0001:00078eb0       SDL_SoftStretch            0000000180079eb0 f   SDL_stretch.obj
 0001:00079190       SDL_SetSurfacePalette      000000018007a190 f   SDL_surface.obj
 0001:000791b0       SDL_SetSurfaceRLE          000000018007a1b0 f   SDL_surface.obj
 0001:00079200       SDL_SetColorKey            000000018007a200 f   SDL_surface.obj
 0001:00079360       SDL_GetColorKey            000000018007a360 f   SDL_surface.obj
 0001:00079390       SDL_SetSurfaceColorMod     000000018007a390 f   SDL_surface.obj
 0001:00079400       SDL_GetSurfaceColorMod     000000018007a400 f   SDL_surface.obj
 0001:00079450       SDL_SetSurfaceAlphaMod     000000018007a450 f   SDL_surface.obj
 0001:000794a0       SDL_GetSurfaceAlphaMod     000000018007a4a0 f   SDL_surface.obj
 0001:000794d0       SDL_SetSurfaceBlendMode    000000018007a4d0 f   SDL_surface.obj
 0001:00079570       SDL_GetSurfaceBlendMode    000000018007a570 f   SDL_surface.obj
 0001:000795c0       SDL_SetClipRect            000000018007a5c0 f   SDL_surface.obj
 0001:00079630       SDL_GetClipRect            000000018007a630 f   SDL_surface.obj
 0001:00079660       SDL_LowerBlit              000000018007a660 f   SDL_surface.obj
 0001:00079700       SDL_UpperBlit              000000018007a700 f   SDL_surface.obj
 0001:000798d0       SDL_LowerBlitScaled        000000018007a8d0 f   SDL_surface.obj
 0001:00079a70       SDL_LockSurface            000000018007aa70 f   SDL_surface.obj
 0001:00079ab0       SDL_UnlockSurface          000000018007aab0 f   SDL_surface.obj
 0001:00079c00       SDL_ConvertPixels          000000018007ac00 f   SDL_surface.obj
 0001:00079ea0       SDL_FreeSurface            000000018007aea0 f   SDL_surface.obj
 0001:00079f40       SDL_CreateRGBSurface       000000018007af40 f   SDL_surface.obj
 0001:0007a120       SDL_CreateRGBSurfaceFrom   000000018007b120 f   SDL_surface.obj
 0001:0007a300       SDL_UpperBlitScaled        000000018007b300 f   SDL_surface.obj
 0001:0007a4a0       SDL_ConvertSurface         000000018007b4a0 f   SDL_surface.obj
 0001:0007a800       SDL_ConvertSurfaceFormat   000000018007b800 f   SDL_surface.obj
 0001:0007a980       SDL_GetNumVideoDrivers     000000018007b980 f   SDL_video.obj
 0001:0007a990       SDL_GetVideoDriver         000000018007b990 f   SDL_video.obj
 0001:0007a9d0       SDL_GetCurrentVideoDriver  000000018007b9d0 f   SDL_video.obj
 0001:0007aa00       SDL_GetVideoDevice         000000018007ba00 f   SDL_video.obj
 0001:0007aa10       SDL_AddVideoDisplay        000000018007ba10 f   SDL_video.obj
 0001:0007ab00       SDL_GetNumVideoDisplays    000000018007bb00 f   SDL_video.obj
 0001:0007ab80       SDL_GetDisplayDriverData   000000018007bb80 f   SDL_video.obj
 0001:0007abf0       SDL_GetDisplayName         000000018007bbf0 f   SDL_video.obj
 0001:0007ac60       SDL_GetDisplayBounds       000000018007bc60 f   SDL_video.obj
 0001:0007ad30       SDL_AddDisplayMode         000000018007bd30 f   SDL_video.obj
 0001:0007ae80       SDL_GetNumDisplayModes     000000018007be80 f   SDL_video.obj
 0001:0007aef0       SDL_GetDisplayMode         000000018007bef0 f   SDL_video.obj
 0001:0007aff0       SDL_GetDesktopDisplayMode  000000018007bff0 f   SDL_video.obj
 0001:0007b080       SDL_GetCurrentDisplayMode  000000018007c080 f   SDL_video.obj
 0001:0007b2e0       SDL_GetClosestDisplayMode  000000018007c2e0 f   SDL_video.obj
 0001:0007b4a0       SDL_GetWindowDisplayIndex  000000018007c4a0 f   SDL_video.obj
 0001:0007b6b0       SDL_GetDisplayForWindow    000000018007c6b0 f   SDL_video.obj
 0001:0007b6f0       SDL_SetWindowDisplayMode   000000018007c6f0 f   SDL_video.obj
 0001:0007b770       SDL_GetWindowDisplayMode   000000018007c770 f   SDL_video.obj
 0001:0007b8d0       SDL_GetWindowPixelFormat   000000018007c8d0 f   SDL_video.obj
 0001:0007b970       SDL_GetWindowID            000000018007c970 f   SDL_video.obj
 0001:0007b9c0       SDL_GetWindowFromID        000000018007c9c0 f   SDL_video.obj
 0001:0007ba00       SDL_GetWindowFlags         000000018007ca00 f   SDL_video.obj
 0001:0007ba50       SDL_SetWindowTitle         000000018007ca50 f   SDL_video.obj
 0001:0007bb00       SDL_GetWindowTitle         000000018007cb00 f   SDL_video.obj
 0001:0007bb70       SDL_SetWindowIcon          000000018007cb70 f   SDL_video.obj
 0001:0007bc20       SDL_SetWindowData          000000018007cc20 f   SDL_video.obj
 0001:0007bda0       SDL_GetWindowData          000000018007cda0 f   SDL_video.obj
 0001:0007be60       SDL_SetWindowPosition      000000018007ce60 f   SDL_video.obj
 0001:0007bff0       SDL_GetWindowPosition      000000018007cff0 f   SDL_video.obj
 0001:0007c070       SDL_SetWindowBordered      000000018007d070 f   SDL_video.obj
 0001:0007c100       SDL_GetWindowSize          000000018007d100 f   SDL_video.obj
 0001:0007c160       SDL_GetWindowMinimumSize   000000018007d160 f   SDL_video.obj
 0001:0007c1c0       SDL_GetWindowMaximumSize   000000018007d1c0 f   SDL_video.obj
 0001:0007c220       SDL_ShowWindow             000000018007d220 f   SDL_video.obj
 0001:0007c2a0       SDL_RaiseWindow            000000018007d2a0 f   SDL_video.obj
 0001:0007c300       SDL_MaximizeWindow         000000018007d300 f   SDL_video.obj
 0001:0007c360       SDL_MinimizeWindow         000000018007d360 f   SDL_video.obj
 0001:0007c3e0       SDL_RestoreWindow          000000018007d3e0 f   SDL_video.obj
 0001:0007c520       SDL_GetWindowSurface       000000018007d520 f   SDL_video.obj
 0001:0007c5c0       SDL_UpdateWindowSurfaceRects 000000018007d5c0 f   SDL_video.obj
 0001:0007c640       SDL_GetWindowBrightness    000000018007d640 f   SDL_video.obj
 0001:0007c6a0       SDL_GetWindowGammaRamp     000000018007d6a0 f   SDL_video.obj
 0001:0007c830       SDL_UpdateWindowGrab       000000018007d830 f   SDL_video.obj
 0001:0007c880       SDL_SetWindowGrab          000000018007d880 f   SDL_video.obj
 0001:0007c910       SDL_GetWindowGrab          000000018007d910 f   SDL_video.obj
 0001:0007c970       SDL_OnWindowResized        000000018007d970 f   SDL_video.obj
 0001:0007c990       SDL_OnWindowEnter          000000018007d990 f   SDL_video.obj
 0001:0007c9c0       SDL_OnWindowLeave          000000018007d9c0 f   SDL_video.obj
 0001:0007c9d0       SDL_OnWindowFocusGained    000000018007d9d0 f   SDL_video.obj
 0001:0007ca90       SDL_OnWindowFocusLost      000000018007da90 f   SDL_video.obj
 0001:0007caf0       SDL_GetFocusWindow         000000018007daf0 f   SDL_video.obj
 0001:0007cb30       SDL_IsScreenSaverEnabled   000000018007db30 f   SDL_video.obj
 0001:0007cb60       SDL_EnableScreenSaver      000000018007db60 f   SDL_video.obj
 0001:0007cba0       SDL_DisableScreenSaver     000000018007dba0 f   SDL_video.obj
 0001:0007cbe0       SDL_GL_LoadLibrary         000000018007dbe0 f   SDL_video.obj
 0001:0007ccc0       SDL_GL_GetProcAddress      000000018007dcc0 f   SDL_video.obj
 0001:0007cd50       SDL_GL_UnloadLibrary       000000018007dd50 f   SDL_video.obj
 0001:0007cdd0       SDL_GL_ExtensionSupported  000000018007ddd0 f   SDL_video.obj
 0001:0007cf50       SDL_GL_SetAttribute        000000018007df50 f   SDL_video.obj
 0001:0007d250       SDL_GL_GetAttribute        000000018007e250 f   SDL_video.obj
 0001:0007d510       SDL_GL_CreateContext       000000018007e510 f   SDL_video.obj
 0001:0007d5f0       SDL_GL_GetCurrentWindow    000000018007e5f0 f   SDL_video.obj
 0001:0007d630       SDL_GL_GetCurrentContext   000000018007e630 f   SDL_video.obj
 0001:0007d670       SDL_GL_GetDrawableSize     000000018007e670 f   SDL_video.obj
 0001:0007d6d0       SDL_GL_SetSwapInterval     000000018007e6d0 f   SDL_video.obj
 0001:0007d740       SDL_GL_GetSwapInterval     000000018007e740 f   SDL_video.obj
 0001:0007d780       SDL_GL_SwapWindow          000000018007e780 f   SDL_video.obj
 0001:0007d820       SDL_GetWindowWMInfo        000000018007e820 f   SDL_video.obj
 0001:0007d890       SDL_StartTextInput         000000018007e890 f   SDL_video.obj
 0001:0007d900       SDL_IsTextInputActive      000000018007e900 f   SDL_video.obj
 0001:0007d930       SDL_StopTextInput          000000018007e930 f   SDL_video.obj
 0001:0007d9a0       SDL_SetTextInputRect       000000018007e9a0 f   SDL_video.obj
 0001:0007d9d0       SDL_HasScreenKeyboardSupport 000000018007e9d0 f   SDL_video.obj
 0001:0007da00       SDL_IsScreenKeyboardShown  000000018007ea00 f   SDL_video.obj
 0001:0007da80       SDL_ShowMessageBox         000000018007ea80 f   SDL_video.obj
 0001:0007db70       SDL_ShowSimpleMessageBox   000000018007eb70 f   SDL_video.obj
 0001:0007dc10       SDL_ShouldAllowTopmost     000000018007ec10 f   SDL_video.obj
 0001:0007e090       SDL_AddBasicVideoDisplay   000000018007f090 f   SDL_video.obj
 0001:0007e2c0       SDL_SetWindowSize          000000018007f2c0 f   SDL_video.obj
 0001:0007e3c0       SDL_SetWindowMinimumSize   000000018007f3c0 f   SDL_video.obj
 0001:0007e490       SDL_SetWindowMaximumSize   000000018007f490 f   SDL_video.obj
 0001:0007e560       SDL_HideWindow             000000018007f560 f   SDL_video.obj
 0001:0007e5e0       SDL_SetWindowFullscreen    000000018007f5e0 f   SDL_video.obj
 0001:0007e680       SDL_UpdateWindowSurface    000000018007f680 f   SDL_video.obj
 0001:0007e700       SDL_SetWindowGammaRamp     000000018007f700 f   SDL_video.obj
 0001:0007e840       SDL_OnWindowHidden         000000018007f840 f   SDL_video.obj
 0001:0007e850       SDL_OnWindowMinimized      000000018007f850 f   SDL_video.obj
 0001:0007e860       SDL_OnWindowRestored       000000018007f860 f   SDL_video.obj
 0001:0007e8a0       SDL_GL_MakeCurrent         000000018007f8a0 f   SDL_video.obj
 0001:0007e9c0       SDL_GL_DeleteContext       000000018007f9c0 f   SDL_video.obj
 0001:0007ea90       SDL_RecreateWindow         000000018007fa90 f   SDL_video.obj
 0001:0007ec20       SDL_SetWindowBrightness    000000018007fc20 f   SDL_video.obj
 0001:0007ecc0       SDL_OnWindowShown          000000018007fcc0 f   SDL_video.obj
 0001:0007ecd0       SDL_DestroyWindow          000000018007fcd0 f   SDL_video.obj
 0001:0007eea0       SDL_VideoQuit              000000018007fea0 f   SDL_video.obj
 0001:0007f0a0       SDL_VideoInit              00000001800800a0 f   SDL_video.obj
 0001:0007f400       SDL_CreateWindow           0000000180080400 f   SDL_video.obj
 0001:0007f690       SDL_CreateWindowFrom       0000000180080690 f   SDL_video.obj
 0001:0007fa30       SDL_SetMainReady           0000000180080a30 f   SDL.obj
 0001:0007fa50       SDL_InitSubSystem          0000000180080a50 f   SDL.obj
 0001:0007fbe0       SDL_Init                   0000000180080be0 f   SDL.obj
 0001:0007fbf0       SDL_QuitSubSystem          0000000180080bf0 f   SDL.obj
 0001:0007fd10       SDL_WasInit                0000000180080d10 f   SDL.obj
 0001:0007fe80       SDL_Quit                   0000000180080e80 f   SDL.obj
 0001:0007fee0       SDL_GetVersion             0000000180080ee0 f   SDL.obj
 0001:0007ff00       SDL_GetRevision            0000000180080f00 f   SDL.obj
 0001:0007ff10       SDL_GetRevisionNumber      0000000180080f10 f   SDL.obj
 0001:0007ff20       SDL_GetPlatform            0000000180080f20 f   SDL.obj
 0001:0007ff30       _DllMainCRTStartup         0000000180080f30 f   SDL.obj
 0001:00080280       SDL_ReportAssertion        0000000180081280 f   SDL_assert.obj
 0001:000803c0       SDL_SetAssertionHandler    00000001800813c0 f   SDL_assert.obj
 0001:00080400       SDL_GetAssertionReport     0000000180081400 f   SDL_assert.obj
 0001:00080410       SDL_ResetAssertionReport   0000000180081410 f   SDL_assert.obj
 0001:00080530       SDL_AssertionsQuit         0000000180081530 f   SDL_assert.obj
 0001:000807d0       SDL_GetError               00000001800817d0 f   SDL_error.obj
 0001:000807f0       SDL_ClearError             00000001800817f0 f   SDL_error.obj
 0001:00080810       SDL_SetError               0000000180081810 f   SDL_error.obj
 0001:00080a90       SDL_Error                  0000000180081a90 f   SDL_error.obj
 0001:00080af0       SDL_SetHintWithPriority    0000000180081af0 f   SDL_hints.obj
 0001:00080c50       SDL_SetHint                0000000180081c50 f   SDL_hints.obj
 0001:00080c70       SDL_GetHint                0000000180081c70 f   SDL_hints.obj
 0001:00080cf0       SDL_DelHintCallback        0000000180081cf0 f   SDL_hints.obj
 0001:00080da0       SDL_ClearHints             0000000180081da0 f   SDL_hints.obj
 0001:00080e30       SDL_AddHintCallback        0000000180081e30 f   SDL_hints.obj
 0001:00080f70       SDL_LogSetAllPriority      0000000180081f70 f   SDL_log.obj
 0001:00080fb0       SDL_LogSetPriority         0000000180081fb0 f   SDL_log.obj
 0001:00081030       SDL_LogGetPriority         0000000180082030 f   SDL_log.obj
 0001:00081080       SDL_LogResetPriorities     0000000180082080 f   SDL_log.obj
 0001:000810e0       SDL_LogMessageV            00000001800820e0 f   SDL_log.obj
 0001:00081340       SDL_LogGetOutputFunction   0000000180082340 f   SDL_log.obj
 0001:00081370       SDL_LogSetOutputFunction   0000000180082370 f   SDL_log.obj
 0001:00081390       SDL_Log                    0000000180082390 f   SDL_log.obj
 0001:000813d0       SDL_LogVerbose             00000001800823d0 f   SDL_log.obj
 0001:00081400       SDL_LogDebug               0000000180082400 f   SDL_log.obj
 0001:00081430       SDL_LogInfo                0000000180082430 f   SDL_log.obj
 0001:00081460       SDL_LogWarn                0000000180082460 f   SDL_log.obj
 0001:00081490       SDL_LogError               0000000180082490 f   SDL_log.obj
 0001:000814c0       SDL_LogCritical            00000001800824c0 f   SDL_log.obj
 0001:000814f0       SDL_LogMessage             00000001800824f0 f   SDL_log.obj
 0001:00083970       WIN_SetError               0000000180084970 f   SDL_windows.obj
 0001:00083a30       WIN_CoInitialize           0000000180084a30 f   SDL_windows.obj
 0001:00083a50       WIN_CoUninitialize         0000000180084a50 f   SDL_windows.obj
 0001:00083a60       SDL_GetBasePath            0000000180084a60 f   SDL_sysfilesystem.obj
 0001:00083af0       SDL_GetPrefPath            0000000180084af0 f   SDL_sysfilesystem.obj
 0001:00083da0       SDL_SYS_HapticName         0000000180084da0 f   SDL_syshaptic.obj
 0001:000841e0       SDL_SYS_HapticMouse        00000001800851e0 f   SDL_syshaptic.obj
 0001:00084220       SDL_SYS_JoystickIsHaptic   0000000180085220 f   SDL_syshaptic.obj
 0001:00084250       SDL_SYS_JoystickSameHaptic 0000000180085250 f   SDL_syshaptic.obj
 0001:00084310       SDL_SYS_HapticClose        0000000180085310 f   SDL_syshaptic.obj
 0001:000843a0       SDL_SYS_HapticQuit         00000001800853a0 f   SDL_syshaptic.obj
 0001:00084fa0       SDL_SYS_HapticUpdateEffect 0000000180085fa0 f   SDL_syshaptic.obj
 0001:000850d0       SDL_SYS_HapticRunEffect    00000001800860d0 f   SDL_syshaptic.obj
 0001:000851e0       SDL_SYS_HapticStopEffect   00000001800861e0 f   SDL_syshaptic.obj
 0001:00085280       SDL_SYS_HapticDestroyEffect 0000000180086280 f   SDL_syshaptic.obj
 0001:000852f0       SDL_SYS_HapticGetEffectStatus 00000001800862f0 f   SDL_syshaptic.obj
 0001:00085340       SDL_SYS_HapticSetGain      0000000180086340 f   SDL_syshaptic.obj
 0001:000853a0       SDL_SYS_HapticSetAutocenter 00000001800863a0 f   SDL_syshaptic.obj
 0001:00085410       SDL_SYS_HapticPause        0000000180086410 f   SDL_syshaptic.obj
 0001:00085450       SDL_SYS_HapticUnpause      0000000180086450 f   SDL_syshaptic.obj
 0001:00085490       SDL_SYS_HapticStopAll      0000000180086490 f   SDL_syshaptic.obj
 0001:000855d0       SDL_SYS_HapticInit         00000001800865d0 f   SDL_syshaptic.obj
 0001:00085ab0       SDL_SYS_HapticOpen         0000000180086ab0 f   SDL_syshaptic.obj
 0001:00085b20       SDL_SYS_HapticOpenFromJoystick 0000000180086b20 f   SDL_syshaptic.obj
 0001:00085c50       SDL_SYS_HapticNewEffect    0000000180086c50 f   SDL_syshaptic.obj
 0001:00085d60       WIN_UnloadXInputDLL        0000000180086d60 f   SDL_dxjoystick.obj
 0001:00085fc0       SDL_PrivateJoystickDetectProc 0000000180086fc0 f   SDL_dxjoystick.obj
 0001:000863a0       SDL_SYS_NumJoysticks       00000001800873a0 f   SDL_dxjoystick.obj
 0001:00086740       SDL_SYS_JoystickDetect     0000000180087740 f   SDL_dxjoystick.obj
 0001:00086930       SDL_SYS_JoystickNeedsPolling 0000000180087930 f   SDL_dxjoystick.obj
 0001:00086960       SDL_SYS_JoystickNameForDeviceIndex 0000000180087960 f   SDL_dxjoystick.obj
 0001:00086990       SDL_SYS_GetInstanceIdOfDeviceIndex 0000000180087990 f   SDL_dxjoystick.obj
 0001:000869c0       SDL_SYS_JoystickAttached   00000001800879c0 f   SDL_dxjoystick.obj
 0001:00086d50       ButtonChanged              0000000180087d50 f   SDL_dxjoystick.obj
 0001:00086d70       SDL_SYS_JoystickUpdate_XInput 0000000180087d70 f   SDL_dxjoystick.obj
 0001:00087340       SDL_SYS_JoystickClose      0000000180088340 f   SDL_dxjoystick.obj
 0001:00087390       SDL_SYS_JoystickQuit       0000000180088390 f   SDL_dxjoystick.obj
 0001:000874a0       SDL_SYS_JoystickGetDeviceGUID 00000001800884a0 f   SDL_dxjoystick.obj
 0001:000874e0       SDL_SYS_JoystickGetGUID    00000001800884e0 f   SDL_dxjoystick.obj
 0001:00087500       SDL_SYS_IsXInputDeviceIndex 0000000180088500 f   SDL_dxjoystick.obj
 0001:00087530       SDL_SYS_IsXInputJoystick   0000000180088530 f   SDL_dxjoystick.obj
 0001:00087550       WIN_LoadXInputDLL          0000000180088550 f   SDL_dxjoystick.obj
 0001:00087670       SDL_SYS_JoystickInit       0000000180088670 f   SDL_dxjoystick.obj
 0001:00087810       SDL_SYS_JoystickOpen       0000000180088810 f   SDL_dxjoystick.obj
 0001:00087b90       SDL_SYS_JoystickUpdate_Polled 0000000180088b90 f   SDL_dxjoystick.obj
 0001:00087e00       SDL_SYS_JoystickUpdate_Buffered 0000000180088e00 f   SDL_dxjoystick.obj
 0001:00087fb0       SDL_SYS_JoystickUpdate     0000000180088fb0 f   SDL_dxjoystick.obj
 0001:00088050       SDL_LoadObject             0000000180089050 f   SDL_sysloadso.obj
 0001:00088100       SDL_LoadFunction           0000000180089100 f   SDL_sysloadso.obj
 0001:00088170       SDL_UnloadObject           0000000180089170 f   SDL_sysloadso.obj
 0001:00088190       SDL_GetPowerInfo_Windows   0000000180089190 f   SDL_syspower.obj
 0001:000898e0       SDL_RenderGetD3D9Device    000000018008a8e0 f   SDL_render_d3d.obj
 0001:000901f0       GL_SelectShader            00000001800911f0 f   SDL_shaders_gl.obj
 0001:00090210       GL_DestroyShaderContext    0000000180091210 f   SDL_shaders_gl.obj
 0001:00090270       GL_CreateShaderContext     0000000180091270 f   SDL_shaders_gl.obj
 0001:00095aa0       SDL_BlendFillRect          0000000180096aa0 f   SDL_blendfillrect.obj
 0001:00095cf0       SDL_BlendFillRects         0000000180096cf0 f   SDL_blendfillrect.obj
 0001:0009fa10       SDL_BlendLine              00000001800a0a10 f   SDL_blendline.obj
 0001:0009fb20       SDL_BlendLines             00000001800a0b20 f   SDL_blendline.obj
 0001:000a12d0       SDL_BlendPoint             00000001800a22d0 f   SDL_blendpoint.obj
 0001:000a1530       SDL_BlendPoints            00000001800a2530 f   SDL_blendpoint.obj
 0001:000a2580       SDL_DrawLine               00000001800a3580 f   SDL_drawline.obj
 0001:000a2640       SDL_DrawLines              00000001800a3640 f   SDL_drawline.obj
 0001:000a27b0       SDL_DrawPoint              00000001800a37b0 f   SDL_drawpoint.obj
 0001:000a28a0       SDL_DrawPoints             00000001800a38a0 f   SDL_drawpoint.obj
 0001:000a41e0       SW_CreateRendererForSurface 00000001800a51e0 f   SDL_render_sw.obj
 0001:000a4410       SDLgfx_rotozoomSurfaceSizeTrig 00000001800a5410 f   SDL_rotate.obj
 0001:000a50a0       SDLgfx_rotateSurface       00000001800a60a0 f   SDL_rotate.obj
 0001:000a5420       SDL_CreateMutex            00000001800a6420 f   SDL_sysmutex.obj
 0001:000a5470       SDL_DestroyMutex           00000001800a6470 f   SDL_sysmutex.obj
 0001:000a54a0       SDL_LockMutex              00000001800a64a0 f   SDL_sysmutex.obj
 0001:000a54d0       SDL_TryLockMutex           00000001800a64d0 f   SDL_sysmutex.obj
 0001:000a5510       SDL_UnlockMutex            00000001800a6510 f   SDL_sysmutex.obj
 0001:000a5540       SDL_CreateSemaphore        00000001800a6540 f   SDL_syssem.obj
 0001:000a55c0       SDL_DestroySemaphore       00000001800a65c0 f   SDL_syssem.obj
 0001:000a5600       SDL_SemWaitTimeout         00000001800a6600 f   SDL_syssem.obj
 0001:000a5670       SDL_SemTryWait             00000001800a6670 f   SDL_syssem.obj
 0001:000a5680       SDL_SemWait                00000001800a6680 f   SDL_syssem.obj
 0001:000a5690       SDL_SemValue               00000001800a6690 f   SDL_syssem.obj
 0001:000a56c0       SDL_SemPost                00000001800a66c0 f   SDL_syssem.obj
 0001:000a5780       SDL_SYS_CreateThread       00000001800a6780 f   SDL_systhread.obj
 0001:000a5830       SDL_SYS_SetupThread        00000001800a6830 f   SDL_systhread.obj
 0001:000a5840       SDL_ThreadID               00000001800a6840 f   SDL_systhread.obj
 0001:000a5850       SDL_SYS_SetThreadPriority  00000001800a6850 f   SDL_systhread.obj
 0001:000a58a0       SDL_SYS_WaitThread         00000001800a68a0 f   SDL_systhread.obj
 0001:000a58d0       SDL_SYS_GetTLSData         00000001800a68d0 f   SDL_systls.obj
 0001:000a5960       SDL_SYS_SetTLSData         00000001800a6960 f   SDL_systls.obj
 0001:000a59a0       SDL_DestroyCond            00000001800a69a0 f   SDL_syscond.obj
 0001:000a59f0       SDL_CondSignal             00000001800a69f0 f   SDL_syscond.obj
 0001:000a5a60       SDL_CondBroadcast          00000001800a6a60 f   SDL_syscond.obj
 0001:000a5b20       SDL_CondWaitTimeout        00000001800a6b20 f   SDL_syscond.obj
 0001:000a5be0       SDL_CondWait               00000001800a6be0 f   SDL_syscond.obj
 0001:000a5bf0       SDL_CreateCond             00000001800a6bf0 f   SDL_syscond.obj
 0001:000a5d10       SDL_InitTicks              00000001800a6d10 f   SDL_systimer.obj
 0001:000a5d90       SDL_GetTicks               00000001800a6d90 f   SDL_systimer.obj
 0001:000a5df0       SDL_GetPerformanceCounter  00000001800a6df0 f   SDL_systimer.obj
 0001:000a5e20       SDL_GetPerformanceFrequency 00000001800a6e20 f   SDL_systimer.obj
 0001:000a5e50       SDL_Delay                  00000001800a6e50 f   SDL_systimer.obj
 0001:000a5e60       DUMMY_PumpEvents           00000001800a6e60 f   SDL_nullevents.obj
 0001:000a5e70       SDL_DUMMY_CreateWindowFramebuffer 00000001800a6e70 f   SDL_nullframebuffer.obj
 0001:000a5f80       SDL_DUMMY_UpdateWindowFramebuffer 00000001800a6f80 f   SDL_nullframebuffer.obj
 0001:000a6040       SDL_DUMMY_DestroyWindowFramebuffer 00000001800a7040 f   SDL_nullframebuffer.obj
 0001:000a6230       WIN_SetClipboardText       00000001800a7230 f   SDL_windowsclipboard.obj
 0001:000a63e0       WIN_GetClipboardText       00000001800a73e0 f   SDL_windowsclipboard.obj
 0001:000a64b0       WIN_HasClipboardText       00000001800a74b0 f   SDL_windowsclipboard.obj
 0001:000a64e0       WIN_CheckClipboardUpdate   00000001800a74e0 f   SDL_windowsclipboard.obj
 0001:000a6910       WIN_CheckWParamMouseButton 00000001800a7910 f   SDL_windowsevents.obj
 0001:000a6950       WIN_CheckWParamMouseButtons 00000001800a7950 f   SDL_windowsevents.obj
 0001:000a6a00       WIN_CheckRawMouseButtons   00000001800a7a00 f   SDL_windowsevents.obj
 0001:000a6b60       WIN_WindowProc             00000001800a7b60 f   SDL_windowsevents.obj
 0001:000a7bd0       WIN_PumpEvents             00000001800a8bd0 f   SDL_windowsevents.obj
 0001:000a7ca0       SDL_RegisterApp            00000001800a8ca0 f   SDL_windowsevents.obj
 0001:000a7e20       SDL_UnregisterApp          00000001800a8e20 f   SDL_windowsevents.obj
 0001:000a7e90       WIN_CreateWindowFramebuffer 00000001800a8e90 f   SDL_windowsframebuffer.obj
 0001:000a80c0       WIN_UpdateWindowFramebuffer 00000001800a90c0 f   SDL_windowsframebuffer.obj
 0001:000a8110       WIN_DestroyWindowFramebuffer 00000001800a9110 f   SDL_windowsframebuffer.obj
 0001:000a8160       WIN_UpdateKeymap           00000001800a9160 f   SDL_windowskeyboard.obj
 0001:000a8230       WIN_SetTextInputRect       00000001800a9230 f   SDL_windowskeyboard.obj
 0001:000a8d50       TSFSink_AddRef             00000001800a9d50 f   SDL_windowskeyboard.obj
 0001:000a8d60       TSFSink_Release            00000001800a9d60 f   SDL_windowskeyboard.obj
 0001:000a8d80       UIElementSink_QueryInterface 00000001800a9d80 f   SDL_windowskeyboard.obj
 0001:000a8e30       UILess_GetUIElement        00000001800a9e30 f   SDL_windowskeyboard.obj
 0001:000a8e90       IPPASink_QueryInterface    00000001800a9e90 f   SDL_windowskeyboard.obj
 0001:000a9ae0       IME_Present                00000001800aaae0 f   SDL_windowskeyboard.obj
 0001:000a9b00       WIN_InitKeyboard           00000001800aab00 f   SDL_windowskeyboard.obj
 0001:000aa0d0       IME_HandleMessage          00000001800ab0d0 f   SDL_windowskeyboard.obj
 0001:000aa600       UIElementSink_BeginUIElement 00000001800ab600 f   SDL_windowskeyboard.obj
 0001:000aa6e0       UIElementSink_UpdateUIElement 00000001800ab6e0 f   SDL_windowskeyboard.obj
 0001:000aa7e0       UIElementSink_EndUIElement 00000001800ab7e0 f   SDL_windowskeyboard.obj
 0001:000aa8b0       IPPASink_OnActivated       00000001800ab8b0 f   SDL_windowskeyboard.obj
 0001:000aa930       WIN_QuitKeyboard           00000001800ab930 f   SDL_windowskeyboard.obj
 0001:000aab20       WIN_StartTextInput         00000001800abb20 f   SDL_windowskeyboard.obj
 0001:000aab90       WIN_StopTextInput          00000001800abb90 f   SDL_windowskeyboard.obj
 0001:000ab2e0       WIN_ShowMessageBox         00000001800ac2e0 f   SDL_windowsmessagebox.obj
 0001:000ab930       WIN_InitModes              00000001800ac930 f   SDL_windowsmodes.obj
 0001:000abaa0       WIN_GetDisplayBounds       00000001800acaa0 f   SDL_windowsmodes.obj
 0001:000abad0       WIN_GetDisplayModes        00000001800acad0 f   SDL_windowsmodes.obj
 0001:000abb80       WIN_SetDisplayMode         00000001800acb80 f   SDL_windowsmodes.obj
 0001:000abc70       WIN_QuitModes              00000001800acc70 f   SDL_windowsmodes.obj
 0001:000ac1c0       WIN_InitMouse              00000001800ad1c0 f   SDL_windowsmouse.obj
 0001:000ac230       WIN_QuitMouse              00000001800ad230 f   SDL_windowsmouse.obj
 0001:000ac260       WIN_GL_LoadLibrary         00000001800ad260 f   SDL_windowsopengl.obj
 0001:000ac3d0       WIN_GL_GetProcAddress      00000001800ad3d0 f   SDL_windowsopengl.obj
 0001:000ac420       WIN_GL_UnloadLibrary       00000001800ad420 f   SDL_windowsopengl.obj
 0001:000aceb0       WIN_GL_MakeCurrent         00000001800adeb0 f   SDL_windowsopengl.obj
 0001:000acf40       WIN_GL_SetSwapInterval     00000001800adf40 f   SDL_windowsopengl.obj
 0001:000acfb0       WIN_GL_GetSwapInterval     00000001800adfb0 f   SDL_windowsopengl.obj
 0001:000acfd0       WIN_GL_SwapWindow          00000001800adfd0 f   SDL_windowsopengl.obj
 0001:000acff0       WIN_GL_DeleteContext       00000001800adff0 f   SDL_windowsopengl.obj
 0001:000ad020       WIN_GL_SetupWindow         00000001800ae020 f   SDL_windowsopengl.obj
 0001:000ad090       WIN_GL_CreateContext       00000001800ae090 f   SDL_windowsopengl.obj
 0001:000ad290       CombineRectRegions         00000001800ae290 f   SDL_windowsshape.obj
 0001:000ad320       Win32_SetWindowShape       00000001800ae320 f   SDL_windowsshape.obj
 0001:000ad410       Win32_ResizeWindowShape    00000001800ae410 f   SDL_windowsshape.obj
 0001:000ad490       Win32_CreateShaper         00000001800ae490 f   SDL_windowsshape.obj
 0001:000ad5d0       D3D_LoadDLL                00000001800ae5d0 f   SDL_windowsvideo.obj
 0001:000ad660       SDL_Direct3D9GetAdapterIndex 00000001800ae660 f   SDL_windowsvideo.obj
 0001:000ade80       WIN_CreateWindowFrom       00000001800aee80 f   SDL_windowswindow.obj
 0001:000adf50       WIN_SetWindowTitle         00000001800aef50 f   SDL_windowswindow.obj
 0001:000adfd0       WIN_SetWindowIcon          00000001800aefd0 f   SDL_windowswindow.obj
 0001:000ae160       WIN_SetWindowPosition      00000001800af160 f   SDL_windowswindow.obj
 0001:000ae180       WIN_SetWindowSize          00000001800af180 f   SDL_windowswindow.obj
 0001:000ae1a0       WIN_ShowWindow             00000001800af1a0 f   SDL_windowswindow.obj
 0001:000ae1c0       WIN_HideWindow             00000001800af1c0 f   SDL_windowswindow.obj
 0001:000ae1e0       WIN_MaximizeWindow         00000001800af1e0 f   SDL_windowswindow.obj
 0001:000ae200       WIN_MinimizeWindow         00000001800af200 f   SDL_windowswindow.obj
 0001:000ae220       WIN_SetWindowBordered      00000001800af220 f   SDL_windowswindow.obj
 0001:000ae2b0       WIN_RestoreWindow          00000001800af2b0 f   SDL_windowswindow.obj
 0001:000ae2d0       WIN_SetWindowFullscreen    00000001800af2d0 f   SDL_windowswindow.obj
 0001:000ae430       WIN_SetWindowGammaRamp     00000001800af430 f   SDL_windowswindow.obj
 0001:000ae4b0       WIN_GetWindowGammaRamp     00000001800af4b0 f   SDL_windowswindow.obj
 0001:000ae530       WIN_SetWindowGrab          00000001800af530 f   SDL_windowswindow.obj
 0001:000ae5d0       WIN_DestroyWindow          00000001800af5d0 f   SDL_windowswindow.obj
 0001:000ae640       WIN_GetWindowWMInfo        00000001800af640 f   SDL_windowswindow.obj
 0001:000ae690       SDL_HelperWindowCreate     00000001800af690 f   SDL_windowswindow.obj
 0001:000ae7b0       SDL_HelperWindowDestroy    00000001800af7b0 f   SDL_windowswindow.obj
 0001:000ae850       WIN_OnWindowEnter          00000001800af850 f   SDL_windowswindow.obj
 0001:000ae8a0       WIN_CreateWindow           00000001800af8a0 f   SDL_windowswindow.obj
 0001:000aea20       WIN_RaiseWindow            00000001800afa20 f   SDL_windowswindow.obj
 0001:000aea50       ImmGetIMEFileNameA         00000001800afa50 f   Imm32:IMM32.dll
 0001:000aea56       ImmReleaseContext          00000001800afa56 f   Imm32:IMM32.dll
 0001:000aea5c       ImmGetContext              00000001800afa5c f   Imm32:IMM32.dll
 0001:000aea62       ImmSetCompositionStringW   00000001800afa62 f   Imm32:IMM32.dll
 0001:000aea68       ImmNotifyIME               00000001800afa68 f   Imm32:IMM32.dll
 0001:000aea6e       ImmGetCompositionStringW   00000001800afa6e f   Imm32:IMM32.dll
 0001:000aea74       ImmGetCandidateListW       00000001800afa74 f   Imm32:IMM32.dll
 0001:000aea7a       ImmAssociateContext        00000001800afa7a f   Imm32:IMM32.dll
 0001:000aea80       VerQueryValueA             00000001800afa80 f   Version:VERSION.dll
 0001:000aea86       GetFileVersionInfoA        00000001800afa86 f   Version:VERSION.dll
 0001:000aea8c       GetFileVersionInfoSizeA    00000001800afa8c f   Version:VERSION.dll
 0001:000aea92       GetSystemPowerStatus       00000001800afa92 f   kernel32:KERNEL32.dll
 0001:000aea98       memcpy                     00000001800afa98 f   MSVCRT:MSVCR90.dll
 0002:00000000       __imp_CombineRgn           00000001800b0000     gdi32:GDI32.dll
 0002:00000008       __imp_GetTextMetricsW      00000001800b0008     gdi32:GDI32.dll
 0002:00000010       __imp_GetDeviceCaps        00000001800b0010     gdi32:GDI32.dll
 0002:00000018       __imp_CreatePen            00000001800b0018     gdi32:GDI32.dll
 0002:00000020       __imp_CreateSolidBrush     00000001800b0020     gdi32:GDI32.dll
 0002:00000028       __imp_CreateFontW          00000001800b0028     gdi32:GDI32.dll
 0002:00000030       __imp_SetBkMode            00000001800b0030     gdi32:GDI32.dll
 0002:00000038       __imp_GetTextExtentPoint32W 00000001800b0038     gdi32:GDI32.dll
 0002:00000040       __imp_SetTextColor         00000001800b0040     gdi32:GDI32.dll
 0002:00000048       __imp_ExtTextOutW          00000001800b0048     gdi32:GDI32.dll
 0002:00000050       __imp_Rectangle            00000001800b0050     gdi32:GDI32.dll
 0002:00000058       __imp_BitBlt               00000001800b0058     gdi32:GDI32.dll
 0002:00000060       __imp_DeleteDC             00000001800b0060     gdi32:GDI32.dll
 0002:00000068       __imp_DeleteObject         00000001800b0068     gdi32:GDI32.dll
 0002:00000070       __imp_CreateCompatibleBitmap 00000001800b0070     gdi32:GDI32.dll
 0002:00000078       __imp_GetDIBits            00000001800b0078     gdi32:GDI32.dll
 0002:00000080       __imp_CreateCompatibleDC   00000001800b0080     gdi32:GDI32.dll
 0002:00000088       __imp_CreateDIBSection     00000001800b0088     gdi32:GDI32.dll
 0002:00000090       __imp_SelectObject         00000001800b0090     gdi32:GDI32.dll
 0002:00000098       __imp_CreateDCW            00000001800b0098     gdi32:GDI32.dll
 0002:000000a0       __imp_CreateBitmap         00000001800b00a0     gdi32:GDI32.dll
 0002:000000a8       __imp_DescribePixelFormat  00000001800b00a8     gdi32:GDI32.dll
 0002:000000b0       __imp_SetPixelFormat       00000001800b00b0     gdi32:GDI32.dll
 0002:000000b8       __imp_ChoosePixelFormat    00000001800b00b8     gdi32:GDI32.dll
 0002:000000c0       __imp_SwapBuffers          00000001800b00c0     gdi32:GDI32.dll
 0002:000000c8       __imp_CreateRectRgn        00000001800b00c8     gdi32:GDI32.dll
 0002:000000d0       __imp_SetDeviceGammaRamp   00000001800b00d0     gdi32:GDI32.dll
 0002:000000d8       __imp_GetDeviceGammaRamp   00000001800b00d8     gdi32:GDI32.dll
 0002:000000e0       __imp_CreateFontIndirectW  00000001800b00e0     gdi32:GDI32.dll
 0002:000000e8       \177GDI32_NULL_THUNK_DATA  00000001800b00e8     gdi32:GDI32.dll
 0002:000000f0       __imp_ImmGetContext        00000001800b00f0     Imm32:IMM32.dll
 0002:000000f8       __imp_ImmReleaseContext    00000001800b00f8     Imm32:IMM32.dll
 0002:00000100       __imp_ImmSetCompositionStringW 00000001800b0100     Imm32:IMM32.dll
 0002:00000108       __imp_ImmNotifyIME         00000001800b0108     Imm32:IMM32.dll
 0002:00000110       __imp_ImmGetCompositionStringW 00000001800b0110     Imm32:IMM32.dll
 0002:00000118       __imp_ImmGetCandidateListW 00000001800b0118     Imm32:IMM32.dll
 0002:00000120       __imp_ImmAssociateContext  00000001800b0120     Imm32:IMM32.dll
 0002:00000128       __imp_ImmGetIMEFileNameA   00000001800b0128     Imm32:IMM32.dll
 0002:00000130       \177IMM32_NULL_THUNK_DATA  00000001800b0130     Imm32:IMM32.dll
 0002:00000138       __imp_lstrlenW             00000001800b0138     kernel32:KERNEL32.dll
 0002:00000140       __imp_WriteConsoleW        00000001800b0140     kernel32:KERNEL32.dll
 0002:00000148       __imp_ExitProcess          00000001800b0148     kernel32:KERNEL32.dll
 0002:00000150       __imp_VirtualQuery         00000001800b0150     kernel32:KERNEL32.dll
 0002:00000158       __imp_VirtualFree          00000001800b0158     kernel32:KERNEL32.dll
 0002:00000160       __imp_VirtualAlloc         00000001800b0160     kernel32:KERNEL32.dll
 0002:00000168       __imp_GetEnvironmentVariableA 00000001800b0168     kernel32:KERNEL32.dll
 0002:00000170       __imp_SetEnvironmentVariableA 00000001800b0170     kernel32:KERNEL32.dll
 0002:00000178       __imp_CloseHandle          00000001800b0178     kernel32:KERNEL32.dll
 0002:00000180       __imp_GetStdHandle         00000001800b0180     kernel32:KERNEL32.dll
 0002:00000188       __imp_WriteFile            00000001800b0188     kernel32:KERNEL32.dll
 0002:00000190       __imp_ReadFile             00000001800b0190     kernel32:KERNEL32.dll
 0002:00000198       __imp_SetFilePointerEx     00000001800b0198     kernel32:KERNEL32.dll
 0002:000001a0       __imp_GetFileSizeEx        00000001800b01a0     kernel32:KERNEL32.dll
 0002:000001a8       __imp_SetErrorMode         00000001800b01a8     kernel32:KERNEL32.dll
 0002:000001b0       __imp_CreateFileW          00000001800b01b0     kernel32:KERNEL32.dll
 0002:000001b8       __imp_GlobalMemoryStatusEx 00000001800b01b8     kernel32:KERNEL32.dll
 0002:000001c0       __imp_GetSystemInfo        00000001800b01c0     kernel32:KERNEL32.dll
 0002:000001c8       __imp_OutputDebugStringW   00000001800b01c8     kernel32:KERNEL32.dll
 0002:000001d0       __imp_GetLastError         00000001800b01d0     kernel32:KERNEL32.dll
 0002:000001d8       __imp_AttachConsole        00000001800b01d8     kernel32:KERNEL32.dll
 0002:000001e0       __imp_ReleaseSemaphore     00000001800b01e0     kernel32:KERNEL32.dll
 0002:000001e8       __imp_WideCharToMultiByte  00000001800b01e8     kernel32:KERNEL32.dll
 0002:000001f0       __imp_WaitForSingleObject  00000001800b01f0     kernel32:KERNEL32.dll
 0002:000001f8       __imp_FormatMessageW       00000001800b01f8     kernel32:KERNEL32.dll
 0002:00000200       __imp_CreateSemaphoreW     00000001800b0200     kernel32:KERNEL32.dll
 0002:00000208       __imp_GetModuleFileNameW   00000001800b0208     kernel32:KERNEL32.dll
 0002:00000210       __imp_GetModuleHandleW     00000001800b0210     kernel32:KERNEL32.dll
 0002:00000218       __imp_FreeLibrary          00000001800b0218     kernel32:KERNEL32.dll
 0002:00000220       __imp_GetProcAddress       00000001800b0220     kernel32:KERNEL32.dll
 0002:00000228       __imp_LoadLibraryW         00000001800b0228     kernel32:KERNEL32.dll
 0002:00000230       __imp_GetSystemPowerStatus 00000001800b0230     kernel32:KERNEL32.dll
 0002:00000238       __imp_InitializeCriticalSectionAndSpinCount 00000001800b0238     kernel32:KERNEL32.dll
 0002:00000240       __imp_DeleteCriticalSection 00000001800b0240     kernel32:KERNEL32.dll
 0002:00000248       __imp_EnterCriticalSection 00000001800b0248     kernel32:KERNEL32.dll
[...]
 0001:000aabe0       MessageBoxDialogProc       00000001800abbe0 f   SDL_windowsmessagebox.obj
 0001:000aac20       ExpandDialogSpace          00000001800abc20 f   SDL_windowsmessagebox.obj
 0001:000aacb0       AlignDialogData            00000001800abcb0 f   SDL_windowsmessagebox.obj
 0001:000aad00       AddDialogData              00000001800abd00 f   SDL_windowsmessagebox.obj
 0001:000aad70       AddDialogString            00000001800abd70 f   SDL_windowsmessagebox.obj
 0001:000aae20       Vec2ToDLU                  00000001800abe20 f   SDL_windowsmessagebox.obj
 0001:000aae80       AddDialogControl           00000001800abe80 f   SDL_windowsmessagebox.obj
 0001:000aafc0       AddDialogStatic            00000001800abfc0 f   SDL_windowsmessagebox.obj
 0001:000ab020       AddDialogButton            00000001800ac020 f   SDL_windowsmessagebox.obj
 0001:000ab090       FreeDialogData             00000001800ac090 f   SDL_windowsmessagebox.obj
 0001:000ab0c0       CreateDialogData           00000001800ac0c0 f   SDL_windowsmessagebox.obj
 0001:000ab540       WIN_GetDisplayMode         00000001800ac540 f   SDL_windowsmodes.obj
 0001:000ab7e0       WIN_AddDisplay             00000001800ac7e0 f   SDL_windowsmodes.obj
 0001:000abc80       WIN_CreateDefaultCursor    00000001800acc80 f   SDL_windowsmouse.obj
 0001:000abcd0       WIN_CreateCursor           00000001800accd0 f   SDL_windowsmouse.obj
 0001:000abee0       WIN_CreateSystemCursor     00000001800acee0 f   SDL_windowsmouse.obj
 0001:000abff0       WIN_FreeCursor             00000001800acff0 f   SDL_windowsmouse.obj
 0001:000ac020       WIN_ShowCursor             00000001800ad020 f   SDL_windowsmouse.obj
 0001:000ac070       WIN_WarpMouse              00000001800ad070 f   SDL_windowsmouse.obj
 0001:000ac0b0       WIN_SetRelativeMouseMode   00000001800ad0b0 f   SDL_windowsmouse.obj
 0001:000ac470       WIN_GL_SetupPixelFormat    00000001800ad470 f   SDL_windowsopengl.obj
 0001:000ac580       WIN_GL_ChoosePixelFormat   00000001800ad580 f   SDL_windowsopengl.obj
 0001:000ac8a0       HasExtension               00000001800ad8a0 f   SDL_windowsopengl.obj
 0001:000ac960       WIN_GL_InitExtensions      00000001800ad960 f   SDL_windowsopengl.obj
 0001:000acac0       WIN_GL_ChoosePixelFormatARB 00000001800adac0 f   SDL_windowsopengl.obj
 0001:000acc40       WIN_GL_SetupWindowInternal 00000001800adc40 f   SDL_windowsopengl.obj
 0001:000ad500       WIN_Available              00000001800ae500 f   SDL_windowsvideo.obj
 0001:000ad510       WIN_DeleteDevice           00000001800ae510 f   SDL_windowsvideo.obj
 0001:000ad560       WIN_VideoInit              00000001800ae560 f   SDL_windowsvideo.obj
 0001:000ad5a0       WIN_VideoQuit              00000001800ae5a0 f   SDL_windowsvideo.obj
 0001:000ad7b0       WIN_CreateDevice           00000001800ae7b0 f   SDL_windowsvideo.obj
 0001:000adb00       GetWindowStyle             00000001800aeb00 f   SDL_windowswindow.obj
 0001:000adb30       WIN_SetWindowPositionInternal 00000001800aeb30 f   SDL_windowswindow.obj
 0001:000adc30       SetupWindowData            00000001800aec30 f   SDL_windowswindow.obj

 Exports

  ordinal    name

        1    SDL_AddEventWatch
        2    SDL_AddHintCallback
        3    SDL_AddTimer
        4    SDL_AllocFormat
        5    SDL_AllocPalette
        6    SDL_AllocRW
        7    SDL_AtomicCAS
        8    SDL_AtomicCASPtr
        9    SDL_AtomicLock
       10    SDL_AtomicTryLock
       11    SDL_AtomicUnlock
       12    SDL_AudioInit
       13    SDL_AudioQuit
       14    SDL_BuildAudioCVT
       15    SDL_CalculateGammaRamp
       16    SDL_ClearError
       17    SDL_ClearHints
       18    SDL_CloseAudio
       19    SDL_CloseAudioDevice
       20    SDL_CondBroadcast
       21    SDL_CondSignal
       22    SDL_CondWait
       23    SDL_CondWaitTimeout
       24    SDL_ConvertAudio
       25    SDL_ConvertPixels
       26    SDL_ConvertSurface
       27    SDL_ConvertSurfaceFormat
       28    SDL_CreateColorCursor
       29    SDL_CreateCond
       30    SDL_CreateCursor
       31    SDL_CreateMutex
       32    SDL_CreateRGBSurface
       33    SDL_CreateRGBSurfaceFrom
       34    SDL_CreateRenderer
       35    SDL_CreateSemaphore
       36    SDL_CreateShapedWindow
       37    SDL_CreateSoftwareRenderer
       38    SDL_CreateSystemCursor
       39    SDL_CreateTexture
       40    SDL_CreateTextureFromSurface
       41    SDL_CreateThread
       42    SDL_CreateWindow
       43    SDL_CreateWindowAndRenderer
       44    SDL_CreateWindowFrom
       45    SDL_DelEventWatch
       46    SDL_DelHintCallback
       47    SDL_Delay
       48    SDL_DestroyCond
       49    SDL_DestroyMutex
       50    SDL_DestroyRenderer
       51    SDL_DestroySemaphore
       52    SDL_DestroyTexture
       53    SDL_DestroyWindow
       54    SDL_Direct3D9GetAdapterIndex
       55    SDL_DisableScreenSaver
       56    SDL_EnableScreenSaver
       57    SDL_EnclosePoints
       58    SDL_Error
       59    SDL_EventState
       60    SDL_FillRect
       61    SDL_FillRects
       62    SDL_FilterEvents
       63    SDL_FlushEvent
       64    SDL_FlushEvents
       65    SDL_FreeCursor
       66    SDL_FreeFormat
       67    SDL_FreePalette
       68    SDL_FreeRW
       69    SDL_FreeSurface
       70    SDL_FreeWAV
       71    SDL_GL_BindTexture
       72    SDL_GL_CreateContext
       73    SDL_GL_DeleteContext
       74    SDL_GL_ExtensionSupported
       75    SDL_GL_GetAttribute
       76    SDL_GL_GetCurrentContext
       77    SDL_GL_GetCurrentWindow
       78    SDL_GL_GetDrawableSize
       79    SDL_GL_GetProcAddress
       80    SDL_GL_GetSwapInterval
       81    SDL_GL_LoadLibrary
       82    SDL_GL_MakeCurrent
       83    SDL_GL_SetAttribute
       84    SDL_GL_SetSwapInterval
       85    SDL_GL_SwapWindow
       86    SDL_GL_UnbindTexture
       87    SDL_GL_UnloadLibrary
       88    SDL_GameControllerAddMapping
       89    SDL_GameControllerClose
       90    SDL_GameControllerEventState
       91    SDL_GameControllerGetAttached
       92    SDL_GameControllerGetAxis
       93    SDL_GameControllerGetAxisFromString
       94    SDL_GameControllerGetBindForAxis
       95    SDL_GameControllerGetBindForButton
       96    SDL_GameControllerGetButton
       97    SDL_GameControllerGetButtonFromString
       98    SDL_GameControllerGetJoystick
       99    SDL_GameControllerGetStringForAxis
      100    SDL_GameControllerGetStringForButton
      101    SDL_GameControllerMapping
      102    SDL_GameControllerMappingForGUID
      103    SDL_GameControllerName
      104    SDL_GameControllerNameForIndex
      105    SDL_GameControllerOpen
      106    SDL_GameControllerUpdate
      107    SDL_GetAssertionReport
      108    SDL_GetAudioDeviceName
      109    SDL_GetAudioDeviceStatus
      110    SDL_GetAudioDriver
      111    SDL_GetAudioStatus
      112    SDL_GetBasePath
      113    SDL_GetCPUCacheLineSize
      114    SDL_GetCPUCount
      115    SDL_GetClipRect
      116    SDL_GetClipboardText
      117    SDL_GetClosestDisplayMode
      118    SDL_GetColorKey
      119    SDL_GetCurrentAudioDriver
      120    SDL_GetCurrentDisplayMode
      121    SDL_GetCurrentVideoDriver
      122    SDL_GetCursor
      123    SDL_GetDefaultCursor
      124    SDL_GetDesktopDisplayMode
      125    SDL_GetDisplayBounds
      126    SDL_GetDisplayMode
      127    SDL_GetDisplayName
      128    SDL_GetError
      129    SDL_GetEventFilter
      130    SDL_GetHint
      131    SDL_GetKeyFromName
      132    SDL_GetKeyFromScancode
      133    SDL_GetKeyName
      134    SDL_GetKeyboardFocus
      135    SDL_GetKeyboardState
      136    SDL_GetModState
      137    SDL_GetMouseFocus
      138    SDL_GetMouseState
      139    SDL_GetNumAudioDevices
      140    SDL_GetNumAudioDrivers
      141    SDL_GetNumDisplayModes
      142    SDL_GetNumRenderDrivers
      143    SDL_GetNumTouchDevices
      144    SDL_GetNumTouchFingers
      145    SDL_GetNumVideoDisplays
      146    SDL_GetNumVideoDrivers
      147    SDL_GetPerformanceCounter
      148    SDL_GetPerformanceFrequency
      149    SDL_GetPixelFormatName
      150    SDL_GetPlatform
      151    SDL_GetPowerInfo
      152    SDL_GetPrefPath
      153    SDL_GetRGB
      154    SDL_GetRGBA
      155    SDL_GetRelativeMouseMode
      156    SDL_GetRelativeMouseState
      157    SDL_GetRenderDrawBlendMode
      158    SDL_GetRenderDrawColor
      159    SDL_GetRenderDriverInfo
      160    SDL_GetRenderTarget
      161    SDL_GetRenderer
      162    SDL_GetRendererInfo
      163    SDL_GetRendererOutputSize
      164    SDL_GetRevision
      165    SDL_GetRevisionNumber
      166    SDL_GetScancodeFromKey
      167    SDL_GetScancodeFromName
      168    SDL_GetScancodeName
      169    SDL_GetShapedWindowMode
      170    SDL_GetSurfaceAlphaMod
      171    SDL_GetSurfaceBlendMode
      172    SDL_GetSurfaceColorMod
      173    SDL_GetSystemRAM
      174    SDL_GetTextureAlphaMod
      175    SDL_GetTextureBlendMode
      176    SDL_GetTextureColorMod
      177    SDL_GetThreadID
      178    SDL_GetThreadName
      179    SDL_GetTicks
      180    SDL_GetTouchDevice
      181    SDL_GetTouchFinger
      182    SDL_GetVersion
      183    SDL_GetVideoDriver
      184    SDL_GetWindowBrightness
      185    SDL_GetWindowData
      186    SDL_GetWindowDisplayIndex
      187    SDL_GetWindowDisplayMode
      188    SDL_GetWindowFlags
      189    SDL_GetWindowFromID
      190    SDL_GetWindowGammaRamp
      191    SDL_GetWindowGrab
      192    SDL_GetWindowID
      193    SDL_GetWindowMaximumSize
      194    SDL_GetWindowMinimumSize
      195    SDL_GetWindowPixelFormat
      196    SDL_GetWindowPosition
      197    SDL_GetWindowSize
      198    SDL_GetWindowSurface
      199    SDL_GetWindowTitle
      200    SDL_GetWindowWMInfo
      201    SDL_HapticClose
      202    SDL_HapticDestroyEffect
      203    SDL_HapticEffectSupported
      204    SDL_HapticGetEffectStatus
      205    SDL_HapticIndex
      206    SDL_HapticName
      207    SDL_HapticNewEffect
      208    SDL_HapticNumAxes
      209    SDL_HapticNumEffects
      210    SDL_HapticNumEffectsPlaying
      211    SDL_HapticOpen
      212    SDL_HapticOpenFromJoystick
      213    SDL_HapticOpenFromMouse
      214    SDL_HapticOpened
      215    SDL_HapticPause
      216    SDL_HapticQuery
      217    SDL_HapticRumbleInit
      218    SDL_HapticRumblePlay
      219    SDL_HapticRumbleStop
      220    SDL_HapticRumbleSupported
      221    SDL_HapticRunEffect
      222    SDL_HapticSetAutocenter
      223    SDL_HapticSetGain
      224    SDL_HapticStopAll
      225    SDL_HapticStopEffect
      226    SDL_HapticUnpause
      227    SDL_HapticUpdateEffect
      228    SDL_Has3DNow
      229    SDL_HasAltiVec
      230    SDL_HasClipboardText
      231    SDL_HasEvent
      232    SDL_HasEvents
      233    SDL_HasIntersection
      234    SDL_HasMMX
      235    SDL_HasRDTSC
      236    SDL_HasSSE
      237    SDL_HasSSE2
      238    SDL_HasSSE3
      239    SDL_HasSSE41
      240    SDL_HasSSE42
      241    SDL_HasScreenKeyboardSupport
      242    SDL_HideWindow
      243    SDL_Init
      244    SDL_InitSubSystem
      245    SDL_IntersectRect
      246    SDL_IntersectRectAndLine
      247    SDL_IsGameController
      248    SDL_IsScreenKeyboardShown
      249    SDL_IsScreenSaverEnabled
      250    SDL_IsShapedWindow
      251    SDL_IsTextInputActive
      252    SDL_JoystickClose
      253    SDL_JoystickEventState
      254    SDL_JoystickGetAttached
      255    SDL_JoystickGetAxis
      256    SDL_JoystickGetBall
      257    SDL_JoystickGetButton
      258    SDL_JoystickGetDeviceGUID
      259    SDL_JoystickGetGUID
      260    SDL_JoystickGetGUIDFromString
      261    SDL_JoystickGetGUIDString
      262    SDL_JoystickGetHat
      263    SDL_JoystickInstanceID
      264    SDL_JoystickIsHaptic
      265    SDL_JoystickName
      266    SDL_JoystickNameForIndex
      267    SDL_JoystickNumAxes
      268    SDL_JoystickNumBalls
      269    SDL_JoystickNumButtons
      270    SDL_JoystickNumHats
      271    SDL_JoystickOpen
      272    SDL_JoystickUpdate
      273    SDL_LoadBMP_RW
      274    SDL_LoadDollarTemplates
      275    SDL_LoadFunction
      276    SDL_LoadObject
      277    SDL_LoadWAV_RW
      278    SDL_LockAudio
      279    SDL_LockAudioDevice
      280    SDL_LockMutex
      281    SDL_LockSurface
      282    SDL_LockTexture
      283    SDL_Log
      284    SDL_LogCritical
      285    SDL_LogDebug
      286    SDL_LogError
      287    SDL_LogGetOutputFunction
      288    SDL_LogGetPriority
      289    SDL_LogInfo
      290    SDL_LogMessage
      291    SDL_LogMessageV
      292    SDL_LogResetPriorities
      293    SDL_LogSetAllPriority
      294    SDL_LogSetOutputFunction
      295    SDL_LogSetPriority
      296    SDL_LogVerbose
      297    SDL_LogWarn
      298    SDL_LowerBlit
      299    SDL_LowerBlitScaled
      300    SDL_MapRGB
      301    SDL_MapRGBA
      302    SDL_MasksToPixelFormatEnum
      303    SDL_MaximizeWindow
      304    SDL_MinimizeWindow
      305    SDL_MixAudio
      306    SDL_MixAudioFormat
      307    SDL_MouseIsHaptic
      308    SDL_NumHaptics
      309    SDL_NumJoysticks
      310    SDL_OpenAudio
      311    SDL_OpenAudioDevice
      312    SDL_PauseAudio
      313    SDL_PauseAudioDevice
      314    SDL_PeepEvents
      315    SDL_PixelFormatEnumToMasks
      316    SDL_PollEvent
      317    SDL_PumpEvents
      318    SDL_PushEvent
      319    SDL_QueryTexture
      320    SDL_Quit
      321    SDL_QuitSubSystem
      322    SDL_RWFromConstMem
      323    SDL_RWFromFP
      324    SDL_RWFromFile
      325    SDL_RWFromMem
      326    SDL_RaiseWindow
      327    SDL_ReadBE16
      328    SDL_ReadBE32
      329    SDL_ReadBE64
      330    SDL_ReadLE16
      331    SDL_ReadLE32
      332    SDL_ReadLE64
      333    SDL_ReadU8
      334    SDL_RecordGesture
      335    SDL_RegisterEvents
      336    SDL_RemoveTimer
      337    SDL_RenderClear
      338    SDL_RenderCopy
      339    SDL_RenderCopyEx
      340    SDL_RenderDrawLine
      341    SDL_RenderDrawLines
      342    SDL_RenderDrawPoint
      343    SDL_RenderDrawPoints
      344    SDL_RenderDrawRect
      345    SDL_RenderDrawRects
      346    SDL_RenderFillRect
      347    SDL_RenderFillRects
      348    SDL_RenderGetClipRect
      349    SDL_RenderGetD3D9Device
      350    SDL_RenderGetLogicalSize
      351    SDL_RenderGetScale
      352    SDL_RenderGetViewport
      353    SDL_RenderPresent
      354    SDL_RenderReadPixels
      355    SDL_RenderSetClipRect
      356    SDL_RenderSetLogicalSize
      357    SDL_RenderSetScale
      358    SDL_RenderSetViewport
      359    SDL_RenderTargetSupported
      360    SDL_ReportAssertion
      361    SDL_ResetAssertionReport
      362    SDL_RestoreWindow
      363    SDL_SaveAllDollarTemplates
      364    SDL_SaveBMP_RW
      365    SDL_SaveDollarTemplate
      366    SDL_SemPost
      367    SDL_SemTryWait
      368    SDL_SemValue
      369    SDL_SemWait
      370    SDL_SemWaitTimeout
      371    SDL_SetAssertionHandler
      372    SDL_SetClipRect
      373    SDL_SetClipboardText
      374    SDL_SetColorKey
      375    SDL_SetCursor
      376    SDL_SetError
      377    SDL_SetEventFilter
      378    SDL_SetHint
      379    SDL_SetHintWithPriority
      380    SDL_SetMainReady
      381    SDL_SetModState
      382    SDL_SetPaletteColors
      383    SDL_SetPixelFormatPalette
      384    SDL_SetRelativeMouseMode
      385    SDL_SetRenderDrawBlendMode
      386    SDL_SetRenderDrawColor
      387    SDL_SetRenderTarget
      388    SDL_SetSurfaceAlphaMod
      389    SDL_SetSurfaceBlendMode
      390    SDL_SetSurfaceColorMod
      391    SDL_SetSurfacePalette
      392    SDL_SetSurfaceRLE
      393    SDL_SetTextInputRect
      394    SDL_SetTextureAlphaMod
      395    SDL_SetTextureBlendMode
      396    SDL_SetTextureColorMod
      397    SDL_SetThreadPriority
      398    SDL_SetWindowBordered
      399    SDL_SetWindowBrightness
      400    SDL_SetWindowData
      401    SDL_SetWindowDisplayMode
      402    SDL_SetWindowFullscreen
      403    SDL_SetWindowGammaRamp
      404    SDL_SetWindowGrab
      405    SDL_SetWindowIcon
      406    SDL_SetWindowMaximumSize
      407    SDL_SetWindowMinimumSize
      408    SDL_SetWindowPosition
      409    SDL_SetWindowShape
      410    SDL_SetWindowSize
      411    SDL_SetWindowTitle
      412    SDL_ShowCursor
      413    SDL_ShowMessageBox
      414    SDL_ShowSimpleMessageBox
      415    SDL_ShowWindow
      416    SDL_SoftStretch
      417    SDL_StartTextInput
      418    SDL_StopTextInput
      419    SDL_TLSCreate
      420    SDL_TLSGet
      421    SDL_TLSSet
      422    SDL_ThreadID
      423    SDL_TryLockMutex
      424    SDL_UnionRect
      425    SDL_UnloadObject
      426    SDL_UnlockAudio
      427    SDL_UnlockAudioDevice
      428    SDL_UnlockMutex
      429    SDL_UnlockSurface
      430    SDL_UnlockTexture
      431    SDL_UpdateTexture
      432    SDL_UpdateWindowSurface
      433    SDL_UpdateWindowSurfaceRects
      434    SDL_UpdateYUVTexture
      435    SDL_UpperBlit
      436    SDL_UpperBlitScaled
      437    SDL_VideoInit
      438    SDL_VideoQuit
      439    SDL_WaitEvent
      440    SDL_WaitEventTimeout
      441    SDL_WaitThread
      442    SDL_WarpMouseInWindow
      443    SDL_WasInit
      444    SDL_WriteBE16
      445    SDL_WriteBE32
      446    SDL_WriteBE64
      447    SDL_WriteLE16
      448    SDL_WriteLE32
      449    SDL_WriteLE64
      450    SDL_WriteU8
      451    SDL_abs
      452    SDL_atan
      453    SDL_atan2
      454    SDL_atof
      455    SDL_atoi
      456    SDL_calloc
      457    SDL_ceil
      458    SDL_copysign
      459    SDL_cos
      460    SDL_cosf
      461    SDL_fabs
      462    SDL_floor
      463    SDL_free
      464    SDL_getenv
      465    SDL_iconv
      466    SDL_iconv_close
      467    SDL_iconv_open
      468    SDL_iconv_string
      469    SDL_isdigit
      470    SDL_isspace
      471    SDL_itoa
      472    SDL_lltoa
      473    SDL_log
      474    SDL_ltoa
      475    SDL_malloc
      476    SDL_memcmp
      477    SDL_memcpy
      478    SDL_memmove
      479    SDL_memset
      480    SDL_pow
      481    SDL_qsort
      482    SDL_realloc
      483    SDL_scalbn
      484    SDL_setenv
      485    SDL_sin
      486    SDL_sinf
      487    SDL_snprintf
      488    SDL_sqrt
      489    SDL_sscanf
      490    SDL_strcasecmp
      491    SDL_strchr
      492    SDL_strcmp
      493    SDL_strdup
      494    SDL_strlcat
      495    SDL_strlcpy
      496    SDL_strlen
      497    SDL_strlwr
      498    SDL_strncasecmp
      499    SDL_strncmp
      500    SDL_strrchr
      501    SDL_strrev
      502    SDL_strstr
      503    SDL_strtod
      504    SDL_strtol
      505    SDL_strtoll
      506    SDL_strtoul
      507    SDL_strtoull
      508    SDL_strupr
      509    SDL_tolower
      510    SDL_toupper
      511    SDL_uitoa
      512    SDL_ulltoa
      513    SDL_ultoa
      514    SDL_utf8strlcpy
      515    SDL_vsnprintf
      516    SDL_wcslcat
      517    SDL_wcslcpy
      518    SDL_wcslen
