 plugin_test1

 Timestamp is 53343f4e (Thu Mar 27 18:10:06 2014)

 Preferred load address is 0000000180000000

 Start         Length     Name                   Class
 0001:00000000 0004c726H .text                   CODE
 0001:0004c730 0000005eH .text$00                CODE
 0001:0004c790 00002718H .text$x                 CODE
 0001:0004eeb0 000029b2H .text$yc                CODE
 0001:00051870 00000c8cH .text$yd                CODE
 0002:00000000 00000408H .idata$5                DATA
 0002:00000408 00000008H .CRT$XCA                DATA
 0002:00000410 00002b38H .CRT$XCU                DATA
 0002:00002f48 00000008H .CRT$XCZ                DATA
 0002:00002f50 00000008H .CRT$XIA                DATA
 0002:00002f58 00000008H .CRT$XIAA               DATA
 0002:00002f60 00000008H .CRT$XIZ                DATA
 0002:00002f70 00011a18H .rdata                  DATA
 0002:00014990 00003e64H .rdata$r                DATA
 0002:000187f8 00000008H .rtc$IAA                DATA
 0002:00018800 00000008H .rtc$IZZ                DATA
 0002:00018808 00000008H .rtc$TAA                DATA
 0002:00018810 00000008H .rtc$TZZ                DATA
 0002:00018818 00005b38H .xdata                  DATA
 0002:0001e350 00000078H .idata$2                DATA
 0002:0001e3c8 00000014H .idata$3                DATA
 0002:0001e3e0 00000408H .idata$4                DATA
 0002:0001e7e8 00000900H .idata$6                DATA
 0002:0001f0f0 00000059H .edata                  DATA
 0003:00000000 000021a0H .data                   DATA
 0003:000021a0 00002978H .bss                    DATA
 0004:00000000 00004008H .pdata                  DATA

  Address         Publics by Value              Rva+Base               Lib:Object

 0000:00000000       ___safe_se_handler_count   0000000000000000     <absolute>
 0000:00000000       ___safe_se_handler_table   0000000000000000     <absolute>
 0000:00000000       __ImageBase                0000000180000000     <linker-defined>
 0001:00000000       ??1SCMemShared@core@UModSys@@QEAA@XZ 0000000180001000 f i plugin_test1.obj
 0001:00000000       ??1State@RImage_Memory@stdlib@lib2d@modules@UModSys@@QEAA@XZ 0000000180001000 f i umodsys_lib_lib2d:umodsys.mod.2d.stdlib.obj
 0001:00000000       ??1SMemShared@core@UModSys@@QEAA@XZ 0000000180001000 f i plugin_test1.obj
 0001:00000030       ??3IRoot@core@UModSys@@SAXPEAXAEBUSIMemAlloc@12@@Z 0000000180001030 f i plugin_test1.obj
 0001:00000040       ??1SParameters@core@UModSys@@QEAA@XZ 0000000180001040 f i plugin_test1.obj
 0001:00000040       ??1?$TParametersA@$0BAL@@core@UModSys@@QEAA@XZ 0000000180001040 f i umodsys_lib_lib2d:umodsys.mod.2d.stdlib.obj
 0001:00000040       ??1?$TParametersA@$0BAA@@core@UModSys@@QEAA@XZ 0000000180001040 f i umodsys_lib_libui:umodsys.mod.ui.SDL_core.obj
 0001:00000040       ??1?$TParametersA@$0EAA@@core@UModSys@@QEAA@XZ 0000000180001040 f i plugin_test1.obj
 0001:00000060       ??_EIRoot@core@UModSys@@UEAAPEAXI@Z 0000000180001060 f i  CIL library: CIL module
 0001:00000060       ??_GIRoot@core@UModSys@@UEAAPEAXI@Z 0000000180001060 f i plugin_test1.obj
 0001:00000090       ??1IVisualObject_Brush@lib3d@UModSys@@UEAA@XZ 0000000180001090 f i umodsys_lib_lib3d:umodsys.mod.3d.stdlib.obj
 0001:00000090       ??1IBinObjFilter@libmedia@UModSys@@UEAA@XZ 0000000180001090 f i plugin_test1.obj
 0001:00000090       ??1IVisualObject_Camera@lib3d@UModSys@@UEAA@XZ 0000000180001090 f i umodsys_lib_lib3d:umodsys.mod.3d.stdlib.obj
 0001:000000d0       ?root_get_interface_info@RTest1_Shell@test1@test@modules@UModSys@@UEBAAEBUSUniquePointerInfo@core@5@XZ 00000001800010d0 f i plugin_test1.obj
 0001:000000e0       ?root_get_interface_type@RTest1_Shell@test1@test@modules@UModSys@@UEBAPEBUSUniquePointerInfo@core@5@XZ 00000001800010e0 f i plugin_test1.obj
 0001:000000f0       ?root_get_other_interface@RTest1_Shell@test1@test@modules@UModSys@@UEAAPEAUIRoot@core@5@PEBUSUniquePointerInfo@75@@Z 00000001800010f0 f i plugin_test1.obj
 0001:000000f0       ?root_get_other_interface@RTest1_Shell@test1@test@modules@UModSys@@UEBAPEBUIRoot@core@5@PEBUSUniquePointerInfo@75@@Z 00000001800010f0 f i plugin_test1.obj
 0001:00000120       ?root_is_interface_supported@RTest1_Shell@test1@test@modules@UModSys@@UEBA_NPEBUSUniquePointerInfo@core@5@@Z 0000000180001120 f i plugin_test1.obj
 0001:00000150       ?ref_add@RTest1_Shell@test1@test@modules@UModSys@@UEBAXXZ 0000000180001150 f i plugin_test1.obj
 0001:00000160       ?ref_remove@RTest1_Shell@test1@test@modules@UModSys@@UEBAXXZ 0000000180001160 f i plugin_test1.obj
 0001:00000180       ?ref_links@RTest1_Shell@test1@test@modules@UModSys@@UEBAHXZ 0000000180001180 f i plugin_test1.obj
 0001:00000190       ?ref_weak@RTest1_Shell@test1@test@modules@UModSys@@UEBA_NAEAUWeakPointer@IRefObject@core@5@@Z 0000000180001190 f i plugin_test1.obj
 0001:000001b0       ?suicide@RTest1_Shell@test1@test@modules@UModSys@@UEAAXXZ 00000001800011b0 f i plugin_test1.obj
 0001:00000200       ??0RTest1_Shell@test1@test@modules@UModSys@@QEAA@PEAUIModObject@base@4@@Z 0000000180001200 f i plugin_test1.obj
 0001:00000350       ??1RTest1_Shell@test1@test@modules@UModSys@@UEAA@XZ 0000000180001350 f i plugin_test1.obj
 0001:00000400       ?connect@RTest1_Shell@test1@test@modules@UModSys@@UEAA_NXZ 0000000180001400 f i plugin_test1.obj
 0001:00000430       ?disconnect@RTest1_Shell@test1@test@modules@UModSys@@UEAA_NXZ 0000000180001430 f i plugin_test1.obj
 0001:00000460       ?process_tick@RTest1_Shell@test1@test@modules@UModSys@@UEAA_NAEBUSTimeMsec@core@5@@Z 0000000180001460 f i plugin_test1.obj
 0001:000004a0       ?process_command@RTest1_Shell@test1@test@modules@UModSys@@UEAA_NHQEBU?$TString@U?$TSCoreConst@D@su@tl@UModSys@@U?$TComparerBinaryHash@D@234@@tl@5@@Z 00000001800014a0 f i plugin_test1.obj
 0001:000004d0       ??_GRTest1_Shell@test1@test@modules@UModSys@@UEAAPEAXI@Z 00000001800014d0 f i plugin_test1.obj
 0001:000004d0       ??_ERTest1_Shell@test1@test@modules@UModSys@@UEAAPEAXI@Z 00000001800014d0 f i  CIL library: CIL module
 0001:00000500       ?set_value@PropX@Aux@RTest1_Shell@test1@test@modules@UModSys@@UEAA_NPEBUSUniquePointerInfo@core@7@AEBUSPropValueR@97@@Z 0000000180001500 f i plugin_test1.obj
 0001:000006f0       ??1SFrameCreateParameters@libui@UModSys@@QEAA@XZ 00000001800016f0 f i plugin_test1.obj
 0001:00000720       ??1UI_Info@RTest1_Shell@test1@test@modules@UModSys@@QEAA@XZ 0000000180001720 f i plugin_test1.obj
 0001:00000880       ?get_generated_names@RGenerator@test1@test@modules@UModSys@@UEBAHAEAUSUniquePtrList@core@5@@Z 0000000180001880 f i plugin_test1.obj
 0001:000008a0       ?get_generated_types@RGenerator@test1@test@modules@UModSys@@UEBAHAEAUSUniquePtrList@core@5@PEBUSUniquePointerInfo@75@@Z 00000001800018a0 f i plugin_test1.obj
 0001:00000900       ?generate@RGenerator@test1@test@modules@UModSys@@UEAA_NAEAU?$TRefObject@UIRefObject@core@UModSys@@U?$TRefObjectFunc@UIRefObject@core@UModSys@@@tl@3@@tl@5@PEBUSUniquePointerInfo@core@5@AEBUSParameters@95@@Z 0000000180001900 f i plugin_test1.obj
 0001:000009a0       ?root_get_interface_info@RGenerator@test1@test@modules@UModSys@@UEBAAEBUSUniquePointerInfo@core@5@XZ 00000001800019a0 f i plugin_test1.obj
 0001:000009b0       ?root_get_interface_type@RGenerator@test1@test@modules@UModSys@@UEBAPEBUSUniquePointerInfo@core@5@XZ 00000001800019b0 f i plugin_test1.obj
 0001:000009c0       ?root_get_other_interface@RGenerator@test1@test@modules@UModSys@@UEBAPEBUIRoot@core@5@PEBUSUniquePointerInfo@75@@Z 00000001800019c0 f i plugin_test1.obj
 0001:000009c0       ?root_get_other_interface@RGenerator@test1@test@modules@UModSys@@UEAAPEAUIRoot@core@5@PEBUSUniquePointerInfo@75@@Z 00000001800019c0 f i plugin_test1.obj
 0001:00000a00       ?root_is_interface_supported@RGenerator@test1@test@modules@UModSys@@UEBA_NPEBUSUniquePointerInfo@core@5@@Z 0000000180001a00 f i plugin_test1.obj
 0001:00000a40       ?get_uid@RGenerator@test1@test@modules@UModSys@@UEBAPEBUSUniquePointerInfo@core@5@XZ 0000000180001a40 f i plugin_test1.obj
 0001:00000a50       ?do_open@RModuleReg@test1@test@modules@UModSys@@UEAA_NXZ 0000000180001a50 f i plugin_test1.obj
 0001:00000a90       ?do_close@RModuleReg@test1@test@modules@UModSys@@UEAA_NXZ 0000000180001a90 f i plugin_test1.obj
 0001:00000ad0       ??_GRModuleReg@test1@test@modules@UModSys@@UEAAPEAXI@Z 0000000180001ad0 f i plugin_test1.obj
 0001:00000ad0       ??_ERModuleReg@test1@test@modules@UModSys@@UEAAPEAXI@Z 0000000180001ad0 f i  CIL library: CIL module
 0001:00000b00       ??1?$TRefObject@UIMultiImage@lib2d@UModSys@@U?$TRefObjectFunc@UIMultiImage@lib2d@UModSys@@@tl@3@@tl@UModSys@@QEAA@XZ 0000000180001b00 f i plugin_test1.obj
 0001:00000b00       ??1?$TRefObject@URGeneral@object_camera@stdlib@lib3d@modules@UModSys@@U?$TRefObjectFunc@URGeneral@object_camera@stdlib@lib3d@modules@UModSys@@@tl@6@@tl@UModSys@@QEAA@XZ 0000000180001b00 f i umodsys_lib_lib3d:umodsys.mod.3d.stdlib.obj
 0001:00000b00       ??1?$TRefObject@UIUtilities@libmedia@UModSys@@U?$TRefObjectFunc@UIUtilities@libmedia@UModSys@@@tl@3@@tl@UModSys@@QEAA@XZ 0000000180001b00 f i plugin_test1.obj
 0001:00000b00       ??1?$TRefObject@UIKeyboardController@libui@UModSys@@U?$TRefObjectFunc@UIKeyboardController@libui@UModSys@@@tl@3@@tl@UModSys@@QEAA@XZ 0000000180001b00 f i plugin_test1.obj
 0001:00000b00       ??1?$TRefObject@URTerminalX@SDL_GL@ui@modules@UModSys@@U?$TRefObjectFunc@URTerminalX@SDL_GL@ui@modules@UModSys@@@tl@5@@tl@UModSys@@QEAA@XZ 0000000180001b00 f i umodsys_lib_libui:umodsys.mod.ui.SDL_GL.obj
 0001:00000b00       ??1?$TRefObject@UIStreamReader@libmedia@UModSys@@U?$TRefObjectFunc@UIStreamReader@libmedia@UModSys@@@tl@3@@tl@UModSys@@QEAA@XZ 0000000180001b00 f i plugin_test1.obj
 0001:00000b00       ??1?$TRefObject@URMediaFilter@images_std@media@modules@UModSys@@U?$TRefObjectFunc@URMediaFilter@images_std@media@modules@UModSys@@@tl@5@@tl@UModSys@@QEAA@XZ 0000000180001b00 f i umodsys_lib_libmedia:umodsys.mod.media.images_std.obj
 0001:00000b00       ??1?$TRefObject@UIVisualizerScene@lib3d@UModSys@@U?$TRefObjectFunc@UIVisualizerScene@lib3d@UModSys@@@tl@3@@tl@UModSys@@QEAA@XZ 0000000180001b00 f i plugin_test1.obj
 0001:00000b00       ??1?$TRefObject@URImage_Memory@stdlib@lib2d@modules@UModSys@@U?$TRefObjectFunc@URImage_Memory@stdlib@lib2d@modules@UModSys@@@tl@5@@tl@UModSys@@QEAA@XZ 0000000180001b00 f i umodsys_lib_lib2d:umodsys.mod.2d.stdlib.obj
 0001:00000b00       ??1?$TRefObject@UIRenderer@lib3d@UModSys@@U?$TRefObjectFunc@UIRenderer@lib3d@UModSys@@@tl@3@@tl@UModSys@@QEAA@XZ 0000000180001b00 f i plugin_test1.obj
 0001:00000b00       ??1?$TRefObject@URImageFactory_Memory@stdlib@lib2d@modules@UModSys@@U?$TRefObjectFunc@URImageFactory_Memory@stdlib@lib2d@modules@UModSys@@@tl@5@@tl@UModSys@@QEAA@XZ 0000000180001b00 f i umodsys_lib_lib2d:umodsys.mod.2d.stdlib.obj
 0001:00000b00       ??1?$TRefObject@URSerializeWriter@serialize_json@media@modules@UModSys@@U?$TRefObjectFunc@URSerializeWriter@serialize_json@media@modules@UModSys@@@tl@5@@tl@UModSys@@QEAA@XZ 0000000180001b00 f i umodsys_lib_libmedia:umodsys.mod.media.serialize_json.obj
 0001:00000b00       ??1?$TRefObject@UIGeneralObject@lib3d@UModSys@@U?$TRefObjectFunc@UIGeneralObject@lib3d@UModSys@@@tl@3@@tl@UModSys@@QEAA@XZ 0000000180001b00 f i plugin_test1.obj
 0001:00000b00       ??1?$TRefObject@URTerminalX@SDL_core@ui@modules@UModSys@@U?$TRefObjectFunc@URTerminalX@SDL_core@ui@modules@UModSys@@@tl@5@@tl@UModSys@@QEAA@XZ 0000000180001b00 f i umodsys_lib_libui:umodsys.mod.ui.SDL_core.obj
 0001:00000b00       ??1?$TRefObject@UICollector@libui@UModSys@@U?$TRefObjectFunc@UICollector@libui@UModSys@@@tl@3@@tl@UModSys@@QEAA@XZ 0000000180001b00 f i plugin_test1.obj
 0001:00000b00       ??1?$TRefObject@URBinArchiveFrameClient_ZIP@zlib@media@modules@UModSys@@U?$TRefObjectFunc@URBinArchiveFrameClient_ZIP@zlib@media@modules@UModSys@@@tl@5@@tl@UModSys@@QEAA@XZ 0000000180001b00 f i umodsys_lib_libmedia:umodsys.mod.media.zlib.obj
 0001:00000b00       ??1?$TRefObject@UIImage@lib2d@UModSys@@U?$TRefObjectFunc@UIImage@lib2d@UModSys@@@tl@3@@tl@UModSys@@QEAA@XZ 0000000180001b00 f i plugin_test1.obj
 0001:00000b00       ??1?$TRefObject@UIVisualObject_Camera@lib3d@UModSys@@U?$TRefObjectFunc@UIVisualObject_Camera@lib3d@UModSys@@@tl@3@@tl@UModSys@@QEAA@XZ 0000000180001b00 f i plugin_test1.obj
 0001:00000b00       ??1?$TRefObject@URDialog@frames@ui@modules@UModSys@@U?$TRefObjectFunc@URDialog@frames@ui@modules@UModSys@@@tl@5@@tl@UModSys@@QEAA@XZ 0000000180001b00 f i umodsys_lib_libui:umodsys.mod.ui.frames.obj
 0001:00000b00       ??1?$TRefObject@UIFrame@libui@UModSys@@U?$TRefObjectFunc@UIFrame@libui@UModSys@@@tl@3@@tl@UModSys@@QEAA@XZ 0000000180001b00 f i umodsys_lib_libui:umodsys.mod.ui.frames.obj
 0001:00000b00       ??1?$TRefObject@UIImageFactory@lib2d@UModSys@@U?$TRefObjectFunc@UIImageFactory@lib2d@UModSys@@@tl@3@@tl@UModSys@@QEAA@XZ 0000000180001b00 f i plugin_test1.obj
 0001:00000b00       ??1?$TRefObject@URRenderDriver3D@SDL_GL@ui@modules@UModSys@@U?$TRefObjectFunc@URRenderDriver3D@SDL_GL@ui@modules@UModSys@@@tl@5@@tl@UModSys@@QEAA@XZ 0000000180001b00 f i umodsys_lib_libui:umodsys.mod.ui.SDL_GL.obj
 0001:00000b00       ??1?$TRefObject@UITerminal@libui@UModSys@@U?$TRefObjectFunc@UITerminal@libui@UModSys@@@tl@3@@tl@UModSys@@QEAA@XZ 0000000180001b00 f i plugin_test1.obj
 0001:00000b00       ??1?$TRefObject@URVertexArray@SDL_GL@ui@modules@UModSys@@U?$TRefObjectFunc@URVertexArray@SDL_GL@ui@modules@UModSys@@@tl@5@@tl@UModSys@@QEAA@XZ 0000000180001b00 f i umodsys_lib_libui:umodsys.mod.ui.SDL_GL.obj
 0001:00000b00       ??1?$TRefObject@URMultiImage2D_SDL_ttf@SDL_core@ui@modules@UModSys@@U?$TRefObjectFunc@URMultiImage2D_SDL_ttf@SDL_core@ui@modules@UModSys@@@tl@5@@tl@UModSys@@QEAA@XZ 0000000180001b00 f i umodsys_lib_libui:umodsys.mod.ui.SDL_core.obj
 0001:00000b00       ??1?$TRefObject@UIVisualObject@lib3d@UModSys@@U?$TRefObjectFunc@UIVisualObject@lib3d@UModSys@@@tl@3@@tl@UModSys@@QEAA@XZ 0000000180001b00 f i plugin_test1.obj
 0001:00000b00       ??1?$TRefObject@URVisualSceneMapper_Direct@stdlib@lib3d@modules@UModSys@@U?$TRefObjectFunc@URVisualSceneMapper_Direct@stdlib@lib3d@modules@UModSys@@@tl@5@@tl@UModSys@@QEAA@XZ 0000000180001b00 f i umodsys_lib_lib3d:umodsys.mod.3d.stdlib.obj
 0001:00000b00       ??1?$TRefObject@URCollector@frames@ui@modules@UModSys@@U?$TRefObjectFunc@URCollector@frames@ui@modules@UModSys@@@tl@5@@tl@UModSys@@QEAA@XZ 0000000180001b00 f i umodsys_lib_libui:umodsys.mod.ui.frames.obj
 0001:00000b00       ??1?$TRefObject@URFrame_Common@frames@ui@modules@UModSys@@U?$TRefObjectFunc@URFrame_Common@frames@ui@modules@UModSys@@@tl@5@@tl@UModSys@@QEAA@XZ 0000000180001b00 f i umodsys_lib_libui:umodsys.mod.ui.frames.obj
 0001:00000b00       ??1?$TRefObject@URRenderDriver2D@SDL_core@ui@modules@UModSys@@U?$TRefObjectFunc@URRenderDriver2D@SDL_core@ui@modules@UModSys@@@tl@5@@tl@UModSys@@QEAA@XZ 0000000180001b00 f i umodsys_lib_libui:umodsys.mod.ui.SDL_core.obj
 0001:00000b00       ??1?$TRefObject@URSerializeReader@serialize_json@media@modules@UModSys@@U?$TRefObjectFunc@URSerializeReader@serialize_json@media@modules@UModSys@@@tl@5@@tl@UModSys@@QEAA@XZ 0000000180001b00 f i umodsys_lib_libmedia:umodsys.mod.media.serialize_json.obj
 0001:00000b00       ??1?$TRefObject@URMultiImage@stdlib@lib2d@modules@UModSys@@U?$TRefObjectFunc@URMultiImage@stdlib@lib2d@modules@UModSys@@@tl@5@@tl@UModSys@@QEAA@XZ 0000000180001b00 f i umodsys_lib_lib2d:umodsys.mod.2d.stdlib.obj
 0001:00000b00       ??1?$TRefObject@URRenderer@stdlib@lib3d@modules@UModSys@@U?$TRefObjectFunc@URRenderer@stdlib@lib3d@modules@UModSys@@@tl@5@@tl@UModSys@@QEAA@XZ 0000000180001b00 f i umodsys_lib_lib3d:umodsys.mod.3d.stdlib.obj
 0001:00000b00       ??1?$TRefObject@UIMouseController@libui@UModSys@@U?$TRefObjectFunc@UIMouseController@libui@UModSys@@@tl@3@@tl@UModSys@@QEAA@XZ 0000000180001b00 f i plugin_test1.obj
 0001:00000b00       ??1?$TRefObject@UIStreamWriter@libmedia@UModSys@@U?$TRefObjectFunc@UIStreamWriter@libmedia@UModSys@@@tl@3@@tl@UModSys@@QEAA@XZ 0000000180001b00 f i plugin_test1.obj
 0001:00000b00       ??1?$TRefObject@URVisualizerScene@stdlib@lib3d@modules@UModSys@@U?$TRefObjectFunc@URVisualizerScene@stdlib@lib3d@modules@UModSys@@@tl@5@@tl@UModSys@@QEAA@XZ 0000000180001b00 f i umodsys_lib_lib3d:umodsys.mod.3d.stdlib.obj
 0001:00000b00       ??1?$TRefObject@URMultiImage2D_SDL_ttf@SDL_GL@ui@modules@UModSys@@U?$TRefObjectFunc@URMultiImage2D_SDL_ttf@SDL_GL@ui@modules@UModSys@@@tl@5@@tl@UModSys@@QEAA@XZ 0000000180001b00 f i umodsys_lib_libui:umodsys.mod.ui.SDL_GL.obj
 0001:00000b00       ??1?$TRefObject@UIRenderDriver@lib3d@UModSys@@U?$TRefObjectFunc@UIRenderDriver@lib3d@UModSys@@@tl@3@@tl@UModSys@@QEAA@XZ 0000000180001b00 f i plugin_test1.obj
 0001:00000b00       ??1?$TRefObject@URRender@object_primitive@stdlib@lib3d@modules@UModSys@@U?$TRefObjectFunc@URRender@object_primitive@stdlib@lib3d@modules@UModSys@@@tl@6@@tl@UModSys@@QEAA@XZ 0000000180001b00 f i umodsys_lib_lib3d:umodsys.mod.3d.stdlib.obj
 0001:00000b00       ??1?$TRefObject@UIRenderObject@lib3d@UModSys@@U?$TRefObjectFunc@UIRenderObject@lib3d@UModSys@@@tl@3@@tl@UModSys@@QEAA@XZ 0000000180001b00 f i plugin_test1.obj
 0001:00000b00       ??1?$TRefObject@URGeneral@object_primitive@stdlib@lib3d@modules@UModSys@@U?$TRefObjectFunc@URGeneral@object_primitive@stdlib@lib3d@modules@UModSys@@@tl@6@@tl@UModSys@@QEAA@XZ 0000000180001b00 f i umodsys_lib_lib3d:umodsys.mod.3d.stdlib.obj
 0001:00000b00       ??1?$TRefObject@UIRefObject@core@UModSys@@U?$TRefObjectFunc@UIRefObject@core@UModSys@@@tl@3@@tl@UModSys@@QEAA@XZ 0000000180001b00 f i plugin_test1.obj
 0001:00000b00       ??1?$TRefObject@UIScene@lib3d@UModSys@@U?$TRefObjectFunc@UIScene@lib3d@UModSys@@@tl@3@@tl@UModSys@@QEAA@XZ 0000000180001b00 f i umodsys_lib_lib3d:umodsys.mod.3d.stdlib.obj
 0001:00000b00       ??1?$TRefObject@UIRenderDriver@lib2d@UModSys@@U?$TRefObjectFunc@UIRenderDriver@lib2d@UModSys@@@tl@3@@tl@UModSys@@QEAA@XZ 0000000180001b00 f i plugin_test1.obj
 0001:00000b00       ??1?$TRefObject@UIVertexArray@lib3d@UModSys@@U?$TRefObjectFunc@UIVertexArray@lib3d@UModSys@@@tl@3@@tl@UModSys@@QEAA@XZ 0000000180001b00 f i plugin_test1.obj
 0001:00000b30       ??4?$TString@U?$TSCoreShared@USIMemAlloc@core@UModSys@@D@su@tl@UModSys@@U?$TComparerBinaryHash@D@234@@tl@UModSys@@QEAAAEBU012@AEBU012@@Z 0000000180001b30 f i plugin_test1.obj
 0001:00000b80       ?normalize@?$TVector3@N@math3d@UModSys@@QEAANXZ 0000000180001b80 f i plugin_test1.obj
 0001:00000c30       ??4?$TRefObject@UIRefObject@core@UModSys@@U?$TRefObjectFunc@UIRefObject@core@UModSys@@@tl@3@@tl@UModSys@@QEAAAEBU012@PEAUIRefObject@core@2@@Z 0000000180001c30 f i plugin_test1.obj
 0001:00000c70       ?info_release@?$TSCoreShared@USIMemAlloc@core@UModSys@@D@su@tl@UModSys@@QEAAXXZ 0000000180001c70 f i plugin_test1.obj
 0001:00000d10       ?info_new@?$TSCoreShared@USIMemAlloc@core@UModSys@@D@su@tl@UModSys@@QEAA_NPEBD_K@Z 0000000180001d10 f i plugin_test1.obj
 0001:00000e00       ?get_null@?$TSCoreShared@USIMemAlloc@core@UModSys@@D@su@tl@UModSys@@SAPEAU?$TSharedStringInfo@DUSIMemAlloc@core@UModSys@@@234@XZ 0000000180001e00 f i plugin_test1.obj
 0001:00000e50       ?mult3@?$TMatrix44@N@math3d@UModSys@@QEAAXAEBU123@0@Z 0000000180001e50 f i plugin_test1.obj
 0001:00000ff0       ?set_rotate_about@?$TMatrix44@N@math3d@UModSys@@QEAAXAEBU?$TVector3@N@23@N@Z 0000000180001ff0 f i plugin_test1.obj
 0001:00001260       ?set_inversed@?$TMatrix44@N@math3d@UModSys@@QEAA_NAEBU123@@Z 0000000180002260 f i plugin_test1.obj
 0001:00001950       ??$generate_type@UICollector@libui@UModSys@@@RTest1_Shell@test1@test@modules@UModSys@@SA?AU?$TRefObject@UICollector@libui@UModSys@@U?$TRefObjectFunc@UICollector@libui@UModSys@@@tl@3@@tl@4@AEBU?$TString@U?$TSCoreConst@D@su@tl@UModSys@@U?$TComparerBinaryHash@D@234@@64@AEBUSParameters@core@4@PEBD@Z 0000000180002950 f i plugin_test1.obj
 0001:00001b00       ??$generate_type@UITerminal@libui@UModSys@@@RTest1_Shell@test1@test@modules@UModSys@@SA?AU?$TRefObject@UITerminal@libui@UModSys@@U?$TRefObjectFunc@UITerminal@libui@UModSys@@@tl@3@@tl@4@AEBU?$TString@U?$TSCoreConst@D@su@tl@UModSys@@U?$TComparerBinaryHash@D@234@@64@AEBUSParameters@core@4@PEBD@Z 0000000180002b00 f i plugin_test1.obj
 0001:00001cb0       ??$generate_type@UIRenderer@lib3d@UModSys@@@RTest1_Shell@test1@test@modules@UModSys@@SA?AU?$TRefObject@UIRenderer@lib3d@UModSys@@U?$TRefObjectFunc@UIRenderer@lib3d@UModSys@@@tl@3@@tl@4@AEBU?$TString@U?$TSCoreConst@D@su@tl@UModSys@@U?$TComparerBinaryHash@D@234@@64@AEBUSParameters@core@4@PEBD@Z 0000000180002cb0 f i plugin_test1.obj
 0001:00001e60       ??$generate_type@UIVisualizerScene@lib3d@UModSys@@@RTest1_Shell@test1@test@modules@UModSys@@SA?AU?$TRefObject@UIVisualizerScene@lib3d@UModSys@@U?$TRefObjectFunc@UIVisualizerScene@lib3d@UModSys@@@tl@3@@tl@4@AEBU?$TString@U?$TSCoreConst@D@su@tl@UModSys@@U?$TComparerBinaryHash@D@234@@64@AEBUSParameters@core@4@PEBD@Z 0000000180002e60 f i plugin_test1.obj
 0001:00002010       ??$generate_type@UIGeneralObject@lib3d@UModSys@@@RTest1_Shell@test1@test@modules@UModSys@@SA?AU?$TRefObject@UIGeneralObject@lib3d@UModSys@@U?$TRefObjectFunc@UIGeneralObject@lib3d@UModSys@@@tl@3@@tl@4@AEBU?$TString@U?$TSCoreConst@D@su@tl@UModSys@@U?$TComparerBinaryHash@D@234@@64@AEBUSParameters@core@4@PEBD@Z 0000000180003010 f i plugin_test1.obj
 0001:000021c0       ??$shash@D@su@tl@UModSys@@YA_KPEBD_K@Z 00000001800031c0 f i plugin_test1.obj
 0001:00002200       ??1?$TRefObject@UIModObject@base@UModSys@@U?$TModObjectFunc@UIModObject@base@UModSys@@@tl@3@@tl@UModSys@@QEAA@XZ 0000000180003200 f i plugin_test1.obj
 0001:00002230       ?mult@?$TMatrix44@N@math3d@UModSys@@QEAAXAEBU123@0@Z 0000000180003230 f i plugin_test1.obj
 0001:00002600       ?get_determinant@?$TMatrix44@N@math3d@UModSys@@QEBANXZ 0000000180003600 f i plugin_test1.obj
 0001:00002820       ??$t_ref_get_other_interface@UIStreamReader@libmedia@UModSys@@U?$TRefObjectFunc@UIStreamReader@libmedia@UModSys@@@tl@3@@IRefObject@core@UModSys@@QEAA_NAEAU?$TRefObject@UIStreamReader@libmedia@UModSys@@U?$TRefObjectFunc@UIStreamReader@libmedia@UModSys@@@tl@3@@tl@2@@Z 0000000180003820 f i plugin_test1.obj
 0001:00002870       ??$t_ref_get_other_interface@UIStreamWriter@libmedia@UModSys@@U?$TRefObjectFunc@UIStreamWriter@libmedia@UModSys@@@tl@3@@IRefObject@core@UModSys@@QEAA_NAEAU?$TRefObject@UIStreamWriter@libmedia@UModSys@@U?$TRefObjectFunc@UIStreamWriter@libmedia@UModSys@@@tl@3@@tl@2@@Z 0000000180003870 f i plugin_test1.obj
 0001:000028c0       ??$t_generate@UICollector@libui@UModSys@@@SModuleContext@base@UModSys@@QEAA_NAEAU?$TRefObject@UICollector@libui@UModSys@@U?$TRefObjectFunc@UICollector@libui@UModSys@@@tl@3@@tl@2@PEBUSUniquePointerInfo@core@2@AEBUSParameters@62@@Z 00000001800038c0 f i plugin_test1.obj
 0001:00002990       ??$t_generate@UITerminal@libui@UModSys@@@SModuleContext@base@UModSys@@QEAA_NAEAU?$TRefObject@UITerminal@libui@UModSys@@U?$TRefObjectFunc@UITerminal@libui@UModSys@@@tl@3@@tl@2@PEBUSUniquePointerInfo@core@2@AEBUSParameters@62@@Z 0000000180003990 f i plugin_test1.obj
 0001:00002a60       ??$t_generate@UIRenderer@lib3d@UModSys@@@SModuleContext@base@UModSys@@QEAA_NAEAU?$TRefObject@UIRenderer@lib3d@UModSys@@U?$TRefObjectFunc@UIRenderer@lib3d@UModSys@@@tl@3@@tl@2@PEBUSUniquePointerInfo@core@2@AEBUSParameters@62@@Z 0000000180003a60 f i plugin_test1.obj
 0001:00002b30       ??$t_generate@UIVisualizerScene@lib3d@UModSys@@@SModuleContext@base@UModSys@@QEAA_NAEAU?$TRefObject@UIVisualizerScene@lib3d@UModSys@@U?$TRefObjectFunc@UIVisualizerScene@lib3d@UModSys@@@tl@3@@tl@2@PEBUSUniquePointerInfo@core@2@AEBUSParameters@62@@Z 0000000180003b30 f i plugin_test1.obj
 0001:00002c00       ??$t_generate@UIGeneralObject@lib3d@UModSys@@@SModuleContext@base@UModSys@@QEAA_NAEAU?$TRefObject@UIGeneralObject@lib3d@UModSys@@U?$TRefObjectFunc@UIGeneralObject@lib3d@UModSys@@@tl@3@@tl@2@PEBUSUniquePointerInfo@core@2@AEBUSParameters@62@@Z 0000000180003c00 f i plugin_test1.obj
 0001:00002cd0       ??$t_ref_get_other_interface@UIImage@lib2d@UModSys@@U?$TRefObjectFunc@UIImage@lib2d@UModSys@@@tl@3@@IRefObject@core@UModSys@@QEAA_NAEAU?$TRefObject@UIImage@lib2d@UModSys@@U?$TRefObjectFunc@UIImage@lib2d@UModSys@@@tl@3@@tl@2@@Z 0000000180003cd0 f i plugin_test1.obj
 0001:00002d20       ??$t_ref_get_other_interface@UIImageFactory@lib2d@UModSys@@U?$TRefObjectFunc@UIImageFactory@lib2d@UModSys@@@tl@3@@IRefObject@core@UModSys@@QEAA_NAEAU?$TRefObject@UIImageFactory@lib2d@UModSys@@U?$TRefObjectFunc@UIImageFactory@lib2d@UModSys@@@tl@3@@tl@2@@Z 0000000180003d20 f i plugin_test1.obj
 0001:00002d70       ??$t_ref_get_other_interface@UIMultiImage@lib2d@UModSys@@U?$TRefObjectFunc@UIMultiImage@lib2d@UModSys@@@tl@3@@IRefObject@core@UModSys@@QEAA_NAEAU?$TRefObject@UIMultiImage@lib2d@UModSys@@U?$TRefObjectFunc@UIMultiImage@lib2d@UModSys@@@tl@3@@tl@2@@Z 0000000180003d70 f i plugin_test1.obj
 0001:00002dc0       ?root_get_interface_info@RRenderer@stdlib@lib3d@modules@UModSys@@UEBAAEBUSUniquePointerInfo@core@5@XZ 0000000180003dc0 f i umodsys_lib_lib3d:umodsys.mod.3d.stdlib.obj
 0001:00002dd0       ?root_get_interface_type@RRenderer@stdlib@lib3d@modules@UModSys@@UEBAPEBUSUniquePointerInfo@core@5@XZ 0000000180003dd0 f i umodsys_lib_lib3d:umodsys.mod.3d.stdlib.obj
 0001:00002de0       ?root_get_other_interface@RRenderer@stdlib@lib3d@modules@UModSys@@UEBAPEBUIRoot@core@5@PEBUSUniquePointerInfo@75@@Z 0000000180003de0 f i umodsys_lib_lib3d:umodsys.mod.3d.stdlib.obj
 0001:00002de0       ?root_get_other_interface@RRenderer@stdlib@lib3d@modules@UModSys@@UEAAPEAUIRoot@core@5@PEBUSUniquePointerInfo@75@@Z 0000000180003de0 f i umodsys_lib_lib3d:umodsys.mod.3d.stdlib.obj
 0001:00002e10       ?root_is_interface_supported@RRenderer@stdlib@lib3d@modules@UModSys@@UEBA_NPEBUSUniquePointerInfo@core@5@@Z 0000000180003e10 f i umodsys_lib_lib3d:umodsys.mod.3d.stdlib.obj
 0001:00002e40       ?ref_add@RSerializeWriter@serialize_json@media@modules@UModSys@@UEBAXXZ 0000000180003e40 f i umodsys_lib_libmedia:umodsys.mod.media.serialize_json.obj
 0001:00002e40       ?ref_add@RVisualSceneMapper_Direct@stdlib@lib3d@modules@UModSys@@UEBAXXZ 0000000180003e40 f i umodsys_lib_lib3d:umodsys.mod.3d.stdlib.obj
 0001:00002e40       ?ref_add@RRenderer@stdlib@lib3d@modules@UModSys@@UEBAXXZ 0000000180003e40 f i umodsys_lib_lib3d:umodsys.mod.3d.stdlib.obj
 0001:00002e50       ?ref_weak@RVisualSceneMapper_Direct@stdlib@lib3d@modules@UModSys@@UEBA_NAEAUWeakPointer@IRefObject@core@5@@Z 0000000180003e50 f i umodsys_lib_lib3d:umodsys.mod.3d.stdlib.obj
 0001:00002e50       ?ref_weak@RSerializeWriter@serialize_json@media@modules@UModSys@@UEBA_NAEAUWeakPointer@IRefObject@core@5@@Z 0000000180003e50 f i umodsys_lib_libmedia:umodsys.mod.media.serialize_json.obj
 0001:00002e50       ?ref_weak@RRenderer@stdlib@lib3d@modules@UModSys@@UEBA_NAEAUWeakPointer@IRefObject@core@5@@Z 0000000180003e50 f i umodsys_lib_lib3d:umodsys.mod.3d.stdlib.obj
 0001:00002e70       ?root_get_interface_info@RVisualizerScene@stdlib@lib3d@modules@UModSys@@UEBAAEBUSUniquePointerInfo@core@5@XZ 0000000180003e70 f i umodsys_lib_lib3d:umodsys.mod.3d.stdlib.obj
 0001:00002e80       ?root_get_interface_type@RVisualizerScene@stdlib@lib3d@modules@UModSys@@UEBAPEBUSUniquePointerInfo@core@5@XZ 0000000180003e80 f i umodsys_lib_lib3d:umodsys.mod.3d.stdlib.obj
 0001:00002e90       ?root_get_other_interface@RVisualizerScene@stdlib@lib3d@modules@UModSys@@UEBAPEBUIRoot@core@5@PEBUSUniquePointerInfo@75@@Z 0000000180003e90 f i umodsys_lib_lib3d:umodsys.mod.3d.stdlib.obj
 0001:00002e90       ?root_get_other_interface@RVisualizerScene@stdlib@lib3d@modules@UModSys@@UEAAPEAUIRoot@core@5@PEBUSUniquePointerInfo@75@@Z 0000000180003e90 f i umodsys_lib_lib3d:umodsys.mod.3d.stdlib.obj
 0001:00002ed0       ?root_is_interface_supported@RVisualizerScene@stdlib@lib3d@modules@UModSys@@UEBA_NPEBUSUniquePointerInfo@core@5@@Z 0000000180003ed0 f i umodsys_lib_lib3d:umodsys.mod.3d.stdlib.obj
 0001:00002f10       ?root_get_interface_info@RVisualSceneMapper_Direct@stdlib@lib3d@modules@UModSys@@UEBAAEBUSUniquePointerInfo@core@5@XZ 0000000180003f10 f i umodsys_lib_lib3d:umodsys.mod.3d.stdlib.obj
 0001:00002f20       ?root_get_interface_type@RVisualSceneMapper_Direct@stdlib@lib3d@modules@UModSys@@UEBAPEBUSUniquePointerInfo@core@5@XZ 0000000180003f20 f i umodsys_lib_lib3d:umodsys.mod.3d.stdlib.obj
 0001:00002f30       ?root_get_other_interface@RVisualSceneMapper_Direct@stdlib@lib3d@modules@UModSys@@UEBAPEBUIRoot@core@5@PEBUSUniquePointerInfo@75@@Z 0000000180003f30 f i umodsys_lib_lib3d:umodsys.mod.3d.stdlib.obj
 0001:00002f30       ?root_get_other_interface@RVisualSceneMapper_Direct@stdlib@lib3d@modules@UModSys@@UEAAPEAUIRoot@core@5@PEBUSUniquePointerInfo@75@@Z 0000000180003f30 f i umodsys_lib_lib3d:umodsys.mod.3d.stdlib.obj
 0001:00002f60       ?root_is_interface_supported@RVisualSceneMapper_Direct@stdlib@lib3d@modules@UModSys@@UEBA_NPEBUSUniquePointerInfo@core@5@@Z 0000000180003f60 f i umodsys_lib_lib3d:umodsys.mod.3d.stdlib.obj
 0001:00002f90       ?ref_remove@RRenderer@stdlib@lib3d@modules@UModSys@@UEBAXXZ 0000000180003f90 f i umodsys_lib_lib3d:umodsys.mod.3d.stdlib.obj
 0001:00002f90       ?ref_remove@RVisualSceneMapper_Direct@stdlib@lib3d@modules@UModSys@@UEBAXXZ 0000000180003f90 f i umodsys_lib_lib3d:umodsys.mod.3d.stdlib.obj
 0001:00002f90       ?ref_remove@RSerializeWriter@serialize_json@media@modules@UModSys@@UEBAXXZ 0000000180003f90 f i umodsys_lib_libmedia:umodsys.mod.media.serialize_json.obj
 0001:00002fb0       ?suicide@RSerializeWriter@serialize_json@media@modules@UModSys@@UEAAXXZ 0000000180003fb0 f i umodsys_lib_libmedia:umodsys.mod.media.serialize_json.obj
 0001:00002fb0       ?suicide@RRenderer@stdlib@lib3d@modules@UModSys@@UEAAXXZ 0000000180003fb0 f i umodsys_lib_lib3d:umodsys.mod.3d.stdlib.obj
 0001:00002fb0       ?suicide@RVisualSceneMapper_Direct@stdlib@lib3d@modules@UModSys@@UEAAXXZ 0000000180003fb0 f i umodsys_lib_lib3d:umodsys.mod.3d.stdlib.obj
 0001:00003000       ?root_get_interface_info@RGeneral@object_primitive@stdlib@lib3d@modules@UModSys@@UEBAAEBUSUniquePointerInfo@core@6@XZ 0000000180004000 f i umodsys_lib_lib3d:umodsys.mod.3d.stdlib.obj
 0001:00003010       ?root_get_interface_type@RGeneral@object_primitive@stdlib@lib3d@modules@UModSys@@UEBAPEBUSUniquePointerInfo@core@6@XZ 0000000180004010 f i umodsys_lib_lib3d:umodsys.mod.3d.stdlib.obj
 0001:00003020       ?root_get_other_interface@RGeneral@object_primitive@stdlib@lib3d@modules@UModSys@@UEAAPEAUIRoot@core@6@PEBUSUniquePointerInfo@86@@Z 0000000180004020 f i umodsys_lib_lib3d:umodsys.mod.3d.stdlib.obj
 0001:00003020       ?root_get_other_interface@RGeneral@object_primitive@stdlib@lib3d@modules@UModSys@@UEBAPEBUIRoot@core@6@PEBUSUniquePointerInfo@86@@Z 0000000180004020 f i umodsys_lib_lib3d:umodsys.mod.3d.stdlib.obj
 0001:00003050       ?root_is_interface_supported@RGeneral@object_primitive@stdlib@lib3d@modules@UModSys@@UEBA_NPEBUSUniquePointerInfo@core@6@@Z 0000000180004050 f i umodsys_lib_lib3d:umodsys.mod.3d.stdlib.obj
 0001:00003080       ?root_get_interface_info@RRender@object_primitive@stdlib@lib3d@modules@UModSys@@UEBAAEBUSUniquePointerInfo@core@6@XZ 0000000180004080 f i umodsys_lib_lib3d:umodsys.mod.3d.stdlib.obj
 0001:00003090       ?root_get_interface_type@RRender@object_primitive@stdlib@lib3d@modules@UModSys@@UEBAPEBUSUniquePointerInfo@core@6@XZ 0000000180004090 f i umodsys_lib_lib3d:umodsys.mod.3d.stdlib.obj
 0001:000030a0       ?root_get_interface_types@RDialog@frames@ui@modules@UModSys@@UEBA_KAEAUSUniquePtrList@core@5@@Z 00000001800040a0 f i umodsys_lib_libui:umodsys.mod.ui.frames.obj
 0001:000030a0       ?root_get_interface_types@RFrame_Text@frames@ui@modules@UModSys@@UEBA_KAEAUSUniquePtrList@core@5@@Z 00000001800040a0 f i umodsys_lib_libui:umodsys.mod.ui.frames.obj
 0001:000030a0       ?root_get_interface_types@RMouseController@SDL_GL@ui@modules@UModSys@@UEBA_KAEAUSUniquePtrList@core@5@@Z 00000001800040a0 f i umodsys_lib_libui:umodsys.mod.ui.SDL_GL.obj
 0001:000030a0       ?root_get_interface_types@RRenderer@stdlib@lib3d@modules@UModSys@@UEBA_KAEAUSUniquePtrList@core@5@@Z 00000001800040a0 f i umodsys_lib_lib3d:umodsys.mod.3d.stdlib.obj
 0001:000030a0       ?root_get_interface_types@RRenderDriver3D@SDL_GL@ui@modules@UModSys@@UEBA_KAEAUSUniquePtrList@core@5@@Z 00000001800040a0 f i umodsys_lib_libui:umodsys.mod.ui.SDL_GL.obj
 0001:000030a0       ?root_get_interface_types@RCollector@frames@ui@modules@UModSys@@UEBA_KAEAUSUniquePtrList@core@5@@Z 00000001800040a0 f i umodsys_lib_libui:umodsys.mod.ui.frames.obj
 0001:000030a0       ?root_get_interface_types@RSerializeReader@serialize_json@media@modules@UModSys@@UEBA_KAEAUSUniquePtrList@core@5@@Z 00000001800040a0 f i umodsys_lib_libmedia:umodsys.mod.media.serialize_json.obj
 0001:000030a0       ?root_get_interface_types@RGenerator@images_std@media@modules@UModSys@@UEBA_KAEAUSUniquePtrList@core@5@@Z 00000001800040a0 f i umodsys_lib_libmedia:umodsys.mod.media.images_std.obj
 0001:000030a0       ?root_get_interface_types@RMouseController@SDL_core@ui@modules@UModSys@@UEBA_KAEAUSUniquePtrList@core@5@@Z 00000001800040a0 f i umodsys_lib_libui:umodsys.mod.ui.SDL_core.obj
 0001:000030a0       ?root_get_interface_types@RSerializeWriter@serialize_json@media@modules@UModSys@@UEBA_KAEAUSUniquePtrList@core@5@@Z 00000001800040a0 f i umodsys_lib_libmedia:umodsys.mod.media.serialize_json.obj
 0001:000030a0       ?root_get_interface_types@RVisualizerScene@stdlib@lib3d@modules@UModSys@@UEBA_KAEAUSUniquePtrList@core@5@@Z 00000001800040a0 f i umodsys_lib_lib3d:umodsys.mod.3d.stdlib.obj
 0001:000030a0       ?root_get_interface_types@RImage_Memory@stdlib@lib2d@modules@UModSys@@UEBA_KAEAUSUniquePtrList@core@5@@Z 00000001800040a0 f i umodsys_lib_lib2d:umodsys.mod.2d.stdlib.obj
 0001:000030a0       ?root_get_interface_types@RTerminal@SDL_GL@ui@modules@UModSys@@UEBA_KAEAUSUniquePtrList@core@5@@Z 00000001800040a0 f i umodsys_lib_libui:umodsys.mod.ui.SDL_GL.obj
 0001:000030a0       ?root_get_interface_types@RVisual@object_camera@stdlib@lib3d@modules@UModSys@@UEBA_KAEAUSUniquePtrList@core@6@@Z 00000001800040a0 f i umodsys_lib_lib3d:umodsys.mod.3d.stdlib.obj
 0001:000030a0       ?root_get_interface_types@RImageFactory_Memory@stdlib@lib2d@modules@UModSys@@UEBA_KAEAUSUniquePtrList@core@5@@Z 00000001800040a0 f i umodsys_lib_lib2d:umodsys.mod.2d.stdlib.obj
 0001:000030a0       ?root_get_interface_types@RGenerator@frames@ui@modules@UModSys@@UEBA_KAEAUSUniquePtrList@core@5@@Z 00000001800040a0 f i umodsys_lib_libui:umodsys.mod.ui.frames.obj
 0001:000030a0       ?root_get_interface_types@RGenerator@SDL_core@ui@modules@UModSys@@UEBA_KAEAUSUniquePtrList@core@5@@Z 00000001800040a0 f i umodsys_lib_libui:umodsys.mod.ui.SDL_core.obj
 0001:000030a0       ?root_get_interface_types@RGenerator@stdlib@lib3d@modules@UModSys@@UEBA_KAEAUSUniquePtrList@core@5@@Z 00000001800040a0 f i umodsys_lib_lib3d:umodsys.mod.3d.stdlib.obj
 0001:000030a0       ?root_get_interface_types@RGeneral@object_primitive@stdlib@lib3d@modules@UModSys@@UEBA_KAEAUSUniquePtrList@core@6@@Z 00000001800040a0 f i umodsys_lib_lib3d:umodsys.mod.3d.stdlib.obj
 0001:000030a0       ?root_get_interface_types@RMediaFilter@images_std@media@modules@UModSys@@UEBA_KAEAUSUniquePtrList@core@5@@Z 00000001800040a0 f i umodsys_lib_libmedia:umodsys.mod.media.images_std.obj
 0001:000030a0       ?root_get_interface_types@RGeneral@object_camera@stdlib@lib3d@modules@UModSys@@UEBA_KAEAUSUniquePtrList@core@6@@Z 00000001800040a0 f i umodsys_lib_lib3d:umodsys.mod.3d.stdlib.obj
 0001:000030a0       ?root_get_interface_types@RRenderDriver2D@SDL_core@ui@modules@UModSys@@UEBA_KAEAUSUniquePtrList@core@5@@Z 00000001800040a0 f i umodsys_lib_libui:umodsys.mod.ui.SDL_core.obj
 0001:000030a0       ?root_get_interface_types@RFrame_Image@frames@ui@modules@UModSys@@UEBA_KAEAUSUniquePtrList@core@5@@Z 00000001800040a0 f i umodsys_lib_libui:umodsys.mod.ui.frames.obj
 0001:000030a0       ?root_get_interface_types@RMultiImage@stdlib@lib2d@modules@UModSys@@UEBA_KAEAUSUniquePtrList@core@5@@Z 00000001800040a0 f i umodsys_lib_lib2d:umodsys.mod.2d.stdlib.obj
 0001:000030a0       ?root_get_interface_types@RFrame_Button@frames@ui@modules@UModSys@@UEBA_KAEAUSUniquePtrList@core@5@@Z 00000001800040a0 f i umodsys_lib_libui:umodsys.mod.ui.frames.obj
 0001:000030a0       ?root_get_interface_types@RRender@object_primitive@stdlib@lib3d@modules@UModSys@@UEBA_KAEAUSUniquePtrList@core@6@@Z 00000001800040a0 f i umodsys_lib_lib3d:umodsys.mod.3d.stdlib.obj
 0001:000030a0       ?root_get_interface_types@RTerminalX@SDL_GL@ui@modules@UModSys@@UEBA_KAEAUSUniquePtrList@core@5@@Z 00000001800040a0 f i umodsys_lib_libui:umodsys.mod.ui.SDL_GL.obj
 0001:000030a0       ?root_get_interface_types@RTerminalX@SDL_core@ui@modules@UModSys@@UEBA_KAEAUSUniquePtrList@core@5@@Z 00000001800040a0 f i umodsys_lib_libui:umodsys.mod.ui.SDL_core.obj
 0001:000030a0       ?root_get_interface_types@RGenerator@zlib@media@modules@UModSys@@UEBA_KAEAUSUniquePtrList@core@5@@Z 00000001800040a0 f i umodsys_lib_libmedia:umodsys.mod.media.zlib.obj
 0001:000030a0       ?root_get_interface_types@RBinArchiveFrameClient_ZIP@zlib@media@modules@UModSys@@UEBA_KAEAUSUniquePtrList@core@5@@Z 00000001800040a0 f i umodsys_lib_libmedia:umodsys.mod.media.zlib.obj
 0001:000030a0       ?root_get_interface_types@RGenerator@SDL_GL@ui@modules@UModSys@@UEBA_KAEAUSUniquePtrList@core@5@@Z 00000001800040a0 f i umodsys_lib_libui:umodsys.mod.ui.SDL_GL.obj
 0001:000030a0       ?root_get_interface_types@RGenerator@test1@test@modules@UModSys@@UEBA_KAEAUSUniquePtrList@core@5@@Z 00000001800040a0 f i plugin_test1.obj
 0001:000030a0       ?root_get_interface_types@RMultiImage2D_SDL_ttf@SDL_core@ui@modules@UModSys@@UEBA_KAEAUSUniquePtrList@core@5@@Z 00000001800040a0 f i umodsys_lib_libui:umodsys.mod.ui.SDL_core.obj
 0001:000030a0       ?root_get_interface_types@RFrame_Edit@frames@ui@modules@UModSys@@UEBA_KAEAUSUniquePtrList@core@5@@Z 00000001800040a0 f i umodsys_lib_libui:umodsys.mod.ui.frames.obj
 0001:000030a0       ?root_get_interface_types@RVisual@object_primitive@stdlib@lib3d@modules@UModSys@@UEBA_KAEAUSUniquePtrList@core@6@@Z 00000001800040a0 f i umodsys_lib_lib3d:umodsys.mod.3d.stdlib.obj
 0001:000030a0       ?root_get_interface_types@RKeyboardController@SDL_core@ui@modules@UModSys@@UEBA_KAEAUSUniquePtrList@core@5@@Z 00000001800040a0 f i umodsys_lib_libui:umodsys.mod.ui.SDL_core.obj
 0001:000030a0       ?root_get_interface_types@RTerminal@SDL_core@ui@modules@UModSys@@UEBA_KAEAUSUniquePtrList@core@5@@Z 00000001800040a0 f i umodsys_lib_libui:umodsys.mod.ui.SDL_core.obj
 0001:000030a0       ?root_get_interface_types@RGenerator@stdlib@lib2d@modules@UModSys@@UEBA_KAEAUSUniquePtrList@core@5@@Z 00000001800040a0 f i umodsys_lib_lib2d:umodsys.mod.2d.stdlib.obj
 0001:000030a0       ?root_get_interface_types@RMultiImage2D_SDL_ttf@SDL_GL@ui@modules@UModSys@@UEBA_KAEAUSUniquePtrList@core@5@@Z 00000001800040a0 f i umodsys_lib_libui:umodsys.mod.ui.SDL_GL.obj
 0001:000030a0       ?root_get_interface_types@RFrame_Frame@frames@ui@modules@UModSys@@UEBA_KAEAUSUniquePtrList@core@5@@Z 00000001800040a0 f i umodsys_lib_libui:umodsys.mod.ui.frames.obj
 0001:000030a0       ?root_get_interface_types@RVertexArray@SDL_GL@ui@modules@UModSys@@UEBA_KAEAUSUniquePtrList@core@5@@Z 00000001800040a0 f i umodsys_lib_libui:umodsys.mod.ui.SDL_GL.obj
 0001:000030a0       ?root_get_interface_types@RVisualSceneMapper_Direct@stdlib@lib3d@modules@UModSys@@UEBA_KAEAUSUniquePtrList@core@5@@Z 00000001800040a0 f i umodsys_lib_lib3d:umodsys.mod.3d.stdlib.obj
 0001:000030a0       ?root_get_interface_types@RGenerator@serialize_json@media@modules@UModSys@@UEBA_KAEAUSUniquePtrList@core@5@@Z 00000001800040a0 f i umodsys_lib_libmedia:umodsys.mod.media.serialize_json.obj
 0001:000030a0       ?root_get_interface_types@RFrame_List@frames@ui@modules@UModSys@@UEBA_KAEAUSUniquePtrList@core@5@@Z 00000001800040a0 f i umodsys_lib_libui:umodsys.mod.ui.frames.obj
 0001:000030a0       ?root_get_interface_types@RTest1_Shell@test1@test@modules@UModSys@@UEBA_KAEAUSUniquePtrList@core@5@@Z 00000001800040a0 f i plugin_test1.obj
 0001:000030a0       ?root_get_interface_types@RKeyboardController@SDL_GL@ui@modules@UModSys@@UEBA_KAEAUSUniquePtrList@core@5@@Z 00000001800040a0 f i umodsys_lib_libui:umodsys.mod.ui.SDL_GL.obj
 0001:000030b0       ?root_get_other_interface@RRender@object_primitive@stdlib@lib3d@modules@UModSys@@UEBAPEBUIRoot@core@6@PEBUSUniquePointerInfo@86@@Z 00000001800040b0 f i umodsys_lib_lib3d:umodsys.mod.3d.stdlib.obj
 0001:000030b0       ?root_get_other_interface@RRender@object_primitive@stdlib@lib3d@modules@UModSys@@UEAAPEAUIRoot@core@6@PEBUSUniquePointerInfo@86@@Z 00000001800040b0 f i umodsys_lib_lib3d:umodsys.mod.3d.stdlib.obj
 0001:000030f0       ?root_is_interface_supported@RRender@object_primitive@stdlib@lib3d@modules@UModSys@@UEBA_NPEBUSUniquePointerInfo@core@6@@Z 00000001800040f0 f i umodsys_lib_lib3d:umodsys.mod.3d.stdlib.obj
 0001:00003130       ?ref_add@RMediaFilter@images_std@media@modules@UModSys@@UEBAXXZ 0000000180004130 f i umodsys_lib_libmedia:umodsys.mod.media.images_std.obj
 0001:00003130       ?ref_add@RRender@object_primitive@stdlib@lib3d@modules@UModSys@@UEBAXXZ 0000000180004130 f i umodsys_lib_lib3d:umodsys.mod.3d.stdlib.obj
 0001:00003140       ?ref_remove@RMediaFilter@images_std@media@modules@UModSys@@UEBAXXZ 0000000180004140 f i umodsys_lib_libmedia:umodsys.mod.media.images_std.obj
 0001:00003140       ?ref_remove@RRender@object_primitive@stdlib@lib3d@modules@UModSys@@UEBAXXZ 0000000180004140 f i umodsys_lib_lib3d:umodsys.mod.3d.stdlib.obj
 0001:00003160       ?ref_weak@RRender@object_primitive@stdlib@lib3d@modules@UModSys@@UEBA_NAEAUWeakPointer@IRefObject@core@6@@Z 0000000180004160 f i umodsys_lib_lib3d:umodsys.mod.3d.stdlib.obj
 0001:00003160       ?ref_weak@RMediaFilter@images_std@media@modules@UModSys@@UEBA_NAEAUWeakPointer@IRefObject@core@5@@Z 0000000180004160 f i umodsys_lib_libmedia:umodsys.mod.media.images_std.obj
 0001:00003180       ?suicide@RRender@object_primitive@stdlib@lib3d@modules@UModSys@@UEAAXXZ 0000000180004180 f i umodsys_lib_lib3d:umodsys.mod.3d.stdlib.obj
 0001:000031d0       ?root_get_interface_info@RVisual@object_primitive@stdlib@lib3d@modules@UModSys@@UEBAAEBUSUniquePointerInfo@core@6@XZ 00000001800041d0 f i umodsys_lib_lib3d:umodsys.mod.3d.stdlib.obj
 0001:000031e0       ?root_get_interface_type@RVisual@object_primitive@stdlib@lib3d@modules@UModSys@@UEBAPEBUSUniquePointerInfo@core@6@XZ 00000001800041e0 f i umodsys_lib_lib3d:umodsys.mod.3d.stdlib.obj
 0001:000031f0       ?root_get_other_interface@RVisual@object_primitive@stdlib@lib3d@modules@UModSys@@UEAAPEAUIRoot@core@6@PEBUSUniquePointerInfo@86@@Z 00000001800041f0 f i umodsys_lib_lib3d:umodsys.mod.3d.stdlib.obj
 0001:000031f0       ?root_get_other_interface@RVisual@object_primitive@stdlib@lib3d@modules@UModSys@@UEBAPEBUIRoot@core@6@PEBUSUniquePointerInfo@86@@Z 00000001800041f0 f i umodsys_lib_lib3d:umodsys.mod.3d.stdlib.obj
 0001:00003230       ?root_is_interface_supported@RVisual@object_primitive@stdlib@lib3d@modules@UModSys@@UEBA_NPEBUSUniquePointerInfo@core@6@@Z 0000000180004230 f i umodsys_lib_lib3d:umodsys.mod.3d.stdlib.obj
 0001:00003270       ?ref_links@RVisual@object_camera@stdlib@lib3d@modules@UModSys@@UEBAHXZ 0000000180004270 f i umodsys_lib_lib3d:umodsys.mod.3d.stdlib.obj
 0001:00003270       ?ref_links@RVisual@object_primitive@stdlib@lib3d@modules@UModSys@@UEBAHXZ 0000000180004270 f i umodsys_lib_lib3d:umodsys.mod.3d.stdlib.obj
 0001:00003280       ?ref_weak@RVisual@object_primitive@stdlib@lib3d@modules@UModSys@@UEBA_NAEAUWeakPointer@IRefObject@core@6@@Z 0000000180004280 f i umodsys_lib_lib3d:umodsys.mod.3d.stdlib.obj
 0001:00003280       ?ref_weak@RVisual@object_camera@stdlib@lib3d@modules@UModSys@@UEBA_NAEAUWeakPointer@IRefObject@core@6@@Z 0000000180004280 f i umodsys_lib_lib3d:umodsys.mod.3d.stdlib.obj
 0001:000032b0       ?root_get_interface_info@RGeneral@object_camera@stdlib@lib3d@modules@UModSys@@UEBAAEBUSUniquePointerInfo@core@6@XZ 00000001800042b0 f i umodsys_lib_lib3d:umodsys.mod.3d.stdlib.obj
 0001:000032c0       ?root_get_interface_type@RGeneral@object_camera@stdlib@lib3d@modules@UModSys@@UEBAPEBUSUniquePointerInfo@core@6@XZ 00000001800042c0 f i umodsys_lib_lib3d:umodsys.mod.3d.stdlib.obj
 0001:000032d0       ?root_get_other_interface@RGeneral@object_camera@stdlib@lib3d@modules@UModSys@@UEBAPEBUIRoot@core@6@PEBUSUniquePointerInfo@86@@Z 00000001800042d0 f i umodsys_lib_lib3d:umodsys.mod.3d.stdlib.obj
 0001:000032d0       ?root_get_other_interface@RGeneral@object_camera@stdlib@lib3d@modules@UModSys@@UEAAPEAUIRoot@core@6@PEBUSUniquePointerInfo@86@@Z 00000001800042d0 f i umodsys_lib_lib3d:umodsys.mod.3d.stdlib.obj
 0001:00003300       ?root_is_interface_supported@RGeneral@object_camera@stdlib@lib3d@modules@UModSys@@UEBA_NPEBUSUniquePointerInfo@core@6@@Z 0000000180004300 f i umodsys_lib_lib3d:umodsys.mod.3d.stdlib.obj
 0001:00003330       ?root_get_interface_info@RVisual@object_camera@stdlib@lib3d@modules@UModSys@@UEBAAEBUSUniquePointerInfo@core@6@XZ 0000000180004330 f i umodsys_lib_lib3d:umodsys.mod.3d.stdlib.obj
 0001:00003340       ?root_get_interface_type@RVisual@object_camera@stdlib@lib3d@modules@UModSys@@UEBAPEBUSUniquePointerInfo@core@6@XZ 0000000180004340 f i umodsys_lib_lib3d:umodsys.mod.3d.stdlib.obj
 0001:00003350       ?root_get_other_interface@RVisual@object_camera@stdlib@lib3d@modules@UModSys@@UEBAPEBUIRoot@core@6@PEBUSUniquePointerInfo@86@@Z 0000000180004350 f i umodsys_lib_lib3d:umodsys.mod.3d.stdlib.obj
 0001:00003350       ?root_get_other_interface@RVisual@object_camera@stdlib@lib3d@modules@UModSys@@UEAAPEAUIRoot@core@6@PEBUSUniquePointerInfo@86@@Z 0000000180004350 f i umodsys_lib_lib3d:umodsys.mod.3d.stdlib.obj
 0001:00003390       ?root_is_interface_supported@RVisual@object_camera@stdlib@lib3d@modules@UModSys@@UEBA_NPEBUSUniquePointerInfo@core@6@@Z 0000000180004390 f i umodsys_lib_lib3d:umodsys.mod.3d.stdlib.obj
 0001:000033d0       ?ref_add@RVisual@object_camera@stdlib@lib3d@modules@UModSys@@UEBAXXZ 00000001800043d0 f i umodsys_lib_lib3d:umodsys.mod.3d.stdlib.obj
 0001:000033d0       ?ref_add@RVisual@object_primitive@stdlib@lib3d@modules@UModSys@@UEBAXXZ 00000001800043d0 f i umodsys_lib_lib3d:umodsys.mod.3d.stdlib.obj
 0001:000033e0       ?ref_remove@RVisual@object_primitive@stdlib@lib3d@modules@UModSys@@UEBAXXZ 00000001800043e0 f i umodsys_lib_lib3d:umodsys.mod.3d.stdlib.obj
 0001:000033e0       ?ref_remove@RVisual@object_camera@stdlib@lib3d@modules@UModSys@@UEBAXXZ 00000001800043e0 f i umodsys_lib_lib3d:umodsys.mod.3d.stdlib.obj
 0001:00003400       ?suicide@RVisual@object_camera@stdlib@lib3d@modules@UModSys@@UEAAXXZ 0000000180004400 f i umodsys_lib_lib3d:umodsys.mod.3d.stdlib.obj
 0001:00003400       ?suicide@RVisual@object_primitive@stdlib@lib3d@modules@UModSys@@UEAAXXZ 0000000180004400 f i umodsys_lib_lib3d:umodsys.mod.3d.stdlib.obj
 0001:00003450       ?get_generated_names@RGenerator@stdlib@lib3d@modules@UModSys@@UEBAHAEAUSUniquePtrList@core@5@@Z 0000000180004450 f i umodsys_lib_lib3d:umodsys.mod.3d.stdlib.obj
 0001:000034b0       ?get_generated_types@RGenerator@stdlib@lib3d@modules@UModSys@@UEBAHAEAUSUniquePtrList@core@5@PEBUSUniquePointerInfo@75@@Z 00000001800044b0 f i umodsys_lib_lib3d:umodsys.mod.3d.stdlib.obj
 0001:000035c0       ?generate@RGenerator@stdlib@lib3d@modules@UModSys@@UEAA_NAEAU?$TRefObject@UIRefObject@core@UModSys@@U?$TRefObjectFunc@UIRefObject@core@UModSys@@@tl@3@@tl@5@PEBUSUniquePointerInfo@core@5@AEBUSParameters@95@@Z 00000001800045c0 f i umodsys_lib_lib3d:umodsys.mod.3d.stdlib.obj
 0001:00003790       ?root_get_interface_info@RGenerator@stdlib@lib3d@modules@UModSys@@UEBAAEBUSUniquePointerInfo@core@5@XZ 0000000180004790 f i umodsys_lib_lib3d:umodsys.mod.3d.stdlib.obj
 0001:000037a0       ?root_get_interface_type@RGenerator@stdlib@lib3d@modules@UModSys@@UEBAPEBUSUniquePointerInfo@core@5@XZ 00000001800047a0 f i umodsys_lib_lib3d:umodsys.mod.3d.stdlib.obj
 0001:000037b0       ?root_get_other_interface@RGenerator@stdlib@lib3d@modules@UModSys@@UEBAPEBUIRoot@core@5@PEBUSUniquePointerInfo@75@@Z 00000001800047b0 f i umodsys_lib_lib3d:umodsys.mod.3d.stdlib.obj
 0001:000037b0       ?root_get_other_interface@RGenerator@stdlib@lib3d@modules@UModSys@@UEAAPEAUIRoot@core@5@PEBUSUniquePointerInfo@75@@Z 00000001800047b0 f i umodsys_lib_lib3d:umodsys.mod.3d.stdlib.obj
 0001:000037f0       ?root_is_interface_supported@RGenerator@stdlib@lib3d@modules@UModSys@@UEBA_NPEBUSUniquePointerInfo@core@5@@Z 00000001800047f0 f i umodsys_lib_lib3d:umodsys.mod.3d.stdlib.obj
 0001:00003830       ?get_uid@RGenerator@stdlib@lib3d@modules@UModSys@@UEBAPEBUSUniquePointerInfo@core@5@XZ 0000000180004830 f i umodsys_lib_lib3d:umodsys.mod.3d.stdlib.obj
 0001:00003840       ??_GRRenderer@stdlib@lib3d@modules@UModSys@@UEAAPEAXI@Z 0000000180004840 f i umodsys_lib_lib3d:umodsys.mod.3d.stdlib.obj
 0001:00003840       ??_ERRenderer@stdlib@lib3d@modules@UModSys@@UEAAPEAXI@Z 0000000180004840 f i  CIL library: CIL module
 0001:00003870       ??_GRVisualizerScene@stdlib@lib3d@modules@UModSys@@UEAAPEAXI@Z 0000000180004870 f i umodsys_lib_lib3d:umodsys.mod.3d.stdlib.obj
 0001:00003870       ??_ERVisualizerScene@stdlib@lib3d@modules@UModSys@@UEAAPEAXI@Z 0000000180004870 f i  CIL library: CIL module
 0001:000038a0       ??_GRVisualSceneMapper_Direct@stdlib@lib3d@modules@UModSys@@UEAAPEAXI@Z 00000001800048a0 f i umodsys_lib_lib3d:umodsys.mod.3d.stdlib.obj
 0001:000038a0       ??_ERVisualSceneMapper_Direct@stdlib@lib3d@modules@UModSys@@UEAAPEAXI@Z 00000001800048a0 f i  CIL library: CIL module
 0001:000038d0       ??_ERGeneral@object_camera@stdlib@lib3d@modules@UModSys@@UEAAPEAXI@Z 00000001800048d0 f i  CIL library: CIL module
 0001:000038d0       ??_GRGeneral@object_camera@stdlib@lib3d@modules@UModSys@@UEAAPEAXI@Z 00000001800048d0 f i umodsys_lib_lib3d:umodsys.mod.3d.stdlib.obj
 0001:00003900       ??_GRVisual@object_camera@stdlib@lib3d@modules@UModSys@@UEAAPEAXI@Z 0000000180004900 f i umodsys_lib_lib3d:umodsys.mod.3d.stdlib.obj
 0001:00003900       ??_ERVisual@object_camera@stdlib@lib3d@modules@UModSys@@UEAAPEAXI@Z 0000000180004900 f i  CIL library: CIL module
 0001:00003930       ??_GRGeneral@object_primitive@stdlib@lib3d@modules@UModSys@@UEAAPEAXI@Z 0000000180004930 f i umodsys_lib_lib3d:umodsys.mod.3d.stdlib.obj
 0001:00003930       ??_ERGeneral@object_primitive@stdlib@lib3d@modules@UModSys@@UEAAPEAXI@Z 0000000180004930 f i  CIL library: CIL module
 0001:00003960       ??_GRRender@object_primitive@stdlib@lib3d@modules@UModSys@@UEAAPEAXI@Z 0000000180004960 f i umodsys_lib_lib3d:umodsys.mod.3d.stdlib.obj
 0001:00003960       ??_ERRender@object_primitive@stdlib@lib3d@modules@UModSys@@UEAAPEAXI@Z 0000000180004960 f i  CIL library: CIL module
 0001:00003990       ??1IRenderObject_Brush@lib3d@UModSys@@UEAA@XZ 0000000180004990 f i umodsys_lib_lib3d:umodsys.mod.3d.stdlib.obj
 0001:000039d0       ??_GRVisual@object_primitive@stdlib@lib3d@modules@UModSys@@UEAAPEAXI@Z 00000001800049d0 f i umodsys_lib_lib3d:umodsys.mod.3d.stdlib.obj
 0001:000039d0       ??_ERVisual@object_primitive@stdlib@lib3d@modules@UModSys@@UEAAPEAXI@Z 00000001800049d0 f i  CIL library: CIL module
 0001:00003a00       ?do_open@RModuleReg@stdlib@lib3d@modules@UModSys@@UEAA_NXZ 0000000180004a00 f i umodsys_lib_lib3d:umodsys.mod.3d.stdlib.obj
 0001:00003a10       ?do_close@RModuleReg@stdlib@lib3d@modules@UModSys@@UEAA_NXZ 0000000180004a10 f i umodsys_lib_lib3d:umodsys.mod.3d.stdlib.obj
 0001:00003a20       ??_ERModuleReg@stdlib@lib3d@modules@UModSys@@UEAAPEAXI@Z 0000000180004a20 f i  CIL library: CIL module
 0001:00003a20       ??_GRModuleReg@stdlib@lib3d@modules@UModSys@@UEAAPEAXI@Z 0000000180004a20 f i umodsys_lib_lib3d:umodsys.mod.3d.stdlib.obj
 0001:00003a50       ??1?$TRStackSocket@PEAUIVisualObject@lib3d@UModSys@@U?$TDynarrayDynamic@PEAUIVisualObject@lib3d@UModSys@@U?$TAllocator@USIMemAlloc@core@UModSys@@USCountCalcPower2@23@@tl@3@@tl@3@@tl@UModSys@@QEAA@XZ 0000000180004a50 f i umodsys_lib_lib3d:umodsys.mod.3d.stdlib.obj
 0001:00003a60       ?isempty@?$TRStackSocket@PEAUIVisualObject@lib3d@UModSys@@U?$TDynarrayDynamic@PEAUIVisualObject@lib3d@UModSys@@U?$TAllocator@USIMemAlloc@core@UModSys@@USCountCalcPower2@23@@tl@3@@tl@3@@tl@UModSys@@UEBA_NXZ 0000000180004a60 f i umodsys_lib_lib3d:umodsys.mod.3d.stdlib.obj
 0001:00003a70       ?push@?$TRStackSocket@PEAUIVisualObject@lib3d@UModSys@@U?$TDynarrayDynamic@PEAUIVisualObject@lib3d@UModSys@@U?$TAllocator@USIMemAlloc@core@UModSys@@USCountCalcPower2@23@@tl@3@@tl@3@@tl@UModSys@@UEAA_NAEBQEAUIVisualObject@lib3d@3@@Z 0000000180004a70 f i umodsys_lib_lib3d:umodsys.mod.3d.stdlib.obj
 0001:00003ad0       ?pop@?$TRStackSocket@PEAUIVisualObject@lib3d@UModSys@@U?$TDynarrayDynamic@PEAUIVisualObject@lib3d@UModSys@@U?$TAllocator@USIMemAlloc@core@UModSys@@USCountCalcPower2@23@@tl@3@@tl@3@@tl@UModSys@@UEAA_NAEAPEAUIVisualObject@lib3d@3@@Z 0000000180004ad0 f i umodsys_lib_lib3d:umodsys.mod.3d.stdlib.obj
 0001:00003b00       ??1?$TDynarray@U?$TDynarrayHolderDynamic@UScene@IVisualizerScene@lib3d@UModSys@@U?$TAllocator@USIMemAlloc@core@UModSys@@USCountCalcPower2@23@@tl@4@@tl@UModSys@@@tl@UModSys@@QEAA@XZ 0000000180004b00 f i umodsys_lib_lib3d:umodsys.mod.3d.stdlib.obj
 0001:00003b70       ?Free@?$TDynarray@U?$TDynarrayHolderDynamic@PEAUIVisualObject@lib3d@UModSys@@U?$TAllocator@USIMemAlloc@core@UModSys@@USCountCalcPower2@23@@tl@3@@tl@UModSys@@@tl@UModSys@@QEAA_NXZ 0000000180004b70 f i umodsys_lib_lib3d:umodsys.mod.3d.stdlib.obj
 0001:00003bf0       ?Push@?$TDynarray@U?$TDynarrayHolderDynamic@UScene@IVisualizerScene@lib3d@UModSys@@U?$TAllocator@USIMemAlloc@core@UModSys@@USCountCalcPower2@23@@tl@4@@tl@UModSys@@@tl@UModSys@@QEAA_NAEBUScene@IVisualizerScene@lib3d@3@@Z 0000000180004bf0 f i umodsys_lib_lib3d:umodsys.mod.3d.stdlib.obj
 0001:00003c80       ?ResizeRel@?$TDynarray@U?$TDynarrayHolderDynamic@UScene@IVisualizerScene@lib3d@UModSys@@U?$TAllocator@USIMemAlloc@core@UModSys@@USCountCalcPower2@23@@tl@4@@tl@UModSys@@@tl@UModSys@@QEAA_N_J@Z 0000000180004c80 f i umodsys_lib_lib3d:umodsys.mod.3d.stdlib.obj
 0001:00003d40       ?RemoveAt@?$TDynarray@U?$TDynarrayHolderDynamic@UScene@IVisualizerScene@lib3d@UModSys@@U?$TAllocator@USIMemAlloc@core@UModSys@@USCountCalcPower2@23@@tl@4@@tl@UModSys@@@tl@UModSys@@QEAA_N_K0@Z 0000000180004d40 f i umodsys_lib_lib3d:umodsys.mod.3d.stdlib.obj
 0001:00003dc0       ?ReLink@?$TDynarray@U?$TDynarrayHolderDynamic@UScene@IVisualizerScene@lib3d@UModSys@@U?$TAllocator@USIMemAlloc@core@UModSys@@USCountCalcPower2@23@@tl@4@@tl@UModSys@@@tl@UModSys@@IEAA_N_K@Z 0000000180004dc0 f i umodsys_lib_lib3d:umodsys.mod.3d.stdlib.obj
 0001:00003e30       ?ReLink@?$TDynarray@U?$TDynarrayHolderDynamic@PEAUIVisualObject@lib3d@UModSys@@U?$TAllocator@USIMemAlloc@core@UModSys@@USCountCalcPower2@23@@tl@3@@tl@UModSys@@@tl@UModSys@@IEAA_N_K@Z 0000000180004e30 f i umodsys_lib_lib3d:umodsys.mod.3d.stdlib.obj
 0001:00003e30       ?ReLink@?$TDynarray@U?$TDynarrayHolderDynamic@UNode@RSerializeReader@serialize_json@media@modules@UModSys@@U?$TAllocator@USIMemAlloc@core@UModSys@@USCountCalcPower2@23@@tl@6@@tl@UModSys@@@tl@UModSys@@IEAA_N_K@Z 0000000180004e30 f i umodsys_lib_libmedia:umodsys.mod.media.serialize_json.obj
 0001:00003eb0       ?amoveleft@?$TTypeConstructor@UScene@IVisualizerScene@lib3d@UModSys@@@tl@UModSys@@SAXPEAUScene@IVisualizerScene@lib3d@3@_K11@Z 0000000180004eb0 f i umodsys_lib_lib3d:umodsys.mod.3d.stdlib.obj
 0001:00003f70       ?adestruct@?$TTypeConstructor@UScene@IVisualizerScene@lib3d@UModSys@@@tl@UModSys@@SAXPEAUScene@IVisualizerScene@lib3d@3@_K@Z 0000000180004f70 f i umodsys_lib_lib3d:umodsys.mod.3d.stdlib.obj
 0001:00003ff0       ??$process_nodes_r@U?$TNodeDeleter0@U?$TScatterArrayNode@U?$TRefObject@UIVisualObject@lib3d@UModSys@@U?$TRefObjectFunc@UIVisualObject@lib3d@UModSys@@@tl@3@@tl@UModSys@@PEBUISceneNode@lib3d@3@@tl@UModSys@@@tl@UModSys@@@?$TTreeHoldRB@U?$TScatterArrayNode@U?$TRefObject@UIVisualObject@lib3d@UModSys@@U?$TRefObjectFunc@UIVisualObject@lib3d@UModSys@@@tl@3@@tl@UModSys@@PEBUISceneNode@lib3d@3@@tl@UModSys@@@tl@UModSys@@KAHPEAU?$TScatterArrayNode@U?$TRefObject@UIVisualObject@lib3d@UModSys@@U?$TRefObjectFunc@UIVisualObject@lib3d@UModSys@@@tl@3@@tl@UModSys@@PEBUISceneNode@lib3d@3@@12@AEBU?$TNodeDeleter0@U?$TScatterArrayNode@U?$TRefObject@UIVisualObject@lib3d@UModSys@@U?$TRefObjectFunc@UIVisualObject@lib3d@UModSys@@@tl@3@@tl@UModSys@@PEBUISceneNode@lib3d@3@@tl@UModSys@@@12@@Z 0000000180004ff0 f i umodsys_lib_lib3d:umodsys.mod.3d.stdlib.obj
 0001:00004070       ?root_get_interface_info@RImage_Memory@stdlib@lib2d@modules@UModSys@@UEBAAEBUSUniquePointerInfo@core@5@XZ 0000000180005070 f i umodsys_lib_lib2d:umodsys.mod.2d.stdlib.obj
 0001:00004080       ?root_get_interface_type@RImage_Memory@stdlib@lib2d@modules@UModSys@@UEBAPEBUSUniquePointerInfo@core@5@XZ 0000000180005080 f i umodsys_lib_lib2d:umodsys.mod.2d.stdlib.obj
 0001:00004090       ?root_get_other_interface@RImage_Memory@stdlib@lib2d@modules@UModSys@@UEAAPEAUIRoot@core@5@PEBUSUniquePointerInfo@75@@Z 0000000180005090 f i umodsys_lib_lib2d:umodsys.mod.2d.stdlib.obj
 0001:00004090       ?root_get_other_interface@RImage_Memory@stdlib@lib2d@modules@UModSys@@UEBAPEBUIRoot@core@5@PEBUSUniquePointerInfo@75@@Z 0000000180005090 f i umodsys_lib_lib2d:umodsys.mod.2d.stdlib.obj
 0001:000040c0       ?root_is_interface_supported@RImage_Memory@stdlib@lib2d@modules@UModSys@@UEBA_NPEBUSUniquePointerInfo@core@5@@Z 00000001800050c0 f i umodsys_lib_lib2d:umodsys.mod.2d.stdlib.obj
 0001:000040f0       ?root_get_interface_info@RImageFactory_Memory@stdlib@lib2d@modules@UModSys@@UEBAAEBUSUniquePointerInfo@core@5@XZ 00000001800050f0 f i umodsys_lib_lib2d:umodsys.mod.2d.stdlib.obj
 0001:00004100       ?root_get_interface_type@RImageFactory_Memory@stdlib@lib2d@modules@UModSys@@UEBAPEBUSUniquePointerInfo@core@5@XZ 0000000180005100 f i umodsys_lib_lib2d:umodsys.mod.2d.stdlib.obj
 0001:00004110       ?root_get_other_interface@RImageFactory_Memory@stdlib@lib2d@modules@UModSys@@UEBAPEBUIRoot@core@5@PEBUSUniquePointerInfo@75@@Z 0000000180005110 f i umodsys_lib_lib2d:umodsys.mod.2d.stdlib.obj
 0001:00004110       ?root_get_other_interface@RImageFactory_Memory@stdlib@lib2d@modules@UModSys@@UEAAPEAUIRoot@core@5@PEBUSUniquePointerInfo@75@@Z 0000000180005110 f i umodsys_lib_lib2d:umodsys.mod.2d.stdlib.obj
 0001:00004140       ?root_is_interface_supported@RImageFactory_Memory@stdlib@lib2d@modules@UModSys@@UEBA_NPEBUSUniquePointerInfo@core@5@@Z 0000000180005140 f i umodsys_lib_lib2d:umodsys.mod.2d.stdlib.obj
 0001:00004170       ?root_get_interface_info@RMultiImage@stdlib@lib2d@modules@UModSys@@UEBAAEBUSUniquePointerInfo@core@5@XZ 0000000180005170 f i umodsys_lib_lib2d:umodsys.mod.2d.stdlib.obj
 0001:00004180       ?root_get_interface_type@RMultiImage@stdlib@lib2d@modules@UModSys@@UEBAPEBUSUniquePointerInfo@core@5@XZ 0000000180005180 f i umodsys_lib_lib2d:umodsys.mod.2d.stdlib.obj
 0001:00004190       ?root_get_other_interface@RMultiImage@stdlib@lib2d@modules@UModSys@@UEBAPEBUIRoot@core@5@PEBUSUniquePointerInfo@75@@Z 0000000180005190 f i umodsys_lib_lib2d:umodsys.mod.2d.stdlib.obj
 0001:00004190       ?root_get_other_interface@RMultiImage@stdlib@lib2d@modules@UModSys@@UEAAPEAUIRoot@core@5@PEBUSUniquePointerInfo@75@@Z 0000000180005190 f i umodsys_lib_lib2d:umodsys.mod.2d.stdlib.obj
 0001:000041c0       ?root_is_interface_supported@RMultiImage@stdlib@lib2d@modules@UModSys@@UEBA_NPEBUSUniquePointerInfo@core@5@@Z 00000001800051c0 f i umodsys_lib_lib2d:umodsys.mod.2d.stdlib.obj
 0001:000041f0       ?get_generated_names@RGenerator@stdlib@lib2d@modules@UModSys@@UEBAHAEAUSUniquePtrList@core@5@@Z 00000001800051f0 f i umodsys_lib_lib2d:umodsys.mod.2d.stdlib.obj
 0001:00004240       ?get_generated_types@RGenerator@stdlib@lib2d@modules@UModSys@@UEBAHAEAUSUniquePtrList@core@5@PEBUSUniquePointerInfo@75@@Z 0000000180005240 f i umodsys_lib_lib2d:umodsys.mod.2d.stdlib.obj
 0001:000042e0       ?generate@RGenerator@stdlib@lib2d@modules@UModSys@@UEAA_NAEAU?$TRefObject@UIRefObject@core@UModSys@@U?$TRefObjectFunc@UIRefObject@core@UModSys@@@tl@3@@tl@5@PEBUSUniquePointerInfo@core@5@AEBUSParameters@95@@Z 00000001800052e0 f i umodsys_lib_lib2d:umodsys.mod.2d.stdlib.obj
 0001:00004410       ?root_get_interface_info@RGenerator@stdlib@lib2d@modules@UModSys@@UEBAAEBUSUniquePointerInfo@core@5@XZ 0000000180005410 f i umodsys_lib_lib2d:umodsys.mod.2d.stdlib.obj
 0001:00004420       ?root_get_interface_type@RGenerator@stdlib@lib2d@modules@UModSys@@UEBAPEBUSUniquePointerInfo@core@5@XZ 0000000180005420 f i umodsys_lib_lib2d:umodsys.mod.2d.stdlib.obj
 0001:00004430       ?root_get_other_interface@RGenerator@stdlib@lib2d@modules@UModSys@@UEBAPEBUIRoot@core@5@PEBUSUniquePointerInfo@75@@Z 0000000180005430 f i umodsys_lib_lib2d:umodsys.mod.2d.stdlib.obj
 0001:00004430       ?root_get_other_interface@RGenerator@stdlib@lib2d@modules@UModSys@@UEAAPEAUIRoot@core@5@PEBUSUniquePointerInfo@75@@Z 0000000180005430 f i umodsys_lib_lib2d:umodsys.mod.2d.stdlib.obj
 0001:00004470       ?root_is_interface_supported@RGenerator@stdlib@lib2d@modules@UModSys@@UEBA_NPEBUSUniquePointerInfo@core@5@@Z 0000000180005470 f i umodsys_lib_lib2d:umodsys.mod.2d.stdlib.obj
 0001:000044b0       ?get_uid@RGenerator@stdlib@lib2d@modules@UModSys@@UEBAPEBUSUniquePointerInfo@core@5@XZ 00000001800054b0 f i umodsys_lib_lib2d:umodsys.mod.2d.stdlib.obj
 0001:000044c0       ??4State@RImage_Memory@stdlib@lib2d@modules@UModSys@@QEAAAEAU012345@AEBU012345@@Z 00000001800054c0 f i umodsys_lib_lib2d:umodsys.mod.2d.stdlib.obj
 0001:000045a0       ??_GRImage_Memory@stdlib@lib2d@modules@UModSys@@UEAAPEAXI@Z 00000001800055a0 f i umodsys_lib_lib2d:umodsys.mod.2d.stdlib.obj
 0001:000045a0       ??_ERImage_Memory@stdlib@lib2d@modules@UModSys@@UEAAPEAXI@Z 00000001800055a0 f i  CIL library: CIL module
 0001:000045d0       ??_ERImageFactory_Memory@stdlib@lib2d@modules@UModSys@@UEAAPEAXI@Z 00000001800055d0 f i  CIL library: CIL module
 0001:000045d0       ??_GRImageFactory_Memory@stdlib@lib2d@modules@UModSys@@UEAAPEAXI@Z 00000001800055d0 f i umodsys_lib_lib2d:umodsys.mod.2d.stdlib.obj
 0001:00004600       ??_ERMultiImage@stdlib@lib2d@modules@UModSys@@UEAAPEAXI@Z 0000000180005600 f i  CIL library: CIL module
 0001:00004600       ??_GRMultiImage@stdlib@lib2d@modules@UModSys@@UEAAPEAXI@Z 0000000180005600 f i umodsys_lib_lib2d:umodsys.mod.2d.stdlib.obj
 0001:00004630       ?do_open@RModuleReg@stdlib@lib2d@modules@UModSys@@UEAA_NXZ 0000000180005630 f i umodsys_lib_lib2d:umodsys.mod.2d.stdlib.obj
 0001:00004640       ?do_close@RModuleReg@stdlib@lib2d@modules@UModSys@@UEAA_NXZ 0000000180005640 f i umodsys_lib_lib2d:umodsys.mod.2d.stdlib.obj
 0001:00004650       ??_GRModuleReg@stdlib@lib2d@modules@UModSys@@UEAAPEAXI@Z 0000000180005650 f i umodsys_lib_lib2d:umodsys.mod.2d.stdlib.obj
 0001:00004650       ??_ERModuleReg@stdlib@lib2d@modules@UModSys@@UEAAPEAXI@Z 0000000180005650 f i  CIL library: CIL module
 0001:00004680       ??1?$TDynarrayDynamic@USImageCellInfo@lib2d@UModSys@@U?$TAllocator@USIMemAlloc@core@UModSys@@USCountCalcPower2@23@@tl@3@@tl@UModSys@@QEAA@XZ 0000000180005680 f i umodsys_lib_lib2d:umodsys.mod.2d.stdlib.obj
 0001:00004690       ??1?$TDynarrayDynamic@U?$TRefObject@UIImage@lib2d@UModSys@@U?$TRefObjectFunc@UIImage@lib2d@UModSys@@@tl@3@@tl@UModSys@@U?$TAllocator@USIMemAlloc@core@UModSys@@USCountCalcPower2@23@@23@@tl@UModSys@@QEAA@XZ 0000000180005690 f i umodsys_lib_lib2d:umodsys.mod.2d.stdlib.obj
 0001:000046a0       ??1?$TDynarray@U?$TDynarrayHolderDynamic@USImageCellInfo@lib2d@UModSys@@U?$TAllocator@USIMemAlloc@core@UModSys@@USCountCalcPower2@23@@tl@3@@tl@UModSys@@@tl@UModSys@@QEAA@XZ 00000001800056a0 f i umodsys_lib_lib2d:umodsys.mod.2d.stdlib.obj
 0001:00004710       ??1?$TDynarray@U?$TDynarrayHolderDynamic@U?$TRefObject@UIImage@lib2d@UModSys@@U?$TRefObjectFunc@UIImage@lib2d@UModSys@@@tl@3@@tl@UModSys@@U?$TAllocator@USIMemAlloc@core@UModSys@@USCountCalcPower2@23@@23@@tl@UModSys@@@tl@UModSys@@QEAA@XZ 0000000180005710 f i umodsys_lib_lib2d:umodsys.mod.2d.stdlib.obj
 0001:00004780       ?ResizeRel@?$TDynarray@U?$TDynarrayHolderDynamic@USImageCellInfo@lib2d@UModSys@@U?$TAllocator@USIMemAlloc@core@UModSys@@USCountCalcPower2@23@@tl@3@@tl@UModSys@@@tl@UModSys@@QEAA_N_J@Z 0000000180005780 f i umodsys_lib_lib2d:umodsys.mod.2d.stdlib.obj
 0001:00004840       ?ResizeRel@?$TDynarray@U?$TDynarrayHolderDynamic@U?$TRefObject@UIImage@lib2d@UModSys@@U?$TRefObjectFunc@UIImage@lib2d@UModSys@@@tl@3@@tl@UModSys@@U?$TAllocator@USIMemAlloc@core@UModSys@@USCountCalcPower2@23@@23@@tl@UModSys@@@tl@UModSys@@QEAA_N_J@Z 0000000180005840 f i umodsys_lib_lib2d:umodsys.mod.2d.stdlib.obj
 0001:00004970       ??$ValidateConstruction@UIRefObject@core@UModSys@@URMultiImage@stdlib@lib2d@modules@3@@core@UModSys@@YA_NAEAU?$TRefObject@UIRefObject@core@UModSys@@U?$TRefObjectFunc@UIRefObject@core@UModSys@@@tl@3@@tl@1@PEAURMultiImage@stdlib@lib2d@modules@1@@Z 0000000180005970 f i umodsys_lib_lib2d:umodsys.mod.2d.stdlib.obj
 0001:000049f0       ?set_stage@SGLFuncs@SDL_GL@ui@modules@UModSys@@QEBAXH@Z 00000001800059f0 f i umodsys_lib_libui:umodsys.mod.ui.SDL_GL.obj
 0001:00004a50       ?set_composite_all@SGLFuncsLegacy@SDL_GL@ui@modules@UModSys@@QEBAXH@Z 0000000180005a50 f i umodsys_lib_libui:umodsys.mod.ui.SDL_GL.obj
 0001:00004b20       ?crebind@STextureGL@SDL_GL@ui@modules@UModSys@@QEAAX_N@Z 0000000180005b20 f i umodsys_lib_libui:umodsys.mod.ui.SDL_GL.obj
 0001:00004b60       ?root_get_interface_info@RKeyboardController@SDL_GL@ui@modules@UModSys@@UEBAAEBUSUniquePointerInfo@core@5@XZ 0000000180005b60 f i umodsys_lib_libui:umodsys.mod.ui.SDL_GL.obj
 0001:00004b70       ?root_get_interface_type@RKeyboardController@SDL_GL@ui@modules@UModSys@@UEBAPEBUSUniquePointerInfo@core@5@XZ 0000000180005b70 f i umodsys_lib_libui:umodsys.mod.ui.SDL_GL.obj
 0001:00004b80       ?root_get_other_interface@RKeyboardController@SDL_GL@ui@modules@UModSys@@UEAAPEAUIRoot@core@5@PEBUSUniquePointerInfo@75@@Z 0000000180005b80 f i umodsys_lib_libui:umodsys.mod.ui.SDL_GL.obj
 0001:00004b80       ?root_get_other_interface@RKeyboardController@SDL_GL@ui@modules@UModSys@@UEBAPEBUIRoot@core@5@PEBUSUniquePointerInfo@75@@Z 0000000180005b80 f i umodsys_lib_libui:umodsys.mod.ui.SDL_GL.obj
 0001:00004bb0       ?root_is_interface_supported@RKeyboardController@SDL_GL@ui@modules@UModSys@@UEBA_NPEBUSUniquePointerInfo@core@5@@Z 0000000180005bb0 f i umodsys_lib_libui:umodsys.mod.ui.SDL_GL.obj
 0001:00004be0       ?root_get_interface_info@RMouseController@SDL_GL@ui@modules@UModSys@@UEBAAEBUSUniquePointerInfo@core@5@XZ 0000000180005be0 f i umodsys_lib_libui:umodsys.mod.ui.SDL_GL.obj
 0001:00004bf0       ?root_get_interface_type@RMouseController@SDL_GL@ui@modules@UModSys@@UEBAPEBUSUniquePointerInfo@core@5@XZ 0000000180005bf0 f i umodsys_lib_libui:umodsys.mod.ui.SDL_GL.obj
 0001:00004c00       ?root_get_other_interface@RMouseController@SDL_GL@ui@modules@UModSys@@UEAAPEAUIRoot@core@5@PEBUSUniquePointerInfo@75@@Z 0000000180005c00 f i umodsys_lib_libui:umodsys.mod.ui.SDL_GL.obj
 0001:00004c00       ?root_get_other_interface@RMouseController@SDL_GL@ui@modules@UModSys@@UEBAPEBUIRoot@core@5@PEBUSUniquePointerInfo@75@@Z 0000000180005c00 f i umodsys_lib_libui:umodsys.mod.ui.SDL_GL.obj
 0001:00004c30       ?root_is_interface_supported@RMouseController@SDL_GL@ui@modules@UModSys@@UEBA_NPEBUSUniquePointerInfo@core@5@@Z 0000000180005c30 f i umodsys_lib_libui:umodsys.mod.ui.SDL_GL.obj
 0001:00004c60       ?ref_add@RRenderDriver3D@SDL_GL@ui@modules@UModSys@@UEBAXXZ 0000000180005c60 f i umodsys_lib_libui:umodsys.mod.ui.SDL_GL.obj
 0001:00004c60       ?ref_add@RRenderDriver2D@SDL_core@ui@modules@UModSys@@UEBAXXZ 0000000180005c60 f i umodsys_lib_libui:umodsys.mod.ui.SDL_core.obj
 0001:00004c60       ?ref_add@RKeyboardController@SDL_core@ui@modules@UModSys@@UEBAXXZ 0000000180005c60 f i umodsys_lib_libui:umodsys.mod.ui.SDL_core.obj
 0001:00004c60       ?ref_add@RMouseController@SDL_GL@ui@modules@UModSys@@UEBAXXZ 0000000180005c60 f i umodsys_lib_libui:umodsys.mod.ui.SDL_GL.obj
 0001:00004c60       ?ref_add@RKeyboardController@SDL_GL@ui@modules@UModSys@@UEBAXXZ 0000000180005c60 f i umodsys_lib_libui:umodsys.mod.ui.SDL_GL.obj
 0001:00004c60       ?ref_add@RMouseController@SDL_core@ui@modules@UModSys@@UEBAXXZ 0000000180005c60 f i umodsys_lib_libui:umodsys.mod.ui.SDL_core.obj
 0001:00004c70       ?ref_remove@RKeyboardController@SDL_GL@ui@modules@UModSys@@UEBAXXZ 0000000180005c70 f i umodsys_lib_libui:umodsys.mod.ui.SDL_GL.obj
 0001:00004c70       ?ref_remove@RRenderDriver2D@SDL_core@ui@modules@UModSys@@UEBAXXZ 0000000180005c70 f i umodsys_lib_libui:umodsys.mod.ui.SDL_core.obj
 0001:00004c70       ?ref_remove@RMouseController@SDL_GL@ui@modules@UModSys@@UEBAXXZ 0000000180005c70 f i umodsys_lib_libui:umodsys.mod.ui.SDL_GL.obj
 0001:00004c70       ?ref_remove@RKeyboardController@SDL_core@ui@modules@UModSys@@UEBAXXZ 0000000180005c70 f i umodsys_lib_libui:umodsys.mod.ui.SDL_core.obj
 0001:00004c70       ?ref_remove@RMouseController@SDL_core@ui@modules@UModSys@@UEBAXXZ 0000000180005c70 f i umodsys_lib_libui:umodsys.mod.ui.SDL_core.obj
 0001:00004c70       ?ref_remove@RRenderDriver3D@SDL_GL@ui@modules@UModSys@@UEBAXXZ 0000000180005c70 f i umodsys_lib_libui:umodsys.mod.ui.SDL_GL.obj
 0001:00004c80       ?root_get_interface_info@RTerminal@SDL_GL@ui@modules@UModSys@@UEBAAEBUSUniquePointerInfo@core@5@XZ 0000000180005c80 f i umodsys_lib_libui:umodsys.mod.ui.SDL_GL.obj
 0001:00004c90       ?root_get_interface_type@RTerminal@SDL_GL@ui@modules@UModSys@@UEBAPEBUSUniquePointerInfo@core@5@XZ 0000000180005c90 f i umodsys_lib_libui:umodsys.mod.ui.SDL_GL.obj
 0001:00004ca0       ?root_get_other_interface@RTerminal@SDL_GL@ui@modules@UModSys@@UEBAPEBUIRoot@core@5@PEBUSUniquePointerInfo@75@@Z 0000000180005ca0 f i umodsys_lib_libui:umodsys.mod.ui.SDL_GL.obj
 0001:00004ca0       ?root_get_other_interface@RTerminal@SDL_GL@ui@modules@UModSys@@UEAAPEAUIRoot@core@5@PEBUSUniquePointerInfo@75@@Z 0000000180005ca0 f i umodsys_lib_libui:umodsys.mod.ui.SDL_GL.obj
 0001:00004cd0       ?root_is_interface_supported@RTerminal@SDL_GL@ui@modules@UModSys@@UEBA_NPEBUSUniquePointerInfo@core@5@@Z 0000000180005cd0 f i umodsys_lib_libui:umodsys.mod.ui.SDL_GL.obj
 0001:00004d00       ?suicide@RGeneral@object_primitive@stdlib@lib3d@modules@UModSys@@UEAAXXZ 0000000180005d00 f i umodsys_lib_lib3d:umodsys.mod.3d.stdlib.obj
 0001:00004d00       ?suicide@RSerializeReader@serialize_json@media@modules@UModSys@@UEAAXXZ 0000000180005d00 f i umodsys_lib_libmedia:umodsys.mod.media.serialize_json.obj
 0001:00004d00       ?suicide@RBinArchiveFrameClient_ZIP@zlib@media@modules@UModSys@@UEAAXXZ 0000000180005d00 f i umodsys_lib_libmedia:umodsys.mod.media.zlib.obj
 0001:00004d00       ?suicide@RTerminal@SDL_core@ui@modules@UModSys@@UEAAXXZ 0000000180005d00 f i umodsys_lib_libui:umodsys.mod.ui.SDL_core.obj
 0001:00004d00       ?suicide@RTerminal@SDL_GL@ui@modules@UModSys@@UEAAXXZ 0000000180005d00 f i umodsys_lib_libui:umodsys.mod.ui.SDL_GL.obj
 0001:00004d00       ?suicide@RVisualizerScene@stdlib@lib3d@modules@UModSys@@UEAAXXZ 0000000180005d00 f i umodsys_lib_lib3d:umodsys.mod.3d.stdlib.obj
 0001:00004d00       ?suicide@RGeneral@object_camera@stdlib@lib3d@modules@UModSys@@UEAAXXZ 0000000180005d00 f i umodsys_lib_lib3d:umodsys.mod.3d.stdlib.obj
 0001:00004d00       ?suicide@RMultiImage@stdlib@lib2d@modules@UModSys@@UEAAXXZ 0000000180005d00 f i umodsys_lib_lib2d:umodsys.mod.2d.stdlib.obj
 0001:00004d00       ?suicide@RImageFactory_Memory@stdlib@lib2d@modules@UModSys@@UEAAXXZ 0000000180005d00 f i umodsys_lib_lib2d:umodsys.mod.2d.stdlib.obj
 0001:00004d00       ?suicide@RImage_Memory@stdlib@lib2d@modules@UModSys@@UEAAXXZ 0000000180005d00 f i umodsys_lib_lib2d:umodsys.mod.2d.stdlib.obj
 0001:00004d50       ?root_get_interface_info@RMultiImage2D_SDL_ttf@SDL_GL@ui@modules@UModSys@@UEBAAEBUSUniquePointerInfo@core@5@XZ 0000000180005d50 f i umodsys_lib_libui:umodsys.mod.ui.SDL_GL.obj
 0001:00004d60       ?root_get_interface_type@RMultiImage2D_SDL_ttf@SDL_GL@ui@modules@UModSys@@UEBAPEBUSUniquePointerInfo@core@5@XZ 0000000180005d60 f i umodsys_lib_libui:umodsys.mod.ui.SDL_GL.obj
 0001:00004d70       ?root_get_other_interface@RMultiImage2D_SDL_ttf@SDL_GL@ui@modules@UModSys@@UEBAPEBUIRoot@core@5@PEBUSUniquePointerInfo@75@@Z 0000000180005d70 f i umodsys_lib_libui:umodsys.mod.ui.SDL_GL.obj
 0001:00004d70       ?root_get_other_interface@RMultiImage2D_SDL_ttf@SDL_GL@ui@modules@UModSys@@UEAAPEAUIRoot@core@5@PEBUSUniquePointerInfo@75@@Z 0000000180005d70 f i umodsys_lib_libui:umodsys.mod.ui.SDL_GL.obj
 0001:00004da0       ?root_is_interface_supported@RMultiImage2D_SDL_ttf@SDL_GL@ui@modules@UModSys@@UEBA_NPEBUSUniquePointerInfo@core@5@@Z 0000000180005da0 f i umodsys_lib_libui:umodsys.mod.ui.SDL_GL.obj
 0001:00004dd0       ??1Glyph@RMultiImage2D_SDL_ttf@SDL_GL@ui@modules@UModSys@@QEAA@XZ 0000000180005dd0 f i umodsys_lib_libui:umodsys.mod.ui.SDL_GL.obj
 0001:00004e00       ?get_ctrldata@RFrame_Edit@frames@ui@modules@UModSys@@UEAAPEAUIControllerData@libui@5@XZ 0000000180005e00 f i umodsys_lib_libui:umodsys.mod.ui.frames.obj
 0001:00004e00       ?get_list@RFrame_Image@frames@ui@modules@UModSys@@UEAAPEAUIFrameList@libui@5@XZ 0000000180005e00 f i umodsys_lib_libui:umodsys.mod.ui.frames.obj
 0001:00004e00       ?get_ctrlcmd@RFrame_Frame@frames@ui@modules@UModSys@@UEAAPEAUIControllerCommand@libui@5@XZ 0000000180005e00 f i umodsys_lib_libui:umodsys.mod.ui.frames.obj
 0001:00004e00       ?get_ctrlcmd@RFrame_List@frames@ui@modules@UModSys@@UEAAPEAUIControllerCommand@libui@5@XZ 0000000180005e00 f i umodsys_lib_libui:umodsys.mod.ui.frames.obj
 0001:00004e00       ?get_list@RFrame_Edit@frames@ui@modules@UModSys@@UEAAPEAUIFrameList@libui@5@XZ 0000000180005e00 f i umodsys_lib_libui:umodsys.mod.ui.frames.obj
 0001:00004e00       ?get_layer_count@RMultiImage2D_SDL_ttf@SDL_core@ui@modules@UModSys@@UEBAGXZ 0000000180005e00 f i umodsys_lib_libui:umodsys.mod.ui.SDL_core.obj
 0001:00004e00       ?get_cell_count@RMultiImage2D_SDL_ttf@SDL_core@ui@modules@UModSys@@UEBAIXZ 0000000180005e00 f i umodsys_lib_libui:umodsys.mod.ui.SDL_core.obj
 0001:00004e00       ?get_ctrldata@RFrame_Button@frames@ui@modules@UModSys@@UEAAPEAUIControllerData@libui@5@XZ 0000000180005e00 f i umodsys_lib_libui:umodsys.mod.ui.frames.obj
 0001:00004e00       ?get_list@RFrame_Text@frames@ui@modules@UModSys@@UEAAPEAUIFrameList@libui@5@XZ 0000000180005e00 f i umodsys_lib_libui:umodsys.mod.ui.frames.obj
 0001:00004e00       ?get_layer@RMultiImage2D_SDL_ttf@SDL_core@ui@modules@UModSys@@UEBAPEAUIImage@lib2d@5@G@Z 0000000180005e00 f i umodsys_lib_libui:umodsys.mod.ui.SDL_core.obj
 0001:00004e00       ?get_ctrldata@RFrame_List@frames@ui@modules@UModSys@@UEAAPEAUIControllerData@libui@5@XZ 0000000180005e00 f i umodsys_lib_libui:umodsys.mod.ui.frames.obj
 0001:00004e00       ?get_ctrldata@RFrame_Frame@frames@ui@modules@UModSys@@UEAAPEAUIControllerData@libui@5@XZ 0000000180005e00 f i umodsys_lib_libui:umodsys.mod.ui.frames.obj
 0001:00004e00       ?get_data@RFrame_Image@frames@ui@modules@UModSys@@UEAAPEAUIFrameData@libui@5@XZ 0000000180005e00 f i umodsys_lib_libui:umodsys.mod.ui.frames.obj
 0001:00004e00       ?get_ctrlcmd@RFrame_Edit@frames@ui@modules@UModSys@@UEAAPEAUIControllerCommand@libui@5@XZ 0000000180005e00 f i umodsys_lib_libui:umodsys.mod.ui.frames.obj
 0001:00004e00       ?get_ctrlcmd@RFrame_Button@frames@ui@modules@UModSys@@UEAAPEAUIControllerCommand@libui@5@XZ 0000000180005e00 f i umodsys_lib_libui:umodsys.mod.ui.frames.obj
 0001:00004e00       ?get_up_theme@RCollector@frames@ui@modules@UModSys@@UEAAPEAUICollectorTheme@libui@5@XZ 0000000180005e00 f i umodsys_lib_libui:umodsys.mod.ui.frames.obj
 0001:00004e00       ?get_ctrlcmd@RFrame_Text@frames@ui@modules@UModSys@@UEAAPEAUIControllerCommand@libui@5@XZ 0000000180005e00 f i umodsys_lib_libui:umodsys.mod.ui.frames.obj
 0001:00004e00       ?get_ctrldata@RFrame_Image@frames@ui@modules@UModSys@@UEAAPEAUIControllerData@libui@5@XZ 0000000180005e00 f i umodsys_lib_libui:umodsys.mod.ui.frames.obj
 0001:00004e00       ?get_cell_count@RMultiImage2D_SDL_ttf@SDL_GL@ui@modules@UModSys@@UEBAIXZ 0000000180005e00 f i umodsys_lib_libui:umodsys.mod.ui.SDL_GL.obj
 0001:00004e00       ?get_list@RFrame_Button@frames@ui@modules@UModSys@@UEAAPEAUIFrameList@libui@5@XZ 0000000180005e00 f i umodsys_lib_libui:umodsys.mod.ui.frames.obj
 0001:00004e00       ?get_layer@RMultiImage2D_SDL_ttf@SDL_GL@ui@modules@UModSys@@UEBAPEAUIImage@lib2d@5@G@Z 0000000180005e00 f i umodsys_lib_libui:umodsys.mod.ui.SDL_GL.obj
 0001:00004e00       ?get_data@RFrame_Frame@frames@ui@modules@UModSys@@UEAAPEAUIFrameData@libui@5@XZ 0000000180005e00 f i umodsys_lib_libui:umodsys.mod.ui.frames.obj
 0001:00004e00       ?get_ctrldata@RFrame_Text@frames@ui@modules@UModSys@@UEAAPEAUIControllerData@libui@5@XZ 0000000180005e00 f i umodsys_lib_libui:umodsys.mod.ui.frames.obj
 0001:00004e00       ?get_layer_count@RMultiImage2D_SDL_ttf@SDL_GL@ui@modules@UModSys@@UEBAGXZ 0000000180005e00 f i umodsys_lib_libui:umodsys.mod.ui.SDL_GL.obj
 0001:00004e00       ?get_ctrlcmd@RFrame_Image@frames@ui@modules@UModSys@@UEAAPEAUIControllerCommand@libui@5@XZ 0000000180005e00 f i umodsys_lib_libui:umodsys.mod.ui.frames.obj
 0001:00004e00       ?get_data@RFrame_Button@frames@ui@modules@UModSys@@UEAAPEAUIFrameData@libui@5@XZ 0000000180005e00 f i umodsys_lib_libui:umodsys.mod.ui.frames.obj
 0001:00004e00       ?get_list@RFrame_Frame@frames@ui@modules@UModSys@@UEAAPEAUIFrameList@libui@5@XZ 0000000180005e00 f i umodsys_lib_libui:umodsys.mod.ui.frames.obj
 0001:00004e10       ?get_cell@RMultiImage2D_SDL_ttf@SDL_GL@ui@modules@UModSys@@UEBA_NIAEAUSImageCellInfo@lib2d@5@@Z 0000000180005e10 f i umodsys_lib_libui:umodsys.mod.ui.SDL_GL.obj
 0001:00004e10       ?setup_variable_cell@RMultiImage2D_SDL_ttf@SDL_core@ui@modules@UModSys@@UEAA_NPEBUSImageCellInfo@lib2d@5@KK@Z 0000000180005e10 f i umodsys_lib_libui:umodsys.mod.ui.SDL_core.obj
 0001:00004e10       ?setup_variable_cell@RMultiImage2D_SDL_ttf@SDL_GL@ui@modules@UModSys@@UEAA_NPEBUSImageCellInfo@lib2d@5@KK@Z 0000000180005e10 f i umodsys_lib_libui:umodsys.mod.ui.SDL_GL.obj
 0001:00004e10       ?mouse_event@RFrame_Common@frames@ui@modules@UModSys@@MEAA_NPEBUSMouseInput@libui@5@@Z 0000000180005e10 f i umodsys_lib_libui:umodsys.mod.ui.frames.obj
 0001:00004e10       ?get_cell@RMultiImage2D_SDL_ttf@SDL_GL@ui@modules@UModSys@@UEBA_NIAEAU?$TVector2@H@math3d@5@PEAU675@PEAG@Z 0000000180005e10 f i umodsys_lib_libui:umodsys.mod.ui.SDL_GL.obj
 0001:00004e10       ?isfull@?$TRStackSocket@PEAUIVisualObject@lib3d@UModSys@@U?$TDynarrayDynamic@PEAUIVisualObject@lib3d@UModSys@@U?$TAllocator@USIMemAlloc@core@UModSys@@USCountCalcPower2@23@@tl@3@@tl@3@@tl@UModSys@@UEBA_NXZ 0000000180005e10 f i umodsys_lib_lib3d:umodsys.mod.3d.stdlib.obj
 0001:00004e10       ?set_hint@RMultiImage2D_SDL_ttf@SDL_core@ui@modules@UModSys@@UEAA_NPEBD0@Z 0000000180005e10 f i umodsys_lib_libui:umodsys.mod.ui.SDL_core.obj
 0001:00004e10       ?get_cell@RMultiImage2D_SDL_ttf@SDL_core@ui@modules@UModSys@@UEBA_NIAEAUSImageCellInfo@lib2d@5@@Z 0000000180005e10 f i umodsys_lib_libui:umodsys.mod.ui.SDL_core.obj
 0001:00004e10       ?get_cell@RMultiImage2D_SDL_ttf@SDL_core@ui@modules@UModSys@@UEBA_NIAEAU?$TVector2@H@math3d@5@PEAU675@PEAG@Z 0000000180005e10 f i umodsys_lib_libui:umodsys.mod.ui.SDL_core.obj
 0001:00004e10       ?setup_fixed_cell@RMultiImage2D_SDL_ttf@SDL_core@ui@modules@UModSys@@UEAA_NHH@Z 0000000180005e10 f i umodsys_lib_libui:umodsys.mod.ui.SDL_core.obj
 0001:00004e10       ?key_event@RFrame_Common@frames@ui@modules@UModSys@@MEAA_NAEBUSKeyboardInputText@libui@5@@Z 0000000180005e10 f i umodsys_lib_libui:umodsys.mod.ui.frames.obj
 0001:00004e10       ?key_event@RFrame_Common@frames@ui@modules@UModSys@@MEAA_NAEBUSKeyboardInputRaw@libui@5@@Z 0000000180005e10 f i umodsys_lib_libui:umodsys.mod.ui.frames.obj
[...]
 0001:00051c40       ??__F?s_id@?$TObjectUniqueID@UIBinArchiveFrame@libmedia@UModSys@@@tl@UModSys@@2USUniquePointer@core@3@A@@YAXXZ 0000000180052c40 f    CIL library: CIL module
 0001:00051c50       ??__F?s_id@?$TObjectUniqueID@UILibraryLayered@libmedia@UModSys@@@tl@UModSys@@2USUniquePointer@core@3@A@@YAXXZ 0000000180052c50 f    CIL library: CIL module
 0001:00051c60       ??__F?s_id@?$TObjectUniqueID@UILibraryObjCache@libmedia@UModSys@@@tl@UModSys@@2USUniquePointer@core@3@A@@YAXXZ 0000000180052c60 f    CIL library: CIL module
 0001:00051c70       ??__F?s_id@?$TObjectUniqueID@UILibraryObjFilter@libmedia@UModSys@@@tl@UModSys@@2USUniquePointer@core@3@A@@YAXXZ 0000000180052c70 f    CIL library: CIL module
 0001:00051c80       ??__F?s_id@?$TObjectUniqueID@UILibraryBinCache@libmedia@UModSys@@@tl@UModSys@@2USUniquePointer@core@3@A@@YAXXZ 0000000180052c80 f    CIL library: CIL module
 0001:00051c90       ??__F?s_id@?$TObjectUniqueID@UILibraryBinTree@libmedia@UModSys@@@tl@UModSys@@2USUniquePointer@core@3@A@@YAXXZ 0000000180052c90 f    CIL library: CIL module
 0001:00051ca0       ??__F?s_id@?$TObjectUniqueID@UILibrary@libmedia@UModSys@@@tl@UModSys@@2USUniquePointer@core@3@A@@YAXXZ 0000000180052ca0 f    CIL library: CIL module
 0001:00051cb0       ??__F?s_id@?$TObjectUniqueID@UIBinObjFilter@libmedia@UModSys@@@tl@UModSys@@2USUniquePointer@core@3@A@@YAXXZ 0000000180052cb0 f    CIL library: CIL module
 0001:00051cc0       ??__F?s_id@?$TObjectUniqueID@UIBinArchive@libmedia@UModSys@@@tl@UModSys@@2USUniquePointer@core@3@A@@YAXXZ 0000000180052cc0 f    CIL library: CIL module
 0001:00051cd0       ??__F?s_id@?$TObjectUniqueID@UILibObject@libmedia@UModSys@@@tl@UModSys@@2USUniquePointer@core@3@A@@YAXXZ 0000000180052cd0 f    CIL library: CIL module
 0001:00051ce0       ??__F?s_id@?$TObjectUniqueID@UIUtilities@libmedia@UModSys@@@tl@UModSys@@2USUniquePointer@core@3@A@@YAXXZ 0000000180052ce0 f    CIL library: CIL module
 0001:00051cf0       ??__F?s_id@?$TObjectUniqueID@UIStreamWriter@libmedia@UModSys@@@tl@UModSys@@2USUniquePointer@core@3@A@@YAXXZ 0000000180052cf0 f    CIL library: CIL module
 0001:00051d00       ??__F?s_id@?$TObjectUniqueID@UIStreamReader@libmedia@UModSys@@@tl@UModSys@@2USUniquePointer@core@3@A@@YAXXZ 0000000180052d00 f    CIL library: CIL module
 0001:00051d10       ??__F?s_id@?$TObjectUniqueID@UISystem@base@UModSys@@@tl@UModSys@@2USUniquePointer@core@3@A@@YAXXZ 0000000180052d10 f    CIL library: CIL module
 0001:00051d20       ??__F?s_id@?$TObjectUniqueID@UIShell@base@UModSys@@@tl@UModSys@@2USUniquePointer@core@3@A@@YAXXZ 0000000180052d20 f    CIL library: CIL module
 0001:00051d30       ??__F?s_id@?$TObjectUniqueID@UIGenerator@base@UModSys@@@tl@UModSys@@2USUniquePointer@core@3@A@@YAXXZ 0000000180052d30 f    CIL library: CIL module
 0001:00051d40       ??__F?s_id@?$TObjectUniqueID@UIModObject@base@UModSys@@@tl@UModSys@@2USUniquePointer@core@3@A@@YAXXZ 0000000180052d40 f    CIL library: CIL module
 0001:00051d50       ??__F?s_id@?$TObjectUniqueID@UIModuleLibrary@base@UModSys@@@tl@UModSys@@2USUniquePointer@core@3@A@@YAXXZ 0000000180052d50 f    CIL library: CIL module
 0001:00051d60       ??__F?s_id@?$TObjectUniqueID@UIModule@base@UModSys@@@tl@UModSys@@2USUniquePointer@core@3@A@@YAXXZ 0000000180052d60 f    CIL library: CIL module
 0001:00051d70       ??__F?s_id@?$TObjectUniqueID@UIConsole@base@UModSys@@@tl@UModSys@@2USUniquePointer@core@3@A@@YAXXZ 0000000180052d70 f    CIL library: CIL module
 0001:00051d80       ??__F?s_id@?$TObjectUniqueID@UIParameters@core@UModSys@@@tl@UModSys@@2USUniquePointer@core@3@A@@YAXXZ 0000000180052d80 f    CIL library: CIL module
 0001:00051d90       ??__F?s_id@?$TObjectUniqueID@UIRefObject@core@UModSys@@@tl@UModSys@@2USUniquePointer@core@3@A@@YAXXZ 0000000180052d90 f    CIL library: CIL module
 0001:00051da0       ??__F?s_id@?$TObjectUniqueID@UIRoot@core@UModSys@@@tl@UModSys@@2USUniquePointer@core@3@A@@YAXXZ 0000000180052da0 f    CIL library: CIL module
 0001:00051db0       ??__F?s_id@?$TDataUniqueID@F@tl@UModSys@@2USUniquePointer@core@3@A@@YAXXZ 0000000180052db0 f    CIL library: CIL module
 0001:00051dc0       ??__F?s_id@?$TDataUniqueID@M@tl@UModSys@@2USUniquePointer@core@3@A@@YAXXZ 0000000180052dc0 f    CIL library: CIL module
 0001:00051dd0       ??__F?s_id@?$TDataUniqueID@H@tl@UModSys@@2USUniquePointer@core@3@A@@YAXXZ 0000000180052dd0 f    CIL library: CIL module
 0001:00051de0       ??__F?s_id@?$TConstUniqueID@W4eConsoleLevels@base@UModSys@@$00@tl@UModSys@@2USUniquePointer@core@3@A@@YAXXZ 0000000180052de0 f    CIL library: CIL module
 0001:00051df0       ??__Fs_dbg@stdlib@lib3d@modules@UModSys@@YAXXZ 0000000180052df0 f    CIL library: CIL module
 0001:00051e00       ??__F?s_modreg@RModuleReg@stdlib@lib3d@modules@UModSys@@2U12345@A@@YAXXZ 0000000180052e00 f    CIL library: CIL module
 0001:00051e20       ??__F?s_modreg_chain@RModuleReg@stdlib@lib3d@modules@UModSys@@2USModuleRegChain@base@5@A@@YAXXZ 0000000180052e20 f    CIL library: CIL module
 0001:00051e30       ??__F?s_uid@RGenerator@stdlib@lib3d@modules@UModSys@@2USUniquePointer@core@5@A@@YAXXZ 0000000180052e30 f    CIL library: CIL module
 0001:00051e40       ??__Fh@?1??s_holder@RGenerator@stdlib@lib3d@modules@UModSys@@SAAEAU?$TTypeStaticHolder@URGenerator@stdlib@lib3d@modules@UModSys@@@tl@5@XZ@YAXXZ 0000000180052e40 f    CIL library: CIL module
 0001:00051e70       ??__F?s_id@?$TObjectUniqueID@URGenerator@stdlib@lib3d@modules@UModSys@@@tl@UModSys@@2USUniquePointer@core@3@A@@YAXXZ 0000000180052e70 f    CIL library: CIL module
 0001:00051e80       ??__F?s_id@?$TObjectUniqueID@URVisual@object_camera@stdlib@lib3d@modules@UModSys@@@tl@UModSys@@2USUniquePointer@core@3@A@@YAXXZ 0000000180052e80 f    CIL library: CIL module
 0001:00051e90       ??__F?s_id@?$TObjectUniqueID@URGeneral@object_camera@stdlib@lib3d@modules@UModSys@@@tl@UModSys@@2USUniquePointer@core@3@A@@YAXXZ 0000000180052e90 f    CIL library: CIL module
 0001:00051ea0       ??__F?s_id@?$TObjectUniqueID@URVisual@object_primitive@stdlib@lib3d@modules@UModSys@@@tl@UModSys@@2USUniquePointer@core@3@A@@YAXXZ 0000000180052ea0 f    CIL library: CIL module
 0001:00051eb0       ??__F?s_id@?$TObjectUniqueID@URRender@object_primitive@stdlib@lib3d@modules@UModSys@@@tl@UModSys@@2USUniquePointer@core@3@A@@YAXXZ 0000000180052eb0 f    CIL library: CIL module
 0001:00051ec0       ??__F?s_id@?$TObjectUniqueID@URGeneral@object_primitive@stdlib@lib3d@modules@UModSys@@@tl@UModSys@@2USUniquePointer@core@3@A@@YAXXZ 0000000180052ec0 f    CIL library: CIL module
 0001:00051ed0       ??__F?s_id@?$TObjectUniqueID@URVisualSceneMapper_Direct@stdlib@lib3d@modules@UModSys@@@tl@UModSys@@2USUniquePointer@core@3@A@@YAXXZ 0000000180052ed0 f    CIL library: CIL module
 0001:00051ee0       ??__F?s_id@?$TObjectUniqueID@URVisualizerScene@stdlib@lib3d@modules@UModSys@@@tl@UModSys@@2USUniquePointer@core@3@A@@YAXXZ 0000000180052ee0 f    CIL library: CIL module
 0001:00051ef0       ??__F?s_id@?$TObjectUniqueID@URRenderer@stdlib@lib3d@modules@UModSys@@@tl@UModSys@@2USUniquePointer@core@3@A@@YAXXZ 0000000180052ef0 f    CIL library: CIL module
 0001:00051f00       ??__Fs_dbg@stdlib@lib2d@modules@UModSys@@YAXXZ 0000000180052f00 f    CIL library: CIL module
 0001:00051f10       ??__F?s_modreg@RModuleReg@stdlib@lib2d@modules@UModSys@@2U12345@A@@YAXXZ 0000000180052f10 f    CIL library: CIL module
 0001:00051f30       ??__F?s_modreg_chain@RModuleReg@stdlib@lib2d@modules@UModSys@@2USModuleRegChain@base@5@A@@YAXXZ 0000000180052f30 f    CIL library: CIL module
 0001:00051f40       ??__F?s_uid@RGenerator@stdlib@lib2d@modules@UModSys@@2USUniquePointer@core@5@A@@YAXXZ 0000000180052f40 f    CIL library: CIL module
 0001:00051f50       ??__Fh@?1??s_holder@RGenerator@stdlib@lib2d@modules@UModSys@@SAAEAU?$TTypeStaticHolder@URGenerator@stdlib@lib2d@modules@UModSys@@@tl@5@XZ@YAXXZ 0000000180052f50 f    CIL library: CIL module
 0001:00051f80       ??__F?s_id@?$TObjectUniqueID@URGenerator@stdlib@lib2d@modules@UModSys@@@tl@UModSys@@2USUniquePointer@core@3@A@@YAXXZ 0000000180052f80 f    CIL library: CIL module
 0001:00051f90       ??__F?s_id@?$TObjectUniqueID@URMultiImage@stdlib@lib2d@modules@UModSys@@@tl@UModSys@@2USUniquePointer@core@3@A@@YAXXZ 0000000180052f90 f    CIL library: CIL module
 0001:00051fa0       ??__F?s_id@?$TObjectUniqueID@URImageFactory_Memory@stdlib@lib2d@modules@UModSys@@@tl@UModSys@@2USUniquePointer@core@3@A@@YAXXZ 0000000180052fa0 f    CIL library: CIL module
 0001:00051fb0       ??__F?s_id@?$TObjectUniqueID@URImage_Memory@stdlib@lib2d@modules@UModSys@@@tl@UModSys@@2USUniquePointer@core@3@A@@YAXXZ 0000000180052fb0 f    CIL library: CIL module
 0001:00051fc0       ??__Fs_dbg@SDL_GL@ui@modules@UModSys@@YAXXZ 0000000180052fc0 f    CIL library: CIL module
 0001:00051fd0       ??__F?s_modreg@RModuleReg@SDL_GL@ui@modules@UModSys@@2U12345@A@@YAXXZ 0000000180052fd0 f    CIL library: CIL module
 0001:00051ff0       ??__F?s_modreg_chain@RModuleReg@SDL_GL@ui@modules@UModSys@@2USModuleRegChain@base@5@A@@YAXXZ 0000000180052ff0 f    CIL library: CIL module
 0001:00052000       ??__F?s_uid@RGenerator@SDL_GL@ui@modules@UModSys@@2USUniquePointer@core@5@A@@YAXXZ 0000000180053000 f    CIL library: CIL module
 0001:00052010       ??__Fh@?1??s_holder@RGenerator@SDL_GL@ui@modules@UModSys@@SAAEAU?$TTypeStaticHolder@URGenerator@SDL_GL@ui@modules@UModSys@@@tl@5@XZ@YAXXZ 0000000180053010 f    CIL library: CIL module
 0001:00052040       ??__F?s_id@?$TObjectUniqueID@URGenerator@SDL_GL@ui@modules@UModSys@@@tl@UModSys@@2USUniquePointer@core@3@A@@YAXXZ 0000000180053040 f    CIL library: CIL module
 0001:00052050       ??__F?s_id@?$TObjectUniqueID@URVertexArray@SDL_GL@ui@modules@UModSys@@@tl@UModSys@@2USUniquePointer@core@3@A@@YAXXZ 0000000180053050 f    CIL library: CIL module
 0001:00052060       ??__F?s_id@?$TObjectUniqueID@URTerminalX@SDL_GL@ui@modules@UModSys@@@tl@UModSys@@2USUniquePointer@core@3@A@@YAXXZ 0000000180053060 f    CIL library: CIL module
 0001:00052070       ??__F?s_id@?$TObjectUniqueID@URRenderDriver3D@SDL_GL@ui@modules@UModSys@@@tl@UModSys@@2USUniquePointer@core@3@A@@YAXXZ 0000000180053070 f    CIL library: CIL module
 0001:00052080       ??__F?s_id@?$TObjectUniqueID@URMultiImage2D_SDL_ttf@SDL_GL@ui@modules@UModSys@@@tl@UModSys@@2USUniquePointer@core@3@A@@YAXXZ 0000000180053080 f    CIL library: CIL module
 0001:00052090       ??__F?s_id@?$TObjectUniqueID@URTerminal@SDL_GL@ui@modules@UModSys@@@tl@UModSys@@2USUniquePointer@core@3@A@@YAXXZ 0000000180053090 f    CIL library: CIL module
 0001:000520a0       ??__F?s_id@?$TObjectUniqueID@URMouseController@SDL_GL@ui@modules@UModSys@@@tl@UModSys@@2USUniquePointer@core@3@A@@YAXXZ 00000001800530a0 f    CIL library: CIL module
 0001:000520b0       ??__F?s_id@?$TObjectUniqueID@URKeyboardController@SDL_GL@ui@modules@UModSys@@@tl@UModSys@@2USUniquePointer@core@3@A@@YAXXZ 00000001800530b0 f    CIL library: CIL module
 0001:000520c0       ??__Fs_dbg@SDL_core@ui@modules@UModSys@@YAXXZ 00000001800530c0 f    CIL library: CIL module
 0001:000520d0       ??__F?s_modreg@RModuleReg@SDL_core@ui@modules@UModSys@@2U12345@A@@YAXXZ 00000001800530d0 f    CIL library: CIL module
 0001:000520f0       ??__F?s_modreg_chain@RModuleReg@SDL_core@ui@modules@UModSys@@2USModuleRegChain@base@5@A@@YAXXZ 00000001800530f0 f    CIL library: CIL module
 0001:00052100       ??__F?s_uid@RGenerator@SDL_core@ui@modules@UModSys@@2USUniquePointer@core@5@A@@YAXXZ 0000000180053100 f    CIL library: CIL module
 0001:00052110       ??__Fh@?1??s_holder@RGenerator@SDL_core@ui@modules@UModSys@@SAAEAU?$TTypeStaticHolder@URGenerator@SDL_core@ui@modules@UModSys@@@tl@5@XZ@YAXXZ 0000000180053110 f    CIL library: CIL module
 0001:00052140       ??__F?s_id@?$TObjectUniqueID@URGenerator@SDL_core@ui@modules@UModSys@@@tl@UModSys@@2USUniquePointer@core@3@A@@YAXXZ 0000000180053140 f    CIL library: CIL module
 0001:00052150       ??__F?s_id@?$TObjectUniqueID@URTerminalX@SDL_core@ui@modules@UModSys@@@tl@UModSys@@2USUniquePointer@core@3@A@@YAXXZ 0000000180053150 f    CIL library: CIL module
 0001:00052160       ??__F?s_id@?$TObjectUniqueID@URRenderDriver2D@SDL_core@ui@modules@UModSys@@@tl@UModSys@@2USUniquePointer@core@3@A@@YAXXZ 0000000180053160 f    CIL library: CIL module
 0001:00052170       ??__F?s_id@?$TObjectUniqueID@URMultiImage2D_SDL_ttf@SDL_core@ui@modules@UModSys@@@tl@UModSys@@2USUniquePointer@core@3@A@@YAXXZ 0000000180053170 f    CIL library: CIL module
 0001:00052180       ??__F?s_id@?$TObjectUniqueID@URTerminal@SDL_core@ui@modules@UModSys@@@tl@UModSys@@2USUniquePointer@core@3@A@@YAXXZ 0000000180053180 f    CIL library: CIL module
 0001:00052190       ??__F?s_id@?$TObjectUniqueID@URMouseController@SDL_core@ui@modules@UModSys@@@tl@UModSys@@2USUniquePointer@core@3@A@@YAXXZ 0000000180053190 f    CIL library: CIL module
 0001:000521a0       ??__F?s_id@?$TObjectUniqueID@URKeyboardController@SDL_core@ui@modules@UModSys@@@tl@UModSys@@2USUniquePointer@core@3@A@@YAXXZ 00000001800531a0 f    CIL library: CIL module
 0001:000521b0       ??__Fs_dbg@frames@ui@modules@UModSys@@YAXXZ 00000001800531b0 f    CIL library: CIL module
 0001:000521c0       ??__F?s_modreg@RModuleReg@frames@ui@modules@UModSys@@2U12345@A@@YAXXZ 00000001800531c0 f    CIL library: CIL module
 0001:000521e0       ??__F?s_modreg_chain@RModuleReg@frames@ui@modules@UModSys@@2USModuleRegChain@base@5@A@@YAXXZ 00000001800531e0 f    CIL library: CIL module
 0001:000521f0       ??__F?s_uid@RGenerator@frames@ui@modules@UModSys@@2USUniquePointer@core@5@A@@YAXXZ 00000001800531f0 f    CIL library: CIL module
 0001:00052200       ??__Fh@?1??s_holder@RGenerator@frames@ui@modules@UModSys@@SAAEAU?$TTypeStaticHolder@URGenerator@frames@ui@modules@UModSys@@@tl@5@XZ@YAXXZ 0000000180053200 f    CIL library: CIL module
 0001:00052230       ??__F?s_id@?$TObjectUniqueID@URGenerator@frames@ui@modules@UModSys@@@tl@UModSys@@2USUniquePointer@core@3@A@@YAXXZ 0000000180053230 f    CIL library: CIL module
 0001:00052240       ??__F?s_id@?$TObjectUniqueID@URCollector@frames@ui@modules@UModSys@@@tl@UModSys@@2USUniquePointer@core@3@A@@YAXXZ 0000000180053240 f    CIL library: CIL module
 0001:00052250       ??__F?s_id@?$TObjectUniqueID@URFrame_List@frames@ui@modules@UModSys@@@tl@UModSys@@2USUniquePointer@core@3@A@@YAXXZ 0000000180053250 f    CIL library: CIL module
 0001:00052260       ??__F?s_id@?$TObjectUniqueID@URFrame_Edit@frames@ui@modules@UModSys@@@tl@UModSys@@2USUniquePointer@core@3@A@@YAXXZ 0000000180053260 f    CIL library: CIL module
 0001:00052270       ??__F?s_id@?$TObjectUniqueID@URFrame_Button@frames@ui@modules@UModSys@@@tl@UModSys@@2USUniquePointer@core@3@A@@YAXXZ 0000000180053270 f    CIL library: CIL module
 0001:00052280       ??__F?s_id@?$TObjectUniqueID@URFrame_Text@frames@ui@modules@UModSys@@@tl@UModSys@@2USUniquePointer@core@3@A@@YAXXZ 0000000180053280 f    CIL library: CIL module
 0001:00052290       ??__F?s_id@?$TObjectUniqueID@URFrame_Image@frames@ui@modules@UModSys@@@tl@UModSys@@2USUniquePointer@core@3@A@@YAXXZ 0000000180053290 f    CIL library: CIL module
 0001:000522a0       ??__F?s_id@?$TObjectUniqueID@URFrame_Frame@frames@ui@modules@UModSys@@@tl@UModSys@@2USUniquePointer@core@3@A@@YAXXZ 00000001800532a0 f    CIL library: CIL module
 0001:000522b0       ??__F?s_id@?$TObjectUniqueID@URDialog@frames@ui@modules@UModSys@@@tl@UModSys@@2USUniquePointer@core@3@A@@YAXXZ 00000001800532b0 f    CIL library: CIL module
 0001:000522c0       ??__F?s_id@?$TObjectUniqueID@URFrame_Common@frames@ui@modules@UModSys@@@tl@UModSys@@2USUniquePointer@core@3@A@@YAXXZ 00000001800532c0 f    CIL library: CIL module
 0001:000522d0       ??__Fs_dbg@images_std@media@modules@UModSys@@YAXXZ 00000001800532d0 f    CIL library: CIL module
 0001:000522e0       ??__F?s_modreg@RModuleReg@images_std@media@modules@UModSys@@2U12345@A@@YAXXZ 00000001800532e0 f    CIL library: CIL module
 0001:00052300       ??__F?s_modreg_chain@RModuleReg@images_std@media@modules@UModSys@@2USModuleRegChain@base@5@A@@YAXXZ 0000000180053300 f    CIL library: CIL module
 0001:00052310       ??__F?s_uid@RGenerator@images_std@media@modules@UModSys@@2USUniquePointer@core@5@A@@YAXXZ 0000000180053310 f    CIL library: CIL module
 0001:00052320       ??__Fh@?1??s_holder@RGenerator@images_std@media@modules@UModSys@@SAAEAU?$TTypeStaticHolder@URGenerator@images_std@media@modules@UModSys@@@tl@5@XZ@YAXXZ 0000000180053320 f    CIL library: CIL module
 0001:00052350       ??__F?s_id@?$TObjectUniqueID@URGenerator@images_std@media@modules@UModSys@@@tl@UModSys@@2USUniquePointer@core@3@A@@YAXXZ 0000000180053350 f    CIL library: CIL module
 0001:00052360       ??__F?s_id@?$TObjectUniqueID@URMediaFilter@images_std@media@modules@UModSys@@@tl@UModSys@@2USUniquePointer@core@3@A@@YAXXZ 0000000180053360 f    CIL library: CIL module
 0001:00052370       ??__Fs_dbg@serialize_json@media@modules@UModSys@@YAXXZ 0000000180053370 f    CIL library: CIL module
 0001:00052380       ??__F?s_modreg@RModuleReg@serialize_json@media@modules@UModSys@@2U12345@A@@YAXXZ 0000000180053380 f    CIL library: CIL module
 0001:000523a0       ??__F?s_modreg_chain@RModuleReg@serialize_json@media@modules@UModSys@@2USModuleRegChain@base@5@A@@YAXXZ 00000001800533a0 f    CIL library: CIL module
 0001:000523b0       ??__F?s_uid@RGenerator@serialize_json@media@modules@UModSys@@2USUniquePointer@core@5@A@@YAXXZ 00000001800533b0 f    CIL library: CIL module
 0001:000523c0       ??__Fh@?1??s_holder@RGenerator@serialize_json@media@modules@UModSys@@SAAEAU?$TTypeStaticHolder@URGenerator@serialize_json@media@modules@UModSys@@@tl@5@XZ@YAXXZ 00000001800533c0 f    CIL library: CIL module
 0001:000523f0       ??__F?s_id@?$TObjectUniqueID@URGenerator@serialize_json@media@modules@UModSys@@@tl@UModSys@@2USUniquePointer@core@3@A@@YAXXZ 00000001800533f0 f    CIL library: CIL module
 0001:00052400       ??__F?s_id@?$TObjectUniqueID@URSerializeWriter@serialize_json@media@modules@UModSys@@@tl@UModSys@@2USUniquePointer@core@3@A@@YAXXZ 0000000180053400 f    CIL library: CIL module
 0001:00052410       ??__F?s_id@?$TObjectUniqueID@URSerializeReader@serialize_json@media@modules@UModSys@@@tl@UModSys@@2USUniquePointer@core@3@A@@YAXXZ 0000000180053410 f    CIL library: CIL module
 0001:00052420       ??__Fs_dbg@zlib@media@modules@UModSys@@YAXXZ 0000000180053420 f    CIL library: CIL module
 0001:00052430       ??__F?s_modreg@RModuleReg@zlib@media@modules@UModSys@@2U12345@A@@YAXXZ 0000000180053430 f    CIL library: CIL module
 0001:00052450       ??__F?s_modreg_chain@RModuleReg@zlib@media@modules@UModSys@@2USModuleRegChain@base@5@A@@YAXXZ 0000000180053450 f    CIL library: CIL module
 0001:00052460       ??__F?s_uid@RGenerator@zlib@media@modules@UModSys@@2USUniquePointer@core@5@A@@YAXXZ 0000000180053460 f    CIL library: CIL module
 0001:00052470       ??__Fh@?1??s_holder@RGenerator@zlib@media@modules@UModSys@@SAAEAU?$TTypeStaticHolder@URGenerator@zlib@media@modules@UModSys@@@tl@5@XZ@YAXXZ 0000000180053470 f    CIL library: CIL module
 0001:000524a0       ??__F?s_id@?$TObjectUniqueID@URGenerator@zlib@media@modules@UModSys@@@tl@UModSys@@2USUniquePointer@core@3@A@@YAXXZ 00000001800534a0 f    CIL library: CIL module
 0001:000524b0       ??__F?s_id@?$TObjectUniqueID@URBinArchiveFrameClient_ZIP@zlib@media@modules@UModSys@@@tl@UModSys@@2USUniquePointer@core@3@A@@YAXXZ 00000001800534b0 f    CIL library: CIL module
 0001:000524c0       ??__FM@UModSys@@YAXXZ      00000001800534c0 f    CIL library: CIL module
 0001:000524d0       ??__F?root@SModuleRegChain@base@UModSys@@2U123@A@@YAXXZ 00000001800534d0 f    CIL library: CIL module
 0001:000524e0       ??__F?s_library@RModuleLibraryReg_Chain@base@UModSys@@2U123@A@@YAXXZ 00000001800534e0 f    CIL library: CIL module
 0001:000524f0       ??__F?root@SUniquePointer@core@UModSys@@2U123@A@@YAXXZ 00000001800534f0 f    CIL library: CIL module

 Exports

  ordinal    name

        1    UModSys_Plugin_Entry2
