 plugin_test1

 Timestamp is 52b2f617 (Thu Dec 19 16:35:19 2013)

 Preferred load address is 0000000180000000

 Start         Length     Name                   Class
 0001:00000000 0001d290H .text                   CODE
 0001:0001d290 0000005eH .text$00                CODE
 0001:0001d2f0 00001ac8H .text$x                 CODE
 0001:0001edc0 00001902H .text$yc                CODE
 0001:000206d0 000007fcH .text$yd                CODE
 0002:00000000 00000390H .idata$5                DATA
 0002:00000390 00000008H .CRT$XCA                DATA
 0002:00000398 00001190H .CRT$XCU                DATA
 0002:00001528 00000008H .CRT$XCZ                DATA
 0002:00001530 00000008H .CRT$XIA                DATA
 0002:00001538 00000008H .CRT$XIAA               DATA
 0002:00001540 00000008H .CRT$XIZ                DATA
 0002:00001550 00004918H .rdata                  DATA
 0002:00005e70 00002924H .rdata$r                DATA
 0002:00008798 00000008H .rtc$IAA                DATA
 0002:000087a0 00000008H .rtc$IZZ                DATA
 0002:000087a8 00000008H .rtc$TAA                DATA
 0002:000087b0 00000008H .rtc$TZZ                DATA
 0002:000087b8 00003cc0H .xdata                  DATA
 0002:0000c478 00000078H .idata$2                DATA
 0002:0000c4f0 00000014H .idata$3                DATA
 0002:0000c508 00000390H .idata$4                DATA
 0002:0000c898 000007feH .idata$6                DATA
 0002:0000d0a0 00000059H .edata                  DATA
 0003:00000000 00001360H .data                   DATA
 0003:00001360 00001d68H .bss                    DATA
 0004:00000000 00002970H .pdata                  DATA

  Address         Publics by Value              Rva+Base               Lib:Object

 0000:00000000       ___safe_se_handler_table   0000000000000000     <absolute>
 0000:00000000       ___safe_se_handler_count   0000000000000000     <absolute>
 0000:00000000       __ImageBase                0000000180000000     <linker-defined>
 0001:00000000       ??1SCMemShared@core@UModSys@@QEAA@XZ 0000000180001000 f i plugin_test1.obj
 0001:00000000       ??1State@RImage_Memory@stdlib@lib2d@modules@UModSys@@QEAA@XZ 0000000180001000 f i umodsys_lib_lib2d:umodsys.mod.2d.stdlib.obj
 0001:00000000       ??1SMemShared@core@UModSys@@QEAA@XZ 0000000180001000 f i plugin_test1.obj
 0001:00000030       ??3IRoot@core@UModSys@@SAXPEAXAEBUSIMemAlloc@12@@Z 0000000180001030 f i plugin_test1.obj
 0001:00000040       ??1SParameters@core@UModSys@@QEAA@XZ 0000000180001040 f i plugin_test1.obj
 0001:00000040       ??1?$TParametersA@$0EAA@@core@UModSys@@QEAA@XZ 0000000180001040 f i plugin_test1.obj
 0001:00000040       ??1?$TParametersA@$0BAA@@core@UModSys@@QEAA@XZ 0000000180001040 f i umodsys_lib_libui:umodsys.mod.ui.SDL_core.obj
 0001:00000060       ??0SFileInfo@libmedia@UModSys@@QEAA@XZ 0000000180001060 f i plugin_test1.obj
 0001:00000130       ??0SFileInfo@libmedia@UModSys@@QEAA@AEBU012@@Z 0000000180001130 f i plugin_test1.obj
 0001:00000230       ??4SFileInfo@libmedia@UModSys@@QEAAAEBU012@AEBU012@@Z 0000000180001230 f i plugin_test1.obj
 0001:000002f0       ?mount_add@ILibraryBinTree@libmedia@UModSys@@QEAA_NAEBU?$TString@U?$TSCoreConst@D@su@tl@UModSys@@U?$TComparerBinaryHash@D@234@@tl@3@PEAUIBinArchive@23@H@Z 00000001800012f0 f i plugin_test1.obj
 0001:00000390       ?mount_add@ILibraryBinTree@libmedia@UModSys@@QEAA_NAEBU?$TString@U?$TSCoreConst@D@su@tl@UModSys@@U?$TComparerBinaryHash@D@234@@tl@3@HPEAUIBinArchive@23@H@Z 0000000180001390 f i plugin_test1.obj
 0001:00000440       ?layer_push@ILibraryLayered@libmedia@UModSys@@QEAA_NPEAUILibrary@23@HAEBU?$TString@U?$TSCoreConst@D@su@tl@UModSys@@U?$TComparerBinaryHash@D@234@@tl@3@@Z 0000000180001440 f i plugin_test1.obj
 0001:000004e0       ??1SLayer@ILibraryLayered@libmedia@UModSys@@QEAA@XZ 00000001800014e0 f i plugin_test1.obj
 0001:000004e0       ??1SPoint@ILibraryBinTree@libmedia@UModSys@@QEAA@XZ 00000001800014e0 f i plugin_test1.obj
 0001:00000510       ??_GIRoot@core@UModSys@@UEAAPEAXI@Z 0000000180001510 f i plugin_test1.obj
 0001:00000510       ??_EIRoot@core@UModSys@@UEAAPEAXI@Z 0000000180001510 f i  CIL library: CIL module
 0001:00000540       ??1IBinObjFilter@libmedia@UModSys@@UEAA@XZ 0000000180001540 f i plugin_test1.obj
 0001:00000580       ?root_get_interface_info@RTest1_Shell@test1@test@modules@UModSys@@UEBAAEBUSUniquePointerInfo@core@5@XZ 0000000180001580 f i plugin_test1.obj
 0001:00000590       ?root_get_interface_type@RTest1_Shell@test1@test@modules@UModSys@@UEBAPEBUSUniquePointerInfo@core@5@XZ 0000000180001590 f i plugin_test1.obj
 0001:000005a0       ?root_get_other_interface@RTest1_Shell@test1@test@modules@UModSys@@UEBAPEBUIRoot@core@5@PEBUSUniquePointerInfo@75@@Z 00000001800015a0 f i plugin_test1.obj
 0001:000005a0       ?root_get_other_interface@RTest1_Shell@test1@test@modules@UModSys@@UEAAPEAUIRoot@core@5@PEBUSUniquePointerInfo@75@@Z 00000001800015a0 f i plugin_test1.obj
 0001:000005d0       ?root_is_interface_supported@RTest1_Shell@test1@test@modules@UModSys@@UEBA_NPEBUSUniquePointerInfo@core@5@@Z 00000001800015d0 f i plugin_test1.obj
 0001:00000600       ?ref_add@RTest1_Shell@test1@test@modules@UModSys@@UEBAXXZ 0000000180001600 f i plugin_test1.obj
 0001:00000610       ?ref_remove@RTest1_Shell@test1@test@modules@UModSys@@UEBAXXZ 0000000180001610 f i plugin_test1.obj
 0001:00000630       ?ref_links@RTest1_Shell@test1@test@modules@UModSys@@UEBAHXZ 0000000180001630 f i plugin_test1.obj
 0001:00000640       ?ref_weak@RTest1_Shell@test1@test@modules@UModSys@@UEBA_NAEAUWeakPointer@IRefObject@core@5@@Z 0000000180001640 f i plugin_test1.obj
 0001:00000660       ?suicide@RTest1_Shell@test1@test@modules@UModSys@@UEAAXXZ 0000000180001660 f i plugin_test1.obj
 0001:000006b0       ??0RTest1_Shell@test1@test@modules@UModSys@@QEAA@PEAUIModObject@base@4@@Z 00000001800016b0 f i plugin_test1.obj
 0001:000007f0       ??1RTest1_Shell@test1@test@modules@UModSys@@UEAA@XZ 00000001800017f0 f i plugin_test1.obj
 0001:000008a0       ?connect@RTest1_Shell@test1@test@modules@UModSys@@UEAA_NXZ 00000001800018a0 f i plugin_test1.obj
 0001:000008d0       ?disconnect@RTest1_Shell@test1@test@modules@UModSys@@UEAA_NXZ 00000001800018d0 f i plugin_test1.obj
 0001:00000900       ?process_tick@RTest1_Shell@test1@test@modules@UModSys@@UEAA_NAEBUSTimeMsec@core@5@@Z 0000000180001900 f i plugin_test1.obj
 0001:00000940       ?process_command@RTest1_Shell@test1@test@modules@UModSys@@UEAA_NHQEBU?$TString@U?$TSCoreConst@D@su@tl@UModSys@@U?$TComparerBinaryHash@D@234@@tl@5@@Z 0000000180001940 f i plugin_test1.obj
 0001:00000970       ??_ERTest1_Shell@test1@test@modules@UModSys@@UEAAPEAXI@Z 0000000180001970 f i  CIL library: CIL module
 0001:00000970       ??_GRTest1_Shell@test1@test@modules@UModSys@@UEAAPEAXI@Z 0000000180001970 f i plugin_test1.obj
 0001:000009a0       ?get_generated_names@RGenerator@test1@test@modules@UModSys@@UEBAHAEAUSUniquePtrList@core@5@@Z 00000001800019a0 f i plugin_test1.obj
 0001:000009c0       ?get_generated_types@RGenerator@test1@test@modules@UModSys@@UEBAHAEAUSUniquePtrList@core@5@PEBUSUniquePointerInfo@75@@Z 00000001800019c0 f i plugin_test1.obj
 0001:00000a20       ?generate@RGenerator@test1@test@modules@UModSys@@UEAA_NAEAU?$TRefObject@UIRefObject@core@UModSys@@U?$TRefObjectFunc@UIRefObject@core@UModSys@@@tl@3@@tl@5@PEBUSUniquePointerInfo@core@5@AEBUSParameters@95@@Z 0000000180001a20 f i plugin_test1.obj
 0001:00000ac0       ?root_get_interface_info@RGenerator@test1@test@modules@UModSys@@UEBAAEBUSUniquePointerInfo@core@5@XZ 0000000180001ac0 f i plugin_test1.obj
 0001:00000ad0       ?root_get_interface_type@RGenerator@test1@test@modules@UModSys@@UEBAPEBUSUniquePointerInfo@core@5@XZ 0000000180001ad0 f i plugin_test1.obj
 0001:00000ae0       ?root_get_interface_types@RGenerator@frames@ui@modules@UModSys@@UEBA_KAEAUSUniquePtrList@core@5@@Z 0000000180001ae0 f i umodsys_lib_libui:umodsys.mod.ui.frames.obj
 0001:00000ae0       ?root_get_interface_types@RMediaFilter@images_std@media@modules@UModSys@@UEBA_KAEAUSUniquePtrList@core@5@@Z 0000000180001ae0 f i umodsys_lib_libmedia:umodsys.mod.media.images_std.obj
 0001:00000ae0       ?root_get_interface_types@RFrame_Frame@frames@ui@modules@UModSys@@UEBA_KAEAUSUniquePtrList@core@5@@Z 0000000180001ae0 f i umodsys_lib_libui:umodsys.mod.ui.frames.obj
 0001:00000ae0       ?root_get_interface_types@RGenerator@zlib@media@modules@UModSys@@UEBA_KAEAUSUniquePtrList@core@5@@Z 0000000180001ae0 f i umodsys_lib_libmedia:umodsys.mod.media.zlib.obj
 0001:00000ae0       ?root_get_interface_types@RTest1_Shell@test1@test@modules@UModSys@@UEBA_KAEAUSUniquePtrList@core@5@@Z 0000000180001ae0 f i plugin_test1.obj
 0001:00000ae0       ?root_get_interface_types@RRenderDriver2D@SDL_core@ui@modules@UModSys@@UEBA_KAEAUSUniquePtrList@core@5@@Z 0000000180001ae0 f i umodsys_lib_libui:umodsys.mod.ui.SDL_core.obj
 0001:00000ae0       ?root_get_interface_types@RKeyboardController@SDL_core@ui@modules@UModSys@@UEBA_KAEAUSUniquePtrList@core@5@@Z 0000000180001ae0 f i umodsys_lib_libui:umodsys.mod.ui.SDL_core.obj
 0001:00000ae0       ?root_get_interface_types@RBinArchiveFrameClient_ZIP@zlib@media@modules@UModSys@@UEBA_KAEAUSUniquePtrList@core@5@@Z 0000000180001ae0 f i umodsys_lib_libmedia:umodsys.mod.media.zlib.obj
 0001:00000ae0       ?root_get_interface_types@RImage_Memory@stdlib@lib2d@modules@UModSys@@UEBA_KAEAUSUniquePtrList@core@5@@Z 0000000180001ae0 f i umodsys_lib_lib2d:umodsys.mod.2d.stdlib.obj
 0001:00000ae0       ?root_get_interface_types@RMouseController@SDL_core@ui@modules@UModSys@@UEBA_KAEAUSUniquePtrList@core@5@@Z 0000000180001ae0 f i umodsys_lib_libui:umodsys.mod.ui.SDL_core.obj
 0001:00000ae0       ?root_get_interface_types@RGenerator@stdlib@lib2d@modules@UModSys@@UEBA_KAEAUSUniquePtrList@core@5@@Z 0000000180001ae0 f i umodsys_lib_lib2d:umodsys.mod.2d.stdlib.obj
 0001:00000ae0       ?root_get_interface_types@RFrame_Image@frames@ui@modules@UModSys@@UEBA_KAEAUSUniquePtrList@core@5@@Z 0000000180001ae0 f i umodsys_lib_libui:umodsys.mod.ui.frames.obj
 0001:00000ae0       ?root_get_interface_types@RFrame_Text@frames@ui@modules@UModSys@@UEBA_KAEAUSUniquePtrList@core@5@@Z 0000000180001ae0 f i umodsys_lib_libui:umodsys.mod.ui.frames.obj
 0001:00000ae0       ?root_get_interface_types@RSerializeReader@serialize_json@media@modules@UModSys@@UEBA_KAEAUSUniquePtrList@core@5@@Z 0000000180001ae0 f i umodsys_lib_libmedia:umodsys.mod.media.serialize_json.obj
 0001:00000ae0       ?root_get_interface_types@RFrame_Button@frames@ui@modules@UModSys@@UEBA_KAEAUSUniquePtrList@core@5@@Z 0000000180001ae0 f i umodsys_lib_libui:umodsys.mod.ui.frames.obj
 0001:00000ae0       ?root_get_interface_types@RCollector@frames@ui@modules@UModSys@@UEBA_KAEAUSUniquePtrList@core@5@@Z 0000000180001ae0 f i umodsys_lib_libui:umodsys.mod.ui.frames.obj
 0001:00000ae0       ?root_get_interface_types@RGenerator@test1@test@modules@UModSys@@UEBA_KAEAUSUniquePtrList@core@5@@Z 0000000180001ae0 f i plugin_test1.obj
 0001:00000ae0       ?root_get_interface_types@RTerminal@SDL_core@ui@modules@UModSys@@UEBA_KAEAUSUniquePtrList@core@5@@Z 0000000180001ae0 f i umodsys_lib_libui:umodsys.mod.ui.SDL_core.obj
 0001:00000ae0       ?root_get_interface_types@RFrame_List@frames@ui@modules@UModSys@@UEBA_KAEAUSUniquePtrList@core@5@@Z 0000000180001ae0 f i umodsys_lib_libui:umodsys.mod.ui.frames.obj
 0001:00000ae0       ?root_get_interface_types@RGenerator@serialize_json@media@modules@UModSys@@UEBA_KAEAUSUniquePtrList@core@5@@Z 0000000180001ae0 f i umodsys_lib_libmedia:umodsys.mod.media.serialize_json.obj
 0001:00000ae0       ?root_get_interface_types@RSerializeWriter@serialize_json@media@modules@UModSys@@UEBA_KAEAUSUniquePtrList@core@5@@Z 0000000180001ae0 f i umodsys_lib_libmedia:umodsys.mod.media.serialize_json.obj
 0001:00000ae0       ?root_get_interface_types@RDialog@frames@ui@modules@UModSys@@UEBA_KAEAUSUniquePtrList@core@5@@Z 0000000180001ae0 f i umodsys_lib_libui:umodsys.mod.ui.frames.obj
 0001:00000ae0       ?root_get_interface_types@RGenerator@images_std@media@modules@UModSys@@UEBA_KAEAUSUniquePtrList@core@5@@Z 0000000180001ae0 f i umodsys_lib_libmedia:umodsys.mod.media.images_std.obj
 0001:00000ae0       ?root_get_interface_types@RMultiImage2D_SDL_ttf@SDL_core@ui@modules@UModSys@@UEBA_KAEAUSUniquePtrList@core@5@@Z 0000000180001ae0 f i umodsys_lib_libui:umodsys.mod.ui.SDL_core.obj
 0001:00000ae0       ?root_get_interface_types@RGenerator@SDL_core@ui@modules@UModSys@@UEBA_KAEAUSUniquePtrList@core@5@@Z 0000000180001ae0 f i umodsys_lib_libui:umodsys.mod.ui.SDL_core.obj
 0001:00000ae0       ?root_get_interface_types@RFrame_Edit@frames@ui@modules@UModSys@@UEBA_KAEAUSUniquePtrList@core@5@@Z 0000000180001ae0 f i umodsys_lib_libui:umodsys.mod.ui.frames.obj
 0001:00000af0       ?root_get_other_interface@RGenerator@test1@test@modules@UModSys@@UEBAPEBUIRoot@core@5@PEBUSUniquePointerInfo@75@@Z 0000000180001af0 f i plugin_test1.obj
 0001:00000af0       ?root_get_other_interface@RGenerator@test1@test@modules@UModSys@@UEAAPEAUIRoot@core@5@PEBUSUniquePointerInfo@75@@Z 0000000180001af0 f i plugin_test1.obj
 0001:00000b30       ?root_is_interface_supported@RGenerator@test1@test@modules@UModSys@@UEBA_NPEBUSUniquePointerInfo@core@5@@Z 0000000180001b30 f i plugin_test1.obj
 0001:00000b70       ?get_uid@RGenerator@test1@test@modules@UModSys@@UEBAPEBUSUniquePointerInfo@core@5@XZ 0000000180001b70 f i plugin_test1.obj
 0001:00000b80       ?do_open@RModuleReg@test1@test@modules@UModSys@@UEAA_NXZ 0000000180001b80 f i plugin_test1.obj
 0001:00000bb0       ?do_close@RModuleReg@test1@test@modules@UModSys@@UEAA_NXZ 0000000180001bb0 f i plugin_test1.obj
 0001:00000be0       ??_ERModuleReg@test1@test@modules@UModSys@@UEAAPEAXI@Z 0000000180001be0 f i  CIL library: CIL module
 0001:00000be0       ??_GRModuleReg@test1@test@modules@UModSys@@UEAAPEAXI@Z 0000000180001be0 f i plugin_test1.obj
 0001:00000c10       ??4?$TString@U?$TSCoreShared@USIMemAlloc@core@UModSys@@D@su@tl@UModSys@@U?$TComparerBinaryHash@D@234@@tl@UModSys@@QEAAAEBU012@AEBU012@@Z 0000000180001c10 f i plugin_test1.obj
 0001:00000c60       ??1?$TRefObject@UILibraryObjFilter@libmedia@UModSys@@U?$TRefObjectFunc@UILibraryObjFilter@libmedia@UModSys@@@tl@3@@tl@UModSys@@QEAA@XZ 0000000180001c60 f i plugin_test1.obj
 0001:00000c60       ??1?$TRefObject@URKeyboardController@SDL_core@ui@modules@UModSys@@U?$TRefObjectFunc@URKeyboardController@SDL_core@ui@modules@UModSys@@@tl@5@@tl@UModSys@@QEAA@XZ 0000000180001c60 f i umodsys_lib_libui:umodsys.mod.ui.SDL_core.obj
 0001:00000c60       ??1?$TRefObject@URMultiImage2D_SDL_ttf@SDL_core@ui@modules@UModSys@@U?$TRefObjectFunc@URMultiImage2D_SDL_ttf@SDL_core@ui@modules@UModSys@@@tl@5@@tl@UModSys@@QEAA@XZ 0000000180001c60 f i umodsys_lib_libui:umodsys.mod.ui.SDL_core.obj
 0001:00000c60       ??1?$TRefObject@UIRenderDriver@lib2d@UModSys@@U?$TRefObjectFunc@UIRenderDriver@lib2d@UModSys@@@tl@3@@tl@UModSys@@QEAA@XZ 0000000180001c60 f i plugin_test1.obj
 0001:00000c60       ??1?$TRefObject@URMouseController@SDL_core@ui@modules@UModSys@@U?$TRefObjectFunc@URMouseController@SDL_core@ui@modules@UModSys@@@tl@5@@tl@UModSys@@QEAA@XZ 0000000180001c60 f i umodsys_lib_libui:umodsys.mod.ui.SDL_core.obj
 0001:00000c60       ??1?$TRefObject@UIStreamReader@libmedia@UModSys@@U?$TRefObjectFunc@UIStreamReader@libmedia@UModSys@@@tl@3@@tl@UModSys@@QEAA@XZ 0000000180001c60 f i plugin_test1.obj
 0001:00000c60       ??1?$TRefObject@UIMultiImage@lib2d@UModSys@@U?$TRefObjectFunc@UIMultiImage@lib2d@UModSys@@@tl@3@@tl@UModSys@@QEAA@XZ 0000000180001c60 f i plugin_test1.obj
 0001:00000c60       ??1?$TRefObject@UILibraryBinTree@libmedia@UModSys@@U?$TRefObjectFunc@UILibraryBinTree@libmedia@UModSys@@@tl@3@@tl@UModSys@@QEAA@XZ 0000000180001c60 f i plugin_test1.obj
 0001:00000c60       ??1?$TRefObject@URBinArchiveFrameClient_ZIP@zlib@media@modules@UModSys@@U?$TRefObjectFunc@URBinArchiveFrameClient_ZIP@zlib@media@modules@UModSys@@@tl@5@@tl@UModSys@@QEAA@XZ 0000000180001c60 f i umodsys_lib_libmedia:umodsys.mod.media.zlib.obj
 0001:00000c60       ??1?$TRefObject@UIBinArchive@libmedia@UModSys@@U?$TRefObjectFunc@UIBinArchive@libmedia@UModSys@@@tl@3@@tl@UModSys@@QEAA@XZ 0000000180001c60 f i plugin_test1.obj
 0001:00000c60       ??1?$TRefObject@URSerializeWriter@serialize_json@media@modules@UModSys@@U?$TRefObjectFunc@URSerializeWriter@serialize_json@media@modules@UModSys@@@tl@5@@tl@UModSys@@QEAA@XZ 0000000180001c60 f i umodsys_lib_libmedia:umodsys.mod.media.serialize_json.obj
 0001:00000c60       ??1?$TRefObject@UILibraryLayered@libmedia@UModSys@@U?$TRefObjectFunc@UILibraryLayered@libmedia@UModSys@@@tl@3@@tl@UModSys@@QEAA@XZ 0000000180001c60 f i plugin_test1.obj
 0001:00000c60       ??1?$TRefObject@UILibraryObjCache@libmedia@UModSys@@U?$TRefObjectFunc@UILibraryObjCache@libmedia@UModSys@@@tl@3@@tl@UModSys@@QEAA@XZ 0000000180001c60 f i plugin_test1.obj
 0001:00000c60       ??1?$TRefObject@UIMouseController@libui@UModSys@@U?$TRefObjectFunc@UIMouseController@libui@UModSys@@@tl@3@@tl@UModSys@@QEAA@XZ 0000000180001c60 f i plugin_test1.obj
 0001:00000c60       ??1?$TRefObject@UITerminal@libui@UModSys@@U?$TRefObjectFunc@UITerminal@libui@UModSys@@@tl@3@@tl@UModSys@@QEAA@XZ 0000000180001c60 f i plugin_test1.obj
 0001:00000c60       ??1?$TRefObject@UIStreamWriter@libmedia@UModSys@@U?$TRefObjectFunc@UIStreamWriter@libmedia@UModSys@@@tl@3@@tl@UModSys@@QEAA@XZ 0000000180001c60 f i plugin_test1.obj
 0001:00000c60       ??1?$TRefObject@UILibrary@libmedia@UModSys@@U?$TRefObjectFunc@UILibrary@libmedia@UModSys@@@tl@3@@tl@UModSys@@QEAA@XZ 0000000180001c60 f i plugin_test1.obj
 0001:00000c60       ??1?$TRefObject@URDialog@frames@ui@modules@UModSys@@U?$TRefObjectFunc@URDialog@frames@ui@modules@UModSys@@@tl@5@@tl@UModSys@@QEAA@XZ 0000000180001c60 f i umodsys_lib_libui:umodsys.mod.ui.frames.obj
 0001:00000c60       ??1?$TRefObject@URRenderDriver2D@SDL_core@ui@modules@UModSys@@U?$TRefObjectFunc@URRenderDriver2D@SDL_core@ui@modules@UModSys@@@tl@5@@tl@UModSys@@QEAA@XZ 0000000180001c60 f i umodsys_lib_libui:umodsys.mod.ui.SDL_core.obj
 0001:00000c60       ??1?$TRefObject@UIBinObjFilter@libmedia@UModSys@@U?$TRefObjectFunc@UIBinObjFilter@libmedia@UModSys@@@tl@3@@tl@UModSys@@QEAA@XZ 0000000180001c60 f i plugin_test1.obj
 0001:00000c60       ??1?$TRefObject@URSerializeReader@serialize_json@media@modules@UModSys@@U?$TRefObjectFunc@URSerializeReader@serialize_json@media@modules@UModSys@@@tl@5@@tl@UModSys@@QEAA@XZ 0000000180001c60 f i umodsys_lib_libmedia:umodsys.mod.media.serialize_json.obj
 0001:00000c60       ??1?$TRefObject@URMediaFilter@images_std@media@modules@UModSys@@U?$TRefObjectFunc@URMediaFilter@images_std@media@modules@UModSys@@@tl@5@@tl@UModSys@@QEAA@XZ 0000000180001c60 f i umodsys_lib_libmedia:umodsys.mod.media.images_std.obj
 0001:00000c60       ??1?$TRefObject@URTerminal@SDL_core@ui@modules@UModSys@@U?$TRefObjectFunc@URTerminal@SDL_core@ui@modules@UModSys@@@tl@5@@tl@UModSys@@QEAA@XZ 0000000180001c60 f i umodsys_lib_libui:umodsys.mod.ui.SDL_core.obj
 0001:00000c60       ??1?$TRefObject@URImage_Memory@stdlib@lib2d@modules@UModSys@@U?$TRefObjectFunc@URImage_Memory@stdlib@lib2d@modules@UModSys@@@tl@5@@tl@UModSys@@QEAA@XZ 0000000180001c60 f i umodsys_lib_lib2d:umodsys.mod.2d.stdlib.obj
 0001:00000c60       ??1?$TRefObject@UIKeyboardController@libui@UModSys@@U?$TRefObjectFunc@UIKeyboardController@libui@UModSys@@@tl@3@@tl@UModSys@@QEAA@XZ 0000000180001c60 f i plugin_test1.obj
 0001:00000c60       ??1?$TRefObject@UIUtilities@libmedia@UModSys@@U?$TRefObjectFunc@UIUtilities@libmedia@UModSys@@@tl@3@@tl@UModSys@@QEAA@XZ 0000000180001c60 f i plugin_test1.obj
 0001:00000c60       ??1?$TRefObject@URFrame_Common@frames@ui@modules@UModSys@@U?$TRefObjectFunc@URFrame_Common@frames@ui@modules@UModSys@@@tl@5@@tl@UModSys@@QEAA@XZ 0000000180001c60 f i umodsys_lib_libui:umodsys.mod.ui.frames.obj
 0001:00000c60       ??1?$TRefObject@UIImage@lib2d@UModSys@@U?$TRefObjectFunc@UIImage@lib2d@UModSys@@@tl@3@@tl@UModSys@@QEAA@XZ 0000000180001c60 f i plugin_test1.obj
 0001:00000c60       ??1?$TRefObject@UIRefObject@core@UModSys@@U?$TRefObjectFunc@UIRefObject@core@UModSys@@@tl@3@@tl@UModSys@@QEAA@XZ 0000000180001c60 f i plugin_test1.obj
 0001:00000c60       ??1?$TRefObject@UIFrame@libui@UModSys@@U?$TRefObjectFunc@UIFrame@libui@UModSys@@@tl@3@@tl@UModSys@@QEAA@XZ 0000000180001c60 f i umodsys_lib_libui:umodsys.mod.ui.frames.obj
 0001:00000c60       ??1?$TRefObject@UIBinArchiveFrame@libmedia@UModSys@@U?$TRefObjectFunc@UIBinArchiveFrame@libmedia@UModSys@@@tl@3@@tl@UModSys@@QEAA@XZ 0000000180001c60 f i plugin_test1.obj
 0001:00000c60       ??1?$TRefObject@UIClient@IBinArchiveFrame@libmedia@UModSys@@U?$TRefObjectFunc@UIClient@IBinArchiveFrame@libmedia@UModSys@@@tl@4@@tl@UModSys@@QEAA@XZ 0000000180001c60 f i plugin_test1.obj
 0001:00000c60       ??1?$TRefObject@URCollector@frames@ui@modules@UModSys@@U?$TRefObjectFunc@URCollector@frames@ui@modules@UModSys@@@tl@5@@tl@UModSys@@QEAA@XZ 0000000180001c60 f i umodsys_lib_libui:umodsys.mod.ui.frames.obj
 0001:00000c60       ??1?$TRefObject@UILibraryBinCache@libmedia@UModSys@@U?$TRefObjectFunc@UILibraryBinCache@libmedia@UModSys@@@tl@3@@tl@UModSys@@QEAA@XZ 0000000180001c60 f i plugin_test1.obj
 0001:00000c90       ??1?$TDynarrayDynamic@USFileInfo@libmedia@UModSys@@U?$TAllocator@USIMemAlloc@core@UModSys@@USCountCalcPower2@23@@tl@3@@tl@UModSys@@QEAA@XZ 0000000180001c90 f i plugin_test1.obj
 0001:00000ca0       ??1?$TRStackSocket@USFileInfo@libmedia@UModSys@@U?$TDynarrayDynamic@USFileInfo@libmedia@UModSys@@U?$TAllocator@USIMemAlloc@core@UModSys@@USCountCalcPower2@23@@tl@3@@tl@3@@tl@UModSys@@QEAA@XZ 0000000180001ca0 f i plugin_test1.obj
 0001:00000cb0       ?isempty@?$TRStackSocket@USFileInfo@libmedia@UModSys@@U?$TDynarrayDynamic@USFileInfo@libmedia@UModSys@@U?$TAllocator@USIMemAlloc@core@UModSys@@USCountCalcPower2@23@@tl@3@@tl@3@@tl@UModSys@@UEBA_NXZ 0000000180001cb0 f i plugin_test1.obj
 0001:00000cc0       ?key_event@RFrame_Common@frames@ui@modules@UModSys@@MEAA_NAEBUSKeyboardInputText@libui@5@@Z 0000000180001cc0 f i umodsys_lib_libui:umodsys.mod.ui.frames.obj
 0001:00000cc0       ?key_event@RFrame_Common@frames@ui@modules@UModSys@@MEAA_NAEBUSKeyboardInputRaw@libui@5@@Z 0000000180001cc0 f i umodsys_lib_libui:umodsys.mod.ui.frames.obj
 0001:00000cc0       ?set_insize@RFrame_Common@frames@ui@modules@UModSys@@UEAA_NAEBU?$TVector2@H@math3d@5@@Z 0000000180001cc0 f i umodsys_lib_libui:umodsys.mod.ui.frames.obj
 0001:00000cc0       ?set_var_cell@RMultiImage2D_SDL_ttf@SDL_core@ui@modules@UModSys@@UEAA_NPEBUSImageCellInfo@lib2d@5@HH@Z 0000000180001cc0 f i umodsys_lib_libui:umodsys.mod.ui.SDL_core.obj
 0001:00000cc0       ?mouse_event@RFrame_Common@frames@ui@modules@UModSys@@MEAA_NPEBUSMouseInput@libui@5@@Z 0000000180001cc0 f i umodsys_lib_libui:umodsys.mod.ui.frames.obj
 0001:00000cc0       ?set_layer_count@RMultiImage2D_SDL_ttf@SDL_core@ui@modules@UModSys@@UEAA_NH@Z 0000000180001cc0 f i umodsys_lib_libui:umodsys.mod.ui.SDL_core.obj
 0001:00000cc0       ?key_reset@RKeyboardController@SDL_core@ui@modules@UModSys@@UEAA_NXZ 0000000180001cc0 f i umodsys_lib_libui:umodsys.mod.ui.SDL_core.obj
 0001:00000cc0       ?mouse_setposition@RMouseController@SDL_core@ui@modules@UModSys@@UEAA_NHH@Z 0000000180001cc0 f i umodsys_lib_libui:umodsys.mod.ui.SDL_core.obj
 0001:00000cc0       ?set_hint@RMultiImage2D_SDL_ttf@SDL_core@ui@modules@UModSys@@UEAA_NPEBD0@Z 0000000180001cc0 f i umodsys_lib_libui:umodsys.mod.ui.SDL_core.obj
 0001:00000cc0       ?get_cell_size@RMultiImage2D_SDL_ttf@SDL_core@ui@modules@UModSys@@UEAA_NHAEAU?$TVector2@H@math3d@5@PEAU675@@Z 0000000180001cc0 f i umodsys_lib_libui:umodsys.mod.ui.SDL_core.obj
 0001:00000cc0       ?isfull@?$TRStackSocket@USFileInfo@libmedia@UModSys@@U?$TDynarrayDynamic@USFileInfo@libmedia@UModSys@@U?$TAllocator@USIMemAlloc@core@UModSys@@USCountCalcPower2@23@@tl@3@@tl@3@@tl@UModSys@@UEBA_NXZ 0000000180001cc0 f i plugin_test1.obj
 0001:00000cc0       ?key_setmodifier@RKeyboardController@SDL_core@ui@modules@UModSys@@UEAA_NHHH@Z 0000000180001cc0 f i umodsys_lib_libui:umodsys.mod.ui.SDL_core.obj
 0001:00000cc0       ?key_setrepeat@RKeyboardController@SDL_core@ui@modules@UModSys@@UEAA_NMM@Z 0000000180001cc0 f i umodsys_lib_libui:umodsys.mod.ui.SDL_core.obj
 0001:00000cc0       ?mouse_setvisible@RMouseController@SDL_core@ui@modules@UModSys@@UEAA_N_N@Z 0000000180001cc0 f i umodsys_lib_libui:umodsys.mod.ui.SDL_core.obj
 0001:00000cc0       ?set_parameters@RRenderDriver2D@SDL_core@ui@modules@UModSys@@UEAA_NPEBDAEBUSParameters@core@5@@Z 0000000180001cc0 f i umodsys_lib_libui:umodsys.mod.ui.SDL_core.obj
 0001:00000cc0       ?set_fixed_cell@RMultiImage2D_SDL_ttf@SDL_core@ui@modules@UModSys@@UEAA_NHH@Z 0000000180001cc0 f i umodsys_lib_libui:umodsys.mod.ui.SDL_core.obj
 0001:00000cc0       ?get_max_cell_size@RMultiImage2D_SDL_ttf@SDL_core@ui@modules@UModSys@@UEAA_NAEAU?$TVector2@H@math3d@5@@Z 0000000180001cc0 f i umodsys_lib_libui:umodsys.mod.ui.SDL_core.obj
 0001:00000cc0       ?mouse_reset@RMouseController@SDL_core@ui@modules@UModSys@@UEAA_NXZ 0000000180001cc0 f i umodsys_lib_libui:umodsys.mod.ui.SDL_core.obj
 0001:00000cd0       ?push@?$TRStackSocket@USFileInfo@libmedia@UModSys@@U?$TDynarrayDynamic@USFileInfo@libmedia@UModSys@@U?$TAllocator@USIMemAlloc@core@UModSys@@USCountCalcPower2@23@@tl@3@@tl@3@@tl@UModSys@@UEAA_NAEBUSFileInfo@libmedia@3@@Z 0000000180001cd0 f i plugin_test1.obj
 0001:00000d30       ?pop@?$TRStackSocket@USFileInfo@libmedia@UModSys@@U?$TDynarrayDynamic@USFileInfo@libmedia@UModSys@@U?$TAllocator@USIMemAlloc@core@UModSys@@USCountCalcPower2@23@@tl@3@@tl@3@@tl@UModSys@@UEAA_NAEAUSFileInfo@libmedia@3@@Z 0000000180001d30 f i plugin_test1.obj
 0001:00000da0       ??1?$TDynarray@U?$TDynarrayHolderDynamic@USFileInfo@libmedia@UModSys@@U?$TAllocator@USIMemAlloc@core@UModSys@@USCountCalcPower2@23@@tl@3@@tl@UModSys@@@tl@UModSys@@QEAA@XZ 0000000180001da0 f i plugin_test1.obj
 0001:00000e10       ?info_release@?$TSCoreShared@USIMemAlloc@core@UModSys@@D@su@tl@UModSys@@QEAAXXZ 0000000180001e10 f i plugin_test1.obj
 0001:00000eb0       ?info_new@?$TSCoreShared@USIMemAlloc@core@UModSys@@D@su@tl@UModSys@@QEAA_NPEBD_K@Z 0000000180001eb0 f i plugin_test1.obj
 0001:00000fa0       ?get_null@?$TSCoreShared@USIMemAlloc@core@UModSys@@D@su@tl@UModSys@@SAPEAU?$TSharedStringInfo@DUSIMemAlloc@core@UModSys@@@234@XZ 0000000180001fa0 f i plugin_test1.obj
 0001:00000ff0       ??$generate_type@UIImage@lib2d@UModSys@@@RTest1_Shell@test1@test@modules@UModSys@@QEAA?AU?$TRefObject@UIImage@lib2d@UModSys@@U?$TRefObjectFunc@UIImage@lib2d@UModSys@@@tl@3@@tl@4@AEBU?$TString@U?$TSCoreConst@D@su@tl@UModSys@@U?$TComparerBinaryHash@D@234@@64@AEBUSParameters@core@4@PEBD@Z 0000000180001ff0 f i plugin_test1.obj
 0001:000011e0       ??$generate_type@UIBinArchive@libmedia@UModSys@@@RTest1_Shell@test1@test@modules@UModSys@@QEAA?AU?$TRefObject@UIBinArchive@libmedia@UModSys@@U?$TRefObjectFunc@UIBinArchive@libmedia@UModSys@@@tl@3@@tl@4@AEBU?$TString@U?$TSCoreConst@D@su@tl@UModSys@@U?$TComparerBinaryHash@D@234@@64@AEBUSParameters@core@4@PEBD@Z 00000001800021e0 f i plugin_test1.obj
 0001:00001380       ??$generate_type@UIClient@IBinArchiveFrame@libmedia@UModSys@@@RTest1_Shell@test1@test@modules@UModSys@@QEAA?AU?$TRefObject@UIClient@IBinArchiveFrame@libmedia@UModSys@@U?$TRefObjectFunc@UIClient@IBinArchiveFrame@libmedia@UModSys@@@tl@4@@tl@4@AEBU?$TString@U?$TSCoreConst@D@su@tl@UModSys@@U?$TComparerBinaryHash@D@234@@64@AEBUSParameters@core@4@PEBD@Z 0000000180002380 f i plugin_test1.obj
 0001:00001520       ??$generate_type@UIBinArchiveFrame@libmedia@UModSys@@@RTest1_Shell@test1@test@modules@UModSys@@QEAA?AU?$TRefObject@UIBinArchiveFrame@libmedia@UModSys@@U?$TRefObjectFunc@UIBinArchiveFrame@libmedia@UModSys@@@tl@3@@tl@4@AEBU?$TString@U?$TSCoreConst@D@su@tl@UModSys@@U?$TComparerBinaryHash@D@234@@64@AEBUSParameters@core@4@PEBD@Z 0000000180002520 f i plugin_test1.obj
 0001:000016c0       ??$generate_type@UIBinObjFilter@libmedia@UModSys@@@RTest1_Shell@test1@test@modules@UModSys@@QEAA?AU?$TRefObject@UIBinObjFilter@libmedia@UModSys@@U?$TRefObjectFunc@UIBinObjFilter@libmedia@UModSys@@@tl@3@@tl@4@AEBU?$TString@U?$TSCoreConst@D@su@tl@UModSys@@U?$TComparerBinaryHash@D@234@@64@AEBUSParameters@core@4@PEBD@Z 00000001800026c0 f i plugin_test1.obj
 0001:00001860       ??$generate_type@UIUtilities@libmedia@UModSys@@@RTest1_Shell@test1@test@modules@UModSys@@QEAA?AU?$TRefObject@UIUtilities@libmedia@UModSys@@U?$TRefObjectFunc@UIUtilities@libmedia@UModSys@@@tl@3@@tl@4@AEBU?$TString@U?$TSCoreConst@D@su@tl@UModSys@@U?$TComparerBinaryHash@D@234@@64@AEBUSParameters@core@4@PEBD@Z 0000000180002860 f i plugin_test1.obj
 0001:00001a00       ??$generate_type@UILibraryBinTree@libmedia@UModSys@@@RTest1_Shell@test1@test@modules@UModSys@@QEAA?AU?$TRefObject@UILibraryBinTree@libmedia@UModSys@@U?$TRefObjectFunc@UILibraryBinTree@libmedia@UModSys@@@tl@3@@tl@4@AEBU?$TString@U?$TSCoreConst@D@su@tl@UModSys@@U?$TComparerBinaryHash@D@234@@64@AEBUSParameters@core@4@PEBD@Z 0000000180002a00 f i plugin_test1.obj
 0001:00001ba0       ??$generate_type@UILibraryObjFilter@libmedia@UModSys@@@RTest1_Shell@test1@test@modules@UModSys@@QEAA?AU?$TRefObject@UILibraryObjFilter@libmedia@UModSys@@U?$TRefObjectFunc@UILibraryObjFilter@libmedia@UModSys@@@tl@3@@tl@4@AEBU?$TString@U?$TSCoreConst@D@su@tl@UModSys@@U?$TComparerBinaryHash@D@234@@64@AEBUSParameters@core@4@PEBD@Z 0000000180002ba0 f i plugin_test1.obj
 0001:00001d40       ??$generate_type@UILibraryLayered@libmedia@UModSys@@@RTest1_Shell@test1@test@modules@UModSys@@QEAA?AU?$TRefObject@UILibraryLayered@libmedia@UModSys@@U?$TRefObjectFunc@UILibraryLayered@libmedia@UModSys@@@tl@3@@tl@4@AEBU?$TString@U?$TSCoreConst@D@su@tl@UModSys@@U?$TComparerBinaryHash@D@234@@64@AEBUSParameters@core@4@PEBD@Z 0000000180002d40 f i plugin_test1.obj
 0001:00001ee0       ??$generate_type@UILibraryObjCache@libmedia@UModSys@@@RTest1_Shell@test1@test@modules@UModSys@@QEAA?AU?$TRefObject@UILibraryObjCache@libmedia@UModSys@@U?$TRefObjectFunc@UILibraryObjCache@libmedia@UModSys@@@tl@3@@tl@4@AEBU?$TString@U?$TSCoreConst@D@su@tl@UModSys@@U?$TComparerBinaryHash@D@234@@64@AEBUSParameters@core@4@PEBD@Z 0000000180002ee0 f i plugin_test1.obj
 0001:00002080       ??$generate_type@UILibraryBinCache@libmedia@UModSys@@@RTest1_Shell@test1@test@modules@UModSys@@QEAA?AU?$TRefObject@UILibraryBinCache@libmedia@UModSys@@U?$TRefObjectFunc@UILibraryBinCache@libmedia@UModSys@@@tl@3@@tl@4@AEBU?$TString@U?$TSCoreConst@D@su@tl@UModSys@@U?$TComparerBinaryHash@D@234@@64@AEBUSParameters@core@4@PEBD@Z 0000000180003080 f i plugin_test1.obj
 0001:00002220       ?ResizeRel@?$TDynarray@U?$TDynarrayHolderDynamic@USFileInfo@libmedia@UModSys@@U?$TAllocator@USIMemAlloc@core@UModSys@@USCountCalcPower2@23@@tl@3@@tl@UModSys@@@tl@UModSys@@QEAA_N_J@Z 0000000180003220 f i plugin_test1.obj
 0001:000022d0       ??$shash@D@su@tl@UModSys@@YA_KPEBD_K@Z 00000001800032d0 f i plugin_test1.obj
 0001:00002310       ?ReLink@?$TDynarray@U?$TDynarrayHolderDynamic@USFileInfo@libmedia@UModSys@@U?$TAllocator@USIMemAlloc@core@UModSys@@USCountCalcPower2@23@@tl@3@@tl@UModSys@@@tl@UModSys@@IEAA_N_K@Z 0000000180003310 f i plugin_test1.obj
 0001:00002380       ??1?$TRefObject@UIModObject@base@UModSys@@U?$TModObjectFunc@UIModObject@base@UModSys@@@tl@3@@tl@UModSys@@QEAA@XZ 0000000180003380 f i plugin_test1.obj
 0001:000023b0       ?adestruct@?$TTypeConstructor@USFileInfo@libmedia@UModSys@@@tl@UModSys@@SAXPEAUSFileInfo@libmedia@3@_K@Z 00000001800033b0 f i plugin_test1.obj
 0001:00002430       ??$t_ref_get_other_interface@UIStreamReader@libmedia@UModSys@@U?$TRefObjectFunc@UIStreamReader@libmedia@UModSys@@@tl@3@@IRefObject@core@UModSys@@QEAA_NAEAU?$TRefObject@UIStreamReader@libmedia@UModSys@@U?$TRefObjectFunc@UIStreamReader@libmedia@UModSys@@@tl@3@@tl@2@@Z 0000000180003430 f i plugin_test1.obj
 0001:00002480       ??$t_ref_get_other_interface@UIStreamWriter@libmedia@UModSys@@U?$TRefObjectFunc@UIStreamWriter@libmedia@UModSys@@@tl@3@@IRefObject@core@UModSys@@QEAA_NAEAU?$TRefObject@UIStreamWriter@libmedia@UModSys@@U?$TRefObjectFunc@UIStreamWriter@libmedia@UModSys@@@tl@3@@tl@2@@Z 0000000180003480 f i plugin_test1.obj
 0001:000024d0       ??$t_ref_get_other_interface@UIMultiImage@lib2d@UModSys@@U?$TRefObjectFunc@UIMultiImage@lib2d@UModSys@@@tl@3@@IRefObject@core@UModSys@@QEAA_NAEAU?$TRefObject@UIMultiImage@lib2d@UModSys@@U?$TRefObjectFunc@UIMultiImage@lib2d@UModSys@@@tl@3@@tl@2@@Z 00000001800034d0 f i plugin_test1.obj
 0001:00002520       ??$t_generate@UIBinArchive@libmedia@UModSys@@@SModuleContext@base@UModSys@@QEAA_NAEAU?$TRefObject@UIBinArchive@libmedia@UModSys@@U?$TRefObjectFunc@UIBinArchive@libmedia@UModSys@@@tl@3@@tl@2@PEBUSUniquePointerInfo@core@2@AEBUSParameters@62@@Z 0000000180003520 f i plugin_test1.obj
 0001:000025f0       ??$t_generate@UIClient@IBinArchiveFrame@libmedia@UModSys@@@SModuleContext@base@UModSys@@QEAA_NAEAU?$TRefObject@UIClient@IBinArchiveFrame@libmedia@UModSys@@U?$TRefObjectFunc@UIClient@IBinArchiveFrame@libmedia@UModSys@@@tl@4@@tl@2@PEBUSUniquePointerInfo@core@2@AEBUSParameters@62@@Z 00000001800035f0 f i plugin_test1.obj
 0001:000026c0       ??$t_generate@UIBinArchiveFrame@libmedia@UModSys@@@SModuleContext@base@UModSys@@QEAA_NAEAU?$TRefObject@UIBinArchiveFrame@libmedia@UModSys@@U?$TRefObjectFunc@UIBinArchiveFrame@libmedia@UModSys@@@tl@3@@tl@2@PEBUSUniquePointerInfo@core@2@AEBUSParameters@62@@Z 00000001800036c0 f i plugin_test1.obj
 0001:00002790       ??$t_generate@UIBinObjFilter@libmedia@UModSys@@@SModuleContext@base@UModSys@@QEAA_NAEAU?$TRefObject@UIBinObjFilter@libmedia@UModSys@@U?$TRefObjectFunc@UIBinObjFilter@libmedia@UModSys@@@tl@3@@tl@2@PEBUSUniquePointerInfo@core@2@AEBUSParameters@62@@Z 0000000180003790 f i plugin_test1.obj
 0001:00002860       ??$t_generate@UIUtilities@libmedia@UModSys@@@SModuleContext@base@UModSys@@QEAA_NAEAU?$TRefObject@UIUtilities@libmedia@UModSys@@U?$TRefObjectFunc@UIUtilities@libmedia@UModSys@@@tl@3@@tl@2@PEBUSUniquePointerInfo@core@2@AEBUSParameters@62@@Z 0000000180003860 f i plugin_test1.obj
 0001:00002930       ??$t_generate@UILibraryBinTree@libmedia@UModSys@@@SModuleContext@base@UModSys@@QEAA_NAEAU?$TRefObject@UILibraryBinTree@libmedia@UModSys@@U?$TRefObjectFunc@UILibraryBinTree@libmedia@UModSys@@@tl@3@@tl@2@PEBUSUniquePointerInfo@core@2@AEBUSParameters@62@@Z 0000000180003930 f i plugin_test1.obj
 0001:00002a00       ??$t_generate@UILibraryObjFilter@libmedia@UModSys@@@SModuleContext@base@UModSys@@QEAA_NAEAU?$TRefObject@UILibraryObjFilter@libmedia@UModSys@@U?$TRefObjectFunc@UILibraryObjFilter@libmedia@UModSys@@@tl@3@@tl@2@PEBUSUniquePointerInfo@core@2@AEBUSParameters@62@@Z 0000000180003a00 f i plugin_test1.obj
 0001:00002ad0       ??$t_generate@UILibraryLayered@libmedia@UModSys@@@SModuleContext@base@UModSys@@QEAA_NAEAU?$TRefObject@UILibraryLayered@libmedia@UModSys@@U?$TRefObjectFunc@UILibraryLayered@libmedia@UModSys@@@tl@3@@tl@2@PEBUSUniquePointerInfo@core@2@AEBUSParameters@62@@Z 0000000180003ad0 f i plugin_test1.obj
 0001:00002ba0       ??$t_generate@UILibraryObjCache@libmedia@UModSys@@@SModuleContext@base@UModSys@@QEAA_NAEAU?$TRefObject@UILibraryObjCache@libmedia@UModSys@@U?$TRefObjectFunc@UILibraryObjCache@libmedia@UModSys@@@tl@3@@tl@2@PEBUSUniquePointerInfo@core@2@AEBUSParameters@62@@Z 0000000180003ba0 f i plugin_test1.obj
 0001:00002c70       ??$t_generate@UILibraryBinCache@libmedia@UModSys@@@SModuleContext@base@UModSys@@QEAA_NAEAU?$TRefObject@UILibraryBinCache@libmedia@UModSys@@U?$TRefObjectFunc@UILibraryBinCache@libmedia@UModSys@@@tl@3@@tl@2@PEBUSUniquePointerInfo@core@2@AEBUSParameters@62@@Z 0000000180003c70 f i plugin_test1.obj
 0001:00002d40       ??$t_ref_get_other_interface@UIImage@lib2d@UModSys@@U?$TRefObjectFunc@UIImage@lib2d@UModSys@@@tl@3@@IRefObject@core@UModSys@@QEAA_NAEAU?$TRefObject@UIImage@lib2d@UModSys@@U?$TRefObjectFunc@UIImage@lib2d@UModSys@@@tl@3@@tl@2@@Z 0000000180003d40 f i plugin_test1.obj
 0001:00002d90       ?root_get_interface_info@RImage_Memory@stdlib@lib2d@modules@UModSys@@UEBAAEBUSUniquePointerInfo@core@5@XZ 0000000180003d90 f i umodsys_lib_lib2d:umodsys.mod.2d.stdlib.obj
 0001:00002da0       ?root_get_interface_type@RImage_Memory@stdlib@lib2d@modules@UModSys@@UEBAPEBUSUniquePointerInfo@core@5@XZ 0000000180003da0 f i umodsys_lib_lib2d:umodsys.mod.2d.stdlib.obj
 0001:00002db0       ?root_get_other_interface@RImage_Memory@stdlib@lib2d@modules@UModSys@@UEBAPEBUIRoot@core@5@PEBUSUniquePointerInfo@75@@Z 0000000180003db0 f i umodsys_lib_lib2d:umodsys.mod.2d.stdlib.obj
 0001:00002db0       ?root_get_other_interface@RImage_Memory@stdlib@lib2d@modules@UModSys@@UEAAPEAUIRoot@core@5@PEBUSUniquePointerInfo@75@@Z 0000000180003db0 f i umodsys_lib_lib2d:umodsys.mod.2d.stdlib.obj
 0001:00002de0       ?root_is_interface_supported@RImage_Memory@stdlib@lib2d@modules@UModSys@@UEBA_NPEBUSUniquePointerInfo@core@5@@Z 0000000180003de0 f i umodsys_lib_lib2d:umodsys.mod.2d.stdlib.obj
 0001:00002e10       ?set_info@RImage_Memory@stdlib@lib2d@modules@UModSys@@UEAA_NAEBUSImagePatchInfo@35@PEBD@Z 0000000180003e10 f i umodsys_lib_lib2d:umodsys.mod.2d.stdlib.obj
 0001:00002fd0       ?set_data@RImage_Memory@stdlib@lib2d@modules@UModSys@@UEAA_NAEBUSImagePatchInfo@35@AEBUSCMem@core@5@H@Z 0000000180003fd0 f i umodsys_lib_lib2d:umodsys.mod.2d.stdlib.obj
 0001:000031a0       ?get_info@RImage_Memory@stdlib@lib2d@modules@UModSys@@UEBAAEBUSImageInfo@35@XZ 00000001800041a0 f i umodsys_lib_lib2d:umodsys.mod.2d.stdlib.obj
 0001:000031b0       ?get_data@RImage_Memory@stdlib@lib2d@modules@UModSys@@UEBA_NAEBUSImagePatchInfo@35@AEBUSMem@core@5@H@Z 00000001800041b0 f i umodsys_lib_lib2d:umodsys.mod.2d.stdlib.obj
 0001:00003390       ??0RImage_Memory@stdlib@lib2d@modules@UModSys@@QEAA@PEAUIModObject@base@4@AEBUSParameters@core@4@@Z 0000000180004390 f i umodsys_lib_lib2d:umodsys.mod.2d.stdlib.obj
 0001:00003450       ??4State@RImage_Memory@stdlib@lib2d@modules@UModSys@@QEAAAEAU012345@AEBU012345@@Z 0000000180004450 f i umodsys_lib_lib2d:umodsys.mod.2d.stdlib.obj
 0001:00003530       ??_ERImage_Memory@stdlib@lib2d@modules@UModSys@@UEAAPEAXI@Z 0000000180004530 f i  CIL library: CIL module
 0001:00003530       ??_GRImage_Memory@stdlib@lib2d@modules@UModSys@@UEAAPEAXI@Z 0000000180004530 f i umodsys_lib_lib2d:umodsys.mod.2d.stdlib.obj
 0001:00003590       ?get_generated_names@RGenerator@stdlib@lib2d@modules@UModSys@@UEBAHAEAUSUniquePtrList@core@5@@Z 0000000180004590 f i umodsys_lib_lib2d:umodsys.mod.2d.stdlib.obj
 0001:000035b0       ?get_generated_types@RGenerator@stdlib@lib2d@modules@UModSys@@UEBAHAEAUSUniquePtrList@core@5@PEBUSUniquePointerInfo@75@@Z 00000001800045b0 f i umodsys_lib_lib2d:umodsys.mod.2d.stdlib.obj
 0001:00003610       ?generate@RGenerator@stdlib@lib2d@modules@UModSys@@UEAA_NAEAU?$TRefObject@UIRefObject@core@UModSys@@U?$TRefObjectFunc@UIRefObject@core@UModSys@@@tl@3@@tl@5@PEBUSUniquePointerInfo@core@5@AEBUSParameters@95@@Z 0000000180004610 f i umodsys_lib_lib2d:umodsys.mod.2d.stdlib.obj
 0001:00003690       ?root_get_interface_info@RGenerator@stdlib@lib2d@modules@UModSys@@UEBAAEBUSUniquePointerInfo@core@5@XZ 0000000180004690 f i umodsys_lib_lib2d:umodsys.mod.2d.stdlib.obj
 0001:000036a0       ?root_get_interface_type@RGenerator@stdlib@lib2d@modules@UModSys@@UEBAPEBUSUniquePointerInfo@core@5@XZ 00000001800046a0 f i umodsys_lib_lib2d:umodsys.mod.2d.stdlib.obj
 0001:000036b0       ?root_get_other_interface@RGenerator@stdlib@lib2d@modules@UModSys@@UEAAPEAUIRoot@core@5@PEBUSUniquePointerInfo@75@@Z 00000001800046b0 f i umodsys_lib_lib2d:umodsys.mod.2d.stdlib.obj
 0001:000036b0       ?root_get_other_interface@RGenerator@stdlib@lib2d@modules@UModSys@@UEBAPEBUIRoot@core@5@PEBUSUniquePointerInfo@75@@Z 00000001800046b0 f i umodsys_lib_lib2d:umodsys.mod.2d.stdlib.obj
 0001:000036f0       ?root_is_interface_supported@RGenerator@stdlib@lib2d@modules@UModSys@@UEBA_NPEBUSUniquePointerInfo@core@5@@Z 00000001800046f0 f i umodsys_lib_lib2d:umodsys.mod.2d.stdlib.obj
 0001:00003730       ?get_uid@RGenerator@stdlib@lib2d@modules@UModSys@@UEBAPEBUSUniquePointerInfo@core@5@XZ 0000000180004730 f i umodsys_lib_lib2d:umodsys.mod.2d.stdlib.obj
 0001:00003740       ?do_open@RModuleReg@stdlib@lib2d@modules@UModSys@@UEAA_NXZ 0000000180004740 f i umodsys_lib_lib2d:umodsys.mod.2d.stdlib.obj
 0001:00003750       ?do_close@RModuleReg@stdlib@lib2d@modules@UModSys@@UEAA_NXZ 0000000180004750 f i umodsys_lib_lib2d:umodsys.mod.2d.stdlib.obj
 0001:00003760       ??_GRModuleReg@stdlib@lib2d@modules@UModSys@@UEAAPEAXI@Z 0000000180004760 f i umodsys_lib_lib2d:umodsys.mod.2d.stdlib.obj
 0001:00003760       ??_ERModuleReg@stdlib@lib2d@modules@UModSys@@UEAAPEAXI@Z 0000000180004760 f i  CIL library: CIL module
 0001:00003790       ??$ValidateConstruction@UIRefObject@core@UModSys@@URMediaFilter@images_std@media@modules@3@@core@UModSys@@YA_NAEAU?$TRefObject@UIRefObject@core@UModSys@@U?$TRefObjectFunc@UIRefObject@core@UModSys@@@tl@3@@tl@1@PEAURMediaFilter@images_std@media@modules@1@@Z 0000000180004790 f i umodsys_lib_libmedia:umodsys.mod.media.images_std.obj
 0001:00003790       ??$ValidateConstruction@UIRefObject@core@UModSys@@URTerminal@SDL_core@ui@modules@3@@core@UModSys@@YA_NAEAU?$TRefObject@UIRefObject@core@UModSys@@U?$TRefObjectFunc@UIRefObject@core@UModSys@@@tl@3@@tl@1@PEAURTerminal@SDL_core@ui@modules@1@@Z 0000000180004790 f i umodsys_lib_libui:umodsys.mod.ui.SDL_core.obj
 0001:00003790       ??$ValidateConstruction@UIRefObject@core@UModSys@@URImage_Memory@stdlib@lib2d@modules@3@@core@UModSys@@YA_NAEAU?$TRefObject@UIRefObject@core@UModSys@@U?$TRefObjectFunc@UIRefObject@core@UModSys@@@tl@3@@tl@1@PEAURImage_Memory@stdlib@lib2d@modules@1@@Z 0000000180004790 f i umodsys_lib_lib2d:umodsys.mod.2d.stdlib.obj
 0001:00003800       ?root_get_interface_info@RMultiImage2D_SDL_ttf@SDL_core@ui@modules@UModSys@@UEBAAEBUSUniquePointerInfo@core@5@XZ 0000000180004800 f i umodsys_lib_libui:umodsys.mod.ui.SDL_core.obj
 0001:00003810       ?root_get_interface_type@RMultiImage2D_SDL_ttf@SDL_core@ui@modules@UModSys@@UEBAPEBUSUniquePointerInfo@core@5@XZ 0000000180004810 f i umodsys_lib_libui:umodsys.mod.ui.SDL_core.obj
 0001:00003820       ?root_get_other_interface@RMultiImage2D_SDL_ttf@SDL_core@ui@modules@UModSys@@UEAAPEAUIRoot@core@5@PEBUSUniquePointerInfo@75@@Z 0000000180004820 f i umodsys_lib_libui:umodsys.mod.ui.SDL_core.obj
 0001:00003820       ?root_get_other_interface@RMultiImage2D_SDL_ttf@SDL_core@ui@modules@UModSys@@UEBAPEBUIRoot@core@5@PEBUSUniquePointerInfo@75@@Z 0000000180004820 f i umodsys_lib_libui:umodsys.mod.ui.SDL_core.obj
 0001:00003850       ?root_is_interface_supported@RMultiImage2D_SDL_ttf@SDL_core@ui@modules@UModSys@@UEBA_NPEBUSUniquePointerInfo@core@5@@Z 0000000180004850 f i umodsys_lib_libui:umodsys.mod.ui.SDL_core.obj
 0001:00003880       ??0RMultiImage2D_SDL_ttf@SDL_core@ui@modules@UModSys@@QEAA@PEAURRenderDriver2D@1234@AEBUSParameters@core@4@@Z 0000000180004880 f i umodsys_lib_libui:umodsys.mod.ui.SDL_core.obj
 0001:00003920       ?open@RMultiImage2D_SDL_ttf@SDL_core@ui@modules@UModSys@@QEAA_NAEBUSParameters@core@5@@Z 0000000180004920 f i umodsys_lib_libui:umodsys.mod.ui.SDL_core.obj
 0001:00003a20       ?generate_glyphs@RMultiImage2D_SDL_ttf@SDL_core@ui@modules@UModSys@@QEAA_NXZ 0000000180004a20 f i umodsys_lib_libui:umodsys.mod.ui.SDL_core.obj
 0001:00003b80       ??_GRMultiImage2D_SDL_ttf@SDL_core@ui@modules@UModSys@@UEAAPEAXI@Z 0000000180004b80 f i umodsys_lib_libui:umodsys.mod.ui.SDL_core.obj
 0001:00003b80       ??_ERMultiImage2D_SDL_ttf@SDL_core@ui@modules@UModSys@@UEAAPEAXI@Z 0000000180004b80 f i  CIL library: CIL module
 0001:00003c00       ?root_get_interface_info@RRenderDriver2D@SDL_core@ui@modules@UModSys@@UEBAAEBUSUniquePointerInfo@core@5@XZ 0000000180004c00 f i umodsys_lib_libui:umodsys.mod.ui.SDL_core.obj
 0001:00003c10       ?root_get_interface_type@RRenderDriver2D@SDL_core@ui@modules@UModSys@@UEBAPEBUSUniquePointerInfo@core@5@XZ 0000000180004c10 f i umodsys_lib_libui:umodsys.mod.ui.SDL_core.obj
 0001:00003c20       ?root_get_other_interface@RRenderDriver2D@SDL_core@ui@modules@UModSys@@UEBAPEBUIRoot@core@5@PEBUSUniquePointerInfo@75@@Z 0000000180004c20 f i umodsys_lib_libui:umodsys.mod.ui.SDL_core.obj
 0001:00003c20       ?root_get_other_interface@RRenderDriver2D@SDL_core@ui@modules@UModSys@@UEAAPEAUIRoot@core@5@PEBUSUniquePointerInfo@75@@Z 0000000180004c20 f i umodsys_lib_libui:umodsys.mod.ui.SDL_core.obj
 0001:00003c50       ?root_is_interface_supported@RRenderDriver2D@SDL_core@ui@modules@UModSys@@UEBA_NPEBUSUniquePointerInfo@core@5@@Z 0000000180004c50 f i umodsys_lib_libui:umodsys.mod.ui.SDL_core.obj
 0001:00003c80       ?suicide@RKeyboardController@SDL_core@ui@modules@UModSys@@UEAAXXZ 0000000180004c80 f i umodsys_lib_libui:umodsys.mod.ui.SDL_core.obj
 0001:00003c80       ?suicide@RMouseController@SDL_core@ui@modules@UModSys@@UEAAXXZ 0000000180004c80 f i umodsys_lib_libui:umodsys.mod.ui.SDL_core.obj
 0001:00003c80       ?suicide@RDialog@frames@ui@modules@UModSys@@UEAAXXZ 0000000180004c80 f i umodsys_lib_libui:umodsys.mod.ui.frames.obj
 0001:00003c80       ?suicide@RMultiImage2D_SDL_ttf@SDL_core@ui@modules@UModSys@@UEAAXXZ 0000000180004c80 f i umodsys_lib_libui:umodsys.mod.ui.SDL_core.obj
 0001:00003c80       ?suicide@RRenderDriver2D@SDL_core@ui@modules@UModSys@@UEAAXXZ 0000000180004c80 f i umodsys_lib_libui:umodsys.mod.ui.SDL_core.obj
 0001:00003cd0       ??0RRenderDriver2D@SDL_core@ui@modules@UModSys@@QEAA@PEAURTerminal@1234@AEBUSParameters@core@4@@Z 0000000180004cd0 f i umodsys_lib_libui:umodsys.mod.ui.SDL_core.obj
 0001:00003e20       ??1RRenderDriver2D@SDL_core@ui@modules@UModSys@@UEAA@XZ 0000000180004e20 f i umodsys_lib_libui:umodsys.mod.ui.SDL_core.obj
 0001:00003ef0       ?open@RRenderDriver2D@SDL_core@ui@modules@UModSys@@QEAA_NAEBUSParameters@core@5@@Z 0000000180004ef0 f i umodsys_lib_libui:umodsys.mod.ui.SDL_core.obj
 0001:00004110       ?set_color@RRenderDriver2D@SDL_core@ui@modules@UModSys@@QEAAXXZ 0000000180005110 f i umodsys_lib_libui:umodsys.mod.ui.SDL_core.obj
 0001:00004190       ?begin@RRenderDriver2D@SDL_core@ui@modules@UModSys@@UEAAXXZ 0000000180005190 f i umodsys_lib_libui:umodsys.mod.ui.SDL_core.obj
 0001:00004200       ?end@RRenderDriver2D@SDL_core@ui@modules@UModSys@@UEAAXXZ 0000000180005200 f i umodsys_lib_libui:umodsys.mod.ui.SDL_core.obj
 0001:00004220       ?get_max_values@RRenderDriver2D@SDL_core@ui@modules@UModSys@@UEBAPEBUSParameters@core@5@XZ 0000000180005220 f i umodsys_lib_libui:umodsys.mod.ui.SDL_core.obj
 0001:00004230       ?get_frame_values@RRenderDriver2D@SDL_core@ui@modules@UModSys@@UEBAPEBUSParameters@core@5@XZ 0000000180005230 f i umodsys_lib_libui:umodsys.mod.ui.SDL_core.obj
 0001:00004240       ?setup_font@RRenderDriver2D@SDL_core@ui@modules@UModSys@@UEAA_NPEAUIMultiImage@lib2d@5@PEBU?$TVector2@M@math3d@5@@Z 0000000180005240 f i umodsys_lib_libui:umodsys.mod.ui.SDL_core.obj
 0001:000042b0       ?setup_color@RRenderDriver2D@SDL_core@ui@modules@UModSys@@UEAAXAEBU?$TVector3@M@math3d@5@@Z 00000001800052b0 f i umodsys_lib_libui:umodsys.mod.ui.SDL_core.obj
 0001:000042e0       ?setup_color@RRenderDriver2D@SDL_core@ui@modules@UModSys@@UEAAXAEBU?$TVector3@H@math3d@5@@Z 00000001800052e0 f i umodsys_lib_libui:umodsys.mod.ui.SDL_core.obj
 0001:00004330       ?setup_coloralpha@RRenderDriver2D@SDL_core@ui@modules@UModSys@@UEAAXAEBU?$TVector4@M@math3d@5@H@Z 0000000180005330 f i umodsys_lib_libui:umodsys.mod.ui.SDL_core.obj
 0001:00004360       ?setup_coloralpha@RRenderDriver2D@SDL_core@ui@modules@UModSys@@UEAAXAEBU?$TVector4@H@math3d@5@H@Z 0000000180005360 f i umodsys_lib_libui:umodsys.mod.ui.SDL_core.obj
 0001:000043d0       ?setup_blendcolor@RRenderDriver2D@SDL_core@ui@modules@UModSys@@UEAAXAEBUSBlendColor@lib2d@5@@Z 00000001800053d0 f i umodsys_lib_libui:umodsys.mod.ui.SDL_core.obj
 0001:00004440       ?setup_blendcolor@RRenderDriver2D@SDL_core@ui@modules@UModSys@@UEAAXAEBUSBlendColorf@lib2d@5@@Z 0000000180005440 f i umodsys_lib_libui:umodsys.mod.ui.SDL_core.obj
 0001:000044a0       ?setup_alpha@RRenderDriver2D@SDL_core@ui@modules@UModSys@@UEAAXHH@Z 00000001800054a0 f i umodsys_lib_libui:umodsys.mod.ui.SDL_core.obj
 0001:000044d0       ?setup_alpha@RRenderDriver2D@SDL_core@ui@modules@UModSys@@UEAAXMH@Z 00000001800054d0 f i umodsys_lib_libui:umodsys.mod.ui.SDL_core.obj
 0001:000044f0       ?render_text_advanced@RRenderDriver2D@SDL_core@ui@modules@UModSys@@UEAA_NAEAUTextInfo@IRenderDriver@lib2d@5@PEBHH@Z 00000001800054f0 f i umodsys_lib_libui:umodsys.mod.ui.SDL_core.obj
 0001:00004740       ?render_box@RRenderDriver2D@SDL_core@ui@modules@UModSys@@UEAAXAEBU?$TVector2@H@math3d@5@0@Z 0000000180005740 f i umodsys_lib_libui:umodsys.mod.ui.SDL_core.obj
 0001:00004790       ?render_tri@RRenderDriver2D@SDL_core@ui@modules@UModSys@@UEAAXAEBU?$TVector2@H@math3d@5@00@Z 0000000180005790 f i umodsys_lib_libui:umodsys.mod.ui.SDL_core.obj
 0001:00004810       ?render_quad@RRenderDriver2D@SDL_core@ui@modules@UModSys@@UEAAXAEBU?$TVector2@H@math3d@5@000@Z 0000000180005810 f i umodsys_lib_libui:umodsys.mod.ui.SDL_core.obj
 0001:000048c0       ?render_line@RRenderDriver2D@SDL_core@ui@modules@UModSys@@UEAAXAEBU?$TVector2@H@math3d@5@0@Z 00000001800058c0 f i umodsys_lib_libui:umodsys.mod.ui.SDL_core.obj
 0001:000048f0       ?render_rect@RRenderDriver2D@SDL_core@ui@modules@UModSys@@UEAAXAEBU?$TVector2@H@math3d@5@0@Z 00000001800058f0 f i umodsys_lib_libui:umodsys.mod.ui.SDL_core.obj
 0001:00004940       ??_GRRenderDriver2D@SDL_core@ui@modules@UModSys@@UEAAPEAXI@Z 0000000180005940 f i umodsys_lib_libui:umodsys.mod.ui.SDL_core.obj
 0001:00004940       ??_ERRenderDriver2D@SDL_core@ui@modules@UModSys@@UEAAPEAXI@Z 0000000180005940 f i  CIL library: CIL module
 0001:00004970       ?root_get_interface_info@RMouseController@SDL_core@ui@modules@UModSys@@UEBAAEBUSUniquePointerInfo@core@5@XZ 0000000180005970 f i umodsys_lib_libui:umodsys.mod.ui.SDL_core.obj
 0001:00004980       ?root_get_interface_type@RMouseController@SDL_core@ui@modules@UModSys@@UEBAPEBUSUniquePointerInfo@core@5@XZ 0000000180005980 f i umodsys_lib_libui:umodsys.mod.ui.SDL_core.obj
 0001:00004990       ?root_get_other_interface@RMouseController@SDL_core@ui@modules@UModSys@@UEBAPEBUIRoot@core@5@PEBUSUniquePointerInfo@75@@Z 0000000180005990 f i umodsys_lib_libui:umodsys.mod.ui.SDL_core.obj
 0001:00004990       ?root_get_other_interface@RMouseController@SDL_core@ui@modules@UModSys@@UEAAPEAUIRoot@core@5@PEBUSUniquePointerInfo@75@@Z 0000000180005990 f i umodsys_lib_libui:umodsys.mod.ui.SDL_core.obj
 0001:000049c0       ?root_is_interface_supported@RMouseController@SDL_core@ui@modules@UModSys@@UEBA_NPEBUSUniquePointerInfo@core@5@@Z 00000001800059c0 f i umodsys_lib_libui:umodsys.mod.ui.SDL_core.obj
 0001:000049f0       ?process@RMouseController@SDL_core@ui@modules@UModSys@@QEAA_NAEAUSDL_MouseMotionEvent@@@Z 00000001800059f0 f i umodsys_lib_libui:umodsys.mod.ui.SDL_core.obj
 0001:00004b70       ?process@RMouseController@SDL_core@ui@modules@UModSys@@QEAA_NAEAUSDL_MouseButtonEvent@@@Z 0000000180005b70 f i umodsys_lib_libui:umodsys.mod.ui.SDL_core.obj
 0001:00004cc0       ?process@RMouseController@SDL_core@ui@modules@UModSys@@QEAA_NAEAUSDL_MouseWheelEvent@@@Z 0000000180005cc0 f i umodsys_lib_libui:umodsys.mod.ui.SDL_core.obj
 0001:00004dd0       ?mouse_link@RMouseController@SDL_core@ui@modules@UModSys@@UEAA_NHPEAUIRefObject@core@5@PEAUIMouseClient@libui@5@H@Z 0000000180005dd0 f i umodsys_lib_libui:umodsys.mod.ui.SDL_core.obj
 0001:00004e70       ??_ERMouseController@SDL_core@ui@modules@UModSys@@UEAAPEAXI@Z 0000000180005e70 f i  CIL library: CIL module
 0001:00004e70       ??_GRMouseController@SDL_core@ui@modules@UModSys@@UEAAPEAXI@Z 0000000180005e70 f i umodsys_lib_libui:umodsys.mod.ui.SDL_core.obj
 0001:00004ee0       ?root_get_interface_info@RKeyboardController@SDL_core@ui@modules@UModSys@@UEBAAEBUSUniquePointerInfo@core@5@XZ 0000000180005ee0 f i umodsys_lib_libui:umodsys.mod.ui.SDL_core.obj
 0001:00004ef0       ?root_get_interface_type@RKeyboardController@SDL_core@ui@modules@UModSys@@UEBAPEBUSUniquePointerInfo@core@5@XZ 0000000180005ef0 f i umodsys_lib_libui:umodsys.mod.ui.SDL_core.obj
 0001:00004f00       ?root_get_other_interface@RKeyboardController@SDL_core@ui@modules@UModSys@@UEAAPEAUIRoot@core@5@PEBUSUniquePointerInfo@75@@Z 0000000180005f00 f i umodsys_lib_libui:umodsys.mod.ui.SDL_core.obj
 0001:00004f00       ?root_get_other_interface@RKeyboardController@SDL_core@ui@modules@UModSys@@UEBAPEBUIRoot@core@5@PEBUSUniquePointerInfo@75@@Z 0000000180005f00 f i umodsys_lib_libui:umodsys.mod.ui.SDL_core.obj
 0001:00004f30       ?root_is_interface_supported@RKeyboardController@SDL_core@ui@modules@UModSys@@UEBA_NPEBUSUniquePointerInfo@core@5@@Z 0000000180005f30 f i umodsys_lib_libui:umodsys.mod.ui.SDL_core.obj
 0001:00004f60       ?process@RKeyboardController@SDL_core@ui@modules@UModSys@@QEAA_NAEAUSDL_KeyboardEvent@@@Z 0000000180005f60 f i umodsys_lib_libui:umodsys.mod.ui.SDL_core.obj
 0001:00005070       ?process@RKeyboardController@SDL_core@ui@modules@UModSys@@QEAA_NAEAUSDL_TextInputEvent@@@Z 0000000180006070 f i umodsys_lib_libui:umodsys.mod.ui.SDL_core.obj
 0001:00005180       ?map_keycode@RKeyboardController@SDL_core@ui@modules@UModSys@@QEAA?AW4eKeyCode@libui@5@H@Z 0000000180006180 f i umodsys_lib_libui:umodsys.mod.ui.SDL_core.obj
 0001:000056e0       ?map_keyspecial@RKeyboardController@SDL_core@ui@modules@UModSys@@QEAAFG@Z 00000001800066e0 f i umodsys_lib_libui:umodsys.mod.ui.SDL_core.obj
 0001:00005780       ?mouse_unlink@RMouseController@SDL_core@ui@modules@UModSys@@UEAA_NH@Z 0000000180006780 f i umodsys_lib_libui:umodsys.mod.ui.SDL_core.obj
 0001:00005780       ?key_unlink@RKeyboardController@SDL_core@ui@modules@UModSys@@UEAA_NH@Z 0000000180006780 f i umodsys_lib_libui:umodsys.mod.ui.SDL_core.obj
 0001:00005800       ?key_link@RKeyboardController@SDL_core@ui@modules@UModSys@@UEAA_NHPEAUIRefObject@core@5@PEAUIKeyboardClient@libui@5@@Z 0000000180006800 f i umodsys_lib_libui:umodsys.mod.ui.SDL_core.obj
 0001:00005890       ?key_setvisible@RKeyboardController@SDL_core@ui@modules@UModSys@@UEAA_N_N@Z 0000000180006890 f i umodsys_lib_libui:umodsys.mod.ui.SDL_core.obj
 0001:000058b0       ??_GRKeyboardController@SDL_core@ui@modules@UModSys@@UEAAPEAXI@Z 00000001800068b0 f i umodsys_lib_libui:umodsys.mod.ui.SDL_core.obj
 0001:000058b0       ??_ERKeyboardController@SDL_core@ui@modules@UModSys@@UEAAPEAXI@Z 00000001800068b0 f i  CIL library: CIL module
 0001:00005920       ??1IKeyboardController@libui@UModSys@@UEAA@XZ 0000000180006920 f i umodsys_lib_libui:umodsys.mod.ui.SDL_core.obj
 0001:00005920       ??1IFrame@libui@UModSys@@UEAA@XZ 0000000180006920 f i umodsys_lib_libui:umodsys.mod.ui.frames.obj
 0001:00005920       ??1ISerializeWriter@libmedia@UModSys@@UEAA@XZ 0000000180006920 f i umodsys_lib_libmedia:umodsys.mod.media.serialize_json.obj
 0001:00005920       ??1IMultiImage@lib2d@UModSys@@UEAA@XZ 0000000180006920 f i umodsys_lib_libui:umodsys.mod.ui.SDL_core.obj
 0001:00005920       ??1IClient@IBinArchiveFrame@libmedia@UModSys@@UEAA@XZ 0000000180006920 f i umodsys_lib_libmedia:umodsys.mod.media.zlib.obj
 0001:00005920       ??1IMouseController@libui@UModSys@@UEAA@XZ 0000000180006920 f i umodsys_lib_libui:umodsys.mod.ui.SDL_core.obj
 0001:00005920       ??1ITerminal@libui@UModSys@@UEAA@XZ 0000000180006920 f i umodsys_lib_libui:umodsys.mod.ui.SDL_core.obj
 0001:00005920       ??1IDialog@libui@UModSys@@UEAA@XZ 0000000180006920 f i umodsys_lib_libui:umodsys.mod.ui.frames.obj
 0001:00005920       ??1IRenderDriver@lib2d@UModSys@@UEAA@XZ 0000000180006920 f i umodsys_lib_libui:umodsys.mod.ui.SDL_core.obj
 0001:00005920       ??1ISerializeReader@libmedia@UModSys@@UEAA@XZ 0000000180006920 f i umodsys_lib_libmedia:umodsys.mod.media.serialize_json.obj
 0001:00005920       ??1IImage@lib2d@UModSys@@UEAA@XZ 0000000180006920 f i umodsys_lib_lib2d:umodsys.mod.2d.stdlib.obj
 0001:00005920       ??1ICollector@libui@UModSys@@UEAA@XZ 0000000180006920 f i umodsys_lib_libui:umodsys.mod.ui.frames.obj
 0001:00005920       ??1IShell@base@UModSys@@UEAA@XZ 0000000180006920 f i plugin_test1.obj
 0001:00005930       ?root_get_interface_info@RTerminal@SDL_core@ui@modules@UModSys@@UEBAAEBUSUniquePointerInfo@core@5@XZ 0000000180006930 f i umodsys_lib_libui:umodsys.mod.ui.SDL_core.obj
 0001:00005940       ?root_get_interface_type@RTerminal@SDL_core@ui@modules@UModSys@@UEBAPEBUSUniquePointerInfo@core@5@XZ 0000000180006940 f i umodsys_lib_libui:umodsys.mod.ui.SDL_core.obj
 0001:00005950       ?root_get_other_interface@RTerminal@SDL_core@ui@modules@UModSys@@UEAAPEAUIRoot@core@5@PEBUSUniquePointerInfo@75@@Z 0000000180006950 f i umodsys_lib_libui:umodsys.mod.ui.SDL_core.obj
 0001:00005950       ?root_get_other_interface@RTerminal@SDL_core@ui@modules@UModSys@@UEBAPEBUIRoot@core@5@PEBUSUniquePointerInfo@75@@Z 0000000180006950 f i umodsys_lib_libui:umodsys.mod.ui.SDL_core.obj
 0001:00005980       ?root_is_interface_supported@RTerminal@SDL_core@ui@modules@UModSys@@UEBA_NPEBUSUniquePointerInfo@core@5@@Z 0000000180006980 f i umodsys_lib_libui:umodsys.mod.ui.SDL_core.obj
 0001:000059b0       ?ref_weak@RGenerator@test1@test@modules@UModSys@@UEBA_NAEAUWeakPointer@IRefObject@core@5@@Z 00000001800069b0 f i plugin_test1.obj
 0001:000059b0       ?ref_weak@RGenerator@stdlib@lib2d@modules@UModSys@@UEBA_NAEAUWeakPointer@IRefObject@core@5@@Z 00000001800069b0 f i umodsys_lib_lib2d:umodsys.mod.2d.stdlib.obj
 0001:000059b0       ?ref_weak@RGenerator@SDL_core@ui@modules@UModSys@@UEBA_NAEAUWeakPointer@IRefObject@core@5@@Z 00000001800069b0 f i umodsys_lib_libui:umodsys.mod.ui.SDL_core.obj
 0001:000059b0       ?ref_weak@RMouseController@SDL_core@ui@modules@UModSys@@UEBA_NAEAUWeakPointer@IRefObject@core@5@@Z 00000001800069b0 f i umodsys_lib_libui:umodsys.mod.ui.SDL_core.obj
 0001:000059b0       ?ref_weak@RMultiImage2D_SDL_ttf@SDL_core@ui@modules@UModSys@@UEBA_NAEAUWeakPointer@IRefObject@core@5@@Z 00000001800069b0 f i umodsys_lib_libui:umodsys.mod.ui.SDL_core.obj
 0001:000059b0       ?ref_weak@RSerializeReader@serialize_json@media@modules@UModSys@@UEBA_NAEAUWeakPointer@IRefObject@core@5@@Z 00000001800069b0 f i umodsys_lib_libmedia:umodsys.mod.media.serialize_json.obj
 0001:000059b0       ?ref_weak@RKeyboardController@SDL_core@ui@modules@UModSys@@UEBA_NAEAUWeakPointer@IRefObject@core@5@@Z 00000001800069b0 f i umodsys_lib_libui:umodsys.mod.ui.SDL_core.obj
 0001:000059b0       ?ref_weak@RGenerator@serialize_json@media@modules@UModSys@@UEBA_NAEAUWeakPointer@IRefObject@core@5@@Z 00000001800069b0 f i umodsys_lib_libmedia:umodsys.mod.media.serialize_json.obj
 0001:000059b0       ?ref_weak@RRenderDriver2D@SDL_core@ui@modules@UModSys@@UEBA_NAEAUWeakPointer@IRefObject@core@5@@Z 00000001800069b0 f i umodsys_lib_libui:umodsys.mod.ui.SDL_core.obj
 0001:000059b0       ?ref_weak@RGenerator@zlib@media@modules@UModSys@@UEBA_NAEAUWeakPointer@IRefObject@core@5@@Z 00000001800069b0 f i umodsys_lib_libmedia:umodsys.mod.media.zlib.obj
 0001:000059b0       ?ref_weak@RGenerator@images_std@media@modules@UModSys@@UEBA_NAEAUWeakPointer@IRefObject@core@5@@Z 00000001800069b0 f i umodsys_lib_libmedia:umodsys.mod.media.images_std.obj
 0001:000059b0       ?ref_weak@RTerminal@SDL_core@ui@modules@UModSys@@UEBA_NAEAUWeakPointer@IRefObject@core@5@@Z 00000001800069b0 f i umodsys_lib_libui:umodsys.mod.ui.SDL_core.obj
 0001:000059b0       ?ref_weak@RGenerator@frames@ui@modules@UModSys@@UEBA_NAEAUWeakPointer@IRefObject@core@5@@Z 00000001800069b0 f i umodsys_lib_libui:umodsys.mod.ui.frames.obj
 0001:000059b0       ?ref_weak@RDialog@frames@ui@modules@UModSys@@UEBA_NAEAUWeakPointer@IRefObject@core@5@@Z 00000001800069b0 f i umodsys_lib_libui:umodsys.mod.ui.frames.obj
 0001:000059b0       ?ref_weak@RBinArchiveFrameClient_ZIP@zlib@media@modules@UModSys@@UEBA_NAEAUWeakPointer@IRefObject@core@5@@Z 00000001800069b0 f i umodsys_lib_libmedia:umodsys.mod.media.zlib.obj
 0001:000059b0       ?ref_weak@RImage_Memory@stdlib@lib2d@modules@UModSys@@UEBA_NAEAUWeakPointer@IRefObject@core@5@@Z 00000001800069b0 f i umodsys_lib_lib2d:umodsys.mod.2d.stdlib.obj
 0001:000059d0       ??0RTerminal@SDL_core@ui@modules@UModSys@@QEAA@PEAUIModObject@base@4@AEBUSParameters@core@4@@Z 00000001800069d0 f i umodsys_lib_libui:umodsys.mod.ui.SDL_core.obj
 0001:00005a80       ??1RTerminal@SDL_core@ui@modules@UModSys@@UEAA@XZ 0000000180006a80 f i umodsys_lib_libui:umodsys.mod.ui.SDL_core.obj
 0001:00005b40       ?poll_events@RTerminal@SDL_core@ui@modules@UModSys@@UEAA_NH@Z 0000000180006b40 f i umodsys_lib_libui:umodsys.mod.ui.SDL_core.obj
 0001:00005cb0       ?get_terminal_state@RTerminal@SDL_core@ui@modules@UModSys@@UEAA_NW4eTerminalState@libui@5@@Z 0000000180006cb0 f i umodsys_lib_libui:umodsys.mod.ui.SDL_core.obj
 0001:00005cc0       ?set_terminal_state@RTerminal@SDL_core@ui@modules@UModSys@@UEAA_NW4eTerminalState@libui@5@_N@Z 0000000180006cc0 f i umodsys_lib_libui:umodsys.mod.ui.SDL_core.obj
 0001:00005d50       ?get_clock@RTerminal@SDL_core@ui@modules@UModSys@@UEAANXZ 0000000180006d50 f i umodsys_lib_libui:umodsys.mod.ui.SDL_core.obj
 0001:00005d70       ?wait@RTerminal@SDL_core@ui@modules@UModSys@@UEAA_NM@Z 0000000180006d70 f i umodsys_lib_libui:umodsys.mod.ui.SDL_core.obj
 0001:00005d90       ?get_count@RTerminal@SDL_core@ui@modules@UModSys@@UEBA_KPEBUSUniquePointerInfo@core@5@@Z 0000000180006d90 f i umodsys_lib_libui:umodsys.mod.ui.SDL_core.obj
 0001:00005dd0       ?get_handler@RTerminal@SDL_core@ui@modules@UModSys@@UEBAPEAUIRefObject@core@5@PEBUSUniquePointerInfo@75@_K@Z 0000000180006dd0 f i umodsys_lib_libui:umodsys.mod.ui.SDL_core.obj
 0001:00005e10       ?create_handler@RTerminal@SDL_core@ui@modules@UModSys@@UEAA_NPEBUSUniquePointerInfo@core@5@AEAU?$TRefObject@UIRefObject@core@UModSys@@U?$TRefObjectFunc@UIRefObject@core@UModSys@@@tl@3@@tl@5@PEBDPEBUSParameters@75@@Z 0000000180006e10 f i umodsys_lib_libui:umodsys.mod.ui.SDL_core.obj
 0001:00006120       ??_ERTerminal@SDL_core@ui@modules@UModSys@@UEAAPEAXI@Z 0000000180007120 f i  CIL library: CIL module
 0001:00006120       ??_GRTerminal@SDL_core@ui@modules@UModSys@@UEAAPEAXI@Z 0000000180007120 f i umodsys_lib_libui:umodsys.mod.ui.SDL_core.obj
 0001:00006150       ?get_generated_names@RGenerator@SDL_core@ui@modules@UModSys@@UEBAHAEAUSUniquePtrList@core@5@@Z 0000000180007150 f i umodsys_lib_libui:umodsys.mod.ui.SDL_core.obj
 0001:00006170       ?get_generated_types@RGenerator@SDL_core@ui@modules@UModSys@@UEBAHAEAUSUniquePtrList@core@5@PEBUSUniquePointerInfo@75@@Z 0000000180007170 f i umodsys_lib_libui:umodsys.mod.ui.SDL_core.obj
 0001:000061d0       ?generate@RGenerator@SDL_core@ui@modules@UModSys@@UEAA_NAEAU?$TRefObject@UIRefObject@core@UModSys@@U?$TRefObjectFunc@UIRefObject@core@UModSys@@@tl@3@@tl@5@PEBUSUniquePointerInfo@core@5@AEBUSParameters@95@@Z 00000001800071d0 f i umodsys_lib_libui:umodsys.mod.ui.SDL_core.obj
 0001:00006250       ?root_get_interface_info@RGenerator@SDL_core@ui@modules@UModSys@@UEBAAEBUSUniquePointerInfo@core@5@XZ 0000000180007250 f i umodsys_lib_libui:umodsys.mod.ui.SDL_core.obj
 0001:00006260       ?root_get_interface_type@RGenerator@SDL_core@ui@modules@UModSys@@UEBAPEBUSUniquePointerInfo@core@5@XZ 0000000180007260 f i umodsys_lib_libui:umodsys.mod.ui.SDL_core.obj
 0001:00006270       ?root_get_other_interface@RGenerator@SDL_core@ui@modules@UModSys@@UEAAPEAUIRoot@core@5@PEBUSUniquePointerInfo@75@@Z 0000000180007270 f i umodsys_lib_libui:umodsys.mod.ui.SDL_core.obj
 0001:00006270       ?root_get_other_interface@RGenerator@SDL_core@ui@modules@UModSys@@UEBAPEBUIRoot@core@5@PEBUSUniquePointerInfo@75@@Z 0000000180007270 f i umodsys_lib_libui:umodsys.mod.ui.SDL_core.obj
 0001:000062b0       ?root_is_interface_supported@RGenerator@SDL_core@ui@modules@UModSys@@UEBA_NPEBUSUniquePointerInfo@core@5@@Z 00000001800072b0 f i umodsys_lib_libui:umodsys.mod.ui.SDL_core.obj
 0001:000062f0       ?get_uid@RGenerator@SDL_core@ui@modules@UModSys@@UEBAPEBUSUniquePointerInfo@core@5@XZ 00000001800072f0 f i umodsys_lib_libui:umodsys.mod.ui.SDL_core.obj
 0001:00006300       ?do_open@RModuleReg@SDL_core@ui@modules@UModSys@@UEAA_NXZ 0000000180007300 f i umodsys_lib_libui:umodsys.mod.ui.SDL_core.obj
 0001:00006310       ?do_close@RModuleReg@SDL_core@ui@modules@UModSys@@UEAA_NXZ 0000000180007310 f i umodsys_lib_libui:umodsys.mod.ui.SDL_core.obj
 0001:00006320       ??_GRModuleReg@SDL_core@ui@modules@UModSys@@UEAAPEAXI@Z 0000000180007320 f i umodsys_lib_libui:umodsys.mod.ui.SDL_core.obj
 0001:00006320       ??_ERModuleReg@SDL_core@ui@modules@UModSys@@UEAAPEAXI@Z 0000000180007320 f i  CIL library: CIL module
 0001:00006350       ??1?$TScatterArray@UGlyph@RMultiImage2D_SDL_ttf@SDL_core@ui@modules@UModSys@@HU?$TScalarCompare@H@core@6@U?$TNodeDeleter0@U?$TScatterArrayNode@UGlyph@RMultiImage2D_SDL_ttf@SDL_core@ui@modules@UModSys@@H@tl@UModSys@@@tl@6@@tl@UModSys@@QEAA@XZ 0000000180007350 f i umodsys_lib_libui:umodsys.mod.ui.SDL_core.obj
 0001:00006380       ??_ERGenerator@serialize_json@media@modules@UModSys@@UEAAPEAXI@Z 0000000180007380 f i  CIL library: CIL module
 0001:00006380       ??_ERGenerator@SDL_core@ui@modules@UModSys@@UEAAPEAXI@Z 0000000180007380 f i  CIL library: CIL module
 0001:00006380       ??_EIRefObject@core@UModSys@@UEAAPEAXI@Z 0000000180007380 f i  CIL library: CIL module
 0001:00006380       ??_GIRefObject@core@UModSys@@UEAAPEAXI@Z 0000000180007380 f i plugin_test1.obj
 0001:00006380       ??_ERGenerator@images_std@media@modules@UModSys@@UEAAPEAXI@Z 0000000180007380 f i  CIL library: CIL module
 0001:00006380       ??_GRGenerator@stdlib@lib2d@modules@UModSys@@UEAAPEAXI@Z 0000000180007380 f i umodsys_lib_lib2d:umodsys.mod.2d.stdlib.obj
 0001:00006380       ??_ERGenerator@test1@test@modules@UModSys@@UEAAPEAXI@Z 0000000180007380 f i  CIL library: CIL module
 0001:00006380       ??_ERGenerator@zlib@media@modules@UModSys@@UEAAPEAXI@Z 0000000180007380 f i  CIL library: CIL module
 0001:00006380       ??_ERGenerator@stdlib@lib2d@modules@UModSys@@UEAAPEAXI@Z 0000000180007380 f i  CIL library: CIL module
 0001:00006380       ??_ERGenerator@frames@ui@modules@UModSys@@UEAAPEAXI@Z 0000000180007380 f i  CIL library: CIL module
 0001:00006380       ??_GRGenerator@SDL_core@ui@modules@UModSys@@UEAAPEAXI@Z 0000000180007380 f i umodsys_lib_libui:umodsys.mod.ui.SDL_core.obj
 0001:00006380       ??_GRGenerator@serialize_json@media@modules@UModSys@@UEAAPEAXI@Z 0000000180007380 f i umodsys_lib_libmedia:umodsys.mod.media.serialize_json.obj
 0001:00006380       ??_GRGenerator@test1@test@modules@UModSys@@UEAAPEAXI@Z 0000000180007380 f i plugin_test1.obj
 0001:00006380       ??_GRGenerator@images_std@media@modules@UModSys@@UEAAPEAXI@Z 0000000180007380 f i umodsys_lib_libmedia:umodsys.mod.media.images_std.obj
 0001:00006380       ??_GRGenerator@zlib@media@modules@UModSys@@UEAAPEAXI@Z 0000000180007380 f i umodsys_lib_libmedia:umodsys.mod.media.zlib.obj
 0001:00006380       ??_GRGenerator@frames@ui@modules@UModSys@@UEAAPEAXI@Z 0000000180007380 f i umodsys_lib_libui:umodsys.mod.ui.frames.obj
 0001:000063b0       ?remove_node@?$TTreeHoldRB@U?$TScatterArrayNode@U?$TRefObjectComposite@UIKeyboardClient@libui@UModSys@@UIRefObject@core@3@U?$TRefObjectFunc@UIRefObject@core@UModSys@@@tl@3@@tl@UModSys@@H@tl@UModSys@@@tl@UModSys@@QEAAXPEAU?$TScatterArrayNode@U?$TRefObjectComposite@UIKeyboardClient@libui@UModSys@@UIRefObject@core@3@U?$TRefObjectFunc@UIRefObject@core@UModSys@@@tl@3@@tl@UModSys@@H@23@@Z 00000001800073b0 f i umodsys_lib_libui:umodsys.mod.ui.SDL_core.obj
 0001:000063b0       ?remove_node@?$TTreeHoldRB@U?$TScatterArrayNode@U?$TRefObjectCompositeExtra@UIMouseClient@libui@UModSys@@HUIRefObject@core@3@U?$TRefObjectFunc@UIRefObject@core@UModSys@@@tl@3@@tl@UModSys@@H@tl@UModSys@@@tl@UModSys@@QEAAXPEAU?$TScatterArrayNode@U?$TRefObjectCompositeExtra@UIMouseClient@libui@UModSys@@HUIRefObject@core@3@U?$TRefObjectFunc@UIRefObject@core@UModSys@@@tl@3@@tl@UModSys@@H@23@@Z 00000001800073b0 f i umodsys_lib_libui:umodsys.mod.ui.SDL_core.obj
 0001:000064d0       ??R?$TNodeDeleter0@U?$TScatterArrayNode@U?$TRefObjectComposite@UIKeyboardClient@libui@UModSys@@UIRefObject@core@3@U?$TRefObjectFunc@UIRefObject@core@UModSys@@@tl@3@@tl@UModSys@@H@tl@UModSys@@@tl@UModSys@@QEBAHPEAU?$TScatterArrayNode@U?$TRefObjectComposite@UIKeyboardClient@libui@UModSys@@UIRefObject@core@3@U?$TRefObjectFunc@UIRefObject@core@UModSys@@@tl@3@@tl@UModSys@@H@12@@Z 00000001800074d0 f i umodsys_lib_libui:umodsys.mod.ui.SDL_core.obj
 0001:000064d0       ??R?$TNodeDeleter0@U?$TScatterArrayNode@U?$TRefObjectCompositeExtra@UIMouseClient@libui@UModSys@@HUIRefObject@core@3@U?$TRefObjectFunc@UIRefObject@core@UModSys@@@tl@3@@tl@UModSys@@H@tl@UModSys@@@tl@UModSys@@QEBAHPEAU?$TScatterArrayNode@U?$TRefObjectCompositeExtra@UIMouseClient@libui@UModSys@@HUIRefObject@core@3@U?$TRefObjectFunc@UIRefObject@core@UModSys@@@tl@3@@tl@UModSys@@H@12@@Z 00000001800074d0 f i umodsys_lib_libui:umodsys.mod.ui.SDL_core.obj
 0001:00006550       ??1?$TPair@HU?$TRefObjectComposite@UIKeyboardClient@libui@UModSys@@UIRefObject@core@3@U?$TRefObjectFunc@UIRefObject@core@UModSys@@@tl@3@@tl@UModSys@@@tl@UModSys@@QEAA@XZ 0000000180007550 f i umodsys_lib_libui:umodsys.mod.ui.SDL_core.obj
 0001:00006550       ??1?$TPair@HU?$TRefObjectCompositeExtra@UIMouseClient@libui@UModSys@@HUIRefObject@core@3@U?$TRefObjectFunc@UIRefObject@core@UModSys@@@tl@3@@tl@UModSys@@@tl@UModSys@@QEAA@XZ 0000000180007550 f i umodsys_lib_libui:umodsys.mod.ui.SDL_core.obj
 0001:000065a0       ??1?$TRefObjectComposite@UIKeyboardClient@libui@UModSys@@UIRefObject@core@3@U?$TRefObjectFunc@UIRefObject@core@UModSys@@@tl@3@@tl@UModSys@@QEAA@XZ 00000001800075a0 f i umodsys_lib_libui:umodsys.mod.ui.SDL_core.obj
 0001:000065a0       ??1?$TRefObjectCompositeExtra@UIMouseClient@libui@UModSys@@HUIRefObject@core@3@U?$TRefObjectFunc@UIRefObject@core@UModSys@@@tl@3@@tl@UModSys@@QEAA@XZ 00000001800075a0 f i umodsys_lib_libui:umodsys.mod.ui.SDL_core.obj
 0001:000065f0       ??$t_ref_get_other_interface@URMultiImage2D_SDL_ttf@SDL_core@ui@modules@UModSys@@U?$TRefObjectWeakFunc@URMultiImage2D_SDL_ttf@SDL_core@ui@modules@UModSys@@@tl@5@@IRefObject@core@UModSys@@QEAA_NAEAU?$TRefObject@URMultiImage2D_SDL_ttf@SDL_core@ui@modules@UModSys@@U?$TRefObjectWeakFunc@URMultiImage2D_SDL_ttf@SDL_core@ui@modules@UModSys@@@tl@5@@tl@2@@Z 00000001800075f0 f i umodsys_lib_libui:umodsys.mod.ui.SDL_core.obj
 0001:00006670       ?remove_color@?$TTreeHoldRB@U?$TScatterArrayNode@U?$TRefObjectComposite@UIKeyboardClient@libui@UModSys@@UIRefObject@core@3@U?$TRefObjectFunc@UIRefObject@core@UModSys@@@tl@3@@tl@UModSys@@H@tl@UModSys@@@tl@UModSys@@IEAAXPEAU?$TScatterArrayNode@U?$TRefObjectComposite@UIKeyboardClient@libui@UModSys@@UIRefObject@core@3@U?$TRefObjectFunc@UIRefObject@core@UModSys@@@tl@3@@tl@UModSys@@H@23@0@Z 0000000180007670 f i umodsys_lib_libui:umodsys.mod.ui.SDL_core.obj
 0001:00006670       ?remove_color@?$TTreeHoldRB@U?$TScatterArrayNode@U?$TRefObjectCompositeExtra@UIMouseClient@libui@UModSys@@HUIRefObject@core@3@U?$TRefObjectFunc@UIRefObject@core@UModSys@@@tl@3@@tl@UModSys@@H@tl@UModSys@@@tl@UModSys@@IEAAXPEAU?$TScatterArrayNode@U?$TRefObjectCompositeExtra@UIMouseClient@libui@UModSys@@HUIRefObject@core@3@U?$TRefObjectFunc@UIRefObject@core@UModSys@@@tl@3@@tl@UModSys@@H@23@0@Z 0000000180007670 f i umodsys_lib_libui:umodsys.mod.ui.SDL_core.obj
 0001:00006930       ??$t_close@U?$TRefObject@URRenderDriver2D@SDL_core@ui@modules@UModSys@@U?$TRefObjectWeakFunc@URRenderDriver2D@SDL_core@ui@modules@UModSys@@@tl@5@@tl@UModSys@@@SDL_core@ui@modules@UModSys@@YA_NAEAU?$TScatterArray@U?$TRefObject@URRenderDriver2D@SDL_core@ui@modules@UModSys@@U?$TRefObjectWeakFunc@URRenderDriver2D@SDL_core@ui@modules@UModSys@@@tl@5@@tl@UModSys@@HU?$TScalarCompare@H@core@3@U?$TNodeDeleter0@U?$TScatterArrayNode@U?$TRefObject@URRenderDriver2D@SDL_core@ui@modules@UModSys@@U?$TRefObjectWeakFunc@URRenderDriver2D@SDL_core@ui@modules@UModSys@@@tl@5@@tl@UModSys@@H@tl@UModSys@@@23@@tl@3@@Z 0000000180007930 f i umodsys_lib_libui:umodsys.mod.ui.SDL_core.obj
 0001:00006a20       ??$t_count@U?$TRefObject@URRenderDriver2D@SDL_core@ui@modules@UModSys@@U?$TRefObjectWeakFunc@URRenderDriver2D@SDL_core@ui@modules@UModSys@@@tl@5@@tl@UModSys@@@SDL_core@ui@modules@UModSys@@YA_KAEBU?$TScatterArray@U?$TRefObject@URRenderDriver2D@SDL_core@ui@modules@UModSys@@U?$TRefObjectWeakFunc@URRenderDriver2D@SDL_core@ui@modules@UModSys@@@tl@5@@tl@UModSys@@HU?$TScalarCompare@H@core@3@U?$TNodeDeleter0@U?$TScatterArrayNode@U?$TRefObject@URRenderDriver2D@SDL_core@ui@modules@UModSys@@U?$TRefObjectWeakFunc@URRenderDriver2D@SDL_core@ui@modules@UModSys@@@tl@5@@tl@UModSys@@H@tl@UModSys@@@23@@tl@3@@Z 0000000180007a20 f i umodsys_lib_libui:umodsys.mod.ui.SDL_core.obj
 0001:00006aa0       ??$t_get@U?$TRefObject@URRenderDriver2D@SDL_core@ui@modules@UModSys@@U?$TRefObjectWeakFunc@URRenderDriver2D@SDL_core@ui@modules@UModSys@@@tl@5@@tl@UModSys@@@SDL_core@ui@modules@UModSys@@YAPEAUIRefObject@core@3@AEBU?$TScatterArray@U?$TRefObject@URRenderDriver2D@SDL_core@ui@modules@UModSys@@U?$TRefObjectWeakFunc@URRenderDriver2D@SDL_core@ui@modules@UModSys@@@tl@5@@tl@UModSys@@HU?$TScalarCompare@H@core@3@U?$TNodeDeleter0@U?$TScatterArrayNode@U?$TRefObject@URRenderDriver2D@SDL_core@ui@modules@UModSys@@U?$TRefObjectWeakFunc@URRenderDriver2D@SDL_core@ui@modules@UModSys@@@tl@5@@tl@UModSys@@H@tl@UModSys@@@23@@tl@3@_K@Z 0000000180007aa0 f i umodsys_lib_libui:umodsys.mod.ui.SDL_core.obj
 0001:00006b40       ??$ValidateConstruction@UIRefObject@core@UModSys@@URRenderDriver2D@SDL_core@ui@modules@3@@core@UModSys@@YA_NAEAU?$TRefObject@UIRefObject@core@UModSys@@U?$TRefObjectFunc@UIRefObject@core@UModSys@@@tl@3@@tl@1@U?$TRefObject@URRenderDriver2D@SDL_core@ui@modules@UModSys@@U?$TRefObjectFunc@URRenderDriver2D@SDL_core@ui@modules@UModSys@@@tl@5@@31@@Z 0000000180007b40 f i umodsys_lib_libui:umodsys.mod.ui.SDL_core.obj
 0001:00006bf0       ??$t_add@U?$TRefObject@URRenderDriver2D@SDL_core@ui@modules@UModSys@@U?$TRefObjectWeakFunc@URRenderDriver2D@SDL_core@ui@modules@UModSys@@@tl@5@@tl@UModSys@@URRenderDriver2D@SDL_core@ui@modules@3@@SDL_core@ui@modules@UModSys@@YA_NAEAU?$TScatterArray@U?$TRefObject@URRenderDriver2D@SDL_core@ui@modules@UModSys@@U?$TRefObjectWeakFunc@URRenderDriver2D@SDL_core@ui@modules@UModSys@@@tl@5@@tl@UModSys@@HU?$TScalarCompare@H@core@3@U?$TNodeDeleter0@U?$TScatterArrayNode@U?$TRefObject@URRenderDriver2D@SDL_core@ui@modules@UModSys@@U?$TRefObjectWeakFunc@URRenderDriver2D@SDL_core@ui@modules@UModSys@@@tl@5@@tl@UModSys@@H@tl@UModSys@@@23@@tl@3@PEAURRenderDriver2D@0123@@Z 0000000180007bf0 f i umodsys_lib_libui:umodsys.mod.ui.SDL_core.obj
 0001:00006c70       ??$ValidateConstruction@UIRefObject@core@UModSys@@URKeyboardController@SDL_core@ui@modules@3@@core@UModSys@@YA_NAEAU?$TRefObject@UIRefObject@core@UModSys@@U?$TRefObjectFunc@UIRefObject@core@UModSys@@@tl@3@@tl@1@U?$TRefObject@URKeyboardController@SDL_core@ui@modules@UModSys@@U?$TRefObjectFunc@URKeyboardController@SDL_core@ui@modules@UModSys@@@tl@5@@31@@Z 0000000180007c70 f i umodsys_lib_libui:umodsys.mod.ui.SDL_core.obj
 0001:00006c70       ??$ValidateConstruction@UIRefObject@core@UModSys@@URMouseController@SDL_core@ui@modules@3@@core@UModSys@@YA_NAEAU?$TRefObject@UIRefObject@core@UModSys@@U?$TRefObjectFunc@UIRefObject@core@UModSys@@@tl@3@@tl@1@U?$TRefObject@URMouseController@SDL_core@ui@modules@UModSys@@U?$TRefObjectFunc@URMouseController@SDL_core@ui@modules@UModSys@@@tl@5@@31@@Z 0000000180007c70 f i umodsys_lib_libui:umodsys.mod.ui.SDL_core.obj
 0001:00006d00       ??$ValidateConstruction@UIMultiImage@lib2d@UModSys@@URMultiImage2D_SDL_ttf@SDL_core@ui@modules@3@@core@UModSys@@YA_NAEAU?$TRefObject@UIMultiImage@lib2d@UModSys@@U?$TRefObjectFunc@UIMultiImage@lib2d@UModSys@@@tl@3@@tl@1@PEAURMultiImage2D_SDL_ttf@SDL_core@ui@modules@1@@Z 0000000180007d00 f i umodsys_lib_libui:umodsys.mod.ui.SDL_core.obj
 0001:00006d80       ??$genx_node@UCmp@?$TScatterArray@UGlyph@RMultiImage2D_SDL_ttf@SDL_core@ui@modules@UModSys@@HU?$TScalarCompare@H@core@6@U?$TNodeDeleter0@U?$TScatterArrayNode@UGlyph@RMultiImage2D_SDL_ttf@SDL_core@ui@modules@UModSys@@H@tl@UModSys@@@tl@6@@tl@UModSys@@UGen0@234@@?$TTreeHoldRBD@U?$TScatterArrayNode@UGlyph@RMultiImage2D_SDL_ttf@SDL_core@ui@modules@UModSys@@H@tl@UModSys@@U?$TNodeDeleter0@U?$TScatterArrayNode@UGlyph@RMultiImage2D_SDL_ttf@SDL_core@ui@modules@UModSys@@H@tl@UModSys@@@23@@tl@UModSys@@QEAAPEAU?$TScatterArrayNode@UGlyph@RMultiImage2D_SDL_ttf@SDL_core@ui@modules@UModSys@@H@12@UCmp@?$TScatterArray@UGlyph@RMultiImage2D_SDL_ttf@SDL_core@ui@modules@UModSys@@HU?$TScalarCompare@H@core@6@U?$TNodeDeleter0@U?$TScatterArrayNode@UGlyph@RMultiImage2D_SDL_ttf@SDL_core@ui@modules@UModSys@@H@tl@UModSys@@@tl@6@@12@AEBUGen0@512@PEAPEAU312@2_N@Z 0000000180007d80 f i umodsys_lib_libui:umodsys.mod.ui.SDL_core.obj
 0001:00006f10       ??$genx_node@UCmp@?$TScatterArray@U?$TRefObjectCompositeExtra@UIMouseClient@libui@UModSys@@HUIRefObject@core@3@U?$TRefObjectFunc@UIRefObject@core@UModSys@@@tl@3@@tl@UModSys@@HU?$TScalarCompare@H@core@3@U?$TNodeDeleter0@U?$TScatterArrayNode@U?$TRefObjectCompositeExtra@UIMouseClient@libui@UModSys@@HUIRefObject@core@3@U?$TRefObjectFunc@UIRefObject@core@UModSys@@@tl@3@@tl@UModSys@@H@tl@UModSys@@@23@@tl@UModSys@@UGen0@234@@?$TTreeHoldRBD@U?$TScatterArrayNode@U?$TRefObjectCompositeExtra@UIMouseClient@libui@UModSys@@HUIRefObject@core@3@U?$TRefObjectFunc@UIRefObject@core@UModSys@@@tl@3@@tl@UModSys@@H@tl@UModSys@@U?$TNodeDeleter0@U?$TScatterArrayNode@U?$TRefObjectCompositeExtra@UIMouseClient@libui@UModSys@@HUIRefObject@core@3@U?$TRefObjectFunc@UIRefObject@core@UModSys@@@tl@3@@tl@UModSys@@H@tl@UModSys@@@23@@tl@UModSys@@QEAAPEAU?$TScatterArrayNode@U?$TRefObjectCompositeExtra@UIMouseClient@libui@UModSys@@HUIRefObject@core@3@U?$TRefObjectFunc@UIRefObject@core@UModSys@@@tl@3@@tl@UModSys@@H@12@UCmp@?$TScatterArray@U?$TRefObjectCompositeExtra@UIMouseClient@libui@UModSys@@HUIRefObject@core@3@U?$TRefObjectFunc@UIRefObject@core@UModSys@@@tl@3@@tl@UModSys@@HU?$TScalarCompare@H@core@3@U?$TNodeDeleter0@U?$TScatterArrayNode@U?$TRefObjectCompositeExtra@UIMouseClient@libui@UModSys@@HUIRefObject@core@3@U?$TRefObjectFunc@UIRefObject@core@UModSys@@@tl@3@@tl@UModSys@@H@tl@UModSys@@@23@@12@AEBUGen0@512@PEAPEAU312@2_N@Z 0000000180007f10 f i umodsys_lib_libui:umodsys.mod.ui.SDL_core.obj
 0001:00007060       ??$genx_node@UCmp@?$TScatterArray@U?$TRefObjectComposite@UIKeyboardClient@libui@UModSys@@UIRefObject@core@3@U?$TRefObjectFunc@UIRefObject@core@UModSys@@@tl@3@@tl@UModSys@@HU?$TScalarCompare@H@core@3@U?$TNodeDeleter0@U?$TScatterArrayNode@U?$TRefObjectComposite@UIKeyboardClient@libui@UModSys@@UIRefObject@core@3@U?$TRefObjectFunc@UIRefObject@core@UModSys@@@tl@3@@tl@UModSys@@H@tl@UModSys@@@23@@tl@UModSys@@UGen0@234@@?$TTreeHoldRBD@U?$TScatterArrayNode@U?$TRefObjectComposite@UIKeyboardClient@libui@UModSys@@UIRefObject@core@3@U?$TRefObjectFunc@UIRefObject@core@UModSys@@@tl@3@@tl@UModSys@@H@tl@UModSys@@U?$TNodeDeleter0@U?$TScatterArrayNode@U?$TRefObjectComposite@UIKeyboardClient@libui@UModSys@@UIRefObject@core@3@U?$TRefObjectFunc@UIRefObject@core@UModSys@@@tl@3@@tl@UModSys@@H@tl@UModSys@@@23@@tl@UModSys@@QEAAPEAU?$TScatterArrayNode@U?$TRefObjectComposite@UIKeyboardClient@libui@UModSys@@UIRefObject@core@3@U?$TRefObjectFunc@UIRefObject@core@UModSys@@@tl@3@@tl@UModSys@@H@12@UCmp@?$TScatterArray@U?$TRefObjectComposite@UIKeyboardClient@libui@UModSys@@UIRefObject@core@3@U?$TRefObjectFunc@UIRefObject@core@UModSys@@@tl@3@@tl@UModSys@@HU?$TScalarCompare@H@core@3@U?$TNodeDeleter0@U?$TScatterArrayNode@U?$TRefObjectComposite@UIKeyboardClient@libui@UModSys@@UIRefObject@core@3@U?$TRefObjectFunc@UIRefObject@core@UModSys@@@tl@3@@tl@UModSys@@H@tl@UModSys@@@23@@12@AEBUGen0@512@PEAPEAU312@2_N@Z 0000000180008060 f i umodsys_lib_libui:umodsys.mod.ui.SDL_core.obj
[...]
 0001:00020540       ??__E?s_modreg_chain@RModuleReg@zlib@media@modules@UModSys@@2USModuleRegChain@base@5@A@@YAXXZ 0000000180021540 f    CIL library: CIL module
 0001:00020570       ??__E?s_uid@RGenerator@zlib@media@modules@UModSys@@2USUniquePointer@core@5@A@@YAXXZ 0000000180021570 f    CIL library: CIL module
 0001:000205b0       ??__E?s_id@?$TObjectUniqueID@URBinArchiveFrameClient_ZIP@zlib@media@modules@UModSys@@@tl@UModSys@@2USUniquePointer@core@3@A@@YAXXZ 00000001800215b0 f    CIL library: CIL module
 0001:000205f0       ??__E?s_id@?$TObjectUniqueID@URGenerator@zlib@media@modules@UModSys@@@tl@UModSys@@2USUniquePointer@core@3@A@@YAXXZ 00000001800215f0 f    CIL library: CIL module
 0001:00020630       ??__EM@UModSys@@YAXXZ      0000000180021630 f    CIL library: CIL module
 0001:00020650       ??__E?root@SModuleRegChain@base@UModSys@@2U123@A@@YAXXZ 0000000180021650 f    CIL library: CIL module
 0001:00020680       ??__E?s_library@RModuleLibraryReg_Chain@base@UModSys@@2U123@A@@YAXXZ 0000000180021680 f    CIL library: CIL module
 0001:000206a0       ??__E?root@SUniquePointer@core@UModSys@@2U123@A@@YAXXZ 00000001800216a0 f    CIL library: CIL module
 0001:000206d0       ??__F?s_modreg@RModuleReg@test1@test@modules@UModSys@@2U12345@A@@YAXXZ 00000001800216d0 f    CIL library: CIL module
 0001:000206f0       ??__F?s_modreg_chain@RModuleReg@test1@test@modules@UModSys@@2USModuleRegChain@base@5@A@@YAXXZ 00000001800216f0 f    CIL library: CIL module
 0001:00020700       ??__F?s_uid@RGenerator@test1@test@modules@UModSys@@2USUniquePointer@core@5@A@@YAXXZ 0000000180021700 f    CIL library: CIL module
 0001:00020710       ??__Fh@?1??s_holder@RGenerator@test1@test@modules@UModSys@@SAAEAU?$TTypeStaticHolder@URGenerator@test1@test@modules@UModSys@@@tl@5@XZ@YAXXZ 0000000180021710 f    CIL library: CIL module
 0001:00020740       ??__F?s_id@?$TObjectUniqueID@URGenerator@test1@test@modules@UModSys@@@tl@UModSys@@2USUniquePointer@core@3@A@@YAXXZ 0000000180021740 f    CIL library: CIL module
 0001:00020750       ??__F?s_id@?$TObjectUniqueID@URTest1_Shell@test1@test@modules@UModSys@@@tl@UModSys@@2USUniquePointer@core@3@A@@YAXXZ 0000000180021750 f    CIL library: CIL module
 0001:00020760       ??__F?s_id@?$TObjectUniqueID@URLines_Filter@test1@test@modules@UModSys@@@tl@UModSys@@2USUniquePointer@core@3@A@@YAXXZ 0000000180021760 f    CIL library: CIL module
 0001:00020770       ??__F?s_id@?$TObjectUniqueID@URLines@test1@test@modules@UModSys@@@tl@UModSys@@2USUniquePointer@core@3@A@@YAXXZ 0000000180021770 f    CIL library: CIL module
 0001:00020780       ??__F?s_id@?$TObjectUniqueID@UILines@test1@test@modules@UModSys@@@tl@UModSys@@2USUniquePointer@core@3@A@@YAXXZ 0000000180021780 f    CIL library: CIL module
 0001:00020790       ??__F?s_id@?$TObjectUniqueID@UIRenderDriver@lib2d@UModSys@@@tl@UModSys@@2USUniquePointer@core@3@A@@YAXXZ 0000000180021790 f    CIL library: CIL module
 0001:000207a0       ??__F?s_id@?$TObjectUniqueID@UIMultiImage@lib2d@UModSys@@@tl@UModSys@@2USUniquePointer@core@3@A@@YAXXZ 00000001800217a0 f    CIL library: CIL module
 0001:000207b0       ??__F?s_id@?$TObjectUniqueID@UIImage@lib2d@UModSys@@@tl@UModSys@@2USUniquePointer@core@3@A@@YAXXZ 00000001800217b0 f    CIL library: CIL module
 0001:000207c0       ??__F?s_id@?$TObjectUniqueID@UIDialog@libui@UModSys@@@tl@UModSys@@2USUniquePointer@core@3@A@@YAXXZ 00000001800217c0 f    CIL library: CIL module
 0001:000207d0       ??__F?s_id@?$TObjectUniqueID@UIFrame@libui@UModSys@@@tl@UModSys@@2USUniquePointer@core@3@A@@YAXXZ 00000001800217d0 f    CIL library: CIL module
 0001:000207e0       ??__F?s_id@?$TObjectUniqueID@UIAsyncCollector@libui@UModSys@@@tl@UModSys@@2USUniquePointer@core@3@A@@YAXXZ 00000001800217e0 f    CIL library: CIL module
 0001:000207f0       ??__F?s_id@?$TObjectUniqueID@UIAsyncController@libui@UModSys@@@tl@UModSys@@2USUniquePointer@core@3@A@@YAXXZ 00000001800217f0 f    CIL library: CIL module
 0001:00020800       ??__F?s_id@?$TObjectUniqueID@UICollector@libui@UModSys@@@tl@UModSys@@2USUniquePointer@core@3@A@@YAXXZ 0000000180021800 f    CIL library: CIL module
 0001:00020810       ??__F?s_id@?$TObjectUniqueID@UIConsoleHelperInput_UIKey@libui@UModSys@@@tl@UModSys@@2USUniquePointer@core@3@A@@YAXXZ 0000000180021810 f    CIL library: CIL module
 0001:00020820       ??__F?s_id@?$TObjectUniqueID@UITerminal@libui@UModSys@@@tl@UModSys@@2USUniquePointer@core@3@A@@YAXXZ 0000000180021820 f    CIL library: CIL module
 0001:00020830       ??__F?s_id@?$TObjectUniqueID@UIJoystickController@libui@UModSys@@@tl@UModSys@@2USUniquePointer@core@3@A@@YAXXZ 0000000180021830 f    CIL library: CIL module
 0001:00020840       ??__F?s_id@?$TObjectUniqueID@UIMouseController@libui@UModSys@@@tl@UModSys@@2USUniquePointer@core@3@A@@YAXXZ 0000000180021840 f    CIL library: CIL module
 0001:00020850       ??__F?s_id@?$TObjectUniqueID@UIKeyboardController@libui@UModSys@@@tl@UModSys@@2USUniquePointer@core@3@A@@YAXXZ 0000000180021850 f    CIL library: CIL module
 0001:00020860       ??__F?s_id@?$TObjectUniqueID@UIConsoleHelperOutputFCS@base@UModSys@@@tl@UModSys@@2USUniquePointer@core@3@A@@YAXXZ 0000000180021860 f    CIL library: CIL module
 0001:00020870       ??__F?s_id@?$TObjectUniqueID@UIConsoleHelperOutput@base@UModSys@@@tl@UModSys@@2USUniquePointer@core@3@A@@YAXXZ 0000000180021870 f    CIL library: CIL module
 0001:00020880       ??__F?s_id@?$TObjectUniqueID@UIConsoleHelperInput@base@UModSys@@@tl@UModSys@@2USUniquePointer@core@3@A@@YAXXZ 0000000180021880 f    CIL library: CIL module
 0001:00020890       ??__F?s_id@?$TObjectUniqueID@UIConsoleHelperHistory@base@UModSys@@@tl@UModSys@@2USUniquePointer@core@3@A@@YAXXZ 0000000180021890 f    CIL library: CIL module
 0001:000208a0       ??__F?s_id@?$TObjectUniqueID@UIConsoleHelper@base@UModSys@@@tl@UModSys@@2USUniquePointer@core@3@A@@YAXXZ 00000001800218a0 f    CIL library: CIL module
 0001:000208b0       ??__F?s_id@?$TObjectUniqueID@UIConsoleExt@base@UModSys@@@tl@UModSys@@2USUniquePointer@core@3@A@@YAXXZ 00000001800218b0 f    CIL library: CIL module
 0001:000208c0       ??__F?s_id@?$TObjectUniqueID@UISerializeWriter@libmedia@UModSys@@@tl@UModSys@@2USUniquePointer@core@3@A@@YAXXZ 00000001800218c0 f    CIL library: CIL module
 0001:000208d0       ??__F?s_id@?$TObjectUniqueID@UISerializeReader@libmedia@UModSys@@@tl@UModSys@@2USUniquePointer@core@3@A@@YAXXZ 00000001800218d0 f    CIL library: CIL module
 0001:000208e0       ??__F?s_id@?$TObjectUniqueID@UIClient@IBinArchiveFrame@libmedia@UModSys@@@tl@UModSys@@2USUniquePointer@core@3@A@@YAXXZ 00000001800218e0 f    CIL library: CIL module
 0001:000208f0       ??__F?s_id@?$TObjectUniqueID@UIBinArchiveFrame@libmedia@UModSys@@@tl@UModSys@@2USUniquePointer@core@3@A@@YAXXZ 00000001800218f0 f    CIL library: CIL module
 0001:00020900       ??__F?s_id@?$TObjectUniqueID@UILibraryLayered@libmedia@UModSys@@@tl@UModSys@@2USUniquePointer@core@3@A@@YAXXZ 0000000180021900 f    CIL library: CIL module
 0001:00020910       ??__F?s_id@?$TObjectUniqueID@UILibraryObjCache@libmedia@UModSys@@@tl@UModSys@@2USUniquePointer@core@3@A@@YAXXZ 0000000180021910 f    CIL library: CIL module
 0001:00020920       ??__F?s_id@?$TObjectUniqueID@UILibraryObjFilter@libmedia@UModSys@@@tl@UModSys@@2USUniquePointer@core@3@A@@YAXXZ 0000000180021920 f    CIL library: CIL module
 0001:00020930       ??__F?s_id@?$TObjectUniqueID@UILibraryBinCache@libmedia@UModSys@@@tl@UModSys@@2USUniquePointer@core@3@A@@YAXXZ 0000000180021930 f    CIL library: CIL module
 0001:00020940       ??__F?s_id@?$TObjectUniqueID@UILibraryBinTree@libmedia@UModSys@@@tl@UModSys@@2USUniquePointer@core@3@A@@YAXXZ 0000000180021940 f    CIL library: CIL module
 0001:00020950       ??__F?s_id@?$TObjectUniqueID@UILibrary@libmedia@UModSys@@@tl@UModSys@@2USUniquePointer@core@3@A@@YAXXZ 0000000180021950 f    CIL library: CIL module
 0001:00020960       ??__F?s_id@?$TObjectUniqueID@UIBinObjFilter@libmedia@UModSys@@@tl@UModSys@@2USUniquePointer@core@3@A@@YAXXZ 0000000180021960 f    CIL library: CIL module
 0001:00020970       ??__F?s_id@?$TObjectUniqueID@UIBinArchive@libmedia@UModSys@@@tl@UModSys@@2USUniquePointer@core@3@A@@YAXXZ 0000000180021970 f    CIL library: CIL module
 0001:00020980       ??__F?s_id@?$TObjectUniqueID@UILibObject@libmedia@UModSys@@@tl@UModSys@@2USUniquePointer@core@3@A@@YAXXZ 0000000180021980 f    CIL library: CIL module
 0001:00020990       ??__F?s_id@?$TObjectUniqueID@UIUtilities@libmedia@UModSys@@@tl@UModSys@@2USUniquePointer@core@3@A@@YAXXZ 0000000180021990 f    CIL library: CIL module
 0001:000209a0       ??__F?s_id@?$TObjectUniqueID@UIStreamWriter@libmedia@UModSys@@@tl@UModSys@@2USUniquePointer@core@3@A@@YAXXZ 00000001800219a0 f    CIL library: CIL module
 0001:000209b0       ??__F?s_id@?$TObjectUniqueID@UIStreamReader@libmedia@UModSys@@@tl@UModSys@@2USUniquePointer@core@3@A@@YAXXZ 00000001800219b0 f    CIL library: CIL module
 0001:000209c0       ??__F?s_id@?$TObjectUniqueID@UISystem@base@UModSys@@@tl@UModSys@@2USUniquePointer@core@3@A@@YAXXZ 00000001800219c0 f    CIL library: CIL module
 0001:000209d0       ??__F?s_id@?$TObjectUniqueID@UIConsole@base@UModSys@@@tl@UModSys@@2USUniquePointer@core@3@A@@YAXXZ 00000001800219d0 f    CIL library: CIL module
 0001:000209e0       ??__F?s_id@?$TObjectUniqueID@UIShell@base@UModSys@@@tl@UModSys@@2USUniquePointer@core@3@A@@YAXXZ 00000001800219e0 f    CIL library: CIL module
 0001:000209f0       ??__F?s_id@?$TObjectUniqueID@UIGenerator@base@UModSys@@@tl@UModSys@@2USUniquePointer@core@3@A@@YAXXZ 00000001800219f0 f    CIL library: CIL module
 0001:00020a00       ??__F?s_id@?$TObjectUniqueID@UIModObject@base@UModSys@@@tl@UModSys@@2USUniquePointer@core@3@A@@YAXXZ 0000000180021a00 f    CIL library: CIL module
 0001:00020a10       ??__F?s_id@?$TObjectUniqueID@UIModuleLibrary@base@UModSys@@@tl@UModSys@@2USUniquePointer@core@3@A@@YAXXZ 0000000180021a10 f    CIL library: CIL module
 0001:00020a20       ??__F?s_id@?$TObjectUniqueID@UIModule@base@UModSys@@@tl@UModSys@@2USUniquePointer@core@3@A@@YAXXZ 0000000180021a20 f    CIL library: CIL module
 0001:00020a30       ??__F?s_id@?$TObjectUniqueID@UIParameters@core@UModSys@@@tl@UModSys@@2USUniquePointer@core@3@A@@YAXXZ 0000000180021a30 f    CIL library: CIL module
 0001:00020a40       ??__F?s_id@?$TObjectUniqueID@UIRefObject@core@UModSys@@@tl@UModSys@@2USUniquePointer@core@3@A@@YAXXZ 0000000180021a40 f    CIL library: CIL module
 0001:00020a50       ??__F?s_id@?$TObjectUniqueID@UIRoot@core@UModSys@@@tl@UModSys@@2USUniquePointer@core@3@A@@YAXXZ 0000000180021a50 f    CIL library: CIL module
 0001:00020a60       ??__F?s_modreg@RModuleReg@stdlib@lib2d@modules@UModSys@@2U12345@A@@YAXXZ 0000000180021a60 f    CIL library: CIL module
 0001:00020a80       ??__F?s_modreg_chain@RModuleReg@stdlib@lib2d@modules@UModSys@@2USModuleRegChain@base@5@A@@YAXXZ 0000000180021a80 f    CIL library: CIL module
 0001:00020a90       ??__F?s_uid@RGenerator@stdlib@lib2d@modules@UModSys@@2USUniquePointer@core@5@A@@YAXXZ 0000000180021a90 f    CIL library: CIL module
 0001:00020aa0       ??__Fh@?1??s_holder@RGenerator@stdlib@lib2d@modules@UModSys@@SAAEAU?$TTypeStaticHolder@URGenerator@stdlib@lib2d@modules@UModSys@@@tl@5@XZ@YAXXZ 0000000180021aa0 f    CIL library: CIL module
 0001:00020ad0       ??__F?s_id@?$TObjectUniqueID@URGenerator@stdlib@lib2d@modules@UModSys@@@tl@UModSys@@2USUniquePointer@core@3@A@@YAXXZ 0000000180021ad0 f    CIL library: CIL module
 0001:00020ae0       ??__F?s_id@?$TObjectUniqueID@URImage_Memory@stdlib@lib2d@modules@UModSys@@@tl@UModSys@@2USUniquePointer@core@3@A@@YAXXZ 0000000180021ae0 f    CIL library: CIL module
 0001:00020af0       ??__F?s_modreg@RModuleReg@SDL_core@ui@modules@UModSys@@2U12345@A@@YAXXZ 0000000180021af0 f    CIL library: CIL module
 0001:00020b10       ??__F?s_modreg_chain@RModuleReg@SDL_core@ui@modules@UModSys@@2USModuleRegChain@base@5@A@@YAXXZ 0000000180021b10 f    CIL library: CIL module
 0001:00020b20       ??__F?s_uid@RGenerator@SDL_core@ui@modules@UModSys@@2USUniquePointer@core@5@A@@YAXXZ 0000000180021b20 f    CIL library: CIL module
 0001:00020b30       ??__Fh@?1??s_holder@RGenerator@SDL_core@ui@modules@UModSys@@SAAEAU?$TTypeStaticHolder@URGenerator@SDL_core@ui@modules@UModSys@@@tl@5@XZ@YAXXZ 0000000180021b30 f    CIL library: CIL module
 0001:00020b60       ??__F?s_id@?$TObjectUniqueID@URGenerator@SDL_core@ui@modules@UModSys@@@tl@UModSys@@2USUniquePointer@core@3@A@@YAXXZ 0000000180021b60 f    CIL library: CIL module
 0001:00020b70       ??__F?s_id@?$TObjectUniqueID@URTerminal@SDL_core@ui@modules@UModSys@@@tl@UModSys@@2USUniquePointer@core@3@A@@YAXXZ 0000000180021b70 f    CIL library: CIL module
 0001:00020b80       ??__F?s_id@?$TObjectUniqueID@URKeyboardController@SDL_core@ui@modules@UModSys@@@tl@UModSys@@2USUniquePointer@core@3@A@@YAXXZ 0000000180021b80 f    CIL library: CIL module
 0001:00020b90       ??__F?s_id@?$TObjectUniqueID@URMouseController@SDL_core@ui@modules@UModSys@@@tl@UModSys@@2USUniquePointer@core@3@A@@YAXXZ 0000000180021b90 f    CIL library: CIL module
 0001:00020ba0       ??__F?s_id@?$TObjectUniqueID@URRenderDriver2D@SDL_core@ui@modules@UModSys@@@tl@UModSys@@2USUniquePointer@core@3@A@@YAXXZ 0000000180021ba0 f    CIL library: CIL module
 0001:00020bb0       ??__F?s_id@?$TObjectUniqueID@URMultiImage2D_SDL_ttf@SDL_core@ui@modules@UModSys@@@tl@UModSys@@2USUniquePointer@core@3@A@@YAXXZ 0000000180021bb0 f    CIL library: CIL module
 0001:00020bc0       ??__F?s_modreg@RModuleReg@frames@ui@modules@UModSys@@2U12345@A@@YAXXZ 0000000180021bc0 f    CIL library: CIL module
 0001:00020be0       ??__F?s_modreg_chain@RModuleReg@frames@ui@modules@UModSys@@2USModuleRegChain@base@5@A@@YAXXZ 0000000180021be0 f    CIL library: CIL module
 0001:00020bf0       ??__F?s_uid@RGenerator@frames@ui@modules@UModSys@@2USUniquePointer@core@5@A@@YAXXZ 0000000180021bf0 f    CIL library: CIL module
 0001:00020c00       ??__Fh@?1??s_holder@RGenerator@frames@ui@modules@UModSys@@SAAEAU?$TTypeStaticHolder@URGenerator@frames@ui@modules@UModSys@@@tl@5@XZ@YAXXZ 0000000180021c00 f    CIL library: CIL module
 0001:00020c30       ??__F?s_id@?$TObjectUniqueID@URGenerator@frames@ui@modules@UModSys@@@tl@UModSys@@2USUniquePointer@core@3@A@@YAXXZ 0000000180021c30 f    CIL library: CIL module
 0001:00020c40       ??__F?s_id@?$TObjectUniqueID@URCollector@frames@ui@modules@UModSys@@@tl@UModSys@@2USUniquePointer@core@3@A@@YAXXZ 0000000180021c40 f    CIL library: CIL module
 0001:00020c50       ??__F?s_id@?$TObjectUniqueID@URFrame_List@frames@ui@modules@UModSys@@@tl@UModSys@@2USUniquePointer@core@3@A@@YAXXZ 0000000180021c50 f    CIL library: CIL module
 0001:00020c60       ??__F?s_id@?$TObjectUniqueID@URFrame_Edit@frames@ui@modules@UModSys@@@tl@UModSys@@2USUniquePointer@core@3@A@@YAXXZ 0000000180021c60 f    CIL library: CIL module
 0001:00020c70       ??__F?s_id@?$TObjectUniqueID@URFrame_Button@frames@ui@modules@UModSys@@@tl@UModSys@@2USUniquePointer@core@3@A@@YAXXZ 0000000180021c70 f    CIL library: CIL module
 0001:00020c80       ??__F?s_id@?$TObjectUniqueID@URFrame_Text@frames@ui@modules@UModSys@@@tl@UModSys@@2USUniquePointer@core@3@A@@YAXXZ 0000000180021c80 f    CIL library: CIL module
 0001:00020c90       ??__F?s_id@?$TObjectUniqueID@URFrame_Image@frames@ui@modules@UModSys@@@tl@UModSys@@2USUniquePointer@core@3@A@@YAXXZ 0000000180021c90 f    CIL library: CIL module
 0001:00020ca0       ??__F?s_id@?$TObjectUniqueID@URFrame_Frame@frames@ui@modules@UModSys@@@tl@UModSys@@2USUniquePointer@core@3@A@@YAXXZ 0000000180021ca0 f    CIL library: CIL module
 0001:00020cb0       ??__F?s_id@?$TObjectUniqueID@URDialog@frames@ui@modules@UModSys@@@tl@UModSys@@2USUniquePointer@core@3@A@@YAXXZ 0000000180021cb0 f    CIL library: CIL module
 0001:00020cc0       ??__F?s_id@?$TObjectUniqueID@URFrame_Common@frames@ui@modules@UModSys@@@tl@UModSys@@2USUniquePointer@core@3@A@@YAXXZ 0000000180021cc0 f    CIL library: CIL module
 0001:00020cd0       ??__F?s_modreg@RModuleReg@images_std@media@modules@UModSys@@2U12345@A@@YAXXZ 0000000180021cd0 f    CIL library: CIL module
 0001:00020cf0       ??__F?s_modreg_chain@RModuleReg@images_std@media@modules@UModSys@@2USModuleRegChain@base@5@A@@YAXXZ 0000000180021cf0 f    CIL library: CIL module
 0001:00020d00       ??__F?s_uid@RGenerator@images_std@media@modules@UModSys@@2USUniquePointer@core@5@A@@YAXXZ 0000000180021d00 f    CIL library: CIL module
 0001:00020d10       ??__Fh@?1??s_holder@RGenerator@images_std@media@modules@UModSys@@SAAEAU?$TTypeStaticHolder@URGenerator@images_std@media@modules@UModSys@@@tl@5@XZ@YAXXZ 0000000180021d10 f    CIL library: CIL module
 0001:00020d40       ??__F?s_id@?$TObjectUniqueID@URGenerator@images_std@media@modules@UModSys@@@tl@UModSys@@2USUniquePointer@core@3@A@@YAXXZ 0000000180021d40 f    CIL library: CIL module
 0001:00020d50       ??__F?s_id@?$TObjectUniqueID@URMediaFilter@images_std@media@modules@UModSys@@@tl@UModSys@@2USUniquePointer@core@3@A@@YAXXZ 0000000180021d50 f    CIL library: CIL module
 0001:00020d60       ??__F?s_modreg@RModuleReg@serialize_json@media@modules@UModSys@@2U12345@A@@YAXXZ 0000000180021d60 f    CIL library: CIL module
 0001:00020d80       ??__F?s_modreg_chain@RModuleReg@serialize_json@media@modules@UModSys@@2USModuleRegChain@base@5@A@@YAXXZ 0000000180021d80 f    CIL library: CIL module
 0001:00020d90       ??__F?s_uid@RGenerator@serialize_json@media@modules@UModSys@@2USUniquePointer@core@5@A@@YAXXZ 0000000180021d90 f    CIL library: CIL module
 0001:00020da0       ??__Fh@?1??s_holder@RGenerator@serialize_json@media@modules@UModSys@@SAAEAU?$TTypeStaticHolder@URGenerator@serialize_json@media@modules@UModSys@@@tl@5@XZ@YAXXZ 0000000180021da0 f    CIL library: CIL module
 0001:00020dd0       ??__F?s_id@?$TObjectUniqueID@URGenerator@serialize_json@media@modules@UModSys@@@tl@UModSys@@2USUniquePointer@core@3@A@@YAXXZ 0000000180021dd0 f    CIL library: CIL module
 0001:00020de0       ??__F?s_id@?$TObjectUniqueID@URSerializeWriter@serialize_json@media@modules@UModSys@@@tl@UModSys@@2USUniquePointer@core@3@A@@YAXXZ 0000000180021de0 f    CIL library: CIL module
 0001:00020df0       ??__F?s_id@?$TObjectUniqueID@URSerializeReader@serialize_json@media@modules@UModSys@@@tl@UModSys@@2USUniquePointer@core@3@A@@YAXXZ 0000000180021df0 f    CIL library: CIL module
 0001:00020e00       ??__F?s_modreg@RModuleReg@zlib@media@modules@UModSys@@2U12345@A@@YAXXZ 0000000180021e00 f    CIL library: CIL module
 0001:00020e20       ??__F?s_modreg_chain@RModuleReg@zlib@media@modules@UModSys@@2USModuleRegChain@base@5@A@@YAXXZ 0000000180021e20 f    CIL library: CIL module
 0001:00020e30       ??__F?s_uid@RGenerator@zlib@media@modules@UModSys@@2USUniquePointer@core@5@A@@YAXXZ 0000000180021e30 f    CIL library: CIL module
 0001:00020e40       ??__Fh@?1??s_holder@RGenerator@zlib@media@modules@UModSys@@SAAEAU?$TTypeStaticHolder@URGenerator@zlib@media@modules@UModSys@@@tl@5@XZ@YAXXZ 0000000180021e40 f    CIL library: CIL module
 0001:00020e70       ??__F?s_id@?$TObjectUniqueID@URGenerator@zlib@media@modules@UModSys@@@tl@UModSys@@2USUniquePointer@core@3@A@@YAXXZ 0000000180021e70 f    CIL library: CIL module
 0001:00020e80       ??__F?s_id@?$TObjectUniqueID@URBinArchiveFrameClient_ZIP@zlib@media@modules@UModSys@@@tl@UModSys@@2USUniquePointer@core@3@A@@YAXXZ 0000000180021e80 f    CIL library: CIL module
 0001:00020e90       ??__FM@UModSys@@YAXXZ      0000000180021e90 f    CIL library: CIL module
 0001:00020ea0       ??__F?root@SModuleRegChain@base@UModSys@@2U123@A@@YAXXZ 0000000180021ea0 f    CIL library: CIL module
 0001:00020eb0       ??__F?s_library@RModuleLibraryReg_Chain@base@UModSys@@2U123@A@@YAXXZ 0000000180021eb0 f    CIL library: CIL module
 0001:00020ec0       ??__F?root@SUniquePointer@core@UModSys@@2U123@A@@YAXXZ 0000000180021ec0 f    CIL library: CIL module

 Exports

  ordinal    name

        1    UModSys_Plugin_Entry2
