 plugin_test1

 Timestamp is 52d692a2 (Wed Jan 15 16:52:34 2014)

 Preferred load address is 0000000180000000

 Start         Length     Name                   Class
 0001:00000000 0001f0c0H .text                   CODE
 0001:0001f0c0 0000005eH .text$00                CODE
 0001:0001f120 00001bccH .text$x                 CODE
 0001:00020cf0 00001f92H .text$yc                CODE
 0001:00022c90 000009dcH .text$yd                CODE
 0002:00000000 00000390H .idata$5                DATA
 0002:00000390 00000008H .CRT$XCA                DATA
 0002:00000398 00001f50H .CRT$XCU                DATA
 0002:000022e8 00000008H .CRT$XCZ                DATA
 0002:000022f0 00000008H .CRT$XIA                DATA
 0002:000022f8 00000008H .CRT$XIAA               DATA
 0002:00002300 00000008H .CRT$XIZ                DATA
 0002:00002310 000051e8H .rdata                  DATA
 0002:00007500 00002ec4H .rdata$r                DATA
 0002:0000a3c8 00000008H .rtc$IAA                DATA
 0002:0000a3d0 00000008H .rtc$IZZ                DATA
 0002:0000a3d8 00000008H .rtc$TAA                DATA
 0002:0000a3e0 00000008H .rtc$TZZ                DATA
 0002:0000a3e8 00003e50H .xdata                  DATA
 0002:0000e238 00000078H .idata$2                DATA
 0002:0000e2b0 00000014H .idata$3                DATA
 0002:0000e2c8 00000390H .idata$4                DATA
 0002:0000e658 000007feH .idata$6                DATA
 0002:0000ee60 00000059H .edata                  DATA
 0003:00000000 00001580H .data                   DATA
 0003:00001580 000021d8H .bss                    DATA
 0004:00000000 00002d54H .pdata                  DATA

  Address         Publics by Value              Rva+Base               Lib:Object

 0000:00000000       ___safe_se_handler_table   0000000000000000     <absolute>
 0000:00000000       ___safe_se_handler_count   0000000000000000     <absolute>
 0000:00000000       __ImageBase                0000000180000000     <linker-defined>
 0001:00000000       ??1SCMemShared@core@UModSys@@QEAA@XZ 0000000180001000 f i plugin_test1.obj
 0001:00000000       ??1SMemShared@core@UModSys@@QEAA@XZ 0000000180001000 f i plugin_test1.obj
 0001:00000000       ??1State@RImage_Memory@stdlib@lib2d@modules@UModSys@@QEAA@XZ 0000000180001000 f i umodsys_lib_lib2d:umodsys.mod.2d.stdlib.obj
 0001:00000030       ??3IRoot@core@UModSys@@SAXPEAXAEBUSIMemAlloc@12@@Z 0000000180001030 f i plugin_test1.obj
 0001:00000040       ??_GIRoot@core@UModSys@@UEAAPEAXI@Z 0000000180001040 f i plugin_test1.obj
 0001:00000040       ??_EIRoot@core@UModSys@@UEAAPEAXI@Z 0000000180001040 f i  CIL library: CIL module
 0001:00000070       ??1IBinObjFilter@libmedia@UModSys@@UEAA@XZ 0000000180001070 f i plugin_test1.obj
 0001:000000b0       ?root_get_interface_info@RTest1_Shell@test1@test@modules@UModSys@@UEBAAEBUSUniquePointerInfo@core@5@XZ 00000001800010b0 f i plugin_test1.obj
 0001:000000c0       ?root_get_interface_type@RTest1_Shell@test1@test@modules@UModSys@@UEBAPEBUSUniquePointerInfo@core@5@XZ 00000001800010c0 f i plugin_test1.obj
 0001:000000d0       ?root_get_other_interface@RTest1_Shell@test1@test@modules@UModSys@@UEAAPEAUIRoot@core@5@PEBUSUniquePointerInfo@75@@Z 00000001800010d0 f i plugin_test1.obj
 0001:000000d0       ?root_get_other_interface@RTest1_Shell@test1@test@modules@UModSys@@UEBAPEBUIRoot@core@5@PEBUSUniquePointerInfo@75@@Z 00000001800010d0 f i plugin_test1.obj
 0001:00000100       ?root_is_interface_supported@RTest1_Shell@test1@test@modules@UModSys@@UEBA_NPEBUSUniquePointerInfo@core@5@@Z 0000000180001100 f i plugin_test1.obj
 0001:00000130       ?ref_add@RTest1_Shell@test1@test@modules@UModSys@@UEBAXXZ 0000000180001130 f i plugin_test1.obj
 0001:00000140       ?ref_remove@RTest1_Shell@test1@test@modules@UModSys@@UEBAXXZ 0000000180001140 f i plugin_test1.obj
 0001:00000160       ?ref_links@RTest1_Shell@test1@test@modules@UModSys@@UEBAHXZ 0000000180001160 f i plugin_test1.obj
 0001:00000170       ?ref_weak@RTest1_Shell@test1@test@modules@UModSys@@UEBA_NAEAUWeakPointer@IRefObject@core@5@@Z 0000000180001170 f i plugin_test1.obj
 0001:00000190       ?suicide@RTest1_Shell@test1@test@modules@UModSys@@UEAAXXZ 0000000180001190 f i plugin_test1.obj
 0001:000001e0       ??0RTest1_Shell@test1@test@modules@UModSys@@QEAA@PEAUIModObject@base@4@@Z 00000001800011e0 f i plugin_test1.obj
 0001:00000330       ??1RTest1_Shell@test1@test@modules@UModSys@@UEAA@XZ 0000000180001330 f i plugin_test1.obj
 0001:000003e0       ?connect@RTest1_Shell@test1@test@modules@UModSys@@UEAA_NXZ 00000001800013e0 f i plugin_test1.obj
 0001:00000410       ?disconnect@RTest1_Shell@test1@test@modules@UModSys@@UEAA_NXZ 0000000180001410 f i plugin_test1.obj
 0001:00000440       ?process_tick@RTest1_Shell@test1@test@modules@UModSys@@UEAA_NAEBUSTimeMsec@core@5@@Z 0000000180001440 f i plugin_test1.obj
 0001:00000480       ?process_command@RTest1_Shell@test1@test@modules@UModSys@@UEAA_NHQEBU?$TString@U?$TSCoreConst@D@su@tl@UModSys@@U?$TComparerBinaryHash@D@234@@tl@5@@Z 0000000180001480 f i plugin_test1.obj
 0001:000004b0       ??_ERTest1_Shell@test1@test@modules@UModSys@@UEAAPEAXI@Z 00000001800014b0 f i  CIL library: CIL module
 0001:000004b0       ??_GRTest1_Shell@test1@test@modules@UModSys@@UEAAPEAXI@Z 00000001800014b0 f i plugin_test1.obj
 0001:000004e0       ??1?$TParametersA@$0EAA@@core@UModSys@@QEAA@XZ 00000001800014e0 f i plugin_test1.obj
 0001:000004e0       ??1SParameters@core@UModSys@@QEAA@XZ 00000001800014e0 f i plugin_test1.obj
 0001:000004e0       ??1?$TParametersA@$0BAL@@core@UModSys@@QEAA@XZ 00000001800014e0 f i umodsys_lib_lib2d:umodsys.mod.2d.stdlib.obj
 0001:000004e0       ??1?$TParametersA@$0BAA@@core@UModSys@@QEAA@XZ 00000001800014e0 f i umodsys_lib_libui:umodsys.mod.ui.SDL_core.obj
 0001:00000500       ??1SFrameCreateParameters@libui@UModSys@@QEAA@XZ 0000000180001500 f i plugin_test1.obj
 0001:00000530       ?get_generated_names@RGenerator@test1@test@modules@UModSys@@UEBAHAEAUSUniquePtrList@core@5@@Z 0000000180001530 f i plugin_test1.obj
 0001:00000550       ?get_generated_types@RGenerator@test1@test@modules@UModSys@@UEBAHAEAUSUniquePtrList@core@5@PEBUSUniquePointerInfo@75@@Z 0000000180001550 f i plugin_test1.obj
 0001:000005b0       ?generate@RGenerator@test1@test@modules@UModSys@@UEAA_NAEAU?$TRefObject@UIRefObject@core@UModSys@@U?$TRefObjectFunc@UIRefObject@core@UModSys@@@tl@3@@tl@5@PEBUSUniquePointerInfo@core@5@AEBUSParameters@95@@Z 00000001800015b0 f i plugin_test1.obj
 0001:00000650       ?root_get_interface_info@RGenerator@test1@test@modules@UModSys@@UEBAAEBUSUniquePointerInfo@core@5@XZ 0000000180001650 f i plugin_test1.obj
 0001:00000660       ?root_get_interface_type@RGenerator@test1@test@modules@UModSys@@UEBAPEBUSUniquePointerInfo@core@5@XZ 0000000180001660 f i plugin_test1.obj
 0001:00000670       ?root_get_other_interface@RGenerator@test1@test@modules@UModSys@@UEBAPEBUIRoot@core@5@PEBUSUniquePointerInfo@75@@Z 0000000180001670 f i plugin_test1.obj
 0001:00000670       ?root_get_other_interface@RGenerator@test1@test@modules@UModSys@@UEAAPEAUIRoot@core@5@PEBUSUniquePointerInfo@75@@Z 0000000180001670 f i plugin_test1.obj
 0001:000006b0       ?root_is_interface_supported@RGenerator@test1@test@modules@UModSys@@UEBA_NPEBUSUniquePointerInfo@core@5@@Z 00000001800016b0 f i plugin_test1.obj
 0001:000006f0       ?ref_links@RMultiImage2D_SDL_ttf@SDL_core@ui@modules@UModSys@@UEBAHXZ 00000001800016f0 f i umodsys_lib_libui:umodsys.mod.ui.SDL_core.obj
 0001:000006f0       ?ref_links@RImage_Memory@stdlib@lib2d@modules@UModSys@@UEBAHXZ 00000001800016f0 f i umodsys_lib_lib2d:umodsys.mod.2d.stdlib.obj
 0001:000006f0       ?ref_links@RGenerator@test1@test@modules@UModSys@@UEBAHXZ 00000001800016f0 f i plugin_test1.obj
 0001:000006f0       ?ref_links@RTerminal@SDL_core@ui@modules@UModSys@@UEBAHXZ 00000001800016f0 f i umodsys_lib_libui:umodsys.mod.ui.SDL_core.obj
 0001:000006f0       ?ref_links@RTerminal@SDL_GL@ui@modules@UModSys@@UEBAHXZ 00000001800016f0 f i umodsys_lib_libui:umodsys.mod.ui.SDL_GL.obj
 0001:000006f0       ?ref_links@RDialog@frames@ui@modules@UModSys@@UEBAHXZ 00000001800016f0 f i umodsys_lib_libui:umodsys.mod.ui.frames.obj
 0001:000006f0       ?ref_links@RSerializeReader@serialize_json@media@modules@UModSys@@UEBAHXZ 00000001800016f0 f i umodsys_lib_libmedia:umodsys.mod.media.serialize_json.obj
 0001:000006f0       ?ref_links@RMultiImage@stdlib@lib2d@modules@UModSys@@UEBAHXZ 00000001800016f0 f i umodsys_lib_lib2d:umodsys.mod.2d.stdlib.obj
 0001:000006f0       ?ref_links@RGenerator@zlib@media@modules@UModSys@@UEBAHXZ 00000001800016f0 f i umodsys_lib_libmedia:umodsys.mod.media.zlib.obj
 0001:000006f0       ?ref_links@RGenerator@frames@ui@modules@UModSys@@UEBAHXZ 00000001800016f0 f i umodsys_lib_libui:umodsys.mod.ui.frames.obj
 0001:000006f0       ?ref_links@RBinArchiveFrameClient_ZIP@zlib@media@modules@UModSys@@UEBAHXZ 00000001800016f0 f i umodsys_lib_libmedia:umodsys.mod.media.zlib.obj
 0001:000006f0       ?ref_links@RGenerator@SDL_core@ui@modules@UModSys@@UEBAHXZ 00000001800016f0 f i umodsys_lib_libui:umodsys.mod.ui.SDL_core.obj
 0001:000006f0       ?ref_links@RGenerator@SDL_GL@ui@modules@UModSys@@UEBAHXZ 00000001800016f0 f i umodsys_lib_libui:umodsys.mod.ui.SDL_GL.obj
 0001:000006f0       ?ref_links@RGenerator@images_std@media@modules@UModSys@@UEBAHXZ 00000001800016f0 f i umodsys_lib_libmedia:umodsys.mod.media.images_std.obj
 0001:000006f0       ?ref_links@RGenerator@serialize_json@media@modules@UModSys@@UEBAHXZ 00000001800016f0 f i umodsys_lib_libmedia:umodsys.mod.media.serialize_json.obj
 0001:000006f0       ?ref_links@RGenerator@stdlib@lib2d@modules@UModSys@@UEBAHXZ 00000001800016f0 f i umodsys_lib_lib2d:umodsys.mod.2d.stdlib.obj
 0001:000006f0       ?ref_links@RImageFactory_Memory@stdlib@lib2d@modules@UModSys@@UEBAHXZ 00000001800016f0 f i umodsys_lib_lib2d:umodsys.mod.2d.stdlib.obj
 0001:00000700       ?get_uid@RGenerator@test1@test@modules@UModSys@@UEBAPEBUSUniquePointerInfo@core@5@XZ 0000000180001700 f i plugin_test1.obj
 0001:00000710       ?do_open@RModuleReg@test1@test@modules@UModSys@@UEAA_NXZ 0000000180001710 f i plugin_test1.obj
 0001:00000750       ?do_close@RModuleReg@test1@test@modules@UModSys@@UEAA_NXZ 0000000180001750 f i plugin_test1.obj
 0001:00000790       ??_GRModuleReg@test1@test@modules@UModSys@@UEAAPEAXI@Z 0000000180001790 f i plugin_test1.obj
 0001:00000790       ??_ERModuleReg@test1@test@modules@UModSys@@UEAAPEAXI@Z 0000000180001790 f i  CIL library: CIL module
 0001:000007c0       ??4?$TString@U?$TSCoreShared@USIMemAlloc@core@UModSys@@D@su@tl@UModSys@@U?$TComparerBinaryHash@D@234@@tl@UModSys@@QEAAAEBU012@AEBU012@@Z 00000001800017c0 f i plugin_test1.obj
 0001:00000810       ??4?$TRefObject@UIRefObject@core@UModSys@@U?$TRefObjectFunc@UIRefObject@core@UModSys@@@tl@3@@tl@UModSys@@QEAAAEBU012@PEAUIRefObject@core@2@@Z 0000000180001810 f i plugin_test1.obj
 0001:00000850       ??1?$TRefObject@UIStreamWriter@libmedia@UModSys@@U?$TRefObjectFunc@UIStreamWriter@libmedia@UModSys@@@tl@3@@tl@UModSys@@QEAA@XZ 0000000180001850 f i plugin_test1.obj
 0001:00000850       ??1?$TRefObject@URBinArchiveFrameClient_ZIP@zlib@media@modules@UModSys@@U?$TRefObjectFunc@URBinArchiveFrameClient_ZIP@zlib@media@modules@UModSys@@@tl@5@@tl@UModSys@@QEAA@XZ 0000000180001850 f i umodsys_lib_libmedia:umodsys.mod.media.zlib.obj
 0001:00000850       ??1?$TRefObject@URImageFactory_Memory@stdlib@lib2d@modules@UModSys@@U?$TRefObjectFunc@URImageFactory_Memory@stdlib@lib2d@modules@UModSys@@@tl@5@@tl@UModSys@@QEAA@XZ 0000000180001850 f i umodsys_lib_lib2d:umodsys.mod.2d.stdlib.obj
 0001:00000850       ??1?$TRefObject@UIMouseController@libui@UModSys@@U?$TRefObjectFunc@UIMouseController@libui@UModSys@@@tl@3@@tl@UModSys@@QEAA@XZ 0000000180001850 f i plugin_test1.obj
 0001:00000850       ??1?$TRefObject@UITerminal@libui@UModSys@@U?$TRefObjectFunc@UITerminal@libui@UModSys@@@tl@3@@tl@UModSys@@QEAA@XZ 0000000180001850 f i plugin_test1.obj
 0001:00000850       ??1?$TRefObject@URRenderDriver2D@SDL_core@ui@modules@UModSys@@U?$TRefObjectFunc@URRenderDriver2D@SDL_core@ui@modules@UModSys@@@tl@5@@tl@UModSys@@QEAA@XZ 0000000180001850 f i umodsys_lib_libui:umodsys.mod.ui.SDL_core.obj
 0001:00000850       ??1?$TRefObject@URSerializeReader@serialize_json@media@modules@UModSys@@U?$TRefObjectFunc@URSerializeReader@serialize_json@media@modules@UModSys@@@tl@5@@tl@UModSys@@QEAA@XZ 0000000180001850 f i umodsys_lib_libmedia:umodsys.mod.media.serialize_json.obj
 0001:00000850       ??1?$TRefObject@URFrame_Common@frames@ui@modules@UModSys@@U?$TRefObjectFunc@URFrame_Common@frames@ui@modules@UModSys@@@tl@5@@tl@UModSys@@QEAA@XZ 0000000180001850 f i umodsys_lib_libui:umodsys.mod.ui.frames.obj
 0001:00000850       ??1?$TRefObject@URMultiImage@stdlib@lib2d@modules@UModSys@@U?$TRefObjectFunc@URMultiImage@stdlib@lib2d@modules@UModSys@@@tl@5@@tl@UModSys@@QEAA@XZ 0000000180001850 f i umodsys_lib_lib2d:umodsys.mod.2d.stdlib.obj
 0001:00000850       ??1?$TRefObject@UIRefObject@core@UModSys@@U?$TRefObjectFunc@UIRefObject@core@UModSys@@@tl@3@@tl@UModSys@@QEAA@XZ 0000000180001850 f i plugin_test1.obj
 0001:00000850       ??1?$TRefObject@UIKeyboardController@libui@UModSys@@U?$TRefObjectFunc@UIKeyboardController@libui@UModSys@@@tl@3@@tl@UModSys@@QEAA@XZ 0000000180001850 f i plugin_test1.obj
 0001:00000850       ??1?$TRefObject@UIFrame@libui@UModSys@@U?$TRefObjectFunc@UIFrame@libui@UModSys@@@tl@3@@tl@UModSys@@QEAA@XZ 0000000180001850 f i umodsys_lib_libui:umodsys.mod.ui.frames.obj
 0001:00000850       ??1?$TRefObject@UIStreamReader@libmedia@UModSys@@U?$TRefObjectFunc@UIStreamReader@libmedia@UModSys@@@tl@3@@tl@UModSys@@QEAA@XZ 0000000180001850 f i plugin_test1.obj
 0001:00000850       ??1?$TRefObject@UIRenderDriver@lib2d@UModSys@@U?$TRefObjectFunc@UIRenderDriver@lib2d@UModSys@@@tl@3@@tl@UModSys@@QEAA@XZ 0000000180001850 f i plugin_test1.obj
 0001:00000850       ??1?$TRefObject@URTerminalX@SDL_core@ui@modules@UModSys@@U?$TRefObjectFunc@URTerminalX@SDL_core@ui@modules@UModSys@@@tl@5@@tl@UModSys@@QEAA@XZ 0000000180001850 f i umodsys_lib_libui:umodsys.mod.ui.SDL_core.obj
 0001:00000850       ??1?$TRefObject@UIMultiImage@lib2d@UModSys@@U?$TRefObjectFunc@UIMultiImage@lib2d@UModSys@@@tl@3@@tl@UModSys@@QEAA@XZ 0000000180001850 f i plugin_test1.obj
 0001:00000850       ??1?$TRefObject@URDialog@frames@ui@modules@UModSys@@U?$TRefObjectFunc@URDialog@frames@ui@modules@UModSys@@@tl@5@@tl@UModSys@@QEAA@XZ 0000000180001850 f i umodsys_lib_libui:umodsys.mod.ui.frames.obj
 0001:00000850       ??1?$TRefObject@UIUtilities@libmedia@UModSys@@U?$TRefObjectFunc@UIUtilities@libmedia@UModSys@@@tl@3@@tl@UModSys@@QEAA@XZ 0000000180001850 f i plugin_test1.obj
 0001:00000850       ??1?$TRefObject@UIImageFactory@lib2d@UModSys@@U?$TRefObjectFunc@UIImageFactory@lib2d@UModSys@@@tl@3@@tl@UModSys@@QEAA@XZ 0000000180001850 f i plugin_test1.obj
 0001:00000850       ??1?$TRefObject@UIImage@lib2d@UModSys@@U?$TRefObjectFunc@UIImage@lib2d@UModSys@@@tl@3@@tl@UModSys@@QEAA@XZ 0000000180001850 f i plugin_test1.obj
 0001:00000850       ??1?$TRefObject@URMediaFilter@images_std@media@modules@UModSys@@U?$TRefObjectFunc@URMediaFilter@images_std@media@modules@UModSys@@@tl@5@@tl@UModSys@@QEAA@XZ 0000000180001850 f i umodsys_lib_libmedia:umodsys.mod.media.images_std.obj
 0001:00000850       ??1?$TRefObject@URSerializeWriter@serialize_json@media@modules@UModSys@@U?$TRefObjectFunc@URSerializeWriter@serialize_json@media@modules@UModSys@@@tl@5@@tl@UModSys@@QEAA@XZ 0000000180001850 f i umodsys_lib_libmedia:umodsys.mod.media.serialize_json.obj
 0001:00000850       ??1?$TRefObject@URImage_Memory@stdlib@lib2d@modules@UModSys@@U?$TRefObjectFunc@URImage_Memory@stdlib@lib2d@modules@UModSys@@@tl@5@@tl@UModSys@@QEAA@XZ 0000000180001850 f i umodsys_lib_lib2d:umodsys.mod.2d.stdlib.obj
 0001:00000850       ??1?$TRefObject@URTerminalX@SDL_GL@ui@modules@UModSys@@U?$TRefObjectFunc@URTerminalX@SDL_GL@ui@modules@UModSys@@@tl@5@@tl@UModSys@@QEAA@XZ 0000000180001850 f i umodsys_lib_libui:umodsys.mod.ui.SDL_GL.obj
 0001:00000850       ??1?$TRefObject@URCollector@frames@ui@modules@UModSys@@U?$TRefObjectFunc@URCollector@frames@ui@modules@UModSys@@@tl@5@@tl@UModSys@@QEAA@XZ 0000000180001850 f i umodsys_lib_libui:umodsys.mod.ui.frames.obj
 0001:00000850       ??1?$TRefObject@URMultiImage2D_SDL_ttf@SDL_core@ui@modules@UModSys@@U?$TRefObjectFunc@URMultiImage2D_SDL_ttf@SDL_core@ui@modules@UModSys@@@tl@5@@tl@UModSys@@QEAA@XZ 0000000180001850 f i umodsys_lib_libui:umodsys.mod.ui.SDL_core.obj
 0001:00000850       ??1?$TRefObject@UICollector@libui@UModSys@@U?$TRefObjectFunc@UICollector@libui@UModSys@@@tl@3@@tl@UModSys@@QEAA@XZ 0000000180001850 f i plugin_test1.obj
 0001:00000880       ?info_release@?$TSCoreShared@USIMemAlloc@core@UModSys@@D@su@tl@UModSys@@QEAAXXZ 0000000180001880 f i plugin_test1.obj
 0001:00000920       ?info_new@?$TSCoreShared@USIMemAlloc@core@UModSys@@D@su@tl@UModSys@@QEAA_NPEBD_K@Z 0000000180001920 f i plugin_test1.obj
 0001:00000a10       ?get_null@?$TSCoreShared@USIMemAlloc@core@UModSys@@D@su@tl@UModSys@@SAPEAU?$TSharedStringInfo@DUSIMemAlloc@core@UModSys@@@234@XZ 0000000180001a10 f i plugin_test1.obj
 0001:00000a60       ??$generate_type@UIMultiImage@lib2d@UModSys@@@RTest1_Shell@test1@test@modules@UModSys@@QEAA?AU?$TRefObject@UIMultiImage@lib2d@UModSys@@U?$TRefObjectFunc@UIMultiImage@lib2d@UModSys@@@tl@3@@tl@4@AEBU?$TString@U?$TSCoreConst@D@su@tl@UModSys@@U?$TComparerBinaryHash@D@234@@64@AEBUSParameters@core@4@PEBD@Z 0000000180001a60 f i plugin_test1.obj
 0001:00000c70       ??$generate_type@UICollector@libui@UModSys@@@RTest1_Shell@test1@test@modules@UModSys@@QEAA?AU?$TRefObject@UICollector@libui@UModSys@@U?$TRefObjectFunc@UICollector@libui@UModSys@@@tl@3@@tl@4@AEBU?$TString@U?$TSCoreConst@D@su@tl@UModSys@@U?$TComparerBinaryHash@D@234@@64@AEBUSParameters@core@4@PEBD@Z 0000000180001c70 f i plugin_test1.obj
 0001:00000e20       ??$generate_type@UITerminal@libui@UModSys@@@RTest1_Shell@test1@test@modules@UModSys@@QEAA?AU?$TRefObject@UITerminal@libui@UModSys@@U?$TRefObjectFunc@UITerminal@libui@UModSys@@@tl@3@@tl@4@AEBU?$TString@U?$TSCoreConst@D@su@tl@UModSys@@U?$TComparerBinaryHash@D@234@@64@AEBUSParameters@core@4@PEBD@Z 0000000180001e20 f i plugin_test1.obj
 0001:00000fd0       ??$shash@D@su@tl@UModSys@@YA_KPEBD_K@Z 0000000180001fd0 f i plugin_test1.obj
 0001:00001010       ??1?$TRefObject@UIModObject@base@UModSys@@U?$TModObjectFunc@UIModObject@base@UModSys@@@tl@3@@tl@UModSys@@QEAA@XZ 0000000180002010 f i plugin_test1.obj
 0001:00001040       ??$t_ref_get_other_interface@UIStreamReader@libmedia@UModSys@@U?$TRefObjectFunc@UIStreamReader@libmedia@UModSys@@@tl@3@@IRefObject@core@UModSys@@QEAA_NAEAU?$TRefObject@UIStreamReader@libmedia@UModSys@@U?$TRefObjectFunc@UIStreamReader@libmedia@UModSys@@@tl@3@@tl@2@@Z 0000000180002040 f i plugin_test1.obj
 0001:00001090       ??$t_ref_get_other_interface@UIStreamWriter@libmedia@UModSys@@U?$TRefObjectFunc@UIStreamWriter@libmedia@UModSys@@@tl@3@@IRefObject@core@UModSys@@QEAA_NAEAU?$TRefObject@UIStreamWriter@libmedia@UModSys@@U?$TRefObjectFunc@UIStreamWriter@libmedia@UModSys@@@tl@3@@tl@2@@Z 0000000180002090 f i plugin_test1.obj
 0001:000010e0       ??$t_generate@UICollector@libui@UModSys@@@SModuleContext@base@UModSys@@QEAA_NAEAU?$TRefObject@UICollector@libui@UModSys@@U?$TRefObjectFunc@UICollector@libui@UModSys@@@tl@3@@tl@2@PEBUSUniquePointerInfo@core@2@AEBUSParameters@62@@Z 00000001800020e0 f i plugin_test1.obj
 0001:000011b0       ??$t_generate@UITerminal@libui@UModSys@@@SModuleContext@base@UModSys@@QEAA_NAEAU?$TRefObject@UITerminal@libui@UModSys@@U?$TRefObjectFunc@UITerminal@libui@UModSys@@@tl@3@@tl@2@PEBUSUniquePointerInfo@core@2@AEBUSParameters@62@@Z 00000001800021b0 f i plugin_test1.obj
 0001:00001280       ??$t_ref_get_other_interface@UIImage@lib2d@UModSys@@U?$TRefObjectFunc@UIImage@lib2d@UModSys@@@tl@3@@IRefObject@core@UModSys@@QEAA_NAEAU?$TRefObject@UIImage@lib2d@UModSys@@U?$TRefObjectFunc@UIImage@lib2d@UModSys@@@tl@3@@tl@2@@Z 0000000180002280 f i plugin_test1.obj
 0001:000012d0       ??$t_ref_get_other_interface@UIImageFactory@lib2d@UModSys@@U?$TRefObjectFunc@UIImageFactory@lib2d@UModSys@@@tl@3@@IRefObject@core@UModSys@@QEAA_NAEAU?$TRefObject@UIImageFactory@lib2d@UModSys@@U?$TRefObjectFunc@UIImageFactory@lib2d@UModSys@@@tl@3@@tl@2@@Z 00000001800022d0 f i plugin_test1.obj
 0001:00001320       ??$t_ref_get_other_interface@UIMultiImage@lib2d@UModSys@@U?$TRefObjectFunc@UIMultiImage@lib2d@UModSys@@@tl@3@@IRefObject@core@UModSys@@QEAA_NAEAU?$TRefObject@UIMultiImage@lib2d@UModSys@@U?$TRefObjectFunc@UIMultiImage@lib2d@UModSys@@@tl@3@@tl@2@@Z 0000000180002320 f i plugin_test1.obj
 0001:00001370       ?root_get_interface_info@RImage_Memory@stdlib@lib2d@modules@UModSys@@UEBAAEBUSUniquePointerInfo@core@5@XZ 0000000180002370 f i umodsys_lib_lib2d:umodsys.mod.2d.stdlib.obj
 0001:00001380       ?root_get_interface_type@RImage_Memory@stdlib@lib2d@modules@UModSys@@UEBAPEBUSUniquePointerInfo@core@5@XZ 0000000180002380 f i umodsys_lib_lib2d:umodsys.mod.2d.stdlib.obj
 0001:00001390       ?root_get_other_interface@RImage_Memory@stdlib@lib2d@modules@UModSys@@UEAAPEAUIRoot@core@5@PEBUSUniquePointerInfo@75@@Z 0000000180002390 f i umodsys_lib_lib2d:umodsys.mod.2d.stdlib.obj
 0001:00001390       ?root_get_other_interface@RImage_Memory@stdlib@lib2d@modules@UModSys@@UEBAPEBUIRoot@core@5@PEBUSUniquePointerInfo@75@@Z 0000000180002390 f i umodsys_lib_lib2d:umodsys.mod.2d.stdlib.obj
 0001:000013c0       ?root_is_interface_supported@RImage_Memory@stdlib@lib2d@modules@UModSys@@UEBA_NPEBUSUniquePointerInfo@core@5@@Z 00000001800023c0 f i umodsys_lib_lib2d:umodsys.mod.2d.stdlib.obj
 0001:000013f0       ?root_get_interface_info@RImageFactory_Memory@stdlib@lib2d@modules@UModSys@@UEBAAEBUSUniquePointerInfo@core@5@XZ 00000001800023f0 f i umodsys_lib_lib2d:umodsys.mod.2d.stdlib.obj
 0001:00001400       ?root_get_interface_type@RImageFactory_Memory@stdlib@lib2d@modules@UModSys@@UEBAPEBUSUniquePointerInfo@core@5@XZ 0000000180002400 f i umodsys_lib_lib2d:umodsys.mod.2d.stdlib.obj
 0001:00001410       ?root_get_other_interface@RImageFactory_Memory@stdlib@lib2d@modules@UModSys@@UEBAPEBUIRoot@core@5@PEBUSUniquePointerInfo@75@@Z 0000000180002410 f i umodsys_lib_lib2d:umodsys.mod.2d.stdlib.obj
 0001:00001410       ?root_get_other_interface@RImageFactory_Memory@stdlib@lib2d@modules@UModSys@@UEAAPEAUIRoot@core@5@PEBUSUniquePointerInfo@75@@Z 0000000180002410 f i umodsys_lib_lib2d:umodsys.mod.2d.stdlib.obj
 0001:00001440       ?root_is_interface_supported@RImageFactory_Memory@stdlib@lib2d@modules@UModSys@@UEBA_NPEBUSUniquePointerInfo@core@5@@Z 0000000180002440 f i umodsys_lib_lib2d:umodsys.mod.2d.stdlib.obj
 0001:00001470       ?root_get_interface_info@RMultiImage@stdlib@lib2d@modules@UModSys@@UEBAAEBUSUniquePointerInfo@core@5@XZ 0000000180002470 f i umodsys_lib_lib2d:umodsys.mod.2d.stdlib.obj
 0001:00001480       ?root_get_interface_type@RMultiImage@stdlib@lib2d@modules@UModSys@@UEBAPEBUSUniquePointerInfo@core@5@XZ 0000000180002480 f i umodsys_lib_lib2d:umodsys.mod.2d.stdlib.obj
 0001:00001490       ?root_get_other_interface@RMultiImage@stdlib@lib2d@modules@UModSys@@UEAAPEAUIRoot@core@5@PEBUSUniquePointerInfo@75@@Z 0000000180002490 f i umodsys_lib_lib2d:umodsys.mod.2d.stdlib.obj
 0001:00001490       ?root_get_other_interface@RMultiImage@stdlib@lib2d@modules@UModSys@@UEBAPEBUIRoot@core@5@PEBUSUniquePointerInfo@75@@Z 0000000180002490 f i umodsys_lib_lib2d:umodsys.mod.2d.stdlib.obj
 0001:000014c0       ?root_is_interface_supported@RMultiImage@stdlib@lib2d@modules@UModSys@@UEBA_NPEBUSUniquePointerInfo@core@5@@Z 00000001800024c0 f i umodsys_lib_lib2d:umodsys.mod.2d.stdlib.obj
 0001:000014f0       ?ref_weak@RBinArchiveFrameClient_ZIP@zlib@media@modules@UModSys@@UEBA_NAEAUWeakPointer@IRefObject@core@5@@Z 00000001800024f0 f i umodsys_lib_libmedia:umodsys.mod.media.zlib.obj
 0001:000014f0       ?ref_weak@RMultiImage2D_SDL_ttf@SDL_core@ui@modules@UModSys@@UEBA_NAEAUWeakPointer@IRefObject@core@5@@Z 00000001800024f0 f i umodsys_lib_libui:umodsys.mod.ui.SDL_core.obj
 0001:000014f0       ?ref_weak@RMultiImage@stdlib@lib2d@modules@UModSys@@UEBA_NAEAUWeakPointer@IRefObject@core@5@@Z 00000001800024f0 f i umodsys_lib_lib2d:umodsys.mod.2d.stdlib.obj
 0001:000014f0       ?ref_weak@RSerializeReader@serialize_json@media@modules@UModSys@@UEBA_NAEAUWeakPointer@IRefObject@core@5@@Z 00000001800024f0 f i umodsys_lib_libmedia:umodsys.mod.media.serialize_json.obj
 0001:000014f0       ?ref_weak@RGenerator@zlib@media@modules@UModSys@@UEBA_NAEAUWeakPointer@IRefObject@core@5@@Z 00000001800024f0 f i umodsys_lib_libmedia:umodsys.mod.media.zlib.obj
 0001:000014f0       ?ref_weak@RGenerator@serialize_json@media@modules@UModSys@@UEBA_NAEAUWeakPointer@IRefObject@core@5@@Z 00000001800024f0 f i umodsys_lib_libmedia:umodsys.mod.media.serialize_json.obj
 0001:000014f0       ?ref_weak@RDialog@frames@ui@modules@UModSys@@UEBA_NAEAUWeakPointer@IRefObject@core@5@@Z 00000001800024f0 f i umodsys_lib_libui:umodsys.mod.ui.frames.obj
 0001:000014f0       ?ref_weak@RImage_Memory@stdlib@lib2d@modules@UModSys@@UEBA_NAEAUWeakPointer@IRefObject@core@5@@Z 00000001800024f0 f i umodsys_lib_lib2d:umodsys.mod.2d.stdlib.obj
 0001:000014f0       ?ref_weak@RGenerator@test1@test@modules@UModSys@@UEBA_NAEAUWeakPointer@IRefObject@core@5@@Z 00000001800024f0 f i plugin_test1.obj
 0001:000014f0       ?ref_weak@RGenerator@frames@ui@modules@UModSys@@UEBA_NAEAUWeakPointer@IRefObject@core@5@@Z 00000001800024f0 f i umodsys_lib_libui:umodsys.mod.ui.frames.obj
 0001:000014f0       ?ref_weak@RTerminal@SDL_GL@ui@modules@UModSys@@UEBA_NAEAUWeakPointer@IRefObject@core@5@@Z 00000001800024f0 f i umodsys_lib_libui:umodsys.mod.ui.SDL_GL.obj
 0001:000014f0       ?ref_weak@RTerminal@SDL_core@ui@modules@UModSys@@UEBA_NAEAUWeakPointer@IRefObject@core@5@@Z 00000001800024f0 f i umodsys_lib_libui:umodsys.mod.ui.SDL_core.obj
 0001:000014f0       ?ref_weak@RGenerator@SDL_GL@ui@modules@UModSys@@UEBA_NAEAUWeakPointer@IRefObject@core@5@@Z 00000001800024f0 f i umodsys_lib_libui:umodsys.mod.ui.SDL_GL.obj
 0001:000014f0       ?ref_weak@RGenerator@SDL_core@ui@modules@UModSys@@UEBA_NAEAUWeakPointer@IRefObject@core@5@@Z 00000001800024f0 f i umodsys_lib_libui:umodsys.mod.ui.SDL_core.obj
 0001:000014f0       ?ref_weak@RGenerator@stdlib@lib2d@modules@UModSys@@UEBA_NAEAUWeakPointer@IRefObject@core@5@@Z 00000001800024f0 f i umodsys_lib_lib2d:umodsys.mod.2d.stdlib.obj
 0001:000014f0       ?ref_weak@RGenerator@images_std@media@modules@UModSys@@UEBA_NAEAUWeakPointer@IRefObject@core@5@@Z 00000001800024f0 f i umodsys_lib_libmedia:umodsys.mod.media.images_std.obj
 0001:000014f0       ?ref_weak@RImageFactory_Memory@stdlib@lib2d@modules@UModSys@@UEBA_NAEAUWeakPointer@IRefObject@core@5@@Z 00000001800024f0 f i umodsys_lib_lib2d:umodsys.mod.2d.stdlib.obj
 0001:00001510       ?get_generated_names@RGenerator@stdlib@lib2d@modules@UModSys@@UEBAHAEAUSUniquePtrList@core@5@@Z 0000000180002510 f i umodsys_lib_lib2d:umodsys.mod.2d.stdlib.obj
 0001:00001560       ?get_generated_types@RGenerator@stdlib@lib2d@modules@UModSys@@UEBAHAEAUSUniquePtrList@core@5@PEBUSUniquePointerInfo@75@@Z 0000000180002560 f i umodsys_lib_lib2d:umodsys.mod.2d.stdlib.obj
 0001:00001600       ?generate@RGenerator@stdlib@lib2d@modules@UModSys@@UEAA_NAEAU?$TRefObject@UIRefObject@core@UModSys@@U?$TRefObjectFunc@UIRefObject@core@UModSys@@@tl@3@@tl@5@PEBUSUniquePointerInfo@core@5@AEBUSParameters@95@@Z 0000000180002600 f i umodsys_lib_lib2d:umodsys.mod.2d.stdlib.obj
 0001:00001730       ?root_get_interface_info@RGenerator@stdlib@lib2d@modules@UModSys@@UEBAAEBUSUniquePointerInfo@core@5@XZ 0000000180002730 f i umodsys_lib_lib2d:umodsys.mod.2d.stdlib.obj
 0001:00001740       ?root_get_interface_type@RGenerator@stdlib@lib2d@modules@UModSys@@UEBAPEBUSUniquePointerInfo@core@5@XZ 0000000180002740 f i umodsys_lib_lib2d:umodsys.mod.2d.stdlib.obj
 0001:00001750       ?root_get_other_interface@RGenerator@stdlib@lib2d@modules@UModSys@@UEBAPEBUIRoot@core@5@PEBUSUniquePointerInfo@75@@Z 0000000180002750 f i umodsys_lib_lib2d:umodsys.mod.2d.stdlib.obj
 0001:00001750       ?root_get_other_interface@RGenerator@stdlib@lib2d@modules@UModSys@@UEAAPEAUIRoot@core@5@PEBUSUniquePointerInfo@75@@Z 0000000180002750 f i umodsys_lib_lib2d:umodsys.mod.2d.stdlib.obj
 0001:00001790       ?root_is_interface_supported@RGenerator@stdlib@lib2d@modules@UModSys@@UEBA_NPEBUSUniquePointerInfo@core@5@@Z 0000000180002790 f i umodsys_lib_lib2d:umodsys.mod.2d.stdlib.obj
 0001:000017d0       ?get_uid@RGenerator@stdlib@lib2d@modules@UModSys@@UEBAPEBUSUniquePointerInfo@core@5@XZ 00000001800027d0 f i umodsys_lib_lib2d:umodsys.mod.2d.stdlib.obj
 0001:000017e0       ??4State@RImage_Memory@stdlib@lib2d@modules@UModSys@@QEAAAEAU012345@AEBU012345@@Z 00000001800027e0 f i umodsys_lib_lib2d:umodsys.mod.2d.stdlib.obj
 0001:000018c0       ??_GRImage_Memory@stdlib@lib2d@modules@UModSys@@UEAAPEAXI@Z 00000001800028c0 f i umodsys_lib_lib2d:umodsys.mod.2d.stdlib.obj
 0001:000018c0       ??_ERImage_Memory@stdlib@lib2d@modules@UModSys@@UEAAPEAXI@Z 00000001800028c0 f i  CIL library: CIL module
 0001:000018f0       ??_GRImageFactory_Memory@stdlib@lib2d@modules@UModSys@@UEAAPEAXI@Z 00000001800028f0 f i umodsys_lib_lib2d:umodsys.mod.2d.stdlib.obj
 0001:000018f0       ??_ERImageFactory_Memory@stdlib@lib2d@modules@UModSys@@UEAAPEAXI@Z 00000001800028f0 f i  CIL library: CIL module
 0001:00001920       ??_ERMultiImage@stdlib@lib2d@modules@UModSys@@UEAAPEAXI@Z 0000000180002920 f i  CIL library: CIL module
 0001:00001920       ??_GRMultiImage@stdlib@lib2d@modules@UModSys@@UEAAPEAXI@Z 0000000180002920 f i umodsys_lib_lib2d:umodsys.mod.2d.stdlib.obj
 0001:00001950       ?do_open@RModuleReg@stdlib@lib2d@modules@UModSys@@UEAA_NXZ 0000000180002950 f i umodsys_lib_lib2d:umodsys.mod.2d.stdlib.obj
 0001:00001960       ?do_close@RModuleReg@stdlib@lib2d@modules@UModSys@@UEAA_NXZ 0000000180002960 f i umodsys_lib_lib2d:umodsys.mod.2d.stdlib.obj
 0001:00001970       ??_GRModuleReg@stdlib@lib2d@modules@UModSys@@UEAAPEAXI@Z 0000000180002970 f i umodsys_lib_lib2d:umodsys.mod.2d.stdlib.obj
 0001:00001970       ??_ERModuleReg@stdlib@lib2d@modules@UModSys@@UEAAPEAXI@Z 0000000180002970 f i  CIL library: CIL module
 0001:000019a0       ??1?$TDynarrayDynamic@USImageCellInfo@lib2d@UModSys@@U?$TAllocator@USIMemAlloc@core@UModSys@@USCountCalcPower2@23@@tl@3@@tl@UModSys@@QEAA@XZ 00000001800029a0 f i umodsys_lib_lib2d:umodsys.mod.2d.stdlib.obj
 0001:000019b0       ??1?$TDynarrayDynamic@U?$TRefObject@UIImage@lib2d@UModSys@@U?$TRefObjectFunc@UIImage@lib2d@UModSys@@@tl@3@@tl@UModSys@@U?$TAllocator@USIMemAlloc@core@UModSys@@USCountCalcPower2@23@@23@@tl@UModSys@@QEAA@XZ 00000001800029b0 f i umodsys_lib_lib2d:umodsys.mod.2d.stdlib.obj
 0001:000019c0       ??1?$TDynarray@U?$TDynarrayHolderDynamic@USImageCellInfo@lib2d@UModSys@@U?$TAllocator@USIMemAlloc@core@UModSys@@USCountCalcPower2@23@@tl@3@@tl@UModSys@@@tl@UModSys@@QEAA@XZ 00000001800029c0 f i umodsys_lib_lib2d:umodsys.mod.2d.stdlib.obj
 0001:00001a30       ??1?$TDynarray@U?$TDynarrayHolderDynamic@U?$TRefObject@UIImage@lib2d@UModSys@@U?$TRefObjectFunc@UIImage@lib2d@UModSys@@@tl@3@@tl@UModSys@@U?$TAllocator@USIMemAlloc@core@UModSys@@USCountCalcPower2@23@@23@@tl@UModSys@@@tl@UModSys@@QEAA@XZ 0000000180002a30 f i umodsys_lib_lib2d:umodsys.mod.2d.stdlib.obj
 0001:00001aa0       ?ResizeRel@?$TDynarray@U?$TDynarrayHolderDynamic@USImageCellInfo@lib2d@UModSys@@U?$TAllocator@USIMemAlloc@core@UModSys@@USCountCalcPower2@23@@tl@3@@tl@UModSys@@@tl@UModSys@@QEAA_N_J@Z 0000000180002aa0 f i umodsys_lib_lib2d:umodsys.mod.2d.stdlib.obj
 0001:00001b60       ?ResizeRel@?$TDynarray@U?$TDynarrayHolderDynamic@U?$TRefObject@UIImage@lib2d@UModSys@@U?$TRefObjectFunc@UIImage@lib2d@UModSys@@@tl@3@@tl@UModSys@@U?$TAllocator@USIMemAlloc@core@UModSys@@USCountCalcPower2@23@@23@@tl@UModSys@@@tl@UModSys@@QEAA_N_J@Z 0000000180002b60 f i umodsys_lib_lib2d:umodsys.mod.2d.stdlib.obj
 0001:00001c90       ??$ValidateConstruction@UIRefObject@core@UModSys@@URMultiImage@stdlib@lib2d@modules@3@@core@UModSys@@YA_NAEAU?$TRefObject@UIRefObject@core@UModSys@@U?$TRefObjectFunc@UIRefObject@core@UModSys@@@tl@3@@tl@1@PEAURMultiImage@stdlib@lib2d@modules@1@@Z 0000000180002c90 f i umodsys_lib_lib2d:umodsys.mod.2d.stdlib.obj
 0001:00001d10       ?root_get_interface_info@RKeyboardController@SDL_GL@ui@modules@UModSys@@UEBAAEBUSUniquePointerInfo@core@5@XZ 0000000180002d10 f i umodsys_lib_libui:umodsys.mod.ui.SDL_GL.obj
 0001:00001d20       ?root_get_interface_type@RKeyboardController@SDL_GL@ui@modules@UModSys@@UEBAPEBUSUniquePointerInfo@core@5@XZ 0000000180002d20 f i umodsys_lib_libui:umodsys.mod.ui.SDL_GL.obj
 0001:00001d30       ?root_get_interface_types@RImage_Memory@stdlib@lib2d@modules@UModSys@@UEBA_KAEAUSUniquePtrList@core@5@@Z 0000000180002d30 f i umodsys_lib_lib2d:umodsys.mod.2d.stdlib.obj
 0001:00001d30       ?root_get_interface_types@RTerminal@SDL_core@ui@modules@UModSys@@UEBA_KAEAUSUniquePtrList@core@5@@Z 0000000180002d30 f i umodsys_lib_libui:umodsys.mod.ui.SDL_core.obj
 0001:00001d30       ?root_get_interface_types@RFrame_Edit@frames@ui@modules@UModSys@@UEBA_KAEAUSUniquePtrList@core@5@@Z 0000000180002d30 f i umodsys_lib_libui:umodsys.mod.ui.frames.obj
 0001:00001d30       ?root_get_interface_types@RTest1_Shell@test1@test@modules@UModSys@@UEBA_KAEAUSUniquePtrList@core@5@@Z 0000000180002d30 f i plugin_test1.obj
 0001:00001d30       ?root_get_interface_types@RSerializeReader@serialize_json@media@modules@UModSys@@UEBA_KAEAUSUniquePtrList@core@5@@Z 0000000180002d30 f i umodsys_lib_libmedia:umodsys.mod.media.serialize_json.obj
 0001:00001d30       ?root_get_interface_types@RMouseController@SDL_core@ui@modules@UModSys@@UEBA_KAEAUSUniquePtrList@core@5@@Z 0000000180002d30 f i umodsys_lib_libui:umodsys.mod.ui.SDL_core.obj
 0001:00001d30       ?root_get_interface_types@RFrame_Button@frames@ui@modules@UModSys@@UEBA_KAEAUSUniquePtrList@core@5@@Z 0000000180002d30 f i umodsys_lib_libui:umodsys.mod.ui.frames.obj
 0001:00001d30       ?root_get_interface_types@RGenerator@SDL_GL@ui@modules@UModSys@@UEBA_KAEAUSUniquePtrList@core@5@@Z 0000000180002d30 f i umodsys_lib_libui:umodsys.mod.ui.SDL_GL.obj
 0001:00001d30       ?root_get_interface_types@RGenerator@images_std@media@modules@UModSys@@UEBA_KAEAUSUniquePtrList@core@5@@Z 0000000180002d30 f i umodsys_lib_libmedia:umodsys.mod.media.images_std.obj
 0001:00001d30       ?root_get_interface_types@RGenerator@frames@ui@modules@UModSys@@UEBA_KAEAUSUniquePtrList@core@5@@Z 0000000180002d30 f i umodsys_lib_libui:umodsys.mod.ui.frames.obj
 0001:00001d30       ?root_get_interface_types@RFrame_List@frames@ui@modules@UModSys@@UEBA_KAEAUSUniquePtrList@core@5@@Z 0000000180002d30 f i umodsys_lib_libui:umodsys.mod.ui.frames.obj
 0001:00001d30       ?root_get_interface_types@RCollector@frames@ui@modules@UModSys@@UEBA_KAEAUSUniquePtrList@core@5@@Z 0000000180002d30 f i umodsys_lib_libui:umodsys.mod.ui.frames.obj
 0001:00001d30       ?root_get_interface_types@RFrame_Frame@frames@ui@modules@UModSys@@UEBA_KAEAUSUniquePtrList@core@5@@Z 0000000180002d30 f i umodsys_lib_libui:umodsys.mod.ui.frames.obj
 0001:00001d30       ?root_get_interface_types@RRenderDriver3D@SDL_GL@ui@modules@UModSys@@UEBA_KAEAUSUniquePtrList@core@5@@Z 0000000180002d30 f i umodsys_lib_libui:umodsys.mod.ui.SDL_GL.obj
 0001:00001d30       ?root_get_interface_types@RGenerator@zlib@media@modules@UModSys@@UEBA_KAEAUSUniquePtrList@core@5@@Z 0000000180002d30 f i umodsys_lib_libmedia:umodsys.mod.media.zlib.obj
 0001:00001d30       ?root_get_interface_types@RTerminalX@SDL_GL@ui@modules@UModSys@@UEBA_KAEAUSUniquePtrList@core@5@@Z 0000000180002d30 f i umodsys_lib_libui:umodsys.mod.ui.SDL_GL.obj
 0001:00001d30       ?root_get_interface_types@RTerminal@SDL_GL@ui@modules@UModSys@@UEBA_KAEAUSUniquePtrList@core@5@@Z 0000000180002d30 f i umodsys_lib_libui:umodsys.mod.ui.SDL_GL.obj
 0001:00001d30       ?root_get_interface_types@RMouseController@SDL_GL@ui@modules@UModSys@@UEBA_KAEAUSUniquePtrList@core@5@@Z 0000000180002d30 f i umodsys_lib_libui:umodsys.mod.ui.SDL_GL.obj
 0001:00001d30       ?root_get_interface_types@RFrame_Image@frames@ui@modules@UModSys@@UEBA_KAEAUSUniquePtrList@core@5@@Z 0000000180002d30 f i umodsys_lib_libui:umodsys.mod.ui.frames.obj
 0001:00001d30       ?root_get_interface_types@RDialog@frames@ui@modules@UModSys@@UEBA_KAEAUSUniquePtrList@core@5@@Z 0000000180002d30 f i umodsys_lib_libui:umodsys.mod.ui.frames.obj
 0001:00001d30       ?root_get_interface_types@RGenerator@SDL_core@ui@modules@UModSys@@UEBA_KAEAUSUniquePtrList@core@5@@Z 0000000180002d30 f i umodsys_lib_libui:umodsys.mod.ui.SDL_core.obj
 0001:00001d30       ?root_get_interface_types@RTerminalX@SDL_core@ui@modules@UModSys@@UEBA_KAEAUSUniquePtrList@core@5@@Z 0000000180002d30 f i umodsys_lib_libui:umodsys.mod.ui.SDL_core.obj
 0001:00001d30       ?root_get_interface_types@RGenerator@test1@test@modules@UModSys@@UEBA_KAEAUSUniquePtrList@core@5@@Z 0000000180002d30 f i plugin_test1.obj
 0001:00001d30       ?root_get_interface_types@RGenerator@serialize_json@media@modules@UModSys@@UEBA_KAEAUSUniquePtrList@core@5@@Z 0000000180002d30 f i umodsys_lib_libmedia:umodsys.mod.media.serialize_json.obj
 0001:00001d30       ?root_get_interface_types@RMediaFilter@images_std@media@modules@UModSys@@UEBA_KAEAUSUniquePtrList@core@5@@Z 0000000180002d30 f i umodsys_lib_libmedia:umodsys.mod.media.images_std.obj
 0001:00001d30       ?root_get_interface_types@RRenderDriver2D@SDL_core@ui@modules@UModSys@@UEBA_KAEAUSUniquePtrList@core@5@@Z 0000000180002d30 f i umodsys_lib_libui:umodsys.mod.ui.SDL_core.obj
 0001:00001d30       ?root_get_interface_types@RGenerator@stdlib@lib2d@modules@UModSys@@UEBA_KAEAUSUniquePtrList@core@5@@Z 0000000180002d30 f i umodsys_lib_lib2d:umodsys.mod.2d.stdlib.obj
 0001:00001d30       ?root_get_interface_types@RBinArchiveFrameClient_ZIP@zlib@media@modules@UModSys@@UEBA_KAEAUSUniquePtrList@core@5@@Z 0000000180002d30 f i umodsys_lib_libmedia:umodsys.mod.media.zlib.obj
 0001:00001d30       ?root_get_interface_types@RKeyboardController@SDL_GL@ui@modules@UModSys@@UEBA_KAEAUSUniquePtrList@core@5@@Z 0000000180002d30 f i umodsys_lib_libui:umodsys.mod.ui.SDL_GL.obj
 0001:00001d30       ?root_get_interface_types@RSerializeWriter@serialize_json@media@modules@UModSys@@UEBA_KAEAUSUniquePtrList@core@5@@Z 0000000180002d30 f i umodsys_lib_libmedia:umodsys.mod.media.serialize_json.obj
 0001:00001d30       ?root_get_interface_types@RMultiImage@stdlib@lib2d@modules@UModSys@@UEBA_KAEAUSUniquePtrList@core@5@@Z 0000000180002d30 f i umodsys_lib_lib2d:umodsys.mod.2d.stdlib.obj
 0001:00001d30       ?root_get_interface_types@RImageFactory_Memory@stdlib@lib2d@modules@UModSys@@UEBA_KAEAUSUniquePtrList@core@5@@Z 0000000180002d30 f i umodsys_lib_lib2d:umodsys.mod.2d.stdlib.obj
 0001:00001d30       ?root_get_interface_types@RMultiImage2D_SDL_ttf@SDL_core@ui@modules@UModSys@@UEBA_KAEAUSUniquePtrList@core@5@@Z 0000000180002d30 f i umodsys_lib_libui:umodsys.mod.ui.SDL_core.obj
 0001:00001d30       ?root_get_interface_types@RFrame_Text@frames@ui@modules@UModSys@@UEBA_KAEAUSUniquePtrList@core@5@@Z 0000000180002d30 f i umodsys_lib_libui:umodsys.mod.ui.frames.obj
 0001:00001d30       ?root_get_interface_types@RKeyboardController@SDL_core@ui@modules@UModSys@@UEBA_KAEAUSUniquePtrList@core@5@@Z 0000000180002d30 f i umodsys_lib_libui:umodsys.mod.ui.SDL_core.obj
 0001:00001d40       ?root_get_other_interface@RKeyboardController@SDL_GL@ui@modules@UModSys@@UEAAPEAUIRoot@core@5@PEBUSUniquePointerInfo@75@@Z 0000000180002d40 f i umodsys_lib_libui:umodsys.mod.ui.SDL_GL.obj
 0001:00001d40       ?root_get_other_interface@RKeyboardController@SDL_GL@ui@modules@UModSys@@UEBAPEBUIRoot@core@5@PEBUSUniquePointerInfo@75@@Z 0000000180002d40 f i umodsys_lib_libui:umodsys.mod.ui.SDL_GL.obj
 0001:00001d70       ?root_is_interface_supported@RKeyboardController@SDL_GL@ui@modules@UModSys@@UEBA_NPEBUSUniquePointerInfo@core@5@@Z 0000000180002d70 f i umodsys_lib_libui:umodsys.mod.ui.SDL_GL.obj
 0001:00001da0       ?ref_links@RRenderDriver2D@SDL_core@ui@modules@UModSys@@UEBAHXZ 0000000180002da0 f i umodsys_lib_libui:umodsys.mod.ui.SDL_core.obj
 0001:00001da0       ?ref_links@RKeyboardController@SDL_core@ui@modules@UModSys@@UEBAHXZ 0000000180002da0 f i umodsys_lib_libui:umodsys.mod.ui.SDL_core.obj
 0001:00001da0       ?ref_links@RKeyboardController@SDL_GL@ui@modules@UModSys@@UEBAHXZ 0000000180002da0 f i umodsys_lib_libui:umodsys.mod.ui.SDL_GL.obj
 0001:00001da0       ?ref_links@RRenderDriver3D@SDL_GL@ui@modules@UModSys@@UEBAHXZ 0000000180002da0 f i umodsys_lib_libui:umodsys.mod.ui.SDL_GL.obj
 0001:00001da0       ?ref_links@RMouseController@SDL_GL@ui@modules@UModSys@@UEBAHXZ 0000000180002da0 f i umodsys_lib_libui:umodsys.mod.ui.SDL_GL.obj
 0001:00001da0       ?ref_links@RMouseController@SDL_core@ui@modules@UModSys@@UEBAHXZ 0000000180002da0 f i umodsys_lib_libui:umodsys.mod.ui.SDL_core.obj
 0001:00001db0       ?root_get_interface_info@RMouseController@SDL_GL@ui@modules@UModSys@@UEBAAEBUSUniquePointerInfo@core@5@XZ 0000000180002db0 f i umodsys_lib_libui:umodsys.mod.ui.SDL_GL.obj
 0001:00001dc0       ?root_get_interface_type@RMouseController@SDL_GL@ui@modules@UModSys@@UEBAPEBUSUniquePointerInfo@core@5@XZ 0000000180002dc0 f i umodsys_lib_libui:umodsys.mod.ui.SDL_GL.obj
 0001:00001dd0       ?root_get_other_interface@RMouseController@SDL_GL@ui@modules@UModSys@@UEBAPEBUIRoot@core@5@PEBUSUniquePointerInfo@75@@Z 0000000180002dd0 f i umodsys_lib_libui:umodsys.mod.ui.SDL_GL.obj
 0001:00001dd0       ?root_get_other_interface@RMouseController@SDL_GL@ui@modules@UModSys@@UEAAPEAUIRoot@core@5@PEBUSUniquePointerInfo@75@@Z 0000000180002dd0 f i umodsys_lib_libui:umodsys.mod.ui.SDL_GL.obj
 0001:00001e00       ?root_is_interface_supported@RMouseController@SDL_GL@ui@modules@UModSys@@UEBA_NPEBUSUniquePointerInfo@core@5@@Z 0000000180002e00 f i umodsys_lib_libui:umodsys.mod.ui.SDL_GL.obj
 0001:00001e30       ?root_get_interface_info@RTerminal@SDL_GL@ui@modules@UModSys@@UEBAAEBUSUniquePointerInfo@core@5@XZ 0000000180002e30 f i umodsys_lib_libui:umodsys.mod.ui.SDL_GL.obj
 0001:00001e40       ?root_get_interface_type@RTerminal@SDL_GL@ui@modules@UModSys@@UEBAPEBUSUniquePointerInfo@core@5@XZ 0000000180002e40 f i umodsys_lib_libui:umodsys.mod.ui.SDL_GL.obj
 0001:00001e50       ?root_get_other_interface@RTerminal@SDL_GL@ui@modules@UModSys@@UEAAPEAUIRoot@core@5@PEBUSUniquePointerInfo@75@@Z 0000000180002e50 f i umodsys_lib_libui:umodsys.mod.ui.SDL_GL.obj
 0001:00001e50       ?root_get_other_interface@RTerminal@SDL_GL@ui@modules@UModSys@@UEBAPEBUIRoot@core@5@PEBUSUniquePointerInfo@75@@Z 0000000180002e50 f i umodsys_lib_libui:umodsys.mod.ui.SDL_GL.obj
 0001:00001e80       ?root_is_interface_supported@RTerminal@SDL_GL@ui@modules@UModSys@@UEBA_NPEBUSUniquePointerInfo@core@5@@Z 0000000180002e80 f i umodsys_lib_libui:umodsys.mod.ui.SDL_GL.obj
 0001:00001eb0       ?root_get_interface_info@RRenderDriver3D@SDL_GL@ui@modules@UModSys@@UEBAAEBUSUniquePointerInfo@core@5@XZ 0000000180002eb0 f i umodsys_lib_libui:umodsys.mod.ui.SDL_GL.obj
 0001:00001ec0       ?root_get_interface_type@RRenderDriver3D@SDL_GL@ui@modules@UModSys@@UEBAPEBUSUniquePointerInfo@core@5@XZ 0000000180002ec0 f i umodsys_lib_libui:umodsys.mod.ui.SDL_GL.obj
 0001:00001ed0       ?root_get_other_interface@RRenderDriver3D@SDL_GL@ui@modules@UModSys@@UEBAPEBUIRoot@core@5@PEBUSUniquePointerInfo@75@@Z 0000000180002ed0 f i umodsys_lib_libui:umodsys.mod.ui.SDL_GL.obj
 0001:00001ed0       ?root_get_other_interface@RRenderDriver3D@SDL_GL@ui@modules@UModSys@@UEAAPEAUIRoot@core@5@PEBUSUniquePointerInfo@75@@Z 0000000180002ed0 f i umodsys_lib_libui:umodsys.mod.ui.SDL_GL.obj
 0001:00001f10       ?root_is_interface_supported@RRenderDriver3D@SDL_GL@ui@modules@UModSys@@UEBA_NPEBUSUniquePointerInfo@core@5@@Z 0000000180002f10 f i umodsys_lib_libui:umodsys.mod.ui.SDL_GL.obj
 0001:00001f50       ?ref_remove@RMouseController@SDL_GL@ui@modules@UModSys@@UEBAXXZ 0000000180002f50 f i umodsys_lib_libui:umodsys.mod.ui.SDL_GL.obj
 0001:00001f50       ?ref_remove@RRenderDriver2D@SDL_core@ui@modules@UModSys@@UEBAXXZ 0000000180002f50 f i umodsys_lib_libui:umodsys.mod.ui.SDL_core.obj
 0001:00001f50       ?ref_remove@RMouseController@SDL_core@ui@modules@UModSys@@UEBAXXZ 0000000180002f50 f i umodsys_lib_libui:umodsys.mod.ui.SDL_core.obj
 0001:00001f50       ?ref_remove@RKeyboardController@SDL_GL@ui@modules@UModSys@@UEBAXXZ 0000000180002f50 f i umodsys_lib_libui:umodsys.mod.ui.SDL_GL.obj
 0001:00001f50       ?ref_remove@RRenderDriver3D@SDL_GL@ui@modules@UModSys@@UEBAXXZ 0000000180002f50 f i umodsys_lib_libui:umodsys.mod.ui.SDL_GL.obj
 0001:00001f50       ?ref_remove@RKeyboardController@SDL_core@ui@modules@UModSys@@UEBAXXZ 0000000180002f50 f i umodsys_lib_libui:umodsys.mod.ui.SDL_core.obj
 0001:00001f60       ?ref_weak@RRenderDriver2D@SDL_core@ui@modules@UModSys@@UEBA_NAEAUWeakPointer@IRefObject@core@5@@Z 0000000180002f60 f i umodsys_lib_libui:umodsys.mod.ui.SDL_core.obj
 0001:00001f60       ?ref_weak@RKeyboardController@SDL_core@ui@modules@UModSys@@UEBA_NAEAUWeakPointer@IRefObject@core@5@@Z 0000000180002f60 f i umodsys_lib_libui:umodsys.mod.ui.SDL_core.obj
 0001:00001f60       ?ref_weak@RMouseController@SDL_GL@ui@modules@UModSys@@UEBA_NAEAUWeakPointer@IRefObject@core@5@@Z 0000000180002f60 f i umodsys_lib_libui:umodsys.mod.ui.SDL_GL.obj
 0001:00001f60       ?ref_weak@RKeyboardController@SDL_GL@ui@modules@UModSys@@UEBA_NAEAUWeakPointer@IRefObject@core@5@@Z 0000000180002f60 f i umodsys_lib_libui:umodsys.mod.ui.SDL_GL.obj
 0001:00001f60       ?ref_weak@RMouseController@SDL_core@ui@modules@UModSys@@UEBA_NAEAUWeakPointer@IRefObject@core@5@@Z 0000000180002f60 f i umodsys_lib_libui:umodsys.mod.ui.SDL_core.obj
 0001:00001f60       ?ref_weak@RRenderDriver3D@SDL_GL@ui@modules@UModSys@@UEBA_NAEAUWeakPointer@IRefObject@core@5@@Z 0000000180002f60 f i umodsys_lib_libui:umodsys.mod.ui.SDL_GL.obj
 0001:00001f80       ?suicide@RRenderDriver2D@SDL_core@ui@modules@UModSys@@UEAAXXZ 0000000180002f80 f i umodsys_lib_libui:umodsys.mod.ui.SDL_core.obj
 0001:00001f80       ?suicide@RMouseController@SDL_core@ui@modules@UModSys@@UEAAXXZ 0000000180002f80 f i umodsys_lib_libui:umodsys.mod.ui.SDL_core.obj
 0001:00001f80       ?suicide@RRenderDriver3D@SDL_GL@ui@modules@UModSys@@UEAAXXZ 0000000180002f80 f i umodsys_lib_libui:umodsys.mod.ui.SDL_GL.obj
 0001:00001f80       ?suicide@RKeyboardController@SDL_core@ui@modules@UModSys@@UEAAXXZ 0000000180002f80 f i umodsys_lib_libui:umodsys.mod.ui.SDL_core.obj
 0001:00001f80       ?suicide@RMouseController@SDL_GL@ui@modules@UModSys@@UEAAXXZ 0000000180002f80 f i umodsys_lib_libui:umodsys.mod.ui.SDL_GL.obj
 0001:00001f80       ?suicide@RKeyboardController@SDL_GL@ui@modules@UModSys@@UEAAXXZ 0000000180002f80 f i umodsys_lib_libui:umodsys.mod.ui.SDL_GL.obj
 0001:00001fa0       ?root_get_interface_info@RTerminalX@SDL_GL@ui@modules@UModSys@@UEBAAEBUSUniquePointerInfo@core@5@XZ 0000000180002fa0 f i umodsys_lib_libui:umodsys.mod.ui.SDL_GL.obj
 0001:00001fb0       ?root_get_interface_type@RTerminalX@SDL_GL@ui@modules@UModSys@@UEBAPEBUSUniquePointerInfo@core@5@XZ 0000000180002fb0 f i umodsys_lib_libui:umodsys.mod.ui.SDL_GL.obj
 0001:00001fc0       ?root_get_other_interface@RTerminalX@SDL_GL@ui@modules@UModSys@@UEAAPEAUIRoot@core@5@PEBUSUniquePointerInfo@75@@Z 0000000180002fc0 f i umodsys_lib_libui:umodsys.mod.ui.SDL_GL.obj
 0001:00001fc0       ?root_get_other_interface@RTerminalX@SDL_GL@ui@modules@UModSys@@UEBAPEBUIRoot@core@5@PEBUSUniquePointerInfo@75@@Z 0000000180002fc0 f i umodsys_lib_libui:umodsys.mod.ui.SDL_GL.obj
 0001:00001ff0       ?root_is_interface_supported@RTerminalX@SDL_GL@ui@modules@UModSys@@UEBA_NPEBUSUniquePointerInfo@core@5@@Z 0000000180002ff0 f i umodsys_lib_libui:umodsys.mod.ui.SDL_GL.obj
 0001:00002030       ?get_generated_names@RGenerator@SDL_GL@ui@modules@UModSys@@UEBAHAEAUSUniquePtrList@core@5@@Z 0000000180003030 f i umodsys_lib_libui:umodsys.mod.ui.SDL_GL.obj
 0001:00002050       ?get_generated_types@RGenerator@SDL_GL@ui@modules@UModSys@@UEBAHAEAUSUniquePtrList@core@5@PEBUSUniquePointerInfo@75@@Z 0000000180003050 f i umodsys_lib_libui:umodsys.mod.ui.SDL_GL.obj
 0001:000020c0       ?generate@RGenerator@SDL_GL@ui@modules@UModSys@@UEAA_NAEAU?$TRefObject@UIRefObject@core@UModSys@@U?$TRefObjectFunc@UIRefObject@core@UModSys@@@tl@3@@tl@5@PEBUSUniquePointerInfo@core@5@AEBUSParameters@95@@Z 00000001800030c0 f i umodsys_lib_libui:umodsys.mod.ui.SDL_GL.obj
 0001:00002140       ?root_get_interface_info@RGenerator@SDL_GL@ui@modules@UModSys@@UEBAAEBUSUniquePointerInfo@core@5@XZ 0000000180003140 f i umodsys_lib_libui:umodsys.mod.ui.SDL_GL.obj
 0001:00002150       ?root_get_interface_type@RGenerator@SDL_GL@ui@modules@UModSys@@UEBAPEBUSUniquePointerInfo@core@5@XZ 0000000180003150 f i umodsys_lib_libui:umodsys.mod.ui.SDL_GL.obj
 0001:00002160       ?root_get_other_interface@RGenerator@SDL_GL@ui@modules@UModSys@@UEAAPEAUIRoot@core@5@PEBUSUniquePointerInfo@75@@Z 0000000180003160 f i umodsys_lib_libui:umodsys.mod.ui.SDL_GL.obj
 0001:00002160       ?root_get_other_interface@RGenerator@SDL_GL@ui@modules@UModSys@@UEBAPEBUIRoot@core@5@PEBUSUniquePointerInfo@75@@Z 0000000180003160 f i umodsys_lib_libui:umodsys.mod.ui.SDL_GL.obj
 0001:000021a0       ?root_is_interface_supported@RGenerator@SDL_GL@ui@modules@UModSys@@UEBA_NPEBUSUniquePointerInfo@core@5@@Z 00000001800031a0 f i umodsys_lib_libui:umodsys.mod.ui.SDL_GL.obj
 0001:000021e0       ?get_uid@RGenerator@SDL_GL@ui@modules@UModSys@@UEBAPEBUSUniquePointerInfo@core@5@XZ 00000001800031e0 f i umodsys_lib_libui:umodsys.mod.ui.SDL_GL.obj
 0001:000021f0       ??_ERKeyboardController@SDL_GL@ui@modules@UModSys@@UEAAPEAXI@Z 00000001800031f0 f i  CIL library: CIL module
 0001:000021f0       ??_GRKeyboardController@SDL_GL@ui@modules@UModSys@@UEAAPEAXI@Z 00000001800031f0 f i umodsys_lib_libui:umodsys.mod.ui.SDL_GL.obj
 0001:00002220       ??_GRMouseController@SDL_GL@ui@modules@UModSys@@UEAAPEAXI@Z 0000000180003220 f i umodsys_lib_libui:umodsys.mod.ui.SDL_GL.obj
 0001:00002220       ??_ERMouseController@SDL_GL@ui@modules@UModSys@@UEAAPEAXI@Z 0000000180003220 f i  CIL library: CIL module
 0001:00002250       ??_GRTerminal@SDL_GL@ui@modules@UModSys@@UEAAPEAXI@Z 0000000180003250 f i umodsys_lib_libui:umodsys.mod.ui.SDL_GL.obj
 0001:00002250       ??_ERTerminal@SDL_GL@ui@modules@UModSys@@UEAAPEAXI@Z 0000000180003250 f i  CIL library: CIL module
 0001:00002280       ??_ERRenderDriver3D@SDL_GL@ui@modules@UModSys@@UEAAPEAXI@Z 0000000180003280 f i  CIL library: CIL module
 0001:00002280       ??_GRRenderDriver3D@SDL_GL@ui@modules@UModSys@@UEAAPEAXI@Z 0000000180003280 f i umodsys_lib_libui:umodsys.mod.ui.SDL_GL.obj
 0001:000022b0       ??_ERTerminalX@SDL_GL@ui@modules@UModSys@@UEAAPEAXI@Z 00000001800032b0 f i  CIL library: CIL module
 0001:000022b0       ??_GRTerminalX@SDL_GL@ui@modules@UModSys@@UEAAPEAXI@Z 00000001800032b0 f i umodsys_lib_libui:umodsys.mod.ui.SDL_GL.obj
 0001:000022e0       ?do_open@RModuleReg@SDL_GL@ui@modules@UModSys@@UEAA_NXZ 00000001800032e0 f i umodsys_lib_libui:umodsys.mod.ui.SDL_GL.obj
 0001:000022f0       ?do_close@RModuleReg@SDL_GL@ui@modules@UModSys@@UEAA_NXZ 00000001800032f0 f i umodsys_lib_libui:umodsys.mod.ui.SDL_GL.obj
 0001:00002300       ??_GRModuleReg@SDL_GL@ui@modules@UModSys@@UEAAPEAXI@Z 0000000180003300 f i umodsys_lib_libui:umodsys.mod.ui.SDL_GL.obj
 0001:00002300       ??_ERModuleReg@SDL_GL@ui@modules@UModSys@@UEAAPEAXI@Z 0000000180003300 f i  CIL library: CIL module
 0001:00002330       ??R?$TNodeDeleter0@U?$TScatterArrayNode@U?$TRefObjectComposite@UIKeyboardClient@libui@UModSys@@UIRefObject@core@3@U?$TRefObjectFunc@UIRefObject@core@UModSys@@@tl@3@@tl@UModSys@@H@tl@UModSys@@@tl@UModSys@@QEBAHPEAU?$TScatterArrayNode@U?$TRefObjectComposite@UIKeyboardClient@libui@UModSys@@UIRefObject@core@3@U?$TRefObjectFunc@UIRefObject@core@UModSys@@@tl@3@@tl@UModSys@@H@12@@Z 0000000180003330 f i umodsys_lib_libui:umodsys.mod.ui.SDL_GL.obj
 0001:00002330       ??R?$TNodeDeleter0@U?$TScatterArrayNode@U?$TRefObjectCompositeExtra@UIMouseClient@libui@UModSys@@HUIRefObject@core@3@U?$TRefObjectFunc@UIRefObject@core@UModSys@@@tl@3@@tl@UModSys@@H@tl@UModSys@@@tl@UModSys@@QEBAHPEAU?$TScatterArrayNode@U?$TRefObjectCompositeExtra@UIMouseClient@libui@UModSys@@HUIRefObject@core@3@U?$TRefObjectFunc@UIRefObject@core@UModSys@@@tl@3@@tl@UModSys@@H@12@@Z 0000000180003330 f i umodsys_lib_libui:umodsys.mod.ui.SDL_GL.obj
 0001:000023b0       ?remove_node@?$TTreeHoldRB@U?$TScatterArrayNode@U?$TRefObjectCompositeExtra@UIMouseClient@libui@UModSys@@HUIRefObject@core@3@U?$TRefObjectFunc@UIRefObject@core@UModSys@@@tl@3@@tl@UModSys@@H@tl@UModSys@@@tl@UModSys@@QEAAXPEAU?$TScatterArrayNode@U?$TRefObjectCompositeExtra@UIMouseClient@libui@UModSys@@HUIRefObject@core@3@U?$TRefObjectFunc@UIRefObject@core@UModSys@@@tl@3@@tl@UModSys@@H@23@@Z 00000001800033b0 f i umodsys_lib_libui:umodsys.mod.ui.SDL_GL.obj
 0001:000023b0       ?remove_node@?$TTreeHoldRB@U?$TScatterArrayNode@U?$TRefObjectComposite@UIKeyboardClient@libui@UModSys@@UIRefObject@core@3@U?$TRefObjectFunc@UIRefObject@core@UModSys@@@tl@3@@tl@UModSys@@H@tl@UModSys@@@tl@UModSys@@QEAAXPEAU?$TScatterArrayNode@U?$TRefObjectComposite@UIKeyboardClient@libui@UModSys@@UIRefObject@core@3@U?$TRefObjectFunc@UIRefObject@core@UModSys@@@tl@3@@tl@UModSys@@H@23@@Z 00000001800033b0 f i umodsys_lib_libui:umodsys.mod.ui.SDL_GL.obj
 0001:000024d0       ??1?$TPair@HU?$TRefObjectComposite@UIKeyboardClient@libui@UModSys@@UIRefObject@core@3@U?$TRefObjectFunc@UIRefObject@core@UModSys@@@tl@3@@tl@UModSys@@@tl@UModSys@@QEAA@XZ 00000001800034d0 f i umodsys_lib_libui:umodsys.mod.ui.SDL_GL.obj
 0001:000024d0       ??1?$TPair@HU?$TRefObjectCompositeExtra@UIMouseClient@libui@UModSys@@HUIRefObject@core@3@U?$TRefObjectFunc@UIRefObject@core@UModSys@@@tl@3@@tl@UModSys@@@tl@UModSys@@QEAA@XZ 00000001800034d0 f i umodsys_lib_libui:umodsys.mod.ui.SDL_GL.obj
 0001:00002520       ??1?$TRefObjectComposite@UIKeyboardClient@libui@UModSys@@UIRefObject@core@3@U?$TRefObjectFunc@UIRefObject@core@UModSys@@@tl@3@@tl@UModSys@@QEAA@XZ 0000000180003520 f i umodsys_lib_libui:umodsys.mod.ui.SDL_GL.obj
 0001:00002520       ??1?$TRefObjectCompositeExtra@UIMouseClient@libui@UModSys@@HUIRefObject@core@3@U?$TRefObjectFunc@UIRefObject@core@UModSys@@@tl@3@@tl@UModSys@@QEAA@XZ 0000000180003520 f i umodsys_lib_libui:umodsys.mod.ui.SDL_GL.obj
 0001:00002570       ?ref_weak@?$TRefObjectLinksComposite@URKeyboardController@SDL_GL@ui@modules@UModSys@@URTerminal@2345@@tl@UModSys@@QEBA_NPEAURKeyboardController@SDL_GL@ui@modules@3@AEAUWeakPointer@IRefObject@core@3@@Z 0000000180003570 f i umodsys_lib_libui:umodsys.mod.ui.SDL_GL.obj
 0001:00002570       ?ref_weak@?$TRefObjectLinksComposite@URRenderDriver3D@SDL_GL@ui@modules@UModSys@@URTerminalX@2345@@tl@UModSys@@QEBA_NPEAURRenderDriver3D@SDL_GL@ui@modules@3@AEAUWeakPointer@IRefObject@core@3@@Z 0000000180003570 f i umodsys_lib_libui:umodsys.mod.ui.SDL_GL.obj
 0001:00002570       ?ref_weak@?$TRefObjectLinksComposite@URKeyboardController@SDL_core@ui@modules@UModSys@@URTerminal@2345@@tl@UModSys@@QEBA_NPEAURKeyboardController@SDL_core@ui@modules@3@AEAUWeakPointer@IRefObject@core@3@@Z 0000000180003570 f i umodsys_lib_libui:umodsys.mod.ui.SDL_core.obj
 0001:00002570       ?ref_weak@?$TRefObjectLinksComposite@URMouseController@SDL_core@ui@modules@UModSys@@URTerminal@2345@@tl@UModSys@@QEBA_NPEAURMouseController@SDL_core@ui@modules@3@AEAUWeakPointer@IRefObject@core@3@@Z 0000000180003570 f i umodsys_lib_libui:umodsys.mod.ui.SDL_core.obj
 0001:00002570       ?ref_weak@?$TRefObjectLinksComposite@URRenderDriver2D@SDL_core@ui@modules@UModSys@@URTerminalX@2345@@tl@UModSys@@QEBA_NPEAURRenderDriver2D@SDL_core@ui@modules@3@AEAUWeakPointer@IRefObject@core@3@@Z 0000000180003570 f i umodsys_lib_libui:umodsys.mod.ui.SDL_core.obj
 0001:00002570       ?ref_weak@?$TRefObjectLinksComposite@URMouseController@SDL_GL@ui@modules@UModSys@@URTerminal@2345@@tl@UModSys@@QEBA_NPEAURMouseController@SDL_GL@ui@modules@3@AEAUWeakPointer@IRefObject@core@3@@Z 0000000180003570 f i umodsys_lib_libui:umodsys.mod.ui.SDL_GL.obj
 0001:00002590       ?remove_color@?$TTreeHoldRB@U?$TScatterArrayNode@U?$TRefObjectComposite@UIKeyboardClient@libui@UModSys@@UIRefObject@core@3@U?$TRefObjectFunc@UIRefObject@core@UModSys@@@tl@3@@tl@UModSys@@H@tl@UModSys@@@tl@UModSys@@IEAAXPEAU?$TScatterArrayNode@U?$TRefObjectComposite@UIKeyboardClient@libui@UModSys@@UIRefObject@core@3@U?$TRefObjectFunc@UIRefObject@core@UModSys@@@tl@3@@tl@UModSys@@H@23@0@Z 0000000180003590 f i umodsys_lib_libui:umodsys.mod.ui.SDL_GL.obj
 0001:00002590       ?remove_color@?$TTreeHoldRB@U?$TScatterArrayNode@U?$TRefObjectCompositeExtra@UIMouseClient@libui@UModSys@@HUIRefObject@core@3@U?$TRefObjectFunc@UIRefObject@core@UModSys@@@tl@3@@tl@UModSys@@H@tl@UModSys@@@tl@UModSys@@IEAAXPEAU?$TScatterArrayNode@U?$TRefObjectCompositeExtra@UIMouseClient@libui@UModSys@@HUIRefObject@core@3@U?$TRefObjectFunc@UIRefObject@core@UModSys@@@tl@3@@tl@UModSys@@H@23@0@Z 0000000180003590 f i umodsys_lib_libui:umodsys.mod.ui.SDL_GL.obj
 0001:00002850       ??$genx_node@UCmp@?$TScatterArray@U?$TRefObjectComposite@UIKeyboardClient@libui@UModSys@@UIRefObject@core@3@U?$TRefObjectFunc@UIRefObject@core@UModSys@@@tl@3@@tl@UModSys@@HU?$TScalarCompare@H@core@3@U?$TNodeDeleter0@U?$TScatterArrayNode@U?$TRefObjectComposite@UIKeyboardClient@libui@UModSys@@UIRefObject@core@3@U?$TRefObjectFunc@UIRefObject@core@UModSys@@@tl@3@@tl@UModSys@@H@tl@UModSys@@@23@@tl@UModSys@@UGen0@234@@?$TTreeHoldRBD@U?$TScatterArrayNode@U?$TRefObjectComposite@UIKeyboardClient@libui@UModSys@@UIRefObject@core@3@U?$TRefObjectFunc@UIRefObject@core@UModSys@@@tl@3@@tl@UModSys@@H@tl@UModSys@@U?$TNodeDeleter0@U?$TScatterArrayNode@U?$TRefObjectComposite@UIKeyboardClient@libui@UModSys@@UIRefObject@core@3@U?$TRefObjectFunc@UIRefObject@core@UModSys@@@tl@3@@tl@UModSys@@H@tl@UModSys@@@23@@tl@UModSys@@QEAAPEAU?$TScatterArrayNode@U?$TRefObjectComposite@UIKeyboardClient@libui@UModSys@@UIRefObject@core@3@U?$TRefObjectFunc@UIRefObject@core@UModSys@@@tl@3@@tl@UModSys@@H@12@UCmp@?$TScatterArray@U?$TRefObjectComposite@UIKeyboardClient@libui@UModSys@@UIRefObject@core@3@U?$TRefObjectFunc@UIRefObject@core@UModSys@@@tl@3@@tl@UModSys@@HU?$TScalarCompare@H@core@3@U?$TNodeDeleter0@U?$TScatterArrayNode@U?$TRefObjectComposite@UIKeyboardClient@libui@UModSys@@UIRefObject@core@3@U?$TRefObjectFunc@UIRefObject@core@UModSys@@@tl@3@@tl@UModSys@@H@tl@UModSys@@@23@@12@AEBUGen0@512@PEAPEAU312@2_N@Z 0000000180003850 f i umodsys_lib_libui:umodsys.mod.ui.SDL_GL.obj
 0001:00002990       ??$genx_node@UCmp@?$TScatterArray@U?$TRefObjectCompositeExtra@UIMouseClient@libui@UModSys@@HUIRefObject@core@3@U?$TRefObjectFunc@UIRefObject@core@UModSys@@@tl@3@@tl@UModSys@@HU?$TScalarCompare@H@core@3@U?$TNodeDeleter0@U?$TScatterArrayNode@U?$TRefObjectCompositeExtra@UIMouseClient@libui@UModSys@@HUIRefObject@core@3@U?$TRefObjectFunc@UIRefObject@core@UModSys@@@tl@3@@tl@UModSys@@H@tl@UModSys@@@23@@tl@UModSys@@UGen0@234@@?$TTreeHoldRBD@U?$TScatterArrayNode@U?$TRefObjectCompositeExtra@UIMouseClient@libui@UModSys@@HUIRefObject@core@3@U?$TRefObjectFunc@UIRefObject@core@UModSys@@@tl@3@@tl@UModSys@@H@tl@UModSys@@U?$TNodeDeleter0@U?$TScatterArrayNode@U?$TRefObjectCompositeExtra@UIMouseClient@libui@UModSys@@HUIRefObject@core@3@U?$TRefObjectFunc@UIRefObject@core@UModSys@@@tl@3@@tl@UModSys@@H@tl@UModSys@@@23@@tl@UModSys@@QEAAPEAU?$TScatterArrayNode@U?$TRefObjectCompositeExtra@UIMouseClient@libui@UModSys@@HUIRefObject@core@3@U?$TRefObjectFunc@UIRefObject@core@UModSys@@@tl@3@@tl@UModSys@@H@12@UCmp@?$TScatterArray@U?$TRefObjectCompositeExtra@UIMouseClient@libui@UModSys@@HUIRefObject@core@3@U?$TRefObjectFunc@UIRefObject@core@UModSys@@@tl@3@@tl@UModSys@@HU?$TScalarCompare@H@core@3@U?$TNodeDeleter0@U?$TScatterArrayNode@U?$TRefObjectCompositeExtra@UIMouseClient@libui@UModSys@@HUIRefObject@core@3@U?$TRefObjectFunc@UIRefObject@core@UModSys@@@tl@3@@tl@UModSys@@H@tl@UModSys@@@23@@12@AEBUGen0@512@PEAPEAU312@2_N@Z 0000000180003990 f i umodsys_lib_libui:umodsys.mod.ui.SDL_GL.obj
 0001:00002ae0       ??$process_nodes@U?$TNodeDeleter0@U?$TScatterArrayNode@U?$TRefObjectCompositeExtra@UIMouseClient@libui@UModSys@@HUIRefObject@core@3@U?$TRefObjectFunc@UIRefObject@core@UModSys@@@tl@3@@tl@UModSys@@H@tl@UModSys@@@tl@UModSys@@@?$TTreeHoldRB@U?$TScatterArrayNode@U?$TRefObjectCompositeExtra@UIMouseClient@libui@UModSys@@HUIRefObject@core@3@U?$TRefObjectFunc@UIRefObject@core@UModSys@@@tl@3@@tl@UModSys@@H@tl@UModSys@@@tl@UModSys@@QEAAHAEBU?$TNodeDeleter0@U?$TScatterArrayNode@U?$TRefObjectCompositeExtra@UIMouseClient@libui@UModSys@@HUIRefObject@core@3@U?$TRefObjectFunc@UIRefObject@core@UModSys@@@tl@3@@tl@UModSys@@H@tl@UModSys@@@12@@Z 0000000180003ae0 f i umodsys_lib_libui:umodsys.mod.ui.SDL_GL.obj
 0001:00002ae0       ??$process_nodes@U?$TNodeDeleter0@U?$TScatterArrayNode@U?$TRefObjectComposite@UIKeyboardClient@libui@UModSys@@UIRefObject@core@3@U?$TRefObjectFunc@UIRefObject@core@UModSys@@@tl@3@@tl@UModSys@@H@tl@UModSys@@@tl@UModSys@@@?$TTreeHoldRB@U?$TScatterArrayNode@U?$TRefObjectComposite@UIKeyboardClient@libui@UModSys@@UIRefObject@core@3@U?$TRefObjectFunc@UIRefObject@core@UModSys@@@tl@3@@tl@UModSys@@H@tl@UModSys@@@tl@UModSys@@QEAAHAEBU?$TNodeDeleter0@U?$TScatterArrayNode@U?$TRefObjectComposite@UIKeyboardClient@libui@UModSys@@UIRefObject@core@3@U?$TRefObjectFunc@UIRefObject@core@UModSys@@@tl@3@@tl@UModSys@@H@tl@UModSys@@@12@@Z 0000000180003ae0 f i umodsys_lib_libui:umodsys.mod.ui.SDL_GL.obj
 0001:00002b60       ?insert_color@?$TTreeHoldRB@U?$TScatterArrayNode@U?$TVector2@M@math3d@UModSys@@H@tl@UModSys@@@tl@UModSys@@IEAAXPEAU?$TScatterArrayNode@U?$TVector2@M@math3d@UModSys@@H@23@@Z 0000000180003b60 f i umodsys_lib_libui:umodsys.mod.ui.frames.obj
 0001:00002b60       ?insert_color@?$TTreeHoldRB@U?$TScatterArrayNode@U?$TRefObjectCompositeExtra@UIMouseClient@libui@UModSys@@HUIRefObject@core@3@U?$TRefObjectFunc@UIRefObject@core@UModSys@@@tl@3@@tl@UModSys@@H@tl@UModSys@@@tl@UModSys@@IEAAXPEAU?$TScatterArrayNode@U?$TRefObjectCompositeExtra@UIMouseClient@libui@UModSys@@HUIRefObject@core@3@U?$TRefObjectFunc@UIRefObject@core@UModSys@@@tl@3@@tl@UModSys@@H@23@@Z 0000000180003b60 f i umodsys_lib_libui:umodsys.mod.ui.SDL_GL.obj
 0001:00002b60       ?insert_color@?$TTreeHoldRB@U?$TScatterArrayNode@UGlyph@RMultiImage2D_SDL_ttf@SDL_core@ui@modules@UModSys@@H@tl@UModSys@@@tl@UModSys@@IEAAXPEAU?$TScatterArrayNode@UGlyph@RMultiImage2D_SDL_ttf@SDL_core@ui@modules@UModSys@@H@23@@Z 0000000180003b60 f i umodsys_lib_libui:umodsys.mod.ui.SDL_core.obj
 0001:00002b60       ?insert_color@?$TTreeHoldRB@U?$TScatterArrayNode@U?$TVector4@M@math3d@UModSys@@H@tl@UModSys@@@tl@UModSys@@IEAAXPEAU?$TScatterArrayNode@U?$TVector4@M@math3d@UModSys@@H@23@@Z 0000000180003b60 f i umodsys_lib_libui:umodsys.mod.ui.frames.obj
 0001:00002b60       ?insert_color@?$TTreeHoldRB@U?$TScatterArrayNode@U?$TRefObjectComposite@UIKeyboardClient@libui@UModSys@@UIRefObject@core@3@U?$TRefObjectFunc@UIRefObject@core@UModSys@@@tl@3@@tl@UModSys@@H@tl@UModSys@@@tl@UModSys@@IEAAXPEAU?$TScatterArrayNode@U?$TRefObjectComposite@UIKeyboardClient@libui@UModSys@@UIRefObject@core@3@U?$TRefObjectFunc@UIRefObject@core@UModSys@@@tl@3@@tl@UModSys@@H@23@@Z 0000000180003b60 f i umodsys_lib_libui:umodsys.mod.ui.SDL_GL.obj
 0001:00002b60       ?insert_color@?$TTreeHoldRB@U?$TScatterArrayNode@HH@tl@UModSys@@@tl@UModSys@@IEAAXPEAU?$TScatterArrayNode@HH@23@@Z 0000000180003b60 f i umodsys_lib_libui:umodsys.mod.ui.frames.obj
 0001:00002d10       ??$process_nodes_r@U?$TNodeDeleter0@U?$TScatterArrayNode@U?$TRefObjectComposite@UIKeyboardClient@libui@UModSys@@UIRefObject@core@3@U?$TRefObjectFunc@UIRefObject@core@UModSys@@@tl@3@@tl@UModSys@@H@tl@UModSys@@@tl@UModSys@@@?$TTreeHoldRB@U?$TScatterArrayNode@U?$TRefObjectComposite@UIKeyboardClient@libui@UModSys@@UIRefObject@core@3@U?$TRefObjectFunc@UIRefObject@core@UModSys@@@tl@3@@tl@UModSys@@H@tl@UModSys@@@tl@UModSys@@KAHPEAU?$TScatterArrayNode@U?$TRefObjectComposite@UIKeyboardClient@libui@UModSys@@UIRefObject@core@3@U?$TRefObjectFunc@UIRefObject@core@UModSys@@@tl@3@@tl@UModSys@@H@12@AEBU?$TNodeDeleter0@U?$TScatterArrayNode@U?$TRefObjectComposite@UIKeyboardClient@libui@UModSys@@UIRefObject@core@3@U?$TRefObjectFunc@UIRefObject@core@UModSys@@@tl@3@@tl@UModSys@@H@tl@UModSys@@@12@@Z 0000000180003d10 f i umodsys_lib_libui:umodsys.mod.ui.SDL_GL.obj
 0001:00002d10       ??$process_nodes_r@U?$TNodeDeleter0@U?$TScatterArrayNode@U?$TRefObjectCompositeExtra@UIMouseClient@libui@UModSys@@HUIRefObject@core@3@U?$TRefObjectFunc@UIRefObject@core@UModSys@@@tl@3@@tl@UModSys@@H@tl@UModSys@@@tl@UModSys@@@?$TTreeHoldRB@U?$TScatterArrayNode@U?$TRefObjectCompositeExtra@UIMouseClient@libui@UModSys@@HUIRefObject@core@3@U?$TRefObjectFunc@UIRefObject@core@UModSys@@@tl@3@@tl@UModSys@@H@tl@UModSys@@@tl@UModSys@@KAHPEAU?$TScatterArrayNode@U?$TRefObjectCompositeExtra@UIMouseClient@libui@UModSys@@HUIRefObject@core@3@U?$TRefObjectFunc@UIRefObject@core@UModSys@@@tl@3@@tl@UModSys@@H@12@AEBU?$TNodeDeleter0@U?$TScatterArrayNode@U?$TRefObjectCompositeExtra@UIMouseClient@libui@UModSys@@HUIRefObject@core@3@U?$TRefObjectFunc@UIRefObject@core@UModSys@@@tl@3@@tl@UModSys@@H@tl@UModSys@@@12@@Z 0000000180003d10 f i umodsys_lib_libui:umodsys.mod.ui.SDL_GL.obj
 0001:00002d80       ?root_get_interface_info@RKeyboardController@SDL_core@ui@modules@UModSys@@UEBAAEBUSUniquePointerInfo@core@5@XZ 0000000180003d80 f i umodsys_lib_libui:umodsys.mod.ui.SDL_core.obj
 0001:00002d90       ?root_get_interface_type@RKeyboardController@SDL_core@ui@modules@UModSys@@UEBAPEBUSUniquePointerInfo@core@5@XZ 0000000180003d90 f i umodsys_lib_libui:umodsys.mod.ui.SDL_core.obj
 0001:00002da0       ?root_get_other_interface@RKeyboardController@SDL_core@ui@modules@UModSys@@UEBAPEBUIRoot@core@5@PEBUSUniquePointerInfo@75@@Z 0000000180003da0 f i umodsys_lib_libui:umodsys.mod.ui.SDL_core.obj
 0001:00002da0       ?root_get_other_interface@RKeyboardController@SDL_core@ui@modules@UModSys@@UEAAPEAUIRoot@core@5@PEBUSUniquePointerInfo@75@@Z 0000000180003da0 f i umodsys_lib_libui:umodsys.mod.ui.SDL_core.obj
 0001:00002dd0       ?root_is_interface_supported@RKeyboardController@SDL_core@ui@modules@UModSys@@UEBA_NPEBUSUniquePointerInfo@core@5@@Z 0000000180003dd0 f i umodsys_lib_libui:umodsys.mod.ui.SDL_core.obj
 0001:00002e00       ?root_get_interface_info@RMouseController@SDL_core@ui@modules@UModSys@@UEBAAEBUSUniquePointerInfo@core@5@XZ 0000000180003e00 f i umodsys_lib_libui:umodsys.mod.ui.SDL_core.obj
 0001:00002e10       ?root_get_interface_type@RMouseController@SDL_core@ui@modules@UModSys@@UEBAPEBUSUniquePointerInfo@core@5@XZ 0000000180003e10 f i umodsys_lib_libui:umodsys.mod.ui.SDL_core.obj
 0001:00002e20       ?root_get_other_interface@RMouseController@SDL_core@ui@modules@UModSys@@UEBAPEBUIRoot@core@5@PEBUSUniquePointerInfo@75@@Z 0000000180003e20 f i umodsys_lib_libui:umodsys.mod.ui.SDL_core.obj
 0001:00002e20       ?root_get_other_interface@RMouseController@SDL_core@ui@modules@UModSys@@UEAAPEAUIRoot@core@5@PEBUSUniquePointerInfo@75@@Z 0000000180003e20 f i umodsys_lib_libui:umodsys.mod.ui.SDL_core.obj
 0001:00002e50       ?root_is_interface_supported@RMouseController@SDL_core@ui@modules@UModSys@@UEBA_NPEBUSUniquePointerInfo@core@5@@Z 0000000180003e50 f i umodsys_lib_libui:umodsys.mod.ui.SDL_core.obj
 0001:00002e80       ?root_get_interface_info@RTerminal@SDL_core@ui@modules@UModSys@@UEBAAEBUSUniquePointerInfo@core@5@XZ 0000000180003e80 f i umodsys_lib_libui:umodsys.mod.ui.SDL_core.obj
 0001:00002e90       ?root_get_interface_type@RTerminal@SDL_core@ui@modules@UModSys@@UEBAPEBUSUniquePointerInfo@core@5@XZ 0000000180003e90 f i umodsys_lib_libui:umodsys.mod.ui.SDL_core.obj
 0001:00002ea0       ?root_get_other_interface@RTerminal@SDL_core@ui@modules@UModSys@@UEBAPEBUIRoot@core@5@PEBUSUniquePointerInfo@75@@Z 0000000180003ea0 f i umodsys_lib_libui:umodsys.mod.ui.SDL_core.obj
 0001:00002ea0       ?root_get_other_interface@RTerminal@SDL_core@ui@modules@UModSys@@UEAAPEAUIRoot@core@5@PEBUSUniquePointerInfo@75@@Z 0000000180003ea0 f i umodsys_lib_libui:umodsys.mod.ui.SDL_core.obj
 0001:00002ed0       ?root_is_interface_supported@RTerminal@SDL_core@ui@modules@UModSys@@UEBA_NPEBUSUniquePointerInfo@core@5@@Z 0000000180003ed0 f i umodsys_lib_libui:umodsys.mod.ui.SDL_core.obj
 0001:00002f00       ?root_get_interface_info@RMultiImage2D_SDL_ttf@SDL_core@ui@modules@UModSys@@UEBAAEBUSUniquePointerInfo@core@5@XZ 0000000180003f00 f i umodsys_lib_libui:umodsys.mod.ui.SDL_core.obj
 0001:00002f10       ?root_get_interface_type@RMultiImage2D_SDL_ttf@SDL_core@ui@modules@UModSys@@UEBAPEBUSUniquePointerInfo@core@5@XZ 0000000180003f10 f i umodsys_lib_libui:umodsys.mod.ui.SDL_core.obj
 0001:00002f20       ?root_get_other_interface@RMultiImage2D_SDL_ttf@SDL_core@ui@modules@UModSys@@UEAAPEAUIRoot@core@5@PEBUSUniquePointerInfo@75@@Z 0000000180003f20 f i umodsys_lib_libui:umodsys.mod.ui.SDL_core.obj
 0001:00002f20       ?root_get_other_interface@RMultiImage2D_SDL_ttf@SDL_core@ui@modules@UModSys@@UEBAPEBUIRoot@core@5@PEBUSUniquePointerInfo@75@@Z 0000000180003f20 f i umodsys_lib_libui:umodsys.mod.ui.SDL_core.obj
 0001:00002f50       ?root_is_interface_supported@RMultiImage2D_SDL_ttf@SDL_core@ui@modules@UModSys@@UEBA_NPEBUSUniquePointerInfo@core@5@@Z 0000000180003f50 f i umodsys_lib_libui:umodsys.mod.ui.SDL_core.obj
 0001:00002f80       ?suicide@RDialog@frames@ui@modules@UModSys@@UEAAXXZ 0000000180003f80 f i umodsys_lib_libui:umodsys.mod.ui.frames.obj
 0001:00002f80       ?suicide@RMultiImage2D_SDL_ttf@SDL_core@ui@modules@UModSys@@UEAAXXZ 0000000180003f80 f i umodsys_lib_libui:umodsys.mod.ui.SDL_core.obj
 0001:00002fd0       ?get_max_layer_size@RMultiImage2D_SDL_ttf@SDL_core@ui@modules@UModSys@@UEBA?AU?$TVector2@H@math3d@5@XZ 0000000180003fd0 f i umodsys_lib_libui:umodsys.mod.ui.SDL_core.obj
 0001:00002fd0       ?get_fixed_cell_size@RMultiImage2D_SDL_ttf@SDL_core@ui@modules@UModSys@@UEBA?AU?$TVector2@H@math3d@5@XZ 0000000180003fd0 f i umodsys_lib_libui:umodsys.mod.ui.SDL_core.obj
 0001:00002fd0       ?get_max_cell_size@RMultiImage2D_SDL_ttf@SDL_core@ui@modules@UModSys@@UEBA?AU?$TVector2@H@math3d@5@XZ 0000000180003fd0 f i umodsys_lib_libui:umodsys.mod.ui.SDL_core.obj
 0001:00002fe0       ?root_get_interface_info@RRenderDriver2D@SDL_core@ui@modules@UModSys@@UEBAAEBUSUniquePointerInfo@core@5@XZ 0000000180003fe0 f i umodsys_lib_libui:umodsys.mod.ui.SDL_core.obj
 0001:00002ff0       ?root_get_interface_type@RRenderDriver2D@SDL_core@ui@modules@UModSys@@UEBAPEBUSUniquePointerInfo@core@5@XZ 0000000180003ff0 f i umodsys_lib_libui:umodsys.mod.ui.SDL_core.obj
 0001:00003000       ?root_get_other_interface@RRenderDriver2D@SDL_core@ui@modules@UModSys@@UEBAPEBUIRoot@core@5@PEBUSUniquePointerInfo@75@@Z 0000000180004000 f i umodsys_lib_libui:umodsys.mod.ui.SDL_core.obj
 0001:00003000       ?root_get_other_interface@RRenderDriver2D@SDL_core@ui@modules@UModSys@@UEAAPEAUIRoot@core@5@PEBUSUniquePointerInfo@75@@Z 0000000180004000 f i umodsys_lib_libui:umodsys.mod.ui.SDL_core.obj
 0001:00003030       ?root_is_interface_supported@RRenderDriver2D@SDL_core@ui@modules@UModSys@@UEBA_NPEBUSUniquePointerInfo@core@5@@Z 0000000180004030 f i umodsys_lib_libui:umodsys.mod.ui.SDL_core.obj
 0001:00003060       ?ref_add@RKeyboardController@SDL_GL@ui@modules@UModSys@@UEBAXXZ 0000000180004060 f i umodsys_lib_libui:umodsys.mod.ui.SDL_GL.obj
 0001:00003060       ?ref_add@RRenderDriver2D@SDL_core@ui@modules@UModSys@@UEBAXXZ 0000000180004060 f i umodsys_lib_libui:umodsys.mod.ui.SDL_core.obj
 0001:00003060       ?ref_add@RRenderDriver3D@SDL_GL@ui@modules@UModSys@@UEBAXXZ 0000000180004060 f i umodsys_lib_libui:umodsys.mod.ui.SDL_GL.obj
 0001:00003060       ?ref_add@RMouseController@SDL_GL@ui@modules@UModSys@@UEBAXXZ 0000000180004060 f i umodsys_lib_libui:umodsys.mod.ui.SDL_GL.obj
 0001:00003060       ?ref_add@RMouseController@SDL_core@ui@modules@UModSys@@UEBAXXZ 0000000180004060 f i umodsys_lib_libui:umodsys.mod.ui.SDL_core.obj
 0001:00003060       ?ref_add@RKeyboardController@SDL_core@ui@modules@UModSys@@UEBAXXZ 0000000180004060 f i umodsys_lib_libui:umodsys.mod.ui.SDL_core.obj
 0001:00003070       ?root_get_interface_info@RTerminalX@SDL_core@ui@modules@UModSys@@UEBAAEBUSUniquePointerInfo@core@5@XZ 0000000180004070 f i umodsys_lib_libui:umodsys.mod.ui.SDL_core.obj
 0001:00003080       ?root_get_interface_type@RTerminalX@SDL_core@ui@modules@UModSys@@UEBAPEBUSUniquePointerInfo@core@5@XZ 0000000180004080 f i umodsys_lib_libui:umodsys.mod.ui.SDL_core.obj
 0001:00003090       ?root_get_other_interface@RTerminalX@SDL_core@ui@modules@UModSys@@UEAAPEAUIRoot@core@5@PEBUSUniquePointerInfo@75@@Z 0000000180004090 f i umodsys_lib_libui:umodsys.mod.ui.SDL_core.obj
 0001:00003090       ?root_get_other_interface@RTerminalX@SDL_core@ui@modules@UModSys@@UEBAPEBUIRoot@core@5@PEBUSUniquePointerInfo@75@@Z 0000000180004090 f i umodsys_lib_libui:umodsys.mod.ui.SDL_core.obj
 0001:000030c0       ?root_is_interface_supported@RTerminalX@SDL_core@ui@modules@UModSys@@UEBA_NPEBUSUniquePointerInfo@core@5@@Z 00000001800040c0 f i umodsys_lib_libui:umodsys.mod.ui.SDL_core.obj
 0001:00003100       ?get_generated_names@RGenerator@SDL_core@ui@modules@UModSys@@UEBAHAEAUSUniquePtrList@core@5@@Z 0000000180004100 f i umodsys_lib_libui:umodsys.mod.ui.SDL_core.obj
 0001:00003120       ?get_generated_types@RGenerator@SDL_core@ui@modules@UModSys@@UEBAHAEAUSUniquePtrList@core@5@PEBUSUniquePointerInfo@75@@Z 0000000180004120 f i umodsys_lib_libui:umodsys.mod.ui.SDL_core.obj
 0001:00003190       ?generate@RGenerator@SDL_core@ui@modules@UModSys@@UEAA_NAEAU?$TRefObject@UIRefObject@core@UModSys@@U?$TRefObjectFunc@UIRefObject@core@UModSys@@@tl@3@@tl@5@PEBUSUniquePointerInfo@core@5@AEBUSParameters@95@@Z 0000000180004190 f i umodsys_lib_libui:umodsys.mod.ui.SDL_core.obj
 0001:00003210       ?root_get_interface_info@RGenerator@SDL_core@ui@modules@UModSys@@UEBAAEBUSUniquePointerInfo@core@5@XZ 0000000180004210 f i umodsys_lib_libui:umodsys.mod.ui.SDL_core.obj
 0001:00003220       ?root_get_interface_type@RGenerator@SDL_core@ui@modules@UModSys@@UEBAPEBUSUniquePointerInfo@core@5@XZ 0000000180004220 f i umodsys_lib_libui:umodsys.mod.ui.SDL_core.obj
 0001:00003230       ?root_get_other_interface@RGenerator@SDL_core@ui@modules@UModSys@@UEAAPEAUIRoot@core@5@PEBUSUniquePointerInfo@75@@Z 0000000180004230 f i umodsys_lib_libui:umodsys.mod.ui.SDL_core.obj
 0001:00003230       ?root_get_other_interface@RGenerator@SDL_core@ui@modules@UModSys@@UEBAPEBUIRoot@core@5@PEBUSUniquePointerInfo@75@@Z 0000000180004230 f i umodsys_lib_libui:umodsys.mod.ui.SDL_core.obj
 0001:00003270       ?root_is_interface_supported@RGenerator@SDL_core@ui@modules@UModSys@@UEBA_NPEBUSUniquePointerInfo@core@5@@Z 0000000180004270 f i umodsys_lib_libui:umodsys.mod.ui.SDL_core.obj
 0001:000032b0       ?get_uid@RGenerator@SDL_core@ui@modules@UModSys@@UEBAPEBUSUniquePointerInfo@core@5@XZ 00000001800042b0 f i umodsys_lib_libui:umodsys.mod.ui.SDL_core.obj
 0001:000032c0       ??_GRMultiImage2D_SDL_ttf@SDL_core@ui@modules@UModSys@@UEAAPEAXI@Z 00000001800042c0 f i umodsys_lib_libui:umodsys.mod.ui.SDL_core.obj
 0001:000032c0       ??_ERMultiImage2D_SDL_ttf@SDL_core@ui@modules@UModSys@@UEAAPEAXI@Z 00000001800042c0 f i  CIL library: CIL module
 0001:000032f0       ??_ERRenderDriver2D@SDL_core@ui@modules@UModSys@@UEAAPEAXI@Z 00000001800042f0 f i  CIL library: CIL module
 0001:000032f0       ??_GRRenderDriver2D@SDL_core@ui@modules@UModSys@@UEAAPEAXI@Z 00000001800042f0 f i umodsys_lib_libui:umodsys.mod.ui.SDL_core.obj
 0001:00003320       ??_ERMouseController@SDL_core@ui@modules@UModSys@@UEAAPEAXI@Z 0000000180004320 f i  CIL library: CIL module
 0001:00003320       ??_GRMouseController@SDL_core@ui@modules@UModSys@@UEAAPEAXI@Z 0000000180004320 f i umodsys_lib_libui:umodsys.mod.ui.SDL_core.obj
 0001:00003350       ??_GRKeyboardController@SDL_core@ui@modules@UModSys@@UEAAPEAXI@Z 0000000180004350 f i umodsys_lib_libui:umodsys.mod.ui.SDL_core.obj
 0001:00003350       ??_ERKeyboardController@SDL_core@ui@modules@UModSys@@UEAAPEAXI@Z 0000000180004350 f i  CIL library: CIL module
 0001:00003380       ??_GRTerminal@SDL_core@ui@modules@UModSys@@UEAAPEAXI@Z 0000000180004380 f i umodsys_lib_libui:umodsys.mod.ui.SDL_core.obj
 0001:00003380       ??_ERTerminal@SDL_core@ui@modules@UModSys@@UEAAPEAXI@Z 0000000180004380 f i  CIL library: CIL module
 0001:000033b0       ??_ERTerminalX@SDL_core@ui@modules@UModSys@@UEAAPEAXI@Z 00000001800043b0 f i  CIL library: CIL module
 0001:000033b0       ??_GRTerminalX@SDL_core@ui@modules@UModSys@@UEAAPEAXI@Z 00000001800043b0 f i umodsys_lib_libui:umodsys.mod.ui.SDL_core.obj
 0001:000033e0       ?do_open@RModuleReg@SDL_core@ui@modules@UModSys@@UEAA_NXZ 00000001800043e0 f i umodsys_lib_libui:umodsys.mod.ui.SDL_core.obj
 0001:000033f0       ?do_close@RModuleReg@SDL_core@ui@modules@UModSys@@UEAA_NXZ 00000001800043f0 f i umodsys_lib_libui:umodsys.mod.ui.SDL_core.obj
 0001:00003400       ??_ERModuleReg@SDL_core@ui@modules@UModSys@@UEAAPEAXI@Z 0000000180004400 f i  CIL library: CIL module
 0001:00003400       ??_GRModuleReg@SDL_core@ui@modules@UModSys@@UEAAPEAXI@Z 0000000180004400 f i umodsys_lib_libui:umodsys.mod.ui.SDL_core.obj
 0001:00003430       ??1?$TScatterArray@UGlyph@RMultiImage2D_SDL_ttf@SDL_core@ui@modules@UModSys@@HU?$TScalarCompare@H@core@6@U?$TNodeDeleter0@U?$TScatterArrayNode@UGlyph@RMultiImage2D_SDL_ttf@SDL_core@ui@modules@UModSys@@H@tl@UModSys@@@tl@6@@tl@UModSys@@QEAA@XZ 0000000180004430 f i umodsys_lib_libui:umodsys.mod.ui.SDL_core.obj
 0001:00003460       ??_ERGenerator@test1@test@modules@UModSys@@UEAAPEAXI@Z 0000000180004460 f i  CIL library: CIL module
 0001:00003460       ??_GRGenerator@zlib@media@modules@UModSys@@UEAAPEAXI@Z 0000000180004460 f i umodsys_lib_libmedia:umodsys.mod.media.zlib.obj
 0001:00003460       ??_GIRefObject@core@UModSys@@UEAAPEAXI@Z 0000000180004460 f i plugin_test1.obj
 0001:00003460       ??_GRGenerator@test1@test@modules@UModSys@@UEAAPEAXI@Z 0000000180004460 f i plugin_test1.obj
 0001:00003460       ??_ERGenerator@frames@ui@modules@UModSys@@UEAAPEAXI@Z 0000000180004460 f i  CIL library: CIL module
 0001:00003460       ??_GRGenerator@stdlib@lib2d@modules@UModSys@@UEAAPEAXI@Z 0000000180004460 f i umodsys_lib_lib2d:umodsys.mod.2d.stdlib.obj
 0001:00003460       ??_GRGenerator@frames@ui@modules@UModSys@@UEAAPEAXI@Z 0000000180004460 f i umodsys_lib_libui:umodsys.mod.ui.frames.obj
 0001:00003460       ??_ERGenerator@images_std@media@modules@UModSys@@UEAAPEAXI@Z 0000000180004460 f i  CIL library: CIL module
 0001:00003460       ??_ERGenerator@serialize_json@media@modules@UModSys@@UEAAPEAXI@Z 0000000180004460 f i  CIL library: CIL module
 0001:00003460       ??_GRGenerator@serialize_json@media@modules@UModSys@@UEAAPEAXI@Z 0000000180004460 f i umodsys_lib_libmedia:umodsys.mod.media.serialize_json.obj
 0001:00003460       ??_ERGenerator@zlib@media@modules@UModSys@@UEAAPEAXI@Z 0000000180004460 f i  CIL library: CIL module
 0001:00003460       ??_ERGenerator@SDL_GL@ui@modules@UModSys@@UEAAPEAXI@Z 0000000180004460 f i  CIL library: CIL module
 0001:00003460       ??_ERGenerator@SDL_core@ui@modules@UModSys@@UEAAPEAXI@Z 0000000180004460 f i  CIL library: CIL module
 0001:00003460       ??_ERGenerator@stdlib@lib2d@modules@UModSys@@UEAAPEAXI@Z 0000000180004460 f i  CIL library: CIL module
 0001:00003460       ??_GRGenerator@SDL_GL@ui@modules@UModSys@@UEAAPEAXI@Z 0000000180004460 f i umodsys_lib_libui:umodsys.mod.ui.SDL_GL.obj
 0001:00003460       ??_GRGenerator@images_std@media@modules@UModSys@@UEAAPEAXI@Z 0000000180004460 f i umodsys_lib_libmedia:umodsys.mod.media.images_std.obj
 0001:00003460       ??_GRGenerator@SDL_core@ui@modules@UModSys@@UEAAPEAXI@Z 0000000180004460 f i umodsys_lib_libui:umodsys.mod.ui.SDL_core.obj
 0001:00003460       ??_EIRefObject@core@UModSys@@UEAAPEAXI@Z 0000000180004460 f i  CIL library: CIL module
[...]
 0001:00022de0       ??__F?s_id@?$TObjectUniqueID@UICollector@libui@UModSys@@@tl@UModSys@@2USUniquePointer@core@3@A@@YAXXZ 0000000180023de0 f    CIL library: CIL module
 0001:00022df0       ??__F?s_id@?$TObjectUniqueID@UIConsoleHelperInput_UIKey@libui@UModSys@@@tl@UModSys@@2USUniquePointer@core@3@A@@YAXXZ 0000000180023df0 f    CIL library: CIL module
 0001:00022e00       ??__F?s_id@?$TObjectUniqueID@UITerminal@libui@UModSys@@@tl@UModSys@@2USUniquePointer@core@3@A@@YAXXZ 0000000180023e00 f    CIL library: CIL module
 0001:00022e10       ??__F?s_id@?$TObjectUniqueID@UIJoystickController@libui@UModSys@@@tl@UModSys@@2USUniquePointer@core@3@A@@YAXXZ 0000000180023e10 f    CIL library: CIL module
 0001:00022e20       ??__F?s_id@?$TObjectUniqueID@UIMouseController@libui@UModSys@@@tl@UModSys@@2USUniquePointer@core@3@A@@YAXXZ 0000000180023e20 f    CIL library: CIL module
 0001:00022e30       ??__F?s_id@?$TObjectUniqueID@UIKeyboardController@libui@UModSys@@@tl@UModSys@@2USUniquePointer@core@3@A@@YAXXZ 0000000180023e30 f    CIL library: CIL module
 0001:00022e40       ??__F?s_id@?$TObjectUniqueID@UIConsoleHelperOutputFCS@base@UModSys@@@tl@UModSys@@2USUniquePointer@core@3@A@@YAXXZ 0000000180023e40 f    CIL library: CIL module
 0001:00022e50       ??__F?s_id@?$TObjectUniqueID@UIConsoleHelperOutput@base@UModSys@@@tl@UModSys@@2USUniquePointer@core@3@A@@YAXXZ 0000000180023e50 f    CIL library: CIL module
 0001:00022e60       ??__F?s_id@?$TObjectUniqueID@UIConsoleHelperInput@base@UModSys@@@tl@UModSys@@2USUniquePointer@core@3@A@@YAXXZ 0000000180023e60 f    CIL library: CIL module
 0001:00022e70       ??__F?s_id@?$TObjectUniqueID@UIConsoleHelperHistory@base@UModSys@@@tl@UModSys@@2USUniquePointer@core@3@A@@YAXXZ 0000000180023e70 f    CIL library: CIL module
 0001:00022e80       ??__F?s_id@?$TObjectUniqueID@UIConsoleHelper@base@UModSys@@@tl@UModSys@@2USUniquePointer@core@3@A@@YAXXZ 0000000180023e80 f    CIL library: CIL module
 0001:00022e90       ??__F?s_id@?$TObjectUniqueID@UIConsoleExt@base@UModSys@@@tl@UModSys@@2USUniquePointer@core@3@A@@YAXXZ 0000000180023e90 f    CIL library: CIL module
 0001:00022ea0       ??__F?s_id@?$TObjectUniqueID@UISerializeWriter@libmedia@UModSys@@@tl@UModSys@@2USUniquePointer@core@3@A@@YAXXZ 0000000180023ea0 f    CIL library: CIL module
 0001:00022eb0       ??__F?s_id@?$TObjectUniqueID@UISerializeReader@libmedia@UModSys@@@tl@UModSys@@2USUniquePointer@core@3@A@@YAXXZ 0000000180023eb0 f    CIL library: CIL module
 0001:00022ec0       ??__F?s_id@?$TObjectUniqueID@UIClient@IBinArchiveFrame@libmedia@UModSys@@@tl@UModSys@@2USUniquePointer@core@3@A@@YAXXZ 0000000180023ec0 f    CIL library: CIL module
 0001:00022ed0       ??__F?s_id@?$TObjectUniqueID@UIBinArchiveFrame@libmedia@UModSys@@@tl@UModSys@@2USUniquePointer@core@3@A@@YAXXZ 0000000180023ed0 f    CIL library: CIL module
 0001:00022ee0       ??__F?s_id@?$TObjectUniqueID@UILibraryLayered@libmedia@UModSys@@@tl@UModSys@@2USUniquePointer@core@3@A@@YAXXZ 0000000180023ee0 f    CIL library: CIL module
 0001:00022ef0       ??__F?s_id@?$TObjectUniqueID@UILibraryObjCache@libmedia@UModSys@@@tl@UModSys@@2USUniquePointer@core@3@A@@YAXXZ 0000000180023ef0 f    CIL library: CIL module
 0001:00022f00       ??__F?s_id@?$TObjectUniqueID@UILibraryObjFilter@libmedia@UModSys@@@tl@UModSys@@2USUniquePointer@core@3@A@@YAXXZ 0000000180023f00 f    CIL library: CIL module
 0001:00022f10       ??__F?s_id@?$TObjectUniqueID@UILibraryBinCache@libmedia@UModSys@@@tl@UModSys@@2USUniquePointer@core@3@A@@YAXXZ 0000000180023f10 f    CIL library: CIL module
 0001:00022f20       ??__F?s_id@?$TObjectUniqueID@UILibraryBinTree@libmedia@UModSys@@@tl@UModSys@@2USUniquePointer@core@3@A@@YAXXZ 0000000180023f20 f    CIL library: CIL module
 0001:00022f30       ??__F?s_id@?$TObjectUniqueID@UILibrary@libmedia@UModSys@@@tl@UModSys@@2USUniquePointer@core@3@A@@YAXXZ 0000000180023f30 f    CIL library: CIL module
 0001:00022f40       ??__F?s_id@?$TObjectUniqueID@UIBinObjFilter@libmedia@UModSys@@@tl@UModSys@@2USUniquePointer@core@3@A@@YAXXZ 0000000180023f40 f    CIL library: CIL module
 0001:00022f50       ??__F?s_id@?$TObjectUniqueID@UIBinArchive@libmedia@UModSys@@@tl@UModSys@@2USUniquePointer@core@3@A@@YAXXZ 0000000180023f50 f    CIL library: CIL module
 0001:00022f60       ??__F?s_id@?$TObjectUniqueID@UILibObject@libmedia@UModSys@@@tl@UModSys@@2USUniquePointer@core@3@A@@YAXXZ 0000000180023f60 f    CIL library: CIL module
 0001:00022f70       ??__F?s_id@?$TObjectUniqueID@UIUtilities@libmedia@UModSys@@@tl@UModSys@@2USUniquePointer@core@3@A@@YAXXZ 0000000180023f70 f    CIL library: CIL module
 0001:00022f80       ??__F?s_id@?$TObjectUniqueID@UIStreamWriter@libmedia@UModSys@@@tl@UModSys@@2USUniquePointer@core@3@A@@YAXXZ 0000000180023f80 f    CIL library: CIL module
 0001:00022f90       ??__F?s_id@?$TObjectUniqueID@UIStreamReader@libmedia@UModSys@@@tl@UModSys@@2USUniquePointer@core@3@A@@YAXXZ 0000000180023f90 f    CIL library: CIL module
 0001:00022fa0       ??__F?s_id@?$TObjectUniqueID@UISystem@base@UModSys@@@tl@UModSys@@2USUniquePointer@core@3@A@@YAXXZ 0000000180023fa0 f    CIL library: CIL module
 0001:00022fb0       ??__F?s_id@?$TObjectUniqueID@UIShell@base@UModSys@@@tl@UModSys@@2USUniquePointer@core@3@A@@YAXXZ 0000000180023fb0 f    CIL library: CIL module
 0001:00022fc0       ??__F?s_id@?$TObjectUniqueID@UIGenerator@base@UModSys@@@tl@UModSys@@2USUniquePointer@core@3@A@@YAXXZ 0000000180023fc0 f    CIL library: CIL module
 0001:00022fd0       ??__F?s_id@?$TObjectUniqueID@UIModObject@base@UModSys@@@tl@UModSys@@2USUniquePointer@core@3@A@@YAXXZ 0000000180023fd0 f    CIL library: CIL module
 0001:00022fe0       ??__F?s_id@?$TObjectUniqueID@UIModuleLibrary@base@UModSys@@@tl@UModSys@@2USUniquePointer@core@3@A@@YAXXZ 0000000180023fe0 f    CIL library: CIL module
 0001:00022ff0       ??__F?s_id@?$TObjectUniqueID@UIModule@base@UModSys@@@tl@UModSys@@2USUniquePointer@core@3@A@@YAXXZ 0000000180023ff0 f    CIL library: CIL module
 0001:00023000       ??__F?s_id@?$TObjectUniqueID@UIConsole@base@UModSys@@@tl@UModSys@@2USUniquePointer@core@3@A@@YAXXZ 0000000180024000 f    CIL library: CIL module
 0001:00023010       ??__F?s_id@?$TObjectUniqueID@UIParameters@core@UModSys@@@tl@UModSys@@2USUniquePointer@core@3@A@@YAXXZ 0000000180024010 f    CIL library: CIL module
 0001:00023020       ??__F?s_id@?$TObjectUniqueID@UIRefObject@core@UModSys@@@tl@UModSys@@2USUniquePointer@core@3@A@@YAXXZ 0000000180024020 f    CIL library: CIL module
 0001:00023030       ??__F?s_id@?$TObjectUniqueID@UIRoot@core@UModSys@@@tl@UModSys@@2USUniquePointer@core@3@A@@YAXXZ 0000000180024030 f    CIL library: CIL module
 0001:00023040       ??__Fs_dbg@stdlib@lib2d@modules@UModSys@@YAXXZ 0000000180024040 f    CIL library: CIL module
 0001:00023050       ??__F?s_modreg@RModuleReg@stdlib@lib2d@modules@UModSys@@2U12345@A@@YAXXZ 0000000180024050 f    CIL library: CIL module
 0001:00023070       ??__F?s_modreg_chain@RModuleReg@stdlib@lib2d@modules@UModSys@@2USModuleRegChain@base@5@A@@YAXXZ 0000000180024070 f    CIL library: CIL module
 0001:00023080       ??__F?s_uid@RGenerator@stdlib@lib2d@modules@UModSys@@2USUniquePointer@core@5@A@@YAXXZ 0000000180024080 f    CIL library: CIL module
 0001:00023090       ??__Fh@?1??s_holder@RGenerator@stdlib@lib2d@modules@UModSys@@SAAEAU?$TTypeStaticHolder@URGenerator@stdlib@lib2d@modules@UModSys@@@tl@5@XZ@YAXXZ 0000000180024090 f    CIL library: CIL module
 0001:000230c0       ??__F?s_id@?$TObjectUniqueID@URGenerator@stdlib@lib2d@modules@UModSys@@@tl@UModSys@@2USUniquePointer@core@3@A@@YAXXZ 00000001800240c0 f    CIL library: CIL module
 0001:000230d0       ??__F?s_id@?$TObjectUniqueID@URMultiImage@stdlib@lib2d@modules@UModSys@@@tl@UModSys@@2USUniquePointer@core@3@A@@YAXXZ 00000001800240d0 f    CIL library: CIL module
 0001:000230e0       ??__F?s_id@?$TObjectUniqueID@URImageFactory_Memory@stdlib@lib2d@modules@UModSys@@@tl@UModSys@@2USUniquePointer@core@3@A@@YAXXZ 00000001800240e0 f    CIL library: CIL module
 0001:000230f0       ??__F?s_id@?$TObjectUniqueID@URImage_Memory@stdlib@lib2d@modules@UModSys@@@tl@UModSys@@2USUniquePointer@core@3@A@@YAXXZ 00000001800240f0 f    CIL library: CIL module
 0001:00023100       ??__Fs_dbg@SDL_GL@ui@modules@UModSys@@YAXXZ 0000000180024100 f    CIL library: CIL module
 0001:00023110       ??__F?s_modreg@RModuleReg@SDL_GL@ui@modules@UModSys@@2U12345@A@@YAXXZ 0000000180024110 f    CIL library: CIL module
 0001:00023130       ??__F?s_modreg_chain@RModuleReg@SDL_GL@ui@modules@UModSys@@2USModuleRegChain@base@5@A@@YAXXZ 0000000180024130 f    CIL library: CIL module
 0001:00023140       ??__F?s_uid@RGenerator@SDL_GL@ui@modules@UModSys@@2USUniquePointer@core@5@A@@YAXXZ 0000000180024140 f    CIL library: CIL module
 0001:00023150       ??__Fh@?1??s_holder@RGenerator@SDL_GL@ui@modules@UModSys@@SAAEAU?$TTypeStaticHolder@URGenerator@SDL_GL@ui@modules@UModSys@@@tl@5@XZ@YAXXZ 0000000180024150 f    CIL library: CIL module
 0001:00023180       ??__F?s_id@?$TObjectUniqueID@URGenerator@SDL_GL@ui@modules@UModSys@@@tl@UModSys@@2USUniquePointer@core@3@A@@YAXXZ 0000000180024180 f    CIL library: CIL module
 0001:00023190       ??__F?s_id@?$TObjectUniqueID@URTerminalX@SDL_GL@ui@modules@UModSys@@@tl@UModSys@@2USUniquePointer@core@3@A@@YAXXZ 0000000180024190 f    CIL library: CIL module
 0001:000231a0       ??__F?s_id@?$TObjectUniqueID@URRenderDriver3D@SDL_GL@ui@modules@UModSys@@@tl@UModSys@@2USUniquePointer@core@3@A@@YAXXZ 00000001800241a0 f    CIL library: CIL module
 0001:000231b0       ??__F?s_id@?$TObjectUniqueID@URTerminal@SDL_GL@ui@modules@UModSys@@@tl@UModSys@@2USUniquePointer@core@3@A@@YAXXZ 00000001800241b0 f    CIL library: CIL module
 0001:000231c0       ??__F?s_id@?$TObjectUniqueID@URMouseController@SDL_GL@ui@modules@UModSys@@@tl@UModSys@@2USUniquePointer@core@3@A@@YAXXZ 00000001800241c0 f    CIL library: CIL module
 0001:000231d0       ??__F?s_id@?$TObjectUniqueID@URKeyboardController@SDL_GL@ui@modules@UModSys@@@tl@UModSys@@2USUniquePointer@core@3@A@@YAXXZ 00000001800241d0 f    CIL library: CIL module
 0001:000231e0       ??__F?s_id@?$TObjectUniqueID@UIRenderDriver@lib3d@UModSys@@@tl@UModSys@@2USUniquePointer@core@3@A@@YAXXZ 00000001800241e0 f    CIL library: CIL module
 0001:000231f0       ??__F?s_id@?$TObjectUniqueID@UITextureCells@lib3d@UModSys@@@tl@UModSys@@2USUniquePointer@core@3@A@@YAXXZ 00000001800241f0 f    CIL library: CIL module
 0001:00023200       ??__F?s_id@?$TObjectUniqueID@UITexture@lib3d@UModSys@@@tl@UModSys@@2USUniquePointer@core@3@A@@YAXXZ 0000000180024200 f    CIL library: CIL module
 0001:00023210       ??__F?s_id@?$TObjectUniqueID@UIRenderer@lib3d@UModSys@@@tl@UModSys@@2USUniquePointer@core@3@A@@YAXXZ 0000000180024210 f    CIL library: CIL module
 0001:00023220       ??__F?s_id@?$TObjectUniqueID@UISharedLibrary@lib3d@UModSys@@@tl@UModSys@@2USUniquePointer@core@3@A@@YAXXZ 0000000180024220 f    CIL library: CIL module
 0001:00023230       ??__Fs_dbg@SDL_core@ui@modules@UModSys@@YAXXZ 0000000180024230 f    CIL library: CIL module
 0001:00023240       ??__F?s_modreg@RModuleReg@SDL_core@ui@modules@UModSys@@2U12345@A@@YAXXZ 0000000180024240 f    CIL library: CIL module
 0001:00023260       ??__F?s_modreg_chain@RModuleReg@SDL_core@ui@modules@UModSys@@2USModuleRegChain@base@5@A@@YAXXZ 0000000180024260 f    CIL library: CIL module
 0001:00023270       ??__F?s_uid@RGenerator@SDL_core@ui@modules@UModSys@@2USUniquePointer@core@5@A@@YAXXZ 0000000180024270 f    CIL library: CIL module
 0001:00023280       ??__Fh@?1??s_holder@RGenerator@SDL_core@ui@modules@UModSys@@SAAEAU?$TTypeStaticHolder@URGenerator@SDL_core@ui@modules@UModSys@@@tl@5@XZ@YAXXZ 0000000180024280 f    CIL library: CIL module
 0001:000232b0       ??__F?s_id@?$TObjectUniqueID@URGenerator@SDL_core@ui@modules@UModSys@@@tl@UModSys@@2USUniquePointer@core@3@A@@YAXXZ 00000001800242b0 f    CIL library: CIL module
 0001:000232c0       ??__F?s_id@?$TObjectUniqueID@URTerminalX@SDL_core@ui@modules@UModSys@@@tl@UModSys@@2USUniquePointer@core@3@A@@YAXXZ 00000001800242c0 f    CIL library: CIL module
 0001:000232d0       ??__F?s_id@?$TObjectUniqueID@URRenderDriver2D@SDL_core@ui@modules@UModSys@@@tl@UModSys@@2USUniquePointer@core@3@A@@YAXXZ 00000001800242d0 f    CIL library: CIL module
 0001:000232e0       ??__F?s_id@?$TObjectUniqueID@URMultiImage2D_SDL_ttf@SDL_core@ui@modules@UModSys@@@tl@UModSys@@2USUniquePointer@core@3@A@@YAXXZ 00000001800242e0 f    CIL library: CIL module
 0001:000232f0       ??__F?s_id@?$TObjectUniqueID@URTerminal@SDL_core@ui@modules@UModSys@@@tl@UModSys@@2USUniquePointer@core@3@A@@YAXXZ 00000001800242f0 f    CIL library: CIL module
 0001:00023300       ??__F?s_id@?$TObjectUniqueID@URMouseController@SDL_core@ui@modules@UModSys@@@tl@UModSys@@2USUniquePointer@core@3@A@@YAXXZ 0000000180024300 f    CIL library: CIL module
 0001:00023310       ??__F?s_id@?$TObjectUniqueID@URKeyboardController@SDL_core@ui@modules@UModSys@@@tl@UModSys@@2USUniquePointer@core@3@A@@YAXXZ 0000000180024310 f    CIL library: CIL module
 0001:00023320       ??__Fs_dbg@frames@ui@modules@UModSys@@YAXXZ 0000000180024320 f    CIL library: CIL module
 0001:00023330       ??__F?s_modreg@RModuleReg@frames@ui@modules@UModSys@@2U12345@A@@YAXXZ 0000000180024330 f    CIL library: CIL module
 0001:00023350       ??__F?s_modreg_chain@RModuleReg@frames@ui@modules@UModSys@@2USModuleRegChain@base@5@A@@YAXXZ 0000000180024350 f    CIL library: CIL module
 0001:00023360       ??__F?s_uid@RGenerator@frames@ui@modules@UModSys@@2USUniquePointer@core@5@A@@YAXXZ 0000000180024360 f    CIL library: CIL module
 0001:00023370       ??__Fh@?1??s_holder@RGenerator@frames@ui@modules@UModSys@@SAAEAU?$TTypeStaticHolder@URGenerator@frames@ui@modules@UModSys@@@tl@5@XZ@YAXXZ 0000000180024370 f    CIL library: CIL module
 0001:000233a0       ??__F?s_id@?$TObjectUniqueID@URGenerator@frames@ui@modules@UModSys@@@tl@UModSys@@2USUniquePointer@core@3@A@@YAXXZ 00000001800243a0 f    CIL library: CIL module
 0001:000233b0       ??__F?s_id@?$TObjectUniqueID@URCollector@frames@ui@modules@UModSys@@@tl@UModSys@@2USUniquePointer@core@3@A@@YAXXZ 00000001800243b0 f    CIL library: CIL module
 0001:000233c0       ??__F?s_id@?$TObjectUniqueID@URFrame_List@frames@ui@modules@UModSys@@@tl@UModSys@@2USUniquePointer@core@3@A@@YAXXZ 00000001800243c0 f    CIL library: CIL module
 0001:000233d0       ??__F?s_id@?$TObjectUniqueID@URFrame_Edit@frames@ui@modules@UModSys@@@tl@UModSys@@2USUniquePointer@core@3@A@@YAXXZ 00000001800243d0 f    CIL library: CIL module
 0001:000233e0       ??__F?s_id@?$TObjectUniqueID@URFrame_Button@frames@ui@modules@UModSys@@@tl@UModSys@@2USUniquePointer@core@3@A@@YAXXZ 00000001800243e0 f    CIL library: CIL module
 0001:000233f0       ??__F?s_id@?$TObjectUniqueID@URFrame_Text@frames@ui@modules@UModSys@@@tl@UModSys@@2USUniquePointer@core@3@A@@YAXXZ 00000001800243f0 f    CIL library: CIL module
 0001:00023400       ??__F?s_id@?$TObjectUniqueID@URFrame_Image@frames@ui@modules@UModSys@@@tl@UModSys@@2USUniquePointer@core@3@A@@YAXXZ 0000000180024400 f    CIL library: CIL module
 0001:00023410       ??__F?s_id@?$TObjectUniqueID@URFrame_Frame@frames@ui@modules@UModSys@@@tl@UModSys@@2USUniquePointer@core@3@A@@YAXXZ 0000000180024410 f    CIL library: CIL module
 0001:00023420       ??__F?s_id@?$TObjectUniqueID@URDialog@frames@ui@modules@UModSys@@@tl@UModSys@@2USUniquePointer@core@3@A@@YAXXZ 0000000180024420 f    CIL library: CIL module
 0001:00023430       ??__F?s_id@?$TObjectUniqueID@URFrame_Common@frames@ui@modules@UModSys@@@tl@UModSys@@2USUniquePointer@core@3@A@@YAXXZ 0000000180024430 f    CIL library: CIL module
 0001:00023440       ??__Fs_dbg@images_std@media@modules@UModSys@@YAXXZ 0000000180024440 f    CIL library: CIL module
 0001:00023450       ??__F?s_modreg@RModuleReg@images_std@media@modules@UModSys@@2U12345@A@@YAXXZ 0000000180024450 f    CIL library: CIL module
 0001:00023470       ??__F?s_modreg_chain@RModuleReg@images_std@media@modules@UModSys@@2USModuleRegChain@base@5@A@@YAXXZ 0000000180024470 f    CIL library: CIL module
 0001:00023480       ??__F?s_uid@RGenerator@images_std@media@modules@UModSys@@2USUniquePointer@core@5@A@@YAXXZ 0000000180024480 f    CIL library: CIL module
 0001:00023490       ??__Fh@?1??s_holder@RGenerator@images_std@media@modules@UModSys@@SAAEAU?$TTypeStaticHolder@URGenerator@images_std@media@modules@UModSys@@@tl@5@XZ@YAXXZ 0000000180024490 f    CIL library: CIL module
 0001:000234c0       ??__F?s_id@?$TObjectUniqueID@URGenerator@images_std@media@modules@UModSys@@@tl@UModSys@@2USUniquePointer@core@3@A@@YAXXZ 00000001800244c0 f    CIL library: CIL module
 0001:000234d0       ??__F?s_id@?$TObjectUniqueID@URMediaFilter@images_std@media@modules@UModSys@@@tl@UModSys@@2USUniquePointer@core@3@A@@YAXXZ 00000001800244d0 f    CIL library: CIL module
 0001:000234e0       ??__Fs_dbg@serialize_json@media@modules@UModSys@@YAXXZ 00000001800244e0 f    CIL library: CIL module
 0001:000234f0       ??__F?s_modreg@RModuleReg@serialize_json@media@modules@UModSys@@2U12345@A@@YAXXZ 00000001800244f0 f    CIL library: CIL module
 0001:00023510       ??__F?s_modreg_chain@RModuleReg@serialize_json@media@modules@UModSys@@2USModuleRegChain@base@5@A@@YAXXZ 0000000180024510 f    CIL library: CIL module
 0001:00023520       ??__F?s_uid@RGenerator@serialize_json@media@modules@UModSys@@2USUniquePointer@core@5@A@@YAXXZ 0000000180024520 f    CIL library: CIL module
 0001:00023530       ??__Fh@?1??s_holder@RGenerator@serialize_json@media@modules@UModSys@@SAAEAU?$TTypeStaticHolder@URGenerator@serialize_json@media@modules@UModSys@@@tl@5@XZ@YAXXZ 0000000180024530 f    CIL library: CIL module
 0001:00023560       ??__F?s_id@?$TObjectUniqueID@URGenerator@serialize_json@media@modules@UModSys@@@tl@UModSys@@2USUniquePointer@core@3@A@@YAXXZ 0000000180024560 f    CIL library: CIL module
 0001:00023570       ??__F?s_id@?$TObjectUniqueID@URSerializeWriter@serialize_json@media@modules@UModSys@@@tl@UModSys@@2USUniquePointer@core@3@A@@YAXXZ 0000000180024570 f    CIL library: CIL module
 0001:00023580       ??__F?s_id@?$TObjectUniqueID@URSerializeReader@serialize_json@media@modules@UModSys@@@tl@UModSys@@2USUniquePointer@core@3@A@@YAXXZ 0000000180024580 f    CIL library: CIL module
 0001:00023590       ??__Fs_dbg@zlib@media@modules@UModSys@@YAXXZ 0000000180024590 f    CIL library: CIL module
 0001:000235a0       ??__F?s_modreg@RModuleReg@zlib@media@modules@UModSys@@2U12345@A@@YAXXZ 00000001800245a0 f    CIL library: CIL module
 0001:000235c0       ??__F?s_modreg_chain@RModuleReg@zlib@media@modules@UModSys@@2USModuleRegChain@base@5@A@@YAXXZ 00000001800245c0 f    CIL library: CIL module
 0001:000235d0       ??__F?s_uid@RGenerator@zlib@media@modules@UModSys@@2USUniquePointer@core@5@A@@YAXXZ 00000001800245d0 f    CIL library: CIL module
 0001:000235e0       ??__Fh@?1??s_holder@RGenerator@zlib@media@modules@UModSys@@SAAEAU?$TTypeStaticHolder@URGenerator@zlib@media@modules@UModSys@@@tl@5@XZ@YAXXZ 00000001800245e0 f    CIL library: CIL module
 0001:00023610       ??__F?s_id@?$TObjectUniqueID@URGenerator@zlib@media@modules@UModSys@@@tl@UModSys@@2USUniquePointer@core@3@A@@YAXXZ 0000000180024610 f    CIL library: CIL module
 0001:00023620       ??__F?s_id@?$TObjectUniqueID@URBinArchiveFrameClient_ZIP@zlib@media@modules@UModSys@@@tl@UModSys@@2USUniquePointer@core@3@A@@YAXXZ 0000000180024620 f    CIL library: CIL module
 0001:00023630       ??__FM@UModSys@@YAXXZ      0000000180024630 f    CIL library: CIL module
 0001:00023640       ??__F?root@SModuleRegChain@base@UModSys@@2U123@A@@YAXXZ 0000000180024640 f    CIL library: CIL module
 0001:00023650       ??__F?s_library@RModuleLibraryReg_Chain@base@UModSys@@2U123@A@@YAXXZ 0000000180024650 f    CIL library: CIL module
 0001:00023660       ??__F?root@SUniquePointer@core@UModSys@@2U123@A@@YAXXZ 0000000180024660 f    CIL library: CIL module

 Exports

  ordinal    name

        1    UModSys_Plugin_Entry2
