 plugin_test1

 Timestamp is 52bc3973 (Thu Dec 26 17:13:07 2013)

 Preferred load address is 0000000180000000

 Start         Length     Name                   Class
 0001:00000000 0001ee10H .text                   CODE
 0001:0001ee10 0000005eH .text$00                CODE
 0001:0001ee70 00001eacH .text$x                 CODE
 0001:00020d20 000019c2H .text$yc                CODE
 0001:000226f0 0000082cH .text$yd                CODE
 0002:00000000 00000390H .idata$5                DATA
 0002:00000390 00000008H .CRT$XCA                DATA
 0002:00000398 00001220H .CRT$XCU                DATA
 0002:000015b8 00000008H .CRT$XCZ                DATA
 0002:000015c0 00000008H .CRT$XIA                DATA
 0002:000015c8 00000008H .CRT$XIAA               DATA
 0002:000015d0 00000008H .CRT$XIZ                DATA
 0002:000015e0 00004d08H .rdata                  DATA
 0002:000062f0 00002aa4H .rdata$r                DATA
 0002:00008d98 00000008H .rtc$IAA                DATA
 0002:00008da0 00000008H .rtc$IZZ                DATA
 0002:00008da8 00000008H .rtc$TAA                DATA
 0002:00008db0 00000008H .rtc$TZZ                DATA
 0002:00008db8 00004348H .xdata                  DATA
 0002:0000d100 00000078H .idata$2                DATA
 0002:0000d178 00000014H .idata$3                DATA
 0002:0000d190 00000390H .idata$4                DATA
 0002:0000d520 000007feH .idata$6                DATA
 0002:0000dd20 00000059H .edata                  DATA
 0003:00000000 00001440H .data                   DATA
 0003:00001440 00001df8H .bss                    DATA
 0004:00000000 00002c10H .pdata                  DATA

  Address         Publics by Value              Rva+Base               Lib:Object

 0000:00000000       ___safe_se_handler_table   0000000000000000     <absolute>
 0000:00000000       ___safe_se_handler_count   0000000000000000     <absolute>
 0000:00000000       __ImageBase                0000000180000000     <linker-defined>
 0001:00000000       ??1State@RImage_Memory@stdlib@lib2d@modules@UModSys@@QEAA@XZ 0000000180001000 f i umodsys_lib_lib2d:umodsys.mod.2d.stdlib.obj
 0001:00000000       ??1SCMemShared@core@UModSys@@QEAA@XZ 0000000180001000 f i plugin_test1.obj
 0001:00000000       ??1SMemShared@core@UModSys@@QEAA@XZ 0000000180001000 f i plugin_test1.obj
 0001:00000030       ??3IRoot@core@UModSys@@SAXPEAXAEBUSIMemAlloc@12@@Z 0000000180001030 f i plugin_test1.obj
 0001:00000040       ??0SFileInfo@libmedia@UModSys@@QEAA@XZ 0000000180001040 f i plugin_test1.obj
 0001:00000110       ??0SFileInfo@libmedia@UModSys@@QEAA@AEBU012@@Z 0000000180001110 f i plugin_test1.obj
 0001:00000210       ??4SFileInfo@libmedia@UModSys@@QEAAAEBU012@AEBU012@@Z 0000000180001210 f i plugin_test1.obj
 0001:000002d0       ??1?$TString@U?$TSCoreShared@USIMemAlloc@core@UModSys@@D@su@tl@UModSys@@U?$TComparerBinaryHash@D@234@@tl@UModSys@@QEAA@XZ 00000001800012d0 f i plugin_test1.obj
 0001:000002d0       ??1?$TStringBuf@U?$TSCoreShared@USIMemAlloc@core@UModSys@@D@su@tl@UModSys@@U?$TComparerBinaryHash@D@234@@tl@UModSys@@QEAA@XZ 00000001800012d0 f i umodsys_lib_libui:umodsys.mod.ui.frames.obj
 0001:000002e0       ?mount_add@ILibraryBinTree@libmedia@UModSys@@QEAA_NAEBU?$TString@U?$TSCoreConst@D@su@tl@UModSys@@U?$TComparerBinaryHash@D@234@@tl@3@PEAUIBinArchive@23@H@Z 00000001800012e0 f i plugin_test1.obj
 0001:00000380       ?mount_add@ILibraryBinTree@libmedia@UModSys@@QEAA_NAEBU?$TString@U?$TSCoreConst@D@su@tl@UModSys@@U?$TComparerBinaryHash@D@234@@tl@3@HPEAUIBinArchive@23@H@Z 0000000180001380 f i plugin_test1.obj
 0001:00000430       ?layer_push@ILibraryLayered@libmedia@UModSys@@QEAA_NPEAUILibrary@23@HAEBU?$TString@U?$TSCoreConst@D@su@tl@UModSys@@U?$TComparerBinaryHash@D@234@@tl@3@@Z 0000000180001430 f i plugin_test1.obj
 0001:000004d0       ??1SLayer@ILibraryLayered@libmedia@UModSys@@QEAA@XZ 00000001800014d0 f i plugin_test1.obj
 0001:000004d0       ??1SPoint@ILibraryBinTree@libmedia@UModSys@@QEAA@XZ 00000001800014d0 f i plugin_test1.obj
 0001:00000500       ??_GIRoot@core@UModSys@@UEAAPEAXI@Z 0000000180001500 f i plugin_test1.obj
 0001:00000500       ??_EIRoot@core@UModSys@@UEAAPEAXI@Z 0000000180001500 f i  CIL library: CIL module
 0001:00000530       ??1IBinObjFilter@libmedia@UModSys@@UEAA@XZ 0000000180001530 f i plugin_test1.obj
 0001:00000570       ?root_get_interface_info@RTest1_Shell@test1@test@modules@UModSys@@UEBAAEBUSUniquePointerInfo@core@5@XZ 0000000180001570 f i plugin_test1.obj
 0001:00000580       ?root_get_interface_type@RTest1_Shell@test1@test@modules@UModSys@@UEBAPEBUSUniquePointerInfo@core@5@XZ 0000000180001580 f i plugin_test1.obj
 0001:00000590       ?root_get_other_interface@RTest1_Shell@test1@test@modules@UModSys@@UEBAPEBUIRoot@core@5@PEBUSUniquePointerInfo@75@@Z 0000000180001590 f i plugin_test1.obj
 0001:00000590       ?root_get_other_interface@RTest1_Shell@test1@test@modules@UModSys@@UEAAPEAUIRoot@core@5@PEBUSUniquePointerInfo@75@@Z 0000000180001590 f i plugin_test1.obj
 0001:000005c0       ?root_is_interface_supported@RTest1_Shell@test1@test@modules@UModSys@@UEBA_NPEBUSUniquePointerInfo@core@5@@Z 00000001800015c0 f i plugin_test1.obj
 0001:000005f0       ?ref_add@RTest1_Shell@test1@test@modules@UModSys@@UEBAXXZ 00000001800015f0 f i plugin_test1.obj
 0001:00000600       ?ref_remove@RTest1_Shell@test1@test@modules@UModSys@@UEBAXXZ 0000000180001600 f i plugin_test1.obj
 0001:00000620       ?ref_links@RTest1_Shell@test1@test@modules@UModSys@@UEBAHXZ 0000000180001620 f i plugin_test1.obj
 0001:00000630       ?ref_weak@RTest1_Shell@test1@test@modules@UModSys@@UEBA_NAEAUWeakPointer@IRefObject@core@5@@Z 0000000180001630 f i plugin_test1.obj
 0001:00000650       ?suicide@RTest1_Shell@test1@test@modules@UModSys@@UEAAXXZ 0000000180001650 f i plugin_test1.obj
 0001:000006a0       ??0RTest1_Shell@test1@test@modules@UModSys@@QEAA@PEAUIModObject@base@4@@Z 00000001800016a0 f i plugin_test1.obj
 0001:000007e0       ??1RTest1_Shell@test1@test@modules@UModSys@@UEAA@XZ 00000001800017e0 f i plugin_test1.obj
 0001:00000890       ?connect@RTest1_Shell@test1@test@modules@UModSys@@UEAA_NXZ 0000000180001890 f i plugin_test1.obj
 0001:000008c0       ?disconnect@RTest1_Shell@test1@test@modules@UModSys@@UEAA_NXZ 00000001800018c0 f i plugin_test1.obj
 0001:000008f0       ?process_tick@RTest1_Shell@test1@test@modules@UModSys@@UEAA_NAEBUSTimeMsec@core@5@@Z 00000001800018f0 f i plugin_test1.obj
 0001:00000930       ?process_command@RTest1_Shell@test1@test@modules@UModSys@@UEAA_NHQEBU?$TString@U?$TSCoreConst@D@su@tl@UModSys@@U?$TComparerBinaryHash@D@234@@tl@5@@Z 0000000180001930 f i plugin_test1.obj
 0001:00000960       ??_ERTest1_Shell@test1@test@modules@UModSys@@UEAAPEAXI@Z 0000000180001960 f i  CIL library: CIL module
 0001:00000960       ??_GRTest1_Shell@test1@test@modules@UModSys@@UEAAPEAXI@Z 0000000180001960 f i plugin_test1.obj
 0001:00000990       ?get_generated_names@RGenerator@test1@test@modules@UModSys@@UEBAHAEAUSUniquePtrList@core@5@@Z 0000000180001990 f i plugin_test1.obj
 0001:000009b0       ?get_generated_types@RGenerator@test1@test@modules@UModSys@@UEBAHAEAUSUniquePtrList@core@5@PEBUSUniquePointerInfo@75@@Z 00000001800019b0 f i plugin_test1.obj
 0001:00000a10       ?generate@RGenerator@test1@test@modules@UModSys@@UEAA_NAEAU?$TRefObject@UIRefObject@core@UModSys@@U?$TRefObjectFunc@UIRefObject@core@UModSys@@@tl@3@@tl@5@PEBUSUniquePointerInfo@core@5@AEBUSParameters@95@@Z 0000000180001a10 f i plugin_test1.obj
 0001:00000ab0       ?root_get_interface_info@RGenerator@test1@test@modules@UModSys@@UEBAAEBUSUniquePointerInfo@core@5@XZ 0000000180001ab0 f i plugin_test1.obj
 0001:00000ac0       ?root_get_interface_type@RGenerator@test1@test@modules@UModSys@@UEBAPEBUSUniquePointerInfo@core@5@XZ 0000000180001ac0 f i plugin_test1.obj
 0001:00000ad0       ?root_get_other_interface@RGenerator@test1@test@modules@UModSys@@UEBAPEBUIRoot@core@5@PEBUSUniquePointerInfo@75@@Z 0000000180001ad0 f i plugin_test1.obj
 0001:00000ad0       ?root_get_other_interface@RGenerator@test1@test@modules@UModSys@@UEAAPEAUIRoot@core@5@PEBUSUniquePointerInfo@75@@Z 0000000180001ad0 f i plugin_test1.obj
 0001:00000b10       ?root_is_interface_supported@RGenerator@test1@test@modules@UModSys@@UEBA_NPEBUSUniquePointerInfo@core@5@@Z 0000000180001b10 f i plugin_test1.obj
 0001:00000b50       ?get_uid@RGenerator@test1@test@modules@UModSys@@UEBAPEBUSUniquePointerInfo@core@5@XZ 0000000180001b50 f i plugin_test1.obj
 0001:00000b60       ?do_open@RModuleReg@test1@test@modules@UModSys@@UEAA_NXZ 0000000180001b60 f i plugin_test1.obj
 0001:00000b90       ?do_close@RModuleReg@test1@test@modules@UModSys@@UEAA_NXZ 0000000180001b90 f i plugin_test1.obj
 0001:00000bc0       ??_ERModuleReg@test1@test@modules@UModSys@@UEAAPEAXI@Z 0000000180001bc0 f i  CIL library: CIL module
 0001:00000bc0       ??_GRModuleReg@test1@test@modules@UModSys@@UEAAPEAXI@Z 0000000180001bc0 f i plugin_test1.obj
 0001:00000bf0       ??4?$TString@U?$TSCoreShared@USIMemAlloc@core@UModSys@@D@su@tl@UModSys@@U?$TComparerBinaryHash@D@234@@tl@UModSys@@QEAAAEBU012@AEBU012@@Z 0000000180001bf0 f i plugin_test1.obj
 0001:00000c40       ??1?$TRefObject@URCollector@frames@ui@modules@UModSys@@U?$TRefObjectFunc@URCollector@frames@ui@modules@UModSys@@@tl@5@@tl@UModSys@@QEAA@XZ 0000000180001c40 f i umodsys_lib_libui:umodsys.mod.ui.frames.obj
 0001:00000c40       ??1?$TRefObject@URSerializeReader@serialize_json@media@modules@UModSys@@U?$TRefObjectFunc@URSerializeReader@serialize_json@media@modules@UModSys@@@tl@5@@tl@UModSys@@QEAA@XZ 0000000180001c40 f i umodsys_lib_libmedia:umodsys.mod.media.serialize_json.obj
 0001:00000c40       ??1?$TRefObject@URMediaFilter@images_std@media@modules@UModSys@@U?$TRefObjectFunc@URMediaFilter@images_std@media@modules@UModSys@@@tl@5@@tl@UModSys@@QEAA@XZ 0000000180001c40 f i umodsys_lib_libmedia:umodsys.mod.media.images_std.obj
 0001:00000c40       ??1?$TRefObject@UIRenderDriver@lib2d@UModSys@@U?$TRefObjectFunc@UIRenderDriver@lib2d@UModSys@@@tl@3@@tl@UModSys@@QEAA@XZ 0000000180001c40 f i plugin_test1.obj
 0001:00000c40       ??1?$TRefObject@URBinArchiveFrameClient_ZIP@zlib@media@modules@UModSys@@U?$TRefObjectFunc@URBinArchiveFrameClient_ZIP@zlib@media@modules@UModSys@@@tl@5@@tl@UModSys@@QEAA@XZ 0000000180001c40 f i umodsys_lib_libmedia:umodsys.mod.media.zlib.obj
 0001:00000c40       ??1?$TRefObject@UILibraryObjFilter@libmedia@UModSys@@U?$TRefObjectFunc@UILibraryObjFilter@libmedia@UModSys@@@tl@3@@tl@UModSys@@QEAA@XZ 0000000180001c40 f i plugin_test1.obj
 0001:00000c40       ??1?$TRefObject@URTerminal@SDL_core@ui@modules@UModSys@@U?$TRefObjectFunc@URTerminal@SDL_core@ui@modules@UModSys@@@tl@5@@tl@UModSys@@QEAA@XZ 0000000180001c40 f i umodsys_lib_libui:umodsys.mod.ui.SDL_core.obj
 0001:00000c40       ??1?$TRefObject@UILibraryObjCache@libmedia@UModSys@@U?$TRefObjectFunc@UILibraryObjCache@libmedia@UModSys@@@tl@3@@tl@UModSys@@QEAA@XZ 0000000180001c40 f i plugin_test1.obj
 0001:00000c40       ??1?$TRefObject@UIBinArchive@libmedia@UModSys@@U?$TRefObjectFunc@UIBinArchive@libmedia@UModSys@@@tl@3@@tl@UModSys@@QEAA@XZ 0000000180001c40 f i plugin_test1.obj
 0001:00000c40       ??1?$TRefObject@UIMultiImage@lib2d@UModSys@@U?$TRefObjectFunc@UIMultiImage@lib2d@UModSys@@@tl@3@@tl@UModSys@@QEAA@XZ 0000000180001c40 f i plugin_test1.obj
 0001:00000c40       ??1?$TRefObject@URImageFactory_Memory@stdlib@lib2d@modules@UModSys@@U?$TRefObjectFunc@URImageFactory_Memory@stdlib@lib2d@modules@UModSys@@@tl@5@@tl@UModSys@@QEAA@XZ 0000000180001c40 f i umodsys_lib_lib2d:umodsys.mod.2d.stdlib.obj
 0001:00000c40       ??1?$TRefObject@UILibrary@libmedia@UModSys@@U?$TRefObjectFunc@UILibrary@libmedia@UModSys@@@tl@3@@tl@UModSys@@QEAA@XZ 0000000180001c40 f i plugin_test1.obj
 0001:00000c40       ??1?$TRefObject@UIClient@IBinArchiveFrame@libmedia@UModSys@@U?$TRefObjectFunc@UIClient@IBinArchiveFrame@libmedia@UModSys@@@tl@4@@tl@UModSys@@QEAA@XZ 0000000180001c40 f i plugin_test1.obj
 0001:00000c40       ??1?$TRefObject@UIUtilities@libmedia@UModSys@@U?$TRefObjectFunc@UIUtilities@libmedia@UModSys@@@tl@3@@tl@UModSys@@QEAA@XZ 0000000180001c40 f i plugin_test1.obj
 0001:00000c40       ??1?$TRefObject@URMultiImage@stdlib@lib2d@modules@UModSys@@U?$TRefObjectFunc@URMultiImage@stdlib@lib2d@modules@UModSys@@@tl@5@@tl@UModSys@@QEAA@XZ 0000000180001c40 f i umodsys_lib_lib2d:umodsys.mod.2d.stdlib.obj
 0001:00000c40       ??1?$TRefObject@URKeyboardController@SDL_core@ui@modules@UModSys@@U?$TRefObjectFunc@URKeyboardController@SDL_core@ui@modules@UModSys@@@tl@5@@tl@UModSys@@QEAA@XZ 0000000180001c40 f i umodsys_lib_libui:umodsys.mod.ui.SDL_core.obj
 0001:00000c40       ??1?$TRefObject@UIImage@lib2d@UModSys@@U?$TRefObjectFunc@UIImage@lib2d@UModSys@@@tl@3@@tl@UModSys@@QEAA@XZ 0000000180001c40 f i plugin_test1.obj
 0001:00000c40       ??1?$TRefObject@UIStreamReader@libmedia@UModSys@@U?$TRefObjectFunc@UIStreamReader@libmedia@UModSys@@@tl@3@@tl@UModSys@@QEAA@XZ 0000000180001c40 f i plugin_test1.obj
 0001:00000c40       ??1?$TRefObject@UIImageFactory@lib2d@UModSys@@U?$TRefObjectFunc@UIImageFactory@lib2d@UModSys@@@tl@3@@tl@UModSys@@QEAA@XZ 0000000180001c40 f i plugin_test1.obj
 0001:00000c40       ??1?$TRefObject@UILibraryBinTree@libmedia@UModSys@@U?$TRefObjectFunc@UILibraryBinTree@libmedia@UModSys@@@tl@3@@tl@UModSys@@QEAA@XZ 0000000180001c40 f i plugin_test1.obj
 0001:00000c40       ??1?$TRefObject@UIBinObjFilter@libmedia@UModSys@@U?$TRefObjectFunc@UIBinObjFilter@libmedia@UModSys@@@tl@3@@tl@UModSys@@QEAA@XZ 0000000180001c40 f i plugin_test1.obj
 0001:00000c40       ??1?$TRefObject@UITerminal@libui@UModSys@@U?$TRefObjectFunc@UITerminal@libui@UModSys@@@tl@3@@tl@UModSys@@QEAA@XZ 0000000180001c40 f i plugin_test1.obj
 0001:00000c40       ??1?$TRefObject@UIBinArchiveFrame@libmedia@UModSys@@U?$TRefObjectFunc@UIBinArchiveFrame@libmedia@UModSys@@@tl@3@@tl@UModSys@@QEAA@XZ 0000000180001c40 f i plugin_test1.obj
 0001:00000c40       ??1?$TRefObject@URSerializeWriter@serialize_json@media@modules@UModSys@@U?$TRefObjectFunc@URSerializeWriter@serialize_json@media@modules@UModSys@@@tl@5@@tl@UModSys@@QEAA@XZ 0000000180001c40 f i umodsys_lib_libmedia:umodsys.mod.media.serialize_json.obj
 0001:00000c40       ??1?$TRefObject@URFrame_Common@frames@ui@modules@UModSys@@U?$TRefObjectFunc@URFrame_Common@frames@ui@modules@UModSys@@@tl@5@@tl@UModSys@@QEAA@XZ 0000000180001c40 f i umodsys_lib_libui:umodsys.mod.ui.frames.obj
 0001:00000c40       ??1?$TRefObject@UIStreamWriter@libmedia@UModSys@@U?$TRefObjectFunc@UIStreamWriter@libmedia@UModSys@@@tl@3@@tl@UModSys@@QEAA@XZ 0000000180001c40 f i plugin_test1.obj
 0001:00000c40       ??1?$TRefObject@UIMouseController@libui@UModSys@@U?$TRefObjectFunc@UIMouseController@libui@UModSys@@@tl@3@@tl@UModSys@@QEAA@XZ 0000000180001c40 f i plugin_test1.obj
 0001:00000c40       ??1?$TRefObject@URMultiImage2D_SDL_ttf@SDL_core@ui@modules@UModSys@@U?$TRefObjectFunc@URMultiImage2D_SDL_ttf@SDL_core@ui@modules@UModSys@@@tl@5@@tl@UModSys@@QEAA@XZ 0000000180001c40 f i umodsys_lib_libui:umodsys.mod.ui.SDL_core.obj
 0001:00000c40       ??1?$TRefObject@URImage_Memory@stdlib@lib2d@modules@UModSys@@U?$TRefObjectFunc@URImage_Memory@stdlib@lib2d@modules@UModSys@@@tl@5@@tl@UModSys@@QEAA@XZ 0000000180001c40 f i umodsys_lib_lib2d:umodsys.mod.2d.stdlib.obj
 0001:00000c40       ??1?$TRefObject@UILibraryLayered@libmedia@UModSys@@U?$TRefObjectFunc@UILibraryLayered@libmedia@UModSys@@@tl@3@@tl@UModSys@@QEAA@XZ 0000000180001c40 f i plugin_test1.obj
 0001:00000c40       ??1?$TRefObject@UIKeyboardController@libui@UModSys@@U?$TRefObjectFunc@UIKeyboardController@libui@UModSys@@@tl@3@@tl@UModSys@@QEAA@XZ 0000000180001c40 f i plugin_test1.obj
 0001:00000c40       ??1?$TRefObject@UIFrame@libui@UModSys@@U?$TRefObjectFunc@UIFrame@libui@UModSys@@@tl@3@@tl@UModSys@@QEAA@XZ 0000000180001c40 f i umodsys_lib_libui:umodsys.mod.ui.frames.obj
 0001:00000c40       ??1?$TRefObject@URRenderDriver2D@SDL_core@ui@modules@UModSys@@U?$TRefObjectFunc@URRenderDriver2D@SDL_core@ui@modules@UModSys@@@tl@5@@tl@UModSys@@QEAA@XZ 0000000180001c40 f i umodsys_lib_libui:umodsys.mod.ui.SDL_core.obj
 0001:00000c40       ??1?$TRefObject@URDialog@frames@ui@modules@UModSys@@U?$TRefObjectFunc@URDialog@frames@ui@modules@UModSys@@@tl@5@@tl@UModSys@@QEAA@XZ 0000000180001c40 f i umodsys_lib_libui:umodsys.mod.ui.frames.obj
 0001:00000c40       ??1?$TRefObject@URMouseController@SDL_core@ui@modules@UModSys@@U?$TRefObjectFunc@URMouseController@SDL_core@ui@modules@UModSys@@@tl@5@@tl@UModSys@@QEAA@XZ 0000000180001c40 f i umodsys_lib_libui:umodsys.mod.ui.SDL_core.obj
 0001:00000c40       ??1?$TRefObject@UILibraryBinCache@libmedia@UModSys@@U?$TRefObjectFunc@UILibraryBinCache@libmedia@UModSys@@@tl@3@@tl@UModSys@@QEAA@XZ 0000000180001c40 f i plugin_test1.obj
 0001:00000c40       ??1?$TRefObject@UIRefObject@core@UModSys@@U?$TRefObjectFunc@UIRefObject@core@UModSys@@@tl@3@@tl@UModSys@@QEAA@XZ 0000000180001c40 f i plugin_test1.obj
 0001:00000c70       ??1?$TDynarrayDynamic@USFileInfo@libmedia@UModSys@@U?$TAllocator@USIMemAlloc@core@UModSys@@USCountCalcPower2@23@@tl@3@@tl@UModSys@@QEAA@XZ 0000000180001c70 f i plugin_test1.obj
 0001:00000c80       ??1?$TRStackSocket@USFileInfo@libmedia@UModSys@@U?$TDynarrayDynamic@USFileInfo@libmedia@UModSys@@U?$TAllocator@USIMemAlloc@core@UModSys@@USCountCalcPower2@23@@tl@3@@tl@3@@tl@UModSys@@QEAA@XZ 0000000180001c80 f i plugin_test1.obj
 0001:00000c90       ?isempty@?$TRStackSocket@USFileInfo@libmedia@UModSys@@U?$TDynarrayDynamic@USFileInfo@libmedia@UModSys@@U?$TAllocator@USIMemAlloc@core@UModSys@@USCountCalcPower2@23@@tl@3@@tl@3@@tl@UModSys@@UEBA_NXZ 0000000180001c90 f i plugin_test1.obj
 0001:00000ca0       ?push@?$TRStackSocket@USFileInfo@libmedia@UModSys@@U?$TDynarrayDynamic@USFileInfo@libmedia@UModSys@@U?$TAllocator@USIMemAlloc@core@UModSys@@USCountCalcPower2@23@@tl@3@@tl@3@@tl@UModSys@@UEAA_NAEBUSFileInfo@libmedia@3@@Z 0000000180001ca0 f i plugin_test1.obj
 0001:00000d00       ?pop@?$TRStackSocket@USFileInfo@libmedia@UModSys@@U?$TDynarrayDynamic@USFileInfo@libmedia@UModSys@@U?$TAllocator@USIMemAlloc@core@UModSys@@USCountCalcPower2@23@@tl@3@@tl@3@@tl@UModSys@@UEAA_NAEAUSFileInfo@libmedia@3@@Z 0000000180001d00 f i plugin_test1.obj
 0001:00000d70       ??1?$TDynarray@U?$TDynarrayHolderDynamic@USFileInfo@libmedia@UModSys@@U?$TAllocator@USIMemAlloc@core@UModSys@@USCountCalcPower2@23@@tl@3@@tl@UModSys@@@tl@UModSys@@QEAA@XZ 0000000180001d70 f i plugin_test1.obj
 0001:00000de0       ?info_release@?$TSCoreShared@USIMemAlloc@core@UModSys@@D@su@tl@UModSys@@QEAAXXZ 0000000180001de0 f i plugin_test1.obj
 0001:00000e80       ?info_new@?$TSCoreShared@USIMemAlloc@core@UModSys@@D@su@tl@UModSys@@QEAA_NPEBD_K@Z 0000000180001e80 f i plugin_test1.obj
 0001:00000f70       ?get_null@?$TSCoreShared@USIMemAlloc@core@UModSys@@D@su@tl@UModSys@@SAPEAU?$TSharedStringInfo@DUSIMemAlloc@core@UModSys@@@234@XZ 0000000180001f70 f i plugin_test1.obj
 0001:00000fc0       ??$generate_type@UIImageFactory@lib2d@UModSys@@@RTest1_Shell@test1@test@modules@UModSys@@QEAA?AU?$TRefObject@UIImageFactory@lib2d@UModSys@@U?$TRefObjectFunc@UIImageFactory@lib2d@UModSys@@@tl@3@@tl@4@AEBU?$TString@U?$TSCoreConst@D@su@tl@UModSys@@U?$TComparerBinaryHash@D@234@@64@AEBUSParameters@core@4@PEBD@Z 0000000180001fc0 f i plugin_test1.obj
 0001:000011b0       ??$generate_type@UIMultiImage@lib2d@UModSys@@@RTest1_Shell@test1@test@modules@UModSys@@QEAA?AU?$TRefObject@UIMultiImage@lib2d@UModSys@@U?$TRefObjectFunc@UIMultiImage@lib2d@UModSys@@@tl@3@@tl@4@AEBU?$TString@U?$TSCoreConst@D@su@tl@UModSys@@U?$TComparerBinaryHash@D@234@@64@AEBUSParameters@core@4@PEBD@Z 00000001800021b0 f i plugin_test1.obj
 0001:000013a0       ??$generate_type@UIBinArchive@libmedia@UModSys@@@RTest1_Shell@test1@test@modules@UModSys@@QEAA?AU?$TRefObject@UIBinArchive@libmedia@UModSys@@U?$TRefObjectFunc@UIBinArchive@libmedia@UModSys@@@tl@3@@tl@4@AEBU?$TString@U?$TSCoreConst@D@su@tl@UModSys@@U?$TComparerBinaryHash@D@234@@64@AEBUSParameters@core@4@PEBD@Z 00000001800023a0 f i plugin_test1.obj
 0001:00001540       ??$generate_type@UIClient@IBinArchiveFrame@libmedia@UModSys@@@RTest1_Shell@test1@test@modules@UModSys@@QEAA?AU?$TRefObject@UIClient@IBinArchiveFrame@libmedia@UModSys@@U?$TRefObjectFunc@UIClient@IBinArchiveFrame@libmedia@UModSys@@@tl@4@@tl@4@AEBU?$TString@U?$TSCoreConst@D@su@tl@UModSys@@U?$TComparerBinaryHash@D@234@@64@AEBUSParameters@core@4@PEBD@Z 0000000180002540 f i plugin_test1.obj
 0001:000016e0       ??$generate_type@UIBinArchiveFrame@libmedia@UModSys@@@RTest1_Shell@test1@test@modules@UModSys@@QEAA?AU?$TRefObject@UIBinArchiveFrame@libmedia@UModSys@@U?$TRefObjectFunc@UIBinArchiveFrame@libmedia@UModSys@@@tl@3@@tl@4@AEBU?$TString@U?$TSCoreConst@D@su@tl@UModSys@@U?$TComparerBinaryHash@D@234@@64@AEBUSParameters@core@4@PEBD@Z 00000001800026e0 f i plugin_test1.obj
 0001:00001880       ??$generate_type@UIBinObjFilter@libmedia@UModSys@@@RTest1_Shell@test1@test@modules@UModSys@@QEAA?AU?$TRefObject@UIBinObjFilter@libmedia@UModSys@@U?$TRefObjectFunc@UIBinObjFilter@libmedia@UModSys@@@tl@3@@tl@4@AEBU?$TString@U?$TSCoreConst@D@su@tl@UModSys@@U?$TComparerBinaryHash@D@234@@64@AEBUSParameters@core@4@PEBD@Z 0000000180002880 f i plugin_test1.obj
 0001:00001a20       ??$generate_type@UIUtilities@libmedia@UModSys@@@RTest1_Shell@test1@test@modules@UModSys@@QEAA?AU?$TRefObject@UIUtilities@libmedia@UModSys@@U?$TRefObjectFunc@UIUtilities@libmedia@UModSys@@@tl@3@@tl@4@AEBU?$TString@U?$TSCoreConst@D@su@tl@UModSys@@U?$TComparerBinaryHash@D@234@@64@AEBUSParameters@core@4@PEBD@Z 0000000180002a20 f i plugin_test1.obj
 0001:00001bc0       ??$generate_type@UILibraryBinTree@libmedia@UModSys@@@RTest1_Shell@test1@test@modules@UModSys@@QEAA?AU?$TRefObject@UILibraryBinTree@libmedia@UModSys@@U?$TRefObjectFunc@UILibraryBinTree@libmedia@UModSys@@@tl@3@@tl@4@AEBU?$TString@U?$TSCoreConst@D@su@tl@UModSys@@U?$TComparerBinaryHash@D@234@@64@AEBUSParameters@core@4@PEBD@Z 0000000180002bc0 f i plugin_test1.obj
 0001:00001d60       ??$generate_type@UILibraryObjFilter@libmedia@UModSys@@@RTest1_Shell@test1@test@modules@UModSys@@QEAA?AU?$TRefObject@UILibraryObjFilter@libmedia@UModSys@@U?$TRefObjectFunc@UILibraryObjFilter@libmedia@UModSys@@@tl@3@@tl@4@AEBU?$TString@U?$TSCoreConst@D@su@tl@UModSys@@U?$TComparerBinaryHash@D@234@@64@AEBUSParameters@core@4@PEBD@Z 0000000180002d60 f i plugin_test1.obj
 0001:00001f00       ??$generate_type@UILibraryLayered@libmedia@UModSys@@@RTest1_Shell@test1@test@modules@UModSys@@QEAA?AU?$TRefObject@UILibraryLayered@libmedia@UModSys@@U?$TRefObjectFunc@UILibraryLayered@libmedia@UModSys@@@tl@3@@tl@4@AEBU?$TString@U?$TSCoreConst@D@su@tl@UModSys@@U?$TComparerBinaryHash@D@234@@64@AEBUSParameters@core@4@PEBD@Z 0000000180002f00 f i plugin_test1.obj
 0001:000020a0       ??$generate_type@UILibraryObjCache@libmedia@UModSys@@@RTest1_Shell@test1@test@modules@UModSys@@QEAA?AU?$TRefObject@UILibraryObjCache@libmedia@UModSys@@U?$TRefObjectFunc@UILibraryObjCache@libmedia@UModSys@@@tl@3@@tl@4@AEBU?$TString@U?$TSCoreConst@D@su@tl@UModSys@@U?$TComparerBinaryHash@D@234@@64@AEBUSParameters@core@4@PEBD@Z 00000001800030a0 f i plugin_test1.obj
 0001:00002240       ??$generate_type@UILibraryBinCache@libmedia@UModSys@@@RTest1_Shell@test1@test@modules@UModSys@@QEAA?AU?$TRefObject@UILibraryBinCache@libmedia@UModSys@@U?$TRefObjectFunc@UILibraryBinCache@libmedia@UModSys@@@tl@3@@tl@4@AEBU?$TString@U?$TSCoreConst@D@su@tl@UModSys@@U?$TComparerBinaryHash@D@234@@64@AEBUSParameters@core@4@PEBD@Z 0000000180003240 f i plugin_test1.obj
 0001:000023e0       ?ResizeRel@?$TDynarray@U?$TDynarrayHolderDynamic@USFileInfo@libmedia@UModSys@@U?$TAllocator@USIMemAlloc@core@UModSys@@USCountCalcPower2@23@@tl@3@@tl@UModSys@@@tl@UModSys@@QEAA_N_J@Z 00000001800033e0 f i plugin_test1.obj
 0001:00002490       ??$shash@D@su@tl@UModSys@@YA_KPEBD_K@Z 0000000180003490 f i plugin_test1.obj
 0001:000024d0       ?ReLink@?$TDynarray@U?$TDynarrayHolderDynamic@USFileInfo@libmedia@UModSys@@U?$TAllocator@USIMemAlloc@core@UModSys@@USCountCalcPower2@23@@tl@3@@tl@UModSys@@@tl@UModSys@@IEAA_N_K@Z 00000001800034d0 f i plugin_test1.obj
 0001:00002540       ??1?$TRefObject@UIModObject@base@UModSys@@U?$TModObjectFunc@UIModObject@base@UModSys@@@tl@3@@tl@UModSys@@QEAA@XZ 0000000180003540 f i plugin_test1.obj
 0001:00002570       ?adestruct@?$TTypeConstructor@USFileInfo@libmedia@UModSys@@@tl@UModSys@@SAXPEAUSFileInfo@libmedia@3@_K@Z 0000000180003570 f i plugin_test1.obj
 0001:000025f0       ??$t_ref_get_other_interface@UIStreamReader@libmedia@UModSys@@U?$TRefObjectFunc@UIStreamReader@libmedia@UModSys@@@tl@3@@IRefObject@core@UModSys@@QEAA_NAEAU?$TRefObject@UIStreamReader@libmedia@UModSys@@U?$TRefObjectFunc@UIStreamReader@libmedia@UModSys@@@tl@3@@tl@2@@Z 00000001800035f0 f i plugin_test1.obj
 0001:00002640       ??$t_ref_get_other_interface@UIStreamWriter@libmedia@UModSys@@U?$TRefObjectFunc@UIStreamWriter@libmedia@UModSys@@@tl@3@@IRefObject@core@UModSys@@QEAA_NAEAU?$TRefObject@UIStreamWriter@libmedia@UModSys@@U?$TRefObjectFunc@UIStreamWriter@libmedia@UModSys@@@tl@3@@tl@2@@Z 0000000180003640 f i plugin_test1.obj
 0001:00002690       ??$t_ref_get_other_interface@UIMultiImage@lib2d@UModSys@@U?$TRefObjectFunc@UIMultiImage@lib2d@UModSys@@@tl@3@@IRefObject@core@UModSys@@QEAA_NAEAU?$TRefObject@UIMultiImage@lib2d@UModSys@@U?$TRefObjectFunc@UIMultiImage@lib2d@UModSys@@@tl@3@@tl@2@@Z 0000000180003690 f i plugin_test1.obj
 0001:000026e0       ??$t_generate@UIBinArchive@libmedia@UModSys@@@SModuleContext@base@UModSys@@QEAA_NAEAU?$TRefObject@UIBinArchive@libmedia@UModSys@@U?$TRefObjectFunc@UIBinArchive@libmedia@UModSys@@@tl@3@@tl@2@PEBUSUniquePointerInfo@core@2@AEBUSParameters@62@@Z 00000001800036e0 f i plugin_test1.obj
 0001:000027b0       ??$t_generate@UIClient@IBinArchiveFrame@libmedia@UModSys@@@SModuleContext@base@UModSys@@QEAA_NAEAU?$TRefObject@UIClient@IBinArchiveFrame@libmedia@UModSys@@U?$TRefObjectFunc@UIClient@IBinArchiveFrame@libmedia@UModSys@@@tl@4@@tl@2@PEBUSUniquePointerInfo@core@2@AEBUSParameters@62@@Z 00000001800037b0 f i plugin_test1.obj
 0001:00002880       ??$t_generate@UIBinArchiveFrame@libmedia@UModSys@@@SModuleContext@base@UModSys@@QEAA_NAEAU?$TRefObject@UIBinArchiveFrame@libmedia@UModSys@@U?$TRefObjectFunc@UIBinArchiveFrame@libmedia@UModSys@@@tl@3@@tl@2@PEBUSUniquePointerInfo@core@2@AEBUSParameters@62@@Z 0000000180003880 f i plugin_test1.obj
 0001:00002950       ??$t_generate@UIBinObjFilter@libmedia@UModSys@@@SModuleContext@base@UModSys@@QEAA_NAEAU?$TRefObject@UIBinObjFilter@libmedia@UModSys@@U?$TRefObjectFunc@UIBinObjFilter@libmedia@UModSys@@@tl@3@@tl@2@PEBUSUniquePointerInfo@core@2@AEBUSParameters@62@@Z 0000000180003950 f i plugin_test1.obj
 0001:00002a20       ??$t_generate@UIUtilities@libmedia@UModSys@@@SModuleContext@base@UModSys@@QEAA_NAEAU?$TRefObject@UIUtilities@libmedia@UModSys@@U?$TRefObjectFunc@UIUtilities@libmedia@UModSys@@@tl@3@@tl@2@PEBUSUniquePointerInfo@core@2@AEBUSParameters@62@@Z 0000000180003a20 f i plugin_test1.obj
 0001:00002af0       ??$t_generate@UILibraryBinTree@libmedia@UModSys@@@SModuleContext@base@UModSys@@QEAA_NAEAU?$TRefObject@UILibraryBinTree@libmedia@UModSys@@U?$TRefObjectFunc@UILibraryBinTree@libmedia@UModSys@@@tl@3@@tl@2@PEBUSUniquePointerInfo@core@2@AEBUSParameters@62@@Z 0000000180003af0 f i plugin_test1.obj
 0001:00002bc0       ??$t_generate@UILibraryObjFilter@libmedia@UModSys@@@SModuleContext@base@UModSys@@QEAA_NAEAU?$TRefObject@UILibraryObjFilter@libmedia@UModSys@@U?$TRefObjectFunc@UILibraryObjFilter@libmedia@UModSys@@@tl@3@@tl@2@PEBUSUniquePointerInfo@core@2@AEBUSParameters@62@@Z 0000000180003bc0 f i plugin_test1.obj
 0001:00002c90       ??$t_generate@UILibraryLayered@libmedia@UModSys@@@SModuleContext@base@UModSys@@QEAA_NAEAU?$TRefObject@UILibraryLayered@libmedia@UModSys@@U?$TRefObjectFunc@UILibraryLayered@libmedia@UModSys@@@tl@3@@tl@2@PEBUSUniquePointerInfo@core@2@AEBUSParameters@62@@Z 0000000180003c90 f i plugin_test1.obj
 0001:00002d60       ??$t_generate@UILibraryObjCache@libmedia@UModSys@@@SModuleContext@base@UModSys@@QEAA_NAEAU?$TRefObject@UILibraryObjCache@libmedia@UModSys@@U?$TRefObjectFunc@UILibraryObjCache@libmedia@UModSys@@@tl@3@@tl@2@PEBUSUniquePointerInfo@core@2@AEBUSParameters@62@@Z 0000000180003d60 f i plugin_test1.obj
 0001:00002e30       ??$t_generate@UILibraryBinCache@libmedia@UModSys@@@SModuleContext@base@UModSys@@QEAA_NAEAU?$TRefObject@UILibraryBinCache@libmedia@UModSys@@U?$TRefObjectFunc@UILibraryBinCache@libmedia@UModSys@@@tl@3@@tl@2@PEBUSUniquePointerInfo@core@2@AEBUSParameters@62@@Z 0000000180003e30 f i plugin_test1.obj
 0001:00002f00       ??$t_ref_get_other_interface@UIImage@lib2d@UModSys@@U?$TRefObjectFunc@UIImage@lib2d@UModSys@@@tl@3@@IRefObject@core@UModSys@@QEAA_NAEAU?$TRefObject@UIImage@lib2d@UModSys@@U?$TRefObjectFunc@UIImage@lib2d@UModSys@@@tl@3@@tl@2@@Z 0000000180003f00 f i plugin_test1.obj
 0001:00002f50       ??$t_ref_get_other_interface@UIImageFactory@lib2d@UModSys@@U?$TRefObjectFunc@UIImageFactory@lib2d@UModSys@@@tl@3@@IRefObject@core@UModSys@@QEAA_NAEAU?$TRefObject@UIImageFactory@lib2d@UModSys@@U?$TRefObjectFunc@UIImageFactory@lib2d@UModSys@@@tl@3@@tl@2@@Z 0000000180003f50 f i plugin_test1.obj
 0001:00002fa0       ?root_get_interface_info@RImage_Memory@stdlib@lib2d@modules@UModSys@@UEBAAEBUSUniquePointerInfo@core@5@XZ 0000000180003fa0 f i umodsys_lib_lib2d:umodsys.mod.2d.stdlib.obj
 0001:00002fb0       ?root_get_interface_type@RImage_Memory@stdlib@lib2d@modules@UModSys@@UEBAPEBUSUniquePointerInfo@core@5@XZ 0000000180003fb0 f i umodsys_lib_lib2d:umodsys.mod.2d.stdlib.obj
 0001:00002fc0       ?root_get_other_interface@RImage_Memory@stdlib@lib2d@modules@UModSys@@UEBAPEBUIRoot@core@5@PEBUSUniquePointerInfo@75@@Z 0000000180003fc0 f i umodsys_lib_lib2d:umodsys.mod.2d.stdlib.obj
 0001:00002fc0       ?root_get_other_interface@RImage_Memory@stdlib@lib2d@modules@UModSys@@UEAAPEAUIRoot@core@5@PEBUSUniquePointerInfo@75@@Z 0000000180003fc0 f i umodsys_lib_lib2d:umodsys.mod.2d.stdlib.obj
 0001:00002ff0       ?root_is_interface_supported@RImage_Memory@stdlib@lib2d@modules@UModSys@@UEBA_NPEBUSUniquePointerInfo@core@5@@Z 0000000180003ff0 f i umodsys_lib_lib2d:umodsys.mod.2d.stdlib.obj
 0001:00003020       ?root_get_interface_info@RImageFactory_Memory@stdlib@lib2d@modules@UModSys@@UEBAAEBUSUniquePointerInfo@core@5@XZ 0000000180004020 f i umodsys_lib_lib2d:umodsys.mod.2d.stdlib.obj
 0001:00003030       ?root_get_interface_type@RImageFactory_Memory@stdlib@lib2d@modules@UModSys@@UEBAPEBUSUniquePointerInfo@core@5@XZ 0000000180004030 f i umodsys_lib_lib2d:umodsys.mod.2d.stdlib.obj
 0001:00003040       ?root_get_other_interface@RImageFactory_Memory@stdlib@lib2d@modules@UModSys@@UEBAPEBUIRoot@core@5@PEBUSUniquePointerInfo@75@@Z 0000000180004040 f i umodsys_lib_lib2d:umodsys.mod.2d.stdlib.obj
 0001:00003040       ?root_get_other_interface@RImageFactory_Memory@stdlib@lib2d@modules@UModSys@@UEAAPEAUIRoot@core@5@PEBUSUniquePointerInfo@75@@Z 0000000180004040 f i umodsys_lib_lib2d:umodsys.mod.2d.stdlib.obj
 0001:00003070       ?root_is_interface_supported@RImageFactory_Memory@stdlib@lib2d@modules@UModSys@@UEBA_NPEBUSUniquePointerInfo@core@5@@Z 0000000180004070 f i umodsys_lib_lib2d:umodsys.mod.2d.stdlib.obj
 0001:000030a0       ?ref_add@RKeyboardController@SDL_core@ui@modules@UModSys@@UEBAXXZ 00000001800040a0 f i umodsys_lib_libui:umodsys.mod.ui.SDL_core.obj
 0001:000030a0       ?ref_add@RRenderDriver2D@SDL_core@ui@modules@UModSys@@UEBAXXZ 00000001800040a0 f i umodsys_lib_libui:umodsys.mod.ui.SDL_core.obj
 0001:000030a0       ?ref_add@RGenerator@images_std@media@modules@UModSys@@UEBAXXZ 00000001800040a0 f i umodsys_lib_libmedia:umodsys.mod.media.images_std.obj
 0001:000030a0       ?ref_add@RGenerator@serialize_json@media@modules@UModSys@@UEBAXXZ 00000001800040a0 f i umodsys_lib_libmedia:umodsys.mod.media.serialize_json.obj
 0001:000030a0       ?ref_add@RImageFactory_Memory@stdlib@lib2d@modules@UModSys@@UEBAXXZ 00000001800040a0 f i umodsys_lib_lib2d:umodsys.mod.2d.stdlib.obj
 0001:000030a0       ?ref_add@RGenerator@SDL_core@ui@modules@UModSys@@UEBAXXZ 00000001800040a0 f i umodsys_lib_libui:umodsys.mod.ui.SDL_core.obj
 0001:000030a0       ?ref_add@RSerializeReader@serialize_json@media@modules@UModSys@@UEBAXXZ 00000001800040a0 f i umodsys_lib_libmedia:umodsys.mod.media.serialize_json.obj
 0001:000030a0       ?ref_add@RGenerator@stdlib@lib2d@modules@UModSys@@UEBAXXZ 00000001800040a0 f i umodsys_lib_lib2d:umodsys.mod.2d.stdlib.obj
 0001:000030a0       ?ref_add@RMouseController@SDL_core@ui@modules@UModSys@@UEBAXXZ 00000001800040a0 f i umodsys_lib_libui:umodsys.mod.ui.SDL_core.obj
 0001:000030a0       ?ref_add@RImage_Memory@stdlib@lib2d@modules@UModSys@@UEBAXXZ 00000001800040a0 f i umodsys_lib_lib2d:umodsys.mod.2d.stdlib.obj
 0001:000030a0       ?ref_add@RGenerator@test1@test@modules@UModSys@@UEBAXXZ 00000001800040a0 f i plugin_test1.obj
 0001:000030a0       ?ref_add@RMultiImage2D_SDL_ttf@SDL_core@ui@modules@UModSys@@UEBAXXZ 00000001800040a0 f i umodsys_lib_libui:umodsys.mod.ui.SDL_core.obj
 0001:000030a0       ?ref_add@RMultiImage@stdlib@lib2d@modules@UModSys@@UEBAXXZ 00000001800040a0 f i umodsys_lib_lib2d:umodsys.mod.2d.stdlib.obj
 0001:000030a0       ?ref_add@RBinArchiveFrameClient_ZIP@zlib@media@modules@UModSys@@UEBAXXZ 00000001800040a0 f i umodsys_lib_libmedia:umodsys.mod.media.zlib.obj
 0001:000030a0       ?ref_add@RTerminal@SDL_core@ui@modules@UModSys@@UEBAXXZ 00000001800040a0 f i umodsys_lib_libui:umodsys.mod.ui.SDL_core.obj
 0001:000030a0       ?ref_add@RDialog@frames@ui@modules@UModSys@@UEBAXXZ 00000001800040a0 f i umodsys_lib_libui:umodsys.mod.ui.frames.obj
 0001:000030a0       ?ref_add@RGenerator@zlib@media@modules@UModSys@@UEBAXXZ 00000001800040a0 f i umodsys_lib_libmedia:umodsys.mod.media.zlib.obj
 0001:000030a0       ?ref_add@RGenerator@frames@ui@modules@UModSys@@UEBAXXZ 00000001800040a0 f i umodsys_lib_libui:umodsys.mod.ui.frames.obj
 0001:000030b0       ?root_get_interface_info@RMultiImage@stdlib@lib2d@modules@UModSys@@UEBAAEBUSUniquePointerInfo@core@5@XZ 00000001800040b0 f i umodsys_lib_lib2d:umodsys.mod.2d.stdlib.obj
 0001:000030c0       ?root_get_interface_type@RMultiImage@stdlib@lib2d@modules@UModSys@@UEBAPEBUSUniquePointerInfo@core@5@XZ 00000001800040c0 f i umodsys_lib_lib2d:umodsys.mod.2d.stdlib.obj
 0001:000030d0       ?root_get_other_interface@RMultiImage@stdlib@lib2d@modules@UModSys@@UEAAPEAUIRoot@core@5@PEBUSUniquePointerInfo@75@@Z 00000001800040d0 f i umodsys_lib_lib2d:umodsys.mod.2d.stdlib.obj
 0001:000030d0       ?root_get_other_interface@RMultiImage@stdlib@lib2d@modules@UModSys@@UEBAPEBUIRoot@core@5@PEBUSUniquePointerInfo@75@@Z 00000001800040d0 f i umodsys_lib_lib2d:umodsys.mod.2d.stdlib.obj
 0001:00003100       ?root_is_interface_supported@RMultiImage@stdlib@lib2d@modules@UModSys@@UEBA_NPEBUSUniquePointerInfo@core@5@@Z 0000000180004100 f i umodsys_lib_lib2d:umodsys.mod.2d.stdlib.obj
 0001:00003130       ?ref_remove@RMultiImage2D_SDL_ttf@SDL_core@ui@modules@UModSys@@UEBAXXZ 0000000180004130 f i umodsys_lib_libui:umodsys.mod.ui.SDL_core.obj
 0001:00003130       ?ref_remove@RImage_Memory@stdlib@lib2d@modules@UModSys@@UEBAXXZ 0000000180004130 f i umodsys_lib_lib2d:umodsys.mod.2d.stdlib.obj
 0001:00003130       ?ref_remove@RGenerator@zlib@media@modules@UModSys@@UEBAXXZ 0000000180004130 f i umodsys_lib_libmedia:umodsys.mod.media.zlib.obj
 0001:00003130       ?ref_remove@RDialog@frames@ui@modules@UModSys@@UEBAXXZ 0000000180004130 f i umodsys_lib_libui:umodsys.mod.ui.frames.obj
 0001:00003130       ?ref_remove@RMouseController@SDL_core@ui@modules@UModSys@@UEBAXXZ 0000000180004130 f i umodsys_lib_libui:umodsys.mod.ui.SDL_core.obj
 0001:00003130       ?ref_remove@RGenerator@SDL_core@ui@modules@UModSys@@UEBAXXZ 0000000180004130 f i umodsys_lib_libui:umodsys.mod.ui.SDL_core.obj
 0001:00003130       ?ref_remove@RGenerator@serialize_json@media@modules@UModSys@@UEBAXXZ 0000000180004130 f i umodsys_lib_libmedia:umodsys.mod.media.serialize_json.obj
 0001:00003130       ?ref_remove@RGenerator@images_std@media@modules@UModSys@@UEBAXXZ 0000000180004130 f i umodsys_lib_libmedia:umodsys.mod.media.images_std.obj
 0001:00003130       ?ref_remove@RGenerator@stdlib@lib2d@modules@UModSys@@UEBAXXZ 0000000180004130 f i umodsys_lib_lib2d:umodsys.mod.2d.stdlib.obj
 0001:00003130       ?ref_remove@RMultiImage@stdlib@lib2d@modules@UModSys@@UEBAXXZ 0000000180004130 f i umodsys_lib_lib2d:umodsys.mod.2d.stdlib.obj
 0001:00003130       ?ref_remove@RTerminal@SDL_core@ui@modules@UModSys@@UEBAXXZ 0000000180004130 f i umodsys_lib_libui:umodsys.mod.ui.SDL_core.obj
 0001:00003130       ?ref_remove@RGenerator@test1@test@modules@UModSys@@UEBAXXZ 0000000180004130 f i plugin_test1.obj
 0001:00003130       ?ref_remove@RImageFactory_Memory@stdlib@lib2d@modules@UModSys@@UEBAXXZ 0000000180004130 f i umodsys_lib_lib2d:umodsys.mod.2d.stdlib.obj
 0001:00003130       ?ref_remove@RGenerator@frames@ui@modules@UModSys@@UEBAXXZ 0000000180004130 f i umodsys_lib_libui:umodsys.mod.ui.frames.obj
 0001:00003130       ?ref_remove@RKeyboardController@SDL_core@ui@modules@UModSys@@UEBAXXZ 0000000180004130 f i umodsys_lib_libui:umodsys.mod.ui.SDL_core.obj
 0001:00003130       ?ref_remove@RBinArchiveFrameClient_ZIP@zlib@media@modules@UModSys@@UEBAXXZ 0000000180004130 f i umodsys_lib_libmedia:umodsys.mod.media.zlib.obj
 0001:00003130       ?ref_remove@RRenderDriver2D@SDL_core@ui@modules@UModSys@@UEBAXXZ 0000000180004130 f i umodsys_lib_libui:umodsys.mod.ui.SDL_core.obj
 0001:00003130       ?ref_remove@RSerializeReader@serialize_json@media@modules@UModSys@@UEBAXXZ 0000000180004130 f i umodsys_lib_libmedia:umodsys.mod.media.serialize_json.obj
 0001:00003150       ?suicide@RBinArchiveFrameClient_ZIP@zlib@media@modules@UModSys@@UEAAXXZ 0000000180004150 f i umodsys_lib_libmedia:umodsys.mod.media.zlib.obj
 0001:00003150       ?suicide@RMultiImage@stdlib@lib2d@modules@UModSys@@UEAAXXZ 0000000180004150 f i umodsys_lib_lib2d:umodsys.mod.2d.stdlib.obj
 0001:00003150       ?suicide@RImage_Memory@stdlib@lib2d@modules@UModSys@@UEAAXXZ 0000000180004150 f i umodsys_lib_lib2d:umodsys.mod.2d.stdlib.obj
 0001:00003150       ?suicide@RImageFactory_Memory@stdlib@lib2d@modules@UModSys@@UEAAXXZ 0000000180004150 f i umodsys_lib_lib2d:umodsys.mod.2d.stdlib.obj
 0001:00003150       ?suicide@RSerializeReader@serialize_json@media@modules@UModSys@@UEAAXXZ 0000000180004150 f i umodsys_lib_libmedia:umodsys.mod.media.serialize_json.obj
 0001:00003150       ?suicide@RTerminal@SDL_core@ui@modules@UModSys@@UEAAXXZ 0000000180004150 f i umodsys_lib_libui:umodsys.mod.ui.SDL_core.obj
 0001:000031a0       ?get_generated_names@RGenerator@stdlib@lib2d@modules@UModSys@@UEBAHAEAUSUniquePtrList@core@5@@Z 00000001800041a0 f i umodsys_lib_lib2d:umodsys.mod.2d.stdlib.obj
 0001:000031f0       ?get_generated_types@RGenerator@stdlib@lib2d@modules@UModSys@@UEBAHAEAUSUniquePtrList@core@5@PEBUSUniquePointerInfo@75@@Z 00000001800041f0 f i umodsys_lib_lib2d:umodsys.mod.2d.stdlib.obj
 0001:00003290       ?generate@RGenerator@stdlib@lib2d@modules@UModSys@@UEAA_NAEAU?$TRefObject@UIRefObject@core@UModSys@@U?$TRefObjectFunc@UIRefObject@core@UModSys@@@tl@3@@tl@5@PEBUSUniquePointerInfo@core@5@AEBUSParameters@95@@Z 0000000180004290 f i umodsys_lib_lib2d:umodsys.mod.2d.stdlib.obj
 0001:000033c0       ?root_get_interface_info@RGenerator@stdlib@lib2d@modules@UModSys@@UEBAAEBUSUniquePointerInfo@core@5@XZ 00000001800043c0 f i umodsys_lib_lib2d:umodsys.mod.2d.stdlib.obj
 0001:000033d0       ?root_get_interface_type@RGenerator@stdlib@lib2d@modules@UModSys@@UEBAPEBUSUniquePointerInfo@core@5@XZ 00000001800043d0 f i umodsys_lib_lib2d:umodsys.mod.2d.stdlib.obj
 0001:000033e0       ?root_get_other_interface@RGenerator@stdlib@lib2d@modules@UModSys@@UEAAPEAUIRoot@core@5@PEBUSUniquePointerInfo@75@@Z 00000001800043e0 f i umodsys_lib_lib2d:umodsys.mod.2d.stdlib.obj
 0001:000033e0       ?root_get_other_interface@RGenerator@stdlib@lib2d@modules@UModSys@@UEBAPEBUIRoot@core@5@PEBUSUniquePointerInfo@75@@Z 00000001800043e0 f i umodsys_lib_lib2d:umodsys.mod.2d.stdlib.obj
 0001:00003420       ?root_is_interface_supported@RGenerator@stdlib@lib2d@modules@UModSys@@UEBA_NPEBUSUniquePointerInfo@core@5@@Z 0000000180004420 f i umodsys_lib_lib2d:umodsys.mod.2d.stdlib.obj
 0001:00003460       ?get_uid@RGenerator@stdlib@lib2d@modules@UModSys@@UEBAPEBUSUniquePointerInfo@core@5@XZ 0000000180004460 f i umodsys_lib_lib2d:umodsys.mod.2d.stdlib.obj
 0001:00003470       ??4State@RImage_Memory@stdlib@lib2d@modules@UModSys@@QEAAAEAU012345@AEBU012345@@Z 0000000180004470 f i umodsys_lib_lib2d:umodsys.mod.2d.stdlib.obj
 0001:00003550       ??_GRImage_Memory@stdlib@lib2d@modules@UModSys@@UEAAPEAXI@Z 0000000180004550 f i umodsys_lib_lib2d:umodsys.mod.2d.stdlib.obj
 0001:00003550       ??_ERImage_Memory@stdlib@lib2d@modules@UModSys@@UEAAPEAXI@Z 0000000180004550 f i  CIL library: CIL module
 0001:00003580       ??1IImageFactory@lib2d@UModSys@@UEAA@XZ 0000000180004580 f i umodsys_lib_lib2d:umodsys.mod.2d.stdlib.obj
 0001:00003580       ??1ISerializeWriter@libmedia@UModSys@@UEAA@XZ 0000000180004580 f i umodsys_lib_libmedia:umodsys.mod.media.serialize_json.obj
 0001:00003580       ??1IMultiImage@lib2d@UModSys@@UEAA@XZ 0000000180004580 f i umodsys_lib_lib2d:umodsys.mod.2d.stdlib.obj
 0001:00003580       ??1IDialog@libui@UModSys@@UEAA@XZ 0000000180004580 f i umodsys_lib_libui:umodsys.mod.ui.frames.obj
 0001:00003580       ??1IImage@lib2d@UModSys@@UEAA@XZ 0000000180004580 f i umodsys_lib_lib2d:umodsys.mod.2d.stdlib.obj
 0001:00003580       ??1IFrame@libui@UModSys@@UEAA@XZ 0000000180004580 f i umodsys_lib_libui:umodsys.mod.ui.frames.obj
 0001:00003580       ??1IKeyboardController@libui@UModSys@@UEAA@XZ 0000000180004580 f i umodsys_lib_libui:umodsys.mod.ui.SDL_core.obj
 0001:00003580       ??1IRenderDriver@lib2d@UModSys@@UEAA@XZ 0000000180004580 f i umodsys_lib_libui:umodsys.mod.ui.SDL_core.obj
 0001:00003580       ??1ICollector@libui@UModSys@@UEAA@XZ 0000000180004580 f i umodsys_lib_libui:umodsys.mod.ui.frames.obj
 0001:00003580       ??1IShell@base@UModSys@@UEAA@XZ 0000000180004580 f i plugin_test1.obj
 0001:00003580       ??1ISerializeReader@libmedia@UModSys@@UEAA@XZ 0000000180004580 f i umodsys_lib_libmedia:umodsys.mod.media.serialize_json.obj
 0001:00003580       ??1IMouseController@libui@UModSys@@UEAA@XZ 0000000180004580 f i umodsys_lib_libui:umodsys.mod.ui.SDL_core.obj
 0001:00003580       ??1ITerminal@libui@UModSys@@UEAA@XZ 0000000180004580 f i umodsys_lib_libui:umodsys.mod.ui.SDL_core.obj
 0001:00003580       ??1IClient@IBinArchiveFrame@libmedia@UModSys@@UEAA@XZ 0000000180004580 f i umodsys_lib_libmedia:umodsys.mod.media.zlib.obj
 0001:00003590       ??1SParameters@core@UModSys@@QEAA@XZ 0000000180004590 f i plugin_test1.obj
 0001:00003590       ??1?$TParametersA@$0BAA@@core@UModSys@@QEAA@XZ 0000000180004590 f i umodsys_lib_libui:umodsys.mod.ui.SDL_core.obj
 0001:00003590       ??1?$TParametersA@$0EAA@@core@UModSys@@QEAA@XZ 0000000180004590 f i plugin_test1.obj
 0001:00003590       ??1?$TParametersA@$0BAL@@core@UModSys@@QEAA@XZ 0000000180004590 f i umodsys_lib_lib2d:umodsys.mod.2d.stdlib.obj
 0001:000035b0       ??_GRImageFactory_Memory@stdlib@lib2d@modules@UModSys@@UEAAPEAXI@Z 00000001800045b0 f i umodsys_lib_lib2d:umodsys.mod.2d.stdlib.obj
 0001:000035b0       ??_ERImageFactory_Memory@stdlib@lib2d@modules@UModSys@@UEAAPEAXI@Z 00000001800045b0 f i  CIL library: CIL module
 0001:000035e0       ??_GRMultiImage@stdlib@lib2d@modules@UModSys@@UEAAPEAXI@Z 00000001800045e0 f i umodsys_lib_lib2d:umodsys.mod.2d.stdlib.obj
 0001:000035e0       ??_ERMultiImage@stdlib@lib2d@modules@UModSys@@UEAAPEAXI@Z 00000001800045e0 f i  CIL library: CIL module
 0001:00003610       ?do_open@RModuleReg@stdlib@lib2d@modules@UModSys@@UEAA_NXZ 0000000180004610 f i umodsys_lib_lib2d:umodsys.mod.2d.stdlib.obj
 0001:00003620       ?do_close@RModuleReg@stdlib@lib2d@modules@UModSys@@UEAA_NXZ 0000000180004620 f i umodsys_lib_lib2d:umodsys.mod.2d.stdlib.obj
 0001:00003630       ??_ERModuleReg@stdlib@lib2d@modules@UModSys@@UEAAPEAXI@Z 0000000180004630 f i  CIL library: CIL module
 0001:00003630       ??_GRModuleReg@stdlib@lib2d@modules@UModSys@@UEAAPEAXI@Z 0000000180004630 f i umodsys_lib_lib2d:umodsys.mod.2d.stdlib.obj
 0001:00003660       ??1?$TDynarrayDynamic@USImageCellInfo@lib2d@UModSys@@U?$TAllocator@USIMemAlloc@core@UModSys@@USCountCalcPower2@23@@tl@3@@tl@UModSys@@QEAA@XZ 0000000180004660 f i umodsys_lib_lib2d:umodsys.mod.2d.stdlib.obj
 0001:00003670       ??1?$TDynarrayDynamic@U?$TRefObject@UIImage@lib2d@UModSys@@U?$TRefObjectFunc@UIImage@lib2d@UModSys@@@tl@3@@tl@UModSys@@U?$TAllocator@USIMemAlloc@core@UModSys@@USCountCalcPower2@23@@23@@tl@UModSys@@QEAA@XZ 0000000180004670 f i umodsys_lib_lib2d:umodsys.mod.2d.stdlib.obj
 0001:00003680       ??1?$TDynarray@U?$TDynarrayHolderDynamic@USImageCellInfo@lib2d@UModSys@@U?$TAllocator@USIMemAlloc@core@UModSys@@USCountCalcPower2@23@@tl@3@@tl@UModSys@@@tl@UModSys@@QEAA@XZ 0000000180004680 f i umodsys_lib_lib2d:umodsys.mod.2d.stdlib.obj
 0001:000036f0       ??1?$TDynarray@U?$TDynarrayHolderDynamic@U?$TRefObject@UIImage@lib2d@UModSys@@U?$TRefObjectFunc@UIImage@lib2d@UModSys@@@tl@3@@tl@UModSys@@U?$TAllocator@USIMemAlloc@core@UModSys@@USCountCalcPower2@23@@23@@tl@UModSys@@@tl@UModSys@@QEAA@XZ 00000001800046f0 f i umodsys_lib_lib2d:umodsys.mod.2d.stdlib.obj
 0001:00003760       ?ResizeRel@?$TDynarray@U?$TDynarrayHolderDynamic@USImageCellInfo@lib2d@UModSys@@U?$TAllocator@USIMemAlloc@core@UModSys@@USCountCalcPower2@23@@tl@3@@tl@UModSys@@@tl@UModSys@@QEAA_N_J@Z 0000000180004760 f i umodsys_lib_lib2d:umodsys.mod.2d.stdlib.obj
 0001:00003820       ?ResizeRel@?$TDynarray@U?$TDynarrayHolderDynamic@U?$TRefObject@UIImage@lib2d@UModSys@@U?$TRefObjectFunc@UIImage@lib2d@UModSys@@@tl@3@@tl@UModSys@@U?$TAllocator@USIMemAlloc@core@UModSys@@USCountCalcPower2@23@@23@@tl@UModSys@@@tl@UModSys@@QEAA_N_J@Z 0000000180004820 f i umodsys_lib_lib2d:umodsys.mod.2d.stdlib.obj
 0001:00003950       ??$ValidateConstruction@UIRefObject@core@UModSys@@URMultiImage@stdlib@lib2d@modules@3@@core@UModSys@@YA_NAEAU?$TRefObject@UIRefObject@core@UModSys@@U?$TRefObjectFunc@UIRefObject@core@UModSys@@@tl@3@@tl@1@PEAURMultiImage@stdlib@lib2d@modules@1@@Z 0000000180004950 f i umodsys_lib_lib2d:umodsys.mod.2d.stdlib.obj
 0001:000039d0       ?root_get_interface_info@RMultiImage2D_SDL_ttf@SDL_core@ui@modules@UModSys@@UEBAAEBUSUniquePointerInfo@core@5@XZ 00000001800049d0 f i umodsys_lib_libui:umodsys.mod.ui.SDL_core.obj
 0001:000039e0       ?root_get_interface_type@RMultiImage2D_SDL_ttf@SDL_core@ui@modules@UModSys@@UEBAPEBUSUniquePointerInfo@core@5@XZ 00000001800049e0 f i umodsys_lib_libui:umodsys.mod.ui.SDL_core.obj
 0001:000039f0       ?root_get_other_interface@RMultiImage2D_SDL_ttf@SDL_core@ui@modules@UModSys@@UEAAPEAUIRoot@core@5@PEBUSUniquePointerInfo@75@@Z 00000001800049f0 f i umodsys_lib_libui:umodsys.mod.ui.SDL_core.obj
 0001:000039f0       ?root_get_other_interface@RMultiImage2D_SDL_ttf@SDL_core@ui@modules@UModSys@@UEBAPEBUIRoot@core@5@PEBUSUniquePointerInfo@75@@Z 00000001800049f0 f i umodsys_lib_libui:umodsys.mod.ui.SDL_core.obj
 0001:00003a20       ?root_is_interface_supported@RMultiImage2D_SDL_ttf@SDL_core@ui@modules@UModSys@@UEBA_NPEBUSUniquePointerInfo@core@5@@Z 0000000180004a20 f i umodsys_lib_libui:umodsys.mod.ui.SDL_core.obj
 0001:00003a50       ??0RMultiImage2D_SDL_ttf@SDL_core@ui@modules@UModSys@@QEAA@PEAURRenderDriver2D@1234@AEBUSParameters@core@4@@Z 0000000180004a50 f i umodsys_lib_libui:umodsys.mod.ui.SDL_core.obj
 0001:00003af0       ?open@RMultiImage2D_SDL_ttf@SDL_core@ui@modules@UModSys@@QEAA_NAEBUSParameters@core@5@@Z 0000000180004af0 f i umodsys_lib_libui:umodsys.mod.ui.SDL_core.obj
 0001:00003bf0       ?generate_glyphs@RMultiImage2D_SDL_ttf@SDL_core@ui@modules@UModSys@@QEAA_NXZ 0000000180004bf0 f i umodsys_lib_libui:umodsys.mod.ui.SDL_core.obj
 0001:00003d50       ?get_fixed_cell_size@RMultiImage2D_SDL_ttf@SDL_core@ui@modules@UModSys@@UEBA?AU?$TVector2@H@math3d@5@XZ 0000000180004d50 f i umodsys_lib_libui:umodsys.mod.ui.SDL_core.obj
 0001:00003d50       ?get_max_layer_size@RMultiImage2D_SDL_ttf@SDL_core@ui@modules@UModSys@@UEBA?AU?$TVector2@H@math3d@5@XZ 0000000180004d50 f i umodsys_lib_libui:umodsys.mod.ui.SDL_core.obj
 0001:00003d50       ?get_max_cell_size@RMultiImage2D_SDL_ttf@SDL_core@ui@modules@UModSys@@UEBA?AU?$TVector2@H@math3d@5@XZ 0000000180004d50 f i umodsys_lib_libui:umodsys.mod.ui.SDL_core.obj
 0001:00003d60       ?set_layer_count@RMultiImage2D_SDL_ttf@SDL_core@ui@modules@UModSys@@UEAA_NG@Z 0000000180004d60 f i umodsys_lib_libui:umodsys.mod.ui.SDL_core.obj
 0001:00003d60       ?key_setrepeat@RKeyboardController@SDL_core@ui@modules@UModSys@@UEAA_NMM@Z 0000000180004d60 f i umodsys_lib_libui:umodsys.mod.ui.SDL_core.obj
 0001:00003d60       ?key_event@RFrame_Common@frames@ui@modules@UModSys@@MEAA_NAEBUSKeyboardInputText@libui@5@@Z 0000000180004d60 f i umodsys_lib_libui:umodsys.mod.ui.frames.obj
 0001:00003d60       ?set_hint@RMultiImage2D_SDL_ttf@SDL_core@ui@modules@UModSys@@UEAA_NPEBD0@Z 0000000180004d60 f i umodsys_lib_libui:umodsys.mod.ui.SDL_core.obj
 0001:00003d60       ?key_event@RFrame_Common@frames@ui@modules@UModSys@@MEAA_NAEBUSKeyboardInputRaw@libui@5@@Z 0000000180004d60 f i umodsys_lib_libui:umodsys.mod.ui.frames.obj
 0001:00003d60       ?isfull@?$TRStackSocket@USFileInfo@libmedia@UModSys@@U?$TDynarrayDynamic@USFileInfo@libmedia@UModSys@@U?$TAllocator@USIMemAlloc@core@UModSys@@USCountCalcPower2@23@@tl@3@@tl@3@@tl@UModSys@@UEBA_NXZ 0000000180004d60 f i plugin_test1.obj
 0001:00003d60       ?mouse_reset@RMouseController@SDL_core@ui@modules@UModSys@@UEAA_NXZ 0000000180004d60 f i umodsys_lib_libui:umodsys.mod.ui.SDL_core.obj
 0001:00003d60       ?get_cell@RMultiImage2D_SDL_ttf@SDL_core@ui@modules@UModSys@@UEBA_NIAEAU?$TVector2@H@math3d@5@PEAU675@PEAG@Z 0000000180004d60 f i umodsys_lib_libui:umodsys.mod.ui.SDL_core.obj
 0001:00003d60       ?get_cell@RMultiImage2D_SDL_ttf@SDL_core@ui@modules@UModSys@@UEBA_NIAEAUSImageCellInfo@lib2d@5@@Z 0000000180004d60 f i umodsys_lib_libui:umodsys.mod.ui.SDL_core.obj
 0001:00003d60       ?setup_fixed_cell@RMultiImage2D_SDL_ttf@SDL_core@ui@modules@UModSys@@UEAA_NHH@Z 0000000180004d60 f i umodsys_lib_libui:umodsys.mod.ui.SDL_core.obj
 0001:00003d60       ?set_parameters@RRenderDriver2D@SDL_core@ui@modules@UModSys@@UEAA_NPEBDAEBUSParameters@core@5@@Z 0000000180004d60 f i umodsys_lib_libui:umodsys.mod.ui.SDL_core.obj
 0001:00003d60       ?mouse_setvisible@RMouseController@SDL_core@ui@modules@UModSys@@UEAA_N_N@Z 0000000180004d60 f i umodsys_lib_libui:umodsys.mod.ui.SDL_core.obj
 0001:00003d60       ?key_setmodifier@RKeyboardController@SDL_core@ui@modules@UModSys@@UEAA_NHHH@Z 0000000180004d60 f i umodsys_lib_libui:umodsys.mod.ui.SDL_core.obj
 0001:00003d60       ?set_insize@RFrame_Common@frames@ui@modules@UModSys@@UEAA_NAEBU?$TVector2@H@math3d@5@@Z 0000000180004d60 f i umodsys_lib_libui:umodsys.mod.ui.frames.obj
 0001:00003d60       ?mouse_event@RFrame_Common@frames@ui@modules@UModSys@@MEAA_NPEBUSMouseInput@libui@5@@Z 0000000180004d60 f i umodsys_lib_libui:umodsys.mod.ui.frames.obj
 0001:00003d60       ?key_reset@RKeyboardController@SDL_core@ui@modules@UModSys@@UEAA_NXZ 0000000180004d60 f i umodsys_lib_libui:umodsys.mod.ui.SDL_core.obj
 0001:00003d60       ?mouse_setposition@RMouseController@SDL_core@ui@modules@UModSys@@UEAA_NHH@Z 0000000180004d60 f i umodsys_lib_libui:umodsys.mod.ui.SDL_core.obj
 0001:00003d60       ?setup_variable_cell@RMultiImage2D_SDL_ttf@SDL_core@ui@modules@UModSys@@UEAA_NPEBUSImageCellInfo@lib2d@5@KK@Z 0000000180004d60 f i umodsys_lib_libui:umodsys.mod.ui.SDL_core.obj
 0001:00003d70       ??_GRMultiImage2D_SDL_ttf@SDL_core@ui@modules@UModSys@@UEAAPEAXI@Z 0000000180004d70 f i umodsys_lib_libui:umodsys.mod.ui.SDL_core.obj
 0001:00003d70       ??_ERMultiImage2D_SDL_ttf@SDL_core@ui@modules@UModSys@@UEAAPEAXI@Z 0000000180004d70 f i  CIL library: CIL module
 0001:00003df0       ?root_get_interface_info@RRenderDriver2D@SDL_core@ui@modules@UModSys@@UEBAAEBUSUniquePointerInfo@core@5@XZ 0000000180004df0 f i umodsys_lib_libui:umodsys.mod.ui.SDL_core.obj
 0001:00003e00       ?root_get_interface_type@RRenderDriver2D@SDL_core@ui@modules@UModSys@@UEBAPEBUSUniquePointerInfo@core@5@XZ 0000000180004e00 f i umodsys_lib_libui:umodsys.mod.ui.SDL_core.obj
 0001:00003e10       ?root_get_other_interface@RRenderDriver2D@SDL_core@ui@modules@UModSys@@UEAAPEAUIRoot@core@5@PEBUSUniquePointerInfo@75@@Z 0000000180004e10 f i umodsys_lib_libui:umodsys.mod.ui.SDL_core.obj
 0001:00003e10       ?root_get_other_interface@RRenderDriver2D@SDL_core@ui@modules@UModSys@@UEBAPEBUIRoot@core@5@PEBUSUniquePointerInfo@75@@Z 0000000180004e10 f i umodsys_lib_libui:umodsys.mod.ui.SDL_core.obj
 0001:00003e40       ?root_is_interface_supported@RRenderDriver2D@SDL_core@ui@modules@UModSys@@UEBA_NPEBUSUniquePointerInfo@core@5@@Z 0000000180004e40 f i umodsys_lib_libui:umodsys.mod.ui.SDL_core.obj
 0001:00003e70       ?ref_links@RKeyboardController@SDL_core@ui@modules@UModSys@@UEBAHXZ 0000000180004e70 f i umodsys_lib_libui:umodsys.mod.ui.SDL_core.obj
 0001:00003e70       ?ref_links@RBinArchiveFrameClient_ZIP@zlib@media@modules@UModSys@@UEBAHXZ 0000000180004e70 f i umodsys_lib_libmedia:umodsys.mod.media.zlib.obj
 0001:00003e70       ?ref_links@RDialog@frames@ui@modules@UModSys@@UEBAHXZ 0000000180004e70 f i umodsys_lib_libui:umodsys.mod.ui.frames.obj
 0001:00003e70       ?ref_links@RMouseController@SDL_core@ui@modules@UModSys@@UEBAHXZ 0000000180004e70 f i umodsys_lib_libui:umodsys.mod.ui.SDL_core.obj
 0001:00003e70       ?ref_links@RGenerator@stdlib@lib2d@modules@UModSys@@UEBAHXZ 0000000180004e70 f i umodsys_lib_lib2d:umodsys.mod.2d.stdlib.obj
 0001:00003e70       ?ref_links@RSerializeReader@serialize_json@media@modules@UModSys@@UEBAHXZ 0000000180004e70 f i umodsys_lib_libmedia:umodsys.mod.media.serialize_json.obj
 0001:00003e70       ?ref_links@RGenerator@SDL_core@ui@modules@UModSys@@UEBAHXZ 0000000180004e70 f i umodsys_lib_libui:umodsys.mod.ui.SDL_core.obj
 0001:00003e70       ?ref_links@RTerminal@SDL_core@ui@modules@UModSys@@UEBAHXZ 0000000180004e70 f i umodsys_lib_libui:umodsys.mod.ui.SDL_core.obj
 0001:00003e70       ?ref_links@RGenerator@serialize_json@media@modules@UModSys@@UEBAHXZ 0000000180004e70 f i umodsys_lib_libmedia:umodsys.mod.media.serialize_json.obj
 0001:00003e70       ?ref_links@RMultiImage@stdlib@lib2d@modules@UModSys@@UEBAHXZ 0000000180004e70 f i umodsys_lib_lib2d:umodsys.mod.2d.stdlib.obj
 0001:00003e70       ?ref_links@RMultiImage2D_SDL_ttf@SDL_core@ui@modules@UModSys@@UEBAHXZ 0000000180004e70 f i umodsys_lib_libui:umodsys.mod.ui.SDL_core.obj
 0001:00003e70       ?ref_links@RGenerator@test1@test@modules@UModSys@@UEBAHXZ 0000000180004e70 f i plugin_test1.obj
 0001:00003e70       ?ref_links@RGenerator@images_std@media@modules@UModSys@@UEBAHXZ 0000000180004e70 f i umodsys_lib_libmedia:umodsys.mod.media.images_std.obj
 0001:00003e70       ?ref_links@RGenerator@frames@ui@modules@UModSys@@UEBAHXZ 0000000180004e70 f i umodsys_lib_libui:umodsys.mod.ui.frames.obj
 0001:00003e70       ?ref_links@RImageFactory_Memory@stdlib@lib2d@modules@UModSys@@UEBAHXZ 0000000180004e70 f i umodsys_lib_lib2d:umodsys.mod.2d.stdlib.obj
 0001:00003e70       ?ref_links@RGenerator@zlib@media@modules@UModSys@@UEBAHXZ 0000000180004e70 f i umodsys_lib_libmedia:umodsys.mod.media.zlib.obj
 0001:00003e70       ?ref_links@RRenderDriver2D@SDL_core@ui@modules@UModSys@@UEBAHXZ 0000000180004e70 f i umodsys_lib_libui:umodsys.mod.ui.SDL_core.obj
 0001:00003e70       ?ref_links@RImage_Memory@stdlib@lib2d@modules@UModSys@@UEBAHXZ 0000000180004e70 f i umodsys_lib_lib2d:umodsys.mod.2d.stdlib.obj
 0001:00003e80       ?suicide@RMouseController@SDL_core@ui@modules@UModSys@@UEAAXXZ 0000000180004e80 f i umodsys_lib_libui:umodsys.mod.ui.SDL_core.obj
 0001:00003e80       ?suicide@RDialog@frames@ui@modules@UModSys@@UEAAXXZ 0000000180004e80 f i umodsys_lib_libui:umodsys.mod.ui.frames.obj
 0001:00003e80       ?suicide@RRenderDriver2D@SDL_core@ui@modules@UModSys@@UEAAXXZ 0000000180004e80 f i umodsys_lib_libui:umodsys.mod.ui.SDL_core.obj
 0001:00003e80       ?suicide@RMultiImage2D_SDL_ttf@SDL_core@ui@modules@UModSys@@UEAAXXZ 0000000180004e80 f i umodsys_lib_libui:umodsys.mod.ui.SDL_core.obj
 0001:00003e80       ?suicide@RKeyboardController@SDL_core@ui@modules@UModSys@@UEAAXXZ 0000000180004e80 f i umodsys_lib_libui:umodsys.mod.ui.SDL_core.obj
 0001:00003ed0       ??0RRenderDriver2D@SDL_core@ui@modules@UModSys@@QEAA@PEAURTerminal@1234@AEBUSParameters@core@4@@Z 0000000180004ed0 f i umodsys_lib_libui:umodsys.mod.ui.SDL_core.obj
 0001:00004020       ??1RRenderDriver2D@SDL_core@ui@modules@UModSys@@UEAA@XZ 0000000180005020 f i umodsys_lib_libui:umodsys.mod.ui.SDL_core.obj
 0001:000040f0       ?open@RRenderDriver2D@SDL_core@ui@modules@UModSys@@QEAA_NAEBUSParameters@core@5@@Z 00000001800050f0 f i umodsys_lib_libui:umodsys.mod.ui.SDL_core.obj
 0001:00004310       ?set_color@RRenderDriver2D@SDL_core@ui@modules@UModSys@@QEAAXXZ 0000000180005310 f i umodsys_lib_libui:umodsys.mod.ui.SDL_core.obj
 0001:00004390       ?begin@RRenderDriver2D@SDL_core@ui@modules@UModSys@@UEAAXXZ 0000000180005390 f i umodsys_lib_libui:umodsys.mod.ui.SDL_core.obj
 0001:00004400       ?end@RRenderDriver2D@SDL_core@ui@modules@UModSys@@UEAAXXZ 0000000180005400 f i umodsys_lib_libui:umodsys.mod.ui.SDL_core.obj
 0001:00004420       ?get_max_values@RRenderDriver2D@SDL_core@ui@modules@UModSys@@UEBAPEBUSParameters@core@5@XZ 0000000180005420 f i umodsys_lib_libui:umodsys.mod.ui.SDL_core.obj
 0001:00004430       ?get_frame_values@RRenderDriver2D@SDL_core@ui@modules@UModSys@@UEBAPEBUSParameters@core@5@XZ 0000000180005430 f i umodsys_lib_libui:umodsys.mod.ui.SDL_core.obj
 0001:00004440       ?setup_font@RRenderDriver2D@SDL_core@ui@modules@UModSys@@UEAA_NPEAUIMultiImage@lib2d@5@PEBU?$TVector2@M@math3d@5@@Z 0000000180005440 f i umodsys_lib_libui:umodsys.mod.ui.SDL_core.obj
 0001:000044b0       ?setup_color@RRenderDriver2D@SDL_core@ui@modules@UModSys@@UEAAXAEBU?$TVector3@M@math3d@5@@Z 00000001800054b0 f i umodsys_lib_libui:umodsys.mod.ui.SDL_core.obj
 0001:000044e0       ?setup_color@RRenderDriver2D@SDL_core@ui@modules@UModSys@@UEAAXAEBU?$TVector3@H@math3d@5@@Z 00000001800054e0 f i umodsys_lib_libui:umodsys.mod.ui.SDL_core.obj
 0001:00004530       ?setup_coloralpha@RRenderDriver2D@SDL_core@ui@modules@UModSys@@UEAAXAEBU?$TVector4@M@math3d@5@H@Z 0000000180005530 f i umodsys_lib_libui:umodsys.mod.ui.SDL_core.obj
 0001:00004560       ?setup_coloralpha@RRenderDriver2D@SDL_core@ui@modules@UModSys@@UEAAXAEBU?$TVector4@H@math3d@5@H@Z 0000000180005560 f i umodsys_lib_libui:umodsys.mod.ui.SDL_core.obj
 0001:000045d0       ?setup_blendcolor@RRenderDriver2D@SDL_core@ui@modules@UModSys@@UEAAXAEBUSBlendColor@lib2d@5@@Z 00000001800055d0 f i umodsys_lib_libui:umodsys.mod.ui.SDL_core.obj
 0001:00004640       ?setup_blendcolor@RRenderDriver2D@SDL_core@ui@modules@UModSys@@UEAAXAEBUSBlendColorf@lib2d@5@@Z 0000000180005640 f i umodsys_lib_libui:umodsys.mod.ui.SDL_core.obj
 0001:000046a0       ?setup_alpha@RRenderDriver2D@SDL_core@ui@modules@UModSys@@UEAAXHH@Z 00000001800056a0 f i umodsys_lib_libui:umodsys.mod.ui.SDL_core.obj
 0001:000046d0       ?setup_alpha@RRenderDriver2D@SDL_core@ui@modules@UModSys@@UEAAXMH@Z 00000001800056d0 f i umodsys_lib_libui:umodsys.mod.ui.SDL_core.obj
 0001:000046f0       ?render_text_advanced@RRenderDriver2D@SDL_core@ui@modules@UModSys@@UEAA_NAEAUTextInfo@IRenderDriver@lib2d@5@PEBHH@Z 00000001800056f0 f i umodsys_lib_libui:umodsys.mod.ui.SDL_core.obj
 0001:00004940       ?render_box@RRenderDriver2D@SDL_core@ui@modules@UModSys@@UEAAXAEBU?$TVector2@H@math3d@5@0@Z 0000000180005940 f i umodsys_lib_libui:umodsys.mod.ui.SDL_core.obj
 0001:00004990       ?render_tri@RRenderDriver2D@SDL_core@ui@modules@UModSys@@UEAAXAEBU?$TVector2@H@math3d@5@00@Z 0000000180005990 f i umodsys_lib_libui:umodsys.mod.ui.SDL_core.obj
 0001:00004a10       ?render_quad@RRenderDriver2D@SDL_core@ui@modules@UModSys@@UEAAXAEBU?$TVector2@H@math3d@5@000@Z 0000000180005a10 f i umodsys_lib_libui:umodsys.mod.ui.SDL_core.obj
 0001:00004ac0       ?render_line@RRenderDriver2D@SDL_core@ui@modules@UModSys@@UEAAXAEBU?$TVector2@H@math3d@5@0@Z 0000000180005ac0 f i umodsys_lib_libui:umodsys.mod.ui.SDL_core.obj
 0001:00004af0       ?render_rect@RRenderDriver2D@SDL_core@ui@modules@UModSys@@UEAAXAEBU?$TVector2@H@math3d@5@0@Z 0000000180005af0 f i umodsys_lib_libui:umodsys.mod.ui.SDL_core.obj
 0001:00004b40       ??_GRRenderDriver2D@SDL_core@ui@modules@UModSys@@UEAAPEAXI@Z 0000000180005b40 f i umodsys_lib_libui:umodsys.mod.ui.SDL_core.obj
 0001:00004b40       ??_ERRenderDriver2D@SDL_core@ui@modules@UModSys@@UEAAPEAXI@Z 0000000180005b40 f i  CIL library: CIL module
 0001:00004b70       ?root_get_interface_info@RMouseController@SDL_core@ui@modules@UModSys@@UEBAAEBUSUniquePointerInfo@core@5@XZ 0000000180005b70 f i umodsys_lib_libui:umodsys.mod.ui.SDL_core.obj
 0001:00004b80       ?root_get_interface_type@RMouseController@SDL_core@ui@modules@UModSys@@UEBAPEBUSUniquePointerInfo@core@5@XZ 0000000180005b80 f i umodsys_lib_libui:umodsys.mod.ui.SDL_core.obj
 0001:00004b90       ?root_get_other_interface@RMouseController@SDL_core@ui@modules@UModSys@@UEAAPEAUIRoot@core@5@PEBUSUniquePointerInfo@75@@Z 0000000180005b90 f i umodsys_lib_libui:umodsys.mod.ui.SDL_core.obj
 0001:00004b90       ?root_get_other_interface@RMouseController@SDL_core@ui@modules@UModSys@@UEBAPEBUIRoot@core@5@PEBUSUniquePointerInfo@75@@Z 0000000180005b90 f i umodsys_lib_libui:umodsys.mod.ui.SDL_core.obj
 0001:00004bc0       ?root_is_interface_supported@RMouseController@SDL_core@ui@modules@UModSys@@UEBA_NPEBUSUniquePointerInfo@core@5@@Z 0000000180005bc0 f i umodsys_lib_libui:umodsys.mod.ui.SDL_core.obj
 0001:00004bf0       ?process@RMouseController@SDL_core@ui@modules@UModSys@@QEAA_NAEAUSDL_MouseMotionEvent@@@Z 0000000180005bf0 f i umodsys_lib_libui:umodsys.mod.ui.SDL_core.obj
 0001:00004d70       ?process@RMouseController@SDL_core@ui@modules@UModSys@@QEAA_NAEAUSDL_MouseButtonEvent@@@Z 0000000180005d70 f i umodsys_lib_libui:umodsys.mod.ui.SDL_core.obj
 0001:00004ec0       ?process@RMouseController@SDL_core@ui@modules@UModSys@@QEAA_NAEAUSDL_MouseWheelEvent@@@Z 0000000180005ec0 f i umodsys_lib_libui:umodsys.mod.ui.SDL_core.obj
 0001:00004fd0       ?mouse_link@RMouseController@SDL_core@ui@modules@UModSys@@UEAA_NHPEAUIRefObject@core@5@PEAUIMouseClient@libui@5@H@Z 0000000180005fd0 f i umodsys_lib_libui:umodsys.mod.ui.SDL_core.obj
 0001:00005070       ??_ERMouseController@SDL_core@ui@modules@UModSys@@UEAAPEAXI@Z 0000000180006070 f i  CIL library: CIL module
 0001:00005070       ??_GRMouseController@SDL_core@ui@modules@UModSys@@UEAAPEAXI@Z 0000000180006070 f i umodsys_lib_libui:umodsys.mod.ui.SDL_core.obj
 0001:000050e0       ?root_get_interface_info@RKeyboardController@SDL_core@ui@modules@UModSys@@UEBAAEBUSUniquePointerInfo@core@5@XZ 00000001800060e0 f i umodsys_lib_libui:umodsys.mod.ui.SDL_core.obj
 0001:000050f0       ?root_get_interface_type@RKeyboardController@SDL_core@ui@modules@UModSys@@UEBAPEBUSUniquePointerInfo@core@5@XZ 00000001800060f0 f i umodsys_lib_libui:umodsys.mod.ui.SDL_core.obj
 0001:00005100       ?root_get_other_interface@RKeyboardController@SDL_core@ui@modules@UModSys@@UEAAPEAUIRoot@core@5@PEBUSUniquePointerInfo@75@@Z 0000000180006100 f i umodsys_lib_libui:umodsys.mod.ui.SDL_core.obj
 0001:00005100       ?root_get_other_interface@RKeyboardController@SDL_core@ui@modules@UModSys@@UEBAPEBUIRoot@core@5@PEBUSUniquePointerInfo@75@@Z 0000000180006100 f i umodsys_lib_libui:umodsys.mod.ui.SDL_core.obj
 0001:00005130       ?root_is_interface_supported@RKeyboardController@SDL_core@ui@modules@UModSys@@UEBA_NPEBUSUniquePointerInfo@core@5@@Z 0000000180006130 f i umodsys_lib_libui:umodsys.mod.ui.SDL_core.obj
 0001:00005160       ?process@RKeyboardController@SDL_core@ui@modules@UModSys@@QEAA_NAEAUSDL_KeyboardEvent@@@Z 0000000180006160 f i umodsys_lib_libui:umodsys.mod.ui.SDL_core.obj
 0001:00005270       ?process@RKeyboardController@SDL_core@ui@modules@UModSys@@QEAA_NAEAUSDL_TextInputEvent@@@Z 0000000180006270 f i umodsys_lib_libui:umodsys.mod.ui.SDL_core.obj
 0001:00005380       ?map_keycode@RKeyboardController@SDL_core@ui@modules@UModSys@@QEAA?AW4eKeyCode@libui@5@H@Z 0000000180006380 f i umodsys_lib_libui:umodsys.mod.ui.SDL_core.obj
 0001:000058e0       ?map_keyspecial@RKeyboardController@SDL_core@ui@modules@UModSys@@QEAAFG@Z 00000001800068e0 f i umodsys_lib_libui:umodsys.mod.ui.SDL_core.obj
 0001:00005980       ?key_unlink@RKeyboardController@SDL_core@ui@modules@UModSys@@UEAA_NH@Z 0000000180006980 f i umodsys_lib_libui:umodsys.mod.ui.SDL_core.obj
 0001:00005980       ?mouse_unlink@RMouseController@SDL_core@ui@modules@UModSys@@UEAA_NH@Z 0000000180006980 f i umodsys_lib_libui:umodsys.mod.ui.SDL_core.obj
 0001:00005a00       ?key_link@RKeyboardController@SDL_core@ui@modules@UModSys@@UEAA_NHPEAUIRefObject@core@5@PEAUIKeyboardClient@libui@5@@Z 0000000180006a00 f i umodsys_lib_libui:umodsys.mod.ui.SDL_core.obj
 0001:00005a90       ?key_setvisible@RKeyboardController@SDL_core@ui@modules@UModSys@@UEAA_N_N@Z 0000000180006a90 f i umodsys_lib_libui:umodsys.mod.ui.SDL_core.obj
 0001:00005ab0       ??_ERKeyboardController@SDL_core@ui@modules@UModSys@@UEAAPEAXI@Z 0000000180006ab0 f i  CIL library: CIL module
 0001:00005ab0       ??_GRKeyboardController@SDL_core@ui@modules@UModSys@@UEAAPEAXI@Z 0000000180006ab0 f i umodsys_lib_libui:umodsys.mod.ui.SDL_core.obj
 0001:00005b20       ?root_get_interface_info@RTerminal@SDL_core@ui@modules@UModSys@@UEBAAEBUSUniquePointerInfo@core@5@XZ 0000000180006b20 f i umodsys_lib_libui:umodsys.mod.ui.SDL_core.obj
 0001:00005b30       ?root_get_interface_type@RTerminal@SDL_core@ui@modules@UModSys@@UEBAPEBUSUniquePointerInfo@core@5@XZ 0000000180006b30 f i umodsys_lib_libui:umodsys.mod.ui.SDL_core.obj
 0001:00005b40       ?root_get_other_interface@RTerminal@SDL_core@ui@modules@UModSys@@UEBAPEBUIRoot@core@5@PEBUSUniquePointerInfo@75@@Z 0000000180006b40 f i umodsys_lib_libui:umodsys.mod.ui.SDL_core.obj
 0001:00005b40       ?root_get_other_interface@RTerminal@SDL_core@ui@modules@UModSys@@UEAAPEAUIRoot@core@5@PEBUSUniquePointerInfo@75@@Z 0000000180006b40 f i umodsys_lib_libui:umodsys.mod.ui.SDL_core.obj
 0001:00005b70       ?root_is_interface_supported@RTerminal@SDL_core@ui@modules@UModSys@@UEBA_NPEBUSUniquePointerInfo@core@5@@Z 0000000180006b70 f i umodsys_lib_libui:umodsys.mod.ui.SDL_core.obj
 0001:00005ba0       ??0RTerminal@SDL_core@ui@modules@UModSys@@QEAA@PEAUIModObject@base@4@AEBUSParameters@core@4@@Z 0000000180006ba0 f i umodsys_lib_libui:umodsys.mod.ui.SDL_core.obj
 0001:00005c50       ??1RTerminal@SDL_core@ui@modules@UModSys@@UEAA@XZ 0000000180006c50 f i umodsys_lib_libui:umodsys.mod.ui.SDL_core.obj
 0001:00005d10       ?poll_events@RTerminal@SDL_core@ui@modules@UModSys@@UEAA_NH@Z 0000000180006d10 f i umodsys_lib_libui:umodsys.mod.ui.SDL_core.obj
 0001:00005e80       ?get_terminal_state@RTerminal@SDL_core@ui@modules@UModSys@@UEAA_NW4eTerminalState@libui@5@@Z 0000000180006e80 f i umodsys_lib_libui:umodsys.mod.ui.SDL_core.obj
 0001:00005e90       ?set_terminal_state@RTerminal@SDL_core@ui@modules@UModSys@@UEAA_NW4eTerminalState@libui@5@_N@Z 0000000180006e90 f i umodsys_lib_libui:umodsys.mod.ui.SDL_core.obj
 0001:00005f20       ?get_clock@RTerminal@SDL_core@ui@modules@UModSys@@UEAANXZ 0000000180006f20 f i umodsys_lib_libui:umodsys.mod.ui.SDL_core.obj
 0001:00005f40       ?wait@RTerminal@SDL_core@ui@modules@UModSys@@UEAA_NM@Z 0000000180006f40 f i umodsys_lib_libui:umodsys.mod.ui.SDL_core.obj
 0001:00005f60       ?get_count@RTerminal@SDL_core@ui@modules@UModSys@@UEBA_KPEBUSUniquePointerInfo@core@5@@Z 0000000180006f60 f i umodsys_lib_libui:umodsys.mod.ui.SDL_core.obj
 0001:00005fa0       ?get_handler@RTerminal@SDL_core@ui@modules@UModSys@@UEBAPEAUIRefObject@core@5@PEBUSUniquePointerInfo@75@_K@Z 0000000180006fa0 f i umodsys_lib_libui:umodsys.mod.ui.SDL_core.obj
 0001:00005fe0       ?create_handler@RTerminal@SDL_core@ui@modules@UModSys@@UEAA_NPEBUSUniquePointerInfo@core@5@AEAU?$TRefObject@UIRefObject@core@UModSys@@U?$TRefObjectFunc@UIRefObject@core@UModSys@@@tl@3@@tl@5@PEBDPEBUSParameters@75@@Z 0000000180006fe0 f i umodsys_lib_libui:umodsys.mod.ui.SDL_core.obj
 0001:000062f0       ??_ERTerminal@SDL_core@ui@modules@UModSys@@UEAAPEAXI@Z 00000001800072f0 f i  CIL library: CIL module
 0001:000062f0       ??_GRTerminal@SDL_core@ui@modules@UModSys@@UEAAPEAXI@Z 00000001800072f0 f i umodsys_lib_libui:umodsys.mod.ui.SDL_core.obj
 0001:00006320       ?get_generated_names@RGenerator@SDL_core@ui@modules@UModSys@@UEBAHAEAUSUniquePtrList@core@5@@Z 0000000180007320 f i umodsys_lib_libui:umodsys.mod.ui.SDL_core.obj
 0001:00006340       ?get_generated_types@RGenerator@SDL_core@ui@modules@UModSys@@UEBAHAEAUSUniquePtrList@core@5@PEBUSUniquePointerInfo@75@@Z 0000000180007340 f i umodsys_lib_libui:umodsys.mod.ui.SDL_core.obj
 0001:000063a0       ?generate@RGenerator@SDL_core@ui@modules@UModSys@@UEAA_NAEAU?$TRefObject@UIRefObject@core@UModSys@@U?$TRefObjectFunc@UIRefObject@core@UModSys@@@tl@3@@tl@5@PEBUSUniquePointerInfo@core@5@AEBUSParameters@95@@Z 00000001800073a0 f i umodsys_lib_libui:umodsys.mod.ui.SDL_core.obj
 0001:00006420       ?root_get_interface_info@RGenerator@SDL_core@ui@modules@UModSys@@UEBAAEBUSUniquePointerInfo@core@5@XZ 0000000180007420 f i umodsys_lib_libui:umodsys.mod.ui.SDL_core.obj
 0001:00006430       ?root_get_interface_type@RGenerator@SDL_core@ui@modules@UModSys@@UEBAPEBUSUniquePointerInfo@core@5@XZ 0000000180007430 f i umodsys_lib_libui:umodsys.mod.ui.SDL_core.obj
 0001:00006440       ?root_get_other_interface@RGenerator@SDL_core@ui@modules@UModSys@@UEAAPEAUIRoot@core@5@PEBUSUniquePointerInfo@75@@Z 0000000180007440 f i umodsys_lib_libui:umodsys.mod.ui.SDL_core.obj
 0001:00006440       ?root_get_other_interface@RGenerator@SDL_core@ui@modules@UModSys@@UEBAPEBUIRoot@core@5@PEBUSUniquePointerInfo@75@@Z 0000000180007440 f i umodsys_lib_libui:umodsys.mod.ui.SDL_core.obj
 0001:00006480       ?root_is_interface_supported@RGenerator@SDL_core@ui@modules@UModSys@@UEBA_NPEBUSUniquePointerInfo@core@5@@Z 0000000180007480 f i umodsys_lib_libui:umodsys.mod.ui.SDL_core.obj
 0001:000064c0       ?ref_weak@RSerializeReader@serialize_json@media@modules@UModSys@@UEBA_NAEAUWeakPointer@IRefObject@core@5@@Z 00000001800074c0 f i umodsys_lib_libmedia:umodsys.mod.media.serialize_json.obj
 0001:000064c0       ?ref_weak@RGenerator@frames@ui@modules@UModSys@@UEBA_NAEAUWeakPointer@IRefObject@core@5@@Z 00000001800074c0 f i umodsys_lib_libui:umodsys.mod.ui.frames.obj
 0001:000064c0       ?ref_weak@RGenerator@test1@test@modules@UModSys@@UEBA_NAEAUWeakPointer@IRefObject@core@5@@Z 00000001800074c0 f i plugin_test1.obj
 0001:000064c0       ?ref_weak@RGenerator@zlib@media@modules@UModSys@@UEBA_NAEAUWeakPointer@IRefObject@core@5@@Z 00000001800074c0 f i umodsys_lib_libmedia:umodsys.mod.media.zlib.obj
 0001:000064c0       ?ref_weak@RGenerator@serialize_json@media@modules@UModSys@@UEBA_NAEAUWeakPointer@IRefObject@core@5@@Z 00000001800074c0 f i umodsys_lib_libmedia:umodsys.mod.media.serialize_json.obj
 0001:000064c0       ?ref_weak@RGenerator@images_std@media@modules@UModSys@@UEBA_NAEAUWeakPointer@IRefObject@core@5@@Z 00000001800074c0 f i umodsys_lib_libmedia:umodsys.mod.media.images_std.obj
 0001:000064c0       ?ref_weak@RKeyboardController@SDL_core@ui@modules@UModSys@@UEBA_NAEAUWeakPointer@IRefObject@core@5@@Z 00000001800074c0 f i umodsys_lib_libui:umodsys.mod.ui.SDL_core.obj
 0001:000064c0       ?ref_weak@RDialog@frames@ui@modules@UModSys@@UEBA_NAEAUWeakPointer@IRefObject@core@5@@Z 00000001800074c0 f i umodsys_lib_libui:umodsys.mod.ui.frames.obj
 0001:000064c0       ?ref_weak@RRenderDriver2D@SDL_core@ui@modules@UModSys@@UEBA_NAEAUWeakPointer@IRefObject@core@5@@Z 00000001800074c0 f i umodsys_lib_libui:umodsys.mod.ui.SDL_core.obj
 0001:000064c0       ?ref_weak@RTerminal@SDL_core@ui@modules@UModSys@@UEBA_NAEAUWeakPointer@IRefObject@core@5@@Z 00000001800074c0 f i umodsys_lib_libui:umodsys.mod.ui.SDL_core.obj
 0001:000064c0       ?ref_weak@RBinArchiveFrameClient_ZIP@zlib@media@modules@UModSys@@UEBA_NAEAUWeakPointer@IRefObject@core@5@@Z 00000001800074c0 f i umodsys_lib_libmedia:umodsys.mod.media.zlib.obj
 0001:000064c0       ?ref_weak@RMouseController@SDL_core@ui@modules@UModSys@@UEBA_NAEAUWeakPointer@IRefObject@core@5@@Z 00000001800074c0 f i umodsys_lib_libui:umodsys.mod.ui.SDL_core.obj
 0001:000064c0       ?ref_weak@RMultiImage2D_SDL_ttf@SDL_core@ui@modules@UModSys@@UEBA_NAEAUWeakPointer@IRefObject@core@5@@Z 00000001800074c0 f i umodsys_lib_libui:umodsys.mod.ui.SDL_core.obj
 0001:000064c0       ?ref_weak@RGenerator@stdlib@lib2d@modules@UModSys@@UEBA_NAEAUWeakPointer@IRefObject@core@5@@Z 00000001800074c0 f i umodsys_lib_lib2d:umodsys.mod.2d.stdlib.obj
 0001:000064c0       ?ref_weak@RImage_Memory@stdlib@lib2d@modules@UModSys@@UEBA_NAEAUWeakPointer@IRefObject@core@5@@Z 00000001800074c0 f i umodsys_lib_lib2d:umodsys.mod.2d.stdlib.obj
 0001:000064c0       ?ref_weak@RImageFactory_Memory@stdlib@lib2d@modules@UModSys@@UEBA_NAEAUWeakPointer@IRefObject@core@5@@Z 00000001800074c0 f i umodsys_lib_lib2d:umodsys.mod.2d.stdlib.obj
 0001:000064c0       ?ref_weak@RMultiImage@stdlib@lib2d@modules@UModSys@@UEBA_NAEAUWeakPointer@IRefObject@core@5@@Z 00000001800074c0 f i umodsys_lib_lib2d:umodsys.mod.2d.stdlib.obj
 0001:000064c0       ?ref_weak@RGenerator@SDL_core@ui@modules@UModSys@@UEBA_NAEAUWeakPointer@IRefObject@core@5@@Z 00000001800074c0 f i umodsys_lib_libui:umodsys.mod.ui.SDL_core.obj
 0001:000064e0       ?get_uid@RGenerator@SDL_core@ui@modules@UModSys@@UEBAPEBUSUniquePointerInfo@core@5@XZ 00000001800074e0 f i umodsys_lib_libui:umodsys.mod.ui.SDL_core.obj
 0001:000064f0       ?do_open@RModuleReg@SDL_core@ui@modules@UModSys@@UEAA_NXZ 00000001800074f0 f i umodsys_lib_libui:umodsys.mod.ui.SDL_core.obj
 0001:00006500       ?do_close@RModuleReg@SDL_core@ui@modules@UModSys@@UEAA_NXZ 0000000180007500 f i umodsys_lib_libui:umodsys.mod.ui.SDL_core.obj
 0001:00006510       ??_GRModuleReg@SDL_core@ui@modules@UModSys@@UEAAPEAXI@Z 0000000180007510 f i umodsys_lib_libui:umodsys.mod.ui.SDL_core.obj
 0001:00006510       ??_ERModuleReg@SDL_core@ui@modules@UModSys@@UEAAPEAXI@Z 0000000180007510 f i  CIL library: CIL module
 0001:00006540       ??1?$TScatterArray@UGlyph@RMultiImage2D_SDL_ttf@SDL_core@ui@modules@UModSys@@HU?$TScalarCompare@H@core@6@U?$TNodeDeleter0@U?$TScatterArrayNode@UGlyph@RMultiImage2D_SDL_ttf@SDL_core@ui@modules@UModSys@@H@tl@UModSys@@@tl@6@@tl@UModSys@@QEAA@XZ 0000000180007540 f i umodsys_lib_libui:umodsys.mod.ui.SDL_core.obj
 0001:00006570       ??1?$TRefObject@URMultiImage2D_SDL_ttf@SDL_core@ui@modules@UModSys@@U?$TRefObjectWeakFunc@URMultiImage2D_SDL_ttf@SDL_core@ui@modules@UModSys@@@tl@5@@tl@UModSys@@QEAA@XZ 0000000180007570 f i umodsys_lib_libui:umodsys.mod.ui.SDL_core.obj
 0001:00006570       ??1?$TRefObject@URRenderDriver2D@SDL_core@ui@modules@UModSys@@U?$TRefObjectWeakFunc@URRenderDriver2D@SDL_core@ui@modules@UModSys@@@tl@5@@tl@UModSys@@QEAA@XZ 0000000180007570 f i umodsys_lib_libui:umodsys.mod.ui.SDL_core.obj
 0001:000065b0       ?remove_node@?$TTreeHoldRB@U?$TScatterArrayNode@U?$TRefObjectComposite@UIKeyboardClient@libui@UModSys@@UIRefObject@core@3@U?$TRefObjectFunc@UIRefObject@core@UModSys@@@tl@3@@tl@UModSys@@H@tl@UModSys@@@tl@UModSys@@QEAAXPEAU?$TScatterArrayNode@U?$TRefObjectComposite@UIKeyboardClient@libui@UModSys@@UIRefObject@core@3@U?$TRefObjectFunc@UIRefObject@core@UModSys@@@tl@3@@tl@UModSys@@H@23@@Z 00000001800075b0 f i umodsys_lib_libui:umodsys.mod.ui.SDL_core.obj
 0001:000065b0       ?remove_node@?$TTreeHoldRB@U?$TScatterArrayNode@U?$TRefObjectCompositeExtra@UIMouseClient@libui@UModSys@@HUIRefObject@core@3@U?$TRefObjectFunc@UIRefObject@core@UModSys@@@tl@3@@tl@UModSys@@H@tl@UModSys@@@tl@UModSys@@QEAAXPEAU?$TScatterArrayNode@U?$TRefObjectCompositeExtra@UIMouseClient@libui@UModSys@@HUIRefObject@core@3@U?$TRefObjectFunc@UIRefObject@core@UModSys@@@tl@3@@tl@UModSys@@H@23@@Z 00000001800075b0 f i umodsys_lib_libui:umodsys.mod.ui.SDL_core.obj
 0001:000066d0       ??R?$TNodeDeleter0@U?$TScatterArrayNode@U?$TRefObjectCompositeExtra@UIMouseClient@libui@UModSys@@HUIRefObject@core@3@U?$TRefObjectFunc@UIRefObject@core@UModSys@@@tl@3@@tl@UModSys@@H@tl@UModSys@@@tl@UModSys@@QEBAHPEAU?$TScatterArrayNode@U?$TRefObjectCompositeExtra@UIMouseClient@libui@UModSys@@HUIRefObject@core@3@U?$TRefObjectFunc@UIRefObject@core@UModSys@@@tl@3@@tl@UModSys@@H@12@@Z 00000001800076d0 f i umodsys_lib_libui:umodsys.mod.ui.SDL_core.obj
 0001:000066d0       ??R?$TNodeDeleter0@U?$TScatterArrayNode@U?$TRefObjectComposite@UIKeyboardClient@libui@UModSys@@UIRefObject@core@3@U?$TRefObjectFunc@UIRefObject@core@UModSys@@@tl@3@@tl@UModSys@@H@tl@UModSys@@@tl@UModSys@@QEBAHPEAU?$TScatterArrayNode@U?$TRefObjectComposite@UIKeyboardClient@libui@UModSys@@UIRefObject@core@3@U?$TRefObjectFunc@UIRefObject@core@UModSys@@@tl@3@@tl@UModSys@@H@12@@Z 00000001800076d0 f i umodsys_lib_libui:umodsys.mod.ui.SDL_core.obj
 0001:00006750       ??1?$TPair@HU?$TRefObjectComposite@UIKeyboardClient@libui@UModSys@@UIRefObject@core@3@U?$TRefObjectFunc@UIRefObject@core@UModSys@@@tl@3@@tl@UModSys@@@tl@UModSys@@QEAA@XZ 0000000180007750 f i umodsys_lib_libui:umodsys.mod.ui.SDL_core.obj
 0001:00006750       ??1?$TPair@HU?$TRefObjectCompositeExtra@UIMouseClient@libui@UModSys@@HUIRefObject@core@3@U?$TRefObjectFunc@UIRefObject@core@UModSys@@@tl@3@@tl@UModSys@@@tl@UModSys@@QEAA@XZ 0000000180007750 f i umodsys_lib_libui:umodsys.mod.ui.SDL_core.obj
 0001:000067a0       ??1?$TRefObjectCompositeExtra@UIMouseClient@libui@UModSys@@HUIRefObject@core@3@U?$TRefObjectFunc@UIRefObject@core@UModSys@@@tl@3@@tl@UModSys@@QEAA@XZ 00000001800077a0 f i umodsys_lib_libui:umodsys.mod.ui.SDL_core.obj
 0001:000067a0       ??1?$TRefObjectComposite@UIKeyboardClient@libui@UModSys@@UIRefObject@core@3@U?$TRefObjectFunc@UIRefObject@core@UModSys@@@tl@3@@tl@UModSys@@QEAA@XZ 00000001800077a0 f i umodsys_lib_libui:umodsys.mod.ui.SDL_core.obj
 0001:000067f0       ??$t_ref_get_other_interface@URMultiImage2D_SDL_ttf@SDL_core@ui@modules@UModSys@@U?$TRefObjectWeakFunc@URMultiImage2D_SDL_ttf@SDL_core@ui@modules@UModSys@@@tl@5@@IRefObject@core@UModSys@@QEAA_NAEAU?$TRefObject@URMultiImage2D_SDL_ttf@SDL_core@ui@modules@UModSys@@U?$TRefObjectWeakFunc@URMultiImage2D_SDL_ttf@SDL_core@ui@modules@UModSys@@@tl@5@@tl@2@@Z 00000001800077f0 f i umodsys_lib_libui:umodsys.mod.ui.SDL_core.obj
 0001:00006870       ?remove_color@?$TTreeHoldRB@U?$TScatterArrayNode@U?$TRefObjectCompositeExtra@UIMouseClient@libui@UModSys@@HUIRefObject@core@3@U?$TRefObjectFunc@UIRefObject@core@UModSys@@@tl@3@@tl@UModSys@@H@tl@UModSys@@@tl@UModSys@@IEAAXPEAU?$TScatterArrayNode@U?$TRefObjectCompositeExtra@UIMouseClient@libui@UModSys@@HUIRefObject@core@3@U?$TRefObjectFunc@UIRefObject@core@UModSys@@@tl@3@@tl@UModSys@@H@23@0@Z 0000000180007870 f i umodsys_lib_libui:umodsys.mod.ui.SDL_core.obj
 0001:00006870       ?remove_color@?$TTreeHoldRB@U?$TScatterArrayNode@U?$TRefObjectComposite@UIKeyboardClient@libui@UModSys@@UIRefObject@core@3@U?$TRefObjectFunc@UIRefObject@core@UModSys@@@tl@3@@tl@UModSys@@H@tl@UModSys@@@tl@UModSys@@IEAAXPEAU?$TScatterArrayNode@U?$TRefObjectComposite@UIKeyboardClient@libui@UModSys@@UIRefObject@core@3@U?$TRefObjectFunc@UIRefObject@core@UModSys@@@tl@3@@tl@UModSys@@H@23@0@Z 0000000180007870 f i umodsys_lib_libui:umodsys.mod.ui.SDL_core.obj
[...]
 0001:00022610       ??__E?s_id@?$TObjectUniqueID@URGenerator@zlib@media@modules@UModSys@@@tl@UModSys@@2USUniquePointer@core@3@A@@YAXXZ 0000000180023610 f    CIL library: CIL module
 0001:00022650       ??__EM@UModSys@@YAXXZ      0000000180023650 f    CIL library: CIL module
 0001:00022670       ??__E?root@SModuleRegChain@base@UModSys@@2U123@A@@YAXXZ 0000000180023670 f    CIL library: CIL module
 0001:000226a0       ??__E?s_library@RModuleLibraryReg_Chain@base@UModSys@@2U123@A@@YAXXZ 00000001800236a0 f    CIL library: CIL module
 0001:000226c0       ??__E?root@SUniquePointer@core@UModSys@@2U123@A@@YAXXZ 00000001800236c0 f    CIL library: CIL module
 0001:000226f0       ??__F?s_modreg@RModuleReg@test1@test@modules@UModSys@@2U12345@A@@YAXXZ 00000001800236f0 f    CIL library: CIL module
 0001:00022710       ??__F?s_modreg_chain@RModuleReg@test1@test@modules@UModSys@@2USModuleRegChain@base@5@A@@YAXXZ 0000000180023710 f    CIL library: CIL module
 0001:00022720       ??__F?s_uid@RGenerator@test1@test@modules@UModSys@@2USUniquePointer@core@5@A@@YAXXZ 0000000180023720 f    CIL library: CIL module
 0001:00022730       ??__Fh@?1??s_holder@RGenerator@test1@test@modules@UModSys@@SAAEAU?$TTypeStaticHolder@URGenerator@test1@test@modules@UModSys@@@tl@5@XZ@YAXXZ 0000000180023730 f    CIL library: CIL module
 0001:00022760       ??__F?s_id@?$TObjectUniqueID@URGenerator@test1@test@modules@UModSys@@@tl@UModSys@@2USUniquePointer@core@3@A@@YAXXZ 0000000180023760 f    CIL library: CIL module
 0001:00022770       ??__F?s_id@?$TObjectUniqueID@URTest1_Shell@test1@test@modules@UModSys@@@tl@UModSys@@2USUniquePointer@core@3@A@@YAXXZ 0000000180023770 f    CIL library: CIL module
 0001:00022780       ??__F?s_id@?$TObjectUniqueID@URLines_Filter@test1@test@modules@UModSys@@@tl@UModSys@@2USUniquePointer@core@3@A@@YAXXZ 0000000180023780 f    CIL library: CIL module
 0001:00022790       ??__F?s_id@?$TObjectUniqueID@URLines@test1@test@modules@UModSys@@@tl@UModSys@@2USUniquePointer@core@3@A@@YAXXZ 0000000180023790 f    CIL library: CIL module
 0001:000227a0       ??__F?s_id@?$TObjectUniqueID@UILines@test1@test@modules@UModSys@@@tl@UModSys@@2USUniquePointer@core@3@A@@YAXXZ 00000001800237a0 f    CIL library: CIL module
 0001:000227b0       ??__F?s_id@?$TObjectUniqueID@UIRenderDriver@lib2d@UModSys@@@tl@UModSys@@2USUniquePointer@core@3@A@@YAXXZ 00000001800237b0 f    CIL library: CIL module
 0001:000227c0       ??__F?s_id@?$TObjectUniqueID@UIMultiImage@lib2d@UModSys@@@tl@UModSys@@2USUniquePointer@core@3@A@@YAXXZ 00000001800237c0 f    CIL library: CIL module
 0001:000227d0       ??__F?s_id@?$TObjectUniqueID@UIImageFactory@lib2d@UModSys@@@tl@UModSys@@2USUniquePointer@core@3@A@@YAXXZ 00000001800237d0 f    CIL library: CIL module
 0001:000227e0       ??__F?s_id@?$TObjectUniqueID@UIImage@lib2d@UModSys@@@tl@UModSys@@2USUniquePointer@core@3@A@@YAXXZ 00000001800237e0 f    CIL library: CIL module
 0001:000227f0       ??__F?s_id@?$TObjectUniqueID@UIDialog@libui@UModSys@@@tl@UModSys@@2USUniquePointer@core@3@A@@YAXXZ 00000001800237f0 f    CIL library: CIL module
 0001:00022800       ??__F?s_id@?$TObjectUniqueID@UIFrame@libui@UModSys@@@tl@UModSys@@2USUniquePointer@core@3@A@@YAXXZ 0000000180023800 f    CIL library: CIL module
 0001:00022810       ??__F?s_id@?$TObjectUniqueID@UIAsyncCollector@libui@UModSys@@@tl@UModSys@@2USUniquePointer@core@3@A@@YAXXZ 0000000180023810 f    CIL library: CIL module
 0001:00022820       ??__F?s_id@?$TObjectUniqueID@UIAsyncController@libui@UModSys@@@tl@UModSys@@2USUniquePointer@core@3@A@@YAXXZ 0000000180023820 f    CIL library: CIL module
 0001:00022830       ??__F?s_id@?$TObjectUniqueID@UICollector@libui@UModSys@@@tl@UModSys@@2USUniquePointer@core@3@A@@YAXXZ 0000000180023830 f    CIL library: CIL module
 0001:00022840       ??__F?s_id@?$TObjectUniqueID@UIConsoleHelperInput_UIKey@libui@UModSys@@@tl@UModSys@@2USUniquePointer@core@3@A@@YAXXZ 0000000180023840 f    CIL library: CIL module
 0001:00022850       ??__F?s_id@?$TObjectUniqueID@UITerminal@libui@UModSys@@@tl@UModSys@@2USUniquePointer@core@3@A@@YAXXZ 0000000180023850 f    CIL library: CIL module
 0001:00022860       ??__F?s_id@?$TObjectUniqueID@UIJoystickController@libui@UModSys@@@tl@UModSys@@2USUniquePointer@core@3@A@@YAXXZ 0000000180023860 f    CIL library: CIL module
 0001:00022870       ??__F?s_id@?$TObjectUniqueID@UIMouseController@libui@UModSys@@@tl@UModSys@@2USUniquePointer@core@3@A@@YAXXZ 0000000180023870 f    CIL library: CIL module
 0001:00022880       ??__F?s_id@?$TObjectUniqueID@UIKeyboardController@libui@UModSys@@@tl@UModSys@@2USUniquePointer@core@3@A@@YAXXZ 0000000180023880 f    CIL library: CIL module
 0001:00022890       ??__F?s_id@?$TObjectUniqueID@UIConsoleHelperOutputFCS@base@UModSys@@@tl@UModSys@@2USUniquePointer@core@3@A@@YAXXZ 0000000180023890 f    CIL library: CIL module
 0001:000228a0       ??__F?s_id@?$TObjectUniqueID@UIConsoleHelperOutput@base@UModSys@@@tl@UModSys@@2USUniquePointer@core@3@A@@YAXXZ 00000001800238a0 f    CIL library: CIL module
 0001:000228b0       ??__F?s_id@?$TObjectUniqueID@UIConsoleHelperInput@base@UModSys@@@tl@UModSys@@2USUniquePointer@core@3@A@@YAXXZ 00000001800238b0 f    CIL library: CIL module
 0001:000228c0       ??__F?s_id@?$TObjectUniqueID@UIConsoleHelperHistory@base@UModSys@@@tl@UModSys@@2USUniquePointer@core@3@A@@YAXXZ 00000001800238c0 f    CIL library: CIL module
 0001:000228d0       ??__F?s_id@?$TObjectUniqueID@UIConsoleHelper@base@UModSys@@@tl@UModSys@@2USUniquePointer@core@3@A@@YAXXZ 00000001800238d0 f    CIL library: CIL module
 0001:000228e0       ??__F?s_id@?$TObjectUniqueID@UIConsoleExt@base@UModSys@@@tl@UModSys@@2USUniquePointer@core@3@A@@YAXXZ 00000001800238e0 f    CIL library: CIL module
 0001:000228f0       ??__F?s_id@?$TObjectUniqueID@UISerializeWriter@libmedia@UModSys@@@tl@UModSys@@2USUniquePointer@core@3@A@@YAXXZ 00000001800238f0 f    CIL library: CIL module
 0001:00022900       ??__F?s_id@?$TObjectUniqueID@UISerializeReader@libmedia@UModSys@@@tl@UModSys@@2USUniquePointer@core@3@A@@YAXXZ 0000000180023900 f    CIL library: CIL module
 0001:00022910       ??__F?s_id@?$TObjectUniqueID@UIClient@IBinArchiveFrame@libmedia@UModSys@@@tl@UModSys@@2USUniquePointer@core@3@A@@YAXXZ 0000000180023910 f    CIL library: CIL module
 0001:00022920       ??__F?s_id@?$TObjectUniqueID@UIBinArchiveFrame@libmedia@UModSys@@@tl@UModSys@@2USUniquePointer@core@3@A@@YAXXZ 0000000180023920 f    CIL library: CIL module
 0001:00022930       ??__F?s_id@?$TObjectUniqueID@UILibraryLayered@libmedia@UModSys@@@tl@UModSys@@2USUniquePointer@core@3@A@@YAXXZ 0000000180023930 f    CIL library: CIL module
 0001:00022940       ??__F?s_id@?$TObjectUniqueID@UILibraryObjCache@libmedia@UModSys@@@tl@UModSys@@2USUniquePointer@core@3@A@@YAXXZ 0000000180023940 f    CIL library: CIL module
 0001:00022950       ??__F?s_id@?$TObjectUniqueID@UILibraryObjFilter@libmedia@UModSys@@@tl@UModSys@@2USUniquePointer@core@3@A@@YAXXZ 0000000180023950 f    CIL library: CIL module
 0001:00022960       ??__F?s_id@?$TObjectUniqueID@UILibraryBinCache@libmedia@UModSys@@@tl@UModSys@@2USUniquePointer@core@3@A@@YAXXZ 0000000180023960 f    CIL library: CIL module
 0001:00022970       ??__F?s_id@?$TObjectUniqueID@UILibraryBinTree@libmedia@UModSys@@@tl@UModSys@@2USUniquePointer@core@3@A@@YAXXZ 0000000180023970 f    CIL library: CIL module
 0001:00022980       ??__F?s_id@?$TObjectUniqueID@UILibrary@libmedia@UModSys@@@tl@UModSys@@2USUniquePointer@core@3@A@@YAXXZ 0000000180023980 f    CIL library: CIL module
 0001:00022990       ??__F?s_id@?$TObjectUniqueID@UIBinObjFilter@libmedia@UModSys@@@tl@UModSys@@2USUniquePointer@core@3@A@@YAXXZ 0000000180023990 f    CIL library: CIL module
 0001:000229a0       ??__F?s_id@?$TObjectUniqueID@UIBinArchive@libmedia@UModSys@@@tl@UModSys@@2USUniquePointer@core@3@A@@YAXXZ 00000001800239a0 f    CIL library: CIL module
 0001:000229b0       ??__F?s_id@?$TObjectUniqueID@UILibObject@libmedia@UModSys@@@tl@UModSys@@2USUniquePointer@core@3@A@@YAXXZ 00000001800239b0 f    CIL library: CIL module
 0001:000229c0       ??__F?s_id@?$TObjectUniqueID@UIUtilities@libmedia@UModSys@@@tl@UModSys@@2USUniquePointer@core@3@A@@YAXXZ 00000001800239c0 f    CIL library: CIL module
 0001:000229d0       ??__F?s_id@?$TObjectUniqueID@UIStreamWriter@libmedia@UModSys@@@tl@UModSys@@2USUniquePointer@core@3@A@@YAXXZ 00000001800239d0 f    CIL library: CIL module
 0001:000229e0       ??__F?s_id@?$TObjectUniqueID@UIStreamReader@libmedia@UModSys@@@tl@UModSys@@2USUniquePointer@core@3@A@@YAXXZ 00000001800239e0 f    CIL library: CIL module
 0001:000229f0       ??__F?s_id@?$TObjectUniqueID@UISystem@base@UModSys@@@tl@UModSys@@2USUniquePointer@core@3@A@@YAXXZ 00000001800239f0 f    CIL library: CIL module
 0001:00022a00       ??__F?s_id@?$TObjectUniqueID@UIConsole@base@UModSys@@@tl@UModSys@@2USUniquePointer@core@3@A@@YAXXZ 0000000180023a00 f    CIL library: CIL module
 0001:00022a10       ??__F?s_id@?$TObjectUniqueID@UIShell@base@UModSys@@@tl@UModSys@@2USUniquePointer@core@3@A@@YAXXZ 0000000180023a10 f    CIL library: CIL module
 0001:00022a20       ??__F?s_id@?$TObjectUniqueID@UIGenerator@base@UModSys@@@tl@UModSys@@2USUniquePointer@core@3@A@@YAXXZ 0000000180023a20 f    CIL library: CIL module
 0001:00022a30       ??__F?s_id@?$TObjectUniqueID@UIModObject@base@UModSys@@@tl@UModSys@@2USUniquePointer@core@3@A@@YAXXZ 0000000180023a30 f    CIL library: CIL module
 0001:00022a40       ??__F?s_id@?$TObjectUniqueID@UIModuleLibrary@base@UModSys@@@tl@UModSys@@2USUniquePointer@core@3@A@@YAXXZ 0000000180023a40 f    CIL library: CIL module
 0001:00022a50       ??__F?s_id@?$TObjectUniqueID@UIModule@base@UModSys@@@tl@UModSys@@2USUniquePointer@core@3@A@@YAXXZ 0000000180023a50 f    CIL library: CIL module
 0001:00022a60       ??__F?s_id@?$TObjectUniqueID@UIParameters@core@UModSys@@@tl@UModSys@@2USUniquePointer@core@3@A@@YAXXZ 0000000180023a60 f    CIL library: CIL module
 0001:00022a70       ??__F?s_id@?$TObjectUniqueID@UIRefObject@core@UModSys@@@tl@UModSys@@2USUniquePointer@core@3@A@@YAXXZ 0000000180023a70 f    CIL library: CIL module
 0001:00022a80       ??__F?s_id@?$TObjectUniqueID@UIRoot@core@UModSys@@@tl@UModSys@@2USUniquePointer@core@3@A@@YAXXZ 0000000180023a80 f    CIL library: CIL module
 0001:00022a90       ??__F?s_modreg@RModuleReg@stdlib@lib2d@modules@UModSys@@2U12345@A@@YAXXZ 0000000180023a90 f    CIL library: CIL module
 0001:00022ab0       ??__F?s_modreg_chain@RModuleReg@stdlib@lib2d@modules@UModSys@@2USModuleRegChain@base@5@A@@YAXXZ 0000000180023ab0 f    CIL library: CIL module
 0001:00022ac0       ??__F?s_uid@RGenerator@stdlib@lib2d@modules@UModSys@@2USUniquePointer@core@5@A@@YAXXZ 0000000180023ac0 f    CIL library: CIL module
 0001:00022ad0       ??__Fh@?1??s_holder@RGenerator@stdlib@lib2d@modules@UModSys@@SAAEAU?$TTypeStaticHolder@URGenerator@stdlib@lib2d@modules@UModSys@@@tl@5@XZ@YAXXZ 0000000180023ad0 f    CIL library: CIL module
 0001:00022b00       ??__F?s_id@?$TObjectUniqueID@URGenerator@stdlib@lib2d@modules@UModSys@@@tl@UModSys@@2USUniquePointer@core@3@A@@YAXXZ 0000000180023b00 f    CIL library: CIL module
 0001:00022b10       ??__F?s_id@?$TObjectUniqueID@URMultiImage@stdlib@lib2d@modules@UModSys@@@tl@UModSys@@2USUniquePointer@core@3@A@@YAXXZ 0000000180023b10 f    CIL library: CIL module
 0001:00022b20       ??__F?s_id@?$TObjectUniqueID@URImageFactory_Memory@stdlib@lib2d@modules@UModSys@@@tl@UModSys@@2USUniquePointer@core@3@A@@YAXXZ 0000000180023b20 f    CIL library: CIL module
 0001:00022b30       ??__F?s_id@?$TObjectUniqueID@URImage_Memory@stdlib@lib2d@modules@UModSys@@@tl@UModSys@@2USUniquePointer@core@3@A@@YAXXZ 0000000180023b30 f    CIL library: CIL module
 0001:00022b40       ??__F?s_modreg@RModuleReg@SDL_core@ui@modules@UModSys@@2U12345@A@@YAXXZ 0000000180023b40 f    CIL library: CIL module
 0001:00022b60       ??__F?s_modreg_chain@RModuleReg@SDL_core@ui@modules@UModSys@@2USModuleRegChain@base@5@A@@YAXXZ 0000000180023b60 f    CIL library: CIL module
 0001:00022b70       ??__F?s_uid@RGenerator@SDL_core@ui@modules@UModSys@@2USUniquePointer@core@5@A@@YAXXZ 0000000180023b70 f    CIL library: CIL module
 0001:00022b80       ??__Fh@?1??s_holder@RGenerator@SDL_core@ui@modules@UModSys@@SAAEAU?$TTypeStaticHolder@URGenerator@SDL_core@ui@modules@UModSys@@@tl@5@XZ@YAXXZ 0000000180023b80 f    CIL library: CIL module
 0001:00022bb0       ??__F?s_id@?$TObjectUniqueID@URGenerator@SDL_core@ui@modules@UModSys@@@tl@UModSys@@2USUniquePointer@core@3@A@@YAXXZ 0000000180023bb0 f    CIL library: CIL module
 0001:00022bc0       ??__F?s_id@?$TObjectUniqueID@URTerminal@SDL_core@ui@modules@UModSys@@@tl@UModSys@@2USUniquePointer@core@3@A@@YAXXZ 0000000180023bc0 f    CIL library: CIL module
 0001:00022bd0       ??__F?s_id@?$TObjectUniqueID@URKeyboardController@SDL_core@ui@modules@UModSys@@@tl@UModSys@@2USUniquePointer@core@3@A@@YAXXZ 0000000180023bd0 f    CIL library: CIL module
 0001:00022be0       ??__F?s_id@?$TObjectUniqueID@URMouseController@SDL_core@ui@modules@UModSys@@@tl@UModSys@@2USUniquePointer@core@3@A@@YAXXZ 0000000180023be0 f    CIL library: CIL module
 0001:00022bf0       ??__F?s_id@?$TObjectUniqueID@URRenderDriver2D@SDL_core@ui@modules@UModSys@@@tl@UModSys@@2USUniquePointer@core@3@A@@YAXXZ 0000000180023bf0 f    CIL library: CIL module
 0001:00022c00       ??__F?s_id@?$TObjectUniqueID@URMultiImage2D_SDL_ttf@SDL_core@ui@modules@UModSys@@@tl@UModSys@@2USUniquePointer@core@3@A@@YAXXZ 0000000180023c00 f    CIL library: CIL module
 0001:00022c10       ??__F?s_modreg@RModuleReg@frames@ui@modules@UModSys@@2U12345@A@@YAXXZ 0000000180023c10 f    CIL library: CIL module
 0001:00022c30       ??__F?s_modreg_chain@RModuleReg@frames@ui@modules@UModSys@@2USModuleRegChain@base@5@A@@YAXXZ 0000000180023c30 f    CIL library: CIL module
 0001:00022c40       ??__F?s_uid@RGenerator@frames@ui@modules@UModSys@@2USUniquePointer@core@5@A@@YAXXZ 0000000180023c40 f    CIL library: CIL module
 0001:00022c50       ??__Fh@?1??s_holder@RGenerator@frames@ui@modules@UModSys@@SAAEAU?$TTypeStaticHolder@URGenerator@frames@ui@modules@UModSys@@@tl@5@XZ@YAXXZ 0000000180023c50 f    CIL library: CIL module
 0001:00022c80       ??__F?s_id@?$TObjectUniqueID@URGenerator@frames@ui@modules@UModSys@@@tl@UModSys@@2USUniquePointer@core@3@A@@YAXXZ 0000000180023c80 f    CIL library: CIL module
 0001:00022c90       ??__F?s_id@?$TObjectUniqueID@URCollector@frames@ui@modules@UModSys@@@tl@UModSys@@2USUniquePointer@core@3@A@@YAXXZ 0000000180023c90 f    CIL library: CIL module
 0001:00022ca0       ??__F?s_id@?$TObjectUniqueID@URFrame_List@frames@ui@modules@UModSys@@@tl@UModSys@@2USUniquePointer@core@3@A@@YAXXZ 0000000180023ca0 f    CIL library: CIL module
 0001:00022cb0       ??__F?s_id@?$TObjectUniqueID@URFrame_Edit@frames@ui@modules@UModSys@@@tl@UModSys@@2USUniquePointer@core@3@A@@YAXXZ 0000000180023cb0 f    CIL library: CIL module
 0001:00022cc0       ??__F?s_id@?$TObjectUniqueID@URFrame_Button@frames@ui@modules@UModSys@@@tl@UModSys@@2USUniquePointer@core@3@A@@YAXXZ 0000000180023cc0 f    CIL library: CIL module
 0001:00022cd0       ??__F?s_id@?$TObjectUniqueID@URFrame_Text@frames@ui@modules@UModSys@@@tl@UModSys@@2USUniquePointer@core@3@A@@YAXXZ 0000000180023cd0 f    CIL library: CIL module
 0001:00022ce0       ??__F?s_id@?$TObjectUniqueID@URFrame_Image@frames@ui@modules@UModSys@@@tl@UModSys@@2USUniquePointer@core@3@A@@YAXXZ 0000000180023ce0 f    CIL library: CIL module
 0001:00022cf0       ??__F?s_id@?$TObjectUniqueID@URFrame_Frame@frames@ui@modules@UModSys@@@tl@UModSys@@2USUniquePointer@core@3@A@@YAXXZ 0000000180023cf0 f    CIL library: CIL module
 0001:00022d00       ??__F?s_id@?$TObjectUniqueID@URDialog@frames@ui@modules@UModSys@@@tl@UModSys@@2USUniquePointer@core@3@A@@YAXXZ 0000000180023d00 f    CIL library: CIL module
 0001:00022d10       ??__F?s_id@?$TObjectUniqueID@URFrame_Common@frames@ui@modules@UModSys@@@tl@UModSys@@2USUniquePointer@core@3@A@@YAXXZ 0000000180023d10 f    CIL library: CIL module
 0001:00022d20       ??__F?s_modreg@RModuleReg@images_std@media@modules@UModSys@@2U12345@A@@YAXXZ 0000000180023d20 f    CIL library: CIL module
 0001:00022d40       ??__F?s_modreg_chain@RModuleReg@images_std@media@modules@UModSys@@2USModuleRegChain@base@5@A@@YAXXZ 0000000180023d40 f    CIL library: CIL module
 0001:00022d50       ??__F?s_uid@RGenerator@images_std@media@modules@UModSys@@2USUniquePointer@core@5@A@@YAXXZ 0000000180023d50 f    CIL library: CIL module
 0001:00022d60       ??__Fh@?1??s_holder@RGenerator@images_std@media@modules@UModSys@@SAAEAU?$TTypeStaticHolder@URGenerator@images_std@media@modules@UModSys@@@tl@5@XZ@YAXXZ 0000000180023d60 f    CIL library: CIL module
 0001:00022d90       ??__F?s_id@?$TObjectUniqueID@URGenerator@images_std@media@modules@UModSys@@@tl@UModSys@@2USUniquePointer@core@3@A@@YAXXZ 0000000180023d90 f    CIL library: CIL module
 0001:00022da0       ??__F?s_id@?$TObjectUniqueID@URMediaFilter@images_std@media@modules@UModSys@@@tl@UModSys@@2USUniquePointer@core@3@A@@YAXXZ 0000000180023da0 f    CIL library: CIL module
 0001:00022db0       ??__F?s_modreg@RModuleReg@serialize_json@media@modules@UModSys@@2U12345@A@@YAXXZ 0000000180023db0 f    CIL library: CIL module
 0001:00022dd0       ??__F?s_modreg_chain@RModuleReg@serialize_json@media@modules@UModSys@@2USModuleRegChain@base@5@A@@YAXXZ 0000000180023dd0 f    CIL library: CIL module
 0001:00022de0       ??__F?s_uid@RGenerator@serialize_json@media@modules@UModSys@@2USUniquePointer@core@5@A@@YAXXZ 0000000180023de0 f    CIL library: CIL module
 0001:00022df0       ??__Fh@?1??s_holder@RGenerator@serialize_json@media@modules@UModSys@@SAAEAU?$TTypeStaticHolder@URGenerator@serialize_json@media@modules@UModSys@@@tl@5@XZ@YAXXZ 0000000180023df0 f    CIL library: CIL module
 0001:00022e20       ??__F?s_id@?$TObjectUniqueID@URGenerator@serialize_json@media@modules@UModSys@@@tl@UModSys@@2USUniquePointer@core@3@A@@YAXXZ 0000000180023e20 f    CIL library: CIL module
 0001:00022e30       ??__F?s_id@?$TObjectUniqueID@URSerializeWriter@serialize_json@media@modules@UModSys@@@tl@UModSys@@2USUniquePointer@core@3@A@@YAXXZ 0000000180023e30 f    CIL library: CIL module
 0001:00022e40       ??__F?s_id@?$TObjectUniqueID@URSerializeReader@serialize_json@media@modules@UModSys@@@tl@UModSys@@2USUniquePointer@core@3@A@@YAXXZ 0000000180023e40 f    CIL library: CIL module
 0001:00022e50       ??__F?s_modreg@RModuleReg@zlib@media@modules@UModSys@@2U12345@A@@YAXXZ 0000000180023e50 f    CIL library: CIL module
 0001:00022e70       ??__F?s_modreg_chain@RModuleReg@zlib@media@modules@UModSys@@2USModuleRegChain@base@5@A@@YAXXZ 0000000180023e70 f    CIL library: CIL module
 0001:00022e80       ??__F?s_uid@RGenerator@zlib@media@modules@UModSys@@2USUniquePointer@core@5@A@@YAXXZ 0000000180023e80 f    CIL library: CIL module
 0001:00022e90       ??__Fh@?1??s_holder@RGenerator@zlib@media@modules@UModSys@@SAAEAU?$TTypeStaticHolder@URGenerator@zlib@media@modules@UModSys@@@tl@5@XZ@YAXXZ 0000000180023e90 f    CIL library: CIL module
 0001:00022ec0       ??__F?s_id@?$TObjectUniqueID@URGenerator@zlib@media@modules@UModSys@@@tl@UModSys@@2USUniquePointer@core@3@A@@YAXXZ 0000000180023ec0 f    CIL library: CIL module
 0001:00022ed0       ??__F?s_id@?$TObjectUniqueID@URBinArchiveFrameClient_ZIP@zlib@media@modules@UModSys@@@tl@UModSys@@2USUniquePointer@core@3@A@@YAXXZ 0000000180023ed0 f    CIL library: CIL module
 0001:00022ee0       ??__FM@UModSys@@YAXXZ      0000000180023ee0 f    CIL library: CIL module
 0001:00022ef0       ??__F?root@SModuleRegChain@base@UModSys@@2U123@A@@YAXXZ 0000000180023ef0 f    CIL library: CIL module
 0001:00022f00       ??__F?s_library@RModuleLibraryReg_Chain@base@UModSys@@2U123@A@@YAXXZ 0000000180023f00 f    CIL library: CIL module
 0001:00022f10       ??__F?root@SUniquePointer@core@UModSys@@2U123@A@@YAXXZ 0000000180023f10 f    CIL library: CIL module

 Exports

  ordinal    name

        1    UModSys_Plugin_Entry2
