 plugin_test1

 Timestamp is 52b06871 (Tue Dec 17 18:06:25 2013)

 Preferred load address is 0000000180000000

 Start         Length     Name                   Class
 0001:00000000 0001acf0H .text                   CODE
 0001:0001acf0 0000005eH .text$00                CODE
 0001:0001ad50 0000176cH .text$x                 CODE
 0001:0001c4c0 00001652H .text$yc                CODE
 0001:0001db20 0000072cH .text$yd                CODE
 0002:00000000 00000350H .idata$5                DATA
 0002:00000350 00000008H .CRT$XCA                DATA
 0002:00000358 00000f98H .CRT$XCU                DATA
 0002:000012f0 00000008H .CRT$XCZ                DATA
 0002:000012f8 00000008H .CRT$XIA                DATA
 0002:00001300 00000008H .CRT$XIAA               DATA
 0002:00001308 00000008H .CRT$XIZ                DATA
 0002:00001310 000043b8H .rdata                  DATA
 0002:000056d0 000025c4H .rdata$r                DATA
 0002:00007c98 00000008H .rtc$IAA                DATA
 0002:00007ca0 00000008H .rtc$IZZ                DATA
 0002:00007ca8 00000008H .rtc$TAA                DATA
 0002:00007cb0 00000008H .rtc$TZZ                DATA
 0002:00007cb8 00003608H .xdata                  DATA
 0002:0000b2c0 00000064H .idata$2                DATA
 0002:0000b324 00000014H .idata$3                DATA
 0002:0000b338 00000350H .idata$4                DATA
 0002:0000b688 00000798H .idata$6                DATA
 0002:0000be20 00000059H .edata                  DATA
 0003:00000000 00001110H .data                   DATA
 0003:00001110 00001ac8H .bss                    DATA
 0004:00000000 000025bcH .pdata                  DATA

  Address         Publics by Value              Rva+Base               Lib:Object

 0000:00000000       ___safe_se_handler_count   0000000000000000     <absolute>
 0000:00000000       ___safe_se_handler_table   0000000000000000     <absolute>
 0000:00000000       __ImageBase                0000000180000000     <linker-defined>
 0001:00000000       ??1State@RImage_Memory@stdlib@lib2d@modules@UModSys@@QEAA@XZ 0000000180001000 f i umodsys_lib_lib2d:umodsys.mod.2d.stdlib.obj
 0001:00000000       ??1SMemShared@core@UModSys@@QEAA@XZ 0000000180001000 f i plugin_test1.obj
 0001:00000030       ??3IRoot@core@UModSys@@SAXPEAXAEBUSIMemAlloc@12@@Z 0000000180001030 f i plugin_test1.obj
 0001:00000040       ?bin_reader@ILibrary@libmedia@UModSys@@QEAA?AU?$TRefObject@UIStreamReader@libmedia@UModSys@@U?$TRefObjectFunc@UIStreamReader@libmedia@UModSys@@@tl@3@@tl@3@AEBU?$TString@U?$TSCoreConst@D@su@tl@UModSys@@U?$TComparerBinaryHash@D@234@@53@AEBU?$TFlags4State@USMediaFlagUid@libmedia@UModSys@@I@53@@Z 0000000180001040 f i plugin_test1.obj
 0001:00000080       ?bin_writer@ILibrary@libmedia@UModSys@@QEAA?AU?$TRefObject@UIStreamWriter@libmedia@UModSys@@U?$TRefObjectFunc@UIStreamWriter@libmedia@UModSys@@@tl@3@@tl@3@AEBU?$TString@U?$TSCoreConst@D@su@tl@UModSys@@U?$TComparerBinaryHash@D@234@@53@AEBU?$TFlags4State@USMediaFlagUid@libmedia@UModSys@@I@53@@Z 0000000180001080 f i plugin_test1.obj
 0001:000000c0       ?mount_add@ILibraryBinTree@libmedia@UModSys@@QEAA_NAEBU?$TString@U?$TSCoreConst@D@su@tl@UModSys@@U?$TComparerBinaryHash@D@234@@tl@3@PEAUIBinArchive@23@H@Z 00000001800010c0 f i plugin_test1.obj
 0001:00000160       ?mount_add@ILibraryBinTree@libmedia@UModSys@@QEAA_NAEBU?$TString@U?$TSCoreConst@D@su@tl@UModSys@@U?$TComparerBinaryHash@D@234@@tl@3@HPEAUIBinArchive@23@H@Z 0000000180001160 f i plugin_test1.obj
 0001:00000200       ?layer_push@ILibraryLayered@libmedia@UModSys@@QEAA_NPEAUILibrary@23@HAEBU?$TString@U?$TSCoreConst@D@su@tl@UModSys@@U?$TComparerBinaryHash@D@234@@tl@3@@Z 0000000180001200 f i plugin_test1.obj
 0001:000002a0       ??1SPoint@ILibraryBinTree@libmedia@UModSys@@QEAA@XZ 00000001800012a0 f i plugin_test1.obj
 0001:000002a0       ??1SLayer@ILibraryLayered@libmedia@UModSys@@QEAA@XZ 00000001800012a0 f i plugin_test1.obj
 0001:000002d0       ??_GIRoot@core@UModSys@@UEAAPEAXI@Z 00000001800012d0 f i plugin_test1.obj
 0001:000002d0       ??_EIRoot@core@UModSys@@UEAAPEAXI@Z 00000001800012d0 f i  CIL library: CIL module
 0001:00000300       ?root_get_interface_info@RTest1_Shell@test1@test@modules@UModSys@@UEBAAEBUSUniquePointerInfo@core@5@XZ 0000000180001300 f i plugin_test1.obj
 0001:00000310       ?root_get_interface_type@RTest1_Shell@test1@test@modules@UModSys@@UEBAPEBUSUniquePointerInfo@core@5@XZ 0000000180001310 f i plugin_test1.obj
 0001:00000320       ?root_get_other_interface@RTest1_Shell@test1@test@modules@UModSys@@UEBAPEBUIRoot@core@5@PEBUSUniquePointerInfo@75@@Z 0000000180001320 f i plugin_test1.obj
 0001:00000320       ?root_get_other_interface@RTest1_Shell@test1@test@modules@UModSys@@UEAAPEAUIRoot@core@5@PEBUSUniquePointerInfo@75@@Z 0000000180001320 f i plugin_test1.obj
 0001:00000350       ?root_is_interface_supported@RTest1_Shell@test1@test@modules@UModSys@@UEBA_NPEBUSUniquePointerInfo@core@5@@Z 0000000180001350 f i plugin_test1.obj
 0001:00000380       ?ref_add@RTest1_Shell@test1@test@modules@UModSys@@UEBAXXZ 0000000180001380 f i plugin_test1.obj
 0001:00000390       ?ref_remove@RTest1_Shell@test1@test@modules@UModSys@@UEBAXXZ 0000000180001390 f i plugin_test1.obj
 0001:000003b0       ?ref_links@RTest1_Shell@test1@test@modules@UModSys@@UEBAHXZ 00000001800013b0 f i plugin_test1.obj
 0001:000003c0       ?ref_weak@RTest1_Shell@test1@test@modules@UModSys@@UEBA_NAEAUWeakPointer@IRefObject@core@5@@Z 00000001800013c0 f i plugin_test1.obj
 0001:000003e0       ?suicide@RTest1_Shell@test1@test@modules@UModSys@@UEAAXXZ 00000001800013e0 f i plugin_test1.obj
 0001:00000430       ??0RTest1_Shell@test1@test@modules@UModSys@@QEAA@PEAUIModObject@base@4@@Z 0000000180001430 f i plugin_test1.obj
 0001:00000570       ??1RTest1_Shell@test1@test@modules@UModSys@@UEAA@XZ 0000000180001570 f i plugin_test1.obj
 0001:00000620       ?connect@RTest1_Shell@test1@test@modules@UModSys@@UEAA_NXZ 0000000180001620 f i plugin_test1.obj
 0001:00000650       ?disconnect@RTest1_Shell@test1@test@modules@UModSys@@UEAA_NXZ 0000000180001650 f i plugin_test1.obj
 0001:00000680       ?process_tick@RTest1_Shell@test1@test@modules@UModSys@@UEAA_NAEBUSTimeMsec@core@5@@Z 0000000180001680 f i plugin_test1.obj
 0001:000006c0       ?process_command@RTest1_Shell@test1@test@modules@UModSys@@UEAA_NHQEBU?$TString@U?$TSCoreConst@D@su@tl@UModSys@@U?$TComparerBinaryHash@D@234@@tl@5@@Z 00000001800016c0 f i plugin_test1.obj
 0001:000006f0       ??_GRTest1_Shell@test1@test@modules@UModSys@@UEAAPEAXI@Z 00000001800016f0 f i plugin_test1.obj
 0001:000006f0       ??_ERTest1_Shell@test1@test@modules@UModSys@@UEAAPEAXI@Z 00000001800016f0 f i  CIL library: CIL module
 0001:00000720       ??1IMouseController@libui@UModSys@@UEAA@XZ 0000000180001720 f i umodsys_lib_libui:umodsys.mod.ui.SDL_core.obj
 0001:00000720       ??1IImage@lib2d@UModSys@@UEAA@XZ 0000000180001720 f i umodsys_lib_lib2d:umodsys.mod.2d.stdlib.obj
 0001:00000720       ??1ICollector@libui@UModSys@@UEAA@XZ 0000000180001720 f i umodsys_lib_libui:umodsys.mod.ui.frames.obj
 0001:00000720       ??1IMultiImage@lib2d@UModSys@@UEAA@XZ 0000000180001720 f i umodsys_lib_libui:umodsys.mod.ui.SDL_core.obj
 0001:00000720       ??1IShell@base@UModSys@@UEAA@XZ 0000000180001720 f i plugin_test1.obj
 0001:00000720       ??1IBinObjFilter@libmedia@UModSys@@UEAA@XZ 0000000180001720 f i plugin_test1.obj
 0001:00000720       ??1IKeyboardController@libui@UModSys@@UEAA@XZ 0000000180001720 f i umodsys_lib_libui:umodsys.mod.ui.SDL_core.obj
 0001:00000720       ??1IFrame@libui@UModSys@@UEAA@XZ 0000000180001720 f i umodsys_lib_libui:umodsys.mod.ui.frames.obj
 0001:00000720       ??1ISerializeWriter@libmedia@UModSys@@UEAA@XZ 0000000180001720 f i umodsys_lib_libmedia:umodsys.mod.media.serialize_json.obj
 0001:00000720       ??1IRenderDriver@lib2d@UModSys@@UEAA@XZ 0000000180001720 f i umodsys_lib_libui:umodsys.mod.ui.SDL_core.obj
 0001:00000720       ??1IDialog@libui@UModSys@@UEAA@XZ 0000000180001720 f i umodsys_lib_libui:umodsys.mod.ui.frames.obj
 0001:00000720       ??1ITerminal@libui@UModSys@@UEAA@XZ 0000000180001720 f i umodsys_lib_libui:umodsys.mod.ui.SDL_core.obj
 0001:00000720       ??1ISerializeReader@libmedia@UModSys@@UEAA@XZ 0000000180001720 f i umodsys_lib_libmedia:umodsys.mod.media.serialize_json.obj
 0001:00000730       ?get_generated_names@RGenerator@test1@test@modules@UModSys@@UEBAHAEAUSUniquePtrList@core@5@@Z 0000000180001730 f i plugin_test1.obj
 0001:00000750       ?get_generated_types@RGenerator@test1@test@modules@UModSys@@UEBAHAEAUSUniquePtrList@core@5@PEBUSUniquePointerInfo@75@@Z 0000000180001750 f i plugin_test1.obj
 0001:000007b0       ?generate@RGenerator@test1@test@modules@UModSys@@UEAA_NAEAU?$TRefObject@UIRefObject@core@UModSys@@U?$TRefObjectFunc@UIRefObject@core@UModSys@@@tl@3@@tl@5@PEBUSUniquePointerInfo@core@5@AEBUSParameters@95@@Z 00000001800017b0 f i plugin_test1.obj
 0001:00000850       ?root_get_interface_info@RGenerator@test1@test@modules@UModSys@@UEBAAEBUSUniquePointerInfo@core@5@XZ 0000000180001850 f i plugin_test1.obj
 0001:00000860       ?root_get_interface_type@RGenerator@test1@test@modules@UModSys@@UEBAPEBUSUniquePointerInfo@core@5@XZ 0000000180001860 f i plugin_test1.obj
 0001:00000870       ?root_get_other_interface@RGenerator@test1@test@modules@UModSys@@UEAAPEAUIRoot@core@5@PEBUSUniquePointerInfo@75@@Z 0000000180001870 f i plugin_test1.obj
 0001:00000870       ?root_get_other_interface@RGenerator@test1@test@modules@UModSys@@UEBAPEBUIRoot@core@5@PEBUSUniquePointerInfo@75@@Z 0000000180001870 f i plugin_test1.obj
 0001:000008b0       ?root_is_interface_supported@RGenerator@test1@test@modules@UModSys@@UEBA_NPEBUSUniquePointerInfo@core@5@@Z 00000001800018b0 f i plugin_test1.obj
 0001:000008f0       ?ref_weak@RImage_Memory@stdlib@lib2d@modules@UModSys@@UEBA_NAEAUWeakPointer@IRefObject@core@5@@Z 00000001800018f0 f i umodsys_lib_lib2d:umodsys.mod.2d.stdlib.obj
 0001:000008f0       ?ref_weak@RKeyboardController@SDL_core@ui@modules@UModSys@@UEBA_NAEAUWeakPointer@IRefObject@core@5@@Z 00000001800018f0 f i umodsys_lib_libui:umodsys.mod.ui.SDL_core.obj
 0001:000008f0       ?ref_weak@RRenderDriver2D@SDL_core@ui@modules@UModSys@@UEBA_NAEAUWeakPointer@IRefObject@core@5@@Z 00000001800018f0 f i umodsys_lib_libui:umodsys.mod.ui.SDL_core.obj
 0001:000008f0       ?ref_weak@RGenerator@SDL_core@ui@modules@UModSys@@UEBA_NAEAUWeakPointer@IRefObject@core@5@@Z 00000001800018f0 f i umodsys_lib_libui:umodsys.mod.ui.SDL_core.obj
 0001:000008f0       ?ref_weak@RSerializeReader@serialize_json@media@modules@UModSys@@UEBA_NAEAUWeakPointer@IRefObject@core@5@@Z 00000001800018f0 f i umodsys_lib_libmedia:umodsys.mod.media.serialize_json.obj
 0001:000008f0       ?ref_weak@RGenerator@images_std@media@modules@UModSys@@UEBA_NAEAUWeakPointer@IRefObject@core@5@@Z 00000001800018f0 f i umodsys_lib_libmedia:umodsys.mod.media.images_std.obj
 0001:000008f0       ?ref_weak@RDialog@frames@ui@modules@UModSys@@UEBA_NAEAUWeakPointer@IRefObject@core@5@@Z 00000001800018f0 f i umodsys_lib_libui:umodsys.mod.ui.frames.obj
 0001:000008f0       ?ref_weak@RGenerator@frames@ui@modules@UModSys@@UEBA_NAEAUWeakPointer@IRefObject@core@5@@Z 00000001800018f0 f i umodsys_lib_libui:umodsys.mod.ui.frames.obj
 0001:000008f0       ?ref_weak@RMultiImage2D_SDL_ttf@SDL_core@ui@modules@UModSys@@UEBA_NAEAUWeakPointer@IRefObject@core@5@@Z 00000001800018f0 f i umodsys_lib_libui:umodsys.mod.ui.SDL_core.obj
 0001:000008f0       ?ref_weak@RTerminal@SDL_core@ui@modules@UModSys@@UEBA_NAEAUWeakPointer@IRefObject@core@5@@Z 00000001800018f0 f i umodsys_lib_libui:umodsys.mod.ui.SDL_core.obj
 0001:000008f0       ?ref_weak@RGenerator@serialize_json@media@modules@UModSys@@UEBA_NAEAUWeakPointer@IRefObject@core@5@@Z 00000001800018f0 f i umodsys_lib_libmedia:umodsys.mod.media.serialize_json.obj
 0001:000008f0       ?ref_weak@RMouseController@SDL_core@ui@modules@UModSys@@UEBA_NAEAUWeakPointer@IRefObject@core@5@@Z 00000001800018f0 f i umodsys_lib_libui:umodsys.mod.ui.SDL_core.obj
 0001:000008f0       ?ref_weak@RGenerator@test1@test@modules@UModSys@@UEBA_NAEAUWeakPointer@IRefObject@core@5@@Z 00000001800018f0 f i plugin_test1.obj
 0001:000008f0       ?ref_weak@RGenerator@stdlib@lib2d@modules@UModSys@@UEBA_NAEAUWeakPointer@IRefObject@core@5@@Z 00000001800018f0 f i umodsys_lib_lib2d:umodsys.mod.2d.stdlib.obj
 0001:00000910       ?get_uid@RGenerator@test1@test@modules@UModSys@@UEBAPEBUSUniquePointerInfo@core@5@XZ 0000000180001910 f i plugin_test1.obj
 0001:00000920       ?do_open@RModuleReg@test1@test@modules@UModSys@@UEAA_NXZ 0000000180001920 f i plugin_test1.obj
 0001:00000950       ?do_close@RModuleReg@test1@test@modules@UModSys@@UEAA_NXZ 0000000180001950 f i plugin_test1.obj
 0001:00000980       ??_ERModuleReg@test1@test@modules@UModSys@@UEAAPEAXI@Z 0000000180001980 f i  CIL library: CIL module
 0001:00000980       ??_GRModuleReg@test1@test@modules@UModSys@@UEAAPEAXI@Z 0000000180001980 f i plugin_test1.obj
 0001:000009b0       ?info_new@?$TSCoreShared@USIMemAlloc@core@UModSys@@D@su@tl@UModSys@@QEAA_NPEBD_K@Z 00000001800019b0 f i plugin_test1.obj
 0001:00000a70       ??$generate_type@UIImage@lib2d@UModSys@@@RTest1_Shell@test1@test@modules@UModSys@@QEAA?AU?$TRefObject@UIImage@lib2d@UModSys@@U?$TRefObjectFunc@UIImage@lib2d@UModSys@@@tl@3@@tl@4@AEBU?$TString@U?$TSCoreConst@D@su@tl@UModSys@@U?$TComparerBinaryHash@D@234@@64@AEBUSParameters@core@4@PEBD@Z 0000000180001a70 f i plugin_test1.obj
 0001:00000c60       ??$generate_type@UIBinArchive@libmedia@UModSys@@@RTest1_Shell@test1@test@modules@UModSys@@QEAA?AU?$TRefObject@UIBinArchive@libmedia@UModSys@@U?$TRefObjectFunc@UIBinArchive@libmedia@UModSys@@@tl@3@@tl@4@AEBU?$TString@U?$TSCoreConst@D@su@tl@UModSys@@U?$TComparerBinaryHash@D@234@@64@AEBUSParameters@core@4@PEBD@Z 0000000180001c60 f i plugin_test1.obj
 0001:00000e00       ??$generate_type@UIBinObjFilter@libmedia@UModSys@@@RTest1_Shell@test1@test@modules@UModSys@@QEAA?AU?$TRefObject@UIBinObjFilter@libmedia@UModSys@@U?$TRefObjectFunc@UIBinObjFilter@libmedia@UModSys@@@tl@3@@tl@4@AEBU?$TString@U?$TSCoreConst@D@su@tl@UModSys@@U?$TComparerBinaryHash@D@234@@64@AEBUSParameters@core@4@PEBD@Z 0000000180001e00 f i plugin_test1.obj
 0001:00000fa0       ??$generate_type@UILibraryBinTree@libmedia@UModSys@@@RTest1_Shell@test1@test@modules@UModSys@@QEAA?AU?$TRefObject@UILibraryBinTree@libmedia@UModSys@@U?$TRefObjectFunc@UILibraryBinTree@libmedia@UModSys@@@tl@3@@tl@4@AEBU?$TString@U?$TSCoreConst@D@su@tl@UModSys@@U?$TComparerBinaryHash@D@234@@64@AEBUSParameters@core@4@PEBD@Z 0000000180001fa0 f i plugin_test1.obj
 0001:00001140       ??$generate_type@UILibraryObjFilter@libmedia@UModSys@@@RTest1_Shell@test1@test@modules@UModSys@@QEAA?AU?$TRefObject@UILibraryObjFilter@libmedia@UModSys@@U?$TRefObjectFunc@UILibraryObjFilter@libmedia@UModSys@@@tl@3@@tl@4@AEBU?$TString@U?$TSCoreConst@D@su@tl@UModSys@@U?$TComparerBinaryHash@D@234@@64@AEBUSParameters@core@4@PEBD@Z 0000000180002140 f i plugin_test1.obj
 0001:000012e0       ??$generate_type@UILibraryLayered@libmedia@UModSys@@@RTest1_Shell@test1@test@modules@UModSys@@QEAA?AU?$TRefObject@UILibraryLayered@libmedia@UModSys@@U?$TRefObjectFunc@UILibraryLayered@libmedia@UModSys@@@tl@3@@tl@4@AEBU?$TString@U?$TSCoreConst@D@su@tl@UModSys@@U?$TComparerBinaryHash@D@234@@64@AEBUSParameters@core@4@PEBD@Z 00000001800022e0 f i plugin_test1.obj
 0001:00001480       ??$generate_type@UILibraryObjCache@libmedia@UModSys@@@RTest1_Shell@test1@test@modules@UModSys@@QEAA?AU?$TRefObject@UILibraryObjCache@libmedia@UModSys@@U?$TRefObjectFunc@UILibraryObjCache@libmedia@UModSys@@@tl@3@@tl@4@AEBU?$TString@U?$TSCoreConst@D@su@tl@UModSys@@U?$TComparerBinaryHash@D@234@@64@AEBUSParameters@core@4@PEBD@Z 0000000180002480 f i plugin_test1.obj
 0001:00001620       ??$generate_type@UILibraryBinCache@libmedia@UModSys@@@RTest1_Shell@test1@test@modules@UModSys@@QEAA?AU?$TRefObject@UILibraryBinCache@libmedia@UModSys@@U?$TRefObjectFunc@UILibraryBinCache@libmedia@UModSys@@@tl@3@@tl@4@AEBU?$TString@U?$TSCoreConst@D@su@tl@UModSys@@U?$TComparerBinaryHash@D@234@@64@AEBUSParameters@core@4@PEBD@Z 0000000180002620 f i plugin_test1.obj
 0001:000017c0       ??$generate_type@UISerializeWriter@libmedia@UModSys@@@RTest1_Shell@test1@test@modules@UModSys@@QEAA?AU?$TRefObject@UISerializeWriter@libmedia@UModSys@@U?$TRefObjectFunc@UISerializeWriter@libmedia@UModSys@@@tl@3@@tl@4@AEBU?$TString@U?$TSCoreConst@D@su@tl@UModSys@@U?$TComparerBinaryHash@D@234@@64@AEBUSParameters@core@4@PEBD@Z 00000001800027c0 f i plugin_test1.obj
 0001:00001960       ??$generate_type@UISerializeReader@libmedia@UModSys@@@RTest1_Shell@test1@test@modules@UModSys@@QEAA?AU?$TRefObject@UISerializeReader@libmedia@UModSys@@U?$TRefObjectFunc@UISerializeReader@libmedia@UModSys@@@tl@3@@tl@4@AEBU?$TString@U?$TSCoreConst@D@su@tl@UModSys@@U?$TComparerBinaryHash@D@234@@64@AEBUSParameters@core@4@PEBD@Z 0000000180002960 f i plugin_test1.obj
 0001:00001b00       ??$shash@D@su@tl@UModSys@@YAHPEBD_K@Z 0000000180002b00 f i plugin_test1.obj
 0001:00001b30       ??1?$TRefObject@UIModObject@base@UModSys@@U?$TModObjectFunc@UIModObject@base@UModSys@@@tl@3@@tl@UModSys@@QEAA@XZ 0000000180002b30 f i plugin_test1.obj
 0001:00001b60       ??$t_ref_get_other_interface@UIStreamReader@libmedia@UModSys@@U?$TRefObjectFunc@UIStreamReader@libmedia@UModSys@@@tl@3@@IRefObject@core@UModSys@@QEAA_NAEAU?$TRefObject@UIStreamReader@libmedia@UModSys@@U?$TRefObjectFunc@UIStreamReader@libmedia@UModSys@@@tl@3@@tl@2@@Z 0000000180002b60 f i plugin_test1.obj
 0001:00001bb0       ??$t_ref_get_other_interface@UIStreamWriter@libmedia@UModSys@@U?$TRefObjectFunc@UIStreamWriter@libmedia@UModSys@@@tl@3@@IRefObject@core@UModSys@@QEAA_NAEAU?$TRefObject@UIStreamWriter@libmedia@UModSys@@U?$TRefObjectFunc@UIStreamWriter@libmedia@UModSys@@@tl@3@@tl@2@@Z 0000000180002bb0 f i plugin_test1.obj
 0001:00001c00       ??$t_ref_get_other_interface@UIMultiImage@lib2d@UModSys@@U?$TRefObjectFunc@UIMultiImage@lib2d@UModSys@@@tl@3@@IRefObject@core@UModSys@@QEAA_NAEAU?$TRefObject@UIMultiImage@lib2d@UModSys@@U?$TRefObjectFunc@UIMultiImage@lib2d@UModSys@@@tl@3@@tl@2@@Z 0000000180002c00 f i plugin_test1.obj
 0001:00001c50       ??$t_generate@UIBinArchive@libmedia@UModSys@@@SModuleContext@base@UModSys@@QEAA_NAEAU?$TRefObject@UIBinArchive@libmedia@UModSys@@U?$TRefObjectFunc@UIBinArchive@libmedia@UModSys@@@tl@3@@tl@2@PEBUSUniquePointerInfo@core@2@AEBUSParameters@62@@Z 0000000180002c50 f i plugin_test1.obj
 0001:00001d20       ??$t_generate@UIBinObjFilter@libmedia@UModSys@@@SModuleContext@base@UModSys@@QEAA_NAEAU?$TRefObject@UIBinObjFilter@libmedia@UModSys@@U?$TRefObjectFunc@UIBinObjFilter@libmedia@UModSys@@@tl@3@@tl@2@PEBUSUniquePointerInfo@core@2@AEBUSParameters@62@@Z 0000000180002d20 f i plugin_test1.obj
 0001:00001df0       ??$t_generate@UILibraryBinTree@libmedia@UModSys@@@SModuleContext@base@UModSys@@QEAA_NAEAU?$TRefObject@UILibraryBinTree@libmedia@UModSys@@U?$TRefObjectFunc@UILibraryBinTree@libmedia@UModSys@@@tl@3@@tl@2@PEBUSUniquePointerInfo@core@2@AEBUSParameters@62@@Z 0000000180002df0 f i plugin_test1.obj
 0001:00001ec0       ??$t_generate@UILibraryObjFilter@libmedia@UModSys@@@SModuleContext@base@UModSys@@QEAA_NAEAU?$TRefObject@UILibraryObjFilter@libmedia@UModSys@@U?$TRefObjectFunc@UILibraryObjFilter@libmedia@UModSys@@@tl@3@@tl@2@PEBUSUniquePointerInfo@core@2@AEBUSParameters@62@@Z 0000000180002ec0 f i plugin_test1.obj
 0001:00001f90       ??$t_generate@UILibraryLayered@libmedia@UModSys@@@SModuleContext@base@UModSys@@QEAA_NAEAU?$TRefObject@UILibraryLayered@libmedia@UModSys@@U?$TRefObjectFunc@UILibraryLayered@libmedia@UModSys@@@tl@3@@tl@2@PEBUSUniquePointerInfo@core@2@AEBUSParameters@62@@Z 0000000180002f90 f i plugin_test1.obj
 0001:00002060       ??$t_generate@UILibraryObjCache@libmedia@UModSys@@@SModuleContext@base@UModSys@@QEAA_NAEAU?$TRefObject@UILibraryObjCache@libmedia@UModSys@@U?$TRefObjectFunc@UILibraryObjCache@libmedia@UModSys@@@tl@3@@tl@2@PEBUSUniquePointerInfo@core@2@AEBUSParameters@62@@Z 0000000180003060 f i plugin_test1.obj
 0001:00002130       ??$t_generate@UILibraryBinCache@libmedia@UModSys@@@SModuleContext@base@UModSys@@QEAA_NAEAU?$TRefObject@UILibraryBinCache@libmedia@UModSys@@U?$TRefObjectFunc@UILibraryBinCache@libmedia@UModSys@@@tl@3@@tl@2@PEBUSUniquePointerInfo@core@2@AEBUSParameters@62@@Z 0000000180003130 f i plugin_test1.obj
 0001:00002200       ??$t_generate@UISerializeWriter@libmedia@UModSys@@@SModuleContext@base@UModSys@@QEAA_NAEAU?$TRefObject@UISerializeWriter@libmedia@UModSys@@U?$TRefObjectFunc@UISerializeWriter@libmedia@UModSys@@@tl@3@@tl@2@PEBUSUniquePointerInfo@core@2@AEBUSParameters@62@@Z 0000000180003200 f i plugin_test1.obj
 0001:000022d0       ??$t_generate@UISerializeReader@libmedia@UModSys@@@SModuleContext@base@UModSys@@QEAA_NAEAU?$TRefObject@UISerializeReader@libmedia@UModSys@@U?$TRefObjectFunc@UISerializeReader@libmedia@UModSys@@@tl@3@@tl@2@PEBUSUniquePointerInfo@core@2@AEBUSParameters@62@@Z 00000001800032d0 f i plugin_test1.obj
 0001:000023a0       ??$t_ref_get_other_interface@UIImage@lib2d@UModSys@@U?$TRefObjectFunc@UIImage@lib2d@UModSys@@@tl@3@@IRefObject@core@UModSys@@QEAA_NAEAU?$TRefObject@UIImage@lib2d@UModSys@@U?$TRefObjectFunc@UIImage@lib2d@UModSys@@@tl@3@@tl@2@@Z 00000001800033a0 f i plugin_test1.obj
 0001:000023f0       ?root_get_interface_info@RImage_Memory@stdlib@lib2d@modules@UModSys@@UEBAAEBUSUniquePointerInfo@core@5@XZ 00000001800033f0 f i umodsys_lib_lib2d:umodsys.mod.2d.stdlib.obj
 0001:00002400       ?root_get_interface_type@RImage_Memory@stdlib@lib2d@modules@UModSys@@UEBAPEBUSUniquePointerInfo@core@5@XZ 0000000180003400 f i umodsys_lib_lib2d:umodsys.mod.2d.stdlib.obj
 0001:00002410       ?root_get_other_interface@RImage_Memory@stdlib@lib2d@modules@UModSys@@UEBAPEBUIRoot@core@5@PEBUSUniquePointerInfo@75@@Z 0000000180003410 f i umodsys_lib_lib2d:umodsys.mod.2d.stdlib.obj
 0001:00002410       ?root_get_other_interface@RImage_Memory@stdlib@lib2d@modules@UModSys@@UEAAPEAUIRoot@core@5@PEBUSUniquePointerInfo@75@@Z 0000000180003410 f i umodsys_lib_lib2d:umodsys.mod.2d.stdlib.obj
 0001:00002440       ?root_is_interface_supported@RImage_Memory@stdlib@lib2d@modules@UModSys@@UEBA_NPEBUSUniquePointerInfo@core@5@@Z 0000000180003440 f i umodsys_lib_lib2d:umodsys.mod.2d.stdlib.obj
 0001:00002470       ?suicide@RTerminal@SDL_core@ui@modules@UModSys@@UEAAXXZ 0000000180003470 f i umodsys_lib_libui:umodsys.mod.ui.SDL_core.obj
 0001:00002470       ?suicide@RSerializeReader@serialize_json@media@modules@UModSys@@UEAAXXZ 0000000180003470 f i umodsys_lib_libmedia:umodsys.mod.media.serialize_json.obj
 0001:00002470       ?suicide@RImage_Memory@stdlib@lib2d@modules@UModSys@@UEAAXXZ 0000000180003470 f i umodsys_lib_lib2d:umodsys.mod.2d.stdlib.obj
 0001:000024c0       ?set_info@RImage_Memory@stdlib@lib2d@modules@UModSys@@UEAA_NAEBUSImagePatchInfo@35@PEBD@Z 00000001800034c0 f i umodsys_lib_lib2d:umodsys.mod.2d.stdlib.obj
 0001:00002680       ?set_data@RImage_Memory@stdlib@lib2d@modules@UModSys@@UEAA_NAEBUSImagePatchInfo@35@AEBUSCMem@core@5@H@Z 0000000180003680 f i umodsys_lib_lib2d:umodsys.mod.2d.stdlib.obj
 0001:00002850       ?get_info@RImage_Memory@stdlib@lib2d@modules@UModSys@@UEBAAEBUSImageInfo@35@XZ 0000000180003850 f i umodsys_lib_lib2d:umodsys.mod.2d.stdlib.obj
 0001:00002860       ?get_data@RImage_Memory@stdlib@lib2d@modules@UModSys@@UEBA_NAEBUSImagePatchInfo@35@AEBUSMem@core@5@H@Z 0000000180003860 f i umodsys_lib_lib2d:umodsys.mod.2d.stdlib.obj
 0001:00002a40       ??0RImage_Memory@stdlib@lib2d@modules@UModSys@@QEAA@PEAUIModObject@base@4@AEBUSParameters@core@4@@Z 0000000180003a40 f i umodsys_lib_lib2d:umodsys.mod.2d.stdlib.obj
 0001:00002b00       ??4State@RImage_Memory@stdlib@lib2d@modules@UModSys@@QEAAAEAU012345@AEBU012345@@Z 0000000180003b00 f i umodsys_lib_lib2d:umodsys.mod.2d.stdlib.obj
 0001:00002be0       ??_GRImage_Memory@stdlib@lib2d@modules@UModSys@@UEAAPEAXI@Z 0000000180003be0 f i umodsys_lib_lib2d:umodsys.mod.2d.stdlib.obj
 0001:00002be0       ??_ERImage_Memory@stdlib@lib2d@modules@UModSys@@UEAAPEAXI@Z 0000000180003be0 f i  CIL library: CIL module
 0001:00002c40       ?get_generated_names@RGenerator@stdlib@lib2d@modules@UModSys@@UEBAHAEAUSUniquePtrList@core@5@@Z 0000000180003c40 f i umodsys_lib_lib2d:umodsys.mod.2d.stdlib.obj
 0001:00002c60       ?get_generated_types@RGenerator@stdlib@lib2d@modules@UModSys@@UEBAHAEAUSUniquePtrList@core@5@PEBUSUniquePointerInfo@75@@Z 0000000180003c60 f i umodsys_lib_lib2d:umodsys.mod.2d.stdlib.obj
 0001:00002cc0       ?generate@RGenerator@stdlib@lib2d@modules@UModSys@@UEAA_NAEAU?$TRefObject@UIRefObject@core@UModSys@@U?$TRefObjectFunc@UIRefObject@core@UModSys@@@tl@3@@tl@5@PEBUSUniquePointerInfo@core@5@AEBUSParameters@95@@Z 0000000180003cc0 f i umodsys_lib_lib2d:umodsys.mod.2d.stdlib.obj
 0001:00002d40       ?root_get_interface_info@RGenerator@stdlib@lib2d@modules@UModSys@@UEBAAEBUSUniquePointerInfo@core@5@XZ 0000000180003d40 f i umodsys_lib_lib2d:umodsys.mod.2d.stdlib.obj
 0001:00002d50       ?root_get_interface_type@RGenerator@stdlib@lib2d@modules@UModSys@@UEBAPEBUSUniquePointerInfo@core@5@XZ 0000000180003d50 f i umodsys_lib_lib2d:umodsys.mod.2d.stdlib.obj
 0001:00002d60       ?root_get_other_interface@RGenerator@stdlib@lib2d@modules@UModSys@@UEBAPEBUIRoot@core@5@PEBUSUniquePointerInfo@75@@Z 0000000180003d60 f i umodsys_lib_lib2d:umodsys.mod.2d.stdlib.obj
 0001:00002d60       ?root_get_other_interface@RGenerator@stdlib@lib2d@modules@UModSys@@UEAAPEAUIRoot@core@5@PEBUSUniquePointerInfo@75@@Z 0000000180003d60 f i umodsys_lib_lib2d:umodsys.mod.2d.stdlib.obj
 0001:00002da0       ?root_is_interface_supported@RGenerator@stdlib@lib2d@modules@UModSys@@UEBA_NPEBUSUniquePointerInfo@core@5@@Z 0000000180003da0 f i umodsys_lib_lib2d:umodsys.mod.2d.stdlib.obj
 0001:00002de0       ?ref_add@RGenerator@stdlib@lib2d@modules@UModSys@@UEBAXXZ 0000000180003de0 f i umodsys_lib_lib2d:umodsys.mod.2d.stdlib.obj
 0001:00002de0       ?ref_add@RTerminal@SDL_core@ui@modules@UModSys@@UEBAXXZ 0000000180003de0 f i umodsys_lib_libui:umodsys.mod.ui.SDL_core.obj
 0001:00002de0       ?ref_add@RGenerator@images_std@media@modules@UModSys@@UEBAXXZ 0000000180003de0 f i umodsys_lib_libmedia:umodsys.mod.media.images_std.obj
 0001:00002de0       ?ref_add@RDialog@frames@ui@modules@UModSys@@UEBAXXZ 0000000180003de0 f i umodsys_lib_libui:umodsys.mod.ui.frames.obj
 0001:00002de0       ?ref_add@RMouseController@SDL_core@ui@modules@UModSys@@UEBAXXZ 0000000180003de0 f i umodsys_lib_libui:umodsys.mod.ui.SDL_core.obj
 0001:00002de0       ?ref_add@RGenerator@serialize_json@media@modules@UModSys@@UEBAXXZ 0000000180003de0 f i umodsys_lib_libmedia:umodsys.mod.media.serialize_json.obj
 0001:00002de0       ?ref_add@RKeyboardController@SDL_core@ui@modules@UModSys@@UEBAXXZ 0000000180003de0 f i umodsys_lib_libui:umodsys.mod.ui.SDL_core.obj
 0001:00002de0       ?ref_add@RRenderDriver2D@SDL_core@ui@modules@UModSys@@UEBAXXZ 0000000180003de0 f i umodsys_lib_libui:umodsys.mod.ui.SDL_core.obj
 0001:00002de0       ?ref_add@RImage_Memory@stdlib@lib2d@modules@UModSys@@UEBAXXZ 0000000180003de0 f i umodsys_lib_lib2d:umodsys.mod.2d.stdlib.obj
 0001:00002de0       ?ref_add@RGenerator@test1@test@modules@UModSys@@UEBAXXZ 0000000180003de0 f i plugin_test1.obj
 0001:00002de0       ?ref_add@RGenerator@SDL_core@ui@modules@UModSys@@UEBAXXZ 0000000180003de0 f i umodsys_lib_libui:umodsys.mod.ui.SDL_core.obj
 0001:00002de0       ?ref_add@RGenerator@frames@ui@modules@UModSys@@UEBAXXZ 0000000180003de0 f i umodsys_lib_libui:umodsys.mod.ui.frames.obj
 0001:00002de0       ?ref_add@RMultiImage2D_SDL_ttf@SDL_core@ui@modules@UModSys@@UEBAXXZ 0000000180003de0 f i umodsys_lib_libui:umodsys.mod.ui.SDL_core.obj
 0001:00002de0       ?ref_add@RSerializeReader@serialize_json@media@modules@UModSys@@UEBAXXZ 0000000180003de0 f i umodsys_lib_libmedia:umodsys.mod.media.serialize_json.obj
 0001:00002df0       ?suicide@RGenerator@test1@test@modules@UModSys@@UEAAXXZ 0000000180003df0 f i plugin_test1.obj
 0001:00002df0       ?suicide@RGenerator@SDL_core@ui@modules@UModSys@@UEAAXXZ 0000000180003df0 f i umodsys_lib_libui:umodsys.mod.ui.SDL_core.obj
 0001:00002df0       ?render_box@RRenderDriver2D@SDL_core@ui@modules@UModSys@@UEAAXPEAUIImage@lib2d@5@AEBU?$TVector2@H@math3d@5@1AEBU?$TVector2@M@95@2@Z 0000000180003df0 f i umodsys_lib_libui:umodsys.mod.ui.SDL_core.obj
 0001:00002df0       ?suicide@RGenerator@stdlib@lib2d@modules@UModSys@@UEAAXXZ 0000000180003df0 f i umodsys_lib_lib2d:umodsys.mod.2d.stdlib.obj
 0001:00002df0       ?suicide@RGenerator@images_std@media@modules@UModSys@@UEAAXXZ 0000000180003df0 f i umodsys_lib_libmedia:umodsys.mod.media.images_std.obj
 0001:00002df0       ?suicide@RGenerator@serialize_json@media@modules@UModSys@@UEAAXXZ 0000000180003df0 f i umodsys_lib_libmedia:umodsys.mod.media.serialize_json.obj
 0001:00002df0       ??3@YAXPEAX0@Z             0000000180003df0 f i plugin_test1.obj
 0001:00002df0       ?suicide@RGenerator@frames@ui@modules@UModSys@@UEAAXXZ 0000000180003df0 f i umodsys_lib_libui:umodsys.mod.ui.frames.obj
 0001:00002e00       ?get_uid@RGenerator@stdlib@lib2d@modules@UModSys@@UEBAPEBUSUniquePointerInfo@core@5@XZ 0000000180003e00 f i umodsys_lib_lib2d:umodsys.mod.2d.stdlib.obj
 0001:00002e10       ?do_open@RModuleReg@stdlib@lib2d@modules@UModSys@@UEAA_NXZ 0000000180003e10 f i umodsys_lib_lib2d:umodsys.mod.2d.stdlib.obj
 0001:00002e20       ?do_close@RModuleReg@stdlib@lib2d@modules@UModSys@@UEAA_NXZ 0000000180003e20 f i umodsys_lib_lib2d:umodsys.mod.2d.stdlib.obj
 0001:00002e30       ??_ERModuleReg@stdlib@lib2d@modules@UModSys@@UEAAPEAXI@Z 0000000180003e30 f i  CIL library: CIL module
 0001:00002e30       ??_GRModuleReg@stdlib@lib2d@modules@UModSys@@UEAAPEAXI@Z 0000000180003e30 f i umodsys_lib_lib2d:umodsys.mod.2d.stdlib.obj
 0001:00002e60       ??$ValidateConstruction@UIRefObject@core@UModSys@@URImage_Memory@stdlib@lib2d@modules@3@@core@UModSys@@YA_NAEAU?$TRefObject@UIRefObject@core@UModSys@@U?$TRefObjectFunc@UIRefObject@core@UModSys@@@tl@3@@tl@1@PEAURImage_Memory@stdlib@lib2d@modules@1@@Z 0000000180003e60 f i umodsys_lib_lib2d:umodsys.mod.2d.stdlib.obj
 0001:00002e60       ??$ValidateConstruction@UIRefObject@core@UModSys@@URTerminal@SDL_core@ui@modules@3@@core@UModSys@@YA_NAEAU?$TRefObject@UIRefObject@core@UModSys@@U?$TRefObjectFunc@UIRefObject@core@UModSys@@@tl@3@@tl@1@PEAURTerminal@SDL_core@ui@modules@1@@Z 0000000180003e60 f i umodsys_lib_libui:umodsys.mod.ui.SDL_core.obj
 0001:00002e60       ??$ValidateConstruction@UIRefObject@core@UModSys@@URMediaFilter@images_std@media@modules@3@@core@UModSys@@YA_NAEAU?$TRefObject@UIRefObject@core@UModSys@@U?$TRefObjectFunc@UIRefObject@core@UModSys@@@tl@3@@tl@1@PEAURMediaFilter@images_std@media@modules@1@@Z 0000000180003e60 f i umodsys_lib_libmedia:umodsys.mod.media.images_std.obj
 0001:00002ed0       ?root_get_interface_info@RMultiImage2D_SDL_ttf@SDL_core@ui@modules@UModSys@@UEBAAEBUSUniquePointerInfo@core@5@XZ 0000000180003ed0 f i umodsys_lib_libui:umodsys.mod.ui.SDL_core.obj
 0001:00002ee0       ?root_get_interface_type@RMultiImage2D_SDL_ttf@SDL_core@ui@modules@UModSys@@UEBAPEBUSUniquePointerInfo@core@5@XZ 0000000180003ee0 f i umodsys_lib_libui:umodsys.mod.ui.SDL_core.obj
 0001:00002ef0       ?root_get_other_interface@RMultiImage2D_SDL_ttf@SDL_core@ui@modules@UModSys@@UEBAPEBUIRoot@core@5@PEBUSUniquePointerInfo@75@@Z 0000000180003ef0 f i umodsys_lib_libui:umodsys.mod.ui.SDL_core.obj
 0001:00002ef0       ?root_get_other_interface@RMultiImage2D_SDL_ttf@SDL_core@ui@modules@UModSys@@UEAAPEAUIRoot@core@5@PEBUSUniquePointerInfo@75@@Z 0000000180003ef0 f i umodsys_lib_libui:umodsys.mod.ui.SDL_core.obj
 0001:00002f20       ?root_is_interface_supported@RMultiImage2D_SDL_ttf@SDL_core@ui@modules@UModSys@@UEBA_NPEBUSUniquePointerInfo@core@5@@Z 0000000180003f20 f i umodsys_lib_libui:umodsys.mod.ui.SDL_core.obj
 0001:00002f50       ?ref_links@RGenerator@images_std@media@modules@UModSys@@UEBAHXZ 0000000180003f50 f i umodsys_lib_libmedia:umodsys.mod.media.images_std.obj
 0001:00002f50       ?ref_links@RKeyboardController@SDL_core@ui@modules@UModSys@@UEBAHXZ 0000000180003f50 f i umodsys_lib_libui:umodsys.mod.ui.SDL_core.obj
 0001:00002f50       ?ref_links@RGenerator@SDL_core@ui@modules@UModSys@@UEBAHXZ 0000000180003f50 f i umodsys_lib_libui:umodsys.mod.ui.SDL_core.obj
 0001:00002f50       ?ref_links@RSerializeReader@serialize_json@media@modules@UModSys@@UEBAHXZ 0000000180003f50 f i umodsys_lib_libmedia:umodsys.mod.media.serialize_json.obj
 0001:00002f50       ?ref_links@RGenerator@stdlib@lib2d@modules@UModSys@@UEBAHXZ 0000000180003f50 f i umodsys_lib_lib2d:umodsys.mod.2d.stdlib.obj
 0001:00002f50       ?ref_links@RMultiImage2D_SDL_ttf@SDL_core@ui@modules@UModSys@@UEBAHXZ 0000000180003f50 f i umodsys_lib_libui:umodsys.mod.ui.SDL_core.obj
 0001:00002f50       ?ref_links@RRenderDriver2D@SDL_core@ui@modules@UModSys@@UEBAHXZ 0000000180003f50 f i umodsys_lib_libui:umodsys.mod.ui.SDL_core.obj
 0001:00002f50       ?ref_links@RDialog@frames@ui@modules@UModSys@@UEBAHXZ 0000000180003f50 f i umodsys_lib_libui:umodsys.mod.ui.frames.obj
 0001:00002f50       ?ref_links@RGenerator@test1@test@modules@UModSys@@UEBAHXZ 0000000180003f50 f i plugin_test1.obj
 0001:00002f50       ?ref_links@RMouseController@SDL_core@ui@modules@UModSys@@UEBAHXZ 0000000180003f50 f i umodsys_lib_libui:umodsys.mod.ui.SDL_core.obj
 0001:00002f50       ?ref_links@RTerminal@SDL_core@ui@modules@UModSys@@UEBAHXZ 0000000180003f50 f i umodsys_lib_libui:umodsys.mod.ui.SDL_core.obj
 0001:00002f50       ?ref_links@RImage_Memory@stdlib@lib2d@modules@UModSys@@UEBAHXZ 0000000180003f50 f i umodsys_lib_lib2d:umodsys.mod.2d.stdlib.obj
 0001:00002f50       ?ref_links@RGenerator@serialize_json@media@modules@UModSys@@UEBAHXZ 0000000180003f50 f i umodsys_lib_libmedia:umodsys.mod.media.serialize_json.obj
 0001:00002f50       ?ref_links@RGenerator@frames@ui@modules@UModSys@@UEBAHXZ 0000000180003f50 f i umodsys_lib_libui:umodsys.mod.ui.frames.obj
 0001:00002f60       ??0RMultiImage2D_SDL_ttf@SDL_core@ui@modules@UModSys@@QEAA@PEAURRenderDriver2D@1234@AEBUSParameters@core@4@@Z 0000000180003f60 f i umodsys_lib_libui:umodsys.mod.ui.SDL_core.obj
 0001:00003000       ?open@RMultiImage2D_SDL_ttf@SDL_core@ui@modules@UModSys@@QEAA_NAEBUSParameters@core@5@@Z 0000000180004000 f i umodsys_lib_libui:umodsys.mod.ui.SDL_core.obj
 0001:00003100       ?generate_glyphs@RMultiImage2D_SDL_ttf@SDL_core@ui@modules@UModSys@@QEAA_NXZ 0000000180004100 f i umodsys_lib_libui:umodsys.mod.ui.SDL_core.obj
 0001:00003260       ??_ERMultiImage2D_SDL_ttf@SDL_core@ui@modules@UModSys@@UEAAPEAXI@Z 0000000180004260 f i  CIL library: CIL module
 0001:00003260       ??_GRMultiImage2D_SDL_ttf@SDL_core@ui@modules@UModSys@@UEAAPEAXI@Z 0000000180004260 f i umodsys_lib_libui:umodsys.mod.ui.SDL_core.obj
 0001:000032e0       ?root_get_interface_info@RRenderDriver2D@SDL_core@ui@modules@UModSys@@UEBAAEBUSUniquePointerInfo@core@5@XZ 00000001800042e0 f i umodsys_lib_libui:umodsys.mod.ui.SDL_core.obj
 0001:000032f0       ?root_get_interface_type@RRenderDriver2D@SDL_core@ui@modules@UModSys@@UEBAPEBUSUniquePointerInfo@core@5@XZ 00000001800042f0 f i umodsys_lib_libui:umodsys.mod.ui.SDL_core.obj
 0001:00003300       ?root_get_other_interface@RRenderDriver2D@SDL_core@ui@modules@UModSys@@UEAAPEAUIRoot@core@5@PEBUSUniquePointerInfo@75@@Z 0000000180004300 f i umodsys_lib_libui:umodsys.mod.ui.SDL_core.obj
 0001:00003300       ?root_get_other_interface@RRenderDriver2D@SDL_core@ui@modules@UModSys@@UEBAPEBUIRoot@core@5@PEBUSUniquePointerInfo@75@@Z 0000000180004300 f i umodsys_lib_libui:umodsys.mod.ui.SDL_core.obj
 0001:00003330       ?root_is_interface_supported@RRenderDriver2D@SDL_core@ui@modules@UModSys@@UEBA_NPEBUSUniquePointerInfo@core@5@@Z 0000000180004330 f i umodsys_lib_libui:umodsys.mod.ui.SDL_core.obj
 0001:00003360       ?suicide@RMouseController@SDL_core@ui@modules@UModSys@@UEAAXXZ 0000000180004360 f i umodsys_lib_libui:umodsys.mod.ui.SDL_core.obj
 0001:00003360       ?suicide@RDialog@frames@ui@modules@UModSys@@UEAAXXZ 0000000180004360 f i umodsys_lib_libui:umodsys.mod.ui.frames.obj
 0001:00003360       ?suicide@RRenderDriver2D@SDL_core@ui@modules@UModSys@@UEAAXXZ 0000000180004360 f i umodsys_lib_libui:umodsys.mod.ui.SDL_core.obj
 0001:00003360       ?suicide@RMultiImage2D_SDL_ttf@SDL_core@ui@modules@UModSys@@UEAAXXZ 0000000180004360 f i umodsys_lib_libui:umodsys.mod.ui.SDL_core.obj
 0001:00003360       ?suicide@RKeyboardController@SDL_core@ui@modules@UModSys@@UEAAXXZ 0000000180004360 f i umodsys_lib_libui:umodsys.mod.ui.SDL_core.obj
 0001:000033b0       ??0RRenderDriver2D@SDL_core@ui@modules@UModSys@@QEAA@PEAURTerminal@1234@AEBUSParameters@core@4@@Z 00000001800043b0 f i umodsys_lib_libui:umodsys.mod.ui.SDL_core.obj
 0001:00003500       ??1RRenderDriver2D@SDL_core@ui@modules@UModSys@@UEAA@XZ 0000000180004500 f i umodsys_lib_libui:umodsys.mod.ui.SDL_core.obj
 0001:000035d0       ?open@RRenderDriver2D@SDL_core@ui@modules@UModSys@@QEAA_NAEBUSParameters@core@5@@Z 00000001800045d0 f i umodsys_lib_libui:umodsys.mod.ui.SDL_core.obj
 0001:000037f0       ?set_color@RRenderDriver2D@SDL_core@ui@modules@UModSys@@QEAAXXZ 00000001800047f0 f i umodsys_lib_libui:umodsys.mod.ui.SDL_core.obj
 0001:00003870       ?begin@RRenderDriver2D@SDL_core@ui@modules@UModSys@@UEAAXXZ 0000000180004870 f i umodsys_lib_libui:umodsys.mod.ui.SDL_core.obj
 0001:000038e0       ?end@RRenderDriver2D@SDL_core@ui@modules@UModSys@@UEAAXXZ 00000001800048e0 f i umodsys_lib_libui:umodsys.mod.ui.SDL_core.obj
 0001:00003900       ?get_max_values@RRenderDriver2D@SDL_core@ui@modules@UModSys@@UEBAPEBUSParameters@core@5@XZ 0000000180004900 f i umodsys_lib_libui:umodsys.mod.ui.SDL_core.obj
 0001:00003910       ?get_frame_values@RRenderDriver2D@SDL_core@ui@modules@UModSys@@UEBAPEBUSParameters@core@5@XZ 0000000180004910 f i umodsys_lib_libui:umodsys.mod.ui.SDL_core.obj
 0001:00003920       ?setup_font@RRenderDriver2D@SDL_core@ui@modules@UModSys@@UEAA_NPEAUIMultiImage@lib2d@5@PEBU?$TVector2@M@math3d@5@@Z 0000000180004920 f i umodsys_lib_libui:umodsys.mod.ui.SDL_core.obj
 0001:00003990       ?setup_color@RRenderDriver2D@SDL_core@ui@modules@UModSys@@UEAAXAEBU?$TVector3@M@math3d@5@@Z 0000000180004990 f i umodsys_lib_libui:umodsys.mod.ui.SDL_core.obj
 0001:000039c0       ?setup_color@RRenderDriver2D@SDL_core@ui@modules@UModSys@@UEAAXAEBU?$TVector3@H@math3d@5@@Z 00000001800049c0 f i umodsys_lib_libui:umodsys.mod.ui.SDL_core.obj
 0001:00003a10       ?setup_coloralpha@RRenderDriver2D@SDL_core@ui@modules@UModSys@@UEAAXAEBU?$TVector4@M@math3d@5@H@Z 0000000180004a10 f i umodsys_lib_libui:umodsys.mod.ui.SDL_core.obj
 0001:00003a40       ?setup_coloralpha@RRenderDriver2D@SDL_core@ui@modules@UModSys@@UEAAXAEBU?$TVector4@H@math3d@5@H@Z 0000000180004a40 f i umodsys_lib_libui:umodsys.mod.ui.SDL_core.obj
 0001:00003ab0       ?setup_blendcolor@RRenderDriver2D@SDL_core@ui@modules@UModSys@@UEAAXAEBUSBlendColor@lib2d@5@@Z 0000000180004ab0 f i umodsys_lib_libui:umodsys.mod.ui.SDL_core.obj
 0001:00003b20       ?setup_blendcolor@RRenderDriver2D@SDL_core@ui@modules@UModSys@@UEAAXAEBUSBlendColorf@lib2d@5@@Z 0000000180004b20 f i umodsys_lib_libui:umodsys.mod.ui.SDL_core.obj
 0001:00003b80       ?setup_alpha@RRenderDriver2D@SDL_core@ui@modules@UModSys@@UEAAXHH@Z 0000000180004b80 f i umodsys_lib_libui:umodsys.mod.ui.SDL_core.obj
 0001:00003bb0       ?setup_alpha@RRenderDriver2D@SDL_core@ui@modules@UModSys@@UEAAXMH@Z 0000000180004bb0 f i umodsys_lib_libui:umodsys.mod.ui.SDL_core.obj
 0001:00003bd0       ?render_text_advanced@RRenderDriver2D@SDL_core@ui@modules@UModSys@@UEAA_NAEAUTextInfo@IRenderDriver@lib2d@5@PEBHH@Z 0000000180004bd0 f i umodsys_lib_libui:umodsys.mod.ui.SDL_core.obj
 0001:00003e20       ?render_box@RRenderDriver2D@SDL_core@ui@modules@UModSys@@UEAAXAEBU?$TVector2@H@math3d@5@0@Z 0000000180004e20 f i umodsys_lib_libui:umodsys.mod.ui.SDL_core.obj
 0001:00003e70       ?render_tri@RRenderDriver2D@SDL_core@ui@modules@UModSys@@UEAAXAEBU?$TVector2@H@math3d@5@00@Z 0000000180004e70 f i umodsys_lib_libui:umodsys.mod.ui.SDL_core.obj
 0001:00003ef0       ?render_quad@RRenderDriver2D@SDL_core@ui@modules@UModSys@@UEAAXAEBU?$TVector2@H@math3d@5@000@Z 0000000180004ef0 f i umodsys_lib_libui:umodsys.mod.ui.SDL_core.obj
 0001:00003fa0       ?render_line@RRenderDriver2D@SDL_core@ui@modules@UModSys@@UEAAXAEBU?$TVector2@H@math3d@5@0@Z 0000000180004fa0 f i umodsys_lib_libui:umodsys.mod.ui.SDL_core.obj
 0001:00003fd0       ?render_rect@RRenderDriver2D@SDL_core@ui@modules@UModSys@@UEAAXAEBU?$TVector2@H@math3d@5@0@Z 0000000180004fd0 f i umodsys_lib_libui:umodsys.mod.ui.SDL_core.obj
 0001:00004020       ??_ERRenderDriver2D@SDL_core@ui@modules@UModSys@@UEAAPEAXI@Z 0000000180005020 f i  CIL library: CIL module
 0001:00004020       ??_GRRenderDriver2D@SDL_core@ui@modules@UModSys@@UEAAPEAXI@Z 0000000180005020 f i umodsys_lib_libui:umodsys.mod.ui.SDL_core.obj
 0001:00004050       ??1SParameters@core@UModSys@@QEAA@XZ 0000000180005050 f i plugin_test1.obj
 0001:00004050       ??1?$TParametersA@$0BAA@@core@UModSys@@QEAA@XZ 0000000180005050 f i umodsys_lib_libui:umodsys.mod.ui.SDL_core.obj
 0001:00004050       ??1?$TParametersA@$0EAA@@core@UModSys@@QEAA@XZ 0000000180005050 f i plugin_test1.obj
 0001:00004070       ?root_get_interface_info@RMouseController@SDL_core@ui@modules@UModSys@@UEBAAEBUSUniquePointerInfo@core@5@XZ 0000000180005070 f i umodsys_lib_libui:umodsys.mod.ui.SDL_core.obj
 0001:00004080       ?root_get_interface_type@RMouseController@SDL_core@ui@modules@UModSys@@UEBAPEBUSUniquePointerInfo@core@5@XZ 0000000180005080 f i umodsys_lib_libui:umodsys.mod.ui.SDL_core.obj
 0001:00004090       ?root_get_other_interface@RMouseController@SDL_core@ui@modules@UModSys@@UEAAPEAUIRoot@core@5@PEBUSUniquePointerInfo@75@@Z 0000000180005090 f i umodsys_lib_libui:umodsys.mod.ui.SDL_core.obj
 0001:00004090       ?root_get_other_interface@RMouseController@SDL_core@ui@modules@UModSys@@UEBAPEBUIRoot@core@5@PEBUSUniquePointerInfo@75@@Z 0000000180005090 f i umodsys_lib_libui:umodsys.mod.ui.SDL_core.obj
 0001:000040c0       ?root_is_interface_supported@RMouseController@SDL_core@ui@modules@UModSys@@UEBA_NPEBUSUniquePointerInfo@core@5@@Z 00000001800050c0 f i umodsys_lib_libui:umodsys.mod.ui.SDL_core.obj
 0001:000040f0       ?process@RMouseController@SDL_core@ui@modules@UModSys@@QEAA_NAEAUSDL_MouseMotionEvent@@@Z 00000001800050f0 f i umodsys_lib_libui:umodsys.mod.ui.SDL_core.obj
 0001:00004270       ?process@RMouseController@SDL_core@ui@modules@UModSys@@QEAA_NAEAUSDL_MouseButtonEvent@@@Z 0000000180005270 f i umodsys_lib_libui:umodsys.mod.ui.SDL_core.obj
 0001:000043c0       ?process@RMouseController@SDL_core@ui@modules@UModSys@@QEAA_NAEAUSDL_MouseWheelEvent@@@Z 00000001800053c0 f i umodsys_lib_libui:umodsys.mod.ui.SDL_core.obj
 0001:000044d0       ?mouse_link@RMouseController@SDL_core@ui@modules@UModSys@@UEAA_NHPEAUIRefObject@core@5@PEAUIMouseClient@libui@5@H@Z 00000001800054d0 f i umodsys_lib_libui:umodsys.mod.ui.SDL_core.obj
 0001:00004570       ??_ERMouseController@SDL_core@ui@modules@UModSys@@UEAAPEAXI@Z 0000000180005570 f i  CIL library: CIL module
 0001:00004570       ??_GRMouseController@SDL_core@ui@modules@UModSys@@UEAAPEAXI@Z 0000000180005570 f i umodsys_lib_libui:umodsys.mod.ui.SDL_core.obj
 0001:000045e0       ?root_get_interface_info@RKeyboardController@SDL_core@ui@modules@UModSys@@UEBAAEBUSUniquePointerInfo@core@5@XZ 00000001800055e0 f i umodsys_lib_libui:umodsys.mod.ui.SDL_core.obj
 0001:000045f0       ?root_get_interface_type@RKeyboardController@SDL_core@ui@modules@UModSys@@UEBAPEBUSUniquePointerInfo@core@5@XZ 00000001800055f0 f i umodsys_lib_libui:umodsys.mod.ui.SDL_core.obj
 0001:00004600       ?root_get_other_interface@RKeyboardController@SDL_core@ui@modules@UModSys@@UEAAPEAUIRoot@core@5@PEBUSUniquePointerInfo@75@@Z 0000000180005600 f i umodsys_lib_libui:umodsys.mod.ui.SDL_core.obj
 0001:00004600       ?root_get_other_interface@RKeyboardController@SDL_core@ui@modules@UModSys@@UEBAPEBUIRoot@core@5@PEBUSUniquePointerInfo@75@@Z 0000000180005600 f i umodsys_lib_libui:umodsys.mod.ui.SDL_core.obj
 0001:00004630       ?root_is_interface_supported@RKeyboardController@SDL_core@ui@modules@UModSys@@UEBA_NPEBUSUniquePointerInfo@core@5@@Z 0000000180005630 f i umodsys_lib_libui:umodsys.mod.ui.SDL_core.obj
 0001:00004660       ?process@RKeyboardController@SDL_core@ui@modules@UModSys@@QEAA_NAEAUSDL_KeyboardEvent@@@Z 0000000180005660 f i umodsys_lib_libui:umodsys.mod.ui.SDL_core.obj
 0001:00004770       ?process@RKeyboardController@SDL_core@ui@modules@UModSys@@QEAA_NAEAUSDL_TextInputEvent@@@Z 0000000180005770 f i umodsys_lib_libui:umodsys.mod.ui.SDL_core.obj
 0001:00004880       ?map_keycode@RKeyboardController@SDL_core@ui@modules@UModSys@@QEAA?AW4eKeyCode@libui@5@H@Z 0000000180005880 f i umodsys_lib_libui:umodsys.mod.ui.SDL_core.obj
 0001:00004de0       ?map_keyspecial@RKeyboardController@SDL_core@ui@modules@UModSys@@QEAAFG@Z 0000000180005de0 f i umodsys_lib_libui:umodsys.mod.ui.SDL_core.obj
 0001:00004e80       ?key_unlink@RKeyboardController@SDL_core@ui@modules@UModSys@@UEAA_NH@Z 0000000180005e80 f i umodsys_lib_libui:umodsys.mod.ui.SDL_core.obj
 0001:00004e80       ?mouse_unlink@RMouseController@SDL_core@ui@modules@UModSys@@UEAA_NH@Z 0000000180005e80 f i umodsys_lib_libui:umodsys.mod.ui.SDL_core.obj
 0001:00004f00       ?key_link@RKeyboardController@SDL_core@ui@modules@UModSys@@UEAA_NHPEAUIRefObject@core@5@PEAUIKeyboardClient@libui@5@@Z 0000000180005f00 f i umodsys_lib_libui:umodsys.mod.ui.SDL_core.obj
 0001:00004f90       ?key_setvisible@RKeyboardController@SDL_core@ui@modules@UModSys@@UEAA_N_N@Z 0000000180005f90 f i umodsys_lib_libui:umodsys.mod.ui.SDL_core.obj
 0001:00004fb0       ??_ERKeyboardController@SDL_core@ui@modules@UModSys@@UEAAPEAXI@Z 0000000180005fb0 f i  CIL library: CIL module
 0001:00004fb0       ??_GRKeyboardController@SDL_core@ui@modules@UModSys@@UEAAPEAXI@Z 0000000180005fb0 f i umodsys_lib_libui:umodsys.mod.ui.SDL_core.obj
 0001:00005020       ?root_get_interface_info@RTerminal@SDL_core@ui@modules@UModSys@@UEBAAEBUSUniquePointerInfo@core@5@XZ 0000000180006020 f i umodsys_lib_libui:umodsys.mod.ui.SDL_core.obj
 0001:00005030       ?root_get_interface_type@RTerminal@SDL_core@ui@modules@UModSys@@UEBAPEBUSUniquePointerInfo@core@5@XZ 0000000180006030 f i umodsys_lib_libui:umodsys.mod.ui.SDL_core.obj
 0001:00005040       ?root_get_other_interface@RTerminal@SDL_core@ui@modules@UModSys@@UEAAPEAUIRoot@core@5@PEBUSUniquePointerInfo@75@@Z 0000000180006040 f i umodsys_lib_libui:umodsys.mod.ui.SDL_core.obj
 0001:00005040       ?root_get_other_interface@RTerminal@SDL_core@ui@modules@UModSys@@UEBAPEBUIRoot@core@5@PEBUSUniquePointerInfo@75@@Z 0000000180006040 f i umodsys_lib_libui:umodsys.mod.ui.SDL_core.obj
 0001:00005070       ?root_is_interface_supported@RTerminal@SDL_core@ui@modules@UModSys@@UEBA_NPEBUSUniquePointerInfo@core@5@@Z 0000000180006070 f i umodsys_lib_libui:umodsys.mod.ui.SDL_core.obj
 0001:000050a0       ??0RTerminal@SDL_core@ui@modules@UModSys@@QEAA@PEAUIModObject@base@4@AEBUSParameters@core@4@@Z 00000001800060a0 f i umodsys_lib_libui:umodsys.mod.ui.SDL_core.obj
 0001:00005150       ??1RTerminal@SDL_core@ui@modules@UModSys@@UEAA@XZ 0000000180006150 f i umodsys_lib_libui:umodsys.mod.ui.SDL_core.obj
 0001:00005210       ?poll_events@RTerminal@SDL_core@ui@modules@UModSys@@UEAA_NH@Z 0000000180006210 f i umodsys_lib_libui:umodsys.mod.ui.SDL_core.obj
 0001:00005380       ?get_terminal_state@RTerminal@SDL_core@ui@modules@UModSys@@UEAA_NW4eTerminalState@libui@5@@Z 0000000180006380 f i umodsys_lib_libui:umodsys.mod.ui.SDL_core.obj
 0001:00005390       ?set_terminal_state@RTerminal@SDL_core@ui@modules@UModSys@@UEAA_NW4eTerminalState@libui@5@_N@Z 0000000180006390 f i umodsys_lib_libui:umodsys.mod.ui.SDL_core.obj
 0001:00005420       ?get_clock@RTerminal@SDL_core@ui@modules@UModSys@@UEAANXZ 0000000180006420 f i umodsys_lib_libui:umodsys.mod.ui.SDL_core.obj
 0001:00005440       ?wait@RTerminal@SDL_core@ui@modules@UModSys@@UEAA_NM@Z 0000000180006440 f i umodsys_lib_libui:umodsys.mod.ui.SDL_core.obj
 0001:00005460       ?get_count@RTerminal@SDL_core@ui@modules@UModSys@@UEBA_KPEBUSUniquePointerInfo@core@5@@Z 0000000180006460 f i umodsys_lib_libui:umodsys.mod.ui.SDL_core.obj
 0001:000054a0       ?get_handler@RTerminal@SDL_core@ui@modules@UModSys@@UEBAPEAUIRefObject@core@5@PEBUSUniquePointerInfo@75@_K@Z 00000001800064a0 f i umodsys_lib_libui:umodsys.mod.ui.SDL_core.obj
 0001:000054e0       ?create_handler@RTerminal@SDL_core@ui@modules@UModSys@@UEAA_NPEBUSUniquePointerInfo@core@5@AEAU?$TRefObject@UIRefObject@core@UModSys@@U?$TRefObjectFunc@UIRefObject@core@UModSys@@@tl@3@@tl@5@PEBDPEBUSParameters@75@@Z 00000001800064e0 f i umodsys_lib_libui:umodsys.mod.ui.SDL_core.obj
 0001:000057f0       ??_ERTerminal@SDL_core@ui@modules@UModSys@@UEAAPEAXI@Z 00000001800067f0 f i  CIL library: CIL module
 0001:000057f0       ??_GRTerminal@SDL_core@ui@modules@UModSys@@UEAAPEAXI@Z 00000001800067f0 f i umodsys_lib_libui:umodsys.mod.ui.SDL_core.obj
 0001:00005820       ?get_generated_names@RGenerator@SDL_core@ui@modules@UModSys@@UEBAHAEAUSUniquePtrList@core@5@@Z 0000000180006820 f i umodsys_lib_libui:umodsys.mod.ui.SDL_core.obj
 0001:00005840       ?get_generated_types@RGenerator@SDL_core@ui@modules@UModSys@@UEBAHAEAUSUniquePtrList@core@5@PEBUSUniquePointerInfo@75@@Z 0000000180006840 f i umodsys_lib_libui:umodsys.mod.ui.SDL_core.obj
 0001:000058a0       ?generate@RGenerator@SDL_core@ui@modules@UModSys@@UEAA_NAEAU?$TRefObject@UIRefObject@core@UModSys@@U?$TRefObjectFunc@UIRefObject@core@UModSys@@@tl@3@@tl@5@PEBUSUniquePointerInfo@core@5@AEBUSParameters@95@@Z 00000001800068a0 f i umodsys_lib_libui:umodsys.mod.ui.SDL_core.obj
 0001:00005920       ?root_get_interface_info@RGenerator@SDL_core@ui@modules@UModSys@@UEBAAEBUSUniquePointerInfo@core@5@XZ 0000000180006920 f i umodsys_lib_libui:umodsys.mod.ui.SDL_core.obj
 0001:00005930       ?root_get_interface_type@RGenerator@SDL_core@ui@modules@UModSys@@UEBAPEBUSUniquePointerInfo@core@5@XZ 0000000180006930 f i umodsys_lib_libui:umodsys.mod.ui.SDL_core.obj
 0001:00005940       ?root_get_other_interface@RGenerator@SDL_core@ui@modules@UModSys@@UEBAPEBUIRoot@core@5@PEBUSUniquePointerInfo@75@@Z 0000000180006940 f i umodsys_lib_libui:umodsys.mod.ui.SDL_core.obj
 0001:00005940       ?root_get_other_interface@RGenerator@SDL_core@ui@modules@UModSys@@UEAAPEAUIRoot@core@5@PEBUSUniquePointerInfo@75@@Z 0000000180006940 f i umodsys_lib_libui:umodsys.mod.ui.SDL_core.obj
 0001:00005980       ?root_is_interface_supported@RGenerator@SDL_core@ui@modules@UModSys@@UEBA_NPEBUSUniquePointerInfo@core@5@@Z 0000000180006980 f i umodsys_lib_libui:umodsys.mod.ui.SDL_core.obj
 0001:000059c0       ?get_uid@RGenerator@SDL_core@ui@modules@UModSys@@UEBAPEBUSUniquePointerInfo@core@5@XZ 00000001800069c0 f i umodsys_lib_libui:umodsys.mod.ui.SDL_core.obj
 0001:000059d0       ?do_open@RModuleReg@SDL_core@ui@modules@UModSys@@UEAA_NXZ 00000001800069d0 f i umodsys_lib_libui:umodsys.mod.ui.SDL_core.obj
 0001:000059e0       ?do_close@RModuleReg@SDL_core@ui@modules@UModSys@@UEAA_NXZ 00000001800069e0 f i umodsys_lib_libui:umodsys.mod.ui.SDL_core.obj
 0001:000059f0       ??_GRModuleReg@SDL_core@ui@modules@UModSys@@UEAAPEAXI@Z 00000001800069f0 f i umodsys_lib_libui:umodsys.mod.ui.SDL_core.obj
 0001:000059f0       ??_ERModuleReg@SDL_core@ui@modules@UModSys@@UEAAPEAXI@Z 00000001800069f0 f i  CIL library: CIL module
 0001:00005a20       ??1?$TScatterArray@UGlyph@RMultiImage2D_SDL_ttf@SDL_core@ui@modules@UModSys@@HU?$TScalarCompare@H@core@6@U?$TNodeDeleter0@U?$TScatterArrayNode@UGlyph@RMultiImage2D_SDL_ttf@SDL_core@ui@modules@UModSys@@H@tl@UModSys@@@tl@6@@tl@UModSys@@QEAA@XZ 0000000180006a20 f i umodsys_lib_libui:umodsys.mod.ui.SDL_core.obj
 0001:00005a50       ??_EIRefObject@core@UModSys@@UEAAPEAXI@Z 0000000180006a50 f i  CIL library: CIL module
 0001:00005a50       ??_ERGenerator@stdlib@lib2d@modules@UModSys@@UEAAPEAXI@Z 0000000180006a50 f i  CIL library: CIL module
 0001:00005a50       ??_GRGenerator@stdlib@lib2d@modules@UModSys@@UEAAPEAXI@Z 0000000180006a50 f i umodsys_lib_lib2d:umodsys.mod.2d.stdlib.obj
 0001:00005a50       ??_ERGenerator@images_std@media@modules@UModSys@@UEAAPEAXI@Z 0000000180006a50 f i  CIL library: CIL module
 0001:00005a50       ??_GRGenerator@images_std@media@modules@UModSys@@UEAAPEAXI@Z 0000000180006a50 f i umodsys_lib_libmedia:umodsys.mod.media.images_std.obj
 0001:00005a50       ??_ERGenerator@frames@ui@modules@UModSys@@UEAAPEAXI@Z 0000000180006a50 f i  CIL library: CIL module
 0001:00005a50       ??_GIRefObject@core@UModSys@@UEAAPEAXI@Z 0000000180006a50 f i plugin_test1.obj
 0001:00005a50       ??_ERGenerator@serialize_json@media@modules@UModSys@@UEAAPEAXI@Z 0000000180006a50 f i  CIL library: CIL module
 0001:00005a50       ??_GRGenerator@frames@ui@modules@UModSys@@UEAAPEAXI@Z 0000000180006a50 f i umodsys_lib_libui:umodsys.mod.ui.frames.obj
 0001:00005a50       ??_ERGenerator@test1@test@modules@UModSys@@UEAAPEAXI@Z 0000000180006a50 f i  CIL library: CIL module
 0001:00005a50       ??_GRGenerator@test1@test@modules@UModSys@@UEAAPEAXI@Z 0000000180006a50 f i plugin_test1.obj
 0001:00005a50       ??_GRGenerator@SDL_core@ui@modules@UModSys@@UEAAPEAXI@Z 0000000180006a50 f i umodsys_lib_libui:umodsys.mod.ui.SDL_core.obj
 0001:00005a50       ??_GRGenerator@serialize_json@media@modules@UModSys@@UEAAPEAXI@Z 0000000180006a50 f i umodsys_lib_libmedia:umodsys.mod.media.serialize_json.obj
 0001:00005a50       ??_ERGenerator@SDL_core@ui@modules@UModSys@@UEAAPEAXI@Z 0000000180006a50 f i  CIL library: CIL module
 0001:00005a80       ??R?$TNodeDeleter0@U?$TScatterArrayNode@U?$TRefObjectCompositeExtra@UIMouseClient@libui@UModSys@@HUIRefObject@core@3@U?$TRefObjectFunc@UIRefObject@core@UModSys@@@tl@3@@tl@UModSys@@H@tl@UModSys@@@tl@UModSys@@QEBAHPEAU?$TScatterArrayNode@U?$TRefObjectCompositeExtra@UIMouseClient@libui@UModSys@@HUIRefObject@core@3@U?$TRefObjectFunc@UIRefObject@core@UModSys@@@tl@3@@tl@UModSys@@H@12@@Z 0000000180006a80 f i umodsys_lib_libui:umodsys.mod.ui.SDL_core.obj
 0001:00005a80       ??R?$TNodeDeleter0@U?$TScatterArrayNode@U?$TRefObjectComposite@UIKeyboardClient@libui@UModSys@@UIRefObject@core@3@U?$TRefObjectFunc@UIRefObject@core@UModSys@@@tl@3@@tl@UModSys@@H@tl@UModSys@@@tl@UModSys@@QEBAHPEAU?$TScatterArrayNode@U?$TRefObjectComposite@UIKeyboardClient@libui@UModSys@@UIRefObject@core@3@U?$TRefObjectFunc@UIRefObject@core@UModSys@@@tl@3@@tl@UModSys@@H@12@@Z 0000000180006a80 f i umodsys_lib_libui:umodsys.mod.ui.SDL_core.obj
 0001:00005b00       ?remove_node@?$TTreeHoldRB@U?$TScatterArrayNode@U?$TRefObjectComposite@UIKeyboardClient@libui@UModSys@@UIRefObject@core@3@U?$TRefObjectFunc@UIRefObject@core@UModSys@@@tl@3@@tl@UModSys@@H@tl@UModSys@@@tl@UModSys@@QEAAXPEAU?$TScatterArrayNode@U?$TRefObjectComposite@UIKeyboardClient@libui@UModSys@@UIRefObject@core@3@U?$TRefObjectFunc@UIRefObject@core@UModSys@@@tl@3@@tl@UModSys@@H@23@@Z 0000000180006b00 f i umodsys_lib_libui:umodsys.mod.ui.SDL_core.obj
 0001:00005b00       ?remove_node@?$TTreeHoldRB@U?$TScatterArrayNode@U?$TRefObjectCompositeExtra@UIMouseClient@libui@UModSys@@HUIRefObject@core@3@U?$TRefObjectFunc@UIRefObject@core@UModSys@@@tl@3@@tl@UModSys@@H@tl@UModSys@@@tl@UModSys@@QEAAXPEAU?$TScatterArrayNode@U?$TRefObjectCompositeExtra@UIMouseClient@libui@UModSys@@HUIRefObject@core@3@U?$TRefObjectFunc@UIRefObject@core@UModSys@@@tl@3@@tl@UModSys@@H@23@@Z 0000000180006b00 f i umodsys_lib_libui:umodsys.mod.ui.SDL_core.obj
 0001:00005c20       ??1?$TPair@HU?$TRefObjectComposite@UIKeyboardClient@libui@UModSys@@UIRefObject@core@3@U?$TRefObjectFunc@UIRefObject@core@UModSys@@@tl@3@@tl@UModSys@@@tl@UModSys@@QEAA@XZ 0000000180006c20 f i umodsys_lib_libui:umodsys.mod.ui.SDL_core.obj
 0001:00005c20       ??1?$TPair@HU?$TRefObjectCompositeExtra@UIMouseClient@libui@UModSys@@HUIRefObject@core@3@U?$TRefObjectFunc@UIRefObject@core@UModSys@@@tl@3@@tl@UModSys@@@tl@UModSys@@QEAA@XZ 0000000180006c20 f i umodsys_lib_libui:umodsys.mod.ui.SDL_core.obj
 0001:00005c70       ??1?$TRefObjectComposite@UIKeyboardClient@libui@UModSys@@UIRefObject@core@3@U?$TRefObjectFunc@UIRefObject@core@UModSys@@@tl@3@@tl@UModSys@@QEAA@XZ 0000000180006c70 f i umodsys_lib_libui:umodsys.mod.ui.SDL_core.obj
 0001:00005c70       ??1?$TRefObjectCompositeExtra@UIMouseClient@libui@UModSys@@HUIRefObject@core@3@U?$TRefObjectFunc@UIRefObject@core@UModSys@@@tl@3@@tl@UModSys@@QEAA@XZ 0000000180006c70 f i umodsys_lib_libui:umodsys.mod.ui.SDL_core.obj
 0001:00005cc0       ??$t_ref_get_other_interface@URMultiImage2D_SDL_ttf@SDL_core@ui@modules@UModSys@@U?$TRefObjectWeakFunc@URMultiImage2D_SDL_ttf@SDL_core@ui@modules@UModSys@@@tl@5@@IRefObject@core@UModSys@@QEAA_NAEAU?$TRefObject@URMultiImage2D_SDL_ttf@SDL_core@ui@modules@UModSys@@U?$TRefObjectWeakFunc@URMultiImage2D_SDL_ttf@SDL_core@ui@modules@UModSys@@@tl@5@@tl@2@@Z 0000000180006cc0 f i umodsys_lib_libui:umodsys.mod.ui.SDL_core.obj
 0001:00005d40       ?remove_color@?$TTreeHoldRB@U?$TScatterArrayNode@U?$TRefObjectCompositeExtra@UIMouseClient@libui@UModSys@@HUIRefObject@core@3@U?$TRefObjectFunc@UIRefObject@core@UModSys@@@tl@3@@tl@UModSys@@H@tl@UModSys@@@tl@UModSys@@IEAAXPEAU?$TScatterArrayNode@U?$TRefObjectCompositeExtra@UIMouseClient@libui@UModSys@@HUIRefObject@core@3@U?$TRefObjectFunc@UIRefObject@core@UModSys@@@tl@3@@tl@UModSys@@H@23@0@Z 0000000180006d40 f i umodsys_lib_libui:umodsys.mod.ui.SDL_core.obj
 0001:00005d40       ?remove_color@?$TTreeHoldRB@U?$TScatterArrayNode@U?$TRefObjectComposite@UIKeyboardClient@libui@UModSys@@UIRefObject@core@3@U?$TRefObjectFunc@UIRefObject@core@UModSys@@@tl@3@@tl@UModSys@@H@tl@UModSys@@@tl@UModSys@@IEAAXPEAU?$TScatterArrayNode@U?$TRefObjectComposite@UIKeyboardClient@libui@UModSys@@UIRefObject@core@3@U?$TRefObjectFunc@UIRefObject@core@UModSys@@@tl@3@@tl@UModSys@@H@23@0@Z 0000000180006d40 f i umodsys_lib_libui:umodsys.mod.ui.SDL_core.obj
 0001:00006000       ??$t_close@U?$TRefObject@URRenderDriver2D@SDL_core@ui@modules@UModSys@@U?$TRefObjectWeakFunc@URRenderDriver2D@SDL_core@ui@modules@UModSys@@@tl@5@@tl@UModSys@@@SDL_core@ui@modules@UModSys@@YA_NAEAU?$TScatterArray@U?$TRefObject@URRenderDriver2D@SDL_core@ui@modules@UModSys@@U?$TRefObjectWeakFunc@URRenderDriver2D@SDL_core@ui@modules@UModSys@@@tl@5@@tl@UModSys@@HU?$TScalarCompare@H@core@3@U?$TNodeDeleter0@U?$TScatterArrayNode@U?$TRefObject@URRenderDriver2D@SDL_core@ui@modules@UModSys@@U?$TRefObjectWeakFunc@URRenderDriver2D@SDL_core@ui@modules@UModSys@@@tl@5@@tl@UModSys@@H@tl@UModSys@@@23@@tl@3@@Z 0000000180007000 f i umodsys_lib_libui:umodsys.mod.ui.SDL_core.obj
 0001:000060f0       ??$t_count@U?$TRefObject@URRenderDriver2D@SDL_core@ui@modules@UModSys@@U?$TRefObjectWeakFunc@URRenderDriver2D@SDL_core@ui@modules@UModSys@@@tl@5@@tl@UModSys@@@SDL_core@ui@modules@UModSys@@YA_KAEBU?$TScatterArray@U?$TRefObject@URRenderDriver2D@SDL_core@ui@modules@UModSys@@U?$TRefObjectWeakFunc@URRenderDriver2D@SDL_core@ui@modules@UModSys@@@tl@5@@tl@UModSys@@HU?$TScalarCompare@H@core@3@U?$TNodeDeleter0@U?$TScatterArrayNode@U?$TRefObject@URRenderDriver2D@SDL_core@ui@modules@UModSys@@U?$TRefObjectWeakFunc@URRenderDriver2D@SDL_core@ui@modules@UModSys@@@tl@5@@tl@UModSys@@H@tl@UModSys@@@23@@tl@3@@Z 00000001800070f0 f i umodsys_lib_libui:umodsys.mod.ui.SDL_core.obj
 0001:00006170       ??$t_get@U?$TRefObject@URRenderDriver2D@SDL_core@ui@modules@UModSys@@U?$TRefObjectWeakFunc@URRenderDriver2D@SDL_core@ui@modules@UModSys@@@tl@5@@tl@UModSys@@@SDL_core@ui@modules@UModSys@@YAPEAUIRefObject@core@3@AEBU?$TScatterArray@U?$TRefObject@URRenderDriver2D@SDL_core@ui@modules@UModSys@@U?$TRefObjectWeakFunc@URRenderDriver2D@SDL_core@ui@modules@UModSys@@@tl@5@@tl@UModSys@@HU?$TScalarCompare@H@core@3@U?$TNodeDeleter0@U?$TScatterArrayNode@U?$TRefObject@URRenderDriver2D@SDL_core@ui@modules@UModSys@@U?$TRefObjectWeakFunc@URRenderDriver2D@SDL_core@ui@modules@UModSys@@@tl@5@@tl@UModSys@@H@tl@UModSys@@@23@@tl@3@_K@Z 0000000180007170 f i umodsys_lib_libui:umodsys.mod.ui.SDL_core.obj
 0001:00006210       ??$ValidateConstruction@UIRefObject@core@UModSys@@URRenderDriver2D@SDL_core@ui@modules@3@@core@UModSys@@YA_NAEAU?$TRefObject@UIRefObject@core@UModSys@@U?$TRefObjectFunc@UIRefObject@core@UModSys@@@tl@3@@tl@1@U?$TRefObject@URRenderDriver2D@SDL_core@ui@modules@UModSys@@U?$TRefObjectFunc@URRenderDriver2D@SDL_core@ui@modules@UModSys@@@tl@5@@31@@Z 0000000180007210 f i umodsys_lib_libui:umodsys.mod.ui.SDL_core.obj
 0001:000062c0       ??$t_add@U?$TRefObject@URRenderDriver2D@SDL_core@ui@modules@UModSys@@U?$TRefObjectWeakFunc@URRenderDriver2D@SDL_core@ui@modules@UModSys@@@tl@5@@tl@UModSys@@URRenderDriver2D@SDL_core@ui@modules@3@@SDL_core@ui@modules@UModSys@@YA_NAEAU?$TScatterArray@U?$TRefObject@URRenderDriver2D@SDL_core@ui@modules@UModSys@@U?$TRefObjectWeakFunc@URRenderDriver2D@SDL_core@ui@modules@UModSys@@@tl@5@@tl@UModSys@@HU?$TScalarCompare@H@core@3@U?$TNodeDeleter0@U?$TScatterArrayNode@U?$TRefObject@URRenderDriver2D@SDL_core@ui@modules@UModSys@@U?$TRefObjectWeakFunc@URRenderDriver2D@SDL_core@ui@modules@UModSys@@@tl@5@@tl@UModSys@@H@tl@UModSys@@@23@@tl@3@PEAURRenderDriver2D@0123@@Z 00000001800072c0 f i umodsys_lib_libui:umodsys.mod.ui.SDL_core.obj
 0001:00006340       ??$ValidateConstruction@UIRefObject@core@UModSys@@URKeyboardController@SDL_core@ui@modules@3@@core@UModSys@@YA_NAEAU?$TRefObject@UIRefObject@core@UModSys@@U?$TRefObjectFunc@UIRefObject@core@UModSys@@@tl@3@@tl@1@U?$TRefObject@URKeyboardController@SDL_core@ui@modules@UModSys@@U?$TRefObjectFunc@URKeyboardController@SDL_core@ui@modules@UModSys@@@tl@5@@31@@Z 0000000180007340 f i umodsys_lib_libui:umodsys.mod.ui.SDL_core.obj
 0001:00006340       ??$ValidateConstruction@UIRefObject@core@UModSys@@URMouseController@SDL_core@ui@modules@3@@core@UModSys@@YA_NAEAU?$TRefObject@UIRefObject@core@UModSys@@U?$TRefObjectFunc@UIRefObject@core@UModSys@@@tl@3@@tl@1@U?$TRefObject@URMouseController@SDL_core@ui@modules@UModSys@@U?$TRefObjectFunc@URMouseController@SDL_core@ui@modules@UModSys@@@tl@5@@31@@Z 0000000180007340 f i umodsys_lib_libui:umodsys.mod.ui.SDL_core.obj
 0001:000063d0       ??$ValidateConstruction@UIMultiImage@lib2d@UModSys@@URMultiImage2D_SDL_ttf@SDL_core@ui@modules@3@@core@UModSys@@YA_NAEAU?$TRefObject@UIMultiImage@lib2d@UModSys@@U?$TRefObjectFunc@UIMultiImage@lib2d@UModSys@@@tl@3@@tl@1@PEAURMultiImage2D_SDL_ttf@SDL_core@ui@modules@1@@Z 00000001800073d0 f i umodsys_lib_libui:umodsys.mod.ui.SDL_core.obj
 0001:00006450       ??$genx_node@UCmp@?$TScatterArray@UGlyph@RMultiImage2D_SDL_ttf@SDL_core@ui@modules@UModSys@@HU?$TScalarCompare@H@core@6@U?$TNodeDeleter0@U?$TScatterArrayNode@UGlyph@RMultiImage2D_SDL_ttf@SDL_core@ui@modules@UModSys@@H@tl@UModSys@@@tl@6@@tl@UModSys@@UGen0@234@@?$TTreeHoldRBD@U?$TScatterArrayNode@UGlyph@RMultiImage2D_SDL_ttf@SDL_core@ui@modules@UModSys@@H@tl@UModSys@@U?$TNodeDeleter0@U?$TScatterArrayNode@UGlyph@RMultiImage2D_SDL_ttf@SDL_core@ui@modules@UModSys@@H@tl@UModSys@@@23@@tl@UModSys@@QEAAPEAU?$TScatterArrayNode@UGlyph@RMultiImage2D_SDL_ttf@SDL_core@ui@modules@UModSys@@H@12@UCmp@?$TScatterArray@UGlyph@RMultiImage2D_SDL_ttf@SDL_core@ui@modules@UModSys@@HU?$TScalarCompare@H@core@6@U?$TNodeDeleter0@U?$TScatterArrayNode@UGlyph@RMultiImage2D_SDL_ttf@SDL_core@ui@modules@UModSys@@H@tl@UModSys@@@tl@6@@12@AEBUGen0@512@PEAPEAU312@2_N@Z 0000000180007450 f i umodsys_lib_libui:umodsys.mod.ui.SDL_core.obj
 0001:000065e0       ??$genx_node@UCmp@?$TScatterArray@U?$TRefObjectCompositeExtra@UIMouseClient@libui@UModSys@@HUIRefObject@core@3@U?$TRefObjectFunc@UIRefObject@core@UModSys@@@tl@3@@tl@UModSys@@HU?$TScalarCompare@H@core@3@U?$TNodeDeleter0@U?$TScatterArrayNode@U?$TRefObjectCompositeExtra@UIMouseClient@libui@UModSys@@HUIRefObject@core@3@U?$TRefObjectFunc@UIRefObject@core@UModSys@@@tl@3@@tl@UModSys@@H@tl@UModSys@@@23@@tl@UModSys@@UGen0@234@@?$TTreeHoldRBD@U?$TScatterArrayNode@U?$TRefObjectCompositeExtra@UIMouseClient@libui@UModSys@@HUIRefObject@core@3@U?$TRefObjectFunc@UIRefObject@core@UModSys@@@tl@3@@tl@UModSys@@H@tl@UModSys@@U?$TNodeDeleter0@U?$TScatterArrayNode@U?$TRefObjectCompositeExtra@UIMouseClient@libui@UModSys@@HUIRefObject@core@3@U?$TRefObjectFunc@UIRefObject@core@UModSys@@@tl@3@@tl@UModSys@@H@tl@UModSys@@@23@@tl@UModSys@@QEAAPEAU?$TScatterArrayNode@U?$TRefObjectCompositeExtra@UIMouseClient@libui@UModSys@@HUIRefObject@core@3@U?$TRefObjectFunc@UIRefObject@core@UModSys@@@tl@3@@tl@UModSys@@H@12@UCmp@?$TScatterArray@U?$TRefObjectCompositeExtra@UIMouseClient@libui@UModSys@@HUIRefObject@core@3@U?$TRefObjectFunc@UIRefObject@core@UModSys@@@tl@3@@tl@UModSys@@HU?$TScalarCompare@H@core@3@U?$TNodeDeleter0@U?$TScatterArrayNode@U?$TRefObjectCompositeExtra@UIMouseClient@libui@UModSys@@HUIRefObject@core@3@U?$TRefObjectFunc@UIRefObject@core@UModSys@@@tl@3@@tl@UModSys@@H@tl@UModSys@@@23@@12@AEBUGen0@512@PEAPEAU312@2_N@Z 00000001800075e0 f i umodsys_lib_libui:umodsys.mod.ui.SDL_core.obj
 0001:00006730       ??$genx_node@UCmp@?$TScatterArray@U?$TRefObjectComposite@UIKeyboardClient@libui@UModSys@@UIRefObject@core@3@U?$TRefObjectFunc@UIRefObject@core@UModSys@@@tl@3@@tl@UModSys@@HU?$TScalarCompare@H@core@3@U?$TNodeDeleter0@U?$TScatterArrayNode@U?$TRefObjectComposite@UIKeyboardClient@libui@UModSys@@UIRefObject@core@3@U?$TRefObjectFunc@UIRefObject@core@UModSys@@@tl@3@@tl@UModSys@@H@tl@UModSys@@@23@@tl@UModSys@@UGen0@234@@?$TTreeHoldRBD@U?$TScatterArrayNode@U?$TRefObjectComposite@UIKeyboardClient@libui@UModSys@@UIRefObject@core@3@U?$TRefObjectFunc@UIRefObject@core@UModSys@@@tl@3@@tl@UModSys@@H@tl@UModSys@@U?$TNodeDeleter0@U?$TScatterArrayNode@U?$TRefObjectComposite@UIKeyboardClient@libui@UModSys@@UIRefObject@core@3@U?$TRefObjectFunc@UIRefObject@core@UModSys@@@tl@3@@tl@UModSys@@H@tl@UModSys@@@23@@tl@UModSys@@QEAAPEAU?$TScatterArrayNode@U?$TRefObjectComposite@UIKeyboardClient@libui@UModSys@@UIRefObject@core@3@U?$TRefObjectFunc@UIRefObject@core@UModSys@@@tl@3@@tl@UModSys@@H@12@UCmp@?$TScatterArray@U?$TRefObjectComposite@UIKeyboardClient@libui@UModSys@@UIRefObject@core@3@U?$TRefObjectFunc@UIRefObject@core@UModSys@@@tl@3@@tl@UModSys@@HU?$TScalarCompare@H@core@3@U?$TNodeDeleter0@U?$TScatterArrayNode@U?$TRefObjectComposite@UIKeyboardClient@libui@UModSys@@UIRefObject@core@3@U?$TRefObjectFunc@UIRefObject@core@UModSys@@@tl@3@@tl@UModSys@@H@tl@UModSys@@@23@@12@AEBUGen0@512@PEAPEAU312@2_N@Z 0000000180007730 f i umodsys_lib_libui:umodsys.mod.ui.SDL_core.obj
 0001:00006870       ??$process_nodes@U?$TNodeDeleter0@U?$TScatterArrayNode@U?$TRefObjectComposite@UIKeyboardClient@libui@UModSys@@UIRefObject@core@3@U?$TRefObjectFunc@UIRefObject@core@UModSys@@@tl@3@@tl@UModSys@@H@tl@UModSys@@@tl@UModSys@@@?$TTreeHoldRB@U?$TScatterArrayNode@U?$TRefObjectComposite@UIKeyboardClient@libui@UModSys@@UIRefObject@core@3@U?$TRefObjectFunc@UIRefObject@core@UModSys@@@tl@3@@tl@UModSys@@H@tl@UModSys@@@tl@UModSys@@QEAAHAEBU?$TNodeDeleter0@U?$TScatterArrayNode@U?$TRefObjectComposite@UIKeyboardClient@libui@UModSys@@UIRefObject@core@3@U?$TRefObjectFunc@UIRefObject@core@UModSys@@@tl@3@@tl@UModSys@@H@tl@UModSys@@@12@@Z 0000000180007870 f i umodsys_lib_libui:umodsys.mod.ui.SDL_core.obj
 0001:00006870       ??$process_nodes@U?$TNodeDeleter0@U?$TScatterArrayNode@U?$TRefObjectCompositeExtra@UIMouseClient@libui@UModSys@@HUIRefObject@core@3@U?$TRefObjectFunc@UIRefObject@core@UModSys@@@tl@3@@tl@UModSys@@H@tl@UModSys@@@tl@UModSys@@@?$TTreeHoldRB@U?$TScatterArrayNode@U?$TRefObjectCompositeExtra@UIMouseClient@libui@UModSys@@HUIRefObject@core@3@U?$TRefObjectFunc@UIRefObject@core@UModSys@@@tl@3@@tl@UModSys@@H@tl@UModSys@@@tl@UModSys@@QEAAHAEBU?$TNodeDeleter0@U?$TScatterArrayNode@U?$TRefObjectCompositeExtra@UIMouseClient@libui@UModSys@@HUIRefObject@core@3@U?$TRefObjectFunc@UIRefObject@core@UModSys@@@tl@3@@tl@UModSys@@H@tl@UModSys@@@12@@Z 0000000180007870 f i umodsys_lib_libui:umodsys.mod.ui.SDL_core.obj
 0001:000068f0       ??1?$TRefObject@URImage_Memory@stdlib@lib2d@modules@UModSys@@U?$TRefObjectFunc@URImage_Memory@stdlib@lib2d@modules@UModSys@@@tl@5@@tl@UModSys@@QEAA@XZ 00000001800078f0 f i umodsys_lib_lib2d:umodsys.mod.2d.stdlib.obj
 0001:000068f0       ??1?$TRefObject@UIFrame@libui@UModSys@@U?$TRefObjectFunc@UIFrame@libui@UModSys@@@tl@3@@tl@UModSys@@QEAA@XZ 00000001800078f0 f i umodsys_lib_libui:umodsys.mod.ui.frames.obj
 0001:000068f0       ??1?$TRefObject@UISerializeWriter@libmedia@UModSys@@U?$TRefObjectFunc@UISerializeWriter@libmedia@UModSys@@@tl@3@@tl@UModSys@@QEAA@XZ 00000001800078f0 f i plugin_test1.obj
 0001:000068f0       ??1?$TRefObject@UIBinObjFilter@libmedia@UModSys@@U?$TRefObjectFunc@UIBinObjFilter@libmedia@UModSys@@@tl@3@@tl@UModSys@@QEAA@XZ 00000001800078f0 f i plugin_test1.obj
 0001:000068f0       ??1?$TRefObject@UIStreamWriter@libmedia@UModSys@@U?$TRefObjectFunc@UIStreamWriter@libmedia@UModSys@@@tl@3@@tl@UModSys@@QEAA@XZ 00000001800078f0 f i plugin_test1.obj
 0001:000068f0       ??1?$TRefObject@URDialog@frames@ui@modules@UModSys@@U?$TRefObjectFunc@URDialog@frames@ui@modules@UModSys@@@tl@5@@tl@UModSys@@QEAA@XZ 00000001800078f0 f i umodsys_lib_libui:umodsys.mod.ui.frames.obj
 0001:000068f0       ??1?$TRefObject@UILibraryObjCache@libmedia@UModSys@@U?$TRefObjectFunc@UILibraryObjCache@libmedia@UModSys@@@tl@3@@tl@UModSys@@QEAA@XZ 00000001800078f0 f i plugin_test1.obj
 0001:000068f0       ??1?$TRefObject@UIKeyboardController@libui@UModSys@@U?$TRefObjectFunc@UIKeyboardController@libui@UModSys@@@tl@3@@tl@UModSys@@QEAA@XZ 00000001800078f0 f i plugin_test1.obj
 0001:000068f0       ??1?$TRefObject@UISerializeReader@libmedia@UModSys@@U?$TRefObjectFunc@UISerializeReader@libmedia@UModSys@@@tl@3@@tl@UModSys@@QEAA@XZ 00000001800078f0 f i plugin_test1.obj
 0001:000068f0       ??1?$TRefObject@URRenderDriver2D@SDL_core@ui@modules@UModSys@@U?$TRefObjectFunc@URRenderDriver2D@SDL_core@ui@modules@UModSys@@@tl@5@@tl@UModSys@@QEAA@XZ 00000001800078f0 f i umodsys_lib_libui:umodsys.mod.ui.SDL_core.obj
 0001:000068f0       ??1?$TRefObject@URKeyboardController@SDL_core@ui@modules@UModSys@@U?$TRefObjectFunc@URKeyboardController@SDL_core@ui@modules@UModSys@@@tl@5@@tl@UModSys@@QEAA@XZ 00000001800078f0 f i umodsys_lib_libui:umodsys.mod.ui.SDL_core.obj
 0001:000068f0       ??1?$TRefObject@UIImage@lib2d@UModSys@@U?$TRefObjectFunc@UIImage@lib2d@UModSys@@@tl@3@@tl@UModSys@@QEAA@XZ 00000001800078f0 f i plugin_test1.obj
 0001:000068f0       ??1?$TRefObject@UIMouseController@libui@UModSys@@U?$TRefObjectFunc@UIMouseController@libui@UModSys@@@tl@3@@tl@UModSys@@QEAA@XZ 00000001800078f0 f i plugin_test1.obj
 0001:000068f0       ??1?$TRefObject@UIMultiImage@lib2d@UModSys@@U?$TRefObjectFunc@UIMultiImage@lib2d@UModSys@@@tl@3@@tl@UModSys@@QEAA@XZ 00000001800078f0 f i plugin_test1.obj
 0001:000068f0       ??1?$TRefObject@UILibraryBinCache@libmedia@UModSys@@U?$TRefObjectFunc@UILibraryBinCache@libmedia@UModSys@@@tl@3@@tl@UModSys@@QEAA@XZ 00000001800078f0 f i plugin_test1.obj
 0001:000068f0       ??1?$TRefObject@UIStreamReader@libmedia@UModSys@@U?$TRefObjectFunc@UIStreamReader@libmedia@UModSys@@@tl@3@@tl@UModSys@@QEAA@XZ 00000001800078f0 f i plugin_test1.obj
 0001:000068f0       ??1?$TRefObject@UILibraryLayered@libmedia@UModSys@@U?$TRefObjectFunc@UILibraryLayered@libmedia@UModSys@@@tl@3@@tl@UModSys@@QEAA@XZ 00000001800078f0 f i plugin_test1.obj
 0001:000068f0       ??1?$TRefObject@URSerializeReader@serialize_json@media@modules@UModSys@@U?$TRefObjectFunc@URSerializeReader@serialize_json@media@modules@UModSys@@@tl@5@@tl@UModSys@@QEAA@XZ 00000001800078f0 f i umodsys_lib_libmedia:umodsys.mod.media.serialize_json.obj
 0001:000068f0       ??1?$TRefObject@URMultiImage2D_SDL_ttf@SDL_core@ui@modules@UModSys@@U?$TRefObjectFunc@URMultiImage2D_SDL_ttf@SDL_core@ui@modules@UModSys@@@tl@5@@tl@UModSys@@QEAA@XZ 00000001800078f0 f i umodsys_lib_libui:umodsys.mod.ui.SDL_core.obj
 0001:000068f0       ??1?$TRefObject@URFrame_Common@frames@ui@modules@UModSys@@U?$TRefObjectFunc@URFrame_Common@frames@ui@modules@UModSys@@@tl@5@@tl@UModSys@@QEAA@XZ 00000001800078f0 f i umodsys_lib_libui:umodsys.mod.ui.frames.obj
 0001:000068f0       ??1?$TRefObject@URMediaFilter@images_std@media@modules@UModSys@@U?$TRefObjectFunc@URMediaFilter@images_std@media@modules@UModSys@@@tl@5@@tl@UModSys@@QEAA@XZ 00000001800078f0 f i umodsys_lib_libmedia:umodsys.mod.media.images_std.obj
 0001:000068f0       ??1?$TRefObject@URCollector@frames@ui@modules@UModSys@@U?$TRefObjectFunc@URCollector@frames@ui@modules@UModSys@@@tl@5@@tl@UModSys@@QEAA@XZ 00000001800078f0 f i umodsys_lib_libui:umodsys.mod.ui.frames.obj
 0001:000068f0       ??1?$TRefObject@UIBinArchive@libmedia@UModSys@@U?$TRefObjectFunc@UIBinArchive@libmedia@UModSys@@@tl@3@@tl@UModSys@@QEAA@XZ 00000001800078f0 f i plugin_test1.obj
 0001:000068f0       ??1?$TRefObject@UILibraryObjFilter@libmedia@UModSys@@U?$TRefObjectFunc@UILibraryObjFilter@libmedia@UModSys@@@tl@3@@tl@UModSys@@QEAA@XZ 00000001800078f0 f i plugin_test1.obj
 0001:000068f0       ??1?$TRefObject@UIRefObject@core@UModSys@@U?$TRefObjectFunc@UIRefObject@core@UModSys@@@tl@3@@tl@UModSys@@QEAA@XZ 00000001800078f0 f i plugin_test1.obj
 0001:000068f0       ??1?$TRefObject@UITerminal@libui@UModSys@@U?$TRefObjectFunc@UITerminal@libui@UModSys@@@tl@3@@tl@UModSys@@QEAA@XZ 00000001800078f0 f i plugin_test1.obj
 0001:000068f0       ??1?$TRefObject@UIRenderDriver@lib2d@UModSys@@U?$TRefObjectFunc@UIRenderDriver@lib2d@UModSys@@@tl@3@@tl@UModSys@@QEAA@XZ 00000001800078f0 f i plugin_test1.obj
 0001:000068f0       ??1?$TRefObject@UILibrary@libmedia@UModSys@@U?$TRefObjectFunc@UILibrary@libmedia@UModSys@@@tl@3@@tl@UModSys@@QEAA@XZ 00000001800078f0 f i plugin_test1.obj
 0001:000068f0       ??1?$TRefObject@URSerializeWriter@serialize_json@media@modules@UModSys@@U?$TRefObjectFunc@URSerializeWriter@serialize_json@media@modules@UModSys@@@tl@5@@tl@UModSys@@QEAA@XZ 00000001800078f0 f i umodsys_lib_libmedia:umodsys.mod.media.serialize_json.obj
 0001:000068f0       ??1?$TRefObject@URTerminal@SDL_core@ui@modules@UModSys@@U?$TRefObjectFunc@URTerminal@SDL_core@ui@modules@UModSys@@@tl@5@@tl@UModSys@@QEAA@XZ 00000001800078f0 f i umodsys_lib_libui:umodsys.mod.ui.SDL_core.obj
 0001:000068f0       ??1?$TRefObject@UILibraryBinTree@libmedia@UModSys@@U?$TRefObjectFunc@UILibraryBinTree@libmedia@UModSys@@@tl@3@@tl@UModSys@@QEAA@XZ 00000001800078f0 f i plugin_test1.obj
 0001:000068f0       ??1?$TRefObject@URMouseController@SDL_core@ui@modules@UModSys@@U?$TRefObjectFunc@URMouseController@SDL_core@ui@modules@UModSys@@@tl@5@@tl@UModSys@@QEAA@XZ 00000001800078f0 f i umodsys_lib_libui:umodsys.mod.ui.SDL_core.obj
 0001:00006920       ?attach@?$TRefObject@URRenderDriver2D@SDL_core@ui@modules@UModSys@@U?$TRefObjectWeakFunc@URRenderDriver2D@SDL_core@ui@modules@UModSys@@@tl@5@@tl@UModSys@@QEAAXPEAURRenderDriver2D@SDL_core@ui@modules@3@@Z 0000000180007920 f i umodsys_lib_libui:umodsys.mod.ui.SDL_core.obj
 0001:000069b0       ?insert_color@?$TTreeHoldRB@U?$TScatterArrayNode@U?$TVector2@M@math3d@UModSys@@H@tl@UModSys@@@tl@UModSys@@IEAAXPEAU?$TScatterArrayNode@U?$TVector2@M@math3d@UModSys@@H@23@@Z 00000001800079b0 f i umodsys_lib_libui:umodsys.mod.ui.frames.obj
 0001:000069b0       ?insert_color@?$TTreeHoldRB@U?$TScatterArrayNode@U?$TRefObject@URRenderDriver2D@SDL_core@ui@modules@UModSys@@U?$TRefObjectWeakFunc@URRenderDriver2D@SDL_core@ui@modules@UModSys@@@tl@5@@tl@UModSys@@H@tl@UModSys@@@tl@UModSys@@IEAAXPEAU?$TScatterArrayNode@U?$TRefObject@URRenderDriver2D@SDL_core@ui@modules@UModSys@@U?$TRefObjectWeakFunc@URRenderDriver2D@SDL_core@ui@modules@UModSys@@@tl@5@@tl@UModSys@@H@23@@Z 00000001800079b0 f i umodsys_lib_libui:umodsys.mod.ui.SDL_core.obj
 0001:000069b0       ?insert_color@?$TTreeHoldRB@U?$TScatterArrayNode@U?$TRefObjectCompositeExtra@UIMouseClient@libui@UModSys@@HUIRefObject@core@3@U?$TRefObjectFunc@UIRefObject@core@UModSys@@@tl@3@@tl@UModSys@@H@tl@UModSys@@@tl@UModSys@@IEAAXPEAU?$TScatterArrayNode@U?$TRefObjectCompositeExtra@UIMouseClient@libui@UModSys@@HUIRefObject@core@3@U?$TRefObjectFunc@UIRefObject@core@UModSys@@@tl@3@@tl@UModSys@@H@23@@Z 00000001800079b0 f i umodsys_lib_libui:umodsys.mod.ui.SDL_core.obj
 0001:000069b0       ?insert_color@?$TTreeHoldRB@U?$TScatterArrayNode@U?$TVector4@M@math3d@UModSys@@H@tl@UModSys@@@tl@UModSys@@IEAAXPEAU?$TScatterArrayNode@U?$TVector4@M@math3d@UModSys@@H@23@@Z 00000001800079b0 f i umodsys_lib_libui:umodsys.mod.ui.frames.obj
 0001:000069b0       ?insert_color@?$TTreeHoldRB@U?$TScatterArrayNode@HH@tl@UModSys@@@tl@UModSys@@IEAAXPEAU?$TScatterArrayNode@HH@23@@Z 00000001800079b0 f i umodsys_lib_libui:umodsys.mod.ui.frames.obj
 0001:000069b0       ?insert_color@?$TTreeHoldRB@U?$TScatterArrayNode@UGlyph@RMultiImage2D_SDL_ttf@SDL_core@ui@modules@UModSys@@H@tl@UModSys@@@tl@UModSys@@IEAAXPEAU?$TScatterArrayNode@UGlyph@RMultiImage2D_SDL_ttf@SDL_core@ui@modules@UModSys@@H@23@@Z 00000001800079b0 f i umodsys_lib_libui:umodsys.mod.ui.SDL_core.obj
 0001:000069b0       ?insert_color@?$TTreeHoldRB@U?$TScatterArrayNode@U?$TRefObjectComposite@UIKeyboardClient@libui@UModSys@@UIRefObject@core@3@U?$TRefObjectFunc@UIRefObject@core@UModSys@@@tl@3@@tl@UModSys@@H@tl@UModSys@@@tl@UModSys@@IEAAXPEAU?$TScatterArrayNode@U?$TRefObjectComposite@UIKeyboardClient@libui@UModSys@@UIRefObject@core@3@U?$TRefObjectFunc@UIRefObject@core@UModSys@@@tl@3@@tl@UModSys@@H@23@@Z 00000001800079b0 f i umodsys_lib_libui:umodsys.mod.ui.SDL_core.obj
 0001:00006b60       ??$process_nodes_r@U?$TNodeDeleter0@U?$TScatterArrayNode@UGlyph@RMultiImage2D_SDL_ttf@SDL_core@ui@modules@UModSys@@H@tl@UModSys@@@tl@UModSys@@@?$TTreeHoldRB@U?$TScatterArrayNode@UGlyph@RMultiImage2D_SDL_ttf@SDL_core@ui@modules@UModSys@@H@tl@UModSys@@@tl@UModSys@@KAHPEAU?$TScatterArrayNode@UGlyph@RMultiImage2D_SDL_ttf@SDL_core@ui@modules@UModSys@@H@12@AEBU?$TNodeDeleter0@U?$TScatterArrayNode@UGlyph@RMultiImage2D_SDL_ttf@SDL_core@ui@modules@UModSys@@H@tl@UModSys@@@12@@Z 0000000180007b60 f i umodsys_lib_libui:umodsys.mod.ui.SDL_core.obj
 0001:00006be0       ??$process_nodes_r@U?$TNodeDeleter0@U?$TScatterArrayNode@U?$TRefObjectComposite@UIKeyboardClient@libui@UModSys@@UIRefObject@core@3@U?$TRefObjectFunc@UIRefObject@core@UModSys@@@tl@3@@tl@UModSys@@H@tl@UModSys@@@tl@UModSys@@@?$TTreeHoldRB@U?$TScatterArrayNode@U?$TRefObjectComposite@UIKeyboardClient@libui@UModSys@@UIRefObject@core@3@U?$TRefObjectFunc@UIRefObject@core@UModSys@@@tl@3@@tl@UModSys@@H@tl@UModSys@@@tl@UModSys@@KAHPEAU?$TScatterArrayNode@U?$TRefObjectComposite@UIKeyboardClient@libui@UModSys@@UIRefObject@core@3@U?$TRefObjectFunc@UIRefObject@core@UModSys@@@tl@3@@tl@UModSys@@H@12@AEBU?$TNodeDeleter0@U?$TScatterArrayNode@U?$TRefObjectComposite@UIKeyboardClient@libui@UModSys@@UIRefObject@core@3@U?$TRefObjectFunc@UIRefObject@core@UModSys@@@tl@3@@tl@UModSys@@H@tl@UModSys@@@12@@Z 0000000180007be0 f i umodsys_lib_libui:umodsys.mod.ui.SDL_core.obj
 0001:00006be0       ??$process_nodes_r@U?$TNodeDeleter0@U?$TScatterArrayNode@U?$TRefObjectCompositeExtra@UIMouseClient@libui@UModSys@@HUIRefObject@core@3@U?$TRefObjectFunc@UIRefObject@core@UModSys@@@tl@3@@tl@UModSys@@H@tl@UModSys@@@tl@UModSys@@@?$TTreeHoldRB@U?$TScatterArrayNode@U?$TRefObjectCompositeExtra@UIMouseClient@libui@UModSys@@HUIRefObject@core@3@U?$TRefObjectFunc@UIRefObject@core@UModSys@@@tl@3@@tl@UModSys@@H@tl@UModSys@@@tl@UModSys@@KAHPEAU?$TScatterArrayNode@U?$TRefObjectCompositeExtra@UIMouseClient@libui@UModSys@@HUIRefObject@core@3@U?$TRefObjectFunc@UIRefObject@core@UModSys@@@tl@3@@tl@UModSys@@H@12@AEBU?$TNodeDeleter0@U?$TScatterArrayNode@U?$TRefObjectCompositeExtra@UIMouseClient@libui@UModSys@@HUIRefObject@core@3@U?$TRefObjectFunc@UIRefObject@core@UModSys@@@tl@3@@tl@UModSys@@H@tl@UModSys@@@12@@Z 0000000180007be0 f i umodsys_lib_libui:umodsys.mod.ui.SDL_core.obj
[...]
 0001:0001d700       ??__E?s_id@?$TObjectUniqueID@URFrame_List@frames@ui@modules@UModSys@@@tl@UModSys@@2USUniquePointer@core@3@A@@YAXXZ 000000018001e700 f    CIL library: CIL module
 0001:0001d740       ??__E?s_id@?$TObjectUniqueID@URCollector@frames@ui@modules@UModSys@@@tl@UModSys@@2USUniquePointer@core@3@A@@YAXXZ 000000018001e740 f    CIL library: CIL module
 0001:0001d780       ??__E?s_id@?$TObjectUniqueID@URGenerator@frames@ui@modules@UModSys@@@tl@UModSys@@2USUniquePointer@core@3@A@@YAXXZ 000000018001e780 f    CIL library: CIL module
 0001:0001d7c0       ??__E?s_modreg@RModuleReg@images_std@media@modules@UModSys@@2U12345@A@@YAXXZ 000000018001e7c0 f    CIL library: CIL module
 0001:0001d810       ??__E?s_modreg_chain@RModuleReg@images_std@media@modules@UModSys@@2USModuleRegChain@base@5@A@@YAXXZ 000000018001e810 f    CIL library: CIL module
 0001:0001d840       ??__E?s_uid@RGenerator@images_std@media@modules@UModSys@@2USUniquePointer@core@5@A@@YAXXZ 000000018001e840 f    CIL library: CIL module
 0001:0001d880       ??__E?s_id@?$TObjectUniqueID@URMediaFilter@images_std@media@modules@UModSys@@@tl@UModSys@@2USUniquePointer@core@3@A@@YAXXZ 000000018001e880 f    CIL library: CIL module
 0001:0001d8c0       ??__E?s_id@?$TObjectUniqueID@URGenerator@images_std@media@modules@UModSys@@@tl@UModSys@@2USUniquePointer@core@3@A@@YAXXZ 000000018001e8c0 f    CIL library: CIL module
 0001:0001d900       ??__E?s_modreg@RModuleReg@serialize_json@media@modules@UModSys@@2U12345@A@@YAXXZ 000000018001e900 f    CIL library: CIL module
 0001:0001d950       ??__E?s_modreg_chain@RModuleReg@serialize_json@media@modules@UModSys@@2USModuleRegChain@base@5@A@@YAXXZ 000000018001e950 f    CIL library: CIL module
 0001:0001d980       ??__E?s_uid@RGenerator@serialize_json@media@modules@UModSys@@2USUniquePointer@core@5@A@@YAXXZ 000000018001e980 f    CIL library: CIL module
 0001:0001d9c0       ??__E?s_id@?$TObjectUniqueID@URSerializeReader@serialize_json@media@modules@UModSys@@@tl@UModSys@@2USUniquePointer@core@3@A@@YAXXZ 000000018001e9c0 f    CIL library: CIL module
 0001:0001da00       ??__E?s_id@?$TObjectUniqueID@URSerializeWriter@serialize_json@media@modules@UModSys@@@tl@UModSys@@2USUniquePointer@core@3@A@@YAXXZ 000000018001ea00 f    CIL library: CIL module
 0001:0001da40       ??__E?s_id@?$TObjectUniqueID@URGenerator@serialize_json@media@modules@UModSys@@@tl@UModSys@@2USUniquePointer@core@3@A@@YAXXZ 000000018001ea40 f    CIL library: CIL module
 0001:0001da80       ??__EM@UModSys@@YAXXZ      000000018001ea80 f    CIL library: CIL module
 0001:0001daa0       ??__E?root@SModuleRegChain@base@UModSys@@2U123@A@@YAXXZ 000000018001eaa0 f    CIL library: CIL module
 0001:0001dad0       ??__E?s_library@RModuleLibraryReg_Chain@base@UModSys@@2U123@A@@YAXXZ 000000018001ead0 f    CIL library: CIL module
 0001:0001daf0       ??__E?root@SUniquePointer@core@UModSys@@2U123@A@@YAXXZ 000000018001eaf0 f    CIL library: CIL module
 0001:0001db20       ??__F?s_modreg@RModuleReg@test1@test@modules@UModSys@@2U12345@A@@YAXXZ 000000018001eb20 f    CIL library: CIL module
 0001:0001db40       ??__F?s_modreg_chain@RModuleReg@test1@test@modules@UModSys@@2USModuleRegChain@base@5@A@@YAXXZ 000000018001eb40 f    CIL library: CIL module
 0001:0001db50       ??__F?s_uid@RGenerator@test1@test@modules@UModSys@@2USUniquePointer@core@5@A@@YAXXZ 000000018001eb50 f    CIL library: CIL module
 0001:0001db60       ??__Fh@?1??s_holder@RGenerator@test1@test@modules@UModSys@@SAAEAU?$TTypeStaticHolder@URGenerator@test1@test@modules@UModSys@@@tl@5@XZ@YAXXZ 000000018001eb60 f    CIL library: CIL module
 0001:0001db90       ??__F?s_id@?$TObjectUniqueID@URGenerator@test1@test@modules@UModSys@@@tl@UModSys@@2USUniquePointer@core@3@A@@YAXXZ 000000018001eb90 f    CIL library: CIL module
 0001:0001dba0       ??__F?s_id@?$TObjectUniqueID@URTest1_Shell@test1@test@modules@UModSys@@@tl@UModSys@@2USUniquePointer@core@3@A@@YAXXZ 000000018001eba0 f    CIL library: CIL module
 0001:0001dbb0       ??__F?s_id@?$TObjectUniqueID@URLines_Filter@test1@test@modules@UModSys@@@tl@UModSys@@2USUniquePointer@core@3@A@@YAXXZ 000000018001ebb0 f    CIL library: CIL module
 0001:0001dbc0       ??__F?s_id@?$TObjectUniqueID@URLines@test1@test@modules@UModSys@@@tl@UModSys@@2USUniquePointer@core@3@A@@YAXXZ 000000018001ebc0 f    CIL library: CIL module
 0001:0001dbd0       ??__F?s_id@?$TObjectUniqueID@UILines@test1@test@modules@UModSys@@@tl@UModSys@@2USUniquePointer@core@3@A@@YAXXZ 000000018001ebd0 f    CIL library: CIL module
 0001:0001dbe0       ??__F?s_id@?$TObjectUniqueID@UIRenderDriver@lib2d@UModSys@@@tl@UModSys@@2USUniquePointer@core@3@A@@YAXXZ 000000018001ebe0 f    CIL library: CIL module
 0001:0001dbf0       ??__F?s_id@?$TObjectUniqueID@UIMultiImage@lib2d@UModSys@@@tl@UModSys@@2USUniquePointer@core@3@A@@YAXXZ 000000018001ebf0 f    CIL library: CIL module
 0001:0001dc00       ??__F?s_id@?$TObjectUniqueID@UIImage@lib2d@UModSys@@@tl@UModSys@@2USUniquePointer@core@3@A@@YAXXZ 000000018001ec00 f    CIL library: CIL module
 0001:0001dc10       ??__F?s_id@?$TObjectUniqueID@UIDialog@libui@UModSys@@@tl@UModSys@@2USUniquePointer@core@3@A@@YAXXZ 000000018001ec10 f    CIL library: CIL module
 0001:0001dc20       ??__F?s_id@?$TObjectUniqueID@UIFrame@libui@UModSys@@@tl@UModSys@@2USUniquePointer@core@3@A@@YAXXZ 000000018001ec20 f    CIL library: CIL module
 0001:0001dc30       ??__F?s_id@?$TObjectUniqueID@UIAsyncCollector@libui@UModSys@@@tl@UModSys@@2USUniquePointer@core@3@A@@YAXXZ 000000018001ec30 f    CIL library: CIL module
 0001:0001dc40       ??__F?s_id@?$TObjectUniqueID@UIAsyncController@libui@UModSys@@@tl@UModSys@@2USUniquePointer@core@3@A@@YAXXZ 000000018001ec40 f    CIL library: CIL module
 0001:0001dc50       ??__F?s_id@?$TObjectUniqueID@UICollector@libui@UModSys@@@tl@UModSys@@2USUniquePointer@core@3@A@@YAXXZ 000000018001ec50 f    CIL library: CIL module
 0001:0001dc60       ??__F?s_id@?$TObjectUniqueID@UIConsoleHelperInput_UIKey@libui@UModSys@@@tl@UModSys@@2USUniquePointer@core@3@A@@YAXXZ 000000018001ec60 f    CIL library: CIL module
 0001:0001dc70       ??__F?s_id@?$TObjectUniqueID@UITerminal@libui@UModSys@@@tl@UModSys@@2USUniquePointer@core@3@A@@YAXXZ 000000018001ec70 f    CIL library: CIL module
 0001:0001dc80       ??__F?s_id@?$TObjectUniqueID@UIJoystickController@libui@UModSys@@@tl@UModSys@@2USUniquePointer@core@3@A@@YAXXZ 000000018001ec80 f    CIL library: CIL module
 0001:0001dc90       ??__F?s_id@?$TObjectUniqueID@UIMouseController@libui@UModSys@@@tl@UModSys@@2USUniquePointer@core@3@A@@YAXXZ 000000018001ec90 f    CIL library: CIL module
 0001:0001dca0       ??__F?s_id@?$TObjectUniqueID@UIKeyboardController@libui@UModSys@@@tl@UModSys@@2USUniquePointer@core@3@A@@YAXXZ 000000018001eca0 f    CIL library: CIL module
 0001:0001dcb0       ??__F?s_id@?$TObjectUniqueID@UIConsoleHelperOutputFCS@base@UModSys@@@tl@UModSys@@2USUniquePointer@core@3@A@@YAXXZ 000000018001ecb0 f    CIL library: CIL module
 0001:0001dcc0       ??__F?s_id@?$TObjectUniqueID@UIConsoleHelperOutput@base@UModSys@@@tl@UModSys@@2USUniquePointer@core@3@A@@YAXXZ 000000018001ecc0 f    CIL library: CIL module
 0001:0001dcd0       ??__F?s_id@?$TObjectUniqueID@UIConsoleHelperInput@base@UModSys@@@tl@UModSys@@2USUniquePointer@core@3@A@@YAXXZ 000000018001ecd0 f    CIL library: CIL module
 0001:0001dce0       ??__F?s_id@?$TObjectUniqueID@UIConsoleHelperHistory@base@UModSys@@@tl@UModSys@@2USUniquePointer@core@3@A@@YAXXZ 000000018001ece0 f    CIL library: CIL module
 0001:0001dcf0       ??__F?s_id@?$TObjectUniqueID@UIConsoleHelper@base@UModSys@@@tl@UModSys@@2USUniquePointer@core@3@A@@YAXXZ 000000018001ecf0 f    CIL library: CIL module
 0001:0001dd00       ??__F?s_id@?$TObjectUniqueID@UIConsoleExt@base@UModSys@@@tl@UModSys@@2USUniquePointer@core@3@A@@YAXXZ 000000018001ed00 f    CIL library: CIL module
 0001:0001dd10       ??__F?s_id@?$TObjectUniqueID@UISerializeWriter@libmedia@UModSys@@@tl@UModSys@@2USUniquePointer@core@3@A@@YAXXZ 000000018001ed10 f    CIL library: CIL module
 0001:0001dd20       ??__F?s_id@?$TObjectUniqueID@UISerializeReader@libmedia@UModSys@@@tl@UModSys@@2USUniquePointer@core@3@A@@YAXXZ 000000018001ed20 f    CIL library: CIL module
 0001:0001dd30       ??__F?s_id@?$TObjectUniqueID@UILibraryLayered@libmedia@UModSys@@@tl@UModSys@@2USUniquePointer@core@3@A@@YAXXZ 000000018001ed30 f    CIL library: CIL module
 0001:0001dd40       ??__F?s_id@?$TObjectUniqueID@UILibraryObjCache@libmedia@UModSys@@@tl@UModSys@@2USUniquePointer@core@3@A@@YAXXZ 000000018001ed40 f    CIL library: CIL module
 0001:0001dd50       ??__F?s_id@?$TObjectUniqueID@UILibraryObjFilter@libmedia@UModSys@@@tl@UModSys@@2USUniquePointer@core@3@A@@YAXXZ 000000018001ed50 f    CIL library: CIL module
 0001:0001dd60       ??__F?s_id@?$TObjectUniqueID@UILibraryBinCache@libmedia@UModSys@@@tl@UModSys@@2USUniquePointer@core@3@A@@YAXXZ 000000018001ed60 f    CIL library: CIL module
 0001:0001dd70       ??__F?s_id@?$TObjectUniqueID@UILibraryBinTree@libmedia@UModSys@@@tl@UModSys@@2USUniquePointer@core@3@A@@YAXXZ 000000018001ed70 f    CIL library: CIL module
 0001:0001dd80       ??__F?s_id@?$TObjectUniqueID@UILibrary@libmedia@UModSys@@@tl@UModSys@@2USUniquePointer@core@3@A@@YAXXZ 000000018001ed80 f    CIL library: CIL module
 0001:0001dd90       ??__F?s_id@?$TObjectUniqueID@UIBinObjFilter@libmedia@UModSys@@@tl@UModSys@@2USUniquePointer@core@3@A@@YAXXZ 000000018001ed90 f    CIL library: CIL module
 0001:0001dda0       ??__F?s_id@?$TObjectUniqueID@UIBinArchive@libmedia@UModSys@@@tl@UModSys@@2USUniquePointer@core@3@A@@YAXXZ 000000018001eda0 f    CIL library: CIL module
 0001:0001ddb0       ??__F?s_id@?$TObjectUniqueID@UIStreamWriter@libmedia@UModSys@@@tl@UModSys@@2USUniquePointer@core@3@A@@YAXXZ 000000018001edb0 f    CIL library: CIL module
 0001:0001ddc0       ??__F?s_id@?$TObjectUniqueID@UIStreamReader@libmedia@UModSys@@@tl@UModSys@@2USUniquePointer@core@3@A@@YAXXZ 000000018001edc0 f    CIL library: CIL module
 0001:0001ddd0       ??__F?s_id@?$TObjectUniqueID@UISystem@base@UModSys@@@tl@UModSys@@2USUniquePointer@core@3@A@@YAXXZ 000000018001edd0 f    CIL library: CIL module
 0001:0001dde0       ??__F?s_id@?$TObjectUniqueID@UIConsole@base@UModSys@@@tl@UModSys@@2USUniquePointer@core@3@A@@YAXXZ 000000018001ede0 f    CIL library: CIL module
 0001:0001ddf0       ??__F?s_id@?$TObjectUniqueID@UIShell@base@UModSys@@@tl@UModSys@@2USUniquePointer@core@3@A@@YAXXZ 000000018001edf0 f    CIL library: CIL module
 0001:0001de00       ??__F?s_id@?$TObjectUniqueID@UIGenerator@base@UModSys@@@tl@UModSys@@2USUniquePointer@core@3@A@@YAXXZ 000000018001ee00 f    CIL library: CIL module
 0001:0001de10       ??__F?s_id@?$TObjectUniqueID@UIModObject@base@UModSys@@@tl@UModSys@@2USUniquePointer@core@3@A@@YAXXZ 000000018001ee10 f    CIL library: CIL module
 0001:0001de20       ??__F?s_id@?$TObjectUniqueID@UIModuleLibrary@base@UModSys@@@tl@UModSys@@2USUniquePointer@core@3@A@@YAXXZ 000000018001ee20 f    CIL library: CIL module
 0001:0001de30       ??__F?s_id@?$TObjectUniqueID@UIModule@base@UModSys@@@tl@UModSys@@2USUniquePointer@core@3@A@@YAXXZ 000000018001ee30 f    CIL library: CIL module
 0001:0001de40       ??__F?s_id@?$TObjectUniqueID@UIParameters@core@UModSys@@@tl@UModSys@@2USUniquePointer@core@3@A@@YAXXZ 000000018001ee40 f    CIL library: CIL module
 0001:0001de50       ??__F?s_id@?$TObjectUniqueID@UIRefObject@core@UModSys@@@tl@UModSys@@2USUniquePointer@core@3@A@@YAXXZ 000000018001ee50 f    CIL library: CIL module
 0001:0001de60       ??__F?s_id@?$TObjectUniqueID@UIRoot@core@UModSys@@@tl@UModSys@@2USUniquePointer@core@3@A@@YAXXZ 000000018001ee60 f    CIL library: CIL module
 0001:0001de70       ??__F?s_modreg@RModuleReg@stdlib@lib2d@modules@UModSys@@2U12345@A@@YAXXZ 000000018001ee70 f    CIL library: CIL module
 0001:0001de90       ??__F?s_modreg_chain@RModuleReg@stdlib@lib2d@modules@UModSys@@2USModuleRegChain@base@5@A@@YAXXZ 000000018001ee90 f    CIL library: CIL module
 0001:0001dea0       ??__F?s_uid@RGenerator@stdlib@lib2d@modules@UModSys@@2USUniquePointer@core@5@A@@YAXXZ 000000018001eea0 f    CIL library: CIL module
 0001:0001deb0       ??__Fh@?1??s_holder@RGenerator@stdlib@lib2d@modules@UModSys@@SAAEAU?$TTypeStaticHolder@URGenerator@stdlib@lib2d@modules@UModSys@@@tl@5@XZ@YAXXZ 000000018001eeb0 f    CIL library: CIL module
 0001:0001dee0       ??__F?s_id@?$TObjectUniqueID@URGenerator@stdlib@lib2d@modules@UModSys@@@tl@UModSys@@2USUniquePointer@core@3@A@@YAXXZ 000000018001eee0 f    CIL library: CIL module
 0001:0001def0       ??__F?s_id@?$TObjectUniqueID@URImage_Memory@stdlib@lib2d@modules@UModSys@@@tl@UModSys@@2USUniquePointer@core@3@A@@YAXXZ 000000018001eef0 f    CIL library: CIL module
 0001:0001df00       ??__F?s_modreg@RModuleReg@SDL_core@ui@modules@UModSys@@2U12345@A@@YAXXZ 000000018001ef00 f    CIL library: CIL module
 0001:0001df20       ??__F?s_modreg_chain@RModuleReg@SDL_core@ui@modules@UModSys@@2USModuleRegChain@base@5@A@@YAXXZ 000000018001ef20 f    CIL library: CIL module
 0001:0001df30       ??__F?s_uid@RGenerator@SDL_core@ui@modules@UModSys@@2USUniquePointer@core@5@A@@YAXXZ 000000018001ef30 f    CIL library: CIL module
 0001:0001df40       ??__Fh@?1??s_holder@RGenerator@SDL_core@ui@modules@UModSys@@SAAEAU?$TTypeStaticHolder@URGenerator@SDL_core@ui@modules@UModSys@@@tl@5@XZ@YAXXZ 000000018001ef40 f    CIL library: CIL module
 0001:0001df70       ??__F?s_id@?$TObjectUniqueID@URGenerator@SDL_core@ui@modules@UModSys@@@tl@UModSys@@2USUniquePointer@core@3@A@@YAXXZ 000000018001ef70 f    CIL library: CIL module
 0001:0001df80       ??__F?s_id@?$TObjectUniqueID@URTerminal@SDL_core@ui@modules@UModSys@@@tl@UModSys@@2USUniquePointer@core@3@A@@YAXXZ 000000018001ef80 f    CIL library: CIL module
 0001:0001df90       ??__F?s_id@?$TObjectUniqueID@URKeyboardController@SDL_core@ui@modules@UModSys@@@tl@UModSys@@2USUniquePointer@core@3@A@@YAXXZ 000000018001ef90 f    CIL library: CIL module
 0001:0001dfa0       ??__F?s_id@?$TObjectUniqueID@URMouseController@SDL_core@ui@modules@UModSys@@@tl@UModSys@@2USUniquePointer@core@3@A@@YAXXZ 000000018001efa0 f    CIL library: CIL module
 0001:0001dfb0       ??__F?s_id@?$TObjectUniqueID@URRenderDriver2D@SDL_core@ui@modules@UModSys@@@tl@UModSys@@2USUniquePointer@core@3@A@@YAXXZ 000000018001efb0 f    CIL library: CIL module
 0001:0001dfc0       ??__F?s_id@?$TObjectUniqueID@URMultiImage2D_SDL_ttf@SDL_core@ui@modules@UModSys@@@tl@UModSys@@2USUniquePointer@core@3@A@@YAXXZ 000000018001efc0 f    CIL library: CIL module
 0001:0001dfd0       ??__F?s_modreg@RModuleReg@frames@ui@modules@UModSys@@2U12345@A@@YAXXZ 000000018001efd0 f    CIL library: CIL module
 0001:0001dff0       ??__F?s_modreg_chain@RModuleReg@frames@ui@modules@UModSys@@2USModuleRegChain@base@5@A@@YAXXZ 000000018001eff0 f    CIL library: CIL module
 0001:0001e000       ??__F?s_uid@RGenerator@frames@ui@modules@UModSys@@2USUniquePointer@core@5@A@@YAXXZ 000000018001f000 f    CIL library: CIL module
 0001:0001e010       ??__Fh@?1??s_holder@RGenerator@frames@ui@modules@UModSys@@SAAEAU?$TTypeStaticHolder@URGenerator@frames@ui@modules@UModSys@@@tl@5@XZ@YAXXZ 000000018001f010 f    CIL library: CIL module
 0001:0001e040       ??__F?s_id@?$TObjectUniqueID@URGenerator@frames@ui@modules@UModSys@@@tl@UModSys@@2USUniquePointer@core@3@A@@YAXXZ 000000018001f040 f    CIL library: CIL module
 0001:0001e050       ??__F?s_id@?$TObjectUniqueID@URCollector@frames@ui@modules@UModSys@@@tl@UModSys@@2USUniquePointer@core@3@A@@YAXXZ 000000018001f050 f    CIL library: CIL module
 0001:0001e060       ??__F?s_id@?$TObjectUniqueID@URFrame_List@frames@ui@modules@UModSys@@@tl@UModSys@@2USUniquePointer@core@3@A@@YAXXZ 000000018001f060 f    CIL library: CIL module
 0001:0001e070       ??__F?s_id@?$TObjectUniqueID@URFrame_Edit@frames@ui@modules@UModSys@@@tl@UModSys@@2USUniquePointer@core@3@A@@YAXXZ 000000018001f070 f    CIL library: CIL module
 0001:0001e080       ??__F?s_id@?$TObjectUniqueID@URFrame_Button@frames@ui@modules@UModSys@@@tl@UModSys@@2USUniquePointer@core@3@A@@YAXXZ 000000018001f080 f    CIL library: CIL module
 0001:0001e090       ??__F?s_id@?$TObjectUniqueID@URFrame_Text@frames@ui@modules@UModSys@@@tl@UModSys@@2USUniquePointer@core@3@A@@YAXXZ 000000018001f090 f    CIL library: CIL module
 0001:0001e0a0       ??__F?s_id@?$TObjectUniqueID@URFrame_Image@frames@ui@modules@UModSys@@@tl@UModSys@@2USUniquePointer@core@3@A@@YAXXZ 000000018001f0a0 f    CIL library: CIL module
 0001:0001e0b0       ??__F?s_id@?$TObjectUniqueID@URFrame_Frame@frames@ui@modules@UModSys@@@tl@UModSys@@2USUniquePointer@core@3@A@@YAXXZ 000000018001f0b0 f    CIL library: CIL module
 0001:0001e0c0       ??__F?s_id@?$TObjectUniqueID@URDialog@frames@ui@modules@UModSys@@@tl@UModSys@@2USUniquePointer@core@3@A@@YAXXZ 000000018001f0c0 f    CIL library: CIL module
 0001:0001e0d0       ??__F?s_id@?$TObjectUniqueID@URFrame_Common@frames@ui@modules@UModSys@@@tl@UModSys@@2USUniquePointer@core@3@A@@YAXXZ 000000018001f0d0 f    CIL library: CIL module
 0001:0001e0e0       ??__F?s_modreg@RModuleReg@images_std@media@modules@UModSys@@2U12345@A@@YAXXZ 000000018001f0e0 f    CIL library: CIL module
 0001:0001e100       ??__F?s_modreg_chain@RModuleReg@images_std@media@modules@UModSys@@2USModuleRegChain@base@5@A@@YAXXZ 000000018001f100 f    CIL library: CIL module
 0001:0001e110       ??__F?s_uid@RGenerator@images_std@media@modules@UModSys@@2USUniquePointer@core@5@A@@YAXXZ 000000018001f110 f    CIL library: CIL module
 0001:0001e120       ??__Fh@?1??s_holder@RGenerator@images_std@media@modules@UModSys@@SAAEAU?$TTypeStaticHolder@URGenerator@images_std@media@modules@UModSys@@@tl@5@XZ@YAXXZ 000000018001f120 f    CIL library: CIL module
 0001:0001e150       ??__F?s_id@?$TObjectUniqueID@URGenerator@images_std@media@modules@UModSys@@@tl@UModSys@@2USUniquePointer@core@3@A@@YAXXZ 000000018001f150 f    CIL library: CIL module
 0001:0001e160       ??__F?s_id@?$TObjectUniqueID@URMediaFilter@images_std@media@modules@UModSys@@@tl@UModSys@@2USUniquePointer@core@3@A@@YAXXZ 000000018001f160 f    CIL library: CIL module
 0001:0001e170       ??__F?s_modreg@RModuleReg@serialize_json@media@modules@UModSys@@2U12345@A@@YAXXZ 000000018001f170 f    CIL library: CIL module
 0001:0001e190       ??__F?s_modreg_chain@RModuleReg@serialize_json@media@modules@UModSys@@2USModuleRegChain@base@5@A@@YAXXZ 000000018001f190 f    CIL library: CIL module
 0001:0001e1a0       ??__F?s_uid@RGenerator@serialize_json@media@modules@UModSys@@2USUniquePointer@core@5@A@@YAXXZ 000000018001f1a0 f    CIL library: CIL module
 0001:0001e1b0       ??__Fh@?1??s_holder@RGenerator@serialize_json@media@modules@UModSys@@SAAEAU?$TTypeStaticHolder@URGenerator@serialize_json@media@modules@UModSys@@@tl@5@XZ@YAXXZ 000000018001f1b0 f    CIL library: CIL module
 0001:0001e1e0       ??__F?s_id@?$TObjectUniqueID@URGenerator@serialize_json@media@modules@UModSys@@@tl@UModSys@@2USUniquePointer@core@3@A@@YAXXZ 000000018001f1e0 f    CIL library: CIL module
 0001:0001e1f0       ??__F?s_id@?$TObjectUniqueID@URSerializeWriter@serialize_json@media@modules@UModSys@@@tl@UModSys@@2USUniquePointer@core@3@A@@YAXXZ 000000018001f1f0 f    CIL library: CIL module
 0001:0001e200       ??__F?s_id@?$TObjectUniqueID@URSerializeReader@serialize_json@media@modules@UModSys@@@tl@UModSys@@2USUniquePointer@core@3@A@@YAXXZ 000000018001f200 f    CIL library: CIL module
 0001:0001e210       ??__FM@UModSys@@YAXXZ      000000018001f210 f    CIL library: CIL module
 0001:0001e220       ??__F?root@SModuleRegChain@base@UModSys@@2U123@A@@YAXXZ 000000018001f220 f    CIL library: CIL module
 0001:0001e230       ??__F?s_library@RModuleLibraryReg_Chain@base@UModSys@@2U123@A@@YAXXZ 000000018001f230 f    CIL library: CIL module
 0001:0001e240       ??__F?root@SUniquePointer@core@UModSys@@2U123@A@@YAXXZ 000000018001f240 f    CIL library: CIL module

 Exports

  ordinal    name

        1    UModSys_Plugin_Entry2
