 plugin_test1

 Timestamp is 5273689e (Fri Nov 01 11:38:54 2013)

 Preferred load address is 0000000180000000

 Start         Length     Name                   Class
 0001:00000000 00005652H .text                   CODE
 0001:00005660 00000a3cH .text$x                 CODE
 0001:000060a0 00000792H .text$yc                CODE
 0001:00006840 0000023cH .text$yd                CODE
 0002:00000000 000000f8H .idata$5                DATA
 0002:000000f8 00000008H .CRT$XCA                DATA
 0002:00000100 00000358H .CRT$XCU                DATA
 0002:00000458 00000008H .CRT$XCZ                DATA
 0002:00000460 00000008H .CRT$XIA                DATA
 0002:00000468 00000008H .CRT$XIAA               DATA
 0002:00000470 00000008H .CRT$XIZ                DATA
 0002:00000480 00001208H .rdata                  DATA
 0002:00001688 0000098cH .rdata$r                DATA
 0002:00002018 00000008H .rtc$IAA                DATA
 0002:00002020 00000008H .rtc$IZZ                DATA
 0002:00002028 00000008H .rtc$TAA                DATA
 0002:00002030 00000008H .rtc$TZZ                DATA
 0002:00002038 00000f7cH .xdata                  DATA
 0002:00002fb4 00000028H .idata$2                DATA
 0002:00002fdc 00000014H .idata$3                DATA
 0002:00002ff0 000000f8H .idata$4                DATA
 0002:000030e8 00000228H .idata$6                DATA
 0002:00003310 00000059H .edata                  DATA
 0003:00000000 000004a8H .data                   DATA
 0003:000004b0 00000648H .bss                    DATA
 0004:00000000 000009c0H .pdata                  DATA

  Address         Publics by Value              Rva+Base               Lib:Object

 0000:00000000       ___safe_se_handler_count   0000000000000000     <absolute>
 0000:00000000       ___safe_se_handler_table   0000000000000000     <absolute>
 0000:00000000       __ImageBase                0000000180000000     <linker-defined>
 0001:00000000       ??3@YAXPEAX0@Z             0000000180001000 f i plugin_test1.obj
 0001:00000000       ?suicide@RGenerator@test1@test@modules@UModSys@@UEAAXXZ 0000000180001000 f i plugin_test1.obj
 0001:00000010       ??1SCMemShared@core@UModSys@@QEAA@XZ 0000000180001010 f i plugin_test1.obj
 0001:00000010       ??1SMemShared@core@UModSys@@QEAA@XZ 0000000180001010 f i plugin_test1.obj
 0001:00000030       ??3IRoot@core@UModSys@@SAXPEAXAEBUSIMemAlloc@12@@Z 0000000180001030 f i plugin_test1.obj
 0001:00000040       ??1SPoint@ILibraryBinTree@libmedia@UModSys@@QEAA@XZ 0000000180001040 f i plugin_test1.obj
 0001:00000040       ??1SLayer@ILibraryLayered@libmedia@UModSys@@QEAA@XZ 0000000180001040 f i plugin_test1.obj
 0001:00000070       ?layer_push@ILibraryLayered@libmedia@UModSys@@QEAA_NPEAUILibrary@23@HAEBU?$TString@U?$TSCoreConst@D@su@tl@UModSys@@U?$TComparerBinaryHash@D@234@@tl@3@@Z 0000000180001070 f i plugin_test1.obj
 0001:00000110       ?root_get_interface_info@RLines@test1@test@modules@UModSys@@UEBAAEBUSUniquePointerInfo@core@5@XZ 0000000180001110 f i plugin_test1.obj
 0001:00000120       ?root_get_interface_type@RLines@test1@test@modules@UModSys@@UEBAPEBUSUniquePointerInfo@core@5@XZ 0000000180001120 f i plugin_test1.obj
 0001:00000130       ?root_get_interface_types@RLines@test1@test@modules@UModSys@@UEBA_KAEAUSUniquePtrList@core@5@@Z 0000000180001130 f i plugin_test1.obj
 0001:00000130       ?root_get_interface_types@RLines_Filter@test1@test@modules@UModSys@@UEBA_KAEAUSUniquePtrList@core@5@@Z 0000000180001130 f i plugin_test1.obj
 0001:00000130       ?root_get_interface_types@RGenerator@test1@test@modules@UModSys@@UEBA_KAEAUSUniquePtrList@core@5@@Z 0000000180001130 f i plugin_test1.obj
 0001:00000130       ?root_get_interface_types@RTest1_Shell@test1@test@modules@UModSys@@UEBA_KAEAUSUniquePtrList@core@5@@Z 0000000180001130 f i plugin_test1.obj
 0001:00000140       ?root_get_other_interface@RLines@test1@test@modules@UModSys@@UEAAPEAUIRoot@core@5@PEBUSUniquePointerInfo@75@@Z 0000000180001140 f i plugin_test1.obj
 0001:00000140       ?root_get_other_interface@RLines@test1@test@modules@UModSys@@UEBAPEBUIRoot@core@5@PEBUSUniquePointerInfo@75@@Z 0000000180001140 f i plugin_test1.obj
 0001:00000170       ?root_is_interface_supported@RLines@test1@test@modules@UModSys@@UEBA_NPEBUSUniquePointerInfo@core@5@@Z 0000000180001170 f i plugin_test1.obj
 0001:000001a0       ?ref_add@RLines@test1@test@modules@UModSys@@UEBAXXZ 00000001800011a0 f i plugin_test1.obj
 0001:000001b0       ?ref_remove@RLines@test1@test@modules@UModSys@@UEBAXXZ 00000001800011b0 f i plugin_test1.obj
 0001:000001d0       ?ref_links@RLines@test1@test@modules@UModSys@@UEBAHXZ 00000001800011d0 f i plugin_test1.obj
 0001:000001e0       ?ref_weak@RLines@test1@test@modules@UModSys@@UEBA_NAEAUWeakPointer@IRefObject@core@5@@Z 00000001800011e0 f i plugin_test1.obj
 0001:00000200       ?suicide@RLines@test1@test@modules@UModSys@@UEAAXXZ 0000000180001200 f i plugin_test1.obj
 0001:00000250       ??0RLines@test1@test@modules@UModSys@@QEAA@PEAUIModObject@base@4@AEBUSParameters@core@4@@Z 0000000180001250 f i plugin_test1.obj
 0001:000002e0       ??_GRLines@test1@test@modules@UModSys@@UEAAPEAXI@Z 00000001800012e0 f i plugin_test1.obj
 0001:000002e0       ??_ERLines@test1@test@modules@UModSys@@UEAAPEAXI@Z 00000001800012e0 f i  CIL library: CIL module
 0001:00000320       ??1ILines@test1@test@modules@UModSys@@UEAA@XZ 0000000180001320 f i plugin_test1.obj
 0001:000003b0       ??_GILines@test1@test@modules@UModSys@@UEAAPEAXI@Z 00000001800013b0 f i plugin_test1.obj
 0001:000003b0       ??_EILines@test1@test@modules@UModSys@@UEAAPEAXI@Z 00000001800013b0 f i  CIL library: CIL module
 0001:000003e0       ??_EIRefObject@core@UModSys@@UEAAPEAXI@Z 00000001800013e0 f i  CIL library: CIL module
 0001:000003e0       ??_GRGenerator@test1@test@modules@UModSys@@UEAAPEAXI@Z 00000001800013e0 f i plugin_test1.obj
 0001:000003e0       ??_ERGenerator@test1@test@modules@UModSys@@UEAAPEAXI@Z 00000001800013e0 f i  CIL library: CIL module
 0001:000003e0       ??_GIRefObject@core@UModSys@@UEAAPEAXI@Z 00000001800013e0 f i plugin_test1.obj
 0001:00000410       ??_EIRoot@core@UModSys@@UEAAPEAXI@Z 0000000180001410 f i  CIL library: CIL module
 0001:00000410       ??_GIRoot@core@UModSys@@UEAAPEAXI@Z 0000000180001410 f i plugin_test1.obj
 0001:00000440       ?root_get_interface_info@RLines_Filter@test1@test@modules@UModSys@@UEBAAEBUSUniquePointerInfo@core@5@XZ 0000000180001440 f i plugin_test1.obj
 0001:00000450       ?root_get_interface_type@RLines_Filter@test1@test@modules@UModSys@@UEBAPEBUSUniquePointerInfo@core@5@XZ 0000000180001450 f i plugin_test1.obj
 0001:00000460       ?root_get_other_interface@RLines_Filter@test1@test@modules@UModSys@@UEAAPEAUIRoot@core@5@PEBUSUniquePointerInfo@75@@Z 0000000180001460 f i plugin_test1.obj
 0001:00000460       ?root_get_other_interface@RLines_Filter@test1@test@modules@UModSys@@UEBAPEBUIRoot@core@5@PEBUSUniquePointerInfo@75@@Z 0000000180001460 f i plugin_test1.obj
 0001:00000490       ?root_is_interface_supported@RLines_Filter@test1@test@modules@UModSys@@UEBA_NPEBUSUniquePointerInfo@core@5@@Z 0000000180001490 f i plugin_test1.obj
 0001:000004c0       ?ref_add@RLines_Filter@test1@test@modules@UModSys@@UEBAXXZ 00000001800014c0 f i plugin_test1.obj
 0001:000004d0       ?ref_remove@RLines_Filter@test1@test@modules@UModSys@@UEBAXXZ 00000001800014d0 f i plugin_test1.obj
 0001:000004f0       ?ref_links@RLines_Filter@test1@test@modules@UModSys@@UEBAHXZ 00000001800014f0 f i plugin_test1.obj
 0001:00000500       ?ref_weak@RLines_Filter@test1@test@modules@UModSys@@UEBA_NAEAUWeakPointer@IRefObject@core@5@@Z 0000000180001500 f i plugin_test1.obj
 0001:00000520       ?suicide@RLines_Filter@test1@test@modules@UModSys@@UEAAXXZ 0000000180001520 f i plugin_test1.obj
 0001:00000570       ?get_flag@RLines_Filter@test1@test@modules@UModSys@@UEBA?AW4eStates@?$TFlags4State@USMediaFlagUid@libmedia@UModSys@@I@tl@5@H@Z 0000000180001570 f i plugin_test1.obj
 0001:00000580       ?get_flags_auto@RLines_Filter@test1@test@modules@UModSys@@UEBA?AU?$TFlags4State@USMediaFlagUid@libmedia@UModSys@@I@tl@5@XZ 0000000180001580 f i plugin_test1.obj
 0001:00000590       ?set_flag@RLines_Filter@test1@test@modules@UModSys@@UEAA?AW4eStates@?$TFlags4State@USMediaFlagUid@libmedia@UModSys@@I@tl@5@HW46785@@Z 0000000180001590 f i plugin_test1.obj
 0001:000005c0       ?filter_load@RLines_Filter@test1@test@modules@UModSys@@UEAA_NAEBUSInfo@IBinObjFilter@libmedia@5@AEAU?$TRefObject@UIRefObject@core@UModSys@@U?$TRefObjectFunc@UIRefObject@core@UModSys@@@tl@3@@tl@5@@Z 00000001800015c0 f i plugin_test1.obj
 0001:000006e0       ?filter_load@RLines_Filter@test1@test@modules@UModSys@@UEAA_NAEBUSInfo@IBinObjFilter@libmedia@5@PEAUIRefObject@core@5@@Z 00000001800016e0 f i plugin_test1.obj
 0001:00000950       ?filter_save@RLines_Filter@test1@test@modules@UModSys@@UEAA_NAEAUSInfo@IBinObjFilter@libmedia@5@PEBUIRefObject@core@5@@Z 0000000180001950 f i plugin_test1.obj
 0001:00000ad0       ??_ERLines_Filter@test1@test@modules@UModSys@@UEAAPEAXI@Z 0000000180001ad0 f i  CIL library: CIL module
 0001:00000ad0       ??_GRLines_Filter@test1@test@modules@UModSys@@UEAAPEAXI@Z 0000000180001ad0 f i plugin_test1.obj
 0001:00000b10       ?root_get_interface_info@RTest1_Shell@test1@test@modules@UModSys@@UEBAAEBUSUniquePointerInfo@core@5@XZ 0000000180001b10 f i plugin_test1.obj
 0001:00000b20       ?root_get_interface_type@RTest1_Shell@test1@test@modules@UModSys@@UEBAPEBUSUniquePointerInfo@core@5@XZ 0000000180001b20 f i plugin_test1.obj
 0001:00000b30       ?root_get_other_interface@RTest1_Shell@test1@test@modules@UModSys@@UEAAPEAUIRoot@core@5@PEBUSUniquePointerInfo@75@@Z 0000000180001b30 f i plugin_test1.obj
 0001:00000b30       ?root_get_other_interface@RTest1_Shell@test1@test@modules@UModSys@@UEBAPEBUIRoot@core@5@PEBUSUniquePointerInfo@75@@Z 0000000180001b30 f i plugin_test1.obj
 0001:00000b60       ?root_is_interface_supported@RTest1_Shell@test1@test@modules@UModSys@@UEBA_NPEBUSUniquePointerInfo@core@5@@Z 0000000180001b60 f i plugin_test1.obj
 0001:00000b90       ?ref_remove@RTest1_Shell@test1@test@modules@UModSys@@UEBAXXZ 0000000180001b90 f i plugin_test1.obj
 0001:00000b90       ?ref_remove@RGenerator@test1@test@modules@UModSys@@UEBAXXZ 0000000180001b90 f i plugin_test1.obj
 0001:00000bb0       ?ref_links@RGenerator@test1@test@modules@UModSys@@UEBAHXZ 0000000180001bb0 f i plugin_test1.obj
 0001:00000bb0       ?ref_links@RTest1_Shell@test1@test@modules@UModSys@@UEBAHXZ 0000000180001bb0 f i plugin_test1.obj
 0001:00000bc0       ?ref_weak@RTest1_Shell@test1@test@modules@UModSys@@UEBA_NAEAUWeakPointer@IRefObject@core@5@@Z 0000000180001bc0 f i plugin_test1.obj
 0001:00000bc0       ?ref_weak@RGenerator@test1@test@modules@UModSys@@UEBA_NAEAUWeakPointer@IRefObject@core@5@@Z 0000000180001bc0 f i plugin_test1.obj
 0001:00000be0       ?suicide@RTest1_Shell@test1@test@modules@UModSys@@UEAAXXZ 0000000180001be0 f i plugin_test1.obj
 0001:00000c30       ??0RTest1_Shell@test1@test@modules@UModSys@@QEAA@PEAUIModObject@base@4@@Z 0000000180001c30 f i plugin_test1.obj
 0001:00000d60       ??1RTest1_Shell@test1@test@modules@UModSys@@UEAA@XZ 0000000180001d60 f i plugin_test1.obj
 0001:00000de0       ?connect@RTest1_Shell@test1@test@modules@UModSys@@UEAA_NXZ 0000000180001de0 f i plugin_test1.obj
 0001:00000e10       ?disconnect@RTest1_Shell@test1@test@modules@UModSys@@UEAA_NXZ 0000000180001e10 f i plugin_test1.obj
 0001:00000e40       ?process_tick@RTest1_Shell@test1@test@modules@UModSys@@UEAA_NAEBUSTimeMsec@core@5@@Z 0000000180001e40 f i plugin_test1.obj
 0001:00000e80       ?process_command@RTest1_Shell@test1@test@modules@UModSys@@UEAA_NHQEBU?$TString@U?$TSCoreConst@D@su@tl@UModSys@@U?$TComparerBinaryHash@D@234@@tl@5@@Z 0000000180001e80 f i plugin_test1.obj
 0001:00000eb0       ??_ERTest1_Shell@test1@test@modules@UModSys@@UEAAPEAXI@Z 0000000180001eb0 f i  CIL library: CIL module
 0001:00000eb0       ??_GRTest1_Shell@test1@test@modules@UModSys@@UEAAPEAXI@Z 0000000180001eb0 f i plugin_test1.obj
 0001:00000ee0       ??1IShell@base@UModSys@@UEAA@XZ 0000000180001ee0 f i plugin_test1.obj
 0001:00000ee0       ??1IBinObjFilter@libmedia@UModSys@@UEAA@XZ 0000000180001ee0 f i plugin_test1.obj
 0001:00000ef0       ??1?$TParametersA@$0EAA@@core@UModSys@@QEAA@XZ 0000000180001ef0 f i plugin_test1.obj
 0001:00000f10       ?get_generated_names@RGenerator@test1@test@modules@UModSys@@UEBAHAEAUSUniquePtrList@core@5@@Z 0000000180001f10 f i plugin_test1.obj
 0001:00000f30       ?get_generated_types@RGenerator@test1@test@modules@UModSys@@UEBAHAEAUSUniquePtrList@core@5@PEBUSUniquePointerInfo@75@@Z 0000000180001f30 f i plugin_test1.obj
 0001:00000f90       ?generate@RGenerator@test1@test@modules@UModSys@@UEAA_NAEAU?$TRefObject@UIRefObject@core@UModSys@@U?$TRefObjectFunc@UIRefObject@core@UModSys@@@tl@3@@tl@5@PEBUSUniquePointerInfo@core@5@AEBUSParameters@95@@Z 0000000180001f90 f i plugin_test1.obj
 0001:00001030       ?root_get_interface_info@RGenerator@test1@test@modules@UModSys@@UEBAAEBUSUniquePointerInfo@core@5@XZ 0000000180002030 f i plugin_test1.obj
 0001:00001040       ?root_get_interface_type@RGenerator@test1@test@modules@UModSys@@UEBAPEBUSUniquePointerInfo@core@5@XZ 0000000180002040 f i plugin_test1.obj
 0001:00001050       ?root_get_other_interface@RGenerator@test1@test@modules@UModSys@@UEBAPEBUIRoot@core@5@PEBUSUniquePointerInfo@75@@Z 0000000180002050 f i plugin_test1.obj
 0001:00001050       ?root_get_other_interface@RGenerator@test1@test@modules@UModSys@@UEAAPEAUIRoot@core@5@PEBUSUniquePointerInfo@75@@Z 0000000180002050 f i plugin_test1.obj
 0001:00001090       ?root_is_interface_supported@RGenerator@test1@test@modules@UModSys@@UEBA_NPEBUSUniquePointerInfo@core@5@@Z 0000000180002090 f i plugin_test1.obj
 0001:000010d0       ?ref_add@RTest1_Shell@test1@test@modules@UModSys@@UEBAXXZ 00000001800020d0 f i plugin_test1.obj
 0001:000010d0       ?ref_add@RGenerator@test1@test@modules@UModSys@@UEBAXXZ 00000001800020d0 f i plugin_test1.obj
 0001:000010e0       ?get_uid@RGenerator@test1@test@modules@UModSys@@UEBAPEBUSUniquePointerInfo@core@5@XZ 00000001800020e0 f i plugin_test1.obj
 0001:000010f0       ?do_open@RModuleReg@test1@test@modules@UModSys@@UEAA_NXZ 00000001800020f0 f i plugin_test1.obj
 0001:00001120       ?do_close@RModuleReg@test1@test@modules@UModSys@@UEAA_NXZ 0000000180002120 f i plugin_test1.obj
 0001:00001150       ??_ERModuleReg@test1@test@modules@UModSys@@UEAAPEAXI@Z 0000000180002150 f i  CIL library: CIL module
 0001:00001150       ??_GRModuleReg@test1@test@modules@UModSys@@UEAAPEAXI@Z 0000000180002150 f i plugin_test1.obj
 0001:00001180       ??1?$TSCoreShared@USIMemAlloc@core@UModSys@@D@su@tl@UModSys@@QEAA@XZ 0000000180002180 f i plugin_test1.obj
 0001:000011d0       ??1?$TRefObject@UIStreamWriter@libmedia@UModSys@@U?$TRefObjectFunc@UIStreamWriter@libmedia@UModSys@@@tl@3@@tl@UModSys@@QEAA@XZ 00000001800021d0 f i plugin_test1.obj
 0001:000011d0       ??1?$TRefObject@UILibraryBinTree@libmedia@UModSys@@U?$TRefObjectFunc@UILibraryBinTree@libmedia@UModSys@@@tl@3@@tl@UModSys@@QEAA@XZ 00000001800021d0 f i plugin_test1.obj
 0001:000011d0       ??1?$TRefObject@UILines@test1@test@modules@UModSys@@U?$TRefObjectFunc@UILines@test1@test@modules@UModSys@@@tl@5@@tl@UModSys@@QEAA@XZ 00000001800021d0 f i plugin_test1.obj
 0001:000011d0       ??1?$TRefObject@UIRefObject@core@UModSys@@U?$TRefObjectFunc@UIRefObject@core@UModSys@@@tl@3@@tl@UModSys@@QEAA@XZ 00000001800021d0 f i plugin_test1.obj
 0001:000011d0       ??1?$TRefObject@UILibraryLayered@libmedia@UModSys@@U?$TRefObjectFunc@UILibraryLayered@libmedia@UModSys@@@tl@3@@tl@UModSys@@QEAA@XZ 00000001800021d0 f i plugin_test1.obj
 0001:000011d0       ??1?$TRefObject@UIBinArchive@libmedia@UModSys@@U?$TRefObjectFunc@UIBinArchive@libmedia@UModSys@@@tl@3@@tl@UModSys@@QEAA@XZ 00000001800021d0 f i plugin_test1.obj
 0001:000011d0       ??1?$TRefObject@UILibraryBinCache@libmedia@UModSys@@U?$TRefObjectFunc@UILibraryBinCache@libmedia@UModSys@@@tl@3@@tl@UModSys@@QEAA@XZ 00000001800021d0 f i plugin_test1.obj
 0001:000011d0       ??1?$TRefObject@UILibrary@libmedia@UModSys@@U?$TRefObjectFunc@UILibrary@libmedia@UModSys@@@tl@3@@tl@UModSys@@QEAA@XZ 00000001800021d0 f i plugin_test1.obj
 0001:000011d0       ??1?$TRefObject@UILibraryObjCache@libmedia@UModSys@@U?$TRefObjectFunc@UILibraryObjCache@libmedia@UModSys@@@tl@3@@tl@UModSys@@QEAA@XZ 00000001800021d0 f i plugin_test1.obj
 0001:000011d0       ??1?$TRefObject@UIBinObjFilter@libmedia@UModSys@@U?$TRefObjectFunc@UIBinObjFilter@libmedia@UModSys@@@tl@3@@tl@UModSys@@QEAA@XZ 00000001800021d0 f i plugin_test1.obj
 0001:000011d0       ??1?$TRefObject@UILibraryObjFilter@libmedia@UModSys@@U?$TRefObjectFunc@UILibraryObjFilter@libmedia@UModSys@@@tl@3@@tl@UModSys@@QEAA@XZ 00000001800021d0 f i plugin_test1.obj
 0001:000011d0       ??1?$TRefObject@UIStreamReader@libmedia@UModSys@@U?$TRefObjectFunc@UIStreamReader@libmedia@UModSys@@@tl@3@@tl@UModSys@@QEAA@XZ 00000001800021d0 f i plugin_test1.obj
 0001:00001200       ?Push@?$TDynarray@U?$TDynarrayHolderDynamic@U?$TString@U?$TSCoreShared@USIMemAlloc@core@UModSys@@D@su@tl@UModSys@@U?$TComparerBinaryHash@D@234@@tl@UModSys@@U?$TAllocator@USIMemAlloc@core@UModSys@@USCountCalcPower2@23@@23@@tl@UModSys@@@tl@UModSys@@QEAA_NAEBU?$TString@U?$TSCoreShared@USIMemAlloc@core@UModSys@@D@su@tl@UModSys@@U?$TComparerBinaryHash@D@234@@23@@Z 0000000180002200 f i plugin_test1.obj
 0001:000012b0       ?ResizeRel@?$TDynarray@U?$TDynarrayHolderDynamic@U?$TString@U?$TSCoreShared@USIMemAlloc@core@UModSys@@D@su@tl@UModSys@@U?$TComparerBinaryHash@D@234@@tl@UModSys@@U?$TAllocator@USIMemAlloc@core@UModSys@@USCountCalcPower2@23@@23@@tl@UModSys@@@tl@UModSys@@QEAA_N_J@Z 00000001800022b0 f i plugin_test1.obj
 0001:00001380       ??$shash@D@su@tl@UModSys@@YAHPEBD_K@Z 0000000180002380 f i plugin_test1.obj
 0001:000013b0       ?ReLink@?$TDynarray@U?$TDynarrayHolderDynamic@U?$TString@U?$TSCoreShared@USIMemAlloc@core@UModSys@@D@su@tl@UModSys@@U?$TComparerBinaryHash@D@234@@tl@UModSys@@U?$TAllocator@USIMemAlloc@core@UModSys@@USCountCalcPower2@23@@23@@tl@UModSys@@@tl@UModSys@@IEAA_N_K@Z 00000001800023b0 f i plugin_test1.obj
 0001:00001430       ??1?$TRefObject@UIModObject@base@UModSys@@U?$TModObjectFunc@UIModObject@base@UModSys@@@tl@3@@tl@UModSys@@QEAA@XZ 0000000180002430 f i plugin_test1.obj
 0001:00001460       ?aconstructcopy@?$TTypeConstructor@U?$TString@U?$TSCoreShared@USIMemAlloc@core@UModSys@@D@su@tl@UModSys@@U?$TComparerBinaryHash@D@234@@tl@UModSys@@@tl@UModSys@@SAXPEAU?$TString@U?$TSCoreShared@USIMemAlloc@core@UModSys@@D@su@tl@UModSys@@U?$TComparerBinaryHash@D@234@@23@_KAEBU423@@Z 0000000180002460 f i plugin_test1.obj
 0001:00001500       ?adestruct@?$TTypeConstructor@U?$TString@U?$TSCoreShared@USIMemAlloc@core@UModSys@@D@su@tl@UModSys@@U?$TComparerBinaryHash@D@234@@tl@UModSys@@@tl@UModSys@@SAXPEAU?$TString@U?$TSCoreShared@USIMemAlloc@core@UModSys@@D@su@tl@UModSys@@U?$TComparerBinaryHash@D@234@@23@_K@Z 0000000180002500 f i plugin_test1.obj
 0001:00001590       ??_ERModuleLibraryReg_Chain@base@UModSys@@UEAAPEAXI@Z 0000000180002590 f i  CIL library: CIL module
 0001:00001590       ??_GRModuleLibraryReg_Chain@base@UModSys@@UEAAPEAXI@Z 0000000180002590 f i umodsys_lib_base:umodsys.base.moduleregchain.obj
 0001:000015c0       ??_EIModuleReg@base@UModSys@@UEAAPEAXI@Z 00000001800025c0 f i  CIL library: CIL module
 0001:000015c0       ??_GIModuleReg@base@UModSys@@UEAAPEAXI@Z 00000001800025c0 f i umodsys_lib_base:umodsys.base.modulereg.obj
 0001:000015f0       ??_GIModuleLibraryReg@base@UModSys@@UEAAPEAXI@Z 00000001800025f0 f i umodsys_lib_base:umodsys.base.modulereg.obj
 0001:000015f0       ??_EIModuleLibraryReg@base@UModSys@@UEAAPEAXI@Z 00000001800025f0 f i  CIL library: CIL module
 0001:00001614       _onexit                    0000000180002614 f   MSVCRT:atonexit.obj
 0001:000016c4       atexit                     00000001800026c4 f   MSVCRT:atonexit.obj
 0001:000016dc       _purecall                  00000001800026dc f   MSVCRT:MSVCR90.dll
 0001:000016e2       ??3@YAXPEAX@Z              00000001800026e2 f   MSVCRT:MSVCR90.dll
 0001:000016e8       ??_Etype_info@@UEAAPEAXI@Z 00000001800026e8 f i MSVCRT:ti_inst.obj
 0001:000017b4       _CRT_INIT                  00000001800027b4 f   MSVCRT:crtdll.obj
 0001:00001b48       _DllMainCRTStartup         0000000180002b48 f   MSVCRT:crtdll.obj
 0001:00001b86       __C_specific_handler       0000000180002b86 f   MSVCRT:MSVCR90.dll
 0001:00001b8c       _unlock                    0000000180002b8c f   MSVCRT:MSVCR90.dll
 0001:00001b92       __dllonexit                0000000180002b92 f   MSVCRT:MSVCR90.dll
 0001:00001b98       _lock                      0000000180002b98 f   MSVCRT:MSVCR90.dll
 0001:00001ba0       ?__ArrayUnwind@@YAXPEAX_KHP6AX0@Z@Z 0000000180002ba0 f   MSVCRT:ehvecdtr.obj
 0001:00001bec       ??_M@YAXPEAX_KHP6AX0@Z@Z   0000000180002bec f   MSVCRT:ehvecdtr.obj
 0001:00001c4c       __clean_type_info_names    0000000180002c4c f   MSVCRT:tncleanup.obj
 0001:00001c58       _RTC_Initialize            0000000180002c58 f   MSVCRT:_initsect_.obj
 0001:00001c90       _RTC_Terminate             0000000180002c90 f   MSVCRT:_initsect_.obj
 0001:00001cd0       _ValidateImageBase         0000000180002cd0 f   MSVCRT:pesect.obj
 0001:00001d00       _FindPESection             0000000180002d00 f   MSVCRT:pesect.obj
 0001:00001d50       _IsNonwritableInCurrentImage 0000000180002d50 f   MSVCRT:pesect.obj
 0001:00001d92       _initterm                  0000000180002d92 f   MSVCRT:MSVCR90.dll
 0001:00001d98       _initterm_e                0000000180002d98 f   MSVCRT:MSVCR90.dll
 0001:00001d9e       _amsg_exit                 0000000180002d9e f   MSVCRT:MSVCR90.dll
 0001:00001da4       __CppXcptFilter            0000000180002da4 f   MSVCRT:MSVCR90.dll
 0001:00001dac       DllMain                    0000000180002dac f   MSVCRT:dllmain.obj
 0001:00001dd0       __security_init_cookie     0000000180002dd0 f   MSVCRT:gs_support.obj
 0001:00001e84       ?terminate@@YAXXZ          0000000180002e84 f   MSVCRT:MSVCR90.dll
 0001:00001e8a       ??1type_info@@UEAA@XZ      0000000180002e8a f   MSVCRT:MSVCR90.dll
 0001:00001e8a       ?_type_info_dtor_internal_method@type_info@@QEAAXXZ 0000000180002e8a f   MSVCRT:MSVCR90.dll
 0001:00001e90       __clean_type_info_names_internal 0000000180002e90 f   MSVCRT:MSVCR90.dll
 0001:00001ea0       ??3IRoot@core@UModSys@@SAXPEAX@Z 0000000180002ea0 f   umodsys_lib_core:umodsys.core.objects.obj
 0001:00001ee0       ??3IRoot@core@UModSys@@SAXPEAXPEAUIMemAlloc@12@@Z 0000000180002ee0 f   umodsys_lib_core:umodsys.core.objects.obj
 0001:00001f20       ??2IRoot@core@UModSys@@SAPEAX_KPEAUIMemAlloc@12@@Z 0000000180002f20 f   umodsys_lib_core:umodsys.core.objects.obj
 0001:00001f60       ?suicide@IRoot@core@UModSys@@UEAAXXZ 0000000180002f60 f   umodsys_lib_core:umodsys.core.objects.obj
 0001:00001f80       ??1IRoot@core@UModSys@@UEAA@XZ 0000000180002f80 f   umodsys_lib_core:umodsys.core.objects.obj
 0001:00001fa0       ??1IRefObject@core@UModSys@@UEAA@XZ 0000000180002fa0 f   umodsys_lib_core:umodsys.core.objects.obj
 0001:00001fb0       ?s_unresolve@SUniquePointer@core@UModSys@@SAXPEAUIUniquePointerResolver@23@@Z 0000000180002fb0 f   umodsys_lib_core:umodsys.core.uniqueptr.obj
 0001:00002020       ?s_resolve@SUniquePointer@core@UModSys@@SAXPEAUIUniquePointerResolver@23@@Z 0000000180003020 f   umodsys_lib_core:umodsys.core.uniqueptr.obj
 0001:000020a0       ??1SUniquePointer@core@UModSys@@QEAA@XZ 00000001800030a0 f   umodsys_lib_core:umodsys.core.uniqueptr.obj
 0001:000020d0       ??0SUniquePointer@core@UModSys@@QEAA@H@Z 00000001800030d0 f   umodsys_lib_core:umodsys.core.uniqueptr.obj
 0001:00002100       ??0SUniquePointer@core@UModSys@@QEAA@PEBD0H@Z 0000000180003100 f   umodsys_lib_core:umodsys.core.uniqueptr.obj
 0001:00002150       ??1SModuleInfo@base@UModSys@@QEAA@XZ 0000000180003150 f   umodsys_lib_base:umodsys.base.moduleinfo.obj
 0001:00002160       ??0SModuleInfo@base@UModSys@@QEAA@PEBDHH0@Z 0000000180003160 f   umodsys_lib_base:umodsys.base.moduleinfo.obj
 0001:00002210       ??1IModuleLibraryReg@base@UModSys@@UEAA@XZ 0000000180003210 f   umodsys_lib_base:umodsys.base.modulereg.obj
 0001:00002230       ??0IModuleLibraryReg@base@UModSys@@QEAA@XZ 0000000180003230 f   umodsys_lib_base:umodsys.base.modulereg.obj
 0001:00002250       ?mr_close@IModuleReg@base@UModSys@@UEAA_NXZ 0000000180003250 f   umodsys_lib_base:umodsys.base.modulereg.obj
 0001:00002270       ?mr_open@IModuleReg@base@UModSys@@UEAA_NXZ 0000000180003270 f   umodsys_lib_base:umodsys.base.modulereg.obj
 0001:000022a0       ?mr_isopen@IModuleReg@base@UModSys@@UEBA_NXZ 00000001800032a0 f   umodsys_lib_base:umodsys.base.modulereg.obj
 0001:000022b0       ??1IModuleReg@base@UModSys@@UEAA@XZ 00000001800032b0 f   umodsys_lib_base:umodsys.base.modulereg.obj
 0001:000022d0       ??0IModuleReg@base@UModSys@@QEAA@PEBDHH0@Z 00000001800032d0 f   umodsys_lib_base:umodsys.base.modulereg.obj
 0001:00002330       UModSys_Plugin_Entry2      0000000180003330 f   umodsys_lib_base:umodsys.so_main.win32.obj
 0001:00002340       ??1RModuleLibraryReg_Chain@base@UModSys@@UEAA@XZ 0000000180003340 f   umodsys_lib_base:umodsys.base.moduleregchain.obj
 0001:00002360       ??0RModuleLibraryReg_Chain@base@UModSys@@QEAA@XZ 0000000180003360 f   umodsys_lib_base:umodsys.base.moduleregchain.obj
 0001:00002390       ?s_get@SModuleRegChain@base@UModSys@@SAPEAUIModuleReg@23@_K@Z 0000000180003390 f   umodsys_lib_base:umodsys.base.moduleregchain.obj
 0001:000023d0       ??1SModuleRegChain@base@UModSys@@QEAA@XZ 00000001800033d0 f   umodsys_lib_base:umodsys.base.moduleregchain.obj
 0001:00002400       ??0SModuleRegChain@base@UModSys@@QEAA@AEAUIModuleReg@12@@Z 0000000180003400 f   umodsys_lib_base:umodsys.base.moduleregchain.obj
 0001:00002460       ?mlr_isopen@RModuleLibraryReg_Chain@base@UModSys@@UEBA_NXZ 0000000180003460 f   umodsys_lib_base:umodsys.base.moduleregchain.obj
 0001:00002480       ?mlr_close@RModuleLibraryReg_Chain@base@UModSys@@UEAA_NXZ 0000000180003480 f   umodsys_lib_base:umodsys.base.moduleregchain.obj
 0001:000024c0       ?mlr_open@RModuleLibraryReg_Chain@base@UModSys@@UEAA_NPEAUISystem@23@PEAUIMemAlloc@core@3@@Z 00000001800034c0 f   umodsys_lib_base:umodsys.base.moduleregchain.obj
 0001:00002500       ?mlr_get@RModuleLibraryReg_Chain@base@UModSys@@UEBAPEAUIModuleReg@23@_K@Z 0000000180003500 f   umodsys_lib_base:umodsys.base.moduleregchain.obj
 0001:00002510       ?mlr_count@RModuleLibraryReg_Chain@base@UModSys@@UEBA_KXZ 0000000180003510 f   umodsys_lib_base:umodsys.base.moduleregchain.obj
 0001:00002550       ??0SModuleRegChain@base@UModSys@@QEAA@H@Z 0000000180003550 f   umodsys_lib_base:umodsys.base.moduleregchain.obj
 0001:00002570       ?unlink@SMemorySharedData@core@UModSys@@QEAAXPEBUSSourceContext@23@@Z 0000000180003570 f   umodsys_lib_base:umodsys.base.modulecontext.obj
 0001:000025a0       ?link@SMemorySharedData@core@UModSys@@QEAAXPEBUSSourceContext@23@@Z 00000001800035a0 f   umodsys_lib_base:umodsys.base.modulecontext.obj
 0001:000025b0       ?Link@SModuleContext@base@UModSys@@QEAAXPEAUISystem@23@PEAUIMemAlloc@core@3@@Z 00000001800035b0 f   umodsys_lib_base:umodsys.base.modulecontext.obj
 0001:00002650       ??1SModuleContext@base@UModSys@@QEAA@XZ 0000000180003650 f   umodsys_lib_base:umodsys.base.modulecontext.obj
 0001:00002660       ?new_data@SMemorySharedData@core@UModSys@@SAPEAU123@PEAUIMemAlloc@23@_KPEBUSSourceContext@23@@Z 0000000180003660 f   umodsys_lib_base:umodsys.base.modulecontext.obj
 0001:000026b0       ?get_paramworker@SParameters@core@UModSys@@KAPEAUIParameters@23@XZ 00000001800036b0 f   umodsys_lib_base:umodsys.base.modulecontext.obj
 0001:000026d0       ?shared_memory@UModSys@@YAAEBUSIMemAlloc@core@1@XZ 00000001800036d0 f   umodsys_lib_base:umodsys.base.modulecontext.obj
 0001:000026e0       ?local_memory@UModSys@@YAAEBUSIMemAlloc@core@1@XZ 00000001800036e0 f   umodsys_lib_base:umodsys.base.modulecontext.obj
 0001:000026f0       ??0SModuleContext@base@UModSys@@QEAA@XZ 00000001800036f0 f   umodsys_lib_base:umodsys.base.modulecontext.obj
 0001:00002720       ?mod_dec@RGenerator@test1@test@modules@UModSys@@UEBA_NXZ 0000000180003720 f   plugin_test1.obj
 0001:00002740       ?mod_inc@RGenerator@test1@test@modules@UModSys@@UEBA_NXZ 0000000180003740 f   plugin_test1.obj
 0001:00002760       ?get_module@RGenerator@test1@test@modules@UModSys@@UEBAPEAUIModule@base@5@XZ 0000000180003760 f   plugin_test1.obj
 0001:00002770       ?s_holder@RGenerator@test1@test@modules@UModSys@@SAAEAU?$TTypeStaticHolder@URGenerator@test1@test@modules@UModSys@@@tl@5@XZ 0000000180003770 f   plugin_test1.obj
 0001:000027c0       ?test_op_file@RTest1_Shell@test1@test@modules@UModSys@@QEAAX_NAEBU?$TString@U?$TSCoreConst@D@su@tl@UModSys@@U?$TComparerBinaryHash@D@234@@tl@5@1@Z 00000001800037c0 f   plugin_test1.obj
 0001:00002800       ?dump_str@RTest1_Shell@test1@test@modules@UModSys@@QEAAXPEBD_K@Z 0000000180003800 f   plugin_test1.obj
 0001:00002ba0       ?s_unreg@RGenerator@test1@test@modules@UModSys@@SA_NPEAUIModuleReg@base@5@@Z 0000000180003ba0 f   plugin_test1.obj
 0001:00002c10       ?s_reg@RGenerator@test1@test@modules@UModSys@@SA_NPEAUIModuleReg@base@5@@Z 0000000180003c10 f   plugin_test1.obj
 0001:00002c80       ?test_op_file@RTest1_Shell@test1@test@modules@UModSys@@QEAAX_NAEBU?$TString@U?$TSCoreConst@D@su@tl@UModSys@@U?$TComparerBinaryHash@D@234@@tl@5@AEAUSCMemShared@core@5@0@Z 0000000180003c80 f   plugin_test1.obj
 0001:00002d90       ?file_test1@RTest1_Shell@test1@test@modules@UModSys@@QEAAXXZ 0000000180003d90 f   plugin_test1.obj
 0001:00003200       ?media_cache@RTest1_Shell@test1@test@modules@UModSys@@QEAA?AU?$TRefObject@UILibrary@libmedia@UModSys@@U?$TRefObjectFunc@UILibrary@libmedia@UModSys@@@tl@3@@tl@5@_N@Z 0000000180004200 f   plugin_test1.obj
 0001:000035c0       ?media_lay@RTest1_Shell@test1@test@modules@UModSys@@QEAA?AU?$TRefObject@UILibraryLayered@libmedia@UModSys@@U?$TRefObjectFunc@UILibraryLayered@libmedia@UModSys@@@tl@3@@tl@5@XZ 00000001800045c0 f   plugin_test1.obj
 0001:000037c0       ?media_flt@RTest1_Shell@test1@test@modules@UModSys@@QEAA?AU?$TRefObject@UILibraryObjFilter@libmedia@UModSys@@U?$TRefObjectFunc@UILibraryObjFilter@libmedia@UModSys@@@tl@3@@tl@5@XZ 00000001800047c0 f   plugin_test1.obj
 0001:000039c0       ?media_vfs@RTest1_Shell@test1@test@modules@UModSys@@QEAA?AU?$TRefObject@UILibraryBinTree@libmedia@UModSys@@U?$TRefObjectFunc@UILibraryBinTree@libmedia@UModSys@@@tl@3@@tl@5@XZ 00000001800049c0 f   plugin_test1.obj
 0001:00003bc0       ?media_arch_stdio@RTest1_Shell@test1@test@modules@UModSys@@QEAA?AU?$TRefObject@UIBinArchive@libmedia@UModSys@@U?$TRefObjectFunc@UIBinArchive@libmedia@UModSys@@@tl@3@@tl@5@AEBU?$TString@U?$TSCoreConst@D@su@tl@UModSys@@U?$TComparerBinaryHash@D@234@@75@@Z 0000000180004bc0 f   plugin_test1.obj
 0001:00003e10       ?file_test5@RTest1_Shell@test1@test@modules@UModSys@@QEAAXXZ 0000000180004e10 f   plugin_test1.obj
 0001:00004a70       ?file_test4@RTest1_Shell@test1@test@modules@UModSys@@QEAAXXZ 0000000180005a70 f   plugin_test1.obj
 0001:00004fd0       ?file_test3@RTest1_Shell@test1@test@modules@UModSys@@QEAAXXZ 0000000180005fd0 f   plugin_test1.obj
 0001:00005240       ?file_test2@RTest1_Shell@test1@test@modules@UModSys@@QEAAXXZ 0000000180006240 f   plugin_test1.obj
 0001:00005570       ?add@SUniquePtrList@core@UModSys@@QEAA_NPEBUSUniquePointerInfo@23@@Z 0000000180006570 f   umodsys_lib_core:umodsys.core.uniqueptrlist.obj
 0001:00005646       memcpy                     0000000180006646 f   MSVCRT:MSVCR90.dll
 0001:0000564c       __CxxFrameHandler3         000000018000664c f   MSVCRT:MSVCR90.dll
 0002:00000000       __imp_GetCurrentProcessId  0000000180008000     kernel32:KERNEL32.dll
 0002:00000008       __imp_GetCurrentThreadId   0000000180008008     kernel32:KERNEL32.dll
 0002:00000010       __imp_GetTickCount         0000000180008010     kernel32:KERNEL32.dll
 0002:00000018       __imp_QueryPerformanceCounter 0000000180008018     kernel32:KERNEL32.dll
 0002:00000020       __imp_DisableThreadLibraryCalls 0000000180008020     kernel32:KERNEL32.dll
 0002:00000028       __imp_Sleep                0000000180008028     kernel32:KERNEL32.dll
 0002:00000030       __imp_GetSystemTimeAsFileTime 0000000180008030     kernel32:KERNEL32.dll
 0002:00000038       \177KERNEL32_NULL_THUNK_DATA 0000000180008038     kernel32:KERNEL32.dll
 0002:00000040       __imp__onexit              0000000180008040     MSVCRT:MSVCR90.dll
 0002:00000048       __imp__decode_pointer      0000000180008048     MSVCRT:MSVCR90.dll
 0002:00000050       __imp__malloc_crt          0000000180008050     MSVCRT:MSVCR90.dll
 0002:00000058       __imp__initterm            0000000180008058     MSVCRT:MSVCR90.dll
 0002:00000060       __imp__initterm_e          0000000180008060     MSVCRT:MSVCR90.dll
 0002:00000068       __imp_free                 0000000180008068     MSVCRT:MSVCR90.dll
 0002:00000070       __imp__lock                0000000180008070     MSVCRT:MSVCR90.dll
 0002:00000078       __imp__amsg_exit           0000000180008078     MSVCRT:MSVCR90.dll
 0002:00000080       __imp___CppXcptFilter      0000000180008080     MSVCRT:MSVCR90.dll
 0002:00000088       __imp_?terminate@@YAXXZ    0000000180008088     MSVCRT:MSVCR90.dll
 0002:00000090       __imp_?_type_info_dtor_internal_method@type_info@@QEAAXXZ 0000000180008090     MSVCRT:MSVCR90.dll
 0002:00000098       __imp___clean_type_info_names_internal 0000000180008098     MSVCRT:MSVCR90.dll
 0002:000000a0       __imp__encode_pointer      00000001800080a0     MSVCRT:MSVCR90.dll
 0002:000000a8       __imp___dllonexit          00000001800080a8     MSVCRT:MSVCR90.dll
 0002:000000b0       __imp__unlock              00000001800080b0     MSVCRT:MSVCR90.dll
 0002:000000b8       __imp___C_specific_handler 00000001800080b8     MSVCRT:MSVCR90.dll
 0002:000000c0       __imp_??3@YAXPEAX@Z        00000001800080c0     MSVCRT:MSVCR90.dll
 0002:000000c8       __imp__purecall            00000001800080c8     MSVCRT:MSVCR90.dll
 0002:000000d0       __imp__encoded_null        00000001800080d0     MSVCRT:MSVCR90.dll
 0002:000000d8       __imp_strncmp              00000001800080d8     MSVCRT:MSVCR90.dll
 0002:000000e0       __imp_memcpy               00000001800080e0     MSVCRT:MSVCR90.dll
 0002:000000e8       __imp___CxxFrameHandler3   00000001800080e8     MSVCRT:MSVCR90.dll
 0002:000000f0       \177MSVCR90_NULL_THUNK_DATA 00000001800080f0     MSVCRT:MSVCR90.dll
 0002:000000f8       __xc_a                     00000001800080f8     MSVCRT:cinitexe.obj
 0002:00000458       __xc_z                     0000000180008458     MSVCRT:cinitexe.obj
 0002:00000460       __xi_a                     0000000180008460     MSVCRT:cinitexe.obj
 0002:00000470       __xi_z                     0000000180008470     MSVCRT:cinitexe.obj
 0002:00000488       ??_7type_info@@6B@         0000000180008488     MSVCRT:ti_inst.obj
 0002:00000490       _pRawDllMain               0000000180008490     MSVCRT:crtdll.obj
 0002:00000490       _pDefaultRawDllMain        0000000180008490     MSVCRT:crtdll.obj
 0002:00000498       ??_C@_0P@GHFPNOJB@bad?5allocation?$AA@ 0000000180008498     plugin_test1.obj
 0002:000004a8       ??_C@_0BF@OCNNAADO@UModSys?3?3core?3?3IRoot?$AA@ 00000001800084a8     plugin_test1.obj
 0002:000004c0       ??_C@_0BK@EMIJFOPA@UModSys?3?3core?3?3IRefObject?$AA@ 00000001800084c0     plugin_test1.obj
 0002:000004e0       ??_C@_0BL@IOMMHELF@UModSys?3?3core?3?3IParameters?$AA@ 00000001800084e0     plugin_test1.obj
 0002:00000500       ??_C@_0BH@LKDEEPPM@UModSys?3?3base?3?3IModule?$AA@ 0000000180008500     plugin_test1.obj
 0002:00000518       ??_C@_0BO@PHJOHFCB@UModSys?3?3base?3?3IModuleLibrary?$AA@ 0000000180008518     plugin_test1.obj
 0002:00000538       ??_C@_0BK@FDPIOPHG@UModSys?3?3base?3?3IModObject?$AA@ 0000000180008538     plugin_test1.obj
 0002:00000558       ??_C@_0BK@OIBKNCKJ@UModSys?3?3base?3?3IGenerator?$AA@ 0000000180008558     plugin_test1.obj
 0002:00000578       ??_C@_0BG@PJBGCMEC@UModSys?3?3base?3?3IShell?$AA@ 0000000180008578     plugin_test1.obj
 0002:00000590       ??_C@_0BI@IKAOEFAP@UModSys?3?3base?3?3IConsole?$AA@ 0000000180008590     plugin_test1.obj
 0002:000005a8       ??_C@_0BH@PFCONEJJ@UModSys?3?3base?3?3ISystem?$AA@ 00000001800085a8     plugin_test1.obj
 0002:000005c0       ??_C@_0CB@CLGNFEGF@UModSys?3?3libmedia?3?3IStreamReader@ 00000001800085c0     plugin_test1.obj
 0002:000005e8       ??_C@_0CB@HOPFFLP@UModSys?3?3libmedia?3?3IStreamWriter@ 00000001800085e8     plugin_test1.obj
 0002:00000610       ??_C@_0BP@KCJMEDNO@UModSys?3?3libmedia?3?3IBinArchive?$AA@ 0000000180008610     plugin_test1.obj
 0002:00000630       ??_C@_0CB@FDEKNMGJ@UModSys?3?3libmedia?3?3IBinObjFilter@ 0000000180008630     plugin_test1.obj
 0002:00000658       ??_C@_0BM@DPCMOAPM@UModSys?3?3libmedia?3?3ILibrary?$AA@ 0000000180008658     plugin_test1.obj
 0002:00000678       ??_C@_0CD@ELIFEGE@UModSys?3?3libmedia?3?3ILibraryBinTr@ 0000000180008678     plugin_test1.obj
 0002:000006a0       ??_C@_0CE@EGHBJBAJ@UModSys?3?3libmedia?3?3ILibraryBinCa@ 00000001800086a0     plugin_test1.obj
 0002:000006c8       ??_C@_0CF@LBIGBLOK@UModSys?3?3libmedia?3?3ILibraryObjFi@ 00000001800086c8     plugin_test1.obj
 0002:000006f0       ??_C@_0CE@BOBLEOBL@UModSys?3?3libmedia?3?3ILibraryObjCa@ 00000001800086f0     plugin_test1.obj
 0002:00000718       ??_C@_0CD@LJFEJKGF@UModSys?3?3libmedia?3?3ILibraryLayer@ 0000000180008718     plugin_test1.obj
 0002:00000740       ??_C@_0CG@DNABKNDD@UModSys?3?3modules?3?3test?3?3test1?3?3I@ 0000000180008740     plugin_test1.obj
 0002:00000768       ??_C@_0CG@FINIGFAH@UModSys?3?3modules?3?3test?3?3test1?3?3R@ 0000000180008768     plugin_test1.obj
 0002:00000790       ??_C@_0CN@EFAOPDDB@UModSys?3?3modules?3?3test?3?3test1?3?3R@ 0000000180008790     plugin_test1.obj
 0002:000007c0       ??_C@_0O@FHILABOO@test1?3?3ILines?$AA@ 00000001800087c0     plugin_test1.obj
 0002:000007d0       ??_C@_0CM@LNHNHIJB@UModSys?3?3modules?3?3test?3?3test1?3?3R@ 00000001800087d0     plugin_test1.obj
 0002:00000800       ??_C@_0BC@NIGGCDMG@RTest1_Shell?$CI?$CJ?5?$HL?6?$AA@ 0000000180008800     plugin_test1.obj
 0002:00000818       ??_C@_0DK@JIEMIEKA@UModSys?3?3modules?3?3test?3?3test1?3?3R@ 0000000180008818     plugin_test1.obj
 0002:00000858       ??_C@_0CK@OICDGBDJ@?4?4?2?4?4?2?4?4?2src?2plugin?2test?2plugin_@ 0000000180008858     plugin_test1.obj
 0002:00000888       ??_C@_0BF@BMCPNMPN@?$HN?5?1?1?5RTest1_Shell?$CI?$CJ?6?$AA@ 0000000180008888     plugin_test1.obj
 0002:000008a0       ??_C@_0DL@OIAHAJF@UModSys?3?3modules?3?3test?3?3test1?3?3R@ 00000001800088a0     plugin_test1.obj
 0002:000008e0       ??_C@_0BB@MLDFLEML@?$HORTest1_Shell?$CI?$CJ?6?$AA@ 00000001800088e0     plugin_test1.obj
 0002:000008f8       ??_C@_0BJ@CCPCJEPP@RTest1_Shell?3?3connect?$CI?$CJ?6?$AA@ 00000001800088f8     plugin_test1.obj
 0002:00000918       ??_C@_0BM@KBDBHLN@RTest1_Shell?3?3disconnect?$CI?$CJ?6?$AA@ 0000000180008918     plugin_test1.obj
 0002:00000938       ??_C@_0BI@PGLACHLJ@RTest1_Shell?3?3tick?$CI?$CFg?$CJ?6?$AA@ 0000000180008938     plugin_test1.obj
 0002:00000950       ??_C@_0BM@JFIEEBE@RTest1_Shell?3?3command?$CI?$CD?$CFd?$CJ?6?$AA@ 0000000180008950     plugin_test1.obj
 0002:0000096c       ??_C@_06FIJELGDL@?2x?$CF02x?$AA@ 000000018000896c     plugin_test1.obj
 0002:00000974       ??_C@_01KICIPPFI@?2?$AA@   0000000180008974     plugin_test1.obj
 0002:00000978       ??_C@_02HAOIJKIC@?$CFc?$AA@ 0000000180008978     plugin_test1.obj
 0002:0000097c       ??_C@_02DKCKIIND@?$CFs?$AA@ 000000018000897c     plugin_test1.obj
 0002:00000980       ??_C@_0M@LAGNAJEJ@?$CK?3?3stdio?3?3?$CK?$AA@ 0000000180008980     plugin_test1.obj
 0002:00000990       ??_C@_08PEIJGPHF@pathname?$AA@ 0000000180008990     plugin_test1.obj
 0002:000009a0       ??_C@_0CE@DDDCOPAP@?5?5found?5sys?5archive?5?$HL?$CFs?$HN?3?5?$CFs?5?$DN?$DO?5@ 00000001800089a0     plugin_test1.obj
 0002:000009c8       ??_C@_0BJ@IMDALNCM@?5?5fail?5sys?5archive?5?$HL?$CFs?$HN?6?$AA@ 00000001800089c8     plugin_test1.obj
 0002:000009e8       ??_C@_09BDJIOBCO@?$CK?3?3std?3?3?$CK?$AA@ 00000001800089e8     plugin_test1.obj
 0002:000009f8       ??_C@_0CB@FNBGJIKO@?5?5found?5lib?$CIbin?9tree?$CJ?3?5?$CFs?5?$DN?$DO?5?$CFp?6@ 00000001800089f8     plugin_test1.obj
 0002:00000a20       ??_C@_0BG@PJBMFLKD@?5?5fail?5lib?$CIbin?9tree?$CJ?6?$AA@ 0000000180008a20     plugin_test1.obj
 0002:00000a38       ??_C@_0CD@CHNIFODL@?5?5found?5lib?$CIobj?9filter?$CJ?3?5?$CFs?5?$DN?$DO?5?$CF@ 0000000180008a38     plugin_test1.obj
 0002:00000a60       ??_C@_0BI@PPPKFCAB@?5?5fail?5lib?$CIobj?9filter?$CJ?6?$AA@ 0000000180008a60     plugin_test1.obj
 0002:00000a78       ??_C@_0CA@BADNNAAP@?5?5found?5lib?$CIlayered?$CJ?3?5?$CFs?5?$DN?$DO?5?$CFp?6?$AA@ 0000000180008a78     plugin_test1.obj
 0002:00000a98       ??_C@_0BF@JKNGHICK@?5?5fail?5lib?$CIlayered?$CJ?6?$AA@ 0000000180008a98     plugin_test1.obj
 0002:00000ab0       ??_C@_0CC@IFDNAANN@?5?5found?5lib?$CIobj?9cache?$CJ?3?5?$CFs?5?$DN?$DO?5?$CFp@ 0000000180008ab0     plugin_test1.obj
 0002:00000ad8       ??_C@_0BH@OEOEKGKC@?5?5fail?5lib?$CIobj?9cache?$CJ?6?$AA@ 0000000180008ad8     plugin_test1.obj
 0002:00000af0       ??_C@_0CC@GHPGLBNB@?5?5found?5lib?$CIbin?9cache?$CJ?3?5?$CFs?5?$DN?$DO?5?$CFp@ 0000000180008af0     plugin_test1.obj
 0002:00000b18       ??_C@_0BH@FAIBIAHC@?5?5fail?5lib?$CIbin?9cache?$CJ?6?$AA@ 0000000180008b18     plugin_test1.obj
 0002:00000b30       ??_C@_0BD@PBBJPCDE@?5?5?$CFs?5file?5?$HL?$CFs?$HN?5ok?6?$AA@ 0000000180008b30     plugin_test1.obj
 0002:00000b48       ??_C@_0BG@CIDNJACF@?5?5ERROR?5?$CFs?5file?5?$HL?$CFs?$HN?6?$AA@ 0000000180008b48     plugin_test1.obj
 0002:00000b60       ??_C@_0BP@NKNCNOOM@?5?5load?5file?5?$HL?$CFs?$HN?5ok?0?5size?3?$CFu?5?$HL?$AA@ 0000000180008b60     plugin_test1.obj
 0002:00000b80       ??_C@_02KGHIDFGE@?$HN?6?$AA@ 0000000180008b80     plugin_test1.obj
 0002:00000b88       ??_C@_0BI@FELDDFOD@?5?5ERROR?5load?5file?5?$HL?$CFs?$HN?6?$AA@ 0000000180008b88     plugin_test1.obj
 0002:00000ba0       ??_C@_0BO@KBOCKJIB@?5?5save?5file?5?$HL?$CFs?$HN?5ok?0?5size?3?$CFu?6?$AA@ 0000000180008ba0     plugin_test1.obj
 0002:00000bc0       ??_C@_0BI@POEDLBL@?5?5ERROR?5save?5file?5?$HL?$CFs?$HN?6?$AA@ 0000000180008bc0     plugin_test1.obj
 0002:00000bd8       ??_C@_0BG@GBKKPOOO@?$CK?$CK?$CK?$CK?$CK?$CK?$CK?$CK?5file?5test?51?6?$AA@ 0000000180008bd8     plugin_test1.obj
 0002:00000bf0       ??_C@_0O@CMKKEPPD@read?9test?4txt?$AA@ 0000000180008bf0     plugin_test1.obj
 0002:00000c00       ??_C@_08BABJIOEM@filename?$AA@ 0000000180008c00     plugin_test1.obj
 0002:00000c10       ??_C@_0BK@JMHCEPK@?5?5found?5reader?3?5?$CFs?5?$DN?$DO?5?$CFp?6?$AA@ 0000000180008c10     plugin_test1.obj
 0002:00000c30       ??_C@_0P@HIBABMLC@write?9test?4txt?$AA@ 0000000180008c30     plugin_test1.obj
 0002:00000c40       ??_C@_04FAOFCKOL@safe?$AA@ 0000000180008c40     plugin_test1.obj
 0002:00000c48       ??_C@_0BK@ONIPKACL@?5?5found?5writer?3?5?$CFs?5?$DN?$DO?5?$CFp?6?$AA@ 0000000180008c48     plugin_test1.obj
 0002:00000c68       ??_C@_09CCCIBADP@?5?5read?3?5?$HL?$AA@ 0000000180008c68     plugin_test1.obj
 0002:00000c78       ??_C@_0L@BBJPPDJK@?5?5written?6?$AA@ 0000000180008c78     plugin_test1.obj
 0002:00000c88       ??_C@_0BG@GDOMEALH@?$CK?$CK?$CK?$CK?$CK?$CK?$CK?$CK?5file?5test?52?6?$AA@ 0000000180008c88     plugin_test1.obj
 0002:00000ca0       ??_C@_01LFCBOECM@?4?$AA@   0000000180008ca0     plugin_test1.obj
 0002:00000ca8       ??_C@_0BC@MCEOIEIN@?5?5gen?5reader?3?5?$CFp?6?$AA@ 0000000180008ca8     plugin_test1.obj
 0002:00000cc0       ??_C@_0BC@GCDHCAFA@?5?5gen?5writer?3?5?$CFp?6?$AA@ 0000000180008cc0     plugin_test1.obj
 0002:00000cd8       ??_C@_0BG@GCCOCKIA@?$CK?$CK?$CK?$CK?$CK?$CK?$CK?$CK?5file?5test?53?6?$AA@ 0000000180008cd8     plugin_test1.obj
 0002:00000cf0       ??_C@_0BG@GHGBDMAF@?$CK?$CK?$CK?$CK?$CK?$CK?$CK?$CK?5file?5test?54?6?$AA@ 0000000180008cf0     plugin_test1.obj
 0002:00000d08       ??_C@_01KMDKNFGN@?1?$AA@   0000000180008d08     plugin_test1.obj
 0002:00000d10       ??_C@_0M@PCCOIOKO@?4?1write?9dir?$AA@ 0000000180008d10     plugin_test1.obj
 0002:00000d20       ??_C@_0P@PGIPMINA@?1read?9test?4txt?$AA@ 0000000180008d20     plugin_test1.obj
 0002:00000d30       ??_C@_0BA@NKKNEIEH@?1write?9test?4txt?$AA@ 0000000180008d30     plugin_test1.obj
 0002:00000d40       ??_C@_0BG@GGKDFGDC@?$CK?$CK?$CK?$CK?$CK?$CK?$CK?$CK?5file?5test?55?6?$AA@ 0000000180008d40     plugin_test1.obj
 0002:00000d58       ??_C@_0BE@MCKHKGMO@new?5object?5?$FLILines?$FN?$AA@ 0000000180008d58     plugin_test1.obj
 0002:00000d70       ??_C@_0BA@HKKFMIEN@?5?5ILines?3?5?$CFp?5?$HL?6?$AA@ 0000000180008d70     plugin_test1.obj
 0002:00000d80       ??_C@_0BB@IMFADNOI@?5?5?5?5line?5?$CFu?3?5?$CFs?6?$AA@ 0000000180008d80     plugin_test1.obj
 0002:00000d98       ??_C@_0BB@EMFEGJMB@?5?5?$HN?5ILines?3?5?$CFp?5?6?$AA@ 0000000180008d98     plugin_test1.obj
 0002:00000db0       ??_C@_0BF@DIFJPKPH@save?5object?5?$FLILines?$FN?$AA@ 0000000180008db0     plugin_test1.obj
 0002:00000dc8       ??_C@_0BC@IJDEIGFA@?1write?9test?92?4txt?$AA@ 0000000180008dc8     plugin_test1.obj
 0002:00000de0       ??_C@_0CK@DEJPICLK@UModSys?3?3modules?3?3test?3?3test1?3?3R@ 0000000180008de0     plugin_test1.obj
 0002:00000e10       ??_C@_0DD@HMBJLEH@UMODSYS_MODULE_NAME?$CItest?0test1?$CJ?3@ 0000000180008e10     plugin_test1.obj
 0002:00000e48       ??_C@_0BA@NMEBLMNE@Test?51?5?9?5module?$AA@ 0000000180008e48     plugin_test1.obj
 0002:00000e58       ??_C@_0N@FOCLJAHI@tests?3?3test1?$AA@ 0000000180008e58     plugin_test1.obj
 0002:00000e68       ??_C@_0BE@HJEBHPIG@RModuleReg?3?3open?$CI?$CJ?6?$AA@ 0000000180008e68     plugin_test1.obj
 0002:00000e80       ??_C@_0BF@KIBBFLP@RModuleReg?3?3close?$CI?$CJ?6?$AA@ 0000000180008e80     plugin_test1.obj
 0002:00000e98       ??_C@_09JGNMLHG@modobject?$AA@ 0000000180008e98     plugin_test1.obj
 0002:00000ea8       ??_C@_08FCBDOIAH@typeinfo?$AA@ 0000000180008ea8     plugin_test1.obj
 0002:00000ec8       ??_7IRoot@core@UModSys@@6B@ 0000000180008ec8     plugin_test1.obj
 0002:00000f18       ??_7IRefObject@core@UModSys@@6B@ 0000000180008f18     plugin_test1.obj
 0002:00000f88       ??_7ILines@test1@test@modules@UModSys@@6B@ 0000000180008f88     plugin_test1.obj
 0002:00000ff8       ??_7RLines@test1@test@modules@UModSys@@6B@ 0000000180008ff8     plugin_test1.obj
 0002:00001068       ??_7RLines_Filter@test1@test@modules@UModSys@@6BIRefObject@core@4@@ 0000000180009068     plugin_test1.obj
 0002:000010e8       ??_7RLines_Filter@test1@test@modules@UModSys@@6BISetter@SFlags@libmedia@4@@ 00000001800090e8     plugin_test1.obj
 0002:00001108       ??_7RTest1_Shell@test1@test@modules@UModSys@@6B@ 0000000180009108     plugin_test1.obj
 0002:00001198       ??_7RGenerator@test1@test@modules@UModSys@@6B@ 0000000180009198     plugin_test1.obj
 0002:00001238       ??_7RModuleReg@test1@test@modules@UModSys@@6B@ 0000000180009238     plugin_test1.obj
 0002:00001270       ??_7RModuleLibraryReg_Chain@base@UModSys@@6B@ 0000000180009270     umodsys_lib_base:umodsys.base.moduleregchain.obj
 0002:000012a8       ??_7IModuleReg@base@UModSys@@6B@ 00000001800092a8     umodsys_lib_base:umodsys.base.modulereg.obj
 0002:000012e0       ??_7IModuleLibraryReg@base@UModSys@@6B@ 00000001800092e0     umodsys_lib_base:umodsys.base.modulereg.obj
 0002:00001310       __real@3f50624dd2f1a9fc    0000000180009310      CIL library: CIL module
 0002:00001688       ??_R4type_info@@6B@        0000000180009688     MSVCRT:ti_inst.obj
 0002:000016b0       ??_R3type_info@@8          00000001800096b0     MSVCRT:ti_inst.obj
 0002:000016c8       ??_R2type_info@@8          00000001800096c8     MSVCRT:ti_inst.obj
 0002:000016d8       ??_R1A@?0A@EA@type_info@@8 00000001800096d8     MSVCRT:ti_inst.obj
 0002:00001700       ??_R4RModuleReg@test1@test@modules@UModSys@@6B@ 0000000180009700     plugin_test1.obj
 0002:00001728       ??_R3RModuleReg@test1@test@modules@UModSys@@8 0000000180009728     plugin_test1.obj
 0002:00001740       ??_R2RModuleReg@test1@test@modules@UModSys@@8 0000000180009740     plugin_test1.obj
 0002:00001758       ??_R1A@?0A@EA@IModuleReg@base@UModSys@@8 0000000180009758     plugin_test1.obj
 0002:00001780       ??_R3IModuleReg@base@UModSys@@8 0000000180009780     plugin_test1.obj
 0002:00001798       ??_R2IModuleReg@base@UModSys@@8 0000000180009798     plugin_test1.obj
 0002:000017a8       ??_R1A@?0A@EA@RModuleReg@test1@test@modules@UModSys@@8 00000001800097a8     plugin_test1.obj
 0002:000017d0       ??_R4RGenerator@test1@test@modules@UModSys@@6B@ 00000001800097d0     plugin_test1.obj
 0002:000017f8       ??_R3RGenerator@test1@test@modules@UModSys@@8 00000001800097f8     plugin_test1.obj
 0002:00001810       ??_R2RGenerator@test1@test@modules@UModSys@@8 0000000180009810     plugin_test1.obj
 0002:00001840       ??_R1A@?0A@EA@RGenerator@test1@test@modules@UModSys@@8 0000000180009840     plugin_test1.obj
 0002:00001868       ??_R4RTest1_Shell@test1@test@modules@UModSys@@6B@ 0000000180009868     plugin_test1.obj
 0002:00001890       ??_R3RTest1_Shell@test1@test@modules@UModSys@@8 0000000180009890     plugin_test1.obj
 0002:000018a8       ??_R2RTest1_Shell@test1@test@modules@UModSys@@8 00000001800098a8     plugin_test1.obj
 0002:000018d0       ??_R1A@?0A@EA@RTest1_Shell@test1@test@modules@UModSys@@8 00000001800098d0     plugin_test1.obj
 0002:000018f8       ??_R4RLines_Filter@test1@test@modules@UModSys@@6BISetter@SFlags@libmedia@4@@ 00000001800098f8     plugin_test1.obj
 0002:00001920       ??_R4RLines_Filter@test1@test@modules@UModSys@@6BIRefObject@core@4@@ 0000000180009920     plugin_test1.obj
 0002:00001948       ??_R3RLines_Filter@test1@test@modules@UModSys@@8 0000000180009948     plugin_test1.obj
 0002:00001960       ??_R2RLines_Filter@test1@test@modules@UModSys@@8 0000000180009960     plugin_test1.obj
 0002:000019a0       ??_R1A@?0A@EA@RLines_Filter@test1@test@modules@UModSys@@8 00000001800099a0     plugin_test1.obj
 0002:000019c8       ??_R4RLines@test1@test@modules@UModSys@@6B@ 00000001800099c8     plugin_test1.obj
 0002:000019f0       ??_R3RLines@test1@test@modules@UModSys@@8 00000001800099f0     plugin_test1.obj
 0002:00001a08       ??_R2RLines@test1@test@modules@UModSys@@8 0000000180009a08     plugin_test1.obj
 0002:00001a30       ??_R1A@?0A@EA@RLines@test1@test@modules@UModSys@@8 0000000180009a30     plugin_test1.obj
 0002:00001a58       ??_R4ILines@test1@test@modules@UModSys@@6B@ 0000000180009a58     plugin_test1.obj
 0002:00001a80       ??_R3ILines@test1@test@modules@UModSys@@8 0000000180009a80     plugin_test1.obj
 0002:00001a98       ??_R2ILines@test1@test@modules@UModSys@@8 0000000180009a98     plugin_test1.obj
 0002:00001ab8       ??_R1A@?0A@EA@ILines@test1@test@modules@UModSys@@8 0000000180009ab8     plugin_test1.obj
 0002:00001ae0       ??_R3IBinObjFilter@libmedia@UModSys@@8 0000000180009ae0     plugin_test1.obj
 0002:00001af8       ??_R2IBinObjFilter@libmedia@UModSys@@8 0000000180009af8     plugin_test1.obj
 0002:00001b30       ??_R17?0A@EA@IResolver@SFlags@libmedia@UModSys@@8 0000000180009b30     plugin_test1.obj
 0002:00001b58       ??_R17?0A@EA@IResolverAuto@SFlags@libmedia@UModSys@@8 0000000180009b58     plugin_test1.obj
 0002:00001b80       ??_R17?0A@EA@ISetter@SFlags@libmedia@UModSys@@8 0000000180009b80     plugin_test1.obj
 0002:00001ba8       ??_R3ISetter@SFlags@libmedia@UModSys@@8 0000000180009ba8     plugin_test1.obj
 0002:00001bc0       ??_R2ISetter@SFlags@libmedia@UModSys@@8 0000000180009bc0     plugin_test1.obj
 0002:00001be0       ??_R1A@?0A@EA@IResolverAuto@SFlags@libmedia@UModSys@@8 0000000180009be0     plugin_test1.obj
 0002:00001c08       ??_R3IResolverAuto@SFlags@libmedia@UModSys@@8 0000000180009c08     plugin_test1.obj
 0002:00001c20       ??_R2IResolverAuto@SFlags@libmedia@UModSys@@8 0000000180009c20     plugin_test1.obj
 0002:00001c38       ??_R1A@?0A@EA@IResolver@SFlags@libmedia@UModSys@@8 0000000180009c38     plugin_test1.obj
 0002:00001c60       ??_R3IResolver@SFlags@libmedia@UModSys@@8 0000000180009c60     plugin_test1.obj
 0002:00001c78       ??_R2IResolver@SFlags@libmedia@UModSys@@8 0000000180009c78     plugin_test1.obj
 0002:00001c88       ??_R1A@?0A@EA@ISetter@SFlags@libmedia@UModSys@@8 0000000180009c88     plugin_test1.obj
 0002:00001cb0       ??_R1A@?0A@EA@IBinObjFilter@libmedia@UModSys@@8 0000000180009cb0     plugin_test1.obj
 0002:00001cd8       ??_R3IShell@base@UModSys@@8 0000000180009cd8     plugin_test1.obj
 0002:00001cf0       ??_R2IShell@base@UModSys@@8 0000000180009cf0     plugin_test1.obj
 0002:00001d10       ??_R1A@?0A@EA@IShell@base@UModSys@@8 0000000180009d10     plugin_test1.obj
 0002:00001d38       ??_R3IGenerator@base@UModSys@@8 0000000180009d38     plugin_test1.obj
 0002:00001d50       ??_R2IGenerator@base@UModSys@@8 0000000180009d50     plugin_test1.obj
 0002:00001d78       ??_R1A@?0A@EA@IGenerator@base@UModSys@@8 0000000180009d78     plugin_test1.obj
 0002:00001da0       ??_R3IModObject@base@UModSys@@8 0000000180009da0     plugin_test1.obj
 0002:00001db8       ??_R2IModObject@base@UModSys@@8 0000000180009db8     plugin_test1.obj
 0002:00001dd8       ??_R1A@?0A@EA@IModObject@base@UModSys@@8 0000000180009dd8     plugin_test1.obj
 0002:00001e00       ??_R4IRefObject@core@UModSys@@6B@ 0000000180009e00     plugin_test1.obj
 0002:00001e28       ??_R3IRefObject@core@UModSys@@8 0000000180009e28     plugin_test1.obj
 0002:00001e40       ??_R2IRefObject@core@UModSys@@8 0000000180009e40     plugin_test1.obj
 0002:00001e58       ??_R1A@?0A@EA@IRefObject@core@UModSys@@8 0000000180009e58     plugin_test1.obj
 0002:00001e80       ??_R4IRoot@core@UModSys@@6B@ 0000000180009e80     plugin_test1.obj
 0002:00001ea8       ??_R3IRoot@core@UModSys@@8 0000000180009ea8     plugin_test1.obj
 0002:00001ec0       ??_R2IRoot@core@UModSys@@8 0000000180009ec0     plugin_test1.obj
 0002:00001ed0       ??_R1A@?0A@EA@IRoot@core@UModSys@@8 0000000180009ed0     plugin_test1.obj
 0002:00001ef8       ??_R4RModuleLibraryReg_Chain@base@UModSys@@6B@ 0000000180009ef8     umodsys_lib_base:umodsys.base.moduleregchain.obj
 0002:00001f20       ??_R3RModuleLibraryReg_Chain@base@UModSys@@8 0000000180009f20     umodsys_lib_base:umodsys.base.moduleregchain.obj
 0002:00001f38       ??_R2RModuleLibraryReg_Chain@base@UModSys@@8 0000000180009f38     umodsys_lib_base:umodsys.base.moduleregchain.obj
 0002:00001f50       ??_R1A@?0A@EA@IModuleLibraryReg@base@UModSys@@8 0000000180009f50     umodsys_lib_base:umodsys.base.moduleregchain.obj
 0002:00001f78       ??_R3IModuleLibraryReg@base@UModSys@@8 0000000180009f78     umodsys_lib_base:umodsys.base.moduleregchain.obj
 0002:00001f90       ??_R2IModuleLibraryReg@base@UModSys@@8 0000000180009f90     umodsys_lib_base:umodsys.base.moduleregchain.obj
 0002:00001fa0       ??_R1A@?0A@EA@RModuleLibraryReg_Chain@base@UModSys@@8 0000000180009fa0     umodsys_lib_base:umodsys.base.moduleregchain.obj
 0002:00001fc8       ??_R4IModuleLibraryReg@base@UModSys@@6B@ 0000000180009fc8     umodsys_lib_base:umodsys.base.modulereg.obj
 0002:00001ff0       ??_R4IModuleReg@base@UModSys@@6B@ 0000000180009ff0     umodsys_lib_base:umodsys.base.modulereg.obj
 0002:00002018       __rtc_iaa                  000000018000a018     MSVCRT:_initsect_.obj
 0002:00002020       __rtc_izz                  000000018000a020     MSVCRT:_initsect_.obj
 0002:00002028       __rtc_taa                  000000018000a028     MSVCRT:_initsect_.obj
 0002:00002030       __rtc_tzz                  000000018000a030     MSVCRT:_initsect_.obj
 0002:00002fb4       __IMPORT_DESCRIPTOR_MSVCR90 000000018000afb4     MSVCRT:MSVCR90.dll
 0002:00002fc8       __IMPORT_DESCRIPTOR_KERNEL32 000000018000afc8     kernel32:KERNEL32.dll
 0002:00002fdc       __NULL_IMPORT_DESCRIPTOR   000000018000afdc     MSVCRT:MSVCR90.dll
 0003:00000000       ??_R0?AVtype_info@@@8      000000018000c000     MSVCRT:ti_inst.obj
 0003:00000020       __native_dllmain_reason    000000018000c020     MSVCRT:natstart.obj
 0003:00000024       __native_vcclrit_reason    000000018000c024     MSVCRT:natstart.obj
 0003:00000028       __security_cookie          000000018000c028     MSVCRT:gs_cookie.obj
 0003:00000030       __security_cookie_complement 000000018000c030     MSVCRT:gs_cookie.obj
 0003:00000038       ??_R0?AUIModuleReg@base@UModSys@@@8 000000018000c038     plugin_test1.obj
 0003:00000068       ??_R0?AURModuleReg@test1@test@modules@UModSys@@@8 000000018000c068     plugin_test1.obj
 0003:000000a8       ??_R0?AURGenerator@test1@test@modules@UModSys@@@8 000000018000c0a8     plugin_test1.obj
 0003:000000e8       ??_R0?AURTest1_Shell@test1@test@modules@UModSys@@@8 000000018000c0e8     plugin_test1.obj
 0003:00000128       ??_R0?AURLines_Filter@test1@test@modules@UModSys@@@8 000000018000c128     plugin_test1.obj
 0003:00000168       ??_R0?AURLines@test1@test@modules@UModSys@@@8 000000018000c168     plugin_test1.obj
 0003:000001a0       ??_R0?AUILines@test1@test@modules@UModSys@@@8 000000018000c1a0     plugin_test1.obj
 0003:000001d8       ??_R0?AUIResolver@SFlags@libmedia@UModSys@@@8 000000018000c1d8     plugin_test1.obj
 0003:00000210       ??_R0?AUIResolverAuto@SFlags@libmedia@UModSys@@@8 000000018000c210     plugin_test1.obj
 0003:00000250       ??_R0?AUISetter@SFlags@libmedia@UModSys@@@8 000000018000c250     plugin_test1.obj
 0003:00000288       ??_R0?AUIBinObjFilter@libmedia@UModSys@@@8 000000018000c288     plugin_test1.obj
 0003:000002c0       ??_R0?AUIShell@base@UModSys@@@8 000000018000c2c0     plugin_test1.obj
 0003:000002f0       ??_R0?AUIGenerator@base@UModSys@@@8 000000018000c2f0     plugin_test1.obj
 0003:00000320       ??_R0?AUIModObject@base@UModSys@@@8 000000018000c320     plugin_test1.obj
 0003:00000350       ??_R0?AUIRefObject@core@UModSys@@@8 000000018000c350     plugin_test1.obj
 0003:00000380       ??_R0?AUIRoot@core@UModSys@@@8 000000018000c380     plugin_test1.obj
 0003:000003e8       ?so_entry_enabled_flag@base@UModSys@@3HA 000000018000c3e8     umodsys_lib_base:umodsys.so_main.win32.obj
 0003:00000408       ?auto_flags@RLines_Filter@test1@test@modules@UModSys@@2U?$TFlags4State@USMediaFlagUid@libmedia@UModSys@@I@tl@5@A 000000018000c408     plugin_test1.obj
 0003:00000410       ?s_null@?1??get_null@?$TSCoreShared@USIMemAlloc@core@UModSys@@D@su@tl@UModSys@@SAPEAU?$TSharedStringInfo@D@345@XZ@4U6345@A 000000018000c410     plugin_test1.obj
 0003:00000430       ??_R0?AUIModuleLibraryReg@base@UModSys@@@8 000000018000c430     umodsys_lib_base:umodsys.base.moduleregchain.obj
 0003:00000468       ??_R0?AURModuleLibraryReg_Chain@base@UModSys@@@8 000000018000c468     umodsys_lib_base:umodsys.base.moduleregchain.obj
 0003:000004a4       _fltused                   000000018000c4a4     MSVCRT:dllsupp.obj
 0003:000004b4       _forceCRTManifestRTM       000000018000c4b4     MSVCRT:crtmanifestrtm.obj
 0003:000004b8       ?__type_info_root_node@@3U__type_info_node@@A 000000018000c4b8     MSVCRT:tncleanup.obj
 0003:00000508       ?s_id@?$TObjectUniqueID@UIBinObjFilter@libmedia@UModSys@@@tl@UModSys@@2USUniquePointer@core@3@A 000000018000c508     plugin_test1.obj
 0003:00000538       ?s_id@?$TObjectUniqueID@UILibraryBinTree@libmedia@UModSys@@@tl@UModSys@@2USUniquePointer@core@3@A 000000018000c538     plugin_test1.obj
 0003:00000568       ?s_id@?$TObjectUniqueID@UIModObject@base@UModSys@@@tl@UModSys@@2USUniquePointer@core@3@A 000000018000c568     plugin_test1.obj
 0003:00000598       ?s_id@?$TObjectUniqueID@UILines@test1@test@modules@UModSys@@@tl@UModSys@@2USUniquePointer@core@3@A 000000018000c598     plugin_test1.obj
 0003:000005c8       ?s_id@?$TObjectUniqueID@URLines_Filter@test1@test@modules@UModSys@@@tl@UModSys@@2USUniquePointer@core@3@A 000000018000c5c8     plugin_test1.obj
 0003:000005f8       ?s_id@?$TObjectUniqueID@UIGenerator@base@UModSys@@@tl@UModSys@@2USUniquePointer@core@3@A 000000018000c5f8     plugin_test1.obj
 0003:00000628       ?s_id@?$TObjectUniqueID@UIModule@base@UModSys@@@tl@UModSys@@2USUniquePointer@core@3@A 000000018000c628     plugin_test1.obj
 0003:00000658       ?s_id@?$TObjectUniqueID@UIBinArchive@libmedia@UModSys@@@tl@UModSys@@2USUniquePointer@core@3@A 000000018000c658     plugin_test1.obj
 0003:00000688       ?s_id@?$TObjectUniqueID@UIRoot@core@UModSys@@@tl@UModSys@@2USUniquePointer@core@3@A 000000018000c688     plugin_test1.obj
 0003:000006b8       ?s_id@?$TObjectUniqueID@UILibraryObjCache@libmedia@UModSys@@@tl@UModSys@@2USUniquePointer@core@3@A 000000018000c6b8     plugin_test1.obj
 0003:000006e8       ?s_id@?$TObjectUniqueID@UIStreamWriter@libmedia@UModSys@@@tl@UModSys@@2USUniquePointer@core@3@A 000000018000c6e8     plugin_test1.obj
 0003:00000718       ?s_id@?$TObjectUniqueID@UISystem@base@UModSys@@@tl@UModSys@@2USUniquePointer@core@3@A 000000018000c718     plugin_test1.obj
 0003:00000748       ?s_id@?$TObjectUniqueID@URTest1_Shell@test1@test@modules@UModSys@@@tl@UModSys@@2USUniquePointer@core@3@A 000000018000c748     plugin_test1.obj
 0003:00000778       ?s_id@?$TObjectUniqueID@UIRefObject@core@UModSys@@@tl@UModSys@@2USUniquePointer@core@3@A 000000018000c778     plugin_test1.obj
 0003:000007a8       ?s_id@?$TObjectUniqueID@UILibraryLayered@libmedia@UModSys@@@tl@UModSys@@2USUniquePointer@core@3@A 000000018000c7a8     plugin_test1.obj
 0003:000007d8       ?s_id@?$TObjectUniqueID@UIShell@base@UModSys@@@tl@UModSys@@2USUniquePointer@core@3@A 000000018000c7d8     plugin_test1.obj
 0003:00000808       ?s_id@?$TObjectUniqueID@URLines@test1@test@modules@UModSys@@@tl@UModSys@@2USUniquePointer@core@3@A 000000018000c808     plugin_test1.obj
 0003:00000838       ?s_id@?$TObjectUniqueID@UILibraryBinCache@libmedia@UModSys@@@tl@UModSys@@2USUniquePointer@core@3@A 000000018000c838     plugin_test1.obj
 0003:00000868       ?s_id@?$TObjectUniqueID@UIConsole@base@UModSys@@@tl@UModSys@@2USUniquePointer@core@3@A 000000018000c868     plugin_test1.obj
 0003:00000898       ?s_id@?$TObjectUniqueID@URGenerator@test1@test@modules@UModSys@@@tl@UModSys@@2USUniquePointer@core@3@A 000000018000c898     plugin_test1.obj
 0003:000008d0       ?s_modreg@RModuleReg@test1@test@modules@UModSys@@2U12345@A 000000018000c8d0     plugin_test1.obj
 0003:00000920       ?s_modreg_chain@RModuleReg@test1@test@modules@UModSys@@2USModuleRegChain@base@5@A 000000018000c920     plugin_test1.obj
 0003:00000938       ?s_uid@RGenerator@test1@test@modules@UModSys@@2USUniquePointer@core@5@A 000000018000c938     plugin_test1.obj
 0003:00000968       ?M@UModSys@@3USModuleContext@base@1@A 000000018000c968     umodsys_lib_base:umodsys.base.modulecontext.obj
 0003:00000990       ?s_library@RModuleLibraryReg_Chain@base@UModSys@@2U123@A 000000018000c990     umodsys_lib_base:umodsys.base.moduleregchain.obj
 0003:00000998       ?root@SModuleRegChain@base@UModSys@@2U123@A 000000018000c998     umodsys_lib_base:umodsys.base.moduleregchain.obj
 0003:000009b0       ?root@SUniquePointer@core@UModSys@@2U123@A 000000018000c9b0     umodsys_lib_core:umodsys.core.uniqueptr.obj
 0003:000009e0       ?s_id@?$TObjectUniqueID@UIModuleLibrary@base@UModSys@@@tl@UModSys@@2USUniquePointer@core@3@A 000000018000c9e0     plugin_test1.obj
 0003:00000a10       ?s_id@?$TObjectUniqueID@UILibraryObjFilter@libmedia@UModSys@@@tl@UModSys@@2USUniquePointer@core@3@A 000000018000ca10     plugin_test1.obj
 0003:00000a40       ?s_id@?$TObjectUniqueID@UILibrary@libmedia@UModSys@@@tl@UModSys@@2USUniquePointer@core@3@A 000000018000ca40     plugin_test1.obj
 0003:00000a70       ?s_id@?$TObjectUniqueID@UIStreamReader@libmedia@UModSys@@@tl@UModSys@@2USUniquePointer@core@3@A 000000018000ca70     plugin_test1.obj
 0003:00000aa0       ?s_id@?$TObjectUniqueID@UIParameters@core@UModSys@@@tl@UModSys@@2USUniquePointer@core@3@A 000000018000caa0     plugin_test1.obj
 0003:00000ad0       __native_startup_state     000000018000cad0     <common>
 0003:00000ad8       __native_startup_lock      000000018000cad8     <common>
 0003:00000ae0       __dyn_tls_init_callback    000000018000cae0     <common>
 0003:00000ae8       __onexitend                000000018000cae8     <common>
 0003:00000af0       __onexitbegin              000000018000caf0     <common>

 entry point at        0001:00001b48

 Static symbols

 0001:00001754       pre_c_init                 0000000180002754 f   MSVCRT:crtdll.obj
 0001:00001a10       __DllMainCRTStartup        0000000180002a10 f   MSVCRT:crtdll.obj
 0001:00005660       _onexit$fin$0              0000000180006660 f   MSVCRT:atonexit.obj
 0001:00005679       __DllMainCRTStartup$filt$0 0000000180006679 f   MSVCRT:crtdll.obj
 0001:000056a9       __DllMainCRTStartup$fin$1  00000001800066a9 f   MSVCRT:crtdll.obj
 0001:000056c2       ?filt$0@?0??__ArrayUnwind@@YAXPEAX_KHP6AX0@Z@Z@4HA 00000001800066c2 f   MSVCRT:ehvecdtr.obj
 0001:00005701       ?fin$0@?0???_M@YAXPEAX_KHP6AX0@Z@Z@4HA 0000000180006701 f   MSVCRT:ehvecdtr.obj
 0001:00005730       _IsNonwritableInCurrentImage$filt$0 0000000180006730 f   MSVCRT:pesect.obj
 0001:00005760       ?dtor$0@?0??suicide@RTest1_Shell@test1@test@modules@UModSys@@UEAAXXZ@4HA 0000000180006760 f    CIL library: CIL module
 0001:00005760       ?dtor$0@?0??suicide@RLines@test1@test@modules@UModSys@@UEAAXXZ@4HA 0000000180006760 f    CIL library: CIL module
 0001:00005760       ?dtor$0@?0??suicide@RLines_Filter@test1@test@modules@UModSys@@UEAAXXZ@4HA 0000000180006760 f    CIL library: CIL module
 0001:00005780       ?dtor$0@?0??layer_push@ILibraryLayered@libmedia@UModSys@@QEAA_NPEAUILibrary@23@HAEBU?$TString@U?$TSCoreConst@D@su@tl@UModSys@@U?$TComparerBinaryHash@D@234@@tl@3@@Z@4HA 0000000180006780 f    CIL library: CIL module
 0001:000057a0       ?dtor$0@?0??aconstructcopy@?$TTypeConstructor@U?$TString@U?$TSCoreShared@USIMemAlloc@core@UModSys@@D@su@tl@UModSys@@U?$TComparerBinaryHash@D@234@@tl@UModSys@@@tl@UModSys@@SAXPEAU?$TString@U?$TSCoreShared@USIMemAlloc@core@UModSys@@D@su@tl@UModSys@@U?$TComparerBinaryHash@D@234@@23@_KAEBU423@@Z@4HA 00000001800067a0 f    CIL library: CIL module
 0001:000057c0       ?dtor$0@?0??filter_save@RLines_Filter@test1@test@modules@UModSys@@UEAA_NAEAUSInfo@IBinObjFilter@libmedia@5@PEBUIRefObject@core@5@@Z@4HA 00000001800067c0 f    CIL library: CIL module
 0001:000057e0       ?dtor$2@?0??filter_load@RLines_Filter@test1@test@modules@UModSys@@UEAA_NAEBUSInfo@IBinObjFilter@libmedia@5@PEAUIRefObject@core@5@@Z@4HA 00000001800067e0 f    CIL library: CIL module
 0001:00005800       ?dtor$4@?0??filter_load@RLines_Filter@test1@test@modules@UModSys@@UEAA_NAEBUSInfo@IBinObjFilter@libmedia@5@PEAUIRefObject@core@5@@Z@4HA 0000000180006800 f    CIL library: CIL module
 0001:00005820       ?dtor$0@?0???0RLines@test1@test@modules@UModSys@@QEAA@PEAUIModObject@base@4@AEBUSParameters@core@4@@Z@4HA 0000000180006820 f    CIL library: CIL module
 0001:00005840       ?dtor$0@?0??file_test1@RTest1_Shell@test1@test@modules@UModSys@@QEAAXXZ@4HA 0000000180006840 f    CIL library: CIL module
 0001:00005860       ?dtor$1@?0??file_test1@RTest1_Shell@test1@test@modules@UModSys@@QEAAXXZ@4HA 0000000180006860 f    CIL library: CIL module
 0001:00005880       ?dtor$2@?0??file_test1@RTest1_Shell@test1@test@modules@UModSys@@QEAAXXZ@4HA 0000000180006880 f    CIL library: CIL module
 0001:000058a0       ?dtor$5@?0??file_test1@RTest1_Shell@test1@test@modules@UModSys@@QEAAXXZ@4HA 00000001800068a0 f    CIL library: CIL module
 0001:000058c0       ?dtor$3@?0??file_test1@RTest1_Shell@test1@test@modules@UModSys@@QEAAXXZ@4HA 00000001800068c0 f    CIL library: CIL module
 0001:000058e0       ?dtor$8@?0??file_test1@RTest1_Shell@test1@test@modules@UModSys@@QEAAXXZ@4HA 00000001800068e0 f    CIL library: CIL module
 0001:00005910       ?dtor$0@?0??media_cache@RTest1_Shell@test1@test@modules@UModSys@@QEAA?AU?$TRefObject@UILibrary@libmedia@UModSys@@U?$TRefObjectFunc@UILibrary@libmedia@UModSys@@@tl@3@@tl@5@_N@Z@4HA 0000000180006910 f    CIL library: CIL module
 0001:00005930       ?dtor$1@?0??media_cache@RTest1_Shell@test1@test@modules@UModSys@@QEAA?AU?$TRefObject@UILibrary@libmedia@UModSys@@U?$TRefObjectFunc@UILibrary@libmedia@UModSys@@@tl@3@@tl@5@_N@Z@4HA 0000000180006930 f    CIL library: CIL module
 0001:00005950       ?dtor$6@?0??media_cache@RTest1_Shell@test1@test@modules@UModSys@@QEAA?AU?$TRefObject@UILibrary@libmedia@UModSys@@U?$TRefObjectFunc@UILibrary@libmedia@UModSys@@@tl@3@@tl@5@_N@Z@4HA 0000000180006950 f    CIL library: CIL module
 0001:00005970       ?dtor$3@?0??media_cache@RTest1_Shell@test1@test@modules@UModSys@@QEAA?AU?$TRefObject@UILibrary@libmedia@UModSys@@U?$TRefObjectFunc@UILibrary@libmedia@UModSys@@@tl@3@@tl@5@_N@Z@4HA 0000000180006970 f    CIL library: CIL module
 0001:00005990       ?dtor$4@?0??media_cache@RTest1_Shell@test1@test@modules@UModSys@@QEAA?AU?$TRefObject@UILibrary@libmedia@UModSys@@U?$TRefObjectFunc@UILibrary@libmedia@UModSys@@@tl@3@@tl@5@_N@Z@4HA 0000000180006990 f    CIL library: CIL module
 0001:000059b0       ?dtor$10@?0??media_cache@RTest1_Shell@test1@test@modules@UModSys@@QEAA?AU?$TRefObject@UILibrary@libmedia@UModSys@@U?$TRefObjectFunc@UILibrary@libmedia@UModSys@@@tl@3@@tl@5@_N@Z@4HA 00000001800069b0 f    CIL library: CIL module
 0001:000059e0       ?dtor$0@?0??media_lay@RTest1_Shell@test1@test@modules@UModSys@@QEAA?AU?$TRefObject@UILibraryLayered@libmedia@UModSys@@U?$TRefObjectFunc@UILibraryLayered@libmedia@UModSys@@@tl@3@@tl@5@XZ@4HA 00000001800069e0 f    CIL library: CIL module
 0001:00005a00       ?dtor$1@?0??media_lay@RTest1_Shell@test1@test@modules@UModSys@@QEAA?AU?$TRefObject@UILibraryLayered@libmedia@UModSys@@U?$TRefObjectFunc@UILibraryLayered@libmedia@UModSys@@@tl@3@@tl@5@XZ@4HA 0000000180006a00 f    CIL library: CIL module
 0001:00005a20       ?dtor$4@?0??media_lay@RTest1_Shell@test1@test@modules@UModSys@@QEAA?AU?$TRefObject@UILibraryLayered@libmedia@UModSys@@U?$TRefObjectFunc@UILibraryLayered@libmedia@UModSys@@@tl@3@@tl@5@XZ@4HA 0000000180006a20 f    CIL library: CIL module
 0001:00005a40       ?dtor$2@?0??media_lay@RTest1_Shell@test1@test@modules@UModSys@@QEAA?AU?$TRefObject@UILibraryLayered@libmedia@UModSys@@U?$TRefObjectFunc@UILibraryLayered@libmedia@UModSys@@@tl@3@@tl@5@XZ@4HA 0000000180006a40 f    CIL library: CIL module
 0001:00005a80       ?dtor$0@?0??media_flt@RTest1_Shell@test1@test@modules@UModSys@@QEAA?AU?$TRefObject@UILibraryObjFilter@libmedia@UModSys@@U?$TRefObjectFunc@UILibraryObjFilter@libmedia@UModSys@@@tl@3@@tl@5@XZ@4HA 0000000180006a80 f    CIL library: CIL module
 0001:00005aa0       ?dtor$1@?0??media_flt@RTest1_Shell@test1@test@modules@UModSys@@QEAA?AU?$TRefObject@UILibraryObjFilter@libmedia@UModSys@@U?$TRefObjectFunc@UILibraryObjFilter@libmedia@UModSys@@@tl@3@@tl@5@XZ@4HA 0000000180006aa0 f    CIL library: CIL module
 0001:00005ac0       ?dtor$4@?0??media_flt@RTest1_Shell@test1@test@modules@UModSys@@QEAA?AU?$TRefObject@UILibraryObjFilter@libmedia@UModSys@@U?$TRefObjectFunc@UILibraryObjFilter@libmedia@UModSys@@@tl@3@@tl@5@XZ@4HA 0000000180006ac0 f    CIL library: CIL module
 0001:00005ae0       ?dtor$2@?0??media_flt@RTest1_Shell@test1@test@modules@UModSys@@QEAA?AU?$TRefObject@UILibraryObjFilter@libmedia@UModSys@@U?$TRefObjectFunc@UILibraryObjFilter@libmedia@UModSys@@@tl@3@@tl@5@XZ@4HA 0000000180006ae0 f    CIL library: CIL module
 0001:00005b20       ?dtor$0@?0??media_vfs@RTest1_Shell@test1@test@modules@UModSys@@QEAA?AU?$TRefObject@UILibraryBinTree@libmedia@UModSys@@U?$TRefObjectFunc@UILibraryBinTree@libmedia@UModSys@@@tl@3@@tl@5@XZ@4HA 0000000180006b20 f    CIL library: CIL module
 0001:00005b40       ?dtor$1@?0??media_vfs@RTest1_Shell@test1@test@modules@UModSys@@QEAA?AU?$TRefObject@UILibraryBinTree@libmedia@UModSys@@U?$TRefObjectFunc@UILibraryBinTree@libmedia@UModSys@@@tl@3@@tl@5@XZ@4HA 0000000180006b40 f    CIL library: CIL module
 0001:00005b60       ?dtor$4@?0??media_vfs@RTest1_Shell@test1@test@modules@UModSys@@QEAA?AU?$TRefObject@UILibraryBinTree@libmedia@UModSys@@U?$TRefObjectFunc@UILibraryBinTree@libmedia@UModSys@@@tl@3@@tl@5@XZ@4HA 0000000180006b60 f    CIL library: CIL module
 0001:00005b80       ?dtor$2@?0??media_vfs@RTest1_Shell@test1@test@modules@UModSys@@QEAA?AU?$TRefObject@UILibraryBinTree@libmedia@UModSys@@U?$TRefObjectFunc@UILibraryBinTree@libmedia@UModSys@@@tl@3@@tl@5@XZ@4HA 0000000180006b80 f    CIL library: CIL module
 0001:00005bc0       ?dtor$0@?0??media_arch_stdio@RTest1_Shell@test1@test@modules@UModSys@@QEAA?AU?$TRefObject@UIBinArchive@libmedia@UModSys@@U?$TRefObjectFunc@UIBinArchive@libmedia@UModSys@@@tl@3@@tl@5@AEBU?$TString@U?$TSCoreConst@D@su@tl@UModSys@@U?$TComparerBinaryHash@D@234@@75@@Z@4HA 0000000180006bc0 f    CIL library: CIL module
 0001:00005be0       ?dtor$1@?0??media_arch_stdio@RTest1_Shell@test1@test@modules@UModSys@@QEAA?AU?$TRefObject@UIBinArchive@libmedia@UModSys@@U?$TRefObjectFunc@UIBinArchive@libmedia@UModSys@@@tl@3@@tl@5@AEBU?$TString@U?$TSCoreConst@D@su@tl@UModSys@@U?$TComparerBinaryHash@D@234@@75@@Z@4HA 0000000180006be0 f    CIL library: CIL module
 0001:00005c00       ?dtor$4@?0??media_arch_stdio@RTest1_Shell@test1@test@modules@UModSys@@QEAA?AU?$TRefObject@UIBinArchive@libmedia@UModSys@@U?$TRefObjectFunc@UIBinArchive@libmedia@UModSys@@@tl@3@@tl@5@AEBU?$TString@U?$TSCoreConst@D@su@tl@UModSys@@U?$TComparerBinaryHash@D@234@@75@@Z@4HA 0000000180006c00 f    CIL library: CIL module
 0001:00005c30       ?dtor$0@?0??file_test5@RTest1_Shell@test1@test@modules@UModSys@@QEAAXXZ@4HA 0000000180006c30 f    CIL library: CIL module
 0001:00005c50       ?dtor$1@?0??file_test5@RTest1_Shell@test1@test@modules@UModSys@@QEAAXXZ@4HA 0000000180006c50 f    CIL library: CIL module
 0001:00005c70       ?dtor$2@?0??file_test5@RTest1_Shell@test1@test@modules@UModSys@@QEAAXXZ@4HA 0000000180006c70 f    CIL library: CIL module
 0001:00005c90       ?dtor$15@?0??file_test5@RTest1_Shell@test1@test@modules@UModSys@@QEAAXXZ@4HA 0000000180006c90 f    CIL library: CIL module
 0001:00005cb0       ?dtor$3@?0??file_test5@RTest1_Shell@test1@test@modules@UModSys@@QEAAXXZ@4HA 0000000180006cb0 f    CIL library: CIL module
 0001:00005cd0       ?dtor$18@?0??file_test5@RTest1_Shell@test1@test@modules@UModSys@@QEAAXXZ@4HA 0000000180006cd0 f    CIL library: CIL module
 0001:00005cf0       ?dtor$21@?0??file_test5@RTest1_Shell@test1@test@modules@UModSys@@QEAAXXZ@4HA 0000000180006cf0 f    CIL library: CIL module
 0001:00005d10       ?dtor$4@?0??file_test5@RTest1_Shell@test1@test@modules@UModSys@@QEAAXXZ@4HA 0000000180006d10 f    CIL library: CIL module
 0001:00005d30       ?dtor$5@?0??file_test5@RTest1_Shell@test1@test@modules@UModSys@@QEAAXXZ@4HA 0000000180006d30 f    CIL library: CIL module
 0001:00005d50       ?dtor$6@?0??file_test5@RTest1_Shell@test1@test@modules@UModSys@@QEAAXXZ@4HA 0000000180006d50 f    CIL library: CIL module
 0001:00005d70       ?dtor$25@?0??file_test5@RTest1_Shell@test1@test@modules@UModSys@@QEAAXXZ@4HA 0000000180006d70 f    CIL library: CIL module
 0001:00005d90       ?dtor$7@?0??file_test5@RTest1_Shell@test1@test@modules@UModSys@@QEAAXXZ@4HA 0000000180006d90 f    CIL library: CIL module
 0001:00005db0       ?dtor$9@?0??file_test5@RTest1_Shell@test1@test@modules@UModSys@@QEAAXXZ@4HA 0000000180006db0 f    CIL library: CIL module
 0001:00005dd0       ?dtor$10@?0??file_test5@RTest1_Shell@test1@test@modules@UModSys@@QEAAXXZ@4HA 0000000180006dd0 f    CIL library: CIL module
 0001:00005df0       ?dtor$11@?0??file_test5@RTest1_Shell@test1@test@modules@UModSys@@QEAAXXZ@4HA 0000000180006df0 f    CIL library: CIL module
 0001:00005e10       ?dtor$13@?0??file_test5@RTest1_Shell@test1@test@modules@UModSys@@QEAAXXZ@4HA 0000000180006e10 f    CIL library: CIL module
 0001:00005e30       ?dtor$14@?0??file_test5@RTest1_Shell@test1@test@modules@UModSys@@QEAAXXZ@4HA 0000000180006e30 f    CIL library: CIL module
 0001:00005e50       ?dtor$27@?0??file_test5@RTest1_Shell@test1@test@modules@UModSys@@QEAAXXZ@4HA 0000000180006e50 f    CIL library: CIL module
 0001:00005e80       ?dtor$0@?0??file_test4@RTest1_Shell@test1@test@modules@UModSys@@QEAAXXZ@4HA 0000000180006e80 f    CIL library: CIL module
 0001:00005ea0       ?dtor$1@?0??file_test4@RTest1_Shell@test1@test@modules@UModSys@@QEAAXXZ@4HA 0000000180006ea0 f    CIL library: CIL module
 0001:00005ec0       ?dtor$2@?0??file_test4@RTest1_Shell@test1@test@modules@UModSys@@QEAAXXZ@4HA 0000000180006ec0 f    CIL library: CIL module
 0001:00005ee0       ?dtor$3@?0??file_test4@RTest1_Shell@test1@test@modules@UModSys@@QEAAXXZ@4HA 0000000180006ee0 f    CIL library: CIL module
 0001:00005f00       ?dtor$4@?0??file_test4@RTest1_Shell@test1@test@modules@UModSys@@QEAAXXZ@4HA 0000000180006f00 f    CIL library: CIL module
 0001:00005f20       ?dtor$5@?0??file_test4@RTest1_Shell@test1@test@modules@UModSys@@QEAAXXZ@4HA 0000000180006f20 f    CIL library: CIL module
 0001:00005f40       ?dtor$7@?0??file_test4@RTest1_Shell@test1@test@modules@UModSys@@QEAAXXZ@4HA 0000000180006f40 f    CIL library: CIL module
 0001:00005f70       ?dtor$0@?0??file_test3@RTest1_Shell@test1@test@modules@UModSys@@QEAAXXZ@4HA 0000000180006f70 f    CIL library: CIL module
 0001:00005f90       ?dtor$1@?0??file_test3@RTest1_Shell@test1@test@modules@UModSys@@QEAAXXZ@4HA 0000000180006f90 f    CIL library: CIL module
 0001:00005fc0       ?dtor$0@?0??file_test2@RTest1_Shell@test1@test@modules@UModSys@@QEAAXXZ@4HA 0000000180006fc0 f    CIL library: CIL module
 0001:00005fe0       ?dtor$1@?0??file_test2@RTest1_Shell@test1@test@modules@UModSys@@QEAAXXZ@4HA 0000000180006fe0 f    CIL library: CIL module
 0001:00006000       ?dtor$2@?0??file_test2@RTest1_Shell@test1@test@modules@UModSys@@QEAAXXZ@4HA 0000000180007000 f    CIL library: CIL module
 0001:00006020       ?dtor$0@?0??filter_load@RLines_Filter@test1@test@modules@UModSys@@UEAA_NAEBUSInfo@IBinObjFilter@libmedia@5@AEAU?$TRefObject@UIRefObject@core@UModSys@@U?$TRefObjectFunc@UIRefObject@core@UModSys@@@tl@3@@tl@5@@Z@4HA 0000000180007020 f    CIL library: CIL module
 0001:00006040       ?dtor$1@?0??filter_load@RLines_Filter@test1@test@modules@UModSys@@UEAA_NAEBUSInfo@IBinObjFilter@libmedia@5@AEAU?$TRefObject@UIRefObject@core@UModSys@@U?$TRefObjectFunc@UIRefObject@core@UModSys@@@tl@3@@tl@5@@Z@4HA 0000000180007040 f    CIL library: CIL module
 0001:00006060       ?dtor$0@?0???1RTest1_Shell@test1@test@modules@UModSys@@UEAA@XZ@4HA 0000000180007060 f    CIL library: CIL module
 0001:00006060       ?dtor$0@?0???0RTest1_Shell@test1@test@modules@UModSys@@QEAA@PEAUIModObject@base@4@@Z@4HA 0000000180007060 f    CIL library: CIL module
 0001:00006080       ?dtor$0@?0??generate@RGenerator@test1@test@modules@UModSys@@UEAA_NAEAU?$TRefObject@UIRefObject@core@UModSys@@U?$TRefObjectFunc@UIRefObject@core@UModSys@@@tl@3@@tl@5@PEBUSUniquePointerInfo@core@5@AEBUSParameters@95@@Z@4HA 0000000180007080 f    CIL library: CIL module
 0001:000060a0       ??__E?s_modreg@RModuleReg@test1@test@modules@UModSys@@2U12345@A@@YAXXZ 00000001800070a0 f    CIL library: CIL module
 0001:000060f0       ??__E?s_modreg_chain@RModuleReg@test1@test@modules@UModSys@@2USModuleRegChain@base@5@A@@YAXXZ 00000001800070f0 f    CIL library: CIL module
 0001:00006120       ??__E?s_uid@RGenerator@test1@test@modules@UModSys@@2USUniquePointer@core@5@A@@YAXXZ 0000000180007120 f    CIL library: CIL module
 0001:00006160       ??__E?s_id@?$TObjectUniqueID@UIRoot@core@UModSys@@@tl@UModSys@@2USUniquePointer@core@3@A@@YAXXZ 0000000180007160 f    CIL library: CIL module
 0001:000061a0       ??__E?s_id@?$TObjectUniqueID@UIRefObject@core@UModSys@@@tl@UModSys@@2USUniquePointer@core@3@A@@YAXXZ 00000001800071a0 f    CIL library: CIL module
 0001:000061e0       ??__E?s_id@?$TObjectUniqueID@UIParameters@core@UModSys@@@tl@UModSys@@2USUniquePointer@core@3@A@@YAXXZ 00000001800071e0 f    CIL library: CIL module
 0001:00006220       ??__E?s_id@?$TObjectUniqueID@UIModule@base@UModSys@@@tl@UModSys@@2USUniquePointer@core@3@A@@YAXXZ 0000000180007220 f    CIL library: CIL module
 0001:00006260       ??__E?s_id@?$TObjectUniqueID@UIModuleLibrary@base@UModSys@@@tl@UModSys@@2USUniquePointer@core@3@A@@YAXXZ 0000000180007260 f    CIL library: CIL module
 0001:000062a0       ??__E?s_id@?$TObjectUniqueID@UIModObject@base@UModSys@@@tl@UModSys@@2USUniquePointer@core@3@A@@YAXXZ 00000001800072a0 f    CIL library: CIL module
 0001:000062e0       ??__E?s_id@?$TObjectUniqueID@UIGenerator@base@UModSys@@@tl@UModSys@@2USUniquePointer@core@3@A@@YAXXZ 00000001800072e0 f    CIL library: CIL module
 0001:00006320       ??__E?s_id@?$TObjectUniqueID@UIShell@base@UModSys@@@tl@UModSys@@2USUniquePointer@core@3@A@@YAXXZ 0000000180007320 f    CIL library: CIL module
 0001:00006360       ??__E?s_id@?$TObjectUniqueID@UIConsole@base@UModSys@@@tl@UModSys@@2USUniquePointer@core@3@A@@YAXXZ 0000000180007360 f    CIL library: CIL module
 0001:000063a0       ??__E?s_id@?$TObjectUniqueID@UISystem@base@UModSys@@@tl@UModSys@@2USUniquePointer@core@3@A@@YAXXZ 00000001800073a0 f    CIL library: CIL module
 0001:000063e0       ??__E?s_id@?$TObjectUniqueID@UIStreamReader@libmedia@UModSys@@@tl@UModSys@@2USUniquePointer@core@3@A@@YAXXZ 00000001800073e0 f    CIL library: CIL module
 0001:00006420       ??__E?s_id@?$TObjectUniqueID@UIStreamWriter@libmedia@UModSys@@@tl@UModSys@@2USUniquePointer@core@3@A@@YAXXZ 0000000180007420 f    CIL library: CIL module
 0001:00006460       ??__E?s_id@?$TObjectUniqueID@UIBinArchive@libmedia@UModSys@@@tl@UModSys@@2USUniquePointer@core@3@A@@YAXXZ 0000000180007460 f    CIL library: CIL module
 0001:000064a0       ??__E?s_id@?$TObjectUniqueID@UIBinObjFilter@libmedia@UModSys@@@tl@UModSys@@2USUniquePointer@core@3@A@@YAXXZ 00000001800074a0 f    CIL library: CIL module
 0001:000064e0       ??__E?s_id@?$TObjectUniqueID@UILibrary@libmedia@UModSys@@@tl@UModSys@@2USUniquePointer@core@3@A@@YAXXZ 00000001800074e0 f    CIL library: CIL module
 0001:00006520       ??__E?s_id@?$TObjectUniqueID@UILibraryBinTree@libmedia@UModSys@@@tl@UModSys@@2USUniquePointer@core@3@A@@YAXXZ 0000000180007520 f    CIL library: CIL module
 0001:00006560       ??__E?s_id@?$TObjectUniqueID@UILibraryBinCache@libmedia@UModSys@@@tl@UModSys@@2USUniquePointer@core@3@A@@YAXXZ 0000000180007560 f    CIL library: CIL module
 0001:000065a0       ??__E?s_id@?$TObjectUniqueID@UILibraryObjFilter@libmedia@UModSys@@@tl@UModSys@@2USUniquePointer@core@3@A@@YAXXZ 00000001800075a0 f    CIL library: CIL module
 0001:000065e0       ??__E?s_id@?$TObjectUniqueID@UILibraryObjCache@libmedia@UModSys@@@tl@UModSys@@2USUniquePointer@core@3@A@@YAXXZ 00000001800075e0 f    CIL library: CIL module
 0001:00006620       ??__E?s_id@?$TObjectUniqueID@UILibraryLayered@libmedia@UModSys@@@tl@UModSys@@2USUniquePointer@core@3@A@@YAXXZ 0000000180007620 f    CIL library: CIL module
 0001:00006660       ??__E?s_id@?$TObjectUniqueID@UILines@test1@test@modules@UModSys@@@tl@UModSys@@2USUniquePointer@core@3@A@@YAXXZ 0000000180007660 f    CIL library: CIL module
 0001:000066a0       ??__E?s_id@?$TObjectUniqueID@URLines@test1@test@modules@UModSys@@@tl@UModSys@@2USUniquePointer@core@3@A@@YAXXZ 00000001800076a0 f    CIL library: CIL module
 0001:000066e0       ??__E?s_id@?$TObjectUniqueID@URLines_Filter@test1@test@modules@UModSys@@@tl@UModSys@@2USUniquePointer@core@3@A@@YAXXZ 00000001800076e0 f    CIL library: CIL module
 0001:00006720       ??__E?s_id@?$TObjectUniqueID@URTest1_Shell@test1@test@modules@UModSys@@@tl@UModSys@@2USUniquePointer@core@3@A@@YAXXZ 0000000180007720 f    CIL library: CIL module
 0001:00006760       ??__E?s_id@?$TObjectUniqueID@URGenerator@test1@test@modules@UModSys@@@tl@UModSys@@2USUniquePointer@core@3@A@@YAXXZ 0000000180007760 f    CIL library: CIL module
 0001:000067a0       ??__EM@UModSys@@YAXXZ      00000001800077a0 f    CIL library: CIL module
 0001:000067c0       ??__E?root@SModuleRegChain@base@UModSys@@2U123@A@@YAXXZ 00000001800077c0 f    CIL library: CIL module
 0001:000067f0       ??__E?s_library@RModuleLibraryReg_Chain@base@UModSys@@2U123@A@@YAXXZ 00000001800077f0 f    CIL library: CIL module
 0001:00006810       ??__E?root@SUniquePointer@core@UModSys@@2U123@A@@YAXXZ 0000000180007810 f    CIL library: CIL module
 0001:00006840       ??__F?s_modreg@RModuleReg@test1@test@modules@UModSys@@2U12345@A@@YAXXZ 0000000180007840 f    CIL library: CIL module
 0001:00006860       ??__F?s_modreg_chain@RModuleReg@test1@test@modules@UModSys@@2USModuleRegChain@base@5@A@@YAXXZ 0000000180007860 f    CIL library: CIL module
 0001:00006870       ??__F?s_uid@RGenerator@test1@test@modules@UModSys@@2USUniquePointer@core@5@A@@YAXXZ 0000000180007870 f    CIL library: CIL module
 0001:00006880       ??__Fh@?1??s_holder@RGenerator@test1@test@modules@UModSys@@SAAEAU?$TTypeStaticHolder@URGenerator@test1@test@modules@UModSys@@@tl@5@XZ@YAXXZ 0000000180007880 f    CIL library: CIL module
 0001:000068b0       ??__F?s_id@?$TObjectUniqueID@URGenerator@test1@test@modules@UModSys@@@tl@UModSys@@2USUniquePointer@core@3@A@@YAXXZ 00000001800078b0 f    CIL library: CIL module
 0001:000068c0       ??__F?s_id@?$TObjectUniqueID@URTest1_Shell@test1@test@modules@UModSys@@@tl@UModSys@@2USUniquePointer@core@3@A@@YAXXZ 00000001800078c0 f    CIL library: CIL module
 0001:000068d0       ??__F?s_id@?$TObjectUniqueID@URLines_Filter@test1@test@modules@UModSys@@@tl@UModSys@@2USUniquePointer@core@3@A@@YAXXZ 00000001800078d0 f    CIL library: CIL module
 0001:000068e0       ??__F?s_id@?$TObjectUniqueID@URLines@test1@test@modules@UModSys@@@tl@UModSys@@2USUniquePointer@core@3@A@@YAXXZ 00000001800078e0 f    CIL library: CIL module
 0001:000068f0       ??__F?s_id@?$TObjectUniqueID@UILines@test1@test@modules@UModSys@@@tl@UModSys@@2USUniquePointer@core@3@A@@YAXXZ 00000001800078f0 f    CIL library: CIL module
 0001:00006900       ??__F?s_id@?$TObjectUniqueID@UILibraryLayered@libmedia@UModSys@@@tl@UModSys@@2USUniquePointer@core@3@A@@YAXXZ 0000000180007900 f    CIL library: CIL module
 0001:00006910       ??__F?s_id@?$TObjectUniqueID@UILibraryObjCache@libmedia@UModSys@@@tl@UModSys@@2USUniquePointer@core@3@A@@YAXXZ 0000000180007910 f    CIL library: CIL module
 0001:00006920       ??__F?s_id@?$TObjectUniqueID@UILibraryObjFilter@libmedia@UModSys@@@tl@UModSys@@2USUniquePointer@core@3@A@@YAXXZ 0000000180007920 f    CIL library: CIL module
 0001:00006930       ??__F?s_id@?$TObjectUniqueID@UILibraryBinCache@libmedia@UModSys@@@tl@UModSys@@2USUniquePointer@core@3@A@@YAXXZ 0000000180007930 f    CIL library: CIL module
 0001:00006940       ??__F?s_id@?$TObjectUniqueID@UILibraryBinTree@libmedia@UModSys@@@tl@UModSys@@2USUniquePointer@core@3@A@@YAXXZ 0000000180007940 f    CIL library: CIL module
 0001:00006950       ??__F?s_id@?$TObjectUniqueID@UILibrary@libmedia@UModSys@@@tl@UModSys@@2USUniquePointer@core@3@A@@YAXXZ 0000000180007950 f    CIL library: CIL module
 0001:00006960       ??__F?s_id@?$TObjectUniqueID@UIBinObjFilter@libmedia@UModSys@@@tl@UModSys@@2USUniquePointer@core@3@A@@YAXXZ 0000000180007960 f    CIL library: CIL module
 0001:00006970       ??__F?s_id@?$TObjectUniqueID@UIBinArchive@libmedia@UModSys@@@tl@UModSys@@2USUniquePointer@core@3@A@@YAXXZ 0000000180007970 f    CIL library: CIL module
 0001:00006980       ??__F?s_id@?$TObjectUniqueID@UIStreamWriter@libmedia@UModSys@@@tl@UModSys@@2USUniquePointer@core@3@A@@YAXXZ 0000000180007980 f    CIL library: CIL module
 0001:00006990       ??__F?s_id@?$TObjectUniqueID@UIStreamReader@libmedia@UModSys@@@tl@UModSys@@2USUniquePointer@core@3@A@@YAXXZ 0000000180007990 f    CIL library: CIL module
 0001:000069a0       ??__F?s_id@?$TObjectUniqueID@UISystem@base@UModSys@@@tl@UModSys@@2USUniquePointer@core@3@A@@YAXXZ 00000001800079a0 f    CIL library: CIL module
 0001:000069b0       ??__F?s_id@?$TObjectUniqueID@UIConsole@base@UModSys@@@tl@UModSys@@2USUniquePointer@core@3@A@@YAXXZ 00000001800079b0 f    CIL library: CIL module
 0001:000069c0       ??__F?s_id@?$TObjectUniqueID@UIShell@base@UModSys@@@tl@UModSys@@2USUniquePointer@core@3@A@@YAXXZ 00000001800079c0 f    CIL library: CIL module
 0001:000069d0       ??__F?s_id@?$TObjectUniqueID@UIGenerator@base@UModSys@@@tl@UModSys@@2USUniquePointer@core@3@A@@YAXXZ 00000001800079d0 f    CIL library: CIL module
 0001:000069e0       ??__F?s_id@?$TObjectUniqueID@UIModObject@base@UModSys@@@tl@UModSys@@2USUniquePointer@core@3@A@@YAXXZ 00000001800079e0 f    CIL library: CIL module
 0001:000069f0       ??__F?s_id@?$TObjectUniqueID@UIModuleLibrary@base@UModSys@@@tl@UModSys@@2USUniquePointer@core@3@A@@YAXXZ 00000001800079f0 f    CIL library: CIL module
 0001:00006a00       ??__F?s_id@?$TObjectUniqueID@UIModule@base@UModSys@@@tl@UModSys@@2USUniquePointer@core@3@A@@YAXXZ 0000000180007a00 f    CIL library: CIL module
 0001:00006a10       ??__F?s_id@?$TObjectUniqueID@UIParameters@core@UModSys@@@tl@UModSys@@2USUniquePointer@core@3@A@@YAXXZ 0000000180007a10 f    CIL library: CIL module
 0001:00006a20       ??__F?s_id@?$TObjectUniqueID@UIRefObject@core@UModSys@@@tl@UModSys@@2USUniquePointer@core@3@A@@YAXXZ 0000000180007a20 f    CIL library: CIL module
 0001:00006a30       ??__F?s_id@?$TObjectUniqueID@UIRoot@core@UModSys@@@tl@UModSys@@2USUniquePointer@core@3@A@@YAXXZ 0000000180007a30 f    CIL library: CIL module
 0001:00006a40       ??__FM@UModSys@@YAXXZ      0000000180007a40 f    CIL library: CIL module
 0001:00006a50       ??__F?root@SModuleRegChain@base@UModSys@@2U123@A@@YAXXZ 0000000180007a50 f    CIL library: CIL module
 0001:00006a60       ??__F?s_library@RModuleLibraryReg_Chain@base@UModSys@@2U123@A@@YAXXZ 0000000180007a60 f    CIL library: CIL module
 0001:00006a70       ??__F?root@SUniquePointer@core@UModSys@@2U123@A@@YAXXZ 0000000180007a70 f    CIL library: CIL module

 Exports

  ordinal    name

        1    UModSys_Plugin_Entry2
