 plugin_test1

 Timestamp is 53327d7f (Wed Mar 26 10:10:55 2014)

 Preferred load address is 0000000180000000

 Start         Length     Name                   Class
 0001:00000000 0004b076H .text                   CODE
 0001:0004b080 0000005eH .text$00                CODE
 0001:0004b0e0 0000249cH .text$x                 CODE
 0001:0004d580 000028a2H .text$yc                CODE
 0001:0004fe30 00000c5cH .text$yd                CODE
 0002:00000000 00000410H .idata$5                DATA
 0002:00000410 00000008H .CRT$XCA                DATA
 0002:00000418 00002910H .CRT$XCU                DATA
 0002:00002d28 00000008H .CRT$XCZ                DATA
 0002:00002d30 00000008H .CRT$XIA                DATA
 0002:00002d38 00000008H .CRT$XIAA               DATA
 0002:00002d40 00000008H .CRT$XIZ                DATA
 0002:00002d50 000115f8H .rdata                  DATA
 0002:00014350 00003b74H .rdata$r                DATA
 0002:00017ec8 00000008H .rtc$IAA                DATA
 0002:00017ed0 00000008H .rtc$IZZ                DATA
 0002:00017ed8 00000008H .rtc$TAA                DATA
 0002:00017ee0 00000008H .rtc$TZZ                DATA
 0002:00017ee8 000056e8H .xdata                  DATA
 0002:0001d5d0 00000078H .idata$2                DATA
 0002:0001d648 00000014H .idata$3                DATA
 0002:0001d660 00000410H .idata$4                DATA
 0002:0001da70 00000908H .idata$6                DATA
 0002:0001e380 00000059H .edata                  DATA
 0003:00000000 00002040H .data                   DATA
 0003:00002040 000028d8H .bss                    DATA
 0004:00000000 00003dbcH .pdata                  DATA

  Address         Publics by Value              Rva+Base               Lib:Object

 0000:00000000       ___safe_se_handler_count   0000000000000000     <absolute>
 0000:00000000       ___safe_se_handler_table   0000000000000000     <absolute>
 0000:00000000       __ImageBase                0000000180000000     <linker-defined>
 0001:00000000       ??3IRoot@core@UModSys@@SAXPEAXAEBUSIMemAlloc@12@@Z 0000000180001000 f i plugin_test1.obj
 0001:00000010       ??_EIRoot@core@UModSys@@UEAAPEAXI@Z 0000000180001010 f i  CIL library: CIL module
 0001:00000010       ??_GIRoot@core@UModSys@@UEAAPEAXI@Z 0000000180001010 f i plugin_test1.obj
 0001:00000040       ??1IBinObjFilter@libmedia@UModSys@@UEAA@XZ 0000000180001040 f i plugin_test1.obj
 0001:00000040       ??1IVisualObject_Camera@lib3d@UModSys@@UEAA@XZ 0000000180001040 f i umodsys_lib_lib3d:umodsys.mod.3d.stdlib.obj
 0001:00000080       ?root_get_interface_info@RTest1_Shell@test1@test@modules@UModSys@@UEBAAEBUSUniquePointerInfo@core@5@XZ 0000000180001080 f i plugin_test1.obj
 0001:00000090       ?root_get_interface_type@RTest1_Shell@test1@test@modules@UModSys@@UEBAPEBUSUniquePointerInfo@core@5@XZ 0000000180001090 f i plugin_test1.obj
 0001:000000a0       ?root_get_other_interface@RTest1_Shell@test1@test@modules@UModSys@@UEAAPEAUIRoot@core@5@PEBUSUniquePointerInfo@75@@Z 00000001800010a0 f i plugin_test1.obj
 0001:000000a0       ?root_get_other_interface@RTest1_Shell@test1@test@modules@UModSys@@UEBAPEBUIRoot@core@5@PEBUSUniquePointerInfo@75@@Z 00000001800010a0 f i plugin_test1.obj
 0001:000000d0       ?root_is_interface_supported@RTest1_Shell@test1@test@modules@UModSys@@UEBA_NPEBUSUniquePointerInfo@core@5@@Z 00000001800010d0 f i plugin_test1.obj
 0001:00000100       ?ref_add@RTest1_Shell@test1@test@modules@UModSys@@UEBAXXZ 0000000180001100 f i plugin_test1.obj
 0001:00000110       ?ref_remove@RTest1_Shell@test1@test@modules@UModSys@@UEBAXXZ 0000000180001110 f i plugin_test1.obj
 0001:00000130       ?ref_links@RTest1_Shell@test1@test@modules@UModSys@@UEBAHXZ 0000000180001130 f i plugin_test1.obj
 0001:00000140       ?ref_weak@RTest1_Shell@test1@test@modules@UModSys@@UEBA_NAEAUWeakPointer@IRefObject@core@5@@Z 0000000180001140 f i plugin_test1.obj
 0001:00000160       ?suicide@RTest1_Shell@test1@test@modules@UModSys@@UEAAXXZ 0000000180001160 f i plugin_test1.obj
 0001:000001b0       ??0RTest1_Shell@test1@test@modules@UModSys@@QEAA@PEAUIModObject@base@4@@Z 00000001800011b0 f i plugin_test1.obj
 0001:00000300       ??1RTest1_Shell@test1@test@modules@UModSys@@UEAA@XZ 0000000180001300 f i plugin_test1.obj
 0001:000003b0       ?connect@RTest1_Shell@test1@test@modules@UModSys@@UEAA_NXZ 00000001800013b0 f i plugin_test1.obj
 0001:000003e0       ?disconnect@RTest1_Shell@test1@test@modules@UModSys@@UEAA_NXZ 00000001800013e0 f i plugin_test1.obj
 0001:00000410       ?process_tick@RTest1_Shell@test1@test@modules@UModSys@@UEAA_NAEBUSTimeMsec@core@5@@Z 0000000180001410 f i plugin_test1.obj
 0001:00000450       ?process_command@RTest1_Shell@test1@test@modules@UModSys@@UEAA_NHQEBU?$TString@U?$TSCoreConst@D@su@tl@UModSys@@U?$TComparerBinaryHash@D@234@@tl@5@@Z 0000000180001450 f i plugin_test1.obj
 0001:00000480       ??_ERTest1_Shell@test1@test@modules@UModSys@@UEAAPEAXI@Z 0000000180001480 f i  CIL library: CIL module
 0001:00000480       ??_GRTest1_Shell@test1@test@modules@UModSys@@UEAAPEAXI@Z 0000000180001480 f i plugin_test1.obj
 0001:000004b0       ?set_value@PropX@Aux@RTest1_Shell@test1@test@modules@UModSys@@UEAA_NPEBUSUniquePointerInfo@core@7@AEBUSPropValueR@97@@Z 00000001800014b0 f i plugin_test1.obj
 0001:000006a0       ??1SFrameCreateParameters@libui@UModSys@@QEAA@XZ 00000001800016a0 f i plugin_test1.obj
 0001:000006d0       ??1UI_Info@RTest1_Shell@test1@test@modules@UModSys@@QEAA@XZ 00000001800016d0 f i plugin_test1.obj
 0001:00000810       ?get_generated_names@RGenerator@test1@test@modules@UModSys@@UEBAHAEAUSUniquePtrList@core@5@@Z 0000000180001810 f i plugin_test1.obj
 0001:00000830       ?get_generated_types@RGenerator@test1@test@modules@UModSys@@UEBAHAEAUSUniquePtrList@core@5@PEBUSUniquePointerInfo@75@@Z 0000000180001830 f i plugin_test1.obj
 0001:00000890       ?generate@RGenerator@test1@test@modules@UModSys@@UEAA_NAEAU?$TRefObject@UIRefObject@core@UModSys@@U?$TRefObjectFunc@UIRefObject@core@UModSys@@@tl@3@@tl@5@PEBUSUniquePointerInfo@core@5@AEBUSParameters@95@@Z 0000000180001890 f i plugin_test1.obj
 0001:00000930       ?root_get_interface_info@RGenerator@test1@test@modules@UModSys@@UEBAAEBUSUniquePointerInfo@core@5@XZ 0000000180001930 f i plugin_test1.obj
 0001:00000940       ?root_get_interface_type@RGenerator@test1@test@modules@UModSys@@UEBAPEBUSUniquePointerInfo@core@5@XZ 0000000180001940 f i plugin_test1.obj
 0001:00000950       ?root_get_other_interface@RGenerator@test1@test@modules@UModSys@@UEBAPEBUIRoot@core@5@PEBUSUniquePointerInfo@75@@Z 0000000180001950 f i plugin_test1.obj
 0001:00000950       ?root_get_other_interface@RGenerator@test1@test@modules@UModSys@@UEAAPEAUIRoot@core@5@PEBUSUniquePointerInfo@75@@Z 0000000180001950 f i plugin_test1.obj
 0001:00000990       ?root_is_interface_supported@RGenerator@test1@test@modules@UModSys@@UEBA_NPEBUSUniquePointerInfo@core@5@@Z 0000000180001990 f i plugin_test1.obj
 0001:000009d0       ?get_uid@RGenerator@test1@test@modules@UModSys@@UEBAPEBUSUniquePointerInfo@core@5@XZ 00000001800019d0 f i plugin_test1.obj
 0001:000009e0       ?do_open@RModuleReg@test1@test@modules@UModSys@@UEAA_NXZ 00000001800019e0 f i plugin_test1.obj
 0001:00000a20       ?do_close@RModuleReg@test1@test@modules@UModSys@@UEAA_NXZ 0000000180001a20 f i plugin_test1.obj
 0001:00000a60       ??_GRModuleReg@test1@test@modules@UModSys@@UEAAPEAXI@Z 0000000180001a60 f i plugin_test1.obj
 0001:00000a60       ??_ERModuleReg@test1@test@modules@UModSys@@UEAAPEAXI@Z 0000000180001a60 f i  CIL library: CIL module
 0001:00000a90       ??4?$TString@U?$TSCoreShared@USIMemAlloc@core@UModSys@@D@su@tl@UModSys@@U?$TComparerBinaryHash@D@234@@tl@UModSys@@QEAAAEBU012@AEBU012@@Z 0000000180001a90 f i plugin_test1.obj
 0001:00000ae0       ?normalize@?$TVector3@N@math3d@UModSys@@QEAANXZ 0000000180001ae0 f i plugin_test1.obj
 0001:00000b90       ??4?$TRefObject@UIRenderDriver@lib2d@UModSys@@U?$TRefObjectFunc@UIRenderDriver@lib2d@UModSys@@@tl@3@@tl@UModSys@@QEAAAEBU012@PEAUIRenderDriver@lib2d@2@@Z 0000000180001b90 f i plugin_test1.obj
 0001:00000b90       ??4?$TRefObject@UIRefObject@core@UModSys@@U?$TRefObjectFunc@UIRefObject@core@UModSys@@@tl@3@@tl@UModSys@@QEAAAEBU012@PEAUIRefObject@core@2@@Z 0000000180001b90 f i plugin_test1.obj
 0001:00000bd0       ?info_release@?$TSCoreShared@USIMemAlloc@core@UModSys@@D@su@tl@UModSys@@QEAAXXZ 0000000180001bd0 f i plugin_test1.obj
 0001:00000c70       ?info_new@?$TSCoreShared@USIMemAlloc@core@UModSys@@D@su@tl@UModSys@@QEAA_NPEBD_K@Z 0000000180001c70 f i plugin_test1.obj
 0001:00000d60       ?get_null@?$TSCoreShared@USIMemAlloc@core@UModSys@@D@su@tl@UModSys@@SAPEAU?$TSharedStringInfo@DUSIMemAlloc@core@UModSys@@@234@XZ 0000000180001d60 f i plugin_test1.obj
 0001:00000db0       ?mult3@?$TMatrix44@N@math3d@UModSys@@QEAAXAEBU123@0@Z 0000000180001db0 f i plugin_test1.obj
 0001:00000f50       ?set_rotate_about@?$TMatrix44@N@math3d@UModSys@@QEAAXAEBU?$TVector3@N@23@N@Z 0000000180001f50 f i plugin_test1.obj
 0001:000011c0       ?set_inversed@?$TMatrix44@N@math3d@UModSys@@QEAA_NAEBU123@@Z 00000001800021c0 f i plugin_test1.obj
 0001:000018b0       ??$generate_type@UICollector@libui@UModSys@@@RTest1_Shell@test1@test@modules@UModSys@@SA?AU?$TRefObject@UICollector@libui@UModSys@@U?$TRefObjectFunc@UICollector@libui@UModSys@@@tl@3@@tl@4@AEBU?$TString@U?$TSCoreConst@D@su@tl@UModSys@@U?$TComparerBinaryHash@D@234@@64@AEBUSParameters@core@4@PEBD@Z 00000001800028b0 f i plugin_test1.obj
 0001:00001a60       ??$generate_type@UITerminal@libui@UModSys@@@RTest1_Shell@test1@test@modules@UModSys@@SA?AU?$TRefObject@UITerminal@libui@UModSys@@U?$TRefObjectFunc@UITerminal@libui@UModSys@@@tl@3@@tl@4@AEBU?$TString@U?$TSCoreConst@D@su@tl@UModSys@@U?$TComparerBinaryHash@D@234@@64@AEBUSParameters@core@4@PEBD@Z 0000000180002a60 f i plugin_test1.obj
 0001:00001c10       ??$generate_type@UIRenderer@lib3d@UModSys@@@RTest1_Shell@test1@test@modules@UModSys@@SA?AU?$TRefObject@UIRenderer@lib3d@UModSys@@U?$TRefObjectFunc@UIRenderer@lib3d@UModSys@@@tl@3@@tl@4@AEBU?$TString@U?$TSCoreConst@D@su@tl@UModSys@@U?$TComparerBinaryHash@D@234@@64@AEBUSParameters@core@4@PEBD@Z 0000000180002c10 f i plugin_test1.obj
 0001:00001dc0       ??$generate_type@UIVisualizerScene@lib3d@UModSys@@@RTest1_Shell@test1@test@modules@UModSys@@SA?AU?$TRefObject@UIVisualizerScene@lib3d@UModSys@@U?$TRefObjectFunc@UIVisualizerScene@lib3d@UModSys@@@tl@3@@tl@4@AEBU?$TString@U?$TSCoreConst@D@su@tl@UModSys@@U?$TComparerBinaryHash@D@234@@64@AEBUSParameters@core@4@PEBD@Z 0000000180002dc0 f i plugin_test1.obj
 0001:00001f70       ??$generate_type@UIGeneralObject@lib3d@UModSys@@@RTest1_Shell@test1@test@modules@UModSys@@SA?AU?$TRefObject@UIGeneralObject@lib3d@UModSys@@U?$TRefObjectFunc@UIGeneralObject@lib3d@UModSys@@@tl@3@@tl@4@AEBU?$TString@U?$TSCoreConst@D@su@tl@UModSys@@U?$TComparerBinaryHash@D@234@@64@AEBUSParameters@core@4@PEBD@Z 0000000180002f70 f i plugin_test1.obj
 0001:00002120       ??$shash@D@su@tl@UModSys@@YA_KPEBD_K@Z 0000000180003120 f i plugin_test1.obj
 0001:00002160       ??1?$TRefObject@UIModObject@base@UModSys@@U?$TModObjectFunc@UIModObject@base@UModSys@@@tl@3@@tl@UModSys@@QEAA@XZ 0000000180003160 f i plugin_test1.obj
 0001:00002190       ?get_determinant@?$TMatrix44@N@math3d@UModSys@@QEBANXZ 0000000180003190 f i plugin_test1.obj
 0001:000023b0       ??$t_ref_get_other_interface@UIStreamReader@libmedia@UModSys@@U?$TRefObjectFunc@UIStreamReader@libmedia@UModSys@@@tl@3@@IRefObject@core@UModSys@@QEAA_NAEAU?$TRefObject@UIStreamReader@libmedia@UModSys@@U?$TRefObjectFunc@UIStreamReader@libmedia@UModSys@@@tl@3@@tl@2@@Z 00000001800033b0 f i plugin_test1.obj
 0001:00002400       ??$t_ref_get_other_interface@UIStreamWriter@libmedia@UModSys@@U?$TRefObjectFunc@UIStreamWriter@libmedia@UModSys@@@tl@3@@IRefObject@core@UModSys@@QEAA_NAEAU?$TRefObject@UIStreamWriter@libmedia@UModSys@@U?$TRefObjectFunc@UIStreamWriter@libmedia@UModSys@@@tl@3@@tl@2@@Z 0000000180003400 f i plugin_test1.obj
 0001:00002450       ??$t_generate@UICollector@libui@UModSys@@@SModuleContext@base@UModSys@@QEAA_NAEAU?$TRefObject@UICollector@libui@UModSys@@U?$TRefObjectFunc@UICollector@libui@UModSys@@@tl@3@@tl@2@PEBUSUniquePointerInfo@core@2@AEBUSParameters@62@@Z 0000000180003450 f i plugin_test1.obj
 0001:00002520       ??$t_generate@UITerminal@libui@UModSys@@@SModuleContext@base@UModSys@@QEAA_NAEAU?$TRefObject@UITerminal@libui@UModSys@@U?$TRefObjectFunc@UITerminal@libui@UModSys@@@tl@3@@tl@2@PEBUSUniquePointerInfo@core@2@AEBUSParameters@62@@Z 0000000180003520 f i plugin_test1.obj
 0001:000025f0       ??$t_generate@UIRenderer@lib3d@UModSys@@@SModuleContext@base@UModSys@@QEAA_NAEAU?$TRefObject@UIRenderer@lib3d@UModSys@@U?$TRefObjectFunc@UIRenderer@lib3d@UModSys@@@tl@3@@tl@2@PEBUSUniquePointerInfo@core@2@AEBUSParameters@62@@Z 00000001800035f0 f i plugin_test1.obj
 0001:000026c0       ??$t_generate@UIVisualizerScene@lib3d@UModSys@@@SModuleContext@base@UModSys@@QEAA_NAEAU?$TRefObject@UIVisualizerScene@lib3d@UModSys@@U?$TRefObjectFunc@UIVisualizerScene@lib3d@UModSys@@@tl@3@@tl@2@PEBUSUniquePointerInfo@core@2@AEBUSParameters@62@@Z 00000001800036c0 f i plugin_test1.obj
 0001:00002790       ??$t_generate@UIGeneralObject@lib3d@UModSys@@@SModuleContext@base@UModSys@@QEAA_NAEAU?$TRefObject@UIGeneralObject@lib3d@UModSys@@U?$TRefObjectFunc@UIGeneralObject@lib3d@UModSys@@@tl@3@@tl@2@PEBUSUniquePointerInfo@core@2@AEBUSParameters@62@@Z 0000000180003790 f i plugin_test1.obj
 0001:00002860       ??$t_ref_get_other_interface@UIImage@lib2d@UModSys@@U?$TRefObjectFunc@UIImage@lib2d@UModSys@@@tl@3@@IRefObject@core@UModSys@@QEAA_NAEAU?$TRefObject@UIImage@lib2d@UModSys@@U?$TRefObjectFunc@UIImage@lib2d@UModSys@@@tl@3@@tl@2@@Z 0000000180003860 f i plugin_test1.obj
 0001:000028b0       ??$t_ref_get_other_interface@UIImageFactory@lib2d@UModSys@@U?$TRefObjectFunc@UIImageFactory@lib2d@UModSys@@@tl@3@@IRefObject@core@UModSys@@QEAA_NAEAU?$TRefObject@UIImageFactory@lib2d@UModSys@@U?$TRefObjectFunc@UIImageFactory@lib2d@UModSys@@@tl@3@@tl@2@@Z 00000001800038b0 f i plugin_test1.obj
 0001:00002900       ??$t_ref_get_other_interface@UIMultiImage@lib2d@UModSys@@U?$TRefObjectFunc@UIMultiImage@lib2d@UModSys@@@tl@3@@IRefObject@core@UModSys@@QEAA_NAEAU?$TRefObject@UIMultiImage@lib2d@UModSys@@U?$TRefObjectFunc@UIMultiImage@lib2d@UModSys@@@tl@3@@tl@2@@Z 0000000180003900 f i plugin_test1.obj
 0001:00002950       ?root_get_interface_info@RRenderer@stdlib@lib3d@modules@UModSys@@UEBAAEBUSUniquePointerInfo@core@5@XZ 0000000180003950 f i umodsys_lib_lib3d:umodsys.mod.3d.stdlib.obj
 0001:00002960       ?root_get_interface_type@RRenderer@stdlib@lib3d@modules@UModSys@@UEBAPEBUSUniquePointerInfo@core@5@XZ 0000000180003960 f i umodsys_lib_lib3d:umodsys.mod.3d.stdlib.obj
 0001:00002970       ?root_get_other_interface@RRenderer@stdlib@lib3d@modules@UModSys@@UEBAPEBUIRoot@core@5@PEBUSUniquePointerInfo@75@@Z 0000000180003970 f i umodsys_lib_lib3d:umodsys.mod.3d.stdlib.obj
 0001:00002970       ?root_get_other_interface@RRenderer@stdlib@lib3d@modules@UModSys@@UEAAPEAUIRoot@core@5@PEBUSUniquePointerInfo@75@@Z 0000000180003970 f i umodsys_lib_lib3d:umodsys.mod.3d.stdlib.obj
 0001:000029a0       ?root_is_interface_supported@RRenderer@stdlib@lib3d@modules@UModSys@@UEBA_NPEBUSUniquePointerInfo@core@5@@Z 00000001800039a0 f i umodsys_lib_lib3d:umodsys.mod.3d.stdlib.obj
 0001:000029d0       ?ref_weak@RRenderer@stdlib@lib3d@modules@UModSys@@UEBA_NAEAUWeakPointer@IRefObject@core@5@@Z 00000001800039d0 f i umodsys_lib_lib3d:umodsys.mod.3d.stdlib.obj
 0001:000029d0       ?ref_weak@RSerializeWriter@serialize_json@media@modules@UModSys@@UEBA_NAEAUWeakPointer@IRefObject@core@5@@Z 00000001800039d0 f i umodsys_lib_libmedia:umodsys.mod.media.serialize_json.obj
 0001:000029d0       ?ref_weak@RVisualSceneMapper_Direct@stdlib@lib3d@modules@UModSys@@UEBA_NAEAUWeakPointer@IRefObject@core@5@@Z 00000001800039d0 f i umodsys_lib_lib3d:umodsys.mod.3d.stdlib.obj
 0001:000029f0       ?suicide@RVisualSceneMapper_Direct@stdlib@lib3d@modules@UModSys@@UEAAXXZ 00000001800039f0 f i umodsys_lib_lib3d:umodsys.mod.3d.stdlib.obj
 0001:000029f0       ?suicide@RRenderer@stdlib@lib3d@modules@UModSys@@UEAAXXZ 00000001800039f0 f i umodsys_lib_lib3d:umodsys.mod.3d.stdlib.obj
 0001:000029f0       ?suicide@RSerializeWriter@serialize_json@media@modules@UModSys@@UEAAXXZ 00000001800039f0 f i umodsys_lib_libmedia:umodsys.mod.media.serialize_json.obj
 0001:00002a40       ?root_get_interface_info@RVisualizerScene@stdlib@lib3d@modules@UModSys@@UEBAAEBUSUniquePointerInfo@core@5@XZ 0000000180003a40 f i umodsys_lib_lib3d:umodsys.mod.3d.stdlib.obj
 0001:00002a50       ?root_get_interface_type@RVisualizerScene@stdlib@lib3d@modules@UModSys@@UEBAPEBUSUniquePointerInfo@core@5@XZ 0000000180003a50 f i umodsys_lib_lib3d:umodsys.mod.3d.stdlib.obj
 0001:00002a60       ?root_get_other_interface@RVisualizerScene@stdlib@lib3d@modules@UModSys@@UEAAPEAUIRoot@core@5@PEBUSUniquePointerInfo@75@@Z 0000000180003a60 f i umodsys_lib_lib3d:umodsys.mod.3d.stdlib.obj
 0001:00002a60       ?root_get_other_interface@RVisualizerScene@stdlib@lib3d@modules@UModSys@@UEBAPEBUIRoot@core@5@PEBUSUniquePointerInfo@75@@Z 0000000180003a60 f i umodsys_lib_lib3d:umodsys.mod.3d.stdlib.obj
 0001:00002aa0       ?root_is_interface_supported@RVisualizerScene@stdlib@lib3d@modules@UModSys@@UEBA_NPEBUSUniquePointerInfo@core@5@@Z 0000000180003aa0 f i umodsys_lib_lib3d:umodsys.mod.3d.stdlib.obj
 0001:00002ae0       ?suicide@RGeneralObject_Camera@stdlib@lib3d@modules@UModSys@@UEAAXXZ 0000000180003ae0 f i umodsys_lib_lib3d:umodsys.mod.3d.stdlib.obj
 0001:00002ae0       ?suicide@RTerminal@SDL_GL@ui@modules@UModSys@@UEAAXXZ 0000000180003ae0 f i umodsys_lib_libui:umodsys.mod.ui.SDL_GL.obj
 0001:00002ae0       ?suicide@RTerminal@SDL_core@ui@modules@UModSys@@UEAAXXZ 0000000180003ae0 f i umodsys_lib_libui:umodsys.mod.ui.SDL_core.obj
 0001:00002ae0       ?suicide@RVisualizerScene@stdlib@lib3d@modules@UModSys@@UEAAXXZ 0000000180003ae0 f i umodsys_lib_lib3d:umodsys.mod.3d.stdlib.obj
 0001:00002ae0       ?suicide@RMultiImage@stdlib@lib2d@modules@UModSys@@UEAAXXZ 0000000180003ae0 f i umodsys_lib_lib2d:umodsys.mod.2d.stdlib.obj
 0001:00002ae0       ?suicide@RSerializeReader@serialize_json@media@modules@UModSys@@UEAAXXZ 0000000180003ae0 f i umodsys_lib_libmedia:umodsys.mod.media.serialize_json.obj
 0001:00002ae0       ?suicide@RImage_Memory@stdlib@lib2d@modules@UModSys@@UEAAXXZ 0000000180003ae0 f i umodsys_lib_lib2d:umodsys.mod.2d.stdlib.obj
 0001:00002ae0       ?suicide@RImageFactory_Memory@stdlib@lib2d@modules@UModSys@@UEAAXXZ 0000000180003ae0 f i umodsys_lib_lib2d:umodsys.mod.2d.stdlib.obj
 0001:00002ae0       ?suicide@RBinArchiveFrameClient_ZIP@zlib@media@modules@UModSys@@UEAAXXZ 0000000180003ae0 f i umodsys_lib_libmedia:umodsys.mod.media.zlib.obj
 0001:00002b30       ?root_get_interface_info@RVisualSceneMapper_Direct@stdlib@lib3d@modules@UModSys@@UEBAAEBUSUniquePointerInfo@core@5@XZ 0000000180003b30 f i umodsys_lib_lib3d:umodsys.mod.3d.stdlib.obj
 0001:00002b40       ?root_get_interface_type@RVisualSceneMapper_Direct@stdlib@lib3d@modules@UModSys@@UEBAPEBUSUniquePointerInfo@core@5@XZ 0000000180003b40 f i umodsys_lib_lib3d:umodsys.mod.3d.stdlib.obj
 0001:00002b50       ?root_get_other_interface@RVisualSceneMapper_Direct@stdlib@lib3d@modules@UModSys@@UEBAPEBUIRoot@core@5@PEBUSUniquePointerInfo@75@@Z 0000000180003b50 f i umodsys_lib_lib3d:umodsys.mod.3d.stdlib.obj
 0001:00002b50       ?root_get_other_interface@RVisualSceneMapper_Direct@stdlib@lib3d@modules@UModSys@@UEAAPEAUIRoot@core@5@PEBUSUniquePointerInfo@75@@Z 0000000180003b50 f i umodsys_lib_lib3d:umodsys.mod.3d.stdlib.obj
 0001:00002b80       ?root_is_interface_supported@RVisualSceneMapper_Direct@stdlib@lib3d@modules@UModSys@@UEBA_NPEBUSUniquePointerInfo@core@5@@Z 0000000180003b80 f i umodsys_lib_lib3d:umodsys.mod.3d.stdlib.obj
 0001:00002bb0       ?ref_remove@RRenderer@stdlib@lib3d@modules@UModSys@@UEBAXXZ 0000000180003bb0 f i umodsys_lib_lib3d:umodsys.mod.3d.stdlib.obj
 0001:00002bb0       ?ref_remove@RVisualSceneMapper_Direct@stdlib@lib3d@modules@UModSys@@UEBAXXZ 0000000180003bb0 f i umodsys_lib_lib3d:umodsys.mod.3d.stdlib.obj
 0001:00002bb0       ?ref_remove@RSerializeWriter@serialize_json@media@modules@UModSys@@UEBAXXZ 0000000180003bb0 f i umodsys_lib_libmedia:umodsys.mod.media.serialize_json.obj
 0001:00002bd0       ?root_get_interface_info@RGeneralObject_Camera@stdlib@lib3d@modules@UModSys@@UEBAAEBUSUniquePointerInfo@core@5@XZ 0000000180003bd0 f i umodsys_lib_lib3d:umodsys.mod.3d.stdlib.obj
 0001:00002be0       ?root_get_interface_type@RGeneralObject_Camera@stdlib@lib3d@modules@UModSys@@UEBAPEBUSUniquePointerInfo@core@5@XZ 0000000180003be0 f i umodsys_lib_lib3d:umodsys.mod.3d.stdlib.obj
 0001:00002bf0       ?root_get_other_interface@RGeneralObject_Camera@stdlib@lib3d@modules@UModSys@@UEBAPEBUIRoot@core@5@PEBUSUniquePointerInfo@75@@Z 0000000180003bf0 f i umodsys_lib_lib3d:umodsys.mod.3d.stdlib.obj
 0001:00002bf0       ?root_get_other_interface@RGeneralObject_Camera@stdlib@lib3d@modules@UModSys@@UEAAPEAUIRoot@core@5@PEBUSUniquePointerInfo@75@@Z 0000000180003bf0 f i umodsys_lib_lib3d:umodsys.mod.3d.stdlib.obj
 0001:00002c20       ?root_is_interface_supported@RGeneralObject_Camera@stdlib@lib3d@modules@UModSys@@UEBA_NPEBUSUniquePointerInfo@core@5@@Z 0000000180003c20 f i umodsys_lib_lib3d:umodsys.mod.3d.stdlib.obj
 0001:00002c50       ?root_get_interface_info@VisualState@RGeneralObject_Camera@stdlib@lib3d@modules@UModSys@@UEBAAEBUSUniquePointerInfo@core@6@XZ 0000000180003c50 f i umodsys_lib_lib3d:umodsys.mod.3d.stdlib.obj
 0001:00002c60       ?root_get_interface_type@VisualState@RGeneralObject_Camera@stdlib@lib3d@modules@UModSys@@UEBAPEBUSUniquePointerInfo@core@6@XZ 0000000180003c60 f i umodsys_lib_lib3d:umodsys.mod.3d.stdlib.obj
 0001:00002c70       ?root_get_interface_types@RMouseController@SDL_GL@ui@modules@UModSys@@UEBA_KAEAUSUniquePtrList@core@5@@Z 0000000180003c70 f i umodsys_lib_libui:umodsys.mod.ui.SDL_GL.obj
 0001:00002c70       ?root_get_interface_types@VisualState@RGeneralObject_Camera@stdlib@lib3d@modules@UModSys@@UEBA_KAEAUSUniquePtrList@core@6@@Z 0000000180003c70 f i umodsys_lib_lib3d:umodsys.mod.3d.stdlib.obj
 0001:00002c70       ?root_get_interface_types@RTest1_Shell@test1@test@modules@UModSys@@UEBA_KAEAUSUniquePtrList@core@5@@Z 0000000180003c70 f i plugin_test1.obj
 0001:00002c70       ?root_get_interface_types@RGenerator@images_std@media@modules@UModSys@@UEBA_KAEAUSUniquePtrList@core@5@@Z 0000000180003c70 f i umodsys_lib_libmedia:umodsys.mod.media.images_std.obj
 0001:00002c70       ?root_get_interface_types@RImage_Memory@stdlib@lib2d@modules@UModSys@@UEBA_KAEAUSUniquePtrList@core@5@@Z 0000000180003c70 f i umodsys_lib_lib2d:umodsys.mod.2d.stdlib.obj
 0001:00002c70       ?root_get_interface_types@RMultiImage2D_SDL_ttf@SDL_GL@ui@modules@UModSys@@UEBA_KAEAUSUniquePtrList@core@5@@Z 0000000180003c70 f i umodsys_lib_libui:umodsys.mod.ui.SDL_GL.obj
 0001:00002c70       ?root_get_interface_types@RDialog@frames@ui@modules@UModSys@@UEBA_KAEAUSUniquePtrList@core@5@@Z 0000000180003c70 f i umodsys_lib_libui:umodsys.mod.ui.frames.obj
 0001:00002c70       ?root_get_interface_types@RMultiImage2D_SDL_ttf@SDL_core@ui@modules@UModSys@@UEBA_KAEAUSUniquePtrList@core@5@@Z 0000000180003c70 f i umodsys_lib_libui:umodsys.mod.ui.SDL_core.obj
 0001:00002c70       ?root_get_interface_types@RImageFactory_Memory@stdlib@lib2d@modules@UModSys@@UEBA_KAEAUSUniquePtrList@core@5@@Z 0000000180003c70 f i umodsys_lib_lib2d:umodsys.mod.2d.stdlib.obj
 0001:00002c70       ?root_get_interface_types@RMouseController@SDL_core@ui@modules@UModSys@@UEBA_KAEAUSUniquePtrList@core@5@@Z 0000000180003c70 f i umodsys_lib_libui:umodsys.mod.ui.SDL_core.obj
 0001:00002c70       ?root_get_interface_types@RGenerator@frames@ui@modules@UModSys@@UEBA_KAEAUSUniquePtrList@core@5@@Z 0000000180003c70 f i umodsys_lib_libui:umodsys.mod.ui.frames.obj
 0001:00002c70       ?root_get_interface_types@RFrame_Edit@frames@ui@modules@UModSys@@UEBA_KAEAUSUniquePtrList@core@5@@Z 0000000180003c70 f i umodsys_lib_libui:umodsys.mod.ui.frames.obj
 0001:00002c70       ?root_get_interface_types@RFrame_List@frames@ui@modules@UModSys@@UEBA_KAEAUSUniquePtrList@core@5@@Z 0000000180003c70 f i umodsys_lib_libui:umodsys.mod.ui.frames.obj
 0001:00002c70       ?root_get_interface_types@RGenerator@SDL_GL@ui@modules@UModSys@@UEBA_KAEAUSUniquePtrList@core@5@@Z 0000000180003c70 f i umodsys_lib_libui:umodsys.mod.ui.SDL_GL.obj
 0001:00002c70       ?root_get_interface_types@RGenerator@serialize_json@media@modules@UModSys@@UEBA_KAEAUSUniquePtrList@core@5@@Z 0000000180003c70 f i umodsys_lib_libmedia:umodsys.mod.media.serialize_json.obj
 0001:00002c70       ?root_get_interface_types@RMultiImage@stdlib@lib2d@modules@UModSys@@UEBA_KAEAUSUniquePtrList@core@5@@Z 0000000180003c70 f i umodsys_lib_lib2d:umodsys.mod.2d.stdlib.obj
 0001:00002c70       ?root_get_interface_types@RRenderDriver2D@SDL_core@ui@modules@UModSys@@UEBA_KAEAUSUniquePtrList@core@5@@Z 0000000180003c70 f i umodsys_lib_libui:umodsys.mod.ui.SDL_core.obj
 0001:00002c70       ?root_get_interface_types@RGenerator@stdlib@lib2d@modules@UModSys@@UEBA_KAEAUSUniquePtrList@core@5@@Z 0000000180003c70 f i umodsys_lib_lib2d:umodsys.mod.2d.stdlib.obj
 0001:00002c70       ?root_get_interface_types@RFrame_Button@frames@ui@modules@UModSys@@UEBA_KAEAUSUniquePtrList@core@5@@Z 0000000180003c70 f i umodsys_lib_libui:umodsys.mod.ui.frames.obj
 0001:00002c70       ?root_get_interface_types@RTerminal@SDL_core@ui@modules@UModSys@@UEBA_KAEAUSUniquePtrList@core@5@@Z 0000000180003c70 f i umodsys_lib_libui:umodsys.mod.ui.SDL_core.obj
 0001:00002c70       ?root_get_interface_types@RFrame_Frame@frames@ui@modules@UModSys@@UEBA_KAEAUSUniquePtrList@core@5@@Z 0000000180003c70 f i umodsys_lib_libui:umodsys.mod.ui.frames.obj
 0001:00002c70       ?root_get_interface_types@RGenerator@zlib@media@modules@UModSys@@UEBA_KAEAUSUniquePtrList@core@5@@Z 0000000180003c70 f i umodsys_lib_libmedia:umodsys.mod.media.zlib.obj
 0001:00002c70       ?root_get_interface_types@RKeyboardController@SDL_core@ui@modules@UModSys@@UEBA_KAEAUSUniquePtrList@core@5@@Z 0000000180003c70 f i umodsys_lib_libui:umodsys.mod.ui.SDL_core.obj
 0001:00002c70       ?root_get_interface_types@RGenerator@test1@test@modules@UModSys@@UEBA_KAEAUSUniquePtrList@core@5@@Z 0000000180003c70 f i plugin_test1.obj
 0001:00002c70       ?root_get_interface_types@RKeyboardController@SDL_GL@ui@modules@UModSys@@UEBA_KAEAUSUniquePtrList@core@5@@Z 0000000180003c70 f i umodsys_lib_libui:umodsys.mod.ui.SDL_GL.obj
 0001:00002c70       ?root_get_interface_types@RSerializeReader@serialize_json@media@modules@UModSys@@UEBA_KAEAUSUniquePtrList@core@5@@Z 0000000180003c70 f i umodsys_lib_libmedia:umodsys.mod.media.serialize_json.obj
 0001:00002c70       ?root_get_interface_types@RBinArchiveFrameClient_ZIP@zlib@media@modules@UModSys@@UEBA_KAEAUSUniquePtrList@core@5@@Z 0000000180003c70 f i umodsys_lib_libmedia:umodsys.mod.media.zlib.obj
 0001:00002c70       ?root_get_interface_types@RTerminalX@SDL_GL@ui@modules@UModSys@@UEBA_KAEAUSUniquePtrList@core@5@@Z 0000000180003c70 f i umodsys_lib_libui:umodsys.mod.ui.SDL_GL.obj
 0001:00002c70       ?root_get_interface_types@RSerializeWriter@serialize_json@media@modules@UModSys@@UEBA_KAEAUSUniquePtrList@core@5@@Z 0000000180003c70 f i umodsys_lib_libmedia:umodsys.mod.media.serialize_json.obj
 0001:00002c70       ?root_get_interface_types@RVertexArray@SDL_GL@ui@modules@UModSys@@UEBA_KAEAUSUniquePtrList@core@5@@Z 0000000180003c70 f i umodsys_lib_libui:umodsys.mod.ui.SDL_GL.obj
 0001:00002c70       ?root_get_interface_types@RTerminalX@SDL_core@ui@modules@UModSys@@UEBA_KAEAUSUniquePtrList@core@5@@Z 0000000180003c70 f i umodsys_lib_libui:umodsys.mod.ui.SDL_core.obj
 0001:00002c70       ?root_get_interface_types@RTerminal@SDL_GL@ui@modules@UModSys@@UEBA_KAEAUSUniquePtrList@core@5@@Z 0000000180003c70 f i umodsys_lib_libui:umodsys.mod.ui.SDL_GL.obj
 0001:00002c70       ?root_get_interface_types@RCollector@frames@ui@modules@UModSys@@UEBA_KAEAUSUniquePtrList@core@5@@Z 0000000180003c70 f i umodsys_lib_libui:umodsys.mod.ui.frames.obj
 0001:00002c70       ?root_get_interface_types@RVisualizerScene@stdlib@lib3d@modules@UModSys@@UEBA_KAEAUSUniquePtrList@core@5@@Z 0000000180003c70 f i umodsys_lib_lib3d:umodsys.mod.3d.stdlib.obj
 0001:00002c70       ?root_get_interface_types@RRenderDriver3D@SDL_GL@ui@modules@UModSys@@UEBA_KAEAUSUniquePtrList@core@5@@Z 0000000180003c70 f i umodsys_lib_libui:umodsys.mod.ui.SDL_GL.obj
 0001:00002c70       ?root_get_interface_types@RFrame_Text@frames@ui@modules@UModSys@@UEBA_KAEAUSUniquePtrList@core@5@@Z 0000000180003c70 f i umodsys_lib_libui:umodsys.mod.ui.frames.obj
 0001:00002c70       ?root_get_interface_types@RFrame_Image@frames@ui@modules@UModSys@@UEBA_KAEAUSUniquePtrList@core@5@@Z 0000000180003c70 f i umodsys_lib_libui:umodsys.mod.ui.frames.obj
 0001:00002c70       ?root_get_interface_types@RRenderer@stdlib@lib3d@modules@UModSys@@UEBA_KAEAUSUniquePtrList@core@5@@Z 0000000180003c70 f i umodsys_lib_lib3d:umodsys.mod.3d.stdlib.obj
 0001:00002c70       ?root_get_interface_types@RVisualSceneMapper_Direct@stdlib@lib3d@modules@UModSys@@UEBA_KAEAUSUniquePtrList@core@5@@Z 0000000180003c70 f i umodsys_lib_lib3d:umodsys.mod.3d.stdlib.obj
 0001:00002c70       ?root_get_interface_types@RGeneralObject_Camera@stdlib@lib3d@modules@UModSys@@UEBA_KAEAUSUniquePtrList@core@5@@Z 0000000180003c70 f i umodsys_lib_lib3d:umodsys.mod.3d.stdlib.obj
 0001:00002c70       ?root_get_interface_types@RGenerator@stdlib@lib3d@modules@UModSys@@UEBA_KAEAUSUniquePtrList@core@5@@Z 0000000180003c70 f i umodsys_lib_lib3d:umodsys.mod.3d.stdlib.obj
 0001:00002c70       ?root_get_interface_types@RMediaFilter@images_std@media@modules@UModSys@@UEBA_KAEAUSUniquePtrList@core@5@@Z 0000000180003c70 f i umodsys_lib_libmedia:umodsys.mod.media.images_std.obj
 0001:00002c70       ?root_get_interface_types@RGenerator@SDL_core@ui@modules@UModSys@@UEBA_KAEAUSUniquePtrList@core@5@@Z 0000000180003c70 f i umodsys_lib_libui:umodsys.mod.ui.SDL_core.obj
 0001:00002c80       ?root_get_other_interface@VisualState@RGeneralObject_Camera@stdlib@lib3d@modules@UModSys@@UEBAPEBUIRoot@core@6@PEBUSUniquePointerInfo@86@@Z 0000000180003c80 f i umodsys_lib_lib3d:umodsys.mod.3d.stdlib.obj
 0001:00002c80       ?root_get_other_interface@VisualState@RGeneralObject_Camera@stdlib@lib3d@modules@UModSys@@UEAAPEAUIRoot@core@6@PEBUSUniquePointerInfo@86@@Z 0000000180003c80 f i umodsys_lib_lib3d:umodsys.mod.3d.stdlib.obj
 0001:00002cc0       ?root_is_interface_supported@VisualState@RGeneralObject_Camera@stdlib@lib3d@modules@UModSys@@UEBA_NPEBUSUniquePointerInfo@core@6@@Z 0000000180003cc0 f i umodsys_lib_lib3d:umodsys.mod.3d.stdlib.obj
 0001:00002d00       ?ref_add@VisualState@RGeneralObject_Camera@stdlib@lib3d@modules@UModSys@@UEBAXXZ 0000000180003d00 f i umodsys_lib_lib3d:umodsys.mod.3d.stdlib.obj
 0001:00002d00       ?ref_add@RMediaFilter@images_std@media@modules@UModSys@@UEBAXXZ 0000000180003d00 f i umodsys_lib_libmedia:umodsys.mod.media.images_std.obj
 0001:00002d10       ?ref_remove@RMediaFilter@images_std@media@modules@UModSys@@UEBAXXZ 0000000180003d10 f i umodsys_lib_libmedia:umodsys.mod.media.images_std.obj
 0001:00002d10       ?ref_remove@VisualState@RGeneralObject_Camera@stdlib@lib3d@modules@UModSys@@UEBAXXZ 0000000180003d10 f i umodsys_lib_lib3d:umodsys.mod.3d.stdlib.obj
 0001:00002d30       ?ref_links@VisualState@RGeneralObject_Camera@stdlib@lib3d@modules@UModSys@@UEBAHXZ 0000000180003d30 f i umodsys_lib_lib3d:umodsys.mod.3d.stdlib.obj
 0001:00002d30       ?ref_links@RMediaFilter@images_std@media@modules@UModSys@@UEBAHXZ 0000000180003d30 f i umodsys_lib_libmedia:umodsys.mod.media.images_std.obj
 0001:00002d40       ?suicide@VisualState@RGeneralObject_Camera@stdlib@lib3d@modules@UModSys@@UEAAXXZ 0000000180003d40 f i umodsys_lib_lib3d:umodsys.mod.3d.stdlib.obj
 0001:00002d90       ?get_generated_names@RGenerator@stdlib@lib3d@modules@UModSys@@UEBAHAEAUSUniquePtrList@core@5@@Z 0000000180003d90 f i umodsys_lib_lib3d:umodsys.mod.3d.stdlib.obj
 0001:00002de0       ?get_generated_types@RGenerator@stdlib@lib3d@modules@UModSys@@UEBAHAEAUSUniquePtrList@core@5@PEBUSUniquePointerInfo@75@@Z 0000000180003de0 f i umodsys_lib_lib3d:umodsys.mod.3d.stdlib.obj
 0001:00002ee0       ?generate@RGenerator@stdlib@lib3d@modules@UModSys@@UEAA_NAEAU?$TRefObject@UIRefObject@core@UModSys@@U?$TRefObjectFunc@UIRefObject@core@UModSys@@@tl@3@@tl@5@PEBUSUniquePointerInfo@core@5@AEBUSParameters@95@@Z 0000000180003ee0 f i umodsys_lib_lib3d:umodsys.mod.3d.stdlib.obj
 0001:00003060       ?root_get_interface_info@RGenerator@stdlib@lib3d@modules@UModSys@@UEBAAEBUSUniquePointerInfo@core@5@XZ 0000000180004060 f i umodsys_lib_lib3d:umodsys.mod.3d.stdlib.obj
 0001:00003070       ?root_get_interface_type@RGenerator@stdlib@lib3d@modules@UModSys@@UEBAPEBUSUniquePointerInfo@core@5@XZ 0000000180004070 f i umodsys_lib_lib3d:umodsys.mod.3d.stdlib.obj
 0001:00003080       ?root_get_other_interface@RGenerator@stdlib@lib3d@modules@UModSys@@UEAAPEAUIRoot@core@5@PEBUSUniquePointerInfo@75@@Z 0000000180004080 f i umodsys_lib_lib3d:umodsys.mod.3d.stdlib.obj
 0001:00003080       ?root_get_other_interface@RGenerator@stdlib@lib3d@modules@UModSys@@UEBAPEBUIRoot@core@5@PEBUSUniquePointerInfo@75@@Z 0000000180004080 f i umodsys_lib_lib3d:umodsys.mod.3d.stdlib.obj
 0001:000030c0       ?root_is_interface_supported@RGenerator@stdlib@lib3d@modules@UModSys@@UEBA_NPEBUSUniquePointerInfo@core@5@@Z 00000001800040c0 f i umodsys_lib_lib3d:umodsys.mod.3d.stdlib.obj
 0001:00003100       ?get_uid@RGenerator@stdlib@lib3d@modules@UModSys@@UEBAPEBUSUniquePointerInfo@core@5@XZ 0000000180004100 f i umodsys_lib_lib3d:umodsys.mod.3d.stdlib.obj
 0001:00003110       ??_GRRenderer@stdlib@lib3d@modules@UModSys@@UEAAPEAXI@Z 0000000180004110 f i umodsys_lib_lib3d:umodsys.mod.3d.stdlib.obj
 0001:00003110       ??_ERRenderer@stdlib@lib3d@modules@UModSys@@UEAAPEAXI@Z 0000000180004110 f i  CIL library: CIL module
 0001:00003140       ??_GRVisualizerScene@stdlib@lib3d@modules@UModSys@@UEAAPEAXI@Z 0000000180004140 f i umodsys_lib_lib3d:umodsys.mod.3d.stdlib.obj
 0001:00003140       ??_ERVisualizerScene@stdlib@lib3d@modules@UModSys@@UEAAPEAXI@Z 0000000180004140 f i  CIL library: CIL module
 0001:00003170       ??_GRVisualSceneMapper_Direct@stdlib@lib3d@modules@UModSys@@UEAAPEAXI@Z 0000000180004170 f i umodsys_lib_lib3d:umodsys.mod.3d.stdlib.obj
 0001:00003170       ??_ERVisualSceneMapper_Direct@stdlib@lib3d@modules@UModSys@@UEAAPEAXI@Z 0000000180004170 f i  CIL library: CIL module
 0001:000031a0       ??_ERGeneralObject_Camera@stdlib@lib3d@modules@UModSys@@UEAAPEAXI@Z 00000001800041a0 f i  CIL library: CIL module
 0001:000031a0       ??_GRGeneralObject_Camera@stdlib@lib3d@modules@UModSys@@UEAAPEAXI@Z 00000001800041a0 f i umodsys_lib_lib3d:umodsys.mod.3d.stdlib.obj
 0001:000031d0       ??_GVisualState@RGeneralObject_Camera@stdlib@lib3d@modules@UModSys@@UEAAPEAXI@Z 00000001800041d0 f i umodsys_lib_lib3d:umodsys.mod.3d.stdlib.obj
 0001:000031d0       ??_EVisualState@RGeneralObject_Camera@stdlib@lib3d@modules@UModSys@@UEAAPEAXI@Z 00000001800041d0 f i  CIL library: CIL module
 0001:00003200       ?do_open@RModuleReg@stdlib@lib3d@modules@UModSys@@UEAA_NXZ 0000000180004200 f i umodsys_lib_lib3d:umodsys.mod.3d.stdlib.obj
 0001:00003210       ?do_close@RModuleReg@stdlib@lib3d@modules@UModSys@@UEAA_NXZ 0000000180004210 f i umodsys_lib_lib3d:umodsys.mod.3d.stdlib.obj
 0001:00003220       ??_GRModuleReg@stdlib@lib3d@modules@UModSys@@UEAAPEAXI@Z 0000000180004220 f i umodsys_lib_lib3d:umodsys.mod.3d.stdlib.obj
 0001:00003220       ??_ERModuleReg@stdlib@lib3d@modules@UModSys@@UEAAPEAXI@Z 0000000180004220 f i  CIL library: CIL module
 0001:00003250       ??1?$TRStackSocket@PEAUIVisualObject@lib3d@UModSys@@U?$TDynarrayDynamic@PEAUIVisualObject@lib3d@UModSys@@U?$TAllocator@USIMemAlloc@core@UModSys@@USCountCalcPower2@23@@tl@3@@tl@3@@tl@UModSys@@QEAA@XZ 0000000180004250 f i umodsys_lib_lib3d:umodsys.mod.3d.stdlib.obj
 0001:00003260       ?isempty@?$TRStackSocket@PEAUIVisualObject@lib3d@UModSys@@U?$TDynarrayDynamic@PEAUIVisualObject@lib3d@UModSys@@U?$TAllocator@USIMemAlloc@core@UModSys@@USCountCalcPower2@23@@tl@3@@tl@3@@tl@UModSys@@UEBA_NXZ 0000000180004260 f i umodsys_lib_lib3d:umodsys.mod.3d.stdlib.obj
 0001:00003270       ?push@?$TRStackSocket@PEAUIVisualObject@lib3d@UModSys@@U?$TDynarrayDynamic@PEAUIVisualObject@lib3d@UModSys@@U?$TAllocator@USIMemAlloc@core@UModSys@@USCountCalcPower2@23@@tl@3@@tl@3@@tl@UModSys@@UEAA_NAEBQEAUIVisualObject@lib3d@3@@Z 0000000180004270 f i umodsys_lib_lib3d:umodsys.mod.3d.stdlib.obj
 0001:000032d0       ?pop@?$TRStackSocket@PEAUIVisualObject@lib3d@UModSys@@U?$TDynarrayDynamic@PEAUIVisualObject@lib3d@UModSys@@U?$TAllocator@USIMemAlloc@core@UModSys@@USCountCalcPower2@23@@tl@3@@tl@3@@tl@UModSys@@UEAA_NAEAPEAUIVisualObject@lib3d@3@@Z 00000001800042d0 f i umodsys_lib_lib3d:umodsys.mod.3d.stdlib.obj
 0001:00003300       ??1?$TDynarray@U?$TDynarrayHolderDynamic@UScene@IVisualizerScene@lib3d@UModSys@@U?$TAllocator@USIMemAlloc@core@UModSys@@USCountCalcPower2@23@@tl@4@@tl@UModSys@@@tl@UModSys@@QEAA@XZ 0000000180004300 f i umodsys_lib_lib3d:umodsys.mod.3d.stdlib.obj
 0001:00003370       ?Free@?$TDynarray@U?$TDynarrayHolderDynamic@PEAUIVisualObject@lib3d@UModSys@@U?$TAllocator@USIMemAlloc@core@UModSys@@USCountCalcPower2@23@@tl@3@@tl@UModSys@@@tl@UModSys@@QEAA_NXZ 0000000180004370 f i umodsys_lib_lib3d:umodsys.mod.3d.stdlib.obj
 0001:000033f0       ?Push@?$TDynarray@U?$TDynarrayHolderDynamic@UScene@IVisualizerScene@lib3d@UModSys@@U?$TAllocator@USIMemAlloc@core@UModSys@@USCountCalcPower2@23@@tl@4@@tl@UModSys@@@tl@UModSys@@QEAA_NAEBUScene@IVisualizerScene@lib3d@3@@Z 00000001800043f0 f i umodsys_lib_lib3d:umodsys.mod.3d.stdlib.obj
 0001:00003480       ?ResizeRel@?$TDynarray@U?$TDynarrayHolderDynamic@UScene@IVisualizerScene@lib3d@UModSys@@U?$TAllocator@USIMemAlloc@core@UModSys@@USCountCalcPower2@23@@tl@4@@tl@UModSys@@@tl@UModSys@@QEAA_N_J@Z 0000000180004480 f i umodsys_lib_lib3d:umodsys.mod.3d.stdlib.obj
 0001:00003540       ?RemoveAt@?$TDynarray@U?$TDynarrayHolderDynamic@UScene@IVisualizerScene@lib3d@UModSys@@U?$TAllocator@USIMemAlloc@core@UModSys@@USCountCalcPower2@23@@tl@4@@tl@UModSys@@@tl@UModSys@@QEAA_N_K0@Z 0000000180004540 f i umodsys_lib_lib3d:umodsys.mod.3d.stdlib.obj
 0001:000035c0       ?ReLink@?$TDynarray@U?$TDynarrayHolderDynamic@UScene@IVisualizerScene@lib3d@UModSys@@U?$TAllocator@USIMemAlloc@core@UModSys@@USCountCalcPower2@23@@tl@4@@tl@UModSys@@@tl@UModSys@@IEAA_N_K@Z 00000001800045c0 f i umodsys_lib_lib3d:umodsys.mod.3d.stdlib.obj
 0001:00003630       ?ReLink@?$TDynarray@U?$TDynarrayHolderDynamic@UNode@RSerializeReader@serialize_json@media@modules@UModSys@@U?$TAllocator@USIMemAlloc@core@UModSys@@USCountCalcPower2@23@@tl@6@@tl@UModSys@@@tl@UModSys@@IEAA_N_K@Z 0000000180004630 f i umodsys_lib_libmedia:umodsys.mod.media.serialize_json.obj
 0001:00003630       ?ReLink@?$TDynarray@U?$TDynarrayHolderDynamic@PEAUIVisualObject@lib3d@UModSys@@U?$TAllocator@USIMemAlloc@core@UModSys@@USCountCalcPower2@23@@tl@3@@tl@UModSys@@@tl@UModSys@@IEAA_N_K@Z 0000000180004630 f i umodsys_lib_lib3d:umodsys.mod.3d.stdlib.obj
 0001:000036b0       ?amoveleft@?$TTypeConstructor@UScene@IVisualizerScene@lib3d@UModSys@@@tl@UModSys@@SAXPEAUScene@IVisualizerScene@lib3d@3@_K11@Z 00000001800046b0 f i umodsys_lib_lib3d:umodsys.mod.3d.stdlib.obj
 0001:00003770       ?adestruct@?$TTypeConstructor@UScene@IVisualizerScene@lib3d@UModSys@@@tl@UModSys@@SAXPEAUScene@IVisualizerScene@lib3d@3@_K@Z 0000000180004770 f i umodsys_lib_lib3d:umodsys.mod.3d.stdlib.obj
 0001:000037f0       ??$process_nodes_r@U?$TNodeDeleter0@U?$TScatterArrayNode@U?$TRefObject@UIVisualObject@lib3d@UModSys@@U?$TRefObjectFunc@UIVisualObject@lib3d@UModSys@@@tl@3@@tl@UModSys@@PEBUISceneNode@lib3d@3@@tl@UModSys@@@tl@UModSys@@@?$TTreeHoldRB@U?$TScatterArrayNode@U?$TRefObject@UIVisualObject@lib3d@UModSys@@U?$TRefObjectFunc@UIVisualObject@lib3d@UModSys@@@tl@3@@tl@UModSys@@PEBUISceneNode@lib3d@3@@tl@UModSys@@@tl@UModSys@@KAHPEAU?$TScatterArrayNode@U?$TRefObject@UIVisualObject@lib3d@UModSys@@U?$TRefObjectFunc@UIVisualObject@lib3d@UModSys@@@tl@3@@tl@UModSys@@PEBUISceneNode@lib3d@3@@12@AEBU?$TNodeDeleter0@U?$TScatterArrayNode@U?$TRefObject@UIVisualObject@lib3d@UModSys@@U?$TRefObjectFunc@UIVisualObject@lib3d@UModSys@@@tl@3@@tl@UModSys@@PEBUISceneNode@lib3d@3@@tl@UModSys@@@12@@Z 00000001800047f0 f i umodsys_lib_lib3d:umodsys.mod.3d.stdlib.obj
 0001:00003870       ?root_get_interface_info@RImage_Memory@stdlib@lib2d@modules@UModSys@@UEBAAEBUSUniquePointerInfo@core@5@XZ 0000000180004870 f i umodsys_lib_lib2d:umodsys.mod.2d.stdlib.obj
 0001:00003880       ?root_get_interface_type@RImage_Memory@stdlib@lib2d@modules@UModSys@@UEBAPEBUSUniquePointerInfo@core@5@XZ 0000000180004880 f i umodsys_lib_lib2d:umodsys.mod.2d.stdlib.obj
 0001:00003890       ?root_get_other_interface@RImage_Memory@stdlib@lib2d@modules@UModSys@@UEBAPEBUIRoot@core@5@PEBUSUniquePointerInfo@75@@Z 0000000180004890 f i umodsys_lib_lib2d:umodsys.mod.2d.stdlib.obj
 0001:00003890       ?root_get_other_interface@RImage_Memory@stdlib@lib2d@modules@UModSys@@UEAAPEAUIRoot@core@5@PEBUSUniquePointerInfo@75@@Z 0000000180004890 f i umodsys_lib_lib2d:umodsys.mod.2d.stdlib.obj
 0001:000038c0       ?root_is_interface_supported@RImage_Memory@stdlib@lib2d@modules@UModSys@@UEBA_NPEBUSUniquePointerInfo@core@5@@Z 00000001800048c0 f i umodsys_lib_lib2d:umodsys.mod.2d.stdlib.obj
 0001:000038f0       ?ref_weak@RGenerator@test1@test@modules@UModSys@@UEBA_NAEAUWeakPointer@IRefObject@core@5@@Z 00000001800048f0 f i plugin_test1.obj
 0001:000038f0       ?ref_weak@RBinArchiveFrameClient_ZIP@zlib@media@modules@UModSys@@UEBA_NAEAUWeakPointer@IRefObject@core@5@@Z 00000001800048f0 f i umodsys_lib_libmedia:umodsys.mod.media.zlib.obj
 0001:000038f0       ?ref_weak@RTerminal@SDL_core@ui@modules@UModSys@@UEBA_NAEAUWeakPointer@IRefObject@core@5@@Z 00000001800048f0 f i umodsys_lib_libui:umodsys.mod.ui.SDL_core.obj
 0001:000038f0       ?ref_weak@RTerminal@SDL_GL@ui@modules@UModSys@@UEBA_NAEAUWeakPointer@IRefObject@core@5@@Z 00000001800048f0 f i umodsys_lib_libui:umodsys.mod.ui.SDL_GL.obj
 0001:000038f0       ?ref_weak@RGenerator@zlib@media@modules@UModSys@@UEBA_NAEAUWeakPointer@IRefObject@core@5@@Z 00000001800048f0 f i umodsys_lib_libmedia:umodsys.mod.media.zlib.obj
 0001:000038f0       ?ref_weak@RGenerator@images_std@media@modules@UModSys@@UEBA_NAEAUWeakPointer@IRefObject@core@5@@Z 00000001800048f0 f i umodsys_lib_libmedia:umodsys.mod.media.images_std.obj
 0001:000038f0       ?ref_weak@RGenerator@serialize_json@media@modules@UModSys@@UEBA_NAEAUWeakPointer@IRefObject@core@5@@Z 00000001800048f0 f i umodsys_lib_libmedia:umodsys.mod.media.serialize_json.obj
 0001:000038f0       ?ref_weak@RMultiImage@stdlib@lib2d@modules@UModSys@@UEBA_NAEAUWeakPointer@IRefObject@core@5@@Z 00000001800048f0 f i umodsys_lib_lib2d:umodsys.mod.2d.stdlib.obj
 0001:000038f0       ?ref_weak@RMultiImage2D_SDL_ttf@SDL_GL@ui@modules@UModSys@@UEBA_NAEAUWeakPointer@IRefObject@core@5@@Z 00000001800048f0 f i umodsys_lib_libui:umodsys.mod.ui.SDL_GL.obj
 0001:000038f0       ?ref_weak@RVertexArray@SDL_GL@ui@modules@UModSys@@UEBA_NAEAUWeakPointer@IRefObject@core@5@@Z 00000001800048f0 f i umodsys_lib_libui:umodsys.mod.ui.SDL_GL.obj
 0001:000038f0       ?ref_weak@RGenerator@SDL_GL@ui@modules@UModSys@@UEBA_NAEAUWeakPointer@IRefObject@core@5@@Z 00000001800048f0 f i umodsys_lib_libui:umodsys.mod.ui.SDL_GL.obj
 0001:000038f0       ?ref_weak@RGenerator@frames@ui@modules@UModSys@@UEBA_NAEAUWeakPointer@IRefObject@core@5@@Z 00000001800048f0 f i umodsys_lib_libui:umodsys.mod.ui.frames.obj
 0001:000038f0       ?ref_weak@RImageFactory_Memory@stdlib@lib2d@modules@UModSys@@UEBA_NAEAUWeakPointer@IRefObject@core@5@@Z 00000001800048f0 f i umodsys_lib_lib2d:umodsys.mod.2d.stdlib.obj
 0001:000038f0       ?ref_weak@RGenerator@stdlib@lib2d@modules@UModSys@@UEBA_NAEAUWeakPointer@IRefObject@core@5@@Z 00000001800048f0 f i umodsys_lib_lib2d:umodsys.mod.2d.stdlib.obj
 0001:000038f0       ?ref_weak@RGeneralObject_Camera@stdlib@lib3d@modules@UModSys@@UEBA_NAEAUWeakPointer@IRefObject@core@5@@Z 00000001800048f0 f i umodsys_lib_lib3d:umodsys.mod.3d.stdlib.obj
 0001:000038f0       ?ref_weak@RSerializeReader@serialize_json@media@modules@UModSys@@UEBA_NAEAUWeakPointer@IRefObject@core@5@@Z 00000001800048f0 f i umodsys_lib_libmedia:umodsys.mod.media.serialize_json.obj
 0001:000038f0       ?ref_weak@RVisualizerScene@stdlib@lib3d@modules@UModSys@@UEBA_NAEAUWeakPointer@IRefObject@core@5@@Z 00000001800048f0 f i umodsys_lib_lib3d:umodsys.mod.3d.stdlib.obj
 0001:000038f0       ?ref_weak@RGenerator@stdlib@lib3d@modules@UModSys@@UEBA_NAEAUWeakPointer@IRefObject@core@5@@Z 00000001800048f0 f i umodsys_lib_lib3d:umodsys.mod.3d.stdlib.obj
 0001:000038f0       ?ref_weak@RMultiImage2D_SDL_ttf@SDL_core@ui@modules@UModSys@@UEBA_NAEAUWeakPointer@IRefObject@core@5@@Z 00000001800048f0 f i umodsys_lib_libui:umodsys.mod.ui.SDL_core.obj
 0001:000038f0       ?ref_weak@RDialog@frames@ui@modules@UModSys@@UEBA_NAEAUWeakPointer@IRefObject@core@5@@Z 00000001800048f0 f i umodsys_lib_libui:umodsys.mod.ui.frames.obj
 0001:000038f0       ?ref_weak@RGenerator@SDL_core@ui@modules@UModSys@@UEBA_NAEAUWeakPointer@IRefObject@core@5@@Z 00000001800048f0 f i umodsys_lib_libui:umodsys.mod.ui.SDL_core.obj
 0001:000038f0       ?ref_weak@RImage_Memory@stdlib@lib2d@modules@UModSys@@UEBA_NAEAUWeakPointer@IRefObject@core@5@@Z 00000001800048f0 f i umodsys_lib_lib2d:umodsys.mod.2d.stdlib.obj
 0001:00003910       ?root_get_interface_info@RImageFactory_Memory@stdlib@lib2d@modules@UModSys@@UEBAAEBUSUniquePointerInfo@core@5@XZ 0000000180004910 f i umodsys_lib_lib2d:umodsys.mod.2d.stdlib.obj
 0001:00003920       ?root_get_interface_type@RImageFactory_Memory@stdlib@lib2d@modules@UModSys@@UEBAPEBUSUniquePointerInfo@core@5@XZ 0000000180004920 f i umodsys_lib_lib2d:umodsys.mod.2d.stdlib.obj
 0001:00003930       ?root_get_other_interface@RImageFactory_Memory@stdlib@lib2d@modules@UModSys@@UEAAPEAUIRoot@core@5@PEBUSUniquePointerInfo@75@@Z 0000000180004930 f i umodsys_lib_lib2d:umodsys.mod.2d.stdlib.obj
 0001:00003930       ?root_get_other_interface@RImageFactory_Memory@stdlib@lib2d@modules@UModSys@@UEBAPEBUIRoot@core@5@PEBUSUniquePointerInfo@75@@Z 0000000180004930 f i umodsys_lib_lib2d:umodsys.mod.2d.stdlib.obj
 0001:00003960       ?root_is_interface_supported@RImageFactory_Memory@stdlib@lib2d@modules@UModSys@@UEBA_NPEBUSUniquePointerInfo@core@5@@Z 0000000180004960 f i umodsys_lib_lib2d:umodsys.mod.2d.stdlib.obj
 0001:00003990       ?root_get_interface_info@RMultiImage@stdlib@lib2d@modules@UModSys@@UEBAAEBUSUniquePointerInfo@core@5@XZ 0000000180004990 f i umodsys_lib_lib2d:umodsys.mod.2d.stdlib.obj
 0001:000039a0       ?root_get_interface_type@RMultiImage@stdlib@lib2d@modules@UModSys@@UEBAPEBUSUniquePointerInfo@core@5@XZ 00000001800049a0 f i umodsys_lib_lib2d:umodsys.mod.2d.stdlib.obj
 0001:000039b0       ?root_get_other_interface@RMultiImage@stdlib@lib2d@modules@UModSys@@UEBAPEBUIRoot@core@5@PEBUSUniquePointerInfo@75@@Z 00000001800049b0 f i umodsys_lib_lib2d:umodsys.mod.2d.stdlib.obj
 0001:000039b0       ?root_get_other_interface@RMultiImage@stdlib@lib2d@modules@UModSys@@UEAAPEAUIRoot@core@5@PEBUSUniquePointerInfo@75@@Z 00000001800049b0 f i umodsys_lib_lib2d:umodsys.mod.2d.stdlib.obj
 0001:000039e0       ?root_is_interface_supported@RMultiImage@stdlib@lib2d@modules@UModSys@@UEBA_NPEBUSUniquePointerInfo@core@5@@Z 00000001800049e0 f i umodsys_lib_lib2d:umodsys.mod.2d.stdlib.obj
 0001:00003a10       ?get_generated_names@RGenerator@stdlib@lib2d@modules@UModSys@@UEBAHAEAUSUniquePtrList@core@5@@Z 0000000180004a10 f i umodsys_lib_lib2d:umodsys.mod.2d.stdlib.obj
 0001:00003a60       ?get_generated_types@RGenerator@stdlib@lib2d@modules@UModSys@@UEBAHAEAUSUniquePtrList@core@5@PEBUSUniquePointerInfo@75@@Z 0000000180004a60 f i umodsys_lib_lib2d:umodsys.mod.2d.stdlib.obj
 0001:00003b00       ?generate@RGenerator@stdlib@lib2d@modules@UModSys@@UEAA_NAEAU?$TRefObject@UIRefObject@core@UModSys@@U?$TRefObjectFunc@UIRefObject@core@UModSys@@@tl@3@@tl@5@PEBUSUniquePointerInfo@core@5@AEBUSParameters@95@@Z 0000000180004b00 f i umodsys_lib_lib2d:umodsys.mod.2d.stdlib.obj
 0001:00003c30       ?root_get_interface_info@RGenerator@stdlib@lib2d@modules@UModSys@@UEBAAEBUSUniquePointerInfo@core@5@XZ 0000000180004c30 f i umodsys_lib_lib2d:umodsys.mod.2d.stdlib.obj
 0001:00003c40       ?root_get_interface_type@RGenerator@stdlib@lib2d@modules@UModSys@@UEBAPEBUSUniquePointerInfo@core@5@XZ 0000000180004c40 f i umodsys_lib_lib2d:umodsys.mod.2d.stdlib.obj
 0001:00003c50       ?root_get_other_interface@RGenerator@stdlib@lib2d@modules@UModSys@@UEBAPEBUIRoot@core@5@PEBUSUniquePointerInfo@75@@Z 0000000180004c50 f i umodsys_lib_lib2d:umodsys.mod.2d.stdlib.obj
 0001:00003c50       ?root_get_other_interface@RGenerator@stdlib@lib2d@modules@UModSys@@UEAAPEAUIRoot@core@5@PEBUSUniquePointerInfo@75@@Z 0000000180004c50 f i umodsys_lib_lib2d:umodsys.mod.2d.stdlib.obj
 0001:00003c90       ?root_is_interface_supported@RGenerator@stdlib@lib2d@modules@UModSys@@UEBA_NPEBUSUniquePointerInfo@core@5@@Z 0000000180004c90 f i umodsys_lib_lib2d:umodsys.mod.2d.stdlib.obj
 0001:00003cd0       ?ref_remove@RMultiImage2D_SDL_ttf@SDL_core@ui@modules@UModSys@@UEBAXXZ 0000000180004cd0 f i umodsys_lib_libui:umodsys.mod.ui.SDL_core.obj
 0001:00003cd0       ?ref_remove@RGenerator@serialize_json@media@modules@UModSys@@UEBAXXZ 0000000180004cd0 f i umodsys_lib_libmedia:umodsys.mod.media.serialize_json.obj
 0001:00003cd0       ?ref_remove@RBinArchiveFrameClient_ZIP@zlib@media@modules@UModSys@@UEBAXXZ 0000000180004cd0 f i umodsys_lib_libmedia:umodsys.mod.media.zlib.obj
 0001:00003cd0       ?ref_remove@RDialog@frames@ui@modules@UModSys@@UEBAXXZ 0000000180004cd0 f i umodsys_lib_libui:umodsys.mod.ui.frames.obj
 0001:00003cd0       ?ref_remove@RImageFactory_Memory@stdlib@lib2d@modules@UModSys@@UEBAXXZ 0000000180004cd0 f i umodsys_lib_lib2d:umodsys.mod.2d.stdlib.obj
 0001:00003cd0       ?ref_remove@RGenerator@test1@test@modules@UModSys@@UEBAXXZ 0000000180004cd0 f i plugin_test1.obj
 0001:00003cd0       ?ref_remove@RVertexArray@SDL_GL@ui@modules@UModSys@@UEBAXXZ 0000000180004cd0 f i umodsys_lib_libui:umodsys.mod.ui.SDL_GL.obj
 0001:00003cd0       ?ref_remove@RGenerator@SDL_core@ui@modules@UModSys@@UEBAXXZ 0000000180004cd0 f i umodsys_lib_libui:umodsys.mod.ui.SDL_core.obj
 0001:00003cd0       ?ref_remove@RGenerator@stdlib@lib2d@modules@UModSys@@UEBAXXZ 0000000180004cd0 f i umodsys_lib_lib2d:umodsys.mod.2d.stdlib.obj
 0001:00003cd0       ?ref_remove@RTerminal@SDL_GL@ui@modules@UModSys@@UEBAXXZ 0000000180004cd0 f i umodsys_lib_libui:umodsys.mod.ui.SDL_GL.obj
 0001:00003cd0       ?ref_remove@RMultiImage2D_SDL_ttf@SDL_GL@ui@modules@UModSys@@UEBAXXZ 0000000180004cd0 f i umodsys_lib_libui:umodsys.mod.ui.SDL_GL.obj
 0001:00003cd0       ?ref_remove@RGeneralObject_Camera@stdlib@lib3d@modules@UModSys@@UEBAXXZ 0000000180004cd0 f i umodsys_lib_lib3d:umodsys.mod.3d.stdlib.obj
 0001:00003cd0       ?ref_remove@RGenerator@stdlib@lib3d@modules@UModSys@@UEBAXXZ 0000000180004cd0 f i umodsys_lib_lib3d:umodsys.mod.3d.stdlib.obj
 0001:00003cd0       ?ref_remove@RSerializeReader@serialize_json@media@modules@UModSys@@UEBAXXZ 0000000180004cd0 f i umodsys_lib_libmedia:umodsys.mod.media.serialize_json.obj
 0001:00003cd0       ?ref_remove@RGenerator@images_std@media@modules@UModSys@@UEBAXXZ 0000000180004cd0 f i umodsys_lib_libmedia:umodsys.mod.media.images_std.obj
 0001:00003cd0       ?ref_remove@RGenerator@frames@ui@modules@UModSys@@UEBAXXZ 0000000180004cd0 f i umodsys_lib_libui:umodsys.mod.ui.frames.obj
 0001:00003cd0       ?ref_remove@RVisualizerScene@stdlib@lib3d@modules@UModSys@@UEBAXXZ 0000000180004cd0 f i umodsys_lib_lib3d:umodsys.mod.3d.stdlib.obj
 0001:00003cd0       ?ref_remove@RTerminal@SDL_core@ui@modules@UModSys@@UEBAXXZ 0000000180004cd0 f i umodsys_lib_libui:umodsys.mod.ui.SDL_core.obj
 0001:00003cd0       ?ref_remove@RImage_Memory@stdlib@lib2d@modules@UModSys@@UEBAXXZ 0000000180004cd0 f i umodsys_lib_lib2d:umodsys.mod.2d.stdlib.obj
 0001:00003cd0       ?ref_remove@RGenerator@zlib@media@modules@UModSys@@UEBAXXZ 0000000180004cd0 f i umodsys_lib_libmedia:umodsys.mod.media.zlib.obj
 0001:00003cd0       ?ref_remove@RGenerator@SDL_GL@ui@modules@UModSys@@UEBAXXZ 0000000180004cd0 f i umodsys_lib_libui:umodsys.mod.ui.SDL_GL.obj
 0001:00003cd0       ?ref_remove@RMultiImage@stdlib@lib2d@modules@UModSys@@UEBAXXZ 0000000180004cd0 f i umodsys_lib_lib2d:umodsys.mod.2d.stdlib.obj
 0001:00003cf0       ?get_uid@RGenerator@stdlib@lib2d@modules@UModSys@@UEBAPEBUSUniquePointerInfo@core@5@XZ 0000000180004cf0 f i umodsys_lib_lib2d:umodsys.mod.2d.stdlib.obj
 0001:00003d00       ??1SMemShared@core@UModSys@@QEAA@XZ 0000000180004d00 f i plugin_test1.obj
 0001:00003d00       ??1State@RImage_Memory@stdlib@lib2d@modules@UModSys@@QEAA@XZ 0000000180004d00 f i umodsys_lib_lib2d:umodsys.mod.2d.stdlib.obj
 0001:00003d00       ??1SCMemShared@core@UModSys@@QEAA@XZ 0000000180004d00 f i plugin_test1.obj
 0001:00003d30       ??4State@RImage_Memory@stdlib@lib2d@modules@UModSys@@QEAAAEAU012345@AEBU012345@@Z 0000000180004d30 f i umodsys_lib_lib2d:umodsys.mod.2d.stdlib.obj
 0001:00003e10       ??_ERImage_Memory@stdlib@lib2d@modules@UModSys@@UEAAPEAXI@Z 0000000180004e10 f i  CIL library: CIL module
 0001:00003e10       ??_GRImage_Memory@stdlib@lib2d@modules@UModSys@@UEAAPEAXI@Z 0000000180004e10 f i umodsys_lib_lib2d:umodsys.mod.2d.stdlib.obj
 0001:00003e40       ??_ERImageFactory_Memory@stdlib@lib2d@modules@UModSys@@UEAAPEAXI@Z 0000000180004e40 f i  CIL library: CIL module
 0001:00003e40       ??_GRImageFactory_Memory@stdlib@lib2d@modules@UModSys@@UEAAPEAXI@Z 0000000180004e40 f i umodsys_lib_lib2d:umodsys.mod.2d.stdlib.obj
 0001:00003e70       ??_ERMultiImage@stdlib@lib2d@modules@UModSys@@UEAAPEAXI@Z 0000000180004e70 f i  CIL library: CIL module
 0001:00003e70       ??_GRMultiImage@stdlib@lib2d@modules@UModSys@@UEAAPEAXI@Z 0000000180004e70 f i umodsys_lib_lib2d:umodsys.mod.2d.stdlib.obj
 0001:00003ea0       ?do_open@RModuleReg@stdlib@lib2d@modules@UModSys@@UEAA_NXZ 0000000180004ea0 f i umodsys_lib_lib2d:umodsys.mod.2d.stdlib.obj
 0001:00003eb0       ?do_close@RModuleReg@stdlib@lib2d@modules@UModSys@@UEAA_NXZ 0000000180004eb0 f i umodsys_lib_lib2d:umodsys.mod.2d.stdlib.obj
 0001:00003ec0       ??_GRModuleReg@stdlib@lib2d@modules@UModSys@@UEAAPEAXI@Z 0000000180004ec0 f i umodsys_lib_lib2d:umodsys.mod.2d.stdlib.obj
 0001:00003ec0       ??_ERModuleReg@stdlib@lib2d@modules@UModSys@@UEAAPEAXI@Z 0000000180004ec0 f i  CIL library: CIL module
 0001:00003ef0       ??1?$TDynarrayDynamic@USImageCellInfo@lib2d@UModSys@@U?$TAllocator@USIMemAlloc@core@UModSys@@USCountCalcPower2@23@@tl@3@@tl@UModSys@@QEAA@XZ 0000000180004ef0 f i umodsys_lib_lib2d:umodsys.mod.2d.stdlib.obj
 0001:00003f00       ??1?$TDynarrayDynamic@U?$TRefObject@UIImage@lib2d@UModSys@@U?$TRefObjectFunc@UIImage@lib2d@UModSys@@@tl@3@@tl@UModSys@@U?$TAllocator@USIMemAlloc@core@UModSys@@USCountCalcPower2@23@@23@@tl@UModSys@@QEAA@XZ 0000000180004f00 f i umodsys_lib_lib2d:umodsys.mod.2d.stdlib.obj
 0001:00003f10       ??1?$TDynarray@U?$TDynarrayHolderDynamic@USImageCellInfo@lib2d@UModSys@@U?$TAllocator@USIMemAlloc@core@UModSys@@USCountCalcPower2@23@@tl@3@@tl@UModSys@@@tl@UModSys@@QEAA@XZ 0000000180004f10 f i umodsys_lib_lib2d:umodsys.mod.2d.stdlib.obj
 0001:00003f80       ??1?$TDynarray@U?$TDynarrayHolderDynamic@U?$TRefObject@UIImage@lib2d@UModSys@@U?$TRefObjectFunc@UIImage@lib2d@UModSys@@@tl@3@@tl@UModSys@@U?$TAllocator@USIMemAlloc@core@UModSys@@USCountCalcPower2@23@@23@@tl@UModSys@@@tl@UModSys@@QEAA@XZ 0000000180004f80 f i umodsys_lib_lib2d:umodsys.mod.2d.stdlib.obj
 0001:00003ff0       ?ResizeRel@?$TDynarray@U?$TDynarrayHolderDynamic@USImageCellInfo@lib2d@UModSys@@U?$TAllocator@USIMemAlloc@core@UModSys@@USCountCalcPower2@23@@tl@3@@tl@UModSys@@@tl@UModSys@@QEAA_N_J@Z 0000000180004ff0 f i umodsys_lib_lib2d:umodsys.mod.2d.stdlib.obj
 0001:000040b0       ?ResizeRel@?$TDynarray@U?$TDynarrayHolderDynamic@U?$TRefObject@UIImage@lib2d@UModSys@@U?$TRefObjectFunc@UIImage@lib2d@UModSys@@@tl@3@@tl@UModSys@@U?$TAllocator@USIMemAlloc@core@UModSys@@USCountCalcPower2@23@@23@@tl@UModSys@@@tl@UModSys@@QEAA_N_J@Z 00000001800050b0 f i umodsys_lib_lib2d:umodsys.mod.2d.stdlib.obj
 0001:000041e0       ??1?$TRefObject@UIStreamReader@libmedia@UModSys@@U?$TRefObjectFunc@UIStreamReader@libmedia@UModSys@@@tl@3@@tl@UModSys@@QEAA@XZ 00000001800051e0 f i plugin_test1.obj
 0001:000041e0       ??1?$TRefObject@URTerminalX@SDL_core@ui@modules@UModSys@@U?$TRefObjectFunc@URTerminalX@SDL_core@ui@modules@UModSys@@@tl@5@@tl@UModSys@@QEAA@XZ 00000001800051e0 f i umodsys_lib_libui:umodsys.mod.ui.SDL_core.obj
 0001:000041e0       ??1?$TRefObject@URSerializeWriter@serialize_json@media@modules@UModSys@@U?$TRefObjectFunc@URSerializeWriter@serialize_json@media@modules@UModSys@@@tl@5@@tl@UModSys@@QEAA@XZ 00000001800051e0 f i umodsys_lib_libmedia:umodsys.mod.media.serialize_json.obj
 0001:000041e0       ??1?$TRefObject@URVisualizerScene@stdlib@lib3d@modules@UModSys@@U?$TRefObjectFunc@URVisualizerScene@stdlib@lib3d@modules@UModSys@@@tl@5@@tl@UModSys@@QEAA@XZ 00000001800051e0 f i umodsys_lib_lib3d:umodsys.mod.3d.stdlib.obj
 0001:000041e0       ??1?$TRefObject@UIVisualObject@lib3d@UModSys@@U?$TRefObjectFunc@UIVisualObject@lib3d@UModSys@@@tl@3@@tl@UModSys@@QEAA@XZ 00000001800051e0 f i plugin_test1.obj
 0001:000041e0       ??1?$TRefObject@URSerializeReader@serialize_json@media@modules@UModSys@@U?$TRefObjectFunc@URSerializeReader@serialize_json@media@modules@UModSys@@@tl@5@@tl@UModSys@@QEAA@XZ 00000001800051e0 f i umodsys_lib_libmedia:umodsys.mod.media.serialize_json.obj
 0001:000041e0       ??1?$TRefObject@URMediaFilter@images_std@media@modules@UModSys@@U?$TRefObjectFunc@URMediaFilter@images_std@media@modules@UModSys@@@tl@5@@tl@UModSys@@QEAA@XZ 00000001800051e0 f i umodsys_lib_libmedia:umodsys.mod.media.images_std.obj
 0001:000041e0       ??1?$TRefObject@UIKeyboardController@libui@UModSys@@U?$TRefObjectFunc@UIKeyboardController@libui@UModSys@@@tl@3@@tl@UModSys@@QEAA@XZ 00000001800051e0 f i plugin_test1.obj
 0001:000041e0       ??1?$TRefObject@URImageFactory_Memory@stdlib@lib2d@modules@UModSys@@U?$TRefObjectFunc@URImageFactory_Memory@stdlib@lib2d@modules@UModSys@@@tl@5@@tl@UModSys@@QEAA@XZ 00000001800051e0 f i umodsys_lib_lib2d:umodsys.mod.2d.stdlib.obj
 0001:000041e0       ??1?$TRefObject@URDialog@frames@ui@modules@UModSys@@U?$TRefObjectFunc@URDialog@frames@ui@modules@UModSys@@@tl@5@@tl@UModSys@@QEAA@XZ 00000001800051e0 f i umodsys_lib_libui:umodsys.mod.ui.frames.obj
 0001:000041e0       ??1?$TRefObject@UIScene@lib3d@UModSys@@U?$TRefObjectFunc@UIScene@lib3d@UModSys@@@tl@3@@tl@UModSys@@QEAA@XZ 00000001800051e0 f i umodsys_lib_lib3d:umodsys.mod.3d.stdlib.obj
 0001:000041e0       ??1?$TRefObject@URRenderer@stdlib@lib3d@modules@UModSys@@U?$TRefObjectFunc@URRenderer@stdlib@lib3d@modules@UModSys@@@tl@5@@tl@UModSys@@QEAA@XZ 00000001800051e0 f i umodsys_lib_lib3d:umodsys.mod.3d.stdlib.obj
 0001:000041e0       ??1?$TRefObject@URRenderDriver2D@SDL_core@ui@modules@UModSys@@U?$TRefObjectFunc@URRenderDriver2D@SDL_core@ui@modules@UModSys@@@tl@5@@tl@UModSys@@QEAA@XZ 00000001800051e0 f i umodsys_lib_libui:umodsys.mod.ui.SDL_core.obj
 0001:000041e0       ??1?$TRefObject@URFrame_Common@frames@ui@modules@UModSys@@U?$TRefObjectFunc@URFrame_Common@frames@ui@modules@UModSys@@@tl@5@@tl@UModSys@@QEAA@XZ 00000001800051e0 f i umodsys_lib_libui:umodsys.mod.ui.frames.obj
 0001:000041e0       ??1?$TRefObject@UIFrame@libui@UModSys@@U?$TRefObjectFunc@UIFrame@libui@UModSys@@@tl@3@@tl@UModSys@@QEAA@XZ 00000001800051e0 f i umodsys_lib_libui:umodsys.mod.ui.frames.obj
 0001:000041e0       ??1?$TRefObject@URRenderDriver3D@SDL_GL@ui@modules@UModSys@@U?$TRefObjectFunc@URRenderDriver3D@SDL_GL@ui@modules@UModSys@@@tl@5@@tl@UModSys@@QEAA@XZ 00000001800051e0 f i umodsys_lib_libui:umodsys.mod.ui.SDL_GL.obj
 0001:000041e0       ??1?$TRefObject@UIVertexArray@lib3d@UModSys@@U?$TRefObjectFunc@UIVertexArray@lib3d@UModSys@@@tl@3@@tl@UModSys@@QEAA@XZ 00000001800051e0 f i plugin_test1.obj
 0001:000041e0       ??1?$TRefObject@URMultiImage2D_SDL_ttf@SDL_core@ui@modules@UModSys@@U?$TRefObjectFunc@URMultiImage2D_SDL_ttf@SDL_core@ui@modules@UModSys@@@tl@5@@tl@UModSys@@QEAA@XZ 00000001800051e0 f i umodsys_lib_libui:umodsys.mod.ui.SDL_core.obj
 0001:000041e0       ??1?$TRefObject@UIUtilities@libmedia@UModSys@@U?$TRefObjectFunc@UIUtilities@libmedia@UModSys@@@tl@3@@tl@UModSys@@QEAA@XZ 00000001800051e0 f i plugin_test1.obj
 0001:000041e0       ??1?$TRefObject@URMultiImage2D_SDL_ttf@SDL_GL@ui@modules@UModSys@@U?$TRefObjectFunc@URMultiImage2D_SDL_ttf@SDL_GL@ui@modules@UModSys@@@tl@5@@tl@UModSys@@QEAA@XZ 00000001800051e0 f i umodsys_lib_libui:umodsys.mod.ui.SDL_GL.obj
 0001:000041e0       ??1?$TRefObject@UIRenderer@lib3d@UModSys@@U?$TRefObjectFunc@UIRenderer@lib3d@UModSys@@@tl@3@@tl@UModSys@@QEAA@XZ 00000001800051e0 f i plugin_test1.obj
 0001:000041e0       ??1?$TRefObject@URVisualSceneMapper_Direct@stdlib@lib3d@modules@UModSys@@U?$TRefObjectFunc@URVisualSceneMapper_Direct@stdlib@lib3d@modules@UModSys@@@tl@5@@tl@UModSys@@QEAA@XZ 00000001800051e0 f i umodsys_lib_lib3d:umodsys.mod.3d.stdlib.obj
 0001:000041e0       ??1?$TRefObject@UIStreamWriter@libmedia@UModSys@@U?$TRefObjectFunc@UIStreamWriter@libmedia@UModSys@@@tl@3@@tl@UModSys@@QEAA@XZ 00000001800051e0 f i plugin_test1.obj
 0001:000041e0       ??1?$TRefObject@UIGeneralObject@lib3d@UModSys@@U?$TRefObjectFunc@UIGeneralObject@lib3d@UModSys@@@tl@3@@tl@UModSys@@QEAA@XZ 00000001800051e0 f i plugin_test1.obj
 0001:000041e0       ??1?$TRefObject@UIVisualizerScene@lib3d@UModSys@@U?$TRefObjectFunc@UIVisualizerScene@lib3d@UModSys@@@tl@3@@tl@UModSys@@QEAA@XZ 00000001800051e0 f i plugin_test1.obj
 0001:000041e0       ??1?$TRefObject@URImage_Memory@stdlib@lib2d@modules@UModSys@@U?$TRefObjectFunc@URImage_Memory@stdlib@lib2d@modules@UModSys@@@tl@5@@tl@UModSys@@QEAA@XZ 00000001800051e0 f i umodsys_lib_lib2d:umodsys.mod.2d.stdlib.obj
 0001:000041e0       ??1?$TRefObject@UIMultiImage@lib2d@UModSys@@U?$TRefObjectFunc@UIMultiImage@lib2d@UModSys@@@tl@3@@tl@UModSys@@QEAA@XZ 00000001800051e0 f i plugin_test1.obj
 0001:000041e0       ??1?$TRefObject@URTerminalX@SDL_GL@ui@modules@UModSys@@U?$TRefObjectFunc@URTerminalX@SDL_GL@ui@modules@UModSys@@@tl@5@@tl@UModSys@@QEAA@XZ 00000001800051e0 f i umodsys_lib_libui:umodsys.mod.ui.SDL_GL.obj
 0001:000041e0       ??1?$TRefObject@UIMouseController@libui@UModSys@@U?$TRefObjectFunc@UIMouseController@libui@UModSys@@@tl@3@@tl@UModSys@@QEAA@XZ 00000001800051e0 f i plugin_test1.obj
 0001:000041e0       ??1?$TRefObject@URCollector@frames@ui@modules@UModSys@@U?$TRefObjectFunc@URCollector@frames@ui@modules@UModSys@@@tl@5@@tl@UModSys@@QEAA@XZ 00000001800051e0 f i umodsys_lib_libui:umodsys.mod.ui.frames.obj
 0001:000041e0       ??1?$TRefObject@UIRenderDriver@lib2d@UModSys@@U?$TRefObjectFunc@UIRenderDriver@lib2d@UModSys@@@tl@3@@tl@UModSys@@QEAA@XZ 00000001800051e0 f i plugin_test1.obj
 0001:000041e0       ??1?$TRefObject@URMultiImage@stdlib@lib2d@modules@UModSys@@U?$TRefObjectFunc@URMultiImage@stdlib@lib2d@modules@UModSys@@@tl@5@@tl@UModSys@@QEAA@XZ 00000001800051e0 f i umodsys_lib_lib2d:umodsys.mod.2d.stdlib.obj
 0001:000041e0       ??1?$TRefObject@UITerminal@libui@UModSys@@U?$TRefObjectFunc@UITerminal@libui@UModSys@@@tl@3@@tl@UModSys@@QEAA@XZ 00000001800051e0 f i plugin_test1.obj
 0001:000041e0       ??1?$TRefObject@UICollector@libui@UModSys@@U?$TRefObjectFunc@UICollector@libui@UModSys@@@tl@3@@tl@UModSys@@QEAA@XZ 00000001800051e0 f i plugin_test1.obj
 0001:000041e0       ??1?$TRefObject@UIRefObject@core@UModSys@@U?$TRefObjectFunc@UIRefObject@core@UModSys@@@tl@3@@tl@UModSys@@QEAA@XZ 00000001800051e0 f i plugin_test1.obj
 0001:000041e0       ??1?$TRefObject@URVertexArray@SDL_GL@ui@modules@UModSys@@U?$TRefObjectFunc@URVertexArray@SDL_GL@ui@modules@UModSys@@@tl@5@@tl@UModSys@@QEAA@XZ 00000001800051e0 f i umodsys_lib_libui:umodsys.mod.ui.SDL_GL.obj
 0001:000041e0       ??1?$TRefObject@URGeneralObject_Camera@stdlib@lib3d@modules@UModSys@@U?$TRefObjectFunc@URGeneralObject_Camera@stdlib@lib3d@modules@UModSys@@@tl@5@@tl@UModSys@@QEAA@XZ 00000001800051e0 f i umodsys_lib_lib3d:umodsys.mod.3d.stdlib.obj
 0001:000041e0       ??1?$TRefObject@URBinArchiveFrameClient_ZIP@zlib@media@modules@UModSys@@U?$TRefObjectFunc@URBinArchiveFrameClient_ZIP@zlib@media@modules@UModSys@@@tl@5@@tl@UModSys@@QEAA@XZ 00000001800051e0 f i umodsys_lib_libmedia:umodsys.mod.media.zlib.obj
 0001:000041e0       ??1?$TRefObject@UIImageFactory@lib2d@UModSys@@U?$TRefObjectFunc@UIImageFactory@lib2d@UModSys@@@tl@3@@tl@UModSys@@QEAA@XZ 00000001800051e0 f i plugin_test1.obj
 0001:000041e0       ??1?$TRefObject@UIRenderDriver@lib3d@UModSys@@U?$TRefObjectFunc@UIRenderDriver@lib3d@UModSys@@@tl@3@@tl@UModSys@@QEAA@XZ 00000001800051e0 f i plugin_test1.obj
 0001:000041e0       ??1?$TRefObject@UIImage@lib2d@UModSys@@U?$TRefObjectFunc@UIImage@lib2d@UModSys@@@tl@3@@tl@UModSys@@QEAA@XZ 00000001800051e0 f i plugin_test1.obj
 0001:00004210       ??$ValidateConstruction@UIRefObject@core@UModSys@@URMultiImage@stdlib@lib2d@modules@3@@core@UModSys@@YA_NAEAU?$TRefObject@UIRefObject@core@UModSys@@U?$TRefObjectFunc@UIRefObject@core@UModSys@@@tl@3@@tl@1@PEAURMultiImage@stdlib@lib2d@modules@1@@Z 0000000180005210 f i umodsys_lib_lib2d:umodsys.mod.2d.stdlib.obj
 0001:00004290       ?set_stage@SGLFuncs@SDL_GL@ui@modules@UModSys@@QEBAXH@Z 0000000180005290 f i umodsys_lib_libui:umodsys.mod.ui.SDL_GL.obj
 0001:000042f0       ?set_composite_all@SGLFuncsLegacy@SDL_GL@ui@modules@UModSys@@QEBAXH@Z 00000001800052f0 f i umodsys_lib_libui:umodsys.mod.ui.SDL_GL.obj
 0001:000043c0       ?crebind@STextureGL@SDL_GL@ui@modules@UModSys@@QEAAX_N@Z 00000001800053c0 f i umodsys_lib_libui:umodsys.mod.ui.SDL_GL.obj
 0001:00004400       ?root_get_interface_info@RKeyboardController@SDL_GL@ui@modules@UModSys@@UEBAAEBUSUniquePointerInfo@core@5@XZ 0000000180005400 f i umodsys_lib_libui:umodsys.mod.ui.SDL_GL.obj
 0001:00004410       ?root_get_interface_type@RKeyboardController@SDL_GL@ui@modules@UModSys@@UEBAPEBUSUniquePointerInfo@core@5@XZ 0000000180005410 f i umodsys_lib_libui:umodsys.mod.ui.SDL_GL.obj
 0001:00004420       ?root_get_other_interface@RKeyboardController@SDL_GL@ui@modules@UModSys@@UEBAPEBUIRoot@core@5@PEBUSUniquePointerInfo@75@@Z 0000000180005420 f i umodsys_lib_libui:umodsys.mod.ui.SDL_GL.obj
 0001:00004420       ?root_get_other_interface@RKeyboardController@SDL_GL@ui@modules@UModSys@@UEAAPEAUIRoot@core@5@PEBUSUniquePointerInfo@75@@Z 0000000180005420 f i umodsys_lib_libui:umodsys.mod.ui.SDL_GL.obj
 0001:00004450       ?root_is_interface_supported@RKeyboardController@SDL_GL@ui@modules@UModSys@@UEBA_NPEBUSUniquePointerInfo@core@5@@Z 0000000180005450 f i umodsys_lib_libui:umodsys.mod.ui.SDL_GL.obj
 0001:00004480       ?suicide@RKeyboardController@SDL_core@ui@modules@UModSys@@UEAAXXZ 0000000180005480 f i umodsys_lib_libui:umodsys.mod.ui.SDL_core.obj
 0001:00004480       ?suicide@RRenderDriver2D@SDL_core@ui@modules@UModSys@@UEAAXXZ 0000000180005480 f i umodsys_lib_libui:umodsys.mod.ui.SDL_core.obj
 0001:00004480       ?suicide@RMouseController@SDL_GL@ui@modules@UModSys@@UEAAXXZ 0000000180005480 f i umodsys_lib_libui:umodsys.mod.ui.SDL_GL.obj
 0001:00004480       ?suicide@RRenderDriver3D@SDL_GL@ui@modules@UModSys@@UEAAXXZ 0000000180005480 f i umodsys_lib_libui:umodsys.mod.ui.SDL_GL.obj
 0001:00004480       ?suicide@RMouseController@SDL_core@ui@modules@UModSys@@UEAAXXZ 0000000180005480 f i umodsys_lib_libui:umodsys.mod.ui.SDL_core.obj
 0001:00004480       ?suicide@RKeyboardController@SDL_GL@ui@modules@UModSys@@UEAAXXZ 0000000180005480 f i umodsys_lib_libui:umodsys.mod.ui.SDL_GL.obj
 0001:000044a0       ?root_get_interface_info@RMouseController@SDL_GL@ui@modules@UModSys@@UEBAAEBUSUniquePointerInfo@core@5@XZ 00000001800054a0 f i umodsys_lib_libui:umodsys.mod.ui.SDL_GL.obj
 0001:000044b0       ?root_get_interface_type@RMouseController@SDL_GL@ui@modules@UModSys@@UEBAPEBUSUniquePointerInfo@core@5@XZ 00000001800054b0 f i umodsys_lib_libui:umodsys.mod.ui.SDL_GL.obj
 0001:000044c0       ?root_get_other_interface@RMouseController@SDL_GL@ui@modules@UModSys@@UEBAPEBUIRoot@core@5@PEBUSUniquePointerInfo@75@@Z 00000001800054c0 f i umodsys_lib_libui:umodsys.mod.ui.SDL_GL.obj
 0001:000044c0       ?root_get_other_interface@RMouseController@SDL_GL@ui@modules@UModSys@@UEAAPEAUIRoot@core@5@PEBUSUniquePointerInfo@75@@Z 00000001800054c0 f i umodsys_lib_libui:umodsys.mod.ui.SDL_GL.obj
 0001:000044f0       ?root_is_interface_supported@RMouseController@SDL_GL@ui@modules@UModSys@@UEBA_NPEBUSUniquePointerInfo@core@5@@Z 00000001800054f0 f i umodsys_lib_libui:umodsys.mod.ui.SDL_GL.obj
 0001:00004520       ?root_get_interface_info@RTerminal@SDL_GL@ui@modules@UModSys@@UEBAAEBUSUniquePointerInfo@core@5@XZ 0000000180005520 f i umodsys_lib_libui:umodsys.mod.ui.SDL_GL.obj
 0001:00004530       ?root_get_interface_type@RTerminal@SDL_GL@ui@modules@UModSys@@UEBAPEBUSUniquePointerInfo@core@5@XZ 0000000180005530 f i umodsys_lib_libui:umodsys.mod.ui.SDL_GL.obj
 0001:00004540       ?root_get_other_interface@RTerminal@SDL_GL@ui@modules@UModSys@@UEBAPEBUIRoot@core@5@PEBUSUniquePointerInfo@75@@Z 0000000180005540 f i umodsys_lib_libui:umodsys.mod.ui.SDL_GL.obj
 0001:00004540       ?root_get_other_interface@RTerminal@SDL_GL@ui@modules@UModSys@@UEAAPEAUIRoot@core@5@PEBUSUniquePointerInfo@75@@Z 0000000180005540 f i umodsys_lib_libui:umodsys.mod.ui.SDL_GL.obj
 0001:00004570       ?root_is_interface_supported@RTerminal@SDL_GL@ui@modules@UModSys@@UEBA_NPEBUSUniquePointerInfo@core@5@@Z 0000000180005570 f i umodsys_lib_libui:umodsys.mod.ui.SDL_GL.obj
 0001:000045a0       ?root_get_interface_info@RMultiImage2D_SDL_ttf@SDL_GL@ui@modules@UModSys@@UEBAAEBUSUniquePointerInfo@core@5@XZ 00000001800055a0 f i umodsys_lib_libui:umodsys.mod.ui.SDL_GL.obj
 0001:000045b0       ?root_get_interface_type@RMultiImage2D_SDL_ttf@SDL_GL@ui@modules@UModSys@@UEBAPEBUSUniquePointerInfo@core@5@XZ 00000001800055b0 f i umodsys_lib_libui:umodsys.mod.ui.SDL_GL.obj
 0001:000045c0       ?root_get_other_interface@RMultiImage2D_SDL_ttf@SDL_GL@ui@modules@UModSys@@UEAAPEAUIRoot@core@5@PEBUSUniquePointerInfo@75@@Z 00000001800055c0 f i umodsys_lib_libui:umodsys.mod.ui.SDL_GL.obj
 0001:000045c0       ?root_get_other_interface@RMultiImage2D_SDL_ttf@SDL_GL@ui@modules@UModSys@@UEBAPEBUIRoot@core@5@PEBUSUniquePointerInfo@75@@Z 00000001800055c0 f i umodsys_lib_libui:umodsys.mod.ui.SDL_GL.obj
 0001:000045f0       ?root_is_interface_supported@RMultiImage2D_SDL_ttf@SDL_GL@ui@modules@UModSys@@UEBA_NPEBUSUniquePointerInfo@core@5@@Z 00000001800055f0 f i umodsys_lib_libui:umodsys.mod.ui.SDL_GL.obj
 0001:00004620       ??1Glyph@RMultiImage2D_SDL_ttf@SDL_GL@ui@modules@UModSys@@QEAA@XZ 0000000180005620 f i umodsys_lib_libui:umodsys.mod.ui.SDL_GL.obj
 0001:00004650       ?get_max_layer_size@RMultiImage2D_SDL_ttf@SDL_GL@ui@modules@UModSys@@UEBA?AU?$TVector2@H@math3d@5@XZ 0000000180005650 f i umodsys_lib_libui:umodsys.mod.ui.SDL_GL.obj
 0001:00004650       ?get_max_cell_size@RMultiImage2D_SDL_ttf@SDL_GL@ui@modules@UModSys@@UEBA?AU?$TVector2@H@math3d@5@XZ 0000000180005650 f i umodsys_lib_libui:umodsys.mod.ui.SDL_GL.obj
 0001:00004650       ?get_fixed_cell_size@RMultiImage2D_SDL_ttf@SDL_GL@ui@modules@UModSys@@UEBA?AU?$TVector2@H@math3d@5@XZ 0000000180005650 f i umodsys_lib_libui:umodsys.mod.ui.SDL_GL.obj
 0001:00004650       ?get_max_cell_size@RMultiImage2D_SDL_ttf@SDL_core@ui@modules@UModSys@@UEBA?AU?$TVector2@H@math3d@5@XZ 0000000180005650 f i umodsys_lib_libui:umodsys.mod.ui.SDL_core.obj
 0001:00004650       ?get_max_layer_size@RMultiImage2D_SDL_ttf@SDL_core@ui@modules@UModSys@@UEBA?AU?$TVector2@H@math3d@5@XZ 0000000180005650 f i umodsys_lib_libui:umodsys.mod.ui.SDL_core.obj
 0001:00004650       ?get_fixed_cell_size@RMultiImage2D_SDL_ttf@SDL_core@ui@modules@UModSys@@UEBA?AU?$TVector2@H@math3d@5@XZ 0000000180005650 f i umodsys_lib_libui:umodsys.mod.ui.SDL_core.obj
 0001:00004660       ?set_hint@RMultiImage2D_SDL_ttf@SDL_core@ui@modules@UModSys@@UEAA_NPEBD0@Z 0000000180005660 f i umodsys_lib_libui:umodsys.mod.ui.SDL_core.obj
 0001:00004660       ?set_layer_count@RMultiImage2D_SDL_ttf@SDL_GL@ui@modules@UModSys@@UEAA_NG@Z 0000000180005660 f i umodsys_lib_libui:umodsys.mod.ui.SDL_GL.obj
 0001:00004660       ?setup_variable_cell@RMultiImage2D_SDL_ttf@SDL_GL@ui@modules@UModSys@@UEAA_NPEBUSImageCellInfo@lib2d@5@KK@Z 0000000180005660 f i umodsys_lib_libui:umodsys.mod.ui.SDL_GL.obj
 0001:00004660       ?key_event@RFrame_Common@frames@ui@modules@UModSys@@MEAA_NAEBUSKeyboardInputText@libui@5@@Z 0000000180005660 f i umodsys_lib_libui:umodsys.mod.ui.frames.obj
 0001:00004660       ?setup_variable_cell@RMultiImage2D_SDL_ttf@SDL_core@ui@modules@UModSys@@UEAA_NPEBUSImageCellInfo@lib2d@5@KK@Z 0000000180005660 f i umodsys_lib_libui:umodsys.mod.ui.SDL_core.obj
 0001:00004660       ?mouse_event@RFrame_Common@frames@ui@modules@UModSys@@MEAA_NPEBUSMouseInput@libui@5@@Z 0000000180005660 f i umodsys_lib_libui:umodsys.mod.ui.frames.obj
 0001:00004660       ?key_event@RFrame_Common@frames@ui@modules@UModSys@@MEAA_NAEBUSKeyboardInputRaw@libui@5@@Z 0000000180005660 f i umodsys_lib_libui:umodsys.mod.ui.frames.obj
 0001:00004660       ?setup_fixed_cell@RMultiImage2D_SDL_ttf@SDL_core@ui@modules@UModSys@@UEAA_NHH@Z 0000000180005660 f i umodsys_lib_libui:umodsys.mod.ui.SDL_core.obj
 0001:00004660       ?set_insize@RFrame_Common@frames@ui@modules@UModSys@@UEAA_NAEBU?$TVector2@H@math3d@5@@Z 0000000180005660 f i umodsys_lib_libui:umodsys.mod.ui.frames.obj
 0001:00004660       ?get_cell@RMultiImage2D_SDL_ttf@SDL_core@ui@modules@UModSys@@UEBA_NIAEAUSImageCellInfo@lib2d@5@@Z 0000000180005660 f i umodsys_lib_libui:umodsys.mod.ui.SDL_core.obj
 0001:00004660       ?setup_fixed_cell@RMultiImage2D_SDL_ttf@SDL_GL@ui@modules@UModSys@@UEAA_NHH@Z 0000000180005660 f i umodsys_lib_libui:umodsys.mod.ui.SDL_GL.obj
 0001:00004660       ?set_layer_count@RMultiImage2D_SDL_ttf@SDL_core@ui@modules@UModSys@@UEAA_NG@Z 0000000180005660 f i umodsys_lib_libui:umodsys.mod.ui.SDL_core.obj
 0001:00004660       ?get_cell@RMultiImage2D_SDL_ttf@SDL_GL@ui@modules@UModSys@@UEBA_NIAEAUSImageCellInfo@lib2d@5@@Z 0000000180005660 f i umodsys_lib_libui:umodsys.mod.ui.SDL_GL.obj
 0001:00004660       ?get_cell@RMultiImage2D_SDL_ttf@SDL_core@ui@modules@UModSys@@UEBA_NIAEAU?$TVector2@H@math3d@5@PEAU675@PEAG@Z 0000000180005660 f i umodsys_lib_libui:umodsys.mod.ui.SDL_core.obj
 0001:00004660       ?get_cell@RMultiImage2D_SDL_ttf@SDL_GL@ui@modules@UModSys@@UEBA_NIAEAU?$TVector2@H@math3d@5@PEAU675@PEAG@Z 0000000180005660 f i umodsys_lib_libui:umodsys.mod.ui.SDL_GL.obj
 0001:00004660       ?isfull@?$TRStackSocket@PEAUIVisualObject@lib3d@UModSys@@U?$TDynarrayDynamic@PEAUIVisualObject@lib3d@UModSys@@U?$TAllocator@USIMemAlloc@core@UModSys@@USCountCalcPower2@23@@tl@3@@tl@3@@tl@UModSys@@UEBA_NXZ 0000000180005660 f i umodsys_lib_lib3d:umodsys.mod.3d.stdlib.obj
 0001:00004660       ?set_hint@RMultiImage2D_SDL_ttf@SDL_GL@ui@modules@UModSys@@UEAA_NPEBD0@Z 0000000180005660 f i umodsys_lib_libui:umodsys.mod.ui.SDL_GL.obj
 0001:00004670       ?root_get_interface_info@RRenderDriver3D@SDL_GL@ui@modules@UModSys@@UEBAAEBUSUniquePointerInfo@core@5@XZ 0000000180005670 f i umodsys_lib_libui:umodsys.mod.ui.SDL_GL.obj
 0001:00004680       ?root_get_interface_type@RRenderDriver3D@SDL_GL@ui@modules@UModSys@@UEBAPEBUSUniquePointerInfo@core@5@XZ 0000000180005680 f i umodsys_lib_libui:umodsys.mod.ui.SDL_GL.obj
 0001:00004690       ?root_get_other_interface@RRenderDriver3D@SDL_GL@ui@modules@UModSys@@UEAAPEAUIRoot@core@5@PEBUSUniquePointerInfo@75@@Z 0000000180005690 f i umodsys_lib_libui:umodsys.mod.ui.SDL_GL.obj
 0001:00004690       ?root_get_other_interface@RRenderDriver3D@SDL_GL@ui@modules@UModSys@@UEBAPEBUIRoot@core@5@PEBUSUniquePointerInfo@75@@Z 0000000180005690 f i umodsys_lib_libui:umodsys.mod.ui.SDL_GL.obj
 0001:000046d0       ?root_is_interface_supported@RRenderDriver3D@SDL_GL@ui@modules@UModSys@@UEBA_NPEBUSUniquePointerInfo@core@5@@Z 00000001800056d0 f i umodsys_lib_libui:umodsys.mod.ui.SDL_GL.obj
 0001:00004710       ?ref_remove@RMouseController@SDL_GL@ui@modules@UModSys@@UEBAXXZ 0000000180005710 f i umodsys_lib_libui:umodsys.mod.ui.SDL_GL.obj
 0001:00004710       ?ref_remove@RMouseController@SDL_core@ui@modules@UModSys@@UEBAXXZ 0000000180005710 f i umodsys_lib_libui:umodsys.mod.ui.SDL_core.obj
 0001:00004710       ?ref_remove@RKeyboardController@SDL_GL@ui@modules@UModSys@@UEBAXXZ 0000000180005710 f i umodsys_lib_libui:umodsys.mod.ui.SDL_GL.obj
 0001:00004710       ?ref_remove@RRenderDriver3D@SDL_GL@ui@modules@UModSys@@UEBAXXZ 0000000180005710 f i umodsys_lib_libui:umodsys.mod.ui.SDL_GL.obj
 0001:00004710       ?ref_remove@RRenderDriver2D@SDL_core@ui@modules@UModSys@@UEBAXXZ 0000000180005710 f i umodsys_lib_libui:umodsys.mod.ui.SDL_core.obj
 0001:00004710       ?ref_remove@RKeyboardController@SDL_core@ui@modules@UModSys@@UEBAXXZ 0000000180005710 f i umodsys_lib_libui:umodsys.mod.ui.SDL_core.obj
 0001:00004720       ?root_get_interface_info@RTerminalX@SDL_GL@ui@modules@UModSys@@UEBAAEBUSUniquePointerInfo@core@5@XZ 0000000180005720 f i umodsys_lib_libui:umodsys.mod.ui.SDL_GL.obj
 0001:00004730       ?root_get_interface_type@RTerminalX@SDL_GL@ui@modules@UModSys@@UEBAPEBUSUniquePointerInfo@core@5@XZ 0000000180005730 f i umodsys_lib_libui:umodsys.mod.ui.SDL_GL.obj
 0001:00004740       ?root_get_other_interface@RTerminalX@SDL_GL@ui@modules@UModSys@@UEBAPEBUIRoot@core@5@PEBUSUniquePointerInfo@75@@Z 0000000180005740 f i umodsys_lib_libui:umodsys.mod.ui.SDL_GL.obj
 0001:00004740       ?root_get_other_interface@RTerminalX@SDL_GL@ui@modules@UModSys@@UEAAPEAUIRoot@core@5@PEBUSUniquePointerInfo@75@@Z 0000000180005740 f i umodsys_lib_libui:umodsys.mod.ui.SDL_GL.obj
 0001:00004770       ?root_is_interface_supported@RTerminalX@SDL_GL@ui@modules@UModSys@@UEBA_NPEBUSUniquePointerInfo@core@5@@Z 0000000180005770 f i umodsys_lib_libui:umodsys.mod.ui.SDL_GL.obj
 0001:000047b0       ?root_get_interface_info@RVertexArray@SDL_GL@ui@modules@UModSys@@UEBAAEBUSUniquePointerInfo@core@5@XZ 00000001800057b0 f i umodsys_lib_libui:umodsys.mod.ui.SDL_GL.obj
 0001:000047c0       ?root_get_interface_type@RVertexArray@SDL_GL@ui@modules@UModSys@@UEBAPEBUSUniquePointerInfo@core@5@XZ 00000001800057c0 f i umodsys_lib_libui:umodsys.mod.ui.SDL_GL.obj
 0001:000047d0       ?root_get_other_interface@RVertexArray@SDL_GL@ui@modules@UModSys@@UEAAPEAUIRoot@core@5@PEBUSUniquePointerInfo@75@@Z 00000001800057d0 f i umodsys_lib_libui:umodsys.mod.ui.SDL_GL.obj
 0001:000047d0       ?root_get_other_interface@RVertexArray@SDL_GL@ui@modules@UModSys@@UEBAPEBUIRoot@core@5@PEBUSUniquePointerInfo@75@@Z 00000001800057d0 f i umodsys_lib_libui:umodsys.mod.ui.SDL_GL.obj
 0001:00004800       ?root_is_interface_supported@RVertexArray@SDL_GL@ui@modules@UModSys@@UEBA_NPEBUSUniquePointerInfo@core@5@@Z 0000000180005800 f i umodsys_lib_libui:umodsys.mod.ui.SDL_GL.obj
 0001:00004830       ?get_generated_names@RGenerator@SDL_GL@ui@modules@UModSys@@UEBAHAEAUSUniquePtrList@core@5@@Z 0000000180005830 f i umodsys_lib_libui:umodsys.mod.ui.SDL_GL.obj
 0001:00004850       ?get_generated_types@RGenerator@SDL_GL@ui@modules@UModSys@@UEBAHAEAUSUniquePtrList@core@5@PEBUSUniquePointerInfo@75@@Z 0000000180005850 f i umodsys_lib_libui:umodsys.mod.ui.SDL_GL.obj
 0001:000048c0       ?generate@RGenerator@SDL_GL@ui@modules@UModSys@@UEAA_NAEAU?$TRefObject@UIRefObject@core@UModSys@@U?$TRefObjectFunc@UIRefObject@core@UModSys@@@tl@3@@tl@5@PEBUSUniquePointerInfo@core@5@AEBUSParameters@95@@Z 00000001800058c0 f i umodsys_lib_libui:umodsys.mod.ui.SDL_GL.obj
[...]
 0001:000501d0       ??__F?s_id@?$TObjectUniqueID@UISerializeReader@libmedia@UModSys@@@tl@UModSys@@2USUniquePointer@core@3@A@@YAXXZ 00000001800511d0 f    CIL library: CIL module
 0001:000501e0       ??__F?s_id@?$TObjectUniqueID@UIClient@IBinArchiveFrame@libmedia@UModSys@@@tl@UModSys@@2USUniquePointer@core@3@A@@YAXXZ 00000001800511e0 f    CIL library: CIL module
 0001:000501f0       ??__F?s_id@?$TObjectUniqueID@UIBinArchiveFrame@libmedia@UModSys@@@tl@UModSys@@2USUniquePointer@core@3@A@@YAXXZ 00000001800511f0 f    CIL library: CIL module
 0001:00050200       ??__F?s_id@?$TObjectUniqueID@UILibraryLayered@libmedia@UModSys@@@tl@UModSys@@2USUniquePointer@core@3@A@@YAXXZ 0000000180051200 f    CIL library: CIL module
 0001:00050210       ??__F?s_id@?$TObjectUniqueID@UILibraryObjCache@libmedia@UModSys@@@tl@UModSys@@2USUniquePointer@core@3@A@@YAXXZ 0000000180051210 f    CIL library: CIL module
 0001:00050220       ??__F?s_id@?$TObjectUniqueID@UILibraryObjFilter@libmedia@UModSys@@@tl@UModSys@@2USUniquePointer@core@3@A@@YAXXZ 0000000180051220 f    CIL library: CIL module
 0001:00050230       ??__F?s_id@?$TObjectUniqueID@UILibraryBinCache@libmedia@UModSys@@@tl@UModSys@@2USUniquePointer@core@3@A@@YAXXZ 0000000180051230 f    CIL library: CIL module
 0001:00050240       ??__F?s_id@?$TObjectUniqueID@UILibraryBinTree@libmedia@UModSys@@@tl@UModSys@@2USUniquePointer@core@3@A@@YAXXZ 0000000180051240 f    CIL library: CIL module
 0001:00050250       ??__F?s_id@?$TObjectUniqueID@UILibrary@libmedia@UModSys@@@tl@UModSys@@2USUniquePointer@core@3@A@@YAXXZ 0000000180051250 f    CIL library: CIL module
 0001:00050260       ??__F?s_id@?$TObjectUniqueID@UIBinObjFilter@libmedia@UModSys@@@tl@UModSys@@2USUniquePointer@core@3@A@@YAXXZ 0000000180051260 f    CIL library: CIL module
 0001:00050270       ??__F?s_id@?$TObjectUniqueID@UIBinArchive@libmedia@UModSys@@@tl@UModSys@@2USUniquePointer@core@3@A@@YAXXZ 0000000180051270 f    CIL library: CIL module
 0001:00050280       ??__F?s_id@?$TObjectUniqueID@UILibObject@libmedia@UModSys@@@tl@UModSys@@2USUniquePointer@core@3@A@@YAXXZ 0000000180051280 f    CIL library: CIL module
 0001:00050290       ??__F?s_id@?$TObjectUniqueID@UIUtilities@libmedia@UModSys@@@tl@UModSys@@2USUniquePointer@core@3@A@@YAXXZ 0000000180051290 f    CIL library: CIL module
 0001:000502a0       ??__F?s_id@?$TObjectUniqueID@UIStreamWriter@libmedia@UModSys@@@tl@UModSys@@2USUniquePointer@core@3@A@@YAXXZ 00000001800512a0 f    CIL library: CIL module
 0001:000502b0       ??__F?s_id@?$TObjectUniqueID@UIStreamReader@libmedia@UModSys@@@tl@UModSys@@2USUniquePointer@core@3@A@@YAXXZ 00000001800512b0 f    CIL library: CIL module
 0001:000502c0       ??__F?s_id@?$TObjectUniqueID@UISystem@base@UModSys@@@tl@UModSys@@2USUniquePointer@core@3@A@@YAXXZ 00000001800512c0 f    CIL library: CIL module
 0001:000502d0       ??__F?s_id@?$TObjectUniqueID@UIShell@base@UModSys@@@tl@UModSys@@2USUniquePointer@core@3@A@@YAXXZ 00000001800512d0 f    CIL library: CIL module
 0001:000502e0       ??__F?s_id@?$TObjectUniqueID@UIGenerator@base@UModSys@@@tl@UModSys@@2USUniquePointer@core@3@A@@YAXXZ 00000001800512e0 f    CIL library: CIL module
 0001:000502f0       ??__F?s_id@?$TObjectUniqueID@UIModObject@base@UModSys@@@tl@UModSys@@2USUniquePointer@core@3@A@@YAXXZ 00000001800512f0 f    CIL library: CIL module
 0001:00050300       ??__F?s_id@?$TObjectUniqueID@UIModuleLibrary@base@UModSys@@@tl@UModSys@@2USUniquePointer@core@3@A@@YAXXZ 0000000180051300 f    CIL library: CIL module
 0001:00050310       ??__F?s_id@?$TObjectUniqueID@UIModule@base@UModSys@@@tl@UModSys@@2USUniquePointer@core@3@A@@YAXXZ 0000000180051310 f    CIL library: CIL module
 0001:00050320       ??__F?s_id@?$TObjectUniqueID@UIConsole@base@UModSys@@@tl@UModSys@@2USUniquePointer@core@3@A@@YAXXZ 0000000180051320 f    CIL library: CIL module
 0001:00050330       ??__F?s_id@?$TObjectUniqueID@UIParameters@core@UModSys@@@tl@UModSys@@2USUniquePointer@core@3@A@@YAXXZ 0000000180051330 f    CIL library: CIL module
 0001:00050340       ??__F?s_id@?$TObjectUniqueID@UIRefObject@core@UModSys@@@tl@UModSys@@2USUniquePointer@core@3@A@@YAXXZ 0000000180051340 f    CIL library: CIL module
 0001:00050350       ??__F?s_id@?$TObjectUniqueID@UIRoot@core@UModSys@@@tl@UModSys@@2USUniquePointer@core@3@A@@YAXXZ 0000000180051350 f    CIL library: CIL module
 0001:00050360       ??__F?s_id@?$TDataUniqueID@F@tl@UModSys@@2USUniquePointer@core@3@A@@YAXXZ 0000000180051360 f    CIL library: CIL module
 0001:00050370       ??__F?s_id@?$TDataUniqueID@M@tl@UModSys@@2USUniquePointer@core@3@A@@YAXXZ 0000000180051370 f    CIL library: CIL module
 0001:00050380       ??__F?s_id@?$TDataUniqueID@H@tl@UModSys@@2USUniquePointer@core@3@A@@YAXXZ 0000000180051380 f    CIL library: CIL module
 0001:00050390       ??__F?s_id@?$TConstUniqueID@W4eConsoleLevels@base@UModSys@@$00@tl@UModSys@@2USUniquePointer@core@3@A@@YAXXZ 0000000180051390 f    CIL library: CIL module
 0001:000503a0       ??__Fs_dbg@stdlib@lib3d@modules@UModSys@@YAXXZ 00000001800513a0 f    CIL library: CIL module
 0001:000503b0       ??__F?s_modreg@RModuleReg@stdlib@lib3d@modules@UModSys@@2U12345@A@@YAXXZ 00000001800513b0 f    CIL library: CIL module
 0001:000503d0       ??__F?s_modreg_chain@RModuleReg@stdlib@lib3d@modules@UModSys@@2USModuleRegChain@base@5@A@@YAXXZ 00000001800513d0 f    CIL library: CIL module
 0001:000503e0       ??__F?s_uid@RGenerator@stdlib@lib3d@modules@UModSys@@2USUniquePointer@core@5@A@@YAXXZ 00000001800513e0 f    CIL library: CIL module
 0001:000503f0       ??__Fh@?1??s_holder@RGenerator@stdlib@lib3d@modules@UModSys@@SAAEAU?$TTypeStaticHolder@URGenerator@stdlib@lib3d@modules@UModSys@@@tl@5@XZ@YAXXZ 00000001800513f0 f    CIL library: CIL module
 0001:00050420       ??__F?s_id@?$TObjectUniqueID@URGenerator@stdlib@lib3d@modules@UModSys@@@tl@UModSys@@2USUniquePointer@core@3@A@@YAXXZ 0000000180051420 f    CIL library: CIL module
 0001:00050430       ??__F?s_id@?$TObjectUniqueID@UVisualState@RGeneralObject_Camera@stdlib@lib3d@modules@UModSys@@@tl@UModSys@@2USUniquePointer@core@3@A@@YAXXZ 0000000180051430 f    CIL library: CIL module
 0001:00050440       ??__F?s_id@?$TObjectUniqueID@URGeneralObject_Camera@stdlib@lib3d@modules@UModSys@@@tl@UModSys@@2USUniquePointer@core@3@A@@YAXXZ 0000000180051440 f    CIL library: CIL module
 0001:00050450       ??__F?s_id@?$TObjectUniqueID@URGeneralObject_Primitive@stdlib@lib3d@modules@UModSys@@@tl@UModSys@@2USUniquePointer@core@3@A@@YAXXZ 0000000180051450 f    CIL library: CIL module
 0001:00050460       ??__F?s_id@?$TObjectUniqueID@URVisualSceneMapper_Direct@stdlib@lib3d@modules@UModSys@@@tl@UModSys@@2USUniquePointer@core@3@A@@YAXXZ 0000000180051460 f    CIL library: CIL module
 0001:00050470       ??__F?s_id@?$TObjectUniqueID@URVisualizerScene@stdlib@lib3d@modules@UModSys@@@tl@UModSys@@2USUniquePointer@core@3@A@@YAXXZ 0000000180051470 f    CIL library: CIL module
 0001:00050480       ??__F?s_id@?$TObjectUniqueID@URRenderer@stdlib@lib3d@modules@UModSys@@@tl@UModSys@@2USUniquePointer@core@3@A@@YAXXZ 0000000180051480 f    CIL library: CIL module
 0001:00050490       ??__Fs_dbg@stdlib@lib2d@modules@UModSys@@YAXXZ 0000000180051490 f    CIL library: CIL module
 0001:000504a0       ??__F?s_modreg@RModuleReg@stdlib@lib2d@modules@UModSys@@2U12345@A@@YAXXZ 00000001800514a0 f    CIL library: CIL module
 0001:000504c0       ??__F?s_modreg_chain@RModuleReg@stdlib@lib2d@modules@UModSys@@2USModuleRegChain@base@5@A@@YAXXZ 00000001800514c0 f    CIL library: CIL module
 0001:000504d0       ??__F?s_uid@RGenerator@stdlib@lib2d@modules@UModSys@@2USUniquePointer@core@5@A@@YAXXZ 00000001800514d0 f    CIL library: CIL module
 0001:000504e0       ??__Fh@?1??s_holder@RGenerator@stdlib@lib2d@modules@UModSys@@SAAEAU?$TTypeStaticHolder@URGenerator@stdlib@lib2d@modules@UModSys@@@tl@5@XZ@YAXXZ 00000001800514e0 f    CIL library: CIL module
 0001:00050510       ??__F?s_id@?$TObjectUniqueID@URGenerator@stdlib@lib2d@modules@UModSys@@@tl@UModSys@@2USUniquePointer@core@3@A@@YAXXZ 0000000180051510 f    CIL library: CIL module
 0001:00050520       ??__F?s_id@?$TObjectUniqueID@URMultiImage@stdlib@lib2d@modules@UModSys@@@tl@UModSys@@2USUniquePointer@core@3@A@@YAXXZ 0000000180051520 f    CIL library: CIL module
 0001:00050530       ??__F?s_id@?$TObjectUniqueID@URImageFactory_Memory@stdlib@lib2d@modules@UModSys@@@tl@UModSys@@2USUniquePointer@core@3@A@@YAXXZ 0000000180051530 f    CIL library: CIL module
 0001:00050540       ??__F?s_id@?$TObjectUniqueID@URImage_Memory@stdlib@lib2d@modules@UModSys@@@tl@UModSys@@2USUniquePointer@core@3@A@@YAXXZ 0000000180051540 f    CIL library: CIL module
 0001:00050550       ??__Fs_dbg@SDL_GL@ui@modules@UModSys@@YAXXZ 0000000180051550 f    CIL library: CIL module
 0001:00050560       ??__F?s_modreg@RModuleReg@SDL_GL@ui@modules@UModSys@@2U12345@A@@YAXXZ 0000000180051560 f    CIL library: CIL module
 0001:00050580       ??__F?s_modreg_chain@RModuleReg@SDL_GL@ui@modules@UModSys@@2USModuleRegChain@base@5@A@@YAXXZ 0000000180051580 f    CIL library: CIL module
 0001:00050590       ??__F?s_uid@RGenerator@SDL_GL@ui@modules@UModSys@@2USUniquePointer@core@5@A@@YAXXZ 0000000180051590 f    CIL library: CIL module
 0001:000505a0       ??__Fh@?1??s_holder@RGenerator@SDL_GL@ui@modules@UModSys@@SAAEAU?$TTypeStaticHolder@URGenerator@SDL_GL@ui@modules@UModSys@@@tl@5@XZ@YAXXZ 00000001800515a0 f    CIL library: CIL module
 0001:000505d0       ??__F?s_id@?$TObjectUniqueID@URGenerator@SDL_GL@ui@modules@UModSys@@@tl@UModSys@@2USUniquePointer@core@3@A@@YAXXZ 00000001800515d0 f    CIL library: CIL module
 0001:000505e0       ??__F?s_id@?$TObjectUniqueID@URVertexArray@SDL_GL@ui@modules@UModSys@@@tl@UModSys@@2USUniquePointer@core@3@A@@YAXXZ 00000001800515e0 f    CIL library: CIL module
 0001:000505f0       ??__F?s_id@?$TObjectUniqueID@URTerminalX@SDL_GL@ui@modules@UModSys@@@tl@UModSys@@2USUniquePointer@core@3@A@@YAXXZ 00000001800515f0 f    CIL library: CIL module
 0001:00050600       ??__F?s_id@?$TObjectUniqueID@URRenderDriver3D@SDL_GL@ui@modules@UModSys@@@tl@UModSys@@2USUniquePointer@core@3@A@@YAXXZ 0000000180051600 f    CIL library: CIL module
 0001:00050610       ??__F?s_id@?$TObjectUniqueID@URMultiImage2D_SDL_ttf@SDL_GL@ui@modules@UModSys@@@tl@UModSys@@2USUniquePointer@core@3@A@@YAXXZ 0000000180051610 f    CIL library: CIL module
 0001:00050620       ??__F?s_id@?$TObjectUniqueID@URTerminal@SDL_GL@ui@modules@UModSys@@@tl@UModSys@@2USUniquePointer@core@3@A@@YAXXZ 0000000180051620 f    CIL library: CIL module
 0001:00050630       ??__F?s_id@?$TObjectUniqueID@URMouseController@SDL_GL@ui@modules@UModSys@@@tl@UModSys@@2USUniquePointer@core@3@A@@YAXXZ 0000000180051630 f    CIL library: CIL module
 0001:00050640       ??__F?s_id@?$TObjectUniqueID@URKeyboardController@SDL_GL@ui@modules@UModSys@@@tl@UModSys@@2USUniquePointer@core@3@A@@YAXXZ 0000000180051640 f    CIL library: CIL module
 0001:00050650       ??__Fs_dbg@SDL_core@ui@modules@UModSys@@YAXXZ 0000000180051650 f    CIL library: CIL module
 0001:00050660       ??__F?s_modreg@RModuleReg@SDL_core@ui@modules@UModSys@@2U12345@A@@YAXXZ 0000000180051660 f    CIL library: CIL module
 0001:00050680       ??__F?s_modreg_chain@RModuleReg@SDL_core@ui@modules@UModSys@@2USModuleRegChain@base@5@A@@YAXXZ 0000000180051680 f    CIL library: CIL module
 0001:00050690       ??__F?s_uid@RGenerator@SDL_core@ui@modules@UModSys@@2USUniquePointer@core@5@A@@YAXXZ 0000000180051690 f    CIL library: CIL module
 0001:000506a0       ??__Fh@?1??s_holder@RGenerator@SDL_core@ui@modules@UModSys@@SAAEAU?$TTypeStaticHolder@URGenerator@SDL_core@ui@modules@UModSys@@@tl@5@XZ@YAXXZ 00000001800516a0 f    CIL library: CIL module
 0001:000506d0       ??__F?s_id@?$TObjectUniqueID@URGenerator@SDL_core@ui@modules@UModSys@@@tl@UModSys@@2USUniquePointer@core@3@A@@YAXXZ 00000001800516d0 f    CIL library: CIL module
 0001:000506e0       ??__F?s_id@?$TObjectUniqueID@URTerminalX@SDL_core@ui@modules@UModSys@@@tl@UModSys@@2USUniquePointer@core@3@A@@YAXXZ 00000001800516e0 f    CIL library: CIL module
 0001:000506f0       ??__F?s_id@?$TObjectUniqueID@URRenderDriver2D@SDL_core@ui@modules@UModSys@@@tl@UModSys@@2USUniquePointer@core@3@A@@YAXXZ 00000001800516f0 f    CIL library: CIL module
 0001:00050700       ??__F?s_id@?$TObjectUniqueID@URMultiImage2D_SDL_ttf@SDL_core@ui@modules@UModSys@@@tl@UModSys@@2USUniquePointer@core@3@A@@YAXXZ 0000000180051700 f    CIL library: CIL module
 0001:00050710       ??__F?s_id@?$TObjectUniqueID@URTerminal@SDL_core@ui@modules@UModSys@@@tl@UModSys@@2USUniquePointer@core@3@A@@YAXXZ 0000000180051710 f    CIL library: CIL module
 0001:00050720       ??__F?s_id@?$TObjectUniqueID@URMouseController@SDL_core@ui@modules@UModSys@@@tl@UModSys@@2USUniquePointer@core@3@A@@YAXXZ 0000000180051720 f    CIL library: CIL module
 0001:00050730       ??__F?s_id@?$TObjectUniqueID@URKeyboardController@SDL_core@ui@modules@UModSys@@@tl@UModSys@@2USUniquePointer@core@3@A@@YAXXZ 0000000180051730 f    CIL library: CIL module
 0001:00050740       ??__Fs_dbg@frames@ui@modules@UModSys@@YAXXZ 0000000180051740 f    CIL library: CIL module
 0001:00050750       ??__F?s_modreg@RModuleReg@frames@ui@modules@UModSys@@2U12345@A@@YAXXZ 0000000180051750 f    CIL library: CIL module
 0001:00050770       ??__F?s_modreg_chain@RModuleReg@frames@ui@modules@UModSys@@2USModuleRegChain@base@5@A@@YAXXZ 0000000180051770 f    CIL library: CIL module
 0001:00050780       ??__F?s_uid@RGenerator@frames@ui@modules@UModSys@@2USUniquePointer@core@5@A@@YAXXZ 0000000180051780 f    CIL library: CIL module
 0001:00050790       ??__Fh@?1??s_holder@RGenerator@frames@ui@modules@UModSys@@SAAEAU?$TTypeStaticHolder@URGenerator@frames@ui@modules@UModSys@@@tl@5@XZ@YAXXZ 0000000180051790 f    CIL library: CIL module
 0001:000507c0       ??__F?s_id@?$TObjectUniqueID@URGenerator@frames@ui@modules@UModSys@@@tl@UModSys@@2USUniquePointer@core@3@A@@YAXXZ 00000001800517c0 f    CIL library: CIL module
 0001:000507d0       ??__F?s_id@?$TObjectUniqueID@URCollector@frames@ui@modules@UModSys@@@tl@UModSys@@2USUniquePointer@core@3@A@@YAXXZ 00000001800517d0 f    CIL library: CIL module
 0001:000507e0       ??__F?s_id@?$TObjectUniqueID@URFrame_List@frames@ui@modules@UModSys@@@tl@UModSys@@2USUniquePointer@core@3@A@@YAXXZ 00000001800517e0 f    CIL library: CIL module
 0001:000507f0       ??__F?s_id@?$TObjectUniqueID@URFrame_Edit@frames@ui@modules@UModSys@@@tl@UModSys@@2USUniquePointer@core@3@A@@YAXXZ 00000001800517f0 f    CIL library: CIL module
 0001:00050800       ??__F?s_id@?$TObjectUniqueID@URFrame_Button@frames@ui@modules@UModSys@@@tl@UModSys@@2USUniquePointer@core@3@A@@YAXXZ 0000000180051800 f    CIL library: CIL module
 0001:00050810       ??__F?s_id@?$TObjectUniqueID@URFrame_Text@frames@ui@modules@UModSys@@@tl@UModSys@@2USUniquePointer@core@3@A@@YAXXZ 0000000180051810 f    CIL library: CIL module
 0001:00050820       ??__F?s_id@?$TObjectUniqueID@URFrame_Image@frames@ui@modules@UModSys@@@tl@UModSys@@2USUniquePointer@core@3@A@@YAXXZ 0000000180051820 f    CIL library: CIL module
 0001:00050830       ??__F?s_id@?$TObjectUniqueID@URFrame_Frame@frames@ui@modules@UModSys@@@tl@UModSys@@2USUniquePointer@core@3@A@@YAXXZ 0000000180051830 f    CIL library: CIL module
 0001:00050840       ??__F?s_id@?$TObjectUniqueID@URDialog@frames@ui@modules@UModSys@@@tl@UModSys@@2USUniquePointer@core@3@A@@YAXXZ 0000000180051840 f    CIL library: CIL module
 0001:00050850       ??__F?s_id@?$TObjectUniqueID@URFrame_Common@frames@ui@modules@UModSys@@@tl@UModSys@@2USUniquePointer@core@3@A@@YAXXZ 0000000180051850 f    CIL library: CIL module
 0001:00050860       ??__Fs_dbg@images_std@media@modules@UModSys@@YAXXZ 0000000180051860 f    CIL library: CIL module
 0001:00050870       ??__F?s_modreg@RModuleReg@images_std@media@modules@UModSys@@2U12345@A@@YAXXZ 0000000180051870 f    CIL library: CIL module
 0001:00050890       ??__F?s_modreg_chain@RModuleReg@images_std@media@modules@UModSys@@2USModuleRegChain@base@5@A@@YAXXZ 0000000180051890 f    CIL library: CIL module
 0001:000508a0       ??__F?s_uid@RGenerator@images_std@media@modules@UModSys@@2USUniquePointer@core@5@A@@YAXXZ 00000001800518a0 f    CIL library: CIL module
 0001:000508b0       ??__Fh@?1??s_holder@RGenerator@images_std@media@modules@UModSys@@SAAEAU?$TTypeStaticHolder@URGenerator@images_std@media@modules@UModSys@@@tl@5@XZ@YAXXZ 00000001800518b0 f    CIL library: CIL module
 0001:000508e0       ??__F?s_id@?$TObjectUniqueID@URGenerator@images_std@media@modules@UModSys@@@tl@UModSys@@2USUniquePointer@core@3@A@@YAXXZ 00000001800518e0 f    CIL library: CIL module
 0001:000508f0       ??__F?s_id@?$TObjectUniqueID@URMediaFilter@images_std@media@modules@UModSys@@@tl@UModSys@@2USUniquePointer@core@3@A@@YAXXZ 00000001800518f0 f    CIL library: CIL module
 0001:00050900       ??__Fs_dbg@serialize_json@media@modules@UModSys@@YAXXZ 0000000180051900 f    CIL library: CIL module
 0001:00050910       ??__F?s_modreg@RModuleReg@serialize_json@media@modules@UModSys@@2U12345@A@@YAXXZ 0000000180051910 f    CIL library: CIL module
 0001:00050930       ??__F?s_modreg_chain@RModuleReg@serialize_json@media@modules@UModSys@@2USModuleRegChain@base@5@A@@YAXXZ 0000000180051930 f    CIL library: CIL module
 0001:00050940       ??__F?s_uid@RGenerator@serialize_json@media@modules@UModSys@@2USUniquePointer@core@5@A@@YAXXZ 0000000180051940 f    CIL library: CIL module
 0001:00050950       ??__Fh@?1??s_holder@RGenerator@serialize_json@media@modules@UModSys@@SAAEAU?$TTypeStaticHolder@URGenerator@serialize_json@media@modules@UModSys@@@tl@5@XZ@YAXXZ 0000000180051950 f    CIL library: CIL module
 0001:00050980       ??__F?s_id@?$TObjectUniqueID@URGenerator@serialize_json@media@modules@UModSys@@@tl@UModSys@@2USUniquePointer@core@3@A@@YAXXZ 0000000180051980 f    CIL library: CIL module
 0001:00050990       ??__F?s_id@?$TObjectUniqueID@URSerializeWriter@serialize_json@media@modules@UModSys@@@tl@UModSys@@2USUniquePointer@core@3@A@@YAXXZ 0000000180051990 f    CIL library: CIL module
 0001:000509a0       ??__F?s_id@?$TObjectUniqueID@URSerializeReader@serialize_json@media@modules@UModSys@@@tl@UModSys@@2USUniquePointer@core@3@A@@YAXXZ 00000001800519a0 f    CIL library: CIL module
 0001:000509b0       ??__Fs_dbg@zlib@media@modules@UModSys@@YAXXZ 00000001800519b0 f    CIL library: CIL module
 0001:000509c0       ??__F?s_modreg@RModuleReg@zlib@media@modules@UModSys@@2U12345@A@@YAXXZ 00000001800519c0 f    CIL library: CIL module
 0001:000509e0       ??__F?s_modreg_chain@RModuleReg@zlib@media@modules@UModSys@@2USModuleRegChain@base@5@A@@YAXXZ 00000001800519e0 f    CIL library: CIL module
 0001:000509f0       ??__F?s_uid@RGenerator@zlib@media@modules@UModSys@@2USUniquePointer@core@5@A@@YAXXZ 00000001800519f0 f    CIL library: CIL module
 0001:00050a00       ??__Fh@?1??s_holder@RGenerator@zlib@media@modules@UModSys@@SAAEAU?$TTypeStaticHolder@URGenerator@zlib@media@modules@UModSys@@@tl@5@XZ@YAXXZ 0000000180051a00 f    CIL library: CIL module
 0001:00050a30       ??__F?s_id@?$TObjectUniqueID@URGenerator@zlib@media@modules@UModSys@@@tl@UModSys@@2USUniquePointer@core@3@A@@YAXXZ 0000000180051a30 f    CIL library: CIL module
 0001:00050a40       ??__F?s_id@?$TObjectUniqueID@URBinArchiveFrameClient_ZIP@zlib@media@modules@UModSys@@@tl@UModSys@@2USUniquePointer@core@3@A@@YAXXZ 0000000180051a40 f    CIL library: CIL module
 0001:00050a50       ??__FM@UModSys@@YAXXZ      0000000180051a50 f    CIL library: CIL module
 0001:00050a60       ??__F?root@SModuleRegChain@base@UModSys@@2U123@A@@YAXXZ 0000000180051a60 f    CIL library: CIL module
 0001:00050a70       ??__F?s_library@RModuleLibraryReg_Chain@base@UModSys@@2U123@A@@YAXXZ 0000000180051a70 f    CIL library: CIL module
 0001:00050a80       ??__F?root@SUniquePointer@core@UModSys@@2U123@A@@YAXXZ 0000000180051a80 f    CIL library: CIL module

 Exports

  ordinal    name

        1    UModSys_Plugin_Entry2
