 plugin_test1

 Timestamp is 5266a02e (Tue Oct 22 18:56:30 2013)

 Preferred load address is 0000000180000000

 Start         Length     Name                   Class
 0001:00000000 000041f2H .text                   CODE
 0001:00004200 0000081cH .text$x                 CODE
 0001:00004a20 00000772H .text$yc                CODE
 0001:000051a0 0000022cH .text$yd                CODE
 0002:00000000 000000f0H .idata$5                DATA
 0002:000000f0 00000008H .CRT$XCA                DATA
 0002:000000f8 00000338H .CRT$XCU                DATA
 0002:00000430 00000008H .CRT$XCZ                DATA
 0002:00000438 00000008H .CRT$XIA                DATA
 0002:00000440 00000008H .CRT$XIAA               DATA
 0002:00000448 00000008H .CRT$XIZ                DATA
 0002:00000450 00000f30H .rdata                  DATA
 0002:00001380 000007b4H .rdata$r                DATA
 0002:00001b38 00000008H .rtc$IAA                DATA
 0002:00001b40 00000008H .rtc$IZZ                DATA
 0002:00001b48 00000008H .rtc$TAA                DATA
 0002:00001b50 00000008H .rtc$TZZ                DATA
 0002:00001b58 00000c44H .xdata                  DATA
 0002:0000279c 00000028H .idata$2                DATA
 0002:000027c4 00000014H .idata$3                DATA
 0002:000027d8 000000f0H .idata$4                DATA
 0002:000028c8 0000021eH .idata$6                DATA
 0002:00002af0 00000059H .edata                  DATA
 0003:00000000 000003f0H .data                   DATA
 0003:000003f0 00000618H .bss                    DATA
 0004:00000000 00000864H .pdata                  DATA

  Address         Publics by Value              Rva+Base               Lib:Object

 0000:00000000       ___safe_se_handler_count   0000000000000000     <absolute>
 0000:00000000       ___safe_se_handler_table   0000000000000000     <absolute>
 0000:00000000       __ImageBase                0000000180000000     <linker-defined>
 0001:00000000       ??1SCMemShared@core@UModSys@@QEAA@XZ 0000000180001000 f i plugin_test1.obj
 0001:00000020       ??3IRoot@core@UModSys@@SAXPEAXAEBUSIMemAlloc@12@@Z 0000000180001020 f i plugin_test1.obj
 0001:00000030       ?get_interface_info@RLines@test1@test@modules@UModSys@@UEBAAEBUSUniquePointerInfo@core@5@XZ 0000000180001030 f i plugin_test1.obj
 0001:00000040       ?get_interface_type@RLines@test1@test@modules@UModSys@@UEBAPEBUSUniquePointerInfo@core@5@XZ 0000000180001040 f i plugin_test1.obj
 0001:00000050       ?get_interface_types@RLines_Filter@test1@test@modules@UModSys@@UEBA_KAEAUSUniquePtrList@core@5@@Z 0000000180001050 f i plugin_test1.obj
 0001:00000050       ?get_interface_types@RLines@test1@test@modules@UModSys@@UEBA_KAEAUSUniquePtrList@core@5@@Z 0000000180001050 f i plugin_test1.obj
 0001:00000050       ?get_interface_types@RGenerator@test1@test@modules@UModSys@@UEBA_KAEAUSUniquePtrList@core@5@@Z 0000000180001050 f i plugin_test1.obj
 0001:00000050       ?get_interface_types@RTest1_Shell@test1@test@modules@UModSys@@UEBA_KAEAUSUniquePtrList@core@5@@Z 0000000180001050 f i plugin_test1.obj
 0001:00000060       ?get_other_interface@RLines@test1@test@modules@UModSys@@UEAAPEAUIRoot@core@5@PEBUSUniquePointerInfo@75@@Z 0000000180001060 f i plugin_test1.obj
 0001:00000060       ?get_other_interface@RLines@test1@test@modules@UModSys@@UEBAPEBUIRoot@core@5@PEBUSUniquePointerInfo@75@@Z 0000000180001060 f i plugin_test1.obj
 0001:00000090       ?ref_add@RLines@test1@test@modules@UModSys@@UEBAXXZ 0000000180001090 f i plugin_test1.obj
 0001:000000a0       ?ref_remove@RLines@test1@test@modules@UModSys@@UEBAXXZ 00000001800010a0 f i plugin_test1.obj
 0001:000000c0       ?ref_links@RLines@test1@test@modules@UModSys@@UEBAHXZ 00000001800010c0 f i plugin_test1.obj
 0001:000000d0       ?ref_weak@RLines@test1@test@modules@UModSys@@UEBA_NAEAUWeakPointer@IRefObject@core@5@@Z 00000001800010d0 f i plugin_test1.obj
 0001:000000f0       ?suicide@RLines@test1@test@modules@UModSys@@UEAAXXZ 00000001800010f0 f i plugin_test1.obj
 0001:00000140       ??0RLines@test1@test@modules@UModSys@@QEAA@PEAUIModObject@base@4@AEBUSParameters@core@4@@Z 0000000180001140 f i plugin_test1.obj
 0001:000001d0       ??_GRLines@test1@test@modules@UModSys@@UEAAPEAXI@Z 00000001800011d0 f i plugin_test1.obj
 0001:000001d0       ??_ERLines@test1@test@modules@UModSys@@UEAAPEAXI@Z 00000001800011d0 f i  CIL library: CIL module
 0001:00000210       ??1ILines@test1@test@modules@UModSys@@UEAA@XZ 0000000180001210 f i plugin_test1.obj
 0001:000002a0       ??_EILines@test1@test@modules@UModSys@@UEAAPEAXI@Z 00000001800012a0 f i  CIL library: CIL module
 0001:000002a0       ??_GILines@test1@test@modules@UModSys@@UEAAPEAXI@Z 00000001800012a0 f i plugin_test1.obj
 0001:000002d0       ??_EIRoot@core@UModSys@@UEAAPEAXI@Z 00000001800012d0 f i  CIL library: CIL module
 0001:000002d0       ??_GIRoot@core@UModSys@@UEAAPEAXI@Z 00000001800012d0 f i plugin_test1.obj
 0001:00000300       ?get_interface_info@RLines_Filter@test1@test@modules@UModSys@@UEBAAEBUSUniquePointerInfo@core@5@XZ 0000000180001300 f i plugin_test1.obj
 0001:00000310       ?get_interface_type@RLines_Filter@test1@test@modules@UModSys@@UEBAPEBUSUniquePointerInfo@core@5@XZ 0000000180001310 f i plugin_test1.obj
 0001:00000320       ?get_other_interface@RLines_Filter@test1@test@modules@UModSys@@UEBAPEBUIRoot@core@5@PEBUSUniquePointerInfo@75@@Z 0000000180001320 f i plugin_test1.obj
 0001:00000320       ?get_other_interface@RLines_Filter@test1@test@modules@UModSys@@UEAAPEAUIRoot@core@5@PEBUSUniquePointerInfo@75@@Z 0000000180001320 f i plugin_test1.obj
 0001:00000350       ?ref_add@RGenerator@test1@test@modules@UModSys@@UEBAXXZ 0000000180001350 f i plugin_test1.obj
 0001:00000350       ?ref_add@RTest1_Shell@test1@test@modules@UModSys@@UEBAXXZ 0000000180001350 f i plugin_test1.obj
 0001:00000350       ?ref_add@RLines_Filter@test1@test@modules@UModSys@@UEBAXXZ 0000000180001350 f i plugin_test1.obj
 0001:00000360       ?ref_links@RLines_Filter@test1@test@modules@UModSys@@UEBAHXZ 0000000180001360 f i plugin_test1.obj
 0001:00000360       ?ref_links@RGenerator@test1@test@modules@UModSys@@UEBAHXZ 0000000180001360 f i plugin_test1.obj
 0001:00000360       ?ref_links@RTest1_Shell@test1@test@modules@UModSys@@UEBAHXZ 0000000180001360 f i plugin_test1.obj
 0001:00000370       ?suicide@RTest1_Shell@test1@test@modules@UModSys@@UEAAXXZ 0000000180001370 f i plugin_test1.obj
 0001:00000370       ?suicide@RLines_Filter@test1@test@modules@UModSys@@UEAAXXZ 0000000180001370 f i plugin_test1.obj
 0001:000003c0       ?filter_load@RLines_Filter@test1@test@modules@UModSys@@UEAA_NAEAU?$TRefObject@UIRefObject@core@UModSys@@U?$TRefObjectFunc@UIRefObject@core@UModSys@@@tl@3@@tl@5@AEBUSInfo@IBinObjFilter@libmedia@5@@Z 00000001800013c0 f i plugin_test1.obj
 0001:000004a0       ?filter_save@RLines_Filter@test1@test@modules@UModSys@@UEAA_NPEAUIRefObject@core@5@AEAUSInfo@IBinObjFilter@libmedia@5@@Z 00000001800014a0 f i plugin_test1.obj
 0001:000004a0       ?filter_load@RLines_Filter@test1@test@modules@UModSys@@UEAA_NPEAUIRefObject@core@5@AEBUSInfo@IBinObjFilter@libmedia@5@@Z 00000001800014a0 f i plugin_test1.obj
 0001:000004b0       ??_GRLines_Filter@test1@test@modules@UModSys@@UEAAPEAXI@Z 00000001800014b0 f i plugin_test1.obj
 0001:000004b0       ??_ERLines_Filter@test1@test@modules@UModSys@@UEAAPEAXI@Z 00000001800014b0 f i  CIL library: CIL module
 0001:000004e0       ??1IShell@base@UModSys@@UEAA@XZ 00000001800014e0 f i plugin_test1.obj
 0001:000004e0       ??1IBinObjFilter@libmedia@UModSys@@UEAA@XZ 00000001800014e0 f i plugin_test1.obj
 0001:000004f0       ?get_interface_info@RTest1_Shell@test1@test@modules@UModSys@@UEBAAEBUSUniquePointerInfo@core@5@XZ 00000001800014f0 f i plugin_test1.obj
 0001:00000500       ?get_interface_type@RTest1_Shell@test1@test@modules@UModSys@@UEBAPEBUSUniquePointerInfo@core@5@XZ 0000000180001500 f i plugin_test1.obj
 0001:00000510       ?get_other_interface@RTest1_Shell@test1@test@modules@UModSys@@UEBAPEBUIRoot@core@5@PEBUSUniquePointerInfo@75@@Z 0000000180001510 f i plugin_test1.obj
 0001:00000510       ?get_other_interface@RTest1_Shell@test1@test@modules@UModSys@@UEAAPEAUIRoot@core@5@PEBUSUniquePointerInfo@75@@Z 0000000180001510 f i plugin_test1.obj
 0001:00000540       ??0RTest1_Shell@test1@test@modules@UModSys@@QEAA@PEAUIModObject@base@4@@Z 0000000180001540 f i plugin_test1.obj
 0001:00000670       ??1RTest1_Shell@test1@test@modules@UModSys@@UEAA@XZ 0000000180001670 f i plugin_test1.obj
 0001:000006f0       ?connect@RTest1_Shell@test1@test@modules@UModSys@@UEAA_NXZ 00000001800016f0 f i plugin_test1.obj
 0001:00000720       ?disconnect@RTest1_Shell@test1@test@modules@UModSys@@UEAA_NXZ 0000000180001720 f i plugin_test1.obj
 0001:00000750       ?process_tick@RTest1_Shell@test1@test@modules@UModSys@@UEAA_NAEBUSTimeMsec@core@5@@Z 0000000180001750 f i plugin_test1.obj
 0001:00000790       ?process_command@RTest1_Shell@test1@test@modules@UModSys@@UEAA_NHQEBU?$TString@U?$TSCoreConst@D@su@tl@UModSys@@U?$TComparerBinaryHash@D@234@@tl@5@@Z 0000000180001790 f i plugin_test1.obj
 0001:000007c0       ??_ERTest1_Shell@test1@test@modules@UModSys@@UEAAPEAXI@Z 00000001800017c0 f i  CIL library: CIL module
 0001:000007c0       ??_GRTest1_Shell@test1@test@modules@UModSys@@UEAAPEAXI@Z 00000001800017c0 f i plugin_test1.obj
 0001:000007f0       ??1?$TParametersA@$0EAA@@core@UModSys@@QEAA@XZ 00000001800017f0 f i plugin_test1.obj
 0001:00000810       ??1SLayer@ILibraryLayered@libmedia@UModSys@@QEAA@XZ 0000000180001810 f i plugin_test1.obj
 0001:00000810       ??1SMountPoint@ILibraryBinTree@libmedia@UModSys@@QEAA@XZ 0000000180001810 f i plugin_test1.obj
 0001:00000840       ?get_generated_names@RGenerator@test1@test@modules@UModSys@@UEBAHAEAUSUniquePtrList@core@5@@Z 0000000180001840 f i plugin_test1.obj
 0001:00000860       ?get_generated_types@RGenerator@test1@test@modules@UModSys@@UEBAHAEAUSUniquePtrList@core@5@PEBUSUniquePointerInfo@75@@Z 0000000180001860 f i plugin_test1.obj
 0001:000008c0       ?generate@RGenerator@test1@test@modules@UModSys@@UEAA_NAEAU?$TRefObject@UIRefObject@core@UModSys@@U?$TRefObjectFunc@UIRefObject@core@UModSys@@@tl@3@@tl@5@PEBUSUniquePointerInfo@core@5@AEBUSParameters@95@@Z 00000001800018c0 f i plugin_test1.obj
 0001:00000960       ?get_interface_info@RGenerator@test1@test@modules@UModSys@@UEBAAEBUSUniquePointerInfo@core@5@XZ 0000000180001960 f i plugin_test1.obj
 0001:00000970       ?get_interface_type@RGenerator@test1@test@modules@UModSys@@UEBAPEBUSUniquePointerInfo@core@5@XZ 0000000180001970 f i plugin_test1.obj
 0001:00000980       ?get_other_interface@RGenerator@test1@test@modules@UModSys@@UEBAPEBUIRoot@core@5@PEBUSUniquePointerInfo@75@@Z 0000000180001980 f i plugin_test1.obj
 0001:00000980       ?get_other_interface@RGenerator@test1@test@modules@UModSys@@UEAAPEAUIRoot@core@5@PEBUSUniquePointerInfo@75@@Z 0000000180001980 f i plugin_test1.obj
 0001:000009c0       ?ref_remove@RGenerator@test1@test@modules@UModSys@@UEBAXXZ 00000001800019c0 f i plugin_test1.obj
 0001:000009c0       ?ref_remove@RTest1_Shell@test1@test@modules@UModSys@@UEBAXXZ 00000001800019c0 f i plugin_test1.obj
 0001:000009c0       ?ref_remove@RLines_Filter@test1@test@modules@UModSys@@UEBAXXZ 00000001800019c0 f i plugin_test1.obj
 0001:000009e0       ?ref_weak@RGenerator@test1@test@modules@UModSys@@UEBA_NAEAUWeakPointer@IRefObject@core@5@@Z 00000001800019e0 f i plugin_test1.obj
 0001:000009e0       ?ref_weak@RTest1_Shell@test1@test@modules@UModSys@@UEBA_NAEAUWeakPointer@IRefObject@core@5@@Z 00000001800019e0 f i plugin_test1.obj
 0001:000009e0       ?ref_weak@RLines_Filter@test1@test@modules@UModSys@@UEBA_NAEAUWeakPointer@IRefObject@core@5@@Z 00000001800019e0 f i plugin_test1.obj
 0001:00000a00       ?suicide@RGenerator@test1@test@modules@UModSys@@UEAAXXZ 0000000180001a00 f i plugin_test1.obj
 0001:00000a10       ?get_uid@RGenerator@test1@test@modules@UModSys@@UEBAPEBUSUniquePointerInfo@core@5@XZ 0000000180001a10 f i plugin_test1.obj
 0001:00000a20       ?do_open@RModuleReg@test1@test@modules@UModSys@@UEAA_NXZ 0000000180001a20 f i plugin_test1.obj
 0001:00000a50       ?do_close@RModuleReg@test1@test@modules@UModSys@@UEAA_NXZ 0000000180001a50 f i plugin_test1.obj
 0001:00000a80       ??_GRModuleReg@test1@test@modules@UModSys@@UEAAPEAXI@Z 0000000180001a80 f i plugin_test1.obj
 0001:00000a80       ??_ERModuleReg@test1@test@modules@UModSys@@UEAAPEAXI@Z 0000000180001a80 f i  CIL library: CIL module
 0001:00000ab0       ??1?$TRefObject@UILibraryBinTree@libmedia@UModSys@@U?$TRefObjectFunc@UILibraryBinTree@libmedia@UModSys@@@tl@3@@tl@UModSys@@QEAA@XZ 0000000180001ab0 f i plugin_test1.obj
 0001:00000ab0       ??1?$TRefObject@UIBinArchive@libmedia@UModSys@@U?$TRefObjectFunc@UIBinArchive@libmedia@UModSys@@@tl@3@@tl@UModSys@@QEAA@XZ 0000000180001ab0 f i plugin_test1.obj
 0001:00000ab0       ??1?$TRefObject@UIStreamWriter@libmedia@UModSys@@U?$TRefObjectFunc@UIStreamWriter@libmedia@UModSys@@@tl@3@@tl@UModSys@@QEAA@XZ 0000000180001ab0 f i plugin_test1.obj
 0001:00000ab0       ??1?$TRefObject@UILines@test1@test@modules@UModSys@@U?$TRefObjectFunc@UILines@test1@test@modules@UModSys@@@tl@5@@tl@UModSys@@QEAA@XZ 0000000180001ab0 f i plugin_test1.obj
 0001:00000ab0       ??1?$TRefObject@UIBinObjFilter@libmedia@UModSys@@U?$TRefObjectFunc@UIBinObjFilter@libmedia@UModSys@@@tl@3@@tl@UModSys@@QEAA@XZ 0000000180001ab0 f i plugin_test1.obj
 0001:00000ab0       ??1?$TRefObject@UIRefObject@core@UModSys@@U?$TRefObjectFunc@UIRefObject@core@UModSys@@@tl@3@@tl@UModSys@@QEAA@XZ 0000000180001ab0 f i plugin_test1.obj
 0001:00000ab0       ??1?$TRefObject@UIStreamReader@libmedia@UModSys@@U?$TRefObjectFunc@UIStreamReader@libmedia@UModSys@@@tl@3@@tl@UModSys@@QEAA@XZ 0000000180001ab0 f i plugin_test1.obj
 0001:00000ab0       ??1?$TRefObject@UILibraryLayered@libmedia@UModSys@@U?$TRefObjectFunc@UILibraryLayered@libmedia@UModSys@@@tl@3@@tl@UModSys@@QEAA@XZ 0000000180001ab0 f i plugin_test1.obj
 0001:00000ab0       ??1?$TRefObject@UILibraryObjFilter@libmedia@UModSys@@U?$TRefObjectFunc@UILibraryObjFilter@libmedia@UModSys@@@tl@3@@tl@UModSys@@QEAA@XZ 0000000180001ab0 f i plugin_test1.obj
 0001:00000ae0       ??_ERGenerator@test1@test@modules@UModSys@@UEAAPEAXI@Z 0000000180001ae0 f i  CIL library: CIL module
 0001:00000ae0       ??_EIRefObject@core@UModSys@@UEAAPEAXI@Z 0000000180001ae0 f i  CIL library: CIL module
 0001:00000ae0       ??_GIRefObject@core@UModSys@@UEAAPEAXI@Z 0000000180001ae0 f i plugin_test1.obj
 0001:00000ae0       ??_GRGenerator@test1@test@modules@UModSys@@UEAAPEAXI@Z 0000000180001ae0 f i plugin_test1.obj
 0001:00000b10       ?ResizeRel@?$TDynarray@U?$TDynarrayHolderDynamic@U?$TString@U?$TSCoreShared@USIMemAlloc@core@UModSys@@D@su@tl@UModSys@@U?$TComparerBinaryHash@D@234@@tl@UModSys@@U?$TAllocator@USIMemAlloc@core@UModSys@@USCountCalcPower2@23@@23@@tl@UModSys@@@tl@UModSys@@QEAA_N_J@Z 0000000180001b10 f i plugin_test1.obj
 0001:00000c20       ??$shash@D@su@tl@UModSys@@YAHPEBD_K@Z 0000000180001c20 f i plugin_test1.obj
 0001:00000c50       ??1?$TRefObject@UIModObject@base@UModSys@@U?$TModObjectFunc@UIModObject@base@UModSys@@@tl@3@@tl@UModSys@@QEAA@XZ 0000000180001c50 f i plugin_test1.obj
 0001:00000c80       ?adestruct@?$TTypeConstructor@U?$TString@U?$TSCoreShared@USIMemAlloc@core@UModSys@@D@su@tl@UModSys@@U?$TComparerBinaryHash@D@234@@tl@UModSys@@@tl@UModSys@@SAXPEAU?$TString@U?$TSCoreShared@USIMemAlloc@core@UModSys@@D@su@tl@UModSys@@U?$TComparerBinaryHash@D@234@@23@_K@Z 0000000180001c80 f i plugin_test1.obj
 0001:00000d10       ??_GRModuleLibraryReg_Chain@base@UModSys@@UEAAPEAXI@Z 0000000180001d10 f i umodsys_lib_base:umodsys.base.moduleregchain.obj
 0001:00000d10       ??_ERModuleLibraryReg_Chain@base@UModSys@@UEAAPEAXI@Z 0000000180001d10 f i  CIL library: CIL module
 0001:00000d40       ??_GIModuleReg@base@UModSys@@UEAAPEAXI@Z 0000000180001d40 f i umodsys_lib_base:umodsys.base.modulereg.obj
 0001:00000d40       ??_EIModuleReg@base@UModSys@@UEAAPEAXI@Z 0000000180001d40 f i  CIL library: CIL module
 0001:00000d70       ??_GIModuleLibraryReg@base@UModSys@@UEAAPEAXI@Z 0000000180001d70 f i umodsys_lib_base:umodsys.base.modulereg.obj
 0001:00000d70       ??_EIModuleLibraryReg@base@UModSys@@UEAAPEAXI@Z 0000000180001d70 f i  CIL library: CIL module
 0001:00000d94       _onexit                    0000000180001d94 f   MSVCRT:atonexit.obj
 0001:00000e44       atexit                     0000000180001e44 f   MSVCRT:atonexit.obj
 0001:00000e5c       _purecall                  0000000180001e5c f   MSVCRT:MSVCR90.dll
 0001:00000e62       ??3@YAXPEAX@Z              0000000180001e62 f   MSVCRT:MSVCR90.dll
 0001:00000e68       ??_Etype_info@@UEAAPEAXI@Z 0000000180001e68 f i MSVCRT:ti_inst.obj
 0001:00000f34       _CRT_INIT                  0000000180001f34 f   MSVCRT:crtdll.obj
 0001:000012c8       _DllMainCRTStartup         00000001800022c8 f   MSVCRT:crtdll.obj
 0001:00001306       __C_specific_handler       0000000180002306 f   MSVCRT:MSVCR90.dll
 0001:0000130c       _unlock                    000000018000230c f   MSVCRT:MSVCR90.dll
 0001:00001312       __dllonexit                0000000180002312 f   MSVCRT:MSVCR90.dll
 0001:00001318       _lock                      0000000180002318 f   MSVCRT:MSVCR90.dll
 0001:00001320       ?__ArrayUnwind@@YAXPEAX_KHP6AX0@Z@Z 0000000180002320 f   MSVCRT:ehvecdtr.obj
 0001:0000136c       ??_M@YAXPEAX_KHP6AX0@Z@Z   000000018000236c f   MSVCRT:ehvecdtr.obj
 0001:000013cc       __clean_type_info_names    00000001800023cc f   MSVCRT:tncleanup.obj
 0001:000013d8       _RTC_Initialize            00000001800023d8 f   MSVCRT:_initsect_.obj
 0001:00001410       _RTC_Terminate             0000000180002410 f   MSVCRT:_initsect_.obj
 0001:00001450       _ValidateImageBase         0000000180002450 f   MSVCRT:pesect.obj
 0001:00001480       _FindPESection             0000000180002480 f   MSVCRT:pesect.obj
 0001:000014d0       _IsNonwritableInCurrentImage 00000001800024d0 f   MSVCRT:pesect.obj
 0001:00001512       _initterm                  0000000180002512 f   MSVCRT:MSVCR90.dll
 0001:00001518       _initterm_e                0000000180002518 f   MSVCRT:MSVCR90.dll
 0001:0000151e       _amsg_exit                 000000018000251e f   MSVCRT:MSVCR90.dll
 0001:00001524       __CppXcptFilter            0000000180002524 f   MSVCRT:MSVCR90.dll
 0001:0000152c       DllMain                    000000018000252c f   MSVCRT:dllmain.obj
 0001:00001550       __security_init_cookie     0000000180002550 f   MSVCRT:gs_support.obj
 0001:00001604       ?terminate@@YAXXZ          0000000180002604 f   MSVCRT:MSVCR90.dll
 0001:0000160a       ?_type_info_dtor_internal_method@type_info@@QEAAXXZ 000000018000260a f   MSVCRT:MSVCR90.dll
 0001:0000160a       ??1type_info@@UEAA@XZ      000000018000260a f   MSVCRT:MSVCR90.dll
 0001:00001610       __clean_type_info_names_internal 0000000180002610 f   MSVCRT:MSVCR90.dll
 0001:00001620       ??3IRoot@core@UModSys@@SAXPEAX@Z 0000000180002620 f   umodsys_lib_core:umodsys.core.objects.obj
 0001:00001660       ??3IRoot@core@UModSys@@SAXPEAXPEAUIMemAlloc@12@@Z 0000000180002660 f   umodsys_lib_core:umodsys.core.objects.obj
 0001:000016a0       ??2IRoot@core@UModSys@@SAPEAX_KPEAUIMemAlloc@12@@Z 00000001800026a0 f   umodsys_lib_core:umodsys.core.objects.obj
 0001:000016e0       ?suicide@IRoot@core@UModSys@@UEAAXXZ 00000001800026e0 f   umodsys_lib_core:umodsys.core.objects.obj
 0001:00001700       ??1IRoot@core@UModSys@@UEAA@XZ 0000000180002700 f   umodsys_lib_core:umodsys.core.objects.obj
 0001:00001720       ??1IRefObject@core@UModSys@@UEAA@XZ 0000000180002720 f   umodsys_lib_core:umodsys.core.objects.obj
 0001:00001730       ?s_unresolve@SUniquePointer@core@UModSys@@SAXPEAUIUniquePointerResolver@23@@Z 0000000180002730 f   umodsys_lib_core:umodsys.core.uniqueptr.obj
 0001:000017a0       ?s_resolve@SUniquePointer@core@UModSys@@SAXPEAUIUniquePointerResolver@23@@Z 00000001800027a0 f   umodsys_lib_core:umodsys.core.uniqueptr.obj
 0001:00001820       ??1SUniquePointer@core@UModSys@@QEAA@XZ 0000000180002820 f   umodsys_lib_core:umodsys.core.uniqueptr.obj
 0001:00001850       ??0SUniquePointer@core@UModSys@@QEAA@H@Z 0000000180002850 f   umodsys_lib_core:umodsys.core.uniqueptr.obj
 0001:00001880       ??0SUniquePointer@core@UModSys@@QEAA@PEBD0H@Z 0000000180002880 f   umodsys_lib_core:umodsys.core.uniqueptr.obj
 0001:000018d0       ??1IModuleLibraryReg@base@UModSys@@UEAA@XZ 00000001800028d0 f   umodsys_lib_base:umodsys.base.modulereg.obj
 0001:000018f0       ??0IModuleLibraryReg@base@UModSys@@QEAA@XZ 00000001800028f0 f   umodsys_lib_base:umodsys.base.modulereg.obj
 0001:00001910       ?mr_close@IModuleReg@base@UModSys@@UEAA_NXZ 0000000180002910 f   umodsys_lib_base:umodsys.base.modulereg.obj
 0001:00001930       ?mr_open@IModuleReg@base@UModSys@@UEAA_NXZ 0000000180002930 f   umodsys_lib_base:umodsys.base.modulereg.obj
 0001:00001960       ?mr_isopen@IModuleReg@base@UModSys@@UEBA_NXZ 0000000180002960 f   umodsys_lib_base:umodsys.base.modulereg.obj
 0001:00001970       ??1IModuleReg@base@UModSys@@UEAA@XZ 0000000180002970 f   umodsys_lib_base:umodsys.base.modulereg.obj
 0001:00001990       ??0IModuleReg@base@UModSys@@QEAA@PEBDHH0@Z 0000000180002990 f   umodsys_lib_base:umodsys.base.modulereg.obj
 0001:000019f0       UModSys_Plugin_Entry2      00000001800029f0 f   umodsys_lib_base:umodsys.so_main.win32.obj
 0001:00001a00       ??1RModuleLibraryReg_Chain@base@UModSys@@UEAA@XZ 0000000180002a00 f   umodsys_lib_base:umodsys.base.moduleregchain.obj
 0001:00001a20       ??0RModuleLibraryReg_Chain@base@UModSys@@QEAA@XZ 0000000180002a20 f   umodsys_lib_base:umodsys.base.moduleregchain.obj
 0001:00001a50       ?s_get@SModuleRegChain@base@UModSys@@SAPEAUIModuleReg@23@_K@Z 0000000180002a50 f   umodsys_lib_base:umodsys.base.moduleregchain.obj
 0001:00001a90       ??1SModuleRegChain@base@UModSys@@QEAA@XZ 0000000180002a90 f   umodsys_lib_base:umodsys.base.moduleregchain.obj
 0001:00001ac0       ??0SModuleRegChain@base@UModSys@@QEAA@AEAUIModuleReg@12@@Z 0000000180002ac0 f   umodsys_lib_base:umodsys.base.moduleregchain.obj
 0001:00001b20       ?mlr_isopen@RModuleLibraryReg_Chain@base@UModSys@@UEBA_NXZ 0000000180002b20 f   umodsys_lib_base:umodsys.base.moduleregchain.obj
 0001:00001b40       ?mlr_close@RModuleLibraryReg_Chain@base@UModSys@@UEAA_NXZ 0000000180002b40 f   umodsys_lib_base:umodsys.base.moduleregchain.obj
 0001:00001b80       ?mlr_open@RModuleLibraryReg_Chain@base@UModSys@@UEAA_NPEAUISystem@23@PEAUIMemAlloc@core@3@@Z 0000000180002b80 f   umodsys_lib_base:umodsys.base.moduleregchain.obj
 0001:00001bc0       ?mlr_get@RModuleLibraryReg_Chain@base@UModSys@@UEBAPEAUIModuleReg@23@_K@Z 0000000180002bc0 f   umodsys_lib_base:umodsys.base.moduleregchain.obj
 0001:00001bd0       ?mlr_count@RModuleLibraryReg_Chain@base@UModSys@@UEBA_KXZ 0000000180002bd0 f   umodsys_lib_base:umodsys.base.moduleregchain.obj
 0001:00001c10       ??0SModuleRegChain@base@UModSys@@QEAA@H@Z 0000000180002c10 f   umodsys_lib_base:umodsys.base.moduleregchain.obj
 0001:00001c30       ??1SModuleInfo@base@UModSys@@QEAA@XZ 0000000180002c30 f   umodsys_lib_base:umodsys.base.moduleinfo.obj
 0001:00001c40       ?set@SModuleInfo@base@UModSys@@QEAAXPEBDHH0@Z 0000000180002c40 f   umodsys_lib_base:umodsys.base.moduleinfo.obj
 0001:00001ce0       ??0SModuleInfo@base@UModSys@@QEAA@PEBDHH0@Z 0000000180002ce0 f   umodsys_lib_base:umodsys.base.moduleinfo.obj
 0001:00001d80       ?unlink@SMemorySharedData@core@UModSys@@QEAAXPEBUSSourceContext@23@@Z 0000000180002d80 f   umodsys_lib_base:umodsys.base.modulecontext.obj
 0001:00001db0       ?link@SMemorySharedData@core@UModSys@@QEAAXPEBUSSourceContext@23@@Z 0000000180002db0 f   umodsys_lib_base:umodsys.base.modulecontext.obj
 0001:00001dc0       ?Link@SModuleContext@base@UModSys@@QEAAXPEAUISystem@23@PEAUIMemAlloc@core@3@@Z 0000000180002dc0 f   umodsys_lib_base:umodsys.base.modulecontext.obj
 0001:00001e60       ??1SModuleContext@base@UModSys@@QEAA@XZ 0000000180002e60 f   umodsys_lib_base:umodsys.base.modulecontext.obj
 0001:00001e70       ?new_data@SMemorySharedData@core@UModSys@@SAPEAU123@PEAUIMemAlloc@23@_KPEBUSSourceContext@23@@Z 0000000180002e70 f   umodsys_lib_base:umodsys.base.modulecontext.obj
 0001:00001ec0       ?get_paramworker@SParameters@core@UModSys@@KAPEAUIParameters@23@XZ 0000000180002ec0 f   umodsys_lib_base:umodsys.base.modulecontext.obj
 0001:00001ee0       ?shared_memory@UModSys@@YAAEBUSIMemAlloc@core@1@XZ 0000000180002ee0 f   umodsys_lib_base:umodsys.base.modulecontext.obj
 0001:00001ef0       ?local_memory@UModSys@@YAAEBUSIMemAlloc@core@1@XZ 0000000180002ef0 f   umodsys_lib_base:umodsys.base.modulecontext.obj
 0001:00001f00       ??0SModuleContext@base@UModSys@@QEAA@XZ 0000000180002f00 f   umodsys_lib_base:umodsys.base.modulecontext.obj
 0001:00001f30       ?mod_dec@RGenerator@test1@test@modules@UModSys@@UEBA_NXZ 0000000180002f30 f   plugin_test1.obj
 0001:00001f50       ?mod_inc@RGenerator@test1@test@modules@UModSys@@UEBA_NXZ 0000000180002f50 f   plugin_test1.obj
 0001:00001f70       ?get_module@RGenerator@test1@test@modules@UModSys@@UEBAPEAUIModule@base@5@XZ 0000000180002f70 f   plugin_test1.obj
 0001:00001f80       ?s_holder@RGenerator@test1@test@modules@UModSys@@SAAEAU?$TTypeStaticHolder@URGenerator@test1@test@modules@UModSys@@@tl@5@XZ 0000000180002f80 f   plugin_test1.obj
 0001:00001fd0       ?dump_str@RTest1_Shell@test1@test@modules@UModSys@@QEAAXPEBD_K@Z 0000000180002fd0 f   plugin_test1.obj
 0001:00002370       ?s_unreg@RGenerator@test1@test@modules@UModSys@@SA_NPEAUIModuleReg@base@5@@Z 0000000180003370 f   plugin_test1.obj
 0001:000023e0       ?s_reg@RGenerator@test1@test@modules@UModSys@@SA_NPEAUIModuleReg@base@5@@Z 00000001800033e0 f   plugin_test1.obj
 0001:00002450       ?test_op_file@RTest1_Shell@test1@test@modules@UModSys@@QEAAX_NAEBU?$TString@U?$TSCoreConst@D@su@tl@UModSys@@U?$TComparerBinaryHash@D@234@@tl@5@AEAUSCMemShared@core@5@0@Z 0000000180003450 f   plugin_test1.obj
 0001:00002560       ?file_test1@RTest1_Shell@test1@test@modules@UModSys@@QEAAXXZ 0000000180003560 f   plugin_test1.obj
 0001:000029c0       ?media_lay@RTest1_Shell@test1@test@modules@UModSys@@QEAA?AU?$TRefObject@UILibraryLayered@libmedia@UModSys@@U?$TRefObjectFunc@UILibraryLayered@libmedia@UModSys@@@tl@3@@tl@5@XZ 00000001800039c0 f   plugin_test1.obj
 0001:00002bc0       ?media_flt@RTest1_Shell@test1@test@modules@UModSys@@QEAA?AU?$TRefObject@UILibraryObjFilter@libmedia@UModSys@@U?$TRefObjectFunc@UILibraryObjFilter@libmedia@UModSys@@@tl@3@@tl@5@XZ 0000000180003bc0 f   plugin_test1.obj
 0001:00002dc0       ?media_vfs@RTest1_Shell@test1@test@modules@UModSys@@QEAA?AU?$TRefObject@UILibraryBinTree@libmedia@UModSys@@U?$TRefObjectFunc@UILibraryBinTree@libmedia@UModSys@@@tl@3@@tl@5@XZ 0000000180003dc0 f   plugin_test1.obj
 0001:00002fc0       ?media_arch_stdio@RTest1_Shell@test1@test@modules@UModSys@@QEAA?AU?$TRefObject@UIBinArchive@libmedia@UModSys@@U?$TRefObjectFunc@UIBinArchive@libmedia@UModSys@@@tl@3@@tl@5@AEBU?$TString@U?$TSCoreConst@D@su@tl@UModSys@@U?$TComparerBinaryHash@D@234@@75@@Z 0000000180003fc0 f   plugin_test1.obj
 0001:00003210       ?file_test5@RTest1_Shell@test1@test@modules@UModSys@@QEAAXXZ 0000000180004210 f   plugin_test1.obj
 0001:000036e0       ?file_test4@RTest1_Shell@test1@test@modules@UModSys@@QEAAXXZ 00000001800046e0 f   plugin_test1.obj
 0001:00003bd0       ?file_test3@RTest1_Shell@test1@test@modules@UModSys@@QEAAXXZ 0000000180004bd0 f   plugin_test1.obj
 0001:00003e10       ?file_test2@RTest1_Shell@test1@test@modules@UModSys@@QEAAXXZ 0000000180004e10 f   plugin_test1.obj
 0001:00004110       ?add@SUniquePtrList@core@UModSys@@QEAA_NPEBUSUniquePointerInfo@23@@Z 0000000180005110 f   umodsys_lib_core:umodsys.core.uniqueptrlist.obj
 0001:000041e6       __CxxFrameHandler3         00000001800051e6 f   MSVCRT:MSVCR90.dll
 0001:000041ec       memcpy                     00000001800051ec f   MSVCRT:MSVCR90.dll
 0002:00000000       __imp_GetCurrentProcessId  0000000180007000     kernel32:KERNEL32.dll
 0002:00000008       __imp_GetCurrentThreadId   0000000180007008     kernel32:KERNEL32.dll
 0002:00000010       __imp_GetTickCount         0000000180007010     kernel32:KERNEL32.dll
 0002:00000018       __imp_QueryPerformanceCounter 0000000180007018     kernel32:KERNEL32.dll
 0002:00000020       __imp_DisableThreadLibraryCalls 0000000180007020     kernel32:KERNEL32.dll
 0002:00000028       __imp_Sleep                0000000180007028     kernel32:KERNEL32.dll
 0002:00000030       __imp_GetSystemTimeAsFileTime 0000000180007030     kernel32:KERNEL32.dll
 0002:00000038       \177KERNEL32_NULL_THUNK_DATA 0000000180007038     kernel32:KERNEL32.dll
 0002:00000040       __imp__decode_pointer      0000000180007040     MSVCRT:MSVCR90.dll
 0002:00000048       __imp__malloc_crt          0000000180007048     MSVCRT:MSVCR90.dll
 0002:00000050       __imp__initterm            0000000180007050     MSVCRT:MSVCR90.dll
 0002:00000058       __imp__initterm_e          0000000180007058     MSVCRT:MSVCR90.dll
 0002:00000060       __imp_free                 0000000180007060     MSVCRT:MSVCR90.dll
 0002:00000068       __imp__onexit              0000000180007068     MSVCRT:MSVCR90.dll
 0002:00000070       __imp__amsg_exit           0000000180007070     MSVCRT:MSVCR90.dll
 0002:00000078       __imp___CppXcptFilter      0000000180007078     MSVCRT:MSVCR90.dll
 0002:00000080       __imp_?terminate@@YAXXZ    0000000180007080     MSVCRT:MSVCR90.dll
 0002:00000088       __imp_?_type_info_dtor_internal_method@type_info@@QEAAXXZ 0000000180007088     MSVCRT:MSVCR90.dll
 0002:00000090       __imp___clean_type_info_names_internal 0000000180007090     MSVCRT:MSVCR90.dll
 0002:00000098       __imp__lock                0000000180007098     MSVCRT:MSVCR90.dll
 0002:000000a0       __imp__encode_pointer      00000001800070a0     MSVCRT:MSVCR90.dll
 0002:000000a8       __imp___dllonexit          00000001800070a8     MSVCRT:MSVCR90.dll
 0002:000000b0       __imp__unlock              00000001800070b0     MSVCRT:MSVCR90.dll
 0002:000000b8       __imp___C_specific_handler 00000001800070b8     MSVCRT:MSVCR90.dll
 0002:000000c0       __imp_??3@YAXPEAX@Z        00000001800070c0     MSVCRT:MSVCR90.dll
 0002:000000c8       __imp__encoded_null        00000001800070c8     MSVCRT:MSVCR90.dll
 0002:000000d0       __imp__purecall            00000001800070d0     MSVCRT:MSVCR90.dll
 0002:000000d8       __imp___CxxFrameHandler3   00000001800070d8     MSVCRT:MSVCR90.dll
 0002:000000e0       __imp_memcpy               00000001800070e0     MSVCRT:MSVCR90.dll
 0002:000000e8       \177MSVCR90_NULL_THUNK_DATA 00000001800070e8     MSVCRT:MSVCR90.dll
 0002:000000f0       __xc_a                     00000001800070f0     MSVCRT:cinitexe.obj
 0002:00000430       __xc_z                     0000000180007430     MSVCRT:cinitexe.obj
 0002:00000438       __xi_a                     0000000180007438     MSVCRT:cinitexe.obj
 0002:00000448       __xi_z                     0000000180007448     MSVCRT:cinitexe.obj
 0002:00000458       ??_7type_info@@6B@         0000000180007458     MSVCRT:ti_inst.obj
 0002:00000460       _pDefaultRawDllMain        0000000180007460     MSVCRT:crtdll.obj
 0002:00000460       _pRawDllMain               0000000180007460     MSVCRT:crtdll.obj
 0002:00000468       ??_C@_0P@GHFPNOJB@bad?5allocation?$AA@ 0000000180007468     plugin_test1.obj
 0002:00000478       ??_C@_0BF@OCNNAADO@UModSys?3?3core?3?3IRoot?$AA@ 0000000180007478     plugin_test1.obj
 0002:00000490       ??_C@_0BK@EMIJFOPA@UModSys?3?3core?3?3IRefObject?$AA@ 0000000180007490     plugin_test1.obj
 0002:000004b0       ??_C@_0BL@IOMMHELF@UModSys?3?3core?3?3IParameters?$AA@ 00000001800074b0     plugin_test1.obj
 0002:000004d0       ??_C@_0BH@LKDEEPPM@UModSys?3?3base?3?3IModule?$AA@ 00000001800074d0     plugin_test1.obj
 0002:000004e8       ??_C@_0BO@PHJOHFCB@UModSys?3?3base?3?3IModuleLibrary?$AA@ 00000001800074e8     plugin_test1.obj
 0002:00000508       ??_C@_0BK@FDPIOPHG@UModSys?3?3base?3?3IModObject?$AA@ 0000000180007508     plugin_test1.obj
 0002:00000528       ??_C@_0BK@OIBKNCKJ@UModSys?3?3base?3?3IGenerator?$AA@ 0000000180007528     plugin_test1.obj
 0002:00000548       ??_C@_0BG@PJBGCMEC@UModSys?3?3base?3?3IShell?$AA@ 0000000180007548     plugin_test1.obj
 0002:00000560       ??_C@_0BI@IKAOEFAP@UModSys?3?3base?3?3IConsole?$AA@ 0000000180007560     plugin_test1.obj
 0002:00000578       ??_C@_0BH@PFCONEJJ@UModSys?3?3base?3?3ISystem?$AA@ 0000000180007578     plugin_test1.obj
 0002:00000590       ??_C@_0CB@CLGNFEGF@UModSys?3?3libmedia?3?3IStreamReader@ 0000000180007590     plugin_test1.obj
 0002:000005b8       ??_C@_0CB@HOPFFLP@UModSys?3?3libmedia?3?3IStreamWriter@ 00000001800075b8     plugin_test1.obj
 0002:000005e0       ??_C@_0BP@KCJMEDNO@UModSys?3?3libmedia?3?3IBinArchive?$AA@ 00000001800075e0     plugin_test1.obj
 0002:00000600       ??_C@_0CB@FDEKNMGJ@UModSys?3?3libmedia?3?3IBinObjFilter@ 0000000180007600     plugin_test1.obj
 0002:00000628       ??_C@_0BM@DPCMOAPM@UModSys?3?3libmedia?3?3ILibrary?$AA@ 0000000180007628     plugin_test1.obj
 0002:00000648       ??_C@_0CD@ELIFEGE@UModSys?3?3libmedia?3?3ILibraryBinTr@ 0000000180007648     plugin_test1.obj
 0002:00000670       ??_C@_0CE@EGHBJBAJ@UModSys?3?3libmedia?3?3ILibraryBinCa@ 0000000180007670     plugin_test1.obj
 0002:00000698       ??_C@_0CF@LBIGBLOK@UModSys?3?3libmedia?3?3ILibraryObjFi@ 0000000180007698     plugin_test1.obj
 0002:000006c0       ??_C@_0CD@LJFEJKGF@UModSys?3?3libmedia?3?3ILibraryLayer@ 00000001800076c0     plugin_test1.obj
 0002:000006e8       ??_C@_0CG@DNABKNDD@UModSys?3?3modules?3?3test?3?3test1?3?3I@ 00000001800076e8     plugin_test1.obj
 0002:00000710       ??_C@_0CG@FINIGFAH@UModSys?3?3modules?3?3test?3?3test1?3?3R@ 0000000180007710     plugin_test1.obj
 0002:00000738       ??_C@_0CN@EFAOPDDB@UModSys?3?3modules?3?3test?3?3test1?3?3R@ 0000000180007738     plugin_test1.obj
 0002:00000768       ??_C@_0CM@LNHNHIJB@UModSys?3?3modules?3?3test?3?3test1?3?3R@ 0000000180007768     plugin_test1.obj
 0002:00000798       ??_C@_0BC@NIGGCDMG@RTest1_Shell?$CI?$CJ?5?$HL?6?$AA@ 0000000180007798     plugin_test1.obj
 0002:000007b0       ??_C@_0DK@JIEMIEKA@UModSys?3?3modules?3?3test?3?3test1?3?3R@ 00000001800077b0     plugin_test1.obj
 0002:000007f0       ??_C@_0CK@OICDGBDJ@?4?4?2?4?4?2?4?4?2src?2plugin?2test?2plugin_@ 00000001800077f0     plugin_test1.obj
 0002:00000820       ??_C@_0BF@BMCPNMPN@?$HN?5?1?1?5RTest1_Shell?$CI?$CJ?6?$AA@ 0000000180007820     plugin_test1.obj
 0002:00000838       ??_C@_0DL@OIAHAJF@UModSys?3?3modules?3?3test?3?3test1?3?3R@ 0000000180007838     plugin_test1.obj
 0002:00000878       ??_C@_0BB@MLDFLEML@?$HORTest1_Shell?$CI?$CJ?6?$AA@ 0000000180007878     plugin_test1.obj
 0002:00000890       ??_C@_0BJ@CCPCJEPP@RTest1_Shell?3?3connect?$CI?$CJ?6?$AA@ 0000000180007890     plugin_test1.obj
 0002:000008b0       ??_C@_0BM@KBDBHLN@RTest1_Shell?3?3disconnect?$CI?$CJ?6?$AA@ 00000001800078b0     plugin_test1.obj
 0002:000008d0       ??_C@_0BI@PGLACHLJ@RTest1_Shell?3?3tick?$CI?$CFg?$CJ?6?$AA@ 00000001800078d0     plugin_test1.obj
 0002:000008e8       ??_C@_0BM@JFIEEBE@RTest1_Shell?3?3command?$CI?$CD?$CFd?$CJ?6?$AA@ 00000001800078e8     plugin_test1.obj
 0002:00000904       ??_C@_06FIJELGDL@?2x?$CF02x?$AA@ 0000000180007904     plugin_test1.obj
 0002:0000090c       ??_C@_01KICIPPFI@?2?$AA@   000000018000790c     plugin_test1.obj
 0002:00000910       ??_C@_02HAOIJKIC@?$CFc?$AA@ 0000000180007910     plugin_test1.obj
 0002:00000914       ??_C@_02DKCKIIND@?$CFs?$AA@ 0000000180007914     plugin_test1.obj
 0002:00000918       ??_C@_0M@LAGNAJEJ@?$CK?3?3stdio?3?3?$CK?$AA@ 0000000180007918     plugin_test1.obj
 0002:00000928       ??_C@_08PEIJGPHF@pathname?$AA@ 0000000180007928     plugin_test1.obj
 0002:00000938       ??_C@_0CE@DDDCOPAP@?5?5found?5sys?5archive?5?$HL?$CFs?$HN?3?5?$CFs?5?$DN?$DO?5@ 0000000180007938     plugin_test1.obj
 0002:00000960       ??_C@_0BJ@IMDALNCM@?5?5fail?5sys?5archive?5?$HL?$CFs?$HN?6?$AA@ 0000000180007960     plugin_test1.obj
 0002:00000980       ??_C@_09BDJIOBCO@?$CK?3?3std?3?3?$CK?$AA@ 0000000180007980     plugin_test1.obj
 0002:00000990       ??_C@_0CB@FNBGJIKO@?5?5found?5lib?$CIbin?9tree?$CJ?3?5?$CFs?5?$DN?$DO?5?$CFp?6@ 0000000180007990     plugin_test1.obj
 0002:000009b8       ??_C@_0BG@PJBMFLKD@?5?5fail?5lib?$CIbin?9tree?$CJ?6?$AA@ 00000001800079b8     plugin_test1.obj
 0002:000009d0       ??_C@_0CD@CHNIFODL@?5?5found?5lib?$CIobj?9filter?$CJ?3?5?$CFs?5?$DN?$DO?5?$CF@ 00000001800079d0     plugin_test1.obj
 0002:000009f8       ??_C@_0BI@PPPKFCAB@?5?5fail?5lib?$CIobj?9filter?$CJ?6?$AA@ 00000001800079f8     plugin_test1.obj
 0002:00000a10       ??_C@_0CA@BADNNAAP@?5?5found?5lib?$CIlayered?$CJ?3?5?$CFs?5?$DN?$DO?5?$CFp?6?$AA@ 0000000180007a10     plugin_test1.obj
 0002:00000a30       ??_C@_0BF@JKNGHICK@?5?5fail?5lib?$CIlayered?$CJ?6?$AA@ 0000000180007a30     plugin_test1.obj
 0002:00000a48       ??_C@_0BL@PGHGALMG@?5?5load?5file?5?$HL?$CFs?$HN?5size?3?$CFu?5?$HL?$AA@ 0000000180007a48     plugin_test1.obj
 0002:00000a64       ??_C@_02KGHIDFGE@?$HN?6?$AA@ 0000000180007a64     plugin_test1.obj
 0002:00000a68       ??_C@_0BG@DKILDFNJ@?5?5not?5load?5file?5?$HL?$CFs?$HN?6?$AA@ 0000000180007a68     plugin_test1.obj
 0002:00000a80       ??_C@_0BK@EFGIELHO@?5?5save?5file?5?$HL?$CFs?$HN?5size?3?$CFu?6?$AA@ 0000000180007a80     plugin_test1.obj
 0002:00000aa0       ??_C@_0BG@GBNMDLCB@?5?5not?5save?5file?5?$HL?$CFs?$HN?6?$AA@ 0000000180007aa0     plugin_test1.obj
 0002:00000ab8       ??_C@_0BG@GBKKPOOO@?$CK?$CK?$CK?$CK?$CK?$CK?$CK?$CK?5file?5test?51?6?$AA@ 0000000180007ab8     plugin_test1.obj
 0002:00000ad0       ??_C@_0O@CMKKEPPD@read?9test?4txt?$AA@ 0000000180007ad0     plugin_test1.obj
 0002:00000ae0       ??_C@_08BABJIOEM@filename?$AA@ 0000000180007ae0     plugin_test1.obj
 0002:00000af0       ??_C@_0BK@JMHCEPK@?5?5found?5reader?3?5?$CFs?5?$DN?$DO?5?$CFp?6?$AA@ 0000000180007af0     plugin_test1.obj
 0002:00000b10       ??_C@_0P@HIBABMLC@write?9test?4txt?$AA@ 0000000180007b10     plugin_test1.obj
 0002:00000b20       ??_C@_04FAOFCKOL@safe?$AA@ 0000000180007b20     plugin_test1.obj
 0002:00000b28       ??_C@_0BK@ONIPKACL@?5?5found?5writer?3?5?$CFs?5?$DN?$DO?5?$CFp?6?$AA@ 0000000180007b28     plugin_test1.obj
 0002:00000b48       ??_C@_09CCCIBADP@?5?5read?3?5?$HL?$AA@ 0000000180007b48     plugin_test1.obj
 0002:00000b58       ??_C@_0L@BBJPPDJK@?5?5written?6?$AA@ 0000000180007b58     plugin_test1.obj
 0002:00000b68       ??_C@_0BG@GDOMEALH@?$CK?$CK?$CK?$CK?$CK?$CK?$CK?$CK?5file?5test?52?6?$AA@ 0000000180007b68     plugin_test1.obj
 0002:00000b80       ??_C@_01LFCBOECM@?4?$AA@   0000000180007b80     plugin_test1.obj
 0002:00000b88       ??_C@_0BC@MCEOIEIN@?5?5gen?5reader?3?5?$CFp?6?$AA@ 0000000180007b88     plugin_test1.obj
 0002:00000ba0       ??_C@_0BC@GCDHCAFA@?5?5gen?5writer?3?5?$CFp?6?$AA@ 0000000180007ba0     plugin_test1.obj
 0002:00000bb8       ??_C@_0BG@GCCOCKIA@?$CK?$CK?$CK?$CK?$CK?$CK?$CK?$CK?5file?5test?53?6?$AA@ 0000000180007bb8     plugin_test1.obj
 0002:00000bd0       ??_C@_0BG@GHGBDMAF@?$CK?$CK?$CK?$CK?$CK?$CK?$CK?$CK?5file?5test?54?6?$AA@ 0000000180007bd0     plugin_test1.obj
 0002:00000be8       ??_C@_01KMDKNFGN@?1?$AA@   0000000180007be8     plugin_test1.obj
 0002:00000bf0       ??_C@_0M@PCCOIOKO@?4?1write?9dir?$AA@ 0000000180007bf0     plugin_test1.obj
 0002:00000c00       ??_C@_0P@PGIPMINA@?1read?9test?4txt?$AA@ 0000000180007c00     plugin_test1.obj
 0002:00000c10       ??_C@_0BA@NKKNEIEH@?1write?9test?4txt?$AA@ 0000000180007c10     plugin_test1.obj
 0002:00000c20       ??_C@_0BG@GGKDFGDC@?$CK?$CK?$CK?$CK?$CK?$CK?$CK?$CK?5file?5test?55?6?$AA@ 0000000180007c20     plugin_test1.obj
 0002:00000c38       ??_C@_0CK@DEJPICLK@UModSys?3?3modules?3?3test?3?3test1?3?3R@ 0000000180007c38     plugin_test1.obj
 0002:00000c68       ??_C@_0DD@HMBJLEH@UMODSYS_MODULE_NAME?$CItest?0test1?$CJ?3@ 0000000180007c68     plugin_test1.obj
 0002:00000c9b       ??_C@_00CNPNBAHC@?$AA@     0000000180007c9b     plugin_test1.obj
 0002:00000ca0       ??_C@_0N@FOCLJAHI@tests?3?3test1?$AA@ 0000000180007ca0     plugin_test1.obj
 0002:00000cb0       ??_C@_0BA@NMEBLMNE@Test?51?5?9?5module?$AA@ 0000000180007cb0     plugin_test1.obj
 0002:00000cc0       ??_C@_05GENPCEMM@Test1?$AA@ 0000000180007cc0     plugin_test1.obj
 0002:00000cc8       ??_C@_0BE@HJEBHPIG@RModuleReg?3?3open?$CI?$CJ?6?$AA@ 0000000180007cc8     plugin_test1.obj
 0002:00000ce0       ??_C@_0BF@KIBBFLP@RModuleReg?3?3close?$CI?$CJ?6?$AA@ 0000000180007ce0     plugin_test1.obj
 0002:00000cf8       ??_C@_09JGNMLHG@modobject?$AA@ 0000000180007cf8     plugin_test1.obj
 0002:00000d08       ??_C@_08FCBDOIAH@typeinfo?$AA@ 0000000180007d08     plugin_test1.obj
 0002:00000d28       ??_7IRoot@core@UModSys@@6B@ 0000000180007d28     plugin_test1.obj
 0002:00000d68       ??_7IRefObject@core@UModSys@@6B@ 0000000180007d68     plugin_test1.obj
 0002:00000dc8       ??_7ILines@test1@test@modules@UModSys@@6B@ 0000000180007dc8     plugin_test1.obj
 0002:00000e28       ??_7RLines@test1@test@modules@UModSys@@6B@ 0000000180007e28     plugin_test1.obj
 0002:00000e88       ??_7RLines_Filter@test1@test@modules@UModSys@@6B@ 0000000180007e88     plugin_test1.obj
 0002:00000f08       ??_7RTest1_Shell@test1@test@modules@UModSys@@6B@ 0000000180007f08     plugin_test1.obj
 0002:00000f88       ??_7RGenerator@test1@test@modules@UModSys@@6B@ 0000000180007f88     plugin_test1.obj
 0002:00001020       ??_7RModuleReg@test1@test@modules@UModSys@@6B@ 0000000180008020     plugin_test1.obj
 0002:00001058       ??_7RModuleLibraryReg_Chain@base@UModSys@@6B@ 0000000180008058     umodsys_lib_base:umodsys.base.moduleregchain.obj
 0002:00001090       ??_7IModuleReg@base@UModSys@@6B@ 0000000180008090     umodsys_lib_base:umodsys.base.modulereg.obj
 0002:000010c8       ??_7IModuleLibraryReg@base@UModSys@@6B@ 00000001800080c8     umodsys_lib_base:umodsys.base.modulereg.obj
 0002:000010f8       __real@3f50624dd2f1a9fc    00000001800080f8      CIL library: CIL module
 0002:00001380       ??_R4type_info@@6B@        0000000180008380     MSVCRT:ti_inst.obj
 0002:000013a8       ??_R3type_info@@8          00000001800083a8     MSVCRT:ti_inst.obj
 0002:000013c0       ??_R2type_info@@8          00000001800083c0     MSVCRT:ti_inst.obj
 0002:000013d0       ??_R1A@?0A@EA@type_info@@8 00000001800083d0     MSVCRT:ti_inst.obj
 0002:000013f8       ??_R4RModuleReg@test1@test@modules@UModSys@@6B@ 00000001800083f8     plugin_test1.obj
 0002:00001420       ??_R3RModuleReg@test1@test@modules@UModSys@@8 0000000180008420     plugin_test1.obj
 0002:00001438       ??_R2RModuleReg@test1@test@modules@UModSys@@8 0000000180008438     plugin_test1.obj
 0002:00001450       ??_R1A@?0A@EA@IModuleReg@base@UModSys@@8 0000000180008450     plugin_test1.obj
 0002:00001478       ??_R3IModuleReg@base@UModSys@@8 0000000180008478     plugin_test1.obj
 0002:00001490       ??_R2IModuleReg@base@UModSys@@8 0000000180008490     plugin_test1.obj
 0002:000014a0       ??_R1A@?0A@EA@RModuleReg@test1@test@modules@UModSys@@8 00000001800084a0     plugin_test1.obj
 0002:000014c8       ??_R4RGenerator@test1@test@modules@UModSys@@6B@ 00000001800084c8     plugin_test1.obj
 0002:000014f0       ??_R3RGenerator@test1@test@modules@UModSys@@8 00000001800084f0     plugin_test1.obj
 0002:00001508       ??_R2RGenerator@test1@test@modules@UModSys@@8 0000000180008508     plugin_test1.obj
 0002:00001538       ??_R1A@?0A@EA@RGenerator@test1@test@modules@UModSys@@8 0000000180008538     plugin_test1.obj
 0002:00001560       ??_R4RTest1_Shell@test1@test@modules@UModSys@@6B@ 0000000180008560     plugin_test1.obj
 0002:00001588       ??_R3RTest1_Shell@test1@test@modules@UModSys@@8 0000000180008588     plugin_test1.obj
 0002:000015a0       ??_R2RTest1_Shell@test1@test@modules@UModSys@@8 00000001800085a0     plugin_test1.obj
 0002:000015c8       ??_R1A@?0A@EA@RTest1_Shell@test1@test@modules@UModSys@@8 00000001800085c8     plugin_test1.obj
 0002:000015f0       ??_R4RLines_Filter@test1@test@modules@UModSys@@6B@ 00000001800085f0     plugin_test1.obj
 0002:00001618       ??_R3RLines_Filter@test1@test@modules@UModSys@@8 0000000180008618     plugin_test1.obj
 0002:00001630       ??_R2RLines_Filter@test1@test@modules@UModSys@@8 0000000180008630     plugin_test1.obj
 0002:00001658       ??_R1A@?0A@EA@RLines_Filter@test1@test@modules@UModSys@@8 0000000180008658     plugin_test1.obj
 0002:00001680       ??_R4RLines@test1@test@modules@UModSys@@6B@ 0000000180008680     plugin_test1.obj
 0002:000016a8       ??_R3RLines@test1@test@modules@UModSys@@8 00000001800086a8     plugin_test1.obj
 0002:000016c0       ??_R2RLines@test1@test@modules@UModSys@@8 00000001800086c0     plugin_test1.obj
 0002:000016e8       ??_R1A@?0A@EA@RLines@test1@test@modules@UModSys@@8 00000001800086e8     plugin_test1.obj
 0002:00001710       ??_R4ILines@test1@test@modules@UModSys@@6B@ 0000000180008710     plugin_test1.obj
 0002:00001738       ??_R3ILines@test1@test@modules@UModSys@@8 0000000180008738     plugin_test1.obj
 0002:00001750       ??_R2ILines@test1@test@modules@UModSys@@8 0000000180008750     plugin_test1.obj
 0002:00001770       ??_R1A@?0A@EA@ILines@test1@test@modules@UModSys@@8 0000000180008770     plugin_test1.obj
 0002:00001798       ??_R3IBinObjFilter@libmedia@UModSys@@8 0000000180008798     plugin_test1.obj
 0002:000017b0       ??_R2IBinObjFilter@libmedia@UModSys@@8 00000001800087b0     plugin_test1.obj
 0002:000017d0       ??_R1A@?0A@EA@IBinObjFilter@libmedia@UModSys@@8 00000001800087d0     plugin_test1.obj
 0002:000017f8       ??_R3IShell@base@UModSys@@8 00000001800087f8     plugin_test1.obj
 0002:00001810       ??_R2IShell@base@UModSys@@8 0000000180008810     plugin_test1.obj
 0002:00001830       ??_R1A@?0A@EA@IShell@base@UModSys@@8 0000000180008830     plugin_test1.obj
 0002:00001858       ??_R3IGenerator@base@UModSys@@8 0000000180008858     plugin_test1.obj
 0002:00001870       ??_R2IGenerator@base@UModSys@@8 0000000180008870     plugin_test1.obj
 0002:00001898       ??_R1A@?0A@EA@IGenerator@base@UModSys@@8 0000000180008898     plugin_test1.obj
 0002:000018c0       ??_R3IModObject@base@UModSys@@8 00000001800088c0     plugin_test1.obj
 0002:000018d8       ??_R2IModObject@base@UModSys@@8 00000001800088d8     plugin_test1.obj
 0002:000018f8       ??_R1A@?0A@EA@IModObject@base@UModSys@@8 00000001800088f8     plugin_test1.obj
 0002:00001920       ??_R4IRefObject@core@UModSys@@6B@ 0000000180008920     plugin_test1.obj
 0002:00001948       ??_R3IRefObject@core@UModSys@@8 0000000180008948     plugin_test1.obj
 0002:00001960       ??_R2IRefObject@core@UModSys@@8 0000000180008960     plugin_test1.obj
 0002:00001978       ??_R1A@?0A@EA@IRefObject@core@UModSys@@8 0000000180008978     plugin_test1.obj
 0002:000019a0       ??_R4IRoot@core@UModSys@@6B@ 00000001800089a0     plugin_test1.obj
 0002:000019c8       ??_R3IRoot@core@UModSys@@8 00000001800089c8     plugin_test1.obj
 0002:000019e0       ??_R2IRoot@core@UModSys@@8 00000001800089e0     plugin_test1.obj
 0002:000019f0       ??_R1A@?0A@EA@IRoot@core@UModSys@@8 00000001800089f0     plugin_test1.obj
 0002:00001a18       ??_R4RModuleLibraryReg_Chain@base@UModSys@@6B@ 0000000180008a18     umodsys_lib_base:umodsys.base.moduleregchain.obj
 0002:00001a40       ??_R3RModuleLibraryReg_Chain@base@UModSys@@8 0000000180008a40     umodsys_lib_base:umodsys.base.moduleregchain.obj
 0002:00001a58       ??_R2RModuleLibraryReg_Chain@base@UModSys@@8 0000000180008a58     umodsys_lib_base:umodsys.base.moduleregchain.obj
 0002:00001a70       ??_R1A@?0A@EA@IModuleLibraryReg@base@UModSys@@8 0000000180008a70     umodsys_lib_base:umodsys.base.moduleregchain.obj
 0002:00001a98       ??_R3IModuleLibraryReg@base@UModSys@@8 0000000180008a98     umodsys_lib_base:umodsys.base.moduleregchain.obj
 0002:00001ab0       ??_R2IModuleLibraryReg@base@UModSys@@8 0000000180008ab0     umodsys_lib_base:umodsys.base.moduleregchain.obj
 0002:00001ac0       ??_R1A@?0A@EA@RModuleLibraryReg_Chain@base@UModSys@@8 0000000180008ac0     umodsys_lib_base:umodsys.base.moduleregchain.obj
 0002:00001ae8       ??_R4IModuleLibraryReg@base@UModSys@@6B@ 0000000180008ae8     umodsys_lib_base:umodsys.base.modulereg.obj
 0002:00001b10       ??_R4IModuleReg@base@UModSys@@6B@ 0000000180008b10     umodsys_lib_base:umodsys.base.modulereg.obj
 0002:00001b38       __rtc_iaa                  0000000180008b38     MSVCRT:_initsect_.obj
 0002:00001b40       __rtc_izz                  0000000180008b40     MSVCRT:_initsect_.obj
 0002:00001b48       __rtc_taa                  0000000180008b48     MSVCRT:_initsect_.obj
 0002:00001b50       __rtc_tzz                  0000000180008b50     MSVCRT:_initsect_.obj
 0002:0000279c       __IMPORT_DESCRIPTOR_MSVCR90 000000018000979c     MSVCRT:MSVCR90.dll
 0002:000027b0       __IMPORT_DESCRIPTOR_KERNEL32 00000001800097b0     kernel32:KERNEL32.dll
 0002:000027c4       __NULL_IMPORT_DESCRIPTOR   00000001800097c4     MSVCRT:MSVCR90.dll
 0003:00000000       ??_R0?AVtype_info@@@8      000000018000a000     MSVCRT:ti_inst.obj
 0003:00000020       __native_dllmain_reason    000000018000a020     MSVCRT:natstart.obj
 0003:00000024       __native_vcclrit_reason    000000018000a024     MSVCRT:natstart.obj
 0003:00000028       __security_cookie          000000018000a028     MSVCRT:gs_cookie.obj
 0003:00000030       __security_cookie_complement 000000018000a030     MSVCRT:gs_cookie.obj
 0003:00000038       ??_R0?AUIModuleReg@base@UModSys@@@8 000000018000a038     plugin_test1.obj
 0003:00000068       ??_R0?AURModuleReg@test1@test@modules@UModSys@@@8 000000018000a068     plugin_test1.obj
 0003:000000a8       ??_R0?AURGenerator@test1@test@modules@UModSys@@@8 000000018000a0a8     plugin_test1.obj
 0003:000000e8       ??_R0?AURTest1_Shell@test1@test@modules@UModSys@@@8 000000018000a0e8     plugin_test1.obj
 0003:00000128       ??_R0?AURLines_Filter@test1@test@modules@UModSys@@@8 000000018000a128     plugin_test1.obj
 0003:00000168       ??_R0?AURLines@test1@test@modules@UModSys@@@8 000000018000a168     plugin_test1.obj
 0003:000001a0       ??_R0?AUILines@test1@test@modules@UModSys@@@8 000000018000a1a0     plugin_test1.obj
 0003:000001d8       ??_R0?AUIBinObjFilter@libmedia@UModSys@@@8 000000018000a1d8     plugin_test1.obj
 0003:00000210       ??_R0?AUIShell@base@UModSys@@@8 000000018000a210     plugin_test1.obj
 0003:00000240       ??_R0?AUIGenerator@base@UModSys@@@8 000000018000a240     plugin_test1.obj
 0003:00000270       ??_R0?AUIModObject@base@UModSys@@@8 000000018000a270     plugin_test1.obj
 0003:000002a0       ??_R0?AUIRefObject@core@UModSys@@@8 000000018000a2a0     plugin_test1.obj
 0003:000002d0       ??_R0?AUIRoot@core@UModSys@@@8 000000018000a2d0     plugin_test1.obj
 0003:00000330       ?so_entry_enabled_flag@base@UModSys@@3HA 000000018000a330     umodsys_lib_base:umodsys.so_main.win32.obj
 0003:00000358       ?s_null@?1??get_null@?$TSCoreShared@USIMemAlloc@core@UModSys@@D@su@tl@UModSys@@SAPEAU?$TSharedStringInfo@D@345@XZ@4U6345@A 000000018000a358     plugin_test1.obj
 0003:00000378       ??_R0?AUIModuleLibraryReg@base@UModSys@@@8 000000018000a378     umodsys_lib_base:umodsys.base.moduleregchain.obj
 0003:000003b0       ??_R0?AURModuleLibraryReg_Chain@base@UModSys@@@8 000000018000a3b0     umodsys_lib_base:umodsys.base.moduleregchain.obj
 0003:000003ec       _fltused                   000000018000a3ec     MSVCRT:dllsupp.obj
 0003:000003f4       _forceCRTManifestRTM       000000018000a3f4     MSVCRT:crtmanifestrtm.obj
 0003:000003f8       ?__type_info_root_node@@3U__type_info_node@@A 000000018000a3f8     MSVCRT:tncleanup.obj
 0003:00000448       ?s_id@?$TObjectUniqueID@UIBinObjFilter@libmedia@UModSys@@@tl@UModSys@@2USUniquePointer@core@3@A 000000018000a448     plugin_test1.obj
 0003:00000478       ?s_id@?$TObjectUniqueID@UILibraryBinTree@libmedia@UModSys@@@tl@UModSys@@2USUniquePointer@core@3@A 000000018000a478     plugin_test1.obj
 0003:000004a8       ?s_id@?$TObjectUniqueID@UIModObject@base@UModSys@@@tl@UModSys@@2USUniquePointer@core@3@A 000000018000a4a8     plugin_test1.obj
 0003:000004d8       ?s_id@?$TObjectUniqueID@UILines@test1@test@modules@UModSys@@@tl@UModSys@@2USUniquePointer@core@3@A 000000018000a4d8     plugin_test1.obj
 0003:00000508       ?s_id@?$TObjectUniqueID@URLines_Filter@test1@test@modules@UModSys@@@tl@UModSys@@2USUniquePointer@core@3@A 000000018000a508     plugin_test1.obj
 0003:00000538       ?s_id@?$TObjectUniqueID@UIGenerator@base@UModSys@@@tl@UModSys@@2USUniquePointer@core@3@A 000000018000a538     plugin_test1.obj
 0003:00000568       ?s_id@?$TObjectUniqueID@UIModule@base@UModSys@@@tl@UModSys@@2USUniquePointer@core@3@A 000000018000a568     plugin_test1.obj
 0003:00000598       ?s_id@?$TObjectUniqueID@UIBinArchive@libmedia@UModSys@@@tl@UModSys@@2USUniquePointer@core@3@A 000000018000a598     plugin_test1.obj
 0003:000005c8       ?s_id@?$TObjectUniqueID@UIRoot@core@UModSys@@@tl@UModSys@@2USUniquePointer@core@3@A 000000018000a5c8     plugin_test1.obj
 0003:000005f8       ?s_id@?$TObjectUniqueID@UIStreamWriter@libmedia@UModSys@@@tl@UModSys@@2USUniquePointer@core@3@A 000000018000a5f8     plugin_test1.obj
 0003:00000628       ?s_id@?$TObjectUniqueID@UISystem@base@UModSys@@@tl@UModSys@@2USUniquePointer@core@3@A 000000018000a628     plugin_test1.obj
 0003:00000658       ?s_id@?$TObjectUniqueID@URTest1_Shell@test1@test@modules@UModSys@@@tl@UModSys@@2USUniquePointer@core@3@A 000000018000a658     plugin_test1.obj
 0003:00000688       ?s_id@?$TObjectUniqueID@UIRefObject@core@UModSys@@@tl@UModSys@@2USUniquePointer@core@3@A 000000018000a688     plugin_test1.obj
 0003:000006b8       ?s_id@?$TObjectUniqueID@UILibraryLayered@libmedia@UModSys@@@tl@UModSys@@2USUniquePointer@core@3@A 000000018000a6b8     plugin_test1.obj
 0003:000006e8       ?s_id@?$TObjectUniqueID@UIShell@base@UModSys@@@tl@UModSys@@2USUniquePointer@core@3@A 000000018000a6e8     plugin_test1.obj
 0003:00000718       ?s_id@?$TObjectUniqueID@URLines@test1@test@modules@UModSys@@@tl@UModSys@@2USUniquePointer@core@3@A 000000018000a718     plugin_test1.obj
 0003:00000748       ?s_id@?$TObjectUniqueID@UILibraryBinCache@libmedia@UModSys@@@tl@UModSys@@2USUniquePointer@core@3@A 000000018000a748     plugin_test1.obj
 0003:00000778       ?s_id@?$TObjectUniqueID@UIConsole@base@UModSys@@@tl@UModSys@@2USUniquePointer@core@3@A 000000018000a778     plugin_test1.obj
 0003:000007a8       ?s_id@?$TObjectUniqueID@URGenerator@test1@test@modules@UModSys@@@tl@UModSys@@2USUniquePointer@core@3@A 000000018000a7a8     plugin_test1.obj
 0003:000007e0       ?s_modreg@RModuleReg@test1@test@modules@UModSys@@2U12345@A 000000018000a7e0     plugin_test1.obj
 0003:00000830       ?s_modreg_chain@RModuleReg@test1@test@modules@UModSys@@2USModuleRegChain@base@5@A 000000018000a830     plugin_test1.obj
 0003:00000848       ?s_uid@RGenerator@test1@test@modules@UModSys@@2USUniquePointer@core@5@A 000000018000a848     plugin_test1.obj
 0003:00000878       ?M@UModSys@@3USModuleContext@base@1@A 000000018000a878     umodsys_lib_base:umodsys.base.modulecontext.obj
 0003:000008a0       ?s_library@RModuleLibraryReg_Chain@base@UModSys@@2U123@A 000000018000a8a0     umodsys_lib_base:umodsys.base.moduleregchain.obj
 0003:000008a8       ?root@SModuleRegChain@base@UModSys@@2U123@A 000000018000a8a8     umodsys_lib_base:umodsys.base.moduleregchain.obj
 0003:000008c0       ?root@SUniquePointer@core@UModSys@@2U123@A 000000018000a8c0     umodsys_lib_core:umodsys.core.uniqueptr.obj
 0003:000008f0       ?s_id@?$TObjectUniqueID@UIModuleLibrary@base@UModSys@@@tl@UModSys@@2USUniquePointer@core@3@A 000000018000a8f0     plugin_test1.obj
 0003:00000920       ?s_id@?$TObjectUniqueID@UILibraryObjFilter@libmedia@UModSys@@@tl@UModSys@@2USUniquePointer@core@3@A 000000018000a920     plugin_test1.obj
 0003:00000950       ?s_id@?$TObjectUniqueID@UILibrary@libmedia@UModSys@@@tl@UModSys@@2USUniquePointer@core@3@A 000000018000a950     plugin_test1.obj
 0003:00000980       ?s_id@?$TObjectUniqueID@UIStreamReader@libmedia@UModSys@@@tl@UModSys@@2USUniquePointer@core@3@A 000000018000a980     plugin_test1.obj
 0003:000009b0       ?s_id@?$TObjectUniqueID@UIParameters@core@UModSys@@@tl@UModSys@@2USUniquePointer@core@3@A 000000018000a9b0     plugin_test1.obj
 0003:000009e0       __native_startup_state     000000018000a9e0     <common>
 0003:000009e8       __native_startup_lock      000000018000a9e8     <common>
 0003:000009f0       __dyn_tls_init_callback    000000018000a9f0     <common>
 0003:000009f8       __onexitend                000000018000a9f8     <common>
 0003:00000a00       __onexitbegin              000000018000aa00     <common>

 entry point at        0001:000012c8

 Static symbols

 0001:00000ed4       pre_c_init                 0000000180001ed4 f   MSVCRT:crtdll.obj
 0001:00001190       __DllMainCRTStartup        0000000180002190 f   MSVCRT:crtdll.obj
 0001:00004200       _onexit$fin$0              0000000180005200 f   MSVCRT:atonexit.obj
 0001:00004219       __DllMainCRTStartup$filt$0 0000000180005219 f   MSVCRT:crtdll.obj
 0001:00004249       __DllMainCRTStartup$fin$1  0000000180005249 f   MSVCRT:crtdll.obj
 0001:00004262       ?filt$0@?0??__ArrayUnwind@@YAXPEAX_KHP6AX0@Z@Z@4HA 0000000180005262 f   MSVCRT:ehvecdtr.obj
 0001:000042a1       ?fin$0@?0???_M@YAXPEAX_KHP6AX0@Z@Z@4HA 00000001800052a1 f   MSVCRT:ehvecdtr.obj
 0001:000042d0       _IsNonwritableInCurrentImage$filt$0 00000001800052d0 f   MSVCRT:pesect.obj
 0001:00004300       ?dtor$0@?0???1RTest1_Shell@test1@test@modules@UModSys@@UEAA@XZ@4HA 0000000180005300 f    CIL library: CIL module
 0001:00004300       ?dtor$0@?0???0RTest1_Shell@test1@test@modules@UModSys@@QEAA@PEAUIModObject@base@4@@Z@4HA 0000000180005300 f    CIL library: CIL module
 0001:00004320       ?dtor$0@?0??suicide@RLines_Filter@test1@test@modules@UModSys@@UEAAXXZ@4HA 0000000180005320 f    CIL library: CIL module
 0001:00004320       ?dtor$0@?0??suicide@RTest1_Shell@test1@test@modules@UModSys@@UEAAXXZ@4HA 0000000180005320 f    CIL library: CIL module
 0001:00004320       ?dtor$0@?0??suicide@RLines@test1@test@modules@UModSys@@UEAAXXZ@4HA 0000000180005320 f    CIL library: CIL module
 0001:00004340       ?dtor$0@?0???0RLines@test1@test@modules@UModSys@@QEAA@PEAUIModObject@base@4@AEBUSParameters@core@4@@Z@4HA 0000000180005340 f    CIL library: CIL module
 0001:00004360       ?dtor$0@?0??file_test1@RTest1_Shell@test1@test@modules@UModSys@@QEAAXXZ@4HA 0000000180005360 f    CIL library: CIL module
 0001:00004380       ?dtor$1@?0??file_test1@RTest1_Shell@test1@test@modules@UModSys@@QEAAXXZ@4HA 0000000180005380 f    CIL library: CIL module
 0001:000043a0       ?dtor$2@?0??file_test1@RTest1_Shell@test1@test@modules@UModSys@@QEAAXXZ@4HA 00000001800053a0 f    CIL library: CIL module
 0001:000043c0       ?dtor$5@?0??file_test1@RTest1_Shell@test1@test@modules@UModSys@@QEAAXXZ@4HA 00000001800053c0 f    CIL library: CIL module
 0001:000043e0       ?dtor$3@?0??file_test1@RTest1_Shell@test1@test@modules@UModSys@@QEAAXXZ@4HA 00000001800053e0 f    CIL library: CIL module
 0001:00004400       ?dtor$8@?0??file_test1@RTest1_Shell@test1@test@modules@UModSys@@QEAAXXZ@4HA 0000000180005400 f    CIL library: CIL module
 0001:00004430       ?dtor$0@?0??media_lay@RTest1_Shell@test1@test@modules@UModSys@@QEAA?AU?$TRefObject@UILibraryLayered@libmedia@UModSys@@U?$TRefObjectFunc@UILibraryLayered@libmedia@UModSys@@@tl@3@@tl@5@XZ@4HA 0000000180005430 f    CIL library: CIL module
 0001:00004450       ?dtor$1@?0??media_lay@RTest1_Shell@test1@test@modules@UModSys@@QEAA?AU?$TRefObject@UILibraryLayered@libmedia@UModSys@@U?$TRefObjectFunc@UILibraryLayered@libmedia@UModSys@@@tl@3@@tl@5@XZ@4HA 0000000180005450 f    CIL library: CIL module
 0001:00004470       ?dtor$4@?0??media_lay@RTest1_Shell@test1@test@modules@UModSys@@QEAA?AU?$TRefObject@UILibraryLayered@libmedia@UModSys@@U?$TRefObjectFunc@UILibraryLayered@libmedia@UModSys@@@tl@3@@tl@5@XZ@4HA 0000000180005470 f    CIL library: CIL module
 0001:00004490       ?dtor$2@?0??media_lay@RTest1_Shell@test1@test@modules@UModSys@@QEAA?AU?$TRefObject@UILibraryLayered@libmedia@UModSys@@U?$TRefObjectFunc@UILibraryLayered@libmedia@UModSys@@@tl@3@@tl@5@XZ@4HA 0000000180005490 f    CIL library: CIL module
 0001:000044d0       ?dtor$0@?0??media_flt@RTest1_Shell@test1@test@modules@UModSys@@QEAA?AU?$TRefObject@UILibraryObjFilter@libmedia@UModSys@@U?$TRefObjectFunc@UILibraryObjFilter@libmedia@UModSys@@@tl@3@@tl@5@XZ@4HA 00000001800054d0 f    CIL library: CIL module
 0001:000044f0       ?dtor$1@?0??media_flt@RTest1_Shell@test1@test@modules@UModSys@@QEAA?AU?$TRefObject@UILibraryObjFilter@libmedia@UModSys@@U?$TRefObjectFunc@UILibraryObjFilter@libmedia@UModSys@@@tl@3@@tl@5@XZ@4HA 00000001800054f0 f    CIL library: CIL module
 0001:00004510       ?dtor$4@?0??media_flt@RTest1_Shell@test1@test@modules@UModSys@@QEAA?AU?$TRefObject@UILibraryObjFilter@libmedia@UModSys@@U?$TRefObjectFunc@UILibraryObjFilter@libmedia@UModSys@@@tl@3@@tl@5@XZ@4HA 0000000180005510 f    CIL library: CIL module
 0001:00004530       ?dtor$2@?0??media_flt@RTest1_Shell@test1@test@modules@UModSys@@QEAA?AU?$TRefObject@UILibraryObjFilter@libmedia@UModSys@@U?$TRefObjectFunc@UILibraryObjFilter@libmedia@UModSys@@@tl@3@@tl@5@XZ@4HA 0000000180005530 f    CIL library: CIL module
 0001:00004570       ?dtor$0@?0??media_vfs@RTest1_Shell@test1@test@modules@UModSys@@QEAA?AU?$TRefObject@UILibraryBinTree@libmedia@UModSys@@U?$TRefObjectFunc@UILibraryBinTree@libmedia@UModSys@@@tl@3@@tl@5@XZ@4HA 0000000180005570 f    CIL library: CIL module
 0001:00004590       ?dtor$1@?0??media_vfs@RTest1_Shell@test1@test@modules@UModSys@@QEAA?AU?$TRefObject@UILibraryBinTree@libmedia@UModSys@@U?$TRefObjectFunc@UILibraryBinTree@libmedia@UModSys@@@tl@3@@tl@5@XZ@4HA 0000000180005590 f    CIL library: CIL module
 0001:000045b0       ?dtor$4@?0??media_vfs@RTest1_Shell@test1@test@modules@UModSys@@QEAA?AU?$TRefObject@UILibraryBinTree@libmedia@UModSys@@U?$TRefObjectFunc@UILibraryBinTree@libmedia@UModSys@@@tl@3@@tl@5@XZ@4HA 00000001800055b0 f    CIL library: CIL module
 0001:000045d0       ?dtor$2@?0??media_vfs@RTest1_Shell@test1@test@modules@UModSys@@QEAA?AU?$TRefObject@UILibraryBinTree@libmedia@UModSys@@U?$TRefObjectFunc@UILibraryBinTree@libmedia@UModSys@@@tl@3@@tl@5@XZ@4HA 00000001800055d0 f    CIL library: CIL module
 0001:00004610       ?dtor$0@?0??media_arch_stdio@RTest1_Shell@test1@test@modules@UModSys@@QEAA?AU?$TRefObject@UIBinArchive@libmedia@UModSys@@U?$TRefObjectFunc@UIBinArchive@libmedia@UModSys@@@tl@3@@tl@5@AEBU?$TString@U?$TSCoreConst@D@su@tl@UModSys@@U?$TComparerBinaryHash@D@234@@75@@Z@4HA 0000000180005610 f    CIL library: CIL module
 0001:00004630       ?dtor$1@?0??media_arch_stdio@RTest1_Shell@test1@test@modules@UModSys@@QEAA?AU?$TRefObject@UIBinArchive@libmedia@UModSys@@U?$TRefObjectFunc@UIBinArchive@libmedia@UModSys@@@tl@3@@tl@5@AEBU?$TString@U?$TSCoreConst@D@su@tl@UModSys@@U?$TComparerBinaryHash@D@234@@75@@Z@4HA 0000000180005630 f    CIL library: CIL module
 0001:00004650       ?dtor$4@?0??media_arch_stdio@RTest1_Shell@test1@test@modules@UModSys@@QEAA?AU?$TRefObject@UIBinArchive@libmedia@UModSys@@U?$TRefObjectFunc@UIBinArchive@libmedia@UModSys@@@tl@3@@tl@5@AEBU?$TString@U?$TSCoreConst@D@su@tl@UModSys@@U?$TComparerBinaryHash@D@234@@75@@Z@4HA 0000000180005650 f    CIL library: CIL module
 0001:00004680       ?dtor$0@?0??file_test5@RTest1_Shell@test1@test@modules@UModSys@@QEAAXXZ@4HA 0000000180005680 f    CIL library: CIL module
 0001:000046a0       ?dtor$1@?0??file_test5@RTest1_Shell@test1@test@modules@UModSys@@QEAAXXZ@4HA 00000001800056a0 f    CIL library: CIL module
 0001:000046c0       ?dtor$2@?0??file_test5@RTest1_Shell@test1@test@modules@UModSys@@QEAAXXZ@4HA 00000001800056c0 f    CIL library: CIL module
 0001:000046e0       ?dtor$3@?0??file_test5@RTest1_Shell@test1@test@modules@UModSys@@QEAAXXZ@4HA 00000001800056e0 f    CIL library: CIL module
 0001:00004700       ?dtor$4@?0??file_test5@RTest1_Shell@test1@test@modules@UModSys@@QEAAXXZ@4HA 0000000180005700 f    CIL library: CIL module
 0001:00004720       ?dtor$5@?0??file_test5@RTest1_Shell@test1@test@modules@UModSys@@QEAAXXZ@4HA 0000000180005720 f    CIL library: CIL module
 0001:00004740       ?dtor$6@?0??file_test5@RTest1_Shell@test1@test@modules@UModSys@@QEAAXXZ@4HA 0000000180005740 f    CIL library: CIL module
 0001:00004760       ?dtor$7@?0??file_test5@RTest1_Shell@test1@test@modules@UModSys@@QEAAXXZ@4HA 0000000180005760 f    CIL library: CIL module
 0001:00004780       ?dtor$8@?0??file_test5@RTest1_Shell@test1@test@modules@UModSys@@QEAAXXZ@4HA 0000000180005780 f    CIL library: CIL module
 0001:000047a0       ?dtor$9@?0??file_test5@RTest1_Shell@test1@test@modules@UModSys@@QEAAXXZ@4HA 00000001800057a0 f    CIL library: CIL module
 0001:000047c0       ?dtor$19@?0??file_test5@RTest1_Shell@test1@test@modules@UModSys@@QEAAXXZ@4HA 00000001800057c0 f    CIL library: CIL module
 0001:000047e0       ?dtor$10@?0??file_test5@RTest1_Shell@test1@test@modules@UModSys@@QEAAXXZ@4HA 00000001800057e0 f    CIL library: CIL module
 0001:00004800       ?dtor$11@?0??file_test5@RTest1_Shell@test1@test@modules@UModSys@@QEAAXXZ@4HA 0000000180005800 f    CIL library: CIL module
 0001:00004820       ?dtor$0@?0??file_test4@RTest1_Shell@test1@test@modules@UModSys@@QEAAXXZ@4HA 0000000180005820 f    CIL library: CIL module
 0001:00004840       ?dtor$1@?0??file_test4@RTest1_Shell@test1@test@modules@UModSys@@QEAAXXZ@4HA 0000000180005840 f    CIL library: CIL module
 0001:00004860       ?dtor$2@?0??file_test4@RTest1_Shell@test1@test@modules@UModSys@@QEAAXXZ@4HA 0000000180005860 f    CIL library: CIL module
 0001:00004880       ?dtor$3@?0??file_test4@RTest1_Shell@test1@test@modules@UModSys@@QEAAXXZ@4HA 0000000180005880 f    CIL library: CIL module
 0001:000048a0       ?dtor$4@?0??file_test4@RTest1_Shell@test1@test@modules@UModSys@@QEAAXXZ@4HA 00000001800058a0 f    CIL library: CIL module
 0001:000048c0       ?dtor$5@?0??file_test4@RTest1_Shell@test1@test@modules@UModSys@@QEAAXXZ@4HA 00000001800058c0 f    CIL library: CIL module
 0001:000048e0       ?dtor$7@?0??file_test4@RTest1_Shell@test1@test@modules@UModSys@@QEAAXXZ@4HA 00000001800058e0 f    CIL library: CIL module
 0001:00004910       ?dtor$0@?0??file_test3@RTest1_Shell@test1@test@modules@UModSys@@QEAAXXZ@4HA 0000000180005910 f    CIL library: CIL module
 0001:00004930       ?dtor$1@?0??file_test3@RTest1_Shell@test1@test@modules@UModSys@@QEAAXXZ@4HA 0000000180005930 f    CIL library: CIL module
 0001:00004960       ?dtor$0@?0??file_test2@RTest1_Shell@test1@test@modules@UModSys@@QEAAXXZ@4HA 0000000180005960 f    CIL library: CIL module
 0001:00004980       ?dtor$1@?0??file_test2@RTest1_Shell@test1@test@modules@UModSys@@QEAAXXZ@4HA 0000000180005980 f    CIL library: CIL module
 0001:000049a0       ?dtor$2@?0??file_test2@RTest1_Shell@test1@test@modules@UModSys@@QEAAXXZ@4HA 00000001800059a0 f    CIL library: CIL module
 0001:000049c0       ?dtor$0@?0??filter_load@RLines_Filter@test1@test@modules@UModSys@@UEAA_NAEAU?$TRefObject@UIRefObject@core@UModSys@@U?$TRefObjectFunc@UIRefObject@core@UModSys@@@tl@3@@tl@5@AEBUSInfo@IBinObjFilter@libmedia@5@@Z@4HA 00000001800059c0 f    CIL library: CIL module
 0001:000049e0       ?dtor$1@?0??filter_load@RLines_Filter@test1@test@modules@UModSys@@UEAA_NAEAU?$TRefObject@UIRefObject@core@UModSys@@U?$TRefObjectFunc@UIRefObject@core@UModSys@@@tl@3@@tl@5@AEBUSInfo@IBinObjFilter@libmedia@5@@Z@4HA 00000001800059e0 f    CIL library: CIL module
 0001:00004a00       ?dtor$0@?0??generate@RGenerator@test1@test@modules@UModSys@@UEAA_NAEAU?$TRefObject@UIRefObject@core@UModSys@@U?$TRefObjectFunc@UIRefObject@core@UModSys@@@tl@3@@tl@5@PEBUSUniquePointerInfo@core@5@AEBUSParameters@95@@Z@4HA 0000000180005a00 f    CIL library: CIL module
 0001:00004a20       ??__E?s_modreg@RModuleReg@test1@test@modules@UModSys@@2U12345@A@@YAXXZ 0000000180005a20 f    CIL library: CIL module
 0001:00004a90       ??__E?s_modreg_chain@RModuleReg@test1@test@modules@UModSys@@2USModuleRegChain@base@5@A@@YAXXZ 0000000180005a90 f    CIL library: CIL module
 0001:00004ac0       ??__E?s_uid@RGenerator@test1@test@modules@UModSys@@2USUniquePointer@core@5@A@@YAXXZ 0000000180005ac0 f    CIL library: CIL module
 0001:00004b00       ??__E?s_id@?$TObjectUniqueID@UIRoot@core@UModSys@@@tl@UModSys@@2USUniquePointer@core@3@A@@YAXXZ 0000000180005b00 f    CIL library: CIL module
 0001:00004b40       ??__E?s_id@?$TObjectUniqueID@UIRefObject@core@UModSys@@@tl@UModSys@@2USUniquePointer@core@3@A@@YAXXZ 0000000180005b40 f    CIL library: CIL module
 0001:00004b80       ??__E?s_id@?$TObjectUniqueID@UIParameters@core@UModSys@@@tl@UModSys@@2USUniquePointer@core@3@A@@YAXXZ 0000000180005b80 f    CIL library: CIL module
 0001:00004bc0       ??__E?s_id@?$TObjectUniqueID@UIModule@base@UModSys@@@tl@UModSys@@2USUniquePointer@core@3@A@@YAXXZ 0000000180005bc0 f    CIL library: CIL module
 0001:00004c00       ??__E?s_id@?$TObjectUniqueID@UIModuleLibrary@base@UModSys@@@tl@UModSys@@2USUniquePointer@core@3@A@@YAXXZ 0000000180005c00 f    CIL library: CIL module
 0001:00004c40       ??__E?s_id@?$TObjectUniqueID@UIModObject@base@UModSys@@@tl@UModSys@@2USUniquePointer@core@3@A@@YAXXZ 0000000180005c40 f    CIL library: CIL module
 0001:00004c80       ??__E?s_id@?$TObjectUniqueID@UIGenerator@base@UModSys@@@tl@UModSys@@2USUniquePointer@core@3@A@@YAXXZ 0000000180005c80 f    CIL library: CIL module
 0001:00004cc0       ??__E?s_id@?$TObjectUniqueID@UIShell@base@UModSys@@@tl@UModSys@@2USUniquePointer@core@3@A@@YAXXZ 0000000180005cc0 f    CIL library: CIL module
 0001:00004d00       ??__E?s_id@?$TObjectUniqueID@UIConsole@base@UModSys@@@tl@UModSys@@2USUniquePointer@core@3@A@@YAXXZ 0000000180005d00 f    CIL library: CIL module
 0001:00004d40       ??__E?s_id@?$TObjectUniqueID@UISystem@base@UModSys@@@tl@UModSys@@2USUniquePointer@core@3@A@@YAXXZ 0000000180005d40 f    CIL library: CIL module
 0001:00004d80       ??__E?s_id@?$TObjectUniqueID@UIStreamReader@libmedia@UModSys@@@tl@UModSys@@2USUniquePointer@core@3@A@@YAXXZ 0000000180005d80 f    CIL library: CIL module
 0001:00004dc0       ??__E?s_id@?$TObjectUniqueID@UIStreamWriter@libmedia@UModSys@@@tl@UModSys@@2USUniquePointer@core@3@A@@YAXXZ 0000000180005dc0 f    CIL library: CIL module
 0001:00004e00       ??__E?s_id@?$TObjectUniqueID@UIBinArchive@libmedia@UModSys@@@tl@UModSys@@2USUniquePointer@core@3@A@@YAXXZ 0000000180005e00 f    CIL library: CIL module
 0001:00004e40       ??__E?s_id@?$TObjectUniqueID@UIBinObjFilter@libmedia@UModSys@@@tl@UModSys@@2USUniquePointer@core@3@A@@YAXXZ 0000000180005e40 f    CIL library: CIL module
 0001:00004e80       ??__E?s_id@?$TObjectUniqueID@UILibrary@libmedia@UModSys@@@tl@UModSys@@2USUniquePointer@core@3@A@@YAXXZ 0000000180005e80 f    CIL library: CIL module
 0001:00004ec0       ??__E?s_id@?$TObjectUniqueID@UILibraryBinTree@libmedia@UModSys@@@tl@UModSys@@2USUniquePointer@core@3@A@@YAXXZ 0000000180005ec0 f    CIL library: CIL module
 0001:00004f00       ??__E?s_id@?$TObjectUniqueID@UILibraryBinCache@libmedia@UModSys@@@tl@UModSys@@2USUniquePointer@core@3@A@@YAXXZ 0000000180005f00 f    CIL library: CIL module
 0001:00004f40       ??__E?s_id@?$TObjectUniqueID@UILibraryObjFilter@libmedia@UModSys@@@tl@UModSys@@2USUniquePointer@core@3@A@@YAXXZ 0000000180005f40 f    CIL library: CIL module
 0001:00004f80       ??__E?s_id@?$TObjectUniqueID@UILibraryLayered@libmedia@UModSys@@@tl@UModSys@@2USUniquePointer@core@3@A@@YAXXZ 0000000180005f80 f    CIL library: CIL module
 0001:00004fc0       ??__E?s_id@?$TObjectUniqueID@UILines@test1@test@modules@UModSys@@@tl@UModSys@@2USUniquePointer@core@3@A@@YAXXZ 0000000180005fc0 f    CIL library: CIL module
 0001:00005000       ??__E?s_id@?$TObjectUniqueID@URLines@test1@test@modules@UModSys@@@tl@UModSys@@2USUniquePointer@core@3@A@@YAXXZ 0000000180006000 f    CIL library: CIL module
 0001:00005040       ??__E?s_id@?$TObjectUniqueID@URLines_Filter@test1@test@modules@UModSys@@@tl@UModSys@@2USUniquePointer@core@3@A@@YAXXZ 0000000180006040 f    CIL library: CIL module
 0001:00005080       ??__E?s_id@?$TObjectUniqueID@URTest1_Shell@test1@test@modules@UModSys@@@tl@UModSys@@2USUniquePointer@core@3@A@@YAXXZ 0000000180006080 f    CIL library: CIL module
 0001:000050c0       ??__E?s_id@?$TObjectUniqueID@URGenerator@test1@test@modules@UModSys@@@tl@UModSys@@2USUniquePointer@core@3@A@@YAXXZ 00000001800060c0 f    CIL library: CIL module
 0001:00005100       ??__EM@UModSys@@YAXXZ      0000000180006100 f    CIL library: CIL module
 0001:00005120       ??__E?root@SModuleRegChain@base@UModSys@@2U123@A@@YAXXZ 0000000180006120 f    CIL library: CIL module
 0001:00005150       ??__E?s_library@RModuleLibraryReg_Chain@base@UModSys@@2U123@A@@YAXXZ 0000000180006150 f    CIL library: CIL module
 0001:00005170       ??__E?root@SUniquePointer@core@UModSys@@2U123@A@@YAXXZ 0000000180006170 f    CIL library: CIL module
 0001:000051a0       ??__F?s_modreg@RModuleReg@test1@test@modules@UModSys@@2U12345@A@@YAXXZ 00000001800061a0 f    CIL library: CIL module
 0001:000051c0       ??__F?s_modreg_chain@RModuleReg@test1@test@modules@UModSys@@2USModuleRegChain@base@5@A@@YAXXZ 00000001800061c0 f    CIL library: CIL module
 0001:000051d0       ??__F?s_uid@RGenerator@test1@test@modules@UModSys@@2USUniquePointer@core@5@A@@YAXXZ 00000001800061d0 f    CIL library: CIL module
 0001:000051e0       ??__Fh@?1??s_holder@RGenerator@test1@test@modules@UModSys@@SAAEAU?$TTypeStaticHolder@URGenerator@test1@test@modules@UModSys@@@tl@5@XZ@YAXXZ 00000001800061e0 f    CIL library: CIL module
 0001:00005210       ??__F?s_id@?$TObjectUniqueID@URGenerator@test1@test@modules@UModSys@@@tl@UModSys@@2USUniquePointer@core@3@A@@YAXXZ 0000000180006210 f    CIL library: CIL module
 0001:00005220       ??__F?s_id@?$TObjectUniqueID@URTest1_Shell@test1@test@modules@UModSys@@@tl@UModSys@@2USUniquePointer@core@3@A@@YAXXZ 0000000180006220 f    CIL library: CIL module
 0001:00005230       ??__F?s_id@?$TObjectUniqueID@URLines_Filter@test1@test@modules@UModSys@@@tl@UModSys@@2USUniquePointer@core@3@A@@YAXXZ 0000000180006230 f    CIL library: CIL module
 0001:00005240       ??__F?s_id@?$TObjectUniqueID@URLines@test1@test@modules@UModSys@@@tl@UModSys@@2USUniquePointer@core@3@A@@YAXXZ 0000000180006240 f    CIL library: CIL module
 0001:00005250       ??__F?s_id@?$TObjectUniqueID@UILines@test1@test@modules@UModSys@@@tl@UModSys@@2USUniquePointer@core@3@A@@YAXXZ 0000000180006250 f    CIL library: CIL module
 0001:00005260       ??__F?s_id@?$TObjectUniqueID@UILibraryLayered@libmedia@UModSys@@@tl@UModSys@@2USUniquePointer@core@3@A@@YAXXZ 0000000180006260 f    CIL library: CIL module
 0001:00005270       ??__F?s_id@?$TObjectUniqueID@UILibraryObjFilter@libmedia@UModSys@@@tl@UModSys@@2USUniquePointer@core@3@A@@YAXXZ 0000000180006270 f    CIL library: CIL module
 0001:00005280       ??__F?s_id@?$TObjectUniqueID@UILibraryBinCache@libmedia@UModSys@@@tl@UModSys@@2USUniquePointer@core@3@A@@YAXXZ 0000000180006280 f    CIL library: CIL module
 0001:00005290       ??__F?s_id@?$TObjectUniqueID@UILibraryBinTree@libmedia@UModSys@@@tl@UModSys@@2USUniquePointer@core@3@A@@YAXXZ 0000000180006290 f    CIL library: CIL module
 0001:000052a0       ??__F?s_id@?$TObjectUniqueID@UILibrary@libmedia@UModSys@@@tl@UModSys@@2USUniquePointer@core@3@A@@YAXXZ 00000001800062a0 f    CIL library: CIL module
 0001:000052b0       ??__F?s_id@?$TObjectUniqueID@UIBinObjFilter@libmedia@UModSys@@@tl@UModSys@@2USUniquePointer@core@3@A@@YAXXZ 00000001800062b0 f    CIL library: CIL module
 0001:000052c0       ??__F?s_id@?$TObjectUniqueID@UIBinArchive@libmedia@UModSys@@@tl@UModSys@@2USUniquePointer@core@3@A@@YAXXZ 00000001800062c0 f    CIL library: CIL module
 0001:000052d0       ??__F?s_id@?$TObjectUniqueID@UIStreamWriter@libmedia@UModSys@@@tl@UModSys@@2USUniquePointer@core@3@A@@YAXXZ 00000001800062d0 f    CIL library: CIL module
 0001:000052e0       ??__F?s_id@?$TObjectUniqueID@UIStreamReader@libmedia@UModSys@@@tl@UModSys@@2USUniquePointer@core@3@A@@YAXXZ 00000001800062e0 f    CIL library: CIL module
 0001:000052f0       ??__F?s_id@?$TObjectUniqueID@UISystem@base@UModSys@@@tl@UModSys@@2USUniquePointer@core@3@A@@YAXXZ 00000001800062f0 f    CIL library: CIL module
 0001:00005300       ??__F?s_id@?$TObjectUniqueID@UIConsole@base@UModSys@@@tl@UModSys@@2USUniquePointer@core@3@A@@YAXXZ 0000000180006300 f    CIL library: CIL module
 0001:00005310       ??__F?s_id@?$TObjectUniqueID@UIShell@base@UModSys@@@tl@UModSys@@2USUniquePointer@core@3@A@@YAXXZ 0000000180006310 f    CIL library: CIL module
 0001:00005320       ??__F?s_id@?$TObjectUniqueID@UIGenerator@base@UModSys@@@tl@UModSys@@2USUniquePointer@core@3@A@@YAXXZ 0000000180006320 f    CIL library: CIL module
 0001:00005330       ??__F?s_id@?$TObjectUniqueID@UIModObject@base@UModSys@@@tl@UModSys@@2USUniquePointer@core@3@A@@YAXXZ 0000000180006330 f    CIL library: CIL module
 0001:00005340       ??__F?s_id@?$TObjectUniqueID@UIModuleLibrary@base@UModSys@@@tl@UModSys@@2USUniquePointer@core@3@A@@YAXXZ 0000000180006340 f    CIL library: CIL module
 0001:00005350       ??__F?s_id@?$TObjectUniqueID@UIModule@base@UModSys@@@tl@UModSys@@2USUniquePointer@core@3@A@@YAXXZ 0000000180006350 f    CIL library: CIL module
 0001:00005360       ??__F?s_id@?$TObjectUniqueID@UIParameters@core@UModSys@@@tl@UModSys@@2USUniquePointer@core@3@A@@YAXXZ 0000000180006360 f    CIL library: CIL module
 0001:00005370       ??__F?s_id@?$TObjectUniqueID@UIRefObject@core@UModSys@@@tl@UModSys@@2USUniquePointer@core@3@A@@YAXXZ 0000000180006370 f    CIL library: CIL module
 0001:00005380       ??__F?s_id@?$TObjectUniqueID@UIRoot@core@UModSys@@@tl@UModSys@@2USUniquePointer@core@3@A@@YAXXZ 0000000180006380 f    CIL library: CIL module
 0001:00005390       ??__FM@UModSys@@YAXXZ      0000000180006390 f    CIL library: CIL module
 0001:000053a0       ??__F?root@SModuleRegChain@base@UModSys@@2U123@A@@YAXXZ 00000001800063a0 f    CIL library: CIL module
 0001:000053b0       ??__F?s_library@RModuleLibraryReg_Chain@base@UModSys@@2U123@A@@YAXXZ 00000001800063b0 f    CIL library: CIL module
 0001:000053c0       ??__F?root@SUniquePointer@core@UModSys@@2U123@A@@YAXXZ 00000001800063c0 f    CIL library: CIL module

 Exports

  ordinal    name

        1    UModSys_Plugin_Entry2
