 plugin_test1

 Timestamp is 532ff0bd (Mon Mar 24 11:45:49 2014)

 Preferred load address is 0000000180000000

 Start         Length     Name                   Class
 0001:00000000 00048216H .text                   CODE
 0001:00048220 0000005eH .text$00                CODE
 0001:00048280 00002078H .text$x                 CODE
 0001:0004a300 00002312H .text$yc                CODE
 0001:0004c620 00000abcH .text$yd                CODE
 0002:00000000 00000410H .idata$5                DATA
 0002:00000410 00000008H .CRT$XCA                DATA
 0002:00000418 000020c0H .CRT$XCU                DATA
 0002:000024d8 00000008H .CRT$XCZ                DATA
 0002:000024e0 00000008H .CRT$XIA                DATA
 0002:000024e8 00000008H .CRT$XIAA               DATA
 0002:000024f0 00000008H .CRT$XIZ                DATA
 0002:00002500 00010828H .rdata                  DATA
 0002:00012d30 000032a4H .rdata$r                DATA
 0002:00015fd8 00000008H .rtc$IAA                DATA
 0002:00015fe0 00000008H .rtc$IZZ                DATA
 0002:00015fe8 00000008H .rtc$TAA                DATA
 0002:00015ff0 00000008H .rtc$TZZ                DATA
 0002:00015ff8 00004e50H .xdata                  DATA
 0002:0001ae48 00000078H .idata$2                DATA
 0002:0001aec0 00000014H .idata$3                DATA
 0002:0001aed8 00000410H .idata$4                DATA
 0002:0001b2e8 00000908H .idata$6                DATA
 0002:0001bbf0 00000059H .edata                  DATA
 0003:00000000 00001ad0H .data                   DATA
 0003:00001ad0 000024b0H .bss                    DATA
 0004:00000000 00003828H .pdata                  DATA

  Address         Publics by Value              Rva+Base               Lib:Object

 0000:00000000       ___safe_se_handler_count   0000000000000000     <absolute>
 0000:00000000       ___safe_se_handler_table   0000000000000000     <absolute>
 0000:00000000       __ImageBase                0000000180000000     <linker-defined>
 0001:00000000       ??1SMemShared@core@UModSys@@QEAA@XZ 0000000180001000 f i plugin_test1.obj
 0001:00000000       ??1State@RImage_Memory@stdlib@lib2d@modules@UModSys@@QEAA@XZ 0000000180001000 f i umodsys_lib_lib2d:umodsys.mod.2d.stdlib.obj
 0001:00000000       ??1SCMemShared@core@UModSys@@QEAA@XZ 0000000180001000 f i plugin_test1.obj
 0001:00000030       ??3IRoot@core@UModSys@@SAXPEAXAEBUSIMemAlloc@12@@Z 0000000180001030 f i plugin_test1.obj
 0001:00000040       ??_EIRoot@core@UModSys@@UEAAPEAXI@Z 0000000180001040 f i  CIL library: CIL module
 0001:00000040       ??_GIRoot@core@UModSys@@UEAAPEAXI@Z 0000000180001040 f i plugin_test1.obj
 0001:00000070       ??1IBinObjFilter@libmedia@UModSys@@UEAA@XZ 0000000180001070 f i plugin_test1.obj
 0001:000000b0       ?root_get_interface_info@RTest1_Shell@test1@test@modules@UModSys@@UEBAAEBUSUniquePointerInfo@core@5@XZ 00000001800010b0 f i plugin_test1.obj
 0001:000000c0       ?root_get_interface_type@RTest1_Shell@test1@test@modules@UModSys@@UEBAPEBUSUniquePointerInfo@core@5@XZ 00000001800010c0 f i plugin_test1.obj
 0001:000000d0       ?root_get_other_interface@RTest1_Shell@test1@test@modules@UModSys@@UEAAPEAUIRoot@core@5@PEBUSUniquePointerInfo@75@@Z 00000001800010d0 f i plugin_test1.obj
 0001:000000d0       ?root_get_other_interface@RTest1_Shell@test1@test@modules@UModSys@@UEBAPEBUIRoot@core@5@PEBUSUniquePointerInfo@75@@Z 00000001800010d0 f i plugin_test1.obj
 0001:00000100       ?root_is_interface_supported@RTest1_Shell@test1@test@modules@UModSys@@UEBA_NPEBUSUniquePointerInfo@core@5@@Z 0000000180001100 f i plugin_test1.obj
 0001:00000130       ?ref_add@RTest1_Shell@test1@test@modules@UModSys@@UEBAXXZ 0000000180001130 f i plugin_test1.obj
 0001:00000140       ?ref_remove@RTest1_Shell@test1@test@modules@UModSys@@UEBAXXZ 0000000180001140 f i plugin_test1.obj
 0001:00000160       ?ref_links@RTest1_Shell@test1@test@modules@UModSys@@UEBAHXZ 0000000180001160 f i plugin_test1.obj
 0001:00000170       ?ref_weak@RTest1_Shell@test1@test@modules@UModSys@@UEBA_NAEAUWeakPointer@IRefObject@core@5@@Z 0000000180001170 f i plugin_test1.obj
 0001:00000190       ?suicide@RTest1_Shell@test1@test@modules@UModSys@@UEAAXXZ 0000000180001190 f i plugin_test1.obj
 0001:000001e0       ??0RTest1_Shell@test1@test@modules@UModSys@@QEAA@PEAUIModObject@base@4@@Z 00000001800011e0 f i plugin_test1.obj
 0001:00000330       ??1RTest1_Shell@test1@test@modules@UModSys@@UEAA@XZ 0000000180001330 f i plugin_test1.obj
 0001:000003e0       ?connect@RTest1_Shell@test1@test@modules@UModSys@@UEAA_NXZ 00000001800013e0 f i plugin_test1.obj
 0001:00000410       ?disconnect@RTest1_Shell@test1@test@modules@UModSys@@UEAA_NXZ 0000000180001410 f i plugin_test1.obj
 0001:00000440       ?process_tick@RTest1_Shell@test1@test@modules@UModSys@@UEAA_NAEBUSTimeMsec@core@5@@Z 0000000180001440 f i plugin_test1.obj
 0001:00000480       ?process_command@RTest1_Shell@test1@test@modules@UModSys@@UEAA_NHQEBU?$TString@U?$TSCoreConst@D@su@tl@UModSys@@U?$TComparerBinaryHash@D@234@@tl@5@@Z 0000000180001480 f i plugin_test1.obj
 0001:000004b0       ??_GRTest1_Shell@test1@test@modules@UModSys@@UEAAPEAXI@Z 00000001800014b0 f i plugin_test1.obj
 0001:000004b0       ??_ERTest1_Shell@test1@test@modules@UModSys@@UEAAPEAXI@Z 00000001800014b0 f i  CIL library: CIL module
 0001:000004e0       ??1SFrameCreateParameters@libui@UModSys@@QEAA@XZ 00000001800014e0 f i plugin_test1.obj
 0001:00000510       ??1UI_Info@RTest1_Shell@test1@test@modules@UModSys@@QEAA@XZ 0000000180001510 f i plugin_test1.obj
 0001:00000610       ?get_generated_names@RGenerator@test1@test@modules@UModSys@@UEBAHAEAUSUniquePtrList@core@5@@Z 0000000180001610 f i plugin_test1.obj
 0001:00000630       ?get_generated_types@RGenerator@test1@test@modules@UModSys@@UEBAHAEAUSUniquePtrList@core@5@PEBUSUniquePointerInfo@75@@Z 0000000180001630 f i plugin_test1.obj
 0001:00000690       ?generate@RGenerator@test1@test@modules@UModSys@@UEAA_NAEAU?$TRefObject@UIRefObject@core@UModSys@@U?$TRefObjectFunc@UIRefObject@core@UModSys@@@tl@3@@tl@5@PEBUSUniquePointerInfo@core@5@AEBUSParameters@95@@Z 0000000180001690 f i plugin_test1.obj
 0001:00000730       ?root_get_interface_info@RGenerator@test1@test@modules@UModSys@@UEBAAEBUSUniquePointerInfo@core@5@XZ 0000000180001730 f i plugin_test1.obj
 0001:00000740       ?root_get_interface_type@RGenerator@test1@test@modules@UModSys@@UEBAPEBUSUniquePointerInfo@core@5@XZ 0000000180001740 f i plugin_test1.obj
 0001:00000750       ?root_get_other_interface@RGenerator@test1@test@modules@UModSys@@UEAAPEAUIRoot@core@5@PEBUSUniquePointerInfo@75@@Z 0000000180001750 f i plugin_test1.obj
 0001:00000750       ?root_get_other_interface@RGenerator@test1@test@modules@UModSys@@UEBAPEBUIRoot@core@5@PEBUSUniquePointerInfo@75@@Z 0000000180001750 f i plugin_test1.obj
 0001:00000790       ?root_is_interface_supported@RGenerator@test1@test@modules@UModSys@@UEBA_NPEBUSUniquePointerInfo@core@5@@Z 0000000180001790 f i plugin_test1.obj
 0001:000007d0       ?suicide@RGenerator@serialize_json@media@modules@UModSys@@UEAAXXZ 00000001800017d0 f i umodsys_lib_libmedia:umodsys.mod.media.serialize_json.obj
 0001:000007d0       ?suicide@RGenerator@images_std@media@modules@UModSys@@UEAAXXZ 00000001800017d0 f i umodsys_lib_libmedia:umodsys.mod.media.images_std.obj
 0001:000007d0       ?suicide@RGenerator@stdlib@lib2d@modules@UModSys@@UEAAXXZ 00000001800017d0 f i umodsys_lib_lib2d:umodsys.mod.2d.stdlib.obj
 0001:000007d0       ?suicide@RGenerator@test1@test@modules@UModSys@@UEAAXXZ 00000001800017d0 f i plugin_test1.obj
 0001:000007d0       ?suicide@RGenerator@SDL_GL@ui@modules@UModSys@@UEAAXXZ 00000001800017d0 f i umodsys_lib_libui:umodsys.mod.ui.SDL_GL.obj
 0001:000007d0       ?suicide@RGenerator@SDL_core@ui@modules@UModSys@@UEAAXXZ 00000001800017d0 f i umodsys_lib_libui:umodsys.mod.ui.SDL_core.obj
 0001:000007d0       ??3@YAXPEAX0@Z             00000001800017d0 f i plugin_test1.obj
 0001:000007d0       ?suicide@RGenerator@zlib@media@modules@UModSys@@UEAAXXZ 00000001800017d0 f i umodsys_lib_libmedia:umodsys.mod.media.zlib.obj
 0001:000007d0       ?suicide@RGenerator@frames@ui@modules@UModSys@@UEAAXXZ 00000001800017d0 f i umodsys_lib_libui:umodsys.mod.ui.frames.obj
 0001:000007e0       ?get_uid@RGenerator@test1@test@modules@UModSys@@UEBAPEBUSUniquePointerInfo@core@5@XZ 00000001800017e0 f i plugin_test1.obj
 0001:000007f0       ?do_open@RModuleReg@test1@test@modules@UModSys@@UEAA_NXZ 00000001800017f0 f i plugin_test1.obj
 0001:00000830       ?do_close@RModuleReg@test1@test@modules@UModSys@@UEAA_NXZ 0000000180001830 f i plugin_test1.obj
 0001:00000870       ??_ERModuleReg@test1@test@modules@UModSys@@UEAAPEAXI@Z 0000000180001870 f i  CIL library: CIL module
 0001:00000870       ??_GRModuleReg@test1@test@modules@UModSys@@UEAAPEAXI@Z 0000000180001870 f i plugin_test1.obj
 0001:000008a0       ??4?$TString@U?$TSCoreShared@USIMemAlloc@core@UModSys@@D@su@tl@UModSys@@U?$TComparerBinaryHash@D@234@@tl@UModSys@@QEAAAEBU012@AEBU012@@Z 00000001800018a0 f i plugin_test1.obj
 0001:000008f0       ?normalize@?$TVector3@N@math3d@UModSys@@QEAANXZ 00000001800018f0 f i plugin_test1.obj
 0001:000009a0       ??4?$TRefObject@UIRefObject@core@UModSys@@U?$TRefObjectFunc@UIRefObject@core@UModSys@@@tl@3@@tl@UModSys@@QEAAAEBU012@PEAUIRefObject@core@2@@Z 00000001800019a0 f i plugin_test1.obj
 0001:000009e0       ??1?$TRefObject@UIRenderDriver@lib2d@UModSys@@U?$TRefObjectFunc@UIRenderDriver@lib2d@UModSys@@@tl@3@@tl@UModSys@@QEAA@XZ 00000001800019e0 f i plugin_test1.obj
 0001:000009e0       ??1?$TRefObject@UITerminal@libui@UModSys@@U?$TRefObjectFunc@UITerminal@libui@UModSys@@@tl@3@@tl@UModSys@@QEAA@XZ 00000001800019e0 f i plugin_test1.obj
 0001:000009e0       ??1?$TRefObject@UIFrame@libui@UModSys@@U?$TRefObjectFunc@UIFrame@libui@UModSys@@@tl@3@@tl@UModSys@@QEAA@XZ 00000001800019e0 f i umodsys_lib_libui:umodsys.mod.ui.frames.obj
 0001:000009e0       ??1?$TRefObject@URTerminalX@SDL_GL@ui@modules@UModSys@@U?$TRefObjectFunc@URTerminalX@SDL_GL@ui@modules@UModSys@@@tl@5@@tl@UModSys@@QEAA@XZ 00000001800019e0 f i umodsys_lib_libui:umodsys.mod.ui.SDL_GL.obj
 0001:000009e0       ??1?$TRefObject@UIImage@lib2d@UModSys@@U?$TRefObjectFunc@UIImage@lib2d@UModSys@@@tl@3@@tl@UModSys@@QEAA@XZ 00000001800019e0 f i plugin_test1.obj
 0001:000009e0       ??1?$TRefObject@URRenderDriver3D@SDL_GL@ui@modules@UModSys@@U?$TRefObjectFunc@URRenderDriver3D@SDL_GL@ui@modules@UModSys@@@tl@5@@tl@UModSys@@QEAA@XZ 00000001800019e0 f i umodsys_lib_libui:umodsys.mod.ui.SDL_GL.obj
 0001:000009e0       ??1?$TRefObject@URDialog@frames@ui@modules@UModSys@@U?$TRefObjectFunc@URDialog@frames@ui@modules@UModSys@@@tl@5@@tl@UModSys@@QEAA@XZ 00000001800019e0 f i umodsys_lib_libui:umodsys.mod.ui.frames.obj
 0001:000009e0       ??1?$TRefObject@URImageFactory_Memory@stdlib@lib2d@modules@UModSys@@U?$TRefObjectFunc@URImageFactory_Memory@stdlib@lib2d@modules@UModSys@@@tl@5@@tl@UModSys@@QEAA@XZ 00000001800019e0 f i umodsys_lib_lib2d:umodsys.mod.2d.stdlib.obj
 0001:000009e0       ??1?$TRefObject@URMultiImage@stdlib@lib2d@modules@UModSys@@U?$TRefObjectFunc@URMultiImage@stdlib@lib2d@modules@UModSys@@@tl@5@@tl@UModSys@@QEAA@XZ 00000001800019e0 f i umodsys_lib_lib2d:umodsys.mod.2d.stdlib.obj
 0001:000009e0       ??1?$TRefObject@UIUtilities@libmedia@UModSys@@U?$TRefObjectFunc@UIUtilities@libmedia@UModSys@@@tl@3@@tl@UModSys@@QEAA@XZ 00000001800019e0 f i plugin_test1.obj
 0001:000009e0       ??1?$TRefObject@URSerializeReader@serialize_json@media@modules@UModSys@@U?$TRefObjectFunc@URSerializeReader@serialize_json@media@modules@UModSys@@@tl@5@@tl@UModSys@@QEAA@XZ 00000001800019e0 f i umodsys_lib_libmedia:umodsys.mod.media.serialize_json.obj
 0001:000009e0       ??1?$TRefObject@UIRefObject@core@UModSys@@U?$TRefObjectFunc@UIRefObject@core@UModSys@@@tl@3@@tl@UModSys@@QEAA@XZ 00000001800019e0 f i plugin_test1.obj
 0001:000009e0       ??1?$TRefObject@URTerminalX@SDL_core@ui@modules@UModSys@@U?$TRefObjectFunc@URTerminalX@SDL_core@ui@modules@UModSys@@@tl@5@@tl@UModSys@@QEAA@XZ 00000001800019e0 f i umodsys_lib_libui:umodsys.mod.ui.SDL_core.obj
 0001:000009e0       ??1?$TRefObject@URMultiImage2D_SDL_ttf@SDL_core@ui@modules@UModSys@@U?$TRefObjectFunc@URMultiImage2D_SDL_ttf@SDL_core@ui@modules@UModSys@@@tl@5@@tl@UModSys@@QEAA@XZ 00000001800019e0 f i umodsys_lib_libui:umodsys.mod.ui.SDL_core.obj
 0001:000009e0       ??1?$TRefObject@UICollector@libui@UModSys@@U?$TRefObjectFunc@UICollector@libui@UModSys@@@tl@3@@tl@UModSys@@QEAA@XZ 00000001800019e0 f i plugin_test1.obj
 0001:000009e0       ??1?$TRefObject@UIMultiImage@lib2d@UModSys@@U?$TRefObjectFunc@UIMultiImage@lib2d@UModSys@@@tl@3@@tl@UModSys@@QEAA@XZ 00000001800019e0 f i plugin_test1.obj
 0001:000009e0       ??1?$TRefObject@UIStreamReader@libmedia@UModSys@@U?$TRefObjectFunc@UIStreamReader@libmedia@UModSys@@@tl@3@@tl@UModSys@@QEAA@XZ 00000001800019e0 f i plugin_test1.obj
 0001:000009e0       ??1?$TRefObject@URRenderDriver2D@SDL_core@ui@modules@UModSys@@U?$TRefObjectFunc@URRenderDriver2D@SDL_core@ui@modules@UModSys@@@tl@5@@tl@UModSys@@QEAA@XZ 00000001800019e0 f i umodsys_lib_libui:umodsys.mod.ui.SDL_core.obj
 0001:000009e0       ??1?$TRefObject@UIVertexArray@lib3d@UModSys@@U?$TRefObjectFunc@UIVertexArray@lib3d@UModSys@@@tl@3@@tl@UModSys@@QEAA@XZ 00000001800019e0 f i plugin_test1.obj
 0001:000009e0       ??1?$TRefObject@URFrame_Common@frames@ui@modules@UModSys@@U?$TRefObjectFunc@URFrame_Common@frames@ui@modules@UModSys@@@tl@5@@tl@UModSys@@QEAA@XZ 00000001800019e0 f i umodsys_lib_libui:umodsys.mod.ui.frames.obj
 0001:000009e0       ??1?$TRefObject@URMultiImage2D_SDL_ttf@SDL_GL@ui@modules@UModSys@@U?$TRefObjectFunc@URMultiImage2D_SDL_ttf@SDL_GL@ui@modules@UModSys@@@tl@5@@tl@UModSys@@QEAA@XZ 00000001800019e0 f i umodsys_lib_libui:umodsys.mod.ui.SDL_GL.obj
 0001:000009e0       ??1?$TRefObject@URBinArchiveFrameClient_ZIP@zlib@media@modules@UModSys@@U?$TRefObjectFunc@URBinArchiveFrameClient_ZIP@zlib@media@modules@UModSys@@@tl@5@@tl@UModSys@@QEAA@XZ 00000001800019e0 f i umodsys_lib_libmedia:umodsys.mod.media.zlib.obj
 0001:000009e0       ??1?$TRefObject@UIKeyboardController@libui@UModSys@@U?$TRefObjectFunc@UIKeyboardController@libui@UModSys@@@tl@3@@tl@UModSys@@QEAA@XZ 00000001800019e0 f i plugin_test1.obj
 0001:000009e0       ??1?$TRefObject@URImage_Memory@stdlib@lib2d@modules@UModSys@@U?$TRefObjectFunc@URImage_Memory@stdlib@lib2d@modules@UModSys@@@tl@5@@tl@UModSys@@QEAA@XZ 00000001800019e0 f i umodsys_lib_lib2d:umodsys.mod.2d.stdlib.obj
 0001:000009e0       ??1?$TRefObject@UIMouseController@libui@UModSys@@U?$TRefObjectFunc@UIMouseController@libui@UModSys@@@tl@3@@tl@UModSys@@QEAA@XZ 00000001800019e0 f i plugin_test1.obj
 0001:000009e0       ??1?$TRefObject@URCollector@frames@ui@modules@UModSys@@U?$TRefObjectFunc@URCollector@frames@ui@modules@UModSys@@@tl@5@@tl@UModSys@@QEAA@XZ 00000001800019e0 f i umodsys_lib_libui:umodsys.mod.ui.frames.obj
 0001:000009e0       ??1?$TRefObject@URVertexArray@SDL_GL@ui@modules@UModSys@@U?$TRefObjectFunc@URVertexArray@SDL_GL@ui@modules@UModSys@@@tl@5@@tl@UModSys@@QEAA@XZ 00000001800019e0 f i umodsys_lib_libui:umodsys.mod.ui.SDL_GL.obj
 0001:000009e0       ??1?$TRefObject@UIImageFactory@lib2d@UModSys@@U?$TRefObjectFunc@UIImageFactory@lib2d@UModSys@@@tl@3@@tl@UModSys@@QEAA@XZ 00000001800019e0 f i plugin_test1.obj
 0001:000009e0       ??1?$TRefObject@URSerializeWriter@serialize_json@media@modules@UModSys@@U?$TRefObjectFunc@URSerializeWriter@serialize_json@media@modules@UModSys@@@tl@5@@tl@UModSys@@QEAA@XZ 00000001800019e0 f i umodsys_lib_libmedia:umodsys.mod.media.serialize_json.obj
 0001:000009e0       ??1?$TRefObject@UIStreamWriter@libmedia@UModSys@@U?$TRefObjectFunc@UIStreamWriter@libmedia@UModSys@@@tl@3@@tl@UModSys@@QEAA@XZ 00000001800019e0 f i plugin_test1.obj
 0001:000009e0       ??1?$TRefObject@UIRenderDriver@lib3d@UModSys@@U?$TRefObjectFunc@UIRenderDriver@lib3d@UModSys@@@tl@3@@tl@UModSys@@QEAA@XZ 00000001800019e0 f i plugin_test1.obj
 0001:000009e0       ??1?$TRefObject@URMediaFilter@images_std@media@modules@UModSys@@U?$TRefObjectFunc@URMediaFilter@images_std@media@modules@UModSys@@@tl@5@@tl@UModSys@@QEAA@XZ 00000001800019e0 f i umodsys_lib_libmedia:umodsys.mod.media.images_std.obj
 0001:00000a10       ??_GRGenerator@frames@ui@modules@UModSys@@UEAAPEAXI@Z 0000000180001a10 f i umodsys_lib_libui:umodsys.mod.ui.frames.obj
 0001:00000a10       ??_GRGenerator@zlib@media@modules@UModSys@@UEAAPEAXI@Z 0000000180001a10 f i umodsys_lib_libmedia:umodsys.mod.media.zlib.obj
 0001:00000a10       ??_ERGenerator@frames@ui@modules@UModSys@@UEAAPEAXI@Z 0000000180001a10 f i  CIL library: CIL module
 0001:00000a10       ??_ERGenerator@zlib@media@modules@UModSys@@UEAAPEAXI@Z 0000000180001a10 f i  CIL library: CIL module
 0001:00000a10       ??_ERGenerator@test1@test@modules@UModSys@@UEAAPEAXI@Z 0000000180001a10 f i  CIL library: CIL module
 0001:00000a10       ??_GRGenerator@SDL_GL@ui@modules@UModSys@@UEAAPEAXI@Z 0000000180001a10 f i umodsys_lib_libui:umodsys.mod.ui.SDL_GL.obj
 0001:00000a10       ??_ERGenerator@SDL_GL@ui@modules@UModSys@@UEAAPEAXI@Z 0000000180001a10 f i  CIL library: CIL module
 0001:00000a10       ??_GRGenerator@serialize_json@media@modules@UModSys@@UEAAPEAXI@Z 0000000180001a10 f i umodsys_lib_libmedia:umodsys.mod.media.serialize_json.obj
 0001:00000a10       ??_GRGenerator@test1@test@modules@UModSys@@UEAAPEAXI@Z 0000000180001a10 f i plugin_test1.obj
 0001:00000a10       ??_GRGenerator@images_std@media@modules@UModSys@@UEAAPEAXI@Z 0000000180001a10 f i umodsys_lib_libmedia:umodsys.mod.media.images_std.obj
 0001:00000a10       ??_ERGenerator@stdlib@lib2d@modules@UModSys@@UEAAPEAXI@Z 0000000180001a10 f i  CIL library: CIL module
 0001:00000a10       ??_EIRefObject@core@UModSys@@UEAAPEAXI@Z 0000000180001a10 f i  CIL library: CIL module
 0001:00000a10       ??_GRGenerator@stdlib@lib2d@modules@UModSys@@UEAAPEAXI@Z 0000000180001a10 f i umodsys_lib_lib2d:umodsys.mod.2d.stdlib.obj
 0001:00000a10       ??_ERGenerator@images_std@media@modules@UModSys@@UEAAPEAXI@Z 0000000180001a10 f i  CIL library: CIL module
 0001:00000a10       ??_GIRefObject@core@UModSys@@UEAAPEAXI@Z 0000000180001a10 f i plugin_test1.obj
 0001:00000a10       ??_GRGenerator@SDL_core@ui@modules@UModSys@@UEAAPEAXI@Z 0000000180001a10 f i umodsys_lib_libui:umodsys.mod.ui.SDL_core.obj
 0001:00000a10       ??_ERGenerator@SDL_core@ui@modules@UModSys@@UEAAPEAXI@Z 0000000180001a10 f i  CIL library: CIL module
 0001:00000a10       ??_ERGenerator@serialize_json@media@modules@UModSys@@UEAAPEAXI@Z 0000000180001a10 f i  CIL library: CIL module
 0001:00000a40       ?info_release@?$TSCoreShared@USIMemAlloc@core@UModSys@@D@su@tl@UModSys@@QEAAXXZ 0000000180001a40 f i plugin_test1.obj
 0001:00000ae0       ?info_new@?$TSCoreShared@USIMemAlloc@core@UModSys@@D@su@tl@UModSys@@QEAA_NPEBD_K@Z 0000000180001ae0 f i plugin_test1.obj
 0001:00000bd0       ?get_null@?$TSCoreShared@USIMemAlloc@core@UModSys@@D@su@tl@UModSys@@SAPEAU?$TSharedStringInfo@DUSIMemAlloc@core@UModSys@@@234@XZ 0000000180001bd0 f i plugin_test1.obj
 0001:00000c20       ?mult3@?$TMatrix44@N@math3d@UModSys@@QEAAXAEBU123@0@Z 0000000180001c20 f i plugin_test1.obj
 0001:00000dc0       ?set_rotate_about@?$TMatrix44@N@math3d@UModSys@@QEAAXAEBU?$TVector3@N@23@N@Z 0000000180001dc0 f i plugin_test1.obj
 0001:00001030       ?set_look_at@?$TMatrix44@N@math3d@UModSys@@QEAA_NAEBU?$TVector3@N@23@00@Z 0000000180002030 f i plugin_test1.obj
 0001:00001310       ?set_inversed@?$TMatrix44@N@math3d@UModSys@@QEAA_NAEBU123@@Z 0000000180002310 f i plugin_test1.obj
 0001:00001a00       ??$generate_type@UICollector@libui@UModSys@@@RTest1_Shell@test1@test@modules@UModSys@@SA?AU?$TRefObject@UICollector@libui@UModSys@@U?$TRefObjectFunc@UICollector@libui@UModSys@@@tl@3@@tl@4@AEBU?$TString@U?$TSCoreConst@D@su@tl@UModSys@@U?$TComparerBinaryHash@D@234@@64@AEBUSParameters@core@4@PEBD@Z 0000000180002a00 f i plugin_test1.obj
 0001:00001bb0       ??$generate_type@UITerminal@libui@UModSys@@@RTest1_Shell@test1@test@modules@UModSys@@SA?AU?$TRefObject@UITerminal@libui@UModSys@@U?$TRefObjectFunc@UITerminal@libui@UModSys@@@tl@3@@tl@4@AEBU?$TString@U?$TSCoreConst@D@su@tl@UModSys@@U?$TComparerBinaryHash@D@234@@64@AEBUSParameters@core@4@PEBD@Z 0000000180002bb0 f i plugin_test1.obj
 0001:00001d60       ??$shash@D@su@tl@UModSys@@YA_KPEBD_K@Z 0000000180002d60 f i plugin_test1.obj
 0001:00001da0       ??1?$TRefObject@UIModObject@base@UModSys@@U?$TModObjectFunc@UIModObject@base@UModSys@@@tl@3@@tl@UModSys@@QEAA@XZ 0000000180002da0 f i plugin_test1.obj
 0001:00001dd0       ?mult@?$TMatrix44@N@math3d@UModSys@@QEAAXAEBU123@0@Z 0000000180002dd0 f i plugin_test1.obj
 0001:000021a0       ?get_determinant@?$TMatrix44@N@math3d@UModSys@@QEBANXZ 00000001800031a0 f i plugin_test1.obj
 0001:000023c0       ??$t_ref_get_other_interface@UIStreamReader@libmedia@UModSys@@U?$TRefObjectFunc@UIStreamReader@libmedia@UModSys@@@tl@3@@IRefObject@core@UModSys@@QEAA_NAEAU?$TRefObject@UIStreamReader@libmedia@UModSys@@U?$TRefObjectFunc@UIStreamReader@libmedia@UModSys@@@tl@3@@tl@2@@Z 00000001800033c0 f i plugin_test1.obj
 0001:00002410       ??$t_ref_get_other_interface@UIStreamWriter@libmedia@UModSys@@U?$TRefObjectFunc@UIStreamWriter@libmedia@UModSys@@@tl@3@@IRefObject@core@UModSys@@QEAA_NAEAU?$TRefObject@UIStreamWriter@libmedia@UModSys@@U?$TRefObjectFunc@UIStreamWriter@libmedia@UModSys@@@tl@3@@tl@2@@Z 0000000180003410 f i plugin_test1.obj
 0001:00002460       ??$t_generate@UICollector@libui@UModSys@@@SModuleContext@base@UModSys@@QEAA_NAEAU?$TRefObject@UICollector@libui@UModSys@@U?$TRefObjectFunc@UICollector@libui@UModSys@@@tl@3@@tl@2@PEBUSUniquePointerInfo@core@2@AEBUSParameters@62@@Z 0000000180003460 f i plugin_test1.obj
 0001:00002530       ??$t_generate@UITerminal@libui@UModSys@@@SModuleContext@base@UModSys@@QEAA_NAEAU?$TRefObject@UITerminal@libui@UModSys@@U?$TRefObjectFunc@UITerminal@libui@UModSys@@@tl@3@@tl@2@PEBUSUniquePointerInfo@core@2@AEBUSParameters@62@@Z 0000000180003530 f i plugin_test1.obj
 0001:00002600       ??$t_ref_get_other_interface@UIImage@lib2d@UModSys@@U?$TRefObjectFunc@UIImage@lib2d@UModSys@@@tl@3@@IRefObject@core@UModSys@@QEAA_NAEAU?$TRefObject@UIImage@lib2d@UModSys@@U?$TRefObjectFunc@UIImage@lib2d@UModSys@@@tl@3@@tl@2@@Z 0000000180003600 f i plugin_test1.obj
 0001:00002650       ??$t_ref_get_other_interface@UIImageFactory@lib2d@UModSys@@U?$TRefObjectFunc@UIImageFactory@lib2d@UModSys@@@tl@3@@IRefObject@core@UModSys@@QEAA_NAEAU?$TRefObject@UIImageFactory@lib2d@UModSys@@U?$TRefObjectFunc@UIImageFactory@lib2d@UModSys@@@tl@3@@tl@2@@Z 0000000180003650 f i plugin_test1.obj
 0001:000026a0       ??$t_ref_get_other_interface@UIMultiImage@lib2d@UModSys@@U?$TRefObjectFunc@UIMultiImage@lib2d@UModSys@@@tl@3@@IRefObject@core@UModSys@@QEAA_NAEAU?$TRefObject@UIMultiImage@lib2d@UModSys@@U?$TRefObjectFunc@UIMultiImage@lib2d@UModSys@@@tl@3@@tl@2@@Z 00000001800036a0 f i plugin_test1.obj
 0001:000026f0       ?root_get_interface_info@RImage_Memory@stdlib@lib2d@modules@UModSys@@UEBAAEBUSUniquePointerInfo@core@5@XZ 00000001800036f0 f i umodsys_lib_lib2d:umodsys.mod.2d.stdlib.obj
 0001:00002700       ?root_get_interface_type@RImage_Memory@stdlib@lib2d@modules@UModSys@@UEBAPEBUSUniquePointerInfo@core@5@XZ 0000000180003700 f i umodsys_lib_lib2d:umodsys.mod.2d.stdlib.obj
 0001:00002710       ?root_get_other_interface@RImage_Memory@stdlib@lib2d@modules@UModSys@@UEAAPEAUIRoot@core@5@PEBUSUniquePointerInfo@75@@Z 0000000180003710 f i umodsys_lib_lib2d:umodsys.mod.2d.stdlib.obj
 0001:00002710       ?root_get_other_interface@RImage_Memory@stdlib@lib2d@modules@UModSys@@UEBAPEBUIRoot@core@5@PEBUSUniquePointerInfo@75@@Z 0000000180003710 f i umodsys_lib_lib2d:umodsys.mod.2d.stdlib.obj
 0001:00002740       ?root_is_interface_supported@RImage_Memory@stdlib@lib2d@modules@UModSys@@UEBA_NPEBUSUniquePointerInfo@core@5@@Z 0000000180003740 f i umodsys_lib_lib2d:umodsys.mod.2d.stdlib.obj
 0001:00002770       ?root_get_interface_info@RImageFactory_Memory@stdlib@lib2d@modules@UModSys@@UEBAAEBUSUniquePointerInfo@core@5@XZ 0000000180003770 f i umodsys_lib_lib2d:umodsys.mod.2d.stdlib.obj
 0001:00002780       ?root_get_interface_type@RImageFactory_Memory@stdlib@lib2d@modules@UModSys@@UEBAPEBUSUniquePointerInfo@core@5@XZ 0000000180003780 f i umodsys_lib_lib2d:umodsys.mod.2d.stdlib.obj
 0001:00002790       ?root_get_other_interface@RImageFactory_Memory@stdlib@lib2d@modules@UModSys@@UEAAPEAUIRoot@core@5@PEBUSUniquePointerInfo@75@@Z 0000000180003790 f i umodsys_lib_lib2d:umodsys.mod.2d.stdlib.obj
 0001:00002790       ?root_get_other_interface@RImageFactory_Memory@stdlib@lib2d@modules@UModSys@@UEBAPEBUIRoot@core@5@PEBUSUniquePointerInfo@75@@Z 0000000180003790 f i umodsys_lib_lib2d:umodsys.mod.2d.stdlib.obj
 0001:000027c0       ?root_is_interface_supported@RImageFactory_Memory@stdlib@lib2d@modules@UModSys@@UEBA_NPEBUSUniquePointerInfo@core@5@@Z 00000001800037c0 f i umodsys_lib_lib2d:umodsys.mod.2d.stdlib.obj
 0001:000027f0       ?ref_remove@RGenerator@stdlib@lib2d@modules@UModSys@@UEBAXXZ 00000001800037f0 f i umodsys_lib_lib2d:umodsys.mod.2d.stdlib.obj
 0001:000027f0       ?ref_remove@RGenerator@test1@test@modules@UModSys@@UEBAXXZ 00000001800037f0 f i plugin_test1.obj
 0001:000027f0       ?ref_remove@RSerializeReader@serialize_json@media@modules@UModSys@@UEBAXXZ 00000001800037f0 f i umodsys_lib_libmedia:umodsys.mod.media.serialize_json.obj
 0001:000027f0       ?ref_remove@RMultiImage@stdlib@lib2d@modules@UModSys@@UEBAXXZ 00000001800037f0 f i umodsys_lib_lib2d:umodsys.mod.2d.stdlib.obj
 0001:000027f0       ?ref_remove@RDialog@frames@ui@modules@UModSys@@UEBAXXZ 00000001800037f0 f i umodsys_lib_libui:umodsys.mod.ui.frames.obj
 0001:000027f0       ?ref_remove@RImage_Memory@stdlib@lib2d@modules@UModSys@@UEBAXXZ 00000001800037f0 f i umodsys_lib_lib2d:umodsys.mod.2d.stdlib.obj
 0001:000027f0       ?ref_remove@RTerminal@SDL_core@ui@modules@UModSys@@UEBAXXZ 00000001800037f0 f i umodsys_lib_libui:umodsys.mod.ui.SDL_core.obj
 0001:000027f0       ?ref_remove@RGenerator@SDL_core@ui@modules@UModSys@@UEBAXXZ 00000001800037f0 f i umodsys_lib_libui:umodsys.mod.ui.SDL_core.obj
 0001:000027f0       ?ref_remove@RMultiImage2D_SDL_ttf@SDL_GL@ui@modules@UModSys@@UEBAXXZ 00000001800037f0 f i umodsys_lib_libui:umodsys.mod.ui.SDL_GL.obj
 0001:000027f0       ?ref_remove@RVertexArray@SDL_GL@ui@modules@UModSys@@UEBAXXZ 00000001800037f0 f i umodsys_lib_libui:umodsys.mod.ui.SDL_GL.obj
 0001:000027f0       ?ref_remove@RGenerator@serialize_json@media@modules@UModSys@@UEBAXXZ 00000001800037f0 f i umodsys_lib_libmedia:umodsys.mod.media.serialize_json.obj
 0001:000027f0       ?ref_remove@RGenerator@zlib@media@modules@UModSys@@UEBAXXZ 00000001800037f0 f i umodsys_lib_libmedia:umodsys.mod.media.zlib.obj
 0001:000027f0       ?ref_remove@RTerminal@SDL_GL@ui@modules@UModSys@@UEBAXXZ 00000001800037f0 f i umodsys_lib_libui:umodsys.mod.ui.SDL_GL.obj
 0001:000027f0       ?ref_remove@RGenerator@SDL_GL@ui@modules@UModSys@@UEBAXXZ 00000001800037f0 f i umodsys_lib_libui:umodsys.mod.ui.SDL_GL.obj
 0001:000027f0       ?ref_remove@RMultiImage2D_SDL_ttf@SDL_core@ui@modules@UModSys@@UEBAXXZ 00000001800037f0 f i umodsys_lib_libui:umodsys.mod.ui.SDL_core.obj
 0001:000027f0       ?ref_remove@RGenerator@frames@ui@modules@UModSys@@UEBAXXZ 00000001800037f0 f i umodsys_lib_libui:umodsys.mod.ui.frames.obj
 0001:000027f0       ?ref_remove@RGenerator@images_std@media@modules@UModSys@@UEBAXXZ 00000001800037f0 f i umodsys_lib_libmedia:umodsys.mod.media.images_std.obj
 0001:000027f0       ?ref_remove@RBinArchiveFrameClient_ZIP@zlib@media@modules@UModSys@@UEBAXXZ 00000001800037f0 f i umodsys_lib_libmedia:umodsys.mod.media.zlib.obj
 0001:000027f0       ?ref_remove@RImageFactory_Memory@stdlib@lib2d@modules@UModSys@@UEBAXXZ 00000001800037f0 f i umodsys_lib_lib2d:umodsys.mod.2d.stdlib.obj
 0001:00002810       ?root_get_interface_info@RMultiImage@stdlib@lib2d@modules@UModSys@@UEBAAEBUSUniquePointerInfo@core@5@XZ 0000000180003810 f i umodsys_lib_lib2d:umodsys.mod.2d.stdlib.obj
 0001:00002820       ?root_get_interface_type@RMultiImage@stdlib@lib2d@modules@UModSys@@UEBAPEBUSUniquePointerInfo@core@5@XZ 0000000180003820 f i umodsys_lib_lib2d:umodsys.mod.2d.stdlib.obj
 0001:00002830       ?root_get_other_interface@RMultiImage@stdlib@lib2d@modules@UModSys@@UEBAPEBUIRoot@core@5@PEBUSUniquePointerInfo@75@@Z 0000000180003830 f i umodsys_lib_lib2d:umodsys.mod.2d.stdlib.obj
 0001:00002830       ?root_get_other_interface@RMultiImage@stdlib@lib2d@modules@UModSys@@UEAAPEAUIRoot@core@5@PEBUSUniquePointerInfo@75@@Z 0000000180003830 f i umodsys_lib_lib2d:umodsys.mod.2d.stdlib.obj
 0001:00002860       ?root_is_interface_supported@RMultiImage@stdlib@lib2d@modules@UModSys@@UEBA_NPEBUSUniquePointerInfo@core@5@@Z 0000000180003860 f i umodsys_lib_lib2d:umodsys.mod.2d.stdlib.obj
 0001:00002890       ?get_generated_names@RGenerator@stdlib@lib2d@modules@UModSys@@UEBAHAEAUSUniquePtrList@core@5@@Z 0000000180003890 f i umodsys_lib_lib2d:umodsys.mod.2d.stdlib.obj
 0001:000028e0       ?get_generated_types@RGenerator@stdlib@lib2d@modules@UModSys@@UEBAHAEAUSUniquePtrList@core@5@PEBUSUniquePointerInfo@75@@Z 00000001800038e0 f i umodsys_lib_lib2d:umodsys.mod.2d.stdlib.obj
 0001:00002980       ?generate@RGenerator@stdlib@lib2d@modules@UModSys@@UEAA_NAEAU?$TRefObject@UIRefObject@core@UModSys@@U?$TRefObjectFunc@UIRefObject@core@UModSys@@@tl@3@@tl@5@PEBUSUniquePointerInfo@core@5@AEBUSParameters@95@@Z 0000000180003980 f i umodsys_lib_lib2d:umodsys.mod.2d.stdlib.obj
 0001:00002ab0       ?root_get_interface_info@RGenerator@stdlib@lib2d@modules@UModSys@@UEBAAEBUSUniquePointerInfo@core@5@XZ 0000000180003ab0 f i umodsys_lib_lib2d:umodsys.mod.2d.stdlib.obj
 0001:00002ac0       ?root_get_interface_type@RGenerator@stdlib@lib2d@modules@UModSys@@UEBAPEBUSUniquePointerInfo@core@5@XZ 0000000180003ac0 f i umodsys_lib_lib2d:umodsys.mod.2d.stdlib.obj
 0001:00002ad0       ?root_get_other_interface@RGenerator@stdlib@lib2d@modules@UModSys@@UEAAPEAUIRoot@core@5@PEBUSUniquePointerInfo@75@@Z 0000000180003ad0 f i umodsys_lib_lib2d:umodsys.mod.2d.stdlib.obj
 0001:00002ad0       ?root_get_other_interface@RGenerator@stdlib@lib2d@modules@UModSys@@UEBAPEBUIRoot@core@5@PEBUSUniquePointerInfo@75@@Z 0000000180003ad0 f i umodsys_lib_lib2d:umodsys.mod.2d.stdlib.obj
 0001:00002b10       ?root_is_interface_supported@RGenerator@stdlib@lib2d@modules@UModSys@@UEBA_NPEBUSUniquePointerInfo@core@5@@Z 0000000180003b10 f i umodsys_lib_lib2d:umodsys.mod.2d.stdlib.obj
 0001:00002b50       ?get_uid@RGenerator@stdlib@lib2d@modules@UModSys@@UEBAPEBUSUniquePointerInfo@core@5@XZ 0000000180003b50 f i umodsys_lib_lib2d:umodsys.mod.2d.stdlib.obj
 0001:00002b60       ??4State@RImage_Memory@stdlib@lib2d@modules@UModSys@@QEAAAEAU012345@AEBU012345@@Z 0000000180003b60 f i umodsys_lib_lib2d:umodsys.mod.2d.stdlib.obj
 0001:00002c40       ??_ERImage_Memory@stdlib@lib2d@modules@UModSys@@UEAAPEAXI@Z 0000000180003c40 f i  CIL library: CIL module
 0001:00002c40       ??_GRImage_Memory@stdlib@lib2d@modules@UModSys@@UEAAPEAXI@Z 0000000180003c40 f i umodsys_lib_lib2d:umodsys.mod.2d.stdlib.obj
 0001:00002c70       ??_ERImageFactory_Memory@stdlib@lib2d@modules@UModSys@@UEAAPEAXI@Z 0000000180003c70 f i  CIL library: CIL module
 0001:00002c70       ??_GRImageFactory_Memory@stdlib@lib2d@modules@UModSys@@UEAAPEAXI@Z 0000000180003c70 f i umodsys_lib_lib2d:umodsys.mod.2d.stdlib.obj
 0001:00002ca0       ??_GRMultiImage@stdlib@lib2d@modules@UModSys@@UEAAPEAXI@Z 0000000180003ca0 f i umodsys_lib_lib2d:umodsys.mod.2d.stdlib.obj
 0001:00002ca0       ??_ERMultiImage@stdlib@lib2d@modules@UModSys@@UEAAPEAXI@Z 0000000180003ca0 f i  CIL library: CIL module
 0001:00002cd0       ??1IImage@lib2d@UModSys@@UEAA@XZ 0000000180003cd0 f i umodsys_lib_lib2d:umodsys.mod.2d.stdlib.obj
 0001:00002cd0       ??1IShell@base@UModSys@@UEAA@XZ 0000000180003cd0 f i plugin_test1.obj
 0001:00002cd0       ??1IDialog@libui@UModSys@@UEAA@XZ 0000000180003cd0 f i umodsys_lib_libui:umodsys.mod.ui.frames.obj
 0001:00002cd0       ??1IVertexArray@lib3d@UModSys@@UEAA@XZ 0000000180003cd0 f i umodsys_lib_libui:umodsys.mod.ui.SDL_GL.obj
 0001:00002cd0       ??1IClient@IBinArchiveFrame@libmedia@UModSys@@UEAA@XZ 0000000180003cd0 f i umodsys_lib_libmedia:umodsys.mod.media.zlib.obj
 0001:00002cd0       ??1IMouseController@libui@UModSys@@UEAA@XZ 0000000180003cd0 f i umodsys_lib_libui:umodsys.mod.ui.SDL_GL.obj
 0001:00002cd0       ??1IKeyboardController@libui@UModSys@@UEAA@XZ 0000000180003cd0 f i umodsys_lib_libui:umodsys.mod.ui.SDL_GL.obj
 0001:00002cd0       ??1IMultiImage@lib2d@UModSys@@UEAA@XZ 0000000180003cd0 f i umodsys_lib_lib2d:umodsys.mod.2d.stdlib.obj
 0001:00002cd0       ??1IRenderDriver@lib2d@UModSys@@UEAA@XZ 0000000180003cd0 f i umodsys_lib_libui:umodsys.mod.ui.SDL_GL.obj
 0001:00002cd0       ??1IRenderDriver@lib3d@UModSys@@UEAA@XZ 0000000180003cd0 f i umodsys_lib_libui:umodsys.mod.ui.SDL_GL.obj
 0001:00002cd0       ??1IImageFactory@lib2d@UModSys@@UEAA@XZ 0000000180003cd0 f i umodsys_lib_lib2d:umodsys.mod.2d.stdlib.obj
 0001:00002cd0       ??1ISerializeWriter@libmedia@UModSys@@UEAA@XZ 0000000180003cd0 f i umodsys_lib_libmedia:umodsys.mod.media.serialize_json.obj
 0001:00002cd0       ??1IFrame@libui@UModSys@@UEAA@XZ 0000000180003cd0 f i umodsys_lib_libui:umodsys.mod.ui.frames.obj
 0001:00002cd0       ??1ITerminal@libui@UModSys@@UEAA@XZ 0000000180003cd0 f i umodsys_lib_libui:umodsys.mod.ui.SDL_GL.obj
 0001:00002cd0       ??1ISerializeReader@libmedia@UModSys@@UEAA@XZ 0000000180003cd0 f i umodsys_lib_libmedia:umodsys.mod.media.serialize_json.obj
 0001:00002cd0       ??1ICollector@libui@UModSys@@UEAA@XZ 0000000180003cd0 f i umodsys_lib_libui:umodsys.mod.ui.frames.obj
 0001:00002ce0       ?do_open@RModuleReg@stdlib@lib2d@modules@UModSys@@UEAA_NXZ 0000000180003ce0 f i umodsys_lib_lib2d:umodsys.mod.2d.stdlib.obj
 0001:00002cf0       ?do_close@RModuleReg@stdlib@lib2d@modules@UModSys@@UEAA_NXZ 0000000180003cf0 f i umodsys_lib_lib2d:umodsys.mod.2d.stdlib.obj
 0001:00002d00       ??_ERModuleReg@stdlib@lib2d@modules@UModSys@@UEAAPEAXI@Z 0000000180003d00 f i  CIL library: CIL module
 0001:00002d00       ??_GRModuleReg@stdlib@lib2d@modules@UModSys@@UEAAPEAXI@Z 0000000180003d00 f i umodsys_lib_lib2d:umodsys.mod.2d.stdlib.obj
 0001:00002d30       ??1?$TDynarrayDynamic@USImageCellInfo@lib2d@UModSys@@U?$TAllocator@USIMemAlloc@core@UModSys@@USCountCalcPower2@23@@tl@3@@tl@UModSys@@QEAA@XZ 0000000180003d30 f i umodsys_lib_lib2d:umodsys.mod.2d.stdlib.obj
 0001:00002d40       ??1?$TDynarrayDynamic@U?$TRefObject@UIImage@lib2d@UModSys@@U?$TRefObjectFunc@UIImage@lib2d@UModSys@@@tl@3@@tl@UModSys@@U?$TAllocator@USIMemAlloc@core@UModSys@@USCountCalcPower2@23@@23@@tl@UModSys@@QEAA@XZ 0000000180003d40 f i umodsys_lib_lib2d:umodsys.mod.2d.stdlib.obj
 0001:00002d50       ??1?$TDynarray@U?$TDynarrayHolderDynamic@USImageCellInfo@lib2d@UModSys@@U?$TAllocator@USIMemAlloc@core@UModSys@@USCountCalcPower2@23@@tl@3@@tl@UModSys@@@tl@UModSys@@QEAA@XZ 0000000180003d50 f i umodsys_lib_lib2d:umodsys.mod.2d.stdlib.obj
 0001:00002dc0       ??1?$TDynarray@U?$TDynarrayHolderDynamic@U?$TRefObject@UIImage@lib2d@UModSys@@U?$TRefObjectFunc@UIImage@lib2d@UModSys@@@tl@3@@tl@UModSys@@U?$TAllocator@USIMemAlloc@core@UModSys@@USCountCalcPower2@23@@23@@tl@UModSys@@@tl@UModSys@@QEAA@XZ 0000000180003dc0 f i umodsys_lib_lib2d:umodsys.mod.2d.stdlib.obj
 0001:00002e30       ?ResizeRel@?$TDynarray@U?$TDynarrayHolderDynamic@USImageCellInfo@lib2d@UModSys@@U?$TAllocator@USIMemAlloc@core@UModSys@@USCountCalcPower2@23@@tl@3@@tl@UModSys@@@tl@UModSys@@QEAA_N_J@Z 0000000180003e30 f i umodsys_lib_lib2d:umodsys.mod.2d.stdlib.obj
 0001:00002ef0       ?ResizeRel@?$TDynarray@U?$TDynarrayHolderDynamic@U?$TRefObject@UIImage@lib2d@UModSys@@U?$TRefObjectFunc@UIImage@lib2d@UModSys@@@tl@3@@tl@UModSys@@U?$TAllocator@USIMemAlloc@core@UModSys@@USCountCalcPower2@23@@23@@tl@UModSys@@@tl@UModSys@@QEAA_N_J@Z 0000000180003ef0 f i umodsys_lib_lib2d:umodsys.mod.2d.stdlib.obj
 0001:00003020       ??$ValidateConstruction@UIRefObject@core@UModSys@@URMediaFilter@images_std@media@modules@3@@core@UModSys@@YA_NAEAU?$TRefObject@UIRefObject@core@UModSys@@U?$TRefObjectFunc@UIRefObject@core@UModSys@@@tl@3@@tl@1@PEAURMediaFilter@images_std@media@modules@1@@Z 0000000180004020 f i umodsys_lib_libmedia:umodsys.mod.media.images_std.obj
 0001:00003020       ??$ValidateConstruction@UIRefObject@core@UModSys@@URTerminalX@SDL_core@ui@modules@3@@core@UModSys@@YA_NAEAU?$TRefObject@UIRefObject@core@UModSys@@U?$TRefObjectFunc@UIRefObject@core@UModSys@@@tl@3@@tl@1@PEAURTerminalX@SDL_core@ui@modules@1@@Z 0000000180004020 f i umodsys_lib_libui:umodsys.mod.ui.SDL_core.obj
 0001:00003020       ??$ValidateConstruction@UIRefObject@core@UModSys@@URTerminalX@SDL_GL@ui@modules@3@@core@UModSys@@YA_NAEAU?$TRefObject@UIRefObject@core@UModSys@@U?$TRefObjectFunc@UIRefObject@core@UModSys@@@tl@3@@tl@1@PEAURTerminalX@SDL_GL@ui@modules@1@@Z 0000000180004020 f i umodsys_lib_libui:umodsys.mod.ui.SDL_GL.obj
 0001:00003020       ??$ValidateConstruction@UIRefObject@core@UModSys@@URImageFactory_Memory@stdlib@lib2d@modules@3@@core@UModSys@@YA_NAEAU?$TRefObject@UIRefObject@core@UModSys@@U?$TRefObjectFunc@UIRefObject@core@UModSys@@@tl@3@@tl@1@PEAURImageFactory_Memory@stdlib@lib2d@modules@1@@Z 0000000180004020 f i umodsys_lib_lib2d:umodsys.mod.2d.stdlib.obj
 0001:00003020       ??$ValidateConstruction@UIImage@lib2d@UModSys@@URImage_Memory@stdlib@2modules@3@@core@UModSys@@YA_NAEAU?$TRefObject@UIImage@lib2d@UModSys@@U?$TRefObjectFunc@UIImage@lib2d@UModSys@@@tl@3@@tl@1@PEAURImage_Memory@stdlib@lib2d@modules@1@@Z 0000000180004020 f i umodsys_lib_lib2d:umodsys.mod.2d.stdlib.obj
 0001:00003020       ??$ValidateConstruction@UIRefObject@core@UModSys@@URImage_Memory@stdlib@lib2d@modules@3@@core@UModSys@@YA_NAEAU?$TRefObject@UIRefObject@core@UModSys@@U?$TRefObjectFunc@UIRefObject@core@UModSys@@@tl@3@@tl@1@PEAURImage_Memory@stdlib@lib2d@modules@1@@Z 0000000180004020 f i umodsys_lib_lib2d:umodsys.mod.2d.stdlib.obj
 0001:00003090       ??$ValidateConstruction@UIRefObject@core@UModSys@@URMultiImage@stdlib@lib2d@modules@3@@core@UModSys@@YA_NAEAU?$TRefObject@UIRefObject@core@UModSys@@U?$TRefObjectFunc@UIRefObject@core@UModSys@@@tl@3@@tl@1@PEAURMultiImage@stdlib@lib2d@modules@1@@Z 0000000180004090 f i umodsys_lib_lib2d:umodsys.mod.2d.stdlib.obj
 0001:00003110       ?set_stage@SGLFuncs@SDL_GL@ui@modules@UModSys@@QEBAXH@Z 0000000180004110 f i umodsys_lib_libui:umodsys.mod.ui.SDL_GL.obj
 0001:00003170       ?set_composite_all@SGLFuncsLegacy@SDL_GL@ui@modules@UModSys@@QEBAXH@Z 0000000180004170 f i umodsys_lib_libui:umodsys.mod.ui.SDL_GL.obj
 0001:00003240       ?crebind@STextureGL@SDL_GL@ui@modules@UModSys@@QEAAX_N@Z 0000000180004240 f i umodsys_lib_libui:umodsys.mod.ui.SDL_GL.obj
 0001:00003280       ?root_get_interface_info@RKeyboardController@SDL_GL@ui@modules@UModSys@@UEBAAEBUSUniquePointerInfo@core@5@XZ 0000000180004280 f i umodsys_lib_libui:umodsys.mod.ui.SDL_GL.obj
 0001:00003290       ?root_get_interface_type@RKeyboardController@SDL_GL@ui@modules@UModSys@@UEBAPEBUSUniquePointerInfo@core@5@XZ 0000000180004290 f i umodsys_lib_libui:umodsys.mod.ui.SDL_GL.obj
 0001:000032a0       ?root_get_other_interface@RKeyboardController@SDL_GL@ui@modules@UModSys@@UEAAPEAUIRoot@core@5@PEBUSUniquePointerInfo@75@@Z 00000001800042a0 f i umodsys_lib_libui:umodsys.mod.ui.SDL_GL.obj
 0001:000032a0       ?root_get_other_interface@RKeyboardController@SDL_GL@ui@modules@UModSys@@UEBAPEBUIRoot@core@5@PEBUSUniquePointerInfo@75@@Z 00000001800042a0 f i umodsys_lib_libui:umodsys.mod.ui.SDL_GL.obj
 0001:000032d0       ?root_is_interface_supported@RKeyboardController@SDL_GL@ui@modules@UModSys@@UEBA_NPEBUSUniquePointerInfo@core@5@@Z 00000001800042d0 f i umodsys_lib_libui:umodsys.mod.ui.SDL_GL.obj
 0001:00003300       ?ref_links@RMouseController@SDL_GL@ui@modules@UModSys@@UEBAHXZ 0000000180004300 f i umodsys_lib_libui:umodsys.mod.ui.SDL_GL.obj
 0001:00003300       ?ref_links@RKeyboardController@SDL_GL@ui@modules@UModSys@@UEBAHXZ 0000000180004300 f i umodsys_lib_libui:umodsys.mod.ui.SDL_GL.obj
 0001:00003300       ?ref_links@RMouseController@SDL_core@ui@modules@UModSys@@UEBAHXZ 0000000180004300 f i umodsys_lib_libui:umodsys.mod.ui.SDL_core.obj
 0001:00003300       ?ref_links@RRenderDriver2D@SDL_core@ui@modules@UModSys@@UEBAHXZ 0000000180004300 f i umodsys_lib_libui:umodsys.mod.ui.SDL_core.obj
 0001:00003300       ?ref_links@RKeyboardController@SDL_core@ui@modules@UModSys@@UEBAHXZ 0000000180004300 f i umodsys_lib_libui:umodsys.mod.ui.SDL_core.obj
 0001:00003300       ?ref_links@RRenderDriver3D@SDL_GL@ui@modules@UModSys@@UEBAHXZ 0000000180004300 f i umodsys_lib_libui:umodsys.mod.ui.SDL_GL.obj
 0001:00003310       ?root_get_interface_info@RMouseController@SDL_GL@ui@modules@UModSys@@UEBAAEBUSUniquePointerInfo@core@5@XZ 0000000180004310 f i umodsys_lib_libui:umodsys.mod.ui.SDL_GL.obj
 0001:00003320       ?root_get_interface_type@RMouseController@SDL_GL@ui@modules@UModSys@@UEBAPEBUSUniquePointerInfo@core@5@XZ 0000000180004320 f i umodsys_lib_libui:umodsys.mod.ui.SDL_GL.obj
 0001:00003330       ?root_get_other_interface@RMouseController@SDL_GL@ui@modules@UModSys@@UEBAPEBUIRoot@core@5@PEBUSUniquePointerInfo@75@@Z 0000000180004330 f i umodsys_lib_libui:umodsys.mod.ui.SDL_GL.obj
 0001:00003330       ?root_get_other_interface@RMouseController@SDL_GL@ui@modules@UModSys@@UEAAPEAUIRoot@core@5@PEBUSUniquePointerInfo@75@@Z 0000000180004330 f i umodsys_lib_libui:umodsys.mod.ui.SDL_GL.obj
 0001:00003360       ?root_is_interface_supported@RMouseController@SDL_GL@ui@modules@UModSys@@UEBA_NPEBUSUniquePointerInfo@core@5@@Z 0000000180004360 f i umodsys_lib_libui:umodsys.mod.ui.SDL_GL.obj
 0001:00003390       ?ref_weak@RKeyboardController@SDL_core@ui@modules@UModSys@@UEBA_NAEAUWeakPointer@IRefObject@core@5@@Z 0000000180004390 f i umodsys_lib_libui:umodsys.mod.ui.SDL_core.obj
 0001:00003390       ?ref_weak@RRenderDriver2D@SDL_core@ui@modules@UModSys@@UEBA_NAEAUWeakPointer@IRefObject@core@5@@Z 0000000180004390 f i umodsys_lib_libui:umodsys.mod.ui.SDL_core.obj
 0001:00003390       ?ref_weak@RMouseController@SDL_core@ui@modules@UModSys@@UEBA_NAEAUWeakPointer@IRefObject@core@5@@Z 0000000180004390 f i umodsys_lib_libui:umodsys.mod.ui.SDL_core.obj
 0001:00003390       ?ref_weak@RMouseController@SDL_GL@ui@modules@UModSys@@UEBA_NAEAUWeakPointer@IRefObject@core@5@@Z 0000000180004390 f i umodsys_lib_libui:umodsys.mod.ui.SDL_GL.obj
 0001:00003390       ?ref_weak@RKeyboardController@SDL_GL@ui@modules@UModSys@@UEBA_NAEAUWeakPointer@IRefObject@core@5@@Z 0000000180004390 f i umodsys_lib_libui:umodsys.mod.ui.SDL_GL.obj
 0001:00003390       ?ref_weak@RRenderDriver3D@SDL_GL@ui@modules@UModSys@@UEBA_NAEAUWeakPointer@IRefObject@core@5@@Z 0000000180004390 f i umodsys_lib_libui:umodsys.mod.ui.SDL_GL.obj
 0001:000033b0       ?root_get_interface_info@RTerminal@SDL_GL@ui@modules@UModSys@@UEBAAEBUSUniquePointerInfo@core@5@XZ 00000001800043b0 f i umodsys_lib_libui:umodsys.mod.ui.SDL_GL.obj
 0001:000033c0       ?root_get_interface_type@RTerminal@SDL_GL@ui@modules@UModSys@@UEBAPEBUSUniquePointerInfo@core@5@XZ 00000001800043c0 f i umodsys_lib_libui:umodsys.mod.ui.SDL_GL.obj
 0001:000033d0       ?root_get_other_interface@RTerminal@SDL_GL@ui@modules@UModSys@@UEBAPEBUIRoot@core@5@PEBUSUniquePointerInfo@75@@Z 00000001800043d0 f i umodsys_lib_libui:umodsys.mod.ui.SDL_GL.obj
 0001:000033d0       ?root_get_other_interface@RTerminal@SDL_GL@ui@modules@UModSys@@UEAAPEAUIRoot@core@5@PEBUSUniquePointerInfo@75@@Z 00000001800043d0 f i umodsys_lib_libui:umodsys.mod.ui.SDL_GL.obj
 0001:00003400       ?root_is_interface_supported@RTerminal@SDL_GL@ui@modules@UModSys@@UEBA_NPEBUSUniquePointerInfo@core@5@@Z 0000000180004400 f i umodsys_lib_libui:umodsys.mod.ui.SDL_GL.obj
 0001:00003430       ?ref_links@RTerminal@SDL_core@ui@modules@UModSys@@UEBAHXZ 0000000180004430 f i umodsys_lib_libui:umodsys.mod.ui.SDL_core.obj
 0001:00003430       ?ref_links@RMultiImage@stdlib@lib2d@modules@UModSys@@UEBAHXZ 0000000180004430 f i umodsys_lib_lib2d:umodsys.mod.2d.stdlib.obj
 0001:00003430       ?ref_links@RImage_Memory@stdlib@lib2d@modules@UModSys@@UEBAHXZ 0000000180004430 f i umodsys_lib_lib2d:umodsys.mod.2d.stdlib.obj
 0001:00003430       ?ref_links@RGenerator@test1@test@modules@UModSys@@UEBAHXZ 0000000180004430 f i plugin_test1.obj
 0001:00003430       ?ref_links@RTerminal@SDL_GL@ui@modules@UModSys@@UEBAHXZ 0000000180004430 f i umodsys_lib_libui:umodsys.mod.ui.SDL_GL.obj
 0001:00003430       ?ref_links@RGenerator@frames@ui@modules@UModSys@@UEBAHXZ 0000000180004430 f i umodsys_lib_libui:umodsys.mod.ui.frames.obj
 0001:00003430       ?ref_links@RBinArchiveFrameClient_ZIP@zlib@media@modules@UModSys@@UEBAHXZ 0000000180004430 f i umodsys_lib_libmedia:umodsys.mod.media.zlib.obj
 0001:00003430       ?ref_links@RMultiImage2D_SDL_ttf@SDL_GL@ui@modules@UModSys@@UEBAHXZ 0000000180004430 f i umodsys_lib_libui:umodsys.mod.ui.SDL_GL.obj
 0001:00003430       ?ref_links@RGenerator@zlib@media@modules@UModSys@@UEBAHXZ 0000000180004430 f i umodsys_lib_libmedia:umodsys.mod.media.zlib.obj
 0001:00003430       ?ref_links@RGenerator@images_std@media@modules@UModSys@@UEBAHXZ 0000000180004430 f i umodsys_lib_libmedia:umodsys.mod.media.images_std.obj
 0001:00003430       ?ref_links@RSerializeReader@serialize_json@media@modules@UModSys@@UEBAHXZ 0000000180004430 f i umodsys_lib_libmedia:umodsys.mod.media.serialize_json.obj
 0001:00003430       ?ref_links@RVertexArray@SDL_GL@ui@modules@UModSys@@UEBAHXZ 0000000180004430 f i umodsys_lib_libui:umodsys.mod.ui.SDL_GL.obj
 0001:00003430       ?ref_links@RDialog@frames@ui@modules@UModSys@@UEBAHXZ 0000000180004430 f i umodsys_lib_libui:umodsys.mod.ui.frames.obj
 0001:00003430       ?ref_links@RMultiImage2D_SDL_ttf@SDL_core@ui@modules@UModSys@@UEBAHXZ 0000000180004430 f i umodsys_lib_libui:umodsys.mod.ui.SDL_core.obj
 0001:00003430       ?ref_links@RGenerator@serialize_json@media@modules@UModSys@@UEBAHXZ 0000000180004430 f i umodsys_lib_libmedia:umodsys.mod.media.serialize_json.obj
 0001:00003430       ?ref_links@RGenerator@SDL_GL@ui@modules@UModSys@@UEBAHXZ 0000000180004430 f i umodsys_lib_libui:umodsys.mod.ui.SDL_GL.obj
 0001:00003430       ?ref_links@RImageFactory_Memory@stdlib@lib2d@modules@UModSys@@UEBAHXZ 0000000180004430 f i umodsys_lib_lib2d:umodsys.mod.2d.stdlib.obj
 0001:00003430       ?ref_links@RGenerator@stdlib@lib2d@modules@UModSys@@UEBAHXZ 0000000180004430 f i umodsys_lib_lib2d:umodsys.mod.2d.stdlib.obj
 0001:00003430       ?ref_links@RGenerator@SDL_core@ui@modules@UModSys@@UEBAHXZ 0000000180004430 f i umodsys_lib_libui:umodsys.mod.ui.SDL_core.obj
 0001:00003440       ?root_get_interface_info@RMultiImage2D_SDL_ttf@SDL_GL@ui@modules@UModSys@@UEBAAEBUSUniquePointerInfo@core@5@XZ 0000000180004440 f i umodsys_lib_libui:umodsys.mod.ui.SDL_GL.obj
 0001:00003450       ?root_get_interface_type@RMultiImage2D_SDL_ttf@SDL_GL@ui@modules@UModSys@@UEBAPEBUSUniquePointerInfo@core@5@XZ 0000000180004450 f i umodsys_lib_libui:umodsys.mod.ui.SDL_GL.obj
 0001:00003460       ?root_get_other_interface@RMultiImage2D_SDL_ttf@SDL_GL@ui@modules@UModSys@@UEAAPEAUIRoot@core@5@PEBUSUniquePointerInfo@75@@Z 0000000180004460 f i umodsys_lib_libui:umodsys.mod.ui.SDL_GL.obj
 0001:00003460       ?root_get_other_interface@RMultiImage2D_SDL_ttf@SDL_GL@ui@modules@UModSys@@UEBAPEBUIRoot@core@5@PEBUSUniquePointerInfo@75@@Z 0000000180004460 f i umodsys_lib_libui:umodsys.mod.ui.SDL_GL.obj
 0001:00003490       ?root_is_interface_supported@RMultiImage2D_SDL_ttf@SDL_GL@ui@modules@UModSys@@UEBA_NPEBUSUniquePointerInfo@core@5@@Z 0000000180004490 f i umodsys_lib_libui:umodsys.mod.ui.SDL_GL.obj
 0001:000034c0       ??1Glyph@RMultiImage2D_SDL_ttf@SDL_GL@ui@modules@UModSys@@QEAA@XZ 00000001800044c0 f i umodsys_lib_libui:umodsys.mod.ui.SDL_GL.obj
 0001:000034f0       ?set_layer_count@RMultiImage2D_SDL_ttf@SDL_core@ui@modules@UModSys@@UEAA_NG@Z 00000001800044f0 f i umodsys_lib_libui:umodsys.mod.ui.SDL_core.obj
 0001:000034f0       ?setup_fixed_cell@RMultiImage2D_SDL_ttf@SDL_core@ui@modules@UModSys@@UEAA_NHH@Z 00000001800044f0 f i umodsys_lib_libui:umodsys.mod.ui.SDL_core.obj
 0001:000034f0       ?key_event@RFrame_Common@frames@ui@modules@UModSys@@MEAA_NAEBUSKeyboardInputRaw@libui@5@@Z 00000001800044f0 f i umodsys_lib_libui:umodsys.mod.ui.frames.obj
 0001:000034f0       ?set_hint@RMultiImage2D_SDL_ttf@SDL_core@ui@modules@UModSys@@UEAA_NPEBD0@Z 00000001800044f0 f i umodsys_lib_libui:umodsys.mod.ui.SDL_core.obj
 0001:000034f0       ?get_cell@RMultiImage2D_SDL_ttf@SDL_GL@ui@modules@UModSys@@UEBA_NIAEAU?$TVector2@H@math3d@5@PEAU675@PEAG@Z 00000001800044f0 f i umodsys_lib_libui:umodsys.mod.ui.SDL_GL.obj
 0001:000034f0       ?setup_variable_cell@RMultiImage2D_SDL_ttf@SDL_core@ui@modules@UModSys@@UEAA_NPEBUSImageCellInfo@lib2d@5@KK@Z 00000001800044f0 f i umodsys_lib_libui:umodsys.mod.ui.SDL_core.obj
 0001:000034f0       ?setup_fixed_cell@RMultiImage2D_SDL_ttf@SDL_GL@ui@modules@UModSys@@UEAA_NHH@Z 00000001800044f0 f i umodsys_lib_libui:umodsys.mod.ui.SDL_GL.obj
 0001:000034f0       ?set_layer_count@RMultiImage2D_SDL_ttf@SDL_GL@ui@modules@UModSys@@UEAA_NG@Z 00000001800044f0 f i umodsys_lib_libui:umodsys.mod.ui.SDL_GL.obj
 0001:000034f0       ?mouse_event@RFrame_Common@frames@ui@modules@UModSys@@MEAA_NPEBUSMouseInput@libui@5@@Z 00000001800044f0 f i umodsys_lib_libui:umodsys.mod.ui.frames.obj
 0001:000034f0       ?get_cell@RMultiImage2D_SDL_ttf@SDL_core@ui@modules@UModSys@@UEBA_NIAEAUSImageCellInfo@lib2d@5@@Z 00000001800044f0 f i umodsys_lib_libui:umodsys.mod.ui.SDL_core.obj
 0001:000034f0       ?set_hint@RMultiImage2D_SDL_ttf@SDL_GL@ui@modules@UModSys@@UEAA_NPEBD0@Z 00000001800044f0 f i umodsys_lib_libui:umodsys.mod.ui.SDL_GL.obj
 0001:000034f0       ?get_cell@RMultiImage2D_SDL_ttf@SDL_core@ui@modules@UModSys@@UEBA_NIAEAU?$TVector2@H@math3d@5@PEAU675@PEAG@Z 00000001800044f0 f i umodsys_lib_libui:umodsys.mod.ui.SDL_core.obj
 0001:000034f0       ?set_insize@RFrame_Common@frames@ui@modules@UModSys@@UEAA_NAEBU?$TVector2@H@math3d@5@@Z 00000001800044f0 f i umodsys_lib_libui:umodsys.mod.ui.frames.obj
 0001:000034f0       ?key_event@RFrame_Common@frames@ui@modules@UModSys@@MEAA_NAEBUSKeyboardInputText@libui@5@@Z 00000001800044f0 f i umodsys_lib_libui:umodsys.mod.ui.frames.obj
 0001:000034f0       ?setup_variable_cell@RMultiImage2D_SDL_ttf@SDL_GL@ui@modules@UModSys@@UEAA_NPEBUSImageCellInfo@lib2d@5@KK@Z 00000001800044f0 f i umodsys_lib_libui:umodsys.mod.ui.SDL_GL.obj
 0001:000034f0       ?get_cell@RMultiImage2D_SDL_ttf@SDL_GL@ui@modules@UModSys@@UEBA_NIAEAUSImageCellInfo@lib2d@5@@Z 00000001800044f0 f i umodsys_lib_libui:umodsys.mod.ui.SDL_GL.obj
 0001:00003500       ?root_get_interface_info@RRenderDriver3D@SDL_GL@ui@modules@UModSys@@UEBAAEBUSUniquePointerInfo@core@5@XZ 0000000180004500 f i umodsys_lib_libui:umodsys.mod.ui.SDL_GL.obj
 0001:00003510       ?root_get_interface_type@RRenderDriver3D@SDL_GL@ui@modules@UModSys@@UEBAPEBUSUniquePointerInfo@core@5@XZ 0000000180004510 f i umodsys_lib_libui:umodsys.mod.ui.SDL_GL.obj
 0001:00003520       ?root_get_other_interface@RRenderDriver3D@SDL_GL@ui@modules@UModSys@@UEAAPEAUIRoot@core@5@PEBUSUniquePointerInfo@75@@Z 0000000180004520 f i umodsys_lib_libui:umodsys.mod.ui.SDL_GL.obj
 0001:00003520       ?root_get_other_interface@RRenderDriver3D@SDL_GL@ui@modules@UModSys@@UEBAPEBUIRoot@core@5@PEBUSUniquePointerInfo@75@@Z 0000000180004520 f i umodsys_lib_libui:umodsys.mod.ui.SDL_GL.obj
 0001:00003560       ?root_is_interface_supported@RRenderDriver3D@SDL_GL@ui@modules@UModSys@@UEBA_NPEBUSUniquePointerInfo@core@5@@Z 0000000180004560 f i umodsys_lib_libui:umodsys.mod.ui.SDL_GL.obj
 0001:000035a0       ?ref_add@RRenderDriver3D@SDL_GL@ui@modules@UModSys@@UEBAXXZ 00000001800045a0 f i umodsys_lib_libui:umodsys.mod.ui.SDL_GL.obj
 0001:000035a0       ?ref_add@RMouseController@SDL_GL@ui@modules@UModSys@@UEBAXXZ 00000001800045a0 f i umodsys_lib_libui:umodsys.mod.ui.SDL_GL.obj
 0001:000035a0       ?ref_add@RMouseController@SDL_core@ui@modules@UModSys@@UEBAXXZ 00000001800045a0 f i umodsys_lib_libui:umodsys.mod.ui.SDL_core.obj
 0001:000035a0       ?ref_add@RKeyboardController@SDL_core@ui@modules@UModSys@@UEBAXXZ 00000001800045a0 f i umodsys_lib_libui:umodsys.mod.ui.SDL_core.obj
 0001:000035a0       ?ref_add@RRenderDriver2D@SDL_core@ui@modules@UModSys@@UEBAXXZ 00000001800045a0 f i umodsys_lib_libui:umodsys.mod.ui.SDL_core.obj
 0001:000035a0       ?ref_add@RKeyboardController@SDL_GL@ui@modules@UModSys@@UEBAXXZ 00000001800045a0 f i umodsys_lib_libui:umodsys.mod.ui.SDL_GL.obj
 0001:000035b0       ?suicide@RMouseController@SDL_core@ui@modules@UModSys@@UEAAXXZ 00000001800045b0 f i umodsys_lib_libui:umodsys.mod.ui.SDL_core.obj
 0001:000035b0       ?suicide@RRenderDriver3D@SDL_GL@ui@modules@UModSys@@UEAAXXZ 00000001800045b0 f i umodsys_lib_libui:umodsys.mod.ui.SDL_GL.obj
 0001:000035b0       ?suicide@RKeyboardController@SDL_GL@ui@modules@UModSys@@UEAAXXZ 00000001800045b0 f i umodsys_lib_libui:umodsys.mod.ui.SDL_GL.obj
 0001:000035b0       ?suicide@RKeyboardController@SDL_core@ui@modules@UModSys@@UEAAXXZ 00000001800045b0 f i umodsys_lib_libui:umodsys.mod.ui.SDL_core.obj
 0001:000035b0       ?suicide@RMouseController@SDL_GL@ui@modules@UModSys@@UEAAXXZ 00000001800045b0 f i umodsys_lib_libui:umodsys.mod.ui.SDL_GL.obj
 0001:000035b0       ?suicide@RRenderDriver2D@SDL_core@ui@modules@UModSys@@UEAAXXZ 00000001800045b0 f i umodsys_lib_libui:umodsys.mod.ui.SDL_core.obj
 0001:000035d0       ?root_get_interface_info@RTerminalX@SDL_GL@ui@modules@UModSys@@UEBAAEBUSUniquePointerInfo@core@5@XZ 00000001800045d0 f i umodsys_lib_libui:umodsys.mod.ui.SDL_GL.obj
 0001:000035e0       ?root_get_interface_type@RTerminalX@SDL_GL@ui@modules@UModSys@@UEBAPEBUSUniquePointerInfo@core@5@XZ 00000001800045e0 f i umodsys_lib_libui:umodsys.mod.ui.SDL_GL.obj
 0001:000035f0       ?root_get_other_interface@RTerminalX@SDL_GL@ui@modules@UModSys@@UEAAPEAUIRoot@core@5@PEBUSUniquePointerInfo@75@@Z 00000001800045f0 f i umodsys_lib_libui:umodsys.mod.ui.SDL_GL.obj
 0001:000035f0       ?root_get_other_interface@RTerminalX@SDL_GL@ui@modules@UModSys@@UEBAPEBUIRoot@core@5@PEBUSUniquePointerInfo@75@@Z 00000001800045f0 f i umodsys_lib_libui:umodsys.mod.ui.SDL_GL.obj
 0001:00003620       ?root_is_interface_supported@RTerminalX@SDL_GL@ui@modules@UModSys@@UEBA_NPEBUSUniquePointerInfo@core@5@@Z 0000000180004620 f i umodsys_lib_libui:umodsys.mod.ui.SDL_GL.obj
 0001:00003660       ?root_get_interface_info@RVertexArray@SDL_GL@ui@modules@UModSys@@UEBAAEBUSUniquePointerInfo@core@5@XZ 0000000180004660 f i umodsys_lib_libui:umodsys.mod.ui.SDL_GL.obj
 0001:00003670       ?root_get_interface_type@RVertexArray@SDL_GL@ui@modules@UModSys@@UEBAPEBUSUniquePointerInfo@core@5@XZ 0000000180004670 f i umodsys_lib_libui:umodsys.mod.ui.SDL_GL.obj
 0001:00003680       ?root_get_other_interface@RVertexArray@SDL_GL@ui@modules@UModSys@@UEAAPEAUIRoot@core@5@PEBUSUniquePointerInfo@75@@Z 0000000180004680 f i umodsys_lib_libui:umodsys.mod.ui.SDL_GL.obj
 0001:00003680       ?root_get_other_interface@RVertexArray@SDL_GL@ui@modules@UModSys@@UEBAPEBUIRoot@core@5@PEBUSUniquePointerInfo@75@@Z 0000000180004680 f i umodsys_lib_libui:umodsys.mod.ui.SDL_GL.obj
 0001:000036b0       ?root_is_interface_supported@RVertexArray@SDL_GL@ui@modules@UModSys@@UEBA_NPEBUSUniquePointerInfo@core@5@@Z 00000001800046b0 f i umodsys_lib_libui:umodsys.mod.ui.SDL_GL.obj
 0001:000036e0       ?get_generated_names@RGenerator@SDL_GL@ui@modules@UModSys@@UEBAHAEAUSUniquePtrList@core@5@@Z 00000001800046e0 f i umodsys_lib_libui:umodsys.mod.ui.SDL_GL.obj
 0001:00003700       ?get_generated_types@RGenerator@SDL_GL@ui@modules@UModSys@@UEBAHAEAUSUniquePtrList@core@5@PEBUSUniquePointerInfo@75@@Z 0000000180004700 f i umodsys_lib_libui:umodsys.mod.ui.SDL_GL.obj
 0001:00003770       ?generate@RGenerator@SDL_GL@ui@modules@UModSys@@UEAA_NAEAU?$TRefObject@UIRefObject@core@UModSys@@U?$TRefObjectFunc@UIRefObject@core@UModSys@@@tl@3@@tl@5@PEBUSUniquePointerInfo@core@5@AEBUSParameters@95@@Z 0000000180004770 f i umodsys_lib_libui:umodsys.mod.ui.SDL_GL.obj
 0001:000037f0       ?root_get_interface_info@RGenerator@SDL_GL@ui@modules@UModSys@@UEBAAEBUSUniquePointerInfo@core@5@XZ 00000001800047f0 f i umodsys_lib_libui:umodsys.mod.ui.SDL_GL.obj
 0001:00003800       ?root_get_interface_type@RGenerator@SDL_GL@ui@modules@UModSys@@UEBAPEBUSUniquePointerInfo@core@5@XZ 0000000180004800 f i umodsys_lib_libui:umodsys.mod.ui.SDL_GL.obj
 0001:00003810       ?root_get_other_interface@RGenerator@SDL_GL@ui@modules@UModSys@@UEAAPEAUIRoot@core@5@PEBUSUniquePointerInfo@75@@Z 0000000180004810 f i umodsys_lib_libui:umodsys.mod.ui.SDL_GL.obj
 0001:00003810       ?root_get_other_interface@RGenerator@SDL_GL@ui@modules@UModSys@@UEBAPEBUIRoot@core@5@PEBUSUniquePointerInfo@75@@Z 0000000180004810 f i umodsys_lib_libui:umodsys.mod.ui.SDL_GL.obj
 0001:00003850       ?root_is_interface_supported@RGenerator@SDL_GL@ui@modules@UModSys@@UEBA_NPEBUSUniquePointerInfo@core@5@@Z 0000000180004850 f i umodsys_lib_libui:umodsys.mod.ui.SDL_GL.obj
 0001:00003890       ?get_uid@RGenerator@SDL_GL@ui@modules@UModSys@@UEBAPEBUSUniquePointerInfo@core@5@XZ 0000000180004890 f i umodsys_lib_libui:umodsys.mod.ui.SDL_GL.obj
 0001:000038a0       ??_GRKeyboardController@SDL_GL@ui@modules@UModSys@@UEAAPEAXI@Z 00000001800048a0 f i umodsys_lib_libui:umodsys.mod.ui.SDL_GL.obj
 0001:000038a0       ??_ERKeyboardController@SDL_GL@ui@modules@UModSys@@UEAAPEAXI@Z 00000001800048a0 f i  CIL library: CIL module
 0001:000038d0       ??_ERMouseController@SDL_GL@ui@modules@UModSys@@UEAAPEAXI@Z 00000001800048d0 f i  CIL library: CIL module
 0001:000038d0       ??_GRMouseController@SDL_GL@ui@modules@UModSys@@UEAAPEAXI@Z 00000001800048d0 f i umodsys_lib_libui:umodsys.mod.ui.SDL_GL.obj
 0001:00003900       ??_ERTerminal@SDL_GL@ui@modules@UModSys@@UEAAPEAXI@Z 0000000180004900 f i  CIL library: CIL module
 0001:00003900       ??_GRTerminal@SDL_GL@ui@modules@UModSys@@UEAAPEAXI@Z 0000000180004900 f i umodsys_lib_libui:umodsys.mod.ui.SDL_GL.obj
 0001:00003930       ??_ERMultiImage2D_SDL_ttf@SDL_GL@ui@modules@UModSys@@UEAAPEAXI@Z 0000000180004930 f i  CIL library: CIL module
 0001:00003930       ??_GRMultiImage2D_SDL_ttf@SDL_GL@ui@modules@UModSys@@UEAAPEAXI@Z 0000000180004930 f i umodsys_lib_libui:umodsys.mod.ui.SDL_GL.obj
 0001:00003960       ?set_flags@SGLFuncs@SDL_GL@ui@modules@UModSys@@QEBAXPEBUTextureInfo@12345@AEBUSRenderMapFlags@lib3d@5@@Z 0000000180004960 f i umodsys_lib_libui:umodsys.mod.ui.SDL_GL.obj
 0001:00003a60       ??_GRRenderDriver3D@SDL_GL@ui@modules@UModSys@@UEAAPEAXI@Z 0000000180004a60 f i umodsys_lib_libui:umodsys.mod.ui.SDL_GL.obj
 0001:00003a60       ??_ERRenderDriver3D@SDL_GL@ui@modules@UModSys@@UEAAPEAXI@Z 0000000180004a60 f i  CIL library: CIL module
 0001:00003a90       ??_GRVertexArray@SDL_GL@ui@modules@UModSys@@UEAAPEAXI@Z 0000000180004a90 f i umodsys_lib_libui:umodsys.mod.ui.SDL_GL.obj
 0001:00003a90       ??_ERVertexArray@SDL_GL@ui@modules@UModSys@@UEAAPEAXI@Z 0000000180004a90 f i  CIL library: CIL module
 0001:00003ac0       ??_GRTerminalX@SDL_GL@ui@modules@UModSys@@UEAAPEAXI@Z 0000000180004ac0 f i umodsys_lib_libui:umodsys.mod.ui.SDL_GL.obj
 0001:00003ac0       ??_ERTerminalX@SDL_GL@ui@modules@UModSys@@UEAAPEAXI@Z 0000000180004ac0 f i  CIL library: CIL module
 0001:00003af0       ?do_open@RModuleReg@SDL_GL@ui@modules@UModSys@@UEAA_NXZ 0000000180004af0 f i umodsys_lib_libui:umodsys.mod.ui.SDL_GL.obj
 0001:00003b00       ?do_close@RModuleReg@SDL_GL@ui@modules@UModSys@@UEAA_NXZ 0000000180004b00 f i umodsys_lib_libui:umodsys.mod.ui.SDL_GL.obj
 0001:00003b10       ??_GRModuleReg@SDL_GL@ui@modules@UModSys@@UEAAPEAXI@Z 0000000180004b10 f i umodsys_lib_libui:umodsys.mod.ui.SDL_GL.obj
 0001:00003b10       ??_ERModuleReg@SDL_GL@ui@modules@UModSys@@UEAAPEAXI@Z 0000000180004b10 f i  CIL library: CIL module
 0001:00003b40       ??1?$TScatterArray@UGlyph@RMultiImage2D_SDL_ttf@SDL_GL@ui@modules@UModSys@@HU?$TScalarCompare@H@core@6@U?$TNodeDeleter0@U?$TScatterArrayNode@UGlyph@RMultiImage2D_SDL_ttf@SDL_GL@ui@modules@UModSys@@H@tl@UModSys@@@tl@6@@tl@UModSys@@QEAA@XZ 0000000180004b40 f i umodsys_lib_libui:umodsys.mod.ui.SDL_GL.obj
 0001:00003b70       ??1?$TDynarrayDynamic@USLayInfo@RVertexArray@SDL_GL@ui@modules@UModSys@@U?$TAllocator@USIMemAlloc@core@UModSys@@USCountCalcExact@23@@tl@6@@tl@UModSys@@QEAA@XZ 0000000180004b70 f i umodsys_lib_libui:umodsys.mod.ui.SDL_GL.obj
 0001:00003b80       ??1?$TDynarray@U?$TDynarrayHolderDynamic@USLayInfo@RVertexArray@SDL_GL@ui@modules@UModSys@@U?$TAllocator@USIMemAlloc@core@UModSys@@USCountCalcExact@23@@tl@6@@tl@UModSys@@@tl@UModSys@@QEAA@XZ 0000000180004b80 f i umodsys_lib_libui:umodsys.mod.ui.SDL_GL.obj
 0001:00003bf0       ?remove_node@?$TTreeHoldRB@U?$TScatterArrayNode@U?$TRefObjectComposite@UIKeyboardClient@libui@UModSys@@UIRefObject@core@3@U?$TRefObjectFunc@UIRefObject@core@UModSys@@@tl@3@@tl@UModSys@@H@tl@UModSys@@@tl@UModSys@@QEAAXPEAU?$TScatterArrayNode@U?$TRefObjectComposite@UIKeyboardClient@libui@UModSys@@UIRefObject@core@3@U?$TRefObjectFunc@UIRefObject@core@UModSys@@@tl@3@@tl@UModSys@@H@23@@Z 0000000180004bf0 f i umodsys_lib_libui:umodsys.mod.ui.SDL_GL.obj
 0001:00003bf0       ?remove_node@?$TTreeHoldRB@U?$TScatterArrayNode@U?$TRefObjectCompositeExtra@UIMouseClient@libui@UModSys@@HUIRefObject@core@3@U?$TRefObjectFunc@UIRefObject@core@UModSys@@@tl@3@@tl@UModSys@@H@tl@UModSys@@@tl@UModSys@@QEAAXPEAU?$TScatterArrayNode@U?$TRefObjectCompositeExtra@UIMouseClient@libui@UModSys@@HUIRefObject@core@3@U?$TRefObjectFunc@UIRefObject@core@UModSys@@@tl@3@@tl@UModSys@@H@23@@Z 0000000180004bf0 f i umodsys_lib_libui:umodsys.mod.ui.SDL_GL.obj
 0001:00003d10       ??R?$TNodeDeleter0@U?$TScatterArrayNode@U?$TRefObjectComposite@UIKeyboardClient@libui@UModSys@@UIRefObject@core@3@U?$TRefObjectFunc@UIRefObject@core@UModSys@@@tl@3@@tl@UModSys@@H@tl@UModSys@@@tl@UModSys@@QEBAHPEAU?$TScatterArrayNode@U?$TRefObjectComposite@UIKeyboardClient@libui@UModSys@@UIRefObject@core@3@U?$TRefObjectFunc@UIRefObject@core@UModSys@@@tl@3@@tl@UModSys@@H@12@@Z 0000000180004d10 f i umodsys_lib_libui:umodsys.mod.ui.SDL_GL.obj
 0001:00003d10       ??R?$TNodeDeleter0@U?$TScatterArrayNode@U?$TRefObjectCompositeExtra@UIMouseClient@libui@UModSys@@HUIRefObject@core@3@U?$TRefObjectFunc@UIRefObject@core@UModSys@@@tl@3@@tl@UModSys@@H@tl@UModSys@@@tl@UModSys@@QEBAHPEAU?$TScatterArrayNode@U?$TRefObjectCompositeExtra@UIMouseClient@libui@UModSys@@HUIRefObject@core@3@U?$TRefObjectFunc@UIRefObject@core@UModSys@@@tl@3@@tl@UModSys@@H@12@@Z 0000000180004d10 f i umodsys_lib_libui:umodsys.mod.ui.SDL_GL.obj
 0001:00003d90       ??1?$TPair@HU?$TRefObjectComposite@UIKeyboardClient@libui@UModSys@@UIRefObject@core@3@U?$TRefObjectFunc@UIRefObject@core@UModSys@@@tl@3@@tl@UModSys@@@tl@UModSys@@QEAA@XZ 0000000180004d90 f i umodsys_lib_libui:umodsys.mod.ui.SDL_GL.obj
 0001:00003d90       ??1?$TPair@HU?$TRefObjectCompositeExtra@UIMouseClient@libui@UModSys@@HUIRefObject@core@3@U?$TRefObjectFunc@UIRefObject@core@UModSys@@@tl@3@@tl@UModSys@@@tl@UModSys@@QEAA@XZ 0000000180004d90 f i umodsys_lib_libui:umodsys.mod.ui.SDL_GL.obj
 0001:00003de0       ??1?$TRefObjectComposite@UIKeyboardClient@libui@UModSys@@UIRefObject@core@3@U?$TRefObjectFunc@UIRefObject@core@UModSys@@@tl@3@@tl@UModSys@@QEAA@XZ 0000000180004de0 f i umodsys_lib_libui:umodsys.mod.ui.SDL_GL.obj
 0001:00003de0       ??1?$TRefObjectCompositeExtra@UIMouseClient@libui@UModSys@@HUIRefObject@core@3@U?$TRefObjectFunc@UIRefObject@core@UModSys@@@tl@3@@tl@UModSys@@QEAA@XZ 0000000180004de0 f i umodsys_lib_libui:umodsys.mod.ui.SDL_GL.obj
 0001:00003e30       ?remove_color@?$TTreeHoldRB@U?$TScatterArrayNode@U?$TRefObjectComposite@UIKeyboardClient@libui@UModSys@@UIRefObject@core@3@U?$TRefObjectFunc@UIRefObject@core@UModSys@@@tl@3@@tl@UModSys@@H@tl@UModSys@@@tl@UModSys@@IEAAXPEAU?$TScatterArrayNode@U?$TRefObjectComposite@UIKeyboardClient@libui@UModSys@@UIRefObject@core@3@U?$TRefObjectFunc@UIRefObject@core@UModSys@@@tl@3@@tl@UModSys@@H@23@0@Z 0000000180004e30 f i umodsys_lib_libui:umodsys.mod.ui.SDL_GL.obj
 0001:00003e30       ?remove_color@?$TTreeHoldRB@U?$TScatterArrayNode@U?$TRefObjectCompositeExtra@UIMouseClient@libui@UModSys@@HUIRefObject@core@3@U?$TRefObjectFunc@UIRefObject@core@UModSys@@@tl@3@@tl@UModSys@@H@tl@UModSys@@@tl@UModSys@@IEAAXPEAU?$TScatterArrayNode@U?$TRefObjectCompositeExtra@UIMouseClient@libui@UModSys@@HUIRefObject@core@3@U?$TRefObjectFunc@UIRefObject@core@UModSys@@@tl@3@@tl@UModSys@@H@23@0@Z 0000000180004e30 f i umodsys_lib_libui:umodsys.mod.ui.SDL_GL.obj
 0001:000040f0       ?ref_weak@?$TRefObjectLinksComposite@URKeyboardController@SDL_GL@ui@modules@UModSys@@URTerminal@2345@@tl@UModSys@@QEBA_NPEAURKeyboardController@SDL_GL@ui@modules@3@AEAUWeakPointer@IRefObject@core@3@@Z 00000001800050f0 f i umodsys_lib_libui:umodsys.mod.ui.SDL_GL.obj
 0001:000040f0       ?ref_weak@?$TRefObjectLinksComposite@URRenderDriver2D@SDL_core@ui@modules@UModSys@@URTerminalX@2345@@tl@UModSys@@QEBA_NPEAURRenderDriver2D@SDL_core@ui@modules@3@AEAUWeakPointer@IRefObject@core@3@@Z 00000001800050f0 f i umodsys_lib_libui:umodsys.mod.ui.SDL_core.obj
 0001:000040f0       ?ref_weak@?$TRefObjectLinksComposite@URKeyboardController@SDL_core@ui@modules@UModSys@@URTerminal@2345@@tl@UModSys@@QEBA_NPEAURKeyboardController@SDL_core@ui@modules@3@AEAUWeakPointer@IRefObject@core@3@@Z 00000001800050f0 f i umodsys_lib_libui:umodsys.mod.ui.SDL_core.obj
 0001:000040f0       ?ref_weak@?$TRefObjectLinksComposite@URMouseController@SDL_GL@ui@modules@UModSys@@URTerminal@2345@@tl@UModSys@@QEBA_NPEAURMouseController@SDL_GL@ui@modules@3@AEAUWeakPointer@IRefObject@core@3@@Z 00000001800050f0 f i umodsys_lib_libui:umodsys.mod.ui.SDL_GL.obj
 0001:000040f0       ?ref_weak@?$TRefObjectLinksComposite@URRenderDriver3D@SDL_GL@ui@modules@UModSys@@URTerminalX@2345@@tl@UModSys@@QEBA_NPEAURRenderDriver3D@SDL_GL@ui@modules@3@AEAUWeakPointer@IRefObject@core@3@@Z 00000001800050f0 f i umodsys_lib_libui:umodsys.mod.ui.SDL_GL.obj
 0001:000040f0       ?ref_weak@?$TRefObjectLinksComposite@URMouseController@SDL_core@ui@modules@UModSys@@URTerminal@2345@@tl@UModSys@@QEBA_NPEAURMouseController@SDL_core@ui@modules@3@AEAUWeakPointer@IRefObject@core@3@@Z 00000001800050f0 f i umodsys_lib_libui:umodsys.mod.ui.SDL_core.obj
 0001:00004110       ?ResizeRel@?$TDynarray@U?$TDynarrayHolderDynamic@USLayInfo@RVertexArray@SDL_GL@ui@modules@UModSys@@U?$TAllocator@USIMemAlloc@core@UModSys@@USCountCalcExact@23@@tl@6@@tl@UModSys@@@tl@UModSys@@QEAA_N_J@Z 0000000180005110 f i umodsys_lib_libui:umodsys.mod.ui.SDL_GL.obj
 0001:000041f0       ??$t_ref_get_other_interface@URMultiImage2D_SDL_ttf@SDL_GL@ui@modules@UModSys@@U?$TRefObjectWeakFunc@URMultiImage2D_SDL_ttf@SDL_GL@ui@modules@UModSys@@@tl@5@@IRefObject@core@UModSys@@QEAA_NAEAU?$TRefObject@URMultiImage2D_SDL_ttf@SDL_GL@ui@modules@UModSys@@U?$TRefObjectWeakFunc@URMultiImage2D_SDL_ttf@SDL_GL@ui@modules@UModSys@@@tl@5@@tl@2@@Z 00000001800051f0 f i umodsys_lib_libui:umodsys.mod.ui.SDL_GL.obj
 0001:00004270       ??$genx_node@UCmp@?$TScatterArray@U?$TRefObjectComposite@UIKeyboardClient@libui@UModSys@@UIRefObject@core@3@U?$TRefObjectFunc@UIRefObject@core@UModSys@@@tl@3@@tl@UModSys@@HU?$TScalarCompare@H@core@3@U?$TNodeDeleter0@U?$TScatterArrayNode@U?$TRefObjectComposite@UIKeyboardClient@libui@UModSys@@UIRefObject@core@3@U?$TRefObjectFunc@UIRefObject@core@UModSys@@@tl@3@@tl@UModSys@@H@tl@UModSys@@@23@@tl@UModSys@@UGen0@234@@?$TTreeHoldRBD@U?$TScatterArrayNode@U?$TRefObjectComposite@UIKeyboardClient@libui@UModSys@@UIRefObject@core@3@U?$TRefObjectFunc@UIRefObject@core@UModSys@@@tl@3@@tl@UModSys@@H@tl@UModSys@@U?$TNodeDeleter0@U?$TScatterArrayNode@U?$TRefObjectComposite@UIKeyboardClient@libui@UModSys@@UIRefObject@core@3@U?$TRefObjectFunc@UIRefObject@core@UModSys@@@tl@3@@tl@UModSys@@H@tl@UModSys@@@23@@tl@UModSys@@QEAAPEAU?$TScatterArrayNode@U?$TRefObjectComposite@UIKeyboardClient@libui@UModSys@@UIRefObject@core@3@U?$TRefObjectFunc@UIRefObject@core@UModSys@@@tl@3@@tl@UModSys@@H@12@UCmp@?$TScatterArray@U?$TRefObjectComposite@UIKeyboardClient@libui@UModSys@@UIRefObject@core@3@U?$TRefObjectFunc@UIRefObject@core@UModSys@@@tl@3@@tl@UModSys@@HU?$TScalarCompare@H@core@3@U?$TNodeDeleter0@U?$TScatterArrayNode@U?$TRefObjectComposite@UIKeyboardClient@libui@UModSys@@UIRefObject@core@3@U?$TRefObjectFunc@UIRefObject@core@UModSys@@@tl@3@@tl@UModSys@@H@tl@UModSys@@@23@@12@AEBUGen0@512@PEAPEAU312@2_N@Z 0000000180005270 f i umodsys_lib_libui:umodsys.mod.ui.SDL_GL.obj
 0001:000043b0       ??$genx_node@UCmp@?$TScatterArray@U?$TRefObjectCompositeExtra@UIMouseClient@libui@UModSys@@HUIRefObject@core@3@U?$TRefObjectFunc@UIRefObject@core@UModSys@@@tl@3@@tl@UModSys@@HU?$TScalarCompare@H@core@3@U?$TNodeDeleter0@U?$TScatterArrayNode@U?$TRefObjectCompositeExtra@UIMouseClient@libui@UModSys@@HUIRefObject@core@3@U?$TRefObjectFunc@UIRefObject@core@UModSys@@@tl@3@@tl@UModSys@@H@tl@UModSys@@@23@@tl@UModSys@@UGen0@234@@?$TTreeHoldRBD@U?$TScatterArrayNode@U?$TRefObjectCompositeExtra@UIMouseClient@libui@UModSys@@HUIRefObject@core@3@U?$TRefObjectFunc@UIRefObject@core@UModSys@@@tl@3@@tl@UModSys@@H@tl@UModSys@@U?$TNodeDeleter0@U?$TScatterArrayNode@U?$TRefObjectCompositeExtra@UIMouseClient@libui@UModSys@@HUIRefObject@core@3@U?$TRefObjectFunc@UIRefObject@core@UModSys@@@tl@3@@tl@UModSys@@H@tl@UModSys@@@23@@tl@UModSys@@QEAAPEAU?$TScatterArrayNode@U?$TRefObjectCompositeExtra@UIMouseClient@libui@UModSys@@HUIRefObject@core@3@U?$TRefObjectFunc@UIRefObject@core@UModSys@@@tl@3@@tl@UModSys@@H@12@UCmp@?$TScatterArray@U?$TRefObjectCompositeExtra@UIMouseClient@libui@UModSys@@HUIRefObject@core@3@U?$TRefObjectFunc@UIRefObject@core@UModSys@@@tl@3@@tl@UModSys@@HU?$TScalarCompare@H@core@3@U?$TNodeDeleter0@U?$TScatterArrayNode@U?$TRefObjectCompositeExtra@UIMouseClient@libui@UModSys@@HUIRefObject@core@3@U?$TRefObjectFunc@UIRefObject@core@UModSys@@@tl@3@@tl@UModSys@@H@tl@UModSys@@@23@@12@AEBUGen0@512@PEAPEAU312@2_N@Z 00000001800053b0 f i umodsys_lib_libui:umodsys.mod.ui.SDL_GL.obj
 0001:00004500       ??$genx_node@UCmp@?$TScatterArray@UGlyph@RMultiImage2D_SDL_ttf@SDL_GL@ui@modules@UModSys@@HU?$TScalarCompare@H@core@6@U?$TNodeDeleter0@U?$TScatterArrayNode@UGlyph@RMultiImage2D_SDL_ttf@SDL_GL@ui@modules@UModSys@@H@tl@UModSys@@@tl@6@@tl@UModSys@@UGen0@234@@?$TTreeHoldRBD@U?$TScatterArrayNode@UGlyph@RMultiImage2D_SDL_ttf@SDL_GL@ui@modules@UModSys@@H@tl@UModSys@@U?$TNodeDeleter0@U?$TScatterArrayNode@UGlyph@RMultiImage2D_SDL_ttf@SDL_GL@ui@modules@UModSys@@H@tl@UModSys@@@23@@tl@UModSys@@QEAAPEAU?$TScatterArrayNode@UGlyph@RMultiImage2D_SDL_ttf@SDL_GL@ui@modules@UModSys@@H@12@UCmp@?$TScatterArray@UGlyph@RMultiImage2D_SDL_ttf@SDL_GL@ui@modules@UModSys@@HU?$TScalarCompare@H@core@6@U?$TNodeDeleter0@U?$TScatterArrayNode@UGlyph@RMultiImage2D_SDL_ttf@SDL_GL@ui@modules@UModSys@@H@tl@UModSys@@@tl@6@@12@AEBUGen0@512@PEAPEAU312@2_N@Z 0000000180005500 f i umodsys_lib_libui:umodsys.mod.ui.SDL_GL.obj
 0001:00004630       ??$process_nodes@U?$TNodeDeleter0@U?$TScatterArrayNode@U?$TRefObjectComposite@UIKeyboardClient@libui@UModSys@@UIRefObject@core@3@U?$TRefObjectFunc@UIRefObject@core@UModSys@@@tl@3@@tl@UModSys@@H@tl@UModSys@@@tl@UModSys@@@?$TTreeHoldRB@U?$TScatterArrayNode@U?$TRefObjectComposite@UIKeyboardClient@libui@UModSys@@UIRefObject@core@3@U?$TRefObjectFunc@UIRefObject@core@UModSys@@@tl@3@@tl@UModSys@@H@tl@UModSys@@@tl@UModSys@@QEAAHAEBU?$TNodeDeleter0@U?$TScatterArrayNode@U?$TRefObjectComposite@UIKeyboardClient@libui@UModSys@@UIRefObject@core@3@U?$TRefObjectFunc@UIRefObject@core@UModSys@@@tl@3@@tl@UModSys@@H@tl@UModSys@@@12@@Z 0000000180005630 f i umodsys_lib_libui:umodsys.mod.ui.SDL_GL.obj
 0001:00004630       ??$process_nodes@U?$TNodeDeleter0@U?$TScatterArrayNode@U?$TRefObjectCompositeExtra@UIMouseClient@libui@UModSys@@HUIRefObject@core@3@U?$TRefObjectFunc@UIRefObject@core@UModSys@@@tl@3@@tl@UModSys@@H@tl@UModSys@@@tl@UModSys@@@?$TTreeHoldRB@U?$TScatterArrayNode@U?$TRefObjectCompositeExtra@UIMouseClient@libui@UModSys@@HUIRefObject@core@3@U?$TRefObjectFunc@UIRefObject@core@UModSys@@@tl@3@@tl@UModSys@@H@tl@UModSys@@@tl@UModSys@@QEAAHAEBU?$TNodeDeleter0@U?$TScatterArrayNode@U?$TRefObjectCompositeExtra@UIMouseClient@libui@UModSys@@HUIRefObject@core@3@U?$TRefObjectFunc@UIRefObject@core@UModSys@@@tl@3@@tl@UModSys@@H@tl@UModSys@@@12@@Z 0000000180005630 f i umodsys_lib_libui:umodsys.mod.ui.SDL_GL.obj
 0001:000046b0       ??0?$TScatterArrayNode@UGlyph@RMultiImage2D_SDL_ttf@SDL_GL@ui@modules@UModSys@@H@tl@UModSys@@QEAA@AEBH@Z 00000001800056b0 f i umodsys_lib_libui:umodsys.mod.ui.SDL_GL.obj
 0001:000047a0       ??1?$TPair@HUGlyph@RMultiImage2D_SDL_ttf@SDL_GL@ui@modules@UModSys@@@tl@UModSys@@QEAA@XZ 00000001800057a0 f i umodsys_lib_libui:umodsys.mod.ui.SDL_GL.obj
 0001:000047d0       ??0STextureGL@SDL_GL@ui@modules@UModSys@@QEAA@AEBU01234@@Z 00000001800057d0 f i umodsys_lib_libui:umodsys.mod.ui.SDL_GL.obj
 0001:00004910       ??$process_nodes_r@U?$TNodeDeleter0@U?$TScatterArrayNode@U?$TRefObjectComposite@UIKeyboardClient@libui@UModSys@@UIRefObject@core@3@U?$TRefObjectFunc@UIRefObject@core@UModSys@@@tl@3@@tl@UModSys@@H@tl@UModSys@@@tl@UModSys@@@?$TTreeHoldRB@U?$TScatterArrayNode@U?$TRefObjectComposite@UIKeyboardClient@libui@UModSys@@UIRefObject@core@3@U?$TRefObjectFunc@UIRefObject@core@UModSys@@@tl@3@@tl@UModSys@@H@tl@UModSys@@@tl@UModSys@@KAHPEAU?$TScatterArrayNode@U?$TRefObjectComposite@UIKeyboardClient@libui@UModSys@@UIRefObject@core@3@U?$TRefObjectFunc@UIRefObject@core@UModSys@@@tl@3@@tl@UModSys@@H@12@AEBU?$TNodeDeleter0@U?$TScatterArrayNode@U?$TRefObjectComposite@UIKeyboardClient@libui@UModSys@@UIRefObject@core@3@U?$TRefObjectFunc@UIRefObject@core@UModSys@@@tl@3@@tl@UModSys@@H@tl@UModSys@@@12@@Z 0000000180005910 f i umodsys_lib_libui:umodsys.mod.ui.SDL_GL.obj
 0001:00004910       ??$process_nodes_r@U?$TNodeDeleter0@U?$TScatterArrayNode@U?$TRefObjectCompositeExtra@UIMouseClient@libui@UModSys@@HUIRefObject@core@3@U?$TRefObjectFunc@UIRefObject@core@UModSys@@@tl@3@@tl@UModSys@@H@tl@UModSys@@@tl@UModSys@@@?$TTreeHoldRB@U?$TScatterArrayNode@U?$TRefObjectCompositeExtra@UIMouseClient@libui@UModSys@@HUIRefObject@core@3@U?$TRefObjectFunc@UIRefObject@core@UModSys@@@tl@3@@tl@UModSys@@H@tl@UModSys@@@tl@UModSys@@KAHPEAU?$TScatterArrayNode@U?$TRefObjectCompositeExtra@UIMouseClient@libui@UModSys@@HUIRefObject@core@3@U?$TRefObjectFunc@UIRefObject@core@UModSys@@@tl@3@@tl@UModSys@@H@12@AEBU?$TNodeDeleter0@U?$TScatterArrayNode@U?$TRefObjectCompositeExtra@UIMouseClient@libui@UModSys@@HUIRefObject@core@3@U?$TRefObjectFunc@UIRefObject@core@UModSys@@@tl@3@@tl@UModSys@@H@tl@UModSys@@@12@@Z 0000000180005910 f i umodsys_lib_libui:umodsys.mod.ui.SDL_GL.obj
 0001:00004980       ??$process_nodes_r@U?$TNodeDeleter0@U?$TScatterArrayNode@UGlyph@RMultiImage2D_SDL_ttf@SDL_GL@ui@modules@UModSys@@H@tl@UModSys@@@tl@UModSys@@@?$TTreeHoldRB@U?$TScatterArrayNode@UGlyph@RMultiImage2D_SDL_ttf@SDL_GL@ui@modules@UModSys@@H@tl@UModSys@@@tl@UModSys@@KAHPEAU?$TScatterArrayNode@UGlyph@RMultiImage2D_SDL_ttf@SDL_GL@ui@modules@UModSys@@H@12@AEBU?$TNodeDeleter0@U?$TScatterArrayNode@UGlyph@RMultiImage2D_SDL_ttf@SDL_GL@ui@modules@UModSys@@H@tl@UModSys@@@12@@Z 0000000180005980 f i umodsys_lib_libui:umodsys.mod.ui.SDL_GL.obj
 0001:00004a10       ?root_get_interface_info@RKeyboardController@SDL_core@ui@modules@UModSys@@UEBAAEBUSUniquePointerInfo@core@5@XZ 0000000180005a10 f i umodsys_lib_libui:umodsys.mod.ui.SDL_core.obj
 0001:00004a20       ?root_get_interface_type@RKeyboardController@SDL_core@ui@modules@UModSys@@UEBAPEBUSUniquePointerInfo@core@5@XZ 0000000180005a20 f i umodsys_lib_libui:umodsys.mod.ui.SDL_core.obj
 0001:00004a30       ?root_get_other_interface@RKeyboardController@SDL_core@ui@modules@UModSys@@UEBAPEBUIRoot@core@5@PEBUSUniquePointerInfo@75@@Z 0000000180005a30 f i umodsys_lib_libui:umodsys.mod.ui.SDL_core.obj
 0001:00004a30       ?root_get_other_interface@RKeyboardController@SDL_core@ui@modules@UModSys@@UEAAPEAUIRoot@core@5@PEBUSUniquePointerInfo@75@@Z 0000000180005a30 f i umodsys_lib_libui:umodsys.mod.ui.SDL_core.obj
 0001:00004a60       ?root_is_interface_supported@RKeyboardController@SDL_core@ui@modules@UModSys@@UEBA_NPEBUSUniquePointerInfo@core@5@@Z 0000000180005a60 f i umodsys_lib_libui:umodsys.mod.ui.SDL_core.obj
 0001:00004a90       ?ref_remove@RRenderDriver2D@SDL_core@ui@modules@UModSys@@UEBAXXZ 0000000180005a90 f i umodsys_lib_libui:umodsys.mod.ui.SDL_core.obj
 0001:00004a90       ?ref_remove@RKeyboardController@SDL_core@ui@modules@UModSys@@UEBAXXZ 0000000180005a90 f i umodsys_lib_libui:umodsys.mod.ui.SDL_core.obj
 0001:00004a90       ?ref_remove@RKeyboardController@SDL_GL@ui@modules@UModSys@@UEBAXXZ 0000000180005a90 f i umodsys_lib_libui:umodsys.mod.ui.SDL_GL.obj
 0001:00004a90       ?ref_remove@RMouseController@SDL_core@ui@modules@UModSys@@UEBAXXZ 0000000180005a90 f i umodsys_lib_libui:umodsys.mod.ui.SDL_core.obj
 0001:00004a90       ?ref_remove@RRenderDriver3D@SDL_GL@ui@modules@UModSys@@UEBAXXZ 0000000180005a90 f i umodsys_lib_libui:umodsys.mod.ui.SDL_GL.obj
 0001:00004a90       ?ref_remove@RMouseController@SDL_GL@ui@modules@UModSys@@UEBAXXZ 0000000180005a90 f i umodsys_lib_libui:umodsys.mod.ui.SDL_GL.obj
 0001:00004aa0       ?root_get_interface_info@RMouseController@SDL_core@ui@modules@UModSys@@UEBAAEBUSUniquePointerInfo@core@5@XZ 0000000180005aa0 f i umodsys_lib_libui:umodsys.mod.ui.SDL_core.obj
 0001:00004ab0       ?root_get_interface_type@RMouseController@SDL_core@ui@modules@UModSys@@UEBAPEBUSUniquePointerInfo@core@5@XZ 0000000180005ab0 f i umodsys_lib_libui:umodsys.mod.ui.SDL_core.obj
 0001:00004ac0       ?root_get_other_interface@RMouseController@SDL_core@ui@modules@UModSys@@UEAAPEAUIRoot@core@5@PEBUSUniquePointerInfo@75@@Z 0000000180005ac0 f i umodsys_lib_libui:umodsys.mod.ui.SDL_core.obj
 0001:00004ac0       ?root_get_other_interface@RMouseController@SDL_core@ui@modules@UModSys@@UEBAPEBUIRoot@core@5@PEBUSUniquePointerInfo@75@@Z 0000000180005ac0 f i umodsys_lib_libui:umodsys.mod.ui.SDL_core.obj
 0001:00004af0       ?root_is_interface_supported@RMouseController@SDL_core@ui@modules@UModSys@@UEBA_NPEBUSUniquePointerInfo@core@5@@Z 0000000180005af0 f i umodsys_lib_libui:umodsys.mod.ui.SDL_core.obj
 0001:00004b20       ?root_get_interface_info@RTerminal@SDL_core@ui@modules@UModSys@@UEBAAEBUSUniquePointerInfo@core@5@XZ 0000000180005b20 f i umodsys_lib_libui:umodsys.mod.ui.SDL_core.obj
 0001:00004b30       ?root_get_interface_type@RTerminal@SDL_core@ui@modules@UModSys@@UEBAPEBUSUniquePointerInfo@core@5@XZ 0000000180005b30 f i umodsys_lib_libui:umodsys.mod.ui.SDL_core.obj
 0001:00004b40       ?root_get_other_interface@RTerminal@SDL_core@ui@modules@UModSys@@UEAAPEAUIRoot@core@5@PEBUSUniquePointerInfo@75@@Z 0000000180005b40 f i umodsys_lib_libui:umodsys.mod.ui.SDL_core.obj
 0001:00004b40       ?root_get_other_interface@RTerminal@SDL_core@ui@modules@UModSys@@UEBAPEBUIRoot@core@5@PEBUSUniquePointerInfo@75@@Z 0000000180005b40 f i umodsys_lib_libui:umodsys.mod.ui.SDL_core.obj
 0001:00004b70       ?root_is_interface_supported@RTerminal@SDL_core@ui@modules@UModSys@@UEBA_NPEBUSUniquePointerInfo@core@5@@Z 0000000180005b70 f i umodsys_lib_libui:umodsys.mod.ui.SDL_core.obj
 0001:00004ba0       ?root_get_interface_info@RMultiImage2D_SDL_ttf@SDL_core@ui@modules@UModSys@@UEBAAEBUSUniquePointerInfo@core@5@XZ 0000000180005ba0 f i umodsys_lib_libui:umodsys.mod.ui.SDL_core.obj
 0001:00004bb0       ?root_get_interface_type@RMultiImage2D_SDL_ttf@SDL_core@ui@modules@UModSys@@UEBAPEBUSUniquePointerInfo@core@5@XZ 0000000180005bb0 f i umodsys_lib_libui:umodsys.mod.ui.SDL_core.obj
 0001:00004bc0       ?root_get_other_interface@RMultiImage2D_SDL_ttf@SDL_core@ui@modules@UModSys@@UEAAPEAUIRoot@core@5@PEBUSUniquePointerInfo@75@@Z 0000000180005bc0 f i umodsys_lib_libui:umodsys.mod.ui.SDL_core.obj
 0001:00004bc0       ?root_get_other_interface@RMultiImage2D_SDL_ttf@SDL_core@ui@modules@UModSys@@UEBAPEBUIRoot@core@5@PEBUSUniquePointerInfo@75@@Z 0000000180005bc0 f i umodsys_lib_libui:umodsys.mod.ui.SDL_core.obj
[...]
 0001:0004c850       ??__F?s_id@?$TObjectUniqueID@UIKeyboardController@libui@UModSys@@@tl@UModSys@@2USUniquePointer@core@3@A@@YAXXZ 000000018004d850 f    CIL library: CIL module
 0001:0004c860       ??__F?s_id@?$TObjectUniqueID@UIConsoleHelperOutputFCS@base@UModSys@@@tl@UModSys@@2USUniquePointer@core@3@A@@YAXXZ 000000018004d860 f    CIL library: CIL module
 0001:0004c870       ??__F?s_id@?$TObjectUniqueID@UIConsoleHelperOutput@base@UModSys@@@tl@UModSys@@2USUniquePointer@core@3@A@@YAXXZ 000000018004d870 f    CIL library: CIL module
 0001:0004c880       ??__F?s_id@?$TObjectUniqueID@UIConsoleHelperInput@base@UModSys@@@tl@UModSys@@2USUniquePointer@core@3@A@@YAXXZ 000000018004d880 f    CIL library: CIL module
 0001:0004c890       ??__F?s_id@?$TObjectUniqueID@UIConsoleHelperHistory@base@UModSys@@@tl@UModSys@@2USUniquePointer@core@3@A@@YAXXZ 000000018004d890 f    CIL library: CIL module
 0001:0004c8a0       ??__F?s_id@?$TObjectUniqueID@UIConsoleHelper@base@UModSys@@@tl@UModSys@@2USUniquePointer@core@3@A@@YAXXZ 000000018004d8a0 f    CIL library: CIL module
 0001:0004c8b0       ??__F?s_id@?$TObjectUniqueID@UIConsoleExt@base@UModSys@@@tl@UModSys@@2USUniquePointer@core@3@A@@YAXXZ 000000018004d8b0 f    CIL library: CIL module
 0001:0004c8c0       ??__F?s_id@?$TObjectUniqueID@UISerializeWriter@libmedia@UModSys@@@tl@UModSys@@2USUniquePointer@core@3@A@@YAXXZ 000000018004d8c0 f    CIL library: CIL module
 0001:0004c8d0       ??__F?s_id@?$TObjectUniqueID@UISerializeReader@libmedia@UModSys@@@tl@UModSys@@2USUniquePointer@core@3@A@@YAXXZ 000000018004d8d0 f    CIL library: CIL module
 0001:0004c8e0       ??__F?s_id@?$TObjectUniqueID@UIClient@IBinArchiveFrame@libmedia@UModSys@@@tl@UModSys@@2USUniquePointer@core@3@A@@YAXXZ 000000018004d8e0 f    CIL library: CIL module
 0001:0004c8f0       ??__F?s_id@?$TObjectUniqueID@UIBinArchiveFrame@libmedia@UModSys@@@tl@UModSys@@2USUniquePointer@core@3@A@@YAXXZ 000000018004d8f0 f    CIL library: CIL module
 0001:0004c900       ??__F?s_id@?$TObjectUniqueID@UILibraryLayered@libmedia@UModSys@@@tl@UModSys@@2USUniquePointer@core@3@A@@YAXXZ 000000018004d900 f    CIL library: CIL module
 0001:0004c910       ??__F?s_id@?$TObjectUniqueID@UILibraryObjCache@libmedia@UModSys@@@tl@UModSys@@2USUniquePointer@core@3@A@@YAXXZ 000000018004d910 f    CIL library: CIL module
 0001:0004c920       ??__F?s_id@?$TObjectUniqueID@UILibraryObjFilter@libmedia@UModSys@@@tl@UModSys@@2USUniquePointer@core@3@A@@YAXXZ 000000018004d920 f    CIL library: CIL module
 0001:0004c930       ??__F?s_id@?$TObjectUniqueID@UILibraryBinCache@libmedia@UModSys@@@tl@UModSys@@2USUniquePointer@core@3@A@@YAXXZ 000000018004d930 f    CIL library: CIL module
 0001:0004c940       ??__F?s_id@?$TObjectUniqueID@UILibraryBinTree@libmedia@UModSys@@@tl@UModSys@@2USUniquePointer@core@3@A@@YAXXZ 000000018004d940 f    CIL library: CIL module
 0001:0004c950       ??__F?s_id@?$TObjectUniqueID@UILibrary@libmedia@UModSys@@@tl@UModSys@@2USUniquePointer@core@3@A@@YAXXZ 000000018004d950 f    CIL library: CIL module
 0001:0004c960       ??__F?s_id@?$TObjectUniqueID@UIBinObjFilter@libmedia@UModSys@@@tl@UModSys@@2USUniquePointer@core@3@A@@YAXXZ 000000018004d960 f    CIL library: CIL module
 0001:0004c970       ??__F?s_id@?$TObjectUniqueID@UIBinArchive@libmedia@UModSys@@@tl@UModSys@@2USUniquePointer@core@3@A@@YAXXZ 000000018004d970 f    CIL library: CIL module
 0001:0004c980       ??__F?s_id@?$TObjectUniqueID@UILibObject@libmedia@UModSys@@@tl@UModSys@@2USUniquePointer@core@3@A@@YAXXZ 000000018004d980 f    CIL library: CIL module
 0001:0004c990       ??__F?s_id@?$TObjectUniqueID@UIUtilities@libmedia@UModSys@@@tl@UModSys@@2USUniquePointer@core@3@A@@YAXXZ 000000018004d990 f    CIL library: CIL module
 0001:0004c9a0       ??__F?s_id@?$TObjectUniqueID@UIStreamWriter@libmedia@UModSys@@@tl@UModSys@@2USUniquePointer@core@3@A@@YAXXZ 000000018004d9a0 f    CIL library: CIL module
 0001:0004c9b0       ??__F?s_id@?$TObjectUniqueID@UIStreamReader@libmedia@UModSys@@@tl@UModSys@@2USUniquePointer@core@3@A@@YAXXZ 000000018004d9b0 f    CIL library: CIL module
 0001:0004c9c0       ??__F?s_id@?$TObjectUniqueID@UISystem@base@UModSys@@@tl@UModSys@@2USUniquePointer@core@3@A@@YAXXZ 000000018004d9c0 f    CIL library: CIL module
 0001:0004c9d0       ??__F?s_id@?$TObjectUniqueID@UIShell@base@UModSys@@@tl@UModSys@@2USUniquePointer@core@3@A@@YAXXZ 000000018004d9d0 f    CIL library: CIL module
 0001:0004c9e0       ??__F?s_id@?$TObjectUniqueID@UIGenerator@base@UModSys@@@tl@UModSys@@2USUniquePointer@core@3@A@@YAXXZ 000000018004d9e0 f    CIL library: CIL module
 0001:0004c9f0       ??__F?s_id@?$TObjectUniqueID@UIModObject@base@UModSys@@@tl@UModSys@@2USUniquePointer@core@3@A@@YAXXZ 000000018004d9f0 f    CIL library: CIL module
 0001:0004ca00       ??__F?s_id@?$TObjectUniqueID@UIModuleLibrary@base@UModSys@@@tl@UModSys@@2USUniquePointer@core@3@A@@YAXXZ 000000018004da00 f    CIL library: CIL module
 0001:0004ca10       ??__F?s_id@?$TObjectUniqueID@UIModule@base@UModSys@@@tl@UModSys@@2USUniquePointer@core@3@A@@YAXXZ 000000018004da10 f    CIL library: CIL module
 0001:0004ca20       ??__F?s_id@?$TObjectUniqueID@UIConsole@base@UModSys@@@tl@UModSys@@2USUniquePointer@core@3@A@@YAXXZ 000000018004da20 f    CIL library: CIL module
 0001:0004ca30       ??__F?s_id@?$TObjectUniqueID@UIParameters@core@UModSys@@@tl@UModSys@@2USUniquePointer@core@3@A@@YAXXZ 000000018004da30 f    CIL library: CIL module
 0001:0004ca40       ??__F?s_id@?$TObjectUniqueID@UIRefObject@core@UModSys@@@tl@UModSys@@2USUniquePointer@core@3@A@@YAXXZ 000000018004da40 f    CIL library: CIL module
 0001:0004ca50       ??__F?s_id@?$TObjectUniqueID@UIRoot@core@UModSys@@@tl@UModSys@@2USUniquePointer@core@3@A@@YAXXZ 000000018004da50 f    CIL library: CIL module
 0001:0004ca60       ??__F?s_id@?$TObjectUniqueID@UIScene@lib3d@UModSys@@@tl@UModSys@@2USUniquePointer@core@3@A@@YAXXZ 000000018004da60 f    CIL library: CIL module
 0001:0004ca70       ??__F?s_id@?$TObjectUniqueID@UISceneController@lib3d@UModSys@@@tl@UModSys@@2USUniquePointer@core@3@A@@YAXXZ 000000018004da70 f    CIL library: CIL module
 0001:0004ca80       ??__F?s_id@?$TObjectUniqueID@UINodeObject_Light@lib3d@UModSys@@@tl@UModSys@@2USUniquePointer@core@3@A@@YAXXZ 000000018004da80 f    CIL library: CIL module
 0001:0004ca90       ??__F?s_id@?$TObjectUniqueID@UINodeObject_Camera@lib3d@UModSys@@@tl@UModSys@@2USUniquePointer@core@3@A@@YAXXZ 000000018004da90 f    CIL library: CIL module
 0001:0004caa0       ??__F?s_id@?$TObjectUniqueID@UINodeObject_Particles@lib3d@UModSys@@@tl@UModSys@@2USUniquePointer@core@3@A@@YAXXZ 000000018004daa0 f    CIL library: CIL module
 0001:0004cab0       ??__F?s_id@?$TObjectUniqueID@UINodeObject_Picture@lib3d@UModSys@@@tl@UModSys@@2USUniquePointer@core@3@A@@YAXXZ 000000018004dab0 f    CIL library: CIL module
 0001:0004cac0       ??__F?s_id@?$TObjectUniqueID@UINodeObject_Mesh@lib3d@UModSys@@@tl@UModSys@@2USUniquePointer@core@3@A@@YAXXZ 000000018004dac0 f    CIL library: CIL module
 0001:0004cad0       ??__F?s_id@?$TObjectUniqueID@UINodeObject_Brush@lib3d@UModSys@@@tl@UModSys@@2USUniquePointer@core@3@A@@YAXXZ 000000018004dad0 f    CIL library: CIL module
 0001:0004cae0       ??__Fs_dbg@stdlib@lib2d@modules@UModSys@@YAXXZ 000000018004dae0 f    CIL library: CIL module
 0001:0004caf0       ??__F?s_modreg@RModuleReg@stdlib@lib2d@modules@UModSys@@2U12345@A@@YAXXZ 000000018004daf0 f    CIL library: CIL module
 0001:0004cb10       ??__F?s_modreg_chain@RModuleReg@stdlib@lib2d@modules@UModSys@@2USModuleRegChain@base@5@A@@YAXXZ 000000018004db10 f    CIL library: CIL module
 0001:0004cb20       ??__F?s_uid@RGenerator@stdlib@lib2d@modules@UModSys@@2USUniquePointer@core@5@A@@YAXXZ 000000018004db20 f    CIL library: CIL module
 0001:0004cb30       ??__Fh@?1??s_holder@RGenerator@stdlib@lib2d@modules@UModSys@@SAAEAU?$TTypeStaticHolder@URGenerator@stdlib@lib2d@modules@UModSys@@@tl@5@XZ@YAXXZ 000000018004db30 f    CIL library: CIL module
 0001:0004cb60       ??__F?s_id@?$TObjectUniqueID@URGenerator@stdlib@lib2d@modules@UModSys@@@tl@UModSys@@2USUniquePointer@core@3@A@@YAXXZ 000000018004db60 f    CIL library: CIL module
 0001:0004cb70       ??__F?s_id@?$TObjectUniqueID@URMultiImage@stdlib@lib2d@modules@UModSys@@@tl@UModSys@@2USUniquePointer@core@3@A@@YAXXZ 000000018004db70 f    CIL library: CIL module
 0001:0004cb80       ??__F?s_id@?$TObjectUniqueID@URImageFactory_Memory@stdlib@lib2d@modules@UModSys@@@tl@UModSys@@2USUniquePointer@core@3@A@@YAXXZ 000000018004db80 f    CIL library: CIL module
 0001:0004cb90       ??__F?s_id@?$TObjectUniqueID@URImage_Memory@stdlib@lib2d@modules@UModSys@@@tl@UModSys@@2USUniquePointer@core@3@A@@YAXXZ 000000018004db90 f    CIL library: CIL module
 0001:0004cba0       ??__Fs_dbg@SDL_GL@ui@modules@UModSys@@YAXXZ 000000018004dba0 f    CIL library: CIL module
 0001:0004cbb0       ??__F?s_modreg@RModuleReg@SDL_GL@ui@modules@UModSys@@2U12345@A@@YAXXZ 000000018004dbb0 f    CIL library: CIL module
 0001:0004cbd0       ??__F?s_modreg_chain@RModuleReg@SDL_GL@ui@modules@UModSys@@2USModuleRegChain@base@5@A@@YAXXZ 000000018004dbd0 f    CIL library: CIL module
 0001:0004cbe0       ??__F?s_uid@RGenerator@SDL_GL@ui@modules@UModSys@@2USUniquePointer@core@5@A@@YAXXZ 000000018004dbe0 f    CIL library: CIL module
 0001:0004cbf0       ??__Fh@?1??s_holder@RGenerator@SDL_GL@ui@modules@UModSys@@SAAEAU?$TTypeStaticHolder@URGenerator@SDL_GL@ui@modules@UModSys@@@tl@5@XZ@YAXXZ 000000018004dbf0 f    CIL library: CIL module
 0001:0004cc20       ??__F?s_id@?$TObjectUniqueID@URGenerator@SDL_GL@ui@modules@UModSys@@@tl@UModSys@@2USUniquePointer@core@3@A@@YAXXZ 000000018004dc20 f    CIL library: CIL module
 0001:0004cc30       ??__F?s_id@?$TObjectUniqueID@URVertexArray@SDL_GL@ui@modules@UModSys@@@tl@UModSys@@2USUniquePointer@core@3@A@@YAXXZ 000000018004dc30 f    CIL library: CIL module
 0001:0004cc40       ??__F?s_id@?$TObjectUniqueID@URTerminalX@SDL_GL@ui@modules@UModSys@@@tl@UModSys@@2USUniquePointer@core@3@A@@YAXXZ 000000018004dc40 f    CIL library: CIL module
 0001:0004cc50       ??__F?s_id@?$TObjectUniqueID@URRenderDriver3D@SDL_GL@ui@modules@UModSys@@@tl@UModSys@@2USUniquePointer@core@3@A@@YAXXZ 000000018004dc50 f    CIL library: CIL module
 0001:0004cc60       ??__F?s_id@?$TObjectUniqueID@URMultiImage2D_SDL_ttf@SDL_GL@ui@modules@UModSys@@@tl@UModSys@@2USUniquePointer@core@3@A@@YAXXZ 000000018004dc60 f    CIL library: CIL module
 0001:0004cc70       ??__F?s_id@?$TObjectUniqueID@URTerminal@SDL_GL@ui@modules@UModSys@@@tl@UModSys@@2USUniquePointer@core@3@A@@YAXXZ 000000018004dc70 f    CIL library: CIL module
 0001:0004cc80       ??__F?s_id@?$TObjectUniqueID@URMouseController@SDL_GL@ui@modules@UModSys@@@tl@UModSys@@2USUniquePointer@core@3@A@@YAXXZ 000000018004dc80 f    CIL library: CIL module
 0001:0004cc90       ??__F?s_id@?$TObjectUniqueID@URKeyboardController@SDL_GL@ui@modules@UModSys@@@tl@UModSys@@2USUniquePointer@core@3@A@@YAXXZ 000000018004dc90 f    CIL library: CIL module
 0001:0004cca0       ??__Fs_dbg@SDL_core@ui@modules@UModSys@@YAXXZ 000000018004dca0 f    CIL library: CIL module
 0001:0004ccb0       ??__F?s_modreg@RModuleReg@SDL_core@ui@modules@UModSys@@2U12345@A@@YAXXZ 000000018004dcb0 f    CIL library: CIL module
 0001:0004ccd0       ??__F?s_modreg_chain@RModuleReg@SDL_core@ui@modules@UModSys@@2USModuleRegChain@base@5@A@@YAXXZ 000000018004dcd0 f    CIL library: CIL module
 0001:0004cce0       ??__F?s_uid@RGenerator@SDL_core@ui@modules@UModSys@@2USUniquePointer@core@5@A@@YAXXZ 000000018004dce0 f    CIL library: CIL module
 0001:0004ccf0       ??__Fh@?1??s_holder@RGenerator@SDL_core@ui@modules@UModSys@@SAAEAU?$TTypeStaticHolder@URGenerator@SDL_core@ui@modules@UModSys@@@tl@5@XZ@YAXXZ 000000018004dcf0 f    CIL library: CIL module
 0001:0004cd20       ??__F?s_id@?$TObjectUniqueID@URGenerator@SDL_core@ui@modules@UModSys@@@tl@UModSys@@2USUniquePointer@core@3@A@@YAXXZ 000000018004dd20 f    CIL library: CIL module
 0001:0004cd30       ??__F?s_id@?$TObjectUniqueID@URTerminalX@SDL_core@ui@modules@UModSys@@@tl@UModSys@@2USUniquePointer@core@3@A@@YAXXZ 000000018004dd30 f    CIL library: CIL module
 0001:0004cd40       ??__F?s_id@?$TObjectUniqueID@URRenderDriver2D@SDL_core@ui@modules@UModSys@@@tl@UModSys@@2USUniquePointer@core@3@A@@YAXXZ 000000018004dd40 f    CIL library: CIL module
 0001:0004cd50       ??__F?s_id@?$TObjectUniqueID@URMultiImage2D_SDL_ttf@SDL_core@ui@modules@UModSys@@@tl@UModSys@@2USUniquePointer@core@3@A@@YAXXZ 000000018004dd50 f    CIL library: CIL module
 0001:0004cd60       ??__F?s_id@?$TObjectUniqueID@URTerminal@SDL_core@ui@modules@UModSys@@@tl@UModSys@@2USUniquePointer@core@3@A@@YAXXZ 000000018004dd60 f    CIL library: CIL module
 0001:0004cd70       ??__F?s_id@?$TObjectUniqueID@URMouseController@SDL_core@ui@modules@UModSys@@@tl@UModSys@@2USUniquePointer@core@3@A@@YAXXZ 000000018004dd70 f    CIL library: CIL module
 0001:0004cd80       ??__F?s_id@?$TObjectUniqueID@URKeyboardController@SDL_core@ui@modules@UModSys@@@tl@UModSys@@2USUniquePointer@core@3@A@@YAXXZ 000000018004dd80 f    CIL library: CIL module
 0001:0004cd90       ??__Fs_dbg@frames@ui@modules@UModSys@@YAXXZ 000000018004dd90 f    CIL library: CIL module
 0001:0004cda0       ??__F?s_modreg@RModuleReg@frames@ui@modules@UModSys@@2U12345@A@@YAXXZ 000000018004dda0 f    CIL library: CIL module
 0001:0004cdc0       ??__F?s_modreg_chain@RModuleReg@frames@ui@modules@UModSys@@2USModuleRegChain@base@5@A@@YAXXZ 000000018004ddc0 f    CIL library: CIL module
 0001:0004cdd0       ??__F?s_uid@RGenerator@frames@ui@modules@UModSys@@2USUniquePointer@core@5@A@@YAXXZ 000000018004ddd0 f    CIL library: CIL module
 0001:0004cde0       ??__Fh@?1??s_holder@RGenerator@frames@ui@modules@UModSys@@SAAEAU?$TTypeStaticHolder@URGenerator@frames@ui@modules@UModSys@@@tl@5@XZ@YAXXZ 000000018004dde0 f    CIL library: CIL module
 0001:0004ce10       ??__F?s_id@?$TObjectUniqueID@URGenerator@frames@ui@modules@UModSys@@@tl@UModSys@@2USUniquePointer@core@3@A@@YAXXZ 000000018004de10 f    CIL library: CIL module
 0001:0004ce20       ??__F?s_id@?$TObjectUniqueID@URCollector@frames@ui@modules@UModSys@@@tl@UModSys@@2USUniquePointer@core@3@A@@YAXXZ 000000018004de20 f    CIL library: CIL module
 0001:0004ce30       ??__F?s_id@?$TObjectUniqueID@URFrame_List@frames@ui@modules@UModSys@@@tl@UModSys@@2USUniquePointer@core@3@A@@YAXXZ 000000018004de30 f    CIL library: CIL module
 0001:0004ce40       ??__F?s_id@?$TObjectUniqueID@URFrame_Edit@frames@ui@modules@UModSys@@@tl@UModSys@@2USUniquePointer@core@3@A@@YAXXZ 000000018004de40 f    CIL library: CIL module
 0001:0004ce50       ??__F?s_id@?$TObjectUniqueID@URFrame_Button@frames@ui@modules@UModSys@@@tl@UModSys@@2USUniquePointer@core@3@A@@YAXXZ 000000018004de50 f    CIL library: CIL module
 0001:0004ce60       ??__F?s_id@?$TObjectUniqueID@URFrame_Text@frames@ui@modules@UModSys@@@tl@UModSys@@2USUniquePointer@core@3@A@@YAXXZ 000000018004de60 f    CIL library: CIL module
 0001:0004ce70       ??__F?s_id@?$TObjectUniqueID@URFrame_Image@frames@ui@modules@UModSys@@@tl@UModSys@@2USUniquePointer@core@3@A@@YAXXZ 000000018004de70 f    CIL library: CIL module
 0001:0004ce80       ??__F?s_id@?$TObjectUniqueID@URFrame_Frame@frames@ui@modules@UModSys@@@tl@UModSys@@2USUniquePointer@core@3@A@@YAXXZ 000000018004de80 f    CIL library: CIL module
 0001:0004ce90       ??__F?s_id@?$TObjectUniqueID@URDialog@frames@ui@modules@UModSys@@@tl@UModSys@@2USUniquePointer@core@3@A@@YAXXZ 000000018004de90 f    CIL library: CIL module
 0001:0004cea0       ??__F?s_id@?$TObjectUniqueID@URFrame_Common@frames@ui@modules@UModSys@@@tl@UModSys@@2USUniquePointer@core@3@A@@YAXXZ 000000018004dea0 f    CIL library: CIL module
 0001:0004ceb0       ??__Fs_dbg@images_std@media@modules@UModSys@@YAXXZ 000000018004deb0 f    CIL library: CIL module
 0001:0004cec0       ??__F?s_modreg@RModuleReg@images_std@media@modules@UModSys@@2U12345@A@@YAXXZ 000000018004dec0 f    CIL library: CIL module
 0001:0004cee0       ??__F?s_modreg_chain@RModuleReg@images_std@media@modules@UModSys@@2USModuleRegChain@base@5@A@@YAXXZ 000000018004dee0 f    CIL library: CIL module
 0001:0004cef0       ??__F?s_uid@RGenerator@images_std@media@modules@UModSys@@2USUniquePointer@core@5@A@@YAXXZ 000000018004def0 f    CIL library: CIL module
 0001:0004cf00       ??__Fh@?1??s_holder@RGenerator@images_std@media@modules@UModSys@@SAAEAU?$TTypeStaticHolder@URGenerator@images_std@media@modules@UModSys@@@tl@5@XZ@YAXXZ 000000018004df00 f    CIL library: CIL module
 0001:0004cf30       ??__F?s_id@?$TObjectUniqueID@URGenerator@images_std@media@modules@UModSys@@@tl@UModSys@@2USUniquePointer@core@3@A@@YAXXZ 000000018004df30 f    CIL library: CIL module
 0001:0004cf40       ??__F?s_id@?$TObjectUniqueID@URMediaFilter@images_std@media@modules@UModSys@@@tl@UModSys@@2USUniquePointer@core@3@A@@YAXXZ 000000018004df40 f    CIL library: CIL module
 0001:0004cf50       ??__Fs_dbg@serialize_json@media@modules@UModSys@@YAXXZ 000000018004df50 f    CIL library: CIL module
 0001:0004cf60       ??__F?s_modreg@RModuleReg@serialize_json@media@modules@UModSys@@2U12345@A@@YAXXZ 000000018004df60 f    CIL library: CIL module
 0001:0004cf80       ??__F?s_modreg_chain@RModuleReg@serialize_json@media@modules@UModSys@@2USModuleRegChain@base@5@A@@YAXXZ 000000018004df80 f    CIL library: CIL module
 0001:0004cf90       ??__F?s_uid@RGenerator@serialize_json@media@modules@UModSys@@2USUniquePointer@core@5@A@@YAXXZ 000000018004df90 f    CIL library: CIL module
 0001:0004cfa0       ??__Fh@?1??s_holder@RGenerator@serialize_json@media@modules@UModSys@@SAAEAU?$TTypeStaticHolder@URGenerator@serialize_json@media@modules@UModSys@@@tl@5@XZ@YAXXZ 000000018004dfa0 f    CIL library: CIL module
 0001:0004cfd0       ??__F?s_id@?$TObjectUniqueID@URGenerator@serialize_json@media@modules@UModSys@@@tl@UModSys@@2USUniquePointer@core@3@A@@YAXXZ 000000018004dfd0 f    CIL library: CIL module
 0001:0004cfe0       ??__F?s_id@?$TObjectUniqueID@URSerializeWriter@serialize_json@media@modules@UModSys@@@tl@UModSys@@2USUniquePointer@core@3@A@@YAXXZ 000000018004dfe0 f    CIL library: CIL module
 0001:0004cff0       ??__F?s_id@?$TObjectUniqueID@URSerializeReader@serialize_json@media@modules@UModSys@@@tl@UModSys@@2USUniquePointer@core@3@A@@YAXXZ 000000018004dff0 f    CIL library: CIL module
 0001:0004d000       ??__Fs_dbg@zlib@media@modules@UModSys@@YAXXZ 000000018004e000 f    CIL library: CIL module
 0001:0004d010       ??__F?s_modreg@RModuleReg@zlib@media@modules@UModSys@@2U12345@A@@YAXXZ 000000018004e010 f    CIL library: CIL module
 0001:0004d030       ??__F?s_modreg_chain@RModuleReg@zlib@media@modules@UModSys@@2USModuleRegChain@base@5@A@@YAXXZ 000000018004e030 f    CIL library: CIL module
 0001:0004d040       ??__F?s_uid@RGenerator@zlib@media@modules@UModSys@@2USUniquePointer@core@5@A@@YAXXZ 000000018004e040 f    CIL library: CIL module
 0001:0004d050       ??__Fh@?1??s_holder@RGenerator@zlib@media@modules@UModSys@@SAAEAU?$TTypeStaticHolder@URGenerator@zlib@media@modules@UModSys@@@tl@5@XZ@YAXXZ 000000018004e050 f    CIL library: CIL module
 0001:0004d080       ??__F?s_id@?$TObjectUniqueID@URGenerator@zlib@media@modules@UModSys@@@tl@UModSys@@2USUniquePointer@core@3@A@@YAXXZ 000000018004e080 f    CIL library: CIL module
 0001:0004d090       ??__F?s_id@?$TObjectUniqueID@URBinArchiveFrameClient_ZIP@zlib@media@modules@UModSys@@@tl@UModSys@@2USUniquePointer@core@3@A@@YAXXZ 000000018004e090 f    CIL library: CIL module
 0001:0004d0a0       ??__FM@UModSys@@YAXXZ      000000018004e0a0 f    CIL library: CIL module
 0001:0004d0b0       ??__F?root@SModuleRegChain@base@UModSys@@2U123@A@@YAXXZ 000000018004e0b0 f    CIL library: CIL module
 0001:0004d0c0       ??__F?s_library@RModuleLibraryReg_Chain@base@UModSys@@2U123@A@@YAXXZ 000000018004e0c0 f    CIL library: CIL module
 0001:0004d0d0       ??__F?root@SUniquePointer@core@UModSys@@2U123@A@@YAXXZ 000000018004e0d0 f    CIL library: CIL module

 Exports

  ordinal    name

        1    UModSys_Plugin_Entry2
