 plugin_test1

 Timestamp is 5329b459 (Wed Mar 19 18:14:33 2014)

 Preferred load address is 0000000180000000

 Start         Length     Name                   Class
 0001:00000000 000457e6H .text                   CODE
 0001:000457f0 0000005eH .text$00                CODE
 0001:00045850 00001f68H .text$x                 CODE
 0001:000477c0 00002112H .text$yc                CODE
 0001:000498e0 00000a3cH .text$yd                CODE
 0002:00000000 000003e0H .idata$5                DATA
 0002:000003e0 00000008H .CRT$XCA                DATA
 0002:000003e8 00001f80H .CRT$XCU                DATA
 0002:00002368 00000008H .CRT$XCZ                DATA
 0002:00002370 00000008H .CRT$XIA                DATA
 0002:00002378 00000008H .CRT$XIAA               DATA
 0002:00002380 00000008H .CRT$XIZ                DATA
 0002:00002390 000105c8H .rdata                  DATA
 0002:00012960 000031c4H .rdata$r                DATA
 0002:00015b28 00000008H .rtc$IAA                DATA
 0002:00015b30 00000008H .rtc$IZZ                DATA
 0002:00015b38 00000008H .rtc$TAA                DATA
 0002:00015b40 00000008H .rtc$TZZ                DATA
 0002:00015b48 00004ae8H .xdata                  DATA
 0002:0001a630 00000078H .idata$2                DATA
 0002:0001a6a8 00000014H .idata$3                DATA
 0002:0001a6c0 000003e0H .idata$4                DATA
 0002:0001aaa0 000008beH .idata$6                DATA
 0002:0001b360 00000059H .edata                  DATA
 0003:00000000 000018a0H .data                   DATA
 0003:000018a0 00002318H .bss                    DATA
 0004:00000000 000035f4H .pdata                  DATA

  Address         Publics by Value              Rva+Base               Lib:Object

 0000:00000000       ___safe_se_handler_count   0000000000000000     <absolute>
 0000:00000000       ___safe_se_handler_table   0000000000000000     <absolute>
 0000:00000000       __ImageBase                0000000180000000     <linker-defined>
 0001:00000000       ??1SCMemShared@core@UModSys@@QEAA@XZ 0000000180001000 f i plugin_test1.obj
 0001:00000000       ??1SMemShared@core@UModSys@@QEAA@XZ 0000000180001000 f i plugin_test1.obj
 0001:00000000       ??1State@RImage_Memory@stdlib@lib2d@modules@UModSys@@QEAA@XZ 0000000180001000 f i umodsys_lib_lib2d:umodsys.mod.2d.stdlib.obj
 0001:00000030       ??3IRoot@core@UModSys@@SAXPEAXAEBUSIMemAlloc@12@@Z 0000000180001030 f i plugin_test1.obj
 0001:00000040       ??_EIRoot@core@UModSys@@UEAAPEAXI@Z 0000000180001040 f i  CIL library: CIL module
 0001:00000040       ??_GIRoot@core@UModSys@@UEAAPEAXI@Z 0000000180001040 f i plugin_test1.obj
 0001:00000070       ??1IBinObjFilter@libmedia@UModSys@@UEAA@XZ 0000000180001070 f i plugin_test1.obj
 0001:000000b0       ?root_get_interface_info@RTest1_Shell@test1@test@modules@UModSys@@UEBAAEBUSUniquePointerInfo@core@5@XZ 00000001800010b0 f i plugin_test1.obj
 0001:000000c0       ?root_get_interface_type@RTest1_Shell@test1@test@modules@UModSys@@UEBAPEBUSUniquePointerInfo@core@5@XZ 00000001800010c0 f i plugin_test1.obj
 0001:000000d0       ?root_get_other_interface@RTest1_Shell@test1@test@modules@UModSys@@UEBAPEBUIRoot@core@5@PEBUSUniquePointerInfo@75@@Z 00000001800010d0 f i plugin_test1.obj
 0001:000000d0       ?root_get_other_interface@RTest1_Shell@test1@test@modules@UModSys@@UEAAPEAUIRoot@core@5@PEBUSUniquePointerInfo@75@@Z 00000001800010d0 f i plugin_test1.obj
 0001:00000100       ?root_is_interface_supported@RTest1_Shell@test1@test@modules@UModSys@@UEBA_NPEBUSUniquePointerInfo@core@5@@Z 0000000180001100 f i plugin_test1.obj
 0001:00000130       ?ref_add@RTest1_Shell@test1@test@modules@UModSys@@UEBAXXZ 0000000180001130 f i plugin_test1.obj
 0001:00000140       ?ref_remove@RTest1_Shell@test1@test@modules@UModSys@@UEBAXXZ 0000000180001140 f i plugin_test1.obj
 0001:00000160       ?ref_links@RTest1_Shell@test1@test@modules@UModSys@@UEBAHXZ 0000000180001160 f i plugin_test1.obj
 0001:00000170       ?ref_weak@RTest1_Shell@test1@test@modules@UModSys@@UEBA_NAEAUWeakPointer@IRefObject@core@5@@Z 0000000180001170 f i plugin_test1.obj
 0001:00000190       ?suicide@RTest1_Shell@test1@test@modules@UModSys@@UEAAXXZ 0000000180001190 f i plugin_test1.obj
 0001:000001e0       ??0RTest1_Shell@test1@test@modules@UModSys@@QEAA@PEAUIModObject@base@4@@Z 00000001800011e0 f i plugin_test1.obj
 0001:00000330       ??1RTest1_Shell@test1@test@modules@UModSys@@UEAA@XZ 0000000180001330 f i plugin_test1.obj
 0001:000003e0       ?connect@RTest1_Shell@test1@test@modules@UModSys@@UEAA_NXZ 00000001800013e0 f i plugin_test1.obj
 0001:00000410       ?disconnect@RTest1_Shell@test1@test@modules@UModSys@@UEAA_NXZ 0000000180001410 f i plugin_test1.obj
 0001:00000440       ?process_tick@RTest1_Shell@test1@test@modules@UModSys@@UEAA_NAEBUSTimeMsec@core@5@@Z 0000000180001440 f i plugin_test1.obj
 0001:00000480       ?process_command@RTest1_Shell@test1@test@modules@UModSys@@UEAA_NHQEBU?$TString@U?$TSCoreConst@D@su@tl@UModSys@@U?$TComparerBinaryHash@D@234@@tl@5@@Z 0000000180001480 f i plugin_test1.obj
 0001:000004b0       ??_GRTest1_Shell@test1@test@modules@UModSys@@UEAAPEAXI@Z 00000001800014b0 f i plugin_test1.obj
 0001:000004b0       ??_ERTest1_Shell@test1@test@modules@UModSys@@UEAAPEAXI@Z 00000001800014b0 f i  CIL library: CIL module
 0001:000004e0       ??1?$TParametersA@$0BAL@@core@UModSys@@QEAA@XZ 00000001800014e0 f i umodsys_lib_lib2d:umodsys.mod.2d.stdlib.obj
 0001:000004e0       ??1SParameters@core@UModSys@@QEAA@XZ 00000001800014e0 f i plugin_test1.obj
 0001:000004e0       ??1?$TParametersA@$0EAA@@core@UModSys@@QEAA@XZ 00000001800014e0 f i plugin_test1.obj
 0001:000004e0       ??1?$TParametersA@$0BAA@@core@UModSys@@QEAA@XZ 00000001800014e0 f i umodsys_lib_libui:umodsys.mod.ui.SDL_core.obj
 0001:00000500       ??1SFrameCreateParameters@libui@UModSys@@QEAA@XZ 0000000180001500 f i plugin_test1.obj
 0001:00000530       ??1UI_Info@RTest1_Shell@test1@test@modules@UModSys@@QEAA@XZ 0000000180001530 f i plugin_test1.obj
 0001:000005f0       ?get_generated_names@RGenerator@test1@test@modules@UModSys@@UEBAHAEAUSUniquePtrList@core@5@@Z 00000001800015f0 f i plugin_test1.obj
 0001:00000610       ?get_generated_types@RGenerator@test1@test@modules@UModSys@@UEBAHAEAUSUniquePtrList@core@5@PEBUSUniquePointerInfo@75@@Z 0000000180001610 f i plugin_test1.obj
 0001:00000670       ?generate@RGenerator@test1@test@modules@UModSys@@UEAA_NAEAU?$TRefObject@UIRefObject@core@UModSys@@U?$TRefObjectFunc@UIRefObject@core@UModSys@@@tl@3@@tl@5@PEBUSUniquePointerInfo@core@5@AEBUSParameters@95@@Z 0000000180001670 f i plugin_test1.obj
 0001:00000710       ?root_get_interface_info@RGenerator@test1@test@modules@UModSys@@UEBAAEBUSUniquePointerInfo@core@5@XZ 0000000180001710 f i plugin_test1.obj
 0001:00000720       ?root_get_interface_type@RGenerator@test1@test@modules@UModSys@@UEBAPEBUSUniquePointerInfo@core@5@XZ 0000000180001720 f i plugin_test1.obj
 0001:00000730       ?root_get_other_interface@RGenerator@test1@test@modules@UModSys@@UEBAPEBUIRoot@core@5@PEBUSUniquePointerInfo@75@@Z 0000000180001730 f i plugin_test1.obj
 0001:00000730       ?root_get_other_interface@RGenerator@test1@test@modules@UModSys@@UEAAPEAUIRoot@core@5@PEBUSUniquePointerInfo@75@@Z 0000000180001730 f i plugin_test1.obj
 0001:00000770       ?root_is_interface_supported@RGenerator@test1@test@modules@UModSys@@UEBA_NPEBUSUniquePointerInfo@core@5@@Z 0000000180001770 f i plugin_test1.obj
 0001:000007b0       ?ref_links@RGenerator@test1@test@modules@UModSys@@UEBAHXZ 00000001800017b0 f i plugin_test1.obj
 0001:000007b0       ?ref_links@RGenerator@SDL_core@ui@modules@UModSys@@UEBAHXZ 00000001800017b0 f i umodsys_lib_libui:umodsys.mod.ui.SDL_core.obj
 0001:000007b0       ?ref_links@RBinArchiveFrameClient_ZIP@zlib@media@modules@UModSys@@UEBAHXZ 00000001800017b0 f i umodsys_lib_libmedia:umodsys.mod.media.zlib.obj
 0001:000007b0       ?ref_links@RGenerator@SDL_GL@ui@modules@UModSys@@UEBAHXZ 00000001800017b0 f i umodsys_lib_libui:umodsys.mod.ui.SDL_GL.obj
 0001:000007b0       ?ref_links@RGenerator@serialize_json@media@modules@UModSys@@UEBAHXZ 00000001800017b0 f i umodsys_lib_libmedia:umodsys.mod.media.serialize_json.obj
 0001:000007b0       ?ref_links@RMultiImage2D_SDL_ttf@SDL_GL@ui@modules@UModSys@@UEBAHXZ 00000001800017b0 f i umodsys_lib_libui:umodsys.mod.ui.SDL_GL.obj
 0001:000007b0       ?ref_links@RDialog@frames@ui@modules@UModSys@@UEBAHXZ 00000001800017b0 f i umodsys_lib_libui:umodsys.mod.ui.frames.obj
 0001:000007b0       ?ref_links@RGenerator@images_std@media@modules@UModSys@@UEBAHXZ 00000001800017b0 f i umodsys_lib_libmedia:umodsys.mod.media.images_std.obj
 0001:000007b0       ?ref_links@RGenerator@stdlib@lib2d@modules@UModSys@@UEBAHXZ 00000001800017b0 f i umodsys_lib_lib2d:umodsys.mod.2d.stdlib.obj
 0001:000007b0       ?ref_links@RImage_Memory@stdlib@lib2d@modules@UModSys@@UEBAHXZ 00000001800017b0 f i umodsys_lib_lib2d:umodsys.mod.2d.stdlib.obj
 0001:000007b0       ?ref_links@RGenerator@frames@ui@modules@UModSys@@UEBAHXZ 00000001800017b0 f i umodsys_lib_libui:umodsys.mod.ui.frames.obj
 0001:000007b0       ?ref_links@RTerminal@SDL_core@ui@modules@UModSys@@UEBAHXZ 00000001800017b0 f i umodsys_lib_libui:umodsys.mod.ui.SDL_core.obj
 0001:000007b0       ?ref_links@RTerminal@SDL_GL@ui@modules@UModSys@@UEBAHXZ 00000001800017b0 f i umodsys_lib_libui:umodsys.mod.ui.SDL_GL.obj
 0001:000007b0       ?ref_links@RGenerator@zlib@media@modules@UModSys@@UEBAHXZ 00000001800017b0 f i umodsys_lib_libmedia:umodsys.mod.media.zlib.obj
 0001:000007b0       ?ref_links@RMultiImage@stdlib@lib2d@modules@UModSys@@UEBAHXZ 00000001800017b0 f i umodsys_lib_lib2d:umodsys.mod.2d.stdlib.obj
 0001:000007b0       ?ref_links@RVertexArray@SDL_GL@ui@modules@UModSys@@UEBAHXZ 00000001800017b0 f i umodsys_lib_libui:umodsys.mod.ui.SDL_GL.obj
 0001:000007b0       ?ref_links@RMultiImage2D_SDL_ttf@SDL_core@ui@modules@UModSys@@UEBAHXZ 00000001800017b0 f i umodsys_lib_libui:umodsys.mod.ui.SDL_core.obj
 0001:000007b0       ?ref_links@RImageFactory_Memory@stdlib@lib2d@modules@UModSys@@UEBAHXZ 00000001800017b0 f i umodsys_lib_lib2d:umodsys.mod.2d.stdlib.obj
 0001:000007b0       ?ref_links@RSerializeReader@serialize_json@media@modules@UModSys@@UEBAHXZ 00000001800017b0 f i umodsys_lib_libmedia:umodsys.mod.media.serialize_json.obj
 0001:000007c0       ?get_uid@RGenerator@test1@test@modules@UModSys@@UEBAPEBUSUniquePointerInfo@core@5@XZ 00000001800017c0 f i plugin_test1.obj
 0001:000007d0       ?do_open@RModuleReg@test1@test@modules@UModSys@@UEAA_NXZ 00000001800017d0 f i plugin_test1.obj
 0001:00000810       ?do_close@RModuleReg@test1@test@modules@UModSys@@UEAA_NXZ 0000000180001810 f i plugin_test1.obj
 0001:00000850       ??_GRModuleReg@test1@test@modules@UModSys@@UEAAPEAXI@Z 0000000180001850 f i plugin_test1.obj
 0001:00000850       ??_ERModuleReg@test1@test@modules@UModSys@@UEAAPEAXI@Z 0000000180001850 f i  CIL library: CIL module
 0001:00000880       ??4?$TString@U?$TSCoreShared@USIMemAlloc@core@UModSys@@D@su@tl@UModSys@@U?$TComparerBinaryHash@D@234@@tl@UModSys@@QEAAAEBU012@AEBU012@@Z 0000000180001880 f i plugin_test1.obj
 0001:000008d0       ??4?$TRefObject@UIRefObject@core@UModSys@@U?$TRefObjectFunc@UIRefObject@core@UModSys@@@tl@3@@tl@UModSys@@QEAAAEBU012@PEAUIRefObject@core@2@@Z 00000001800018d0 f i plugin_test1.obj
 0001:00000910       ?info_release@?$TSCoreShared@USIMemAlloc@core@UModSys@@D@su@tl@UModSys@@QEAAXXZ 0000000180001910 f i plugin_test1.obj
 0001:000009b0       ?info_new@?$TSCoreShared@USIMemAlloc@core@UModSys@@D@su@tl@UModSys@@QEAA_NPEBD_K@Z 00000001800019b0 f i plugin_test1.obj
 0001:00000aa0       ?get_null@?$TSCoreShared@USIMemAlloc@core@UModSys@@D@su@tl@UModSys@@SAPEAU?$TSharedStringInfo@DUSIMemAlloc@core@UModSys@@@234@XZ 0000000180001aa0 f i plugin_test1.obj
 0001:00000af0       ??$generate_type@UICollector@libui@UModSys@@@RTest1_Shell@test1@test@modules@UModSys@@SA?AU?$TRefObject@UICollector@libui@UModSys@@U?$TRefObjectFunc@UICollector@libui@UModSys@@@tl@3@@tl@4@AEBU?$TString@U?$TSCoreConst@D@su@tl@UModSys@@U?$TComparerBinaryHash@D@234@@64@AEBUSParameters@core@4@PEBD@Z 0000000180001af0 f i plugin_test1.obj
 0001:00000ca0       ??$generate_type@UITerminal@libui@UModSys@@@RTest1_Shell@test1@test@modules@UModSys@@SA?AU?$TRefObject@UITerminal@libui@UModSys@@U?$TRefObjectFunc@UITerminal@libui@UModSys@@@tl@3@@tl@4@AEBU?$TString@U?$TSCoreConst@D@su@tl@UModSys@@U?$TComparerBinaryHash@D@234@@64@AEBUSParameters@core@4@PEBD@Z 0000000180001ca0 f i plugin_test1.obj
 0001:00000e50       ??$shash@D@su@tl@UModSys@@YA_KPEBD_K@Z 0000000180001e50 f i plugin_test1.obj
 0001:00000e90       ??1?$TRefObject@UIModObject@base@UModSys@@U?$TModObjectFunc@UIModObject@base@UModSys@@@tl@3@@tl@UModSys@@QEAA@XZ 0000000180001e90 f i plugin_test1.obj
 0001:00000ec0       ??$t_ref_get_other_interface@UIStreamReader@libmedia@UModSys@@U?$TRefObjectFunc@UIStreamReader@libmedia@UModSys@@@tl@3@@IRefObject@core@UModSys@@QEAA_NAEAU?$TRefObject@UIStreamReader@libmedia@UModSys@@U?$TRefObjectFunc@UIStreamReader@libmedia@UModSys@@@tl@3@@tl@2@@Z 0000000180001ec0 f i plugin_test1.obj
 0001:00000f10       ??$t_ref_get_other_interface@UIStreamWriter@libmedia@UModSys@@U?$TRefObjectFunc@UIStreamWriter@libmedia@UModSys@@@tl@3@@IRefObject@core@UModSys@@QEAA_NAEAU?$TRefObject@UIStreamWriter@libmedia@UModSys@@U?$TRefObjectFunc@UIStreamWriter@libmedia@UModSys@@@tl@3@@tl@2@@Z 0000000180001f10 f i plugin_test1.obj
 0001:00000f60       ??$t_generate@UICollector@libui@UModSys@@@SModuleContext@base@UModSys@@QEAA_NAEAU?$TRefObject@UICollector@libui@UModSys@@U?$TRefObjectFunc@UICollector@libui@UModSys@@@tl@3@@tl@2@PEBUSUniquePointerInfo@core@2@AEBUSParameters@62@@Z 0000000180001f60 f i plugin_test1.obj
 0001:00001030       ??$t_generate@UITerminal@libui@UModSys@@@SModuleContext@base@UModSys@@QEAA_NAEAU?$TRefObject@UITerminal@libui@UModSys@@U?$TRefObjectFunc@UITerminal@libui@UModSys@@@tl@3@@tl@2@PEBUSUniquePointerInfo@core@2@AEBUSParameters@62@@Z 0000000180002030 f i plugin_test1.obj
 0001:00001100       ??$t_ref_get_other_interface@UIImage@lib2d@UModSys@@U?$TRefObjectFunc@UIImage@lib2d@UModSys@@@tl@3@@IRefObject@core@UModSys@@QEAA_NAEAU?$TRefObject@UIImage@lib2d@UModSys@@U?$TRefObjectFunc@UIImage@lib2d@UModSys@@@tl@3@@tl@2@@Z 0000000180002100 f i plugin_test1.obj
 0001:00001150       ??$t_ref_get_other_interface@UIImageFactory@lib2d@UModSys@@U?$TRefObjectFunc@UIImageFactory@lib2d@UModSys@@@tl@3@@IRefObject@core@UModSys@@QEAA_NAEAU?$TRefObject@UIImageFactory@lib2d@UModSys@@U?$TRefObjectFunc@UIImageFactory@lib2d@UModSys@@@tl@3@@tl@2@@Z 0000000180002150 f i plugin_test1.obj
 0001:000011a0       ??$t_ref_get_other_interface@UIMultiImage@lib2d@UModSys@@U?$TRefObjectFunc@UIMultiImage@lib2d@UModSys@@@tl@3@@IRefObject@core@UModSys@@QEAA_NAEAU?$TRefObject@UIMultiImage@lib2d@UModSys@@U?$TRefObjectFunc@UIMultiImage@lib2d@UModSys@@@tl@3@@tl@2@@Z 00000001800021a0 f i plugin_test1.obj
 0001:000011f0       ?root_get_interface_info@RImage_Memory@stdlib@lib2d@modules@UModSys@@UEBAAEBUSUniquePointerInfo@core@5@XZ 00000001800021f0 f i umodsys_lib_lib2d:umodsys.mod.2d.stdlib.obj
 0001:00001200       ?root_get_interface_type@RImage_Memory@stdlib@lib2d@modules@UModSys@@UEBAPEBUSUniquePointerInfo@core@5@XZ 0000000180002200 f i umodsys_lib_lib2d:umodsys.mod.2d.stdlib.obj
 0001:00001210       ?root_get_other_interface@RImage_Memory@stdlib@lib2d@modules@UModSys@@UEBAPEBUIRoot@core@5@PEBUSUniquePointerInfo@75@@Z 0000000180002210 f i umodsys_lib_lib2d:umodsys.mod.2d.stdlib.obj
 0001:00001210       ?root_get_other_interface@RImage_Memory@stdlib@lib2d@modules@UModSys@@UEAAPEAUIRoot@core@5@PEBUSUniquePointerInfo@75@@Z 0000000180002210 f i umodsys_lib_lib2d:umodsys.mod.2d.stdlib.obj
 0001:00001240       ?root_is_interface_supported@RImage_Memory@stdlib@lib2d@modules@UModSys@@UEBA_NPEBUSUniquePointerInfo@core@5@@Z 0000000180002240 f i umodsys_lib_lib2d:umodsys.mod.2d.stdlib.obj
 0001:00001270       ?root_get_interface_info@RImageFactory_Memory@stdlib@lib2d@modules@UModSys@@UEBAAEBUSUniquePointerInfo@core@5@XZ 0000000180002270 f i umodsys_lib_lib2d:umodsys.mod.2d.stdlib.obj
 0001:00001280       ?root_get_interface_type@RImageFactory_Memory@stdlib@lib2d@modules@UModSys@@UEBAPEBUSUniquePointerInfo@core@5@XZ 0000000180002280 f i umodsys_lib_lib2d:umodsys.mod.2d.stdlib.obj
 0001:00001290       ?root_get_other_interface@RImageFactory_Memory@stdlib@lib2d@modules@UModSys@@UEBAPEBUIRoot@core@5@PEBUSUniquePointerInfo@75@@Z 0000000180002290 f i umodsys_lib_lib2d:umodsys.mod.2d.stdlib.obj
 0001:00001290       ?root_get_other_interface@RImageFactory_Memory@stdlib@lib2d@modules@UModSys@@UEAAPEAUIRoot@core@5@PEBUSUniquePointerInfo@75@@Z 0000000180002290 f i umodsys_lib_lib2d:umodsys.mod.2d.stdlib.obj
 0001:000012c0       ?root_is_interface_supported@RImageFactory_Memory@stdlib@lib2d@modules@UModSys@@UEBA_NPEBUSUniquePointerInfo@core@5@@Z 00000001800022c0 f i umodsys_lib_lib2d:umodsys.mod.2d.stdlib.obj
 0001:000012f0       ?root_get_interface_info@RMultiImage@stdlib@lib2d@modules@UModSys@@UEBAAEBUSUniquePointerInfo@core@5@XZ 00000001800022f0 f i umodsys_lib_lib2d:umodsys.mod.2d.stdlib.obj
 0001:00001300       ?root_get_interface_type@RMultiImage@stdlib@lib2d@modules@UModSys@@UEBAPEBUSUniquePointerInfo@core@5@XZ 0000000180002300 f i umodsys_lib_lib2d:umodsys.mod.2d.stdlib.obj
 0001:00001310       ?root_get_other_interface@RMultiImage@stdlib@lib2d@modules@UModSys@@UEAAPEAUIRoot@core@5@PEBUSUniquePointerInfo@75@@Z 0000000180002310 f i umodsys_lib_lib2d:umodsys.mod.2d.stdlib.obj
 0001:00001310       ?root_get_other_interface@RMultiImage@stdlib@lib2d@modules@UModSys@@UEBAPEBUIRoot@core@5@PEBUSUniquePointerInfo@75@@Z 0000000180002310 f i umodsys_lib_lib2d:umodsys.mod.2d.stdlib.obj
 0001:00001340       ?root_is_interface_supported@RMultiImage@stdlib@lib2d@modules@UModSys@@UEBA_NPEBUSUniquePointerInfo@core@5@@Z 0000000180002340 f i umodsys_lib_lib2d:umodsys.mod.2d.stdlib.obj
 0001:00001370       ?suicide@RImageFactory_Memory@stdlib@lib2d@modules@UModSys@@UEAAXXZ 0000000180002370 f i umodsys_lib_lib2d:umodsys.mod.2d.stdlib.obj
 0001:00001370       ?suicide@RTerminal@SDL_GL@ui@modules@UModSys@@UEAAXXZ 0000000180002370 f i umodsys_lib_libui:umodsys.mod.ui.SDL_GL.obj
 0001:00001370       ?suicide@RSerializeReader@serialize_json@media@modules@UModSys@@UEAAXXZ 0000000180002370 f i umodsys_lib_libmedia:umodsys.mod.media.serialize_json.obj
 0001:00001370       ?suicide@RMultiImage@stdlib@lib2d@modules@UModSys@@UEAAXXZ 0000000180002370 f i umodsys_lib_lib2d:umodsys.mod.2d.stdlib.obj
 0001:00001370       ?suicide@RBinArchiveFrameClient_ZIP@zlib@media@modules@UModSys@@UEAAXXZ 0000000180002370 f i umodsys_lib_libmedia:umodsys.mod.media.zlib.obj
 0001:00001370       ?suicide@RImage_Memory@stdlib@lib2d@modules@UModSys@@UEAAXXZ 0000000180002370 f i umodsys_lib_lib2d:umodsys.mod.2d.stdlib.obj
 0001:00001370       ?suicide@RTerminal@SDL_core@ui@modules@UModSys@@UEAAXXZ 0000000180002370 f i umodsys_lib_libui:umodsys.mod.ui.SDL_core.obj
 0001:000013c0       ?get_generated_names@RGenerator@stdlib@lib2d@modules@UModSys@@UEBAHAEAUSUniquePtrList@core@5@@Z 00000001800023c0 f i umodsys_lib_lib2d:umodsys.mod.2d.stdlib.obj
 0001:00001410       ?get_generated_types@RGenerator@stdlib@lib2d@modules@UModSys@@UEBAHAEAUSUniquePtrList@core@5@PEBUSUniquePointerInfo@75@@Z 0000000180002410 f i umodsys_lib_lib2d:umodsys.mod.2d.stdlib.obj
 0001:000014b0       ?generate@RGenerator@stdlib@lib2d@modules@UModSys@@UEAA_NAEAU?$TRefObject@UIRefObject@core@UModSys@@U?$TRefObjectFunc@UIRefObject@core@UModSys@@@tl@3@@tl@5@PEBUSUniquePointerInfo@core@5@AEBUSParameters@95@@Z 00000001800024b0 f i umodsys_lib_lib2d:umodsys.mod.2d.stdlib.obj
 0001:000015e0       ?root_get_interface_info@RGenerator@stdlib@lib2d@modules@UModSys@@UEBAAEBUSUniquePointerInfo@core@5@XZ 00000001800025e0 f i umodsys_lib_lib2d:umodsys.mod.2d.stdlib.obj
 0001:000015f0       ?root_get_interface_type@RGenerator@stdlib@lib2d@modules@UModSys@@UEBAPEBUSUniquePointerInfo@core@5@XZ 00000001800025f0 f i umodsys_lib_lib2d:umodsys.mod.2d.stdlib.obj
 0001:00001600       ?root_get_other_interface@RGenerator@stdlib@lib2d@modules@UModSys@@UEBAPEBUIRoot@core@5@PEBUSUniquePointerInfo@75@@Z 0000000180002600 f i umodsys_lib_lib2d:umodsys.mod.2d.stdlib.obj
 0001:00001600       ?root_get_other_interface@RGenerator@stdlib@lib2d@modules@UModSys@@UEAAPEAUIRoot@core@5@PEBUSUniquePointerInfo@75@@Z 0000000180002600 f i umodsys_lib_lib2d:umodsys.mod.2d.stdlib.obj
 0001:00001640       ?root_is_interface_supported@RGenerator@stdlib@lib2d@modules@UModSys@@UEBA_NPEBUSUniquePointerInfo@core@5@@Z 0000000180002640 f i umodsys_lib_lib2d:umodsys.mod.2d.stdlib.obj
 0001:00001680       ?get_uid@RGenerator@stdlib@lib2d@modules@UModSys@@UEBAPEBUSUniquePointerInfo@core@5@XZ 0000000180002680 f i umodsys_lib_lib2d:umodsys.mod.2d.stdlib.obj
 0001:00001690       ??4State@RImage_Memory@stdlib@lib2d@modules@UModSys@@QEAAAEAU012345@AEBU012345@@Z 0000000180002690 f i umodsys_lib_lib2d:umodsys.mod.2d.stdlib.obj
 0001:00001770       ??_GRImage_Memory@stdlib@lib2d@modules@UModSys@@UEAAPEAXI@Z 0000000180002770 f i umodsys_lib_lib2d:umodsys.mod.2d.stdlib.obj
 0001:00001770       ??_ERImage_Memory@stdlib@lib2d@modules@UModSys@@UEAAPEAXI@Z 0000000180002770 f i  CIL library: CIL module
 0001:000017a0       ??_ERImageFactory_Memory@stdlib@lib2d@modules@UModSys@@UEAAPEAXI@Z 00000001800027a0 f i  CIL library: CIL module
 0001:000017a0       ??_GRImageFactory_Memory@stdlib@lib2d@modules@UModSys@@UEAAPEAXI@Z 00000001800027a0 f i umodsys_lib_lib2d:umodsys.mod.2d.stdlib.obj
 0001:000017d0       ??_ERMultiImage@stdlib@lib2d@modules@UModSys@@UEAAPEAXI@Z 00000001800027d0 f i  CIL library: CIL module
 0001:000017d0       ??_GRMultiImage@stdlib@lib2d@modules@UModSys@@UEAAPEAXI@Z 00000001800027d0 f i umodsys_lib_lib2d:umodsys.mod.2d.stdlib.obj
 0001:00001800       ?do_open@RModuleReg@stdlib@lib2d@modules@UModSys@@UEAA_NXZ 0000000180002800 f i umodsys_lib_lib2d:umodsys.mod.2d.stdlib.obj
 0001:00001810       ?do_close@RModuleReg@stdlib@lib2d@modules@UModSys@@UEAA_NXZ 0000000180002810 f i umodsys_lib_lib2d:umodsys.mod.2d.stdlib.obj
 0001:00001820       ??_ERModuleReg@stdlib@lib2d@modules@UModSys@@UEAAPEAXI@Z 0000000180002820 f i  CIL library: CIL module
 0001:00001820       ??_GRModuleReg@stdlib@lib2d@modules@UModSys@@UEAAPEAXI@Z 0000000180002820 f i umodsys_lib_lib2d:umodsys.mod.2d.stdlib.obj
 0001:00001850       ??1?$TDynarrayDynamic@USImageCellInfo@lib2d@UModSys@@U?$TAllocator@USIMemAlloc@core@UModSys@@USCountCalcPower2@23@@tl@3@@tl@UModSys@@QEAA@XZ 0000000180002850 f i umodsys_lib_lib2d:umodsys.mod.2d.stdlib.obj
 0001:00001860       ??1?$TDynarrayDynamic@U?$TRefObject@UIImage@lib2d@UModSys@@U?$TRefObjectFunc@UIImage@lib2d@UModSys@@@tl@3@@tl@UModSys@@U?$TAllocator@USIMemAlloc@core@UModSys@@USCountCalcPower2@23@@23@@tl@UModSys@@QEAA@XZ 0000000180002860 f i umodsys_lib_lib2d:umodsys.mod.2d.stdlib.obj
 0001:00001870       ??1?$TDynarray@U?$TDynarrayHolderDynamic@USImageCellInfo@lib2d@UModSys@@U?$TAllocator@USIMemAlloc@core@UModSys@@USCountCalcPower2@23@@tl@3@@tl@UModSys@@@tl@UModSys@@QEAA@XZ 0000000180002870 f i umodsys_lib_lib2d:umodsys.mod.2d.stdlib.obj
 0001:000018e0       ??1?$TDynarray@U?$TDynarrayHolderDynamic@U?$TRefObject@UIImage@lib2d@UModSys@@U?$TRefObjectFunc@UIImage@lib2d@UModSys@@@tl@3@@tl@UModSys@@U?$TAllocator@USIMemAlloc@core@UModSys@@USCountCalcPower2@23@@23@@tl@UModSys@@@tl@UModSys@@QEAA@XZ 00000001800028e0 f i umodsys_lib_lib2d:umodsys.mod.2d.stdlib.obj
 0001:00001950       ?ResizeRel@?$TDynarray@U?$TDynarrayHolderDynamic@USImageCellInfo@lib2d@UModSys@@U?$TAllocator@USIMemAlloc@core@UModSys@@USCountCalcPower2@23@@tl@3@@tl@UModSys@@@tl@UModSys@@QEAA_N_J@Z 0000000180002950 f i umodsys_lib_lib2d:umodsys.mod.2d.stdlib.obj
 0001:00001a10       ?ResizeRel@?$TDynarray@U?$TDynarrayHolderDynamic@U?$TRefObject@UIImage@lib2d@UModSys@@U?$TRefObjectFunc@UIImage@lib2d@UModSys@@@tl@3@@tl@UModSys@@U?$TAllocator@USIMemAlloc@core@UModSys@@USCountCalcPower2@23@@23@@tl@UModSys@@@tl@UModSys@@QEAA_N_J@Z 0000000180002a10 f i umodsys_lib_lib2d:umodsys.mod.2d.stdlib.obj
 0001:00001b40       ??$ValidateConstruction@UIRefObject@core@UModSys@@URMultiImage@stdlib@lib2d@modules@3@@core@UModSys@@YA_NAEAU?$TRefObject@UIRefObject@core@UModSys@@U?$TRefObjectFunc@UIRefObject@core@UModSys@@@tl@3@@tl@1@PEAURMultiImage@stdlib@lib2d@modules@1@@Z 0000000180002b40 f i umodsys_lib_lib2d:umodsys.mod.2d.stdlib.obj
 0001:00001bc0       ?set_stage@SGLFuncs@SDL_GL@ui@modules@UModSys@@QEBAXH@Z 0000000180002bc0 f i umodsys_lib_libui:umodsys.mod.ui.SDL_GL.obj
 0001:00001c20       ?set_composite_all@SGLFuncsLegacy@SDL_GL@ui@modules@UModSys@@QEBAXH@Z 0000000180002c20 f i umodsys_lib_libui:umodsys.mod.ui.SDL_GL.obj
 0001:00001cf0       ?crebind@STextureGL@SDL_GL@ui@modules@UModSys@@QEAAX_N@Z 0000000180002cf0 f i umodsys_lib_libui:umodsys.mod.ui.SDL_GL.obj
 0001:00001d30       ?root_get_interface_info@RKeyboardController@SDL_GL@ui@modules@UModSys@@UEBAAEBUSUniquePointerInfo@core@5@XZ 0000000180002d30 f i umodsys_lib_libui:umodsys.mod.ui.SDL_GL.obj
 0001:00001d40       ?root_get_interface_type@RKeyboardController@SDL_GL@ui@modules@UModSys@@UEBAPEBUSUniquePointerInfo@core@5@XZ 0000000180002d40 f i umodsys_lib_libui:umodsys.mod.ui.SDL_GL.obj
 0001:00001d50       ?root_get_other_interface@RKeyboardController@SDL_GL@ui@modules@UModSys@@UEAAPEAUIRoot@core@5@PEBUSUniquePointerInfo@75@@Z 0000000180002d50 f i umodsys_lib_libui:umodsys.mod.ui.SDL_GL.obj
 0001:00001d50       ?root_get_other_interface@RKeyboardController@SDL_GL@ui@modules@UModSys@@UEBAPEBUIRoot@core@5@PEBUSUniquePointerInfo@75@@Z 0000000180002d50 f i umodsys_lib_libui:umodsys.mod.ui.SDL_GL.obj
 0001:00001d80       ?root_is_interface_supported@RKeyboardController@SDL_GL@ui@modules@UModSys@@UEBA_NPEBUSUniquePointerInfo@core@5@@Z 0000000180002d80 f i umodsys_lib_libui:umodsys.mod.ui.SDL_GL.obj
 0001:00001db0       ?ref_weak@RRenderDriver2D@SDL_core@ui@modules@UModSys@@UEBA_NAEAUWeakPointer@IRefObject@core@5@@Z 0000000180002db0 f i umodsys_lib_libui:umodsys.mod.ui.SDL_core.obj
 0001:00001db0       ?ref_weak@RMouseController@SDL_core@ui@modules@UModSys@@UEBA_NAEAUWeakPointer@IRefObject@core@5@@Z 0000000180002db0 f i umodsys_lib_libui:umodsys.mod.ui.SDL_core.obj
 0001:00001db0       ?ref_weak@RRenderDriver3D@SDL_GL@ui@modules@UModSys@@UEBA_NAEAUWeakPointer@IRefObject@core@5@@Z 0000000180002db0 f i umodsys_lib_libui:umodsys.mod.ui.SDL_GL.obj
 0001:00001db0       ?ref_weak@RMouseController@SDL_GL@ui@modules@UModSys@@UEBA_NAEAUWeakPointer@IRefObject@core@5@@Z 0000000180002db0 f i umodsys_lib_libui:umodsys.mod.ui.SDL_GL.obj
 0001:00001db0       ?ref_weak@RKeyboardController@SDL_GL@ui@modules@UModSys@@UEBA_NAEAUWeakPointer@IRefObject@core@5@@Z 0000000180002db0 f i umodsys_lib_libui:umodsys.mod.ui.SDL_GL.obj
 0001:00001db0       ?ref_weak@RKeyboardController@SDL_core@ui@modules@UModSys@@UEBA_NAEAUWeakPointer@IRefObject@core@5@@Z 0000000180002db0 f i umodsys_lib_libui:umodsys.mod.ui.SDL_core.obj
 0001:00001dd0       ?root_get_interface_info@RMouseController@SDL_GL@ui@modules@UModSys@@UEBAAEBUSUniquePointerInfo@core@5@XZ 0000000180002dd0 f i umodsys_lib_libui:umodsys.mod.ui.SDL_GL.obj
 0001:00001de0       ?root_get_interface_type@RMouseController@SDL_GL@ui@modules@UModSys@@UEBAPEBUSUniquePointerInfo@core@5@XZ 0000000180002de0 f i umodsys_lib_libui:umodsys.mod.ui.SDL_GL.obj
 0001:00001df0       ?root_get_other_interface@RMouseController@SDL_GL@ui@modules@UModSys@@UEAAPEAUIRoot@core@5@PEBUSUniquePointerInfo@75@@Z 0000000180002df0 f i umodsys_lib_libui:umodsys.mod.ui.SDL_GL.obj
 0001:00001df0       ?root_get_other_interface@RMouseController@SDL_GL@ui@modules@UModSys@@UEBAPEBUIRoot@core@5@PEBUSUniquePointerInfo@75@@Z 0000000180002df0 f i umodsys_lib_libui:umodsys.mod.ui.SDL_GL.obj
 0001:00001e20       ?root_is_interface_supported@RMouseController@SDL_GL@ui@modules@UModSys@@UEBA_NPEBUSUniquePointerInfo@core@5@@Z 0000000180002e20 f i umodsys_lib_libui:umodsys.mod.ui.SDL_GL.obj
 0001:00001e50       ?ref_remove@RMouseController@SDL_GL@ui@modules@UModSys@@UEBAXXZ 0000000180002e50 f i umodsys_lib_libui:umodsys.mod.ui.SDL_GL.obj
 0001:00001e50       ?ref_remove@RKeyboardController@SDL_GL@ui@modules@UModSys@@UEBAXXZ 0000000180002e50 f i umodsys_lib_libui:umodsys.mod.ui.SDL_GL.obj
 0001:00001e50       ?ref_remove@RRenderDriver2D@SDL_core@ui@modules@UModSys@@UEBAXXZ 0000000180002e50 f i umodsys_lib_libui:umodsys.mod.ui.SDL_core.obj
 0001:00001e50       ?ref_remove@RKeyboardController@SDL_core@ui@modules@UModSys@@UEBAXXZ 0000000180002e50 f i umodsys_lib_libui:umodsys.mod.ui.SDL_core.obj
 0001:00001e50       ?ref_remove@RMouseController@SDL_core@ui@modules@UModSys@@UEBAXXZ 0000000180002e50 f i umodsys_lib_libui:umodsys.mod.ui.SDL_core.obj
 0001:00001e50       ?ref_remove@RRenderDriver3D@SDL_GL@ui@modules@UModSys@@UEBAXXZ 0000000180002e50 f i umodsys_lib_libui:umodsys.mod.ui.SDL_GL.obj
 0001:00001e60       ?root_get_interface_info@RTerminal@SDL_GL@ui@modules@UModSys@@UEBAAEBUSUniquePointerInfo@core@5@XZ 0000000180002e60 f i umodsys_lib_libui:umodsys.mod.ui.SDL_GL.obj
 0001:00001e70       ?root_get_interface_type@RTerminal@SDL_GL@ui@modules@UModSys@@UEBAPEBUSUniquePointerInfo@core@5@XZ 0000000180002e70 f i umodsys_lib_libui:umodsys.mod.ui.SDL_GL.obj
 0001:00001e80       ?root_get_other_interface@RTerminal@SDL_GL@ui@modules@UModSys@@UEAAPEAUIRoot@core@5@PEBUSUniquePointerInfo@75@@Z 0000000180002e80 f i umodsys_lib_libui:umodsys.mod.ui.SDL_GL.obj
 0001:00001e80       ?root_get_other_interface@RTerminal@SDL_GL@ui@modules@UModSys@@UEBAPEBUIRoot@core@5@PEBUSUniquePointerInfo@75@@Z 0000000180002e80 f i umodsys_lib_libui:umodsys.mod.ui.SDL_GL.obj
 0001:00001eb0       ?root_is_interface_supported@RTerminal@SDL_GL@ui@modules@UModSys@@UEBA_NPEBUSUniquePointerInfo@core@5@@Z 0000000180002eb0 f i umodsys_lib_libui:umodsys.mod.ui.SDL_GL.obj
 0001:00001ee0       ?root_get_interface_info@RMultiImage2D_SDL_ttf@SDL_GL@ui@modules@UModSys@@UEBAAEBUSUniquePointerInfo@core@5@XZ 0000000180002ee0 f i umodsys_lib_libui:umodsys.mod.ui.SDL_GL.obj
 0001:00001ef0       ?root_get_interface_type@RMultiImage2D_SDL_ttf@SDL_GL@ui@modules@UModSys@@UEBAPEBUSUniquePointerInfo@core@5@XZ 0000000180002ef0 f i umodsys_lib_libui:umodsys.mod.ui.SDL_GL.obj
 0001:00001f00       ?root_get_other_interface@RMultiImage2D_SDL_ttf@SDL_GL@ui@modules@UModSys@@UEAAPEAUIRoot@core@5@PEBUSUniquePointerInfo@75@@Z 0000000180002f00 f i umodsys_lib_libui:umodsys.mod.ui.SDL_GL.obj
 0001:00001f00       ?root_get_other_interface@RMultiImage2D_SDL_ttf@SDL_GL@ui@modules@UModSys@@UEBAPEBUIRoot@core@5@PEBUSUniquePointerInfo@75@@Z 0000000180002f00 f i umodsys_lib_libui:umodsys.mod.ui.SDL_GL.obj
 0001:00001f30       ?root_is_interface_supported@RMultiImage2D_SDL_ttf@SDL_GL@ui@modules@UModSys@@UEBA_NPEBUSUniquePointerInfo@core@5@@Z 0000000180002f30 f i umodsys_lib_libui:umodsys.mod.ui.SDL_GL.obj
 0001:00001f60       ?suicide@RMultiImage2D_SDL_ttf@SDL_core@ui@modules@UModSys@@UEAAXXZ 0000000180002f60 f i umodsys_lib_libui:umodsys.mod.ui.SDL_core.obj
 0001:00001f60       ?suicide@RVertexArray@SDL_GL@ui@modules@UModSys@@UEAAXXZ 0000000180002f60 f i umodsys_lib_libui:umodsys.mod.ui.SDL_GL.obj
 0001:00001f60       ?suicide@RMultiImage2D_SDL_ttf@SDL_GL@ui@modules@UModSys@@UEAAXXZ 0000000180002f60 f i umodsys_lib_libui:umodsys.mod.ui.SDL_GL.obj
 0001:00001f60       ?suicide@RDialog@frames@ui@modules@UModSys@@UEAAXXZ 0000000180002f60 f i umodsys_lib_libui:umodsys.mod.ui.frames.obj
 0001:00001fb0       ??1Glyph@RMultiImage2D_SDL_ttf@SDL_GL@ui@modules@UModSys@@QEAA@XZ 0000000180002fb0 f i umodsys_lib_libui:umodsys.mod.ui.SDL_GL.obj
 0001:00001fe0       ?get_list@RFrame_Button@frames@ui@modules@UModSys@@UEAAPEAUIFrameList@libui@5@XZ 0000000180002fe0 f i umodsys_lib_libui:umodsys.mod.ui.frames.obj
 0001:00001fe0       ?get_ctrlcmd@RFrame_Image@frames@ui@modules@UModSys@@UEAAPEAUIControllerCommand@libui@5@XZ 0000000180002fe0 f i umodsys_lib_libui:umodsys.mod.ui.frames.obj
 0001:00001fe0       ?get_ctrldata@RFrame_Text@frames@ui@modules@UModSys@@UEAAPEAUIControllerData@libui@5@XZ 0000000180002fe0 f i umodsys_lib_libui:umodsys.mod.ui.frames.obj
 0001:00001fe0       ?get_list@RFrame_Edit@frames@ui@modules@UModSys@@UEAAPEAUIFrameList@libui@5@XZ 0000000180002fe0 f i umodsys_lib_libui:umodsys.mod.ui.frames.obj
 0001:00001fe0       ?get_ctrlcmd@RFrame_Text@frames@ui@modules@UModSys@@UEAAPEAUIControllerCommand@libui@5@XZ 0000000180002fe0 f i umodsys_lib_libui:umodsys.mod.ui.frames.obj
 0001:00001fe0       ?get_cell_count@RMultiImage2D_SDL_ttf@SDL_core@ui@modules@UModSys@@UEBAIXZ 0000000180002fe0 f i umodsys_lib_libui:umodsys.mod.ui.SDL_core.obj
 0001:00001fe0       ?get_list@RFrame_Image@frames@ui@modules@UModSys@@UEAAPEAUIFrameList@libui@5@XZ 0000000180002fe0 f i umodsys_lib_libui:umodsys.mod.ui.frames.obj
 0001:00001fe0       ?get_layer_count@RMultiImage2D_SDL_ttf@SDL_core@ui@modules@UModSys@@UEBAGXZ 0000000180002fe0 f i umodsys_lib_libui:umodsys.mod.ui.SDL_core.obj
 0001:00001fe0       ?get_ctrldata@RFrame_List@frames@ui@modules@UModSys@@UEAAPEAUIControllerData@libui@5@XZ 0000000180002fe0 f i umodsys_lib_libui:umodsys.mod.ui.frames.obj
 0001:00001fe0       ?get_ctrlcmd@RFrame_Edit@frames@ui@modules@UModSys@@UEAAPEAUIControllerCommand@libui@5@XZ 0000000180002fe0 f i umodsys_lib_libui:umodsys.mod.ui.frames.obj
 0001:00001fe0       ?get_up_theme@RCollector@frames@ui@modules@UModSys@@UEAAPEAUICollectorTheme@libui@5@XZ 0000000180002fe0 f i umodsys_lib_libui:umodsys.mod.ui.frames.obj
 0001:00001fe0       ?get_ctrldata@RFrame_Edit@frames@ui@modules@UModSys@@UEAAPEAUIControllerData@libui@5@XZ 0000000180002fe0 f i umodsys_lib_libui:umodsys.mod.ui.frames.obj
 0001:00001fe0       ?get_ctrldata@RFrame_Button@frames@ui@modules@UModSys@@UEAAPEAUIControllerData@libui@5@XZ 0000000180002fe0 f i umodsys_lib_libui:umodsys.mod.ui.frames.obj
 0001:00001fe0       ?get_layer@RMultiImage2D_SDL_ttf@SDL_core@ui@modules@UModSys@@UEBAPEAUIImage@lib2d@5@G@Z 0000000180002fe0 f i umodsys_lib_libui:umodsys.mod.ui.SDL_core.obj
 0001:00001fe0       ?get_ctrldata@RFrame_Frame@frames@ui@modules@UModSys@@UEAAPEAUIControllerData@libui@5@XZ 0000000180002fe0 f i umodsys_lib_libui:umodsys.mod.ui.frames.obj
 0001:00001fe0       ?get_data@RFrame_Frame@frames@ui@modules@UModSys@@UEAAPEAUIFrameData@libui@5@XZ 0000000180002fe0 f i umodsys_lib_libui:umodsys.mod.ui.frames.obj
 0001:00001fe0       ?get_ctrlcmd@RFrame_Button@frames@ui@modules@UModSys@@UEAAPEAUIControllerCommand@libui@5@XZ 0000000180002fe0 f i umodsys_lib_libui:umodsys.mod.ui.frames.obj
 0001:00001fe0       ?get_ctrldata@RFrame_Image@frames@ui@modules@UModSys@@UEAAPEAUIControllerData@libui@5@XZ 0000000180002fe0 f i umodsys_lib_libui:umodsys.mod.ui.frames.obj
 0001:00001fe0       ?get_ctrlcmd@RFrame_List@frames@ui@modules@UModSys@@UEAAPEAUIControllerCommand@libui@5@XZ 0000000180002fe0 f i umodsys_lib_libui:umodsys.mod.ui.frames.obj
 0001:00001fe0       ?get_layer@RMultiImage2D_SDL_ttf@SDL_GL@ui@modules@UModSys@@UEBAPEAUIImage@lib2d@5@G@Z 0000000180002fe0 f i umodsys_lib_libui:umodsys.mod.ui.SDL_GL.obj
 0001:00001fe0       ?get_ctrlcmd@RFrame_Frame@frames@ui@modules@UModSys@@UEAAPEAUIControllerCommand@libui@5@XZ 0000000180002fe0 f i umodsys_lib_libui:umodsys.mod.ui.frames.obj
 0001:00001fe0       ?get_cell_count@RMultiImage2D_SDL_ttf@SDL_GL@ui@modules@UModSys@@UEBAIXZ 0000000180002fe0 f i umodsys_lib_libui:umodsys.mod.ui.SDL_GL.obj
 0001:00001fe0       ?get_list@RFrame_Frame@frames@ui@modules@UModSys@@UEAAPEAUIFrameList@libui@5@XZ 0000000180002fe0 f i umodsys_lib_libui:umodsys.mod.ui.frames.obj
 0001:00001fe0       ?get_data@RFrame_Image@frames@ui@modules@UModSys@@UEAAPEAUIFrameData@libui@5@XZ 0000000180002fe0 f i umodsys_lib_libui:umodsys.mod.ui.frames.obj
 0001:00001fe0       ?get_layer_count@RMultiImage2D_SDL_ttf@SDL_GL@ui@modules@UModSys@@UEBAGXZ 0000000180002fe0 f i umodsys_lib_libui:umodsys.mod.ui.SDL_GL.obj
 0001:00001fe0       ?get_data@RFrame_Button@frames@ui@modules@UModSys@@UEAAPEAUIFrameData@libui@5@XZ 0000000180002fe0 f i umodsys_lib_libui:umodsys.mod.ui.frames.obj
 0001:00001fe0       ?get_list@RFrame_Text@frames@ui@modules@UModSys@@UEAAPEAUIFrameList@libui@5@XZ 0000000180002fe0 f i umodsys_lib_libui:umodsys.mod.ui.frames.obj
 0001:00001ff0       ?root_get_interface_info@RRenderDriver3D@SDL_GL@ui@modules@UModSys@@UEBAAEBUSUniquePointerInfo@core@5@XZ 0000000180002ff0 f i umodsys_lib_libui:umodsys.mod.ui.SDL_GL.obj
 0001:00002000       ?root_get_interface_type@RRenderDriver3D@SDL_GL@ui@modules@UModSys@@UEBAPEBUSUniquePointerInfo@core@5@XZ 0000000180003000 f i umodsys_lib_libui:umodsys.mod.ui.SDL_GL.obj
 0001:00002010       ?root_get_other_interface@RRenderDriver3D@SDL_GL@ui@modules@UModSys@@UEBAPEBUIRoot@core@5@PEBUSUniquePointerInfo@75@@Z 0000000180003010 f i umodsys_lib_libui:umodsys.mod.ui.SDL_GL.obj
 0001:00002010       ?root_get_other_interface@RRenderDriver3D@SDL_GL@ui@modules@UModSys@@UEAAPEAUIRoot@core@5@PEBUSUniquePointerInfo@75@@Z 0000000180003010 f i umodsys_lib_libui:umodsys.mod.ui.SDL_GL.obj
 0001:00002050       ?root_is_interface_supported@RRenderDriver3D@SDL_GL@ui@modules@UModSys@@UEBA_NPEBUSUniquePointerInfo@core@5@@Z 0000000180003050 f i umodsys_lib_libui:umodsys.mod.ui.SDL_GL.obj
 0001:00002090       ?ref_add@RKeyboardController@SDL_core@ui@modules@UModSys@@UEBAXXZ 0000000180003090 f i umodsys_lib_libui:umodsys.mod.ui.SDL_core.obj
 0001:00002090       ?ref_add@RMouseController@SDL_core@ui@modules@UModSys@@UEBAXXZ 0000000180003090 f i umodsys_lib_libui:umodsys.mod.ui.SDL_core.obj
 0001:00002090       ?ref_add@RKeyboardController@SDL_GL@ui@modules@UModSys@@UEBAXXZ 0000000180003090 f i umodsys_lib_libui:umodsys.mod.ui.SDL_GL.obj
 0001:00002090       ?ref_add@RMouseController@SDL_GL@ui@modules@UModSys@@UEBAXXZ 0000000180003090 f i umodsys_lib_libui:umodsys.mod.ui.SDL_GL.obj
 0001:00002090       ?ref_add@RRenderDriver3D@SDL_GL@ui@modules@UModSys@@UEBAXXZ 0000000180003090 f i umodsys_lib_libui:umodsys.mod.ui.SDL_GL.obj
 0001:00002090       ?ref_add@RRenderDriver2D@SDL_core@ui@modules@UModSys@@UEBAXXZ 0000000180003090 f i umodsys_lib_libui:umodsys.mod.ui.SDL_core.obj
 0001:000020a0       ?root_get_interface_info@RTerminalX@SDL_GL@ui@modules@UModSys@@UEBAAEBUSUniquePointerInfo@core@5@XZ 00000001800030a0 f i umodsys_lib_libui:umodsys.mod.ui.SDL_GL.obj
 0001:000020b0       ?root_get_interface_type@RTerminalX@SDL_GL@ui@modules@UModSys@@UEBAPEBUSUniquePointerInfo@core@5@XZ 00000001800030b0 f i umodsys_lib_libui:umodsys.mod.ui.SDL_GL.obj
 0001:000020c0       ?root_get_other_interface@RTerminalX@SDL_GL@ui@modules@UModSys@@UEBAPEBUIRoot@core@5@PEBUSUniquePointerInfo@75@@Z 00000001800030c0 f i umodsys_lib_libui:umodsys.mod.ui.SDL_GL.obj
 0001:000020c0       ?root_get_other_interface@RTerminalX@SDL_GL@ui@modules@UModSys@@UEAAPEAUIRoot@core@5@PEBUSUniquePointerInfo@75@@Z 00000001800030c0 f i umodsys_lib_libui:umodsys.mod.ui.SDL_GL.obj
 0001:000020f0       ?root_is_interface_supported@RTerminalX@SDL_GL@ui@modules@UModSys@@UEBA_NPEBUSUniquePointerInfo@core@5@@Z 00000001800030f0 f i umodsys_lib_libui:umodsys.mod.ui.SDL_GL.obj
 0001:00002130       ?root_get_interface_info@RVertexArray@SDL_GL@ui@modules@UModSys@@UEBAAEBUSUniquePointerInfo@core@5@XZ 0000000180003130 f i umodsys_lib_libui:umodsys.mod.ui.SDL_GL.obj
 0001:00002140       ?root_get_interface_type@RVertexArray@SDL_GL@ui@modules@UModSys@@UEBAPEBUSUniquePointerInfo@core@5@XZ 0000000180003140 f i umodsys_lib_libui:umodsys.mod.ui.SDL_GL.obj
 0001:00002150       ?root_get_other_interface@RVertexArray@SDL_GL@ui@modules@UModSys@@UEBAPEBUIRoot@core@5@PEBUSUniquePointerInfo@75@@Z 0000000180003150 f i umodsys_lib_libui:umodsys.mod.ui.SDL_GL.obj
 0001:00002150       ?root_get_other_interface@RVertexArray@SDL_GL@ui@modules@UModSys@@UEAAPEAUIRoot@core@5@PEBUSUniquePointerInfo@75@@Z 0000000180003150 f i umodsys_lib_libui:umodsys.mod.ui.SDL_GL.obj
 0001:00002180       ?root_is_interface_supported@RVertexArray@SDL_GL@ui@modules@UModSys@@UEBA_NPEBUSUniquePointerInfo@core@5@@Z 0000000180003180 f i umodsys_lib_libui:umodsys.mod.ui.SDL_GL.obj
 0001:000021b0       ?ref_remove@RMultiImage2D_SDL_ttf@SDL_GL@ui@modules@UModSys@@UEBAXXZ 00000001800031b0 f i umodsys_lib_libui:umodsys.mod.ui.SDL_GL.obj
 0001:000021b0       ?ref_remove@RDialog@frames@ui@modules@UModSys@@UEBAXXZ 00000001800031b0 f i umodsys_lib_libui:umodsys.mod.ui.frames.obj
 0001:000021b0       ?ref_remove@RGenerator@SDL_core@ui@modules@UModSys@@UEBAXXZ 00000001800031b0 f i umodsys_lib_libui:umodsys.mod.ui.SDL_core.obj
 0001:000021b0       ?ref_remove@RTerminal@SDL_GL@ui@modules@UModSys@@UEBAXXZ 00000001800031b0 f i umodsys_lib_libui:umodsys.mod.ui.SDL_GL.obj
 0001:000021b0       ?ref_remove@RGenerator@serialize_json@media@modules@UModSys@@UEBAXXZ 00000001800031b0 f i umodsys_lib_libmedia:umodsys.mod.media.serialize_json.obj
 0001:000021b0       ?ref_remove@RImage_Memory@stdlib@lib2d@modules@UModSys@@UEBAXXZ 00000001800031b0 f i umodsys_lib_lib2d:umodsys.mod.2d.stdlib.obj
 0001:000021b0       ?ref_remove@RGenerator@zlib@media@modules@UModSys@@UEBAXXZ 00000001800031b0 f i umodsys_lib_libmedia:umodsys.mod.media.zlib.obj
 0001:000021b0       ?ref_remove@RImageFactory_Memory@stdlib@lib2d@modules@UModSys@@UEBAXXZ 00000001800031b0 f i umodsys_lib_lib2d:umodsys.mod.2d.stdlib.obj
 0001:000021b0       ?ref_remove@RGenerator@stdlib@lib2d@modules@UModSys@@UEBAXXZ 00000001800031b0 f i umodsys_lib_lib2d:umodsys.mod.2d.stdlib.obj
 0001:000021b0       ?ref_remove@RTerminal@SDL_core@ui@modules@UModSys@@UEBAXXZ 00000001800031b0 f i umodsys_lib_libui:umodsys.mod.ui.SDL_core.obj
 0001:000021b0       ?ref_remove@RBinArchiveFrameClient_ZIP@zlib@media@modules@UModSys@@UEBAXXZ 00000001800031b0 f i umodsys_lib_libmedia:umodsys.mod.media.zlib.obj
 0001:000021b0       ?ref_remove@RMultiImage@stdlib@lib2d@modules@UModSys@@UEBAXXZ 00000001800031b0 f i umodsys_lib_lib2d:umodsys.mod.2d.stdlib.obj
 0001:000021b0       ?ref_remove@RSerializeReader@serialize_json@media@modules@UModSys@@UEBAXXZ 00000001800031b0 f i umodsys_lib_libmedia:umodsys.mod.media.serialize_json.obj
 0001:000021b0       ?ref_remove@RGenerator@frames@ui@modules@UModSys@@UEBAXXZ 00000001800031b0 f i umodsys_lib_libui:umodsys.mod.ui.frames.obj
 0001:000021b0       ?ref_remove@RGenerator@images_std@media@modules@UModSys@@UEBAXXZ 00000001800031b0 f i umodsys_lib_libmedia:umodsys.mod.media.images_std.obj
 0001:000021b0       ?ref_remove@RGenerator@SDL_GL@ui@modules@UModSys@@UEBAXXZ 00000001800031b0 f i umodsys_lib_libui:umodsys.mod.ui.SDL_GL.obj
 0001:000021b0       ?ref_remove@RVertexArray@SDL_GL@ui@modules@UModSys@@UEBAXXZ 00000001800031b0 f i umodsys_lib_libui:umodsys.mod.ui.SDL_GL.obj
 0001:000021b0       ?ref_remove@RMultiImage2D_SDL_ttf@SDL_core@ui@modules@UModSys@@UEBAXXZ 00000001800031b0 f i umodsys_lib_libui:umodsys.mod.ui.SDL_core.obj
 0001:000021b0       ?ref_remove@RGenerator@test1@test@modules@UModSys@@UEBAXXZ 00000001800031b0 f i plugin_test1.obj
 0001:000021d0       ?get_generated_names@RGenerator@SDL_GL@ui@modules@UModSys@@UEBAHAEAUSUniquePtrList@core@5@@Z 00000001800031d0 f i umodsys_lib_libui:umodsys.mod.ui.SDL_GL.obj
 0001:000021f0       ?get_generated_types@RGenerator@SDL_GL@ui@modules@UModSys@@UEBAHAEAUSUniquePtrList@core@5@PEBUSUniquePointerInfo@75@@Z 00000001800031f0 f i umodsys_lib_libui:umodsys.mod.ui.SDL_GL.obj
 0001:00002260       ?generate@RGenerator@SDL_GL@ui@modules@UModSys@@UEAA_NAEAU?$TRefObject@UIRefObject@core@UModSys@@U?$TRefObjectFunc@UIRefObject@core@UModSys@@@tl@3@@tl@5@PEBUSUniquePointerInfo@core@5@AEBUSParameters@95@@Z 0000000180003260 f i umodsys_lib_libui:umodsys.mod.ui.SDL_GL.obj
 0001:000022e0       ?root_get_interface_info@RGenerator@SDL_GL@ui@modules@UModSys@@UEBAAEBUSUniquePointerInfo@core@5@XZ 00000001800032e0 f i umodsys_lib_libui:umodsys.mod.ui.SDL_GL.obj
 0001:000022f0       ?root_get_interface_type@RGenerator@SDL_GL@ui@modules@UModSys@@UEBAPEBUSUniquePointerInfo@core@5@XZ 00000001800032f0 f i umodsys_lib_libui:umodsys.mod.ui.SDL_GL.obj
 0001:00002300       ?root_get_other_interface@RGenerator@SDL_GL@ui@modules@UModSys@@UEBAPEBUIRoot@core@5@PEBUSUniquePointerInfo@75@@Z 0000000180003300 f i umodsys_lib_libui:umodsys.mod.ui.SDL_GL.obj
 0001:00002300       ?root_get_other_interface@RGenerator@SDL_GL@ui@modules@UModSys@@UEAAPEAUIRoot@core@5@PEBUSUniquePointerInfo@75@@Z 0000000180003300 f i umodsys_lib_libui:umodsys.mod.ui.SDL_GL.obj
 0001:00002340       ?root_is_interface_supported@RGenerator@SDL_GL@ui@modules@UModSys@@UEBA_NPEBUSUniquePointerInfo@core@5@@Z 0000000180003340 f i umodsys_lib_libui:umodsys.mod.ui.SDL_GL.obj
 0001:00002380       ?get_uid@RGenerator@SDL_GL@ui@modules@UModSys@@UEBAPEBUSUniquePointerInfo@core@5@XZ 0000000180003380 f i umodsys_lib_libui:umodsys.mod.ui.SDL_GL.obj
 0001:00002390       ??_GRKeyboardController@SDL_GL@ui@modules@UModSys@@UEAAPEAXI@Z 0000000180003390 f i umodsys_lib_libui:umodsys.mod.ui.SDL_GL.obj
 0001:00002390       ??_ERKeyboardController@SDL_GL@ui@modules@UModSys@@UEAAPEAXI@Z 0000000180003390 f i  CIL library: CIL module
 0001:000023c0       ??_ERMouseController@SDL_GL@ui@modules@UModSys@@UEAAPEAXI@Z 00000001800033c0 f i  CIL library: CIL module
 0001:000023c0       ??_GRMouseController@SDL_GL@ui@modules@UModSys@@UEAAPEAXI@Z 00000001800033c0 f i umodsys_lib_libui:umodsys.mod.ui.SDL_GL.obj
 0001:000023f0       ??_GRTerminal@SDL_GL@ui@modules@UModSys@@UEAAPEAXI@Z 00000001800033f0 f i umodsys_lib_libui:umodsys.mod.ui.SDL_GL.obj
 0001:000023f0       ??_ERTerminal@SDL_GL@ui@modules@UModSys@@UEAAPEAXI@Z 00000001800033f0 f i  CIL library: CIL module
 0001:00002420       ??_ERMultiImage2D_SDL_ttf@SDL_GL@ui@modules@UModSys@@UEAAPEAXI@Z 0000000180003420 f i  CIL library: CIL module
 0001:00002420       ??_GRMultiImage2D_SDL_ttf@SDL_GL@ui@modules@UModSys@@UEAAPEAXI@Z 0000000180003420 f i umodsys_lib_libui:umodsys.mod.ui.SDL_GL.obj
 0001:00002450       ?set_flags@SGLFuncs@SDL_GL@ui@modules@UModSys@@QEBAXPEBUTextureInfo@12345@AEBUSRenderMapFlags@lib3d@5@@Z 0000000180003450 f i umodsys_lib_libui:umodsys.mod.ui.SDL_GL.obj
 0001:00002550       ??_GRRenderDriver3D@SDL_GL@ui@modules@UModSys@@UEAAPEAXI@Z 0000000180003550 f i umodsys_lib_libui:umodsys.mod.ui.SDL_GL.obj
 0001:00002550       ??_ERRenderDriver3D@SDL_GL@ui@modules@UModSys@@UEAAPEAXI@Z 0000000180003550 f i  CIL library: CIL module
 0001:00002580       ??_GRVertexArray@SDL_GL@ui@modules@UModSys@@UEAAPEAXI@Z 0000000180003580 f i umodsys_lib_libui:umodsys.mod.ui.SDL_GL.obj
 0001:00002580       ??_ERVertexArray@SDL_GL@ui@modules@UModSys@@UEAAPEAXI@Z 0000000180003580 f i  CIL library: CIL module
 0001:000025b0       ??_GRTerminalX@SDL_GL@ui@modules@UModSys@@UEAAPEAXI@Z 00000001800035b0 f i umodsys_lib_libui:umodsys.mod.ui.SDL_GL.obj
 0001:000025b0       ??_ERTerminalX@SDL_GL@ui@modules@UModSys@@UEAAPEAXI@Z 00000001800035b0 f i  CIL library: CIL module
 0001:000025e0       ?do_open@RModuleReg@SDL_GL@ui@modules@UModSys@@UEAA_NXZ 00000001800035e0 f i umodsys_lib_libui:umodsys.mod.ui.SDL_GL.obj
 0001:000025f0       ?do_close@RModuleReg@SDL_GL@ui@modules@UModSys@@UEAA_NXZ 00000001800035f0 f i umodsys_lib_libui:umodsys.mod.ui.SDL_GL.obj
 0001:00002600       ??_ERModuleReg@SDL_GL@ui@modules@UModSys@@UEAAPEAXI@Z 0000000180003600 f i  CIL library: CIL module
 0001:00002600       ??_GRModuleReg@SDL_GL@ui@modules@UModSys@@UEAAPEAXI@Z 0000000180003600 f i umodsys_lib_libui:umodsys.mod.ui.SDL_GL.obj
 0001:00002630       ??1?$TScatterArray@UGlyph@RMultiImage2D_SDL_ttf@SDL_GL@ui@modules@UModSys@@HU?$TScalarCompare@H@core@6@U?$TNodeDeleter0@U?$TScatterArrayNode@UGlyph@RMultiImage2D_SDL_ttf@SDL_GL@ui@modules@UModSys@@H@tl@UModSys@@@tl@6@@tl@UModSys@@QEAA@XZ 0000000180003630 f i umodsys_lib_libui:umodsys.mod.ui.SDL_GL.obj
 0001:00002660       ??1?$TDynarrayDynamic@USLayInfo@RVertexArray@SDL_GL@ui@modules@UModSys@@U?$TAllocator@USIMemAlloc@core@UModSys@@USCountCalcExact@23@@tl@6@@tl@UModSys@@QEAA@XZ 0000000180003660 f i umodsys_lib_libui:umodsys.mod.ui.SDL_GL.obj
 0001:00002670       ??1?$TDynarray@U?$TDynarrayHolderDynamic@USLayInfo@RVertexArray@SDL_GL@ui@modules@UModSys@@U?$TAllocator@USIMemAlloc@core@UModSys@@USCountCalcExact@23@@tl@6@@tl@UModSys@@@tl@UModSys@@QEAA@XZ 0000000180003670 f i umodsys_lib_libui:umodsys.mod.ui.SDL_GL.obj
 0001:000026e0       ??_GRGenerator@frames@ui@modules@UModSys@@UEAAPEAXI@Z 00000001800036e0 f i umodsys_lib_libui:umodsys.mod.ui.frames.obj
 0001:000026e0       ??_ERGenerator@serialize_json@media@modules@UModSys@@UEAAPEAXI@Z 00000001800036e0 f i  CIL library: CIL module
 0001:000026e0       ??_GRGenerator@test1@test@modules@UModSys@@UEAAPEAXI@Z 00000001800036e0 f i plugin_test1.obj
 0001:000026e0       ??_ERGenerator@stdlib@lib2d@modules@UModSys@@UEAAPEAXI@Z 00000001800036e0 f i  CIL library: CIL module
 0001:000026e0       ??_GRGenerator@SDL_GL@ui@modules@UModSys@@UEAAPEAXI@Z 00000001800036e0 f i umodsys_lib_libui:umodsys.mod.ui.SDL_GL.obj
 0001:000026e0       ??_ERGenerator@frames@ui@modules@UModSys@@UEAAPEAXI@Z 00000001800036e0 f i  CIL library: CIL module
 0001:000026e0       ??_GRGenerator@serialize_json@media@modules@UModSys@@UEAAPEAXI@Z 00000001800036e0 f i umodsys_lib_libmedia:umodsys.mod.media.serialize_json.obj
 0001:000026e0       ??_EIRefObject@core@UModSys@@UEAAPEAXI@Z 00000001800036e0 f i  CIL library: CIL module
 0001:000026e0       ??_GRGenerator@zlib@media@modules@UModSys@@UEAAPEAXI@Z 00000001800036e0 f i umodsys_lib_libmedia:umodsys.mod.media.zlib.obj
 0001:000026e0       ??_ERGenerator@SDL_core@ui@modules@UModSys@@UEAAPEAXI@Z 00000001800036e0 f i  CIL library: CIL module
 0001:000026e0       ??_ERGenerator@test1@test@modules@UModSys@@UEAAPEAXI@Z 00000001800036e0 f i  CIL library: CIL module
 0001:000026e0       ??_GRGenerator@SDL_core@ui@modules@UModSys@@UEAAPEAXI@Z 00000001800036e0 f i umodsys_lib_libui:umodsys.mod.ui.SDL_core.obj
 0001:000026e0       ??_ERGenerator@zlib@media@modules@UModSys@@UEAAPEAXI@Z 00000001800036e0 f i  CIL library: CIL module
 0001:000026e0       ??_GIRefObject@core@UModSys@@UEAAPEAXI@Z 00000001800036e0 f i plugin_test1.obj
 0001:000026e0       ??_ERGenerator@images_std@media@modules@UModSys@@UEAAPEAXI@Z 00000001800036e0 f i  CIL library: CIL module
 0001:000026e0       ??_GRGenerator@images_std@media@modules@UModSys@@UEAAPEAXI@Z 00000001800036e0 f i umodsys_lib_libmedia:umodsys.mod.media.images_std.obj
 0001:000026e0       ??_GRGenerator@stdlib@lib2d@modules@UModSys@@UEAAPEAXI@Z 00000001800036e0 f i umodsys_lib_lib2d:umodsys.mod.2d.stdlib.obj
 0001:000026e0       ??_ERGenerator@SDL_GL@ui@modules@UModSys@@UEAAPEAXI@Z 00000001800036e0 f i  CIL library: CIL module
 0001:00002710       ?remove_node@?$TTreeHoldRB@U?$TScatterArrayNode@U?$TRefObjectComposite@UIKeyboardClient@libui@UModSys@@UIRefObject@core@3@U?$TRefObjectFunc@UIRefObject@core@UModSys@@@tl@3@@tl@UModSys@@H@tl@UModSys@@@tl@UModSys@@QEAAXPEAU?$TScatterArrayNode@U?$TRefObjectComposite@UIKeyboardClient@libui@UModSys@@UIRefObject@core@3@U?$TRefObjectFunc@UIRefObject@core@UModSys@@@tl@3@@tl@UModSys@@H@23@@Z 0000000180003710 f i umodsys_lib_libui:umodsys.mod.ui.SDL_GL.obj
 0001:00002710       ?remove_node@?$TTreeHoldRB@U?$TScatterArrayNode@U?$TRefObjectCompositeExtra@UIMouseClient@libui@UModSys@@HUIRefObject@core@3@U?$TRefObjectFunc@UIRefObject@core@UModSys@@@tl@3@@tl@UModSys@@H@tl@UModSys@@@tl@UModSys@@QEAAXPEAU?$TScatterArrayNode@U?$TRefObjectCompositeExtra@UIMouseClient@libui@UModSys@@HUIRefObject@core@3@U?$TRefObjectFunc@UIRefObject@core@UModSys@@@tl@3@@tl@UModSys@@H@23@@Z 0000000180003710 f i umodsys_lib_libui:umodsys.mod.ui.SDL_GL.obj
 0001:00002830       ??R?$TNodeDeleter0@U?$TScatterArrayNode@U?$TRefObjectComposite@UIKeyboardClient@libui@UModSys@@UIRefObject@core@3@U?$TRefObjectFunc@UIRefObject@core@UModSys@@@tl@3@@tl@UModSys@@H@tl@UModSys@@@tl@UModSys@@QEBAHPEAU?$TScatterArrayNode@U?$TRefObjectComposite@UIKeyboardClient@libui@UModSys@@UIRefObject@core@3@U?$TRefObjectFunc@UIRefObject@core@UModSys@@@tl@3@@tl@UModSys@@H@12@@Z 0000000180003830 f i umodsys_lib_libui:umodsys.mod.ui.SDL_GL.obj
 0001:00002830       ??R?$TNodeDeleter0@U?$TScatterArrayNode@U?$TRefObjectCompositeExtra@UIMouseClient@libui@UModSys@@HUIRefObject@core@3@U?$TRefObjectFunc@UIRefObject@core@UModSys@@@tl@3@@tl@UModSys@@H@tl@UModSys@@@tl@UModSys@@QEBAHPEAU?$TScatterArrayNode@U?$TRefObjectCompositeExtra@UIMouseClient@libui@UModSys@@HUIRefObject@core@3@U?$TRefObjectFunc@UIRefObject@core@UModSys@@@tl@3@@tl@UModSys@@H@12@@Z 0000000180003830 f i umodsys_lib_libui:umodsys.mod.ui.SDL_GL.obj
 0001:000028b0       ??1?$TPair@HU?$TRefObjectComposite@UIKeyboardClient@libui@UModSys@@UIRefObject@core@3@U?$TRefObjectFunc@UIRefObject@core@UModSys@@@tl@3@@tl@UModSys@@@tl@UModSys@@QEAA@XZ 00000001800038b0 f i umodsys_lib_libui:umodsys.mod.ui.SDL_GL.obj
 0001:000028b0       ??1?$TPair@HU?$TRefObjectCompositeExtra@UIMouseClient@libui@UModSys@@HUIRefObject@core@3@U?$TRefObjectFunc@UIRefObject@core@UModSys@@@tl@3@@tl@UModSys@@@tl@UModSys@@QEAA@XZ 00000001800038b0 f i umodsys_lib_libui:umodsys.mod.ui.SDL_GL.obj
 0001:00002900       ??1?$TRefObjectComposite@UIKeyboardClient@libui@UModSys@@UIRefObject@core@3@U?$TRefObjectFunc@UIRefObject@core@UModSys@@@tl@3@@tl@UModSys@@QEAA@XZ 0000000180003900 f i umodsys_lib_libui:umodsys.mod.ui.SDL_GL.obj
 0001:00002900       ??1?$TRefObjectCompositeExtra@UIMouseClient@libui@UModSys@@HUIRefObject@core@3@U?$TRefObjectFunc@UIRefObject@core@UModSys@@@tl@3@@tl@UModSys@@QEAA@XZ 0000000180003900 f i umodsys_lib_libui:umodsys.mod.ui.SDL_GL.obj
 0001:00002950       ?remove_color@?$TTreeHoldRB@U?$TScatterArrayNode@U?$TRefObjectComposite@UIKeyboardClient@libui@UModSys@@UIRefObject@core@3@U?$TRefObjectFunc@UIRefObject@core@UModSys@@@tl@3@@tl@UModSys@@H@tl@UModSys@@@tl@UModSys@@IEAAXPEAU?$TScatterArrayNode@U?$TRefObjectComposite@UIKeyboardClient@libui@UModSys@@UIRefObject@core@3@U?$TRefObjectFunc@UIRefObject@core@UModSys@@@tl@3@@tl@UModSys@@H@23@0@Z 0000000180003950 f i umodsys_lib_libui:umodsys.mod.ui.SDL_GL.obj
 0001:00002950       ?remove_color@?$TTreeHoldRB@U?$TScatterArrayNode@U?$TRefObjectCompositeExtra@UIMouseClient@libui@UModSys@@HUIRefObject@core@3@U?$TRefObjectFunc@UIRefObject@core@UModSys@@@tl@3@@tl@UModSys@@H@tl@UModSys@@@tl@UModSys@@IEAAXPEAU?$TScatterArrayNode@U?$TRefObjectCompositeExtra@UIMouseClient@libui@UModSys@@HUIRefObject@core@3@U?$TRefObjectFunc@UIRefObject@core@UModSys@@@tl@3@@tl@UModSys@@H@23@0@Z 0000000180003950 f i umodsys_lib_libui:umodsys.mod.ui.SDL_GL.obj
 0001:00002c10       ?ResizeRel@?$TDynarray@U?$TDynarrayHolderDynamic@USLayInfo@RVertexArray@SDL_GL@ui@modules@UModSys@@U?$TAllocator@USIMemAlloc@core@UModSys@@USCountCalcExact@23@@tl@6@@tl@UModSys@@@tl@UModSys@@QEAA_N_J@Z 0000000180003c10 f i umodsys_lib_libui:umodsys.mod.ui.SDL_GL.obj
 0001:00002cf0       ??$t_ref_get_other_interface@URMultiImage2D_SDL_ttf@SDL_GL@ui@modules@UModSys@@U?$TRefObjectWeakFunc@URMultiImage2D_SDL_ttf@SDL_GL@ui@modules@UModSys@@@tl@5@@IRefObject@core@UModSys@@QEAA_NAEAU?$TRefObject@URMultiImage2D_SDL_ttf@SDL_GL@ui@modules@UModSys@@U?$TRefObjectWeakFunc@URMultiImage2D_SDL_ttf@SDL_GL@ui@modules@UModSys@@@tl@5@@tl@2@@Z 0000000180003cf0 f i umodsys_lib_libui:umodsys.mod.ui.SDL_GL.obj
 0001:00002d70       ??$genx_node@UCmp@?$TScatterArray@U?$TRefObjectComposite@UIKeyboardClient@libui@UModSys@@UIRefObject@core@3@U?$TRefObjectFunc@UIRefObject@core@UModSys@@@tl@3@@tl@UModSys@@HU?$TScalarCompare@H@core@3@U?$TNodeDeleter0@U?$TScatterArrayNode@U?$TRefObjectComposite@UIKeyboardClient@libui@UModSys@@UIRefObject@core@3@U?$TRefObjectFunc@UIRefObject@core@UModSys@@@tl@3@@tl@UModSys@@H@tl@UModSys@@@23@@tl@UModSys@@UGen0@234@@?$TTreeHoldRBD@U?$TScatterArrayNode@U?$TRefObjectComposite@UIKeyboardClient@libui@UModSys@@UIRefObject@core@3@U?$TRefObjectFunc@UIRefObject@core@UModSys@@@tl@3@@tl@UModSys@@H@tl@UModSys@@U?$TNodeDeleter0@U?$TScatterArrayNode@U?$TRefObjectComposite@UIKeyboardClient@libui@UModSys@@UIRefObject@core@3@U?$TRefObjectFunc@UIRefObject@core@UModSys@@@tl@3@@tl@UModSys@@H@tl@UModSys@@@23@@tl@UModSys@@QEAAPEAU?$TScatterArrayNode@U?$TRefObjectComposite@UIKeyboardClient@libui@UModSys@@UIRefObject@core@3@U?$TRefObjectFunc@UIRefObject@core@UModSys@@@tl@3@@tl@UModSys@@H@12@UCmp@?$TScatterArray@U?$TRefObjectComposite@UIKeyboardClient@libui@UModSys@@UIRefObject@core@3@U?$TRefObjectFunc@UIRefObject@core@UModSys@@@tl@3@@tl@UModSys@@HU?$TScalarCompare@H@core@3@U?$TNodeDeleter0@U?$TScatterArrayNode@U?$TRefObjectComposite@UIKeyboardClient@libui@UModSys@@UIRefObject@core@3@U?$TRefObjectFunc@UIRefObject@core@UModSys@@@tl@3@@tl@UModSys@@H@tl@UModSys@@@23@@12@AEBUGen0@512@PEAPEAU312@2_N@Z 0000000180003d70 f i umodsys_lib_libui:umodsys.mod.ui.SDL_GL.obj
 0001:00002eb0       ??$genx_node@UCmp@?$TScatterArray@U?$TRefObjectCompositeExtra@UIMouseClient@libui@UModSys@@HUIRefObject@core@3@U?$TRefObjectFunc@UIRefObject@core@UModSys@@@tl@3@@tl@UModSys@@HU?$TScalarCompare@H@core@3@U?$TNodeDeleter0@U?$TScatterArrayNode@U?$TRefObjectCompositeExtra@UIMouseClient@libui@UModSys@@HUIRefObject@core@3@U?$TRefObjectFunc@UIRefObject@core@UModSys@@@tl@3@@tl@UModSys@@H@tl@UModSys@@@23@@tl@UModSys@@UGen0@234@@?$TTreeHoldRBD@U?$TScatterArrayNode@U?$TRefObjectCompositeExtra@UIMouseClient@libui@UModSys@@HUIRefObject@core@3@U?$TRefObjectFunc@UIRefObject@core@UModSys@@@tl@3@@tl@UModSys@@H@tl@UModSys@@U?$TNodeDeleter0@U?$TScatterArrayNode@U?$TRefObjectCompositeExtra@UIMouseClient@libui@UModSys@@HUIRefObject@core@3@U?$TRefObjectFunc@UIRefObject@core@UModSys@@@tl@3@@tl@UModSys@@H@tl@UModSys@@@23@@tl@UModSys@@QEAAPEAU?$TScatterArrayNode@U?$TRefObjectCompositeExtra@UIMouseClient@libui@UModSys@@HUIRefObject@core@3@U?$TRefObjectFunc@UIRefObject@core@UModSys@@@tl@3@@tl@UModSys@@H@12@UCmp@?$TScatterArray@U?$TRefObjectCompositeExtra@UIMouseClient@libui@UModSys@@HUIRefObject@core@3@U?$TRefObjectFunc@UIRefObject@core@UModSys@@@tl@3@@tl@UModSys@@HU?$TScalarCompare@H@core@3@U?$TNodeDeleter0@U?$TScatterArrayNode@U?$TRefObjectCompositeExtra@UIMouseClient@libui@UModSys@@HUIRefObject@core@3@U?$TRefObjectFunc@UIRefObject@core@UModSys@@@tl@3@@tl@UModSys@@H@tl@UModSys@@@23@@12@AEBUGen0@512@PEAPEAU312@2_N@Z 0000000180003eb0 f i umodsys_lib_libui:umodsys.mod.ui.SDL_GL.obj
 0001:00003000       ??$genx_node@UCmp@?$TScatterArray@UGlyph@RMultiImage2D_SDL_ttf@SDL_GL@ui@modules@UModSys@@HU?$TScalarCompare@H@core@6@U?$TNodeDeleter0@U?$TScatterArrayNode@UGlyph@RMultiImage2D_SDL_ttf@SDL_GL@ui@modules@UModSys@@H@tl@UModSys@@@tl@6@@tl@UModSys@@UGen0@234@@?$TTreeHoldRBD@U?$TScatterArrayNode@UGlyph@RMultiImage2D_SDL_ttf@SDL_GL@ui@modules@UModSys@@H@tl@UModSys@@U?$TNodeDeleter0@U?$TScatterArrayNode@UGlyph@RMultiImage2D_SDL_ttf@SDL_GL@ui@modules@UModSys@@H@tl@UModSys@@@23@@tl@UModSys@@QEAAPEAU?$TScatterArrayNode@UGlyph@RMultiImage2D_SDL_ttf@SDL_GL@ui@modules@UModSys@@H@12@UCmp@?$TScatterArray@UGlyph@RMultiImage2D_SDL_ttf@SDL_GL@ui@modules@UModSys@@HU?$TScalarCompare@H@core@6@U?$TNodeDeleter0@U?$TScatterArrayNode@UGlyph@RMultiImage2D_SDL_ttf@SDL_GL@ui@modules@UModSys@@H@tl@UModSys@@@tl@6@@12@AEBUGen0@512@PEAPEAU312@2_N@Z 0000000180004000 f i umodsys_lib_libui:umodsys.mod.ui.SDL_GL.obj
 0001:00003130       ??$process_nodes@U?$TNodeDeleter0@U?$TScatterArrayNode@U?$TRefObjectCompositeExtra@UIMouseClient@libui@UModSys@@HUIRefObject@core@3@U?$TRefObjectFunc@UIRefObject@core@UModSys@@@tl@3@@tl@UModSys@@H@tl@UModSys@@@tl@UModSys@@@?$TTreeHoldRB@U?$TScatterArrayNode@U?$TRefObjectCompositeExtra@UIMouseClient@libui@UModSys@@HUIRefObject@core@3@U?$TRefObjectFunc@UIRefObject@core@UModSys@@@tl@3@@tl@UModSys@@H@tl@UModSys@@@tl@UModSys@@QEAAHAEBU?$TNodeDeleter0@U?$TScatterArrayNode@U?$TRefObjectCompositeExtra@UIMouseClient@libui@UModSys@@HUIRefObject@core@3@U?$TRefObjectFunc@UIRefObject@core@UModSys@@@tl@3@@tl@UModSys@@H@tl@UModSys@@@12@@Z 0000000180004130 f i umodsys_lib_libui:umodsys.mod.ui.SDL_GL.obj
 0001:00003130       ??$process_nodes@U?$TNodeDeleter0@U?$TScatterArrayNode@U?$TRefObjectComposite@UIKeyboardClient@libui@UModSys@@UIRefObject@core@3@U?$TRefObjectFunc@UIRefObject@core@UModSys@@@tl@3@@tl@UModSys@@H@tl@UModSys@@@tl@UModSys@@@?$TTreeHoldRB@U?$TScatterArrayNode@U?$TRefObjectComposite@UIKeyboardClient@libui@UModSys@@UIRefObject@core@3@U?$TRefObjectFunc@UIRefObject@core@UModSys@@@tl@3@@tl@UModSys@@H@tl@UModSys@@@tl@UModSys@@QEAAHAEBU?$TNodeDeleter0@U?$TScatterArrayNode@U?$TRefObjectComposite@UIKeyboardClient@libui@UModSys@@UIRefObject@core@3@U?$TRefObjectFunc@UIRefObject@core@UModSys@@@tl@3@@tl@UModSys@@H@tl@UModSys@@@12@@Z 0000000180004130 f i umodsys_lib_libui:umodsys.mod.ui.SDL_GL.obj
 0001:000031b0       ??0?$TScatterArrayNode@UGlyph@RMultiImage2D_SDL_ttf@SDL_GL@ui@modules@UModSys@@H@tl@UModSys@@QEAA@AEBH@Z 00000001800041b0 f i umodsys_lib_libui:umodsys.mod.ui.SDL_GL.obj
 0001:000032a0       ??1?$TPair@HUGlyph@RMultiImage2D_SDL_ttf@SDL_GL@ui@modules@UModSys@@@tl@UModSys@@QEAA@XZ 00000001800042a0 f i umodsys_lib_libui:umodsys.mod.ui.SDL_GL.obj
 0001:000032d0       ??0STextureGL@SDL_GL@ui@modules@UModSys@@QEAA@AEBU01234@@Z 00000001800042d0 f i umodsys_lib_libui:umodsys.mod.ui.SDL_GL.obj
 0001:00003410       ??$process_nodes_r@U?$TNodeDeleter0@U?$TScatterArrayNode@U?$TRefObjectCompositeExtra@UIMouseClient@libui@UModSys@@HUIRefObject@core@3@U?$TRefObjectFunc@UIRefObject@core@UModSys@@@tl@3@@tl@UModSys@@H@tl@UModSys@@@tl@UModSys@@@?$TTreeHoldRB@U?$TScatterArrayNode@U?$TRefObjectCompositeExtra@UIMouseClient@libui@UModSys@@HUIRefObject@core@3@U?$TRefObjectFunc@UIRefObject@core@UModSys@@@tl@3@@tl@UModSys@@H@tl@UModSys@@@tl@UModSys@@KAHPEAU?$TScatterArrayNode@U?$TRefObjectCompositeExtra@UIMouseClient@libui@UModSys@@HUIRefObject@core@3@U?$TRefObjectFunc@UIRefObject@core@UModSys@@@tl@3@@tl@UModSys@@H@12@AEBU?$TNodeDeleter0@U?$TScatterArrayNode@U?$TRefObjectCompositeExtra@UIMouseClient@libui@UModSys@@HUIRefObject@core@3@U?$TRefObjectFunc@UIRefObject@core@UModSys@@@tl@3@@tl@UModSys@@H@tl@UModSys@@@12@@Z 0000000180004410 f i umodsys_lib_libui:umodsys.mod.ui.SDL_GL.obj
 0001:00003410       ??$process_nodes_r@U?$TNodeDeleter0@U?$TScatterArrayNode@U?$TRefObjectComposite@UIKeyboardClient@libui@UModSys@@UIRefObject@core@3@U?$TRefObjectFunc@UIRefObject@core@UModSys@@@tl@3@@tl@UModSys@@H@tl@UModSys@@@tl@UModSys@@@?$TTreeHoldRB@U?$TScatterArrayNode@U?$TRefObjectComposite@UIKeyboardClient@libui@UModSys@@UIRefObject@core@3@U?$TRefObjectFunc@UIRefObject@core@UModSys@@@tl@3@@tl@UModSys@@H@tl@UModSys@@@tl@UModSys@@KAHPEAU?$TScatterArrayNode@U?$TRefObjectComposite@UIKeyboardClient@libui@UModSys@@UIRefObject@core@3@U?$TRefObjectFunc@UIRefObject@core@UModSys@@@tl@3@@tl@UModSys@@H@12@AEBU?$TNodeDeleter0@U?$TScatterArrayNode@U?$TRefObjectComposite@UIKeyboardClient@libui@UModSys@@UIRefObject@core@3@U?$TRefObjectFunc@UIRefObject@core@UModSys@@@tl@3@@tl@UModSys@@H@tl@UModSys@@@12@@Z 0000000180004410 f i umodsys_lib_libui:umodsys.mod.ui.SDL_GL.obj
 0001:00003480       ??$process_nodes_r@U?$TNodeDeleter0@U?$TScatterArrayNode@UGlyph@RMultiImage2D_SDL_ttf@SDL_GL@ui@modules@UModSys@@H@tl@UModSys@@@tl@UModSys@@@?$TTreeHoldRB@U?$TScatterArrayNode@UGlyph@RMultiImage2D_SDL_ttf@SDL_GL@ui@modules@UModSys@@H@tl@UModSys@@@tl@UModSys@@KAHPEAU?$TScatterArrayNode@UGlyph@RMultiImage2D_SDL_ttf@SDL_GL@ui@modules@UModSys@@H@12@AEBU?$TNodeDeleter0@U?$TScatterArrayNode@UGlyph@RMultiImage2D_SDL_ttf@SDL_GL@ui@modules@UModSys@@H@tl@UModSys@@@12@@Z 0000000180004480 f i umodsys_lib_libui:umodsys.mod.ui.SDL_GL.obj
 0001:00003510       ?root_get_interface_info@RKeyboardController@SDL_core@ui@modules@UModSys@@UEBAAEBUSUniquePointerInfo@core@5@XZ 0000000180004510 f i umodsys_lib_libui:umodsys.mod.ui.SDL_core.obj
 0001:00003520       ?root_get_interface_type@RKeyboardController@SDL_core@ui@modules@UModSys@@UEBAPEBUSUniquePointerInfo@core@5@XZ 0000000180004520 f i umodsys_lib_libui:umodsys.mod.ui.SDL_core.obj
 0001:00003530       ?root_get_other_interface@RKeyboardController@SDL_core@ui@modules@UModSys@@UEBAPEBUIRoot@core@5@PEBUSUniquePointerInfo@75@@Z 0000000180004530 f i umodsys_lib_libui:umodsys.mod.ui.SDL_core.obj
 0001:00003530       ?root_get_other_interface@RKeyboardController@SDL_core@ui@modules@UModSys@@UEAAPEAUIRoot@core@5@PEBUSUniquePointerInfo@75@@Z 0000000180004530 f i umodsys_lib_libui:umodsys.mod.ui.SDL_core.obj
 0001:00003560       ?root_is_interface_supported@RKeyboardController@SDL_core@ui@modules@UModSys@@UEBA_NPEBUSUniquePointerInfo@core@5@@Z 0000000180004560 f i umodsys_lib_libui:umodsys.mod.ui.SDL_core.obj
 0001:00003590       ?root_get_interface_info@RMouseController@SDL_core@ui@modules@UModSys@@UEBAAEBUSUniquePointerInfo@core@5@XZ 0000000180004590 f i umodsys_lib_libui:umodsys.mod.ui.SDL_core.obj
 0001:000035a0       ?root_get_interface_type@RMouseController@SDL_core@ui@modules@UModSys@@UEBAPEBUSUniquePointerInfo@core@5@XZ 00000001800045a0 f i umodsys_lib_libui:umodsys.mod.ui.SDL_core.obj
 0001:000035b0       ?root_get_interface_types@RGenerator@zlib@media@modules@UModSys@@UEBA_KAEAUSUniquePtrList@core@5@@Z 00000001800045b0 f i umodsys_lib_libmedia:umodsys.mod.media.zlib.obj
 0001:000035b0       ?root_get_interface_types@RGenerator@stdlib@lib2d@modules@UModSys@@UEBA_KAEAUSUniquePtrList@core@5@@Z 00000001800045b0 f i umodsys_lib_lib2d:umodsys.mod.2d.stdlib.obj
 0001:000035b0       ?root_get_interface_types@RRenderDriver3D@SDL_GL@ui@modules@UModSys@@UEBA_KAEAUSUniquePtrList@core@5@@Z 00000001800045b0 f i umodsys_lib_libui:umodsys.mod.ui.SDL_GL.obj
 0001:000035b0       ?root_get_interface_types@RKeyboardController@SDL_core@ui@modules@UModSys@@UEBA_KAEAUSUniquePtrList@core@5@@Z 00000001800045b0 f i umodsys_lib_libui:umodsys.mod.ui.SDL_core.obj
 0001:000035b0       ?root_get_interface_types@RTerminal@SDL_GL@ui@modules@UModSys@@UEBA_KAEAUSUniquePtrList@core@5@@Z 00000001800045b0 f i umodsys_lib_libui:umodsys.mod.ui.SDL_GL.obj
 0001:000035b0       ?root_get_interface_types@RSerializeReader@serialize_json@media@modules@UModSys@@UEBA_KAEAUSUniquePtrList@core@5@@Z 00000001800045b0 f i umodsys_lib_libmedia:umodsys.mod.media.serialize_json.obj
 0001:000035b0       ?root_get_interface_types@RGenerator@test1@test@modules@UModSys@@UEBA_KAEAUSUniquePtrList@core@5@@Z 00000001800045b0 f i plugin_test1.obj
 0001:000035b0       ?root_get_interface_types@RImage_Memory@stdlib@lib2d@modules@UModSys@@UEBA_KAEAUSUniquePtrList@core@5@@Z 00000001800045b0 f i umodsys_lib_lib2d:umodsys.mod.2d.stdlib.obj
 0001:000035b0       ?root_get_interface_types@RMultiImage2D_SDL_ttf@SDL_core@ui@modules@UModSys@@UEBA_KAEAUSUniquePtrList@core@5@@Z 00000001800045b0 f i umodsys_lib_libui:umodsys.mod.ui.SDL_core.obj
 0001:000035b0       ?root_get_interface_types@RFrame_List@frames@ui@modules@UModSys@@UEBA_KAEAUSUniquePtrList@core@5@@Z 00000001800045b0 f i umodsys_lib_libui:umodsys.mod.ui.frames.obj
 0001:000035b0       ?root_get_interface_types@RFrame_Text@frames@ui@modules@UModSys@@UEBA_KAEAUSUniquePtrList@core@5@@Z 00000001800045b0 f i umodsys_lib_libui:umodsys.mod.ui.frames.obj
 0001:000035b0       ?root_get_interface_types@RFrame_Button@frames@ui@modules@UModSys@@UEBA_KAEAUSUniquePtrList@core@5@@Z 00000001800045b0 f i umodsys_lib_libui:umodsys.mod.ui.frames.obj
 0001:000035b0       ?root_get_interface_types@RSerializeWriter@serialize_json@media@modules@UModSys@@UEBA_KAEAUSUniquePtrList@core@5@@Z 00000001800045b0 f i umodsys_lib_libmedia:umodsys.mod.media.serialize_json.obj
 0001:000035b0       ?root_get_interface_types@RImageFactory_Memory@stdlib@lib2d@modules@UModSys@@UEBA_KAEAUSUniquePtrList@core@5@@Z 00000001800045b0 f i umodsys_lib_lib2d:umodsys.mod.2d.stdlib.obj
 0001:000035b0       ?root_get_interface_types@RVertexArray@SDL_GL@ui@modules@UModSys@@UEBA_KAEAUSUniquePtrList@core@5@@Z 00000001800045b0 f i umodsys_lib_libui:umodsys.mod.ui.SDL_GL.obj
 0001:000035b0       ?root_get_interface_types@RGenerator@SDL_GL@ui@modules@UModSys@@UEBA_KAEAUSUniquePtrList@core@5@@Z 00000001800045b0 f i umodsys_lib_libui:umodsys.mod.ui.SDL_GL.obj
 0001:000035b0       ?root_get_interface_types@RFrame_Frame@frames@ui@modules@UModSys@@UEBA_KAEAUSUniquePtrList@core@5@@Z 00000001800045b0 f i umodsys_lib_libui:umodsys.mod.ui.frames.obj
 0001:000035b0       ?root_get_interface_types@RMultiImage@stdlib@lib2d@modules@UModSys@@UEBA_KAEAUSUniquePtrList@core@5@@Z 00000001800045b0 f i umodsys_lib_lib2d:umodsys.mod.2d.stdlib.obj
 0001:000035b0       ?root_get_interface_types@RBinArchiveFrameClient_ZIP@zlib@media@modules@UModSys@@UEBA_KAEAUSUniquePtrList@core@5@@Z 00000001800045b0 f i umodsys_lib_libmedia:umodsys.mod.media.zlib.obj
 0001:000035b0       ?root_get_interface_types@RGenerator@SDL_core@ui@modules@UModSys@@UEBA_KAEAUSUniquePtrList@core@5@@Z 00000001800045b0 f i umodsys_lib_libui:umodsys.mod.ui.SDL_core.obj
 0001:000035b0       ?root_get_interface_types@RTest1_Shell@test1@test@modules@UModSys@@UEBA_KAEAUSUniquePtrList@core@5@@Z 00000001800045b0 f i plugin_test1.obj
 0001:000035b0       ?root_get_interface_types@RKeyboardController@SDL_GL@ui@modules@UModSys@@UEBA_KAEAUSUniquePtrList@core@5@@Z 00000001800045b0 f i umodsys_lib_libui:umodsys.mod.ui.SDL_GL.obj
 0001:000035b0       ?root_get_interface_types@RDialog@frames@ui@modules@UModSys@@UEBA_KAEAUSUniquePtrList@core@5@@Z 00000001800045b0 f i umodsys_lib_libui:umodsys.mod.ui.frames.obj
 0001:000035b0       ?root_get_interface_types@RTerminalX@SDL_core@ui@modules@UModSys@@UEBA_KAEAUSUniquePtrList@core@5@@Z 00000001800045b0 f i umodsys_lib_libui:umodsys.mod.ui.SDL_core.obj
 0001:000035b0       ?root_get_interface_types@RGenerator@images_std@media@modules@UModSys@@UEBA_KAEAUSUniquePtrList@core@5@@Z 00000001800045b0 f i umodsys_lib_libmedia:umodsys.mod.media.images_std.obj
 0001:000035b0       ?root_get_interface_types@RFrame_Image@frames@ui@modules@UModSys@@UEBA_KAEAUSUniquePtrList@core@5@@Z 00000001800045b0 f i umodsys_lib_libui:umodsys.mod.ui.frames.obj
 0001:000035b0       ?root_get_interface_types@RGenerator@serialize_json@media@modules@UModSys@@UEBA_KAEAUSUniquePtrList@core@5@@Z 00000001800045b0 f i umodsys_lib_libmedia:umodsys.mod.media.serialize_json.obj
 0001:000035b0       ?root_get_interface_types@RTerminal@SDL_core@ui@modules@UModSys@@UEBA_KAEAUSUniquePtrList@core@5@@Z 00000001800045b0 f i umodsys_lib_libui:umodsys.mod.ui.SDL_core.obj
 0001:000035b0       ?root_get_interface_types@RRenderDriver2D@SDL_core@ui@modules@UModSys@@UEBA_KAEAUSUniquePtrList@core@5@@Z 00000001800045b0 f i umodsys_lib_libui:umodsys.mod.ui.SDL_core.obj
 0001:000035b0       ?root_get_interface_types@RGenerator@frames@ui@modules@UModSys@@UEBA_KAEAUSUniquePtrList@core@5@@Z 00000001800045b0 f i umodsys_lib_libui:umodsys.mod.ui.frames.obj
 0001:000035b0       ?root_get_interface_types@RFrame_Edit@frames@ui@modules@UModSys@@UEBA_KAEAUSUniquePtrList@core@5@@Z 00000001800045b0 f i umodsys_lib_libui:umodsys.mod.ui.frames.obj
 0001:000035b0       ?root_get_interface_types@RMouseController@SDL_GL@ui@modules@UModSys@@UEBA_KAEAUSUniquePtrList@core@5@@Z 00000001800045b0 f i umodsys_lib_libui:umodsys.mod.ui.SDL_GL.obj
 0001:000035b0       ?root_get_interface_types@RCollector@frames@ui@modules@UModSys@@UEBA_KAEAUSUniquePtrList@core@5@@Z 00000001800045b0 f i umodsys_lib_libui:umodsys.mod.ui.frames.obj
 0001:000035b0       ?root_get_interface_types@RMouseController@SDL_core@ui@modules@UModSys@@UEBA_KAEAUSUniquePtrList@core@5@@Z 00000001800045b0 f i umodsys_lib_libui:umodsys.mod.ui.SDL_core.obj
 0001:000035b0       ?root_get_interface_types@RTerminalX@SDL_GL@ui@modules@UModSys@@UEBA_KAEAUSUniquePtrList@core@5@@Z 00000001800045b0 f i umodsys_lib_libui:umodsys.mod.ui.SDL_GL.obj
 0001:000035b0       ?root_get_interface_types@RMultiImage2D_SDL_ttf@SDL_GL@ui@modules@UModSys@@UEBA_KAEAUSUniquePtrList@core@5@@Z 00000001800045b0 f i umodsys_lib_libui:umodsys.mod.ui.SDL_GL.obj
 0001:000035b0       ?root_get_interface_types@RMediaFilter@images_std@media@modules@UModSys@@UEBA_KAEAUSUniquePtrList@core@5@@Z 00000001800045b0 f i umodsys_lib_libmedia:umodsys.mod.media.images_std.obj
 0001:000035c0       ?root_get_other_interface@RMouseController@SDL_core@ui@modules@UModSys@@UEAAPEAUIRoot@core@5@PEBUSUniquePointerInfo@75@@Z 00000001800045c0 f i umodsys_lib_libui:umodsys.mod.ui.SDL_core.obj
 0001:000035c0       ?root_get_other_interface@RMouseController@SDL_core@ui@modules@UModSys@@UEBAPEBUIRoot@core@5@PEBUSUniquePointerInfo@75@@Z 00000001800045c0 f i umodsys_lib_libui:umodsys.mod.ui.SDL_core.obj
 0001:000035f0       ?root_is_interface_supported@RMouseController@SDL_core@ui@modules@UModSys@@UEBA_NPEBUSUniquePointerInfo@core@5@@Z 00000001800045f0 f i umodsys_lib_libui:umodsys.mod.ui.SDL_core.obj
 0001:00003620       ?ref_links@RMouseController@SDL_core@ui@modules@UModSys@@UEBAHXZ 0000000180004620 f i umodsys_lib_libui:umodsys.mod.ui.SDL_core.obj
 0001:00003620       ?ref_links@RKeyboardController@SDL_GL@ui@modules@UModSys@@UEBAHXZ 0000000180004620 f i umodsys_lib_libui:umodsys.mod.ui.SDL_GL.obj
 0001:00003620       ?ref_links@RKeyboardController@SDL_core@ui@modules@UModSys@@UEBAHXZ 0000000180004620 f i umodsys_lib_libui:umodsys.mod.ui.SDL_core.obj
 0001:00003620       ?ref_links@RRenderDriver3D@SDL_GL@ui@modules@UModSys@@UEBAHXZ 0000000180004620 f i umodsys_lib_libui:umodsys.mod.ui.SDL_GL.obj
 0001:00003620       ?ref_links@RRenderDriver2D@SDL_core@ui@modules@UModSys@@UEBAHXZ 0000000180004620 f i umodsys_lib_libui:umodsys.mod.ui.SDL_core.obj
 0001:00003620       ?ref_links@RMouseController@SDL_GL@ui@modules@UModSys@@UEBAHXZ 0000000180004620 f i umodsys_lib_libui:umodsys.mod.ui.SDL_GL.obj
 0001:00003630       ?suicide@RMouseController@SDL_core@ui@modules@UModSys@@UEAAXXZ 0000000180004630 f i umodsys_lib_libui:umodsys.mod.ui.SDL_core.obj
 0001:00003630       ?suicide@RKeyboardController@SDL_GL@ui@modules@UModSys@@UEAAXXZ 0000000180004630 f i umodsys_lib_libui:umodsys.mod.ui.SDL_GL.obj
 0001:00003630       ?suicide@RMouseController@SDL_GL@ui@modules@UModSys@@UEAAXXZ 0000000180004630 f i umodsys_lib_libui:umodsys.mod.ui.SDL_GL.obj
 0001:00003630       ?suicide@RRenderDriver2D@SDL_core@ui@modules@UModSys@@UEAAXXZ 0000000180004630 f i umodsys_lib_libui:umodsys.mod.ui.SDL_core.obj
 0001:00003630       ?suicide@RKeyboardController@SDL_core@ui@modules@UModSys@@UEAAXXZ 0000000180004630 f i umodsys_lib_libui:umodsys.mod.ui.SDL_core.obj
 0001:00003630       ?suicide@RRenderDriver3D@SDL_GL@ui@modules@UModSys@@UEAAXXZ 0000000180004630 f i umodsys_lib_libui:umodsys.mod.ui.SDL_GL.obj
 0001:00003650       ?root_get_interface_info@RTerminal@SDL_core@ui@modules@UModSys@@UEBAAEBUSUniquePointerInfo@core@5@XZ 0000000180004650 f i umodsys_lib_libui:umodsys.mod.ui.SDL_core.obj
 0001:00003660       ?root_get_interface_type@RTerminal@SDL_core@ui@modules@UModSys@@UEBAPEBUSUniquePointerInfo@core@5@XZ 0000000180004660 f i umodsys_lib_libui:umodsys.mod.ui.SDL_core.obj
 0001:00003670       ?root_get_other_interface@RTerminal@SDL_core@ui@modules@UModSys@@UEAAPEAUIRoot@core@5@PEBUSUniquePointerInfo@75@@Z 0000000180004670 f i umodsys_lib_libui:umodsys.mod.ui.SDL_core.obj
 0001:00003670       ?root_get_other_interface@RTerminal@SDL_core@ui@modules@UModSys@@UEBAPEBUIRoot@core@5@PEBUSUniquePointerInfo@75@@Z 0000000180004670 f i umodsys_lib_libui:umodsys.mod.ui.SDL_core.obj
 0001:000036a0       ?root_is_interface_supported@RTerminal@SDL_core@ui@modules@UModSys@@UEBA_NPEBUSUniquePointerInfo@core@5@@Z 00000001800046a0 f i umodsys_lib_libui:umodsys.mod.ui.SDL_core.obj
 0001:000036d0       ?root_get_interface_info@RMultiImage2D_SDL_ttf@SDL_core@ui@modules@UModSys@@UEBAAEBUSUniquePointerInfo@core@5@XZ 00000001800046d0 f i umodsys_lib_libui:umodsys.mod.ui.SDL_core.obj
 0001:000036e0       ?root_get_interface_type@RMultiImage2D_SDL_ttf@SDL_core@ui@modules@UModSys@@UEBAPEBUSUniquePointerInfo@core@5@XZ 00000001800046e0 f i umodsys_lib_libui:umodsys.mod.ui.SDL_core.obj
 0001:000036f0       ?root_get_other_interface@RMultiImage2D_SDL_ttf@SDL_core@ui@modules@UModSys@@UEBAPEBUIRoot@core@5@PEBUSUniquePointerInfo@75@@Z 00000001800046f0 f i umodsys_lib_libui:umodsys.mod.ui.SDL_core.obj
 0001:000036f0       ?root_get_other_interface@RMultiImage2D_SDL_ttf@SDL_core@ui@modules@UModSys@@UEAAPEAUIRoot@core@5@PEBUSUniquePointerInfo@75@@Z 00000001800046f0 f i umodsys_lib_libui:umodsys.mod.ui.SDL_core.obj
 0001:00003720       ?root_is_interface_supported@RMultiImage2D_SDL_ttf@SDL_core@ui@modules@UModSys@@UEBA_NPEBUSUniquePointerInfo@core@5@@Z 0000000180004720 f i umodsys_lib_libui:umodsys.mod.ui.SDL_core.obj
 0001:00003750       ?get_fixed_cell_size@RMultiImage2D_SDL_ttf@SDL_core@ui@modules@UModSys@@UEBA?AU?$TVector2@H@math3d@5@XZ 0000000180004750 f i umodsys_lib_libui:umodsys.mod.ui.SDL_core.obj
 0001:00003750       ?get_fixed_cell_size@RMultiImage2D_SDL_ttf@SDL_GL@ui@modules@UModSys@@UEBA?AU?$TVector2@H@math3d@5@XZ 0000000180004750 f i umodsys_lib_libui:umodsys.mod.ui.SDL_GL.obj
 0001:00003750       ?get_max_layer_size@RMultiImage2D_SDL_ttf@SDL_GL@ui@modules@UModSys@@UEBA?AU?$TVector2@H@math3d@5@XZ 0000000180004750 f i umodsys_lib_libui:umodsys.mod.ui.SDL_GL.obj
 0001:00003750       ?get_max_cell_size@RMultiImage2D_SDL_ttf@SDL_core@ui@modules@UModSys@@UEBA?AU?$TVector2@H@math3d@5@XZ 0000000180004750 f i umodsys_lib_libui:umodsys.mod.ui.SDL_core.obj
 0001:00003750       ?get_max_cell_size@RMultiImage2D_SDL_ttf@SDL_GL@ui@modules@UModSys@@UEBA?AU?$TVector2@H@math3d@5@XZ 0000000180004750 f i umodsys_lib_libui:umodsys.mod.ui.SDL_GL.obj
 0001:00003750       ?get_max_layer_size@RMultiImage2D_SDL_ttf@SDL_core@ui@modules@UModSys@@UEBA?AU?$TVector2@H@math3d@5@XZ 0000000180004750 f i umodsys_lib_libui:umodsys.mod.ui.SDL_core.obj
 0001:00003760       ?mouse_event@RFrame_Common@frames@ui@modules@UModSys@@MEAA_NPEBUSMouseInput@libui@5@@Z 0000000180004760 f i umodsys_lib_libui:umodsys.mod.ui.frames.obj
 0001:00003760       ?get_cell@RMultiImage2D_SDL_ttf@SDL_core@ui@modules@UModSys@@UEBA_NIAEAU?$TVector2@H@math3d@5@PEAU675@PEAG@Z 0000000180004760 f i umodsys_lib_libui:umodsys.mod.ui.SDL_core.obj
 0001:00003760       ?setup_variable_cell@RMultiImage2D_SDL_ttf@SDL_core@ui@modules@UModSys@@UEAA_NPEBUSImageCellInfo@lib2d@5@KK@Z 0000000180004760 f i umodsys_lib_libui:umodsys.mod.ui.SDL_core.obj
 0001:00003760       ?set_hint@RMultiImage2D_SDL_ttf@SDL_core@ui@modules@UModSys@@UEAA_NPEBD0@Z 0000000180004760 f i umodsys_lib_libui:umodsys.mod.ui.SDL_core.obj
 0001:00003760       ?get_cell@RMultiImage2D_SDL_ttf@SDL_core@ui@modules@UModSys@@UEBA_NIAEAUSImageCellInfo@lib2d@5@@Z 0000000180004760 f i umodsys_lib_libui:umodsys.mod.ui.SDL_core.obj
 0001:00003760       ?get_cell@RMultiImage2D_SDL_ttf@SDL_GL@ui@modules@UModSys@@UEBA_NIAEAU?$TVector2@H@math3d@5@PEAU675@PEAG@Z 0000000180004760 f i umodsys_lib_libui:umodsys.mod.ui.SDL_GL.obj
 0001:00003760       ?key_event@RFrame_Common@frames@ui@modules@UModSys@@MEAA_NAEBUSKeyboardInputRaw@libui@5@@Z 0000000180004760 f i umodsys_lib_libui:umodsys.mod.ui.frames.obj
 0001:00003760       ?get_cell@RMultiImage2D_SDL_ttf@SDL_GL@ui@modules@UModSys@@UEBA_NIAEAUSImageCellInfo@lib2d@5@@Z 0000000180004760 f i umodsys_lib_libui:umodsys.mod.ui.SDL_GL.obj
 0001:00003760       ?setup_fixed_cell@RMultiImage2D_SDL_ttf@SDL_core@ui@modules@UModSys@@UEAA_NHH@Z 0000000180004760 f i umodsys_lib_libui:umodsys.mod.ui.SDL_core.obj
 0001:00003760       ?set_hint@RMultiImage2D_SDL_ttf@SDL_GL@ui@modules@UModSys@@UEAA_NPEBD0@Z 0000000180004760 f i umodsys_lib_libui:umodsys.mod.ui.SDL_GL.obj
 0001:00003760       ?setup_fixed_cell@RMultiImage2D_SDL_ttf@SDL_GL@ui@modules@UModSys@@UEAA_NHH@Z 0000000180004760 f i umodsys_lib_libui:umodsys.mod.ui.SDL_GL.obj
 0001:00003760       ?key_event@RFrame_Common@frames@ui@modules@UModSys@@MEAA_NAEBUSKeyboardInputText@libui@5@@Z 0000000180004760 f i umodsys_lib_libui:umodsys.mod.ui.frames.obj
 0001:00003760       ?set_insize@RFrame_Common@frames@ui@modules@UModSys@@UEAA_NAEBU?$TVector2@H@math3d@5@@Z 0000000180004760 f i umodsys_lib_libui:umodsys.mod.ui.frames.obj
[...]
 0001:00049a90       ??__F?s_id@?$TObjectUniqueID@UIFrame@libui@UModSys@@@tl@UModSys@@2USUniquePointer@core@3@A@@YAXXZ 000000018004aa90 f    CIL library: CIL module
 0001:00049aa0       ??__F?s_id@?$TObjectUniqueID@UIAsyncCollector@libui@UModSys@@@tl@UModSys@@2USUniquePointer@core@3@A@@YAXXZ 000000018004aaa0 f    CIL library: CIL module
 0001:00049ab0       ??__F?s_id@?$TObjectUniqueID@UIAsyncController@libui@UModSys@@@tl@UModSys@@2USUniquePointer@core@3@A@@YAXXZ 000000018004aab0 f    CIL library: CIL module
 0001:00049ac0       ??__F?s_id@?$TObjectUniqueID@UICollector@libui@UModSys@@@tl@UModSys@@2USUniquePointer@core@3@A@@YAXXZ 000000018004aac0 f    CIL library: CIL module
 0001:00049ad0       ??__F?s_id@?$TObjectUniqueID@UIConsoleHelperInput_UIKey@libui@UModSys@@@tl@UModSys@@2USUniquePointer@core@3@A@@YAXXZ 000000018004aad0 f    CIL library: CIL module
 0001:00049ae0       ??__F?s_id@?$TObjectUniqueID@UITerminal@libui@UModSys@@@tl@UModSys@@2USUniquePointer@core@3@A@@YAXXZ 000000018004aae0 f    CIL library: CIL module
 0001:00049af0       ??__F?s_id@?$TObjectUniqueID@UIJoystickController@libui@UModSys@@@tl@UModSys@@2USUniquePointer@core@3@A@@YAXXZ 000000018004aaf0 f    CIL library: CIL module
 0001:00049b00       ??__F?s_id@?$TObjectUniqueID@UIMouseController@libui@UModSys@@@tl@UModSys@@2USUniquePointer@core@3@A@@YAXXZ 000000018004ab00 f    CIL library: CIL module
 0001:00049b10       ??__F?s_id@?$TObjectUniqueID@UIKeyboardController@libui@UModSys@@@tl@UModSys@@2USUniquePointer@core@3@A@@YAXXZ 000000018004ab10 f    CIL library: CIL module
 0001:00049b20       ??__F?s_id@?$TObjectUniqueID@UIConsoleHelperOutputFCS@base@UModSys@@@tl@UModSys@@2USUniquePointer@core@3@A@@YAXXZ 000000018004ab20 f    CIL library: CIL module
 0001:00049b30       ??__F?s_id@?$TObjectUniqueID@UIConsoleHelperOutput@base@UModSys@@@tl@UModSys@@2USUniquePointer@core@3@A@@YAXXZ 000000018004ab30 f    CIL library: CIL module
 0001:00049b40       ??__F?s_id@?$TObjectUniqueID@UIConsoleHelperInput@base@UModSys@@@tl@UModSys@@2USUniquePointer@core@3@A@@YAXXZ 000000018004ab40 f    CIL library: CIL module
 0001:00049b50       ??__F?s_id@?$TObjectUniqueID@UIConsoleHelperHistory@base@UModSys@@@tl@UModSys@@2USUniquePointer@core@3@A@@YAXXZ 000000018004ab50 f    CIL library: CIL module
 0001:00049b60       ??__F?s_id@?$TObjectUniqueID@UIConsoleHelper@base@UModSys@@@tl@UModSys@@2USUniquePointer@core@3@A@@YAXXZ 000000018004ab60 f    CIL library: CIL module
 0001:00049b70       ??__F?s_id@?$TObjectUniqueID@UIConsoleExt@base@UModSys@@@tl@UModSys@@2USUniquePointer@core@3@A@@YAXXZ 000000018004ab70 f    CIL library: CIL module
 0001:00049b80       ??__F?s_id@?$TObjectUniqueID@UISerializeWriter@libmedia@UModSys@@@tl@UModSys@@2USUniquePointer@core@3@A@@YAXXZ 000000018004ab80 f    CIL library: CIL module
 0001:00049b90       ??__F?s_id@?$TObjectUniqueID@UISerializeReader@libmedia@UModSys@@@tl@UModSys@@2USUniquePointer@core@3@A@@YAXXZ 000000018004ab90 f    CIL library: CIL module
 0001:00049ba0       ??__F?s_id@?$TObjectUniqueID@UIClient@IBinArchiveFrame@libmedia@UModSys@@@tl@UModSys@@2USUniquePointer@core@3@A@@YAXXZ 000000018004aba0 f    CIL library: CIL module
 0001:00049bb0       ??__F?s_id@?$TObjectUniqueID@UIBinArchiveFrame@libmedia@UModSys@@@tl@UModSys@@2USUniquePointer@core@3@A@@YAXXZ 000000018004abb0 f    CIL library: CIL module
 0001:00049bc0       ??__F?s_id@?$TObjectUniqueID@UILibraryLayered@libmedia@UModSys@@@tl@UModSys@@2USUniquePointer@core@3@A@@YAXXZ 000000018004abc0 f    CIL library: CIL module
 0001:00049bd0       ??__F?s_id@?$TObjectUniqueID@UILibraryObjCache@libmedia@UModSys@@@tl@UModSys@@2USUniquePointer@core@3@A@@YAXXZ 000000018004abd0 f    CIL library: CIL module
 0001:00049be0       ??__F?s_id@?$TObjectUniqueID@UILibraryObjFilter@libmedia@UModSys@@@tl@UModSys@@2USUniquePointer@core@3@A@@YAXXZ 000000018004abe0 f    CIL library: CIL module
 0001:00049bf0       ??__F?s_id@?$TObjectUniqueID@UILibraryBinCache@libmedia@UModSys@@@tl@UModSys@@2USUniquePointer@core@3@A@@YAXXZ 000000018004abf0 f    CIL library: CIL module
 0001:00049c00       ??__F?s_id@?$TObjectUniqueID@UILibraryBinTree@libmedia@UModSys@@@tl@UModSys@@2USUniquePointer@core@3@A@@YAXXZ 000000018004ac00 f    CIL library: CIL module
 0001:00049c10       ??__F?s_id@?$TObjectUniqueID@UILibrary@libmedia@UModSys@@@tl@UModSys@@2USUniquePointer@core@3@A@@YAXXZ 000000018004ac10 f    CIL library: CIL module
 0001:00049c20       ??__F?s_id@?$TObjectUniqueID@UIBinObjFilter@libmedia@UModSys@@@tl@UModSys@@2USUniquePointer@core@3@A@@YAXXZ 000000018004ac20 f    CIL library: CIL module
 0001:00049c30       ??__F?s_id@?$TObjectUniqueID@UIBinArchive@libmedia@UModSys@@@tl@UModSys@@2USUniquePointer@core@3@A@@YAXXZ 000000018004ac30 f    CIL library: CIL module
 0001:00049c40       ??__F?s_id@?$TObjectUniqueID@UILibObject@libmedia@UModSys@@@tl@UModSys@@2USUniquePointer@core@3@A@@YAXXZ 000000018004ac40 f    CIL library: CIL module
 0001:00049c50       ??__F?s_id@?$TObjectUniqueID@UIUtilities@libmedia@UModSys@@@tl@UModSys@@2USUniquePointer@core@3@A@@YAXXZ 000000018004ac50 f    CIL library: CIL module
 0001:00049c60       ??__F?s_id@?$TObjectUniqueID@UIStreamWriter@libmedia@UModSys@@@tl@UModSys@@2USUniquePointer@core@3@A@@YAXXZ 000000018004ac60 f    CIL library: CIL module
 0001:00049c70       ??__F?s_id@?$TObjectUniqueID@UIStreamReader@libmedia@UModSys@@@tl@UModSys@@2USUniquePointer@core@3@A@@YAXXZ 000000018004ac70 f    CIL library: CIL module
 0001:00049c80       ??__F?s_id@?$TObjectUniqueID@UISystem@base@UModSys@@@tl@UModSys@@2USUniquePointer@core@3@A@@YAXXZ 000000018004ac80 f    CIL library: CIL module
 0001:00049c90       ??__F?s_id@?$TObjectUniqueID@UIShell@base@UModSys@@@tl@UModSys@@2USUniquePointer@core@3@A@@YAXXZ 000000018004ac90 f    CIL library: CIL module
 0001:00049ca0       ??__F?s_id@?$TObjectUniqueID@UIGenerator@base@UModSys@@@tl@UModSys@@2USUniquePointer@core@3@A@@YAXXZ 000000018004aca0 f    CIL library: CIL module
 0001:00049cb0       ??__F?s_id@?$TObjectUniqueID@UIModObject@base@UModSys@@@tl@UModSys@@2USUniquePointer@core@3@A@@YAXXZ 000000018004acb0 f    CIL library: CIL module
 0001:00049cc0       ??__F?s_id@?$TObjectUniqueID@UIModuleLibrary@base@UModSys@@@tl@UModSys@@2USUniquePointer@core@3@A@@YAXXZ 000000018004acc0 f    CIL library: CIL module
 0001:00049cd0       ??__F?s_id@?$TObjectUniqueID@UIModule@base@UModSys@@@tl@UModSys@@2USUniquePointer@core@3@A@@YAXXZ 000000018004acd0 f    CIL library: CIL module
 0001:00049ce0       ??__F?s_id@?$TObjectUniqueID@UIConsole@base@UModSys@@@tl@UModSys@@2USUniquePointer@core@3@A@@YAXXZ 000000018004ace0 f    CIL library: CIL module
 0001:00049cf0       ??__F?s_id@?$TObjectUniqueID@UIParameters@core@UModSys@@@tl@UModSys@@2USUniquePointer@core@3@A@@YAXXZ 000000018004acf0 f    CIL library: CIL module
 0001:00049d00       ??__F?s_id@?$TObjectUniqueID@UIRefObject@core@UModSys@@@tl@UModSys@@2USUniquePointer@core@3@A@@YAXXZ 000000018004ad00 f    CIL library: CIL module
 0001:00049d10       ??__F?s_id@?$TObjectUniqueID@UIRoot@core@UModSys@@@tl@UModSys@@2USUniquePointer@core@3@A@@YAXXZ 000000018004ad10 f    CIL library: CIL module
 0001:00049d20       ??__Fs_dbg@stdlib@lib2d@modules@UModSys@@YAXXZ 000000018004ad20 f    CIL library: CIL module
 0001:00049d30       ??__F?s_modreg@RModuleReg@stdlib@lib2d@modules@UModSys@@2U12345@A@@YAXXZ 000000018004ad30 f    CIL library: CIL module
 0001:00049d50       ??__F?s_modreg_chain@RModuleReg@stdlib@lib2d@modules@UModSys@@2USModuleRegChain@base@5@A@@YAXXZ 000000018004ad50 f    CIL library: CIL module
 0001:00049d60       ??__F?s_uid@RGenerator@stdlib@lib2d@modules@UModSys@@2USUniquePointer@core@5@A@@YAXXZ 000000018004ad60 f    CIL library: CIL module
 0001:00049d70       ??__Fh@?1??s_holder@RGenerator@stdlib@lib2d@modules@UModSys@@SAAEAU?$TTypeStaticHolder@URGenerator@stdlib@lib2d@modules@UModSys@@@tl@5@XZ@YAXXZ 000000018004ad70 f    CIL library: CIL module
 0001:00049da0       ??__F?s_id@?$TObjectUniqueID@URGenerator@stdlib@lib2d@modules@UModSys@@@tl@UModSys@@2USUniquePointer@core@3@A@@YAXXZ 000000018004ada0 f    CIL library: CIL module
 0001:00049db0       ??__F?s_id@?$TObjectUniqueID@URMultiImage@stdlib@lib2d@modules@UModSys@@@tl@UModSys@@2USUniquePointer@core@3@A@@YAXXZ 000000018004adb0 f    CIL library: CIL module
 0001:00049dc0       ??__F?s_id@?$TObjectUniqueID@URImageFactory_Memory@stdlib@lib2d@modules@UModSys@@@tl@UModSys@@2USUniquePointer@core@3@A@@YAXXZ 000000018004adc0 f    CIL library: CIL module
 0001:00049dd0       ??__F?s_id@?$TObjectUniqueID@URImage_Memory@stdlib@lib2d@modules@UModSys@@@tl@UModSys@@2USUniquePointer@core@3@A@@YAXXZ 000000018004add0 f    CIL library: CIL module
 0001:00049de0       ??__Fs_dbg@SDL_GL@ui@modules@UModSys@@YAXXZ 000000018004ade0 f    CIL library: CIL module
 0001:00049df0       ??__F?s_modreg@RModuleReg@SDL_GL@ui@modules@UModSys@@2U12345@A@@YAXXZ 000000018004adf0 f    CIL library: CIL module
 0001:00049e10       ??__F?s_modreg_chain@RModuleReg@SDL_GL@ui@modules@UModSys@@2USModuleRegChain@base@5@A@@YAXXZ 000000018004ae10 f    CIL library: CIL module
 0001:00049e20       ??__F?s_uid@RGenerator@SDL_GL@ui@modules@UModSys@@2USUniquePointer@core@5@A@@YAXXZ 000000018004ae20 f    CIL library: CIL module
 0001:00049e30       ??__Fh@?1??s_holder@RGenerator@SDL_GL@ui@modules@UModSys@@SAAEAU?$TTypeStaticHolder@URGenerator@SDL_GL@ui@modules@UModSys@@@tl@5@XZ@YAXXZ 000000018004ae30 f    CIL library: CIL module
 0001:00049e60       ??__F?s_id@?$TObjectUniqueID@URGenerator@SDL_GL@ui@modules@UModSys@@@tl@UModSys@@2USUniquePointer@core@3@A@@YAXXZ 000000018004ae60 f    CIL library: CIL module
 0001:00049e70       ??__F?s_id@?$TObjectUniqueID@URVertexArray@SDL_GL@ui@modules@UModSys@@@tl@UModSys@@2USUniquePointer@core@3@A@@YAXXZ 000000018004ae70 f    CIL library: CIL module
 0001:00049e80       ??__F?s_id@?$TObjectUniqueID@URTerminalX@SDL_GL@ui@modules@UModSys@@@tl@UModSys@@2USUniquePointer@core@3@A@@YAXXZ 000000018004ae80 f    CIL library: CIL module
 0001:00049e90       ??__F?s_id@?$TObjectUniqueID@URRenderDriver3D@SDL_GL@ui@modules@UModSys@@@tl@UModSys@@2USUniquePointer@core@3@A@@YAXXZ 000000018004ae90 f    CIL library: CIL module
 0001:00049ea0       ??__F?s_id@?$TObjectUniqueID@URMultiImage2D_SDL_ttf@SDL_GL@ui@modules@UModSys@@@tl@UModSys@@2USUniquePointer@core@3@A@@YAXXZ 000000018004aea0 f    CIL library: CIL module
 0001:00049eb0       ??__F?s_id@?$TObjectUniqueID@URTerminal@SDL_GL@ui@modules@UModSys@@@tl@UModSys@@2USUniquePointer@core@3@A@@YAXXZ 000000018004aeb0 f    CIL library: CIL module
 0001:00049ec0       ??__F?s_id@?$TObjectUniqueID@URMouseController@SDL_GL@ui@modules@UModSys@@@tl@UModSys@@2USUniquePointer@core@3@A@@YAXXZ 000000018004aec0 f    CIL library: CIL module
 0001:00049ed0       ??__F?s_id@?$TObjectUniqueID@URKeyboardController@SDL_GL@ui@modules@UModSys@@@tl@UModSys@@2USUniquePointer@core@3@A@@YAXXZ 000000018004aed0 f    CIL library: CIL module
 0001:00049ee0       ??__Fs_dbg@SDL_core@ui@modules@UModSys@@YAXXZ 000000018004aee0 f    CIL library: CIL module
 0001:00049ef0       ??__F?s_modreg@RModuleReg@SDL_core@ui@modules@UModSys@@2U12345@A@@YAXXZ 000000018004aef0 f    CIL library: CIL module
 0001:00049f10       ??__F?s_modreg_chain@RModuleReg@SDL_core@ui@modules@UModSys@@2USModuleRegChain@base@5@A@@YAXXZ 000000018004af10 f    CIL library: CIL module
 0001:00049f20       ??__F?s_uid@RGenerator@SDL_core@ui@modules@UModSys@@2USUniquePointer@core@5@A@@YAXXZ 000000018004af20 f    CIL library: CIL module
 0001:00049f30       ??__Fh@?1??s_holder@RGenerator@SDL_core@ui@modules@UModSys@@SAAEAU?$TTypeStaticHolder@URGenerator@SDL_core@ui@modules@UModSys@@@tl@5@XZ@YAXXZ 000000018004af30 f    CIL library: CIL module
 0001:00049f60       ??__F?s_id@?$TObjectUniqueID@URGenerator@SDL_core@ui@modules@UModSys@@@tl@UModSys@@2USUniquePointer@core@3@A@@YAXXZ 000000018004af60 f    CIL library: CIL module
 0001:00049f70       ??__F?s_id@?$TObjectUniqueID@URTerminalX@SDL_core@ui@modules@UModSys@@@tl@UModSys@@2USUniquePointer@core@3@A@@YAXXZ 000000018004af70 f    CIL library: CIL module
 0001:00049f80       ??__F?s_id@?$TObjectUniqueID@URRenderDriver2D@SDL_core@ui@modules@UModSys@@@tl@UModSys@@2USUniquePointer@core@3@A@@YAXXZ 000000018004af80 f    CIL library: CIL module
 0001:00049f90       ??__F?s_id@?$TObjectUniqueID@URMultiImage2D_SDL_ttf@SDL_core@ui@modules@UModSys@@@tl@UModSys@@2USUniquePointer@core@3@A@@YAXXZ 000000018004af90 f    CIL library: CIL module
 0001:00049fa0       ??__F?s_id@?$TObjectUniqueID@URTerminal@SDL_core@ui@modules@UModSys@@@tl@UModSys@@2USUniquePointer@core@3@A@@YAXXZ 000000018004afa0 f    CIL library: CIL module
 0001:00049fb0       ??__F?s_id@?$TObjectUniqueID@URMouseController@SDL_core@ui@modules@UModSys@@@tl@UModSys@@2USUniquePointer@core@3@A@@YAXXZ 000000018004afb0 f    CIL library: CIL module
 0001:00049fc0       ??__F?s_id@?$TObjectUniqueID@URKeyboardController@SDL_core@ui@modules@UModSys@@@tl@UModSys@@2USUniquePointer@core@3@A@@YAXXZ 000000018004afc0 f    CIL library: CIL module
 0001:00049fd0       ??__Fs_dbg@frames@ui@modules@UModSys@@YAXXZ 000000018004afd0 f    CIL library: CIL module
 0001:00049fe0       ??__F?s_modreg@RModuleReg@frames@ui@modules@UModSys@@2U12345@A@@YAXXZ 000000018004afe0 f    CIL library: CIL module
 0001:0004a000       ??__F?s_modreg_chain@RModuleReg@frames@ui@modules@UModSys@@2USModuleRegChain@base@5@A@@YAXXZ 000000018004b000 f    CIL library: CIL module
 0001:0004a010       ??__F?s_uid@RGenerator@frames@ui@modules@UModSys@@2USUniquePointer@core@5@A@@YAXXZ 000000018004b010 f    CIL library: CIL module
 0001:0004a020       ??__Fh@?1??s_holder@RGenerator@frames@ui@modules@UModSys@@SAAEAU?$TTypeStaticHolder@URGenerator@frames@ui@modules@UModSys@@@tl@5@XZ@YAXXZ 000000018004b020 f    CIL library: CIL module
 0001:0004a050       ??__F?s_id@?$TObjectUniqueID@URGenerator@frames@ui@modules@UModSys@@@tl@UModSys@@2USUniquePointer@core@3@A@@YAXXZ 000000018004b050 f    CIL library: CIL module
 0001:0004a060       ??__F?s_id@?$TObjectUniqueID@URCollector@frames@ui@modules@UModSys@@@tl@UModSys@@2USUniquePointer@core@3@A@@YAXXZ 000000018004b060 f    CIL library: CIL module
 0001:0004a070       ??__F?s_id@?$TObjectUniqueID@URFrame_List@frames@ui@modules@UModSys@@@tl@UModSys@@2USUniquePointer@core@3@A@@YAXXZ 000000018004b070 f    CIL library: CIL module
 0001:0004a080       ??__F?s_id@?$TObjectUniqueID@URFrame_Edit@frames@ui@modules@UModSys@@@tl@UModSys@@2USUniquePointer@core@3@A@@YAXXZ 000000018004b080 f    CIL library: CIL module
 0001:0004a090       ??__F?s_id@?$TObjectUniqueID@URFrame_Button@frames@ui@modules@UModSys@@@tl@UModSys@@2USUniquePointer@core@3@A@@YAXXZ 000000018004b090 f    CIL library: CIL module
 0001:0004a0a0       ??__F?s_id@?$TObjectUniqueID@URFrame_Text@frames@ui@modules@UModSys@@@tl@UModSys@@2USUniquePointer@core@3@A@@YAXXZ 000000018004b0a0 f    CIL library: CIL module
 0001:0004a0b0       ??__F?s_id@?$TObjectUniqueID@URFrame_Image@frames@ui@modules@UModSys@@@tl@UModSys@@2USUniquePointer@core@3@A@@YAXXZ 000000018004b0b0 f    CIL library: CIL module
 0001:0004a0c0       ??__F?s_id@?$TObjectUniqueID@URFrame_Frame@frames@ui@modules@UModSys@@@tl@UModSys@@2USUniquePointer@core@3@A@@YAXXZ 000000018004b0c0 f    CIL library: CIL module
 0001:0004a0d0       ??__F?s_id@?$TObjectUniqueID@URDialog@frames@ui@modules@UModSys@@@tl@UModSys@@2USUniquePointer@core@3@A@@YAXXZ 000000018004b0d0 f    CIL library: CIL module
 0001:0004a0e0       ??__F?s_id@?$TObjectUniqueID@URFrame_Common@frames@ui@modules@UModSys@@@tl@UModSys@@2USUniquePointer@core@3@A@@YAXXZ 000000018004b0e0 f    CIL library: CIL module
 0001:0004a0f0       ??__Fs_dbg@images_std@media@modules@UModSys@@YAXXZ 000000018004b0f0 f    CIL library: CIL module
 0001:0004a100       ??__F?s_modreg@RModuleReg@images_std@media@modules@UModSys@@2U12345@A@@YAXXZ 000000018004b100 f    CIL library: CIL module
 0001:0004a120       ??__F?s_modreg_chain@RModuleReg@images_std@media@modules@UModSys@@2USModuleRegChain@base@5@A@@YAXXZ 000000018004b120 f    CIL library: CIL module
 0001:0004a130       ??__F?s_uid@RGenerator@images_std@media@modules@UModSys@@2USUniquePointer@core@5@A@@YAXXZ 000000018004b130 f    CIL library: CIL module
 0001:0004a140       ??__Fh@?1??s_holder@RGenerator@images_std@media@modules@UModSys@@SAAEAU?$TTypeStaticHolder@URGenerator@images_std@media@modules@UModSys@@@tl@5@XZ@YAXXZ 000000018004b140 f    CIL library: CIL module
 0001:0004a170       ??__F?s_id@?$TObjectUniqueID@URGenerator@images_std@media@modules@UModSys@@@tl@UModSys@@2USUniquePointer@core@3@A@@YAXXZ 000000018004b170 f    CIL library: CIL module
 0001:0004a180       ??__F?s_id@?$TObjectUniqueID@URMediaFilter@images_std@media@modules@UModSys@@@tl@UModSys@@2USUniquePointer@core@3@A@@YAXXZ 000000018004b180 f    CIL library: CIL module
 0001:0004a190       ??__Fs_dbg@serialize_json@media@modules@UModSys@@YAXXZ 000000018004b190 f    CIL library: CIL module
 0001:0004a1a0       ??__F?s_modreg@RModuleReg@serialize_json@media@modules@UModSys@@2U12345@A@@YAXXZ 000000018004b1a0 f    CIL library: CIL module
 0001:0004a1c0       ??__F?s_modreg_chain@RModuleReg@serialize_json@media@modules@UModSys@@2USModuleRegChain@base@5@A@@YAXXZ 000000018004b1c0 f    CIL library: CIL module
 0001:0004a1d0       ??__F?s_uid@RGenerator@serialize_json@media@modules@UModSys@@2USUniquePointer@core@5@A@@YAXXZ 000000018004b1d0 f    CIL library: CIL module
 0001:0004a1e0       ??__Fh@?1??s_holder@RGenerator@serialize_json@media@modules@UModSys@@SAAEAU?$TTypeStaticHolder@URGenerator@serialize_json@media@modules@UModSys@@@tl@5@XZ@YAXXZ 000000018004b1e0 f    CIL library: CIL module
 0001:0004a210       ??__F?s_id@?$TObjectUniqueID@URGenerator@serialize_json@media@modules@UModSys@@@tl@UModSys@@2USUniquePointer@core@3@A@@YAXXZ 000000018004b210 f    CIL library: CIL module
 0001:0004a220       ??__F?s_id@?$TObjectUniqueID@URSerializeWriter@serialize_json@media@modules@UModSys@@@tl@UModSys@@2USUniquePointer@core@3@A@@YAXXZ 000000018004b220 f    CIL library: CIL module
 0001:0004a230       ??__F?s_id@?$TObjectUniqueID@URSerializeReader@serialize_json@media@modules@UModSys@@@tl@UModSys@@2USUniquePointer@core@3@A@@YAXXZ 000000018004b230 f    CIL library: CIL module
 0001:0004a240       ??__Fs_dbg@zlib@media@modules@UModSys@@YAXXZ 000000018004b240 f    CIL library: CIL module
 0001:0004a250       ??__F?s_modreg@RModuleReg@zlib@media@modules@UModSys@@2U12345@A@@YAXXZ 000000018004b250 f    CIL library: CIL module
 0001:0004a270       ??__F?s_modreg_chain@RModuleReg@zlib@media@modules@UModSys@@2USModuleRegChain@base@5@A@@YAXXZ 000000018004b270 f    CIL library: CIL module
 0001:0004a280       ??__F?s_uid@RGenerator@zlib@media@modules@UModSys@@2USUniquePointer@core@5@A@@YAXXZ 000000018004b280 f    CIL library: CIL module
 0001:0004a290       ??__Fh@?1??s_holder@RGenerator@zlib@media@modules@UModSys@@SAAEAU?$TTypeStaticHolder@URGenerator@zlib@media@modules@UModSys@@@tl@5@XZ@YAXXZ 000000018004b290 f    CIL library: CIL module
 0001:0004a2c0       ??__F?s_id@?$TObjectUniqueID@URGenerator@zlib@media@modules@UModSys@@@tl@UModSys@@2USUniquePointer@core@3@A@@YAXXZ 000000018004b2c0 f    CIL library: CIL module
 0001:0004a2d0       ??__F?s_id@?$TObjectUniqueID@URBinArchiveFrameClient_ZIP@zlib@media@modules@UModSys@@@tl@UModSys@@2USUniquePointer@core@3@A@@YAXXZ 000000018004b2d0 f    CIL library: CIL module
 0001:0004a2e0       ??__FM@UModSys@@YAXXZ      000000018004b2e0 f    CIL library: CIL module
 0001:0004a2f0       ??__F?root@SModuleRegChain@base@UModSys@@2U123@A@@YAXXZ 000000018004b2f0 f    CIL library: CIL module
 0001:0004a300       ??__F?s_library@RModuleLibraryReg_Chain@base@UModSys@@2U123@A@@YAXXZ 000000018004b300 f    CIL library: CIL module
 0001:0004a310       ??__F?root@SUniquePointer@core@UModSys@@2U123@A@@YAXXZ 000000018004b310 f    CIL library: CIL module

 Exports

  ordinal    name

        1    UModSys_Plugin_Entry2
