 plugin_test1

 Timestamp is 52a71f19 (Tue Dec 10 17:03:05 2013)

 Preferred load address is 0000000180000000

 Start         Length     Name                   Class
 0001:00000000 00018790H .text                   CODE
 0001:00018790 0000005eH .text$00                CODE
 0001:000187f0 00001768H .text$x                 CODE
 0001:00019f60 00001652H .text$yc                CODE
 0001:0001b5c0 0000072cH .text$yd                CODE
 0002:00000000 00000350H .idata$5                DATA
 0002:00000350 00000008H .CRT$XCA                DATA
 0002:00000358 00000f98H .CRT$XCU                DATA
 0002:000012f0 00000008H .CRT$XCZ                DATA
 0002:000012f8 00000008H .CRT$XIA                DATA
 0002:00001300 00000008H .CRT$XIAA               DATA
 0002:00001308 00000008H .CRT$XIZ                DATA
 0002:00001310 000043b8H .rdata                  DATA
 0002:000056d0 000025c4H .rdata$r                DATA
 0002:00007c98 00000008H .rtc$IAA                DATA
 0002:00007ca0 00000008H .rtc$IZZ                DATA
 0002:00007ca8 00000008H .rtc$TAA                DATA
 0002:00007cb0 00000008H .rtc$TZZ                DATA
 0002:00007cb8 000035c0H .xdata                  DATA
 0002:0000b278 00000064H .idata$2                DATA
 0002:0000b2dc 00000014H .idata$3                DATA
 0002:0000b2f0 00000350H .idata$4                DATA
 0002:0000b640 00000798H .idata$6                DATA
 0002:0000bde0 00000059H .edata                  DATA
 0003:00000000 00001100H .data                   DATA
 0003:00001100 00001ac8H .bss                    DATA
 0004:00000000 00002574H .pdata                  DATA

  Address         Publics by Value              Rva+Base               Lib:Object

 0000:00000000       ___safe_se_handler_count   0000000000000000     <absolute>
 0000:00000000       ___safe_se_handler_table   0000000000000000     <absolute>
 0000:00000000       __ImageBase                0000000180000000     <linker-defined>
 0001:00000000       ??3IRoot@core@UModSys@@SAXPEAXAEBUSIMemAlloc@12@@Z 0000000180001000 f i plugin_test1.obj
 0001:00000010       ??1?$TParametersA@$0BAA@@core@UModSys@@QEAA@XZ 0000000180001010 f i umodsys_lib_libui:umodsys.mod.ui.SDL_core.obj
 0001:00000010       ??1SParameters@core@UModSys@@QEAA@XZ 0000000180001010 f i plugin_test1.obj
 0001:00000010       ??1?$TParametersA@$0EAA@@core@UModSys@@QEAA@XZ 0000000180001010 f i plugin_test1.obj
 0001:00000030       ?bin_reader@ILibrary@libmedia@UModSys@@QEAA?AU?$TRefObject@UIStreamReader@libmedia@UModSys@@U?$TRefObjectFunc@UIStreamReader@libmedia@UModSys@@@tl@3@@tl@3@AEBU?$TString@U?$TSCoreConst@D@su@tl@UModSys@@U?$TComparerBinaryHash@D@234@@53@AEBU?$TFlags4State@USMediaFlagUid@libmedia@UModSys@@I@53@@Z 0000000180001030 f i plugin_test1.obj
 0001:00000070       ?bin_writer@ILibrary@libmedia@UModSys@@QEAA?AU?$TRefObject@UIStreamWriter@libmedia@UModSys@@U?$TRefObjectFunc@UIStreamWriter@libmedia@UModSys@@@tl@3@@tl@3@AEBU?$TString@U?$TSCoreConst@D@su@tl@UModSys@@U?$TComparerBinaryHash@D@234@@53@AEBU?$TFlags4State@USMediaFlagUid@libmedia@UModSys@@I@53@@Z 0000000180001070 f i plugin_test1.obj
 0001:000000b0       ?mount_add@ILibraryBinTree@libmedia@UModSys@@QEAA_NAEBU?$TString@U?$TSCoreConst@D@su@tl@UModSys@@U?$TComparerBinaryHash@D@234@@tl@3@PEAUIBinArchive@23@H@Z 00000001800010b0 f i plugin_test1.obj
 0001:00000150       ?mount_add@ILibraryBinTree@libmedia@UModSys@@QEAA_NAEBU?$TString@U?$TSCoreConst@D@su@tl@UModSys@@U?$TComparerBinaryHash@D@234@@tl@3@HPEAUIBinArchive@23@H@Z 0000000180001150 f i plugin_test1.obj
 0001:000001f0       ??1SLayer@ILibraryLayered@libmedia@UModSys@@QEAA@XZ 00000001800011f0 f i plugin_test1.obj
 0001:000001f0       ??1SPoint@ILibraryBinTree@libmedia@UModSys@@QEAA@XZ 00000001800011f0 f i plugin_test1.obj
 0001:00000220       ?layer_push@ILibraryLayered@libmedia@UModSys@@QEAA_NPEAUILibrary@23@HAEBU?$TString@U?$TSCoreConst@D@su@tl@UModSys@@U?$TComparerBinaryHash@D@234@@tl@3@@Z 0000000180001220 f i plugin_test1.obj
 0001:000002c0       ??_GIRoot@core@UModSys@@UEAAPEAXI@Z 00000001800012c0 f i plugin_test1.obj
 0001:000002c0       ??_EIRoot@core@UModSys@@UEAAPEAXI@Z 00000001800012c0 f i  CIL library: CIL module
 0001:000002f0       ?root_get_interface_info@RTest1_Shell@test1@test@modules@UModSys@@UEBAAEBUSUniquePointerInfo@core@5@XZ 00000001800012f0 f i plugin_test1.obj
 0001:00000300       ?root_get_interface_type@RTest1_Shell@test1@test@modules@UModSys@@UEBAPEBUSUniquePointerInfo@core@5@XZ 0000000180001300 f i plugin_test1.obj
 0001:00000310       ?root_get_other_interface@RTest1_Shell@test1@test@modules@UModSys@@UEAAPEAUIRoot@core@5@PEBUSUniquePointerInfo@75@@Z 0000000180001310 f i plugin_test1.obj
 0001:00000310       ?root_get_other_interface@RTest1_Shell@test1@test@modules@UModSys@@UEBAPEBUIRoot@core@5@PEBUSUniquePointerInfo@75@@Z 0000000180001310 f i plugin_test1.obj
 0001:00000340       ?root_is_interface_supported@RTest1_Shell@test1@test@modules@UModSys@@UEBA_NPEBUSUniquePointerInfo@core@5@@Z 0000000180001340 f i plugin_test1.obj
 0001:00000370       ?ref_add@RTest1_Shell@test1@test@modules@UModSys@@UEBAXXZ 0000000180001370 f i plugin_test1.obj
 0001:00000380       ?ref_remove@RTest1_Shell@test1@test@modules@UModSys@@UEBAXXZ 0000000180001380 f i plugin_test1.obj
 0001:000003a0       ?ref_links@RTest1_Shell@test1@test@modules@UModSys@@UEBAHXZ 00000001800013a0 f i plugin_test1.obj
 0001:000003b0       ?ref_weak@RTest1_Shell@test1@test@modules@UModSys@@UEBA_NAEAUWeakPointer@IRefObject@core@5@@Z 00000001800013b0 f i plugin_test1.obj
 0001:000003d0       ?suicide@RTest1_Shell@test1@test@modules@UModSys@@UEAAXXZ 00000001800013d0 f i plugin_test1.obj
 0001:00000420       ??0RTest1_Shell@test1@test@modules@UModSys@@QEAA@PEAUIModObject@base@4@@Z 0000000180001420 f i plugin_test1.obj
 0001:00000560       ??1RTest1_Shell@test1@test@modules@UModSys@@UEAA@XZ 0000000180001560 f i plugin_test1.obj
 0001:00000610       ?connect@RTest1_Shell@test1@test@modules@UModSys@@UEAA_NXZ 0000000180001610 f i plugin_test1.obj
 0001:00000640       ?disconnect@RTest1_Shell@test1@test@modules@UModSys@@UEAA_NXZ 0000000180001640 f i plugin_test1.obj
 0001:00000670       ?process_tick@RTest1_Shell@test1@test@modules@UModSys@@UEAA_NAEBUSTimeMsec@core@5@@Z 0000000180001670 f i plugin_test1.obj
 0001:000006b0       ?process_command@RTest1_Shell@test1@test@modules@UModSys@@UEAA_NHQEBU?$TString@U?$TSCoreConst@D@su@tl@UModSys@@U?$TComparerBinaryHash@D@234@@tl@5@@Z 00000001800016b0 f i plugin_test1.obj
 0001:000006e0       ??_ERTest1_Shell@test1@test@modules@UModSys@@UEAAPEAXI@Z 00000001800016e0 f i  CIL library: CIL module
 0001:000006e0       ??_GRTest1_Shell@test1@test@modules@UModSys@@UEAAPEAXI@Z 00000001800016e0 f i plugin_test1.obj
 0001:00000710       ??1IMouseController@libui@UModSys@@UEAA@XZ 0000000180001710 f i umodsys_lib_libui:umodsys.mod.ui.SDL_core.obj
 0001:00000710       ??1IFrame@libui@UModSys@@UEAA@XZ 0000000180001710 f i umodsys_lib_libui:umodsys.mod.ui.frames.obj
 0001:00000710       ??1ISerializeReader@libmedia@UModSys@@UEAA@XZ 0000000180001710 f i umodsys_lib_libmedia:umodsys.mod.media.serialize_json.obj
 0001:00000710       ??1IImage@lib2d@UModSys@@UEAA@XZ 0000000180001710 f i umodsys_lib_lib2d:umodsys.mod.2d.stdlib.obj
 0001:00000710       ??1IRenderDriver@lib2d@UModSys@@UEAA@XZ 0000000180001710 f i umodsys_lib_libui:umodsys.mod.ui.SDL_core.obj
 0001:00000710       ??1IMultiImage@lib2d@UModSys@@UEAA@XZ 0000000180001710 f i umodsys_lib_libui:umodsys.mod.ui.SDL_core.obj
 0001:00000710       ??1ISerializeWriter@libmedia@UModSys@@UEAA@XZ 0000000180001710 f i umodsys_lib_libmedia:umodsys.mod.media.serialize_json.obj
 0001:00000710       ??1ITerminal@libui@UModSys@@UEAA@XZ 0000000180001710 f i umodsys_lib_libui:umodsys.mod.ui.SDL_core.obj
 0001:00000710       ??1ICollector@libui@UModSys@@UEAA@XZ 0000000180001710 f i umodsys_lib_libui:umodsys.mod.ui.frames.obj
 0001:00000710       ??1IShell@base@UModSys@@UEAA@XZ 0000000180001710 f i plugin_test1.obj
 0001:00000710       ??1IDialog@libui@UModSys@@UEAA@XZ 0000000180001710 f i umodsys_lib_libui:umodsys.mod.ui.frames.obj
 0001:00000710       ??1IKeyboardController@libui@UModSys@@UEAA@XZ 0000000180001710 f i umodsys_lib_libui:umodsys.mod.ui.SDL_core.obj
 0001:00000710       ??1IBinObjFilter@libmedia@UModSys@@UEAA@XZ 0000000180001710 f i plugin_test1.obj
 0001:00000720       ?get_generated_names@RGenerator@test1@test@modules@UModSys@@UEBAHAEAUSUniquePtrList@core@5@@Z 0000000180001720 f i plugin_test1.obj
 0001:00000740       ?get_generated_types@RGenerator@test1@test@modules@UModSys@@UEBAHAEAUSUniquePtrList@core@5@PEBUSUniquePointerInfo@75@@Z 0000000180001740 f i plugin_test1.obj
 0001:000007a0       ?generate@RGenerator@test1@test@modules@UModSys@@UEAA_NAEAU?$TRefObject@UIRefObject@core@UModSys@@U?$TRefObjectFunc@UIRefObject@core@UModSys@@@tl@3@@tl@5@PEBUSUniquePointerInfo@core@5@AEBUSParameters@95@@Z 00000001800017a0 f i plugin_test1.obj
 0001:00000840       ?root_get_interface_info@RGenerator@test1@test@modules@UModSys@@UEBAAEBUSUniquePointerInfo@core@5@XZ 0000000180001840 f i plugin_test1.obj
 0001:00000850       ?root_get_interface_type@RGenerator@test1@test@modules@UModSys@@UEBAPEBUSUniquePointerInfo@core@5@XZ 0000000180001850 f i plugin_test1.obj
 0001:00000860       ?root_get_other_interface@RGenerator@test1@test@modules@UModSys@@UEBAPEBUIRoot@core@5@PEBUSUniquePointerInfo@75@@Z 0000000180001860 f i plugin_test1.obj
 0001:00000860       ?root_get_other_interface@RGenerator@test1@test@modules@UModSys@@UEAAPEAUIRoot@core@5@PEBUSUniquePointerInfo@75@@Z 0000000180001860 f i plugin_test1.obj
 0001:000008a0       ?root_is_interface_supported@RGenerator@test1@test@modules@UModSys@@UEBA_NPEBUSUniquePointerInfo@core@5@@Z 00000001800018a0 f i plugin_test1.obj
 0001:000008e0       ?get_uid@RGenerator@test1@test@modules@UModSys@@UEBAPEBUSUniquePointerInfo@core@5@XZ 00000001800018e0 f i plugin_test1.obj
 0001:000008f0       ?do_open@RModuleReg@test1@test@modules@UModSys@@UEAA_NXZ 00000001800018f0 f i plugin_test1.obj
 0001:00000920       ?do_close@RModuleReg@test1@test@modules@UModSys@@UEAA_NXZ 0000000180001920 f i plugin_test1.obj
 0001:00000950       ??_ERModuleReg@test1@test@modules@UModSys@@UEAAPEAXI@Z 0000000180001950 f i  CIL library: CIL module
 0001:00000950       ??_GRModuleReg@test1@test@modules@UModSys@@UEAAPEAXI@Z 0000000180001950 f i plugin_test1.obj
 0001:00000980       ??1?$TRefObject@UIMouseController@libui@UModSys@@U?$TRefObjectFunc@UIMouseController@libui@UModSys@@@tl@3@@tl@UModSys@@QEAA@XZ 0000000180001980 f i plugin_test1.obj
 0001:00000980       ??1?$TRefObject@UIStreamWriter@libmedia@UModSys@@U?$TRefObjectFunc@UIStreamWriter@libmedia@UModSys@@@tl@3@@tl@UModSys@@QEAA@XZ 0000000180001980 f i plugin_test1.obj
 0001:00000980       ??1?$TRefObject@UITerminal@libui@UModSys@@U?$TRefObjectFunc@UITerminal@libui@UModSys@@@tl@3@@tl@UModSys@@QEAA@XZ 0000000180001980 f i plugin_test1.obj
 0001:00000980       ??1?$TRefObject@UIBinObjFilter@libmedia@UModSys@@U?$TRefObjectFunc@UIBinObjFilter@libmedia@UModSys@@@tl@3@@tl@UModSys@@QEAA@XZ 0000000180001980 f i plugin_test1.obj
 0001:00000980       ??1?$TRefObject@URRenderDriver2D@SDL_core@ui@modules@UModSys@@U?$TRefObjectFunc@URRenderDriver2D@SDL_core@ui@modules@UModSys@@@tl@5@@tl@UModSys@@QEAA@XZ 0000000180001980 f i umodsys_lib_libui:umodsys.mod.ui.SDL_core.obj
 0001:00000980       ??1?$TRefObject@UISerializeReader@libmedia@UModSys@@U?$TRefObjectFunc@UISerializeReader@libmedia@UModSys@@@tl@3@@tl@UModSys@@QEAA@XZ 0000000180001980 f i plugin_test1.obj
 0001:00000980       ??1?$TRefObject@URSerializeReader@serialize_json@media@modules@UModSys@@U?$TRefObjectFunc@URSerializeReader@serialize_json@media@modules@UModSys@@@tl@5@@tl@UModSys@@QEAA@XZ 0000000180001980 f i umodsys_lib_libmedia:umodsys.mod.media.serialize_json.obj
 0001:00000980       ??1?$TRefObject@URMouseController@SDL_core@ui@modules@UModSys@@U?$TRefObjectFunc@URMouseController@SDL_core@ui@modules@UModSys@@@tl@5@@tl@UModSys@@QEAA@XZ 0000000180001980 f i umodsys_lib_libui:umodsys.mod.ui.SDL_core.obj
 0001:00000980       ??1?$TRefObject@UIRefObject@core@UModSys@@U?$TRefObjectFunc@UIRefObject@core@UModSys@@@tl@3@@tl@UModSys@@QEAA@XZ 0000000180001980 f i plugin_test1.obj
 0001:00000980       ??1?$TRefObject@URSerializeWriter@serialize_json@media@modules@UModSys@@U?$TRefObjectFunc@URSerializeWriter@serialize_json@media@modules@UModSys@@@tl@5@@tl@UModSys@@QEAA@XZ 0000000180001980 f i umodsys_lib_libmedia:umodsys.mod.media.serialize_json.obj
 0001:00000980       ??1?$TRefObject@URCollector@frames@ui@modules@UModSys@@U?$TRefObjectFunc@URCollector@frames@ui@modules@UModSys@@@tl@5@@tl@UModSys@@QEAA@XZ 0000000180001980 f i umodsys_lib_libui:umodsys.mod.ui.frames.obj
 0001:00000980       ??1?$TRefObject@UIRenderDriver@lib2d@UModSys@@U?$TRefObjectFunc@UIRenderDriver@lib2d@UModSys@@@tl@3@@tl@UModSys@@QEAA@XZ 0000000180001980 f i plugin_test1.obj
 0001:00000980       ??1?$TRefObject@UISerializeWriter@libmedia@UModSys@@U?$TRefObjectFunc@UISerializeWriter@libmedia@UModSys@@@tl@3@@tl@UModSys@@QEAA@XZ 0000000180001980 f i plugin_test1.obj
 0001:00000980       ??1?$TRefObject@UILibraryLayered@libmedia@UModSys@@U?$TRefObjectFunc@UILibraryLayered@libmedia@UModSys@@@tl@3@@tl@UModSys@@QEAA@XZ 0000000180001980 f i plugin_test1.obj
 0001:00000980       ??1?$TRefObject@UIBinArchive@libmedia@UModSys@@U?$TRefObjectFunc@UIBinArchive@libmedia@UModSys@@@tl@3@@tl@UModSys@@QEAA@XZ 0000000180001980 f i plugin_test1.obj
 0001:00000980       ??1?$TRefObject@URMediaFilter@images_std@media@modules@UModSys@@U?$TRefObjectFunc@URMediaFilter@images_std@media@modules@UModSys@@@tl@5@@tl@UModSys@@QEAA@XZ 0000000180001980 f i umodsys_lib_libmedia:umodsys.mod.media.images_std.obj
 0001:00000980       ??1?$TRefObject@UIStreamReader@libmedia@UModSys@@U?$TRefObjectFunc@UIStreamReader@libmedia@UModSys@@@tl@3@@tl@UModSys@@QEAA@XZ 0000000180001980 f i plugin_test1.obj
 0001:00000980       ??1?$TRefObject@UILibrary@libmedia@UModSys@@U?$TRefObjectFunc@UILibrary@libmedia@UModSys@@@tl@3@@tl@UModSys@@QEAA@XZ 0000000180001980 f i plugin_test1.obj
 0001:00000980       ??1?$TRefObject@UILibraryObjCache@libmedia@UModSys@@U?$TRefObjectFunc@UILibraryObjCache@libmedia@UModSys@@@tl@3@@tl@UModSys@@QEAA@XZ 0000000180001980 f i plugin_test1.obj
 0001:00000980       ??1?$TRefObject@UILibraryObjFilter@libmedia@UModSys@@U?$TRefObjectFunc@UILibraryObjFilter@libmedia@UModSys@@@tl@3@@tl@UModSys@@QEAA@XZ 0000000180001980 f i plugin_test1.obj
 0001:00000980       ??1?$TRefObject@UIMultiImage@lib2d@UModSys@@U?$TRefObjectFunc@UIMultiImage@lib2d@UModSys@@@tl@3@@tl@UModSys@@QEAA@XZ 0000000180001980 f i plugin_test1.obj
 0001:00000980       ??1?$TRefObject@UIImage@lib2d@UModSys@@U?$TRefObjectFunc@UIImage@lib2d@UModSys@@@tl@3@@tl@UModSys@@QEAA@XZ 0000000180001980 f i plugin_test1.obj
 0001:00000980       ??1?$TRefObject@URImage_Memory@stdlib@lib2d@modules@UModSys@@U?$TRefObjectFunc@URImage_Memory@stdlib@lib2d@modules@UModSys@@@tl@5@@tl@UModSys@@QEAA@XZ 0000000180001980 f i umodsys_lib_lib2d:umodsys.mod.2d.stdlib.obj
 0001:00000980       ??1?$TRefObject@URTerminal@SDL_core@ui@modules@UModSys@@U?$TRefObjectFunc@URTerminal@SDL_core@ui@modules@UModSys@@@tl@5@@tl@UModSys@@QEAA@XZ 0000000180001980 f i umodsys_lib_libui:umodsys.mod.ui.SDL_core.obj
 0001:00000980       ??1?$TRefObject@URMultiImage2D_SDL_ttf@SDL_core@ui@modules@UModSys@@U?$TRefObjectFunc@URMultiImage2D_SDL_ttf@SDL_core@ui@modules@UModSys@@@tl@5@@tl@UModSys@@QEAA@XZ 0000000180001980 f i umodsys_lib_libui:umodsys.mod.ui.SDL_core.obj
 0001:00000980       ??1?$TRefObject@URDialog@frames@ui@modules@UModSys@@U?$TRefObjectFunc@URDialog@frames@ui@modules@UModSys@@@tl@5@@tl@UModSys@@QEAA@XZ 0000000180001980 f i umodsys_lib_libui:umodsys.mod.ui.frames.obj
 0001:00000980       ??1?$TRefObject@UIKeyboardController@libui@UModSys@@U?$TRefObjectFunc@UIKeyboardController@libui@UModSys@@@tl@3@@tl@UModSys@@QEAA@XZ 0000000180001980 f i plugin_test1.obj
 0001:00000980       ??1?$TRefObject@UIFrame@libui@UModSys@@U?$TRefObjectFunc@UIFrame@libui@UModSys@@@tl@3@@tl@UModSys@@QEAA@XZ 0000000180001980 f i umodsys_lib_libui:umodsys.mod.ui.frames.obj
 0001:00000980       ??1?$TRefObject@URKeyboardController@SDL_core@ui@modules@UModSys@@U?$TRefObjectFunc@URKeyboardController@SDL_core@ui@modules@UModSys@@@tl@5@@tl@UModSys@@QEAA@XZ 0000000180001980 f i umodsys_lib_libui:umodsys.mod.ui.SDL_core.obj
 0001:00000980       ??1?$TRefObject@UILibraryBinCache@libmedia@UModSys@@U?$TRefObjectFunc@UILibraryBinCache@libmedia@UModSys@@@tl@3@@tl@UModSys@@QEAA@XZ 0000000180001980 f i plugin_test1.obj
 0001:00000980       ??1?$TRefObject@URFrame_Common@frames@ui@modules@UModSys@@U?$TRefObjectFunc@URFrame_Common@frames@ui@modules@UModSys@@@tl@5@@tl@UModSys@@QEAA@XZ 0000000180001980 f i umodsys_lib_libui:umodsys.mod.ui.frames.obj
 0001:00000980       ??1?$TRefObject@UILibraryBinTree@libmedia@UModSys@@U?$TRefObjectFunc@UILibraryBinTree@libmedia@UModSys@@@tl@3@@tl@UModSys@@QEAA@XZ 0000000180001980 f i plugin_test1.obj
 0001:000009b0       ?info_new@?$TSCoreShared@USIMemAlloc@core@UModSys@@D@su@tl@UModSys@@QEAA_NPEBD_K@Z 00000001800019b0 f i plugin_test1.obj
 0001:00000a70       ??$generate_type@UIImage@lib2d@UModSys@@@RTest1_Shell@test1@test@modules@UModSys@@QEAA?AU?$TRefObject@UIImage@lib2d@UModSys@@U?$TRefObjectFunc@UIImage@lib2d@UModSys@@@tl@3@@tl@4@AEBU?$TString@U?$TSCoreConst@D@su@tl@UModSys@@U?$TComparerBinaryHash@D@234@@64@AEBUSParameters@core@4@PEBD@Z 0000000180001a70 f i plugin_test1.obj
 0001:00000c60       ??$generate_type@UIBinArchive@libmedia@UModSys@@@RTest1_Shell@test1@test@modules@UModSys@@QEAA?AU?$TRefObject@UIBinArchive@libmedia@UModSys@@U?$TRefObjectFunc@UIBinArchive@libmedia@UModSys@@@tl@3@@tl@4@AEBU?$TString@U?$TSCoreConst@D@su@tl@UModSys@@U?$TComparerBinaryHash@D@234@@64@AEBUSParameters@core@4@PEBD@Z 0000000180001c60 f i plugin_test1.obj
 0001:00000e00       ??$generate_type@UIBinObjFilter@libmedia@UModSys@@@RTest1_Shell@test1@test@modules@UModSys@@QEAA?AU?$TRefObject@UIBinObjFilter@libmedia@UModSys@@U?$TRefObjectFunc@UIBinObjFilter@libmedia@UModSys@@@tl@3@@tl@4@AEBU?$TString@U?$TSCoreConst@D@su@tl@UModSys@@U?$TComparerBinaryHash@D@234@@64@AEBUSParameters@core@4@PEBD@Z 0000000180001e00 f i plugin_test1.obj
 0001:00000fa0       ??$generate_type@UILibraryBinTree@libmedia@UModSys@@@RTest1_Shell@test1@test@modules@UModSys@@QEAA?AU?$TRefObject@UILibraryBinTree@libmedia@UModSys@@U?$TRefObjectFunc@UILibraryBinTree@libmedia@UModSys@@@tl@3@@tl@4@AEBU?$TString@U?$TSCoreConst@D@su@tl@UModSys@@U?$TComparerBinaryHash@D@234@@64@AEBUSParameters@core@4@PEBD@Z 0000000180001fa0 f i plugin_test1.obj
 0001:00001140       ??$generate_type@UILibraryObjFilter@libmedia@UModSys@@@RTest1_Shell@test1@test@modules@UModSys@@QEAA?AU?$TRefObject@UILibraryObjFilter@libmedia@UModSys@@U?$TRefObjectFunc@UILibraryObjFilter@libmedia@UModSys@@@tl@3@@tl@4@AEBU?$TString@U?$TSCoreConst@D@su@tl@UModSys@@U?$TComparerBinaryHash@D@234@@64@AEBUSParameters@core@4@PEBD@Z 0000000180002140 f i plugin_test1.obj
 0001:000012e0       ??$generate_type@UILibraryLayered@libmedia@UModSys@@@RTest1_Shell@test1@test@modules@UModSys@@QEAA?AU?$TRefObject@UILibraryLayered@libmedia@UModSys@@U?$TRefObjectFunc@UILibraryLayered@libmedia@UModSys@@@tl@3@@tl@4@AEBU?$TString@U?$TSCoreConst@D@su@tl@UModSys@@U?$TComparerBinaryHash@D@234@@64@AEBUSParameters@core@4@PEBD@Z 00000001800022e0 f i plugin_test1.obj
 0001:00001480       ??$generate_type@UILibraryObjCache@libmedia@UModSys@@@RTest1_Shell@test1@test@modules@UModSys@@QEAA?AU?$TRefObject@UILibraryObjCache@libmedia@UModSys@@U?$TRefObjectFunc@UILibraryObjCache@libmedia@UModSys@@@tl@3@@tl@4@AEBU?$TString@U?$TSCoreConst@D@su@tl@UModSys@@U?$TComparerBinaryHash@D@234@@64@AEBUSParameters@core@4@PEBD@Z 0000000180002480 f i plugin_test1.obj
 0001:00001620       ??$generate_type@UILibraryBinCache@libmedia@UModSys@@@RTest1_Shell@test1@test@modules@UModSys@@QEAA?AU?$TRefObject@UILibraryBinCache@libmedia@UModSys@@U?$TRefObjectFunc@UILibraryBinCache@libmedia@UModSys@@@tl@3@@tl@4@AEBU?$TString@U?$TSCoreConst@D@su@tl@UModSys@@U?$TComparerBinaryHash@D@234@@64@AEBUSParameters@core@4@PEBD@Z 0000000180002620 f i plugin_test1.obj
 0001:000017c0       ??$generate_type@UISerializeWriter@libmedia@UModSys@@@RTest1_Shell@test1@test@modules@UModSys@@QEAA?AU?$TRefObject@UISerializeWriter@libmedia@UModSys@@U?$TRefObjectFunc@UISerializeWriter@libmedia@UModSys@@@tl@3@@tl@4@AEBU?$TString@U?$TSCoreConst@D@su@tl@UModSys@@U?$TComparerBinaryHash@D@234@@64@AEBUSParameters@core@4@PEBD@Z 00000001800027c0 f i plugin_test1.obj
 0001:00001960       ??$generate_type@UISerializeReader@libmedia@UModSys@@@RTest1_Shell@test1@test@modules@UModSys@@QEAA?AU?$TRefObject@UISerializeReader@libmedia@UModSys@@U?$TRefObjectFunc@UISerializeReader@libmedia@UModSys@@@tl@3@@tl@4@AEBU?$TString@U?$TSCoreConst@D@su@tl@UModSys@@U?$TComparerBinaryHash@D@234@@64@AEBUSParameters@core@4@PEBD@Z 0000000180002960 f i plugin_test1.obj
 0001:00001b00       ??$shash@D@su@tl@UModSys@@YAHPEBD_K@Z 0000000180002b00 f i plugin_test1.obj
 0001:00001b30       ??1?$TRefObject@UIModObject@base@UModSys@@U?$TModObjectFunc@UIModObject@base@UModSys@@@tl@3@@tl@UModSys@@QEAA@XZ 0000000180002b30 f i plugin_test1.obj
 0001:00001b60       ??$t_ref_get_other_interface@UIStreamReader@libmedia@UModSys@@U?$TRefObjectFunc@UIStreamReader@libmedia@UModSys@@@tl@3@@IRefObject@core@UModSys@@QEAA_NAEAU?$TRefObject@UIStreamReader@libmedia@UModSys@@U?$TRefObjectFunc@UIStreamReader@libmedia@UModSys@@@tl@3@@tl@2@@Z 0000000180002b60 f i plugin_test1.obj
 0001:00001bb0       ??$t_ref_get_other_interface@UIStreamWriter@libmedia@UModSys@@U?$TRefObjectFunc@UIStreamWriter@libmedia@UModSys@@@tl@3@@IRefObject@core@UModSys@@QEAA_NAEAU?$TRefObject@UIStreamWriter@libmedia@UModSys@@U?$TRefObjectFunc@UIStreamWriter@libmedia@UModSys@@@tl@3@@tl@2@@Z 0000000180002bb0 f i plugin_test1.obj
 0001:00001c00       ??$t_ref_get_other_interface@UIMultiImage@lib2d@UModSys@@U?$TRefObjectFunc@UIMultiImage@lib2d@UModSys@@@tl@3@@IRefObject@core@UModSys@@QEAA_NAEAU?$TRefObject@UIMultiImage@lib2d@UModSys@@U?$TRefObjectFunc@UIMultiImage@lib2d@UModSys@@@tl@3@@tl@2@@Z 0000000180002c00 f i plugin_test1.obj
 0001:00001c50       ??$t_generate@UIBinArchive@libmedia@UModSys@@@SModuleContext@base@UModSys@@QEAA_NAEAU?$TRefObject@UIBinArchive@libmedia@UModSys@@U?$TRefObjectFunc@UIBinArchive@libmedia@UModSys@@@tl@3@@tl@2@PEBUSUniquePointerInfo@core@2@AEBUSParameters@62@@Z 0000000180002c50 f i plugin_test1.obj
 0001:00001d20       ??$t_generate@UIBinObjFilter@libmedia@UModSys@@@SModuleContext@base@UModSys@@QEAA_NAEAU?$TRefObject@UIBinObjFilter@libmedia@UModSys@@U?$TRefObjectFunc@UIBinObjFilter@libmedia@UModSys@@@tl@3@@tl@2@PEBUSUniquePointerInfo@core@2@AEBUSParameters@62@@Z 0000000180002d20 f i plugin_test1.obj
 0001:00001df0       ??$t_generate@UILibraryBinTree@libmedia@UModSys@@@SModuleContext@base@UModSys@@QEAA_NAEAU?$TRefObject@UILibraryBinTree@libmedia@UModSys@@U?$TRefObjectFunc@UILibraryBinTree@libmedia@UModSys@@@tl@3@@tl@2@PEBUSUniquePointerInfo@core@2@AEBUSParameters@62@@Z 0000000180002df0 f i plugin_test1.obj
 0001:00001ec0       ??$t_generate@UILibraryObjFilter@libmedia@UModSys@@@SModuleContext@base@UModSys@@QEAA_NAEAU?$TRefObject@UILibraryObjFilter@libmedia@UModSys@@U?$TRefObjectFunc@UILibraryObjFilter@libmedia@UModSys@@@tl@3@@tl@2@PEBUSUniquePointerInfo@core@2@AEBUSParameters@62@@Z 0000000180002ec0 f i plugin_test1.obj
 0001:00001f90       ??$t_generate@UILibraryLayered@libmedia@UModSys@@@SModuleContext@base@UModSys@@QEAA_NAEAU?$TRefObject@UILibraryLayered@libmedia@UModSys@@U?$TRefObjectFunc@UILibraryLayered@libmedia@UModSys@@@tl@3@@tl@2@PEBUSUniquePointerInfo@core@2@AEBUSParameters@62@@Z 0000000180002f90 f i plugin_test1.obj
 0001:00002060       ??$t_generate@UILibraryObjCache@libmedia@UModSys@@@SModuleContext@base@UModSys@@QEAA_NAEAU?$TRefObject@UILibraryObjCache@libmedia@UModSys@@U?$TRefObjectFunc@UILibraryObjCache@libmedia@UModSys@@@tl@3@@tl@2@PEBUSUniquePointerInfo@core@2@AEBUSParameters@62@@Z 0000000180003060 f i plugin_test1.obj
 0001:00002130       ??$t_generate@UILibraryBinCache@libmedia@UModSys@@@SModuleContext@base@UModSys@@QEAA_NAEAU?$TRefObject@UILibraryBinCache@libmedia@UModSys@@U?$TRefObjectFunc@UILibraryBinCache@libmedia@UModSys@@@tl@3@@tl@2@PEBUSUniquePointerInfo@core@2@AEBUSParameters@62@@Z 0000000180003130 f i plugin_test1.obj
 0001:00002200       ??$t_generate@UISerializeWriter@libmedia@UModSys@@@SModuleContext@base@UModSys@@QEAA_NAEAU?$TRefObject@UISerializeWriter@libmedia@UModSys@@U?$TRefObjectFunc@UISerializeWriter@libmedia@UModSys@@@tl@3@@tl@2@PEBUSUniquePointerInfo@core@2@AEBUSParameters@62@@Z 0000000180003200 f i plugin_test1.obj
 0001:000022d0       ??$t_generate@UISerializeReader@libmedia@UModSys@@@SModuleContext@base@UModSys@@QEAA_NAEAU?$TRefObject@UISerializeReader@libmedia@UModSys@@U?$TRefObjectFunc@UISerializeReader@libmedia@UModSys@@@tl@3@@tl@2@PEBUSUniquePointerInfo@core@2@AEBUSParameters@62@@Z 00000001800032d0 f i plugin_test1.obj
 0001:000023a0       ??$t_ref_get_other_interface@UIImage@lib2d@UModSys@@U?$TRefObjectFunc@UIImage@lib2d@UModSys@@@tl@3@@IRefObject@core@UModSys@@QEAA_NAEAU?$TRefObject@UIImage@lib2d@UModSys@@U?$TRefObjectFunc@UIImage@lib2d@UModSys@@@tl@3@@tl@2@@Z 00000001800033a0 f i plugin_test1.obj
 0001:000023f0       ?root_get_interface_info@RImage_Memory@stdlib@lib2d@modules@UModSys@@UEBAAEBUSUniquePointerInfo@core@5@XZ 00000001800033f0 f i umodsys_lib_lib2d:umodsys.mod.2d.stdlib.obj
 0001:00002400       ?root_get_interface_type@RImage_Memory@stdlib@lib2d@modules@UModSys@@UEBAPEBUSUniquePointerInfo@core@5@XZ 0000000180003400 f i umodsys_lib_lib2d:umodsys.mod.2d.stdlib.obj
 0001:00002410       ?root_get_other_interface@RImage_Memory@stdlib@lib2d@modules@UModSys@@UEAAPEAUIRoot@core@5@PEBUSUniquePointerInfo@75@@Z 0000000180003410 f i umodsys_lib_lib2d:umodsys.mod.2d.stdlib.obj
 0001:00002410       ?root_get_other_interface@RImage_Memory@stdlib@lib2d@modules@UModSys@@UEBAPEBUIRoot@core@5@PEBUSUniquePointerInfo@75@@Z 0000000180003410 f i umodsys_lib_lib2d:umodsys.mod.2d.stdlib.obj
 0001:00002440       ?root_is_interface_supported@RImage_Memory@stdlib@lib2d@modules@UModSys@@UEBA_NPEBUSUniquePointerInfo@core@5@@Z 0000000180003440 f i umodsys_lib_lib2d:umodsys.mod.2d.stdlib.obj
 0001:00002470       ?set_info@RImage_Memory@stdlib@lib2d@modules@UModSys@@UEAA_NAEBUSImagePatchInfo@35@PEBD@Z 0000000180003470 f i umodsys_lib_lib2d:umodsys.mod.2d.stdlib.obj
 0001:00002630       ?set_data@RImage_Memory@stdlib@lib2d@modules@UModSys@@UEAA_NAEBUSImagePatchInfo@35@AEBUSCMem@core@5@H@Z 0000000180003630 f i umodsys_lib_lib2d:umodsys.mod.2d.stdlib.obj
 0001:00002800       ?get_info@RImage_Memory@stdlib@lib2d@modules@UModSys@@UEBAAEBUSImageInfo@35@XZ 0000000180003800 f i umodsys_lib_lib2d:umodsys.mod.2d.stdlib.obj
 0001:00002810       ?get_data@RImage_Memory@stdlib@lib2d@modules@UModSys@@UEBA_NAEBUSImagePatchInfo@35@AEBUSMem@core@5@H@Z 0000000180003810 f i umodsys_lib_lib2d:umodsys.mod.2d.stdlib.obj
 0001:000029f0       ??0RImage_Memory@stdlib@lib2d@modules@UModSys@@QEAA@PEAUIModObject@base@4@AEBUSParameters@core@4@@Z 00000001800039f0 f i umodsys_lib_lib2d:umodsys.mod.2d.stdlib.obj
 0001:00002ab0       ??1State@RImage_Memory@stdlib@lib2d@modules@UModSys@@QEAA@XZ 0000000180003ab0 f i umodsys_lib_lib2d:umodsys.mod.2d.stdlib.obj
 0001:00002ab0       ??1SMemShared@core@UModSys@@QEAA@XZ 0000000180003ab0 f i plugin_test1.obj
 0001:00002ae0       ??4State@RImage_Memory@stdlib@lib2d@modules@UModSys@@QEAAAEAU012345@AEBU012345@@Z 0000000180003ae0 f i umodsys_lib_lib2d:umodsys.mod.2d.stdlib.obj
 0001:00002bc0       ??_GRImage_Memory@stdlib@lib2d@modules@UModSys@@UEAAPEAXI@Z 0000000180003bc0 f i umodsys_lib_lib2d:umodsys.mod.2d.stdlib.obj
 0001:00002bc0       ??_ERImage_Memory@stdlib@lib2d@modules@UModSys@@UEAAPEAXI@Z 0000000180003bc0 f i  CIL library: CIL module
 0001:00002c20       ?get_generated_names@RGenerator@stdlib@lib2d@modules@UModSys@@UEBAHAEAUSUniquePtrList@core@5@@Z 0000000180003c20 f i umodsys_lib_lib2d:umodsys.mod.2d.stdlib.obj
 0001:00002c40       ?get_generated_types@RGenerator@stdlib@lib2d@modules@UModSys@@UEBAHAEAUSUniquePtrList@core@5@PEBUSUniquePointerInfo@75@@Z 0000000180003c40 f i umodsys_lib_lib2d:umodsys.mod.2d.stdlib.obj
 0001:00002ca0       ?generate@RGenerator@stdlib@lib2d@modules@UModSys@@UEAA_NAEAU?$TRefObject@UIRefObject@core@UModSys@@U?$TRefObjectFunc@UIRefObject@core@UModSys@@@tl@3@@tl@5@PEBUSUniquePointerInfo@core@5@AEBUSParameters@95@@Z 0000000180003ca0 f i umodsys_lib_lib2d:umodsys.mod.2d.stdlib.obj
 0001:00002d20       ?root_get_interface_info@RGenerator@stdlib@lib2d@modules@UModSys@@UEBAAEBUSUniquePointerInfo@core@5@XZ 0000000180003d20 f i umodsys_lib_lib2d:umodsys.mod.2d.stdlib.obj
 0001:00002d30       ?root_get_interface_type@RGenerator@stdlib@lib2d@modules@UModSys@@UEBAPEBUSUniquePointerInfo@core@5@XZ 0000000180003d30 f i umodsys_lib_lib2d:umodsys.mod.2d.stdlib.obj
 0001:00002d40       ?root_get_other_interface@RGenerator@stdlib@lib2d@modules@UModSys@@UEAAPEAUIRoot@core@5@PEBUSUniquePointerInfo@75@@Z 0000000180003d40 f i umodsys_lib_lib2d:umodsys.mod.2d.stdlib.obj
 0001:00002d40       ?root_get_other_interface@RGenerator@stdlib@lib2d@modules@UModSys@@UEBAPEBUIRoot@core@5@PEBUSUniquePointerInfo@75@@Z 0000000180003d40 f i umodsys_lib_lib2d:umodsys.mod.2d.stdlib.obj
 0001:00002d80       ?root_is_interface_supported@RGenerator@stdlib@lib2d@modules@UModSys@@UEBA_NPEBUSUniquePointerInfo@core@5@@Z 0000000180003d80 f i umodsys_lib_lib2d:umodsys.mod.2d.stdlib.obj
 0001:00002dc0       ?ref_add@RRenderDriver2D@SDL_core@ui@modules@UModSys@@UEBAXXZ 0000000180003dc0 f i umodsys_lib_libui:umodsys.mod.ui.SDL_core.obj
 0001:00002dc0       ?ref_add@RSerializeReader@serialize_json@media@modules@UModSys@@UEBAXXZ 0000000180003dc0 f i umodsys_lib_libmedia:umodsys.mod.media.serialize_json.obj
 0001:00002dc0       ?ref_add@RTerminal@SDL_core@ui@modules@UModSys@@UEBAXXZ 0000000180003dc0 f i umodsys_lib_libui:umodsys.mod.ui.SDL_core.obj
 0001:00002dc0       ?ref_add@RGenerator@stdlib@lib2d@modules@UModSys@@UEBAXXZ 0000000180003dc0 f i umodsys_lib_lib2d:umodsys.mod.2d.stdlib.obj
 0001:00002dc0       ?ref_add@RGenerator@frames@ui@modules@UModSys@@UEBAXXZ 0000000180003dc0 f i umodsys_lib_libui:umodsys.mod.ui.frames.obj
 0001:00002dc0       ?ref_add@RImage_Memory@stdlib@lib2d@modules@UModSys@@UEBAXXZ 0000000180003dc0 f i umodsys_lib_lib2d:umodsys.mod.2d.stdlib.obj
 0001:00002dc0       ?ref_add@RDialog@frames@ui@modules@UModSys@@UEBAXXZ 0000000180003dc0 f i umodsys_lib_libui:umodsys.mod.ui.frames.obj
 0001:00002dc0       ?ref_add@RGenerator@SDL_core@ui@modules@UModSys@@UEBAXXZ 0000000180003dc0 f i umodsys_lib_libui:umodsys.mod.ui.SDL_core.obj
 0001:00002dc0       ?ref_add@RKeyboardController@SDL_core@ui@modules@UModSys@@UEBAXXZ 0000000180003dc0 f i umodsys_lib_libui:umodsys.mod.ui.SDL_core.obj
 0001:00002dc0       ?ref_add@RMouseController@SDL_core@ui@modules@UModSys@@UEBAXXZ 0000000180003dc0 f i umodsys_lib_libui:umodsys.mod.ui.SDL_core.obj
 0001:00002dc0       ?ref_add@RGenerator@test1@test@modules@UModSys@@UEBAXXZ 0000000180003dc0 f i plugin_test1.obj
 0001:00002dc0       ?ref_add@RMultiImage2D_SDL_ttf@SDL_core@ui@modules@UModSys@@UEBAXXZ 0000000180003dc0 f i umodsys_lib_libui:umodsys.mod.ui.SDL_core.obj
 0001:00002dc0       ?ref_add@RGenerator@images_std@media@modules@UModSys@@UEBAXXZ 0000000180003dc0 f i umodsys_lib_libmedia:umodsys.mod.media.images_std.obj
 0001:00002dc0       ?ref_add@RGenerator@serialize_json@media@modules@UModSys@@UEBAXXZ 0000000180003dc0 f i umodsys_lib_libmedia:umodsys.mod.media.serialize_json.obj
 0001:00002dd0       ?suicide@RGenerator@SDL_core@ui@modules@UModSys@@UEAAXXZ 0000000180003dd0 f i umodsys_lib_libui:umodsys.mod.ui.SDL_core.obj
 0001:00002dd0       ?suicide@RGenerator@images_std@media@modules@UModSys@@UEAAXXZ 0000000180003dd0 f i umodsys_lib_libmedia:umodsys.mod.media.images_std.obj
 0001:00002dd0       ?render_box@RRenderDriver2D@SDL_core@ui@modules@UModSys@@UEAAXPEAUIImage@lib2d@5@AEBU?$TVector2@H@math3d@5@1AEBU?$TVector2@M@95@2@Z 0000000180003dd0 f i umodsys_lib_libui:umodsys.mod.ui.SDL_core.obj
 0001:00002dd0       ?suicide@RGenerator@frames@ui@modules@UModSys@@UEAAXXZ 0000000180003dd0 f i umodsys_lib_libui:umodsys.mod.ui.frames.obj
 0001:00002dd0       ?suicide@RGenerator@test1@test@modules@UModSys@@UEAAXXZ 0000000180003dd0 f i plugin_test1.obj
 0001:00002dd0       ?suicide@RGenerator@serialize_json@media@modules@UModSys@@UEAAXXZ 0000000180003dd0 f i umodsys_lib_libmedia:umodsys.mod.media.serialize_json.obj
 0001:00002dd0       ?suicide@RGenerator@stdlib@lib2d@modules@UModSys@@UEAAXXZ 0000000180003dd0 f i umodsys_lib_lib2d:umodsys.mod.2d.stdlib.obj
 0001:00002dd0       ??3@YAXPEAX0@Z             0000000180003dd0 f i plugin_test1.obj
 0001:00002de0       ?get_uid@RGenerator@stdlib@lib2d@modules@UModSys@@UEBAPEBUSUniquePointerInfo@core@5@XZ 0000000180003de0 f i umodsys_lib_lib2d:umodsys.mod.2d.stdlib.obj
 0001:00002df0       ?do_open@RModuleReg@stdlib@lib2d@modules@UModSys@@UEAA_NXZ 0000000180003df0 f i umodsys_lib_lib2d:umodsys.mod.2d.stdlib.obj
 0001:00002e00       ?do_close@RModuleReg@stdlib@lib2d@modules@UModSys@@UEAA_NXZ 0000000180003e00 f i umodsys_lib_lib2d:umodsys.mod.2d.stdlib.obj
 0001:00002e10       ??_GRModuleReg@stdlib@lib2d@modules@UModSys@@UEAAPEAXI@Z 0000000180003e10 f i umodsys_lib_lib2d:umodsys.mod.2d.stdlib.obj
 0001:00002e10       ??_ERModuleReg@stdlib@lib2d@modules@UModSys@@UEAAPEAXI@Z 0000000180003e10 f i  CIL library: CIL module
 0001:00002e40       ??_GRGenerator@SDL_core@ui@modules@UModSys@@UEAAPEAXI@Z 0000000180003e40 f i umodsys_lib_libui:umodsys.mod.ui.SDL_core.obj
 0001:00002e40       ??_GIRefObject@core@UModSys@@UEAAPEAXI@Z 0000000180003e40 f i plugin_test1.obj
 0001:00002e40       ??_ERGenerator@test1@test@modules@UModSys@@UEAAPEAXI@Z 0000000180003e40 f i  CIL library: CIL module
 0001:00002e40       ??_GRGenerator@stdlib@lib2d@modules@UModSys@@UEAAPEAXI@Z 0000000180003e40 f i umodsys_lib_lib2d:umodsys.mod.2d.stdlib.obj
 0001:00002e40       ??_ERGenerator@serialize_json@media@modules@UModSys@@UEAAPEAXI@Z 0000000180003e40 f i  CIL library: CIL module
 0001:00002e40       ??_GRGenerator@images_std@media@modules@UModSys@@UEAAPEAXI@Z 0000000180003e40 f i umodsys_lib_libmedia:umodsys.mod.media.images_std.obj
 0001:00002e40       ??_GRGenerator@serialize_json@media@modules@UModSys@@UEAAPEAXI@Z 0000000180003e40 f i umodsys_lib_libmedia:umodsys.mod.media.serialize_json.obj
 0001:00002e40       ??_EIRefObject@core@UModSys@@UEAAPEAXI@Z 0000000180003e40 f i  CIL library: CIL module
 0001:00002e40       ??_GRGenerator@frames@ui@modules@UModSys@@UEAAPEAXI@Z 0000000180003e40 f i umodsys_lib_libui:umodsys.mod.ui.frames.obj
 0001:00002e40       ??_GRGenerator@test1@test@modules@UModSys@@UEAAPEAXI@Z 0000000180003e40 f i plugin_test1.obj
 0001:00002e40       ??_ERGenerator@frames@ui@modules@UModSys@@UEAAPEAXI@Z 0000000180003e40 f i  CIL library: CIL module
 0001:00002e40       ??_ERGenerator@SDL_core@ui@modules@UModSys@@UEAAPEAXI@Z 0000000180003e40 f i  CIL library: CIL module
 0001:00002e40       ??_ERGenerator@images_std@media@modules@UModSys@@UEAAPEAXI@Z 0000000180003e40 f i  CIL library: CIL module
 0001:00002e40       ??_ERGenerator@stdlib@lib2d@modules@UModSys@@UEAAPEAXI@Z 0000000180003e40 f i  CIL library: CIL module
 0001:00002e70       ?utf_8to32@su@tl@UModSys@@YA_NAEAHAEAPEBDAEA_K@Z 0000000180003e70 f i umodsys_lib_libui:umodsys.mod.ui.SDL_core.obj
 0001:00002fb0       ?root_get_interface_info@RMultiImage2D_SDL_ttf@SDL_core@ui@modules@UModSys@@UEBAAEBUSUniquePointerInfo@core@5@XZ 0000000180003fb0 f i umodsys_lib_libui:umodsys.mod.ui.SDL_core.obj
 0001:00002fc0       ?root_get_interface_type@RMultiImage2D_SDL_ttf@SDL_core@ui@modules@UModSys@@UEBAPEBUSUniquePointerInfo@core@5@XZ 0000000180003fc0 f i umodsys_lib_libui:umodsys.mod.ui.SDL_core.obj
 0001:00002fd0       ?root_get_other_interface@RMultiImage2D_SDL_ttf@SDL_core@ui@modules@UModSys@@UEAAPEAUIRoot@core@5@PEBUSUniquePointerInfo@75@@Z 0000000180003fd0 f i umodsys_lib_libui:umodsys.mod.ui.SDL_core.obj
 0001:00002fd0       ?root_get_other_interface@RMultiImage2D_SDL_ttf@SDL_core@ui@modules@UModSys@@UEBAPEBUIRoot@core@5@PEBUSUniquePointerInfo@75@@Z 0000000180003fd0 f i umodsys_lib_libui:umodsys.mod.ui.SDL_core.obj
 0001:00003000       ?root_is_interface_supported@RMultiImage2D_SDL_ttf@SDL_core@ui@modules@UModSys@@UEBA_NPEBUSUniquePointerInfo@core@5@@Z 0000000180004000 f i umodsys_lib_libui:umodsys.mod.ui.SDL_core.obj
 0001:00003030       ?suicide@RMouseController@SDL_core@ui@modules@UModSys@@UEAAXXZ 0000000180004030 f i umodsys_lib_libui:umodsys.mod.ui.SDL_core.obj
 0001:00003030       ?suicide@RKeyboardController@SDL_core@ui@modules@UModSys@@UEAAXXZ 0000000180004030 f i umodsys_lib_libui:umodsys.mod.ui.SDL_core.obj
 0001:00003030       ?suicide@RDialog@frames@ui@modules@UModSys@@UEAAXXZ 0000000180004030 f i umodsys_lib_libui:umodsys.mod.ui.frames.obj
 0001:00003030       ?suicide@RMultiImage2D_SDL_ttf@SDL_core@ui@modules@UModSys@@UEAAXXZ 0000000180004030 f i umodsys_lib_libui:umodsys.mod.ui.SDL_core.obj
 0001:00003030       ?suicide@RRenderDriver2D@SDL_core@ui@modules@UModSys@@UEAAXXZ 0000000180004030 f i umodsys_lib_libui:umodsys.mod.ui.SDL_core.obj
 0001:00003080       ??0RMultiImage2D_SDL_ttf@SDL_core@ui@modules@UModSys@@QEAA@PEAURRenderDriver2D@1234@AEBUSParameters@core@4@@Z 0000000180004080 f i umodsys_lib_libui:umodsys.mod.ui.SDL_core.obj
 0001:00003120       ?open@RMultiImage2D_SDL_ttf@SDL_core@ui@modules@UModSys@@QEAA_NAEBUSParameters@core@5@@Z 0000000180004120 f i umodsys_lib_libui:umodsys.mod.ui.SDL_core.obj
 0001:00003220       ?generate_glyphs@RMultiImage2D_SDL_ttf@SDL_core@ui@modules@UModSys@@QEAA_NXZ 0000000180004220 f i umodsys_lib_libui:umodsys.mod.ui.SDL_core.obj
 0001:00003380       ?set_parameters@RRenderDriver2D@SDL_core@ui@modules@UModSys@@UEAA_NPEBDAEBUSParameters@core@5@@Z 0000000180004380 f i umodsys_lib_libui:umodsys.mod.ui.SDL_core.obj
 0001:00003380       ?mouse_setposition@RMouseController@SDL_core@ui@modules@UModSys@@UEAA_NHH@Z 0000000180004380 f i umodsys_lib_libui:umodsys.mod.ui.SDL_core.obj
 0001:00003380       ?set_layer_count@RMultiImage2D_SDL_ttf@SDL_core@ui@modules@UModSys@@UEAA_NH@Z 0000000180004380 f i umodsys_lib_libui:umodsys.mod.ui.SDL_core.obj
 0001:00003380       ?key_event@RFrame_Common@frames@ui@modules@UModSys@@MEAA_NAEBUSKeyboardInputText@libui@5@@Z 0000000180004380 f i umodsys_lib_libui:umodsys.mod.ui.frames.obj
 0001:00003380       ?set_fixed_cell@RMultiImage2D_SDL_ttf@SDL_core@ui@modules@UModSys@@UEAA_NHH@Z 0000000180004380 f i umodsys_lib_libui:umodsys.mod.ui.SDL_core.obj
 0001:00003380       ?mouse_setvisible@RMouseController@SDL_core@ui@modules@UModSys@@UEAA_N_N@Z 0000000180004380 f i umodsys_lib_libui:umodsys.mod.ui.SDL_core.obj
 0001:00003380       ?key_setrepeat@RKeyboardController@SDL_core@ui@modules@UModSys@@UEAA_NMM@Z 0000000180004380 f i umodsys_lib_libui:umodsys.mod.ui.SDL_core.obj
 0001:00003380       ?key_reset@RKeyboardController@SDL_core@ui@modules@UModSys@@UEAA_NXZ 0000000180004380 f i umodsys_lib_libui:umodsys.mod.ui.SDL_core.obj
 0001:00003380       ?key_setmodifier@RKeyboardController@SDL_core@ui@modules@UModSys@@UEAA_NHHH@Z 0000000180004380 f i umodsys_lib_libui:umodsys.mod.ui.SDL_core.obj
 0001:00003380       ?mouse_reset@RMouseController@SDL_core@ui@modules@UModSys@@UEAA_NXZ 0000000180004380 f i umodsys_lib_libui:umodsys.mod.ui.SDL_core.obj
 0001:00003380       ?mouse_event@RFrame_Common@frames@ui@modules@UModSys@@MEAA_NPEBUSMouseInput@libui@5@@Z 0000000180004380 f i umodsys_lib_libui:umodsys.mod.ui.frames.obj
 0001:00003380       ?set_var_cell@RMultiImage2D_SDL_ttf@SDL_core@ui@modules@UModSys@@UEAA_NPEBUSImageCellInfo@lib2d@5@HH@Z 0000000180004380 f i umodsys_lib_libui:umodsys.mod.ui.SDL_core.obj
 0001:00003380       ?get_cell_size@RMultiImage2D_SDL_ttf@SDL_core@ui@modules@UModSys@@UEAA_NHAEAU?$TVector2@H@math3d@5@PEAU675@@Z 0000000180004380 f i umodsys_lib_libui:umodsys.mod.ui.SDL_core.obj
 0001:00003380       ?set_insize@RFrame_Common@frames@ui@modules@UModSys@@UEAA_NAEBU?$TVector2@H@math3d@5@@Z 0000000180004380 f i umodsys_lib_libui:umodsys.mod.ui.frames.obj
 0001:00003380       ?key_event@RFrame_Common@frames@ui@modules@UModSys@@MEAA_NAEBUSKeyboardInputRaw@libui@5@@Z 0000000180004380 f i umodsys_lib_libui:umodsys.mod.ui.frames.obj
 0001:00003380       ?set_hint@RMultiImage2D_SDL_ttf@SDL_core@ui@modules@UModSys@@UEAA_NPEBD0@Z 0000000180004380 f i umodsys_lib_libui:umodsys.mod.ui.SDL_core.obj
 0001:00003380       ?get_max_cell_size@RMultiImage2D_SDL_ttf@SDL_core@ui@modules@UModSys@@UEAA_NAEAU?$TVector2@H@math3d@5@@Z 0000000180004380 f i umodsys_lib_libui:umodsys.mod.ui.SDL_core.obj
 0001:00003390       ??_GRMultiImage2D_SDL_ttf@SDL_core@ui@modules@UModSys@@UEAAPEAXI@Z 0000000180004390 f i umodsys_lib_libui:umodsys.mod.ui.SDL_core.obj
 0001:00003390       ??_ERMultiImage2D_SDL_ttf@SDL_core@ui@modules@UModSys@@UEAAPEAXI@Z 0000000180004390 f i  CIL library: CIL module
 0001:00003410       ?root_get_interface_info@RRenderDriver2D@SDL_core@ui@modules@UModSys@@UEBAAEBUSUniquePointerInfo@core@5@XZ 0000000180004410 f i umodsys_lib_libui:umodsys.mod.ui.SDL_core.obj
 0001:00003420       ?root_get_interface_type@RRenderDriver2D@SDL_core@ui@modules@UModSys@@UEBAPEBUSUniquePointerInfo@core@5@XZ 0000000180004420 f i umodsys_lib_libui:umodsys.mod.ui.SDL_core.obj
 0001:00003430       ?root_get_other_interface@RRenderDriver2D@SDL_core@ui@modules@UModSys@@UEAAPEAUIRoot@core@5@PEBUSUniquePointerInfo@75@@Z 0000000180004430 f i umodsys_lib_libui:umodsys.mod.ui.SDL_core.obj
 0001:00003430       ?root_get_other_interface@RRenderDriver2D@SDL_core@ui@modules@UModSys@@UEBAPEBUIRoot@core@5@PEBUSUniquePointerInfo@75@@Z 0000000180004430 f i umodsys_lib_libui:umodsys.mod.ui.SDL_core.obj
 0001:00003460       ?root_is_interface_supported@RRenderDriver2D@SDL_core@ui@modules@UModSys@@UEBA_NPEBUSUniquePointerInfo@core@5@@Z 0000000180004460 f i umodsys_lib_libui:umodsys.mod.ui.SDL_core.obj
 0001:00003490       ??0RRenderDriver2D@SDL_core@ui@modules@UModSys@@QEAA@PEAURTerminal@1234@AEBUSParameters@core@4@@Z 0000000180004490 f i umodsys_lib_libui:umodsys.mod.ui.SDL_core.obj
 0001:000035e0       ??1RRenderDriver2D@SDL_core@ui@modules@UModSys@@UEAA@XZ 00000001800045e0 f i umodsys_lib_libui:umodsys.mod.ui.SDL_core.obj
 0001:000036b0       ?open@RRenderDriver2D@SDL_core@ui@modules@UModSys@@QEAA_NAEBUSParameters@core@5@@Z 00000001800046b0 f i umodsys_lib_libui:umodsys.mod.ui.SDL_core.obj
 0001:000038d0       ?set_color@RRenderDriver2D@SDL_core@ui@modules@UModSys@@QEAAXXZ 00000001800048d0 f i umodsys_lib_libui:umodsys.mod.ui.SDL_core.obj
 0001:00003950       ?begin@RRenderDriver2D@SDL_core@ui@modules@UModSys@@UEAAXXZ 0000000180004950 f i umodsys_lib_libui:umodsys.mod.ui.SDL_core.obj
 0001:000039c0       ?end@RRenderDriver2D@SDL_core@ui@modules@UModSys@@UEAAXXZ 00000001800049c0 f i umodsys_lib_libui:umodsys.mod.ui.SDL_core.obj
 0001:000039e0       ?get_max_values@RRenderDriver2D@SDL_core@ui@modules@UModSys@@UEBAPEBUSParameters@core@5@XZ 00000001800049e0 f i umodsys_lib_libui:umodsys.mod.ui.SDL_core.obj
 0001:000039f0       ?get_frame_values@RRenderDriver2D@SDL_core@ui@modules@UModSys@@UEBAPEBUSParameters@core@5@XZ 00000001800049f0 f i umodsys_lib_libui:umodsys.mod.ui.SDL_core.obj
 0001:00003a00       ?setup_font@RRenderDriver2D@SDL_core@ui@modules@UModSys@@UEAA_NPEAUIMultiImage@lib2d@5@PEBU?$TVector2@M@math3d@5@@Z 0000000180004a00 f i umodsys_lib_libui:umodsys.mod.ui.SDL_core.obj
 0001:00003a70       ?setup_color@RRenderDriver2D@SDL_core@ui@modules@UModSys@@UEAAXAEBU?$TVector3@M@math3d@5@@Z 0000000180004a70 f i umodsys_lib_libui:umodsys.mod.ui.SDL_core.obj
 0001:00003aa0       ?setup_color@RRenderDriver2D@SDL_core@ui@modules@UModSys@@UEAAXAEBU?$TVector3@H@math3d@5@@Z 0000000180004aa0 f i umodsys_lib_libui:umodsys.mod.ui.SDL_core.obj
 0001:00003af0       ?setup_coloralpha@RRenderDriver2D@SDL_core@ui@modules@UModSys@@UEAAXAEBU?$TVector4@M@math3d@5@H@Z 0000000180004af0 f i umodsys_lib_libui:umodsys.mod.ui.SDL_core.obj
 0001:00003b20       ?setup_coloralpha@RRenderDriver2D@SDL_core@ui@modules@UModSys@@UEAAXAEBU?$TVector4@H@math3d@5@H@Z 0000000180004b20 f i umodsys_lib_libui:umodsys.mod.ui.SDL_core.obj
 0001:00003b90       ?setup_blendcolor@RRenderDriver2D@SDL_core@ui@modules@UModSys@@UEAAXAEBUSBlendColor@lib2d@5@@Z 0000000180004b90 f i umodsys_lib_libui:umodsys.mod.ui.SDL_core.obj
 0001:00003c00       ?setup_blendcolor@RRenderDriver2D@SDL_core@ui@modules@UModSys@@UEAAXAEBUSBlendColorf@lib2d@5@@Z 0000000180004c00 f i umodsys_lib_libui:umodsys.mod.ui.SDL_core.obj
 0001:00003c60       ?setup_alpha@RRenderDriver2D@SDL_core@ui@modules@UModSys@@UEAAXHH@Z 0000000180004c60 f i umodsys_lib_libui:umodsys.mod.ui.SDL_core.obj
 0001:00003c90       ?setup_alpha@RRenderDriver2D@SDL_core@ui@modules@UModSys@@UEAAXMH@Z 0000000180004c90 f i umodsys_lib_libui:umodsys.mod.ui.SDL_core.obj
 0001:00003cb0       ?render_text_advanced@RRenderDriver2D@SDL_core@ui@modules@UModSys@@UEAA_NAEAUTextInfo@IRenderDriver@lib2d@5@PEBHH@Z 0000000180004cb0 f i umodsys_lib_libui:umodsys.mod.ui.SDL_core.obj
 0001:00003f00       ?render_box@RRenderDriver2D@SDL_core@ui@modules@UModSys@@UEAAXAEBU?$TVector2@H@math3d@5@0@Z 0000000180004f00 f i umodsys_lib_libui:umodsys.mod.ui.SDL_core.obj
 0001:00003f50       ?render_tri@RRenderDriver2D@SDL_core@ui@modules@UModSys@@UEAAXAEBU?$TVector2@H@math3d@5@00@Z 0000000180004f50 f i umodsys_lib_libui:umodsys.mod.ui.SDL_core.obj
 0001:00003fd0       ?render_quad@RRenderDriver2D@SDL_core@ui@modules@UModSys@@UEAAXAEBU?$TVector2@H@math3d@5@000@Z 0000000180004fd0 f i umodsys_lib_libui:umodsys.mod.ui.SDL_core.obj
 0001:00004080       ?render_line@RRenderDriver2D@SDL_core@ui@modules@UModSys@@UEAAXAEBU?$TVector2@H@math3d@5@0@Z 0000000180005080 f i umodsys_lib_libui:umodsys.mod.ui.SDL_core.obj
 0001:000040b0       ?render_rect@RRenderDriver2D@SDL_core@ui@modules@UModSys@@UEAAXAEBU?$TVector2@H@math3d@5@0@Z 00000001800050b0 f i umodsys_lib_libui:umodsys.mod.ui.SDL_core.obj
 0001:00004100       ??_ERRenderDriver2D@SDL_core@ui@modules@UModSys@@UEAAPEAXI@Z 0000000180005100 f i  CIL library: CIL module
 0001:00004100       ??_GRRenderDriver2D@SDL_core@ui@modules@UModSys@@UEAAPEAXI@Z 0000000180005100 f i umodsys_lib_libui:umodsys.mod.ui.SDL_core.obj
 0001:00004130       ?root_get_interface_info@RMouseController@SDL_core@ui@modules@UModSys@@UEBAAEBUSUniquePointerInfo@core@5@XZ 0000000180005130 f i umodsys_lib_libui:umodsys.mod.ui.SDL_core.obj
 0001:00004140       ?root_get_interface_type@RMouseController@SDL_core@ui@modules@UModSys@@UEBAPEBUSUniquePointerInfo@core@5@XZ 0000000180005140 f i umodsys_lib_libui:umodsys.mod.ui.SDL_core.obj
 0001:00004150       ?root_get_other_interface@RMouseController@SDL_core@ui@modules@UModSys@@UEBAPEBUIRoot@core@5@PEBUSUniquePointerInfo@75@@Z 0000000180005150 f i umodsys_lib_libui:umodsys.mod.ui.SDL_core.obj
 0001:00004150       ?root_get_other_interface@RMouseController@SDL_core@ui@modules@UModSys@@UEAAPEAUIRoot@core@5@PEBUSUniquePointerInfo@75@@Z 0000000180005150 f i umodsys_lib_libui:umodsys.mod.ui.SDL_core.obj
 0001:00004180       ?root_is_interface_supported@RMouseController@SDL_core@ui@modules@UModSys@@UEBA_NPEBUSUniquePointerInfo@core@5@@Z 0000000180005180 f i umodsys_lib_libui:umodsys.mod.ui.SDL_core.obj
 0001:000041b0       ?process@RMouseController@SDL_core@ui@modules@UModSys@@QEAA_NAEAUSDL_MouseMotionEvent@@@Z 00000001800051b0 f i umodsys_lib_libui:umodsys.mod.ui.SDL_core.obj
 0001:00004330       ?process@RMouseController@SDL_core@ui@modules@UModSys@@QEAA_NAEAUSDL_MouseButtonEvent@@@Z 0000000180005330 f i umodsys_lib_libui:umodsys.mod.ui.SDL_core.obj
 0001:00004480       ?process@RMouseController@SDL_core@ui@modules@UModSys@@QEAA_NAEAUSDL_MouseWheelEvent@@@Z 0000000180005480 f i umodsys_lib_libui:umodsys.mod.ui.SDL_core.obj
 0001:00004590       ?mouse_link@RMouseController@SDL_core@ui@modules@UModSys@@UEAA_NHPEAUIRefObject@core@5@PEAUIMouseClient@libui@5@H@Z 0000000180005590 f i umodsys_lib_libui:umodsys.mod.ui.SDL_core.obj
 0001:00004630       ??_GRMouseController@SDL_core@ui@modules@UModSys@@UEAAPEAXI@Z 0000000180005630 f i umodsys_lib_libui:umodsys.mod.ui.SDL_core.obj
 0001:00004630       ??_ERMouseController@SDL_core@ui@modules@UModSys@@UEAAPEAXI@Z 0000000180005630 f i  CIL library: CIL module
 0001:000046a0       ?root_get_interface_info@RKeyboardController@SDL_core@ui@modules@UModSys@@UEBAAEBUSUniquePointerInfo@core@5@XZ 00000001800056a0 f i umodsys_lib_libui:umodsys.mod.ui.SDL_core.obj
 0001:000046b0       ?root_get_interface_type@RKeyboardController@SDL_core@ui@modules@UModSys@@UEBAPEBUSUniquePointerInfo@core@5@XZ 00000001800056b0 f i umodsys_lib_libui:umodsys.mod.ui.SDL_core.obj
 0001:000046c0       ?root_get_interface_types@RFrame_Frame@frames@ui@modules@UModSys@@UEBA_KAEAUSUniquePtrList@core@5@@Z 00000001800056c0 f i umodsys_lib_libui:umodsys.mod.ui.frames.obj
 0001:000046c0       ?root_get_interface_types@RTest1_Shell@test1@test@modules@UModSys@@UEBA_KAEAUSUniquePtrList@core@5@@Z 00000001800056c0 f i plugin_test1.obj
 0001:000046c0       ?root_get_interface_types@RTerminal@SDL_core@ui@modules@UModSys@@UEBA_KAEAUSUniquePtrList@core@5@@Z 00000001800056c0 f i umodsys_lib_libui:umodsys.mod.ui.SDL_core.obj
 0001:000046c0       ?root_get_interface_types@RImage_Memory@stdlib@lib2d@modules@UModSys@@UEBA_KAEAUSUniquePtrList@core@5@@Z 00000001800056c0 f i umodsys_lib_lib2d:umodsys.mod.2d.stdlib.obj
 0001:000046c0       ?root_get_interface_types@RRenderDriver2D@SDL_core@ui@modules@UModSys@@UEBA_KAEAUSUniquePtrList@core@5@@Z 00000001800056c0 f i umodsys_lib_libui:umodsys.mod.ui.SDL_core.obj
 0001:000046c0       ?root_get_interface_types@RFrame_Edit@frames@ui@modules@UModSys@@UEBA_KAEAUSUniquePtrList@core@5@@Z 00000001800056c0 f i umodsys_lib_libui:umodsys.mod.ui.frames.obj
 0001:000046c0       ?root_get_interface_types@RFrame_Button@frames@ui@modules@UModSys@@UEBA_KAEAUSUniquePtrList@core@5@@Z 00000001800056c0 f i umodsys_lib_libui:umodsys.mod.ui.frames.obj
 0001:000046c0       ?root_get_interface_types@RMultiImage2D_SDL_ttf@SDL_core@ui@modules@UModSys@@UEBA_KAEAUSUniquePtrList@core@5@@Z 00000001800056c0 f i umodsys_lib_libui:umodsys.mod.ui.SDL_core.obj
 0001:000046c0       ?root_get_interface_types@RGenerator@images_std@media@modules@UModSys@@UEBA_KAEAUSUniquePtrList@core@5@@Z 00000001800056c0 f i umodsys_lib_libmedia:umodsys.mod.media.images_std.obj
 0001:000046c0       ?root_get_interface_types@RFrame_List@frames@ui@modules@UModSys@@UEBA_KAEAUSUniquePtrList@core@5@@Z 00000001800056c0 f i umodsys_lib_libui:umodsys.mod.ui.frames.obj
 0001:000046c0       ?root_get_interface_types@RSerializeWriter@serialize_json@media@modules@UModSys@@UEBA_KAEAUSUniquePtrList@core@5@@Z 00000001800056c0 f i umodsys_lib_libmedia:umodsys.mod.media.serialize_json.obj
 0001:000046c0       ?root_get_interface_types@RGenerator@SDL_core@ui@modules@UModSys@@UEBA_KAEAUSUniquePtrList@core@5@@Z 00000001800056c0 f i umodsys_lib_libui:umodsys.mod.ui.SDL_core.obj
 0001:000046c0       ?root_get_interface_types@RDialog@frames@ui@modules@UModSys@@UEBA_KAEAUSUniquePtrList@core@5@@Z 00000001800056c0 f i umodsys_lib_libui:umodsys.mod.ui.frames.obj
 0001:000046c0       ?root_get_interface_types@RGenerator@test1@test@modules@UModSys@@UEBA_KAEAUSUniquePtrList@core@5@@Z 00000001800056c0 f i plugin_test1.obj
 0001:000046c0       ?root_get_interface_types@RSerializeReader@serialize_json@media@modules@UModSys@@UEBA_KAEAUSUniquePtrList@core@5@@Z 00000001800056c0 f i umodsys_lib_libmedia:umodsys.mod.media.serialize_json.obj
 0001:000046c0       ?root_get_interface_types@RGenerator@frames@ui@modules@UModSys@@UEBA_KAEAUSUniquePtrList@core@5@@Z 00000001800056c0 f i umodsys_lib_libui:umodsys.mod.ui.frames.obj
 0001:000046c0       ?root_get_interface_types@RMouseController@SDL_core@ui@modules@UModSys@@UEBA_KAEAUSUniquePtrList@core@5@@Z 00000001800056c0 f i umodsys_lib_libui:umodsys.mod.ui.SDL_core.obj
 0001:000046c0       ?root_get_interface_types@RFrame_Text@frames@ui@modules@UModSys@@UEBA_KAEAUSUniquePtrList@core@5@@Z 00000001800056c0 f i umodsys_lib_libui:umodsys.mod.ui.frames.obj
 0001:000046c0       ?root_get_interface_types@RCollector@frames@ui@modules@UModSys@@UEBA_KAEAUSUniquePtrList@core@5@@Z 00000001800056c0 f i umodsys_lib_libui:umodsys.mod.ui.frames.obj
 0001:000046c0       ?root_get_interface_types@RGenerator@serialize_json@media@modules@UModSys@@UEBA_KAEAUSUniquePtrList@core@5@@Z 00000001800056c0 f i umodsys_lib_libmedia:umodsys.mod.media.serialize_json.obj
 0001:000046c0       ?root_get_interface_types@RGenerator@stdlib@lib2d@modules@UModSys@@UEBA_KAEAUSUniquePtrList@core@5@@Z 00000001800056c0 f i umodsys_lib_lib2d:umodsys.mod.2d.stdlib.obj
 0001:000046c0       ?root_get_interface_types@RKeyboardController@SDL_core@ui@modules@UModSys@@UEBA_KAEAUSUniquePtrList@core@5@@Z 00000001800056c0 f i umodsys_lib_libui:umodsys.mod.ui.SDL_core.obj
 0001:000046c0       ?root_get_interface_types@RMediaFilter@images_std@media@modules@UModSys@@UEBA_KAEAUSUniquePtrList@core@5@@Z 00000001800056c0 f i umodsys_lib_libmedia:umodsys.mod.media.images_std.obj
 0001:000046c0       ?root_get_interface_types@RFrame_Image@frames@ui@modules@UModSys@@UEBA_KAEAUSUniquePtrList@core@5@@Z 00000001800056c0 f i umodsys_lib_libui:umodsys.mod.ui.frames.obj
 0001:000046d0       ?root_get_other_interface@RKeyboardController@SDL_core@ui@modules@UModSys@@UEBAPEBUIRoot@core@5@PEBUSUniquePointerInfo@75@@Z 00000001800056d0 f i umodsys_lib_libui:umodsys.mod.ui.SDL_core.obj
 0001:000046d0       ?root_get_other_interface@RKeyboardController@SDL_core@ui@modules@UModSys@@UEAAPEAUIRoot@core@5@PEBUSUniquePointerInfo@75@@Z 00000001800056d0 f i umodsys_lib_libui:umodsys.mod.ui.SDL_core.obj
 0001:00004700       ?root_is_interface_supported@RKeyboardController@SDL_core@ui@modules@UModSys@@UEBA_NPEBUSUniquePointerInfo@core@5@@Z 0000000180005700 f i umodsys_lib_libui:umodsys.mod.ui.SDL_core.obj
 0001:00004730       ?process@RKeyboardController@SDL_core@ui@modules@UModSys@@QEAA_NAEAUSDL_KeyboardEvent@@@Z 0000000180005730 f i umodsys_lib_libui:umodsys.mod.ui.SDL_core.obj
 0001:00004840       ?process@RKeyboardController@SDL_core@ui@modules@UModSys@@QEAA_NAEAUSDL_TextInputEvent@@@Z 0000000180005840 f i umodsys_lib_libui:umodsys.mod.ui.SDL_core.obj
 0001:00004a00       ?map_keycode@RKeyboardController@SDL_core@ui@modules@UModSys@@QEAA?AW4eKeyCode@libui@5@H@Z 0000000180005a00 f i umodsys_lib_libui:umodsys.mod.ui.SDL_core.obj
 0001:00004f60       ?map_keyspecial@RKeyboardController@SDL_core@ui@modules@UModSys@@QEAAFG@Z 0000000180005f60 f i umodsys_lib_libui:umodsys.mod.ui.SDL_core.obj
 0001:00005000       ?mouse_unlink@RMouseController@SDL_core@ui@modules@UModSys@@UEAA_NH@Z 0000000180006000 f i umodsys_lib_libui:umodsys.mod.ui.SDL_core.obj
 0001:00005000       ?key_unlink@RKeyboardController@SDL_core@ui@modules@UModSys@@UEAA_NH@Z 0000000180006000 f i umodsys_lib_libui:umodsys.mod.ui.SDL_core.obj
 0001:00005080       ?key_link@RKeyboardController@SDL_core@ui@modules@UModSys@@UEAA_NHPEAUIRefObject@core@5@PEAUIKeyboardClient@libui@5@@Z 0000000180006080 f i umodsys_lib_libui:umodsys.mod.ui.SDL_core.obj
 0001:00005110       ?key_setvisible@RKeyboardController@SDL_core@ui@modules@UModSys@@UEAA_N_N@Z 0000000180006110 f i umodsys_lib_libui:umodsys.mod.ui.SDL_core.obj
 0001:00005130       ??_ERKeyboardController@SDL_core@ui@modules@UModSys@@UEAAPEAXI@Z 0000000180006130 f i  CIL library: CIL module
 0001:00005130       ??_GRKeyboardController@SDL_core@ui@modules@UModSys@@UEAAPEAXI@Z 0000000180006130 f i umodsys_lib_libui:umodsys.mod.ui.SDL_core.obj
 0001:000051a0       ?root_get_interface_info@RTerminal@SDL_core@ui@modules@UModSys@@UEBAAEBUSUniquePointerInfo@core@5@XZ 00000001800061a0 f i umodsys_lib_libui:umodsys.mod.ui.SDL_core.obj
 0001:000051b0       ?root_get_interface_type@RTerminal@SDL_core@ui@modules@UModSys@@UEBAPEBUSUniquePointerInfo@core@5@XZ 00000001800061b0 f i umodsys_lib_libui:umodsys.mod.ui.SDL_core.obj
 0001:000051c0       ?root_get_other_interface@RTerminal@SDL_core@ui@modules@UModSys@@UEAAPEAUIRoot@core@5@PEBUSUniquePointerInfo@75@@Z 00000001800061c0 f i umodsys_lib_libui:umodsys.mod.ui.SDL_core.obj
 0001:000051c0       ?root_get_other_interface@RTerminal@SDL_core@ui@modules@UModSys@@UEBAPEBUIRoot@core@5@PEBUSUniquePointerInfo@75@@Z 00000001800061c0 f i umodsys_lib_libui:umodsys.mod.ui.SDL_core.obj
 0001:000051f0       ?root_is_interface_supported@RTerminal@SDL_core@ui@modules@UModSys@@UEBA_NPEBUSUniquePointerInfo@core@5@@Z 00000001800061f0 f i umodsys_lib_libui:umodsys.mod.ui.SDL_core.obj
 0001:00005220       ?ref_remove@RRenderDriver2D@SDL_core@ui@modules@UModSys@@UEBAXXZ 0000000180006220 f i umodsys_lib_libui:umodsys.mod.ui.SDL_core.obj
 0001:00005220       ?ref_remove@RDialog@frames@ui@modules@UModSys@@UEBAXXZ 0000000180006220 f i umodsys_lib_libui:umodsys.mod.ui.frames.obj
 0001:00005220       ?ref_remove@RGenerator@stdlib@lib2d@modules@UModSys@@UEBAXXZ 0000000180006220 f i umodsys_lib_lib2d:umodsys.mod.2d.stdlib.obj
 0001:00005220       ?ref_remove@RGenerator@SDL_core@ui@modules@UModSys@@UEBAXXZ 0000000180006220 f i umodsys_lib_libui:umodsys.mod.ui.SDL_core.obj
 0001:00005220       ?ref_remove@RGenerator@test1@test@modules@UModSys@@UEBAXXZ 0000000180006220 f i plugin_test1.obj
 0001:00005220       ?ref_remove@RMouseController@SDL_core@ui@modules@UModSys@@UEBAXXZ 0000000180006220 f i umodsys_lib_libui:umodsys.mod.ui.SDL_core.obj
 0001:00005220       ?ref_remove@RSerializeReader@serialize_json@media@modules@UModSys@@UEBAXXZ 0000000180006220 f i umodsys_lib_libmedia:umodsys.mod.media.serialize_json.obj
 0001:00005220       ?ref_remove@RGenerator@frames@ui@modules@UModSys@@UEBAXXZ 0000000180006220 f i umodsys_lib_libui:umodsys.mod.ui.frames.obj
 0001:00005220       ?ref_remove@RImage_Memory@stdlib@lib2d@modules@UModSys@@UEBAXXZ 0000000180006220 f i umodsys_lib_lib2d:umodsys.mod.2d.stdlib.obj
 0001:00005220       ?ref_remove@RTerminal@SDL_core@ui@modules@UModSys@@UEBAXXZ 0000000180006220 f i umodsys_lib_libui:umodsys.mod.ui.SDL_core.obj
 0001:00005220       ?ref_remove@RMultiImage2D_SDL_ttf@SDL_core@ui@modules@UModSys@@UEBAXXZ 0000000180006220 f i umodsys_lib_libui:umodsys.mod.ui.SDL_core.obj
 0001:00005220       ?ref_remove@RKeyboardController@SDL_core@ui@modules@UModSys@@UEBAXXZ 0000000180006220 f i umodsys_lib_libui:umodsys.mod.ui.SDL_core.obj
 0001:00005220       ?ref_remove@RGenerator@serialize_json@media@modules@UModSys@@UEBAXXZ 0000000180006220 f i umodsys_lib_libmedia:umodsys.mod.media.serialize_json.obj
 0001:00005220       ?ref_remove@RGenerator@images_std@media@modules@UModSys@@UEBAXXZ 0000000180006220 f i umodsys_lib_libmedia:umodsys.mod.media.images_std.obj
 0001:00005240       ?ref_links@RImage_Memory@stdlib@lib2d@modules@UModSys@@UEBAHXZ 0000000180006240 f i umodsys_lib_lib2d:umodsys.mod.2d.stdlib.obj
 0001:00005240       ?ref_links@RRenderDriver2D@SDL_core@ui@modules@UModSys@@UEBAHXZ 0000000180006240 f i umodsys_lib_libui:umodsys.mod.ui.SDL_core.obj
 0001:00005240       ?ref_links@RGenerator@images_std@media@modules@UModSys@@UEBAHXZ 0000000180006240 f i umodsys_lib_libmedia:umodsys.mod.media.images_std.obj
 0001:00005240       ?ref_links@RDialog@frames@ui@modules@UModSys@@UEBAHXZ 0000000180006240 f i umodsys_lib_libui:umodsys.mod.ui.frames.obj
 0001:00005240       ?ref_links@RGenerator@stdlib@lib2d@modules@UModSys@@UEBAHXZ 0000000180006240 f i umodsys_lib_lib2d:umodsys.mod.2d.stdlib.obj
 0001:00005240       ?ref_links@RTerminal@SDL_core@ui@modules@UModSys@@UEBAHXZ 0000000180006240 f i umodsys_lib_libui:umodsys.mod.ui.SDL_core.obj
 0001:00005240       ?ref_links@RSerializeReader@serialize_json@media@modules@UModSys@@UEBAHXZ 0000000180006240 f i umodsys_lib_libmedia:umodsys.mod.media.serialize_json.obj
 0001:00005240       ?ref_links@RGenerator@serialize_json@media@modules@UModSys@@UEBAHXZ 0000000180006240 f i umodsys_lib_libmedia:umodsys.mod.media.serialize_json.obj
 0001:00005240       ?ref_links@RGenerator@SDL_core@ui@modules@UModSys@@UEBAHXZ 0000000180006240 f i umodsys_lib_libui:umodsys.mod.ui.SDL_core.obj
 0001:00005240       ?ref_links@RGenerator@frames@ui@modules@UModSys@@UEBAHXZ 0000000180006240 f i umodsys_lib_libui:umodsys.mod.ui.frames.obj
 0001:00005240       ?ref_links@RMouseController@SDL_core@ui@modules@UModSys@@UEBAHXZ 0000000180006240 f i umodsys_lib_libui:umodsys.mod.ui.SDL_core.obj
 0001:00005240       ?ref_links@RKeyboardController@SDL_core@ui@modules@UModSys@@UEBAHXZ 0000000180006240 f i umodsys_lib_libui:umodsys.mod.ui.SDL_core.obj
 0001:00005240       ?ref_links@RGenerator@test1@test@modules@UModSys@@UEBAHXZ 0000000180006240 f i plugin_test1.obj
 0001:00005240       ?ref_links@RMultiImage2D_SDL_ttf@SDL_core@ui@modules@UModSys@@UEBAHXZ 0000000180006240 f i umodsys_lib_libui:umodsys.mod.ui.SDL_core.obj
 0001:00005250       ??0RTerminal@SDL_core@ui@modules@UModSys@@QEAA@PEAUIModObject@base@4@AEBUSParameters@core@4@@Z 0000000180006250 f i umodsys_lib_libui:umodsys.mod.ui.SDL_core.obj
 0001:00005300       ??1RTerminal@SDL_core@ui@modules@UModSys@@UEAA@XZ 0000000180006300 f i umodsys_lib_libui:umodsys.mod.ui.SDL_core.obj
 0001:000053c0       ?poll_events@RTerminal@SDL_core@ui@modules@UModSys@@UEAA_NH@Z 00000001800063c0 f i umodsys_lib_libui:umodsys.mod.ui.SDL_core.obj
 0001:00005530       ?get_terminal_state@RTerminal@SDL_core@ui@modules@UModSys@@UEAA_NW4eTerminalState@libui@5@@Z 0000000180006530 f i umodsys_lib_libui:umodsys.mod.ui.SDL_core.obj
 0001:00005540       ?set_terminal_state@RTerminal@SDL_core@ui@modules@UModSys@@UEAA_NW4eTerminalState@libui@5@_N@Z 0000000180006540 f i umodsys_lib_libui:umodsys.mod.ui.SDL_core.obj
 0001:000055d0       ?get_clock@RTerminal@SDL_core@ui@modules@UModSys@@UEAANXZ 00000001800065d0 f i umodsys_lib_libui:umodsys.mod.ui.SDL_core.obj
 0001:000055f0       ?wait@RTerminal@SDL_core@ui@modules@UModSys@@UEAA_NM@Z 00000001800065f0 f i umodsys_lib_libui:umodsys.mod.ui.SDL_core.obj
 0001:00005610       ?get_count@RTerminal@SDL_core@ui@modules@UModSys@@UEBA_KPEBUSUniquePointerInfo@core@5@@Z 0000000180006610 f i umodsys_lib_libui:umodsys.mod.ui.SDL_core.obj
 0001:00005650       ?get_handler@RTerminal@SDL_core@ui@modules@UModSys@@UEBAPEAUIRefObject@core@5@PEBUSUniquePointerInfo@75@_K@Z 0000000180006650 f i umodsys_lib_libui:umodsys.mod.ui.SDL_core.obj
 0001:00005690       ?create_handler@RTerminal@SDL_core@ui@modules@UModSys@@UEAA_NPEBUSUniquePointerInfo@core@5@AEAU?$TRefObject@UIRefObject@core@UModSys@@U?$TRefObjectFunc@UIRefObject@core@UModSys@@@tl@3@@tl@5@PEBDPEBUSParameters@75@@Z 0000000180006690 f i umodsys_lib_libui:umodsys.mod.ui.SDL_core.obj
 0001:000059a0       ??_ERTerminal@SDL_core@ui@modules@UModSys@@UEAAPEAXI@Z 00000001800069a0 f i  CIL library: CIL module
 0001:000059a0       ??_GRTerminal@SDL_core@ui@modules@UModSys@@UEAAPEAXI@Z 00000001800069a0 f i umodsys_lib_libui:umodsys.mod.ui.SDL_core.obj
 0001:000059d0       ?get_generated_names@RGenerator@SDL_core@ui@modules@UModSys@@UEBAHAEAUSUniquePtrList@core@5@@Z 00000001800069d0 f i umodsys_lib_libui:umodsys.mod.ui.SDL_core.obj
 0001:000059f0       ?get_generated_types@RGenerator@SDL_core@ui@modules@UModSys@@UEBAHAEAUSUniquePtrList@core@5@PEBUSUniquePointerInfo@75@@Z 00000001800069f0 f i umodsys_lib_libui:umodsys.mod.ui.SDL_core.obj
 0001:00005a50       ?generate@RGenerator@SDL_core@ui@modules@UModSys@@UEAA_NAEAU?$TRefObject@UIRefObject@core@UModSys@@U?$TRefObjectFunc@UIRefObject@core@UModSys@@@tl@3@@tl@5@PEBUSUniquePointerInfo@core@5@AEBUSParameters@95@@Z 0000000180006a50 f i umodsys_lib_libui:umodsys.mod.ui.SDL_core.obj
 0001:00005ad0       ?root_get_interface_info@RGenerator@SDL_core@ui@modules@UModSys@@UEBAAEBUSUniquePointerInfo@core@5@XZ 0000000180006ad0 f i umodsys_lib_libui:umodsys.mod.ui.SDL_core.obj
 0001:00005ae0       ?root_get_interface_type@RGenerator@SDL_core@ui@modules@UModSys@@UEBAPEBUSUniquePointerInfo@core@5@XZ 0000000180006ae0 f i umodsys_lib_libui:umodsys.mod.ui.SDL_core.obj
 0001:00005af0       ?root_get_other_interface@RGenerator@SDL_core@ui@modules@UModSys@@UEAAPEAUIRoot@core@5@PEBUSUniquePointerInfo@75@@Z 0000000180006af0 f i umodsys_lib_libui:umodsys.mod.ui.SDL_core.obj
 0001:00005af0       ?root_get_other_interface@RGenerator@SDL_core@ui@modules@UModSys@@UEBAPEBUIRoot@core@5@PEBUSUniquePointerInfo@75@@Z 0000000180006af0 f i umodsys_lib_libui:umodsys.mod.ui.SDL_core.obj
 0001:00005b30       ?root_is_interface_supported@RGenerator@SDL_core@ui@modules@UModSys@@UEBA_NPEBUSUniquePointerInfo@core@5@@Z 0000000180006b30 f i umodsys_lib_libui:umodsys.mod.ui.SDL_core.obj
 0001:00005b70       ?ref_weak@RDialog@frames@ui@modules@UModSys@@UEBA_NAEAUWeakPointer@IRefObject@core@5@@Z 0000000180006b70 f i umodsys_lib_libui:umodsys.mod.ui.frames.obj
 0001:00005b70       ?ref_weak@RImage_Memory@stdlib@lib2d@modules@UModSys@@UEBA_NAEAUWeakPointer@IRefObject@core@5@@Z 0000000180006b70 f i umodsys_lib_lib2d:umodsys.mod.2d.stdlib.obj
 0001:00005b70       ?ref_weak@RGenerator@test1@test@modules@UModSys@@UEBA_NAEAUWeakPointer@IRefObject@core@5@@Z 0000000180006b70 f i plugin_test1.obj
 0001:00005b70       ?ref_weak@RMultiImage2D_SDL_ttf@SDL_core@ui@modules@UModSys@@UEBA_NAEAUWeakPointer@IRefObject@core@5@@Z 0000000180006b70 f i umodsys_lib_libui:umodsys.mod.ui.SDL_core.obj
 0001:00005b70       ?ref_weak@RGenerator@images_std@media@modules@UModSys@@UEBA_NAEAUWeakPointer@IRefObject@core@5@@Z 0000000180006b70 f i umodsys_lib_libmedia:umodsys.mod.media.images_std.obj
 0001:00005b70       ?ref_weak@RKeyboardController@SDL_core@ui@modules@UModSys@@UEBA_NAEAUWeakPointer@IRefObject@core@5@@Z 0000000180006b70 f i umodsys_lib_libui:umodsys.mod.ui.SDL_core.obj
 0001:00005b70       ?ref_weak@RTerminal@SDL_core@ui@modules@UModSys@@UEBA_NAEAUWeakPointer@IRefObject@core@5@@Z 0000000180006b70 f i umodsys_lib_libui:umodsys.mod.ui.SDL_core.obj
 0001:00005b70       ?ref_weak@RRenderDriver2D@SDL_core@ui@modules@UModSys@@UEBA_NAEAUWeakPointer@IRefObject@core@5@@Z 0000000180006b70 f i umodsys_lib_libui:umodsys.mod.ui.SDL_core.obj
 0001:00005b70       ?ref_weak@RGenerator@stdlib@lib2d@modules@UModSys@@UEBA_NAEAUWeakPointer@IRefObject@core@5@@Z 0000000180006b70 f i umodsys_lib_lib2d:umodsys.mod.2d.stdlib.obj
 0001:00005b70       ?ref_weak@RGenerator@SDL_core@ui@modules@UModSys@@UEBA_NAEAUWeakPointer@IRefObject@core@5@@Z 0000000180006b70 f i umodsys_lib_libui:umodsys.mod.ui.SDL_core.obj
 0001:00005b70       ?ref_weak@RGenerator@serialize_json@media@modules@UModSys@@UEBA_NAEAUWeakPointer@IRefObject@core@5@@Z 0000000180006b70 f i umodsys_lib_libmedia:umodsys.mod.media.serialize_json.obj
 0001:00005b70       ?ref_weak@RGenerator@frames@ui@modules@UModSys@@UEBA_NAEAUWeakPointer@IRefObject@core@5@@Z 0000000180006b70 f i umodsys_lib_libui:umodsys.mod.ui.frames.obj
 0001:00005b70       ?ref_weak@RSerializeReader@serialize_json@media@modules@UModSys@@UEBA_NAEAUWeakPointer@IRefObject@core@5@@Z 0000000180006b70 f i umodsys_lib_libmedia:umodsys.mod.media.serialize_json.obj
 0001:00005b70       ?ref_weak@RMouseController@SDL_core@ui@modules@UModSys@@UEBA_NAEAUWeakPointer@IRefObject@core@5@@Z 0000000180006b70 f i umodsys_lib_libui:umodsys.mod.ui.SDL_core.obj
 0001:00005b90       ?get_uid@RGenerator@SDL_core@ui@modules@UModSys@@UEBAPEBUSUniquePointerInfo@core@5@XZ 0000000180006b90 f i umodsys_lib_libui:umodsys.mod.ui.SDL_core.obj
 0001:00005ba0       ?do_open@RModuleReg@SDL_core@ui@modules@UModSys@@UEAA_NXZ 0000000180006ba0 f i umodsys_lib_libui:umodsys.mod.ui.SDL_core.obj
 0001:00005bb0       ?do_close@RModuleReg@SDL_core@ui@modules@UModSys@@UEAA_NXZ 0000000180006bb0 f i umodsys_lib_libui:umodsys.mod.ui.SDL_core.obj
 0001:00005bc0       ??_ERModuleReg@SDL_core@ui@modules@UModSys@@UEAAPEAXI@Z 0000000180006bc0 f i  CIL library: CIL module
 0001:00005bc0       ??_GRModuleReg@SDL_core@ui@modules@UModSys@@UEAAPEAXI@Z 0000000180006bc0 f i umodsys_lib_libui:umodsys.mod.ui.SDL_core.obj
 0001:00005bf0       ??1?$TScatterArray@UGlyph@RMultiImage2D_SDL_ttf@SDL_core@ui@modules@UModSys@@HU?$TScalarCompare@H@core@6@U?$TNodeDeleter0@U?$TScatterArrayNode@UGlyph@RMultiImage2D_SDL_ttf@SDL_core@ui@modules@UModSys@@H@tl@UModSys@@@tl@6@@tl@UModSys@@QEAA@XZ 0000000180006bf0 f i umodsys_lib_libui:umodsys.mod.ui.SDL_core.obj
 0001:00005c20       ??1?$TRefObject@URMultiImage2D_SDL_ttf@SDL_core@ui@modules@UModSys@@U?$TRefObjectWeakFunc@URMultiImage2D_SDL_ttf@SDL_core@ui@modules@UModSys@@@tl@5@@tl@UModSys@@QEAA@XZ 0000000180006c20 f i umodsys_lib_libui:umodsys.mod.ui.SDL_core.obj
 0001:00005c20       ??1?$TRefObject@URRenderDriver2D@SDL_core@ui@modules@UModSys@@U?$TRefObjectWeakFunc@URRenderDriver2D@SDL_core@ui@modules@UModSys@@@tl@5@@tl@UModSys@@QEAA@XZ 0000000180006c20 f i umodsys_lib_libui:umodsys.mod.ui.SDL_core.obj
 0001:00005c60       ??R?$TNodeDeleter0@U?$TScatterArrayNode@U?$TRefObjectCompositeExtra@UIMouseClient@libui@UModSys@@HUIRefObject@core@3@U?$TRefObjectFunc@UIRefObject@core@UModSys@@@tl@3@@tl@UModSys@@H@tl@UModSys@@@tl@UModSys@@QEBAHPEAU?$TScatterArrayNode@U?$TRefObjectCompositeExtra@UIMouseClient@libui@UModSys@@HUIRefObject@core@3@U?$TRefObjectFunc@UIRefObject@core@UModSys@@@tl@3@@tl@UModSys@@H@12@@Z 0000000180006c60 f i umodsys_lib_libui:umodsys.mod.ui.SDL_core.obj
 0001:00005c60       ??R?$TNodeDeleter0@U?$TScatterArrayNode@U?$TRefObjectComposite@UIKeyboardClient@libui@UModSys@@UIRefObject@core@3@U?$TRefObjectFunc@UIRefObject@core@UModSys@@@tl@3@@tl@UModSys@@H@tl@UModSys@@@tl@UModSys@@QEBAHPEAU?$TScatterArrayNode@U?$TRefObjectComposite@UIKeyboardClient@libui@UModSys@@UIRefObject@core@3@U?$TRefObjectFunc@UIRefObject@core@UModSys@@@tl@3@@tl@UModSys@@H@12@@Z 0000000180006c60 f i umodsys_lib_libui:umodsys.mod.ui.SDL_core.obj
 0001:00005ce0       ?remove_node@?$TTreeHoldRB@U?$TScatterArrayNode@U?$TRefObjectCompositeExtra@UIMouseClient@libui@UModSys@@HUIRefObject@core@3@U?$TRefObjectFunc@UIRefObject@core@UModSys@@@tl@3@@tl@UModSys@@H@tl@UModSys@@@tl@UModSys@@QEAAXPEAU?$TScatterArrayNode@U?$TRefObjectCompositeExtra@UIMouseClient@libui@UModSys@@HUIRefObject@core@3@U?$TRefObjectFunc@UIRefObject@core@UModSys@@@tl@3@@tl@UModSys@@H@23@@Z 0000000180006ce0 f i umodsys_lib_libui:umodsys.mod.ui.SDL_core.obj
 0001:00005ce0       ?remove_node@?$TTreeHoldRB@U?$TScatterArrayNode@U?$TRefObjectComposite@UIKeyboardClient@libui@UModSys@@UIRefObject@core@3@U?$TRefObjectFunc@UIRefObject@core@UModSys@@@tl@3@@tl@UModSys@@H@tl@UModSys@@@tl@UModSys@@QEAAXPEAU?$TScatterArrayNode@U?$TRefObjectComposite@UIKeyboardClient@libui@UModSys@@UIRefObject@core@3@U?$TRefObjectFunc@UIRefObject@core@UModSys@@@tl@3@@tl@UModSys@@H@23@@Z 0000000180006ce0 f i umodsys_lib_libui:umodsys.mod.ui.SDL_core.obj
 0001:00005e00       ??1?$TPair@HU?$TRefObjectComposite@UIKeyboardClient@libui@UModSys@@UIRefObject@core@3@U?$TRefObjectFunc@UIRefObject@core@UModSys@@@tl@3@@tl@UModSys@@@tl@UModSys@@QEAA@XZ 0000000180006e00 f i umodsys_lib_libui:umodsys.mod.ui.SDL_core.obj
 0001:00005e00       ??1?$TPair@HU?$TRefObjectCompositeExtra@UIMouseClient@libui@UModSys@@HUIRefObject@core@3@U?$TRefObjectFunc@UIRefObject@core@UModSys@@@tl@3@@tl@UModSys@@@tl@UModSys@@QEAA@XZ 0000000180006e00 f i umodsys_lib_libui:umodsys.mod.ui.SDL_core.obj
 0001:00005e50       ??1?$TRefObjectComposite@UIKeyboardClient@libui@UModSys@@UIRefObject@core@3@U?$TRefObjectFunc@UIRefObject@core@UModSys@@@tl@3@@tl@UModSys@@QEAA@XZ 0000000180006e50 f i umodsys_lib_libui:umodsys.mod.ui.SDL_core.obj
 0001:00005e50       ??1?$TRefObjectCompositeExtra@UIMouseClient@libui@UModSys@@HUIRefObject@core@3@U?$TRefObjectFunc@UIRefObject@core@UModSys@@@tl@3@@tl@UModSys@@QEAA@XZ 0000000180006e50 f i umodsys_lib_libui:umodsys.mod.ui.SDL_core.obj
 0001:00005ea0       ??$t_ref_get_other_interface@URMultiImage2D_SDL_ttf@SDL_core@ui@modules@UModSys@@U?$TRefObjectWeakFunc@URMultiImage2D_SDL_ttf@SDL_core@ui@modules@UModSys@@@tl@5@@IRefObject@core@UModSys@@QEAA_NAEAU?$TRefObject@URMultiImage2D_SDL_ttf@SDL_core@ui@modules@UModSys@@U?$TRefObjectWeakFunc@URMultiImage2D_SDL_ttf@SDL_core@ui@modules@UModSys@@@tl@5@@tl@2@@Z 0000000180006ea0 f i umodsys_lib_libui:umodsys.mod.ui.SDL_core.obj
 0001:00005f20       ?remove_color@?$TTreeHoldRB@U?$TScatterArrayNode@U?$TRefObjectCompositeExtra@UIMouseClient@libui@UModSys@@HUIRefObject@core@3@U?$TRefObjectFunc@UIRefObject@core@UModSys@@@tl@3@@tl@UModSys@@H@tl@UModSys@@@tl@UModSys@@IEAAXPEAU?$TScatterArrayNode@U?$TRefObjectCompositeExtra@UIMouseClient@libui@UModSys@@HUIRefObject@core@3@U?$TRefObjectFunc@UIRefObject@core@UModSys@@@tl@3@@tl@UModSys@@H@23@0@Z 0000000180006f20 f i umodsys_lib_libui:umodsys.mod.ui.SDL_core.obj
 0001:00005f20       ?remove_color@?$TTreeHoldRB@U?$TScatterArrayNode@U?$TRefObjectComposite@UIKeyboardClient@libui@UModSys@@UIRefObject@core@3@U?$TRefObjectFunc@UIRefObject@core@UModSys@@@tl@3@@tl@UModSys@@H@tl@UModSys@@@tl@UModSys@@IEAAXPEAU?$TScatterArrayNode@U?$TRefObjectComposite@UIKeyboardClient@libui@UModSys@@UIRefObject@core@3@U?$TRefObjectFunc@UIRefObject@core@UModSys@@@tl@3@@tl@UModSys@@H@23@0@Z 0000000180006f20 f i umodsys_lib_libui:umodsys.mod.ui.SDL_core.obj
 0001:000061e0       ??$t_close@U?$TRefObject@URRenderDriver2D@SDL_core@ui@modules@UModSys@@U?$TRefObjectWeakFunc@URRenderDriver2D@SDL_core@ui@modules@UModSys@@@tl@5@@tl@UModSys@@@SDL_core@ui@modules@UModSys@@YA_NAEAU?$TScatterArray@U?$TRefObject@URRenderDriver2D@SDL_core@ui@modules@UModSys@@U?$TRefObjectWeakFunc@URRenderDriver2D@SDL_core@ui@modules@UModSys@@@tl@5@@tl@UModSys@@HU?$TScalarCompare@H@core@3@U?$TNodeDeleter0@U?$TScatterArrayNode@U?$TRefObject@URRenderDriver2D@SDL_core@ui@modules@UModSys@@U?$TRefObjectWeakFunc@URRenderDriver2D@SDL_core@ui@modules@UModSys@@@tl@5@@tl@UModSys@@H@tl@UModSys@@@23@@tl@3@@Z 00000001800071e0 f i umodsys_lib_libui:umodsys.mod.ui.SDL_core.obj
 0001:000062d0       ??$t_count@U?$TRefObject@URRenderDriver2D@SDL_core@ui@modules@UModSys@@U?$TRefObjectWeakFunc@URRenderDriver2D@SDL_core@ui@modules@UModSys@@@tl@5@@tl@UModSys@@@SDL_core@ui@modules@UModSys@@YA_KAEBU?$TScatterArray@U?$TRefObject@URRenderDriver2D@SDL_core@ui@modules@UModSys@@U?$TRefObjectWeakFunc@URRenderDriver2D@SDL_core@ui@modules@UModSys@@@tl@5@@tl@UModSys@@HU?$TScalarCompare@H@core@3@U?$TNodeDeleter0@U?$TScatterArrayNode@U?$TRefObject@URRenderDriver2D@SDL_core@ui@modules@UModSys@@U?$TRefObjectWeakFunc@URRenderDriver2D@SDL_core@ui@modules@UModSys@@@tl@5@@tl@UModSys@@H@tl@UModSys@@@23@@tl@3@@Z 00000001800072d0 f i umodsys_lib_libui:umodsys.mod.ui.SDL_core.obj
 0001:00006350       ??$t_get@U?$TRefObject@URRenderDriver2D@SDL_core@ui@modules@UModSys@@U?$TRefObjectWeakFunc@URRenderDriver2D@SDL_core@ui@modules@UModSys@@@tl@5@@tl@UModSys@@@SDL_core@ui@modules@UModSys@@YAPEAUIRefObject@core@3@AEBU?$TScatterArray@U?$TRefObject@URRenderDriver2D@SDL_core@ui@modules@UModSys@@U?$TRefObjectWeakFunc@URRenderDriver2D@SDL_core@ui@modules@UModSys@@@tl@5@@tl@UModSys@@HU?$TScalarCompare@H@core@3@U?$TNodeDeleter0@U?$TScatterArrayNode@U?$TRefObject@URRenderDriver2D@SDL_core@ui@modules@UModSys@@U?$TRefObjectWeakFunc@URRenderDriver2D@SDL_core@ui@modules@UModSys@@@tl@5@@tl@UModSys@@H@tl@UModSys@@@23@@tl@3@_K@Z 0000000180007350 f i umodsys_lib_libui:umodsys.mod.ui.SDL_core.obj
 0001:000063f0       ??$ValidateConstruction@UIRefObject@core@UModSys@@URRenderDriver2D@SDL_core@ui@modules@3@@core@UModSys@@YA_NAEAU?$TRefObject@UIRefObject@core@UModSys@@U?$TRefObjectFunc@UIRefObject@core@UModSys@@@tl@3@@tl@1@U?$TRefObject@URRenderDriver2D@SDL_core@ui@modules@UModSys@@U?$TRefObjectFunc@URRenderDriver2D@SDL_core@ui@modules@UModSys@@@tl@5@@31@@Z 00000001800073f0 f i umodsys_lib_libui:umodsys.mod.ui.SDL_core.obj
 0001:000064a0       ??$t_add@U?$TRefObject@URRenderDriver2D@SDL_core@ui@modules@UModSys@@U?$TRefObjectWeakFunc@URRenderDriver2D@SDL_core@ui@modules@UModSys@@@tl@5@@tl@UModSys@@URRenderDriver2D@SDL_core@ui@modules@3@@SDL_core@ui@modules@UModSys@@YA_NAEAU?$TScatterArray@U?$TRefObject@URRenderDriver2D@SDL_core@ui@modules@UModSys@@U?$TRefObjectWeakFunc@URRenderDriver2D@SDL_core@ui@modules@UModSys@@@tl@5@@tl@UModSys@@HU?$TScalarCompare@H@core@3@U?$TNodeDeleter0@U?$TScatterArrayNode@U?$TRefObject@URRenderDriver2D@SDL_core@ui@modules@UModSys@@U?$TRefObjectWeakFunc@URRenderDriver2D@SDL_core@ui@modules@UModSys@@@tl@5@@tl@UModSys@@H@tl@UModSys@@@23@@tl@3@PEAURRenderDriver2D@0123@@Z 00000001800074a0 f i umodsys_lib_libui:umodsys.mod.ui.SDL_core.obj
 0001:00006520       ??$ValidateConstruction@UIRefObject@core@UModSys@@URKeyboardController@SDL_core@ui@modules@3@@core@UModSys@@YA_NAEAU?$TRefObject@UIRefObject@core@UModSys@@U?$TRefObjectFunc@UIRefObject@core@UModSys@@@tl@3@@tl@1@U?$TRefObject@URKeyboardController@SDL_core@ui@modules@UModSys@@U?$TRefObjectFunc@URKeyboardController@SDL_core@ui@modules@UModSys@@@tl@5@@31@@Z 0000000180007520 f i umodsys_lib_libui:umodsys.mod.ui.SDL_core.obj
 0001:00006520       ??$ValidateConstruction@UIRefObject@core@UModSys@@URMouseController@SDL_core@ui@modules@3@@core@UModSys@@YA_NAEAU?$TRefObject@UIRefObject@core@UModSys@@U?$TRefObjectFunc@UIRefObject@core@UModSys@@@tl@3@@tl@1@U?$TRefObject@URMouseController@SDL_core@ui@modules@UModSys@@U?$TRefObjectFunc@URMouseController@SDL_core@ui@modules@UModSys@@@tl@5@@31@@Z 0000000180007520 f i umodsys_lib_libui:umodsys.mod.ui.SDL_core.obj
 0001:000065b0       ??$ValidateConstruction@UIMultiImage@lib2d@UModSys@@URMultiImage2D_SDL_ttf@SDL_core@ui@modules@3@@core@UModSys@@YA_NAEAU?$TRefObject@UIMultiImage@lib2d@UModSys@@U?$TRefObjectFunc@UIMultiImage@lib2d@UModSys@@@tl@3@@tl@1@PEAURMultiImage2D_SDL_ttf@SDL_core@ui@modules@1@@Z 00000001800075b0 f i umodsys_lib_libui:umodsys.mod.ui.SDL_core.obj
 0001:00006630       ??$genx_node@UCmp@?$TScatterArray@UGlyph@RMultiImage2D_SDL_ttf@SDL_core@ui@modules@UModSys@@HU?$TScalarCompare@H@core@6@U?$TNodeDeleter0@U?$TScatterArrayNode@UGlyph@RMultiImage2D_SDL_ttf@SDL_core@ui@modules@UModSys@@H@tl@UModSys@@@tl@6@@tl@UModSys@@UGen0@234@@?$TTreeHoldRBD@U?$TScatterArrayNode@UGlyph@RMultiImage2D_SDL_ttf@SDL_core@ui@modules@UModSys@@H@tl@UModSys@@U?$TNodeDeleter0@U?$TScatterArrayNode@UGlyph@RMultiImage2D_SDL_ttf@SDL_core@ui@modules@UModSys@@H@tl@UModSys@@@23@@tl@UModSys@@QEAAPEAU?$TScatterArrayNode@UGlyph@RMultiImage2D_SDL_ttf@SDL_core@ui@modules@UModSys@@H@12@UCmp@?$TScatterArray@UGlyph@RMultiImage2D_SDL_ttf@SDL_core@ui@modules@UModSys@@HU?$TScalarCompare@H@core@6@U?$TNodeDeleter0@U?$TScatterArrayNode@UGlyph@RMultiImage2D_SDL_ttf@SDL_core@ui@modules@UModSys@@H@tl@UModSys@@@tl@6@@12@AEBUGen0@512@PEAPEAU312@2_N@Z 0000000180007630 f i umodsys_lib_libui:umodsys.mod.ui.SDL_core.obj
[...]
 0001:0001b1a0       ??__E?s_id@?$TObjectUniqueID@URFrame_List@frames@ui@modules@UModSys@@@tl@UModSys@@2USUniquePointer@core@3@A@@YAXXZ 000000018001c1a0 f    CIL library: CIL module
 0001:0001b1e0       ??__E?s_id@?$TObjectUniqueID@URCollector@frames@ui@modules@UModSys@@@tl@UModSys@@2USUniquePointer@core@3@A@@YAXXZ 000000018001c1e0 f    CIL library: CIL module
 0001:0001b220       ??__E?s_id@?$TObjectUniqueID@URGenerator@frames@ui@modules@UModSys@@@tl@UModSys@@2USUniquePointer@core@3@A@@YAXXZ 000000018001c220 f    CIL library: CIL module
 0001:0001b260       ??__E?s_modreg@RModuleReg@images_std@media@modules@UModSys@@2U12345@A@@YAXXZ 000000018001c260 f    CIL library: CIL module
 0001:0001b2b0       ??__E?s_modreg_chain@RModuleReg@images_std@media@modules@UModSys@@2USModuleRegChain@base@5@A@@YAXXZ 000000018001c2b0 f    CIL library: CIL module
 0001:0001b2e0       ??__E?s_uid@RGenerator@images_std@media@modules@UModSys@@2USUniquePointer@core@5@A@@YAXXZ 000000018001c2e0 f    CIL library: CIL module
 0001:0001b320       ??__E?s_id@?$TObjectUniqueID@URMediaFilter@images_std@media@modules@UModSys@@@tl@UModSys@@2USUniquePointer@core@3@A@@YAXXZ 000000018001c320 f    CIL library: CIL module
 0001:0001b360       ??__E?s_id@?$TObjectUniqueID@URGenerator@images_std@media@modules@UModSys@@@tl@UModSys@@2USUniquePointer@core@3@A@@YAXXZ 000000018001c360 f    CIL library: CIL module
 0001:0001b3a0       ??__E?s_modreg@RModuleReg@serialize_json@media@modules@UModSys@@2U12345@A@@YAXXZ 000000018001c3a0 f    CIL library: CIL module
 0001:0001b3f0       ??__E?s_modreg_chain@RModuleReg@serialize_json@media@modules@UModSys@@2USModuleRegChain@base@5@A@@YAXXZ 000000018001c3f0 f    CIL library: CIL module
 0001:0001b420       ??__E?s_uid@RGenerator@serialize_json@media@modules@UModSys@@2USUniquePointer@core@5@A@@YAXXZ 000000018001c420 f    CIL library: CIL module
 0001:0001b460       ??__E?s_id@?$TObjectUniqueID@URSerializeReader@serialize_json@media@modules@UModSys@@@tl@UModSys@@2USUniquePointer@core@3@A@@YAXXZ 000000018001c460 f    CIL library: CIL module
 0001:0001b4a0       ??__E?s_id@?$TObjectUniqueID@URSerializeWriter@serialize_json@media@modules@UModSys@@@tl@UModSys@@2USUniquePointer@core@3@A@@YAXXZ 000000018001c4a0 f    CIL library: CIL module
 0001:0001b4e0       ??__E?s_id@?$TObjectUniqueID@URGenerator@serialize_json@media@modules@UModSys@@@tl@UModSys@@2USUniquePointer@core@3@A@@YAXXZ 000000018001c4e0 f    CIL library: CIL module
 0001:0001b520       ??__EM@UModSys@@YAXXZ      000000018001c520 f    CIL library: CIL module
 0001:0001b540       ??__E?root@SModuleRegChain@base@UModSys@@2U123@A@@YAXXZ 000000018001c540 f    CIL library: CIL module
 0001:0001b570       ??__E?s_library@RModuleLibraryReg_Chain@base@UModSys@@2U123@A@@YAXXZ 000000018001c570 f    CIL library: CIL module
 0001:0001b590       ??__E?root@SUniquePointer@core@UModSys@@2U123@A@@YAXXZ 000000018001c590 f    CIL library: CIL module
 0001:0001b5c0       ??__F?s_modreg@RModuleReg@test1@test@modules@UModSys@@2U12345@A@@YAXXZ 000000018001c5c0 f    CIL library: CIL module
 0001:0001b5e0       ??__F?s_modreg_chain@RModuleReg@test1@test@modules@UModSys@@2USModuleRegChain@base@5@A@@YAXXZ 000000018001c5e0 f    CIL library: CIL module
 0001:0001b5f0       ??__F?s_uid@RGenerator@test1@test@modules@UModSys@@2USUniquePointer@core@5@A@@YAXXZ 000000018001c5f0 f    CIL library: CIL module
 0001:0001b600       ??__Fh@?1??s_holder@RGenerator@test1@test@modules@UModSys@@SAAEAU?$TTypeStaticHolder@URGenerator@test1@test@modules@UModSys@@@tl@5@XZ@YAXXZ 000000018001c600 f    CIL library: CIL module
 0001:0001b630       ??__F?s_id@?$TObjectUniqueID@URGenerator@test1@test@modules@UModSys@@@tl@UModSys@@2USUniquePointer@core@3@A@@YAXXZ 000000018001c630 f    CIL library: CIL module
 0001:0001b640       ??__F?s_id@?$TObjectUniqueID@URTest1_Shell@test1@test@modules@UModSys@@@tl@UModSys@@2USUniquePointer@core@3@A@@YAXXZ 000000018001c640 f    CIL library: CIL module
 0001:0001b650       ??__F?s_id@?$TObjectUniqueID@URLines_Filter@test1@test@modules@UModSys@@@tl@UModSys@@2USUniquePointer@core@3@A@@YAXXZ 000000018001c650 f    CIL library: CIL module
 0001:0001b660       ??__F?s_id@?$TObjectUniqueID@URLines@test1@test@modules@UModSys@@@tl@UModSys@@2USUniquePointer@core@3@A@@YAXXZ 000000018001c660 f    CIL library: CIL module
 0001:0001b670       ??__F?s_id@?$TObjectUniqueID@UILines@test1@test@modules@UModSys@@@tl@UModSys@@2USUniquePointer@core@3@A@@YAXXZ 000000018001c670 f    CIL library: CIL module
 0001:0001b680       ??__F?s_id@?$TObjectUniqueID@UIRenderDriver@lib2d@UModSys@@@tl@UModSys@@2USUniquePointer@core@3@A@@YAXXZ 000000018001c680 f    CIL library: CIL module
 0001:0001b690       ??__F?s_id@?$TObjectUniqueID@UIMultiImage@lib2d@UModSys@@@tl@UModSys@@2USUniquePointer@core@3@A@@YAXXZ 000000018001c690 f    CIL library: CIL module
 0001:0001b6a0       ??__F?s_id@?$TObjectUniqueID@UIImage@lib2d@UModSys@@@tl@UModSys@@2USUniquePointer@core@3@A@@YAXXZ 000000018001c6a0 f    CIL library: CIL module
 0001:0001b6b0       ??__F?s_id@?$TObjectUniqueID@UIDialog@libui@UModSys@@@tl@UModSys@@2USUniquePointer@core@3@A@@YAXXZ 000000018001c6b0 f    CIL library: CIL module
 0001:0001b6c0       ??__F?s_id@?$TObjectUniqueID@UIFrame@libui@UModSys@@@tl@UModSys@@2USUniquePointer@core@3@A@@YAXXZ 000000018001c6c0 f    CIL library: CIL module
 0001:0001b6d0       ??__F?s_id@?$TObjectUniqueID@UIAsyncCollector@libui@UModSys@@@tl@UModSys@@2USUniquePointer@core@3@A@@YAXXZ 000000018001c6d0 f    CIL library: CIL module
 0001:0001b6e0       ??__F?s_id@?$TObjectUniqueID@UIAsyncController@libui@UModSys@@@tl@UModSys@@2USUniquePointer@core@3@A@@YAXXZ 000000018001c6e0 f    CIL library: CIL module
 0001:0001b6f0       ??__F?s_id@?$TObjectUniqueID@UICollector@libui@UModSys@@@tl@UModSys@@2USUniquePointer@core@3@A@@YAXXZ 000000018001c6f0 f    CIL library: CIL module
 0001:0001b700       ??__F?s_id@?$TObjectUniqueID@UIConsoleHelperInput_UIKey@libui@UModSys@@@tl@UModSys@@2USUniquePointer@core@3@A@@YAXXZ 000000018001c700 f    CIL library: CIL module
 0001:0001b710       ??__F?s_id@?$TObjectUniqueID@UITerminal@libui@UModSys@@@tl@UModSys@@2USUniquePointer@core@3@A@@YAXXZ 000000018001c710 f    CIL library: CIL module
 0001:0001b720       ??__F?s_id@?$TObjectUniqueID@UIJoystickController@libui@UModSys@@@tl@UModSys@@2USUniquePointer@core@3@A@@YAXXZ 000000018001c720 f    CIL library: CIL module
 0001:0001b730       ??__F?s_id@?$TObjectUniqueID@UIMouseController@libui@UModSys@@@tl@UModSys@@2USUniquePointer@core@3@A@@YAXXZ 000000018001c730 f    CIL library: CIL module
 0001:0001b740       ??__F?s_id@?$TObjectUniqueID@UIKeyboardController@libui@UModSys@@@tl@UModSys@@2USUniquePointer@core@3@A@@YAXXZ 000000018001c740 f    CIL library: CIL module
 0001:0001b750       ??__F?s_id@?$TObjectUniqueID@UIConsoleHelperOutputFCS@base@UModSys@@@tl@UModSys@@2USUniquePointer@core@3@A@@YAXXZ 000000018001c750 f    CIL library: CIL module
 0001:0001b760       ??__F?s_id@?$TObjectUniqueID@UIConsoleHelperOutput@base@UModSys@@@tl@UModSys@@2USUniquePointer@core@3@A@@YAXXZ 000000018001c760 f    CIL library: CIL module
 0001:0001b770       ??__F?s_id@?$TObjectUniqueID@UIConsoleHelperInput@base@UModSys@@@tl@UModSys@@2USUniquePointer@core@3@A@@YAXXZ 000000018001c770 f    CIL library: CIL module
 0001:0001b780       ??__F?s_id@?$TObjectUniqueID@UIConsoleHelperHistory@base@UModSys@@@tl@UModSys@@2USUniquePointer@core@3@A@@YAXXZ 000000018001c780 f    CIL library: CIL module
 0001:0001b790       ??__F?s_id@?$TObjectUniqueID@UIConsoleHelper@base@UModSys@@@tl@UModSys@@2USUniquePointer@core@3@A@@YAXXZ 000000018001c790 f    CIL library: CIL module
 0001:0001b7a0       ??__F?s_id@?$TObjectUniqueID@UIConsoleExt@base@UModSys@@@tl@UModSys@@2USUniquePointer@core@3@A@@YAXXZ 000000018001c7a0 f    CIL library: CIL module
 0001:0001b7b0       ??__F?s_id@?$TObjectUniqueID@UISerializeWriter@libmedia@UModSys@@@tl@UModSys@@2USUniquePointer@core@3@A@@YAXXZ 000000018001c7b0 f    CIL library: CIL module
 0001:0001b7c0       ??__F?s_id@?$TObjectUniqueID@UISerializeReader@libmedia@UModSys@@@tl@UModSys@@2USUniquePointer@core@3@A@@YAXXZ 000000018001c7c0 f    CIL library: CIL module
 0001:0001b7d0       ??__F?s_id@?$TObjectUniqueID@UILibraryLayered@libmedia@UModSys@@@tl@UModSys@@2USUniquePointer@core@3@A@@YAXXZ 000000018001c7d0 f    CIL library: CIL module
 0001:0001b7e0       ??__F?s_id@?$TObjectUniqueID@UILibraryObjCache@libmedia@UModSys@@@tl@UModSys@@2USUniquePointer@core@3@A@@YAXXZ 000000018001c7e0 f    CIL library: CIL module
 0001:0001b7f0       ??__F?s_id@?$TObjectUniqueID@UILibraryObjFilter@libmedia@UModSys@@@tl@UModSys@@2USUniquePointer@core@3@A@@YAXXZ 000000018001c7f0 f    CIL library: CIL module
 0001:0001b800       ??__F?s_id@?$TObjectUniqueID@UILibraryBinCache@libmedia@UModSys@@@tl@UModSys@@2USUniquePointer@core@3@A@@YAXXZ 000000018001c800 f    CIL library: CIL module
 0001:0001b810       ??__F?s_id@?$TObjectUniqueID@UILibraryBinTree@libmedia@UModSys@@@tl@UModSys@@2USUniquePointer@core@3@A@@YAXXZ 000000018001c810 f    CIL library: CIL module
 0001:0001b820       ??__F?s_id@?$TObjectUniqueID@UILibrary@libmedia@UModSys@@@tl@UModSys@@2USUniquePointer@core@3@A@@YAXXZ 000000018001c820 f    CIL library: CIL module
 0001:0001b830       ??__F?s_id@?$TObjectUniqueID@UIBinObjFilter@libmedia@UModSys@@@tl@UModSys@@2USUniquePointer@core@3@A@@YAXXZ 000000018001c830 f    CIL library: CIL module
 0001:0001b840       ??__F?s_id@?$TObjectUniqueID@UIBinArchive@libmedia@UModSys@@@tl@UModSys@@2USUniquePointer@core@3@A@@YAXXZ 000000018001c840 f    CIL library: CIL module
 0001:0001b850       ??__F?s_id@?$TObjectUniqueID@UIStreamWriter@libmedia@UModSys@@@tl@UModSys@@2USUniquePointer@core@3@A@@YAXXZ 000000018001c850 f    CIL library: CIL module
 0001:0001b860       ??__F?s_id@?$TObjectUniqueID@UIStreamReader@libmedia@UModSys@@@tl@UModSys@@2USUniquePointer@core@3@A@@YAXXZ 000000018001c860 f    CIL library: CIL module
 0001:0001b870       ??__F?s_id@?$TObjectUniqueID@UISystem@base@UModSys@@@tl@UModSys@@2USUniquePointer@core@3@A@@YAXXZ 000000018001c870 f    CIL library: CIL module
 0001:0001b880       ??__F?s_id@?$TObjectUniqueID@UIConsole@base@UModSys@@@tl@UModSys@@2USUniquePointer@core@3@A@@YAXXZ 000000018001c880 f    CIL library: CIL module
 0001:0001b890       ??__F?s_id@?$TObjectUniqueID@UIShell@base@UModSys@@@tl@UModSys@@2USUniquePointer@core@3@A@@YAXXZ 000000018001c890 f    CIL library: CIL module
 0001:0001b8a0       ??__F?s_id@?$TObjectUniqueID@UIGenerator@base@UModSys@@@tl@UModSys@@2USUniquePointer@core@3@A@@YAXXZ 000000018001c8a0 f    CIL library: CIL module
 0001:0001b8b0       ??__F?s_id@?$TObjectUniqueID@UIModObject@base@UModSys@@@tl@UModSys@@2USUniquePointer@core@3@A@@YAXXZ 000000018001c8b0 f    CIL library: CIL module
 0001:0001b8c0       ??__F?s_id@?$TObjectUniqueID@UIModuleLibrary@base@UModSys@@@tl@UModSys@@2USUniquePointer@core@3@A@@YAXXZ 000000018001c8c0 f    CIL library: CIL module
 0001:0001b8d0       ??__F?s_id@?$TObjectUniqueID@UIModule@base@UModSys@@@tl@UModSys@@2USUniquePointer@core@3@A@@YAXXZ 000000018001c8d0 f    CIL library: CIL module
 0001:0001b8e0       ??__F?s_id@?$TObjectUniqueID@UIParameters@core@UModSys@@@tl@UModSys@@2USUniquePointer@core@3@A@@YAXXZ 000000018001c8e0 f    CIL library: CIL module
 0001:0001b8f0       ??__F?s_id@?$TObjectUniqueID@UIRefObject@core@UModSys@@@tl@UModSys@@2USUniquePointer@core@3@A@@YAXXZ 000000018001c8f0 f    CIL library: CIL module
 0001:0001b900       ??__F?s_id@?$TObjectUniqueID@UIRoot@core@UModSys@@@tl@UModSys@@2USUniquePointer@core@3@A@@YAXXZ 000000018001c900 f    CIL library: CIL module
 0001:0001b910       ??__F?s_modreg@RModuleReg@stdlib@lib2d@modules@UModSys@@2U12345@A@@YAXXZ 000000018001c910 f    CIL library: CIL module
 0001:0001b930       ??__F?s_modreg_chain@RModuleReg@stdlib@lib2d@modules@UModSys@@2USModuleRegChain@base@5@A@@YAXXZ 000000018001c930 f    CIL library: CIL module
 0001:0001b940       ??__F?s_uid@RGenerator@stdlib@lib2d@modules@UModSys@@2USUniquePointer@core@5@A@@YAXXZ 000000018001c940 f    CIL library: CIL module
 0001:0001b950       ??__Fh@?1??s_holder@RGenerator@stdlib@lib2d@modules@UModSys@@SAAEAU?$TTypeStaticHolder@URGenerator@stdlib@lib2d@modules@UModSys@@@tl@5@XZ@YAXXZ 000000018001c950 f    CIL library: CIL module
 0001:0001b980       ??__F?s_id@?$TObjectUniqueID@URGenerator@stdlib@lib2d@modules@UModSys@@@tl@UModSys@@2USUniquePointer@core@3@A@@YAXXZ 000000018001c980 f    CIL library: CIL module
 0001:0001b990       ??__F?s_id@?$TObjectUniqueID@URImage_Memory@stdlib@lib2d@modules@UModSys@@@tl@UModSys@@2USUniquePointer@core@3@A@@YAXXZ 000000018001c990 f    CIL library: CIL module
 0001:0001b9a0       ??__F?s_modreg@RModuleReg@SDL_core@ui@modules@UModSys@@2U12345@A@@YAXXZ 000000018001c9a0 f    CIL library: CIL module
 0001:0001b9c0       ??__F?s_modreg_chain@RModuleReg@SDL_core@ui@modules@UModSys@@2USModuleRegChain@base@5@A@@YAXXZ 000000018001c9c0 f    CIL library: CIL module
 0001:0001b9d0       ??__F?s_uid@RGenerator@SDL_core@ui@modules@UModSys@@2USUniquePointer@core@5@A@@YAXXZ 000000018001c9d0 f    CIL library: CIL module
 0001:0001b9e0       ??__Fh@?1??s_holder@RGenerator@SDL_core@ui@modules@UModSys@@SAAEAU?$TTypeStaticHolder@URGenerator@SDL_core@ui@modules@UModSys@@@tl@5@XZ@YAXXZ 000000018001c9e0 f    CIL library: CIL module
 0001:0001ba10       ??__F?s_id@?$TObjectUniqueID@URGenerator@SDL_core@ui@modules@UModSys@@@tl@UModSys@@2USUniquePointer@core@3@A@@YAXXZ 000000018001ca10 f    CIL library: CIL module
 0001:0001ba20       ??__F?s_id@?$TObjectUniqueID@URTerminal@SDL_core@ui@modules@UModSys@@@tl@UModSys@@2USUniquePointer@core@3@A@@YAXXZ 000000018001ca20 f    CIL library: CIL module
 0001:0001ba30       ??__F?s_id@?$TObjectUniqueID@URKeyboardController@SDL_core@ui@modules@UModSys@@@tl@UModSys@@2USUniquePointer@core@3@A@@YAXXZ 000000018001ca30 f    CIL library: CIL module
 0001:0001ba40       ??__F?s_id@?$TObjectUniqueID@URMouseController@SDL_core@ui@modules@UModSys@@@tl@UModSys@@2USUniquePointer@core@3@A@@YAXXZ 000000018001ca40 f    CIL library: CIL module
 0001:0001ba50       ??__F?s_id@?$TObjectUniqueID@URRenderDriver2D@SDL_core@ui@modules@UModSys@@@tl@UModSys@@2USUniquePointer@core@3@A@@YAXXZ 000000018001ca50 f    CIL library: CIL module
 0001:0001ba60       ??__F?s_id@?$TObjectUniqueID@URMultiImage2D_SDL_ttf@SDL_core@ui@modules@UModSys@@@tl@UModSys@@2USUniquePointer@core@3@A@@YAXXZ 000000018001ca60 f    CIL library: CIL module
 0001:0001ba70       ??__F?s_modreg@RModuleReg@frames@ui@modules@UModSys@@2U12345@A@@YAXXZ 000000018001ca70 f    CIL library: CIL module
 0001:0001ba90       ??__F?s_modreg_chain@RModuleReg@frames@ui@modules@UModSys@@2USModuleRegChain@base@5@A@@YAXXZ 000000018001ca90 f    CIL library: CIL module
 0001:0001baa0       ??__F?s_uid@RGenerator@frames@ui@modules@UModSys@@2USUniquePointer@core@5@A@@YAXXZ 000000018001caa0 f    CIL library: CIL module
 0001:0001bab0       ??__Fh@?1??s_holder@RGenerator@frames@ui@modules@UModSys@@SAAEAU?$TTypeStaticHolder@URGenerator@frames@ui@modules@UModSys@@@tl@5@XZ@YAXXZ 000000018001cab0 f    CIL library: CIL module
 0001:0001bae0       ??__F?s_id@?$TObjectUniqueID@URGenerator@frames@ui@modules@UModSys@@@tl@UModSys@@2USUniquePointer@core@3@A@@YAXXZ 000000018001cae0 f    CIL library: CIL module
 0001:0001baf0       ??__F?s_id@?$TObjectUniqueID@URCollector@frames@ui@modules@UModSys@@@tl@UModSys@@2USUniquePointer@core@3@A@@YAXXZ 000000018001caf0 f    CIL library: CIL module
 0001:0001bb00       ??__F?s_id@?$TObjectUniqueID@URFrame_List@frames@ui@modules@UModSys@@@tl@UModSys@@2USUniquePointer@core@3@A@@YAXXZ 000000018001cb00 f    CIL library: CIL module
 0001:0001bb10       ??__F?s_id@?$TObjectUniqueID@URFrame_Edit@frames@ui@modules@UModSys@@@tl@UModSys@@2USUniquePointer@core@3@A@@YAXXZ 000000018001cb10 f    CIL library: CIL module
 0001:0001bb20       ??__F?s_id@?$TObjectUniqueID@URFrame_Button@frames@ui@modules@UModSys@@@tl@UModSys@@2USUniquePointer@core@3@A@@YAXXZ 000000018001cb20 f    CIL library: CIL module
 0001:0001bb30       ??__F?s_id@?$TObjectUniqueID@URFrame_Text@frames@ui@modules@UModSys@@@tl@UModSys@@2USUniquePointer@core@3@A@@YAXXZ 000000018001cb30 f    CIL library: CIL module
 0001:0001bb40       ??__F?s_id@?$TObjectUniqueID@URFrame_Image@frames@ui@modules@UModSys@@@tl@UModSys@@2USUniquePointer@core@3@A@@YAXXZ 000000018001cb40 f    CIL library: CIL module
 0001:0001bb50       ??__F?s_id@?$TObjectUniqueID@URFrame_Frame@frames@ui@modules@UModSys@@@tl@UModSys@@2USUniquePointer@core@3@A@@YAXXZ 000000018001cb50 f    CIL library: CIL module
 0001:0001bb60       ??__F?s_id@?$TObjectUniqueID@URDialog@frames@ui@modules@UModSys@@@tl@UModSys@@2USUniquePointer@core@3@A@@YAXXZ 000000018001cb60 f    CIL library: CIL module
 0001:0001bb70       ??__F?s_id@?$TObjectUniqueID@URFrame_Common@frames@ui@modules@UModSys@@@tl@UModSys@@2USUniquePointer@core@3@A@@YAXXZ 000000018001cb70 f    CIL library: CIL module
 0001:0001bb80       ??__F?s_modreg@RModuleReg@images_std@media@modules@UModSys@@2U12345@A@@YAXXZ 000000018001cb80 f    CIL library: CIL module
 0001:0001bba0       ??__F?s_modreg_chain@RModuleReg@images_std@media@modules@UModSys@@2USModuleRegChain@base@5@A@@YAXXZ 000000018001cba0 f    CIL library: CIL module
 0001:0001bbb0       ??__F?s_uid@RGenerator@images_std@media@modules@UModSys@@2USUniquePointer@core@5@A@@YAXXZ 000000018001cbb0 f    CIL library: CIL module
 0001:0001bbc0       ??__Fh@?1??s_holder@RGenerator@images_std@media@modules@UModSys@@SAAEAU?$TTypeStaticHolder@URGenerator@images_std@media@modules@UModSys@@@tl@5@XZ@YAXXZ 000000018001cbc0 f    CIL library: CIL module
 0001:0001bbf0       ??__F?s_id@?$TObjectUniqueID@URGenerator@images_std@media@modules@UModSys@@@tl@UModSys@@2USUniquePointer@core@3@A@@YAXXZ 000000018001cbf0 f    CIL library: CIL module
 0001:0001bc00       ??__F?s_id@?$TObjectUniqueID@URMediaFilter@images_std@media@modules@UModSys@@@tl@UModSys@@2USUniquePointer@core@3@A@@YAXXZ 000000018001cc00 f    CIL library: CIL module
 0001:0001bc10       ??__F?s_modreg@RModuleReg@serialize_json@media@modules@UModSys@@2U12345@A@@YAXXZ 000000018001cc10 f    CIL library: CIL module
 0001:0001bc30       ??__F?s_modreg_chain@RModuleReg@serialize_json@media@modules@UModSys@@2USModuleRegChain@base@5@A@@YAXXZ 000000018001cc30 f    CIL library: CIL module
 0001:0001bc40       ??__F?s_uid@RGenerator@serialize_json@media@modules@UModSys@@2USUniquePointer@core@5@A@@YAXXZ 000000018001cc40 f    CIL library: CIL module
 0001:0001bc50       ??__Fh@?1??s_holder@RGenerator@serialize_json@media@modules@UModSys@@SAAEAU?$TTypeStaticHolder@URGenerator@serialize_json@media@modules@UModSys@@@tl@5@XZ@YAXXZ 000000018001cc50 f    CIL library: CIL module
 0001:0001bc80       ??__F?s_id@?$TObjectUniqueID@URGenerator@serialize_json@media@modules@UModSys@@@tl@UModSys@@2USUniquePointer@core@3@A@@YAXXZ 000000018001cc80 f    CIL library: CIL module
 0001:0001bc90       ??__F?s_id@?$TObjectUniqueID@URSerializeWriter@serialize_json@media@modules@UModSys@@@tl@UModSys@@2USUniquePointer@core@3@A@@YAXXZ 000000018001cc90 f    CIL library: CIL module
 0001:0001bca0       ??__F?s_id@?$TObjectUniqueID@URSerializeReader@serialize_json@media@modules@UModSys@@@tl@UModSys@@2USUniquePointer@core@3@A@@YAXXZ 000000018001cca0 f    CIL library: CIL module
 0001:0001bcb0       ??__FM@UModSys@@YAXXZ      000000018001ccb0 f    CIL library: CIL module
 0001:0001bcc0       ??__F?root@SModuleRegChain@base@UModSys@@2U123@A@@YAXXZ 000000018001ccc0 f    CIL library: CIL module
 0001:0001bcd0       ??__F?s_library@RModuleLibraryReg_Chain@base@UModSys@@2U123@A@@YAXXZ 000000018001ccd0 f    CIL library: CIL module
 0001:0001bce0       ??__F?root@SUniquePointer@core@UModSys@@2U123@A@@YAXXZ 000000018001cce0 f    CIL library: CIL module

 Exports

  ordinal    name

        1    UModSys_Plugin_Entry2
