 plugin_test1

 Timestamp is 525421bc (Tue Oct 08 18:16:12 2013)

 Preferred load address is 0000000180000000

 Start         Length     Name                   Class
 0001:00000000 0000177cH .text                   CODE
 0001:00001780 00000158H .text$x                 CODE
 0001:000018e0 00000462H .text$yc                CODE
 0001:00001d50 0000016cH .text$yd                CODE
 0002:00000000 000000e8H .idata$5                DATA
 0002:000000e8 00000008H .CRT$XCA                DATA
 0002:000000f0 000001b8H .CRT$XCU                DATA
 0002:000002a8 00000008H .CRT$XCZ                DATA
 0002:000002b0 00000008H .CRT$XIA                DATA
 0002:000002b8 00000008H .CRT$XIAA               DATA
 0002:000002c0 00000008H .CRT$XIZ                DATA
 0002:000002d0 00000690H .rdata                  DATA
 0002:00000960 000005acH .rdata$r                DATA
 0002:00000f10 00000008H .rtc$IAA                DATA
 0002:00000f18 00000008H .rtc$IZZ                DATA
 0002:00000f20 00000008H .rtc$TAA                DATA
 0002:00000f28 00000008H .rtc$TZZ                DATA
 0002:00000f30 00000298H .xdata                  DATA
 0002:000011c8 00000028H .idata$2                DATA
 0002:000011f0 00000014H .idata$3                DATA
 0002:00001208 000000e8H .idata$4                DATA
 0002:000012f0 00000214H .idata$6                DATA
 0002:00001510 00000059H .edata                  DATA
 0003:00000000 000002c8H .data                   DATA
 0003:000002d0 000003b8H .bss                    DATA
 0004:00000000 000003b4H .pdata                  DATA

  Address         Publics by Value              Rva+Base               Lib:Object

 0000:00000000       ___safe_se_handler_count   0000000000000000     <absolute>
 0000:00000000       ___safe_se_handler_table   0000000000000000     <absolute>
 0000:00000000       __ImageBase                0000000180000000     <linker-defined>
 0001:00000000       ?get_interface_info@RTest1_Shell@test1@UModSys@@UEBAAEBUSUniquePointerInfo@core@3@XZ 0000000180001000 f i plugin_test1.obj
 0001:00000010       ?get_interface_type@RTest1_Shell@test1@UModSys@@UEBAPEBUSUniquePointerInfo@core@3@XZ 0000000180001010 f i plugin_test1.obj
 0001:00000020       ?get_interface_types@RTest1_Shell@test1@UModSys@@UEBA_KAEAUSUniquePtrList@core@3@@Z 0000000180001020 f i plugin_test1.obj
 0001:00000020       ?get_interface_types@RTest1_Generator@test1@UModSys@@UEBA_KAEAUSUniquePtrList@core@3@@Z 0000000180001020 f i plugin_test1.obj
 0001:00000030       ?get_other_interface@RTest1_Shell@test1@UModSys@@UEAAPEAUIRoot@core@3@PEBUSUniquePointerInfo@53@@Z 0000000180001030 f i plugin_test1.obj
 0001:00000030       ?get_other_interface@RTest1_Shell@test1@UModSys@@UEBAPEBUIRoot@core@3@PEBUSUniquePointerInfo@53@@Z 0000000180001030 f i plugin_test1.obj
 0001:00000060       ?ref_add@RTest1_Generator@test1@UModSys@@UEBAXXZ 0000000180001060 f i plugin_test1.obj
 0001:00000060       ?ref_add@RTest1_Shell@test1@UModSys@@UEBAXXZ 0000000180001060 f i plugin_test1.obj
 0001:00000070       ?suicide@RTest1_Shell@test1@UModSys@@UEAAXXZ 0000000180001070 f i plugin_test1.obj
 0001:000000d0       ??0RTest1_Shell@test1@UModSys@@QEAA@PEAUIModObject@base@2@@Z 00000001800010d0 f i plugin_test1.obj
 0001:00000180       ??1RTest1_Shell@test1@UModSys@@UEAA@XZ 0000000180001180 f i plugin_test1.obj
 0001:00000200       ?connect@RTest1_Shell@test1@UModSys@@UEAA_NXZ 0000000180001200 f i plugin_test1.obj
 0001:00000230       ?disconnect@RTest1_Shell@test1@UModSys@@UEAA_NXZ 0000000180001230 f i plugin_test1.obj
 0001:00000260       ?process_tick@RTest1_Shell@test1@UModSys@@UEAA_NAEBUSTimeMsec@core@3@@Z 0000000180001260 f i plugin_test1.obj
 0001:000002a0       ?process_command@RTest1_Shell@test1@UModSys@@UEAA_NHQEBU?$TString@U?$TSCoreConst@D@su@tl@UModSys@@U?$TComparerBinaryHash@D@234@@tl@3@@Z 00000001800012a0 f i plugin_test1.obj
 0001:000002d0       ??_GRTest1_Shell@test1@UModSys@@UEAAPEAXI@Z 00000001800012d0 f i plugin_test1.obj
 0001:000002d0       ??_ERTest1_Shell@test1@UModSys@@UEAAPEAXI@Z 00000001800012d0 f i  CIL library: CIL module
 0001:000002f0       ??1IShell@base@UModSys@@UEAA@XZ 00000001800012f0 f i plugin_test1.obj
 0001:00000300       ??_GIRoot@core@UModSys@@UEAAPEAXI@Z 0000000180001300 f i plugin_test1.obj
 0001:00000300       ??_EIRoot@core@UModSys@@UEAAPEAXI@Z 0000000180001300 f i  CIL library: CIL module
 0001:00000320       ?get_generated_names@RTest1_Generator@test1@UModSys@@UEBAHAEAUSUniquePtrList@core@3@@Z 0000000180001320 f i plugin_test1.obj
 0001:00000340       ?get_generated_types@RTest1_Generator@test1@UModSys@@UEBAHAEAUSUniquePtrList@core@3@PEBUSUniquePointerInfo@53@@Z 0000000180001340 f i plugin_test1.obj
 0001:00000390       ?generate@RTest1_Generator@test1@UModSys@@UEAA_NAEAU?$TRefObject@UIRefObject@core@UModSys@@@tl@3@PEBUSUniquePointerInfo@core@3@AEBUSParameters@73@@Z 0000000180001390 f i plugin_test1.obj
 0001:00000430       ?get_interface_info@RTest1_Generator@test1@UModSys@@UEBAAEBUSUniquePointerInfo@core@3@XZ 0000000180001430 f i plugin_test1.obj
 0001:00000440       ?get_interface_type@RTest1_Generator@test1@UModSys@@UEBAPEBUSUniquePointerInfo@core@3@XZ 0000000180001440 f i plugin_test1.obj
 0001:00000450       ?get_other_interface@RTest1_Generator@test1@UModSys@@UEBAPEBUIRoot@core@3@PEBUSUniquePointerInfo@53@@Z 0000000180001450 f i plugin_test1.obj
 0001:00000450       ?get_other_interface@RTest1_Generator@test1@UModSys@@UEAAPEAUIRoot@core@3@PEBUSUniquePointerInfo@53@@Z 0000000180001450 f i plugin_test1.obj
 0001:00000490       ?ref_remove@RTest1_Shell@test1@UModSys@@UEBAXXZ 0000000180001490 f i plugin_test1.obj
 0001:00000490       ?ref_remove@RTest1_Generator@test1@UModSys@@UEBAXXZ 0000000180001490 f i plugin_test1.obj
 0001:000004b0       ?ref_links@RTest1_Generator@test1@UModSys@@UEBAHXZ 00000001800014b0 f i plugin_test1.obj
 0001:000004b0       ?ref_links@RTest1_Shell@test1@UModSys@@UEBAHXZ 00000001800014b0 f i plugin_test1.obj
 0001:000004c0       ?suicide@RTest1_Generator@test1@UModSys@@UEAAXXZ 00000001800014c0 f i plugin_test1.obj
 0001:000004d0       ?get_uid@RTest1_Generator@test1@UModSys@@UEBAPEBUSUniquePointerInfo@core@3@XZ 00000001800014d0 f i plugin_test1.obj
 0001:000004e0       ?do_open@RTest1_ModuleReg@test1@UModSys@@UEAA_NXZ 00000001800014e0 f i plugin_test1.obj
 0001:00000510       ?do_close@RTest1_ModuleReg@test1@UModSys@@UEAA_NXZ 0000000180001510 f i plugin_test1.obj
 0001:00000540       ??_GRTest1_ModuleReg@test1@UModSys@@UEAAPEAXI@Z 0000000180001540 f i plugin_test1.obj
 0001:00000540       ??_ERTest1_ModuleReg@test1@UModSys@@UEAAPEAXI@Z 0000000180001540 f i  CIL library: CIL module
 0001:00000570       ??1?$TRefObject@UIModObject@base@UModSys@@@tl@UModSys@@QEAA@XZ 0000000180001570 f i plugin_test1.obj
 0001:000005a0       ??_EIRefObject@core@UModSys@@UEAAPEAXI@Z 00000001800015a0 f i  CIL library: CIL module
 0001:000005a0       ??_ERTest1_Generator@test1@UModSys@@UEAAPEAXI@Z 00000001800015a0 f i  CIL library: CIL module
 0001:000005a0       ??_GIRefObject@core@UModSys@@UEAAPEAXI@Z 00000001800015a0 f i plugin_test1.obj
 0001:000005a0       ??_GRTest1_Generator@test1@UModSys@@UEAAPEAXI@Z 00000001800015a0 f i plugin_test1.obj
 0001:000005c0       ??$shash@D@su@tl@UModSys@@YAHPEBD_K@Z 00000001800015c0 f i umodsys_lib_base:umodsys.base.moduleinfo.obj
 0001:000005f0       ??_ERModuleLibraryReg_Chain@base@UModSys@@UEAAPEAXI@Z 00000001800015f0 f i  CIL library: CIL module
 0001:000005f0       ??_GRModuleLibraryReg_Chain@base@UModSys@@UEAAPEAXI@Z 00000001800015f0 f i umodsys_lib_base:umodsys.base.moduleregchain.obj
 0001:00000620       ??_GIModuleReg@base@UModSys@@UEAAPEAXI@Z 0000000180001620 f i umodsys_lib_base:umodsys.base.modulereg.obj
 0001:00000620       ??_EIModuleReg@base@UModSys@@UEAAPEAXI@Z 0000000180001620 f i  CIL library: CIL module
 0001:00000650       ??_GIModuleLibraryReg@base@UModSys@@UEAAPEAXI@Z 0000000180001650 f i umodsys_lib_base:umodsys.base.modulereg.obj
 0001:00000650       ??_EIModuleLibraryReg@base@UModSys@@UEAAPEAXI@Z 0000000180001650 f i  CIL library: CIL module
 0001:00000674       _onexit                    0000000180001674 f   MSVCRT:atonexit.obj
 0001:00000724       atexit                     0000000180001724 f   MSVCRT:atonexit.obj
 0001:0000073c       _purecall                  000000018000173c f   MSVCRT:MSVCR90.dll
 0001:00000742       ??3@YAXPEAX@Z              0000000180001742 f   MSVCRT:MSVCR90.dll
 0001:00000748       ??_Etype_info@@UEAAPEAXI@Z 0000000180001748 f i MSVCRT:ti_inst.obj
 0001:00000814       _CRT_INIT                  0000000180001814 f   MSVCRT:crtdll.obj
 0001:00000ba8       _DllMainCRTStartup         0000000180001ba8 f   MSVCRT:crtdll.obj
 0001:00000be6       __C_specific_handler       0000000180001be6 f   MSVCRT:MSVCR90.dll
 0001:00000bec       _unlock                    0000000180001bec f   MSVCRT:MSVCR90.dll
 0001:00000bf2       __dllonexit                0000000180001bf2 f   MSVCRT:MSVCR90.dll
 0001:00000bf8       _lock                      0000000180001bf8 f   MSVCRT:MSVCR90.dll
 0001:00000c00       ?__ArrayUnwind@@YAXPEAX_KHP6AX0@Z@Z 0000000180001c00 f   MSVCRT:ehvecdtr.obj
 0001:00000c4c       ??_M@YAXPEAX_KHP6AX0@Z@Z   0000000180001c4c f   MSVCRT:ehvecdtr.obj
 0001:00000cac       __clean_type_info_names    0000000180001cac f   MSVCRT:tncleanup.obj
 0001:00000cb8       _RTC_Initialize            0000000180001cb8 f   MSVCRT:_initsect_.obj
 0001:00000cf0       _RTC_Terminate             0000000180001cf0 f   MSVCRT:_initsect_.obj
 0001:00000d30       _ValidateImageBase         0000000180001d30 f   MSVCRT:pesect.obj
 0001:00000d60       _FindPESection             0000000180001d60 f   MSVCRT:pesect.obj
 0001:00000db0       _IsNonwritableInCurrentImage 0000000180001db0 f   MSVCRT:pesect.obj
 0001:00000df2       _initterm                  0000000180001df2 f   MSVCRT:MSVCR90.dll
 0001:00000df8       _initterm_e                0000000180001df8 f   MSVCRT:MSVCR90.dll
 0001:00000dfe       _amsg_exit                 0000000180001dfe f   MSVCRT:MSVCR90.dll
 0001:00000e04       __CppXcptFilter            0000000180001e04 f   MSVCRT:MSVCR90.dll
 0001:00000e0c       DllMain                    0000000180001e0c f   MSVCRT:dllmain.obj
 0001:00000e30       __security_init_cookie     0000000180001e30 f   MSVCRT:gs_support.obj
 0001:00000ee4       ?terminate@@YAXXZ          0000000180001ee4 f   MSVCRT:MSVCR90.dll
 0001:00000eea       ?_type_info_dtor_internal_method@type_info@@QEAAXXZ 0000000180001eea f   MSVCRT:MSVCR90.dll
 0001:00000eea       ??1type_info@@UEAA@XZ      0000000180001eea f   MSVCRT:MSVCR90.dll
 0001:00000ef0       __clean_type_info_names_internal 0000000180001ef0 f   MSVCRT:MSVCR90.dll
 0001:00000f00       ?suicide@IRoot@core@UModSys@@UEAAXXZ 0000000180001f00 f   umodsys_lib_core:umodsys.core.objects.obj
 0001:00000f10       ??1IRoot@core@UModSys@@UEAA@XZ 0000000180001f10 f   umodsys_lib_core:umodsys.core.objects.obj
 0001:00000f30       ??1IRefObject@core@UModSys@@UEAA@XZ 0000000180001f30 f   umodsys_lib_core:umodsys.core.objects.obj
 0001:00000f50       ??3IRoot@core@UModSys@@SAXPEAXAEBUSIMemAlloc@12@@Z 0000000180001f50 f   umodsys_lib_core:umodsys.core.objects.obj
 0001:00000f70       ??2IRoot@core@UModSys@@SAPEAX_KAEBUSIMemAlloc@12@@Z 0000000180001f70 f   umodsys_lib_core:umodsys.core.objects.obj
 0001:00000f80       ?add@SUniquePtrList@core@UModSys@@QEAA_NPEBUSUniquePointerInfo@23@@Z 0000000180001f80 f   umodsys_lib_core:umodsys.core.uniqueptr.obj
 0001:00000fd0       ?s_unresolve@SUniquePointer@core@UModSys@@SAXPEAUIUniquePointerResolver@23@@Z 0000000180001fd0 f   umodsys_lib_core:umodsys.core.uniqueptr.obj
 0001:00001040       ?s_resolve@SUniquePointer@core@UModSys@@SAXPEAUIUniquePointerResolver@23@@Z 0000000180002040 f   umodsys_lib_core:umodsys.core.uniqueptr.obj
 0001:000010c0       ??1SUniquePointer@core@UModSys@@QEAA@XZ 00000001800020c0 f   umodsys_lib_core:umodsys.core.uniqueptr.obj
 0001:000010f0       ??0SUniquePointer@core@UModSys@@QEAA@H@Z 00000001800020f0 f   umodsys_lib_core:umodsys.core.uniqueptr.obj
 0001:00001120       ??0SUniquePointer@core@UModSys@@QEAA@PEBD0H@Z 0000000180002120 f   umodsys_lib_core:umodsys.core.uniqueptr.obj
 0001:00001170       ??1IModuleLibraryReg@base@UModSys@@UEAA@XZ 0000000180002170 f   umodsys_lib_base:umodsys.base.modulereg.obj
 0001:00001190       ??0IModuleLibraryReg@base@UModSys@@QEAA@XZ 0000000180002190 f   umodsys_lib_base:umodsys.base.modulereg.obj
 0001:000011b0       ?mr_close@IModuleReg@base@UModSys@@UEAA_NXZ 00000001800021b0 f   umodsys_lib_base:umodsys.base.modulereg.obj
 0001:000011d0       ?mr_open@IModuleReg@base@UModSys@@UEAA_NXZ 00000001800021d0 f   umodsys_lib_base:umodsys.base.modulereg.obj
 0001:00001200       ?mr_isopen@IModuleReg@base@UModSys@@UEBA_NXZ 0000000180002200 f   umodsys_lib_base:umodsys.base.modulereg.obj
 0001:00001210       ??1IModuleReg@base@UModSys@@UEAA@XZ 0000000180002210 f   umodsys_lib_base:umodsys.base.modulereg.obj
 0001:00001230       ??0IModuleReg@base@UModSys@@QEAA@XZ 0000000180002230 f   umodsys_lib_base:umodsys.base.modulereg.obj
 0001:00001270       UModSys_Plugin_Entry2      0000000180002270 f   umodsys_lib_base:umodsys.so_main.win32.obj
 0001:00001280       ??1RModuleLibraryReg_Chain@base@UModSys@@UEAA@XZ 0000000180002280 f   umodsys_lib_base:umodsys.base.moduleregchain.obj
 0001:000012a0       ??0RModuleLibraryReg_Chain@base@UModSys@@QEAA@XZ 00000001800022a0 f   umodsys_lib_base:umodsys.base.moduleregchain.obj
 0001:000012d0       ?s_get@SModuleRegChain@base@UModSys@@SAPEAUIModuleReg@23@_K@Z 00000001800022d0 f   umodsys_lib_base:umodsys.base.moduleregchain.obj
 0001:00001310       ??1SModuleRegChain@base@UModSys@@QEAA@XZ 0000000180002310 f   umodsys_lib_base:umodsys.base.moduleregchain.obj
 0001:00001340       ??0SModuleRegChain@base@UModSys@@QEAA@AEAUIModuleReg@12@@Z 0000000180002340 f   umodsys_lib_base:umodsys.base.moduleregchain.obj
 0001:00001390       ?mlr_isopen@RModuleLibraryReg_Chain@base@UModSys@@UEBA_NXZ 0000000180002390 f   umodsys_lib_base:umodsys.base.moduleregchain.obj
 0001:000013b0       ?mlr_close@RModuleLibraryReg_Chain@base@UModSys@@UEAA_NXZ 00000001800023b0 f   umodsys_lib_base:umodsys.base.moduleregchain.obj
 0001:000013f0       ?mlr_open@RModuleLibraryReg_Chain@base@UModSys@@UEAA_NPEAUISystem@23@PEAUIMemAlloc@core@3@@Z 00000001800023f0 f   umodsys_lib_base:umodsys.base.moduleregchain.obj
 0001:00001430       ?mlr_get@RModuleLibraryReg_Chain@base@UModSys@@UEBAPEAUIModuleReg@23@_K@Z 0000000180002430 f   umodsys_lib_base:umodsys.base.moduleregchain.obj
 0001:00001440       ?mlr_count@RModuleLibraryReg_Chain@base@UModSys@@UEBA_KXZ 0000000180002440 f   umodsys_lib_base:umodsys.base.moduleregchain.obj
 0001:00001480       ??0SModuleRegChain@base@UModSys@@QEAA@H@Z 0000000180002480 f   umodsys_lib_base:umodsys.base.moduleregchain.obj
 0001:000014a0       ??1SModuleInfo@base@UModSys@@QEAA@XZ 00000001800024a0 f   umodsys_lib_base:umodsys.base.moduleinfo.obj
 0001:000014b0       ?set@SModuleInfo@base@UModSys@@QEAAXPEBDHH0@Z 00000001800024b0 f   umodsys_lib_base:umodsys.base.moduleinfo.obj
 0001:00001550       ??0SModuleInfo@base@UModSys@@QEAA@XZ 0000000180002550 f   umodsys_lib_base:umodsys.base.moduleinfo.obj
 0001:00001580       ?Link@SModuleContext@base@UModSys@@QEAAXPEAUISystem@23@PEAUIMemAlloc@core@3@@Z 0000000180002580 f   umodsys_lib_base:umodsys.base.modulecontext.obj
 0001:000015d0       ??1SModuleContext@base@UModSys@@QEAA@XZ 00000001800025d0 f   umodsys_lib_base:umodsys.base.modulecontext.obj
 0001:000015e0       ??0SModuleContext@base@UModSys@@QEAA@XZ 00000001800025e0 f   umodsys_lib_base:umodsys.base.modulecontext.obj
 0001:00001600       ?s_holder@RTest1_Generator@test1@UModSys@@SAAEAU?$TTypeStaticHolder@URTest1_Generator@test1@UModSys@@@tl@3@XZ 0000000180002600 f   plugin_test1.obj
 0001:00001650       ?mod_dec@RTest1_Generator@test1@UModSys@@UEBA_NXZ 0000000180002650 f   plugin_test1.obj
 0001:00001670       ?mod_inc@RTest1_Generator@test1@UModSys@@UEBA_NXZ 0000000180002670 f   plugin_test1.obj
 0001:00001690       ?get_module@RTest1_Generator@test1@UModSys@@UEBAPEAUIModule@base@3@XZ 0000000180002690 f   plugin_test1.obj
 0001:000016a0       ?s_unreg@RTest1_Generator@test1@UModSys@@SA_NPEAUIModuleReg@base@3@@Z 00000001800026a0 f   plugin_test1.obj
 0001:00001710       ?s_reg@RTest1_Generator@test1@UModSys@@SA_NPEAUIModuleReg@base@3@@Z 0000000180002710 f   plugin_test1.obj
 0001:00001776       __CxxFrameHandler3         0000000180002776 f   MSVCRT:MSVCR90.dll
 0002:00000000       __imp_GetCurrentProcessId  0000000180003000     kernel32:KERNEL32.dll
 0002:00000008       __imp_GetCurrentThreadId   0000000180003008     kernel32:KERNEL32.dll
 0002:00000010       __imp_GetTickCount         0000000180003010     kernel32:KERNEL32.dll
 0002:00000018       __imp_QueryPerformanceCounter 0000000180003018     kernel32:KERNEL32.dll
 0002:00000020       __imp_DisableThreadLibraryCalls 0000000180003020     kernel32:KERNEL32.dll
 0002:00000028       __imp_Sleep                0000000180003028     kernel32:KERNEL32.dll
 0002:00000030       __imp_GetSystemTimeAsFileTime 0000000180003030     kernel32:KERNEL32.dll
 0002:00000038       \177KERNEL32_NULL_THUNK_DATA 0000000180003038     kernel32:KERNEL32.dll
 0002:00000040       __imp__lock                0000000180003040     MSVCRT:MSVCR90.dll
 0002:00000048       __imp__onexit              0000000180003048     MSVCRT:MSVCR90.dll
 0002:00000050       __imp__decode_pointer      0000000180003050     MSVCRT:MSVCR90.dll
 0002:00000058       __imp__malloc_crt          0000000180003058     MSVCRT:MSVCR90.dll
 0002:00000060       __imp__initterm            0000000180003060     MSVCRT:MSVCR90.dll
 0002:00000068       __imp__initterm_e          0000000180003068     MSVCRT:MSVCR90.dll
 0002:00000070       __imp__encode_pointer      0000000180003070     MSVCRT:MSVCR90.dll
 0002:00000078       __imp__amsg_exit           0000000180003078     MSVCRT:MSVCR90.dll
 0002:00000080       __imp___CppXcptFilter      0000000180003080     MSVCRT:MSVCR90.dll
 0002:00000088       __imp_?terminate@@YAXXZ    0000000180003088     MSVCRT:MSVCR90.dll
 0002:00000090       __imp_?_type_info_dtor_internal_method@type_info@@QEAAXXZ 0000000180003090     MSVCRT:MSVCR90.dll
 0002:00000098       __imp___clean_type_info_names_internal 0000000180003098     MSVCRT:MSVCR90.dll
 0002:000000a0       __imp___dllonexit          00000001800030a0     MSVCRT:MSVCR90.dll
 0002:000000a8       __imp__unlock              00000001800030a8     MSVCRT:MSVCR90.dll
 0002:000000b0       __imp___C_specific_handler 00000001800030b0     MSVCRT:MSVCR90.dll
 0002:000000b8       __imp_free                 00000001800030b8     MSVCRT:MSVCR90.dll
 0002:000000c0       __imp_??3@YAXPEAX@Z        00000001800030c0     MSVCRT:MSVCR90.dll
 0002:000000c8       __imp__encoded_null        00000001800030c8     MSVCRT:MSVCR90.dll
 0002:000000d0       __imp__purecall            00000001800030d0     MSVCRT:MSVCR90.dll
 0002:000000d8       __imp___CxxFrameHandler3   00000001800030d8     MSVCRT:MSVCR90.dll
 0002:000000e0       \177MSVCR90_NULL_THUNK_DATA 00000001800030e0     MSVCRT:MSVCR90.dll
 0002:000000e8       __xc_a                     00000001800030e8     MSVCRT:cinitexe.obj
 0002:000002a8       __xc_z                     00000001800032a8     MSVCRT:cinitexe.obj
 0002:000002b0       __xi_a                     00000001800032b0     MSVCRT:cinitexe.obj
 0002:000002c0       __xi_z                     00000001800032c0     MSVCRT:cinitexe.obj
 0002:000002d8       ??_7type_info@@6B@         00000001800032d8     MSVCRT:ti_inst.obj
 0002:000002e0       _pDefaultRawDllMain        00000001800032e0     MSVCRT:crtdll.obj
 0002:000002e0       _pRawDllMain               00000001800032e0     MSVCRT:crtdll.obj
 0002:000002e8       ??_C@_0P@GHFPNOJB@bad?5allocation?$AA@ 00000001800032e8     plugin_test1.obj
 0002:000002f8       ??_C@_0BF@OCNNAADO@UModSys?3?3core?3?3IRoot?$AA@ 00000001800032f8     plugin_test1.obj
 0002:00000310       ??_C@_0BK@EMIJFOPA@UModSys?3?3core?3?3IRefObject?$AA@ 0000000180003310     plugin_test1.obj
 0002:00000330       ??_C@_0BL@IOMMHELF@UModSys?3?3core?3?3IParameters?$AA@ 0000000180003330     plugin_test1.obj
 0002:00000350       ??_C@_0BI@IKAOEFAP@UModSys?3?3base?3?3IConsole?$AA@ 0000000180003350     plugin_test1.obj
 0002:00000368       ??_C@_0BH@LKDEEPPM@UModSys?3?3base?3?3IModule?$AA@ 0000000180003368     plugin_test1.obj
 0002:00000380       ??_C@_0BO@PHJOHFCB@UModSys?3?3base?3?3IModuleLibrary?$AA@ 0000000180003380     plugin_test1.obj
 0002:000003a0       ??_C@_0BH@PFCONEJJ@UModSys?3?3base?3?3ISystem?$AA@ 00000001800033a0     plugin_test1.obj
 0002:000003b8       ??_C@_0BK@FDPIOPHG@UModSys?3?3base?3?3IModObject?$AA@ 00000001800033b8     plugin_test1.obj
 0002:000003d8       ??_C@_0BK@OIBKNCKJ@UModSys?3?3base?3?3IGenerator?$AA@ 00000001800033d8     plugin_test1.obj
 0002:000003f8       ??_C@_0BG@PJBGCMEC@UModSys?3?3base?3?3IShell?$AA@ 00000001800033f8     plugin_test1.obj
 0002:00000410       ??_C@_0BN@FAEMELKH@UModSys?3?3test1?3?3RTest1_Shell?$AA@ 0000000180003410     plugin_test1.obj
 0002:00000430       ??_C@_0BA@MLPBDIMG@RTest1_Shell?$CI?$CJ?6?$AA@ 0000000180003430     plugin_test1.obj
 0002:00000440       ??_C@_0CL@BCMGJOII@UModSys?3?3test1?3?3RTest1_Shell?3?3RT@ 0000000180003440     plugin_test1.obj
 0002:00000470       ??_C@_0CK@OICDGBDJ@?4?4?2?4?4?2?4?4?2src?2plugin?2test?2plugin_@ 0000000180003470     plugin_test1.obj
 0002:000004a0       ??_C@_0CM@DLLPFCHF@UModSys?3?3test1?3?3RTest1_Shell?3?3?$HOR@ 00000001800034a0     plugin_test1.obj
 0002:000004d0       ??_C@_0BB@MLDFLEML@?$HORTest1_Shell?$CI?$CJ?6?$AA@ 00000001800034d0     plugin_test1.obj
 0002:000004e8       ??_C@_0BJ@CCPCJEPP@RTest1_Shell?3?3connect?$CI?$CJ?6?$AA@ 00000001800034e8     plugin_test1.obj
 0002:00000508       ??_C@_0BM@KBDBHLN@RTest1_Shell?3?3disconnect?$CI?$CJ?6?$AA@ 0000000180003508     plugin_test1.obj
 0002:00000528       ??_C@_0BI@PGLACHLJ@RTest1_Shell?3?3tick?$CI?$CFg?$CJ?6?$AA@ 0000000180003528     plugin_test1.obj
 0002:00000540       ??_C@_0BM@JFIEEBE@RTest1_Shell?3?3command?$CI?$CD?$CFd?$CJ?6?$AA@ 0000000180003540     plugin_test1.obj
 0002:00000560       ??_C@_0CB@KLHNBAJE@UModSys?3?3test1?3?3RTest1_Generator@ 0000000180003560     plugin_test1.obj
 0002:00000588       ??_C@_0CI@BGMLNDEB@UModSys?3?3test1?3?3RTest1_Generator@ 0000000180003588     plugin_test1.obj
 0002:000005b0       ??_C@_0BA@NMEBLMNE@Test?51?5?9?5module?$AA@ 00000001800035b0     plugin_test1.obj
 0002:000005c0       ??_C@_05GENPCEMM@Test1?$AA@ 00000001800035c0     plugin_test1.obj
 0002:000005c8       ??_C@_0BK@LIIMFEEN@RTest1_ModuleReg?3?3open?$CI?$CJ?6?$AA@ 00000001800035c8     plugin_test1.obj
 0002:000005e8       ??_C@_0BL@GPGMDKM@RTest1_ModuleReg?3?3close?$CI?$CJ?6?$AA@ 00000001800035e8     plugin_test1.obj
 0002:00000608       ??_C@_09JGNMLHG@modobject?$AA@ 0000000180003608     plugin_test1.obj
 0002:00000618       ??_C@_08FCBDOIAH@typeinfo?$AA@ 0000000180003618     plugin_test1.obj
 0002:00000638       ??_7IRoot@core@UModSys@@6B@ 0000000180003638     plugin_test1.obj
 0002:00000678       ??_7IRefObject@core@UModSys@@6B@ 0000000180003678     plugin_test1.obj
 0002:000006d8       ??_7RTest1_Generator@test1@UModSys@@6B@ 00000001800036d8     plugin_test1.obj
 0002:00000768       ??_7RTest1_Shell@test1@UModSys@@6B@ 0000000180003768     plugin_test1.obj
 0002:000007e0       ??_7RTest1_ModuleReg@test1@UModSys@@6B@ 00000001800037e0     plugin_test1.obj
 0002:00000818       ??_7RModuleLibraryReg_Chain@base@UModSys@@6B@ 0000000180003818     umodsys_lib_base:umodsys.base.moduleregchain.obj
 0002:00000850       ??_7IModuleReg@base@UModSys@@6B@ 0000000180003850     umodsys_lib_base:umodsys.base.modulereg.obj
 0002:00000888       ??_7IModuleLibraryReg@base@UModSys@@6B@ 0000000180003888     umodsys_lib_base:umodsys.base.modulereg.obj
 0002:000008b8       __real@3f50624dd2f1a9fc    00000001800038b8      CIL library: CIL module
 0002:00000960       ??_R4type_info@@6B@        0000000180003960     MSVCRT:ti_inst.obj
 0002:00000988       ??_R3type_info@@8          0000000180003988     MSVCRT:ti_inst.obj
 0002:000009a0       ??_R2type_info@@8          00000001800039a0     MSVCRT:ti_inst.obj
 0002:000009b0       ??_R1A@?0A@EA@type_info@@8 00000001800039b0     MSVCRT:ti_inst.obj
 0002:000009d8       ??_R4RTest1_ModuleReg@test1@UModSys@@6B@ 00000001800039d8     plugin_test1.obj
 0002:00000a00       ??_R3RTest1_ModuleReg@test1@UModSys@@8 0000000180003a00     plugin_test1.obj
 0002:00000a18       ??_R2RTest1_ModuleReg@test1@UModSys@@8 0000000180003a18     plugin_test1.obj
 0002:00000a30       ??_R1A@?0A@EA@IModuleReg@base@UModSys@@8 0000000180003a30     plugin_test1.obj
 0002:00000a58       ??_R3IModuleReg@base@UModSys@@8 0000000180003a58     plugin_test1.obj
 0002:00000a70       ??_R2IModuleReg@base@UModSys@@8 0000000180003a70     plugin_test1.obj
 0002:00000a80       ??_R1A@?0A@EA@RTest1_ModuleReg@test1@UModSys@@8 0000000180003a80     plugin_test1.obj
 0002:00000aa8       ??_R4RTest1_Shell@test1@UModSys@@6B@ 0000000180003aa8     plugin_test1.obj
 0002:00000ad0       ??_R3RTest1_Shell@test1@UModSys@@8 0000000180003ad0     plugin_test1.obj
 0002:00000ae8       ??_R2RTest1_Shell@test1@UModSys@@8 0000000180003ae8     plugin_test1.obj
 0002:00000b10       ??_R1A@?0A@EA@RTest1_Shell@test1@UModSys@@8 0000000180003b10     plugin_test1.obj
 0002:00000b38       ??_R4RTest1_Generator@test1@UModSys@@6B@ 0000000180003b38     plugin_test1.obj
 0002:00000b60       ??_R3RTest1_Generator@test1@UModSys@@8 0000000180003b60     plugin_test1.obj
 0002:00000b78       ??_R2RTest1_Generator@test1@UModSys@@8 0000000180003b78     plugin_test1.obj
 0002:00000ba8       ??_R1A@?0A@EA@RTest1_Generator@test1@UModSys@@8 0000000180003ba8     plugin_test1.obj
 0002:00000bd0       ??_R3IShell@base@UModSys@@8 0000000180003bd0     plugin_test1.obj
 0002:00000be8       ??_R2IShell@base@UModSys@@8 0000000180003be8     plugin_test1.obj
 0002:00000c08       ??_R1A@?0A@EA@IShell@base@UModSys@@8 0000000180003c08     plugin_test1.obj
 0002:00000c30       ??_R3IGenerator@base@UModSys@@8 0000000180003c30     plugin_test1.obj
 0002:00000c48       ??_R2IGenerator@base@UModSys@@8 0000000180003c48     plugin_test1.obj
 0002:00000c70       ??_R1A@?0A@EA@IGenerator@base@UModSys@@8 0000000180003c70     plugin_test1.obj
 0002:00000c98       ??_R3IModObject@base@UModSys@@8 0000000180003c98     plugin_test1.obj
 0002:00000cb0       ??_R2IModObject@base@UModSys@@8 0000000180003cb0     plugin_test1.obj
 0002:00000cd0       ??_R1A@?0A@EA@IModObject@base@UModSys@@8 0000000180003cd0     plugin_test1.obj
 0002:00000cf8       ??_R4IRefObject@core@UModSys@@6B@ 0000000180003cf8     plugin_test1.obj
 0002:00000d20       ??_R3IRefObject@core@UModSys@@8 0000000180003d20     plugin_test1.obj
 0002:00000d38       ??_R2IRefObject@core@UModSys@@8 0000000180003d38     plugin_test1.obj
 0002:00000d50       ??_R1A@?0A@EA@IRefObject@core@UModSys@@8 0000000180003d50     plugin_test1.obj
 0002:00000d78       ??_R4IRoot@core@UModSys@@6B@ 0000000180003d78     plugin_test1.obj
 0002:00000da0       ??_R3IRoot@core@UModSys@@8 0000000180003da0     plugin_test1.obj
 0002:00000db8       ??_R2IRoot@core@UModSys@@8 0000000180003db8     plugin_test1.obj
 0002:00000dc8       ??_R1A@?0A@EA@IRoot@core@UModSys@@8 0000000180003dc8     plugin_test1.obj
 0002:00000df0       ??_R4RModuleLibraryReg_Chain@base@UModSys@@6B@ 0000000180003df0     umodsys_lib_base:umodsys.base.moduleregchain.obj
 0002:00000e18       ??_R3RModuleLibraryReg_Chain@base@UModSys@@8 0000000180003e18     umodsys_lib_base:umodsys.base.moduleregchain.obj
 0002:00000e30       ??_R2RModuleLibraryReg_Chain@base@UModSys@@8 0000000180003e30     umodsys_lib_base:umodsys.base.moduleregchain.obj
 0002:00000e48       ??_R1A@?0A@EA@IModuleLibraryReg@base@UModSys@@8 0000000180003e48     umodsys_lib_base:umodsys.base.moduleregchain.obj
 0002:00000e70       ??_R3IModuleLibraryReg@base@UModSys@@8 0000000180003e70     umodsys_lib_base:umodsys.base.moduleregchain.obj
 0002:00000e88       ??_R2IModuleLibraryReg@base@UModSys@@8 0000000180003e88     umodsys_lib_base:umodsys.base.moduleregchain.obj
 0002:00000e98       ??_R1A@?0A@EA@RModuleLibraryReg_Chain@base@UModSys@@8 0000000180003e98     umodsys_lib_base:umodsys.base.moduleregchain.obj
 0002:00000ec0       ??_R4IModuleLibraryReg@base@UModSys@@6B@ 0000000180003ec0     umodsys_lib_base:umodsys.base.modulereg.obj
 0002:00000ee8       ??_R4IModuleReg@base@UModSys@@6B@ 0000000180003ee8     umodsys_lib_base:umodsys.base.modulereg.obj
 0002:00000f10       __rtc_iaa                  0000000180003f10     MSVCRT:_initsect_.obj
 0002:00000f18       __rtc_izz                  0000000180003f18     MSVCRT:_initsect_.obj
 0002:00000f20       __rtc_taa                  0000000180003f20     MSVCRT:_initsect_.obj
 0002:00000f28       __rtc_tzz                  0000000180003f28     MSVCRT:_initsect_.obj
 0002:000011c8       __IMPORT_DESCRIPTOR_MSVCR90 00000001800041c8     MSVCRT:MSVCR90.dll
 0002:000011dc       __IMPORT_DESCRIPTOR_KERNEL32 00000001800041dc     kernel32:KERNEL32.dll
 0002:000011f0       __NULL_IMPORT_DESCRIPTOR   00000001800041f0     MSVCRT:MSVCR90.dll
 0003:00000000       ??_R0?AVtype_info@@@8      0000000180005000     MSVCRT:ti_inst.obj
 0003:00000020       __native_dllmain_reason    0000000180005020     MSVCRT:natstart.obj
 0003:00000024       __native_vcclrit_reason    0000000180005024     MSVCRT:natstart.obj
 0003:00000028       __security_cookie          0000000180005028     MSVCRT:gs_cookie.obj
 0003:00000030       __security_cookie_complement 0000000180005030     MSVCRT:gs_cookie.obj
 0003:00000038       ??_R0?AUIModuleReg@base@UModSys@@@8 0000000180005038     plugin_test1.obj
 0003:00000068       ??_R0?AURTest1_ModuleReg@test1@UModSys@@@8 0000000180005068     plugin_test1.obj
 0003:000000a0       ??_R0?AURTest1_Shell@test1@UModSys@@@8 00000001800050a0     plugin_test1.obj
 0003:000000d8       ??_R0?AURTest1_Generator@test1@UModSys@@@8 00000001800050d8     plugin_test1.obj
 0003:00000110       ??_R0?AUIShell@base@UModSys@@@8 0000000180005110     plugin_test1.obj
 0003:00000140       ??_R0?AUIGenerator@base@UModSys@@@8 0000000180005140     plugin_test1.obj
 0003:00000170       ??_R0?AUIModObject@base@UModSys@@@8 0000000180005170     plugin_test1.obj
 0003:000001a0       ??_R0?AUIRefObject@core@UModSys@@@8 00000001800051a0     plugin_test1.obj
 0003:000001d0       ??_R0?AUIRoot@core@UModSys@@@8 00000001800051d0     plugin_test1.obj
 0003:00000228       ?so_entry_enabled_flag@base@UModSys@@3HA 0000000180005228     umodsys_lib_base:umodsys.so_main.win32.obj
 0003:00000250       ??_R0?AUIModuleLibraryReg@base@UModSys@@@8 0000000180005250     umodsys_lib_base:umodsys.base.moduleregchain.obj
 0003:00000288       ??_R0?AURModuleLibraryReg_Chain@base@UModSys@@@8 0000000180005288     umodsys_lib_base:umodsys.base.moduleregchain.obj
 0003:000002c4       _fltused                   00000001800052c4     MSVCRT:dllsupp.obj
 0003:000002d4       _forceCRTManifestRTM       00000001800052d4     MSVCRT:crtmanifestrtm.obj
 0003:000002d8       ?__type_info_root_node@@3U__type_info_node@@A 00000001800052d8     MSVCRT:tncleanup.obj
 0003:00000320       ?s_modreg@RTest1_ModuleReg@test1@UModSys@@2U123@A 0000000180005320     plugin_test1.obj
 0003:00000370       ?s_modreg_chain@RTest1_ModuleReg@test1@UModSys@@2USModuleRegChain@base@3@A 0000000180005370     plugin_test1.obj
 0003:00000388       ?s_uid@RTest1_Generator@test1@UModSys@@2USUniquePointer@core@3@A 0000000180005388     plugin_test1.obj
 0003:000003b8       ?M@UModSys@@3USModuleContext@base@1@A 00000001800053b8     umodsys_lib_base:umodsys.base.modulecontext.obj
 0003:000003d0       ?s_library@RModuleLibraryReg_Chain@base@UModSys@@2U123@A 00000001800053d0     umodsys_lib_base:umodsys.base.moduleregchain.obj
 0003:000003d8       ?root@SModuleRegChain@base@UModSys@@2U123@A 00000001800053d8     umodsys_lib_base:umodsys.base.moduleregchain.obj
 0003:000003f0       ?root@SUniquePointer@core@UModSys@@2U123@A 00000001800053f0     umodsys_lib_core:umodsys.core.uniqueptr.obj
 0003:00000420       ?s_id@?$TObjectUniqueID@UIModObject@base@UModSys@@@tl@UModSys@@2USUniquePointer@core@3@A 0000000180005420     plugin_test1.obj
 0003:00000450       ?s_id@?$TObjectUniqueID@UIGenerator@base@UModSys@@@tl@UModSys@@2USUniquePointer@core@3@A 0000000180005450     plugin_test1.obj
 0003:00000480       ?s_id@?$TObjectUniqueID@UIModule@base@UModSys@@@tl@UModSys@@2USUniquePointer@core@3@A 0000000180005480     plugin_test1.obj
 0003:000004b0       ?s_id@?$TObjectUniqueID@UIRoot@core@UModSys@@@tl@UModSys@@2USUniquePointer@core@3@A 00000001800054b0     plugin_test1.obj
 0003:000004e0       ?s_id@?$TObjectUniqueID@UISystem@base@UModSys@@@tl@UModSys@@2USUniquePointer@core@3@A 00000001800054e0     plugin_test1.obj
 0003:00000510       ?s_id@?$TObjectUniqueID@UIRefObject@core@UModSys@@@tl@UModSys@@2USUniquePointer@core@3@A 0000000180005510     plugin_test1.obj
 0003:00000540       ?s_id@?$TObjectUniqueID@UIShell@base@UModSys@@@tl@UModSys@@2USUniquePointer@core@3@A 0000000180005540     plugin_test1.obj
 0003:00000570       ?s_id@?$TObjectUniqueID@UIConsole@base@UModSys@@@tl@UModSys@@2USUniquePointer@core@3@A 0000000180005570     plugin_test1.obj
 0003:000005a0       ?s_id@?$TObjectUniqueID@URTest1_Generator@test1@UModSys@@@tl@UModSys@@2USUniquePointer@core@3@A 00000001800055a0     plugin_test1.obj
 0003:000005d0       ?s_id@?$TObjectUniqueID@UIModuleLibrary@base@UModSys@@@tl@UModSys@@2USUniquePointer@core@3@A 00000001800055d0     plugin_test1.obj
 0003:00000600       ?s_id@?$TObjectUniqueID@URTest1_Shell@test1@UModSys@@@tl@UModSys@@2USUniquePointer@core@3@A 0000000180005600     plugin_test1.obj
 0003:00000630       ?s_id@?$TObjectUniqueID@UIParameters@core@UModSys@@@tl@UModSys@@2USUniquePointer@core@3@A 0000000180005630     plugin_test1.obj
 0003:00000660       __native_startup_state     0000000180005660     <common>
 0003:00000668       __native_startup_lock      0000000180005668     <common>
 0003:00000670       __dyn_tls_init_callback    0000000180005670     <common>
 0003:00000678       __onexitend                0000000180005678     <common>
 0003:00000680       __onexitbegin              0000000180005680     <common>

 entry point at        0001:00000ba8

 Static symbols

 0001:000007b4       pre_c_init                 00000001800017b4 f   MSVCRT:crtdll.obj
 0001:00000a70       __DllMainCRTStartup        0000000180001a70 f   MSVCRT:crtdll.obj
 0001:00001780       _onexit$fin$0              0000000180002780 f   MSVCRT:atonexit.obj
 0001:00001799       __DllMainCRTStartup$filt$0 0000000180002799 f   MSVCRT:crtdll.obj
 0001:000017c9       __DllMainCRTStartup$fin$1  00000001800027c9 f   MSVCRT:crtdll.obj
 0001:000017e2       ?filt$0@?0??__ArrayUnwind@@YAXPEAX_KHP6AX0@Z@Z@4HA 00000001800027e2 f   MSVCRT:ehvecdtr.obj
 0001:00001821       ?fin$0@?0???_M@YAXPEAX_KHP6AX0@Z@Z@4HA 0000000180002821 f   MSVCRT:ehvecdtr.obj
 0001:00001850       _IsNonwritableInCurrentImage$filt$0 0000000180002850 f   MSVCRT:pesect.obj
 0001:00001880       ?dtor$0@?0???0RTest1_Shell@test1@UModSys@@QEAA@PEAUIModObject@base@2@@Z@4HA 0000000180002880 f    CIL library: CIL module
 0001:00001880       ?dtor$0@?0???1RTest1_Shell@test1@UModSys@@UEAA@XZ@4HA 0000000180002880 f    CIL library: CIL module
 0001:000018a0       ?dtor$0@?0??generate@RTest1_Generator@test1@UModSys@@UEAA_NAEAU?$TRefObject@UIRefObject@core@UModSys@@@tl@3@PEBUSUniquePointerInfo@core@3@AEBUSParameters@73@@Z@4HA 00000001800028a0 f    CIL library: CIL module
 0001:000018c0       ?dtor$0@?0??suicide@RTest1_Shell@test1@UModSys@@UEAAXXZ@4HA 00000001800028c0 f    CIL library: CIL module
 0001:000018e0       ??__E?s_modreg@RTest1_ModuleReg@test1@UModSys@@2U123@A@@YAXXZ 00000001800028e0 f    CIL library: CIL module
 0001:00001940       ??__E?s_modreg_chain@RTest1_ModuleReg@test1@UModSys@@2USModuleRegChain@base@3@A@@YAXXZ 0000000180002940 f    CIL library: CIL module
 0001:00001970       ??__E?s_uid@RTest1_Generator@test1@UModSys@@2USUniquePointer@core@3@A@@YAXXZ 0000000180002970 f    CIL library: CIL module
 0001:000019b0       ??__E?s_id@?$TObjectUniqueID@UIRoot@core@UModSys@@@tl@UModSys@@2USUniquePointer@core@3@A@@YAXXZ 00000001800029b0 f    CIL library: CIL module
 0001:000019f0       ??__E?s_id@?$TObjectUniqueID@UIRefObject@core@UModSys@@@tl@UModSys@@2USUniquePointer@core@3@A@@YAXXZ 00000001800029f0 f    CIL library: CIL module
 0001:00001a30       ??__E?s_id@?$TObjectUniqueID@UIParameters@core@UModSys@@@tl@UModSys@@2USUniquePointer@core@3@A@@YAXXZ 0000000180002a30 f    CIL library: CIL module
 0001:00001a70       ??__E?s_id@?$TObjectUniqueID@UIConsole@base@UModSys@@@tl@UModSys@@2USUniquePointer@core@3@A@@YAXXZ 0000000180002a70 f    CIL library: CIL module
 0001:00001ab0       ??__E?s_id@?$TObjectUniqueID@UIModule@base@UModSys@@@tl@UModSys@@2USUniquePointer@core@3@A@@YAXXZ 0000000180002ab0 f    CIL library: CIL module
 0001:00001af0       ??__E?s_id@?$TObjectUniqueID@UIModuleLibrary@base@UModSys@@@tl@UModSys@@2USUniquePointer@core@3@A@@YAXXZ 0000000180002af0 f    CIL library: CIL module
 0001:00001b30       ??__E?s_id@?$TObjectUniqueID@UISystem@base@UModSys@@@tl@UModSys@@2USUniquePointer@core@3@A@@YAXXZ 0000000180002b30 f    CIL library: CIL module
 0001:00001b70       ??__E?s_id@?$TObjectUniqueID@UIModObject@base@UModSys@@@tl@UModSys@@2USUniquePointer@core@3@A@@YAXXZ 0000000180002b70 f    CIL library: CIL module
 0001:00001bb0       ??__E?s_id@?$TObjectUniqueID@UIGenerator@base@UModSys@@@tl@UModSys@@2USUniquePointer@core@3@A@@YAXXZ 0000000180002bb0 f    CIL library: CIL module
 0001:00001bf0       ??__E?s_id@?$TObjectUniqueID@UIShell@base@UModSys@@@tl@UModSys@@2USUniquePointer@core@3@A@@YAXXZ 0000000180002bf0 f    CIL library: CIL module
 0001:00001c30       ??__E?s_id@?$TObjectUniqueID@URTest1_Shell@test1@UModSys@@@tl@UModSys@@2USUniquePointer@core@3@A@@YAXXZ 0000000180002c30 f    CIL library: CIL module
 0001:00001c70       ??__E?s_id@?$TObjectUniqueID@URTest1_Generator@test1@UModSys@@@tl@UModSys@@2USUniquePointer@core@3@A@@YAXXZ 0000000180002c70 f    CIL library: CIL module
 0001:00001cb0       ??__EM@UModSys@@YAXXZ      0000000180002cb0 f    CIL library: CIL module
 0001:00001cd0       ??__E?root@SModuleRegChain@base@UModSys@@2U123@A@@YAXXZ 0000000180002cd0 f    CIL library: CIL module
 0001:00001d00       ??__E?s_library@RModuleLibraryReg_Chain@base@UModSys@@2U123@A@@YAXXZ 0000000180002d00 f    CIL library: CIL module
 0001:00001d20       ??__E?root@SUniquePointer@core@UModSys@@2U123@A@@YAXXZ 0000000180002d20 f    CIL library: CIL module
 0001:00001d50       ??__F?s_modreg@RTest1_ModuleReg@test1@UModSys@@2U123@A@@YAXXZ 0000000180002d50 f    CIL library: CIL module
 0001:00001d70       ??__F?s_modreg_chain@RTest1_ModuleReg@test1@UModSys@@2USModuleRegChain@base@3@A@@YAXXZ 0000000180002d70 f    CIL library: CIL module
 0001:00001d80       ??__F?s_uid@RTest1_Generator@test1@UModSys@@2USUniquePointer@core@3@A@@YAXXZ 0000000180002d80 f    CIL library: CIL module
 0001:00001d90       ??__Fh@?1??s_holder@RTest1_Generator@test1@UModSys@@SAAEAU?$TTypeStaticHolder@URTest1_Generator@test1@UModSys@@@tl@3@XZ@YAXXZ 0000000180002d90 f    CIL library: CIL module
 0001:00001dc0       ??__F?s_id@?$TObjectUniqueID@URTest1_Generator@test1@UModSys@@@tl@UModSys@@2USUniquePointer@core@3@A@@YAXXZ 0000000180002dc0 f    CIL library: CIL module
 0001:00001dd0       ??__F?s_id@?$TObjectUniqueID@URTest1_Shell@test1@UModSys@@@tl@UModSys@@2USUniquePointer@core@3@A@@YAXXZ 0000000180002dd0 f    CIL library: CIL module
 0001:00001de0       ??__F?s_id@?$TObjectUniqueID@UIShell@base@UModSys@@@tl@UModSys@@2USUniquePointer@core@3@A@@YAXXZ 0000000180002de0 f    CIL library: CIL module
 0001:00001df0       ??__F?s_id@?$TObjectUniqueID@UIGenerator@base@UModSys@@@tl@UModSys@@2USUniquePointer@core@3@A@@YAXXZ 0000000180002df0 f    CIL library: CIL module
 0001:00001e00       ??__F?s_id@?$TObjectUniqueID@UIModObject@base@UModSys@@@tl@UModSys@@2USUniquePointer@core@3@A@@YAXXZ 0000000180002e00 f    CIL library: CIL module
 0001:00001e10       ??__F?s_id@?$TObjectUniqueID@UISystem@base@UModSys@@@tl@UModSys@@2USUniquePointer@core@3@A@@YAXXZ 0000000180002e10 f    CIL library: CIL module
 0001:00001e20       ??__F?s_id@?$TObjectUniqueID@UIModuleLibrary@base@UModSys@@@tl@UModSys@@2USUniquePointer@core@3@A@@YAXXZ 0000000180002e20 f    CIL library: CIL module
 0001:00001e30       ??__F?s_id@?$TObjectUniqueID@UIModule@base@UModSys@@@tl@UModSys@@2USUniquePointer@core@3@A@@YAXXZ 0000000180002e30 f    CIL library: CIL module
 0001:00001e40       ??__F?s_id@?$TObjectUniqueID@UIConsole@base@UModSys@@@tl@UModSys@@2USUniquePointer@core@3@A@@YAXXZ 0000000180002e40 f    CIL library: CIL module
 0001:00001e50       ??__F?s_id@?$TObjectUniqueID@UIParameters@core@UModSys@@@tl@UModSys@@2USUniquePointer@core@3@A@@YAXXZ 0000000180002e50 f    CIL library: CIL module
 0001:00001e60       ??__F?s_id@?$TObjectUniqueID@UIRefObject@core@UModSys@@@tl@UModSys@@2USUniquePointer@core@3@A@@YAXXZ 0000000180002e60 f    CIL library: CIL module
 0001:00001e70       ??__F?s_id@?$TObjectUniqueID@UIRoot@core@UModSys@@@tl@UModSys@@2USUniquePointer@core@3@A@@YAXXZ 0000000180002e70 f    CIL library: CIL module
 0001:00001e80       ??__FM@UModSys@@YAXXZ      0000000180002e80 f    CIL library: CIL module
 0001:00001e90       ??__F?root@SModuleRegChain@base@UModSys@@2U123@A@@YAXXZ 0000000180002e90 f    CIL library: CIL module
 0001:00001ea0       ??__F?s_library@RModuleLibraryReg_Chain@base@UModSys@@2U123@A@@YAXXZ 0000000180002ea0 f    CIL library: CIL module
 0001:00001eb0       ??__F?root@SUniquePointer@core@UModSys@@2U123@A@@YAXXZ 0000000180002eb0 f    CIL library: CIL module

 Exports

  ordinal    name

        1    UModSys_Plugin_Entry2
