 plugin_test2

 Timestamp is 526e649d (Mon Oct 28 16:20:29 2013)

 Preferred load address is 0000000180000000

 Start         Length     Name                   Class
 0001:00000000 00001106H .text                   CODE
 0001:00001110 000000f1H .text$x                 CODE
 0001:00001210 000003b2H .text$yc                CODE
 0001:000015d0 0000010cH .text$yd                CODE
 0002:00000000 000000e0H .idata$5                DATA
 0002:000000e0 00000008H .CRT$XCA                DATA
 0002:000000e8 00000120H .CRT$XCU                DATA
 0002:00000208 00000008H .CRT$XCZ                DATA
 0002:00000210 00000008H .CRT$XIA                DATA
 0002:00000218 00000008H .CRT$XIAA               DATA
 0002:00000220 00000008H .CRT$XIZ                DATA
 0002:00000228 00000298H .rdata                  DATA
 0002:000004c0 00000264H .rdata$r                DATA
 0002:00000728 00000008H .rtc$IAA                DATA
 0002:00000730 00000008H .rtc$IZZ                DATA
 0002:00000738 00000008H .rtc$TAA                DATA
 0002:00000740 00000008H .rtc$TZZ                DATA
 0002:00000748 000001ccH .xdata                  DATA
 0002:00000914 00000028H .idata$2                DATA
 0002:0000093c 00000014H .idata$3                DATA
 0002:00000950 000000e0H .idata$4                DATA
 0002:00000a30 000001feH .idata$6                DATA
 0002:00000c30 00000059H .edata                  DATA
 0003:00000000 0000015bH .data                   DATA
 0003:00000160 00000308H .bss                    DATA
 0004:00000000 00000294H .pdata                  DATA

  Address         Publics by Value              Rva+Base               Lib:Object

 0000:00000000       ___safe_se_handler_table   0000000000000000     <absolute>
 0000:00000000       ___safe_se_handler_count   0000000000000000     <absolute>
 0000:00000000       __ImageBase                0000000180000000     <linker-defined>
 0001:00000000       ?do_open@RTest2_ModuleReg@test2@UModSys@@UEAA_NXZ 0000000180001000 f i plugin_test2.obj
 0001:00000030       ?do_close@RTest2_ModuleReg@test2@UModSys@@UEAA_NXZ 0000000180001030 f i plugin_test2.obj
 0001:00000060       ??_GRTest2_ModuleReg@test2@UModSys@@UEAAPEAXI@Z 0000000180001060 f i plugin_test2.obj
 0001:00000060       ??_ERTest2_ModuleReg@test2@UModSys@@UEAAPEAXI@Z 0000000180001060 f i  CIL library: CIL module
 0001:00000090       ??$shash@D@su@tl@UModSys@@YAHPEBD_K@Z 0000000180001090 f i umodsys_lib_base:umodsys.base.moduleinfo.obj
 0001:000000c0       ??_ERModuleLibraryReg_Chain@base@UModSys@@UEAAPEAXI@Z 00000001800010c0 f i  CIL library: CIL module
 0001:000000c0       ??_GRModuleLibraryReg_Chain@base@UModSys@@UEAAPEAXI@Z 00000001800010c0 f i umodsys_lib_base:umodsys.base.moduleregchain.obj
 0001:000000f0       ??_EIModuleReg@base@UModSys@@UEAAPEAXI@Z 00000001800010f0 f i  CIL library: CIL module
 0001:000000f0       ??_GIModuleReg@base@UModSys@@UEAAPEAXI@Z 00000001800010f0 f i umodsys_lib_base:umodsys.base.modulereg.obj
 0001:00000120       ??_EIModuleLibraryReg@base@UModSys@@UEAAPEAXI@Z 0000000180001120 f i  CIL library: CIL module
 0001:00000120       ??_GIModuleLibraryReg@base@UModSys@@UEAAPEAXI@Z 0000000180001120 f i umodsys_lib_base:umodsys.base.modulereg.obj
 0001:00000144       _onexit                    0000000180001144 f   MSVCRT:atonexit.obj
 0001:000001f4       atexit                     00000001800011f4 f   MSVCRT:atonexit.obj
 0001:0000020c       ??3@YAXPEAX@Z              000000018000120c f   MSVCRT:MSVCR90.dll
 0001:00000214       ??_Etype_info@@UEAAPEAXI@Z 0000000180001214 f i MSVCRT:ti_inst.obj
 0001:000002e0       _CRT_INIT                  00000001800012e0 f   MSVCRT:crtdll.obj
 0001:00000674       _DllMainCRTStartup         0000000180001674 f   MSVCRT:crtdll.obj
 0001:000006b2       _purecall                  00000001800016b2 f   MSVCRT:MSVCR90.dll
 0001:000006b8       __C_specific_handler       00000001800016b8 f   MSVCRT:MSVCR90.dll
 0001:000006be       _unlock                    00000001800016be f   MSVCRT:MSVCR90.dll
 0001:000006c4       __dllonexit                00000001800016c4 f   MSVCRT:MSVCR90.dll
 0001:000006ca       _lock                      00000001800016ca f   MSVCRT:MSVCR90.dll
 0001:000006d0       ?__ArrayUnwind@@YAXPEAX_KHP6AX0@Z@Z 00000001800016d0 f   MSVCRT:ehvecdtr.obj
 0001:0000071c       ??_M@YAXPEAX_KHP6AX0@Z@Z   000000018000171c f   MSVCRT:ehvecdtr.obj
 0001:0000077c       __clean_type_info_names    000000018000177c f   MSVCRT:tncleanup.obj
 0001:00000788       _RTC_Initialize            0000000180001788 f   MSVCRT:_initsect_.obj
 0001:000007c0       _RTC_Terminate             00000001800017c0 f   MSVCRT:_initsect_.obj
 0001:00000800       _ValidateImageBase         0000000180001800 f   MSVCRT:pesect.obj
 0001:00000830       _FindPESection             0000000180001830 f   MSVCRT:pesect.obj
 0001:00000880       _IsNonwritableInCurrentImage 0000000180001880 f   MSVCRT:pesect.obj
 0001:000008c2       _initterm                  00000001800018c2 f   MSVCRT:MSVCR90.dll
 0001:000008c8       _initterm_e                00000001800018c8 f   MSVCRT:MSVCR90.dll
 0001:000008ce       _amsg_exit                 00000001800018ce f   MSVCRT:MSVCR90.dll
 0001:000008d4       __CppXcptFilter            00000001800018d4 f   MSVCRT:MSVCR90.dll
 0001:000008dc       DllMain                    00000001800018dc f   MSVCRT:dllmain.obj
 0001:00000900       __security_init_cookie     0000000180001900 f   MSVCRT:gs_support.obj
 0001:000009b4       ?terminate@@YAXXZ          00000001800019b4 f   MSVCRT:MSVCR90.dll
 0001:000009ba       ?_type_info_dtor_internal_method@type_info@@QEAAXXZ 00000001800019ba f   MSVCRT:MSVCR90.dll
 0001:000009ba       ??1type_info@@UEAA@XZ      00000001800019ba f   MSVCRT:MSVCR90.dll
 0001:000009c0       __clean_type_info_names_internal 00000001800019c0 f   MSVCRT:MSVCR90.dll
 0001:000009d0       ?s_unresolve@SUniquePointer@core@UModSys@@SAXPEAUIUniquePointerResolver@23@@Z 00000001800019d0 f   umodsys_lib_core:umodsys.core.uniqueptr.obj
 0001:00000a40       ?s_resolve@SUniquePointer@core@UModSys@@SAXPEAUIUniquePointerResolver@23@@Z 0000000180001a40 f   umodsys_lib_core:umodsys.core.uniqueptr.obj
 0001:00000ac0       ??1SUniquePointer@core@UModSys@@QEAA@XZ 0000000180001ac0 f   umodsys_lib_core:umodsys.core.uniqueptr.obj
 0001:00000af0       ??0SUniquePointer@core@UModSys@@QEAA@H@Z 0000000180001af0 f   umodsys_lib_core:umodsys.core.uniqueptr.obj
 0001:00000b20       ??0SUniquePointer@core@UModSys@@QEAA@PEBD0H@Z 0000000180001b20 f   umodsys_lib_core:umodsys.core.uniqueptr.obj
 0001:00000b80       ??1IModuleLibraryReg@base@UModSys@@UEAA@XZ 0000000180001b80 f   umodsys_lib_base:umodsys.base.modulereg.obj
 0001:00000ba0       ??0IModuleLibraryReg@base@UModSys@@QEAA@XZ 0000000180001ba0 f   umodsys_lib_base:umodsys.base.modulereg.obj
 0001:00000bc0       ?mr_close@IModuleReg@base@UModSys@@UEAA_NXZ 0000000180001bc0 f   umodsys_lib_base:umodsys.base.modulereg.obj
 0001:00000be0       ?mr_open@IModuleReg@base@UModSys@@UEAA_NXZ 0000000180001be0 f   umodsys_lib_base:umodsys.base.modulereg.obj
 0001:00000c10       ?mr_isopen@IModuleReg@base@UModSys@@UEBA_NXZ 0000000180001c10 f   umodsys_lib_base:umodsys.base.modulereg.obj
 0001:00000c20       ??1IModuleReg@base@UModSys@@UEAA@XZ 0000000180001c20 f   umodsys_lib_base:umodsys.base.modulereg.obj
 0001:00000c40       ??0IModuleReg@base@UModSys@@QEAA@PEBDHH0@Z 0000000180001c40 f   umodsys_lib_base:umodsys.base.modulereg.obj
 0001:00000ca0       UModSys_Plugin_Entry2      0000000180001ca0 f   umodsys_lib_base:umodsys.so_main.win32.obj
 0001:00000cb0       ??1RModuleLibraryReg_Chain@base@UModSys@@UEAA@XZ 0000000180001cb0 f   umodsys_lib_base:umodsys.base.moduleregchain.obj
 0001:00000cd0       ??0RModuleLibraryReg_Chain@base@UModSys@@QEAA@XZ 0000000180001cd0 f   umodsys_lib_base:umodsys.base.moduleregchain.obj
 0001:00000d00       ?s_get@SModuleRegChain@base@UModSys@@SAPEAUIModuleReg@23@_K@Z 0000000180001d00 f   umodsys_lib_base:umodsys.base.moduleregchain.obj
 0001:00000d40       ??1SModuleRegChain@base@UModSys@@QEAA@XZ 0000000180001d40 f   umodsys_lib_base:umodsys.base.moduleregchain.obj
 0001:00000d70       ??0SModuleRegChain@base@UModSys@@QEAA@AEAUIModuleReg@12@@Z 0000000180001d70 f   umodsys_lib_base:umodsys.base.moduleregchain.obj
 0001:00000dd0       ?mlr_isopen@RModuleLibraryReg_Chain@base@UModSys@@UEBA_NXZ 0000000180001dd0 f   umodsys_lib_base:umodsys.base.moduleregchain.obj
 0001:00000df0       ?mlr_close@RModuleLibraryReg_Chain@base@UModSys@@UEAA_NXZ 0000000180001df0 f   umodsys_lib_base:umodsys.base.moduleregchain.obj
 0001:00000e30       ?mlr_open@RModuleLibraryReg_Chain@base@UModSys@@UEAA_NPEAUISystem@23@PEAUIMemAlloc@core@3@@Z 0000000180001e30 f   umodsys_lib_base:umodsys.base.moduleregchain.obj
 0001:00000e70       ?mlr_get@RModuleLibraryReg_Chain@base@UModSys@@UEBAPEAUIModuleReg@23@_K@Z 0000000180001e70 f   umodsys_lib_base:umodsys.base.moduleregchain.obj
 0001:00000e80       ?mlr_count@RModuleLibraryReg_Chain@base@UModSys@@UEBA_KXZ 0000000180001e80 f   umodsys_lib_base:umodsys.base.moduleregchain.obj
 0001:00000ec0       ??0SModuleRegChain@base@UModSys@@QEAA@H@Z 0000000180001ec0 f   umodsys_lib_base:umodsys.base.moduleregchain.obj
 0001:00000ee0       ??1SModuleInfo@base@UModSys@@QEAA@XZ 0000000180001ee0 f   umodsys_lib_base:umodsys.base.moduleinfo.obj
 0001:00000ef0       ?set@SModuleInfo@base@UModSys@@QEAAXPEBDHH0@Z 0000000180001ef0 f   umodsys_lib_base:umodsys.base.moduleinfo.obj
 0001:00000f90       ??0SModuleInfo@base@UModSys@@QEAA@PEBDHH0@Z 0000000180001f90 f   umodsys_lib_base:umodsys.base.moduleinfo.obj
 0001:00001030       ?Link@SModuleContext@base@UModSys@@QEAAXPEAUISystem@23@PEAUIMemAlloc@core@3@@Z 0000000180002030 f   umodsys_lib_base:umodsys.base.modulecontext.obj
 0001:000010d0       ??1SModuleContext@base@UModSys@@QEAA@XZ 00000001800020d0 f   umodsys_lib_base:umodsys.base.modulecontext.obj
 0001:000010e0       ??0SModuleContext@base@UModSys@@QEAA@XZ 00000001800020e0 f   umodsys_lib_base:umodsys.base.modulecontext.obj
 0002:00000000       __imp_GetCurrentProcessId  0000000180003000     kernel32:KERNEL32.dll
 0002:00000008       __imp_GetCurrentThreadId   0000000180003008     kernel32:KERNEL32.dll
 0002:00000010       __imp_GetTickCount         0000000180003010     kernel32:KERNEL32.dll
 0002:00000018       __imp_QueryPerformanceCounter 0000000180003018     kernel32:KERNEL32.dll
 0002:00000020       __imp_DisableThreadLibraryCalls 0000000180003020     kernel32:KERNEL32.dll
 0002:00000028       __imp_Sleep                0000000180003028     kernel32:KERNEL32.dll
 0002:00000030       __imp_GetSystemTimeAsFileTime 0000000180003030     kernel32:KERNEL32.dll
 0002:00000038       \177KERNEL32_NULL_THUNK_DATA 0000000180003038     kernel32:KERNEL32.dll
 0002:00000040       __imp__decode_pointer      0000000180003040     MSVCRT:MSVCR90.dll
 0002:00000048       __imp__malloc_crt          0000000180003048     MSVCRT:MSVCR90.dll
 0002:00000050       __imp__initterm            0000000180003050     MSVCRT:MSVCR90.dll
 0002:00000058       __imp__initterm_e          0000000180003058     MSVCRT:MSVCR90.dll
 0002:00000060       __imp_free                 0000000180003060     MSVCRT:MSVCR90.dll
 0002:00000068       __imp__onexit              0000000180003068     MSVCRT:MSVCR90.dll
 0002:00000070       __imp__amsg_exit           0000000180003070     MSVCRT:MSVCR90.dll
 0002:00000078       __imp___CppXcptFilter      0000000180003078     MSVCRT:MSVCR90.dll
 0002:00000080       __imp_?terminate@@YAXXZ    0000000180003080     MSVCRT:MSVCR90.dll
 0002:00000088       __imp_?_type_info_dtor_internal_method@type_info@@QEAAXXZ 0000000180003088     MSVCRT:MSVCR90.dll
 0002:00000090       __imp___clean_type_info_names_internal 0000000180003090     MSVCRT:MSVCR90.dll
 0002:00000098       __imp__lock                0000000180003098     MSVCRT:MSVCR90.dll
 0002:000000a0       __imp__encode_pointer      00000001800030a0     MSVCRT:MSVCR90.dll
 0002:000000a8       __imp___dllonexit          00000001800030a8     MSVCRT:MSVCR90.dll
 0002:000000b0       __imp__unlock              00000001800030b0     MSVCRT:MSVCR90.dll
 0002:000000b8       __imp___C_specific_handler 00000001800030b8     MSVCRT:MSVCR90.dll
 0002:000000c0       __imp__purecall            00000001800030c0     MSVCRT:MSVCR90.dll
 0002:000000c8       __imp__encoded_null        00000001800030c8     MSVCRT:MSVCR90.dll
 0002:000000d0       __imp_??3@YAXPEAX@Z        00000001800030d0     MSVCRT:MSVCR90.dll
 0002:000000d8       \177MSVCR90_NULL_THUNK_DATA 00000001800030d8     MSVCRT:MSVCR90.dll
 0002:000000e0       __xc_a                     00000001800030e0     MSVCRT:cinitexe.obj
 0002:00000208       __xc_z                     0000000180003208     MSVCRT:cinitexe.obj
 0002:00000210       __xi_a                     0000000180003210     MSVCRT:cinitexe.obj
 0002:00000220       __xi_z                     0000000180003220     MSVCRT:cinitexe.obj
 0002:00000230       ??_7type_info@@6B@         0000000180003230     MSVCRT:ti_inst.obj
 0002:00000238       _pRawDllMain               0000000180003238     MSVCRT:crtdll.obj
 0002:00000238       _pDefaultRawDllMain        0000000180003238     MSVCRT:crtdll.obj
 0002:00000240       ??_C@_0P@GHFPNOJB@bad?5allocation?$AA@ 0000000180003240     plugin_test2.obj
 0002:00000250       ??_C@_0BF@OCNNAADO@UModSys?3?3core?3?3IRoot?$AA@ 0000000180003250     plugin_test2.obj
 0002:00000268       ??_C@_0BK@EMIJFOPA@UModSys?3?3core?3?3IRefObject?$AA@ 0000000180003268     plugin_test2.obj
 0002:00000288       ??_C@_0BL@IOMMHELF@UModSys?3?3core?3?3IParameters?$AA@ 0000000180003288     plugin_test2.obj
 0002:000002a8       ??_C@_0BI@IKAOEFAP@UModSys?3?3base?3?3IConsole?$AA@ 00000001800032a8     plugin_test2.obj
 0002:000002c0       ??_C@_0BH@LKDEEPPM@UModSys?3?3base?3?3IModule?$AA@ 00000001800032c0     plugin_test2.obj
 0002:000002d8       ??_C@_0BO@PHJOHFCB@UModSys?3?3base?3?3IModuleLibrary?$AA@ 00000001800032d8     plugin_test2.obj
 0002:000002f8       ??_C@_0BH@PFCONEJJ@UModSys?3?3base?3?3ISystem?$AA@ 00000001800032f8     plugin_test2.obj
 0002:00000310       ??_C@_0BK@FDPIOPHG@UModSys?3?3base?3?3IModObject?$AA@ 0000000180003310     plugin_test2.obj
 0002:00000330       ??_C@_0BK@OIBKNCKJ@UModSys?3?3base?3?3IGenerator?$AA@ 0000000180003330     plugin_test2.obj
 0002:00000350       ??_C@_0BG@PJBGCMEC@UModSys?3?3base?3?3IShell?$AA@ 0000000180003350     plugin_test2.obj
 0002:00000366       ??_C@_00CNPNBAHC@?$AA@     0000000180003366     plugin_test2.obj
 0002:00000368       ??_C@_0N@HFAGMDLL@tests?3?3test2?$AA@ 0000000180003368     plugin_test2.obj
 0002:00000378       ??_C@_0BA@EFKDNKNF@Test?52?5?9?5module?$AA@ 0000000180003378     plugin_test2.obj
 0002:00000388       ??_C@_05EPPCHHAP@Test2?$AA@ 0000000180003388     plugin_test2.obj
 0002:00000390       ??_C@_0BK@MDJCNGKO@RTest2_ModuleReg?3?3open?$CI?$CJ?6?$AA@ 0000000180003390     plugin_test2.obj
 0002:000003b0       ??_C@_0BL@DPIOGOOM@RTest2_ModuleReg?3?3close?$CI?$CJ?6?$AA@ 00000001800033b0     plugin_test2.obj
 0002:000003d0       ??_C@_08FCBDOIAH@typeinfo?$AA@ 00000001800033d0     plugin_test2.obj
 0002:000003e8       ??_7RTest2_ModuleReg@test2@UModSys@@6B@ 00000001800033e8     plugin_test2.obj
 0002:00000420       ??_7RModuleLibraryReg_Chain@base@UModSys@@6B@ 0000000180003420     umodsys_lib_base:umodsys.base.moduleregchain.obj
 0002:00000458       ??_7IModuleReg@base@UModSys@@6B@ 0000000180003458     umodsys_lib_base:umodsys.base.modulereg.obj
 0002:00000490       ??_7IModuleLibraryReg@base@UModSys@@6B@ 0000000180003490     umodsys_lib_base:umodsys.base.modulereg.obj
 0002:000004c0       ??_R4type_info@@6B@        00000001800034c0     MSVCRT:ti_inst.obj
 0002:000004e8       ??_R3type_info@@8          00000001800034e8     MSVCRT:ti_inst.obj
 0002:00000500       ??_R2type_info@@8          0000000180003500     MSVCRT:ti_inst.obj
 0002:00000510       ??_R1A@?0A@EA@type_info@@8 0000000180003510     MSVCRT:ti_inst.obj
 0002:00000538       ??_R4RTest2_ModuleReg@test2@UModSys@@6B@ 0000000180003538     plugin_test2.obj
 0002:00000560       ??_R3RTest2_ModuleReg@test2@UModSys@@8 0000000180003560     plugin_test2.obj
 0002:00000578       ??_R2RTest2_ModuleReg@test2@UModSys@@8 0000000180003578     plugin_test2.obj
 0002:00000590       ??_R1A@?0A@EA@IModuleReg@base@UModSys@@8 0000000180003590     plugin_test2.obj
 0002:000005b8       ??_R3IModuleReg@base@UModSys@@8 00000001800035b8     plugin_test2.obj
 0002:000005d0       ??_R2IModuleReg@base@UModSys@@8 00000001800035d0     plugin_test2.obj
 0002:000005e0       ??_R1A@?0A@EA@RTest2_ModuleReg@test2@UModSys@@8 00000001800035e0     plugin_test2.obj
 0002:00000608       ??_R4RModuleLibraryReg_Chain@base@UModSys@@6B@ 0000000180003608     umodsys_lib_base:umodsys.base.moduleregchain.obj
 0002:00000630       ??_R3RModuleLibraryReg_Chain@base@UModSys@@8 0000000180003630     umodsys_lib_base:umodsys.base.moduleregchain.obj
 0002:00000648       ??_R2RModuleLibraryReg_Chain@base@UModSys@@8 0000000180003648     umodsys_lib_base:umodsys.base.moduleregchain.obj
 0002:00000660       ??_R1A@?0A@EA@IModuleLibraryReg@base@UModSys@@8 0000000180003660     umodsys_lib_base:umodsys.base.moduleregchain.obj
 0002:00000688       ??_R3IModuleLibraryReg@base@UModSys@@8 0000000180003688     umodsys_lib_base:umodsys.base.moduleregchain.obj
 0002:000006a0       ??_R2IModuleLibraryReg@base@UModSys@@8 00000001800036a0     umodsys_lib_base:umodsys.base.moduleregchain.obj
 0002:000006b0       ??_R1A@?0A@EA@RModuleLibraryReg_Chain@base@UModSys@@8 00000001800036b0     umodsys_lib_base:umodsys.base.moduleregchain.obj
 0002:000006d8       ??_R4IModuleLibraryReg@base@UModSys@@6B@ 00000001800036d8     umodsys_lib_base:umodsys.base.modulereg.obj
 0002:00000700       ??_R4IModuleReg@base@UModSys@@6B@ 0000000180003700     umodsys_lib_base:umodsys.base.modulereg.obj
 0002:00000728       __rtc_iaa                  0000000180003728     MSVCRT:_initsect_.obj
 0002:00000730       __rtc_izz                  0000000180003730     MSVCRT:_initsect_.obj
 0002:00000738       __rtc_taa                  0000000180003738     MSVCRT:_initsect_.obj
 0002:00000740       __rtc_tzz                  0000000180003740     MSVCRT:_initsect_.obj
 0002:00000914       __IMPORT_DESCRIPTOR_MSVCR90 0000000180003914     MSVCRT:MSVCR90.dll
 0002:00000928       __IMPORT_DESCRIPTOR_KERNEL32 0000000180003928     kernel32:KERNEL32.dll
 0002:0000093c       __NULL_IMPORT_DESCRIPTOR   000000018000393c     MSVCRT:MSVCR90.dll
 0003:00000000       ??_R0?AVtype_info@@@8      0000000180004000     MSVCRT:ti_inst.obj
 0003:00000020       __native_dllmain_reason    0000000180004020     MSVCRT:natstart.obj
 0003:00000024       __native_vcclrit_reason    0000000180004024     MSVCRT:natstart.obj
 0003:00000028       __security_cookie          0000000180004028     MSVCRT:gs_cookie.obj
 0003:00000030       __security_cookie_complement 0000000180004030     MSVCRT:gs_cookie.obj
 0003:00000038       ??_R0?AUIModuleReg@base@UModSys@@@8 0000000180004038     plugin_test2.obj
 0003:00000068       ??_R0?AURTest2_ModuleReg@test2@UModSys@@@8 0000000180004068     plugin_test2.obj
 0003:000000c0       ?so_entry_enabled_flag@base@UModSys@@3HA 00000001800040c0     umodsys_lib_base:umodsys.so_main.win32.obj
 0003:000000e8       ??_R0?AUIModuleLibraryReg@base@UModSys@@@8 00000001800040e8     umodsys_lib_base:umodsys.base.moduleregchain.obj
 0003:00000120       ??_R0?AURModuleLibraryReg_Chain@base@UModSys@@@8 0000000180004120     umodsys_lib_base:umodsys.base.moduleregchain.obj
 0003:00000164       _forceCRTManifestRTM       0000000180004164     MSVCRT:crtmanifestrtm.obj
 0003:00000168       ?__type_info_root_node@@3U__type_info_node@@A 0000000180004168     MSVCRT:tncleanup.obj
 0003:00000178       ?s_id@?$TObjectUniqueID@UIModObject@base@UModSys@@@tl@UModSys@@2USUniquePointer@core@3@A 0000000180004178     plugin_test2.obj
 0003:000001a8       ?s_id@?$TObjectUniqueID@UIGenerator@base@UModSys@@@tl@UModSys@@2USUniquePointer@core@3@A 00000001800041a8     plugin_test2.obj
 0003:000001d8       ?s_id@?$TObjectUniqueID@UIModule@base@UModSys@@@tl@UModSys@@2USUniquePointer@core@3@A 00000001800041d8     plugin_test2.obj
 0003:00000208       ?s_id@?$TObjectUniqueID@UIRoot@core@UModSys@@@tl@UModSys@@2USUniquePointer@core@3@A 0000000180004208     plugin_test2.obj
 0003:00000240       ?s_modreg@RTest2_ModuleReg@test2@UModSys@@2U123@A 0000000180004240     plugin_test2.obj
 0003:00000290       ?s_modreg_chain@RTest2_ModuleReg@test2@UModSys@@2USModuleRegChain@base@3@A 0000000180004290     plugin_test2.obj
 0003:000002a8       ?M@UModSys@@3USModuleContext@base@1@A 00000001800042a8     umodsys_lib_base:umodsys.base.modulecontext.obj
 0003:000002d0       ?s_library@RModuleLibraryReg_Chain@base@UModSys@@2U123@A 00000001800042d0     umodsys_lib_base:umodsys.base.moduleregchain.obj
 0003:000002d8       ?root@SModuleRegChain@base@UModSys@@2U123@A 00000001800042d8     umodsys_lib_base:umodsys.base.moduleregchain.obj
 0003:000002f0       ?root@SUniquePointer@core@UModSys@@2U123@A 00000001800042f0     umodsys_lib_core:umodsys.core.uniqueptr.obj
 0003:00000320       ?s_id@?$TObjectUniqueID@UISystem@base@UModSys@@@tl@UModSys@@2USUniquePointer@core@3@A 0000000180004320     plugin_test2.obj
 0003:00000350       ?s_id@?$TObjectUniqueID@UIRefObject@core@UModSys@@@tl@UModSys@@2USUniquePointer@core@3@A 0000000180004350     plugin_test2.obj
 0003:00000380       ?s_id@?$TObjectUniqueID@UIShell@base@UModSys@@@tl@UModSys@@2USUniquePointer@core@3@A 0000000180004380     plugin_test2.obj
 0003:000003b0       ?s_id@?$TObjectUniqueID@UIConsole@base@UModSys@@@tl@UModSys@@2USUniquePointer@core@3@A 00000001800043b0     plugin_test2.obj
 0003:000003e0       ?s_id@?$TObjectUniqueID@UIModuleLibrary@base@UModSys@@@tl@UModSys@@2USUniquePointer@core@3@A 00000001800043e0     plugin_test2.obj
 0003:00000410       ?s_id@?$TObjectUniqueID@UIParameters@core@UModSys@@@tl@UModSys@@2USUniquePointer@core@3@A 0000000180004410     plugin_test2.obj
 0003:00000440       __native_startup_state     0000000180004440     <common>
 0003:00000448       __native_startup_lock      0000000180004448     <common>
 0003:00000450       __dyn_tls_init_callback    0000000180004450     <common>
 0003:00000458       __onexitend                0000000180004458     <common>
 0003:00000460       __onexitbegin              0000000180004460     <common>

 entry point at        0001:00000674

 Static symbols

 0001:00000280       pre_c_init                 0000000180001280 f   MSVCRT:crtdll.obj
 0001:0000053c       __DllMainCRTStartup        000000018000153c f   MSVCRT:crtdll.obj
 0001:00001110       _onexit$fin$0              0000000180002110 f   MSVCRT:atonexit.obj
 0001:00001129       __DllMainCRTStartup$filt$0 0000000180002129 f   MSVCRT:crtdll.obj
 0001:00001159       __DllMainCRTStartup$fin$1  0000000180002159 f   MSVCRT:crtdll.obj
 0001:00001172       ?filt$0@?0??__ArrayUnwind@@YAXPEAX_KHP6AX0@Z@Z@4HA 0000000180002172 f   MSVCRT:ehvecdtr.obj
 0001:000011b1       ?fin$0@?0???_M@YAXPEAX_KHP6AX0@Z@Z@4HA 00000001800021b1 f   MSVCRT:ehvecdtr.obj
 0001:000011e0       _IsNonwritableInCurrentImage$filt$0 00000001800021e0 f   MSVCRT:pesect.obj
 0001:00001210       ??__E?s_modreg@RTest2_ModuleReg@test2@UModSys@@2U123@A@@YAXXZ 0000000180002210 f    CIL library: CIL module
 0001:00001280       ??__E?s_modreg_chain@RTest2_ModuleReg@test2@UModSys@@2USModuleRegChain@base@3@A@@YAXXZ 0000000180002280 f    CIL library: CIL module
 0001:000012b0       ??__E?s_id@?$TObjectUniqueID@UIRoot@core@UModSys@@@tl@UModSys@@2USUniquePointer@core@3@A@@YAXXZ 00000001800022b0 f    CIL library: CIL module
 0001:000012f0       ??__E?s_id@?$TObjectUniqueID@UIRefObject@core@UModSys@@@tl@UModSys@@2USUniquePointer@core@3@A@@YAXXZ 00000001800022f0 f    CIL library: CIL module
 0001:00001330       ??__E?s_id@?$TObjectUniqueID@UIParameters@core@UModSys@@@tl@UModSys@@2USUniquePointer@core@3@A@@YAXXZ 0000000180002330 f    CIL library: CIL module
 0001:00001370       ??__E?s_id@?$TObjectUniqueID@UIConsole@base@UModSys@@@tl@UModSys@@2USUniquePointer@core@3@A@@YAXXZ 0000000180002370 f    CIL library: CIL module
 0001:000013b0       ??__E?s_id@?$TObjectUniqueID@UIModule@base@UModSys@@@tl@UModSys@@2USUniquePointer@core@3@A@@YAXXZ 00000001800023b0 f    CIL library: CIL module
 0001:000013f0       ??__E?s_id@?$TObjectUniqueID@UIModuleLibrary@base@UModSys@@@tl@UModSys@@2USUniquePointer@core@3@A@@YAXXZ 00000001800023f0 f    CIL library: CIL module
 0001:00001430       ??__E?s_id@?$TObjectUniqueID@UISystem@base@UModSys@@@tl@UModSys@@2USUniquePointer@core@3@A@@YAXXZ 0000000180002430 f    CIL library: CIL module
 0001:00001470       ??__E?s_id@?$TObjectUniqueID@UIModObject@base@UModSys@@@tl@UModSys@@2USUniquePointer@core@3@A@@YAXXZ 0000000180002470 f    CIL library: CIL module
 0001:000014b0       ??__E?s_id@?$TObjectUniqueID@UIGenerator@base@UModSys@@@tl@UModSys@@2USUniquePointer@core@3@A@@YAXXZ 00000001800024b0 f    CIL library: CIL module
 0001:000014f0       ??__E?s_id@?$TObjectUniqueID@UIShell@base@UModSys@@@tl@UModSys@@2USUniquePointer@core@3@A@@YAXXZ 00000001800024f0 f    CIL library: CIL module
 0001:00001530       ??__EM@UModSys@@YAXXZ      0000000180002530 f    CIL library: CIL module
 0001:00001550       ??__E?root@SModuleRegChain@base@UModSys@@2U123@A@@YAXXZ 0000000180002550 f    CIL library: CIL module
 0001:00001580       ??__E?s_library@RModuleLibraryReg_Chain@base@UModSys@@2U123@A@@YAXXZ 0000000180002580 f    CIL library: CIL module
 0001:000015a0       ??__E?root@SUniquePointer@core@UModSys@@2U123@A@@YAXXZ 00000001800025a0 f    CIL library: CIL module
 0001:000015d0       ??__F?s_modreg@RTest2_ModuleReg@test2@UModSys@@2U123@A@@YAXXZ 00000001800025d0 f    CIL library: CIL module
 0001:000015f0       ??__F?s_modreg_chain@RTest2_ModuleReg@test2@UModSys@@2USModuleRegChain@base@3@A@@YAXXZ 00000001800025f0 f    CIL library: CIL module
 0001:00001600       ??__F?s_id@?$TObjectUniqueID@UIShell@base@UModSys@@@tl@UModSys@@2USUniquePointer@core@3@A@@YAXXZ 0000000180002600 f    CIL library: CIL module
 0001:00001610       ??__F?s_id@?$TObjectUniqueID@UIGenerator@base@UModSys@@@tl@UModSys@@2USUniquePointer@core@3@A@@YAXXZ 0000000180002610 f    CIL library: CIL module
 0001:00001620       ??__F?s_id@?$TObjectUniqueID@UIModObject@base@UModSys@@@tl@UModSys@@2USUniquePointer@core@3@A@@YAXXZ 0000000180002620 f    CIL library: CIL module
 0001:00001630       ??__F?s_id@?$TObjectUniqueID@UISystem@base@UModSys@@@tl@UModSys@@2USUniquePointer@core@3@A@@YAXXZ 0000000180002630 f    CIL library: CIL module
 0001:00001640       ??__F?s_id@?$TObjectUniqueID@UIModuleLibrary@base@UModSys@@@tl@UModSys@@2USUniquePointer@core@3@A@@YAXXZ 0000000180002640 f    CIL library: CIL module
 0001:00001650       ??__F?s_id@?$TObjectUniqueID@UIModule@base@UModSys@@@tl@UModSys@@2USUniquePointer@core@3@A@@YAXXZ 0000000180002650 f    CIL library: CIL module
 0001:00001660       ??__F?s_id@?$TObjectUniqueID@UIConsole@base@UModSys@@@tl@UModSys@@2USUniquePointer@core@3@A@@YAXXZ 0000000180002660 f    CIL library: CIL module
 0001:00001670       ??__F?s_id@?$TObjectUniqueID@UIParameters@core@UModSys@@@tl@UModSys@@2USUniquePointer@core@3@A@@YAXXZ 0000000180002670 f    CIL library: CIL module
 0001:00001680       ??__F?s_id@?$TObjectUniqueID@UIRefObject@core@UModSys@@@tl@UModSys@@2USUniquePointer@core@3@A@@YAXXZ 0000000180002680 f    CIL library: CIL module
 0001:00001690       ??__F?s_id@?$TObjectUniqueID@UIRoot@core@UModSys@@@tl@UModSys@@2USUniquePointer@core@3@A@@YAXXZ 0000000180002690 f    CIL library: CIL module
 0001:000016a0       ??__FM@UModSys@@YAXXZ      00000001800026a0 f    CIL library: CIL module
 0001:000016b0       ??__F?root@SModuleRegChain@base@UModSys@@2U123@A@@YAXXZ 00000001800026b0 f    CIL library: CIL module
 0001:000016c0       ??__F?s_library@RModuleLibraryReg_Chain@base@UModSys@@2U123@A@@YAXXZ 00000001800026c0 f    CIL library: CIL module
 0001:000016d0       ??__F?root@SUniquePointer@core@UModSys@@2U123@A@@YAXXZ 00000001800026d0 f    CIL library: CIL module

 Exports

  ordinal    name

        1    UModSys_Plugin_Entry2
