 plugin_test1

 Timestamp is 525e99dd (Wed Oct 16 16:51:25 2013)

 Preferred load address is 0000000180000000

 Start         Length     Name                   Class
 0001:00000000 000021ecH .text                   CODE
 0001:000021f0 000001dcH .text$x                 CODE
 0001:000023d0 00000522H .text$yc                CODE
 0001:00002900 0000019cH .text$yd                CODE
 0002:00000000 000000e8H .idata$5                DATA
 0002:000000e8 00000008H .CRT$XCA                DATA
 0002:000000f0 00000218H .CRT$XCU                DATA
 0002:00000308 00000008H .CRT$XCZ                DATA
 0002:00000310 00000008H .CRT$XIA                DATA
 0002:00000318 00000008H .CRT$XIAA               DATA
 0002:00000320 00000008H .CRT$XIZ                DATA
 0002:00000330 00000868H .rdata                  DATA
 0002:00000b98 000005acH .rdata$r                DATA
 0002:00001148 00000008H .rtc$IAA                DATA
 0002:00001150 00000008H .rtc$IZZ                DATA
 0002:00001158 00000008H .rtc$TAA                DATA
 0002:00001160 00000008H .rtc$TZZ                DATA
 0002:00001168 000003ccH .xdata                  DATA
 0002:00001534 00000028H .idata$2                DATA
 0002:0000155c 00000014H .idata$3                DATA
 0002:00001570 000000e8H .idata$4                DATA
 0002:00001658 00000214H .idata$6                DATA
 0002:00001870 00000059H .edata                  DATA
 0003:00000000 000002e8H .data                   DATA
 0003:000002f0 00000468H .bss                    DATA
 0004:00000000 000004bcH .pdata                  DATA

  Address         Publics by Value              Rva+Base               Lib:Object

 0000:00000000       ___safe_se_handler_table   0000000000000000     <absolute>
 0000:00000000       ___safe_se_handler_count   0000000000000000     <absolute>
 0000:00000000       __ImageBase                0000000180000000     <linker-defined>
 0001:00000000       ??1SCMemShared@core@UModSys@@QEAA@XZ 0000000180001000 f i plugin_test1.obj
 0001:00000020       ??3IRoot@core@UModSys@@SAXPEAXAEBUSIMemAlloc@12@@Z 0000000180001020 f i plugin_test1.obj
 0001:00000030       ?get_interface_info@RTest1_Shell@test1@test@modules@UModSys@@UEBAAEBUSUniquePointerInfo@core@5@XZ 0000000180001030 f i plugin_test1.obj
 0001:00000040       ?get_interface_type@RTest1_Shell@test1@test@modules@UModSys@@UEBAPEBUSUniquePointerInfo@core@5@XZ 0000000180001040 f i plugin_test1.obj
 0001:00000050       ?get_other_interface@RTest1_Shell@test1@test@modules@UModSys@@UEBAPEBUIRoot@core@5@PEBUSUniquePointerInfo@75@@Z 0000000180001050 f i plugin_test1.obj
 0001:00000050       ?get_other_interface@RTest1_Shell@test1@test@modules@UModSys@@UEAAPEAUIRoot@core@5@PEBUSUniquePointerInfo@75@@Z 0000000180001050 f i plugin_test1.obj
 0001:00000080       ?ref_remove@RGenerator@test1@test@modules@UModSys@@UEBAXXZ 0000000180001080 f i plugin_test1.obj
 0001:00000080       ?ref_remove@RTest1_Shell@test1@test@modules@UModSys@@UEBAXXZ 0000000180001080 f i plugin_test1.obj
 0001:000000a0       ?ref_links@RTest1_Shell@test1@test@modules@UModSys@@UEBAHXZ 00000001800010a0 f i plugin_test1.obj
 0001:000000a0       ?ref_links@RGenerator@test1@test@modules@UModSys@@UEBAHXZ 00000001800010a0 f i plugin_test1.obj
 0001:000000b0       ?ref_weak@RGenerator@test1@test@modules@UModSys@@UEBA_NAEAUWeakPointer@IRefObject@core@5@@Z 00000001800010b0 f i plugin_test1.obj
 0001:000000b0       ?ref_weak@RTest1_Shell@test1@test@modules@UModSys@@UEBA_NAEAUWeakPointer@IRefObject@core@5@@Z 00000001800010b0 f i plugin_test1.obj
 0001:000000d0       ?suicide@RTest1_Shell@test1@test@modules@UModSys@@UEAAXXZ 00000001800010d0 f i plugin_test1.obj
 0001:00000120       ?dump_str@RTest1_Shell@test1@test@modules@UModSys@@QEAAXPEBD_K@Z 0000000180001120 f i plugin_test1.obj
 0001:000004c0       ?file_test3@RTest1_Shell@test1@test@modules@UModSys@@QEAAXXZ 00000001800014c0 f i plugin_test1.obj
 0001:00000880       ??0RTest1_Shell@test1@test@modules@UModSys@@QEAA@PEAUIModObject@base@4@@Z 0000000180001880 f i plugin_test1.obj
 0001:00000990       ??1RTest1_Shell@test1@test@modules@UModSys@@UEAA@XZ 0000000180001990 f i plugin_test1.obj
 0001:00000a10       ?connect@RTest1_Shell@test1@test@modules@UModSys@@UEAA_NXZ 0000000180001a10 f i plugin_test1.obj
 0001:00000a40       ?disconnect@RTest1_Shell@test1@test@modules@UModSys@@UEAA_NXZ 0000000180001a40 f i plugin_test1.obj
 0001:00000a70       ?process_tick@RTest1_Shell@test1@test@modules@UModSys@@UEAA_NAEBUSTimeMsec@core@5@@Z 0000000180001a70 f i plugin_test1.obj
 0001:00000ab0       ?process_command@RTest1_Shell@test1@test@modules@UModSys@@UEAA_NHQEBU?$TString@U?$TSCoreConst@D@su@tl@UModSys@@U?$TComparerBinaryHash@D@234@@tl@5@@Z 0000000180001ab0 f i plugin_test1.obj
 0001:00000ae0       ??1?$TParametersA@$0EAA@@core@UModSys@@QEAA@XZ 0000000180001ae0 f i plugin_test1.obj
 0001:00000b00       ??_ERTest1_Shell@test1@test@modules@UModSys@@UEAAPEAXI@Z 0000000180001b00 f i  CIL library: CIL module
 0001:00000b00       ??_GRTest1_Shell@test1@test@modules@UModSys@@UEAAPEAXI@Z 0000000180001b00 f i plugin_test1.obj
 0001:00000b30       ??1IShell@base@UModSys@@UEAA@XZ 0000000180001b30 f i plugin_test1.obj
 0001:00000b40       ??_ERGenerator@test1@test@modules@UModSys@@UEAAPEAXI@Z 0000000180001b40 f i  CIL library: CIL module
 0001:00000b40       ??_EIRefObject@core@UModSys@@UEAAPEAXI@Z 0000000180001b40 f i  CIL library: CIL module
 0001:00000b40       ??_GIRefObject@core@UModSys@@UEAAPEAXI@Z 0000000180001b40 f i plugin_test1.obj
 0001:00000b40       ??_GRGenerator@test1@test@modules@UModSys@@UEAAPEAXI@Z 0000000180001b40 f i plugin_test1.obj
 0001:00000b70       ??_EIRoot@core@UModSys@@UEAAPEAXI@Z 0000000180001b70 f i  CIL library: CIL module
 0001:00000b70       ??_GIRoot@core@UModSys@@UEAAPEAXI@Z 0000000180001b70 f i plugin_test1.obj
 0001:00000ba0       ?get_generated_names@RGenerator@test1@test@modules@UModSys@@UEBAHAEAUSUniquePtrList@core@5@@Z 0000000180001ba0 f i plugin_test1.obj
 0001:00000bc0       ?get_generated_types@RGenerator@test1@test@modules@UModSys@@UEBAHAEAUSUniquePtrList@core@5@PEBUSUniquePointerInfo@75@@Z 0000000180001bc0 f i plugin_test1.obj
 0001:00000c20       ?generate@RGenerator@test1@test@modules@UModSys@@UEAA_NAEAU?$TRefObject@UIRefObject@core@UModSys@@U?$TRefObjectFunc@UIRefObject@core@UModSys@@@tl@3@@tl@5@PEBUSUniquePointerInfo@core@5@AEBUSParameters@95@@Z 0000000180001c20 f i plugin_test1.obj
 0001:00000cc0       ?get_interface_info@RGenerator@test1@test@modules@UModSys@@UEBAAEBUSUniquePointerInfo@core@5@XZ 0000000180001cc0 f i plugin_test1.obj
 0001:00000cd0       ?get_interface_type@RGenerator@test1@test@modules@UModSys@@UEBAPEBUSUniquePointerInfo@core@5@XZ 0000000180001cd0 f i plugin_test1.obj
 0001:00000ce0       ?get_interface_types@RTest1_Shell@test1@test@modules@UModSys@@UEBA_KAEAUSUniquePtrList@core@5@@Z 0000000180001ce0 f i plugin_test1.obj
 0001:00000ce0       ?get_interface_types@RGenerator@test1@test@modules@UModSys@@UEBA_KAEAUSUniquePtrList@core@5@@Z 0000000180001ce0 f i plugin_test1.obj
 0001:00000cf0       ?get_other_interface@RGenerator@test1@test@modules@UModSys@@UEBAPEBUIRoot@core@5@PEBUSUniquePointerInfo@75@@Z 0000000180001cf0 f i plugin_test1.obj
 0001:00000cf0       ?get_other_interface@RGenerator@test1@test@modules@UModSys@@UEAAPEAUIRoot@core@5@PEBUSUniquePointerInfo@75@@Z 0000000180001cf0 f i plugin_test1.obj
 0001:00000d30       ?ref_add@RTest1_Shell@test1@test@modules@UModSys@@UEBAXXZ 0000000180001d30 f i plugin_test1.obj
 0001:00000d30       ?ref_add@RGenerator@test1@test@modules@UModSys@@UEBAXXZ 0000000180001d30 f i plugin_test1.obj
 0001:00000d40       ?suicide@RGenerator@test1@test@modules@UModSys@@UEAAXXZ 0000000180001d40 f i plugin_test1.obj
 0001:00000d50       ?get_uid@RGenerator@test1@test@modules@UModSys@@UEBAPEBUSUniquePointerInfo@core@5@XZ 0000000180001d50 f i plugin_test1.obj
 0001:00000d60       ?do_open@RModuleReg@test1@test@modules@UModSys@@UEAA_NXZ 0000000180001d60 f i plugin_test1.obj
 0001:00000d90       ?do_close@RModuleReg@test1@test@modules@UModSys@@UEAA_NXZ 0000000180001d90 f i plugin_test1.obj
 0001:00000dc0       ??_GRModuleReg@test1@test@modules@UModSys@@UEAAPEAXI@Z 0000000180001dc0 f i plugin_test1.obj
 0001:00000dc0       ??_ERModuleReg@test1@test@modules@UModSys@@UEAAPEAXI@Z 0000000180001dc0 f i  CIL library: CIL module
 0001:00000df0       ??$shash@D@su@tl@UModSys@@YAHPEBD_K@Z 0000000180001df0 f i plugin_test1.obj
 0001:00000e20       ??1?$TRefObject@UIDataArchive@libmedia@UModSys@@U?$TRefObjectFunc@UIDataArchive@libmedia@UModSys@@@tl@3@@tl@UModSys@@QEAA@XZ 0000000180001e20 f i plugin_test1.obj
 0001:00000e20       ??1?$TRefObject@UIRefObject@core@UModSys@@U?$TRefObjectFunc@UIRefObject@core@UModSys@@@tl@3@@tl@UModSys@@QEAA@XZ 0000000180001e20 f i plugin_test1.obj
 0001:00000e50       ??1?$TRefObject@UIModObject@base@UModSys@@U?$TModObjectFunc@UIModObject@base@UModSys@@@tl@3@@tl@UModSys@@QEAA@XZ 0000000180001e50 f i plugin_test1.obj
 0001:00000e80       ??_ERModuleLibraryReg_Chain@base@UModSys@@UEAAPEAXI@Z 0000000180001e80 f i  CIL library: CIL module
 0001:00000e80       ??_GRModuleLibraryReg_Chain@base@UModSys@@UEAAPEAXI@Z 0000000180001e80 f i umodsys_lib_base:umodsys.base.moduleregchain.obj
 0001:00000eb0       ??_GIModuleReg@base@UModSys@@UEAAPEAXI@Z 0000000180001eb0 f i umodsys_lib_base:umodsys.base.modulereg.obj
 0001:00000eb0       ??_EIModuleReg@base@UModSys@@UEAAPEAXI@Z 0000000180001eb0 f i  CIL library: CIL module
 0001:00000ee0       ??_GIModuleLibraryReg@base@UModSys@@UEAAPEAXI@Z 0000000180001ee0 f i umodsys_lib_base:umodsys.base.modulereg.obj
 0001:00000ee0       ??_EIModuleLibraryReg@base@UModSys@@UEAAPEAXI@Z 0000000180001ee0 f i  CIL library: CIL module
 0001:00000f04       _onexit                    0000000180001f04 f   MSVCRT:atonexit.obj
 0001:00000fb4       atexit                     0000000180001fb4 f   MSVCRT:atonexit.obj
 0001:00000fcc       _purecall                  0000000180001fcc f   MSVCRT:MSVCR90.dll
 0001:00000fd2       ??3@YAXPEAX@Z              0000000180001fd2 f   MSVCRT:MSVCR90.dll
 0001:00000fd8       ??_Etype_info@@UEAAPEAXI@Z 0000000180001fd8 f i MSVCRT:ti_inst.obj
 0001:000010a4       _CRT_INIT                  00000001800020a4 f   MSVCRT:crtdll.obj
 0001:00001438       _DllMainCRTStartup         0000000180002438 f   MSVCRT:crtdll.obj
 0001:00001476       __C_specific_handler       0000000180002476 f   MSVCRT:MSVCR90.dll
 0001:0000147c       _unlock                    000000018000247c f   MSVCRT:MSVCR90.dll
 0001:00001482       __dllonexit                0000000180002482 f   MSVCRT:MSVCR90.dll
 0001:00001488       _lock                      0000000180002488 f   MSVCRT:MSVCR90.dll
 0001:00001490       ?__ArrayUnwind@@YAXPEAX_KHP6AX0@Z@Z 0000000180002490 f   MSVCRT:ehvecdtr.obj
 0001:000014dc       ??_M@YAXPEAX_KHP6AX0@Z@Z   00000001800024dc f   MSVCRT:ehvecdtr.obj
 0001:0000153c       __clean_type_info_names    000000018000253c f   MSVCRT:tncleanup.obj
 0001:00001548       _RTC_Initialize            0000000180002548 f   MSVCRT:_initsect_.obj
 0001:00001580       _RTC_Terminate             0000000180002580 f   MSVCRT:_initsect_.obj
 0001:000015c0       _ValidateImageBase         00000001800025c0 f   MSVCRT:pesect.obj
 0001:000015f0       _FindPESection             00000001800025f0 f   MSVCRT:pesect.obj
 0001:00001640       _IsNonwritableInCurrentImage 0000000180002640 f   MSVCRT:pesect.obj
 0001:00001682       _initterm                  0000000180002682 f   MSVCRT:MSVCR90.dll
 0001:00001688       _initterm_e                0000000180002688 f   MSVCRT:MSVCR90.dll
 0001:0000168e       _amsg_exit                 000000018000268e f   MSVCRT:MSVCR90.dll
 0001:00001694       __CppXcptFilter            0000000180002694 f   MSVCRT:MSVCR90.dll
 0001:0000169c       DllMain                    000000018000269c f   MSVCRT:dllmain.obj
 0001:000016c0       __security_init_cookie     00000001800026c0 f   MSVCRT:gs_support.obj
 0001:00001774       ?terminate@@YAXXZ          0000000180002774 f   MSVCRT:MSVCR90.dll
 0001:0000177a       ??1type_info@@UEAA@XZ      000000018000277a f   MSVCRT:MSVCR90.dll
 0001:0000177a       ?_type_info_dtor_internal_method@type_info@@QEAAXXZ 000000018000277a f   MSVCRT:MSVCR90.dll
 0001:00001780       __clean_type_info_names_internal 0000000180002780 f   MSVCRT:MSVCR90.dll
 0001:00001790       ??3IRoot@core@UModSys@@SAXPEAX@Z 0000000180002790 f   umodsys_lib_core:umodsys.core.objects.obj
 0001:000017d0       ??3IRoot@core@UModSys@@SAXPEAXPEAUIMemAlloc@12@@Z 00000001800027d0 f   umodsys_lib_core:umodsys.core.objects.obj
 0001:00001810       ??2IRoot@core@UModSys@@SAPEAX_KPEAUIMemAlloc@12@@Z 0000000180002810 f   umodsys_lib_core:umodsys.core.objects.obj
 0001:00001850       ?suicide@IRoot@core@UModSys@@UEAAXXZ 0000000180002850 f   umodsys_lib_core:umodsys.core.objects.obj
 0001:00001870       ??1IRoot@core@UModSys@@UEAA@XZ 0000000180002870 f   umodsys_lib_core:umodsys.core.objects.obj
 0001:00001890       ??1IRefObject@core@UModSys@@UEAA@XZ 0000000180002890 f   umodsys_lib_core:umodsys.core.objects.obj
 0001:000018a0       ?s_unresolve@SUniquePointer@core@UModSys@@SAXPEAUIUniquePointerResolver@23@@Z 00000001800028a0 f   umodsys_lib_core:umodsys.core.uniqueptr.obj
 0001:00001910       ?s_resolve@SUniquePointer@core@UModSys@@SAXPEAUIUniquePointerResolver@23@@Z 0000000180002910 f   umodsys_lib_core:umodsys.core.uniqueptr.obj
 0001:00001990       ??1SUniquePointer@core@UModSys@@QEAA@XZ 0000000180002990 f   umodsys_lib_core:umodsys.core.uniqueptr.obj
 0001:000019c0       ??0SUniquePointer@core@UModSys@@QEAA@H@Z 00000001800029c0 f   umodsys_lib_core:umodsys.core.uniqueptr.obj
 0001:000019f0       ??0SUniquePointer@core@UModSys@@QEAA@PEBD0H@Z 00000001800029f0 f   umodsys_lib_core:umodsys.core.uniqueptr.obj
 0001:00001a40       ??1IModuleLibraryReg@base@UModSys@@UEAA@XZ 0000000180002a40 f   umodsys_lib_base:umodsys.base.modulereg.obj
 0001:00001a60       ??0IModuleLibraryReg@base@UModSys@@QEAA@XZ 0000000180002a60 f   umodsys_lib_base:umodsys.base.modulereg.obj
 0001:00001a80       ?mr_close@IModuleReg@base@UModSys@@UEAA_NXZ 0000000180002a80 f   umodsys_lib_base:umodsys.base.modulereg.obj
 0001:00001aa0       ?mr_open@IModuleReg@base@UModSys@@UEAA_NXZ 0000000180002aa0 f   umodsys_lib_base:umodsys.base.modulereg.obj
 0001:00001ad0       ?mr_isopen@IModuleReg@base@UModSys@@UEBA_NXZ 0000000180002ad0 f   umodsys_lib_base:umodsys.base.modulereg.obj
 0001:00001ae0       ??1IModuleReg@base@UModSys@@UEAA@XZ 0000000180002ae0 f   umodsys_lib_base:umodsys.base.modulereg.obj
 0001:00001b00       ??0IModuleReg@base@UModSys@@QEAA@XZ 0000000180002b00 f   umodsys_lib_base:umodsys.base.modulereg.obj
 0001:00001b40       UModSys_Plugin_Entry2      0000000180002b40 f   umodsys_lib_base:umodsys.so_main.win32.obj
 0001:00001b50       ??1RModuleLibraryReg_Chain@base@UModSys@@UEAA@XZ 0000000180002b50 f   umodsys_lib_base:umodsys.base.moduleregchain.obj
 0001:00001b70       ??0RModuleLibraryReg_Chain@base@UModSys@@QEAA@XZ 0000000180002b70 f   umodsys_lib_base:umodsys.base.moduleregchain.obj
 0001:00001ba0       ?s_get@SModuleRegChain@base@UModSys@@SAPEAUIModuleReg@23@_K@Z 0000000180002ba0 f   umodsys_lib_base:umodsys.base.moduleregchain.obj
 0001:00001be0       ??1SModuleRegChain@base@UModSys@@QEAA@XZ 0000000180002be0 f   umodsys_lib_base:umodsys.base.moduleregchain.obj
 0001:00001c10       ??0SModuleRegChain@base@UModSys@@QEAA@AEAUIModuleReg@12@@Z 0000000180002c10 f   umodsys_lib_base:umodsys.base.moduleregchain.obj
 0001:00001c70       ?mlr_isopen@RModuleLibraryReg_Chain@base@UModSys@@UEBA_NXZ 0000000180002c70 f   umodsys_lib_base:umodsys.base.moduleregchain.obj
 0001:00001c90       ?mlr_close@RModuleLibraryReg_Chain@base@UModSys@@UEAA_NXZ 0000000180002c90 f   umodsys_lib_base:umodsys.base.moduleregchain.obj
 0001:00001cd0       ?mlr_open@RModuleLibraryReg_Chain@base@UModSys@@UEAA_NPEAUISystem@23@PEAUIMemAlloc@core@3@@Z 0000000180002cd0 f   umodsys_lib_base:umodsys.base.moduleregchain.obj
 0001:00001d10       ?mlr_get@RModuleLibraryReg_Chain@base@UModSys@@UEBAPEAUIModuleReg@23@_K@Z 0000000180002d10 f   umodsys_lib_base:umodsys.base.moduleregchain.obj
 0001:00001d20       ?mlr_count@RModuleLibraryReg_Chain@base@UModSys@@UEBA_KXZ 0000000180002d20 f   umodsys_lib_base:umodsys.base.moduleregchain.obj
 0001:00001d60       ??0SModuleRegChain@base@UModSys@@QEAA@H@Z 0000000180002d60 f   umodsys_lib_base:umodsys.base.moduleregchain.obj
 0001:00001d80       ??1SModuleInfo@base@UModSys@@QEAA@XZ 0000000180002d80 f   umodsys_lib_base:umodsys.base.moduleinfo.obj
 0001:00001d90       ?set@SModuleInfo@base@UModSys@@QEAAXPEBDHH0@Z 0000000180002d90 f   umodsys_lib_base:umodsys.base.moduleinfo.obj
 0001:00001e30       ??0SModuleInfo@base@UModSys@@QEAA@XZ 0000000180002e30 f   umodsys_lib_base:umodsys.base.moduleinfo.obj
 0001:00001e60       ?unlink@SMemorySharedData@core@UModSys@@QEAAXPEBUSSourceContext@23@@Z 0000000180002e60 f   umodsys_lib_base:umodsys.base.modulecontext.obj
 0001:00001e90       ?Link@SModuleContext@base@UModSys@@QEAAXPEAUISystem@23@PEAUIMemAlloc@core@3@@Z 0000000180002e90 f   umodsys_lib_base:umodsys.base.modulecontext.obj
 0001:00001f30       ??1SModuleContext@base@UModSys@@QEAA@XZ 0000000180002f30 f   umodsys_lib_base:umodsys.base.modulecontext.obj
 0001:00001f40       ?get_paramworker@SParameters@core@UModSys@@KAPEAUIParameters@23@XZ 0000000180002f40 f   umodsys_lib_base:umodsys.base.modulecontext.obj
 0001:00001f60       ??0SModuleContext@base@UModSys@@QEAA@XZ 0000000180002f60 f   umodsys_lib_base:umodsys.base.modulecontext.obj
 0001:00001f90       ?mod_dec@RGenerator@test1@test@modules@UModSys@@UEBA_NXZ 0000000180002f90 f   plugin_test1.obj
 0001:00001fb0       ?mod_inc@RGenerator@test1@test@modules@UModSys@@UEBA_NXZ 0000000180002fb0 f   plugin_test1.obj
 0001:00001fd0       ?get_module@RGenerator@test1@test@modules@UModSys@@UEBAPEAUIModule@base@5@XZ 0000000180002fd0 f   plugin_test1.obj
 0001:00001fe0       ?s_holder@RGenerator@test1@test@modules@UModSys@@SAAEAU?$TTypeStaticHolder@URGenerator@test1@test@modules@UModSys@@@tl@5@XZ 0000000180002fe0 f   plugin_test1.obj
 0001:00002030       ?s_unreg@RGenerator@test1@test@modules@UModSys@@SA_NPEAUIModuleReg@base@5@@Z 0000000180003030 f   plugin_test1.obj
 0001:000020a0       ?s_reg@RGenerator@test1@test@modules@UModSys@@SA_NPEAUIModuleReg@base@5@@Z 00000001800030a0 f   plugin_test1.obj
 0001:00002110       ?add@SUniquePtrList@core@UModSys@@QEAA_NPEBUSUniquePointerInfo@23@@Z 0000000180003110 f   umodsys_lib_core:umodsys.core.uniqueptrlist.obj
 0001:000021e6       __CxxFrameHandler3         00000001800031e6 f   MSVCRT:MSVCR90.dll
 0002:00000000       __imp_GetCurrentProcessId  0000000180004000     kernel32:KERNEL32.dll
 0002:00000008       __imp_GetCurrentThreadId   0000000180004008     kernel32:KERNEL32.dll
 0002:00000010       __imp_GetTickCount         0000000180004010     kernel32:KERNEL32.dll
 0002:00000018       __imp_QueryPerformanceCounter 0000000180004018     kernel32:KERNEL32.dll
 0002:00000020       __imp_DisableThreadLibraryCalls 0000000180004020     kernel32:KERNEL32.dll
 0002:00000028       __imp_Sleep                0000000180004028     kernel32:KERNEL32.dll
 0002:00000030       __imp_GetSystemTimeAsFileTime 0000000180004030     kernel32:KERNEL32.dll
 0002:00000038       \177KERNEL32_NULL_THUNK_DATA 0000000180004038     kernel32:KERNEL32.dll
 0002:00000040       __imp__decode_pointer      0000000180004040     MSVCRT:MSVCR90.dll
 0002:00000048       __imp__malloc_crt          0000000180004048     MSVCRT:MSVCR90.dll
 0002:00000050       __imp__initterm            0000000180004050     MSVCRT:MSVCR90.dll
 0002:00000058       __imp__initterm_e          0000000180004058     MSVCRT:MSVCR90.dll
 0002:00000060       __imp_free                 0000000180004060     MSVCRT:MSVCR90.dll
 0002:00000068       __imp__onexit              0000000180004068     MSVCRT:MSVCR90.dll
 0002:00000070       __imp__amsg_exit           0000000180004070     MSVCRT:MSVCR90.dll
 0002:00000078       __imp___CppXcptFilter      0000000180004078     MSVCRT:MSVCR90.dll
 0002:00000080       __imp_?terminate@@YAXXZ    0000000180004080     MSVCRT:MSVCR90.dll
 0002:00000088       __imp_?_type_info_dtor_internal_method@type_info@@QEAAXXZ 0000000180004088     MSVCRT:MSVCR90.dll
 0002:00000090       __imp___clean_type_info_names_internal 0000000180004090     MSVCRT:MSVCR90.dll
 0002:00000098       __imp__lock                0000000180004098     MSVCRT:MSVCR90.dll
 0002:000000a0       __imp__encode_pointer      00000001800040a0     MSVCRT:MSVCR90.dll
 0002:000000a8       __imp___dllonexit          00000001800040a8     MSVCRT:MSVCR90.dll
 0002:000000b0       __imp__unlock              00000001800040b0     MSVCRT:MSVCR90.dll
 0002:000000b8       __imp___C_specific_handler 00000001800040b8     MSVCRT:MSVCR90.dll
 0002:000000c0       __imp_??3@YAXPEAX@Z        00000001800040c0     MSVCRT:MSVCR90.dll
 0002:000000c8       __imp__encoded_null        00000001800040c8     MSVCRT:MSVCR90.dll
 0002:000000d0       __imp__purecall            00000001800040d0     MSVCRT:MSVCR90.dll
 0002:000000d8       __imp___CxxFrameHandler3   00000001800040d8     MSVCRT:MSVCR90.dll
 0002:000000e0       \177MSVCR90_NULL_THUNK_DATA 00000001800040e0     MSVCRT:MSVCR90.dll
 0002:000000e8       __xc_a                     00000001800040e8     MSVCRT:cinitexe.obj
 0002:00000308       __xc_z                     0000000180004308     MSVCRT:cinitexe.obj
 0002:00000310       __xi_a                     0000000180004310     MSVCRT:cinitexe.obj
 0002:00000320       __xi_z                     0000000180004320     MSVCRT:cinitexe.obj
 0002:00000338       ??_7type_info@@6B@         0000000180004338     MSVCRT:ti_inst.obj
 0002:00000340       _pRawDllMain               0000000180004340     MSVCRT:crtdll.obj
 0002:00000340       _pDefaultRawDllMain        0000000180004340     MSVCRT:crtdll.obj
 0002:00000348       ??_C@_0P@GHFPNOJB@bad?5allocation?$AA@ 0000000180004348     plugin_test1.obj
 0002:00000358       ??_C@_0BF@OCNNAADO@UModSys?3?3core?3?3IRoot?$AA@ 0000000180004358     plugin_test1.obj
 0002:00000370       ??_C@_0BK@EMIJFOPA@UModSys?3?3core?3?3IRefObject?$AA@ 0000000180004370     plugin_test1.obj
 0002:00000390       ??_C@_0BL@IOMMHELF@UModSys?3?3core?3?3IParameters?$AA@ 0000000180004390     plugin_test1.obj
 0002:000003b0       ??_C@_0BH@LKDEEPPM@UModSys?3?3base?3?3IModule?$AA@ 00000001800043b0     plugin_test1.obj
 0002:000003c8       ??_C@_0BO@PHJOHFCB@UModSys?3?3base?3?3IModuleLibrary?$AA@ 00000001800043c8     plugin_test1.obj
 0002:000003e8       ??_C@_0BK@FDPIOPHG@UModSys?3?3base?3?3IModObject?$AA@ 00000001800043e8     plugin_test1.obj
 0002:00000408       ??_C@_0BK@OIBKNCKJ@UModSys?3?3base?3?3IGenerator?$AA@ 0000000180004408     plugin_test1.obj
 0002:00000428       ??_C@_0BG@PJBGCMEC@UModSys?3?3base?3?3IShell?$AA@ 0000000180004428     plugin_test1.obj
 0002:00000440       ??_C@_0BI@IKAOEFAP@UModSys?3?3base?3?3IConsole?$AA@ 0000000180004440     plugin_test1.obj
 0002:00000458       ??_C@_0BH@PFCONEJJ@UModSys?3?3base?3?3ISystem?$AA@ 0000000180004458     plugin_test1.obj
 0002:00000470       ??_C@_0CB@CLGNFEGF@UModSys?3?3libmedia?3?3IStreamReader@ 0000000180004470     plugin_test1.obj
 0002:00000498       ??_C@_0CB@HOPFFLP@UModSys?3?3libmedia?3?3IStreamWriter@ 0000000180004498     plugin_test1.obj
 0002:000004c0       ??_C@_0CA@BFJGGLCC@UModSys?3?3libmedia?3?3IDataArchive?$AA@ 00000001800044c0     plugin_test1.obj
 0002:000004e0       ??_C@_0CM@LNHNHIJB@UModSys?3?3modules?3?3test?3?3test1?3?3R@ 00000001800044e0     plugin_test1.obj
 0002:0000050c       ??_C@_06FIJELGDL@?2x?$CF02x?$AA@ 000000018000450c     plugin_test1.obj
 0002:00000514       ??_C@_01KICIPPFI@?2?$AA@   0000000180004514     plugin_test1.obj
 0002:00000518       ??_C@_02HAOIJKIC@?$CFc?$AA@ 0000000180004518     plugin_test1.obj
 0002:0000051c       ??_C@_02DKCKIIND@?$CFs?$AA@ 000000018000451c     plugin_test1.obj
 0002:00000520       ??_C@_0M@LAGNAJEJ@?$CK?3?3stdio?3?3?$CK?$AA@ 0000000180004520     plugin_test1.obj
 0002:00000530       ??_C@_0O@CMKKEPPD@read?9test?4txt?$AA@ 0000000180004530     plugin_test1.obj
 0002:00000540       ??_C@_0P@HIBABMLC@write?9test?4txt?$AA@ 0000000180004540     plugin_test1.obj
 0002:00000550       ??_C@_02KGHIDFGE@?$HN?6?$AA@ 0000000180004550     plugin_test1.obj
 0002:00000554       ??_C@_01LFCBOECM@?4?$AA@   0000000180004554     plugin_test1.obj
 0002:00000558       ??_C@_08PEIJGPHF@pathname?$AA@ 0000000180004558     plugin_test1.obj
 0002:00000568       ??_C@_0BL@DDNILKEO@?5?5found?5archive?3?5?$CFs?5?$DN?$DO?5?$CFp?6?$AA@ 0000000180004568     plugin_test1.obj
 0002:00000588       ??_C@_0BG@GOIHIOKN@?5?5load?5file?5size?3?$CFu?5?$HL?$AA@ 0000000180004588     plugin_test1.obj
 0002:000005a0       ??_C@_0BB@DNFOOFNP@?5?5not?5load?5file?6?$AA@ 00000001800045a0     plugin_test1.obj
 0002:000005b8       ??_C@_0BG@DLNALKIP@?5?5size?5file?5size?3?$CFu?5?$HL?$AA@ 00000001800045b8     plugin_test1.obj
 0002:000005d0       ??_C@_0BB@BKJCMKEH@?5?5not?5save?5file?6?$AA@ 00000001800045d0     plugin_test1.obj
 0002:000005e8       ??_C@_0BC@NIGGCDMG@RTest1_Shell?$CI?$CJ?5?$HL?6?$AA@ 00000001800045e8     plugin_test1.obj
 0002:00000600       ??_C@_0DK@JIEMIEKA@UModSys?3?3modules?3?3test?3?3test1?3?3R@ 0000000180004600     plugin_test1.obj
 0002:00000640       ??_C@_0CK@OICDGBDJ@?4?4?2?4?4?2?4?4?2src?2plugin?2test?2plugin_@ 0000000180004640     plugin_test1.obj
 0002:00000670       ??_C@_0BF@BMCPNMPN@?$HN?5?1?1?5RTest1_Shell?$CI?$CJ?6?$AA@ 0000000180004670     plugin_test1.obj
 0002:00000688       ??_C@_0DL@OIAHAJF@UModSys?3?3modules?3?3test?3?3test1?3?3R@ 0000000180004688     plugin_test1.obj
 0002:000006c8       ??_C@_0BB@MLDFLEML@?$HORTest1_Shell?$CI?$CJ?6?$AA@ 00000001800046c8     plugin_test1.obj
 0002:000006e0       ??_C@_0BJ@CCPCJEPP@RTest1_Shell?3?3connect?$CI?$CJ?6?$AA@ 00000001800046e0     plugin_test1.obj
 0002:00000700       ??_C@_0BM@KBDBHLN@RTest1_Shell?3?3disconnect?$CI?$CJ?6?$AA@ 0000000180004700     plugin_test1.obj
 0002:00000720       ??_C@_0BI@PGLACHLJ@RTest1_Shell?3?3tick?$CI?$CFg?$CJ?6?$AA@ 0000000180004720     plugin_test1.obj
 0002:00000738       ??_C@_0BM@JFIEEBE@RTest1_Shell?3?3command?$CI?$CD?$CFd?$CJ?6?$AA@ 0000000180004738     plugin_test1.obj
 0002:00000758       ??_C@_0CK@DEJPICLK@UModSys?3?3modules?3?3test?3?3test1?3?3R@ 0000000180004758     plugin_test1.obj
 0002:00000788       ??_C@_0DD@HMBJLEH@UMODSYS_MODULE_NAME?$CItest?0test1?$CJ?3@ 0000000180004788     plugin_test1.obj
 0002:000007c0       ??_C@_0BA@NMEBLMNE@Test?51?5?9?5module?$AA@ 00000001800047c0     plugin_test1.obj
 0002:000007d0       ??_C@_05GENPCEMM@Test1?$AA@ 00000001800047d0     plugin_test1.obj
 0002:000007d8       ??_C@_0BE@HJEBHPIG@RModuleReg?3?3open?$CI?$CJ?6?$AA@ 00000001800047d8     plugin_test1.obj
 0002:000007f0       ??_C@_0BF@KIBBFLP@RModuleReg?3?3close?$CI?$CJ?6?$AA@ 00000001800047f0     plugin_test1.obj
 0002:00000808       ??_C@_09JGNMLHG@modobject?$AA@ 0000000180004808     plugin_test1.obj
 0002:00000818       ??_C@_08FCBDOIAH@typeinfo?$AA@ 0000000180004818     plugin_test1.obj
 0002:00000838       ??_7IRoot@core@UModSys@@6B@ 0000000180004838     plugin_test1.obj
 0002:00000878       ??_7IRefObject@core@UModSys@@6B@ 0000000180004878     plugin_test1.obj
 0002:000008d8       ??_7RTest1_Shell@test1@test@modules@UModSys@@6B@ 00000001800048d8     plugin_test1.obj
 0002:00000958       ??_7RGenerator@test1@test@modules@UModSys@@6B@ 0000000180004958     plugin_test1.obj
 0002:000009f0       ??_7RModuleReg@test1@test@modules@UModSys@@6B@ 00000001800049f0     plugin_test1.obj
 0002:00000a28       ??_7RModuleLibraryReg_Chain@base@UModSys@@6B@ 0000000180004a28     umodsys_lib_base:umodsys.base.moduleregchain.obj
 0002:00000a60       ??_7IModuleReg@base@UModSys@@6B@ 0000000180004a60     umodsys_lib_base:umodsys.base.modulereg.obj
 0002:00000a98       ??_7IModuleLibraryReg@base@UModSys@@6B@ 0000000180004a98     umodsys_lib_base:umodsys.base.modulereg.obj
 0002:00000ac8       __real@3f50624dd2f1a9fc    0000000180004ac8      CIL library: CIL module
 0002:00000b98       ??_R4type_info@@6B@        0000000180004b98     MSVCRT:ti_inst.obj
 0002:00000bc0       ??_R3type_info@@8          0000000180004bc0     MSVCRT:ti_inst.obj
 0002:00000bd8       ??_R2type_info@@8          0000000180004bd8     MSVCRT:ti_inst.obj
 0002:00000be8       ??_R1A@?0A@EA@type_info@@8 0000000180004be8     MSVCRT:ti_inst.obj
 0002:00000c10       ??_R4RModuleReg@test1@test@modules@UModSys@@6B@ 0000000180004c10     plugin_test1.obj
 0002:00000c38       ??_R3RModuleReg@test1@test@modules@UModSys@@8 0000000180004c38     plugin_test1.obj
 0002:00000c50       ??_R2RModuleReg@test1@test@modules@UModSys@@8 0000000180004c50     plugin_test1.obj
 0002:00000c68       ??_R1A@?0A@EA@IModuleReg@base@UModSys@@8 0000000180004c68     plugin_test1.obj
 0002:00000c90       ??_R3IModuleReg@base@UModSys@@8 0000000180004c90     plugin_test1.obj
 0002:00000ca8       ??_R2IModuleReg@base@UModSys@@8 0000000180004ca8     plugin_test1.obj
 0002:00000cb8       ??_R1A@?0A@EA@RModuleReg@test1@test@modules@UModSys@@8 0000000180004cb8     plugin_test1.obj
 0002:00000ce0       ??_R4RGenerator@test1@test@modules@UModSys@@6B@ 0000000180004ce0     plugin_test1.obj
 0002:00000d08       ??_R3RGenerator@test1@test@modules@UModSys@@8 0000000180004d08     plugin_test1.obj
 0002:00000d20       ??_R2RGenerator@test1@test@modules@UModSys@@8 0000000180004d20     plugin_test1.obj
 0002:00000d50       ??_R1A@?0A@EA@RGenerator@test1@test@modules@UModSys@@8 0000000180004d50     plugin_test1.obj
 0002:00000d78       ??_R4RTest1_Shell@test1@test@modules@UModSys@@6B@ 0000000180004d78     plugin_test1.obj
 0002:00000da0       ??_R3RTest1_Shell@test1@test@modules@UModSys@@8 0000000180004da0     plugin_test1.obj
 0002:00000db8       ??_R2RTest1_Shell@test1@test@modules@UModSys@@8 0000000180004db8     plugin_test1.obj
 0002:00000de0       ??_R1A@?0A@EA@RTest1_Shell@test1@test@modules@UModSys@@8 0000000180004de0     plugin_test1.obj
 0002:00000e08       ??_R3IShell@base@UModSys@@8 0000000180004e08     plugin_test1.obj
 0002:00000e20       ??_R2IShell@base@UModSys@@8 0000000180004e20     plugin_test1.obj
 0002:00000e40       ??_R1A@?0A@EA@IShell@base@UModSys@@8 0000000180004e40     plugin_test1.obj
 0002:00000e68       ??_R3IGenerator@base@UModSys@@8 0000000180004e68     plugin_test1.obj
 0002:00000e80       ??_R2IGenerator@base@UModSys@@8 0000000180004e80     plugin_test1.obj
 0002:00000ea8       ??_R1A@?0A@EA@IGenerator@base@UModSys@@8 0000000180004ea8     plugin_test1.obj
 0002:00000ed0       ??_R3IModObject@base@UModSys@@8 0000000180004ed0     plugin_test1.obj
 0002:00000ee8       ??_R2IModObject@base@UModSys@@8 0000000180004ee8     plugin_test1.obj
 0002:00000f08       ??_R1A@?0A@EA@IModObject@base@UModSys@@8 0000000180004f08     plugin_test1.obj
 0002:00000f30       ??_R4IRefObject@core@UModSys@@6B@ 0000000180004f30     plugin_test1.obj
 0002:00000f58       ??_R3IRefObject@core@UModSys@@8 0000000180004f58     plugin_test1.obj
 0002:00000f70       ??_R2IRefObject@core@UModSys@@8 0000000180004f70     plugin_test1.obj
 0002:00000f88       ??_R1A@?0A@EA@IRefObject@core@UModSys@@8 0000000180004f88     plugin_test1.obj
 0002:00000fb0       ??_R4IRoot@core@UModSys@@6B@ 0000000180004fb0     plugin_test1.obj
 0002:00000fd8       ??_R3IRoot@core@UModSys@@8 0000000180004fd8     plugin_test1.obj
 0002:00000ff0       ??_R2IRoot@core@UModSys@@8 0000000180004ff0     plugin_test1.obj
 0002:00001000       ??_R1A@?0A@EA@IRoot@core@UModSys@@8 0000000180005000     plugin_test1.obj
 0002:00001028       ??_R4RModuleLibraryReg_Chain@base@UModSys@@6B@ 0000000180005028     umodsys_lib_base:umodsys.base.moduleregchain.obj
 0002:00001050       ??_R3RModuleLibraryReg_Chain@base@UModSys@@8 0000000180005050     umodsys_lib_base:umodsys.base.moduleregchain.obj
 0002:00001068       ??_R2RModuleLibraryReg_Chain@base@UModSys@@8 0000000180005068     umodsys_lib_base:umodsys.base.moduleregchain.obj
 0002:00001080       ??_R1A@?0A@EA@IModuleLibraryReg@base@UModSys@@8 0000000180005080     umodsys_lib_base:umodsys.base.moduleregchain.obj
 0002:000010a8       ??_R3IModuleLibraryReg@base@UModSys@@8 00000001800050a8     umodsys_lib_base:umodsys.base.moduleregchain.obj
 0002:000010c0       ??_R2IModuleLibraryReg@base@UModSys@@8 00000001800050c0     umodsys_lib_base:umodsys.base.moduleregchain.obj
 0002:000010d0       ??_R1A@?0A@EA@RModuleLibraryReg_Chain@base@UModSys@@8 00000001800050d0     umodsys_lib_base:umodsys.base.moduleregchain.obj
 0002:000010f8       ??_R4IModuleLibraryReg@base@UModSys@@6B@ 00000001800050f8     umodsys_lib_base:umodsys.base.modulereg.obj
 0002:00001120       ??_R4IModuleReg@base@UModSys@@6B@ 0000000180005120     umodsys_lib_base:umodsys.base.modulereg.obj
 0002:00001148       __rtc_iaa                  0000000180005148     MSVCRT:_initsect_.obj
 0002:00001150       __rtc_izz                  0000000180005150     MSVCRT:_initsect_.obj
 0002:00001158       __rtc_taa                  0000000180005158     MSVCRT:_initsect_.obj
 0002:00001160       __rtc_tzz                  0000000180005160     MSVCRT:_initsect_.obj
 0002:00001534       __IMPORT_DESCRIPTOR_MSVCR90 0000000180005534     MSVCRT:MSVCR90.dll
 0002:00001548       __IMPORT_DESCRIPTOR_KERNEL32 0000000180005548     kernel32:KERNEL32.dll
 0002:0000155c       __NULL_IMPORT_DESCRIPTOR   000000018000555c     MSVCRT:MSVCR90.dll
 0003:00000000       ??_R0?AVtype_info@@@8      0000000180006000     MSVCRT:ti_inst.obj
 0003:00000020       __native_dllmain_reason    0000000180006020     MSVCRT:natstart.obj
 0003:00000024       __native_vcclrit_reason    0000000180006024     MSVCRT:natstart.obj
 0003:00000028       __security_cookie          0000000180006028     MSVCRT:gs_cookie.obj
 0003:00000030       __security_cookie_complement 0000000180006030     MSVCRT:gs_cookie.obj
 0003:00000038       ??_R0?AUIModuleReg@base@UModSys@@@8 0000000180006038     plugin_test1.obj
 0003:00000068       ??_R0?AURModuleReg@test1@test@modules@UModSys@@@8 0000000180006068     plugin_test1.obj
 0003:000000a8       ??_R0?AURGenerator@test1@test@modules@UModSys@@@8 00000001800060a8     plugin_test1.obj
 0003:000000e8       ??_R0?AURTest1_Shell@test1@test@modules@UModSys@@@8 00000001800060e8     plugin_test1.obj
 0003:00000128       ??_R0?AUIShell@base@UModSys@@@8 0000000180006128     plugin_test1.obj
 0003:00000158       ??_R0?AUIGenerator@base@UModSys@@@8 0000000180006158     plugin_test1.obj
 0003:00000188       ??_R0?AUIModObject@base@UModSys@@@8 0000000180006188     plugin_test1.obj
 0003:000001b8       ??_R0?AUIRefObject@core@UModSys@@@8 00000001800061b8     plugin_test1.obj
 0003:000001e8       ??_R0?AUIRoot@core@UModSys@@@8 00000001800061e8     plugin_test1.obj
 0003:00000248       ?so_entry_enabled_flag@base@UModSys@@3HA 0000000180006248     umodsys_lib_base:umodsys.so_main.win32.obj
 0003:00000270       ??_R0?AUIModuleLibraryReg@base@UModSys@@@8 0000000180006270     umodsys_lib_base:umodsys.base.moduleregchain.obj
 0003:000002a8       ??_R0?AURModuleLibraryReg_Chain@base@UModSys@@@8 00000001800062a8     umodsys_lib_base:umodsys.base.moduleregchain.obj
 0003:000002e4       _fltused                   00000001800062e4     MSVCRT:dllsupp.obj
 0003:000002f4       _forceCRTManifestRTM       00000001800062f4     MSVCRT:crtmanifestrtm.obj
 0003:000002f8       ?__type_info_root_node@@3U__type_info_node@@A 00000001800062f8     MSVCRT:tncleanup.obj
 0003:00000348       ?s_id@?$TObjectUniqueID@UIModObject@base@UModSys@@@tl@UModSys@@2USUniquePointer@core@3@A 0000000180006348     plugin_test1.obj
 0003:00000378       ?s_id@?$TObjectUniqueID@UIGenerator@base@UModSys@@@tl@UModSys@@2USUniquePointer@core@3@A 0000000180006378     plugin_test1.obj
 0003:000003a8       ?s_id@?$TObjectUniqueID@UIModule@base@UModSys@@@tl@UModSys@@2USUniquePointer@core@3@A 00000001800063a8     plugin_test1.obj
 0003:000003d8       ?s_id@?$TObjectUniqueID@UIRoot@core@UModSys@@@tl@UModSys@@2USUniquePointer@core@3@A 00000001800063d8     plugin_test1.obj
 0003:00000408       ?s_id@?$TObjectUniqueID@UIStreamWriter@libmedia@UModSys@@@tl@UModSys@@2USUniquePointer@core@3@A 0000000180006408     plugin_test1.obj
 0003:00000438       ?s_id@?$TObjectUniqueID@UISystem@base@UModSys@@@tl@UModSys@@2USUniquePointer@core@3@A 0000000180006438     plugin_test1.obj
 0003:00000468       ?s_id@?$TObjectUniqueID@URTest1_Shell@test1@test@modules@UModSys@@@tl@UModSys@@2USUniquePointer@core@3@A 0000000180006468     plugin_test1.obj
 0003:00000498       ?s_id@?$TObjectUniqueID@UIRefObject@core@UModSys@@@tl@UModSys@@2USUniquePointer@core@3@A 0000000180006498     plugin_test1.obj
 0003:000004c8       ?s_id@?$TObjectUniqueID@UIShell@base@UModSys@@@tl@UModSys@@2USUniquePointer@core@3@A 00000001800064c8     plugin_test1.obj
 0003:000004f8       ?s_id@?$TObjectUniqueID@UIConsole@base@UModSys@@@tl@UModSys@@2USUniquePointer@core@3@A 00000001800064f8     plugin_test1.obj
 0003:00000528       ?s_id@?$TObjectUniqueID@UIDataArchive@libmedia@UModSys@@@tl@UModSys@@2USUniquePointer@core@3@A 0000000180006528     plugin_test1.obj
 0003:00000558       ?s_id@?$TObjectUniqueID@URGenerator@test1@test@modules@UModSys@@@tl@UModSys@@2USUniquePointer@core@3@A 0000000180006558     plugin_test1.obj
 0003:00000590       ?s_modreg@RModuleReg@test1@test@modules@UModSys@@2U12345@A 0000000180006590     plugin_test1.obj
 0003:000005e0       ?s_modreg_chain@RModuleReg@test1@test@modules@UModSys@@2USModuleRegChain@base@5@A 00000001800065e0     plugin_test1.obj
 0003:000005f8       ?s_uid@RGenerator@test1@test@modules@UModSys@@2USUniquePointer@core@5@A 00000001800065f8     plugin_test1.obj
 0003:00000628       ?M@UModSys@@3USModuleContext@base@1@A 0000000180006628     umodsys_lib_base:umodsys.base.modulecontext.obj
 0003:00000650       ?s_library@RModuleLibraryReg_Chain@base@UModSys@@2U123@A 0000000180006650     umodsys_lib_base:umodsys.base.moduleregchain.obj
 0003:00000658       ?root@SModuleRegChain@base@UModSys@@2U123@A 0000000180006658     umodsys_lib_base:umodsys.base.moduleregchain.obj
 0003:00000670       ?root@SUniquePointer@core@UModSys@@2U123@A 0000000180006670     umodsys_lib_core:umodsys.core.uniqueptr.obj
 0003:000006a0       ?s_id@?$TObjectUniqueID@UIModuleLibrary@base@UModSys@@@tl@UModSys@@2USUniquePointer@core@3@A 00000001800066a0     plugin_test1.obj
 0003:000006d0       ?s_id@?$TObjectUniqueID@UIStreamReader@libmedia@UModSys@@@tl@UModSys@@2USUniquePointer@core@3@A 00000001800066d0     plugin_test1.obj
 0003:00000700       ?s_id@?$TObjectUniqueID@UIParameters@core@UModSys@@@tl@UModSys@@2USUniquePointer@core@3@A 0000000180006700     plugin_test1.obj
 0003:00000730       __native_startup_state     0000000180006730     <common>
 0003:00000738       __native_startup_lock      0000000180006738     <common>
 0003:00000740       __dyn_tls_init_callback    0000000180006740     <common>
 0003:00000748       __onexitend                0000000180006748     <common>
 0003:00000750       __onexitbegin              0000000180006750     <common>

 entry point at        0001:00001438

 Static symbols

 0001:00001044       pre_c_init                 0000000180002044 f   MSVCRT:crtdll.obj
 0001:00001300       __DllMainCRTStartup        0000000180002300 f   MSVCRT:crtdll.obj
 0001:000021f0       _onexit$fin$0              00000001800031f0 f   MSVCRT:atonexit.obj
 0001:00002209       __DllMainCRTStartup$filt$0 0000000180003209 f   MSVCRT:crtdll.obj
 0001:00002239       __DllMainCRTStartup$fin$1  0000000180003239 f   MSVCRT:crtdll.obj
 0001:00002252       ?filt$0@?0??__ArrayUnwind@@YAXPEAX_KHP6AX0@Z@Z@4HA 0000000180003252 f   MSVCRT:ehvecdtr.obj
 0001:00002291       ?fin$0@?0???_M@YAXPEAX_KHP6AX0@Z@Z@4HA 0000000180003291 f   MSVCRT:ehvecdtr.obj
 0001:000022c0       _IsNonwritableInCurrentImage$filt$0 00000001800032c0 f   MSVCRT:pesect.obj
 0001:000022f0       ?dtor$0@?0??suicide@RTest1_Shell@test1@test@modules@UModSys@@UEAAXXZ@4HA 00000001800032f0 f    CIL library: CIL module
 0001:00002310       ?dtor$0@?0??file_test3@RTest1_Shell@test1@test@modules@UModSys@@QEAAXXZ@4HA 0000000180003310 f    CIL library: CIL module
 0001:00002330       ?dtor$1@?0??file_test3@RTest1_Shell@test1@test@modules@UModSys@@QEAAXXZ@4HA 0000000180003330 f    CIL library: CIL module
 0001:00002350       ?dtor$2@?0??file_test3@RTest1_Shell@test1@test@modules@UModSys@@QEAAXXZ@4HA 0000000180003350 f    CIL library: CIL module
 0001:00002370       ?dtor$4@?0??file_test3@RTest1_Shell@test1@test@modules@UModSys@@QEAAXXZ@4HA 0000000180003370 f    CIL library: CIL module
 0001:00002390       ?dtor$0@?0???0RTest1_Shell@test1@test@modules@UModSys@@QEAA@PEAUIModObject@base@4@@Z@4HA 0000000180003390 f    CIL library: CIL module
 0001:00002390       ?dtor$0@?0???1RTest1_Shell@test1@test@modules@UModSys@@UEAA@XZ@4HA 0000000180003390 f    CIL library: CIL module
 0001:000023b0       ?dtor$0@?0??generate@RGenerator@test1@test@modules@UModSys@@UEAA_NAEAU?$TRefObject@UIRefObject@core@UModSys@@U?$TRefObjectFunc@UIRefObject@core@UModSys@@@tl@3@@tl@5@PEBUSUniquePointerInfo@core@5@AEBUSParameters@95@@Z@4HA 00000001800033b0 f    CIL library: CIL module
 0001:000023d0       ??__E?s_modreg@RModuleReg@test1@test@modules@UModSys@@2U12345@A@@YAXXZ 00000001800033d0 f    CIL library: CIL module
 0001:00002430       ??__E?s_modreg_chain@RModuleReg@test1@test@modules@UModSys@@2USModuleRegChain@base@5@A@@YAXXZ 0000000180003430 f    CIL library: CIL module
 0001:00002460       ??__E?s_uid@RGenerator@test1@test@modules@UModSys@@2USUniquePointer@core@5@A@@YAXXZ 0000000180003460 f    CIL library: CIL module
 0001:000024a0       ??__E?s_id@?$TObjectUniqueID@UIRoot@core@UModSys@@@tl@UModSys@@2USUniquePointer@core@3@A@@YAXXZ 00000001800034a0 f    CIL library: CIL module
 0001:000024e0       ??__E?s_id@?$TObjectUniqueID@UIRefObject@core@UModSys@@@tl@UModSys@@2USUniquePointer@core@3@A@@YAXXZ 00000001800034e0 f    CIL library: CIL module
 0001:00002520       ??__E?s_id@?$TObjectUniqueID@UIParameters@core@UModSys@@@tl@UModSys@@2USUniquePointer@core@3@A@@YAXXZ 0000000180003520 f    CIL library: CIL module
 0001:00002560       ??__E?s_id@?$TObjectUniqueID@UIModule@base@UModSys@@@tl@UModSys@@2USUniquePointer@core@3@A@@YAXXZ 0000000180003560 f    CIL library: CIL module
 0001:000025a0       ??__E?s_id@?$TObjectUniqueID@UIModuleLibrary@base@UModSys@@@tl@UModSys@@2USUniquePointer@core@3@A@@YAXXZ 00000001800035a0 f    CIL library: CIL module
 0001:000025e0       ??__E?s_id@?$TObjectUniqueID@UIModObject@base@UModSys@@@tl@UModSys@@2USUniquePointer@core@3@A@@YAXXZ 00000001800035e0 f    CIL library: CIL module
 0001:00002620       ??__E?s_id@?$TObjectUniqueID@UIGenerator@base@UModSys@@@tl@UModSys@@2USUniquePointer@core@3@A@@YAXXZ 0000000180003620 f    CIL library: CIL module
 0001:00002660       ??__E?s_id@?$TObjectUniqueID@UIShell@base@UModSys@@@tl@UModSys@@2USUniquePointer@core@3@A@@YAXXZ 0000000180003660 f    CIL library: CIL module
 0001:000026a0       ??__E?s_id@?$TObjectUniqueID@UIConsole@base@UModSys@@@tl@UModSys@@2USUniquePointer@core@3@A@@YAXXZ 00000001800036a0 f    CIL library: CIL module
 0001:000026e0       ??__E?s_id@?$TObjectUniqueID@UISystem@base@UModSys@@@tl@UModSys@@2USUniquePointer@core@3@A@@YAXXZ 00000001800036e0 f    CIL library: CIL module
 0001:00002720       ??__E?s_id@?$TObjectUniqueID@UIStreamReader@libmedia@UModSys@@@tl@UModSys@@2USUniquePointer@core@3@A@@YAXXZ 0000000180003720 f    CIL library: CIL module
 0001:00002760       ??__E?s_id@?$TObjectUniqueID@UIStreamWriter@libmedia@UModSys@@@tl@UModSys@@2USUniquePointer@core@3@A@@YAXXZ 0000000180003760 f    CIL library: CIL module
 0001:000027a0       ??__E?s_id@?$TObjectUniqueID@UIDataArchive@libmedia@UModSys@@@tl@UModSys@@2USUniquePointer@core@3@A@@YAXXZ 00000001800037a0 f    CIL library: CIL module
 0001:000027e0       ??__E?s_id@?$TObjectUniqueID@URTest1_Shell@test1@test@modules@UModSys@@@tl@UModSys@@2USUniquePointer@core@3@A@@YAXXZ 00000001800037e0 f    CIL library: CIL module
 0001:00002820       ??__E?s_id@?$TObjectUniqueID@URGenerator@test1@test@modules@UModSys@@@tl@UModSys@@2USUniquePointer@core@3@A@@YAXXZ 0000000180003820 f    CIL library: CIL module
 0001:00002860       ??__EM@UModSys@@YAXXZ      0000000180003860 f    CIL library: CIL module
 0001:00002880       ??__E?root@SModuleRegChain@base@UModSys@@2U123@A@@YAXXZ 0000000180003880 f    CIL library: CIL module
 0001:000028b0       ??__E?s_library@RModuleLibraryReg_Chain@base@UModSys@@2U123@A@@YAXXZ 00000001800038b0 f    CIL library: CIL module
 0001:000028d0       ??__E?root@SUniquePointer@core@UModSys@@2U123@A@@YAXXZ 00000001800038d0 f    CIL library: CIL module
 0001:00002900       ??__F?s_modreg@RModuleReg@test1@test@modules@UModSys@@2U12345@A@@YAXXZ 0000000180003900 f    CIL library: CIL module
 0001:00002920       ??__F?s_modreg_chain@RModuleReg@test1@test@modules@UModSys@@2USModuleRegChain@base@5@A@@YAXXZ 0000000180003920 f    CIL library: CIL module
 0001:00002930       ??__F?s_uid@RGenerator@test1@test@modules@UModSys@@2USUniquePointer@core@5@A@@YAXXZ 0000000180003930 f    CIL library: CIL module
 0001:00002940       ??__Fh@?1??s_holder@RGenerator@test1@test@modules@UModSys@@SAAEAU?$TTypeStaticHolder@URGenerator@test1@test@modules@UModSys@@@tl@5@XZ@YAXXZ 0000000180003940 f    CIL library: CIL module
 0001:00002970       ??__F?s_id@?$TObjectUniqueID@URGenerator@test1@test@modules@UModSys@@@tl@UModSys@@2USUniquePointer@core@3@A@@YAXXZ 0000000180003970 f    CIL library: CIL module
 0001:00002980       ??__F?s_id@?$TObjectUniqueID@URTest1_Shell@test1@test@modules@UModSys@@@tl@UModSys@@2USUniquePointer@core@3@A@@YAXXZ 0000000180003980 f    CIL library: CIL module
 0001:00002990       ??__F?s_id@?$TObjectUniqueID@UIDataArchive@libmedia@UModSys@@@tl@UModSys@@2USUniquePointer@core@3@A@@YAXXZ 0000000180003990 f    CIL library: CIL module
 0001:000029a0       ??__F?s_id@?$TObjectUniqueID@UIStreamWriter@libmedia@UModSys@@@tl@UModSys@@2USUniquePointer@core@3@A@@YAXXZ 00000001800039a0 f    CIL library: CIL module
 0001:000029b0       ??__F?s_id@?$TObjectUniqueID@UIStreamReader@libmedia@UModSys@@@tl@UModSys@@2USUniquePointer@core@3@A@@YAXXZ 00000001800039b0 f    CIL library: CIL module
 0001:000029c0       ??__F?s_id@?$TObjectUniqueID@UISystem@base@UModSys@@@tl@UModSys@@2USUniquePointer@core@3@A@@YAXXZ 00000001800039c0 f    CIL library: CIL module
 0001:000029d0       ??__F?s_id@?$TObjectUniqueID@UIConsole@base@UModSys@@@tl@UModSys@@2USUniquePointer@core@3@A@@YAXXZ 00000001800039d0 f    CIL library: CIL module
 0001:000029e0       ??__F?s_id@?$TObjectUniqueID@UIShell@base@UModSys@@@tl@UModSys@@2USUniquePointer@core@3@A@@YAXXZ 00000001800039e0 f    CIL library: CIL module
 0001:000029f0       ??__F?s_id@?$TObjectUniqueID@UIGenerator@base@UModSys@@@tl@UModSys@@2USUniquePointer@core@3@A@@YAXXZ 00000001800039f0 f    CIL library: CIL module
 0001:00002a00       ??__F?s_id@?$TObjectUniqueID@UIModObject@base@UModSys@@@tl@UModSys@@2USUniquePointer@core@3@A@@YAXXZ 0000000180003a00 f    CIL library: CIL module
 0001:00002a10       ??__F?s_id@?$TObjectUniqueID@UIModuleLibrary@base@UModSys@@@tl@UModSys@@2USUniquePointer@core@3@A@@YAXXZ 0000000180003a10 f    CIL library: CIL module
 0001:00002a20       ??__F?s_id@?$TObjectUniqueID@UIModule@base@UModSys@@@tl@UModSys@@2USUniquePointer@core@3@A@@YAXXZ 0000000180003a20 f    CIL library: CIL module
 0001:00002a30       ??__F?s_id@?$TObjectUniqueID@UIParameters@core@UModSys@@@tl@UModSys@@2USUniquePointer@core@3@A@@YAXXZ 0000000180003a30 f    CIL library: CIL module
 0001:00002a40       ??__F?s_id@?$TObjectUniqueID@UIRefObject@core@UModSys@@@tl@UModSys@@2USUniquePointer@core@3@A@@YAXXZ 0000000180003a40 f    CIL library: CIL module
 0001:00002a50       ??__F?s_id@?$TObjectUniqueID@UIRoot@core@UModSys@@@tl@UModSys@@2USUniquePointer@core@3@A@@YAXXZ 0000000180003a50 f    CIL library: CIL module
 0001:00002a60       ??__FM@UModSys@@YAXXZ      0000000180003a60 f    CIL library: CIL module
 0001:00002a70       ??__F?root@SModuleRegChain@base@UModSys@@2U123@A@@YAXXZ 0000000180003a70 f    CIL library: CIL module
 0001:00002a80       ??__F?s_library@RModuleLibraryReg_Chain@base@UModSys@@2U123@A@@YAXXZ 0000000180003a80 f    CIL library: CIL module
 0001:00002a90       ??__F?root@SUniquePointer@core@UModSys@@2U123@A@@YAXXZ 0000000180003a90 f    CIL library: CIL module

 Exports

  ordinal    name

        1    UModSys_Plugin_Entry2
