 plugin_test1

 Timestamp is 5335915d (Fri Mar 28 18:12:29 2014)

 Preferred load address is 0000000180000000

 Start         Length     Name                   Class
 0001:00000000 0004cef6H .text                   CODE
 0001:0004cf00 0000005eH .text$00                CODE
 0001:0004cf60 0000276cH .text$x                 CODE
 0001:0004f6d0 000029b2H .text$yc                CODE
 0001:00052090 00000c8cH .text$yd                CODE
 0002:00000000 00000418H .idata$5                DATA
 0002:00000418 00000008H .CRT$XCA                DATA
 0002:00000420 00002b38H .CRT$XCU                DATA
 0002:00002f58 00000008H .CRT$XCZ                DATA
 0002:00002f60 00000008H .CRT$XIA                DATA
 0002:00002f68 00000008H .CRT$XIAA               DATA
 0002:00002f70 00000008H .CRT$XIZ                DATA
 0002:00002f80 00011ad8H .rdata                  DATA
 0002:00014a60 00003e64H .rdata$r                DATA
 0002:000188c8 00000008H .rtc$IAA                DATA
 0002:000188d0 00000008H .rtc$IZZ                DATA
 0002:000188d8 00000008H .rtc$TAA                DATA
 0002:000188e0 00000008H .rtc$TZZ                DATA
 0002:000188e8 00005bd8H .xdata                  DATA
 0002:0001e4c0 0000008cH .idata$2                DATA
 0002:0001e54c 00000014H .idata$3                DATA
 0002:0001e560 00000418H .idata$4                DATA
 0002:0001e978 00000918H .idata$6                DATA
 0002:0001f290 00000059H .edata                  DATA
 0003:00000000 000021a0H .data                   DATA
 0003:000021a0 00002978H .bss                    DATA
 0004:00000000 00004044H .pdata                  DATA

  Address         Publics by Value              Rva+Base               Lib:Object

 0000:00000000       ___safe_se_handler_count   0000000000000000     <absolute>
 0000:00000000       ___safe_se_handler_table   0000000000000000     <absolute>
 0000:00000000       __ImageBase                0000000180000000     <linker-defined>
 0001:00000000       ??1SMemShared@core@UModSys@@QEAA@XZ 0000000180001000 f i plugin_test1.obj
 0001:00000000       ??1State@RImage_Memory@stdlib@lib2d@modules@UModSys@@QEAA@XZ 0000000180001000 f i umodsys_lib_lib2d:umodsys.mod.2d.stdlib.obj
 0001:00000000       ??1SCMemShared@core@UModSys@@QEAA@XZ 0000000180001000 f i plugin_test1.obj
 0001:00000030       ??3IRoot@core@UModSys@@SAXPEAXAEBUSIMemAlloc@12@@Z 0000000180001030 f i plugin_test1.obj
 0001:00000040       ??_ERGenerator@test1@test@modules@UModSys@@UEAAPEAXI@Z 0000000180001040 f i  CIL library: CIL module
 0001:00000040       ??_ERGenerator@stdlib@lib2d@modules@UModSys@@UEAAPEAXI@Z 0000000180001040 f i  CIL library: CIL module
 0001:00000040       ??_GRGenerator@frames@ui@modules@UModSys@@UEAAPEAXI@Z 0000000180001040 f i umodsys_lib_libui:umodsys.mod.ui.frames.obj
 0001:00000040       ??_GRGenerator@stdlib@lib2d@modules@UModSys@@UEAAPEAXI@Z 0000000180001040 f i umodsys_lib_lib2d:umodsys.mod.2d.stdlib.obj
 0001:00000040       ??_ERGenerator@frames@ui@modules@UModSys@@UEAAPEAXI@Z 0000000180001040 f i  CIL library: CIL module
 0001:00000040       ??_ERGenerator@zlib@media@modules@UModSys@@UEAAPEAXI@Z 0000000180001040 f i  CIL library: CIL module
 0001:00000040       ??_GIRefObject@core@UModSys@@UEAAPEAXI@Z 0000000180001040 f i plugin_test1.obj
 0001:00000040       ??_ERGenerator@images_std@media@modules@UModSys@@UEAAPEAXI@Z 0000000180001040 f i  CIL library: CIL module
 0001:00000040       ??_GRGenerator@serialize_json@media@modules@UModSys@@UEAAPEAXI@Z 0000000180001040 f i umodsys_lib_libmedia:umodsys.mod.media.serialize_json.obj
 0001:00000040       ??_ERGenerator@stdlib@lib3d@modules@UModSys@@UEAAPEAXI@Z 0000000180001040 f i  CIL library: CIL module
 0001:00000040       ??_GRGenerator@zlib@media@modules@UModSys@@UEAAPEAXI@Z 0000000180001040 f i umodsys_lib_libmedia:umodsys.mod.media.zlib.obj
 0001:00000040       ??_GRGenerator@test1@test@modules@UModSys@@UEAAPEAXI@Z 0000000180001040 f i plugin_test1.obj
 0001:00000040       ??_GRGenerator@stdlib@lib3d@modules@UModSys@@UEAAPEAXI@Z 0000000180001040 f i umodsys_lib_lib3d:umodsys.mod.3d.stdlib.obj
 0001:00000040       ??_ERGenerator@SDL_GL@ui@modules@UModSys@@UEAAPEAXI@Z 0000000180001040 f i  CIL library: CIL module
 0001:00000040       ??_ERGenerator@serialize_json@media@modules@UModSys@@UEAAPEAXI@Z 0000000180001040 f i  CIL library: CIL module
 0001:00000040       ??_GRGenerator@SDL_GL@ui@modules@UModSys@@UEAAPEAXI@Z 0000000180001040 f i umodsys_lib_libui:umodsys.mod.ui.SDL_GL.obj
 0001:00000040       ??_EIRefObject@core@UModSys@@UEAAPEAXI@Z 0000000180001040 f i  CIL library: CIL module
 0001:00000040       ??_GRGenerator@images_std@media@modules@UModSys@@UEAAPEAXI@Z 0000000180001040 f i umodsys_lib_libmedia:umodsys.mod.media.images_std.obj
 0001:00000040       ??_GRGenerator@SDL_core@ui@modules@UModSys@@UEAAPEAXI@Z 0000000180001040 f i umodsys_lib_libui:umodsys.mod.ui.SDL_core.obj
 0001:00000040       ??_ERGenerator@SDL_core@ui@modules@UModSys@@UEAAPEAXI@Z 0000000180001040 f i  CIL library: CIL module
 0001:00000070       ??_GIRoot@core@UModSys@@UEAAPEAXI@Z 0000000180001070 f i plugin_test1.obj
 0001:00000070       ??_EIRoot@core@UModSys@@UEAAPEAXI@Z 0000000180001070 f i  CIL library: CIL module
 0001:000000a0       ?root_get_interface_info@RTest1_Shell@test1@test@modules@UModSys@@UEBAAEBUSUniquePointerInfo@core@5@XZ 00000001800010a0 f i plugin_test1.obj
 0001:000000b0       ?root_get_interface_type@RTest1_Shell@test1@test@modules@UModSys@@UEBAPEBUSUniquePointerInfo@core@5@XZ 00000001800010b0 f i plugin_test1.obj
 0001:000000c0       ?root_get_other_interface@RTest1_Shell@test1@test@modules@UModSys@@UEBAPEBUIRoot@core@5@PEBUSUniquePointerInfo@75@@Z 00000001800010c0 f i plugin_test1.obj
 0001:000000c0       ?root_get_other_interface@RTest1_Shell@test1@test@modules@UModSys@@UEAAPEAUIRoot@core@5@PEBUSUniquePointerInfo@75@@Z 00000001800010c0 f i plugin_test1.obj
 0001:000000f0       ?root_is_interface_supported@RTest1_Shell@test1@test@modules@UModSys@@UEBA_NPEBUSUniquePointerInfo@core@5@@Z 00000001800010f0 f i plugin_test1.obj
 0001:00000120       ?ref_add@RTest1_Shell@test1@test@modules@UModSys@@UEBAXXZ 0000000180001120 f i plugin_test1.obj
 0001:00000130       ?ref_remove@RTest1_Shell@test1@test@modules@UModSys@@UEBAXXZ 0000000180001130 f i plugin_test1.obj
 0001:00000150       ?ref_links@RTest1_Shell@test1@test@modules@UModSys@@UEBAHXZ 0000000180001150 f i plugin_test1.obj
 0001:00000160       ?ref_weak@RTest1_Shell@test1@test@modules@UModSys@@UEBA_NAEAUWeakPointer@IRefObject@core@5@@Z 0000000180001160 f i plugin_test1.obj
 0001:00000180       ?suicide@RTest1_Shell@test1@test@modules@UModSys@@UEAAXXZ 0000000180001180 f i plugin_test1.obj
 0001:000001d0       ??0RTest1_Shell@test1@test@modules@UModSys@@QEAA@PEAUIModObject@base@4@@Z 00000001800011d0 f i plugin_test1.obj
 0001:00000320       ??1RTest1_Shell@test1@test@modules@UModSys@@UEAA@XZ 0000000180001320 f i plugin_test1.obj
 0001:000003d0       ?connect@RTest1_Shell@test1@test@modules@UModSys@@UEAA_NXZ 00000001800013d0 f i plugin_test1.obj
 0001:00000400       ?disconnect@RTest1_Shell@test1@test@modules@UModSys@@UEAA_NXZ 0000000180001400 f i plugin_test1.obj
 0001:00000430       ?process_tick@RTest1_Shell@test1@test@modules@UModSys@@UEAA_NAEBUSTimeMsec@core@5@@Z 0000000180001430 f i plugin_test1.obj
 0001:00000470       ?process_command@RTest1_Shell@test1@test@modules@UModSys@@UEAA_NHQEBU?$TString@U?$TSCoreConst@D@su@tl@UModSys@@U?$TComparerBinaryHash@D@234@@tl@5@@Z 0000000180001470 f i plugin_test1.obj
 0001:000004a0       ??_GRTest1_Shell@test1@test@modules@UModSys@@UEAAPEAXI@Z 00000001800014a0 f i plugin_test1.obj
 0001:000004a0       ??_ERTest1_Shell@test1@test@modules@UModSys@@UEAAPEAXI@Z 00000001800014a0 f i  CIL library: CIL module
 0001:000004d0       ?set_value@PropX@Aux@RTest1_Shell@test1@test@modules@UModSys@@UEAA_NPEBUSUniquePointerInfo@core@7@AEBUSPropValueR@97@@Z 00000001800014d0 f i plugin_test1.obj
 0001:000006c0       ??1SParameters@core@UModSys@@QEAA@XZ 00000001800016c0 f i plugin_test1.obj
 0001:000006c0       ??1?$TParametersA@$0EAA@@core@UModSys@@QEAA@XZ 00000001800016c0 f i plugin_test1.obj
 0001:000006c0       ??1?$TParametersA@$0BAL@@core@UModSys@@QEAA@XZ 00000001800016c0 f i umodsys_lib_lib2d:umodsys.mod.2d.stdlib.obj
 0001:000006c0       ??1?$TParametersA@$0BAA@@core@UModSys@@QEAA@XZ 00000001800016c0 f i umodsys_lib_libui:umodsys.mod.ui.SDL_core.obj
 0001:000006e0       ??1SFrameCreateParameters@libui@UModSys@@QEAA@XZ 00000001800016e0 f i plugin_test1.obj
 0001:00000710       ??1UI_Info@RTest1_Shell@test1@test@modules@UModSys@@QEAA@XZ 0000000180001710 f i plugin_test1.obj
 0001:00000870       ?get_generated_names@RGenerator@test1@test@modules@UModSys@@UEBAHAEAUSUniquePtrList@core@5@@Z 0000000180001870 f i plugin_test1.obj
 0001:00000890       ?get_generated_types@RGenerator@test1@test@modules@UModSys@@UEBAHAEAUSUniquePtrList@core@5@PEBUSUniquePointerInfo@75@@Z 0000000180001890 f i plugin_test1.obj
 0001:000008f0       ?generate@RGenerator@test1@test@modules@UModSys@@UEAA_NAEAU?$TRefObject@UIRefObject@core@UModSys@@U?$TRefObjectFunc@UIRefObject@core@UModSys@@@tl@3@@tl@5@PEBUSUniquePointerInfo@core@5@AEBUSParameters@95@@Z 00000001800018f0 f i plugin_test1.obj
 0001:00000990       ?root_get_interface_info@RGenerator@test1@test@modules@UModSys@@UEBAAEBUSUniquePointerInfo@core@5@XZ 0000000180001990 f i plugin_test1.obj
 0001:000009a0       ?root_get_interface_type@RGenerator@test1@test@modules@UModSys@@UEBAPEBUSUniquePointerInfo@core@5@XZ 00000001800019a0 f i plugin_test1.obj
 0001:000009b0       ?root_get_other_interface@RGenerator@test1@test@modules@UModSys@@UEAAPEAUIRoot@core@5@PEBUSUniquePointerInfo@75@@Z 00000001800019b0 f i plugin_test1.obj
 0001:000009b0       ?root_get_other_interface@RGenerator@test1@test@modules@UModSys@@UEBAPEBUIRoot@core@5@PEBUSUniquePointerInfo@75@@Z 00000001800019b0 f i plugin_test1.obj
 0001:000009f0       ?root_is_interface_supported@RGenerator@test1@test@modules@UModSys@@UEBA_NPEBUSUniquePointerInfo@core@5@@Z 00000001800019f0 f i plugin_test1.obj
 0001:00000a30       ?get_uid@RGenerator@test1@test@modules@UModSys@@UEBAPEBUSUniquePointerInfo@core@5@XZ 0000000180001a30 f i plugin_test1.obj
 0001:00000a40       ?do_open@RModuleReg@test1@test@modules@UModSys@@UEAA_NXZ 0000000180001a40 f i plugin_test1.obj
 0001:00000a80       ?do_close@RModuleReg@test1@test@modules@UModSys@@UEAA_NXZ 0000000180001a80 f i plugin_test1.obj
 0001:00000ac0       ??_ERModuleReg@test1@test@modules@UModSys@@UEAAPEAXI@Z 0000000180001ac0 f i  CIL library: CIL module
 0001:00000ac0       ??_GRModuleReg@test1@test@modules@UModSys@@UEAAPEAXI@Z 0000000180001ac0 f i plugin_test1.obj
 0001:00000af0       ??4?$TString@U?$TSCoreShared@USIMemAlloc@core@UModSys@@D@su@tl@UModSys@@U?$TComparerBinaryHash@D@234@@tl@UModSys@@QEAAAEBU012@AEBU012@@Z 0000000180001af0 f i plugin_test1.obj
 0001:00000b40       ?normalize@?$TVector3@N@math3d@UModSys@@QEAANXZ 0000000180001b40 f i plugin_test1.obj
 0001:00000bf0       ??4?$TRefObject@UIRefObject@core@UModSys@@U?$TRefObjectFunc@UIRefObject@core@UModSys@@@tl@3@@tl@UModSys@@QEAAAEBU012@PEAUIRefObject@core@2@@Z 0000000180001bf0 f i plugin_test1.obj
 0001:00000c30       ??1?$TDynarrayDynamic@UVertexPC@UI_Info@RTest1_Shell@test1@test@modules@UModSys@@U?$TAllocator@USIMemAlloc@core@UModSys@@USCountCalcPower2@23@@tl@7@@tl@UModSys@@QEAA@XZ 0000000180001c30 f i plugin_test1.obj
 0001:00000c70       ?Free@?$TDynarray@U?$TDynarrayHolderDynamic@UVertexPC@UI_Info@RTest1_Shell@test1@test@modules@UModSys@@U?$TAllocator@USIMemAlloc@core@UModSys@@USCountCalcPower2@23@@tl@7@@tl@UModSys@@@tl@UModSys@@QEAA_NXZ 0000000180001c70 f i plugin_test1.obj
 0001:00000cf0       ?info_release@?$TSCoreShared@USIMemAlloc@core@UModSys@@D@su@tl@UModSys@@QEAAXXZ 0000000180001cf0 f i plugin_test1.obj
 0001:00000d90       ?info_new@?$TSCoreShared@USIMemAlloc@core@UModSys@@D@su@tl@UModSys@@QEAA_NPEBD_K@Z 0000000180001d90 f i plugin_test1.obj
 0001:00000e80       ?get_null@?$TSCoreShared@USIMemAlloc@core@UModSys@@D@su@tl@UModSys@@SAPEAU?$TSharedStringInfo@DUSIMemAlloc@core@UModSys@@@234@XZ 0000000180001e80 f i plugin_test1.obj
 0001:00000ed0       ?mult3@?$TMatrix44@N@math3d@UModSys@@QEAAXAEBU123@0@Z 0000000180001ed0 f i plugin_test1.obj
 0001:00001070       ?set_rotate_about@?$TMatrix44@N@math3d@UModSys@@QEAAXAEBU?$TVector3@N@23@N@Z 0000000180002070 f i plugin_test1.obj
 0001:000012e0       ?set_inversed@?$TMatrix44@N@math3d@UModSys@@QEAA_NAEBU123@@Z 00000001800022e0 f i plugin_test1.obj
 0001:000019d0       ??$generate_type@UICollector@libui@UModSys@@@RTest1_Shell@test1@test@modules@UModSys@@SA?AU?$TRefObject@UICollector@libui@UModSys@@U?$TRefObjectFunc@UICollector@libui@UModSys@@@tl@3@@tl@4@AEBU?$TString@U?$TSCoreConst@D@su@tl@UModSys@@U?$TComparerBinaryHash@D@234@@64@AEBUSParameters@core@4@PEBD@Z 00000001800029d0 f i plugin_test1.obj
 0001:00001b80       ??$generate_type@UITerminal@libui@UModSys@@@RTest1_Shell@test1@test@modules@UModSys@@SA?AU?$TRefObject@UITerminal@libui@UModSys@@U?$TRefObjectFunc@UITerminal@libui@UModSys@@@tl@3@@tl@4@AEBU?$TString@U?$TSCoreConst@D@su@tl@UModSys@@U?$TComparerBinaryHash@D@234@@64@AEBUSParameters@core@4@PEBD@Z 0000000180002b80 f i plugin_test1.obj
 0001:00001d30       ??$generate_type@UIRenderer@lib3d@UModSys@@@RTest1_Shell@test1@test@modules@UModSys@@SA?AU?$TRefObject@UIRenderer@lib3d@UModSys@@U?$TRefObjectFunc@UIRenderer@lib3d@UModSys@@@tl@3@@tl@4@AEBU?$TString@U?$TSCoreConst@D@su@tl@UModSys@@U?$TComparerBinaryHash@D@234@@64@AEBUSParameters@core@4@PEBD@Z 0000000180002d30 f i plugin_test1.obj
 0001:00001ee0       ??$generate_type@UIVisualizerScene@lib3d@UModSys@@@RTest1_Shell@test1@test@modules@UModSys@@SA?AU?$TRefObject@UIVisualizerScene@lib3d@UModSys@@U?$TRefObjectFunc@UIVisualizerScene@lib3d@UModSys@@@tl@3@@tl@4@AEBU?$TString@U?$TSCoreConst@D@su@tl@UModSys@@U?$TComparerBinaryHash@D@234@@64@AEBUSParameters@core@4@PEBD@Z 0000000180002ee0 f i plugin_test1.obj
 0001:00002090       ??$generate_type@UIGeneralObject@lib3d@UModSys@@@RTest1_Shell@test1@test@modules@UModSys@@SA?AU?$TRefObject@UIGeneralObject@lib3d@UModSys@@U?$TRefObjectFunc@UIGeneralObject@lib3d@UModSys@@@tl@3@@tl@4@AEBU?$TString@U?$TSCoreConst@D@su@tl@UModSys@@U?$TComparerBinaryHash@D@234@@64@AEBUSParameters@core@4@PEBD@Z 0000000180003090 f i plugin_test1.obj
 0001:00002240       ??$shash@D@su@tl@UModSys@@YA_KPEBD_K@Z 0000000180003240 f i plugin_test1.obj
 0001:00002280       ?ReLink@?$TDynarray@U?$TDynarrayHolderDynamic@UVertexPC@UI_Info@RTest1_Shell@test1@test@modules@UModSys@@U?$TAllocator@USIMemAlloc@core@UModSys@@USCountCalcPower2@23@@tl@7@@tl@UModSys@@@tl@UModSys@@IEAA_N_K@Z 0000000180003280 f i plugin_test1.obj
 0001:00002280       ?ReLink@?$TDynarray@U?$TDynarrayHolderDynamic@UScene@IVisualizerScene@lib3d@UModSys@@U?$TAllocator@USIMemAlloc@core@UModSys@@USCountCalcPower2@23@@tl@4@@tl@UModSys@@@tl@UModSys@@IEAA_N_K@Z 0000000180003280 f i umodsys_lib_lib3d:umodsys.mod.3d.stdlib.obj
 0001:000022f0       ??1?$TRefObject@UIModObject@base@UModSys@@U?$TModObjectFunc@UIModObject@base@UModSys@@@tl@3@@tl@UModSys@@QEAA@XZ 00000001800032f0 f i plugin_test1.obj
 0001:00002320       ?mult@?$TMatrix44@N@math3d@UModSys@@QEAAXAEBU123@0@Z 0000000180003320 f i plugin_test1.obj
 0001:000026f0       ?get_determinant@?$TMatrix44@N@math3d@UModSys@@QEBANXZ 00000001800036f0 f i plugin_test1.obj
 0001:00002910       ??$t_ref_get_other_interface@UIStreamReader@libmedia@UModSys@@U?$TRefObjectFunc@UIStreamReader@libmedia@UModSys@@@tl@3@@IRefObject@core@UModSys@@QEAA_NAEAU?$TRefObject@UIStreamReader@libmedia@UModSys@@U?$TRefObjectFunc@UIStreamReader@libmedia@UModSys@@@tl@3@@tl@2@@Z 0000000180003910 f i plugin_test1.obj
 0001:00002960       ??$t_ref_get_other_interface@UIStreamWriter@libmedia@UModSys@@U?$TRefObjectFunc@UIStreamWriter@libmedia@UModSys@@@tl@3@@IRefObject@core@UModSys@@QEAA_NAEAU?$TRefObject@UIStreamWriter@libmedia@UModSys@@U?$TRefObjectFunc@UIStreamWriter@libmedia@UModSys@@@tl@3@@tl@2@@Z 0000000180003960 f i plugin_test1.obj
 0001:000029b0       ??$t_generate@UICollector@libui@UModSys@@@SModuleContext@base@UModSys@@QEAA_NAEAU?$TRefObject@UICollector@libui@UModSys@@U?$TRefObjectFunc@UICollector@libui@UModSys@@@tl@3@@tl@2@PEBUSUniquePointerInfo@core@2@AEBUSParameters@62@@Z 00000001800039b0 f i plugin_test1.obj
 0001:00002a80       ??$t_generate@UITerminal@libui@UModSys@@@SModuleContext@base@UModSys@@QEAA_NAEAU?$TRefObject@UITerminal@libui@UModSys@@U?$TRefObjectFunc@UITerminal@libui@UModSys@@@tl@3@@tl@2@PEBUSUniquePointerInfo@core@2@AEBUSParameters@62@@Z 0000000180003a80 f i plugin_test1.obj
 0001:00002b50       ??$t_generate@UIRenderer@lib3d@UModSys@@@SModuleContext@base@UModSys@@QEAA_NAEAU?$TRefObject@UIRenderer@lib3d@UModSys@@U?$TRefObjectFunc@UIRenderer@lib3d@UModSys@@@tl@3@@tl@2@PEBUSUniquePointerInfo@core@2@AEBUSParameters@62@@Z 0000000180003b50 f i plugin_test1.obj
 0001:00002c20       ??$t_generate@UIVisualizerScene@lib3d@UModSys@@@SModuleContext@base@UModSys@@QEAA_NAEAU?$TRefObject@UIVisualizerScene@lib3d@UModSys@@U?$TRefObjectFunc@UIVisualizerScene@lib3d@UModSys@@@tl@3@@tl@2@PEBUSUniquePointerInfo@core@2@AEBUSParameters@62@@Z 0000000180003c20 f i plugin_test1.obj
 0001:00002cf0       ??$t_generate@UIGeneralObject@lib3d@UModSys@@@SModuleContext@base@UModSys@@QEAA_NAEAU?$TRefObject@UIGeneralObject@lib3d@UModSys@@U?$TRefObjectFunc@UIGeneralObject@lib3d@UModSys@@@tl@3@@tl@2@PEBUSUniquePointerInfo@core@2@AEBUSParameters@62@@Z 0000000180003cf0 f i plugin_test1.obj
 0001:00002dc0       ??$t_ref_get_other_interface@UIImage@lib2d@UModSys@@U?$TRefObjectFunc@UIImage@lib2d@UModSys@@@tl@3@@IRefObject@core@UModSys@@QEAA_NAEAU?$TRefObject@UIImage@lib2d@UModSys@@U?$TRefObjectFunc@UIImage@lib2d@UModSys@@@tl@3@@tl@2@@Z 0000000180003dc0 f i plugin_test1.obj
 0001:00002e10       ??$t_ref_get_other_interface@UIImageFactory@lib2d@UModSys@@U?$TRefObjectFunc@UIImageFactory@lib2d@UModSys@@@tl@3@@IRefObject@core@UModSys@@QEAA_NAEAU?$TRefObject@UIImageFactory@lib2d@UModSys@@U?$TRefObjectFunc@UIImageFactory@lib2d@UModSys@@@tl@3@@tl@2@@Z 0000000180003e10 f i plugin_test1.obj
 0001:00002e60       ??$t_ref_get_other_interface@UIMultiImage@lib2d@UModSys@@U?$TRefObjectFunc@UIMultiImage@lib2d@UModSys@@@tl@3@@IRefObject@core@UModSys@@QEAA_NAEAU?$TRefObject@UIMultiImage@lib2d@UModSys@@U?$TRefObjectFunc@UIMultiImage@lib2d@UModSys@@@tl@3@@tl@2@@Z 0000000180003e60 f i plugin_test1.obj
 0001:00002eb0       ?root_get_interface_info@RRenderer@stdlib@lib3d@modules@UModSys@@UEBAAEBUSUniquePointerInfo@core@5@XZ 0000000180003eb0 f i umodsys_lib_lib3d:umodsys.mod.3d.stdlib.obj
 0001:00002ec0       ?root_get_interface_type@RRenderer@stdlib@lib3d@modules@UModSys@@UEBAPEBUSUniquePointerInfo@core@5@XZ 0000000180003ec0 f i umodsys_lib_lib3d:umodsys.mod.3d.stdlib.obj
 0001:00002ed0       ?root_get_other_interface@RRenderer@stdlib@lib3d@modules@UModSys@@UEBAPEBUIRoot@core@5@PEBUSUniquePointerInfo@75@@Z 0000000180003ed0 f i umodsys_lib_lib3d:umodsys.mod.3d.stdlib.obj
 0001:00002ed0       ?root_get_other_interface@RRenderer@stdlib@lib3d@modules@UModSys@@UEAAPEAUIRoot@core@5@PEBUSUniquePointerInfo@75@@Z 0000000180003ed0 f i umodsys_lib_lib3d:umodsys.mod.3d.stdlib.obj
 0001:00002f00       ?root_is_interface_supported@RRenderer@stdlib@lib3d@modules@UModSys@@UEBA_NPEBUSUniquePointerInfo@core@5@@Z 0000000180003f00 f i umodsys_lib_lib3d:umodsys.mod.3d.stdlib.obj
 0001:00002f30       ?ref_add@RRenderer@stdlib@lib3d@modules@UModSys@@UEBAXXZ 0000000180003f30 f i umodsys_lib_lib3d:umodsys.mod.3d.stdlib.obj
 0001:00002f30       ?ref_add@RSerializeWriter@serialize_json@media@modules@UModSys@@UEBAXXZ 0000000180003f30 f i umodsys_lib_libmedia:umodsys.mod.media.serialize_json.obj
 0001:00002f30       ?ref_add@RVisualSceneMapper_Direct@stdlib@lib3d@modules@UModSys@@UEBAXXZ 0000000180003f30 f i umodsys_lib_lib3d:umodsys.mod.3d.stdlib.obj
 0001:00002f40       ?ref_links@RRenderer@stdlib@lib3d@modules@UModSys@@UEBAHXZ 0000000180003f40 f i umodsys_lib_lib3d:umodsys.mod.3d.stdlib.obj
 0001:00002f40       ?ref_links@RSerializeWriter@serialize_json@media@modules@UModSys@@UEBAHXZ 0000000180003f40 f i umodsys_lib_libmedia:umodsys.mod.media.serialize_json.obj
 0001:00002f40       ?ref_links@RVisualSceneMapper_Direct@stdlib@lib3d@modules@UModSys@@UEBAHXZ 0000000180003f40 f i umodsys_lib_lib3d:umodsys.mod.3d.stdlib.obj
 0001:00002f50       ?root_get_interface_info@RVisualizerScene@stdlib@lib3d@modules@UModSys@@UEBAAEBUSUniquePointerInfo@core@5@XZ 0000000180003f50 f i umodsys_lib_lib3d:umodsys.mod.3d.stdlib.obj
 0001:00002f60       ?root_get_interface_type@RVisualizerScene@stdlib@lib3d@modules@UModSys@@UEBAPEBUSUniquePointerInfo@core@5@XZ 0000000180003f60 f i umodsys_lib_lib3d:umodsys.mod.3d.stdlib.obj
 0001:00002f70       ?root_get_other_interface@RVisualizerScene@stdlib@lib3d@modules@UModSys@@UEAAPEAUIRoot@core@5@PEBUSUniquePointerInfo@75@@Z 0000000180003f70 f i umodsys_lib_lib3d:umodsys.mod.3d.stdlib.obj
 0001:00002f70       ?root_get_other_interface@RVisualizerScene@stdlib@lib3d@modules@UModSys@@UEBAPEBUIRoot@core@5@PEBUSUniquePointerInfo@75@@Z 0000000180003f70 f i umodsys_lib_lib3d:umodsys.mod.3d.stdlib.obj
 0001:00002fb0       ?root_is_interface_supported@RVisualizerScene@stdlib@lib3d@modules@UModSys@@UEBA_NPEBUSUniquePointerInfo@core@5@@Z 0000000180003fb0 f i umodsys_lib_lib3d:umodsys.mod.3d.stdlib.obj
 0001:00002ff0       ?ref_links@RGenerator@test1@test@modules@UModSys@@UEBAHXZ 0000000180003ff0 f i plugin_test1.obj
 0001:00002ff0       ?ref_links@RMultiImage2D_SDL_ttf@SDL_core@ui@modules@UModSys@@UEBAHXZ 0000000180003ff0 f i umodsys_lib_libui:umodsys.mod.ui.SDL_core.obj
 0001:00002ff0       ?ref_links@RGenerator@stdlib@lib2d@modules@UModSys@@UEBAHXZ 0000000180003ff0 f i umodsys_lib_lib2d:umodsys.mod.2d.stdlib.obj
 0001:00002ff0       ?ref_links@RVertexArray@SDL_GL@ui@modules@UModSys@@UEBAHXZ 0000000180003ff0 f i umodsys_lib_libui:umodsys.mod.ui.SDL_GL.obj
 0001:00002ff0       ?ref_links@RDialog@frames@ui@modules@UModSys@@UEBAHXZ 0000000180003ff0 f i umodsys_lib_libui:umodsys.mod.ui.frames.obj
 0001:00002ff0       ?ref_links@RVisualizerScene@stdlib@lib3d@modules@UModSys@@UEBAHXZ 0000000180003ff0 f i umodsys_lib_lib3d:umodsys.mod.3d.stdlib.obj
 0001:00002ff0       ?ref_links@RGenerator@SDL_core@ui@modules@UModSys@@UEBAHXZ 0000000180003ff0 f i umodsys_lib_libui:umodsys.mod.ui.SDL_core.obj
 0001:00002ff0       ?ref_links@RGeneral@object_camera@stdlib@lib3d@modules@UModSys@@UEBAHXZ 0000000180003ff0 f i umodsys_lib_lib3d:umodsys.mod.3d.stdlib.obj
 0001:00002ff0       ?ref_links@RGenerator@images_std@media@modules@UModSys@@UEBAHXZ 0000000180003ff0 f i umodsys_lib_libmedia:umodsys.mod.media.images_std.obj
 0001:00002ff0       ?ref_links@RMultiImage@stdlib@lib2d@modules@UModSys@@UEBAHXZ 0000000180003ff0 f i umodsys_lib_lib2d:umodsys.mod.2d.stdlib.obj
 0001:00002ff0       ?ref_links@RGenerator@serialize_json@media@modules@UModSys@@UEBAHXZ 0000000180003ff0 f i umodsys_lib_libmedia:umodsys.mod.media.serialize_json.obj
 0001:00002ff0       ?ref_links@RGenerator@frames@ui@modules@UModSys@@UEBAHXZ 0000000180003ff0 f i umodsys_lib_libui:umodsys.mod.ui.frames.obj
 0001:00002ff0       ?ref_links@RImage_Memory@stdlib@lib2d@modules@UModSys@@UEBAHXZ 0000000180003ff0 f i umodsys_lib_lib2d:umodsys.mod.2d.stdlib.obj
 0001:00002ff0       ?ref_links@RMultiImage2D_SDL_ttf@SDL_GL@ui@modules@UModSys@@UEBAHXZ 0000000180003ff0 f i umodsys_lib_libui:umodsys.mod.ui.SDL_GL.obj
 0001:00002ff0       ?ref_links@RSerializeReader@serialize_json@media@modules@UModSys@@UEBAHXZ 0000000180003ff0 f i umodsys_lib_libmedia:umodsys.mod.media.serialize_json.obj
 0001:00002ff0       ?ref_links@RGenerator@SDL_GL@ui@modules@UModSys@@UEBAHXZ 0000000180003ff0 f i umodsys_lib_libui:umodsys.mod.ui.SDL_GL.obj
 0001:00002ff0       ?ref_links@RTerminal@SDL_core@ui@modules@UModSys@@UEBAHXZ 0000000180003ff0 f i umodsys_lib_libui:umodsys.mod.ui.SDL_core.obj
 0001:00002ff0       ?ref_links@RGenerator@zlib@media@modules@UModSys@@UEBAHXZ 0000000180003ff0 f i umodsys_lib_libmedia:umodsys.mod.media.zlib.obj
 0001:00002ff0       ?ref_links@RTerminal@SDL_GL@ui@modules@UModSys@@UEBAHXZ 0000000180003ff0 f i umodsys_lib_libui:umodsys.mod.ui.SDL_GL.obj
 0001:00002ff0       ?ref_links@RImageFactory_Memory@stdlib@lib2d@modules@UModSys@@UEBAHXZ 0000000180003ff0 f i umodsys_lib_lib2d:umodsys.mod.2d.stdlib.obj
 0001:00002ff0       ?ref_links@RGeneral@object_primitive@stdlib@lib3d@modules@UModSys@@UEBAHXZ 0000000180003ff0 f i umodsys_lib_lib3d:umodsys.mod.3d.stdlib.obj
 0001:00002ff0       ?ref_links@RGenerator@stdlib@lib3d@modules@UModSys@@UEBAHXZ 0000000180003ff0 f i umodsys_lib_lib3d:umodsys.mod.3d.stdlib.obj
 0001:00002ff0       ?ref_links@RBinArchiveFrameClient_ZIP@zlib@media@modules@UModSys@@UEBAHXZ 0000000180003ff0 f i umodsys_lib_libmedia:umodsys.mod.media.zlib.obj
 0001:00003000       ?root_get_interface_info@RVisualSceneMapper_Direct@stdlib@lib3d@modules@UModSys@@UEBAAEBUSUniquePointerInfo@core@5@XZ 0000000180004000 f i umodsys_lib_lib3d:umodsys.mod.3d.stdlib.obj
 0001:00003010       ?root_get_interface_type@RVisualSceneMapper_Direct@stdlib@lib3d@modules@UModSys@@UEBAPEBUSUniquePointerInfo@core@5@XZ 0000000180004010 f i umodsys_lib_lib3d:umodsys.mod.3d.stdlib.obj
 0001:00003020       ?root_get_other_interface@RVisualSceneMapper_Direct@stdlib@lib3d@modules@UModSys@@UEBAPEBUIRoot@core@5@PEBUSUniquePointerInfo@75@@Z 0000000180004020 f i umodsys_lib_lib3d:umodsys.mod.3d.stdlib.obj
 0001:00003020       ?root_get_other_interface@RVisualSceneMapper_Direct@stdlib@lib3d@modules@UModSys@@UEAAPEAUIRoot@core@5@PEBUSUniquePointerInfo@75@@Z 0000000180004020 f i umodsys_lib_lib3d:umodsys.mod.3d.stdlib.obj
 0001:00003050       ?root_is_interface_supported@RVisualSceneMapper_Direct@stdlib@lib3d@modules@UModSys@@UEBA_NPEBUSUniquePointerInfo@core@5@@Z 0000000180004050 f i umodsys_lib_lib3d:umodsys.mod.3d.stdlib.obj
 0001:00003080       ?suicide@RRenderer@stdlib@lib3d@modules@UModSys@@UEAAXXZ 0000000180004080 f i umodsys_lib_lib3d:umodsys.mod.3d.stdlib.obj
 0001:00003080       ?suicide@RSerializeWriter@serialize_json@media@modules@UModSys@@UEAAXXZ 0000000180004080 f i umodsys_lib_libmedia:umodsys.mod.media.serialize_json.obj
 0001:00003080       ?suicide@RVisualSceneMapper_Direct@stdlib@lib3d@modules@UModSys@@UEAAXXZ 0000000180004080 f i umodsys_lib_lib3d:umodsys.mod.3d.stdlib.obj
 0001:000030d0       ?root_get_interface_info@RGeneral@object_primitive@stdlib@lib3d@modules@UModSys@@UEBAAEBUSUniquePointerInfo@core@6@XZ 00000001800040d0 f i umodsys_lib_lib3d:umodsys.mod.3d.stdlib.obj
 0001:000030e0       ?root_get_interface_type@RGeneral@object_primitive@stdlib@lib3d@modules@UModSys@@UEBAPEBUSUniquePointerInfo@core@6@XZ 00000001800040e0 f i umodsys_lib_lib3d:umodsys.mod.3d.stdlib.obj
 0001:000030f0       ?root_get_other_interface@RGeneral@object_primitive@stdlib@lib3d@modules@UModSys@@UEBAPEBUIRoot@core@6@PEBUSUniquePointerInfo@86@@Z 00000001800040f0 f i umodsys_lib_lib3d:umodsys.mod.3d.stdlib.obj
 0001:000030f0       ?root_get_other_interface@RGeneral@object_primitive@stdlib@lib3d@modules@UModSys@@UEAAPEAUIRoot@core@6@PEBUSUniquePointerInfo@86@@Z 00000001800040f0 f i umodsys_lib_lib3d:umodsys.mod.3d.stdlib.obj
 0001:00003120       ?root_is_interface_supported@RGeneral@object_primitive@stdlib@lib3d@modules@UModSys@@UEBA_NPEBUSUniquePointerInfo@core@6@@Z 0000000180004120 f i umodsys_lib_lib3d:umodsys.mod.3d.stdlib.obj
 0001:00003150       ?root_get_interface_info@RRender@object_primitive@stdlib@lib3d@modules@UModSys@@UEBAAEBUSUniquePointerInfo@core@6@XZ 0000000180004150 f i umodsys_lib_lib3d:umodsys.mod.3d.stdlib.obj
 0001:00003160       ?root_get_interface_type@RRender@object_primitive@stdlib@lib3d@modules@UModSys@@UEBAPEBUSUniquePointerInfo@core@6@XZ 0000000180004160 f i umodsys_lib_lib3d:umodsys.mod.3d.stdlib.obj
 0001:00003170       ?root_get_other_interface@RRender@object_primitive@stdlib@lib3d@modules@UModSys@@UEBAPEBUIRoot@core@6@PEBUSUniquePointerInfo@86@@Z 0000000180004170 f i umodsys_lib_lib3d:umodsys.mod.3d.stdlib.obj
 0001:00003170       ?root_get_other_interface@RRender@object_primitive@stdlib@lib3d@modules@UModSys@@UEAAPEAUIRoot@core@6@PEBUSUniquePointerInfo@86@@Z 0000000180004170 f i umodsys_lib_lib3d:umodsys.mod.3d.stdlib.obj
 0001:000031b0       ?root_is_interface_supported@RRender@object_primitive@stdlib@lib3d@modules@UModSys@@UEBA_NPEBUSUniquePointerInfo@core@6@@Z 00000001800041b0 f i umodsys_lib_lib3d:umodsys.mod.3d.stdlib.obj
 0001:000031f0       ?ref_add@RRender@object_primitive@stdlib@lib3d@modules@UModSys@@UEBAXXZ 00000001800041f0 f i umodsys_lib_lib3d:umodsys.mod.3d.stdlib.obj
 0001:000031f0       ?ref_add@RMediaFilter@images_std@media@modules@UModSys@@UEBAXXZ 00000001800041f0 f i umodsys_lib_libmedia:umodsys.mod.media.images_std.obj
 0001:00003200       ?suicide@RRender@object_primitive@stdlib@lib3d@modules@UModSys@@UEAAXXZ 0000000180004200 f i umodsys_lib_lib3d:umodsys.mod.3d.stdlib.obj
 0001:00003250       ?root_get_interface_info@RVisual@object_primitive@stdlib@lib3d@modules@UModSys@@UEBAAEBUSUniquePointerInfo@core@6@XZ 0000000180004250 f i umodsys_lib_lib3d:umodsys.mod.3d.stdlib.obj
 0001:00003260       ?root_get_interface_type@RVisual@object_primitive@stdlib@lib3d@modules@UModSys@@UEBAPEBUSUniquePointerInfo@core@6@XZ 0000000180004260 f i umodsys_lib_lib3d:umodsys.mod.3d.stdlib.obj
 0001:00003270       ?root_get_interface_types@RMultiImage@stdlib@lib2d@modules@UModSys@@UEBA_KAEAUSUniquePtrList@core@5@@Z 0000000180004270 f i umodsys_lib_lib2d:umodsys.mod.2d.stdlib.obj
 0001:00003270       ?root_get_interface_types@RRenderDriver3D@SDL_GL@ui@modules@UModSys@@UEBA_KAEAUSUniquePtrList@core@5@@Z 0000000180004270 f i umodsys_lib_libui:umodsys.mod.ui.SDL_GL.obj
 0001:00003270       ?root_get_interface_types@RGenerator@SDL_GL@ui@modules@UModSys@@UEBA_KAEAUSUniquePtrList@core@5@@Z 0000000180004270 f i umodsys_lib_libui:umodsys.mod.ui.SDL_GL.obj
 0001:00003270       ?root_get_interface_types@RFrame_Frame@frames@ui@modules@UModSys@@UEBA_KAEAUSUniquePtrList@core@5@@Z 0000000180004270 f i umodsys_lib_libui:umodsys.mod.ui.frames.obj
 0001:00003270       ?root_get_interface_types@RGenerator@images_std@media@modules@UModSys@@UEBA_KAEAUSUniquePtrList@core@5@@Z 0000000180004270 f i umodsys_lib_libmedia:umodsys.mod.media.images_std.obj
 0001:00003270       ?root_get_interface_types@RMouseController@SDL_core@ui@modules@UModSys@@UEBA_KAEAUSUniquePtrList@core@5@@Z 0000000180004270 f i umodsys_lib_libui:umodsys.mod.ui.SDL_core.obj
 0001:00003270       ?root_get_interface_types@RFrame_Image@frames@ui@modules@UModSys@@UEBA_KAEAUSUniquePtrList@core@5@@Z 0000000180004270 f i umodsys_lib_libui:umodsys.mod.ui.frames.obj
 0001:00003270       ?root_get_interface_types@RTerminal@SDL_GL@ui@modules@UModSys@@UEBA_KAEAUSUniquePtrList@core@5@@Z 0000000180004270 f i umodsys_lib_libui:umodsys.mod.ui.SDL_GL.obj
 0001:00003270       ?root_get_interface_types@RCollector@frames@ui@modules@UModSys@@UEBA_KAEAUSUniquePtrList@core@5@@Z 0000000180004270 f i umodsys_lib_libui:umodsys.mod.ui.frames.obj
 0001:00003270       ?root_get_interface_types@RImageFactory_Memory@stdlib@lib2d@modules@UModSys@@UEBA_KAEAUSUniquePtrList@core@5@@Z 0000000180004270 f i umodsys_lib_lib2d:umodsys.mod.2d.stdlib.obj
 0001:00003270       ?root_get_interface_types@RMultiImage2D_SDL_ttf@SDL_GL@ui@modules@UModSys@@UEBA_KAEAUSUniquePtrList@core@5@@Z 0000000180004270 f i umodsys_lib_libui:umodsys.mod.ui.SDL_GL.obj
 0001:00003270       ?root_get_interface_types@RVertexArray@SDL_GL@ui@modules@UModSys@@UEBA_KAEAUSUniquePtrList@core@5@@Z 0000000180004270 f i umodsys_lib_libui:umodsys.mod.ui.SDL_GL.obj
 0001:00003270       ?root_get_interface_types@RGenerator@test1@test@modules@UModSys@@UEBA_KAEAUSUniquePtrList@core@5@@Z 0000000180004270 f i plugin_test1.obj
 0001:00003270       ?root_get_interface_types@RVisual@object_primitive@stdlib@lib3d@modules@UModSys@@UEBA_KAEAUSUniquePtrList@core@6@@Z 0000000180004270 f i umodsys_lib_lib3d:umodsys.mod.3d.stdlib.obj
 0001:00003270       ?root_get_interface_types@RTerminalX@SDL_core@ui@modules@UModSys@@UEBA_KAEAUSUniquePtrList@core@5@@Z 0000000180004270 f i umodsys_lib_libui:umodsys.mod.ui.SDL_core.obj
 0001:00003270       ?root_get_interface_types@RVisualizerScene@stdlib@lib3d@modules@UModSys@@UEBA_KAEAUSUniquePtrList@core@5@@Z 0000000180004270 f i umodsys_lib_lib3d:umodsys.mod.3d.stdlib.obj
 0001:00003270       ?root_get_interface_types@RRender@object_primitive@stdlib@lib3d@modules@UModSys@@UEBA_KAEAUSUniquePtrList@core@6@@Z 0000000180004270 f i umodsys_lib_lib3d:umodsys.mod.3d.stdlib.obj
 0001:00003270       ?root_get_interface_types@RRenderer@stdlib@lib3d@modules@UModSys@@UEBA_KAEAUSUniquePtrList@core@5@@Z 0000000180004270 f i umodsys_lib_lib3d:umodsys.mod.3d.stdlib.obj
 0001:00003270       ?root_get_interface_types@RBinArchiveFrameClient_ZIP@zlib@media@modules@UModSys@@UEBA_KAEAUSUniquePtrList@core@5@@Z 0000000180004270 f i umodsys_lib_libmedia:umodsys.mod.media.zlib.obj
 0001:00003270       ?root_get_interface_types@RKeyboardController@SDL_core@ui@modules@UModSys@@UEBA_KAEAUSUniquePtrList@core@5@@Z 0000000180004270 f i umodsys_lib_libui:umodsys.mod.ui.SDL_core.obj
 0001:00003270       ?root_get_interface_types@RVisual@object_camera@stdlib@lib3d@modules@UModSys@@UEBA_KAEAUSUniquePtrList@core@6@@Z 0000000180004270 f i umodsys_lib_lib3d:umodsys.mod.3d.stdlib.obj
 0001:00003270       ?root_get_interface_types@RSerializeWriter@serialize_json@media@modules@UModSys@@UEBA_KAEAUSUniquePtrList@core@5@@Z 0000000180004270 f i umodsys_lib_libmedia:umodsys.mod.media.serialize_json.obj
 0001:00003270       ?root_get_interface_types@RGenerator@stdlib@lib3d@modules@UModSys@@UEBA_KAEAUSUniquePtrList@core@5@@Z 0000000180004270 f i umodsys_lib_lib3d:umodsys.mod.3d.stdlib.obj
 0001:00003270       ?root_get_interface_types@RFrame_List@frames@ui@modules@UModSys@@UEBA_KAEAUSUniquePtrList@core@5@@Z 0000000180004270 f i umodsys_lib_libui:umodsys.mod.ui.frames.obj
 0001:00003270       ?root_get_interface_types@RTest1_Shell@test1@test@modules@UModSys@@UEBA_KAEAUSUniquePtrList@core@5@@Z 0000000180004270 f i plugin_test1.obj
 0001:00003270       ?root_get_interface_types@RGenerator@zlib@media@modules@UModSys@@UEBA_KAEAUSUniquePtrList@core@5@@Z 0000000180004270 f i umodsys_lib_libmedia:umodsys.mod.media.zlib.obj
 0001:00003270       ?root_get_interface_types@RMultiImage2D_SDL_ttf@SDL_core@ui@modules@UModSys@@UEBA_KAEAUSUniquePtrList@core@5@@Z 0000000180004270 f i umodsys_lib_libui:umodsys.mod.ui.SDL_core.obj
 0001:00003270       ?root_get_interface_types@RKeyboardController@SDL_GL@ui@modules@UModSys@@UEBA_KAEAUSUniquePtrList@core@5@@Z 0000000180004270 f i umodsys_lib_libui:umodsys.mod.ui.SDL_GL.obj
 0001:00003270       ?root_get_interface_types@RGenerator@serialize_json@media@modules@UModSys@@UEBA_KAEAUSUniquePtrList@core@5@@Z 0000000180004270 f i umodsys_lib_libmedia:umodsys.mod.media.serialize_json.obj
 0001:00003270       ?root_get_interface_types@RTerminal@SDL_core@ui@modules@UModSys@@UEBA_KAEAUSUniquePtrList@core@5@@Z 0000000180004270 f i umodsys_lib_libui:umodsys.mod.ui.SDL_core.obj
 0001:00003270       ?root_get_interface_types@RMouseController@SDL_GL@ui@modules@UModSys@@UEBA_KAEAUSUniquePtrList@core@5@@Z 0000000180004270 f i umodsys_lib_libui:umodsys.mod.ui.SDL_GL.obj
 0001:00003270       ?root_get_interface_types@RMediaFilter@images_std@media@modules@UModSys@@UEBA_KAEAUSUniquePtrList@core@5@@Z 0000000180004270 f i umodsys_lib_libmedia:umodsys.mod.media.images_std.obj
 0001:00003270       ?root_get_interface_types@RGeneral@object_camera@stdlib@lib3d@modules@UModSys@@UEBA_KAEAUSUniquePtrList@core@6@@Z 0000000180004270 f i umodsys_lib_lib3d:umodsys.mod.3d.stdlib.obj
 0001:00003270       ?root_get_interface_types@RGenerator@frames@ui@modules@UModSys@@UEBA_KAEAUSUniquePtrList@core@5@@Z 0000000180004270 f i umodsys_lib_libui:umodsys.mod.ui.frames.obj
 0001:00003270       ?root_get_interface_types@RGenerator@SDL_core@ui@modules@UModSys@@UEBA_KAEAUSUniquePtrList@core@5@@Z 0000000180004270 f i umodsys_lib_libui:umodsys.mod.ui.SDL_core.obj
 0001:00003270       ?root_get_interface_types@RDialog@frames@ui@modules@UModSys@@UEBA_KAEAUSUniquePtrList@core@5@@Z 0000000180004270 f i umodsys_lib_libui:umodsys.mod.ui.frames.obj
 0001:00003270       ?root_get_interface_types@RGenerator@stdlib@lib2d@modules@UModSys@@UEBA_KAEAUSUniquePtrList@core@5@@Z 0000000180004270 f i umodsys_lib_lib2d:umodsys.mod.2d.stdlib.obj
 0001:00003270       ?root_get_interface_types@RSerializeReader@serialize_json@media@modules@UModSys@@UEBA_KAEAUSUniquePtrList@core@5@@Z 0000000180004270 f i umodsys_lib_libmedia:umodsys.mod.media.serialize_json.obj
 0001:00003270       ?root_get_interface_types@RFrame_Text@frames@ui@modules@UModSys@@UEBA_KAEAUSUniquePtrList@core@5@@Z 0000000180004270 f i umodsys_lib_libui:umodsys.mod.ui.frames.obj
 0001:00003270       ?root_get_interface_types@RFrame_Edit@frames@ui@modules@UModSys@@UEBA_KAEAUSUniquePtrList@core@5@@Z 0000000180004270 f i umodsys_lib_libui:umodsys.mod.ui.frames.obj
 0001:00003270       ?root_get_interface_types@RTerminalX@SDL_GL@ui@modules@UModSys@@UEBA_KAEAUSUniquePtrList@core@5@@Z 0000000180004270 f i umodsys_lib_libui:umodsys.mod.ui.SDL_GL.obj
 0001:00003270       ?root_get_interface_types@RFrame_Button@frames@ui@modules@UModSys@@UEBA_KAEAUSUniquePtrList@core@5@@Z 0000000180004270 f i umodsys_lib_libui:umodsys.mod.ui.frames.obj
 0001:00003270       ?root_get_interface_types@RImage_Memory@stdlib@lib2d@modules@UModSys@@UEBA_KAEAUSUniquePtrList@core@5@@Z 0000000180004270 f i umodsys_lib_lib2d:umodsys.mod.2d.stdlib.obj
 0001:00003270       ?root_get_interface_types@RVisualSceneMapper_Direct@stdlib@lib3d@modules@UModSys@@UEBA_KAEAUSUniquePtrList@core@5@@Z 0000000180004270 f i umodsys_lib_lib3d:umodsys.mod.3d.stdlib.obj
 0001:00003270       ?root_get_interface_types@RGeneral@object_primitive@stdlib@lib3d@modules@UModSys@@UEBA_KAEAUSUniquePtrList@core@6@@Z 0000000180004270 f i umodsys_lib_lib3d:umodsys.mod.3d.stdlib.obj
 0001:00003270       ?root_get_interface_types@RRenderDriver2D@SDL_core@ui@modules@UModSys@@UEBA_KAEAUSUniquePtrList@core@5@@Z 0000000180004270 f i umodsys_lib_libui:umodsys.mod.ui.SDL_core.obj
 0001:00003280       ?root_get_other_interface@RVisual@object_primitive@stdlib@lib3d@modules@UModSys@@UEBAPEBUIRoot@core@6@PEBUSUniquePointerInfo@86@@Z 0000000180004280 f i umodsys_lib_lib3d:umodsys.mod.3d.stdlib.obj
 0001:00003280       ?root_get_other_interface@RVisual@object_primitive@stdlib@lib3d@modules@UModSys@@UEAAPEAUIRoot@core@6@PEBUSUniquePointerInfo@86@@Z 0000000180004280 f i umodsys_lib_lib3d:umodsys.mod.3d.stdlib.obj
 0001:000032c0       ?root_is_interface_supported@RVisual@object_primitive@stdlib@lib3d@modules@UModSys@@UEBA_NPEBUSUniquePointerInfo@core@6@@Z 00000001800042c0 f i umodsys_lib_lib3d:umodsys.mod.3d.stdlib.obj
 0001:00003300       ?ref_add@RVisual@object_primitive@stdlib@lib3d@modules@UModSys@@UEBAXXZ 0000000180004300 f i umodsys_lib_lib3d:umodsys.mod.3d.stdlib.obj
 0001:00003300       ?ref_add@RVisual@object_camera@stdlib@lib3d@modules@UModSys@@UEBAXXZ 0000000180004300 f i umodsys_lib_lib3d:umodsys.mod.3d.stdlib.obj
 0001:00003310       ?ref_remove@RVisual@object_primitive@stdlib@lib3d@modules@UModSys@@UEBAXXZ 0000000180004310 f i umodsys_lib_lib3d:umodsys.mod.3d.stdlib.obj
 0001:00003310       ?ref_remove@RVisual@object_camera@stdlib@lib3d@modules@UModSys@@UEBAXXZ 0000000180004310 f i umodsys_lib_lib3d:umodsys.mod.3d.stdlib.obj
 0001:00003330       ?ref_links@RVisual@object_camera@stdlib@lib3d@modules@UModSys@@UEBAHXZ 0000000180004330 f i umodsys_lib_lib3d:umodsys.mod.3d.stdlib.obj
 0001:00003330       ?ref_links@RVisual@object_primitive@stdlib@lib3d@modules@UModSys@@UEBAHXZ 0000000180004330 f i umodsys_lib_lib3d:umodsys.mod.3d.stdlib.obj
 0001:00003340       ?ref_weak@RVisual@object_primitive@stdlib@lib3d@modules@UModSys@@UEBA_NAEAUWeakPointer@IRefObject@core@6@@Z 0000000180004340 f i umodsys_lib_lib3d:umodsys.mod.3d.stdlib.obj
 0001:00003340       ?ref_weak@RVisual@object_camera@stdlib@lib3d@modules@UModSys@@UEBA_NAEAUWeakPointer@IRefObject@core@6@@Z 0000000180004340 f i umodsys_lib_lib3d:umodsys.mod.3d.stdlib.obj
 0001:00003370       ?suicide@RVisual@object_primitive@stdlib@lib3d@modules@UModSys@@UEAAXXZ 0000000180004370 f i umodsys_lib_lib3d:umodsys.mod.3d.stdlib.obj
 0001:00003370       ?suicide@RVisual@object_camera@stdlib@lib3d@modules@UModSys@@UEAAXXZ 0000000180004370 f i umodsys_lib_lib3d:umodsys.mod.3d.stdlib.obj
 0001:000033c0       ?root_get_interface_info@RGeneral@object_camera@stdlib@lib3d@modules@UModSys@@UEBAAEBUSUniquePointerInfo@core@6@XZ 00000001800043c0 f i umodsys_lib_lib3d:umodsys.mod.3d.stdlib.obj
 0001:000033d0       ?root_get_interface_type@RGeneral@object_camera@stdlib@lib3d@modules@UModSys@@UEBAPEBUSUniquePointerInfo@core@6@XZ 00000001800043d0 f i umodsys_lib_lib3d:umodsys.mod.3d.stdlib.obj
 0001:000033e0       ?root_get_other_interface@RGeneral@object_camera@stdlib@lib3d@modules@UModSys@@UEBAPEBUIRoot@core@6@PEBUSUniquePointerInfo@86@@Z 00000001800043e0 f i umodsys_lib_lib3d:umodsys.mod.3d.stdlib.obj
 0001:000033e0       ?root_get_other_interface@RGeneral@object_camera@stdlib@lib3d@modules@UModSys@@UEAAPEAUIRoot@core@6@PEBUSUniquePointerInfo@86@@Z 00000001800043e0 f i umodsys_lib_lib3d:umodsys.mod.3d.stdlib.obj
 0001:00003410       ?root_is_interface_supported@RGeneral@object_camera@stdlib@lib3d@modules@UModSys@@UEBA_NPEBUSUniquePointerInfo@core@6@@Z 0000000180004410 f i umodsys_lib_lib3d:umodsys.mod.3d.stdlib.obj
 0001:00003440       ?root_get_interface_info@RVisual@object_camera@stdlib@lib3d@modules@UModSys@@UEBAAEBUSUniquePointerInfo@core@6@XZ 0000000180004440 f i umodsys_lib_lib3d:umodsys.mod.3d.stdlib.obj
 0001:00003450       ?root_get_interface_type@RVisual@object_camera@stdlib@lib3d@modules@UModSys@@UEBAPEBUSUniquePointerInfo@core@6@XZ 0000000180004450 f i umodsys_lib_lib3d:umodsys.mod.3d.stdlib.obj
 0001:00003460       ?root_get_other_interface@RVisual@object_camera@stdlib@lib3d@modules@UModSys@@UEAAPEAUIRoot@core@6@PEBUSUniquePointerInfo@86@@Z 0000000180004460 f i umodsys_lib_lib3d:umodsys.mod.3d.stdlib.obj
 0001:00003460       ?root_get_other_interface@RVisual@object_camera@stdlib@lib3d@modules@UModSys@@UEBAPEBUIRoot@core@6@PEBUSUniquePointerInfo@86@@Z 0000000180004460 f i umodsys_lib_lib3d:umodsys.mod.3d.stdlib.obj
 0001:000034a0       ?root_is_interface_supported@RVisual@object_camera@stdlib@lib3d@modules@UModSys@@UEBA_NPEBUSUniquePointerInfo@core@6@@Z 00000001800044a0 f i umodsys_lib_lib3d:umodsys.mod.3d.stdlib.obj
 0001:000034e0       ?get_generated_names@RGenerator@stdlib@lib3d@modules@UModSys@@UEBAHAEAUSUniquePtrList@core@5@@Z 00000001800044e0 f i umodsys_lib_lib3d:umodsys.mod.3d.stdlib.obj
 0001:00003540       ?get_generated_types@RGenerator@stdlib@lib3d@modules@UModSys@@UEBAHAEAUSUniquePtrList@core@5@PEBUSUniquePointerInfo@75@@Z 0000000180004540 f i umodsys_lib_lib3d:umodsys.mod.3d.stdlib.obj
 0001:00003650       ?generate@RGenerator@stdlib@lib3d@modules@UModSys@@UEAA_NAEAU?$TRefObject@UIRefObject@core@UModSys@@U?$TRefObjectFunc@UIRefObject@core@UModSys@@@tl@3@@tl@5@PEBUSUniquePointerInfo@core@5@AEBUSParameters@95@@Z 0000000180004650 f i umodsys_lib_lib3d:umodsys.mod.3d.stdlib.obj
 0001:00003820       ?root_get_interface_info@RGenerator@stdlib@lib3d@modules@UModSys@@UEBAAEBUSUniquePointerInfo@core@5@XZ 0000000180004820 f i umodsys_lib_lib3d:umodsys.mod.3d.stdlib.obj
 0001:00003830       ?root_get_interface_type@RGenerator@stdlib@lib3d@modules@UModSys@@UEBAPEBUSUniquePointerInfo@core@5@XZ 0000000180004830 f i umodsys_lib_lib3d:umodsys.mod.3d.stdlib.obj
 0001:00003840       ?root_get_other_interface@RGenerator@stdlib@lib3d@modules@UModSys@@UEAAPEAUIRoot@core@5@PEBUSUniquePointerInfo@75@@Z 0000000180004840 f i umodsys_lib_lib3d:umodsys.mod.3d.stdlib.obj
 0001:00003840       ?root_get_other_interface@RGenerator@stdlib@lib3d@modules@UModSys@@UEBAPEBUIRoot@core@5@PEBUSUniquePointerInfo@75@@Z 0000000180004840 f i umodsys_lib_lib3d:umodsys.mod.3d.stdlib.obj
 0001:00003880       ?root_is_interface_supported@RGenerator@stdlib@lib3d@modules@UModSys@@UEBA_NPEBUSUniquePointerInfo@core@5@@Z 0000000180004880 f i umodsys_lib_lib3d:umodsys.mod.3d.stdlib.obj
 0001:000038c0       ?get_uid@RGenerator@stdlib@lib3d@modules@UModSys@@UEBAPEBUSUniquePointerInfo@core@5@XZ 00000001800048c0 f i umodsys_lib_lib3d:umodsys.mod.3d.stdlib.obj
 0001:000038d0       ??_ERRenderer@stdlib@lib3d@modules@UModSys@@UEAAPEAXI@Z 00000001800048d0 f i  CIL library: CIL module
 0001:000038d0       ??_GRRenderer@stdlib@lib3d@modules@UModSys@@UEAAPEAXI@Z 00000001800048d0 f i umodsys_lib_lib3d:umodsys.mod.3d.stdlib.obj
 0001:00003900       ??_ERVisualizerScene@stdlib@lib3d@modules@UModSys@@UEAAPEAXI@Z 0000000180004900 f i  CIL library: CIL module
 0001:00003900       ??_GRVisualizerScene@stdlib@lib3d@modules@UModSys@@UEAAPEAXI@Z 0000000180004900 f i umodsys_lib_lib3d:umodsys.mod.3d.stdlib.obj
 0001:00003930       ??_ERVisualSceneMapper_Direct@stdlib@lib3d@modules@UModSys@@UEAAPEAXI@Z 0000000180004930 f i  CIL library: CIL module
 0001:00003930       ??_GRVisualSceneMapper_Direct@stdlib@lib3d@modules@UModSys@@UEAAPEAXI@Z 0000000180004930 f i umodsys_lib_lib3d:umodsys.mod.3d.stdlib.obj
 0001:00003960       ??_ERGeneral@object_camera@stdlib@lib3d@modules@UModSys@@UEAAPEAXI@Z 0000000180004960 f i  CIL library: CIL module
 0001:00003960       ??_GRGeneral@object_camera@stdlib@lib3d@modules@UModSys@@UEAAPEAXI@Z 0000000180004960 f i umodsys_lib_lib3d:umodsys.mod.3d.stdlib.obj
 0001:00003990       ??_ERVisual@object_camera@stdlib@lib3d@modules@UModSys@@UEAAPEAXI@Z 0000000180004990 f i  CIL library: CIL module
 0001:00003990       ??_GRVisual@object_camera@stdlib@lib3d@modules@UModSys@@UEAAPEAXI@Z 0000000180004990 f i umodsys_lib_lib3d:umodsys.mod.3d.stdlib.obj
 0001:000039c0       ??_ERGeneral@object_primitive@stdlib@lib3d@modules@UModSys@@UEAAPEAXI@Z 00000001800049c0 f i  CIL library: CIL module
 0001:000039c0       ??_GRGeneral@object_primitive@stdlib@lib3d@modules@UModSys@@UEAAPEAXI@Z 00000001800049c0 f i umodsys_lib_lib3d:umodsys.mod.3d.stdlib.obj
 0001:000039f0       ??_ERRender@object_primitive@stdlib@lib3d@modules@UModSys@@UEAAPEAXI@Z 00000001800049f0 f i  CIL library: CIL module
 0001:000039f0       ??_GRRender@object_primitive@stdlib@lib3d@modules@UModSys@@UEAAPEAXI@Z 00000001800049f0 f i umodsys_lib_lib3d:umodsys.mod.3d.stdlib.obj
 0001:00003a20       ??1IRenderObject_Brush@lib3d@UModSys@@UEAA@XZ 0000000180004a20 f i umodsys_lib_lib3d:umodsys.mod.3d.stdlib.obj
 0001:00003a60       ??_ERVisual@object_primitive@stdlib@lib3d@modules@UModSys@@UEAAPEAXI@Z 0000000180004a60 f i  CIL library: CIL module
 0001:00003a60       ??_GRVisual@object_primitive@stdlib@lib3d@modules@UModSys@@UEAAPEAXI@Z 0000000180004a60 f i umodsys_lib_lib3d:umodsys.mod.3d.stdlib.obj
 0001:00003a90       ??1IBinObjFilter@libmedia@UModSys@@UEAA@XZ 0000000180004a90 f i plugin_test1.obj
 0001:00003a90       ??1IVisualObject_Camera@lib3d@UModSys@@UEAA@XZ 0000000180004a90 f i umodsys_lib_lib3d:umodsys.mod.3d.stdlib.obj
 0001:00003a90       ??1IVisualObject_Brush@lib3d@UModSys@@UEAA@XZ 0000000180004a90 f i umodsys_lib_lib3d:umodsys.mod.3d.stdlib.obj
 0001:00003ad0       ?do_open@RModuleReg@stdlib@lib3d@modules@UModSys@@UEAA_NXZ 0000000180004ad0 f i umodsys_lib_lib3d:umodsys.mod.3d.stdlib.obj
 0001:00003ae0       ?do_close@RModuleReg@stdlib@lib3d@modules@UModSys@@UEAA_NXZ 0000000180004ae0 f i umodsys_lib_lib3d:umodsys.mod.3d.stdlib.obj
 0001:00003af0       ??_ERModuleReg@stdlib@lib3d@modules@UModSys@@UEAAPEAXI@Z 0000000180004af0 f i  CIL library: CIL module
 0001:00003af0       ??_GRModuleReg@stdlib@lib3d@modules@UModSys@@UEAAPEAXI@Z 0000000180004af0 f i umodsys_lib_lib3d:umodsys.mod.3d.stdlib.obj
 0001:00003b20       ??1?$TRefObject@UIVisualObject_Camera@lib3d@UModSys@@U?$TRefObjectFunc@UIVisualObject_Camera@lib3d@UModSys@@@tl@3@@tl@UModSys@@QEAA@XZ 0000000180004b20 f i plugin_test1.obj
 0001:00003b20       ??1?$TRefObject@URMultiImage2D_SDL_ttf@SDL_GL@ui@modules@UModSys@@U?$TRefObjectFunc@URMultiImage2D_SDL_ttf@SDL_GL@ui@modules@UModSys@@@tl@5@@tl@UModSys@@QEAA@XZ 0000000180004b20 f i umodsys_lib_libui:umodsys.mod.ui.SDL_GL.obj
 0001:00003b20       ??1?$TRefObject@URImageFactory_Memory@stdlib@lib2d@modules@UModSys@@U?$TRefObjectFunc@URImageFactory_Memory@stdlib@lib2d@modules@UModSys@@@tl@5@@tl@UModSys@@QEAA@XZ 0000000180004b20 f i umodsys_lib_lib2d:umodsys.mod.2d.stdlib.obj
 0001:00003b20       ??1?$TRefObject@UIUtilities@libmedia@UModSys@@U?$TRefObjectFunc@UIUtilities@libmedia@UModSys@@@tl@3@@tl@UModSys@@QEAA@XZ 0000000180004b20 f i plugin_test1.obj
 0001:00003b20       ??1?$TRefObject@URGeneral@object_primitive@stdlib@lib3d@modules@UModSys@@U?$TRefObjectFunc@URGeneral@object_primitive@stdlib@lib3d@modules@UModSys@@@tl@6@@tl@UModSys@@QEAA@XZ 0000000180004b20 f i umodsys_lib_lib3d:umodsys.mod.3d.stdlib.obj
 0001:00003b20       ??1?$TRefObject@UIStreamReader@libmedia@UModSys@@U?$TRefObjectFunc@UIStreamReader@libmedia@UModSys@@@tl@3@@tl@UModSys@@QEAA@XZ 0000000180004b20 f i plugin_test1.obj
 0001:00003b20       ??1?$TRefObject@URGeneral@object_camera@stdlib@lib3d@modules@UModSys@@U?$TRefObjectFunc@URGeneral@object_camera@stdlib@lib3d@modules@UModSys@@@tl@6@@tl@UModSys@@QEAA@XZ 0000000180004b20 f i umodsys_lib_lib3d:umodsys.mod.3d.stdlib.obj
 0001:00003b20       ??1?$TRefObject@URVisualizerScene@stdlib@lib3d@modules@UModSys@@U?$TRefObjectFunc@URVisualizerScene@stdlib@lib3d@modules@UModSys@@@tl@5@@tl@UModSys@@QEAA@XZ 0000000180004b20 f i umodsys_lib_lib3d:umodsys.mod.3d.stdlib.obj
 0001:00003b20       ??1?$TRefObject@URTerminalX@SDL_GL@ui@modules@UModSys@@U?$TRefObjectFunc@URTerminalX@SDL_GL@ui@modules@UModSys@@@tl@5@@tl@UModSys@@QEAA@XZ 0000000180004b20 f i umodsys_lib_libui:umodsys.mod.ui.SDL_GL.obj
 0001:00003b20       ??1?$TRefObject@URMultiImage2D_SDL_ttf@SDL_core@ui@modules@UModSys@@U?$TRefObjectFunc@URMultiImage2D_SDL_ttf@SDL_core@ui@modules@UModSys@@@tl@5@@tl@UModSys@@QEAA@XZ 0000000180004b20 f i umodsys_lib_libui:umodsys.mod.ui.SDL_core.obj
 0001:00003b20       ??1?$TRefObject@UIKeyboardController@libui@UModSys@@U?$TRefObjectFunc@UIKeyboardController@libui@UModSys@@@tl@3@@tl@UModSys@@QEAA@XZ 0000000180004b20 f i plugin_test1.obj
 0001:00003b20       ??1?$TRefObject@UIMultiImage@lib2d@UModSys@@U?$TRefObjectFunc@UIMultiImage@lib2d@UModSys@@@tl@3@@tl@UModSys@@QEAA@XZ 0000000180004b20 f i plugin_test1.obj
 0001:00003b20       ??1?$TRefObject@URMultiImage@stdlib@lib2d@modules@UModSys@@U?$TRefObjectFunc@URMultiImage@stdlib@lib2d@modules@UModSys@@@tl@5@@tl@UModSys@@QEAA@XZ 0000000180004b20 f i umodsys_lib_lib2d:umodsys.mod.2d.stdlib.obj
 0001:00003b20       ??1?$TRefObject@URImage_Memory@stdlib@lib2d@modules@UModSys@@U?$TRefObjectFunc@URImage_Memory@stdlib@lib2d@modules@UModSys@@@tl@5@@tl@UModSys@@QEAA@XZ 0000000180004b20 f i umodsys_lib_lib2d:umodsys.mod.2d.stdlib.obj
 0001:00003b20       ??1?$TRefObject@URRenderDriver2D@SDL_core@ui@modules@UModSys@@U?$TRefObjectFunc@URRenderDriver2D@SDL_core@ui@modules@UModSys@@@tl@5@@tl@UModSys@@QEAA@XZ 0000000180004b20 f i umodsys_lib_libui:umodsys.mod.ui.SDL_core.obj
 0001:00003b20       ??1?$TRefObject@URBinArchiveFrameClient_ZIP@zlib@media@modules@UModSys@@U?$TRefObjectFunc@URBinArchiveFrameClient_ZIP@zlib@media@modules@UModSys@@@tl@5@@tl@UModSys@@QEAA@XZ 0000000180004b20 f i umodsys_lib_libmedia:umodsys.mod.media.zlib.obj
 0001:00003b20       ??1?$TRefObject@URSerializeReader@serialize_json@media@modules@UModSys@@U?$TRefObjectFunc@URSerializeReader@serialize_json@media@modules@UModSys@@@tl@5@@tl@UModSys@@QEAA@XZ 0000000180004b20 f i umodsys_lib_libmedia:umodsys.mod.media.serialize_json.obj
 0001:00003b20       ??1?$TRefObject@URVertexArray@SDL_GL@ui@modules@UModSys@@U?$TRefObjectFunc@URVertexArray@SDL_GL@ui@modules@UModSys@@@tl@5@@tl@UModSys@@QEAA@XZ 0000000180004b20 f i umodsys_lib_libui:umodsys.mod.ui.SDL_GL.obj
 0001:00003b20       ??1?$TRefObject@UIImage@lib2d@UModSys@@U?$TRefObjectFunc@UIImage@lib2d@UModSys@@@tl@3@@tl@UModSys@@QEAA@XZ 0000000180004b20 f i plugin_test1.obj
 0001:00003b20       ??1?$TRefObject@UIVisualizerScene@lib3d@UModSys@@U?$TRefObjectFunc@UIVisualizerScene@lib3d@UModSys@@@tl@3@@tl@UModSys@@QEAA@XZ 0000000180004b20 f i plugin_test1.obj
 0001:00003b20       ??1?$TRefObject@URSerializeWriter@serialize_json@media@modules@UModSys@@U?$TRefObjectFunc@URSerializeWriter@serialize_json@media@modules@UModSys@@@tl@5@@tl@UModSys@@QEAA@XZ 0000000180004b20 f i umodsys_lib_libmedia:umodsys.mod.media.serialize_json.obj
 0001:00003b20       ??1?$TRefObject@UIRenderDriver@lib3d@UModSys@@U?$TRefObjectFunc@UIRenderDriver@lib3d@UModSys@@@tl@3@@tl@UModSys@@QEAA@XZ 0000000180004b20 f i plugin_test1.obj
 0001:00003b20       ??1?$TRefObject@URRender@object_primitive@stdlib@lib3d@modules@UModSys@@U?$TRefObjectFunc@URRender@object_primitive@stdlib@lib3d@modules@UModSys@@@tl@6@@tl@UModSys@@QEAA@XZ 0000000180004b20 f i umodsys_lib_lib3d:umodsys.mod.3d.stdlib.obj
 0001:00003b20       ??1?$TRefObject@UICollector@libui@UModSys@@U?$TRefObjectFunc@UICollector@libui@UModSys@@@tl@3@@tl@UModSys@@QEAA@XZ 0000000180004b20 f i plugin_test1.obj
 0001:00003b20       ??1?$TRefObject@UIGeneralObject@lib3d@UModSys@@U?$TRefObjectFunc@UIGeneralObject@lib3d@UModSys@@@tl@3@@tl@UModSys@@QEAA@XZ 0000000180004b20 f i plugin_test1.obj
 0001:00003b20       ??1?$TRefObject@URVisualSceneMapper_Direct@stdlib@lib3d@modules@UModSys@@U?$TRefObjectFunc@URVisualSceneMapper_Direct@stdlib@lib3d@modules@UModSys@@@tl@5@@tl@UModSys@@QEAA@XZ 0000000180004b20 f i umodsys_lib_lib3d:umodsys.mod.3d.stdlib.obj
 0001:00003b20       ??1?$TRefObject@URFrame_Common@frames@ui@modules@UModSys@@U?$TRefObjectFunc@URFrame_Common@frames@ui@modules@UModSys@@@tl@5@@tl@UModSys@@QEAA@XZ 0000000180004b20 f i umodsys_lib_libui:umodsys.mod.ui.frames.obj
 0001:00003b20       ??1?$TRefObject@UIScene@lib3d@UModSys@@U?$TRefObjectFunc@UIScene@lib3d@UModSys@@@tl@3@@tl@UModSys@@QEAA@XZ 0000000180004b20 f i umodsys_lib_lib3d:umodsys.mod.3d.stdlib.obj
 0001:00003b20       ??1?$TRefObject@URRenderer@stdlib@lib3d@modules@UModSys@@U?$TRefObjectFunc@URRenderer@stdlib@lib3d@modules@UModSys@@@tl@5@@tl@UModSys@@QEAA@XZ 0000000180004b20 f i umodsys_lib_lib3d:umodsys.mod.3d.stdlib.obj
 0001:00003b20       ??1?$TRefObject@UIVertexArray@lib3d@UModSys@@U?$TRefObjectFunc@UIVertexArray@lib3d@UModSys@@@tl@3@@tl@UModSys@@QEAA@XZ 0000000180004b20 f i plugin_test1.obj
 0001:00003b20       ??1?$TRefObject@UIRefObject@core@UModSys@@U?$TRefObjectFunc@UIRefObject@core@UModSys@@@tl@3@@tl@UModSys@@QEAA@XZ 0000000180004b20 f i plugin_test1.obj
 0001:00003b20       ??1?$TRefObject@UIFrame@libui@UModSys@@U?$TRefObjectFunc@UIFrame@libui@UModSys@@@tl@3@@tl@UModSys@@QEAA@XZ 0000000180004b20 f i umodsys_lib_libui:umodsys.mod.ui.frames.obj
 0001:00003b20       ??1?$TRefObject@UIRenderDriver@lib2d@UModSys@@U?$TRefObjectFunc@UIRenderDriver@lib2d@UModSys@@@tl@3@@tl@UModSys@@QEAA@XZ 0000000180004b20 f i plugin_test1.obj
 0001:00003b20       ??1?$TRefObject@UIImageFactory@lib2d@UModSys@@U?$TRefObjectFunc@UIImageFactory@lib2d@UModSys@@@tl@3@@tl@UModSys@@QEAA@XZ 0000000180004b20 f i plugin_test1.obj
 0001:00003b20       ??1?$TRefObject@URDialog@frames@ui@modules@UModSys@@U?$TRefObjectFunc@URDialog@frames@ui@modules@UModSys@@@tl@5@@tl@UModSys@@QEAA@XZ 0000000180004b20 f i umodsys_lib_libui:umodsys.mod.ui.frames.obj
 0001:00003b20       ??1?$TRefObject@UIMouseController@libui@UModSys@@U?$TRefObjectFunc@UIMouseController@libui@UModSys@@@tl@3@@tl@UModSys@@QEAA@XZ 0000000180004b20 f i plugin_test1.obj
 0001:00003b20       ??1?$TRefObject@UITerminal@libui@UModSys@@U?$TRefObjectFunc@UITerminal@libui@UModSys@@@tl@3@@tl@UModSys@@QEAA@XZ 0000000180004b20 f i plugin_test1.obj
 0001:00003b20       ??1?$TRefObject@UIRenderer@lib3d@UModSys@@U?$TRefObjectFunc@UIRenderer@lib3d@UModSys@@@tl@3@@tl@UModSys@@QEAA@XZ 0000000180004b20 f i plugin_test1.obj
 0001:00003b20       ??1?$TRefObject@URTerminalX@SDL_core@ui@modules@UModSys@@U?$TRefObjectFunc@URTerminalX@SDL_core@ui@modules@UModSys@@@tl@5@@tl@UModSys@@QEAA@XZ 0000000180004b20 f i umodsys_lib_libui:umodsys.mod.ui.SDL_core.obj
 0001:00003b20       ??1?$TRefObject@URMediaFilter@images_std@media@modules@UModSys@@U?$TRefObjectFunc@URMediaFilter@images_std@media@modules@UModSys@@@tl@5@@tl@UModSys@@QEAA@XZ 0000000180004b20 f i umodsys_lib_libmedia:umodsys.mod.media.images_std.obj
 0001:00003b20       ??1?$TRefObject@UIRenderObject@lib3d@UModSys@@U?$TRefObjectFunc@UIRenderObject@lib3d@UModSys@@@tl@3@@tl@UModSys@@QEAA@XZ 0000000180004b20 f i plugin_test1.obj
 0001:00003b20       ??1?$TRefObject@URCollector@frames@ui@modules@UModSys@@U?$TRefObjectFunc@URCollector@frames@ui@modules@UModSys@@@tl@5@@tl@UModSys@@QEAA@XZ 0000000180004b20 f i umodsys_lib_libui:umodsys.mod.ui.frames.obj
 0001:00003b20       ??1?$TRefObject@UIVisualObject@lib3d@UModSys@@U?$TRefObjectFunc@UIVisualObject@lib3d@UModSys@@@tl@3@@tl@UModSys@@QEAA@XZ 0000000180004b20 f i plugin_test1.obj
 0001:00003b20       ??1?$TRefObject@UIStreamWriter@libmedia@UModSys@@U?$TRefObjectFunc@UIStreamWriter@libmedia@UModSys@@@tl@3@@tl@UModSys@@QEAA@XZ 0000000180004b20 f i plugin_test1.obj
 0001:00003b20       ??1?$TRefObject@URRenderDriver3D@SDL_GL@ui@modules@UModSys@@U?$TRefObjectFunc@URRenderDriver3D@SDL_GL@ui@modules@UModSys@@@tl@5@@tl@UModSys@@QEAA@XZ 0000000180004b20 f i umodsys_lib_libui:umodsys.mod.ui.SDL_GL.obj
 0001:00003b50       ??1?$TRStackSocket@PEAUIVisualObject@lib3d@UModSys@@U?$TDynarrayDynamic@PEAUIVisualObject@lib3d@UModSys@@U?$TAllocator@USIMemAlloc@core@UModSys@@USCountCalcPower2@23@@tl@3@@tl@3@@tl@UModSys@@QEAA@XZ 0000000180004b50 f i umodsys_lib_lib3d:umodsys.mod.3d.stdlib.obj
 0001:00003b60       ?isempty@?$TRStackSocket@PEAUIVisualObject@lib3d@UModSys@@U?$TDynarrayDynamic@PEAUIVisualObject@lib3d@UModSys@@U?$TAllocator@USIMemAlloc@core@UModSys@@USCountCalcPower2@23@@tl@3@@tl@3@@tl@UModSys@@UEBA_NXZ 0000000180004b60 f i umodsys_lib_lib3d:umodsys.mod.3d.stdlib.obj
 0001:00003b70       ?push@?$TRStackSocket@PEAUIVisualObject@lib3d@UModSys@@U?$TDynarrayDynamic@PEAUIVisualObject@lib3d@UModSys@@U?$TAllocator@USIMemAlloc@core@UModSys@@USCountCalcPower2@23@@tl@3@@tl@3@@tl@UModSys@@UEAA_NAEBQEAUIVisualObject@lib3d@3@@Z 0000000180004b70 f i umodsys_lib_lib3d:umodsys.mod.3d.stdlib.obj
 0001:00003bd0       ?pop@?$TRStackSocket@PEAUIVisualObject@lib3d@UModSys@@U?$TDynarrayDynamic@PEAUIVisualObject@lib3d@UModSys@@U?$TAllocator@USIMemAlloc@core@UModSys@@USCountCalcPower2@23@@tl@3@@tl@3@@tl@UModSys@@UEAA_NAEAPEAUIVisualObject@lib3d@3@@Z 0000000180004bd0 f i umodsys_lib_lib3d:umodsys.mod.3d.stdlib.obj
 0001:00003c00       ??1?$TDynarray@U?$TDynarrayHolderDynamic@UScene@IVisualizerScene@lib3d@UModSys@@U?$TAllocator@USIMemAlloc@core@UModSys@@USCountCalcPower2@23@@tl@4@@tl@UModSys@@@tl@UModSys@@QEAA@XZ 0000000180004c00 f i umodsys_lib_lib3d:umodsys.mod.3d.stdlib.obj
 0001:00003c70       ?Free@?$TDynarray@U?$TDynarrayHolderDynamic@PEAUIVisualObject@lib3d@UModSys@@U?$TAllocator@USIMemAlloc@core@UModSys@@USCountCalcPower2@23@@tl@3@@tl@UModSys@@@tl@UModSys@@QEAA_NXZ 0000000180004c70 f i umodsys_lib_lib3d:umodsys.mod.3d.stdlib.obj
 0001:00003cf0       ?Push@?$TDynarray@U?$TDynarrayHolderDynamic@UScene@IVisualizerScene@lib3d@UModSys@@U?$TAllocator@USIMemAlloc@core@UModSys@@USCountCalcPower2@23@@tl@4@@tl@UModSys@@@tl@UModSys@@QEAA_NAEBUScene@IVisualizerScene@lib3d@3@@Z 0000000180004cf0 f i umodsys_lib_lib3d:umodsys.mod.3d.stdlib.obj
 0001:00003d80       ?ResizeRel@?$TDynarray@U?$TDynarrayHolderDynamic@UScene@IVisualizerScene@lib3d@UModSys@@U?$TAllocator@USIMemAlloc@core@UModSys@@USCountCalcPower2@23@@tl@4@@tl@UModSys@@@tl@UModSys@@QEAA_N_J@Z 0000000180004d80 f i umodsys_lib_lib3d:umodsys.mod.3d.stdlib.obj
 0001:00003e40       ?RemoveAt@?$TDynarray@U?$TDynarrayHolderDynamic@UScene@IVisualizerScene@lib3d@UModSys@@U?$TAllocator@USIMemAlloc@core@UModSys@@USCountCalcPower2@23@@tl@4@@tl@UModSys@@@tl@UModSys@@QEAA_N_K0@Z 0000000180004e40 f i umodsys_lib_lib3d:umodsys.mod.3d.stdlib.obj
 0001:00003ec0       ?amoveleft@?$TTypeConstructor@UScene@IVisualizerScene@lib3d@UModSys@@@tl@UModSys@@SAXPEAUScene@IVisualizerScene@lib3d@3@_K11@Z 0000000180004ec0 f i umodsys_lib_lib3d:umodsys.mod.3d.stdlib.obj
 0001:00003f80       ?adestruct@?$TTypeConstructor@UScene@IVisualizerScene@lib3d@UModSys@@@tl@UModSys@@SAXPEAUScene@IVisualizerScene@lib3d@3@_K@Z 0000000180004f80 f i umodsys_lib_lib3d:umodsys.mod.3d.stdlib.obj
 0001:00004000       ??$ValidateConstruction@UIRefObject@core@UModSys@@URRenderer@stdlib@lib3d@modules@3@@core@UModSys@@YA_NAEAU?$TRefObject@UIRefObject@core@UModSys@@U?$TRefObjectFunc@UIRefObject@core@UModSys@@@tl@3@@tl@1@PEAURRenderer@stdlib@lib3d@modules@1@@Z 0000000180005000 f i umodsys_lib_lib3d:umodsys.mod.3d.stdlib.obj
 0001:00004000       ??$ValidateConstruction@UIRefObject@core@UModSys@@URVisualSceneMapper_Direct@stdlib@lib3d@modules@3@@core@UModSys@@YA_NAEAU?$TRefObject@UIRefObject@core@UModSys@@U?$TRefObjectFunc@UIRefObject@core@UModSys@@@tl@3@@tl@1@PEAURVisualSceneMapper_Direct@stdlib@lib3d@modules@1@@Z 0000000180005000 f i umodsys_lib_lib3d:umodsys.mod.3d.stdlib.obj
 0001:00004000       ??$ValidateConstruction@UIRefObject@core@UModSys@@URImageFactory_Memory@stdlib@lib2d@modules@3@@core@UModSys@@YA_NAEAU?$TRefObject@UIRefObject@core@UModSys@@U?$TRefObjectFunc@UIRefObject@core@UModSys@@@tl@3@@tl@1@PEAURImageFactory_Memory@stdlib@lib2d@modules@1@@Z 0000000180005000 f i umodsys_lib_lib2d:umodsys.mod.2d.stdlib.obj
 0001:00004000       ??$ValidateConstruction@UIRefObject@core@UModSys@@URMediaFilter@images_std@media@modules@3@@core@UModSys@@YA_NAEAU?$TRefObject@UIRefObject@core@UModSys@@U?$TRefObjectFunc@UIRefObject@core@UModSys@@@tl@3@@tl@1@PEAURMediaFilter@images_std@media@modules@1@@Z 0000000180005000 f i umodsys_lib_libmedia:umodsys.mod.media.images_std.obj
 0001:00004000       ??$ValidateConstruction@UIImage@lib2d@UModSys@@URImage_Memory@stdlib@2modules@3@@core@UModSys@@YA_NAEAU?$TRefObject@UIImage@lib2d@UModSys@@U?$TRefObjectFunc@UIImage@lib2d@UModSys@@@tl@3@@tl@1@PEAURImage_Memory@stdlib@lib2d@modules@1@@Z 0000000180005000 f i umodsys_lib_lib2d:umodsys.mod.2d.stdlib.obj
 0001:00004000       ??$ValidateConstruction@UIRefObject@core@UModSys@@URGeneral@object_camera@stdlib@lib3d@modules@3@@core@UModSys@@YA_NAEAU?$TRefObject@UIRefObject@core@UModSys@@U?$TRefObjectFunc@UIRefObject@core@UModSys@@@tl@3@@tl@1@PEAURGeneral@object_camera@stdlib@lib3d@modules@1@@Z 0000000180005000 f i umodsys_lib_lib3d:umodsys.mod.3d.stdlib.obj
 0001:00004000       ??$ValidateConstruction@UIRefObject@core@UModSys@@URGeneral@object_primitive@stdlib@lib3d@modules@3@@core@UModSys@@YA_NAEAU?$TRefObject@UIRefObject@core@UModSys@@U?$TRefObjectFunc@UIRefObject@core@UModSys@@@tl@3@@tl@1@PEAURGeneral@object_primitive@stdlib@lib3d@modules@1@@Z 0000000180005000 f i umodsys_lib_lib3d:umodsys.mod.3d.stdlib.obj
 0001:00004000       ??$ValidateConstruction@UIRefObject@core@UModSys@@URImage_Memory@stdlib@lib2d@modules@3@@core@UModSys@@YA_NAEAU?$TRefObject@UIRefObject@core@UModSys@@U?$TRefObjectFunc@UIRefObject@core@UModSys@@@tl@3@@tl@1@PEAURImage_Memory@stdlib@lib2d@modules@1@@Z 0000000180005000 f i umodsys_lib_lib2d:umodsys.mod.2d.stdlib.obj
 0001:00004000       ??$ValidateConstruction@UIRefObject@core@UModSys@@URTerminalX@SDL_core@ui@modules@3@@core@UModSys@@YA_NAEAU?$TRefObject@UIRefObject@core@UModSys@@U?$TRefObjectFunc@UIRefObject@core@UModSys@@@tl@3@@tl@1@PEAURTerminalX@SDL_core@ui@modules@1@@Z 0000000180005000 f i umodsys_lib_libui:umodsys.mod.ui.SDL_core.obj
 0001:00004000       ??$ValidateConstruction@UIRefObject@core@UModSys@@URTerminalX@SDL_GL@ui@modules@3@@core@UModSys@@YA_NAEAU?$TRefObject@UIRefObject@core@UModSys@@U?$TRefObjectFunc@UIRefObject@core@UModSys@@@tl@3@@tl@1@PEAURTerminalX@SDL_GL@ui@modules@1@@Z 0000000180005000 f i umodsys_lib_libui:umodsys.mod.ui.SDL_GL.obj
 0001:00004000       ??$ValidateConstruction@UIRefObject@core@UModSys@@URVisualizerScene@stdlib@lib3d@modules@3@@core@UModSys@@YA_NAEAU?$TRefObject@UIRefObject@core@UModSys@@U?$TRefObjectFunc@UIRefObject@core@UModSys@@@tl@3@@tl@1@PEAURVisualizerScene@stdlib@lib3d@modules@1@@Z 0000000180005000 f i umodsys_lib_lib3d:umodsys.mod.3d.stdlib.obj
 0001:00004070       ??$process_nodes_r@U?$TNodeDeleter0@U?$TScatterArrayNode@U?$TRefObject@UIVisualObject@lib3d@UModSys@@U?$TRefObjectFunc@UIVisualObject@lib3d@UModSys@@@tl@3@@tl@UModSys@@PEBUISceneNode@lib3d@3@@tl@UModSys@@@tl@UModSys@@@?$TTreeHoldRB@U?$TScatterArrayNode@U?$TRefObject@UIVisualObject@lib3d@UModSys@@U?$TRefObjectFunc@UIVisualObject@lib3d@UModSys@@@tl@3@@tl@UModSys@@PEBUISceneNode@lib3d@3@@tl@UModSys@@@tl@UModSys@@KAHPEAU?$TScatterArrayNode@U?$TRefObject@UIVisualObject@lib3d@UModSys@@U?$TRefObjectFunc@UIVisualObject@lib3d@UModSys@@@tl@3@@tl@UModSys@@PEBUISceneNode@lib3d@3@@12@AEBU?$TNodeDeleter0@U?$TScatterArrayNode@U?$TRefObject@UIVisualObject@lib3d@UModSys@@U?$TRefObjectFunc@UIVisualObject@lib3d@UModSys@@@tl@3@@tl@UModSys@@PEBUISceneNode@lib3d@3@@tl@UModSys@@@12@@Z 0000000180005070 f i umodsys_lib_lib3d:umodsys.mod.3d.stdlib.obj
 0001:000040f0       ?root_get_interface_info@RImage_Memory@stdlib@lib2d@modules@UModSys@@UEBAAEBUSUniquePointerInfo@core@5@XZ 00000001800050f0 f i umodsys_lib_lib2d:umodsys.mod.2d.stdlib.obj
 0001:00004100       ?root_get_interface_type@RImage_Memory@stdlib@lib2d@modules@UModSys@@UEBAPEBUSUniquePointerInfo@core@5@XZ 0000000180005100 f i umodsys_lib_lib2d:umodsys.mod.2d.stdlib.obj
 0001:00004110       ?root_get_other_interface@RImage_Memory@stdlib@lib2d@modules@UModSys@@UEBAPEBUIRoot@core@5@PEBUSUniquePointerInfo@75@@Z 0000000180005110 f i umodsys_lib_lib2d:umodsys.mod.2d.stdlib.obj
 0001:00004110       ?root_get_other_interface@RImage_Memory@stdlib@lib2d@modules@UModSys@@UEAAPEAUIRoot@core@5@PEBUSUniquePointerInfo@75@@Z 0000000180005110 f i umodsys_lib_lib2d:umodsys.mod.2d.stdlib.obj
 0001:00004140       ?root_is_interface_supported@RImage_Memory@stdlib@lib2d@modules@UModSys@@UEBA_NPEBUSUniquePointerInfo@core@5@@Z 0000000180005140 f i umodsys_lib_lib2d:umodsys.mod.2d.stdlib.obj
 0001:00004170       ?root_get_interface_info@RImageFactory_Memory@stdlib@lib2d@modules@UModSys@@UEBAAEBUSUniquePointerInfo@core@5@XZ 0000000180005170 f i umodsys_lib_lib2d:umodsys.mod.2d.stdlib.obj
 0001:00004180       ?root_get_interface_type@RImageFactory_Memory@stdlib@lib2d@modules@UModSys@@UEBAPEBUSUniquePointerInfo@core@5@XZ 0000000180005180 f i umodsys_lib_lib2d:umodsys.mod.2d.stdlib.obj
 0001:00004190       ?root_get_other_interface@RImageFactory_Memory@stdlib@lib2d@modules@UModSys@@UEAAPEAUIRoot@core@5@PEBUSUniquePointerInfo@75@@Z 0000000180005190 f i umodsys_lib_lib2d:umodsys.mod.2d.stdlib.obj
 0001:00004190       ?root_get_other_interface@RImageFactory_Memory@stdlib@lib2d@modules@UModSys@@UEBAPEBUIRoot@core@5@PEBUSUniquePointerInfo@75@@Z 0000000180005190 f i umodsys_lib_lib2d:umodsys.mod.2d.stdlib.obj
 0001:000041c0       ?root_is_interface_supported@RImageFactory_Memory@stdlib@lib2d@modules@UModSys@@UEBA_NPEBUSUniquePointerInfo@core@5@@Z 00000001800051c0 f i umodsys_lib_lib2d:umodsys.mod.2d.stdlib.obj
 0001:000041f0       ?root_get_interface_info@RMultiImage@stdlib@lib2d@modules@UModSys@@UEBAAEBUSUniquePointerInfo@core@5@XZ 00000001800051f0 f i umodsys_lib_lib2d:umodsys.mod.2d.stdlib.obj
 0001:00004200       ?root_get_interface_type@RMultiImage@stdlib@lib2d@modules@UModSys@@UEBAPEBUSUniquePointerInfo@core@5@XZ 0000000180005200 f i umodsys_lib_lib2d:umodsys.mod.2d.stdlib.obj
 0001:00004210       ?root_get_other_interface@RMultiImage@stdlib@lib2d@modules@UModSys@@UEBAPEBUIRoot@core@5@PEBUSUniquePointerInfo@75@@Z 0000000180005210 f i umodsys_lib_lib2d:umodsys.mod.2d.stdlib.obj
 0001:00004210       ?root_get_other_interface@RMultiImage@stdlib@lib2d@modules@UModSys@@UEAAPEAUIRoot@core@5@PEBUSUniquePointerInfo@75@@Z 0000000180005210 f i umodsys_lib_lib2d:umodsys.mod.2d.stdlib.obj
 0001:00004240       ?root_is_interface_supported@RMultiImage@stdlib@lib2d@modules@UModSys@@UEBA_NPEBUSUniquePointerInfo@core@5@@Z 0000000180005240 f i umodsys_lib_lib2d:umodsys.mod.2d.stdlib.obj
 0001:00004270       ?get_generated_names@RGenerator@stdlib@lib2d@modules@UModSys@@UEBAHAEAUSUniquePtrList@core@5@@Z 0000000180005270 f i umodsys_lib_lib2d:umodsys.mod.2d.stdlib.obj
 0001:000042c0       ?get_generated_types@RGenerator@stdlib@lib2d@modules@UModSys@@UEBAHAEAUSUniquePtrList@core@5@PEBUSUniquePointerInfo@75@@Z 00000001800052c0 f i umodsys_lib_lib2d:umodsys.mod.2d.stdlib.obj
 0001:00004360       ?generate@RGenerator@stdlib@lib2d@modules@UModSys@@UEAA_NAEAU?$TRefObject@UIRefObject@core@UModSys@@U?$TRefObjectFunc@UIRefObject@core@UModSys@@@tl@3@@tl@5@PEBUSUniquePointerInfo@core@5@AEBUSParameters@95@@Z 0000000180005360 f i umodsys_lib_lib2d:umodsys.mod.2d.stdlib.obj
 0001:00004490       ?root_get_interface_info@RGenerator@stdlib@lib2d@modules@UModSys@@UEBAAEBUSUniquePointerInfo@core@5@XZ 0000000180005490 f i umodsys_lib_lib2d:umodsys.mod.2d.stdlib.obj
 0001:000044a0       ?root_get_interface_type@RGenerator@stdlib@lib2d@modules@UModSys@@UEBAPEBUSUniquePointerInfo@core@5@XZ 00000001800054a0 f i umodsys_lib_lib2d:umodsys.mod.2d.stdlib.obj
 0001:000044b0       ?root_get_other_interface@RGenerator@stdlib@lib2d@modules@UModSys@@UEBAPEBUIRoot@core@5@PEBUSUniquePointerInfo@75@@Z 00000001800054b0 f i umodsys_lib_lib2d:umodsys.mod.2d.stdlib.obj
 0001:000044b0       ?root_get_other_interface@RGenerator@stdlib@lib2d@modules@UModSys@@UEAAPEAUIRoot@core@5@PEBUSUniquePointerInfo@75@@Z 00000001800054b0 f i umodsys_lib_lib2d:umodsys.mod.2d.stdlib.obj
 0001:000044f0       ?root_is_interface_supported@RGenerator@stdlib@lib2d@modules@UModSys@@UEBA_NPEBUSUniquePointerInfo@core@5@@Z 00000001800054f0 f i umodsys_lib_lib2d:umodsys.mod.2d.stdlib.obj
 0001:00004530       ?ref_add@RMultiImage2D_SDL_ttf@SDL_core@ui@modules@UModSys@@UEBAXXZ 0000000180005530 f i umodsys_lib_libui:umodsys.mod.ui.SDL_core.obj
 0001:00004530       ?ref_add@RGenerator@test1@test@modules@UModSys@@UEBAXXZ 0000000180005530 f i plugin_test1.obj
 0001:00004530       ?ref_add@RMultiImage@stdlib@lib2d@modules@UModSys@@UEBAXXZ 0000000180005530 f i umodsys_lib_lib2d:umodsys.mod.2d.stdlib.obj
 0001:00004530       ?ref_add@RSerializeReader@serialize_json@media@modules@UModSys@@UEBAXXZ 0000000180005530 f i umodsys_lib_libmedia:umodsys.mod.media.serialize_json.obj
 0001:00004530       ?ref_add@RBinArchiveFrameClient_ZIP@zlib@media@modules@UModSys@@UEBAXXZ 0000000180005530 f i umodsys_lib_libmedia:umodsys.mod.media.zlib.obj
 0001:00004530       ?ref_add@RGenerator@stdlib@lib3d@modules@UModSys@@UEBAXXZ 0000000180005530 f i umodsys_lib_lib3d:umodsys.mod.3d.stdlib.obj
 0001:00004530       ?ref_add@RImage_Memory@stdlib@lib2d@modules@UModSys@@UEBAXXZ 0000000180005530 f i umodsys_lib_lib2d:umodsys.mod.2d.stdlib.obj
 0001:00004530       ?ref_add@RDialog@frames@ui@modules@UModSys@@UEBAXXZ 0000000180005530 f i umodsys_lib_libui:umodsys.mod.ui.frames.obj
 0001:00004530       ?ref_add@RTerminal@SDL_GL@ui@modules@UModSys@@UEBAXXZ 0000000180005530 f i umodsys_lib_libui:umodsys.mod.ui.SDL_GL.obj
 0001:00004530       ?ref_add@RImageFactory_Memory@stdlib@lib2d@modules@UModSys@@UEBAXXZ 0000000180005530 f i umodsys_lib_lib2d:umodsys.mod.2d.stdlib.obj
 0001:00004530       ?ref_add@RGenerator@SDL_GL@ui@modules@UModSys@@UEBAXXZ 0000000180005530 f i umodsys_lib_libui:umodsys.mod.ui.SDL_GL.obj
 0001:00004530       ?ref_add@RGenerator@SDL_core@ui@modules@UModSys@@UEBAXXZ 0000000180005530 f i umodsys_lib_libui:umodsys.mod.ui.SDL_core.obj
 0001:00004530       ?ref_add@RGenerator@zlib@media@modules@UModSys@@UEBAXXZ 0000000180005530 f i umodsys_lib_libmedia:umodsys.mod.media.zlib.obj
 0001:00004530       ?ref_add@RGenerator@frames@ui@modules@UModSys@@UEBAXXZ 0000000180005530 f i umodsys_lib_libui:umodsys.mod.ui.frames.obj
 0001:00004530       ?ref_add@RVertexArray@SDL_GL@ui@modules@UModSys@@UEBAXXZ 0000000180005530 f i umodsys_lib_libui:umodsys.mod.ui.SDL_GL.obj
 0001:00004530       ?ref_add@RVisualizerScene@stdlib@lib3d@modules@UModSys@@UEBAXXZ 0000000180005530 f i umodsys_lib_lib3d:umodsys.mod.3d.stdlib.obj
 0001:00004530       ?ref_add@RGenerator@stdlib@lib2d@modules@UModSys@@UEBAXXZ 0000000180005530 f i umodsys_lib_lib2d:umodsys.mod.2d.stdlib.obj
 0001:00004530       ?ref_add@RGenerator@serialize_json@media@modules@UModSys@@UEBAXXZ 0000000180005530 f i umodsys_lib_libmedia:umodsys.mod.media.serialize_json.obj
 0001:00004530       ?ref_add@RGeneral@object_primitive@stdlib@lib3d@modules@UModSys@@UEBAXXZ 0000000180005530 f i umodsys_lib_lib3d:umodsys.mod.3d.stdlib.obj
 0001:00004530       ?ref_add@RTerminal@SDL_core@ui@modules@UModSys@@UEBAXXZ 0000000180005530 f i umodsys_lib_libui:umodsys.mod.ui.SDL_core.obj
 0001:00004530       ?ref_add@RGeneral@object_camera@stdlib@lib3d@modules@UModSys@@UEBAXXZ 0000000180005530 f i umodsys_lib_lib3d:umodsys.mod.3d.stdlib.obj
 0001:00004530       ?ref_add@RGenerator@images_std@media@modules@UModSys@@UEBAXXZ 0000000180005530 f i umodsys_lib_libmedia:umodsys.mod.media.images_std.obj
 0001:00004530       ?ref_add@RMultiImage2D_SDL_ttf@SDL_GL@ui@modules@UModSys@@UEBAXXZ 0000000180005530 f i umodsys_lib_libui:umodsys.mod.ui.SDL_GL.obj
 0001:00004540       ?get_uid@RGenerator@stdlib@lib2d@modules@UModSys@@UEBAPEBUSUniquePointerInfo@core@5@XZ 0000000180005540 f i umodsys_lib_lib2d:umodsys.mod.2d.stdlib.obj
 0001:00004550       ??4State@RImage_Memory@stdlib@lib2d@modules@UModSys@@QEAAAEAU012345@AEBU012345@@Z 0000000180005550 f i umodsys_lib_lib2d:umodsys.mod.2d.stdlib.obj
 0001:00004630       ??_GRImage_Memory@stdlib@lib2d@modules@UModSys@@UEAAPEAXI@Z 0000000180005630 f i umodsys_lib_lib2d:umodsys.mod.2d.stdlib.obj
 0001:00004630       ??_ERImage_Memory@stdlib@lib2d@modules@UModSys@@UEAAPEAXI@Z 0000000180005630 f i  CIL library: CIL module
 0001:00004660       ??_ERImageFactory_Memory@stdlib@lib2d@modules@UModSys@@UEAAPEAXI@Z 0000000180005660 f i  CIL library: CIL module
 0001:00004660       ??_GRImageFactory_Memory@stdlib@lib2d@modules@UModSys@@UEAAPEAXI@Z 0000000180005660 f i umodsys_lib_lib2d:umodsys.mod.2d.stdlib.obj
 0001:00004690       ??_GRMultiImage@stdlib@lib2d@modules@UModSys@@UEAAPEAXI@Z 0000000180005690 f i umodsys_lib_lib2d:umodsys.mod.2d.stdlib.obj
 0001:00004690       ??_ERMultiImage@stdlib@lib2d@modules@UModSys@@UEAAPEAXI@Z 0000000180005690 f i  CIL library: CIL module
 0001:000046c0       ?do_open@RModuleReg@stdlib@lib2d@modules@UModSys@@UEAA_NXZ 00000001800056c0 f i umodsys_lib_lib2d:umodsys.mod.2d.stdlib.obj
 0001:000046d0       ?do_close@RModuleReg@stdlib@lib2d@modules@UModSys@@UEAA_NXZ 00000001800056d0 f i umodsys_lib_lib2d:umodsys.mod.2d.stdlib.obj
 0001:000046e0       ??_GRModuleReg@stdlib@lib2d@modules@UModSys@@UEAAPEAXI@Z 00000001800056e0 f i umodsys_lib_lib2d:umodsys.mod.2d.stdlib.obj
 0001:000046e0       ??_ERModuleReg@stdlib@lib2d@modules@UModSys@@UEAAPEAXI@Z 00000001800056e0 f i  CIL library: CIL module
 0001:00004710       ??1?$TDynarrayDynamic@USImageCellInfo@lib2d@UModSys@@U?$TAllocator@USIMemAlloc@core@UModSys@@USCountCalcPower2@23@@tl@3@@tl@UModSys@@QEAA@XZ 0000000180005710 f i umodsys_lib_lib2d:umodsys.mod.2d.stdlib.obj
 0001:00004720       ??1?$TDynarrayDynamic@U?$TRefObject@UIImage@lib2d@UModSys@@U?$TRefObjectFunc@UIImage@lib2d@UModSys@@@tl@3@@tl@UModSys@@U?$TAllocator@USIMemAlloc@core@UModSys@@USCountCalcPower2@23@@23@@tl@UModSys@@QEAA@XZ 0000000180005720 f i umodsys_lib_lib2d:umodsys.mod.2d.stdlib.obj
 0001:00004730       ??1?$TDynarray@U?$TDynarrayHolderDynamic@USImageCellInfo@lib2d@UModSys@@U?$TAllocator@USIMemAlloc@core@UModSys@@USCountCalcPower2@23@@tl@3@@tl@UModSys@@@tl@UModSys@@QEAA@XZ 0000000180005730 f i umodsys_lib_lib2d:umodsys.mod.2d.stdlib.obj
 0001:000047a0       ??1?$TDynarray@U?$TDynarrayHolderDynamic@U?$TRefObject@UIImage@lib2d@UModSys@@U?$TRefObjectFunc@UIImage@lib2d@UModSys@@@tl@3@@tl@UModSys@@U?$TAllocator@USIMemAlloc@core@UModSys@@USCountCalcPower2@23@@23@@tl@UModSys@@@tl@UModSys@@QEAA@XZ 00000001800057a0 f i umodsys_lib_lib2d:umodsys.mod.2d.stdlib.obj
 0001:00004810       ?ResizeRel@?$TDynarray@U?$TDynarrayHolderDynamic@USImageCellInfo@lib2d@UModSys@@U?$TAllocator@USIMemAlloc@core@UModSys@@USCountCalcPower2@23@@tl@3@@tl@UModSys@@@tl@UModSys@@QEAA_N_J@Z 0000000180005810 f i umodsys_lib_lib2d:umodsys.mod.2d.stdlib.obj
 0001:000048d0       ?ResizeRel@?$TDynarray@U?$TDynarrayHolderDynamic@U?$TRefObject@UIImage@lib2d@UModSys@@U?$TRefObjectFunc@UIImage@lib2d@UModSys@@@tl@3@@tl@UModSys@@U?$TAllocator@USIMemAlloc@core@UModSys@@USCountCalcPower2@23@@23@@tl@UModSys@@@tl@UModSys@@QEAA_N_J@Z 00000001800058d0 f i umodsys_lib_lib2d:umodsys.mod.2d.stdlib.obj
 0001:00004a00       ??$ValidateConstruction@UIRefObject@core@UModSys@@URMultiImage@stdlib@lib2d@modules@3@@core@UModSys@@YA_NAEAU?$TRefObject@UIRefObject@core@UModSys@@U?$TRefObjectFunc@UIRefObject@core@UModSys@@@tl@3@@tl@1@PEAURMultiImage@stdlib@lib2d@modules@1@@Z 0000000180005a00 f i umodsys_lib_lib2d:umodsys.mod.2d.stdlib.obj
 0001:00004a80       ?set_stage@SGLFuncs@SDL_GL@ui@modules@UModSys@@QEBAXH@Z 0000000180005a80 f i umodsys_lib_libui:umodsys.mod.ui.SDL_GL.obj
 0001:00004ae0       ?set_composite_all@SGLFuncsLegacy@SDL_GL@ui@modules@UModSys@@QEBAXH@Z 0000000180005ae0 f i umodsys_lib_libui:umodsys.mod.ui.SDL_GL.obj
 0001:00004bb0       ?crebind@STextureGL@SDL_GL@ui@modules@UModSys@@QEAAX_N@Z 0000000180005bb0 f i umodsys_lib_libui:umodsys.mod.ui.SDL_GL.obj
 0001:00004bf0       ?root_get_interface_info@RKeyboardController@SDL_GL@ui@modules@UModSys@@UEBAAEBUSUniquePointerInfo@core@5@XZ 0000000180005bf0 f i umodsys_lib_libui:umodsys.mod.ui.SDL_GL.obj
 0001:00004c00       ?root_get_interface_type@RKeyboardController@SDL_GL@ui@modules@UModSys@@UEBAPEBUSUniquePointerInfo@core@5@XZ 0000000180005c00 f i umodsys_lib_libui:umodsys.mod.ui.SDL_GL.obj
 0001:00004c10       ?root_get_other_interface@RKeyboardController@SDL_GL@ui@modules@UModSys@@UEAAPEAUIRoot@core@5@PEBUSUniquePointerInfo@75@@Z 0000000180005c10 f i umodsys_lib_libui:umodsys.mod.ui.SDL_GL.obj
 0001:00004c10       ?root_get_other_interface@RKeyboardController@SDL_GL@ui@modules@UModSys@@UEBAPEBUIRoot@core@5@PEBUSUniquePointerInfo@75@@Z 0000000180005c10 f i umodsys_lib_libui:umodsys.mod.ui.SDL_GL.obj
 0001:00004c40       ?root_is_interface_supported@RKeyboardController@SDL_GL@ui@modules@UModSys@@UEBA_NPEBUSUniquePointerInfo@core@5@@Z 0000000180005c40 f i umodsys_lib_libui:umodsys.mod.ui.SDL_GL.obj
 0001:00004c70       ?suicide@RRenderDriver2D@SDL_core@ui@modules@UModSys@@UEAAXXZ 0000000180005c70 f i umodsys_lib_libui:umodsys.mod.ui.SDL_core.obj
 0001:00004c70       ?suicide@RKeyboardController@SDL_core@ui@modules@UModSys@@UEAAXXZ 0000000180005c70 f i umodsys_lib_libui:umodsys.mod.ui.SDL_core.obj
 0001:00004c70       ?suicide@RMouseController@SDL_GL@ui@modules@UModSys@@UEAAXXZ 0000000180005c70 f i umodsys_lib_libui:umodsys.mod.ui.SDL_GL.obj
 0001:00004c70       ?suicide@RRenderDriver3D@SDL_GL@ui@modules@UModSys@@UEAAXXZ 0000000180005c70 f i umodsys_lib_libui:umodsys.mod.ui.SDL_GL.obj
 0001:00004c70       ?suicide@RMouseController@SDL_core@ui@modules@UModSys@@UEAAXXZ 0000000180005c70 f i umodsys_lib_libui:umodsys.mod.ui.SDL_core.obj
 0001:00004c70       ?suicide@RKeyboardController@SDL_GL@ui@modules@UModSys@@UEAAXXZ 0000000180005c70 f i umodsys_lib_libui:umodsys.mod.ui.SDL_GL.obj
 0001:00004c90       ?root_get_interface_info@RMouseController@SDL_GL@ui@modules@UModSys@@UEBAAEBUSUniquePointerInfo@core@5@XZ 0000000180005c90 f i umodsys_lib_libui:umodsys.mod.ui.SDL_GL.obj
[...]
 0001:00052460       ??__F?s_id@?$TObjectUniqueID@UIBinArchiveFrame@libmedia@UModSys@@@tl@UModSys@@2USUniquePointer@core@3@A@@YAXXZ 0000000180053460 f    CIL library: CIL module
 0001:00052470       ??__F?s_id@?$TObjectUniqueID@UILibraryLayered@libmedia@UModSys@@@tl@UModSys@@2USUniquePointer@core@3@A@@YAXXZ 0000000180053470 f    CIL library: CIL module
 0001:00052480       ??__F?s_id@?$TObjectUniqueID@UILibraryObjCache@libmedia@UModSys@@@tl@UModSys@@2USUniquePointer@core@3@A@@YAXXZ 0000000180053480 f    CIL library: CIL module
 0001:00052490       ??__F?s_id@?$TObjectUniqueID@UILibraryObjFilter@libmedia@UModSys@@@tl@UModSys@@2USUniquePointer@core@3@A@@YAXXZ 0000000180053490 f    CIL library: CIL module
 0001:000524a0       ??__F?s_id@?$TObjectUniqueID@UILibraryBinCache@libmedia@UModSys@@@tl@UModSys@@2USUniquePointer@core@3@A@@YAXXZ 00000001800534a0 f    CIL library: CIL module
 0001:000524b0       ??__F?s_id@?$TObjectUniqueID@UILibraryBinTree@libmedia@UModSys@@@tl@UModSys@@2USUniquePointer@core@3@A@@YAXXZ 00000001800534b0 f    CIL library: CIL module
 0001:000524c0       ??__F?s_id@?$TObjectUniqueID@UILibrary@libmedia@UModSys@@@tl@UModSys@@2USUniquePointer@core@3@A@@YAXXZ 00000001800534c0 f    CIL library: CIL module
 0001:000524d0       ??__F?s_id@?$TObjectUniqueID@UIBinObjFilter@libmedia@UModSys@@@tl@UModSys@@2USUniquePointer@core@3@A@@YAXXZ 00000001800534d0 f    CIL library: CIL module
 0001:000524e0       ??__F?s_id@?$TObjectUniqueID@UIBinArchive@libmedia@UModSys@@@tl@UModSys@@2USUniquePointer@core@3@A@@YAXXZ 00000001800534e0 f    CIL library: CIL module
 0001:000524f0       ??__F?s_id@?$TObjectUniqueID@UILibObject@libmedia@UModSys@@@tl@UModSys@@2USUniquePointer@core@3@A@@YAXXZ 00000001800534f0 f    CIL library: CIL module
 0001:00052500       ??__F?s_id@?$TObjectUniqueID@UIUtilities@libmedia@UModSys@@@tl@UModSys@@2USUniquePointer@core@3@A@@YAXXZ 0000000180053500 f    CIL library: CIL module
 0001:00052510       ??__F?s_id@?$TObjectUniqueID@UIStreamWriter@libmedia@UModSys@@@tl@UModSys@@2USUniquePointer@core@3@A@@YAXXZ 0000000180053510 f    CIL library: CIL module
 0001:00052520       ??__F?s_id@?$TObjectUniqueID@UIStreamReader@libmedia@UModSys@@@tl@UModSys@@2USUniquePointer@core@3@A@@YAXXZ 0000000180053520 f    CIL library: CIL module
 0001:00052530       ??__F?s_id@?$TObjectUniqueID@UISystem@base@UModSys@@@tl@UModSys@@2USUniquePointer@core@3@A@@YAXXZ 0000000180053530 f    CIL library: CIL module
 0001:00052540       ??__F?s_id@?$TObjectUniqueID@UIShell@base@UModSys@@@tl@UModSys@@2USUniquePointer@core@3@A@@YAXXZ 0000000180053540 f    CIL library: CIL module
 0001:00052550       ??__F?s_id@?$TObjectUniqueID@UIGenerator@base@UModSys@@@tl@UModSys@@2USUniquePointer@core@3@A@@YAXXZ 0000000180053550 f    CIL library: CIL module
 0001:00052560       ??__F?s_id@?$TObjectUniqueID@UIModObject@base@UModSys@@@tl@UModSys@@2USUniquePointer@core@3@A@@YAXXZ 0000000180053560 f    CIL library: CIL module
 0001:00052570       ??__F?s_id@?$TObjectUniqueID@UIModuleLibrary@base@UModSys@@@tl@UModSys@@2USUniquePointer@core@3@A@@YAXXZ 0000000180053570 f    CIL library: CIL module
 0001:00052580       ??__F?s_id@?$TObjectUniqueID@UIModule@base@UModSys@@@tl@UModSys@@2USUniquePointer@core@3@A@@YAXXZ 0000000180053580 f    CIL library: CIL module
 0001:00052590       ??__F?s_id@?$TObjectUniqueID@UIConsole@base@UModSys@@@tl@UModSys@@2USUniquePointer@core@3@A@@YAXXZ 0000000180053590 f    CIL library: CIL module
 0001:000525a0       ??__F?s_id@?$TObjectUniqueID@UIParameters@core@UModSys@@@tl@UModSys@@2USUniquePointer@core@3@A@@YAXXZ 00000001800535a0 f    CIL library: CIL module
 0001:000525b0       ??__F?s_id@?$TObjectUniqueID@UIRefObject@core@UModSys@@@tl@UModSys@@2USUniquePointer@core@3@A@@YAXXZ 00000001800535b0 f    CIL library: CIL module
 0001:000525c0       ??__F?s_id@?$TObjectUniqueID@UIRoot@core@UModSys@@@tl@UModSys@@2USUniquePointer@core@3@A@@YAXXZ 00000001800535c0 f    CIL library: CIL module
 0001:000525d0       ??__F?s_id@?$TDataUniqueID@F@tl@UModSys@@2USUniquePointer@core@3@A@@YAXXZ 00000001800535d0 f    CIL library: CIL module
 0001:000525e0       ??__F?s_id@?$TDataUniqueID@M@tl@UModSys@@2USUniquePointer@core@3@A@@YAXXZ 00000001800535e0 f    CIL library: CIL module
 0001:000525f0       ??__F?s_id@?$TDataUniqueID@H@tl@UModSys@@2USUniquePointer@core@3@A@@YAXXZ 00000001800535f0 f    CIL library: CIL module
 0001:00052600       ??__F?s_id@?$TConstUniqueID@W4eConsoleLevels@base@UModSys@@$00@tl@UModSys@@2USUniquePointer@core@3@A@@YAXXZ 0000000180053600 f    CIL library: CIL module
 0001:00052610       ??__Fs_dbg@stdlib@lib3d@modules@UModSys@@YAXXZ 0000000180053610 f    CIL library: CIL module
 0001:00052620       ??__F?s_modreg@RModuleReg@stdlib@lib3d@modules@UModSys@@2U12345@A@@YAXXZ 0000000180053620 f    CIL library: CIL module
 0001:00052640       ??__F?s_modreg_chain@RModuleReg@stdlib@lib3d@modules@UModSys@@2USModuleRegChain@base@5@A@@YAXXZ 0000000180053640 f    CIL library: CIL module
 0001:00052650       ??__F?s_uid@RGenerator@stdlib@lib3d@modules@UModSys@@2USUniquePointer@core@5@A@@YAXXZ 0000000180053650 f    CIL library: CIL module
 0001:00052660       ??__Fh@?1??s_holder@RGenerator@stdlib@lib3d@modules@UModSys@@SAAEAU?$TTypeStaticHolder@URGenerator@stdlib@lib3d@modules@UModSys@@@tl@5@XZ@YAXXZ 0000000180053660 f    CIL library: CIL module
 0001:00052690       ??__F?s_id@?$TObjectUniqueID@URGenerator@stdlib@lib3d@modules@UModSys@@@tl@UModSys@@2USUniquePointer@core@3@A@@YAXXZ 0000000180053690 f    CIL library: CIL module
 0001:000526a0       ??__F?s_id@?$TObjectUniqueID@URVisual@object_camera@stdlib@lib3d@modules@UModSys@@@tl@UModSys@@2USUniquePointer@core@3@A@@YAXXZ 00000001800536a0 f    CIL library: CIL module
 0001:000526b0       ??__F?s_id@?$TObjectUniqueID@URGeneral@object_camera@stdlib@lib3d@modules@UModSys@@@tl@UModSys@@2USUniquePointer@core@3@A@@YAXXZ 00000001800536b0 f    CIL library: CIL module
 0001:000526c0       ??__F?s_id@?$TObjectUniqueID@URVisual@object_primitive@stdlib@lib3d@modules@UModSys@@@tl@UModSys@@2USUniquePointer@core@3@A@@YAXXZ 00000001800536c0 f    CIL library: CIL module
 0001:000526d0       ??__F?s_id@?$TObjectUniqueID@URRender@object_primitive@stdlib@lib3d@modules@UModSys@@@tl@UModSys@@2USUniquePointer@core@3@A@@YAXXZ 00000001800536d0 f    CIL library: CIL module
 0001:000526e0       ??__F?s_id@?$TObjectUniqueID@URGeneral@object_primitive@stdlib@lib3d@modules@UModSys@@@tl@UModSys@@2USUniquePointer@core@3@A@@YAXXZ 00000001800536e0 f    CIL library: CIL module
 0001:000526f0       ??__F?s_id@?$TObjectUniqueID@URVisualSceneMapper_Direct@stdlib@lib3d@modules@UModSys@@@tl@UModSys@@2USUniquePointer@core@3@A@@YAXXZ 00000001800536f0 f    CIL library: CIL module
 0001:00052700       ??__F?s_id@?$TObjectUniqueID@URVisualizerScene@stdlib@lib3d@modules@UModSys@@@tl@UModSys@@2USUniquePointer@core@3@A@@YAXXZ 0000000180053700 f    CIL library: CIL module
 0001:00052710       ??__F?s_id@?$TObjectUniqueID@URRenderer@stdlib@lib3d@modules@UModSys@@@tl@UModSys@@2USUniquePointer@core@3@A@@YAXXZ 0000000180053710 f    CIL library: CIL module
 0001:00052720       ??__Fs_dbg@stdlib@lib2d@modules@UModSys@@YAXXZ 0000000180053720 f    CIL library: CIL module
 0001:00052730       ??__F?s_modreg@RModuleReg@stdlib@lib2d@modules@UModSys@@2U12345@A@@YAXXZ 0000000180053730 f    CIL library: CIL module
 0001:00052750       ??__F?s_modreg_chain@RModuleReg@stdlib@lib2d@modules@UModSys@@2USModuleRegChain@base@5@A@@YAXXZ 0000000180053750 f    CIL library: CIL module
 0001:00052760       ??__F?s_uid@RGenerator@stdlib@lib2d@modules@UModSys@@2USUniquePointer@core@5@A@@YAXXZ 0000000180053760 f    CIL library: CIL module
 0001:00052770       ??__Fh@?1??s_holder@RGenerator@stdlib@lib2d@modules@UModSys@@SAAEAU?$TTypeStaticHolder@URGenerator@stdlib@lib2d@modules@UModSys@@@tl@5@XZ@YAXXZ 0000000180053770 f    CIL library: CIL module
 0001:000527a0       ??__F?s_id@?$TObjectUniqueID@URGenerator@stdlib@lib2d@modules@UModSys@@@tl@UModSys@@2USUniquePointer@core@3@A@@YAXXZ 00000001800537a0 f    CIL library: CIL module
 0001:000527b0       ??__F?s_id@?$TObjectUniqueID@URMultiImage@stdlib@lib2d@modules@UModSys@@@tl@UModSys@@2USUniquePointer@core@3@A@@YAXXZ 00000001800537b0 f    CIL library: CIL module
 0001:000527c0       ??__F?s_id@?$TObjectUniqueID@URImageFactory_Memory@stdlib@lib2d@modules@UModSys@@@tl@UModSys@@2USUniquePointer@core@3@A@@YAXXZ 00000001800537c0 f    CIL library: CIL module
 0001:000527d0       ??__F?s_id@?$TObjectUniqueID@URImage_Memory@stdlib@lib2d@modules@UModSys@@@tl@UModSys@@2USUniquePointer@core@3@A@@YAXXZ 00000001800537d0 f    CIL library: CIL module
 0001:000527e0       ??__Fs_dbg@SDL_GL@ui@modules@UModSys@@YAXXZ 00000001800537e0 f    CIL library: CIL module
 0001:000527f0       ??__F?s_modreg@RModuleReg@SDL_GL@ui@modules@UModSys@@2U12345@A@@YAXXZ 00000001800537f0 f    CIL library: CIL module
 0001:00052810       ??__F?s_modreg_chain@RModuleReg@SDL_GL@ui@modules@UModSys@@2USModuleRegChain@base@5@A@@YAXXZ 0000000180053810 f    CIL library: CIL module
 0001:00052820       ??__F?s_uid@RGenerator@SDL_GL@ui@modules@UModSys@@2USUniquePointer@core@5@A@@YAXXZ 0000000180053820 f    CIL library: CIL module
 0001:00052830       ??__Fh@?1??s_holder@RGenerator@SDL_GL@ui@modules@UModSys@@SAAEAU?$TTypeStaticHolder@URGenerator@SDL_GL@ui@modules@UModSys@@@tl@5@XZ@YAXXZ 0000000180053830 f    CIL library: CIL module
 0001:00052860       ??__F?s_id@?$TObjectUniqueID@URGenerator@SDL_GL@ui@modules@UModSys@@@tl@UModSys@@2USUniquePointer@core@3@A@@YAXXZ 0000000180053860 f    CIL library: CIL module
 0001:00052870       ??__F?s_id@?$TObjectUniqueID@URVertexArray@SDL_GL@ui@modules@UModSys@@@tl@UModSys@@2USUniquePointer@core@3@A@@YAXXZ 0000000180053870 f    CIL library: CIL module
 0001:00052880       ??__F?s_id@?$TObjectUniqueID@URTerminalX@SDL_GL@ui@modules@UModSys@@@tl@UModSys@@2USUniquePointer@core@3@A@@YAXXZ 0000000180053880 f    CIL library: CIL module
 0001:00052890       ??__F?s_id@?$TObjectUniqueID@URRenderDriver3D@SDL_GL@ui@modules@UModSys@@@tl@UModSys@@2USUniquePointer@core@3@A@@YAXXZ 0000000180053890 f    CIL library: CIL module
 0001:000528a0       ??__F?s_id@?$TObjectUniqueID@URMultiImage2D_SDL_ttf@SDL_GL@ui@modules@UModSys@@@tl@UModSys@@2USUniquePointer@core@3@A@@YAXXZ 00000001800538a0 f    CIL library: CIL module
 0001:000528b0       ??__F?s_id@?$TObjectUniqueID@URTerminal@SDL_GL@ui@modules@UModSys@@@tl@UModSys@@2USUniquePointer@core@3@A@@YAXXZ 00000001800538b0 f    CIL library: CIL module
 0001:000528c0       ??__F?s_id@?$TObjectUniqueID@URMouseController@SDL_GL@ui@modules@UModSys@@@tl@UModSys@@2USUniquePointer@core@3@A@@YAXXZ 00000001800538c0 f    CIL library: CIL module
 0001:000528d0       ??__F?s_id@?$TObjectUniqueID@URKeyboardController@SDL_GL@ui@modules@UModSys@@@tl@UModSys@@2USUniquePointer@core@3@A@@YAXXZ 00000001800538d0 f    CIL library: CIL module
 0001:000528e0       ??__Fs_dbg@SDL_core@ui@modules@UModSys@@YAXXZ 00000001800538e0 f    CIL library: CIL module
 0001:000528f0       ??__F?s_modreg@RModuleReg@SDL_core@ui@modules@UModSys@@2U12345@A@@YAXXZ 00000001800538f0 f    CIL library: CIL module
 0001:00052910       ??__F?s_modreg_chain@RModuleReg@SDL_core@ui@modules@UModSys@@2USModuleRegChain@base@5@A@@YAXXZ 0000000180053910 f    CIL library: CIL module
 0001:00052920       ??__F?s_uid@RGenerator@SDL_core@ui@modules@UModSys@@2USUniquePointer@core@5@A@@YAXXZ 0000000180053920 f    CIL library: CIL module
 0001:00052930       ??__Fh@?1??s_holder@RGenerator@SDL_core@ui@modules@UModSys@@SAAEAU?$TTypeStaticHolder@URGenerator@SDL_core@ui@modules@UModSys@@@tl@5@XZ@YAXXZ 0000000180053930 f    CIL library: CIL module
 0001:00052960       ??__F?s_id@?$TObjectUniqueID@URGenerator@SDL_core@ui@modules@UModSys@@@tl@UModSys@@2USUniquePointer@core@3@A@@YAXXZ 0000000180053960 f    CIL library: CIL module
 0001:00052970       ??__F?s_id@?$TObjectUniqueID@URTerminalX@SDL_core@ui@modules@UModSys@@@tl@UModSys@@2USUniquePointer@core@3@A@@YAXXZ 0000000180053970 f    CIL library: CIL module
 0001:00052980       ??__F?s_id@?$TObjectUniqueID@URRenderDriver2D@SDL_core@ui@modules@UModSys@@@tl@UModSys@@2USUniquePointer@core@3@A@@YAXXZ 0000000180053980 f    CIL library: CIL module
 0001:00052990       ??__F?s_id@?$TObjectUniqueID@URMultiImage2D_SDL_ttf@SDL_core@ui@modules@UModSys@@@tl@UModSys@@2USUniquePointer@core@3@A@@YAXXZ 0000000180053990 f    CIL library: CIL module
 0001:000529a0       ??__F?s_id@?$TObjectUniqueID@URTerminal@SDL_core@ui@modules@UModSys@@@tl@UModSys@@2USUniquePointer@core@3@A@@YAXXZ 00000001800539a0 f    CIL library: CIL module
 0001:000529b0       ??__F?s_id@?$TObjectUniqueID@URMouseController@SDL_core@ui@modules@UModSys@@@tl@UModSys@@2USUniquePointer@core@3@A@@YAXXZ 00000001800539b0 f    CIL library: CIL module
 0001:000529c0       ??__F?s_id@?$TObjectUniqueID@URKeyboardController@SDL_core@ui@modules@UModSys@@@tl@UModSys@@2USUniquePointer@core@3@A@@YAXXZ 00000001800539c0 f    CIL library: CIL module
 0001:000529d0       ??__Fs_dbg@frames@ui@modules@UModSys@@YAXXZ 00000001800539d0 f    CIL library: CIL module
 0001:000529e0       ??__F?s_modreg@RModuleReg@frames@ui@modules@UModSys@@2U12345@A@@YAXXZ 00000001800539e0 f    CIL library: CIL module
 0001:00052a00       ??__F?s_modreg_chain@RModuleReg@frames@ui@modules@UModSys@@2USModuleRegChain@base@5@A@@YAXXZ 0000000180053a00 f    CIL library: CIL module
 0001:00052a10       ??__F?s_uid@RGenerator@frames@ui@modules@UModSys@@2USUniquePointer@core@5@A@@YAXXZ 0000000180053a10 f    CIL library: CIL module
 0001:00052a20       ??__Fh@?1??s_holder@RGenerator@frames@ui@modules@UModSys@@SAAEAU?$TTypeStaticHolder@URGenerator@frames@ui@modules@UModSys@@@tl@5@XZ@YAXXZ 0000000180053a20 f    CIL library: CIL module
 0001:00052a50       ??__F?s_id@?$TObjectUniqueID@URGenerator@frames@ui@modules@UModSys@@@tl@UModSys@@2USUniquePointer@core@3@A@@YAXXZ 0000000180053a50 f    CIL library: CIL module
 0001:00052a60       ??__F?s_id@?$TObjectUniqueID@URCollector@frames@ui@modules@UModSys@@@tl@UModSys@@2USUniquePointer@core@3@A@@YAXXZ 0000000180053a60 f    CIL library: CIL module
 0001:00052a70       ??__F?s_id@?$TObjectUniqueID@URFrame_List@frames@ui@modules@UModSys@@@tl@UModSys@@2USUniquePointer@core@3@A@@YAXXZ 0000000180053a70 f    CIL library: CIL module
 0001:00052a80       ??__F?s_id@?$TObjectUniqueID@URFrame_Edit@frames@ui@modules@UModSys@@@tl@UModSys@@2USUniquePointer@core@3@A@@YAXXZ 0000000180053a80 f    CIL library: CIL module
 0001:00052a90       ??__F?s_id@?$TObjectUniqueID@URFrame_Button@frames@ui@modules@UModSys@@@tl@UModSys@@2USUniquePointer@core@3@A@@YAXXZ 0000000180053a90 f    CIL library: CIL module
 0001:00052aa0       ??__F?s_id@?$TObjectUniqueID@URFrame_Text@frames@ui@modules@UModSys@@@tl@UModSys@@2USUniquePointer@core@3@A@@YAXXZ 0000000180053aa0 f    CIL library: CIL module
 0001:00052ab0       ??__F?s_id@?$TObjectUniqueID@URFrame_Image@frames@ui@modules@UModSys@@@tl@UModSys@@2USUniquePointer@core@3@A@@YAXXZ 0000000180053ab0 f    CIL library: CIL module
 0001:00052ac0       ??__F?s_id@?$TObjectUniqueID@URFrame_Frame@frames@ui@modules@UModSys@@@tl@UModSys@@2USUniquePointer@core@3@A@@YAXXZ 0000000180053ac0 f    CIL library: CIL module
 0001:00052ad0       ??__F?s_id@?$TObjectUniqueID@URDialog@frames@ui@modules@UModSys@@@tl@UModSys@@2USUniquePointer@core@3@A@@YAXXZ 0000000180053ad0 f    CIL library: CIL module
 0001:00052ae0       ??__F?s_id@?$TObjectUniqueID@URFrame_Common@frames@ui@modules@UModSys@@@tl@UModSys@@2USUniquePointer@core@3@A@@YAXXZ 0000000180053ae0 f    CIL library: CIL module
 0001:00052af0       ??__Fs_dbg@images_std@media@modules@UModSys@@YAXXZ 0000000180053af0 f    CIL library: CIL module
 0001:00052b00       ??__F?s_modreg@RModuleReg@images_std@media@modules@UModSys@@2U12345@A@@YAXXZ 0000000180053b00 f    CIL library: CIL module
 0001:00052b20       ??__F?s_modreg_chain@RModuleReg@images_std@media@modules@UModSys@@2USModuleRegChain@base@5@A@@YAXXZ 0000000180053b20 f    CIL library: CIL module
 0001:00052b30       ??__F?s_uid@RGenerator@images_std@media@modules@UModSys@@2USUniquePointer@core@5@A@@YAXXZ 0000000180053b30 f    CIL library: CIL module
 0001:00052b40       ??__Fh@?1??s_holder@RGenerator@images_std@media@modules@UModSys@@SAAEAU?$TTypeStaticHolder@URGenerator@images_std@media@modules@UModSys@@@tl@5@XZ@YAXXZ 0000000180053b40 f    CIL library: CIL module
 0001:00052b70       ??__F?s_id@?$TObjectUniqueID@URGenerator@images_std@media@modules@UModSys@@@tl@UModSys@@2USUniquePointer@core@3@A@@YAXXZ 0000000180053b70 f    CIL library: CIL module
 0001:00052b80       ??__F?s_id@?$TObjectUniqueID@URMediaFilter@images_std@media@modules@UModSys@@@tl@UModSys@@2USUniquePointer@core@3@A@@YAXXZ 0000000180053b80 f    CIL library: CIL module
 0001:00052b90       ??__Fs_dbg@serialize_json@media@modules@UModSys@@YAXXZ 0000000180053b90 f    CIL library: CIL module
 0001:00052ba0       ??__F?s_modreg@RModuleReg@serialize_json@media@modules@UModSys@@2U12345@A@@YAXXZ 0000000180053ba0 f    CIL library: CIL module
 0001:00052bc0       ??__F?s_modreg_chain@RModuleReg@serialize_json@media@modules@UModSys@@2USModuleRegChain@base@5@A@@YAXXZ 0000000180053bc0 f    CIL library: CIL module
 0001:00052bd0       ??__F?s_uid@RGenerator@serialize_json@media@modules@UModSys@@2USUniquePointer@core@5@A@@YAXXZ 0000000180053bd0 f    CIL library: CIL module
 0001:00052be0       ??__Fh@?1??s_holder@RGenerator@serialize_json@media@modules@UModSys@@SAAEAU?$TTypeStaticHolder@URGenerator@serialize_json@media@modules@UModSys@@@tl@5@XZ@YAXXZ 0000000180053be0 f    CIL library: CIL module
 0001:00052c10       ??__F?s_id@?$TObjectUniqueID@URGenerator@serialize_json@media@modules@UModSys@@@tl@UModSys@@2USUniquePointer@core@3@A@@YAXXZ 0000000180053c10 f    CIL library: CIL module
 0001:00052c20       ??__F?s_id@?$TObjectUniqueID@URSerializeWriter@serialize_json@media@modules@UModSys@@@tl@UModSys@@2USUniquePointer@core@3@A@@YAXXZ 0000000180053c20 f    CIL library: CIL module
 0001:00052c30       ??__F?s_id@?$TObjectUniqueID@URSerializeReader@serialize_json@media@modules@UModSys@@@tl@UModSys@@2USUniquePointer@core@3@A@@YAXXZ 0000000180053c30 f    CIL library: CIL module
 0001:00052c40       ??__Fs_dbg@zlib@media@modules@UModSys@@YAXXZ 0000000180053c40 f    CIL library: CIL module
 0001:00052c50       ??__F?s_modreg@RModuleReg@zlib@media@modules@UModSys@@2U12345@A@@YAXXZ 0000000180053c50 f    CIL library: CIL module
 0001:00052c70       ??__F?s_modreg_chain@RModuleReg@zlib@media@modules@UModSys@@2USModuleRegChain@base@5@A@@YAXXZ 0000000180053c70 f    CIL library: CIL module
 0001:00052c80       ??__F?s_uid@RGenerator@zlib@media@modules@UModSys@@2USUniquePointer@core@5@A@@YAXXZ 0000000180053c80 f    CIL library: CIL module
 0001:00052c90       ??__Fh@?1??s_holder@RGenerator@zlib@media@modules@UModSys@@SAAEAU?$TTypeStaticHolder@URGenerator@zlib@media@modules@UModSys@@@tl@5@XZ@YAXXZ 0000000180053c90 f    CIL library: CIL module
 0001:00052cc0       ??__F?s_id@?$TObjectUniqueID@URGenerator@zlib@media@modules@UModSys@@@tl@UModSys@@2USUniquePointer@core@3@A@@YAXXZ 0000000180053cc0 f    CIL library: CIL module
 0001:00052cd0       ??__F?s_id@?$TObjectUniqueID@URBinArchiveFrameClient_ZIP@zlib@media@modules@UModSys@@@tl@UModSys@@2USUniquePointer@core@3@A@@YAXXZ 0000000180053cd0 f    CIL library: CIL module
 0001:00052ce0       ??__FM@UModSys@@YAXXZ      0000000180053ce0 f    CIL library: CIL module
 0001:00052cf0       ??__F?root@SModuleRegChain@base@UModSys@@2U123@A@@YAXXZ 0000000180053cf0 f    CIL library: CIL module
 0001:00052d00       ??__F?s_library@RModuleLibraryReg_Chain@base@UModSys@@2U123@A@@YAXXZ 0000000180053d00 f    CIL library: CIL module
 0001:00052d10       ??__F?root@SUniquePointer@core@UModSys@@2U123@A@@YAXXZ 0000000180053d10 f    CIL library: CIL module

 Exports

  ordinal    name

        1    UModSys_Plugin_Entry2
