 plugin_test1

 Timestamp is 5257f04d (Fri Oct 11 15:34:21 2013)

 Preferred load address is 0000000180000000

 Start         Length     Name                   Class
 0001:00000000 00001cacH .text                   CODE
 0001:00001cb0 0000021cH .text$x                 CODE
 0001:00001ed0 00000522H .text$yc                CODE
 0001:00002400 0000019cH .text$yd                CODE
 0002:00000000 000000e8H .idata$5                DATA
 0002:000000e8 00000008H .CRT$XCA                DATA
 0002:000000f0 00000218H .CRT$XCU                DATA
 0002:00000308 00000008H .CRT$XCZ                DATA
 0002:00000310 00000008H .CRT$XIA                DATA
 0002:00000318 00000008H .CRT$XIAA               DATA
 0002:00000320 00000008H .CRT$XIZ                DATA
 0002:00000330 00000830H .rdata                  DATA
 0002:00000b60 000005acH .rdata$r                DATA
 0002:00001110 00000008H .rtc$IAA                DATA
 0002:00001118 00000008H .rtc$IZZ                DATA
 0002:00001120 00000008H .rtc$TAA                DATA
 0002:00001128 00000008H .rtc$TZZ                DATA
 0002:00001130 00000388H .xdata                  DATA
 0002:000014b8 00000028H .idata$2                DATA
 0002:000014e0 00000014H .idata$3                DATA
 0002:000014f8 000000e8H .idata$4                DATA
 0002:000015e0 00000214H .idata$6                DATA
 0002:00001800 00000059H .edata                  DATA
 0003:00000000 000002e8H .data                   DATA
 0003:000002f0 00000450H .bss                    DATA
 0004:00000000 0000045cH .pdata                  DATA

  Address         Publics by Value              Rva+Base               Lib:Object

 0000:00000000       ___safe_se_handler_count   0000000000000000     <absolute>
 0000:00000000       ___safe_se_handler_table   0000000000000000     <absolute>
 0000:00000000       __ImageBase                0000000180000000     <linker-defined>
 0001:00000000       ?get_interface_info@RTest1_Shell@test1@test@modules@UModSys@@UEBAAEBUSUniquePointerInfo@core@5@XZ 0000000180001000 f i plugin_test1.obj
 0001:00000010       ?get_interface_type@RTest1_Shell@test1@test@modules@UModSys@@UEBAPEBUSUniquePointerInfo@core@5@XZ 0000000180001010 f i plugin_test1.obj
 0001:00000020       ?get_interface_types@RTest1_Shell@test1@test@modules@UModSys@@UEBA_KAEAUSUniquePtrList@core@5@@Z 0000000180001020 f i plugin_test1.obj
 0001:00000020       ?get_interface_types@RGenerator@test1@test@modules@UModSys@@UEBA_KAEAUSUniquePtrList@core@5@@Z 0000000180001020 f i plugin_test1.obj
 0001:00000030       ?get_other_interface@RTest1_Shell@test1@test@modules@UModSys@@UEBAPEBUIRoot@core@5@PEBUSUniquePointerInfo@75@@Z 0000000180001030 f i plugin_test1.obj
 0001:00000030       ?get_other_interface@RTest1_Shell@test1@test@modules@UModSys@@UEAAPEAUIRoot@core@5@PEBUSUniquePointerInfo@75@@Z 0000000180001030 f i plugin_test1.obj
 0001:00000060       ?ref_remove@RTest1_Shell@test1@test@modules@UModSys@@UEBAXXZ 0000000180001060 f i plugin_test1.obj
 0001:00000060       ?ref_remove@RGenerator@test1@test@modules@UModSys@@UEBAXXZ 0000000180001060 f i plugin_test1.obj
 0001:00000080       ?suicide@RTest1_Shell@test1@test@modules@UModSys@@UEAAXXZ 0000000180001080 f i plugin_test1.obj
 0001:000000e0       ?file_test@RTest1_Shell@test1@test@modules@UModSys@@QEAAXXZ 00000001800010e0 f i plugin_test1.obj
 0001:00000500       ??0RTest1_Shell@test1@test@modules@UModSys@@QEAA@PEAUIModObject@base@4@@Z 0000000180001500 f i plugin_test1.obj
 0001:000005d0       ??1RTest1_Shell@test1@test@modules@UModSys@@UEAA@XZ 00000001800015d0 f i plugin_test1.obj
 0001:00000650       ?connect@RTest1_Shell@test1@test@modules@UModSys@@UEAA_NXZ 0000000180001650 f i plugin_test1.obj
 0001:00000680       ?disconnect@RTest1_Shell@test1@test@modules@UModSys@@UEAA_NXZ 0000000180001680 f i plugin_test1.obj
 0001:000006b0       ?process_tick@RTest1_Shell@test1@test@modules@UModSys@@UEAA_NAEBUSTimeMsec@core@5@@Z 00000001800016b0 f i plugin_test1.obj
 0001:000006f0       ?process_command@RTest1_Shell@test1@test@modules@UModSys@@UEAA_NHQEBU?$TString@U?$TSCoreConst@D@su@tl@UModSys@@U?$TComparerBinaryHash@D@234@@tl@5@@Z 00000001800016f0 f i plugin_test1.obj
 0001:00000720       ??1?$TParametersA@$0EAA@@core@UModSys@@QEAA@XZ 0000000180001720 f i plugin_test1.obj
 0001:00000740       ??_ERTest1_Shell@test1@test@modules@UModSys@@UEAAPEAXI@Z 0000000180001740 f i  CIL library: CIL module
 0001:00000740       ??_GRTest1_Shell@test1@test@modules@UModSys@@UEAAPEAXI@Z 0000000180001740 f i plugin_test1.obj
 0001:00000760       ??1IShell@base@UModSys@@UEAA@XZ 0000000180001760 f i plugin_test1.obj
 0001:00000770       ??_EIRoot@core@UModSys@@UEAAPEAXI@Z 0000000180001770 f i  CIL library: CIL module
 0001:00000770       ??_GIRoot@core@UModSys@@UEAAPEAXI@Z 0000000180001770 f i plugin_test1.obj
 0001:00000790       ?get_generated_names@RGenerator@test1@test@modules@UModSys@@UEBAHAEAUSUniquePtrList@core@5@@Z 0000000180001790 f i plugin_test1.obj
 0001:000007b0       ?get_generated_types@RGenerator@test1@test@modules@UModSys@@UEBAHAEAUSUniquePtrList@core@5@PEBUSUniquePointerInfo@75@@Z 00000001800017b0 f i plugin_test1.obj
 0001:00000810       ?generate@RGenerator@test1@test@modules@UModSys@@UEAA_NAEAU?$TRefObject@UIRefObject@core@UModSys@@@tl@5@PEBUSUniquePointerInfo@core@5@AEBUSParameters@95@@Z 0000000180001810 f i plugin_test1.obj
 0001:000008b0       ?get_interface_info@RGenerator@test1@test@modules@UModSys@@UEBAAEBUSUniquePointerInfo@core@5@XZ 00000001800018b0 f i plugin_test1.obj
 0001:000008c0       ?get_interface_type@RGenerator@test1@test@modules@UModSys@@UEBAPEBUSUniquePointerInfo@core@5@XZ 00000001800018c0 f i plugin_test1.obj
 0001:000008d0       ?get_other_interface@RGenerator@test1@test@modules@UModSys@@UEBAPEBUIRoot@core@5@PEBUSUniquePointerInfo@75@@Z 00000001800018d0 f i plugin_test1.obj
 0001:000008d0       ?get_other_interface@RGenerator@test1@test@modules@UModSys@@UEAAPEAUIRoot@core@5@PEBUSUniquePointerInfo@75@@Z 00000001800018d0 f i plugin_test1.obj
 0001:00000910       ?ref_add@RTest1_Shell@test1@test@modules@UModSys@@UEBAXXZ 0000000180001910 f i plugin_test1.obj
 0001:00000910       ?ref_add@RGenerator@test1@test@modules@UModSys@@UEBAXXZ 0000000180001910 f i plugin_test1.obj
 0001:00000920       ?ref_links@RGenerator@test1@test@modules@UModSys@@UEBAHXZ 0000000180001920 f i plugin_test1.obj
 0001:00000920       ?ref_links@RTest1_Shell@test1@test@modules@UModSys@@UEBAHXZ 0000000180001920 f i plugin_test1.obj
 0001:00000930       ?suicide@RGenerator@test1@test@modules@UModSys@@UEAAXXZ 0000000180001930 f i plugin_test1.obj
 0001:00000940       ?get_uid@RGenerator@test1@test@modules@UModSys@@UEBAPEBUSUniquePointerInfo@core@5@XZ 0000000180001940 f i plugin_test1.obj
 0001:00000950       ?do_open@RModuleReg@test1@test@modules@UModSys@@UEAA_NXZ 0000000180001950 f i plugin_test1.obj
 0001:00000980       ?do_close@RModuleReg@test1@test@modules@UModSys@@UEAA_NXZ 0000000180001980 f i plugin_test1.obj
 0001:000009b0       ??_ERModuleReg@test1@test@modules@UModSys@@UEAAPEAXI@Z 00000001800019b0 f i  CIL library: CIL module
 0001:000009b0       ??_GRModuleReg@test1@test@modules@UModSys@@UEAAPEAXI@Z 00000001800019b0 f i plugin_test1.obj
 0001:000009e0       ??_GIRefObject@core@UModSys@@UEAAPEAXI@Z 00000001800019e0 f i plugin_test1.obj
 0001:000009e0       ??_ERGenerator@test1@test@modules@UModSys@@UEAAPEAXI@Z 00000001800019e0 f i  CIL library: CIL module
 0001:000009e0       ??_GRGenerator@test1@test@modules@UModSys@@UEAAPEAXI@Z 00000001800019e0 f i plugin_test1.obj
 0001:000009e0       ??_EIRefObject@core@UModSys@@UEAAPEAXI@Z 00000001800019e0 f i  CIL library: CIL module
 0001:00000a00       ??1?$TRefObject@UIStreamReader@libmedia@UModSys@@@tl@UModSys@@QEAA@XZ 0000000180001a00 f i plugin_test1.obj
 0001:00000a00       ??1?$TRefObject@UIModObject@base@UModSys@@@tl@UModSys@@QEAA@XZ 0000000180001a00 f i plugin_test1.obj
 0001:00000a00       ??1?$TRefObject@UIStreamWriter@libmedia@UModSys@@@tl@UModSys@@QEAA@XZ 0000000180001a00 f i plugin_test1.obj
 0001:00000a00       ??1?$TRefObject@UIRefObject@core@UModSys@@@tl@UModSys@@QEAA@XZ 0000000180001a00 f i plugin_test1.obj
 0001:00000a30       ??$shash@D@su@tl@UModSys@@YAHPEBD_K@Z 0000000180001a30 f i umodsys_lib_base:umodsys.base.moduleinfo.obj
 0001:00000a60       ??_GRModuleLibraryReg_Chain@base@UModSys@@UEAAPEAXI@Z 0000000180001a60 f i umodsys_lib_base:umodsys.base.moduleregchain.obj
 0001:00000a60       ??_ERModuleLibraryReg_Chain@base@UModSys@@UEAAPEAXI@Z 0000000180001a60 f i  CIL library: CIL module
 0001:00000a90       ??_EIModuleReg@base@UModSys@@UEAAPEAXI@Z 0000000180001a90 f i  CIL library: CIL module
 0001:00000a90       ??_GIModuleReg@base@UModSys@@UEAAPEAXI@Z 0000000180001a90 f i umodsys_lib_base:umodsys.base.modulereg.obj
 0001:00000ac0       ??_GIModuleLibraryReg@base@UModSys@@UEAAPEAXI@Z 0000000180001ac0 f i umodsys_lib_base:umodsys.base.modulereg.obj
 0001:00000ac0       ??_EIModuleLibraryReg@base@UModSys@@UEAAPEAXI@Z 0000000180001ac0 f i  CIL library: CIL module
 0001:00000ae4       _onexit                    0000000180001ae4 f   MSVCRT:atonexit.obj
 0001:00000b94       atexit                     0000000180001b94 f   MSVCRT:atonexit.obj
 0001:00000bac       _purecall                  0000000180001bac f   MSVCRT:MSVCR90.dll
 0001:00000bb2       ??3@YAXPEAX@Z              0000000180001bb2 f   MSVCRT:MSVCR90.dll
 0001:00000bb8       ??_Etype_info@@UEAAPEAXI@Z 0000000180001bb8 f i MSVCRT:ti_inst.obj
 0001:00000c84       _CRT_INIT                  0000000180001c84 f   MSVCRT:crtdll.obj
 0001:00001018       _DllMainCRTStartup         0000000180002018 f   MSVCRT:crtdll.obj
 0001:00001056       __C_specific_handler       0000000180002056 f   MSVCRT:MSVCR90.dll
 0001:0000105c       _unlock                    000000018000205c f   MSVCRT:MSVCR90.dll
 0001:00001062       __dllonexit                0000000180002062 f   MSVCRT:MSVCR90.dll
 0001:00001068       _lock                      0000000180002068 f   MSVCRT:MSVCR90.dll
 0001:00001070       ?__ArrayUnwind@@YAXPEAX_KHP6AX0@Z@Z 0000000180002070 f   MSVCRT:ehvecdtr.obj
 0001:000010bc       ??_M@YAXPEAX_KHP6AX0@Z@Z   00000001800020bc f   MSVCRT:ehvecdtr.obj
 0001:0000111c       __clean_type_info_names    000000018000211c f   MSVCRT:tncleanup.obj
 0001:00001128       _RTC_Initialize            0000000180002128 f   MSVCRT:_initsect_.obj
 0001:00001160       _RTC_Terminate             0000000180002160 f   MSVCRT:_initsect_.obj
 0001:000011a0       _ValidateImageBase         00000001800021a0 f   MSVCRT:pesect.obj
 0001:000011d0       _FindPESection             00000001800021d0 f   MSVCRT:pesect.obj
 0001:00001220       _IsNonwritableInCurrentImage 0000000180002220 f   MSVCRT:pesect.obj
 0001:00001262       _initterm                  0000000180002262 f   MSVCRT:MSVCR90.dll
 0001:00001268       _initterm_e                0000000180002268 f   MSVCRT:MSVCR90.dll
 0001:0000126e       _amsg_exit                 000000018000226e f   MSVCRT:MSVCR90.dll
 0001:00001274       __CppXcptFilter            0000000180002274 f   MSVCRT:MSVCR90.dll
 0001:0000127c       DllMain                    000000018000227c f   MSVCRT:dllmain.obj
 0001:000012a0       __security_init_cookie     00000001800022a0 f   MSVCRT:gs_support.obj
 0001:00001354       ?terminate@@YAXXZ          0000000180002354 f   MSVCRT:MSVCR90.dll
 0001:0000135a       ??1type_info@@UEAA@XZ      000000018000235a f   MSVCRT:MSVCR90.dll
 0001:0000135a       ?_type_info_dtor_internal_method@type_info@@QEAAXXZ 000000018000235a f   MSVCRT:MSVCR90.dll
 0001:00001360       __clean_type_info_names_internal 0000000180002360 f   MSVCRT:MSVCR90.dll
 0001:00001370       ?suicide@IRoot@core@UModSys@@UEAAXXZ 0000000180002370 f   umodsys_lib_core:umodsys.core.objects.obj
 0001:00001380       ??1IRoot@core@UModSys@@UEAA@XZ 0000000180002380 f   umodsys_lib_core:umodsys.core.objects.obj
 0001:000013a0       ??1IRefObject@core@UModSys@@UEAA@XZ 00000001800023a0 f   umodsys_lib_core:umodsys.core.objects.obj
 0001:000013c0       ??3IRoot@core@UModSys@@SAXPEAXAEBUSIMemAlloc@12@@Z 00000001800023c0 f   umodsys_lib_core:umodsys.core.objects.obj
 0001:000013e0       ??2IRoot@core@UModSys@@SAPEAX_KAEBUSIMemAlloc@12@@Z 00000001800023e0 f   umodsys_lib_core:umodsys.core.objects.obj
 0001:000013f0       ?s_unresolve@SUniquePointer@core@UModSys@@SAXPEAUIUniquePointerResolver@23@@Z 00000001800023f0 f   umodsys_lib_core:umodsys.core.uniqueptr.obj
 0001:00001460       ?s_resolve@SUniquePointer@core@UModSys@@SAXPEAUIUniquePointerResolver@23@@Z 0000000180002460 f   umodsys_lib_core:umodsys.core.uniqueptr.obj
 0001:000014e0       ??1SUniquePointer@core@UModSys@@QEAA@XZ 00000001800024e0 f   umodsys_lib_core:umodsys.core.uniqueptr.obj
 0001:00001510       ??0SUniquePointer@core@UModSys@@QEAA@H@Z 0000000180002510 f   umodsys_lib_core:umodsys.core.uniqueptr.obj
 0001:00001540       ??0SUniquePointer@core@UModSys@@QEAA@PEBD0H@Z 0000000180002540 f   umodsys_lib_core:umodsys.core.uniqueptr.obj
 0001:00001590       ??1IModuleLibraryReg@base@UModSys@@UEAA@XZ 0000000180002590 f   umodsys_lib_base:umodsys.base.modulereg.obj
 0001:000015b0       ??0IModuleLibraryReg@base@UModSys@@QEAA@XZ 00000001800025b0 f   umodsys_lib_base:umodsys.base.modulereg.obj
 0001:000015d0       ?mr_close@IModuleReg@base@UModSys@@UEAA_NXZ 00000001800025d0 f   umodsys_lib_base:umodsys.base.modulereg.obj
 0001:000015f0       ?mr_open@IModuleReg@base@UModSys@@UEAA_NXZ 00000001800025f0 f   umodsys_lib_base:umodsys.base.modulereg.obj
 0001:00001620       ?mr_isopen@IModuleReg@base@UModSys@@UEBA_NXZ 0000000180002620 f   umodsys_lib_base:umodsys.base.modulereg.obj
 0001:00001630       ??1IModuleReg@base@UModSys@@UEAA@XZ 0000000180002630 f   umodsys_lib_base:umodsys.base.modulereg.obj
 0001:00001650       ??0IModuleReg@base@UModSys@@QEAA@XZ 0000000180002650 f   umodsys_lib_base:umodsys.base.modulereg.obj
 0001:00001690       UModSys_Plugin_Entry2      0000000180002690 f   umodsys_lib_base:umodsys.so_main.win32.obj
 0001:000016a0       ??1RModuleLibraryReg_Chain@base@UModSys@@UEAA@XZ 00000001800026a0 f   umodsys_lib_base:umodsys.base.moduleregchain.obj
 0001:000016c0       ??0RModuleLibraryReg_Chain@base@UModSys@@QEAA@XZ 00000001800026c0 f   umodsys_lib_base:umodsys.base.moduleregchain.obj
 0001:000016f0       ?s_get@SModuleRegChain@base@UModSys@@SAPEAUIModuleReg@23@_K@Z 00000001800026f0 f   umodsys_lib_base:umodsys.base.moduleregchain.obj
 0001:00001730       ??1SModuleRegChain@base@UModSys@@QEAA@XZ 0000000180002730 f   umodsys_lib_base:umodsys.base.moduleregchain.obj
 0001:00001760       ??0SModuleRegChain@base@UModSys@@QEAA@AEAUIModuleReg@12@@Z 0000000180002760 f   umodsys_lib_base:umodsys.base.moduleregchain.obj
 0001:000017b0       ?mlr_isopen@RModuleLibraryReg_Chain@base@UModSys@@UEBA_NXZ 00000001800027b0 f   umodsys_lib_base:umodsys.base.moduleregchain.obj
 0001:000017d0       ?mlr_close@RModuleLibraryReg_Chain@base@UModSys@@UEAA_NXZ 00000001800027d0 f   umodsys_lib_base:umodsys.base.moduleregchain.obj
 0001:00001810       ?mlr_open@RModuleLibraryReg_Chain@base@UModSys@@UEAA_NPEAUISystem@23@PEAUIMemAlloc@core@3@@Z 0000000180002810 f   umodsys_lib_base:umodsys.base.moduleregchain.obj
 0001:00001850       ?mlr_get@RModuleLibraryReg_Chain@base@UModSys@@UEBAPEAUIModuleReg@23@_K@Z 0000000180002850 f   umodsys_lib_base:umodsys.base.moduleregchain.obj
 0001:00001860       ?mlr_count@RModuleLibraryReg_Chain@base@UModSys@@UEBA_KXZ 0000000180002860 f   umodsys_lib_base:umodsys.base.moduleregchain.obj
 0001:000018a0       ??0SModuleRegChain@base@UModSys@@QEAA@H@Z 00000001800028a0 f   umodsys_lib_base:umodsys.base.moduleregchain.obj
 0001:000018c0       ??1SModuleInfo@base@UModSys@@QEAA@XZ 00000001800028c0 f   umodsys_lib_base:umodsys.base.moduleinfo.obj
 0001:000018d0       ?set@SModuleInfo@base@UModSys@@QEAAXPEBDHH0@Z 00000001800028d0 f   umodsys_lib_base:umodsys.base.moduleinfo.obj
 0001:00001970       ??0SModuleInfo@base@UModSys@@QEAA@XZ 0000000180002970 f   umodsys_lib_base:umodsys.base.moduleinfo.obj
 0001:000019a0       ?Link@SModuleContext@base@UModSys@@QEAAXPEAUISystem@23@PEAUIMemAlloc@core@3@@Z 00000001800029a0 f   umodsys_lib_base:umodsys.base.modulecontext.obj
 0001:00001a00       ??1SModuleContext@base@UModSys@@QEAA@XZ 0000000180002a00 f   umodsys_lib_base:umodsys.base.modulecontext.obj
 0001:00001a10       ?get_paramworker@SParameters@core@UModSys@@KAPEAUIParameters@23@XZ 0000000180002a10 f   umodsys_lib_base:umodsys.base.modulecontext.obj
 0001:00001a30       ??0SModuleContext@base@UModSys@@QEAA@XZ 0000000180002a30 f   umodsys_lib_base:umodsys.base.modulecontext.obj
 0001:00001a50       ?s_holder@RGenerator@test1@test@modules@UModSys@@SAAEAU?$TTypeStaticHolder@URGenerator@test1@test@modules@UModSys@@@tl@5@XZ 0000000180002a50 f   plugin_test1.obj
 0001:00001aa0       ?mod_dec@RGenerator@test1@test@modules@UModSys@@UEBA_NXZ 0000000180002aa0 f   plugin_test1.obj
 0001:00001ac0       ?mod_inc@RGenerator@test1@test@modules@UModSys@@UEBA_NXZ 0000000180002ac0 f   plugin_test1.obj
 0001:00001ae0       ?get_module@RGenerator@test1@test@modules@UModSys@@UEBAPEAUIModule@base@5@XZ 0000000180002ae0 f   plugin_test1.obj
 0001:00001af0       ?s_unreg@RGenerator@test1@test@modules@UModSys@@SA_NPEAUIModuleReg@base@5@@Z 0000000180002af0 f   plugin_test1.obj
 0001:00001b60       ?s_reg@RGenerator@test1@test@modules@UModSys@@SA_NPEAUIModuleReg@base@5@@Z 0000000180002b60 f   plugin_test1.obj
 0001:00001bd0       ?add@SUniquePtrList@core@UModSys@@QEAA_NPEBUSUniquePointerInfo@23@@Z 0000000180002bd0 f   umodsys_lib_core:umodsys.core.uniqueptrlist.obj
 0001:00001ca6       __CxxFrameHandler3         0000000180002ca6 f   MSVCRT:MSVCR90.dll
 0002:00000000       __imp_GetCurrentProcessId  0000000180004000     kernel32:KERNEL32.dll
 0002:00000008       __imp_GetCurrentThreadId   0000000180004008     kernel32:KERNEL32.dll
 0002:00000010       __imp_GetTickCount         0000000180004010     kernel32:KERNEL32.dll
 0002:00000018       __imp_QueryPerformanceCounter 0000000180004018     kernel32:KERNEL32.dll
 0002:00000020       __imp_DisableThreadLibraryCalls 0000000180004020     kernel32:KERNEL32.dll
 0002:00000028       __imp_Sleep                0000000180004028     kernel32:KERNEL32.dll
 0002:00000030       __imp_GetSystemTimeAsFileTime 0000000180004030     kernel32:KERNEL32.dll
 0002:00000038       \177KERNEL32_NULL_THUNK_DATA 0000000180004038     kernel32:KERNEL32.dll
 0002:00000040       __imp__lock                0000000180004040     MSVCRT:MSVCR90.dll
 0002:00000048       __imp__onexit              0000000180004048     MSVCRT:MSVCR90.dll
 0002:00000050       __imp__decode_pointer      0000000180004050     MSVCRT:MSVCR90.dll
 0002:00000058       __imp__malloc_crt          0000000180004058     MSVCRT:MSVCR90.dll
 0002:00000060       __imp__initterm            0000000180004060     MSVCRT:MSVCR90.dll
 0002:00000068       __imp__initterm_e          0000000180004068     MSVCRT:MSVCR90.dll
 0002:00000070       __imp__encode_pointer      0000000180004070     MSVCRT:MSVCR90.dll
 0002:00000078       __imp__amsg_exit           0000000180004078     MSVCRT:MSVCR90.dll
 0002:00000080       __imp___CppXcptFilter      0000000180004080     MSVCRT:MSVCR90.dll
 0002:00000088       __imp_?terminate@@YAXXZ    0000000180004088     MSVCRT:MSVCR90.dll
 0002:00000090       __imp_?_type_info_dtor_internal_method@type_info@@QEAAXXZ 0000000180004090     MSVCRT:MSVCR90.dll
 0002:00000098       __imp___clean_type_info_names_internal 0000000180004098     MSVCRT:MSVCR90.dll
 0002:000000a0       __imp___dllonexit          00000001800040a0     MSVCRT:MSVCR90.dll
 0002:000000a8       __imp__unlock              00000001800040a8     MSVCRT:MSVCR90.dll
 0002:000000b0       __imp___C_specific_handler 00000001800040b0     MSVCRT:MSVCR90.dll
 0002:000000b8       __imp_free                 00000001800040b8     MSVCRT:MSVCR90.dll
 0002:000000c0       __imp_??3@YAXPEAX@Z        00000001800040c0     MSVCRT:MSVCR90.dll
 0002:000000c8       __imp__encoded_null        00000001800040c8     MSVCRT:MSVCR90.dll
 0002:000000d0       __imp__purecall            00000001800040d0     MSVCRT:MSVCR90.dll
 0002:000000d8       __imp___CxxFrameHandler3   00000001800040d8     MSVCRT:MSVCR90.dll
 0002:000000e0       \177MSVCR90_NULL_THUNK_DATA 00000001800040e0     MSVCRT:MSVCR90.dll
 0002:000000e8       __xc_a                     00000001800040e8     MSVCRT:cinitexe.obj
 0002:00000308       __xc_z                     0000000180004308     MSVCRT:cinitexe.obj
 0002:00000310       __xi_a                     0000000180004310     MSVCRT:cinitexe.obj
 0002:00000320       __xi_z                     0000000180004320     MSVCRT:cinitexe.obj
 0002:00000338       ??_7type_info@@6B@         0000000180004338     MSVCRT:ti_inst.obj
 0002:00000340       _pRawDllMain               0000000180004340     MSVCRT:crtdll.obj
 0002:00000340       _pDefaultRawDllMain        0000000180004340     MSVCRT:crtdll.obj
 0002:00000348       ??_C@_0P@GHFPNOJB@bad?5allocation?$AA@ 0000000180004348     plugin_test1.obj
 0002:00000358       ??_C@_0BF@OCNNAADO@UModSys?3?3core?3?3IRoot?$AA@ 0000000180004358     plugin_test1.obj
 0002:00000370       ??_C@_0BK@EMIJFOPA@UModSys?3?3core?3?3IRefObject?$AA@ 0000000180004370     plugin_test1.obj
 0002:00000390       ??_C@_0BL@IOMMHELF@UModSys?3?3core?3?3IParameters?$AA@ 0000000180004390     plugin_test1.obj
 0002:000003b0       ??_C@_0BH@LKDEEPPM@UModSys?3?3base?3?3IModule?$AA@ 00000001800043b0     plugin_test1.obj
 0002:000003c8       ??_C@_0BO@PHJOHFCB@UModSys?3?3base?3?3IModuleLibrary?$AA@ 00000001800043c8     plugin_test1.obj
 0002:000003e8       ??_C@_0BK@FDPIOPHG@UModSys?3?3base?3?3IModObject?$AA@ 00000001800043e8     plugin_test1.obj
 0002:00000408       ??_C@_0BK@OIBKNCKJ@UModSys?3?3base?3?3IGenerator?$AA@ 0000000180004408     plugin_test1.obj
 0002:00000428       ??_C@_0BG@PJBGCMEC@UModSys?3?3base?3?3IShell?$AA@ 0000000180004428     plugin_test1.obj
 0002:00000440       ??_C@_0BI@IKAOEFAP@UModSys?3?3base?3?3IConsole?$AA@ 0000000180004440     plugin_test1.obj
 0002:00000458       ??_C@_0BH@PFCONEJJ@UModSys?3?3base?3?3ISystem?$AA@ 0000000180004458     plugin_test1.obj
 0002:00000470       ??_C@_0CB@CLGNFEGF@UModSys?3?3libmedia?3?3IStreamReader@ 0000000180004470     plugin_test1.obj
 0002:00000498       ??_C@_0CB@HOPFFLP@UModSys?3?3libmedia?3?3IStreamWriter@ 0000000180004498     plugin_test1.obj
 0002:000004c0       ??_C@_0CA@BFJGGLCC@UModSys?3?3libmedia?3?3IDataArchive?$AA@ 00000001800044c0     plugin_test1.obj
 0002:000004e0       ??_C@_0CM@LNHNHIJB@UModSys?3?3modules?3?3test?3?3test1?3?3R@ 00000001800044e0     plugin_test1.obj
 0002:00000510       ??_C@_0M@LAGNAJEJ@?$CK?3?3stdio?3?3?$CK?$AA@ 0000000180004510     plugin_test1.obj
 0002:00000520       ??_C@_0O@CMKKEPPD@read?9test?4txt?$AA@ 0000000180004520     plugin_test1.obj
 0002:00000530       ??_C@_08BABJIOEM@filename?$AA@ 0000000180004530     plugin_test1.obj
 0002:00000540       ??_C@_0BK@JMHCEPK@?5?5found?5reader?3?5?$CFs?5?$DN?$DO?5?$CFp?6?$AA@ 0000000180004540     plugin_test1.obj
 0002:00000560       ??_C@_0P@HIBABMLC@write?9test?4txt?$AA@ 0000000180004560     plugin_test1.obj
 0002:00000570       ??_C@_04FAOFCKOL@safe?$AA@ 0000000180004570     plugin_test1.obj
 0002:00000578       ??_C@_0BK@ONIPKACL@?5?5found?5writer?3?5?$CFs?5?$DN?$DO?5?$CFp?6?$AA@ 0000000180004578     plugin_test1.obj
 0002:00000598       ??_C@_0O@OKDOBIEG@?5?5read?3?5?$HL?$CFs?$HN?6?$AA@ 0000000180004598     plugin_test1.obj
 0002:000005a8       ??_C@_0L@BBJPPDJK@?5?5written?6?$AA@ 00000001800045a8     plugin_test1.obj
 0002:000005b8       ??_C@_0BC@NIGGCDMG@RTest1_Shell?$CI?$CJ?5?$HL?6?$AA@ 00000001800045b8     plugin_test1.obj
 0002:000005d0       ??_C@_0DK@JIEMIEKA@UModSys?3?3modules?3?3test?3?3test1?3?3R@ 00000001800045d0     plugin_test1.obj
 0002:00000610       ??_C@_0CK@OICDGBDJ@?4?4?2?4?4?2?4?4?2src?2plugin?2test?2plugin_@ 0000000180004610     plugin_test1.obj
 0002:00000640       ??_C@_0BF@BMCPNMPN@?$HN?5?1?1?5RTest1_Shell?$CI?$CJ?6?$AA@ 0000000180004640     plugin_test1.obj
 0002:00000658       ??_C@_0DL@OIAHAJF@UModSys?3?3modules?3?3test?3?3test1?3?3R@ 0000000180004658     plugin_test1.obj
 0002:00000698       ??_C@_0BB@MLDFLEML@?$HORTest1_Shell?$CI?$CJ?6?$AA@ 0000000180004698     plugin_test1.obj
 0002:000006b0       ??_C@_0BJ@CCPCJEPP@RTest1_Shell?3?3connect?$CI?$CJ?6?$AA@ 00000001800046b0     plugin_test1.obj
 0002:000006d0       ??_C@_0BM@KBDBHLN@RTest1_Shell?3?3disconnect?$CI?$CJ?6?$AA@ 00000001800046d0     plugin_test1.obj
 0002:000006f0       ??_C@_0BI@PGLACHLJ@RTest1_Shell?3?3tick?$CI?$CFg?$CJ?6?$AA@ 00000001800046f0     plugin_test1.obj
 0002:00000708       ??_C@_0BM@JFIEEBE@RTest1_Shell?3?3command?$CI?$CD?$CFd?$CJ?6?$AA@ 0000000180004708     plugin_test1.obj
 0002:00000728       ??_C@_0CK@DEJPICLK@UModSys?3?3modules?3?3test?3?3test1?3?3R@ 0000000180004728     plugin_test1.obj
 0002:00000758       ??_C@_0DD@HMBJLEH@UMODSYS_MODULE_NAME?$CItest?0test1?$CJ?3@ 0000000180004758     plugin_test1.obj
 0002:00000790       ??_C@_0BA@NMEBLMNE@Test?51?5?9?5module?$AA@ 0000000180004790     plugin_test1.obj
 0002:000007a0       ??_C@_05GENPCEMM@Test1?$AA@ 00000001800047a0     plugin_test1.obj
 0002:000007a8       ??_C@_0BE@HJEBHPIG@RModuleReg?3?3open?$CI?$CJ?6?$AA@ 00000001800047a8     plugin_test1.obj
 0002:000007c0       ??_C@_0BF@KIBBFLP@RModuleReg?3?3close?$CI?$CJ?6?$AA@ 00000001800047c0     plugin_test1.obj
 0002:000007d8       ??_C@_09JGNMLHG@modobject?$AA@ 00000001800047d8     plugin_test1.obj
 0002:000007e8       ??_C@_08FCBDOIAH@typeinfo?$AA@ 00000001800047e8     plugin_test1.obj
 0002:00000808       ??_7IRoot@core@UModSys@@6B@ 0000000180004808     plugin_test1.obj
 0002:00000848       ??_7IRefObject@core@UModSys@@6B@ 0000000180004848     plugin_test1.obj
 0002:000008a8       ??_7RTest1_Shell@test1@test@modules@UModSys@@6B@ 00000001800048a8     plugin_test1.obj
 0002:00000928       ??_7RGenerator@test1@test@modules@UModSys@@6B@ 0000000180004928     plugin_test1.obj
 0002:000009b8       ??_7RModuleReg@test1@test@modules@UModSys@@6B@ 00000001800049b8     plugin_test1.obj
 0002:000009f0       ??_7RModuleLibraryReg_Chain@base@UModSys@@6B@ 00000001800049f0     umodsys_lib_base:umodsys.base.moduleregchain.obj
 0002:00000a28       ??_7IModuleReg@base@UModSys@@6B@ 0000000180004a28     umodsys_lib_base:umodsys.base.modulereg.obj
 0002:00000a60       ??_7IModuleLibraryReg@base@UModSys@@6B@ 0000000180004a60     umodsys_lib_base:umodsys.base.modulereg.obj
 0002:00000a90       __real@3f50624dd2f1a9fc    0000000180004a90      CIL library: CIL module
 0002:00000b60       ??_R4type_info@@6B@        0000000180004b60     MSVCRT:ti_inst.obj
 0002:00000b88       ??_R3type_info@@8          0000000180004b88     MSVCRT:ti_inst.obj
 0002:00000ba0       ??_R2type_info@@8          0000000180004ba0     MSVCRT:ti_inst.obj
 0002:00000bb0       ??_R1A@?0A@EA@type_info@@8 0000000180004bb0     MSVCRT:ti_inst.obj
 0002:00000bd8       ??_R4RModuleReg@test1@test@modules@UModSys@@6B@ 0000000180004bd8     plugin_test1.obj
 0002:00000c00       ??_R3RModuleReg@test1@test@modules@UModSys@@8 0000000180004c00     plugin_test1.obj
 0002:00000c18       ??_R2RModuleReg@test1@test@modules@UModSys@@8 0000000180004c18     plugin_test1.obj
 0002:00000c30       ??_R1A@?0A@EA@IModuleReg@base@UModSys@@8 0000000180004c30     plugin_test1.obj
 0002:00000c58       ??_R3IModuleReg@base@UModSys@@8 0000000180004c58     plugin_test1.obj
 0002:00000c70       ??_R2IModuleReg@base@UModSys@@8 0000000180004c70     plugin_test1.obj
 0002:00000c80       ??_R1A@?0A@EA@RModuleReg@test1@test@modules@UModSys@@8 0000000180004c80     plugin_test1.obj
 0002:00000ca8       ??_R4RGenerator@test1@test@modules@UModSys@@6B@ 0000000180004ca8     plugin_test1.obj
 0002:00000cd0       ??_R3RGenerator@test1@test@modules@UModSys@@8 0000000180004cd0     plugin_test1.obj
 0002:00000ce8       ??_R2RGenerator@test1@test@modules@UModSys@@8 0000000180004ce8     plugin_test1.obj
 0002:00000d18       ??_R1A@?0A@EA@RGenerator@test1@test@modules@UModSys@@8 0000000180004d18     plugin_test1.obj
 0002:00000d40       ??_R4RTest1_Shell@test1@test@modules@UModSys@@6B@ 0000000180004d40     plugin_test1.obj
 0002:00000d68       ??_R3RTest1_Shell@test1@test@modules@UModSys@@8 0000000180004d68     plugin_test1.obj
 0002:00000d80       ??_R2RTest1_Shell@test1@test@modules@UModSys@@8 0000000180004d80     plugin_test1.obj
 0002:00000da8       ??_R1A@?0A@EA@RTest1_Shell@test1@test@modules@UModSys@@8 0000000180004da8     plugin_test1.obj
 0002:00000dd0       ??_R3IShell@base@UModSys@@8 0000000180004dd0     plugin_test1.obj
 0002:00000de8       ??_R2IShell@base@UModSys@@8 0000000180004de8     plugin_test1.obj
 0002:00000e08       ??_R1A@?0A@EA@IShell@base@UModSys@@8 0000000180004e08     plugin_test1.obj
 0002:00000e30       ??_R3IGenerator@base@UModSys@@8 0000000180004e30     plugin_test1.obj
 0002:00000e48       ??_R2IGenerator@base@UModSys@@8 0000000180004e48     plugin_test1.obj
 0002:00000e70       ??_R1A@?0A@EA@IGenerator@base@UModSys@@8 0000000180004e70     plugin_test1.obj
 0002:00000e98       ??_R3IModObject@base@UModSys@@8 0000000180004e98     plugin_test1.obj
 0002:00000eb0       ??_R2IModObject@base@UModSys@@8 0000000180004eb0     plugin_test1.obj
 0002:00000ed0       ??_R1A@?0A@EA@IModObject@base@UModSys@@8 0000000180004ed0     plugin_test1.obj
 0002:00000ef8       ??_R4IRefObject@core@UModSys@@6B@ 0000000180004ef8     plugin_test1.obj
 0002:00000f20       ??_R3IRefObject@core@UModSys@@8 0000000180004f20     plugin_test1.obj
 0002:00000f38       ??_R2IRefObject@core@UModSys@@8 0000000180004f38     plugin_test1.obj
 0002:00000f50       ??_R1A@?0A@EA@IRefObject@core@UModSys@@8 0000000180004f50     plugin_test1.obj
 0002:00000f78       ??_R4IRoot@core@UModSys@@6B@ 0000000180004f78     plugin_test1.obj
 0002:00000fa0       ??_R3IRoot@core@UModSys@@8 0000000180004fa0     plugin_test1.obj
 0002:00000fb8       ??_R2IRoot@core@UModSys@@8 0000000180004fb8     plugin_test1.obj
 0002:00000fc8       ??_R1A@?0A@EA@IRoot@core@UModSys@@8 0000000180004fc8     plugin_test1.obj
 0002:00000ff0       ??_R4RModuleLibraryReg_Chain@base@UModSys@@6B@ 0000000180004ff0     umodsys_lib_base:umodsys.base.moduleregchain.obj
 0002:00001018       ??_R3RModuleLibraryReg_Chain@base@UModSys@@8 0000000180005018     umodsys_lib_base:umodsys.base.moduleregchain.obj
 0002:00001030       ??_R2RModuleLibraryReg_Chain@base@UModSys@@8 0000000180005030     umodsys_lib_base:umodsys.base.moduleregchain.obj
 0002:00001048       ??_R1A@?0A@EA@IModuleLibraryReg@base@UModSys@@8 0000000180005048     umodsys_lib_base:umodsys.base.moduleregchain.obj
 0002:00001070       ??_R3IModuleLibraryReg@base@UModSys@@8 0000000180005070     umodsys_lib_base:umodsys.base.moduleregchain.obj
 0002:00001088       ??_R2IModuleLibraryReg@base@UModSys@@8 0000000180005088     umodsys_lib_base:umodsys.base.moduleregchain.obj
 0002:00001098       ??_R1A@?0A@EA@RModuleLibraryReg_Chain@base@UModSys@@8 0000000180005098     umodsys_lib_base:umodsys.base.moduleregchain.obj
 0002:000010c0       ??_R4IModuleLibraryReg@base@UModSys@@6B@ 00000001800050c0     umodsys_lib_base:umodsys.base.modulereg.obj
 0002:000010e8       ??_R4IModuleReg@base@UModSys@@6B@ 00000001800050e8     umodsys_lib_base:umodsys.base.modulereg.obj
 0002:00001110       __rtc_iaa                  0000000180005110     MSVCRT:_initsect_.obj
 0002:00001118       __rtc_izz                  0000000180005118     MSVCRT:_initsect_.obj
 0002:00001120       __rtc_taa                  0000000180005120     MSVCRT:_initsect_.obj
 0002:00001128       __rtc_tzz                  0000000180005128     MSVCRT:_initsect_.obj
 0002:000014b8       __IMPORT_DESCRIPTOR_MSVCR90 00000001800054b8     MSVCRT:MSVCR90.dll
 0002:000014cc       __IMPORT_DESCRIPTOR_KERNEL32 00000001800054cc     kernel32:KERNEL32.dll
 0002:000014e0       __NULL_IMPORT_DESCRIPTOR   00000001800054e0     MSVCRT:MSVCR90.dll
 0003:00000000       ??_R0?AVtype_info@@@8      0000000180006000     MSVCRT:ti_inst.obj
 0003:00000020       __native_dllmain_reason    0000000180006020     MSVCRT:natstart.obj
 0003:00000024       __native_vcclrit_reason    0000000180006024     MSVCRT:natstart.obj
 0003:00000028       __security_cookie          0000000180006028     MSVCRT:gs_cookie.obj
 0003:00000030       __security_cookie_complement 0000000180006030     MSVCRT:gs_cookie.obj
 0003:00000038       ??_R0?AUIModuleReg@base@UModSys@@@8 0000000180006038     plugin_test1.obj
 0003:00000068       ??_R0?AURModuleReg@test1@test@modules@UModSys@@@8 0000000180006068     plugin_test1.obj
 0003:000000a8       ??_R0?AURGenerator@test1@test@modules@UModSys@@@8 00000001800060a8     plugin_test1.obj
 0003:000000e8       ??_R0?AURTest1_Shell@test1@test@modules@UModSys@@@8 00000001800060e8     plugin_test1.obj
 0003:00000128       ??_R0?AUIShell@base@UModSys@@@8 0000000180006128     plugin_test1.obj
 0003:00000158       ??_R0?AUIGenerator@base@UModSys@@@8 0000000180006158     plugin_test1.obj
 0003:00000188       ??_R0?AUIModObject@base@UModSys@@@8 0000000180006188     plugin_test1.obj
 0003:000001b8       ??_R0?AUIRefObject@core@UModSys@@@8 00000001800061b8     plugin_test1.obj
 0003:000001e8       ??_R0?AUIRoot@core@UModSys@@@8 00000001800061e8     plugin_test1.obj
 0003:00000248       ?so_entry_enabled_flag@base@UModSys@@3HA 0000000180006248     umodsys_lib_base:umodsys.so_main.win32.obj
 0003:00000270       ??_R0?AUIModuleLibraryReg@base@UModSys@@@8 0000000180006270     umodsys_lib_base:umodsys.base.moduleregchain.obj
 0003:000002a8       ??_R0?AURModuleLibraryReg_Chain@base@UModSys@@@8 00000001800062a8     umodsys_lib_base:umodsys.base.moduleregchain.obj
 0003:000002e4       _fltused                   00000001800062e4     MSVCRT:dllsupp.obj
 0003:000002f4       _forceCRTManifestRTM       00000001800062f4     MSVCRT:crtmanifestrtm.obj
 0003:000002f8       ?__type_info_root_node@@3U__type_info_node@@A 00000001800062f8     MSVCRT:tncleanup.obj
 0003:00000338       ?s_id@?$TObjectUniqueID@UIModObject@base@UModSys@@@tl@UModSys@@2USUniquePointer@core@3@A 0000000180006338     plugin_test1.obj
 0003:00000368       ?s_id@?$TObjectUniqueID@UIGenerator@base@UModSys@@@tl@UModSys@@2USUniquePointer@core@3@A 0000000180006368     plugin_test1.obj
 0003:00000398       ?s_id@?$TObjectUniqueID@UIModule@base@UModSys@@@tl@UModSys@@2USUniquePointer@core@3@A 0000000180006398     plugin_test1.obj
 0003:000003c8       ?s_id@?$TObjectUniqueID@UIRoot@core@UModSys@@@tl@UModSys@@2USUniquePointer@core@3@A 00000001800063c8     plugin_test1.obj
 0003:000003f8       ?s_id@?$TObjectUniqueID@UIStreamWriter@libmedia@UModSys@@@tl@UModSys@@2USUniquePointer@core@3@A 00000001800063f8     plugin_test1.obj
 0003:00000428       ?s_id@?$TObjectUniqueID@UISystem@base@UModSys@@@tl@UModSys@@2USUniquePointer@core@3@A 0000000180006428     plugin_test1.obj
 0003:00000458       ?s_id@?$TObjectUniqueID@URTest1_Shell@test1@test@modules@UModSys@@@tl@UModSys@@2USUniquePointer@core@3@A 0000000180006458     plugin_test1.obj
 0003:00000488       ?s_id@?$TObjectUniqueID@UIRefObject@core@UModSys@@@tl@UModSys@@2USUniquePointer@core@3@A 0000000180006488     plugin_test1.obj
 0003:000004b8       ?s_id@?$TObjectUniqueID@UIShell@base@UModSys@@@tl@UModSys@@2USUniquePointer@core@3@A 00000001800064b8     plugin_test1.obj
 0003:000004e8       ?s_id@?$TObjectUniqueID@UIConsole@base@UModSys@@@tl@UModSys@@2USUniquePointer@core@3@A 00000001800064e8     plugin_test1.obj
 0003:00000518       ?s_id@?$TObjectUniqueID@UIDataArchive@libmedia@UModSys@@@tl@UModSys@@2USUniquePointer@core@3@A 0000000180006518     plugin_test1.obj
 0003:00000548       ?s_id@?$TObjectUniqueID@URGenerator@test1@test@modules@UModSys@@@tl@UModSys@@2USUniquePointer@core@3@A 0000000180006548     plugin_test1.obj
 0003:00000580       ?s_modreg@RModuleReg@test1@test@modules@UModSys@@2U12345@A 0000000180006580     plugin_test1.obj
 0003:000005d0       ?s_modreg_chain@RModuleReg@test1@test@modules@UModSys@@2USModuleRegChain@base@5@A 00000001800065d0     plugin_test1.obj
 0003:000005e8       ?s_uid@RGenerator@test1@test@modules@UModSys@@2USUniquePointer@core@5@A 00000001800065e8     plugin_test1.obj
 0003:00000618       ?M@UModSys@@3USModuleContext@base@1@A 0000000180006618     umodsys_lib_base:umodsys.base.modulecontext.obj
 0003:00000638       ?s_library@RModuleLibraryReg_Chain@base@UModSys@@2U123@A 0000000180006638     umodsys_lib_base:umodsys.base.moduleregchain.obj
 0003:00000640       ?root@SModuleRegChain@base@UModSys@@2U123@A 0000000180006640     umodsys_lib_base:umodsys.base.moduleregchain.obj
 0003:00000658       ?root@SUniquePointer@core@UModSys@@2U123@A 0000000180006658     umodsys_lib_core:umodsys.core.uniqueptr.obj
 0003:00000688       ?s_id@?$TObjectUniqueID@UIModuleLibrary@base@UModSys@@@tl@UModSys@@2USUniquePointer@core@3@A 0000000180006688     plugin_test1.obj
 0003:000006b8       ?s_id@?$TObjectUniqueID@UIStreamReader@libmedia@UModSys@@@tl@UModSys@@2USUniquePointer@core@3@A 00000001800066b8     plugin_test1.obj
 0003:000006e8       ?s_id@?$TObjectUniqueID@UIParameters@core@UModSys@@@tl@UModSys@@2USUniquePointer@core@3@A 00000001800066e8     plugin_test1.obj
 0003:00000718       __native_startup_state     0000000180006718     <common>
 0003:00000720       __native_startup_lock      0000000180006720     <common>
 0003:00000728       __dyn_tls_init_callback    0000000180006728     <common>
 0003:00000730       __onexitend                0000000180006730     <common>
 0003:00000738       __onexitbegin              0000000180006738     <common>

 entry point at        0001:00001018

 Static symbols

 0001:00000c24       pre_c_init                 0000000180001c24 f   MSVCRT:crtdll.obj
 0001:00000ee0       __DllMainCRTStartup        0000000180001ee0 f   MSVCRT:crtdll.obj
 0001:00001cb0       _onexit$fin$0              0000000180002cb0 f   MSVCRT:atonexit.obj
 0001:00001cc9       __DllMainCRTStartup$filt$0 0000000180002cc9 f   MSVCRT:crtdll.obj
 0001:00001cf9       __DllMainCRTStartup$fin$1  0000000180002cf9 f   MSVCRT:crtdll.obj
 0001:00001d12       ?filt$0@?0??__ArrayUnwind@@YAXPEAX_KHP6AX0@Z@Z@4HA 0000000180002d12 f   MSVCRT:ehvecdtr.obj
 0001:00001d51       ?fin$0@?0???_M@YAXPEAX_KHP6AX0@Z@Z@4HA 0000000180002d51 f   MSVCRT:ehvecdtr.obj
 0001:00001d80       _IsNonwritableInCurrentImage$filt$0 0000000180002d80 f   MSVCRT:pesect.obj
 0001:00001db0       ?dtor$0@?0???0RTest1_Shell@test1@test@modules@UModSys@@QEAA@PEAUIModObject@base@4@@Z@4HA 0000000180002db0 f    CIL library: CIL module
 0001:00001db0       ?dtor$0@?0???1RTest1_Shell@test1@test@modules@UModSys@@UEAA@XZ@4HA 0000000180002db0 f    CIL library: CIL module
 0001:00001dd0       ?dtor$0@?0??suicide@RTest1_Shell@test1@test@modules@UModSys@@UEAAXXZ@4HA 0000000180002dd0 f    CIL library: CIL module
 0001:00001df0       ?dtor$0@?0??file_test@RTest1_Shell@test1@test@modules@UModSys@@QEAAXXZ@4HA 0000000180002df0 f    CIL library: CIL module
 0001:00001e10       ?dtor$1@?0??file_test@RTest1_Shell@test1@test@modules@UModSys@@QEAAXXZ@4HA 0000000180002e10 f    CIL library: CIL module
 0001:00001e30       ?dtor$2@?0??file_test@RTest1_Shell@test1@test@modules@UModSys@@QEAAXXZ@4HA 0000000180002e30 f    CIL library: CIL module
 0001:00001e50       ?dtor$5@?0??file_test@RTest1_Shell@test1@test@modules@UModSys@@QEAAXXZ@4HA 0000000180002e50 f    CIL library: CIL module
 0001:00001e70       ?dtor$3@?0??file_test@RTest1_Shell@test1@test@modules@UModSys@@QEAAXXZ@4HA 0000000180002e70 f    CIL library: CIL module
 0001:00001e90       ?dtor$8@?0??file_test@RTest1_Shell@test1@test@modules@UModSys@@QEAAXXZ@4HA 0000000180002e90 f    CIL library: CIL module
 0001:00001eb0       ?dtor$0@?0??generate@RGenerator@test1@test@modules@UModSys@@UEAA_NAEAU?$TRefObject@UIRefObject@core@UModSys@@@tl@5@PEBUSUniquePointerInfo@core@5@AEBUSParameters@95@@Z@4HA 0000000180002eb0 f    CIL library: CIL module
 0001:00001ed0       ??__E?s_modreg@RModuleReg@test1@test@modules@UModSys@@2U12345@A@@YAXXZ 0000000180002ed0 f    CIL library: CIL module
 0001:00001f30       ??__E?s_modreg_chain@RModuleReg@test1@test@modules@UModSys@@2USModuleRegChain@base@5@A@@YAXXZ 0000000180002f30 f    CIL library: CIL module
 0001:00001f60       ??__E?s_uid@RGenerator@test1@test@modules@UModSys@@2USUniquePointer@core@5@A@@YAXXZ 0000000180002f60 f    CIL library: CIL module
 0001:00001fa0       ??__E?s_id@?$TObjectUniqueID@UIRoot@core@UModSys@@@tl@UModSys@@2USUniquePointer@core@3@A@@YAXXZ 0000000180002fa0 f    CIL library: CIL module
 0001:00001fe0       ??__E?s_id@?$TObjectUniqueID@UIRefObject@core@UModSys@@@tl@UModSys@@2USUniquePointer@core@3@A@@YAXXZ 0000000180002fe0 f    CIL library: CIL module
 0001:00002020       ??__E?s_id@?$TObjectUniqueID@UIParameters@core@UModSys@@@tl@UModSys@@2USUniquePointer@core@3@A@@YAXXZ 0000000180003020 f    CIL library: CIL module
 0001:00002060       ??__E?s_id@?$TObjectUniqueID@UIModule@base@UModSys@@@tl@UModSys@@2USUniquePointer@core@3@A@@YAXXZ 0000000180003060 f    CIL library: CIL module
 0001:000020a0       ??__E?s_id@?$TObjectUniqueID@UIModuleLibrary@base@UModSys@@@tl@UModSys@@2USUniquePointer@core@3@A@@YAXXZ 00000001800030a0 f    CIL library: CIL module
 0001:000020e0       ??__E?s_id@?$TObjectUniqueID@UIModObject@base@UModSys@@@tl@UModSys@@2USUniquePointer@core@3@A@@YAXXZ 00000001800030e0 f    CIL library: CIL module
 0001:00002120       ??__E?s_id@?$TObjectUniqueID@UIGenerator@base@UModSys@@@tl@UModSys@@2USUniquePointer@core@3@A@@YAXXZ 0000000180003120 f    CIL library: CIL module
 0001:00002160       ??__E?s_id@?$TObjectUniqueID@UIShell@base@UModSys@@@tl@UModSys@@2USUniquePointer@core@3@A@@YAXXZ 0000000180003160 f    CIL library: CIL module
 0001:000021a0       ??__E?s_id@?$TObjectUniqueID@UIConsole@base@UModSys@@@tl@UModSys@@2USUniquePointer@core@3@A@@YAXXZ 00000001800031a0 f    CIL library: CIL module
 0001:000021e0       ??__E?s_id@?$TObjectUniqueID@UISystem@base@UModSys@@@tl@UModSys@@2USUniquePointer@core@3@A@@YAXXZ 00000001800031e0 f    CIL library: CIL module
 0001:00002220       ??__E?s_id@?$TObjectUniqueID@UIStreamReader@libmedia@UModSys@@@tl@UModSys@@2USUniquePointer@core@3@A@@YAXXZ 0000000180003220 f    CIL library: CIL module
 0001:00002260       ??__E?s_id@?$TObjectUniqueID@UIStreamWriter@libmedia@UModSys@@@tl@UModSys@@2USUniquePointer@core@3@A@@YAXXZ 0000000180003260 f    CIL library: CIL module
 0001:000022a0       ??__E?s_id@?$TObjectUniqueID@UIDataArchive@libmedia@UModSys@@@tl@UModSys@@2USUniquePointer@core@3@A@@YAXXZ 00000001800032a0 f    CIL library: CIL module
 0001:000022e0       ??__E?s_id@?$TObjectUniqueID@URTest1_Shell@test1@test@modules@UModSys@@@tl@UModSys@@2USUniquePointer@core@3@A@@YAXXZ 00000001800032e0 f    CIL library: CIL module
 0001:00002320       ??__E?s_id@?$TObjectUniqueID@URGenerator@test1@test@modules@UModSys@@@tl@UModSys@@2USUniquePointer@core@3@A@@YAXXZ 0000000180003320 f    CIL library: CIL module
 0001:00002360       ??__EM@UModSys@@YAXXZ      0000000180003360 f    CIL library: CIL module
 0001:00002380       ??__E?root@SModuleRegChain@base@UModSys@@2U123@A@@YAXXZ 0000000180003380 f    CIL library: CIL module
 0001:000023b0       ??__E?s_library@RModuleLibraryReg_Chain@base@UModSys@@2U123@A@@YAXXZ 00000001800033b0 f    CIL library: CIL module
 0001:000023d0       ??__E?root@SUniquePointer@core@UModSys@@2U123@A@@YAXXZ 00000001800033d0 f    CIL library: CIL module
 0001:00002400       ??__F?s_modreg@RModuleReg@test1@test@modules@UModSys@@2U12345@A@@YAXXZ 0000000180003400 f    CIL library: CIL module
 0001:00002420       ??__F?s_modreg_chain@RModuleReg@test1@test@modules@UModSys@@2USModuleRegChain@base@5@A@@YAXXZ 0000000180003420 f    CIL library: CIL module
 0001:00002430       ??__F?s_uid@RGenerator@test1@test@modules@UModSys@@2USUniquePointer@core@5@A@@YAXXZ 0000000180003430 f    CIL library: CIL module
 0001:00002440       ??__Fh@?1??s_holder@RGenerator@test1@test@modules@UModSys@@SAAEAU?$TTypeStaticHolder@URGenerator@test1@test@modules@UModSys@@@tl@5@XZ@YAXXZ 0000000180003440 f    CIL library: CIL module
 0001:00002470       ??__F?s_id@?$TObjectUniqueID@URGenerator@test1@test@modules@UModSys@@@tl@UModSys@@2USUniquePointer@core@3@A@@YAXXZ 0000000180003470 f    CIL library: CIL module
 0001:00002480       ??__F?s_id@?$TObjectUniqueID@URTest1_Shell@test1@test@modules@UModSys@@@tl@UModSys@@2USUniquePointer@core@3@A@@YAXXZ 0000000180003480 f    CIL library: CIL module
 0001:00002490       ??__F?s_id@?$TObjectUniqueID@UIDataArchive@libmedia@UModSys@@@tl@UModSys@@2USUniquePointer@core@3@A@@YAXXZ 0000000180003490 f    CIL library: CIL module
 0001:000024a0       ??__F?s_id@?$TObjectUniqueID@UIStreamWriter@libmedia@UModSys@@@tl@UModSys@@2USUniquePointer@core@3@A@@YAXXZ 00000001800034a0 f    CIL library: CIL module
 0001:000024b0       ??__F?s_id@?$TObjectUniqueID@UIStreamReader@libmedia@UModSys@@@tl@UModSys@@2USUniquePointer@core@3@A@@YAXXZ 00000001800034b0 f    CIL library: CIL module
 0001:000024c0       ??__F?s_id@?$TObjectUniqueID@UISystem@base@UModSys@@@tl@UModSys@@2USUniquePointer@core@3@A@@YAXXZ 00000001800034c0 f    CIL library: CIL module
 0001:000024d0       ??__F?s_id@?$TObjectUniqueID@UIConsole@base@UModSys@@@tl@UModSys@@2USUniquePointer@core@3@A@@YAXXZ 00000001800034d0 f    CIL library: CIL module
 0001:000024e0       ??__F?s_id@?$TObjectUniqueID@UIShell@base@UModSys@@@tl@UModSys@@2USUniquePointer@core@3@A@@YAXXZ 00000001800034e0 f    CIL library: CIL module
 0001:000024f0       ??__F?s_id@?$TObjectUniqueID@UIGenerator@base@UModSys@@@tl@UModSys@@2USUniquePointer@core@3@A@@YAXXZ 00000001800034f0 f    CIL library: CIL module
 0001:00002500       ??__F?s_id@?$TObjectUniqueID@UIModObject@base@UModSys@@@tl@UModSys@@2USUniquePointer@core@3@A@@YAXXZ 0000000180003500 f    CIL library: CIL module
 0001:00002510       ??__F?s_id@?$TObjectUniqueID@UIModuleLibrary@base@UModSys@@@tl@UModSys@@2USUniquePointer@core@3@A@@YAXXZ 0000000180003510 f    CIL library: CIL module
 0001:00002520       ??__F?s_id@?$TObjectUniqueID@UIModule@base@UModSys@@@tl@UModSys@@2USUniquePointer@core@3@A@@YAXXZ 0000000180003520 f    CIL library: CIL module
 0001:00002530       ??__F?s_id@?$TObjectUniqueID@UIParameters@core@UModSys@@@tl@UModSys@@2USUniquePointer@core@3@A@@YAXXZ 0000000180003530 f    CIL library: CIL module
 0001:00002540       ??__F?s_id@?$TObjectUniqueID@UIRefObject@core@UModSys@@@tl@UModSys@@2USUniquePointer@core@3@A@@YAXXZ 0000000180003540 f    CIL library: CIL module
 0001:00002550       ??__F?s_id@?$TObjectUniqueID@UIRoot@core@UModSys@@@tl@UModSys@@2USUniquePointer@core@3@A@@YAXXZ 0000000180003550 f    CIL library: CIL module
 0001:00002560       ??__FM@UModSys@@YAXXZ      0000000180003560 f    CIL library: CIL module
 0001:00002570       ??__F?root@SModuleRegChain@base@UModSys@@2U123@A@@YAXXZ 0000000180003570 f    CIL library: CIL module
 0001:00002580       ??__F?s_library@RModuleLibraryReg_Chain@base@UModSys@@2U123@A@@YAXXZ 0000000180003580 f    CIL library: CIL module
 0001:00002590       ??__F?root@SUniquePointer@core@UModSys@@2U123@A@@YAXXZ 0000000180003590 f    CIL library: CIL module

 Exports

  ordinal    name

        1    UModSys_Plugin_Entry2
