 plugin_test1

 Timestamp is 5280f515 (Mon Nov 11 18:17:41 2013)

 Preferred load address is 0000000180000000

 Start         Length     Name                   Class
 0001:00000000 00012906H .text                   CODE
 0001:00012910 0000005eH .text$00                CODE
 0001:00012970 000011d8H .text$x                 CODE
 0001:00013b50 00001312H .text$yc                CODE
 0001:00014e70 000005dcH .text$yd                CODE
 0002:00000000 000002e8H .idata$5                DATA
 0002:000002e8 00000008H .CRT$XCA                DATA
 0002:000002f0 00000b40H .CRT$XCU                DATA
 0002:00000e30 00000008H .CRT$XCZ                DATA
 0002:00000e38 00000008H .CRT$XIA                DATA
 0002:00000e40 00000008H .CRT$XIAA               DATA
 0002:00000e48 00000008H .CRT$XIZ                DATA
 0002:00000e50 00003868H .rdata                  DATA
 0002:000046c0 0000200cH .rdata$r                DATA
 0002:000066d0 00000008H .rtc$IAA                DATA
 0002:000066d8 00000008H .rtc$IZZ                DATA
 0002:000066e0 00000008H .rtc$TAA                DATA
 0002:000066e8 00000008H .rtc$TZZ                DATA
 0002:000066f0 000027b0H .xdata                  DATA
 0002:00008ea0 00000064H .idata$2                DATA
 0002:00008f04 00000014H .idata$3                DATA
 0002:00008f18 000002e8H .idata$4                DATA
 0002:00009200 000006bcH .idata$6                DATA
 0002:000098c0 00000059H .edata                  DATA
 0003:00000000 00000df0H .data                   DATA
 0003:00000df0 00000fd8H .bss                    DATA
 0004:00000000 00001d94H .pdata                  DATA

  Address         Publics by Value              Rva+Base               Lib:Object

 0000:00000000       ___safe_se_handler_count   0000000000000000     <absolute>
 0000:00000000       ___safe_se_handler_table   0000000000000000     <absolute>
 0000:00000000       __ImageBase                0000000180000000     <linker-defined>
 0001:00000000       ?suicide@RGenerator@SDL_core@ui@modules@UModSys@@UEAAXXZ 0000000180001000 f i umodsys_lib_libui:umodsys.mod.ui.SDL_core.obj
 0001:00000000       ?suicide@RGenerator@images_std@media@modules@UModSys@@UEAAXXZ 0000000180001000 f i umodsys_lib_libmedia:umodsys.mod.media.images_std.obj
 0001:00000000       ?render_box@RRenderDriver2D@SDL_core@ui@modules@UModSys@@UEAAXPEAUIImage@lib2d@5@AEBU?$TVector2@H@math3d@5@1AEBU?$TVector2@M@95@2@Z 0000000180001000 f i umodsys_lib_libui:umodsys.mod.ui.SDL_core.obj
 0001:00000000       ??3@YAXPEAX0@Z             0000000180001000 f i plugin_test1.obj
 0001:00000000       ?suicide@RGenerator@test1@test@modules@UModSys@@UEAAXXZ 0000000180001000 f i plugin_test1.obj
 0001:00000000       ?suicide@RGenerator@frames@ui@modules@UModSys@@UEAAXXZ 0000000180001000 f i umodsys_lib_libui:umodsys.mod.ui.frames.obj
 0001:00000010       ??1SMemShared@core@UModSys@@QEAA@XZ 0000000180001010 f i plugin_test1.obj
 0001:00000030       ??3IRoot@core@UModSys@@SAXPEAXAEBUSIMemAlloc@12@@Z 0000000180001030 f i plugin_test1.obj
 0001:00000040       ??_ERGenerator@SDL_core@ui@modules@UModSys@@UEAAPEAXI@Z 0000000180001040 f i  CIL library: CIL module
 0001:00000040       ??_GRGenerator@frames@ui@modules@UModSys@@UEAAPEAXI@Z 0000000180001040 f i umodsys_lib_libui:umodsys.mod.ui.frames.obj
 0001:00000040       ??_GRGenerator@SDL_core@ui@modules@UModSys@@UEAAPEAXI@Z 0000000180001040 f i umodsys_lib_libui:umodsys.mod.ui.SDL_core.obj
 0001:00000040       ??_ERGenerator@frames@ui@modules@UModSys@@UEAAPEAXI@Z 0000000180001040 f i  CIL library: CIL module
 0001:00000040       ??_GRGenerator@test1@test@modules@UModSys@@UEAAPEAXI@Z 0000000180001040 f i plugin_test1.obj
 0001:00000040       ??_ERGenerator@test1@test@modules@UModSys@@UEAAPEAXI@Z 0000000180001040 f i  CIL library: CIL module
 0001:00000040       ??_GRGenerator@images_std@media@modules@UModSys@@UEAAPEAXI@Z 0000000180001040 f i umodsys_lib_libmedia:umodsys.mod.media.images_std.obj
 0001:00000040       ??_ERGenerator@images_std@media@modules@UModSys@@UEAAPEAXI@Z 0000000180001040 f i  CIL library: CIL module
 0001:00000040       ??_GIRefObject@core@UModSys@@UEAAPEAXI@Z 0000000180001040 f i plugin_test1.obj
 0001:00000040       ??_EIRefObject@core@UModSys@@UEAAPEAXI@Z 0000000180001040 f i  CIL library: CIL module
 0001:00000070       ??_GIRoot@core@UModSys@@UEAAPEAXI@Z 0000000180001070 f i plugin_test1.obj
 0001:00000070       ??_EIRoot@core@UModSys@@UEAAPEAXI@Z 0000000180001070 f i  CIL library: CIL module
 0001:000000a0       ?root_get_interface_info@RTest1_Shell@test1@test@modules@UModSys@@UEBAAEBUSUniquePointerInfo@core@5@XZ 00000001800010a0 f i plugin_test1.obj
 0001:000000b0       ?root_get_interface_type@RTest1_Shell@test1@test@modules@UModSys@@UEBAPEBUSUniquePointerInfo@core@5@XZ 00000001800010b0 f i plugin_test1.obj
 0001:000000c0       ?root_get_other_interface@RTest1_Shell@test1@test@modules@UModSys@@UEBAPEBUIRoot@core@5@PEBUSUniquePointerInfo@75@@Z 00000001800010c0 f i plugin_test1.obj
 0001:000000c0       ?root_get_other_interface@RTest1_Shell@test1@test@modules@UModSys@@UEAAPEAUIRoot@core@5@PEBUSUniquePointerInfo@75@@Z 00000001800010c0 f i plugin_test1.obj
 0001:000000f0       ?root_is_interface_supported@RTest1_Shell@test1@test@modules@UModSys@@UEBA_NPEBUSUniquePointerInfo@core@5@@Z 00000001800010f0 f i plugin_test1.obj
 0001:00000120       ?ref_add@RTest1_Shell@test1@test@modules@UModSys@@UEBAXXZ 0000000180001120 f i plugin_test1.obj
 0001:00000130       ?ref_remove@RTest1_Shell@test1@test@modules@UModSys@@UEBAXXZ 0000000180001130 f i plugin_test1.obj
 0001:00000150       ?ref_links@RTest1_Shell@test1@test@modules@UModSys@@UEBAHXZ 0000000180001150 f i plugin_test1.obj
 0001:00000160       ?ref_weak@RTest1_Shell@test1@test@modules@UModSys@@UEBA_NAEAUWeakPointer@IRefObject@core@5@@Z 0000000180001160 f i plugin_test1.obj
 0001:00000180       ?suicide@RTest1_Shell@test1@test@modules@UModSys@@UEAAXXZ 0000000180001180 f i plugin_test1.obj
 0001:000001d0       ??0RTest1_Shell@test1@test@modules@UModSys@@QEAA@PEAUIModObject@base@4@@Z 00000001800011d0 f i plugin_test1.obj
 0001:00000310       ??1RTest1_Shell@test1@test@modules@UModSys@@UEAA@XZ 0000000180001310 f i plugin_test1.obj
 0001:000003c0       ?connect@RTest1_Shell@test1@test@modules@UModSys@@UEAA_NXZ 00000001800013c0 f i plugin_test1.obj
 0001:000003f0       ?disconnect@RTest1_Shell@test1@test@modules@UModSys@@UEAA_NXZ 00000001800013f0 f i plugin_test1.obj
 0001:00000420       ?process_tick@RTest1_Shell@test1@test@modules@UModSys@@UEAA_NAEBUSTimeMsec@core@5@@Z 0000000180001420 f i plugin_test1.obj
 0001:00000460       ?process_command@RTest1_Shell@test1@test@modules@UModSys@@UEAA_NHQEBU?$TString@U?$TSCoreConst@D@su@tl@UModSys@@U?$TComparerBinaryHash@D@234@@tl@5@@Z 0000000180001460 f i plugin_test1.obj
 0001:00000490       ??_GRTest1_Shell@test1@test@modules@UModSys@@UEAAPEAXI@Z 0000000180001490 f i plugin_test1.obj
 0001:00000490       ??_ERTest1_Shell@test1@test@modules@UModSys@@UEAAPEAXI@Z 0000000180001490 f i  CIL library: CIL module
 0001:000004c0       ??1SFrameCreateParameters@libui@UModSys@@QEAA@XZ 00000001800014c0 f i plugin_test1.obj
 0001:000004f0       ?get_generated_names@RGenerator@test1@test@modules@UModSys@@UEBAHAEAUSUniquePtrList@core@5@@Z 00000001800014f0 f i plugin_test1.obj
 0001:00000510       ?get_generated_types@RGenerator@test1@test@modules@UModSys@@UEBAHAEAUSUniquePtrList@core@5@PEBUSUniquePointerInfo@75@@Z 0000000180001510 f i plugin_test1.obj
 0001:00000570       ?generate@RGenerator@test1@test@modules@UModSys@@UEAA_NAEAU?$TRefObject@UIRefObject@core@UModSys@@U?$TRefObjectFunc@UIRefObject@core@UModSys@@@tl@3@@tl@5@PEBUSUniquePointerInfo@core@5@AEBUSParameters@95@@Z 0000000180001570 f i plugin_test1.obj
 0001:00000610       ?root_get_interface_info@RGenerator@test1@test@modules@UModSys@@UEBAAEBUSUniquePointerInfo@core@5@XZ 0000000180001610 f i plugin_test1.obj
 0001:00000620       ?root_get_interface_type@RGenerator@test1@test@modules@UModSys@@UEBAPEBUSUniquePointerInfo@core@5@XZ 0000000180001620 f i plugin_test1.obj
 0001:00000630       ?root_get_interface_types@RFrame_Edit@frames@ui@modules@UModSys@@UEBA_KAEAUSUniquePtrList@core@5@@Z 0000000180001630 f i umodsys_lib_libui:umodsys.mod.ui.frames.obj
 0001:00000630       ?root_get_interface_types@RFrame_Image@frames@ui@modules@UModSys@@UEBA_KAEAUSUniquePtrList@core@5@@Z 0000000180001630 f i umodsys_lib_libui:umodsys.mod.ui.frames.obj
 0001:00000630       ?root_get_interface_types@RGenerator@frames@ui@modules@UModSys@@UEBA_KAEAUSUniquePtrList@core@5@@Z 0000000180001630 f i umodsys_lib_libui:umodsys.mod.ui.frames.obj
 0001:00000630       ?root_get_interface_types@RMultiImage2D_SDL_ttf@SDL_core@ui@modules@UModSys@@UEBA_KAEAUSUniquePtrList@core@5@@Z 0000000180001630 f i umodsys_lib_libui:umodsys.mod.ui.SDL_core.obj
 0001:00000630       ?root_get_interface_types@RDialog@frames@ui@modules@UModSys@@UEBA_KAEAUSUniquePtrList@core@5@@Z 0000000180001630 f i umodsys_lib_libui:umodsys.mod.ui.frames.obj
 0001:00000630       ?root_get_interface_types@RCollector@frames@ui@modules@UModSys@@UEBA_KAEAUSUniquePtrList@core@5@@Z 0000000180001630 f i umodsys_lib_libui:umodsys.mod.ui.frames.obj
 0001:00000630       ?root_get_interface_types@RGenerator@test1@test@modules@UModSys@@UEBA_KAEAUSUniquePtrList@core@5@@Z 0000000180001630 f i plugin_test1.obj
 0001:00000630       ?root_get_interface_types@RMouseController@SDL_core@ui@modules@UModSys@@UEBA_KAEAUSUniquePtrList@core@5@@Z 0000000180001630 f i umodsys_lib_libui:umodsys.mod.ui.SDL_core.obj
 0001:00000630       ?root_get_interface_types@RTest1_Shell@test1@test@modules@UModSys@@UEBA_KAEAUSUniquePtrList@core@5@@Z 0000000180001630 f i plugin_test1.obj
 0001:00000630       ?root_get_interface_types@RFrame_Button@frames@ui@modules@UModSys@@UEBA_KAEAUSUniquePtrList@core@5@@Z 0000000180001630 f i umodsys_lib_libui:umodsys.mod.ui.frames.obj
 0001:00000630       ?root_get_interface_types@RGenerator@images_std@media@modules@UModSys@@UEBA_KAEAUSUniquePtrList@core@5@@Z 0000000180001630 f i umodsys_lib_libmedia:umodsys.mod.media.images_std.obj
 0001:00000630       ?root_get_interface_types@RRenderDriver2D@SDL_core@ui@modules@UModSys@@UEBA_KAEAUSUniquePtrList@core@5@@Z 0000000180001630 f i umodsys_lib_libui:umodsys.mod.ui.SDL_core.obj
 0001:00000630       ?root_get_interface_types@RKeyboardController@SDL_core@ui@modules@UModSys@@UEBA_KAEAUSUniquePtrList@core@5@@Z 0000000180001630 f i umodsys_lib_libui:umodsys.mod.ui.SDL_core.obj
 0001:00000630       ?root_get_interface_types@RFrame_Text@frames@ui@modules@UModSys@@UEBA_KAEAUSUniquePtrList@core@5@@Z 0000000180001630 f i umodsys_lib_libui:umodsys.mod.ui.frames.obj
 0001:00000630       ?root_get_interface_types@RGenerator@SDL_core@ui@modules@UModSys@@UEBA_KAEAUSUniquePtrList@core@5@@Z 0000000180001630 f i umodsys_lib_libui:umodsys.mod.ui.SDL_core.obj
 0001:00000630       ?root_get_interface_types@RMediaFilter@images_std@media@modules@UModSys@@UEBA_KAEAUSUniquePtrList@core@5@@Z 0000000180001630 f i umodsys_lib_libmedia:umodsys.mod.media.images_std.obj
 0001:00000630       ?root_get_interface_types@RFrame_List@frames@ui@modules@UModSys@@UEBA_KAEAUSUniquePtrList@core@5@@Z 0000000180001630 f i umodsys_lib_libui:umodsys.mod.ui.frames.obj
 0001:00000630       ?root_get_interface_types@RTerminal@SDL_core@ui@modules@UModSys@@UEBA_KAEAUSUniquePtrList@core@5@@Z 0000000180001630 f i umodsys_lib_libui:umodsys.mod.ui.SDL_core.obj
 0001:00000630       ?root_get_interface_types@RFrame_Frame@frames@ui@modules@UModSys@@UEBA_KAEAUSUniquePtrList@core@5@@Z 0000000180001630 f i umodsys_lib_libui:umodsys.mod.ui.frames.obj
 0001:00000640       ?root_get_other_interface@RGenerator@test1@test@modules@UModSys@@UEAAPEAUIRoot@core@5@PEBUSUniquePointerInfo@75@@Z 0000000180001640 f i plugin_test1.obj
 0001:00000640       ?root_get_other_interface@RGenerator@test1@test@modules@UModSys@@UEBAPEBUIRoot@core@5@PEBUSUniquePointerInfo@75@@Z 0000000180001640 f i plugin_test1.obj
 0001:00000680       ?root_is_interface_supported@RGenerator@test1@test@modules@UModSys@@UEBA_NPEBUSUniquePointerInfo@core@5@@Z 0000000180001680 f i plugin_test1.obj
 0001:000006c0       ?ref_remove@RMouseController@SDL_core@ui@modules@UModSys@@UEBAXXZ 00000001800016c0 f i umodsys_lib_libui:umodsys.mod.ui.SDL_core.obj
 0001:000006c0       ?ref_remove@RKeyboardController@SDL_core@ui@modules@UModSys@@UEBAXXZ 00000001800016c0 f i umodsys_lib_libui:umodsys.mod.ui.SDL_core.obj
 0001:000006c0       ?ref_remove@RMultiImage2D_SDL_ttf@SDL_core@ui@modules@UModSys@@UEBAXXZ 00000001800016c0 f i umodsys_lib_libui:umodsys.mod.ui.SDL_core.obj
 0001:000006c0       ?ref_remove@RGenerator@SDL_core@ui@modules@UModSys@@UEBAXXZ 00000001800016c0 f i umodsys_lib_libui:umodsys.mod.ui.SDL_core.obj
 0001:000006c0       ?ref_remove@RGenerator@test1@test@modules@UModSys@@UEBAXXZ 00000001800016c0 f i plugin_test1.obj
 0001:000006c0       ?ref_remove@RTerminal@SDL_core@ui@modules@UModSys@@UEBAXXZ 00000001800016c0 f i umodsys_lib_libui:umodsys.mod.ui.SDL_core.obj
 0001:000006c0       ?ref_remove@RGenerator@images_std@media@modules@UModSys@@UEBAXXZ 00000001800016c0 f i umodsys_lib_libmedia:umodsys.mod.media.images_std.obj
 0001:000006c0       ?ref_remove@RGenerator@frames@ui@modules@UModSys@@UEBAXXZ 00000001800016c0 f i umodsys_lib_libui:umodsys.mod.ui.frames.obj
 0001:000006c0       ?ref_remove@RDialog@frames@ui@modules@UModSys@@UEBAXXZ 00000001800016c0 f i umodsys_lib_libui:umodsys.mod.ui.frames.obj
 0001:000006c0       ?ref_remove@RRenderDriver2D@SDL_core@ui@modules@UModSys@@UEBAXXZ 00000001800016c0 f i umodsys_lib_libui:umodsys.mod.ui.SDL_core.obj
 0001:000006e0       ?get_uid@RGenerator@test1@test@modules@UModSys@@UEBAPEBUSUniquePointerInfo@core@5@XZ 00000001800016e0 f i plugin_test1.obj
 0001:000006f0       ?do_open@RModuleReg@test1@test@modules@UModSys@@UEAA_NXZ 00000001800016f0 f i plugin_test1.obj
 0001:00000720       ?do_close@RModuleReg@test1@test@modules@UModSys@@UEAA_NXZ 0000000180001720 f i plugin_test1.obj
 0001:00000750       ??_GRModuleReg@test1@test@modules@UModSys@@UEAAPEAXI@Z 0000000180001750 f i plugin_test1.obj
 0001:00000750       ??_ERModuleReg@test1@test@modules@UModSys@@UEAAPEAXI@Z 0000000180001750 f i  CIL library: CIL module
 0001:00000780       ?info_new@?$TSCoreShared@USIMemAlloc@core@UModSys@@D@su@tl@UModSys@@QEAA_NPEBD_K@Z 0000000180001780 f i plugin_test1.obj
 0001:00000840       ??$t_generate@UICollector@libui@UModSys@@@SModuleContext@base@UModSys@@QEAA_NAEAU?$TRefObject@UICollector@libui@UModSys@@U?$TRefObjectFunc@UICollector@libui@UModSys@@@tl@3@@tl@2@PEBUSUniquePointerInfo@core@2@AEBUSParameters@62@@Z 0000000180001840 f i plugin_test1.obj
 0001:00000900       ??$t_generate@UITerminal@libui@UModSys@@@SModuleContext@base@UModSys@@QEAA_NAEAU?$TRefObject@UITerminal@libui@UModSys@@U?$TRefObjectFunc@UITerminal@libui@UModSys@@@tl@3@@tl@2@PEBUSUniquePointerInfo@core@2@AEBUSParameters@62@@Z 0000000180001900 f i plugin_test1.obj
 0001:000009c0       ??$t_generate@UIMultiImage@lib2d@UModSys@@@SModuleContext@base@UModSys@@QEAA_NAEAU?$TRefObject@UIMultiImage@lib2d@UModSys@@U?$TRefObjectFunc@UIMultiImage@lib2d@UModSys@@@tl@3@@tl@2@PEBUSUniquePointerInfo@core@2@AEBUSParameters@62@@Z 00000001800019c0 f i plugin_test1.obj
 0001:00000a80       ??$shash@D@su@tl@UModSys@@YAHPEBD_K@Z 0000000180001a80 f i plugin_test1.obj
 0001:00000ab0       ??1?$TRefObject@UIModObject@base@UModSys@@U?$TModObjectFunc@UIModObject@base@UModSys@@@tl@3@@tl@UModSys@@QEAA@XZ 0000000180001ab0 f i plugin_test1.obj
 0001:00000ae0       ??$t_ref_get_other_interface@UIMultiImage@lib2d@UModSys@@U?$TRefObjectFunc@UIMultiImage@lib2d@UModSys@@@tl@3@@IRefObject@core@UModSys@@QEAA_NAEAU?$TRefObject@UIMultiImage@lib2d@UModSys@@U?$TRefObjectFunc@UIMultiImage@lib2d@UModSys@@@tl@3@@tl@2@@Z 0000000180001ae0 f i plugin_test1.obj
 0001:00000b30       ?utf_8to32@su@tl@UModSys@@YA_NAEAHAEAPEBDAEA_K@Z 0000000180001b30 f i umodsys_lib_libui:umodsys.mod.ui.SDL_core.obj
 0001:00000c70       ?root_get_interface_info@RMultiImage2D_SDL_ttf@SDL_core@ui@modules@UModSys@@UEBAAEBUSUniquePointerInfo@core@5@XZ 0000000180001c70 f i umodsys_lib_libui:umodsys.mod.ui.SDL_core.obj
 0001:00000c80       ?root_get_interface_type@RMultiImage2D_SDL_ttf@SDL_core@ui@modules@UModSys@@UEBAPEBUSUniquePointerInfo@core@5@XZ 0000000180001c80 f i umodsys_lib_libui:umodsys.mod.ui.SDL_core.obj
 0001:00000c90       ?root_get_other_interface@RMultiImage2D_SDL_ttf@SDL_core@ui@modules@UModSys@@UEAAPEAUIRoot@core@5@PEBUSUniquePointerInfo@75@@Z 0000000180001c90 f i umodsys_lib_libui:umodsys.mod.ui.SDL_core.obj
 0001:00000c90       ?root_get_other_interface@RMultiImage2D_SDL_ttf@SDL_core@ui@modules@UModSys@@UEBAPEBUIRoot@core@5@PEBUSUniquePointerInfo@75@@Z 0000000180001c90 f i umodsys_lib_libui:umodsys.mod.ui.SDL_core.obj
 0001:00000cc0       ?root_is_interface_supported@RMultiImage2D_SDL_ttf@SDL_core@ui@modules@UModSys@@UEBA_NPEBUSUniquePointerInfo@core@5@@Z 0000000180001cc0 f i umodsys_lib_libui:umodsys.mod.ui.SDL_core.obj
 0001:00000cf0       ?ref_add@RGenerator@images_std@media@modules@UModSys@@UEBAXXZ 0000000180001cf0 f i umodsys_lib_libmedia:umodsys.mod.media.images_std.obj
 0001:00000cf0       ?ref_add@RTerminal@SDL_core@ui@modules@UModSys@@UEBAXXZ 0000000180001cf0 f i umodsys_lib_libui:umodsys.mod.ui.SDL_core.obj
 0001:00000cf0       ?ref_add@RGenerator@SDL_core@ui@modules@UModSys@@UEBAXXZ 0000000180001cf0 f i umodsys_lib_libui:umodsys.mod.ui.SDL_core.obj
 0001:00000cf0       ?ref_add@RMultiImage2D_SDL_ttf@SDL_core@ui@modules@UModSys@@UEBAXXZ 0000000180001cf0 f i umodsys_lib_libui:umodsys.mod.ui.SDL_core.obj
 0001:00000cf0       ?ref_add@RMouseController@SDL_core@ui@modules@UModSys@@UEBAXXZ 0000000180001cf0 f i umodsys_lib_libui:umodsys.mod.ui.SDL_core.obj
 0001:00000cf0       ?ref_add@RDialog@frames@ui@modules@UModSys@@UEBAXXZ 0000000180001cf0 f i umodsys_lib_libui:umodsys.mod.ui.frames.obj
 0001:00000cf0       ?ref_add@RGenerator@test1@test@modules@UModSys@@UEBAXXZ 0000000180001cf0 f i plugin_test1.obj
 0001:00000cf0       ?ref_add@RGenerator@frames@ui@modules@UModSys@@UEBAXXZ 0000000180001cf0 f i umodsys_lib_libui:umodsys.mod.ui.frames.obj
 0001:00000cf0       ?ref_add@RRenderDriver2D@SDL_core@ui@modules@UModSys@@UEBAXXZ 0000000180001cf0 f i umodsys_lib_libui:umodsys.mod.ui.SDL_core.obj
 0001:00000cf0       ?ref_add@RKeyboardController@SDL_core@ui@modules@UModSys@@UEBAXXZ 0000000180001cf0 f i umodsys_lib_libui:umodsys.mod.ui.SDL_core.obj
 0001:00000d00       ??0RMultiImage2D_SDL_ttf@SDL_core@ui@modules@UModSys@@QEAA@PEAURRenderDriver2D@1234@AEBUSParameters@core@4@@Z 0000000180001d00 f i umodsys_lib_libui:umodsys.mod.ui.SDL_core.obj
 0001:00000da0       ?open@RMultiImage2D_SDL_ttf@SDL_core@ui@modules@UModSys@@QEAA_NAEBUSParameters@core@5@@Z 0000000180001da0 f i umodsys_lib_libui:umodsys.mod.ui.SDL_core.obj
 0001:00000ea0       ?generate_glyphs@RMultiImage2D_SDL_ttf@SDL_core@ui@modules@UModSys@@QEAA_NXZ 0000000180001ea0 f i umodsys_lib_libui:umodsys.mod.ui.SDL_core.obj
 0001:00001000       ??_GRMultiImage2D_SDL_ttf@SDL_core@ui@modules@UModSys@@UEAAPEAXI@Z 0000000180002000 f i umodsys_lib_libui:umodsys.mod.ui.SDL_core.obj
 0001:00001000       ??_ERMultiImage2D_SDL_ttf@SDL_core@ui@modules@UModSys@@UEAAPEAXI@Z 0000000180002000 f i  CIL library: CIL module
 0001:00001080       ?root_get_interface_info@RRenderDriver2D@SDL_core@ui@modules@UModSys@@UEBAAEBUSUniquePointerInfo@core@5@XZ 0000000180002080 f i umodsys_lib_libui:umodsys.mod.ui.SDL_core.obj
 0001:00001090       ?root_get_interface_type@RRenderDriver2D@SDL_core@ui@modules@UModSys@@UEBAPEBUSUniquePointerInfo@core@5@XZ 0000000180002090 f i umodsys_lib_libui:umodsys.mod.ui.SDL_core.obj
 0001:000010a0       ?root_get_other_interface@RRenderDriver2D@SDL_core@ui@modules@UModSys@@UEAAPEAUIRoot@core@5@PEBUSUniquePointerInfo@75@@Z 00000001800020a0 f i umodsys_lib_libui:umodsys.mod.ui.SDL_core.obj
 0001:000010a0       ?root_get_other_interface@RRenderDriver2D@SDL_core@ui@modules@UModSys@@UEBAPEBUIRoot@core@5@PEBUSUniquePointerInfo@75@@Z 00000001800020a0 f i umodsys_lib_libui:umodsys.mod.ui.SDL_core.obj
 0001:000010d0       ?root_is_interface_supported@RRenderDriver2D@SDL_core@ui@modules@UModSys@@UEBA_NPEBUSUniquePointerInfo@core@5@@Z 00000001800020d0 f i umodsys_lib_libui:umodsys.mod.ui.SDL_core.obj
 0001:00001100       ?ref_links@RKeyboardController@SDL_core@ui@modules@UModSys@@UEBAHXZ 0000000180002100 f i umodsys_lib_libui:umodsys.mod.ui.SDL_core.obj
 0001:00001100       ?ref_links@RMultiImage2D_SDL_ttf@SDL_core@ui@modules@UModSys@@UEBAHXZ 0000000180002100 f i umodsys_lib_libui:umodsys.mod.ui.SDL_core.obj
 0001:00001100       ?ref_links@RGenerator@test1@test@modules@UModSys@@UEBAHXZ 0000000180002100 f i plugin_test1.obj
 0001:00001100       ?ref_links@RGenerator@images_std@media@modules@UModSys@@UEBAHXZ 0000000180002100 f i umodsys_lib_libmedia:umodsys.mod.media.images_std.obj
 0001:00001100       ?ref_links@RDialog@frames@ui@modules@UModSys@@UEBAHXZ 0000000180002100 f i umodsys_lib_libui:umodsys.mod.ui.frames.obj
 0001:00001100       ?ref_links@RGenerator@SDL_core@ui@modules@UModSys@@UEBAHXZ 0000000180002100 f i umodsys_lib_libui:umodsys.mod.ui.SDL_core.obj
 0001:00001100       ?ref_links@RGenerator@frames@ui@modules@UModSys@@UEBAHXZ 0000000180002100 f i umodsys_lib_libui:umodsys.mod.ui.frames.obj
 0001:00001100       ?ref_links@RTerminal@SDL_core@ui@modules@UModSys@@UEBAHXZ 0000000180002100 f i umodsys_lib_libui:umodsys.mod.ui.SDL_core.obj
 0001:00001100       ?ref_links@RMouseController@SDL_core@ui@modules@UModSys@@UEBAHXZ 0000000180002100 f i umodsys_lib_libui:umodsys.mod.ui.SDL_core.obj
 0001:00001100       ?ref_links@RRenderDriver2D@SDL_core@ui@modules@UModSys@@UEBAHXZ 0000000180002100 f i umodsys_lib_libui:umodsys.mod.ui.SDL_core.obj
 0001:00001110       ?ref_weak@RGenerator@SDL_core@ui@modules@UModSys@@UEBA_NAEAUWeakPointer@IRefObject@core@5@@Z 0000000180002110 f i umodsys_lib_libui:umodsys.mod.ui.SDL_core.obj
 0001:00001110       ?ref_weak@RGenerator@images_std@media@modules@UModSys@@UEBA_NAEAUWeakPointer@IRefObject@core@5@@Z 0000000180002110 f i umodsys_lib_libmedia:umodsys.mod.media.images_std.obj
 0001:00001110       ?ref_weak@RRenderDriver2D@SDL_core@ui@modules@UModSys@@UEBA_NAEAUWeakPointer@IRefObject@core@5@@Z 0000000180002110 f i umodsys_lib_libui:umodsys.mod.ui.SDL_core.obj
 0001:00001110       ?ref_weak@RMouseController@SDL_core@ui@modules@UModSys@@UEBA_NAEAUWeakPointer@IRefObject@core@5@@Z 0000000180002110 f i umodsys_lib_libui:umodsys.mod.ui.SDL_core.obj
 0001:00001110       ?ref_weak@RDialog@frames@ui@modules@UModSys@@UEBA_NAEAUWeakPointer@IRefObject@core@5@@Z 0000000180002110 f i umodsys_lib_libui:umodsys.mod.ui.frames.obj
 0001:00001110       ?ref_weak@RMultiImage2D_SDL_ttf@SDL_core@ui@modules@UModSys@@UEBA_NAEAUWeakPointer@IRefObject@core@5@@Z 0000000180002110 f i umodsys_lib_libui:umodsys.mod.ui.SDL_core.obj
 0001:00001110       ?ref_weak@RTerminal@SDL_core@ui@modules@UModSys@@UEBA_NAEAUWeakPointer@IRefObject@core@5@@Z 0000000180002110 f i umodsys_lib_libui:umodsys.mod.ui.SDL_core.obj
 0001:00001110       ?ref_weak@RGenerator@frames@ui@modules@UModSys@@UEBA_NAEAUWeakPointer@IRefObject@core@5@@Z 0000000180002110 f i umodsys_lib_libui:umodsys.mod.ui.frames.obj
 0001:00001110       ?ref_weak@RKeyboardController@SDL_core@ui@modules@UModSys@@UEBA_NAEAUWeakPointer@IRefObject@core@5@@Z 0000000180002110 f i umodsys_lib_libui:umodsys.mod.ui.SDL_core.obj
 0001:00001110       ?ref_weak@RGenerator@test1@test@modules@UModSys@@UEBA_NAEAUWeakPointer@IRefObject@core@5@@Z 0000000180002110 f i plugin_test1.obj
 0001:00001130       ??0RRenderDriver2D@SDL_core@ui@modules@UModSys@@QEAA@PEAURTerminal@1234@AEBUSParameters@core@4@@Z 0000000180002130 f i umodsys_lib_libui:umodsys.mod.ui.SDL_core.obj
 0001:00001280       ??1RRenderDriver2D@SDL_core@ui@modules@UModSys@@UEAA@XZ 0000000180002280 f i umodsys_lib_libui:umodsys.mod.ui.SDL_core.obj
 0001:00001350       ?open@RRenderDriver2D@SDL_core@ui@modules@UModSys@@QEAA_NAEBUSParameters@core@5@@Z 0000000180002350 f i umodsys_lib_libui:umodsys.mod.ui.SDL_core.obj
 0001:00001570       ?set_color@RRenderDriver2D@SDL_core@ui@modules@UModSys@@QEAAXXZ 0000000180002570 f i umodsys_lib_libui:umodsys.mod.ui.SDL_core.obj
 0001:000015f0       ?begin@RRenderDriver2D@SDL_core@ui@modules@UModSys@@UEAAXXZ 00000001800025f0 f i umodsys_lib_libui:umodsys.mod.ui.SDL_core.obj
 0001:00001660       ?end@RRenderDriver2D@SDL_core@ui@modules@UModSys@@UEAAXXZ 0000000180002660 f i umodsys_lib_libui:umodsys.mod.ui.SDL_core.obj
 0001:00001680       ?get_max_values@RRenderDriver2D@SDL_core@ui@modules@UModSys@@UEBAPEBUSParameters@core@5@XZ 0000000180002680 f i umodsys_lib_libui:umodsys.mod.ui.SDL_core.obj
 0001:00001690       ?get_frame_values@RRenderDriver2D@SDL_core@ui@modules@UModSys@@UEBAPEBUSParameters@core@5@XZ 0000000180002690 f i umodsys_lib_libui:umodsys.mod.ui.SDL_core.obj
 0001:000016a0       ?setup_font@RRenderDriver2D@SDL_core@ui@modules@UModSys@@UEAA_NPEAUIMultiImage@lib2d@5@PEBU?$TVector2@M@math3d@5@@Z 00000001800026a0 f i umodsys_lib_libui:umodsys.mod.ui.SDL_core.obj
 0001:00001710       ?setup_color@RRenderDriver2D@SDL_core@ui@modules@UModSys@@UEAAXAEBU?$TVector3@M@math3d@5@@Z 0000000180002710 f i umodsys_lib_libui:umodsys.mod.ui.SDL_core.obj
 0001:00001740       ?setup_color@RRenderDriver2D@SDL_core@ui@modules@UModSys@@UEAAXAEBU?$TVector3@H@math3d@5@@Z 0000000180002740 f i umodsys_lib_libui:umodsys.mod.ui.SDL_core.obj
 0001:00001790       ?setup_coloralpha@RRenderDriver2D@SDL_core@ui@modules@UModSys@@UEAAXAEBU?$TVector4@M@math3d@5@H@Z 0000000180002790 f i umodsys_lib_libui:umodsys.mod.ui.SDL_core.obj
 0001:000017c0       ?setup_coloralpha@RRenderDriver2D@SDL_core@ui@modules@UModSys@@UEAAXAEBU?$TVector4@H@math3d@5@H@Z 00000001800027c0 f i umodsys_lib_libui:umodsys.mod.ui.SDL_core.obj
 0001:00001830       ?setup_blendcolor@RRenderDriver2D@SDL_core@ui@modules@UModSys@@UEAAXAEBUSBlendColor@lib2d@5@@Z 0000000180002830 f i umodsys_lib_libui:umodsys.mod.ui.SDL_core.obj
 0001:000018a0       ?setup_blendcolor@RRenderDriver2D@SDL_core@ui@modules@UModSys@@UEAAXAEBUSBlendColorf@lib2d@5@@Z 00000001800028a0 f i umodsys_lib_libui:umodsys.mod.ui.SDL_core.obj
 0001:00001900       ?setup_alpha@RRenderDriver2D@SDL_core@ui@modules@UModSys@@UEAAXHH@Z 0000000180002900 f i umodsys_lib_libui:umodsys.mod.ui.SDL_core.obj
 0001:00001930       ?setup_alpha@RRenderDriver2D@SDL_core@ui@modules@UModSys@@UEAAXMH@Z 0000000180002930 f i umodsys_lib_libui:umodsys.mod.ui.SDL_core.obj
 0001:00001950       ?render_text_advanced@RRenderDriver2D@SDL_core@ui@modules@UModSys@@UEAA_NAEAUTextInfo@IRenderDriver@lib2d@5@PEBHH@Z 0000000180002950 f i umodsys_lib_libui:umodsys.mod.ui.SDL_core.obj
 0001:00001ba0       ?render_box@RRenderDriver2D@SDL_core@ui@modules@UModSys@@UEAAXAEBU?$TVector2@H@math3d@5@0@Z 0000000180002ba0 f i umodsys_lib_libui:umodsys.mod.ui.SDL_core.obj
 0001:00001bf0       ?render_tri@RRenderDriver2D@SDL_core@ui@modules@UModSys@@UEAAXAEBU?$TVector2@H@math3d@5@00@Z 0000000180002bf0 f i umodsys_lib_libui:umodsys.mod.ui.SDL_core.obj
 0001:00001c70       ?render_quad@RRenderDriver2D@SDL_core@ui@modules@UModSys@@UEAAXAEBU?$TVector2@H@math3d@5@000@Z 0000000180002c70 f i umodsys_lib_libui:umodsys.mod.ui.SDL_core.obj
 0001:00001d20       ?render_line@RRenderDriver2D@SDL_core@ui@modules@UModSys@@UEAAXAEBU?$TVector2@H@math3d@5@0@Z 0000000180002d20 f i umodsys_lib_libui:umodsys.mod.ui.SDL_core.obj
 0001:00001d50       ?render_rect@RRenderDriver2D@SDL_core@ui@modules@UModSys@@UEAAXAEBU?$TVector2@H@math3d@5@0@Z 0000000180002d50 f i umodsys_lib_libui:umodsys.mod.ui.SDL_core.obj
 0001:00001da0       ??_ERRenderDriver2D@SDL_core@ui@modules@UModSys@@UEAAPEAXI@Z 0000000180002da0 f i  CIL library: CIL module
 0001:00001da0       ??_GRRenderDriver2D@SDL_core@ui@modules@UModSys@@UEAAPEAXI@Z 0000000180002da0 f i umodsys_lib_libui:umodsys.mod.ui.SDL_core.obj
 0001:00001dd0       ??1SParameters@core@UModSys@@QEAA@XZ 0000000180002dd0 f i plugin_test1.obj
 0001:00001dd0       ??1?$TParametersA@$0BAA@@core@UModSys@@QEAA@XZ 0000000180002dd0 f i umodsys_lib_libui:umodsys.mod.ui.SDL_core.obj
 0001:00001dd0       ??1?$TParametersA@$0EAA@@core@UModSys@@QEAA@XZ 0000000180002dd0 f i plugin_test1.obj
 0001:00001df0       ?root_get_interface_info@RMouseController@SDL_core@ui@modules@UModSys@@UEBAAEBUSUniquePointerInfo@core@5@XZ 0000000180002df0 f i umodsys_lib_libui:umodsys.mod.ui.SDL_core.obj
 0001:00001e00       ?root_get_interface_type@RMouseController@SDL_core@ui@modules@UModSys@@UEBAPEBUSUniquePointerInfo@core@5@XZ 0000000180002e00 f i umodsys_lib_libui:umodsys.mod.ui.SDL_core.obj
 0001:00001e10       ?root_get_other_interface@RMouseController@SDL_core@ui@modules@UModSys@@UEAAPEAUIRoot@core@5@PEBUSUniquePointerInfo@75@@Z 0000000180002e10 f i umodsys_lib_libui:umodsys.mod.ui.SDL_core.obj
 0001:00001e10       ?root_get_other_interface@RMouseController@SDL_core@ui@modules@UModSys@@UEBAPEBUIRoot@core@5@PEBUSUniquePointerInfo@75@@Z 0000000180002e10 f i umodsys_lib_libui:umodsys.mod.ui.SDL_core.obj
 0001:00001e40       ?root_is_interface_supported@RMouseController@SDL_core@ui@modules@UModSys@@UEBA_NPEBUSUniquePointerInfo@core@5@@Z 0000000180002e40 f i umodsys_lib_libui:umodsys.mod.ui.SDL_core.obj
 0001:00001e70       ?process@RMouseController@SDL_core@ui@modules@UModSys@@QEAA_NAEAUSDL_MouseMotionEvent@@@Z 0000000180002e70 f i umodsys_lib_libui:umodsys.mod.ui.SDL_core.obj
 0001:00001ff0       ?process@RMouseController@SDL_core@ui@modules@UModSys@@QEAA_NAEAUSDL_MouseButtonEvent@@@Z 0000000180002ff0 f i umodsys_lib_libui:umodsys.mod.ui.SDL_core.obj
 0001:00002140       ?process@RMouseController@SDL_core@ui@modules@UModSys@@QEAA_NAEAUSDL_MouseWheelEvent@@@Z 0000000180003140 f i umodsys_lib_libui:umodsys.mod.ui.SDL_core.obj
 0001:00002250       ?mouse_link@RMouseController@SDL_core@ui@modules@UModSys@@UEAA_NHPEAUIRefObject@core@5@PEAUIMouseClient@libui@5@H@Z 0000000180003250 f i umodsys_lib_libui:umodsys.mod.ui.SDL_core.obj
 0001:000022f0       ??_ERMouseController@SDL_core@ui@modules@UModSys@@UEAAPEAXI@Z 00000001800032f0 f i  CIL library: CIL module
 0001:000022f0       ??_GRMouseController@SDL_core@ui@modules@UModSys@@UEAAPEAXI@Z 00000001800032f0 f i umodsys_lib_libui:umodsys.mod.ui.SDL_core.obj
 0001:00002360       ?root_get_interface_info@RKeyboardController@SDL_core@ui@modules@UModSys@@UEBAAEBUSUniquePointerInfo@core@5@XZ 0000000180003360 f i umodsys_lib_libui:umodsys.mod.ui.SDL_core.obj
 0001:00002370       ?root_get_interface_type@RKeyboardController@SDL_core@ui@modules@UModSys@@UEBAPEBUSUniquePointerInfo@core@5@XZ 0000000180003370 f i umodsys_lib_libui:umodsys.mod.ui.SDL_core.obj
 0001:00002380       ?root_get_other_interface@RKeyboardController@SDL_core@ui@modules@UModSys@@UEAAPEAUIRoot@core@5@PEBUSUniquePointerInfo@75@@Z 0000000180003380 f i umodsys_lib_libui:umodsys.mod.ui.SDL_core.obj
 0001:00002380       ?root_get_other_interface@RKeyboardController@SDL_core@ui@modules@UModSys@@UEBAPEBUIRoot@core@5@PEBUSUniquePointerInfo@75@@Z 0000000180003380 f i umodsys_lib_libui:umodsys.mod.ui.SDL_core.obj
 0001:000023b0       ?root_is_interface_supported@RKeyboardController@SDL_core@ui@modules@UModSys@@UEBA_NPEBUSUniquePointerInfo@core@5@@Z 00000001800033b0 f i umodsys_lib_libui:umodsys.mod.ui.SDL_core.obj
 0001:000023e0       ?process@RKeyboardController@SDL_core@ui@modules@UModSys@@QEAA_NAEAUSDL_KeyboardEvent@@@Z 00000001800033e0 f i umodsys_lib_libui:umodsys.mod.ui.SDL_core.obj
 0001:000024f0       ?process@RKeyboardController@SDL_core@ui@modules@UModSys@@QEAA_NAEAUSDL_TextInputEvent@@@Z 00000001800034f0 f i umodsys_lib_libui:umodsys.mod.ui.SDL_core.obj
 0001:000026b0       ?map_keycode@RKeyboardController@SDL_core@ui@modules@UModSys@@QEAA?AW4eKeyCode@libui@5@H@Z 00000001800036b0 f i umodsys_lib_libui:umodsys.mod.ui.SDL_core.obj
 0001:00002c10       ?map_keyspecial@RKeyboardController@SDL_core@ui@modules@UModSys@@QEAAFG@Z 0000000180003c10 f i umodsys_lib_libui:umodsys.mod.ui.SDL_core.obj
 0001:00002cb0       ?mouse_unlink@RMouseController@SDL_core@ui@modules@UModSys@@UEAA_NH@Z 0000000180003cb0 f i umodsys_lib_libui:umodsys.mod.ui.SDL_core.obj
 0001:00002cb0       ?key_unlink@RKeyboardController@SDL_core@ui@modules@UModSys@@UEAA_NH@Z 0000000180003cb0 f i umodsys_lib_libui:umodsys.mod.ui.SDL_core.obj
 0001:00002d30       ?key_link@RKeyboardController@SDL_core@ui@modules@UModSys@@UEAA_NHPEAUIRefObject@core@5@PEAUIKeyboardClient@libui@5@@Z 0000000180003d30 f i umodsys_lib_libui:umodsys.mod.ui.SDL_core.obj
 0001:00002dc0       ?key_setvisible@RKeyboardController@SDL_core@ui@modules@UModSys@@UEAA_N_N@Z 0000000180003dc0 f i umodsys_lib_libui:umodsys.mod.ui.SDL_core.obj
 0001:00002de0       ??_GRKeyboardController@SDL_core@ui@modules@UModSys@@UEAAPEAXI@Z 0000000180003de0 f i umodsys_lib_libui:umodsys.mod.ui.SDL_core.obj
 0001:00002de0       ??_ERKeyboardController@SDL_core@ui@modules@UModSys@@UEAAPEAXI@Z 0000000180003de0 f i  CIL library: CIL module
 0001:00002e50       ?root_get_interface_info@RTerminal@SDL_core@ui@modules@UModSys@@UEBAAEBUSUniquePointerInfo@core@5@XZ 0000000180003e50 f i umodsys_lib_libui:umodsys.mod.ui.SDL_core.obj
 0001:00002e60       ?root_get_interface_type@RTerminal@SDL_core@ui@modules@UModSys@@UEBAPEBUSUniquePointerInfo@core@5@XZ 0000000180003e60 f i umodsys_lib_libui:umodsys.mod.ui.SDL_core.obj
 0001:00002e70       ?root_get_other_interface@RTerminal@SDL_core@ui@modules@UModSys@@UEAAPEAUIRoot@core@5@PEBUSUniquePointerInfo@75@@Z 0000000180003e70 f i umodsys_lib_libui:umodsys.mod.ui.SDL_core.obj
 0001:00002e70       ?root_get_other_interface@RTerminal@SDL_core@ui@modules@UModSys@@UEBAPEBUIRoot@core@5@PEBUSUniquePointerInfo@75@@Z 0000000180003e70 f i umodsys_lib_libui:umodsys.mod.ui.SDL_core.obj
 0001:00002ea0       ?root_is_interface_supported@RTerminal@SDL_core@ui@modules@UModSys@@UEBA_NPEBUSUniquePointerInfo@core@5@@Z 0000000180003ea0 f i umodsys_lib_libui:umodsys.mod.ui.SDL_core.obj
 0001:00002ed0       ?suicide@RTerminal@SDL_core@ui@modules@UModSys@@UEAAXXZ 0000000180003ed0 f i umodsys_lib_libui:umodsys.mod.ui.SDL_core.obj
 0001:00002f20       ??0RTerminal@SDL_core@ui@modules@UModSys@@QEAA@PEAUIModObject@base@4@AEBUSParameters@core@4@@Z 0000000180003f20 f i umodsys_lib_libui:umodsys.mod.ui.SDL_core.obj
 0001:00002fd0       ??1RTerminal@SDL_core@ui@modules@UModSys@@UEAA@XZ 0000000180003fd0 f i umodsys_lib_libui:umodsys.mod.ui.SDL_core.obj
 0001:00003090       ?poll_events@RTerminal@SDL_core@ui@modules@UModSys@@UEAA_NH@Z 0000000180004090 f i umodsys_lib_libui:umodsys.mod.ui.SDL_core.obj
 0001:00003200       ?get_terminal_state@RTerminal@SDL_core@ui@modules@UModSys@@UEAA_NW4eTerminalState@libui@5@@Z 0000000180004200 f i umodsys_lib_libui:umodsys.mod.ui.SDL_core.obj
 0001:00003210       ?set_terminal_state@RTerminal@SDL_core@ui@modules@UModSys@@UEAA_NW4eTerminalState@libui@5@_N@Z 0000000180004210 f i umodsys_lib_libui:umodsys.mod.ui.SDL_core.obj
 0001:000032a0       ?get_clock@RTerminal@SDL_core@ui@modules@UModSys@@UEAANXZ 00000001800042a0 f i umodsys_lib_libui:umodsys.mod.ui.SDL_core.obj
 0001:000032c0       ?wait@RTerminal@SDL_core@ui@modules@UModSys@@UEAA_NM@Z 00000001800042c0 f i umodsys_lib_libui:umodsys.mod.ui.SDL_core.obj
 0001:000032e0       ?get_count@RTerminal@SDL_core@ui@modules@UModSys@@UEBA_KPEBUSUniquePointerInfo@core@5@@Z 00000001800042e0 f i umodsys_lib_libui:umodsys.mod.ui.SDL_core.obj
 0001:00003320       ?get_handler@RTerminal@SDL_core@ui@modules@UModSys@@UEBAPEAUIRefObject@core@5@PEBUSUniquePointerInfo@75@_K@Z 0000000180004320 f i umodsys_lib_libui:umodsys.mod.ui.SDL_core.obj
 0001:00003360       ?get_ctrldata@RFrame_Image@frames@ui@modules@UModSys@@UEAAPEAUIControllerData@libui@5@XZ 0000000180004360 f i umodsys_lib_libui:umodsys.mod.ui.frames.obj
 0001:00003360       ?get_ctrldata@RFrame_Edit@frames@ui@modules@UModSys@@UEAAPEAUIControllerData@libui@5@XZ 0000000180004360 f i umodsys_lib_libui:umodsys.mod.ui.frames.obj
 0001:00003360       ?get_data@RFrame_Frame@frames@ui@modules@UModSys@@UEAAPEAUIFrameData@libui@5@XZ 0000000180004360 f i umodsys_lib_libui:umodsys.mod.ui.frames.obj
 0001:00003360       ?get_friend_handler@RTerminal@SDL_core@ui@modules@UModSys@@UEBAPEAUIRefObject@core@5@PEBUSUniquePointerInfo@75@PEAU675@@Z 0000000180004360 f i umodsys_lib_libui:umodsys.mod.ui.SDL_core.obj
 0001:00003360       ?get_list@RFrame_Edit@frames@ui@modules@UModSys@@UEAAPEAUIFrameList@libui@5@XZ 0000000180004360 f i umodsys_lib_libui:umodsys.mod.ui.frames.obj
 0001:00003360       ?get_ctrlcmd@RFrame_Edit@frames@ui@modules@UModSys@@UEAAPEAUIControllerCommand@libui@5@XZ 0000000180004360 f i umodsys_lib_libui:umodsys.mod.ui.frames.obj
 0001:00003360       ?get_ctrldata@RFrame_Frame@frames@ui@modules@UModSys@@UEAAPEAUIControllerData@libui@5@XZ 0000000180004360 f i umodsys_lib_libui:umodsys.mod.ui.frames.obj
 0001:00003360       ?get_ctrldata@RFrame_Button@frames@ui@modules@UModSys@@UEAAPEAUIControllerData@libui@5@XZ 0000000180004360 f i umodsys_lib_libui:umodsys.mod.ui.frames.obj
 0001:00003360       ?get_ctrlcmd@RFrame_Image@frames@ui@modules@UModSys@@UEAAPEAUIControllerCommand@libui@5@XZ 0000000180004360 f i umodsys_lib_libui:umodsys.mod.ui.frames.obj
 0001:00003360       ?get_handler@RTerminal@SDL_core@ui@modules@UModSys@@UEBAPEAUIRefObject@core@5@PEBUSUniquePointerInfo@75@PEBD@Z 0000000180004360 f i umodsys_lib_libui:umodsys.mod.ui.SDL_core.obj
 0001:00003360       ?get_list@RFrame_Button@frames@ui@modules@UModSys@@UEAAPEAUIFrameList@libui@5@XZ 0000000180004360 f i umodsys_lib_libui:umodsys.mod.ui.frames.obj
 0001:00003360       ?get_list@RFrame_Frame@frames@ui@modules@UModSys@@UEAAPEAUIFrameList@libui@5@XZ 0000000180004360 f i umodsys_lib_libui:umodsys.mod.ui.frames.obj
 0001:00003360       ?get_data@RFrame_Image@frames@ui@modules@UModSys@@UEAAPEAUIFrameData@libui@5@XZ 0000000180004360 f i umodsys_lib_libui:umodsys.mod.ui.frames.obj
 0001:00003360       ?get_ctrlcmd@RFrame_Text@frames@ui@modules@UModSys@@UEAAPEAUIControllerCommand@libui@5@XZ 0000000180004360 f i umodsys_lib_libui:umodsys.mod.ui.frames.obj
 0001:00003360       ?get_data@RFrame_Button@frames@ui@modules@UModSys@@UEAAPEAUIFrameData@libui@5@XZ 0000000180004360 f i umodsys_lib_libui:umodsys.mod.ui.frames.obj
 0001:00003360       ?get_layer@RMultiImage2D_SDL_ttf@SDL_core@ui@modules@UModSys@@UEAAPEAUIImage@lib2d@5@H@Z 0000000180004360 f i umodsys_lib_libui:umodsys.mod.ui.SDL_core.obj
 0001:00003360       ?get_ctrldata@RFrame_Text@frames@ui@modules@UModSys@@UEAAPEAUIControllerData@libui@5@XZ 0000000180004360 f i umodsys_lib_libui:umodsys.mod.ui.frames.obj
 0001:00003360       ?get_list@RFrame_Text@frames@ui@modules@UModSys@@UEAAPEAUIFrameList@libui@5@XZ 0000000180004360 f i umodsys_lib_libui:umodsys.mod.ui.frames.obj
 0001:00003360       ?get_ctrlcmd@RFrame_Button@frames@ui@modules@UModSys@@UEAAPEAUIControllerCommand@libui@5@XZ 0000000180004360 f i umodsys_lib_libui:umodsys.mod.ui.frames.obj
 0001:00003360       ?get_controller@RRenderDriver2D@SDL_core@ui@modules@UModSys@@UEBAPEAUIRefObject@core@5@PEBUSUniquePointerInfo@75@@Z 0000000180004360 f i umodsys_lib_libui:umodsys.mod.ui.SDL_core.obj
 0001:00003360       ?get_up_theme@RCollector@frames@ui@modules@UModSys@@UEAAPEAUICollectorTheme@libui@5@XZ 0000000180004360 f i umodsys_lib_libui:umodsys.mod.ui.frames.obj
 0001:00003360       ?get_list@RFrame_Image@frames@ui@modules@UModSys@@UEAAPEAUIFrameList@libui@5@XZ 0000000180004360 f i umodsys_lib_libui:umodsys.mod.ui.frames.obj
 0001:00003360       ?get_ctrldata@RFrame_List@frames@ui@modules@UModSys@@UEAAPEAUIControllerData@libui@5@XZ 0000000180004360 f i umodsys_lib_libui:umodsys.mod.ui.frames.obj
 0001:00003360       ?get_ctrlcmd@RFrame_List@frames@ui@modules@UModSys@@UEAAPEAUIControllerCommand@libui@5@XZ 0000000180004360 f i umodsys_lib_libui:umodsys.mod.ui.frames.obj
 0001:00003360       ?get_ctrlcmd@RFrame_Frame@frames@ui@modules@UModSys@@UEAAPEAUIControllerCommand@libui@5@XZ 0000000180004360 f i umodsys_lib_libui:umodsys.mod.ui.frames.obj
 0001:00003370       ?create_handler@RTerminal@SDL_core@ui@modules@UModSys@@UEAA_NPEBUSUniquePointerInfo@core@5@AEAU?$TRefObject@UIRefObject@core@UModSys@@U?$TRefObjectFunc@UIRefObject@core@UModSys@@@tl@3@@tl@5@PEBDPEBUSParameters@75@@Z 0000000180004370 f i umodsys_lib_libui:umodsys.mod.ui.SDL_core.obj
 0001:00003680       ??_ERTerminal@SDL_core@ui@modules@UModSys@@UEAAPEAXI@Z 0000000180004680 f i  CIL library: CIL module
 0001:00003680       ??_GRTerminal@SDL_core@ui@modules@UModSys@@UEAAPEAXI@Z 0000000180004680 f i umodsys_lib_libui:umodsys.mod.ui.SDL_core.obj
 0001:000036b0       ?get_generated_names@RGenerator@SDL_core@ui@modules@UModSys@@UEBAHAEAUSUniquePtrList@core@5@@Z 00000001800046b0 f i umodsys_lib_libui:umodsys.mod.ui.SDL_core.obj
 0001:000036d0       ?get_generated_types@RGenerator@SDL_core@ui@modules@UModSys@@UEBAHAEAUSUniquePtrList@core@5@PEBUSUniquePointerInfo@75@@Z 00000001800046d0 f i umodsys_lib_libui:umodsys.mod.ui.SDL_core.obj
 0001:00003730       ?generate@RGenerator@SDL_core@ui@modules@UModSys@@UEAA_NAEAU?$TRefObject@UIRefObject@core@UModSys@@U?$TRefObjectFunc@UIRefObject@core@UModSys@@@tl@3@@tl@5@PEBUSUniquePointerInfo@core@5@AEBUSParameters@95@@Z 0000000180004730 f i umodsys_lib_libui:umodsys.mod.ui.SDL_core.obj
 0001:000037b0       ?root_get_interface_info@RGenerator@SDL_core@ui@modules@UModSys@@UEBAAEBUSUniquePointerInfo@core@5@XZ 00000001800047b0 f i umodsys_lib_libui:umodsys.mod.ui.SDL_core.obj
 0001:000037c0       ?root_get_interface_type@RGenerator@SDL_core@ui@modules@UModSys@@UEBAPEBUSUniquePointerInfo@core@5@XZ 00000001800047c0 f i umodsys_lib_libui:umodsys.mod.ui.SDL_core.obj
 0001:000037d0       ?root_get_other_interface@RGenerator@SDL_core@ui@modules@UModSys@@UEAAPEAUIRoot@core@5@PEBUSUniquePointerInfo@75@@Z 00000001800047d0 f i umodsys_lib_libui:umodsys.mod.ui.SDL_core.obj
 0001:000037d0       ?root_get_other_interface@RGenerator@SDL_core@ui@modules@UModSys@@UEBAPEBUIRoot@core@5@PEBUSUniquePointerInfo@75@@Z 00000001800047d0 f i umodsys_lib_libui:umodsys.mod.ui.SDL_core.obj
 0001:00003810       ?root_is_interface_supported@RGenerator@SDL_core@ui@modules@UModSys@@UEBA_NPEBUSUniquePointerInfo@core@5@@Z 0000000180004810 f i umodsys_lib_libui:umodsys.mod.ui.SDL_core.obj
 0001:00003850       ?get_uid@RGenerator@SDL_core@ui@modules@UModSys@@UEBAPEBUSUniquePointerInfo@core@5@XZ 0000000180004850 f i umodsys_lib_libui:umodsys.mod.ui.SDL_core.obj
 0001:00003860       ?do_open@RModuleReg@SDL_core@ui@modules@UModSys@@UEAA_NXZ 0000000180004860 f i umodsys_lib_libui:umodsys.mod.ui.SDL_core.obj
 0001:00003870       ?do_close@RModuleReg@SDL_core@ui@modules@UModSys@@UEAA_NXZ 0000000180004870 f i umodsys_lib_libui:umodsys.mod.ui.SDL_core.obj
 0001:00003880       ??_ERModuleReg@SDL_core@ui@modules@UModSys@@UEAAPEAXI@Z 0000000180004880 f i  CIL library: CIL module
 0001:00003880       ??_GRModuleReg@SDL_core@ui@modules@UModSys@@UEAAPEAXI@Z 0000000180004880 f i umodsys_lib_libui:umodsys.mod.ui.SDL_core.obj
 0001:000038b0       ??1?$TScatterArray@UGlyph@RMultiImage2D_SDL_ttf@SDL_core@ui@modules@UModSys@@HU?$TScalarCompare@H@core@6@U?$TNodeDeleter0@U?$TScatterArrayNode@UGlyph@RMultiImage2D_SDL_ttf@SDL_core@ui@modules@UModSys@@H@tl@UModSys@@@tl@6@@tl@UModSys@@QEAA@XZ 00000001800048b0 f i umodsys_lib_libui:umodsys.mod.ui.SDL_core.obj
 0001:000038e0       ??1?$TRefObject@URMultiImage2D_SDL_ttf@SDL_core@ui@modules@UModSys@@U?$TRefObjectWeakFunc@URMultiImage2D_SDL_ttf@SDL_core@ui@modules@UModSys@@@tl@5@@tl@UModSys@@QEAA@XZ 00000001800048e0 f i umodsys_lib_libui:umodsys.mod.ui.SDL_core.obj
 0001:000038e0       ??1?$TRefObject@URRenderDriver2D@SDL_core@ui@modules@UModSys@@U?$TRefObjectWeakFunc@URRenderDriver2D@SDL_core@ui@modules@UModSys@@@tl@5@@tl@UModSys@@QEAA@XZ 00000001800048e0 f i umodsys_lib_libui:umodsys.mod.ui.SDL_core.obj
 0001:00003920       ?remove_node@?$TTreeHoldRB@U?$TScatterArrayNode@U?$TRefObjectComposite@UIKeyboardClient@libui@UModSys@@UIRefObject@core@3@U?$TRefObjectFunc@UIRefObject@core@UModSys@@@tl@3@@tl@UModSys@@H@tl@UModSys@@@tl@UModSys@@QEAAXPEAU?$TScatterArrayNode@U?$TRefObjectComposite@UIKeyboardClient@libui@UModSys@@UIRefObject@core@3@U?$TRefObjectFunc@UIRefObject@core@UModSys@@@tl@3@@tl@UModSys@@H@23@@Z 0000000180004920 f i umodsys_lib_libui:umodsys.mod.ui.SDL_core.obj
 0001:00003920       ?remove_node@?$TTreeHoldRB@U?$TScatterArrayNode@U?$TRefObjectCompositeExtra@UIMouseClient@libui@UModSys@@HUIRefObject@core@3@U?$TRefObjectFunc@UIRefObject@core@UModSys@@@tl@3@@tl@UModSys@@H@tl@UModSys@@@tl@UModSys@@QEAAXPEAU?$TScatterArrayNode@U?$TRefObjectCompositeExtra@UIMouseClient@libui@UModSys@@HUIRefObject@core@3@U?$TRefObjectFunc@UIRefObject@core@UModSys@@@tl@3@@tl@UModSys@@H@23@@Z 0000000180004920 f i umodsys_lib_libui:umodsys.mod.ui.SDL_core.obj
 0001:00003a40       ??R?$TNodeDeleter0@U?$TScatterArrayNode@U?$TRefObjectComposite@UIKeyboardClient@libui@UModSys@@UIRefObject@core@3@U?$TRefObjectFunc@UIRefObject@core@UModSys@@@tl@3@@tl@UModSys@@H@tl@UModSys@@@tl@UModSys@@QEBAHPEAU?$TScatterArrayNode@U?$TRefObjectComposite@UIKeyboardClient@libui@UModSys@@UIRefObject@core@3@U?$TRefObjectFunc@UIRefObject@core@UModSys@@@tl@3@@tl@UModSys@@H@12@@Z 0000000180004a40 f i umodsys_lib_libui:umodsys.mod.ui.SDL_core.obj
 0001:00003a40       ??R?$TNodeDeleter0@U?$TScatterArrayNode@U?$TRefObjectCompositeExtra@UIMouseClient@libui@UModSys@@HUIRefObject@core@3@U?$TRefObjectFunc@UIRefObject@core@UModSys@@@tl@3@@tl@UModSys@@H@tl@UModSys@@@tl@UModSys@@QEBAHPEAU?$TScatterArrayNode@U?$TRefObjectCompositeExtra@UIMouseClient@libui@UModSys@@HUIRefObject@core@3@U?$TRefObjectFunc@UIRefObject@core@UModSys@@@tl@3@@tl@UModSys@@H@12@@Z 0000000180004a40 f i umodsys_lib_libui:umodsys.mod.ui.SDL_core.obj
 0001:00003ac0       ??1?$TPair@HU?$TRefObjectCompositeExtra@UIMouseClient@libui@UModSys@@HUIRefObject@core@3@U?$TRefObjectFunc@UIRefObject@core@UModSys@@@tl@3@@tl@UModSys@@@tl@UModSys@@QEAA@XZ 0000000180004ac0 f i umodsys_lib_libui:umodsys.mod.ui.SDL_core.obj
 0001:00003ac0       ??1?$TPair@HU?$TRefObjectComposite@UIKeyboardClient@libui@UModSys@@UIRefObject@core@3@U?$TRefObjectFunc@UIRefObject@core@UModSys@@@tl@3@@tl@UModSys@@@tl@UModSys@@QEAA@XZ 0000000180004ac0 f i umodsys_lib_libui:umodsys.mod.ui.SDL_core.obj
 0001:00003b10       ??1?$TRefObjectCompositeExtra@UIMouseClient@libui@UModSys@@HUIRefObject@core@3@U?$TRefObjectFunc@UIRefObject@core@UModSys@@@tl@3@@tl@UModSys@@QEAA@XZ 0000000180004b10 f i umodsys_lib_libui:umodsys.mod.ui.SDL_core.obj
 0001:00003b10       ??1?$TRefObjectComposite@UIKeyboardClient@libui@UModSys@@UIRefObject@core@3@U?$TRefObjectFunc@UIRefObject@core@UModSys@@@tl@3@@tl@UModSys@@QEAA@XZ 0000000180004b10 f i umodsys_lib_libui:umodsys.mod.ui.SDL_core.obj
 0001:00003b60       ??$t_ref_get_other_interface@URMultiImage2D_SDL_ttf@SDL_core@ui@modules@UModSys@@U?$TRefObjectWeakFunc@URMultiImage2D_SDL_ttf@SDL_core@ui@modules@UModSys@@@tl@5@@IRefObject@core@UModSys@@QEAA_NAEAU?$TRefObject@URMultiImage2D_SDL_ttf@SDL_core@ui@modules@UModSys@@U?$TRefObjectWeakFunc@URMultiImage2D_SDL_ttf@SDL_core@ui@modules@UModSys@@@tl@5@@tl@2@@Z 0000000180004b60 f i umodsys_lib_libui:umodsys.mod.ui.SDL_core.obj
 0001:00003be0       ?remove_color@?$TTreeHoldRB@U?$TScatterArrayNode@U?$TRefObjectComposite@UIKeyboardClient@libui@UModSys@@UIRefObject@core@3@U?$TRefObjectFunc@UIRefObject@core@UModSys@@@tl@3@@tl@UModSys@@H@tl@UModSys@@@tl@UModSys@@IEAAXPEAU?$TScatterArrayNode@U?$TRefObjectComposite@UIKeyboardClient@libui@UModSys@@UIRefObject@core@3@U?$TRefObjectFunc@UIRefObject@core@UModSys@@@tl@3@@tl@UModSys@@H@23@0@Z 0000000180004be0 f i umodsys_lib_libui:umodsys.mod.ui.SDL_core.obj
 0001:00003be0       ?remove_color@?$TTreeHoldRB@U?$TScatterArrayNode@U?$TRefObjectCompositeExtra@UIMouseClient@libui@UModSys@@HUIRefObject@core@3@U?$TRefObjectFunc@UIRefObject@core@UModSys@@@tl@3@@tl@UModSys@@H@tl@UModSys@@@tl@UModSys@@IEAAXPEAU?$TScatterArrayNode@U?$TRefObjectCompositeExtra@UIMouseClient@libui@UModSys@@HUIRefObject@core@3@U?$TRefObjectFunc@UIRefObject@core@UModSys@@@tl@3@@tl@UModSys@@H@23@0@Z 0000000180004be0 f i umodsys_lib_libui:umodsys.mod.ui.SDL_core.obj
 0001:00003ea0       ??$t_close@U?$TRefObject@URRenderDriver2D@SDL_core@ui@modules@UModSys@@U?$TRefObjectWeakFunc@URRenderDriver2D@SDL_core@ui@modules@UModSys@@@tl@5@@tl@UModSys@@@SDL_core@ui@modules@UModSys@@YA_NAEAU?$TScatterArray@U?$TRefObject@URRenderDriver2D@SDL_core@ui@modules@UModSys@@U?$TRefObjectWeakFunc@URRenderDriver2D@SDL_core@ui@modules@UModSys@@@tl@5@@tl@UModSys@@HU?$TScalarCompare@H@core@3@U?$TNodeDeleter0@U?$TScatterArrayNode@U?$TRefObject@URRenderDriver2D@SDL_core@ui@modules@UModSys@@U?$TRefObjectWeakFunc@URRenderDriver2D@SDL_core@ui@modules@UModSys@@@tl@5@@tl@UModSys@@H@tl@UModSys@@@23@@tl@3@@Z 0000000180004ea0 f i umodsys_lib_libui:umodsys.mod.ui.SDL_core.obj
 0001:00003f90       ??$t_count@U?$TRefObject@URRenderDriver2D@SDL_core@ui@modules@UModSys@@U?$TRefObjectWeakFunc@URRenderDriver2D@SDL_core@ui@modules@UModSys@@@tl@5@@tl@UModSys@@@SDL_core@ui@modules@UModSys@@YA_KAEBU?$TScatterArray@U?$TRefObject@URRenderDriver2D@SDL_core@ui@modules@UModSys@@U?$TRefObjectWeakFunc@URRenderDriver2D@SDL_core@ui@modules@UModSys@@@tl@5@@tl@UModSys@@HU?$TScalarCompare@H@core@3@U?$TNodeDeleter0@U?$TScatterArrayNode@U?$TRefObject@URRenderDriver2D@SDL_core@ui@modules@UModSys@@U?$TRefObjectWeakFunc@URRenderDriver2D@SDL_core@ui@modules@UModSys@@@tl@5@@tl@UModSys@@H@tl@UModSys@@@23@@tl@3@@Z 0000000180004f90 f i umodsys_lib_libui:umodsys.mod.ui.SDL_core.obj
 0001:00004010       ??$t_get@U?$TRefObject@URRenderDriver2D@SDL_core@ui@modules@UModSys@@U?$TRefObjectWeakFunc@URRenderDriver2D@SDL_core@ui@modules@UModSys@@@tl@5@@tl@UModSys@@@SDL_core@ui@modules@UModSys@@YAPEAUIRefObject@core@3@AEBU?$TScatterArray@U?$TRefObject@URRenderDriver2D@SDL_core@ui@modules@UModSys@@U?$TRefObjectWeakFunc@URRenderDriver2D@SDL_core@ui@modules@UModSys@@@tl@5@@tl@UModSys@@HU?$TScalarCompare@H@core@3@U?$TNodeDeleter0@U?$TScatterArrayNode@U?$TRefObject@URRenderDriver2D@SDL_core@ui@modules@UModSys@@U?$TRefObjectWeakFunc@URRenderDriver2D@SDL_core@ui@modules@UModSys@@@tl@5@@tl@UModSys@@H@tl@UModSys@@@23@@tl@3@_K@Z 0000000180005010 f i umodsys_lib_libui:umodsys.mod.ui.SDL_core.obj
 0001:000040b0       ??$ValidateConstruction@UIRefObject@core@UModSys@@URRenderDriver2D@SDL_core@ui@modules@3@@core@UModSys@@YA_NAEAU?$TRefObject@UIRefObject@core@UModSys@@U?$TRefObjectFunc@UIRefObject@core@UModSys@@@tl@3@@tl@1@U?$TRefObject@URRenderDriver2D@SDL_core@ui@modules@UModSys@@U?$TRefObjectFunc@URRenderDriver2D@SDL_core@ui@modules@UModSys@@@tl@5@@31@@Z 00000001800050b0 f i umodsys_lib_libui:umodsys.mod.ui.SDL_core.obj
 0001:00004160       ??$t_add@U?$TRefObject@URRenderDriver2D@SDL_core@ui@modules@UModSys@@U?$TRefObjectWeakFunc@URRenderDriver2D@SDL_core@ui@modules@UModSys@@@tl@5@@tl@UModSys@@URRenderDriver2D@SDL_core@ui@modules@3@@SDL_core@ui@modules@UModSys@@YA_NAEAU?$TScatterArray@U?$TRefObject@URRenderDriver2D@SDL_core@ui@modules@UModSys@@U?$TRefObjectWeakFunc@URRenderDriver2D@SDL_core@ui@modules@UModSys@@@tl@5@@tl@UModSys@@HU?$TScalarCompare@H@core@3@U?$TNodeDeleter0@U?$TScatterArrayNode@U?$TRefObject@URRenderDriver2D@SDL_core@ui@modules@UModSys@@U?$TRefObjectWeakFunc@URRenderDriver2D@SDL_core@ui@modules@UModSys@@@tl@5@@tl@UModSys@@H@tl@UModSys@@@23@@tl@3@PEAURRenderDriver2D@0123@@Z 0000000180005160 f i umodsys_lib_libui:umodsys.mod.ui.SDL_core.obj
 0001:000041e0       ??$ValidateConstruction@UIRefObject@core@UModSys@@URMouseController@SDL_core@ui@modules@3@@core@UModSys@@YA_NAEAU?$TRefObject@UIRefObject@core@UModSys@@U?$TRefObjectFunc@UIRefObject@core@UModSys@@@tl@3@@tl@1@U?$TRefObject@URMouseController@SDL_core@ui@modules@UModSys@@U?$TRefObjectFunc@URMouseController@SDL_core@ui@modules@UModSys@@@tl@5@@31@@Z 00000001800051e0 f i umodsys_lib_libui:umodsys.mod.ui.SDL_core.obj
 0001:000041e0       ??$ValidateConstruction@UIRefObject@core@UModSys@@URKeyboardController@SDL_core@ui@modules@3@@core@UModSys@@YA_NAEAU?$TRefObject@UIRefObject@core@UModSys@@U?$TRefObjectFunc@UIRefObject@core@UModSys@@@tl@3@@tl@1@U?$TRefObject@URKeyboardController@SDL_core@ui@modules@UModSys@@U?$TRefObjectFunc@URKeyboardController@SDL_core@ui@modules@UModSys@@@tl@5@@31@@Z 00000001800051e0 f i umodsys_lib_libui:umodsys.mod.ui.SDL_core.obj
 0001:00004270       ??$ValidateConstruction@UIMultiImage@lib2d@UModSys@@URMultiImage2D_SDL_ttf@SDL_core@ui@modules@3@@core@UModSys@@YA_NAEAU?$TRefObject@UIMultiImage@lib2d@UModSys@@U?$TRefObjectFunc@UIMultiImage@lib2d@UModSys@@@tl@3@@tl@1@PEAURMultiImage2D_SDL_ttf@SDL_core@ui@modules@1@@Z 0000000180005270 f i umodsys_lib_libui:umodsys.mod.ui.SDL_core.obj
 0001:000042f0       ??$genx_node@UCmp@?$TScatterArray@UGlyph@RMultiImage2D_SDL_ttf@SDL_core@ui@modules@UModSys@@HU?$TScalarCompare@H@core@6@U?$TNodeDeleter0@U?$TScatterArrayNode@UGlyph@RMultiImage2D_SDL_ttf@SDL_core@ui@modules@UModSys@@H@tl@UModSys@@@tl@6@@tl@UModSys@@UGen0@234@@?$TTreeHoldRBD@U?$TScatterArrayNode@UGlyph@RMultiImage2D_SDL_ttf@SDL_core@ui@modules@UModSys@@H@tl@UModSys@@U?$TNodeDeleter0@U?$TScatterArrayNode@UGlyph@RMultiImage2D_SDL_ttf@SDL_core@ui@modules@UModSys@@H@tl@UModSys@@@23@@tl@UModSys@@QEAAPEAU?$TScatterArrayNode@UGlyph@RMultiImage2D_SDL_ttf@SDL_core@ui@modules@UModSys@@H@12@UCmp@?$TScatterArray@UGlyph@RMultiImage2D_SDL_ttf@SDL_core@ui@modules@UModSys@@HU?$TScalarCompare@H@core@6@U?$TNodeDeleter0@U?$TScatterArrayNode@UGlyph@RMultiImage2D_SDL_ttf@SDL_core@ui@modules@UModSys@@H@tl@UModSys@@@tl@6@@12@AEBUGen0@512@PEAPEAU312@2_N@Z 00000001800052f0 f i umodsys_lib_libui:umodsys.mod.ui.SDL_core.obj
 0001:00004480       ??$genx_node@UCmp@?$TScatterArray@U?$TRefObjectCompositeExtra@UIMouseClient@libui@UModSys@@HUIRefObject@core@3@U?$TRefObjectFunc@UIRefObject@core@UModSys@@@tl@3@@tl@UModSys@@HU?$TScalarCompare@H@core@3@U?$TNodeDeleter0@U?$TScatterArrayNode@U?$TRefObjectCompositeExtra@UIMouseClient@libui@UModSys@@HUIRefObject@core@3@U?$TRefObjectFunc@UIRefObject@core@UModSys@@@tl@3@@tl@UModSys@@H@tl@UModSys@@@23@@tl@UModSys@@UGen0@234@@?$TTreeHoldRBD@U?$TScatterArrayNode@U?$TRefObjectCompositeExtra@UIMouseClient@libui@UModSys@@HUIRefObject@core@3@U?$TRefObjectFunc@UIRefObject@core@UModSys@@@tl@3@@tl@UModSys@@H@tl@UModSys@@U?$TNodeDeleter0@U?$TScatterArrayNode@U?$TRefObjectCompositeExtra@UIMouseClient@libui@UModSys@@HUIRefObject@core@3@U?$TRefObjectFunc@UIRefObject@core@UModSys@@@tl@3@@tl@UModSys@@H@tl@UModSys@@@23@@tl@UModSys@@QEAAPEAU?$TScatterArrayNode@U?$TRefObjectCompositeExtra@UIMouseClient@libui@UModSys@@HUIRefObject@core@3@U?$TRefObjectFunc@UIRefObject@core@UModSys@@@tl@3@@tl@UModSys@@H@12@UCmp@?$TScatterArray@U?$TRefObjectCompositeExtra@UIMouseClient@libui@UModSys@@HUIRefObject@core@3@U?$TRefObjectFunc@UIRefObject@core@UModSys@@@tl@3@@tl@UModSys@@HU?$TScalarCompare@H@core@3@U?$TNodeDeleter0@U?$TScatterArrayNode@U?$TRefObjectCompositeExtra@UIMouseClient@libui@UModSys@@HUIRefObject@core@3@U?$TRefObjectFunc@UIRefObject@core@UModSys@@@tl@3@@tl@UModSys@@H@tl@UModSys@@@23@@12@AEBUGen0@512@PEAPEAU312@2_N@Z 0000000180005480 f i umodsys_lib_libui:umodsys.mod.ui.SDL_core.obj
 0001:000045d0       ??$genx_node@UCmp@?$TScatterArray@U?$TRefObjectComposite@UIKeyboardClient@libui@UModSys@@UIRefObject@core@3@U?$TRefObjectFunc@UIRefObject@core@UModSys@@@tl@3@@tl@UModSys@@HU?$TScalarCompare@H@core@3@U?$TNodeDeleter0@U?$TScatterArrayNode@U?$TRefObjectComposite@UIKeyboardClient@libui@UModSys@@UIRefObject@core@3@U?$TRefObjectFunc@UIRefObject@core@UModSys@@@tl@3@@tl@UModSys@@H@tl@UModSys@@@23@@tl@UModSys@@UGen0@234@@?$TTreeHoldRBD@U?$TScatterArrayNode@U?$TRefObjectComposite@UIKeyboardClient@libui@UModSys@@UIRefObject@core@3@U?$TRefObjectFunc@UIRefObject@core@UModSys@@@tl@3@@tl@UModSys@@H@tl@UModSys@@U?$TNodeDeleter0@U?$TScatterArrayNode@U?$TRefObjectComposite@UIKeyboardClient@libui@UModSys@@UIRefObject@core@3@U?$TRefObjectFunc@UIRefObject@core@UModSys@@@tl@3@@tl@UModSys@@H@tl@UModSys@@@23@@tl@UModSys@@QEAAPEAU?$TScatterArrayNode@U?$TRefObjectComposite@UIKeyboardClient@libui@UModSys@@UIRefObject@core@3@U?$TRefObjectFunc@UIRefObject@core@UModSys@@@tl@3@@tl@UModSys@@H@12@UCmp@?$TScatterArray@U?$TRefObjectComposite@UIKeyboardClient@libui@UModSys@@UIRefObject@core@3@U?$TRefObjectFunc@UIRefObject@core@UModSys@@@tl@3@@tl@UModSys@@HU?$TScalarCompare@H@core@3@U?$TNodeDeleter0@U?$TScatterArrayNode@U?$TRefObjectComposite@UIKeyboardClient@libui@UModSys@@UIRefObject@core@3@U?$TRefObjectFunc@UIRefObject@core@UModSys@@@tl@3@@tl@UModSys@@H@tl@UModSys@@@23@@12@AEBUGen0@512@PEAPEAU312@2_N@Z 00000001800055d0 f i umodsys_lib_libui:umodsys.mod.ui.SDL_core.obj
 0001:00004710       ??$process_nodes@U?$TNodeDeleter0@U?$TScatterArrayNode@U?$TRefObjectComposite@UIKeyboardClient@libui@UModSys@@UIRefObject@core@3@U?$TRefObjectFunc@UIRefObject@core@UModSys@@@tl@3@@tl@UModSys@@H@tl@UModSys@@@tl@UModSys@@@?$TTreeHoldRB@U?$TScatterArrayNode@U?$TRefObjectComposite@UIKeyboardClient@libui@UModSys@@UIRefObject@core@3@U?$TRefObjectFunc@UIRefObject@core@UModSys@@@tl@3@@tl@UModSys@@H@tl@UModSys@@@tl@UModSys@@QEAAHAEBU?$TNodeDeleter0@U?$TScatterArrayNode@U?$TRefObjectComposite@UIKeyboardClient@libui@UModSys@@UIRefObject@core@3@U?$TRefObjectFunc@UIRefObject@core@UModSys@@@tl@3@@tl@UModSys@@H@tl@UModSys@@@12@@Z 0000000180005710 f i umodsys_lib_libui:umodsys.mod.ui.SDL_core.obj
 0001:00004710       ??$process_nodes@U?$TNodeDeleter0@U?$TScatterArrayNode@U?$TRefObjectCompositeExtra@UIMouseClient@libui@UModSys@@HUIRefObject@core@3@U?$TRefObjectFunc@UIRefObject@core@UModSys@@@tl@3@@tl@UModSys@@H@tl@UModSys@@@tl@UModSys@@@?$TTreeHoldRB@U?$TScatterArrayNode@U?$TRefObjectCompositeExtra@UIMouseClient@libui@UModSys@@HUIRefObject@core@3@U?$TRefObjectFunc@UIRefObject@core@UModSys@@@tl@3@@tl@UModSys@@H@tl@UModSys@@@tl@UModSys@@QEAAHAEBU?$TNodeDeleter0@U?$TScatterArrayNode@U?$TRefObjectCompositeExtra@UIMouseClient@libui@UModSys@@HUIRefObject@core@3@U?$TRefObjectFunc@UIRefObject@core@UModSys@@@tl@3@@tl@UModSys@@H@tl@UModSys@@@12@@Z 0000000180005710 f i umodsys_lib_libui:umodsys.mod.ui.SDL_core.obj
 0001:00004790       ?attach@?$TRefObject@URRenderDriver2D@SDL_core@ui@modules@UModSys@@U?$TRefObjectWeakFunc@URRenderDriver2D@SDL_core@ui@modules@UModSys@@@tl@5@@tl@UModSys@@QEAAXPEAURRenderDriver2D@SDL_core@ui@modules@3@@Z 0000000180005790 f i umodsys_lib_libui:umodsys.mod.ui.SDL_core.obj
 0001:00004820       ??$process_nodes_r@U?$TNodeDeleter0@U?$TScatterArrayNode@UGlyph@RMultiImage2D_SDL_ttf@SDL_core@ui@modules@UModSys@@H@tl@UModSys@@@tl@UModSys@@@?$TTreeHoldRB@U?$TScatterArrayNode@UGlyph@RMultiImage2D_SDL_ttf@SDL_core@ui@modules@UModSys@@H@tl@UModSys@@@tl@UModSys@@KAHPEAU?$TScatterArrayNode@UGlyph@RMultiImage2D_SDL_ttf@SDL_core@ui@modules@UModSys@@H@12@AEBU?$TNodeDeleter0@U?$TScatterArrayNode@UGlyph@RMultiImage2D_SDL_ttf@SDL_core@ui@modules@UModSys@@H@tl@UModSys@@@12@@Z 0000000180005820 f i umodsys_lib_libui:umodsys.mod.ui.SDL_core.obj
 0001:000048a0       ??$process_nodes_r@U?$TNodeDeleter0@U?$TScatterArrayNode@U?$TRefObjectCompositeExtra@UIMouseClient@libui@UModSys@@HUIRefObject@core@3@U?$TRefObjectFunc@UIRefObject@core@UModSys@@@tl@3@@tl@UModSys@@H@tl@UModSys@@@tl@UModSys@@@?$TTreeHoldRB@U?$TScatterArrayNode@U?$TRefObjectCompositeExtra@UIMouseClient@libui@UModSys@@HUIRefObject@core@3@U?$TRefObjectFunc@UIRefObject@core@UModSys@@@tl@3@@tl@UModSys@@H@tl@UModSys@@@tl@UModSys@@KAHPEAU?$TScatterArrayNode@U?$TRefObjectCompositeExtra@UIMouseClient@libui@UModSys@@HUIRefObject@core@3@U?$TRefObjectFunc@UIRefObject@core@UModSys@@@tl@3@@tl@UModSys@@H@12@AEBU?$TNodeDeleter0@U?$TScatterArrayNode@U?$TRefObjectCompositeExtra@UIMouseClient@libui@UModSys@@HUIRefObject@core@3@U?$TRefObjectFunc@UIRefObject@core@UModSys@@@tl@3@@tl@UModSys@@H@tl@UModSys@@@12@@Z 00000001800058a0 f i umodsys_lib_libui:umodsys.mod.ui.SDL_core.obj
 0001:000048a0       ??$process_nodes_r@U?$TNodeDeleter0@U?$TScatterArrayNode@U?$TRefObjectComposite@UIKeyboardClient@libui@UModSys@@UIRefObject@core@3@U?$TRefObjectFunc@UIRefObject@core@UModSys@@@tl@3@@tl@UModSys@@H@tl@UModSys@@@tl@UModSys@@@?$TTreeHoldRB@U?$TScatterArrayNode@U?$TRefObjectComposite@UIKeyboardClient@libui@UModSys@@UIRefObject@core@3@U?$TRefObjectFunc@UIRefObject@core@UModSys@@@tl@3@@tl@UModSys@@H@tl@UModSys@@@tl@UModSys@@KAHPEAU?$TScatterArrayNode@U?$TRefObjectComposite@UIKeyboardClient@libui@UModSys@@UIRefObject@core@3@U?$TRefObjectFunc@UIRefObject@core@UModSys@@@tl@3@@tl@UModSys@@H@12@AEBU?$TNodeDeleter0@U?$TScatterArrayNode@U?$TRefObjectComposite@UIKeyboardClient@libui@UModSys@@UIRefObject@core@3@U?$TRefObjectFunc@UIRefObject@core@UModSys@@@tl@3@@tl@UModSys@@H@tl@UModSys@@@12@@Z 00000001800058a0 f i umodsys_lib_libui:umodsys.mod.ui.SDL_core.obj
 0001:00004910       ??$process_nodes_r@U?$TNodeDeleter0@U?$TScatterArrayNode@U?$TRefObject@URRenderDriver2D@SDL_core@ui@modules@UModSys@@U?$TRefObjectWeakFunc@URRenderDriver2D@SDL_core@ui@modules@UModSys@@@tl@5@@tl@UModSys@@H@tl@UModSys@@@tl@UModSys@@@?$TTreeHoldRB@U?$TScatterArrayNode@U?$TRefObject@URRenderDriver2D@SDL_core@ui@modules@UModSys@@U?$TRefObjectWeakFunc@URRenderDriver2D@SDL_core@ui@modules@UModSys@@@tl@5@@tl@UModSys@@H@tl@UModSys@@@tl@UModSys@@KAHPEAU?$TScatterArrayNode@U?$TRefObject@URRenderDriver2D@SDL_core@ui@modules@UModSys@@U?$TRefObjectWeakFunc@URRenderDriver2D@SDL_core@ui@modules@UModSys@@@tl@5@@tl@UModSys@@H@12@AEBU?$TNodeDeleter0@U?$TScatterArrayNode@U?$TRefObject@URRenderDriver2D@SDL_core@ui@modules@UModSys@@U?$TRefObjectWeakFunc@URRenderDriver2D@SDL_core@ui@modules@UModSys@@@tl@5@@tl@UModSys@@H@tl@UModSys@@@12@@Z 0000000180005910 f i umodsys_lib_libui:umodsys.mod.ui.SDL_core.obj
 0001:000049b0       ??$genx_node@UCmp@?$TScatterArray@U?$TRefObject@URRenderDriver2D@SDL_core@ui@modules@UModSys@@U?$TRefObjectWeakFunc@URRenderDriver2D@SDL_core@ui@modules@UModSys@@@tl@5@@tl@UModSys@@HU?$TScalarCompare@H@core@3@U?$TNodeDeleter0@U?$TScatterArrayNode@U?$TRefObject@URRenderDriver2D@SDL_core@ui@modules@UModSys@@U?$TRefObjectWeakFunc@URRenderDriver2D@SDL_core@ui@modules@UModSys@@@tl@5@@tl@UModSys@@H@tl@UModSys@@@23@@tl@UModSys@@UGen0@234@@?$TTreeHoldRBD@U?$TScatterArrayNode@U?$TRefObject@URRenderDriver2D@SDL_core@ui@modules@UModSys@@U?$TRefObjectWeakFunc@URRenderDriver2D@SDL_core@ui@modules@UModSys@@@tl@5@@tl@UModSys@@H@tl@UModSys@@U?$TNodeDeleter0@U?$TScatterArrayNode@U?$TRefObject@URRenderDriver2D@SDL_core@ui@modules@UModSys@@U?$TRefObjectWeakFunc@URRenderDriver2D@SDL_core@ui@modules@UModSys@@@tl@5@@tl@UModSys@@H@tl@UModSys@@@23@@tl@UModSys@@QEAAPEAU?$TScatterArrayNode@U?$TRefObject@URRenderDriver2D@SDL_core@ui@modules@UModSys@@U?$TRefObjectWeakFunc@URRenderDriver2D@SDL_core@ui@modules@UModSys@@@tl@5@@tl@UModSys@@H@12@UCmp@?$TScatterArray@U?$TRefObject@URRenderDriver2D@SDL_core@ui@modules@UModSys@@U?$TRefObjectWeakFunc@URRenderDriver2D@SDL_core@ui@modules@UModSys@@@tl@5@@tl@UModSys@@HU?$TScalarCompare@H@core@3@U?$TNodeDeleter0@U?$TScatterArrayNode@U?$TRefObject@URRenderDriver2D@SDL_core@ui@modules@UModSys@@U?$TRefObjectWeakFunc@URRenderDriver2D@SDL_core@ui@modules@UModSys@@@tl@5@@tl@UModSys@@H@tl@UModSys@@@23@@12@AEBUGen0@512@PEAPEAU312@2_N@Z 00000001800059b0 f i umodsys_lib_libui:umodsys.mod.ui.SDL_core.obj
 0001:00004af0       ?ss@SFrameDataOut@libui@UModSys@@QEBAXAEBU?$TString@U?$TSCoreShared@USIMemAlloc@core@UModSys@@D@su@tl@UModSys@@U?$TComparerBinaryHash@D@234@@tl@3@@Z 0000000180005af0 f i umodsys_lib_libui:umodsys.mod.ui.frames.obj
 0001:00004b60       ??1SController@libui@UModSys@@QEAA@XZ 0000000180005b60 f i umodsys_lib_libui:umodsys.mod.ui.frames.obj
 0001:00004bb0       ?db_get_i@SController@libui@UModSys@@QEAAHQEBD@Z 0000000180005bb0 f i umodsys_lib_libui:umodsys.mod.ui.frames.obj
 0001:00004c60       ?update_size@libui@UModSys@@YA_NAEAU?$TBoundBox2@H@math3d@2@AEBUSFrameSize@12@AEBU342@@Z 0000000180005c60 f i umodsys_lib_libui:umodsys.mod.ui.frames.obj
 0001:00004da0       ?command@SController@libui@UModSys@@QEAA_NHAEBUSFrameDataIn@23@@Z 0000000180005da0 f i umodsys_lib_libui:umodsys.mod.ui.frames.obj
 0001:00004e30       ?get_property@ICollectorThemeTemplate@libui@UModSys@@UEBA_NHHAEAU?$TVector4@M@math3d@3@@Z 0000000180005e30 f i umodsys_lib_libui:umodsys.mod.ui.frames.obj
 0001:00004e50       ?get_property@ICollectorThemeTemplate@libui@UModSys@@UEBA_NHHAEAU?$TVector4@H@math3d@3@@Z 0000000180005e50 f i umodsys_lib_libui:umodsys.mod.ui.frames.obj
 0001:00004e70       ?get_property@ICollectorThemeTemplate@libui@UModSys@@UEBA_NHHAEAU?$TVector2@M@math3d@3@@Z 0000000180005e70 f i umodsys_lib_libui:umodsys.mod.ui.frames.obj
 0001:00004e90       ?get_property@ICollectorThemeTemplate@libui@UModSys@@UEBA_NHHAEAU?$TVector2@H@math3d@3@@Z 0000000180005e90 f i umodsys_lib_libui:umodsys.mod.ui.frames.obj
 0001:00004eb0       ?get_property@ICollectorThemeTemplate@libui@UModSys@@UEBA_NHHAEAH@Z 0000000180005eb0 f i umodsys_lib_libui:umodsys.mod.ui.frames.obj
 0001:00004ed0       ?set_property@ICollectorThemeTemplate@libui@UModSys@@UEAA_NHHAEBU?$TVector4@M@math3d@3@@Z 0000000180005ed0 f i umodsys_lib_libui:umodsys.mod.ui.frames.obj
 0001:00004f40       ?set_property@ICollectorThemeTemplate@libui@UModSys@@UEAA_NHHAEBU?$TVector4@H@math3d@3@@Z 0000000180005f40 f i umodsys_lib_libui:umodsys.mod.ui.frames.obj
 0001:00004f60       ?set_property@ICollectorThemeTemplate@libui@UModSys@@UEAA_NHHAEBU?$TVector2@M@math3d@3@@Z 0000000180005f60 f i umodsys_lib_libui:umodsys.mod.ui.frames.obj
 0001:00004fc0       ?set_property@ICollectorThemeTemplate@libui@UModSys@@UEAA_NHHAEBU?$TVector2@H@math3d@3@@Z 0000000180005fc0 f i umodsys_lib_libui:umodsys.mod.ui.frames.obj
 0001:00005040       ?set_property@ICollectorThemeTemplate@libui@UModSys@@UEAA_NHHH@Z 0000000180006040 f i umodsys_lib_libui:umodsys.mod.ui.frames.obj
 0001:000050a0       ??1ICollectorThemeTemplate@libui@UModSys@@QEAA@XZ 00000001800060a0 f i umodsys_lib_libui:umodsys.mod.ui.frames.obj
 0001:00005110       ?set_controller@RFrame_Common@frames@ui@modules@UModSys@@UEAA_NHPEAUIController@libui@5@PEAUIRefObject@core@5@@Z 0000000180006110 f i umodsys_lib_libui:umodsys.mod.ui.frames.obj
 0001:00005190       ?get_controller@RFrame_Common@frames@ui@modules@UModSys@@UEAAPEAUIController@libui@5@XZ 0000000180006190 f i umodsys_lib_libui:umodsys.mod.ui.frames.obj
 0001:000051a0       ?get_controller_context@RFrame_Common@frames@ui@modules@UModSys@@UEAAHXZ 00000001800061a0 f i umodsys_lib_libui:umodsys.mod.ui.frames.obj
 0001:000051b0       ?get_framesize@RFrame_Common@frames@ui@modules@UModSys@@UEAAAEBUSFrameSize@libui@5@XZ 00000001800061b0 f i umodsys_lib_libui:umodsys.mod.ui.frames.obj
 0001:000051c0       ?set_framesize@RFrame_Common@frames@ui@modules@UModSys@@UEAA_NAEBUSFrameSize@libui@5@@Z 00000001800061c0 f i umodsys_lib_libui:umodsys.mod.ui.frames.obj
 0001:000051f0       ?get_insize@RFrame_Common@frames@ui@modules@UModSys@@UEAA?AU?$TVector2@H@math3d@5@XZ 00000001800061f0 f i umodsys_lib_libui:umodsys.mod.ui.frames.obj
 0001:00005210       ?get_theme@RFrame_Common@frames@ui@modules@UModSys@@UEAAPEAUICollectorTheme@libui@5@XZ 0000000180006210 f i umodsys_lib_libui:umodsys.mod.ui.frames.obj
 0001:00005220       ?mouse_setposition@RMouseController@SDL_core@ui@modules@UModSys@@UEAA_NHH@Z 0000000180006220 f i umodsys_lib_libui:umodsys.mod.ui.SDL_core.obj
 0001:00005220       ?set_hint@RMultiImage2D_SDL_ttf@SDL_core@ui@modules@UModSys@@UEAA_NPEBD0@Z 0000000180006220 f i umodsys_lib_libui:umodsys.mod.ui.SDL_core.obj
 0001:00005220       ?key_reset@RKeyboardController@SDL_core@ui@modules@UModSys@@UEAA_NXZ 0000000180006220 f i umodsys_lib_libui:umodsys.mod.ui.SDL_core.obj
 0001:00005220       ?mouse_event@RFrame_Common@frames@ui@modules@UModSys@@MEAA_NPEBUSMouseInput@libui@5@@Z 0000000180006220 f i umodsys_lib_libui:umodsys.mod.ui.frames.obj
 0001:00005220       ?key_event@RFrame_Common@frames@ui@modules@UModSys@@MEAA_NAEBUSKeyboardInputRaw@libui@5@@Z 0000000180006220 f i umodsys_lib_libui:umodsys.mod.ui.frames.obj
 0001:00005220       ?set_insize@RFrame_Common@frames@ui@modules@UModSys@@UEAA_NAEBU?$TVector2@H@math3d@5@@Z 0000000180006220 f i umodsys_lib_libui:umodsys.mod.ui.frames.obj
 0001:00005220       ?key_event@RFrame_Common@frames@ui@modules@UModSys@@MEAA_NAEBUSKeyboardInputText@libui@5@@Z 0000000180006220 f i umodsys_lib_libui:umodsys.mod.ui.frames.obj
 0001:00005220       ?mouse_reset@RMouseController@SDL_core@ui@modules@UModSys@@UEAA_NXZ 0000000180006220 f i umodsys_lib_libui:umodsys.mod.ui.SDL_core.obj
 0001:00005220       ?key_setmodifier@RKeyboardController@SDL_core@ui@modules@UModSys@@UEAA_NHHH@Z 0000000180006220 f i umodsys_lib_libui:umodsys.mod.ui.SDL_core.obj
 0001:00005220       ?set_layer_count@RMultiImage2D_SDL_ttf@SDL_core@ui@modules@UModSys@@UEAA_NH@Z 0000000180006220 f i umodsys_lib_libui:umodsys.mod.ui.SDL_core.obj
 0001:00005220       ?set_fixed_cell@RMultiImage2D_SDL_ttf@SDL_core@ui@modules@UModSys@@UEAA_NHH@Z 0000000180006220 f i umodsys_lib_libui:umodsys.mod.ui.SDL_core.obj
 0001:00005220       ?key_setrepeat@RKeyboardController@SDL_core@ui@modules@UModSys@@UEAA_NMM@Z 0000000180006220 f i umodsys_lib_libui:umodsys.mod.ui.SDL_core.obj
 0001:00005220       ?mouse_setvisible@RMouseController@SDL_core@ui@modules@UModSys@@UEAA_N_N@Z 0000000180006220 f i umodsys_lib_libui:umodsys.mod.ui.SDL_core.obj
 0001:00005220       ?set_var_cell@RMultiImage2D_SDL_ttf@SDL_core@ui@modules@UModSys@@UEAA_NPEBUSImageCellInfo@lib2d@5@HH@Z 0000000180006220 f i umodsys_lib_libui:umodsys.mod.ui.SDL_core.obj
 0001:00005220       ?get_cell_size@RMultiImage2D_SDL_ttf@SDL_core@ui@modules@UModSys@@UEAA_NHAEAU?$TVector2@H@math3d@5@PEAU675@@Z 0000000180006220 f i umodsys_lib_libui:umodsys.mod.ui.SDL_core.obj
 0001:00005220       ?get_max_cell_size@RMultiImage2D_SDL_ttf@SDL_core@ui@modules@UModSys@@UEAA_NAEAU?$TVector2@H@math3d@5@@Z 0000000180006220 f i umodsys_lib_libui:umodsys.mod.ui.SDL_core.obj
 0001:00005220       ?set_parameters@RRenderDriver2D@SDL_core@ui@modules@UModSys@@UEAA_NPEBDAEBUSParameters@core@5@@Z 0000000180006220 f i umodsys_lib_libui:umodsys.mod.ui.SDL_core.obj
 0001:00005230       ?draw_pre@RFrame_Common@frames@ui@modules@UModSys@@MEAA_NAEBUSDrawState@2345@@Z 0000000180006230 f i umodsys_lib_libui:umodsys.mod.ui.frames.obj
 0001:00005230       ?controller_update@RFrame_Common@frames@ui@modules@UModSys@@UEAA_NXZ 0000000180006230 f i umodsys_lib_libui:umodsys.mod.ui.frames.obj
 0001:00005230       ?button_cmd@RFrame_Common@frames@ui@modules@UModSys@@MEAA_NPEAUSButton@2345@HH@Z 0000000180006230 f i umodsys_lib_libui:umodsys.mod.ui.frames.obj
 0001:00005230       ?draw_post@RFrame_Common@frames@ui@modules@UModSys@@MEAA_NAEBUSDrawState@2345@@Z 0000000180006230 f i umodsys_lib_libui:umodsys.mod.ui.frames.obj
 0001:00005230       ?button_draw@RFrame_Common@frames@ui@modules@UModSys@@MEAA_NPEAUSButton@2345@AEBUSDrawState@2345@H@Z 0000000180006230 f i umodsys_lib_libui:umodsys.mod.ui.frames.obj
 0001:00005240       ??_ERFrame_Common@frames@ui@modules@UModSys@@UEAAPEAXI@Z 0000000180006240 f i  CIL library: CIL module
 0001:00005240       ??_GRFrame_Common@frames@ui@modules@UModSys@@UEAAPEAXI@Z 0000000180006240 f i umodsys_lib_libui:umodsys.mod.ui.frames.obj
 0001:00005270       ??1ITerminal@libui@UModSys@@UEAA@XZ 0000000180006270 f i umodsys_lib_libui:umodsys.mod.ui.SDL_core.obj
 0001:00005270       ??1IBinObjFilter@libmedia@UModSys@@UEAA@XZ 0000000180006270 f i plugin_test1.obj
 0001:00005270       ??1ICollector@libui@UModSys@@UEAA@XZ 0000000180006270 f i umodsys_lib_libui:umodsys.mod.ui.frames.obj
 0001:00005270       ??1IShell@base@UModSys@@UEAA@XZ 0000000180006270 f i plugin_test1.obj
 0001:00005270       ??1IMultiImage@lib2d@UModSys@@UEAA@XZ 0000000180006270 f i umodsys_lib_libui:umodsys.mod.ui.SDL_core.obj
 0001:00005270       ??1IRenderDriver@lib2d@UModSys@@UEAA@XZ 0000000180006270 f i umodsys_lib_libui:umodsys.mod.ui.SDL_core.obj
 0001:00005270       ??1IDialog@libui@UModSys@@UEAA@XZ 0000000180006270 f i umodsys_lib_libui:umodsys.mod.ui.frames.obj
 0001:00005270       ??1IMouseController@libui@UModSys@@UEAA@XZ 0000000180006270 f i umodsys_lib_libui:umodsys.mod.ui.SDL_core.obj
 0001:00005270       ??1IKeyboardController@libui@UModSys@@UEAA@XZ 0000000180006270 f i umodsys_lib_libui:umodsys.mod.ui.SDL_core.obj
 0001:00005270       ??1IFrame@libui@UModSys@@UEAA@XZ 0000000180006270 f i umodsys_lib_libui:umodsys.mod.ui.frames.obj
 0001:00005280       ?root_get_interface_info@RDialog@frames@ui@modules@UModSys@@UEBAAEBUSUniquePointerInfo@core@5@XZ 0000000180006280 f i umodsys_lib_libui:umodsys.mod.ui.frames.obj
 0001:00005290       ?root_get_interface_type@RDialog@frames@ui@modules@UModSys@@UEBAPEBUSUniquePointerInfo@core@5@XZ 0000000180006290 f i umodsys_lib_libui:umodsys.mod.ui.frames.obj
 0001:000052a0       ?root_get_other_interface@RDialog@frames@ui@modules@UModSys@@UEAAPEAUIRoot@core@5@PEBUSUniquePointerInfo@75@@Z 00000001800062a0 f i umodsys_lib_libui:umodsys.mod.ui.frames.obj
 0001:000052a0       ?root_get_other_interface@RDialog@frames@ui@modules@UModSys@@UEBAPEBUIRoot@core@5@PEBUSUniquePointerInfo@75@@Z 00000001800062a0 f i umodsys_lib_libui:umodsys.mod.ui.frames.obj
 0001:000052d0       ?root_is_interface_supported@RDialog@frames@ui@modules@UModSys@@UEBA_NPEBUSUniquePointerInfo@core@5@@Z 00000001800062d0 f i umodsys_lib_libui:umodsys.mod.ui.frames.obj
 0001:00005300       ?suicide@RMultiImage2D_SDL_ttf@SDL_core@ui@modules@UModSys@@UEAAXXZ 0000000180006300 f i umodsys_lib_libui:umodsys.mod.ui.SDL_core.obj
 0001:00005300       ?suicide@RKeyboardController@SDL_core@ui@modules@UModSys@@UEAAXXZ 0000000180006300 f i umodsys_lib_libui:umodsys.mod.ui.SDL_core.obj
 0001:00005300       ?suicide@RMouseController@SDL_core@ui@modules@UModSys@@UEAAXXZ 0000000180006300 f i umodsys_lib_libui:umodsys.mod.ui.SDL_core.obj
 0001:00005300       ?suicide@RDialog@frames@ui@modules@UModSys@@UEAAXXZ 0000000180006300 f i umodsys_lib_libui:umodsys.mod.ui.frames.obj
 0001:00005300       ?suicide@RRenderDriver2D@SDL_core@ui@modules@UModSys@@UEAAXXZ 0000000180006300 f i umodsys_lib_libui:umodsys.mod.ui.SDL_core.obj
 0001:00005350       ??_ERDialog@frames@ui@modules@UModSys@@UEAAPEAXI@Z 0000000180006350 f i  CIL library: CIL module
 0001:00005350       ??_GRDialog@frames@ui@modules@UModSys@@UEAAPEAXI@Z 0000000180006350 f i umodsys_lib_libui:umodsys.mod.ui.frames.obj
 0001:00005380       ?root_get_interface_info@RFrame_Frame@frames@ui@modules@UModSys@@UEBAAEBUSUniquePointerInfo@core@5@XZ 0000000180006380 f i umodsys_lib_libui:umodsys.mod.ui.frames.obj
 0001:00005390       ?root_get_interface_type@RFrame_Frame@frames@ui@modules@UModSys@@UEBAPEBUSUniquePointerInfo@core@5@XZ 0000000180006390 f i umodsys_lib_libui:umodsys.mod.ui.frames.obj
 0001:000053a0       ?root_get_other_interface@RFrame_Frame@frames@ui@modules@UModSys@@UEBAPEBUIRoot@core@5@PEBUSUniquePointerInfo@75@@Z 00000001800063a0 f i umodsys_lib_libui:umodsys.mod.ui.frames.obj
 0001:000053a0       ?root_get_other_interface@RFrame_Frame@frames@ui@modules@UModSys@@UEAAPEAUIRoot@core@5@PEBUSUniquePointerInfo@75@@Z 00000001800063a0 f i umodsys_lib_libui:umodsys.mod.ui.frames.obj
 0001:000053e0       ?root_is_interface_supported@RFrame_Frame@frames@ui@modules@UModSys@@UEBA_NPEBUSUniquePointerInfo@core@5@@Z 00000001800063e0 f i umodsys_lib_libui:umodsys.mod.ui.frames.obj
 0001:00005420       ?ref_add@RFrame_Image@frames@ui@modules@UModSys@@UEBAXXZ 0000000180006420 f i umodsys_lib_libui:umodsys.mod.ui.frames.obj
 0001:00005420       ?ref_add@RFrame_Button@frames@ui@modules@UModSys@@UEBAXXZ 0000000180006420 f i umodsys_lib_libui:umodsys.mod.ui.frames.obj
 0001:00005420       ?ref_add@RFrame_Frame@frames@ui@modules@UModSys@@UEBAXXZ 0000000180006420 f i umodsys_lib_libui:umodsys.mod.ui.frames.obj
 0001:00005430       ?ref_weak@RFrame_Image@frames@ui@modules@UModSys@@UEBA_NAEAUWeakPointer@IRefObject@core@5@@Z 0000000180006430 f i umodsys_lib_libui:umodsys.mod.ui.frames.obj
 0001:00005430       ?ref_weak@RFrame_Frame@frames@ui@modules@UModSys@@UEBA_NAEAUWeakPointer@IRefObject@core@5@@Z 0000000180006430 f i umodsys_lib_libui:umodsys.mod.ui.frames.obj
 0001:00005430       ?ref_weak@RFrame_Button@frames@ui@modules@UModSys@@UEBA_NAEAUWeakPointer@IRefObject@core@5@@Z 0000000180006430 f i umodsys_lib_libui:umodsys.mod.ui.frames.obj
 0001:00005460       ?get_cids@RFrame_Frame@frames@ui@modules@UModSys@@UEAA?AU?$TString@U?$TSCoreConst@D@su@tl@UModSys@@U?$TComparerBinaryHash@D@234@@tl@5@XZ 0000000180006460 f i umodsys_lib_libui:umodsys.mod.ui.frames.obj
 0001:000054b0       ?get_cidn@RFrame_Frame@frames@ui@modules@UModSys@@UEAAHXZ 00000001800064b0 f i umodsys_lib_libui:umodsys.mod.ui.frames.obj
 0001:000054c0       ?root_get_interface_info@RFrame_Image@frames@ui@modules@UModSys@@UEBAAEBUSUniquePointerInfo@core@5@XZ 00000001800064c0 f i umodsys_lib_libui:umodsys.mod.ui.frames.obj
 0001:000054d0       ?root_get_interface_type@RFrame_Image@frames@ui@modules@UModSys@@UEBAPEBUSUniquePointerInfo@core@5@XZ 00000001800064d0 f i umodsys_lib_libui:umodsys.mod.ui.frames.obj
 0001:000054e0       ?root_get_other_interface@RFrame_Image@frames@ui@modules@UModSys@@UEBAPEBUIRoot@core@5@PEBUSUniquePointerInfo@75@@Z 00000001800064e0 f i umodsys_lib_libui:umodsys.mod.ui.frames.obj
 0001:000054e0       ?root_get_other_interface@RFrame_Image@frames@ui@modules@UModSys@@UEAAPEAUIRoot@core@5@PEBUSUniquePointerInfo@75@@Z 00000001800064e0 f i umodsys_lib_libui:umodsys.mod.ui.frames.obj
 0001:00005520       ?root_is_interface_supported@RFrame_Image@frames@ui@modules@UModSys@@UEBA_NPEBUSUniquePointerInfo@core@5@@Z 0000000180006520 f i umodsys_lib_libui:umodsys.mod.ui.frames.obj
 0001:00005560       ?ref_links@RFrame_Button@frames@ui@modules@UModSys@@UEBAHXZ 0000000180006560 f i umodsys_lib_libui:umodsys.mod.ui.frames.obj
 0001:00005560       ?ref_links@RFrame_Frame@frames@ui@modules@UModSys@@UEBAHXZ 0000000180006560 f i umodsys_lib_libui:umodsys.mod.ui.frames.obj
 0001:00005560       ?ref_links@RFrame_Image@frames@ui@modules@UModSys@@UEBAHXZ 0000000180006560 f i umodsys_lib_libui:umodsys.mod.ui.frames.obj
 0001:00005570       ?get_cids@RFrame_Image@frames@ui@modules@UModSys@@UEAA?AU?$TString@U?$TSCoreConst@D@su@tl@UModSys@@U?$TComparerBinaryHash@D@234@@tl@5@XZ 0000000180006570 f i umodsys_lib_libui:umodsys.mod.ui.frames.obj
 0001:000055c0       ?get_cidn@RFrame_Image@frames@ui@modules@UModSys@@UEAAHXZ 00000001800065c0 f i umodsys_lib_libui:umodsys.mod.ui.frames.obj
 0001:000055d0       ?root_get_interface_info@RFrame_Text@frames@ui@modules@UModSys@@UEBAAEBUSUniquePointerInfo@core@5@XZ 00000001800065d0 f i umodsys_lib_libui:umodsys.mod.ui.frames.obj
 0001:000055e0       ?root_get_interface_type@RFrame_Text@frames@ui@modules@UModSys@@UEBAPEBUSUniquePointerInfo@core@5@XZ 00000001800065e0 f i umodsys_lib_libui:umodsys.mod.ui.frames.obj
 0001:000055f0       ?root_get_other_interface@RFrame_Text@frames@ui@modules@UModSys@@UEBAPEBUIRoot@core@5@PEBUSUniquePointerInfo@75@@Z 00000001800065f0 f i umodsys_lib_libui:umodsys.mod.ui.frames.obj
 0001:000055f0       ?root_get_other_interface@RFrame_Text@frames@ui@modules@UModSys@@UEAAPEAUIRoot@core@5@PEBUSUniquePointerInfo@75@@Z 00000001800065f0 f i umodsys_lib_libui:umodsys.mod.ui.frames.obj
 0001:00005630       ?root_is_interface_supported@RFrame_Text@frames@ui@modules@UModSys@@UEBA_NPEBUSUniquePointerInfo@core@5@@Z 0000000180006630 f i umodsys_lib_libui:umodsys.mod.ui.frames.obj
 0001:00005670       ?ref_links@RFrame_Edit@frames@ui@modules@UModSys@@UEBAHXZ 0000000180006670 f i umodsys_lib_libui:umodsys.mod.ui.frames.obj
 0001:00005670       ?ref_links@RFrame_Text@frames@ui@modules@UModSys@@UEBAHXZ 0000000180006670 f i umodsys_lib_libui:umodsys.mod.ui.frames.obj
 0001:00005680       ?suicide@RFrame_Text@frames@ui@modules@UModSys@@UEAAXXZ 0000000180006680 f i umodsys_lib_libui:umodsys.mod.ui.frames.obj
[...]
 0001:00014650       ??__E?s_id@?$TObjectUniqueID@URLines_Filter@test1@test@modules@UModSys@@@tl@UModSys@@2USUniquePointer@core@3@A@@YAXXZ 0000000180015650 f    CIL library: CIL module
 0001:00014690       ??__E?s_id@?$TObjectUniqueID@URTest1_Shell@test1@test@modules@UModSys@@@tl@UModSys@@2USUniquePointer@core@3@A@@YAXXZ 0000000180015690 f    CIL library: CIL module
 0001:000146d0       ??__E?s_id@?$TObjectUniqueID@URGenerator@test1@test@modules@UModSys@@@tl@UModSys@@2USUniquePointer@core@3@A@@YAXXZ 00000001800156d0 f    CIL library: CIL module
 0001:00014710       ??__E?s_modreg@RModuleReg@SDL_core@ui@modules@UModSys@@2U12345@A@@YAXXZ 0000000180015710 f    CIL library: CIL module
 0001:00014760       ??__E?s_modreg_chain@RModuleReg@SDL_core@ui@modules@UModSys@@2USModuleRegChain@base@5@A@@YAXXZ 0000000180015760 f    CIL library: CIL module
 0001:00014790       ??__E?s_uid@RGenerator@SDL_core@ui@modules@UModSys@@2USUniquePointer@core@5@A@@YAXXZ 0000000180015790 f    CIL library: CIL module
 0001:000147d0       ??__E?s_id@?$TObjectUniqueID@URMultiImage2D_SDL_ttf@SDL_core@ui@modules@UModSys@@@tl@UModSys@@2USUniquePointer@core@3@A@@YAXXZ 00000001800157d0 f    CIL library: CIL module
 0001:00014810       ??__E?s_id@?$TObjectUniqueID@URRenderDriver2D@SDL_core@ui@modules@UModSys@@@tl@UModSys@@2USUniquePointer@core@3@A@@YAXXZ 0000000180015810 f    CIL library: CIL module
 0001:00014850       ??__E?s_id@?$TObjectUniqueID@URMouseController@SDL_core@ui@modules@UModSys@@@tl@UModSys@@2USUniquePointer@core@3@A@@YAXXZ 0000000180015850 f    CIL library: CIL module
 0001:00014890       ??__E?s_id@?$TObjectUniqueID@URKeyboardController@SDL_core@ui@modules@UModSys@@@tl@UModSys@@2USUniquePointer@core@3@A@@YAXXZ 0000000180015890 f    CIL library: CIL module
 0001:000148d0       ??__E?s_id@?$TObjectUniqueID@URTerminal@SDL_core@ui@modules@UModSys@@@tl@UModSys@@2USUniquePointer@core@3@A@@YAXXZ 00000001800158d0 f    CIL library: CIL module
 0001:00014910       ??__E?s_id@?$TObjectUniqueID@URGenerator@SDL_core@ui@modules@UModSys@@@tl@UModSys@@2USUniquePointer@core@3@A@@YAXXZ 0000000180015910 f    CIL library: CIL module
 0001:00014950       ??__E?s_modreg@RModuleReg@frames@ui@modules@UModSys@@2U12345@A@@YAXXZ 0000000180015950 f    CIL library: CIL module
 0001:000149a0       ??__E?s_modreg_chain@RModuleReg@frames@ui@modules@UModSys@@2USModuleRegChain@base@5@A@@YAXXZ 00000001800159a0 f    CIL library: CIL module
 0001:000149d0       ??__E?s_uid@RGenerator@frames@ui@modules@UModSys@@2USUniquePointer@core@5@A@@YAXXZ 00000001800159d0 f    CIL library: CIL module
 0001:00014a10       ??__E?s_id@?$TObjectUniqueID@URFrame_Common@frames@ui@modules@UModSys@@@tl@UModSys@@2USUniquePointer@core@3@A@@YAXXZ 0000000180015a10 f    CIL library: CIL module
 0001:00014a50       ??__E?s_id@?$TObjectUniqueID@URDialog@frames@ui@modules@UModSys@@@tl@UModSys@@2USUniquePointer@core@3@A@@YAXXZ 0000000180015a50 f    CIL library: CIL module
 0001:00014a90       ??__E?s_id@?$TObjectUniqueID@URFrame_Frame@frames@ui@modules@UModSys@@@tl@UModSys@@2USUniquePointer@core@3@A@@YAXXZ 0000000180015a90 f    CIL library: CIL module
 0001:00014ad0       ??__E?s_id@?$TObjectUniqueID@URFrame_Image@frames@ui@modules@UModSys@@@tl@UModSys@@2USUniquePointer@core@3@A@@YAXXZ 0000000180015ad0 f    CIL library: CIL module
 0001:00014b10       ??__E?s_id@?$TObjectUniqueID@URFrame_Text@frames@ui@modules@UModSys@@@tl@UModSys@@2USUniquePointer@core@3@A@@YAXXZ 0000000180015b10 f    CIL library: CIL module
 0001:00014b50       ??__E?s_id@?$TObjectUniqueID@URFrame_Button@frames@ui@modules@UModSys@@@tl@UModSys@@2USUniquePointer@core@3@A@@YAXXZ 0000000180015b50 f    CIL library: CIL module
 0001:00014b90       ??__E?s_id@?$TObjectUniqueID@URFrame_Edit@frames@ui@modules@UModSys@@@tl@UModSys@@2USUniquePointer@core@3@A@@YAXXZ 0000000180015b90 f    CIL library: CIL module
 0001:00014bd0       ??__E?s_id@?$TObjectUniqueID@URFrame_List@frames@ui@modules@UModSys@@@tl@UModSys@@2USUniquePointer@core@3@A@@YAXXZ 0000000180015bd0 f    CIL library: CIL module
 0001:00014c10       ??__E?s_id@?$TObjectUniqueID@URCollector@frames@ui@modules@UModSys@@@tl@UModSys@@2USUniquePointer@core@3@A@@YAXXZ 0000000180015c10 f    CIL library: CIL module
 0001:00014c50       ??__E?s_id@?$TObjectUniqueID@URGenerator@frames@ui@modules@UModSys@@@tl@UModSys@@2USUniquePointer@core@3@A@@YAXXZ 0000000180015c50 f    CIL library: CIL module
 0001:00014c90       ??__E?s_modreg@RModuleReg@images_std@media@modules@UModSys@@2U12345@A@@YAXXZ 0000000180015c90 f    CIL library: CIL module
 0001:00014ce0       ??__E?s_modreg_chain@RModuleReg@images_std@media@modules@UModSys@@2USModuleRegChain@base@5@A@@YAXXZ 0000000180015ce0 f    CIL library: CIL module
 0001:00014d10       ??__E?s_uid@RGenerator@images_std@media@modules@UModSys@@2USUniquePointer@core@5@A@@YAXXZ 0000000180015d10 f    CIL library: CIL module
 0001:00014d50       ??__E?s_id@?$TObjectUniqueID@URMediaFilter@images_std@media@modules@UModSys@@@tl@UModSys@@2USUniquePointer@core@3@A@@YAXXZ 0000000180015d50 f    CIL library: CIL module
 0001:00014d90       ??__E?s_id@?$TObjectUniqueID@URGenerator@images_std@media@modules@UModSys@@@tl@UModSys@@2USUniquePointer@core@3@A@@YAXXZ 0000000180015d90 f    CIL library: CIL module
 0001:00014dd0       ??__EM@UModSys@@YAXXZ      0000000180015dd0 f    CIL library: CIL module
 0001:00014df0       ??__E?root@SModuleRegChain@base@UModSys@@2U123@A@@YAXXZ 0000000180015df0 f    CIL library: CIL module
 0001:00014e20       ??__E?s_library@RModuleLibraryReg_Chain@base@UModSys@@2U123@A@@YAXXZ 0000000180015e20 f    CIL library: CIL module
 0001:00014e40       ??__E?root@SUniquePointer@core@UModSys@@2U123@A@@YAXXZ 0000000180015e40 f    CIL library: CIL module
 0001:00014e70       ??__F?s_modreg@RModuleReg@test1@test@modules@UModSys@@2U12345@A@@YAXXZ 0000000180015e70 f    CIL library: CIL module
 0001:00014e90       ??__F?s_modreg_chain@RModuleReg@test1@test@modules@UModSys@@2USModuleRegChain@base@5@A@@YAXXZ 0000000180015e90 f    CIL library: CIL module
 0001:00014ea0       ??__F?s_uid@RGenerator@test1@test@modules@UModSys@@2USUniquePointer@core@5@A@@YAXXZ 0000000180015ea0 f    CIL library: CIL module
 0001:00014eb0       ??__Fh@?1??s_holder@RGenerator@test1@test@modules@UModSys@@SAAEAU?$TTypeStaticHolder@URGenerator@test1@test@modules@UModSys@@@tl@5@XZ@YAXXZ 0000000180015eb0 f    CIL library: CIL module
 0001:00014ee0       ??__F?s_id@?$TObjectUniqueID@URGenerator@test1@test@modules@UModSys@@@tl@UModSys@@2USUniquePointer@core@3@A@@YAXXZ 0000000180015ee0 f    CIL library: CIL module
 0001:00014ef0       ??__F?s_id@?$TObjectUniqueID@URTest1_Shell@test1@test@modules@UModSys@@@tl@UModSys@@2USUniquePointer@core@3@A@@YAXXZ 0000000180015ef0 f    CIL library: CIL module
 0001:00014f00       ??__F?s_id@?$TObjectUniqueID@URLines_Filter@test1@test@modules@UModSys@@@tl@UModSys@@2USUniquePointer@core@3@A@@YAXXZ 0000000180015f00 f    CIL library: CIL module
 0001:00014f10       ??__F?s_id@?$TObjectUniqueID@URLines@test1@test@modules@UModSys@@@tl@UModSys@@2USUniquePointer@core@3@A@@YAXXZ 0000000180015f10 f    CIL library: CIL module
 0001:00014f20       ??__F?s_id@?$TObjectUniqueID@UILines@test1@test@modules@UModSys@@@tl@UModSys@@2USUniquePointer@core@3@A@@YAXXZ 0000000180015f20 f    CIL library: CIL module
 0001:00014f30       ??__F?s_id@?$TObjectUniqueID@UIRenderDriver@lib2d@UModSys@@@tl@UModSys@@2USUniquePointer@core@3@A@@YAXXZ 0000000180015f30 f    CIL library: CIL module
 0001:00014f40       ??__F?s_id@?$TObjectUniqueID@UIMultiImage@lib2d@UModSys@@@tl@UModSys@@2USUniquePointer@core@3@A@@YAXXZ 0000000180015f40 f    CIL library: CIL module
 0001:00014f50       ??__F?s_id@?$TObjectUniqueID@UIImage@lib2d@UModSys@@@tl@UModSys@@2USUniquePointer@core@3@A@@YAXXZ 0000000180015f50 f    CIL library: CIL module
 0001:00014f60       ??__F?s_id@?$TObjectUniqueID@UIDialog@libui@UModSys@@@tl@UModSys@@2USUniquePointer@core@3@A@@YAXXZ 0000000180015f60 f    CIL library: CIL module
 0001:00014f70       ??__F?s_id@?$TObjectUniqueID@UIFrame@libui@UModSys@@@tl@UModSys@@2USUniquePointer@core@3@A@@YAXXZ 0000000180015f70 f    CIL library: CIL module
 0001:00014f80       ??__F?s_id@?$TObjectUniqueID@UIAsyncCollector@libui@UModSys@@@tl@UModSys@@2USUniquePointer@core@3@A@@YAXXZ 0000000180015f80 f    CIL library: CIL module
 0001:00014f90       ??__F?s_id@?$TObjectUniqueID@UIAsyncController@libui@UModSys@@@tl@UModSys@@2USUniquePointer@core@3@A@@YAXXZ 0000000180015f90 f    CIL library: CIL module
 0001:00014fa0       ??__F?s_id@?$TObjectUniqueID@UICollector@libui@UModSys@@@tl@UModSys@@2USUniquePointer@core@3@A@@YAXXZ 0000000180015fa0 f    CIL library: CIL module
 0001:00014fb0       ??__F?s_id@?$TObjectUniqueID@UIConsoleHelperInput_UIKey@libui@UModSys@@@tl@UModSys@@2USUniquePointer@core@3@A@@YAXXZ 0000000180015fb0 f    CIL library: CIL module
 0001:00014fc0       ??__F?s_id@?$TObjectUniqueID@UITerminal@libui@UModSys@@@tl@UModSys@@2USUniquePointer@core@3@A@@YAXXZ 0000000180015fc0 f    CIL library: CIL module
 0001:00014fd0       ??__F?s_id@?$TObjectUniqueID@UIJoystickController@libui@UModSys@@@tl@UModSys@@2USUniquePointer@core@3@A@@YAXXZ 0000000180015fd0 f    CIL library: CIL module
 0001:00014fe0       ??__F?s_id@?$TObjectUniqueID@UIMouseController@libui@UModSys@@@tl@UModSys@@2USUniquePointer@core@3@A@@YAXXZ 0000000180015fe0 f    CIL library: CIL module
 0001:00014ff0       ??__F?s_id@?$TObjectUniqueID@UIKeyboardController@libui@UModSys@@@tl@UModSys@@2USUniquePointer@core@3@A@@YAXXZ 0000000180015ff0 f    CIL library: CIL module
 0001:00015000       ??__F?s_id@?$TObjectUniqueID@UIConsoleHelperOutputFCS@base@UModSys@@@tl@UModSys@@2USUniquePointer@core@3@A@@YAXXZ 0000000180016000 f    CIL library: CIL module
 0001:00015010       ??__F?s_id@?$TObjectUniqueID@UIConsoleHelperOutput@base@UModSys@@@tl@UModSys@@2USUniquePointer@core@3@A@@YAXXZ 0000000180016010 f    CIL library: CIL module
 0001:00015020       ??__F?s_id@?$TObjectUniqueID@UIConsoleHelperInput@base@UModSys@@@tl@UModSys@@2USUniquePointer@core@3@A@@YAXXZ 0000000180016020 f    CIL library: CIL module
 0001:00015030       ??__F?s_id@?$TObjectUniqueID@UIConsoleHelperHistory@base@UModSys@@@tl@UModSys@@2USUniquePointer@core@3@A@@YAXXZ 0000000180016030 f    CIL library: CIL module
 0001:00015040       ??__F?s_id@?$TObjectUniqueID@UIConsoleHelper@base@UModSys@@@tl@UModSys@@2USUniquePointer@core@3@A@@YAXXZ 0000000180016040 f    CIL library: CIL module
 0001:00015050       ??__F?s_id@?$TObjectUniqueID@UIConsoleExt@base@UModSys@@@tl@UModSys@@2USUniquePointer@core@3@A@@YAXXZ 0000000180016050 f    CIL library: CIL module
 0001:00015060       ??__F?s_id@?$TObjectUniqueID@UILibraryLayered@libmedia@UModSys@@@tl@UModSys@@2USUniquePointer@core@3@A@@YAXXZ 0000000180016060 f    CIL library: CIL module
 0001:00015070       ??__F?s_id@?$TObjectUniqueID@UILibraryObjCache@libmedia@UModSys@@@tl@UModSys@@2USUniquePointer@core@3@A@@YAXXZ 0000000180016070 f    CIL library: CIL module
 0001:00015080       ??__F?s_id@?$TObjectUniqueID@UILibraryObjFilter@libmedia@UModSys@@@tl@UModSys@@2USUniquePointer@core@3@A@@YAXXZ 0000000180016080 f    CIL library: CIL module
 0001:00015090       ??__F?s_id@?$TObjectUniqueID@UILibraryBinCache@libmedia@UModSys@@@tl@UModSys@@2USUniquePointer@core@3@A@@YAXXZ 0000000180016090 f    CIL library: CIL module
 0001:000150a0       ??__F?s_id@?$TObjectUniqueID@UILibraryBinTree@libmedia@UModSys@@@tl@UModSys@@2USUniquePointer@core@3@A@@YAXXZ 00000001800160a0 f    CIL library: CIL module
 0001:000150b0       ??__F?s_id@?$TObjectUniqueID@UILibrary@libmedia@UModSys@@@tl@UModSys@@2USUniquePointer@core@3@A@@YAXXZ 00000001800160b0 f    CIL library: CIL module
 0001:000150c0       ??__F?s_id@?$TObjectUniqueID@UIBinObjFilter@libmedia@UModSys@@@tl@UModSys@@2USUniquePointer@core@3@A@@YAXXZ 00000001800160c0 f    CIL library: CIL module
 0001:000150d0       ??__F?s_id@?$TObjectUniqueID@UIBinArchive@libmedia@UModSys@@@tl@UModSys@@2USUniquePointer@core@3@A@@YAXXZ 00000001800160d0 f    CIL library: CIL module
 0001:000150e0       ??__F?s_id@?$TObjectUniqueID@UIStreamWriter@libmedia@UModSys@@@tl@UModSys@@2USUniquePointer@core@3@A@@YAXXZ 00000001800160e0 f    CIL library: CIL module
 0001:000150f0       ??__F?s_id@?$TObjectUniqueID@UIStreamReader@libmedia@UModSys@@@tl@UModSys@@2USUniquePointer@core@3@A@@YAXXZ 00000001800160f0 f    CIL library: CIL module
 0001:00015100       ??__F?s_id@?$TObjectUniqueID@UISystem@base@UModSys@@@tl@UModSys@@2USUniquePointer@core@3@A@@YAXXZ 0000000180016100 f    CIL library: CIL module
 0001:00015110       ??__F?s_id@?$TObjectUniqueID@UIConsole@base@UModSys@@@tl@UModSys@@2USUniquePointer@core@3@A@@YAXXZ 0000000180016110 f    CIL library: CIL module
 0001:00015120       ??__F?s_id@?$TObjectUniqueID@UIShell@base@UModSys@@@tl@UModSys@@2USUniquePointer@core@3@A@@YAXXZ 0000000180016120 f    CIL library: CIL module
 0001:00015130       ??__F?s_id@?$TObjectUniqueID@UIGenerator@base@UModSys@@@tl@UModSys@@2USUniquePointer@core@3@A@@YAXXZ 0000000180016130 f    CIL library: CIL module
 0001:00015140       ??__F?s_id@?$TObjectUniqueID@UIModObject@base@UModSys@@@tl@UModSys@@2USUniquePointer@core@3@A@@YAXXZ 0000000180016140 f    CIL library: CIL module
 0001:00015150       ??__F?s_id@?$TObjectUniqueID@UIModuleLibrary@base@UModSys@@@tl@UModSys@@2USUniquePointer@core@3@A@@YAXXZ 0000000180016150 f    CIL library: CIL module
 0001:00015160       ??__F?s_id@?$TObjectUniqueID@UIModule@base@UModSys@@@tl@UModSys@@2USUniquePointer@core@3@A@@YAXXZ 0000000180016160 f    CIL library: CIL module
 0001:00015170       ??__F?s_id@?$TObjectUniqueID@UIParameters@core@UModSys@@@tl@UModSys@@2USUniquePointer@core@3@A@@YAXXZ 0000000180016170 f    CIL library: CIL module
 0001:00015180       ??__F?s_id@?$TObjectUniqueID@UIRefObject@core@UModSys@@@tl@UModSys@@2USUniquePointer@core@3@A@@YAXXZ 0000000180016180 f    CIL library: CIL module
 0001:00015190       ??__F?s_id@?$TObjectUniqueID@UIRoot@core@UModSys@@@tl@UModSys@@2USUniquePointer@core@3@A@@YAXXZ 0000000180016190 f    CIL library: CIL module
 0001:000151a0       ??__F?s_modreg@RModuleReg@SDL_core@ui@modules@UModSys@@2U12345@A@@YAXXZ 00000001800161a0 f    CIL library: CIL module
 0001:000151c0       ??__F?s_modreg_chain@RModuleReg@SDL_core@ui@modules@UModSys@@2USModuleRegChain@base@5@A@@YAXXZ 00000001800161c0 f    CIL library: CIL module
 0001:000151d0       ??__F?s_uid@RGenerator@SDL_core@ui@modules@UModSys@@2USUniquePointer@core@5@A@@YAXXZ 00000001800161d0 f    CIL library: CIL module
 0001:000151e0       ??__Fh@?1??s_holder@RGenerator@SDL_core@ui@modules@UModSys@@SAAEAU?$TTypeStaticHolder@URGenerator@SDL_core@ui@modules@UModSys@@@tl@5@XZ@YAXXZ 00000001800161e0 f    CIL library: CIL module
 0001:00015210       ??__F?s_id@?$TObjectUniqueID@URGenerator@SDL_core@ui@modules@UModSys@@@tl@UModSys@@2USUniquePointer@core@3@A@@YAXXZ 0000000180016210 f    CIL library: CIL module
 0001:00015220       ??__F?s_id@?$TObjectUniqueID@URTerminal@SDL_core@ui@modules@UModSys@@@tl@UModSys@@2USUniquePointer@core@3@A@@YAXXZ 0000000180016220 f    CIL library: CIL module
 0001:00015230       ??__F?s_id@?$TObjectUniqueID@URKeyboardController@SDL_core@ui@modules@UModSys@@@tl@UModSys@@2USUniquePointer@core@3@A@@YAXXZ 0000000180016230 f    CIL library: CIL module
 0001:00015240       ??__F?s_id@?$TObjectUniqueID@URMouseController@SDL_core@ui@modules@UModSys@@@tl@UModSys@@2USUniquePointer@core@3@A@@YAXXZ 0000000180016240 f    CIL library: CIL module
 0001:00015250       ??__F?s_id@?$TObjectUniqueID@URRenderDriver2D@SDL_core@ui@modules@UModSys@@@tl@UModSys@@2USUniquePointer@core@3@A@@YAXXZ 0000000180016250 f    CIL library: CIL module
 0001:00015260       ??__F?s_id@?$TObjectUniqueID@URMultiImage2D_SDL_ttf@SDL_core@ui@modules@UModSys@@@tl@UModSys@@2USUniquePointer@core@3@A@@YAXXZ 0000000180016260 f    CIL library: CIL module
 0001:00015270       ??__F?s_modreg@RModuleReg@frames@ui@modules@UModSys@@2U12345@A@@YAXXZ 0000000180016270 f    CIL library: CIL module
 0001:00015290       ??__F?s_modreg_chain@RModuleReg@frames@ui@modules@UModSys@@2USModuleRegChain@base@5@A@@YAXXZ 0000000180016290 f    CIL library: CIL module
 0001:000152a0       ??__F?s_uid@RGenerator@frames@ui@modules@UModSys@@2USUniquePointer@core@5@A@@YAXXZ 00000001800162a0 f    CIL library: CIL module
 0001:000152b0       ??__Fh@?1??s_holder@RGenerator@frames@ui@modules@UModSys@@SAAEAU?$TTypeStaticHolder@URGenerator@frames@ui@modules@UModSys@@@tl@5@XZ@YAXXZ 00000001800162b0 f    CIL library: CIL module
 0001:000152e0       ??__F?s_id@?$TObjectUniqueID@URGenerator@frames@ui@modules@UModSys@@@tl@UModSys@@2USUniquePointer@core@3@A@@YAXXZ 00000001800162e0 f    CIL library: CIL module
 0001:000152f0       ??__F?s_id@?$TObjectUniqueID@URCollector@frames@ui@modules@UModSys@@@tl@UModSys@@2USUniquePointer@core@3@A@@YAXXZ 00000001800162f0 f    CIL library: CIL module
 0001:00015300       ??__F?s_id@?$TObjectUniqueID@URFrame_List@frames@ui@modules@UModSys@@@tl@UModSys@@2USUniquePointer@core@3@A@@YAXXZ 0000000180016300 f    CIL library: CIL module
 0001:00015310       ??__F?s_id@?$TObjectUniqueID@URFrame_Edit@frames@ui@modules@UModSys@@@tl@UModSys@@2USUniquePointer@core@3@A@@YAXXZ 0000000180016310 f    CIL library: CIL module
 0001:00015320       ??__F?s_id@?$TObjectUniqueID@URFrame_Button@frames@ui@modules@UModSys@@@tl@UModSys@@2USUniquePointer@core@3@A@@YAXXZ 0000000180016320 f    CIL library: CIL module
 0001:00015330       ??__F?s_id@?$TObjectUniqueID@URFrame_Text@frames@ui@modules@UModSys@@@tl@UModSys@@2USUniquePointer@core@3@A@@YAXXZ 0000000180016330 f    CIL library: CIL module
 0001:00015340       ??__F?s_id@?$TObjectUniqueID@URFrame_Image@frames@ui@modules@UModSys@@@tl@UModSys@@2USUniquePointer@core@3@A@@YAXXZ 0000000180016340 f    CIL library: CIL module
 0001:00015350       ??__F?s_id@?$TObjectUniqueID@URFrame_Frame@frames@ui@modules@UModSys@@@tl@UModSys@@2USUniquePointer@core@3@A@@YAXXZ 0000000180016350 f    CIL library: CIL module
 0001:00015360       ??__F?s_id@?$TObjectUniqueID@URDialog@frames@ui@modules@UModSys@@@tl@UModSys@@2USUniquePointer@core@3@A@@YAXXZ 0000000180016360 f    CIL library: CIL module
 0001:00015370       ??__F?s_id@?$TObjectUniqueID@URFrame_Common@frames@ui@modules@UModSys@@@tl@UModSys@@2USUniquePointer@core@3@A@@YAXXZ 0000000180016370 f    CIL library: CIL module
 0001:00015380       ??__F?s_modreg@RModuleReg@images_std@media@modules@UModSys@@2U12345@A@@YAXXZ 0000000180016380 f    CIL library: CIL module
 0001:000153a0       ??__F?s_modreg_chain@RModuleReg@images_std@media@modules@UModSys@@2USModuleRegChain@base@5@A@@YAXXZ 00000001800163a0 f    CIL library: CIL module
 0001:000153b0       ??__F?s_uid@RGenerator@images_std@media@modules@UModSys@@2USUniquePointer@core@5@A@@YAXXZ 00000001800163b0 f    CIL library: CIL module
 0001:000153c0       ??__Fh@?1??s_holder@RGenerator@images_std@media@modules@UModSys@@SAAEAU?$TTypeStaticHolder@URGenerator@images_std@media@modules@UModSys@@@tl@5@XZ@YAXXZ 00000001800163c0 f    CIL library: CIL module
 0001:000153f0       ??__F?s_id@?$TObjectUniqueID@URGenerator@images_std@media@modules@UModSys@@@tl@UModSys@@2USUniquePointer@core@3@A@@YAXXZ 00000001800163f0 f    CIL library: CIL module
 0001:00015400       ??__F?s_id@?$TObjectUniqueID@URMediaFilter@images_std@media@modules@UModSys@@@tl@UModSys@@2USUniquePointer@core@3@A@@YAXXZ 0000000180016400 f    CIL library: CIL module
 0001:00015410       ??__FM@UModSys@@YAXXZ      0000000180016410 f    CIL library: CIL module
 0001:00015420       ??__F?root@SModuleRegChain@base@UModSys@@2U123@A@@YAXXZ 0000000180016420 f    CIL library: CIL module
 0001:00015430       ??__F?s_library@RModuleLibraryReg_Chain@base@UModSys@@2U123@A@@YAXXZ 0000000180016430 f    CIL library: CIL module
 0001:00015440       ??__F?root@SUniquePointer@core@UModSys@@2U123@A@@YAXXZ 0000000180016440 f    CIL library: CIL module

 Exports

  ordinal    name

        1    UModSys_Plugin_Entry2
