 plugin_test1

 Timestamp is 52a1ba1a (Fri Dec 06 14:50:50 2013)

 Preferred load address is 0000000180000000

 Start         Length     Name                   Class
 0001:00000000 000142f0H .text                   CODE
 0001:000142f0 0000005eH .text$00                CODE
 0001:00014350 00001408H .text$x                 CODE
 0001:00015760 00001452H .text$yc                CODE
 0001:00016bc0 0000066cH .text$yd                CODE
 0002:00000000 00000328H .idata$5                DATA
 0002:00000328 00000008H .CRT$XCA                DATA
 0002:00000330 00000d78H .CRT$XCU                DATA
 0002:000010a8 00000008H .CRT$XCZ                DATA
 0002:000010b0 00000008H .CRT$XIA                DATA
 0002:000010b8 00000008H .CRT$XIAA               DATA
 0002:000010c0 00000008H .CRT$XIZ                DATA
 0002:000010d0 00003c68H .rdata                  DATA
 0002:00004d40 0000221cH .rdata$r                DATA
 0002:00006f60 00000008H .rtc$IAA                DATA
 0002:00006f68 00000008H .rtc$IZZ                DATA
 0002:00006f70 00000008H .rtc$TAA                DATA
 0002:00006f78 00000008H .rtc$TZZ                DATA
 0002:00006f80 00002d40H .xdata                  DATA
 0002:00009cc0 00000064H .idata$2                DATA
 0002:00009d24 00000014H .idata$3                DATA
 0002:00009d38 00000328H .idata$4                DATA
 0002:0000a060 00000760H .idata$6                DATA
 0002:0000a7c0 00000059H .edata                  DATA
 0003:00000000 00000f10H .data                   DATA
 0003:00000f10 00001108H .bss                    DATA
 0004:00000000 000020acH .pdata                  DATA

  Address         Publics by Value              Rva+Base               Lib:Object

 0000:00000000       ___safe_se_handler_count   0000000000000000     <absolute>
 0000:00000000       ___safe_se_handler_table   0000000000000000     <absolute>
 0000:00000000       __ImageBase                0000000180000000     <linker-defined>
 0001:00000000       ??1SMemShared@core@UModSys@@QEAA@XZ 0000000180001000 f i plugin_test1.obj
 0001:00000000       ??1State@RImage_Memory@stdlib@lib2d@modules@UModSys@@QEAA@XZ 0000000180001000 f i umodsys_lib_lib2d:umodsys.mod.2d.stdlib.obj
 0001:00000030       ??3IRoot@core@UModSys@@SAXPEAXAEBUSIMemAlloc@12@@Z 0000000180001030 f i plugin_test1.obj
 0001:00000040       ??1SParameters@core@UModSys@@QEAA@XZ 0000000180001040 f i plugin_test1.obj
 0001:00000040       ??1?$TParametersA@$0BAA@@core@UModSys@@QEAA@XZ 0000000180001040 f i umodsys_lib_libui:umodsys.mod.ui.SDL_core.obj
 0001:00000040       ??1?$TParametersA@$0EAA@@core@UModSys@@QEAA@XZ 0000000180001040 f i plugin_test1.obj
 0001:00000060       ?mount_add@ILibraryBinTree@libmedia@UModSys@@QEAA_NAEBU?$TString@U?$TSCoreConst@D@su@tl@UModSys@@U?$TComparerBinaryHash@D@234@@tl@3@PEAUIBinArchive@23@H@Z 0000000180001060 f i plugin_test1.obj
 0001:00000100       ?mount_add@ILibraryBinTree@libmedia@UModSys@@QEAA_NAEBU?$TString@U?$TSCoreConst@D@su@tl@UModSys@@U?$TComparerBinaryHash@D@234@@tl@3@HPEAUIBinArchive@23@H@Z 0000000180001100 f i plugin_test1.obj
 0001:000001a0       ?layer_push@ILibraryLayered@libmedia@UModSys@@QEAA_NPEAUILibrary@23@HAEBU?$TString@U?$TSCoreConst@D@su@tl@UModSys@@U?$TComparerBinaryHash@D@234@@tl@3@@Z 00000001800011a0 f i plugin_test1.obj
 0001:00000240       ??1SPoint@ILibraryBinTree@libmedia@UModSys@@QEAA@XZ 0000000180001240 f i plugin_test1.obj
 0001:00000240       ??1SLayer@ILibraryLayered@libmedia@UModSys@@QEAA@XZ 0000000180001240 f i plugin_test1.obj
 0001:00000270       ??_GRGenerator@frames@ui@modules@UModSys@@UEAAPEAXI@Z 0000000180001270 f i umodsys_lib_libui:umodsys.mod.ui.frames.obj
 0001:00000270       ??_GIRefObject@core@UModSys@@UEAAPEAXI@Z 0000000180001270 f i plugin_test1.obj
 0001:00000270       ??_ERGenerator@stdlib@lib2d@modules@UModSys@@UEAAPEAXI@Z 0000000180001270 f i  CIL library: CIL module
 0001:00000270       ??_ERGenerator@test1@test@modules@UModSys@@UEAAPEAXI@Z 0000000180001270 f i  CIL library: CIL module
 0001:00000270       ??_GRGenerator@stdlib@lib2d@modules@UModSys@@UEAAPEAXI@Z 0000000180001270 f i umodsys_lib_lib2d:umodsys.mod.2d.stdlib.obj
 0001:00000270       ??_ERGenerator@images_std@media@modules@UModSys@@UEAAPEAXI@Z 0000000180001270 f i  CIL library: CIL module
 0001:00000270       ??_ERGenerator@frames@ui@modules@UModSys@@UEAAPEAXI@Z 0000000180001270 f i  CIL library: CIL module
 0001:00000270       ??_GRGenerator@images_std@media@modules@UModSys@@UEAAPEAXI@Z 0000000180001270 f i umodsys_lib_libmedia:umodsys.mod.media.images_std.obj
 0001:00000270       ??_ERGenerator@SDL_core@ui@modules@UModSys@@UEAAPEAXI@Z 0000000180001270 f i  CIL library: CIL module
 0001:00000270       ??_GRGenerator@SDL_core@ui@modules@UModSys@@UEAAPEAXI@Z 0000000180001270 f i umodsys_lib_libui:umodsys.mod.ui.SDL_core.obj
 0001:00000270       ??_GRGenerator@test1@test@modules@UModSys@@UEAAPEAXI@Z 0000000180001270 f i plugin_test1.obj
 0001:00000270       ??_EIRefObject@core@UModSys@@UEAAPEAXI@Z 0000000180001270 f i  CIL library: CIL module
 0001:000002a0       ??_GIRoot@core@UModSys@@UEAAPEAXI@Z 00000001800012a0 f i plugin_test1.obj
 0001:000002a0       ??_EIRoot@core@UModSys@@UEAAPEAXI@Z 00000001800012a0 f i  CIL library: CIL module
 0001:000002d0       ?root_get_interface_info@RTest1_Shell@test1@test@modules@UModSys@@UEBAAEBUSUniquePointerInfo@core@5@XZ 00000001800012d0 f i plugin_test1.obj
 0001:000002e0       ?root_get_interface_type@RTest1_Shell@test1@test@modules@UModSys@@UEBAPEBUSUniquePointerInfo@core@5@XZ 00000001800012e0 f i plugin_test1.obj
 0001:000002f0       ?root_get_other_interface@RTest1_Shell@test1@test@modules@UModSys@@UEAAPEAUIRoot@core@5@PEBUSUniquePointerInfo@75@@Z 00000001800012f0 f i plugin_test1.obj
 0001:000002f0       ?root_get_other_interface@RTest1_Shell@test1@test@modules@UModSys@@UEBAPEBUIRoot@core@5@PEBUSUniquePointerInfo@75@@Z 00000001800012f0 f i plugin_test1.obj
 0001:00000320       ?root_is_interface_supported@RTest1_Shell@test1@test@modules@UModSys@@UEBA_NPEBUSUniquePointerInfo@core@5@@Z 0000000180001320 f i plugin_test1.obj
 0001:00000350       ?ref_add@RTest1_Shell@test1@test@modules@UModSys@@UEBAXXZ 0000000180001350 f i plugin_test1.obj
 0001:00000360       ?ref_remove@RTest1_Shell@test1@test@modules@UModSys@@UEBAXXZ 0000000180001360 f i plugin_test1.obj
 0001:00000380       ?ref_links@RTest1_Shell@test1@test@modules@UModSys@@UEBAHXZ 0000000180001380 f i plugin_test1.obj
 0001:00000390       ?ref_weak@RTest1_Shell@test1@test@modules@UModSys@@UEBA_NAEAUWeakPointer@IRefObject@core@5@@Z 0000000180001390 f i plugin_test1.obj
 0001:000003b0       ?suicide@RTest1_Shell@test1@test@modules@UModSys@@UEAAXXZ 00000001800013b0 f i plugin_test1.obj
 0001:00000400       ??0RTest1_Shell@test1@test@modules@UModSys@@QEAA@PEAUIModObject@base@4@@Z 0000000180001400 f i plugin_test1.obj
 0001:00000540       ??1RTest1_Shell@test1@test@modules@UModSys@@UEAA@XZ 0000000180001540 f i plugin_test1.obj
 0001:000005f0       ?connect@RTest1_Shell@test1@test@modules@UModSys@@UEAA_NXZ 00000001800015f0 f i plugin_test1.obj
 0001:00000620       ?disconnect@RTest1_Shell@test1@test@modules@UModSys@@UEAA_NXZ 0000000180001620 f i plugin_test1.obj
 0001:00000650       ?process_tick@RTest1_Shell@test1@test@modules@UModSys@@UEAA_NAEBUSTimeMsec@core@5@@Z 0000000180001650 f i plugin_test1.obj
 0001:00000690       ?process_command@RTest1_Shell@test1@test@modules@UModSys@@UEAA_NHQEBU?$TString@U?$TSCoreConst@D@su@tl@UModSys@@U?$TComparerBinaryHash@D@234@@tl@5@@Z 0000000180001690 f i plugin_test1.obj
 0001:000006c0       ??_GRTest1_Shell@test1@test@modules@UModSys@@UEAAPEAXI@Z 00000001800016c0 f i plugin_test1.obj
 0001:000006c0       ??_ERTest1_Shell@test1@test@modules@UModSys@@UEAAPEAXI@Z 00000001800016c0 f i  CIL library: CIL module
 0001:000006f0       ?get_generated_names@RGenerator@test1@test@modules@UModSys@@UEBAHAEAUSUniquePtrList@core@5@@Z 00000001800016f0 f i plugin_test1.obj
 0001:00000710       ?get_generated_types@RGenerator@test1@test@modules@UModSys@@UEBAHAEAUSUniquePtrList@core@5@PEBUSUniquePointerInfo@75@@Z 0000000180001710 f i plugin_test1.obj
 0001:00000770       ?generate@RGenerator@test1@test@modules@UModSys@@UEAA_NAEAU?$TRefObject@UIRefObject@core@UModSys@@U?$TRefObjectFunc@UIRefObject@core@UModSys@@@tl@3@@tl@5@PEBUSUniquePointerInfo@core@5@AEBUSParameters@95@@Z 0000000180001770 f i plugin_test1.obj
 0001:00000810       ?root_get_interface_info@RGenerator@test1@test@modules@UModSys@@UEBAAEBUSUniquePointerInfo@core@5@XZ 0000000180001810 f i plugin_test1.obj
 0001:00000820       ?root_get_interface_type@RGenerator@test1@test@modules@UModSys@@UEBAPEBUSUniquePointerInfo@core@5@XZ 0000000180001820 f i plugin_test1.obj
 0001:00000830       ?root_get_other_interface@RGenerator@test1@test@modules@UModSys@@UEAAPEAUIRoot@core@5@PEBUSUniquePointerInfo@75@@Z 0000000180001830 f i plugin_test1.obj
 0001:00000830       ?root_get_other_interface@RGenerator@test1@test@modules@UModSys@@UEBAPEBUIRoot@core@5@PEBUSUniquePointerInfo@75@@Z 0000000180001830 f i plugin_test1.obj
 0001:00000870       ?root_is_interface_supported@RGenerator@test1@test@modules@UModSys@@UEBA_NPEBUSUniquePointerInfo@core@5@@Z 0000000180001870 f i plugin_test1.obj
 0001:000008b0       ?get_uid@RGenerator@test1@test@modules@UModSys@@UEBAPEBUSUniquePointerInfo@core@5@XZ 00000001800018b0 f i plugin_test1.obj
 0001:000008c0       ?do_open@RModuleReg@test1@test@modules@UModSys@@UEAA_NXZ 00000001800018c0 f i plugin_test1.obj
 0001:000008f0       ?do_close@RModuleReg@test1@test@modules@UModSys@@UEAA_NXZ 00000001800018f0 f i plugin_test1.obj
 0001:00000920       ??_GRModuleReg@test1@test@modules@UModSys@@UEAAPEAXI@Z 0000000180001920 f i plugin_test1.obj
 0001:00000920       ??_ERModuleReg@test1@test@modules@UModSys@@UEAAPEAXI@Z 0000000180001920 f i  CIL library: CIL module
 0001:00000950       ??1?$TRefObject@UILibrary@libmedia@UModSys@@U?$TRefObjectFunc@UILibrary@libmedia@UModSys@@@tl@3@@tl@UModSys@@QEAA@XZ 0000000180001950 f i plugin_test1.obj
 0001:00000950       ??1?$TRefObject@URDialog@frames@ui@modules@UModSys@@U?$TRefObjectFunc@URDialog@frames@ui@modules@UModSys@@@tl@5@@tl@UModSys@@QEAA@XZ 0000000180001950 f i umodsys_lib_libui:umodsys.mod.ui.frames.obj
 0001:00000950       ??1?$TRefObject@URMouseController@SDL_core@ui@modules@UModSys@@U?$TRefObjectFunc@URMouseController@SDL_core@ui@modules@UModSys@@@tl@5@@tl@UModSys@@QEAA@XZ 0000000180001950 f i umodsys_lib_libui:umodsys.mod.ui.SDL_core.obj
 0001:00000950       ??1?$TRefObject@UITerminal@libui@UModSys@@U?$TRefObjectFunc@UITerminal@libui@UModSys@@@tl@3@@tl@UModSys@@QEAA@XZ 0000000180001950 f i plugin_test1.obj
 0001:00000950       ??1?$TRefObject@UILibraryBinTree@libmedia@UModSys@@U?$TRefObjectFunc@UILibraryBinTree@libmedia@UModSys@@@tl@3@@tl@UModSys@@QEAA@XZ 0000000180001950 f i plugin_test1.obj
 0001:00000950       ??1?$TRefObject@UILibraryLayered@libmedia@UModSys@@U?$TRefObjectFunc@UILibraryLayered@libmedia@UModSys@@@tl@3@@tl@UModSys@@QEAA@XZ 0000000180001950 f i plugin_test1.obj
 0001:00000950       ??1?$TRefObject@URTerminal@SDL_core@ui@modules@UModSys@@U?$TRefObjectFunc@URTerminal@SDL_core@ui@modules@UModSys@@@tl@5@@tl@UModSys@@QEAA@XZ 0000000180001950 f i umodsys_lib_libui:umodsys.mod.ui.SDL_core.obj
 0001:00000950       ??1?$TRefObject@URRenderDriver2D@SDL_core@ui@modules@UModSys@@U?$TRefObjectFunc@URRenderDriver2D@SDL_core@ui@modules@UModSys@@@tl@5@@tl@UModSys@@QEAA@XZ 0000000180001950 f i umodsys_lib_libui:umodsys.mod.ui.SDL_core.obj
 0001:00000950       ??1?$TRefObject@UIMouseController@libui@UModSys@@U?$TRefObjectFunc@UIMouseController@libui@UModSys@@@tl@3@@tl@UModSys@@QEAA@XZ 0000000180001950 f i plugin_test1.obj
 0001:00000950       ??1?$TRefObject@UIKeyboardController@libui@UModSys@@U?$TRefObjectFunc@UIKeyboardController@libui@UModSys@@@tl@3@@tl@UModSys@@QEAA@XZ 0000000180001950 f i plugin_test1.obj
 0001:00000950       ??1?$TRefObject@UIMultiImage@lib2d@UModSys@@U?$TRefObjectFunc@UIMultiImage@lib2d@UModSys@@@tl@3@@tl@UModSys@@QEAA@XZ 0000000180001950 f i plugin_test1.obj
 0001:00000950       ??1?$TRefObject@URImage_Memory@stdlib@lib2d@modules@UModSys@@U?$TRefObjectFunc@URImage_Memory@stdlib@lib2d@modules@UModSys@@@tl@5@@tl@UModSys@@QEAA@XZ 0000000180001950 f i umodsys_lib_lib2d:umodsys.mod.2d.stdlib.obj
 0001:00000950       ??1?$TRefObject@URCollector@frames@ui@modules@UModSys@@U?$TRefObjectFunc@URCollector@frames@ui@modules@UModSys@@@tl@5@@tl@UModSys@@QEAA@XZ 0000000180001950 f i umodsys_lib_libui:umodsys.mod.ui.frames.obj
 0001:00000950       ??1?$TRefObject@UIFrame@libui@UModSys@@U?$TRefObjectFunc@UIFrame@libui@UModSys@@@tl@3@@tl@UModSys@@QEAA@XZ 0000000180001950 f i umodsys_lib_libui:umodsys.mod.ui.frames.obj
 0001:00000950       ??1?$TRefObject@URKeyboardController@SDL_core@ui@modules@UModSys@@U?$TRefObjectFunc@URKeyboardController@SDL_core@ui@modules@UModSys@@@tl@5@@tl@UModSys@@QEAA@XZ 0000000180001950 f i umodsys_lib_libui:umodsys.mod.ui.SDL_core.obj
 0001:00000950       ??1?$TRefObject@UIRefObject@core@UModSys@@U?$TRefObjectFunc@UIRefObject@core@UModSys@@@tl@3@@tl@UModSys@@QEAA@XZ 0000000180001950 f i plugin_test1.obj
 0001:00000950       ??1?$TRefObject@URMultiImage2D_SDL_ttf@SDL_core@ui@modules@UModSys@@U?$TRefObjectFunc@URMultiImage2D_SDL_ttf@SDL_core@ui@modules@UModSys@@@tl@5@@tl@UModSys@@QEAA@XZ 0000000180001950 f i umodsys_lib_libui:umodsys.mod.ui.SDL_core.obj
 0001:00000950       ??1?$TRefObject@UIImage@lib2d@UModSys@@U?$TRefObjectFunc@UIImage@lib2d@UModSys@@@tl@3@@tl@UModSys@@QEAA@XZ 0000000180001950 f i plugin_test1.obj
 0001:00000950       ??1?$TRefObject@UIRenderDriver@lib2d@UModSys@@U?$TRefObjectFunc@UIRenderDriver@lib2d@UModSys@@@tl@3@@tl@UModSys@@QEAA@XZ 0000000180001950 f i plugin_test1.obj
 0001:00000950       ??1?$TRefObject@URMediaFilter@images_std@media@modules@UModSys@@U?$TRefObjectFunc@URMediaFilter@images_std@media@modules@UModSys@@@tl@5@@tl@UModSys@@QEAA@XZ 0000000180001950 f i umodsys_lib_libmedia:umodsys.mod.media.images_std.obj
 0001:00000950       ??1?$TRefObject@UILibraryObjCache@libmedia@UModSys@@U?$TRefObjectFunc@UILibraryObjCache@libmedia@UModSys@@@tl@3@@tl@UModSys@@QEAA@XZ 0000000180001950 f i plugin_test1.obj
 0001:00000950       ??1?$TRefObject@UILibraryObjFilter@libmedia@UModSys@@U?$TRefObjectFunc@UILibraryObjFilter@libmedia@UModSys@@@tl@3@@tl@UModSys@@QEAA@XZ 0000000180001950 f i plugin_test1.obj
 0001:00000950       ??1?$TRefObject@UILibraryBinCache@libmedia@UModSys@@U?$TRefObjectFunc@UILibraryBinCache@libmedia@UModSys@@@tl@3@@tl@UModSys@@QEAA@XZ 0000000180001950 f i plugin_test1.obj
 0001:00000950       ??1?$TRefObject@UIBinObjFilter@libmedia@UModSys@@U?$TRefObjectFunc@UIBinObjFilter@libmedia@UModSys@@@tl@3@@tl@UModSys@@QEAA@XZ 0000000180001950 f i plugin_test1.obj
 0001:00000950       ??1?$TRefObject@UIBinArchive@libmedia@UModSys@@U?$TRefObjectFunc@UIBinArchive@libmedia@UModSys@@@tl@3@@tl@UModSys@@QEAA@XZ 0000000180001950 f i plugin_test1.obj
 0001:00000950       ??1?$TRefObject@URFrame_Common@frames@ui@modules@UModSys@@U?$TRefObjectFunc@URFrame_Common@frames@ui@modules@UModSys@@@tl@5@@tl@UModSys@@QEAA@XZ 0000000180001950 f i umodsys_lib_libui:umodsys.mod.ui.frames.obj
 0001:00000980       ?info_new@?$TSCoreShared@USIMemAlloc@core@UModSys@@D@su@tl@UModSys@@QEAA_NPEBD_K@Z 0000000180001980 f i plugin_test1.obj
 0001:00000a40       ??$generate_type@UIImage@lib2d@UModSys@@@RTest1_Shell@test1@test@modules@UModSys@@QEAA?AU?$TRefObject@UIImage@lib2d@UModSys@@U?$TRefObjectFunc@UIImage@lib2d@UModSys@@@tl@3@@tl@4@AEBU?$TString@U?$TSCoreConst@D@su@tl@UModSys@@U?$TComparerBinaryHash@D@234@@64@AEBUSParameters@core@4@PEBD@Z 0000000180001a40 f i plugin_test1.obj
 0001:00000c30       ??$generate_type@UIBinArchive@libmedia@UModSys@@@RTest1_Shell@test1@test@modules@UModSys@@QEAA?AU?$TRefObject@UIBinArchive@libmedia@UModSys@@U?$TRefObjectFunc@UIBinArchive@libmedia@UModSys@@@tl@3@@tl@4@AEBU?$TString@U?$TSCoreConst@D@su@tl@UModSys@@U?$TComparerBinaryHash@D@234@@64@AEBUSParameters@core@4@PEBD@Z 0000000180001c30 f i plugin_test1.obj
 0001:00000dd0       ??$generate_type@UIBinObjFilter@libmedia@UModSys@@@RTest1_Shell@test1@test@modules@UModSys@@QEAA?AU?$TRefObject@UIBinObjFilter@libmedia@UModSys@@U?$TRefObjectFunc@UIBinObjFilter@libmedia@UModSys@@@tl@3@@tl@4@AEBU?$TString@U?$TSCoreConst@D@su@tl@UModSys@@U?$TComparerBinaryHash@D@234@@64@AEBUSParameters@core@4@PEBD@Z 0000000180001dd0 f i plugin_test1.obj
 0001:00000f70       ??$generate_type@UILibraryBinTree@libmedia@UModSys@@@RTest1_Shell@test1@test@modules@UModSys@@QEAA?AU?$TRefObject@UILibraryBinTree@libmedia@UModSys@@U?$TRefObjectFunc@UILibraryBinTree@libmedia@UModSys@@@tl@3@@tl@4@AEBU?$TString@U?$TSCoreConst@D@su@tl@UModSys@@U?$TComparerBinaryHash@D@234@@64@AEBUSParameters@core@4@PEBD@Z 0000000180001f70 f i plugin_test1.obj
 0001:00001110       ??$generate_type@UILibraryObjFilter@libmedia@UModSys@@@RTest1_Shell@test1@test@modules@UModSys@@QEAA?AU?$TRefObject@UILibraryObjFilter@libmedia@UModSys@@U?$TRefObjectFunc@UILibraryObjFilter@libmedia@UModSys@@@tl@3@@tl@4@AEBU?$TString@U?$TSCoreConst@D@su@tl@UModSys@@U?$TComparerBinaryHash@D@234@@64@AEBUSParameters@core@4@PEBD@Z 0000000180002110 f i plugin_test1.obj
 0001:000012b0       ??$generate_type@UILibraryLayered@libmedia@UModSys@@@RTest1_Shell@test1@test@modules@UModSys@@QEAA?AU?$TRefObject@UILibraryLayered@libmedia@UModSys@@U?$TRefObjectFunc@UILibraryLayered@libmedia@UModSys@@@tl@3@@tl@4@AEBU?$TString@U?$TSCoreConst@D@su@tl@UModSys@@U?$TComparerBinaryHash@D@234@@64@AEBUSParameters@core@4@PEBD@Z 00000001800022b0 f i plugin_test1.obj
 0001:00001450       ??$generate_type@UILibraryObjCache@libmedia@UModSys@@@RTest1_Shell@test1@test@modules@UModSys@@QEAA?AU?$TRefObject@UILibraryObjCache@libmedia@UModSys@@U?$TRefObjectFunc@UILibraryObjCache@libmedia@UModSys@@@tl@3@@tl@4@AEBU?$TString@U?$TSCoreConst@D@su@tl@UModSys@@U?$TComparerBinaryHash@D@234@@64@AEBUSParameters@core@4@PEBD@Z 0000000180002450 f i plugin_test1.obj
 0001:000015f0       ??$generate_type@UILibraryBinCache@libmedia@UModSys@@@RTest1_Shell@test1@test@modules@UModSys@@QEAA?AU?$TRefObject@UILibraryBinCache@libmedia@UModSys@@U?$TRefObjectFunc@UILibraryBinCache@libmedia@UModSys@@@tl@3@@tl@4@AEBU?$TString@U?$TSCoreConst@D@su@tl@UModSys@@U?$TComparerBinaryHash@D@234@@64@AEBUSParameters@core@4@PEBD@Z 00000001800025f0 f i plugin_test1.obj
 0001:00001790       ??$shash@D@su@tl@UModSys@@YAHPEBD_K@Z 0000000180002790 f i plugin_test1.obj
 0001:000017c0       ??1?$TRefObject@UIModObject@base@UModSys@@U?$TModObjectFunc@UIModObject@base@UModSys@@@tl@3@@tl@UModSys@@QEAA@XZ 00000001800027c0 f i plugin_test1.obj
 0001:000017f0       ??$t_ref_get_other_interface@UIMultiImage@lib2d@UModSys@@U?$TRefObjectFunc@UIMultiImage@lib2d@UModSys@@@tl@3@@IRefObject@core@UModSys@@QEAA_NAEAU?$TRefObject@UIMultiImage@lib2d@UModSys@@U?$TRefObjectFunc@UIMultiImage@lib2d@UModSys@@@tl@3@@tl@2@@Z 00000001800027f0 f i plugin_test1.obj
 0001:00001840       ??$t_generate@UIBinArchive@libmedia@UModSys@@@SModuleContext@base@UModSys@@QEAA_NAEAU?$TRefObject@UIBinArchive@libmedia@UModSys@@U?$TRefObjectFunc@UIBinArchive@libmedia@UModSys@@@tl@3@@tl@2@PEBUSUniquePointerInfo@core@2@AEBUSParameters@62@@Z 0000000180002840 f i plugin_test1.obj
 0001:00001910       ??$t_generate@UIBinObjFilter@libmedia@UModSys@@@SModuleContext@base@UModSys@@QEAA_NAEAU?$TRefObject@UIBinObjFilter@libmedia@UModSys@@U?$TRefObjectFunc@UIBinObjFilter@libmedia@UModSys@@@tl@3@@tl@2@PEBUSUniquePointerInfo@core@2@AEBUSParameters@62@@Z 0000000180002910 f i plugin_test1.obj
 0001:000019e0       ??$t_generate@UILibraryBinTree@libmedia@UModSys@@@SModuleContext@base@UModSys@@QEAA_NAEAU?$TRefObject@UILibraryBinTree@libmedia@UModSys@@U?$TRefObjectFunc@UILibraryBinTree@libmedia@UModSys@@@tl@3@@tl@2@PEBUSUniquePointerInfo@core@2@AEBUSParameters@62@@Z 00000001800029e0 f i plugin_test1.obj
 0001:00001ab0       ??$t_generate@UILibraryObjFilter@libmedia@UModSys@@@SModuleContext@base@UModSys@@QEAA_NAEAU?$TRefObject@UILibraryObjFilter@libmedia@UModSys@@U?$TRefObjectFunc@UILibraryObjFilter@libmedia@UModSys@@@tl@3@@tl@2@PEBUSUniquePointerInfo@core@2@AEBUSParameters@62@@Z 0000000180002ab0 f i plugin_test1.obj
 0001:00001b80       ??$t_generate@UILibraryLayered@libmedia@UModSys@@@SModuleContext@base@UModSys@@QEAA_NAEAU?$TRefObject@UILibraryLayered@libmedia@UModSys@@U?$TRefObjectFunc@UILibraryLayered@libmedia@UModSys@@@tl@3@@tl@2@PEBUSUniquePointerInfo@core@2@AEBUSParameters@62@@Z 0000000180002b80 f i plugin_test1.obj
 0001:00001c50       ??$t_generate@UILibraryObjCache@libmedia@UModSys@@@SModuleContext@base@UModSys@@QEAA_NAEAU?$TRefObject@UILibraryObjCache@libmedia@UModSys@@U?$TRefObjectFunc@UILibraryObjCache@libmedia@UModSys@@@tl@3@@tl@2@PEBUSUniquePointerInfo@core@2@AEBUSParameters@62@@Z 0000000180002c50 f i plugin_test1.obj
 0001:00001d20       ??$t_generate@UILibraryBinCache@libmedia@UModSys@@@SModuleContext@base@UModSys@@QEAA_NAEAU?$TRefObject@UILibraryBinCache@libmedia@UModSys@@U?$TRefObjectFunc@UILibraryBinCache@libmedia@UModSys@@@tl@3@@tl@2@PEBUSUniquePointerInfo@core@2@AEBUSParameters@62@@Z 0000000180002d20 f i plugin_test1.obj
 0001:00001df0       ??$t_ref_get_other_interface@UIImage@lib2d@UModSys@@U?$TRefObjectFunc@UIImage@lib2d@UModSys@@@tl@3@@IRefObject@core@UModSys@@QEAA_NAEAU?$TRefObject@UIImage@lib2d@UModSys@@U?$TRefObjectFunc@UIImage@lib2d@UModSys@@@tl@3@@tl@2@@Z 0000000180002df0 f i plugin_test1.obj
 0001:00001e40       ?root_get_interface_info@RImage_Memory@stdlib@lib2d@modules@UModSys@@UEBAAEBUSUniquePointerInfo@core@5@XZ 0000000180002e40 f i umodsys_lib_lib2d:umodsys.mod.2d.stdlib.obj
 0001:00001e50       ?root_get_interface_type@RImage_Memory@stdlib@lib2d@modules@UModSys@@UEBAPEBUSUniquePointerInfo@core@5@XZ 0000000180002e50 f i umodsys_lib_lib2d:umodsys.mod.2d.stdlib.obj
 0001:00001e60       ?root_get_other_interface@RImage_Memory@stdlib@lib2d@modules@UModSys@@UEBAPEBUIRoot@core@5@PEBUSUniquePointerInfo@75@@Z 0000000180002e60 f i umodsys_lib_lib2d:umodsys.mod.2d.stdlib.obj
 0001:00001e60       ?root_get_other_interface@RImage_Memory@stdlib@lib2d@modules@UModSys@@UEAAPEAUIRoot@core@5@PEBUSUniquePointerInfo@75@@Z 0000000180002e60 f i umodsys_lib_lib2d:umodsys.mod.2d.stdlib.obj
 0001:00001e90       ?root_is_interface_supported@RImage_Memory@stdlib@lib2d@modules@UModSys@@UEBA_NPEBUSUniquePointerInfo@core@5@@Z 0000000180002e90 f i umodsys_lib_lib2d:umodsys.mod.2d.stdlib.obj
 0001:00001ec0       ?set_info@RImage_Memory@stdlib@lib2d@modules@UModSys@@UEAA_NAEBUSImagePatchInfo@35@PEBD@Z 0000000180002ec0 f i umodsys_lib_lib2d:umodsys.mod.2d.stdlib.obj
 0001:00002080       ?set_data@RImage_Memory@stdlib@lib2d@modules@UModSys@@UEAA_NAEBUSImagePatchInfo@35@AEBUSCMem@core@5@H@Z 0000000180003080 f i umodsys_lib_lib2d:umodsys.mod.2d.stdlib.obj
 0001:00002250       ?get_info@RImage_Memory@stdlib@lib2d@modules@UModSys@@UEBAAEBUSImageInfo@35@XZ 0000000180003250 f i umodsys_lib_lib2d:umodsys.mod.2d.stdlib.obj
 0001:00002260       ?get_data@RImage_Memory@stdlib@lib2d@modules@UModSys@@UEBA_NAEBUSImagePatchInfo@35@AEBUSMem@core@5@H@Z 0000000180003260 f i umodsys_lib_lib2d:umodsys.mod.2d.stdlib.obj
 0001:00002440       ??0RImage_Memory@stdlib@lib2d@modules@UModSys@@QEAA@PEAUIModObject@base@4@AEBUSParameters@core@4@@Z 0000000180003440 f i umodsys_lib_lib2d:umodsys.mod.2d.stdlib.obj
 0001:00002500       ??4State@RImage_Memory@stdlib@lib2d@modules@UModSys@@QEAAAEAU012345@AEBU012345@@Z 0000000180003500 f i umodsys_lib_lib2d:umodsys.mod.2d.stdlib.obj
 0001:000025e0       ??_GRImage_Memory@stdlib@lib2d@modules@UModSys@@UEAAPEAXI@Z 00000001800035e0 f i umodsys_lib_lib2d:umodsys.mod.2d.stdlib.obj
 0001:000025e0       ??_ERImage_Memory@stdlib@lib2d@modules@UModSys@@UEAAPEAXI@Z 00000001800035e0 f i  CIL library: CIL module
 0001:00002640       ?get_generated_names@RGenerator@stdlib@lib2d@modules@UModSys@@UEBAHAEAUSUniquePtrList@core@5@@Z 0000000180003640 f i umodsys_lib_lib2d:umodsys.mod.2d.stdlib.obj
 0001:00002660       ?get_generated_types@RGenerator@stdlib@lib2d@modules@UModSys@@UEBAHAEAUSUniquePtrList@core@5@PEBUSUniquePointerInfo@75@@Z 0000000180003660 f i umodsys_lib_lib2d:umodsys.mod.2d.stdlib.obj
 0001:000026c0       ?generate@RGenerator@stdlib@lib2d@modules@UModSys@@UEAA_NAEAU?$TRefObject@UIRefObject@core@UModSys@@U?$TRefObjectFunc@UIRefObject@core@UModSys@@@tl@3@@tl@5@PEBUSUniquePointerInfo@core@5@AEBUSParameters@95@@Z 00000001800036c0 f i umodsys_lib_lib2d:umodsys.mod.2d.stdlib.obj
 0001:00002740       ?root_get_interface_info@RGenerator@stdlib@lib2d@modules@UModSys@@UEBAAEBUSUniquePointerInfo@core@5@XZ 0000000180003740 f i umodsys_lib_lib2d:umodsys.mod.2d.stdlib.obj
 0001:00002750       ?root_get_interface_type@RGenerator@stdlib@lib2d@modules@UModSys@@UEBAPEBUSUniquePointerInfo@core@5@XZ 0000000180003750 f i umodsys_lib_lib2d:umodsys.mod.2d.stdlib.obj
 0001:00002760       ?root_get_other_interface@RGenerator@stdlib@lib2d@modules@UModSys@@UEBAPEBUIRoot@core@5@PEBUSUniquePointerInfo@75@@Z 0000000180003760 f i umodsys_lib_lib2d:umodsys.mod.2d.stdlib.obj
 0001:00002760       ?root_get_other_interface@RGenerator@stdlib@lib2d@modules@UModSys@@UEAAPEAUIRoot@core@5@PEBUSUniquePointerInfo@75@@Z 0000000180003760 f i umodsys_lib_lib2d:umodsys.mod.2d.stdlib.obj
 0001:000027a0       ?root_is_interface_supported@RGenerator@stdlib@lib2d@modules@UModSys@@UEBA_NPEBUSUniquePointerInfo@core@5@@Z 00000001800037a0 f i umodsys_lib_lib2d:umodsys.mod.2d.stdlib.obj
 0001:000027e0       ?get_uid@RGenerator@stdlib@lib2d@modules@UModSys@@UEBAPEBUSUniquePointerInfo@core@5@XZ 00000001800037e0 f i umodsys_lib_lib2d:umodsys.mod.2d.stdlib.obj
 0001:000027f0       ?do_open@RModuleReg@stdlib@lib2d@modules@UModSys@@UEAA_NXZ 00000001800037f0 f i umodsys_lib_lib2d:umodsys.mod.2d.stdlib.obj
 0001:00002800       ?do_close@RModuleReg@stdlib@lib2d@modules@UModSys@@UEAA_NXZ 0000000180003800 f i umodsys_lib_lib2d:umodsys.mod.2d.stdlib.obj
 0001:00002810       ??_GRModuleReg@stdlib@lib2d@modules@UModSys@@UEAAPEAXI@Z 0000000180003810 f i umodsys_lib_lib2d:umodsys.mod.2d.stdlib.obj
 0001:00002810       ??_ERModuleReg@stdlib@lib2d@modules@UModSys@@UEAAPEAXI@Z 0000000180003810 f i  CIL library: CIL module
 0001:00002840       ?utf_8to32@su@tl@UModSys@@YA_NAEAHAEAPEBDAEA_K@Z 0000000180003840 f i umodsys_lib_libui:umodsys.mod.ui.SDL_core.obj
 0001:00002980       ?root_get_interface_info@RMultiImage2D_SDL_ttf@SDL_core@ui@modules@UModSys@@UEBAAEBUSUniquePointerInfo@core@5@XZ 0000000180003980 f i umodsys_lib_libui:umodsys.mod.ui.SDL_core.obj
 0001:00002990       ?root_get_interface_type@RMultiImage2D_SDL_ttf@SDL_core@ui@modules@UModSys@@UEBAPEBUSUniquePointerInfo@core@5@XZ 0000000180003990 f i umodsys_lib_libui:umodsys.mod.ui.SDL_core.obj
 0001:000029a0       ?root_get_other_interface@RMultiImage2D_SDL_ttf@SDL_core@ui@modules@UModSys@@UEAAPEAUIRoot@core@5@PEBUSUniquePointerInfo@75@@Z 00000001800039a0 f i umodsys_lib_libui:umodsys.mod.ui.SDL_core.obj
 0001:000029a0       ?root_get_other_interface@RMultiImage2D_SDL_ttf@SDL_core@ui@modules@UModSys@@UEBAPEBUIRoot@core@5@PEBUSUniquePointerInfo@75@@Z 00000001800039a0 f i umodsys_lib_libui:umodsys.mod.ui.SDL_core.obj
 0001:000029d0       ?root_is_interface_supported@RMultiImage2D_SDL_ttf@SDL_core@ui@modules@UModSys@@UEBA_NPEBUSUniquePointerInfo@core@5@@Z 00000001800039d0 f i umodsys_lib_libui:umodsys.mod.ui.SDL_core.obj
 0001:00002a00       ??0RMultiImage2D_SDL_ttf@SDL_core@ui@modules@UModSys@@QEAA@PEAURRenderDriver2D@1234@AEBUSParameters@core@4@@Z 0000000180003a00 f i umodsys_lib_libui:umodsys.mod.ui.SDL_core.obj
 0001:00002aa0       ?open@RMultiImage2D_SDL_ttf@SDL_core@ui@modules@UModSys@@QEAA_NAEBUSParameters@core@5@@Z 0000000180003aa0 f i umodsys_lib_libui:umodsys.mod.ui.SDL_core.obj
 0001:00002ba0       ?generate_glyphs@RMultiImage2D_SDL_ttf@SDL_core@ui@modules@UModSys@@QEAA_NXZ 0000000180003ba0 f i umodsys_lib_libui:umodsys.mod.ui.SDL_core.obj
 0001:00002d00       ??_ERMultiImage2D_SDL_ttf@SDL_core@ui@modules@UModSys@@UEAAPEAXI@Z 0000000180003d00 f i  CIL library: CIL module
 0001:00002d00       ??_GRMultiImage2D_SDL_ttf@SDL_core@ui@modules@UModSys@@UEAAPEAXI@Z 0000000180003d00 f i umodsys_lib_libui:umodsys.mod.ui.SDL_core.obj
 0001:00002d80       ?root_get_interface_info@RRenderDriver2D@SDL_core@ui@modules@UModSys@@UEBAAEBUSUniquePointerInfo@core@5@XZ 0000000180003d80 f i umodsys_lib_libui:umodsys.mod.ui.SDL_core.obj
 0001:00002d90       ?root_get_interface_type@RRenderDriver2D@SDL_core@ui@modules@UModSys@@UEBAPEBUSUniquePointerInfo@core@5@XZ 0000000180003d90 f i umodsys_lib_libui:umodsys.mod.ui.SDL_core.obj
 0001:00002da0       ?root_get_other_interface@RRenderDriver2D@SDL_core@ui@modules@UModSys@@UEAAPEAUIRoot@core@5@PEBUSUniquePointerInfo@75@@Z 0000000180003da0 f i umodsys_lib_libui:umodsys.mod.ui.SDL_core.obj
 0001:00002da0       ?root_get_other_interface@RRenderDriver2D@SDL_core@ui@modules@UModSys@@UEBAPEBUIRoot@core@5@PEBUSUniquePointerInfo@75@@Z 0000000180003da0 f i umodsys_lib_libui:umodsys.mod.ui.SDL_core.obj
 0001:00002dd0       ?root_is_interface_supported@RRenderDriver2D@SDL_core@ui@modules@UModSys@@UEBA_NPEBUSUniquePointerInfo@core@5@@Z 0000000180003dd0 f i umodsys_lib_libui:umodsys.mod.ui.SDL_core.obj
 0001:00002e00       ??0RRenderDriver2D@SDL_core@ui@modules@UModSys@@QEAA@PEAURTerminal@1234@AEBUSParameters@core@4@@Z 0000000180003e00 f i umodsys_lib_libui:umodsys.mod.ui.SDL_core.obj
 0001:00002f50       ??1RRenderDriver2D@SDL_core@ui@modules@UModSys@@UEAA@XZ 0000000180003f50 f i umodsys_lib_libui:umodsys.mod.ui.SDL_core.obj
 0001:00003020       ?open@RRenderDriver2D@SDL_core@ui@modules@UModSys@@QEAA_NAEBUSParameters@core@5@@Z 0000000180004020 f i umodsys_lib_libui:umodsys.mod.ui.SDL_core.obj
 0001:00003240       ?set_color@RRenderDriver2D@SDL_core@ui@modules@UModSys@@QEAAXXZ 0000000180004240 f i umodsys_lib_libui:umodsys.mod.ui.SDL_core.obj
 0001:000032c0       ?begin@RRenderDriver2D@SDL_core@ui@modules@UModSys@@UEAAXXZ 00000001800042c0 f i umodsys_lib_libui:umodsys.mod.ui.SDL_core.obj
 0001:00003330       ?end@RRenderDriver2D@SDL_core@ui@modules@UModSys@@UEAAXXZ 0000000180004330 f i umodsys_lib_libui:umodsys.mod.ui.SDL_core.obj
 0001:00003350       ?get_max_values@RRenderDriver2D@SDL_core@ui@modules@UModSys@@UEBAPEBUSParameters@core@5@XZ 0000000180004350 f i umodsys_lib_libui:umodsys.mod.ui.SDL_core.obj
 0001:00003360       ?get_frame_values@RRenderDriver2D@SDL_core@ui@modules@UModSys@@UEBAPEBUSParameters@core@5@XZ 0000000180004360 f i umodsys_lib_libui:umodsys.mod.ui.SDL_core.obj
 0001:00003370       ?setup_font@RRenderDriver2D@SDL_core@ui@modules@UModSys@@UEAA_NPEAUIMultiImage@lib2d@5@PEBU?$TVector2@M@math3d@5@@Z 0000000180004370 f i umodsys_lib_libui:umodsys.mod.ui.SDL_core.obj
 0001:000033e0       ?setup_color@RRenderDriver2D@SDL_core@ui@modules@UModSys@@UEAAXAEBU?$TVector3@M@math3d@5@@Z 00000001800043e0 f i umodsys_lib_libui:umodsys.mod.ui.SDL_core.obj
 0001:00003410       ?setup_color@RRenderDriver2D@SDL_core@ui@modules@UModSys@@UEAAXAEBU?$TVector3@H@math3d@5@@Z 0000000180004410 f i umodsys_lib_libui:umodsys.mod.ui.SDL_core.obj
 0001:00003460       ?setup_coloralpha@RRenderDriver2D@SDL_core@ui@modules@UModSys@@UEAAXAEBU?$TVector4@M@math3d@5@H@Z 0000000180004460 f i umodsys_lib_libui:umodsys.mod.ui.SDL_core.obj
 0001:00003490       ?setup_coloralpha@RRenderDriver2D@SDL_core@ui@modules@UModSys@@UEAAXAEBU?$TVector4@H@math3d@5@H@Z 0000000180004490 f i umodsys_lib_libui:umodsys.mod.ui.SDL_core.obj
 0001:00003500       ?setup_blendcolor@RRenderDriver2D@SDL_core@ui@modules@UModSys@@UEAAXAEBUSBlendColor@lib2d@5@@Z 0000000180004500 f i umodsys_lib_libui:umodsys.mod.ui.SDL_core.obj
 0001:00003570       ?setup_blendcolor@RRenderDriver2D@SDL_core@ui@modules@UModSys@@UEAAXAEBUSBlendColorf@lib2d@5@@Z 0000000180004570 f i umodsys_lib_libui:umodsys.mod.ui.SDL_core.obj
 0001:000035d0       ?setup_alpha@RRenderDriver2D@SDL_core@ui@modules@UModSys@@UEAAXHH@Z 00000001800045d0 f i umodsys_lib_libui:umodsys.mod.ui.SDL_core.obj
 0001:00003600       ?setup_alpha@RRenderDriver2D@SDL_core@ui@modules@UModSys@@UEAAXMH@Z 0000000180004600 f i umodsys_lib_libui:umodsys.mod.ui.SDL_core.obj
 0001:00003620       ?render_text_advanced@RRenderDriver2D@SDL_core@ui@modules@UModSys@@UEAA_NAEAUTextInfo@IRenderDriver@lib2d@5@PEBHH@Z 0000000180004620 f i umodsys_lib_libui:umodsys.mod.ui.SDL_core.obj
 0001:00003870       ?render_box@RRenderDriver2D@SDL_core@ui@modules@UModSys@@UEAAXAEBU?$TVector2@H@math3d@5@0@Z 0000000180004870 f i umodsys_lib_libui:umodsys.mod.ui.SDL_core.obj
 0001:000038c0       ?render_tri@RRenderDriver2D@SDL_core@ui@modules@UModSys@@UEAAXAEBU?$TVector2@H@math3d@5@00@Z 00000001800048c0 f i umodsys_lib_libui:umodsys.mod.ui.SDL_core.obj
 0001:00003940       ?render_quad@RRenderDriver2D@SDL_core@ui@modules@UModSys@@UEAAXAEBU?$TVector2@H@math3d@5@000@Z 0000000180004940 f i umodsys_lib_libui:umodsys.mod.ui.SDL_core.obj
 0001:000039f0       ?render_line@RRenderDriver2D@SDL_core@ui@modules@UModSys@@UEAAXAEBU?$TVector2@H@math3d@5@0@Z 00000001800049f0 f i umodsys_lib_libui:umodsys.mod.ui.SDL_core.obj
 0001:00003a20       ?render_rect@RRenderDriver2D@SDL_core@ui@modules@UModSys@@UEAAXAEBU?$TVector2@H@math3d@5@0@Z 0000000180004a20 f i umodsys_lib_libui:umodsys.mod.ui.SDL_core.obj
 0001:00003a70       ??_ERRenderDriver2D@SDL_core@ui@modules@UModSys@@UEAAPEAXI@Z 0000000180004a70 f i  CIL library: CIL module
 0001:00003a70       ??_GRRenderDriver2D@SDL_core@ui@modules@UModSys@@UEAAPEAXI@Z 0000000180004a70 f i umodsys_lib_libui:umodsys.mod.ui.SDL_core.obj
 0001:00003aa0       ??1ITerminal@libui@UModSys@@UEAA@XZ 0000000180004aa0 f i umodsys_lib_libui:umodsys.mod.ui.SDL_core.obj
 0001:00003aa0       ??1IRenderDriver@lib2d@UModSys@@UEAA@XZ 0000000180004aa0 f i umodsys_lib_libui:umodsys.mod.ui.SDL_core.obj
 0001:00003aa0       ??1IMouseController@libui@UModSys@@UEAA@XZ 0000000180004aa0 f i umodsys_lib_libui:umodsys.mod.ui.SDL_core.obj
 0001:00003aa0       ??1IKeyboardController@libui@UModSys@@UEAA@XZ 0000000180004aa0 f i umodsys_lib_libui:umodsys.mod.ui.SDL_core.obj
 0001:00003aa0       ??1IImage@lib2d@UModSys@@UEAA@XZ 0000000180004aa0 f i umodsys_lib_lib2d:umodsys.mod.2d.stdlib.obj
 0001:00003aa0       ??1IShell@base@UModSys@@UEAA@XZ 0000000180004aa0 f i plugin_test1.obj
 0001:00003aa0       ??1IMultiImage@lib2d@UModSys@@UEAA@XZ 0000000180004aa0 f i umodsys_lib_libui:umodsys.mod.ui.SDL_core.obj
 0001:00003aa0       ??1IDialog@libui@UModSys@@UEAA@XZ 0000000180004aa0 f i umodsys_lib_libui:umodsys.mod.ui.frames.obj
 0001:00003aa0       ??1IBinObjFilter@libmedia@UModSys@@UEAA@XZ 0000000180004aa0 f i plugin_test1.obj
 0001:00003aa0       ??1IFrame@libui@UModSys@@UEAA@XZ 0000000180004aa0 f i umodsys_lib_libui:umodsys.mod.ui.frames.obj
 0001:00003aa0       ??1ICollector@libui@UModSys@@UEAA@XZ 0000000180004aa0 f i umodsys_lib_libui:umodsys.mod.ui.frames.obj
 0001:00003ab0       ?root_get_interface_info@RMouseController@SDL_core@ui@modules@UModSys@@UEBAAEBUSUniquePointerInfo@core@5@XZ 0000000180004ab0 f i umodsys_lib_libui:umodsys.mod.ui.SDL_core.obj
 0001:00003ac0       ?root_get_interface_type@RMouseController@SDL_core@ui@modules@UModSys@@UEBAPEBUSUniquePointerInfo@core@5@XZ 0000000180004ac0 f i umodsys_lib_libui:umodsys.mod.ui.SDL_core.obj
 0001:00003ad0       ?root_get_other_interface@RMouseController@SDL_core@ui@modules@UModSys@@UEAAPEAUIRoot@core@5@PEBUSUniquePointerInfo@75@@Z 0000000180004ad0 f i umodsys_lib_libui:umodsys.mod.ui.SDL_core.obj
 0001:00003ad0       ?root_get_other_interface@RMouseController@SDL_core@ui@modules@UModSys@@UEBAPEBUIRoot@core@5@PEBUSUniquePointerInfo@75@@Z 0000000180004ad0 f i umodsys_lib_libui:umodsys.mod.ui.SDL_core.obj
 0001:00003b00       ?root_is_interface_supported@RMouseController@SDL_core@ui@modules@UModSys@@UEBA_NPEBUSUniquePointerInfo@core@5@@Z 0000000180004b00 f i umodsys_lib_libui:umodsys.mod.ui.SDL_core.obj
 0001:00003b30       ?suicide@RDialog@frames@ui@modules@UModSys@@UEAAXXZ 0000000180004b30 f i umodsys_lib_libui:umodsys.mod.ui.frames.obj
 0001:00003b30       ?suicide@RRenderDriver2D@SDL_core@ui@modules@UModSys@@UEAAXXZ 0000000180004b30 f i umodsys_lib_libui:umodsys.mod.ui.SDL_core.obj
 0001:00003b30       ?suicide@RKeyboardController@SDL_core@ui@modules@UModSys@@UEAAXXZ 0000000180004b30 f i umodsys_lib_libui:umodsys.mod.ui.SDL_core.obj
 0001:00003b30       ?suicide@RMultiImage2D_SDL_ttf@SDL_core@ui@modules@UModSys@@UEAAXXZ 0000000180004b30 f i umodsys_lib_libui:umodsys.mod.ui.SDL_core.obj
 0001:00003b30       ?suicide@RMouseController@SDL_core@ui@modules@UModSys@@UEAAXXZ 0000000180004b30 f i umodsys_lib_libui:umodsys.mod.ui.SDL_core.obj
 0001:00003b80       ?process@RMouseController@SDL_core@ui@modules@UModSys@@QEAA_NAEAUSDL_MouseMotionEvent@@@Z 0000000180004b80 f i umodsys_lib_libui:umodsys.mod.ui.SDL_core.obj
 0001:00003d00       ?process@RMouseController@SDL_core@ui@modules@UModSys@@QEAA_NAEAUSDL_MouseButtonEvent@@@Z 0000000180004d00 f i umodsys_lib_libui:umodsys.mod.ui.SDL_core.obj
 0001:00003e50       ?process@RMouseController@SDL_core@ui@modules@UModSys@@QEAA_NAEAUSDL_MouseWheelEvent@@@Z 0000000180004e50 f i umodsys_lib_libui:umodsys.mod.ui.SDL_core.obj
 0001:00003f60       ?mouse_unlink@RMouseController@SDL_core@ui@modules@UModSys@@UEAA_NH@Z 0000000180004f60 f i umodsys_lib_libui:umodsys.mod.ui.SDL_core.obj
 0001:00003f60       ?key_unlink@RKeyboardController@SDL_core@ui@modules@UModSys@@UEAA_NH@Z 0000000180004f60 f i umodsys_lib_libui:umodsys.mod.ui.SDL_core.obj
 0001:00003fe0       ?mouse_link@RMouseController@SDL_core@ui@modules@UModSys@@UEAA_NHPEAUIRefObject@core@5@PEAUIMouseClient@libui@5@H@Z 0000000180004fe0 f i umodsys_lib_libui:umodsys.mod.ui.SDL_core.obj
 0001:00004080       ??_ERMouseController@SDL_core@ui@modules@UModSys@@UEAAPEAXI@Z 0000000180005080 f i  CIL library: CIL module
 0001:00004080       ??_GRMouseController@SDL_core@ui@modules@UModSys@@UEAAPEAXI@Z 0000000180005080 f i umodsys_lib_libui:umodsys.mod.ui.SDL_core.obj
 0001:000040f0       ?root_get_interface_info@RKeyboardController@SDL_core@ui@modules@UModSys@@UEBAAEBUSUniquePointerInfo@core@5@XZ 00000001800050f0 f i umodsys_lib_libui:umodsys.mod.ui.SDL_core.obj
 0001:00004100       ?root_get_interface_type@RKeyboardController@SDL_core@ui@modules@UModSys@@UEBAPEBUSUniquePointerInfo@core@5@XZ 0000000180005100 f i umodsys_lib_libui:umodsys.mod.ui.SDL_core.obj
 0001:00004110       ?root_get_other_interface@RKeyboardController@SDL_core@ui@modules@UModSys@@UEAAPEAUIRoot@core@5@PEBUSUniquePointerInfo@75@@Z 0000000180005110 f i umodsys_lib_libui:umodsys.mod.ui.SDL_core.obj
 0001:00004110       ?root_get_other_interface@RKeyboardController@SDL_core@ui@modules@UModSys@@UEBAPEBUIRoot@core@5@PEBUSUniquePointerInfo@75@@Z 0000000180005110 f i umodsys_lib_libui:umodsys.mod.ui.SDL_core.obj
 0001:00004140       ?root_is_interface_supported@RKeyboardController@SDL_core@ui@modules@UModSys@@UEBA_NPEBUSUniquePointerInfo@core@5@@Z 0000000180005140 f i umodsys_lib_libui:umodsys.mod.ui.SDL_core.obj
 0001:00004170       ?process@RKeyboardController@SDL_core@ui@modules@UModSys@@QEAA_NAEAUSDL_KeyboardEvent@@@Z 0000000180005170 f i umodsys_lib_libui:umodsys.mod.ui.SDL_core.obj
 0001:00004280       ?process@RKeyboardController@SDL_core@ui@modules@UModSys@@QEAA_NAEAUSDL_TextInputEvent@@@Z 0000000180005280 f i umodsys_lib_libui:umodsys.mod.ui.SDL_core.obj
 0001:00004440       ?map_keycode@RKeyboardController@SDL_core@ui@modules@UModSys@@QEAA?AW4eKeyCode@libui@5@H@Z 0000000180005440 f i umodsys_lib_libui:umodsys.mod.ui.SDL_core.obj
 0001:000049a0       ?map_keyspecial@RKeyboardController@SDL_core@ui@modules@UModSys@@QEAAFG@Z 00000001800059a0 f i umodsys_lib_libui:umodsys.mod.ui.SDL_core.obj
 0001:00004a40       ?key_link@RKeyboardController@SDL_core@ui@modules@UModSys@@UEAA_NHPEAUIRefObject@core@5@PEAUIKeyboardClient@libui@5@@Z 0000000180005a40 f i umodsys_lib_libui:umodsys.mod.ui.SDL_core.obj
 0001:00004ad0       ?key_setvisible@RKeyboardController@SDL_core@ui@modules@UModSys@@UEAA_N_N@Z 0000000180005ad0 f i umodsys_lib_libui:umodsys.mod.ui.SDL_core.obj
 0001:00004af0       ??_ERKeyboardController@SDL_core@ui@modules@UModSys@@UEAAPEAXI@Z 0000000180005af0 f i  CIL library: CIL module
 0001:00004af0       ??_GRKeyboardController@SDL_core@ui@modules@UModSys@@UEAAPEAXI@Z 0000000180005af0 f i umodsys_lib_libui:umodsys.mod.ui.SDL_core.obj
 0001:00004b60       ?root_get_interface_info@RTerminal@SDL_core@ui@modules@UModSys@@UEBAAEBUSUniquePointerInfo@core@5@XZ 0000000180005b60 f i umodsys_lib_libui:umodsys.mod.ui.SDL_core.obj
 0001:00004b70       ?root_get_interface_type@RTerminal@SDL_core@ui@modules@UModSys@@UEBAPEBUSUniquePointerInfo@core@5@XZ 0000000180005b70 f i umodsys_lib_libui:umodsys.mod.ui.SDL_core.obj
 0001:00004b80       ?root_get_other_interface@RTerminal@SDL_core@ui@modules@UModSys@@UEBAPEBUIRoot@core@5@PEBUSUniquePointerInfo@75@@Z 0000000180005b80 f i umodsys_lib_libui:umodsys.mod.ui.SDL_core.obj
 0001:00004b80       ?root_get_other_interface@RTerminal@SDL_core@ui@modules@UModSys@@UEAAPEAUIRoot@core@5@PEBUSUniquePointerInfo@75@@Z 0000000180005b80 f i umodsys_lib_libui:umodsys.mod.ui.SDL_core.obj
 0001:00004bb0       ?root_is_interface_supported@RTerminal@SDL_core@ui@modules@UModSys@@UEBA_NPEBUSUniquePointerInfo@core@5@@Z 0000000180005bb0 f i umodsys_lib_libui:umodsys.mod.ui.SDL_core.obj
 0001:00004be0       ?ref_add@RMouseController@SDL_core@ui@modules@UModSys@@UEBAXXZ 0000000180005be0 f i umodsys_lib_libui:umodsys.mod.ui.SDL_core.obj
 0001:00004be0       ?ref_add@RGenerator@images_std@media@modules@UModSys@@UEBAXXZ 0000000180005be0 f i umodsys_lib_libmedia:umodsys.mod.media.images_std.obj
 0001:00004be0       ?ref_add@RMultiImage2D_SDL_ttf@SDL_core@ui@modules@UModSys@@UEBAXXZ 0000000180005be0 f i umodsys_lib_libui:umodsys.mod.ui.SDL_core.obj
 0001:00004be0       ?ref_add@RTerminal@SDL_core@ui@modules@UModSys@@UEBAXXZ 0000000180005be0 f i umodsys_lib_libui:umodsys.mod.ui.SDL_core.obj
 0001:00004be0       ?ref_add@RKeyboardController@SDL_core@ui@modules@UModSys@@UEBAXXZ 0000000180005be0 f i umodsys_lib_libui:umodsys.mod.ui.SDL_core.obj
 0001:00004be0       ?ref_add@RImage_Memory@stdlib@lib2d@modules@UModSys@@UEBAXXZ 0000000180005be0 f i umodsys_lib_lib2d:umodsys.mod.2d.stdlib.obj
 0001:00004be0       ?ref_add@RGenerator@test1@test@modules@UModSys@@UEBAXXZ 0000000180005be0 f i plugin_test1.obj
 0001:00004be0       ?ref_add@RGenerator@SDL_core@ui@modules@UModSys@@UEBAXXZ 0000000180005be0 f i umodsys_lib_libui:umodsys.mod.ui.SDL_core.obj
 0001:00004be0       ?ref_add@RDialog@frames@ui@modules@UModSys@@UEBAXXZ 0000000180005be0 f i umodsys_lib_libui:umodsys.mod.ui.frames.obj
 0001:00004be0       ?ref_add@RRenderDriver2D@SDL_core@ui@modules@UModSys@@UEBAXXZ 0000000180005be0 f i umodsys_lib_libui:umodsys.mod.ui.SDL_core.obj
 0001:00004be0       ?ref_add@RGenerator@frames@ui@modules@UModSys@@UEBAXXZ 0000000180005be0 f i umodsys_lib_libui:umodsys.mod.ui.frames.obj
 0001:00004be0       ?ref_add@RGenerator@stdlib@lib2d@modules@UModSys@@UEBAXXZ 0000000180005be0 f i umodsys_lib_lib2d:umodsys.mod.2d.stdlib.obj
 0001:00004bf0       ?suicide@RImage_Memory@stdlib@lib2d@modules@UModSys@@UEAAXXZ 0000000180005bf0 f i umodsys_lib_lib2d:umodsys.mod.2d.stdlib.obj
 0001:00004bf0       ?suicide@RTerminal@SDL_core@ui@modules@UModSys@@UEAAXXZ 0000000180005bf0 f i umodsys_lib_libui:umodsys.mod.ui.SDL_core.obj
 0001:00004c40       ??0RTerminal@SDL_core@ui@modules@UModSys@@QEAA@PEAUIModObject@base@4@AEBUSParameters@core@4@@Z 0000000180005c40 f i umodsys_lib_libui:umodsys.mod.ui.SDL_core.obj
 0001:00004cf0       ??1RTerminal@SDL_core@ui@modules@UModSys@@UEAA@XZ 0000000180005cf0 f i umodsys_lib_libui:umodsys.mod.ui.SDL_core.obj
 0001:00004db0       ?poll_events@RTerminal@SDL_core@ui@modules@UModSys@@UEAA_NH@Z 0000000180005db0 f i umodsys_lib_libui:umodsys.mod.ui.SDL_core.obj
 0001:00004f20       ?get_terminal_state@RTerminal@SDL_core@ui@modules@UModSys@@UEAA_NW4eTerminalState@libui@5@@Z 0000000180005f20 f i umodsys_lib_libui:umodsys.mod.ui.SDL_core.obj
 0001:00004f30       ?set_terminal_state@RTerminal@SDL_core@ui@modules@UModSys@@UEAA_NW4eTerminalState@libui@5@_N@Z 0000000180005f30 f i umodsys_lib_libui:umodsys.mod.ui.SDL_core.obj
 0001:00004fc0       ?get_clock@RTerminal@SDL_core@ui@modules@UModSys@@UEAANXZ 0000000180005fc0 f i umodsys_lib_libui:umodsys.mod.ui.SDL_core.obj
 0001:00004fe0       ?wait@RTerminal@SDL_core@ui@modules@UModSys@@UEAA_NM@Z 0000000180005fe0 f i umodsys_lib_libui:umodsys.mod.ui.SDL_core.obj
 0001:00005000       ?get_count@RTerminal@SDL_core@ui@modules@UModSys@@UEBA_KPEBUSUniquePointerInfo@core@5@@Z 0000000180006000 f i umodsys_lib_libui:umodsys.mod.ui.SDL_core.obj
 0001:00005040       ?get_handler@RTerminal@SDL_core@ui@modules@UModSys@@UEBAPEAUIRefObject@core@5@PEBUSUniquePointerInfo@75@_K@Z 0000000180006040 f i umodsys_lib_libui:umodsys.mod.ui.SDL_core.obj
 0001:00005080       ?create_handler@RTerminal@SDL_core@ui@modules@UModSys@@UEAA_NPEBUSUniquePointerInfo@core@5@AEAU?$TRefObject@UIRefObject@core@UModSys@@U?$TRefObjectFunc@UIRefObject@core@UModSys@@@tl@3@@tl@5@PEBDPEBUSParameters@75@@Z 0000000180006080 f i umodsys_lib_libui:umodsys.mod.ui.SDL_core.obj
 0001:00005390       ??_ERTerminal@SDL_core@ui@modules@UModSys@@UEAAPEAXI@Z 0000000180006390 f i  CIL library: CIL module
 0001:00005390       ??_GRTerminal@SDL_core@ui@modules@UModSys@@UEAAPEAXI@Z 0000000180006390 f i umodsys_lib_libui:umodsys.mod.ui.SDL_core.obj
 0001:000053c0       ?get_generated_names@RGenerator@SDL_core@ui@modules@UModSys@@UEBAHAEAUSUniquePtrList@core@5@@Z 00000001800063c0 f i umodsys_lib_libui:umodsys.mod.ui.SDL_core.obj
 0001:000053e0       ?get_generated_types@RGenerator@SDL_core@ui@modules@UModSys@@UEBAHAEAUSUniquePtrList@core@5@PEBUSUniquePointerInfo@75@@Z 00000001800063e0 f i umodsys_lib_libui:umodsys.mod.ui.SDL_core.obj
 0001:00005440       ?generate@RGenerator@SDL_core@ui@modules@UModSys@@UEAA_NAEAU?$TRefObject@UIRefObject@core@UModSys@@U?$TRefObjectFunc@UIRefObject@core@UModSys@@@tl@3@@tl@5@PEBUSUniquePointerInfo@core@5@AEBUSParameters@95@@Z 0000000180006440 f i umodsys_lib_libui:umodsys.mod.ui.SDL_core.obj
 0001:000054c0       ?root_get_interface_info@RGenerator@SDL_core@ui@modules@UModSys@@UEBAAEBUSUniquePointerInfo@core@5@XZ 00000001800064c0 f i umodsys_lib_libui:umodsys.mod.ui.SDL_core.obj
 0001:000054d0       ?root_get_interface_type@RGenerator@SDL_core@ui@modules@UModSys@@UEBAPEBUSUniquePointerInfo@core@5@XZ 00000001800064d0 f i umodsys_lib_libui:umodsys.mod.ui.SDL_core.obj
 0001:000054e0       ?root_get_other_interface@RGenerator@SDL_core@ui@modules@UModSys@@UEBAPEBUIRoot@core@5@PEBUSUniquePointerInfo@75@@Z 00000001800064e0 f i umodsys_lib_libui:umodsys.mod.ui.SDL_core.obj
 0001:000054e0       ?root_get_other_interface@RGenerator@SDL_core@ui@modules@UModSys@@UEAAPEAUIRoot@core@5@PEBUSUniquePointerInfo@75@@Z 00000001800064e0 f i umodsys_lib_libui:umodsys.mod.ui.SDL_core.obj
 0001:00005520       ?root_is_interface_supported@RGenerator@SDL_core@ui@modules@UModSys@@UEBA_NPEBUSUniquePointerInfo@core@5@@Z 0000000180006520 f i umodsys_lib_libui:umodsys.mod.ui.SDL_core.obj
 0001:00005560       ?get_uid@RGenerator@SDL_core@ui@modules@UModSys@@UEBAPEBUSUniquePointerInfo@core@5@XZ 0000000180006560 f i umodsys_lib_libui:umodsys.mod.ui.SDL_core.obj
 0001:00005570       ?do_open@RModuleReg@SDL_core@ui@modules@UModSys@@UEAA_NXZ 0000000180006570 f i umodsys_lib_libui:umodsys.mod.ui.SDL_core.obj
 0001:00005580       ?do_close@RModuleReg@SDL_core@ui@modules@UModSys@@UEAA_NXZ 0000000180006580 f i umodsys_lib_libui:umodsys.mod.ui.SDL_core.obj
 0001:00005590       ??_GRModuleReg@SDL_core@ui@modules@UModSys@@UEAAPEAXI@Z 0000000180006590 f i umodsys_lib_libui:umodsys.mod.ui.SDL_core.obj
 0001:00005590       ??_ERModuleReg@SDL_core@ui@modules@UModSys@@UEAAPEAXI@Z 0000000180006590 f i  CIL library: CIL module
 0001:000055c0       ??1?$TScatterArray@UGlyph@RMultiImage2D_SDL_ttf@SDL_core@ui@modules@UModSys@@HU?$TScalarCompare@H@core@6@U?$TNodeDeleter0@U?$TScatterArrayNode@UGlyph@RMultiImage2D_SDL_ttf@SDL_core@ui@modules@UModSys@@H@tl@UModSys@@@tl@6@@tl@UModSys@@QEAA@XZ 00000001800065c0 f i umodsys_lib_libui:umodsys.mod.ui.SDL_core.obj
 0001:000055f0       ?remove_node@?$TTreeHoldRB@U?$TScatterArrayNode@U?$TRefObjectComposite@UIKeyboardClient@libui@UModSys@@UIRefObject@core@3@U?$TRefObjectFunc@UIRefObject@core@UModSys@@@tl@3@@tl@UModSys@@H@tl@UModSys@@@tl@UModSys@@QEAAXPEAU?$TScatterArrayNode@U?$TRefObjectComposite@UIKeyboardClient@libui@UModSys@@UIRefObject@core@3@U?$TRefObjectFunc@UIRefObject@core@UModSys@@@tl@3@@tl@UModSys@@H@23@@Z 00000001800065f0 f i umodsys_lib_libui:umodsys.mod.ui.SDL_core.obj
 0001:000055f0       ?remove_node@?$TTreeHoldRB@U?$TScatterArrayNode@U?$TRefObjectCompositeExtra@UIMouseClient@libui@UModSys@@HUIRefObject@core@3@U?$TRefObjectFunc@UIRefObject@core@UModSys@@@tl@3@@tl@UModSys@@H@tl@UModSys@@@tl@UModSys@@QEAAXPEAU?$TScatterArrayNode@U?$TRefObjectCompositeExtra@UIMouseClient@libui@UModSys@@HUIRefObject@core@3@U?$TRefObjectFunc@UIRefObject@core@UModSys@@@tl@3@@tl@UModSys@@H@23@@Z 00000001800065f0 f i umodsys_lib_libui:umodsys.mod.ui.SDL_core.obj
 0001:00005710       ??R?$TNodeDeleter0@U?$TScatterArrayNode@U?$TRefObjectCompositeExtra@UIMouseClient@libui@UModSys@@HUIRefObject@core@3@U?$TRefObjectFunc@UIRefObject@core@UModSys@@@tl@3@@tl@UModSys@@H@tl@UModSys@@@tl@UModSys@@QEBAHPEAU?$TScatterArrayNode@U?$TRefObjectCompositeExtra@UIMouseClient@libui@UModSys@@HUIRefObject@core@3@U?$TRefObjectFunc@UIRefObject@core@UModSys@@@tl@3@@tl@UModSys@@H@12@@Z 0000000180006710 f i umodsys_lib_libui:umodsys.mod.ui.SDL_core.obj
 0001:00005710       ??R?$TNodeDeleter0@U?$TScatterArrayNode@U?$TRefObjectComposite@UIKeyboardClient@libui@UModSys@@UIRefObject@core@3@U?$TRefObjectFunc@UIRefObject@core@UModSys@@@tl@3@@tl@UModSys@@H@tl@UModSys@@@tl@UModSys@@QEBAHPEAU?$TScatterArrayNode@U?$TRefObjectComposite@UIKeyboardClient@libui@UModSys@@UIRefObject@core@3@U?$TRefObjectFunc@UIRefObject@core@UModSys@@@tl@3@@tl@UModSys@@H@12@@Z 0000000180006710 f i umodsys_lib_libui:umodsys.mod.ui.SDL_core.obj
 0001:00005790       ??1?$TPair@HU?$TRefObjectCompositeExtra@UIMouseClient@libui@UModSys@@HUIRefObject@core@3@U?$TRefObjectFunc@UIRefObject@core@UModSys@@@tl@3@@tl@UModSys@@@tl@UModSys@@QEAA@XZ 0000000180006790 f i umodsys_lib_libui:umodsys.mod.ui.SDL_core.obj
 0001:00005790       ??1?$TPair@HU?$TRefObjectComposite@UIKeyboardClient@libui@UModSys@@UIRefObject@core@3@U?$TRefObjectFunc@UIRefObject@core@UModSys@@@tl@3@@tl@UModSys@@@tl@UModSys@@QEAA@XZ 0000000180006790 f i umodsys_lib_libui:umodsys.mod.ui.SDL_core.obj
 0001:000057e0       ??1?$TRefObjectComposite@UIKeyboardClient@libui@UModSys@@UIRefObject@core@3@U?$TRefObjectFunc@UIRefObject@core@UModSys@@@tl@3@@tl@UModSys@@QEAA@XZ 00000001800067e0 f i umodsys_lib_libui:umodsys.mod.ui.SDL_core.obj
 0001:000057e0       ??1?$TRefObjectCompositeExtra@UIMouseClient@libui@UModSys@@HUIRefObject@core@3@U?$TRefObjectFunc@UIRefObject@core@UModSys@@@tl@3@@tl@UModSys@@QEAA@XZ 00000001800067e0 f i umodsys_lib_libui:umodsys.mod.ui.SDL_core.obj
 0001:00005830       ??$t_ref_get_other_interface@URMultiImage2D_SDL_ttf@SDL_core@ui@modules@UModSys@@U?$TRefObjectWeakFunc@URMultiImage2D_SDL_ttf@SDL_core@ui@modules@UModSys@@@tl@5@@IRefObject@core@UModSys@@QEAA_NAEAU?$TRefObject@URMultiImage2D_SDL_ttf@SDL_core@ui@modules@UModSys@@U?$TRefObjectWeakFunc@URMultiImage2D_SDL_ttf@SDL_core@ui@modules@UModSys@@@tl@5@@tl@2@@Z 0000000180006830 f i umodsys_lib_libui:umodsys.mod.ui.SDL_core.obj
 0001:000058b0       ?remove_color@?$TTreeHoldRB@U?$TScatterArrayNode@U?$TRefObjectComposite@UIKeyboardClient@libui@UModSys@@UIRefObject@core@3@U?$TRefObjectFunc@UIRefObject@core@UModSys@@@tl@3@@tl@UModSys@@H@tl@UModSys@@@tl@UModSys@@IEAAXPEAU?$TScatterArrayNode@U?$TRefObjectComposite@UIKeyboardClient@libui@UModSys@@UIRefObject@core@3@U?$TRefObjectFunc@UIRefObject@core@UModSys@@@tl@3@@tl@UModSys@@H@23@0@Z 00000001800068b0 f i umodsys_lib_libui:umodsys.mod.ui.SDL_core.obj
 0001:000058b0       ?remove_color@?$TTreeHoldRB@U?$TScatterArrayNode@U?$TRefObjectCompositeExtra@UIMouseClient@libui@UModSys@@HUIRefObject@core@3@U?$TRefObjectFunc@UIRefObject@core@UModSys@@@tl@3@@tl@UModSys@@H@tl@UModSys@@@tl@UModSys@@IEAAXPEAU?$TScatterArrayNode@U?$TRefObjectCompositeExtra@UIMouseClient@libui@UModSys@@HUIRefObject@core@3@U?$TRefObjectFunc@UIRefObject@core@UModSys@@@tl@3@@tl@UModSys@@H@23@0@Z 00000001800068b0 f i umodsys_lib_libui:umodsys.mod.ui.SDL_core.obj
 0001:00005b70       ??$t_close@U?$TRefObject@URRenderDriver2D@SDL_core@ui@modules@UModSys@@U?$TRefObjectWeakFunc@URRenderDriver2D@SDL_core@ui@modules@UModSys@@@tl@5@@tl@UModSys@@@SDL_core@ui@modules@UModSys@@YA_NAEAU?$TScatterArray@U?$TRefObject@URRenderDriver2D@SDL_core@ui@modules@UModSys@@U?$TRefObjectWeakFunc@URRenderDriver2D@SDL_core@ui@modules@UModSys@@@tl@5@@tl@UModSys@@HU?$TScalarCompare@H@core@3@U?$TNodeDeleter0@U?$TScatterArrayNode@U?$TRefObject@URRenderDriver2D@SDL_core@ui@modules@UModSys@@U?$TRefObjectWeakFunc@URRenderDriver2D@SDL_core@ui@modules@UModSys@@@tl@5@@tl@UModSys@@H@tl@UModSys@@@23@@tl@3@@Z 0000000180006b70 f i umodsys_lib_libui:umodsys.mod.ui.SDL_core.obj
 0001:00005c60       ??$t_count@U?$TRefObject@URRenderDriver2D@SDL_core@ui@modules@UModSys@@U?$TRefObjectWeakFunc@URRenderDriver2D@SDL_core@ui@modules@UModSys@@@tl@5@@tl@UModSys@@@SDL_core@ui@modules@UModSys@@YA_KAEBU?$TScatterArray@U?$TRefObject@URRenderDriver2D@SDL_core@ui@modules@UModSys@@U?$TRefObjectWeakFunc@URRenderDriver2D@SDL_core@ui@modules@UModSys@@@tl@5@@tl@UModSys@@HU?$TScalarCompare@H@core@3@U?$TNodeDeleter0@U?$TScatterArrayNode@U?$TRefObject@URRenderDriver2D@SDL_core@ui@modules@UModSys@@U?$TRefObjectWeakFunc@URRenderDriver2D@SDL_core@ui@modules@UModSys@@@tl@5@@tl@UModSys@@H@tl@UModSys@@@23@@tl@3@@Z 0000000180006c60 f i umodsys_lib_libui:umodsys.mod.ui.SDL_core.obj
 0001:00005ce0       ??$t_get@U?$TRefObject@URRenderDriver2D@SDL_core@ui@modules@UModSys@@U?$TRefObjectWeakFunc@URRenderDriver2D@SDL_core@ui@modules@UModSys@@@tl@5@@tl@UModSys@@@SDL_core@ui@modules@UModSys@@YAPEAUIRefObject@core@3@AEBU?$TScatterArray@U?$TRefObject@URRenderDriver2D@SDL_core@ui@modules@UModSys@@U?$TRefObjectWeakFunc@URRenderDriver2D@SDL_core@ui@modules@UModSys@@@tl@5@@tl@UModSys@@HU?$TScalarCompare@H@core@3@U?$TNodeDeleter0@U?$TScatterArrayNode@U?$TRefObject@URRenderDriver2D@SDL_core@ui@modules@UModSys@@U?$TRefObjectWeakFunc@URRenderDriver2D@SDL_core@ui@modules@UModSys@@@tl@5@@tl@UModSys@@H@tl@UModSys@@@23@@tl@3@_K@Z 0000000180006ce0 f i umodsys_lib_libui:umodsys.mod.ui.SDL_core.obj
 0001:00005d80       ??$ValidateConstruction@UIRefObject@core@UModSys@@URRenderDriver2D@SDL_core@ui@modules@3@@core@UModSys@@YA_NAEAU?$TRefObject@UIRefObject@core@UModSys@@U?$TRefObjectFunc@UIRefObject@core@UModSys@@@tl@3@@tl@1@U?$TRefObject@URRenderDriver2D@SDL_core@ui@modules@UModSys@@U?$TRefObjectFunc@URRenderDriver2D@SDL_core@ui@modules@UModSys@@@tl@5@@31@@Z 0000000180006d80 f i umodsys_lib_libui:umodsys.mod.ui.SDL_core.obj
 0001:00005e30       ??$t_add@U?$TRefObject@URRenderDriver2D@SDL_core@ui@modules@UModSys@@U?$TRefObjectWeakFunc@URRenderDriver2D@SDL_core@ui@modules@UModSys@@@tl@5@@tl@UModSys@@URRenderDriver2D@SDL_core@ui@modules@3@@SDL_core@ui@modules@UModSys@@YA_NAEAU?$TScatterArray@U?$TRefObject@URRenderDriver2D@SDL_core@ui@modules@UModSys@@U?$TRefObjectWeakFunc@URRenderDriver2D@SDL_core@ui@modules@UModSys@@@tl@5@@tl@UModSys@@HU?$TScalarCompare@H@core@3@U?$TNodeDeleter0@U?$TScatterArrayNode@U?$TRefObject@URRenderDriver2D@SDL_core@ui@modules@UModSys@@U?$TRefObjectWeakFunc@URRenderDriver2D@SDL_core@ui@modules@UModSys@@@tl@5@@tl@UModSys@@H@tl@UModSys@@@23@@tl@3@PEAURRenderDriver2D@0123@@Z 0000000180006e30 f i umodsys_lib_libui:umodsys.mod.ui.SDL_core.obj
 0001:00005eb0       ??$ValidateConstruction@UIRefObject@core@UModSys@@URMouseController@SDL_core@ui@modules@3@@core@UModSys@@YA_NAEAU?$TRefObject@UIRefObject@core@UModSys@@U?$TRefObjectFunc@UIRefObject@core@UModSys@@@tl@3@@tl@1@U?$TRefObject@URMouseController@SDL_core@ui@modules@UModSys@@U?$TRefObjectFunc@URMouseController@SDL_core@ui@modules@UModSys@@@tl@5@@31@@Z 0000000180006eb0 f i umodsys_lib_libui:umodsys.mod.ui.SDL_core.obj
 0001:00005eb0       ??$ValidateConstruction@UIRefObject@core@UModSys@@URKeyboardController@SDL_core@ui@modules@3@@core@UModSys@@YA_NAEAU?$TRefObject@UIRefObject@core@UModSys@@U?$TRefObjectFunc@UIRefObject@core@UModSys@@@tl@3@@tl@1@U?$TRefObject@URKeyboardController@SDL_core@ui@modules@UModSys@@U?$TRefObjectFunc@URKeyboardController@SDL_core@ui@modules@UModSys@@@tl@5@@31@@Z 0000000180006eb0 f i umodsys_lib_libui:umodsys.mod.ui.SDL_core.obj
 0001:00005f40       ??$ValidateConstruction@UIMultiImage@lib2d@UModSys@@URMultiImage2D_SDL_ttf@SDL_core@ui@modules@3@@core@UModSys@@YA_NAEAU?$TRefObject@UIMultiImage@lib2d@UModSys@@U?$TRefObjectFunc@UIMultiImage@lib2d@UModSys@@@tl@3@@tl@1@PEAURMultiImage2D_SDL_ttf@SDL_core@ui@modules@1@@Z 0000000180006f40 f i umodsys_lib_libui:umodsys.mod.ui.SDL_core.obj
 0001:00005fc0       ??$genx_node@UCmp@?$TScatterArray@UGlyph@RMultiImage2D_SDL_ttf@SDL_core@ui@modules@UModSys@@HU?$TScalarCompare@H@core@6@U?$TNodeDeleter0@U?$TScatterArrayNode@UGlyph@RMultiImage2D_SDL_ttf@SDL_core@ui@modules@UModSys@@H@tl@UModSys@@@tl@6@@tl@UModSys@@UGen0@234@@?$TTreeHoldRBD@U?$TScatterArrayNode@UGlyph@RMultiImage2D_SDL_ttf@SDL_core@ui@modules@UModSys@@H@tl@UModSys@@U?$TNodeDeleter0@U?$TScatterArrayNode@UGlyph@RMultiImage2D_SDL_ttf@SDL_core@ui@modules@UModSys@@H@tl@UModSys@@@23@@tl@UModSys@@QEAAPEAU?$TScatterArrayNode@UGlyph@RMultiImage2D_SDL_ttf@SDL_core@ui@modules@UModSys@@H@12@UCmp@?$TScatterArray@UGlyph@RMultiImage2D_SDL_ttf@SDL_core@ui@modules@UModSys@@HU?$TScalarCompare@H@core@6@U?$TNodeDeleter0@U?$TScatterArrayNode@UGlyph@RMultiImage2D_SDL_ttf@SDL_core@ui@modules@UModSys@@H@tl@UModSys@@@tl@6@@12@AEBUGen0@512@PEAPEAU312@2_N@Z 0000000180006fc0 f i umodsys_lib_libui:umodsys.mod.ui.SDL_core.obj
 0001:00006150       ??$genx_node@UCmp@?$TScatterArray@U?$TRefObjectCompositeExtra@UIMouseClient@libui@UModSys@@HUIRefObject@core@3@U?$TRefObjectFunc@UIRefObject@core@UModSys@@@tl@3@@tl@UModSys@@HU?$TScalarCompare@H@core@3@U?$TNodeDeleter0@U?$TScatterArrayNode@U?$TRefObjectCompositeExtra@UIMouseClient@libui@UModSys@@HUIRefObject@core@3@U?$TRefObjectFunc@UIRefObject@core@UModSys@@@tl@3@@tl@UModSys@@H@tl@UModSys@@@23@@tl@UModSys@@UGen0@234@@?$TTreeHoldRBD@U?$TScatterArrayNode@U?$TRefObjectCompositeExtra@UIMouseClient@libui@UModSys@@HUIRefObject@core@3@U?$TRefObjectFunc@UIRefObject@core@UModSys@@@tl@3@@tl@UModSys@@H@tl@UModSys@@U?$TNodeDeleter0@U?$TScatterArrayNode@U?$TRefObjectCompositeExtra@UIMouseClient@libui@UModSys@@HUIRefObject@core@3@U?$TRefObjectFunc@UIRefObject@core@UModSys@@@tl@3@@tl@UModSys@@H@tl@UModSys@@@23@@tl@UModSys@@QEAAPEAU?$TScatterArrayNode@U?$TRefObjectCompositeExtra@UIMouseClient@libui@UModSys@@HUIRefObject@core@3@U?$TRefObjectFunc@UIRefObject@core@UModSys@@@tl@3@@tl@UModSys@@H@12@UCmp@?$TScatterArray@U?$TRefObjectCompositeExtra@UIMouseClient@libui@UModSys@@HUIRefObject@core@3@U?$TRefObjectFunc@UIRefObject@core@UModSys@@@tl@3@@tl@UModSys@@HU?$TScalarCompare@H@core@3@U?$TNodeDeleter0@U?$TScatterArrayNode@U?$TRefObjectCompositeExtra@UIMouseClient@libui@UModSys@@HUIRefObject@core@3@U?$TRefObjectFunc@UIRefObject@core@UModSys@@@tl@3@@tl@UModSys@@H@tl@UModSys@@@23@@12@AEBUGen0@512@PEAPEAU312@2_N@Z 0000000180007150 f i umodsys_lib_libui:umodsys.mod.ui.SDL_core.obj
 0001:000062a0       ??$genx_node@UCmp@?$TScatterArray@U?$TRefObjectComposite@UIKeyboardClient@libui@UModSys@@UIRefObject@core@3@U?$TRefObjectFunc@UIRefObject@core@UModSys@@@tl@3@@tl@UModSys@@HU?$TScalarCompare@H@core@3@U?$TNodeDeleter0@U?$TScatterArrayNode@U?$TRefObjectComposite@UIKeyboardClient@libui@UModSys@@UIRefObject@core@3@U?$TRefObjectFunc@UIRefObject@core@UModSys@@@tl@3@@tl@UModSys@@H@tl@UModSys@@@23@@tl@UModSys@@UGen0@234@@?$TTreeHoldRBD@U?$TScatterArrayNode@U?$TRefObjectComposite@UIKeyboardClient@libui@UModSys@@UIRefObject@core@3@U?$TRefObjectFunc@UIRefObject@core@UModSys@@@tl@3@@tl@UModSys@@H@tl@UModSys@@U?$TNodeDeleter0@U?$TScatterArrayNode@U?$TRefObjectComposite@UIKeyboardClient@libui@UModSys@@UIRefObject@core@3@U?$TRefObjectFunc@UIRefObject@core@UModSys@@@tl@3@@tl@UModSys@@H@tl@UModSys@@@23@@tl@UModSys@@QEAAPEAU?$TScatterArrayNode@U?$TRefObjectComposite@UIKeyboardClient@libui@UModSys@@UIRefObject@core@3@U?$TRefObjectFunc@UIRefObject@core@UModSys@@@tl@3@@tl@UModSys@@H@12@UCmp@?$TScatterArray@U?$TRefObjectComposite@UIKeyboardClient@libui@UModSys@@UIRefObject@core@3@U?$TRefObjectFunc@UIRefObject@core@UModSys@@@tl@3@@tl@UModSys@@HU?$TScalarCompare@H@core@3@U?$TNodeDeleter0@U?$TScatterArrayNode@U?$TRefObjectComposite@UIKeyboardClient@libui@UModSys@@UIRefObject@core@3@U?$TRefObjectFunc@UIRefObject@core@UModSys@@@tl@3@@tl@UModSys@@H@tl@UModSys@@@23@@12@AEBUGen0@512@PEAPEAU312@2_N@Z 00000001800072a0 f i umodsys_lib_libui:umodsys.mod.ui.SDL_core.obj
 0001:000063e0       ??$process_nodes@U?$TNodeDeleter0@U?$TScatterArrayNode@U?$TRefObjectComposite@UIKeyboardClient@libui@UModSys@@UIRefObject@core@3@U?$TRefObjectFunc@UIRefObject@core@UModSys@@@tl@3@@tl@UModSys@@H@tl@UModSys@@@tl@UModSys@@@?$TTreeHoldRB@U?$TScatterArrayNode@U?$TRefObjectComposite@UIKeyboardClient@libui@UModSys@@UIRefObject@core@3@U?$TRefObjectFunc@UIRefObject@core@UModSys@@@tl@3@@tl@UModSys@@H@tl@UModSys@@@tl@UModSys@@QEAAHAEBU?$TNodeDeleter0@U?$TScatterArrayNode@U?$TRefObjectComposite@UIKeyboardClient@libui@UModSys@@UIRefObject@core@3@U?$TRefObjectFunc@UIRefObject@core@UModSys@@@tl@3@@tl@UModSys@@H@tl@UModSys@@@12@@Z 00000001800073e0 f i umodsys_lib_libui:umodsys.mod.ui.SDL_core.obj
 0001:000063e0       ??$process_nodes@U?$TNodeDeleter0@U?$TScatterArrayNode@U?$TRefObjectCompositeExtra@UIMouseClient@libui@UModSys@@HUIRefObject@core@3@U?$TRefObjectFunc@UIRefObject@core@UModSys@@@tl@3@@tl@UModSys@@H@tl@UModSys@@@tl@UModSys@@@?$TTreeHoldRB@U?$TScatterArrayNode@U?$TRefObjectCompositeExtra@UIMouseClient@libui@UModSys@@HUIRefObject@core@3@U?$TRefObjectFunc@UIRefObject@core@UModSys@@@tl@3@@tl@UModSys@@H@tl@UModSys@@@tl@UModSys@@QEAAHAEBU?$TNodeDeleter0@U?$TScatterArrayNode@U?$TRefObjectCompositeExtra@UIMouseClient@libui@UModSys@@HUIRefObject@core@3@U?$TRefObjectFunc@UIRefObject@core@UModSys@@@tl@3@@tl@UModSys@@H@tl@UModSys@@@12@@Z 00000001800073e0 f i umodsys_lib_libui:umodsys.mod.ui.SDL_core.obj
 0001:00006460       ?attach@?$TRefObject@URRenderDriver2D@SDL_core@ui@modules@UModSys@@U?$TRefObjectWeakFunc@URRenderDriver2D@SDL_core@ui@modules@UModSys@@@tl@5@@tl@UModSys@@QEAAXPEAURRenderDriver2D@SDL_core@ui@modules@3@@Z 0000000180007460 f i umodsys_lib_libui:umodsys.mod.ui.SDL_core.obj
 0001:000064f0       ?insert_color@?$TTreeHoldRB@U?$TScatterArrayNode@U?$TVector4@M@math3d@UModSys@@H@tl@UModSys@@@tl@UModSys@@IEAAXPEAU?$TScatterArrayNode@U?$TVector4@M@math3d@UModSys@@H@23@@Z 00000001800074f0 f i umodsys_lib_libui:umodsys.mod.ui.frames.obj
 0001:000064f0       ?insert_color@?$TTreeHoldRB@U?$TScatterArrayNode@U?$TVector2@M@math3d@UModSys@@H@tl@UModSys@@@tl@UModSys@@IEAAXPEAU?$TScatterArrayNode@U?$TVector2@M@math3d@UModSys@@H@23@@Z 00000001800074f0 f i umodsys_lib_libui:umodsys.mod.ui.frames.obj
 0001:000064f0       ?insert_color@?$TTreeHoldRB@U?$TScatterArrayNode@U?$TRefObjectComposite@UIKeyboardClient@libui@UModSys@@UIRefObject@core@3@U?$TRefObjectFunc@UIRefObject@core@UModSys@@@tl@3@@tl@UModSys@@H@tl@UModSys@@@tl@UModSys@@IEAAXPEAU?$TScatterArrayNode@U?$TRefObjectComposite@UIKeyboardClient@libui@UModSys@@UIRefObject@core@3@U?$TRefObjectFunc@UIRefObject@core@UModSys@@@tl@3@@tl@UModSys@@H@23@@Z 00000001800074f0 f i umodsys_lib_libui:umodsys.mod.ui.SDL_core.obj
 0001:000064f0       ?insert_color@?$TTreeHoldRB@U?$TScatterArrayNode@HH@tl@UModSys@@@tl@UModSys@@IEAAXPEAU?$TScatterArrayNode@HH@23@@Z 00000001800074f0 f i umodsys_lib_libui:umodsys.mod.ui.frames.obj
 0001:000064f0       ?insert_color@?$TTreeHoldRB@U?$TScatterArrayNode@U?$TRefObject@URRenderDriver2D@SDL_core@ui@modules@UModSys@@U?$TRefObjectWeakFunc@URRenderDriver2D@SDL_core@ui@modules@UModSys@@@tl@5@@tl@UModSys@@H@tl@UModSys@@@tl@UModSys@@IEAAXPEAU?$TScatterArrayNode@U?$TRefObject@URRenderDriver2D@SDL_core@ui@modules@UModSys@@U?$TRefObjectWeakFunc@URRenderDriver2D@SDL_core@ui@modules@UModSys@@@tl@5@@tl@UModSys@@H@23@@Z 00000001800074f0 f i umodsys_lib_libui:umodsys.mod.ui.SDL_core.obj
 0001:000064f0       ?insert_color@?$TTreeHoldRB@U?$TScatterArrayNode@U?$TRefObjectCompositeExtra@UIMouseClient@libui@UModSys@@HUIRefObject@core@3@U?$TRefObjectFunc@UIRefObject@core@UModSys@@@tl@3@@tl@UModSys@@H@tl@UModSys@@@tl@UModSys@@IEAAXPEAU?$TScatterArrayNode@U?$TRefObjectCompositeExtra@UIMouseClient@libui@UModSys@@HUIRefObject@core@3@U?$TRefObjectFunc@UIRefObject@core@UModSys@@@tl@3@@tl@UModSys@@H@23@@Z 00000001800074f0 f i umodsys_lib_libui:umodsys.mod.ui.SDL_core.obj
 0001:000064f0       ?insert_color@?$TTreeHoldRB@U?$TScatterArrayNode@UGlyph@RMultiImage2D_SDL_ttf@SDL_core@ui@modules@UModSys@@H@tl@UModSys@@@tl@UModSys@@IEAAXPEAU?$TScatterArrayNode@UGlyph@RMultiImage2D_SDL_ttf@SDL_core@ui@modules@UModSys@@H@23@@Z 00000001800074f0 f i umodsys_lib_libui:umodsys.mod.ui.SDL_core.obj
 0001:000066a0       ??$process_nodes_r@U?$TNodeDeleter0@U?$TScatterArrayNode@UGlyph@RMultiImage2D_SDL_ttf@SDL_core@ui@modules@UModSys@@H@tl@UModSys@@@tl@UModSys@@@?$TTreeHoldRB@U?$TScatterArrayNode@UGlyph@RMultiImage2D_SDL_ttf@SDL_core@ui@modules@UModSys@@H@tl@UModSys@@@tl@UModSys@@KAHPEAU?$TScatterArrayNode@UGlyph@RMultiImage2D_SDL_ttf@SDL_core@ui@modules@UModSys@@H@12@AEBU?$TNodeDeleter0@U?$TScatterArrayNode@UGlyph@RMultiImage2D_SDL_ttf@SDL_core@ui@modules@UModSys@@H@tl@UModSys@@@12@@Z 00000001800076a0 f i umodsys_lib_libui:umodsys.mod.ui.SDL_core.obj
 0001:00006720       ??$process_nodes_r@U?$TNodeDeleter0@U?$TScatterArrayNode@U?$TRefObjectComposite@UIKeyboardClient@libui@UModSys@@UIRefObject@core@3@U?$TRefObjectFunc@UIRefObject@core@UModSys@@@tl@3@@tl@UModSys@@H@tl@UModSys@@@tl@UModSys@@@?$TTreeHoldRB@U?$TScatterArrayNode@U?$TRefObjectComposite@UIKeyboardClient@libui@UModSys@@UIRefObject@core@3@U?$TRefObjectFunc@UIRefObject@core@UModSys@@@tl@3@@tl@UModSys@@H@tl@UModSys@@@tl@UModSys@@KAHPEAU?$TScatterArrayNode@U?$TRefObjectComposite@UIKeyboardClient@libui@UModSys@@UIRefObject@core@3@U?$TRefObjectFunc@UIRefObject@core@UModSys@@@tl@3@@tl@UModSys@@H@12@AEBU?$TNodeDeleter0@U?$TScatterArrayNode@U?$TRefObjectComposite@UIKeyboardClient@libui@UModSys@@UIRefObject@core@3@U?$TRefObjectFunc@UIRefObject@core@UModSys@@@tl@3@@tl@UModSys@@H@tl@UModSys@@@12@@Z 0000000180007720 f i umodsys_lib_libui:umodsys.mod.ui.SDL_core.obj
 0001:00006720       ??$process_nodes_r@U?$TNodeDeleter0@U?$TScatterArrayNode@U?$TRefObjectCompositeExtra@UIMouseClient@libui@UModSys@@HUIRefObject@core@3@U?$TRefObjectFunc@UIRefObject@core@UModSys@@@tl@3@@tl@UModSys@@H@tl@UModSys@@@tl@UModSys@@@?$TTreeHoldRB@U?$TScatterArrayNode@U?$TRefObjectCompositeExtra@UIMouseClient@libui@UModSys@@HUIRefObject@core@3@U?$TRefObjectFunc@UIRefObject@core@UModSys@@@tl@3@@tl@UModSys@@H@tl@UModSys@@@tl@UModSys@@KAHPEAU?$TScatterArrayNode@U?$TRefObjectCompositeExtra@UIMouseClient@libui@UModSys@@HUIRefObject@core@3@U?$TRefObjectFunc@UIRefObject@core@UModSys@@@tl@3@@tl@UModSys@@H@12@AEBU?$TNodeDeleter0@U?$TScatterArrayNode@U?$TRefObjectCompositeExtra@UIMouseClient@libui@UModSys@@HUIRefObject@core@3@U?$TRefObjectFunc@UIRefObject@core@UModSys@@@tl@3@@tl@UModSys@@H@tl@UModSys@@@12@@Z 0000000180007720 f i umodsys_lib_libui:umodsys.mod.ui.SDL_core.obj
 0001:00006790       ??$process_nodes_r@U?$TNodeDeleter0@U?$TScatterArrayNode@U?$TRefObject@URRenderDriver2D@SDL_core@ui@modules@UModSys@@U?$TRefObjectWeakFunc@URRenderDriver2D@SDL_core@ui@modules@UModSys@@@tl@5@@tl@UModSys@@H@tl@UModSys@@@tl@UModSys@@@?$TTreeHoldRB@U?$TScatterArrayNode@U?$TRefObject@URRenderDriver2D@SDL_core@ui@modules@UModSys@@U?$TRefObjectWeakFunc@URRenderDriver2D@SDL_core@ui@modules@UModSys@@@tl@5@@tl@UModSys@@H@tl@UModSys@@@tl@UModSys@@KAHPEAU?$TScatterArrayNode@U?$TRefObject@URRenderDriver2D@SDL_core@ui@modules@UModSys@@U?$TRefObjectWeakFunc@URRenderDriver2D@SDL_core@ui@modules@UModSys@@@tl@5@@tl@UModSys@@H@12@AEBU?$TNodeDeleter0@U?$TScatterArrayNode@U?$TRefObject@URRenderDriver2D@SDL_core@ui@modules@UModSys@@U?$TRefObjectWeakFunc@URRenderDriver2D@SDL_core@ui@modules@UModSys@@@tl@5@@tl@UModSys@@H@tl@UModSys@@@12@@Z 0000000180007790 f i umodsys_lib_libui:umodsys.mod.ui.SDL_core.obj
 0001:00006830       ??$genx_node@UCmp@?$TScatterArray@U?$TRefObject@URRenderDriver2D@SDL_core@ui@modules@UModSys@@U?$TRefObjectWeakFunc@URRenderDriver2D@SDL_core@ui@modules@UModSys@@@tl@5@@tl@UModSys@@HU?$TScalarCompare@H@core@3@U?$TNodeDeleter0@U?$TScatterArrayNode@U?$TRefObject@URRenderDriver2D@SDL_core@ui@modules@UModSys@@U?$TRefObjectWeakFunc@URRenderDriver2D@SDL_core@ui@modules@UModSys@@@tl@5@@tl@UModSys@@H@tl@UModSys@@@23@@tl@UModSys@@UGen0@234@@?$TTreeHoldRBD@U?$TScatterArrayNode@U?$TRefObject@URRenderDriver2D@SDL_core@ui@modules@UModSys@@U?$TRefObjectWeakFunc@URRenderDriver2D@SDL_core@ui@modules@UModSys@@@tl@5@@tl@UModSys@@H@tl@UModSys@@U?$TNodeDeleter0@U?$TScatterArrayNode@U?$TRefObject@URRenderDriver2D@SDL_core@ui@modules@UModSys@@U?$TRefObjectWeakFunc@URRenderDriver2D@SDL_core@ui@modules@UModSys@@@tl@5@@tl@UModSys@@H@tl@UModSys@@@23@@tl@UModSys@@QEAAPEAU?$TScatterArrayNode@U?$TRefObject@URRenderDriver2D@SDL_core@ui@modules@UModSys@@U?$TRefObjectWeakFunc@URRenderDriver2D@SDL_core@ui@modules@UModSys@@@tl@5@@tl@UModSys@@H@12@UCmp@?$TScatterArray@U?$TRefObject@URRenderDriver2D@SDL_core@ui@modules@UModSys@@U?$TRefObjectWeakFunc@URRenderDriver2D@SDL_core@ui@modules@UModSys@@@tl@5@@tl@UModSys@@HU?$TScalarCompare@H@core@3@U?$TNodeDeleter0@U?$TScatterArrayNode@U?$TRefObject@URRenderDriver2D@SDL_core@ui@modules@UModSys@@U?$TRefObjectWeakFunc@URRenderDriver2D@SDL_core@ui@modules@UModSys@@@tl@5@@tl@UModSys@@H@tl@UModSys@@@23@@12@AEBUGen0@512@PEAPEAU312@2_N@Z 0000000180007830 f i umodsys_lib_libui:umodsys.mod.ui.SDL_core.obj
 0001:00006970       ??1?$TRefObject@URMultiImage2D_SDL_ttf@SDL_core@ui@modules@UModSys@@U?$TRefObjectWeakFunc@URMultiImage2D_SDL_ttf@SDL_core@ui@modules@UModSys@@@tl@5@@tl@UModSys@@QEAA@XZ 0000000180007970 f i umodsys_lib_libui:umodsys.mod.ui.SDL_core.obj
 0001:00006970       ??1?$TRefObject@URRenderDriver2D@SDL_core@ui@modules@UModSys@@U?$TRefObjectWeakFunc@URRenderDriver2D@SDL_core@ui@modules@UModSys@@@tl@5@@tl@UModSys@@QEAA@XZ 0000000180007970 f i umodsys_lib_libui:umodsys.mod.ui.SDL_core.obj
 0001:000069b0       ?ss@SFrameDataOut@libui@UModSys@@QEBAXAEBU?$TString@U?$TSCoreShared@USIMemAlloc@core@UModSys@@D@su@tl@UModSys@@U?$TComparerBinaryHash@D@234@@tl@3@@Z 00000001800079b0 f i umodsys_lib_libui:umodsys.mod.ui.frames.obj
 0001:00006a20       ??1SController@libui@UModSys@@QEAA@XZ 0000000180007a20 f i umodsys_lib_libui:umodsys.mod.ui.frames.obj
 0001:00006a70       ?db_get_i@SController@libui@UModSys@@QEAAHQEBD@Z 0000000180007a70 f i umodsys_lib_libui:umodsys.mod.ui.frames.obj
 0001:00006b20       ?update_size@libui@UModSys@@YA_NAEAU?$TBoundBox2@H@math3d@2@AEBUSFrameSize@12@AEBU342@@Z 0000000180007b20 f i umodsys_lib_libui:umodsys.mod.ui.frames.obj
 0001:00006c60       ?command@SController@libui@UModSys@@QEAA_NHAEBUSFrameDataIn@23@@Z 0000000180007c60 f i umodsys_lib_libui:umodsys.mod.ui.frames.obj
 0001:00006cf0       ?get_property@ICollectorThemeTemplate@libui@UModSys@@UEBA_NHHAEAU?$TVector4@M@math3d@3@@Z 0000000180007cf0 f i umodsys_lib_libui:umodsys.mod.ui.frames.obj
 0001:00006d10       ?get_property@ICollectorThemeTemplate@libui@UModSys@@UEBA_NHHAEAU?$TVector4@H@math3d@3@@Z 0000000180007d10 f i umodsys_lib_libui:umodsys.mod.ui.frames.obj
 0001:00006d30       ?get_property@ICollectorThemeTemplate@libui@UModSys@@UEBA_NHHAEAU?$TVector2@M@math3d@3@@Z 0000000180007d30 f i umodsys_lib_libui:umodsys.mod.ui.frames.obj
 0001:00006d50       ?get_property@ICollectorThemeTemplate@libui@UModSys@@UEBA_NHHAEAU?$TVector2@H@math3d@3@@Z 0000000180007d50 f i umodsys_lib_libui:umodsys.mod.ui.frames.obj
 0001:00006d70       ?get_property@ICollectorThemeTemplate@libui@UModSys@@UEBA_NHHAEAH@Z 0000000180007d70 f i umodsys_lib_libui:umodsys.mod.ui.frames.obj
 0001:00006d90       ?set_property@ICollectorThemeTemplate@libui@UModSys@@UEAA_NHHAEBU?$TVector4@M@math3d@3@@Z 0000000180007d90 f i umodsys_lib_libui:umodsys.mod.ui.frames.obj
 0001:00006e00       ?set_property@ICollectorThemeTemplate@libui@UModSys@@UEAA_NHHAEBU?$TVector4@H@math3d@3@@Z 0000000180007e00 f i umodsys_lib_libui:umodsys.mod.ui.frames.obj
 0001:00006e20       ?set_property@ICollectorThemeTemplate@libui@UModSys@@UEAA_NHHAEBU?$TVector2@M@math3d@3@@Z 0000000180007e20 f i umodsys_lib_libui:umodsys.mod.ui.frames.obj
 0001:00006e80       ?set_property@ICollectorThemeTemplate@libui@UModSys@@UEAA_NHHAEBU?$TVector2@H@math3d@3@@Z 0000000180007e80 f i umodsys_lib_libui:umodsys.mod.ui.frames.obj
 0001:00006f00       ?set_property@ICollectorThemeTemplate@libui@UModSys@@UEAA_NHHH@Z 0000000180007f00 f i umodsys_lib_libui:umodsys.mod.ui.frames.obj
 0001:00006f60       ??1ICollectorThemeTemplate@libui@UModSys@@QEAA@XZ 0000000180007f60 f i umodsys_lib_libui:umodsys.mod.ui.frames.obj
 0001:00006fd0       ?set_controller@RFrame_Common@frames@ui@modules@UModSys@@UEAA_NHPEAUIController@libui@5@PEAUIRefObject@core@5@@Z 0000000180007fd0 f i umodsys_lib_libui:umodsys.mod.ui.frames.obj
 0001:00007050       ?get_controller@RFrame_Common@frames@ui@modules@UModSys@@UEAAPEAUIController@libui@5@XZ 0000000180008050 f i umodsys_lib_libui:umodsys.mod.ui.frames.obj
 0001:00007060       ?get_controller_context@RFrame_Common@frames@ui@modules@UModSys@@UEAAHXZ 0000000180008060 f i umodsys_lib_libui:umodsys.mod.ui.frames.obj
 0001:00007070       ?draw_pre@RFrame_Common@frames@ui@modules@UModSys@@MEAA_NAEBUSDrawState@2345@@Z 0000000180008070 f i umodsys_lib_libui:umodsys.mod.ui.frames.obj
 0001:00007070       ?button_draw@RFrame_Common@frames@ui@modules@UModSys@@MEAA_NPEAUSButton@2345@AEBUSDrawState@2345@H@Z 0000000180008070 f i umodsys_lib_libui:umodsys.mod.ui.frames.obj
 0001:00007070       ?button_cmd@RFrame_Common@frames@ui@modules@UModSys@@MEAA_NPEAUSButton@2345@HH@Z 0000000180008070 f i umodsys_lib_libui:umodsys.mod.ui.frames.obj
 0001:00007070       ?draw_post@RFrame_Common@frames@ui@modules@UModSys@@MEAA_NAEBUSDrawState@2345@@Z 0000000180008070 f i umodsys_lib_libui:umodsys.mod.ui.frames.obj
 0001:00007070       ?controller_update@RFrame_Common@frames@ui@modules@UModSys@@UEAA_NXZ 0000000180008070 f i umodsys_lib_libui:umodsys.mod.ui.frames.obj
 0001:00007080       ?get_box@RFrame_Common@frames@ui@modules@UModSys@@UEAAAEBU?$TBoundBox2@H@math3d@5@XZ 0000000180008080 f i umodsys_lib_libui:umodsys.mod.ui.frames.obj
 0001:00007080       ?get_theme@RCollector@frames@ui@modules@UModSys@@UEAAPEAUICollectorTheme@libui@5@XZ 0000000180008080 f i umodsys_lib_libui:umodsys.mod.ui.frames.obj
 0001:00007090       ?get_framesize@RFrame_Common@frames@ui@modules@UModSys@@UEAAAEBUSFrameSize@libui@5@XZ 0000000180008090 f i umodsys_lib_libui:umodsys.mod.ui.frames.obj
 0001:000070a0       ?set_framesize@RFrame_Common@frames@ui@modules@UModSys@@UEAA_NAEBUSFrameSize@libui@5@@Z 00000001800080a0 f i umodsys_lib_libui:umodsys.mod.ui.frames.obj
 0001:000070d0       ?get_insize@RFrame_Common@frames@ui@modules@UModSys@@UEAA?AU?$TVector2@H@math3d@5@XZ 00000001800080d0 f i umodsys_lib_libui:umodsys.mod.ui.frames.obj
 0001:000070f0       ?mouse_setposition@RMouseController@SDL_core@ui@modules@UModSys@@UEAA_NHH@Z 00000001800080f0 f i umodsys_lib_libui:umodsys.mod.ui.SDL_core.obj
 0001:000070f0       ?key_setrepeat@RKeyboardController@SDL_core@ui@modules@UModSys@@UEAA_NMM@Z 00000001800080f0 f i umodsys_lib_libui:umodsys.mod.ui.SDL_core.obj
 0001:000070f0       ?get_cell_size@RMultiImage2D_SDL_ttf@SDL_core@ui@modules@UModSys@@UEAA_NHAEAU?$TVector2@H@math3d@5@PEAU675@@Z 00000001800080f0 f i umodsys_lib_libui:umodsys.mod.ui.SDL_core.obj
 0001:000070f0       ?key_reset@RKeyboardController@SDL_core@ui@modules@UModSys@@UEAA_NXZ 00000001800080f0 f i umodsys_lib_libui:umodsys.mod.ui.SDL_core.obj
 0001:000070f0       ?get_max_cell_size@RMultiImage2D_SDL_ttf@SDL_core@ui@modules@UModSys@@UEAA_NAEAU?$TVector2@H@math3d@5@@Z 00000001800080f0 f i umodsys_lib_libui:umodsys.mod.ui.SDL_core.obj
 0001:000070f0       ?set_var_cell@RMultiImage2D_SDL_ttf@SDL_core@ui@modules@UModSys@@UEAA_NPEBUSImageCellInfo@lib2d@5@HH@Z 00000001800080f0 f i umodsys_lib_libui:umodsys.mod.ui.SDL_core.obj
 0001:000070f0       ?key_event@RFrame_Common@frames@ui@modules@UModSys@@MEAA_NAEBUSKeyboardInputText@libui@5@@Z 00000001800080f0 f i umodsys_lib_libui:umodsys.mod.ui.frames.obj
 0001:000070f0       ?key_setmodifier@RKeyboardController@SDL_core@ui@modules@UModSys@@UEAA_NHHH@Z 00000001800080f0 f i umodsys_lib_libui:umodsys.mod.ui.SDL_core.obj
 0001:000070f0       ?key_event@RFrame_Common@frames@ui@modules@UModSys@@MEAA_NAEBUSKeyboardInputRaw@libui@5@@Z 00000001800080f0 f i umodsys_lib_libui:umodsys.mod.ui.frames.obj
 0001:000070f0       ?set_parameters@RRenderDriver2D@SDL_core@ui@modules@UModSys@@UEAA_NPEBDAEBUSParameters@core@5@@Z 00000001800080f0 f i umodsys_lib_libui:umodsys.mod.ui.SDL_core.obj
 0001:000070f0       ?set_hint@RMultiImage2D_SDL_ttf@SDL_core@ui@modules@UModSys@@UEAA_NPEBD0@Z 00000001800080f0 f i umodsys_lib_libui:umodsys.mod.ui.SDL_core.obj
 0001:000070f0       ?mouse_setvisible@RMouseController@SDL_core@ui@modules@UModSys@@UEAA_N_N@Z 00000001800080f0 f i umodsys_lib_libui:umodsys.mod.ui.SDL_core.obj
 0001:000070f0       ?mouse_reset@RMouseController@SDL_core@ui@modules@UModSys@@UEAA_NXZ 00000001800080f0 f i umodsys_lib_libui:umodsys.mod.ui.SDL_core.obj
 0001:000070f0       ?set_fixed_cell@RMultiImage2D_SDL_ttf@SDL_core@ui@modules@UModSys@@UEAA_NHH@Z 00000001800080f0 f i umodsys_lib_libui:umodsys.mod.ui.SDL_core.obj
 0001:000070f0       ?set_layer_count@RMultiImage2D_SDL_ttf@SDL_core@ui@modules@UModSys@@UEAA_NH@Z 00000001800080f0 f i umodsys_lib_libui:umodsys.mod.ui.SDL_core.obj
 0001:000070f0       ?set_insize@RFrame_Common@frames@ui@modules@UModSys@@UEAA_NAEBU?$TVector2@H@math3d@5@@Z 00000001800080f0 f i umodsys_lib_libui:umodsys.mod.ui.frames.obj
 0001:000070f0       ?mouse_event@RFrame_Common@frames@ui@modules@UModSys@@MEAA_NPEBUSMouseInput@libui@5@@Z 00000001800080f0 f i umodsys_lib_libui:umodsys.mod.ui.frames.obj
 0001:00007100       ?get_theme@RFrame_Common@frames@ui@modules@UModSys@@UEAAPEAUICollectorTheme@libui@5@XZ 0000000180008100 f i umodsys_lib_libui:umodsys.mod.ui.frames.obj
 0001:00007110       ??_ERFrame_Common@frames@ui@modules@UModSys@@UEAAPEAXI@Z 0000000180008110 f i  CIL library: CIL module
 0001:00007110       ??_GRFrame_Common@frames@ui@modules@UModSys@@UEAAPEAXI@Z 0000000180008110 f i umodsys_lib_libui:umodsys.mod.ui.frames.obj
 0001:00007140       ?root_get_interface_info@RDialog@frames@ui@modules@UModSys@@UEBAAEBUSUniquePointerInfo@core@5@XZ 0000000180008140 f i umodsys_lib_libui:umodsys.mod.ui.frames.obj
 0001:00007150       ?root_get_interface_type@RDialog@frames@ui@modules@UModSys@@UEBAPEBUSUniquePointerInfo@core@5@XZ 0000000180008150 f i umodsys_lib_libui:umodsys.mod.ui.frames.obj
 0001:00007160       ?root_get_other_interface@RDialog@frames@ui@modules@UModSys@@UEBAPEBUIRoot@core@5@PEBUSUniquePointerInfo@75@@Z 0000000180008160 f i umodsys_lib_libui:umodsys.mod.ui.frames.obj
 0001:00007160       ?root_get_other_interface@RDialog@frames@ui@modules@UModSys@@UEAAPEAUIRoot@core@5@PEBUSUniquePointerInfo@75@@Z 0000000180008160 f i umodsys_lib_libui:umodsys.mod.ui.frames.obj
 0001:00007190       ?root_is_interface_supported@RDialog@frames@ui@modules@UModSys@@UEBA_NPEBUSUniquePointerInfo@core@5@@Z 0000000180008190 f i umodsys_lib_libui:umodsys.mod.ui.frames.obj
[...]
 0001:00016560       ??__E?s_id@?$TObjectUniqueID@URRenderDriver2D@SDL_core@ui@modules@UModSys@@@tl@UModSys@@2USUniquePointer@core@3@A@@YAXXZ 0000000180017560 f    CIL library: CIL module
 0001:000165a0       ??__E?s_id@?$TObjectUniqueID@URMouseController@SDL_core@ui@modules@UModSys@@@tl@UModSys@@2USUniquePointer@core@3@A@@YAXXZ 00000001800175a0 f    CIL library: CIL module
 0001:000165e0       ??__E?s_id@?$TObjectUniqueID@URKeyboardController@SDL_core@ui@modules@UModSys@@@tl@UModSys@@2USUniquePointer@core@3@A@@YAXXZ 00000001800175e0 f    CIL library: CIL module
 0001:00016620       ??__E?s_id@?$TObjectUniqueID@URTerminal@SDL_core@ui@modules@UModSys@@@tl@UModSys@@2USUniquePointer@core@3@A@@YAXXZ 0000000180017620 f    CIL library: CIL module
 0001:00016660       ??__E?s_id@?$TObjectUniqueID@URGenerator@SDL_core@ui@modules@UModSys@@@tl@UModSys@@2USUniquePointer@core@3@A@@YAXXZ 0000000180017660 f    CIL library: CIL module
 0001:000166a0       ??__E?s_modreg@RModuleReg@frames@ui@modules@UModSys@@2U12345@A@@YAXXZ 00000001800176a0 f    CIL library: CIL module
 0001:000166f0       ??__E?s_modreg_chain@RModuleReg@frames@ui@modules@UModSys@@2USModuleRegChain@base@5@A@@YAXXZ 00000001800176f0 f    CIL library: CIL module
 0001:00016720       ??__E?s_uid@RGenerator@frames@ui@modules@UModSys@@2USUniquePointer@core@5@A@@YAXXZ 0000000180017720 f    CIL library: CIL module
 0001:00016760       ??__E?s_id@?$TObjectUniqueID@URFrame_Common@frames@ui@modules@UModSys@@@tl@UModSys@@2USUniquePointer@core@3@A@@YAXXZ 0000000180017760 f    CIL library: CIL module
 0001:000167a0       ??__E?s_id@?$TObjectUniqueID@URDialog@frames@ui@modules@UModSys@@@tl@UModSys@@2USUniquePointer@core@3@A@@YAXXZ 00000001800177a0 f    CIL library: CIL module
 0001:000167e0       ??__E?s_id@?$TObjectUniqueID@URFrame_Frame@frames@ui@modules@UModSys@@@tl@UModSys@@2USUniquePointer@core@3@A@@YAXXZ 00000001800177e0 f    CIL library: CIL module
 0001:00016820       ??__E?s_id@?$TObjectUniqueID@URFrame_Image@frames@ui@modules@UModSys@@@tl@UModSys@@2USUniquePointer@core@3@A@@YAXXZ 0000000180017820 f    CIL library: CIL module
 0001:00016860       ??__E?s_id@?$TObjectUniqueID@URFrame_Text@frames@ui@modules@UModSys@@@tl@UModSys@@2USUniquePointer@core@3@A@@YAXXZ 0000000180017860 f    CIL library: CIL module
 0001:000168a0       ??__E?s_id@?$TObjectUniqueID@URFrame_Button@frames@ui@modules@UModSys@@@tl@UModSys@@2USUniquePointer@core@3@A@@YAXXZ 00000001800178a0 f    CIL library: CIL module
 0001:000168e0       ??__E?s_id@?$TObjectUniqueID@URFrame_Edit@frames@ui@modules@UModSys@@@tl@UModSys@@2USUniquePointer@core@3@A@@YAXXZ 00000001800178e0 f    CIL library: CIL module
 0001:00016920       ??__E?s_id@?$TObjectUniqueID@URFrame_List@frames@ui@modules@UModSys@@@tl@UModSys@@2USUniquePointer@core@3@A@@YAXXZ 0000000180017920 f    CIL library: CIL module
 0001:00016960       ??__E?s_id@?$TObjectUniqueID@URCollector@frames@ui@modules@UModSys@@@tl@UModSys@@2USUniquePointer@core@3@A@@YAXXZ 0000000180017960 f    CIL library: CIL module
 0001:000169a0       ??__E?s_id@?$TObjectUniqueID@URGenerator@frames@ui@modules@UModSys@@@tl@UModSys@@2USUniquePointer@core@3@A@@YAXXZ 00000001800179a0 f    CIL library: CIL module
 0001:000169e0       ??__E?s_modreg@RModuleReg@images_std@media@modules@UModSys@@2U12345@A@@YAXXZ 00000001800179e0 f    CIL library: CIL module
 0001:00016a30       ??__E?s_modreg_chain@RModuleReg@images_std@media@modules@UModSys@@2USModuleRegChain@base@5@A@@YAXXZ 0000000180017a30 f    CIL library: CIL module
 0001:00016a60       ??__E?s_uid@RGenerator@images_std@media@modules@UModSys@@2USUniquePointer@core@5@A@@YAXXZ 0000000180017a60 f    CIL library: CIL module
 0001:00016aa0       ??__E?s_id@?$TObjectUniqueID@URMediaFilter@images_std@media@modules@UModSys@@@tl@UModSys@@2USUniquePointer@core@3@A@@YAXXZ 0000000180017aa0 f    CIL library: CIL module
 0001:00016ae0       ??__E?s_id@?$TObjectUniqueID@URGenerator@images_std@media@modules@UModSys@@@tl@UModSys@@2USUniquePointer@core@3@A@@YAXXZ 0000000180017ae0 f    CIL library: CIL module
 0001:00016b20       ??__EM@UModSys@@YAXXZ      0000000180017b20 f    CIL library: CIL module
 0001:00016b40       ??__E?root@SModuleRegChain@base@UModSys@@2U123@A@@YAXXZ 0000000180017b40 f    CIL library: CIL module
 0001:00016b70       ??__E?s_library@RModuleLibraryReg_Chain@base@UModSys@@2U123@A@@YAXXZ 0000000180017b70 f    CIL library: CIL module
 0001:00016b90       ??__E?root@SUniquePointer@core@UModSys@@2U123@A@@YAXXZ 0000000180017b90 f    CIL library: CIL module
 0001:00016bc0       ??__F?s_modreg@RModuleReg@test1@test@modules@UModSys@@2U12345@A@@YAXXZ 0000000180017bc0 f    CIL library: CIL module
 0001:00016be0       ??__F?s_modreg_chain@RModuleReg@test1@test@modules@UModSys@@2USModuleRegChain@base@5@A@@YAXXZ 0000000180017be0 f    CIL library: CIL module
 0001:00016bf0       ??__F?s_uid@RGenerator@test1@test@modules@UModSys@@2USUniquePointer@core@5@A@@YAXXZ 0000000180017bf0 f    CIL library: CIL module
 0001:00016c00       ??__Fh@?1??s_holder@RGenerator@test1@test@modules@UModSys@@SAAEAU?$TTypeStaticHolder@URGenerator@test1@test@modules@UModSys@@@tl@5@XZ@YAXXZ 0000000180017c00 f    CIL library: CIL module
 0001:00016c30       ??__F?s_id@?$TObjectUniqueID@URGenerator@test1@test@modules@UModSys@@@tl@UModSys@@2USUniquePointer@core@3@A@@YAXXZ 0000000180017c30 f    CIL library: CIL module
 0001:00016c40       ??__F?s_id@?$TObjectUniqueID@URTest1_Shell@test1@test@modules@UModSys@@@tl@UModSys@@2USUniquePointer@core@3@A@@YAXXZ 0000000180017c40 f    CIL library: CIL module
 0001:00016c50       ??__F?s_id@?$TObjectUniqueID@URLines_Filter@test1@test@modules@UModSys@@@tl@UModSys@@2USUniquePointer@core@3@A@@YAXXZ 0000000180017c50 f    CIL library: CIL module
 0001:00016c60       ??__F?s_id@?$TObjectUniqueID@URLines@test1@test@modules@UModSys@@@tl@UModSys@@2USUniquePointer@core@3@A@@YAXXZ 0000000180017c60 f    CIL library: CIL module
 0001:00016c70       ??__F?s_id@?$TObjectUniqueID@UILines@test1@test@modules@UModSys@@@tl@UModSys@@2USUniquePointer@core@3@A@@YAXXZ 0000000180017c70 f    CIL library: CIL module
 0001:00016c80       ??__F?s_id@?$TObjectUniqueID@UIRenderDriver@lib2d@UModSys@@@tl@UModSys@@2USUniquePointer@core@3@A@@YAXXZ 0000000180017c80 f    CIL library: CIL module
 0001:00016c90       ??__F?s_id@?$TObjectUniqueID@UIMultiImage@lib2d@UModSys@@@tl@UModSys@@2USUniquePointer@core@3@A@@YAXXZ 0000000180017c90 f    CIL library: CIL module
 0001:00016ca0       ??__F?s_id@?$TObjectUniqueID@UIImage@lib2d@UModSys@@@tl@UModSys@@2USUniquePointer@core@3@A@@YAXXZ 0000000180017ca0 f    CIL library: CIL module
 0001:00016cb0       ??__F?s_id@?$TObjectUniqueID@UIDialog@libui@UModSys@@@tl@UModSys@@2USUniquePointer@core@3@A@@YAXXZ 0000000180017cb0 f    CIL library: CIL module
 0001:00016cc0       ??__F?s_id@?$TObjectUniqueID@UIFrame@libui@UModSys@@@tl@UModSys@@2USUniquePointer@core@3@A@@YAXXZ 0000000180017cc0 f    CIL library: CIL module
 0001:00016cd0       ??__F?s_id@?$TObjectUniqueID@UIAsyncCollector@libui@UModSys@@@tl@UModSys@@2USUniquePointer@core@3@A@@YAXXZ 0000000180017cd0 f    CIL library: CIL module
 0001:00016ce0       ??__F?s_id@?$TObjectUniqueID@UIAsyncController@libui@UModSys@@@tl@UModSys@@2USUniquePointer@core@3@A@@YAXXZ 0000000180017ce0 f    CIL library: CIL module
 0001:00016cf0       ??__F?s_id@?$TObjectUniqueID@UICollector@libui@UModSys@@@tl@UModSys@@2USUniquePointer@core@3@A@@YAXXZ 0000000180017cf0 f    CIL library: CIL module
 0001:00016d00       ??__F?s_id@?$TObjectUniqueID@UIConsoleHelperInput_UIKey@libui@UModSys@@@tl@UModSys@@2USUniquePointer@core@3@A@@YAXXZ 0000000180017d00 f    CIL library: CIL module
 0001:00016d10       ??__F?s_id@?$TObjectUniqueID@UITerminal@libui@UModSys@@@tl@UModSys@@2USUniquePointer@core@3@A@@YAXXZ 0000000180017d10 f    CIL library: CIL module
 0001:00016d20       ??__F?s_id@?$TObjectUniqueID@UIJoystickController@libui@UModSys@@@tl@UModSys@@2USUniquePointer@core@3@A@@YAXXZ 0000000180017d20 f    CIL library: CIL module
 0001:00016d30       ??__F?s_id@?$TObjectUniqueID@UIMouseController@libui@UModSys@@@tl@UModSys@@2USUniquePointer@core@3@A@@YAXXZ 0000000180017d30 f    CIL library: CIL module
 0001:00016d40       ??__F?s_id@?$TObjectUniqueID@UIKeyboardController@libui@UModSys@@@tl@UModSys@@2USUniquePointer@core@3@A@@YAXXZ 0000000180017d40 f    CIL library: CIL module
 0001:00016d50       ??__F?s_id@?$TObjectUniqueID@UIConsoleHelperOutputFCS@base@UModSys@@@tl@UModSys@@2USUniquePointer@core@3@A@@YAXXZ 0000000180017d50 f    CIL library: CIL module
 0001:00016d60       ??__F?s_id@?$TObjectUniqueID@UIConsoleHelperOutput@base@UModSys@@@tl@UModSys@@2USUniquePointer@core@3@A@@YAXXZ 0000000180017d60 f    CIL library: CIL module
 0001:00016d70       ??__F?s_id@?$TObjectUniqueID@UIConsoleHelperInput@base@UModSys@@@tl@UModSys@@2USUniquePointer@core@3@A@@YAXXZ 0000000180017d70 f    CIL library: CIL module
 0001:00016d80       ??__F?s_id@?$TObjectUniqueID@UIConsoleHelperHistory@base@UModSys@@@tl@UModSys@@2USUniquePointer@core@3@A@@YAXXZ 0000000180017d80 f    CIL library: CIL module
 0001:00016d90       ??__F?s_id@?$TObjectUniqueID@UIConsoleHelper@base@UModSys@@@tl@UModSys@@2USUniquePointer@core@3@A@@YAXXZ 0000000180017d90 f    CIL library: CIL module
 0001:00016da0       ??__F?s_id@?$TObjectUniqueID@UIConsoleExt@base@UModSys@@@tl@UModSys@@2USUniquePointer@core@3@A@@YAXXZ 0000000180017da0 f    CIL library: CIL module
 0001:00016db0       ??__F?s_id@?$TObjectUniqueID@UILibraryLayered@libmedia@UModSys@@@tl@UModSys@@2USUniquePointer@core@3@A@@YAXXZ 0000000180017db0 f    CIL library: CIL module
 0001:00016dc0       ??__F?s_id@?$TObjectUniqueID@UILibraryObjCache@libmedia@UModSys@@@tl@UModSys@@2USUniquePointer@core@3@A@@YAXXZ 0000000180017dc0 f    CIL library: CIL module
 0001:00016dd0       ??__F?s_id@?$TObjectUniqueID@UILibraryObjFilter@libmedia@UModSys@@@tl@UModSys@@2USUniquePointer@core@3@A@@YAXXZ 0000000180017dd0 f    CIL library: CIL module
 0001:00016de0       ??__F?s_id@?$TObjectUniqueID@UILibraryBinCache@libmedia@UModSys@@@tl@UModSys@@2USUniquePointer@core@3@A@@YAXXZ 0000000180017de0 f    CIL library: CIL module
 0001:00016df0       ??__F?s_id@?$TObjectUniqueID@UILibraryBinTree@libmedia@UModSys@@@tl@UModSys@@2USUniquePointer@core@3@A@@YAXXZ 0000000180017df0 f    CIL library: CIL module
 0001:00016e00       ??__F?s_id@?$TObjectUniqueID@UILibrary@libmedia@UModSys@@@tl@UModSys@@2USUniquePointer@core@3@A@@YAXXZ 0000000180017e00 f    CIL library: CIL module
 0001:00016e10       ??__F?s_id@?$TObjectUniqueID@UIBinObjFilter@libmedia@UModSys@@@tl@UModSys@@2USUniquePointer@core@3@A@@YAXXZ 0000000180017e10 f    CIL library: CIL module
 0001:00016e20       ??__F?s_id@?$TObjectUniqueID@UIBinArchive@libmedia@UModSys@@@tl@UModSys@@2USUniquePointer@core@3@A@@YAXXZ 0000000180017e20 f    CIL library: CIL module
 0001:00016e30       ??__F?s_id@?$TObjectUniqueID@UIStreamWriter@libmedia@UModSys@@@tl@UModSys@@2USUniquePointer@core@3@A@@YAXXZ 0000000180017e30 f    CIL library: CIL module
 0001:00016e40       ??__F?s_id@?$TObjectUniqueID@UIStreamReader@libmedia@UModSys@@@tl@UModSys@@2USUniquePointer@core@3@A@@YAXXZ 0000000180017e40 f    CIL library: CIL module
 0001:00016e50       ??__F?s_id@?$TObjectUniqueID@UISystem@base@UModSys@@@tl@UModSys@@2USUniquePointer@core@3@A@@YAXXZ 0000000180017e50 f    CIL library: CIL module
 0001:00016e60       ??__F?s_id@?$TObjectUniqueID@UIConsole@base@UModSys@@@tl@UModSys@@2USUniquePointer@core@3@A@@YAXXZ 0000000180017e60 f    CIL library: CIL module
 0001:00016e70       ??__F?s_id@?$TObjectUniqueID@UIShell@base@UModSys@@@tl@UModSys@@2USUniquePointer@core@3@A@@YAXXZ 0000000180017e70 f    CIL library: CIL module
 0001:00016e80       ??__F?s_id@?$TObjectUniqueID@UIGenerator@base@UModSys@@@tl@UModSys@@2USUniquePointer@core@3@A@@YAXXZ 0000000180017e80 f    CIL library: CIL module
 0001:00016e90       ??__F?s_id@?$TObjectUniqueID@UIModObject@base@UModSys@@@tl@UModSys@@2USUniquePointer@core@3@A@@YAXXZ 0000000180017e90 f    CIL library: CIL module
 0001:00016ea0       ??__F?s_id@?$TObjectUniqueID@UIModuleLibrary@base@UModSys@@@tl@UModSys@@2USUniquePointer@core@3@A@@YAXXZ 0000000180017ea0 f    CIL library: CIL module
 0001:00016eb0       ??__F?s_id@?$TObjectUniqueID@UIModule@base@UModSys@@@tl@UModSys@@2USUniquePointer@core@3@A@@YAXXZ 0000000180017eb0 f    CIL library: CIL module
 0001:00016ec0       ??__F?s_id@?$TObjectUniqueID@UIParameters@core@UModSys@@@tl@UModSys@@2USUniquePointer@core@3@A@@YAXXZ 0000000180017ec0 f    CIL library: CIL module
 0001:00016ed0       ??__F?s_id@?$TObjectUniqueID@UIRefObject@core@UModSys@@@tl@UModSys@@2USUniquePointer@core@3@A@@YAXXZ 0000000180017ed0 f    CIL library: CIL module
 0001:00016ee0       ??__F?s_id@?$TObjectUniqueID@UIRoot@core@UModSys@@@tl@UModSys@@2USUniquePointer@core@3@A@@YAXXZ 0000000180017ee0 f    CIL library: CIL module
 0001:00016ef0       ??__F?s_modreg@RModuleReg@stdlib@lib2d@modules@UModSys@@2U12345@A@@YAXXZ 0000000180017ef0 f    CIL library: CIL module
 0001:00016f10       ??__F?s_modreg_chain@RModuleReg@stdlib@lib2d@modules@UModSys@@2USModuleRegChain@base@5@A@@YAXXZ 0000000180017f10 f    CIL library: CIL module
 0001:00016f20       ??__F?s_uid@RGenerator@stdlib@lib2d@modules@UModSys@@2USUniquePointer@core@5@A@@YAXXZ 0000000180017f20 f    CIL library: CIL module
 0001:00016f30       ??__Fh@?1??s_holder@RGenerator@stdlib@lib2d@modules@UModSys@@SAAEAU?$TTypeStaticHolder@URGenerator@stdlib@lib2d@modules@UModSys@@@tl@5@XZ@YAXXZ 0000000180017f30 f    CIL library: CIL module
 0001:00016f60       ??__F?s_id@?$TObjectUniqueID@URGenerator@stdlib@lib2d@modules@UModSys@@@tl@UModSys@@2USUniquePointer@core@3@A@@YAXXZ 0000000180017f60 f    CIL library: CIL module
 0001:00016f70       ??__F?s_id@?$TObjectUniqueID@URImage_Memory@stdlib@lib2d@modules@UModSys@@@tl@UModSys@@2USUniquePointer@core@3@A@@YAXXZ 0000000180017f70 f    CIL library: CIL module
 0001:00016f80       ??__F?s_modreg@RModuleReg@SDL_core@ui@modules@UModSys@@2U12345@A@@YAXXZ 0000000180017f80 f    CIL library: CIL module
 0001:00016fa0       ??__F?s_modreg_chain@RModuleReg@SDL_core@ui@modules@UModSys@@2USModuleRegChain@base@5@A@@YAXXZ 0000000180017fa0 f    CIL library: CIL module
 0001:00016fb0       ??__F?s_uid@RGenerator@SDL_core@ui@modules@UModSys@@2USUniquePointer@core@5@A@@YAXXZ 0000000180017fb0 f    CIL library: CIL module
 0001:00016fc0       ??__Fh@?1??s_holder@RGenerator@SDL_core@ui@modules@UModSys@@SAAEAU?$TTypeStaticHolder@URGenerator@SDL_core@ui@modules@UModSys@@@tl@5@XZ@YAXXZ 0000000180017fc0 f    CIL library: CIL module
 0001:00016ff0       ??__F?s_id@?$TObjectUniqueID@URGenerator@SDL_core@ui@modules@UModSys@@@tl@UModSys@@2USUniquePointer@core@3@A@@YAXXZ 0000000180017ff0 f    CIL library: CIL module
 0001:00017000       ??__F?s_id@?$TObjectUniqueID@URTerminal@SDL_core@ui@modules@UModSys@@@tl@UModSys@@2USUniquePointer@core@3@A@@YAXXZ 0000000180018000 f    CIL library: CIL module
 0001:00017010       ??__F?s_id@?$TObjectUniqueID@URKeyboardController@SDL_core@ui@modules@UModSys@@@tl@UModSys@@2USUniquePointer@core@3@A@@YAXXZ 0000000180018010 f    CIL library: CIL module
 0001:00017020       ??__F?s_id@?$TObjectUniqueID@URMouseController@SDL_core@ui@modules@UModSys@@@tl@UModSys@@2USUniquePointer@core@3@A@@YAXXZ 0000000180018020 f    CIL library: CIL module
 0001:00017030       ??__F?s_id@?$TObjectUniqueID@URRenderDriver2D@SDL_core@ui@modules@UModSys@@@tl@UModSys@@2USUniquePointer@core@3@A@@YAXXZ 0000000180018030 f    CIL library: CIL module
 0001:00017040       ??__F?s_id@?$TObjectUniqueID@URMultiImage2D_SDL_ttf@SDL_core@ui@modules@UModSys@@@tl@UModSys@@2USUniquePointer@core@3@A@@YAXXZ 0000000180018040 f    CIL library: CIL module
 0001:00017050       ??__F?s_modreg@RModuleReg@frames@ui@modules@UModSys@@2U12345@A@@YAXXZ 0000000180018050 f    CIL library: CIL module
 0001:00017070       ??__F?s_modreg_chain@RModuleReg@frames@ui@modules@UModSys@@2USModuleRegChain@base@5@A@@YAXXZ 0000000180018070 f    CIL library: CIL module
 0001:00017080       ??__F?s_uid@RGenerator@frames@ui@modules@UModSys@@2USUniquePointer@core@5@A@@YAXXZ 0000000180018080 f    CIL library: CIL module
 0001:00017090       ??__Fh@?1??s_holder@RGenerator@frames@ui@modules@UModSys@@SAAEAU?$TTypeStaticHolder@URGenerator@frames@ui@modules@UModSys@@@tl@5@XZ@YAXXZ 0000000180018090 f    CIL library: CIL module
 0001:000170c0       ??__F?s_id@?$TObjectUniqueID@URGenerator@frames@ui@modules@UModSys@@@tl@UModSys@@2USUniquePointer@core@3@A@@YAXXZ 00000001800180c0 f    CIL library: CIL module
 0001:000170d0       ??__F?s_id@?$TObjectUniqueID@URCollector@frames@ui@modules@UModSys@@@tl@UModSys@@2USUniquePointer@core@3@A@@YAXXZ 00000001800180d0 f    CIL library: CIL module
 0001:000170e0       ??__F?s_id@?$TObjectUniqueID@URFrame_List@frames@ui@modules@UModSys@@@tl@UModSys@@2USUniquePointer@core@3@A@@YAXXZ 00000001800180e0 f    CIL library: CIL module
 0001:000170f0       ??__F?s_id@?$TObjectUniqueID@URFrame_Edit@frames@ui@modules@UModSys@@@tl@UModSys@@2USUniquePointer@core@3@A@@YAXXZ 00000001800180f0 f    CIL library: CIL module
 0001:00017100       ??__F?s_id@?$TObjectUniqueID@URFrame_Button@frames@ui@modules@UModSys@@@tl@UModSys@@2USUniquePointer@core@3@A@@YAXXZ 0000000180018100 f    CIL library: CIL module
 0001:00017110       ??__F?s_id@?$TObjectUniqueID@URFrame_Text@frames@ui@modules@UModSys@@@tl@UModSys@@2USUniquePointer@core@3@A@@YAXXZ 0000000180018110 f    CIL library: CIL module
 0001:00017120       ??__F?s_id@?$TObjectUniqueID@URFrame_Image@frames@ui@modules@UModSys@@@tl@UModSys@@2USUniquePointer@core@3@A@@YAXXZ 0000000180018120 f    CIL library: CIL module
 0001:00017130       ??__F?s_id@?$TObjectUniqueID@URFrame_Frame@frames@ui@modules@UModSys@@@tl@UModSys@@2USUniquePointer@core@3@A@@YAXXZ 0000000180018130 f    CIL library: CIL module
 0001:00017140       ??__F?s_id@?$TObjectUniqueID@URDialog@frames@ui@modules@UModSys@@@tl@UModSys@@2USUniquePointer@core@3@A@@YAXXZ 0000000180018140 f    CIL library: CIL module
 0001:00017150       ??__F?s_id@?$TObjectUniqueID@URFrame_Common@frames@ui@modules@UModSys@@@tl@UModSys@@2USUniquePointer@core@3@A@@YAXXZ 0000000180018150 f    CIL library: CIL module
 0001:00017160       ??__F?s_modreg@RModuleReg@images_std@media@modules@UModSys@@2U12345@A@@YAXXZ 0000000180018160 f    CIL library: CIL module
 0001:00017180       ??__F?s_modreg_chain@RModuleReg@images_std@media@modules@UModSys@@2USModuleRegChain@base@5@A@@YAXXZ 0000000180018180 f    CIL library: CIL module
 0001:00017190       ??__F?s_uid@RGenerator@images_std@media@modules@UModSys@@2USUniquePointer@core@5@A@@YAXXZ 0000000180018190 f    CIL library: CIL module
 0001:000171a0       ??__Fh@?1??s_holder@RGenerator@images_std@media@modules@UModSys@@SAAEAU?$TTypeStaticHolder@URGenerator@images_std@media@modules@UModSys@@@tl@5@XZ@YAXXZ 00000001800181a0 f    CIL library: CIL module
 0001:000171d0       ??__F?s_id@?$TObjectUniqueID@URGenerator@images_std@media@modules@UModSys@@@tl@UModSys@@2USUniquePointer@core@3@A@@YAXXZ 00000001800181d0 f    CIL library: CIL module
 0001:000171e0       ??__F?s_id@?$TObjectUniqueID@URMediaFilter@images_std@media@modules@UModSys@@@tl@UModSys@@2USUniquePointer@core@3@A@@YAXXZ 00000001800181e0 f    CIL library: CIL module
 0001:000171f0       ??__FM@UModSys@@YAXXZ      00000001800181f0 f    CIL library: CIL module
 0001:00017200       ??__F?root@SModuleRegChain@base@UModSys@@2U123@A@@YAXXZ 0000000180018200 f    CIL library: CIL module
 0001:00017210       ??__F?s_library@RModuleLibraryReg_Chain@base@UModSys@@2U123@A@@YAXXZ 0000000180018210 f    CIL library: CIL module
 0001:00017220       ??__F?root@SUniquePointer@core@UModSys@@2U123@A@@YAXXZ 0000000180018220 f    CIL library: CIL module

 Exports

  ordinal    name

        1    UModSys_Plugin_Entry2
