 plugin_test1

 Timestamp is 52a5f2a7 (Mon Dec 09 19:41:11 2013)

 Preferred load address is 0000000180000000

 Start         Length     Name                   Class
 0001:00000000 000158d0H .text                   CODE
 0001:000158d0 0000005eH .text$00                CODE
 0001:00015930 00001568H .text$x                 CODE
 0001:00016ea0 000016d2H .text$yc                CODE
 0001:00018580 0000074cH .text$yd                CODE
 0002:00000000 00000330H .idata$5                DATA
 0002:00000330 00000008H .CRT$XCA                DATA
 0002:00000338 00000fd8H .CRT$XCU                DATA
 0002:00001310 00000008H .CRT$XCZ                DATA
 0002:00001318 00000008H .CRT$XIA                DATA
 0002:00001320 00000008H .CRT$XIAA               DATA
 0002:00001328 00000008H .CRT$XIZ                DATA
 0002:00001330 00004178H .rdata                  DATA
 0002:000054b0 000025c4H .rdata$r                DATA
 0002:00007a78 00000008H .rtc$IAA                DATA
 0002:00007a80 00000008H .rtc$IZZ                DATA
 0002:00007a88 00000008H .rtc$TAA                DATA
 0002:00007a90 00000008H .rtc$TZZ                DATA
 0002:00007a98 00003068H .xdata                  DATA
 0002:0000ab00 00000064H .idata$2                DATA
 0002:0000ab64 00000014H .idata$3                DATA
 0002:0000ab78 00000330H .idata$4                DATA
 0002:0000aea8 0000076cH .idata$6                DATA
 0002:0000b620 00000059H .edata                  DATA
 0003:00000000 00001100H .data                   DATA
 0003:00001100 00001328H .bss                    DATA
 0004:00000000 0000231cH .pdata                  DATA

  Address         Publics by Value              Rva+Base               Lib:Object

 0000:00000000       ___safe_se_handler_table   0000000000000000     <absolute>
 0000:00000000       ___safe_se_handler_count   0000000000000000     <absolute>
 0000:00000000       __ImageBase                0000000180000000     <linker-defined>
 0001:00000000       ??1State@RImage_Memory@stdlib@lib2d@modules@UModSys@@QEAA@XZ 0000000180001000 f i umodsys_lib_lib2d:umodsys.mod.2d.stdlib.obj
 0001:00000000       ??1SMemShared@core@UModSys@@QEAA@XZ 0000000180001000 f i plugin_test1.obj
 0001:00000030       ??3IRoot@core@UModSys@@SAXPEAXAEBUSIMemAlloc@12@@Z 0000000180001030 f i plugin_test1.obj
 0001:00000040       ??1SParameters@core@UModSys@@QEAA@XZ 0000000180001040 f i plugin_test1.obj
 0001:00000040       ??1?$TParametersA@$0EAA@@core@UModSys@@QEAA@XZ 0000000180001040 f i plugin_test1.obj
 0001:00000040       ??1?$TParametersA@$0BAA@@core@UModSys@@QEAA@XZ 0000000180001040 f i umodsys_lib_libui:umodsys.mod.ui.SDL_core.obj
 0001:00000060       ?bin_writer@ILibrary@libmedia@UModSys@@QEAA?AU?$TRefObject@UIStreamWriter@libmedia@UModSys@@U?$TRefObjectFunc@UIStreamWriter@libmedia@UModSys@@@tl@3@@tl@3@AEBU?$TString@U?$TSCoreConst@D@su@tl@UModSys@@U?$TComparerBinaryHash@D@234@@53@AEBU?$TFlags4State@USMediaFlagUid@libmedia@UModSys@@I@53@@Z 0000000180001060 f i plugin_test1.obj
 0001:000000a0       ?mount_add@ILibraryBinTree@libmedia@UModSys@@QEAA_NAEBU?$TString@U?$TSCoreConst@D@su@tl@UModSys@@U?$TComparerBinaryHash@D@234@@tl@3@PEAUIBinArchive@23@H@Z 00000001800010a0 f i plugin_test1.obj
 0001:00000140       ?mount_add@ILibraryBinTree@libmedia@UModSys@@QEAA_NAEBU?$TString@U?$TSCoreConst@D@su@tl@UModSys@@U?$TComparerBinaryHash@D@234@@tl@3@HPEAUIBinArchive@23@H@Z 0000000180001140 f i plugin_test1.obj
 0001:000001e0       ??1SLayer@ILibraryLayered@libmedia@UModSys@@QEAA@XZ 00000001800011e0 f i plugin_test1.obj
 0001:000001e0       ??1SPoint@ILibraryBinTree@libmedia@UModSys@@QEAA@XZ 00000001800011e0 f i plugin_test1.obj
 0001:00000210       ?layer_push@ILibraryLayered@libmedia@UModSys@@QEAA_NPEAUILibrary@23@HAEBU?$TString@U?$TSCoreConst@D@su@tl@UModSys@@U?$TComparerBinaryHash@D@234@@tl@3@@Z 0000000180001210 f i plugin_test1.obj
 0001:000002b0       ??_EIRoot@core@UModSys@@UEAAPEAXI@Z 00000001800012b0 f i  CIL library: CIL module
 0001:000002b0       ??_GIRoot@core@UModSys@@UEAAPEAXI@Z 00000001800012b0 f i plugin_test1.obj
 0001:000002e0       ?root_get_interface_info@RTest1_Shell@test1@test@modules@UModSys@@UEBAAEBUSUniquePointerInfo@core@5@XZ 00000001800012e0 f i plugin_test1.obj
 0001:000002f0       ?root_get_interface_type@RTest1_Shell@test1@test@modules@UModSys@@UEBAPEBUSUniquePointerInfo@core@5@XZ 00000001800012f0 f i plugin_test1.obj
 0001:00000300       ?root_get_interface_types@RTest1_Shell@test1@test@modules@UModSys@@UEBA_KAEAUSUniquePtrList@core@5@@Z 0000000180001300 f i plugin_test1.obj
 0001:00000300       ?root_get_interface_types@RGenerator@images_std@media@modules@UModSys@@UEBA_KAEAUSUniquePtrList@core@5@@Z 0000000180001300 f i umodsys_lib_libmedia:umodsys.mod.media.images_std.obj
 0001:00000300       ?root_get_interface_types@RTerminal@SDL_core@ui@modules@UModSys@@UEBA_KAEAUSUniquePtrList@core@5@@Z 0000000180001300 f i umodsys_lib_libui:umodsys.mod.ui.SDL_core.obj
 0001:00000300       ?root_get_interface_types@RMultiImage2D_SDL_ttf@SDL_core@ui@modules@UModSys@@UEBA_KAEAUSUniquePtrList@core@5@@Z 0000000180001300 f i umodsys_lib_libui:umodsys.mod.ui.SDL_core.obj
 0001:00000300       ?root_get_interface_types@RFrame_Image@frames@ui@modules@UModSys@@UEBA_KAEAUSUniquePtrList@core@5@@Z 0000000180001300 f i umodsys_lib_libui:umodsys.mod.ui.frames.obj
 0001:00000300       ?root_get_interface_types@RImage_Memory@stdlib@lib2d@modules@UModSys@@UEBA_KAEAUSUniquePtrList@core@5@@Z 0000000180001300 f i umodsys_lib_lib2d:umodsys.mod.2d.stdlib.obj
 0001:00000300       ?root_get_interface_types@RCollector@frames@ui@modules@UModSys@@UEBA_KAEAUSUniquePtrList@core@5@@Z 0000000180001300 f i umodsys_lib_libui:umodsys.mod.ui.frames.obj
 0001:00000300       ?root_get_interface_types@RRenderDriver2D@SDL_core@ui@modules@UModSys@@UEBA_KAEAUSUniquePtrList@core@5@@Z 0000000180001300 f i umodsys_lib_libui:umodsys.mod.ui.SDL_core.obj
 0001:00000300       ?root_get_interface_types@RGenerator@serialize_json@media@modules@UModSys@@UEBA_KAEAUSUniquePtrList@core@5@@Z 0000000180001300 f i umodsys_lib_libmedia:umodsys.mod.media.serialize_json.obj
 0001:00000300       ?root_get_interface_types@RKeyboardController@SDL_core@ui@modules@UModSys@@UEBA_KAEAUSUniquePtrList@core@5@@Z 0000000180001300 f i umodsys_lib_libui:umodsys.mod.ui.SDL_core.obj
 0001:00000300       ?root_get_interface_types@RDialog@frames@ui@modules@UModSys@@UEBA_KAEAUSUniquePtrList@core@5@@Z 0000000180001300 f i umodsys_lib_libui:umodsys.mod.ui.frames.obj
 0001:00000300       ?root_get_interface_types@RGenerator@stdlib@lib2d@modules@UModSys@@UEBA_KAEAUSUniquePtrList@core@5@@Z 0000000180001300 f i umodsys_lib_lib2d:umodsys.mod.2d.stdlib.obj
 0001:00000300       ?root_get_interface_types@RFrame_List@frames@ui@modules@UModSys@@UEBA_KAEAUSUniquePtrList@core@5@@Z 0000000180001300 f i umodsys_lib_libui:umodsys.mod.ui.frames.obj
 0001:00000300       ?root_get_interface_types@RGenerator@test1@test@modules@UModSys@@UEBA_KAEAUSUniquePtrList@core@5@@Z 0000000180001300 f i plugin_test1.obj
 0001:00000300       ?root_get_interface_types@RFrame_Edit@frames@ui@modules@UModSys@@UEBA_KAEAUSUniquePtrList@core@5@@Z 0000000180001300 f i umodsys_lib_libui:umodsys.mod.ui.frames.obj
 0001:00000300       ?root_get_interface_types@RFrame_Text@frames@ui@modules@UModSys@@UEBA_KAEAUSUniquePtrList@core@5@@Z 0000000180001300 f i umodsys_lib_libui:umodsys.mod.ui.frames.obj
 0001:00000300       ?root_get_interface_types@RMouseController@SDL_core@ui@modules@UModSys@@UEBA_KAEAUSUniquePtrList@core@5@@Z 0000000180001300 f i umodsys_lib_libui:umodsys.mod.ui.SDL_core.obj
 0001:00000300       ?root_get_interface_types@RFrame_Frame@frames@ui@modules@UModSys@@UEBA_KAEAUSUniquePtrList@core@5@@Z 0000000180001300 f i umodsys_lib_libui:umodsys.mod.ui.frames.obj
 0001:00000300       ?root_get_interface_types@RSerializeReader@serialize_json@media@modules@UModSys@@UEBA_KAEAUSUniquePtrList@core@5@@Z 0000000180001300 f i umodsys_lib_libmedia:umodsys.mod.media.serialize_json.obj
 0001:00000300       ?root_get_interface_types@RSerializeWriter@serialize_json@media@modules@UModSys@@UEBA_KAEAUSUniquePtrList@core@5@@Z 0000000180001300 f i umodsys_lib_libmedia:umodsys.mod.media.serialize_json.obj
 0001:00000300       ?root_get_interface_types@RGenerator@frames@ui@modules@UModSys@@UEBA_KAEAUSUniquePtrList@core@5@@Z 0000000180001300 f i umodsys_lib_libui:umodsys.mod.ui.frames.obj
 0001:00000300       ?root_get_interface_types@RFrame_Button@frames@ui@modules@UModSys@@UEBA_KAEAUSUniquePtrList@core@5@@Z 0000000180001300 f i umodsys_lib_libui:umodsys.mod.ui.frames.obj
 0001:00000300       ?root_get_interface_types@RMediaFilter@images_std@media@modules@UModSys@@UEBA_KAEAUSUniquePtrList@core@5@@Z 0000000180001300 f i umodsys_lib_libmedia:umodsys.mod.media.images_std.obj
 0001:00000300       ?root_get_interface_types@RGenerator@SDL_core@ui@modules@UModSys@@UEBA_KAEAUSUniquePtrList@core@5@@Z 0000000180001300 f i umodsys_lib_libui:umodsys.mod.ui.SDL_core.obj
 0001:00000310       ?root_get_other_interface@RTest1_Shell@test1@test@modules@UModSys@@UEAAPEAUIRoot@core@5@PEBUSUniquePointerInfo@75@@Z 0000000180001310 f i plugin_test1.obj
 0001:00000310       ?root_get_other_interface@RTest1_Shell@test1@test@modules@UModSys@@UEBAPEBUIRoot@core@5@PEBUSUniquePointerInfo@75@@Z 0000000180001310 f i plugin_test1.obj
 0001:00000340       ?root_is_interface_supported@RTest1_Shell@test1@test@modules@UModSys@@UEBA_NPEBUSUniquePointerInfo@core@5@@Z 0000000180001340 f i plugin_test1.obj
 0001:00000370       ?ref_add@RTest1_Shell@test1@test@modules@UModSys@@UEBAXXZ 0000000180001370 f i plugin_test1.obj
 0001:00000380       ?ref_remove@RTest1_Shell@test1@test@modules@UModSys@@UEBAXXZ 0000000180001380 f i plugin_test1.obj
 0001:000003a0       ?ref_links@RTest1_Shell@test1@test@modules@UModSys@@UEBAHXZ 00000001800013a0 f i plugin_test1.obj
 0001:000003b0       ?ref_weak@RTest1_Shell@test1@test@modules@UModSys@@UEBA_NAEAUWeakPointer@IRefObject@core@5@@Z 00000001800013b0 f i plugin_test1.obj
 0001:000003d0       ?suicide@RTest1_Shell@test1@test@modules@UModSys@@UEAAXXZ 00000001800013d0 f i plugin_test1.obj
 0001:00000420       ??0RTest1_Shell@test1@test@modules@UModSys@@QEAA@PEAUIModObject@base@4@@Z 0000000180001420 f i plugin_test1.obj
 0001:00000560       ??1RTest1_Shell@test1@test@modules@UModSys@@UEAA@XZ 0000000180001560 f i plugin_test1.obj
 0001:00000610       ?connect@RTest1_Shell@test1@test@modules@UModSys@@UEAA_NXZ 0000000180001610 f i plugin_test1.obj
 0001:00000640       ?disconnect@RTest1_Shell@test1@test@modules@UModSys@@UEAA_NXZ 0000000180001640 f i plugin_test1.obj
 0001:00000670       ?process_tick@RTest1_Shell@test1@test@modules@UModSys@@UEAA_NAEBUSTimeMsec@core@5@@Z 0000000180001670 f i plugin_test1.obj
 0001:000006b0       ?process_command@RTest1_Shell@test1@test@modules@UModSys@@UEAA_NHQEBU?$TString@U?$TSCoreConst@D@su@tl@UModSys@@U?$TComparerBinaryHash@D@234@@tl@5@@Z 00000001800016b0 f i plugin_test1.obj
 0001:000006e0       ??_GRTest1_Shell@test1@test@modules@UModSys@@UEAAPEAXI@Z 00000001800016e0 f i plugin_test1.obj
 0001:000006e0       ??_ERTest1_Shell@test1@test@modules@UModSys@@UEAAPEAXI@Z 00000001800016e0 f i  CIL library: CIL module
 0001:00000710       ?get_generated_names@RGenerator@test1@test@modules@UModSys@@UEBAHAEAUSUniquePtrList@core@5@@Z 0000000180001710 f i plugin_test1.obj
 0001:00000730       ?get_generated_types@RGenerator@test1@test@modules@UModSys@@UEBAHAEAUSUniquePtrList@core@5@PEBUSUniquePointerInfo@75@@Z 0000000180001730 f i plugin_test1.obj
 0001:00000790       ?generate@RGenerator@test1@test@modules@UModSys@@UEAA_NAEAU?$TRefObject@UIRefObject@core@UModSys@@U?$TRefObjectFunc@UIRefObject@core@UModSys@@@tl@3@@tl@5@PEBUSUniquePointerInfo@core@5@AEBUSParameters@95@@Z 0000000180001790 f i plugin_test1.obj
 0001:00000830       ?root_get_interface_info@RGenerator@test1@test@modules@UModSys@@UEBAAEBUSUniquePointerInfo@core@5@XZ 0000000180001830 f i plugin_test1.obj
 0001:00000840       ?root_get_interface_type@RGenerator@test1@test@modules@UModSys@@UEBAPEBUSUniquePointerInfo@core@5@XZ 0000000180001840 f i plugin_test1.obj
 0001:00000850       ?root_get_other_interface@RGenerator@test1@test@modules@UModSys@@UEAAPEAUIRoot@core@5@PEBUSUniquePointerInfo@75@@Z 0000000180001850 f i plugin_test1.obj
 0001:00000850       ?root_get_other_interface@RGenerator@test1@test@modules@UModSys@@UEBAPEBUIRoot@core@5@PEBUSUniquePointerInfo@75@@Z 0000000180001850 f i plugin_test1.obj
 0001:00000890       ?root_is_interface_supported@RGenerator@test1@test@modules@UModSys@@UEBA_NPEBUSUniquePointerInfo@core@5@@Z 0000000180001890 f i plugin_test1.obj
 0001:000008d0       ?get_uid@RGenerator@test1@test@modules@UModSys@@UEBAPEBUSUniquePointerInfo@core@5@XZ 00000001800018d0 f i plugin_test1.obj
 0001:000008e0       ?do_open@RModuleReg@test1@test@modules@UModSys@@UEAA_NXZ 00000001800018e0 f i plugin_test1.obj
 0001:00000910       ?do_close@RModuleReg@test1@test@modules@UModSys@@UEAA_NXZ 0000000180001910 f i plugin_test1.obj
 0001:00000940       ??_ERModuleReg@test1@test@modules@UModSys@@UEAAPEAXI@Z 0000000180001940 f i  CIL library: CIL module
 0001:00000940       ??_GRModuleReg@test1@test@modules@UModSys@@UEAAPEAXI@Z 0000000180001940 f i plugin_test1.obj
 0001:00000970       ??_GRGenerator@images_std@media@modules@UModSys@@UEAAPEAXI@Z 0000000180001970 f i umodsys_lib_libmedia:umodsys.mod.media.images_std.obj
 0001:00000970       ??_GRGenerator@stdlib@lib2d@modules@UModSys@@UEAAPEAXI@Z 0000000180001970 f i umodsys_lib_lib2d:umodsys.mod.2d.stdlib.obj
 0001:00000970       ??_ERGenerator@SDL_core@ui@modules@UModSys@@UEAAPEAXI@Z 0000000180001970 f i  CIL library: CIL module
 0001:00000970       ??_GRGenerator@test1@test@modules@UModSys@@UEAAPEAXI@Z 0000000180001970 f i plugin_test1.obj
 0001:00000970       ??_ERGenerator@test1@test@modules@UModSys@@UEAAPEAXI@Z 0000000180001970 f i  CIL library: CIL module
 0001:00000970       ??_EIRefObject@core@UModSys@@UEAAPEAXI@Z 0000000180001970 f i  CIL library: CIL module
 0001:00000970       ??_GIRefObject@core@UModSys@@UEAAPEAXI@Z 0000000180001970 f i plugin_test1.obj
 0001:00000970       ??_GRGenerator@serialize_json@media@modules@UModSys@@UEAAPEAXI@Z 0000000180001970 f i umodsys_lib_libmedia:umodsys.mod.media.serialize_json.obj
 0001:00000970       ??_GRGenerator@SDL_core@ui@modules@UModSys@@UEAAPEAXI@Z 0000000180001970 f i umodsys_lib_libui:umodsys.mod.ui.SDL_core.obj
 0001:00000970       ??_ERGenerator@stdlib@lib2d@modules@UModSys@@UEAAPEAXI@Z 0000000180001970 f i  CIL library: CIL module
 0001:00000970       ??_ERGenerator@serialize_json@media@modules@UModSys@@UEAAPEAXI@Z 0000000180001970 f i  CIL library: CIL module
 0001:00000970       ??_ERGenerator@images_std@media@modules@UModSys@@UEAAPEAXI@Z 0000000180001970 f i  CIL library: CIL module
 0001:00000970       ??_ERGenerator@frames@ui@modules@UModSys@@UEAAPEAXI@Z 0000000180001970 f i  CIL library: CIL module
 0001:00000970       ??_GRGenerator@frames@ui@modules@UModSys@@UEAAPEAXI@Z 0000000180001970 f i umodsys_lib_libui:umodsys.mod.ui.frames.obj
 0001:000009a0       ?info_new@?$TSCoreShared@USIMemAlloc@core@UModSys@@D@su@tl@UModSys@@QEAA_NPEBD_K@Z 00000001800019a0 f i plugin_test1.obj
 0001:00000a60       ??$generate_type@UIImage@lib2d@UModSys@@@RTest1_Shell@test1@test@modules@UModSys@@QEAA?AU?$TRefObject@UIImage@lib2d@UModSys@@U?$TRefObjectFunc@UIImage@lib2d@UModSys@@@tl@3@@tl@4@AEBU?$TString@U?$TSCoreConst@D@su@tl@UModSys@@U?$TComparerBinaryHash@D@234@@64@AEBUSParameters@core@4@PEBD@Z 0000000180001a60 f i plugin_test1.obj
 0001:00000c50       ??$generate_type@UIBinArchive@libmedia@UModSys@@@RTest1_Shell@test1@test@modules@UModSys@@QEAA?AU?$TRefObject@UIBinArchive@libmedia@UModSys@@U?$TRefObjectFunc@UIBinArchive@libmedia@UModSys@@@tl@3@@tl@4@AEBU?$TString@U?$TSCoreConst@D@su@tl@UModSys@@U?$TComparerBinaryHash@D@234@@64@AEBUSParameters@core@4@PEBD@Z 0000000180001c50 f i plugin_test1.obj
 0001:00000df0       ??$generate_type@UIBinObjFilter@libmedia@UModSys@@@RTest1_Shell@test1@test@modules@UModSys@@QEAA?AU?$TRefObject@UIBinObjFilter@libmedia@UModSys@@U?$TRefObjectFunc@UIBinObjFilter@libmedia@UModSys@@@tl@3@@tl@4@AEBU?$TString@U?$TSCoreConst@D@su@tl@UModSys@@U?$TComparerBinaryHash@D@234@@64@AEBUSParameters@core@4@PEBD@Z 0000000180001df0 f i plugin_test1.obj
 0001:00000f90       ??$generate_type@UILibraryBinTree@libmedia@UModSys@@@RTest1_Shell@test1@test@modules@UModSys@@QEAA?AU?$TRefObject@UILibraryBinTree@libmedia@UModSys@@U?$TRefObjectFunc@UILibraryBinTree@libmedia@UModSys@@@tl@3@@tl@4@AEBU?$TString@U?$TSCoreConst@D@su@tl@UModSys@@U?$TComparerBinaryHash@D@234@@64@AEBUSParameters@core@4@PEBD@Z 0000000180001f90 f i plugin_test1.obj
 0001:00001130       ??$generate_type@UILibraryObjFilter@libmedia@UModSys@@@RTest1_Shell@test1@test@modules@UModSys@@QEAA?AU?$TRefObject@UILibraryObjFilter@libmedia@UModSys@@U?$TRefObjectFunc@UILibraryObjFilter@libmedia@UModSys@@@tl@3@@tl@4@AEBU?$TString@U?$TSCoreConst@D@su@tl@UModSys@@U?$TComparerBinaryHash@D@234@@64@AEBUSParameters@core@4@PEBD@Z 0000000180002130 f i plugin_test1.obj
 0001:000012d0       ??$generate_type@UILibraryLayered@libmedia@UModSys@@@RTest1_Shell@test1@test@modules@UModSys@@QEAA?AU?$TRefObject@UILibraryLayered@libmedia@UModSys@@U?$TRefObjectFunc@UILibraryLayered@libmedia@UModSys@@@tl@3@@tl@4@AEBU?$TString@U?$TSCoreConst@D@su@tl@UModSys@@U?$TComparerBinaryHash@D@234@@64@AEBUSParameters@core@4@PEBD@Z 00000001800022d0 f i plugin_test1.obj
 0001:00001470       ??$generate_type@UILibraryObjCache@libmedia@UModSys@@@RTest1_Shell@test1@test@modules@UModSys@@QEAA?AU?$TRefObject@UILibraryObjCache@libmedia@UModSys@@U?$TRefObjectFunc@UILibraryObjCache@libmedia@UModSys@@@tl@3@@tl@4@AEBU?$TString@U?$TSCoreConst@D@su@tl@UModSys@@U?$TComparerBinaryHash@D@234@@64@AEBUSParameters@core@4@PEBD@Z 0000000180002470 f i plugin_test1.obj
 0001:00001610       ??$generate_type@UILibraryBinCache@libmedia@UModSys@@@RTest1_Shell@test1@test@modules@UModSys@@QEAA?AU?$TRefObject@UILibraryBinCache@libmedia@UModSys@@U?$TRefObjectFunc@UILibraryBinCache@libmedia@UModSys@@@tl@3@@tl@4@AEBU?$TString@U?$TSCoreConst@D@su@tl@UModSys@@U?$TComparerBinaryHash@D@234@@64@AEBUSParameters@core@4@PEBD@Z 0000000180002610 f i plugin_test1.obj
 0001:000017b0       ??$generate_type@UISerializeWriter@libmedia@UModSys@@@RTest1_Shell@test1@test@modules@UModSys@@QEAA?AU?$TRefObject@UISerializeWriter@libmedia@UModSys@@U?$TRefObjectFunc@UISerializeWriter@libmedia@UModSys@@@tl@3@@tl@4@AEBU?$TString@U?$TSCoreConst@D@su@tl@UModSys@@U?$TComparerBinaryHash@D@234@@64@AEBUSParameters@core@4@PEBD@Z 00000001800027b0 f i plugin_test1.obj
 0001:00001950       ??$shash@D@su@tl@UModSys@@YAHPEBD_K@Z 0000000180002950 f i plugin_test1.obj
 0001:00001980       ??1?$TRefObject@UIModObject@base@UModSys@@U?$TModObjectFunc@UIModObject@base@UModSys@@@tl@3@@tl@UModSys@@QEAA@XZ 0000000180002980 f i plugin_test1.obj
 0001:000019b0       ??$t_ref_get_other_interface@UIStreamWriter@libmedia@UModSys@@U?$TRefObjectFunc@UIStreamWriter@libmedia@UModSys@@@tl@3@@IRefObject@core@UModSys@@QEAA_NAEAU?$TRefObject@UIStreamWriter@libmedia@UModSys@@U?$TRefObjectFunc@UIStreamWriter@libmedia@UModSys@@@tl@3@@tl@2@@Z 00000001800029b0 f i plugin_test1.obj
 0001:00001a00       ??$t_ref_get_other_interface@UIMultiImage@lib2d@UModSys@@U?$TRefObjectFunc@UIMultiImage@lib2d@UModSys@@@tl@3@@IRefObject@core@UModSys@@QEAA_NAEAU?$TRefObject@UIMultiImage@lib2d@UModSys@@U?$TRefObjectFunc@UIMultiImage@lib2d@UModSys@@@tl@3@@tl@2@@Z 0000000180002a00 f i plugin_test1.obj
 0001:00001a50       ??$t_generate@UIBinArchive@libmedia@UModSys@@@SModuleContext@base@UModSys@@QEAA_NAEAU?$TRefObject@UIBinArchive@libmedia@UModSys@@U?$TRefObjectFunc@UIBinArchive@libmedia@UModSys@@@tl@3@@tl@2@PEBUSUniquePointerInfo@core@2@AEBUSParameters@62@@Z 0000000180002a50 f i plugin_test1.obj
 0001:00001b20       ??$t_generate@UIBinObjFilter@libmedia@UModSys@@@SModuleContext@base@UModSys@@QEAA_NAEAU?$TRefObject@UIBinObjFilter@libmedia@UModSys@@U?$TRefObjectFunc@UIBinObjFilter@libmedia@UModSys@@@tl@3@@tl@2@PEBUSUniquePointerInfo@core@2@AEBUSParameters@62@@Z 0000000180002b20 f i plugin_test1.obj
 0001:00001bf0       ??$t_generate@UILibraryBinTree@libmedia@UModSys@@@SModuleContext@base@UModSys@@QEAA_NAEAU?$TRefObject@UILibraryBinTree@libmedia@UModSys@@U?$TRefObjectFunc@UILibraryBinTree@libmedia@UModSys@@@tl@3@@tl@2@PEBUSUniquePointerInfo@core@2@AEBUSParameters@62@@Z 0000000180002bf0 f i plugin_test1.obj
 0001:00001cc0       ??$t_generate@UILibraryObjFilter@libmedia@UModSys@@@SModuleContext@base@UModSys@@QEAA_NAEAU?$TRefObject@UILibraryObjFilter@libmedia@UModSys@@U?$TRefObjectFunc@UILibraryObjFilter@libmedia@UModSys@@@tl@3@@tl@2@PEBUSUniquePointerInfo@core@2@AEBUSParameters@62@@Z 0000000180002cc0 f i plugin_test1.obj
 0001:00001d90       ??$t_generate@UILibraryLayered@libmedia@UModSys@@@SModuleContext@base@UModSys@@QEAA_NAEAU?$TRefObject@UILibraryLayered@libmedia@UModSys@@U?$TRefObjectFunc@UILibraryLayered@libmedia@UModSys@@@tl@3@@tl@2@PEBUSUniquePointerInfo@core@2@AEBUSParameters@62@@Z 0000000180002d90 f i plugin_test1.obj
 0001:00001e60       ??$t_generate@UILibraryObjCache@libmedia@UModSys@@@SModuleContext@base@UModSys@@QEAA_NAEAU?$TRefObject@UILibraryObjCache@libmedia@UModSys@@U?$TRefObjectFunc@UILibraryObjCache@libmedia@UModSys@@@tl@3@@tl@2@PEBUSUniquePointerInfo@core@2@AEBUSParameters@62@@Z 0000000180002e60 f i plugin_test1.obj
 0001:00001f30       ??$t_generate@UILibraryBinCache@libmedia@UModSys@@@SModuleContext@base@UModSys@@QEAA_NAEAU?$TRefObject@UILibraryBinCache@libmedia@UModSys@@U?$TRefObjectFunc@UILibraryBinCache@libmedia@UModSys@@@tl@3@@tl@2@PEBUSUniquePointerInfo@core@2@AEBUSParameters@62@@Z 0000000180002f30 f i plugin_test1.obj
 0001:00002000       ??$t_generate@UISerializeWriter@libmedia@UModSys@@@SModuleContext@base@UModSys@@QEAA_NAEAU?$TRefObject@UISerializeWriter@libmedia@UModSys@@U?$TRefObjectFunc@UISerializeWriter@libmedia@UModSys@@@tl@3@@tl@2@PEBUSUniquePointerInfo@core@2@AEBUSParameters@62@@Z 0000000180003000 f i plugin_test1.obj
 0001:000020d0       ??$t_ref_get_other_interface@UIImage@lib2d@UModSys@@U?$TRefObjectFunc@UIImage@lib2d@UModSys@@@tl@3@@IRefObject@core@UModSys@@QEAA_NAEAU?$TRefObject@UIImage@lib2d@UModSys@@U?$TRefObjectFunc@UIImage@lib2d@UModSys@@@tl@3@@tl@2@@Z 00000001800030d0 f i plugin_test1.obj
 0001:00002120       ?root_get_interface_info@RImage_Memory@stdlib@lib2d@modules@UModSys@@UEBAAEBUSUniquePointerInfo@core@5@XZ 0000000180003120 f i umodsys_lib_lib2d:umodsys.mod.2d.stdlib.obj
 0001:00002130       ?root_get_interface_type@RImage_Memory@stdlib@lib2d@modules@UModSys@@UEBAPEBUSUniquePointerInfo@core@5@XZ 0000000180003130 f i umodsys_lib_lib2d:umodsys.mod.2d.stdlib.obj
 0001:00002140       ?root_get_other_interface@RImage_Memory@stdlib@lib2d@modules@UModSys@@UEAAPEAUIRoot@core@5@PEBUSUniquePointerInfo@75@@Z 0000000180003140 f i umodsys_lib_lib2d:umodsys.mod.2d.stdlib.obj
 0001:00002140       ?root_get_other_interface@RImage_Memory@stdlib@lib2d@modules@UModSys@@UEBAPEBUIRoot@core@5@PEBUSUniquePointerInfo@75@@Z 0000000180003140 f i umodsys_lib_lib2d:umodsys.mod.2d.stdlib.obj
 0001:00002170       ?root_is_interface_supported@RImage_Memory@stdlib@lib2d@modules@UModSys@@UEBA_NPEBUSUniquePointerInfo@core@5@@Z 0000000180003170 f i umodsys_lib_lib2d:umodsys.mod.2d.stdlib.obj
 0001:000021a0       ?suicide@RImage_Memory@stdlib@lib2d@modules@UModSys@@UEAAXXZ 00000001800031a0 f i umodsys_lib_lib2d:umodsys.mod.2d.stdlib.obj
 0001:000021a0       ?suicide@RSerializeReader@serialize_json@media@modules@UModSys@@UEAAXXZ 00000001800031a0 f i umodsys_lib_libmedia:umodsys.mod.media.serialize_json.obj
 0001:000021a0       ?suicide@RTerminal@SDL_core@ui@modules@UModSys@@UEAAXXZ 00000001800031a0 f i umodsys_lib_libui:umodsys.mod.ui.SDL_core.obj
 0001:000021f0       ?set_info@RImage_Memory@stdlib@lib2d@modules@UModSys@@UEAA_NAEBUSImagePatchInfo@35@PEBD@Z 00000001800031f0 f i umodsys_lib_lib2d:umodsys.mod.2d.stdlib.obj
 0001:000023b0       ?set_data@RImage_Memory@stdlib@lib2d@modules@UModSys@@UEAA_NAEBUSImagePatchInfo@35@AEBUSCMem@core@5@H@Z 00000001800033b0 f i umodsys_lib_lib2d:umodsys.mod.2d.stdlib.obj
 0001:00002580       ?get_info@RImage_Memory@stdlib@lib2d@modules@UModSys@@UEBAAEBUSImageInfo@35@XZ 0000000180003580 f i umodsys_lib_lib2d:umodsys.mod.2d.stdlib.obj
 0001:00002590       ?get_data@RImage_Memory@stdlib@lib2d@modules@UModSys@@UEBA_NAEBUSImagePatchInfo@35@AEBUSMem@core@5@H@Z 0000000180003590 f i umodsys_lib_lib2d:umodsys.mod.2d.stdlib.obj
 0001:00002770       ??0RImage_Memory@stdlib@lib2d@modules@UModSys@@QEAA@PEAUIModObject@base@4@AEBUSParameters@core@4@@Z 0000000180003770 f i umodsys_lib_lib2d:umodsys.mod.2d.stdlib.obj
 0001:00002830       ??4State@RImage_Memory@stdlib@lib2d@modules@UModSys@@QEAAAEAU012345@AEBU012345@@Z 0000000180003830 f i umodsys_lib_lib2d:umodsys.mod.2d.stdlib.obj
 0001:00002910       ??_ERImage_Memory@stdlib@lib2d@modules@UModSys@@UEAAPEAXI@Z 0000000180003910 f i  CIL library: CIL module
 0001:00002910       ??_GRImage_Memory@stdlib@lib2d@modules@UModSys@@UEAAPEAXI@Z 0000000180003910 f i umodsys_lib_lib2d:umodsys.mod.2d.stdlib.obj
 0001:00002970       ?get_generated_names@RGenerator@stdlib@lib2d@modules@UModSys@@UEBAHAEAUSUniquePtrList@core@5@@Z 0000000180003970 f i umodsys_lib_lib2d:umodsys.mod.2d.stdlib.obj
 0001:00002990       ?get_generated_types@RGenerator@stdlib@lib2d@modules@UModSys@@UEBAHAEAUSUniquePtrList@core@5@PEBUSUniquePointerInfo@75@@Z 0000000180003990 f i umodsys_lib_lib2d:umodsys.mod.2d.stdlib.obj
 0001:000029f0       ?generate@RGenerator@stdlib@lib2d@modules@UModSys@@UEAA_NAEAU?$TRefObject@UIRefObject@core@UModSys@@U?$TRefObjectFunc@UIRefObject@core@UModSys@@@tl@3@@tl@5@PEBUSUniquePointerInfo@core@5@AEBUSParameters@95@@Z 00000001800039f0 f i umodsys_lib_lib2d:umodsys.mod.2d.stdlib.obj
 0001:00002a70       ?root_get_interface_info@RGenerator@stdlib@lib2d@modules@UModSys@@UEBAAEBUSUniquePointerInfo@core@5@XZ 0000000180003a70 f i umodsys_lib_lib2d:umodsys.mod.2d.stdlib.obj
 0001:00002a80       ?root_get_interface_type@RGenerator@stdlib@lib2d@modules@UModSys@@UEBAPEBUSUniquePointerInfo@core@5@XZ 0000000180003a80 f i umodsys_lib_lib2d:umodsys.mod.2d.stdlib.obj
 0001:00002a90       ?root_get_other_interface@RGenerator@stdlib@lib2d@modules@UModSys@@UEAAPEAUIRoot@core@5@PEBUSUniquePointerInfo@75@@Z 0000000180003a90 f i umodsys_lib_lib2d:umodsys.mod.2d.stdlib.obj
 0001:00002a90       ?root_get_other_interface@RGenerator@stdlib@lib2d@modules@UModSys@@UEBAPEBUIRoot@core@5@PEBUSUniquePointerInfo@75@@Z 0000000180003a90 f i umodsys_lib_lib2d:umodsys.mod.2d.stdlib.obj
 0001:00002ad0       ?root_is_interface_supported@RGenerator@stdlib@lib2d@modules@UModSys@@UEBA_NPEBUSUniquePointerInfo@core@5@@Z 0000000180003ad0 f i umodsys_lib_lib2d:umodsys.mod.2d.stdlib.obj
 0001:00002b10       ?suicide@RGenerator@stdlib@lib2d@modules@UModSys@@UEAAXXZ 0000000180003b10 f i umodsys_lib_lib2d:umodsys.mod.2d.stdlib.obj
 0001:00002b10       ?render_box@RRenderDriver2D@SDL_core@ui@modules@UModSys@@UEAAXPEAUIImage@lib2d@5@AEBU?$TVector2@H@math3d@5@1AEBU?$TVector2@M@95@2@Z 0000000180003b10 f i umodsys_lib_libui:umodsys.mod.ui.SDL_core.obj
 0001:00002b10       ?suicide@RGenerator@SDL_core@ui@modules@UModSys@@UEAAXXZ 0000000180003b10 f i umodsys_lib_libui:umodsys.mod.ui.SDL_core.obj
 0001:00002b10       ?suicide@RGenerator@frames@ui@modules@UModSys@@UEAAXXZ 0000000180003b10 f i umodsys_lib_libui:umodsys.mod.ui.frames.obj
 0001:00002b10       ?suicide@RGenerator@test1@test@modules@UModSys@@UEAAXXZ 0000000180003b10 f i plugin_test1.obj
 0001:00002b10       ??3@YAXPEAX0@Z             0000000180003b10 f i plugin_test1.obj
 0001:00002b10       ?suicide@RGenerator@serialize_json@media@modules@UModSys@@UEAAXXZ 0000000180003b10 f i umodsys_lib_libmedia:umodsys.mod.media.serialize_json.obj
 0001:00002b10       ?suicide@RGenerator@images_std@media@modules@UModSys@@UEAAXXZ 0000000180003b10 f i umodsys_lib_libmedia:umodsys.mod.media.images_std.obj
 0001:00002b20       ?get_uid@RGenerator@stdlib@lib2d@modules@UModSys@@UEBAPEBUSUniquePointerInfo@core@5@XZ 0000000180003b20 f i umodsys_lib_lib2d:umodsys.mod.2d.stdlib.obj
 0001:00002b30       ?do_open@RModuleReg@stdlib@lib2d@modules@UModSys@@UEAA_NXZ 0000000180003b30 f i umodsys_lib_lib2d:umodsys.mod.2d.stdlib.obj
 0001:00002b40       ?do_close@RModuleReg@stdlib@lib2d@modules@UModSys@@UEAA_NXZ 0000000180003b40 f i umodsys_lib_lib2d:umodsys.mod.2d.stdlib.obj
 0001:00002b50       ??_ERModuleReg@stdlib@lib2d@modules@UModSys@@UEAAPEAXI@Z 0000000180003b50 f i  CIL library: CIL module
 0001:00002b50       ??_GRModuleReg@stdlib@lib2d@modules@UModSys@@UEAAPEAXI@Z 0000000180003b50 f i umodsys_lib_lib2d:umodsys.mod.2d.stdlib.obj
 0001:00002b80       ?utf_8to32@su@tl@UModSys@@YA_NAEAHAEAPEBDAEA_K@Z 0000000180003b80 f i umodsys_lib_libui:umodsys.mod.ui.SDL_core.obj
 0001:00002cc0       ?root_get_interface_info@RMultiImage2D_SDL_ttf@SDL_core@ui@modules@UModSys@@UEBAAEBUSUniquePointerInfo@core@5@XZ 0000000180003cc0 f i umodsys_lib_libui:umodsys.mod.ui.SDL_core.obj
 0001:00002cd0       ?root_get_interface_type@RMultiImage2D_SDL_ttf@SDL_core@ui@modules@UModSys@@UEBAPEBUSUniquePointerInfo@core@5@XZ 0000000180003cd0 f i umodsys_lib_libui:umodsys.mod.ui.SDL_core.obj
 0001:00002ce0       ?root_get_other_interface@RMultiImage2D_SDL_ttf@SDL_core@ui@modules@UModSys@@UEBAPEBUIRoot@core@5@PEBUSUniquePointerInfo@75@@Z 0000000180003ce0 f i umodsys_lib_libui:umodsys.mod.ui.SDL_core.obj
 0001:00002ce0       ?root_get_other_interface@RMultiImage2D_SDL_ttf@SDL_core@ui@modules@UModSys@@UEAAPEAUIRoot@core@5@PEBUSUniquePointerInfo@75@@Z 0000000180003ce0 f i umodsys_lib_libui:umodsys.mod.ui.SDL_core.obj
 0001:00002d10       ?root_is_interface_supported@RMultiImage2D_SDL_ttf@SDL_core@ui@modules@UModSys@@UEBA_NPEBUSUniquePointerInfo@core@5@@Z 0000000180003d10 f i umodsys_lib_libui:umodsys.mod.ui.SDL_core.obj
 0001:00002d40       ??0RMultiImage2D_SDL_ttf@SDL_core@ui@modules@UModSys@@QEAA@PEAURRenderDriver2D@1234@AEBUSParameters@core@4@@Z 0000000180003d40 f i umodsys_lib_libui:umodsys.mod.ui.SDL_core.obj
 0001:00002de0       ?open@RMultiImage2D_SDL_ttf@SDL_core@ui@modules@UModSys@@QEAA_NAEBUSParameters@core@5@@Z 0000000180003de0 f i umodsys_lib_libui:umodsys.mod.ui.SDL_core.obj
 0001:00002ee0       ?generate_glyphs@RMultiImage2D_SDL_ttf@SDL_core@ui@modules@UModSys@@QEAA_NXZ 0000000180003ee0 f i umodsys_lib_libui:umodsys.mod.ui.SDL_core.obj
 0001:00003040       ??_GRMultiImage2D_SDL_ttf@SDL_core@ui@modules@UModSys@@UEAAPEAXI@Z 0000000180004040 f i umodsys_lib_libui:umodsys.mod.ui.SDL_core.obj
 0001:00003040       ??_ERMultiImage2D_SDL_ttf@SDL_core@ui@modules@UModSys@@UEAAPEAXI@Z 0000000180004040 f i  CIL library: CIL module
 0001:000030c0       ?root_get_interface_info@RRenderDriver2D@SDL_core@ui@modules@UModSys@@UEBAAEBUSUniquePointerInfo@core@5@XZ 00000001800040c0 f i umodsys_lib_libui:umodsys.mod.ui.SDL_core.obj
 0001:000030d0       ?root_get_interface_type@RRenderDriver2D@SDL_core@ui@modules@UModSys@@UEBAPEBUSUniquePointerInfo@core@5@XZ 00000001800040d0 f i umodsys_lib_libui:umodsys.mod.ui.SDL_core.obj
 0001:000030e0       ?root_get_other_interface@RRenderDriver2D@SDL_core@ui@modules@UModSys@@UEAAPEAUIRoot@core@5@PEBUSUniquePointerInfo@75@@Z 00000001800040e0 f i umodsys_lib_libui:umodsys.mod.ui.SDL_core.obj
 0001:000030e0       ?root_get_other_interface@RRenderDriver2D@SDL_core@ui@modules@UModSys@@UEBAPEBUIRoot@core@5@PEBUSUniquePointerInfo@75@@Z 00000001800040e0 f i umodsys_lib_libui:umodsys.mod.ui.SDL_core.obj
 0001:00003110       ?root_is_interface_supported@RRenderDriver2D@SDL_core@ui@modules@UModSys@@UEBA_NPEBUSUniquePointerInfo@core@5@@Z 0000000180004110 f i umodsys_lib_libui:umodsys.mod.ui.SDL_core.obj
 0001:00003140       ?suicide@RKeyboardController@SDL_core@ui@modules@UModSys@@UEAAXXZ 0000000180004140 f i umodsys_lib_libui:umodsys.mod.ui.SDL_core.obj
 0001:00003140       ?suicide@RMouseController@SDL_core@ui@modules@UModSys@@UEAAXXZ 0000000180004140 f i umodsys_lib_libui:umodsys.mod.ui.SDL_core.obj
 0001:00003140       ?suicide@RRenderDriver2D@SDL_core@ui@modules@UModSys@@UEAAXXZ 0000000180004140 f i umodsys_lib_libui:umodsys.mod.ui.SDL_core.obj
 0001:00003140       ?suicide@RMultiImage2D_SDL_ttf@SDL_core@ui@modules@UModSys@@UEAAXXZ 0000000180004140 f i umodsys_lib_libui:umodsys.mod.ui.SDL_core.obj
 0001:00003140       ?suicide@RDialog@frames@ui@modules@UModSys@@UEAAXXZ 0000000180004140 f i umodsys_lib_libui:umodsys.mod.ui.frames.obj
 0001:00003190       ??0RRenderDriver2D@SDL_core@ui@modules@UModSys@@QEAA@PEAURTerminal@1234@AEBUSParameters@core@4@@Z 0000000180004190 f i umodsys_lib_libui:umodsys.mod.ui.SDL_core.obj
 0001:000032e0       ??1RRenderDriver2D@SDL_core@ui@modules@UModSys@@UEAA@XZ 00000001800042e0 f i umodsys_lib_libui:umodsys.mod.ui.SDL_core.obj
 0001:000033b0       ?open@RRenderDriver2D@SDL_core@ui@modules@UModSys@@QEAA_NAEBUSParameters@core@5@@Z 00000001800043b0 f i umodsys_lib_libui:umodsys.mod.ui.SDL_core.obj
 0001:000035d0       ?set_color@RRenderDriver2D@SDL_core@ui@modules@UModSys@@QEAAXXZ 00000001800045d0 f i umodsys_lib_libui:umodsys.mod.ui.SDL_core.obj
 0001:00003650       ?begin@RRenderDriver2D@SDL_core@ui@modules@UModSys@@UEAAXXZ 0000000180004650 f i umodsys_lib_libui:umodsys.mod.ui.SDL_core.obj
 0001:000036c0       ?end@RRenderDriver2D@SDL_core@ui@modules@UModSys@@UEAAXXZ 00000001800046c0 f i umodsys_lib_libui:umodsys.mod.ui.SDL_core.obj
 0001:000036e0       ?get_max_values@RRenderDriver2D@SDL_core@ui@modules@UModSys@@UEBAPEBUSParameters@core@5@XZ 00000001800046e0 f i umodsys_lib_libui:umodsys.mod.ui.SDL_core.obj
 0001:000036f0       ?get_frame_values@RRenderDriver2D@SDL_core@ui@modules@UModSys@@UEBAPEBUSParameters@core@5@XZ 00000001800046f0 f i umodsys_lib_libui:umodsys.mod.ui.SDL_core.obj
 0001:00003700       ?setup_font@RRenderDriver2D@SDL_core@ui@modules@UModSys@@UEAA_NPEAUIMultiImage@lib2d@5@PEBU?$TVector2@M@math3d@5@@Z 0000000180004700 f i umodsys_lib_libui:umodsys.mod.ui.SDL_core.obj
 0001:00003770       ?setup_color@RRenderDriver2D@SDL_core@ui@modules@UModSys@@UEAAXAEBU?$TVector3@M@math3d@5@@Z 0000000180004770 f i umodsys_lib_libui:umodsys.mod.ui.SDL_core.obj
 0001:000037a0       ?setup_color@RRenderDriver2D@SDL_core@ui@modules@UModSys@@UEAAXAEBU?$TVector3@H@math3d@5@@Z 00000001800047a0 f i umodsys_lib_libui:umodsys.mod.ui.SDL_core.obj
 0001:000037f0       ?setup_coloralpha@RRenderDriver2D@SDL_core@ui@modules@UModSys@@UEAAXAEBU?$TVector4@M@math3d@5@H@Z 00000001800047f0 f i umodsys_lib_libui:umodsys.mod.ui.SDL_core.obj
 0001:00003820       ?setup_coloralpha@RRenderDriver2D@SDL_core@ui@modules@UModSys@@UEAAXAEBU?$TVector4@H@math3d@5@H@Z 0000000180004820 f i umodsys_lib_libui:umodsys.mod.ui.SDL_core.obj
 0001:00003890       ?setup_blendcolor@RRenderDriver2D@SDL_core@ui@modules@UModSys@@UEAAXAEBUSBlendColor@lib2d@5@@Z 0000000180004890 f i umodsys_lib_libui:umodsys.mod.ui.SDL_core.obj
 0001:00003900       ?setup_blendcolor@RRenderDriver2D@SDL_core@ui@modules@UModSys@@UEAAXAEBUSBlendColorf@lib2d@5@@Z 0000000180004900 f i umodsys_lib_libui:umodsys.mod.ui.SDL_core.obj
 0001:00003960       ?setup_alpha@RRenderDriver2D@SDL_core@ui@modules@UModSys@@UEAAXHH@Z 0000000180004960 f i umodsys_lib_libui:umodsys.mod.ui.SDL_core.obj
 0001:00003990       ?setup_alpha@RRenderDriver2D@SDL_core@ui@modules@UModSys@@UEAAXMH@Z 0000000180004990 f i umodsys_lib_libui:umodsys.mod.ui.SDL_core.obj
 0001:000039b0       ?render_text_advanced@RRenderDriver2D@SDL_core@ui@modules@UModSys@@UEAA_NAEAUTextInfo@IRenderDriver@lib2d@5@PEBHH@Z 00000001800049b0 f i umodsys_lib_libui:umodsys.mod.ui.SDL_core.obj
 0001:00003c00       ?render_box@RRenderDriver2D@SDL_core@ui@modules@UModSys@@UEAAXAEBU?$TVector2@H@math3d@5@0@Z 0000000180004c00 f i umodsys_lib_libui:umodsys.mod.ui.SDL_core.obj
 0001:00003c50       ?render_tri@RRenderDriver2D@SDL_core@ui@modules@UModSys@@UEAAXAEBU?$TVector2@H@math3d@5@00@Z 0000000180004c50 f i umodsys_lib_libui:umodsys.mod.ui.SDL_core.obj
 0001:00003cd0       ?render_quad@RRenderDriver2D@SDL_core@ui@modules@UModSys@@UEAAXAEBU?$TVector2@H@math3d@5@000@Z 0000000180004cd0 f i umodsys_lib_libui:umodsys.mod.ui.SDL_core.obj
 0001:00003d80       ?render_line@RRenderDriver2D@SDL_core@ui@modules@UModSys@@UEAAXAEBU?$TVector2@H@math3d@5@0@Z 0000000180004d80 f i umodsys_lib_libui:umodsys.mod.ui.SDL_core.obj
 0001:00003db0       ?render_rect@RRenderDriver2D@SDL_core@ui@modules@UModSys@@UEAAXAEBU?$TVector2@H@math3d@5@0@Z 0000000180004db0 f i umodsys_lib_libui:umodsys.mod.ui.SDL_core.obj
 0001:00003e00       ??_GRRenderDriver2D@SDL_core@ui@modules@UModSys@@UEAAPEAXI@Z 0000000180004e00 f i umodsys_lib_libui:umodsys.mod.ui.SDL_core.obj
 0001:00003e00       ??_ERRenderDriver2D@SDL_core@ui@modules@UModSys@@UEAAPEAXI@Z 0000000180004e00 f i  CIL library: CIL module
 0001:00003e30       ?root_get_interface_info@RMouseController@SDL_core@ui@modules@UModSys@@UEBAAEBUSUniquePointerInfo@core@5@XZ 0000000180004e30 f i umodsys_lib_libui:umodsys.mod.ui.SDL_core.obj
 0001:00003e40       ?root_get_interface_type@RMouseController@SDL_core@ui@modules@UModSys@@UEBAPEBUSUniquePointerInfo@core@5@XZ 0000000180004e40 f i umodsys_lib_libui:umodsys.mod.ui.SDL_core.obj
 0001:00003e50       ?root_get_other_interface@RMouseController@SDL_core@ui@modules@UModSys@@UEBAPEBUIRoot@core@5@PEBUSUniquePointerInfo@75@@Z 0000000180004e50 f i umodsys_lib_libui:umodsys.mod.ui.SDL_core.obj
 0001:00003e50       ?root_get_other_interface@RMouseController@SDL_core@ui@modules@UModSys@@UEAAPEAUIRoot@core@5@PEBUSUniquePointerInfo@75@@Z 0000000180004e50 f i umodsys_lib_libui:umodsys.mod.ui.SDL_core.obj
 0001:00003e80       ?root_is_interface_supported@RMouseController@SDL_core@ui@modules@UModSys@@UEBA_NPEBUSUniquePointerInfo@core@5@@Z 0000000180004e80 f i umodsys_lib_libui:umodsys.mod.ui.SDL_core.obj
 0001:00003eb0       ?process@RMouseController@SDL_core@ui@modules@UModSys@@QEAA_NAEAUSDL_MouseMotionEvent@@@Z 0000000180004eb0 f i umodsys_lib_libui:umodsys.mod.ui.SDL_core.obj
 0001:00004030       ?process@RMouseController@SDL_core@ui@modules@UModSys@@QEAA_NAEAUSDL_MouseButtonEvent@@@Z 0000000180005030 f i umodsys_lib_libui:umodsys.mod.ui.SDL_core.obj
 0001:00004180       ?process@RMouseController@SDL_core@ui@modules@UModSys@@QEAA_NAEAUSDL_MouseWheelEvent@@@Z 0000000180005180 f i umodsys_lib_libui:umodsys.mod.ui.SDL_core.obj
 0001:00004290       ?mouse_unlink@RMouseController@SDL_core@ui@modules@UModSys@@UEAA_NH@Z 0000000180005290 f i umodsys_lib_libui:umodsys.mod.ui.SDL_core.obj
 0001:00004290       ?key_unlink@RKeyboardController@SDL_core@ui@modules@UModSys@@UEAA_NH@Z 0000000180005290 f i umodsys_lib_libui:umodsys.mod.ui.SDL_core.obj
 0001:00004310       ?mouse_link@RMouseController@SDL_core@ui@modules@UModSys@@UEAA_NHPEAUIRefObject@core@5@PEAUIMouseClient@libui@5@H@Z 0000000180005310 f i umodsys_lib_libui:umodsys.mod.ui.SDL_core.obj
 0001:000043b0       ??_ERMouseController@SDL_core@ui@modules@UModSys@@UEAAPEAXI@Z 00000001800053b0 f i  CIL library: CIL module
 0001:000043b0       ??_GRMouseController@SDL_core@ui@modules@UModSys@@UEAAPEAXI@Z 00000001800053b0 f i umodsys_lib_libui:umodsys.mod.ui.SDL_core.obj
 0001:00004420       ?root_get_interface_info@RKeyboardController@SDL_core@ui@modules@UModSys@@UEBAAEBUSUniquePointerInfo@core@5@XZ 0000000180005420 f i umodsys_lib_libui:umodsys.mod.ui.SDL_core.obj
 0001:00004430       ?root_get_interface_type@RKeyboardController@SDL_core@ui@modules@UModSys@@UEBAPEBUSUniquePointerInfo@core@5@XZ 0000000180005430 f i umodsys_lib_libui:umodsys.mod.ui.SDL_core.obj
 0001:00004440       ?root_get_other_interface@RKeyboardController@SDL_core@ui@modules@UModSys@@UEBAPEBUIRoot@core@5@PEBUSUniquePointerInfo@75@@Z 0000000180005440 f i umodsys_lib_libui:umodsys.mod.ui.SDL_core.obj
 0001:00004440       ?root_get_other_interface@RKeyboardController@SDL_core@ui@modules@UModSys@@UEAAPEAUIRoot@core@5@PEBUSUniquePointerInfo@75@@Z 0000000180005440 f i umodsys_lib_libui:umodsys.mod.ui.SDL_core.obj
 0001:00004470       ?root_is_interface_supported@RKeyboardController@SDL_core@ui@modules@UModSys@@UEBA_NPEBUSUniquePointerInfo@core@5@@Z 0000000180005470 f i umodsys_lib_libui:umodsys.mod.ui.SDL_core.obj
 0001:000044a0       ?process@RKeyboardController@SDL_core@ui@modules@UModSys@@QEAA_NAEAUSDL_KeyboardEvent@@@Z 00000001800054a0 f i umodsys_lib_libui:umodsys.mod.ui.SDL_core.obj
 0001:000045b0       ?process@RKeyboardController@SDL_core@ui@modules@UModSys@@QEAA_NAEAUSDL_TextInputEvent@@@Z 00000001800055b0 f i umodsys_lib_libui:umodsys.mod.ui.SDL_core.obj
 0001:00004770       ?map_keycode@RKeyboardController@SDL_core@ui@modules@UModSys@@QEAA?AW4eKeyCode@libui@5@H@Z 0000000180005770 f i umodsys_lib_libui:umodsys.mod.ui.SDL_core.obj
 0001:00004cd0       ?map_keyspecial@RKeyboardController@SDL_core@ui@modules@UModSys@@QEAAFG@Z 0000000180005cd0 f i umodsys_lib_libui:umodsys.mod.ui.SDL_core.obj
 0001:00004d70       ?key_link@RKeyboardController@SDL_core@ui@modules@UModSys@@UEAA_NHPEAUIRefObject@core@5@PEAUIKeyboardClient@libui@5@@Z 0000000180005d70 f i umodsys_lib_libui:umodsys.mod.ui.SDL_core.obj
 0001:00004e00       ?key_setvisible@RKeyboardController@SDL_core@ui@modules@UModSys@@UEAA_N_N@Z 0000000180005e00 f i umodsys_lib_libui:umodsys.mod.ui.SDL_core.obj
 0001:00004e20       ??_GRKeyboardController@SDL_core@ui@modules@UModSys@@UEAAPEAXI@Z 0000000180005e20 f i umodsys_lib_libui:umodsys.mod.ui.SDL_core.obj
 0001:00004e20       ??_ERKeyboardController@SDL_core@ui@modules@UModSys@@UEAAPEAXI@Z 0000000180005e20 f i  CIL library: CIL module
 0001:00004e90       ?root_get_interface_info@RTerminal@SDL_core@ui@modules@UModSys@@UEBAAEBUSUniquePointerInfo@core@5@XZ 0000000180005e90 f i umodsys_lib_libui:umodsys.mod.ui.SDL_core.obj
 0001:00004ea0       ?root_get_interface_type@RTerminal@SDL_core@ui@modules@UModSys@@UEBAPEBUSUniquePointerInfo@core@5@XZ 0000000180005ea0 f i umodsys_lib_libui:umodsys.mod.ui.SDL_core.obj
 0001:00004eb0       ?root_get_other_interface@RTerminal@SDL_core@ui@modules@UModSys@@UEBAPEBUIRoot@core@5@PEBUSUniquePointerInfo@75@@Z 0000000180005eb0 f i umodsys_lib_libui:umodsys.mod.ui.SDL_core.obj
 0001:00004eb0       ?root_get_other_interface@RTerminal@SDL_core@ui@modules@UModSys@@UEAAPEAUIRoot@core@5@PEBUSUniquePointerInfo@75@@Z 0000000180005eb0 f i umodsys_lib_libui:umodsys.mod.ui.SDL_core.obj
 0001:00004ee0       ?root_is_interface_supported@RTerminal@SDL_core@ui@modules@UModSys@@UEBA_NPEBUSUniquePointerInfo@core@5@@Z 0000000180005ee0 f i umodsys_lib_libui:umodsys.mod.ui.SDL_core.obj
 0001:00004f10       ?ref_remove@RImage_Memory@stdlib@lib2d@modules@UModSys@@UEBAXXZ 0000000180005f10 f i umodsys_lib_lib2d:umodsys.mod.2d.stdlib.obj
 0001:00004f10       ?ref_remove@RMultiImage2D_SDL_ttf@SDL_core@ui@modules@UModSys@@UEBAXXZ 0000000180005f10 f i umodsys_lib_libui:umodsys.mod.ui.SDL_core.obj
 0001:00004f10       ?ref_remove@RTerminal@SDL_core@ui@modules@UModSys@@UEBAXXZ 0000000180005f10 f i umodsys_lib_libui:umodsys.mod.ui.SDL_core.obj
 0001:00004f10       ?ref_remove@RGenerator@serialize_json@media@modules@UModSys@@UEBAXXZ 0000000180005f10 f i umodsys_lib_libmedia:umodsys.mod.media.serialize_json.obj
 0001:00004f10       ?ref_remove@RGenerator@test1@test@modules@UModSys@@UEBAXXZ 0000000180005f10 f i plugin_test1.obj
 0001:00004f10       ?ref_remove@RRenderDriver2D@SDL_core@ui@modules@UModSys@@UEBAXXZ 0000000180005f10 f i umodsys_lib_libui:umodsys.mod.ui.SDL_core.obj
 0001:00004f10       ?ref_remove@RGenerator@stdlib@lib2d@modules@UModSys@@UEBAXXZ 0000000180005f10 f i umodsys_lib_lib2d:umodsys.mod.2d.stdlib.obj
 0001:00004f10       ?ref_remove@RKeyboardController@SDL_core@ui@modules@UModSys@@UEBAXXZ 0000000180005f10 f i umodsys_lib_libui:umodsys.mod.ui.SDL_core.obj
 0001:00004f10       ?ref_remove@RGenerator@frames@ui@modules@UModSys@@UEBAXXZ 0000000180005f10 f i umodsys_lib_libui:umodsys.mod.ui.frames.obj
 0001:00004f10       ?ref_remove@RSerializeReader@serialize_json@media@modules@UModSys@@UEBAXXZ 0000000180005f10 f i umodsys_lib_libmedia:umodsys.mod.media.serialize_json.obj
 0001:00004f10       ?ref_remove@RMouseController@SDL_core@ui@modules@UModSys@@UEBAXXZ 0000000180005f10 f i umodsys_lib_libui:umodsys.mod.ui.SDL_core.obj
 0001:00004f10       ?ref_remove@RGenerator@SDL_core@ui@modules@UModSys@@UEBAXXZ 0000000180005f10 f i umodsys_lib_libui:umodsys.mod.ui.SDL_core.obj
 0001:00004f10       ?ref_remove@RDialog@frames@ui@modules@UModSys@@UEBAXXZ 0000000180005f10 f i umodsys_lib_libui:umodsys.mod.ui.frames.obj
 0001:00004f10       ?ref_remove@RGenerator@images_std@media@modules@UModSys@@UEBAXXZ 0000000180005f10 f i umodsys_lib_libmedia:umodsys.mod.media.images_std.obj
 0001:00004f30       ?ref_weak@RGenerator@frames@ui@modules@UModSys@@UEBA_NAEAUWeakPointer@IRefObject@core@5@@Z 0000000180005f30 f i umodsys_lib_libui:umodsys.mod.ui.frames.obj
 0001:00004f30       ?ref_weak@RGenerator@stdlib@lib2d@modules@UModSys@@UEBA_NAEAUWeakPointer@IRefObject@core@5@@Z 0000000180005f30 f i umodsys_lib_lib2d:umodsys.mod.2d.stdlib.obj
 0001:00004f30       ?ref_weak@RGenerator@test1@test@modules@UModSys@@UEBA_NAEAUWeakPointer@IRefObject@core@5@@Z 0000000180005f30 f i plugin_test1.obj
 0001:00004f30       ?ref_weak@RDialog@frames@ui@modules@UModSys@@UEBA_NAEAUWeakPointer@IRefObject@core@5@@Z 0000000180005f30 f i umodsys_lib_libui:umodsys.mod.ui.frames.obj
 0001:00004f30       ?ref_weak@RTerminal@SDL_core@ui@modules@UModSys@@UEBA_NAEAUWeakPointer@IRefObject@core@5@@Z 0000000180005f30 f i umodsys_lib_libui:umodsys.mod.ui.SDL_core.obj
 0001:00004f30       ?ref_weak@RMultiImage2D_SDL_ttf@SDL_core@ui@modules@UModSys@@UEBA_NAEAUWeakPointer@IRefObject@core@5@@Z 0000000180005f30 f i umodsys_lib_libui:umodsys.mod.ui.SDL_core.obj
 0001:00004f30       ?ref_weak@RSerializeReader@serialize_json@media@modules@UModSys@@UEBA_NAEAUWeakPointer@IRefObject@core@5@@Z 0000000180005f30 f i umodsys_lib_libmedia:umodsys.mod.media.serialize_json.obj
 0001:00004f30       ?ref_weak@RGenerator@images_std@media@modules@UModSys@@UEBA_NAEAUWeakPointer@IRefObject@core@5@@Z 0000000180005f30 f i umodsys_lib_libmedia:umodsys.mod.media.images_std.obj
 0001:00004f30       ?ref_weak@RImage_Memory@stdlib@lib2d@modules@UModSys@@UEBA_NAEAUWeakPointer@IRefObject@core@5@@Z 0000000180005f30 f i umodsys_lib_lib2d:umodsys.mod.2d.stdlib.obj
 0001:00004f30       ?ref_weak@RMouseController@SDL_core@ui@modules@UModSys@@UEBA_NAEAUWeakPointer@IRefObject@core@5@@Z 0000000180005f30 f i umodsys_lib_libui:umodsys.mod.ui.SDL_core.obj
 0001:00004f30       ?ref_weak@RRenderDriver2D@SDL_core@ui@modules@UModSys@@UEBA_NAEAUWeakPointer@IRefObject@core@5@@Z 0000000180005f30 f i umodsys_lib_libui:umodsys.mod.ui.SDL_core.obj
 0001:00004f30       ?ref_weak@RKeyboardController@SDL_core@ui@modules@UModSys@@UEBA_NAEAUWeakPointer@IRefObject@core@5@@Z 0000000180005f30 f i umodsys_lib_libui:umodsys.mod.ui.SDL_core.obj
 0001:00004f30       ?ref_weak@RGenerator@SDL_core@ui@modules@UModSys@@UEBA_NAEAUWeakPointer@IRefObject@core@5@@Z 0000000180005f30 f i umodsys_lib_libui:umodsys.mod.ui.SDL_core.obj
 0001:00004f30       ?ref_weak@RGenerator@serialize_json@media@modules@UModSys@@UEBA_NAEAUWeakPointer@IRefObject@core@5@@Z 0000000180005f30 f i umodsys_lib_libmedia:umodsys.mod.media.serialize_json.obj
 0001:00004f50       ??0RTerminal@SDL_core@ui@modules@UModSys@@QEAA@PEAUIModObject@base@4@AEBUSParameters@core@4@@Z 0000000180005f50 f i umodsys_lib_libui:umodsys.mod.ui.SDL_core.obj
 0001:00005000       ??1RTerminal@SDL_core@ui@modules@UModSys@@UEAA@XZ 0000000180006000 f i umodsys_lib_libui:umodsys.mod.ui.SDL_core.obj
 0001:000050c0       ?poll_events@RTerminal@SDL_core@ui@modules@UModSys@@UEAA_NH@Z 00000001800060c0 f i umodsys_lib_libui:umodsys.mod.ui.SDL_core.obj
 0001:00005230       ?get_terminal_state@RTerminal@SDL_core@ui@modules@UModSys@@UEAA_NW4eTerminalState@libui@5@@Z 0000000180006230 f i umodsys_lib_libui:umodsys.mod.ui.SDL_core.obj
 0001:00005240       ?set_terminal_state@RTerminal@SDL_core@ui@modules@UModSys@@UEAA_NW4eTerminalState@libui@5@_N@Z 0000000180006240 f i umodsys_lib_libui:umodsys.mod.ui.SDL_core.obj
 0001:000052d0       ?get_clock@RTerminal@SDL_core@ui@modules@UModSys@@UEAANXZ 00000001800062d0 f i umodsys_lib_libui:umodsys.mod.ui.SDL_core.obj
 0001:000052f0       ?wait@RTerminal@SDL_core@ui@modules@UModSys@@UEAA_NM@Z 00000001800062f0 f i umodsys_lib_libui:umodsys.mod.ui.SDL_core.obj
 0001:00005310       ?get_count@RTerminal@SDL_core@ui@modules@UModSys@@UEBA_KPEBUSUniquePointerInfo@core@5@@Z 0000000180006310 f i umodsys_lib_libui:umodsys.mod.ui.SDL_core.obj
 0001:00005350       ?get_handler@RTerminal@SDL_core@ui@modules@UModSys@@UEBAPEAUIRefObject@core@5@PEBUSUniquePointerInfo@75@_K@Z 0000000180006350 f i umodsys_lib_libui:umodsys.mod.ui.SDL_core.obj
 0001:00005390       ?create_handler@RTerminal@SDL_core@ui@modules@UModSys@@UEAA_NPEBUSUniquePointerInfo@core@5@AEAU?$TRefObject@UIRefObject@core@UModSys@@U?$TRefObjectFunc@UIRefObject@core@UModSys@@@tl@3@@tl@5@PEBDPEBUSParameters@75@@Z 0000000180006390 f i umodsys_lib_libui:umodsys.mod.ui.SDL_core.obj
 0001:000056a0       ??_ERTerminal@SDL_core@ui@modules@UModSys@@UEAAPEAXI@Z 00000001800066a0 f i  CIL library: CIL module
 0001:000056a0       ??_GRTerminal@SDL_core@ui@modules@UModSys@@UEAAPEAXI@Z 00000001800066a0 f i umodsys_lib_libui:umodsys.mod.ui.SDL_core.obj
 0001:000056d0       ?get_generated_names@RGenerator@SDL_core@ui@modules@UModSys@@UEBAHAEAUSUniquePtrList@core@5@@Z 00000001800066d0 f i umodsys_lib_libui:umodsys.mod.ui.SDL_core.obj
 0001:000056f0       ?get_generated_types@RGenerator@SDL_core@ui@modules@UModSys@@UEBAHAEAUSUniquePtrList@core@5@PEBUSUniquePointerInfo@75@@Z 00000001800066f0 f i umodsys_lib_libui:umodsys.mod.ui.SDL_core.obj
 0001:00005750       ?generate@RGenerator@SDL_core@ui@modules@UModSys@@UEAA_NAEAU?$TRefObject@UIRefObject@core@UModSys@@U?$TRefObjectFunc@UIRefObject@core@UModSys@@@tl@3@@tl@5@PEBUSUniquePointerInfo@core@5@AEBUSParameters@95@@Z 0000000180006750 f i umodsys_lib_libui:umodsys.mod.ui.SDL_core.obj
 0001:000057d0       ?root_get_interface_info@RGenerator@SDL_core@ui@modules@UModSys@@UEBAAEBUSUniquePointerInfo@core@5@XZ 00000001800067d0 f i umodsys_lib_libui:umodsys.mod.ui.SDL_core.obj
 0001:000057e0       ?root_get_interface_type@RGenerator@SDL_core@ui@modules@UModSys@@UEBAPEBUSUniquePointerInfo@core@5@XZ 00000001800067e0 f i umodsys_lib_libui:umodsys.mod.ui.SDL_core.obj
 0001:000057f0       ?root_get_other_interface@RGenerator@SDL_core@ui@modules@UModSys@@UEAAPEAUIRoot@core@5@PEBUSUniquePointerInfo@75@@Z 00000001800067f0 f i umodsys_lib_libui:umodsys.mod.ui.SDL_core.obj
 0001:000057f0       ?root_get_other_interface@RGenerator@SDL_core@ui@modules@UModSys@@UEBAPEBUIRoot@core@5@PEBUSUniquePointerInfo@75@@Z 00000001800067f0 f i umodsys_lib_libui:umodsys.mod.ui.SDL_core.obj
 0001:00005830       ?root_is_interface_supported@RGenerator@SDL_core@ui@modules@UModSys@@UEBA_NPEBUSUniquePointerInfo@core@5@@Z 0000000180006830 f i umodsys_lib_libui:umodsys.mod.ui.SDL_core.obj
 0001:00005870       ?get_uid@RGenerator@SDL_core@ui@modules@UModSys@@UEBAPEBUSUniquePointerInfo@core@5@XZ 0000000180006870 f i umodsys_lib_libui:umodsys.mod.ui.SDL_core.obj
 0001:00005880       ?do_open@RModuleReg@SDL_core@ui@modules@UModSys@@UEAA_NXZ 0000000180006880 f i umodsys_lib_libui:umodsys.mod.ui.SDL_core.obj
 0001:00005890       ?do_close@RModuleReg@SDL_core@ui@modules@UModSys@@UEAA_NXZ 0000000180006890 f i umodsys_lib_libui:umodsys.mod.ui.SDL_core.obj
 0001:000058a0       ??_GRModuleReg@SDL_core@ui@modules@UModSys@@UEAAPEAXI@Z 00000001800068a0 f i umodsys_lib_libui:umodsys.mod.ui.SDL_core.obj
 0001:000058a0       ??_ERModuleReg@SDL_core@ui@modules@UModSys@@UEAAPEAXI@Z 00000001800068a0 f i  CIL library: CIL module
 0001:000058d0       ??1?$TScatterArray@UGlyph@RMultiImage2D_SDL_ttf@SDL_core@ui@modules@UModSys@@HU?$TScalarCompare@H@core@6@U?$TNodeDeleter0@U?$TScatterArrayNode@UGlyph@RMultiImage2D_SDL_ttf@SDL_core@ui@modules@UModSys@@H@tl@UModSys@@@tl@6@@tl@UModSys@@QEAA@XZ 00000001800068d0 f i umodsys_lib_libui:umodsys.mod.ui.SDL_core.obj
 0001:00005900       ??1?$TRefObject@URRenderDriver2D@SDL_core@ui@modules@UModSys@@U?$TRefObjectWeakFunc@URRenderDriver2D@SDL_core@ui@modules@UModSys@@@tl@5@@tl@UModSys@@QEAA@XZ 0000000180006900 f i umodsys_lib_libui:umodsys.mod.ui.SDL_core.obj
 0001:00005900       ??1?$TRefObject@URMultiImage2D_SDL_ttf@SDL_core@ui@modules@UModSys@@U?$TRefObjectWeakFunc@URMultiImage2D_SDL_ttf@SDL_core@ui@modules@UModSys@@@tl@5@@tl@UModSys@@QEAA@XZ 0000000180006900 f i umodsys_lib_libui:umodsys.mod.ui.SDL_core.obj
 0001:00005940       ?remove_node@?$TTreeHoldRB@U?$TScatterArrayNode@U?$TRefObjectComposite@UIKeyboardClient@libui@UModSys@@UIRefObject@core@3@U?$TRefObjectFunc@UIRefObject@core@UModSys@@@tl@3@@tl@UModSys@@H@tl@UModSys@@@tl@UModSys@@QEAAXPEAU?$TScatterArrayNode@U?$TRefObjectComposite@UIKeyboardClient@libui@UModSys@@UIRefObject@core@3@U?$TRefObjectFunc@UIRefObject@core@UModSys@@@tl@3@@tl@UModSys@@H@23@@Z 0000000180006940 f i umodsys_lib_libui:umodsys.mod.ui.SDL_core.obj
 0001:00005940       ?remove_node@?$TTreeHoldRB@U?$TScatterArrayNode@U?$TRefObjectCompositeExtra@UIMouseClient@libui@UModSys@@HUIRefObject@core@3@U?$TRefObjectFunc@UIRefObject@core@UModSys@@@tl@3@@tl@UModSys@@H@tl@UModSys@@@tl@UModSys@@QEAAXPEAU?$TScatterArrayNode@U?$TRefObjectCompositeExtra@UIMouseClient@libui@UModSys@@HUIRefObject@core@3@U?$TRefObjectFunc@UIRefObject@core@UModSys@@@tl@3@@tl@UModSys@@H@23@@Z 0000000180006940 f i umodsys_lib_libui:umodsys.mod.ui.SDL_core.obj
 0001:00005a60       ??R?$TNodeDeleter0@U?$TScatterArrayNode@U?$TRefObjectComposite@UIKeyboardClient@libui@UModSys@@UIRefObject@core@3@U?$TRefObjectFunc@UIRefObject@core@UModSys@@@tl@3@@tl@UModSys@@H@tl@UModSys@@@tl@UModSys@@QEBAHPEAU?$TScatterArrayNode@U?$TRefObjectComposite@UIKeyboardClient@libui@UModSys@@UIRefObject@core@3@U?$TRefObjectFunc@UIRefObject@core@UModSys@@@tl@3@@tl@UModSys@@H@12@@Z 0000000180006a60 f i umodsys_lib_libui:umodsys.mod.ui.SDL_core.obj
 0001:00005a60       ??R?$TNodeDeleter0@U?$TScatterArrayNode@U?$TRefObjectCompositeExtra@UIMouseClient@libui@UModSys@@HUIRefObject@core@3@U?$TRefObjectFunc@UIRefObject@core@UModSys@@@tl@3@@tl@UModSys@@H@tl@UModSys@@@tl@UModSys@@QEBAHPEAU?$TScatterArrayNode@U?$TRefObjectCompositeExtra@UIMouseClient@libui@UModSys@@HUIRefObject@core@3@U?$TRefObjectFunc@UIRefObject@core@UModSys@@@tl@3@@tl@UModSys@@H@12@@Z 0000000180006a60 f i umodsys_lib_libui:umodsys.mod.ui.SDL_core.obj
 0001:00005ae0       ??1?$TPair@HU?$TRefObjectCompositeExtra@UIMouseClient@libui@UModSys@@HUIRefObject@core@3@U?$TRefObjectFunc@UIRefObject@core@UModSys@@@tl@3@@tl@UModSys@@@tl@UModSys@@QEAA@XZ 0000000180006ae0 f i umodsys_lib_libui:umodsys.mod.ui.SDL_core.obj
 0001:00005ae0       ??1?$TPair@HU?$TRefObjectComposite@UIKeyboardClient@libui@UModSys@@UIRefObject@core@3@U?$TRefObjectFunc@UIRefObject@core@UModSys@@@tl@3@@tl@UModSys@@@tl@UModSys@@QEAA@XZ 0000000180006ae0 f i umodsys_lib_libui:umodsys.mod.ui.SDL_core.obj
 0001:00005b30       ??1?$TRefObjectComposite@UIKeyboardClient@libui@UModSys@@UIRefObject@core@3@U?$TRefObjectFunc@UIRefObject@core@UModSys@@@tl@3@@tl@UModSys@@QEAA@XZ 0000000180006b30 f i umodsys_lib_libui:umodsys.mod.ui.SDL_core.obj
 0001:00005b30       ??1?$TRefObjectCompositeExtra@UIMouseClient@libui@UModSys@@HUIRefObject@core@3@U?$TRefObjectFunc@UIRefObject@core@UModSys@@@tl@3@@tl@UModSys@@QEAA@XZ 0000000180006b30 f i umodsys_lib_libui:umodsys.mod.ui.SDL_core.obj
 0001:00005b80       ??$t_ref_get_other_interface@URMultiImage2D_SDL_ttf@SDL_core@ui@modules@UModSys@@U?$TRefObjectWeakFunc@URMultiImage2D_SDL_ttf@SDL_core@ui@modules@UModSys@@@tl@5@@IRefObject@core@UModSys@@QEAA_NAEAU?$TRefObject@URMultiImage2D_SDL_ttf@SDL_core@ui@modules@UModSys@@U?$TRefObjectWeakFunc@URMultiImage2D_SDL_ttf@SDL_core@ui@modules@UModSys@@@tl@5@@tl@2@@Z 0000000180006b80 f i umodsys_lib_libui:umodsys.mod.ui.SDL_core.obj
 0001:00005c00       ?remove_color@?$TTreeHoldRB@U?$TScatterArrayNode@U?$TRefObjectComposite@UIKeyboardClient@libui@UModSys@@UIRefObject@core@3@U?$TRefObjectFunc@UIRefObject@core@UModSys@@@tl@3@@tl@UModSys@@H@tl@UModSys@@@tl@UModSys@@IEAAXPEAU?$TScatterArrayNode@U?$TRefObjectComposite@UIKeyboardClient@libui@UModSys@@UIRefObject@core@3@U?$TRefObjectFunc@UIRefObject@core@UModSys@@@tl@3@@tl@UModSys@@H@23@0@Z 0000000180006c00 f i umodsys_lib_libui:umodsys.mod.ui.SDL_core.obj
 0001:00005c00       ?remove_color@?$TTreeHoldRB@U?$TScatterArrayNode@U?$TRefObjectCompositeExtra@UIMouseClient@libui@UModSys@@HUIRefObject@core@3@U?$TRefObjectFunc@UIRefObject@core@UModSys@@@tl@3@@tl@UModSys@@H@tl@UModSys@@@tl@UModSys@@IEAAXPEAU?$TScatterArrayNode@U?$TRefObjectCompositeExtra@UIMouseClient@libui@UModSys@@HUIRefObject@core@3@U?$TRefObjectFunc@UIRefObject@core@UModSys@@@tl@3@@tl@UModSys@@H@23@0@Z 0000000180006c00 f i umodsys_lib_libui:umodsys.mod.ui.SDL_core.obj
 0001:00005ec0       ??$t_close@U?$TRefObject@URRenderDriver2D@SDL_core@ui@modules@UModSys@@U?$TRefObjectWeakFunc@URRenderDriver2D@SDL_core@ui@modules@UModSys@@@tl@5@@tl@UModSys@@@SDL_core@ui@modules@UModSys@@YA_NAEAU?$TScatterArray@U?$TRefObject@URRenderDriver2D@SDL_core@ui@modules@UModSys@@U?$TRefObjectWeakFunc@URRenderDriver2D@SDL_core@ui@modules@UModSys@@@tl@5@@tl@UModSys@@HU?$TScalarCompare@H@core@3@U?$TNodeDeleter0@U?$TScatterArrayNode@U?$TRefObject@URRenderDriver2D@SDL_core@ui@modules@UModSys@@U?$TRefObjectWeakFunc@URRenderDriver2D@SDL_core@ui@modules@UModSys@@@tl@5@@tl@UModSys@@H@tl@UModSys@@@23@@tl@3@@Z 0000000180006ec0 f i umodsys_lib_libui:umodsys.mod.ui.SDL_core.obj
 0001:00005fb0       ??$t_count@U?$TRefObject@URRenderDriver2D@SDL_core@ui@modules@UModSys@@U?$TRefObjectWeakFunc@URRenderDriver2D@SDL_core@ui@modules@UModSys@@@tl@5@@tl@UModSys@@@SDL_core@ui@modules@UModSys@@YA_KAEBU?$TScatterArray@U?$TRefObject@URRenderDriver2D@SDL_core@ui@modules@UModSys@@U?$TRefObjectWeakFunc@URRenderDriver2D@SDL_core@ui@modules@UModSys@@@tl@5@@tl@UModSys@@HU?$TScalarCompare@H@core@3@U?$TNodeDeleter0@U?$TScatterArrayNode@U?$TRefObject@URRenderDriver2D@SDL_core@ui@modules@UModSys@@U?$TRefObjectWeakFunc@URRenderDriver2D@SDL_core@ui@modules@UModSys@@@tl@5@@tl@UModSys@@H@tl@UModSys@@@23@@tl@3@@Z 0000000180006fb0 f i umodsys_lib_libui:umodsys.mod.ui.SDL_core.obj
 0001:00006030       ??$t_get@U?$TRefObject@URRenderDriver2D@SDL_core@ui@modules@UModSys@@U?$TRefObjectWeakFunc@URRenderDriver2D@SDL_core@ui@modules@UModSys@@@tl@5@@tl@UModSys@@@SDL_core@ui@modules@UModSys@@YAPEAUIRefObject@core@3@AEBU?$TScatterArray@U?$TRefObject@URRenderDriver2D@SDL_core@ui@modules@UModSys@@U?$TRefObjectWeakFunc@URRenderDriver2D@SDL_core@ui@modules@UModSys@@@tl@5@@tl@UModSys@@HU?$TScalarCompare@H@core@3@U?$TNodeDeleter0@U?$TScatterArrayNode@U?$TRefObject@URRenderDriver2D@SDL_core@ui@modules@UModSys@@U?$TRefObjectWeakFunc@URRenderDriver2D@SDL_core@ui@modules@UModSys@@@tl@5@@tl@UModSys@@H@tl@UModSys@@@23@@tl@3@_K@Z 0000000180007030 f i umodsys_lib_libui:umodsys.mod.ui.SDL_core.obj
 0001:000060d0       ??$ValidateConstruction@UIRefObject@core@UModSys@@URRenderDriver2D@SDL_core@ui@modules@3@@core@UModSys@@YA_NAEAU?$TRefObject@UIRefObject@core@UModSys@@U?$TRefObjectFunc@UIRefObject@core@UModSys@@@tl@3@@tl@1@U?$TRefObject@URRenderDriver2D@SDL_core@ui@modules@UModSys@@U?$TRefObjectFunc@URRenderDriver2D@SDL_core@ui@modules@UModSys@@@tl@5@@31@@Z 00000001800070d0 f i umodsys_lib_libui:umodsys.mod.ui.SDL_core.obj
 0001:00006180       ??$t_add@U?$TRefObject@URRenderDriver2D@SDL_core@ui@modules@UModSys@@U?$TRefObjectWeakFunc@URRenderDriver2D@SDL_core@ui@modules@UModSys@@@tl@5@@tl@UModSys@@URRenderDriver2D@SDL_core@ui@modules@3@@SDL_core@ui@modules@UModSys@@YA_NAEAU?$TScatterArray@U?$TRefObject@URRenderDriver2D@SDL_core@ui@modules@UModSys@@U?$TRefObjectWeakFunc@URRenderDriver2D@SDL_core@ui@modules@UModSys@@@tl@5@@tl@UModSys@@HU?$TScalarCompare@H@core@3@U?$TNodeDeleter0@U?$TScatterArrayNode@U?$TRefObject@URRenderDriver2D@SDL_core@ui@modules@UModSys@@U?$TRefObjectWeakFunc@URRenderDriver2D@SDL_core@ui@modules@UModSys@@@tl@5@@tl@UModSys@@H@tl@UModSys@@@23@@tl@3@PEAURRenderDriver2D@0123@@Z 0000000180007180 f i umodsys_lib_libui:umodsys.mod.ui.SDL_core.obj
 0001:00006200       ??$ValidateConstruction@UIRefObject@core@UModSys@@URKeyboardController@SDL_core@ui@modules@3@@core@UModSys@@YA_NAEAU?$TRefObject@UIRefObject@core@UModSys@@U?$TRefObjectFunc@UIRefObject@core@UModSys@@@tl@3@@tl@1@U?$TRefObject@URKeyboardController@SDL_core@ui@modules@UModSys@@U?$TRefObjectFunc@URKeyboardController@SDL_core@ui@modules@UModSys@@@tl@5@@31@@Z 0000000180007200 f i umodsys_lib_libui:umodsys.mod.ui.SDL_core.obj
 0001:00006200       ??$ValidateConstruction@UIRefObject@core@UModSys@@URMouseController@SDL_core@ui@modules@3@@core@UModSys@@YA_NAEAU?$TRefObject@UIRefObject@core@UModSys@@U?$TRefObjectFunc@UIRefObject@core@UModSys@@@tl@3@@tl@1@U?$TRefObject@URMouseController@SDL_core@ui@modules@UModSys@@U?$TRefObjectFunc@URMouseController@SDL_core@ui@modules@UModSys@@@tl@5@@31@@Z 0000000180007200 f i umodsys_lib_libui:umodsys.mod.ui.SDL_core.obj
 0001:00006290       ??$ValidateConstruction@UIMultiImage@lib2d@UModSys@@URMultiImage2D_SDL_ttf@SDL_core@ui@modules@3@@core@UModSys@@YA_NAEAU?$TRefObject@UIMultiImage@lib2d@UModSys@@U?$TRefObjectFunc@UIMultiImage@lib2d@UModSys@@@tl@3@@tl@1@PEAURMultiImage2D_SDL_ttf@SDL_core@ui@modules@1@@Z 0000000180007290 f i umodsys_lib_libui:umodsys.mod.ui.SDL_core.obj
 0001:00006310       ??$genx_node@UCmp@?$TScatterArray@UGlyph@RMultiImage2D_SDL_ttf@SDL_core@ui@modules@UModSys@@HU?$TScalarCompare@H@core@6@U?$TNodeDeleter0@U?$TScatterArrayNode@UGlyph@RMultiImage2D_SDL_ttf@SDL_core@ui@modules@UModSys@@H@tl@UModSys@@@tl@6@@tl@UModSys@@UGen0@234@@?$TTreeHoldRBD@U?$TScatterArrayNode@UGlyph@RMultiImage2D_SDL_ttf@SDL_core@ui@modules@UModSys@@H@tl@UModSys@@U?$TNodeDeleter0@U?$TScatterArrayNode@UGlyph@RMultiImage2D_SDL_ttf@SDL_core@ui@modules@UModSys@@H@tl@UModSys@@@23@@tl@UModSys@@QEAAPEAU?$TScatterArrayNode@UGlyph@RMultiImage2D_SDL_ttf@SDL_core@ui@modules@UModSys@@H@12@UCmp@?$TScatterArray@UGlyph@RMultiImage2D_SDL_ttf@SDL_core@ui@modules@UModSys@@HU?$TScalarCompare@H@core@6@U?$TNodeDeleter0@U?$TScatterArrayNode@UGlyph@RMultiImage2D_SDL_ttf@SDL_core@ui@modules@UModSys@@H@tl@UModSys@@@tl@6@@12@AEBUGen0@512@PEAPEAU312@2_N@Z 0000000180007310 f i umodsys_lib_libui:umodsys.mod.ui.SDL_core.obj
 0001:000064a0       ??$genx_node@UCmp@?$TScatterArray@U?$TRefObjectCompositeExtra@UIMouseClient@libui@UModSys@@HUIRefObject@core@3@U?$TRefObjectFunc@UIRefObject@core@UModSys@@@tl@3@@tl@UModSys@@HU?$TScalarCompare@H@core@3@U?$TNodeDeleter0@U?$TScatterArrayNode@U?$TRefObjectCompositeExtra@UIMouseClient@libui@UModSys@@HUIRefObject@core@3@U?$TRefObjectFunc@UIRefObject@core@UModSys@@@tl@3@@tl@UModSys@@H@tl@UModSys@@@23@@tl@UModSys@@UGen0@234@@?$TTreeHoldRBD@U?$TScatterArrayNode@U?$TRefObjectCompositeExtra@UIMouseClient@libui@UModSys@@HUIRefObject@core@3@U?$TRefObjectFunc@UIRefObject@core@UModSys@@@tl@3@@tl@UModSys@@H@tl@UModSys@@U?$TNodeDeleter0@U?$TScatterArrayNode@U?$TRefObjectCompositeExtra@UIMouseClient@libui@UModSys@@HUIRefObject@core@3@U?$TRefObjectFunc@UIRefObject@core@UModSys@@@tl@3@@tl@UModSys@@H@tl@UModSys@@@23@@tl@UModSys@@QEAAPEAU?$TScatterArrayNode@U?$TRefObjectCompositeExtra@UIMouseClient@libui@UModSys@@HUIRefObject@core@3@U?$TRefObjectFunc@UIRefObject@core@UModSys@@@tl@3@@tl@UModSys@@H@12@UCmp@?$TScatterArray@U?$TRefObjectCompositeExtra@UIMouseClient@libui@UModSys@@HUIRefObject@core@3@U?$TRefObjectFunc@UIRefObject@core@UModSys@@@tl@3@@tl@UModSys@@HU?$TScalarCompare@H@core@3@U?$TNodeDeleter0@U?$TScatterArrayNode@U?$TRefObjectCompositeExtra@UIMouseClient@libui@UModSys@@HUIRefObject@core@3@U?$TRefObjectFunc@UIRefObject@core@UModSys@@@tl@3@@tl@UModSys@@H@tl@UModSys@@@23@@12@AEBUGen0@512@PEAPEAU312@2_N@Z 00000001800074a0 f i umodsys_lib_libui:umodsys.mod.ui.SDL_core.obj
 0001:000065f0       ??$genx_node@UCmp@?$TScatterArray@U?$TRefObjectComposite@UIKeyboardClient@libui@UModSys@@UIRefObject@core@3@U?$TRefObjectFunc@UIRefObject@core@UModSys@@@tl@3@@tl@UModSys@@HU?$TScalarCompare@H@core@3@U?$TNodeDeleter0@U?$TScatterArrayNode@U?$TRefObjectComposite@UIKeyboardClient@libui@UModSys@@UIRefObject@core@3@U?$TRefObjectFunc@UIRefObject@core@UModSys@@@tl@3@@tl@UModSys@@H@tl@UModSys@@@23@@tl@UModSys@@UGen0@234@@?$TTreeHoldRBD@U?$TScatterArrayNode@U?$TRefObjectComposite@UIKeyboardClient@libui@UModSys@@UIRefObject@core@3@U?$TRefObjectFunc@UIRefObject@core@UModSys@@@tl@3@@tl@UModSys@@H@tl@UModSys@@U?$TNodeDeleter0@U?$TScatterArrayNode@U?$TRefObjectComposite@UIKeyboardClient@libui@UModSys@@UIRefObject@core@3@U?$TRefObjectFunc@UIRefObject@core@UModSys@@@tl@3@@tl@UModSys@@H@tl@UModSys@@@23@@tl@UModSys@@QEAAPEAU?$TScatterArrayNode@U?$TRefObjectComposite@UIKeyboardClient@libui@UModSys@@UIRefObject@core@3@U?$TRefObjectFunc@UIRefObject@core@UModSys@@@tl@3@@tl@UModSys@@H@12@UCmp@?$TScatterArray@U?$TRefObjectComposite@UIKeyboardClient@libui@UModSys@@UIRefObject@core@3@U?$TRefObjectFunc@UIRefObject@core@UModSys@@@tl@3@@tl@UModSys@@HU?$TScalarCompare@H@core@3@U?$TNodeDeleter0@U?$TScatterArrayNode@U?$TRefObjectComposite@UIKeyboardClient@libui@UModSys@@UIRefObject@core@3@U?$TRefObjectFunc@UIRefObject@core@UModSys@@@tl@3@@tl@UModSys@@H@tl@UModSys@@@23@@12@AEBUGen0@512@PEAPEAU312@2_N@Z 00000001800075f0 f i umodsys_lib_libui:umodsys.mod.ui.SDL_core.obj
 0001:00006730       ??$process_nodes@U?$TNodeDeleter0@U?$TScatterArrayNode@U?$TRefObjectCompositeExtra@UIMouseClient@libui@UModSys@@HUIRefObject@core@3@U?$TRefObjectFunc@UIRefObject@core@UModSys@@@tl@3@@tl@UModSys@@H@tl@UModSys@@@tl@UModSys@@@?$TTreeHoldRB@U?$TScatterArrayNode@U?$TRefObjectCompositeExtra@UIMouseClient@libui@UModSys@@HUIRefObject@core@3@U?$TRefObjectFunc@UIRefObject@core@UModSys@@@tl@3@@tl@UModSys@@H@tl@UModSys@@@tl@UModSys@@QEAAHAEBU?$TNodeDeleter0@U?$TScatterArrayNode@U?$TRefObjectCompositeExtra@UIMouseClient@libui@UModSys@@HUIRefObject@core@3@U?$TRefObjectFunc@UIRefObject@core@UModSys@@@tl@3@@tl@UModSys@@H@tl@UModSys@@@12@@Z 0000000180007730 f i umodsys_lib_libui:umodsys.mod.ui.SDL_core.obj
 0001:00006730       ??$process_nodes@U?$TNodeDeleter0@U?$TScatterArrayNode@U?$TRefObjectComposite@UIKeyboardClient@libui@UModSys@@UIRefObject@core@3@U?$TRefObjectFunc@UIRefObject@core@UModSys@@@tl@3@@tl@UModSys@@H@tl@UModSys@@@tl@UModSys@@@?$TTreeHoldRB@U?$TScatterArrayNode@U?$TRefObjectComposite@UIKeyboardClient@libui@UModSys@@UIRefObject@core@3@U?$TRefObjectFunc@UIRefObject@core@UModSys@@@tl@3@@tl@UModSys@@H@tl@UModSys@@@tl@UModSys@@QEAAHAEBU?$TNodeDeleter0@U?$TScatterArrayNode@U?$TRefObjectComposite@UIKeyboardClient@libui@UModSys@@UIRefObject@core@3@U?$TRefObjectFunc@UIRefObject@core@UModSys@@@tl@3@@tl@UModSys@@H@tl@UModSys@@@12@@Z 0000000180007730 f i umodsys_lib_libui:umodsys.mod.ui.SDL_core.obj
 0001:000067b0       ?attach@?$TRefObject@URRenderDriver2D@SDL_core@ui@modules@UModSys@@U?$TRefObjectWeakFunc@URRenderDriver2D@SDL_core@ui@modules@UModSys@@@tl@5@@tl@UModSys@@QEAAXPEAURRenderDriver2D@SDL_core@ui@modules@3@@Z 00000001800077b0 f i umodsys_lib_libui:umodsys.mod.ui.SDL_core.obj
 0001:00006840       ??$ValidateConstruction@UIRefObject@core@UModSys@@URImage_Memory@stdlib@lib2d@modules@3@@core@UModSys@@YA_NAEAU?$TRefObject@UIRefObject@core@UModSys@@U?$TRefObjectFunc@UIRefObject@core@UModSys@@@tl@3@@tl@1@PEAURImage_Memory@stdlib@lib2d@modules@1@@Z 0000000180007840 f i umodsys_lib_lib2d:umodsys.mod.2d.stdlib.obj
 0001:00006840       ??$ValidateConstruction@UIRefObject@core@UModSys@@URMediaFilter@images_std@media@modules@3@@core@UModSys@@YA_NAEAU?$TRefObject@UIRefObject@core@UModSys@@U?$TRefObjectFunc@UIRefObject@core@UModSys@@@tl@3@@tl@1@PEAURMediaFilter@images_std@media@modules@1@@Z 0000000180007840 f i umodsys_lib_libmedia:umodsys.mod.media.images_std.obj
 0001:00006840       ??$ValidateConstruction@UIRefObject@core@UModSys@@URTerminal@SDL_core@ui@modules@3@@core@UModSys@@YA_NAEAU?$TRefObject@UIRefObject@core@UModSys@@U?$TRefObjectFunc@UIRefObject@core@UModSys@@@tl@3@@tl@1@PEAURTerminal@SDL_core@ui@modules@1@@Z 0000000180007840 f i umodsys_lib_libui:umodsys.mod.ui.SDL_core.obj
 0001:00006840       ??$ValidateConstruction@UIRefObject@core@UModSys@@URSerializeReader@serialize_json@media@modules@3@@core@UModSys@@YA_NAEAU?$TRefObject@UIRefObject@core@UModSys@@U?$TRefObjectFunc@UIRefObject@core@UModSys@@@tl@3@@tl@1@PEAURSerializeReader@serialize_json@media@modules@1@@Z 0000000180007840 f i umodsys_lib_libmedia:umodsys.mod.media.serialize_json.obj
 0001:000068b0       ??$process_nodes_r@U?$TNodeDeleter0@U?$TScatterArrayNode@UGlyph@RMultiImage2D_SDL_ttf@SDL_core@ui@modules@UModSys@@H@tl@UModSys@@@tl@UModSys@@@?$TTreeHoldRB@U?$TScatterArrayNode@UGlyph@RMultiImage2D_SDL_ttf@SDL_core@ui@modules@UModSys@@H@tl@UModSys@@@tl@UModSys@@KAHPEAU?$TScatterArrayNode@UGlyph@RMultiImage2D_SDL_ttf@SDL_core@ui@modules@UModSys@@H@12@AEBU?$TNodeDeleter0@U?$TScatterArrayNode@UGlyph@RMultiImage2D_SDL_ttf@SDL_core@ui@modules@UModSys@@H@tl@UModSys@@@12@@Z 00000001800078b0 f i umodsys_lib_libui:umodsys.mod.ui.SDL_core.obj
 0001:00006930       ??$process_nodes_r@U?$TNodeDeleter0@U?$TScatterArrayNode@U?$TRefObjectComposite@UIKeyboardClient@libui@UModSys@@UIRefObject@core@3@U?$TRefObjectFunc@UIRefObject@core@UModSys@@@tl@3@@tl@UModSys@@H@tl@UModSys@@@tl@UModSys@@@?$TTreeHoldRB@U?$TScatterArrayNode@U?$TRefObjectComposite@UIKeyboardClient@libui@UModSys@@UIRefObject@core@3@U?$TRefObjectFunc@UIRefObject@core@UModSys@@@tl@3@@tl@UModSys@@H@tl@UModSys@@@tl@UModSys@@KAHPEAU?$TScatterArrayNode@U?$TRefObjectComposite@UIKeyboardClient@libui@UModSys@@UIRefObject@core@3@U?$TRefObjectFunc@UIRefObject@core@UModSys@@@tl@3@@tl@UModSys@@H@12@AEBU?$TNodeDeleter0@U?$TScatterArrayNode@U?$TRefObjectComposite@UIKeyboardClient@libui@UModSys@@UIRefObject@core@3@U?$TRefObjectFunc@UIRefObject@core@UModSys@@@tl@3@@tl@UModSys@@H@tl@UModSys@@@12@@Z 0000000180007930 f i umodsys_lib_libui:umodsys.mod.ui.SDL_core.obj
 0001:00006930       ??$process_nodes_r@U?$TNodeDeleter0@U?$TScatterArrayNode@U?$TRefObjectCompositeExtra@UIMouseClient@libui@UModSys@@HUIRefObject@core@3@U?$TRefObjectFunc@UIRefObject@core@UModSys@@@tl@3@@tl@UModSys@@H@tl@UModSys@@@tl@UModSys@@@?$TTreeHoldRB@U?$TScatterArrayNode@U?$TRefObjectCompositeExtra@UIMouseClient@libui@UModSys@@HUIRefObject@core@3@U?$TRefObjectFunc@UIRefObject@core@UModSys@@@tl@3@@tl@UModSys@@H@tl@UModSys@@@tl@UModSys@@KAHPEAU?$TScatterArrayNode@U?$TRefObjectCompositeExtra@UIMouseClient@libui@UModSys@@HUIRefObject@core@3@U?$TRefObjectFunc@UIRefObject@core@UModSys@@@tl@3@@tl@UModSys@@H@12@AEBU?$TNodeDeleter0@U?$TScatterArrayNode@U?$TRefObjectCompositeExtra@UIMouseClient@libui@UModSys@@HUIRefObject@core@3@U?$TRefObjectFunc@UIRefObject@core@UModSys@@@tl@3@@tl@UModSys@@H@tl@UModSys@@@12@@Z 0000000180007930 f i umodsys_lib_libui:umodsys.mod.ui.SDL_core.obj
 0001:000069a0       ??$process_nodes_r@U?$TNodeDeleter0@U?$TScatterArrayNode@U?$TRefObject@URRenderDriver2D@SDL_core@ui@modules@UModSys@@U?$TRefObjectWeakFunc@URRenderDriver2D@SDL_core@ui@modules@UModSys@@@tl@5@@tl@UModSys@@H@tl@UModSys@@@tl@UModSys@@@?$TTreeHoldRB@U?$TScatterArrayNode@U?$TRefObject@URRenderDriver2D@SDL_core@ui@modules@UModSys@@U?$TRefObjectWeakFunc@URRenderDriver2D@SDL_core@ui@modules@UModSys@@@tl@5@@tl@UModSys@@H@tl@UModSys@@@tl@UModSys@@KAHPEAU?$TScatterArrayNode@U?$TRefObject@URRenderDriver2D@SDL_core@ui@modules@UModSys@@U?$TRefObjectWeakFunc@URRenderDriver2D@SDL_core@ui@modules@UModSys@@@tl@5@@tl@UModSys@@H@12@AEBU?$TNodeDeleter0@U?$TScatterArrayNode@U?$TRefObject@URRenderDriver2D@SDL_core@ui@modules@UModSys@@U?$TRefObjectWeakFunc@URRenderDriver2D@SDL_core@ui@modules@UModSys@@@tl@5@@tl@UModSys@@H@tl@UModSys@@@12@@Z 00000001800079a0 f i umodsys_lib_libui:umodsys.mod.ui.SDL_core.obj
 0001:00006a40       ??$genx_node@UCmp@?$TScatterArray@U?$TRefObject@URRenderDriver2D@SDL_core@ui@modules@UModSys@@U?$TRefObjectWeakFunc@URRenderDriver2D@SDL_core@ui@modules@UModSys@@@tl@5@@tl@UModSys@@HU?$TScalarCompare@H@core@3@U?$TNodeDeleter0@U?$TScatterArrayNode@U?$TRefObject@URRenderDriver2D@SDL_core@ui@modules@UModSys@@U?$TRefObjectWeakFunc@URRenderDriver2D@SDL_core@ui@modules@UModSys@@@tl@5@@tl@UModSys@@H@tl@UModSys@@@23@@tl@UModSys@@UGen0@234@@?$TTreeHoldRBD@U?$TScatterArrayNode@U?$TRefObject@URRenderDriver2D@SDL_core@ui@modules@UModSys@@U?$TRefObjectWeakFunc@URRenderDriver2D@SDL_core@ui@modules@UModSys@@@tl@5@@tl@UModSys@@H@tl@UModSys@@U?$TNodeDeleter0@U?$TScatterArrayNode@U?$TRefObject@URRenderDriver2D@SDL_core@ui@modules@UModSys@@U?$TRefObjectWeakFunc@URRenderDriver2D@SDL_core@ui@modules@UModSys@@@tl@5@@tl@UModSys@@H@tl@UModSys@@@23@@tl@UModSys@@QEAAPEAU?$TScatterArrayNode@U?$TRefObject@URRenderDriver2D@SDL_core@ui@modules@UModSys@@U?$TRefObjectWeakFunc@URRenderDriver2D@SDL_core@ui@modules@UModSys@@@tl@5@@tl@UModSys@@H@12@UCmp@?$TScatterArray@U?$TRefObject@URRenderDriver2D@SDL_core@ui@modules@UModSys@@U?$TRefObjectWeakFunc@URRenderDriver2D@SDL_core@ui@modules@UModSys@@@tl@5@@tl@UModSys@@HU?$TScalarCompare@H@core@3@U?$TNodeDeleter0@U?$TScatterArrayNode@U?$TRefObject@URRenderDriver2D@SDL_core@ui@modules@UModSys@@U?$TRefObjectWeakFunc@URRenderDriver2D@SDL_core@ui@modules@UModSys@@@tl@5@@tl@UModSys@@H@tl@UModSys@@@23@@12@AEBUGen0@512@PEAPEAU312@2_N@Z 0000000180007a40 f i umodsys_lib_libui:umodsys.mod.ui.SDL_core.obj
 0001:00006b80       ?ss@SFrameDataOut@libui@UModSys@@QEBAXAEBU?$TString@U?$TSCoreShared@USIMemAlloc@core@UModSys@@D@su@tl@UModSys@@U?$TComparerBinaryHash@D@234@@tl@3@@Z 0000000180007b80 f i umodsys_lib_libui:umodsys.mod.ui.frames.obj
 0001:00006bf0       ??1SController@libui@UModSys@@QEAA@XZ 0000000180007bf0 f i umodsys_lib_libui:umodsys.mod.ui.frames.obj
 0001:00006c40       ?db_get_i@SController@libui@UModSys@@QEAAHQEBD@Z 0000000180007c40 f i umodsys_lib_libui:umodsys.mod.ui.frames.obj
 0001:00006cf0       ?update_size@libui@UModSys@@YA_NAEAU?$TBoundBox2@H@math3d@2@AEBUSFrameSize@12@AEBU342@@Z 0000000180007cf0 f i umodsys_lib_libui:umodsys.mod.ui.frames.obj
 0001:00006e30       ?command@SController@libui@UModSys@@QEAA_NHAEBUSFrameDataIn@23@@Z 0000000180007e30 f i umodsys_lib_libui:umodsys.mod.ui.frames.obj
 0001:00006ec0       ?get_property@ICollectorThemeTemplate@libui@UModSys@@UEBA_NHHAEAU?$TVector4@M@math3d@3@@Z 0000000180007ec0 f i umodsys_lib_libui:umodsys.mod.ui.frames.obj
 0001:00006ee0       ?get_property@ICollectorThemeTemplate@libui@UModSys@@UEBA_NHHAEAU?$TVector4@H@math3d@3@@Z 0000000180007ee0 f i umodsys_lib_libui:umodsys.mod.ui.frames.obj
 0001:00006f00       ?get_property@ICollectorThemeTemplate@libui@UModSys@@UEBA_NHHAEAU?$TVector2@M@math3d@3@@Z 0000000180007f00 f i umodsys_lib_libui:umodsys.mod.ui.frames.obj
 0001:00006f20       ?get_property@ICollectorThemeTemplate@libui@UModSys@@UEBA_NHHAEAU?$TVector2@H@math3d@3@@Z 0000000180007f20 f i umodsys_lib_libui:umodsys.mod.ui.frames.obj
 0001:00006f40       ?get_property@ICollectorThemeTemplate@libui@UModSys@@UEBA_NHHAEAH@Z 0000000180007f40 f i umodsys_lib_libui:umodsys.mod.ui.frames.obj
 0001:00006f60       ?set_property@ICollectorThemeTemplate@libui@UModSys@@UEAA_NHHAEBU?$TVector4@M@math3d@3@@Z 0000000180007f60 f i umodsys_lib_libui:umodsys.mod.ui.frames.obj
 0001:00006fd0       ?set_property@ICollectorThemeTemplate@libui@UModSys@@UEAA_NHHAEBU?$TVector4@H@math3d@3@@Z 0000000180007fd0 f i umodsys_lib_libui:umodsys.mod.ui.frames.obj
 0001:00006ff0       ?set_property@ICollectorThemeTemplate@libui@UModSys@@UEAA_NHHAEBU?$TVector2@M@math3d@3@@Z 0000000180007ff0 f i umodsys_lib_libui:umodsys.mod.ui.frames.obj
 0001:00007050       ?set_property@ICollectorThemeTemplate@libui@UModSys@@UEAA_NHHAEBU?$TVector2@H@math3d@3@@Z 0000000180008050 f i umodsys_lib_libui:umodsys.mod.ui.frames.obj
 0001:000070d0       ?set_property@ICollectorThemeTemplate@libui@UModSys@@UEAA_NHHH@Z 00000001800080d0 f i umodsys_lib_libui:umodsys.mod.ui.frames.obj
 0001:00007130       ??1ICollectorThemeTemplate@libui@UModSys@@QEAA@XZ 0000000180008130 f i umodsys_lib_libui:umodsys.mod.ui.frames.obj
 0001:000071a0       ?set_controller@RFrame_Common@frames@ui@modules@UModSys@@UEAA_NHPEAUIController@libui@5@PEAUIRefObject@core@5@@Z 00000001800081a0 f i umodsys_lib_libui:umodsys.mod.ui.frames.obj
 0001:00007220       ?get_controller@RFrame_Common@frames@ui@modules@UModSys@@UEAAPEAUIController@libui@5@XZ 0000000180008220 f i umodsys_lib_libui:umodsys.mod.ui.frames.obj
 0001:00007230       ?get_controller_context@RFrame_Common@frames@ui@modules@UModSys@@UEAAHXZ 0000000180008230 f i umodsys_lib_libui:umodsys.mod.ui.frames.obj
 0001:00007240       ?get_box@RFrame_Common@frames@ui@modules@UModSys@@UEAAAEBU?$TBoundBox2@H@math3d@5@XZ 0000000180008240 f i umodsys_lib_libui:umodsys.mod.ui.frames.obj
 0001:00007240       ?get_theme@RCollector@frames@ui@modules@UModSys@@UEAAPEAUICollectorTheme@libui@5@XZ 0000000180008240 f i umodsys_lib_libui:umodsys.mod.ui.frames.obj
 0001:00007250       ?get_framesize@RFrame_Common@frames@ui@modules@UModSys@@UEAAAEBUSFrameSize@libui@5@XZ 0000000180008250 f i umodsys_lib_libui:umodsys.mod.ui.frames.obj
 0001:00007260       ?set_framesize@RFrame_Common@frames@ui@modules@UModSys@@UEAA_NAEBUSFrameSize@libui@5@@Z 0000000180008260 f i umodsys_lib_libui:umodsys.mod.ui.frames.obj
 0001:00007290       ?get_insize@RFrame_Common@frames@ui@modules@UModSys@@UEAA?AU?$TVector2@H@math3d@5@XZ 0000000180008290 f i umodsys_lib_libui:umodsys.mod.ui.frames.obj
 0001:000072b0       ?set_hint@RMultiImage2D_SDL_ttf@SDL_core@ui@modules@UModSys@@UEAA_NPEBD0@Z 00000001800082b0 f i umodsys_lib_libui:umodsys.mod.ui.SDL_core.obj
 0001:000072b0       ?key_setrepeat@RKeyboardController@SDL_core@ui@modules@UModSys@@UEAA_NMM@Z 00000001800082b0 f i umodsys_lib_libui:umodsys.mod.ui.SDL_core.obj
 0001:000072b0       ?mouse_reset@RMouseController@SDL_core@ui@modules@UModSys@@UEAA_NXZ 00000001800082b0 f i umodsys_lib_libui:umodsys.mod.ui.SDL_core.obj
 0001:000072b0       ?key_event@RFrame_Common@frames@ui@modules@UModSys@@MEAA_NAEBUSKeyboardInputText@libui@5@@Z 00000001800082b0 f i umodsys_lib_libui:umodsys.mod.ui.frames.obj
 0001:000072b0       ?put_key@RSerializeWriter@serialize_json@media@modules@UModSys@@UEAA_NAEBU?$TString@U?$TSCoreConst@D@su@tl@UModSys@@U?$TComparerBinaryHash@D@234@@tl@5@AEBUSSerializeValue@libmedia@5@H@Z 00000001800082b0 f i umodsys_lib_libmedia:umodsys.mod.media.serialize_json.obj
 0001:000072b0       ?set_fixed_cell@RMultiImage2D_SDL_ttf@SDL_core@ui@modules@UModSys@@UEAA_NHH@Z 00000001800082b0 f i umodsys_lib_libui:umodsys.mod.ui.SDL_core.obj
 0001:000072b0       ?set_layer_count@RMultiImage2D_SDL_ttf@SDL_core@ui@modules@UModSys@@UEAA_NH@Z 00000001800082b0 f i umodsys_lib_libui:umodsys.mod.ui.SDL_core.obj
 0001:000072b0       ?set_parameters@RRenderDriver2D@SDL_core@ui@modules@UModSys@@UEAA_NPEBDAEBUSParameters@core@5@@Z 00000001800082b0 f i umodsys_lib_libui:umodsys.mod.ui.SDL_core.obj
 0001:000072b0       ?reader_parse@RSerializeReader@serialize_json@media@modules@UModSys@@UEAA_NPEAUISerializeParser@libmedia@5@@Z 00000001800082b0 f i umodsys_lib_libmedia:umodsys.mod.media.serialize_json.obj
 0001:000072b0       ?set_var_cell@RMultiImage2D_SDL_ttf@SDL_core@ui@modules@UModSys@@UEAA_NPEBUSImageCellInfo@lib2d@5@HH@Z 00000001800082b0 f i umodsys_lib_libui:umodsys.mod.ui.SDL_core.obj
 0001:000072b0       ?get_max_cell_size@RMultiImage2D_SDL_ttf@SDL_core@ui@modules@UModSys@@UEAA_NAEAU?$TVector2@H@math3d@5@@Z 00000001800082b0 f i umodsys_lib_libui:umodsys.mod.ui.SDL_core.obj
 0001:000072b0       ?mouse_event@RFrame_Common@frames@ui@modules@UModSys@@MEAA_NPEBUSMouseInput@libui@5@@Z 00000001800082b0 f i umodsys_lib_libui:umodsys.mod.ui.frames.obj
 0001:000072b0       ?key_setmodifier@RKeyboardController@SDL_core@ui@modules@UModSys@@UEAA_NHHH@Z 00000001800082b0 f i umodsys_lib_libui:umodsys.mod.ui.SDL_core.obj
[...]
 0001:000181e0       ??__E?s_id@?$TObjectUniqueID@URGenerator@frames@ui@modules@UModSys@@@tl@UModSys@@2USUniquePointer@core@3@A@@YAXXZ 00000001800191e0 f    CIL library: CIL module
 0001:00018220       ??__E?s_modreg@RModuleReg@images_std@media@modules@UModSys@@2U12345@A@@YAXXZ 0000000180019220 f    CIL library: CIL module
 0001:00018270       ??__E?s_modreg_chain@RModuleReg@images_std@media@modules@UModSys@@2USModuleRegChain@base@5@A@@YAXXZ 0000000180019270 f    CIL library: CIL module
 0001:000182a0       ??__E?s_uid@RGenerator@images_std@media@modules@UModSys@@2USUniquePointer@core@5@A@@YAXXZ 00000001800192a0 f    CIL library: CIL module
 0001:000182e0       ??__E?s_id@?$TObjectUniqueID@URMediaFilter@images_std@media@modules@UModSys@@@tl@UModSys@@2USUniquePointer@core@3@A@@YAXXZ 00000001800192e0 f    CIL library: CIL module
 0001:00018320       ??__E?s_id@?$TObjectUniqueID@URGenerator@images_std@media@modules@UModSys@@@tl@UModSys@@2USUniquePointer@core@3@A@@YAXXZ 0000000180019320 f    CIL library: CIL module
 0001:00018360       ??__E?s_modreg@RModuleReg@serialize_json@media@modules@UModSys@@2U12345@A@@YAXXZ 0000000180019360 f    CIL library: CIL module
 0001:000183b0       ??__E?s_modreg_chain@RModuleReg@serialize_json@media@modules@UModSys@@2USModuleRegChain@base@5@A@@YAXXZ 00000001800193b0 f    CIL library: CIL module
 0001:000183e0       ??__E?s_uid@RGenerator@serialize_json@media@modules@UModSys@@2USUniquePointer@core@5@A@@YAXXZ 00000001800193e0 f    CIL library: CIL module
 0001:00018420       ??__E?s_id@?$TObjectUniqueID@URSerializeReader@serialize_json@media@modules@UModSys@@@tl@UModSys@@2USUniquePointer@core@3@A@@YAXXZ 0000000180019420 f    CIL library: CIL module
 0001:00018460       ??__E?s_id@?$TObjectUniqueID@URSerializeWriter@serialize_json@media@modules@UModSys@@@tl@UModSys@@2USUniquePointer@core@3@A@@YAXXZ 0000000180019460 f    CIL library: CIL module
 0001:000184a0       ??__E?s_id@?$TObjectUniqueID@URGenerator@serialize_json@media@modules@UModSys@@@tl@UModSys@@2USUniquePointer@core@3@A@@YAXXZ 00000001800194a0 f    CIL library: CIL module
 0001:000184e0       ??__EM@UModSys@@YAXXZ      00000001800194e0 f    CIL library: CIL module
 0001:00018500       ??__E?root@SModuleRegChain@base@UModSys@@2U123@A@@YAXXZ 0000000180019500 f    CIL library: CIL module
 0001:00018530       ??__E?s_library@RModuleLibraryReg_Chain@base@UModSys@@2U123@A@@YAXXZ 0000000180019530 f    CIL library: CIL module
 0001:00018550       ??__E?root@SUniquePointer@core@UModSys@@2U123@A@@YAXXZ 0000000180019550 f    CIL library: CIL module
 0001:00018580       ??__F?s_modreg@RModuleReg@test1@test@modules@UModSys@@2U12345@A@@YAXXZ 0000000180019580 f    CIL library: CIL module
 0001:000185a0       ??__F?s_modreg_chain@RModuleReg@test1@test@modules@UModSys@@2USModuleRegChain@base@5@A@@YAXXZ 00000001800195a0 f    CIL library: CIL module
 0001:000185b0       ??__F?s_uid@RGenerator@test1@test@modules@UModSys@@2USUniquePointer@core@5@A@@YAXXZ 00000001800195b0 f    CIL library: CIL module
 0001:000185c0       ??__Fh@?1??s_holder@RGenerator@test1@test@modules@UModSys@@SAAEAU?$TTypeStaticHolder@URGenerator@test1@test@modules@UModSys@@@tl@5@XZ@YAXXZ 00000001800195c0 f    CIL library: CIL module
 0001:000185f0       ??__F?s_id@?$TObjectUniqueID@URGenerator@test1@test@modules@UModSys@@@tl@UModSys@@2USUniquePointer@core@3@A@@YAXXZ 00000001800195f0 f    CIL library: CIL module
 0001:00018600       ??__F?s_id@?$TObjectUniqueID@URTest1_Shell@test1@test@modules@UModSys@@@tl@UModSys@@2USUniquePointer@core@3@A@@YAXXZ 0000000180019600 f    CIL library: CIL module
 0001:00018610       ??__F?s_id@?$TObjectUniqueID@URLines_Filter@test1@test@modules@UModSys@@@tl@UModSys@@2USUniquePointer@core@3@A@@YAXXZ 0000000180019610 f    CIL library: CIL module
 0001:00018620       ??__F?s_id@?$TObjectUniqueID@URLines@test1@test@modules@UModSys@@@tl@UModSys@@2USUniquePointer@core@3@A@@YAXXZ 0000000180019620 f    CIL library: CIL module
 0001:00018630       ??__F?s_id@?$TObjectUniqueID@UILines@test1@test@modules@UModSys@@@tl@UModSys@@2USUniquePointer@core@3@A@@YAXXZ 0000000180019630 f    CIL library: CIL module
 0001:00018640       ??__F?s_id@?$TObjectUniqueID@UIRenderDriver@lib2d@UModSys@@@tl@UModSys@@2USUniquePointer@core@3@A@@YAXXZ 0000000180019640 f    CIL library: CIL module
 0001:00018650       ??__F?s_id@?$TObjectUniqueID@UIMultiImage@lib2d@UModSys@@@tl@UModSys@@2USUniquePointer@core@3@A@@YAXXZ 0000000180019650 f    CIL library: CIL module
 0001:00018660       ??__F?s_id@?$TObjectUniqueID@UIImage@lib2d@UModSys@@@tl@UModSys@@2USUniquePointer@core@3@A@@YAXXZ 0000000180019660 f    CIL library: CIL module
 0001:00018670       ??__F?s_id@?$TObjectUniqueID@UIDialog@libui@UModSys@@@tl@UModSys@@2USUniquePointer@core@3@A@@YAXXZ 0000000180019670 f    CIL library: CIL module
 0001:00018680       ??__F?s_id@?$TObjectUniqueID@UIFrame@libui@UModSys@@@tl@UModSys@@2USUniquePointer@core@3@A@@YAXXZ 0000000180019680 f    CIL library: CIL module
 0001:00018690       ??__F?s_id@?$TObjectUniqueID@UIAsyncCollector@libui@UModSys@@@tl@UModSys@@2USUniquePointer@core@3@A@@YAXXZ 0000000180019690 f    CIL library: CIL module
 0001:000186a0       ??__F?s_id@?$TObjectUniqueID@UIAsyncController@libui@UModSys@@@tl@UModSys@@2USUniquePointer@core@3@A@@YAXXZ 00000001800196a0 f    CIL library: CIL module
 0001:000186b0       ??__F?s_id@?$TObjectUniqueID@UICollector@libui@UModSys@@@tl@UModSys@@2USUniquePointer@core@3@A@@YAXXZ 00000001800196b0 f    CIL library: CIL module
 0001:000186c0       ??__F?s_id@?$TObjectUniqueID@UIConsoleHelperInput_UIKey@libui@UModSys@@@tl@UModSys@@2USUniquePointer@core@3@A@@YAXXZ 00000001800196c0 f    CIL library: CIL module
 0001:000186d0       ??__F?s_id@?$TObjectUniqueID@UITerminal@libui@UModSys@@@tl@UModSys@@2USUniquePointer@core@3@A@@YAXXZ 00000001800196d0 f    CIL library: CIL module
 0001:000186e0       ??__F?s_id@?$TObjectUniqueID@UIJoystickController@libui@UModSys@@@tl@UModSys@@2USUniquePointer@core@3@A@@YAXXZ 00000001800196e0 f    CIL library: CIL module
 0001:000186f0       ??__F?s_id@?$TObjectUniqueID@UIMouseController@libui@UModSys@@@tl@UModSys@@2USUniquePointer@core@3@A@@YAXXZ 00000001800196f0 f    CIL library: CIL module
 0001:00018700       ??__F?s_id@?$TObjectUniqueID@UIKeyboardController@libui@UModSys@@@tl@UModSys@@2USUniquePointer@core@3@A@@YAXXZ 0000000180019700 f    CIL library: CIL module
 0001:00018710       ??__F?s_id@?$TObjectUniqueID@UIConsoleHelperOutputFCS@base@UModSys@@@tl@UModSys@@2USUniquePointer@core@3@A@@YAXXZ 0000000180019710 f    CIL library: CIL module
 0001:00018720       ??__F?s_id@?$TObjectUniqueID@UIConsoleHelperOutput@base@UModSys@@@tl@UModSys@@2USUniquePointer@core@3@A@@YAXXZ 0000000180019720 f    CIL library: CIL module
 0001:00018730       ??__F?s_id@?$TObjectUniqueID@UIConsoleHelperInput@base@UModSys@@@tl@UModSys@@2USUniquePointer@core@3@A@@YAXXZ 0000000180019730 f    CIL library: CIL module
 0001:00018740       ??__F?s_id@?$TObjectUniqueID@UIConsoleHelperHistory@base@UModSys@@@tl@UModSys@@2USUniquePointer@core@3@A@@YAXXZ 0000000180019740 f    CIL library: CIL module
 0001:00018750       ??__F?s_id@?$TObjectUniqueID@UIConsoleHelper@base@UModSys@@@tl@UModSys@@2USUniquePointer@core@3@A@@YAXXZ 0000000180019750 f    CIL library: CIL module
 0001:00018760       ??__F?s_id@?$TObjectUniqueID@UIConsoleExt@base@UModSys@@@tl@UModSys@@2USUniquePointer@core@3@A@@YAXXZ 0000000180019760 f    CIL library: CIL module
 0001:00018770       ??__F?s_id@?$TObjectUniqueID@UISerializeWriter@libmedia@UModSys@@@tl@UModSys@@2USUniquePointer@core@3@A@@YAXXZ 0000000180019770 f    CIL library: CIL module
 0001:00018780       ??__F?s_id@?$TObjectUniqueID@UISerializeReader@libmedia@UModSys@@@tl@UModSys@@2USUniquePointer@core@3@A@@YAXXZ 0000000180019780 f    CIL library: CIL module
 0001:00018790       ??__F?s_id@?$TObjectUniqueID@UILibraryLayered@libmedia@UModSys@@@tl@UModSys@@2USUniquePointer@core@3@A@@YAXXZ 0000000180019790 f    CIL library: CIL module
 0001:000187a0       ??__F?s_id@?$TObjectUniqueID@UILibraryObjCache@libmedia@UModSys@@@tl@UModSys@@2USUniquePointer@core@3@A@@YAXXZ 00000001800197a0 f    CIL library: CIL module
 0001:000187b0       ??__F?s_id@?$TObjectUniqueID@UILibraryObjFilter@libmedia@UModSys@@@tl@UModSys@@2USUniquePointer@core@3@A@@YAXXZ 00000001800197b0 f    CIL library: CIL module
 0001:000187c0       ??__F?s_id@?$TObjectUniqueID@UILibraryBinCache@libmedia@UModSys@@@tl@UModSys@@2USUniquePointer@core@3@A@@YAXXZ 00000001800197c0 f    CIL library: CIL module
 0001:000187d0       ??__F?s_id@?$TObjectUniqueID@UILibraryBinTree@libmedia@UModSys@@@tl@UModSys@@2USUniquePointer@core@3@A@@YAXXZ 00000001800197d0 f    CIL library: CIL module
 0001:000187e0       ??__F?s_id@?$TObjectUniqueID@UILibrary@libmedia@UModSys@@@tl@UModSys@@2USUniquePointer@core@3@A@@YAXXZ 00000001800197e0 f    CIL library: CIL module
 0001:000187f0       ??__F?s_id@?$TObjectUniqueID@UIBinObjFilter@libmedia@UModSys@@@tl@UModSys@@2USUniquePointer@core@3@A@@YAXXZ 00000001800197f0 f    CIL library: CIL module
 0001:00018800       ??__F?s_id@?$TObjectUniqueID@UIBinArchive@libmedia@UModSys@@@tl@UModSys@@2USUniquePointer@core@3@A@@YAXXZ 0000000180019800 f    CIL library: CIL module
 0001:00018810       ??__F?s_id@?$TObjectUniqueID@UITextWriter@libmedia@UModSys@@@tl@UModSys@@2USUniquePointer@core@3@A@@YAXXZ 0000000180019810 f    CIL library: CIL module
 0001:00018820       ??__F?s_id@?$TObjectUniqueID@UITextReader@libmedia@UModSys@@@tl@UModSys@@2USUniquePointer@core@3@A@@YAXXZ 0000000180019820 f    CIL library: CIL module
 0001:00018830       ??__F?s_id@?$TObjectUniqueID@UIStreamWriter@libmedia@UModSys@@@tl@UModSys@@2USUniquePointer@core@3@A@@YAXXZ 0000000180019830 f    CIL library: CIL module
 0001:00018840       ??__F?s_id@?$TObjectUniqueID@UIStreamReader@libmedia@UModSys@@@tl@UModSys@@2USUniquePointer@core@3@A@@YAXXZ 0000000180019840 f    CIL library: CIL module
 0001:00018850       ??__F?s_id@?$TObjectUniqueID@UISystem@base@UModSys@@@tl@UModSys@@2USUniquePointer@core@3@A@@YAXXZ 0000000180019850 f    CIL library: CIL module
 0001:00018860       ??__F?s_id@?$TObjectUniqueID@UIConsole@base@UModSys@@@tl@UModSys@@2USUniquePointer@core@3@A@@YAXXZ 0000000180019860 f    CIL library: CIL module
 0001:00018870       ??__F?s_id@?$TObjectUniqueID@UIShell@base@UModSys@@@tl@UModSys@@2USUniquePointer@core@3@A@@YAXXZ 0000000180019870 f    CIL library: CIL module
 0001:00018880       ??__F?s_id@?$TObjectUniqueID@UIGenerator@base@UModSys@@@tl@UModSys@@2USUniquePointer@core@3@A@@YAXXZ 0000000180019880 f    CIL library: CIL module
 0001:00018890       ??__F?s_id@?$TObjectUniqueID@UIModObject@base@UModSys@@@tl@UModSys@@2USUniquePointer@core@3@A@@YAXXZ 0000000180019890 f    CIL library: CIL module
 0001:000188a0       ??__F?s_id@?$TObjectUniqueID@UIModuleLibrary@base@UModSys@@@tl@UModSys@@2USUniquePointer@core@3@A@@YAXXZ 00000001800198a0 f    CIL library: CIL module
 0001:000188b0       ??__F?s_id@?$TObjectUniqueID@UIModule@base@UModSys@@@tl@UModSys@@2USUniquePointer@core@3@A@@YAXXZ 00000001800198b0 f    CIL library: CIL module
 0001:000188c0       ??__F?s_id@?$TObjectUniqueID@UIParameters@core@UModSys@@@tl@UModSys@@2USUniquePointer@core@3@A@@YAXXZ 00000001800198c0 f    CIL library: CIL module
 0001:000188d0       ??__F?s_id@?$TObjectUniqueID@UIRefObject@core@UModSys@@@tl@UModSys@@2USUniquePointer@core@3@A@@YAXXZ 00000001800198d0 f    CIL library: CIL module
 0001:000188e0       ??__F?s_id@?$TObjectUniqueID@UIRoot@core@UModSys@@@tl@UModSys@@2USUniquePointer@core@3@A@@YAXXZ 00000001800198e0 f    CIL library: CIL module
 0001:000188f0       ??__F?s_modreg@RModuleReg@stdlib@lib2d@modules@UModSys@@2U12345@A@@YAXXZ 00000001800198f0 f    CIL library: CIL module
 0001:00018910       ??__F?s_modreg_chain@RModuleReg@stdlib@lib2d@modules@UModSys@@2USModuleRegChain@base@5@A@@YAXXZ 0000000180019910 f    CIL library: CIL module
 0001:00018920       ??__F?s_uid@RGenerator@stdlib@lib2d@modules@UModSys@@2USUniquePointer@core@5@A@@YAXXZ 0000000180019920 f    CIL library: CIL module
 0001:00018930       ??__Fh@?1??s_holder@RGenerator@stdlib@lib2d@modules@UModSys@@SAAEAU?$TTypeStaticHolder@URGenerator@stdlib@lib2d@modules@UModSys@@@tl@5@XZ@YAXXZ 0000000180019930 f    CIL library: CIL module
 0001:00018960       ??__F?s_id@?$TObjectUniqueID@URGenerator@stdlib@lib2d@modules@UModSys@@@tl@UModSys@@2USUniquePointer@core@3@A@@YAXXZ 0000000180019960 f    CIL library: CIL module
 0001:00018970       ??__F?s_id@?$TObjectUniqueID@URImage_Memory@stdlib@lib2d@modules@UModSys@@@tl@UModSys@@2USUniquePointer@core@3@A@@YAXXZ 0000000180019970 f    CIL library: CIL module
 0001:00018980       ??__F?s_modreg@RModuleReg@SDL_core@ui@modules@UModSys@@2U12345@A@@YAXXZ 0000000180019980 f    CIL library: CIL module
 0001:000189a0       ??__F?s_modreg_chain@RModuleReg@SDL_core@ui@modules@UModSys@@2USModuleRegChain@base@5@A@@YAXXZ 00000001800199a0 f    CIL library: CIL module
 0001:000189b0       ??__F?s_uid@RGenerator@SDL_core@ui@modules@UModSys@@2USUniquePointer@core@5@A@@YAXXZ 00000001800199b0 f    CIL library: CIL module
 0001:000189c0       ??__Fh@?1??s_holder@RGenerator@SDL_core@ui@modules@UModSys@@SAAEAU?$TTypeStaticHolder@URGenerator@SDL_core@ui@modules@UModSys@@@tl@5@XZ@YAXXZ 00000001800199c0 f    CIL library: CIL module
 0001:000189f0       ??__F?s_id@?$TObjectUniqueID@URGenerator@SDL_core@ui@modules@UModSys@@@tl@UModSys@@2USUniquePointer@core@3@A@@YAXXZ 00000001800199f0 f    CIL library: CIL module
 0001:00018a00       ??__F?s_id@?$TObjectUniqueID@URTerminal@SDL_core@ui@modules@UModSys@@@tl@UModSys@@2USUniquePointer@core@3@A@@YAXXZ 0000000180019a00 f    CIL library: CIL module
 0001:00018a10       ??__F?s_id@?$TObjectUniqueID@URKeyboardController@SDL_core@ui@modules@UModSys@@@tl@UModSys@@2USUniquePointer@core@3@A@@YAXXZ 0000000180019a10 f    CIL library: CIL module
 0001:00018a20       ??__F?s_id@?$TObjectUniqueID@URMouseController@SDL_core@ui@modules@UModSys@@@tl@UModSys@@2USUniquePointer@core@3@A@@YAXXZ 0000000180019a20 f    CIL library: CIL module
 0001:00018a30       ??__F?s_id@?$TObjectUniqueID@URRenderDriver2D@SDL_core@ui@modules@UModSys@@@tl@UModSys@@2USUniquePointer@core@3@A@@YAXXZ 0000000180019a30 f    CIL library: CIL module
 0001:00018a40       ??__F?s_id@?$TObjectUniqueID@URMultiImage2D_SDL_ttf@SDL_core@ui@modules@UModSys@@@tl@UModSys@@2USUniquePointer@core@3@A@@YAXXZ 0000000180019a40 f    CIL library: CIL module
 0001:00018a50       ??__F?s_modreg@RModuleReg@frames@ui@modules@UModSys@@2U12345@A@@YAXXZ 0000000180019a50 f    CIL library: CIL module
 0001:00018a70       ??__F?s_modreg_chain@RModuleReg@frames@ui@modules@UModSys@@2USModuleRegChain@base@5@A@@YAXXZ 0000000180019a70 f    CIL library: CIL module
 0001:00018a80       ??__F?s_uid@RGenerator@frames@ui@modules@UModSys@@2USUniquePointer@core@5@A@@YAXXZ 0000000180019a80 f    CIL library: CIL module
 0001:00018a90       ??__Fh@?1??s_holder@RGenerator@frames@ui@modules@UModSys@@SAAEAU?$TTypeStaticHolder@URGenerator@frames@ui@modules@UModSys@@@tl@5@XZ@YAXXZ 0000000180019a90 f    CIL library: CIL module
 0001:00018ac0       ??__F?s_id@?$TObjectUniqueID@URGenerator@frames@ui@modules@UModSys@@@tl@UModSys@@2USUniquePointer@core@3@A@@YAXXZ 0000000180019ac0 f    CIL library: CIL module
 0001:00018ad0       ??__F?s_id@?$TObjectUniqueID@URCollector@frames@ui@modules@UModSys@@@tl@UModSys@@2USUniquePointer@core@3@A@@YAXXZ 0000000180019ad0 f    CIL library: CIL module
 0001:00018ae0       ??__F?s_id@?$TObjectUniqueID@URFrame_List@frames@ui@modules@UModSys@@@tl@UModSys@@2USUniquePointer@core@3@A@@YAXXZ 0000000180019ae0 f    CIL library: CIL module
 0001:00018af0       ??__F?s_id@?$TObjectUniqueID@URFrame_Edit@frames@ui@modules@UModSys@@@tl@UModSys@@2USUniquePointer@core@3@A@@YAXXZ 0000000180019af0 f    CIL library: CIL module
 0001:00018b00       ??__F?s_id@?$TObjectUniqueID@URFrame_Button@frames@ui@modules@UModSys@@@tl@UModSys@@2USUniquePointer@core@3@A@@YAXXZ 0000000180019b00 f    CIL library: CIL module
 0001:00018b10       ??__F?s_id@?$TObjectUniqueID@URFrame_Text@frames@ui@modules@UModSys@@@tl@UModSys@@2USUniquePointer@core@3@A@@YAXXZ 0000000180019b10 f    CIL library: CIL module
 0001:00018b20       ??__F?s_id@?$TObjectUniqueID@URFrame_Image@frames@ui@modules@UModSys@@@tl@UModSys@@2USUniquePointer@core@3@A@@YAXXZ 0000000180019b20 f    CIL library: CIL module
 0001:00018b30       ??__F?s_id@?$TObjectUniqueID@URFrame_Frame@frames@ui@modules@UModSys@@@tl@UModSys@@2USUniquePointer@core@3@A@@YAXXZ 0000000180019b30 f    CIL library: CIL module
 0001:00018b40       ??__F?s_id@?$TObjectUniqueID@URDialog@frames@ui@modules@UModSys@@@tl@UModSys@@2USUniquePointer@core@3@A@@YAXXZ 0000000180019b40 f    CIL library: CIL module
 0001:00018b50       ??__F?s_id@?$TObjectUniqueID@URFrame_Common@frames@ui@modules@UModSys@@@tl@UModSys@@2USUniquePointer@core@3@A@@YAXXZ 0000000180019b50 f    CIL library: CIL module
 0001:00018b60       ??__F?s_modreg@RModuleReg@images_std@media@modules@UModSys@@2U12345@A@@YAXXZ 0000000180019b60 f    CIL library: CIL module
 0001:00018b80       ??__F?s_modreg_chain@RModuleReg@images_std@media@modules@UModSys@@2USModuleRegChain@base@5@A@@YAXXZ 0000000180019b80 f    CIL library: CIL module
 0001:00018b90       ??__F?s_uid@RGenerator@images_std@media@modules@UModSys@@2USUniquePointer@core@5@A@@YAXXZ 0000000180019b90 f    CIL library: CIL module
 0001:00018ba0       ??__Fh@?1??s_holder@RGenerator@images_std@media@modules@UModSys@@SAAEAU?$TTypeStaticHolder@URGenerator@images_std@media@modules@UModSys@@@tl@5@XZ@YAXXZ 0000000180019ba0 f    CIL library: CIL module
 0001:00018bd0       ??__F?s_id@?$TObjectUniqueID@URGenerator@images_std@media@modules@UModSys@@@tl@UModSys@@2USUniquePointer@core@3@A@@YAXXZ 0000000180019bd0 f    CIL library: CIL module
 0001:00018be0       ??__F?s_id@?$TObjectUniqueID@URMediaFilter@images_std@media@modules@UModSys@@@tl@UModSys@@2USUniquePointer@core@3@A@@YAXXZ 0000000180019be0 f    CIL library: CIL module
 0001:00018bf0       ??__F?s_modreg@RModuleReg@serialize_json@media@modules@UModSys@@2U12345@A@@YAXXZ 0000000180019bf0 f    CIL library: CIL module
 0001:00018c10       ??__F?s_modreg_chain@RModuleReg@serialize_json@media@modules@UModSys@@2USModuleRegChain@base@5@A@@YAXXZ 0000000180019c10 f    CIL library: CIL module
 0001:00018c20       ??__F?s_uid@RGenerator@serialize_json@media@modules@UModSys@@2USUniquePointer@core@5@A@@YAXXZ 0000000180019c20 f    CIL library: CIL module
 0001:00018c30       ??__Fh@?1??s_holder@RGenerator@serialize_json@media@modules@UModSys@@SAAEAU?$TTypeStaticHolder@URGenerator@serialize_json@media@modules@UModSys@@@tl@5@XZ@YAXXZ 0000000180019c30 f    CIL library: CIL module
 0001:00018c60       ??__F?s_id@?$TObjectUniqueID@URGenerator@serialize_json@media@modules@UModSys@@@tl@UModSys@@2USUniquePointer@core@3@A@@YAXXZ 0000000180019c60 f    CIL library: CIL module
 0001:00018c70       ??__F?s_id@?$TObjectUniqueID@URSerializeWriter@serialize_json@media@modules@UModSys@@@tl@UModSys@@2USUniquePointer@core@3@A@@YAXXZ 0000000180019c70 f    CIL library: CIL module
 0001:00018c80       ??__F?s_id@?$TObjectUniqueID@URSerializeReader@serialize_json@media@modules@UModSys@@@tl@UModSys@@2USUniquePointer@core@3@A@@YAXXZ 0000000180019c80 f    CIL library: CIL module
 0001:00018c90       ??__FM@UModSys@@YAXXZ      0000000180019c90 f    CIL library: CIL module
 0001:00018ca0       ??__F?root@SModuleRegChain@base@UModSys@@2U123@A@@YAXXZ 0000000180019ca0 f    CIL library: CIL module
 0001:00018cb0       ??__F?s_library@RModuleLibraryReg_Chain@base@UModSys@@2U123@A@@YAXXZ 0000000180019cb0 f    CIL library: CIL module
 0001:00018cc0       ??__F?root@SUniquePointer@core@UModSys@@2U123@A@@YAXXZ 0000000180019cc0 f    CIL library: CIL module

 Exports

  ordinal    name

        1    UModSys_Plugin_Entry2
