 plugin_test1

 Timestamp is 52d7fa94 (Thu Jan 16 18:28:20 2014)

 Preferred load address is 0000000180000000

 Start         Length     Name                   Class
 0001:00000000 00031a60H .text                   CODE
 0001:00031a60 0000005eH .text$00                CODE
 0001:00031ac0 00001bccH .text$x                 CODE
 0001:00033690 00001f92H .text$yc                CODE
 0001:00035630 000009dcH .text$yd                CODE
 0002:00000000 000003c8H .idata$5                DATA
 0002:000003c8 00000008H .CRT$XCA                DATA
 0002:000003d0 00001f50H .CRT$XCU                DATA
 0002:00002320 00000008H .CRT$XCZ                DATA
 0002:00002328 00000008H .CRT$XIA                DATA
 0002:00002330 00000008H .CRT$XIAA               DATA
 0002:00002338 00000008H .CRT$XIZ                DATA
 0002:00002340 0000fdf8H .rdata                  DATA
 0002:00012140 00002ec4H .rdata$r                DATA
 0002:00015008 00000008H .rtc$IAA                DATA
 0002:00015010 00000008H .rtc$IZZ                DATA
 0002:00015018 00000008H .rtc$TAA                DATA
 0002:00015020 00000008H .rtc$TZZ                DATA
 0002:00015028 00003e98H .xdata                  DATA
 0002:00018ec0 00000078H .idata$2                DATA
 0002:00018f38 00000014H .idata$3                DATA
 0002:00018f50 000003c8H .idata$4                DATA
 0002:00019318 00000898H .idata$6                DATA
 0002:00019bb0 00000059H .edata                  DATA
 0003:00000000 00001580H .data                   DATA
 0003:00001580 000021d8H .bss                    DATA
 0004:00000000 00002d9cH .pdata                  DATA

  Address         Publics by Value              Rva+Base               Lib:Object

 0000:00000000       ___safe_se_handler_count   0000000000000000     <absolute>
 0000:00000000       ___safe_se_handler_table   0000000000000000     <absolute>
 0000:00000000       __ImageBase                0000000180000000     <linker-defined>
 0001:00000000       ??1SMemShared@core@UModSys@@QEAA@XZ 0000000180001000 f i plugin_test1.obj
 0001:00000000       ??1State@RImage_Memory@stdlib@lib2d@modules@UModSys@@QEAA@XZ 0000000180001000 f i umodsys_lib_lib2d:umodsys.mod.2d.stdlib.obj
 0001:00000000       ??1SCMemShared@core@UModSys@@QEAA@XZ 0000000180001000 f i plugin_test1.obj
 0001:00000030       ??3IRoot@core@UModSys@@SAXPEAXAEBUSIMemAlloc@12@@Z 0000000180001030 f i plugin_test1.obj
 0001:00000040       ??_EIRoot@core@UModSys@@UEAAPEAXI@Z 0000000180001040 f i  CIL library: CIL module
 0001:00000040       ??_GIRoot@core@UModSys@@UEAAPEAXI@Z 0000000180001040 f i plugin_test1.obj
 0001:00000070       ??1IBinObjFilter@libmedia@UModSys@@UEAA@XZ 0000000180001070 f i plugin_test1.obj
 0001:000000b0       ?root_get_interface_info@RTest1_Shell@test1@test@modules@UModSys@@UEBAAEBUSUniquePointerInfo@core@5@XZ 00000001800010b0 f i plugin_test1.obj
 0001:000000c0       ?root_get_interface_type@RTest1_Shell@test1@test@modules@UModSys@@UEBAPEBUSUniquePointerInfo@core@5@XZ 00000001800010c0 f i plugin_test1.obj
 0001:000000d0       ?root_get_other_interface@RTest1_Shell@test1@test@modules@UModSys@@UEBAPEBUIRoot@core@5@PEBUSUniquePointerInfo@75@@Z 00000001800010d0 f i plugin_test1.obj
 0001:000000d0       ?root_get_other_interface@RTest1_Shell@test1@test@modules@UModSys@@UEAAPEAUIRoot@core@5@PEBUSUniquePointerInfo@75@@Z 00000001800010d0 f i plugin_test1.obj
 0001:00000100       ?root_is_interface_supported@RTest1_Shell@test1@test@modules@UModSys@@UEBA_NPEBUSUniquePointerInfo@core@5@@Z 0000000180001100 f i plugin_test1.obj
 0001:00000130       ?ref_add@RTest1_Shell@test1@test@modules@UModSys@@UEBAXXZ 0000000180001130 f i plugin_test1.obj
 0001:00000140       ?ref_remove@RTest1_Shell@test1@test@modules@UModSys@@UEBAXXZ 0000000180001140 f i plugin_test1.obj
 0001:00000160       ?ref_links@RTest1_Shell@test1@test@modules@UModSys@@UEBAHXZ 0000000180001160 f i plugin_test1.obj
 0001:00000170       ?ref_weak@RTest1_Shell@test1@test@modules@UModSys@@UEBA_NAEAUWeakPointer@IRefObject@core@5@@Z 0000000180001170 f i plugin_test1.obj
 0001:00000190       ?suicide@RTest1_Shell@test1@test@modules@UModSys@@UEAAXXZ 0000000180001190 f i plugin_test1.obj
 0001:000001e0       ??0RTest1_Shell@test1@test@modules@UModSys@@QEAA@PEAUIModObject@base@4@@Z 00000001800011e0 f i plugin_test1.obj
 0001:00000330       ??1RTest1_Shell@test1@test@modules@UModSys@@UEAA@XZ 0000000180001330 f i plugin_test1.obj
 0001:000003e0       ?connect@RTest1_Shell@test1@test@modules@UModSys@@UEAA_NXZ 00000001800013e0 f i plugin_test1.obj
 0001:00000410       ?disconnect@RTest1_Shell@test1@test@modules@UModSys@@UEAA_NXZ 0000000180001410 f i plugin_test1.obj
 0001:00000440       ?process_tick@RTest1_Shell@test1@test@modules@UModSys@@UEAA_NAEBUSTimeMsec@core@5@@Z 0000000180001440 f i plugin_test1.obj
 0001:00000480       ?process_command@RTest1_Shell@test1@test@modules@UModSys@@UEAA_NHQEBU?$TString@U?$TSCoreConst@D@su@tl@UModSys@@U?$TComparerBinaryHash@D@234@@tl@5@@Z 0000000180001480 f i plugin_test1.obj
 0001:000004b0       ??_GRTest1_Shell@test1@test@modules@UModSys@@UEAAPEAXI@Z 00000001800014b0 f i plugin_test1.obj
 0001:000004b0       ??_ERTest1_Shell@test1@test@modules@UModSys@@UEAAPEAXI@Z 00000001800014b0 f i  CIL library: CIL module
 0001:000004e0       ??1SFrameCreateParameters@libui@UModSys@@QEAA@XZ 00000001800014e0 f i plugin_test1.obj
 0001:00000510       ?get_generated_names@RGenerator@test1@test@modules@UModSys@@UEBAHAEAUSUniquePtrList@core@5@@Z 0000000180001510 f i plugin_test1.obj
 0001:00000530       ?get_generated_types@RGenerator@test1@test@modules@UModSys@@UEBAHAEAUSUniquePtrList@core@5@PEBUSUniquePointerInfo@75@@Z 0000000180001530 f i plugin_test1.obj
 0001:00000590       ?generate@RGenerator@test1@test@modules@UModSys@@UEAA_NAEAU?$TRefObject@UIRefObject@core@UModSys@@U?$TRefObjectFunc@UIRefObject@core@UModSys@@@tl@3@@tl@5@PEBUSUniquePointerInfo@core@5@AEBUSParameters@95@@Z 0000000180001590 f i plugin_test1.obj
 0001:00000630       ?root_get_interface_info@RGenerator@test1@test@modules@UModSys@@UEBAAEBUSUniquePointerInfo@core@5@XZ 0000000180001630 f i plugin_test1.obj
 0001:00000640       ?root_get_interface_type@RGenerator@test1@test@modules@UModSys@@UEBAPEBUSUniquePointerInfo@core@5@XZ 0000000180001640 f i plugin_test1.obj
 0001:00000650       ?root_get_other_interface@RGenerator@test1@test@modules@UModSys@@UEAAPEAUIRoot@core@5@PEBUSUniquePointerInfo@75@@Z 0000000180001650 f i plugin_test1.obj
 0001:00000650       ?root_get_other_interface@RGenerator@test1@test@modules@UModSys@@UEBAPEBUIRoot@core@5@PEBUSUniquePointerInfo@75@@Z 0000000180001650 f i plugin_test1.obj
 0001:00000690       ?root_is_interface_supported@RGenerator@test1@test@modules@UModSys@@UEBA_NPEBUSUniquePointerInfo@core@5@@Z 0000000180001690 f i plugin_test1.obj
 0001:000006d0       ?get_uid@RGenerator@test1@test@modules@UModSys@@UEBAPEBUSUniquePointerInfo@core@5@XZ 00000001800016d0 f i plugin_test1.obj
 0001:000006e0       ?do_open@RModuleReg@test1@test@modules@UModSys@@UEAA_NXZ 00000001800016e0 f i plugin_test1.obj
 0001:00000720       ?do_close@RModuleReg@test1@test@modules@UModSys@@UEAA_NXZ 0000000180001720 f i plugin_test1.obj
 0001:00000760       ??_ERModuleReg@test1@test@modules@UModSys@@UEAAPEAXI@Z 0000000180001760 f i  CIL library: CIL module
 0001:00000760       ??_GRModuleReg@test1@test@modules@UModSys@@UEAAPEAXI@Z 0000000180001760 f i plugin_test1.obj
 0001:00000790       ??4?$TString@U?$TSCoreShared@USIMemAlloc@core@UModSys@@D@su@tl@UModSys@@U?$TComparerBinaryHash@D@234@@tl@UModSys@@QEAAAEBU012@AEBU012@@Z 0000000180001790 f i plugin_test1.obj
 0001:000007e0       ??4?$TRefObject@UIRefObject@core@UModSys@@U?$TRefObjectFunc@UIRefObject@core@UModSys@@@tl@3@@tl@UModSys@@QEAAAEBU012@PEAUIRefObject@core@2@@Z 00000001800017e0 f i plugin_test1.obj
 0001:00000820       ??1?$TRefObject@UIUtilities@libmedia@UModSys@@U?$TRefObjectFunc@UIUtilities@libmedia@UModSys@@@tl@3@@tl@UModSys@@QEAA@XZ 0000000180001820 f i plugin_test1.obj
 0001:00000820       ??1?$TRefObject@URMediaFilter@images_std@media@modules@UModSys@@U?$TRefObjectFunc@URMediaFilter@images_std@media@modules@UModSys@@@tl@5@@tl@UModSys@@QEAA@XZ 0000000180001820 f i umodsys_lib_libmedia:umodsys.mod.media.images_std.obj
 0001:00000820       ??1?$TRefObject@URMultiImage@stdlib@lib2d@modules@UModSys@@U?$TRefObjectFunc@URMultiImage@stdlib@lib2d@modules@UModSys@@@tl@5@@tl@UModSys@@QEAA@XZ 0000000180001820 f i umodsys_lib_lib2d:umodsys.mod.2d.stdlib.obj
 0001:00000820       ??1?$TRefObject@URRenderDriver2D@SDL_core@ui@modules@UModSys@@U?$TRefObjectFunc@URRenderDriver2D@SDL_core@ui@modules@UModSys@@@tl@5@@tl@UModSys@@QEAA@XZ 0000000180001820 f i umodsys_lib_libui:umodsys.mod.ui.SDL_core.obj
 0001:00000820       ??1?$TRefObject@URMultiImage2D_SDL_ttf@SDL_core@ui@modules@UModSys@@U?$TRefObjectFunc@URMultiImage2D_SDL_ttf@SDL_core@ui@modules@UModSys@@@tl@5@@tl@UModSys@@QEAA@XZ 0000000180001820 f i umodsys_lib_libui:umodsys.mod.ui.SDL_core.obj
 0001:00000820       ??1?$TRefObject@UIMultiImage@lib2d@UModSys@@U?$TRefObjectFunc@UIMultiImage@lib2d@UModSys@@@tl@3@@tl@UModSys@@QEAA@XZ 0000000180001820 f i plugin_test1.obj
 0001:00000820       ??1?$TRefObject@UIImage@lib2d@UModSys@@U?$TRefObjectFunc@UIImage@lib2d@UModSys@@@tl@3@@tl@UModSys@@QEAA@XZ 0000000180001820 f i plugin_test1.obj
 0001:00000820       ??1?$TRefObject@UICollector@libui@UModSys@@U?$TRefObjectFunc@UICollector@libui@UModSys@@@tl@3@@tl@UModSys@@QEAA@XZ 0000000180001820 f i plugin_test1.obj
 0001:00000820       ??1?$TRefObject@UIRefObject@core@UModSys@@U?$TRefObjectFunc@UIRefObject@core@UModSys@@@tl@3@@tl@UModSys@@QEAA@XZ 0000000180001820 f i plugin_test1.obj
 0001:00000820       ??1?$TRefObject@UIStreamWriter@libmedia@UModSys@@U?$TRefObjectFunc@UIStreamWriter@libmedia@UModSys@@@tl@3@@tl@UModSys@@QEAA@XZ 0000000180001820 f i plugin_test1.obj
 0001:00000820       ??1?$TRefObject@URDialog@frames@ui@modules@UModSys@@U?$TRefObjectFunc@URDialog@frames@ui@modules@UModSys@@@tl@5@@tl@UModSys@@QEAA@XZ 0000000180001820 f i umodsys_lib_libui:umodsys.mod.ui.frames.obj
 0001:00000820       ??1?$TRefObject@UIMouseController@libui@UModSys@@U?$TRefObjectFunc@UIMouseController@libui@UModSys@@@tl@3@@tl@UModSys@@QEAA@XZ 0000000180001820 f i plugin_test1.obj
 0001:00000820       ??1?$TRefObject@URImage_Memory@stdlib@lib2d@modules@UModSys@@U?$TRefObjectFunc@URImage_Memory@stdlib@lib2d@modules@UModSys@@@tl@5@@tl@UModSys@@QEAA@XZ 0000000180001820 f i umodsys_lib_lib2d:umodsys.mod.2d.stdlib.obj
 0001:00000820       ??1?$TRefObject@URCollector@frames@ui@modules@UModSys@@U?$TRefObjectFunc@URCollector@frames@ui@modules@UModSys@@@tl@5@@tl@UModSys@@QEAA@XZ 0000000180001820 f i umodsys_lib_libui:umodsys.mod.ui.frames.obj
 0001:00000820       ??1?$TRefObject@UIRenderDriver@lib2d@UModSys@@U?$TRefObjectFunc@UIRenderDriver@lib2d@UModSys@@@tl@3@@tl@UModSys@@QEAA@XZ 0000000180001820 f i plugin_test1.obj
 0001:00000820       ??1?$TRefObject@URTerminalX@SDL_core@ui@modules@UModSys@@U?$TRefObjectFunc@URTerminalX@SDL_core@ui@modules@UModSys@@@tl@5@@tl@UModSys@@QEAA@XZ 0000000180001820 f i umodsys_lib_libui:umodsys.mod.ui.SDL_core.obj
 0001:00000820       ??1?$TRefObject@UIKeyboardController@libui@UModSys@@U?$TRefObjectFunc@UIKeyboardController@libui@UModSys@@@tl@3@@tl@UModSys@@QEAA@XZ 0000000180001820 f i plugin_test1.obj
 0001:00000820       ??1?$TRefObject@UITerminal@libui@UModSys@@U?$TRefObjectFunc@UITerminal@libui@UModSys@@@tl@3@@tl@UModSys@@QEAA@XZ 0000000180001820 f i plugin_test1.obj
 0001:00000820       ??1?$TRefObject@UIImageFactory@lib2d@UModSys@@U?$TRefObjectFunc@UIImageFactory@lib2d@UModSys@@@tl@3@@tl@UModSys@@QEAA@XZ 0000000180001820 f i plugin_test1.obj
 0001:00000820       ??1?$TRefObject@URSerializeWriter@serialize_json@media@modules@UModSys@@U?$TRefObjectFunc@URSerializeWriter@serialize_json@media@modules@UModSys@@@tl@5@@tl@UModSys@@QEAA@XZ 0000000180001820 f i umodsys_lib_libmedia:umodsys.mod.media.serialize_json.obj
 0001:00000820       ??1?$TRefObject@URImageFactory_Memory@stdlib@lib2d@modules@UModSys@@U?$TRefObjectFunc@URImageFactory_Memory@stdlib@lib2d@modules@UModSys@@@tl@5@@tl@UModSys@@QEAA@XZ 0000000180001820 f i umodsys_lib_lib2d:umodsys.mod.2d.stdlib.obj
 0001:00000820       ??1?$TRefObject@UIStreamReader@libmedia@UModSys@@U?$TRefObjectFunc@UIStreamReader@libmedia@UModSys@@@tl@3@@tl@UModSys@@QEAA@XZ 0000000180001820 f i plugin_test1.obj
 0001:00000820       ??1?$TRefObject@URTerminalX@SDL_GL@ui@modules@UModSys@@U?$TRefObjectFunc@URTerminalX@SDL_GL@ui@modules@UModSys@@@tl@5@@tl@UModSys@@QEAA@XZ 0000000180001820 f i umodsys_lib_libui:umodsys.mod.ui.SDL_GL.obj
 0001:00000820       ??1?$TRefObject@URSerializeReader@serialize_json@media@modules@UModSys@@U?$TRefObjectFunc@URSerializeReader@serialize_json@media@modules@UModSys@@@tl@5@@tl@UModSys@@QEAA@XZ 0000000180001820 f i umodsys_lib_libmedia:umodsys.mod.media.serialize_json.obj
 0001:00000820       ??1?$TRefObject@URFrame_Common@frames@ui@modules@UModSys@@U?$TRefObjectFunc@URFrame_Common@frames@ui@modules@UModSys@@@tl@5@@tl@UModSys@@QEAA@XZ 0000000180001820 f i umodsys_lib_libui:umodsys.mod.ui.frames.obj
 0001:00000820       ??1?$TRefObject@UIFrame@libui@UModSys@@U?$TRefObjectFunc@UIFrame@libui@UModSys@@@tl@3@@tl@UModSys@@QEAA@XZ 0000000180001820 f i umodsys_lib_libui:umodsys.mod.ui.frames.obj
 0001:00000820       ??1?$TRefObject@URBinArchiveFrameClient_ZIP@zlib@media@modules@UModSys@@U?$TRefObjectFunc@URBinArchiveFrameClient_ZIP@zlib@media@modules@UModSys@@@tl@5@@tl@UModSys@@QEAA@XZ 0000000180001820 f i umodsys_lib_libmedia:umodsys.mod.media.zlib.obj
 0001:00000850       ?info_release@?$TSCoreShared@USIMemAlloc@core@UModSys@@D@su@tl@UModSys@@QEAAXXZ 0000000180001850 f i plugin_test1.obj
 0001:000008f0       ?info_new@?$TSCoreShared@USIMemAlloc@core@UModSys@@D@su@tl@UModSys@@QEAA_NPEBD_K@Z 00000001800018f0 f i plugin_test1.obj
 0001:000009e0       ?get_null@?$TSCoreShared@USIMemAlloc@core@UModSys@@D@su@tl@UModSys@@SAPEAU?$TSharedStringInfo@DUSIMemAlloc@core@UModSys@@@234@XZ 00000001800019e0 f i plugin_test1.obj
 0001:00000a30       ??$generate_type@UIMultiImage@lib2d@UModSys@@@RTest1_Shell@test1@test@modules@UModSys@@QEAA?AU?$TRefObject@UIMultiImage@lib2d@UModSys@@U?$TRefObjectFunc@UIMultiImage@lib2d@UModSys@@@tl@3@@tl@4@AEBU?$TString@U?$TSCoreConst@D@su@tl@UModSys@@U?$TComparerBinaryHash@D@234@@64@AEBUSParameters@core@4@PEBD@Z 0000000180001a30 f i plugin_test1.obj
 0001:00000c40       ??$generate_type@UICollector@libui@UModSys@@@RTest1_Shell@test1@test@modules@UModSys@@QEAA?AU?$TRefObject@UICollector@libui@UModSys@@U?$TRefObjectFunc@UICollector@libui@UModSys@@@tl@3@@tl@4@AEBU?$TString@U?$TSCoreConst@D@su@tl@UModSys@@U?$TComparerBinaryHash@D@234@@64@AEBUSParameters@core@4@PEBD@Z 0000000180001c40 f i plugin_test1.obj
 0001:00000df0       ??$generate_type@UITerminal@libui@UModSys@@@RTest1_Shell@test1@test@modules@UModSys@@QEAA?AU?$TRefObject@UITerminal@libui@UModSys@@U?$TRefObjectFunc@UITerminal@libui@UModSys@@@tl@3@@tl@4@AEBU?$TString@U?$TSCoreConst@D@su@tl@UModSys@@U?$TComparerBinaryHash@D@234@@64@AEBUSParameters@core@4@PEBD@Z 0000000180001df0 f i plugin_test1.obj
 0001:00000fa0       ??$shash@D@su@tl@UModSys@@YA_KPEBD_K@Z 0000000180001fa0 f i plugin_test1.obj
 0001:00000fe0       ??1?$TRefObject@UIModObject@base@UModSys@@U?$TModObjectFunc@UIModObject@base@UModSys@@@tl@3@@tl@UModSys@@QEAA@XZ 0000000180001fe0 f i plugin_test1.obj
 0001:00001010       ??$t_ref_get_other_interface@UIStreamReader@libmedia@UModSys@@U?$TRefObjectFunc@UIStreamReader@libmedia@UModSys@@@tl@3@@IRefObject@core@UModSys@@QEAA_NAEAU?$TRefObject@UIStreamReader@libmedia@UModSys@@U?$TRefObjectFunc@UIStreamReader@libmedia@UModSys@@@tl@3@@tl@2@@Z 0000000180002010 f i plugin_test1.obj
 0001:00001060       ??$t_ref_get_other_interface@UIStreamWriter@libmedia@UModSys@@U?$TRefObjectFunc@UIStreamWriter@libmedia@UModSys@@@tl@3@@IRefObject@core@UModSys@@QEAA_NAEAU?$TRefObject@UIStreamWriter@libmedia@UModSys@@U?$TRefObjectFunc@UIStreamWriter@libmedia@UModSys@@@tl@3@@tl@2@@Z 0000000180002060 f i plugin_test1.obj
 0001:000010b0       ??$t_generate@UICollector@libui@UModSys@@@SModuleContext@base@UModSys@@QEAA_NAEAU?$TRefObject@UICollector@libui@UModSys@@U?$TRefObjectFunc@UICollector@libui@UModSys@@@tl@3@@tl@2@PEBUSUniquePointerInfo@core@2@AEBUSParameters@62@@Z 00000001800020b0 f i plugin_test1.obj
 0001:00001180       ??$t_generate@UITerminal@libui@UModSys@@@SModuleContext@base@UModSys@@QEAA_NAEAU?$TRefObject@UITerminal@libui@UModSys@@U?$TRefObjectFunc@UITerminal@libui@UModSys@@@tl@3@@tl@2@PEBUSUniquePointerInfo@core@2@AEBUSParameters@62@@Z 0000000180002180 f i plugin_test1.obj
 0001:00001250       ??$t_ref_get_other_interface@UIImage@lib2d@UModSys@@U?$TRefObjectFunc@UIImage@lib2d@UModSys@@@tl@3@@IRefObject@core@UModSys@@QEAA_NAEAU?$TRefObject@UIImage@lib2d@UModSys@@U?$TRefObjectFunc@UIImage@lib2d@UModSys@@@tl@3@@tl@2@@Z 0000000180002250 f i plugin_test1.obj
 0001:000012a0       ??$t_ref_get_other_interface@UIImageFactory@lib2d@UModSys@@U?$TRefObjectFunc@UIImageFactory@lib2d@UModSys@@@tl@3@@IRefObject@core@UModSys@@QEAA_NAEAU?$TRefObject@UIImageFactory@lib2d@UModSys@@U?$TRefObjectFunc@UIImageFactory@lib2d@UModSys@@@tl@3@@tl@2@@Z 00000001800022a0 f i plugin_test1.obj
 0001:000012f0       ??$t_ref_get_other_interface@UIMultiImage@lib2d@UModSys@@U?$TRefObjectFunc@UIMultiImage@lib2d@UModSys@@@tl@3@@IRefObject@core@UModSys@@QEAA_NAEAU?$TRefObject@UIMultiImage@lib2d@UModSys@@U?$TRefObjectFunc@UIMultiImage@lib2d@UModSys@@@tl@3@@tl@2@@Z 00000001800022f0 f i plugin_test1.obj
 0001:00001340       ?root_get_interface_info@RImage_Memory@stdlib@lib2d@modules@UModSys@@UEBAAEBUSUniquePointerInfo@core@5@XZ 0000000180002340 f i umodsys_lib_lib2d:umodsys.mod.2d.stdlib.obj
 0001:00001350       ?root_get_interface_type@RImage_Memory@stdlib@lib2d@modules@UModSys@@UEBAPEBUSUniquePointerInfo@core@5@XZ 0000000180002350 f i umodsys_lib_lib2d:umodsys.mod.2d.stdlib.obj
 0001:00001360       ?root_get_other_interface@RImage_Memory@stdlib@lib2d@modules@UModSys@@UEBAPEBUIRoot@core@5@PEBUSUniquePointerInfo@75@@Z 0000000180002360 f i umodsys_lib_lib2d:umodsys.mod.2d.stdlib.obj
 0001:00001360       ?root_get_other_interface@RImage_Memory@stdlib@lib2d@modules@UModSys@@UEAAPEAUIRoot@core@5@PEBUSUniquePointerInfo@75@@Z 0000000180002360 f i umodsys_lib_lib2d:umodsys.mod.2d.stdlib.obj
 0001:00001390       ?root_is_interface_supported@RImage_Memory@stdlib@lib2d@modules@UModSys@@UEBA_NPEBUSUniquePointerInfo@core@5@@Z 0000000180002390 f i umodsys_lib_lib2d:umodsys.mod.2d.stdlib.obj
 0001:000013c0       ?root_get_interface_info@RImageFactory_Memory@stdlib@lib2d@modules@UModSys@@UEBAAEBUSUniquePointerInfo@core@5@XZ 00000001800023c0 f i umodsys_lib_lib2d:umodsys.mod.2d.stdlib.obj
 0001:000013d0       ?root_get_interface_type@RImageFactory_Memory@stdlib@lib2d@modules@UModSys@@UEBAPEBUSUniquePointerInfo@core@5@XZ 00000001800023d0 f i umodsys_lib_lib2d:umodsys.mod.2d.stdlib.obj
 0001:000013e0       ?root_get_other_interface@RImageFactory_Memory@stdlib@lib2d@modules@UModSys@@UEBAPEBUIRoot@core@5@PEBUSUniquePointerInfo@75@@Z 00000001800023e0 f i umodsys_lib_lib2d:umodsys.mod.2d.stdlib.obj
 0001:000013e0       ?root_get_other_interface@RImageFactory_Memory@stdlib@lib2d@modules@UModSys@@UEAAPEAUIRoot@core@5@PEBUSUniquePointerInfo@75@@Z 00000001800023e0 f i umodsys_lib_lib2d:umodsys.mod.2d.stdlib.obj
 0001:00001410       ?root_is_interface_supported@RImageFactory_Memory@stdlib@lib2d@modules@UModSys@@UEBA_NPEBUSUniquePointerInfo@core@5@@Z 0000000180002410 f i umodsys_lib_lib2d:umodsys.mod.2d.stdlib.obj
 0001:00001440       ?root_get_interface_info@RMultiImage@stdlib@lib2d@modules@UModSys@@UEBAAEBUSUniquePointerInfo@core@5@XZ 0000000180002440 f i umodsys_lib_lib2d:umodsys.mod.2d.stdlib.obj
 0001:00001450       ?root_get_interface_type@RMultiImage@stdlib@lib2d@modules@UModSys@@UEBAPEBUSUniquePointerInfo@core@5@XZ 0000000180002450 f i umodsys_lib_lib2d:umodsys.mod.2d.stdlib.obj
 0001:00001460       ?root_get_other_interface@RMultiImage@stdlib@lib2d@modules@UModSys@@UEAAPEAUIRoot@core@5@PEBUSUniquePointerInfo@75@@Z 0000000180002460 f i umodsys_lib_lib2d:umodsys.mod.2d.stdlib.obj
 0001:00001460       ?root_get_other_interface@RMultiImage@stdlib@lib2d@modules@UModSys@@UEBAPEBUIRoot@core@5@PEBUSUniquePointerInfo@75@@Z 0000000180002460 f i umodsys_lib_lib2d:umodsys.mod.2d.stdlib.obj
 0001:00001490       ?root_is_interface_supported@RMultiImage@stdlib@lib2d@modules@UModSys@@UEBA_NPEBUSUniquePointerInfo@core@5@@Z 0000000180002490 f i umodsys_lib_lib2d:umodsys.mod.2d.stdlib.obj
 0001:000014c0       ?ref_remove@RGenerator@zlib@media@modules@UModSys@@UEBAXXZ 00000001800024c0 f i umodsys_lib_libmedia:umodsys.mod.media.zlib.obj
 0001:000014c0       ?ref_remove@RGenerator@images_std@media@modules@UModSys@@UEBAXXZ 00000001800024c0 f i umodsys_lib_libmedia:umodsys.mod.media.images_std.obj
 0001:000014c0       ?ref_remove@RGenerator@test1@test@modules@UModSys@@UEBAXXZ 00000001800024c0 f i plugin_test1.obj
 0001:000014c0       ?ref_remove@RMultiImage2D_SDL_ttf@SDL_core@ui@modules@UModSys@@UEBAXXZ 00000001800024c0 f i umodsys_lib_libui:umodsys.mod.ui.SDL_core.obj
 0001:000014c0       ?ref_remove@RBinArchiveFrameClient_ZIP@zlib@media@modules@UModSys@@UEBAXXZ 00000001800024c0 f i umodsys_lib_libmedia:umodsys.mod.media.zlib.obj
 0001:000014c0       ?ref_remove@RImage_Memory@stdlib@lib2d@modules@UModSys@@UEBAXXZ 00000001800024c0 f i umodsys_lib_lib2d:umodsys.mod.2d.stdlib.obj
 0001:000014c0       ?ref_remove@RGenerator@SDL_GL@ui@modules@UModSys@@UEBAXXZ 00000001800024c0 f i umodsys_lib_libui:umodsys.mod.ui.SDL_GL.obj
 0001:000014c0       ?ref_remove@RGenerator@frames@ui@modules@UModSys@@UEBAXXZ 00000001800024c0 f i umodsys_lib_libui:umodsys.mod.ui.frames.obj
 0001:000014c0       ?ref_remove@RDialog@frames@ui@modules@UModSys@@UEBAXXZ 00000001800024c0 f i umodsys_lib_libui:umodsys.mod.ui.frames.obj
 0001:000014c0       ?ref_remove@RGenerator@serialize_json@media@modules@UModSys@@UEBAXXZ 00000001800024c0 f i umodsys_lib_libmedia:umodsys.mod.media.serialize_json.obj
 0001:000014c0       ?ref_remove@RGenerator@stdlib@lib2d@modules@UModSys@@UEBAXXZ 00000001800024c0 f i umodsys_lib_lib2d:umodsys.mod.2d.stdlib.obj
 0001:000014c0       ?ref_remove@RGenerator@SDL_core@ui@modules@UModSys@@UEBAXXZ 00000001800024c0 f i umodsys_lib_libui:umodsys.mod.ui.SDL_core.obj
 0001:000014c0       ?ref_remove@RImageFactory_Memory@stdlib@lib2d@modules@UModSys@@UEBAXXZ 00000001800024c0 f i umodsys_lib_lib2d:umodsys.mod.2d.stdlib.obj
 0001:000014c0       ?ref_remove@RTerminal@SDL_GL@ui@modules@UModSys@@UEBAXXZ 00000001800024c0 f i umodsys_lib_libui:umodsys.mod.ui.SDL_GL.obj
 0001:000014c0       ?ref_remove@RMultiImage@stdlib@lib2d@modules@UModSys@@UEBAXXZ 00000001800024c0 f i umodsys_lib_lib2d:umodsys.mod.2d.stdlib.obj
 0001:000014c0       ?ref_remove@RTerminal@SDL_core@ui@modules@UModSys@@UEBAXXZ 00000001800024c0 f i umodsys_lib_libui:umodsys.mod.ui.SDL_core.obj
 0001:000014c0       ?ref_remove@RSerializeReader@serialize_json@media@modules@UModSys@@UEBAXXZ 00000001800024c0 f i umodsys_lib_libmedia:umodsys.mod.media.serialize_json.obj
 0001:000014e0       ?get_generated_names@RGenerator@stdlib@lib2d@modules@UModSys@@UEBAHAEAUSUniquePtrList@core@5@@Z 00000001800024e0 f i umodsys_lib_lib2d:umodsys.mod.2d.stdlib.obj
 0001:00001530       ?get_generated_types@RGenerator@stdlib@lib2d@modules@UModSys@@UEBAHAEAUSUniquePtrList@core@5@PEBUSUniquePointerInfo@75@@Z 0000000180002530 f i umodsys_lib_lib2d:umodsys.mod.2d.stdlib.obj
 0001:000015d0       ?generate@RGenerator@stdlib@lib2d@modules@UModSys@@UEAA_NAEAU?$TRefObject@UIRefObject@core@UModSys@@U?$TRefObjectFunc@UIRefObject@core@UModSys@@@tl@3@@tl@5@PEBUSUniquePointerInfo@core@5@AEBUSParameters@95@@Z 00000001800025d0 f i umodsys_lib_lib2d:umodsys.mod.2d.stdlib.obj
 0001:00001700       ?root_get_interface_info@RGenerator@stdlib@lib2d@modules@UModSys@@UEBAAEBUSUniquePointerInfo@core@5@XZ 0000000180002700 f i umodsys_lib_lib2d:umodsys.mod.2d.stdlib.obj
 0001:00001710       ?root_get_interface_type@RGenerator@stdlib@lib2d@modules@UModSys@@UEBAPEBUSUniquePointerInfo@core@5@XZ 0000000180002710 f i umodsys_lib_lib2d:umodsys.mod.2d.stdlib.obj
 0001:00001720       ?root_get_other_interface@RGenerator@stdlib@lib2d@modules@UModSys@@UEAAPEAUIRoot@core@5@PEBUSUniquePointerInfo@75@@Z 0000000180002720 f i umodsys_lib_lib2d:umodsys.mod.2d.stdlib.obj
 0001:00001720       ?root_get_other_interface@RGenerator@stdlib@lib2d@modules@UModSys@@UEBAPEBUIRoot@core@5@PEBUSUniquePointerInfo@75@@Z 0000000180002720 f i umodsys_lib_lib2d:umodsys.mod.2d.stdlib.obj
 0001:00001760       ?root_is_interface_supported@RGenerator@stdlib@lib2d@modules@UModSys@@UEBA_NPEBUSUniquePointerInfo@core@5@@Z 0000000180002760 f i umodsys_lib_lib2d:umodsys.mod.2d.stdlib.obj
 0001:000017a0       ?get_uid@RGenerator@stdlib@lib2d@modules@UModSys@@UEBAPEBUSUniquePointerInfo@core@5@XZ 00000001800027a0 f i umodsys_lib_lib2d:umodsys.mod.2d.stdlib.obj
 0001:000017b0       ??4State@RImage_Memory@stdlib@lib2d@modules@UModSys@@QEAAAEAU012345@AEBU012345@@Z 00000001800027b0 f i umodsys_lib_lib2d:umodsys.mod.2d.stdlib.obj
 0001:00001890       ??_ERImage_Memory@stdlib@lib2d@modules@UModSys@@UEAAPEAXI@Z 0000000180002890 f i  CIL library: CIL module
 0001:00001890       ??_GRImage_Memory@stdlib@lib2d@modules@UModSys@@UEAAPEAXI@Z 0000000180002890 f i umodsys_lib_lib2d:umodsys.mod.2d.stdlib.obj
 0001:000018c0       ??1ISerializeWriter@libmedia@UModSys@@UEAA@XZ 00000001800028c0 f i umodsys_lib_libmedia:umodsys.mod.media.serialize_json.obj
 0001:000018c0       ??1IShell@base@UModSys@@UEAA@XZ 00000001800028c0 f i plugin_test1.obj
 0001:000018c0       ??1IDialog@libui@UModSys@@UEAA@XZ 00000001800028c0 f i umodsys_lib_libui:umodsys.mod.ui.frames.obj
 0001:000018c0       ??1IMouseController@libui@UModSys@@UEAA@XZ 00000001800028c0 f i umodsys_lib_libui:umodsys.mod.ui.SDL_GL.obj
 0001:000018c0       ??1IFrame@libui@UModSys@@UEAA@XZ 00000001800028c0 f i umodsys_lib_libui:umodsys.mod.ui.frames.obj
 0001:000018c0       ??1IClient@IBinArchiveFrame@libmedia@UModSys@@UEAA@XZ 00000001800028c0 f i umodsys_lib_libmedia:umodsys.mod.media.zlib.obj
 0001:000018c0       ??1IImageFactory@lib2d@UModSys@@UEAA@XZ 00000001800028c0 f i umodsys_lib_lib2d:umodsys.mod.2d.stdlib.obj
 0001:000018c0       ??1IRenderDriver@lib2d@UModSys@@UEAA@XZ 00000001800028c0 f i umodsys_lib_libui:umodsys.mod.ui.SDL_GL.obj
 0001:000018c0       ??1IRenderDriver@lib3d@UModSys@@UEAA@XZ 00000001800028c0 f i umodsys_lib_libui:umodsys.mod.ui.SDL_GL.obj
 0001:000018c0       ??1ITerminal@libui@UModSys@@UEAA@XZ 00000001800028c0 f i umodsys_lib_libui:umodsys.mod.ui.SDL_GL.obj
 0001:000018c0       ??1IMultiImage@lib2d@UModSys@@UEAA@XZ 00000001800028c0 f i umodsys_lib_lib2d:umodsys.mod.2d.stdlib.obj
 0001:000018c0       ??1IKeyboardController@libui@UModSys@@UEAA@XZ 00000001800028c0 f i umodsys_lib_libui:umodsys.mod.ui.SDL_GL.obj
 0001:000018c0       ??1IImage@lib2d@UModSys@@UEAA@XZ 00000001800028c0 f i umodsys_lib_lib2d:umodsys.mod.2d.stdlib.obj
 0001:000018c0       ??1ICollector@libui@UModSys@@UEAA@XZ 00000001800028c0 f i umodsys_lib_libui:umodsys.mod.ui.frames.obj
 0001:000018c0       ??1ISerializeReader@libmedia@UModSys@@UEAA@XZ 00000001800028c0 f i umodsys_lib_libmedia:umodsys.mod.media.serialize_json.obj
 0001:000018d0       ??1SParameters@core@UModSys@@QEAA@XZ 00000001800028d0 f i plugin_test1.obj
 0001:000018d0       ??1?$TParametersA@$0BAA@@core@UModSys@@QEAA@XZ 00000001800028d0 f i umodsys_lib_libui:umodsys.mod.ui.SDL_core.obj
 0001:000018d0       ??1?$TParametersA@$0EAA@@core@UModSys@@QEAA@XZ 00000001800028d0 f i plugin_test1.obj
 0001:000018d0       ??1?$TParametersA@$0BAL@@core@UModSys@@QEAA@XZ 00000001800028d0 f i umodsys_lib_lib2d:umodsys.mod.2d.stdlib.obj
 0001:000018f0       ??_ERImageFactory_Memory@stdlib@lib2d@modules@UModSys@@UEAAPEAXI@Z 00000001800028f0 f i  CIL library: CIL module
 0001:000018f0       ??_GRImageFactory_Memory@stdlib@lib2d@modules@UModSys@@UEAAPEAXI@Z 00000001800028f0 f i umodsys_lib_lib2d:umodsys.mod.2d.stdlib.obj
 0001:00001920       ??_GRMultiImage@stdlib@lib2d@modules@UModSys@@UEAAPEAXI@Z 0000000180002920 f i umodsys_lib_lib2d:umodsys.mod.2d.stdlib.obj
 0001:00001920       ??_ERMultiImage@stdlib@lib2d@modules@UModSys@@UEAAPEAXI@Z 0000000180002920 f i  CIL library: CIL module
 0001:00001950       ?do_open@RModuleReg@stdlib@lib2d@modules@UModSys@@UEAA_NXZ 0000000180002950 f i umodsys_lib_lib2d:umodsys.mod.2d.stdlib.obj
 0001:00001960       ?do_close@RModuleReg@stdlib@lib2d@modules@UModSys@@UEAA_NXZ 0000000180002960 f i umodsys_lib_lib2d:umodsys.mod.2d.stdlib.obj
 0001:00001970       ??_ERModuleReg@stdlib@lib2d@modules@UModSys@@UEAAPEAXI@Z 0000000180002970 f i  CIL library: CIL module
 0001:00001970       ??_GRModuleReg@stdlib@lib2d@modules@UModSys@@UEAAPEAXI@Z 0000000180002970 f i umodsys_lib_lib2d:umodsys.mod.2d.stdlib.obj
 0001:000019a0       ??1?$TDynarrayDynamic@USImageCellInfo@lib2d@UModSys@@U?$TAllocator@USIMemAlloc@core@UModSys@@USCountCalcPower2@23@@tl@3@@tl@UModSys@@QEAA@XZ 00000001800029a0 f i umodsys_lib_lib2d:umodsys.mod.2d.stdlib.obj
 0001:000019b0       ??1?$TDynarrayDynamic@U?$TRefObject@UIImage@lib2d@UModSys@@U?$TRefObjectFunc@UIImage@lib2d@UModSys@@@tl@3@@tl@UModSys@@U?$TAllocator@USIMemAlloc@core@UModSys@@USCountCalcPower2@23@@23@@tl@UModSys@@QEAA@XZ 00000001800029b0 f i umodsys_lib_lib2d:umodsys.mod.2d.stdlib.obj
 0001:000019c0       ??1?$TDynarray@U?$TDynarrayHolderDynamic@USImageCellInfo@lib2d@UModSys@@U?$TAllocator@USIMemAlloc@core@UModSys@@USCountCalcPower2@23@@tl@3@@tl@UModSys@@@tl@UModSys@@QEAA@XZ 00000001800029c0 f i umodsys_lib_lib2d:umodsys.mod.2d.stdlib.obj
 0001:00001a30       ??1?$TDynarray@U?$TDynarrayHolderDynamic@U?$TRefObject@UIImage@lib2d@UModSys@@U?$TRefObjectFunc@UIImage@lib2d@UModSys@@@tl@3@@tl@UModSys@@U?$TAllocator@USIMemAlloc@core@UModSys@@USCountCalcPower2@23@@23@@tl@UModSys@@@tl@UModSys@@QEAA@XZ 0000000180002a30 f i umodsys_lib_lib2d:umodsys.mod.2d.stdlib.obj
 0001:00001aa0       ?ResizeRel@?$TDynarray@U?$TDynarrayHolderDynamic@USImageCellInfo@lib2d@UModSys@@U?$TAllocator@USIMemAlloc@core@UModSys@@USCountCalcPower2@23@@tl@3@@tl@UModSys@@@tl@UModSys@@QEAA_N_J@Z 0000000180002aa0 f i umodsys_lib_lib2d:umodsys.mod.2d.stdlib.obj
 0001:00001b60       ?ResizeRel@?$TDynarray@U?$TDynarrayHolderDynamic@U?$TRefObject@UIImage@lib2d@UModSys@@U?$TRefObjectFunc@UIImage@lib2d@UModSys@@@tl@3@@tl@UModSys@@U?$TAllocator@USIMemAlloc@core@UModSys@@USCountCalcPower2@23@@23@@tl@UModSys@@@tl@UModSys@@QEAA_N_J@Z 0000000180002b60 f i umodsys_lib_lib2d:umodsys.mod.2d.stdlib.obj
 0001:00001c90       ??$ValidateConstruction@UIRefObject@core@UModSys@@URMultiImage@stdlib@lib2d@modules@3@@core@UModSys@@YA_NAEAU?$TRefObject@UIRefObject@core@UModSys@@U?$TRefObjectFunc@UIRefObject@core@UModSys@@@tl@3@@tl@1@PEAURMultiImage@stdlib@lib2d@modules@1@@Z 0000000180002c90 f i umodsys_lib_lib2d:umodsys.mod.2d.stdlib.obj
 0001:00001d10       ?root_get_interface_info@RKeyboardController@SDL_GL@ui@modules@UModSys@@UEBAAEBUSUniquePointerInfo@core@5@XZ 0000000180002d10 f i umodsys_lib_libui:umodsys.mod.ui.SDL_GL.obj
 0001:00001d20       ?root_get_interface_type@RKeyboardController@SDL_GL@ui@modules@UModSys@@UEBAPEBUSUniquePointerInfo@core@5@XZ 0000000180002d20 f i umodsys_lib_libui:umodsys.mod.ui.SDL_GL.obj
 0001:00001d30       ?root_get_other_interface@RKeyboardController@SDL_GL@ui@modules@UModSys@@UEBAPEBUIRoot@core@5@PEBUSUniquePointerInfo@75@@Z 0000000180002d30 f i umodsys_lib_libui:umodsys.mod.ui.SDL_GL.obj
 0001:00001d30       ?root_get_other_interface@RKeyboardController@SDL_GL@ui@modules@UModSys@@UEAAPEAUIRoot@core@5@PEBUSUniquePointerInfo@75@@Z 0000000180002d30 f i umodsys_lib_libui:umodsys.mod.ui.SDL_GL.obj
 0001:00001d60       ?root_is_interface_supported@RKeyboardController@SDL_GL@ui@modules@UModSys@@UEBA_NPEBUSUniquePointerInfo@core@5@@Z 0000000180002d60 f i umodsys_lib_libui:umodsys.mod.ui.SDL_GL.obj
 0001:00001d90       ?ref_remove@RRenderDriver2D@SDL_core@ui@modules@UModSys@@UEBAXXZ 0000000180002d90 f i umodsys_lib_libui:umodsys.mod.ui.SDL_core.obj
 0001:00001d90       ?ref_remove@RKeyboardController@SDL_core@ui@modules@UModSys@@UEBAXXZ 0000000180002d90 f i umodsys_lib_libui:umodsys.mod.ui.SDL_core.obj
 0001:00001d90       ?ref_remove@RMouseController@SDL_core@ui@modules@UModSys@@UEBAXXZ 0000000180002d90 f i umodsys_lib_libui:umodsys.mod.ui.SDL_core.obj
 0001:00001d90       ?ref_remove@RMouseController@SDL_GL@ui@modules@UModSys@@UEBAXXZ 0000000180002d90 f i umodsys_lib_libui:umodsys.mod.ui.SDL_GL.obj
 0001:00001d90       ?ref_remove@RKeyboardController@SDL_GL@ui@modules@UModSys@@UEBAXXZ 0000000180002d90 f i umodsys_lib_libui:umodsys.mod.ui.SDL_GL.obj
 0001:00001d90       ?ref_remove@RRenderDriver3D@SDL_GL@ui@modules@UModSys@@UEBAXXZ 0000000180002d90 f i umodsys_lib_libui:umodsys.mod.ui.SDL_GL.obj
 0001:00001da0       ?root_get_interface_info@RMouseController@SDL_GL@ui@modules@UModSys@@UEBAAEBUSUniquePointerInfo@core@5@XZ 0000000180002da0 f i umodsys_lib_libui:umodsys.mod.ui.SDL_GL.obj
 0001:00001db0       ?root_get_interface_type@RMouseController@SDL_GL@ui@modules@UModSys@@UEBAPEBUSUniquePointerInfo@core@5@XZ 0000000180002db0 f i umodsys_lib_libui:umodsys.mod.ui.SDL_GL.obj
 0001:00001dc0       ?root_get_other_interface@RMouseController@SDL_GL@ui@modules@UModSys@@UEBAPEBUIRoot@core@5@PEBUSUniquePointerInfo@75@@Z 0000000180002dc0 f i umodsys_lib_libui:umodsys.mod.ui.SDL_GL.obj
 0001:00001dc0       ?root_get_other_interface@RMouseController@SDL_GL@ui@modules@UModSys@@UEAAPEAUIRoot@core@5@PEBUSUniquePointerInfo@75@@Z 0000000180002dc0 f i umodsys_lib_libui:umodsys.mod.ui.SDL_GL.obj
 0001:00001df0       ?root_is_interface_supported@RMouseController@SDL_GL@ui@modules@UModSys@@UEBA_NPEBUSUniquePointerInfo@core@5@@Z 0000000180002df0 f i umodsys_lib_libui:umodsys.mod.ui.SDL_GL.obj
 0001:00001e20       ?ref_weak@RRenderDriver2D@SDL_core@ui@modules@UModSys@@UEBA_NAEAUWeakPointer@IRefObject@core@5@@Z 0000000180002e20 f i umodsys_lib_libui:umodsys.mod.ui.SDL_core.obj
 0001:00001e20       ?ref_weak@RMouseController@SDL_GL@ui@modules@UModSys@@UEBA_NAEAUWeakPointer@IRefObject@core@5@@Z 0000000180002e20 f i umodsys_lib_libui:umodsys.mod.ui.SDL_GL.obj
 0001:00001e20       ?ref_weak@RRenderDriver3D@SDL_GL@ui@modules@UModSys@@UEBA_NAEAUWeakPointer@IRefObject@core@5@@Z 0000000180002e20 f i umodsys_lib_libui:umodsys.mod.ui.SDL_GL.obj
 0001:00001e20       ?ref_weak@RMouseController@SDL_core@ui@modules@UModSys@@UEBA_NAEAUWeakPointer@IRefObject@core@5@@Z 0000000180002e20 f i umodsys_lib_libui:umodsys.mod.ui.SDL_core.obj
 0001:00001e20       ?ref_weak@RKeyboardController@SDL_GL@ui@modules@UModSys@@UEBA_NAEAUWeakPointer@IRefObject@core@5@@Z 0000000180002e20 f i umodsys_lib_libui:umodsys.mod.ui.SDL_GL.obj
 0001:00001e20       ?ref_weak@RKeyboardController@SDL_core@ui@modules@UModSys@@UEBA_NAEAUWeakPointer@IRefObject@core@5@@Z 0000000180002e20 f i umodsys_lib_libui:umodsys.mod.ui.SDL_core.obj
 0001:00001e40       ?root_get_interface_info@RTerminal@SDL_GL@ui@modules@UModSys@@UEBAAEBUSUniquePointerInfo@core@5@XZ 0000000180002e40 f i umodsys_lib_libui:umodsys.mod.ui.SDL_GL.obj
 0001:00001e50       ?root_get_interface_type@RTerminal@SDL_GL@ui@modules@UModSys@@UEBAPEBUSUniquePointerInfo@core@5@XZ 0000000180002e50 f i umodsys_lib_libui:umodsys.mod.ui.SDL_GL.obj
 0001:00001e60       ?root_get_other_interface@RTerminal@SDL_GL@ui@modules@UModSys@@UEBAPEBUIRoot@core@5@PEBUSUniquePointerInfo@75@@Z 0000000180002e60 f i umodsys_lib_libui:umodsys.mod.ui.SDL_GL.obj
 0001:00001e60       ?root_get_other_interface@RTerminal@SDL_GL@ui@modules@UModSys@@UEAAPEAUIRoot@core@5@PEBUSUniquePointerInfo@75@@Z 0000000180002e60 f i umodsys_lib_libui:umodsys.mod.ui.SDL_GL.obj
 0001:00001e90       ?root_is_interface_supported@RTerminal@SDL_GL@ui@modules@UModSys@@UEBA_NPEBUSUniquePointerInfo@core@5@@Z 0000000180002e90 f i umodsys_lib_libui:umodsys.mod.ui.SDL_GL.obj
 0001:00001ec0       ?root_get_interface_info@RRenderDriver3D@SDL_GL@ui@modules@UModSys@@UEBAAEBUSUniquePointerInfo@core@5@XZ 0000000180002ec0 f i umodsys_lib_libui:umodsys.mod.ui.SDL_GL.obj
 0001:00001ed0       ?root_get_interface_type@RRenderDriver3D@SDL_GL@ui@modules@UModSys@@UEBAPEBUSUniquePointerInfo@core@5@XZ 0000000180002ed0 f i umodsys_lib_libui:umodsys.mod.ui.SDL_GL.obj
 0001:00001ee0       ?root_get_other_interface@RRenderDriver3D@SDL_GL@ui@modules@UModSys@@UEAAPEAUIRoot@core@5@PEBUSUniquePointerInfo@75@@Z 0000000180002ee0 f i umodsys_lib_libui:umodsys.mod.ui.SDL_GL.obj
 0001:00001ee0       ?root_get_other_interface@RRenderDriver3D@SDL_GL@ui@modules@UModSys@@UEBAPEBUIRoot@core@5@PEBUSUniquePointerInfo@75@@Z 0000000180002ee0 f i umodsys_lib_libui:umodsys.mod.ui.SDL_GL.obj
 0001:00001f20       ?root_is_interface_supported@RRenderDriver3D@SDL_GL@ui@modules@UModSys@@UEBA_NPEBUSUniquePointerInfo@core@5@@Z 0000000180002f20 f i umodsys_lib_libui:umodsys.mod.ui.SDL_GL.obj
 0001:00001f60       ?root_get_interface_info@RTerminalX@SDL_GL@ui@modules@UModSys@@UEBAAEBUSUniquePointerInfo@core@5@XZ 0000000180002f60 f i umodsys_lib_libui:umodsys.mod.ui.SDL_GL.obj
 0001:00001f70       ?root_get_interface_type@RTerminalX@SDL_GL@ui@modules@UModSys@@UEBAPEBUSUniquePointerInfo@core@5@XZ 0000000180002f70 f i umodsys_lib_libui:umodsys.mod.ui.SDL_GL.obj
 0001:00001f80       ?root_get_other_interface@RTerminalX@SDL_GL@ui@modules@UModSys@@UEBAPEBUIRoot@core@5@PEBUSUniquePointerInfo@75@@Z 0000000180002f80 f i umodsys_lib_libui:umodsys.mod.ui.SDL_GL.obj
 0001:00001f80       ?root_get_other_interface@RTerminalX@SDL_GL@ui@modules@UModSys@@UEAAPEAUIRoot@core@5@PEBUSUniquePointerInfo@75@@Z 0000000180002f80 f i umodsys_lib_libui:umodsys.mod.ui.SDL_GL.obj
 0001:00001fb0       ?root_is_interface_supported@RTerminalX@SDL_GL@ui@modules@UModSys@@UEBA_NPEBUSUniquePointerInfo@core@5@@Z 0000000180002fb0 f i umodsys_lib_libui:umodsys.mod.ui.SDL_GL.obj
 0001:00001ff0       ?get_generated_names@RGenerator@SDL_GL@ui@modules@UModSys@@UEBAHAEAUSUniquePtrList@core@5@@Z 0000000180002ff0 f i umodsys_lib_libui:umodsys.mod.ui.SDL_GL.obj
 0001:00002010       ?get_generated_types@RGenerator@SDL_GL@ui@modules@UModSys@@UEBAHAEAUSUniquePtrList@core@5@PEBUSUniquePointerInfo@75@@Z 0000000180003010 f i umodsys_lib_libui:umodsys.mod.ui.SDL_GL.obj
 0001:00002080       ?generate@RGenerator@SDL_GL@ui@modules@UModSys@@UEAA_NAEAU?$TRefObject@UIRefObject@core@UModSys@@U?$TRefObjectFunc@UIRefObject@core@UModSys@@@tl@3@@tl@5@PEBUSUniquePointerInfo@core@5@AEBUSParameters@95@@Z 0000000180003080 f i umodsys_lib_libui:umodsys.mod.ui.SDL_GL.obj
 0001:00002100       ?root_get_interface_info@RGenerator@SDL_GL@ui@modules@UModSys@@UEBAAEBUSUniquePointerInfo@core@5@XZ 0000000180003100 f i umodsys_lib_libui:umodsys.mod.ui.SDL_GL.obj
 0001:00002110       ?root_get_interface_type@RGenerator@SDL_GL@ui@modules@UModSys@@UEBAPEBUSUniquePointerInfo@core@5@XZ 0000000180003110 f i umodsys_lib_libui:umodsys.mod.ui.SDL_GL.obj
 0001:00002120       ?root_get_other_interface@RGenerator@SDL_GL@ui@modules@UModSys@@UEBAPEBUIRoot@core@5@PEBUSUniquePointerInfo@75@@Z 0000000180003120 f i umodsys_lib_libui:umodsys.mod.ui.SDL_GL.obj
 0001:00002120       ?root_get_other_interface@RGenerator@SDL_GL@ui@modules@UModSys@@UEAAPEAUIRoot@core@5@PEBUSUniquePointerInfo@75@@Z 0000000180003120 f i umodsys_lib_libui:umodsys.mod.ui.SDL_GL.obj
 0001:00002160       ?root_is_interface_supported@RGenerator@SDL_GL@ui@modules@UModSys@@UEBA_NPEBUSUniquePointerInfo@core@5@@Z 0000000180003160 f i umodsys_lib_libui:umodsys.mod.ui.SDL_GL.obj
 0001:000021a0       ?get_uid@RGenerator@SDL_GL@ui@modules@UModSys@@UEBAPEBUSUniquePointerInfo@core@5@XZ 00000001800031a0 f i umodsys_lib_libui:umodsys.mod.ui.SDL_GL.obj
 0001:000021b0       ??_GRKeyboardController@SDL_GL@ui@modules@UModSys@@UEAAPEAXI@Z 00000001800031b0 f i umodsys_lib_libui:umodsys.mod.ui.SDL_GL.obj
 0001:000021b0       ??_ERKeyboardController@SDL_GL@ui@modules@UModSys@@UEAAPEAXI@Z 00000001800031b0 f i  CIL library: CIL module
 0001:000021e0       ??_GRMouseController@SDL_GL@ui@modules@UModSys@@UEAAPEAXI@Z 00000001800031e0 f i umodsys_lib_libui:umodsys.mod.ui.SDL_GL.obj
 0001:000021e0       ??_ERMouseController@SDL_GL@ui@modules@UModSys@@UEAAPEAXI@Z 00000001800031e0 f i  CIL library: CIL module
 0001:00002210       ??_ERTerminal@SDL_GL@ui@modules@UModSys@@UEAAPEAXI@Z 0000000180003210 f i  CIL library: CIL module
 0001:00002210       ??_GRTerminal@SDL_GL@ui@modules@UModSys@@UEAAPEAXI@Z 0000000180003210 f i umodsys_lib_libui:umodsys.mod.ui.SDL_GL.obj
 0001:00002240       ??_GRRenderDriver3D@SDL_GL@ui@modules@UModSys@@UEAAPEAXI@Z 0000000180003240 f i umodsys_lib_libui:umodsys.mod.ui.SDL_GL.obj
 0001:00002240       ??_ERRenderDriver3D@SDL_GL@ui@modules@UModSys@@UEAAPEAXI@Z 0000000180003240 f i  CIL library: CIL module
 0001:00002270       ??_GRTerminalX@SDL_GL@ui@modules@UModSys@@UEAAPEAXI@Z 0000000180003270 f i umodsys_lib_libui:umodsys.mod.ui.SDL_GL.obj
 0001:00002270       ??_ERTerminalX@SDL_GL@ui@modules@UModSys@@UEAAPEAXI@Z 0000000180003270 f i  CIL library: CIL module
 0001:000022a0       ?do_open@RModuleReg@SDL_GL@ui@modules@UModSys@@UEAA_NXZ 00000001800032a0 f i umodsys_lib_libui:umodsys.mod.ui.SDL_GL.obj
 0001:000022b0       ?do_close@RModuleReg@SDL_GL@ui@modules@UModSys@@UEAA_NXZ 00000001800032b0 f i umodsys_lib_libui:umodsys.mod.ui.SDL_GL.obj
 0001:000022c0       ??_GRModuleReg@SDL_GL@ui@modules@UModSys@@UEAAPEAXI@Z 00000001800032c0 f i umodsys_lib_libui:umodsys.mod.ui.SDL_GL.obj
 0001:000022c0       ??_ERModuleReg@SDL_GL@ui@modules@UModSys@@UEAAPEAXI@Z 00000001800032c0 f i  CIL library: CIL module
 0001:000022f0       ??R?$TNodeDeleter0@U?$TScatterArrayNode@U?$TRefObjectComposite@UIKeyboardClient@libui@UModSys@@UIRefObject@core@3@U?$TRefObjectFunc@UIRefObject@core@UModSys@@@tl@3@@tl@UModSys@@H@tl@UModSys@@@tl@UModSys@@QEBAHPEAU?$TScatterArrayNode@U?$TRefObjectComposite@UIKeyboardClient@libui@UModSys@@UIRefObject@core@3@U?$TRefObjectFunc@UIRefObject@core@UModSys@@@tl@3@@tl@UModSys@@H@12@@Z 00000001800032f0 f i umodsys_lib_libui:umodsys.mod.ui.SDL_GL.obj
 0001:000022f0       ??R?$TNodeDeleter0@U?$TScatterArrayNode@U?$TRefObjectCompositeExtra@UIMouseClient@libui@UModSys@@HUIRefObject@core@3@U?$TRefObjectFunc@UIRefObject@core@UModSys@@@tl@3@@tl@UModSys@@H@tl@UModSys@@@tl@UModSys@@QEBAHPEAU?$TScatterArrayNode@U?$TRefObjectCompositeExtra@UIMouseClient@libui@UModSys@@HUIRefObject@core@3@U?$TRefObjectFunc@UIRefObject@core@UModSys@@@tl@3@@tl@UModSys@@H@12@@Z 00000001800032f0 f i umodsys_lib_libui:umodsys.mod.ui.SDL_GL.obj
 0001:00002370       ?remove_node@?$TTreeHoldRB@U?$TScatterArrayNode@U?$TRefObjectComposite@UIKeyboardClient@libui@UModSys@@UIRefObject@core@3@U?$TRefObjectFunc@UIRefObject@core@UModSys@@@tl@3@@tl@UModSys@@H@tl@UModSys@@@tl@UModSys@@QEAAXPEAU?$TScatterArrayNode@U?$TRefObjectComposite@UIKeyboardClient@libui@UModSys@@UIRefObject@core@3@U?$TRefObjectFunc@UIRefObject@core@UModSys@@@tl@3@@tl@UModSys@@H@23@@Z 0000000180003370 f i umodsys_lib_libui:umodsys.mod.ui.SDL_GL.obj
 0001:00002370       ?remove_node@?$TTreeHoldRB@U?$TScatterArrayNode@U?$TRefObjectCompositeExtra@UIMouseClient@libui@UModSys@@HUIRefObject@core@3@U?$TRefObjectFunc@UIRefObject@core@UModSys@@@tl@3@@tl@UModSys@@H@tl@UModSys@@@tl@UModSys@@QEAAXPEAU?$TScatterArrayNode@U?$TRefObjectCompositeExtra@UIMouseClient@libui@UModSys@@HUIRefObject@core@3@U?$TRefObjectFunc@UIRefObject@core@UModSys@@@tl@3@@tl@UModSys@@H@23@@Z 0000000180003370 f i umodsys_lib_libui:umodsys.mod.ui.SDL_GL.obj
 0001:00002490       ??1?$TPair@HU?$TRefObjectCompositeExtra@UIMouseClient@libui@UModSys@@HUIRefObject@core@3@U?$TRefObjectFunc@UIRefObject@core@UModSys@@@tl@3@@tl@UModSys@@@tl@UModSys@@QEAA@XZ 0000000180003490 f i umodsys_lib_libui:umodsys.mod.ui.SDL_GL.obj
 0001:00002490       ??1?$TPair@HU?$TRefObjectComposite@UIKeyboardClient@libui@UModSys@@UIRefObject@core@3@U?$TRefObjectFunc@UIRefObject@core@UModSys@@@tl@3@@tl@UModSys@@@tl@UModSys@@QEAA@XZ 0000000180003490 f i umodsys_lib_libui:umodsys.mod.ui.SDL_GL.obj
 0001:000024e0       ??1?$TRefObjectCompositeExtra@UIMouseClient@libui@UModSys@@HUIRefObject@core@3@U?$TRefObjectFunc@UIRefObject@core@UModSys@@@tl@3@@tl@UModSys@@QEAA@XZ 00000001800034e0 f i umodsys_lib_libui:umodsys.mod.ui.SDL_GL.obj
 0001:000024e0       ??1?$TRefObjectComposite@UIKeyboardClient@libui@UModSys@@UIRefObject@core@3@U?$TRefObjectFunc@UIRefObject@core@UModSys@@@tl@3@@tl@UModSys@@QEAA@XZ 00000001800034e0 f i umodsys_lib_libui:umodsys.mod.ui.SDL_GL.obj
 0001:00002530       ?remove_color@?$TTreeHoldRB@U?$TScatterArrayNode@U?$TRefObjectComposite@UIKeyboardClient@libui@UModSys@@UIRefObject@core@3@U?$TRefObjectFunc@UIRefObject@core@UModSys@@@tl@3@@tl@UModSys@@H@tl@UModSys@@@tl@UModSys@@IEAAXPEAU?$TScatterArrayNode@U?$TRefObjectComposite@UIKeyboardClient@libui@UModSys@@UIRefObject@core@3@U?$TRefObjectFunc@UIRefObject@core@UModSys@@@tl@3@@tl@UModSys@@H@23@0@Z 0000000180003530 f i umodsys_lib_libui:umodsys.mod.ui.SDL_GL.obj
 0001:00002530       ?remove_color@?$TTreeHoldRB@U?$TScatterArrayNode@U?$TRefObjectCompositeExtra@UIMouseClient@libui@UModSys@@HUIRefObject@core@3@U?$TRefObjectFunc@UIRefObject@core@UModSys@@@tl@3@@tl@UModSys@@H@tl@UModSys@@@tl@UModSys@@IEAAXPEAU?$TScatterArrayNode@U?$TRefObjectCompositeExtra@UIMouseClient@libui@UModSys@@HUIRefObject@core@3@U?$TRefObjectFunc@UIRefObject@core@UModSys@@@tl@3@@tl@UModSys@@H@23@0@Z 0000000180003530 f i umodsys_lib_libui:umodsys.mod.ui.SDL_GL.obj
 0001:000027f0       ?ref_weak@?$TRefObjectLinksComposite@URKeyboardController@SDL_GL@ui@modules@UModSys@@URTerminal@2345@@tl@UModSys@@QEBA_NPEAURKeyboardController@SDL_GL@ui@modules@3@AEAUWeakPointer@IRefObject@core@3@@Z 00000001800037f0 f i umodsys_lib_libui:umodsys.mod.ui.SDL_GL.obj
 0001:000027f0       ?ref_weak@?$TRefObjectLinksComposite@URRenderDriver2D@SDL_core@ui@modules@UModSys@@URTerminalX@2345@@tl@UModSys@@QEBA_NPEAURRenderDriver2D@SDL_core@ui@modules@3@AEAUWeakPointer@IRefObject@core@3@@Z 00000001800037f0 f i umodsys_lib_libui:umodsys.mod.ui.SDL_core.obj
 0001:000027f0       ?ref_weak@?$TRefObjectLinksComposite@URMouseController@SDL_GL@ui@modules@UModSys@@URTerminal@2345@@tl@UModSys@@QEBA_NPEAURMouseController@SDL_GL@ui@modules@3@AEAUWeakPointer@IRefObject@core@3@@Z 00000001800037f0 f i umodsys_lib_libui:umodsys.mod.ui.SDL_GL.obj
 0001:000027f0       ?ref_weak@?$TRefObjectLinksComposite@URMouseController@SDL_core@ui@modules@UModSys@@URTerminal@2345@@tl@UModSys@@QEBA_NPEAURMouseController@SDL_core@ui@modules@3@AEAUWeakPointer@IRefObject@core@3@@Z 00000001800037f0 f i umodsys_lib_libui:umodsys.mod.ui.SDL_core.obj
 0001:000027f0       ?ref_weak@?$TRefObjectLinksComposite@URRenderDriver3D@SDL_GL@ui@modules@UModSys@@URTerminalX@2345@@tl@UModSys@@QEBA_NPEAURRenderDriver3D@SDL_GL@ui@modules@3@AEAUWeakPointer@IRefObject@core@3@@Z 00000001800037f0 f i umodsys_lib_libui:umodsys.mod.ui.SDL_GL.obj
 0001:000027f0       ?ref_weak@?$TRefObjectLinksComposite@URKeyboardController@SDL_core@ui@modules@UModSys@@URTerminal@2345@@tl@UModSys@@QEBA_NPEAURKeyboardController@SDL_core@ui@modules@3@AEAUWeakPointer@IRefObject@core@3@@Z 00000001800037f0 f i umodsys_lib_libui:umodsys.mod.ui.SDL_core.obj
 0001:00002810       ??$genx_node@UCmp@?$TScatterArray@U?$TRefObjectComposite@UIKeyboardClient@libui@UModSys@@UIRefObject@core@3@U?$TRefObjectFunc@UIRefObject@core@UModSys@@@tl@3@@tl@UModSys@@HU?$TScalarCompare@H@core@3@U?$TNodeDeleter0@U?$TScatterArrayNode@U?$TRefObjectComposite@UIKeyboardClient@libui@UModSys@@UIRefObject@core@3@U?$TRefObjectFunc@UIRefObject@core@UModSys@@@tl@3@@tl@UModSys@@H@tl@UModSys@@@23@@tl@UModSys@@UGen0@234@@?$TTreeHoldRBD@U?$TScatterArrayNode@U?$TRefObjectComposite@UIKeyboardClient@libui@UModSys@@UIRefObject@core@3@U?$TRefObjectFunc@UIRefObject@core@UModSys@@@tl@3@@tl@UModSys@@H@tl@UModSys@@U?$TNodeDeleter0@U?$TScatterArrayNode@U?$TRefObjectComposite@UIKeyboardClient@libui@UModSys@@UIRefObject@core@3@U?$TRefObjectFunc@UIRefObject@core@UModSys@@@tl@3@@tl@UModSys@@H@tl@UModSys@@@23@@tl@UModSys@@QEAAPEAU?$TScatterArrayNode@U?$TRefObjectComposite@UIKeyboardClient@libui@UModSys@@UIRefObject@core@3@U?$TRefObjectFunc@UIRefObject@core@UModSys@@@tl@3@@tl@UModSys@@H@12@UCmp@?$TScatterArray@U?$TRefObjectComposite@UIKeyboardClient@libui@UModSys@@UIRefObject@core@3@U?$TRefObjectFunc@UIRefObject@core@UModSys@@@tl@3@@tl@UModSys@@HU?$TScalarCompare@H@core@3@U?$TNodeDeleter0@U?$TScatterArrayNode@U?$TRefObjectComposite@UIKeyboardClient@libui@UModSys@@UIRefObject@core@3@U?$TRefObjectFunc@UIRefObject@core@UModSys@@@tl@3@@tl@UModSys@@H@tl@UModSys@@@23@@12@AEBUGen0@512@PEAPEAU312@2_N@Z 0000000180003810 f i umodsys_lib_libui:umodsys.mod.ui.SDL_GL.obj
 0001:00002950       ??$genx_node@UCmp@?$TScatterArray@U?$TRefObjectCompositeExtra@UIMouseClient@libui@UModSys@@HUIRefObject@core@3@U?$TRefObjectFunc@UIRefObject@core@UModSys@@@tl@3@@tl@UModSys@@HU?$TScalarCompare@H@core@3@U?$TNodeDeleter0@U?$TScatterArrayNode@U?$TRefObjectCompositeExtra@UIMouseClient@libui@UModSys@@HUIRefObject@core@3@U?$TRefObjectFunc@UIRefObject@core@UModSys@@@tl@3@@tl@UModSys@@H@tl@UModSys@@@23@@tl@UModSys@@UGen0@234@@?$TTreeHoldRBD@U?$TScatterArrayNode@U?$TRefObjectCompositeExtra@UIMouseClient@libui@UModSys@@HUIRefObject@core@3@U?$TRefObjectFunc@UIRefObject@core@UModSys@@@tl@3@@tl@UModSys@@H@tl@UModSys@@U?$TNodeDeleter0@U?$TScatterArrayNode@U?$TRefObjectCompositeExtra@UIMouseClient@libui@UModSys@@HUIRefObject@core@3@U?$TRefObjectFunc@UIRefObject@core@UModSys@@@tl@3@@tl@UModSys@@H@tl@UModSys@@@23@@tl@UModSys@@QEAAPEAU?$TScatterArrayNode@U?$TRefObjectCompositeExtra@UIMouseClient@libui@UModSys@@HUIRefObject@core@3@U?$TRefObjectFunc@UIRefObject@core@UModSys@@@tl@3@@tl@UModSys@@H@12@UCmp@?$TScatterArray@U?$TRefObjectCompositeExtra@UIMouseClient@libui@UModSys@@HUIRefObject@core@3@U?$TRefObjectFunc@UIRefObject@core@UModSys@@@tl@3@@tl@UModSys@@HU?$TScalarCompare@H@core@3@U?$TNodeDeleter0@U?$TScatterArrayNode@U?$TRefObjectCompositeExtra@UIMouseClient@libui@UModSys@@HUIRefObject@core@3@U?$TRefObjectFunc@UIRefObject@core@UModSys@@@tl@3@@tl@UModSys@@H@tl@UModSys@@@23@@12@AEBUGen0@512@PEAPEAU312@2_N@Z 0000000180003950 f i umodsys_lib_libui:umodsys.mod.ui.SDL_GL.obj
 0001:00002aa0       ??$process_nodes@U?$TNodeDeleter0@U?$TScatterArrayNode@U?$TRefObjectCompositeExtra@UIMouseClient@libui@UModSys@@HUIRefObject@core@3@U?$TRefObjectFunc@UIRefObject@core@UModSys@@@tl@3@@tl@UModSys@@H@tl@UModSys@@@tl@UModSys@@@?$TTreeHoldRB@U?$TScatterArrayNode@U?$TRefObjectCompositeExtra@UIMouseClient@libui@UModSys@@HUIRefObject@core@3@U?$TRefObjectFunc@UIRefObject@core@UModSys@@@tl@3@@tl@UModSys@@H@tl@UModSys@@@tl@UModSys@@QEAAHAEBU?$TNodeDeleter0@U?$TScatterArrayNode@U?$TRefObjectCompositeExtra@UIMouseClient@libui@UModSys@@HUIRefObject@core@3@U?$TRefObjectFunc@UIRefObject@core@UModSys@@@tl@3@@tl@UModSys@@H@tl@UModSys@@@12@@Z 0000000180003aa0 f i umodsys_lib_libui:umodsys.mod.ui.SDL_GL.obj
 0001:00002aa0       ??$process_nodes@U?$TNodeDeleter0@U?$TScatterArrayNode@U?$TRefObjectComposite@UIKeyboardClient@libui@UModSys@@UIRefObject@core@3@U?$TRefObjectFunc@UIRefObject@core@UModSys@@@tl@3@@tl@UModSys@@H@tl@UModSys@@@tl@UModSys@@@?$TTreeHoldRB@U?$TScatterArrayNode@U?$TRefObjectComposite@UIKeyboardClient@libui@UModSys@@UIRefObject@core@3@U?$TRefObjectFunc@UIRefObject@core@UModSys@@@tl@3@@tl@UModSys@@H@tl@UModSys@@@tl@UModSys@@QEAAHAEBU?$TNodeDeleter0@U?$TScatterArrayNode@U?$TRefObjectComposite@UIKeyboardClient@libui@UModSys@@UIRefObject@core@3@U?$TRefObjectFunc@UIRefObject@core@UModSys@@@tl@3@@tl@UModSys@@H@tl@UModSys@@@12@@Z 0000000180003aa0 f i umodsys_lib_libui:umodsys.mod.ui.SDL_GL.obj
 0001:00002b20       ??$process_nodes_r@U?$TNodeDeleter0@U?$TScatterArrayNode@U?$TRefObjectComposite@UIKeyboardClient@libui@UModSys@@UIRefObject@core@3@U?$TRefObjectFunc@UIRefObject@core@UModSys@@@tl@3@@tl@UModSys@@H@tl@UModSys@@@tl@UModSys@@@?$TTreeHoldRB@U?$TScatterArrayNode@U?$TRefObjectComposite@UIKeyboardClient@libui@UModSys@@UIRefObject@core@3@U?$TRefObjectFunc@UIRefObject@core@UModSys@@@tl@3@@tl@UModSys@@H@tl@UModSys@@@tl@UModSys@@KAHPEAU?$TScatterArrayNode@U?$TRefObjectComposite@UIKeyboardClient@libui@UModSys@@UIRefObject@core@3@U?$TRefObjectFunc@UIRefObject@core@UModSys@@@tl@3@@tl@UModSys@@H@12@AEBU?$TNodeDeleter0@U?$TScatterArrayNode@U?$TRefObjectComposite@UIKeyboardClient@libui@UModSys@@UIRefObject@core@3@U?$TRefObjectFunc@UIRefObject@core@UModSys@@@tl@3@@tl@UModSys@@H@tl@UModSys@@@12@@Z 0000000180003b20 f i umodsys_lib_libui:umodsys.mod.ui.SDL_GL.obj
 0001:00002b20       ??$process_nodes_r@U?$TNodeDeleter0@U?$TScatterArrayNode@U?$TRefObjectCompositeExtra@UIMouseClient@libui@UModSys@@HUIRefObject@core@3@U?$TRefObjectFunc@UIRefObject@core@UModSys@@@tl@3@@tl@UModSys@@H@tl@UModSys@@@tl@UModSys@@@?$TTreeHoldRB@U?$TScatterArrayNode@U?$TRefObjectCompositeExtra@UIMouseClient@libui@UModSys@@HUIRefObject@core@3@U?$TRefObjectFunc@UIRefObject@core@UModSys@@@tl@3@@tl@UModSys@@H@tl@UModSys@@@tl@UModSys@@KAHPEAU?$TScatterArrayNode@U?$TRefObjectCompositeExtra@UIMouseClient@libui@UModSys@@HUIRefObject@core@3@U?$TRefObjectFunc@UIRefObject@core@UModSys@@@tl@3@@tl@UModSys@@H@12@AEBU?$TNodeDeleter0@U?$TScatterArrayNode@U?$TRefObjectCompositeExtra@UIMouseClient@libui@UModSys@@HUIRefObject@core@3@U?$TRefObjectFunc@UIRefObject@core@UModSys@@@tl@3@@tl@UModSys@@H@tl@UModSys@@@12@@Z 0000000180003b20 f i umodsys_lib_libui:umodsys.mod.ui.SDL_GL.obj
 0001:00002b90       ?root_get_interface_info@RKeyboardController@SDL_core@ui@modules@UModSys@@UEBAAEBUSUniquePointerInfo@core@5@XZ 0000000180003b90 f i umodsys_lib_libui:umodsys.mod.ui.SDL_core.obj
 0001:00002ba0       ?root_get_interface_type@RKeyboardController@SDL_core@ui@modules@UModSys@@UEBAPEBUSUniquePointerInfo@core@5@XZ 0000000180003ba0 f i umodsys_lib_libui:umodsys.mod.ui.SDL_core.obj
 0001:00002bb0       ?root_get_other_interface@RKeyboardController@SDL_core@ui@modules@UModSys@@UEAAPEAUIRoot@core@5@PEBUSUniquePointerInfo@75@@Z 0000000180003bb0 f i umodsys_lib_libui:umodsys.mod.ui.SDL_core.obj
 0001:00002bb0       ?root_get_other_interface@RKeyboardController@SDL_core@ui@modules@UModSys@@UEBAPEBUIRoot@core@5@PEBUSUniquePointerInfo@75@@Z 0000000180003bb0 f i umodsys_lib_libui:umodsys.mod.ui.SDL_core.obj
 0001:00002be0       ?root_is_interface_supported@RKeyboardController@SDL_core@ui@modules@UModSys@@UEBA_NPEBUSUniquePointerInfo@core@5@@Z 0000000180003be0 f i umodsys_lib_libui:umodsys.mod.ui.SDL_core.obj
 0001:00002c10       ?ref_links@RRenderDriver2D@SDL_core@ui@modules@UModSys@@UEBAHXZ 0000000180003c10 f i umodsys_lib_libui:umodsys.mod.ui.SDL_core.obj
 0001:00002c10       ?ref_links@RRenderDriver3D@SDL_GL@ui@modules@UModSys@@UEBAHXZ 0000000180003c10 f i umodsys_lib_libui:umodsys.mod.ui.SDL_GL.obj
 0001:00002c10       ?ref_links@RMouseController@SDL_GL@ui@modules@UModSys@@UEBAHXZ 0000000180003c10 f i umodsys_lib_libui:umodsys.mod.ui.SDL_GL.obj
 0001:00002c10       ?ref_links@RKeyboardController@SDL_core@ui@modules@UModSys@@UEBAHXZ 0000000180003c10 f i umodsys_lib_libui:umodsys.mod.ui.SDL_core.obj
 0001:00002c10       ?ref_links@RMouseController@SDL_core@ui@modules@UModSys@@UEBAHXZ 0000000180003c10 f i umodsys_lib_libui:umodsys.mod.ui.SDL_core.obj
 0001:00002c10       ?ref_links@RKeyboardController@SDL_GL@ui@modules@UModSys@@UEBAHXZ 0000000180003c10 f i umodsys_lib_libui:umodsys.mod.ui.SDL_GL.obj
 0001:00002c20       ?root_get_interface_info@RMouseController@SDL_core@ui@modules@UModSys@@UEBAAEBUSUniquePointerInfo@core@5@XZ 0000000180003c20 f i umodsys_lib_libui:umodsys.mod.ui.SDL_core.obj
 0001:00002c30       ?root_get_interface_type@RMouseController@SDL_core@ui@modules@UModSys@@UEBAPEBUSUniquePointerInfo@core@5@XZ 0000000180003c30 f i umodsys_lib_libui:umodsys.mod.ui.SDL_core.obj
 0001:00002c40       ?root_get_other_interface@RMouseController@SDL_core@ui@modules@UModSys@@UEBAPEBUIRoot@core@5@PEBUSUniquePointerInfo@75@@Z 0000000180003c40 f i umodsys_lib_libui:umodsys.mod.ui.SDL_core.obj
 0001:00002c40       ?root_get_other_interface@RMouseController@SDL_core@ui@modules@UModSys@@UEAAPEAUIRoot@core@5@PEBUSUniquePointerInfo@75@@Z 0000000180003c40 f i umodsys_lib_libui:umodsys.mod.ui.SDL_core.obj
 0001:00002c70       ?root_is_interface_supported@RMouseController@SDL_core@ui@modules@UModSys@@UEBA_NPEBUSUniquePointerInfo@core@5@@Z 0000000180003c70 f i umodsys_lib_libui:umodsys.mod.ui.SDL_core.obj
 0001:00002ca0       ?root_get_interface_info@RTerminal@SDL_core@ui@modules@UModSys@@UEBAAEBUSUniquePointerInfo@core@5@XZ 0000000180003ca0 f i umodsys_lib_libui:umodsys.mod.ui.SDL_core.obj
 0001:00002cb0       ?root_get_interface_type@RTerminal@SDL_core@ui@modules@UModSys@@UEBAPEBUSUniquePointerInfo@core@5@XZ 0000000180003cb0 f i umodsys_lib_libui:umodsys.mod.ui.SDL_core.obj
 0001:00002cc0       ?root_get_other_interface@RTerminal@SDL_core@ui@modules@UModSys@@UEBAPEBUIRoot@core@5@PEBUSUniquePointerInfo@75@@Z 0000000180003cc0 f i umodsys_lib_libui:umodsys.mod.ui.SDL_core.obj
 0001:00002cc0       ?root_get_other_interface@RTerminal@SDL_core@ui@modules@UModSys@@UEAAPEAUIRoot@core@5@PEBUSUniquePointerInfo@75@@Z 0000000180003cc0 f i umodsys_lib_libui:umodsys.mod.ui.SDL_core.obj
 0001:00002cf0       ?root_is_interface_supported@RTerminal@SDL_core@ui@modules@UModSys@@UEBA_NPEBUSUniquePointerInfo@core@5@@Z 0000000180003cf0 f i umodsys_lib_libui:umodsys.mod.ui.SDL_core.obj
 0001:00002d20       ?root_get_interface_info@RMultiImage2D_SDL_ttf@SDL_core@ui@modules@UModSys@@UEBAAEBUSUniquePointerInfo@core@5@XZ 0000000180003d20 f i umodsys_lib_libui:umodsys.mod.ui.SDL_core.obj
 0001:00002d30       ?root_get_interface_type@RMultiImage2D_SDL_ttf@SDL_core@ui@modules@UModSys@@UEBAPEBUSUniquePointerInfo@core@5@XZ 0000000180003d30 f i umodsys_lib_libui:umodsys.mod.ui.SDL_core.obj
 0001:00002d40       ?root_get_other_interface@RMultiImage2D_SDL_ttf@SDL_core@ui@modules@UModSys@@UEBAPEBUIRoot@core@5@PEBUSUniquePointerInfo@75@@Z 0000000180003d40 f i umodsys_lib_libui:umodsys.mod.ui.SDL_core.obj
 0001:00002d40       ?root_get_other_interface@RMultiImage2D_SDL_ttf@SDL_core@ui@modules@UModSys@@UEAAPEAUIRoot@core@5@PEBUSUniquePointerInfo@75@@Z 0000000180003d40 f i umodsys_lib_libui:umodsys.mod.ui.SDL_core.obj
 0001:00002d70       ?root_is_interface_supported@RMultiImage2D_SDL_ttf@SDL_core@ui@modules@UModSys@@UEBA_NPEBUSUniquePointerInfo@core@5@@Z 0000000180003d70 f i umodsys_lib_libui:umodsys.mod.ui.SDL_core.obj
 0001:00002da0       ?suicide@RMultiImage2D_SDL_ttf@SDL_core@ui@modules@UModSys@@UEAAXXZ 0000000180003da0 f i umodsys_lib_libui:umodsys.mod.ui.SDL_core.obj
 0001:00002da0       ?suicide@RDialog@frames@ui@modules@UModSys@@UEAAXXZ 0000000180003da0 f i umodsys_lib_libui:umodsys.mod.ui.frames.obj
 0001:00002df0       ?get_fixed_cell_size@RMultiImage2D_SDL_ttf@SDL_core@ui@modules@UModSys@@UEBA?AU?$TVector2@H@math3d@5@XZ 0000000180003df0 f i umodsys_lib_libui:umodsys.mod.ui.SDL_core.obj
 0001:00002df0       ?get_max_layer_size@RMultiImage2D_SDL_ttf@SDL_core@ui@modules@UModSys@@UEBA?AU?$TVector2@H@math3d@5@XZ 0000000180003df0 f i umodsys_lib_libui:umodsys.mod.ui.SDL_core.obj
 0001:00002df0       ?get_max_cell_size@RMultiImage2D_SDL_ttf@SDL_core@ui@modules@UModSys@@UEBA?AU?$TVector2@H@math3d@5@XZ 0000000180003df0 f i umodsys_lib_libui:umodsys.mod.ui.SDL_core.obj
 0001:00002e00       ?set_hint@RMultiImage2D_SDL_ttf@SDL_core@ui@modules@UModSys@@UEAA_NPEBD0@Z 0000000180003e00 f i umodsys_lib_libui:umodsys.mod.ui.SDL_core.obj
 0001:00002e00       ?set_insize@RFrame_Common@frames@ui@modules@UModSys@@UEAA_NAEBU?$TVector2@H@math3d@5@@Z 0000000180003e00 f i umodsys_lib_libui:umodsys.mod.ui.frames.obj
 0001:00002e00       ?setup_fixed_cell@RMultiImage2D_SDL_ttf@SDL_core@ui@modules@UModSys@@UEAA_NHH@Z 0000000180003e00 f i umodsys_lib_libui:umodsys.mod.ui.SDL_core.obj
 0001:00002e00       ?get_cell@RMultiImage2D_SDL_ttf@SDL_core@ui@modules@UModSys@@UEBA_NIAEAUSImageCellInfo@lib2d@5@@Z 0000000180003e00 f i umodsys_lib_libui:umodsys.mod.ui.SDL_core.obj
 0001:00002e00       ?key_event@RFrame_Common@frames@ui@modules@UModSys@@MEAA_NAEBUSKeyboardInputText@libui@5@@Z 0000000180003e00 f i umodsys_lib_libui:umodsys.mod.ui.frames.obj
 0001:00002e00       ?key_event@RFrame_Common@frames@ui@modules@UModSys@@MEAA_NAEBUSKeyboardInputRaw@libui@5@@Z 0000000180003e00 f i umodsys_lib_libui:umodsys.mod.ui.frames.obj
 0001:00002e00       ?mouse_event@RFrame_Common@frames@ui@modules@UModSys@@MEAA_NPEBUSMouseInput@libui@5@@Z 0000000180003e00 f i umodsys_lib_libui:umodsys.mod.ui.frames.obj
 0001:00002e00       ?get_cell@RMultiImage2D_SDL_ttf@SDL_core@ui@modules@UModSys@@UEBA_NIAEAU?$TVector2@H@math3d@5@PEAU675@PEAG@Z 0000000180003e00 f i umodsys_lib_libui:umodsys.mod.ui.SDL_core.obj
 0001:00002e00       ?setup_variable_cell@RMultiImage2D_SDL_ttf@SDL_core@ui@modules@UModSys@@UEAA_NPEBUSImageCellInfo@lib2d@5@KK@Z 0000000180003e00 f i umodsys_lib_libui:umodsys.mod.ui.SDL_core.obj
 0001:00002e00       ?set_layer_count@RMultiImage2D_SDL_ttf@SDL_core@ui@modules@UModSys@@UEAA_NG@Z 0000000180003e00 f i umodsys_lib_libui:umodsys.mod.ui.SDL_core.obj
 0001:00002e10       ?root_get_interface_info@RRenderDriver2D@SDL_core@ui@modules@UModSys@@UEBAAEBUSUniquePointerInfo@core@5@XZ 0000000180003e10 f i umodsys_lib_libui:umodsys.mod.ui.SDL_core.obj
 0001:00002e20       ?root_get_interface_type@RRenderDriver2D@SDL_core@ui@modules@UModSys@@UEBAPEBUSUniquePointerInfo@core@5@XZ 0000000180003e20 f i umodsys_lib_libui:umodsys.mod.ui.SDL_core.obj
 0001:00002e30       ?root_get_other_interface@RRenderDriver2D@SDL_core@ui@modules@UModSys@@UEBAPEBUIRoot@core@5@PEBUSUniquePointerInfo@75@@Z 0000000180003e30 f i umodsys_lib_libui:umodsys.mod.ui.SDL_core.obj
 0001:00002e30       ?root_get_other_interface@RRenderDriver2D@SDL_core@ui@modules@UModSys@@UEAAPEAUIRoot@core@5@PEBUSUniquePointerInfo@75@@Z 0000000180003e30 f i umodsys_lib_libui:umodsys.mod.ui.SDL_core.obj
 0001:00002e60       ?root_is_interface_supported@RRenderDriver2D@SDL_core@ui@modules@UModSys@@UEBA_NPEBUSUniquePointerInfo@core@5@@Z 0000000180003e60 f i umodsys_lib_libui:umodsys.mod.ui.SDL_core.obj
 0001:00002e90       ?ref_add@RMouseController@SDL_GL@ui@modules@UModSys@@UEBAXXZ 0000000180003e90 f i umodsys_lib_libui:umodsys.mod.ui.SDL_GL.obj
 0001:00002e90       ?ref_add@RRenderDriver3D@SDL_GL@ui@modules@UModSys@@UEBAXXZ 0000000180003e90 f i umodsys_lib_libui:umodsys.mod.ui.SDL_GL.obj
 0001:00002e90       ?ref_add@RKeyboardController@SDL_core@ui@modules@UModSys@@UEBAXXZ 0000000180003e90 f i umodsys_lib_libui:umodsys.mod.ui.SDL_core.obj
 0001:00002e90       ?ref_add@RRenderDriver2D@SDL_core@ui@modules@UModSys@@UEBAXXZ 0000000180003e90 f i umodsys_lib_libui:umodsys.mod.ui.SDL_core.obj
 0001:00002e90       ?ref_add@RMouseController@SDL_core@ui@modules@UModSys@@UEBAXXZ 0000000180003e90 f i umodsys_lib_libui:umodsys.mod.ui.SDL_core.obj
 0001:00002e90       ?ref_add@RKeyboardController@SDL_GL@ui@modules@UModSys@@UEBAXXZ 0000000180003e90 f i umodsys_lib_libui:umodsys.mod.ui.SDL_GL.obj
 0001:00002ea0       ?suicide@RRenderDriver2D@SDL_core@ui@modules@UModSys@@UEAAXXZ 0000000180003ea0 f i umodsys_lib_libui:umodsys.mod.ui.SDL_core.obj
 0001:00002ea0       ?suicide@RMouseController@SDL_GL@ui@modules@UModSys@@UEAAXXZ 0000000180003ea0 f i umodsys_lib_libui:umodsys.mod.ui.SDL_GL.obj
 0001:00002ea0       ?suicide@RKeyboardController@SDL_GL@ui@modules@UModSys@@UEAAXXZ 0000000180003ea0 f i umodsys_lib_libui:umodsys.mod.ui.SDL_GL.obj
 0001:00002ea0       ?suicide@RMouseController@SDL_core@ui@modules@UModSys@@UEAAXXZ 0000000180003ea0 f i umodsys_lib_libui:umodsys.mod.ui.SDL_core.obj
 0001:00002ea0       ?suicide@RRenderDriver3D@SDL_GL@ui@modules@UModSys@@UEAAXXZ 0000000180003ea0 f i umodsys_lib_libui:umodsys.mod.ui.SDL_GL.obj
 0001:00002ea0       ?suicide@RKeyboardController@SDL_core@ui@modules@UModSys@@UEAAXXZ 0000000180003ea0 f i umodsys_lib_libui:umodsys.mod.ui.SDL_core.obj
 0001:00002ec0       ?root_get_interface_info@RTerminalX@SDL_core@ui@modules@UModSys@@UEBAAEBUSUniquePointerInfo@core@5@XZ 0000000180003ec0 f i umodsys_lib_libui:umodsys.mod.ui.SDL_core.obj
 0001:00002ed0       ?root_get_interface_type@RTerminalX@SDL_core@ui@modules@UModSys@@UEBAPEBUSUniquePointerInfo@core@5@XZ 0000000180003ed0 f i umodsys_lib_libui:umodsys.mod.ui.SDL_core.obj
 0001:00002ee0       ?root_get_other_interface@RTerminalX@SDL_core@ui@modules@UModSys@@UEBAPEBUIRoot@core@5@PEBUSUniquePointerInfo@75@@Z 0000000180003ee0 f i umodsys_lib_libui:umodsys.mod.ui.SDL_core.obj
 0001:00002ee0       ?root_get_other_interface@RTerminalX@SDL_core@ui@modules@UModSys@@UEAAPEAUIRoot@core@5@PEBUSUniquePointerInfo@75@@Z 0000000180003ee0 f i umodsys_lib_libui:umodsys.mod.ui.SDL_core.obj
 0001:00002f10       ?root_is_interface_supported@RTerminalX@SDL_core@ui@modules@UModSys@@UEBA_NPEBUSUniquePointerInfo@core@5@@Z 0000000180003f10 f i umodsys_lib_libui:umodsys.mod.ui.SDL_core.obj
 0001:00002f50       ?get_generated_names@RGenerator@SDL_core@ui@modules@UModSys@@UEBAHAEAUSUniquePtrList@core@5@@Z 0000000180003f50 f i umodsys_lib_libui:umodsys.mod.ui.SDL_core.obj
 0001:00002f70       ?get_generated_types@RGenerator@SDL_core@ui@modules@UModSys@@UEBAHAEAUSUniquePtrList@core@5@PEBUSUniquePointerInfo@75@@Z 0000000180003f70 f i umodsys_lib_libui:umodsys.mod.ui.SDL_core.obj
 0001:00002fe0       ?generate@RGenerator@SDL_core@ui@modules@UModSys@@UEAA_NAEAU?$TRefObject@UIRefObject@core@UModSys@@U?$TRefObjectFunc@UIRefObject@core@UModSys@@@tl@3@@tl@5@PEBUSUniquePointerInfo@core@5@AEBUSParameters@95@@Z 0000000180003fe0 f i umodsys_lib_libui:umodsys.mod.ui.SDL_core.obj
 0001:00003060       ?root_get_interface_info@RGenerator@SDL_core@ui@modules@UModSys@@UEBAAEBUSUniquePointerInfo@core@5@XZ 0000000180004060 f i umodsys_lib_libui:umodsys.mod.ui.SDL_core.obj
 0001:00003070       ?root_get_interface_type@RGenerator@SDL_core@ui@modules@UModSys@@UEBAPEBUSUniquePointerInfo@core@5@XZ 0000000180004070 f i umodsys_lib_libui:umodsys.mod.ui.SDL_core.obj
 0001:00003080       ?root_get_other_interface@RGenerator@SDL_core@ui@modules@UModSys@@UEAAPEAUIRoot@core@5@PEBUSUniquePointerInfo@75@@Z 0000000180004080 f i umodsys_lib_libui:umodsys.mod.ui.SDL_core.obj
 0001:00003080       ?root_get_other_interface@RGenerator@SDL_core@ui@modules@UModSys@@UEBAPEBUIRoot@core@5@PEBUSUniquePointerInfo@75@@Z 0000000180004080 f i umodsys_lib_libui:umodsys.mod.ui.SDL_core.obj
 0001:000030c0       ?root_is_interface_supported@RGenerator@SDL_core@ui@modules@UModSys@@UEBA_NPEBUSUniquePointerInfo@core@5@@Z 00000001800040c0 f i umodsys_lib_libui:umodsys.mod.ui.SDL_core.obj
 0001:00003100       ?ref_links@RTerminal@SDL_core@ui@modules@UModSys@@UEBAHXZ 0000000180004100 f i umodsys_lib_libui:umodsys.mod.ui.SDL_core.obj
 0001:00003100       ?ref_links@RGenerator@images_std@media@modules@UModSys@@UEBAHXZ 0000000180004100 f i umodsys_lib_libmedia:umodsys.mod.media.images_std.obj
 0001:00003100       ?ref_links@RImage_Memory@stdlib@lib2d@modules@UModSys@@UEBAHXZ 0000000180004100 f i umodsys_lib_lib2d:umodsys.mod.2d.stdlib.obj
 0001:00003100       ?ref_links@RGenerator@frames@ui@modules@UModSys@@UEBAHXZ 0000000180004100 f i umodsys_lib_libui:umodsys.mod.ui.frames.obj
 0001:00003100       ?ref_links@RImageFactory_Memory@stdlib@lib2d@modules@UModSys@@UEBAHXZ 0000000180004100 f i umodsys_lib_lib2d:umodsys.mod.2d.stdlib.obj
 0001:00003100       ?ref_links@RMultiImage@stdlib@lib2d@modules@UModSys@@UEBAHXZ 0000000180004100 f i umodsys_lib_lib2d:umodsys.mod.2d.stdlib.obj
 0001:00003100       ?ref_links@RBinArchiveFrameClient_ZIP@zlib@media@modules@UModSys@@UEBAHXZ 0000000180004100 f i umodsys_lib_libmedia:umodsys.mod.media.zlib.obj
 0001:00003100       ?ref_links@RGenerator@SDL_core@ui@modules@UModSys@@UEBAHXZ 0000000180004100 f i umodsys_lib_libui:umodsys.mod.ui.SDL_core.obj
 0001:00003100       ?ref_links@RGenerator@test1@test@modules@UModSys@@UEBAHXZ 0000000180004100 f i plugin_test1.obj
 0001:00003100       ?ref_links@RTerminal@SDL_GL@ui@modules@UModSys@@UEBAHXZ 0000000180004100 f i umodsys_lib_libui:umodsys.mod.ui.SDL_GL.obj
 0001:00003100       ?ref_links@RMultiImage2D_SDL_ttf@SDL_core@ui@modules@UModSys@@UEBAHXZ 0000000180004100 f i umodsys_lib_libui:umodsys.mod.ui.SDL_core.obj
 0001:00003100       ?ref_links@RGenerator@serialize_json@media@modules@UModSys@@UEBAHXZ 0000000180004100 f i umodsys_lib_libmedia:umodsys.mod.media.serialize_json.obj
 0001:00003100       ?ref_links@RGenerator@stdlib@lib2d@modules@UModSys@@UEBAHXZ 0000000180004100 f i umodsys_lib_lib2d:umodsys.mod.2d.stdlib.obj
 0001:00003100       ?ref_links@RGenerator@zlib@media@modules@UModSys@@UEBAHXZ 0000000180004100 f i umodsys_lib_libmedia:umodsys.mod.media.zlib.obj
 0001:00003100       ?ref_links@RGenerator@SDL_GL@ui@modules@UModSys@@UEBAHXZ 0000000180004100 f i umodsys_lib_libui:umodsys.mod.ui.SDL_GL.obj
 0001:00003100       ?ref_links@RSerializeReader@serialize_json@media@modules@UModSys@@UEBAHXZ 0000000180004100 f i umodsys_lib_libmedia:umodsys.mod.media.serialize_json.obj
 0001:00003100       ?ref_links@RDialog@frames@ui@modules@UModSys@@UEBAHXZ 0000000180004100 f i umodsys_lib_libui:umodsys.mod.ui.frames.obj
 0001:00003110       ?suicide@RGenerator@SDL_GL@ui@modules@UModSys@@UEAAXXZ 0000000180004110 f i umodsys_lib_libui:umodsys.mod.ui.SDL_GL.obj
 0001:00003110       ?suicide@RGenerator@SDL_core@ui@modules@UModSys@@UEAAXXZ 0000000180004110 f i umodsys_lib_libui:umodsys.mod.ui.SDL_core.obj
 0001:00003110       ??3@YAXPEAX0@Z             0000000180004110 f i plugin_test1.obj
 0001:00003110       ?suicide@RGenerator@images_std@media@modules@UModSys@@UEAAXXZ 0000000180004110 f i umodsys_lib_libmedia:umodsys.mod.media.images_std.obj
 0001:00003110       ?suicide@RGenerator@serialize_json@media@modules@UModSys@@UEAAXXZ 0000000180004110 f i umodsys_lib_libmedia:umodsys.mod.media.serialize_json.obj
 0001:00003110       ?suicide@RGenerator@test1@test@modules@UModSys@@UEAAXXZ 0000000180004110 f i plugin_test1.obj
 0001:00003110       ?suicide@RGenerator@stdlib@lib2d@modules@UModSys@@UEAAXXZ 0000000180004110 f i umodsys_lib_lib2d:umodsys.mod.2d.stdlib.obj
 0001:00003110       ?suicide@RGenerator@frames@ui@modules@UModSys@@UEAAXXZ 0000000180004110 f i umodsys_lib_libui:umodsys.mod.ui.frames.obj
 0001:00003110       ?suicide@RGenerator@zlib@media@modules@UModSys@@UEAAXXZ 0000000180004110 f i umodsys_lib_libmedia:umodsys.mod.media.zlib.obj
 0001:00003120       ?get_uid@RGenerator@SDL_core@ui@modules@UModSys@@UEBAPEBUSUniquePointerInfo@core@5@XZ 0000000180004120 f i umodsys_lib_libui:umodsys.mod.ui.SDL_core.obj
 0001:00003130       ??_GRMultiImage2D_SDL_ttf@SDL_core@ui@modules@UModSys@@UEAAPEAXI@Z 0000000180004130 f i umodsys_lib_libui:umodsys.mod.ui.SDL_core.obj
 0001:00003130       ??_ERMultiImage2D_SDL_ttf@SDL_core@ui@modules@UModSys@@UEAAPEAXI@Z 0000000180004130 f i  CIL library: CIL module
 0001:00003160       ??_ERRenderDriver2D@SDL_core@ui@modules@UModSys@@UEAAPEAXI@Z 0000000180004160 f i  CIL library: CIL module
 0001:00003160       ??_GRRenderDriver2D@SDL_core@ui@modules@UModSys@@UEAAPEAXI@Z 0000000180004160 f i umodsys_lib_libui:umodsys.mod.ui.SDL_core.obj
 0001:00003190       ??_ERMouseController@SDL_core@ui@modules@UModSys@@UEAAPEAXI@Z 0000000180004190 f i  CIL library: CIL module
 0001:00003190       ??_GRMouseController@SDL_core@ui@modules@UModSys@@UEAAPEAXI@Z 0000000180004190 f i umodsys_lib_libui:umodsys.mod.ui.SDL_core.obj
 0001:000031c0       ??_ERKeyboardController@SDL_core@ui@modules@UModSys@@UEAAPEAXI@Z 00000001800041c0 f i  CIL library: CIL module
 0001:000031c0       ??_GRKeyboardController@SDL_core@ui@modules@UModSys@@UEAAPEAXI@Z 00000001800041c0 f i umodsys_lib_libui:umodsys.mod.ui.SDL_core.obj
 0001:000031f0       ??_GRTerminal@SDL_core@ui@modules@UModSys@@UEAAPEAXI@Z 00000001800041f0 f i umodsys_lib_libui:umodsys.mod.ui.SDL_core.obj
 0001:000031f0       ??_ERTerminal@SDL_core@ui@modules@UModSys@@UEAAPEAXI@Z 00000001800041f0 f i  CIL library: CIL module
 0001:00003220       ??_ERTerminalX@SDL_core@ui@modules@UModSys@@UEAAPEAXI@Z 0000000180004220 f i  CIL library: CIL module
 0001:00003220       ??_GRTerminalX@SDL_core@ui@modules@UModSys@@UEAAPEAXI@Z 0000000180004220 f i umodsys_lib_libui:umodsys.mod.ui.SDL_core.obj
 0001:00003250       ?do_open@RModuleReg@SDL_core@ui@modules@UModSys@@UEAA_NXZ 0000000180004250 f i umodsys_lib_libui:umodsys.mod.ui.SDL_core.obj
 0001:00003260       ?do_close@RModuleReg@SDL_core@ui@modules@UModSys@@UEAA_NXZ 0000000180004260 f i umodsys_lib_libui:umodsys.mod.ui.SDL_core.obj
 0001:00003270       ??_ERModuleReg@SDL_core@ui@modules@UModSys@@UEAAPEAXI@Z 0000000180004270 f i  CIL library: CIL module
 0001:00003270       ??_GRModuleReg@SDL_core@ui@modules@UModSys@@UEAAPEAXI@Z 0000000180004270 f i umodsys_lib_libui:umodsys.mod.ui.SDL_core.obj
 0001:000032a0       ??1?$TScatterArray@UGlyph@RMultiImage2D_SDL_ttf@SDL_core@ui@modules@UModSys@@HU?$TScalarCompare@H@core@6@U?$TNodeDeleter0@U?$TScatterArrayNode@UGlyph@RMultiImage2D_SDL_ttf@SDL_core@ui@modules@UModSys@@H@tl@UModSys@@@tl@6@@tl@UModSys@@QEAA@XZ 00000001800042a0 f i umodsys_lib_libui:umodsys.mod.ui.SDL_core.obj
 0001:000032d0       ??$ValidateConstruction@UIMultiImage@lib2d@UModSys@@URMultiImage2D_SDL_ttf@SDL_core@ui@modules@3@@core@UModSys@@YA_NAEAU?$TRefObject@UIMultiImage@lib2d@UModSys@@U?$TRefObjectFunc@UIMultiImage@lib2d@UModSys@@@tl@3@@tl@1@PEAURMultiImage2D_SDL_ttf@SDL_core@ui@modules@1@@Z 00000001800042d0 f i umodsys_lib_libui:umodsys.mod.ui.SDL_core.obj
 0001:00003350       ??$t_ref_get_other_interface@URMultiImage2D_SDL_ttf@SDL_core@ui@modules@UModSys@@U?$TRefObjectWeakFunc@URMultiImage2D_SDL_ttf@SDL_core@ui@modules@UModSys@@@tl@5@@IRefObject@core@UModSys@@QEAA_NAEAU?$TRefObject@URMultiImage2D_SDL_ttf@SDL_core@ui@modules@UModSys@@U?$TRefObjectWeakFunc@URMultiImage2D_SDL_ttf@SDL_core@ui@modules@UModSys@@@tl@5@@tl@2@@Z 0000000180004350 f i umodsys_lib_libui:umodsys.mod.ui.SDL_core.obj
 0001:000033d0       ??$genx_node@UCmp@?$TScatterArray@UGlyph@RMultiImage2D_SDL_ttf@SDL_core@ui@modules@UModSys@@HU?$TScalarCompare@H@core@6@U?$TNodeDeleter0@U?$TScatterArrayNode@UGlyph@RMultiImage2D_SDL_ttf@SDL_core@ui@modules@UModSys@@H@tl@UModSys@@@tl@6@@tl@UModSys@@UGen0@234@@?$TTreeHoldRBD@U?$TScatterArrayNode@UGlyph@RMultiImage2D_SDL_ttf@SDL_core@ui@modules@UModSys@@H@tl@UModSys@@U?$TNodeDeleter0@U?$TScatterArrayNode@UGlyph@RMultiImage2D_SDL_ttf@SDL_core@ui@modules@UModSys@@H@tl@UModSys@@@23@@tl@UModSys@@QEAAPEAU?$TScatterArrayNode@UGlyph@RMultiImage2D_SDL_ttf@SDL_core@ui@modules@UModSys@@H@12@UCmp@?$TScatterArray@UGlyph@RMultiImage2D_SDL_ttf@SDL_core@ui@modules@UModSys@@HU?$TScalarCompare@H@core@6@U?$TNodeDeleter0@U?$TScatterArrayNode@UGlyph@RMultiImage2D_SDL_ttf@SDL_core@ui@modules@UModSys@@H@tl@UModSys@@@tl@6@@12@AEBUGen0@512@PEAPEAU312@2_N@Z 00000001800043d0 f i umodsys_lib_libui:umodsys.mod.ui.SDL_core.obj
 0001:00003560       ?insert_color@?$TTreeHoldRB@U?$TScatterArrayNode@UGlyph@RMultiImage2D_SDL_ttf@SDL_core@ui@modules@UModSys@@H@tl@UModSys@@@tl@UModSys@@IEAAXPEAU?$TScatterArrayNode@UGlyph@RMultiImage2D_SDL_ttf@SDL_core@ui@modules@UModSys@@H@23@@Z 0000000180004560 f i umodsys_lib_libui:umodsys.mod.ui.SDL_core.obj
 0001:00003560       ?insert_color@?$TTreeHoldRB@U?$TScatterArrayNode@U?$TRefObjectCompositeExtra@UIMouseClient@libui@UModSys@@HUIRefObject@core@3@U?$TRefObjectFunc@UIRefObject@core@UModSys@@@tl@3@@tl@UModSys@@H@tl@UModSys@@@tl@UModSys@@IEAAXPEAU?$TScatterArrayNode@U?$TRefObjectCompositeExtra@UIMouseClient@libui@UModSys@@HUIRefObject@core@3@U?$TRefObjectFunc@UIRefObject@core@UModSys@@@tl@3@@tl@UModSys@@H@23@@Z 0000000180004560 f i umodsys_lib_libui:umodsys.mod.ui.SDL_GL.obj
 0001:00003560       ?insert_color@?$TTreeHoldRB@U?$TScatterArrayNode@U?$TRefObjectComposite@UIKeyboardClient@libui@UModSys@@UIRefObject@core@3@U?$TRefObjectFunc@UIRefObject@core@UModSys@@@tl@3@@tl@UModSys@@H@tl@UModSys@@@tl@UModSys@@IEAAXPEAU?$TScatterArrayNode@U?$TRefObjectComposite@UIKeyboardClient@libui@UModSys@@UIRefObject@core@3@U?$TRefObjectFunc@UIRefObject@core@UModSys@@@tl@3@@tl@UModSys@@H@23@@Z 0000000180004560 f i umodsys_lib_libui:umodsys.mod.ui.SDL_GL.obj
 0001:00003560       ?insert_color@?$TTreeHoldRB@U?$TScatterArrayNode@U?$TVector4@M@math3d@UModSys@@H@tl@UModSys@@@tl@UModSys@@IEAAXPEAU?$TScatterArrayNode@U?$TVector4@M@math3d@UModSys@@H@23@@Z 0000000180004560 f i umodsys_lib_libui:umodsys.mod.ui.frames.obj
 0001:00003560       ?insert_color@?$TTreeHoldRB@U?$TScatterArrayNode@HH@tl@UModSys@@@tl@UModSys@@IEAAXPEAU?$TScatterArrayNode@HH@23@@Z 0000000180004560 f i umodsys_lib_libui:umodsys.mod.ui.frames.obj
 0001:00003560       ?insert_color@?$TTreeHoldRB@U?$TScatterArrayNode@U?$TVector2@M@math3d@UModSys@@H@tl@UModSys@@@tl@UModSys@@IEAAXPEAU?$TScatterArrayNode@U?$TVector2@M@math3d@UModSys@@H@23@@Z 0000000180004560 f i umodsys_lib_libui:umodsys.mod.ui.frames.obj
 0001:00003710       ??$process_nodes_r@U?$TNodeDeleter0@U?$TScatterArrayNode@UGlyph@RMultiImage2D_SDL_ttf@SDL_core@ui@modules@UModSys@@H@tl@UModSys@@@tl@UModSys@@@?$TTreeHoldRB@U?$TScatterArrayNode@UGlyph@RMultiImage2D_SDL_ttf@SDL_core@ui@modules@UModSys@@H@tl@UModSys@@@tl@UModSys@@KAHPEAU?$TScatterArrayNode@UGlyph@RMultiImage2D_SDL_ttf@SDL_core@ui@modules@UModSys@@H@12@AEBU?$TNodeDeleter0@U?$TScatterArrayNode@UGlyph@RMultiImage2D_SDL_ttf@SDL_core@ui@modules@UModSys@@H@tl@UModSys@@@12@@Z 0000000180004710 f i umodsys_lib_libui:umodsys.mod.ui.SDL_core.obj
 0001:00003790       ?ss@SFrameDataOut@libui@UModSys@@QEBAXAEBU?$TString@U?$TSCoreShared@USIMemAlloc@core@UModSys@@D@su@tl@UModSys@@U?$TComparerBinaryHash@D@234@@tl@3@@Z 0000000180004790 f i umodsys_lib_libui:umodsys.mod.ui.frames.obj
 0001:000037e0       ??1SController@libui@UModSys@@QEAA@XZ 00000001800047e0 f i umodsys_lib_libui:umodsys.mod.ui.frames.obj
 0001:00003830       ?db_get_i@SController@libui@UModSys@@QEAAHQEBD@Z 0000000180004830 f i umodsys_lib_libui:umodsys.mod.ui.frames.obj
 0001:000038e0       ?update_size@libui@UModSys@@YA_NAEAU?$TBoundBox2@H@math3d@2@AEBUSFrameSize@12@AEBU342@@Z 00000001800048e0 f i umodsys_lib_libui:umodsys.mod.ui.frames.obj
 0001:00003a20       ?command@SController@libui@UModSys@@QEAA_NHAEBUSFrameDataIn@23@@Z 0000000180004a20 f i umodsys_lib_libui:umodsys.mod.ui.frames.obj
 0001:00003ab0       ?get_property@ICollectorThemeTemplate@libui@UModSys@@UEBA_NHHAEAU?$TVector4@M@math3d@3@@Z 0000000180004ab0 f i umodsys_lib_libui:umodsys.mod.ui.frames.obj
 0001:00003ad0       ?get_property@ICollectorThemeTemplate@libui@UModSys@@UEBA_NHHAEAU?$TVector4@H@math3d@3@@Z 0000000180004ad0 f i umodsys_lib_libui:umodsys.mod.ui.frames.obj
 0001:00003af0       ?get_property@ICollectorThemeTemplate@libui@UModSys@@UEBA_NHHAEAU?$TVector2@M@math3d@3@@Z 0000000180004af0 f i umodsys_lib_libui:umodsys.mod.ui.frames.obj
 0001:00003b10       ?get_property@ICollectorThemeTemplate@libui@UModSys@@UEBA_NHHAEAU?$TVector2@H@math3d@3@@Z 0000000180004b10 f i umodsys_lib_libui:umodsys.mod.ui.frames.obj
 0001:00003b30       ?get_property@ICollectorThemeTemplate@libui@UModSys@@UEBA_NHHAEAH@Z 0000000180004b30 f i umodsys_lib_libui:umodsys.mod.ui.frames.obj
 0001:00003b50       ?set_property@ICollectorThemeTemplate@libui@UModSys@@UEAA_NHHAEBU?$TVector4@M@math3d@3@@Z 0000000180004b50 f i umodsys_lib_libui:umodsys.mod.ui.frames.obj
 0001:00003bc0       ?set_property@ICollectorThemeTemplate@libui@UModSys@@UEAA_NHHAEBU?$TVector4@H@math3d@3@@Z 0000000180004bc0 f i umodsys_lib_libui:umodsys.mod.ui.frames.obj
 0001:00003be0       ?set_property@ICollectorThemeTemplate@libui@UModSys@@UEAA_NHHAEBU?$TVector2@M@math3d@3@@Z 0000000180004be0 f i umodsys_lib_libui:umodsys.mod.ui.frames.obj
 0001:00003c40       ?set_property@ICollectorThemeTemplate@libui@UModSys@@UEAA_NHHAEBU?$TVector2@H@math3d@3@@Z 0000000180004c40 f i umodsys_lib_libui:umodsys.mod.ui.frames.obj
[...]
 0001:00035780       ??__F?s_id@?$TObjectUniqueID@UICollector@libui@UModSys@@@tl@UModSys@@2USUniquePointer@core@3@A@@YAXXZ 0000000180036780 f    CIL library: CIL module
 0001:00035790       ??__F?s_id@?$TObjectUniqueID@UIConsoleHelperInput_UIKey@libui@UModSys@@@tl@UModSys@@2USUniquePointer@core@3@A@@YAXXZ 0000000180036790 f    CIL library: CIL module
 0001:000357a0       ??__F?s_id@?$TObjectUniqueID@UITerminal@libui@UModSys@@@tl@UModSys@@2USUniquePointer@core@3@A@@YAXXZ 00000001800367a0 f    CIL library: CIL module
 0001:000357b0       ??__F?s_id@?$TObjectUniqueID@UIJoystickController@libui@UModSys@@@tl@UModSys@@2USUniquePointer@core@3@A@@YAXXZ 00000001800367b0 f    CIL library: CIL module
 0001:000357c0       ??__F?s_id@?$TObjectUniqueID@UIMouseController@libui@UModSys@@@tl@UModSys@@2USUniquePointer@core@3@A@@YAXXZ 00000001800367c0 f    CIL library: CIL module
 0001:000357d0       ??__F?s_id@?$TObjectUniqueID@UIKeyboardController@libui@UModSys@@@tl@UModSys@@2USUniquePointer@core@3@A@@YAXXZ 00000001800367d0 f    CIL library: CIL module
 0001:000357e0       ??__F?s_id@?$TObjectUniqueID@UIConsoleHelperOutputFCS@base@UModSys@@@tl@UModSys@@2USUniquePointer@core@3@A@@YAXXZ 00000001800367e0 f    CIL library: CIL module
 0001:000357f0       ??__F?s_id@?$TObjectUniqueID@UIConsoleHelperOutput@base@UModSys@@@tl@UModSys@@2USUniquePointer@core@3@A@@YAXXZ 00000001800367f0 f    CIL library: CIL module
 0001:00035800       ??__F?s_id@?$TObjectUniqueID@UIConsoleHelperInput@base@UModSys@@@tl@UModSys@@2USUniquePointer@core@3@A@@YAXXZ 0000000180036800 f    CIL library: CIL module
 0001:00035810       ??__F?s_id@?$TObjectUniqueID@UIConsoleHelperHistory@base@UModSys@@@tl@UModSys@@2USUniquePointer@core@3@A@@YAXXZ 0000000180036810 f    CIL library: CIL module
 0001:00035820       ??__F?s_id@?$TObjectUniqueID@UIConsoleHelper@base@UModSys@@@tl@UModSys@@2USUniquePointer@core@3@A@@YAXXZ 0000000180036820 f    CIL library: CIL module
 0001:00035830       ??__F?s_id@?$TObjectUniqueID@UIConsoleExt@base@UModSys@@@tl@UModSys@@2USUniquePointer@core@3@A@@YAXXZ 0000000180036830 f    CIL library: CIL module
 0001:00035840       ??__F?s_id@?$TObjectUniqueID@UISerializeWriter@libmedia@UModSys@@@tl@UModSys@@2USUniquePointer@core@3@A@@YAXXZ 0000000180036840 f    CIL library: CIL module
 0001:00035850       ??__F?s_id@?$TObjectUniqueID@UISerializeReader@libmedia@UModSys@@@tl@UModSys@@2USUniquePointer@core@3@A@@YAXXZ 0000000180036850 f    CIL library: CIL module
 0001:00035860       ??__F?s_id@?$TObjectUniqueID@UIClient@IBinArchiveFrame@libmedia@UModSys@@@tl@UModSys@@2USUniquePointer@core@3@A@@YAXXZ 0000000180036860 f    CIL library: CIL module
 0001:00035870       ??__F?s_id@?$TObjectUniqueID@UIBinArchiveFrame@libmedia@UModSys@@@tl@UModSys@@2USUniquePointer@core@3@A@@YAXXZ 0000000180036870 f    CIL library: CIL module
 0001:00035880       ??__F?s_id@?$TObjectUniqueID@UILibraryLayered@libmedia@UModSys@@@tl@UModSys@@2USUniquePointer@core@3@A@@YAXXZ 0000000180036880 f    CIL library: CIL module
 0001:00035890       ??__F?s_id@?$TObjectUniqueID@UILibraryObjCache@libmedia@UModSys@@@tl@UModSys@@2USUniquePointer@core@3@A@@YAXXZ 0000000180036890 f    CIL library: CIL module
 0001:000358a0       ??__F?s_id@?$TObjectUniqueID@UILibraryObjFilter@libmedia@UModSys@@@tl@UModSys@@2USUniquePointer@core@3@A@@YAXXZ 00000001800368a0 f    CIL library: CIL module
 0001:000358b0       ??__F?s_id@?$TObjectUniqueID@UILibraryBinCache@libmedia@UModSys@@@tl@UModSys@@2USUniquePointer@core@3@A@@YAXXZ 00000001800368b0 f    CIL library: CIL module
 0001:000358c0       ??__F?s_id@?$TObjectUniqueID@UILibraryBinTree@libmedia@UModSys@@@tl@UModSys@@2USUniquePointer@core@3@A@@YAXXZ 00000001800368c0 f    CIL library: CIL module
 0001:000358d0       ??__F?s_id@?$TObjectUniqueID@UILibrary@libmedia@UModSys@@@tl@UModSys@@2USUniquePointer@core@3@A@@YAXXZ 00000001800368d0 f    CIL library: CIL module
 0001:000358e0       ??__F?s_id@?$TObjectUniqueID@UIBinObjFilter@libmedia@UModSys@@@tl@UModSys@@2USUniquePointer@core@3@A@@YAXXZ 00000001800368e0 f    CIL library: CIL module
 0001:000358f0       ??__F?s_id@?$TObjectUniqueID@UIBinArchive@libmedia@UModSys@@@tl@UModSys@@2USUniquePointer@core@3@A@@YAXXZ 00000001800368f0 f    CIL library: CIL module
 0001:00035900       ??__F?s_id@?$TObjectUniqueID@UILibObject@libmedia@UModSys@@@tl@UModSys@@2USUniquePointer@core@3@A@@YAXXZ 0000000180036900 f    CIL library: CIL module
 0001:00035910       ??__F?s_id@?$TObjectUniqueID@UIUtilities@libmedia@UModSys@@@tl@UModSys@@2USUniquePointer@core@3@A@@YAXXZ 0000000180036910 f    CIL library: CIL module
 0001:00035920       ??__F?s_id@?$TObjectUniqueID@UIStreamWriter@libmedia@UModSys@@@tl@UModSys@@2USUniquePointer@core@3@A@@YAXXZ 0000000180036920 f    CIL library: CIL module
 0001:00035930       ??__F?s_id@?$TObjectUniqueID@UIStreamReader@libmedia@UModSys@@@tl@UModSys@@2USUniquePointer@core@3@A@@YAXXZ 0000000180036930 f    CIL library: CIL module
 0001:00035940       ??__F?s_id@?$TObjectUniqueID@UISystem@base@UModSys@@@tl@UModSys@@2USUniquePointer@core@3@A@@YAXXZ 0000000180036940 f    CIL library: CIL module
 0001:00035950       ??__F?s_id@?$TObjectUniqueID@UIShell@base@UModSys@@@tl@UModSys@@2USUniquePointer@core@3@A@@YAXXZ 0000000180036950 f    CIL library: CIL module
 0001:00035960       ??__F?s_id@?$TObjectUniqueID@UIGenerator@base@UModSys@@@tl@UModSys@@2USUniquePointer@core@3@A@@YAXXZ 0000000180036960 f    CIL library: CIL module
 0001:00035970       ??__F?s_id@?$TObjectUniqueID@UIModObject@base@UModSys@@@tl@UModSys@@2USUniquePointer@core@3@A@@YAXXZ 0000000180036970 f    CIL library: CIL module
 0001:00035980       ??__F?s_id@?$TObjectUniqueID@UIModuleLibrary@base@UModSys@@@tl@UModSys@@2USUniquePointer@core@3@A@@YAXXZ 0000000180036980 f    CIL library: CIL module
 0001:00035990       ??__F?s_id@?$TObjectUniqueID@UIModule@base@UModSys@@@tl@UModSys@@2USUniquePointer@core@3@A@@YAXXZ 0000000180036990 f    CIL library: CIL module
 0001:000359a0       ??__F?s_id@?$TObjectUniqueID@UIConsole@base@UModSys@@@tl@UModSys@@2USUniquePointer@core@3@A@@YAXXZ 00000001800369a0 f    CIL library: CIL module
 0001:000359b0       ??__F?s_id@?$TObjectUniqueID@UIParameters@core@UModSys@@@tl@UModSys@@2USUniquePointer@core@3@A@@YAXXZ 00000001800369b0 f    CIL library: CIL module
 0001:000359c0       ??__F?s_id@?$TObjectUniqueID@UIRefObject@core@UModSys@@@tl@UModSys@@2USUniquePointer@core@3@A@@YAXXZ 00000001800369c0 f    CIL library: CIL module
 0001:000359d0       ??__F?s_id@?$TObjectUniqueID@UIRoot@core@UModSys@@@tl@UModSys@@2USUniquePointer@core@3@A@@YAXXZ 00000001800369d0 f    CIL library: CIL module
 0001:000359e0       ??__Fs_dbg@stdlib@lib2d@modules@UModSys@@YAXXZ 00000001800369e0 f    CIL library: CIL module
 0001:000359f0       ??__F?s_modreg@RModuleReg@stdlib@lib2d@modules@UModSys@@2U12345@A@@YAXXZ 00000001800369f0 f    CIL library: CIL module
 0001:00035a10       ??__F?s_modreg_chain@RModuleReg@stdlib@lib2d@modules@UModSys@@2USModuleRegChain@base@5@A@@YAXXZ 0000000180036a10 f    CIL library: CIL module
 0001:00035a20       ??__F?s_uid@RGenerator@stdlib@lib2d@modules@UModSys@@2USUniquePointer@core@5@A@@YAXXZ 0000000180036a20 f    CIL library: CIL module
 0001:00035a30       ??__Fh@?1??s_holder@RGenerator@stdlib@lib2d@modules@UModSys@@SAAEAU?$TTypeStaticHolder@URGenerator@stdlib@lib2d@modules@UModSys@@@tl@5@XZ@YAXXZ 0000000180036a30 f    CIL library: CIL module
 0001:00035a60       ??__F?s_id@?$TObjectUniqueID@URGenerator@stdlib@lib2d@modules@UModSys@@@tl@UModSys@@2USUniquePointer@core@3@A@@YAXXZ 0000000180036a60 f    CIL library: CIL module
 0001:00035a70       ??__F?s_id@?$TObjectUniqueID@URMultiImage@stdlib@lib2d@modules@UModSys@@@tl@UModSys@@2USUniquePointer@core@3@A@@YAXXZ 0000000180036a70 f    CIL library: CIL module
 0001:00035a80       ??__F?s_id@?$TObjectUniqueID@URImageFactory_Memory@stdlib@lib2d@modules@UModSys@@@tl@UModSys@@2USUniquePointer@core@3@A@@YAXXZ 0000000180036a80 f    CIL library: CIL module
 0001:00035a90       ??__F?s_id@?$TObjectUniqueID@URImage_Memory@stdlib@lib2d@modules@UModSys@@@tl@UModSys@@2USUniquePointer@core@3@A@@YAXXZ 0000000180036a90 f    CIL library: CIL module
 0001:00035aa0       ??__Fs_dbg@SDL_GL@ui@modules@UModSys@@YAXXZ 0000000180036aa0 f    CIL library: CIL module
 0001:00035ab0       ??__F?s_modreg@RModuleReg@SDL_GL@ui@modules@UModSys@@2U12345@A@@YAXXZ 0000000180036ab0 f    CIL library: CIL module
 0001:00035ad0       ??__F?s_modreg_chain@RModuleReg@SDL_GL@ui@modules@UModSys@@2USModuleRegChain@base@5@A@@YAXXZ 0000000180036ad0 f    CIL library: CIL module
 0001:00035ae0       ??__F?s_uid@RGenerator@SDL_GL@ui@modules@UModSys@@2USUniquePointer@core@5@A@@YAXXZ 0000000180036ae0 f    CIL library: CIL module
 0001:00035af0       ??__Fh@?1??s_holder@RGenerator@SDL_GL@ui@modules@UModSys@@SAAEAU?$TTypeStaticHolder@URGenerator@SDL_GL@ui@modules@UModSys@@@tl@5@XZ@YAXXZ 0000000180036af0 f    CIL library: CIL module
 0001:00035b20       ??__F?s_id@?$TObjectUniqueID@URGenerator@SDL_GL@ui@modules@UModSys@@@tl@UModSys@@2USUniquePointer@core@3@A@@YAXXZ 0000000180036b20 f    CIL library: CIL module
 0001:00035b30       ??__F?s_id@?$TObjectUniqueID@URTerminalX@SDL_GL@ui@modules@UModSys@@@tl@UModSys@@2USUniquePointer@core@3@A@@YAXXZ 0000000180036b30 f    CIL library: CIL module
 0001:00035b40       ??__F?s_id@?$TObjectUniqueID@URRenderDriver3D@SDL_GL@ui@modules@UModSys@@@tl@UModSys@@2USUniquePointer@core@3@A@@YAXXZ 0000000180036b40 f    CIL library: CIL module
 0001:00035b50       ??__F?s_id@?$TObjectUniqueID@URTerminal@SDL_GL@ui@modules@UModSys@@@tl@UModSys@@2USUniquePointer@core@3@A@@YAXXZ 0000000180036b50 f    CIL library: CIL module
 0001:00035b60       ??__F?s_id@?$TObjectUniqueID@URMouseController@SDL_GL@ui@modules@UModSys@@@tl@UModSys@@2USUniquePointer@core@3@A@@YAXXZ 0000000180036b60 f    CIL library: CIL module
 0001:00035b70       ??__F?s_id@?$TObjectUniqueID@URKeyboardController@SDL_GL@ui@modules@UModSys@@@tl@UModSys@@2USUniquePointer@core@3@A@@YAXXZ 0000000180036b70 f    CIL library: CIL module
 0001:00035b80       ??__F?s_id@?$TObjectUniqueID@UIRenderDriver@lib3d@UModSys@@@tl@UModSys@@2USUniquePointer@core@3@A@@YAXXZ 0000000180036b80 f    CIL library: CIL module
 0001:00035b90       ??__F?s_id@?$TObjectUniqueID@UITextureCells@lib3d@UModSys@@@tl@UModSys@@2USUniquePointer@core@3@A@@YAXXZ 0000000180036b90 f    CIL library: CIL module
 0001:00035ba0       ??__F?s_id@?$TObjectUniqueID@UITexture@lib3d@UModSys@@@tl@UModSys@@2USUniquePointer@core@3@A@@YAXXZ 0000000180036ba0 f    CIL library: CIL module
 0001:00035bb0       ??__F?s_id@?$TObjectUniqueID@UIRenderer@lib3d@UModSys@@@tl@UModSys@@2USUniquePointer@core@3@A@@YAXXZ 0000000180036bb0 f    CIL library: CIL module
 0001:00035bc0       ??__F?s_id@?$TObjectUniqueID@UISharedLibrary@lib3d@UModSys@@@tl@UModSys@@2USUniquePointer@core@3@A@@YAXXZ 0000000180036bc0 f    CIL library: CIL module
 0001:00035bd0       ??__Fs_dbg@SDL_core@ui@modules@UModSys@@YAXXZ 0000000180036bd0 f    CIL library: CIL module
 0001:00035be0       ??__F?s_modreg@RModuleReg@SDL_core@ui@modules@UModSys@@2U12345@A@@YAXXZ 0000000180036be0 f    CIL library: CIL module
 0001:00035c00       ??__F?s_modreg_chain@RModuleReg@SDL_core@ui@modules@UModSys@@2USModuleRegChain@base@5@A@@YAXXZ 0000000180036c00 f    CIL library: CIL module
 0001:00035c10       ??__F?s_uid@RGenerator@SDL_core@ui@modules@UModSys@@2USUniquePointer@core@5@A@@YAXXZ 0000000180036c10 f    CIL library: CIL module
 0001:00035c20       ??__Fh@?1??s_holder@RGenerator@SDL_core@ui@modules@UModSys@@SAAEAU?$TTypeStaticHolder@URGenerator@SDL_core@ui@modules@UModSys@@@tl@5@XZ@YAXXZ 0000000180036c20 f    CIL library: CIL module
 0001:00035c50       ??__F?s_id@?$TObjectUniqueID@URGenerator@SDL_core@ui@modules@UModSys@@@tl@UModSys@@2USUniquePointer@core@3@A@@YAXXZ 0000000180036c50 f    CIL library: CIL module
 0001:00035c60       ??__F?s_id@?$TObjectUniqueID@URTerminalX@SDL_core@ui@modules@UModSys@@@tl@UModSys@@2USUniquePointer@core@3@A@@YAXXZ 0000000180036c60 f    CIL library: CIL module
 0001:00035c70       ??__F?s_id@?$TObjectUniqueID@URRenderDriver2D@SDL_core@ui@modules@UModSys@@@tl@UModSys@@2USUniquePointer@core@3@A@@YAXXZ 0000000180036c70 f    CIL library: CIL module
 0001:00035c80       ??__F?s_id@?$TObjectUniqueID@URMultiImage2D_SDL_ttf@SDL_core@ui@modules@UModSys@@@tl@UModSys@@2USUniquePointer@core@3@A@@YAXXZ 0000000180036c80 f    CIL library: CIL module
 0001:00035c90       ??__F?s_id@?$TObjectUniqueID@URTerminal@SDL_core@ui@modules@UModSys@@@tl@UModSys@@2USUniquePointer@core@3@A@@YAXXZ 0000000180036c90 f    CIL library: CIL module
 0001:00035ca0       ??__F?s_id@?$TObjectUniqueID@URMouseController@SDL_core@ui@modules@UModSys@@@tl@UModSys@@2USUniquePointer@core@3@A@@YAXXZ 0000000180036ca0 f    CIL library: CIL module
 0001:00035cb0       ??__F?s_id@?$TObjectUniqueID@URKeyboardController@SDL_core@ui@modules@UModSys@@@tl@UModSys@@2USUniquePointer@core@3@A@@YAXXZ 0000000180036cb0 f    CIL library: CIL module
 0001:00035cc0       ??__Fs_dbg@frames@ui@modules@UModSys@@YAXXZ 0000000180036cc0 f    CIL library: CIL module
 0001:00035cd0       ??__F?s_modreg@RModuleReg@frames@ui@modules@UModSys@@2U12345@A@@YAXXZ 0000000180036cd0 f    CIL library: CIL module
 0001:00035cf0       ??__F?s_modreg_chain@RModuleReg@frames@ui@modules@UModSys@@2USModuleRegChain@base@5@A@@YAXXZ 0000000180036cf0 f    CIL library: CIL module
 0001:00035d00       ??__F?s_uid@RGenerator@frames@ui@modules@UModSys@@2USUniquePointer@core@5@A@@YAXXZ 0000000180036d00 f    CIL library: CIL module
 0001:00035d10       ??__Fh@?1??s_holder@RGenerator@frames@ui@modules@UModSys@@SAAEAU?$TTypeStaticHolder@URGenerator@frames@ui@modules@UModSys@@@tl@5@XZ@YAXXZ 0000000180036d10 f    CIL library: CIL module
 0001:00035d40       ??__F?s_id@?$TObjectUniqueID@URGenerator@frames@ui@modules@UModSys@@@tl@UModSys@@2USUniquePointer@core@3@A@@YAXXZ 0000000180036d40 f    CIL library: CIL module
 0001:00035d50       ??__F?s_id@?$TObjectUniqueID@URCollector@frames@ui@modules@UModSys@@@tl@UModSys@@2USUniquePointer@core@3@A@@YAXXZ 0000000180036d50 f    CIL library: CIL module
 0001:00035d60       ??__F?s_id@?$TObjectUniqueID@URFrame_List@frames@ui@modules@UModSys@@@tl@UModSys@@2USUniquePointer@core@3@A@@YAXXZ 0000000180036d60 f    CIL library: CIL module
 0001:00035d70       ??__F?s_id@?$TObjectUniqueID@URFrame_Edit@frames@ui@modules@UModSys@@@tl@UModSys@@2USUniquePointer@core@3@A@@YAXXZ 0000000180036d70 f    CIL library: CIL module
 0001:00035d80       ??__F?s_id@?$TObjectUniqueID@URFrame_Button@frames@ui@modules@UModSys@@@tl@UModSys@@2USUniquePointer@core@3@A@@YAXXZ 0000000180036d80 f    CIL library: CIL module
 0001:00035d90       ??__F?s_id@?$TObjectUniqueID@URFrame_Text@frames@ui@modules@UModSys@@@tl@UModSys@@2USUniquePointer@core@3@A@@YAXXZ 0000000180036d90 f    CIL library: CIL module
 0001:00035da0       ??__F?s_id@?$TObjectUniqueID@URFrame_Image@frames@ui@modules@UModSys@@@tl@UModSys@@2USUniquePointer@core@3@A@@YAXXZ 0000000180036da0 f    CIL library: CIL module
 0001:00035db0       ??__F?s_id@?$TObjectUniqueID@URFrame_Frame@frames@ui@modules@UModSys@@@tl@UModSys@@2USUniquePointer@core@3@A@@YAXXZ 0000000180036db0 f    CIL library: CIL module
 0001:00035dc0       ??__F?s_id@?$TObjectUniqueID@URDialog@frames@ui@modules@UModSys@@@tl@UModSys@@2USUniquePointer@core@3@A@@YAXXZ 0000000180036dc0 f    CIL library: CIL module
 0001:00035dd0       ??__F?s_id@?$TObjectUniqueID@URFrame_Common@frames@ui@modules@UModSys@@@tl@UModSys@@2USUniquePointer@core@3@A@@YAXXZ 0000000180036dd0 f    CIL library: CIL module
 0001:00035de0       ??__Fs_dbg@images_std@media@modules@UModSys@@YAXXZ 0000000180036de0 f    CIL library: CIL module
 0001:00035df0       ??__F?s_modreg@RModuleReg@images_std@media@modules@UModSys@@2U12345@A@@YAXXZ 0000000180036df0 f    CIL library: CIL module
 0001:00035e10       ??__F?s_modreg_chain@RModuleReg@images_std@media@modules@UModSys@@2USModuleRegChain@base@5@A@@YAXXZ 0000000180036e10 f    CIL library: CIL module
 0001:00035e20       ??__F?s_uid@RGenerator@images_std@media@modules@UModSys@@2USUniquePointer@core@5@A@@YAXXZ 0000000180036e20 f    CIL library: CIL module
 0001:00035e30       ??__Fh@?1??s_holder@RGenerator@images_std@media@modules@UModSys@@SAAEAU?$TTypeStaticHolder@URGenerator@images_std@media@modules@UModSys@@@tl@5@XZ@YAXXZ 0000000180036e30 f    CIL library: CIL module
 0001:00035e60       ??__F?s_id@?$TObjectUniqueID@URGenerator@images_std@media@modules@UModSys@@@tl@UModSys@@2USUniquePointer@core@3@A@@YAXXZ 0000000180036e60 f    CIL library: CIL module
 0001:00035e70       ??__F?s_id@?$TObjectUniqueID@URMediaFilter@images_std@media@modules@UModSys@@@tl@UModSys@@2USUniquePointer@core@3@A@@YAXXZ 0000000180036e70 f    CIL library: CIL module
 0001:00035e80       ??__Fs_dbg@serialize_json@media@modules@UModSys@@YAXXZ 0000000180036e80 f    CIL library: CIL module
 0001:00035e90       ??__F?s_modreg@RModuleReg@serialize_json@media@modules@UModSys@@2U12345@A@@YAXXZ 0000000180036e90 f    CIL library: CIL module
 0001:00035eb0       ??__F?s_modreg_chain@RModuleReg@serialize_json@media@modules@UModSys@@2USModuleRegChain@base@5@A@@YAXXZ 0000000180036eb0 f    CIL library: CIL module
 0001:00035ec0       ??__F?s_uid@RGenerator@serialize_json@media@modules@UModSys@@2USUniquePointer@core@5@A@@YAXXZ 0000000180036ec0 f    CIL library: CIL module
 0001:00035ed0       ??__Fh@?1??s_holder@RGenerator@serialize_json@media@modules@UModSys@@SAAEAU?$TTypeStaticHolder@URGenerator@serialize_json@media@modules@UModSys@@@tl@5@XZ@YAXXZ 0000000180036ed0 f    CIL library: CIL module
 0001:00035f00       ??__F?s_id@?$TObjectUniqueID@URGenerator@serialize_json@media@modules@UModSys@@@tl@UModSys@@2USUniquePointer@core@3@A@@YAXXZ 0000000180036f00 f    CIL library: CIL module
 0001:00035f10       ??__F?s_id@?$TObjectUniqueID@URSerializeWriter@serialize_json@media@modules@UModSys@@@tl@UModSys@@2USUniquePointer@core@3@A@@YAXXZ 0000000180036f10 f    CIL library: CIL module
 0001:00035f20       ??__F?s_id@?$TObjectUniqueID@URSerializeReader@serialize_json@media@modules@UModSys@@@tl@UModSys@@2USUniquePointer@core@3@A@@YAXXZ 0000000180036f20 f    CIL library: CIL module
 0001:00035f30       ??__Fs_dbg@zlib@media@modules@UModSys@@YAXXZ 0000000180036f30 f    CIL library: CIL module
 0001:00035f40       ??__F?s_modreg@RModuleReg@zlib@media@modules@UModSys@@2U12345@A@@YAXXZ 0000000180036f40 f    CIL library: CIL module
 0001:00035f60       ??__F?s_modreg_chain@RModuleReg@zlib@media@modules@UModSys@@2USModuleRegChain@base@5@A@@YAXXZ 0000000180036f60 f    CIL library: CIL module
 0001:00035f70       ??__F?s_uid@RGenerator@zlib@media@modules@UModSys@@2USUniquePointer@core@5@A@@YAXXZ 0000000180036f70 f    CIL library: CIL module
 0001:00035f80       ??__Fh@?1??s_holder@RGenerator@zlib@media@modules@UModSys@@SAAEAU?$TTypeStaticHolder@URGenerator@zlib@media@modules@UModSys@@@tl@5@XZ@YAXXZ 0000000180036f80 f    CIL library: CIL module
 0001:00035fb0       ??__F?s_id@?$TObjectUniqueID@URGenerator@zlib@media@modules@UModSys@@@tl@UModSys@@2USUniquePointer@core@3@A@@YAXXZ 0000000180036fb0 f    CIL library: CIL module
 0001:00035fc0       ??__F?s_id@?$TObjectUniqueID@URBinArchiveFrameClient_ZIP@zlib@media@modules@UModSys@@@tl@UModSys@@2USUniquePointer@core@3@A@@YAXXZ 0000000180036fc0 f    CIL library: CIL module
 0001:00035fd0       ??__FM@UModSys@@YAXXZ      0000000180036fd0 f    CIL library: CIL module
 0001:00035fe0       ??__F?root@SModuleRegChain@base@UModSys@@2U123@A@@YAXXZ 0000000180036fe0 f    CIL library: CIL module
 0001:00035ff0       ??__F?s_library@RModuleLibraryReg_Chain@base@UModSys@@2U123@A@@YAXXZ 0000000180036ff0 f    CIL library: CIL module
 0001:00036000       ??__F?root@SUniquePointer@core@UModSys@@2U123@A@@YAXXZ 0000000180037000 f    CIL library: CIL module

 Exports

  ordinal    name

        1    UModSys_Plugin_Entry2
