 plugin_test1

 Timestamp is 527cf7f3 (Fri Nov 08 17:40:51 2013)

 Preferred load address is 0000000180000000

 Start         Length     Name                   Class
 0001:00000000 00005e66H .text                   CODE
 0001:00005e70 0000005eH .text$00                CODE
 0001:00005ed0 0000055cH .text$x                 CODE
 0001:00006430 00000e12H .text$yc                CODE
 0001:00007250 0000045cH .text$yd                CODE
 0002:00000000 000002c0H .idata$5                DATA
 0002:000002c0 00000008H .CRT$XCA                DATA
 0002:000002c8 000006c8H .CRT$XCU                DATA
 0002:00000990 00000008H .CRT$XCZ                DATA
 0002:00000998 00000008H .CRT$XIA                DATA
 0002:000009a0 00000008H .CRT$XIAA               DATA
 0002:000009a8 00000008H .CRT$XIZ                DATA
 0002:000009b0 000019e8H .rdata                  DATA
 0002:00002398 00000d74H .rdata$r                DATA
 0002:00003110 00000008H .rtc$IAA                DATA
 0002:00003118 00000008H .rtc$IZZ                DATA
 0002:00003120 00000008H .rtc$TAA                DATA
 0002:00003128 00000008H .rtc$TZZ                DATA
 0002:00003130 00000d28H .xdata                  DATA
 0002:00003e58 00000064H .idata$2                DATA
 0002:00003ebc 00000014H .idata$3                DATA
 0002:00003ed0 000002c0H .idata$4                DATA
 0002:00004190 00000674H .idata$6                DATA
 0002:00004810 00000059H .edata                  DATA
 0003:00000000 00000710H .data                   DATA
 0003:00000710 00000bd0H .bss                    DATA
 0004:00000000 00000be8H .pdata                  DATA

  Address         Publics by Value              Rva+Base               Lib:Object

 0000:00000000       ___safe_se_handler_count   0000000000000000     <absolute>
 0000:00000000       ___safe_se_handler_table   0000000000000000     <absolute>
 0000:00000000       __ImageBase                0000000180000000     <linker-defined>
 0001:00000000       ?render_box@RRenderDriver2D_SDL_core@SDL_core@ui@modules@UModSys@@UEAAXPEAUIImage@lib2d@5@AEBU?$TVector2@H@math3d@5@1AEBU?$TVector2@M@95@2@Z 0000000180001000 f i umodsys_lib_libui:umodsys.mod.ui.SDL_core.obj
 0001:00000000       ?suicide@RGenerator@test1@test@modules@UModSys@@UEAAXXZ 0000000180001000 f i plugin_test1.obj
 0001:00000000       ?suicide@RGenerator@images_std@media@modules@UModSys@@UEAAXXZ 0000000180001000 f i umodsys_lib_libmedia:umodsys.mod.media.images_std.obj
 0001:00000000       ??3@YAXPEAX0@Z             0000000180001000 f i plugin_test1.obj
 0001:00000000       ?suicide@RGenerator@SDL_core@ui@modules@UModSys@@UEAAXXZ 0000000180001000 f i umodsys_lib_libui:umodsys.mod.ui.SDL_core.obj
 0001:00000010       ??1SMemShared@core@UModSys@@QEAA@XZ 0000000180001010 f i plugin_test1.obj
 0001:00000030       ??3IRoot@core@UModSys@@SAXPEAXAEBUSIMemAlloc@12@@Z 0000000180001030 f i plugin_test1.obj
 0001:00000040       ??1SParameters@core@UModSys@@QEAA@XZ 0000000180001040 f i plugin_test1.obj
 0001:00000040       ??1?$TParametersA@$0EAA@@core@UModSys@@QEAA@XZ 0000000180001040 f i plugin_test1.obj
 0001:00000060       ??_ERGenerator@SDL_core@ui@modules@UModSys@@UEAAPEAXI@Z 0000000180001060 f i  CIL library: CIL module
 0001:00000060       ??_GRGenerator@images_std@media@modules@UModSys@@UEAAPEAXI@Z 0000000180001060 f i umodsys_lib_libmedia:umodsys.mod.media.images_std.obj
 0001:00000060       ??_EIRefObject@core@UModSys@@UEAAPEAXI@Z 0000000180001060 f i  CIL library: CIL module
 0001:00000060       ??_GIRefObject@core@UModSys@@UEAAPEAXI@Z 0000000180001060 f i plugin_test1.obj
 0001:00000060       ??_GRGenerator@test1@test@modules@UModSys@@UEAAPEAXI@Z 0000000180001060 f i plugin_test1.obj
 0001:00000060       ??_ERGenerator@test1@test@modules@UModSys@@UEAAPEAXI@Z 0000000180001060 f i  CIL library: CIL module
 0001:00000060       ??_ERGenerator@images_std@media@modules@UModSys@@UEAAPEAXI@Z 0000000180001060 f i  CIL library: CIL module
 0001:00000060       ??_GRGenerator@SDL_core@ui@modules@UModSys@@UEAAPEAXI@Z 0000000180001060 f i umodsys_lib_libui:umodsys.mod.ui.SDL_core.obj
 0001:00000090       ??_EIRoot@core@UModSys@@UEAAPEAXI@Z 0000000180001090 f i  CIL library: CIL module
 0001:00000090       ??_GIRoot@core@UModSys@@UEAAPEAXI@Z 0000000180001090 f i plugin_test1.obj
 0001:000000c0       ?root_get_interface_info@RTest1_Shell@test1@test@modules@UModSys@@UEBAAEBUSUniquePointerInfo@core@5@XZ 00000001800010c0 f i plugin_test1.obj
 0001:000000d0       ?root_get_interface_type@RTest1_Shell@test1@test@modules@UModSys@@UEBAPEBUSUniquePointerInfo@core@5@XZ 00000001800010d0 f i plugin_test1.obj
 0001:000000e0       ?root_get_other_interface@RTest1_Shell@test1@test@modules@UModSys@@UEAAPEAUIRoot@core@5@PEBUSUniquePointerInfo@75@@Z 00000001800010e0 f i plugin_test1.obj
 0001:000000e0       ?root_get_other_interface@RTest1_Shell@test1@test@modules@UModSys@@UEBAPEBUIRoot@core@5@PEBUSUniquePointerInfo@75@@Z 00000001800010e0 f i plugin_test1.obj
 0001:00000110       ?root_is_interface_supported@RTest1_Shell@test1@test@modules@UModSys@@UEBA_NPEBUSUniquePointerInfo@core@5@@Z 0000000180001110 f i plugin_test1.obj
 0001:00000140       ?suicide@RTest1_Shell@test1@test@modules@UModSys@@UEAAXXZ 0000000180001140 f i plugin_test1.obj
 0001:00000140       ?suicide@RTerminal_SDL_core@SDL_core@ui@modules@UModSys@@UEAAXXZ 0000000180001140 f i umodsys_lib_libui:umodsys.mod.ui.SDL_core.obj
 0001:00000190       ??0RTest1_Shell@test1@test@modules@UModSys@@QEAA@PEAUIModObject@base@4@@Z 0000000180001190 f i plugin_test1.obj
 0001:000002a0       ??1RTest1_Shell@test1@test@modules@UModSys@@UEAA@XZ 00000001800012a0 f i plugin_test1.obj
 0001:00000320       ?connect@RTest1_Shell@test1@test@modules@UModSys@@UEAA_NXZ 0000000180001320 f i plugin_test1.obj
 0001:00000350       ?disconnect@RTest1_Shell@test1@test@modules@UModSys@@UEAA_NXZ 0000000180001350 f i plugin_test1.obj
 0001:00000380       ?process_tick@RTest1_Shell@test1@test@modules@UModSys@@UEAA_NAEBUSTimeMsec@core@5@@Z 0000000180001380 f i plugin_test1.obj
 0001:000003c0       ?process_command@RTest1_Shell@test1@test@modules@UModSys@@UEAA_NHQEBU?$TString@U?$TSCoreConst@D@su@tl@UModSys@@U?$TComparerBinaryHash@D@234@@tl@5@@Z 00000001800013c0 f i plugin_test1.obj
 0001:000003f0       ??_GRTest1_Shell@test1@test@modules@UModSys@@UEAAPEAXI@Z 00000001800013f0 f i plugin_test1.obj
 0001:000003f0       ??_ERTest1_Shell@test1@test@modules@UModSys@@UEAAPEAXI@Z 00000001800013f0 f i  CIL library: CIL module
 0001:00000420       ?get_generated_names@RGenerator@test1@test@modules@UModSys@@UEBAHAEAUSUniquePtrList@core@5@@Z 0000000180001420 f i plugin_test1.obj
 0001:00000440       ?get_generated_types@RGenerator@test1@test@modules@UModSys@@UEBAHAEAUSUniquePtrList@core@5@PEBUSUniquePointerInfo@75@@Z 0000000180001440 f i plugin_test1.obj
 0001:000004a0       ?generate@RGenerator@test1@test@modules@UModSys@@UEAA_NAEAU?$TRefObject@UIRefObject@core@UModSys@@U?$TRefObjectFunc@UIRefObject@core@UModSys@@@tl@3@@tl@5@PEBUSUniquePointerInfo@core@5@AEBUSParameters@95@@Z 00000001800014a0 f i plugin_test1.obj
 0001:00000540       ?root_get_interface_info@RGenerator@test1@test@modules@UModSys@@UEBAAEBUSUniquePointerInfo@core@5@XZ 0000000180001540 f i plugin_test1.obj
 0001:00000550       ?root_get_interface_type@RGenerator@test1@test@modules@UModSys@@UEBAPEBUSUniquePointerInfo@core@5@XZ 0000000180001550 f i plugin_test1.obj
 0001:00000560       ?root_get_other_interface@RGenerator@test1@test@modules@UModSys@@UEAAPEAUIRoot@core@5@PEBUSUniquePointerInfo@75@@Z 0000000180001560 f i plugin_test1.obj
 0001:00000560       ?root_get_other_interface@RGenerator@test1@test@modules@UModSys@@UEBAPEBUIRoot@core@5@PEBUSUniquePointerInfo@75@@Z 0000000180001560 f i plugin_test1.obj
 0001:000005a0       ?root_is_interface_supported@RGenerator@test1@test@modules@UModSys@@UEBA_NPEBUSUniquePointerInfo@core@5@@Z 00000001800015a0 f i plugin_test1.obj
 0001:000005e0       ?get_uid@RGenerator@test1@test@modules@UModSys@@UEBAPEBUSUniquePointerInfo@core@5@XZ 00000001800015e0 f i plugin_test1.obj
 0001:000005f0       ?do_open@RModuleReg@test1@test@modules@UModSys@@UEAA_NXZ 00000001800015f0 f i plugin_test1.obj
 0001:00000620       ?do_close@RModuleReg@test1@test@modules@UModSys@@UEAA_NXZ 0000000180001620 f i plugin_test1.obj
 0001:00000650       ??_ERModuleReg@test1@test@modules@UModSys@@UEAAPEAXI@Z 0000000180001650 f i  CIL library: CIL module
 0001:00000650       ??_GRModuleReg@test1@test@modules@UModSys@@UEAAPEAXI@Z 0000000180001650 f i plugin_test1.obj
 0001:00000680       ??1?$TRefObject@URMultiImage2D_SDL_ttf@SDL_core@ui@modules@UModSys@@U?$TRefObjectFunc@URMultiImage2D_SDL_ttf@SDL_core@ui@modules@UModSys@@@tl@5@@tl@UModSys@@QEAA@XZ 0000000180001680 f i umodsys_lib_libui:umodsys.mod.ui.SDL_core.obj
 0001:00000680       ??1?$TRefObject@URMediaFilter@images_std@media@modules@UModSys@@U?$TRefObjectFunc@URMediaFilter@images_std@media@modules@UModSys@@@tl@5@@tl@UModSys@@QEAA@XZ 0000000180001680 f i umodsys_lib_libmedia:umodsys.mod.media.images_std.obj
 0001:00000680       ??1?$TRefObject@UIRefObject@core@UModSys@@U?$TRefObjectFunc@UIRefObject@core@UModSys@@@tl@3@@tl@UModSys@@QEAA@XZ 0000000180001680 f i plugin_test1.obj
 0001:00000680       ??1?$TRefObject@UITerminal@libui@UModSys@@U?$TRefObjectFunc@UITerminal@libui@UModSys@@@tl@3@@tl@UModSys@@QEAA@XZ 0000000180001680 f i plugin_test1.obj
 0001:00000680       ??1?$TRefObject@UIMultiImage@lib2d@UModSys@@U?$TRefObjectFunc@UIMultiImage@lib2d@UModSys@@@tl@3@@tl@UModSys@@QEAA@XZ 0000000180001680 f i plugin_test1.obj
 0001:00000680       ??1?$TRefObject@URTerminal_SDL_core@SDL_core@ui@modules@UModSys@@U?$TRefObjectFunc@URTerminal_SDL_core@SDL_core@ui@modules@UModSys@@@tl@5@@tl@UModSys@@QEAA@XZ 0000000180001680 f i umodsys_lib_libui:umodsys.mod.ui.SDL_core.obj
 0001:00000680       ??1?$TRefObject@URRenderDriver2D_SDL_core@SDL_core@ui@modules@UModSys@@U?$TRefObjectFunc@URRenderDriver2D_SDL_core@SDL_core@ui@modules@UModSys@@@tl@5@@tl@UModSys@@QEAA@XZ 0000000180001680 f i umodsys_lib_libui:umodsys.mod.ui.SDL_core.obj
 0001:00000680       ??1?$TRefObject@UIRenderDriver@lib2d@UModSys@@U?$TRefObjectFunc@UIRenderDriver@lib2d@UModSys@@@tl@3@@tl@UModSys@@QEAA@XZ 0000000180001680 f i plugin_test1.obj
 0001:000006b0       ??$t_generate@UITerminal@libui@UModSys@@@SModuleContext@base@UModSys@@QEAA_NAEAU?$TRefObject@UITerminal@libui@UModSys@@U?$TRefObjectFunc@UITerminal@libui@UModSys@@@tl@3@@tl@2@PEBUSUniquePointerInfo@core@2@AEBUSParameters@62@@Z 00000001800016b0 f i plugin_test1.obj
 0001:00000770       ??$t_generate@UIMultiImage@lib2d@UModSys@@@SModuleContext@base@UModSys@@QEAA_NAEAU?$TRefObject@UIMultiImage@lib2d@UModSys@@U?$TRefObjectFunc@UIMultiImage@lib2d@UModSys@@@tl@3@@tl@2@PEBUSUniquePointerInfo@core@2@AEBUSParameters@62@@Z 0000000180001770 f i plugin_test1.obj
 0001:00000830       ??$shash@D@su@tl@UModSys@@YAHPEBD_K@Z 0000000180001830 f i plugin_test1.obj
 0001:00000860       ??1?$TRefObject@UIModObject@base@UModSys@@U?$TModObjectFunc@UIModObject@base@UModSys@@@tl@3@@tl@UModSys@@QEAA@XZ 0000000180001860 f i plugin_test1.obj
 0001:00000890       ?root_get_interface_info@RMultiImage2D_SDL_ttf@SDL_core@ui@modules@UModSys@@UEBAAEBUSUniquePointerInfo@core@5@XZ 0000000180001890 f i umodsys_lib_libui:umodsys.mod.ui.SDL_core.obj
 0001:000008a0       ?root_get_interface_type@RMultiImage2D_SDL_ttf@SDL_core@ui@modules@UModSys@@UEBAPEBUSUniquePointerInfo@core@5@XZ 00000001800018a0 f i umodsys_lib_libui:umodsys.mod.ui.SDL_core.obj
 0001:000008b0       ?root_get_other_interface@RMultiImage2D_SDL_ttf@SDL_core@ui@modules@UModSys@@UEBAPEBUIRoot@core@5@PEBUSUniquePointerInfo@75@@Z 00000001800018b0 f i umodsys_lib_libui:umodsys.mod.ui.SDL_core.obj
 0001:000008b0       ?root_get_other_interface@RMultiImage2D_SDL_ttf@SDL_core@ui@modules@UModSys@@UEAAPEAUIRoot@core@5@PEBUSUniquePointerInfo@75@@Z 00000001800018b0 f i umodsys_lib_libui:umodsys.mod.ui.SDL_core.obj
 0001:000008e0       ?root_is_interface_supported@RMultiImage2D_SDL_ttf@SDL_core@ui@modules@UModSys@@UEBA_NPEBUSUniquePointerInfo@core@5@@Z 00000001800018e0 f i umodsys_lib_libui:umodsys.mod.ui.SDL_core.obj
 0001:00000910       ??0RMultiImage2D_SDL_ttf@SDL_core@ui@modules@UModSys@@QEAA@PEAURRenderDriver2D_SDL_core@1234@AEBUSParameters@core@4@@Z 0000000180001910 f i umodsys_lib_libui:umodsys.mod.ui.SDL_core.obj
 0001:000009b0       ?open@RMultiImage2D_SDL_ttf@SDL_core@ui@modules@UModSys@@QEAA_NAEBUSParameters@core@5@@Z 00000001800019b0 f i umodsys_lib_libui:umodsys.mod.ui.SDL_core.obj
 0001:00000ab0       ?generate_glyphs@RMultiImage2D_SDL_ttf@SDL_core@ui@modules@UModSys@@QEAA_NXZ 0000000180001ab0 f i umodsys_lib_libui:umodsys.mod.ui.SDL_core.obj
 0001:00000c10       ?get_max_values@RRenderDriver2D_SDL_core@SDL_core@ui@modules@UModSys@@UEBAPEBUSParameters@core@5@XZ 0000000180001c10 f i umodsys_lib_libui:umodsys.mod.ui.SDL_core.obj
 0001:00000c10       ?get_layer@RMultiImage2D_SDL_ttf@SDL_core@ui@modules@UModSys@@UEAAPEAUIImage@lib2d@5@H@Z 0000000180001c10 f i umodsys_lib_libui:umodsys.mod.ui.SDL_core.obj
 0001:00000c10       ?get_frame_values@RRenderDriver2D_SDL_core@SDL_core@ui@modules@UModSys@@UEBAPEBUSParameters@core@5@XZ 0000000180001c10 f i umodsys_lib_libui:umodsys.mod.ui.SDL_core.obj
 0001:00000c10       ?get_handler@RTerminal_SDL_core@SDL_core@ui@modules@UModSys@@UEBAPEAUIRefObject@core@5@PEBUSUniquePointerInfo@75@PEBD@Z 0000000180001c10 f i umodsys_lib_libui:umodsys.mod.ui.SDL_core.obj
 0001:00000c10       ?get_controller@RRenderDriver2D_SDL_core@SDL_core@ui@modules@UModSys@@UEBAPEAUIRefObject@core@5@PEBUSUniquePointerInfo@75@@Z 0000000180001c10 f i umodsys_lib_libui:umodsys.mod.ui.SDL_core.obj
 0001:00000c10       ?get_friend_handler@RTerminal_SDL_core@SDL_core@ui@modules@UModSys@@UEBAPEAUIRefObject@core@5@PEBUSUniquePointerInfo@75@PEAU675@@Z 0000000180001c10 f i umodsys_lib_libui:umodsys.mod.ui.SDL_core.obj
 0001:00000c20       ?set_fixed_cell@RMultiImage2D_SDL_ttf@SDL_core@ui@modules@UModSys@@UEAA_NHH@Z 0000000180001c20 f i umodsys_lib_libui:umodsys.mod.ui.SDL_core.obj
 0001:00000c20       ?get_max_cell_size@RMultiImage2D_SDL_ttf@SDL_core@ui@modules@UModSys@@UEAA_NAEAU?$TVector2@H@math3d@5@@Z 0000000180001c20 f i umodsys_lib_libui:umodsys.mod.ui.SDL_core.obj
 0001:00000c20       ?set_parameters@RRenderDriver2D_SDL_core@SDL_core@ui@modules@UModSys@@UEAA_NPEBDAEBUSParameters@core@5@@Z 0000000180001c20 f i umodsys_lib_libui:umodsys.mod.ui.SDL_core.obj
 0001:00000c20       ?set_hint@RMultiImage2D_SDL_ttf@SDL_core@ui@modules@UModSys@@UEAA_NPEBD0@Z 0000000180001c20 f i umodsys_lib_libui:umodsys.mod.ui.SDL_core.obj
 0001:00000c20       ?get_cell_size@RMultiImage2D_SDL_ttf@SDL_core@ui@modules@UModSys@@UEAA_NHAEAU?$TVector2@H@math3d@5@PEAU675@@Z 0000000180001c20 f i umodsys_lib_libui:umodsys.mod.ui.SDL_core.obj
 0001:00000c20       ?set_layer_count@RMultiImage2D_SDL_ttf@SDL_core@ui@modules@UModSys@@UEAA_NH@Z 0000000180001c20 f i umodsys_lib_libui:umodsys.mod.ui.SDL_core.obj
 0001:00000c20       ?set_var_cell@RMultiImage2D_SDL_ttf@SDL_core@ui@modules@UModSys@@UEAA_NPEBUSImageCellInfo@lib2d@5@HH@Z 0000000180001c20 f i umodsys_lib_libui:umodsys.mod.ui.SDL_core.obj
 0001:00000c30       ??_ERMultiImage2D_SDL_ttf@SDL_core@ui@modules@UModSys@@UEAAPEAXI@Z 0000000180001c30 f i  CIL library: CIL module
 0001:00000c30       ??_GRMultiImage2D_SDL_ttf@SDL_core@ui@modules@UModSys@@UEAAPEAXI@Z 0000000180001c30 f i umodsys_lib_libui:umodsys.mod.ui.SDL_core.obj
 0001:00000cb0       ?root_get_interface_info@RRenderDriver2D_SDL_core@SDL_core@ui@modules@UModSys@@UEBAAEBUSUniquePointerInfo@core@5@XZ 0000000180001cb0 f i umodsys_lib_libui:umodsys.mod.ui.SDL_core.obj
 0001:00000cc0       ?root_get_interface_type@RRenderDriver2D_SDL_core@SDL_core@ui@modules@UModSys@@UEBAPEBUSUniquePointerInfo@core@5@XZ 0000000180001cc0 f i umodsys_lib_libui:umodsys.mod.ui.SDL_core.obj
 0001:00000cd0       ?root_get_interface_types@RRenderDriver2D_SDL_core@SDL_core@ui@modules@UModSys@@UEBA_KAEAUSUniquePtrList@core@5@@Z 0000000180001cd0 f i umodsys_lib_libui:umodsys.mod.ui.SDL_core.obj
 0001:00000cd0       ?root_get_interface_types@RGenerator@test1@test@modules@UModSys@@UEBA_KAEAUSUniquePtrList@core@5@@Z 0000000180001cd0 f i plugin_test1.obj
 0001:00000cd0       ?root_get_interface_types@RMultiImage2D_SDL_ttf@SDL_core@ui@modules@UModSys@@UEBA_KAEAUSUniquePtrList@core@5@@Z 0000000180001cd0 f i umodsys_lib_libui:umodsys.mod.ui.SDL_core.obj
 0001:00000cd0       ?root_get_interface_types@RGenerator@SDL_core@ui@modules@UModSys@@UEBA_KAEAUSUniquePtrList@core@5@@Z 0000000180001cd0 f i umodsys_lib_libui:umodsys.mod.ui.SDL_core.obj
 0001:00000cd0       ?root_get_interface_types@RTerminal_SDL_core@SDL_core@ui@modules@UModSys@@UEBA_KAEAUSUniquePtrList@core@5@@Z 0000000180001cd0 f i umodsys_lib_libui:umodsys.mod.ui.SDL_core.obj
 0001:00000cd0       ?root_get_interface_types@RMediaFilter@images_std@media@modules@UModSys@@UEBA_KAEAUSUniquePtrList@core@5@@Z 0000000180001cd0 f i umodsys_lib_libmedia:umodsys.mod.media.images_std.obj
 0001:00000cd0       ?root_get_interface_types@RGenerator@images_std@media@modules@UModSys@@UEBA_KAEAUSUniquePtrList@core@5@@Z 0000000180001cd0 f i umodsys_lib_libmedia:umodsys.mod.media.images_std.obj
 0001:00000cd0       ?root_get_interface_types@RTest1_Shell@test1@test@modules@UModSys@@UEBA_KAEAUSUniquePtrList@core@5@@Z 0000000180001cd0 f i plugin_test1.obj
 0001:00000ce0       ?root_get_other_interface@RRenderDriver2D_SDL_core@SDL_core@ui@modules@UModSys@@UEBAPEBUIRoot@core@5@PEBUSUniquePointerInfo@75@@Z 0000000180001ce0 f i umodsys_lib_libui:umodsys.mod.ui.SDL_core.obj
 0001:00000ce0       ?root_get_other_interface@RRenderDriver2D_SDL_core@SDL_core@ui@modules@UModSys@@UEAAPEAUIRoot@core@5@PEBUSUniquePointerInfo@75@@Z 0000000180001ce0 f i umodsys_lib_libui:umodsys.mod.ui.SDL_core.obj
 0001:00000d10       ?root_is_interface_supported@RRenderDriver2D_SDL_core@SDL_core@ui@modules@UModSys@@UEBA_NPEBUSUniquePointerInfo@core@5@@Z 0000000180001d10 f i umodsys_lib_libui:umodsys.mod.ui.SDL_core.obj
 0001:00000d40       ?ref_remove@RRenderDriver2D_SDL_core@SDL_core@ui@modules@UModSys@@UEBAXXZ 0000000180001d40 f i umodsys_lib_libui:umodsys.mod.ui.SDL_core.obj
 0001:00000d40       ?ref_remove@RMultiImage2D_SDL_ttf@SDL_core@ui@modules@UModSys@@UEBAXXZ 0000000180001d40 f i umodsys_lib_libui:umodsys.mod.ui.SDL_core.obj
 0001:00000d40       ?ref_remove@RTerminal_SDL_core@SDL_core@ui@modules@UModSys@@UEBAXXZ 0000000180001d40 f i umodsys_lib_libui:umodsys.mod.ui.SDL_core.obj
 0001:00000d40       ?ref_remove@RGenerator@SDL_core@ui@modules@UModSys@@UEBAXXZ 0000000180001d40 f i umodsys_lib_libui:umodsys.mod.ui.SDL_core.obj
 0001:00000d40       ?ref_remove@RGenerator@test1@test@modules@UModSys@@UEBAXXZ 0000000180001d40 f i plugin_test1.obj
 0001:00000d40       ?ref_remove@RGenerator@images_std@media@modules@UModSys@@UEBAXXZ 0000000180001d40 f i umodsys_lib_libmedia:umodsys.mod.media.images_std.obj
 0001:00000d40       ?ref_remove@RTest1_Shell@test1@test@modules@UModSys@@UEBAXXZ 0000000180001d40 f i plugin_test1.obj
 0001:00000d60       ?ref_weak@RRenderDriver2D_SDL_core@SDL_core@ui@modules@UModSys@@UEBA_NAEAUWeakPointer@IRefObject@core@5@@Z 0000000180001d60 f i umodsys_lib_libui:umodsys.mod.ui.SDL_core.obj
 0001:00000d60       ?ref_weak@RMultiImage2D_SDL_ttf@SDL_core@ui@modules@UModSys@@UEBA_NAEAUWeakPointer@IRefObject@core@5@@Z 0000000180001d60 f i umodsys_lib_libui:umodsys.mod.ui.SDL_core.obj
 0001:00000d60       ?ref_weak@RTerminal_SDL_core@SDL_core@ui@modules@UModSys@@UEBA_NAEAUWeakPointer@IRefObject@core@5@@Z 0000000180001d60 f i umodsys_lib_libui:umodsys.mod.ui.SDL_core.obj
 0001:00000d60       ?ref_weak@RGenerator@SDL_core@ui@modules@UModSys@@UEBA_NAEAUWeakPointer@IRefObject@core@5@@Z 0000000180001d60 f i umodsys_lib_libui:umodsys.mod.ui.SDL_core.obj
 0001:00000d60       ?ref_weak@RTest1_Shell@test1@test@modules@UModSys@@UEBA_NAEAUWeakPointer@IRefObject@core@5@@Z 0000000180001d60 f i plugin_test1.obj
 0001:00000d60       ?ref_weak@RGenerator@test1@test@modules@UModSys@@UEBA_NAEAUWeakPointer@IRefObject@core@5@@Z 0000000180001d60 f i plugin_test1.obj
 0001:00000d60       ?ref_weak@RGenerator@images_std@media@modules@UModSys@@UEBA_NAEAUWeakPointer@IRefObject@core@5@@Z 0000000180001d60 f i umodsys_lib_libmedia:umodsys.mod.media.images_std.obj
 0001:00000d80       ?suicide@RMultiImage2D_SDL_ttf@SDL_core@ui@modules@UModSys@@UEAAXXZ 0000000180001d80 f i umodsys_lib_libui:umodsys.mod.ui.SDL_core.obj
 0001:00000d80       ?suicide@RRenderDriver2D_SDL_core@SDL_core@ui@modules@UModSys@@UEAAXXZ 0000000180001d80 f i umodsys_lib_libui:umodsys.mod.ui.SDL_core.obj
 0001:00000dd0       ??0RRenderDriver2D_SDL_core@SDL_core@ui@modules@UModSys@@QEAA@PEAURTerminal_SDL_core@1234@AEBUSParameters@core@4@@Z 0000000180001dd0 f i umodsys_lib_libui:umodsys.mod.ui.SDL_core.obj
 0001:00000e80       ?open@RRenderDriver2D_SDL_core@SDL_core@ui@modules@UModSys@@QEAA_NAEBUSParameters@core@5@@Z 0000000180001e80 f i umodsys_lib_libui:umodsys.mod.ui.SDL_core.obj
 0001:00001020       ?set_color@RRenderDriver2D_SDL_core@SDL_core@ui@modules@UModSys@@QEAAXXZ 0000000180002020 f i umodsys_lib_libui:umodsys.mod.ui.SDL_core.obj
 0001:000010a0       ?begin@RRenderDriver2D_SDL_core@SDL_core@ui@modules@UModSys@@UEAAXXZ 00000001800020a0 f i umodsys_lib_libui:umodsys.mod.ui.SDL_core.obj
 0001:00001110       ?end@RRenderDriver2D_SDL_core@SDL_core@ui@modules@UModSys@@UEAAXXZ 0000000180002110 f i umodsys_lib_libui:umodsys.mod.ui.SDL_core.obj
 0001:00001130       ?setup_font@RRenderDriver2D_SDL_core@SDL_core@ui@modules@UModSys@@UEAA_NPEAUIMultiImage@lib2d@5@PEBU?$TVector2@M@math3d@5@@Z 0000000180002130 f i umodsys_lib_libui:umodsys.mod.ui.SDL_core.obj
 0001:000011d0       ?setup_color@RRenderDriver2D_SDL_core@SDL_core@ui@modules@UModSys@@UEAAXAEBU?$TVector3@M@math3d@5@@Z 00000001800021d0 f i umodsys_lib_libui:umodsys.mod.ui.SDL_core.obj
 0001:00001200       ?setup_color@RRenderDriver2D_SDL_core@SDL_core@ui@modules@UModSys@@UEAAXAEBU?$TVector3@H@math3d@5@@Z 0000000180002200 f i umodsys_lib_libui:umodsys.mod.ui.SDL_core.obj
 0001:00001250       ?setup_coloralpha@RRenderDriver2D_SDL_core@SDL_core@ui@modules@UModSys@@UEAAXAEBU?$TVector4@M@math3d@5@H@Z 0000000180002250 f i umodsys_lib_libui:umodsys.mod.ui.SDL_core.obj
 0001:00001280       ?setup_coloralpha@RRenderDriver2D_SDL_core@SDL_core@ui@modules@UModSys@@UEAAXAEBU?$TVector4@H@math3d@5@H@Z 0000000180002280 f i umodsys_lib_libui:umodsys.mod.ui.SDL_core.obj
 0001:000012f0       ?setup_blendcolor@RRenderDriver2D_SDL_core@SDL_core@ui@modules@UModSys@@UEAAXAEBUSBlendColor@lib2d@5@@Z 00000001800022f0 f i umodsys_lib_libui:umodsys.mod.ui.SDL_core.obj
 0001:00001360       ?setup_blendcolor@RRenderDriver2D_SDL_core@SDL_core@ui@modules@UModSys@@UEAAXAEBUSBlendColorf@lib2d@5@@Z 0000000180002360 f i umodsys_lib_libui:umodsys.mod.ui.SDL_core.obj
 0001:000013c0       ?setup_alpha@RRenderDriver2D_SDL_core@SDL_core@ui@modules@UModSys@@UEAAXHH@Z 00000001800023c0 f i umodsys_lib_libui:umodsys.mod.ui.SDL_core.obj
 0001:000013f0       ?setup_alpha@RRenderDriver2D_SDL_core@SDL_core@ui@modules@UModSys@@UEAAXMH@Z 00000001800023f0 f i umodsys_lib_libui:umodsys.mod.ui.SDL_core.obj
 0001:00001410       ?render_text_advanced@RRenderDriver2D_SDL_core@SDL_core@ui@modules@UModSys@@UEAA_NAEAUTextInfo@IRenderDriver@lib2d@5@PEBHH@Z 0000000180002410 f i umodsys_lib_libui:umodsys.mod.ui.SDL_core.obj
 0001:000015d0       ?render_box@RRenderDriver2D_SDL_core@SDL_core@ui@modules@UModSys@@UEAAXAEBU?$TVector2@H@math3d@5@0@Z 00000001800025d0 f i umodsys_lib_libui:umodsys.mod.ui.SDL_core.obj
 0001:00001620       ?render_tri@RRenderDriver2D_SDL_core@SDL_core@ui@modules@UModSys@@UEAAXAEBU?$TVector2@H@math3d@5@00@Z 0000000180002620 f i umodsys_lib_libui:umodsys.mod.ui.SDL_core.obj
 0001:000016a0       ?render_quad@RRenderDriver2D_SDL_core@SDL_core@ui@modules@UModSys@@UEAAXAEBU?$TVector2@H@math3d@5@000@Z 00000001800026a0 f i umodsys_lib_libui:umodsys.mod.ui.SDL_core.obj
 0001:00001750       ?render_line@RRenderDriver2D_SDL_core@SDL_core@ui@modules@UModSys@@UEAAXAEBU?$TVector2@H@math3d@5@0@Z 0000000180002750 f i umodsys_lib_libui:umodsys.mod.ui.SDL_core.obj
 0001:00001780       ?render_rect@RRenderDriver2D_SDL_core@SDL_core@ui@modules@UModSys@@UEAAXAEBU?$TVector2@H@math3d@5@0@Z 0000000180002780 f i umodsys_lib_libui:umodsys.mod.ui.SDL_core.obj
 0001:000017d0       ??_GRRenderDriver2D_SDL_core@SDL_core@ui@modules@UModSys@@UEAAPEAXI@Z 00000001800027d0 f i umodsys_lib_libui:umodsys.mod.ui.SDL_core.obj
 0001:000017d0       ??_ERRenderDriver2D_SDL_core@SDL_core@ui@modules@UModSys@@UEAAPEAXI@Z 00000001800027d0 f i  CIL library: CIL module
 0001:00001860       ?root_get_interface_info@RTerminal_SDL_core@SDL_core@ui@modules@UModSys@@UEBAAEBUSUniquePointerInfo@core@5@XZ 0000000180002860 f i umodsys_lib_libui:umodsys.mod.ui.SDL_core.obj
 0001:00001870       ?root_get_interface_type@RTerminal_SDL_core@SDL_core@ui@modules@UModSys@@UEBAPEBUSUniquePointerInfo@core@5@XZ 0000000180002870 f i umodsys_lib_libui:umodsys.mod.ui.SDL_core.obj
 0001:00001880       ?root_get_other_interface@RTerminal_SDL_core@SDL_core@ui@modules@UModSys@@UEAAPEAUIRoot@core@5@PEBUSUniquePointerInfo@75@@Z 0000000180002880 f i umodsys_lib_libui:umodsys.mod.ui.SDL_core.obj
 0001:00001880       ?root_get_other_interface@RTerminal_SDL_core@SDL_core@ui@modules@UModSys@@UEBAPEBUIRoot@core@5@PEBUSUniquePointerInfo@75@@Z 0000000180002880 f i umodsys_lib_libui:umodsys.mod.ui.SDL_core.obj
 0001:000018b0       ?root_is_interface_supported@RTerminal_SDL_core@SDL_core@ui@modules@UModSys@@UEBA_NPEBUSUniquePointerInfo@core@5@@Z 00000001800028b0 f i umodsys_lib_libui:umodsys.mod.ui.SDL_core.obj
 0001:000018e0       ??0RTerminal_SDL_core@SDL_core@ui@modules@UModSys@@QEAA@PEAUIModObject@base@4@AEBUSParameters@core@4@@Z 00000001800028e0 f i umodsys_lib_libui:umodsys.mod.ui.SDL_core.obj
 0001:00001970       ?poll_events@RTerminal_SDL_core@SDL_core@ui@modules@UModSys@@UEAA_NH@Z 0000000180002970 f i umodsys_lib_libui:umodsys.mod.ui.SDL_core.obj
 0001:00001a20       ?get_terminal_state@RTerminal_SDL_core@SDL_core@ui@modules@UModSys@@UEAA_NW4eTerminalState@libui@5@@Z 0000000180002a20 f i umodsys_lib_libui:umodsys.mod.ui.SDL_core.obj
 0001:00001a30       ?set_terminal_state@RTerminal_SDL_core@SDL_core@ui@modules@UModSys@@UEAA_NW4eTerminalState@libui@5@_N@Z 0000000180002a30 f i umodsys_lib_libui:umodsys.mod.ui.SDL_core.obj
 0001:00001aa0       ?get_clock@RTerminal_SDL_core@SDL_core@ui@modules@UModSys@@UEAANXZ 0000000180002aa0 f i umodsys_lib_libui:umodsys.mod.ui.SDL_core.obj
 0001:00001ac0       ?wait@RTerminal_SDL_core@SDL_core@ui@modules@UModSys@@UEAA_NM@Z 0000000180002ac0 f i umodsys_lib_libui:umodsys.mod.ui.SDL_core.obj
 0001:00001ae0       ?get_count@RTerminal_SDL_core@SDL_core@ui@modules@UModSys@@UEBA_KPEBUSUniquePointerInfo@core@5@@Z 0000000180002ae0 f i umodsys_lib_libui:umodsys.mod.ui.SDL_core.obj
 0001:00001b00       ?get_handler@RTerminal_SDL_core@SDL_core@ui@modules@UModSys@@UEBAPEAUIRefObject@core@5@PEBUSUniquePointerInfo@75@_K@Z 0000000180002b00 f i umodsys_lib_libui:umodsys.mod.ui.SDL_core.obj
 0001:00001b20       ?create_handler@RTerminal_SDL_core@SDL_core@ui@modules@UModSys@@UEAA_NPEBUSUniquePointerInfo@core@5@AEAU?$TRefObject@UIRefObject@core@UModSys@@U?$TRefObjectFunc@UIRefObject@core@UModSys@@@tl@3@@tl@5@PEBDPEBUSParameters@75@@Z 0000000180002b20 f i umodsys_lib_libui:umodsys.mod.ui.SDL_core.obj
 0001:00001c00       ??_ERTerminal_SDL_core@SDL_core@ui@modules@UModSys@@UEAAPEAXI@Z 0000000180002c00 f i  CIL library: CIL module
 0001:00001c00       ??_GRTerminal_SDL_core@SDL_core@ui@modules@UModSys@@UEAAPEAXI@Z 0000000180002c00 f i umodsys_lib_libui:umodsys.mod.ui.SDL_core.obj
 0001:00001c80       ??1IMultiImage@lib2d@UModSys@@UEAA@XZ 0000000180002c80 f i umodsys_lib_libui:umodsys.mod.ui.SDL_core.obj
 0001:00001c80       ??1IBinObjFilter@libmedia@UModSys@@UEAA@XZ 0000000180002c80 f i plugin_test1.obj
 0001:00001c80       ??1IRenderDriver@lib2d@UModSys@@UEAA@XZ 0000000180002c80 f i umodsys_lib_libui:umodsys.mod.ui.SDL_core.obj
 0001:00001c80       ??1IShell@base@UModSys@@UEAA@XZ 0000000180002c80 f i plugin_test1.obj
 0001:00001c80       ??1ITerminal@libui@UModSys@@UEAA@XZ 0000000180002c80 f i umodsys_lib_libui:umodsys.mod.ui.SDL_core.obj
 0001:00001c90       ?get_generated_names@RGenerator@SDL_core@ui@modules@UModSys@@UEBAHAEAUSUniquePtrList@core@5@@Z 0000000180002c90 f i umodsys_lib_libui:umodsys.mod.ui.SDL_core.obj
 0001:00001cb0       ?get_generated_types@RGenerator@SDL_core@ui@modules@UModSys@@UEBAHAEAUSUniquePtrList@core@5@PEBUSUniquePointerInfo@75@@Z 0000000180002cb0 f i umodsys_lib_libui:umodsys.mod.ui.SDL_core.obj
 0001:00001d10       ?generate@RGenerator@SDL_core@ui@modules@UModSys@@UEAA_NAEAU?$TRefObject@UIRefObject@core@UModSys@@U?$TRefObjectFunc@UIRefObject@core@UModSys@@@tl@3@@tl@5@PEBUSUniquePointerInfo@core@5@AEBUSParameters@95@@Z 0000000180002d10 f i umodsys_lib_libui:umodsys.mod.ui.SDL_core.obj
 0001:00001d90       ?root_get_interface_info@RGenerator@SDL_core@ui@modules@UModSys@@UEBAAEBUSUniquePointerInfo@core@5@XZ 0000000180002d90 f i umodsys_lib_libui:umodsys.mod.ui.SDL_core.obj
 0001:00001da0       ?root_get_interface_type@RGenerator@SDL_core@ui@modules@UModSys@@UEBAPEBUSUniquePointerInfo@core@5@XZ 0000000180002da0 f i umodsys_lib_libui:umodsys.mod.ui.SDL_core.obj
 0001:00001db0       ?root_get_other_interface@RGenerator@SDL_core@ui@modules@UModSys@@UEAAPEAUIRoot@core@5@PEBUSUniquePointerInfo@75@@Z 0000000180002db0 f i umodsys_lib_libui:umodsys.mod.ui.SDL_core.obj
 0001:00001db0       ?root_get_other_interface@RGenerator@SDL_core@ui@modules@UModSys@@UEBAPEBUIRoot@core@5@PEBUSUniquePointerInfo@75@@Z 0000000180002db0 f i umodsys_lib_libui:umodsys.mod.ui.SDL_core.obj
 0001:00001df0       ?root_is_interface_supported@RGenerator@SDL_core@ui@modules@UModSys@@UEBA_NPEBUSUniquePointerInfo@core@5@@Z 0000000180002df0 f i umodsys_lib_libui:umodsys.mod.ui.SDL_core.obj
 0001:00001e30       ?ref_add@RGenerator@SDL_core@ui@modules@UModSys@@UEBAXXZ 0000000180002e30 f i umodsys_lib_libui:umodsys.mod.ui.SDL_core.obj
 0001:00001e30       ?ref_add@RGenerator@images_std@media@modules@UModSys@@UEBAXXZ 0000000180002e30 f i umodsys_lib_libmedia:umodsys.mod.media.images_std.obj
 0001:00001e30       ?ref_add@RTest1_Shell@test1@test@modules@UModSys@@UEBAXXZ 0000000180002e30 f i plugin_test1.obj
 0001:00001e30       ?ref_add@RTerminal_SDL_core@SDL_core@ui@modules@UModSys@@UEBAXXZ 0000000180002e30 f i umodsys_lib_libui:umodsys.mod.ui.SDL_core.obj
 0001:00001e30       ?ref_add@RMultiImage2D_SDL_ttf@SDL_core@ui@modules@UModSys@@UEBAXXZ 0000000180002e30 f i umodsys_lib_libui:umodsys.mod.ui.SDL_core.obj
 0001:00001e30       ?ref_add@RGenerator@test1@test@modules@UModSys@@UEBAXXZ 0000000180002e30 f i plugin_test1.obj
 0001:00001e30       ?ref_add@RRenderDriver2D_SDL_core@SDL_core@ui@modules@UModSys@@UEBAXXZ 0000000180002e30 f i umodsys_lib_libui:umodsys.mod.ui.SDL_core.obj
 0001:00001e40       ?get_uid@RGenerator@SDL_core@ui@modules@UModSys@@UEBAPEBUSUniquePointerInfo@core@5@XZ 0000000180002e40 f i umodsys_lib_libui:umodsys.mod.ui.SDL_core.obj
 0001:00001e50       ?do_open@RModuleReg@SDL_core@ui@modules@UModSys@@UEAA_NXZ 0000000180002e50 f i umodsys_lib_libui:umodsys.mod.ui.SDL_core.obj
 0001:00001e60       ?do_close@RModuleReg@SDL_core@ui@modules@UModSys@@UEAA_NXZ 0000000180002e60 f i umodsys_lib_libui:umodsys.mod.ui.SDL_core.obj
 0001:00001e70       ??_GRModuleReg@SDL_core@ui@modules@UModSys@@UEAAPEAXI@Z 0000000180002e70 f i umodsys_lib_libui:umodsys.mod.ui.SDL_core.obj
 0001:00001e70       ??_ERModuleReg@SDL_core@ui@modules@UModSys@@UEAAPEAXI@Z 0000000180002e70 f i  CIL library: CIL module
 0001:00001ea0       ??1?$TScatterArray@UGlyph@RMultiImage2D_SDL_ttf@SDL_core@ui@modules@UModSys@@HU?$TScalarCompare@H@core@6@U?$TNodeDeleter0@U?$TScatterArrayNode@UGlyph@RMultiImage2D_SDL_ttf@SDL_core@ui@modules@UModSys@@H@tl@UModSys@@@tl@6@@tl@UModSys@@QEAA@XZ 0000000180002ea0 f i umodsys_lib_libui:umodsys.mod.ui.SDL_core.obj
 0001:00001ed0       ??$t_close@U?$TRefObject@URRenderDriver2D_SDL_core@SDL_core@ui@modules@UModSys@@U?$TRefObjectWeakFunc@URRenderDriver2D_SDL_core@SDL_core@ui@modules@UModSys@@@tl@5@@tl@UModSys@@@SDL_core@ui@modules@UModSys@@YA_NAEAU?$TScatterArray@U?$TRefObject@URRenderDriver2D_SDL_core@SDL_core@ui@modules@UModSys@@U?$TRefObjectWeakFunc@URRenderDriver2D_SDL_core@SDL_core@ui@modules@UModSys@@@tl@5@@tl@UModSys@@HU?$TScalarCompare@H@core@3@U?$TNodeDeleter0@U?$TScatterArrayNode@U?$TRefObject@URRenderDriver2D_SDL_core@SDL_core@ui@modules@UModSys@@U?$TRefObjectWeakFunc@URRenderDriver2D_SDL_core@SDL_core@ui@modules@UModSys@@@tl@5@@tl@UModSys@@H@tl@UModSys@@@23@@tl@3@@Z 0000000180002ed0 f i umodsys_lib_libui:umodsys.mod.ui.SDL_core.obj
 0001:00001fc0       ??$t_count@U?$TRefObject@URRenderDriver2D_SDL_core@SDL_core@ui@modules@UModSys@@U?$TRefObjectWeakFunc@URRenderDriver2D_SDL_core@SDL_core@ui@modules@UModSys@@@tl@5@@tl@UModSys@@@SDL_core@ui@modules@UModSys@@YA_KAEBU?$TScatterArray@U?$TRefObject@URRenderDriver2D_SDL_core@SDL_core@ui@modules@UModSys@@U?$TRefObjectWeakFunc@URRenderDriver2D_SDL_core@SDL_core@ui@modules@UModSys@@@tl@5@@tl@UModSys@@HU?$TScalarCompare@H@core@3@U?$TNodeDeleter0@U?$TScatterArrayNode@U?$TRefObject@URRenderDriver2D_SDL_core@SDL_core@ui@modules@UModSys@@U?$TRefObjectWeakFunc@URRenderDriver2D_SDL_core@SDL_core@ui@modules@UModSys@@@tl@5@@tl@UModSys@@H@tl@UModSys@@@23@@tl@3@@Z 0000000180002fc0 f i umodsys_lib_libui:umodsys.mod.ui.SDL_core.obj
 0001:00002040       ??$t_get@U?$TRefObject@URRenderDriver2D_SDL_core@SDL_core@ui@modules@UModSys@@U?$TRefObjectWeakFunc@URRenderDriver2D_SDL_core@SDL_core@ui@modules@UModSys@@@tl@5@@tl@UModSys@@@SDL_core@ui@modules@UModSys@@YAPEAUIRefObject@core@3@AEBU?$TScatterArray@U?$TRefObject@URRenderDriver2D_SDL_core@SDL_core@ui@modules@UModSys@@U?$TRefObjectWeakFunc@URRenderDriver2D_SDL_core@SDL_core@ui@modules@UModSys@@@tl@5@@tl@UModSys@@HU?$TScalarCompare@H@core@3@U?$TNodeDeleter0@U?$TScatterArrayNode@U?$TRefObject@URRenderDriver2D_SDL_core@SDL_core@ui@modules@UModSys@@U?$TRefObjectWeakFunc@URRenderDriver2D_SDL_core@SDL_core@ui@modules@UModSys@@@tl@5@@tl@UModSys@@H@tl@UModSys@@@23@@tl@3@_K@Z 0000000180003040 f i umodsys_lib_libui:umodsys.mod.ui.SDL_core.obj
 0001:000020e0       ??$ValidateConstruction@UIRefObject@core@UModSys@@URRenderDriver2D_SDL_core@SDL_core@ui@modules@3@@core@UModSys@@YA_NAEAU?$TRefObject@UIRefObject@core@UModSys@@U?$TRefObjectFunc@UIRefObject@core@UModSys@@@tl@3@@tl@1@U?$TRefObject@URRenderDriver2D_SDL_core@SDL_core@ui@modules@UModSys@@U?$TRefObjectFunc@URRenderDriver2D_SDL_core@SDL_core@ui@modules@UModSys@@@tl@5@@31@@Z 00000001800030e0 f i umodsys_lib_libui:umodsys.mod.ui.SDL_core.obj
 0001:00002190       ??$t_add@U?$TRefObject@URRenderDriver2D_SDL_core@SDL_core@ui@modules@UModSys@@U?$TRefObjectWeakFunc@URRenderDriver2D_SDL_core@SDL_core@ui@modules@UModSys@@@tl@5@@tl@UModSys@@URRenderDriver2D_SDL_core@SDL_core@ui@modules@3@@SDL_core@ui@modules@UModSys@@YA_NAEAU?$TScatterArray@U?$TRefObject@URRenderDriver2D_SDL_core@SDL_core@ui@modules@UModSys@@U?$TRefObjectWeakFunc@URRenderDriver2D_SDL_core@SDL_core@ui@modules@UModSys@@@tl@5@@tl@UModSys@@HU?$TScalarCompare@H@core@3@U?$TNodeDeleter0@U?$TScatterArrayNode@U?$TRefObject@URRenderDriver2D_SDL_core@SDL_core@ui@modules@UModSys@@U?$TRefObjectWeakFunc@URRenderDriver2D_SDL_core@SDL_core@ui@modules@UModSys@@@tl@5@@tl@UModSys@@H@tl@UModSys@@@23@@tl@3@PEAURRenderDriver2D_SDL_core@0123@@Z 0000000180003190 f i umodsys_lib_libui:umodsys.mod.ui.SDL_core.obj
 0001:00002210       ??$ValidateConstruction@UIMultiImage@lib2d@UModSys@@URMultiImage2D_SDL_ttf@SDL_core@ui@modules@3@@core@UModSys@@YA_NAEAU?$TRefObject@UIMultiImage@lib2d@UModSys@@U?$TRefObjectFunc@UIMultiImage@lib2d@UModSys@@@tl@3@@tl@1@PEAURMultiImage2D_SDL_ttf@SDL_core@ui@modules@1@@Z 0000000180003210 f i umodsys_lib_libui:umodsys.mod.ui.SDL_core.obj
 0001:00002290       ??$genx_node@UCmp@?$TScatterArray@UGlyph@RMultiImage2D_SDL_ttf@SDL_core@ui@modules@UModSys@@HU?$TScalarCompare@H@core@6@U?$TNodeDeleter0@U?$TScatterArrayNode@UGlyph@RMultiImage2D_SDL_ttf@SDL_core@ui@modules@UModSys@@H@tl@UModSys@@@tl@6@@tl@UModSys@@UGen0@234@@?$TTreeHoldRBD@U?$TScatterArrayNode@UGlyph@RMultiImage2D_SDL_ttf@SDL_core@ui@modules@UModSys@@H@tl@UModSys@@U?$TNodeDeleter0@U?$TScatterArrayNode@UGlyph@RMultiImage2D_SDL_ttf@SDL_core@ui@modules@UModSys@@H@tl@UModSys@@@23@@tl@UModSys@@QEAAPEAU?$TScatterArrayNode@UGlyph@RMultiImage2D_SDL_ttf@SDL_core@ui@modules@UModSys@@H@12@UCmp@?$TScatterArray@UGlyph@RMultiImage2D_SDL_ttf@SDL_core@ui@modules@UModSys@@HU?$TScalarCompare@H@core@6@U?$TNodeDeleter0@U?$TScatterArrayNode@UGlyph@RMultiImage2D_SDL_ttf@SDL_core@ui@modules@UModSys@@H@tl@UModSys@@@tl@6@@12@AEBUGen0@512@PEAPEAU312@2_N@Z 0000000180003290 f i umodsys_lib_libui:umodsys.mod.ui.SDL_core.obj
 0001:00002420       ?attach@?$TRefObject@URRenderDriver2D_SDL_core@SDL_core@ui@modules@UModSys@@U?$TRefObjectWeakFunc@URRenderDriver2D_SDL_core@SDL_core@ui@modules@UModSys@@@tl@5@@tl@UModSys@@QEAAXPEAURRenderDriver2D_SDL_core@SDL_core@ui@modules@3@@Z 0000000180003420 f i umodsys_lib_libui:umodsys.mod.ui.SDL_core.obj
 0001:000024b0       ?insert_color@?$TTreeHoldRB@U?$TScatterArrayNode@UGlyph@RMultiImage2D_SDL_ttf@SDL_core@ui@modules@UModSys@@H@tl@UModSys@@@tl@UModSys@@IEAAXPEAU?$TScatterArrayNode@UGlyph@RMultiImage2D_SDL_ttf@SDL_core@ui@modules@UModSys@@H@23@@Z 00000001800034b0 f i umodsys_lib_libui:umodsys.mod.ui.SDL_core.obj
 0001:000024b0       ?insert_color@?$TTreeHoldRB@U?$TScatterArrayNode@U?$TRefObject@URRenderDriver2D_SDL_core@SDL_core@ui@modules@UModSys@@U?$TRefObjectWeakFunc@URRenderDriver2D_SDL_core@SDL_core@ui@modules@UModSys@@@tl@5@@tl@UModSys@@H@tl@UModSys@@@tl@UModSys@@IEAAXPEAU?$TScatterArrayNode@U?$TRefObject@URRenderDriver2D_SDL_core@SDL_core@ui@modules@UModSys@@U?$TRefObjectWeakFunc@URRenderDriver2D_SDL_core@SDL_core@ui@modules@UModSys@@@tl@5@@tl@UModSys@@H@23@@Z 00000001800034b0 f i umodsys_lib_libui:umodsys.mod.ui.SDL_core.obj
 0001:00002660       ??$process_nodes_r@U?$TNodeDeleter0@U?$TScatterArrayNode@UGlyph@RMultiImage2D_SDL_ttf@SDL_core@ui@modules@UModSys@@H@tl@UModSys@@@tl@UModSys@@@?$TTreeHoldRB@U?$TScatterArrayNode@UGlyph@RMultiImage2D_SDL_ttf@SDL_core@ui@modules@UModSys@@H@tl@UModSys@@@tl@UModSys@@KAHPEAU?$TScatterArrayNode@UGlyph@RMultiImage2D_SDL_ttf@SDL_core@ui@modules@UModSys@@H@12@AEBU?$TNodeDeleter0@U?$TScatterArrayNode@UGlyph@RMultiImage2D_SDL_ttf@SDL_core@ui@modules@UModSys@@H@tl@UModSys@@@12@@Z 0000000180003660 f i umodsys_lib_libui:umodsys.mod.ui.SDL_core.obj
 0001:000026e0       ??$process_nodes_r@U?$TNodeDeleter0@U?$TScatterArrayNode@U?$TRefObject@URRenderDriver2D_SDL_core@SDL_core@ui@modules@UModSys@@U?$TRefObjectWeakFunc@URRenderDriver2D_SDL_core@SDL_core@ui@modules@UModSys@@@tl@5@@tl@UModSys@@H@tl@UModSys@@@tl@UModSys@@@?$TTreeHoldRB@U?$TScatterArrayNode@U?$TRefObject@URRenderDriver2D_SDL_core@SDL_core@ui@modules@UModSys@@U?$TRefObjectWeakFunc@URRenderDriver2D_SDL_core@SDL_core@ui@modules@UModSys@@@tl@5@@tl@UModSys@@H@tl@UModSys@@@tl@UModSys@@KAHPEAU?$TScatterArrayNode@U?$TRefObject@URRenderDriver2D_SDL_core@SDL_core@ui@modules@UModSys@@U?$TRefObjectWeakFunc@URRenderDriver2D_SDL_core@SDL_core@ui@modules@UModSys@@@tl@5@@tl@UModSys@@H@12@AEBU?$TNodeDeleter0@U?$TScatterArrayNode@U?$TRefObject@URRenderDriver2D_SDL_core@SDL_core@ui@modules@UModSys@@U?$TRefObjectWeakFunc@URRenderDriver2D_SDL_core@SDL_core@ui@modules@UModSys@@@tl@5@@tl@UModSys@@H@tl@UModSys@@@12@@Z 00000001800036e0 f i umodsys_lib_libui:umodsys.mod.ui.SDL_core.obj
 0001:00002780       ??$genx_node@UCmp@?$TScatterArray@U?$TRefObject@URRenderDriver2D_SDL_core@SDL_core@ui@modules@UModSys@@U?$TRefObjectWeakFunc@URRenderDriver2D_SDL_core@SDL_core@ui@modules@UModSys@@@tl@5@@tl@UModSys@@HU?$TScalarCompare@H@core@3@U?$TNodeDeleter0@U?$TScatterArrayNode@U?$TRefObject@URRenderDriver2D_SDL_core@SDL_core@ui@modules@UModSys@@U?$TRefObjectWeakFunc@URRenderDriver2D_SDL_core@SDL_core@ui@modules@UModSys@@@tl@5@@tl@UModSys@@H@tl@UModSys@@@23@@tl@UModSys@@UGen0@234@@?$TTreeHoldRBD@U?$TScatterArrayNode@U?$TRefObject@URRenderDriver2D_SDL_core@SDL_core@ui@modules@UModSys@@U?$TRefObjectWeakFunc@URRenderDriver2D_SDL_core@SDL_core@ui@modules@UModSys@@@tl@5@@tl@UModSys@@H@tl@UModSys@@U?$TNodeDeleter0@U?$TScatterArrayNode@U?$TRefObject@URRenderDriver2D_SDL_core@SDL_core@ui@modules@UModSys@@U?$TRefObjectWeakFunc@URRenderDriver2D_SDL_core@SDL_core@ui@modules@UModSys@@@tl@5@@tl@UModSys@@H@tl@UModSys@@@23@@tl@UModSys@@QEAAPEAU?$TScatterArrayNode@U?$TRefObject@URRenderDriver2D_SDL_core@SDL_core@ui@modules@UModSys@@U?$TRefObjectWeakFunc@URRenderDriver2D_SDL_core@SDL_core@ui@modules@UModSys@@@tl@5@@tl@UModSys@@H@12@UCmp@?$TScatterArray@U?$TRefObject@URRenderDriver2D_SDL_core@SDL_core@ui@modules@UModSys@@U?$TRefObjectWeakFunc@URRenderDriver2D_SDL_core@SDL_core@ui@modules@UModSys@@@tl@5@@tl@UModSys@@HU?$TScalarCompare@H@core@3@U?$TNodeDeleter0@U?$TScatterArrayNode@U?$TRefObject@URRenderDriver2D_SDL_core@SDL_core@ui@modules@UModSys@@U?$TRefObjectWeakFunc@URRenderDriver2D_SDL_core@SDL_core@ui@modules@UModSys@@@tl@5@@tl@UModSys@@H@tl@UModSys@@@23@@12@AEBUGen0@512@PEAPEAU312@2_N@Z 0000000180003780 f i umodsys_lib_libui:umodsys.mod.ui.SDL_core.obj
 0001:000028c0       ??1?$TRefObject@URRenderDriver2D_SDL_core@SDL_core@ui@modules@UModSys@@U?$TRefObjectWeakFunc@URRenderDriver2D_SDL_core@SDL_core@ui@modules@UModSys@@@tl@5@@tl@UModSys@@QEAA@XZ 00000001800038c0 f i umodsys_lib_libui:umodsys.mod.ui.SDL_core.obj
 0001:00002900       ?root_get_interface_info@RMediaFilter@images_std@media@modules@UModSys@@UEBAAEBUSUniquePointerInfo@core@5@XZ 0000000180003900 f i umodsys_lib_libmedia:umodsys.mod.media.images_std.obj
 0001:00002910       ?root_get_interface_type@RMediaFilter@images_std@media@modules@UModSys@@UEBAPEBUSUniquePointerInfo@core@5@XZ 0000000180003910 f i umodsys_lib_libmedia:umodsys.mod.media.images_std.obj
 0001:00002920       ?root_get_other_interface@RMediaFilter@images_std@media@modules@UModSys@@UEAAPEAUIRoot@core@5@PEBUSUniquePointerInfo@75@@Z 0000000180003920 f i umodsys_lib_libmedia:umodsys.mod.media.images_std.obj
 0001:00002920       ?root_get_other_interface@RMediaFilter@images_std@media@modules@UModSys@@UEBAPEBUIRoot@core@5@PEBUSUniquePointerInfo@75@@Z 0000000180003920 f i umodsys_lib_libmedia:umodsys.mod.media.images_std.obj
 0001:00002950       ?root_is_interface_supported@RMediaFilter@images_std@media@modules@UModSys@@UEBA_NPEBUSUniquePointerInfo@core@5@@Z 0000000180003950 f i umodsys_lib_libmedia:umodsys.mod.media.images_std.obj
 0001:00002980       ?ref_add@RMediaFilter@images_std@media@modules@UModSys@@UEBAXXZ 0000000180003980 f i umodsys_lib_libmedia:umodsys.mod.media.images_std.obj
 0001:00002990       ?ref_remove@RMediaFilter@images_std@media@modules@UModSys@@UEBAXXZ 0000000180003990 f i umodsys_lib_libmedia:umodsys.mod.media.images_std.obj
 0001:000029b0       ?ref_links@RMediaFilter@images_std@media@modules@UModSys@@UEBAHXZ 00000001800039b0 f i umodsys_lib_libmedia:umodsys.mod.media.images_std.obj
 0001:000029c0       ?ref_weak@RMediaFilter@images_std@media@modules@UModSys@@UEBA_NAEAUWeakPointer@IRefObject@core@5@@Z 00000001800039c0 f i umodsys_lib_libmedia:umodsys.mod.media.images_std.obj
 0001:000029e0       ?suicide@RMediaFilter@images_std@media@modules@UModSys@@UEAAXXZ 00000001800039e0 f i umodsys_lib_libmedia:umodsys.mod.media.images_std.obj
 0001:00002a30       ?get_flag@RMediaFilter@images_std@media@modules@UModSys@@UEBA?AW4eStates@?$TFlags4State@USMediaFlagUid@libmedia@UModSys@@I@tl@5@H@Z 0000000180003a30 f i umodsys_lib_libmedia:umodsys.mod.media.images_std.obj
 0001:00002a40       ?get_flags_auto@RMediaFilter@images_std@media@modules@UModSys@@UEBA?AU?$TFlags4State@USMediaFlagUid@libmedia@UModSys@@I@tl@5@XZ 0000000180003a40 f i umodsys_lib_libmedia:umodsys.mod.media.images_std.obj
 0001:00002a50       ?set_flag@RMediaFilter@images_std@media@modules@UModSys@@UEAA?AW4eStates@?$TFlags4State@USMediaFlagUid@libmedia@UModSys@@I@tl@5@HW46785@@Z 0000000180003a50 f i umodsys_lib_libmedia:umodsys.mod.media.images_std.obj
 0001:00002a80       ??0RMediaFilter@images_std@media@modules@UModSys@@QEAA@PEAUIModObject@base@4@AEBUSParameters@core@4@@Z 0000000180003a80 f i umodsys_lib_libmedia:umodsys.mod.media.images_std.obj
 0001:00002b70       ??_ERMediaFilter@images_std@media@modules@UModSys@@UEAAPEAXI@Z 0000000180003b70 f i  CIL library: CIL module
 0001:00002b70       ??_GRMediaFilter@images_std@media@modules@UModSys@@UEAAPEAXI@Z 0000000180003b70 f i umodsys_lib_libmedia:umodsys.mod.media.images_std.obj
 0001:00002bf0       ?get_generated_names@RGenerator@images_std@media@modules@UModSys@@UEBAHAEAUSUniquePtrList@core@5@@Z 0000000180003bf0 f i umodsys_lib_libmedia:umodsys.mod.media.images_std.obj
 0001:00002c10       ?get_generated_types@RGenerator@images_std@media@modules@UModSys@@UEBAHAEAUSUniquePtrList@core@5@PEBUSUniquePointerInfo@75@@Z 0000000180003c10 f i umodsys_lib_libmedia:umodsys.mod.media.images_std.obj
 0001:00002c70       ?generate@RGenerator@images_std@media@modules@UModSys@@UEAA_NAEAU?$TRefObject@UIRefObject@core@UModSys@@U?$TRefObjectFunc@UIRefObject@core@UModSys@@@tl@3@@tl@5@PEBUSUniquePointerInfo@core@5@AEBUSParameters@95@@Z 0000000180003c70 f i umodsys_lib_libmedia:umodsys.mod.media.images_std.obj
 0001:00002cf0       ?root_get_interface_info@RGenerator@images_std@media@modules@UModSys@@UEBAAEBUSUniquePointerInfo@core@5@XZ 0000000180003cf0 f i umodsys_lib_libmedia:umodsys.mod.media.images_std.obj
 0001:00002d00       ?root_get_interface_type@RGenerator@images_std@media@modules@UModSys@@UEBAPEBUSUniquePointerInfo@core@5@XZ 0000000180003d00 f i umodsys_lib_libmedia:umodsys.mod.media.images_std.obj
 0001:00002d10       ?root_get_other_interface@RGenerator@images_std@media@modules@UModSys@@UEAAPEAUIRoot@core@5@PEBUSUniquePointerInfo@75@@Z 0000000180003d10 f i umodsys_lib_libmedia:umodsys.mod.media.images_std.obj
 0001:00002d10       ?root_get_other_interface@RGenerator@images_std@media@modules@UModSys@@UEBAPEBUIRoot@core@5@PEBUSUniquePointerInfo@75@@Z 0000000180003d10 f i umodsys_lib_libmedia:umodsys.mod.media.images_std.obj
 0001:00002d50       ?root_is_interface_supported@RGenerator@images_std@media@modules@UModSys@@UEBA_NPEBUSUniquePointerInfo@core@5@@Z 0000000180003d50 f i umodsys_lib_libmedia:umodsys.mod.media.images_std.obj
 0001:00002d90       ?ref_links@RTest1_Shell@test1@test@modules@UModSys@@UEBAHXZ 0000000180003d90 f i plugin_test1.obj
 0001:00002d90       ?ref_links@RMultiImage2D_SDL_ttf@SDL_core@ui@modules@UModSys@@UEBAHXZ 0000000180003d90 f i umodsys_lib_libui:umodsys.mod.ui.SDL_core.obj
 0001:00002d90       ?ref_links@RRenderDriver2D_SDL_core@SDL_core@ui@modules@UModSys@@UEBAHXZ 0000000180003d90 f i umodsys_lib_libui:umodsys.mod.ui.SDL_core.obj
 0001:00002d90       ?ref_links@RTerminal_SDL_core@SDL_core@ui@modules@UModSys@@UEBAHXZ 0000000180003d90 f i umodsys_lib_libui:umodsys.mod.ui.SDL_core.obj
 0001:00002d90       ?ref_links@RGenerator@test1@test@modules@UModSys@@UEBAHXZ 0000000180003d90 f i plugin_test1.obj
 0001:00002d90       ?ref_links@RGenerator@SDL_core@ui@modules@UModSys@@UEBAHXZ 0000000180003d90 f i umodsys_lib_libui:umodsys.mod.ui.SDL_core.obj
 0001:00002d90       ?ref_links@RGenerator@images_std@media@modules@UModSys@@UEBAHXZ 0000000180003d90 f i umodsys_lib_libmedia:umodsys.mod.media.images_std.obj
 0001:00002da0       ?get_uid@RGenerator@images_std@media@modules@UModSys@@UEBAPEBUSUniquePointerInfo@core@5@XZ 0000000180003da0 f i umodsys_lib_libmedia:umodsys.mod.media.images_std.obj
 0001:00002db0       ?do_open@RModuleReg@images_std@media@modules@UModSys@@UEAA_NXZ 0000000180003db0 f i umodsys_lib_libmedia:umodsys.mod.media.images_std.obj
 0001:00002dc0       ?do_close@RModuleReg@images_std@media@modules@UModSys@@UEAA_NXZ 0000000180003dc0 f i umodsys_lib_libmedia:umodsys.mod.media.images_std.obj
 0001:00002dd0       ??_ERModuleReg@images_std@media@modules@UModSys@@UEAAPEAXI@Z 0000000180003dd0 f i  CIL library: CIL module
 0001:00002dd0       ??_GRModuleReg@images_std@media@modules@UModSys@@UEAAPEAXI@Z 0000000180003dd0 f i umodsys_lib_libmedia:umodsys.mod.media.images_std.obj
 0001:00002e00       ??$ValidateConstruction@UIRefObject@core@UModSys@@URTerminal_SDL_core@SDL_core@ui@modules@3@@core@UModSys@@YA_NAEAU?$TRefObject@UIRefObject@core@UModSys@@U?$TRefObjectFunc@UIRefObject@core@UModSys@@@tl@3@@tl@1@PEAURTerminal_SDL_core@SDL_core@ui@modules@1@@Z 0000000180003e00 f i umodsys_lib_libui:umodsys.mod.ui.SDL_core.obj
 0001:00002e00       ??$ValidateConstruction@UIRefObject@core@UModSys@@URMediaFilter@images_std@media@modules@3@@core@UModSys@@YA_NAEAU?$TRefObject@UIRefObject@core@UModSys@@U?$TRefObjectFunc@UIRefObject@core@UModSys@@@tl@3@@tl@1@PEAURMediaFilter@images_std@media@modules@1@@Z 0000000180003e00 f i umodsys_lib_libmedia:umodsys.mod.media.images_std.obj
 0001:00002e70       ??_GRModuleLibraryReg_Chain@base@UModSys@@UEAAPEAXI@Z 0000000180003e70 f i umodsys_lib_base:umodsys.base.moduleregchain.obj
 0001:00002e70       ??_ERModuleLibraryReg_Chain@base@UModSys@@UEAAPEAXI@Z 0000000180003e70 f i  CIL library: CIL module
 0001:00002ea0       ??_GIModuleReg@base@UModSys@@UEAAPEAXI@Z 0000000180003ea0 f i umodsys_lib_base:umodsys.base.modulereg.obj
 0001:00002ea0       ??_EIModuleReg@base@UModSys@@UEAAPEAXI@Z 0000000180003ea0 f i  CIL library: CIL module
 0001:00002ed0       ??_GIModuleLibraryReg@base@UModSys@@UEAAPEAXI@Z 0000000180003ed0 f i umodsys_lib_base:umodsys.base.modulereg.obj
 0001:00002ed0       ??_EIModuleLibraryReg@base@UModSys@@UEAAPEAXI@Z 0000000180003ed0 f i  CIL library: CIL module
 0001:00002ef4       _onexit                    0000000180003ef4 f   MSVCRT:atonexit.obj
 0001:00002fa4       atexit                     0000000180003fa4 f   MSVCRT:atonexit.obj
 0001:00002fbc       _purecall                  0000000180003fbc f   MSVCRT:MSVCR90.dll
 0001:00002fc2       ??3@YAXPEAX@Z              0000000180003fc2 f   MSVCRT:MSVCR90.dll
 0001:00002fc8       ??_Etype_info@@UEAAPEAXI@Z 0000000180003fc8 f i MSVCRT:ti_inst.obj
 0001:00003094       _CRT_INIT                  0000000180004094 f   MSVCRT:crtdll.obj
 0001:00003428       _DllMainCRTStartup         0000000180004428 f   MSVCRT:crtdll.obj
 0001:00003466       ??2@YAPEAX_K@Z             0000000180004466 f   MSVCRT:MSVCR90.dll
 0001:0000346c       __C_specific_handler       000000018000446c f   MSVCRT:MSVCR90.dll
 0001:00003472       _unlock                    0000000180004472 f   MSVCRT:MSVCR90.dll
 0001:00003478       __dllonexit                0000000180004478 f   MSVCRT:MSVCR90.dll
 0001:0000347e       _lock                      000000018000447e f   MSVCRT:MSVCR90.dll
 0001:00003484       ?__ArrayUnwind@@YAXPEAX_KHP6AX0@Z@Z 0000000180004484 f   MSVCRT:ehvecdtr.obj
 0001:000034d0       ??_M@YAXPEAX_KHP6AX0@Z@Z   00000001800044d0 f   MSVCRT:ehvecdtr.obj
 0001:00003530       __clean_type_info_names    0000000180004530 f   MSVCRT:tncleanup.obj
 0001:0000353c       _RTC_Initialize            000000018000453c f   MSVCRT:_initsect_.obj
 0001:00003574       _RTC_Terminate             0000000180004574 f   MSVCRT:_initsect_.obj
 0001:000035b0       _ValidateImageBase         00000001800045b0 f   MSVCRT:pesect.obj
 0001:000035e0       _FindPESection             00000001800045e0 f   MSVCRT:pesect.obj
 0001:00003630       _IsNonwritableInCurrentImage 0000000180004630 f   MSVCRT:pesect.obj
 0001:00003672       _initterm                  0000000180004672 f   MSVCRT:MSVCR90.dll
 0001:00003678       _initterm_e                0000000180004678 f   MSVCRT:MSVCR90.dll
 0001:0000367e       _amsg_exit                 000000018000467e f   MSVCRT:MSVCR90.dll
 0001:00003684       __CppXcptFilter            0000000180004684 f   MSVCRT:MSVCR90.dll
 0001:0000368c       DllMain                    000000018000468c f   MSVCRT:dllmain.obj
 0001:000036b0       __security_init_cookie     00000001800046b0 f   MSVCRT:gs_support.obj
 0001:00003764       ?terminate@@YAXXZ          0000000180004764 f   MSVCRT:MSVCR90.dll
 0001:0000376a       ?_type_info_dtor_internal_method@type_info@@QEAAXXZ 000000018000476a f   MSVCRT:MSVCR90.dll
 0001:0000376a       ??1type_info@@UEAA@XZ      000000018000476a f   MSVCRT:MSVCR90.dll
 0001:00003770       __clean_type_info_names_internal 0000000180004770 f   MSVCRT:MSVCR90.dll
 0001:00003776       png_get_IHDR               0000000180004776 f   lib_libpng:lib_libpng.dll
 0001:0000377c       png_read_info              000000018000477c f   lib_libpng:lib_libpng.dll
 0001:00003782       png_sig_cmp                0000000180004782 f   lib_libpng:lib_libpng.dll
 0001:00003788       png_create_read_struct     0000000180004788 f   lib_libpng:lib_libpng.dll
 0001:0000378e       png_get_io_ptr             000000018000478e f   lib_libpng:lib_libpng.dll
 0001:00003794       png_create_info_struct     0000000180004794 f   lib_libpng:lib_libpng.dll
 0001:0000379a       png_set_read_fn            000000018000479a f   lib_libpng:lib_libpng.dll
 0001:000037a0       png_read_update_info       00000001800047a0 f   lib_libpng:lib_libpng.dll
 0001:000037a6       png_set_sig_bytes          00000001800047a6 f   lib_libpng:lib_libpng.dll
 0001:000037ac       png_read_row               00000001800047ac f   lib_libpng:lib_libpng.dll
 0001:000037b2       png_error                  00000001800047b2 f   lib_libpng:lib_libpng.dll
 0001:000037b8       png_destroy_read_struct    00000001800047b8 f   lib_libpng:lib_libpng.dll
 0001:000037be       SDL_RenderDrawLine         00000001800047be f   lib_SDL2:lib_SDL2.dll
 0001:000037c4       SDL_RenderDrawLines        00000001800047c4 f   lib_SDL2:lib_SDL2.dll
 0001:000037ca       SDL_Init                   00000001800047ca f   lib_SDL2:lib_SDL2.dll
 0001:000037d0       SDL_DestroyWindow          00000001800047d0 f   lib_SDL2:lib_SDL2.dll
 0001:000037d6       TTF_GlyphMetrics           00000001800047d6 f   lib_SDL2:lib_SDL2.dll
 0001:000037dc       SDL_CreateWindow           00000001800047dc f   lib_SDL2:lib_SDL2.dll
 0001:000037e2       SDL_RenderCopy             00000001800047e2 f   lib_SDL2:lib_SDL2.dll
 0001:000037e8       SDL_DestroyRenderer        00000001800047e8 f   lib_SDL2:lib_SDL2.dll
 0001:000037ee       SDL_DestroyTexture         00000001800047ee f   lib_SDL2:lib_SDL2.dll
 0001:000037f4       SDL_CreateTextureFromSurface 00000001800047f4 f   lib_SDL2:lib_SDL2.dll
 0001:000037fa       SDL_RenderPresent          00000001800047fa f   lib_SDL2:lib_SDL2.dll
 0001:00003800       SDL_SetRenderDrawBlendMode 0000000180004800 f   lib_SDL2:lib_SDL2.dll
 0001:00003806       SDL_SetRenderDrawColor     0000000180004806 f   lib_SDL2:lib_SDL2.dll
 0001:0000380c       TTF_OpenFont               000000018000480c f   lib_SDL2:lib_SDL2.dll
 0001:00003812       TTF_CloseFont              0000000180004812 f   lib_SDL2:lib_SDL2.dll
 0001:00003818       TTF_Init                   0000000180004818 f   lib_SDL2:lib_SDL2.dll
 0001:0000381e       SDL_PumpEvents             000000018000481e f   lib_SDL2:lib_SDL2.dll
 0001:00003824       TTF_RenderGlyph_Shaded     0000000180004824 f   lib_SDL2:lib_SDL2.dll
 0001:0000382a       SDL_Delay                  000000018000482a f   lib_SDL2:lib_SDL2.dll
 0001:00003830       SDL_RenderClear            0000000180004830 f   lib_SDL2:lib_SDL2.dll
 0001:00003836       SDL_CreateRenderer         0000000180004836 f   lib_SDL2:lib_SDL2.dll
 0001:0000383c       SDL_SetTextureColorMod     000000018000483c f   lib_SDL2:lib_SDL2.dll
 0001:00003842       SDL_PeepEvents             0000000180004842 f   lib_SDL2:lib_SDL2.dll
 0001:00003848       SDL_GetTicks               0000000180004848 f   lib_SDL2:lib_SDL2.dll
 0001:0000384e       SDL_RenderFillRect         000000018000484e f   lib_SDL2:lib_SDL2.dll
 0001:00003854       SDL_RenderDrawRect         0000000180004854 f   lib_SDL2:lib_SDL2.dll
 0001:0000385a       TTF_Quit                   000000018000485a f   lib_SDL2:lib_SDL2.dll
 0001:00003860       SDL_Quit                   0000000180004860 f   lib_SDL2:lib_SDL2.dll
 0001:00003866       SDL_FreeSurface            0000000180004866 f   lib_SDL2:lib_SDL2.dll
 0001:00003870       ??3IRoot@core@UModSys@@SAXPEAX@Z 0000000180004870 f   umodsys_lib_core:umodsys.core.objects.obj
 0001:000038b0       ??3IRoot@core@UModSys@@SAXPEAXPEAUIMemAlloc@12@@Z 00000001800048b0 f   umodsys_lib_core:umodsys.core.objects.obj
 0001:000038f0       ??2IRoot@core@UModSys@@SAPEAX_KPEAUIMemAlloc@12@@Z 00000001800048f0 f   umodsys_lib_core:umodsys.core.objects.obj
 0001:00003930       ?suicide@IRoot@core@UModSys@@UEAAXXZ 0000000180004930 f   umodsys_lib_core:umodsys.core.objects.obj
 0001:00003950       ??1IRoot@core@UModSys@@UEAA@XZ 0000000180004950 f   umodsys_lib_core:umodsys.core.objects.obj
 0001:00003970       ??1IRefObject@core@UModSys@@UEAA@XZ 0000000180004970 f   umodsys_lib_core:umodsys.core.objects.obj
 0001:00003980       ?lost@core@UModSys@@YAEPEBX@Z 0000000180004980 f   umodsys_lib_core:umodsys.core.stdtypedefs.obj
 0001:00003990       ?s_unresolve@SUniquePointer@core@UModSys@@SAXPEAUIUniquePointerResolver@23@@Z 0000000180004990 f   umodsys_lib_core:umodsys.core.uniqueptr.obj
 0001:00003a00       ?s_resolve@SUniquePointer@core@UModSys@@SAXPEAUIUniquePointerResolver@23@@Z 0000000180004a00 f   umodsys_lib_core:umodsys.core.uniqueptr.obj
 0001:00003a80       ??1SUniquePointer@core@UModSys@@QEAA@XZ 0000000180004a80 f   umodsys_lib_core:umodsys.core.uniqueptr.obj
 0001:00003ab0       ??0SUniquePointer@core@UModSys@@QEAA@H@Z 0000000180004ab0 f   umodsys_lib_core:umodsys.core.uniqueptr.obj
 0001:00003ae0       ??0SUniquePointer@core@UModSys@@QEAA@PEBD0H@Z 0000000180004ae0 f   umodsys_lib_core:umodsys.core.uniqueptr.obj
 0001:00003b30       ?utf8_cmp_nocase@su@tl@UModSys@@YAHPEBD0_K@Z 0000000180004b30 f   umodsys_lib_core:umodsys.tl.utf.obj
 0001:00003b40       ?utf_8to32@su@tl@UModSys@@YA_KPEAH_KPEBD1_N@Z 0000000180004b40 f   umodsys_lib_core:umodsys.tl.utf.obj
 0001:00003c70       ??1SModuleInfo@base@UModSys@@QEAA@XZ 0000000180004c70 f   umodsys_lib_base:umodsys.base.moduleinfo.obj
 0001:00003c80       ??0SModuleInfo@base@UModSys@@QEAA@PEBDHH0@Z 0000000180004c80 f   umodsys_lib_base:umodsys.base.moduleinfo.obj
 0001:00003d40       ??1IModuleLibraryReg@base@UModSys@@UEAA@XZ 0000000180004d40 f   umodsys_lib_base:umodsys.base.modulereg.obj
 0001:00003d60       ??0IModuleLibraryReg@base@UModSys@@QEAA@XZ 0000000180004d60 f   umodsys_lib_base:umodsys.base.modulereg.obj
 0001:00003d80       ?mr_close@IModuleReg@base@UModSys@@UEAA_NXZ 0000000180004d80 f   umodsys_lib_base:umodsys.base.modulereg.obj
 0001:00003da0       ?mr_open@IModuleReg@base@UModSys@@UEAA_NXZ 0000000180004da0 f   umodsys_lib_base:umodsys.base.modulereg.obj
 0001:00003dd0       ?mr_isopen@IModuleReg@base@UModSys@@UEBA_NXZ 0000000180004dd0 f   umodsys_lib_base:umodsys.base.modulereg.obj
 0001:00003de0       ??1IModuleReg@base@UModSys@@UEAA@XZ 0000000180004de0 f   umodsys_lib_base:umodsys.base.modulereg.obj
 0001:00003e00       ??0IModuleReg@base@UModSys@@QEAA@PEBDHH0@Z 0000000180004e00 f   umodsys_lib_base:umodsys.base.modulereg.obj
 0001:00003e40       UModSys_Plugin_Entry2      0000000180004e40 f   umodsys_lib_base:umodsys.so_main.win32.obj
 0001:00003e50       ??1RModuleLibraryReg_Chain@base@UModSys@@UEAA@XZ 0000000180004e50 f   umodsys_lib_base:umodsys.base.moduleregchain.obj
 0001:00003e70       ??0RModuleLibraryReg_Chain@base@UModSys@@QEAA@XZ 0000000180004e70 f   umodsys_lib_base:umodsys.base.moduleregchain.obj
 0001:00003ea0       ?s_get@SModuleRegChain@base@UModSys@@SAPEAUIModuleReg@23@_K@Z 0000000180004ea0 f   umodsys_lib_base:umodsys.base.moduleregchain.obj
 0001:00003ee0       ??1SModuleRegChain@base@UModSys@@QEAA@XZ 0000000180004ee0 f   umodsys_lib_base:umodsys.base.moduleregchain.obj
 0001:00003f10       ??0SModuleRegChain@base@UModSys@@QEAA@AEAUIModuleReg@12@@Z 0000000180004f10 f   umodsys_lib_base:umodsys.base.moduleregchain.obj
 0001:00003f60       ?mlr_isopen@RModuleLibraryReg_Chain@base@UModSys@@UEBA_NXZ 0000000180004f60 f   umodsys_lib_base:umodsys.base.moduleregchain.obj
 0001:00003f80       ?mlr_close@RModuleLibraryReg_Chain@base@UModSys@@UEAA_NXZ 0000000180004f80 f   umodsys_lib_base:umodsys.base.moduleregchain.obj
 0001:00003fc0       ?mlr_open@RModuleLibraryReg_Chain@base@UModSys@@UEAA_NPEAUISystem@23@PEAUIMemAlloc@core@3@@Z 0000000180004fc0 f   umodsys_lib_base:umodsys.base.moduleregchain.obj
 0001:00004000       ?mlr_get@RModuleLibraryReg_Chain@base@UModSys@@UEBAPEAUIModuleReg@23@_K@Z 0000000180005000 f   umodsys_lib_base:umodsys.base.moduleregchain.obj
 0001:00004010       ?mlr_count@RModuleLibraryReg_Chain@base@UModSys@@UEBA_KXZ 0000000180005010 f   umodsys_lib_base:umodsys.base.moduleregchain.obj
 0001:00004050       ??0SModuleRegChain@base@UModSys@@QEAA@H@Z 0000000180005050 f   umodsys_lib_base:umodsys.base.moduleregchain.obj
 0001:00004070       ?unlink@SMemorySharedData@core@UModSys@@QEAAXPEBUSSourceContext@23@@Z 0000000180005070 f   umodsys_lib_base:umodsys.base.modulecontext.obj
 0001:000040a0       ?link@SMemorySharedData@core@UModSys@@QEAAXPEBUSSourceContext@23@@Z 00000001800050a0 f   umodsys_lib_base:umodsys.base.modulecontext.obj
 0001:000040b0       ?Link@SModuleContext@base@UModSys@@QEAAXPEAUISystem@23@PEAUIMemAlloc@core@3@@Z 00000001800050b0 f   umodsys_lib_base:umodsys.base.modulecontext.obj
 0001:00004150       ??1SModuleContext@base@UModSys@@QEAA@XZ 0000000180005150 f   umodsys_lib_base:umodsys.base.modulecontext.obj
 0001:00004160       ?new_data@SMemorySharedData@core@UModSys@@SAPEAU123@PEAUIMemAlloc@23@_KPEBUSSourceContext@23@@Z 0000000180005160 f   umodsys_lib_base:umodsys.base.modulecontext.obj
 0001:000041b0       ?get_paramworker@SParameters@core@UModSys@@KAPEAUIParameters@23@XZ 00000001800051b0 f   umodsys_lib_base:umodsys.base.modulecontext.obj
 0001:000041d0       ?shared_memory@UModSys@@YAAEBUSIMemAlloc@core@1@XZ 00000001800051d0 f   umodsys_lib_base:umodsys.base.modulecontext.obj
 0001:000041e0       ?local_memory@UModSys@@YAAEBUSIMemAlloc@core@1@XZ 00000001800051e0 f   umodsys_lib_base:umodsys.base.modulecontext.obj
 0001:000041f0       ??0SModuleContext@base@UModSys@@QEAA@XZ 00000001800051f0 f   umodsys_lib_base:umodsys.base.modulecontext.obj
 0001:00004220       ?mod_dec@RGenerator@images_std@media@modules@UModSys@@UEBA_NXZ 0000000180005220 f   umodsys_lib_libmedia:umodsys.mod.media.images_std.obj
 0001:00004240       ?mod_inc@RGenerator@images_std@media@modules@UModSys@@UEBA_NXZ 0000000180005240 f   umodsys_lib_libmedia:umodsys.mod.media.images_std.obj
 0001:00004260       ?get_module@RGenerator@images_std@media@modules@UModSys@@UEBAPEAUIModule@base@5@XZ 0000000180005260 f   umodsys_lib_libmedia:umodsys.mod.media.images_std.obj
 0001:00004300       ?filter_save@RMediaFilter@images_std@media@modules@UModSys@@UEAA_NAEAUSInfo@IBinObjFilter@libmedia@5@PEBUIRefObject@core@5@@Z 0000000180005300 f   umodsys_lib_libmedia:umodsys.mod.media.images_std.obj
 0001:00004310       ?filter_load@RMediaFilter@images_std@media@modules@UModSys@@UEAA_NAEBUSInfo@IBinObjFilter@libmedia@5@AEAU?$TRefObject@UIRefObject@core@UModSys@@U?$TRefObjectFunc@UIRefObject@core@UModSys@@@tl@3@@tl@5@@Z 0000000180005310 f   umodsys_lib_libmedia:umodsys.mod.media.images_std.obj
 0001:00004320       ?s_holder@RGenerator@images_std@media@modules@UModSys@@SAAEAU?$TTypeStaticHolder@URGenerator@images_std@media@modules@UModSys@@@tl@5@XZ 0000000180005320 f   umodsys_lib_libmedia:umodsys.mod.media.images_std.obj
 0001:00004370       ?png_read@RMediaFilter@images_std@media@modules@UModSys@@KAXPEAUpng_struct_def@@PEAE_K@Z 0000000180005370 f   umodsys_lib_libmedia:umodsys.mod.media.images_std.obj
 0001:000043e0       ?png_err@RMediaFilter@images_std@media@modules@UModSys@@KAXPEAUpng_struct_def@@PEBD@Z 00000001800053e0 f   umodsys_lib_libmedia:umodsys.mod.media.images_std.obj
 0001:00004410       ?s_unreg@RGenerator@images_std@media@modules@UModSys@@SA_NPEAUIModuleReg@base@5@@Z 0000000180005410 f   umodsys_lib_libmedia:umodsys.mod.media.images_std.obj
 0001:00004480       ?s_reg@RGenerator@images_std@media@modules@UModSys@@SA_NPEAUIModuleReg@base@5@@Z 0000000180005480 f   umodsys_lib_libmedia:umodsys.mod.media.images_std.obj
 0001:00004500       ?loader_png@RMediaFilter@images_std@media@modules@UModSys@@QEAA_NPEAUIImage@lib2d@5@AEBUSInfo@IBinObjFilter@libmedia@5@AEBUSParameters@core@5@HPEBD_N@Z 0000000180005500 f   umodsys_lib_libmedia:umodsys.mod.media.images_std.obj
 0001:00004910       ?loader_jpeg@RMediaFilter@images_std@media@modules@UModSys@@QEAA_NPEAUIImage@lib2d@5@AEBUSInfo@IBinObjFilter@libmedia@5@AEBUSParameters@core@5@HPEBD_N@Z 0000000180005910 f   umodsys_lib_libmedia:umodsys.mod.media.images_std.obj
 0001:00004c70       ?filter_load@RMediaFilter@images_std@media@modules@UModSys@@UEAA_NAEBUSInfo@IBinObjFilter@libmedia@5@PEAUIRefObject@core@5@@Z 0000000180005c70 f   umodsys_lib_libmedia:umodsys.mod.media.images_std.obj
 0001:00004fc0       ?mod_dec@RGenerator@SDL_core@ui@modules@UModSys@@UEBA_NXZ 0000000180005fc0 f   umodsys_lib_libui:umodsys.mod.ui.SDL_core.obj
 0001:00004fe0       ?mod_inc@RGenerator@SDL_core@ui@modules@UModSys@@UEBA_NXZ 0000000180005fe0 f   umodsys_lib_libui:umodsys.mod.ui.SDL_core.obj
 0001:00005000       ?get_module@RGenerator@SDL_core@ui@modules@UModSys@@UEBAPEAUIModule@base@5@XZ 0000000180006000 f   umodsys_lib_libui:umodsys.mod.ui.SDL_core.obj
 0001:00005010       ?new_picture@RRenderDriver2D_SDL_core@SDL_core@ui@modules@UModSys@@UEAA?AU?$TRefObject@UIImage@lib2d@UModSys@@U?$TRefObjectFunc@UIImage@lib2d@UModSys@@@tl@3@@tl@5@AEBUSParameters@core@5@AEBU?$TString@U?$TSCoreConst@D@su@tl@UModSys@@U?$TComparerBinaryHash@D@234@@75@@Z 0000000180006010 f   umodsys_lib_libui:umodsys.mod.ui.SDL_core.obj
 0001:00005030       ?get_terminal@RRenderDriver2D_SDL_core@SDL_core@ui@modules@UModSys@@UEBAPEAUITerminal@libui@5@XZ 0000000180006030 f   umodsys_lib_libui:umodsys.mod.ui.SDL_core.obj
 0001:00005040       ?s_holder@RGenerator@SDL_core@ui@modules@UModSys@@SAAEAU?$TTypeStaticHolder@URGenerator@SDL_core@ui@modules@UModSys@@@tl@5@XZ 0000000180006040 f   umodsys_lib_libui:umodsys.mod.ui.SDL_core.obj
 0001:00005090       ?as_texture@RMultiImage2D_SDL_ttf@SDL_core@ui@modules@UModSys@@QEBAPEAUSDL_Texture@@PEAUSDL_Surface@@@Z 0000000180006090 f   umodsys_lib_libui:umodsys.mod.ui.SDL_core.obj
 0001:000050b0       ?s_unreg@RGenerator@SDL_core@ui@modules@UModSys@@SA_NPEAUIModuleReg@base@5@@Z 00000001800060b0 f   umodsys_lib_libui:umodsys.mod.ui.SDL_core.obj
 0001:00005120       ?s_reg@RGenerator@SDL_core@ui@modules@UModSys@@SA_NPEAUIModuleReg@base@5@@Z 0000000180006120 f   umodsys_lib_libui:umodsys.mod.ui.SDL_core.obj
 0001:000051a0       ?new_font@RRenderDriver2D_SDL_core@SDL_core@ui@modules@UModSys@@UEAA?AU?$TRefObject@UIMultiImage@lib2d@UModSys@@U?$TRefObjectFunc@UIMultiImage@lib2d@UModSys@@@tl@3@@tl@5@AEBUSParameters@core@5@AEBU?$TString@U?$TSCoreConst@D@su@tl@UModSys@@U?$TComparerBinaryHash@D@234@@75@@Z 00000001800061a0 f   umodsys_lib_libui:umodsys.mod.ui.SDL_core.obj
 0001:00005280       ?mod_dec@RGenerator@test1@test@modules@UModSys@@UEBA_NXZ 0000000180006280 f   plugin_test1.obj
 0001:000052a0       ?mod_inc@RGenerator@test1@test@modules@UModSys@@UEBA_NXZ 00000001800062a0 f   plugin_test1.obj
 0001:000052c0       ?get_module@RGenerator@test1@test@modules@UModSys@@UEBAPEAUIModule@base@5@XZ 00000001800062c0 f   plugin_test1.obj
 0001:000052e0       ?s_holder@RGenerator@test1@test@modules@UModSys@@SAAEAU?$TTypeStaticHolder@URGenerator@test1@test@modules@UModSys@@@tl@5@XZ 00000001800062e0 f   plugin_test1.obj
 0001:00005330       ?s_unreg@RGenerator@test1@test@modules@UModSys@@SA_NPEAUIModuleReg@base@5@@Z 0000000180006330 f   plugin_test1.obj
 0001:000053a0       ?s_reg@RGenerator@test1@test@modules@UModSys@@SA_NPEAUIModuleReg@base@5@@Z 00000001800063a0 f   plugin_test1.obj
 0001:00005420       ?ui_newfont@RTest1_Shell@test1@test@modules@UModSys@@QEAA?AU?$TRefObject@UIMultiImage@lib2d@UModSys@@U?$TRefObjectFunc@UIMultiImage@lib2d@UModSys@@@tl@3@@tl@5@AEBU?$TString@U?$TSCoreConst@D@su@tl@UModSys@@U?$TComparerBinaryHash@D@234@@75@AEBUSParameters@core@5@@Z 0000000180006420 f   plugin_test1.obj
 0001:00005560       ?ui_newterm@RTest1_Shell@test1@test@modules@UModSys@@QEAA?AU?$TRefObject@UITerminal@libui@UModSys@@U?$TRefObjectFunc@UITerminal@libui@UModSys@@@tl@3@@tl@5@AEBU?$TString@U?$TSCoreConst@D@su@tl@UModSys@@U?$TComparerBinaryHash@D@234@@75@AEBUSParameters@core@5@@Z 0000000180006560 f   plugin_test1.obj
 0001:000056a0       ?ui_test1@RTest1_Shell@test1@test@modules@UModSys@@QEAAXXZ 00000001800066a0 f   plugin_test1.obj
 0001:00005d70       ?add@SUniquePtrList@core@UModSys@@QEAA_NPEBUSUniquePointerInfo@23@@Z 0000000180006d70 f   umodsys_lib_core:umodsys.core.uniqueptrlist.obj
 0001:00005e46       memcpy                     0000000180006e46 f   MSVCRT:MSVCR90.dll
 0001:00005e4c       __CxxFrameHandler3         0000000180006e4c f   MSVCRT:MSVCR90.dll
 0001:00005e60       _setjmp                    0000000180006e60 f   MSVCRT:MSVCR90.dll
 0001:00005e80       _alloca_probe              0000000180006e80     MSVCRT:chkstk.obj
 0001:00005e80       __chkstk                   0000000180006e80 f   MSVCRT:chkstk.obj
 0002:00000000       __imp_Sleep                0000000180009000     kernel32:KERNEL32.dll
 0002:00000008       __imp_QueryPerformanceCounter 0000000180009008     kernel32:KERNEL32.dll
 0002:00000010       __imp_GetTickCount         0000000180009010     kernel32:KERNEL32.dll
 0002:00000018       __imp_GetCurrentThreadId   0000000180009018     kernel32:KERNEL32.dll
 0002:00000020       __imp_GetCurrentProcessId  0000000180009020     kernel32:KERNEL32.dll
 0002:00000028       __imp_GetSystemTimeAsFileTime 0000000180009028     kernel32:KERNEL32.dll
 0002:00000030       __imp_DisableThreadLibraryCalls 0000000180009030     kernel32:KERNEL32.dll
 0002:00000038       \177KERNEL32_NULL_THUNK_DATA 0000000180009038     kernel32:KERNEL32.dll
 0002:00000040       __imp___dllonexit          0000000180009040     MSVCRT:MSVCR90.dll
 0002:00000048       __imp__encode_pointer      0000000180009048     MSVCRT:MSVCR90.dll
 0002:00000050       __imp__lock                0000000180009050     MSVCRT:MSVCR90.dll
 0002:00000058       __imp__onexit              0000000180009058     MSVCRT:MSVCR90.dll
 0002:00000060       __imp__decode_pointer      0000000180009060     MSVCRT:MSVCR90.dll
 0002:00000068       __imp__malloc_crt          0000000180009068     MSVCRT:MSVCR90.dll
 0002:00000070       __imp__initterm            0000000180009070     MSVCRT:MSVCR90.dll
 0002:00000078       __imp__initterm_e          0000000180009078     MSVCRT:MSVCR90.dll
 0002:00000080       __imp__unlock              0000000180009080     MSVCRT:MSVCR90.dll
 0002:00000088       __imp__encoded_null        0000000180009088     MSVCRT:MSVCR90.dll
 0002:00000090       __imp__amsg_exit           0000000180009090     MSVCRT:MSVCR90.dll
 0002:00000098       __imp___CppXcptFilter      0000000180009098     MSVCRT:MSVCR90.dll
 0002:000000a0       __imp_?terminate@@YAXXZ    00000001800090a0     MSVCRT:MSVCR90.dll
 0002:000000a8       __imp_?_type_info_dtor_internal_method@type_info@@QEAAXXZ 00000001800090a8     MSVCRT:MSVCR90.dll
 0002:000000b0       __imp___clean_type_info_names_internal 00000001800090b0     MSVCRT:MSVCR90.dll
 0002:000000b8       __imp___CxxFrameHandler3   00000001800090b8     MSVCRT:MSVCR90.dll
 0002:000000c0       __imp_memcpy               00000001800090c0     MSVCRT:MSVCR90.dll
 0002:000000c8       __imp___C_specific_handler 00000001800090c8     MSVCRT:MSVCR90.dll
 0002:000000d0       __imp_longjmp              00000001800090d0     MSVCRT:MSVCR90.dll
 0002:000000d8       __imp_strstr               00000001800090d8     MSVCRT:MSVCR90.dll
 0002:000000e0       __imp_??2@YAPEAX_K@Z       00000001800090e0     MSVCRT:MSVCR90.dll
 0002:000000e8       __imp_??3@YAXPEAX@Z        00000001800090e8     MSVCRT:MSVCR90.dll
 0002:000000f0       __imp__purecall            00000001800090f0     MSVCRT:MSVCR90.dll
 0002:000000f8       __imp_free                 00000001800090f8     MSVCRT:MSVCR90.dll
 0002:00000100       __imp_strncmp              0000000180009100     MSVCRT:MSVCR90.dll
 0002:00000108       __imp__setjmp              0000000180009108     MSVCRT:MSVCR90.dll
 0002:00000110       \177MSVCR90_NULL_THUNK_DATA 0000000180009110     MSVCRT:MSVCR90.dll
 0002:00000118       __imp_TTF_CloseFont        0000000180009118     lib_SDL2:lib_SDL2.dll
 0002:00000120       __imp_TTF_Quit             0000000180009120     lib_SDL2:lib_SDL2.dll
 0002:00000128       __imp_SDL_RenderDrawRect   0000000180009128     lib_SDL2:lib_SDL2.dll
 0002:00000130       __imp_SDL_RenderFillRect   0000000180009130     lib_SDL2:lib_SDL2.dll
 0002:00000138       __imp_SDL_GetTicks         0000000180009138     lib_SDL2:lib_SDL2.dll
 0002:00000140       __imp_SDL_PeepEvents       0000000180009140     lib_SDL2:lib_SDL2.dll
 0002:00000148       __imp_SDL_SetTextureColorMod 0000000180009148     lib_SDL2:lib_SDL2.dll
 0002:00000150       __imp_SDL_CreateRenderer   0000000180009150     lib_SDL2:lib_SDL2.dll
 0002:00000158       __imp_SDL_FreeSurface      0000000180009158     lib_SDL2:lib_SDL2.dll
 0002:00000160       __imp_SDL_RenderClear      0000000180009160     lib_SDL2:lib_SDL2.dll
 0002:00000168       __imp_SDL_Delay            0000000180009168     lib_SDL2:lib_SDL2.dll
 0002:00000170       __imp_SDL_RenderDrawLine   0000000180009170     lib_SDL2:lib_SDL2.dll
 0002:00000178       __imp_SDL_RenderDrawLines  0000000180009178     lib_SDL2:lib_SDL2.dll
 0002:00000180       __imp_SDL_Init             0000000180009180     lib_SDL2:lib_SDL2.dll
 0002:00000188       __imp_SDL_DestroyWindow    0000000180009188     lib_SDL2:lib_SDL2.dll
 0002:00000190       __imp_TTF_GlyphMetrics     0000000180009190     lib_SDL2:lib_SDL2.dll
 0002:00000198       __imp_SDL_CreateWindow     0000000180009198     lib_SDL2:lib_SDL2.dll
 0002:000001a0       __imp_SDL_RenderCopy       00000001800091a0     lib_SDL2:lib_SDL2.dll
 0002:000001a8       __imp_SDL_DestroyRenderer  00000001800091a8     lib_SDL2:lib_SDL2.dll
 0002:000001b0       __imp_SDL_DestroyTexture   00000001800091b0     lib_SDL2:lib_SDL2.dll
 0002:000001b8       __imp_SDL_CreateTextureFromSurface 00000001800091b8     lib_SDL2:lib_SDL2.dll
 0002:000001c0       __imp_SDL_RenderPresent    00000001800091c0     lib_SDL2:lib_SDL2.dll
 0002:000001c8       __imp_SDL_SetRenderDrawBlendMode 00000001800091c8     lib_SDL2:lib_SDL2.dll
 0002:000001d0       __imp_SDL_SetRenderDrawColor 00000001800091d0     lib_SDL2:lib_SDL2.dll
 0002:000001d8       __imp_TTF_OpenFont         00000001800091d8     lib_SDL2:lib_SDL2.dll
 0002:000001e0       __imp_TTF_RenderGlyph_Shaded 00000001800091e0     lib_SDL2:lib_SDL2.dll
 0002:000001e8       __imp_TTF_Init             00000001800091e8     lib_SDL2:lib_SDL2.dll
 0002:000001f0       __imp_SDL_PumpEvents       00000001800091f0     lib_SDL2:lib_SDL2.dll
 0002:000001f8       __imp_SDL_Quit             00000001800091f8     lib_SDL2:lib_SDL2.dll
 0002:00000200       \177lib_SDL2_NULL_THUNK_DATA 0000000180009200     lib_SDL2:lib_SDL2.dll
 0002:00000208       __imp_jpeg_std_error       0000000180009208     lib_jpeglib:lib_jpeglib.dll
 0002:00000210       __imp_jpeg_finish_decompress 0000000180009210     lib_jpeglib:lib_jpeglib.dll
 0002:00000218       __imp_jpeg_read_header     0000000180009218     lib_jpeglib:lib_jpeglib.dll
 0002:00000220       __imp_jpeg_resync_to_restart 0000000180009220     lib_jpeglib:lib_jpeglib.dll
 0002:00000228       __imp_jpeg_destroy_decompress 0000000180009228     lib_jpeglib:lib_jpeglib.dll
 0002:00000230       __imp_jpeg_CreateDecompress 0000000180009230     lib_jpeglib:lib_jpeglib.dll
 0002:00000238       __imp_jpeg_start_decompress 0000000180009238     lib_jpeglib:lib_jpeglib.dll
 0002:00000240       __imp_jpeg_destroy         0000000180009240     lib_jpeglib:lib_jpeglib.dll
 0002:00000248       __imp_jpeg_read_scanlines  0000000180009248     lib_jpeglib:lib_jpeglib.dll
 0002:00000250       \177lib_jpeglib_NULL_THUNK_DATA 0000000180009250     lib_jpeglib:lib_jpeglib.dll
 0002:00000258       __imp_png_error            0000000180009258     lib_libpng:lib_libpng.dll
 0002:00000260       __imp_png_read_row         0000000180009260     lib_libpng:lib_libpng.dll
 0002:00000268       __imp_png_set_sig_bytes    0000000180009268     lib_libpng:lib_libpng.dll
 0002:00000270       __imp_png_read_update_info 0000000180009270     lib_libpng:lib_libpng.dll
 0002:00000278       __imp_png_set_read_fn      0000000180009278     lib_libpng:lib_libpng.dll
 0002:00000280       __imp_png_create_info_struct 0000000180009280     lib_libpng:lib_libpng.dll
 0002:00000288       __imp_png_get_io_ptr       0000000180009288     lib_libpng:lib_libpng.dll
 0002:00000290       __imp_png_create_read_struct 0000000180009290     lib_libpng:lib_libpng.dll
 0002:00000298       __imp_png_sig_cmp          0000000180009298     lib_libpng:lib_libpng.dll
 0002:000002a0       __imp_png_read_info        00000001800092a0     lib_libpng:lib_libpng.dll
 0002:000002a8       __imp_png_get_IHDR         00000001800092a8     lib_libpng:lib_libpng.dll
 0002:000002b0       __imp_png_destroy_read_struct 00000001800092b0     lib_libpng:lib_libpng.dll
 0002:000002b8       \177lib_libpng_NULL_THUNK_DATA 00000001800092b8     lib_libpng:lib_libpng.dll
 0002:000002c0       __xc_a                     00000001800092c0     MSVCRT:cinitexe.obj
 0002:00000990       __xc_z                     0000000180009990     MSVCRT:cinitexe.obj
 0002:00000998       __xi_a                     0000000180009998     MSVCRT:cinitexe.obj
 0002:000009a8       __xi_z                     00000001800099a8     MSVCRT:cinitexe.obj
 0002:000009b8       ??_7type_info@@6B@         00000001800099b8     MSVCRT:ti_inst.obj
 0002:000009c0       _pRawDllMain               00000001800099c0     MSVCRT:crtdll.obj
 0002:000009c0       _pDefaultRawDllMain        00000001800099c0     MSVCRT:crtdll.obj
 0002:000009c8       ??_C@_0P@GHFPNOJB@bad?5allocation?$AA@ 00000001800099c8     plugin_test1.obj
 0002:000009d8       ??_C@_0BF@OCNNAADO@UModSys?3?3core?3?3IRoot?$AA@ 00000001800099d8     plugin_test1.obj
 0002:000009f0       ??_C@_0BK@EMIJFOPA@UModSys?3?3core?3?3IRefObject?$AA@ 00000001800099f0     plugin_test1.obj
 0002:00000a10       ??_C@_0BL@IOMMHELF@UModSys?3?3core?3?3IParameters?$AA@ 0000000180009a10     plugin_test1.obj
 0002:00000a30       ??_C@_0BH@LKDEEPPM@UModSys?3?3base?3?3IModule?$AA@ 0000000180009a30     plugin_test1.obj
 0002:00000a48       ??_C@_0BO@PHJOHFCB@UModSys?3?3base?3?3IModuleLibrary?$AA@ 0000000180009a48     plugin_test1.obj
 0002:00000a68       ??_C@_0BK@FDPIOPHG@UModSys?3?3base?3?3IModObject?$AA@ 0000000180009a68     plugin_test1.obj
 0002:00000a88       ??_C@_0BK@OIBKNCKJ@UModSys?3?3base?3?3IGenerator?$AA@ 0000000180009a88     plugin_test1.obj
 0002:00000aa8       ??_C@_0BG@PJBGCMEC@UModSys?3?3base?3?3IShell?$AA@ 0000000180009aa8     plugin_test1.obj
 0002:00000ac0       ??_C@_0BI@IKAOEFAP@UModSys?3?3base?3?3IConsole?$AA@ 0000000180009ac0     plugin_test1.obj
 0002:00000ad8       ??_C@_0BH@PFCONEJJ@UModSys?3?3base?3?3ISystem?$AA@ 0000000180009ad8     plugin_test1.obj
 0002:00000af0       ??_C@_0CB@CLGNFEGF@UModSys?3?3libmedia?3?3IStreamReader@ 0000000180009af0     plugin_test1.obj
 0002:00000b18       ??_C@_0CB@HOPFFLP@UModSys?3?3libmedia?3?3IStreamWriter@ 0000000180009b18     plugin_test1.obj
 0002:00000b40       ??_C@_0BP@KCJMEDNO@UModSys?3?3libmedia?3?3IBinArchive?$AA@ 0000000180009b40     plugin_test1.obj
[...]
 0001:000064f0       ??__E?s_id@?$TObjectUniqueID@UIRoot@core@UModSys@@@tl@UModSys@@2USUniquePointer@core@3@A@@YAXXZ 00000001800074f0 f    CIL library: CIL module
 0001:00006530       ??__E?s_id@?$TObjectUniqueID@UIRefObject@core@UModSys@@@tl@UModSys@@2USUniquePointer@core@3@A@@YAXXZ 0000000180007530 f    CIL library: CIL module
 0001:00006570       ??__E?s_id@?$TObjectUniqueID@UIParameters@core@UModSys@@@tl@UModSys@@2USUniquePointer@core@3@A@@YAXXZ 0000000180007570 f    CIL library: CIL module
 0001:000065b0       ??__E?s_id@?$TObjectUniqueID@UIModule@base@UModSys@@@tl@UModSys@@2USUniquePointer@core@3@A@@YAXXZ 00000001800075b0 f    CIL library: CIL module
 0001:000065f0       ??__E?s_id@?$TObjectUniqueID@UIModuleLibrary@base@UModSys@@@tl@UModSys@@2USUniquePointer@core@3@A@@YAXXZ 00000001800075f0 f    CIL library: CIL module
 0001:00006630       ??__E?s_id@?$TObjectUniqueID@UIModObject@base@UModSys@@@tl@UModSys@@2USUniquePointer@core@3@A@@YAXXZ 0000000180007630 f    CIL library: CIL module
 0001:00006670       ??__E?s_id@?$TObjectUniqueID@UIGenerator@base@UModSys@@@tl@UModSys@@2USUniquePointer@core@3@A@@YAXXZ 0000000180007670 f    CIL library: CIL module
 0001:000066b0       ??__E?s_id@?$TObjectUniqueID@UIShell@base@UModSys@@@tl@UModSys@@2USUniquePointer@core@3@A@@YAXXZ 00000001800076b0 f    CIL library: CIL module
 0001:000066f0       ??__E?s_id@?$TObjectUniqueID@UIConsole@base@UModSys@@@tl@UModSys@@2USUniquePointer@core@3@A@@YAXXZ 00000001800076f0 f    CIL library: CIL module
 0001:00006730       ??__E?s_id@?$TObjectUniqueID@UISystem@base@UModSys@@@tl@UModSys@@2USUniquePointer@core@3@A@@YAXXZ 0000000180007730 f    CIL library: CIL module
 0001:00006770       ??__E?s_id@?$TObjectUniqueID@UIStreamReader@libmedia@UModSys@@@tl@UModSys@@2USUniquePointer@core@3@A@@YAXXZ 0000000180007770 f    CIL library: CIL module
 0001:000067b0       ??__E?s_id@?$TObjectUniqueID@UIStreamWriter@libmedia@UModSys@@@tl@UModSys@@2USUniquePointer@core@3@A@@YAXXZ 00000001800077b0 f    CIL library: CIL module
 0001:000067f0       ??__E?s_id@?$TObjectUniqueID@UIBinArchive@libmedia@UModSys@@@tl@UModSys@@2USUniquePointer@core@3@A@@YAXXZ 00000001800077f0 f    CIL library: CIL module
 0001:00006830       ??__E?s_id@?$TObjectUniqueID@UIBinObjFilter@libmedia@UModSys@@@tl@UModSys@@2USUniquePointer@core@3@A@@YAXXZ 0000000180007830 f    CIL library: CIL module
 0001:00006870       ??__E?s_id@?$TObjectUniqueID@UILibrary@libmedia@UModSys@@@tl@UModSys@@2USUniquePointer@core@3@A@@YAXXZ 0000000180007870 f    CIL library: CIL module
 0001:000068b0       ??__E?s_id@?$TObjectUniqueID@UILibraryBinTree@libmedia@UModSys@@@tl@UModSys@@2USUniquePointer@core@3@A@@YAXXZ 00000001800078b0 f    CIL library: CIL module
 0001:000068f0       ??__E?s_id@?$TObjectUniqueID@UILibraryBinCache@libmedia@UModSys@@@tl@UModSys@@2USUniquePointer@core@3@A@@YAXXZ 00000001800078f0 f    CIL library: CIL module
 0001:00006930       ??__E?s_id@?$TObjectUniqueID@UILibraryObjFilter@libmedia@UModSys@@@tl@UModSys@@2USUniquePointer@core@3@A@@YAXXZ 0000000180007930 f    CIL library: CIL module
 0001:00006970       ??__E?s_id@?$TObjectUniqueID@UILibraryObjCache@libmedia@UModSys@@@tl@UModSys@@2USUniquePointer@core@3@A@@YAXXZ 0000000180007970 f    CIL library: CIL module
 0001:000069b0       ??__E?s_id@?$TObjectUniqueID@UILibraryLayered@libmedia@UModSys@@@tl@UModSys@@2USUniquePointer@core@3@A@@YAXXZ 00000001800079b0 f    CIL library: CIL module
 0001:000069f0       ??__E?s_id@?$TObjectUniqueID@UIConsoleExt@base@UModSys@@@tl@UModSys@@2USUniquePointer@core@3@A@@YAXXZ 00000001800079f0 f    CIL library: CIL module
 0001:00006a30       ??__E?s_id@?$TObjectUniqueID@UIConsoleHelper@base@UModSys@@@tl@UModSys@@2USUniquePointer@core@3@A@@YAXXZ 0000000180007a30 f    CIL library: CIL module
 0001:00006a70       ??__E?s_id@?$TObjectUniqueID@UIConsoleHelperHistory@base@UModSys@@@tl@UModSys@@2USUniquePointer@core@3@A@@YAXXZ 0000000180007a70 f    CIL library: CIL module
 0001:00006ab0       ??__E?s_id@?$TObjectUniqueID@UIConsoleHelperInput@base@UModSys@@@tl@UModSys@@2USUniquePointer@core@3@A@@YAXXZ 0000000180007ab0 f    CIL library: CIL module
 0001:00006af0       ??__E?s_id@?$TObjectUniqueID@UIConsoleHelperOutput@base@UModSys@@@tl@UModSys@@2USUniquePointer@core@3@A@@YAXXZ 0000000180007af0 f    CIL library: CIL module
 0001:00006b30       ??__E?s_id@?$TObjectUniqueID@UIConsoleHelperOutputFCS@base@UModSys@@@tl@UModSys@@2USUniquePointer@core@3@A@@YAXXZ 0000000180007b30 f    CIL library: CIL module
 0001:00006b70       ??__E?s_id@?$TObjectUniqueID@UIKeyboardController@libui@UModSys@@@tl@UModSys@@2USUniquePointer@core@3@A@@YAXXZ 0000000180007b70 f    CIL library: CIL module
 0001:00006bb0       ??__E?s_id@?$TObjectUniqueID@UIMouseController@libui@UModSys@@@tl@UModSys@@2USUniquePointer@core@3@A@@YAXXZ 0000000180007bb0 f    CIL library: CIL module
 0001:00006bf0       ??__E?s_id@?$TObjectUniqueID@UIJoystickController@libui@UModSys@@@tl@UModSys@@2USUniquePointer@core@3@A@@YAXXZ 0000000180007bf0 f    CIL library: CIL module
 0001:00006c30       ??__E?s_id@?$TObjectUniqueID@UITerminal@libui@UModSys@@@tl@UModSys@@2USUniquePointer@core@3@A@@YAXXZ 0000000180007c30 f    CIL library: CIL module
 0001:00006c70       ??__E?s_id@?$TObjectUniqueID@UIConsoleHelperInput_UIKey@libui@UModSys@@@tl@UModSys@@2USUniquePointer@core@3@A@@YAXXZ 0000000180007c70 f    CIL library: CIL module
 0001:00006cb0       ??__E?s_id@?$TObjectUniqueID@UIImage@lib2d@UModSys@@@tl@UModSys@@2USUniquePointer@core@3@A@@YAXXZ 0000000180007cb0 f    CIL library: CIL module
 0001:00006cf0       ??__E?s_id@?$TObjectUniqueID@UIMultiImage@lib2d@UModSys@@@tl@UModSys@@2USUniquePointer@core@3@A@@YAXXZ 0000000180007cf0 f    CIL library: CIL module
 0001:00006d30       ??__E?s_id@?$TObjectUniqueID@UIRenderDriver@lib2d@UModSys@@@tl@UModSys@@2USUniquePointer@core@3@A@@YAXXZ 0000000180007d30 f    CIL library: CIL module
 0001:00006d70       ??__E?s_id@?$TObjectUniqueID@UILines@test1@test@modules@UModSys@@@tl@UModSys@@2USUniquePointer@core@3@A@@YAXXZ 0000000180007d70 f    CIL library: CIL module
 0001:00006db0       ??__E?s_id@?$TObjectUniqueID@URLines@test1@test@modules@UModSys@@@tl@UModSys@@2USUniquePointer@core@3@A@@YAXXZ 0000000180007db0 f    CIL library: CIL module
 0001:00006df0       ??__E?s_id@?$TObjectUniqueID@URLines_Filter@test1@test@modules@UModSys@@@tl@UModSys@@2USUniquePointer@core@3@A@@YAXXZ 0000000180007df0 f    CIL library: CIL module
 0001:00006e30       ??__E?s_id@?$TObjectUniqueID@URTest1_Shell@test1@test@modules@UModSys@@@tl@UModSys@@2USUniquePointer@core@3@A@@YAXXZ 0000000180007e30 f    CIL library: CIL module
 0001:00006e70       ??__E?s_id@?$TObjectUniqueID@URGenerator@test1@test@modules@UModSys@@@tl@UModSys@@2USUniquePointer@core@3@A@@YAXXZ 0000000180007e70 f    CIL library: CIL module
 0001:00006eb0       ??__E?s_modreg@RModuleReg@SDL_core@ui@modules@UModSys@@2U12345@A@@YAXXZ 0000000180007eb0 f    CIL library: CIL module
 0001:00006f00       ??__E?s_modreg_chain@RModuleReg@SDL_core@ui@modules@UModSys@@2USModuleRegChain@base@5@A@@YAXXZ 0000000180007f00 f    CIL library: CIL module
 0001:00006f30       ??__E?s_uid@RGenerator@SDL_core@ui@modules@UModSys@@2USUniquePointer@core@5@A@@YAXXZ 0000000180007f30 f    CIL library: CIL module
 0001:00006f70       ??__E?s_id@?$TObjectUniqueID@URMultiImage2D_SDL_ttf@SDL_core@ui@modules@UModSys@@@tl@UModSys@@2USUniquePointer@core@3@A@@YAXXZ 0000000180007f70 f    CIL library: CIL module
 0001:00006fb0       ??__E?s_id@?$TObjectUniqueID@URRenderDriver2D_SDL_core@SDL_core@ui@modules@UModSys@@@tl@UModSys@@2USUniquePointer@core@3@A@@YAXXZ 0000000180007fb0 f    CIL library: CIL module
 0001:00006ff0       ??__E?s_id@?$TObjectUniqueID@URTerminal_SDL_core@SDL_core@ui@modules@UModSys@@@tl@UModSys@@2USUniquePointer@core@3@A@@YAXXZ 0000000180007ff0 f    CIL library: CIL module
 0001:00007030       ??__E?s_id@?$TObjectUniqueID@URGenerator@SDL_core@ui@modules@UModSys@@@tl@UModSys@@2USUniquePointer@core@3@A@@YAXXZ 0000000180008030 f    CIL library: CIL module
 0001:00007070       ??__E?s_modreg@RModuleReg@images_std@media@modules@UModSys@@2U12345@A@@YAXXZ 0000000180008070 f    CIL library: CIL module
 0001:000070c0       ??__E?s_modreg_chain@RModuleReg@images_std@media@modules@UModSys@@2USModuleRegChain@base@5@A@@YAXXZ 00000001800080c0 f    CIL library: CIL module
 0001:000070f0       ??__E?s_uid@RGenerator@images_std@media@modules@UModSys@@2USUniquePointer@core@5@A@@YAXXZ 00000001800080f0 f    CIL library: CIL module
 0001:00007130       ??__E?s_id@?$TObjectUniqueID@URMediaFilter@images_std@media@modules@UModSys@@@tl@UModSys@@2USUniquePointer@core@3@A@@YAXXZ 0000000180008130 f    CIL library: CIL module
 0001:00007170       ??__E?s_id@?$TObjectUniqueID@URGenerator@images_std@media@modules@UModSys@@@tl@UModSys@@2USUniquePointer@core@3@A@@YAXXZ 0000000180008170 f    CIL library: CIL module
 0001:000071b0       ??__EM@UModSys@@YAXXZ      00000001800081b0 f    CIL library: CIL module
 0001:000071d0       ??__E?root@SModuleRegChain@base@UModSys@@2U123@A@@YAXXZ 00000001800081d0 f    CIL library: CIL module
 0001:00007200       ??__E?s_library@RModuleLibraryReg_Chain@base@UModSys@@2U123@A@@YAXXZ 0000000180008200 f    CIL library: CIL module
 0001:00007220       ??__E?root@SUniquePointer@core@UModSys@@2U123@A@@YAXXZ 0000000180008220 f    CIL library: CIL module
 0001:00007250       ??__F?s_modreg@RModuleReg@test1@test@modules@UModSys@@2U12345@A@@YAXXZ 0000000180008250 f    CIL library: CIL module
 0001:00007270       ??__F?s_modreg_chain@RModuleReg@test1@test@modules@UModSys@@2USModuleRegChain@base@5@A@@YAXXZ 0000000180008270 f    CIL library: CIL module
 0001:00007280       ??__F?s_uid@RGenerator@test1@test@modules@UModSys@@2USUniquePointer@core@5@A@@YAXXZ 0000000180008280 f    CIL library: CIL module
 0001:00007290       ??__Fh@?1??s_holder@RGenerator@test1@test@modules@UModSys@@SAAEAU?$TTypeStaticHolder@URGenerator@test1@test@modules@UModSys@@@tl@5@XZ@YAXXZ 0000000180008290 f    CIL library: CIL module
 0001:000072c0       ??__F?s_id@?$TObjectUniqueID@URGenerator@test1@test@modules@UModSys@@@tl@UModSys@@2USUniquePointer@core@3@A@@YAXXZ 00000001800082c0 f    CIL library: CIL module
 0001:000072d0       ??__F?s_id@?$TObjectUniqueID@URTest1_Shell@test1@test@modules@UModSys@@@tl@UModSys@@2USUniquePointer@core@3@A@@YAXXZ 00000001800082d0 f    CIL library: CIL module
 0001:000072e0       ??__F?s_id@?$TObjectUniqueID@URLines_Filter@test1@test@modules@UModSys@@@tl@UModSys@@2USUniquePointer@core@3@A@@YAXXZ 00000001800082e0 f    CIL library: CIL module
 0001:000072f0       ??__F?s_id@?$TObjectUniqueID@URLines@test1@test@modules@UModSys@@@tl@UModSys@@2USUniquePointer@core@3@A@@YAXXZ 00000001800082f0 f    CIL library: CIL module
 0001:00007300       ??__F?s_id@?$TObjectUniqueID@UILines@test1@test@modules@UModSys@@@tl@UModSys@@2USUniquePointer@core@3@A@@YAXXZ 0000000180008300 f    CIL library: CIL module
 0001:00007310       ??__F?s_id@?$TObjectUniqueID@UIRenderDriver@lib2d@UModSys@@@tl@UModSys@@2USUniquePointer@core@3@A@@YAXXZ 0000000180008310 f    CIL library: CIL module
 0001:00007320       ??__F?s_id@?$TObjectUniqueID@UIMultiImage@lib2d@UModSys@@@tl@UModSys@@2USUniquePointer@core@3@A@@YAXXZ 0000000180008320 f    CIL library: CIL module
 0001:00007330       ??__F?s_id@?$TObjectUniqueID@UIImage@lib2d@UModSys@@@tl@UModSys@@2USUniquePointer@core@3@A@@YAXXZ 0000000180008330 f    CIL library: CIL module
 0001:00007340       ??__F?s_id@?$TObjectUniqueID@UIConsoleHelperInput_UIKey@libui@UModSys@@@tl@UModSys@@2USUniquePointer@core@3@A@@YAXXZ 0000000180008340 f    CIL library: CIL module
 0001:00007350       ??__F?s_id@?$TObjectUniqueID@UITerminal@libui@UModSys@@@tl@UModSys@@2USUniquePointer@core@3@A@@YAXXZ 0000000180008350 f    CIL library: CIL module
 0001:00007360       ??__F?s_id@?$TObjectUniqueID@UIJoystickController@libui@UModSys@@@tl@UModSys@@2USUniquePointer@core@3@A@@YAXXZ 0000000180008360 f    CIL library: CIL module
 0001:00007370       ??__F?s_id@?$TObjectUniqueID@UIMouseController@libui@UModSys@@@tl@UModSys@@2USUniquePointer@core@3@A@@YAXXZ 0000000180008370 f    CIL library: CIL module
 0001:00007380       ??__F?s_id@?$TObjectUniqueID@UIKeyboardController@libui@UModSys@@@tl@UModSys@@2USUniquePointer@core@3@A@@YAXXZ 0000000180008380 f    CIL library: CIL module
 0001:00007390       ??__F?s_id@?$TObjectUniqueID@UIConsoleHelperOutputFCS@base@UModSys@@@tl@UModSys@@2USUniquePointer@core@3@A@@YAXXZ 0000000180008390 f    CIL library: CIL module
 0001:000073a0       ??__F?s_id@?$TObjectUniqueID@UIConsoleHelperOutput@base@UModSys@@@tl@UModSys@@2USUniquePointer@core@3@A@@YAXXZ 00000001800083a0 f    CIL library: CIL module
 0001:000073b0       ??__F?s_id@?$TObjectUniqueID@UIConsoleHelperInput@base@UModSys@@@tl@UModSys@@2USUniquePointer@core@3@A@@YAXXZ 00000001800083b0 f    CIL library: CIL module
 0001:000073c0       ??__F?s_id@?$TObjectUniqueID@UIConsoleHelperHistory@base@UModSys@@@tl@UModSys@@2USUniquePointer@core@3@A@@YAXXZ 00000001800083c0 f    CIL library: CIL module
 0001:000073d0       ??__F?s_id@?$TObjectUniqueID@UIConsoleHelper@base@UModSys@@@tl@UModSys@@2USUniquePointer@core@3@A@@YAXXZ 00000001800083d0 f    CIL library: CIL module
 0001:000073e0       ??__F?s_id@?$TObjectUniqueID@UIConsoleExt@base@UModSys@@@tl@UModSys@@2USUniquePointer@core@3@A@@YAXXZ 00000001800083e0 f    CIL library: CIL module
 0001:000073f0       ??__F?s_id@?$TObjectUniqueID@UILibraryLayered@libmedia@UModSys@@@tl@UModSys@@2USUniquePointer@core@3@A@@YAXXZ 00000001800083f0 f    CIL library: CIL module
 0001:00007400       ??__F?s_id@?$TObjectUniqueID@UILibraryObjCache@libmedia@UModSys@@@tl@UModSys@@2USUniquePointer@core@3@A@@YAXXZ 0000000180008400 f    CIL library: CIL module
 0001:00007410       ??__F?s_id@?$TObjectUniqueID@UILibraryObjFilter@libmedia@UModSys@@@tl@UModSys@@2USUniquePointer@core@3@A@@YAXXZ 0000000180008410 f    CIL library: CIL module
 0001:00007420       ??__F?s_id@?$TObjectUniqueID@UILibraryBinCache@libmedia@UModSys@@@tl@UModSys@@2USUniquePointer@core@3@A@@YAXXZ 0000000180008420 f    CIL library: CIL module
 0001:00007430       ??__F?s_id@?$TObjectUniqueID@UILibraryBinTree@libmedia@UModSys@@@tl@UModSys@@2USUniquePointer@core@3@A@@YAXXZ 0000000180008430 f    CIL library: CIL module
 0001:00007440       ??__F?s_id@?$TObjectUniqueID@UILibrary@libmedia@UModSys@@@tl@UModSys@@2USUniquePointer@core@3@A@@YAXXZ 0000000180008440 f    CIL library: CIL module
 0001:00007450       ??__F?s_id@?$TObjectUniqueID@UIBinObjFilter@libmedia@UModSys@@@tl@UModSys@@2USUniquePointer@core@3@A@@YAXXZ 0000000180008450 f    CIL library: CIL module
 0001:00007460       ??__F?s_id@?$TObjectUniqueID@UIBinArchive@libmedia@UModSys@@@tl@UModSys@@2USUniquePointer@core@3@A@@YAXXZ 0000000180008460 f    CIL library: CIL module
 0001:00007470       ??__F?s_id@?$TObjectUniqueID@UIStreamWriter@libmedia@UModSys@@@tl@UModSys@@2USUniquePointer@core@3@A@@YAXXZ 0000000180008470 f    CIL library: CIL module
 0001:00007480       ??__F?s_id@?$TObjectUniqueID@UIStreamReader@libmedia@UModSys@@@tl@UModSys@@2USUniquePointer@core@3@A@@YAXXZ 0000000180008480 f    CIL library: CIL module
 0001:00007490       ??__F?s_id@?$TObjectUniqueID@UISystem@base@UModSys@@@tl@UModSys@@2USUniquePointer@core@3@A@@YAXXZ 0000000180008490 f    CIL library: CIL module
 0001:000074a0       ??__F?s_id@?$TObjectUniqueID@UIConsole@base@UModSys@@@tl@UModSys@@2USUniquePointer@core@3@A@@YAXXZ 00000001800084a0 f    CIL library: CIL module
 0001:000074b0       ??__F?s_id@?$TObjectUniqueID@UIShell@base@UModSys@@@tl@UModSys@@2USUniquePointer@core@3@A@@YAXXZ 00000001800084b0 f    CIL library: CIL module
 0001:000074c0       ??__F?s_id@?$TObjectUniqueID@UIGenerator@base@UModSys@@@tl@UModSys@@2USUniquePointer@core@3@A@@YAXXZ 00000001800084c0 f    CIL library: CIL module
 0001:000074d0       ??__F?s_id@?$TObjectUniqueID@UIModObject@base@UModSys@@@tl@UModSys@@2USUniquePointer@core@3@A@@YAXXZ 00000001800084d0 f    CIL library: CIL module
 0001:000074e0       ??__F?s_id@?$TObjectUniqueID@UIModuleLibrary@base@UModSys@@@tl@UModSys@@2USUniquePointer@core@3@A@@YAXXZ 00000001800084e0 f    CIL library: CIL module
 0001:000074f0       ??__F?s_id@?$TObjectUniqueID@UIModule@base@UModSys@@@tl@UModSys@@2USUniquePointer@core@3@A@@YAXXZ 00000001800084f0 f    CIL library: CIL module
 0001:00007500       ??__F?s_id@?$TObjectUniqueID@UIParameters@core@UModSys@@@tl@UModSys@@2USUniquePointer@core@3@A@@YAXXZ 0000000180008500 f    CIL library: CIL module
 0001:00007510       ??__F?s_id@?$TObjectUniqueID@UIRefObject@core@UModSys@@@tl@UModSys@@2USUniquePointer@core@3@A@@YAXXZ 0000000180008510 f    CIL library: CIL module
 0001:00007520       ??__F?s_id@?$TObjectUniqueID@UIRoot@core@UModSys@@@tl@UModSys@@2USUniquePointer@core@3@A@@YAXXZ 0000000180008520 f    CIL library: CIL module
 0001:00007530       ??__F?s_modreg@RModuleReg@SDL_core@ui@modules@UModSys@@2U12345@A@@YAXXZ 0000000180008530 f    CIL library: CIL module
 0001:00007550       ??__F?s_modreg_chain@RModuleReg@SDL_core@ui@modules@UModSys@@2USModuleRegChain@base@5@A@@YAXXZ 0000000180008550 f    CIL library: CIL module
 0001:00007560       ??__F?s_uid@RGenerator@SDL_core@ui@modules@UModSys@@2USUniquePointer@core@5@A@@YAXXZ 0000000180008560 f    CIL library: CIL module
 0001:00007570       ??__Fh@?1??s_holder@RGenerator@SDL_core@ui@modules@UModSys@@SAAEAU?$TTypeStaticHolder@URGenerator@SDL_core@ui@modules@UModSys@@@tl@5@XZ@YAXXZ 0000000180008570 f    CIL library: CIL module
 0001:000075a0       ??__F?s_id@?$TObjectUniqueID@URGenerator@SDL_core@ui@modules@UModSys@@@tl@UModSys@@2USUniquePointer@core@3@A@@YAXXZ 00000001800085a0 f    CIL library: CIL module
 0001:000075b0       ??__F?s_id@?$TObjectUniqueID@URTerminal_SDL_core@SDL_core@ui@modules@UModSys@@@tl@UModSys@@2USUniquePointer@core@3@A@@YAXXZ 00000001800085b0 f    CIL library: CIL module
 0001:000075c0       ??__F?s_id@?$TObjectUniqueID@URRenderDriver2D_SDL_core@SDL_core@ui@modules@UModSys@@@tl@UModSys@@2USUniquePointer@core@3@A@@YAXXZ 00000001800085c0 f    CIL library: CIL module
 0001:000075d0       ??__F?s_id@?$TObjectUniqueID@URMultiImage2D_SDL_ttf@SDL_core@ui@modules@UModSys@@@tl@UModSys@@2USUniquePointer@core@3@A@@YAXXZ 00000001800085d0 f    CIL library: CIL module
 0001:000075e0       ??__F?s_modreg@RModuleReg@images_std@media@modules@UModSys@@2U12345@A@@YAXXZ 00000001800085e0 f    CIL library: CIL module
 0001:00007600       ??__F?s_modreg_chain@RModuleReg@images_std@media@modules@UModSys@@2USModuleRegChain@base@5@A@@YAXXZ 0000000180008600 f    CIL library: CIL module
 0001:00007610       ??__F?s_uid@RGenerator@images_std@media@modules@UModSys@@2USUniquePointer@core@5@A@@YAXXZ 0000000180008610 f    CIL library: CIL module
 0001:00007620       ??__Fh@?1??s_holder@RGenerator@images_std@media@modules@UModSys@@SAAEAU?$TTypeStaticHolder@URGenerator@images_std@media@modules@UModSys@@@tl@5@XZ@YAXXZ 0000000180008620 f    CIL library: CIL module
 0001:00007650       ??__F?s_id@?$TObjectUniqueID@URGenerator@images_std@media@modules@UModSys@@@tl@UModSys@@2USUniquePointer@core@3@A@@YAXXZ 0000000180008650 f    CIL library: CIL module
 0001:00007660       ??__F?s_id@?$TObjectUniqueID@URMediaFilter@images_std@media@modules@UModSys@@@tl@UModSys@@2USUniquePointer@core@3@A@@YAXXZ 0000000180008660 f    CIL library: CIL module
 0001:00007670       ??__FM@UModSys@@YAXXZ      0000000180008670 f    CIL library: CIL module
 0001:00007680       ??__F?root@SModuleRegChain@base@UModSys@@2U123@A@@YAXXZ 0000000180008680 f    CIL library: CIL module
 0001:00007690       ??__F?s_library@RModuleLibraryReg_Chain@base@UModSys@@2U123@A@@YAXXZ 0000000180008690 f    CIL library: CIL module
 0001:000076a0       ??__F?root@SUniquePointer@core@UModSys@@2U123@A@@YAXXZ 00000001800086a0 f    CIL library: CIL module

 Exports

  ordinal    name

        1    UModSys_Plugin_Entry2
