 plugin_test1

 Timestamp is 52b29b61 (Thu Dec 19 10:08:17 2013)

 Preferred load address is 0000000180000000

 Start         Length     Name                   Class
 0001:00000000 0001ca90H .text                   CODE
 0001:0001ca90 0000005eH .text$00                CODE
 0001:0001caf0 000019e8H .text$x                 CODE
 0001:0001e4e0 00001902H .text$yc                CODE
 0001:0001fdf0 000007fcH .text$yd                CODE
 0002:00000000 00000390H .idata$5                DATA
 0002:00000390 00000008H .CRT$XCA                DATA
 0002:00000398 00001190H .CRT$XCU                DATA
 0002:00001528 00000008H .CRT$XCZ                DATA
 0002:00001530 00000008H .CRT$XIA                DATA
 0002:00001538 00000008H .CRT$XIAA               DATA
 0002:00001540 00000008H .CRT$XIZ                DATA
 0002:00001550 00004848H .rdata                  DATA
 0002:00005da0 00002854H .rdata$r                DATA
 0002:000085f8 00000008H .rtc$IAA                DATA
 0002:00008600 00000008H .rtc$IZZ                DATA
 0002:00008608 00000008H .rtc$TAA                DATA
 0002:00008610 00000008H .rtc$TZZ                DATA
 0002:00008618 00003bf0H .xdata                  DATA
 0002:0000c208 00000078H .idata$2                DATA
 0002:0000c280 00000014H .idata$3                DATA
 0002:0000c298 00000390H .idata$4                DATA
 0002:0000c628 000007feH .idata$6                DATA
 0002:0000ce30 00000059H .edata                  DATA
 0003:00000000 00001260H .data                   DATA
 0003:00001260 00001d38H .bss                    DATA
 0004:00000000 000028bcH .pdata                  DATA

  Address         Publics by Value              Rva+Base               Lib:Object

 0000:00000000       ___safe_se_handler_table   0000000000000000     <absolute>
 0000:00000000       ___safe_se_handler_count   0000000000000000     <absolute>
 0000:00000000       __ImageBase                0000000180000000     <linker-defined>
 0001:00000000       ??3IRoot@core@UModSys@@SAXPEAXAEBUSIMemAlloc@12@@Z 0000000180001000 f i plugin_test1.obj
 0001:00000010       ?mount_add@ILibraryBinTree@libmedia@UModSys@@QEAA_NAEBU?$TString@U?$TSCoreConst@D@su@tl@UModSys@@U?$TComparerBinaryHash@D@234@@tl@3@PEAUIBinArchive@23@H@Z 0000000180001010 f i plugin_test1.obj
 0001:000000b0       ?mount_add@ILibraryBinTree@libmedia@UModSys@@QEAA_NAEBU?$TString@U?$TSCoreConst@D@su@tl@UModSys@@U?$TComparerBinaryHash@D@234@@tl@3@HPEAUIBinArchive@23@H@Z 00000001800010b0 f i plugin_test1.obj
 0001:00000160       ?layer_push@ILibraryLayered@libmedia@UModSys@@QEAA_NPEAUILibrary@23@HAEBU?$TString@U?$TSCoreConst@D@su@tl@UModSys@@U?$TComparerBinaryHash@D@234@@tl@3@@Z 0000000180001160 f i plugin_test1.obj
 0001:00000200       ??1SPoint@ILibraryBinTree@libmedia@UModSys@@QEAA@XZ 0000000180001200 f i plugin_test1.obj
 0001:00000200       ??1SLayer@ILibraryLayered@libmedia@UModSys@@QEAA@XZ 0000000180001200 f i plugin_test1.obj
 0001:00000230       ??_GRGenerator@frames@ui@modules@UModSys@@UEAAPEAXI@Z 0000000180001230 f i umodsys_lib_libui:umodsys.mod.ui.frames.obj
 0001:00000230       ??_ERGenerator@zlib@media@modules@UModSys@@UEAAPEAXI@Z 0000000180001230 f i  CIL library: CIL module
 0001:00000230       ??_ERGenerator@SDL_core@ui@modules@UModSys@@UEAAPEAXI@Z 0000000180001230 f i  CIL library: CIL module
 0001:00000230       ??_ERGenerator@serialize_json@media@modules@UModSys@@UEAAPEAXI@Z 0000000180001230 f i  CIL library: CIL module
 0001:00000230       ??_GRGenerator@images_std@media@modules@UModSys@@UEAAPEAXI@Z 0000000180001230 f i umodsys_lib_libmedia:umodsys.mod.media.images_std.obj
 0001:00000230       ??_ERGenerator@frames@ui@modules@UModSys@@UEAAPEAXI@Z 0000000180001230 f i  CIL library: CIL module
 0001:00000230       ??_GRGenerator@stdlib@lib2d@modules@UModSys@@UEAAPEAXI@Z 0000000180001230 f i umodsys_lib_lib2d:umodsys.mod.2d.stdlib.obj
 0001:00000230       ??_GRGenerator@SDL_core@ui@modules@UModSys@@UEAAPEAXI@Z 0000000180001230 f i umodsys_lib_libui:umodsys.mod.ui.SDL_core.obj
 0001:00000230       ??_EIRefObject@core@UModSys@@UEAAPEAXI@Z 0000000180001230 f i  CIL library: CIL module
 0001:00000230       ??_ERGenerator@stdlib@lib2d@modules@UModSys@@UEAAPEAXI@Z 0000000180001230 f i  CIL library: CIL module
 0001:00000230       ??_GRGenerator@test1@test@modules@UModSys@@UEAAPEAXI@Z 0000000180001230 f i plugin_test1.obj
 0001:00000230       ??_GRGenerator@zlib@media@modules@UModSys@@UEAAPEAXI@Z 0000000180001230 f i umodsys_lib_libmedia:umodsys.mod.media.zlib.obj
 0001:00000230       ??_GRGenerator@serialize_json@media@modules@UModSys@@UEAAPEAXI@Z 0000000180001230 f i umodsys_lib_libmedia:umodsys.mod.media.serialize_json.obj
 0001:00000230       ??_GIRefObject@core@UModSys@@UEAAPEAXI@Z 0000000180001230 f i plugin_test1.obj
 0001:00000230       ??_ERGenerator@test1@test@modules@UModSys@@UEAAPEAXI@Z 0000000180001230 f i  CIL library: CIL module
 0001:00000230       ??_ERGenerator@images_std@media@modules@UModSys@@UEAAPEAXI@Z 0000000180001230 f i  CIL library: CIL module
 0001:00000260       ??_GIRoot@core@UModSys@@UEAAPEAXI@Z 0000000180001260 f i plugin_test1.obj
 0001:00000260       ??_EIRoot@core@UModSys@@UEAAPEAXI@Z 0000000180001260 f i  CIL library: CIL module
 0001:00000290       ??1IBinObjFilter@libmedia@UModSys@@UEAA@XZ 0000000180001290 f i plugin_test1.obj
 0001:000002d0       ?root_get_interface_info@RTest1_Shell@test1@test@modules@UModSys@@UEBAAEBUSUniquePointerInfo@core@5@XZ 00000001800012d0 f i plugin_test1.obj
 0001:000002e0       ?root_get_interface_type@RTest1_Shell@test1@test@modules@UModSys@@UEBAPEBUSUniquePointerInfo@core@5@XZ 00000001800012e0 f i plugin_test1.obj
 0001:000002f0       ?root_get_other_interface@RTest1_Shell@test1@test@modules@UModSys@@UEAAPEAUIRoot@core@5@PEBUSUniquePointerInfo@75@@Z 00000001800012f0 f i plugin_test1.obj
 0001:000002f0       ?root_get_other_interface@RTest1_Shell@test1@test@modules@UModSys@@UEBAPEBUIRoot@core@5@PEBUSUniquePointerInfo@75@@Z 00000001800012f0 f i plugin_test1.obj
 0001:00000320       ?root_is_interface_supported@RTest1_Shell@test1@test@modules@UModSys@@UEBA_NPEBUSUniquePointerInfo@core@5@@Z 0000000180001320 f i plugin_test1.obj
 0001:00000350       ?ref_add@RTest1_Shell@test1@test@modules@UModSys@@UEBAXXZ 0000000180001350 f i plugin_test1.obj
 0001:00000360       ?ref_remove@RTest1_Shell@test1@test@modules@UModSys@@UEBAXXZ 0000000180001360 f i plugin_test1.obj
 0001:00000380       ?ref_links@RTest1_Shell@test1@test@modules@UModSys@@UEBAHXZ 0000000180001380 f i plugin_test1.obj
 0001:00000390       ?ref_weak@RTest1_Shell@test1@test@modules@UModSys@@UEBA_NAEAUWeakPointer@IRefObject@core@5@@Z 0000000180001390 f i plugin_test1.obj
 0001:000003b0       ?suicide@RTest1_Shell@test1@test@modules@UModSys@@UEAAXXZ 00000001800013b0 f i plugin_test1.obj
 0001:00000400       ??0RTest1_Shell@test1@test@modules@UModSys@@QEAA@PEAUIModObject@base@4@@Z 0000000180001400 f i plugin_test1.obj
 0001:00000540       ??1RTest1_Shell@test1@test@modules@UModSys@@UEAA@XZ 0000000180001540 f i plugin_test1.obj
 0001:000005f0       ?connect@RTest1_Shell@test1@test@modules@UModSys@@UEAA_NXZ 00000001800015f0 f i plugin_test1.obj
 0001:00000620       ?disconnect@RTest1_Shell@test1@test@modules@UModSys@@UEAA_NXZ 0000000180001620 f i plugin_test1.obj
 0001:00000650       ?process_tick@RTest1_Shell@test1@test@modules@UModSys@@UEAA_NAEBUSTimeMsec@core@5@@Z 0000000180001650 f i plugin_test1.obj
 0001:00000690       ?process_command@RTest1_Shell@test1@test@modules@UModSys@@UEAA_NHQEBU?$TString@U?$TSCoreConst@D@su@tl@UModSys@@U?$TComparerBinaryHash@D@234@@tl@5@@Z 0000000180001690 f i plugin_test1.obj
 0001:000006c0       ??_ERTest1_Shell@test1@test@modules@UModSys@@UEAAPEAXI@Z 00000001800016c0 f i  CIL library: CIL module
 0001:000006c0       ??_GRTest1_Shell@test1@test@modules@UModSys@@UEAAPEAXI@Z 00000001800016c0 f i plugin_test1.obj
 0001:000006f0       ??1SParameters@core@UModSys@@QEAA@XZ 00000001800016f0 f i plugin_test1.obj
 0001:000006f0       ??1?$TParametersA@$0EAA@@core@UModSys@@QEAA@XZ 00000001800016f0 f i plugin_test1.obj
 0001:000006f0       ??1?$TParametersA@$0BAA@@core@UModSys@@QEAA@XZ 00000001800016f0 f i umodsys_lib_libui:umodsys.mod.ui.SDL_core.obj
 0001:00000710       ?get_generated_names@RGenerator@test1@test@modules@UModSys@@UEBAHAEAUSUniquePtrList@core@5@@Z 0000000180001710 f i plugin_test1.obj
 0001:00000730       ?get_generated_types@RGenerator@test1@test@modules@UModSys@@UEBAHAEAUSUniquePtrList@core@5@PEBUSUniquePointerInfo@75@@Z 0000000180001730 f i plugin_test1.obj
 0001:00000790       ?generate@RGenerator@test1@test@modules@UModSys@@UEAA_NAEAU?$TRefObject@UIRefObject@core@UModSys@@U?$TRefObjectFunc@UIRefObject@core@UModSys@@@tl@3@@tl@5@PEBUSUniquePointerInfo@core@5@AEBUSParameters@95@@Z 0000000180001790 f i plugin_test1.obj
 0001:00000830       ?root_get_interface_info@RGenerator@test1@test@modules@UModSys@@UEBAAEBUSUniquePointerInfo@core@5@XZ 0000000180001830 f i plugin_test1.obj
 0001:00000840       ?root_get_interface_type@RGenerator@test1@test@modules@UModSys@@UEBAPEBUSUniquePointerInfo@core@5@XZ 0000000180001840 f i plugin_test1.obj
 0001:00000850       ?root_get_other_interface@RGenerator@test1@test@modules@UModSys@@UEAAPEAUIRoot@core@5@PEBUSUniquePointerInfo@75@@Z 0000000180001850 f i plugin_test1.obj
 0001:00000850       ?root_get_other_interface@RGenerator@test1@test@modules@UModSys@@UEBAPEBUIRoot@core@5@PEBUSUniquePointerInfo@75@@Z 0000000180001850 f i plugin_test1.obj
 0001:00000890       ?root_is_interface_supported@RGenerator@test1@test@modules@UModSys@@UEBA_NPEBUSUniquePointerInfo@core@5@@Z 0000000180001890 f i plugin_test1.obj
 0001:000008d0       ?get_uid@RGenerator@test1@test@modules@UModSys@@UEBAPEBUSUniquePointerInfo@core@5@XZ 00000001800018d0 f i plugin_test1.obj
 0001:000008e0       ?do_open@RModuleReg@test1@test@modules@UModSys@@UEAA_NXZ 00000001800018e0 f i plugin_test1.obj
 0001:00000910       ?do_close@RModuleReg@test1@test@modules@UModSys@@UEAA_NXZ 0000000180001910 f i plugin_test1.obj
 0001:00000940       ??_ERModuleReg@test1@test@modules@UModSys@@UEAAPEAXI@Z 0000000180001940 f i  CIL library: CIL module
 0001:00000940       ??_GRModuleReg@test1@test@modules@UModSys@@UEAAPEAXI@Z 0000000180001940 f i plugin_test1.obj
 0001:00000970       ??1?$TRefObject@URSerializeReader@serialize_json@media@modules@UModSys@@U?$TRefObjectFunc@URSerializeReader@serialize_json@media@modules@UModSys@@@tl@5@@tl@UModSys@@QEAA@XZ 0000000180001970 f i umodsys_lib_libmedia:umodsys.mod.media.serialize_json.obj
 0001:00000970       ??1?$TRefObject@URDialog@frames@ui@modules@UModSys@@U?$TRefObjectFunc@URDialog@frames@ui@modules@UModSys@@@tl@5@@tl@UModSys@@QEAA@XZ 0000000180001970 f i umodsys_lib_libui:umodsys.mod.ui.frames.obj
 0001:00000970       ??1?$TRefObject@URKeyboardController@SDL_core@ui@modules@UModSys@@U?$TRefObjectFunc@URKeyboardController@SDL_core@ui@modules@UModSys@@@tl@5@@tl@UModSys@@QEAA@XZ 0000000180001970 f i umodsys_lib_libui:umodsys.mod.ui.SDL_core.obj
 0001:00000970       ??1?$TRefObject@UILibraryBinTree@libmedia@UModSys@@U?$TRefObjectFunc@UILibraryBinTree@libmedia@UModSys@@@tl@3@@tl@UModSys@@QEAA@XZ 0000000180001970 f i plugin_test1.obj
 0001:00000970       ??1?$TRefObject@UILibraryObjCache@libmedia@UModSys@@U?$TRefObjectFunc@UILibraryObjCache@libmedia@UModSys@@@tl@3@@tl@UModSys@@QEAA@XZ 0000000180001970 f i plugin_test1.obj
 0001:00000970       ??1?$TRefObject@URRenderDriver2D@SDL_core@ui@modules@UModSys@@U?$TRefObjectFunc@URRenderDriver2D@SDL_core@ui@modules@UModSys@@@tl@5@@tl@UModSys@@QEAA@XZ 0000000180001970 f i umodsys_lib_libui:umodsys.mod.ui.SDL_core.obj
 0001:00000970       ??1?$TRefObject@URFrame_Common@frames@ui@modules@UModSys@@U?$TRefObjectFunc@URFrame_Common@frames@ui@modules@UModSys@@@tl@5@@tl@UModSys@@QEAA@XZ 0000000180001970 f i umodsys_lib_libui:umodsys.mod.ui.frames.obj
 0001:00000970       ??1?$TRefObject@UIStreamReader@libmedia@UModSys@@U?$TRefObjectFunc@UIStreamReader@libmedia@UModSys@@@tl@3@@tl@UModSys@@QEAA@XZ 0000000180001970 f i plugin_test1.obj
 0001:00000970       ??1?$TRefObject@URTerminal@SDL_core@ui@modules@UModSys@@U?$TRefObjectFunc@URTerminal@SDL_core@ui@modules@UModSys@@@tl@5@@tl@UModSys@@QEAA@XZ 0000000180001970 f i umodsys_lib_libui:umodsys.mod.ui.SDL_core.obj
 0001:00000970       ??1?$TRefObject@UIKeyboardController@libui@UModSys@@U?$TRefObjectFunc@UIKeyboardController@libui@UModSys@@@tl@3@@tl@UModSys@@QEAA@XZ 0000000180001970 f i plugin_test1.obj
 0001:00000970       ??1?$TRefObject@URMultiImage2D_SDL_ttf@SDL_core@ui@modules@UModSys@@U?$TRefObjectFunc@URMultiImage2D_SDL_ttf@SDL_core@ui@modules@UModSys@@@tl@5@@tl@UModSys@@QEAA@XZ 0000000180001970 f i umodsys_lib_libui:umodsys.mod.ui.SDL_core.obj
 0001:00000970       ??1?$TRefObject@UILibrary@libmedia@UModSys@@U?$TRefObjectFunc@UILibrary@libmedia@UModSys@@@tl@3@@tl@UModSys@@QEAA@XZ 0000000180001970 f i plugin_test1.obj
 0001:00000970       ??1?$TRefObject@UIFrame@libui@UModSys@@U?$TRefObjectFunc@UIFrame@libui@UModSys@@@tl@3@@tl@UModSys@@QEAA@XZ 0000000180001970 f i umodsys_lib_libui:umodsys.mod.ui.frames.obj
 0001:00000970       ??1?$TRefObject@UIClient@IBinArchiveFrame@libmedia@UModSys@@U?$TRefObjectFunc@UIClient@IBinArchiveFrame@libmedia@UModSys@@@tl@4@@tl@UModSys@@QEAA@XZ 0000000180001970 f i plugin_test1.obj
 0001:00000970       ??1?$TRefObject@UIUtilities@libmedia@UModSys@@U?$TRefObjectFunc@UIUtilities@libmedia@UModSys@@@tl@3@@tl@UModSys@@QEAA@XZ 0000000180001970 f i plugin_test1.obj
 0001:00000970       ??1?$TRefObject@UIMouseController@libui@UModSys@@U?$TRefObjectFunc@UIMouseController@libui@UModSys@@@tl@3@@tl@UModSys@@QEAA@XZ 0000000180001970 f i plugin_test1.obj
 0001:00000970       ??1?$TRefObject@URMouseController@SDL_core@ui@modules@UModSys@@U?$TRefObjectFunc@URMouseController@SDL_core@ui@modules@UModSys@@@tl@5@@tl@UModSys@@QEAA@XZ 0000000180001970 f i umodsys_lib_libui:umodsys.mod.ui.SDL_core.obj
 0001:00000970       ??1?$TRefObject@UILibraryObjFilter@libmedia@UModSys@@U?$TRefObjectFunc@UILibraryObjFilter@libmedia@UModSys@@@tl@3@@tl@UModSys@@QEAA@XZ 0000000180001970 f i plugin_test1.obj
 0001:00000970       ??1?$TRefObject@UIRefObject@core@UModSys@@U?$TRefObjectFunc@UIRefObject@core@UModSys@@@tl@3@@tl@UModSys@@QEAA@XZ 0000000180001970 f i plugin_test1.obj
 0001:00000970       ??1?$TRefObject@UIBinObjFilter@libmedia@UModSys@@U?$TRefObjectFunc@UIBinObjFilter@libmedia@UModSys@@@tl@3@@tl@UModSys@@QEAA@XZ 0000000180001970 f i plugin_test1.obj
 0001:00000970       ??1?$TRefObject@UIMultiImage@lib2d@UModSys@@U?$TRefObjectFunc@UIMultiImage@lib2d@UModSys@@@tl@3@@tl@UModSys@@QEAA@XZ 0000000180001970 f i plugin_test1.obj
 0001:00000970       ??1?$TRefObject@UITerminal@libui@UModSys@@U?$TRefObjectFunc@UITerminal@libui@UModSys@@@tl@3@@tl@UModSys@@QEAA@XZ 0000000180001970 f i plugin_test1.obj
 0001:00000970       ??1?$TRefObject@UILibraryLayered@libmedia@UModSys@@U?$TRefObjectFunc@UILibraryLayered@libmedia@UModSys@@@tl@3@@tl@UModSys@@QEAA@XZ 0000000180001970 f i plugin_test1.obj
 0001:00000970       ??1?$TRefObject@UIBinArchiveFrame@libmedia@UModSys@@U?$TRefObjectFunc@UIBinArchiveFrame@libmedia@UModSys@@@tl@3@@tl@UModSys@@QEAA@XZ 0000000180001970 f i plugin_test1.obj
 0001:00000970       ??1?$TRefObject@UIStreamWriter@libmedia@UModSys@@U?$TRefObjectFunc@UIStreamWriter@libmedia@UModSys@@@tl@3@@tl@UModSys@@QEAA@XZ 0000000180001970 f i plugin_test1.obj
 0001:00000970       ??1?$TRefObject@URCollector@frames@ui@modules@UModSys@@U?$TRefObjectFunc@URCollector@frames@ui@modules@UModSys@@@tl@5@@tl@UModSys@@QEAA@XZ 0000000180001970 f i umodsys_lib_libui:umodsys.mod.ui.frames.obj
 0001:00000970       ??1?$TRefObject@URSerializeWriter@serialize_json@media@modules@UModSys@@U?$TRefObjectFunc@URSerializeWriter@serialize_json@media@modules@UModSys@@@tl@5@@tl@UModSys@@QEAA@XZ 0000000180001970 f i umodsys_lib_libmedia:umodsys.mod.media.serialize_json.obj
 0001:00000970       ??1?$TRefObject@UIImage@lib2d@UModSys@@U?$TRefObjectFunc@UIImage@lib2d@UModSys@@@tl@3@@tl@UModSys@@QEAA@XZ 0000000180001970 f i plugin_test1.obj
 0001:00000970       ??1?$TRefObject@URImage_Memory@stdlib@lib2d@modules@UModSys@@U?$TRefObjectFunc@URImage_Memory@stdlib@lib2d@modules@UModSys@@@tl@5@@tl@UModSys@@QEAA@XZ 0000000180001970 f i umodsys_lib_lib2d:umodsys.mod.2d.stdlib.obj
 0001:00000970       ??1?$TRefObject@UIRenderDriver@lib2d@UModSys@@U?$TRefObjectFunc@UIRenderDriver@lib2d@UModSys@@@tl@3@@tl@UModSys@@QEAA@XZ 0000000180001970 f i plugin_test1.obj
 0001:00000970       ??1?$TRefObject@UILibraryBinCache@libmedia@UModSys@@U?$TRefObjectFunc@UILibraryBinCache@libmedia@UModSys@@@tl@3@@tl@UModSys@@QEAA@XZ 0000000180001970 f i plugin_test1.obj
 0001:00000970       ??1?$TRefObject@URMediaFilter@images_std@media@modules@UModSys@@U?$TRefObjectFunc@URMediaFilter@images_std@media@modules@UModSys@@@tl@5@@tl@UModSys@@QEAA@XZ 0000000180001970 f i umodsys_lib_libmedia:umodsys.mod.media.images_std.obj
 0001:00000970       ??1?$TRefObject@URBinArchiveFrameClient_ZIP@zlib@media@modules@UModSys@@U?$TRefObjectFunc@URBinArchiveFrameClient_ZIP@zlib@media@modules@UModSys@@@tl@5@@tl@UModSys@@QEAA@XZ 0000000180001970 f i umodsys_lib_libmedia:umodsys.mod.media.zlib.obj
 0001:00000970       ??1?$TRefObject@UIBinArchive@libmedia@UModSys@@U?$TRefObjectFunc@UIBinArchive@libmedia@UModSys@@@tl@3@@tl@UModSys@@QEAA@XZ 0000000180001970 f i plugin_test1.obj
 0001:000009a0       ?info_new@?$TSCoreShared@USIMemAlloc@core@UModSys@@D@su@tl@UModSys@@QEAA_NPEBD_K@Z 00000001800019a0 f i plugin_test1.obj
 0001:00000a60       ??$generate_type@UIImage@lib2d@UModSys@@@RTest1_Shell@test1@test@modules@UModSys@@QEAA?AU?$TRefObject@UIImage@lib2d@UModSys@@U?$TRefObjectFunc@UIImage@lib2d@UModSys@@@tl@3@@tl@4@AEBU?$TString@U?$TSCoreConst@D@su@tl@UModSys@@U?$TComparerBinaryHash@D@234@@64@AEBUSParameters@core@4@PEBD@Z 0000000180001a60 f i plugin_test1.obj
 0001:00000c50       ??$generate_type@UIBinArchive@libmedia@UModSys@@@RTest1_Shell@test1@test@modules@UModSys@@QEAA?AU?$TRefObject@UIBinArchive@libmedia@UModSys@@U?$TRefObjectFunc@UIBinArchive@libmedia@UModSys@@@tl@3@@tl@4@AEBU?$TString@U?$TSCoreConst@D@su@tl@UModSys@@U?$TComparerBinaryHash@D@234@@64@AEBUSParameters@core@4@PEBD@Z 0000000180001c50 f i plugin_test1.obj
 0001:00000df0       ??$generate_type@UIClient@IBinArchiveFrame@libmedia@UModSys@@@RTest1_Shell@test1@test@modules@UModSys@@QEAA?AU?$TRefObject@UIClient@IBinArchiveFrame@libmedia@UModSys@@U?$TRefObjectFunc@UIClient@IBinArchiveFrame@libmedia@UModSys@@@tl@4@@tl@4@AEBU?$TString@U?$TSCoreConst@D@su@tl@UModSys@@U?$TComparerBinaryHash@D@234@@64@AEBUSParameters@core@4@PEBD@Z 0000000180001df0 f i plugin_test1.obj
 0001:00000f90       ??$generate_type@UIBinArchiveFrame@libmedia@UModSys@@@RTest1_Shell@test1@test@modules@UModSys@@QEAA?AU?$TRefObject@UIBinArchiveFrame@libmedia@UModSys@@U?$TRefObjectFunc@UIBinArchiveFrame@libmedia@UModSys@@@tl@3@@tl@4@AEBU?$TString@U?$TSCoreConst@D@su@tl@UModSys@@U?$TComparerBinaryHash@D@234@@64@AEBUSParameters@core@4@PEBD@Z 0000000180001f90 f i plugin_test1.obj
 0001:00001130       ??$generate_type@UIBinObjFilter@libmedia@UModSys@@@RTest1_Shell@test1@test@modules@UModSys@@QEAA?AU?$TRefObject@UIBinObjFilter@libmedia@UModSys@@U?$TRefObjectFunc@UIBinObjFilter@libmedia@UModSys@@@tl@3@@tl@4@AEBU?$TString@U?$TSCoreConst@D@su@tl@UModSys@@U?$TComparerBinaryHash@D@234@@64@AEBUSParameters@core@4@PEBD@Z 0000000180002130 f i plugin_test1.obj
 0001:000012d0       ??$generate_type@UIUtilities@libmedia@UModSys@@@RTest1_Shell@test1@test@modules@UModSys@@QEAA?AU?$TRefObject@UIUtilities@libmedia@UModSys@@U?$TRefObjectFunc@UIUtilities@libmedia@UModSys@@@tl@3@@tl@4@AEBU?$TString@U?$TSCoreConst@D@su@tl@UModSys@@U?$TComparerBinaryHash@D@234@@64@AEBUSParameters@core@4@PEBD@Z 00000001800022d0 f i plugin_test1.obj
 0001:00001470       ??$generate_type@UILibraryBinTree@libmedia@UModSys@@@RTest1_Shell@test1@test@modules@UModSys@@QEAA?AU?$TRefObject@UILibraryBinTree@libmedia@UModSys@@U?$TRefObjectFunc@UILibraryBinTree@libmedia@UModSys@@@tl@3@@tl@4@AEBU?$TString@U?$TSCoreConst@D@su@tl@UModSys@@U?$TComparerBinaryHash@D@234@@64@AEBUSParameters@core@4@PEBD@Z 0000000180002470 f i plugin_test1.obj
 0001:00001610       ??$generate_type@UILibraryObjFilter@libmedia@UModSys@@@RTest1_Shell@test1@test@modules@UModSys@@QEAA?AU?$TRefObject@UILibraryObjFilter@libmedia@UModSys@@U?$TRefObjectFunc@UILibraryObjFilter@libmedia@UModSys@@@tl@3@@tl@4@AEBU?$TString@U?$TSCoreConst@D@su@tl@UModSys@@U?$TComparerBinaryHash@D@234@@64@AEBUSParameters@core@4@PEBD@Z 0000000180002610 f i plugin_test1.obj
 0001:000017b0       ??$generate_type@UILibraryLayered@libmedia@UModSys@@@RTest1_Shell@test1@test@modules@UModSys@@QEAA?AU?$TRefObject@UILibraryLayered@libmedia@UModSys@@U?$TRefObjectFunc@UILibraryLayered@libmedia@UModSys@@@tl@3@@tl@4@AEBU?$TString@U?$TSCoreConst@D@su@tl@UModSys@@U?$TComparerBinaryHash@D@234@@64@AEBUSParameters@core@4@PEBD@Z 00000001800027b0 f i plugin_test1.obj
 0001:00001950       ??$generate_type@UILibraryObjCache@libmedia@UModSys@@@RTest1_Shell@test1@test@modules@UModSys@@QEAA?AU?$TRefObject@UILibraryObjCache@libmedia@UModSys@@U?$TRefObjectFunc@UILibraryObjCache@libmedia@UModSys@@@tl@3@@tl@4@AEBU?$TString@U?$TSCoreConst@D@su@tl@UModSys@@U?$TComparerBinaryHash@D@234@@64@AEBUSParameters@core@4@PEBD@Z 0000000180002950 f i plugin_test1.obj
 0001:00001af0       ??$generate_type@UILibraryBinCache@libmedia@UModSys@@@RTest1_Shell@test1@test@modules@UModSys@@QEAA?AU?$TRefObject@UILibraryBinCache@libmedia@UModSys@@U?$TRefObjectFunc@UILibraryBinCache@libmedia@UModSys@@@tl@3@@tl@4@AEBU?$TString@U?$TSCoreConst@D@su@tl@UModSys@@U?$TComparerBinaryHash@D@234@@64@AEBUSParameters@core@4@PEBD@Z 0000000180002af0 f i plugin_test1.obj
 0001:00001c90       ??$shash@D@su@tl@UModSys@@YA_KPEBD_K@Z 0000000180002c90 f i plugin_test1.obj
 0001:00001cd0       ??1?$TRefObject@UIModObject@base@UModSys@@U?$TModObjectFunc@UIModObject@base@UModSys@@@tl@3@@tl@UModSys@@QEAA@XZ 0000000180002cd0 f i plugin_test1.obj
 0001:00001d00       ??$t_ref_get_other_interface@UIStreamReader@libmedia@UModSys@@U?$TRefObjectFunc@UIStreamReader@libmedia@UModSys@@@tl@3@@IRefObject@core@UModSys@@QEAA_NAEAU?$TRefObject@UIStreamReader@libmedia@UModSys@@U?$TRefObjectFunc@UIStreamReader@libmedia@UModSys@@@tl@3@@tl@2@@Z 0000000180002d00 f i plugin_test1.obj
 0001:00001d50       ??$t_ref_get_other_interface@UIStreamWriter@libmedia@UModSys@@U?$TRefObjectFunc@UIStreamWriter@libmedia@UModSys@@@tl@3@@IRefObject@core@UModSys@@QEAA_NAEAU?$TRefObject@UIStreamWriter@libmedia@UModSys@@U?$TRefObjectFunc@UIStreamWriter@libmedia@UModSys@@@tl@3@@tl@2@@Z 0000000180002d50 f i plugin_test1.obj
 0001:00001da0       ??$t_ref_get_other_interface@UIMultiImage@lib2d@UModSys@@U?$TRefObjectFunc@UIMultiImage@lib2d@UModSys@@@tl@3@@IRefObject@core@UModSys@@QEAA_NAEAU?$TRefObject@UIMultiImage@lib2d@UModSys@@U?$TRefObjectFunc@UIMultiImage@lib2d@UModSys@@@tl@3@@tl@2@@Z 0000000180002da0 f i plugin_test1.obj
 0001:00001df0       ??$t_generate@UIBinArchive@libmedia@UModSys@@@SModuleContext@base@UModSys@@QEAA_NAEAU?$TRefObject@UIBinArchive@libmedia@UModSys@@U?$TRefObjectFunc@UIBinArchive@libmedia@UModSys@@@tl@3@@tl@2@PEBUSUniquePointerInfo@core@2@AEBUSParameters@62@@Z 0000000180002df0 f i plugin_test1.obj
 0001:00001ec0       ??$t_generate@UIClient@IBinArchiveFrame@libmedia@UModSys@@@SModuleContext@base@UModSys@@QEAA_NAEAU?$TRefObject@UIClient@IBinArchiveFrame@libmedia@UModSys@@U?$TRefObjectFunc@UIClient@IBinArchiveFrame@libmedia@UModSys@@@tl@4@@tl@2@PEBUSUniquePointerInfo@core@2@AEBUSParameters@62@@Z 0000000180002ec0 f i plugin_test1.obj
 0001:00001f90       ??$t_generate@UIBinArchiveFrame@libmedia@UModSys@@@SModuleContext@base@UModSys@@QEAA_NAEAU?$TRefObject@UIBinArchiveFrame@libmedia@UModSys@@U?$TRefObjectFunc@UIBinArchiveFrame@libmedia@UModSys@@@tl@3@@tl@2@PEBUSUniquePointerInfo@core@2@AEBUSParameters@62@@Z 0000000180002f90 f i plugin_test1.obj
 0001:00002060       ??$t_generate@UIBinObjFilter@libmedia@UModSys@@@SModuleContext@base@UModSys@@QEAA_NAEAU?$TRefObject@UIBinObjFilter@libmedia@UModSys@@U?$TRefObjectFunc@UIBinObjFilter@libmedia@UModSys@@@tl@3@@tl@2@PEBUSUniquePointerInfo@core@2@AEBUSParameters@62@@Z 0000000180003060 f i plugin_test1.obj
 0001:00002130       ??$t_generate@UIUtilities@libmedia@UModSys@@@SModuleContext@base@UModSys@@QEAA_NAEAU?$TRefObject@UIUtilities@libmedia@UModSys@@U?$TRefObjectFunc@UIUtilities@libmedia@UModSys@@@tl@3@@tl@2@PEBUSUniquePointerInfo@core@2@AEBUSParameters@62@@Z 0000000180003130 f i plugin_test1.obj
 0001:00002200       ??$t_generate@UILibraryBinTree@libmedia@UModSys@@@SModuleContext@base@UModSys@@QEAA_NAEAU?$TRefObject@UILibraryBinTree@libmedia@UModSys@@U?$TRefObjectFunc@UILibraryBinTree@libmedia@UModSys@@@tl@3@@tl@2@PEBUSUniquePointerInfo@core@2@AEBUSParameters@62@@Z 0000000180003200 f i plugin_test1.obj
 0001:000022d0       ??$t_generate@UILibraryObjFilter@libmedia@UModSys@@@SModuleContext@base@UModSys@@QEAA_NAEAU?$TRefObject@UILibraryObjFilter@libmedia@UModSys@@U?$TRefObjectFunc@UILibraryObjFilter@libmedia@UModSys@@@tl@3@@tl@2@PEBUSUniquePointerInfo@core@2@AEBUSParameters@62@@Z 00000001800032d0 f i plugin_test1.obj
 0001:000023a0       ??$t_generate@UILibraryLayered@libmedia@UModSys@@@SModuleContext@base@UModSys@@QEAA_NAEAU?$TRefObject@UILibraryLayered@libmedia@UModSys@@U?$TRefObjectFunc@UILibraryLayered@libmedia@UModSys@@@tl@3@@tl@2@PEBUSUniquePointerInfo@core@2@AEBUSParameters@62@@Z 00000001800033a0 f i plugin_test1.obj
 0001:00002470       ??$t_generate@UILibraryObjCache@libmedia@UModSys@@@SModuleContext@base@UModSys@@QEAA_NAEAU?$TRefObject@UILibraryObjCache@libmedia@UModSys@@U?$TRefObjectFunc@UILibraryObjCache@libmedia@UModSys@@@tl@3@@tl@2@PEBUSUniquePointerInfo@core@2@AEBUSParameters@62@@Z 0000000180003470 f i plugin_test1.obj
 0001:00002540       ??$t_generate@UILibraryBinCache@libmedia@UModSys@@@SModuleContext@base@UModSys@@QEAA_NAEAU?$TRefObject@UILibraryBinCache@libmedia@UModSys@@U?$TRefObjectFunc@UILibraryBinCache@libmedia@UModSys@@@tl@3@@tl@2@PEBUSUniquePointerInfo@core@2@AEBUSParameters@62@@Z 0000000180003540 f i plugin_test1.obj
 0001:00002610       ??$t_ref_get_other_interface@UIImage@lib2d@UModSys@@U?$TRefObjectFunc@UIImage@lib2d@UModSys@@@tl@3@@IRefObject@core@UModSys@@QEAA_NAEAU?$TRefObject@UIImage@lib2d@UModSys@@U?$TRefObjectFunc@UIImage@lib2d@UModSys@@@tl@3@@tl@2@@Z 0000000180003610 f i plugin_test1.obj
 0001:00002660       ?root_get_interface_info@RImage_Memory@stdlib@lib2d@modules@UModSys@@UEBAAEBUSUniquePointerInfo@core@5@XZ 0000000180003660 f i umodsys_lib_lib2d:umodsys.mod.2d.stdlib.obj
 0001:00002670       ?root_get_interface_type@RImage_Memory@stdlib@lib2d@modules@UModSys@@UEBAPEBUSUniquePointerInfo@core@5@XZ 0000000180003670 f i umodsys_lib_lib2d:umodsys.mod.2d.stdlib.obj
 0001:00002680       ?root_get_other_interface@RImage_Memory@stdlib@lib2d@modules@UModSys@@UEAAPEAUIRoot@core@5@PEBUSUniquePointerInfo@75@@Z 0000000180003680 f i umodsys_lib_lib2d:umodsys.mod.2d.stdlib.obj
 0001:00002680       ?root_get_other_interface@RImage_Memory@stdlib@lib2d@modules@UModSys@@UEBAPEBUIRoot@core@5@PEBUSUniquePointerInfo@75@@Z 0000000180003680 f i umodsys_lib_lib2d:umodsys.mod.2d.stdlib.obj
 0001:000026b0       ?root_is_interface_supported@RImage_Memory@stdlib@lib2d@modules@UModSys@@UEBA_NPEBUSUniquePointerInfo@core@5@@Z 00000001800036b0 f i umodsys_lib_lib2d:umodsys.mod.2d.stdlib.obj
 0001:000026e0       ?set_info@RImage_Memory@stdlib@lib2d@modules@UModSys@@UEAA_NAEBUSImagePatchInfo@35@PEBD@Z 00000001800036e0 f i umodsys_lib_lib2d:umodsys.mod.2d.stdlib.obj
 0001:000028a0       ?set_data@RImage_Memory@stdlib@lib2d@modules@UModSys@@UEAA_NAEBUSImagePatchInfo@35@AEBUSCMem@core@5@H@Z 00000001800038a0 f i umodsys_lib_lib2d:umodsys.mod.2d.stdlib.obj
 0001:00002a70       ?get_info@RImage_Memory@stdlib@lib2d@modules@UModSys@@UEBAAEBUSImageInfo@35@XZ 0000000180003a70 f i umodsys_lib_lib2d:umodsys.mod.2d.stdlib.obj
 0001:00002a80       ?get_data@RImage_Memory@stdlib@lib2d@modules@UModSys@@UEBA_NAEBUSImagePatchInfo@35@AEBUSMem@core@5@H@Z 0000000180003a80 f i umodsys_lib_lib2d:umodsys.mod.2d.stdlib.obj
 0001:00002c60       ??0RImage_Memory@stdlib@lib2d@modules@UModSys@@QEAA@PEAUIModObject@base@4@AEBUSParameters@core@4@@Z 0000000180003c60 f i umodsys_lib_lib2d:umodsys.mod.2d.stdlib.obj
 0001:00002d20       ??1SMemShared@core@UModSys@@QEAA@XZ 0000000180003d20 f i plugin_test1.obj
 0001:00002d20       ??1State@RImage_Memory@stdlib@lib2d@modules@UModSys@@QEAA@XZ 0000000180003d20 f i umodsys_lib_lib2d:umodsys.mod.2d.stdlib.obj
 0001:00002d20       ??1SCMemShared@core@UModSys@@QEAA@XZ 0000000180003d20 f i plugin_test1.obj
 0001:00002d50       ??4State@RImage_Memory@stdlib@lib2d@modules@UModSys@@QEAAAEAU012345@AEBU012345@@Z 0000000180003d50 f i umodsys_lib_lib2d:umodsys.mod.2d.stdlib.obj
 0001:00002e30       ??_ERImage_Memory@stdlib@lib2d@modules@UModSys@@UEAAPEAXI@Z 0000000180003e30 f i  CIL library: CIL module
 0001:00002e30       ??_GRImage_Memory@stdlib@lib2d@modules@UModSys@@UEAAPEAXI@Z 0000000180003e30 f i umodsys_lib_lib2d:umodsys.mod.2d.stdlib.obj
 0001:00002e90       ?get_generated_names@RGenerator@stdlib@lib2d@modules@UModSys@@UEBAHAEAUSUniquePtrList@core@5@@Z 0000000180003e90 f i umodsys_lib_lib2d:umodsys.mod.2d.stdlib.obj
 0001:00002eb0       ?get_generated_types@RGenerator@stdlib@lib2d@modules@UModSys@@UEBAHAEAUSUniquePtrList@core@5@PEBUSUniquePointerInfo@75@@Z 0000000180003eb0 f i umodsys_lib_lib2d:umodsys.mod.2d.stdlib.obj
 0001:00002f10       ?generate@RGenerator@stdlib@lib2d@modules@UModSys@@UEAA_NAEAU?$TRefObject@UIRefObject@core@UModSys@@U?$TRefObjectFunc@UIRefObject@core@UModSys@@@tl@3@@tl@5@PEBUSUniquePointerInfo@core@5@AEBUSParameters@95@@Z 0000000180003f10 f i umodsys_lib_lib2d:umodsys.mod.2d.stdlib.obj
 0001:00002f90       ?root_get_interface_info@RGenerator@stdlib@lib2d@modules@UModSys@@UEBAAEBUSUniquePointerInfo@core@5@XZ 0000000180003f90 f i umodsys_lib_lib2d:umodsys.mod.2d.stdlib.obj
 0001:00002fa0       ?root_get_interface_type@RGenerator@stdlib@lib2d@modules@UModSys@@UEBAPEBUSUniquePointerInfo@core@5@XZ 0000000180003fa0 f i umodsys_lib_lib2d:umodsys.mod.2d.stdlib.obj
 0001:00002fb0       ?root_get_other_interface@RGenerator@stdlib@lib2d@modules@UModSys@@UEAAPEAUIRoot@core@5@PEBUSUniquePointerInfo@75@@Z 0000000180003fb0 f i umodsys_lib_lib2d:umodsys.mod.2d.stdlib.obj
 0001:00002fb0       ?root_get_other_interface@RGenerator@stdlib@lib2d@modules@UModSys@@UEBAPEBUIRoot@core@5@PEBUSUniquePointerInfo@75@@Z 0000000180003fb0 f i umodsys_lib_lib2d:umodsys.mod.2d.stdlib.obj
 0001:00002ff0       ?root_is_interface_supported@RGenerator@stdlib@lib2d@modules@UModSys@@UEBA_NPEBUSUniquePointerInfo@core@5@@Z 0000000180003ff0 f i umodsys_lib_lib2d:umodsys.mod.2d.stdlib.obj
 0001:00003030       ?get_uid@RGenerator@stdlib@lib2d@modules@UModSys@@UEBAPEBUSUniquePointerInfo@core@5@XZ 0000000180004030 f i umodsys_lib_lib2d:umodsys.mod.2d.stdlib.obj
 0001:00003040       ?do_open@RModuleReg@stdlib@lib2d@modules@UModSys@@UEAA_NXZ 0000000180004040 f i umodsys_lib_lib2d:umodsys.mod.2d.stdlib.obj
 0001:00003050       ?do_close@RModuleReg@stdlib@lib2d@modules@UModSys@@UEAA_NXZ 0000000180004050 f i umodsys_lib_lib2d:umodsys.mod.2d.stdlib.obj
 0001:00003060       ??_GRModuleReg@stdlib@lib2d@modules@UModSys@@UEAAPEAXI@Z 0000000180004060 f i umodsys_lib_lib2d:umodsys.mod.2d.stdlib.obj
 0001:00003060       ??_ERModuleReg@stdlib@lib2d@modules@UModSys@@UEAAPEAXI@Z 0000000180004060 f i  CIL library: CIL module
 0001:00003090       ?root_get_interface_info@RMultiImage2D_SDL_ttf@SDL_core@ui@modules@UModSys@@UEBAAEBUSUniquePointerInfo@core@5@XZ 0000000180004090 f i umodsys_lib_libui:umodsys.mod.ui.SDL_core.obj
 0001:000030a0       ?root_get_interface_type@RMultiImage2D_SDL_ttf@SDL_core@ui@modules@UModSys@@UEBAPEBUSUniquePointerInfo@core@5@XZ 00000001800040a0 f i umodsys_lib_libui:umodsys.mod.ui.SDL_core.obj
 0001:000030b0       ?root_get_other_interface@RMultiImage2D_SDL_ttf@SDL_core@ui@modules@UModSys@@UEBAPEBUIRoot@core@5@PEBUSUniquePointerInfo@75@@Z 00000001800040b0 f i umodsys_lib_libui:umodsys.mod.ui.SDL_core.obj
 0001:000030b0       ?root_get_other_interface@RMultiImage2D_SDL_ttf@SDL_core@ui@modules@UModSys@@UEAAPEAUIRoot@core@5@PEBUSUniquePointerInfo@75@@Z 00000001800040b0 f i umodsys_lib_libui:umodsys.mod.ui.SDL_core.obj
 0001:000030e0       ?root_is_interface_supported@RMultiImage2D_SDL_ttf@SDL_core@ui@modules@UModSys@@UEBA_NPEBUSUniquePointerInfo@core@5@@Z 00000001800040e0 f i umodsys_lib_libui:umodsys.mod.ui.SDL_core.obj
 0001:00003110       ?suicide@RDialog@frames@ui@modules@UModSys@@UEAAXXZ 0000000180004110 f i umodsys_lib_libui:umodsys.mod.ui.frames.obj
 0001:00003110       ?suicide@RKeyboardController@SDL_core@ui@modules@UModSys@@UEAAXXZ 0000000180004110 f i umodsys_lib_libui:umodsys.mod.ui.SDL_core.obj
 0001:00003110       ?suicide@RMultiImage2D_SDL_ttf@SDL_core@ui@modules@UModSys@@UEAAXXZ 0000000180004110 f i umodsys_lib_libui:umodsys.mod.ui.SDL_core.obj
 0001:00003110       ?suicide@RRenderDriver2D@SDL_core@ui@modules@UModSys@@UEAAXXZ 0000000180004110 f i umodsys_lib_libui:umodsys.mod.ui.SDL_core.obj
 0001:00003110       ?suicide@RMouseController@SDL_core@ui@modules@UModSys@@UEAAXXZ 0000000180004110 f i umodsys_lib_libui:umodsys.mod.ui.SDL_core.obj
 0001:00003160       ??0RMultiImage2D_SDL_ttf@SDL_core@ui@modules@UModSys@@QEAA@PEAURRenderDriver2D@1234@AEBUSParameters@core@4@@Z 0000000180004160 f i umodsys_lib_libui:umodsys.mod.ui.SDL_core.obj
 0001:00003200       ?open@RMultiImage2D_SDL_ttf@SDL_core@ui@modules@UModSys@@QEAA_NAEBUSParameters@core@5@@Z 0000000180004200 f i umodsys_lib_libui:umodsys.mod.ui.SDL_core.obj
 0001:00003300       ?generate_glyphs@RMultiImage2D_SDL_ttf@SDL_core@ui@modules@UModSys@@QEAA_NXZ 0000000180004300 f i umodsys_lib_libui:umodsys.mod.ui.SDL_core.obj
 0001:00003460       ?set_layer_count@RMultiImage2D_SDL_ttf@SDL_core@ui@modules@UModSys@@UEAA_NH@Z 0000000180004460 f i umodsys_lib_libui:umodsys.mod.ui.SDL_core.obj
 0001:00003460       ?key_reset@RKeyboardController@SDL_core@ui@modules@UModSys@@UEAA_NXZ 0000000180004460 f i umodsys_lib_libui:umodsys.mod.ui.SDL_core.obj
 0001:00003460       ?key_event@RFrame_Common@frames@ui@modules@UModSys@@MEAA_NAEBUSKeyboardInputRaw@libui@5@@Z 0000000180004460 f i umodsys_lib_libui:umodsys.mod.ui.frames.obj
 0001:00003460       ?key_event@RFrame_Common@frames@ui@modules@UModSys@@MEAA_NAEBUSKeyboardInputText@libui@5@@Z 0000000180004460 f i umodsys_lib_libui:umodsys.mod.ui.frames.obj
 0001:00003460       ?get_cell_size@RMultiImage2D_SDL_ttf@SDL_core@ui@modules@UModSys@@UEAA_NHAEAU?$TVector2@H@math3d@5@PEAU675@@Z 0000000180004460 f i umodsys_lib_libui:umodsys.mod.ui.SDL_core.obj
 0001:00003460       ?key_setmodifier@RKeyboardController@SDL_core@ui@modules@UModSys@@UEAA_NHHH@Z 0000000180004460 f i umodsys_lib_libui:umodsys.mod.ui.SDL_core.obj
 0001:00003460       ?set_fixed_cell@RMultiImage2D_SDL_ttf@SDL_core@ui@modules@UModSys@@UEAA_NHH@Z 0000000180004460 f i umodsys_lib_libui:umodsys.mod.ui.SDL_core.obj
 0001:00003460       ?get_max_cell_size@RMultiImage2D_SDL_ttf@SDL_core@ui@modules@UModSys@@UEAA_NAEAU?$TVector2@H@math3d@5@@Z 0000000180004460 f i umodsys_lib_libui:umodsys.mod.ui.SDL_core.obj
 0001:00003460       ?key_setrepeat@RKeyboardController@SDL_core@ui@modules@UModSys@@UEAA_NMM@Z 0000000180004460 f i umodsys_lib_libui:umodsys.mod.ui.SDL_core.obj
 0001:00003460       ?set_insize@RFrame_Common@frames@ui@modules@UModSys@@UEAA_NAEBU?$TVector2@H@math3d@5@@Z 0000000180004460 f i umodsys_lib_libui:umodsys.mod.ui.frames.obj
 0001:00003460       ?mouse_setvisible@RMouseController@SDL_core@ui@modules@UModSys@@UEAA_N_N@Z 0000000180004460 f i umodsys_lib_libui:umodsys.mod.ui.SDL_core.obj
 0001:00003460       ?set_var_cell@RMultiImage2D_SDL_ttf@SDL_core@ui@modules@UModSys@@UEAA_NPEBUSImageCellInfo@lib2d@5@HH@Z 0000000180004460 f i umodsys_lib_libui:umodsys.mod.ui.SDL_core.obj
 0001:00003460       ?set_parameters@RRenderDriver2D@SDL_core@ui@modules@UModSys@@UEAA_NPEBDAEBUSParameters@core@5@@Z 0000000180004460 f i umodsys_lib_libui:umodsys.mod.ui.SDL_core.obj
 0001:00003460       ?mouse_setposition@RMouseController@SDL_core@ui@modules@UModSys@@UEAA_NHH@Z 0000000180004460 f i umodsys_lib_libui:umodsys.mod.ui.SDL_core.obj
 0001:00003460       ?mouse_event@RFrame_Common@frames@ui@modules@UModSys@@MEAA_NPEBUSMouseInput@libui@5@@Z 0000000180004460 f i umodsys_lib_libui:umodsys.mod.ui.frames.obj
 0001:00003460       ?mouse_reset@RMouseController@SDL_core@ui@modules@UModSys@@UEAA_NXZ 0000000180004460 f i umodsys_lib_libui:umodsys.mod.ui.SDL_core.obj
 0001:00003460       ?set_hint@RMultiImage2D_SDL_ttf@SDL_core@ui@modules@UModSys@@UEAA_NPEBD0@Z 0000000180004460 f i umodsys_lib_libui:umodsys.mod.ui.SDL_core.obj
 0001:00003470       ??_GRMultiImage2D_SDL_ttf@SDL_core@ui@modules@UModSys@@UEAAPEAXI@Z 0000000180004470 f i umodsys_lib_libui:umodsys.mod.ui.SDL_core.obj
 0001:00003470       ??_ERMultiImage2D_SDL_ttf@SDL_core@ui@modules@UModSys@@UEAAPEAXI@Z 0000000180004470 f i  CIL library: CIL module
 0001:000034f0       ?root_get_interface_info@RRenderDriver2D@SDL_core@ui@modules@UModSys@@UEBAAEBUSUniquePointerInfo@core@5@XZ 00000001800044f0 f i umodsys_lib_libui:umodsys.mod.ui.SDL_core.obj
 0001:00003500       ?root_get_interface_type@RRenderDriver2D@SDL_core@ui@modules@UModSys@@UEBAPEBUSUniquePointerInfo@core@5@XZ 0000000180004500 f i umodsys_lib_libui:umodsys.mod.ui.SDL_core.obj
 0001:00003510       ?root_get_other_interface@RRenderDriver2D@SDL_core@ui@modules@UModSys@@UEBAPEBUIRoot@core@5@PEBUSUniquePointerInfo@75@@Z 0000000180004510 f i umodsys_lib_libui:umodsys.mod.ui.SDL_core.obj
 0001:00003510       ?root_get_other_interface@RRenderDriver2D@SDL_core@ui@modules@UModSys@@UEAAPEAUIRoot@core@5@PEBUSUniquePointerInfo@75@@Z 0000000180004510 f i umodsys_lib_libui:umodsys.mod.ui.SDL_core.obj
 0001:00003540       ?root_is_interface_supported@RRenderDriver2D@SDL_core@ui@modules@UModSys@@UEBA_NPEBUSUniquePointerInfo@core@5@@Z 0000000180004540 f i umodsys_lib_libui:umodsys.mod.ui.SDL_core.obj
 0001:00003570       ??0RRenderDriver2D@SDL_core@ui@modules@UModSys@@QEAA@PEAURTerminal@1234@AEBUSParameters@core@4@@Z 0000000180004570 f i umodsys_lib_libui:umodsys.mod.ui.SDL_core.obj
 0001:000036c0       ??1RRenderDriver2D@SDL_core@ui@modules@UModSys@@UEAA@XZ 00000001800046c0 f i umodsys_lib_libui:umodsys.mod.ui.SDL_core.obj
 0001:00003790       ?open@RRenderDriver2D@SDL_core@ui@modules@UModSys@@QEAA_NAEBUSParameters@core@5@@Z 0000000180004790 f i umodsys_lib_libui:umodsys.mod.ui.SDL_core.obj
 0001:000039b0       ?set_color@RRenderDriver2D@SDL_core@ui@modules@UModSys@@QEAAXXZ 00000001800049b0 f i umodsys_lib_libui:umodsys.mod.ui.SDL_core.obj
 0001:00003a30       ?begin@RRenderDriver2D@SDL_core@ui@modules@UModSys@@UEAAXXZ 0000000180004a30 f i umodsys_lib_libui:umodsys.mod.ui.SDL_core.obj
 0001:00003aa0       ?end@RRenderDriver2D@SDL_core@ui@modules@UModSys@@UEAAXXZ 0000000180004aa0 f i umodsys_lib_libui:umodsys.mod.ui.SDL_core.obj
 0001:00003ac0       ?get_max_values@RRenderDriver2D@SDL_core@ui@modules@UModSys@@UEBAPEBUSParameters@core@5@XZ 0000000180004ac0 f i umodsys_lib_libui:umodsys.mod.ui.SDL_core.obj
 0001:00003ad0       ?get_frame_values@RRenderDriver2D@SDL_core@ui@modules@UModSys@@UEBAPEBUSParameters@core@5@XZ 0000000180004ad0 f i umodsys_lib_libui:umodsys.mod.ui.SDL_core.obj
 0001:00003ae0       ?setup_font@RRenderDriver2D@SDL_core@ui@modules@UModSys@@UEAA_NPEAUIMultiImage@lib2d@5@PEBU?$TVector2@M@math3d@5@@Z 0000000180004ae0 f i umodsys_lib_libui:umodsys.mod.ui.SDL_core.obj
 0001:00003b50       ?setup_color@RRenderDriver2D@SDL_core@ui@modules@UModSys@@UEAAXAEBU?$TVector3@M@math3d@5@@Z 0000000180004b50 f i umodsys_lib_libui:umodsys.mod.ui.SDL_core.obj
 0001:00003b80       ?setup_color@RRenderDriver2D@SDL_core@ui@modules@UModSys@@UEAAXAEBU?$TVector3@H@math3d@5@@Z 0000000180004b80 f i umodsys_lib_libui:umodsys.mod.ui.SDL_core.obj
 0001:00003bd0       ?setup_coloralpha@RRenderDriver2D@SDL_core@ui@modules@UModSys@@UEAAXAEBU?$TVector4@M@math3d@5@H@Z 0000000180004bd0 f i umodsys_lib_libui:umodsys.mod.ui.SDL_core.obj
 0001:00003c00       ?setup_coloralpha@RRenderDriver2D@SDL_core@ui@modules@UModSys@@UEAAXAEBU?$TVector4@H@math3d@5@H@Z 0000000180004c00 f i umodsys_lib_libui:umodsys.mod.ui.SDL_core.obj
 0001:00003c70       ?setup_blendcolor@RRenderDriver2D@SDL_core@ui@modules@UModSys@@UEAAXAEBUSBlendColor@lib2d@5@@Z 0000000180004c70 f i umodsys_lib_libui:umodsys.mod.ui.SDL_core.obj
 0001:00003ce0       ?setup_blendcolor@RRenderDriver2D@SDL_core@ui@modules@UModSys@@UEAAXAEBUSBlendColorf@lib2d@5@@Z 0000000180004ce0 f i umodsys_lib_libui:umodsys.mod.ui.SDL_core.obj
 0001:00003d40       ?setup_alpha@RRenderDriver2D@SDL_core@ui@modules@UModSys@@UEAAXHH@Z 0000000180004d40 f i umodsys_lib_libui:umodsys.mod.ui.SDL_core.obj
 0001:00003d70       ?setup_alpha@RRenderDriver2D@SDL_core@ui@modules@UModSys@@UEAAXMH@Z 0000000180004d70 f i umodsys_lib_libui:umodsys.mod.ui.SDL_core.obj
 0001:00003d90       ?render_text_advanced@RRenderDriver2D@SDL_core@ui@modules@UModSys@@UEAA_NAEAUTextInfo@IRenderDriver@lib2d@5@PEBHH@Z 0000000180004d90 f i umodsys_lib_libui:umodsys.mod.ui.SDL_core.obj
 0001:00003fe0       ?render_box@RRenderDriver2D@SDL_core@ui@modules@UModSys@@UEAAXAEBU?$TVector2@H@math3d@5@0@Z 0000000180004fe0 f i umodsys_lib_libui:umodsys.mod.ui.SDL_core.obj
 0001:00004030       ?render_tri@RRenderDriver2D@SDL_core@ui@modules@UModSys@@UEAAXAEBU?$TVector2@H@math3d@5@00@Z 0000000180005030 f i umodsys_lib_libui:umodsys.mod.ui.SDL_core.obj
 0001:000040b0       ?render_quad@RRenderDriver2D@SDL_core@ui@modules@UModSys@@UEAAXAEBU?$TVector2@H@math3d@5@000@Z 00000001800050b0 f i umodsys_lib_libui:umodsys.mod.ui.SDL_core.obj
 0001:00004160       ?render_line@RRenderDriver2D@SDL_core@ui@modules@UModSys@@UEAAXAEBU?$TVector2@H@math3d@5@0@Z 0000000180005160 f i umodsys_lib_libui:umodsys.mod.ui.SDL_core.obj
 0001:00004190       ?render_rect@RRenderDriver2D@SDL_core@ui@modules@UModSys@@UEAAXAEBU?$TVector2@H@math3d@5@0@Z 0000000180005190 f i umodsys_lib_libui:umodsys.mod.ui.SDL_core.obj
 0001:000041e0       ??_GRRenderDriver2D@SDL_core@ui@modules@UModSys@@UEAAPEAXI@Z 00000001800051e0 f i umodsys_lib_libui:umodsys.mod.ui.SDL_core.obj
 0001:000041e0       ??_ERRenderDriver2D@SDL_core@ui@modules@UModSys@@UEAAPEAXI@Z 00000001800051e0 f i  CIL library: CIL module
 0001:00004210       ?root_get_interface_info@RMouseController@SDL_core@ui@modules@UModSys@@UEBAAEBUSUniquePointerInfo@core@5@XZ 0000000180005210 f i umodsys_lib_libui:umodsys.mod.ui.SDL_core.obj
 0001:00004220       ?root_get_interface_type@RMouseController@SDL_core@ui@modules@UModSys@@UEBAPEBUSUniquePointerInfo@core@5@XZ 0000000180005220 f i umodsys_lib_libui:umodsys.mod.ui.SDL_core.obj
 0001:00004230       ?root_get_other_interface@RMouseController@SDL_core@ui@modules@UModSys@@UEBAPEBUIRoot@core@5@PEBUSUniquePointerInfo@75@@Z 0000000180005230 f i umodsys_lib_libui:umodsys.mod.ui.SDL_core.obj
 0001:00004230       ?root_get_other_interface@RMouseController@SDL_core@ui@modules@UModSys@@UEAAPEAUIRoot@core@5@PEBUSUniquePointerInfo@75@@Z 0000000180005230 f i umodsys_lib_libui:umodsys.mod.ui.SDL_core.obj
 0001:00004260       ?root_is_interface_supported@RMouseController@SDL_core@ui@modules@UModSys@@UEBA_NPEBUSUniquePointerInfo@core@5@@Z 0000000180005260 f i umodsys_lib_libui:umodsys.mod.ui.SDL_core.obj
 0001:00004290       ?process@RMouseController@SDL_core@ui@modules@UModSys@@QEAA_NAEAUSDL_MouseMotionEvent@@@Z 0000000180005290 f i umodsys_lib_libui:umodsys.mod.ui.SDL_core.obj
 0001:00004410       ?process@RMouseController@SDL_core@ui@modules@UModSys@@QEAA_NAEAUSDL_MouseButtonEvent@@@Z 0000000180005410 f i umodsys_lib_libui:umodsys.mod.ui.SDL_core.obj
 0001:00004560       ?process@RMouseController@SDL_core@ui@modules@UModSys@@QEAA_NAEAUSDL_MouseWheelEvent@@@Z 0000000180005560 f i umodsys_lib_libui:umodsys.mod.ui.SDL_core.obj
 0001:00004670       ?key_unlink@RKeyboardController@SDL_core@ui@modules@UModSys@@UEAA_NH@Z 0000000180005670 f i umodsys_lib_libui:umodsys.mod.ui.SDL_core.obj
 0001:00004670       ?mouse_unlink@RMouseController@SDL_core@ui@modules@UModSys@@UEAA_NH@Z 0000000180005670 f i umodsys_lib_libui:umodsys.mod.ui.SDL_core.obj
 0001:000046f0       ?mouse_link@RMouseController@SDL_core@ui@modules@UModSys@@UEAA_NHPEAUIRefObject@core@5@PEAUIMouseClient@libui@5@H@Z 00000001800056f0 f i umodsys_lib_libui:umodsys.mod.ui.SDL_core.obj
 0001:00004790       ??_ERMouseController@SDL_core@ui@modules@UModSys@@UEAAPEAXI@Z 0000000180005790 f i  CIL library: CIL module
 0001:00004790       ??_GRMouseController@SDL_core@ui@modules@UModSys@@UEAAPEAXI@Z 0000000180005790 f i umodsys_lib_libui:umodsys.mod.ui.SDL_core.obj
 0001:00004800       ?root_get_interface_info@RKeyboardController@SDL_core@ui@modules@UModSys@@UEBAAEBUSUniquePointerInfo@core@5@XZ 0000000180005800 f i umodsys_lib_libui:umodsys.mod.ui.SDL_core.obj
 0001:00004810       ?root_get_interface_type@RKeyboardController@SDL_core@ui@modules@UModSys@@UEBAPEBUSUniquePointerInfo@core@5@XZ 0000000180005810 f i umodsys_lib_libui:umodsys.mod.ui.SDL_core.obj
 0001:00004820       ?root_get_other_interface@RKeyboardController@SDL_core@ui@modules@UModSys@@UEAAPEAUIRoot@core@5@PEBUSUniquePointerInfo@75@@Z 0000000180005820 f i umodsys_lib_libui:umodsys.mod.ui.SDL_core.obj
 0001:00004820       ?root_get_other_interface@RKeyboardController@SDL_core@ui@modules@UModSys@@UEBAPEBUIRoot@core@5@PEBUSUniquePointerInfo@75@@Z 0000000180005820 f i umodsys_lib_libui:umodsys.mod.ui.SDL_core.obj
 0001:00004850       ?root_is_interface_supported@RKeyboardController@SDL_core@ui@modules@UModSys@@UEBA_NPEBUSUniquePointerInfo@core@5@@Z 0000000180005850 f i umodsys_lib_libui:umodsys.mod.ui.SDL_core.obj
 0001:00004880       ?ref_add@RKeyboardController@SDL_core@ui@modules@UModSys@@UEBAXXZ 0000000180005880 f i umodsys_lib_libui:umodsys.mod.ui.SDL_core.obj
 0001:00004880       ?ref_add@RDialog@frames@ui@modules@UModSys@@UEBAXXZ 0000000180005880 f i umodsys_lib_libui:umodsys.mod.ui.frames.obj
 0001:00004880       ?ref_add@RGenerator@serialize_json@media@modules@UModSys@@UEBAXXZ 0000000180005880 f i umodsys_lib_libmedia:umodsys.mod.media.serialize_json.obj
 0001:00004880       ?ref_add@RRenderDriver2D@SDL_core@ui@modules@UModSys@@UEBAXXZ 0000000180005880 f i umodsys_lib_libui:umodsys.mod.ui.SDL_core.obj
 0001:00004880       ?ref_add@RGenerator@zlib@media@modules@UModSys@@UEBAXXZ 0000000180005880 f i umodsys_lib_libmedia:umodsys.mod.media.zlib.obj
 0001:00004880       ?ref_add@RGenerator@test1@test@modules@UModSys@@UEBAXXZ 0000000180005880 f i plugin_test1.obj
 0001:00004880       ?ref_add@RTerminal@SDL_core@ui@modules@UModSys@@UEBAXXZ 0000000180005880 f i umodsys_lib_libui:umodsys.mod.ui.SDL_core.obj
 0001:00004880       ?ref_add@RGenerator@stdlib@lib2d@modules@UModSys@@UEBAXXZ 0000000180005880 f i umodsys_lib_lib2d:umodsys.mod.2d.stdlib.obj
 0001:00004880       ?ref_add@RGenerator@SDL_core@ui@modules@UModSys@@UEBAXXZ 0000000180005880 f i umodsys_lib_libui:umodsys.mod.ui.SDL_core.obj
 0001:00004880       ?ref_add@RBinArchiveFrameClient_ZIP@zlib@media@modules@UModSys@@UEBAXXZ 0000000180005880 f i umodsys_lib_libmedia:umodsys.mod.media.zlib.obj
 0001:00004880       ?ref_add@RSerializeReader@serialize_json@media@modules@UModSys@@UEBAXXZ 0000000180005880 f i umodsys_lib_libmedia:umodsys.mod.media.serialize_json.obj
 0001:00004880       ?ref_add@RImage_Memory@stdlib@lib2d@modules@UModSys@@UEBAXXZ 0000000180005880 f i umodsys_lib_lib2d:umodsys.mod.2d.stdlib.obj
 0001:00004880       ?ref_add@RMouseController@SDL_core@ui@modules@UModSys@@UEBAXXZ 0000000180005880 f i umodsys_lib_libui:umodsys.mod.ui.SDL_core.obj
 0001:00004880       ?ref_add@RGenerator@images_std@media@modules@UModSys@@UEBAXXZ 0000000180005880 f i umodsys_lib_libmedia:umodsys.mod.media.images_std.obj
 0001:00004880       ?ref_add@RMultiImage2D_SDL_ttf@SDL_core@ui@modules@UModSys@@UEBAXXZ 0000000180005880 f i umodsys_lib_libui:umodsys.mod.ui.SDL_core.obj
 0001:00004880       ?ref_add@RGenerator@frames@ui@modules@UModSys@@UEBAXXZ 0000000180005880 f i umodsys_lib_libui:umodsys.mod.ui.frames.obj
 0001:00004890       ?process@RKeyboardController@SDL_core@ui@modules@UModSys@@QEAA_NAEAUSDL_KeyboardEvent@@@Z 0000000180005890 f i umodsys_lib_libui:umodsys.mod.ui.SDL_core.obj
 0001:000049a0       ?process@RKeyboardController@SDL_core@ui@modules@UModSys@@QEAA_NAEAUSDL_TextInputEvent@@@Z 00000001800059a0 f i umodsys_lib_libui:umodsys.mod.ui.SDL_core.obj
 0001:00004ab0       ?map_keycode@RKeyboardController@SDL_core@ui@modules@UModSys@@QEAA?AW4eKeyCode@libui@5@H@Z 0000000180005ab0 f i umodsys_lib_libui:umodsys.mod.ui.SDL_core.obj
 0001:00005010       ?map_keyspecial@RKeyboardController@SDL_core@ui@modules@UModSys@@QEAAFG@Z 0000000180006010 f i umodsys_lib_libui:umodsys.mod.ui.SDL_core.obj
 0001:000050b0       ?key_link@RKeyboardController@SDL_core@ui@modules@UModSys@@UEAA_NHPEAUIRefObject@core@5@PEAUIKeyboardClient@libui@5@@Z 00000001800060b0 f i umodsys_lib_libui:umodsys.mod.ui.SDL_core.obj
 0001:00005140       ?key_setvisible@RKeyboardController@SDL_core@ui@modules@UModSys@@UEAA_N_N@Z 0000000180006140 f i umodsys_lib_libui:umodsys.mod.ui.SDL_core.obj
 0001:00005160       ??_ERKeyboardController@SDL_core@ui@modules@UModSys@@UEAAPEAXI@Z 0000000180006160 f i  CIL library: CIL module
 0001:00005160       ??_GRKeyboardController@SDL_core@ui@modules@UModSys@@UEAAPEAXI@Z 0000000180006160 f i umodsys_lib_libui:umodsys.mod.ui.SDL_core.obj
 0001:000051d0       ?root_get_interface_info@RTerminal@SDL_core@ui@modules@UModSys@@UEBAAEBUSUniquePointerInfo@core@5@XZ 00000001800061d0 f i umodsys_lib_libui:umodsys.mod.ui.SDL_core.obj
 0001:000051e0       ?root_get_interface_type@RTerminal@SDL_core@ui@modules@UModSys@@UEBAPEBUSUniquePointerInfo@core@5@XZ 00000001800061e0 f i umodsys_lib_libui:umodsys.mod.ui.SDL_core.obj
 0001:000051f0       ?root_get_interface_types@RGenerator@stdlib@lib2d@modules@UModSys@@UEBA_KAEAUSUniquePtrList@core@5@@Z 00000001800061f0 f i umodsys_lib_lib2d:umodsys.mod.2d.stdlib.obj
 0001:000051f0       ?root_get_interface_types@RGenerator@frames@ui@modules@UModSys@@UEBA_KAEAUSUniquePtrList@core@5@@Z 00000001800061f0 f i umodsys_lib_libui:umodsys.mod.ui.frames.obj
 0001:000051f0       ?root_get_interface_types@RTerminal@SDL_core@ui@modules@UModSys@@UEBA_KAEAUSUniquePtrList@core@5@@Z 00000001800061f0 f i umodsys_lib_libui:umodsys.mod.ui.SDL_core.obj
 0001:000051f0       ?root_get_interface_types@RFrame_Text@frames@ui@modules@UModSys@@UEBA_KAEAUSUniquePtrList@core@5@@Z 00000001800061f0 f i umodsys_lib_libui:umodsys.mod.ui.frames.obj
 0001:000051f0       ?root_get_interface_types@RMediaFilter@images_std@media@modules@UModSys@@UEBA_KAEAUSUniquePtrList@core@5@@Z 00000001800061f0 f i umodsys_lib_libmedia:umodsys.mod.media.images_std.obj
 0001:000051f0       ?root_get_interface_types@RFrame_Image@frames@ui@modules@UModSys@@UEBA_KAEAUSUniquePtrList@core@5@@Z 00000001800061f0 f i umodsys_lib_libui:umodsys.mod.ui.frames.obj
 0001:000051f0       ?root_get_interface_types@RTest1_Shell@test1@test@modules@UModSys@@UEBA_KAEAUSUniquePtrList@core@5@@Z 00000001800061f0 f i plugin_test1.obj
 0001:000051f0       ?root_get_interface_types@RDialog@frames@ui@modules@UModSys@@UEBA_KAEAUSUniquePtrList@core@5@@Z 00000001800061f0 f i umodsys_lib_libui:umodsys.mod.ui.frames.obj
 0001:000051f0       ?root_get_interface_types@RImage_Memory@stdlib@lib2d@modules@UModSys@@UEBA_KAEAUSUniquePtrList@core@5@@Z 00000001800061f0 f i umodsys_lib_lib2d:umodsys.mod.2d.stdlib.obj
 0001:000051f0       ?root_get_interface_types@RMouseController@SDL_core@ui@modules@UModSys@@UEBA_KAEAUSUniquePtrList@core@5@@Z 00000001800061f0 f i umodsys_lib_libui:umodsys.mod.ui.SDL_core.obj
 0001:000051f0       ?root_get_interface_types@RGenerator@SDL_core@ui@modules@UModSys@@UEBA_KAEAUSUniquePtrList@core@5@@Z 00000001800061f0 f i umodsys_lib_libui:umodsys.mod.ui.SDL_core.obj
 0001:000051f0       ?root_get_interface_types@RMultiImage2D_SDL_ttf@SDL_core@ui@modules@UModSys@@UEBA_KAEAUSUniquePtrList@core@5@@Z 00000001800061f0 f i umodsys_lib_libui:umodsys.mod.ui.SDL_core.obj
 0001:000051f0       ?root_get_interface_types@RGenerator@images_std@media@modules@UModSys@@UEBA_KAEAUSUniquePtrList@core@5@@Z 00000001800061f0 f i umodsys_lib_libmedia:umodsys.mod.media.images_std.obj
 0001:000051f0       ?root_get_interface_types@RSerializeReader@serialize_json@media@modules@UModSys@@UEBA_KAEAUSUniquePtrList@core@5@@Z 00000001800061f0 f i umodsys_lib_libmedia:umodsys.mod.media.serialize_json.obj
 0001:000051f0       ?root_get_interface_types@RGenerator@serialize_json@media@modules@UModSys@@UEBA_KAEAUSUniquePtrList@core@5@@Z 00000001800061f0 f i umodsys_lib_libmedia:umodsys.mod.media.serialize_json.obj
 0001:000051f0       ?root_get_interface_types@RCollector@frames@ui@modules@UModSys@@UEBA_KAEAUSUniquePtrList@core@5@@Z 00000001800061f0 f i umodsys_lib_libui:umodsys.mod.ui.frames.obj
 0001:000051f0       ?root_get_interface_types@RFrame_List@frames@ui@modules@UModSys@@UEBA_KAEAUSUniquePtrList@core@5@@Z 00000001800061f0 f i umodsys_lib_libui:umodsys.mod.ui.frames.obj
 0001:000051f0       ?root_get_interface_types@RFrame_Button@frames@ui@modules@UModSys@@UEBA_KAEAUSUniquePtrList@core@5@@Z 00000001800061f0 f i umodsys_lib_libui:umodsys.mod.ui.frames.obj
 0001:000051f0       ?root_get_interface_types@RKeyboardController@SDL_core@ui@modules@UModSys@@UEBA_KAEAUSUniquePtrList@core@5@@Z 00000001800061f0 f i umodsys_lib_libui:umodsys.mod.ui.SDL_core.obj
 0001:000051f0       ?root_get_interface_types@RSerializeWriter@serialize_json@media@modules@UModSys@@UEBA_KAEAUSUniquePtrList@core@5@@Z 00000001800061f0 f i umodsys_lib_libmedia:umodsys.mod.media.serialize_json.obj
 0001:000051f0       ?root_get_interface_types@RBinArchiveFrameClient_ZIP@zlib@media@modules@UModSys@@UEBA_KAEAUSUniquePtrList@core@5@@Z 00000001800061f0 f i umodsys_lib_libmedia:umodsys.mod.media.zlib.obj
 0001:000051f0       ?root_get_interface_types@RFrame_Edit@frames@ui@modules@UModSys@@UEBA_KAEAUSUniquePtrList@core@5@@Z 00000001800061f0 f i umodsys_lib_libui:umodsys.mod.ui.frames.obj
 0001:000051f0       ?root_get_interface_types@RRenderDriver2D@SDL_core@ui@modules@UModSys@@UEBA_KAEAUSUniquePtrList@core@5@@Z 00000001800061f0 f i umodsys_lib_libui:umodsys.mod.ui.SDL_core.obj
 0001:000051f0       ?root_get_interface_types@RGenerator@test1@test@modules@UModSys@@UEBA_KAEAUSUniquePtrList@core@5@@Z 00000001800061f0 f i plugin_test1.obj
 0001:000051f0       ?root_get_interface_types@RFrame_Frame@frames@ui@modules@UModSys@@UEBA_KAEAUSUniquePtrList@core@5@@Z 00000001800061f0 f i umodsys_lib_libui:umodsys.mod.ui.frames.obj
 0001:000051f0       ?root_get_interface_types@RGenerator@zlib@media@modules@UModSys@@UEBA_KAEAUSUniquePtrList@core@5@@Z 00000001800061f0 f i umodsys_lib_libmedia:umodsys.mod.media.zlib.obj
 0001:00005200       ?root_get_other_interface@RTerminal@SDL_core@ui@modules@UModSys@@UEAAPEAUIRoot@core@5@PEBUSUniquePointerInfo@75@@Z 0000000180006200 f i umodsys_lib_libui:umodsys.mod.ui.SDL_core.obj
 0001:00005200       ?root_get_other_interface@RTerminal@SDL_core@ui@modules@UModSys@@UEBAPEBUIRoot@core@5@PEBUSUniquePointerInfo@75@@Z 0000000180006200 f i umodsys_lib_libui:umodsys.mod.ui.SDL_core.obj
 0001:00005230       ?root_is_interface_supported@RTerminal@SDL_core@ui@modules@UModSys@@UEBA_NPEBUSUniquePointerInfo@core@5@@Z 0000000180006230 f i umodsys_lib_libui:umodsys.mod.ui.SDL_core.obj
 0001:00005260       ??0RTerminal@SDL_core@ui@modules@UModSys@@QEAA@PEAUIModObject@base@4@AEBUSParameters@core@4@@Z 0000000180006260 f i umodsys_lib_libui:umodsys.mod.ui.SDL_core.obj
 0001:00005310       ??1RTerminal@SDL_core@ui@modules@UModSys@@UEAA@XZ 0000000180006310 f i umodsys_lib_libui:umodsys.mod.ui.SDL_core.obj
 0001:000053d0       ?poll_events@RTerminal@SDL_core@ui@modules@UModSys@@UEAA_NH@Z 00000001800063d0 f i umodsys_lib_libui:umodsys.mod.ui.SDL_core.obj
 0001:00005540       ?get_terminal_state@RTerminal@SDL_core@ui@modules@UModSys@@UEAA_NW4eTerminalState@libui@5@@Z 0000000180006540 f i umodsys_lib_libui:umodsys.mod.ui.SDL_core.obj
 0001:00005550       ?set_terminal_state@RTerminal@SDL_core@ui@modules@UModSys@@UEAA_NW4eTerminalState@libui@5@_N@Z 0000000180006550 f i umodsys_lib_libui:umodsys.mod.ui.SDL_core.obj
 0001:000055e0       ?get_clock@RTerminal@SDL_core@ui@modules@UModSys@@UEAANXZ 00000001800065e0 f i umodsys_lib_libui:umodsys.mod.ui.SDL_core.obj
 0001:00005600       ?wait@RTerminal@SDL_core@ui@modules@UModSys@@UEAA_NM@Z 0000000180006600 f i umodsys_lib_libui:umodsys.mod.ui.SDL_core.obj
 0001:00005620       ?get_count@RTerminal@SDL_core@ui@modules@UModSys@@UEBA_KPEBUSUniquePointerInfo@core@5@@Z 0000000180006620 f i umodsys_lib_libui:umodsys.mod.ui.SDL_core.obj
 0001:00005660       ?get_handler@RTerminal@SDL_core@ui@modules@UModSys@@UEBAPEAUIRefObject@core@5@PEBUSUniquePointerInfo@75@_K@Z 0000000180006660 f i umodsys_lib_libui:umodsys.mod.ui.SDL_core.obj
 0001:000056a0       ?create_handler@RTerminal@SDL_core@ui@modules@UModSys@@UEAA_NPEBUSUniquePointerInfo@core@5@AEAU?$TRefObject@UIRefObject@core@UModSys@@U?$TRefObjectFunc@UIRefObject@core@UModSys@@@tl@3@@tl@5@PEBDPEBUSParameters@75@@Z 00000001800066a0 f i umodsys_lib_libui:umodsys.mod.ui.SDL_core.obj
 0001:000059b0       ??_GRTerminal@SDL_core@ui@modules@UModSys@@UEAAPEAXI@Z 00000001800069b0 f i umodsys_lib_libui:umodsys.mod.ui.SDL_core.obj
 0001:000059b0       ??_ERTerminal@SDL_core@ui@modules@UModSys@@UEAAPEAXI@Z 00000001800069b0 f i  CIL library: CIL module
 0001:000059e0       ?get_generated_names@RGenerator@SDL_core@ui@modules@UModSys@@UEBAHAEAUSUniquePtrList@core@5@@Z 00000001800069e0 f i umodsys_lib_libui:umodsys.mod.ui.SDL_core.obj
 0001:00005a00       ?get_generated_types@RGenerator@SDL_core@ui@modules@UModSys@@UEBAHAEAUSUniquePtrList@core@5@PEBUSUniquePointerInfo@75@@Z 0000000180006a00 f i umodsys_lib_libui:umodsys.mod.ui.SDL_core.obj
 0001:00005a60       ?generate@RGenerator@SDL_core@ui@modules@UModSys@@UEAA_NAEAU?$TRefObject@UIRefObject@core@UModSys@@U?$TRefObjectFunc@UIRefObject@core@UModSys@@@tl@3@@tl@5@PEBUSUniquePointerInfo@core@5@AEBUSParameters@95@@Z 0000000180006a60 f i umodsys_lib_libui:umodsys.mod.ui.SDL_core.obj
 0001:00005ae0       ?root_get_interface_info@RGenerator@SDL_core@ui@modules@UModSys@@UEBAAEBUSUniquePointerInfo@core@5@XZ 0000000180006ae0 f i umodsys_lib_libui:umodsys.mod.ui.SDL_core.obj
 0001:00005af0       ?root_get_interface_type@RGenerator@SDL_core@ui@modules@UModSys@@UEBAPEBUSUniquePointerInfo@core@5@XZ 0000000180006af0 f i umodsys_lib_libui:umodsys.mod.ui.SDL_core.obj
 0001:00005b00       ?root_get_other_interface@RGenerator@SDL_core@ui@modules@UModSys@@UEBAPEBUIRoot@core@5@PEBUSUniquePointerInfo@75@@Z 0000000180006b00 f i umodsys_lib_libui:umodsys.mod.ui.SDL_core.obj
 0001:00005b00       ?root_get_other_interface@RGenerator@SDL_core@ui@modules@UModSys@@UEAAPEAUIRoot@core@5@PEBUSUniquePointerInfo@75@@Z 0000000180006b00 f i umodsys_lib_libui:umodsys.mod.ui.SDL_core.obj
 0001:00005b40       ?root_is_interface_supported@RGenerator@SDL_core@ui@modules@UModSys@@UEBA_NPEBUSUniquePointerInfo@core@5@@Z 0000000180006b40 f i umodsys_lib_libui:umodsys.mod.ui.SDL_core.obj
 0001:00005b80       ?get_uid@RGenerator@SDL_core@ui@modules@UModSys@@UEBAPEBUSUniquePointerInfo@core@5@XZ 0000000180006b80 f i umodsys_lib_libui:umodsys.mod.ui.SDL_core.obj
 0001:00005b90       ?do_open@RModuleReg@SDL_core@ui@modules@UModSys@@UEAA_NXZ 0000000180006b90 f i umodsys_lib_libui:umodsys.mod.ui.SDL_core.obj
 0001:00005ba0       ?do_close@RModuleReg@SDL_core@ui@modules@UModSys@@UEAA_NXZ 0000000180006ba0 f i umodsys_lib_libui:umodsys.mod.ui.SDL_core.obj
 0001:00005bb0       ??_ERModuleReg@SDL_core@ui@modules@UModSys@@UEAAPEAXI@Z 0000000180006bb0 f i  CIL library: CIL module
 0001:00005bb0       ??_GRModuleReg@SDL_core@ui@modules@UModSys@@UEAAPEAXI@Z 0000000180006bb0 f i umodsys_lib_libui:umodsys.mod.ui.SDL_core.obj
 0001:00005be0       ??1?$TScatterArray@UGlyph@RMultiImage2D_SDL_ttf@SDL_core@ui@modules@UModSys@@HU?$TScalarCompare@H@core@6@U?$TNodeDeleter0@U?$TScatterArrayNode@UGlyph@RMultiImage2D_SDL_ttf@SDL_core@ui@modules@UModSys@@H@tl@UModSys@@@tl@6@@tl@UModSys@@QEAA@XZ 0000000180006be0 f i umodsys_lib_libui:umodsys.mod.ui.SDL_core.obj
 0001:00005c10       ??1?$TRefObject@URMultiImage2D_SDL_ttf@SDL_core@ui@modules@UModSys@@U?$TRefObjectWeakFunc@URMultiImage2D_SDL_ttf@SDL_core@ui@modules@UModSys@@@tl@5@@tl@UModSys@@QEAA@XZ 0000000180006c10 f i umodsys_lib_libui:umodsys.mod.ui.SDL_core.obj
 0001:00005c10       ??1?$TRefObject@URRenderDriver2D@SDL_core@ui@modules@UModSys@@U?$TRefObjectWeakFunc@URRenderDriver2D@SDL_core@ui@modules@UModSys@@@tl@5@@tl@UModSys@@QEAA@XZ 0000000180006c10 f i umodsys_lib_libui:umodsys.mod.ui.SDL_core.obj
 0001:00005c50       ?remove_node@?$TTreeHoldRB@U?$TScatterArrayNode@U?$TRefObjectCompositeExtra@UIMouseClient@libui@UModSys@@HUIRefObject@core@3@U?$TRefObjectFunc@UIRefObject@core@UModSys@@@tl@3@@tl@UModSys@@H@tl@UModSys@@@tl@UModSys@@QEAAXPEAU?$TScatterArrayNode@U?$TRefObjectCompositeExtra@UIMouseClient@libui@UModSys@@HUIRefObject@core@3@U?$TRefObjectFunc@UIRefObject@core@UModSys@@@tl@3@@tl@UModSys@@H@23@@Z 0000000180006c50 f i umodsys_lib_libui:umodsys.mod.ui.SDL_core.obj
 0001:00005c50       ?remove_node@?$TTreeHoldRB@U?$TScatterArrayNode@U?$TRefObjectComposite@UIKeyboardClient@libui@UModSys@@UIRefObject@core@3@U?$TRefObjectFunc@UIRefObject@core@UModSys@@@tl@3@@tl@UModSys@@H@tl@UModSys@@@tl@UModSys@@QEAAXPEAU?$TScatterArrayNode@U?$TRefObjectComposite@UIKeyboardClient@libui@UModSys@@UIRefObject@core@3@U?$TRefObjectFunc@UIRefObject@core@UModSys@@@tl@3@@tl@UModSys@@H@23@@Z 0000000180006c50 f i umodsys_lib_libui:umodsys.mod.ui.SDL_core.obj
 0001:00005d70       ??R?$TNodeDeleter0@U?$TScatterArrayNode@U?$TRefObjectComposite@UIKeyboardClient@libui@UModSys@@UIRefObject@core@3@U?$TRefObjectFunc@UIRefObject@core@UModSys@@@tl@3@@tl@UModSys@@H@tl@UModSys@@@tl@UModSys@@QEBAHPEAU?$TScatterArrayNode@U?$TRefObjectComposite@UIKeyboardClient@libui@UModSys@@UIRefObject@core@3@U?$TRefObjectFunc@UIRefObject@core@UModSys@@@tl@3@@tl@UModSys@@H@12@@Z 0000000180006d70 f i umodsys_lib_libui:umodsys.mod.ui.SDL_core.obj
 0001:00005d70       ??R?$TNodeDeleter0@U?$TScatterArrayNode@U?$TRefObjectCompositeExtra@UIMouseClient@libui@UModSys@@HUIRefObject@core@3@U?$TRefObjectFunc@UIRefObject@core@UModSys@@@tl@3@@tl@UModSys@@H@tl@UModSys@@@tl@UModSys@@QEBAHPEAU?$TScatterArrayNode@U?$TRefObjectCompositeExtra@UIMouseClient@libui@UModSys@@HUIRefObject@core@3@U?$TRefObjectFunc@UIRefObject@core@UModSys@@@tl@3@@tl@UModSys@@H@12@@Z 0000000180006d70 f i umodsys_lib_libui:umodsys.mod.ui.SDL_core.obj
 0001:00005df0       ??1?$TPair@HU?$TRefObjectCompositeExtra@UIMouseClient@libui@UModSys@@HUIRefObject@core@3@U?$TRefObjectFunc@UIRefObject@core@UModSys@@@tl@3@@tl@UModSys@@@tl@UModSys@@QEAA@XZ 0000000180006df0 f i umodsys_lib_libui:umodsys.mod.ui.SDL_core.obj
 0001:00005df0       ??1?$TPair@HU?$TRefObjectComposite@UIKeyboardClient@libui@UModSys@@UIRefObject@core@3@U?$TRefObjectFunc@UIRefObject@core@UModSys@@@tl@3@@tl@UModSys@@@tl@UModSys@@QEAA@XZ 0000000180006df0 f i umodsys_lib_libui:umodsys.mod.ui.SDL_core.obj
 0001:00005e40       ??1?$TRefObjectCompositeExtra@UIMouseClient@libui@UModSys@@HUIRefObject@core@3@U?$TRefObjectFunc@UIRefObject@core@UModSys@@@tl@3@@tl@UModSys@@QEAA@XZ 0000000180006e40 f i umodsys_lib_libui:umodsys.mod.ui.SDL_core.obj
 0001:00005e40       ??1?$TRefObjectComposite@UIKeyboardClient@libui@UModSys@@UIRefObject@core@3@U?$TRefObjectFunc@UIRefObject@core@UModSys@@@tl@3@@tl@UModSys@@QEAA@XZ 0000000180006e40 f i umodsys_lib_libui:umodsys.mod.ui.SDL_core.obj
 0001:00005e90       ??$t_ref_get_other_interface@URMultiImage2D_SDL_ttf@SDL_core@ui@modules@UModSys@@U?$TRefObjectWeakFunc@URMultiImage2D_SDL_ttf@SDL_core@ui@modules@UModSys@@@tl@5@@IRefObject@core@UModSys@@QEAA_NAEAU?$TRefObject@URMultiImage2D_SDL_ttf@SDL_core@ui@modules@UModSys@@U?$TRefObjectWeakFunc@URMultiImage2D_SDL_ttf@SDL_core@ui@modules@UModSys@@@tl@5@@tl@2@@Z 0000000180006e90 f i umodsys_lib_libui:umodsys.mod.ui.SDL_core.obj
 0001:00005f10       ?remove_color@?$TTreeHoldRB@U?$TScatterArrayNode@U?$TRefObjectComposite@UIKeyboardClient@libui@UModSys@@UIRefObject@core@3@U?$TRefObjectFunc@UIRefObject@core@UModSys@@@tl@3@@tl@UModSys@@H@tl@UModSys@@@tl@UModSys@@IEAAXPEAU?$TScatterArrayNode@U?$TRefObjectComposite@UIKeyboardClient@libui@UModSys@@UIRefObject@core@3@U?$TRefObjectFunc@UIRefObject@core@UModSys@@@tl@3@@tl@UModSys@@H@23@0@Z 0000000180006f10 f i umodsys_lib_libui:umodsys.mod.ui.SDL_core.obj
 0001:00005f10       ?remove_color@?$TTreeHoldRB@U?$TScatterArrayNode@U?$TRefObjectCompositeExtra@UIMouseClient@libui@UModSys@@HUIRefObject@core@3@U?$TRefObjectFunc@UIRefObject@core@UModSys@@@tl@3@@tl@UModSys@@H@tl@UModSys@@@tl@UModSys@@IEAAXPEAU?$TScatterArrayNode@U?$TRefObjectCompositeExtra@UIMouseClient@libui@UModSys@@HUIRefObject@core@3@U?$TRefObjectFunc@UIRefObject@core@UModSys@@@tl@3@@tl@UModSys@@H@23@0@Z 0000000180006f10 f i umodsys_lib_libui:umodsys.mod.ui.SDL_core.obj
 0001:000061d0       ??$t_close@U?$TRefObject@URRenderDriver2D@SDL_core@ui@modules@UModSys@@U?$TRefObjectWeakFunc@URRenderDriver2D@SDL_core@ui@modules@UModSys@@@tl@5@@tl@UModSys@@@SDL_core@ui@modules@UModSys@@YA_NAEAU?$TScatterArray@U?$TRefObject@URRenderDriver2D@SDL_core@ui@modules@UModSys@@U?$TRefObjectWeakFunc@URRenderDriver2D@SDL_core@ui@modules@UModSys@@@tl@5@@tl@UModSys@@HU?$TScalarCompare@H@core@3@U?$TNodeDeleter0@U?$TScatterArrayNode@U?$TRefObject@URRenderDriver2D@SDL_core@ui@modules@UModSys@@U?$TRefObjectWeakFunc@URRenderDriver2D@SDL_core@ui@modules@UModSys@@@tl@5@@tl@UModSys@@H@tl@UModSys@@@23@@tl@3@@Z 00000001800071d0 f i umodsys_lib_libui:umodsys.mod.ui.SDL_core.obj
 0001:000062c0       ??$t_count@U?$TRefObject@URRenderDriver2D@SDL_core@ui@modules@UModSys@@U?$TRefObjectWeakFunc@URRenderDriver2D@SDL_core@ui@modules@UModSys@@@tl@5@@tl@UModSys@@@SDL_core@ui@modules@UModSys@@YA_KAEBU?$TScatterArray@U?$TRefObject@URRenderDriver2D@SDL_core@ui@modules@UModSys@@U?$TRefObjectWeakFunc@URRenderDriver2D@SDL_core@ui@modules@UModSys@@@tl@5@@tl@UModSys@@HU?$TScalarCompare@H@core@3@U?$TNodeDeleter0@U?$TScatterArrayNode@U?$TRefObject@URRenderDriver2D@SDL_core@ui@modules@UModSys@@U?$TRefObjectWeakFunc@URRenderDriver2D@SDL_core@ui@modules@UModSys@@@tl@5@@tl@UModSys@@H@tl@UModSys@@@23@@tl@3@@Z 00000001800072c0 f i umodsys_lib_libui:umodsys.mod.ui.SDL_core.obj
 0001:00006340       ??$t_get@U?$TRefObject@URRenderDriver2D@SDL_core@ui@modules@UModSys@@U?$TRefObjectWeakFunc@URRenderDriver2D@SDL_core@ui@modules@UModSys@@@tl@5@@tl@UModSys@@@SDL_core@ui@modules@UModSys@@YAPEAUIRefObject@core@3@AEBU?$TScatterArray@U?$TRefObject@URRenderDriver2D@SDL_core@ui@modules@UModSys@@U?$TRefObjectWeakFunc@URRenderDriver2D@SDL_core@ui@modules@UModSys@@@tl@5@@tl@UModSys@@HU?$TScalarCompare@H@core@3@U?$TNodeDeleter0@U?$TScatterArrayNode@U?$TRefObject@URRenderDriver2D@SDL_core@ui@modules@UModSys@@U?$TRefObjectWeakFunc@URRenderDriver2D@SDL_core@ui@modules@UModSys@@@tl@5@@tl@UModSys@@H@tl@UModSys@@@23@@tl@3@_K@Z 0000000180007340 f i umodsys_lib_libui:umodsys.mod.ui.SDL_core.obj
 0001:000063e0       ??$ValidateConstruction@UIRefObject@core@UModSys@@URRenderDriver2D@SDL_core@ui@modules@3@@core@UModSys@@YA_NAEAU?$TRefObject@UIRefObject@core@UModSys@@U?$TRefObjectFunc@UIRefObject@core@UModSys@@@tl@3@@tl@1@U?$TRefObject@URRenderDriver2D@SDL_core@ui@modules@UModSys@@U?$TRefObjectFunc@URRenderDriver2D@SDL_core@ui@modules@UModSys@@@tl@5@@31@@Z 00000001800073e0 f i umodsys_lib_libui:umodsys.mod.ui.SDL_core.obj
 0001:00006490       ??$t_add@U?$TRefObject@URRenderDriver2D@SDL_core@ui@modules@UModSys@@U?$TRefObjectWeakFunc@URRenderDriver2D@SDL_core@ui@modules@UModSys@@@tl@5@@tl@UModSys@@URRenderDriver2D@SDL_core@ui@modules@3@@SDL_core@ui@modules@UModSys@@YA_NAEAU?$TScatterArray@U?$TRefObject@URRenderDriver2D@SDL_core@ui@modules@UModSys@@U?$TRefObjectWeakFunc@URRenderDriver2D@SDL_core@ui@modules@UModSys@@@tl@5@@tl@UModSys@@HU?$TScalarCompare@H@core@3@U?$TNodeDeleter0@U?$TScatterArrayNode@U?$TRefObject@URRenderDriver2D@SDL_core@ui@modules@UModSys@@U?$TRefObjectWeakFunc@URRenderDriver2D@SDL_core@ui@modules@UModSys@@@tl@5@@tl@UModSys@@H@tl@UModSys@@@23@@tl@3@PEAURRenderDriver2D@0123@@Z 0000000180007490 f i umodsys_lib_libui:umodsys.mod.ui.SDL_core.obj
 0001:00006510       ??$ValidateConstruction@UIRefObject@core@UModSys@@URKeyboardController@SDL_core@ui@modules@3@@core@UModSys@@YA_NAEAU?$TRefObject@UIRefObject@core@UModSys@@U?$TRefObjectFunc@UIRefObject@core@UModSys@@@tl@3@@tl@1@U?$TRefObject@URKeyboardController@SDL_core@ui@modules@UModSys@@U?$TRefObjectFunc@URKeyboardController@SDL_core@ui@modules@UModSys@@@tl@5@@31@@Z 0000000180007510 f i umodsys_lib_libui:umodsys.mod.ui.SDL_core.obj
 0001:00006510       ??$ValidateConstruction@UIRefObject@core@UModSys@@URMouseController@SDL_core@ui@modules@3@@core@UModSys@@YA_NAEAU?$TRefObject@UIRefObject@core@UModSys@@U?$TRefObjectFunc@UIRefObject@core@UModSys@@@tl@3@@tl@1@U?$TRefObject@URMouseController@SDL_core@ui@modules@UModSys@@U?$TRefObjectFunc@URMouseController@SDL_core@ui@modules@UModSys@@@tl@5@@31@@Z 0000000180007510 f i umodsys_lib_libui:umodsys.mod.ui.SDL_core.obj
 0001:000065a0       ??$ValidateConstruction@UIMultiImage@lib2d@UModSys@@URMultiImage2D_SDL_ttf@SDL_core@ui@modules@3@@core@UModSys@@YA_NAEAU?$TRefObject@UIMultiImage@lib2d@UModSys@@U?$TRefObjectFunc@UIMultiImage@lib2d@UModSys@@@tl@3@@tl@1@PEAURMultiImage2D_SDL_ttf@SDL_core@ui@modules@1@@Z 00000001800075a0 f i umodsys_lib_libui:umodsys.mod.ui.SDL_core.obj
 0001:00006620       ??$genx_node@UCmp@?$TScatterArray@UGlyph@RMultiImage2D_SDL_ttf@SDL_core@ui@modules@UModSys@@HU?$TScalarCompare@H@core@6@U?$TNodeDeleter0@U?$TScatterArrayNode@UGlyph@RMultiImage2D_SDL_ttf@SDL_core@ui@modules@UModSys@@H@tl@UModSys@@@tl@6@@tl@UModSys@@UGen0@234@@?$TTreeHoldRBD@U?$TScatterArrayNode@UGlyph@RMultiImage2D_SDL_ttf@SDL_core@ui@modules@UModSys@@H@tl@UModSys@@U?$TNodeDeleter0@U?$TScatterArrayNode@UGlyph@RMultiImage2D_SDL_ttf@SDL_core@ui@modules@UModSys@@H@tl@UModSys@@@23@@tl@UModSys@@QEAAPEAU?$TScatterArrayNode@UGlyph@RMultiImage2D_SDL_ttf@SDL_core@ui@modules@UModSys@@H@12@UCmp@?$TScatterArray@UGlyph@RMultiImage2D_SDL_ttf@SDL_core@ui@modules@UModSys@@HU?$TScalarCompare@H@core@6@U?$TNodeDeleter0@U?$TScatterArrayNode@UGlyph@RMultiImage2D_SDL_ttf@SDL_core@ui@modules@UModSys@@H@tl@UModSys@@@tl@6@@12@AEBUGen0@512@PEAPEAU312@2_N@Z 0000000180007620 f i umodsys_lib_libui:umodsys.mod.ui.SDL_core.obj
 0001:000067b0       ??$genx_node@UCmp@?$TScatterArray@U?$TRefObjectCompositeExtra@UIMouseClient@libui@UModSys@@HUIRefObject@core@3@U?$TRefObjectFunc@UIRefObject@core@UModSys@@@tl@3@@tl@UModSys@@HU?$TScalarCompare@H@core@3@U?$TNodeDeleter0@U?$TScatterArrayNode@U?$TRefObjectCompositeExtra@UIMouseClient@libui@UModSys@@HUIRefObject@core@3@U?$TRefObjectFunc@UIRefObject@core@UModSys@@@tl@3@@tl@UModSys@@H@tl@UModSys@@@23@@tl@UModSys@@UGen0@234@@?$TTreeHoldRBD@U?$TScatterArrayNode@U?$TRefObjectCompositeExtra@UIMouseClient@libui@UModSys@@HUIRefObject@core@3@U?$TRefObjectFunc@UIRefObject@core@UModSys@@@tl@3@@tl@UModSys@@H@tl@UModSys@@U?$TNodeDeleter0@U?$TScatterArrayNode@U?$TRefObjectCompositeExtra@UIMouseClient@libui@UModSys@@HUIRefObject@core@3@U?$TRefObjectFunc@UIRefObject@core@UModSys@@@tl@3@@tl@UModSys@@H@tl@UModSys@@@23@@tl@UModSys@@QEAAPEAU?$TScatterArrayNode@U?$TRefObjectCompositeExtra@UIMouseClient@libui@UModSys@@HUIRefObject@core@3@U?$TRefObjectFunc@UIRefObject@core@UModSys@@@tl@3@@tl@UModSys@@H@12@UCmp@?$TScatterArray@U?$TRefObjectCompositeExtra@UIMouseClient@libui@UModSys@@HUIRefObject@core@3@U?$TRefObjectFunc@UIRefObject@core@UModSys@@@tl@3@@tl@UModSys@@HU?$TScalarCompare@H@core@3@U?$TNodeDeleter0@U?$TScatterArrayNode@U?$TRefObjectCompositeExtra@UIMouseClient@libui@UModSys@@HUIRefObject@core@3@U?$TRefObjectFunc@UIRefObject@core@UModSys@@@tl@3@@tl@UModSys@@H@tl@UModSys@@@23@@12@AEBUGen0@512@PEAPEAU312@2_N@Z 00000001800077b0 f i umodsys_lib_libui:umodsys.mod.ui.SDL_core.obj
 0001:00006900       ??$genx_node@UCmp@?$TScatterArray@U?$TRefObjectComposite@UIKeyboardClient@libui@UModSys@@UIRefObject@core@3@U?$TRefObjectFunc@UIRefObject@core@UModSys@@@tl@3@@tl@UModSys@@HU?$TScalarCompare@H@core@3@U?$TNodeDeleter0@U?$TScatterArrayNode@U?$TRefObjectComposite@UIKeyboardClient@libui@UModSys@@UIRefObject@core@3@U?$TRefObjectFunc@UIRefObject@core@UModSys@@@tl@3@@tl@UModSys@@H@tl@UModSys@@@23@@tl@UModSys@@UGen0@234@@?$TTreeHoldRBD@U?$TScatterArrayNode@U?$TRefObjectComposite@UIKeyboardClient@libui@UModSys@@UIRefObject@core@3@U?$TRefObjectFunc@UIRefObject@core@UModSys@@@tl@3@@tl@UModSys@@H@tl@UModSys@@U?$TNodeDeleter0@U?$TScatterArrayNode@U?$TRefObjectComposite@UIKeyboardClient@libui@UModSys@@UIRefObject@core@3@U?$TRefObjectFunc@UIRefObject@core@UModSys@@@tl@3@@tl@UModSys@@H@tl@UModSys@@@23@@tl@UModSys@@QEAAPEAU?$TScatterArrayNode@U?$TRefObjectComposite@UIKeyboardClient@libui@UModSys@@UIRefObject@core@3@U?$TRefObjectFunc@UIRefObject@core@UModSys@@@tl@3@@tl@UModSys@@H@12@UCmp@?$TScatterArray@U?$TRefObjectComposite@UIKeyboardClient@libui@UModSys@@UIRefObject@core@3@U?$TRefObjectFunc@UIRefObject@core@UModSys@@@tl@3@@tl@UModSys@@HU?$TScalarCompare@H@core@3@U?$TNodeDeleter0@U?$TScatterArrayNode@U?$TRefObjectComposite@UIKeyboardClient@libui@UModSys@@UIRefObject@core@3@U?$TRefObjectFunc@UIRefObject@core@UModSys@@@tl@3@@tl@UModSys@@H@tl@UModSys@@@23@@12@AEBUGen0@512@PEAPEAU312@2_N@Z 0000000180007900 f i umodsys_lib_libui:umodsys.mod.ui.SDL_core.obj
 0001:00006a40       ??$process_nodes@U?$TNodeDeleter0@U?$TScatterArrayNode@U?$TRefObjectCompositeExtra@UIMouseClient@libui@UModSys@@HUIRefObject@core@3@U?$TRefObjectFunc@UIRefObject@core@UModSys@@@tl@3@@tl@UModSys@@H@tl@UModSys@@@tl@UModSys@@@?$TTreeHoldRB@U?$TScatterArrayNode@U?$TRefObjectCompositeExtra@UIMouseClient@libui@UModSys@@HUIRefObject@core@3@U?$TRefObjectFunc@UIRefObject@core@UModSys@@@tl@3@@tl@UModSys@@H@tl@UModSys@@@tl@UModSys@@QEAAHAEBU?$TNodeDeleter0@U?$TScatterArrayNode@U?$TRefObjectCompositeExtra@UIMouseClient@libui@UModSys@@HUIRefObject@core@3@U?$TRefObjectFunc@UIRefObject@core@UModSys@@@tl@3@@tl@UModSys@@H@tl@UModSys@@@12@@Z 0000000180007a40 f i umodsys_lib_libui:umodsys.mod.ui.SDL_core.obj
 0001:00006a40       ??$process_nodes@U?$TNodeDeleter0@U?$TScatterArrayNode@U?$TRefObjectComposite@UIKeyboardClient@libui@UModSys@@UIRefObject@core@3@U?$TRefObjectFunc@UIRefObject@core@UModSys@@@tl@3@@tl@UModSys@@H@tl@UModSys@@@tl@UModSys@@@?$TTreeHoldRB@U?$TScatterArrayNode@U?$TRefObjectComposite@UIKeyboardClient@libui@UModSys@@UIRefObject@core@3@U?$TRefObjectFunc@UIRefObject@core@UModSys@@@tl@3@@tl@UModSys@@H@tl@UModSys@@@tl@UModSys@@QEAAHAEBU?$TNodeDeleter0@U?$TScatterArrayNode@U?$TRefObjectComposite@UIKeyboardClient@libui@UModSys@@UIRefObject@core@3@U?$TRefObjectFunc@UIRefObject@core@UModSys@@@tl@3@@tl@UModSys@@H@tl@UModSys@@@12@@Z 0000000180007a40 f i umodsys_lib_libui:umodsys.mod.ui.SDL_core.obj
 0001:00006ac0       ?attach@?$TRefObject@URRenderDriver2D@SDL_core@ui@modules@UModSys@@U?$TRefObjectWeakFunc@URRenderDriver2D@SDL_core@ui@modules@UModSys@@@tl@5@@tl@UModSys@@QEAAXPEAURRenderDriver2D@SDL_core@ui@modules@3@@Z 0000000180007ac0 f i umodsys_lib_libui:umodsys.mod.ui.SDL_core.obj
 0001:00006b50       ?insert_color@?$TTreeHoldRB@U?$TScatterArrayNode@UGlyph@RMultiImage2D_SDL_ttf@SDL_core@ui@modules@UModSys@@H@tl@UModSys@@@tl@UModSys@@IEAAXPEAU?$TScatterArrayNode@UGlyph@RMultiImage2D_SDL_ttf@SDL_core@ui@modules@UModSys@@H@23@@Z 0000000180007b50 f i umodsys_lib_libui:umodsys.mod.ui.SDL_core.obj
 0001:00006b50       ?insert_color@?$TTreeHoldRB@U?$TScatterArrayNode@U?$TVector2@M@math3d@UModSys@@H@tl@UModSys@@@tl@UModSys@@IEAAXPEAU?$TScatterArrayNode@U?$TVector2@M@math3d@UModSys@@H@23@@Z 0000000180007b50 f i umodsys_lib_libui:umodsys.mod.ui.frames.obj
 0001:00006b50       ?insert_color@?$TTreeHoldRB@U?$TScatterArrayNode@HH@tl@UModSys@@@tl@UModSys@@IEAAXPEAU?$TScatterArrayNode@HH@23@@Z 0000000180007b50 f i umodsys_lib_libui:umodsys.mod.ui.frames.obj
 0001:00006b50       ?insert_color@?$TTreeHoldRB@U?$TScatterArrayNode@U?$TRefObjectCompositeExtra@UIMouseClient@libui@UModSys@@HUIRefObject@core@3@U?$TRefObjectFunc@UIRefObject@core@UModSys@@@tl@3@@tl@UModSys@@H@tl@UModSys@@@tl@UModSys@@IEAAXPEAU?$TScatterArrayNode@U?$TRefObjectCompositeExtra@UIMouseClient@libui@UModSys@@HUIRefObject@core@3@U?$TRefObjectFunc@UIRefObject@core@UModSys@@@tl@3@@tl@UModSys@@H@23@@Z 0000000180007b50 f i umodsys_lib_libui:umodsys.mod.ui.SDL_core.obj
 0001:00006b50       ?insert_color@?$TTreeHoldRB@U?$TScatterArrayNode@U?$TRefObjectComposite@UIKeyboardClient@libui@UModSys@@UIRefObject@core@3@U?$TRefObjectFunc@UIRefObject@core@UModSys@@@tl@3@@tl@UModSys@@H@tl@UModSys@@@tl@UModSys@@IEAAXPEAU?$TScatterArrayNode@U?$TRefObjectComposite@UIKeyboardClient@libui@UModSys@@UIRefObject@core@3@U?$TRefObjectFunc@UIRefObject@core@UModSys@@@tl@3@@tl@UModSys@@H@23@@Z 0000000180007b50 f i umodsys_lib_libui:umodsys.mod.ui.SDL_core.obj
 0001:00006b50       ?insert_color@?$TTreeHoldRB@U?$TScatterArrayNode@U?$TRefObject@URRenderDriver2D@SDL_core@ui@modules@UModSys@@U?$TRefObjectWeakFunc@URRenderDriver2D@SDL_core@ui@modules@UModSys@@@tl@5@@tl@UModSys@@H@tl@UModSys@@@tl@UModSys@@IEAAXPEAU?$TScatterArrayNode@U?$TRefObject@URRenderDriver2D@SDL_core@ui@modules@UModSys@@U?$TRefObjectWeakFunc@URRenderDriver2D@SDL_core@ui@modules@UModSys@@@tl@5@@tl@UModSys@@H@23@@Z 0000000180007b50 f i umodsys_lib_libui:umodsys.mod.ui.SDL_core.obj
 0001:00006b50       ?insert_color@?$TTreeHoldRB@U?$TScatterArrayNode@U?$TVector4@M@math3d@UModSys@@H@tl@UModSys@@@tl@UModSys@@IEAAXPEAU?$TScatterArrayNode@U?$TVector4@M@math3d@UModSys@@H@23@@Z 0000000180007b50 f i umodsys_lib_libui:umodsys.mod.ui.frames.obj
 0001:00006d00       ??$ValidateConstruction@UIRefObject@core@UModSys@@URMediaFilter@images_std@media@modules@3@@core@UModSys@@YA_NAEAU?$TRefObject@UIRefObject@core@UModSys@@U?$TRefObjectFunc@UIRefObject@core@UModSys@@@tl@3@@tl@1@PEAURMediaFilter@images_std@media@modules@1@@Z 0000000180007d00 f i umodsys_lib_libmedia:umodsys.mod.media.images_std.obj
 0001:00006d00       ??$ValidateConstruction@UIRefObject@core@UModSys@@URTerminal@SDL_core@ui@modules@3@@core@UModSys@@YA_NAEAU?$TRefObject@UIRefObject@core@UModSys@@U?$TRefObjectFunc@UIRefObject@core@UModSys@@@tl@3@@tl@1@PEAURTerminal@SDL_core@ui@modules@1@@Z 0000000180007d00 f i umodsys_lib_libui:umodsys.mod.ui.SDL_core.obj
 0001:00006d00       ??$ValidateConstruction@UIRefObject@core@UModSys@@URImage_Memory@stdlib@lib2d@modules@3@@core@UModSys@@YA_NAEAU?$TRefObject@UIRefObject@core@UModSys@@U?$TRefObjectFunc@UIRefObject@core@UModSys@@@tl@3@@tl@1@PEAURImage_Memory@stdlib@lib2d@modules@1@@Z 0000000180007d00 f i umodsys_lib_lib2d:umodsys.mod.2d.stdlib.obj
 0001:00006d70       ??$process_nodes_r@U?$TNodeDeleter0@U?$TScatterArrayNode@UGlyph@RMultiImage2D_SDL_ttf@SDL_core@ui@modules@UModSys@@H@tl@UModSys@@@tl@UModSys@@@?$TTreeHoldRB@U?$TScatterArrayNode@UGlyph@RMultiImage2D_SDL_ttf@SDL_core@ui@modules@UModSys@@H@tl@UModSys@@@tl@UModSys@@KAHPEAU?$TScatterArrayNode@UGlyph@RMultiImage2D_SDL_ttf@SDL_core@ui@modules@UModSys@@H@12@AEBU?$TNodeDeleter0@U?$TScatterArrayNode@UGlyph@RMultiImage2D_SDL_ttf@SDL_core@ui@modules@UModSys@@H@tl@UModSys@@@12@@Z 0000000180007d70 f i umodsys_lib_libui:umodsys.mod.ui.SDL_core.obj
[...]
 0001:0001fc60       ??__E?s_modreg_chain@RModuleReg@zlib@media@modules@UModSys@@2USModuleRegChain@base@5@A@@YAXXZ 0000000180020c60 f    CIL library: CIL module
 0001:0001fc90       ??__E?s_uid@RGenerator@zlib@media@modules@UModSys@@2USUniquePointer@core@5@A@@YAXXZ 0000000180020c90 f    CIL library: CIL module
 0001:0001fcd0       ??__E?s_id@?$TObjectUniqueID@URBinArchiveFrameClient_ZIP@zlib@media@modules@UModSys@@@tl@UModSys@@2USUniquePointer@core@3@A@@YAXXZ 0000000180020cd0 f    CIL library: CIL module
 0001:0001fd10       ??__E?s_id@?$TObjectUniqueID@URGenerator@zlib@media@modules@UModSys@@@tl@UModSys@@2USUniquePointer@core@3@A@@YAXXZ 0000000180020d10 f    CIL library: CIL module
 0001:0001fd50       ??__EM@UModSys@@YAXXZ      0000000180020d50 f    CIL library: CIL module
 0001:0001fd70       ??__E?root@SModuleRegChain@base@UModSys@@2U123@A@@YAXXZ 0000000180020d70 f    CIL library: CIL module
 0001:0001fda0       ??__E?s_library@RModuleLibraryReg_Chain@base@UModSys@@2U123@A@@YAXXZ 0000000180020da0 f    CIL library: CIL module
 0001:0001fdc0       ??__E?root@SUniquePointer@core@UModSys@@2U123@A@@YAXXZ 0000000180020dc0 f    CIL library: CIL module
 0001:0001fdf0       ??__F?s_modreg@RModuleReg@test1@test@modules@UModSys@@2U12345@A@@YAXXZ 0000000180020df0 f    CIL library: CIL module
 0001:0001fe10       ??__F?s_modreg_chain@RModuleReg@test1@test@modules@UModSys@@2USModuleRegChain@base@5@A@@YAXXZ 0000000180020e10 f    CIL library: CIL module
 0001:0001fe20       ??__F?s_uid@RGenerator@test1@test@modules@UModSys@@2USUniquePointer@core@5@A@@YAXXZ 0000000180020e20 f    CIL library: CIL module
 0001:0001fe30       ??__Fh@?1??s_holder@RGenerator@test1@test@modules@UModSys@@SAAEAU?$TTypeStaticHolder@URGenerator@test1@test@modules@UModSys@@@tl@5@XZ@YAXXZ 0000000180020e30 f    CIL library: CIL module
 0001:0001fe60       ??__F?s_id@?$TObjectUniqueID@URGenerator@test1@test@modules@UModSys@@@tl@UModSys@@2USUniquePointer@core@3@A@@YAXXZ 0000000180020e60 f    CIL library: CIL module
 0001:0001fe70       ??__F?s_id@?$TObjectUniqueID@URTest1_Shell@test1@test@modules@UModSys@@@tl@UModSys@@2USUniquePointer@core@3@A@@YAXXZ 0000000180020e70 f    CIL library: CIL module
 0001:0001fe80       ??__F?s_id@?$TObjectUniqueID@URLines_Filter@test1@test@modules@UModSys@@@tl@UModSys@@2USUniquePointer@core@3@A@@YAXXZ 0000000180020e80 f    CIL library: CIL module
 0001:0001fe90       ??__F?s_id@?$TObjectUniqueID@URLines@test1@test@modules@UModSys@@@tl@UModSys@@2USUniquePointer@core@3@A@@YAXXZ 0000000180020e90 f    CIL library: CIL module
 0001:0001fea0       ??__F?s_id@?$TObjectUniqueID@UILines@test1@test@modules@UModSys@@@tl@UModSys@@2USUniquePointer@core@3@A@@YAXXZ 0000000180020ea0 f    CIL library: CIL module
 0001:0001feb0       ??__F?s_id@?$TObjectUniqueID@UIRenderDriver@lib2d@UModSys@@@tl@UModSys@@2USUniquePointer@core@3@A@@YAXXZ 0000000180020eb0 f    CIL library: CIL module
 0001:0001fec0       ??__F?s_id@?$TObjectUniqueID@UIMultiImage@lib2d@UModSys@@@tl@UModSys@@2USUniquePointer@core@3@A@@YAXXZ 0000000180020ec0 f    CIL library: CIL module
 0001:0001fed0       ??__F?s_id@?$TObjectUniqueID@UIImage@lib2d@UModSys@@@tl@UModSys@@2USUniquePointer@core@3@A@@YAXXZ 0000000180020ed0 f    CIL library: CIL module
 0001:0001fee0       ??__F?s_id@?$TObjectUniqueID@UIDialog@libui@UModSys@@@tl@UModSys@@2USUniquePointer@core@3@A@@YAXXZ 0000000180020ee0 f    CIL library: CIL module
 0001:0001fef0       ??__F?s_id@?$TObjectUniqueID@UIFrame@libui@UModSys@@@tl@UModSys@@2USUniquePointer@core@3@A@@YAXXZ 0000000180020ef0 f    CIL library: CIL module
 0001:0001ff00       ??__F?s_id@?$TObjectUniqueID@UIAsyncCollector@libui@UModSys@@@tl@UModSys@@2USUniquePointer@core@3@A@@YAXXZ 0000000180020f00 f    CIL library: CIL module
 0001:0001ff10       ??__F?s_id@?$TObjectUniqueID@UIAsyncController@libui@UModSys@@@tl@UModSys@@2USUniquePointer@core@3@A@@YAXXZ 0000000180020f10 f    CIL library: CIL module
 0001:0001ff20       ??__F?s_id@?$TObjectUniqueID@UICollector@libui@UModSys@@@tl@UModSys@@2USUniquePointer@core@3@A@@YAXXZ 0000000180020f20 f    CIL library: CIL module
 0001:0001ff30       ??__F?s_id@?$TObjectUniqueID@UIConsoleHelperInput_UIKey@libui@UModSys@@@tl@UModSys@@2USUniquePointer@core@3@A@@YAXXZ 0000000180020f30 f    CIL library: CIL module
 0001:0001ff40       ??__F?s_id@?$TObjectUniqueID@UITerminal@libui@UModSys@@@tl@UModSys@@2USUniquePointer@core@3@A@@YAXXZ 0000000180020f40 f    CIL library: CIL module
 0001:0001ff50       ??__F?s_id@?$TObjectUniqueID@UIJoystickController@libui@UModSys@@@tl@UModSys@@2USUniquePointer@core@3@A@@YAXXZ 0000000180020f50 f    CIL library: CIL module
 0001:0001ff60       ??__F?s_id@?$TObjectUniqueID@UIMouseController@libui@UModSys@@@tl@UModSys@@2USUniquePointer@core@3@A@@YAXXZ 0000000180020f60 f    CIL library: CIL module
 0001:0001ff70       ??__F?s_id@?$TObjectUniqueID@UIKeyboardController@libui@UModSys@@@tl@UModSys@@2USUniquePointer@core@3@A@@YAXXZ 0000000180020f70 f    CIL library: CIL module
 0001:0001ff80       ??__F?s_id@?$TObjectUniqueID@UIConsoleHelperOutputFCS@base@UModSys@@@tl@UModSys@@2USUniquePointer@core@3@A@@YAXXZ 0000000180020f80 f    CIL library: CIL module
 0001:0001ff90       ??__F?s_id@?$TObjectUniqueID@UIConsoleHelperOutput@base@UModSys@@@tl@UModSys@@2USUniquePointer@core@3@A@@YAXXZ 0000000180020f90 f    CIL library: CIL module
 0001:0001ffa0       ??__F?s_id@?$TObjectUniqueID@UIConsoleHelperInput@base@UModSys@@@tl@UModSys@@2USUniquePointer@core@3@A@@YAXXZ 0000000180020fa0 f    CIL library: CIL module
 0001:0001ffb0       ??__F?s_id@?$TObjectUniqueID@UIConsoleHelperHistory@base@UModSys@@@tl@UModSys@@2USUniquePointer@core@3@A@@YAXXZ 0000000180020fb0 f    CIL library: CIL module
 0001:0001ffc0       ??__F?s_id@?$TObjectUniqueID@UIConsoleHelper@base@UModSys@@@tl@UModSys@@2USUniquePointer@core@3@A@@YAXXZ 0000000180020fc0 f    CIL library: CIL module
 0001:0001ffd0       ??__F?s_id@?$TObjectUniqueID@UIConsoleExt@base@UModSys@@@tl@UModSys@@2USUniquePointer@core@3@A@@YAXXZ 0000000180020fd0 f    CIL library: CIL module
 0001:0001ffe0       ??__F?s_id@?$TObjectUniqueID@UISerializeWriter@libmedia@UModSys@@@tl@UModSys@@2USUniquePointer@core@3@A@@YAXXZ 0000000180020fe0 f    CIL library: CIL module
 0001:0001fff0       ??__F?s_id@?$TObjectUniqueID@UISerializeReader@libmedia@UModSys@@@tl@UModSys@@2USUniquePointer@core@3@A@@YAXXZ 0000000180020ff0 f    CIL library: CIL module
 0001:00020000       ??__F?s_id@?$TObjectUniqueID@UIClient@IBinArchiveFrame@libmedia@UModSys@@@tl@UModSys@@2USUniquePointer@core@3@A@@YAXXZ 0000000180021000 f    CIL library: CIL module
 0001:00020010       ??__F?s_id@?$TObjectUniqueID@UIBinArchiveFrame@libmedia@UModSys@@@tl@UModSys@@2USUniquePointer@core@3@A@@YAXXZ 0000000180021010 f    CIL library: CIL module
 0001:00020020       ??__F?s_id@?$TObjectUniqueID@UILibraryLayered@libmedia@UModSys@@@tl@UModSys@@2USUniquePointer@core@3@A@@YAXXZ 0000000180021020 f    CIL library: CIL module
 0001:00020030       ??__F?s_id@?$TObjectUniqueID@UILibraryObjCache@libmedia@UModSys@@@tl@UModSys@@2USUniquePointer@core@3@A@@YAXXZ 0000000180021030 f    CIL library: CIL module
 0001:00020040       ??__F?s_id@?$TObjectUniqueID@UILibraryObjFilter@libmedia@UModSys@@@tl@UModSys@@2USUniquePointer@core@3@A@@YAXXZ 0000000180021040 f    CIL library: CIL module
 0001:00020050       ??__F?s_id@?$TObjectUniqueID@UILibraryBinCache@libmedia@UModSys@@@tl@UModSys@@2USUniquePointer@core@3@A@@YAXXZ 0000000180021050 f    CIL library: CIL module
 0001:00020060       ??__F?s_id@?$TObjectUniqueID@UILibraryBinTree@libmedia@UModSys@@@tl@UModSys@@2USUniquePointer@core@3@A@@YAXXZ 0000000180021060 f    CIL library: CIL module
 0001:00020070       ??__F?s_id@?$TObjectUniqueID@UILibrary@libmedia@UModSys@@@tl@UModSys@@2USUniquePointer@core@3@A@@YAXXZ 0000000180021070 f    CIL library: CIL module
 0001:00020080       ??__F?s_id@?$TObjectUniqueID@UIBinObjFilter@libmedia@UModSys@@@tl@UModSys@@2USUniquePointer@core@3@A@@YAXXZ 0000000180021080 f    CIL library: CIL module
 0001:00020090       ??__F?s_id@?$TObjectUniqueID@UIBinArchive@libmedia@UModSys@@@tl@UModSys@@2USUniquePointer@core@3@A@@YAXXZ 0000000180021090 f    CIL library: CIL module
 0001:000200a0       ??__F?s_id@?$TObjectUniqueID@UILibObject@libmedia@UModSys@@@tl@UModSys@@2USUniquePointer@core@3@A@@YAXXZ 00000001800210a0 f    CIL library: CIL module
 0001:000200b0       ??__F?s_id@?$TObjectUniqueID@UIUtilities@libmedia@UModSys@@@tl@UModSys@@2USUniquePointer@core@3@A@@YAXXZ 00000001800210b0 f    CIL library: CIL module
 0001:000200c0       ??__F?s_id@?$TObjectUniqueID@UIStreamWriter@libmedia@UModSys@@@tl@UModSys@@2USUniquePointer@core@3@A@@YAXXZ 00000001800210c0 f    CIL library: CIL module
 0001:000200d0       ??__F?s_id@?$TObjectUniqueID@UIStreamReader@libmedia@UModSys@@@tl@UModSys@@2USUniquePointer@core@3@A@@YAXXZ 00000001800210d0 f    CIL library: CIL module
 0001:000200e0       ??__F?s_id@?$TObjectUniqueID@UISystem@base@UModSys@@@tl@UModSys@@2USUniquePointer@core@3@A@@YAXXZ 00000001800210e0 f    CIL library: CIL module
 0001:000200f0       ??__F?s_id@?$TObjectUniqueID@UIConsole@base@UModSys@@@tl@UModSys@@2USUniquePointer@core@3@A@@YAXXZ 00000001800210f0 f    CIL library: CIL module
 0001:00020100       ??__F?s_id@?$TObjectUniqueID@UIShell@base@UModSys@@@tl@UModSys@@2USUniquePointer@core@3@A@@YAXXZ 0000000180021100 f    CIL library: CIL module
 0001:00020110       ??__F?s_id@?$TObjectUniqueID@UIGenerator@base@UModSys@@@tl@UModSys@@2USUniquePointer@core@3@A@@YAXXZ 0000000180021110 f    CIL library: CIL module
 0001:00020120       ??__F?s_id@?$TObjectUniqueID@UIModObject@base@UModSys@@@tl@UModSys@@2USUniquePointer@core@3@A@@YAXXZ 0000000180021120 f    CIL library: CIL module
 0001:00020130       ??__F?s_id@?$TObjectUniqueID@UIModuleLibrary@base@UModSys@@@tl@UModSys@@2USUniquePointer@core@3@A@@YAXXZ 0000000180021130 f    CIL library: CIL module
 0001:00020140       ??__F?s_id@?$TObjectUniqueID@UIModule@base@UModSys@@@tl@UModSys@@2USUniquePointer@core@3@A@@YAXXZ 0000000180021140 f    CIL library: CIL module
 0001:00020150       ??__F?s_id@?$TObjectUniqueID@UIParameters@core@UModSys@@@tl@UModSys@@2USUniquePointer@core@3@A@@YAXXZ 0000000180021150 f    CIL library: CIL module
 0001:00020160       ??__F?s_id@?$TObjectUniqueID@UIRefObject@core@UModSys@@@tl@UModSys@@2USUniquePointer@core@3@A@@YAXXZ 0000000180021160 f    CIL library: CIL module
 0001:00020170       ??__F?s_id@?$TObjectUniqueID@UIRoot@core@UModSys@@@tl@UModSys@@2USUniquePointer@core@3@A@@YAXXZ 0000000180021170 f    CIL library: CIL module
 0001:00020180       ??__F?s_modreg@RModuleReg@stdlib@lib2d@modules@UModSys@@2U12345@A@@YAXXZ 0000000180021180 f    CIL library: CIL module
 0001:000201a0       ??__F?s_modreg_chain@RModuleReg@stdlib@lib2d@modules@UModSys@@2USModuleRegChain@base@5@A@@YAXXZ 00000001800211a0 f    CIL library: CIL module
 0001:000201b0       ??__F?s_uid@RGenerator@stdlib@lib2d@modules@UModSys@@2USUniquePointer@core@5@A@@YAXXZ 00000001800211b0 f    CIL library: CIL module
 0001:000201c0       ??__Fh@?1??s_holder@RGenerator@stdlib@lib2d@modules@UModSys@@SAAEAU?$TTypeStaticHolder@URGenerator@stdlib@lib2d@modules@UModSys@@@tl@5@XZ@YAXXZ 00000001800211c0 f    CIL library: CIL module
 0001:000201f0       ??__F?s_id@?$TObjectUniqueID@URGenerator@stdlib@lib2d@modules@UModSys@@@tl@UModSys@@2USUniquePointer@core@3@A@@YAXXZ 00000001800211f0 f    CIL library: CIL module
 0001:00020200       ??__F?s_id@?$TObjectUniqueID@URImage_Memory@stdlib@lib2d@modules@UModSys@@@tl@UModSys@@2USUniquePointer@core@3@A@@YAXXZ 0000000180021200 f    CIL library: CIL module
 0001:00020210       ??__F?s_modreg@RModuleReg@SDL_core@ui@modules@UModSys@@2U12345@A@@YAXXZ 0000000180021210 f    CIL library: CIL module
 0001:00020230       ??__F?s_modreg_chain@RModuleReg@SDL_core@ui@modules@UModSys@@2USModuleRegChain@base@5@A@@YAXXZ 0000000180021230 f    CIL library: CIL module
 0001:00020240       ??__F?s_uid@RGenerator@SDL_core@ui@modules@UModSys@@2USUniquePointer@core@5@A@@YAXXZ 0000000180021240 f    CIL library: CIL module
 0001:00020250       ??__Fh@?1??s_holder@RGenerator@SDL_core@ui@modules@UModSys@@SAAEAU?$TTypeStaticHolder@URGenerator@SDL_core@ui@modules@UModSys@@@tl@5@XZ@YAXXZ 0000000180021250 f    CIL library: CIL module
 0001:00020280       ??__F?s_id@?$TObjectUniqueID@URGenerator@SDL_core@ui@modules@UModSys@@@tl@UModSys@@2USUniquePointer@core@3@A@@YAXXZ 0000000180021280 f    CIL library: CIL module
 0001:00020290       ??__F?s_id@?$TObjectUniqueID@URTerminal@SDL_core@ui@modules@UModSys@@@tl@UModSys@@2USUniquePointer@core@3@A@@YAXXZ 0000000180021290 f    CIL library: CIL module
 0001:000202a0       ??__F?s_id@?$TObjectUniqueID@URKeyboardController@SDL_core@ui@modules@UModSys@@@tl@UModSys@@2USUniquePointer@core@3@A@@YAXXZ 00000001800212a0 f    CIL library: CIL module
 0001:000202b0       ??__F?s_id@?$TObjectUniqueID@URMouseController@SDL_core@ui@modules@UModSys@@@tl@UModSys@@2USUniquePointer@core@3@A@@YAXXZ 00000001800212b0 f    CIL library: CIL module
 0001:000202c0       ??__F?s_id@?$TObjectUniqueID@URRenderDriver2D@SDL_core@ui@modules@UModSys@@@tl@UModSys@@2USUniquePointer@core@3@A@@YAXXZ 00000001800212c0 f    CIL library: CIL module
 0001:000202d0       ??__F?s_id@?$TObjectUniqueID@URMultiImage2D_SDL_ttf@SDL_core@ui@modules@UModSys@@@tl@UModSys@@2USUniquePointer@core@3@A@@YAXXZ 00000001800212d0 f    CIL library: CIL module
 0001:000202e0       ??__F?s_modreg@RModuleReg@frames@ui@modules@UModSys@@2U12345@A@@YAXXZ 00000001800212e0 f    CIL library: CIL module
 0001:00020300       ??__F?s_modreg_chain@RModuleReg@frames@ui@modules@UModSys@@2USModuleRegChain@base@5@A@@YAXXZ 0000000180021300 f    CIL library: CIL module
 0001:00020310       ??__F?s_uid@RGenerator@frames@ui@modules@UModSys@@2USUniquePointer@core@5@A@@YAXXZ 0000000180021310 f    CIL library: CIL module
 0001:00020320       ??__Fh@?1??s_holder@RGenerator@frames@ui@modules@UModSys@@SAAEAU?$TTypeStaticHolder@URGenerator@frames@ui@modules@UModSys@@@tl@5@XZ@YAXXZ 0000000180021320 f    CIL library: CIL module
 0001:00020350       ??__F?s_id@?$TObjectUniqueID@URGenerator@frames@ui@modules@UModSys@@@tl@UModSys@@2USUniquePointer@core@3@A@@YAXXZ 0000000180021350 f    CIL library: CIL module
 0001:00020360       ??__F?s_id@?$TObjectUniqueID@URCollector@frames@ui@modules@UModSys@@@tl@UModSys@@2USUniquePointer@core@3@A@@YAXXZ 0000000180021360 f    CIL library: CIL module
 0001:00020370       ??__F?s_id@?$TObjectUniqueID@URFrame_List@frames@ui@modules@UModSys@@@tl@UModSys@@2USUniquePointer@core@3@A@@YAXXZ 0000000180021370 f    CIL library: CIL module
 0001:00020380       ??__F?s_id@?$TObjectUniqueID@URFrame_Edit@frames@ui@modules@UModSys@@@tl@UModSys@@2USUniquePointer@core@3@A@@YAXXZ 0000000180021380 f    CIL library: CIL module
 0001:00020390       ??__F?s_id@?$TObjectUniqueID@URFrame_Button@frames@ui@modules@UModSys@@@tl@UModSys@@2USUniquePointer@core@3@A@@YAXXZ 0000000180021390 f    CIL library: CIL module
 0001:000203a0       ??__F?s_id@?$TObjectUniqueID@URFrame_Text@frames@ui@modules@UModSys@@@tl@UModSys@@2USUniquePointer@core@3@A@@YAXXZ 00000001800213a0 f    CIL library: CIL module
 0001:000203b0       ??__F?s_id@?$TObjectUniqueID@URFrame_Image@frames@ui@modules@UModSys@@@tl@UModSys@@2USUniquePointer@core@3@A@@YAXXZ 00000001800213b0 f    CIL library: CIL module
 0001:000203c0       ??__F?s_id@?$TObjectUniqueID@URFrame_Frame@frames@ui@modules@UModSys@@@tl@UModSys@@2USUniquePointer@core@3@A@@YAXXZ 00000001800213c0 f    CIL library: CIL module
 0001:000203d0       ??__F?s_id@?$TObjectUniqueID@URDialog@frames@ui@modules@UModSys@@@tl@UModSys@@2USUniquePointer@core@3@A@@YAXXZ 00000001800213d0 f    CIL library: CIL module
 0001:000203e0       ??__F?s_id@?$TObjectUniqueID@URFrame_Common@frames@ui@modules@UModSys@@@tl@UModSys@@2USUniquePointer@core@3@A@@YAXXZ 00000001800213e0 f    CIL library: CIL module
 0001:000203f0       ??__F?s_modreg@RModuleReg@images_std@media@modules@UModSys@@2U12345@A@@YAXXZ 00000001800213f0 f    CIL library: CIL module
 0001:00020410       ??__F?s_modreg_chain@RModuleReg@images_std@media@modules@UModSys@@2USModuleRegChain@base@5@A@@YAXXZ 0000000180021410 f    CIL library: CIL module
 0001:00020420       ??__F?s_uid@RGenerator@images_std@media@modules@UModSys@@2USUniquePointer@core@5@A@@YAXXZ 0000000180021420 f    CIL library: CIL module
 0001:00020430       ??__Fh@?1??s_holder@RGenerator@images_std@media@modules@UModSys@@SAAEAU?$TTypeStaticHolder@URGenerator@images_std@media@modules@UModSys@@@tl@5@XZ@YAXXZ 0000000180021430 f    CIL library: CIL module
 0001:00020460       ??__F?s_id@?$TObjectUniqueID@URGenerator@images_std@media@modules@UModSys@@@tl@UModSys@@2USUniquePointer@core@3@A@@YAXXZ 0000000180021460 f    CIL library: CIL module
 0001:00020470       ??__F?s_id@?$TObjectUniqueID@URMediaFilter@images_std@media@modules@UModSys@@@tl@UModSys@@2USUniquePointer@core@3@A@@YAXXZ 0000000180021470 f    CIL library: CIL module
 0001:00020480       ??__F?s_modreg@RModuleReg@serialize_json@media@modules@UModSys@@2U12345@A@@YAXXZ 0000000180021480 f    CIL library: CIL module
 0001:000204a0       ??__F?s_modreg_chain@RModuleReg@serialize_json@media@modules@UModSys@@2USModuleRegChain@base@5@A@@YAXXZ 00000001800214a0 f    CIL library: CIL module
 0001:000204b0       ??__F?s_uid@RGenerator@serialize_json@media@modules@UModSys@@2USUniquePointer@core@5@A@@YAXXZ 00000001800214b0 f    CIL library: CIL module
 0001:000204c0       ??__Fh@?1??s_holder@RGenerator@serialize_json@media@modules@UModSys@@SAAEAU?$TTypeStaticHolder@URGenerator@serialize_json@media@modules@UModSys@@@tl@5@XZ@YAXXZ 00000001800214c0 f    CIL library: CIL module
 0001:000204f0       ??__F?s_id@?$TObjectUniqueID@URGenerator@serialize_json@media@modules@UModSys@@@tl@UModSys@@2USUniquePointer@core@3@A@@YAXXZ 00000001800214f0 f    CIL library: CIL module
 0001:00020500       ??__F?s_id@?$TObjectUniqueID@URSerializeWriter@serialize_json@media@modules@UModSys@@@tl@UModSys@@2USUniquePointer@core@3@A@@YAXXZ 0000000180021500 f    CIL library: CIL module
 0001:00020510       ??__F?s_id@?$TObjectUniqueID@URSerializeReader@serialize_json@media@modules@UModSys@@@tl@UModSys@@2USUniquePointer@core@3@A@@YAXXZ 0000000180021510 f    CIL library: CIL module
 0001:00020520       ??__F?s_modreg@RModuleReg@zlib@media@modules@UModSys@@2U12345@A@@YAXXZ 0000000180021520 f    CIL library: CIL module
 0001:00020540       ??__F?s_modreg_chain@RModuleReg@zlib@media@modules@UModSys@@2USModuleRegChain@base@5@A@@YAXXZ 0000000180021540 f    CIL library: CIL module
 0001:00020550       ??__F?s_uid@RGenerator@zlib@media@modules@UModSys@@2USUniquePointer@core@5@A@@YAXXZ 0000000180021550 f    CIL library: CIL module
 0001:00020560       ??__Fh@?1??s_holder@RGenerator@zlib@media@modules@UModSys@@SAAEAU?$TTypeStaticHolder@URGenerator@zlib@media@modules@UModSys@@@tl@5@XZ@YAXXZ 0000000180021560 f    CIL library: CIL module
 0001:00020590       ??__F?s_id@?$TObjectUniqueID@URGenerator@zlib@media@modules@UModSys@@@tl@UModSys@@2USUniquePointer@core@3@A@@YAXXZ 0000000180021590 f    CIL library: CIL module
 0001:000205a0       ??__F?s_id@?$TObjectUniqueID@URBinArchiveFrameClient_ZIP@zlib@media@modules@UModSys@@@tl@UModSys@@2USUniquePointer@core@3@A@@YAXXZ 00000001800215a0 f    CIL library: CIL module
 0001:000205b0       ??__FM@UModSys@@YAXXZ      00000001800215b0 f    CIL library: CIL module
 0001:000205c0       ??__F?root@SModuleRegChain@base@UModSys@@2U123@A@@YAXXZ 00000001800215c0 f    CIL library: CIL module
 0001:000205d0       ??__F?s_library@RModuleLibraryReg_Chain@base@UModSys@@2U123@A@@YAXXZ 00000001800215d0 f    CIL library: CIL module
 0001:000205e0       ??__F?root@SUniquePointer@core@UModSys@@2U123@A@@YAXXZ 00000001800215e0 f    CIL library: CIL module

 Exports

  ordinal    name

        1    UModSys_Plugin_Entry2
