 plugin_test1

 Timestamp is 527a566e (Wed Nov 06 17:47:10 2013)

 Preferred load address is 0000000180000000

 Start         Length     Name                   Class
 0001:00000000 00005786H .text                   CODE
 0001:00005790 0000005eH .text$00                CODE
 0001:000057f0 000004ecH .text$x                 CODE
 0001:00005ce0 00000e12H .text$yc                CODE
 0001:00006b00 0000045cH .text$yd                CODE
 0002:00000000 000002a8H .idata$5                DATA
 0002:000002a8 00000008H .CRT$XCA                DATA
 0002:000002b0 000006c8H .CRT$XCU                DATA
 0002:00000978 00000008H .CRT$XCZ                DATA
 0002:00000980 00000008H .CRT$XIA                DATA
 0002:00000988 00000008H .CRT$XIAA               DATA
 0002:00000990 00000008H .CRT$XIZ                DATA
 0002:000009a0 00001958H .rdata                  DATA
 0002:000022f8 00000d74H .rdata$r                DATA
 0002:00003070 00000008H .rtc$IAA                DATA
 0002:00003078 00000008H .rtc$IZZ                DATA
 0002:00003080 00000008H .rtc$TAA                DATA
 0002:00003088 00000008H .rtc$TZZ                DATA
 0002:00003090 00000c10H .xdata                  DATA
 0002:00003ca0 00000064H .idata$2                DATA
 0002:00003d04 00000014H .idata$3                DATA
 0002:00003d18 000002a8H .idata$4                DATA
 0002:00003fc0 00000632H .idata$6                DATA
 0002:00004600 00000059H .edata                  DATA
 0003:00000000 00000710H .data                   DATA
 0003:00000710 00000bd0H .bss                    DATA
 0004:00000000 00000b58H .pdata                  DATA

  Address         Publics by Value              Rva+Base               Lib:Object

 0000:00000000       ___safe_se_handler_count   0000000000000000     <absolute>
 0000:00000000       ___safe_se_handler_table   0000000000000000     <absolute>
 0000:00000000       __ImageBase                0000000180000000     <linker-defined>
 0001:00000000       ??1SMemShared@core@UModSys@@QEAA@XZ 0000000180001000 f i plugin_test1.obj
 0001:00000020       ??3IRoot@core@UModSys@@SAXPEAXAEBUSIMemAlloc@12@@Z 0000000180001020 f i plugin_test1.obj
 0001:00000030       ??_GIRoot@core@UModSys@@UEAAPEAXI@Z 0000000180001030 f i plugin_test1.obj
 0001:00000030       ??_EIRoot@core@UModSys@@UEAAPEAXI@Z 0000000180001030 f i  CIL library: CIL module
 0001:00000060       ?root_get_interface_info@RTest1_Shell@test1@test@modules@UModSys@@UEBAAEBUSUniquePointerInfo@core@5@XZ 0000000180001060 f i plugin_test1.obj
 0001:00000070       ?root_get_interface_type@RTest1_Shell@test1@test@modules@UModSys@@UEBAPEBUSUniquePointerInfo@core@5@XZ 0000000180001070 f i plugin_test1.obj
 0001:00000080       ?root_get_interface_types@RTest1_Shell@test1@test@modules@UModSys@@UEBA_KAEAUSUniquePtrList@core@5@@Z 0000000180001080 f i plugin_test1.obj
 0001:00000080       ?root_get_interface_types@RMultiImage2D_SDL_ttf@SDL_core@ui@modules@UModSys@@UEBA_KAEAUSUniquePtrList@core@5@@Z 0000000180001080 f i umodsys_lib_libui:umodsys.mod.ui.SDL_core.obj
 0001:00000080       ?root_get_interface_types@RRenderDriver2D_SDL_core@SDL_core@ui@modules@UModSys@@UEBA_KAEAUSUniquePtrList@core@5@@Z 0000000180001080 f i umodsys_lib_libui:umodsys.mod.ui.SDL_core.obj
 0001:00000080       ?root_get_interface_types@RMediaFilter@images_std@media@modules@UModSys@@UEBA_KAEAUSUniquePtrList@core@5@@Z 0000000180001080 f i umodsys_lib_libmedia:umodsys.mod.media.images_std.obj
 0001:00000080       ?root_get_interface_types@RGenerator@images_std@media@modules@UModSys@@UEBA_KAEAUSUniquePtrList@core@5@@Z 0000000180001080 f i umodsys_lib_libmedia:umodsys.mod.media.images_std.obj
 0001:00000080       ?root_get_interface_types@RGenerator@test1@test@modules@UModSys@@UEBA_KAEAUSUniquePtrList@core@5@@Z 0000000180001080 f i plugin_test1.obj
 0001:00000080       ?root_get_interface_types@RGenerator@SDL_core@ui@modules@UModSys@@UEBA_KAEAUSUniquePtrList@core@5@@Z 0000000180001080 f i umodsys_lib_libui:umodsys.mod.ui.SDL_core.obj
 0001:00000080       ?root_get_interface_types@RTerminal_SDL_core@SDL_core@ui@modules@UModSys@@UEBA_KAEAUSUniquePtrList@core@5@@Z 0000000180001080 f i umodsys_lib_libui:umodsys.mod.ui.SDL_core.obj
 0001:00000090       ?root_get_other_interface@RTest1_Shell@test1@test@modules@UModSys@@UEBAPEBUIRoot@core@5@PEBUSUniquePointerInfo@75@@Z 0000000180001090 f i plugin_test1.obj
 0001:00000090       ?root_get_other_interface@RTest1_Shell@test1@test@modules@UModSys@@UEAAPEAUIRoot@core@5@PEBUSUniquePointerInfo@75@@Z 0000000180001090 f i plugin_test1.obj
 0001:000000c0       ?root_is_interface_supported@RTest1_Shell@test1@test@modules@UModSys@@UEBA_NPEBUSUniquePointerInfo@core@5@@Z 00000001800010c0 f i plugin_test1.obj
 0001:000000f0       ?ref_remove@RTest1_Shell@test1@test@modules@UModSys@@UEBAXXZ 00000001800010f0 f i plugin_test1.obj
 0001:000000f0       ?ref_remove@RMultiImage2D_SDL_ttf@SDL_core@ui@modules@UModSys@@UEBAXXZ 00000001800010f0 f i umodsys_lib_libui:umodsys.mod.ui.SDL_core.obj
 0001:000000f0       ?ref_remove@RGenerator@SDL_core@ui@modules@UModSys@@UEBAXXZ 00000001800010f0 f i umodsys_lib_libui:umodsys.mod.ui.SDL_core.obj
 0001:000000f0       ?ref_remove@RGenerator@images_std@media@modules@UModSys@@UEBAXXZ 00000001800010f0 f i umodsys_lib_libmedia:umodsys.mod.media.images_std.obj
 0001:000000f0       ?ref_remove@RGenerator@test1@test@modules@UModSys@@UEBAXXZ 00000001800010f0 f i plugin_test1.obj
 0001:000000f0       ?ref_remove@RRenderDriver2D_SDL_core@SDL_core@ui@modules@UModSys@@UEBAXXZ 00000001800010f0 f i umodsys_lib_libui:umodsys.mod.ui.SDL_core.obj
 0001:000000f0       ?ref_remove@RTerminal_SDL_core@SDL_core@ui@modules@UModSys@@UEBAXXZ 00000001800010f0 f i umodsys_lib_libui:umodsys.mod.ui.SDL_core.obj
 0001:00000110       ?ref_weak@RRenderDriver2D_SDL_core@SDL_core@ui@modules@UModSys@@UEBA_NAEAUWeakPointer@IRefObject@core@5@@Z 0000000180001110 f i umodsys_lib_libui:umodsys.mod.ui.SDL_core.obj
 0001:00000110       ?ref_weak@RTest1_Shell@test1@test@modules@UModSys@@UEBA_NAEAUWeakPointer@IRefObject@core@5@@Z 0000000180001110 f i plugin_test1.obj
 0001:00000110       ?ref_weak@RMultiImage2D_SDL_ttf@SDL_core@ui@modules@UModSys@@UEBA_NAEAUWeakPointer@IRefObject@core@5@@Z 0000000180001110 f i umodsys_lib_libui:umodsys.mod.ui.SDL_core.obj
 0001:00000110       ?ref_weak@RTerminal_SDL_core@SDL_core@ui@modules@UModSys@@UEBA_NAEAUWeakPointer@IRefObject@core@5@@Z 0000000180001110 f i umodsys_lib_libui:umodsys.mod.ui.SDL_core.obj
 0001:00000110       ?ref_weak@RGenerator@images_std@media@modules@UModSys@@UEBA_NAEAUWeakPointer@IRefObject@core@5@@Z 0000000180001110 f i umodsys_lib_libmedia:umodsys.mod.media.images_std.obj
 0001:00000110       ?ref_weak@RGenerator@SDL_core@ui@modules@UModSys@@UEBA_NAEAUWeakPointer@IRefObject@core@5@@Z 0000000180001110 f i umodsys_lib_libui:umodsys.mod.ui.SDL_core.obj
 0001:00000110       ?ref_weak@RGenerator@test1@test@modules@UModSys@@UEBA_NAEAUWeakPointer@IRefObject@core@5@@Z 0000000180001110 f i plugin_test1.obj
 0001:00000130       ??0RTest1_Shell@test1@test@modules@UModSys@@QEAA@PEAUIModObject@base@4@@Z 0000000180001130 f i plugin_test1.obj
 0001:00000240       ??1RTest1_Shell@test1@test@modules@UModSys@@UEAA@XZ 0000000180001240 f i plugin_test1.obj
 0001:000002c0       ?connect@RTest1_Shell@test1@test@modules@UModSys@@UEAA_NXZ 00000001800012c0 f i plugin_test1.obj
 0001:000002f0       ?disconnect@RTest1_Shell@test1@test@modules@UModSys@@UEAA_NXZ 00000001800012f0 f i plugin_test1.obj
 0001:00000320       ?process_tick@RTest1_Shell@test1@test@modules@UModSys@@UEAA_NAEBUSTimeMsec@core@5@@Z 0000000180001320 f i plugin_test1.obj
 0001:00000360       ?process_command@RTest1_Shell@test1@test@modules@UModSys@@UEAA_NHQEBU?$TString@U?$TSCoreConst@D@su@tl@UModSys@@U?$TComparerBinaryHash@D@234@@tl@5@@Z 0000000180001360 f i plugin_test1.obj
 0001:00000390       ??_GRTest1_Shell@test1@test@modules@UModSys@@UEAAPEAXI@Z 0000000180001390 f i plugin_test1.obj
 0001:00000390       ??_ERTest1_Shell@test1@test@modules@UModSys@@UEAAPEAXI@Z 0000000180001390 f i  CIL library: CIL module
 0001:000003c0       ??1IRenderDriver@lib2d@UModSys@@UEAA@XZ 00000001800013c0 f i umodsys_lib_libui:umodsys.mod.ui.SDL_core.obj
 0001:000003c0       ??1ITerminal@libui@UModSys@@UEAA@XZ 00000001800013c0 f i umodsys_lib_libui:umodsys.mod.ui.SDL_core.obj
 0001:000003c0       ??1IBinObjFilter@libmedia@UModSys@@UEAA@XZ 00000001800013c0 f i plugin_test1.obj
 0001:000003c0       ??1IShell@base@UModSys@@UEAA@XZ 00000001800013c0 f i plugin_test1.obj
 0001:000003c0       ??1IMultiImage@lib2d@UModSys@@UEAA@XZ 00000001800013c0 f i umodsys_lib_libui:umodsys.mod.ui.SDL_core.obj
 0001:000003d0       ??1SParameters@core@UModSys@@QEAA@XZ 00000001800013d0 f i plugin_test1.obj
 0001:000003d0       ??1?$TParametersA@$0EAA@@core@UModSys@@QEAA@XZ 00000001800013d0 f i plugin_test1.obj
 0001:000003f0       ?get_generated_names@RGenerator@test1@test@modules@UModSys@@UEBAHAEAUSUniquePtrList@core@5@@Z 00000001800013f0 f i plugin_test1.obj
 0001:00000410       ?get_generated_types@RGenerator@test1@test@modules@UModSys@@UEBAHAEAUSUniquePtrList@core@5@PEBUSUniquePointerInfo@75@@Z 0000000180001410 f i plugin_test1.obj
 0001:00000470       ?generate@RGenerator@test1@test@modules@UModSys@@UEAA_NAEAU?$TRefObject@UIRefObject@core@UModSys@@U?$TRefObjectFunc@UIRefObject@core@UModSys@@@tl@3@@tl@5@PEBUSUniquePointerInfo@core@5@AEBUSParameters@95@@Z 0000000180001470 f i plugin_test1.obj
 0001:00000510       ?root_get_interface_info@RGenerator@test1@test@modules@UModSys@@UEBAAEBUSUniquePointerInfo@core@5@XZ 0000000180001510 f i plugin_test1.obj
 0001:00000520       ?root_get_interface_type@RGenerator@test1@test@modules@UModSys@@UEBAPEBUSUniquePointerInfo@core@5@XZ 0000000180001520 f i plugin_test1.obj
 0001:00000530       ?root_get_other_interface@RGenerator@test1@test@modules@UModSys@@UEAAPEAUIRoot@core@5@PEBUSUniquePointerInfo@75@@Z 0000000180001530 f i plugin_test1.obj
 0001:00000530       ?root_get_other_interface@RGenerator@test1@test@modules@UModSys@@UEBAPEBUIRoot@core@5@PEBUSUniquePointerInfo@75@@Z 0000000180001530 f i plugin_test1.obj
 0001:00000570       ?root_is_interface_supported@RGenerator@test1@test@modules@UModSys@@UEBA_NPEBUSUniquePointerInfo@core@5@@Z 0000000180001570 f i plugin_test1.obj
 0001:000005b0       ?get_uid@RGenerator@test1@test@modules@UModSys@@UEBAPEBUSUniquePointerInfo@core@5@XZ 00000001800015b0 f i plugin_test1.obj
 0001:000005c0       ?do_open@RModuleReg@test1@test@modules@UModSys@@UEAA_NXZ 00000001800015c0 f i plugin_test1.obj
 0001:000005f0       ?do_close@RModuleReg@test1@test@modules@UModSys@@UEAA_NXZ 00000001800015f0 f i plugin_test1.obj
 0001:00000620       ??_ERModuleReg@test1@test@modules@UModSys@@UEAAPEAXI@Z 0000000180001620 f i  CIL library: CIL module
 0001:00000620       ??_GRModuleReg@test1@test@modules@UModSys@@UEAAPEAXI@Z 0000000180001620 f i plugin_test1.obj
 0001:00000650       ??_ERGenerator@SDL_core@ui@modules@UModSys@@UEAAPEAXI@Z 0000000180001650 f i  CIL library: CIL module
 0001:00000650       ??_GRGenerator@images_std@media@modules@UModSys@@UEAAPEAXI@Z 0000000180001650 f i umodsys_lib_libmedia:umodsys.mod.media.images_std.obj
 0001:00000650       ??_GRGenerator@test1@test@modules@UModSys@@UEAAPEAXI@Z 0000000180001650 f i plugin_test1.obj
 0001:00000650       ??_ERGenerator@test1@test@modules@UModSys@@UEAAPEAXI@Z 0000000180001650 f i  CIL library: CIL module
 0001:00000650       ??_ERGenerator@images_std@media@modules@UModSys@@UEAAPEAXI@Z 0000000180001650 f i  CIL library: CIL module
 0001:00000650       ??_EIRefObject@core@UModSys@@UEAAPEAXI@Z 0000000180001650 f i  CIL library: CIL module
 0001:00000650       ??_GIRefObject@core@UModSys@@UEAAPEAXI@Z 0000000180001650 f i plugin_test1.obj
 0001:00000650       ??_GRGenerator@SDL_core@ui@modules@UModSys@@UEAAPEAXI@Z 0000000180001650 f i umodsys_lib_libui:umodsys.mod.ui.SDL_core.obj
 0001:00000680       ??$t_generate@UITerminal@libui@UModSys@@@SModuleContext@base@UModSys@@QEAA_NAEAU?$TRefObject@UITerminal@libui@UModSys@@U?$TRefObjectFunc@UITerminal@libui@UModSys@@@tl@3@@tl@2@PEBUSUniquePointerInfo@core@2@AEBUSParameters@62@@Z 0000000180001680 f i plugin_test1.obj
 0001:00000740       ??$t_generate@UIMultiImage@lib2d@UModSys@@@SModuleContext@base@UModSys@@QEAA_NAEAU?$TRefObject@UIMultiImage@lib2d@UModSys@@U?$TRefObjectFunc@UIMultiImage@lib2d@UModSys@@@tl@3@@tl@2@PEBUSUniquePointerInfo@core@2@AEBUSParameters@62@@Z 0000000180001740 f i plugin_test1.obj
 0001:00000800       ??$shash@D@su@tl@UModSys@@YAHPEBD_K@Z 0000000180001800 f i plugin_test1.obj
 0001:00000830       ??1?$TRefObject@UIModObject@base@UModSys@@U?$TModObjectFunc@UIModObject@base@UModSys@@@tl@3@@tl@UModSys@@QEAA@XZ 0000000180001830 f i plugin_test1.obj
 0001:00000860       ?root_get_interface_info@RMultiImage2D_SDL_ttf@SDL_core@ui@modules@UModSys@@UEBAAEBUSUniquePointerInfo@core@5@XZ 0000000180001860 f i umodsys_lib_libui:umodsys.mod.ui.SDL_core.obj
 0001:00000870       ?root_get_interface_type@RMultiImage2D_SDL_ttf@SDL_core@ui@modules@UModSys@@UEBAPEBUSUniquePointerInfo@core@5@XZ 0000000180001870 f i umodsys_lib_libui:umodsys.mod.ui.SDL_core.obj
 0001:00000880       ?root_get_other_interface@RMultiImage2D_SDL_ttf@SDL_core@ui@modules@UModSys@@UEBAPEBUIRoot@core@5@PEBUSUniquePointerInfo@75@@Z 0000000180001880 f i umodsys_lib_libui:umodsys.mod.ui.SDL_core.obj
 0001:00000880       ?root_get_other_interface@RMultiImage2D_SDL_ttf@SDL_core@ui@modules@UModSys@@UEAAPEAUIRoot@core@5@PEBUSUniquePointerInfo@75@@Z 0000000180001880 f i umodsys_lib_libui:umodsys.mod.ui.SDL_core.obj
 0001:000008b0       ?root_is_interface_supported@RMultiImage2D_SDL_ttf@SDL_core@ui@modules@UModSys@@UEBA_NPEBUSUniquePointerInfo@core@5@@Z 00000001800018b0 f i umodsys_lib_libui:umodsys.mod.ui.SDL_core.obj
 0001:000008e0       ??0RMultiImage2D_SDL_ttf@SDL_core@ui@modules@UModSys@@QEAA@PEAUIModObject@base@4@AEBUSParameters@core@4@@Z 00000001800018e0 f i umodsys_lib_libui:umodsys.mod.ui.SDL_core.obj
 0001:00000980       ?open@RMultiImage2D_SDL_ttf@SDL_core@ui@modules@UModSys@@QEAA_NAEBUSParameters@core@5@@Z 0000000180001980 f i umodsys_lib_libui:umodsys.mod.ui.SDL_core.obj
 0001:00000a40       ?set_parameters@RRenderDriver2D_SDL_core@SDL_core@ui@modules@UModSys@@UEAA_NPEBDAEBUSParameters@core@5@@Z 0000000180001a40 f i umodsys_lib_libui:umodsys.mod.ui.SDL_core.obj
 0001:00000a40       ?set_layer_count@RMultiImage2D_SDL_ttf@SDL_core@ui@modules@UModSys@@UEAA_NH@Z 0000000180001a40 f i umodsys_lib_libui:umodsys.mod.ui.SDL_core.obj
 0001:00000a40       ?set_hint@RMultiImage2D_SDL_ttf@SDL_core@ui@modules@UModSys@@UEAA_NPEBD0@Z 0000000180001a40 f i umodsys_lib_libui:umodsys.mod.ui.SDL_core.obj
 0001:00000a40       ?set_fixed_cell@RMultiImage2D_SDL_ttf@SDL_core@ui@modules@UModSys@@UEAA_NHH@Z 0000000180001a40 f i umodsys_lib_libui:umodsys.mod.ui.SDL_core.obj
 0001:00000a40       ?set_var_cell@RMultiImage2D_SDL_ttf@SDL_core@ui@modules@UModSys@@UEAA_NPEBUSImageCellInfo@lib2d@5@HH@Z 0000000180001a40 f i umodsys_lib_libui:umodsys.mod.ui.SDL_core.obj
 0001:00000a40       ?get_cell_size@RMultiImage2D_SDL_ttf@SDL_core@ui@modules@UModSys@@UEAA_NHAEAU?$TVector2@H@math3d@5@PEAU675@@Z 0000000180001a40 f i umodsys_lib_libui:umodsys.mod.ui.SDL_core.obj
 0001:00000a40       ?get_max_cell_size@RMultiImage2D_SDL_ttf@SDL_core@ui@modules@UModSys@@UEAA_NAEAU?$TVector2@H@math3d@5@@Z 0000000180001a40 f i umodsys_lib_libui:umodsys.mod.ui.SDL_core.obj
 0001:00000a50       ??_GRMultiImage2D_SDL_ttf@SDL_core@ui@modules@UModSys@@UEAAPEAXI@Z 0000000180001a50 f i umodsys_lib_libui:umodsys.mod.ui.SDL_core.obj
 0001:00000a50       ??_ERMultiImage2D_SDL_ttf@SDL_core@ui@modules@UModSys@@UEAAPEAXI@Z 0000000180001a50 f i  CIL library: CIL module
 0001:00000aa0       ?root_get_interface_info@RRenderDriver2D_SDL_core@SDL_core@ui@modules@UModSys@@UEBAAEBUSUniquePointerInfo@core@5@XZ 0000000180001aa0 f i umodsys_lib_libui:umodsys.mod.ui.SDL_core.obj
 0001:00000ab0       ?root_get_interface_type@RRenderDriver2D_SDL_core@SDL_core@ui@modules@UModSys@@UEBAPEBUSUniquePointerInfo@core@5@XZ 0000000180001ab0 f i umodsys_lib_libui:umodsys.mod.ui.SDL_core.obj
 0001:00000ac0       ?root_get_other_interface@RRenderDriver2D_SDL_core@SDL_core@ui@modules@UModSys@@UEAAPEAUIRoot@core@5@PEBUSUniquePointerInfo@75@@Z 0000000180001ac0 f i umodsys_lib_libui:umodsys.mod.ui.SDL_core.obj
 0001:00000ac0       ?root_get_other_interface@RRenderDriver2D_SDL_core@SDL_core@ui@modules@UModSys@@UEBAPEBUIRoot@core@5@PEBUSUniquePointerInfo@75@@Z 0000000180001ac0 f i umodsys_lib_libui:umodsys.mod.ui.SDL_core.obj
 0001:00000af0       ?root_is_interface_supported@RRenderDriver2D_SDL_core@SDL_core@ui@modules@UModSys@@UEBA_NPEBUSUniquePointerInfo@core@5@@Z 0000000180001af0 f i umodsys_lib_libui:umodsys.mod.ui.SDL_core.obj
 0001:00000b20       ?suicide@RRenderDriver2D_SDL_core@SDL_core@ui@modules@UModSys@@UEAAXXZ 0000000180001b20 f i umodsys_lib_libui:umodsys.mod.ui.SDL_core.obj
 0001:00000b70       ??0RRenderDriver2D_SDL_core@SDL_core@ui@modules@UModSys@@QEAA@PEAURTerminal_SDL_core@1234@AEBUSParameters@core@4@@Z 0000000180001b70 f i umodsys_lib_libui:umodsys.mod.ui.SDL_core.obj
 0001:00000c20       ?open@RRenderDriver2D_SDL_core@SDL_core@ui@modules@UModSys@@QEAA_NAEBUSParameters@core@5@@Z 0000000180001c20 f i umodsys_lib_libui:umodsys.mod.ui.SDL_core.obj
 0001:00000dc0       ?set_color@RRenderDriver2D_SDL_core@SDL_core@ui@modules@UModSys@@QEAAXXZ 0000000180001dc0 f i umodsys_lib_libui:umodsys.mod.ui.SDL_core.obj
 0001:00000e40       ?begin@RRenderDriver2D_SDL_core@SDL_core@ui@modules@UModSys@@UEAAXXZ 0000000180001e40 f i umodsys_lib_libui:umodsys.mod.ui.SDL_core.obj
 0001:00000eb0       ?end@RRenderDriver2D_SDL_core@SDL_core@ui@modules@UModSys@@UEAAXXZ 0000000180001eb0 f i umodsys_lib_libui:umodsys.mod.ui.SDL_core.obj
 0001:00000ed0       ?setup_font@RRenderDriver2D_SDL_core@SDL_core@ui@modules@UModSys@@UEAA_NPEAUIMultiImage@lib2d@5@PEBU?$TVector2@M@math3d@5@@Z 0000000180001ed0 f i umodsys_lib_libui:umodsys.mod.ui.SDL_core.obj
 0001:00000f70       ?setup_color@RRenderDriver2D_SDL_core@SDL_core@ui@modules@UModSys@@UEAAXAEBU?$TVector3@M@math3d@5@@Z 0000000180001f70 f i umodsys_lib_libui:umodsys.mod.ui.SDL_core.obj
 0001:00000fa0       ?setup_color@RRenderDriver2D_SDL_core@SDL_core@ui@modules@UModSys@@UEAAXAEBU?$TVector3@H@math3d@5@@Z 0000000180001fa0 f i umodsys_lib_libui:umodsys.mod.ui.SDL_core.obj
 0001:00000ff0       ?setup_coloralpha@RRenderDriver2D_SDL_core@SDL_core@ui@modules@UModSys@@UEAAXAEBU?$TVector4@M@math3d@5@H@Z 0000000180001ff0 f i umodsys_lib_libui:umodsys.mod.ui.SDL_core.obj
 0001:00001020       ?setup_coloralpha@RRenderDriver2D_SDL_core@SDL_core@ui@modules@UModSys@@UEAAXAEBU?$TVector4@H@math3d@5@H@Z 0000000180002020 f i umodsys_lib_libui:umodsys.mod.ui.SDL_core.obj
 0001:00001090       ?setup_blendcolor@RRenderDriver2D_SDL_core@SDL_core@ui@modules@UModSys@@UEAAXAEBUSBlendColor@lib2d@5@@Z 0000000180002090 f i umodsys_lib_libui:umodsys.mod.ui.SDL_core.obj
 0001:00001100       ?setup_blendcolor@RRenderDriver2D_SDL_core@SDL_core@ui@modules@UModSys@@UEAAXAEBUSBlendColorf@lib2d@5@@Z 0000000180002100 f i umodsys_lib_libui:umodsys.mod.ui.SDL_core.obj
 0001:00001160       ?setup_alpha@RRenderDriver2D_SDL_core@SDL_core@ui@modules@UModSys@@UEAAXHH@Z 0000000180002160 f i umodsys_lib_libui:umodsys.mod.ui.SDL_core.obj
 0001:00001190       ?setup_alpha@RRenderDriver2D_SDL_core@SDL_core@ui@modules@UModSys@@UEAAXMH@Z 0000000180002190 f i umodsys_lib_libui:umodsys.mod.ui.SDL_core.obj
 0001:000011b0       ?render_text_advanced@RRenderDriver2D_SDL_core@SDL_core@ui@modules@UModSys@@UEAA_NAEAUTextInfo@IRenderDriver@lib2d@5@PEBHH@Z 00000001800021b0 f i umodsys_lib_libui:umodsys.mod.ui.SDL_core.obj
 0001:00001360       ?render_box@RRenderDriver2D_SDL_core@SDL_core@ui@modules@UModSys@@UEAAXAEBU?$TVector2@H@math3d@5@0@Z 0000000180002360 f i umodsys_lib_libui:umodsys.mod.ui.SDL_core.obj
 0001:000013b0       ?suicide@RGenerator@SDL_core@ui@modules@UModSys@@UEAAXXZ 00000001800023b0 f i umodsys_lib_libui:umodsys.mod.ui.SDL_core.obj
 0001:000013b0       ??3@YAXPEAX0@Z             00000001800023b0 f i plugin_test1.obj
 0001:000013b0       ?suicide@RGenerator@test1@test@modules@UModSys@@UEAAXXZ 00000001800023b0 f i plugin_test1.obj
 0001:000013b0       ?render_box@RRenderDriver2D_SDL_core@SDL_core@ui@modules@UModSys@@UEAAXPEAUIImage@lib2d@5@AEBU?$TVector2@H@math3d@5@1AEBU?$TVector2@M@95@2@Z 00000001800023b0 f i umodsys_lib_libui:umodsys.mod.ui.SDL_core.obj
 0001:000013b0       ?suicide@RGenerator@images_std@media@modules@UModSys@@UEAAXXZ 00000001800023b0 f i umodsys_lib_libmedia:umodsys.mod.media.images_std.obj
 0001:000013b0       ?render_quad@RRenderDriver2D_SDL_core@SDL_core@ui@modules@UModSys@@UEAAXAEBU?$TVector2@H@math3d@5@000@Z 00000001800023b0 f i umodsys_lib_libui:umodsys.mod.ui.SDL_core.obj
 0001:000013b0       ?render_tri@RRenderDriver2D_SDL_core@SDL_core@ui@modules@UModSys@@UEAAXAEBU?$TVector2@H@math3d@5@00@Z 00000001800023b0 f i umodsys_lib_libui:umodsys.mod.ui.SDL_core.obj
 0001:000013c0       ?render_line@RRenderDriver2D_SDL_core@SDL_core@ui@modules@UModSys@@UEAAXAEBU?$TVector2@H@math3d@5@0@Z 00000001800023c0 f i umodsys_lib_libui:umodsys.mod.ui.SDL_core.obj
 0001:000013f0       ?render_rect@RRenderDriver2D_SDL_core@SDL_core@ui@modules@UModSys@@UEAAXAEBU?$TVector2@H@math3d@5@0@Z 00000001800023f0 f i umodsys_lib_libui:umodsys.mod.ui.SDL_core.obj
 0001:00001440       ??_ERRenderDriver2D_SDL_core@SDL_core@ui@modules@UModSys@@UEAAPEAXI@Z 0000000180002440 f i  CIL library: CIL module
 0001:00001440       ??_GRRenderDriver2D_SDL_core@SDL_core@ui@modules@UModSys@@UEAAPEAXI@Z 0000000180002440 f i umodsys_lib_libui:umodsys.mod.ui.SDL_core.obj
 0001:000014d0       ?root_get_interface_info@RTerminal_SDL_core@SDL_core@ui@modules@UModSys@@UEBAAEBUSUniquePointerInfo@core@5@XZ 00000001800024d0 f i umodsys_lib_libui:umodsys.mod.ui.SDL_core.obj
 0001:000014e0       ?root_get_interface_type@RTerminal_SDL_core@SDL_core@ui@modules@UModSys@@UEBAPEBUSUniquePointerInfo@core@5@XZ 00000001800024e0 f i umodsys_lib_libui:umodsys.mod.ui.SDL_core.obj
 0001:000014f0       ?root_get_other_interface@RTerminal_SDL_core@SDL_core@ui@modules@UModSys@@UEBAPEBUIRoot@core@5@PEBUSUniquePointerInfo@75@@Z 00000001800024f0 f i umodsys_lib_libui:umodsys.mod.ui.SDL_core.obj
 0001:000014f0       ?root_get_other_interface@RTerminal_SDL_core@SDL_core@ui@modules@UModSys@@UEAAPEAUIRoot@core@5@PEBUSUniquePointerInfo@75@@Z 00000001800024f0 f i umodsys_lib_libui:umodsys.mod.ui.SDL_core.obj
 0001:00001520       ?root_is_interface_supported@RTerminal_SDL_core@SDL_core@ui@modules@UModSys@@UEBA_NPEBUSUniquePointerInfo@core@5@@Z 0000000180002520 f i umodsys_lib_libui:umodsys.mod.ui.SDL_core.obj
 0001:00001550       ?ref_links@RGenerator@images_std@media@modules@UModSys@@UEBAHXZ 0000000180002550 f i umodsys_lib_libmedia:umodsys.mod.media.images_std.obj
 0001:00001550       ?ref_links@RRenderDriver2D_SDL_core@SDL_core@ui@modules@UModSys@@UEBAHXZ 0000000180002550 f i umodsys_lib_libui:umodsys.mod.ui.SDL_core.obj
 0001:00001550       ?ref_links@RMultiImage2D_SDL_ttf@SDL_core@ui@modules@UModSys@@UEBAHXZ 0000000180002550 f i umodsys_lib_libui:umodsys.mod.ui.SDL_core.obj
 0001:00001550       ?ref_links@RGenerator@SDL_core@ui@modules@UModSys@@UEBAHXZ 0000000180002550 f i umodsys_lib_libui:umodsys.mod.ui.SDL_core.obj
 0001:00001550       ?ref_links@RTerminal_SDL_core@SDL_core@ui@modules@UModSys@@UEBAHXZ 0000000180002550 f i umodsys_lib_libui:umodsys.mod.ui.SDL_core.obj
 0001:00001550       ?ref_links@RTest1_Shell@test1@test@modules@UModSys@@UEBAHXZ 0000000180002550 f i plugin_test1.obj
 0001:00001550       ?ref_links@RGenerator@test1@test@modules@UModSys@@UEBAHXZ 0000000180002550 f i plugin_test1.obj
 0001:00001560       ?suicide@RMultiImage2D_SDL_ttf@SDL_core@ui@modules@UModSys@@UEAAXXZ 0000000180002560 f i umodsys_lib_libui:umodsys.mod.ui.SDL_core.obj
 0001:00001560       ?suicide@RTest1_Shell@test1@test@modules@UModSys@@UEAAXXZ 0000000180002560 f i plugin_test1.obj
 0001:00001560       ?suicide@RTerminal_SDL_core@SDL_core@ui@modules@UModSys@@UEAAXXZ 0000000180002560 f i umodsys_lib_libui:umodsys.mod.ui.SDL_core.obj
 0001:000015b0       ??0RTerminal_SDL_core@SDL_core@ui@modules@UModSys@@QEAA@PEAUIModObject@base@4@AEBUSParameters@core@4@@Z 00000001800025b0 f i umodsys_lib_libui:umodsys.mod.ui.SDL_core.obj
 0001:00001640       ?poll_events@RTerminal_SDL_core@SDL_core@ui@modules@UModSys@@UEAA_NH@Z 0000000180002640 f i umodsys_lib_libui:umodsys.mod.ui.SDL_core.obj
 0001:000016f0       ?get_terminal_state@RTerminal_SDL_core@SDL_core@ui@modules@UModSys@@UEAA_NW4eTerminalState@libui@5@@Z 00000001800026f0 f i umodsys_lib_libui:umodsys.mod.ui.SDL_core.obj
 0001:00001700       ?set_terminal_state@RTerminal_SDL_core@SDL_core@ui@modules@UModSys@@UEAA_NW4eTerminalState@libui@5@_N@Z 0000000180002700 f i umodsys_lib_libui:umodsys.mod.ui.SDL_core.obj
 0001:00001770       ?get_clock@RTerminal_SDL_core@SDL_core@ui@modules@UModSys@@UEAANXZ 0000000180002770 f i umodsys_lib_libui:umodsys.mod.ui.SDL_core.obj
 0001:00001790       ?wait@RTerminal_SDL_core@SDL_core@ui@modules@UModSys@@UEAA_NM@Z 0000000180002790 f i umodsys_lib_libui:umodsys.mod.ui.SDL_core.obj
 0001:000017b0       ?get_count@RTerminal_SDL_core@SDL_core@ui@modules@UModSys@@UEBA_KPEBUSUniquePointerInfo@core@5@@Z 00000001800027b0 f i umodsys_lib_libui:umodsys.mod.ui.SDL_core.obj
 0001:000017d0       ?get_handler@RTerminal_SDL_core@SDL_core@ui@modules@UModSys@@UEBAPEAUIRefObject@core@5@PEBUSUniquePointerInfo@75@_K@Z 00000001800027d0 f i umodsys_lib_libui:umodsys.mod.ui.SDL_core.obj
 0001:000017f0       ?get_controller@RRenderDriver2D_SDL_core@SDL_core@ui@modules@UModSys@@UEBAPEAUIRefObject@core@5@PEBUSUniquePointerInfo@75@@Z 00000001800027f0 f i umodsys_lib_libui:umodsys.mod.ui.SDL_core.obj
 0001:000017f0       ?get_friend_handler@RTerminal_SDL_core@SDL_core@ui@modules@UModSys@@UEBAPEAUIRefObject@core@5@PEBUSUniquePointerInfo@75@PEAU675@@Z 00000001800027f0 f i umodsys_lib_libui:umodsys.mod.ui.SDL_core.obj
 0001:000017f0       ?get_layer@RMultiImage2D_SDL_ttf@SDL_core@ui@modules@UModSys@@UEAAPEAUIImage@lib2d@5@H@Z 00000001800027f0 f i umodsys_lib_libui:umodsys.mod.ui.SDL_core.obj
 0001:000017f0       ?get_frame_values@RRenderDriver2D_SDL_core@SDL_core@ui@modules@UModSys@@UEBAPEBUSParameters@core@5@XZ 00000001800027f0 f i umodsys_lib_libui:umodsys.mod.ui.SDL_core.obj
 0001:000017f0       ?get_max_values@RRenderDriver2D_SDL_core@SDL_core@ui@modules@UModSys@@UEBAPEBUSParameters@core@5@XZ 00000001800027f0 f i umodsys_lib_libui:umodsys.mod.ui.SDL_core.obj
 0001:000017f0       ?get_handler@RTerminal_SDL_core@SDL_core@ui@modules@UModSys@@UEBAPEAUIRefObject@core@5@PEBUSUniquePointerInfo@75@PEBD@Z 00000001800027f0 f i umodsys_lib_libui:umodsys.mod.ui.SDL_core.obj
 0001:00001800       ?create_handler@RTerminal_SDL_core@SDL_core@ui@modules@UModSys@@UEAA_NPEBUSUniquePointerInfo@core@5@AEAU?$TRefObject@UIRefObject@core@UModSys@@U?$TRefObjectFunc@UIRefObject@core@UModSys@@@tl@3@@tl@5@PEBDPEBUSParameters@75@@Z 0000000180002800 f i umodsys_lib_libui:umodsys.mod.ui.SDL_core.obj
 0001:000018e0       ??_GRTerminal_SDL_core@SDL_core@ui@modules@UModSys@@UEAAPEAXI@Z 00000001800028e0 f i umodsys_lib_libui:umodsys.mod.ui.SDL_core.obj
 0001:000018e0       ??_ERTerminal_SDL_core@SDL_core@ui@modules@UModSys@@UEAAPEAXI@Z 00000001800028e0 f i  CIL library: CIL module
 0001:00001960       ?get_generated_names@RGenerator@SDL_core@ui@modules@UModSys@@UEBAHAEAUSUniquePtrList@core@5@@Z 0000000180002960 f i umodsys_lib_libui:umodsys.mod.ui.SDL_core.obj
 0001:000019a0       ?get_generated_types@RGenerator@SDL_core@ui@modules@UModSys@@UEBAHAEAUSUniquePtrList@core@5@PEBUSUniquePointerInfo@75@@Z 00000001800029a0 f i umodsys_lib_libui:umodsys.mod.ui.SDL_core.obj
 0001:00001a20       ?generate@RGenerator@SDL_core@ui@modules@UModSys@@UEAA_NAEAU?$TRefObject@UIRefObject@core@UModSys@@U?$TRefObjectFunc@UIRefObject@core@UModSys@@@tl@3@@tl@5@PEBUSUniquePointerInfo@core@5@AEBUSParameters@95@@Z 0000000180002a20 f i umodsys_lib_libui:umodsys.mod.ui.SDL_core.obj
 0001:00001b00       ?root_get_interface_info@RGenerator@SDL_core@ui@modules@UModSys@@UEBAAEBUSUniquePointerInfo@core@5@XZ 0000000180002b00 f i umodsys_lib_libui:umodsys.mod.ui.SDL_core.obj
 0001:00001b10       ?root_get_interface_type@RGenerator@SDL_core@ui@modules@UModSys@@UEBAPEBUSUniquePointerInfo@core@5@XZ 0000000180002b10 f i umodsys_lib_libui:umodsys.mod.ui.SDL_core.obj
 0001:00001b20       ?root_get_other_interface@RGenerator@SDL_core@ui@modules@UModSys@@UEBAPEBUIRoot@core@5@PEBUSUniquePointerInfo@75@@Z 0000000180002b20 f i umodsys_lib_libui:umodsys.mod.ui.SDL_core.obj
 0001:00001b20       ?root_get_other_interface@RGenerator@SDL_core@ui@modules@UModSys@@UEAAPEAUIRoot@core@5@PEBUSUniquePointerInfo@75@@Z 0000000180002b20 f i umodsys_lib_libui:umodsys.mod.ui.SDL_core.obj
 0001:00001b60       ?root_is_interface_supported@RGenerator@SDL_core@ui@modules@UModSys@@UEBA_NPEBUSUniquePointerInfo@core@5@@Z 0000000180002b60 f i umodsys_lib_libui:umodsys.mod.ui.SDL_core.obj
 0001:00001ba0       ?get_uid@RGenerator@SDL_core@ui@modules@UModSys@@UEBAPEBUSUniquePointerInfo@core@5@XZ 0000000180002ba0 f i umodsys_lib_libui:umodsys.mod.ui.SDL_core.obj
 0001:00001bb0       ?do_open@RModuleReg@SDL_core@ui@modules@UModSys@@UEAA_NXZ 0000000180002bb0 f i umodsys_lib_libui:umodsys.mod.ui.SDL_core.obj
 0001:00001bc0       ?do_close@RModuleReg@SDL_core@ui@modules@UModSys@@UEAA_NXZ 0000000180002bc0 f i umodsys_lib_libui:umodsys.mod.ui.SDL_core.obj
 0001:00001bd0       ??_GRModuleReg@SDL_core@ui@modules@UModSys@@UEAAPEAXI@Z 0000000180002bd0 f i umodsys_lib_libui:umodsys.mod.ui.SDL_core.obj
 0001:00001bd0       ??_ERModuleReg@SDL_core@ui@modules@UModSys@@UEAAPEAXI@Z 0000000180002bd0 f i  CIL library: CIL module
 0001:00001c00       ??1?$TRefObject@UIMultiImage@lib2d@UModSys@@U?$TRefObjectFunc@UIMultiImage@lib2d@UModSys@@@tl@3@@tl@UModSys@@QEAA@XZ 0000000180002c00 f i plugin_test1.obj
 0001:00001c00       ??1?$TRefObject@URMediaFilter@images_std@media@modules@UModSys@@U?$TRefObjectFunc@URMediaFilter@images_std@media@modules@UModSys@@@tl@5@@tl@UModSys@@QEAA@XZ 0000000180002c00 f i umodsys_lib_libmedia:umodsys.mod.media.images_std.obj
 0001:00001c00       ??1?$TRefObject@URMultiImage2D_SDL_ttf@SDL_core@ui@modules@UModSys@@U?$TRefObjectFunc@URMultiImage2D_SDL_ttf@SDL_core@ui@modules@UModSys@@@tl@5@@tl@UModSys@@QEAA@XZ 0000000180002c00 f i umodsys_lib_libui:umodsys.mod.ui.SDL_core.obj
 0001:00001c00       ??1?$TRefObject@URRenderDriver2D_SDL_core@SDL_core@ui@modules@UModSys@@U?$TRefObjectFunc@URRenderDriver2D_SDL_core@SDL_core@ui@modules@UModSys@@@tl@5@@tl@UModSys@@QEAA@XZ 0000000180002c00 f i umodsys_lib_libui:umodsys.mod.ui.SDL_core.obj
 0001:00001c00       ??1?$TRefObject@URTerminal_SDL_core@SDL_core@ui@modules@UModSys@@U?$TRefObjectFunc@URTerminal_SDL_core@SDL_core@ui@modules@UModSys@@@tl@5@@tl@UModSys@@QEAA@XZ 0000000180002c00 f i umodsys_lib_libui:umodsys.mod.ui.SDL_core.obj
 0001:00001c00       ??1?$TRefObject@UIRenderDriver@lib2d@UModSys@@U?$TRefObjectFunc@UIRenderDriver@lib2d@UModSys@@@tl@3@@tl@UModSys@@QEAA@XZ 0000000180002c00 f i plugin_test1.obj
 0001:00001c00       ??1?$TRefObject@UIRefObject@core@UModSys@@U?$TRefObjectFunc@UIRefObject@core@UModSys@@@tl@3@@tl@UModSys@@QEAA@XZ 0000000180002c00 f i plugin_test1.obj
 0001:00001c00       ??1?$TRefObject@UITerminal@libui@UModSys@@U?$TRefObjectFunc@UITerminal@libui@UModSys@@@tl@3@@tl@UModSys@@QEAA@XZ 0000000180002c00 f i plugin_test1.obj
 0001:00001c30       ??$t_close@U?$TRefObject@URRenderDriver2D_SDL_core@SDL_core@ui@modules@UModSys@@U?$TRefObjectWeakFunc@URRenderDriver2D_SDL_core@SDL_core@ui@modules@UModSys@@@tl@5@@tl@UModSys@@@SDL_core@ui@modules@UModSys@@YA_NAEAU?$TScatterArray@U?$TRefObject@URRenderDriver2D_SDL_core@SDL_core@ui@modules@UModSys@@U?$TRefObjectWeakFunc@URRenderDriver2D_SDL_core@SDL_core@ui@modules@UModSys@@@tl@5@@tl@UModSys@@HU?$TScalarCompare@H@core@3@U?$TNodeDeleter0@U?$TScatterArrayNode@U?$TRefObject@URRenderDriver2D_SDL_core@SDL_core@ui@modules@UModSys@@U?$TRefObjectWeakFunc@URRenderDriver2D_SDL_core@SDL_core@ui@modules@UModSys@@@tl@5@@tl@UModSys@@H@tl@UModSys@@@23@@tl@3@@Z 0000000180002c30 f i umodsys_lib_libui:umodsys.mod.ui.SDL_core.obj
 0001:00001d20       ??$t_count@U?$TRefObject@URRenderDriver2D_SDL_core@SDL_core@ui@modules@UModSys@@U?$TRefObjectWeakFunc@URRenderDriver2D_SDL_core@SDL_core@ui@modules@UModSys@@@tl@5@@tl@UModSys@@@SDL_core@ui@modules@UModSys@@YA_KAEBU?$TScatterArray@U?$TRefObject@URRenderDriver2D_SDL_core@SDL_core@ui@modules@UModSys@@U?$TRefObjectWeakFunc@URRenderDriver2D_SDL_core@SDL_core@ui@modules@UModSys@@@tl@5@@tl@UModSys@@HU?$TScalarCompare@H@core@3@U?$TNodeDeleter0@U?$TScatterArrayNode@U?$TRefObject@URRenderDriver2D_SDL_core@SDL_core@ui@modules@UModSys@@U?$TRefObjectWeakFunc@URRenderDriver2D_SDL_core@SDL_core@ui@modules@UModSys@@@tl@5@@tl@UModSys@@H@tl@UModSys@@@23@@tl@3@@Z 0000000180002d20 f i umodsys_lib_libui:umodsys.mod.ui.SDL_core.obj
 0001:00001da0       ??$t_get@U?$TRefObject@URRenderDriver2D_SDL_core@SDL_core@ui@modules@UModSys@@U?$TRefObjectWeakFunc@URRenderDriver2D_SDL_core@SDL_core@ui@modules@UModSys@@@tl@5@@tl@UModSys@@@SDL_core@ui@modules@UModSys@@YAPEAUIRefObject@core@3@AEBU?$TScatterArray@U?$TRefObject@URRenderDriver2D_SDL_core@SDL_core@ui@modules@UModSys@@U?$TRefObjectWeakFunc@URRenderDriver2D_SDL_core@SDL_core@ui@modules@UModSys@@@tl@5@@tl@UModSys@@HU?$TScalarCompare@H@core@3@U?$TNodeDeleter0@U?$TScatterArrayNode@U?$TRefObject@URRenderDriver2D_SDL_core@SDL_core@ui@modules@UModSys@@U?$TRefObjectWeakFunc@URRenderDriver2D_SDL_core@SDL_core@ui@modules@UModSys@@@tl@5@@tl@UModSys@@H@tl@UModSys@@@23@@tl@3@_K@Z 0000000180002da0 f i umodsys_lib_libui:umodsys.mod.ui.SDL_core.obj
 0001:00001e40       ??$ValidateConstruction@UIRefObject@core@UModSys@@URRenderDriver2D_SDL_core@SDL_core@ui@modules@3@@core@UModSys@@YA_NAEAU?$TRefObject@UIRefObject@core@UModSys@@U?$TRefObjectFunc@UIRefObject@core@UModSys@@@tl@3@@tl@1@U?$TRefObject@URRenderDriver2D_SDL_core@SDL_core@ui@modules@UModSys@@U?$TRefObjectFunc@URRenderDriver2D_SDL_core@SDL_core@ui@modules@UModSys@@@tl@5@@31@@Z 0000000180002e40 f i umodsys_lib_libui:umodsys.mod.ui.SDL_core.obj
 0001:00001ef0       ??$t_add@U?$TRefObject@URRenderDriver2D_SDL_core@SDL_core@ui@modules@UModSys@@U?$TRefObjectWeakFunc@URRenderDriver2D_SDL_core@SDL_core@ui@modules@UModSys@@@tl@5@@tl@UModSys@@URRenderDriver2D_SDL_core@SDL_core@ui@modules@3@@SDL_core@ui@modules@UModSys@@YA_NAEAU?$TScatterArray@U?$TRefObject@URRenderDriver2D_SDL_core@SDL_core@ui@modules@UModSys@@U?$TRefObjectWeakFunc@URRenderDriver2D_SDL_core@SDL_core@ui@modules@UModSys@@@tl@5@@tl@UModSys@@HU?$TScalarCompare@H@core@3@U?$TNodeDeleter0@U?$TScatterArrayNode@U?$TRefObject@URRenderDriver2D_SDL_core@SDL_core@ui@modules@UModSys@@U?$TRefObjectWeakFunc@URRenderDriver2D_SDL_core@SDL_core@ui@modules@UModSys@@@tl@5@@tl@UModSys@@H@tl@UModSys@@@23@@tl@3@PEAURRenderDriver2D_SDL_core@0123@@Z 0000000180002ef0 f i umodsys_lib_libui:umodsys.mod.ui.SDL_core.obj
 0001:00001f70       ?attach@?$TRefObject@URRenderDriver2D_SDL_core@SDL_core@ui@modules@UModSys@@U?$TRefObjectWeakFunc@URRenderDriver2D_SDL_core@SDL_core@ui@modules@UModSys@@@tl@5@@tl@UModSys@@QEAAXPEAURRenderDriver2D_SDL_core@SDL_core@ui@modules@3@@Z 0000000180002f70 f i umodsys_lib_libui:umodsys.mod.ui.SDL_core.obj
 0001:00002000       ??$ValidateConstruction@UIRefObject@core@UModSys@@URMediaFilter@images_std@media@modules@3@@core@UModSys@@YA_NAEAU?$TRefObject@UIRefObject@core@UModSys@@U?$TRefObjectFunc@UIRefObject@core@UModSys@@@tl@3@@tl@1@PEAURMediaFilter@images_std@media@modules@1@@Z 0000000180003000 f i umodsys_lib_libmedia:umodsys.mod.media.images_std.obj
 0001:00002000       ??$ValidateConstruction@UIRefObject@core@UModSys@@URTerminal_SDL_core@SDL_core@ui@modules@3@@core@UModSys@@YA_NAEAU?$TRefObject@UIRefObject@core@UModSys@@U?$TRefObjectFunc@UIRefObject@core@UModSys@@@tl@3@@tl@1@PEAURTerminal_SDL_core@SDL_core@ui@modules@1@@Z 0000000180003000 f i umodsys_lib_libui:umodsys.mod.ui.SDL_core.obj
 0001:00002070       ??$ValidateConstruction@UIRefObject@core@UModSys@@URMultiImage2D_SDL_ttf@SDL_core@ui@modules@3@@core@UModSys@@YA_NAEAU?$TRefObject@UIRefObject@core@UModSys@@U?$TRefObjectFunc@UIRefObject@core@UModSys@@@tl@3@@tl@1@PEAURMultiImage2D_SDL_ttf@SDL_core@ui@modules@1@@Z 0000000180003070 f i umodsys_lib_libui:umodsys.mod.ui.SDL_core.obj
 0001:000020f0       ??$process_nodes_r@U?$TNodeDeleter0@U?$TScatterArrayNode@U?$TRefObject@URRenderDriver2D_SDL_core@SDL_core@ui@modules@UModSys@@U?$TRefObjectWeakFunc@URRenderDriver2D_SDL_core@SDL_core@ui@modules@UModSys@@@tl@5@@tl@UModSys@@H@tl@UModSys@@@tl@UModSys@@@?$TTreeHoldRB@U?$TScatterArrayNode@U?$TRefObject@URRenderDriver2D_SDL_core@SDL_core@ui@modules@UModSys@@U?$TRefObjectWeakFunc@URRenderDriver2D_SDL_core@SDL_core@ui@modules@UModSys@@@tl@5@@tl@UModSys@@H@tl@UModSys@@@tl@UModSys@@KAHPEAU?$TScatterArrayNode@U?$TRefObject@URRenderDriver2D_SDL_core@SDL_core@ui@modules@UModSys@@U?$TRefObjectWeakFunc@URRenderDriver2D_SDL_core@SDL_core@ui@modules@UModSys@@@tl@5@@tl@UModSys@@H@12@AEBU?$TNodeDeleter0@U?$TScatterArrayNode@U?$TRefObject@URRenderDriver2D_SDL_core@SDL_core@ui@modules@UModSys@@U?$TRefObjectWeakFunc@URRenderDriver2D_SDL_core@SDL_core@ui@modules@UModSys@@@tl@5@@tl@UModSys@@H@tl@UModSys@@@12@@Z 00000001800030f0 f i umodsys_lib_libui:umodsys.mod.ui.SDL_core.obj
 0001:00002190       ??$genx_node@UCmp@?$TScatterArray@U?$TRefObject@URRenderDriver2D_SDL_core@SDL_core@ui@modules@UModSys@@U?$TRefObjectWeakFunc@URRenderDriver2D_SDL_core@SDL_core@ui@modules@UModSys@@@tl@5@@tl@UModSys@@HU?$TScalarCompare@H@core@3@U?$TNodeDeleter0@U?$TScatterArrayNode@U?$TRefObject@URRenderDriver2D_SDL_core@SDL_core@ui@modules@UModSys@@U?$TRefObjectWeakFunc@URRenderDriver2D_SDL_core@SDL_core@ui@modules@UModSys@@@tl@5@@tl@UModSys@@H@tl@UModSys@@@23@@tl@UModSys@@UGen0@234@@?$TTreeHoldRBD@U?$TScatterArrayNode@U?$TRefObject@URRenderDriver2D_SDL_core@SDL_core@ui@modules@UModSys@@U?$TRefObjectWeakFunc@URRenderDriver2D_SDL_core@SDL_core@ui@modules@UModSys@@@tl@5@@tl@UModSys@@H@tl@UModSys@@U?$TNodeDeleter0@U?$TScatterArrayNode@U?$TRefObject@URRenderDriver2D_SDL_core@SDL_core@ui@modules@UModSys@@U?$TRefObjectWeakFunc@URRenderDriver2D_SDL_core@SDL_core@ui@modules@UModSys@@@tl@5@@tl@UModSys@@H@tl@UModSys@@@23@@tl@UModSys@@QEAAPEAU?$TScatterArrayNode@U?$TRefObject@URRenderDriver2D_SDL_core@SDL_core@ui@modules@UModSys@@U?$TRefObjectWeakFunc@URRenderDriver2D_SDL_core@SDL_core@ui@modules@UModSys@@@tl@5@@tl@UModSys@@H@12@UCmp@?$TScatterArray@U?$TRefObject@URRenderDriver2D_SDL_core@SDL_core@ui@modules@UModSys@@U?$TRefObjectWeakFunc@URRenderDriver2D_SDL_core@SDL_core@ui@modules@UModSys@@@tl@5@@tl@UModSys@@HU?$TScalarCompare@H@core@3@U?$TNodeDeleter0@U?$TScatterArrayNode@U?$TRefObject@URRenderDriver2D_SDL_core@SDL_core@ui@modules@UModSys@@U?$TRefObjectWeakFunc@URRenderDriver2D_SDL_core@SDL_core@ui@modules@UModSys@@@tl@5@@tl@UModSys@@H@tl@UModSys@@@23@@12@AEBUGen0@512@PEAPEAU312@2_N@Z 0000000180003190 f i umodsys_lib_libui:umodsys.mod.ui.SDL_core.obj
 0001:000022d0       ??1?$TRefObject@URRenderDriver2D_SDL_core@SDL_core@ui@modules@UModSys@@U?$TRefObjectWeakFunc@URRenderDriver2D_SDL_core@SDL_core@ui@modules@UModSys@@@tl@5@@tl@UModSys@@QEAA@XZ 00000001800032d0 f i umodsys_lib_libui:umodsys.mod.ui.SDL_core.obj
 0001:00002310       ?insert_color@?$TTreeHoldRB@U?$TScatterArrayNode@U?$TRefObject@URRenderDriver2D_SDL_core@SDL_core@ui@modules@UModSys@@U?$TRefObjectWeakFunc@URRenderDriver2D_SDL_core@SDL_core@ui@modules@UModSys@@@tl@5@@tl@UModSys@@H@tl@UModSys@@@tl@UModSys@@IEAAXPEAU?$TScatterArrayNode@U?$TRefObject@URRenderDriver2D_SDL_core@SDL_core@ui@modules@UModSys@@U?$TRefObjectWeakFunc@URRenderDriver2D_SDL_core@SDL_core@ui@modules@UModSys@@@tl@5@@tl@UModSys@@H@23@@Z 0000000180003310 f i umodsys_lib_libui:umodsys.mod.ui.SDL_core.obj
 0001:000024c0       ?root_get_interface_info@RMediaFilter@images_std@media@modules@UModSys@@UEBAAEBUSUniquePointerInfo@core@5@XZ 00000001800034c0 f i umodsys_lib_libmedia:umodsys.mod.media.images_std.obj
 0001:000024d0       ?root_get_interface_type@RMediaFilter@images_std@media@modules@UModSys@@UEBAPEBUSUniquePointerInfo@core@5@XZ 00000001800034d0 f i umodsys_lib_libmedia:umodsys.mod.media.images_std.obj
 0001:000024e0       ?root_get_other_interface@RMediaFilter@images_std@media@modules@UModSys@@UEAAPEAUIRoot@core@5@PEBUSUniquePointerInfo@75@@Z 00000001800034e0 f i umodsys_lib_libmedia:umodsys.mod.media.images_std.obj
 0001:000024e0       ?root_get_other_interface@RMediaFilter@images_std@media@modules@UModSys@@UEBAPEBUIRoot@core@5@PEBUSUniquePointerInfo@75@@Z 00000001800034e0 f i umodsys_lib_libmedia:umodsys.mod.media.images_std.obj
 0001:00002510       ?root_is_interface_supported@RMediaFilter@images_std@media@modules@UModSys@@UEBA_NPEBUSUniquePointerInfo@core@5@@Z 0000000180003510 f i umodsys_lib_libmedia:umodsys.mod.media.images_std.obj
 0001:00002540       ?ref_add@RMediaFilter@images_std@media@modules@UModSys@@UEBAXXZ 0000000180003540 f i umodsys_lib_libmedia:umodsys.mod.media.images_std.obj
 0001:00002550       ?ref_remove@RMediaFilter@images_std@media@modules@UModSys@@UEBAXXZ 0000000180003550 f i umodsys_lib_libmedia:umodsys.mod.media.images_std.obj
 0001:00002570       ?ref_links@RMediaFilter@images_std@media@modules@UModSys@@UEBAHXZ 0000000180003570 f i umodsys_lib_libmedia:umodsys.mod.media.images_std.obj
 0001:00002580       ?ref_weak@RMediaFilter@images_std@media@modules@UModSys@@UEBA_NAEAUWeakPointer@IRefObject@core@5@@Z 0000000180003580 f i umodsys_lib_libmedia:umodsys.mod.media.images_std.obj
 0001:000025a0       ?suicide@RMediaFilter@images_std@media@modules@UModSys@@UEAAXXZ 00000001800035a0 f i umodsys_lib_libmedia:umodsys.mod.media.images_std.obj
 0001:000025f0       ?get_flag@RMediaFilter@images_std@media@modules@UModSys@@UEBA?AW4eStates@?$TFlags4State@USMediaFlagUid@libmedia@UModSys@@I@tl@5@H@Z 00000001800035f0 f i umodsys_lib_libmedia:umodsys.mod.media.images_std.obj
 0001:00002600       ?get_flags_auto@RMediaFilter@images_std@media@modules@UModSys@@UEBA?AU?$TFlags4State@USMediaFlagUid@libmedia@UModSys@@I@tl@5@XZ 0000000180003600 f i umodsys_lib_libmedia:umodsys.mod.media.images_std.obj
 0001:00002610       ?set_flag@RMediaFilter@images_std@media@modules@UModSys@@UEAA?AW4eStates@?$TFlags4State@USMediaFlagUid@libmedia@UModSys@@I@tl@5@HW46785@@Z 0000000180003610 f i umodsys_lib_libmedia:umodsys.mod.media.images_std.obj
 0001:00002640       ??0RMediaFilter@images_std@media@modules@UModSys@@QEAA@PEAUIModObject@base@4@AEBUSParameters@core@4@@Z 0000000180003640 f i umodsys_lib_libmedia:umodsys.mod.media.images_std.obj
 0001:00002730       ??_GRMediaFilter@images_std@media@modules@UModSys@@UEAAPEAXI@Z 0000000180003730 f i umodsys_lib_libmedia:umodsys.mod.media.images_std.obj
 0001:00002730       ??_ERMediaFilter@images_std@media@modules@UModSys@@UEAAPEAXI@Z 0000000180003730 f i  CIL library: CIL module
 0001:000027b0       ?get_generated_names@RGenerator@images_std@media@modules@UModSys@@UEBAHAEAUSUniquePtrList@core@5@@Z 00000001800037b0 f i umodsys_lib_libmedia:umodsys.mod.media.images_std.obj
 0001:000027d0       ?get_generated_types@RGenerator@images_std@media@modules@UModSys@@UEBAHAEAUSUniquePtrList@core@5@PEBUSUniquePointerInfo@75@@Z 00000001800037d0 f i umodsys_lib_libmedia:umodsys.mod.media.images_std.obj
 0001:00002830       ?generate@RGenerator@images_std@media@modules@UModSys@@UEAA_NAEAU?$TRefObject@UIRefObject@core@UModSys@@U?$TRefObjectFunc@UIRefObject@core@UModSys@@@tl@3@@tl@5@PEBUSUniquePointerInfo@core@5@AEBUSParameters@95@@Z 0000000180003830 f i umodsys_lib_libmedia:umodsys.mod.media.images_std.obj
 0001:000028b0       ?root_get_interface_info@RGenerator@images_std@media@modules@UModSys@@UEBAAEBUSUniquePointerInfo@core@5@XZ 00000001800038b0 f i umodsys_lib_libmedia:umodsys.mod.media.images_std.obj
 0001:000028c0       ?root_get_interface_type@RGenerator@images_std@media@modules@UModSys@@UEBAPEBUSUniquePointerInfo@core@5@XZ 00000001800038c0 f i umodsys_lib_libmedia:umodsys.mod.media.images_std.obj
 0001:000028d0       ?root_get_other_interface@RGenerator@images_std@media@modules@UModSys@@UEAAPEAUIRoot@core@5@PEBUSUniquePointerInfo@75@@Z 00000001800038d0 f i umodsys_lib_libmedia:umodsys.mod.media.images_std.obj
 0001:000028d0       ?root_get_other_interface@RGenerator@images_std@media@modules@UModSys@@UEBAPEBUIRoot@core@5@PEBUSUniquePointerInfo@75@@Z 00000001800038d0 f i umodsys_lib_libmedia:umodsys.mod.media.images_std.obj
 0001:00002910       ?root_is_interface_supported@RGenerator@images_std@media@modules@UModSys@@UEBA_NPEBUSUniquePointerInfo@core@5@@Z 0000000180003910 f i umodsys_lib_libmedia:umodsys.mod.media.images_std.obj
 0001:00002950       ?ref_add@RMultiImage2D_SDL_ttf@SDL_core@ui@modules@UModSys@@UEBAXXZ 0000000180003950 f i umodsys_lib_libui:umodsys.mod.ui.SDL_core.obj
 0001:00002950       ?ref_add@RGenerator@images_std@media@modules@UModSys@@UEBAXXZ 0000000180003950 f i umodsys_lib_libmedia:umodsys.mod.media.images_std.obj
 0001:00002950       ?ref_add@RTerminal_SDL_core@SDL_core@ui@modules@UModSys@@UEBAXXZ 0000000180003950 f i umodsys_lib_libui:umodsys.mod.ui.SDL_core.obj
 0001:00002950       ?ref_add@RTest1_Shell@test1@test@modules@UModSys@@UEBAXXZ 0000000180003950 f i plugin_test1.obj
 0001:00002950       ?ref_add@RGenerator@SDL_core@ui@modules@UModSys@@UEBAXXZ 0000000180003950 f i umodsys_lib_libui:umodsys.mod.ui.SDL_core.obj
 0001:00002950       ?ref_add@RGenerator@test1@test@modules@UModSys@@UEBAXXZ 0000000180003950 f i plugin_test1.obj
 0001:00002950       ?ref_add@RRenderDriver2D_SDL_core@SDL_core@ui@modules@UModSys@@UEBAXXZ 0000000180003950 f i umodsys_lib_libui:umodsys.mod.ui.SDL_core.obj
 0001:00002960       ?get_uid@RGenerator@images_std@media@modules@UModSys@@UEBAPEBUSUniquePointerInfo@core@5@XZ 0000000180003960 f i umodsys_lib_libmedia:umodsys.mod.media.images_std.obj
 0001:00002970       ?do_open@RModuleReg@images_std@media@modules@UModSys@@UEAA_NXZ 0000000180003970 f i umodsys_lib_libmedia:umodsys.mod.media.images_std.obj
 0001:00002980       ?do_close@RModuleReg@images_std@media@modules@UModSys@@UEAA_NXZ 0000000180003980 f i umodsys_lib_libmedia:umodsys.mod.media.images_std.obj
 0001:00002990       ??_ERModuleReg@images_std@media@modules@UModSys@@UEAAPEAXI@Z 0000000180003990 f i  CIL library: CIL module
 0001:00002990       ??_GRModuleReg@images_std@media@modules@UModSys@@UEAAPEAXI@Z 0000000180003990 f i umodsys_lib_libmedia:umodsys.mod.media.images_std.obj
 0001:000029c0       ??_GRModuleLibraryReg_Chain@base@UModSys@@UEAAPEAXI@Z 00000001800039c0 f i umodsys_lib_base:umodsys.base.moduleregchain.obj
 0001:000029c0       ??_ERModuleLibraryReg_Chain@base@UModSys@@UEAAPEAXI@Z 00000001800039c0 f i  CIL library: CIL module
 0001:000029f0       ??_EIModuleReg@base@UModSys@@UEAAPEAXI@Z 00000001800039f0 f i  CIL library: CIL module
 0001:000029f0       ??_GIModuleReg@base@UModSys@@UEAAPEAXI@Z 00000001800039f0 f i umodsys_lib_base:umodsys.base.modulereg.obj
 0001:00002a20       ??_GIModuleLibraryReg@base@UModSys@@UEAAPEAXI@Z 0000000180003a20 f i umodsys_lib_base:umodsys.base.modulereg.obj
 0001:00002a20       ??_EIModuleLibraryReg@base@UModSys@@UEAAPEAXI@Z 0000000180003a20 f i  CIL library: CIL module
 0001:00002a44       _onexit                    0000000180003a44 f   MSVCRT:atonexit.obj
 0001:00002af4       atexit                     0000000180003af4 f   MSVCRT:atonexit.obj
 0001:00002b0c       _purecall                  0000000180003b0c f   MSVCRT:MSVCR90.dll
 0001:00002b12       ??3@YAXPEAX@Z              0000000180003b12 f   MSVCRT:MSVCR90.dll
 0001:00002b18       ??_Etype_info@@UEAAPEAXI@Z 0000000180003b18 f i MSVCRT:ti_inst.obj
 0001:00002be4       _CRT_INIT                  0000000180003be4 f   MSVCRT:crtdll.obj
 0001:00002f78       _DllMainCRTStartup         0000000180003f78 f   MSVCRT:crtdll.obj
 0001:00002fb6       ??2@YAPEAX_K@Z             0000000180003fb6 f   MSVCRT:MSVCR90.dll
 0001:00002fbc       __C_specific_handler       0000000180003fbc f   MSVCRT:MSVCR90.dll
 0001:00002fc2       _unlock                    0000000180003fc2 f   MSVCRT:MSVCR90.dll
 0001:00002fc8       __dllonexit                0000000180003fc8 f   MSVCRT:MSVCR90.dll
 0001:00002fce       _lock                      0000000180003fce f   MSVCRT:MSVCR90.dll
 0001:00002fd4       ?__ArrayUnwind@@YAXPEAX_KHP6AX0@Z@Z 0000000180003fd4 f   MSVCRT:ehvecdtr.obj
 0001:00003020       ??_M@YAXPEAX_KHP6AX0@Z@Z   0000000180004020 f   MSVCRT:ehvecdtr.obj
 0001:00003080       __clean_type_info_names    0000000180004080 f   MSVCRT:tncleanup.obj
 0001:0000308c       _RTC_Initialize            000000018000408c f   MSVCRT:_initsect_.obj
 0001:000030c4       _RTC_Terminate             00000001800040c4 f   MSVCRT:_initsect_.obj
 0001:00003100       _ValidateImageBase         0000000180004100 f   MSVCRT:pesect.obj
 0001:00003130       _FindPESection             0000000180004130 f   MSVCRT:pesect.obj
 0001:00003180       _IsNonwritableInCurrentImage 0000000180004180 f   MSVCRT:pesect.obj
 0001:000031c2       _initterm                  00000001800041c2 f   MSVCRT:MSVCR90.dll
 0001:000031c8       _initterm_e                00000001800041c8 f   MSVCRT:MSVCR90.dll
 0001:000031ce       _amsg_exit                 00000001800041ce f   MSVCRT:MSVCR90.dll
 0001:000031d4       __CppXcptFilter            00000001800041d4 f   MSVCRT:MSVCR90.dll
 0001:000031dc       DllMain                    00000001800041dc f   MSVCRT:dllmain.obj
 0001:00003200       __security_init_cookie     0000000180004200 f   MSVCRT:gs_support.obj
 0001:000032b4       ?terminate@@YAXXZ          00000001800042b4 f   MSVCRT:MSVCR90.dll
 0001:000032ba       ??1type_info@@UEAA@XZ      00000001800042ba f   MSVCRT:MSVCR90.dll
 0001:000032ba       ?_type_info_dtor_internal_method@type_info@@QEAAXXZ 00000001800042ba f   MSVCRT:MSVCR90.dll
 0001:000032c0       __clean_type_info_names_internal 00000001800042c0 f   MSVCRT:MSVCR90.dll
 0001:000032c6       png_get_IHDR               00000001800042c6 f   lib_libpng:lib_libpng.dll
 0001:000032cc       png_read_info              00000001800042cc f   lib_libpng:lib_libpng.dll
 0001:000032d2       png_sig_cmp                00000001800042d2 f   lib_libpng:lib_libpng.dll
 0001:000032d8       png_create_read_struct     00000001800042d8 f   lib_libpng:lib_libpng.dll
 0001:000032de       png_get_io_ptr             00000001800042de f   lib_libpng:lib_libpng.dll
 0001:000032e4       png_create_info_struct     00000001800042e4 f   lib_libpng:lib_libpng.dll
 0001:000032ea       png_set_read_fn            00000001800042ea f   lib_libpng:lib_libpng.dll
 0001:000032f0       png_read_update_info       00000001800042f0 f   lib_libpng:lib_libpng.dll
 0001:000032f6       png_set_sig_bytes          00000001800042f6 f   lib_libpng:lib_libpng.dll
 0001:000032fc       png_read_row               00000001800042fc f   lib_libpng:lib_libpng.dll
 0001:00003302       png_error                  0000000180004302 f   lib_libpng:lib_libpng.dll
 0001:00003308       png_destroy_read_struct    0000000180004308 f   lib_libpng:lib_libpng.dll
 0001:0000330e       SDL_RenderDrawLine         000000018000430e f   lib_SDL2:lib_SDL2.dll
 0001:00003314       SDL_Init                   0000000180004314 f   lib_SDL2:lib_SDL2.dll
 0001:0000331a       SDL_DestroyWindow          000000018000431a f   lib_SDL2:lib_SDL2.dll
 0001:00003320       TTF_RenderUNICODE_Blended  0000000180004320 f   lib_SDL2:lib_SDL2.dll
 0001:00003326       SDL_CreateWindow           0000000180004326 f   lib_SDL2:lib_SDL2.dll
 0001:0000332c       SDL_RenderCopy             000000018000432c f   lib_SDL2:lib_SDL2.dll
 0001:00003332       SDL_DestroyRenderer        0000000180004332 f   lib_SDL2:lib_SDL2.dll
 0001:00003338       SDL_DestroyTexture         0000000180004338 f   lib_SDL2:lib_SDL2.dll
 0001:0000333e       SDL_CreateTextureFromSurface 000000018000433e f   lib_SDL2:lib_SDL2.dll
 0001:00003344       SDL_RenderPresent          0000000180004344 f   lib_SDL2:lib_SDL2.dll
 0001:0000334a       SDL_SetRenderDrawBlendMode 000000018000434a f   lib_SDL2:lib_SDL2.dll
 0001:00003350       SDL_SetRenderDrawColor     0000000180004350 f   lib_SDL2:lib_SDL2.dll
 0001:00003356       TTF_OpenFont               0000000180004356 f   lib_SDL2:lib_SDL2.dll
 0001:0000335c       TTF_CloseFont              000000018000435c f   lib_SDL2:lib_SDL2.dll
 0001:00003362       TTF_Init                   0000000180004362 f   lib_SDL2:lib_SDL2.dll
 0001:00003368       SDL_PumpEvents             0000000180004368 f   lib_SDL2:lib_SDL2.dll
 0001:0000336e       SDL_Delay                  000000018000436e f   lib_SDL2:lib_SDL2.dll
 0001:00003374       SDL_RenderClear            0000000180004374 f   lib_SDL2:lib_SDL2.dll
 0001:0000337a       SDL_CreateRenderer         000000018000437a f   lib_SDL2:lib_SDL2.dll
 0001:00003380       SDL_PeepEvents             0000000180004380 f   lib_SDL2:lib_SDL2.dll
 0001:00003386       SDL_GetTicks               0000000180004386 f   lib_SDL2:lib_SDL2.dll
 0001:0000338c       SDL_RenderFillRect         000000018000438c f   lib_SDL2:lib_SDL2.dll
 0001:00003392       SDL_RenderDrawRect         0000000180004392 f   lib_SDL2:lib_SDL2.dll
 0001:00003398       TTF_Quit                   0000000180004398 f   lib_SDL2:lib_SDL2.dll
 0001:0000339e       SDL_Quit                   000000018000439e f   lib_SDL2:lib_SDL2.dll
 0001:000033a4       SDL_FreeSurface            00000001800043a4 f   lib_SDL2:lib_SDL2.dll
 0001:000033b0       ?utf8_cmp_nocase@su@tl@UModSys@@YAHPEBD0_K@Z 00000001800043b0 f   umodsys_lib_core:umodsys.tl.utf.obj
 0001:000033c0       ?utf_32to16@su@tl@UModSys@@YA_KPEA_W_KPEBH1_N@Z 00000001800043c0 f   umodsys_lib_core:umodsys.tl.utf.obj
 0001:000034a0       ??3IRoot@core@UModSys@@SAXPEAX@Z 00000001800044a0 f   umodsys_lib_core:umodsys.core.objects.obj
 0001:000034e0       ??3IRoot@core@UModSys@@SAXPEAXPEAUIMemAlloc@12@@Z 00000001800044e0 f   umodsys_lib_core:umodsys.core.objects.obj
 0001:00003520       ??2IRoot@core@UModSys@@SAPEAX_KPEAUIMemAlloc@12@@Z 0000000180004520 f   umodsys_lib_core:umodsys.core.objects.obj
 0001:00003560       ?suicide@IRoot@core@UModSys@@UEAAXXZ 0000000180004560 f   umodsys_lib_core:umodsys.core.objects.obj
 0001:00003580       ??1IRoot@core@UModSys@@UEAA@XZ 0000000180004580 f   umodsys_lib_core:umodsys.core.objects.obj
 0001:000035a0       ??1IRefObject@core@UModSys@@UEAA@XZ 00000001800045a0 f   umodsys_lib_core:umodsys.core.objects.obj
 0001:000035b0       ?lost@core@UModSys@@YAEPEBX@Z 00000001800045b0 f   umodsys_lib_core:umodsys.core.stdtypedefs.obj
 0001:000035c0       ?s_unresolve@SUniquePointer@core@UModSys@@SAXPEAUIUniquePointerResolver@23@@Z 00000001800045c0 f   umodsys_lib_core:umodsys.core.uniqueptr.obj
 0001:00003630       ?s_resolve@SUniquePointer@core@UModSys@@SAXPEAUIUniquePointerResolver@23@@Z 0000000180004630 f   umodsys_lib_core:umodsys.core.uniqueptr.obj
 0001:000036b0       ??1SUniquePointer@core@UModSys@@QEAA@XZ 00000001800046b0 f   umodsys_lib_core:umodsys.core.uniqueptr.obj
 0001:000036e0       ??0SUniquePointer@core@UModSys@@QEAA@H@Z 00000001800046e0 f   umodsys_lib_core:umodsys.core.uniqueptr.obj
 0001:00003710       ??0SUniquePointer@core@UModSys@@QEAA@PEBD0H@Z 0000000180004710 f   umodsys_lib_core:umodsys.core.uniqueptr.obj
 0001:00003760       ??1SModuleInfo@base@UModSys@@QEAA@XZ 0000000180004760 f   umodsys_lib_base:umodsys.base.moduleinfo.obj
 0001:00003770       ??0SModuleInfo@base@UModSys@@QEAA@PEBDHH0@Z 0000000180004770 f   umodsys_lib_base:umodsys.base.moduleinfo.obj
 0001:00003830       ??1IModuleLibraryReg@base@UModSys@@UEAA@XZ 0000000180004830 f   umodsys_lib_base:umodsys.base.modulereg.obj
 0001:00003850       ??0IModuleLibraryReg@base@UModSys@@QEAA@XZ 0000000180004850 f   umodsys_lib_base:umodsys.base.modulereg.obj
 0001:00003870       ?mr_close@IModuleReg@base@UModSys@@UEAA_NXZ 0000000180004870 f   umodsys_lib_base:umodsys.base.modulereg.obj
 0001:00003890       ?mr_open@IModuleReg@base@UModSys@@UEAA_NXZ 0000000180004890 f   umodsys_lib_base:umodsys.base.modulereg.obj
 0001:000038c0       ?mr_isopen@IModuleReg@base@UModSys@@UEBA_NXZ 00000001800048c0 f   umodsys_lib_base:umodsys.base.modulereg.obj
 0001:000038d0       ??1IModuleReg@base@UModSys@@UEAA@XZ 00000001800048d0 f   umodsys_lib_base:umodsys.base.modulereg.obj
 0001:000038f0       ??0IModuleReg@base@UModSys@@QEAA@PEBDHH0@Z 00000001800048f0 f   umodsys_lib_base:umodsys.base.modulereg.obj
 0001:00003930       UModSys_Plugin_Entry2      0000000180004930 f   umodsys_lib_base:umodsys.so_main.win32.obj
 0001:00003940       ??1RModuleLibraryReg_Chain@base@UModSys@@UEAA@XZ 0000000180004940 f   umodsys_lib_base:umodsys.base.moduleregchain.obj
 0001:00003960       ??0RModuleLibraryReg_Chain@base@UModSys@@QEAA@XZ 0000000180004960 f   umodsys_lib_base:umodsys.base.moduleregchain.obj
 0001:00003990       ?s_get@SModuleRegChain@base@UModSys@@SAPEAUIModuleReg@23@_K@Z 0000000180004990 f   umodsys_lib_base:umodsys.base.moduleregchain.obj
 0001:000039d0       ??1SModuleRegChain@base@UModSys@@QEAA@XZ 00000001800049d0 f   umodsys_lib_base:umodsys.base.moduleregchain.obj
 0001:00003a00       ??0SModuleRegChain@base@UModSys@@QEAA@AEAUIModuleReg@12@@Z 0000000180004a00 f   umodsys_lib_base:umodsys.base.moduleregchain.obj
 0001:00003a50       ?mlr_isopen@RModuleLibraryReg_Chain@base@UModSys@@UEBA_NXZ 0000000180004a50 f   umodsys_lib_base:umodsys.base.moduleregchain.obj
 0001:00003a70       ?mlr_close@RModuleLibraryReg_Chain@base@UModSys@@UEAA_NXZ 0000000180004a70 f   umodsys_lib_base:umodsys.base.moduleregchain.obj
 0001:00003ab0       ?mlr_open@RModuleLibraryReg_Chain@base@UModSys@@UEAA_NPEAUISystem@23@PEAUIMemAlloc@core@3@@Z 0000000180004ab0 f   umodsys_lib_base:umodsys.base.moduleregchain.obj
 0001:00003af0       ?mlr_get@RModuleLibraryReg_Chain@base@UModSys@@UEBAPEAUIModuleReg@23@_K@Z 0000000180004af0 f   umodsys_lib_base:umodsys.base.moduleregchain.obj
 0001:00003b00       ?mlr_count@RModuleLibraryReg_Chain@base@UModSys@@UEBA_KXZ 0000000180004b00 f   umodsys_lib_base:umodsys.base.moduleregchain.obj
 0001:00003b40       ??0SModuleRegChain@base@UModSys@@QEAA@H@Z 0000000180004b40 f   umodsys_lib_base:umodsys.base.moduleregchain.obj
 0001:00003b60       ?unlink@SMemorySharedData@core@UModSys@@QEAAXPEBUSSourceContext@23@@Z 0000000180004b60 f   umodsys_lib_base:umodsys.base.modulecontext.obj
 0001:00003b90       ?link@SMemorySharedData@core@UModSys@@QEAAXPEBUSSourceContext@23@@Z 0000000180004b90 f   umodsys_lib_base:umodsys.base.modulecontext.obj
 0001:00003ba0       ?Link@SModuleContext@base@UModSys@@QEAAXPEAUISystem@23@PEAUIMemAlloc@core@3@@Z 0000000180004ba0 f   umodsys_lib_base:umodsys.base.modulecontext.obj
 0001:00003c40       ??1SModuleContext@base@UModSys@@QEAA@XZ 0000000180004c40 f   umodsys_lib_base:umodsys.base.modulecontext.obj
 0001:00003c50       ?new_data@SMemorySharedData@core@UModSys@@SAPEAU123@PEAUIMemAlloc@23@_KPEBUSSourceContext@23@@Z 0000000180004c50 f   umodsys_lib_base:umodsys.base.modulecontext.obj
 0001:00003ca0       ?get_paramworker@SParameters@core@UModSys@@KAPEAUIParameters@23@XZ 0000000180004ca0 f   umodsys_lib_base:umodsys.base.modulecontext.obj
 0001:00003cc0       ?shared_memory@UModSys@@YAAEBUSIMemAlloc@core@1@XZ 0000000180004cc0 f   umodsys_lib_base:umodsys.base.modulecontext.obj
 0001:00003cd0       ?local_memory@UModSys@@YAAEBUSIMemAlloc@core@1@XZ 0000000180004cd0 f   umodsys_lib_base:umodsys.base.modulecontext.obj
 0001:00003ce0       ??0SModuleContext@base@UModSys@@QEAA@XZ 0000000180004ce0 f   umodsys_lib_base:umodsys.base.modulecontext.obj
 0001:00003d10       ?mod_dec@RGenerator@images_std@media@modules@UModSys@@UEBA_NXZ 0000000180004d10 f   umodsys_lib_libmedia:umodsys.mod.media.images_std.obj
 0001:00003d30       ?mod_inc@RGenerator@images_std@media@modules@UModSys@@UEBA_NXZ 0000000180004d30 f   umodsys_lib_libmedia:umodsys.mod.media.images_std.obj
 0001:00003d50       ?get_module@RGenerator@images_std@media@modules@UModSys@@UEBAPEAUIModule@base@5@XZ 0000000180004d50 f   umodsys_lib_libmedia:umodsys.mod.media.images_std.obj
 0001:00003df0       ?filter_save@RMediaFilter@images_std@media@modules@UModSys@@UEAA_NAEAUSInfo@IBinObjFilter@libmedia@5@PEBUIRefObject@core@5@@Z 0000000180004df0 f   umodsys_lib_libmedia:umodsys.mod.media.images_std.obj
 0001:00003e00       ?filter_load@RMediaFilter@images_std@media@modules@UModSys@@UEAA_NAEBUSInfo@IBinObjFilter@libmedia@5@AEAU?$TRefObject@UIRefObject@core@UModSys@@U?$TRefObjectFunc@UIRefObject@core@UModSys@@@tl@3@@tl@5@@Z 0000000180004e00 f   umodsys_lib_libmedia:umodsys.mod.media.images_std.obj
 0001:00003e10       ?s_holder@RGenerator@images_std@media@modules@UModSys@@SAAEAU?$TTypeStaticHolder@URGenerator@images_std@media@modules@UModSys@@@tl@5@XZ 0000000180004e10 f   umodsys_lib_libmedia:umodsys.mod.media.images_std.obj
 0001:00003e60       ?png_read@RMediaFilter@images_std@media@modules@UModSys@@KAXPEAUpng_struct_def@@PEAE_K@Z 0000000180004e60 f   umodsys_lib_libmedia:umodsys.mod.media.images_std.obj
 0001:00003ed0       ?png_err@RMediaFilter@images_std@media@modules@UModSys@@KAXPEAUpng_struct_def@@PEBD@Z 0000000180004ed0 f   umodsys_lib_libmedia:umodsys.mod.media.images_std.obj
 0001:00003f00       ?s_unreg@RGenerator@images_std@media@modules@UModSys@@SA_NPEAUIModuleReg@base@5@@Z 0000000180004f00 f   umodsys_lib_libmedia:umodsys.mod.media.images_std.obj
 0001:00003f70       ?s_reg@RGenerator@images_std@media@modules@UModSys@@SA_NPEAUIModuleReg@base@5@@Z 0000000180004f70 f   umodsys_lib_libmedia:umodsys.mod.media.images_std.obj
 0001:00003ff0       ?loader_png@RMediaFilter@images_std@media@modules@UModSys@@QEAA_NPEAUIImage@lib2d@5@AEBUSInfo@IBinObjFilter@libmedia@5@AEBUSParameters@core@5@HPEBD_N@Z 0000000180004ff0 f   umodsys_lib_libmedia:umodsys.mod.media.images_std.obj
 0001:00004400       ?loader_jpeg@RMediaFilter@images_std@media@modules@UModSys@@QEAA_NPEAUIImage@lib2d@5@AEBUSInfo@IBinObjFilter@libmedia@5@AEBUSParameters@core@5@HPEBD_N@Z 0000000180005400 f   umodsys_lib_libmedia:umodsys.mod.media.images_std.obj
 0001:00004760       ?filter_load@RMediaFilter@images_std@media@modules@UModSys@@UEAA_NAEBUSInfo@IBinObjFilter@libmedia@5@PEAUIRefObject@core@5@@Z 0000000180005760 f   umodsys_lib_libmedia:umodsys.mod.media.images_std.obj
 0001:00004ab0       ?mod_dec@RGenerator@SDL_core@ui@modules@UModSys@@UEBA_NXZ 0000000180005ab0 f   umodsys_lib_libui:umodsys.mod.ui.SDL_core.obj
 0001:00004ad0       ?mod_inc@RGenerator@SDL_core@ui@modules@UModSys@@UEBA_NXZ 0000000180005ad0 f   umodsys_lib_libui:umodsys.mod.ui.SDL_core.obj
 0001:00004af0       ?get_module@RGenerator@SDL_core@ui@modules@UModSys@@UEBAPEAUIModule@base@5@XZ 0000000180005af0 f   umodsys_lib_libui:umodsys.mod.ui.SDL_core.obj
 0001:00004b00       ?get_terminal@RRenderDriver2D_SDL_core@SDL_core@ui@modules@UModSys@@UEBAPEAUITerminal@libui@5@XZ 0000000180005b00 f   umodsys_lib_libui:umodsys.mod.ui.SDL_core.obj
 0001:00004b10       ?s_holder@RGenerator@SDL_core@ui@modules@UModSys@@SAAEAU?$TTypeStaticHolder@URGenerator@SDL_core@ui@modules@UModSys@@@tl@5@XZ 0000000180005b10 f   umodsys_lib_libui:umodsys.mod.ui.SDL_core.obj
 0001:00004b60       ?s_unreg@RGenerator@SDL_core@ui@modules@UModSys@@SA_NPEAUIModuleReg@base@5@@Z 0000000180005b60 f   umodsys_lib_libui:umodsys.mod.ui.SDL_core.obj
 0001:00004bd0       ?s_reg@RGenerator@SDL_core@ui@modules@UModSys@@SA_NPEAUIModuleReg@base@5@@Z 0000000180005bd0 f   umodsys_lib_libui:umodsys.mod.ui.SDL_core.obj
 0001:00004c40       ?mod_dec@RGenerator@test1@test@modules@UModSys@@UEBA_NXZ 0000000180005c40 f   plugin_test1.obj
 0001:00004c60       ?mod_inc@RGenerator@test1@test@modules@UModSys@@UEBA_NXZ 0000000180005c60 f   plugin_test1.obj
 0001:00004c80       ?get_module@RGenerator@test1@test@modules@UModSys@@UEBAPEAUIModule@base@5@XZ 0000000180005c80 f   plugin_test1.obj
 0001:00004ca0       ?s_holder@RGenerator@test1@test@modules@UModSys@@SAAEAU?$TTypeStaticHolder@URGenerator@test1@test@modules@UModSys@@@tl@5@XZ 0000000180005ca0 f   plugin_test1.obj
 0001:00004cf0       ?s_unreg@RGenerator@test1@test@modules@UModSys@@SA_NPEAUIModuleReg@base@5@@Z 0000000180005cf0 f   plugin_test1.obj
 0001:00004d60       ?s_reg@RGenerator@test1@test@modules@UModSys@@SA_NPEAUIModuleReg@base@5@@Z 0000000180005d60 f   plugin_test1.obj
 0001:00004de0       ?ui_newfont@RTest1_Shell@test1@test@modules@UModSys@@QEAA?AU?$TRefObject@UIMultiImage@lib2d@UModSys@@U?$TRefObjectFunc@UIMultiImage@lib2d@UModSys@@@tl@3@@tl@5@AEBU?$TString@U?$TSCoreConst@D@su@tl@UModSys@@U?$TComparerBinaryHash@D@234@@75@AEBUSParameters@core@5@@Z 0000000180005de0 f   plugin_test1.obj
 0001:00004f20       ?ui_newterm@RTest1_Shell@test1@test@modules@UModSys@@QEAA?AU?$TRefObject@UITerminal@libui@UModSys@@U?$TRefObjectFunc@UITerminal@libui@UModSys@@@tl@3@@tl@5@AEBU?$TString@U?$TSCoreConst@D@su@tl@UModSys@@U?$TComparerBinaryHash@D@234@@75@AEBUSParameters@core@5@@Z 0000000180005f20 f   plugin_test1.obj
 0001:00005060       ?ui_test1@RTest1_Shell@test1@test@modules@UModSys@@QEAAXXZ 0000000180006060 f   plugin_test1.obj
 0001:00005690       ?add@SUniquePtrList@core@UModSys@@QEAA_NPEBUSUniquePointerInfo@23@@Z 0000000180006690 f   umodsys_lib_core:umodsys.core.uniqueptrlist.obj
 0001:00005766       memcpy                     0000000180006766 f   MSVCRT:MSVCR90.dll
 0001:0000576c       __CxxFrameHandler3         000000018000676c f   MSVCRT:MSVCR90.dll
 0001:00005780       _setjmp                    0000000180006780 f   MSVCRT:MSVCR90.dll
 0001:000057a0       _alloca_probe              00000001800067a0     MSVCRT:chkstk.obj
 0001:000057a0       __chkstk                   00000001800067a0 f   MSVCRT:chkstk.obj
 0002:00000000       __imp_Sleep                0000000180008000     kernel32:KERNEL32.dll
 0002:00000008       __imp_QueryPerformanceCounter 0000000180008008     kernel32:KERNEL32.dll
 0002:00000010       __imp_GetTickCount         0000000180008010     kernel32:KERNEL32.dll
 0002:00000018       __imp_GetCurrentThreadId   0000000180008018     kernel32:KERNEL32.dll
 0002:00000020       __imp_GetCurrentProcessId  0000000180008020     kernel32:KERNEL32.dll
 0002:00000028       __imp_GetSystemTimeAsFileTime 0000000180008028     kernel32:KERNEL32.dll
 0002:00000030       __imp_DisableThreadLibraryCalls 0000000180008030     kernel32:KERNEL32.dll
 0002:00000038       \177KERNEL32_NULL_THUNK_DATA 0000000180008038     kernel32:KERNEL32.dll
 0002:00000040       __imp___dllonexit          0000000180008040     MSVCRT:MSVCR90.dll
 0002:00000048       __imp__encode_pointer      0000000180008048     MSVCRT:MSVCR90.dll
 0002:00000050       __imp__lock                0000000180008050     MSVCRT:MSVCR90.dll
 0002:00000058       __imp__onexit              0000000180008058     MSVCRT:MSVCR90.dll
 0002:00000060       __imp__decode_pointer      0000000180008060     MSVCRT:MSVCR90.dll
 0002:00000068       __imp__malloc_crt          0000000180008068     MSVCRT:MSVCR90.dll
 0002:00000070       __imp__initterm            0000000180008070     MSVCRT:MSVCR90.dll
 0002:00000078       __imp__initterm_e          0000000180008078     MSVCRT:MSVCR90.dll
 0002:00000080       __imp__unlock              0000000180008080     MSVCRT:MSVCR90.dll
 0002:00000088       __imp__encoded_null        0000000180008088     MSVCRT:MSVCR90.dll
 0002:00000090       __imp__amsg_exit           0000000180008090     MSVCRT:MSVCR90.dll
 0002:00000098       __imp___CppXcptFilter      0000000180008098     MSVCRT:MSVCR90.dll
 0002:000000a0       __imp_?terminate@@YAXXZ    00000001800080a0     MSVCRT:MSVCR90.dll
 0002:000000a8       __imp_?_type_info_dtor_internal_method@type_info@@QEAAXXZ 00000001800080a8     MSVCRT:MSVCR90.dll
 0002:000000b0       __imp___clean_type_info_names_internal 00000001800080b0     MSVCRT:MSVCR90.dll
 0002:000000b8       __imp___CxxFrameHandler3   00000001800080b8     MSVCRT:MSVCR90.dll
 0002:000000c0       __imp_memcpy               00000001800080c0     MSVCRT:MSVCR90.dll
 0002:000000c8       __imp___C_specific_handler 00000001800080c8     MSVCRT:MSVCR90.dll
 0002:000000d0       __imp_longjmp              00000001800080d0     MSVCRT:MSVCR90.dll
 0002:000000d8       __imp_strstr               00000001800080d8     MSVCRT:MSVCR90.dll
 0002:000000e0       __imp_??2@YAPEAX_K@Z       00000001800080e0     MSVCRT:MSVCR90.dll
 0002:000000e8       __imp_??3@YAXPEAX@Z        00000001800080e8     MSVCRT:MSVCR90.dll
 0002:000000f0       __imp__purecall            00000001800080f0     MSVCRT:MSVCR90.dll
 0002:000000f8       __imp_free                 00000001800080f8     MSVCRT:MSVCR90.dll
 0002:00000100       __imp_strncmp              0000000180008100     MSVCRT:MSVCR90.dll
 0002:00000108       __imp__setjmp              0000000180008108     MSVCRT:MSVCR90.dll
 0002:00000110       \177MSVCR90_NULL_THUNK_DATA 0000000180008110     MSVCRT:MSVCR90.dll
 0002:00000118       __imp_TTF_CloseFont        0000000180008118     lib_SDL2:lib_SDL2.dll
 0002:00000120       __imp_TTF_Quit             0000000180008120     lib_SDL2:lib_SDL2.dll
 0002:00000128       __imp_SDL_RenderDrawRect   0000000180008128     lib_SDL2:lib_SDL2.dll
 0002:00000130       __imp_SDL_RenderFillRect   0000000180008130     lib_SDL2:lib_SDL2.dll
 0002:00000138       __imp_SDL_GetTicks         0000000180008138     lib_SDL2:lib_SDL2.dll
 0002:00000140       __imp_SDL_PeepEvents       0000000180008140     lib_SDL2:lib_SDL2.dll
 0002:00000148       __imp_SDL_FreeSurface      0000000180008148     lib_SDL2:lib_SDL2.dll
 0002:00000150       __imp_SDL_CreateRenderer   0000000180008150     lib_SDL2:lib_SDL2.dll
 0002:00000158       __imp_SDL_RenderClear      0000000180008158     lib_SDL2:lib_SDL2.dll
 0002:00000160       __imp_SDL_Delay            0000000180008160     lib_SDL2:lib_SDL2.dll
 0002:00000168       __imp_SDL_PumpEvents       0000000180008168     lib_SDL2:lib_SDL2.dll
 0002:00000170       __imp_SDL_RenderDrawLine   0000000180008170     lib_SDL2:lib_SDL2.dll
 0002:00000178       __imp_SDL_Init             0000000180008178     lib_SDL2:lib_SDL2.dll
 0002:00000180       __imp_SDL_DestroyWindow    0000000180008180     lib_SDL2:lib_SDL2.dll
 0002:00000188       __imp_TTF_RenderUNICODE_Blended 0000000180008188     lib_SDL2:lib_SDL2.dll
 0002:00000190       __imp_SDL_CreateWindow     0000000180008190     lib_SDL2:lib_SDL2.dll
 0002:00000198       __imp_SDL_RenderCopy       0000000180008198     lib_SDL2:lib_SDL2.dll
 0002:000001a0       __imp_SDL_DestroyRenderer  00000001800081a0     lib_SDL2:lib_SDL2.dll
 0002:000001a8       __imp_SDL_DestroyTexture   00000001800081a8     lib_SDL2:lib_SDL2.dll
 0002:000001b0       __imp_SDL_CreateTextureFromSurface 00000001800081b0     lib_SDL2:lib_SDL2.dll
 0002:000001b8       __imp_SDL_RenderPresent    00000001800081b8     lib_SDL2:lib_SDL2.dll
 0002:000001c0       __imp_SDL_SetRenderDrawBlendMode 00000001800081c0     lib_SDL2:lib_SDL2.dll
 0002:000001c8       __imp_SDL_SetRenderDrawColor 00000001800081c8     lib_SDL2:lib_SDL2.dll
 0002:000001d0       __imp_TTF_OpenFont         00000001800081d0     lib_SDL2:lib_SDL2.dll
 0002:000001d8       __imp_TTF_Init             00000001800081d8     lib_SDL2:lib_SDL2.dll
 0002:000001e0       __imp_SDL_Quit             00000001800081e0     lib_SDL2:lib_SDL2.dll
 0002:000001e8       \177lib_SDL2_NULL_THUNK_DATA 00000001800081e8     lib_SDL2:lib_SDL2.dll
 0002:000001f0       __imp_jpeg_std_error       00000001800081f0     lib_jpeglib:lib_jpeglib.dll
 0002:000001f8       __imp_jpeg_read_scanlines  00000001800081f8     lib_jpeglib:lib_jpeglib.dll
 0002:00000200       __imp_jpeg_finish_decompress 0000000180008200     lib_jpeglib:lib_jpeglib.dll
 0002:00000208       __imp_jpeg_resync_to_restart 0000000180008208     lib_jpeglib:lib_jpeglib.dll
 0002:00000210       __imp_jpeg_destroy_decompress 0000000180008210     lib_jpeglib:lib_jpeglib.dll
 0002:00000218       __imp_jpeg_CreateDecompress 0000000180008218     lib_jpeglib:lib_jpeglib.dll
 0002:00000220       __imp_jpeg_start_decompress 0000000180008220     lib_jpeglib:lib_jpeglib.dll
 0002:00000228       __imp_jpeg_destroy         0000000180008228     lib_jpeglib:lib_jpeglib.dll
 0002:00000230       __imp_jpeg_read_header     0000000180008230     lib_jpeglib:lib_jpeglib.dll
 0002:00000238       \177lib_jpeglib_NULL_THUNK_DATA 0000000180008238     lib_jpeglib:lib_jpeglib.dll
 0002:00000240       __imp_png_error            0000000180008240     lib_libpng:lib_libpng.dll
 0002:00000248       __imp_png_read_row         0000000180008248     lib_libpng:lib_libpng.dll
 0002:00000250       __imp_png_set_sig_bytes    0000000180008250     lib_libpng:lib_libpng.dll
 0002:00000258       __imp_png_read_update_info 0000000180008258     lib_libpng:lib_libpng.dll
 0002:00000260       __imp_png_set_read_fn      0000000180008260     lib_libpng:lib_libpng.dll
 0002:00000268       __imp_png_create_info_struct 0000000180008268     lib_libpng:lib_libpng.dll
 0002:00000270       __imp_png_get_io_ptr       0000000180008270     lib_libpng:lib_libpng.dll
 0002:00000278       __imp_png_create_read_struct 0000000180008278     lib_libpng:lib_libpng.dll
 0002:00000280       __imp_png_sig_cmp          0000000180008280     lib_libpng:lib_libpng.dll
 0002:00000288       __imp_png_read_info        0000000180008288     lib_libpng:lib_libpng.dll
 0002:00000290       __imp_png_get_IHDR         0000000180008290     lib_libpng:lib_libpng.dll
 0002:00000298       __imp_png_destroy_read_struct 0000000180008298     lib_libpng:lib_libpng.dll
 0002:000002a0       \177lib_libpng_NULL_THUNK_DATA 00000001800082a0     lib_libpng:lib_libpng.dll
 0002:000002a8       __xc_a                     00000001800082a8     MSVCRT:cinitexe.obj
 0002:00000978       __xc_z                     0000000180008978     MSVCRT:cinitexe.obj
 0002:00000980       __xi_a                     0000000180008980     MSVCRT:cinitexe.obj
 0002:00000990       __xi_z                     0000000180008990     MSVCRT:cinitexe.obj
 0002:000009a8       ??_7type_info@@6B@         00000001800089a8     MSVCRT:ti_inst.obj
 0002:000009b0       _pRawDllMain               00000001800089b0     MSVCRT:crtdll.obj
 0002:000009b0       _pDefaultRawDllMain        00000001800089b0     MSVCRT:crtdll.obj
 0002:000009b8       ??_C@_0P@GHFPNOJB@bad?5allocation?$AA@ 00000001800089b8     plugin_test1.obj
 0002:000009c8       ??_C@_0BF@OCNNAADO@UModSys?3?3core?3?3IRoot?$AA@ 00000001800089c8     plugin_test1.obj
 0002:000009e0       ??_C@_0BK@EMIJFOPA@UModSys?3?3core?3?3IRefObject?$AA@ 00000001800089e0     plugin_test1.obj
 0002:00000a00       ??_C@_0BL@IOMMHELF@UModSys?3?3core?3?3IParameters?$AA@ 0000000180008a00     plugin_test1.obj
 0002:00000a20       ??_C@_0BH@LKDEEPPM@UModSys?3?3base?3?3IModule?$AA@ 0000000180008a20     plugin_test1.obj
 0002:00000a38       ??_C@_0BO@PHJOHFCB@UModSys?3?3base?3?3IModuleLibrary?$AA@ 0000000180008a38     plugin_test1.obj
 0002:00000a58       ??_C@_0BK@FDPIOPHG@UModSys?3?3base?3?3IModObject?$AA@ 0000000180008a58     plugin_test1.obj
 0002:00000a78       ??_C@_0BK@OIBKNCKJ@UModSys?3?3base?3?3IGenerator?$AA@ 0000000180008a78     plugin_test1.obj
 0002:00000a98       ??_C@_0BG@PJBGCMEC@UModSys?3?3base?3?3IShell?$AA@ 0000000180008a98     plugin_test1.obj
 0002:00000ab0       ??_C@_0BI@IKAOEFAP@UModSys?3?3base?3?3IConsole?$AA@ 0000000180008ab0     plugin_test1.obj
 0002:00000ac8       ??_C@_0BH@PFCONEJJ@UModSys?3?3base?3?3ISystem?$AA@ 0000000180008ac8     plugin_test1.obj
 0002:00000ae0       ??_C@_0CB@CLGNFEGF@UModSys?3?3libmedia?3?3IStreamReader@ 0000000180008ae0     plugin_test1.obj
 0002:00000b08       ??_C@_0CB@HOPFFLP@UModSys?3?3libmedia?3?3IStreamWriter@ 0000000180008b08     plugin_test1.obj
 0002:00000b30       ??_C@_0BP@KCJMEDNO@UModSys?3?3libmedia?3?3IBinArchive?$AA@ 0000000180008b30     plugin_test1.obj
 0002:00000b50       ??_C@_0CB@FDEKNMGJ@UModSys?3?3libmedia?3?3IBinObjFilter@ 0000000180008b50     plugin_test1.obj
 0002:00000b78       ??_C@_0BM@DPCMOAPM@UModSys?3?3libmedia?3?3ILibrary?$AA@ 0000000180008b78     plugin_test1.obj
 0002:00000b98       ??_C@_0CD@ELIFEGE@UModSys?3?3libmedia?3?3ILibraryBinTr@ 0000000180008b98     plugin_test1.obj
 0002:00000bc0       ??_C@_0CE@EGHBJBAJ@UModSys?3?3libmedia?3?3ILibraryBinCa@ 0000000180008bc0     plugin_test1.obj
 0002:00000be8       ??_C@_0CF@LBIGBLOK@UModSys?3?3libmedia?3?3ILibraryObjFi@ 0000000180008be8     plugin_test1.obj
 0002:00000c10       ??_C@_0CE@BOBLEOBL@UModSys?3?3libmedia?3?3ILibraryObjCa@ 0000000180008c10     plugin_test1.obj
 0002:00000c38       ??_C@_0CD@LJFEJKGF@UModSys?3?3libmedia?3?3ILibraryLayer@ 0000000180008c38     plugin_test1.obj
 0002:00000c60       ?utf_bytesFromUTF8@su@tl@UModSys@@3QBEB 0000000180008c60     umodsys_lib_core:umodsys.tl.utf.obj
 0002:00000d60       ?utf_firstByteMark@su@tl@UModSys@@3QBEB 0000000180008d60     umodsys_lib_core:umodsys.tl.utf.obj
 0002:00000d68       ?utf_offsetsFromUTF8@su@tl@UModSys@@3QBHB 0000000180008d68     umodsys_lib_core:umodsys.tl.utf.obj
 0002:00000e60       ??_C@_0BL@NMJBPMOF@UModSys?3?3base?3?3IConsoleExt?$AA@ 0000000180008e60     plugin_test1.obj
 0002:00000e80       ??_C@_0BO@CGANABBB@UModSys?3?3base?3?3IConsoleHelper?$AA@ 0000000180008e80     plugin_test1.obj
 0002:00000ea0       ??_C@_0CF@NIEDAAFG@UModSys?3?3base?3?3IConsoleHelperHis@ 0000000180008ea0     plugin_test1.obj
 0002:00000ec8       ??_C@_0CD@FCDJONHN@UModSys?3?3base?3?3IConsoleHelperInp@ 0000000180008ec8     plugin_test1.obj
 0002:00000ef0       ??_C@_0CE@KMOIHDDJ@UModSys?3?3base?3?3IConsoleHelperOut@ 0000000180008ef0     plugin_test1.obj
 0002:00000f18       ??_C@_0CH@NMEMKECD@UModSys?3?3base?3?3IConsoleHelperOut@ 0000000180008f18     plugin_test1.obj
 0002:00000f40       ??_C@_0CE@DIFILHID@UModSys?3?3libui?3?3IKeyboardControl@ 0000000180008f40     plugin_test1.obj
 0002:00000f68       ??_C@_0CB@MBIJAGJE@UModSys?3?3libui?3?3IMouseController@ 0000000180008f68     plugin_test1.obj
 0002:00000f90       ??_C@_0CE@HLKJKPC@UModSys?3?3libui?3?3IJoystickControl@ 0000000180008f90     plugin_test1.obj
 0002:00000fb8       ??_C@_0BK@GJJNKGGD@UModSys?3?3libui?3?3ITerminal?$AA@ 0000000180008fb8     plugin_test1.obj
 0002:00000fd8       ??_C@_0CK@HENOKNKH@UModSys?3?3libui?3?3IConsoleHelperIn@ 0000000180008fd8     plugin_test1.obj
 0002:00001008       ??_C@_0BH@JDBCAPMN@UModSys?3?3lib2d?3?3IImage?$AA@ 0000000180009008     plugin_test1.obj
 0002:00001020       ??_C@_0BM@NDCOKBPH@UModSys?3?3lib2d?3?3IMultiImage?$AA@ 0000000180009020     plugin_test1.obj
 0002:00001040       ??_C@_0BO@FFPMHFPK@UModSys?3?3lib2d?3?3IRenderDriver?$AA@ 0000000180009040     plugin_test1.obj
 0002:00001060       ??_C@_0CG@DNABKNDD@UModSys?3?3modules?3?3test?3?3test1?3?3I@ 0000000180009060     plugin_test1.obj
 0002:00001088       ??_C@_0CG@FINIGFAH@UModSys?3?3modules?3?3test?3?3test1?3?3R@ 0000000180009088     plugin_test1.obj
 0002:000010b0       ??_C@_0CN@EFAOPDDB@UModSys?3?3modules?3?3test?3?3test1?3?3R@ 00000001800090b0     plugin_test1.obj
 0002:000010e0       ??_C@_0CM@LNHNHIJB@UModSys?3?3modules?3?3test?3?3test1?3?3R@ 00000001800090e0     plugin_test1.obj
 0002:00001110       ??_C@_0BC@NIGGCDMG@RTest1_Shell?$CI?$CJ?5?$HL?6?$AA@ 0000000180009110     plugin_test1.obj
 0002:00001128       ??_C@_0DK@JIEMIEKA@UModSys?3?3modules?3?3test?3?3test1?3?3R@ 0000000180009128     plugin_test1.obj
 0002:00001168       ??_C@_0CK@OICDGBDJ@?4?4?2?4?4?2?4?4?2src?2plugin?2test?2plugin_@ 0000000180009168     plugin_test1.obj
 0002:00001198       ??_C@_0BF@BMCPNMPN@?$HN?5?1?1?5RTest1_Shell?$CI?$CJ?6?$AA@ 0000000180009198     plugin_test1.obj
[...]
 0001:00005da0       ??__E?s_id@?$TObjectUniqueID@UIRoot@core@UModSys@@@tl@UModSys@@2USUniquePointer@core@3@A@@YAXXZ 0000000180006da0 f    CIL library: CIL module
 0001:00005de0       ??__E?s_id@?$TObjectUniqueID@UIRefObject@core@UModSys@@@tl@UModSys@@2USUniquePointer@core@3@A@@YAXXZ 0000000180006de0 f    CIL library: CIL module
 0001:00005e20       ??__E?s_id@?$TObjectUniqueID@UIParameters@core@UModSys@@@tl@UModSys@@2USUniquePointer@core@3@A@@YAXXZ 0000000180006e20 f    CIL library: CIL module
 0001:00005e60       ??__E?s_id@?$TObjectUniqueID@UIModule@base@UModSys@@@tl@UModSys@@2USUniquePointer@core@3@A@@YAXXZ 0000000180006e60 f    CIL library: CIL module
 0001:00005ea0       ??__E?s_id@?$TObjectUniqueID@UIModuleLibrary@base@UModSys@@@tl@UModSys@@2USUniquePointer@core@3@A@@YAXXZ 0000000180006ea0 f    CIL library: CIL module
 0001:00005ee0       ??__E?s_id@?$TObjectUniqueID@UIModObject@base@UModSys@@@tl@UModSys@@2USUniquePointer@core@3@A@@YAXXZ 0000000180006ee0 f    CIL library: CIL module
 0001:00005f20       ??__E?s_id@?$TObjectUniqueID@UIGenerator@base@UModSys@@@tl@UModSys@@2USUniquePointer@core@3@A@@YAXXZ 0000000180006f20 f    CIL library: CIL module
 0001:00005f60       ??__E?s_id@?$TObjectUniqueID@UIShell@base@UModSys@@@tl@UModSys@@2USUniquePointer@core@3@A@@YAXXZ 0000000180006f60 f    CIL library: CIL module
 0001:00005fa0       ??__E?s_id@?$TObjectUniqueID@UIConsole@base@UModSys@@@tl@UModSys@@2USUniquePointer@core@3@A@@YAXXZ 0000000180006fa0 f    CIL library: CIL module
 0001:00005fe0       ??__E?s_id@?$TObjectUniqueID@UISystem@base@UModSys@@@tl@UModSys@@2USUniquePointer@core@3@A@@YAXXZ 0000000180006fe0 f    CIL library: CIL module
 0001:00006020       ??__E?s_id@?$TObjectUniqueID@UIStreamReader@libmedia@UModSys@@@tl@UModSys@@2USUniquePointer@core@3@A@@YAXXZ 0000000180007020 f    CIL library: CIL module
 0001:00006060       ??__E?s_id@?$TObjectUniqueID@UIStreamWriter@libmedia@UModSys@@@tl@UModSys@@2USUniquePointer@core@3@A@@YAXXZ 0000000180007060 f    CIL library: CIL module
 0001:000060a0       ??__E?s_id@?$TObjectUniqueID@UIBinArchive@libmedia@UModSys@@@tl@UModSys@@2USUniquePointer@core@3@A@@YAXXZ 00000001800070a0 f    CIL library: CIL module
 0001:000060e0       ??__E?s_id@?$TObjectUniqueID@UIBinObjFilter@libmedia@UModSys@@@tl@UModSys@@2USUniquePointer@core@3@A@@YAXXZ 00000001800070e0 f    CIL library: CIL module
 0001:00006120       ??__E?s_id@?$TObjectUniqueID@UILibrary@libmedia@UModSys@@@tl@UModSys@@2USUniquePointer@core@3@A@@YAXXZ 0000000180007120 f    CIL library: CIL module
 0001:00006160       ??__E?s_id@?$TObjectUniqueID@UILibraryBinTree@libmedia@UModSys@@@tl@UModSys@@2USUniquePointer@core@3@A@@YAXXZ 0000000180007160 f    CIL library: CIL module
 0001:000061a0       ??__E?s_id@?$TObjectUniqueID@UILibraryBinCache@libmedia@UModSys@@@tl@UModSys@@2USUniquePointer@core@3@A@@YAXXZ 00000001800071a0 f    CIL library: CIL module
 0001:000061e0       ??__E?s_id@?$TObjectUniqueID@UILibraryObjFilter@libmedia@UModSys@@@tl@UModSys@@2USUniquePointer@core@3@A@@YAXXZ 00000001800071e0 f    CIL library: CIL module
 0001:00006220       ??__E?s_id@?$TObjectUniqueID@UILibraryObjCache@libmedia@UModSys@@@tl@UModSys@@2USUniquePointer@core@3@A@@YAXXZ 0000000180007220 f    CIL library: CIL module
 0001:00006260       ??__E?s_id@?$TObjectUniqueID@UILibraryLayered@libmedia@UModSys@@@tl@UModSys@@2USUniquePointer@core@3@A@@YAXXZ 0000000180007260 f    CIL library: CIL module
 0001:000062a0       ??__E?s_id@?$TObjectUniqueID@UIConsoleExt@base@UModSys@@@tl@UModSys@@2USUniquePointer@core@3@A@@YAXXZ 00000001800072a0 f    CIL library: CIL module
 0001:000062e0       ??__E?s_id@?$TObjectUniqueID@UIConsoleHelper@base@UModSys@@@tl@UModSys@@2USUniquePointer@core@3@A@@YAXXZ 00000001800072e0 f    CIL library: CIL module
 0001:00006320       ??__E?s_id@?$TObjectUniqueID@UIConsoleHelperHistory@base@UModSys@@@tl@UModSys@@2USUniquePointer@core@3@A@@YAXXZ 0000000180007320 f    CIL library: CIL module
 0001:00006360       ??__E?s_id@?$TObjectUniqueID@UIConsoleHelperInput@base@UModSys@@@tl@UModSys@@2USUniquePointer@core@3@A@@YAXXZ 0000000180007360 f    CIL library: CIL module
 0001:000063a0       ??__E?s_id@?$TObjectUniqueID@UIConsoleHelperOutput@base@UModSys@@@tl@UModSys@@2USUniquePointer@core@3@A@@YAXXZ 00000001800073a0 f    CIL library: CIL module
 0001:000063e0       ??__E?s_id@?$TObjectUniqueID@UIConsoleHelperOutputFCS@base@UModSys@@@tl@UModSys@@2USUniquePointer@core@3@A@@YAXXZ 00000001800073e0 f    CIL library: CIL module
 0001:00006420       ??__E?s_id@?$TObjectUniqueID@UIKeyboardController@libui@UModSys@@@tl@UModSys@@2USUniquePointer@core@3@A@@YAXXZ 0000000180007420 f    CIL library: CIL module
 0001:00006460       ??__E?s_id@?$TObjectUniqueID@UIMouseController@libui@UModSys@@@tl@UModSys@@2USUniquePointer@core@3@A@@YAXXZ 0000000180007460 f    CIL library: CIL module
 0001:000064a0       ??__E?s_id@?$TObjectUniqueID@UIJoystickController@libui@UModSys@@@tl@UModSys@@2USUniquePointer@core@3@A@@YAXXZ 00000001800074a0 f    CIL library: CIL module
 0001:000064e0       ??__E?s_id@?$TObjectUniqueID@UITerminal@libui@UModSys@@@tl@UModSys@@2USUniquePointer@core@3@A@@YAXXZ 00000001800074e0 f    CIL library: CIL module
 0001:00006520       ??__E?s_id@?$TObjectUniqueID@UIConsoleHelperInput_UIKey@libui@UModSys@@@tl@UModSys@@2USUniquePointer@core@3@A@@YAXXZ 0000000180007520 f    CIL library: CIL module
 0001:00006560       ??__E?s_id@?$TObjectUniqueID@UIImage@lib2d@UModSys@@@tl@UModSys@@2USUniquePointer@core@3@A@@YAXXZ 0000000180007560 f    CIL library: CIL module
 0001:000065a0       ??__E?s_id@?$TObjectUniqueID@UIMultiImage@lib2d@UModSys@@@tl@UModSys@@2USUniquePointer@core@3@A@@YAXXZ 00000001800075a0 f    CIL library: CIL module
 0001:000065e0       ??__E?s_id@?$TObjectUniqueID@UIRenderDriver@lib2d@UModSys@@@tl@UModSys@@2USUniquePointer@core@3@A@@YAXXZ 00000001800075e0 f    CIL library: CIL module
 0001:00006620       ??__E?s_id@?$TObjectUniqueID@UILines@test1@test@modules@UModSys@@@tl@UModSys@@2USUniquePointer@core@3@A@@YAXXZ 0000000180007620 f    CIL library: CIL module
 0001:00006660       ??__E?s_id@?$TObjectUniqueID@URLines@test1@test@modules@UModSys@@@tl@UModSys@@2USUniquePointer@core@3@A@@YAXXZ 0000000180007660 f    CIL library: CIL module
 0001:000066a0       ??__E?s_id@?$TObjectUniqueID@URLines_Filter@test1@test@modules@UModSys@@@tl@UModSys@@2USUniquePointer@core@3@A@@YAXXZ 00000001800076a0 f    CIL library: CIL module
 0001:000066e0       ??__E?s_id@?$TObjectUniqueID@URTest1_Shell@test1@test@modules@UModSys@@@tl@UModSys@@2USUniquePointer@core@3@A@@YAXXZ 00000001800076e0 f    CIL library: CIL module
 0001:00006720       ??__E?s_id@?$TObjectUniqueID@URGenerator@test1@test@modules@UModSys@@@tl@UModSys@@2USUniquePointer@core@3@A@@YAXXZ 0000000180007720 f    CIL library: CIL module
 0001:00006760       ??__E?s_modreg@RModuleReg@SDL_core@ui@modules@UModSys@@2U12345@A@@YAXXZ 0000000180007760 f    CIL library: CIL module
 0001:000067b0       ??__E?s_modreg_chain@RModuleReg@SDL_core@ui@modules@UModSys@@2USModuleRegChain@base@5@A@@YAXXZ 00000001800077b0 f    CIL library: CIL module
 0001:000067e0       ??__E?s_uid@RGenerator@SDL_core@ui@modules@UModSys@@2USUniquePointer@core@5@A@@YAXXZ 00000001800077e0 f    CIL library: CIL module
 0001:00006820       ??__E?s_id@?$TObjectUniqueID@URMultiImage2D_SDL_ttf@SDL_core@ui@modules@UModSys@@@tl@UModSys@@2USUniquePointer@core@3@A@@YAXXZ 0000000180007820 f    CIL library: CIL module
 0001:00006860       ??__E?s_id@?$TObjectUniqueID@URRenderDriver2D_SDL_core@SDL_core@ui@modules@UModSys@@@tl@UModSys@@2USUniquePointer@core@3@A@@YAXXZ 0000000180007860 f    CIL library: CIL module
 0001:000068a0       ??__E?s_id@?$TObjectUniqueID@URTerminal_SDL_core@SDL_core@ui@modules@UModSys@@@tl@UModSys@@2USUniquePointer@core@3@A@@YAXXZ 00000001800078a0 f    CIL library: CIL module
 0001:000068e0       ??__E?s_id@?$TObjectUniqueID@URGenerator@SDL_core@ui@modules@UModSys@@@tl@UModSys@@2USUniquePointer@core@3@A@@YAXXZ 00000001800078e0 f    CIL library: CIL module
 0001:00006920       ??__E?s_modreg@RModuleReg@images_std@media@modules@UModSys@@2U12345@A@@YAXXZ 0000000180007920 f    CIL library: CIL module
 0001:00006970       ??__E?s_modreg_chain@RModuleReg@images_std@media@modules@UModSys@@2USModuleRegChain@base@5@A@@YAXXZ 0000000180007970 f    CIL library: CIL module
 0001:000069a0       ??__E?s_uid@RGenerator@images_std@media@modules@UModSys@@2USUniquePointer@core@5@A@@YAXXZ 00000001800079a0 f    CIL library: CIL module
 0001:000069e0       ??__E?s_id@?$TObjectUniqueID@URMediaFilter@images_std@media@modules@UModSys@@@tl@UModSys@@2USUniquePointer@core@3@A@@YAXXZ 00000001800079e0 f    CIL library: CIL module
 0001:00006a20       ??__E?s_id@?$TObjectUniqueID@URGenerator@images_std@media@modules@UModSys@@@tl@UModSys@@2USUniquePointer@core@3@A@@YAXXZ 0000000180007a20 f    CIL library: CIL module
 0001:00006a60       ??__EM@UModSys@@YAXXZ      0000000180007a60 f    CIL library: CIL module
 0001:00006a80       ??__E?root@SModuleRegChain@base@UModSys@@2U123@A@@YAXXZ 0000000180007a80 f    CIL library: CIL module
 0001:00006ab0       ??__E?s_library@RModuleLibraryReg_Chain@base@UModSys@@2U123@A@@YAXXZ 0000000180007ab0 f    CIL library: CIL module
 0001:00006ad0       ??__E?root@SUniquePointer@core@UModSys@@2U123@A@@YAXXZ 0000000180007ad0 f    CIL library: CIL module
 0001:00006b00       ??__F?s_modreg@RModuleReg@test1@test@modules@UModSys@@2U12345@A@@YAXXZ 0000000180007b00 f    CIL library: CIL module
 0001:00006b20       ??__F?s_modreg_chain@RModuleReg@test1@test@modules@UModSys@@2USModuleRegChain@base@5@A@@YAXXZ 0000000180007b20 f    CIL library: CIL module
 0001:00006b30       ??__F?s_uid@RGenerator@test1@test@modules@UModSys@@2USUniquePointer@core@5@A@@YAXXZ 0000000180007b30 f    CIL library: CIL module
 0001:00006b40       ??__Fh@?1??s_holder@RGenerator@test1@test@modules@UModSys@@SAAEAU?$TTypeStaticHolder@URGenerator@test1@test@modules@UModSys@@@tl@5@XZ@YAXXZ 0000000180007b40 f    CIL library: CIL module
 0001:00006b70       ??__F?s_id@?$TObjectUniqueID@URGenerator@test1@test@modules@UModSys@@@tl@UModSys@@2USUniquePointer@core@3@A@@YAXXZ 0000000180007b70 f    CIL library: CIL module
 0001:00006b80       ??__F?s_id@?$TObjectUniqueID@URTest1_Shell@test1@test@modules@UModSys@@@tl@UModSys@@2USUniquePointer@core@3@A@@YAXXZ 0000000180007b80 f    CIL library: CIL module
 0001:00006b90       ??__F?s_id@?$TObjectUniqueID@URLines_Filter@test1@test@modules@UModSys@@@tl@UModSys@@2USUniquePointer@core@3@A@@YAXXZ 0000000180007b90 f    CIL library: CIL module
 0001:00006ba0       ??__F?s_id@?$TObjectUniqueID@URLines@test1@test@modules@UModSys@@@tl@UModSys@@2USUniquePointer@core@3@A@@YAXXZ 0000000180007ba0 f    CIL library: CIL module
 0001:00006bb0       ??__F?s_id@?$TObjectUniqueID@UILines@test1@test@modules@UModSys@@@tl@UModSys@@2USUniquePointer@core@3@A@@YAXXZ 0000000180007bb0 f    CIL library: CIL module
 0001:00006bc0       ??__F?s_id@?$TObjectUniqueID@UIRenderDriver@lib2d@UModSys@@@tl@UModSys@@2USUniquePointer@core@3@A@@YAXXZ 0000000180007bc0 f    CIL library: CIL module
 0001:00006bd0       ??__F?s_id@?$TObjectUniqueID@UIMultiImage@lib2d@UModSys@@@tl@UModSys@@2USUniquePointer@core@3@A@@YAXXZ 0000000180007bd0 f    CIL library: CIL module
 0001:00006be0       ??__F?s_id@?$TObjectUniqueID@UIImage@lib2d@UModSys@@@tl@UModSys@@2USUniquePointer@core@3@A@@YAXXZ 0000000180007be0 f    CIL library: CIL module
 0001:00006bf0       ??__F?s_id@?$TObjectUniqueID@UIConsoleHelperInput_UIKey@libui@UModSys@@@tl@UModSys@@2USUniquePointer@core@3@A@@YAXXZ 0000000180007bf0 f    CIL library: CIL module
 0001:00006c00       ??__F?s_id@?$TObjectUniqueID@UITerminal@libui@UModSys@@@tl@UModSys@@2USUniquePointer@core@3@A@@YAXXZ 0000000180007c00 f    CIL library: CIL module
 0001:00006c10       ??__F?s_id@?$TObjectUniqueID@UIJoystickController@libui@UModSys@@@tl@UModSys@@2USUniquePointer@core@3@A@@YAXXZ 0000000180007c10 f    CIL library: CIL module
 0001:00006c20       ??__F?s_id@?$TObjectUniqueID@UIMouseController@libui@UModSys@@@tl@UModSys@@2USUniquePointer@core@3@A@@YAXXZ 0000000180007c20 f    CIL library: CIL module
 0001:00006c30       ??__F?s_id@?$TObjectUniqueID@UIKeyboardController@libui@UModSys@@@tl@UModSys@@2USUniquePointer@core@3@A@@YAXXZ 0000000180007c30 f    CIL library: CIL module
 0001:00006c40       ??__F?s_id@?$TObjectUniqueID@UIConsoleHelperOutputFCS@base@UModSys@@@tl@UModSys@@2USUniquePointer@core@3@A@@YAXXZ 0000000180007c40 f    CIL library: CIL module
 0001:00006c50       ??__F?s_id@?$TObjectUniqueID@UIConsoleHelperOutput@base@UModSys@@@tl@UModSys@@2USUniquePointer@core@3@A@@YAXXZ 0000000180007c50 f    CIL library: CIL module
 0001:00006c60       ??__F?s_id@?$TObjectUniqueID@UIConsoleHelperInput@base@UModSys@@@tl@UModSys@@2USUniquePointer@core@3@A@@YAXXZ 0000000180007c60 f    CIL library: CIL module
 0001:00006c70       ??__F?s_id@?$TObjectUniqueID@UIConsoleHelperHistory@base@UModSys@@@tl@UModSys@@2USUniquePointer@core@3@A@@YAXXZ 0000000180007c70 f    CIL library: CIL module
 0001:00006c80       ??__F?s_id@?$TObjectUniqueID@UIConsoleHelper@base@UModSys@@@tl@UModSys@@2USUniquePointer@core@3@A@@YAXXZ 0000000180007c80 f    CIL library: CIL module
 0001:00006c90       ??__F?s_id@?$TObjectUniqueID@UIConsoleExt@base@UModSys@@@tl@UModSys@@2USUniquePointer@core@3@A@@YAXXZ 0000000180007c90 f    CIL library: CIL module
 0001:00006ca0       ??__F?s_id@?$TObjectUniqueID@UILibraryLayered@libmedia@UModSys@@@tl@UModSys@@2USUniquePointer@core@3@A@@YAXXZ 0000000180007ca0 f    CIL library: CIL module
 0001:00006cb0       ??__F?s_id@?$TObjectUniqueID@UILibraryObjCache@libmedia@UModSys@@@tl@UModSys@@2USUniquePointer@core@3@A@@YAXXZ 0000000180007cb0 f    CIL library: CIL module
 0001:00006cc0       ??__F?s_id@?$TObjectUniqueID@UILibraryObjFilter@libmedia@UModSys@@@tl@UModSys@@2USUniquePointer@core@3@A@@YAXXZ 0000000180007cc0 f    CIL library: CIL module
 0001:00006cd0       ??__F?s_id@?$TObjectUniqueID@UILibraryBinCache@libmedia@UModSys@@@tl@UModSys@@2USUniquePointer@core@3@A@@YAXXZ 0000000180007cd0 f    CIL library: CIL module
 0001:00006ce0       ??__F?s_id@?$TObjectUniqueID@UILibraryBinTree@libmedia@UModSys@@@tl@UModSys@@2USUniquePointer@core@3@A@@YAXXZ 0000000180007ce0 f    CIL library: CIL module
 0001:00006cf0       ??__F?s_id@?$TObjectUniqueID@UILibrary@libmedia@UModSys@@@tl@UModSys@@2USUniquePointer@core@3@A@@YAXXZ 0000000180007cf0 f    CIL library: CIL module
 0001:00006d00       ??__F?s_id@?$TObjectUniqueID@UIBinObjFilter@libmedia@UModSys@@@tl@UModSys@@2USUniquePointer@core@3@A@@YAXXZ 0000000180007d00 f    CIL library: CIL module
 0001:00006d10       ??__F?s_id@?$TObjectUniqueID@UIBinArchive@libmedia@UModSys@@@tl@UModSys@@2USUniquePointer@core@3@A@@YAXXZ 0000000180007d10 f    CIL library: CIL module
 0001:00006d20       ??__F?s_id@?$TObjectUniqueID@UIStreamWriter@libmedia@UModSys@@@tl@UModSys@@2USUniquePointer@core@3@A@@YAXXZ 0000000180007d20 f    CIL library: CIL module
 0001:00006d30       ??__F?s_id@?$TObjectUniqueID@UIStreamReader@libmedia@UModSys@@@tl@UModSys@@2USUniquePointer@core@3@A@@YAXXZ 0000000180007d30 f    CIL library: CIL module
 0001:00006d40       ??__F?s_id@?$TObjectUniqueID@UISystem@base@UModSys@@@tl@UModSys@@2USUniquePointer@core@3@A@@YAXXZ 0000000180007d40 f    CIL library: CIL module
 0001:00006d50       ??__F?s_id@?$TObjectUniqueID@UIConsole@base@UModSys@@@tl@UModSys@@2USUniquePointer@core@3@A@@YAXXZ 0000000180007d50 f    CIL library: CIL module
 0001:00006d60       ??__F?s_id@?$TObjectUniqueID@UIShell@base@UModSys@@@tl@UModSys@@2USUniquePointer@core@3@A@@YAXXZ 0000000180007d60 f    CIL library: CIL module
 0001:00006d70       ??__F?s_id@?$TObjectUniqueID@UIGenerator@base@UModSys@@@tl@UModSys@@2USUniquePointer@core@3@A@@YAXXZ 0000000180007d70 f    CIL library: CIL module
 0001:00006d80       ??__F?s_id@?$TObjectUniqueID@UIModObject@base@UModSys@@@tl@UModSys@@2USUniquePointer@core@3@A@@YAXXZ 0000000180007d80 f    CIL library: CIL module
 0001:00006d90       ??__F?s_id@?$TObjectUniqueID@UIModuleLibrary@base@UModSys@@@tl@UModSys@@2USUniquePointer@core@3@A@@YAXXZ 0000000180007d90 f    CIL library: CIL module
 0001:00006da0       ??__F?s_id@?$TObjectUniqueID@UIModule@base@UModSys@@@tl@UModSys@@2USUniquePointer@core@3@A@@YAXXZ 0000000180007da0 f    CIL library: CIL module
 0001:00006db0       ??__F?s_id@?$TObjectUniqueID@UIParameters@core@UModSys@@@tl@UModSys@@2USUniquePointer@core@3@A@@YAXXZ 0000000180007db0 f    CIL library: CIL module
 0001:00006dc0       ??__F?s_id@?$TObjectUniqueID@UIRefObject@core@UModSys@@@tl@UModSys@@2USUniquePointer@core@3@A@@YAXXZ 0000000180007dc0 f    CIL library: CIL module
 0001:00006dd0       ??__F?s_id@?$TObjectUniqueID@UIRoot@core@UModSys@@@tl@UModSys@@2USUniquePointer@core@3@A@@YAXXZ 0000000180007dd0 f    CIL library: CIL module
 0001:00006de0       ??__F?s_modreg@RModuleReg@SDL_core@ui@modules@UModSys@@2U12345@A@@YAXXZ 0000000180007de0 f    CIL library: CIL module
 0001:00006e00       ??__F?s_modreg_chain@RModuleReg@SDL_core@ui@modules@UModSys@@2USModuleRegChain@base@5@A@@YAXXZ 0000000180007e00 f    CIL library: CIL module
 0001:00006e10       ??__F?s_uid@RGenerator@SDL_core@ui@modules@UModSys@@2USUniquePointer@core@5@A@@YAXXZ 0000000180007e10 f    CIL library: CIL module
 0001:00006e20       ??__Fh@?1??s_holder@RGenerator@SDL_core@ui@modules@UModSys@@SAAEAU?$TTypeStaticHolder@URGenerator@SDL_core@ui@modules@UModSys@@@tl@5@XZ@YAXXZ 0000000180007e20 f    CIL library: CIL module
 0001:00006e50       ??__F?s_id@?$TObjectUniqueID@URGenerator@SDL_core@ui@modules@UModSys@@@tl@UModSys@@2USUniquePointer@core@3@A@@YAXXZ 0000000180007e50 f    CIL library: CIL module
 0001:00006e60       ??__F?s_id@?$TObjectUniqueID@URTerminal_SDL_core@SDL_core@ui@modules@UModSys@@@tl@UModSys@@2USUniquePointer@core@3@A@@YAXXZ 0000000180007e60 f    CIL library: CIL module
 0001:00006e70       ??__F?s_id@?$TObjectUniqueID@URRenderDriver2D_SDL_core@SDL_core@ui@modules@UModSys@@@tl@UModSys@@2USUniquePointer@core@3@A@@YAXXZ 0000000180007e70 f    CIL library: CIL module
 0001:00006e80       ??__F?s_id@?$TObjectUniqueID@URMultiImage2D_SDL_ttf@SDL_core@ui@modules@UModSys@@@tl@UModSys@@2USUniquePointer@core@3@A@@YAXXZ 0000000180007e80 f    CIL library: CIL module
 0001:00006e90       ??__F?s_modreg@RModuleReg@images_std@media@modules@UModSys@@2U12345@A@@YAXXZ 0000000180007e90 f    CIL library: CIL module
 0001:00006eb0       ??__F?s_modreg_chain@RModuleReg@images_std@media@modules@UModSys@@2USModuleRegChain@base@5@A@@YAXXZ 0000000180007eb0 f    CIL library: CIL module
 0001:00006ec0       ??__F?s_uid@RGenerator@images_std@media@modules@UModSys@@2USUniquePointer@core@5@A@@YAXXZ 0000000180007ec0 f    CIL library: CIL module
 0001:00006ed0       ??__Fh@?1??s_holder@RGenerator@images_std@media@modules@UModSys@@SAAEAU?$TTypeStaticHolder@URGenerator@images_std@media@modules@UModSys@@@tl@5@XZ@YAXXZ 0000000180007ed0 f    CIL library: CIL module
 0001:00006f00       ??__F?s_id@?$TObjectUniqueID@URGenerator@images_std@media@modules@UModSys@@@tl@UModSys@@2USUniquePointer@core@3@A@@YAXXZ 0000000180007f00 f    CIL library: CIL module
 0001:00006f10       ??__F?s_id@?$TObjectUniqueID@URMediaFilter@images_std@media@modules@UModSys@@@tl@UModSys@@2USUniquePointer@core@3@A@@YAXXZ 0000000180007f10 f    CIL library: CIL module
 0001:00006f20       ??__FM@UModSys@@YAXXZ      0000000180007f20 f    CIL library: CIL module
 0001:00006f30       ??__F?root@SModuleRegChain@base@UModSys@@2U123@A@@YAXXZ 0000000180007f30 f    CIL library: CIL module
 0001:00006f40       ??__F?s_library@RModuleLibraryReg_Chain@base@UModSys@@2U123@A@@YAXXZ 0000000180007f40 f    CIL library: CIL module
 0001:00006f50       ??__F?root@SUniquePointer@core@UModSys@@2U123@A@@YAXXZ 0000000180007f50 f    CIL library: CIL module

 Exports

  ordinal    name

        1    UModSys_Plugin_Entry2
