 plugin_test1

 Timestamp is 527a092b (Wed Nov 06 12:17:31 2013)

 Preferred load address is 0000000180000000

 Start         Length     Name                   Class
 0001:00000000 00004c66H .text                   CODE
 0001:00004c70 0000005eH .text$00                CODE
 0001:00004cd0 000003ecH .text$x                 CODE
 0001:000050c0 00000dd2H .text$yc                CODE
 0001:00005ea0 0000044cH .text$yd                CODE
 0002:00000000 00000260H .idata$5                DATA
 0002:00000260 00000008H .CRT$XCA                DATA
 0002:00000268 00000690H .CRT$XCU                DATA
 0002:000008f8 00000008H .CRT$XCZ                DATA
 0002:00000900 00000008H .CRT$XIA                DATA
 0002:00000908 00000008H .CRT$XIAA               DATA
 0002:00000910 00000008H .CRT$XIZ                DATA
 0002:00000920 00001728H .rdata                  DATA
 0002:00002048 00000c84H .rdata$r                DATA
 0002:00002cd0 00000008H .rtc$IAA                DATA
 0002:00002cd8 00000008H .rtc$IZZ                DATA
 0002:00002ce0 00000008H .rtc$TAA                DATA
 0002:00002ce8 00000008H .rtc$TZZ                DATA
 0002:00002cf0 000009b0H .xdata                  DATA
 0002:000036a0 00000064H .idata$2                DATA
 0002:00003704 00000014H .idata$3                DATA
 0002:00003718 00000260H .idata$4                DATA
 0002:00003978 00000584H .idata$6                DATA
 0002:00003f00 00000059H .edata                  DATA
 0003:00000000 00000690H .data                   DATA
 0003:00000690 00000ba0H .bss                    DATA
 0004:00000000 00000a44H .pdata                  DATA

  Address         Publics by Value              Rva+Base               Lib:Object

 0000:00000000       ___safe_se_handler_count   0000000000000000     <absolute>
 0000:00000000       ___safe_se_handler_table   0000000000000000     <absolute>
 0000:00000000       __ImageBase                0000000180000000     <linker-defined>
 0001:00000000       ??1SMemShared@core@UModSys@@QEAA@XZ 0000000180001000 f i plugin_test1.obj
 0001:00000020       ??3IRoot@core@UModSys@@SAXPEAXAEBUSIMemAlloc@12@@Z 0000000180001020 f i plugin_test1.obj
 0001:00000030       ??1?$TParametersA@$0EAA@@core@UModSys@@QEAA@XZ 0000000180001030 f i plugin_test1.obj
 0001:00000030       ??1SParameters@core@UModSys@@QEAA@XZ 0000000180001030 f i plugin_test1.obj
 0001:00000050       ??_GIRoot@core@UModSys@@UEAAPEAXI@Z 0000000180001050 f i plugin_test1.obj
 0001:00000050       ??_EIRoot@core@UModSys@@UEAAPEAXI@Z 0000000180001050 f i  CIL library: CIL module
 0001:00000080       ?root_get_interface_info@RTest1_Shell@test1@test@modules@UModSys@@UEBAAEBUSUniquePointerInfo@core@5@XZ 0000000180001080 f i plugin_test1.obj
 0001:00000090       ?root_get_interface_type@RTest1_Shell@test1@test@modules@UModSys@@UEBAPEBUSUniquePointerInfo@core@5@XZ 0000000180001090 f i plugin_test1.obj
 0001:000000a0       ?root_get_other_interface@RTest1_Shell@test1@test@modules@UModSys@@UEBAPEBUIRoot@core@5@PEBUSUniquePointerInfo@75@@Z 00000001800010a0 f i plugin_test1.obj
 0001:000000a0       ?root_get_other_interface@RTest1_Shell@test1@test@modules@UModSys@@UEAAPEAUIRoot@core@5@PEBUSUniquePointerInfo@75@@Z 00000001800010a0 f i plugin_test1.obj
 0001:000000d0       ?root_is_interface_supported@RTest1_Shell@test1@test@modules@UModSys@@UEBA_NPEBUSUniquePointerInfo@core@5@@Z 00000001800010d0 f i plugin_test1.obj
 0001:00000100       ?ref_weak@RTest1_Shell@test1@test@modules@UModSys@@UEBA_NAEAUWeakPointer@IRefObject@core@5@@Z 0000000180001100 f i plugin_test1.obj
 0001:00000100       ?ref_weak@RGenerator@test1@test@modules@UModSys@@UEBA_NAEAUWeakPointer@IRefObject@core@5@@Z 0000000180001100 f i plugin_test1.obj
 0001:00000100       ?ref_weak@RGenerator@SDL_core@ui@modules@UModSys@@UEBA_NAEAUWeakPointer@IRefObject@core@5@@Z 0000000180001100 f i umodsys_lib_libui:umodsys.mod.ui.SDL_core.obj
 0001:00000100       ?ref_weak@RRenderDriver2D_SDL_core@SDL_core@ui@modules@UModSys@@UEBA_NAEAUWeakPointer@IRefObject@core@5@@Z 0000000180001100 f i umodsys_lib_libui:umodsys.mod.ui.SDL_core.obj
 0001:00000100       ?ref_weak@RTerminal_SDL_core@SDL_core@ui@modules@UModSys@@UEBA_NAEAUWeakPointer@IRefObject@core@5@@Z 0000000180001100 f i umodsys_lib_libui:umodsys.mod.ui.SDL_core.obj
 0001:00000100       ?ref_weak@RGenerator@images_std@media@modules@UModSys@@UEBA_NAEAUWeakPointer@IRefObject@core@5@@Z 0000000180001100 f i umodsys_lib_libmedia:umodsys.mod.media.images_std.obj
 0001:00000120       ??0RTest1_Shell@test1@test@modules@UModSys@@QEAA@PEAUIModObject@base@4@@Z 0000000180001120 f i plugin_test1.obj
 0001:00000230       ??1RTest1_Shell@test1@test@modules@UModSys@@UEAA@XZ 0000000180001230 f i plugin_test1.obj
 0001:000002b0       ?connect@RTest1_Shell@test1@test@modules@UModSys@@UEAA_NXZ 00000001800012b0 f i plugin_test1.obj
 0001:000002e0       ?disconnect@RTest1_Shell@test1@test@modules@UModSys@@UEAA_NXZ 00000001800012e0 f i plugin_test1.obj
 0001:00000310       ?process_tick@RTest1_Shell@test1@test@modules@UModSys@@UEAA_NAEBUSTimeMsec@core@5@@Z 0000000180001310 f i plugin_test1.obj
 0001:00000350       ?process_command@RTest1_Shell@test1@test@modules@UModSys@@UEAA_NHQEBU?$TString@U?$TSCoreConst@D@su@tl@UModSys@@U?$TComparerBinaryHash@D@234@@tl@5@@Z 0000000180001350 f i plugin_test1.obj
 0001:00000380       ??_ERTest1_Shell@test1@test@modules@UModSys@@UEAAPEAXI@Z 0000000180001380 f i  CIL library: CIL module
 0001:00000380       ??_GRTest1_Shell@test1@test@modules@UModSys@@UEAAPEAXI@Z 0000000180001380 f i plugin_test1.obj
 0001:000003b0       ?get_generated_names@RGenerator@test1@test@modules@UModSys@@UEBAHAEAUSUniquePtrList@core@5@@Z 00000001800013b0 f i plugin_test1.obj
 0001:000003d0       ?get_generated_types@RGenerator@test1@test@modules@UModSys@@UEBAHAEAUSUniquePtrList@core@5@PEBUSUniquePointerInfo@75@@Z 00000001800013d0 f i plugin_test1.obj
 0001:00000430       ?generate@RGenerator@test1@test@modules@UModSys@@UEAA_NAEAU?$TRefObject@UIRefObject@core@UModSys@@U?$TRefObjectFunc@UIRefObject@core@UModSys@@@tl@3@@tl@5@PEBUSUniquePointerInfo@core@5@AEBUSParameters@95@@Z 0000000180001430 f i plugin_test1.obj
 0001:000004d0       ?root_get_interface_info@RGenerator@test1@test@modules@UModSys@@UEBAAEBUSUniquePointerInfo@core@5@XZ 00000001800014d0 f i plugin_test1.obj
 0001:000004e0       ?root_get_interface_type@RGenerator@test1@test@modules@UModSys@@UEBAPEBUSUniquePointerInfo@core@5@XZ 00000001800014e0 f i plugin_test1.obj
 0001:000004f0       ?root_get_other_interface@RGenerator@test1@test@modules@UModSys@@UEAAPEAUIRoot@core@5@PEBUSUniquePointerInfo@75@@Z 00000001800014f0 f i plugin_test1.obj
 0001:000004f0       ?root_get_other_interface@RGenerator@test1@test@modules@UModSys@@UEBAPEBUIRoot@core@5@PEBUSUniquePointerInfo@75@@Z 00000001800014f0 f i plugin_test1.obj
 0001:00000530       ?root_is_interface_supported@RGenerator@test1@test@modules@UModSys@@UEBA_NPEBUSUniquePointerInfo@core@5@@Z 0000000180001530 f i plugin_test1.obj
 0001:00000570       ?ref_remove@RGenerator@test1@test@modules@UModSys@@UEBAXXZ 0000000180001570 f i plugin_test1.obj
 0001:00000570       ?ref_remove@RTest1_Shell@test1@test@modules@UModSys@@UEBAXXZ 0000000180001570 f i plugin_test1.obj
 0001:00000570       ?ref_remove@RGenerator@SDL_core@ui@modules@UModSys@@UEBAXXZ 0000000180001570 f i umodsys_lib_libui:umodsys.mod.ui.SDL_core.obj
 0001:00000570       ?ref_remove@RGenerator@images_std@media@modules@UModSys@@UEBAXXZ 0000000180001570 f i umodsys_lib_libmedia:umodsys.mod.media.images_std.obj
 0001:00000570       ?ref_remove@RTerminal_SDL_core@SDL_core@ui@modules@UModSys@@UEBAXXZ 0000000180001570 f i umodsys_lib_libui:umodsys.mod.ui.SDL_core.obj
 0001:00000570       ?ref_remove@RRenderDriver2D_SDL_core@SDL_core@ui@modules@UModSys@@UEBAXXZ 0000000180001570 f i umodsys_lib_libui:umodsys.mod.ui.SDL_core.obj
 0001:00000590       ?render_box@RRenderDriver2D_SDL_core@SDL_core@ui@modules@UModSys@@UEAAXPEAUIImage@lib2d@5@AEBU?$TVector2@H@math3d@5@1AEBU?$TVector2@M@95@2@Z 0000000180001590 f i umodsys_lib_libui:umodsys.mod.ui.SDL_core.obj
 0001:00000590       ?render_tri@RRenderDriver2D_SDL_core@SDL_core@ui@modules@UModSys@@UEAAXAEBU?$TVector2@H@math3d@5@00@Z 0000000180001590 f i umodsys_lib_libui:umodsys.mod.ui.SDL_core.obj
 0001:00000590       ?suicide@RGenerator@test1@test@modules@UModSys@@UEAAXXZ 0000000180001590 f i plugin_test1.obj
 0001:00000590       ??3@YAXPEAX0@Z             0000000180001590 f i plugin_test1.obj
 0001:00000590       ?suicide@RGenerator@SDL_core@ui@modules@UModSys@@UEAAXXZ 0000000180001590 f i umodsys_lib_libui:umodsys.mod.ui.SDL_core.obj
 0001:00000590       ?suicide@RGenerator@images_std@media@modules@UModSys@@UEAAXXZ 0000000180001590 f i umodsys_lib_libmedia:umodsys.mod.media.images_std.obj
 0001:00000590       ?render_quad@RRenderDriver2D_SDL_core@SDL_core@ui@modules@UModSys@@UEAAXAEBU?$TVector2@H@math3d@5@000@Z 0000000180001590 f i umodsys_lib_libui:umodsys.mod.ui.SDL_core.obj
 0001:000005a0       ?get_uid@RGenerator@test1@test@modules@UModSys@@UEBAPEBUSUniquePointerInfo@core@5@XZ 00000001800015a0 f i plugin_test1.obj
 0001:000005b0       ?do_open@RModuleReg@test1@test@modules@UModSys@@UEAA_NXZ 00000001800015b0 f i plugin_test1.obj
 0001:000005e0       ?do_close@RModuleReg@test1@test@modules@UModSys@@UEAA_NXZ 00000001800015e0 f i plugin_test1.obj
 0001:00000610       ??_ERModuleReg@test1@test@modules@UModSys@@UEAAPEAXI@Z 0000000180001610 f i  CIL library: CIL module
 0001:00000610       ??_GRModuleReg@test1@test@modules@UModSys@@UEAAPEAXI@Z 0000000180001610 f i plugin_test1.obj
 0001:00000640       ??$t_generate@UITerminal@libui@UModSys@@@SModuleContext@base@UModSys@@QEAA_NAEAU?$TRefObject@UITerminal@libui@UModSys@@U?$TRefObjectFunc@UITerminal@libui@UModSys@@@tl@3@@tl@2@PEBUSUniquePointerInfo@core@2@AEBUSParameters@62@@Z 0000000180001640 f i plugin_test1.obj
 0001:00000700       ??$shash@D@su@tl@UModSys@@YAHPEBD_K@Z 0000000180001700 f i plugin_test1.obj
 0001:00000730       ??1?$TRefObject@UITerminal@libui@UModSys@@U?$TRefObjectFunc@UITerminal@libui@UModSys@@@tl@3@@tl@UModSys@@QEAA@XZ 0000000180001730 f i plugin_test1.obj
 0001:00000730       ??1?$TRefObject@URTerminal_SDL_core@SDL_core@ui@modules@UModSys@@U?$TRefObjectFunc@URTerminal_SDL_core@SDL_core@ui@modules@UModSys@@@tl@5@@tl@UModSys@@QEAA@XZ 0000000180001730 f i umodsys_lib_libui:umodsys.mod.ui.SDL_core.obj
 0001:00000730       ??1?$TRefObject@UIRefObject@core@UModSys@@U?$TRefObjectFunc@UIRefObject@core@UModSys@@@tl@3@@tl@UModSys@@QEAA@XZ 0000000180001730 f i plugin_test1.obj
 0001:00000730       ??1?$TRefObject@URRenderDriver2D_SDL_core@SDL_core@ui@modules@UModSys@@U?$TRefObjectFunc@URRenderDriver2D_SDL_core@SDL_core@ui@modules@UModSys@@@tl@5@@tl@UModSys@@QEAA@XZ 0000000180001730 f i umodsys_lib_libui:umodsys.mod.ui.SDL_core.obj
 0001:00000730       ??1?$TRefObject@URMediaFilter@images_std@media@modules@UModSys@@U?$TRefObjectFunc@URMediaFilter@images_std@media@modules@UModSys@@@tl@5@@tl@UModSys@@QEAA@XZ 0000000180001730 f i umodsys_lib_libmedia:umodsys.mod.media.images_std.obj
 0001:00000730       ??1?$TRefObject@UIRenderDriver@lib2d@UModSys@@U?$TRefObjectFunc@UIRenderDriver@lib2d@UModSys@@@tl@3@@tl@UModSys@@QEAA@XZ 0000000180001730 f i plugin_test1.obj
 0001:00000760       ??1?$TRefObject@UIModObject@base@UModSys@@U?$TModObjectFunc@UIModObject@base@UModSys@@@tl@3@@tl@UModSys@@QEAA@XZ 0000000180001760 f i plugin_test1.obj
 0001:00000790       ?root_get_interface_info@RRenderDriver2D_SDL_core@SDL_core@ui@modules@UModSys@@UEBAAEBUSUniquePointerInfo@core@5@XZ 0000000180001790 f i umodsys_lib_libui:umodsys.mod.ui.SDL_core.obj
 0001:000007a0       ?root_get_interface_type@RRenderDriver2D_SDL_core@SDL_core@ui@modules@UModSys@@UEBAPEBUSUniquePointerInfo@core@5@XZ 00000001800017a0 f i umodsys_lib_libui:umodsys.mod.ui.SDL_core.obj
 0001:000007b0       ?root_get_other_interface@RRenderDriver2D_SDL_core@SDL_core@ui@modules@UModSys@@UEBAPEBUIRoot@core@5@PEBUSUniquePointerInfo@75@@Z 00000001800017b0 f i umodsys_lib_libui:umodsys.mod.ui.SDL_core.obj
 0001:000007b0       ?root_get_other_interface@RRenderDriver2D_SDL_core@SDL_core@ui@modules@UModSys@@UEAAPEAUIRoot@core@5@PEBUSUniquePointerInfo@75@@Z 00000001800017b0 f i umodsys_lib_libui:umodsys.mod.ui.SDL_core.obj
 0001:000007e0       ?root_is_interface_supported@RRenderDriver2D_SDL_core@SDL_core@ui@modules@UModSys@@UEBA_NPEBUSUniquePointerInfo@core@5@@Z 00000001800017e0 f i umodsys_lib_libui:umodsys.mod.ui.SDL_core.obj
 0001:00000810       ?ref_links@RGenerator@test1@test@modules@UModSys@@UEBAHXZ 0000000180001810 f i plugin_test1.obj
 0001:00000810       ?ref_links@RGenerator@SDL_core@ui@modules@UModSys@@UEBAHXZ 0000000180001810 f i umodsys_lib_libui:umodsys.mod.ui.SDL_core.obj
 0001:00000810       ?ref_links@RTest1_Shell@test1@test@modules@UModSys@@UEBAHXZ 0000000180001810 f i plugin_test1.obj
 0001:00000810       ?ref_links@RRenderDriver2D_SDL_core@SDL_core@ui@modules@UModSys@@UEBAHXZ 0000000180001810 f i umodsys_lib_libui:umodsys.mod.ui.SDL_core.obj
 0001:00000810       ?ref_links@RGenerator@images_std@media@modules@UModSys@@UEBAHXZ 0000000180001810 f i umodsys_lib_libmedia:umodsys.mod.media.images_std.obj
 0001:00000810       ?ref_links@RTerminal_SDL_core@SDL_core@ui@modules@UModSys@@UEBAHXZ 0000000180001810 f i umodsys_lib_libui:umodsys.mod.ui.SDL_core.obj
 0001:00000820       ?suicide@RRenderDriver2D_SDL_core@SDL_core@ui@modules@UModSys@@UEAAXXZ 0000000180001820 f i umodsys_lib_libui:umodsys.mod.ui.SDL_core.obj
 0001:00000870       ??0RRenderDriver2D_SDL_core@SDL_core@ui@modules@UModSys@@QEAA@PEAURTerminal_SDL_core@1234@AEBUSParameters@core@4@@Z 0000000180001870 f i umodsys_lib_libui:umodsys.mod.ui.SDL_core.obj
 0001:00000920       ?open@RRenderDriver2D_SDL_core@SDL_core@ui@modules@UModSys@@QEAA_NAEBUSParameters@core@5@@Z 0000000180001920 f i umodsys_lib_libui:umodsys.mod.ui.SDL_core.obj
 0001:00000ac0       ?set_color@RRenderDriver2D_SDL_core@SDL_core@ui@modules@UModSys@@QEAAXXZ 0000000180001ac0 f i umodsys_lib_libui:umodsys.mod.ui.SDL_core.obj
 0001:00000b40       ?begin@RRenderDriver2D_SDL_core@SDL_core@ui@modules@UModSys@@UEAAXXZ 0000000180001b40 f i umodsys_lib_libui:umodsys.mod.ui.SDL_core.obj
 0001:00000bb0       ?end@RRenderDriver2D_SDL_core@SDL_core@ui@modules@UModSys@@UEAAXXZ 0000000180001bb0 f i umodsys_lib_libui:umodsys.mod.ui.SDL_core.obj
 0001:00000bd0       ?get_max_values@RRenderDriver2D_SDL_core@SDL_core@ui@modules@UModSys@@UEBAPEBUSParameters@core@5@XZ 0000000180001bd0 f i umodsys_lib_libui:umodsys.mod.ui.SDL_core.obj
 0001:00000bd0       ?get_handler@RTerminal_SDL_core@SDL_core@ui@modules@UModSys@@UEBAPEAUIRefObject@core@5@PEBUSUniquePointerInfo@75@PEBD@Z 0000000180001bd0 f i umodsys_lib_libui:umodsys.mod.ui.SDL_core.obj
 0001:00000bd0       ?get_frame_values@RRenderDriver2D_SDL_core@SDL_core@ui@modules@UModSys@@UEBAPEBUSParameters@core@5@XZ 0000000180001bd0 f i umodsys_lib_libui:umodsys.mod.ui.SDL_core.obj
 0001:00000bd0       ?get_controller@RRenderDriver2D_SDL_core@SDL_core@ui@modules@UModSys@@UEBAPEAUIRefObject@core@5@PEBUSUniquePointerInfo@75@@Z 0000000180001bd0 f i umodsys_lib_libui:umodsys.mod.ui.SDL_core.obj
 0001:00000bd0       ?get_friend_handler@RTerminal_SDL_core@SDL_core@ui@modules@UModSys@@UEBAPEAUIRefObject@core@5@PEBUSUniquePointerInfo@75@PEAU675@@Z 0000000180001bd0 f i umodsys_lib_libui:umodsys.mod.ui.SDL_core.obj
 0001:00000be0       ?set_parameters@RRenderDriver2D_SDL_core@SDL_core@ui@modules@UModSys@@UEAA_NPEBDAEBUSParameters@core@5@@Z 0000000180001be0 f i umodsys_lib_libui:umodsys.mod.ui.SDL_core.obj
 0001:00000be0       ?setup_font@RRenderDriver2D_SDL_core@SDL_core@ui@modules@UModSys@@UEAA_NPEAUIMultiImage@lib2d@5@PEBU?$TVector2@M@math3d@5@@Z 0000000180001be0 f i umodsys_lib_libui:umodsys.mod.ui.SDL_core.obj
 0001:00000be0       ?render_text_advanced@RRenderDriver2D_SDL_core@SDL_core@ui@modules@UModSys@@UEAA_NAEAUTextInfo@IRenderDriver@lib2d@5@PEBHH@Z 0000000180001be0 f i umodsys_lib_libui:umodsys.mod.ui.SDL_core.obj
 0001:00000bf0       ?setup_color@RRenderDriver2D_SDL_core@SDL_core@ui@modules@UModSys@@UEAAXAEBU?$TVector3@M@math3d@5@@Z 0000000180001bf0 f i umodsys_lib_libui:umodsys.mod.ui.SDL_core.obj
 0001:00000c20       ?setup_color@RRenderDriver2D_SDL_core@SDL_core@ui@modules@UModSys@@UEAAXAEBU?$TVector3@H@math3d@5@@Z 0000000180001c20 f i umodsys_lib_libui:umodsys.mod.ui.SDL_core.obj
 0001:00000c70       ?setup_coloralpha@RRenderDriver2D_SDL_core@SDL_core@ui@modules@UModSys@@UEAAXAEBU?$TVector4@M@math3d@5@H@Z 0000000180001c70 f i umodsys_lib_libui:umodsys.mod.ui.SDL_core.obj
 0001:00000ca0       ?setup_coloralpha@RRenderDriver2D_SDL_core@SDL_core@ui@modules@UModSys@@UEAAXAEBU?$TVector4@H@math3d@5@H@Z 0000000180001ca0 f i umodsys_lib_libui:umodsys.mod.ui.SDL_core.obj
 0001:00000d10       ?setup_blendcolor@RRenderDriver2D_SDL_core@SDL_core@ui@modules@UModSys@@UEAAXAEBUSBlendColor@lib2d@5@@Z 0000000180001d10 f i umodsys_lib_libui:umodsys.mod.ui.SDL_core.obj
 0001:00000d80       ?setup_blendcolor@RRenderDriver2D_SDL_core@SDL_core@ui@modules@UModSys@@UEAAXAEBUSBlendColorf@lib2d@5@@Z 0000000180001d80 f i umodsys_lib_libui:umodsys.mod.ui.SDL_core.obj
 0001:00000de0       ?setup_alpha@RRenderDriver2D_SDL_core@SDL_core@ui@modules@UModSys@@UEAAXHH@Z 0000000180001de0 f i umodsys_lib_libui:umodsys.mod.ui.SDL_core.obj
 0001:00000e10       ?setup_alpha@RRenderDriver2D_SDL_core@SDL_core@ui@modules@UModSys@@UEAAXMH@Z 0000000180001e10 f i umodsys_lib_libui:umodsys.mod.ui.SDL_core.obj
 0001:00000e30       ?render_box@RRenderDriver2D_SDL_core@SDL_core@ui@modules@UModSys@@UEAAXAEBU?$TVector2@H@math3d@5@0@Z 0000000180001e30 f i umodsys_lib_libui:umodsys.mod.ui.SDL_core.obj
 0001:00000e80       ?render_line@RRenderDriver2D_SDL_core@SDL_core@ui@modules@UModSys@@UEAAXAEBU?$TVector2@H@math3d@5@0@Z 0000000180001e80 f i umodsys_lib_libui:umodsys.mod.ui.SDL_core.obj
 0001:00000eb0       ?render_rect@RRenderDriver2D_SDL_core@SDL_core@ui@modules@UModSys@@UEAAXAEBU?$TVector2@H@math3d@5@0@Z 0000000180001eb0 f i umodsys_lib_libui:umodsys.mod.ui.SDL_core.obj
 0001:00000f00       ??_GRRenderDriver2D_SDL_core@SDL_core@ui@modules@UModSys@@UEAAPEAXI@Z 0000000180001f00 f i umodsys_lib_libui:umodsys.mod.ui.SDL_core.obj
 0001:00000f00       ??_ERRenderDriver2D_SDL_core@SDL_core@ui@modules@UModSys@@UEAAPEAXI@Z 0000000180001f00 f i  CIL library: CIL module
 0001:00000f70       ??1IRenderDriver@lib2d@UModSys@@UEAA@XZ 0000000180001f70 f i umodsys_lib_libui:umodsys.mod.ui.SDL_core.obj
 0001:00000f70       ??1ITerminal@libui@UModSys@@UEAA@XZ 0000000180001f70 f i umodsys_lib_libui:umodsys.mod.ui.SDL_core.obj
 0001:00000f70       ??1IBinObjFilter@libmedia@UModSys@@UEAA@XZ 0000000180001f70 f i plugin_test1.obj
 0001:00000f70       ??1IShell@base@UModSys@@UEAA@XZ 0000000180001f70 f i plugin_test1.obj
 0001:00000f80       ?root_get_interface_info@RTerminal_SDL_core@SDL_core@ui@modules@UModSys@@UEBAAEBUSUniquePointerInfo@core@5@XZ 0000000180001f80 f i umodsys_lib_libui:umodsys.mod.ui.SDL_core.obj
 0001:00000f90       ?root_get_interface_type@RTerminal_SDL_core@SDL_core@ui@modules@UModSys@@UEBAPEBUSUniquePointerInfo@core@5@XZ 0000000180001f90 f i umodsys_lib_libui:umodsys.mod.ui.SDL_core.obj
 0001:00000fa0       ?root_get_other_interface@RTerminal_SDL_core@SDL_core@ui@modules@UModSys@@UEBAPEBUIRoot@core@5@PEBUSUniquePointerInfo@75@@Z 0000000180001fa0 f i umodsys_lib_libui:umodsys.mod.ui.SDL_core.obj
 0001:00000fa0       ?root_get_other_interface@RTerminal_SDL_core@SDL_core@ui@modules@UModSys@@UEAAPEAUIRoot@core@5@PEBUSUniquePointerInfo@75@@Z 0000000180001fa0 f i umodsys_lib_libui:umodsys.mod.ui.SDL_core.obj
 0001:00000fd0       ?root_is_interface_supported@RTerminal_SDL_core@SDL_core@ui@modules@UModSys@@UEBA_NPEBUSUniquePointerInfo@core@5@@Z 0000000180001fd0 f i umodsys_lib_libui:umodsys.mod.ui.SDL_core.obj
 0001:00001000       ?suicide@RTerminal_SDL_core@SDL_core@ui@modules@UModSys@@UEAAXXZ 0000000180002000 f i umodsys_lib_libui:umodsys.mod.ui.SDL_core.obj
 0001:00001000       ?suicide@RTest1_Shell@test1@test@modules@UModSys@@UEAAXXZ 0000000180002000 f i plugin_test1.obj
 0001:00001050       ??0RTerminal_SDL_core@SDL_core@ui@modules@UModSys@@QEAA@PEAUIModObject@base@4@AEBUSParameters@core@4@@Z 0000000180002050 f i umodsys_lib_libui:umodsys.mod.ui.SDL_core.obj
 0001:000010e0       ?poll_events@RTerminal_SDL_core@SDL_core@ui@modules@UModSys@@UEAA_NH@Z 00000001800020e0 f i umodsys_lib_libui:umodsys.mod.ui.SDL_core.obj
 0001:00001190       ?get_terminal_state@RTerminal_SDL_core@SDL_core@ui@modules@UModSys@@UEAA_NW4eTerminalState@libui@5@@Z 0000000180002190 f i umodsys_lib_libui:umodsys.mod.ui.SDL_core.obj
 0001:000011a0       ?set_terminal_state@RTerminal_SDL_core@SDL_core@ui@modules@UModSys@@UEAA_NW4eTerminalState@libui@5@_N@Z 00000001800021a0 f i umodsys_lib_libui:umodsys.mod.ui.SDL_core.obj
 0001:00001210       ?get_clock@RTerminal_SDL_core@SDL_core@ui@modules@UModSys@@UEAANXZ 0000000180002210 f i umodsys_lib_libui:umodsys.mod.ui.SDL_core.obj
 0001:00001230       ?wait@RTerminal_SDL_core@SDL_core@ui@modules@UModSys@@UEAA_NM@Z 0000000180002230 f i umodsys_lib_libui:umodsys.mod.ui.SDL_core.obj
 0001:00001250       ?get_count@RTerminal_SDL_core@SDL_core@ui@modules@UModSys@@UEBA_KPEBUSUniquePointerInfo@core@5@@Z 0000000180002250 f i umodsys_lib_libui:umodsys.mod.ui.SDL_core.obj
 0001:00001270       ?get_handler@RTerminal_SDL_core@SDL_core@ui@modules@UModSys@@UEBAPEAUIRefObject@core@5@PEBUSUniquePointerInfo@75@_K@Z 0000000180002270 f i umodsys_lib_libui:umodsys.mod.ui.SDL_core.obj
 0001:00001290       ?create_handler@RTerminal_SDL_core@SDL_core@ui@modules@UModSys@@UEAA_NPEBUSUniquePointerInfo@core@5@AEAU?$TRefObject@UIRefObject@core@UModSys@@U?$TRefObjectFunc@UIRefObject@core@UModSys@@@tl@3@@tl@5@PEBDPEBUSParameters@75@@Z 0000000180002290 f i umodsys_lib_libui:umodsys.mod.ui.SDL_core.obj
 0001:00001370       ??_GRTerminal_SDL_core@SDL_core@ui@modules@UModSys@@UEAAPEAXI@Z 0000000180002370 f i umodsys_lib_libui:umodsys.mod.ui.SDL_core.obj
 0001:00001370       ??_ERTerminal_SDL_core@SDL_core@ui@modules@UModSys@@UEAAPEAXI@Z 0000000180002370 f i  CIL library: CIL module
 0001:000013e0       ?get_generated_names@RGenerator@SDL_core@ui@modules@UModSys@@UEBAHAEAUSUniquePtrList@core@5@@Z 00000001800023e0 f i umodsys_lib_libui:umodsys.mod.ui.SDL_core.obj
 0001:00001400       ?get_generated_types@RGenerator@SDL_core@ui@modules@UModSys@@UEBAHAEAUSUniquePtrList@core@5@PEBUSUniquePointerInfo@75@@Z 0000000180002400 f i umodsys_lib_libui:umodsys.mod.ui.SDL_core.obj
 0001:00001460       ?generate@RGenerator@SDL_core@ui@modules@UModSys@@UEAA_NAEAU?$TRefObject@UIRefObject@core@UModSys@@U?$TRefObjectFunc@UIRefObject@core@UModSys@@@tl@3@@tl@5@PEBUSUniquePointerInfo@core@5@AEBUSParameters@95@@Z 0000000180002460 f i umodsys_lib_libui:umodsys.mod.ui.SDL_core.obj
 0001:000014e0       ?root_get_interface_info@RGenerator@SDL_core@ui@modules@UModSys@@UEBAAEBUSUniquePointerInfo@core@5@XZ 00000001800024e0 f i umodsys_lib_libui:umodsys.mod.ui.SDL_core.obj
 0001:000014f0       ?root_get_interface_type@RGenerator@SDL_core@ui@modules@UModSys@@UEBAPEBUSUniquePointerInfo@core@5@XZ 00000001800024f0 f i umodsys_lib_libui:umodsys.mod.ui.SDL_core.obj
 0001:00001500       ?root_get_other_interface@RGenerator@SDL_core@ui@modules@UModSys@@UEAAPEAUIRoot@core@5@PEBUSUniquePointerInfo@75@@Z 0000000180002500 f i umodsys_lib_libui:umodsys.mod.ui.SDL_core.obj
 0001:00001500       ?root_get_other_interface@RGenerator@SDL_core@ui@modules@UModSys@@UEBAPEBUIRoot@core@5@PEBUSUniquePointerInfo@75@@Z 0000000180002500 f i umodsys_lib_libui:umodsys.mod.ui.SDL_core.obj
 0001:00001540       ?root_is_interface_supported@RGenerator@SDL_core@ui@modules@UModSys@@UEBA_NPEBUSUniquePointerInfo@core@5@@Z 0000000180002540 f i umodsys_lib_libui:umodsys.mod.ui.SDL_core.obj
 0001:00001580       ?get_uid@RGenerator@SDL_core@ui@modules@UModSys@@UEBAPEBUSUniquePointerInfo@core@5@XZ 0000000180002580 f i umodsys_lib_libui:umodsys.mod.ui.SDL_core.obj
 0001:00001590       ?do_open@RModuleReg@SDL_core@ui@modules@UModSys@@UEAA_NXZ 0000000180002590 f i umodsys_lib_libui:umodsys.mod.ui.SDL_core.obj
 0001:000015a0       ?do_close@RModuleReg@SDL_core@ui@modules@UModSys@@UEAA_NXZ 00000001800025a0 f i umodsys_lib_libui:umodsys.mod.ui.SDL_core.obj
 0001:000015b0       ??_GRModuleReg@SDL_core@ui@modules@UModSys@@UEAAPEAXI@Z 00000001800025b0 f i umodsys_lib_libui:umodsys.mod.ui.SDL_core.obj
 0001:000015b0       ??_ERModuleReg@SDL_core@ui@modules@UModSys@@UEAAPEAXI@Z 00000001800025b0 f i  CIL library: CIL module
 0001:000015e0       ??_GRGenerator@SDL_core@ui@modules@UModSys@@UEAAPEAXI@Z 00000001800025e0 f i umodsys_lib_libui:umodsys.mod.ui.SDL_core.obj
 0001:000015e0       ??_GRGenerator@images_std@media@modules@UModSys@@UEAAPEAXI@Z 00000001800025e0 f i umodsys_lib_libmedia:umodsys.mod.media.images_std.obj
 0001:000015e0       ??_GIRefObject@core@UModSys@@UEAAPEAXI@Z 00000001800025e0 f i plugin_test1.obj
 0001:000015e0       ??_ERGenerator@images_std@media@modules@UModSys@@UEAAPEAXI@Z 00000001800025e0 f i  CIL library: CIL module
 0001:000015e0       ??_ERGenerator@test1@test@modules@UModSys@@UEAAPEAXI@Z 00000001800025e0 f i  CIL library: CIL module
 0001:000015e0       ??_ERGenerator@SDL_core@ui@modules@UModSys@@UEAAPEAXI@Z 00000001800025e0 f i  CIL library: CIL module
 0001:000015e0       ??_EIRefObject@core@UModSys@@UEAAPEAXI@Z 00000001800025e0 f i  CIL library: CIL module
 0001:000015e0       ??_GRGenerator@test1@test@modules@UModSys@@UEAAPEAXI@Z 00000001800025e0 f i plugin_test1.obj
 0001:00001610       ??$t_close@U?$TRefObject@URRenderDriver2D_SDL_core@SDL_core@ui@modules@UModSys@@U?$TRefObjectWeakFunc@URRenderDriver2D_SDL_core@SDL_core@ui@modules@UModSys@@@tl@5@@tl@UModSys@@@SDL_core@ui@modules@UModSys@@YA_NAEAU?$TScatterArray@U?$TRefObject@URRenderDriver2D_SDL_core@SDL_core@ui@modules@UModSys@@U?$TRefObjectWeakFunc@URRenderDriver2D_SDL_core@SDL_core@ui@modules@UModSys@@@tl@5@@tl@UModSys@@HU?$TScalarCompare@H@core@3@U?$TNodeDeleter0@U?$TScatterArrayNode@U?$TRefObject@URRenderDriver2D_SDL_core@SDL_core@ui@modules@UModSys@@U?$TRefObjectWeakFunc@URRenderDriver2D_SDL_core@SDL_core@ui@modules@UModSys@@@tl@5@@tl@UModSys@@H@tl@UModSys@@@23@@tl@3@@Z 0000000180002610 f i umodsys_lib_libui:umodsys.mod.ui.SDL_core.obj
 0001:00001700       ??$t_count@U?$TRefObject@URRenderDriver2D_SDL_core@SDL_core@ui@modules@UModSys@@U?$TRefObjectWeakFunc@URRenderDriver2D_SDL_core@SDL_core@ui@modules@UModSys@@@tl@5@@tl@UModSys@@@SDL_core@ui@modules@UModSys@@YA_KAEBU?$TScatterArray@U?$TRefObject@URRenderDriver2D_SDL_core@SDL_core@ui@modules@UModSys@@U?$TRefObjectWeakFunc@URRenderDriver2D_SDL_core@SDL_core@ui@modules@UModSys@@@tl@5@@tl@UModSys@@HU?$TScalarCompare@H@core@3@U?$TNodeDeleter0@U?$TScatterArrayNode@U?$TRefObject@URRenderDriver2D_SDL_core@SDL_core@ui@modules@UModSys@@U?$TRefObjectWeakFunc@URRenderDriver2D_SDL_core@SDL_core@ui@modules@UModSys@@@tl@5@@tl@UModSys@@H@tl@UModSys@@@23@@tl@3@@Z 0000000180002700 f i umodsys_lib_libui:umodsys.mod.ui.SDL_core.obj
 0001:00001780       ??$t_get@U?$TRefObject@URRenderDriver2D_SDL_core@SDL_core@ui@modules@UModSys@@U?$TRefObjectWeakFunc@URRenderDriver2D_SDL_core@SDL_core@ui@modules@UModSys@@@tl@5@@tl@UModSys@@@SDL_core@ui@modules@UModSys@@YAPEAUIRefObject@core@3@AEBU?$TScatterArray@U?$TRefObject@URRenderDriver2D_SDL_core@SDL_core@ui@modules@UModSys@@U?$TRefObjectWeakFunc@URRenderDriver2D_SDL_core@SDL_core@ui@modules@UModSys@@@tl@5@@tl@UModSys@@HU?$TScalarCompare@H@core@3@U?$TNodeDeleter0@U?$TScatterArrayNode@U?$TRefObject@URRenderDriver2D_SDL_core@SDL_core@ui@modules@UModSys@@U?$TRefObjectWeakFunc@URRenderDriver2D_SDL_core@SDL_core@ui@modules@UModSys@@@tl@5@@tl@UModSys@@H@tl@UModSys@@@23@@tl@3@_K@Z 0000000180002780 f i umodsys_lib_libui:umodsys.mod.ui.SDL_core.obj
 0001:00001820       ??$ValidateConstruction@UIRefObject@core@UModSys@@URRenderDriver2D_SDL_core@SDL_core@ui@modules@3@@core@UModSys@@YA_NAEAU?$TRefObject@UIRefObject@core@UModSys@@U?$TRefObjectFunc@UIRefObject@core@UModSys@@@tl@3@@tl@1@U?$TRefObject@URRenderDriver2D_SDL_core@SDL_core@ui@modules@UModSys@@U?$TRefObjectFunc@URRenderDriver2D_SDL_core@SDL_core@ui@modules@UModSys@@@tl@5@@31@@Z 0000000180002820 f i umodsys_lib_libui:umodsys.mod.ui.SDL_core.obj
 0001:000018d0       ??$t_add@U?$TRefObject@URRenderDriver2D_SDL_core@SDL_core@ui@modules@UModSys@@U?$TRefObjectWeakFunc@URRenderDriver2D_SDL_core@SDL_core@ui@modules@UModSys@@@tl@5@@tl@UModSys@@URRenderDriver2D_SDL_core@SDL_core@ui@modules@3@@SDL_core@ui@modules@UModSys@@YA_NAEAU?$TScatterArray@U?$TRefObject@URRenderDriver2D_SDL_core@SDL_core@ui@modules@UModSys@@U?$TRefObjectWeakFunc@URRenderDriver2D_SDL_core@SDL_core@ui@modules@UModSys@@@tl@5@@tl@UModSys@@HU?$TScalarCompare@H@core@3@U?$TNodeDeleter0@U?$TScatterArrayNode@U?$TRefObject@URRenderDriver2D_SDL_core@SDL_core@ui@modules@UModSys@@U?$TRefObjectWeakFunc@URRenderDriver2D_SDL_core@SDL_core@ui@modules@UModSys@@@tl@5@@tl@UModSys@@H@tl@UModSys@@@23@@tl@3@PEAURRenderDriver2D_SDL_core@0123@@Z 00000001800028d0 f i umodsys_lib_libui:umodsys.mod.ui.SDL_core.obj
 0001:00001950       ?attach@?$TRefObject@URRenderDriver2D_SDL_core@SDL_core@ui@modules@UModSys@@U?$TRefObjectWeakFunc@URRenderDriver2D_SDL_core@SDL_core@ui@modules@UModSys@@@tl@5@@tl@UModSys@@QEAAXPEAURRenderDriver2D_SDL_core@SDL_core@ui@modules@3@@Z 0000000180002950 f i umodsys_lib_libui:umodsys.mod.ui.SDL_core.obj
 0001:000019e0       ??$ValidateConstruction@UIRefObject@core@UModSys@@URTerminal_SDL_core@SDL_core@ui@modules@3@@core@UModSys@@YA_NAEAU?$TRefObject@UIRefObject@core@UModSys@@U?$TRefObjectFunc@UIRefObject@core@UModSys@@@tl@3@@tl@1@PEAURTerminal_SDL_core@SDL_core@ui@modules@1@@Z 00000001800029e0 f i umodsys_lib_libui:umodsys.mod.ui.SDL_core.obj
 0001:000019e0       ??$ValidateConstruction@UIRefObject@core@UModSys@@URMediaFilter@images_std@media@modules@3@@core@UModSys@@YA_NAEAU?$TRefObject@UIRefObject@core@UModSys@@U?$TRefObjectFunc@UIRefObject@core@UModSys@@@tl@3@@tl@1@PEAURMediaFilter@images_std@media@modules@1@@Z 00000001800029e0 f i umodsys_lib_libmedia:umodsys.mod.media.images_std.obj
 0001:00001a50       ??$process_nodes_r@U?$TNodeDeleter0@U?$TScatterArrayNode@U?$TRefObject@URRenderDriver2D_SDL_core@SDL_core@ui@modules@UModSys@@U?$TRefObjectWeakFunc@URRenderDriver2D_SDL_core@SDL_core@ui@modules@UModSys@@@tl@5@@tl@UModSys@@H@tl@UModSys@@@tl@UModSys@@@?$TTreeHoldRB@U?$TScatterArrayNode@U?$TRefObject@URRenderDriver2D_SDL_core@SDL_core@ui@modules@UModSys@@U?$TRefObjectWeakFunc@URRenderDriver2D_SDL_core@SDL_core@ui@modules@UModSys@@@tl@5@@tl@UModSys@@H@tl@UModSys@@@tl@UModSys@@KAHPEAU?$TScatterArrayNode@U?$TRefObject@URRenderDriver2D_SDL_core@SDL_core@ui@modules@UModSys@@U?$TRefObjectWeakFunc@URRenderDriver2D_SDL_core@SDL_core@ui@modules@UModSys@@@tl@5@@tl@UModSys@@H@12@AEBU?$TNodeDeleter0@U?$TScatterArrayNode@U?$TRefObject@URRenderDriver2D_SDL_core@SDL_core@ui@modules@UModSys@@U?$TRefObjectWeakFunc@URRenderDriver2D_SDL_core@SDL_core@ui@modules@UModSys@@@tl@5@@tl@UModSys@@H@tl@UModSys@@@12@@Z 0000000180002a50 f i umodsys_lib_libui:umodsys.mod.ui.SDL_core.obj
 0001:00001af0       ??$genx_node@UCmp@?$TScatterArray@U?$TRefObject@URRenderDriver2D_SDL_core@SDL_core@ui@modules@UModSys@@U?$TRefObjectWeakFunc@URRenderDriver2D_SDL_core@SDL_core@ui@modules@UModSys@@@tl@5@@tl@UModSys@@HU?$TScalarCompare@H@core@3@U?$TNodeDeleter0@U?$TScatterArrayNode@U?$TRefObject@URRenderDriver2D_SDL_core@SDL_core@ui@modules@UModSys@@U?$TRefObjectWeakFunc@URRenderDriver2D_SDL_core@SDL_core@ui@modules@UModSys@@@tl@5@@tl@UModSys@@H@tl@UModSys@@@23@@tl@UModSys@@UGen0@234@@?$TTreeHoldRBD@U?$TScatterArrayNode@U?$TRefObject@URRenderDriver2D_SDL_core@SDL_core@ui@modules@UModSys@@U?$TRefObjectWeakFunc@URRenderDriver2D_SDL_core@SDL_core@ui@modules@UModSys@@@tl@5@@tl@UModSys@@H@tl@UModSys@@U?$TNodeDeleter0@U?$TScatterArrayNode@U?$TRefObject@URRenderDriver2D_SDL_core@SDL_core@ui@modules@UModSys@@U?$TRefObjectWeakFunc@URRenderDriver2D_SDL_core@SDL_core@ui@modules@UModSys@@@tl@5@@tl@UModSys@@H@tl@UModSys@@@23@@tl@UModSys@@QEAAPEAU?$TScatterArrayNode@U?$TRefObject@URRenderDriver2D_SDL_core@SDL_core@ui@modules@UModSys@@U?$TRefObjectWeakFunc@URRenderDriver2D_SDL_core@SDL_core@ui@modules@UModSys@@@tl@5@@tl@UModSys@@H@12@UCmp@?$TScatterArray@U?$TRefObject@URRenderDriver2D_SDL_core@SDL_core@ui@modules@UModSys@@U?$TRefObjectWeakFunc@URRenderDriver2D_SDL_core@SDL_core@ui@modules@UModSys@@@tl@5@@tl@UModSys@@HU?$TScalarCompare@H@core@3@U?$TNodeDeleter0@U?$TScatterArrayNode@U?$TRefObject@URRenderDriver2D_SDL_core@SDL_core@ui@modules@UModSys@@U?$TRefObjectWeakFunc@URRenderDriver2D_SDL_core@SDL_core@ui@modules@UModSys@@@tl@5@@tl@UModSys@@H@tl@UModSys@@@23@@12@AEBUGen0@512@PEAPEAU312@2_N@Z 0000000180002af0 f i umodsys_lib_libui:umodsys.mod.ui.SDL_core.obj
 0001:00001c30       ??1?$TRefObject@URRenderDriver2D_SDL_core@SDL_core@ui@modules@UModSys@@U?$TRefObjectWeakFunc@URRenderDriver2D_SDL_core@SDL_core@ui@modules@UModSys@@@tl@5@@tl@UModSys@@QEAA@XZ 0000000180002c30 f i umodsys_lib_libui:umodsys.mod.ui.SDL_core.obj
 0001:00001c70       ?insert_color@?$TTreeHoldRB@U?$TScatterArrayNode@U?$TRefObject@URRenderDriver2D_SDL_core@SDL_core@ui@modules@UModSys@@U?$TRefObjectWeakFunc@URRenderDriver2D_SDL_core@SDL_core@ui@modules@UModSys@@@tl@5@@tl@UModSys@@H@tl@UModSys@@@tl@UModSys@@IEAAXPEAU?$TScatterArrayNode@U?$TRefObject@URRenderDriver2D_SDL_core@SDL_core@ui@modules@UModSys@@U?$TRefObjectWeakFunc@URRenderDriver2D_SDL_core@SDL_core@ui@modules@UModSys@@@tl@5@@tl@UModSys@@H@23@@Z 0000000180002c70 f i umodsys_lib_libui:umodsys.mod.ui.SDL_core.obj
 0001:00001e20       ?root_get_interface_info@RMediaFilter@images_std@media@modules@UModSys@@UEBAAEBUSUniquePointerInfo@core@5@XZ 0000000180002e20 f i umodsys_lib_libmedia:umodsys.mod.media.images_std.obj
 0001:00001e30       ?root_get_interface_type@RMediaFilter@images_std@media@modules@UModSys@@UEBAPEBUSUniquePointerInfo@core@5@XZ 0000000180002e30 f i umodsys_lib_libmedia:umodsys.mod.media.images_std.obj
 0001:00001e40       ?root_get_other_interface@RMediaFilter@images_std@media@modules@UModSys@@UEAAPEAUIRoot@core@5@PEBUSUniquePointerInfo@75@@Z 0000000180002e40 f i umodsys_lib_libmedia:umodsys.mod.media.images_std.obj
 0001:00001e40       ?root_get_other_interface@RMediaFilter@images_std@media@modules@UModSys@@UEBAPEBUIRoot@core@5@PEBUSUniquePointerInfo@75@@Z 0000000180002e40 f i umodsys_lib_libmedia:umodsys.mod.media.images_std.obj
 0001:00001e70       ?root_is_interface_supported@RMediaFilter@images_std@media@modules@UModSys@@UEBA_NPEBUSUniquePointerInfo@core@5@@Z 0000000180002e70 f i umodsys_lib_libmedia:umodsys.mod.media.images_std.obj
 0001:00001ea0       ?ref_add@RMediaFilter@images_std@media@modules@UModSys@@UEBAXXZ 0000000180002ea0 f i umodsys_lib_libmedia:umodsys.mod.media.images_std.obj
 0001:00001eb0       ?ref_remove@RMediaFilter@images_std@media@modules@UModSys@@UEBAXXZ 0000000180002eb0 f i umodsys_lib_libmedia:umodsys.mod.media.images_std.obj
 0001:00001ed0       ?ref_links@RMediaFilter@images_std@media@modules@UModSys@@UEBAHXZ 0000000180002ed0 f i umodsys_lib_libmedia:umodsys.mod.media.images_std.obj
 0001:00001ee0       ?ref_weak@RMediaFilter@images_std@media@modules@UModSys@@UEBA_NAEAUWeakPointer@IRefObject@core@5@@Z 0000000180002ee0 f i umodsys_lib_libmedia:umodsys.mod.media.images_std.obj
 0001:00001f00       ?suicide@RMediaFilter@images_std@media@modules@UModSys@@UEAAXXZ 0000000180002f00 f i umodsys_lib_libmedia:umodsys.mod.media.images_std.obj
 0001:00001f50       ?get_flag@RMediaFilter@images_std@media@modules@UModSys@@UEBA?AW4eStates@?$TFlags4State@USMediaFlagUid@libmedia@UModSys@@I@tl@5@H@Z 0000000180002f50 f i umodsys_lib_libmedia:umodsys.mod.media.images_std.obj
 0001:00001f60       ?get_flags_auto@RMediaFilter@images_std@media@modules@UModSys@@UEBA?AU?$TFlags4State@USMediaFlagUid@libmedia@UModSys@@I@tl@5@XZ 0000000180002f60 f i umodsys_lib_libmedia:umodsys.mod.media.images_std.obj
 0001:00001f70       ?set_flag@RMediaFilter@images_std@media@modules@UModSys@@UEAA?AW4eStates@?$TFlags4State@USMediaFlagUid@libmedia@UModSys@@I@tl@5@HW46785@@Z 0000000180002f70 f i umodsys_lib_libmedia:umodsys.mod.media.images_std.obj
 0001:00001fa0       ??0RMediaFilter@images_std@media@modules@UModSys@@QEAA@PEAUIModObject@base@4@AEBUSParameters@core@4@@Z 0000000180002fa0 f i umodsys_lib_libmedia:umodsys.mod.media.images_std.obj
 0001:00002090       ??_ERMediaFilter@images_std@media@modules@UModSys@@UEAAPEAXI@Z 0000000180003090 f i  CIL library: CIL module
 0001:00002090       ??_GRMediaFilter@images_std@media@modules@UModSys@@UEAAPEAXI@Z 0000000180003090 f i umodsys_lib_libmedia:umodsys.mod.media.images_std.obj
 0001:00002110       ?get_generated_names@RGenerator@images_std@media@modules@UModSys@@UEBAHAEAUSUniquePtrList@core@5@@Z 0000000180003110 f i umodsys_lib_libmedia:umodsys.mod.media.images_std.obj
 0001:00002130       ?get_generated_types@RGenerator@images_std@media@modules@UModSys@@UEBAHAEAUSUniquePtrList@core@5@PEBUSUniquePointerInfo@75@@Z 0000000180003130 f i umodsys_lib_libmedia:umodsys.mod.media.images_std.obj
 0001:00002190       ?generate@RGenerator@images_std@media@modules@UModSys@@UEAA_NAEAU?$TRefObject@UIRefObject@core@UModSys@@U?$TRefObjectFunc@UIRefObject@core@UModSys@@@tl@3@@tl@5@PEBUSUniquePointerInfo@core@5@AEBUSParameters@95@@Z 0000000180003190 f i umodsys_lib_libmedia:umodsys.mod.media.images_std.obj
 0001:00002210       ?root_get_interface_info@RGenerator@images_std@media@modules@UModSys@@UEBAAEBUSUniquePointerInfo@core@5@XZ 0000000180003210 f i umodsys_lib_libmedia:umodsys.mod.media.images_std.obj
 0001:00002220       ?root_get_interface_type@RGenerator@images_std@media@modules@UModSys@@UEBAPEBUSUniquePointerInfo@core@5@XZ 0000000180003220 f i umodsys_lib_libmedia:umodsys.mod.media.images_std.obj
 0001:00002230       ?root_get_interface_types@RGenerator@test1@test@modules@UModSys@@UEBA_KAEAUSUniquePtrList@core@5@@Z 0000000180003230 f i plugin_test1.obj
 0001:00002230       ?root_get_interface_types@RTerminal_SDL_core@SDL_core@ui@modules@UModSys@@UEBA_KAEAUSUniquePtrList@core@5@@Z 0000000180003230 f i umodsys_lib_libui:umodsys.mod.ui.SDL_core.obj
 0001:00002230       ?root_get_interface_types@RTest1_Shell@test1@test@modules@UModSys@@UEBA_KAEAUSUniquePtrList@core@5@@Z 0000000180003230 f i plugin_test1.obj
 0001:00002230       ?root_get_interface_types@RRenderDriver2D_SDL_core@SDL_core@ui@modules@UModSys@@UEBA_KAEAUSUniquePtrList@core@5@@Z 0000000180003230 f i umodsys_lib_libui:umodsys.mod.ui.SDL_core.obj
 0001:00002230       ?root_get_interface_types@RMediaFilter@images_std@media@modules@UModSys@@UEBA_KAEAUSUniquePtrList@core@5@@Z 0000000180003230 f i umodsys_lib_libmedia:umodsys.mod.media.images_std.obj
 0001:00002230       ?root_get_interface_types@RGenerator@SDL_core@ui@modules@UModSys@@UEBA_KAEAUSUniquePtrList@core@5@@Z 0000000180003230 f i umodsys_lib_libui:umodsys.mod.ui.SDL_core.obj
 0001:00002230       ?root_get_interface_types@RGenerator@images_std@media@modules@UModSys@@UEBA_KAEAUSUniquePtrList@core@5@@Z 0000000180003230 f i umodsys_lib_libmedia:umodsys.mod.media.images_std.obj
 0001:00002240       ?root_get_other_interface@RGenerator@images_std@media@modules@UModSys@@UEBAPEBUIRoot@core@5@PEBUSUniquePointerInfo@75@@Z 0000000180003240 f i umodsys_lib_libmedia:umodsys.mod.media.images_std.obj
 0001:00002240       ?root_get_other_interface@RGenerator@images_std@media@modules@UModSys@@UEAAPEAUIRoot@core@5@PEBUSUniquePointerInfo@75@@Z 0000000180003240 f i umodsys_lib_libmedia:umodsys.mod.media.images_std.obj
 0001:00002280       ?root_is_interface_supported@RGenerator@images_std@media@modules@UModSys@@UEBA_NPEBUSUniquePointerInfo@core@5@@Z 0000000180003280 f i umodsys_lib_libmedia:umodsys.mod.media.images_std.obj
 0001:000022c0       ?ref_add@RGenerator@images_std@media@modules@UModSys@@UEBAXXZ 00000001800032c0 f i umodsys_lib_libmedia:umodsys.mod.media.images_std.obj
 0001:000022c0       ?ref_add@RGenerator@test1@test@modules@UModSys@@UEBAXXZ 00000001800032c0 f i plugin_test1.obj
 0001:000022c0       ?ref_add@RRenderDriver2D_SDL_core@SDL_core@ui@modules@UModSys@@UEBAXXZ 00000001800032c0 f i umodsys_lib_libui:umodsys.mod.ui.SDL_core.obj
 0001:000022c0       ?ref_add@RTerminal_SDL_core@SDL_core@ui@modules@UModSys@@UEBAXXZ 00000001800032c0 f i umodsys_lib_libui:umodsys.mod.ui.SDL_core.obj
 0001:000022c0       ?ref_add@RGenerator@SDL_core@ui@modules@UModSys@@UEBAXXZ 00000001800032c0 f i umodsys_lib_libui:umodsys.mod.ui.SDL_core.obj
 0001:000022c0       ?ref_add@RTest1_Shell@test1@test@modules@UModSys@@UEBAXXZ 00000001800032c0 f i plugin_test1.obj
 0001:000022d0       ?get_uid@RGenerator@images_std@media@modules@UModSys@@UEBAPEBUSUniquePointerInfo@core@5@XZ 00000001800032d0 f i umodsys_lib_libmedia:umodsys.mod.media.images_std.obj
 0001:000022e0       ?do_open@RModuleReg@images_std@media@modules@UModSys@@UEAA_NXZ 00000001800032e0 f i umodsys_lib_libmedia:umodsys.mod.media.images_std.obj
 0001:000022f0       ?do_close@RModuleReg@images_std@media@modules@UModSys@@UEAA_NXZ 00000001800032f0 f i umodsys_lib_libmedia:umodsys.mod.media.images_std.obj
 0001:00002300       ??_ERModuleReg@images_std@media@modules@UModSys@@UEAAPEAXI@Z 0000000180003300 f i  CIL library: CIL module
 0001:00002300       ??_GRModuleReg@images_std@media@modules@UModSys@@UEAAPEAXI@Z 0000000180003300 f i umodsys_lib_libmedia:umodsys.mod.media.images_std.obj
 0001:00002330       ??_GRModuleLibraryReg_Chain@base@UModSys@@UEAAPEAXI@Z 0000000180003330 f i umodsys_lib_base:umodsys.base.moduleregchain.obj
 0001:00002330       ??_ERModuleLibraryReg_Chain@base@UModSys@@UEAAPEAXI@Z 0000000180003330 f i  CIL library: CIL module
 0001:00002360       ??_GIModuleReg@base@UModSys@@UEAAPEAXI@Z 0000000180003360 f i umodsys_lib_base:umodsys.base.modulereg.obj
 0001:00002360       ??_EIModuleReg@base@UModSys@@UEAAPEAXI@Z 0000000180003360 f i  CIL library: CIL module
 0001:00002390       ??_GIModuleLibraryReg@base@UModSys@@UEAAPEAXI@Z 0000000180003390 f i umodsys_lib_base:umodsys.base.modulereg.obj
 0001:00002390       ??_EIModuleLibraryReg@base@UModSys@@UEAAPEAXI@Z 0000000180003390 f i  CIL library: CIL module
 0001:000023b4       _onexit                    00000001800033b4 f   MSVCRT:atonexit.obj
 0001:00002464       atexit                     0000000180003464 f   MSVCRT:atonexit.obj
 0001:0000247c       _purecall                  000000018000347c f   MSVCRT:MSVCR90.dll
 0001:00002482       ??3@YAXPEAX@Z              0000000180003482 f   MSVCRT:MSVCR90.dll
 0001:00002488       ??_Etype_info@@UEAAPEAXI@Z 0000000180003488 f i MSVCRT:ti_inst.obj
 0001:00002554       _CRT_INIT                  0000000180003554 f   MSVCRT:crtdll.obj
 0001:000028e8       _DllMainCRTStartup         00000001800038e8 f   MSVCRT:crtdll.obj
 0001:00002926       ??2@YAPEAX_K@Z             0000000180003926 f   MSVCRT:MSVCR90.dll
 0001:0000292c       __C_specific_handler       000000018000392c f   MSVCRT:MSVCR90.dll
 0001:00002932       _unlock                    0000000180003932 f   MSVCRT:MSVCR90.dll
 0001:00002938       __dllonexit                0000000180003938 f   MSVCRT:MSVCR90.dll
 0001:0000293e       _lock                      000000018000393e f   MSVCRT:MSVCR90.dll
 0001:00002944       ?__ArrayUnwind@@YAXPEAX_KHP6AX0@Z@Z 0000000180003944 f   MSVCRT:ehvecdtr.obj
 0001:00002990       ??_M@YAXPEAX_KHP6AX0@Z@Z   0000000180003990 f   MSVCRT:ehvecdtr.obj
 0001:000029f0       __clean_type_info_names    00000001800039f0 f   MSVCRT:tncleanup.obj
 0001:000029fc       _RTC_Initialize            00000001800039fc f   MSVCRT:_initsect_.obj
 0001:00002a34       _RTC_Terminate             0000000180003a34 f   MSVCRT:_initsect_.obj
 0001:00002a70       _ValidateImageBase         0000000180003a70 f   MSVCRT:pesect.obj
 0001:00002aa0       _FindPESection             0000000180003aa0 f   MSVCRT:pesect.obj
 0001:00002af0       _IsNonwritableInCurrentImage 0000000180003af0 f   MSVCRT:pesect.obj
 0001:00002b32       _initterm                  0000000180003b32 f   MSVCRT:MSVCR90.dll
 0001:00002b38       _initterm_e                0000000180003b38 f   MSVCRT:MSVCR90.dll
 0001:00002b3e       _amsg_exit                 0000000180003b3e f   MSVCRT:MSVCR90.dll
 0001:00002b44       __CppXcptFilter            0000000180003b44 f   MSVCRT:MSVCR90.dll
 0001:00002b4c       DllMain                    0000000180003b4c f   MSVCRT:dllmain.obj
 0001:00002b70       __security_init_cookie     0000000180003b70 f   MSVCRT:gs_support.obj
 0001:00002c24       ?terminate@@YAXXZ          0000000180003c24 f   MSVCRT:MSVCR90.dll
 0001:00002c2a       ??1type_info@@UEAA@XZ      0000000180003c2a f   MSVCRT:MSVCR90.dll
 0001:00002c2a       ?_type_info_dtor_internal_method@type_info@@QEAAXXZ 0000000180003c2a f   MSVCRT:MSVCR90.dll
 0001:00002c30       __clean_type_info_names_internal 0000000180003c30 f   MSVCRT:MSVCR90.dll
 0001:00002c36       png_get_IHDR               0000000180003c36 f   lib_libpng:lib_libpng.dll
 0001:00002c3c       png_read_info              0000000180003c3c f   lib_libpng:lib_libpng.dll
 0001:00002c42       png_sig_cmp                0000000180003c42 f   lib_libpng:lib_libpng.dll
 0001:00002c48       png_create_read_struct     0000000180003c48 f   lib_libpng:lib_libpng.dll
 0001:00002c4e       png_get_io_ptr             0000000180003c4e f   lib_libpng:lib_libpng.dll
 0001:00002c54       png_create_info_struct     0000000180003c54 f   lib_libpng:lib_libpng.dll
 0001:00002c5a       png_set_read_fn            0000000180003c5a f   lib_libpng:lib_libpng.dll
 0001:00002c60       png_read_update_info       0000000180003c60 f   lib_libpng:lib_libpng.dll
 0001:00002c66       png_set_sig_bytes          0000000180003c66 f   lib_libpng:lib_libpng.dll
 0001:00002c6c       png_read_row               0000000180003c6c f   lib_libpng:lib_libpng.dll
 0001:00002c72       png_error                  0000000180003c72 f   lib_libpng:lib_libpng.dll
 0001:00002c78       png_destroy_read_struct    0000000180003c78 f   lib_libpng:lib_libpng.dll
 0001:00002c7e       SDL_RenderDrawLine         0000000180003c7e f   lib_SDL2:lib_SDL2.dll
 0001:00002c84       SDL_Init                   0000000180003c84 f   lib_SDL2:lib_SDL2.dll
 0001:00002c8a       SDL_DestroyWindow          0000000180003c8a f   lib_SDL2:lib_SDL2.dll
 0001:00002c90       SDL_CreateWindow           0000000180003c90 f   lib_SDL2:lib_SDL2.dll
 0001:00002c96       SDL_DestroyRenderer        0000000180003c96 f   lib_SDL2:lib_SDL2.dll
 0001:00002c9c       SDL_RenderPresent          0000000180003c9c f   lib_SDL2:lib_SDL2.dll
 0001:00002ca2       SDL_SetRenderDrawBlendMode 0000000180003ca2 f   lib_SDL2:lib_SDL2.dll
 0001:00002ca8       SDL_SetRenderDrawColor     0000000180003ca8 f   lib_SDL2:lib_SDL2.dll
 0001:00002cae       SDL_PumpEvents             0000000180003cae f   lib_SDL2:lib_SDL2.dll
 0001:00002cb4       SDL_Delay                  0000000180003cb4 f   lib_SDL2:lib_SDL2.dll
 0001:00002cba       SDL_RenderClear            0000000180003cba f   lib_SDL2:lib_SDL2.dll
 0001:00002cc0       SDL_CreateRenderer         0000000180003cc0 f   lib_SDL2:lib_SDL2.dll
 0001:00002cc6       SDL_PeepEvents             0000000180003cc6 f   lib_SDL2:lib_SDL2.dll
 0001:00002ccc       SDL_GetTicks               0000000180003ccc f   lib_SDL2:lib_SDL2.dll
 0001:00002cd2       SDL_RenderFillRect         0000000180003cd2 f   lib_SDL2:lib_SDL2.dll
 0001:00002cd8       SDL_RenderDrawRect         0000000180003cd8 f   lib_SDL2:lib_SDL2.dll
 0001:00002cde       SDL_Quit                   0000000180003cde f   lib_SDL2:lib_SDL2.dll
 0001:00002cf0       ?utf8_cmp_nocase@su@tl@UModSys@@YAHPEBD0_K@Z 0000000180003cf0 f   umodsys_lib_core:umodsys.tl.utf.obj
 0001:00002d00       ??3IRoot@core@UModSys@@SAXPEAX@Z 0000000180003d00 f   umodsys_lib_core:umodsys.core.objects.obj
 0001:00002d40       ??3IRoot@core@UModSys@@SAXPEAXPEAUIMemAlloc@12@@Z 0000000180003d40 f   umodsys_lib_core:umodsys.core.objects.obj
 0001:00002d80       ??2IRoot@core@UModSys@@SAPEAX_KPEAUIMemAlloc@12@@Z 0000000180003d80 f   umodsys_lib_core:umodsys.core.objects.obj
 0001:00002dc0       ?suicide@IRoot@core@UModSys@@UEAAXXZ 0000000180003dc0 f   umodsys_lib_core:umodsys.core.objects.obj
 0001:00002de0       ??1IRoot@core@UModSys@@UEAA@XZ 0000000180003de0 f   umodsys_lib_core:umodsys.core.objects.obj
 0001:00002e00       ??1IRefObject@core@UModSys@@UEAA@XZ 0000000180003e00 f   umodsys_lib_core:umodsys.core.objects.obj
 0001:00002e10       ?lost@core@UModSys@@YAEPEBX@Z 0000000180003e10 f   umodsys_lib_core:umodsys.core.stdtypedefs.obj
 0001:00002e20       ?s_unresolve@SUniquePointer@core@UModSys@@SAXPEAUIUniquePointerResolver@23@@Z 0000000180003e20 f   umodsys_lib_core:umodsys.core.uniqueptr.obj
 0001:00002e90       ?s_resolve@SUniquePointer@core@UModSys@@SAXPEAUIUniquePointerResolver@23@@Z 0000000180003e90 f   umodsys_lib_core:umodsys.core.uniqueptr.obj
 0001:00002f10       ??1SUniquePointer@core@UModSys@@QEAA@XZ 0000000180003f10 f   umodsys_lib_core:umodsys.core.uniqueptr.obj
 0001:00002f40       ??0SUniquePointer@core@UModSys@@QEAA@H@Z 0000000180003f40 f   umodsys_lib_core:umodsys.core.uniqueptr.obj
 0001:00002f70       ??0SUniquePointer@core@UModSys@@QEAA@PEBD0H@Z 0000000180003f70 f   umodsys_lib_core:umodsys.core.uniqueptr.obj
 0001:00002fc0       ??1SModuleInfo@base@UModSys@@QEAA@XZ 0000000180003fc0 f   umodsys_lib_base:umodsys.base.moduleinfo.obj
 0001:00002fd0       ??0SModuleInfo@base@UModSys@@QEAA@PEBDHH0@Z 0000000180003fd0 f   umodsys_lib_base:umodsys.base.moduleinfo.obj
 0001:00003090       ??1IModuleLibraryReg@base@UModSys@@UEAA@XZ 0000000180004090 f   umodsys_lib_base:umodsys.base.modulereg.obj
 0001:000030b0       ??0IModuleLibraryReg@base@UModSys@@QEAA@XZ 00000001800040b0 f   umodsys_lib_base:umodsys.base.modulereg.obj
 0001:000030d0       ?mr_close@IModuleReg@base@UModSys@@UEAA_NXZ 00000001800040d0 f   umodsys_lib_base:umodsys.base.modulereg.obj
 0001:000030f0       ?mr_open@IModuleReg@base@UModSys@@UEAA_NXZ 00000001800040f0 f   umodsys_lib_base:umodsys.base.modulereg.obj
 0001:00003120       ?mr_isopen@IModuleReg@base@UModSys@@UEBA_NXZ 0000000180004120 f   umodsys_lib_base:umodsys.base.modulereg.obj
 0001:00003130       ??1IModuleReg@base@UModSys@@UEAA@XZ 0000000180004130 f   umodsys_lib_base:umodsys.base.modulereg.obj
 0001:00003150       ??0IModuleReg@base@UModSys@@QEAA@PEBDHH0@Z 0000000180004150 f   umodsys_lib_base:umodsys.base.modulereg.obj
 0001:00003190       UModSys_Plugin_Entry2      0000000180004190 f   umodsys_lib_base:umodsys.so_main.win32.obj
 0001:000031a0       ??1RModuleLibraryReg_Chain@base@UModSys@@UEAA@XZ 00000001800041a0 f   umodsys_lib_base:umodsys.base.moduleregchain.obj
 0001:000031c0       ??0RModuleLibraryReg_Chain@base@UModSys@@QEAA@XZ 00000001800041c0 f   umodsys_lib_base:umodsys.base.moduleregchain.obj
 0001:000031f0       ?s_get@SModuleRegChain@base@UModSys@@SAPEAUIModuleReg@23@_K@Z 00000001800041f0 f   umodsys_lib_base:umodsys.base.moduleregchain.obj
 0001:00003230       ??1SModuleRegChain@base@UModSys@@QEAA@XZ 0000000180004230 f   umodsys_lib_base:umodsys.base.moduleregchain.obj
 0001:00003260       ??0SModuleRegChain@base@UModSys@@QEAA@AEAUIModuleReg@12@@Z 0000000180004260 f   umodsys_lib_base:umodsys.base.moduleregchain.obj
 0001:000032b0       ?mlr_isopen@RModuleLibraryReg_Chain@base@UModSys@@UEBA_NXZ 00000001800042b0 f   umodsys_lib_base:umodsys.base.moduleregchain.obj
 0001:000032d0       ?mlr_close@RModuleLibraryReg_Chain@base@UModSys@@UEAA_NXZ 00000001800042d0 f   umodsys_lib_base:umodsys.base.moduleregchain.obj
 0001:00003310       ?mlr_open@RModuleLibraryReg_Chain@base@UModSys@@UEAA_NPEAUISystem@23@PEAUIMemAlloc@core@3@@Z 0000000180004310 f   umodsys_lib_base:umodsys.base.moduleregchain.obj
 0001:00003350       ?mlr_get@RModuleLibraryReg_Chain@base@UModSys@@UEBAPEAUIModuleReg@23@_K@Z 0000000180004350 f   umodsys_lib_base:umodsys.base.moduleregchain.obj
 0001:00003360       ?mlr_count@RModuleLibraryReg_Chain@base@UModSys@@UEBA_KXZ 0000000180004360 f   umodsys_lib_base:umodsys.base.moduleregchain.obj
 0001:000033a0       ??0SModuleRegChain@base@UModSys@@QEAA@H@Z 00000001800043a0 f   umodsys_lib_base:umodsys.base.moduleregchain.obj
 0001:000033c0       ?unlink@SMemorySharedData@core@UModSys@@QEAAXPEBUSSourceContext@23@@Z 00000001800043c0 f   umodsys_lib_base:umodsys.base.modulecontext.obj
 0001:000033f0       ?link@SMemorySharedData@core@UModSys@@QEAAXPEBUSSourceContext@23@@Z 00000001800043f0 f   umodsys_lib_base:umodsys.base.modulecontext.obj
 0001:00003400       ?Link@SModuleContext@base@UModSys@@QEAAXPEAUISystem@23@PEAUIMemAlloc@core@3@@Z 0000000180004400 f   umodsys_lib_base:umodsys.base.modulecontext.obj
 0001:000034a0       ??1SModuleContext@base@UModSys@@QEAA@XZ 00000001800044a0 f   umodsys_lib_base:umodsys.base.modulecontext.obj
 0001:000034b0       ?new_data@SMemorySharedData@core@UModSys@@SAPEAU123@PEAUIMemAlloc@23@_KPEBUSSourceContext@23@@Z 00000001800044b0 f   umodsys_lib_base:umodsys.base.modulecontext.obj
 0001:00003500       ?get_paramworker@SParameters@core@UModSys@@KAPEAUIParameters@23@XZ 0000000180004500 f   umodsys_lib_base:umodsys.base.modulecontext.obj
 0001:00003520       ?shared_memory@UModSys@@YAAEBUSIMemAlloc@core@1@XZ 0000000180004520 f   umodsys_lib_base:umodsys.base.modulecontext.obj
 0001:00003530       ?local_memory@UModSys@@YAAEBUSIMemAlloc@core@1@XZ 0000000180004530 f   umodsys_lib_base:umodsys.base.modulecontext.obj
 0001:00003540       ??0SModuleContext@base@UModSys@@QEAA@XZ 0000000180004540 f   umodsys_lib_base:umodsys.base.modulecontext.obj
 0001:00003570       ?mod_dec@RGenerator@images_std@media@modules@UModSys@@UEBA_NXZ 0000000180004570 f   umodsys_lib_libmedia:umodsys.mod.media.images_std.obj
 0001:00003590       ?mod_inc@RGenerator@images_std@media@modules@UModSys@@UEBA_NXZ 0000000180004590 f   umodsys_lib_libmedia:umodsys.mod.media.images_std.obj
 0001:000035b0       ?get_module@RGenerator@images_std@media@modules@UModSys@@UEBAPEAUIModule@base@5@XZ 00000001800045b0 f   umodsys_lib_libmedia:umodsys.mod.media.images_std.obj
 0001:00003650       ?filter_save@RMediaFilter@images_std@media@modules@UModSys@@UEAA_NAEAUSInfo@IBinObjFilter@libmedia@5@PEBUIRefObject@core@5@@Z 0000000180004650 f   umodsys_lib_libmedia:umodsys.mod.media.images_std.obj
 0001:00003660       ?filter_load@RMediaFilter@images_std@media@modules@UModSys@@UEAA_NAEBUSInfo@IBinObjFilter@libmedia@5@AEAU?$TRefObject@UIRefObject@core@UModSys@@U?$TRefObjectFunc@UIRefObject@core@UModSys@@@tl@3@@tl@5@@Z 0000000180004660 f   umodsys_lib_libmedia:umodsys.mod.media.images_std.obj
 0001:00003670       ?s_holder@RGenerator@images_std@media@modules@UModSys@@SAAEAU?$TTypeStaticHolder@URGenerator@images_std@media@modules@UModSys@@@tl@5@XZ 0000000180004670 f   umodsys_lib_libmedia:umodsys.mod.media.images_std.obj
 0001:000036c0       ?png_read@RMediaFilter@images_std@media@modules@UModSys@@KAXPEAUpng_struct_def@@PEAE_K@Z 00000001800046c0 f   umodsys_lib_libmedia:umodsys.mod.media.images_std.obj
 0001:00003730       ?png_err@RMediaFilter@images_std@media@modules@UModSys@@KAXPEAUpng_struct_def@@PEBD@Z 0000000180004730 f   umodsys_lib_libmedia:umodsys.mod.media.images_std.obj
 0001:00003760       ?s_unreg@RGenerator@images_std@media@modules@UModSys@@SA_NPEAUIModuleReg@base@5@@Z 0000000180004760 f   umodsys_lib_libmedia:umodsys.mod.media.images_std.obj
 0001:000037d0       ?s_reg@RGenerator@images_std@media@modules@UModSys@@SA_NPEAUIModuleReg@base@5@@Z 00000001800047d0 f   umodsys_lib_libmedia:umodsys.mod.media.images_std.obj
 0001:00003850       ?loader_png@RMediaFilter@images_std@media@modules@UModSys@@QEAA_NPEAUIImage@lib2d@5@AEBUSInfo@IBinObjFilter@libmedia@5@AEBUSParameters@core@5@HPEBD_N@Z 0000000180004850 f   umodsys_lib_libmedia:umodsys.mod.media.images_std.obj
 0001:00003c60       ?loader_jpeg@RMediaFilter@images_std@media@modules@UModSys@@QEAA_NPEAUIImage@lib2d@5@AEBUSInfo@IBinObjFilter@libmedia@5@AEBUSParameters@core@5@HPEBD_N@Z 0000000180004c60 f   umodsys_lib_libmedia:umodsys.mod.media.images_std.obj
 0001:00003fc0       ?filter_load@RMediaFilter@images_std@media@modules@UModSys@@UEAA_NAEBUSInfo@IBinObjFilter@libmedia@5@PEAUIRefObject@core@5@@Z 0000000180004fc0 f   umodsys_lib_libmedia:umodsys.mod.media.images_std.obj
 0001:00004310       ?mod_dec@RGenerator@SDL_core@ui@modules@UModSys@@UEBA_NXZ 0000000180005310 f   umodsys_lib_libui:umodsys.mod.ui.SDL_core.obj
 0001:00004330       ?mod_inc@RGenerator@SDL_core@ui@modules@UModSys@@UEBA_NXZ 0000000180005330 f   umodsys_lib_libui:umodsys.mod.ui.SDL_core.obj
 0001:00004350       ?get_module@RGenerator@SDL_core@ui@modules@UModSys@@UEBAPEAUIModule@base@5@XZ 0000000180005350 f   umodsys_lib_libui:umodsys.mod.ui.SDL_core.obj
 0001:00004360       ?get_terminal@RRenderDriver2D_SDL_core@SDL_core@ui@modules@UModSys@@UEBAPEAUITerminal@libui@5@XZ 0000000180005360 f   umodsys_lib_libui:umodsys.mod.ui.SDL_core.obj
 0001:00004370       ?s_holder@RGenerator@SDL_core@ui@modules@UModSys@@SAAEAU?$TTypeStaticHolder@URGenerator@SDL_core@ui@modules@UModSys@@@tl@5@XZ 0000000180005370 f   umodsys_lib_libui:umodsys.mod.ui.SDL_core.obj
 0001:000043c0       ?s_unreg@RGenerator@SDL_core@ui@modules@UModSys@@SA_NPEAUIModuleReg@base@5@@Z 00000001800053c0 f   umodsys_lib_libui:umodsys.mod.ui.SDL_core.obj
 0001:00004430       ?s_reg@RGenerator@SDL_core@ui@modules@UModSys@@SA_NPEAUIModuleReg@base@5@@Z 0000000180005430 f   umodsys_lib_libui:umodsys.mod.ui.SDL_core.obj
 0001:000044a0       ?mod_dec@RGenerator@test1@test@modules@UModSys@@UEBA_NXZ 00000001800054a0 f   plugin_test1.obj
 0001:000044c0       ?mod_inc@RGenerator@test1@test@modules@UModSys@@UEBA_NXZ 00000001800054c0 f   plugin_test1.obj
 0001:000044e0       ?get_module@RGenerator@test1@test@modules@UModSys@@UEBAPEAUIModule@base@5@XZ 00000001800054e0 f   plugin_test1.obj
 0001:00004500       ?s_holder@RGenerator@test1@test@modules@UModSys@@SAAEAU?$TTypeStaticHolder@URGenerator@test1@test@modules@UModSys@@@tl@5@XZ 0000000180005500 f   plugin_test1.obj
 0001:00004550       ?s_unreg@RGenerator@test1@test@modules@UModSys@@SA_NPEAUIModuleReg@base@5@@Z 0000000180005550 f   plugin_test1.obj
 0001:000045c0       ?s_reg@RGenerator@test1@test@modules@UModSys@@SA_NPEAUIModuleReg@base@5@@Z 00000001800055c0 f   plugin_test1.obj
 0001:00004640       ?ui_newterm@RTest1_Shell@test1@test@modules@UModSys@@QEAA?AU?$TRefObject@UITerminal@libui@UModSys@@U?$TRefObjectFunc@UITerminal@libui@UModSys@@@tl@3@@tl@5@AEBU?$TString@U?$TSCoreConst@D@su@tl@UModSys@@U?$TComparerBinaryHash@D@234@@75@AEBUSParameters@core@5@@Z 0000000180005640 f   plugin_test1.obj
 0001:00004780       ?ui_test1@RTest1_Shell@test1@test@modules@UModSys@@QEAAXXZ 0000000180005780 f   plugin_test1.obj
 0001:00004b70       ?add@SUniquePtrList@core@UModSys@@QEAA_NPEBUSUniquePointerInfo@23@@Z 0000000180005b70 f   umodsys_lib_core:umodsys.core.uniqueptrlist.obj
 0001:00004c46       memcpy                     0000000180005c46 f   MSVCRT:MSVCR90.dll
 0001:00004c4c       __CxxFrameHandler3         0000000180005c4c f   MSVCRT:MSVCR90.dll
 0001:00004c60       _setjmp                    0000000180005c60 f   MSVCRT:MSVCR90.dll
 0001:00004c80       _alloca_probe              0000000180005c80     MSVCRT:chkstk.obj
 0001:00004c80       __chkstk                   0000000180005c80 f   MSVCRT:chkstk.obj
 0002:00000000       __imp_Sleep                0000000180008000     kernel32:KERNEL32.dll
 0002:00000008       __imp_QueryPerformanceCounter 0000000180008008     kernel32:KERNEL32.dll
 0002:00000010       __imp_GetTickCount         0000000180008010     kernel32:KERNEL32.dll
 0002:00000018       __imp_GetCurrentThreadId   0000000180008018     kernel32:KERNEL32.dll
 0002:00000020       __imp_GetCurrentProcessId  0000000180008020     kernel32:KERNEL32.dll
 0002:00000028       __imp_GetSystemTimeAsFileTime 0000000180008028     kernel32:KERNEL32.dll
 0002:00000030       __imp_DisableThreadLibraryCalls 0000000180008030     kernel32:KERNEL32.dll
 0002:00000038       \177KERNEL32_NULL_THUNK_DATA 0000000180008038     kernel32:KERNEL32.dll
 0002:00000040       __imp___dllonexit          0000000180008040     MSVCRT:MSVCR90.dll
 0002:00000048       __imp__encode_pointer      0000000180008048     MSVCRT:MSVCR90.dll
 0002:00000050       __imp__lock                0000000180008050     MSVCRT:MSVCR90.dll
 0002:00000058       __imp__onexit              0000000180008058     MSVCRT:MSVCR90.dll
 0002:00000060       __imp__decode_pointer      0000000180008060     MSVCRT:MSVCR90.dll
 0002:00000068       __imp__malloc_crt          0000000180008068     MSVCRT:MSVCR90.dll
 0002:00000070       __imp__initterm            0000000180008070     MSVCRT:MSVCR90.dll
 0002:00000078       __imp__initterm_e          0000000180008078     MSVCRT:MSVCR90.dll
 0002:00000080       __imp__unlock              0000000180008080     MSVCRT:MSVCR90.dll
 0002:00000088       __imp__encoded_null        0000000180008088     MSVCRT:MSVCR90.dll
 0002:00000090       __imp__amsg_exit           0000000180008090     MSVCRT:MSVCR90.dll
 0002:00000098       __imp___CppXcptFilter      0000000180008098     MSVCRT:MSVCR90.dll
 0002:000000a0       __imp_?terminate@@YAXXZ    00000001800080a0     MSVCRT:MSVCR90.dll
 0002:000000a8       __imp_?_type_info_dtor_internal_method@type_info@@QEAAXXZ 00000001800080a8     MSVCRT:MSVCR90.dll
 0002:000000b0       __imp___clean_type_info_names_internal 00000001800080b0     MSVCRT:MSVCR90.dll
 0002:000000b8       __imp___CxxFrameHandler3   00000001800080b8     MSVCRT:MSVCR90.dll
 0002:000000c0       __imp_memcpy               00000001800080c0     MSVCRT:MSVCR90.dll
 0002:000000c8       __imp___C_specific_handler 00000001800080c8     MSVCRT:MSVCR90.dll
 0002:000000d0       __imp_longjmp              00000001800080d0     MSVCRT:MSVCR90.dll
 0002:000000d8       __imp_strstr               00000001800080d8     MSVCRT:MSVCR90.dll
 0002:000000e0       __imp_??2@YAPEAX_K@Z       00000001800080e0     MSVCRT:MSVCR90.dll
 0002:000000e8       __imp_??3@YAXPEAX@Z        00000001800080e8     MSVCRT:MSVCR90.dll
 0002:000000f0       __imp__purecall            00000001800080f0     MSVCRT:MSVCR90.dll
 0002:000000f8       __imp_free                 00000001800080f8     MSVCRT:MSVCR90.dll
 0002:00000100       __imp_strncmp              0000000180008100     MSVCRT:MSVCR90.dll
 0002:00000108       __imp__setjmp              0000000180008108     MSVCRT:MSVCR90.dll
 0002:00000110       \177MSVCR90_NULL_THUNK_DATA 0000000180008110     MSVCRT:MSVCR90.dll
 0002:00000118       __imp_SDL_PumpEvents       0000000180008118     lib_SDL2:lib_SDL2.dll
 0002:00000120       __imp_SDL_RenderFillRect   0000000180008120     lib_SDL2:lib_SDL2.dll
 0002:00000128       __imp_SDL_Quit             0000000180008128     lib_SDL2:lib_SDL2.dll
 0002:00000130       __imp_SDL_GetTicks         0000000180008130     lib_SDL2:lib_SDL2.dll
 0002:00000138       __imp_SDL_PeepEvents       0000000180008138     lib_SDL2:lib_SDL2.dll
 0002:00000140       __imp_SDL_CreateRenderer   0000000180008140     lib_SDL2:lib_SDL2.dll
 0002:00000148       __imp_SDL_RenderClear      0000000180008148     lib_SDL2:lib_SDL2.dll
 0002:00000150       __imp_SDL_Delay            0000000180008150     lib_SDL2:lib_SDL2.dll
 0002:00000158       __imp_SDL_SetRenderDrawColor 0000000180008158     lib_SDL2:lib_SDL2.dll
 0002:00000160       __imp_SDL_SetRenderDrawBlendMode 0000000180008160     lib_SDL2:lib_SDL2.dll
 0002:00000168       __imp_SDL_RenderPresent    0000000180008168     lib_SDL2:lib_SDL2.dll
 0002:00000170       __imp_SDL_RenderDrawLine   0000000180008170     lib_SDL2:lib_SDL2.dll
 0002:00000178       __imp_SDL_Init             0000000180008178     lib_SDL2:lib_SDL2.dll
 0002:00000180       __imp_SDL_DestroyWindow    0000000180008180     lib_SDL2:lib_SDL2.dll
 0002:00000188       __imp_SDL_CreateWindow     0000000180008188     lib_SDL2:lib_SDL2.dll
 0002:00000190       __imp_SDL_DestroyRenderer  0000000180008190     lib_SDL2:lib_SDL2.dll
 0002:00000198       __imp_SDL_RenderDrawRect   0000000180008198     lib_SDL2:lib_SDL2.dll
 0002:000001a0       \177lib_SDL2_NULL_THUNK_DATA 00000001800081a0     lib_SDL2:lib_SDL2.dll
 0002:000001a8       __imp_jpeg_std_error       00000001800081a8     lib_jpeglib:lib_jpeglib.dll
 0002:000001b0       __imp_jpeg_read_scanlines  00000001800081b0     lib_jpeglib:lib_jpeglib.dll
 0002:000001b8       __imp_jpeg_start_decompress 00000001800081b8     lib_jpeglib:lib_jpeglib.dll
 0002:000001c0       __imp_jpeg_finish_decompress 00000001800081c0     lib_jpeglib:lib_jpeglib.dll
 0002:000001c8       __imp_jpeg_read_header     00000001800081c8     lib_jpeglib:lib_jpeglib.dll
 0002:000001d0       __imp_jpeg_resync_to_restart 00000001800081d0     lib_jpeglib:lib_jpeglib.dll
 0002:000001d8       __imp_jpeg_destroy_decompress 00000001800081d8     lib_jpeglib:lib_jpeglib.dll
 0002:000001e0       __imp_jpeg_CreateDecompress 00000001800081e0     lib_jpeglib:lib_jpeglib.dll
 0002:000001e8       __imp_jpeg_destroy         00000001800081e8     lib_jpeglib:lib_jpeglib.dll
 0002:000001f0       \177lib_jpeglib_NULL_THUNK_DATA 00000001800081f0     lib_jpeglib:lib_jpeglib.dll
 0002:000001f8       __imp_png_error            00000001800081f8     lib_libpng:lib_libpng.dll
 0002:00000200       __imp_png_read_row         0000000180008200     lib_libpng:lib_libpng.dll
 0002:00000208       __imp_png_set_sig_bytes    0000000180008208     lib_libpng:lib_libpng.dll
 0002:00000210       __imp_png_read_update_info 0000000180008210     lib_libpng:lib_libpng.dll
 0002:00000218       __imp_png_set_read_fn      0000000180008218     lib_libpng:lib_libpng.dll
 0002:00000220       __imp_png_create_info_struct 0000000180008220     lib_libpng:lib_libpng.dll
 0002:00000228       __imp_png_get_io_ptr       0000000180008228     lib_libpng:lib_libpng.dll
 0002:00000230       __imp_png_create_read_struct 0000000180008230     lib_libpng:lib_libpng.dll
 0002:00000238       __imp_png_sig_cmp          0000000180008238     lib_libpng:lib_libpng.dll
 0002:00000240       __imp_png_read_info        0000000180008240     lib_libpng:lib_libpng.dll
 0002:00000248       __imp_png_get_IHDR         0000000180008248     lib_libpng:lib_libpng.dll
 0002:00000250       __imp_png_destroy_read_struct 0000000180008250     lib_libpng:lib_libpng.dll
 0002:00000258       \177lib_libpng_NULL_THUNK_DATA 0000000180008258     lib_libpng:lib_libpng.dll
 0002:00000260       __xc_a                     0000000180008260     MSVCRT:cinitexe.obj
 0002:000008f8       __xc_z                     00000001800088f8     MSVCRT:cinitexe.obj
 0002:00000900       __xi_a                     0000000180008900     MSVCRT:cinitexe.obj
 0002:00000910       __xi_z                     0000000180008910     MSVCRT:cinitexe.obj
 0002:00000928       ??_7type_info@@6B@         0000000180008928     MSVCRT:ti_inst.obj
 0002:00000930       _pRawDllMain               0000000180008930     MSVCRT:crtdll.obj
 0002:00000930       _pDefaultRawDllMain        0000000180008930     MSVCRT:crtdll.obj
 0002:00000938       ??_C@_0P@GHFPNOJB@bad?5allocation?$AA@ 0000000180008938     plugin_test1.obj
 0002:00000948       ??_C@_0BF@OCNNAADO@UModSys?3?3core?3?3IRoot?$AA@ 0000000180008948     plugin_test1.obj
 0002:00000960       ??_C@_0BK@EMIJFOPA@UModSys?3?3core?3?3IRefObject?$AA@ 0000000180008960     plugin_test1.obj
 0002:00000980       ??_C@_0BL@IOMMHELF@UModSys?3?3core?3?3IParameters?$AA@ 0000000180008980     plugin_test1.obj
 0002:000009a0       ??_C@_0BH@LKDEEPPM@UModSys?3?3base?3?3IModule?$AA@ 00000001800089a0     plugin_test1.obj
 0002:000009b8       ??_C@_0BO@PHJOHFCB@UModSys?3?3base?3?3IModuleLibrary?$AA@ 00000001800089b8     plugin_test1.obj
 0002:000009d8       ??_C@_0BK@FDPIOPHG@UModSys?3?3base?3?3IModObject?$AA@ 00000001800089d8     plugin_test1.obj
 0002:000009f8       ??_C@_0BK@OIBKNCKJ@UModSys?3?3base?3?3IGenerator?$AA@ 00000001800089f8     plugin_test1.obj
 0002:00000a18       ??_C@_0BG@PJBGCMEC@UModSys?3?3base?3?3IShell?$AA@ 0000000180008a18     plugin_test1.obj
 0002:00000a30       ??_C@_0BI@IKAOEFAP@UModSys?3?3base?3?3IConsole?$AA@ 0000000180008a30     plugin_test1.obj
 0002:00000a48       ??_C@_0BH@PFCONEJJ@UModSys?3?3base?3?3ISystem?$AA@ 0000000180008a48     plugin_test1.obj
 0002:00000a60       ??_C@_0CB@CLGNFEGF@UModSys?3?3libmedia?3?3IStreamReader@ 0000000180008a60     plugin_test1.obj
 0002:00000a88       ??_C@_0CB@HOPFFLP@UModSys?3?3libmedia?3?3IStreamWriter@ 0000000180008a88     plugin_test1.obj
 0002:00000ab0       ??_C@_0BP@KCJMEDNO@UModSys?3?3libmedia?3?3IBinArchive?$AA@ 0000000180008ab0     plugin_test1.obj
 0002:00000ad0       ??_C@_0CB@FDEKNMGJ@UModSys?3?3libmedia?3?3IBinObjFilter@ 0000000180008ad0     plugin_test1.obj
 0002:00000af8       ??_C@_0BM@DPCMOAPM@UModSys?3?3libmedia?3?3ILibrary?$AA@ 0000000180008af8     plugin_test1.obj
 0002:00000b18       ??_C@_0CD@ELIFEGE@UModSys?3?3libmedia?3?3ILibraryBinTr@ 0000000180008b18     plugin_test1.obj
 0002:00000b40       ??_C@_0CE@EGHBJBAJ@UModSys?3?3libmedia?3?3ILibraryBinCa@ 0000000180008b40     plugin_test1.obj
 0002:00000b68       ??_C@_0CF@LBIGBLOK@UModSys?3?3libmedia?3?3ILibraryObjFi@ 0000000180008b68     plugin_test1.obj
 0002:00000b90       ??_C@_0CE@BOBLEOBL@UModSys?3?3libmedia?3?3ILibraryObjCa@ 0000000180008b90     plugin_test1.obj
 0002:00000bb8       ??_C@_0CD@LJFEJKGF@UModSys?3?3libmedia?3?3ILibraryLayer@ 0000000180008bb8     plugin_test1.obj
 0002:00000be0       ?utf_bytesFromUTF8@su@tl@UModSys@@3QBEB 0000000180008be0     umodsys_lib_core:umodsys.tl.utf.obj
 0002:00000ce0       ?utf_firstByteMark@su@tl@UModSys@@3QBEB 0000000180008ce0     umodsys_lib_core:umodsys.tl.utf.obj
 0002:00000ce8       ?utf_offsetsFromUTF8@su@tl@UModSys@@3QBHB 0000000180008ce8     umodsys_lib_core:umodsys.tl.utf.obj
 0002:00000db8       ??_C@_0BL@NMJBPMOF@UModSys?3?3base?3?3IConsoleExt?$AA@ 0000000180008db8     plugin_test1.obj
 0002:00000dd8       ??_C@_0BO@CGANABBB@UModSys?3?3base?3?3IConsoleHelper?$AA@ 0000000180008dd8     plugin_test1.obj
 0002:00000df8       ??_C@_0CF@NIEDAAFG@UModSys?3?3base?3?3IConsoleHelperHis@ 0000000180008df8     plugin_test1.obj
 0002:00000e20       ??_C@_0CD@FCDJONHN@UModSys?3?3base?3?3IConsoleHelperInp@ 0000000180008e20     plugin_test1.obj
 0002:00000e48       ??_C@_0CE@KMOIHDDJ@UModSys?3?3base?3?3IConsoleHelperOut@ 0000000180008e48     plugin_test1.obj
 0002:00000e70       ??_C@_0CH@NMEMKECD@UModSys?3?3base?3?3IConsoleHelperOut@ 0000000180008e70     plugin_test1.obj
 0002:00000e98       ??_C@_0CE@DIFILHID@UModSys?3?3libui?3?3IKeyboardControl@ 0000000180008e98     plugin_test1.obj
 0002:00000ec0       ??_C@_0CB@MBIJAGJE@UModSys?3?3libui?3?3IMouseController@ 0000000180008ec0     plugin_test1.obj
 0002:00000ee8       ??_C@_0CE@HLKJKPC@UModSys?3?3libui?3?3IJoystickControl@ 0000000180008ee8     plugin_test1.obj
 0002:00000f10       ??_C@_0BK@GJJNKGGD@UModSys?3?3libui?3?3ITerminal?$AA@ 0000000180008f10     plugin_test1.obj
 0002:00000f30       ??_C@_0CK@HENOKNKH@UModSys?3?3libui?3?3IConsoleHelperIn@ 0000000180008f30     plugin_test1.obj
 0002:00000f60       ??_C@_0BH@JDBCAPMN@UModSys?3?3lib2d?3?3IImage?$AA@ 0000000180008f60     plugin_test1.obj
 0002:00000f78       ??_C@_0BM@NDCOKBPH@UModSys?3?3lib2d?3?3IMultiImage?$AA@ 0000000180008f78     plugin_test1.obj
 0002:00000f98       ??_C@_0BO@FFPMHFPK@UModSys?3?3lib2d?3?3IRenderDriver?$AA@ 0000000180008f98     plugin_test1.obj
 0002:00000fb8       ??_C@_0CG@DNABKNDD@UModSys?3?3modules?3?3test?3?3test1?3?3I@ 0000000180008fb8     plugin_test1.obj
 0002:00000fe0       ??_C@_0CG@FINIGFAH@UModSys?3?3modules?3?3test?3?3test1?3?3R@ 0000000180008fe0     plugin_test1.obj
 0002:00001008       ??_C@_0CN@EFAOPDDB@UModSys?3?3modules?3?3test?3?3test1?3?3R@ 0000000180009008     plugin_test1.obj
 0002:00001038       ??_C@_0CM@LNHNHIJB@UModSys?3?3modules?3?3test?3?3test1?3?3R@ 0000000180009038     plugin_test1.obj
 0002:00001068       ??_C@_0BC@NIGGCDMG@RTest1_Shell?$CI?$CJ?5?$HL?6?$AA@ 0000000180009068     plugin_test1.obj
 0002:00001080       ??_C@_0DK@JIEMIEKA@UModSys?3?3modules?3?3test?3?3test1?3?3R@ 0000000180009080     plugin_test1.obj
 0002:000010c0       ??_C@_0CK@OICDGBDJ@?4?4?2?4?4?2?4?4?2src?2plugin?2test?2plugin_@ 00000001800090c0     plugin_test1.obj
 0002:000010f0       ??_C@_0BF@BMCPNMPN@?$HN?5?1?1?5RTest1_Shell?$CI?$CJ?6?$AA@ 00000001800090f0     plugin_test1.obj
 0002:00001108       ??_C@_0DL@OIAHAJF@UModSys?3?3modules?3?3test?3?3test1?3?3R@ 0000000180009108     plugin_test1.obj
 0002:00001148       ??_C@_0BB@MLDFLEML@?$HORTest1_Shell?$CI?$CJ?6?$AA@ 0000000180009148     plugin_test1.obj
 0002:00001160       ??_C@_0BJ@CCPCJEPP@RTest1_Shell?3?3connect?$CI?$CJ?6?$AA@ 0000000180009160     plugin_test1.obj
 0002:00001180       ??_C@_0BM@KBDBHLN@RTest1_Shell?3?3disconnect?$CI?$CJ?6?$AA@ 0000000180009180     plugin_test1.obj
 0002:000011a0       ??_C@_0BI@PGLACHLJ@RTest1_Shell?3?3tick?$CI?$CFg?$CJ?6?$AA@ 00000001800091a0     plugin_test1.obj
 0002:000011b8       ??_C@_0BM@JFIEEBE@RTest1_Shell?3?3command?$CI?$CD?$CFd?$CJ?6?$AA@ 00000001800091b8     plugin_test1.obj
 0002:000011d8       ??_C@_0BP@CAPONCLM@?5?5found?5terminal?5?$CFs?3?5?$CFs?5?$DN?$DO?5?$CFp?6?$AA@ 00000001800091d8     plugin_test1.obj
 0002:000011f8       ??_C@_0BE@CKPLJHAG@?5?5fail?5terminal?5?$CFs?6?$AA@ 00000001800091f8     plugin_test1.obj
 0002:00001210       ??_C@_0P@GKJLFKKG@?$CK?3?3SDL_core?3?3?$CK?$AA@ 0000000180009210     plugin_test1.obj
 0002:00001220       ??_C@_07EPLPNHLN@Test?5?$CD1?$AA@ 0000000180009220     plugin_test1.obj
 0002:00001228       ??_C@_07BANDPJOM@caption?$AA@ 0000000180009228     plugin_test1.obj
 0002:00001230       ??_C@_00CNPNBAHC@?$AA@     0000000180009230     plugin_test1.obj
 0002:00001238       ??_C@_0CE@HACAKFFL@?5?5not?5created?5lib2d?3?3IRenderDriv@ 0000000180009238     plugin_test1.obj
 0002:00001260       ??_C@_0CK@INONFMOM@?5?5created?5lib2d?3?3IRenderDriver?3?5@ 0000000180009260     plugin_test1.obj
 0002:00001290       ??_C@_0CK@DEJPICLK@UModSys?3?3modules?3?3test?3?3test1?3?3R@ 0000000180009290     plugin_test1.obj
 0002:000012c0       ??_C@_0DD@HMBJLEH@UMODSYS_MODULE_NAME?$CItest?0test1?$CJ?3@ 00000001800092c0     plugin_test1.obj
 0002:000012f8       ??_C@_0BA@NMEBLMNE@Test?51?5?9?5module?$AA@ 00000001800092f8     plugin_test1.obj
 0002:00001308       ??_C@_0N@FOCLJAHI@tests?3?3test1?$AA@ 0000000180009308     plugin_test1.obj
 0002:00001318       ??_C@_0BE@HJEBHPIG@RModuleReg?3?3open?$CI?$CJ?6?$AA@ 0000000180009318     plugin_test1.obj
 0002:00001330       ??_C@_0BF@KIBBFLP@RModuleReg?3?3close?$CI?$CJ?6?$AA@ 0000000180009330     plugin_test1.obj
 0002:00001348       ??_C@_09JGNMLHG@modobject?$AA@ 0000000180009348     plugin_test1.obj
 0002:00001358       ??_C@_08FCBDOIAH@typeinfo?$AA@ 0000000180009358     plugin_test1.obj
 0002:00001378       ??_7IRoot@core@UModSys@@6B@ 0000000180009378     plugin_test1.obj
 0002:000013c8       ??_7IRefObject@core@UModSys@@6B@ 00000001800093c8     plugin_test1.obj
 0002:00001438       ??_7RTest1_Shell@test1@test@modules@UModSys@@6B@ 0000000180009438     plugin_test1.obj
 0002:000014c8       ??_7RGenerator@test1@test@modules@UModSys@@6B@ 00000001800094c8     plugin_test1.obj
 0002:00001568       ??_7RModuleReg@test1@test@modules@UModSys@@6B@ 0000000180009568     plugin_test1.obj
 0002:00001598       ??_C@_0DJ@HHGCBBEF@UModSys?3?3modules?3?3ui?3?3SDL_core?3?3@ 0000000180009598     umodsys_lib_libui:umodsys.mod.ui.SDL_core.obj
 0002:000015d4       ??_C@_04MGOIFCEG@SDL2?$AA@ 00000001800095d4     umodsys_lib_libui:umodsys.mod.ui.SDL_core.obj
 0002:000015dc       ??_C@_01FJMABOPO@x?$AA@    00000001800095dc     umodsys_lib_libui:umodsys.mod.ui.SDL_core.obj
 0002:000015e0       ??_C@_01EANLCPLP@y?$AA@    00000001800095e0     umodsys_lib_libui:umodsys.mod.ui.SDL_core.obj
 0002:000015e4       ??_C@_02KIIGLGOP@dx?$AA@   00000001800095e4     umodsys_lib_libui:umodsys.mod.ui.SDL_core.obj
 0002:000015e8       ??_C@_02LBJNIHKO@dy?$AA@   00000001800095e8     umodsys_lib_libui:umodsys.mod.ui.SDL_core.obj
 0002:000015f0       ??_C@_0DD@HBKHIPP@UModSys?3?3modules?3?3ui?3?3SDL_core?3?3@ 00000001800095f0     umodsys_lib_libui:umodsys.mod.ui.SDL_core.obj
 0002:00001628       ??_C@_0CL@JNMIGLLO@UModSys?3?3modules?3?3ui?3?3SDL_core?3?3@ 0000000180009628     umodsys_lib_libui:umodsys.mod.ui.SDL_core.obj
 0002:00001658       ??_C@_0DE@GHIHDIMC@UMODSYS_MODULE_NAME?$CIui?0SDL_core?$CJ@ 0000000180009658     umodsys_lib_libui:umodsys.mod.ui.SDL_core.obj
 0002:00001690       ??_C@_0N@MLKEIMGM@ui?3?3SDC_core?$AA@ 0000000180009690     umodsys_lib_libui:umodsys.mod.ui.SDL_core.obj
 0002:000016a8       ??_7RGenerator@SDL_core@ui@modules@UModSys@@6B@ 00000001800096a8     umodsys_lib_libui:umodsys.mod.ui.SDL_core.obj
 0002:00001748       ??_7RTerminal_SDL_core@SDL_core@ui@modules@UModSys@@6B@ 0000000180009748     umodsys_lib_libui:umodsys.mod.ui.SDL_core.obj
 0002:00001808       ??_7RRenderDriver2D_SDL_core@SDL_core@ui@modules@UModSys@@6B@ 0000000180009808     umodsys_lib_libui:umodsys.mod.ui.SDL_core.obj
 0002:00001928       ??_7RModuleReg@SDL_core@ui@modules@UModSys@@6B@ 0000000180009928     umodsys_lib_libui:umodsys.mod.ui.SDL_core.obj
 0002:00001958       ??_C@_0DC@OJAOGACO@UModSys?3?3modules?3?3media?3?3images_@ 0000000180009958     umodsys_lib_libmedia:umodsys.mod.media.images_std.obj
 0002:00001990       ??_C@_0O@IMJFODOA@lib2d?3?3IImage?$AA@ 0000000180009990     umodsys_lib_libmedia:umodsys.mod.media.images_std.obj
 0002:000019a0       ??_C@_0BH@FAPHCJAO@image_palette_alphakey?$AA@ 00000001800099a0     umodsys_lib_libmedia:umodsys.mod.media.images_std.obj
 0002:000019b8       ??_C@_0L@MIOOFCJG@image_hint?$AA@ 00000001800099b8     umodsys_lib_libmedia:umodsys.mod.media.images_std.obj
 0002:000019c8       ??_C@_0M@CPFHCGMF@image_alpha?$AA@ 00000001800099c8     umodsys_lib_libmedia:umodsys.mod.media.images_std.obj
 0002:000019d4       ??_C@_04GNPKBLNA@?4jpg?$AA@ 00000001800099d4     umodsys_lib_libmedia:umodsys.mod.media.images_std.obj
 0002:000019dc       ??_C@_05KPIGABMB@?4jpeg?$AA@ 00000001800099dc     umodsys_lib_libmedia:umodsys.mod.media.images_std.obj
 0002:000019e4       ??_C@_04EEOGCCFB@?4png?$AA@ 00000001800099e4     umodsys_lib_libmedia:umodsys.mod.media.images_std.obj
 0002:000019f0       ??_C@_0CB@LKENOGAK@PNG?5FATAL?5ERROR?3?5png?5error?5?9?5?$CFs?6@ 00000001800099f0     umodsys_lib_libmedia:umodsys.mod.media.images_std.obj
 0002:00001a18       ??_C@_0L@BAFDDAPG@Read?5Error?$AA@ 0000000180009a18     umodsys_lib_libmedia:umodsys.mod.media.images_std.obj
 0002:00001a28       ??_C@_0M@PMDCBFIO@1?47?40beta06?$AA@ 0000000180009a28     umodsys_lib_libmedia:umodsys.mod.media.images_std.obj
 0002:00001a38       ??_C@_0DA@GEKJILHJ@UModSys?3?3modules?3?3media?3?3images_@ 0000000180009a38     umodsys_lib_libmedia:umodsys.mod.media.images_std.obj
 0002:00001a68       ??_C@_0DJ@PEFKPECF@UMODSYS_MODULE_NAME?$CImedia?0images@ 0000000180009a68     umodsys_lib_libmedia:umodsys.mod.media.images_std.obj
 0002:00001aa8       ??_C@_0BC@FLDHBKGG@media?3?3images_std?$AA@ 0000000180009aa8     umodsys_lib_libmedia:umodsys.mod.media.images_std.obj
 0002:00001ac8       ??_7RGenerator@images_std@media@modules@UModSys@@6B@ 0000000180009ac8     umodsys_lib_libmedia:umodsys.mod.media.images_std.obj
 0002:00001b68       ??_7RMediaFilter@images_std@media@modules@UModSys@@6BIRefObject@core@4@@ 0000000180009b68     umodsys_lib_libmedia:umodsys.mod.media.images_std.obj
 0002:00001be8       ??_7RMediaFilter@images_std@media@modules@UModSys@@6BISetter@SFlags@libmedia@4@@ 0000000180009be8     umodsys_lib_libmedia:umodsys.mod.media.images_std.obj
[...]
 0001:000050c0       ??__E?s_modreg@RModuleReg@test1@test@modules@UModSys@@2U12345@A@@YAXXZ 00000001800060c0 f    CIL library: CIL module
 0001:00005110       ??__E?s_modreg_chain@RModuleReg@test1@test@modules@UModSys@@2USModuleRegChain@base@5@A@@YAXXZ 0000000180006110 f    CIL library: CIL module
 0001:00005140       ??__E?s_uid@RGenerator@test1@test@modules@UModSys@@2USUniquePointer@core@5@A@@YAXXZ 0000000180006140 f    CIL library: CIL module
 0001:00005180       ??__E?s_id@?$TObjectUniqueID@UIRoot@core@UModSys@@@tl@UModSys@@2USUniquePointer@core@3@A@@YAXXZ 0000000180006180 f    CIL library: CIL module
 0001:000051c0       ??__E?s_id@?$TObjectUniqueID@UIRefObject@core@UModSys@@@tl@UModSys@@2USUniquePointer@core@3@A@@YAXXZ 00000001800061c0 f    CIL library: CIL module
 0001:00005200       ??__E?s_id@?$TObjectUniqueID@UIParameters@core@UModSys@@@tl@UModSys@@2USUniquePointer@core@3@A@@YAXXZ 0000000180006200 f    CIL library: CIL module
 0001:00005240       ??__E?s_id@?$TObjectUniqueID@UIModule@base@UModSys@@@tl@UModSys@@2USUniquePointer@core@3@A@@YAXXZ 0000000180006240 f    CIL library: CIL module
 0001:00005280       ??__E?s_id@?$TObjectUniqueID@UIModuleLibrary@base@UModSys@@@tl@UModSys@@2USUniquePointer@core@3@A@@YAXXZ 0000000180006280 f    CIL library: CIL module
 0001:000052c0       ??__E?s_id@?$TObjectUniqueID@UIModObject@base@UModSys@@@tl@UModSys@@2USUniquePointer@core@3@A@@YAXXZ 00000001800062c0 f    CIL library: CIL module
 0001:00005300       ??__E?s_id@?$TObjectUniqueID@UIGenerator@base@UModSys@@@tl@UModSys@@2USUniquePointer@core@3@A@@YAXXZ 0000000180006300 f    CIL library: CIL module
 0001:00005340       ??__E?s_id@?$TObjectUniqueID@UIShell@base@UModSys@@@tl@UModSys@@2USUniquePointer@core@3@A@@YAXXZ 0000000180006340 f    CIL library: CIL module
 0001:00005380       ??__E?s_id@?$TObjectUniqueID@UIConsole@base@UModSys@@@tl@UModSys@@2USUniquePointer@core@3@A@@YAXXZ 0000000180006380 f    CIL library: CIL module
 0001:000053c0       ??__E?s_id@?$TObjectUniqueID@UISystem@base@UModSys@@@tl@UModSys@@2USUniquePointer@core@3@A@@YAXXZ 00000001800063c0 f    CIL library: CIL module
 0001:00005400       ??__E?s_id@?$TObjectUniqueID@UIStreamReader@libmedia@UModSys@@@tl@UModSys@@2USUniquePointer@core@3@A@@YAXXZ 0000000180006400 f    CIL library: CIL module
 0001:00005440       ??__E?s_id@?$TObjectUniqueID@UIStreamWriter@libmedia@UModSys@@@tl@UModSys@@2USUniquePointer@core@3@A@@YAXXZ 0000000180006440 f    CIL library: CIL module
 0001:00005480       ??__E?s_id@?$TObjectUniqueID@UIBinArchive@libmedia@UModSys@@@tl@UModSys@@2USUniquePointer@core@3@A@@YAXXZ 0000000180006480 f    CIL library: CIL module
 0001:000054c0       ??__E?s_id@?$TObjectUniqueID@UIBinObjFilter@libmedia@UModSys@@@tl@UModSys@@2USUniquePointer@core@3@A@@YAXXZ 00000001800064c0 f    CIL library: CIL module
 0001:00005500       ??__E?s_id@?$TObjectUniqueID@UILibrary@libmedia@UModSys@@@tl@UModSys@@2USUniquePointer@core@3@A@@YAXXZ 0000000180006500 f    CIL library: CIL module
 0001:00005540       ??__E?s_id@?$TObjectUniqueID@UILibraryBinTree@libmedia@UModSys@@@tl@UModSys@@2USUniquePointer@core@3@A@@YAXXZ 0000000180006540 f    CIL library: CIL module
 0001:00005580       ??__E?s_id@?$TObjectUniqueID@UILibraryBinCache@libmedia@UModSys@@@tl@UModSys@@2USUniquePointer@core@3@A@@YAXXZ 0000000180006580 f    CIL library: CIL module
 0001:000055c0       ??__E?s_id@?$TObjectUniqueID@UILibraryObjFilter@libmedia@UModSys@@@tl@UModSys@@2USUniquePointer@core@3@A@@YAXXZ 00000001800065c0 f    CIL library: CIL module
 0001:00005600       ??__E?s_id@?$TObjectUniqueID@UILibraryObjCache@libmedia@UModSys@@@tl@UModSys@@2USUniquePointer@core@3@A@@YAXXZ 0000000180006600 f    CIL library: CIL module
 0001:00005640       ??__E?s_id@?$TObjectUniqueID@UILibraryLayered@libmedia@UModSys@@@tl@UModSys@@2USUniquePointer@core@3@A@@YAXXZ 0000000180006640 f    CIL library: CIL module
 0001:00005680       ??__E?s_id@?$TObjectUniqueID@UIConsoleExt@base@UModSys@@@tl@UModSys@@2USUniquePointer@core@3@A@@YAXXZ 0000000180006680 f    CIL library: CIL module
 0001:000056c0       ??__E?s_id@?$TObjectUniqueID@UIConsoleHelper@base@UModSys@@@tl@UModSys@@2USUniquePointer@core@3@A@@YAXXZ 00000001800066c0 f    CIL library: CIL module
 0001:00005700       ??__E?s_id@?$TObjectUniqueID@UIConsoleHelperHistory@base@UModSys@@@tl@UModSys@@2USUniquePointer@core@3@A@@YAXXZ 0000000180006700 f    CIL library: CIL module
 0001:00005740       ??__E?s_id@?$TObjectUniqueID@UIConsoleHelperInput@base@UModSys@@@tl@UModSys@@2USUniquePointer@core@3@A@@YAXXZ 0000000180006740 f    CIL library: CIL module
 0001:00005780       ??__E?s_id@?$TObjectUniqueID@UIConsoleHelperOutput@base@UModSys@@@tl@UModSys@@2USUniquePointer@core@3@A@@YAXXZ 0000000180006780 f    CIL library: CIL module
 0001:000057c0       ??__E?s_id@?$TObjectUniqueID@UIConsoleHelperOutputFCS@base@UModSys@@@tl@UModSys@@2USUniquePointer@core@3@A@@YAXXZ 00000001800067c0 f    CIL library: CIL module
 0001:00005800       ??__E?s_id@?$TObjectUniqueID@UIKeyboardController@libui@UModSys@@@tl@UModSys@@2USUniquePointer@core@3@A@@YAXXZ 0000000180006800 f    CIL library: CIL module
 0001:00005840       ??__E?s_id@?$TObjectUniqueID@UIMouseController@libui@UModSys@@@tl@UModSys@@2USUniquePointer@core@3@A@@YAXXZ 0000000180006840 f    CIL library: CIL module
 0001:00005880       ??__E?s_id@?$TObjectUniqueID@UIJoystickController@libui@UModSys@@@tl@UModSys@@2USUniquePointer@core@3@A@@YAXXZ 0000000180006880 f    CIL library: CIL module
 0001:000058c0       ??__E?s_id@?$TObjectUniqueID@UITerminal@libui@UModSys@@@tl@UModSys@@2USUniquePointer@core@3@A@@YAXXZ 00000001800068c0 f    CIL library: CIL module
 0001:00005900       ??__E?s_id@?$TObjectUniqueID@UIConsoleHelperInput_UIKey@libui@UModSys@@@tl@UModSys@@2USUniquePointer@core@3@A@@YAXXZ 0000000180006900 f    CIL library: CIL module
 0001:00005940       ??__E?s_id@?$TObjectUniqueID@UIImage@lib2d@UModSys@@@tl@UModSys@@2USUniquePointer@core@3@A@@YAXXZ 0000000180006940 f    CIL library: CIL module
 0001:00005980       ??__E?s_id@?$TObjectUniqueID@UIMultiImage@lib2d@UModSys@@@tl@UModSys@@2USUniquePointer@core@3@A@@YAXXZ 0000000180006980 f    CIL library: CIL module
 0001:000059c0       ??__E?s_id@?$TObjectUniqueID@UIRenderDriver@lib2d@UModSys@@@tl@UModSys@@2USUniquePointer@core@3@A@@YAXXZ 00000001800069c0 f    CIL library: CIL module
 0001:00005a00       ??__E?s_id@?$TObjectUniqueID@UILines@test1@test@modules@UModSys@@@tl@UModSys@@2USUniquePointer@core@3@A@@YAXXZ 0000000180006a00 f    CIL library: CIL module
 0001:00005a40       ??__E?s_id@?$TObjectUniqueID@URLines@test1@test@modules@UModSys@@@tl@UModSys@@2USUniquePointer@core@3@A@@YAXXZ 0000000180006a40 f    CIL library: CIL module
 0001:00005a80       ??__E?s_id@?$TObjectUniqueID@URLines_Filter@test1@test@modules@UModSys@@@tl@UModSys@@2USUniquePointer@core@3@A@@YAXXZ 0000000180006a80 f    CIL library: CIL module
 0001:00005ac0       ??__E?s_id@?$TObjectUniqueID@URTest1_Shell@test1@test@modules@UModSys@@@tl@UModSys@@2USUniquePointer@core@3@A@@YAXXZ 0000000180006ac0 f    CIL library: CIL module
 0001:00005b00       ??__E?s_id@?$TObjectUniqueID@URGenerator@test1@test@modules@UModSys@@@tl@UModSys@@2USUniquePointer@core@3@A@@YAXXZ 0000000180006b00 f    CIL library: CIL module
 0001:00005b40       ??__E?s_modreg@RModuleReg@SDL_core@ui@modules@UModSys@@2U12345@A@@YAXXZ 0000000180006b40 f    CIL library: CIL module
 0001:00005b90       ??__E?s_modreg_chain@RModuleReg@SDL_core@ui@modules@UModSys@@2USModuleRegChain@base@5@A@@YAXXZ 0000000180006b90 f    CIL library: CIL module
 0001:00005bc0       ??__E?s_uid@RGenerator@SDL_core@ui@modules@UModSys@@2USUniquePointer@core@5@A@@YAXXZ 0000000180006bc0 f    CIL library: CIL module
 0001:00005c00       ??__E?s_id@?$TObjectUniqueID@URRenderDriver2D_SDL_core@SDL_core@ui@modules@UModSys@@@tl@UModSys@@2USUniquePointer@core@3@A@@YAXXZ 0000000180006c00 f    CIL library: CIL module
 0001:00005c40       ??__E?s_id@?$TObjectUniqueID@URTerminal_SDL_core@SDL_core@ui@modules@UModSys@@@tl@UModSys@@2USUniquePointer@core@3@A@@YAXXZ 0000000180006c40 f    CIL library: CIL module
 0001:00005c80       ??__E?s_id@?$TObjectUniqueID@URGenerator@SDL_core@ui@modules@UModSys@@@tl@UModSys@@2USUniquePointer@core@3@A@@YAXXZ 0000000180006c80 f    CIL library: CIL module
 0001:00005cc0       ??__E?s_modreg@RModuleReg@images_std@media@modules@UModSys@@2U12345@A@@YAXXZ 0000000180006cc0 f    CIL library: CIL module
 0001:00005d10       ??__E?s_modreg_chain@RModuleReg@images_std@media@modules@UModSys@@2USModuleRegChain@base@5@A@@YAXXZ 0000000180006d10 f    CIL library: CIL module
 0001:00005d40       ??__E?s_uid@RGenerator@images_std@media@modules@UModSys@@2USUniquePointer@core@5@A@@YAXXZ 0000000180006d40 f    CIL library: CIL module
 0001:00005d80       ??__E?s_id@?$TObjectUniqueID@URMediaFilter@images_std@media@modules@UModSys@@@tl@UModSys@@2USUniquePointer@core@3@A@@YAXXZ 0000000180006d80 f    CIL library: CIL module
 0001:00005dc0       ??__E?s_id@?$TObjectUniqueID@URGenerator@images_std@media@modules@UModSys@@@tl@UModSys@@2USUniquePointer@core@3@A@@YAXXZ 0000000180006dc0 f    CIL library: CIL module
 0001:00005e00       ??__EM@UModSys@@YAXXZ      0000000180006e00 f    CIL library: CIL module
 0001:00005e20       ??__E?root@SModuleRegChain@base@UModSys@@2U123@A@@YAXXZ 0000000180006e20 f    CIL library: CIL module
 0001:00005e50       ??__E?s_library@RModuleLibraryReg_Chain@base@UModSys@@2U123@A@@YAXXZ 0000000180006e50 f    CIL library: CIL module
 0001:00005e70       ??__E?root@SUniquePointer@core@UModSys@@2U123@A@@YAXXZ 0000000180006e70 f    CIL library: CIL module
 0001:00005ea0       ??__F?s_modreg@RModuleReg@test1@test@modules@UModSys@@2U12345@A@@YAXXZ 0000000180006ea0 f    CIL library: CIL module
 0001:00005ec0       ??__F?s_modreg_chain@RModuleReg@test1@test@modules@UModSys@@2USModuleRegChain@base@5@A@@YAXXZ 0000000180006ec0 f    CIL library: CIL module
 0001:00005ed0       ??__F?s_uid@RGenerator@test1@test@modules@UModSys@@2USUniquePointer@core@5@A@@YAXXZ 0000000180006ed0 f    CIL library: CIL module
 0001:00005ee0       ??__Fh@?1??s_holder@RGenerator@test1@test@modules@UModSys@@SAAEAU?$TTypeStaticHolder@URGenerator@test1@test@modules@UModSys@@@tl@5@XZ@YAXXZ 0000000180006ee0 f    CIL library: CIL module
 0001:00005f10       ??__F?s_id@?$TObjectUniqueID@URGenerator@test1@test@modules@UModSys@@@tl@UModSys@@2USUniquePointer@core@3@A@@YAXXZ 0000000180006f10 f    CIL library: CIL module
 0001:00005f20       ??__F?s_id@?$TObjectUniqueID@URTest1_Shell@test1@test@modules@UModSys@@@tl@UModSys@@2USUniquePointer@core@3@A@@YAXXZ 0000000180006f20 f    CIL library: CIL module
 0001:00005f30       ??__F?s_id@?$TObjectUniqueID@URLines_Filter@test1@test@modules@UModSys@@@tl@UModSys@@2USUniquePointer@core@3@A@@YAXXZ 0000000180006f30 f    CIL library: CIL module
 0001:00005f40       ??__F?s_id@?$TObjectUniqueID@URLines@test1@test@modules@UModSys@@@tl@UModSys@@2USUniquePointer@core@3@A@@YAXXZ 0000000180006f40 f    CIL library: CIL module
 0001:00005f50       ??__F?s_id@?$TObjectUniqueID@UILines@test1@test@modules@UModSys@@@tl@UModSys@@2USUniquePointer@core@3@A@@YAXXZ 0000000180006f50 f    CIL library: CIL module
 0001:00005f60       ??__F?s_id@?$TObjectUniqueID@UIRenderDriver@lib2d@UModSys@@@tl@UModSys@@2USUniquePointer@core@3@A@@YAXXZ 0000000180006f60 f    CIL library: CIL module
 0001:00005f70       ??__F?s_id@?$TObjectUniqueID@UIMultiImage@lib2d@UModSys@@@tl@UModSys@@2USUniquePointer@core@3@A@@YAXXZ 0000000180006f70 f    CIL library: CIL module
 0001:00005f80       ??__F?s_id@?$TObjectUniqueID@UIImage@lib2d@UModSys@@@tl@UModSys@@2USUniquePointer@core@3@A@@YAXXZ 0000000180006f80 f    CIL library: CIL module
 0001:00005f90       ??__F?s_id@?$TObjectUniqueID@UIConsoleHelperInput_UIKey@libui@UModSys@@@tl@UModSys@@2USUniquePointer@core@3@A@@YAXXZ 0000000180006f90 f    CIL library: CIL module
 0001:00005fa0       ??__F?s_id@?$TObjectUniqueID@UITerminal@libui@UModSys@@@tl@UModSys@@2USUniquePointer@core@3@A@@YAXXZ 0000000180006fa0 f    CIL library: CIL module
 0001:00005fb0       ??__F?s_id@?$TObjectUniqueID@UIJoystickController@libui@UModSys@@@tl@UModSys@@2USUniquePointer@core@3@A@@YAXXZ 0000000180006fb0 f    CIL library: CIL module
 0001:00005fc0       ??__F?s_id@?$TObjectUniqueID@UIMouseController@libui@UModSys@@@tl@UModSys@@2USUniquePointer@core@3@A@@YAXXZ 0000000180006fc0 f    CIL library: CIL module
 0001:00005fd0       ??__F?s_id@?$TObjectUniqueID@UIKeyboardController@libui@UModSys@@@tl@UModSys@@2USUniquePointer@core@3@A@@YAXXZ 0000000180006fd0 f    CIL library: CIL module
 0001:00005fe0       ??__F?s_id@?$TObjectUniqueID@UIConsoleHelperOutputFCS@base@UModSys@@@tl@UModSys@@2USUniquePointer@core@3@A@@YAXXZ 0000000180006fe0 f    CIL library: CIL module
 0001:00005ff0       ??__F?s_id@?$TObjectUniqueID@UIConsoleHelperOutput@base@UModSys@@@tl@UModSys@@2USUniquePointer@core@3@A@@YAXXZ 0000000180006ff0 f    CIL library: CIL module
 0001:00006000       ??__F?s_id@?$TObjectUniqueID@UIConsoleHelperInput@base@UModSys@@@tl@UModSys@@2USUniquePointer@core@3@A@@YAXXZ 0000000180007000 f    CIL library: CIL module
 0001:00006010       ??__F?s_id@?$TObjectUniqueID@UIConsoleHelperHistory@base@UModSys@@@tl@UModSys@@2USUniquePointer@core@3@A@@YAXXZ 0000000180007010 f    CIL library: CIL module
 0001:00006020       ??__F?s_id@?$TObjectUniqueID@UIConsoleHelper@base@UModSys@@@tl@UModSys@@2USUniquePointer@core@3@A@@YAXXZ 0000000180007020 f    CIL library: CIL module
 0001:00006030       ??__F?s_id@?$TObjectUniqueID@UIConsoleExt@base@UModSys@@@tl@UModSys@@2USUniquePointer@core@3@A@@YAXXZ 0000000180007030 f    CIL library: CIL module
 0001:00006040       ??__F?s_id@?$TObjectUniqueID@UILibraryLayered@libmedia@UModSys@@@tl@UModSys@@2USUniquePointer@core@3@A@@YAXXZ 0000000180007040 f    CIL library: CIL module
 0001:00006050       ??__F?s_id@?$TObjectUniqueID@UILibraryObjCache@libmedia@UModSys@@@tl@UModSys@@2USUniquePointer@core@3@A@@YAXXZ 0000000180007050 f    CIL library: CIL module
 0001:00006060       ??__F?s_id@?$TObjectUniqueID@UILibraryObjFilter@libmedia@UModSys@@@tl@UModSys@@2USUniquePointer@core@3@A@@YAXXZ 0000000180007060 f    CIL library: CIL module
 0001:00006070       ??__F?s_id@?$TObjectUniqueID@UILibraryBinCache@libmedia@UModSys@@@tl@UModSys@@2USUniquePointer@core@3@A@@YAXXZ 0000000180007070 f    CIL library: CIL module
 0001:00006080       ??__F?s_id@?$TObjectUniqueID@UILibraryBinTree@libmedia@UModSys@@@tl@UModSys@@2USUniquePointer@core@3@A@@YAXXZ 0000000180007080 f    CIL library: CIL module
 0001:00006090       ??__F?s_id@?$TObjectUniqueID@UILibrary@libmedia@UModSys@@@tl@UModSys@@2USUniquePointer@core@3@A@@YAXXZ 0000000180007090 f    CIL library: CIL module
 0001:000060a0       ??__F?s_id@?$TObjectUniqueID@UIBinObjFilter@libmedia@UModSys@@@tl@UModSys@@2USUniquePointer@core@3@A@@YAXXZ 00000001800070a0 f    CIL library: CIL module
 0001:000060b0       ??__F?s_id@?$TObjectUniqueID@UIBinArchive@libmedia@UModSys@@@tl@UModSys@@2USUniquePointer@core@3@A@@YAXXZ 00000001800070b0 f    CIL library: CIL module
 0001:000060c0       ??__F?s_id@?$TObjectUniqueID@UIStreamWriter@libmedia@UModSys@@@tl@UModSys@@2USUniquePointer@core@3@A@@YAXXZ 00000001800070c0 f    CIL library: CIL module
 0001:000060d0       ??__F?s_id@?$TObjectUniqueID@UIStreamReader@libmedia@UModSys@@@tl@UModSys@@2USUniquePointer@core@3@A@@YAXXZ 00000001800070d0 f    CIL library: CIL module
 0001:000060e0       ??__F?s_id@?$TObjectUniqueID@UISystem@base@UModSys@@@tl@UModSys@@2USUniquePointer@core@3@A@@YAXXZ 00000001800070e0 f    CIL library: CIL module
 0001:000060f0       ??__F?s_id@?$TObjectUniqueID@UIConsole@base@UModSys@@@tl@UModSys@@2USUniquePointer@core@3@A@@YAXXZ 00000001800070f0 f    CIL library: CIL module
 0001:00006100       ??__F?s_id@?$TObjectUniqueID@UIShell@base@UModSys@@@tl@UModSys@@2USUniquePointer@core@3@A@@YAXXZ 0000000180007100 f    CIL library: CIL module
 0001:00006110       ??__F?s_id@?$TObjectUniqueID@UIGenerator@base@UModSys@@@tl@UModSys@@2USUniquePointer@core@3@A@@YAXXZ 0000000180007110 f    CIL library: CIL module
 0001:00006120       ??__F?s_id@?$TObjectUniqueID@UIModObject@base@UModSys@@@tl@UModSys@@2USUniquePointer@core@3@A@@YAXXZ 0000000180007120 f    CIL library: CIL module
 0001:00006130       ??__F?s_id@?$TObjectUniqueID@UIModuleLibrary@base@UModSys@@@tl@UModSys@@2USUniquePointer@core@3@A@@YAXXZ 0000000180007130 f    CIL library: CIL module
 0001:00006140       ??__F?s_id@?$TObjectUniqueID@UIModule@base@UModSys@@@tl@UModSys@@2USUniquePointer@core@3@A@@YAXXZ 0000000180007140 f    CIL library: CIL module
 0001:00006150       ??__F?s_id@?$TObjectUniqueID@UIParameters@core@UModSys@@@tl@UModSys@@2USUniquePointer@core@3@A@@YAXXZ 0000000180007150 f    CIL library: CIL module
 0001:00006160       ??__F?s_id@?$TObjectUniqueID@UIRefObject@core@UModSys@@@tl@UModSys@@2USUniquePointer@core@3@A@@YAXXZ 0000000180007160 f    CIL library: CIL module
 0001:00006170       ??__F?s_id@?$TObjectUniqueID@UIRoot@core@UModSys@@@tl@UModSys@@2USUniquePointer@core@3@A@@YAXXZ 0000000180007170 f    CIL library: CIL module
 0001:00006180       ??__F?s_modreg@RModuleReg@SDL_core@ui@modules@UModSys@@2U12345@A@@YAXXZ 0000000180007180 f    CIL library: CIL module
 0001:000061a0       ??__F?s_modreg_chain@RModuleReg@SDL_core@ui@modules@UModSys@@2USModuleRegChain@base@5@A@@YAXXZ 00000001800071a0 f    CIL library: CIL module
 0001:000061b0       ??__F?s_uid@RGenerator@SDL_core@ui@modules@UModSys@@2USUniquePointer@core@5@A@@YAXXZ 00000001800071b0 f    CIL library: CIL module
 0001:000061c0       ??__Fh@?1??s_holder@RGenerator@SDL_core@ui@modules@UModSys@@SAAEAU?$TTypeStaticHolder@URGenerator@SDL_core@ui@modules@UModSys@@@tl@5@XZ@YAXXZ 00000001800071c0 f    CIL library: CIL module
 0001:000061f0       ??__F?s_id@?$TObjectUniqueID@URGenerator@SDL_core@ui@modules@UModSys@@@tl@UModSys@@2USUniquePointer@core@3@A@@YAXXZ 00000001800071f0 f    CIL library: CIL module
 0001:00006200       ??__F?s_id@?$TObjectUniqueID@URTerminal_SDL_core@SDL_core@ui@modules@UModSys@@@tl@UModSys@@2USUniquePointer@core@3@A@@YAXXZ 0000000180007200 f    CIL library: CIL module
 0001:00006210       ??__F?s_id@?$TObjectUniqueID@URRenderDriver2D_SDL_core@SDL_core@ui@modules@UModSys@@@tl@UModSys@@2USUniquePointer@core@3@A@@YAXXZ 0000000180007210 f    CIL library: CIL module
 0001:00006220       ??__F?s_modreg@RModuleReg@images_std@media@modules@UModSys@@2U12345@A@@YAXXZ 0000000180007220 f    CIL library: CIL module
 0001:00006240       ??__F?s_modreg_chain@RModuleReg@images_std@media@modules@UModSys@@2USModuleRegChain@base@5@A@@YAXXZ 0000000180007240 f    CIL library: CIL module
 0001:00006250       ??__F?s_uid@RGenerator@images_std@media@modules@UModSys@@2USUniquePointer@core@5@A@@YAXXZ 0000000180007250 f    CIL library: CIL module
 0001:00006260       ??__Fh@?1??s_holder@RGenerator@images_std@media@modules@UModSys@@SAAEAU?$TTypeStaticHolder@URGenerator@images_std@media@modules@UModSys@@@tl@5@XZ@YAXXZ 0000000180007260 f    CIL library: CIL module
 0001:00006290       ??__F?s_id@?$TObjectUniqueID@URGenerator@images_std@media@modules@UModSys@@@tl@UModSys@@2USUniquePointer@core@3@A@@YAXXZ 0000000180007290 f    CIL library: CIL module
 0001:000062a0       ??__F?s_id@?$TObjectUniqueID@URMediaFilter@images_std@media@modules@UModSys@@@tl@UModSys@@2USUniquePointer@core@3@A@@YAXXZ 00000001800072a0 f    CIL library: CIL module
 0001:000062b0       ??__FM@UModSys@@YAXXZ      00000001800072b0 f    CIL library: CIL module
 0001:000062c0       ??__F?root@SModuleRegChain@base@UModSys@@2U123@A@@YAXXZ 00000001800072c0 f    CIL library: CIL module
 0001:000062d0       ??__F?s_library@RModuleLibraryReg_Chain@base@UModSys@@2U123@A@@YAXXZ 00000001800072d0 f    CIL library: CIL module
 0001:000062e0       ??__F?root@SUniquePointer@core@UModSys@@2U123@A@@YAXXZ 00000001800072e0 f    CIL library: CIL module

 Exports

  ordinal    name

        1    UModSys_Plugin_Entry2
