 plugin_test1

 Timestamp is 52d6339b (Wed Jan 15 10:07:07 2014)

 Preferred load address is 0000000180000000

 Start         Length     Name                   Class
 0001:00000000 0001cab0H .text                   CODE
 0001:0001cab0 0000005eH .text$00                CODE
 0001:0001cb10 000019f8H .text$x                 CODE
 0001:0001e510 00001b82H .text$yc                CODE
 0001:000200a0 0000089cH .text$yd                CODE
 0002:00000000 00000390H .idata$5                DATA
 0002:00000390 00000008H .CRT$XCA                DATA
 0002:00000398 00001750H .CRT$XCU                DATA
 0002:00001ae8 00000008H .CRT$XCZ                DATA
 0002:00001af0 00000008H .CRT$XIA                DATA
 0002:00001af8 00000008H .CRT$XIAA               DATA
 0002:00001b00 00000008H .CRT$XIZ                DATA
 0002:00001b10 000047b8H .rdata                  DATA
 0002:000062d0 000029d4H .rdata$r                DATA
 0002:00008ca8 00000008H .rtc$IAA                DATA
 0002:00008cb0 00000008H .rtc$IZZ                DATA
 0002:00008cb8 00000008H .rtc$TAA                DATA
 0002:00008cc0 00000008H .rtc$TZZ                DATA
 0002:00008cc8 00003aa0H .xdata                  DATA
 0002:0000c768 00000078H .idata$2                DATA
 0002:0000c7e0 00000014H .idata$3                DATA
 0002:0000c7f8 00000390H .idata$4                DATA
 0002:0000cb88 000007feH .idata$6                DATA
 0002:0000d390 00000059H .edata                  DATA
 0003:00000000 00001300H .data                   DATA
 0003:00001300 00001ea0H .bss                    DATA
 0004:00000000 00002994H .pdata                  DATA

  Address         Publics by Value              Rva+Base               Lib:Object

 0000:00000000       ___safe_se_handler_count   0000000000000000     <absolute>
 0000:00000000       ___safe_se_handler_table   0000000000000000     <absolute>
 0000:00000000       __ImageBase                0000000180000000     <linker-defined>
 0001:00000000       ?suicide@RGenerator@test1@test@modules@UModSys@@UEAAXXZ 0000000180001000 f i plugin_test1.obj
 0001:00000000       ?suicide@RGenerator@serialize_json@media@modules@UModSys@@UEAAXXZ 0000000180001000 f i umodsys_lib_libmedia:umodsys.mod.media.serialize_json.obj
 0001:00000000       ?suicide@RGenerator@stdlib@lib2d@modules@UModSys@@UEAAXXZ 0000000180001000 f i umodsys_lib_lib2d:umodsys.mod.2d.stdlib.obj
 0001:00000000       ??3@YAXPEAX0@Z             0000000180001000 f i plugin_test1.obj
 0001:00000000       ?suicide@RGenerator@frames@ui@modules@UModSys@@UEAAXXZ 0000000180001000 f i umodsys_lib_libui:umodsys.mod.ui.frames.obj
 0001:00000000       ?suicide@RGenerator@SDL_core@ui@modules@UModSys@@UEAAXXZ 0000000180001000 f i umodsys_lib_libui:umodsys.mod.ui.SDL_core.obj
 0001:00000000       ?suicide@RGenerator@images_std@media@modules@UModSys@@UEAAXXZ 0000000180001000 f i umodsys_lib_libmedia:umodsys.mod.media.images_std.obj
 0001:00000000       ?suicide@RGenerator@zlib@media@modules@UModSys@@UEAAXXZ 0000000180001000 f i umodsys_lib_libmedia:umodsys.mod.media.zlib.obj
 0001:00000000       ?render_box@RRenderDriver2D@SDL_core@ui@modules@UModSys@@UEAAXPEAUIImage@lib2d@5@AEBU?$TVector2@H@math3d@5@1AEBU?$TVector2@M@95@2@Z 0000000180001000 f i umodsys_lib_libui:umodsys.mod.ui.SDL_core.obj
 0001:00000010       ??1SCMemShared@core@UModSys@@QEAA@XZ 0000000180001010 f i plugin_test1.obj
 0001:00000010       ??1State@RImage_Memory@stdlib@lib2d@modules@UModSys@@QEAA@XZ 0000000180001010 f i umodsys_lib_lib2d:umodsys.mod.2d.stdlib.obj
 0001:00000010       ??1SMemShared@core@UModSys@@QEAA@XZ 0000000180001010 f i plugin_test1.obj
 0001:00000040       ??3IRoot@core@UModSys@@SAXPEAXAEBUSIMemAlloc@12@@Z 0000000180001040 f i plugin_test1.obj
 0001:00000050       ??1?$TParametersA@$0BAL@@core@UModSys@@QEAA@XZ 0000000180001050 f i umodsys_lib_lib2d:umodsys.mod.2d.stdlib.obj
 0001:00000050       ??1SParameters@core@UModSys@@QEAA@XZ 0000000180001050 f i plugin_test1.obj
 0001:00000050       ??1?$TParametersA@$0EAA@@core@UModSys@@QEAA@XZ 0000000180001050 f i plugin_test1.obj
 0001:00000050       ??1?$TParametersA@$0BAA@@core@UModSys@@QEAA@XZ 0000000180001050 f i umodsys_lib_libui:umodsys.mod.ui.SDL_core.obj
 0001:00000070       ??_GIRoot@core@UModSys@@UEAAPEAXI@Z 0000000180001070 f i plugin_test1.obj
 0001:00000070       ??_EIRoot@core@UModSys@@UEAAPEAXI@Z 0000000180001070 f i  CIL library: CIL module
 0001:000000a0       ??1IBinObjFilter@libmedia@UModSys@@UEAA@XZ 00000001800010a0 f i plugin_test1.obj
 0001:000000e0       ?root_get_interface_info@RTest1_Shell@test1@test@modules@UModSys@@UEBAAEBUSUniquePointerInfo@core@5@XZ 00000001800010e0 f i plugin_test1.obj
 0001:000000f0       ?root_get_interface_type@RTest1_Shell@test1@test@modules@UModSys@@UEBAPEBUSUniquePointerInfo@core@5@XZ 00000001800010f0 f i plugin_test1.obj
 0001:00000100       ?root_get_interface_types@RFrame_Button@frames@ui@modules@UModSys@@UEBA_KAEAUSUniquePtrList@core@5@@Z 0000000180001100 f i umodsys_lib_libui:umodsys.mod.ui.frames.obj
 0001:00000100       ?root_get_interface_types@RRenderDriver2D@SDL_core@ui@modules@UModSys@@UEBA_KAEAUSUniquePtrList@core@5@@Z 0000000180001100 f i umodsys_lib_libui:umodsys.mod.ui.SDL_core.obj
 0001:00000100       ?root_get_interface_types@RMediaFilter@images_std@media@modules@UModSys@@UEBA_KAEAUSUniquePtrList@core@5@@Z 0000000180001100 f i umodsys_lib_libmedia:umodsys.mod.media.images_std.obj
 0001:00000100       ?root_get_interface_types@RTest1_Shell@test1@test@modules@UModSys@@UEBA_KAEAUSUniquePtrList@core@5@@Z 0000000180001100 f i plugin_test1.obj
 0001:00000100       ?root_get_interface_types@RFrame_Edit@frames@ui@modules@UModSys@@UEBA_KAEAUSUniquePtrList@core@5@@Z 0000000180001100 f i umodsys_lib_libui:umodsys.mod.ui.frames.obj
 0001:00000100       ?root_get_interface_types@RImage_Memory@stdlib@lib2d@modules@UModSys@@UEBA_KAEAUSUniquePtrList@core@5@@Z 0000000180001100 f i umodsys_lib_lib2d:umodsys.mod.2d.stdlib.obj
 0001:00000100       ?root_get_interface_types@RGenerator@images_std@media@modules@UModSys@@UEBA_KAEAUSUniquePtrList@core@5@@Z 0000000180001100 f i umodsys_lib_libmedia:umodsys.mod.media.images_std.obj
 0001:00000100       ?root_get_interface_types@RSerializeReader@serialize_json@media@modules@UModSys@@UEBA_KAEAUSUniquePtrList@core@5@@Z 0000000180001100 f i umodsys_lib_libmedia:umodsys.mod.media.serialize_json.obj
 0001:00000100       ?root_get_interface_types@RKeyboardController@SDL_core@ui@modules@UModSys@@UEBA_KAEAUSUniquePtrList@core@5@@Z 0000000180001100 f i umodsys_lib_libui:umodsys.mod.ui.SDL_core.obj
 0001:00000100       ?root_get_interface_types@RGenerator@zlib@media@modules@UModSys@@UEBA_KAEAUSUniquePtrList@core@5@@Z 0000000180001100 f i umodsys_lib_libmedia:umodsys.mod.media.zlib.obj
 0001:00000100       ?root_get_interface_types@RGenerator@frames@ui@modules@UModSys@@UEBA_KAEAUSUniquePtrList@core@5@@Z 0000000180001100 f i umodsys_lib_libui:umodsys.mod.ui.frames.obj
 0001:00000100       ?root_get_interface_types@RMultiImage@stdlib@lib2d@modules@UModSys@@UEBA_KAEAUSUniquePtrList@core@5@@Z 0000000180001100 f i umodsys_lib_lib2d:umodsys.mod.2d.stdlib.obj
 0001:00000100       ?root_get_interface_types@RMouseController@SDL_core@ui@modules@UModSys@@UEBA_KAEAUSUniquePtrList@core@5@@Z 0000000180001100 f i umodsys_lib_libui:umodsys.mod.ui.SDL_core.obj
 0001:00000100       ?root_get_interface_types@RGenerator@test1@test@modules@UModSys@@UEBA_KAEAUSUniquePtrList@core@5@@Z 0000000180001100 f i plugin_test1.obj
 0001:00000100       ?root_get_interface_types@RGenerator@stdlib@lib2d@modules@UModSys@@UEBA_KAEAUSUniquePtrList@core@5@@Z 0000000180001100 f i umodsys_lib_lib2d:umodsys.mod.2d.stdlib.obj
 0001:00000100       ?root_get_interface_types@RFrame_Image@frames@ui@modules@UModSys@@UEBA_KAEAUSUniquePtrList@core@5@@Z 0000000180001100 f i umodsys_lib_libui:umodsys.mod.ui.frames.obj
 0001:00000100       ?root_get_interface_types@RGenerator@serialize_json@media@modules@UModSys@@UEBA_KAEAUSUniquePtrList@core@5@@Z 0000000180001100 f i umodsys_lib_libmedia:umodsys.mod.media.serialize_json.obj
 0001:00000100       ?root_get_interface_types@RDialog@frames@ui@modules@UModSys@@UEBA_KAEAUSUniquePtrList@core@5@@Z 0000000180001100 f i umodsys_lib_libui:umodsys.mod.ui.frames.obj
 0001:00000100       ?root_get_interface_types@RCollector@frames@ui@modules@UModSys@@UEBA_KAEAUSUniquePtrList@core@5@@Z 0000000180001100 f i umodsys_lib_libui:umodsys.mod.ui.frames.obj
 0001:00000100       ?root_get_interface_types@RSerializeWriter@serialize_json@media@modules@UModSys@@UEBA_KAEAUSUniquePtrList@core@5@@Z 0000000180001100 f i umodsys_lib_libmedia:umodsys.mod.media.serialize_json.obj
 0001:00000100       ?root_get_interface_types@RGenerator@SDL_core@ui@modules@UModSys@@UEBA_KAEAUSUniquePtrList@core@5@@Z 0000000180001100 f i umodsys_lib_libui:umodsys.mod.ui.SDL_core.obj
 0001:00000100       ?root_get_interface_types@RBinArchiveFrameClient_ZIP@zlib@media@modules@UModSys@@UEBA_KAEAUSUniquePtrList@core@5@@Z 0000000180001100 f i umodsys_lib_libmedia:umodsys.mod.media.zlib.obj
 0001:00000100       ?root_get_interface_types@RImageFactory_Memory@stdlib@lib2d@modules@UModSys@@UEBA_KAEAUSUniquePtrList@core@5@@Z 0000000180001100 f i umodsys_lib_lib2d:umodsys.mod.2d.stdlib.obj
 0001:00000100       ?root_get_interface_types@RFrame_Text@frames@ui@modules@UModSys@@UEBA_KAEAUSUniquePtrList@core@5@@Z 0000000180001100 f i umodsys_lib_libui:umodsys.mod.ui.frames.obj
 0001:00000100       ?root_get_interface_types@RMultiImage2D_SDL_ttf@SDL_core@ui@modules@UModSys@@UEBA_KAEAUSUniquePtrList@core@5@@Z 0000000180001100 f i umodsys_lib_libui:umodsys.mod.ui.SDL_core.obj
 0001:00000100       ?root_get_interface_types@RFrame_List@frames@ui@modules@UModSys@@UEBA_KAEAUSUniquePtrList@core@5@@Z 0000000180001100 f i umodsys_lib_libui:umodsys.mod.ui.frames.obj
 0001:00000100       ?root_get_interface_types@RTerminal@SDL_core@ui@modules@UModSys@@UEBA_KAEAUSUniquePtrList@core@5@@Z 0000000180001100 f i umodsys_lib_libui:umodsys.mod.ui.SDL_core.obj
 0001:00000100       ?root_get_interface_types@RFrame_Frame@frames@ui@modules@UModSys@@UEBA_KAEAUSUniquePtrList@core@5@@Z 0000000180001100 f i umodsys_lib_libui:umodsys.mod.ui.frames.obj
 0001:00000110       ?root_get_other_interface@RTest1_Shell@test1@test@modules@UModSys@@UEBAPEBUIRoot@core@5@PEBUSUniquePointerInfo@75@@Z 0000000180001110 f i plugin_test1.obj
 0001:00000110       ?root_get_other_interface@RTest1_Shell@test1@test@modules@UModSys@@UEAAPEAUIRoot@core@5@PEBUSUniquePointerInfo@75@@Z 0000000180001110 f i plugin_test1.obj
 0001:00000140       ?root_is_interface_supported@RTest1_Shell@test1@test@modules@UModSys@@UEBA_NPEBUSUniquePointerInfo@core@5@@Z 0000000180001140 f i plugin_test1.obj
 0001:00000170       ?ref_add@RTest1_Shell@test1@test@modules@UModSys@@UEBAXXZ 0000000180001170 f i plugin_test1.obj
 0001:00000180       ?ref_remove@RTest1_Shell@test1@test@modules@UModSys@@UEBAXXZ 0000000180001180 f i plugin_test1.obj
 0001:000001a0       ?ref_links@RTest1_Shell@test1@test@modules@UModSys@@UEBAHXZ 00000001800011a0 f i plugin_test1.obj
 0001:000001b0       ?ref_weak@RTest1_Shell@test1@test@modules@UModSys@@UEBA_NAEAUWeakPointer@IRefObject@core@5@@Z 00000001800011b0 f i plugin_test1.obj
 0001:000001d0       ?suicide@RTest1_Shell@test1@test@modules@UModSys@@UEAAXXZ 00000001800011d0 f i plugin_test1.obj
 0001:00000220       ??0RTest1_Shell@test1@test@modules@UModSys@@QEAA@PEAUIModObject@base@4@@Z 0000000180001220 f i plugin_test1.obj
 0001:00000370       ??1RTest1_Shell@test1@test@modules@UModSys@@UEAA@XZ 0000000180001370 f i plugin_test1.obj
 0001:00000420       ?connect@RTest1_Shell@test1@test@modules@UModSys@@UEAA_NXZ 0000000180001420 f i plugin_test1.obj
 0001:00000450       ?disconnect@RTest1_Shell@test1@test@modules@UModSys@@UEAA_NXZ 0000000180001450 f i plugin_test1.obj
 0001:00000480       ?process_tick@RTest1_Shell@test1@test@modules@UModSys@@UEAA_NAEBUSTimeMsec@core@5@@Z 0000000180001480 f i plugin_test1.obj
 0001:000004c0       ?process_command@RTest1_Shell@test1@test@modules@UModSys@@UEAA_NHQEBU?$TString@U?$TSCoreConst@D@su@tl@UModSys@@U?$TComparerBinaryHash@D@234@@tl@5@@Z 00000001800014c0 f i plugin_test1.obj
 0001:000004f0       ??_ERTest1_Shell@test1@test@modules@UModSys@@UEAAPEAXI@Z 00000001800014f0 f i  CIL library: CIL module
 0001:000004f0       ??_GRTest1_Shell@test1@test@modules@UModSys@@UEAAPEAXI@Z 00000001800014f0 f i plugin_test1.obj
 0001:00000520       ??1SFrameCreateParameters@libui@UModSys@@QEAA@XZ 0000000180001520 f i plugin_test1.obj
 0001:00000550       ?get_generated_names@RGenerator@test1@test@modules@UModSys@@UEBAHAEAUSUniquePtrList@core@5@@Z 0000000180001550 f i plugin_test1.obj
 0001:00000570       ?get_generated_types@RGenerator@test1@test@modules@UModSys@@UEBAHAEAUSUniquePtrList@core@5@PEBUSUniquePointerInfo@75@@Z 0000000180001570 f i plugin_test1.obj
 0001:000005d0       ?generate@RGenerator@test1@test@modules@UModSys@@UEAA_NAEAU?$TRefObject@UIRefObject@core@UModSys@@U?$TRefObjectFunc@UIRefObject@core@UModSys@@@tl@3@@tl@5@PEBUSUniquePointerInfo@core@5@AEBUSParameters@95@@Z 00000001800015d0 f i plugin_test1.obj
 0001:00000670       ?root_get_interface_info@RGenerator@test1@test@modules@UModSys@@UEBAAEBUSUniquePointerInfo@core@5@XZ 0000000180001670 f i plugin_test1.obj
 0001:00000680       ?root_get_interface_type@RGenerator@test1@test@modules@UModSys@@UEBAPEBUSUniquePointerInfo@core@5@XZ 0000000180001680 f i plugin_test1.obj
 0001:00000690       ?root_get_other_interface@RGenerator@test1@test@modules@UModSys@@UEAAPEAUIRoot@core@5@PEBUSUniquePointerInfo@75@@Z 0000000180001690 f i plugin_test1.obj
 0001:00000690       ?root_get_other_interface@RGenerator@test1@test@modules@UModSys@@UEBAPEBUIRoot@core@5@PEBUSUniquePointerInfo@75@@Z 0000000180001690 f i plugin_test1.obj
 0001:000006d0       ?root_is_interface_supported@RGenerator@test1@test@modules@UModSys@@UEBA_NPEBUSUniquePointerInfo@core@5@@Z 00000001800016d0 f i plugin_test1.obj
 0001:00000710       ?ref_links@RGenerator@SDL_core@ui@modules@UModSys@@UEBAHXZ 0000000180001710 f i umodsys_lib_libui:umodsys.mod.ui.SDL_core.obj
 0001:00000710       ?ref_links@RKeyboardController@SDL_core@ui@modules@UModSys@@UEBAHXZ 0000000180001710 f i umodsys_lib_libui:umodsys.mod.ui.SDL_core.obj
 0001:00000710       ?ref_links@RMultiImage2D_SDL_ttf@SDL_core@ui@modules@UModSys@@UEBAHXZ 0000000180001710 f i umodsys_lib_libui:umodsys.mod.ui.SDL_core.obj
 0001:00000710       ?ref_links@RDialog@frames@ui@modules@UModSys@@UEBAHXZ 0000000180001710 f i umodsys_lib_libui:umodsys.mod.ui.frames.obj
 0001:00000710       ?ref_links@RImageFactory_Memory@stdlib@lib2d@modules@UModSys@@UEBAHXZ 0000000180001710 f i umodsys_lib_lib2d:umodsys.mod.2d.stdlib.obj
 0001:00000710       ?ref_links@RSerializeReader@serialize_json@media@modules@UModSys@@UEBAHXZ 0000000180001710 f i umodsys_lib_libmedia:umodsys.mod.media.serialize_json.obj
 0001:00000710       ?ref_links@RGenerator@images_std@media@modules@UModSys@@UEBAHXZ 0000000180001710 f i umodsys_lib_libmedia:umodsys.mod.media.images_std.obj
 0001:00000710       ?ref_links@RGenerator@zlib@media@modules@UModSys@@UEBAHXZ 0000000180001710 f i umodsys_lib_libmedia:umodsys.mod.media.zlib.obj
 0001:00000710       ?ref_links@RRenderDriver2D@SDL_core@ui@modules@UModSys@@UEBAHXZ 0000000180001710 f i umodsys_lib_libui:umodsys.mod.ui.SDL_core.obj
 0001:00000710       ?ref_links@RGenerator@serialize_json@media@modules@UModSys@@UEBAHXZ 0000000180001710 f i umodsys_lib_libmedia:umodsys.mod.media.serialize_json.obj
 0001:00000710       ?ref_links@RMouseController@SDL_core@ui@modules@UModSys@@UEBAHXZ 0000000180001710 f i umodsys_lib_libui:umodsys.mod.ui.SDL_core.obj
 0001:00000710       ?ref_links@RMultiImage@stdlib@lib2d@modules@UModSys@@UEBAHXZ 0000000180001710 f i umodsys_lib_lib2d:umodsys.mod.2d.stdlib.obj
 0001:00000710       ?ref_links@RGenerator@stdlib@lib2d@modules@UModSys@@UEBAHXZ 0000000180001710 f i umodsys_lib_lib2d:umodsys.mod.2d.stdlib.obj
 0001:00000710       ?ref_links@RTerminal@SDL_core@ui@modules@UModSys@@UEBAHXZ 0000000180001710 f i umodsys_lib_libui:umodsys.mod.ui.SDL_core.obj
 0001:00000710       ?ref_links@RImage_Memory@stdlib@lib2d@modules@UModSys@@UEBAHXZ 0000000180001710 f i umodsys_lib_lib2d:umodsys.mod.2d.stdlib.obj
 0001:00000710       ?ref_links@RGenerator@frames@ui@modules@UModSys@@UEBAHXZ 0000000180001710 f i umodsys_lib_libui:umodsys.mod.ui.frames.obj
 0001:00000710       ?ref_links@RBinArchiveFrameClient_ZIP@zlib@media@modules@UModSys@@UEBAHXZ 0000000180001710 f i umodsys_lib_libmedia:umodsys.mod.media.zlib.obj
 0001:00000710       ?ref_links@RGenerator@test1@test@modules@UModSys@@UEBAHXZ 0000000180001710 f i plugin_test1.obj
 0001:00000720       ?get_uid@RGenerator@test1@test@modules@UModSys@@UEBAPEBUSUniquePointerInfo@core@5@XZ 0000000180001720 f i plugin_test1.obj
 0001:00000730       ?do_open@RModuleReg@test1@test@modules@UModSys@@UEAA_NXZ 0000000180001730 f i plugin_test1.obj
 0001:00000760       ?do_close@RModuleReg@test1@test@modules@UModSys@@UEAA_NXZ 0000000180001760 f i plugin_test1.obj
 0001:00000790       ??_ERModuleReg@test1@test@modules@UModSys@@UEAAPEAXI@Z 0000000180001790 f i  CIL library: CIL module
 0001:00000790       ??_GRModuleReg@test1@test@modules@UModSys@@UEAAPEAXI@Z 0000000180001790 f i plugin_test1.obj
 0001:000007c0       ??4?$TString@U?$TSCoreShared@USIMemAlloc@core@UModSys@@D@su@tl@UModSys@@U?$TComparerBinaryHash@D@234@@tl@UModSys@@QEAAAEBU012@AEBU012@@Z 00000001800017c0 f i plugin_test1.obj
 0001:00000810       ??1?$TRefObject@UIMouseController@libui@UModSys@@U?$TRefObjectFunc@UIMouseController@libui@UModSys@@@tl@3@@tl@UModSys@@QEAA@XZ 0000000180001810 f i plugin_test1.obj
 0001:00000810       ??1?$TRefObject@URMultiImage@stdlib@lib2d@modules@UModSys@@U?$TRefObjectFunc@URMultiImage@stdlib@lib2d@modules@UModSys@@@tl@5@@tl@UModSys@@QEAA@XZ 0000000180001810 f i umodsys_lib_lib2d:umodsys.mod.2d.stdlib.obj
 0001:00000810       ??1?$TRefObject@URTerminal@SDL_core@ui@modules@UModSys@@U?$TRefObjectFunc@URTerminal@SDL_core@ui@modules@UModSys@@@tl@5@@tl@UModSys@@QEAA@XZ 0000000180001810 f i umodsys_lib_libui:umodsys.mod.ui.SDL_core.obj
 0001:00000810       ??1?$TRefObject@URRenderDriver2D@SDL_core@ui@modules@UModSys@@U?$TRefObjectFunc@URRenderDriver2D@SDL_core@ui@modules@UModSys@@@tl@5@@tl@UModSys@@QEAA@XZ 0000000180001810 f i umodsys_lib_libui:umodsys.mod.ui.SDL_core.obj
 0001:00000810       ??1?$TRefObject@URFrame_Common@frames@ui@modules@UModSys@@U?$TRefObjectFunc@URFrame_Common@frames@ui@modules@UModSys@@@tl@5@@tl@UModSys@@QEAA@XZ 0000000180001810 f i umodsys_lib_libui:umodsys.mod.ui.frames.obj
 0001:00000810       ??1?$TRefObject@URImageFactory_Memory@stdlib@lib2d@modules@UModSys@@U?$TRefObjectFunc@URImageFactory_Memory@stdlib@lib2d@modules@UModSys@@@tl@5@@tl@UModSys@@QEAA@XZ 0000000180001810 f i umodsys_lib_lib2d:umodsys.mod.2d.stdlib.obj
 0001:00000810       ??1?$TRefObject@UIStreamReader@libmedia@UModSys@@U?$TRefObjectFunc@UIStreamReader@libmedia@UModSys@@@tl@3@@tl@UModSys@@QEAA@XZ 0000000180001810 f i plugin_test1.obj
 0001:00000810       ??1?$TRefObject@URCollector@frames@ui@modules@UModSys@@U?$TRefObjectFunc@URCollector@frames@ui@modules@UModSys@@@tl@5@@tl@UModSys@@QEAA@XZ 0000000180001810 f i umodsys_lib_libui:umodsys.mod.ui.frames.obj
 0001:00000810       ??1?$TRefObject@UIRefObject@core@UModSys@@U?$TRefObjectFunc@UIRefObject@core@UModSys@@@tl@3@@tl@UModSys@@QEAA@XZ 0000000180001810 f i plugin_test1.obj
 0001:00000810       ??1?$TRefObject@UITerminal@libui@UModSys@@U?$TRefObjectFunc@UITerminal@libui@UModSys@@@tl@3@@tl@UModSys@@QEAA@XZ 0000000180001810 f i plugin_test1.obj
 0001:00000810       ??1?$TRefObject@URBinArchiveFrameClient_ZIP@zlib@media@modules@UModSys@@U?$TRefObjectFunc@URBinArchiveFrameClient_ZIP@zlib@media@modules@UModSys@@@tl@5@@tl@UModSys@@QEAA@XZ 0000000180001810 f i umodsys_lib_libmedia:umodsys.mod.media.zlib.obj
 0001:00000810       ??1?$TRefObject@URSerializeReader@serialize_json@media@modules@UModSys@@U?$TRefObjectFunc@URSerializeReader@serialize_json@media@modules@UModSys@@@tl@5@@tl@UModSys@@QEAA@XZ 0000000180001810 f i umodsys_lib_libmedia:umodsys.mod.media.serialize_json.obj
 0001:00000810       ??1?$TRefObject@UIStreamWriter@libmedia@UModSys@@U?$TRefObjectFunc@UIStreamWriter@libmedia@UModSys@@@tl@3@@tl@UModSys@@QEAA@XZ 0000000180001810 f i plugin_test1.obj
 0001:00000810       ??1?$TRefObject@URKeyboardController@SDL_core@ui@modules@UModSys@@U?$TRefObjectFunc@URKeyboardController@SDL_core@ui@modules@UModSys@@@tl@5@@tl@UModSys@@QEAA@XZ 0000000180001810 f i umodsys_lib_libui:umodsys.mod.ui.SDL_core.obj
 0001:00000810       ??1?$TRefObject@UIImageFactory@lib2d@UModSys@@U?$TRefObjectFunc@UIImageFactory@lib2d@UModSys@@@tl@3@@tl@UModSys@@QEAA@XZ 0000000180001810 f i plugin_test1.obj
 0001:00000810       ??1?$TRefObject@URMouseController@SDL_core@ui@modules@UModSys@@U?$TRefObjectFunc@URMouseController@SDL_core@ui@modules@UModSys@@@tl@5@@tl@UModSys@@QEAA@XZ 0000000180001810 f i umodsys_lib_libui:umodsys.mod.ui.SDL_core.obj
 0001:00000810       ??1?$TRefObject@UIFrame@libui@UModSys@@U?$TRefObjectFunc@UIFrame@libui@UModSys@@@tl@3@@tl@UModSys@@QEAA@XZ 0000000180001810 f i umodsys_lib_libui:umodsys.mod.ui.frames.obj
 0001:00000810       ??1?$TRefObject@UIImage@lib2d@UModSys@@U?$TRefObjectFunc@UIImage@lib2d@UModSys@@@tl@3@@tl@UModSys@@QEAA@XZ 0000000180001810 f i plugin_test1.obj
 0001:00000810       ??1?$TRefObject@URImage_Memory@stdlib@lib2d@modules@UModSys@@U?$TRefObjectFunc@URImage_Memory@stdlib@lib2d@modules@UModSys@@@tl@5@@tl@UModSys@@QEAA@XZ 0000000180001810 f i umodsys_lib_lib2d:umodsys.mod.2d.stdlib.obj
 0001:00000810       ??1?$TRefObject@UIUtilities@libmedia@UModSys@@U?$TRefObjectFunc@UIUtilities@libmedia@UModSys@@@tl@3@@tl@UModSys@@QEAA@XZ 0000000180001810 f i plugin_test1.obj
 0001:00000810       ??1?$TRefObject@URMultiImage2D_SDL_ttf@SDL_core@ui@modules@UModSys@@U?$TRefObjectFunc@URMultiImage2D_SDL_ttf@SDL_core@ui@modules@UModSys@@@tl@5@@tl@UModSys@@QEAA@XZ 0000000180001810 f i umodsys_lib_libui:umodsys.mod.ui.SDL_core.obj
 0001:00000810       ??1?$TRefObject@UIKeyboardController@libui@UModSys@@U?$TRefObjectFunc@UIKeyboardController@libui@UModSys@@@tl@3@@tl@UModSys@@QEAA@XZ 0000000180001810 f i plugin_test1.obj
 0001:00000810       ??1?$TRefObject@URMediaFilter@images_std@media@modules@UModSys@@U?$TRefObjectFunc@URMediaFilter@images_std@media@modules@UModSys@@@tl@5@@tl@UModSys@@QEAA@XZ 0000000180001810 f i umodsys_lib_libmedia:umodsys.mod.media.images_std.obj
 0001:00000810       ??1?$TRefObject@UICollector@libui@UModSys@@U?$TRefObjectFunc@UICollector@libui@UModSys@@@tl@3@@tl@UModSys@@QEAA@XZ 0000000180001810 f i plugin_test1.obj
 0001:00000810       ??1?$TRefObject@UIRenderDriver@lib2d@UModSys@@U?$TRefObjectFunc@UIRenderDriver@lib2d@UModSys@@@tl@3@@tl@UModSys@@QEAA@XZ 0000000180001810 f i plugin_test1.obj
 0001:00000810       ??1?$TRefObject@URSerializeWriter@serialize_json@media@modules@UModSys@@U?$TRefObjectFunc@URSerializeWriter@serialize_json@media@modules@UModSys@@@tl@5@@tl@UModSys@@QEAA@XZ 0000000180001810 f i umodsys_lib_libmedia:umodsys.mod.media.serialize_json.obj
 0001:00000810       ??1?$TRefObject@UIMultiImage@lib2d@UModSys@@U?$TRefObjectFunc@UIMultiImage@lib2d@UModSys@@@tl@3@@tl@UModSys@@QEAA@XZ 0000000180001810 f i plugin_test1.obj
 0001:00000810       ??1?$TRefObject@URDialog@frames@ui@modules@UModSys@@U?$TRefObjectFunc@URDialog@frames@ui@modules@UModSys@@@tl@5@@tl@UModSys@@QEAA@XZ 0000000180001810 f i umodsys_lib_libui:umodsys.mod.ui.frames.obj
 0001:00000840       ?info_release@?$TSCoreShared@USIMemAlloc@core@UModSys@@D@su@tl@UModSys@@QEAAXXZ 0000000180001840 f i plugin_test1.obj
 0001:000008e0       ?info_new@?$TSCoreShared@USIMemAlloc@core@UModSys@@D@su@tl@UModSys@@QEAA_NPEBD_K@Z 00000001800018e0 f i plugin_test1.obj
 0001:000009d0       ?get_null@?$TSCoreShared@USIMemAlloc@core@UModSys@@D@su@tl@UModSys@@SAPEAU?$TSharedStringInfo@DUSIMemAlloc@core@UModSys@@@234@XZ 00000001800019d0 f i plugin_test1.obj
 0001:00000a20       ??$generate_type@UIMultiImage@lib2d@UModSys@@@RTest1_Shell@test1@test@modules@UModSys@@QEAA?AU?$TRefObject@UIMultiImage@lib2d@UModSys@@U?$TRefObjectFunc@UIMultiImage@lib2d@UModSys@@@tl@3@@tl@4@AEBU?$TString@U?$TSCoreConst@D@su@tl@UModSys@@U?$TComparerBinaryHash@D@234@@64@AEBUSParameters@core@4@PEBD@Z 0000000180001a20 f i plugin_test1.obj
 0001:00000c30       ??$generate_type@UICollector@libui@UModSys@@@RTest1_Shell@test1@test@modules@UModSys@@QEAA?AU?$TRefObject@UICollector@libui@UModSys@@U?$TRefObjectFunc@UICollector@libui@UModSys@@@tl@3@@tl@4@AEBU?$TString@U?$TSCoreConst@D@su@tl@UModSys@@U?$TComparerBinaryHash@D@234@@64@AEBUSParameters@core@4@PEBD@Z 0000000180001c30 f i plugin_test1.obj
 0001:00000de0       ??$generate_type@UITerminal@libui@UModSys@@@RTest1_Shell@test1@test@modules@UModSys@@QEAA?AU?$TRefObject@UITerminal@libui@UModSys@@U?$TRefObjectFunc@UITerminal@libui@UModSys@@@tl@3@@tl@4@AEBU?$TString@U?$TSCoreConst@D@su@tl@UModSys@@U?$TComparerBinaryHash@D@234@@64@AEBUSParameters@core@4@PEBD@Z 0000000180001de0 f i plugin_test1.obj
 0001:00000f90       ??$shash@D@su@tl@UModSys@@YA_KPEBD_K@Z 0000000180001f90 f i plugin_test1.obj
 0001:00000fd0       ??1?$TRefObject@UIModObject@base@UModSys@@U?$TModObjectFunc@UIModObject@base@UModSys@@@tl@3@@tl@UModSys@@QEAA@XZ 0000000180001fd0 f i plugin_test1.obj
 0001:00001000       ??$t_ref_get_other_interface@UIStreamReader@libmedia@UModSys@@U?$TRefObjectFunc@UIStreamReader@libmedia@UModSys@@@tl@3@@IRefObject@core@UModSys@@QEAA_NAEAU?$TRefObject@UIStreamReader@libmedia@UModSys@@U?$TRefObjectFunc@UIStreamReader@libmedia@UModSys@@@tl@3@@tl@2@@Z 0000000180002000 f i plugin_test1.obj
 0001:00001050       ??$t_ref_get_other_interface@UIStreamWriter@libmedia@UModSys@@U?$TRefObjectFunc@UIStreamWriter@libmedia@UModSys@@@tl@3@@IRefObject@core@UModSys@@QEAA_NAEAU?$TRefObject@UIStreamWriter@libmedia@UModSys@@U?$TRefObjectFunc@UIStreamWriter@libmedia@UModSys@@@tl@3@@tl@2@@Z 0000000180002050 f i plugin_test1.obj
 0001:000010a0       ??$t_generate@UICollector@libui@UModSys@@@SModuleContext@base@UModSys@@QEAA_NAEAU?$TRefObject@UICollector@libui@UModSys@@U?$TRefObjectFunc@UICollector@libui@UModSys@@@tl@3@@tl@2@PEBUSUniquePointerInfo@core@2@AEBUSParameters@62@@Z 00000001800020a0 f i plugin_test1.obj
 0001:00001170       ??$t_generate@UITerminal@libui@UModSys@@@SModuleContext@base@UModSys@@QEAA_NAEAU?$TRefObject@UITerminal@libui@UModSys@@U?$TRefObjectFunc@UITerminal@libui@UModSys@@@tl@3@@tl@2@PEBUSUniquePointerInfo@core@2@AEBUSParameters@62@@Z 0000000180002170 f i plugin_test1.obj
 0001:00001240       ??$t_ref_get_other_interface@UIImage@lib2d@UModSys@@U?$TRefObjectFunc@UIImage@lib2d@UModSys@@@tl@3@@IRefObject@core@UModSys@@QEAA_NAEAU?$TRefObject@UIImage@lib2d@UModSys@@U?$TRefObjectFunc@UIImage@lib2d@UModSys@@@tl@3@@tl@2@@Z 0000000180002240 f i plugin_test1.obj
 0001:00001290       ??$t_ref_get_other_interface@UIImageFactory@lib2d@UModSys@@U?$TRefObjectFunc@UIImageFactory@lib2d@UModSys@@@tl@3@@IRefObject@core@UModSys@@QEAA_NAEAU?$TRefObject@UIImageFactory@lib2d@UModSys@@U?$TRefObjectFunc@UIImageFactory@lib2d@UModSys@@@tl@3@@tl@2@@Z 0000000180002290 f i plugin_test1.obj
 0001:000012e0       ??$t_ref_get_other_interface@UIMultiImage@lib2d@UModSys@@U?$TRefObjectFunc@UIMultiImage@lib2d@UModSys@@@tl@3@@IRefObject@core@UModSys@@QEAA_NAEAU?$TRefObject@UIMultiImage@lib2d@UModSys@@U?$TRefObjectFunc@UIMultiImage@lib2d@UModSys@@@tl@3@@tl@2@@Z 00000001800022e0 f i plugin_test1.obj
 0001:00001330       ?root_get_interface_info@RImage_Memory@stdlib@lib2d@modules@UModSys@@UEBAAEBUSUniquePointerInfo@core@5@XZ 0000000180002330 f i umodsys_lib_lib2d:umodsys.mod.2d.stdlib.obj
 0001:00001340       ?root_get_interface_type@RImage_Memory@stdlib@lib2d@modules@UModSys@@UEBAPEBUSUniquePointerInfo@core@5@XZ 0000000180002340 f i umodsys_lib_lib2d:umodsys.mod.2d.stdlib.obj
 0001:00001350       ?root_get_other_interface@RImage_Memory@stdlib@lib2d@modules@UModSys@@UEBAPEBUIRoot@core@5@PEBUSUniquePointerInfo@75@@Z 0000000180002350 f i umodsys_lib_lib2d:umodsys.mod.2d.stdlib.obj
 0001:00001350       ?root_get_other_interface@RImage_Memory@stdlib@lib2d@modules@UModSys@@UEAAPEAUIRoot@core@5@PEBUSUniquePointerInfo@75@@Z 0000000180002350 f i umodsys_lib_lib2d:umodsys.mod.2d.stdlib.obj
 0001:00001380       ?root_is_interface_supported@RImage_Memory@stdlib@lib2d@modules@UModSys@@UEBA_NPEBUSUniquePointerInfo@core@5@@Z 0000000180002380 f i umodsys_lib_lib2d:umodsys.mod.2d.stdlib.obj
 0001:000013b0       ?suicide@RImage_Memory@stdlib@lib2d@modules@UModSys@@UEAAXXZ 00000001800023b0 f i umodsys_lib_lib2d:umodsys.mod.2d.stdlib.obj
 0001:000013b0       ?suicide@RImageFactory_Memory@stdlib@lib2d@modules@UModSys@@UEAAXXZ 00000001800023b0 f i umodsys_lib_lib2d:umodsys.mod.2d.stdlib.obj
 0001:000013b0       ?suicide@RSerializeReader@serialize_json@media@modules@UModSys@@UEAAXXZ 00000001800023b0 f i umodsys_lib_libmedia:umodsys.mod.media.serialize_json.obj
 0001:000013b0       ?suicide@RTerminal@SDL_core@ui@modules@UModSys@@UEAAXXZ 00000001800023b0 f i umodsys_lib_libui:umodsys.mod.ui.SDL_core.obj
 0001:000013b0       ?suicide@RMultiImage@stdlib@lib2d@modules@UModSys@@UEAAXXZ 00000001800023b0 f i umodsys_lib_lib2d:umodsys.mod.2d.stdlib.obj
 0001:000013b0       ?suicide@RBinArchiveFrameClient_ZIP@zlib@media@modules@UModSys@@UEAAXXZ 00000001800023b0 f i umodsys_lib_libmedia:umodsys.mod.media.zlib.obj
 0001:00001400       ?root_get_interface_info@RImageFactory_Memory@stdlib@lib2d@modules@UModSys@@UEBAAEBUSUniquePointerInfo@core@5@XZ 0000000180002400 f i umodsys_lib_lib2d:umodsys.mod.2d.stdlib.obj
 0001:00001410       ?root_get_interface_type@RImageFactory_Memory@stdlib@lib2d@modules@UModSys@@UEBAPEBUSUniquePointerInfo@core@5@XZ 0000000180002410 f i umodsys_lib_lib2d:umodsys.mod.2d.stdlib.obj
 0001:00001420       ?root_get_other_interface@RImageFactory_Memory@stdlib@lib2d@modules@UModSys@@UEAAPEAUIRoot@core@5@PEBUSUniquePointerInfo@75@@Z 0000000180002420 f i umodsys_lib_lib2d:umodsys.mod.2d.stdlib.obj
 0001:00001420       ?root_get_other_interface@RImageFactory_Memory@stdlib@lib2d@modules@UModSys@@UEBAPEBUIRoot@core@5@PEBUSUniquePointerInfo@75@@Z 0000000180002420 f i umodsys_lib_lib2d:umodsys.mod.2d.stdlib.obj
 0001:00001450       ?root_is_interface_supported@RImageFactory_Memory@stdlib@lib2d@modules@UModSys@@UEBA_NPEBUSUniquePointerInfo@core@5@@Z 0000000180002450 f i umodsys_lib_lib2d:umodsys.mod.2d.stdlib.obj
 0001:00001480       ?root_get_interface_info@RMultiImage@stdlib@lib2d@modules@UModSys@@UEBAAEBUSUniquePointerInfo@core@5@XZ 0000000180002480 f i umodsys_lib_lib2d:umodsys.mod.2d.stdlib.obj
 0001:00001490       ?root_get_interface_type@RMultiImage@stdlib@lib2d@modules@UModSys@@UEBAPEBUSUniquePointerInfo@core@5@XZ 0000000180002490 f i umodsys_lib_lib2d:umodsys.mod.2d.stdlib.obj
 0001:000014a0       ?root_get_other_interface@RMultiImage@stdlib@lib2d@modules@UModSys@@UEBAPEBUIRoot@core@5@PEBUSUniquePointerInfo@75@@Z 00000001800024a0 f i umodsys_lib_lib2d:umodsys.mod.2d.stdlib.obj
 0001:000014a0       ?root_get_other_interface@RMultiImage@stdlib@lib2d@modules@UModSys@@UEAAPEAUIRoot@core@5@PEBUSUniquePointerInfo@75@@Z 00000001800024a0 f i umodsys_lib_lib2d:umodsys.mod.2d.stdlib.obj
 0001:000014d0       ?root_is_interface_supported@RMultiImage@stdlib@lib2d@modules@UModSys@@UEBA_NPEBUSUniquePointerInfo@core@5@@Z 00000001800024d0 f i umodsys_lib_lib2d:umodsys.mod.2d.stdlib.obj
 0001:00001500       ?ref_remove@RGenerator@SDL_core@ui@modules@UModSys@@UEBAXXZ 0000000180002500 f i umodsys_lib_libui:umodsys.mod.ui.SDL_core.obj
 0001:00001500       ?ref_remove@RGenerator@stdlib@lib2d@modules@UModSys@@UEBAXXZ 0000000180002500 f i umodsys_lib_lib2d:umodsys.mod.2d.stdlib.obj
 0001:00001500       ?ref_remove@RGenerator@frames@ui@modules@UModSys@@UEBAXXZ 0000000180002500 f i umodsys_lib_libui:umodsys.mod.ui.frames.obj
 0001:00001500       ?ref_remove@RDialog@frames@ui@modules@UModSys@@UEBAXXZ 0000000180002500 f i umodsys_lib_libui:umodsys.mod.ui.frames.obj
 0001:00001500       ?ref_remove@RGenerator@zlib@media@modules@UModSys@@UEBAXXZ 0000000180002500 f i umodsys_lib_libmedia:umodsys.mod.media.zlib.obj
 0001:00001500       ?ref_remove@RMultiImage2D_SDL_ttf@SDL_core@ui@modules@UModSys@@UEBAXXZ 0000000180002500 f i umodsys_lib_libui:umodsys.mod.ui.SDL_core.obj
 0001:00001500       ?ref_remove@RImage_Memory@stdlib@lib2d@modules@UModSys@@UEBAXXZ 0000000180002500 f i umodsys_lib_lib2d:umodsys.mod.2d.stdlib.obj
 0001:00001500       ?ref_remove@RRenderDriver2D@SDL_core@ui@modules@UModSys@@UEBAXXZ 0000000180002500 f i umodsys_lib_libui:umodsys.mod.ui.SDL_core.obj
 0001:00001500       ?ref_remove@RBinArchiveFrameClient_ZIP@zlib@media@modules@UModSys@@UEBAXXZ 0000000180002500 f i umodsys_lib_libmedia:umodsys.mod.media.zlib.obj
 0001:00001500       ?ref_remove@RMouseController@SDL_core@ui@modules@UModSys@@UEBAXXZ 0000000180002500 f i umodsys_lib_libui:umodsys.mod.ui.SDL_core.obj
 0001:00001500       ?ref_remove@RGenerator@images_std@media@modules@UModSys@@UEBAXXZ 0000000180002500 f i umodsys_lib_libmedia:umodsys.mod.media.images_std.obj
 0001:00001500       ?ref_remove@RSerializeReader@serialize_json@media@modules@UModSys@@UEBAXXZ 0000000180002500 f i umodsys_lib_libmedia:umodsys.mod.media.serialize_json.obj
 0001:00001500       ?ref_remove@RGenerator@serialize_json@media@modules@UModSys@@UEBAXXZ 0000000180002500 f i umodsys_lib_libmedia:umodsys.mod.media.serialize_json.obj
 0001:00001500       ?ref_remove@RMultiImage@stdlib@lib2d@modules@UModSys@@UEBAXXZ 0000000180002500 f i umodsys_lib_lib2d:umodsys.mod.2d.stdlib.obj
 0001:00001500       ?ref_remove@RTerminal@SDL_core@ui@modules@UModSys@@UEBAXXZ 0000000180002500 f i umodsys_lib_libui:umodsys.mod.ui.SDL_core.obj
 0001:00001500       ?ref_remove@RKeyboardController@SDL_core@ui@modules@UModSys@@UEBAXXZ 0000000180002500 f i umodsys_lib_libui:umodsys.mod.ui.SDL_core.obj
 0001:00001500       ?ref_remove@RGenerator@test1@test@modules@UModSys@@UEBAXXZ 0000000180002500 f i plugin_test1.obj
 0001:00001500       ?ref_remove@RImageFactory_Memory@stdlib@lib2d@modules@UModSys@@UEBAXXZ 0000000180002500 f i umodsys_lib_lib2d:umodsys.mod.2d.stdlib.obj
 0001:00001520       ?get_generated_names@RGenerator@stdlib@lib2d@modules@UModSys@@UEBAHAEAUSUniquePtrList@core@5@@Z 0000000180002520 f i umodsys_lib_lib2d:umodsys.mod.2d.stdlib.obj
 0001:00001570       ?get_generated_types@RGenerator@stdlib@lib2d@modules@UModSys@@UEBAHAEAUSUniquePtrList@core@5@PEBUSUniquePointerInfo@75@@Z 0000000180002570 f i umodsys_lib_lib2d:umodsys.mod.2d.stdlib.obj
 0001:00001610       ?generate@RGenerator@stdlib@lib2d@modules@UModSys@@UEAA_NAEAU?$TRefObject@UIRefObject@core@UModSys@@U?$TRefObjectFunc@UIRefObject@core@UModSys@@@tl@3@@tl@5@PEBUSUniquePointerInfo@core@5@AEBUSParameters@95@@Z 0000000180002610 f i umodsys_lib_lib2d:umodsys.mod.2d.stdlib.obj
 0001:00001740       ?root_get_interface_info@RGenerator@stdlib@lib2d@modules@UModSys@@UEBAAEBUSUniquePointerInfo@core@5@XZ 0000000180002740 f i umodsys_lib_lib2d:umodsys.mod.2d.stdlib.obj
 0001:00001750       ?root_get_interface_type@RGenerator@stdlib@lib2d@modules@UModSys@@UEBAPEBUSUniquePointerInfo@core@5@XZ 0000000180002750 f i umodsys_lib_lib2d:umodsys.mod.2d.stdlib.obj
 0001:00001760       ?root_get_other_interface@RGenerator@stdlib@lib2d@modules@UModSys@@UEBAPEBUIRoot@core@5@PEBUSUniquePointerInfo@75@@Z 0000000180002760 f i umodsys_lib_lib2d:umodsys.mod.2d.stdlib.obj
 0001:00001760       ?root_get_other_interface@RGenerator@stdlib@lib2d@modules@UModSys@@UEAAPEAUIRoot@core@5@PEBUSUniquePointerInfo@75@@Z 0000000180002760 f i umodsys_lib_lib2d:umodsys.mod.2d.stdlib.obj
 0001:000017a0       ?root_is_interface_supported@RGenerator@stdlib@lib2d@modules@UModSys@@UEBA_NPEBUSUniquePointerInfo@core@5@@Z 00000001800027a0 f i umodsys_lib_lib2d:umodsys.mod.2d.stdlib.obj
 0001:000017e0       ?ref_add@RGenerator@frames@ui@modules@UModSys@@UEBAXXZ 00000001800027e0 f i umodsys_lib_libui:umodsys.mod.ui.frames.obj
 0001:000017e0       ?ref_add@RMultiImage2D_SDL_ttf@SDL_core@ui@modules@UModSys@@UEBAXXZ 00000001800027e0 f i umodsys_lib_libui:umodsys.mod.ui.SDL_core.obj
 0001:000017e0       ?ref_add@RDialog@frames@ui@modules@UModSys@@UEBAXXZ 00000001800027e0 f i umodsys_lib_libui:umodsys.mod.ui.frames.obj
 0001:000017e0       ?ref_add@RMouseController@SDL_core@ui@modules@UModSys@@UEBAXXZ 00000001800027e0 f i umodsys_lib_libui:umodsys.mod.ui.SDL_core.obj
 0001:000017e0       ?ref_add@RGenerator@test1@test@modules@UModSys@@UEBAXXZ 00000001800027e0 f i plugin_test1.obj
 0001:000017e0       ?ref_add@RGenerator@SDL_core@ui@modules@UModSys@@UEBAXXZ 00000001800027e0 f i umodsys_lib_libui:umodsys.mod.ui.SDL_core.obj
 0001:000017e0       ?ref_add@RGenerator@images_std@media@modules@UModSys@@UEBAXXZ 00000001800027e0 f i umodsys_lib_libmedia:umodsys.mod.media.images_std.obj
 0001:000017e0       ?ref_add@RGenerator@zlib@media@modules@UModSys@@UEBAXXZ 00000001800027e0 f i umodsys_lib_libmedia:umodsys.mod.media.zlib.obj
 0001:000017e0       ?ref_add@RSerializeReader@serialize_json@media@modules@UModSys@@UEBAXXZ 00000001800027e0 f i umodsys_lib_libmedia:umodsys.mod.media.serialize_json.obj
 0001:000017e0       ?ref_add@RBinArchiveFrameClient_ZIP@zlib@media@modules@UModSys@@UEBAXXZ 00000001800027e0 f i umodsys_lib_libmedia:umodsys.mod.media.zlib.obj
 0001:000017e0       ?ref_add@RImage_Memory@stdlib@lib2d@modules@UModSys@@UEBAXXZ 00000001800027e0 f i umodsys_lib_lib2d:umodsys.mod.2d.stdlib.obj
 0001:000017e0       ?ref_add@RGenerator@serialize_json@media@modules@UModSys@@UEBAXXZ 00000001800027e0 f i umodsys_lib_libmedia:umodsys.mod.media.serialize_json.obj
 0001:000017e0       ?ref_add@RMultiImage@stdlib@lib2d@modules@UModSys@@UEBAXXZ 00000001800027e0 f i umodsys_lib_lib2d:umodsys.mod.2d.stdlib.obj
 0001:000017e0       ?ref_add@RRenderDriver2D@SDL_core@ui@modules@UModSys@@UEBAXXZ 00000001800027e0 f i umodsys_lib_libui:umodsys.mod.ui.SDL_core.obj
 0001:000017e0       ?ref_add@RImageFactory_Memory@stdlib@lib2d@modules@UModSys@@UEBAXXZ 00000001800027e0 f i umodsys_lib_lib2d:umodsys.mod.2d.stdlib.obj
 0001:000017e0       ?ref_add@RGenerator@stdlib@lib2d@modules@UModSys@@UEBAXXZ 00000001800027e0 f i umodsys_lib_lib2d:umodsys.mod.2d.stdlib.obj
 0001:000017e0       ?ref_add@RKeyboardController@SDL_core@ui@modules@UModSys@@UEBAXXZ 00000001800027e0 f i umodsys_lib_libui:umodsys.mod.ui.SDL_core.obj
 0001:000017e0       ?ref_add@RTerminal@SDL_core@ui@modules@UModSys@@UEBAXXZ 00000001800027e0 f i umodsys_lib_libui:umodsys.mod.ui.SDL_core.obj
 0001:000017f0       ?get_uid@RGenerator@stdlib@lib2d@modules@UModSys@@UEBAPEBUSUniquePointerInfo@core@5@XZ 00000001800027f0 f i umodsys_lib_lib2d:umodsys.mod.2d.stdlib.obj
 0001:00001800       ??4State@RImage_Memory@stdlib@lib2d@modules@UModSys@@QEAAAEAU012345@AEBU012345@@Z 0000000180002800 f i umodsys_lib_lib2d:umodsys.mod.2d.stdlib.obj
 0001:000018e0       ??_GRImage_Memory@stdlib@lib2d@modules@UModSys@@UEAAPEAXI@Z 00000001800028e0 f i umodsys_lib_lib2d:umodsys.mod.2d.stdlib.obj
 0001:000018e0       ??_ERImage_Memory@stdlib@lib2d@modules@UModSys@@UEAAPEAXI@Z 00000001800028e0 f i  CIL library: CIL module
 0001:00001910       ??_GRImageFactory_Memory@stdlib@lib2d@modules@UModSys@@UEAAPEAXI@Z 0000000180002910 f i umodsys_lib_lib2d:umodsys.mod.2d.stdlib.obj
 0001:00001910       ??_ERImageFactory_Memory@stdlib@lib2d@modules@UModSys@@UEAAPEAXI@Z 0000000180002910 f i  CIL library: CIL module
 0001:00001940       ??_ERMultiImage@stdlib@lib2d@modules@UModSys@@UEAAPEAXI@Z 0000000180002940 f i  CIL library: CIL module
 0001:00001940       ??_GRMultiImage@stdlib@lib2d@modules@UModSys@@UEAAPEAXI@Z 0000000180002940 f i umodsys_lib_lib2d:umodsys.mod.2d.stdlib.obj
 0001:00001970       ??1IRenderDriver@lib2d@UModSys@@UEAA@XZ 0000000180002970 f i umodsys_lib_libui:umodsys.mod.ui.SDL_core.obj
 0001:00001970       ??1IImage@lib2d@UModSys@@UEAA@XZ 0000000180002970 f i umodsys_lib_lib2d:umodsys.mod.2d.stdlib.obj
 0001:00001970       ??1IKeyboardController@libui@UModSys@@UEAA@XZ 0000000180002970 f i umodsys_lib_libui:umodsys.mod.ui.SDL_core.obj
 0001:00001970       ??1ICollector@libui@UModSys@@UEAA@XZ 0000000180002970 f i umodsys_lib_libui:umodsys.mod.ui.frames.obj
 0001:00001970       ??1IDialog@libui@UModSys@@UEAA@XZ 0000000180002970 f i umodsys_lib_libui:umodsys.mod.ui.frames.obj
 0001:00001970       ??1ISerializeWriter@libmedia@UModSys@@UEAA@XZ 0000000180002970 f i umodsys_lib_libmedia:umodsys.mod.media.serialize_json.obj
 0001:00001970       ??1IFrame@libui@UModSys@@UEAA@XZ 0000000180002970 f i umodsys_lib_libui:umodsys.mod.ui.frames.obj
 0001:00001970       ??1ISerializeReader@libmedia@UModSys@@UEAA@XZ 0000000180002970 f i umodsys_lib_libmedia:umodsys.mod.media.serialize_json.obj
 0001:00001970       ??1IShell@base@UModSys@@UEAA@XZ 0000000180002970 f i plugin_test1.obj
 0001:00001970       ??1IMouseController@libui@UModSys@@UEAA@XZ 0000000180002970 f i umodsys_lib_libui:umodsys.mod.ui.SDL_core.obj
 0001:00001970       ??1IMultiImage@lib2d@UModSys@@UEAA@XZ 0000000180002970 f i umodsys_lib_lib2d:umodsys.mod.2d.stdlib.obj
 0001:00001970       ??1IClient@IBinArchiveFrame@libmedia@UModSys@@UEAA@XZ 0000000180002970 f i umodsys_lib_libmedia:umodsys.mod.media.zlib.obj
 0001:00001970       ??1IImageFactory@lib2d@UModSys@@UEAA@XZ 0000000180002970 f i umodsys_lib_lib2d:umodsys.mod.2d.stdlib.obj
 0001:00001970       ??1ITerminal@libui@UModSys@@UEAA@XZ 0000000180002970 f i umodsys_lib_libui:umodsys.mod.ui.SDL_core.obj
 0001:00001980       ?do_open@RModuleReg@stdlib@lib2d@modules@UModSys@@UEAA_NXZ 0000000180002980 f i umodsys_lib_lib2d:umodsys.mod.2d.stdlib.obj
 0001:00001990       ?do_close@RModuleReg@stdlib@lib2d@modules@UModSys@@UEAA_NXZ 0000000180002990 f i umodsys_lib_lib2d:umodsys.mod.2d.stdlib.obj
 0001:000019a0       ??_ERModuleReg@stdlib@lib2d@modules@UModSys@@UEAAPEAXI@Z 00000001800029a0 f i  CIL library: CIL module
 0001:000019a0       ??_GRModuleReg@stdlib@lib2d@modules@UModSys@@UEAAPEAXI@Z 00000001800029a0 f i umodsys_lib_lib2d:umodsys.mod.2d.stdlib.obj
 0001:000019d0       ??1?$TDynarrayDynamic@USImageCellInfo@lib2d@UModSys@@U?$TAllocator@USIMemAlloc@core@UModSys@@USCountCalcPower2@23@@tl@3@@tl@UModSys@@QEAA@XZ 00000001800029d0 f i umodsys_lib_lib2d:umodsys.mod.2d.stdlib.obj
 0001:000019e0       ??1?$TDynarrayDynamic@U?$TRefObject@UIImage@lib2d@UModSys@@U?$TRefObjectFunc@UIImage@lib2d@UModSys@@@tl@3@@tl@UModSys@@U?$TAllocator@USIMemAlloc@core@UModSys@@USCountCalcPower2@23@@23@@tl@UModSys@@QEAA@XZ 00000001800029e0 f i umodsys_lib_lib2d:umodsys.mod.2d.stdlib.obj
 0001:000019f0       ??1?$TDynarray@U?$TDynarrayHolderDynamic@USImageCellInfo@lib2d@UModSys@@U?$TAllocator@USIMemAlloc@core@UModSys@@USCountCalcPower2@23@@tl@3@@tl@UModSys@@@tl@UModSys@@QEAA@XZ 00000001800029f0 f i umodsys_lib_lib2d:umodsys.mod.2d.stdlib.obj
 0001:00001a60       ??1?$TDynarray@U?$TDynarrayHolderDynamic@U?$TRefObject@UIImage@lib2d@UModSys@@U?$TRefObjectFunc@UIImage@lib2d@UModSys@@@tl@3@@tl@UModSys@@U?$TAllocator@USIMemAlloc@core@UModSys@@USCountCalcPower2@23@@23@@tl@UModSys@@@tl@UModSys@@QEAA@XZ 0000000180002a60 f i umodsys_lib_lib2d:umodsys.mod.2d.stdlib.obj
 0001:00001ad0       ?ResizeRel@?$TDynarray@U?$TDynarrayHolderDynamic@USImageCellInfo@lib2d@UModSys@@U?$TAllocator@USIMemAlloc@core@UModSys@@USCountCalcPower2@23@@tl@3@@tl@UModSys@@@tl@UModSys@@QEAA_N_J@Z 0000000180002ad0 f i umodsys_lib_lib2d:umodsys.mod.2d.stdlib.obj
 0001:00001b90       ?ResizeRel@?$TDynarray@U?$TDynarrayHolderDynamic@U?$TRefObject@UIImage@lib2d@UModSys@@U?$TRefObjectFunc@UIImage@lib2d@UModSys@@@tl@3@@tl@UModSys@@U?$TAllocator@USIMemAlloc@core@UModSys@@USCountCalcPower2@23@@23@@tl@UModSys@@@tl@UModSys@@QEAA_N_J@Z 0000000180002b90 f i umodsys_lib_lib2d:umodsys.mod.2d.stdlib.obj
 0001:00001cc0       ??$ValidateConstruction@UIRefObject@core@UModSys@@URMultiImage@stdlib@lib2d@modules@3@@core@UModSys@@YA_NAEAU?$TRefObject@UIRefObject@core@UModSys@@U?$TRefObjectFunc@UIRefObject@core@UModSys@@@tl@3@@tl@1@PEAURMultiImage@stdlib@lib2d@modules@1@@Z 0000000180002cc0 f i umodsys_lib_lib2d:umodsys.mod.2d.stdlib.obj
 0001:00001d40       ?root_get_interface_info@RMultiImage2D_SDL_ttf@SDL_core@ui@modules@UModSys@@UEBAAEBUSUniquePointerInfo@core@5@XZ 0000000180002d40 f i umodsys_lib_libui:umodsys.mod.ui.SDL_core.obj
 0001:00001d50       ?root_get_interface_type@RMultiImage2D_SDL_ttf@SDL_core@ui@modules@UModSys@@UEBAPEBUSUniquePointerInfo@core@5@XZ 0000000180002d50 f i umodsys_lib_libui:umodsys.mod.ui.SDL_core.obj
 0001:00001d60       ?root_get_other_interface@RMultiImage2D_SDL_ttf@SDL_core@ui@modules@UModSys@@UEBAPEBUIRoot@core@5@PEBUSUniquePointerInfo@75@@Z 0000000180002d60 f i umodsys_lib_libui:umodsys.mod.ui.SDL_core.obj
 0001:00001d60       ?root_get_other_interface@RMultiImage2D_SDL_ttf@SDL_core@ui@modules@UModSys@@UEAAPEAUIRoot@core@5@PEBUSUniquePointerInfo@75@@Z 0000000180002d60 f i umodsys_lib_libui:umodsys.mod.ui.SDL_core.obj
 0001:00001d90       ?root_is_interface_supported@RMultiImage2D_SDL_ttf@SDL_core@ui@modules@UModSys@@UEBA_NPEBUSUniquePointerInfo@core@5@@Z 0000000180002d90 f i umodsys_lib_libui:umodsys.mod.ui.SDL_core.obj
 0001:00001dc0       ??0RMultiImage2D_SDL_ttf@SDL_core@ui@modules@UModSys@@QEAA@PEAURRenderDriver2D@1234@AEBUSParameters@core@4@@Z 0000000180002dc0 f i umodsys_lib_libui:umodsys.mod.ui.SDL_core.obj
 0001:00001e60       ?open@RMultiImage2D_SDL_ttf@SDL_core@ui@modules@UModSys@@QEAA_NAEBUSParameters@core@5@@Z 0000000180002e60 f i umodsys_lib_libui:umodsys.mod.ui.SDL_core.obj
 0001:00001f60       ?generate_glyphs@RMultiImage2D_SDL_ttf@SDL_core@ui@modules@UModSys@@QEAA_NXZ 0000000180002f60 f i umodsys_lib_libui:umodsys.mod.ui.SDL_core.obj
 0001:000020c0       ?get_max_layer_size@RMultiImage2D_SDL_ttf@SDL_core@ui@modules@UModSys@@UEBA?AU?$TVector2@H@math3d@5@XZ 00000001800030c0 f i umodsys_lib_libui:umodsys.mod.ui.SDL_core.obj
 0001:000020c0       ?get_max_cell_size@RMultiImage2D_SDL_ttf@SDL_core@ui@modules@UModSys@@UEBA?AU?$TVector2@H@math3d@5@XZ 00000001800030c0 f i umodsys_lib_libui:umodsys.mod.ui.SDL_core.obj
 0001:000020c0       ?get_fixed_cell_size@RMultiImage2D_SDL_ttf@SDL_core@ui@modules@UModSys@@UEBA?AU?$TVector2@H@math3d@5@XZ 00000001800030c0 f i umodsys_lib_libui:umodsys.mod.ui.SDL_core.obj
 0001:000020d0       ?get_list@RFrame_Frame@frames@ui@modules@UModSys@@UEAAPEAUIFrameList@libui@5@XZ 00000001800030d0 f i umodsys_lib_libui:umodsys.mod.ui.frames.obj
 0001:000020d0       ?get_ctrlcmd@RFrame_Edit@frames@ui@modules@UModSys@@UEAAPEAUIControllerCommand@libui@5@XZ 00000001800030d0 f i umodsys_lib_libui:umodsys.mod.ui.frames.obj
 0001:000020d0       ?get_controller@RRenderDriver2D@SDL_core@ui@modules@UModSys@@UEBAPEAUIRefObject@core@5@PEBUSUniquePointerInfo@75@@Z 00000001800030d0 f i umodsys_lib_libui:umodsys.mod.ui.SDL_core.obj
 0001:000020d0       ?get_ctrlcmd@RFrame_Text@frames@ui@modules@UModSys@@UEAAPEAUIControllerCommand@libui@5@XZ 00000001800030d0 f i umodsys_lib_libui:umodsys.mod.ui.frames.obj
 0001:000020d0       ?get_ctrldata@RFrame_List@frames@ui@modules@UModSys@@UEAAPEAUIControllerData@libui@5@XZ 00000001800030d0 f i umodsys_lib_libui:umodsys.mod.ui.frames.obj
 0001:000020d0       ?get_layer_count@RMultiImage2D_SDL_ttf@SDL_core@ui@modules@UModSys@@UEBAGXZ 00000001800030d0 f i umodsys_lib_libui:umodsys.mod.ui.SDL_core.obj
 0001:000020d0       ?get_handler@RTerminal@SDL_core@ui@modules@UModSys@@UEBAPEAUIRefObject@core@5@PEBUSUniquePointerInfo@75@PEBD@Z 00000001800030d0 f i umodsys_lib_libui:umodsys.mod.ui.SDL_core.obj
 0001:000020d0       ?get_ctrldata@RFrame_Button@frames@ui@modules@UModSys@@UEAAPEAUIControllerData@libui@5@XZ 00000001800030d0 f i umodsys_lib_libui:umodsys.mod.ui.frames.obj
 0001:000020d0       ?get_ctrldata@RFrame_Edit@frames@ui@modules@UModSys@@UEAAPEAUIControllerData@libui@5@XZ 00000001800030d0 f i umodsys_lib_libui:umodsys.mod.ui.frames.obj
 0001:000020d0       ?get_ctrldata@RFrame_Frame@frames@ui@modules@UModSys@@UEAAPEAUIControllerData@libui@5@XZ 00000001800030d0 f i umodsys_lib_libui:umodsys.mod.ui.frames.obj
 0001:000020d0       ?get_up_theme@RCollector@frames@ui@modules@UModSys@@UEAAPEAUICollectorTheme@libui@5@XZ 00000001800030d0 f i umodsys_lib_libui:umodsys.mod.ui.frames.obj
 0001:000020d0       ?get_list@RFrame_Image@frames@ui@modules@UModSys@@UEAAPEAUIFrameList@libui@5@XZ 00000001800030d0 f i umodsys_lib_libui:umodsys.mod.ui.frames.obj
 0001:000020d0       ?get_data@RFrame_Image@frames@ui@modules@UModSys@@UEAAPEAUIFrameData@libui@5@XZ 00000001800030d0 f i umodsys_lib_libui:umodsys.mod.ui.frames.obj
 0001:000020d0       ?get_ctrlcmd@RFrame_Frame@frames@ui@modules@UModSys@@UEAAPEAUIControllerCommand@libui@5@XZ 00000001800030d0 f i umodsys_lib_libui:umodsys.mod.ui.frames.obj
 0001:000020d0       ?get_ctrldata@RFrame_Text@frames@ui@modules@UModSys@@UEAAPEAUIControllerData@libui@5@XZ 00000001800030d0 f i umodsys_lib_libui:umodsys.mod.ui.frames.obj
 0001:000020d0       ?get_list@RFrame_Button@frames@ui@modules@UModSys@@UEAAPEAUIFrameList@libui@5@XZ 00000001800030d0 f i umodsys_lib_libui:umodsys.mod.ui.frames.obj
 0001:000020d0       ?get_ctrlcmd@RFrame_Image@frames@ui@modules@UModSys@@UEAAPEAUIControllerCommand@libui@5@XZ 00000001800030d0 f i umodsys_lib_libui:umodsys.mod.ui.frames.obj
 0001:000020d0       ?get_ctrlcmd@RFrame_Button@frames@ui@modules@UModSys@@UEAAPEAUIControllerCommand@libui@5@XZ 00000001800030d0 f i umodsys_lib_libui:umodsys.mod.ui.frames.obj
 0001:000020d0       ?get_data@RFrame_Button@frames@ui@modules@UModSys@@UEAAPEAUIFrameData@libui@5@XZ 00000001800030d0 f i umodsys_lib_libui:umodsys.mod.ui.frames.obj
 0001:000020d0       ?get_ctrlcmd@RFrame_List@frames@ui@modules@UModSys@@UEAAPEAUIControllerCommand@libui@5@XZ 00000001800030d0 f i umodsys_lib_libui:umodsys.mod.ui.frames.obj
 0001:000020d0       ?get_list@RFrame_Edit@frames@ui@modules@UModSys@@UEAAPEAUIFrameList@libui@5@XZ 00000001800030d0 f i umodsys_lib_libui:umodsys.mod.ui.frames.obj
 0001:000020d0       ?get_data@RFrame_Frame@frames@ui@modules@UModSys@@UEAAPEAUIFrameData@libui@5@XZ 00000001800030d0 f i umodsys_lib_libui:umodsys.mod.ui.frames.obj
 0001:000020d0       ?get_friend_handler@RTerminal@SDL_core@ui@modules@UModSys@@UEBAPEAUIRefObject@core@5@PEBUSUniquePointerInfo@75@PEAU675@@Z 00000001800030d0 f i umodsys_lib_libui:umodsys.mod.ui.SDL_core.obj
 0001:000020d0       ?get_ctrldata@RFrame_Image@frames@ui@modules@UModSys@@UEAAPEAUIControllerData@libui@5@XZ 00000001800030d0 f i umodsys_lib_libui:umodsys.mod.ui.frames.obj
 0001:000020d0       ?get_layer@RMultiImage2D_SDL_ttf@SDL_core@ui@modules@UModSys@@UEBAPEAUIImage@lib2d@5@G@Z 00000001800030d0 f i umodsys_lib_libui:umodsys.mod.ui.SDL_core.obj
 0001:000020d0       ?get_cell_count@RMultiImage2D_SDL_ttf@SDL_core@ui@modules@UModSys@@UEBAIXZ 00000001800030d0 f i umodsys_lib_libui:umodsys.mod.ui.SDL_core.obj
 0001:000020d0       ?get_list@RFrame_Text@frames@ui@modules@UModSys@@UEAAPEAUIFrameList@libui@5@XZ 00000001800030d0 f i umodsys_lib_libui:umodsys.mod.ui.frames.obj
 0001:000020e0       ??_ERMultiImage2D_SDL_ttf@SDL_core@ui@modules@UModSys@@UEAAPEAXI@Z 00000001800030e0 f i  CIL library: CIL module
 0001:000020e0       ??_GRMultiImage2D_SDL_ttf@SDL_core@ui@modules@UModSys@@UEAAPEAXI@Z 00000001800030e0 f i umodsys_lib_libui:umodsys.mod.ui.SDL_core.obj
 0001:00002160       ?root_get_interface_info@RRenderDriver2D@SDL_core@ui@modules@UModSys@@UEBAAEBUSUniquePointerInfo@core@5@XZ 0000000180003160 f i umodsys_lib_libui:umodsys.mod.ui.SDL_core.obj
 0001:00002170       ?root_get_interface_type@RRenderDriver2D@SDL_core@ui@modules@UModSys@@UEBAPEBUSUniquePointerInfo@core@5@XZ 0000000180003170 f i umodsys_lib_libui:umodsys.mod.ui.SDL_core.obj
 0001:00002180       ?root_get_other_interface@RRenderDriver2D@SDL_core@ui@modules@UModSys@@UEBAPEBUIRoot@core@5@PEBUSUniquePointerInfo@75@@Z 0000000180003180 f i umodsys_lib_libui:umodsys.mod.ui.SDL_core.obj
 0001:00002180       ?root_get_other_interface@RRenderDriver2D@SDL_core@ui@modules@UModSys@@UEAAPEAUIRoot@core@5@PEBUSUniquePointerInfo@75@@Z 0000000180003180 f i umodsys_lib_libui:umodsys.mod.ui.SDL_core.obj
 0001:000021b0       ?root_is_interface_supported@RRenderDriver2D@SDL_core@ui@modules@UModSys@@UEBA_NPEBUSUniquePointerInfo@core@5@@Z 00000001800031b0 f i umodsys_lib_libui:umodsys.mod.ui.SDL_core.obj
 0001:000021e0       ??0RRenderDriver2D@SDL_core@ui@modules@UModSys@@QEAA@PEAURTerminal@1234@AEBUSParameters@core@4@@Z 00000001800031e0 f i umodsys_lib_libui:umodsys.mod.ui.SDL_core.obj
 0001:00002330       ??1RRenderDriver2D@SDL_core@ui@modules@UModSys@@UEAA@XZ 0000000180003330 f i umodsys_lib_libui:umodsys.mod.ui.SDL_core.obj
 0001:00002400       ?open@RRenderDriver2D@SDL_core@ui@modules@UModSys@@QEAA_NAEBUSParameters@core@5@@Z 0000000180003400 f i umodsys_lib_libui:umodsys.mod.ui.SDL_core.obj
 0001:00002620       ?set_color@RRenderDriver2D@SDL_core@ui@modules@UModSys@@QEAAXXZ 0000000180003620 f i umodsys_lib_libui:umodsys.mod.ui.SDL_core.obj
 0001:000026a0       ?begin@RRenderDriver2D@SDL_core@ui@modules@UModSys@@UEAAXXZ 00000001800036a0 f i umodsys_lib_libui:umodsys.mod.ui.SDL_core.obj
 0001:00002710       ?end@RRenderDriver2D@SDL_core@ui@modules@UModSys@@UEAAXXZ 0000000180003710 f i umodsys_lib_libui:umodsys.mod.ui.SDL_core.obj
 0001:00002730       ?get_max_values@RRenderDriver2D@SDL_core@ui@modules@UModSys@@UEBAPEBUSParameters@core@5@XZ 0000000180003730 f i umodsys_lib_libui:umodsys.mod.ui.SDL_core.obj
 0001:00002740       ?get_frame_values@RRenderDriver2D@SDL_core@ui@modules@UModSys@@UEBAPEBUSParameters@core@5@XZ 0000000180003740 f i umodsys_lib_libui:umodsys.mod.ui.SDL_core.obj
 0001:00002750       ?setup_font@RRenderDriver2D@SDL_core@ui@modules@UModSys@@UEAA_NPEAUIMultiImage@lib2d@5@PEBU?$TVector2@M@math3d@5@@Z 0000000180003750 f i umodsys_lib_libui:umodsys.mod.ui.SDL_core.obj
 0001:000027c0       ?setup_color@RRenderDriver2D@SDL_core@ui@modules@UModSys@@UEAAXAEBU?$TVector3@M@math3d@5@@Z 00000001800037c0 f i umodsys_lib_libui:umodsys.mod.ui.SDL_core.obj
 0001:000027f0       ?setup_color@RRenderDriver2D@SDL_core@ui@modules@UModSys@@UEAAXAEBU?$TVector3@H@math3d@5@@Z 00000001800037f0 f i umodsys_lib_libui:umodsys.mod.ui.SDL_core.obj
 0001:00002840       ?setup_coloralpha@RRenderDriver2D@SDL_core@ui@modules@UModSys@@UEAAXAEBU?$TVector4@M@math3d@5@H@Z 0000000180003840 f i umodsys_lib_libui:umodsys.mod.ui.SDL_core.obj
 0001:00002870       ?setup_coloralpha@RRenderDriver2D@SDL_core@ui@modules@UModSys@@UEAAXAEBU?$TVector4@H@math3d@5@H@Z 0000000180003870 f i umodsys_lib_libui:umodsys.mod.ui.SDL_core.obj
 0001:000028e0       ?setup_blendcolor@RRenderDriver2D@SDL_core@ui@modules@UModSys@@UEAAXAEBUSBlendColor@lib2d@5@@Z 00000001800038e0 f i umodsys_lib_libui:umodsys.mod.ui.SDL_core.obj
 0001:00002950       ?setup_blendcolor@RRenderDriver2D@SDL_core@ui@modules@UModSys@@UEAAXAEBUSBlendColorf@lib2d@5@@Z 0000000180003950 f i umodsys_lib_libui:umodsys.mod.ui.SDL_core.obj
 0001:000029b0       ?setup_alpha@RRenderDriver2D@SDL_core@ui@modules@UModSys@@UEAAXHH@Z 00000001800039b0 f i umodsys_lib_libui:umodsys.mod.ui.SDL_core.obj
 0001:000029e0       ?setup_alpha@RRenderDriver2D@SDL_core@ui@modules@UModSys@@UEAAXMH@Z 00000001800039e0 f i umodsys_lib_libui:umodsys.mod.ui.SDL_core.obj
 0001:00002a00       ?render_text_advanced@RRenderDriver2D@SDL_core@ui@modules@UModSys@@UEAA_NAEAUTextInfo@IRenderDriver@lib2d@5@PEBHH@Z 0000000180003a00 f i umodsys_lib_libui:umodsys.mod.ui.SDL_core.obj
 0001:00002c40       ?render_box@RRenderDriver2D@SDL_core@ui@modules@UModSys@@UEAAXAEBU?$TVector2@H@math3d@5@0@Z 0000000180003c40 f i umodsys_lib_libui:umodsys.mod.ui.SDL_core.obj
 0001:00002c80       ?render_tri@RRenderDriver2D@SDL_core@ui@modules@UModSys@@UEAAXAEBU?$TVector2@H@math3d@5@00@Z 0000000180003c80 f i umodsys_lib_libui:umodsys.mod.ui.SDL_core.obj
 0001:00002d00       ?render_quad@RRenderDriver2D@SDL_core@ui@modules@UModSys@@UEAAXAEBU?$TVector2@H@math3d@5@000@Z 0000000180003d00 f i umodsys_lib_libui:umodsys.mod.ui.SDL_core.obj
 0001:00002db0       ?render_line@RRenderDriver2D@SDL_core@ui@modules@UModSys@@UEAAXAEBU?$TVector2@H@math3d@5@0@Z 0000000180003db0 f i umodsys_lib_libui:umodsys.mod.ui.SDL_core.obj
 0001:00002de0       ?render_rect@RRenderDriver2D@SDL_core@ui@modules@UModSys@@UEAAXAEBU?$TVector2@H@math3d@5@0@Z 0000000180003de0 f i umodsys_lib_libui:umodsys.mod.ui.SDL_core.obj
 0001:00002e20       ??_ERRenderDriver2D@SDL_core@ui@modules@UModSys@@UEAAPEAXI@Z 0000000180003e20 f i  CIL library: CIL module
 0001:00002e20       ??_GRRenderDriver2D@SDL_core@ui@modules@UModSys@@UEAAPEAXI@Z 0000000180003e20 f i umodsys_lib_libui:umodsys.mod.ui.SDL_core.obj
 0001:00002e50       ?root_get_interface_info@RMouseController@SDL_core@ui@modules@UModSys@@UEBAAEBUSUniquePointerInfo@core@5@XZ 0000000180003e50 f i umodsys_lib_libui:umodsys.mod.ui.SDL_core.obj
 0001:00002e60       ?root_get_interface_type@RMouseController@SDL_core@ui@modules@UModSys@@UEBAPEBUSUniquePointerInfo@core@5@XZ 0000000180003e60 f i umodsys_lib_libui:umodsys.mod.ui.SDL_core.obj
 0001:00002e70       ?root_get_other_interface@RMouseController@SDL_core@ui@modules@UModSys@@UEBAPEBUIRoot@core@5@PEBUSUniquePointerInfo@75@@Z 0000000180003e70 f i umodsys_lib_libui:umodsys.mod.ui.SDL_core.obj
 0001:00002e70       ?root_get_other_interface@RMouseController@SDL_core@ui@modules@UModSys@@UEAAPEAUIRoot@core@5@PEBUSUniquePointerInfo@75@@Z 0000000180003e70 f i umodsys_lib_libui:umodsys.mod.ui.SDL_core.obj
 0001:00002ea0       ?root_is_interface_supported@RMouseController@SDL_core@ui@modules@UModSys@@UEBA_NPEBUSUniquePointerInfo@core@5@@Z 0000000180003ea0 f i umodsys_lib_libui:umodsys.mod.ui.SDL_core.obj
 0001:00002ed0       ?process@RMouseController@SDL_core@ui@modules@UModSys@@QEAA_NAEAUSDL_MouseMotionEvent@@@Z 0000000180003ed0 f i umodsys_lib_libui:umodsys.mod.ui.SDL_core.obj
 0001:00003050       ?process@RMouseController@SDL_core@ui@modules@UModSys@@QEAA_NAEAUSDL_MouseButtonEvent@@@Z 0000000180004050 f i umodsys_lib_libui:umodsys.mod.ui.SDL_core.obj
 0001:000031a0       ?process@RMouseController@SDL_core@ui@modules@UModSys@@QEAA_NAEAUSDL_MouseWheelEvent@@@Z 00000001800041a0 f i umodsys_lib_libui:umodsys.mod.ui.SDL_core.obj
 0001:000032b0       ?key_unlink@RKeyboardController@SDL_core@ui@modules@UModSys@@UEAA_NH@Z 00000001800042b0 f i umodsys_lib_libui:umodsys.mod.ui.SDL_core.obj
 0001:000032b0       ?mouse_unlink@RMouseController@SDL_core@ui@modules@UModSys@@UEAA_NH@Z 00000001800042b0 f i umodsys_lib_libui:umodsys.mod.ui.SDL_core.obj
 0001:00003330       ?mouse_link@RMouseController@SDL_core@ui@modules@UModSys@@UEAA_NHPEAUIRefObject@core@5@PEAUIMouseClient@libui@5@H@Z 0000000180004330 f i umodsys_lib_libui:umodsys.mod.ui.SDL_core.obj
 0001:000033d0       ??_ERMouseController@SDL_core@ui@modules@UModSys@@UEAAPEAXI@Z 00000001800043d0 f i  CIL library: CIL module
 0001:000033d0       ??_GRMouseController@SDL_core@ui@modules@UModSys@@UEAAPEAXI@Z 00000001800043d0 f i umodsys_lib_libui:umodsys.mod.ui.SDL_core.obj
 0001:00003440       ?root_get_interface_info@RKeyboardController@SDL_core@ui@modules@UModSys@@UEBAAEBUSUniquePointerInfo@core@5@XZ 0000000180004440 f i umodsys_lib_libui:umodsys.mod.ui.SDL_core.obj
 0001:00003450       ?root_get_interface_type@RKeyboardController@SDL_core@ui@modules@UModSys@@UEBAPEBUSUniquePointerInfo@core@5@XZ 0000000180004450 f i umodsys_lib_libui:umodsys.mod.ui.SDL_core.obj
 0001:00003460       ?root_get_other_interface@RKeyboardController@SDL_core@ui@modules@UModSys@@UEBAPEBUIRoot@core@5@PEBUSUniquePointerInfo@75@@Z 0000000180004460 f i umodsys_lib_libui:umodsys.mod.ui.SDL_core.obj
 0001:00003460       ?root_get_other_interface@RKeyboardController@SDL_core@ui@modules@UModSys@@UEAAPEAUIRoot@core@5@PEBUSUniquePointerInfo@75@@Z 0000000180004460 f i umodsys_lib_libui:umodsys.mod.ui.SDL_core.obj
 0001:00003490       ?root_is_interface_supported@RKeyboardController@SDL_core@ui@modules@UModSys@@UEBA_NPEBUSUniquePointerInfo@core@5@@Z 0000000180004490 f i umodsys_lib_libui:umodsys.mod.ui.SDL_core.obj
 0001:000034c0       ?suicide@RMouseController@SDL_core@ui@modules@UModSys@@UEAAXXZ 00000001800044c0 f i umodsys_lib_libui:umodsys.mod.ui.SDL_core.obj
 0001:000034c0       ?suicide@RDialog@frames@ui@modules@UModSys@@UEAAXXZ 00000001800044c0 f i umodsys_lib_libui:umodsys.mod.ui.frames.obj
 0001:000034c0       ?suicide@RMultiImage2D_SDL_ttf@SDL_core@ui@modules@UModSys@@UEAAXXZ 00000001800044c0 f i umodsys_lib_libui:umodsys.mod.ui.SDL_core.obj
 0001:000034c0       ?suicide@RKeyboardController@SDL_core@ui@modules@UModSys@@UEAAXXZ 00000001800044c0 f i umodsys_lib_libui:umodsys.mod.ui.SDL_core.obj
 0001:000034c0       ?suicide@RRenderDriver2D@SDL_core@ui@modules@UModSys@@UEAAXXZ 00000001800044c0 f i umodsys_lib_libui:umodsys.mod.ui.SDL_core.obj
 0001:00003510       ?process@RKeyboardController@SDL_core@ui@modules@UModSys@@QEAA_NAEAUSDL_KeyboardEvent@@@Z 0000000180004510 f i umodsys_lib_libui:umodsys.mod.ui.SDL_core.obj
 0001:00003620       ?process@RKeyboardController@SDL_core@ui@modules@UModSys@@QEAA_NAEAUSDL_TextInputEvent@@@Z 0000000180004620 f i umodsys_lib_libui:umodsys.mod.ui.SDL_core.obj
 0001:00003730       ?map_keycode@RKeyboardController@SDL_core@ui@modules@UModSys@@QEAA?AW4eKeyCode@libui@5@H@Z 0000000180004730 f i umodsys_lib_libui:umodsys.mod.ui.SDL_core.obj
 0001:00003c90       ?map_keyspecial@RKeyboardController@SDL_core@ui@modules@UModSys@@QEAAFG@Z 0000000180004c90 f i umodsys_lib_libui:umodsys.mod.ui.SDL_core.obj
 0001:00003d30       ?key_link@RKeyboardController@SDL_core@ui@modules@UModSys@@UEAA_NHPEAUIRefObject@core@5@PEAUIKeyboardClient@libui@5@@Z 0000000180004d30 f i umodsys_lib_libui:umodsys.mod.ui.SDL_core.obj
 0001:00003dc0       ?key_setvisible@RKeyboardController@SDL_core@ui@modules@UModSys@@UEAA_N_N@Z 0000000180004dc0 f i umodsys_lib_libui:umodsys.mod.ui.SDL_core.obj
 0001:00003de0       ??_ERKeyboardController@SDL_core@ui@modules@UModSys@@UEAAPEAXI@Z 0000000180004de0 f i  CIL library: CIL module
 0001:00003de0       ??_GRKeyboardController@SDL_core@ui@modules@UModSys@@UEAAPEAXI@Z 0000000180004de0 f i umodsys_lib_libui:umodsys.mod.ui.SDL_core.obj
 0001:00003e50       ?root_get_interface_info@RTerminal@SDL_core@ui@modules@UModSys@@UEBAAEBUSUniquePointerInfo@core@5@XZ 0000000180004e50 f i umodsys_lib_libui:umodsys.mod.ui.SDL_core.obj
 0001:00003e60       ?root_get_interface_type@RTerminal@SDL_core@ui@modules@UModSys@@UEBAPEBUSUniquePointerInfo@core@5@XZ 0000000180004e60 f i umodsys_lib_libui:umodsys.mod.ui.SDL_core.obj
 0001:00003e70       ?root_get_other_interface@RTerminal@SDL_core@ui@modules@UModSys@@UEAAPEAUIRoot@core@5@PEBUSUniquePointerInfo@75@@Z 0000000180004e70 f i umodsys_lib_libui:umodsys.mod.ui.SDL_core.obj
 0001:00003e70       ?root_get_other_interface@RTerminal@SDL_core@ui@modules@UModSys@@UEBAPEBUIRoot@core@5@PEBUSUniquePointerInfo@75@@Z 0000000180004e70 f i umodsys_lib_libui:umodsys.mod.ui.SDL_core.obj
 0001:00003ea0       ?root_is_interface_supported@RTerminal@SDL_core@ui@modules@UModSys@@UEBA_NPEBUSUniquePointerInfo@core@5@@Z 0000000180004ea0 f i umodsys_lib_libui:umodsys.mod.ui.SDL_core.obj
 0001:00003ed0       ??0RTerminal@SDL_core@ui@modules@UModSys@@QEAA@PEAUIModObject@base@4@AEBUSParameters@core@4@@Z 0000000180004ed0 f i umodsys_lib_libui:umodsys.mod.ui.SDL_core.obj
 0001:00003f80       ??1RTerminal@SDL_core@ui@modules@UModSys@@UEAA@XZ 0000000180004f80 f i umodsys_lib_libui:umodsys.mod.ui.SDL_core.obj
 0001:00004040       ?poll_events@RTerminal@SDL_core@ui@modules@UModSys@@UEAA_NH@Z 0000000180005040 f i umodsys_lib_libui:umodsys.mod.ui.SDL_core.obj
 0001:000041b0       ?get_terminal_state@RTerminal@SDL_core@ui@modules@UModSys@@UEAA_NW4eTerminalState@libui@5@@Z 00000001800051b0 f i umodsys_lib_libui:umodsys.mod.ui.SDL_core.obj
 0001:000041c0       ?set_terminal_state@RTerminal@SDL_core@ui@modules@UModSys@@UEAA_NW4eTerminalState@libui@5@_N@Z 00000001800051c0 f i umodsys_lib_libui:umodsys.mod.ui.SDL_core.obj
 0001:00004250       ?get_clock@RTerminal@SDL_core@ui@modules@UModSys@@UEAANXZ 0000000180005250 f i umodsys_lib_libui:umodsys.mod.ui.SDL_core.obj
 0001:00004270       ?wait@RTerminal@SDL_core@ui@modules@UModSys@@UEAA_NM@Z 0000000180005270 f i umodsys_lib_libui:umodsys.mod.ui.SDL_core.obj
 0001:00004290       ?get_count@RTerminal@SDL_core@ui@modules@UModSys@@UEBA_KPEBUSUniquePointerInfo@core@5@@Z 0000000180005290 f i umodsys_lib_libui:umodsys.mod.ui.SDL_core.obj
 0001:000042d0       ?get_handler@RTerminal@SDL_core@ui@modules@UModSys@@UEBAPEAUIRefObject@core@5@PEBUSUniquePointerInfo@75@_K@Z 00000001800052d0 f i umodsys_lib_libui:umodsys.mod.ui.SDL_core.obj
 0001:00004310       ?create_handler@RTerminal@SDL_core@ui@modules@UModSys@@UEAA_NPEBUSUniquePointerInfo@core@5@AEAU?$TRefObject@UIRefObject@core@UModSys@@U?$TRefObjectFunc@UIRefObject@core@UModSys@@@tl@3@@tl@5@PEBDPEBUSParameters@75@@Z 0000000180005310 f i umodsys_lib_libui:umodsys.mod.ui.SDL_core.obj
 0001:00004620       ??_GRTerminal@SDL_core@ui@modules@UModSys@@UEAAPEAXI@Z 0000000180005620 f i umodsys_lib_libui:umodsys.mod.ui.SDL_core.obj
 0001:00004620       ??_ERTerminal@SDL_core@ui@modules@UModSys@@UEAAPEAXI@Z 0000000180005620 f i  CIL library: CIL module
 0001:00004650       ?get_generated_names@RGenerator@SDL_core@ui@modules@UModSys@@UEBAHAEAUSUniquePtrList@core@5@@Z 0000000180005650 f i umodsys_lib_libui:umodsys.mod.ui.SDL_core.obj
 0001:00004670       ?get_generated_types@RGenerator@SDL_core@ui@modules@UModSys@@UEBAHAEAUSUniquePtrList@core@5@PEBUSUniquePointerInfo@75@@Z 0000000180005670 f i umodsys_lib_libui:umodsys.mod.ui.SDL_core.obj
 0001:000046d0       ?generate@RGenerator@SDL_core@ui@modules@UModSys@@UEAA_NAEAU?$TRefObject@UIRefObject@core@UModSys@@U?$TRefObjectFunc@UIRefObject@core@UModSys@@@tl@3@@tl@5@PEBUSUniquePointerInfo@core@5@AEBUSParameters@95@@Z 00000001800056d0 f i umodsys_lib_libui:umodsys.mod.ui.SDL_core.obj
 0001:00004750       ?root_get_interface_info@RGenerator@SDL_core@ui@modules@UModSys@@UEBAAEBUSUniquePointerInfo@core@5@XZ 0000000180005750 f i umodsys_lib_libui:umodsys.mod.ui.SDL_core.obj
 0001:00004760       ?root_get_interface_type@RGenerator@SDL_core@ui@modules@UModSys@@UEBAPEBUSUniquePointerInfo@core@5@XZ 0000000180005760 f i umodsys_lib_libui:umodsys.mod.ui.SDL_core.obj
 0001:00004770       ?root_get_other_interface@RGenerator@SDL_core@ui@modules@UModSys@@UEAAPEAUIRoot@core@5@PEBUSUniquePointerInfo@75@@Z 0000000180005770 f i umodsys_lib_libui:umodsys.mod.ui.SDL_core.obj
 0001:00004770       ?root_get_other_interface@RGenerator@SDL_core@ui@modules@UModSys@@UEBAPEBUIRoot@core@5@PEBUSUniquePointerInfo@75@@Z 0000000180005770 f i umodsys_lib_libui:umodsys.mod.ui.SDL_core.obj
 0001:000047b0       ?root_is_interface_supported@RGenerator@SDL_core@ui@modules@UModSys@@UEBA_NPEBUSUniquePointerInfo@core@5@@Z 00000001800057b0 f i umodsys_lib_libui:umodsys.mod.ui.SDL_core.obj
 0001:000047f0       ?get_uid@RGenerator@SDL_core@ui@modules@UModSys@@UEBAPEBUSUniquePointerInfo@core@5@XZ 00000001800057f0 f i umodsys_lib_libui:umodsys.mod.ui.SDL_core.obj
 0001:00004800       ?do_open@RModuleReg@SDL_core@ui@modules@UModSys@@UEAA_NXZ 0000000180005800 f i umodsys_lib_libui:umodsys.mod.ui.SDL_core.obj
 0001:00004810       ?do_close@RModuleReg@SDL_core@ui@modules@UModSys@@UEAA_NXZ 0000000180005810 f i umodsys_lib_libui:umodsys.mod.ui.SDL_core.obj
 0001:00004820       ??_GRModuleReg@SDL_core@ui@modules@UModSys@@UEAAPEAXI@Z 0000000180005820 f i umodsys_lib_libui:umodsys.mod.ui.SDL_core.obj
 0001:00004820       ??_ERModuleReg@SDL_core@ui@modules@UModSys@@UEAAPEAXI@Z 0000000180005820 f i  CIL library: CIL module
 0001:00004850       ??1?$TScatterArray@UGlyph@RMultiImage2D_SDL_ttf@SDL_core@ui@modules@UModSys@@HU?$TScalarCompare@H@core@6@U?$TNodeDeleter0@U?$TScatterArrayNode@UGlyph@RMultiImage2D_SDL_ttf@SDL_core@ui@modules@UModSys@@H@tl@UModSys@@@tl@6@@tl@UModSys@@QEAA@XZ 0000000180005850 f i umodsys_lib_libui:umodsys.mod.ui.SDL_core.obj
 0001:00004880       ??1?$TRefObject@URRenderDriver2D@SDL_core@ui@modules@UModSys@@U?$TRefObjectWeakFunc@URRenderDriver2D@SDL_core@ui@modules@UModSys@@@tl@5@@tl@UModSys@@QEAA@XZ 0000000180005880 f i umodsys_lib_libui:umodsys.mod.ui.SDL_core.obj
 0001:00004880       ??1?$TRefObject@URMultiImage2D_SDL_ttf@SDL_core@ui@modules@UModSys@@U?$TRefObjectWeakFunc@URMultiImage2D_SDL_ttf@SDL_core@ui@modules@UModSys@@@tl@5@@tl@UModSys@@QEAA@XZ 0000000180005880 f i umodsys_lib_libui:umodsys.mod.ui.SDL_core.obj
 0001:000048c0       ?remove_node@?$TTreeHoldRB@U?$TScatterArrayNode@U?$TRefObjectComposite@UIKeyboardClient@libui@UModSys@@UIRefObject@core@3@U?$TRefObjectFunc@UIRefObject@core@UModSys@@@tl@3@@tl@UModSys@@H@tl@UModSys@@@tl@UModSys@@QEAAXPEAU?$TScatterArrayNode@U?$TRefObjectComposite@UIKeyboardClient@libui@UModSys@@UIRefObject@core@3@U?$TRefObjectFunc@UIRefObject@core@UModSys@@@tl@3@@tl@UModSys@@H@23@@Z 00000001800058c0 f i umodsys_lib_libui:umodsys.mod.ui.SDL_core.obj
 0001:000048c0       ?remove_node@?$TTreeHoldRB@U?$TScatterArrayNode@U?$TRefObjectCompositeExtra@UIMouseClient@libui@UModSys@@HUIRefObject@core@3@U?$TRefObjectFunc@UIRefObject@core@UModSys@@@tl@3@@tl@UModSys@@H@tl@UModSys@@@tl@UModSys@@QEAAXPEAU?$TScatterArrayNode@U?$TRefObjectCompositeExtra@UIMouseClient@libui@UModSys@@HUIRefObject@core@3@U?$TRefObjectFunc@UIRefObject@core@UModSys@@@tl@3@@tl@UModSys@@H@23@@Z 00000001800058c0 f i umodsys_lib_libui:umodsys.mod.ui.SDL_core.obj
 0001:000049e0       ??R?$TNodeDeleter0@U?$TScatterArrayNode@U?$TRefObjectCompositeExtra@UIMouseClient@libui@UModSys@@HUIRefObject@core@3@U?$TRefObjectFunc@UIRefObject@core@UModSys@@@tl@3@@tl@UModSys@@H@tl@UModSys@@@tl@UModSys@@QEBAHPEAU?$TScatterArrayNode@U?$TRefObjectCompositeExtra@UIMouseClient@libui@UModSys@@HUIRefObject@core@3@U?$TRefObjectFunc@UIRefObject@core@UModSys@@@tl@3@@tl@UModSys@@H@12@@Z 00000001800059e0 f i umodsys_lib_libui:umodsys.mod.ui.SDL_core.obj
 0001:000049e0       ??R?$TNodeDeleter0@U?$TScatterArrayNode@U?$TRefObjectComposite@UIKeyboardClient@libui@UModSys@@UIRefObject@core@3@U?$TRefObjectFunc@UIRefObject@core@UModSys@@@tl@3@@tl@UModSys@@H@tl@UModSys@@@tl@UModSys@@QEBAHPEAU?$TScatterArrayNode@U?$TRefObjectComposite@UIKeyboardClient@libui@UModSys@@UIRefObject@core@3@U?$TRefObjectFunc@UIRefObject@core@UModSys@@@tl@3@@tl@UModSys@@H@12@@Z 00000001800059e0 f i umodsys_lib_libui:umodsys.mod.ui.SDL_core.obj
 0001:00004a60       ??1?$TPair@HU?$TRefObjectCompositeExtra@UIMouseClient@libui@UModSys@@HUIRefObject@core@3@U?$TRefObjectFunc@UIRefObject@core@UModSys@@@tl@3@@tl@UModSys@@@tl@UModSys@@QEAA@XZ 0000000180005a60 f i umodsys_lib_libui:umodsys.mod.ui.SDL_core.obj
 0001:00004a60       ??1?$TPair@HU?$TRefObjectComposite@UIKeyboardClient@libui@UModSys@@UIRefObject@core@3@U?$TRefObjectFunc@UIRefObject@core@UModSys@@@tl@3@@tl@UModSys@@@tl@UModSys@@QEAA@XZ 0000000180005a60 f i umodsys_lib_libui:umodsys.mod.ui.SDL_core.obj
 0001:00004ab0       ??1?$TRefObjectComposite@UIKeyboardClient@libui@UModSys@@UIRefObject@core@3@U?$TRefObjectFunc@UIRefObject@core@UModSys@@@tl@3@@tl@UModSys@@QEAA@XZ 0000000180005ab0 f i umodsys_lib_libui:umodsys.mod.ui.SDL_core.obj
 0001:00004ab0       ??1?$TRefObjectCompositeExtra@UIMouseClient@libui@UModSys@@HUIRefObject@core@3@U?$TRefObjectFunc@UIRefObject@core@UModSys@@@tl@3@@tl@UModSys@@QEAA@XZ 0000000180005ab0 f i umodsys_lib_libui:umodsys.mod.ui.SDL_core.obj
 0001:00004b00       ??$t_ref_get_other_interface@URMultiImage2D_SDL_ttf@SDL_core@ui@modules@UModSys@@U?$TRefObjectWeakFunc@URMultiImage2D_SDL_ttf@SDL_core@ui@modules@UModSys@@@tl@5@@IRefObject@core@UModSys@@QEAA_NAEAU?$TRefObject@URMultiImage2D_SDL_ttf@SDL_core@ui@modules@UModSys@@U?$TRefObjectWeakFunc@URMultiImage2D_SDL_ttf@SDL_core@ui@modules@UModSys@@@tl@5@@tl@2@@Z 0000000180005b00 f i umodsys_lib_libui:umodsys.mod.ui.SDL_core.obj
 0001:00004b80       ?remove_color@?$TTreeHoldRB@U?$TScatterArrayNode@U?$TRefObjectCompositeExtra@UIMouseClient@libui@UModSys@@HUIRefObject@core@3@U?$TRefObjectFunc@UIRefObject@core@UModSys@@@tl@3@@tl@UModSys@@H@tl@UModSys@@@tl@UModSys@@IEAAXPEAU?$TScatterArrayNode@U?$TRefObjectCompositeExtra@UIMouseClient@libui@UModSys@@HUIRefObject@core@3@U?$TRefObjectFunc@UIRefObject@core@UModSys@@@tl@3@@tl@UModSys@@H@23@0@Z 0000000180005b80 f i umodsys_lib_libui:umodsys.mod.ui.SDL_core.obj
 0001:00004b80       ?remove_color@?$TTreeHoldRB@U?$TScatterArrayNode@U?$TRefObjectComposite@UIKeyboardClient@libui@UModSys@@UIRefObject@core@3@U?$TRefObjectFunc@UIRefObject@core@UModSys@@@tl@3@@tl@UModSys@@H@tl@UModSys@@@tl@UModSys@@IEAAXPEAU?$TScatterArrayNode@U?$TRefObjectComposite@UIKeyboardClient@libui@UModSys@@UIRefObject@core@3@U?$TRefObjectFunc@UIRefObject@core@UModSys@@@tl@3@@tl@UModSys@@H@23@0@Z 0000000180005b80 f i umodsys_lib_libui:umodsys.mod.ui.SDL_core.obj
 0001:00004e40       ??$t_close@U?$TRefObject@URRenderDriver2D@SDL_core@ui@modules@UModSys@@U?$TRefObjectWeakFunc@URRenderDriver2D@SDL_core@ui@modules@UModSys@@@tl@5@@tl@UModSys@@@SDL_core@ui@modules@UModSys@@YA_NAEAU?$TScatterArray@U?$TRefObject@URRenderDriver2D@SDL_core@ui@modules@UModSys@@U?$TRefObjectWeakFunc@URRenderDriver2D@SDL_core@ui@modules@UModSys@@@tl@5@@tl@UModSys@@HU?$TScalarCompare@H@core@3@U?$TNodeDeleter0@U?$TScatterArrayNode@U?$TRefObject@URRenderDriver2D@SDL_core@ui@modules@UModSys@@U?$TRefObjectWeakFunc@URRenderDriver2D@SDL_core@ui@modules@UModSys@@@tl@5@@tl@UModSys@@H@tl@UModSys@@@23@@tl@3@@Z 0000000180005e40 f i umodsys_lib_libui:umodsys.mod.ui.SDL_core.obj
 0001:00004f30       ??$t_count@U?$TRefObject@URRenderDriver2D@SDL_core@ui@modules@UModSys@@U?$TRefObjectWeakFunc@URRenderDriver2D@SDL_core@ui@modules@UModSys@@@tl@5@@tl@UModSys@@@SDL_core@ui@modules@UModSys@@YA_KAEBU?$TScatterArray@U?$TRefObject@URRenderDriver2D@SDL_core@ui@modules@UModSys@@U?$TRefObjectWeakFunc@URRenderDriver2D@SDL_core@ui@modules@UModSys@@@tl@5@@tl@UModSys@@HU?$TScalarCompare@H@core@3@U?$TNodeDeleter0@U?$TScatterArrayNode@U?$TRefObject@URRenderDriver2D@SDL_core@ui@modules@UModSys@@U?$TRefObjectWeakFunc@URRenderDriver2D@SDL_core@ui@modules@UModSys@@@tl@5@@tl@UModSys@@H@tl@UModSys@@@23@@tl@3@@Z 0000000180005f30 f i umodsys_lib_libui:umodsys.mod.ui.SDL_core.obj
 0001:00004fb0       ??$t_get@U?$TRefObject@URRenderDriver2D@SDL_core@ui@modules@UModSys@@U?$TRefObjectWeakFunc@URRenderDriver2D@SDL_core@ui@modules@UModSys@@@tl@5@@tl@UModSys@@@SDL_core@ui@modules@UModSys@@YAPEAUIRefObject@core@3@AEBU?$TScatterArray@U?$TRefObject@URRenderDriver2D@SDL_core@ui@modules@UModSys@@U?$TRefObjectWeakFunc@URRenderDriver2D@SDL_core@ui@modules@UModSys@@@tl@5@@tl@UModSys@@HU?$TScalarCompare@H@core@3@U?$TNodeDeleter0@U?$TScatterArrayNode@U?$TRefObject@URRenderDriver2D@SDL_core@ui@modules@UModSys@@U?$TRefObjectWeakFunc@URRenderDriver2D@SDL_core@ui@modules@UModSys@@@tl@5@@tl@UModSys@@H@tl@UModSys@@@23@@tl@3@_K@Z 0000000180005fb0 f i umodsys_lib_libui:umodsys.mod.ui.SDL_core.obj
 0001:00005050       ??$ValidateConstruction@UIRefObject@core@UModSys@@URRenderDriver2D@SDL_core@ui@modules@3@@core@UModSys@@YA_NAEAU?$TRefObject@UIRefObject@core@UModSys@@U?$TRefObjectFunc@UIRefObject@core@UModSys@@@tl@3@@tl@1@U?$TRefObject@URRenderDriver2D@SDL_core@ui@modules@UModSys@@U?$TRefObjectFunc@URRenderDriver2D@SDL_core@ui@modules@UModSys@@@tl@5@@31@@Z 0000000180006050 f i umodsys_lib_libui:umodsys.mod.ui.SDL_core.obj
 0001:00005100       ??$t_add@U?$TRefObject@URRenderDriver2D@SDL_core@ui@modules@UModSys@@U?$TRefObjectWeakFunc@URRenderDriver2D@SDL_core@ui@modules@UModSys@@@tl@5@@tl@UModSys@@URRenderDriver2D@SDL_core@ui@modules@3@@SDL_core@ui@modules@UModSys@@YA_NAEAU?$TScatterArray@U?$TRefObject@URRenderDriver2D@SDL_core@ui@modules@UModSys@@U?$TRefObjectWeakFunc@URRenderDriver2D@SDL_core@ui@modules@UModSys@@@tl@5@@tl@UModSys@@HU?$TScalarCompare@H@core@3@U?$TNodeDeleter0@U?$TScatterArrayNode@U?$TRefObject@URRenderDriver2D@SDL_core@ui@modules@UModSys@@U?$TRefObjectWeakFunc@URRenderDriver2D@SDL_core@ui@modules@UModSys@@@tl@5@@tl@UModSys@@H@tl@UModSys@@@23@@tl@3@PEAURRenderDriver2D@0123@@Z 0000000180006100 f i umodsys_lib_libui:umodsys.mod.ui.SDL_core.obj
 0001:00005180       ??$ValidateConstruction@UIRefObject@core@UModSys@@URKeyboardController@SDL_core@ui@modules@3@@core@UModSys@@YA_NAEAU?$TRefObject@UIRefObject@core@UModSys@@U?$TRefObjectFunc@UIRefObject@core@UModSys@@@tl@3@@tl@1@U?$TRefObject@URKeyboardController@SDL_core@ui@modules@UModSys@@U?$TRefObjectFunc@URKeyboardController@SDL_core@ui@modules@UModSys@@@tl@5@@31@@Z 0000000180006180 f i umodsys_lib_libui:umodsys.mod.ui.SDL_core.obj
 0001:00005180       ??$ValidateConstruction@UIRefObject@core@UModSys@@URMouseController@SDL_core@ui@modules@3@@core@UModSys@@YA_NAEAU?$TRefObject@UIRefObject@core@UModSys@@U?$TRefObjectFunc@UIRefObject@core@UModSys@@@tl@3@@tl@1@U?$TRefObject@URMouseController@SDL_core@ui@modules@UModSys@@U?$TRefObjectFunc@URMouseController@SDL_core@ui@modules@UModSys@@@tl@5@@31@@Z 0000000180006180 f i umodsys_lib_libui:umodsys.mod.ui.SDL_core.obj
 0001:00005210       ??$ValidateConstruction@UIMultiImage@lib2d@UModSys@@URMultiImage2D_SDL_ttf@SDL_core@ui@modules@3@@core@UModSys@@YA_NAEAU?$TRefObject@UIMultiImage@lib2d@UModSys@@U?$TRefObjectFunc@UIMultiImage@lib2d@UModSys@@@tl@3@@tl@1@PEAURMultiImage2D_SDL_ttf@SDL_core@ui@modules@1@@Z 0000000180006210 f i umodsys_lib_libui:umodsys.mod.ui.SDL_core.obj
 0001:00005290       ??$genx_node@UCmp@?$TScatterArray@UGlyph@RMultiImage2D_SDL_ttf@SDL_core@ui@modules@UModSys@@HU?$TScalarCompare@H@core@6@U?$TNodeDeleter0@U?$TScatterArrayNode@UGlyph@RMultiImage2D_SDL_ttf@SDL_core@ui@modules@UModSys@@H@tl@UModSys@@@tl@6@@tl@UModSys@@UGen0@234@@?$TTreeHoldRBD@U?$TScatterArrayNode@UGlyph@RMultiImage2D_SDL_ttf@SDL_core@ui@modules@UModSys@@H@tl@UModSys@@U?$TNodeDeleter0@U?$TScatterArrayNode@UGlyph@RMultiImage2D_SDL_ttf@SDL_core@ui@modules@UModSys@@H@tl@UModSys@@@23@@tl@UModSys@@QEAAPEAU?$TScatterArrayNode@UGlyph@RMultiImage2D_SDL_ttf@SDL_core@ui@modules@UModSys@@H@12@UCmp@?$TScatterArray@UGlyph@RMultiImage2D_SDL_ttf@SDL_core@ui@modules@UModSys@@HU?$TScalarCompare@H@core@6@U?$TNodeDeleter0@U?$TScatterArrayNode@UGlyph@RMultiImage2D_SDL_ttf@SDL_core@ui@modules@UModSys@@H@tl@UModSys@@@tl@6@@12@AEBUGen0@512@PEAPEAU312@2_N@Z 0000000180006290 f i umodsys_lib_libui:umodsys.mod.ui.SDL_core.obj
 0001:00005420       ??$genx_node@UCmp@?$TScatterArray@U?$TRefObjectCompositeExtra@UIMouseClient@libui@UModSys@@HUIRefObject@core@3@U?$TRefObjectFunc@UIRefObject@core@UModSys@@@tl@3@@tl@UModSys@@HU?$TScalarCompare@H@core@3@U?$TNodeDeleter0@U?$TScatterArrayNode@U?$TRefObjectCompositeExtra@UIMouseClient@libui@UModSys@@HUIRefObject@core@3@U?$TRefObjectFunc@UIRefObject@core@UModSys@@@tl@3@@tl@UModSys@@H@tl@UModSys@@@23@@tl@UModSys@@UGen0@234@@?$TTreeHoldRBD@U?$TScatterArrayNode@U?$TRefObjectCompositeExtra@UIMouseClient@libui@UModSys@@HUIRefObject@core@3@U?$TRefObjectFunc@UIRefObject@core@UModSys@@@tl@3@@tl@UModSys@@H@tl@UModSys@@U?$TNodeDeleter0@U?$TScatterArrayNode@U?$TRefObjectCompositeExtra@UIMouseClient@libui@UModSys@@HUIRefObject@core@3@U?$TRefObjectFunc@UIRefObject@core@UModSys@@@tl@3@@tl@UModSys@@H@tl@UModSys@@@23@@tl@UModSys@@QEAAPEAU?$TScatterArrayNode@U?$TRefObjectCompositeExtra@UIMouseClient@libui@UModSys@@HUIRefObject@core@3@U?$TRefObjectFunc@UIRefObject@core@UModSys@@@tl@3@@tl@UModSys@@H@12@UCmp@?$TScatterArray@U?$TRefObjectCompositeExtra@UIMouseClient@libui@UModSys@@HUIRefObject@core@3@U?$TRefObjectFunc@UIRefObject@core@UModSys@@@tl@3@@tl@UModSys@@HU?$TScalarCompare@H@core@3@U?$TNodeDeleter0@U?$TScatterArrayNode@U?$TRefObjectCompositeExtra@UIMouseClient@libui@UModSys@@HUIRefObject@core@3@U?$TRefObjectFunc@UIRefObject@core@UModSys@@@tl@3@@tl@UModSys@@H@tl@UModSys@@@23@@12@AEBUGen0@512@PEAPEAU312@2_N@Z 0000000180006420 f i umodsys_lib_libui:umodsys.mod.ui.SDL_core.obj
[...]
 0001:000200b0       ??__F?s_modreg@RModuleReg@test1@test@modules@UModSys@@2U12345@A@@YAXXZ 00000001800210b0 f    CIL library: CIL module
 0001:000200d0       ??__F?s_modreg_chain@RModuleReg@test1@test@modules@UModSys@@2USModuleRegChain@base@5@A@@YAXXZ 00000001800210d0 f    CIL library: CIL module
 0001:000200e0       ??__F?s_uid@RGenerator@test1@test@modules@UModSys@@2USUniquePointer@core@5@A@@YAXXZ 00000001800210e0 f    CIL library: CIL module
 0001:000200f0       ??__Fh@?1??s_holder@RGenerator@test1@test@modules@UModSys@@SAAEAU?$TTypeStaticHolder@URGenerator@test1@test@modules@UModSys@@@tl@5@XZ@YAXXZ 00000001800210f0 f    CIL library: CIL module
 0001:00020120       ??__F?s_id@?$TObjectUniqueID@URGenerator@test1@test@modules@UModSys@@@tl@UModSys@@2USUniquePointer@core@3@A@@YAXXZ 0000000180021120 f    CIL library: CIL module
 0001:00020130       ??__F?s_id@?$TObjectUniqueID@URTest1_Shell@test1@test@modules@UModSys@@@tl@UModSys@@2USUniquePointer@core@3@A@@YAXXZ 0000000180021130 f    CIL library: CIL module
 0001:00020140       ??__F?s_id@?$TObjectUniqueID@URLines_Filter@test1@test@modules@UModSys@@@tl@UModSys@@2USUniquePointer@core@3@A@@YAXXZ 0000000180021140 f    CIL library: CIL module
 0001:00020150       ??__F?s_id@?$TObjectUniqueID@URLines@test1@test@modules@UModSys@@@tl@UModSys@@2USUniquePointer@core@3@A@@YAXXZ 0000000180021150 f    CIL library: CIL module
 0001:00020160       ??__F?s_id@?$TObjectUniqueID@UILines@test1@test@modules@UModSys@@@tl@UModSys@@2USUniquePointer@core@3@A@@YAXXZ 0000000180021160 f    CIL library: CIL module
 0001:00020170       ??__F?s_id@?$TObjectUniqueID@UIRenderDriver@lib2d@UModSys@@@tl@UModSys@@2USUniquePointer@core@3@A@@YAXXZ 0000000180021170 f    CIL library: CIL module
 0001:00020180       ??__F?s_id@?$TObjectUniqueID@UIMultiImage@lib2d@UModSys@@@tl@UModSys@@2USUniquePointer@core@3@A@@YAXXZ 0000000180021180 f    CIL library: CIL module
 0001:00020190       ??__F?s_id@?$TObjectUniqueID@UIImageFactory@lib2d@UModSys@@@tl@UModSys@@2USUniquePointer@core@3@A@@YAXXZ 0000000180021190 f    CIL library: CIL module
 0001:000201a0       ??__F?s_id@?$TObjectUniqueID@UIImage@lib2d@UModSys@@@tl@UModSys@@2USUniquePointer@core@3@A@@YAXXZ 00000001800211a0 f    CIL library: CIL module
 0001:000201b0       ??__F?s_id@?$TObjectUniqueID@UIDialog@libui@UModSys@@@tl@UModSys@@2USUniquePointer@core@3@A@@YAXXZ 00000001800211b0 f    CIL library: CIL module
 0001:000201c0       ??__F?s_id@?$TObjectUniqueID@UIFrame@libui@UModSys@@@tl@UModSys@@2USUniquePointer@core@3@A@@YAXXZ 00000001800211c0 f    CIL library: CIL module
 0001:000201d0       ??__F?s_id@?$TObjectUniqueID@UIAsyncCollector@libui@UModSys@@@tl@UModSys@@2USUniquePointer@core@3@A@@YAXXZ 00000001800211d0 f    CIL library: CIL module
 0001:000201e0       ??__F?s_id@?$TObjectUniqueID@UIAsyncController@libui@UModSys@@@tl@UModSys@@2USUniquePointer@core@3@A@@YAXXZ 00000001800211e0 f    CIL library: CIL module
 0001:000201f0       ??__F?s_id@?$TObjectUniqueID@UICollector@libui@UModSys@@@tl@UModSys@@2USUniquePointer@core@3@A@@YAXXZ 00000001800211f0 f    CIL library: CIL module
 0001:00020200       ??__F?s_id@?$TObjectUniqueID@UIConsoleHelperInput_UIKey@libui@UModSys@@@tl@UModSys@@2USUniquePointer@core@3@A@@YAXXZ 0000000180021200 f    CIL library: CIL module
 0001:00020210       ??__F?s_id@?$TObjectUniqueID@UITerminal@libui@UModSys@@@tl@UModSys@@2USUniquePointer@core@3@A@@YAXXZ 0000000180021210 f    CIL library: CIL module
 0001:00020220       ??__F?s_id@?$TObjectUniqueID@UIJoystickController@libui@UModSys@@@tl@UModSys@@2USUniquePointer@core@3@A@@YAXXZ 0000000180021220 f    CIL library: CIL module
 0001:00020230       ??__F?s_id@?$TObjectUniqueID@UIMouseController@libui@UModSys@@@tl@UModSys@@2USUniquePointer@core@3@A@@YAXXZ 0000000180021230 f    CIL library: CIL module
 0001:00020240       ??__F?s_id@?$TObjectUniqueID@UIKeyboardController@libui@UModSys@@@tl@UModSys@@2USUniquePointer@core@3@A@@YAXXZ 0000000180021240 f    CIL library: CIL module
 0001:00020250       ??__F?s_id@?$TObjectUniqueID@UIConsoleHelperOutputFCS@base@UModSys@@@tl@UModSys@@2USUniquePointer@core@3@A@@YAXXZ 0000000180021250 f    CIL library: CIL module
 0001:00020260       ??__F?s_id@?$TObjectUniqueID@UIConsoleHelperOutput@base@UModSys@@@tl@UModSys@@2USUniquePointer@core@3@A@@YAXXZ 0000000180021260 f    CIL library: CIL module
 0001:00020270       ??__F?s_id@?$TObjectUniqueID@UIConsoleHelperInput@base@UModSys@@@tl@UModSys@@2USUniquePointer@core@3@A@@YAXXZ 0000000180021270 f    CIL library: CIL module
 0001:00020280       ??__F?s_id@?$TObjectUniqueID@UIConsoleHelperHistory@base@UModSys@@@tl@UModSys@@2USUniquePointer@core@3@A@@YAXXZ 0000000180021280 f    CIL library: CIL module
 0001:00020290       ??__F?s_id@?$TObjectUniqueID@UIConsoleHelper@base@UModSys@@@tl@UModSys@@2USUniquePointer@core@3@A@@YAXXZ 0000000180021290 f    CIL library: CIL module
 0001:000202a0       ??__F?s_id@?$TObjectUniqueID@UIConsoleExt@base@UModSys@@@tl@UModSys@@2USUniquePointer@core@3@A@@YAXXZ 00000001800212a0 f    CIL library: CIL module
 0001:000202b0       ??__F?s_id@?$TObjectUniqueID@UISerializeWriter@libmedia@UModSys@@@tl@UModSys@@2USUniquePointer@core@3@A@@YAXXZ 00000001800212b0 f    CIL library: CIL module
 0001:000202c0       ??__F?s_id@?$TObjectUniqueID@UISerializeReader@libmedia@UModSys@@@tl@UModSys@@2USUniquePointer@core@3@A@@YAXXZ 00000001800212c0 f    CIL library: CIL module
 0001:000202d0       ??__F?s_id@?$TObjectUniqueID@UIClient@IBinArchiveFrame@libmedia@UModSys@@@tl@UModSys@@2USUniquePointer@core@3@A@@YAXXZ 00000001800212d0 f    CIL library: CIL module
 0001:000202e0       ??__F?s_id@?$TObjectUniqueID@UIBinArchiveFrame@libmedia@UModSys@@@tl@UModSys@@2USUniquePointer@core@3@A@@YAXXZ 00000001800212e0 f    CIL library: CIL module
 0001:000202f0       ??__F?s_id@?$TObjectUniqueID@UILibraryLayered@libmedia@UModSys@@@tl@UModSys@@2USUniquePointer@core@3@A@@YAXXZ 00000001800212f0 f    CIL library: CIL module
 0001:00020300       ??__F?s_id@?$TObjectUniqueID@UILibraryObjCache@libmedia@UModSys@@@tl@UModSys@@2USUniquePointer@core@3@A@@YAXXZ 0000000180021300 f    CIL library: CIL module
 0001:00020310       ??__F?s_id@?$TObjectUniqueID@UILibraryObjFilter@libmedia@UModSys@@@tl@UModSys@@2USUniquePointer@core@3@A@@YAXXZ 0000000180021310 f    CIL library: CIL module
 0001:00020320       ??__F?s_id@?$TObjectUniqueID@UILibraryBinCache@libmedia@UModSys@@@tl@UModSys@@2USUniquePointer@core@3@A@@YAXXZ 0000000180021320 f    CIL library: CIL module
 0001:00020330       ??__F?s_id@?$TObjectUniqueID@UILibraryBinTree@libmedia@UModSys@@@tl@UModSys@@2USUniquePointer@core@3@A@@YAXXZ 0000000180021330 f    CIL library: CIL module
 0001:00020340       ??__F?s_id@?$TObjectUniqueID@UILibrary@libmedia@UModSys@@@tl@UModSys@@2USUniquePointer@core@3@A@@YAXXZ 0000000180021340 f    CIL library: CIL module
 0001:00020350       ??__F?s_id@?$TObjectUniqueID@UIBinObjFilter@libmedia@UModSys@@@tl@UModSys@@2USUniquePointer@core@3@A@@YAXXZ 0000000180021350 f    CIL library: CIL module
 0001:00020360       ??__F?s_id@?$TObjectUniqueID@UIBinArchive@libmedia@UModSys@@@tl@UModSys@@2USUniquePointer@core@3@A@@YAXXZ 0000000180021360 f    CIL library: CIL module
 0001:00020370       ??__F?s_id@?$TObjectUniqueID@UILibObject@libmedia@UModSys@@@tl@UModSys@@2USUniquePointer@core@3@A@@YAXXZ 0000000180021370 f    CIL library: CIL module
 0001:00020380       ??__F?s_id@?$TObjectUniqueID@UIUtilities@libmedia@UModSys@@@tl@UModSys@@2USUniquePointer@core@3@A@@YAXXZ 0000000180021380 f    CIL library: CIL module
 0001:00020390       ??__F?s_id@?$TObjectUniqueID@UIStreamWriter@libmedia@UModSys@@@tl@UModSys@@2USUniquePointer@core@3@A@@YAXXZ 0000000180021390 f    CIL library: CIL module
 0001:000203a0       ??__F?s_id@?$TObjectUniqueID@UIStreamReader@libmedia@UModSys@@@tl@UModSys@@2USUniquePointer@core@3@A@@YAXXZ 00000001800213a0 f    CIL library: CIL module
 0001:000203b0       ??__F?s_id@?$TObjectUniqueID@UISystem@base@UModSys@@@tl@UModSys@@2USUniquePointer@core@3@A@@YAXXZ 00000001800213b0 f    CIL library: CIL module
 0001:000203c0       ??__F?s_id@?$TObjectUniqueID@UIShell@base@UModSys@@@tl@UModSys@@2USUniquePointer@core@3@A@@YAXXZ 00000001800213c0 f    CIL library: CIL module
 0001:000203d0       ??__F?s_id@?$TObjectUniqueID@UIGenerator@base@UModSys@@@tl@UModSys@@2USUniquePointer@core@3@A@@YAXXZ 00000001800213d0 f    CIL library: CIL module
 0001:000203e0       ??__F?s_id@?$TObjectUniqueID@UIModObject@base@UModSys@@@tl@UModSys@@2USUniquePointer@core@3@A@@YAXXZ 00000001800213e0 f    CIL library: CIL module
 0001:000203f0       ??__F?s_id@?$TObjectUniqueID@UIModuleLibrary@base@UModSys@@@tl@UModSys@@2USUniquePointer@core@3@A@@YAXXZ 00000001800213f0 f    CIL library: CIL module
 0001:00020400       ??__F?s_id@?$TObjectUniqueID@UIModule@base@UModSys@@@tl@UModSys@@2USUniquePointer@core@3@A@@YAXXZ 0000000180021400 f    CIL library: CIL module
 0001:00020410       ??__F?s_id@?$TObjectUniqueID@UIConsole@base@UModSys@@@tl@UModSys@@2USUniquePointer@core@3@A@@YAXXZ 0000000180021410 f    CIL library: CIL module
 0001:00020420       ??__F?s_id@?$TObjectUniqueID@UIParameters@core@UModSys@@@tl@UModSys@@2USUniquePointer@core@3@A@@YAXXZ 0000000180021420 f    CIL library: CIL module
 0001:00020430       ??__F?s_id@?$TObjectUniqueID@UIRefObject@core@UModSys@@@tl@UModSys@@2USUniquePointer@core@3@A@@YAXXZ 0000000180021430 f    CIL library: CIL module
 0001:00020440       ??__F?s_id@?$TObjectUniqueID@UIRoot@core@UModSys@@@tl@UModSys@@2USUniquePointer@core@3@A@@YAXXZ 0000000180021440 f    CIL library: CIL module
 0001:00020450       ??__Fs_dbg@stdlib@lib2d@modules@UModSys@@YAXXZ 0000000180021450 f    CIL library: CIL module
 0001:00020460       ??__F?s_modreg@RModuleReg@stdlib@lib2d@modules@UModSys@@2U12345@A@@YAXXZ 0000000180021460 f    CIL library: CIL module
 0001:00020480       ??__F?s_modreg_chain@RModuleReg@stdlib@lib2d@modules@UModSys@@2USModuleRegChain@base@5@A@@YAXXZ 0000000180021480 f    CIL library: CIL module
 0001:00020490       ??__F?s_uid@RGenerator@stdlib@lib2d@modules@UModSys@@2USUniquePointer@core@5@A@@YAXXZ 0000000180021490 f    CIL library: CIL module
 0001:000204a0       ??__Fh@?1??s_holder@RGenerator@stdlib@lib2d@modules@UModSys@@SAAEAU?$TTypeStaticHolder@URGenerator@stdlib@lib2d@modules@UModSys@@@tl@5@XZ@YAXXZ 00000001800214a0 f    CIL library: CIL module
 0001:000204d0       ??__F?s_id@?$TObjectUniqueID@URGenerator@stdlib@lib2d@modules@UModSys@@@tl@UModSys@@2USUniquePointer@core@3@A@@YAXXZ 00000001800214d0 f    CIL library: CIL module
 0001:000204e0       ??__F?s_id@?$TObjectUniqueID@URMultiImage@stdlib@lib2d@modules@UModSys@@@tl@UModSys@@2USUniquePointer@core@3@A@@YAXXZ 00000001800214e0 f    CIL library: CIL module
 0001:000204f0       ??__F?s_id@?$TObjectUniqueID@URImageFactory_Memory@stdlib@lib2d@modules@UModSys@@@tl@UModSys@@2USUniquePointer@core@3@A@@YAXXZ 00000001800214f0 f    CIL library: CIL module
 0001:00020500       ??__F?s_id@?$TObjectUniqueID@URImage_Memory@stdlib@lib2d@modules@UModSys@@@tl@UModSys@@2USUniquePointer@core@3@A@@YAXXZ 0000000180021500 f    CIL library: CIL module
 0001:00020510       ??__Fs_dbg@SDL_core@ui@modules@UModSys@@YAXXZ 0000000180021510 f    CIL library: CIL module
 0001:00020520       ??__F?s_modreg@RModuleReg@SDL_core@ui@modules@UModSys@@2U12345@A@@YAXXZ 0000000180021520 f    CIL library: CIL module
 0001:00020540       ??__F?s_modreg_chain@RModuleReg@SDL_core@ui@modules@UModSys@@2USModuleRegChain@base@5@A@@YAXXZ 0000000180021540 f    CIL library: CIL module
 0001:00020550       ??__F?s_uid@RGenerator@SDL_core@ui@modules@UModSys@@2USUniquePointer@core@5@A@@YAXXZ 0000000180021550 f    CIL library: CIL module
 0001:00020560       ??__Fh@?1??s_holder@RGenerator@SDL_core@ui@modules@UModSys@@SAAEAU?$TTypeStaticHolder@URGenerator@SDL_core@ui@modules@UModSys@@@tl@5@XZ@YAXXZ 0000000180021560 f    CIL library: CIL module
 0001:00020590       ??__F?s_id@?$TObjectUniqueID@URGenerator@SDL_core@ui@modules@UModSys@@@tl@UModSys@@2USUniquePointer@core@3@A@@YAXXZ 0000000180021590 f    CIL library: CIL module
 0001:000205a0       ??__F?s_id@?$TObjectUniqueID@URTerminal@SDL_core@ui@modules@UModSys@@@tl@UModSys@@2USUniquePointer@core@3@A@@YAXXZ 00000001800215a0 f    CIL library: CIL module
 0001:000205b0       ??__F?s_id@?$TObjectUniqueID@URKeyboardController@SDL_core@ui@modules@UModSys@@@tl@UModSys@@2USUniquePointer@core@3@A@@YAXXZ 00000001800215b0 f    CIL library: CIL module
 0001:000205c0       ??__F?s_id@?$TObjectUniqueID@URMouseController@SDL_core@ui@modules@UModSys@@@tl@UModSys@@2USUniquePointer@core@3@A@@YAXXZ 00000001800215c0 f    CIL library: CIL module
 0001:000205d0       ??__F?s_id@?$TObjectUniqueID@URRenderDriver2D@SDL_core@ui@modules@UModSys@@@tl@UModSys@@2USUniquePointer@core@3@A@@YAXXZ 00000001800215d0 f    CIL library: CIL module
 0001:000205e0       ??__F?s_id@?$TObjectUniqueID@URMultiImage2D_SDL_ttf@SDL_core@ui@modules@UModSys@@@tl@UModSys@@2USUniquePointer@core@3@A@@YAXXZ 00000001800215e0 f    CIL library: CIL module
 0001:000205f0       ??__Fs_dbg@frames@ui@modules@UModSys@@YAXXZ 00000001800215f0 f    CIL library: CIL module
 0001:00020600       ??__F?s_modreg@RModuleReg@frames@ui@modules@UModSys@@2U12345@A@@YAXXZ 0000000180021600 f    CIL library: CIL module
 0001:00020620       ??__F?s_modreg_chain@RModuleReg@frames@ui@modules@UModSys@@2USModuleRegChain@base@5@A@@YAXXZ 0000000180021620 f    CIL library: CIL module
 0001:00020630       ??__F?s_uid@RGenerator@frames@ui@modules@UModSys@@2USUniquePointer@core@5@A@@YAXXZ 0000000180021630 f    CIL library: CIL module
 0001:00020640       ??__Fh@?1??s_holder@RGenerator@frames@ui@modules@UModSys@@SAAEAU?$TTypeStaticHolder@URGenerator@frames@ui@modules@UModSys@@@tl@5@XZ@YAXXZ 0000000180021640 f    CIL library: CIL module
 0001:00020670       ??__F?s_id@?$TObjectUniqueID@URGenerator@frames@ui@modules@UModSys@@@tl@UModSys@@2USUniquePointer@core@3@A@@YAXXZ 0000000180021670 f    CIL library: CIL module
 0001:00020680       ??__F?s_id@?$TObjectUniqueID@URCollector@frames@ui@modules@UModSys@@@tl@UModSys@@2USUniquePointer@core@3@A@@YAXXZ 0000000180021680 f    CIL library: CIL module
 0001:00020690       ??__F?s_id@?$TObjectUniqueID@URFrame_List@frames@ui@modules@UModSys@@@tl@UModSys@@2USUniquePointer@core@3@A@@YAXXZ 0000000180021690 f    CIL library: CIL module
 0001:000206a0       ??__F?s_id@?$TObjectUniqueID@URFrame_Edit@frames@ui@modules@UModSys@@@tl@UModSys@@2USUniquePointer@core@3@A@@YAXXZ 00000001800216a0 f    CIL library: CIL module
 0001:000206b0       ??__F?s_id@?$TObjectUniqueID@URFrame_Button@frames@ui@modules@UModSys@@@tl@UModSys@@2USUniquePointer@core@3@A@@YAXXZ 00000001800216b0 f    CIL library: CIL module
 0001:000206c0       ??__F?s_id@?$TObjectUniqueID@URFrame_Text@frames@ui@modules@UModSys@@@tl@UModSys@@2USUniquePointer@core@3@A@@YAXXZ 00000001800216c0 f    CIL library: CIL module
 0001:000206d0       ??__F?s_id@?$TObjectUniqueID@URFrame_Image@frames@ui@modules@UModSys@@@tl@UModSys@@2USUniquePointer@core@3@A@@YAXXZ 00000001800216d0 f    CIL library: CIL module
 0001:000206e0       ??__F?s_id@?$TObjectUniqueID@URFrame_Frame@frames@ui@modules@UModSys@@@tl@UModSys@@2USUniquePointer@core@3@A@@YAXXZ 00000001800216e0 f    CIL library: CIL module
 0001:000206f0       ??__F?s_id@?$TObjectUniqueID@URDialog@frames@ui@modules@UModSys@@@tl@UModSys@@2USUniquePointer@core@3@A@@YAXXZ 00000001800216f0 f    CIL library: CIL module
 0001:00020700       ??__F?s_id@?$TObjectUniqueID@URFrame_Common@frames@ui@modules@UModSys@@@tl@UModSys@@2USUniquePointer@core@3@A@@YAXXZ 0000000180021700 f    CIL library: CIL module
 0001:00020710       ??__Fs_dbg@images_std@media@modules@UModSys@@YAXXZ 0000000180021710 f    CIL library: CIL module
 0001:00020720       ??__F?s_modreg@RModuleReg@images_std@media@modules@UModSys@@2U12345@A@@YAXXZ 0000000180021720 f    CIL library: CIL module
 0001:00020740       ??__F?s_modreg_chain@RModuleReg@images_std@media@modules@UModSys@@2USModuleRegChain@base@5@A@@YAXXZ 0000000180021740 f    CIL library: CIL module
 0001:00020750       ??__F?s_uid@RGenerator@images_std@media@modules@UModSys@@2USUniquePointer@core@5@A@@YAXXZ 0000000180021750 f    CIL library: CIL module
 0001:00020760       ??__Fh@?1??s_holder@RGenerator@images_std@media@modules@UModSys@@SAAEAU?$TTypeStaticHolder@URGenerator@images_std@media@modules@UModSys@@@tl@5@XZ@YAXXZ 0000000180021760 f    CIL library: CIL module
 0001:00020790       ??__F?s_id@?$TObjectUniqueID@URGenerator@images_std@media@modules@UModSys@@@tl@UModSys@@2USUniquePointer@core@3@A@@YAXXZ 0000000180021790 f    CIL library: CIL module
 0001:000207a0       ??__F?s_id@?$TObjectUniqueID@URMediaFilter@images_std@media@modules@UModSys@@@tl@UModSys@@2USUniquePointer@core@3@A@@YAXXZ 00000001800217a0 f    CIL library: CIL module
 0001:000207b0       ??__Fs_dbg@serialize_json@media@modules@UModSys@@YAXXZ 00000001800217b0 f    CIL library: CIL module
 0001:000207c0       ??__F?s_modreg@RModuleReg@serialize_json@media@modules@UModSys@@2U12345@A@@YAXXZ 00000001800217c0 f    CIL library: CIL module
 0001:000207e0       ??__F?s_modreg_chain@RModuleReg@serialize_json@media@modules@UModSys@@2USModuleRegChain@base@5@A@@YAXXZ 00000001800217e0 f    CIL library: CIL module
 0001:000207f0       ??__F?s_uid@RGenerator@serialize_json@media@modules@UModSys@@2USUniquePointer@core@5@A@@YAXXZ 00000001800217f0 f    CIL library: CIL module
 0001:00020800       ??__Fh@?1??s_holder@RGenerator@serialize_json@media@modules@UModSys@@SAAEAU?$TTypeStaticHolder@URGenerator@serialize_json@media@modules@UModSys@@@tl@5@XZ@YAXXZ 0000000180021800 f    CIL library: CIL module
 0001:00020830       ??__F?s_id@?$TObjectUniqueID@URGenerator@serialize_json@media@modules@UModSys@@@tl@UModSys@@2USUniquePointer@core@3@A@@YAXXZ 0000000180021830 f    CIL library: CIL module
 0001:00020840       ??__F?s_id@?$TObjectUniqueID@URSerializeWriter@serialize_json@media@modules@UModSys@@@tl@UModSys@@2USUniquePointer@core@3@A@@YAXXZ 0000000180021840 f    CIL library: CIL module
 0001:00020850       ??__F?s_id@?$TObjectUniqueID@URSerializeReader@serialize_json@media@modules@UModSys@@@tl@UModSys@@2USUniquePointer@core@3@A@@YAXXZ 0000000180021850 f    CIL library: CIL module
 0001:00020860       ??__Fs_dbg@zlib@media@modules@UModSys@@YAXXZ 0000000180021860 f    CIL library: CIL module
 0001:00020870       ??__F?s_modreg@RModuleReg@zlib@media@modules@UModSys@@2U12345@A@@YAXXZ 0000000180021870 f    CIL library: CIL module
 0001:00020890       ??__F?s_modreg_chain@RModuleReg@zlib@media@modules@UModSys@@2USModuleRegChain@base@5@A@@YAXXZ 0000000180021890 f    CIL library: CIL module
 0001:000208a0       ??__F?s_uid@RGenerator@zlib@media@modules@UModSys@@2USUniquePointer@core@5@A@@YAXXZ 00000001800218a0 f    CIL library: CIL module
 0001:000208b0       ??__Fh@?1??s_holder@RGenerator@zlib@media@modules@UModSys@@SAAEAU?$TTypeStaticHolder@URGenerator@zlib@media@modules@UModSys@@@tl@5@XZ@YAXXZ 00000001800218b0 f    CIL library: CIL module
 0001:000208e0       ??__F?s_id@?$TObjectUniqueID@URGenerator@zlib@media@modules@UModSys@@@tl@UModSys@@2USUniquePointer@core@3@A@@YAXXZ 00000001800218e0 f    CIL library: CIL module
 0001:000208f0       ??__F?s_id@?$TObjectUniqueID@URBinArchiveFrameClient_ZIP@zlib@media@modules@UModSys@@@tl@UModSys@@2USUniquePointer@core@3@A@@YAXXZ 00000001800218f0 f    CIL library: CIL module
 0001:00020900       ??__FM@UModSys@@YAXXZ      0000000180021900 f    CIL library: CIL module
 0001:00020910       ??__F?root@SModuleRegChain@base@UModSys@@2U123@A@@YAXXZ 0000000180021910 f    CIL library: CIL module
 0001:00020920       ??__F?s_library@RModuleLibraryReg_Chain@base@UModSys@@2U123@A@@YAXXZ 0000000180021920 f    CIL library: CIL module
 0001:00020930       ??__F?root@SUniquePointer@core@UModSys@@2U123@A@@YAXXZ 0000000180021930 f    CIL library: CIL module

 Exports

  ordinal    name

        1    UModSys_Plugin_Entry2
