 plugin_test1

 Timestamp is 5256d6fd (Thu Oct 10 19:34:05 2013)

 Preferred load address is 0000000180000000

 Start         Length     Name                   Class
 0001:00000000 00001b60H .text                   CODE
 0001:00001b60 0000005eH .text$00                CODE
 0001:00001bc0 000001fcH .text$x                 CODE
 0001:00001dc0 00000522H .text$yc                CODE
 0001:000022f0 0000019cH .text$yd                CODE
 0002:00000000 000000f0H .idata$5                DATA
 0002:000000f0 00000008H .CRT$XCA                DATA
 0002:000000f8 00000218H .CRT$XCU                DATA
 0002:00000310 00000008H .CRT$XCZ                DATA
 0002:00000318 00000008H .CRT$XIA                DATA
 0002:00000320 00000008H .CRT$XIAA               DATA
 0002:00000328 00000008H .CRT$XIZ                DATA
 0002:00000330 00000760H .rdata                  DATA
 0002:00000a90 000005acH .rdata$r                DATA
 0002:00001040 00000008H .rtc$IAA                DATA
 0002:00001048 00000008H .rtc$IZZ                DATA
 0002:00001050 00000008H .rtc$TAA                DATA
 0002:00001058 00000008H .rtc$TZZ                DATA
 0002:00001060 00000340H .xdata                  DATA
 0002:000013a0 00000028H .idata$2                DATA
 0002:000013c8 00000014H .idata$3                DATA
 0002:000013e0 000000f0H .idata$4                DATA
 0002:000014d0 0000021eH .idata$6                DATA
 0002:000016f0 00000059H .edata                  DATA
 0003:00000000 000002d0H .data                   DATA
 0003:000002d0 00000450H .bss                    DATA
 0004:00000000 00000450H .pdata                  DATA

  Address         Publics by Value              Rva+Base               Lib:Object

 0000:00000000       ___safe_se_handler_count   0000000000000000     <absolute>
 0000:00000000       ___safe_se_handler_table   0000000000000000     <absolute>
 0000:00000000       __ImageBase                0000000180000000     <linker-defined>
 0001:00000000       ?get_interface_info@RTest1_Shell@test1@UModSys@@UEBAAEBUSUniquePointerInfo@core@3@XZ 0000000180001000 f i plugin_test1.obj
 0001:00000010       ?get_interface_type@RTest1_Shell@test1@UModSys@@UEBAPEBUSUniquePointerInfo@core@3@XZ 0000000180001010 f i plugin_test1.obj
 0001:00000020       ?get_other_interface@RTest1_Shell@test1@UModSys@@UEAAPEAUIRoot@core@3@PEBUSUniquePointerInfo@53@@Z 0000000180001020 f i plugin_test1.obj
 0001:00000020       ?get_other_interface@RTest1_Shell@test1@UModSys@@UEBAPEBUIRoot@core@3@PEBUSUniquePointerInfo@53@@Z 0000000180001020 f i plugin_test1.obj
 0001:00000050       ?ref_add@RTest1_Generator@test1@UModSys@@UEBAXXZ 0000000180001050 f i plugin_test1.obj
 0001:00000050       ?ref_add@RTest1_Shell@test1@UModSys@@UEBAXXZ 0000000180001050 f i plugin_test1.obj
 0001:00000060       ?ref_remove@RTest1_Generator@test1@UModSys@@UEBAXXZ 0000000180001060 f i plugin_test1.obj
 0001:00000060       ?ref_remove@RTest1_Shell@test1@UModSys@@UEBAXXZ 0000000180001060 f i plugin_test1.obj
 0001:00000080       ?ref_links@RTest1_Shell@test1@UModSys@@UEBAHXZ 0000000180001080 f i plugin_test1.obj
 0001:00000080       ?ref_links@RTest1_Generator@test1@UModSys@@UEBAHXZ 0000000180001080 f i plugin_test1.obj
 0001:00000090       ?suicide@RTest1_Shell@test1@UModSys@@UEAAXXZ 0000000180001090 f i plugin_test1.obj
 0001:000000f0       ??0RTest1_Shell@test1@UModSys@@QEAA@PEAUIModObject@base@2@@Z 00000001800010f0 f i plugin_test1.obj
 0001:00000470       ??1RTest1_Shell@test1@UModSys@@UEAA@XZ 0000000180001470 f i plugin_test1.obj
 0001:00000510       ?connect@RTest1_Shell@test1@UModSys@@UEAA_NXZ 0000000180001510 f i plugin_test1.obj
 0001:00000540       ?disconnect@RTest1_Shell@test1@UModSys@@UEAA_NXZ 0000000180001540 f i plugin_test1.obj
 0001:00000570       ?process_tick@RTest1_Shell@test1@UModSys@@UEAA_NAEBUSTimeMsec@core@3@@Z 0000000180001570 f i plugin_test1.obj
 0001:000005b0       ?process_command@RTest1_Shell@test1@UModSys@@UEAA_NHQEBU?$TString@U?$TSCoreConst@D@su@tl@UModSys@@U?$TComparerBinaryHash@D@234@@tl@3@@Z 00000001800015b0 f i plugin_test1.obj
 0001:000005e0       ??_GRTest1_Shell@test1@UModSys@@UEAAPEAXI@Z 00000001800015e0 f i plugin_test1.obj
 0001:000005e0       ??_ERTest1_Shell@test1@UModSys@@UEAAPEAXI@Z 00000001800015e0 f i  CIL library: CIL module
 0001:00000600       ??1IShell@base@UModSys@@UEAA@XZ 0000000180001600 f i plugin_test1.obj
 0001:00000610       ??1?$TParametersA@$0EAA@@core@UModSys@@QEAA@XZ 0000000180001610 f i plugin_test1.obj
 0001:00000630       ??_GRTest1_Generator@test1@UModSys@@UEAAPEAXI@Z 0000000180001630 f i plugin_test1.obj
 0001:00000630       ??_ERTest1_Generator@test1@UModSys@@UEAAPEAXI@Z 0000000180001630 f i  CIL library: CIL module
 0001:00000630       ??_EIRefObject@core@UModSys@@UEAAPEAXI@Z 0000000180001630 f i  CIL library: CIL module
 0001:00000630       ??_GIRefObject@core@UModSys@@UEAAPEAXI@Z 0000000180001630 f i plugin_test1.obj
 0001:00000650       ??_GIRoot@core@UModSys@@UEAAPEAXI@Z 0000000180001650 f i plugin_test1.obj
 0001:00000650       ??_EIRoot@core@UModSys@@UEAAPEAXI@Z 0000000180001650 f i  CIL library: CIL module
 0001:00000670       ?get_generated_names@RTest1_Generator@test1@UModSys@@UEBAHAEAUSUniquePtrList@core@3@@Z 0000000180001670 f i plugin_test1.obj
 0001:00000690       ?get_generated_types@RTest1_Generator@test1@UModSys@@UEBAHAEAUSUniquePtrList@core@3@PEBUSUniquePointerInfo@53@@Z 0000000180001690 f i plugin_test1.obj
 0001:000006f0       ?generate@RTest1_Generator@test1@UModSys@@UEAA_NAEAU?$TRefObject@UIRefObject@core@UModSys@@@tl@3@PEBUSUniquePointerInfo@core@3@AEBUSParameters@73@@Z 00000001800016f0 f i plugin_test1.obj
 0001:00000790       ?get_interface_info@RTest1_Generator@test1@UModSys@@UEBAAEBUSUniquePointerInfo@core@3@XZ 0000000180001790 f i plugin_test1.obj
 0001:000007a0       ?get_interface_type@RTest1_Generator@test1@UModSys@@UEBAPEBUSUniquePointerInfo@core@3@XZ 00000001800017a0 f i plugin_test1.obj
 0001:000007b0       ?get_interface_types@RTest1_Generator@test1@UModSys@@UEBA_KAEAUSUniquePtrList@core@3@@Z 00000001800017b0 f i plugin_test1.obj
 0001:000007b0       ?get_interface_types@RTest1_Shell@test1@UModSys@@UEBA_KAEAUSUniquePtrList@core@3@@Z 00000001800017b0 f i plugin_test1.obj
 0001:000007c0       ?get_other_interface@RTest1_Generator@test1@UModSys@@UEBAPEBUIRoot@core@3@PEBUSUniquePointerInfo@53@@Z 00000001800017c0 f i plugin_test1.obj
 0001:000007c0       ?get_other_interface@RTest1_Generator@test1@UModSys@@UEAAPEAUIRoot@core@3@PEBUSUniquePointerInfo@53@@Z 00000001800017c0 f i plugin_test1.obj
 0001:00000800       ?suicide@RTest1_Generator@test1@UModSys@@UEAAXXZ 0000000180001800 f i plugin_test1.obj
 0001:00000810       ?get_uid@RTest1_Generator@test1@UModSys@@UEBAPEBUSUniquePointerInfo@core@3@XZ 0000000180001810 f i plugin_test1.obj
 0001:00000820       ?do_open@RTest1_ModuleReg@test1@UModSys@@UEAA_NXZ 0000000180001820 f i plugin_test1.obj
 0001:00000850       ?do_close@RTest1_ModuleReg@test1@UModSys@@UEAA_NXZ 0000000180001850 f i plugin_test1.obj
 0001:00000880       ??_ERTest1_ModuleReg@test1@UModSys@@UEAAPEAXI@Z 0000000180001880 f i  CIL library: CIL module
 0001:00000880       ??_GRTest1_ModuleReg@test1@UModSys@@UEAAPEAXI@Z 0000000180001880 f i plugin_test1.obj
 0001:000008b0       ??1?$TRefObject@UIRefObject@core@UModSys@@@tl@UModSys@@QEAA@XZ 00000001800018b0 f i plugin_test1.obj
 0001:000008b0       ??1?$TRefObject@UIModObject@base@UModSys@@@tl@UModSys@@QEAA@XZ 00000001800018b0 f i plugin_test1.obj
 0001:000008b0       ??1?$TRefObject@UIStreamReader@media@UModSys@@@tl@UModSys@@QEAA@XZ 00000001800018b0 f i plugin_test1.obj
 0001:000008e0       ??$shash@D@su@tl@UModSys@@YAHPEBD_K@Z 00000001800018e0 f i umodsys_lib_base:umodsys.base.moduleinfo.obj
 0001:00000910       ??_GRModuleLibraryReg_Chain@base@UModSys@@UEAAPEAXI@Z 0000000180001910 f i umodsys_lib_base:umodsys.base.moduleregchain.obj
 0001:00000910       ??_ERModuleLibraryReg_Chain@base@UModSys@@UEAAPEAXI@Z 0000000180001910 f i  CIL library: CIL module
 0001:00000940       ??_EIModuleReg@base@UModSys@@UEAAPEAXI@Z 0000000180001940 f i  CIL library: CIL module
 0001:00000940       ??_GIModuleReg@base@UModSys@@UEAAPEAXI@Z 0000000180001940 f i umodsys_lib_base:umodsys.base.modulereg.obj
 0001:00000970       ??_EIModuleLibraryReg@base@UModSys@@UEAAPEAXI@Z 0000000180001970 f i  CIL library: CIL module
 0001:00000970       ??_GIModuleLibraryReg@base@UModSys@@UEAAPEAXI@Z 0000000180001970 f i umodsys_lib_base:umodsys.base.modulereg.obj
 0001:00000994       _onexit                    0000000180001994 f   MSVCRT:atonexit.obj
 0001:00000a44       atexit                     0000000180001a44 f   MSVCRT:atonexit.obj
 0001:00000a5c       _purecall                  0000000180001a5c f   MSVCRT:MSVCR90.dll
 0001:00000a62       ??3@YAXPEAX@Z              0000000180001a62 f   MSVCRT:MSVCR90.dll
 0001:00000a68       ??_Etype_info@@UEAAPEAXI@Z 0000000180001a68 f i MSVCRT:ti_inst.obj
 0001:00000b34       _CRT_INIT                  0000000180001b34 f   MSVCRT:crtdll.obj
 0001:00000ec8       _DllMainCRTStartup         0000000180001ec8 f   MSVCRT:crtdll.obj
 0001:00000f06       __C_specific_handler       0000000180001f06 f   MSVCRT:MSVCR90.dll
 0001:00000f0c       _unlock                    0000000180001f0c f   MSVCRT:MSVCR90.dll
 0001:00000f12       __dllonexit                0000000180001f12 f   MSVCRT:MSVCR90.dll
 0001:00000f18       _lock                      0000000180001f18 f   MSVCRT:MSVCR90.dll
 0001:00000f20       ?__ArrayUnwind@@YAXPEAX_KHP6AX0@Z@Z 0000000180001f20 f   MSVCRT:ehvecdtr.obj
 0001:00000f6c       ??_M@YAXPEAX_KHP6AX0@Z@Z   0000000180001f6c f   MSVCRT:ehvecdtr.obj
 0001:00000fcc       __clean_type_info_names    0000000180001fcc f   MSVCRT:tncleanup.obj
 0001:00000fd8       _RTC_Initialize            0000000180001fd8 f   MSVCRT:_initsect_.obj
 0001:00001010       _RTC_Terminate             0000000180002010 f   MSVCRT:_initsect_.obj
 0001:00001050       _ValidateImageBase         0000000180002050 f   MSVCRT:pesect.obj
 0001:00001080       _FindPESection             0000000180002080 f   MSVCRT:pesect.obj
 0001:000010d0       _IsNonwritableInCurrentImage 00000001800020d0 f   MSVCRT:pesect.obj
 0001:00001112       _initterm                  0000000180002112 f   MSVCRT:MSVCR90.dll
 0001:00001118       _initterm_e                0000000180002118 f   MSVCRT:MSVCR90.dll
 0001:0000111e       _amsg_exit                 000000018000211e f   MSVCRT:MSVCR90.dll
 0001:00001124       __CppXcptFilter            0000000180002124 f   MSVCRT:MSVCR90.dll
 0001:0000112c       DllMain                    000000018000212c f   MSVCRT:dllmain.obj
 0001:00001150       __security_init_cookie     0000000180002150 f   MSVCRT:gs_support.obj
 0001:00001204       ?terminate@@YAXXZ          0000000180002204 f   MSVCRT:MSVCR90.dll
 0001:0000120a       ??1type_info@@UEAA@XZ      000000018000220a f   MSVCRT:MSVCR90.dll
 0001:0000120a       ?_type_info_dtor_internal_method@type_info@@QEAAXXZ 000000018000220a f   MSVCRT:MSVCR90.dll
 0001:00001210       __clean_type_info_names_internal 0000000180002210 f   MSVCRT:MSVCR90.dll
 0001:00001220       ?suicide@IRoot@core@UModSys@@UEAAXXZ 0000000180002220 f   umodsys_lib_core:umodsys.core.objects.obj
 0001:00001230       ??1IRoot@core@UModSys@@UEAA@XZ 0000000180002230 f   umodsys_lib_core:umodsys.core.objects.obj
 0001:00001250       ??1IRefObject@core@UModSys@@UEAA@XZ 0000000180002250 f   umodsys_lib_core:umodsys.core.objects.obj
 0001:00001270       ??3IRoot@core@UModSys@@SAXPEAXAEBUSIMemAlloc@12@@Z 0000000180002270 f   umodsys_lib_core:umodsys.core.objects.obj
 0001:00001290       ??2IRoot@core@UModSys@@SAPEAX_KAEBUSIMemAlloc@12@@Z 0000000180002290 f   umodsys_lib_core:umodsys.core.objects.obj
 0001:000012a0       ?s_unresolve@SUniquePointer@core@UModSys@@SAXPEAUIUniquePointerResolver@23@@Z 00000001800022a0 f   umodsys_lib_core:umodsys.core.uniqueptr.obj
 0001:00001310       ?s_resolve@SUniquePointer@core@UModSys@@SAXPEAUIUniquePointerResolver@23@@Z 0000000180002310 f   umodsys_lib_core:umodsys.core.uniqueptr.obj
 0001:00001390       ??1SUniquePointer@core@UModSys@@QEAA@XZ 0000000180002390 f   umodsys_lib_core:umodsys.core.uniqueptr.obj
 0001:000013c0       ??0SUniquePointer@core@UModSys@@QEAA@H@Z 00000001800023c0 f   umodsys_lib_core:umodsys.core.uniqueptr.obj
 0001:000013f0       ??0SUniquePointer@core@UModSys@@QEAA@PEBD0H@Z 00000001800023f0 f   umodsys_lib_core:umodsys.core.uniqueptr.obj
 0001:00001440       ??1IModuleLibraryReg@base@UModSys@@UEAA@XZ 0000000180002440 f   umodsys_lib_base:umodsys.base.modulereg.obj
 0001:00001460       ??0IModuleLibraryReg@base@UModSys@@QEAA@XZ 0000000180002460 f   umodsys_lib_base:umodsys.base.modulereg.obj
 0001:00001480       ?mr_close@IModuleReg@base@UModSys@@UEAA_NXZ 0000000180002480 f   umodsys_lib_base:umodsys.base.modulereg.obj
 0001:000014a0       ?mr_open@IModuleReg@base@UModSys@@UEAA_NXZ 00000001800024a0 f   umodsys_lib_base:umodsys.base.modulereg.obj
 0001:000014d0       ?mr_isopen@IModuleReg@base@UModSys@@UEBA_NXZ 00000001800024d0 f   umodsys_lib_base:umodsys.base.modulereg.obj
 0001:000014e0       ??1IModuleReg@base@UModSys@@UEAA@XZ 00000001800024e0 f   umodsys_lib_base:umodsys.base.modulereg.obj
 0001:00001500       ??0IModuleReg@base@UModSys@@QEAA@XZ 0000000180002500 f   umodsys_lib_base:umodsys.base.modulereg.obj
 0001:00001540       UModSys_Plugin_Entry2      0000000180002540 f   umodsys_lib_base:umodsys.so_main.win32.obj
 0001:00001550       ??1RModuleLibraryReg_Chain@base@UModSys@@UEAA@XZ 0000000180002550 f   umodsys_lib_base:umodsys.base.moduleregchain.obj
 0001:00001570       ??0RModuleLibraryReg_Chain@base@UModSys@@QEAA@XZ 0000000180002570 f   umodsys_lib_base:umodsys.base.moduleregchain.obj
 0001:000015a0       ?s_get@SModuleRegChain@base@UModSys@@SAPEAUIModuleReg@23@_K@Z 00000001800025a0 f   umodsys_lib_base:umodsys.base.moduleregchain.obj
 0001:000015e0       ??1SModuleRegChain@base@UModSys@@QEAA@XZ 00000001800025e0 f   umodsys_lib_base:umodsys.base.moduleregchain.obj
 0001:00001610       ??0SModuleRegChain@base@UModSys@@QEAA@AEAUIModuleReg@12@@Z 0000000180002610 f   umodsys_lib_base:umodsys.base.moduleregchain.obj
 0001:00001660       ?mlr_isopen@RModuleLibraryReg_Chain@base@UModSys@@UEBA_NXZ 0000000180002660 f   umodsys_lib_base:umodsys.base.moduleregchain.obj
 0001:00001680       ?mlr_close@RModuleLibraryReg_Chain@base@UModSys@@UEAA_NXZ 0000000180002680 f   umodsys_lib_base:umodsys.base.moduleregchain.obj
 0001:000016c0       ?mlr_open@RModuleLibraryReg_Chain@base@UModSys@@UEAA_NPEAUISystem@23@PEAUIMemAlloc@core@3@@Z 00000001800026c0 f   umodsys_lib_base:umodsys.base.moduleregchain.obj
 0001:00001700       ?mlr_get@RModuleLibraryReg_Chain@base@UModSys@@UEBAPEAUIModuleReg@23@_K@Z 0000000180002700 f   umodsys_lib_base:umodsys.base.moduleregchain.obj
 0001:00001710       ?mlr_count@RModuleLibraryReg_Chain@base@UModSys@@UEBA_KXZ 0000000180002710 f   umodsys_lib_base:umodsys.base.moduleregchain.obj
 0001:00001750       ??0SModuleRegChain@base@UModSys@@QEAA@H@Z 0000000180002750 f   umodsys_lib_base:umodsys.base.moduleregchain.obj
 0001:00001770       ??1SModuleInfo@base@UModSys@@QEAA@XZ 0000000180002770 f   umodsys_lib_base:umodsys.base.moduleinfo.obj
 0001:00001780       ?set@SModuleInfo@base@UModSys@@QEAAXPEBDHH0@Z 0000000180002780 f   umodsys_lib_base:umodsys.base.moduleinfo.obj
 0001:00001820       ??0SModuleInfo@base@UModSys@@QEAA@XZ 0000000180002820 f   umodsys_lib_base:umodsys.base.moduleinfo.obj
 0001:00001850       ?Link@SModuleContext@base@UModSys@@QEAAXPEAUISystem@23@PEAUIMemAlloc@core@3@@Z 0000000180002850 f   umodsys_lib_base:umodsys.base.modulecontext.obj
 0001:000018b0       ??1SModuleContext@base@UModSys@@QEAA@XZ 00000001800028b0 f   umodsys_lib_base:umodsys.base.modulecontext.obj
 0001:000018c0       ?get_paramworker@SParameters@core@UModSys@@KAPEAUIParameters@23@XZ 00000001800028c0 f   umodsys_lib_base:umodsys.base.modulecontext.obj
 0001:000018e0       ??0SModuleContext@base@UModSys@@QEAA@XZ 00000001800028e0 f   umodsys_lib_base:umodsys.base.modulecontext.obj
 0001:00001900       ?s_holder@RTest1_Generator@test1@UModSys@@SAAEAU?$TTypeStaticHolder@URTest1_Generator@test1@UModSys@@@tl@3@XZ 0000000180002900 f   plugin_test1.obj
 0001:00001950       ?mod_dec@RTest1_Generator@test1@UModSys@@UEBA_NXZ 0000000180002950 f   plugin_test1.obj
 0001:00001970       ?mod_inc@RTest1_Generator@test1@UModSys@@UEBA_NXZ 0000000180002970 f   plugin_test1.obj
 0001:00001990       ?get_module@RTest1_Generator@test1@UModSys@@UEBAPEAUIModule@base@3@XZ 0000000180002990 f   plugin_test1.obj
 0001:000019a0       ?s_unreg@RTest1_Generator@test1@UModSys@@SA_NPEAUIModuleReg@base@3@@Z 00000001800029a0 f   plugin_test1.obj
 0001:00001a10       ?s_reg@RTest1_Generator@test1@UModSys@@SA_NPEAUIModuleReg@base@3@@Z 0000000180002a10 f   plugin_test1.obj
 0001:00001a80       ?add@SUniquePtrList@core@UModSys@@QEAA_NPEBUSUniquePointerInfo@23@@Z 0000000180002a80 f   umodsys_lib_core:umodsys.core.uniqueptrlist.obj
 0001:00001b56       __CxxFrameHandler3         0000000180002b56 f   MSVCRT:MSVCR90.dll
 0001:00001b70       __chkstk                   0000000180002b70 f   MSVCRT:chkstk.obj
 0001:00001b70       _alloca_probe              0000000180002b70     MSVCRT:chkstk.obj
 0002:00000000       __imp_GetCurrentProcessId  0000000180004000     kernel32:KERNEL32.dll
 0002:00000008       __imp_GetCurrentThreadId   0000000180004008     kernel32:KERNEL32.dll
 0002:00000010       __imp_GetTickCount         0000000180004010     kernel32:KERNEL32.dll
 0002:00000018       __imp_QueryPerformanceCounter 0000000180004018     kernel32:KERNEL32.dll
 0002:00000020       __imp_DisableThreadLibraryCalls 0000000180004020     kernel32:KERNEL32.dll
 0002:00000028       __imp_Sleep                0000000180004028     kernel32:KERNEL32.dll
 0002:00000030       __imp_GetSystemTimeAsFileTime 0000000180004030     kernel32:KERNEL32.dll
 0002:00000038       \177KERNEL32_NULL_THUNK_DATA 0000000180004038     kernel32:KERNEL32.dll
 0002:00000040       __imp__encode_pointer      0000000180004040     MSVCRT:MSVCR90.dll
 0002:00000048       __imp__lock                0000000180004048     MSVCRT:MSVCR90.dll
 0002:00000050       __imp__onexit              0000000180004050     MSVCRT:MSVCR90.dll
 0002:00000058       __imp__decode_pointer      0000000180004058     MSVCRT:MSVCR90.dll
 0002:00000060       __imp__malloc_crt          0000000180004060     MSVCRT:MSVCR90.dll
 0002:00000068       __imp__initterm            0000000180004068     MSVCRT:MSVCR90.dll
 0002:00000070       __imp___dllonexit          0000000180004070     MSVCRT:MSVCR90.dll
 0002:00000078       __imp__encoded_null        0000000180004078     MSVCRT:MSVCR90.dll
 0002:00000080       __imp__amsg_exit           0000000180004080     MSVCRT:MSVCR90.dll
 0002:00000088       __imp___CppXcptFilter      0000000180004088     MSVCRT:MSVCR90.dll
 0002:00000090       __imp_?terminate@@YAXXZ    0000000180004090     MSVCRT:MSVCR90.dll
 0002:00000098       __imp_?_type_info_dtor_internal_method@type_info@@QEAAXXZ 0000000180004098     MSVCRT:MSVCR90.dll
 0002:000000a0       __imp___clean_type_info_names_internal 00000001800040a0     MSVCRT:MSVCR90.dll
 0002:000000a8       __imp__unlock              00000001800040a8     MSVCRT:MSVCR90.dll
 0002:000000b0       __imp___C_specific_handler 00000001800040b0     MSVCRT:MSVCR90.dll
 0002:000000b8       __imp_free                 00000001800040b8     MSVCRT:MSVCR90.dll
 0002:000000c0       __imp_??3@YAXPEAX@Z        00000001800040c0     MSVCRT:MSVCR90.dll
 0002:000000c8       __imp__purecall            00000001800040c8     MSVCRT:MSVCR90.dll
 0002:000000d0       __imp__initterm_e          00000001800040d0     MSVCRT:MSVCR90.dll
 0002:000000d8       __imp_strstr               00000001800040d8     MSVCRT:MSVCR90.dll
 0002:000000e0       __imp___CxxFrameHandler3   00000001800040e0     MSVCRT:MSVCR90.dll
 0002:000000e8       \177MSVCR90_NULL_THUNK_DATA 00000001800040e8     MSVCRT:MSVCR90.dll
 0002:000000f0       __xc_a                     00000001800040f0     MSVCRT:cinitexe.obj
 0002:00000310       __xc_z                     0000000180004310     MSVCRT:cinitexe.obj
 0002:00000318       __xi_a                     0000000180004318     MSVCRT:cinitexe.obj
 0002:00000328       __xi_z                     0000000180004328     MSVCRT:cinitexe.obj
 0002:00000338       ??_7type_info@@6B@         0000000180004338     MSVCRT:ti_inst.obj
 0002:00000340       _pDefaultRawDllMain        0000000180004340     MSVCRT:crtdll.obj
 0002:00000340       _pRawDllMain               0000000180004340     MSVCRT:crtdll.obj
 0002:00000348       ??_C@_0P@GHFPNOJB@bad?5allocation?$AA@ 0000000180004348     plugin_test1.obj
 0002:00000358       ??_C@_0BF@OCNNAADO@UModSys?3?3core?3?3IRoot?$AA@ 0000000180004358     plugin_test1.obj
 0002:00000370       ??_C@_0BK@EMIJFOPA@UModSys?3?3core?3?3IRefObject?$AA@ 0000000180004370     plugin_test1.obj
 0002:00000390       ??_C@_0BL@IOMMHELF@UModSys?3?3core?3?3IParameters?$AA@ 0000000180004390     plugin_test1.obj
 0002:000003b0       ??_C@_0BH@LKDEEPPM@UModSys?3?3base?3?3IModule?$AA@ 00000001800043b0     plugin_test1.obj
 0002:000003c8       ??_C@_0BO@PHJOHFCB@UModSys?3?3base?3?3IModuleLibrary?$AA@ 00000001800043c8     plugin_test1.obj
 0002:000003e8       ??_C@_0BK@FDPIOPHG@UModSys?3?3base?3?3IModObject?$AA@ 00000001800043e8     plugin_test1.obj
 0002:00000408       ??_C@_0BK@OIBKNCKJ@UModSys?3?3base?3?3IGenerator?$AA@ 0000000180004408     plugin_test1.obj
 0002:00000428       ??_C@_0BG@PJBGCMEC@UModSys?3?3base?3?3IShell?$AA@ 0000000180004428     plugin_test1.obj
 0002:00000440       ??_C@_0BI@IKAOEFAP@UModSys?3?3base?3?3IConsole?$AA@ 0000000180004440     plugin_test1.obj
 0002:00000458       ??_C@_0BH@PFCONEJJ@UModSys?3?3base?3?3ISystem?$AA@ 0000000180004458     plugin_test1.obj
 0002:00000470       ??_C@_0BO@DAFEALKL@UModSys?3?3media?3?3IStreamReader?$AA@ 0000000180004470     plugin_test1.obj
 0002:00000490       ??_C@_0BO@BMNGAKHB@UModSys?3?3media?3?3IStreamWriter?$AA@ 0000000180004490     plugin_test1.obj
 0002:000004b0       ??_C@_0BN@CNGMNOHH@UModSys?3?3media?3?3IDataArchive?$AA@ 00000001800044b0     plugin_test1.obj
 0002:000004d0       ??_C@_0BN@FAEMELKH@UModSys?3?3test1?3?3RTest1_Shell?$AA@ 00000001800044d0     plugin_test1.obj
 0002:000004f0       ??_C@_0BC@NIGGCDMG@RTest1_Shell?$CI?$CJ?5?$HL?6?$AA@ 00000001800044f0     plugin_test1.obj
 0002:00000508       ??_C@_0CL@BCMGJOII@UModSys?3?3test1?3?3RTest1_Shell?3?3RT@ 0000000180004508     plugin_test1.obj
 0002:00000538       ??_C@_0CK@OICDGBDJ@?4?4?2?4?4?2?4?4?2src?2plugin?2test?2plugin_@ 0000000180004538     plugin_test1.obj
 0002:00000564       ??_C@_05HGMEJBME@_FILE?$AA@ 0000000180004564     plugin_test1.obj
 0002:00000570       ??_C@_0BE@NGMPLFFH@?5?5found?5reader?3?5?$CFs?6?$AA@ 0000000180004570     plugin_test1.obj
 0002:00000588       ??_C@_0O@CMKKEPPD@read?9test?4txt?$AA@ 0000000180004588     plugin_test1.obj
 0002:00000598       ??_C@_08BABJIOEM@filename?$AA@ 0000000180004598     plugin_test1.obj
 0002:000005a8       ??_C@_0O@OKDOBIEG@?5?5read?3?5?$HL?$CFs?$HN?6?$AA@ 00000001800045a8     plugin_test1.obj
 0002:000005b8       ??_C@_0BF@BMCPNMPN@?$HN?5?1?1?5RTest1_Shell?$CI?$CJ?6?$AA@ 00000001800045b8     plugin_test1.obj
 0002:000005d0       ??_C@_0CM@DLLPFCHF@UModSys?3?3test1?3?3RTest1_Shell?3?3?$HOR@ 00000001800045d0     plugin_test1.obj
 0002:00000600       ??_C@_0BB@MLDFLEML@?$HORTest1_Shell?$CI?$CJ?6?$AA@ 0000000180004600     plugin_test1.obj
 0002:00000618       ??_C@_0BJ@CCPCJEPP@RTest1_Shell?3?3connect?$CI?$CJ?6?$AA@ 0000000180004618     plugin_test1.obj
 0002:00000638       ??_C@_0BM@KBDBHLN@RTest1_Shell?3?3disconnect?$CI?$CJ?6?$AA@ 0000000180004638     plugin_test1.obj
 0002:00000658       ??_C@_0BI@PGLACHLJ@RTest1_Shell?3?3tick?$CI?$CFg?$CJ?6?$AA@ 0000000180004658     plugin_test1.obj
 0002:00000670       ??_C@_0BM@JFIEEBE@RTest1_Shell?3?3command?$CI?$CD?$CFd?$CJ?6?$AA@ 0000000180004670     plugin_test1.obj
 0002:00000690       ??_C@_0CB@KLHNBAJE@UModSys?3?3test1?3?3RTest1_Generator@ 0000000180004690     plugin_test1.obj
 0002:000006b8       ??_C@_0CI@BGMLNDEB@UModSys?3?3test1?3?3RTest1_Generator@ 00000001800046b8     plugin_test1.obj
 0002:000006e0       ??_C@_0BA@NMEBLMNE@Test?51?5?9?5module?$AA@ 00000001800046e0     plugin_test1.obj
 0002:000006f0       ??_C@_05GENPCEMM@Test1?$AA@ 00000001800046f0     plugin_test1.obj
 0002:000006f8       ??_C@_0BK@LIIMFEEN@RTest1_ModuleReg?3?3open?$CI?$CJ?6?$AA@ 00000001800046f8     plugin_test1.obj
 0002:00000718       ??_C@_0BL@GPGMDKM@RTest1_ModuleReg?3?3close?$CI?$CJ?6?$AA@ 0000000180004718     plugin_test1.obj
 0002:00000738       ??_C@_09JGNMLHG@modobject?$AA@ 0000000180004738     plugin_test1.obj
 0002:00000748       ??_C@_08FCBDOIAH@typeinfo?$AA@ 0000000180004748     plugin_test1.obj
 0002:00000768       ??_7IRoot@core@UModSys@@6B@ 0000000180004768     plugin_test1.obj
 0002:000007a8       ??_7IRefObject@core@UModSys@@6B@ 00000001800047a8     plugin_test1.obj
 0002:00000808       ??_7RTest1_Generator@test1@UModSys@@6B@ 0000000180004808     plugin_test1.obj
 0002:00000898       ??_7RTest1_Shell@test1@UModSys@@6B@ 0000000180004898     plugin_test1.obj
 0002:00000910       ??_7RTest1_ModuleReg@test1@UModSys@@6B@ 0000000180004910     plugin_test1.obj
 0002:00000948       ??_7RModuleLibraryReg_Chain@base@UModSys@@6B@ 0000000180004948     umodsys_lib_base:umodsys.base.moduleregchain.obj
 0002:00000980       ??_7IModuleReg@base@UModSys@@6B@ 0000000180004980     umodsys_lib_base:umodsys.base.modulereg.obj
 0002:000009b8       ??_7IModuleLibraryReg@base@UModSys@@6B@ 00000001800049b8     umodsys_lib_base:umodsys.base.modulereg.obj
 0002:000009e8       __real@3f50624dd2f1a9fc    00000001800049e8      CIL library: CIL module
 0002:00000a90       ??_R4type_info@@6B@        0000000180004a90     MSVCRT:ti_inst.obj
 0002:00000ab8       ??_R3type_info@@8          0000000180004ab8     MSVCRT:ti_inst.obj
 0002:00000ad0       ??_R2type_info@@8          0000000180004ad0     MSVCRT:ti_inst.obj
 0002:00000ae0       ??_R1A@?0A@EA@type_info@@8 0000000180004ae0     MSVCRT:ti_inst.obj
 0002:00000b08       ??_R4RTest1_ModuleReg@test1@UModSys@@6B@ 0000000180004b08     plugin_test1.obj
 0002:00000b30       ??_R3RTest1_ModuleReg@test1@UModSys@@8 0000000180004b30     plugin_test1.obj
 0002:00000b48       ??_R2RTest1_ModuleReg@test1@UModSys@@8 0000000180004b48     plugin_test1.obj
 0002:00000b60       ??_R1A@?0A@EA@IModuleReg@base@UModSys@@8 0000000180004b60     plugin_test1.obj
 0002:00000b88       ??_R3IModuleReg@base@UModSys@@8 0000000180004b88     plugin_test1.obj
 0002:00000ba0       ??_R2IModuleReg@base@UModSys@@8 0000000180004ba0     plugin_test1.obj
 0002:00000bb0       ??_R1A@?0A@EA@RTest1_ModuleReg@test1@UModSys@@8 0000000180004bb0     plugin_test1.obj
 0002:00000bd8       ??_R4RTest1_Shell@test1@UModSys@@6B@ 0000000180004bd8     plugin_test1.obj
 0002:00000c00       ??_R3RTest1_Shell@test1@UModSys@@8 0000000180004c00     plugin_test1.obj
 0002:00000c18       ??_R2RTest1_Shell@test1@UModSys@@8 0000000180004c18     plugin_test1.obj
 0002:00000c40       ??_R1A@?0A@EA@RTest1_Shell@test1@UModSys@@8 0000000180004c40     plugin_test1.obj
 0002:00000c68       ??_R4RTest1_Generator@test1@UModSys@@6B@ 0000000180004c68     plugin_test1.obj
 0002:00000c90       ??_R3RTest1_Generator@test1@UModSys@@8 0000000180004c90     plugin_test1.obj
 0002:00000ca8       ??_R2RTest1_Generator@test1@UModSys@@8 0000000180004ca8     plugin_test1.obj
 0002:00000cd8       ??_R1A@?0A@EA@RTest1_Generator@test1@UModSys@@8 0000000180004cd8     plugin_test1.obj
 0002:00000d00       ??_R3IShell@base@UModSys@@8 0000000180004d00     plugin_test1.obj
 0002:00000d18       ??_R2IShell@base@UModSys@@8 0000000180004d18     plugin_test1.obj
 0002:00000d38       ??_R1A@?0A@EA@IShell@base@UModSys@@8 0000000180004d38     plugin_test1.obj
 0002:00000d60       ??_R3IGenerator@base@UModSys@@8 0000000180004d60     plugin_test1.obj
 0002:00000d78       ??_R2IGenerator@base@UModSys@@8 0000000180004d78     plugin_test1.obj
 0002:00000da0       ??_R1A@?0A@EA@IGenerator@base@UModSys@@8 0000000180004da0     plugin_test1.obj
 0002:00000dc8       ??_R3IModObject@base@UModSys@@8 0000000180004dc8     plugin_test1.obj
 0002:00000de0       ??_R2IModObject@base@UModSys@@8 0000000180004de0     plugin_test1.obj
 0002:00000e00       ??_R1A@?0A@EA@IModObject@base@UModSys@@8 0000000180004e00     plugin_test1.obj
 0002:00000e28       ??_R4IRefObject@core@UModSys@@6B@ 0000000180004e28     plugin_test1.obj
 0002:00000e50       ??_R3IRefObject@core@UModSys@@8 0000000180004e50     plugin_test1.obj
 0002:00000e68       ??_R2IRefObject@core@UModSys@@8 0000000180004e68     plugin_test1.obj
 0002:00000e80       ??_R1A@?0A@EA@IRefObject@core@UModSys@@8 0000000180004e80     plugin_test1.obj
 0002:00000ea8       ??_R4IRoot@core@UModSys@@6B@ 0000000180004ea8     plugin_test1.obj
 0002:00000ed0       ??_R3IRoot@core@UModSys@@8 0000000180004ed0     plugin_test1.obj
 0002:00000ee8       ??_R2IRoot@core@UModSys@@8 0000000180004ee8     plugin_test1.obj
 0002:00000ef8       ??_R1A@?0A@EA@IRoot@core@UModSys@@8 0000000180004ef8     plugin_test1.obj
 0002:00000f20       ??_R4RModuleLibraryReg_Chain@base@UModSys@@6B@ 0000000180004f20     umodsys_lib_base:umodsys.base.moduleregchain.obj
 0002:00000f48       ??_R3RModuleLibraryReg_Chain@base@UModSys@@8 0000000180004f48     umodsys_lib_base:umodsys.base.moduleregchain.obj
 0002:00000f60       ??_R2RModuleLibraryReg_Chain@base@UModSys@@8 0000000180004f60     umodsys_lib_base:umodsys.base.moduleregchain.obj
 0002:00000f78       ??_R1A@?0A@EA@IModuleLibraryReg@base@UModSys@@8 0000000180004f78     umodsys_lib_base:umodsys.base.moduleregchain.obj
 0002:00000fa0       ??_R3IModuleLibraryReg@base@UModSys@@8 0000000180004fa0     umodsys_lib_base:umodsys.base.moduleregchain.obj
 0002:00000fb8       ??_R2IModuleLibraryReg@base@UModSys@@8 0000000180004fb8     umodsys_lib_base:umodsys.base.moduleregchain.obj
 0002:00000fc8       ??_R1A@?0A@EA@RModuleLibraryReg_Chain@base@UModSys@@8 0000000180004fc8     umodsys_lib_base:umodsys.base.moduleregchain.obj
 0002:00000ff0       ??_R4IModuleLibraryReg@base@UModSys@@6B@ 0000000180004ff0     umodsys_lib_base:umodsys.base.modulereg.obj
 0002:00001018       ??_R4IModuleReg@base@UModSys@@6B@ 0000000180005018     umodsys_lib_base:umodsys.base.modulereg.obj
 0002:00001040       __rtc_iaa                  0000000180005040     MSVCRT:_initsect_.obj
 0002:00001048       __rtc_izz                  0000000180005048     MSVCRT:_initsect_.obj
 0002:00001050       __rtc_taa                  0000000180005050     MSVCRT:_initsect_.obj
 0002:00001058       __rtc_tzz                  0000000180005058     MSVCRT:_initsect_.obj
 0002:000013a0       __IMPORT_DESCRIPTOR_MSVCR90 00000001800053a0     MSVCRT:MSVCR90.dll
 0002:000013b4       __IMPORT_DESCRIPTOR_KERNEL32 00000001800053b4     kernel32:KERNEL32.dll
 0002:000013c8       __NULL_IMPORT_DESCRIPTOR   00000001800053c8     MSVCRT:MSVCR90.dll
 0003:00000000       ??_R0?AVtype_info@@@8      0000000180006000     MSVCRT:ti_inst.obj
 0003:00000020       __native_dllmain_reason    0000000180006020     MSVCRT:natstart.obj
 0003:00000024       __native_vcclrit_reason    0000000180006024     MSVCRT:natstart.obj
 0003:00000028       __security_cookie          0000000180006028     MSVCRT:gs_cookie.obj
 0003:00000030       __security_cookie_complement 0000000180006030     MSVCRT:gs_cookie.obj
 0003:00000038       ??_R0?AUIModuleReg@base@UModSys@@@8 0000000180006038     plugin_test1.obj
 0003:00000068       ??_R0?AURTest1_ModuleReg@test1@UModSys@@@8 0000000180006068     plugin_test1.obj
 0003:000000a0       ??_R0?AURTest1_Shell@test1@UModSys@@@8 00000001800060a0     plugin_test1.obj
 0003:000000d8       ??_R0?AURTest1_Generator@test1@UModSys@@@8 00000001800060d8     plugin_test1.obj
 0003:00000110       ??_R0?AUIShell@base@UModSys@@@8 0000000180006110     plugin_test1.obj
 0003:00000140       ??_R0?AUIGenerator@base@UModSys@@@8 0000000180006140     plugin_test1.obj
 0003:00000170       ??_R0?AUIModObject@base@UModSys@@@8 0000000180006170     plugin_test1.obj
 0003:000001a0       ??_R0?AUIRefObject@core@UModSys@@@8 00000001800061a0     plugin_test1.obj
 0003:000001d0       ??_R0?AUIRoot@core@UModSys@@@8 00000001800061d0     plugin_test1.obj
 0003:00000230       ?so_entry_enabled_flag@base@UModSys@@3HA 0000000180006230     umodsys_lib_base:umodsys.so_main.win32.obj
 0003:00000258       ??_R0?AUIModuleLibraryReg@base@UModSys@@@8 0000000180006258     umodsys_lib_base:umodsys.base.moduleregchain.obj
 0003:00000290       ??_R0?AURModuleLibraryReg_Chain@base@UModSys@@@8 0000000180006290     umodsys_lib_base:umodsys.base.moduleregchain.obj
 0003:000002cc       _fltused                   00000001800062cc     MSVCRT:dllsupp.obj
 0003:000002d4       _forceCRTManifestRTM       00000001800062d4     MSVCRT:crtmanifestrtm.obj
 0003:000002d8       ?__type_info_root_node@@3U__type_info_node@@A 00000001800062d8     MSVCRT:tncleanup.obj
 0003:00000320       ?s_modreg@RTest1_ModuleReg@test1@UModSys@@2U123@A 0000000180006320     plugin_test1.obj
 0003:00000370       ?s_modreg_chain@RTest1_ModuleReg@test1@UModSys@@2USModuleRegChain@base@3@A 0000000180006370     plugin_test1.obj
 0003:00000388       ?s_uid@RTest1_Generator@test1@UModSys@@2USUniquePointer@core@3@A 0000000180006388     plugin_test1.obj
 0003:000003b8       ?M@UModSys@@3USModuleContext@base@1@A 00000001800063b8     umodsys_lib_base:umodsys.base.modulecontext.obj
 0003:000003d8       ?s_library@RModuleLibraryReg_Chain@base@UModSys@@2U123@A 00000001800063d8     umodsys_lib_base:umodsys.base.moduleregchain.obj
 0003:000003e0       ?root@SModuleRegChain@base@UModSys@@2U123@A 00000001800063e0     umodsys_lib_base:umodsys.base.moduleregchain.obj
 0003:000003f8       ?root@SUniquePointer@core@UModSys@@2U123@A 00000001800063f8     umodsys_lib_core:umodsys.core.uniqueptr.obj
 0003:00000428       ?s_id@?$TObjectUniqueID@UIDataArchive@media@UModSys@@@tl@UModSys@@2USUniquePointer@core@3@A 0000000180006428     plugin_test1.obj
 0003:00000458       ?s_id@?$TObjectUniqueID@UIModObject@base@UModSys@@@tl@UModSys@@2USUniquePointer@core@3@A 0000000180006458     plugin_test1.obj
 0003:00000488       ?s_id@?$TObjectUniqueID@UIGenerator@base@UModSys@@@tl@UModSys@@2USUniquePointer@core@3@A 0000000180006488     plugin_test1.obj
 0003:000004b8       ?s_id@?$TObjectUniqueID@UIModule@base@UModSys@@@tl@UModSys@@2USUniquePointer@core@3@A 00000001800064b8     plugin_test1.obj
 0003:000004e8       ?s_id@?$TObjectUniqueID@UIRoot@core@UModSys@@@tl@UModSys@@2USUniquePointer@core@3@A 00000001800064e8     plugin_test1.obj
 0003:00000518       ?s_id@?$TObjectUniqueID@UISystem@base@UModSys@@@tl@UModSys@@2USUniquePointer@core@3@A 0000000180006518     plugin_test1.obj
 0003:00000548       ?s_id@?$TObjectUniqueID@UIRefObject@core@UModSys@@@tl@UModSys@@2USUniquePointer@core@3@A 0000000180006548     plugin_test1.obj
 0003:00000578       ?s_id@?$TObjectUniqueID@UIStreamWriter@media@UModSys@@@tl@UModSys@@2USUniquePointer@core@3@A 0000000180006578     plugin_test1.obj
 0003:000005a8       ?s_id@?$TObjectUniqueID@UIShell@base@UModSys@@@tl@UModSys@@2USUniquePointer@core@3@A 00000001800065a8     plugin_test1.obj
 0003:000005d8       ?s_id@?$TObjectUniqueID@UIConsole@base@UModSys@@@tl@UModSys@@2USUniquePointer@core@3@A 00000001800065d8     plugin_test1.obj
 0003:00000608       ?s_id@?$TObjectUniqueID@URTest1_Generator@test1@UModSys@@@tl@UModSys@@2USUniquePointer@core@3@A 0000000180006608     plugin_test1.obj
 0003:00000638       ?s_id@?$TObjectUniqueID@UIModuleLibrary@base@UModSys@@@tl@UModSys@@2USUniquePointer@core@3@A 0000000180006638     plugin_test1.obj
 0003:00000668       ?s_id@?$TObjectUniqueID@URTest1_Shell@test1@UModSys@@@tl@UModSys@@2USUniquePointer@core@3@A 0000000180006668     plugin_test1.obj
 0003:00000698       ?s_id@?$TObjectUniqueID@UIParameters@core@UModSys@@@tl@UModSys@@2USUniquePointer@core@3@A 0000000180006698     plugin_test1.obj
 0003:000006c8       ?s_id@?$TObjectUniqueID@UIStreamReader@media@UModSys@@@tl@UModSys@@2USUniquePointer@core@3@A 00000001800066c8     plugin_test1.obj
 0003:000006f8       __native_startup_state     00000001800066f8     <common>
 0003:00000700       __native_startup_lock      0000000180006700     <common>
 0003:00000708       __dyn_tls_init_callback    0000000180006708     <common>
 0003:00000710       __onexitend                0000000180006710     <common>
 0003:00000718       __onexitbegin              0000000180006718     <common>

 entry point at        0001:00000ec8

 Static symbols

 0001:00000ad4       pre_c_init                 0000000180001ad4 f   MSVCRT:crtdll.obj
 0001:00000d90       __DllMainCRTStartup        0000000180001d90 f   MSVCRT:crtdll.obj
 0001:00001bc0       _onexit$fin$0              0000000180002bc0 f   MSVCRT:atonexit.obj
 0001:00001bd9       __DllMainCRTStartup$filt$0 0000000180002bd9 f   MSVCRT:crtdll.obj
 0001:00001c09       __DllMainCRTStartup$fin$1  0000000180002c09 f   MSVCRT:crtdll.obj
 0001:00001c22       ?filt$0@?0??__ArrayUnwind@@YAXPEAX_KHP6AX0@Z@Z@4HA 0000000180002c22 f   MSVCRT:ehvecdtr.obj
 0001:00001c61       ?fin$0@?0???_M@YAXPEAX_KHP6AX0@Z@Z@4HA 0000000180002c61 f   MSVCRT:ehvecdtr.obj
 0001:00001c90       _IsNonwritableInCurrentImage$filt$0 0000000180002c90 f   MSVCRT:pesect.obj
 0001:00001cc0       ?dtor$0@?0???1RTest1_Shell@test1@UModSys@@UEAA@XZ@4HA 0000000180002cc0 f    CIL library: CIL module
 0001:00001ce0       ?dtor$1@?0???1RTest1_Shell@test1@UModSys@@UEAA@XZ@4HA 0000000180002ce0 f    CIL library: CIL module
 0001:00001d00       ?dtor$0@?0??suicide@RTest1_Shell@test1@UModSys@@UEAAXXZ@4HA 0000000180002d00 f    CIL library: CIL module
 0001:00001d20       ?dtor$0@?0???0RTest1_Shell@test1@UModSys@@QEAA@PEAUIModObject@base@2@@Z@4HA 0000000180002d20 f    CIL library: CIL module
 0001:00001d40       ?dtor$1@?0???0RTest1_Shell@test1@UModSys@@QEAA@PEAUIModObject@base@2@@Z@4HA 0000000180002d40 f    CIL library: CIL module
 0001:00001d60       ?dtor$2@?0???0RTest1_Shell@test1@UModSys@@QEAA@PEAUIModObject@base@2@@Z@4HA 0000000180002d60 f    CIL library: CIL module
 0001:00001d80       ?dtor$4@?0???0RTest1_Shell@test1@UModSys@@QEAA@PEAUIModObject@base@2@@Z@4HA 0000000180002d80 f    CIL library: CIL module
 0001:00001da0       ?dtor$0@?0??generate@RTest1_Generator@test1@UModSys@@UEAA_NAEAU?$TRefObject@UIRefObject@core@UModSys@@@tl@3@PEBUSUniquePointerInfo@core@3@AEBUSParameters@73@@Z@4HA 0000000180002da0 f    CIL library: CIL module
 0001:00001dc0       ??__E?s_modreg@RTest1_ModuleReg@test1@UModSys@@2U123@A@@YAXXZ 0000000180002dc0 f    CIL library: CIL module
 0001:00001e20       ??__E?s_modreg_chain@RTest1_ModuleReg@test1@UModSys@@2USModuleRegChain@base@3@A@@YAXXZ 0000000180002e20 f    CIL library: CIL module
 0001:00001e50       ??__E?s_uid@RTest1_Generator@test1@UModSys@@2USUniquePointer@core@3@A@@YAXXZ 0000000180002e50 f    CIL library: CIL module
 0001:00001e90       ??__E?s_id@?$TObjectUniqueID@UIRoot@core@UModSys@@@tl@UModSys@@2USUniquePointer@core@3@A@@YAXXZ 0000000180002e90 f    CIL library: CIL module
 0001:00001ed0       ??__E?s_id@?$TObjectUniqueID@UIRefObject@core@UModSys@@@tl@UModSys@@2USUniquePointer@core@3@A@@YAXXZ 0000000180002ed0 f    CIL library: CIL module
 0001:00001f10       ??__E?s_id@?$TObjectUniqueID@UIParameters@core@UModSys@@@tl@UModSys@@2USUniquePointer@core@3@A@@YAXXZ 0000000180002f10 f    CIL library: CIL module
 0001:00001f50       ??__E?s_id@?$TObjectUniqueID@UIModule@base@UModSys@@@tl@UModSys@@2USUniquePointer@core@3@A@@YAXXZ 0000000180002f50 f    CIL library: CIL module
 0001:00001f90       ??__E?s_id@?$TObjectUniqueID@UIModuleLibrary@base@UModSys@@@tl@UModSys@@2USUniquePointer@core@3@A@@YAXXZ 0000000180002f90 f    CIL library: CIL module
 0001:00001fd0       ??__E?s_id@?$TObjectUniqueID@UIModObject@base@UModSys@@@tl@UModSys@@2USUniquePointer@core@3@A@@YAXXZ 0000000180002fd0 f    CIL library: CIL module
 0001:00002010       ??__E?s_id@?$TObjectUniqueID@UIGenerator@base@UModSys@@@tl@UModSys@@2USUniquePointer@core@3@A@@YAXXZ 0000000180003010 f    CIL library: CIL module
 0001:00002050       ??__E?s_id@?$TObjectUniqueID@UIShell@base@UModSys@@@tl@UModSys@@2USUniquePointer@core@3@A@@YAXXZ 0000000180003050 f    CIL library: CIL module
 0001:00002090       ??__E?s_id@?$TObjectUniqueID@UIConsole@base@UModSys@@@tl@UModSys@@2USUniquePointer@core@3@A@@YAXXZ 0000000180003090 f    CIL library: CIL module
 0001:000020d0       ??__E?s_id@?$TObjectUniqueID@UISystem@base@UModSys@@@tl@UModSys@@2USUniquePointer@core@3@A@@YAXXZ 00000001800030d0 f    CIL library: CIL module
 0001:00002110       ??__E?s_id@?$TObjectUniqueID@UIStreamReader@media@UModSys@@@tl@UModSys@@2USUniquePointer@core@3@A@@YAXXZ 0000000180003110 f    CIL library: CIL module
 0001:00002150       ??__E?s_id@?$TObjectUniqueID@UIStreamWriter@media@UModSys@@@tl@UModSys@@2USUniquePointer@core@3@A@@YAXXZ 0000000180003150 f    CIL library: CIL module
 0001:00002190       ??__E?s_id@?$TObjectUniqueID@UIDataArchive@media@UModSys@@@tl@UModSys@@2USUniquePointer@core@3@A@@YAXXZ 0000000180003190 f    CIL library: CIL module
 0001:000021d0       ??__E?s_id@?$TObjectUniqueID@URTest1_Shell@test1@UModSys@@@tl@UModSys@@2USUniquePointer@core@3@A@@YAXXZ 00000001800031d0 f    CIL library: CIL module
 0001:00002210       ??__E?s_id@?$TObjectUniqueID@URTest1_Generator@test1@UModSys@@@tl@UModSys@@2USUniquePointer@core@3@A@@YAXXZ 0000000180003210 f    CIL library: CIL module
 0001:00002250       ??__EM@UModSys@@YAXXZ      0000000180003250 f    CIL library: CIL module
 0001:00002270       ??__E?root@SModuleRegChain@base@UModSys@@2U123@A@@YAXXZ 0000000180003270 f    CIL library: CIL module
 0001:000022a0       ??__E?s_library@RModuleLibraryReg_Chain@base@UModSys@@2U123@A@@YAXXZ 00000001800032a0 f    CIL library: CIL module
 0001:000022c0       ??__E?root@SUniquePointer@core@UModSys@@2U123@A@@YAXXZ 00000001800032c0 f    CIL library: CIL module
 0001:000022f0       ??__F?s_modreg@RTest1_ModuleReg@test1@UModSys@@2U123@A@@YAXXZ 00000001800032f0 f    CIL library: CIL module
 0001:00002310       ??__F?s_modreg_chain@RTest1_ModuleReg@test1@UModSys@@2USModuleRegChain@base@3@A@@YAXXZ 0000000180003310 f    CIL library: CIL module
 0001:00002320       ??__F?s_uid@RTest1_Generator@test1@UModSys@@2USUniquePointer@core@3@A@@YAXXZ 0000000180003320 f    CIL library: CIL module
 0001:00002330       ??__Fh@?1??s_holder@RTest1_Generator@test1@UModSys@@SAAEAU?$TTypeStaticHolder@URTest1_Generator@test1@UModSys@@@tl@3@XZ@YAXXZ 0000000180003330 f    CIL library: CIL module
 0001:00002360       ??__F?s_id@?$TObjectUniqueID@URTest1_Generator@test1@UModSys@@@tl@UModSys@@2USUniquePointer@core@3@A@@YAXXZ 0000000180003360 f    CIL library: CIL module
 0001:00002370       ??__F?s_id@?$TObjectUniqueID@URTest1_Shell@test1@UModSys@@@tl@UModSys@@2USUniquePointer@core@3@A@@YAXXZ 0000000180003370 f    CIL library: CIL module
 0001:00002380       ??__F?s_id@?$TObjectUniqueID@UIDataArchive@media@UModSys@@@tl@UModSys@@2USUniquePointer@core@3@A@@YAXXZ 0000000180003380 f    CIL library: CIL module
 0001:00002390       ??__F?s_id@?$TObjectUniqueID@UIStreamWriter@media@UModSys@@@tl@UModSys@@2USUniquePointer@core@3@A@@YAXXZ 0000000180003390 f    CIL library: CIL module
 0001:000023a0       ??__F?s_id@?$TObjectUniqueID@UIStreamReader@media@UModSys@@@tl@UModSys@@2USUniquePointer@core@3@A@@YAXXZ 00000001800033a0 f    CIL library: CIL module
 0001:000023b0       ??__F?s_id@?$TObjectUniqueID@UISystem@base@UModSys@@@tl@UModSys@@2USUniquePointer@core@3@A@@YAXXZ 00000001800033b0 f    CIL library: CIL module
 0001:000023c0       ??__F?s_id@?$TObjectUniqueID@UIConsole@base@UModSys@@@tl@UModSys@@2USUniquePointer@core@3@A@@YAXXZ 00000001800033c0 f    CIL library: CIL module
 0001:000023d0       ??__F?s_id@?$TObjectUniqueID@UIShell@base@UModSys@@@tl@UModSys@@2USUniquePointer@core@3@A@@YAXXZ 00000001800033d0 f    CIL library: CIL module
 0001:000023e0       ??__F?s_id@?$TObjectUniqueID@UIGenerator@base@UModSys@@@tl@UModSys@@2USUniquePointer@core@3@A@@YAXXZ 00000001800033e0 f    CIL library: CIL module
 0001:000023f0       ??__F?s_id@?$TObjectUniqueID@UIModObject@base@UModSys@@@tl@UModSys@@2USUniquePointer@core@3@A@@YAXXZ 00000001800033f0 f    CIL library: CIL module
 0001:00002400       ??__F?s_id@?$TObjectUniqueID@UIModuleLibrary@base@UModSys@@@tl@UModSys@@2USUniquePointer@core@3@A@@YAXXZ 0000000180003400 f    CIL library: CIL module
 0001:00002410       ??__F?s_id@?$TObjectUniqueID@UIModule@base@UModSys@@@tl@UModSys@@2USUniquePointer@core@3@A@@YAXXZ 0000000180003410 f    CIL library: CIL module
 0001:00002420       ??__F?s_id@?$TObjectUniqueID@UIParameters@core@UModSys@@@tl@UModSys@@2USUniquePointer@core@3@A@@YAXXZ 0000000180003420 f    CIL library: CIL module
 0001:00002430       ??__F?s_id@?$TObjectUniqueID@UIRefObject@core@UModSys@@@tl@UModSys@@2USUniquePointer@core@3@A@@YAXXZ 0000000180003430 f    CIL library: CIL module
 0001:00002440       ??__F?s_id@?$TObjectUniqueID@UIRoot@core@UModSys@@@tl@UModSys@@2USUniquePointer@core@3@A@@YAXXZ 0000000180003440 f    CIL library: CIL module
 0001:00002450       ??__FM@UModSys@@YAXXZ      0000000180003450 f    CIL library: CIL module
 0001:00002460       ??__F?root@SModuleRegChain@base@UModSys@@2U123@A@@YAXXZ 0000000180003460 f    CIL library: CIL module
 0001:00002470       ??__F?s_library@RModuleLibraryReg_Chain@base@UModSys@@2U123@A@@YAXXZ 0000000180003470 f    CIL library: CIL module
 0001:00002480       ??__F?root@SUniquePointer@core@UModSys@@2U123@A@@YAXXZ 0000000180003480 f    CIL library: CIL module

 Exports

  ordinal    name

        1    UModSys_Plugin_Entry2
