 plugin_test1

 Timestamp is 52cffcaa (Fri Jan 10 16:59:06 2014)

 Preferred load address is 0000000180000000

 Start         Length     Name                   Class
 0001:00000000 0001eca0H .text                   CODE
 0001:0001eca0 0000005eH .text$00                CODE
 0001:0001ed00 00001e78H .text$x                 CODE
 0001:00020b80 000019c2H .text$yc                CODE
 0001:00022550 0000082cH .text$yd                CODE
 0002:00000000 00000390H .idata$5                DATA
 0002:00000390 00000008H .CRT$XCA                DATA
 0002:00000398 00001220H .CRT$XCU                DATA
 0002:000015b8 00000008H .CRT$XCZ                DATA
 0002:000015c0 00000008H .CRT$XIA                DATA
 0002:000015c8 00000008H .CRT$XIAA               DATA
 0002:000015d0 00000008H .CRT$XIZ                DATA
 0002:000015e0 00004ce8H .rdata                  DATA
 0002:000062d0 00002aa4H .rdata$r                DATA
 0002:00008d78 00000008H .rtc$IAA                DATA
 0002:00008d80 00000008H .rtc$IZZ                DATA
 0002:00008d88 00000008H .rtc$TAA                DATA
 0002:00008d90 00000008H .rtc$TZZ                DATA
 0002:00008d98 00004300H .xdata                  DATA
 0002:0000d098 00000078H .idata$2                DATA
 0002:0000d110 00000014H .idata$3                DATA
 0002:0000d128 00000390H .idata$4                DATA
 0002:0000d4b8 000007feH .idata$6                DATA
 0002:0000dcc0 00000059H .edata                  DATA
 0003:00000000 00001440H .data                   DATA
 0003:00001440 00001df8H .bss                    DATA
 0004:00000000 00002becH .pdata                  DATA

  Address         Publics by Value              Rva+Base               Lib:Object

 0000:00000000       ___safe_se_handler_table   0000000000000000     <absolute>
 0000:00000000       ___safe_se_handler_count   0000000000000000     <absolute>
 0000:00000000       __ImageBase                0000000180000000     <linker-defined>
 0001:00000000       ??1State@RImage_Memory@stdlib@lib2d@modules@UModSys@@QEAA@XZ 0000000180001000 f i umodsys_lib_lib2d:umodsys.mod.2d.stdlib.obj
 0001:00000000       ??1SCMemShared@core@UModSys@@QEAA@XZ 0000000180001000 f i plugin_test1.obj
 0001:00000000       ??1SMemShared@core@UModSys@@QEAA@XZ 0000000180001000 f i plugin_test1.obj
 0001:00000030       ??3IRoot@core@UModSys@@SAXPEAXAEBUSIMemAlloc@12@@Z 0000000180001030 f i plugin_test1.obj
 0001:00000040       ??0SFileInfo@libmedia@UModSys@@QEAA@XZ 0000000180001040 f i plugin_test1.obj
 0001:00000110       ??0SFileInfo@libmedia@UModSys@@QEAA@AEBU012@@Z 0000000180001110 f i plugin_test1.obj
 0001:00000210       ??4SFileInfo@libmedia@UModSys@@QEAAAEBU012@AEBU012@@Z 0000000180001210 f i plugin_test1.obj
 0001:000002d0       ?mount_add@ILibraryBinTree@libmedia@UModSys@@QEAA_NAEBU?$TString@U?$TSCoreConst@D@su@tl@UModSys@@U?$TComparerBinaryHash@D@234@@tl@3@PEAUIBinArchive@23@H@Z 00000001800012d0 f i plugin_test1.obj
 0001:00000370       ?mount_add@ILibraryBinTree@libmedia@UModSys@@QEAA_NAEBU?$TString@U?$TSCoreConst@D@su@tl@UModSys@@U?$TComparerBinaryHash@D@234@@tl@3@HPEAUIBinArchive@23@H@Z 0000000180001370 f i plugin_test1.obj
 0001:00000420       ?layer_push@ILibraryLayered@libmedia@UModSys@@QEAA_NPEAUILibrary@23@HAEBU?$TString@U?$TSCoreConst@D@su@tl@UModSys@@U?$TComparerBinaryHash@D@234@@tl@3@@Z 0000000180001420 f i plugin_test1.obj
 0001:000004c0       ??1SPoint@ILibraryBinTree@libmedia@UModSys@@QEAA@XZ 00000001800014c0 f i plugin_test1.obj
 0001:000004c0       ??1SLayer@ILibraryLayered@libmedia@UModSys@@QEAA@XZ 00000001800014c0 f i plugin_test1.obj
 0001:000004f0       ??_GIRoot@core@UModSys@@UEAAPEAXI@Z 00000001800014f0 f i plugin_test1.obj
 0001:000004f0       ??_EIRoot@core@UModSys@@UEAAPEAXI@Z 00000001800014f0 f i  CIL library: CIL module
 0001:00000520       ??1IBinObjFilter@libmedia@UModSys@@UEAA@XZ 0000000180001520 f i plugin_test1.obj
 0001:00000560       ?root_get_interface_info@RTest1_Shell@test1@test@modules@UModSys@@UEBAAEBUSUniquePointerInfo@core@5@XZ 0000000180001560 f i plugin_test1.obj
 0001:00000570       ?root_get_interface_type@RTest1_Shell@test1@test@modules@UModSys@@UEBAPEBUSUniquePointerInfo@core@5@XZ 0000000180001570 f i plugin_test1.obj
 0001:00000580       ?root_get_other_interface@RTest1_Shell@test1@test@modules@UModSys@@UEBAPEBUIRoot@core@5@PEBUSUniquePointerInfo@75@@Z 0000000180001580 f i plugin_test1.obj
 0001:00000580       ?root_get_other_interface@RTest1_Shell@test1@test@modules@UModSys@@UEAAPEAUIRoot@core@5@PEBUSUniquePointerInfo@75@@Z 0000000180001580 f i plugin_test1.obj
 0001:000005b0       ?root_is_interface_supported@RTest1_Shell@test1@test@modules@UModSys@@UEBA_NPEBUSUniquePointerInfo@core@5@@Z 00000001800015b0 f i plugin_test1.obj
 0001:000005e0       ?ref_add@RTest1_Shell@test1@test@modules@UModSys@@UEBAXXZ 00000001800015e0 f i plugin_test1.obj
 0001:000005f0       ?ref_remove@RTest1_Shell@test1@test@modules@UModSys@@UEBAXXZ 00000001800015f0 f i plugin_test1.obj
 0001:00000610       ?ref_links@RTest1_Shell@test1@test@modules@UModSys@@UEBAHXZ 0000000180001610 f i plugin_test1.obj
 0001:00000620       ?ref_weak@RTest1_Shell@test1@test@modules@UModSys@@UEBA_NAEAUWeakPointer@IRefObject@core@5@@Z 0000000180001620 f i plugin_test1.obj
 0001:00000640       ?suicide@RTest1_Shell@test1@test@modules@UModSys@@UEAAXXZ 0000000180001640 f i plugin_test1.obj
 0001:00000690       ??0RTest1_Shell@test1@test@modules@UModSys@@QEAA@PEAUIModObject@base@4@@Z 0000000180001690 f i plugin_test1.obj
 0001:000007d0       ??1RTest1_Shell@test1@test@modules@UModSys@@UEAA@XZ 00000001800017d0 f i plugin_test1.obj
 0001:00000880       ?connect@RTest1_Shell@test1@test@modules@UModSys@@UEAA_NXZ 0000000180001880 f i plugin_test1.obj
 0001:000008b0       ?disconnect@RTest1_Shell@test1@test@modules@UModSys@@UEAA_NXZ 00000001800018b0 f i plugin_test1.obj
 0001:000008e0       ?process_tick@RTest1_Shell@test1@test@modules@UModSys@@UEAA_NAEBUSTimeMsec@core@5@@Z 00000001800018e0 f i plugin_test1.obj
 0001:00000920       ?process_command@RTest1_Shell@test1@test@modules@UModSys@@UEAA_NHQEBU?$TString@U?$TSCoreConst@D@su@tl@UModSys@@U?$TComparerBinaryHash@D@234@@tl@5@@Z 0000000180001920 f i plugin_test1.obj
 0001:00000950       ??_ERTest1_Shell@test1@test@modules@UModSys@@UEAAPEAXI@Z 0000000180001950 f i  CIL library: CIL module
 0001:00000950       ??_GRTest1_Shell@test1@test@modules@UModSys@@UEAAPEAXI@Z 0000000180001950 f i plugin_test1.obj
 0001:00000980       ??1?$TParametersA@$0BAA@@core@UModSys@@QEAA@XZ 0000000180001980 f i umodsys_lib_libui:umodsys.mod.ui.SDL_core.obj
 0001:00000980       ??1?$TParametersA@$0EAA@@core@UModSys@@QEAA@XZ 0000000180001980 f i plugin_test1.obj
 0001:00000980       ??1SParameters@core@UModSys@@QEAA@XZ 0000000180001980 f i plugin_test1.obj
 0001:00000980       ??1?$TParametersA@$0BAL@@core@UModSys@@QEAA@XZ 0000000180001980 f i umodsys_lib_lib2d:umodsys.mod.2d.stdlib.obj
 0001:000009a0       ?get_generated_names@RGenerator@test1@test@modules@UModSys@@UEBAHAEAUSUniquePtrList@core@5@@Z 00000001800019a0 f i plugin_test1.obj
 0001:000009c0       ?get_generated_types@RGenerator@test1@test@modules@UModSys@@UEBAHAEAUSUniquePtrList@core@5@PEBUSUniquePointerInfo@75@@Z 00000001800019c0 f i plugin_test1.obj
 0001:00000a20       ?generate@RGenerator@test1@test@modules@UModSys@@UEAA_NAEAU?$TRefObject@UIRefObject@core@UModSys@@U?$TRefObjectFunc@UIRefObject@core@UModSys@@@tl@3@@tl@5@PEBUSUniquePointerInfo@core@5@AEBUSParameters@95@@Z 0000000180001a20 f i plugin_test1.obj
 0001:00000ac0       ?root_get_interface_info@RGenerator@test1@test@modules@UModSys@@UEBAAEBUSUniquePointerInfo@core@5@XZ 0000000180001ac0 f i plugin_test1.obj
 0001:00000ad0       ?root_get_interface_type@RGenerator@test1@test@modules@UModSys@@UEBAPEBUSUniquePointerInfo@core@5@XZ 0000000180001ad0 f i plugin_test1.obj
 0001:00000ae0       ?root_get_other_interface@RGenerator@test1@test@modules@UModSys@@UEAAPEAUIRoot@core@5@PEBUSUniquePointerInfo@75@@Z 0000000180001ae0 f i plugin_test1.obj
 0001:00000ae0       ?root_get_other_interface@RGenerator@test1@test@modules@UModSys@@UEBAPEBUIRoot@core@5@PEBUSUniquePointerInfo@75@@Z 0000000180001ae0 f i plugin_test1.obj
 0001:00000b20       ?root_is_interface_supported@RGenerator@test1@test@modules@UModSys@@UEBA_NPEBUSUniquePointerInfo@core@5@@Z 0000000180001b20 f i plugin_test1.obj
 0001:00000b60       ?get_uid@RGenerator@test1@test@modules@UModSys@@UEBAPEBUSUniquePointerInfo@core@5@XZ 0000000180001b60 f i plugin_test1.obj
 0001:00000b70       ?do_open@RModuleReg@test1@test@modules@UModSys@@UEAA_NXZ 0000000180001b70 f i plugin_test1.obj
 0001:00000ba0       ?do_close@RModuleReg@test1@test@modules@UModSys@@UEAA_NXZ 0000000180001ba0 f i plugin_test1.obj
 0001:00000bd0       ??_ERModuleReg@test1@test@modules@UModSys@@UEAAPEAXI@Z 0000000180001bd0 f i  CIL library: CIL module
 0001:00000bd0       ??_GRModuleReg@test1@test@modules@UModSys@@UEAAPEAXI@Z 0000000180001bd0 f i plugin_test1.obj
 0001:00000c00       ??4?$TString@U?$TSCoreShared@USIMemAlloc@core@UModSys@@D@su@tl@UModSys@@U?$TComparerBinaryHash@D@234@@tl@UModSys@@QEAAAEBU012@AEBU012@@Z 0000000180001c00 f i plugin_test1.obj
 0001:00000c50       ??1?$TRefObject@URTerminal@SDL_core@ui@modules@UModSys@@U?$TRefObjectFunc@URTerminal@SDL_core@ui@modules@UModSys@@@tl@5@@tl@UModSys@@QEAA@XZ 0000000180001c50 f i umodsys_lib_libui:umodsys.mod.ui.SDL_core.obj
 0001:00000c50       ??1?$TRefObject@URMultiImage2D_SDL_ttf@SDL_core@ui@modules@UModSys@@U?$TRefObjectFunc@URMultiImage2D_SDL_ttf@SDL_core@ui@modules@UModSys@@@tl@5@@tl@UModSys@@QEAA@XZ 0000000180001c50 f i umodsys_lib_libui:umodsys.mod.ui.SDL_core.obj
 0001:00000c50       ??1?$TRefObject@UIKeyboardController@libui@UModSys@@U?$TRefObjectFunc@UIKeyboardController@libui@UModSys@@@tl@3@@tl@UModSys@@QEAA@XZ 0000000180001c50 f i plugin_test1.obj
 0001:00000c50       ??1?$TRefObject@URImage_Memory@stdlib@lib2d@modules@UModSys@@U?$TRefObjectFunc@URImage_Memory@stdlib@lib2d@modules@UModSys@@@tl@5@@tl@UModSys@@QEAA@XZ 0000000180001c50 f i umodsys_lib_lib2d:umodsys.mod.2d.stdlib.obj
 0001:00000c50       ??1?$TRefObject@UILibraryObjCache@libmedia@UModSys@@U?$TRefObjectFunc@UILibraryObjCache@libmedia@UModSys@@@tl@3@@tl@UModSys@@QEAA@XZ 0000000180001c50 f i plugin_test1.obj
 0001:00000c50       ??1?$TRefObject@UIClient@IBinArchiveFrame@libmedia@UModSys@@U?$TRefObjectFunc@UIClient@IBinArchiveFrame@libmedia@UModSys@@@tl@4@@tl@UModSys@@QEAA@XZ 0000000180001c50 f i plugin_test1.obj
 0001:00000c50       ??1?$TRefObject@UIImageFactory@lib2d@UModSys@@U?$TRefObjectFunc@UIImageFactory@lib2d@UModSys@@@tl@3@@tl@UModSys@@QEAA@XZ 0000000180001c50 f i plugin_test1.obj
 0001:00000c50       ??1?$TRefObject@UIMultiImage@lib2d@UModSys@@U?$TRefObjectFunc@UIMultiImage@lib2d@UModSys@@@tl@3@@tl@UModSys@@QEAA@XZ 0000000180001c50 f i plugin_test1.obj
 0001:00000c50       ??1?$TRefObject@URDialog@frames@ui@modules@UModSys@@U?$TRefObjectFunc@URDialog@frames@ui@modules@UModSys@@@tl@5@@tl@UModSys@@QEAA@XZ 0000000180001c50 f i umodsys_lib_libui:umodsys.mod.ui.frames.obj
 0001:00000c50       ??1?$TRefObject@UILibraryObjFilter@libmedia@UModSys@@U?$TRefObjectFunc@UILibraryObjFilter@libmedia@UModSys@@@tl@3@@tl@UModSys@@QEAA@XZ 0000000180001c50 f i plugin_test1.obj
 0001:00000c50       ??1?$TRefObject@UIMouseController@libui@UModSys@@U?$TRefObjectFunc@UIMouseController@libui@UModSys@@@tl@3@@tl@UModSys@@QEAA@XZ 0000000180001c50 f i plugin_test1.obj
 0001:00000c50       ??1?$TRefObject@URImageFactory_Memory@stdlib@lib2d@modules@UModSys@@U?$TRefObjectFunc@URImageFactory_Memory@stdlib@lib2d@modules@UModSys@@@tl@5@@tl@UModSys@@QEAA@XZ 0000000180001c50 f i umodsys_lib_lib2d:umodsys.mod.2d.stdlib.obj
 0001:00000c50       ??1?$TRefObject@UILibraryBinTree@libmedia@UModSys@@U?$TRefObjectFunc@UILibraryBinTree@libmedia@UModSys@@@tl@3@@tl@UModSys@@QEAA@XZ 0000000180001c50 f i plugin_test1.obj
 0001:00000c50       ??1?$TRefObject@UIBinObjFilter@libmedia@UModSys@@U?$TRefObjectFunc@UIBinObjFilter@libmedia@UModSys@@@tl@3@@tl@UModSys@@QEAA@XZ 0000000180001c50 f i plugin_test1.obj
 0001:00000c50       ??1?$TRefObject@UIRefObject@core@UModSys@@U?$TRefObjectFunc@UIRefObject@core@UModSys@@@tl@3@@tl@UModSys@@QEAA@XZ 0000000180001c50 f i plugin_test1.obj
 0001:00000c50       ??1?$TRefObject@URCollector@frames@ui@modules@UModSys@@U?$TRefObjectFunc@URCollector@frames@ui@modules@UModSys@@@tl@5@@tl@UModSys@@QEAA@XZ 0000000180001c50 f i umodsys_lib_libui:umodsys.mod.ui.frames.obj
 0001:00000c50       ??1?$TRefObject@UIFrame@libui@UModSys@@U?$TRefObjectFunc@UIFrame@libui@UModSys@@@tl@3@@tl@UModSys@@QEAA@XZ 0000000180001c50 f i umodsys_lib_libui:umodsys.mod.ui.frames.obj
 0001:00000c50       ??1?$TRefObject@URKeyboardController@SDL_core@ui@modules@UModSys@@U?$TRefObjectFunc@URKeyboardController@SDL_core@ui@modules@UModSys@@@tl@5@@tl@UModSys@@QEAA@XZ 0000000180001c50 f i umodsys_lib_libui:umodsys.mod.ui.SDL_core.obj
 0001:00000c50       ??1?$TRefObject@URFrame_Common@frames@ui@modules@UModSys@@U?$TRefObjectFunc@URFrame_Common@frames@ui@modules@UModSys@@@tl@5@@tl@UModSys@@QEAA@XZ 0000000180001c50 f i umodsys_lib_libui:umodsys.mod.ui.frames.obj
 0001:00000c50       ??1?$TRefObject@URRenderDriver2D@SDL_core@ui@modules@UModSys@@U?$TRefObjectFunc@URRenderDriver2D@SDL_core@ui@modules@UModSys@@@tl@5@@tl@UModSys@@QEAA@XZ 0000000180001c50 f i umodsys_lib_libui:umodsys.mod.ui.SDL_core.obj
 0001:00000c50       ??1?$TRefObject@UIBinArchiveFrame@libmedia@UModSys@@U?$TRefObjectFunc@UIBinArchiveFrame@libmedia@UModSys@@@tl@3@@tl@UModSys@@QEAA@XZ 0000000180001c50 f i plugin_test1.obj
 0001:00000c50       ??1?$TRefObject@UIStreamWriter@libmedia@UModSys@@U?$TRefObjectFunc@UIStreamWriter@libmedia@UModSys@@@tl@3@@tl@UModSys@@QEAA@XZ 0000000180001c50 f i plugin_test1.obj
 0001:00000c50       ??1?$TRefObject@URMediaFilter@images_std@media@modules@UModSys@@U?$TRefObjectFunc@URMediaFilter@images_std@media@modules@UModSys@@@tl@5@@tl@UModSys@@QEAA@XZ 0000000180001c50 f i umodsys_lib_libmedia:umodsys.mod.media.images_std.obj
 0001:00000c50       ??1?$TRefObject@UILibraryBinCache@libmedia@UModSys@@U?$TRefObjectFunc@UILibraryBinCache@libmedia@UModSys@@@tl@3@@tl@UModSys@@QEAA@XZ 0000000180001c50 f i plugin_test1.obj
 0001:00000c50       ??1?$TRefObject@URBinArchiveFrameClient_ZIP@zlib@media@modules@UModSys@@U?$TRefObjectFunc@URBinArchiveFrameClient_ZIP@zlib@media@modules@UModSys@@@tl@5@@tl@UModSys@@QEAA@XZ 0000000180001c50 f i umodsys_lib_libmedia:umodsys.mod.media.zlib.obj
 0001:00000c50       ??1?$TRefObject@URMouseController@SDL_core@ui@modules@UModSys@@U?$TRefObjectFunc@URMouseController@SDL_core@ui@modules@UModSys@@@tl@5@@tl@UModSys@@QEAA@XZ 0000000180001c50 f i umodsys_lib_libui:umodsys.mod.ui.SDL_core.obj
 0001:00000c50       ??1?$TRefObject@URMultiImage@stdlib@lib2d@modules@UModSys@@U?$TRefObjectFunc@URMultiImage@stdlib@lib2d@modules@UModSys@@@tl@5@@tl@UModSys@@QEAA@XZ 0000000180001c50 f i umodsys_lib_lib2d:umodsys.mod.2d.stdlib.obj
 0001:00000c50       ??1?$TRefObject@UITerminal@libui@UModSys@@U?$TRefObjectFunc@UITerminal@libui@UModSys@@@tl@3@@tl@UModSys@@QEAA@XZ 0000000180001c50 f i plugin_test1.obj
 0001:00000c50       ??1?$TRefObject@UIRenderDriver@lib2d@UModSys@@U?$TRefObjectFunc@UIRenderDriver@lib2d@UModSys@@@tl@3@@tl@UModSys@@QEAA@XZ 0000000180001c50 f i plugin_test1.obj
 0001:00000c50       ??1?$TRefObject@UIUtilities@libmedia@UModSys@@U?$TRefObjectFunc@UIUtilities@libmedia@UModSys@@@tl@3@@tl@UModSys@@QEAA@XZ 0000000180001c50 f i plugin_test1.obj
 0001:00000c50       ??1?$TRefObject@URSerializeReader@serialize_json@media@modules@UModSys@@U?$TRefObjectFunc@URSerializeReader@serialize_json@media@modules@UModSys@@@tl@5@@tl@UModSys@@QEAA@XZ 0000000180001c50 f i umodsys_lib_libmedia:umodsys.mod.media.serialize_json.obj
 0001:00000c50       ??1?$TRefObject@UIImage@lib2d@UModSys@@U?$TRefObjectFunc@UIImage@lib2d@UModSys@@@tl@3@@tl@UModSys@@QEAA@XZ 0000000180001c50 f i plugin_test1.obj
 0001:00000c50       ??1?$TRefObject@UIStreamReader@libmedia@UModSys@@U?$TRefObjectFunc@UIStreamReader@libmedia@UModSys@@@tl@3@@tl@UModSys@@QEAA@XZ 0000000180001c50 f i plugin_test1.obj
 0001:00000c50       ??1?$TRefObject@URSerializeWriter@serialize_json@media@modules@UModSys@@U?$TRefObjectFunc@URSerializeWriter@serialize_json@media@modules@UModSys@@@tl@5@@tl@UModSys@@QEAA@XZ 0000000180001c50 f i umodsys_lib_libmedia:umodsys.mod.media.serialize_json.obj
 0001:00000c50       ??1?$TRefObject@UILibrary@libmedia@UModSys@@U?$TRefObjectFunc@UILibrary@libmedia@UModSys@@@tl@3@@tl@UModSys@@QEAA@XZ 0000000180001c50 f i plugin_test1.obj
 0001:00000c50       ??1?$TRefObject@UILibraryLayered@libmedia@UModSys@@U?$TRefObjectFunc@UILibraryLayered@libmedia@UModSys@@@tl@3@@tl@UModSys@@QEAA@XZ 0000000180001c50 f i plugin_test1.obj
 0001:00000c50       ??1?$TRefObject@UIBinArchive@libmedia@UModSys@@U?$TRefObjectFunc@UIBinArchive@libmedia@UModSys@@@tl@3@@tl@UModSys@@QEAA@XZ 0000000180001c50 f i plugin_test1.obj
 0001:00000c80       ??1?$TDynarrayDynamic@USFileInfo@libmedia@UModSys@@U?$TAllocator@USIMemAlloc@core@UModSys@@USCountCalcPower2@23@@tl@3@@tl@UModSys@@QEAA@XZ 0000000180001c80 f i plugin_test1.obj
 0001:00000c90       ??1?$TRStackSocket@USFileInfo@libmedia@UModSys@@U?$TDynarrayDynamic@USFileInfo@libmedia@UModSys@@U?$TAllocator@USIMemAlloc@core@UModSys@@USCountCalcPower2@23@@tl@3@@tl@3@@tl@UModSys@@QEAA@XZ 0000000180001c90 f i plugin_test1.obj
 0001:00000ca0       ?isempty@?$TRStackSocket@USFileInfo@libmedia@UModSys@@U?$TDynarrayDynamic@USFileInfo@libmedia@UModSys@@U?$TAllocator@USIMemAlloc@core@UModSys@@USCountCalcPower2@23@@tl@3@@tl@3@@tl@UModSys@@UEBA_NXZ 0000000180001ca0 f i plugin_test1.obj
 0001:00000cb0       ?push@?$TRStackSocket@USFileInfo@libmedia@UModSys@@U?$TDynarrayDynamic@USFileInfo@libmedia@UModSys@@U?$TAllocator@USIMemAlloc@core@UModSys@@USCountCalcPower2@23@@tl@3@@tl@3@@tl@UModSys@@UEAA_NAEBUSFileInfo@libmedia@3@@Z 0000000180001cb0 f i plugin_test1.obj
 0001:00000d10       ?pop@?$TRStackSocket@USFileInfo@libmedia@UModSys@@U?$TDynarrayDynamic@USFileInfo@libmedia@UModSys@@U?$TAllocator@USIMemAlloc@core@UModSys@@USCountCalcPower2@23@@tl@3@@tl@3@@tl@UModSys@@UEAA_NAEAUSFileInfo@libmedia@3@@Z 0000000180001d10 f i plugin_test1.obj
 0001:00000d80       ??1?$TDynarray@U?$TDynarrayHolderDynamic@USFileInfo@libmedia@UModSys@@U?$TAllocator@USIMemAlloc@core@UModSys@@USCountCalcPower2@23@@tl@3@@tl@UModSys@@@tl@UModSys@@QEAA@XZ 0000000180001d80 f i plugin_test1.obj
 0001:00000df0       ?info_release@?$TSCoreShared@USIMemAlloc@core@UModSys@@D@su@tl@UModSys@@QEAAXXZ 0000000180001df0 f i plugin_test1.obj
 0001:00000e90       ?info_new@?$TSCoreShared@USIMemAlloc@core@UModSys@@D@su@tl@UModSys@@QEAA_NPEBD_K@Z 0000000180001e90 f i plugin_test1.obj
 0001:00000f80       ?get_null@?$TSCoreShared@USIMemAlloc@core@UModSys@@D@su@tl@UModSys@@SAPEAU?$TSharedStringInfo@DUSIMemAlloc@core@UModSys@@@234@XZ 0000000180001f80 f i plugin_test1.obj
 0001:00000fd0       ??$generate_type@UIImageFactory@lib2d@UModSys@@@RTest1_Shell@test1@test@modules@UModSys@@QEAA?AU?$TRefObject@UIImageFactory@lib2d@UModSys@@U?$TRefObjectFunc@UIImageFactory@lib2d@UModSys@@@tl@3@@tl@4@AEBU?$TString@U?$TSCoreConst@D@su@tl@UModSys@@U?$TComparerBinaryHash@D@234@@64@AEBUSParameters@core@4@PEBD@Z 0000000180001fd0 f i plugin_test1.obj
 0001:000011c0       ??$generate_type@UIMultiImage@lib2d@UModSys@@@RTest1_Shell@test1@test@modules@UModSys@@QEAA?AU?$TRefObject@UIMultiImage@lib2d@UModSys@@U?$TRefObjectFunc@UIMultiImage@lib2d@UModSys@@@tl@3@@tl@4@AEBU?$TString@U?$TSCoreConst@D@su@tl@UModSys@@U?$TComparerBinaryHash@D@234@@64@AEBUSParameters@core@4@PEBD@Z 00000001800021c0 f i plugin_test1.obj
 0001:000013b0       ??$generate_type@UIBinArchive@libmedia@UModSys@@@RTest1_Shell@test1@test@modules@UModSys@@QEAA?AU?$TRefObject@UIBinArchive@libmedia@UModSys@@U?$TRefObjectFunc@UIBinArchive@libmedia@UModSys@@@tl@3@@tl@4@AEBU?$TString@U?$TSCoreConst@D@su@tl@UModSys@@U?$TComparerBinaryHash@D@234@@64@AEBUSParameters@core@4@PEBD@Z 00000001800023b0 f i plugin_test1.obj
 0001:00001550       ??$generate_type@UIClient@IBinArchiveFrame@libmedia@UModSys@@@RTest1_Shell@test1@test@modules@UModSys@@QEAA?AU?$TRefObject@UIClient@IBinArchiveFrame@libmedia@UModSys@@U?$TRefObjectFunc@UIClient@IBinArchiveFrame@libmedia@UModSys@@@tl@4@@tl@4@AEBU?$TString@U?$TSCoreConst@D@su@tl@UModSys@@U?$TComparerBinaryHash@D@234@@64@AEBUSParameters@core@4@PEBD@Z 0000000180002550 f i plugin_test1.obj
 0001:000016f0       ??$generate_type@UIBinArchiveFrame@libmedia@UModSys@@@RTest1_Shell@test1@test@modules@UModSys@@QEAA?AU?$TRefObject@UIBinArchiveFrame@libmedia@UModSys@@U?$TRefObjectFunc@UIBinArchiveFrame@libmedia@UModSys@@@tl@3@@tl@4@AEBU?$TString@U?$TSCoreConst@D@su@tl@UModSys@@U?$TComparerBinaryHash@D@234@@64@AEBUSParameters@core@4@PEBD@Z 00000001800026f0 f i plugin_test1.obj
 0001:00001890       ??$generate_type@UIBinObjFilter@libmedia@UModSys@@@RTest1_Shell@test1@test@modules@UModSys@@QEAA?AU?$TRefObject@UIBinObjFilter@libmedia@UModSys@@U?$TRefObjectFunc@UIBinObjFilter@libmedia@UModSys@@@tl@3@@tl@4@AEBU?$TString@U?$TSCoreConst@D@su@tl@UModSys@@U?$TComparerBinaryHash@D@234@@64@AEBUSParameters@core@4@PEBD@Z 0000000180002890 f i plugin_test1.obj
 0001:00001a30       ??$generate_type@UIUtilities@libmedia@UModSys@@@RTest1_Shell@test1@test@modules@UModSys@@QEAA?AU?$TRefObject@UIUtilities@libmedia@UModSys@@U?$TRefObjectFunc@UIUtilities@libmedia@UModSys@@@tl@3@@tl@4@AEBU?$TString@U?$TSCoreConst@D@su@tl@UModSys@@U?$TComparerBinaryHash@D@234@@64@AEBUSParameters@core@4@PEBD@Z 0000000180002a30 f i plugin_test1.obj
 0001:00001bd0       ??$generate_type@UILibraryBinTree@libmedia@UModSys@@@RTest1_Shell@test1@test@modules@UModSys@@QEAA?AU?$TRefObject@UILibraryBinTree@libmedia@UModSys@@U?$TRefObjectFunc@UILibraryBinTree@libmedia@UModSys@@@tl@3@@tl@4@AEBU?$TString@U?$TSCoreConst@D@su@tl@UModSys@@U?$TComparerBinaryHash@D@234@@64@AEBUSParameters@core@4@PEBD@Z 0000000180002bd0 f i plugin_test1.obj
 0001:00001d70       ??$generate_type@UILibraryObjFilter@libmedia@UModSys@@@RTest1_Shell@test1@test@modules@UModSys@@QEAA?AU?$TRefObject@UILibraryObjFilter@libmedia@UModSys@@U?$TRefObjectFunc@UILibraryObjFilter@libmedia@UModSys@@@tl@3@@tl@4@AEBU?$TString@U?$TSCoreConst@D@su@tl@UModSys@@U?$TComparerBinaryHash@D@234@@64@AEBUSParameters@core@4@PEBD@Z 0000000180002d70 f i plugin_test1.obj
 0001:00001f10       ??$generate_type@UILibraryLayered@libmedia@UModSys@@@RTest1_Shell@test1@test@modules@UModSys@@QEAA?AU?$TRefObject@UILibraryLayered@libmedia@UModSys@@U?$TRefObjectFunc@UILibraryLayered@libmedia@UModSys@@@tl@3@@tl@4@AEBU?$TString@U?$TSCoreConst@D@su@tl@UModSys@@U?$TComparerBinaryHash@D@234@@64@AEBUSParameters@core@4@PEBD@Z 0000000180002f10 f i plugin_test1.obj
 0001:000020b0       ??$generate_type@UILibraryObjCache@libmedia@UModSys@@@RTest1_Shell@test1@test@modules@UModSys@@QEAA?AU?$TRefObject@UILibraryObjCache@libmedia@UModSys@@U?$TRefObjectFunc@UILibraryObjCache@libmedia@UModSys@@@tl@3@@tl@4@AEBU?$TString@U?$TSCoreConst@D@su@tl@UModSys@@U?$TComparerBinaryHash@D@234@@64@AEBUSParameters@core@4@PEBD@Z 00000001800030b0 f i plugin_test1.obj
 0001:00002250       ??$generate_type@UILibraryBinCache@libmedia@UModSys@@@RTest1_Shell@test1@test@modules@UModSys@@QEAA?AU?$TRefObject@UILibraryBinCache@libmedia@UModSys@@U?$TRefObjectFunc@UILibraryBinCache@libmedia@UModSys@@@tl@3@@tl@4@AEBU?$TString@U?$TSCoreConst@D@su@tl@UModSys@@U?$TComparerBinaryHash@D@234@@64@AEBUSParameters@core@4@PEBD@Z 0000000180003250 f i plugin_test1.obj
 0001:000023f0       ?ResizeRel@?$TDynarray@U?$TDynarrayHolderDynamic@USFileInfo@libmedia@UModSys@@U?$TAllocator@USIMemAlloc@core@UModSys@@USCountCalcPower2@23@@tl@3@@tl@UModSys@@@tl@UModSys@@QEAA_N_J@Z 00000001800033f0 f i plugin_test1.obj
 0001:000024a0       ??$shash@D@su@tl@UModSys@@YA_KPEBD_K@Z 00000001800034a0 f i plugin_test1.obj
 0001:000024e0       ?ReLink@?$TDynarray@U?$TDynarrayHolderDynamic@USFileInfo@libmedia@UModSys@@U?$TAllocator@USIMemAlloc@core@UModSys@@USCountCalcPower2@23@@tl@3@@tl@UModSys@@@tl@UModSys@@IEAA_N_K@Z 00000001800034e0 f i plugin_test1.obj
 0001:00002550       ??1?$TRefObject@UIModObject@base@UModSys@@U?$TModObjectFunc@UIModObject@base@UModSys@@@tl@3@@tl@UModSys@@QEAA@XZ 0000000180003550 f i plugin_test1.obj
 0001:00002580       ?adestruct@?$TTypeConstructor@USFileInfo@libmedia@UModSys@@@tl@UModSys@@SAXPEAUSFileInfo@libmedia@3@_K@Z 0000000180003580 f i plugin_test1.obj
 0001:00002600       ??$t_ref_get_other_interface@UIStreamReader@libmedia@UModSys@@U?$TRefObjectFunc@UIStreamReader@libmedia@UModSys@@@tl@3@@IRefObject@core@UModSys@@QEAA_NAEAU?$TRefObject@UIStreamReader@libmedia@UModSys@@U?$TRefObjectFunc@UIStreamReader@libmedia@UModSys@@@tl@3@@tl@2@@Z 0000000180003600 f i plugin_test1.obj
 0001:00002650       ??$t_ref_get_other_interface@UIStreamWriter@libmedia@UModSys@@U?$TRefObjectFunc@UIStreamWriter@libmedia@UModSys@@@tl@3@@IRefObject@core@UModSys@@QEAA_NAEAU?$TRefObject@UIStreamWriter@libmedia@UModSys@@U?$TRefObjectFunc@UIStreamWriter@libmedia@UModSys@@@tl@3@@tl@2@@Z 0000000180003650 f i plugin_test1.obj
 0001:000026a0       ??$t_ref_get_other_interface@UIMultiImage@lib2d@UModSys@@U?$TRefObjectFunc@UIMultiImage@lib2d@UModSys@@@tl@3@@IRefObject@core@UModSys@@QEAA_NAEAU?$TRefObject@UIMultiImage@lib2d@UModSys@@U?$TRefObjectFunc@UIMultiImage@lib2d@UModSys@@@tl@3@@tl@2@@Z 00000001800036a0 f i plugin_test1.obj
 0001:000026f0       ??$t_generate@UIBinArchive@libmedia@UModSys@@@SModuleContext@base@UModSys@@QEAA_NAEAU?$TRefObject@UIBinArchive@libmedia@UModSys@@U?$TRefObjectFunc@UIBinArchive@libmedia@UModSys@@@tl@3@@tl@2@PEBUSUniquePointerInfo@core@2@AEBUSParameters@62@@Z 00000001800036f0 f i plugin_test1.obj
 0001:000027c0       ??$t_generate@UIClient@IBinArchiveFrame@libmedia@UModSys@@@SModuleContext@base@UModSys@@QEAA_NAEAU?$TRefObject@UIClient@IBinArchiveFrame@libmedia@UModSys@@U?$TRefObjectFunc@UIClient@IBinArchiveFrame@libmedia@UModSys@@@tl@4@@tl@2@PEBUSUniquePointerInfo@core@2@AEBUSParameters@62@@Z 00000001800037c0 f i plugin_test1.obj
 0001:00002890       ??$t_generate@UIBinArchiveFrame@libmedia@UModSys@@@SModuleContext@base@UModSys@@QEAA_NAEAU?$TRefObject@UIBinArchiveFrame@libmedia@UModSys@@U?$TRefObjectFunc@UIBinArchiveFrame@libmedia@UModSys@@@tl@3@@tl@2@PEBUSUniquePointerInfo@core@2@AEBUSParameters@62@@Z 0000000180003890 f i plugin_test1.obj
 0001:00002960       ??$t_generate@UIBinObjFilter@libmedia@UModSys@@@SModuleContext@base@UModSys@@QEAA_NAEAU?$TRefObject@UIBinObjFilter@libmedia@UModSys@@U?$TRefObjectFunc@UIBinObjFilter@libmedia@UModSys@@@tl@3@@tl@2@PEBUSUniquePointerInfo@core@2@AEBUSParameters@62@@Z 0000000180003960 f i plugin_test1.obj
 0001:00002a30       ??$t_generate@UIUtilities@libmedia@UModSys@@@SModuleContext@base@UModSys@@QEAA_NAEAU?$TRefObject@UIUtilities@libmedia@UModSys@@U?$TRefObjectFunc@UIUtilities@libmedia@UModSys@@@tl@3@@tl@2@PEBUSUniquePointerInfo@core@2@AEBUSParameters@62@@Z 0000000180003a30 f i plugin_test1.obj
 0001:00002b00       ??$t_generate@UILibraryBinTree@libmedia@UModSys@@@SModuleContext@base@UModSys@@QEAA_NAEAU?$TRefObject@UILibraryBinTree@libmedia@UModSys@@U?$TRefObjectFunc@UILibraryBinTree@libmedia@UModSys@@@tl@3@@tl@2@PEBUSUniquePointerInfo@core@2@AEBUSParameters@62@@Z 0000000180003b00 f i plugin_test1.obj
 0001:00002bd0       ??$t_generate@UILibraryObjFilter@libmedia@UModSys@@@SModuleContext@base@UModSys@@QEAA_NAEAU?$TRefObject@UILibraryObjFilter@libmedia@UModSys@@U?$TRefObjectFunc@UILibraryObjFilter@libmedia@UModSys@@@tl@3@@tl@2@PEBUSUniquePointerInfo@core@2@AEBUSParameters@62@@Z 0000000180003bd0 f i plugin_test1.obj
 0001:00002ca0       ??$t_generate@UILibraryLayered@libmedia@UModSys@@@SModuleContext@base@UModSys@@QEAA_NAEAU?$TRefObject@UILibraryLayered@libmedia@UModSys@@U?$TRefObjectFunc@UILibraryLayered@libmedia@UModSys@@@tl@3@@tl@2@PEBUSUniquePointerInfo@core@2@AEBUSParameters@62@@Z 0000000180003ca0 f i plugin_test1.obj
 0001:00002d70       ??$t_generate@UILibraryObjCache@libmedia@UModSys@@@SModuleContext@base@UModSys@@QEAA_NAEAU?$TRefObject@UILibraryObjCache@libmedia@UModSys@@U?$TRefObjectFunc@UILibraryObjCache@libmedia@UModSys@@@tl@3@@tl@2@PEBUSUniquePointerInfo@core@2@AEBUSParameters@62@@Z 0000000180003d70 f i plugin_test1.obj
 0001:00002e40       ??$t_generate@UILibraryBinCache@libmedia@UModSys@@@SModuleContext@base@UModSys@@QEAA_NAEAU?$TRefObject@UILibraryBinCache@libmedia@UModSys@@U?$TRefObjectFunc@UILibraryBinCache@libmedia@UModSys@@@tl@3@@tl@2@PEBUSUniquePointerInfo@core@2@AEBUSParameters@62@@Z 0000000180003e40 f i plugin_test1.obj
 0001:00002f10       ??$t_ref_get_other_interface@UIImage@lib2d@UModSys@@U?$TRefObjectFunc@UIImage@lib2d@UModSys@@@tl@3@@IRefObject@core@UModSys@@QEAA_NAEAU?$TRefObject@UIImage@lib2d@UModSys@@U?$TRefObjectFunc@UIImage@lib2d@UModSys@@@tl@3@@tl@2@@Z 0000000180003f10 f i plugin_test1.obj
 0001:00002f60       ??$t_ref_get_other_interface@UIImageFactory@lib2d@UModSys@@U?$TRefObjectFunc@UIImageFactory@lib2d@UModSys@@@tl@3@@IRefObject@core@UModSys@@QEAA_NAEAU?$TRefObject@UIImageFactory@lib2d@UModSys@@U?$TRefObjectFunc@UIImageFactory@lib2d@UModSys@@@tl@3@@tl@2@@Z 0000000180003f60 f i plugin_test1.obj
 0001:00002fb0       ?root_get_interface_info@RImage_Memory@stdlib@lib2d@modules@UModSys@@UEBAAEBUSUniquePointerInfo@core@5@XZ 0000000180003fb0 f i umodsys_lib_lib2d:umodsys.mod.2d.stdlib.obj
 0001:00002fc0       ?root_get_interface_type@RImage_Memory@stdlib@lib2d@modules@UModSys@@UEBAPEBUSUniquePointerInfo@core@5@XZ 0000000180003fc0 f i umodsys_lib_lib2d:umodsys.mod.2d.stdlib.obj
 0001:00002fd0       ?root_get_other_interface@RImage_Memory@stdlib@lib2d@modules@UModSys@@UEBAPEBUIRoot@core@5@PEBUSUniquePointerInfo@75@@Z 0000000180003fd0 f i umodsys_lib_lib2d:umodsys.mod.2d.stdlib.obj
 0001:00002fd0       ?root_get_other_interface@RImage_Memory@stdlib@lib2d@modules@UModSys@@UEAAPEAUIRoot@core@5@PEBUSUniquePointerInfo@75@@Z 0000000180003fd0 f i umodsys_lib_lib2d:umodsys.mod.2d.stdlib.obj
 0001:00003000       ?root_is_interface_supported@RImage_Memory@stdlib@lib2d@modules@UModSys@@UEBA_NPEBUSUniquePointerInfo@core@5@@Z 0000000180004000 f i umodsys_lib_lib2d:umodsys.mod.2d.stdlib.obj
 0001:00003030       ?ref_weak@RMouseController@SDL_core@ui@modules@UModSys@@UEBA_NAEAUWeakPointer@IRefObject@core@5@@Z 0000000180004030 f i umodsys_lib_libui:umodsys.mod.ui.SDL_core.obj
 0001:00003030       ?ref_weak@RTerminal@SDL_core@ui@modules@UModSys@@UEBA_NAEAUWeakPointer@IRefObject@core@5@@Z 0000000180004030 f i umodsys_lib_libui:umodsys.mod.ui.SDL_core.obj
 0001:00003030       ?ref_weak@RSerializeReader@serialize_json@media@modules@UModSys@@UEBA_NAEAUWeakPointer@IRefObject@core@5@@Z 0000000180004030 f i umodsys_lib_libmedia:umodsys.mod.media.serialize_json.obj
 0001:00003030       ?ref_weak@RGenerator@SDL_core@ui@modules@UModSys@@UEBA_NAEAUWeakPointer@IRefObject@core@5@@Z 0000000180004030 f i umodsys_lib_libui:umodsys.mod.ui.SDL_core.obj
 0001:00003030       ?ref_weak@RRenderDriver2D@SDL_core@ui@modules@UModSys@@UEBA_NAEAUWeakPointer@IRefObject@core@5@@Z 0000000180004030 f i umodsys_lib_libui:umodsys.mod.ui.SDL_core.obj
 0001:00003030       ?ref_weak@RBinArchiveFrameClient_ZIP@zlib@media@modules@UModSys@@UEBA_NAEAUWeakPointer@IRefObject@core@5@@Z 0000000180004030 f i umodsys_lib_libmedia:umodsys.mod.media.zlib.obj
 0001:00003030       ?ref_weak@RGenerator@frames@ui@modules@UModSys@@UEBA_NAEAUWeakPointer@IRefObject@core@5@@Z 0000000180004030 f i umodsys_lib_libui:umodsys.mod.ui.frames.obj
 0001:00003030       ?ref_weak@RGenerator@zlib@media@modules@UModSys@@UEBA_NAEAUWeakPointer@IRefObject@core@5@@Z 0000000180004030 f i umodsys_lib_libmedia:umodsys.mod.media.zlib.obj
 0001:00003030       ?ref_weak@RMultiImage2D_SDL_ttf@SDL_core@ui@modules@UModSys@@UEBA_NAEAUWeakPointer@IRefObject@core@5@@Z 0000000180004030 f i umodsys_lib_libui:umodsys.mod.ui.SDL_core.obj
 0001:00003030       ?ref_weak@RMultiImage@stdlib@lib2d@modules@UModSys@@UEBA_NAEAUWeakPointer@IRefObject@core@5@@Z 0000000180004030 f i umodsys_lib_lib2d:umodsys.mod.2d.stdlib.obj
 0001:00003030       ?ref_weak@RGenerator@stdlib@lib2d@modules@UModSys@@UEBA_NAEAUWeakPointer@IRefObject@core@5@@Z 0000000180004030 f i umodsys_lib_lib2d:umodsys.mod.2d.stdlib.obj
 0001:00003030       ?ref_weak@RGenerator@test1@test@modules@UModSys@@UEBA_NAEAUWeakPointer@IRefObject@core@5@@Z 0000000180004030 f i plugin_test1.obj
 0001:00003030       ?ref_weak@RGenerator@images_std@media@modules@UModSys@@UEBA_NAEAUWeakPointer@IRefObject@core@5@@Z 0000000180004030 f i umodsys_lib_libmedia:umodsys.mod.media.images_std.obj
 0001:00003030       ?ref_weak@RImageFactory_Memory@stdlib@lib2d@modules@UModSys@@UEBA_NAEAUWeakPointer@IRefObject@core@5@@Z 0000000180004030 f i umodsys_lib_lib2d:umodsys.mod.2d.stdlib.obj
 0001:00003030       ?ref_weak@RDialog@frames@ui@modules@UModSys@@UEBA_NAEAUWeakPointer@IRefObject@core@5@@Z 0000000180004030 f i umodsys_lib_libui:umodsys.mod.ui.frames.obj
 0001:00003030       ?ref_weak@RImage_Memory@stdlib@lib2d@modules@UModSys@@UEBA_NAEAUWeakPointer@IRefObject@core@5@@Z 0000000180004030 f i umodsys_lib_lib2d:umodsys.mod.2d.stdlib.obj
 0001:00003030       ?ref_weak@RGenerator@serialize_json@media@modules@UModSys@@UEBA_NAEAUWeakPointer@IRefObject@core@5@@Z 0000000180004030 f i umodsys_lib_libmedia:umodsys.mod.media.serialize_json.obj
 0001:00003030       ?ref_weak@RKeyboardController@SDL_core@ui@modules@UModSys@@UEBA_NAEAUWeakPointer@IRefObject@core@5@@Z 0000000180004030 f i umodsys_lib_libui:umodsys.mod.ui.SDL_core.obj
 0001:00003050       ?root_get_interface_info@RImageFactory_Memory@stdlib@lib2d@modules@UModSys@@UEBAAEBUSUniquePointerInfo@core@5@XZ 0000000180004050 f i umodsys_lib_lib2d:umodsys.mod.2d.stdlib.obj
 0001:00003060       ?root_get_interface_type@RImageFactory_Memory@stdlib@lib2d@modules@UModSys@@UEBAPEBUSUniquePointerInfo@core@5@XZ 0000000180004060 f i umodsys_lib_lib2d:umodsys.mod.2d.stdlib.obj
 0001:00003070       ?root_get_other_interface@RImageFactory_Memory@stdlib@lib2d@modules@UModSys@@UEAAPEAUIRoot@core@5@PEBUSUniquePointerInfo@75@@Z 0000000180004070 f i umodsys_lib_lib2d:umodsys.mod.2d.stdlib.obj
 0001:00003070       ?root_get_other_interface@RImageFactory_Memory@stdlib@lib2d@modules@UModSys@@UEBAPEBUIRoot@core@5@PEBUSUniquePointerInfo@75@@Z 0000000180004070 f i umodsys_lib_lib2d:umodsys.mod.2d.stdlib.obj
 0001:000030a0       ?root_is_interface_supported@RImageFactory_Memory@stdlib@lib2d@modules@UModSys@@UEBA_NPEBUSUniquePointerInfo@core@5@@Z 00000001800040a0 f i umodsys_lib_lib2d:umodsys.mod.2d.stdlib.obj
 0001:000030d0       ?ref_remove@RRenderDriver2D@SDL_core@ui@modules@UModSys@@UEBAXXZ 00000001800040d0 f i umodsys_lib_libui:umodsys.mod.ui.SDL_core.obj
 0001:000030d0       ?ref_remove@RImage_Memory@stdlib@lib2d@modules@UModSys@@UEBAXXZ 00000001800040d0 f i umodsys_lib_lib2d:umodsys.mod.2d.stdlib.obj
 0001:000030d0       ?ref_remove@RGenerator@SDL_core@ui@modules@UModSys@@UEBAXXZ 00000001800040d0 f i umodsys_lib_libui:umodsys.mod.ui.SDL_core.obj
 0001:000030d0       ?ref_remove@RImageFactory_Memory@stdlib@lib2d@modules@UModSys@@UEBAXXZ 00000001800040d0 f i umodsys_lib_lib2d:umodsys.mod.2d.stdlib.obj
 0001:000030d0       ?ref_remove@RGenerator@serialize_json@media@modules@UModSys@@UEBAXXZ 00000001800040d0 f i umodsys_lib_libmedia:umodsys.mod.media.serialize_json.obj
 0001:000030d0       ?ref_remove@RGenerator@test1@test@modules@UModSys@@UEBAXXZ 00000001800040d0 f i plugin_test1.obj
 0001:000030d0       ?ref_remove@RMouseController@SDL_core@ui@modules@UModSys@@UEBAXXZ 00000001800040d0 f i umodsys_lib_libui:umodsys.mod.ui.SDL_core.obj
 0001:000030d0       ?ref_remove@RKeyboardController@SDL_core@ui@modules@UModSys@@UEBAXXZ 00000001800040d0 f i umodsys_lib_libui:umodsys.mod.ui.SDL_core.obj
 0001:000030d0       ?ref_remove@RGenerator@stdlib@lib2d@modules@UModSys@@UEBAXXZ 00000001800040d0 f i umodsys_lib_lib2d:umodsys.mod.2d.stdlib.obj
 0001:000030d0       ?ref_remove@RGenerator@zlib@media@modules@UModSys@@UEBAXXZ 00000001800040d0 f i umodsys_lib_libmedia:umodsys.mod.media.zlib.obj
 0001:000030d0       ?ref_remove@RBinArchiveFrameClient_ZIP@zlib@media@modules@UModSys@@UEBAXXZ 00000001800040d0 f i umodsys_lib_libmedia:umodsys.mod.media.zlib.obj
 0001:000030d0       ?ref_remove@RGenerator@frames@ui@modules@UModSys@@UEBAXXZ 00000001800040d0 f i umodsys_lib_libui:umodsys.mod.ui.frames.obj
 0001:000030d0       ?ref_remove@RGenerator@images_std@media@modules@UModSys@@UEBAXXZ 00000001800040d0 f i umodsys_lib_libmedia:umodsys.mod.media.images_std.obj
 0001:000030d0       ?ref_remove@RTerminal@SDL_core@ui@modules@UModSys@@UEBAXXZ 00000001800040d0 f i umodsys_lib_libui:umodsys.mod.ui.SDL_core.obj
 0001:000030d0       ?ref_remove@RSerializeReader@serialize_json@media@modules@UModSys@@UEBAXXZ 00000001800040d0 f i umodsys_lib_libmedia:umodsys.mod.media.serialize_json.obj
 0001:000030d0       ?ref_remove@RMultiImage2D_SDL_ttf@SDL_core@ui@modules@UModSys@@UEBAXXZ 00000001800040d0 f i umodsys_lib_libui:umodsys.mod.ui.SDL_core.obj
 0001:000030d0       ?ref_remove@RDialog@frames@ui@modules@UModSys@@UEBAXXZ 00000001800040d0 f i umodsys_lib_libui:umodsys.mod.ui.frames.obj
 0001:000030d0       ?ref_remove@RMultiImage@stdlib@lib2d@modules@UModSys@@UEBAXXZ 00000001800040d0 f i umodsys_lib_lib2d:umodsys.mod.2d.stdlib.obj
 0001:000030f0       ?root_get_interface_info@RMultiImage@stdlib@lib2d@modules@UModSys@@UEBAAEBUSUniquePointerInfo@core@5@XZ 00000001800040f0 f i umodsys_lib_lib2d:umodsys.mod.2d.stdlib.obj
 0001:00003100       ?root_get_interface_type@RMultiImage@stdlib@lib2d@modules@UModSys@@UEBAPEBUSUniquePointerInfo@core@5@XZ 0000000180004100 f i umodsys_lib_lib2d:umodsys.mod.2d.stdlib.obj
 0001:00003110       ?root_get_other_interface@RMultiImage@stdlib@lib2d@modules@UModSys@@UEBAPEBUIRoot@core@5@PEBUSUniquePointerInfo@75@@Z 0000000180004110 f i umodsys_lib_lib2d:umodsys.mod.2d.stdlib.obj
 0001:00003110       ?root_get_other_interface@RMultiImage@stdlib@lib2d@modules@UModSys@@UEAAPEAUIRoot@core@5@PEBUSUniquePointerInfo@75@@Z 0000000180004110 f i umodsys_lib_lib2d:umodsys.mod.2d.stdlib.obj
 0001:00003140       ?root_is_interface_supported@RMultiImage@stdlib@lib2d@modules@UModSys@@UEBA_NPEBUSUniquePointerInfo@core@5@@Z 0000000180004140 f i umodsys_lib_lib2d:umodsys.mod.2d.stdlib.obj
 0001:00003170       ?get_generated_names@RGenerator@stdlib@lib2d@modules@UModSys@@UEBAHAEAUSUniquePtrList@core@5@@Z 0000000180004170 f i umodsys_lib_lib2d:umodsys.mod.2d.stdlib.obj
 0001:000031c0       ?get_generated_types@RGenerator@stdlib@lib2d@modules@UModSys@@UEBAHAEAUSUniquePtrList@core@5@PEBUSUniquePointerInfo@75@@Z 00000001800041c0 f i umodsys_lib_lib2d:umodsys.mod.2d.stdlib.obj
 0001:00003260       ?generate@RGenerator@stdlib@lib2d@modules@UModSys@@UEAA_NAEAU?$TRefObject@UIRefObject@core@UModSys@@U?$TRefObjectFunc@UIRefObject@core@UModSys@@@tl@3@@tl@5@PEBUSUniquePointerInfo@core@5@AEBUSParameters@95@@Z 0000000180004260 f i umodsys_lib_lib2d:umodsys.mod.2d.stdlib.obj
 0001:00003390       ?root_get_interface_info@RGenerator@stdlib@lib2d@modules@UModSys@@UEBAAEBUSUniquePointerInfo@core@5@XZ 0000000180004390 f i umodsys_lib_lib2d:umodsys.mod.2d.stdlib.obj
 0001:000033a0       ?root_get_interface_type@RGenerator@stdlib@lib2d@modules@UModSys@@UEBAPEBUSUniquePointerInfo@core@5@XZ 00000001800043a0 f i umodsys_lib_lib2d:umodsys.mod.2d.stdlib.obj
 0001:000033b0       ?root_get_other_interface@RGenerator@stdlib@lib2d@modules@UModSys@@UEBAPEBUIRoot@core@5@PEBUSUniquePointerInfo@75@@Z 00000001800043b0 f i umodsys_lib_lib2d:umodsys.mod.2d.stdlib.obj
 0001:000033b0       ?root_get_other_interface@RGenerator@stdlib@lib2d@modules@UModSys@@UEAAPEAUIRoot@core@5@PEBUSUniquePointerInfo@75@@Z 00000001800043b0 f i umodsys_lib_lib2d:umodsys.mod.2d.stdlib.obj
 0001:000033f0       ?root_is_interface_supported@RGenerator@stdlib@lib2d@modules@UModSys@@UEBA_NPEBUSUniquePointerInfo@core@5@@Z 00000001800043f0 f i umodsys_lib_lib2d:umodsys.mod.2d.stdlib.obj
 0001:00003430       ?get_uid@RGenerator@stdlib@lib2d@modules@UModSys@@UEBAPEBUSUniquePointerInfo@core@5@XZ 0000000180004430 f i umodsys_lib_lib2d:umodsys.mod.2d.stdlib.obj
 0001:00003440       ??4State@RImage_Memory@stdlib@lib2d@modules@UModSys@@QEAAAEAU012345@AEBU012345@@Z 0000000180004440 f i umodsys_lib_lib2d:umodsys.mod.2d.stdlib.obj
 0001:00003520       ??_GRImage_Memory@stdlib@lib2d@modules@UModSys@@UEAAPEAXI@Z 0000000180004520 f i umodsys_lib_lib2d:umodsys.mod.2d.stdlib.obj
 0001:00003520       ??_ERImage_Memory@stdlib@lib2d@modules@UModSys@@UEAAPEAXI@Z 0000000180004520 f i  CIL library: CIL module
 0001:00003550       ??_GRImageFactory_Memory@stdlib@lib2d@modules@UModSys@@UEAAPEAXI@Z 0000000180004550 f i umodsys_lib_lib2d:umodsys.mod.2d.stdlib.obj
 0001:00003550       ??_ERImageFactory_Memory@stdlib@lib2d@modules@UModSys@@UEAAPEAXI@Z 0000000180004550 f i  CIL library: CIL module
 0001:00003580       ??_ERMultiImage@stdlib@lib2d@modules@UModSys@@UEAAPEAXI@Z 0000000180004580 f i  CIL library: CIL module
 0001:00003580       ??_GRMultiImage@stdlib@lib2d@modules@UModSys@@UEAAPEAXI@Z 0000000180004580 f i umodsys_lib_lib2d:umodsys.mod.2d.stdlib.obj
 0001:000035b0       ?do_open@RModuleReg@stdlib@lib2d@modules@UModSys@@UEAA_NXZ 00000001800045b0 f i umodsys_lib_lib2d:umodsys.mod.2d.stdlib.obj
 0001:000035c0       ?do_close@RModuleReg@stdlib@lib2d@modules@UModSys@@UEAA_NXZ 00000001800045c0 f i umodsys_lib_lib2d:umodsys.mod.2d.stdlib.obj
 0001:000035d0       ??_GRModuleReg@stdlib@lib2d@modules@UModSys@@UEAAPEAXI@Z 00000001800045d0 f i umodsys_lib_lib2d:umodsys.mod.2d.stdlib.obj
 0001:000035d0       ??_ERModuleReg@stdlib@lib2d@modules@UModSys@@UEAAPEAXI@Z 00000001800045d0 f i  CIL library: CIL module
 0001:00003600       ??1?$TDynarrayDynamic@USImageCellInfo@lib2d@UModSys@@U?$TAllocator@USIMemAlloc@core@UModSys@@USCountCalcPower2@23@@tl@3@@tl@UModSys@@QEAA@XZ 0000000180004600 f i umodsys_lib_lib2d:umodsys.mod.2d.stdlib.obj
 0001:00003610       ??1?$TDynarrayDynamic@U?$TRefObject@UIImage@lib2d@UModSys@@U?$TRefObjectFunc@UIImage@lib2d@UModSys@@@tl@3@@tl@UModSys@@U?$TAllocator@USIMemAlloc@core@UModSys@@USCountCalcPower2@23@@23@@tl@UModSys@@QEAA@XZ 0000000180004610 f i umodsys_lib_lib2d:umodsys.mod.2d.stdlib.obj
 0001:00003620       ??1?$TDynarray@U?$TDynarrayHolderDynamic@USImageCellInfo@lib2d@UModSys@@U?$TAllocator@USIMemAlloc@core@UModSys@@USCountCalcPower2@23@@tl@3@@tl@UModSys@@@tl@UModSys@@QEAA@XZ 0000000180004620 f i umodsys_lib_lib2d:umodsys.mod.2d.stdlib.obj
 0001:00003690       ??1?$TDynarray@U?$TDynarrayHolderDynamic@U?$TRefObject@UIImage@lib2d@UModSys@@U?$TRefObjectFunc@UIImage@lib2d@UModSys@@@tl@3@@tl@UModSys@@U?$TAllocator@USIMemAlloc@core@UModSys@@USCountCalcPower2@23@@23@@tl@UModSys@@@tl@UModSys@@QEAA@XZ 0000000180004690 f i umodsys_lib_lib2d:umodsys.mod.2d.stdlib.obj
 0001:00003700       ??_EIRefObject@core@UModSys@@UEAAPEAXI@Z 0000000180004700 f i  CIL library: CIL module
 0001:00003700       ??_ERGenerator@images_std@media@modules@UModSys@@UEAAPEAXI@Z 0000000180004700 f i  CIL library: CIL module
 0001:00003700       ??_GRGenerator@zlib@media@modules@UModSys@@UEAAPEAXI@Z 0000000180004700 f i umodsys_lib_libmedia:umodsys.mod.media.zlib.obj
 0001:00003700       ??_GRGenerator@serialize_json@media@modules@UModSys@@UEAAPEAXI@Z 0000000180004700 f i umodsys_lib_libmedia:umodsys.mod.media.serialize_json.obj
 0001:00003700       ??_GRGenerator@stdlib@lib2d@modules@UModSys@@UEAAPEAXI@Z 0000000180004700 f i umodsys_lib_lib2d:umodsys.mod.2d.stdlib.obj
 0001:00003700       ??_GRGenerator@test1@test@modules@UModSys@@UEAAPEAXI@Z 0000000180004700 f i plugin_test1.obj
 0001:00003700       ??_GRGenerator@frames@ui@modules@UModSys@@UEAAPEAXI@Z 0000000180004700 f i umodsys_lib_libui:umodsys.mod.ui.frames.obj
 0001:00003700       ??_ERGenerator@test1@test@modules@UModSys@@UEAAPEAXI@Z 0000000180004700 f i  CIL library: CIL module
 0001:00003700       ??_GRGenerator@images_std@media@modules@UModSys@@UEAAPEAXI@Z 0000000180004700 f i umodsys_lib_libmedia:umodsys.mod.media.images_std.obj
 0001:00003700       ??_ERGenerator@SDL_core@ui@modules@UModSys@@UEAAPEAXI@Z 0000000180004700 f i  CIL library: CIL module
 0001:00003700       ??_GIRefObject@core@UModSys@@UEAAPEAXI@Z 0000000180004700 f i plugin_test1.obj
 0001:00003700       ??_ERGenerator@zlib@media@modules@UModSys@@UEAAPEAXI@Z 0000000180004700 f i  CIL library: CIL module
 0001:00003700       ??_ERGenerator@stdlib@lib2d@modules@UModSys@@UEAAPEAXI@Z 0000000180004700 f i  CIL library: CIL module
 0001:00003700       ??_GRGenerator@SDL_core@ui@modules@UModSys@@UEAAPEAXI@Z 0000000180004700 f i umodsys_lib_libui:umodsys.mod.ui.SDL_core.obj
 0001:00003700       ??_ERGenerator@serialize_json@media@modules@UModSys@@UEAAPEAXI@Z 0000000180004700 f i  CIL library: CIL module
 0001:00003700       ??_ERGenerator@frames@ui@modules@UModSys@@UEAAPEAXI@Z 0000000180004700 f i  CIL library: CIL module
 0001:00003730       ?ResizeRel@?$TDynarray@U?$TDynarrayHolderDynamic@USImageCellInfo@lib2d@UModSys@@U?$TAllocator@USIMemAlloc@core@UModSys@@USCountCalcPower2@23@@tl@3@@tl@UModSys@@@tl@UModSys@@QEAA_N_J@Z 0000000180004730 f i umodsys_lib_lib2d:umodsys.mod.2d.stdlib.obj
 0001:000037f0       ?ResizeRel@?$TDynarray@U?$TDynarrayHolderDynamic@U?$TRefObject@UIImage@lib2d@UModSys@@U?$TRefObjectFunc@UIImage@lib2d@UModSys@@@tl@3@@tl@UModSys@@U?$TAllocator@USIMemAlloc@core@UModSys@@USCountCalcPower2@23@@23@@tl@UModSys@@@tl@UModSys@@QEAA_N_J@Z 00000001800047f0 f i umodsys_lib_lib2d:umodsys.mod.2d.stdlib.obj
 0001:00003920       ??$ValidateConstruction@UIRefObject@core@UModSys@@URMediaFilter@images_std@media@modules@3@@core@UModSys@@YA_NAEAU?$TRefObject@UIRefObject@core@UModSys@@U?$TRefObjectFunc@UIRefObject@core@UModSys@@@tl@3@@tl@1@PEAURMediaFilter@images_std@media@modules@1@@Z 0000000180004920 f i umodsys_lib_libmedia:umodsys.mod.media.images_std.obj
 0001:00003920       ??$ValidateConstruction@UIRefObject@core@UModSys@@URImage_Memory@stdlib@lib2d@modules@3@@core@UModSys@@YA_NAEAU?$TRefObject@UIRefObject@core@UModSys@@U?$TRefObjectFunc@UIRefObject@core@UModSys@@@tl@3@@tl@1@PEAURImage_Memory@stdlib@lib2d@modules@1@@Z 0000000180004920 f i umodsys_lib_lib2d:umodsys.mod.2d.stdlib.obj
 0001:00003920       ??$ValidateConstruction@UIRefObject@core@UModSys@@URTerminal@SDL_core@ui@modules@3@@core@UModSys@@YA_NAEAU?$TRefObject@UIRefObject@core@UModSys@@U?$TRefObjectFunc@UIRefObject@core@UModSys@@@tl@3@@tl@1@PEAURTerminal@SDL_core@ui@modules@1@@Z 0000000180004920 f i umodsys_lib_libui:umodsys.mod.ui.SDL_core.obj
 0001:00003920       ??$ValidateConstruction@UIImage@lib2d@UModSys@@URImage_Memory@stdlib@2modules@3@@core@UModSys@@YA_NAEAU?$TRefObject@UIImage@lib2d@UModSys@@U?$TRefObjectFunc@UIImage@lib2d@UModSys@@@tl@3@@tl@1@PEAURImage_Memory@stdlib@lib2d@modules@1@@Z 0000000180004920 f i umodsys_lib_lib2d:umodsys.mod.2d.stdlib.obj
 0001:00003920       ??$ValidateConstruction@UIRefObject@core@UModSys@@URImageFactory_Memory@stdlib@lib2d@modules@3@@core@UModSys@@YA_NAEAU?$TRefObject@UIRefObject@core@UModSys@@U?$TRefObjectFunc@UIRefObject@core@UModSys@@@tl@3@@tl@1@PEAURImageFactory_Memory@stdlib@lib2d@modules@1@@Z 0000000180004920 f i umodsys_lib_lib2d:umodsys.mod.2d.stdlib.obj
 0001:00003990       ??$ValidateConstruction@UIRefObject@core@UModSys@@URMultiImage@stdlib@lib2d@modules@3@@core@UModSys@@YA_NAEAU?$TRefObject@UIRefObject@core@UModSys@@U?$TRefObjectFunc@UIRefObject@core@UModSys@@@tl@3@@tl@1@PEAURMultiImage@stdlib@lib2d@modules@1@@Z 0000000180004990 f i umodsys_lib_lib2d:umodsys.mod.2d.stdlib.obj
 0001:00003a10       ?root_get_interface_info@RMultiImage2D_SDL_ttf@SDL_core@ui@modules@UModSys@@UEBAAEBUSUniquePointerInfo@core@5@XZ 0000000180004a10 f i umodsys_lib_libui:umodsys.mod.ui.SDL_core.obj
 0001:00003a20       ?root_get_interface_type@RMultiImage2D_SDL_ttf@SDL_core@ui@modules@UModSys@@UEBAPEBUSUniquePointerInfo@core@5@XZ 0000000180004a20 f i umodsys_lib_libui:umodsys.mod.ui.SDL_core.obj
 0001:00003a30       ?root_get_other_interface@RMultiImage2D_SDL_ttf@SDL_core@ui@modules@UModSys@@UEBAPEBUIRoot@core@5@PEBUSUniquePointerInfo@75@@Z 0000000180004a30 f i umodsys_lib_libui:umodsys.mod.ui.SDL_core.obj
 0001:00003a30       ?root_get_other_interface@RMultiImage2D_SDL_ttf@SDL_core@ui@modules@UModSys@@UEAAPEAUIRoot@core@5@PEBUSUniquePointerInfo@75@@Z 0000000180004a30 f i umodsys_lib_libui:umodsys.mod.ui.SDL_core.obj
 0001:00003a60       ?root_is_interface_supported@RMultiImage2D_SDL_ttf@SDL_core@ui@modules@UModSys@@UEBA_NPEBUSUniquePointerInfo@core@5@@Z 0000000180004a60 f i umodsys_lib_libui:umodsys.mod.ui.SDL_core.obj
 0001:00003a90       ??0RMultiImage2D_SDL_ttf@SDL_core@ui@modules@UModSys@@QEAA@PEAURRenderDriver2D@1234@AEBUSParameters@core@4@@Z 0000000180004a90 f i umodsys_lib_libui:umodsys.mod.ui.SDL_core.obj
 0001:00003b30       ?open@RMultiImage2D_SDL_ttf@SDL_core@ui@modules@UModSys@@QEAA_NAEBUSParameters@core@5@@Z 0000000180004b30 f i umodsys_lib_libui:umodsys.mod.ui.SDL_core.obj
 0001:00003c30       ?generate_glyphs@RMultiImage2D_SDL_ttf@SDL_core@ui@modules@UModSys@@QEAA_NXZ 0000000180004c30 f i umodsys_lib_libui:umodsys.mod.ui.SDL_core.obj
 0001:00003d90       ?get_max_layer_size@RMultiImage2D_SDL_ttf@SDL_core@ui@modules@UModSys@@UEBA?AU?$TVector2@H@math3d@5@XZ 0000000180004d90 f i umodsys_lib_libui:umodsys.mod.ui.SDL_core.obj
 0001:00003d90       ?get_fixed_cell_size@RMultiImage2D_SDL_ttf@SDL_core@ui@modules@UModSys@@UEBA?AU?$TVector2@H@math3d@5@XZ 0000000180004d90 f i umodsys_lib_libui:umodsys.mod.ui.SDL_core.obj
 0001:00003d90       ?get_max_cell_size@RMultiImage2D_SDL_ttf@SDL_core@ui@modules@UModSys@@UEBA?AU?$TVector2@H@math3d@5@XZ 0000000180004d90 f i umodsys_lib_libui:umodsys.mod.ui.SDL_core.obj
 0001:00003da0       ??_ERMultiImage2D_SDL_ttf@SDL_core@ui@modules@UModSys@@UEAAPEAXI@Z 0000000180004da0 f i  CIL library: CIL module
 0001:00003da0       ??_GRMultiImage2D_SDL_ttf@SDL_core@ui@modules@UModSys@@UEAAPEAXI@Z 0000000180004da0 f i umodsys_lib_libui:umodsys.mod.ui.SDL_core.obj
 0001:00003e20       ?root_get_interface_info@RRenderDriver2D@SDL_core@ui@modules@UModSys@@UEBAAEBUSUniquePointerInfo@core@5@XZ 0000000180004e20 f i umodsys_lib_libui:umodsys.mod.ui.SDL_core.obj
 0001:00003e30       ?root_get_interface_type@RRenderDriver2D@SDL_core@ui@modules@UModSys@@UEBAPEBUSUniquePointerInfo@core@5@XZ 0000000180004e30 f i umodsys_lib_libui:umodsys.mod.ui.SDL_core.obj
 0001:00003e40       ?root_get_other_interface@RRenderDriver2D@SDL_core@ui@modules@UModSys@@UEAAPEAUIRoot@core@5@PEBUSUniquePointerInfo@75@@Z 0000000180004e40 f i umodsys_lib_libui:umodsys.mod.ui.SDL_core.obj
 0001:00003e40       ?root_get_other_interface@RRenderDriver2D@SDL_core@ui@modules@UModSys@@UEBAPEBUIRoot@core@5@PEBUSUniquePointerInfo@75@@Z 0000000180004e40 f i umodsys_lib_libui:umodsys.mod.ui.SDL_core.obj
 0001:00003e70       ?root_is_interface_supported@RRenderDriver2D@SDL_core@ui@modules@UModSys@@UEBA_NPEBUSUniquePointerInfo@core@5@@Z 0000000180004e70 f i umodsys_lib_libui:umodsys.mod.ui.SDL_core.obj
 0001:00003ea0       ?suicide@RMultiImage2D_SDL_ttf@SDL_core@ui@modules@UModSys@@UEAAXXZ 0000000180004ea0 f i umodsys_lib_libui:umodsys.mod.ui.SDL_core.obj
 0001:00003ea0       ?suicide@RMouseController@SDL_core@ui@modules@UModSys@@UEAAXXZ 0000000180004ea0 f i umodsys_lib_libui:umodsys.mod.ui.SDL_core.obj
 0001:00003ea0       ?suicide@RRenderDriver2D@SDL_core@ui@modules@UModSys@@UEAAXXZ 0000000180004ea0 f i umodsys_lib_libui:umodsys.mod.ui.SDL_core.obj
 0001:00003ea0       ?suicide@RKeyboardController@SDL_core@ui@modules@UModSys@@UEAAXXZ 0000000180004ea0 f i umodsys_lib_libui:umodsys.mod.ui.SDL_core.obj
 0001:00003ea0       ?suicide@RDialog@frames@ui@modules@UModSys@@UEAAXXZ 0000000180004ea0 f i umodsys_lib_libui:umodsys.mod.ui.frames.obj
 0001:00003ef0       ??0RRenderDriver2D@SDL_core@ui@modules@UModSys@@QEAA@PEAURTerminal@1234@AEBUSParameters@core@4@@Z 0000000180004ef0 f i umodsys_lib_libui:umodsys.mod.ui.SDL_core.obj
 0001:00004040       ??1RRenderDriver2D@SDL_core@ui@modules@UModSys@@UEAA@XZ 0000000180005040 f i umodsys_lib_libui:umodsys.mod.ui.SDL_core.obj
 0001:00004110       ?open@RRenderDriver2D@SDL_core@ui@modules@UModSys@@QEAA_NAEBUSParameters@core@5@@Z 0000000180005110 f i umodsys_lib_libui:umodsys.mod.ui.SDL_core.obj
 0001:00004330       ?set_color@RRenderDriver2D@SDL_core@ui@modules@UModSys@@QEAAXXZ 0000000180005330 f i umodsys_lib_libui:umodsys.mod.ui.SDL_core.obj
 0001:000043b0       ?begin@RRenderDriver2D@SDL_core@ui@modules@UModSys@@UEAAXXZ 00000001800053b0 f i umodsys_lib_libui:umodsys.mod.ui.SDL_core.obj
 0001:00004420       ?end@RRenderDriver2D@SDL_core@ui@modules@UModSys@@UEAAXXZ 0000000180005420 f i umodsys_lib_libui:umodsys.mod.ui.SDL_core.obj
 0001:00004440       ?get_max_values@RRenderDriver2D@SDL_core@ui@modules@UModSys@@UEBAPEBUSParameters@core@5@XZ 0000000180005440 f i umodsys_lib_libui:umodsys.mod.ui.SDL_core.obj
 0001:00004450       ?get_frame_values@RRenderDriver2D@SDL_core@ui@modules@UModSys@@UEBAPEBUSParameters@core@5@XZ 0000000180005450 f i umodsys_lib_libui:umodsys.mod.ui.SDL_core.obj
 0001:00004460       ?setup_font@RRenderDriver2D@SDL_core@ui@modules@UModSys@@UEAA_NPEAUIMultiImage@lib2d@5@PEBU?$TVector2@M@math3d@5@@Z 0000000180005460 f i umodsys_lib_libui:umodsys.mod.ui.SDL_core.obj
 0001:000044d0       ?setup_color@RRenderDriver2D@SDL_core@ui@modules@UModSys@@UEAAXAEBU?$TVector3@M@math3d@5@@Z 00000001800054d0 f i umodsys_lib_libui:umodsys.mod.ui.SDL_core.obj
 0001:00004500       ?setup_color@RRenderDriver2D@SDL_core@ui@modules@UModSys@@UEAAXAEBU?$TVector3@H@math3d@5@@Z 0000000180005500 f i umodsys_lib_libui:umodsys.mod.ui.SDL_core.obj
 0001:00004550       ?setup_coloralpha@RRenderDriver2D@SDL_core@ui@modules@UModSys@@UEAAXAEBU?$TVector4@M@math3d@5@H@Z 0000000180005550 f i umodsys_lib_libui:umodsys.mod.ui.SDL_core.obj
 0001:00004580       ?setup_coloralpha@RRenderDriver2D@SDL_core@ui@modules@UModSys@@UEAAXAEBU?$TVector4@H@math3d@5@H@Z 0000000180005580 f i umodsys_lib_libui:umodsys.mod.ui.SDL_core.obj
 0001:000045f0       ?setup_blendcolor@RRenderDriver2D@SDL_core@ui@modules@UModSys@@UEAAXAEBUSBlendColor@lib2d@5@@Z 00000001800055f0 f i umodsys_lib_libui:umodsys.mod.ui.SDL_core.obj
 0001:00004660       ?setup_blendcolor@RRenderDriver2D@SDL_core@ui@modules@UModSys@@UEAAXAEBUSBlendColorf@lib2d@5@@Z 0000000180005660 f i umodsys_lib_libui:umodsys.mod.ui.SDL_core.obj
 0001:000046c0       ?setup_alpha@RRenderDriver2D@SDL_core@ui@modules@UModSys@@UEAAXHH@Z 00000001800056c0 f i umodsys_lib_libui:umodsys.mod.ui.SDL_core.obj
 0001:000046f0       ?setup_alpha@RRenderDriver2D@SDL_core@ui@modules@UModSys@@UEAAXMH@Z 00000001800056f0 f i umodsys_lib_libui:umodsys.mod.ui.SDL_core.obj
 0001:00004710       ?render_text_advanced@RRenderDriver2D@SDL_core@ui@modules@UModSys@@UEAA_NAEAUTextInfo@IRenderDriver@lib2d@5@PEBHH@Z 0000000180005710 f i umodsys_lib_libui:umodsys.mod.ui.SDL_core.obj
 0001:00004930       ?render_box@RRenderDriver2D@SDL_core@ui@modules@UModSys@@UEAAXAEBU?$TVector2@H@math3d@5@0@Z 0000000180005930 f i umodsys_lib_libui:umodsys.mod.ui.SDL_core.obj
 0001:00004970       ?render_tri@RRenderDriver2D@SDL_core@ui@modules@UModSys@@UEAAXAEBU?$TVector2@H@math3d@5@00@Z 0000000180005970 f i umodsys_lib_libui:umodsys.mod.ui.SDL_core.obj
 0001:000049f0       ?render_quad@RRenderDriver2D@SDL_core@ui@modules@UModSys@@UEAAXAEBU?$TVector2@H@math3d@5@000@Z 00000001800059f0 f i umodsys_lib_libui:umodsys.mod.ui.SDL_core.obj
 0001:00004aa0       ?suicide@RGenerator@SDL_core@ui@modules@UModSys@@UEAAXXZ 0000000180005aa0 f i umodsys_lib_libui:umodsys.mod.ui.SDL_core.obj
 0001:00004aa0       ?suicide@RGenerator@stdlib@lib2d@modules@UModSys@@UEAAXXZ 0000000180005aa0 f i umodsys_lib_lib2d:umodsys.mod.2d.stdlib.obj
 0001:00004aa0       ?suicide@RGenerator@test1@test@modules@UModSys@@UEAAXXZ 0000000180005aa0 f i plugin_test1.obj
 0001:00004aa0       ?suicide@RGenerator@frames@ui@modules@UModSys@@UEAAXXZ 0000000180005aa0 f i umodsys_lib_libui:umodsys.mod.ui.frames.obj
 0001:00004aa0       ?render_box@RRenderDriver2D@SDL_core@ui@modules@UModSys@@UEAAXPEAUIImage@lib2d@5@AEBU?$TVector2@H@math3d@5@1AEBU?$TVector2@M@95@2@Z 0000000180005aa0 f i umodsys_lib_libui:umodsys.mod.ui.SDL_core.obj
 0001:00004aa0       ?suicide@RGenerator@images_std@media@modules@UModSys@@UEAAXXZ 0000000180005aa0 f i umodsys_lib_libmedia:umodsys.mod.media.images_std.obj
 0001:00004aa0       ?suicide@RGenerator@zlib@media@modules@UModSys@@UEAAXXZ 0000000180005aa0 f i umodsys_lib_libmedia:umodsys.mod.media.zlib.obj
 0001:00004aa0       ??3@YAXPEAX0@Z             0000000180005aa0 f i plugin_test1.obj
 0001:00004aa0       ?suicide@RGenerator@serialize_json@media@modules@UModSys@@UEAAXXZ 0000000180005aa0 f i umodsys_lib_libmedia:umodsys.mod.media.serialize_json.obj
 0001:00004ab0       ?render_line@RRenderDriver2D@SDL_core@ui@modules@UModSys@@UEAAXAEBU?$TVector2@H@math3d@5@0@Z 0000000180005ab0 f i umodsys_lib_libui:umodsys.mod.ui.SDL_core.obj
 0001:00004ae0       ?render_rect@RRenderDriver2D@SDL_core@ui@modules@UModSys@@UEAAXAEBU?$TVector2@H@math3d@5@0@Z 0000000180005ae0 f i umodsys_lib_libui:umodsys.mod.ui.SDL_core.obj
 0001:00004b20       ??_GRRenderDriver2D@SDL_core@ui@modules@UModSys@@UEAAPEAXI@Z 0000000180005b20 f i umodsys_lib_libui:umodsys.mod.ui.SDL_core.obj
 0001:00004b20       ??_ERRenderDriver2D@SDL_core@ui@modules@UModSys@@UEAAPEAXI@Z 0000000180005b20 f i  CIL library: CIL module
 0001:00004b50       ?root_get_interface_info@RMouseController@SDL_core@ui@modules@UModSys@@UEBAAEBUSUniquePointerInfo@core@5@XZ 0000000180005b50 f i umodsys_lib_libui:umodsys.mod.ui.SDL_core.obj
 0001:00004b60       ?root_get_interface_type@RMouseController@SDL_core@ui@modules@UModSys@@UEBAPEBUSUniquePointerInfo@core@5@XZ 0000000180005b60 f i umodsys_lib_libui:umodsys.mod.ui.SDL_core.obj
 0001:00004b70       ?root_get_other_interface@RMouseController@SDL_core@ui@modules@UModSys@@UEAAPEAUIRoot@core@5@PEBUSUniquePointerInfo@75@@Z 0000000180005b70 f i umodsys_lib_libui:umodsys.mod.ui.SDL_core.obj
 0001:00004b70       ?root_get_other_interface@RMouseController@SDL_core@ui@modules@UModSys@@UEBAPEBUIRoot@core@5@PEBUSUniquePointerInfo@75@@Z 0000000180005b70 f i umodsys_lib_libui:umodsys.mod.ui.SDL_core.obj
 0001:00004ba0       ?root_is_interface_supported@RMouseController@SDL_core@ui@modules@UModSys@@UEBA_NPEBUSUniquePointerInfo@core@5@@Z 0000000180005ba0 f i umodsys_lib_libui:umodsys.mod.ui.SDL_core.obj
 0001:00004bd0       ?ref_links@RDialog@frames@ui@modules@UModSys@@UEBAHXZ 0000000180005bd0 f i umodsys_lib_libui:umodsys.mod.ui.frames.obj
 0001:00004bd0       ?ref_links@RMouseController@SDL_core@ui@modules@UModSys@@UEBAHXZ 0000000180005bd0 f i umodsys_lib_libui:umodsys.mod.ui.SDL_core.obj
 0001:00004bd0       ?ref_links@RSerializeReader@serialize_json@media@modules@UModSys@@UEBAHXZ 0000000180005bd0 f i umodsys_lib_libmedia:umodsys.mod.media.serialize_json.obj
 0001:00004bd0       ?ref_links@RBinArchiveFrameClient_ZIP@zlib@media@modules@UModSys@@UEBAHXZ 0000000180005bd0 f i umodsys_lib_libmedia:umodsys.mod.media.zlib.obj
 0001:00004bd0       ?ref_links@RGenerator@frames@ui@modules@UModSys@@UEBAHXZ 0000000180005bd0 f i umodsys_lib_libui:umodsys.mod.ui.frames.obj
 0001:00004bd0       ?ref_links@RKeyboardController@SDL_core@ui@modules@UModSys@@UEBAHXZ 0000000180005bd0 f i umodsys_lib_libui:umodsys.mod.ui.SDL_core.obj
 0001:00004bd0       ?ref_links@RGenerator@serialize_json@media@modules@UModSys@@UEBAHXZ 0000000180005bd0 f i umodsys_lib_libmedia:umodsys.mod.media.serialize_json.obj
 0001:00004bd0       ?ref_links@RImageFactory_Memory@stdlib@lib2d@modules@UModSys@@UEBAHXZ 0000000180005bd0 f i umodsys_lib_lib2d:umodsys.mod.2d.stdlib.obj
 0001:00004bd0       ?ref_links@RGenerator@images_std@media@modules@UModSys@@UEBAHXZ 0000000180005bd0 f i umodsys_lib_libmedia:umodsys.mod.media.images_std.obj
 0001:00004bd0       ?ref_links@RRenderDriver2D@SDL_core@ui@modules@UModSys@@UEBAHXZ 0000000180005bd0 f i umodsys_lib_libui:umodsys.mod.ui.SDL_core.obj
 0001:00004bd0       ?ref_links@RGenerator@zlib@media@modules@UModSys@@UEBAHXZ 0000000180005bd0 f i umodsys_lib_libmedia:umodsys.mod.media.zlib.obj
 0001:00004bd0       ?ref_links@RGenerator@stdlib@lib2d@modules@UModSys@@UEBAHXZ 0000000180005bd0 f i umodsys_lib_lib2d:umodsys.mod.2d.stdlib.obj
 0001:00004bd0       ?ref_links@RTerminal@SDL_core@ui@modules@UModSys@@UEBAHXZ 0000000180005bd0 f i umodsys_lib_libui:umodsys.mod.ui.SDL_core.obj
 0001:00004bd0       ?ref_links@RGenerator@SDL_core@ui@modules@UModSys@@UEBAHXZ 0000000180005bd0 f i umodsys_lib_libui:umodsys.mod.ui.SDL_core.obj
 0001:00004bd0       ?ref_links@RGenerator@test1@test@modules@UModSys@@UEBAHXZ 0000000180005bd0 f i plugin_test1.obj
 0001:00004bd0       ?ref_links@RImage_Memory@stdlib@lib2d@modules@UModSys@@UEBAHXZ 0000000180005bd0 f i umodsys_lib_lib2d:umodsys.mod.2d.stdlib.obj
 0001:00004bd0       ?ref_links@RMultiImage@stdlib@lib2d@modules@UModSys@@UEBAHXZ 0000000180005bd0 f i umodsys_lib_lib2d:umodsys.mod.2d.stdlib.obj
 0001:00004bd0       ?ref_links@RMultiImage2D_SDL_ttf@SDL_core@ui@modules@UModSys@@UEBAHXZ 0000000180005bd0 f i umodsys_lib_libui:umodsys.mod.ui.SDL_core.obj
 0001:00004be0       ?process@RMouseController@SDL_core@ui@modules@UModSys@@QEAA_NAEAUSDL_MouseMotionEvent@@@Z 0000000180005be0 f i umodsys_lib_libui:umodsys.mod.ui.SDL_core.obj
 0001:00004d60       ?process@RMouseController@SDL_core@ui@modules@UModSys@@QEAA_NAEAUSDL_MouseButtonEvent@@@Z 0000000180005d60 f i umodsys_lib_libui:umodsys.mod.ui.SDL_core.obj
 0001:00004eb0       ?process@RMouseController@SDL_core@ui@modules@UModSys@@QEAA_NAEAUSDL_MouseWheelEvent@@@Z 0000000180005eb0 f i umodsys_lib_libui:umodsys.mod.ui.SDL_core.obj
 0001:00004fc0       ?key_unlink@RKeyboardController@SDL_core@ui@modules@UModSys@@UEAA_NH@Z 0000000180005fc0 f i umodsys_lib_libui:umodsys.mod.ui.SDL_core.obj
 0001:00004fc0       ?mouse_unlink@RMouseController@SDL_core@ui@modules@UModSys@@UEAA_NH@Z 0000000180005fc0 f i umodsys_lib_libui:umodsys.mod.ui.SDL_core.obj
 0001:00005040       ?mouse_link@RMouseController@SDL_core@ui@modules@UModSys@@UEAA_NHPEAUIRefObject@core@5@PEAUIMouseClient@libui@5@H@Z 0000000180006040 f i umodsys_lib_libui:umodsys.mod.ui.SDL_core.obj
 0001:000050e0       ??_GRMouseController@SDL_core@ui@modules@UModSys@@UEAAPEAXI@Z 00000001800060e0 f i umodsys_lib_libui:umodsys.mod.ui.SDL_core.obj
 0001:000050e0       ??_ERMouseController@SDL_core@ui@modules@UModSys@@UEAAPEAXI@Z 00000001800060e0 f i  CIL library: CIL module
 0001:00005150       ?root_get_interface_info@RKeyboardController@SDL_core@ui@modules@UModSys@@UEBAAEBUSUniquePointerInfo@core@5@XZ 0000000180006150 f i umodsys_lib_libui:umodsys.mod.ui.SDL_core.obj
 0001:00005160       ?root_get_interface_type@RKeyboardController@SDL_core@ui@modules@UModSys@@UEBAPEBUSUniquePointerInfo@core@5@XZ 0000000180006160 f i umodsys_lib_libui:umodsys.mod.ui.SDL_core.obj
 0001:00005170       ?root_get_other_interface@RKeyboardController@SDL_core@ui@modules@UModSys@@UEBAPEBUIRoot@core@5@PEBUSUniquePointerInfo@75@@Z 0000000180006170 f i umodsys_lib_libui:umodsys.mod.ui.SDL_core.obj
 0001:00005170       ?root_get_other_interface@RKeyboardController@SDL_core@ui@modules@UModSys@@UEAAPEAUIRoot@core@5@PEBUSUniquePointerInfo@75@@Z 0000000180006170 f i umodsys_lib_libui:umodsys.mod.ui.SDL_core.obj
 0001:000051a0       ?root_is_interface_supported@RKeyboardController@SDL_core@ui@modules@UModSys@@UEBA_NPEBUSUniquePointerInfo@core@5@@Z 00000001800061a0 f i umodsys_lib_libui:umodsys.mod.ui.SDL_core.obj
 0001:000051d0       ?process@RKeyboardController@SDL_core@ui@modules@UModSys@@QEAA_NAEAUSDL_KeyboardEvent@@@Z 00000001800061d0 f i umodsys_lib_libui:umodsys.mod.ui.SDL_core.obj
 0001:000052e0       ?process@RKeyboardController@SDL_core@ui@modules@UModSys@@QEAA_NAEAUSDL_TextInputEvent@@@Z 00000001800062e0 f i umodsys_lib_libui:umodsys.mod.ui.SDL_core.obj
 0001:000053f0       ?map_keycode@RKeyboardController@SDL_core@ui@modules@UModSys@@QEAA?AW4eKeyCode@libui@5@H@Z 00000001800063f0 f i umodsys_lib_libui:umodsys.mod.ui.SDL_core.obj
 0001:00005950       ?map_keyspecial@RKeyboardController@SDL_core@ui@modules@UModSys@@QEAAFG@Z 0000000180006950 f i umodsys_lib_libui:umodsys.mod.ui.SDL_core.obj
 0001:000059f0       ?key_link@RKeyboardController@SDL_core@ui@modules@UModSys@@UEAA_NHPEAUIRefObject@core@5@PEAUIKeyboardClient@libui@5@@Z 00000001800069f0 f i umodsys_lib_libui:umodsys.mod.ui.SDL_core.obj
 0001:00005a80       ?key_setmodifier@RKeyboardController@SDL_core@ui@modules@UModSys@@UEAA_NHHH@Z 0000000180006a80 f i umodsys_lib_libui:umodsys.mod.ui.SDL_core.obj
 0001:00005a80       ?mouse_setvisible@RMouseController@SDL_core@ui@modules@UModSys@@UEAA_N_N@Z 0000000180006a80 f i umodsys_lib_libui:umodsys.mod.ui.SDL_core.obj
 0001:00005a80       ?mouse_event@RFrame_Common@frames@ui@modules@UModSys@@MEAA_NPEBUSMouseInput@libui@5@@Z 0000000180006a80 f i umodsys_lib_libui:umodsys.mod.ui.frames.obj
 0001:00005a80       ?setup_fixed_cell@RMultiImage2D_SDL_ttf@SDL_core@ui@modules@UModSys@@UEAA_NHH@Z 0000000180006a80 f i umodsys_lib_libui:umodsys.mod.ui.SDL_core.obj
 0001:00005a80       ?set_parameters@RRenderDriver2D@SDL_core@ui@modules@UModSys@@UEAA_NPEBDAEBUSParameters@core@5@@Z 0000000180006a80 f i umodsys_lib_libui:umodsys.mod.ui.SDL_core.obj
 0001:00005a80       ?isfull@?$TRStackSocket@USFileInfo@libmedia@UModSys@@U?$TDynarrayDynamic@USFileInfo@libmedia@UModSys@@U?$TAllocator@USIMemAlloc@core@UModSys@@USCountCalcPower2@23@@tl@3@@tl@3@@tl@UModSys@@UEBA_NXZ 0000000180006a80 f i plugin_test1.obj
 0001:00005a80       ?get_cell@RMultiImage2D_SDL_ttf@SDL_core@ui@modules@UModSys@@UEBA_NIAEAUSImageCellInfo@lib2d@5@@Z 0000000180006a80 f i umodsys_lib_libui:umodsys.mod.ui.SDL_core.obj
 0001:00005a80       ?mouse_setposition@RMouseController@SDL_core@ui@modules@UModSys@@UEAA_NHH@Z 0000000180006a80 f i umodsys_lib_libui:umodsys.mod.ui.SDL_core.obj
 0001:00005a80       ?key_event@RFrame_Common@frames@ui@modules@UModSys@@MEAA_NAEBUSKeyboardInputText@libui@5@@Z 0000000180006a80 f i umodsys_lib_libui:umodsys.mod.ui.frames.obj
 0001:00005a80       ?setup_variable_cell@RMultiImage2D_SDL_ttf@SDL_core@ui@modules@UModSys@@UEAA_NPEBUSImageCellInfo@lib2d@5@KK@Z 0000000180006a80 f i umodsys_lib_libui:umodsys.mod.ui.SDL_core.obj
 0001:00005a80       ?set_layer_count@RMultiImage2D_SDL_ttf@SDL_core@ui@modules@UModSys@@UEAA_NG@Z 0000000180006a80 f i umodsys_lib_libui:umodsys.mod.ui.SDL_core.obj
 0001:00005a80       ?get_cell@RMultiImage2D_SDL_ttf@SDL_core@ui@modules@UModSys@@UEBA_NIAEAU?$TVector2@H@math3d@5@PEAU675@PEAG@Z 0000000180006a80 f i umodsys_lib_libui:umodsys.mod.ui.SDL_core.obj
 0001:00005a80       ?mouse_reset@RMouseController@SDL_core@ui@modules@UModSys@@UEAA_NXZ 0000000180006a80 f i umodsys_lib_libui:umodsys.mod.ui.SDL_core.obj
 0001:00005a80       ?key_reset@RKeyboardController@SDL_core@ui@modules@UModSys@@UEAA_NXZ 0000000180006a80 f i umodsys_lib_libui:umodsys.mod.ui.SDL_core.obj
 0001:00005a80       ?key_setrepeat@RKeyboardController@SDL_core@ui@modules@UModSys@@UEAA_NMM@Z 0000000180006a80 f i umodsys_lib_libui:umodsys.mod.ui.SDL_core.obj
 0001:00005a80       ?set_insize@RFrame_Common@frames@ui@modules@UModSys@@UEAA_NAEBU?$TVector2@H@math3d@5@@Z 0000000180006a80 f i umodsys_lib_libui:umodsys.mod.ui.frames.obj
 0001:00005a80       ?key_event@RFrame_Common@frames@ui@modules@UModSys@@MEAA_NAEBUSKeyboardInputRaw@libui@5@@Z 0000000180006a80 f i umodsys_lib_libui:umodsys.mod.ui.frames.obj
 0001:00005a80       ?set_hint@RMultiImage2D_SDL_ttf@SDL_core@ui@modules@UModSys@@UEAA_NPEBD0@Z 0000000180006a80 f i umodsys_lib_libui:umodsys.mod.ui.SDL_core.obj
 0001:00005a90       ?key_setvisible@RKeyboardController@SDL_core@ui@modules@UModSys@@UEAA_N_N@Z 0000000180006a90 f i umodsys_lib_libui:umodsys.mod.ui.SDL_core.obj
 0001:00005ab0       ??_GRKeyboardController@SDL_core@ui@modules@UModSys@@UEAAPEAXI@Z 0000000180006ab0 f i umodsys_lib_libui:umodsys.mod.ui.SDL_core.obj
 0001:00005ab0       ??_ERKeyboardController@SDL_core@ui@modules@UModSys@@UEAAPEAXI@Z 0000000180006ab0 f i  CIL library: CIL module
 0001:00005b20       ??1IDialog@libui@UModSys@@UEAA@XZ 0000000180006b20 f i umodsys_lib_libui:umodsys.mod.ui.frames.obj
 0001:00005b20       ??1IClient@IBinArchiveFrame@libmedia@UModSys@@UEAA@XZ 0000000180006b20 f i umodsys_lib_libmedia:umodsys.mod.media.zlib.obj
 0001:00005b20       ??1ICollector@libui@UModSys@@UEAA@XZ 0000000180006b20 f i umodsys_lib_libui:umodsys.mod.ui.frames.obj
 0001:00005b20       ??1IMouseController@libui@UModSys@@UEAA@XZ 0000000180006b20 f i umodsys_lib_libui:umodsys.mod.ui.SDL_core.obj
 0001:00005b20       ??1IRenderDriver@lib2d@UModSys@@UEAA@XZ 0000000180006b20 f i umodsys_lib_libui:umodsys.mod.ui.SDL_core.obj
 0001:00005b20       ??1IKeyboardController@libui@UModSys@@UEAA@XZ 0000000180006b20 f i umodsys_lib_libui:umodsys.mod.ui.SDL_core.obj
 0001:00005b20       ??1IMultiImage@lib2d@UModSys@@UEAA@XZ 0000000180006b20 f i umodsys_lib_lib2d:umodsys.mod.2d.stdlib.obj
 0001:00005b20       ??1IImage@lib2d@UModSys@@UEAA@XZ 0000000180006b20 f i umodsys_lib_lib2d:umodsys.mod.2d.stdlib.obj
 0001:00005b20       ??1ISerializeWriter@libmedia@UModSys@@UEAA@XZ 0000000180006b20 f i umodsys_lib_libmedia:umodsys.mod.media.serialize_json.obj
 0001:00005b20       ??1ITerminal@libui@UModSys@@UEAA@XZ 0000000180006b20 f i umodsys_lib_libui:umodsys.mod.ui.SDL_core.obj
 0001:00005b20       ??1IFrame@libui@UModSys@@UEAA@XZ 0000000180006b20 f i umodsys_lib_libui:umodsys.mod.ui.frames.obj
 0001:00005b20       ??1ISerializeReader@libmedia@UModSys@@UEAA@XZ 0000000180006b20 f i umodsys_lib_libmedia:umodsys.mod.media.serialize_json.obj
 0001:00005b20       ??1IShell@base@UModSys@@UEAA@XZ 0000000180006b20 f i plugin_test1.obj
 0001:00005b20       ??1IImageFactory@lib2d@UModSys@@UEAA@XZ 0000000180006b20 f i umodsys_lib_lib2d:umodsys.mod.2d.stdlib.obj
 0001:00005b30       ?root_get_interface_info@RTerminal@SDL_core@ui@modules@UModSys@@UEBAAEBUSUniquePointerInfo@core@5@XZ 0000000180006b30 f i umodsys_lib_libui:umodsys.mod.ui.SDL_core.obj
 0001:00005b40       ?root_get_interface_type@RTerminal@SDL_core@ui@modules@UModSys@@UEBAPEBUSUniquePointerInfo@core@5@XZ 0000000180006b40 f i umodsys_lib_libui:umodsys.mod.ui.SDL_core.obj
 0001:00005b50       ?root_get_other_interface@RTerminal@SDL_core@ui@modules@UModSys@@UEBAPEBUIRoot@core@5@PEBUSUniquePointerInfo@75@@Z 0000000180006b50 f i umodsys_lib_libui:umodsys.mod.ui.SDL_core.obj
 0001:00005b50       ?root_get_other_interface@RTerminal@SDL_core@ui@modules@UModSys@@UEAAPEAUIRoot@core@5@PEBUSUniquePointerInfo@75@@Z 0000000180006b50 f i umodsys_lib_libui:umodsys.mod.ui.SDL_core.obj
 0001:00005b80       ?root_is_interface_supported@RTerminal@SDL_core@ui@modules@UModSys@@UEBA_NPEBUSUniquePointerInfo@core@5@@Z 0000000180006b80 f i umodsys_lib_libui:umodsys.mod.ui.SDL_core.obj
 0001:00005bb0       ?ref_add@RGenerator@SDL_core@ui@modules@UModSys@@UEBAXXZ 0000000180006bb0 f i umodsys_lib_libui:umodsys.mod.ui.SDL_core.obj
 0001:00005bb0       ?ref_add@RBinArchiveFrameClient_ZIP@zlib@media@modules@UModSys@@UEBAXXZ 0000000180006bb0 f i umodsys_lib_libmedia:umodsys.mod.media.zlib.obj
 0001:00005bb0       ?ref_add@RImageFactory_Memory@stdlib@lib2d@modules@UModSys@@UEBAXXZ 0000000180006bb0 f i umodsys_lib_lib2d:umodsys.mod.2d.stdlib.obj
 0001:00005bb0       ?ref_add@RGenerator@serialize_json@media@modules@UModSys@@UEBAXXZ 0000000180006bb0 f i umodsys_lib_libmedia:umodsys.mod.media.serialize_json.obj
 0001:00005bb0       ?ref_add@RGenerator@frames@ui@modules@UModSys@@UEBAXXZ 0000000180006bb0 f i umodsys_lib_libui:umodsys.mod.ui.frames.obj
 0001:00005bb0       ?ref_add@RSerializeReader@serialize_json@media@modules@UModSys@@UEBAXXZ 0000000180006bb0 f i umodsys_lib_libmedia:umodsys.mod.media.serialize_json.obj
 0001:00005bb0       ?ref_add@RKeyboardController@SDL_core@ui@modules@UModSys@@UEBAXXZ 0000000180006bb0 f i umodsys_lib_libui:umodsys.mod.ui.SDL_core.obj
 0001:00005bb0       ?ref_add@RMouseController@SDL_core@ui@modules@UModSys@@UEBAXXZ 0000000180006bb0 f i umodsys_lib_libui:umodsys.mod.ui.SDL_core.obj
 0001:00005bb0       ?ref_add@RGenerator@zlib@media@modules@UModSys@@UEBAXXZ 0000000180006bb0 f i umodsys_lib_libmedia:umodsys.mod.media.zlib.obj
 0001:00005bb0       ?ref_add@RMultiImage2D_SDL_ttf@SDL_core@ui@modules@UModSys@@UEBAXXZ 0000000180006bb0 f i umodsys_lib_libui:umodsys.mod.ui.SDL_core.obj
 0001:00005bb0       ?ref_add@RGenerator@stdlib@lib2d@modules@UModSys@@UEBAXXZ 0000000180006bb0 f i umodsys_lib_lib2d:umodsys.mod.2d.stdlib.obj
 0001:00005bb0       ?ref_add@RGenerator@test1@test@modules@UModSys@@UEBAXXZ 0000000180006bb0 f i plugin_test1.obj
 0001:00005bb0       ?ref_add@RImage_Memory@stdlib@lib2d@modules@UModSys@@UEBAXXZ 0000000180006bb0 f i umodsys_lib_lib2d:umodsys.mod.2d.stdlib.obj
 0001:00005bb0       ?ref_add@RDialog@frames@ui@modules@UModSys@@UEBAXXZ 0000000180006bb0 f i umodsys_lib_libui:umodsys.mod.ui.frames.obj
 0001:00005bb0       ?ref_add@RTerminal@SDL_core@ui@modules@UModSys@@UEBAXXZ 0000000180006bb0 f i umodsys_lib_libui:umodsys.mod.ui.SDL_core.obj
 0001:00005bb0       ?ref_add@RRenderDriver2D@SDL_core@ui@modules@UModSys@@UEBAXXZ 0000000180006bb0 f i umodsys_lib_libui:umodsys.mod.ui.SDL_core.obj
 0001:00005bb0       ?ref_add@RGenerator@images_std@media@modules@UModSys@@UEBAXXZ 0000000180006bb0 f i umodsys_lib_libmedia:umodsys.mod.media.images_std.obj
 0001:00005bb0       ?ref_add@RMultiImage@stdlib@lib2d@modules@UModSys@@UEBAXXZ 0000000180006bb0 f i umodsys_lib_lib2d:umodsys.mod.2d.stdlib.obj
 0001:00005bc0       ??0RTerminal@SDL_core@ui@modules@UModSys@@QEAA@PEAUIModObject@base@4@AEBUSParameters@core@4@@Z 0000000180006bc0 f i umodsys_lib_libui:umodsys.mod.ui.SDL_core.obj
 0001:00005c70       ??1RTerminal@SDL_core@ui@modules@UModSys@@UEAA@XZ 0000000180006c70 f i umodsys_lib_libui:umodsys.mod.ui.SDL_core.obj
 0001:00005d30       ?poll_events@RTerminal@SDL_core@ui@modules@UModSys@@UEAA_NH@Z 0000000180006d30 f i umodsys_lib_libui:umodsys.mod.ui.SDL_core.obj
 0001:00005ea0       ?get_terminal_state@RTerminal@SDL_core@ui@modules@UModSys@@UEAA_NW4eTerminalState@libui@5@@Z 0000000180006ea0 f i umodsys_lib_libui:umodsys.mod.ui.SDL_core.obj
 0001:00005eb0       ?set_terminal_state@RTerminal@SDL_core@ui@modules@UModSys@@UEAA_NW4eTerminalState@libui@5@_N@Z 0000000180006eb0 f i umodsys_lib_libui:umodsys.mod.ui.SDL_core.obj
 0001:00005f40       ?get_clock@RTerminal@SDL_core@ui@modules@UModSys@@UEAANXZ 0000000180006f40 f i umodsys_lib_libui:umodsys.mod.ui.SDL_core.obj
 0001:00005f60       ?wait@RTerminal@SDL_core@ui@modules@UModSys@@UEAA_NM@Z 0000000180006f60 f i umodsys_lib_libui:umodsys.mod.ui.SDL_core.obj
 0001:00005f80       ?get_count@RTerminal@SDL_core@ui@modules@UModSys@@UEBA_KPEBUSUniquePointerInfo@core@5@@Z 0000000180006f80 f i umodsys_lib_libui:umodsys.mod.ui.SDL_core.obj
 0001:00005fc0       ?get_handler@RTerminal@SDL_core@ui@modules@UModSys@@UEBAPEAUIRefObject@core@5@PEBUSUniquePointerInfo@75@_K@Z 0000000180006fc0 f i umodsys_lib_libui:umodsys.mod.ui.SDL_core.obj
 0001:00006000       ?create_handler@RTerminal@SDL_core@ui@modules@UModSys@@UEAA_NPEBUSUniquePointerInfo@core@5@AEAU?$TRefObject@UIRefObject@core@UModSys@@U?$TRefObjectFunc@UIRefObject@core@UModSys@@@tl@3@@tl@5@PEBDPEBUSParameters@75@@Z 0000000180007000 f i umodsys_lib_libui:umodsys.mod.ui.SDL_core.obj
 0001:00006310       ??_GRTerminal@SDL_core@ui@modules@UModSys@@UEAAPEAXI@Z 0000000180007310 f i umodsys_lib_libui:umodsys.mod.ui.SDL_core.obj
 0001:00006310       ??_ERTerminal@SDL_core@ui@modules@UModSys@@UEAAPEAXI@Z 0000000180007310 f i  CIL library: CIL module
 0001:00006340       ?get_generated_names@RGenerator@SDL_core@ui@modules@UModSys@@UEBAHAEAUSUniquePtrList@core@5@@Z 0000000180007340 f i umodsys_lib_libui:umodsys.mod.ui.SDL_core.obj
 0001:00006360       ?get_generated_types@RGenerator@SDL_core@ui@modules@UModSys@@UEBAHAEAUSUniquePtrList@core@5@PEBUSUniquePointerInfo@75@@Z 0000000180007360 f i umodsys_lib_libui:umodsys.mod.ui.SDL_core.obj
 0001:000063c0       ?generate@RGenerator@SDL_core@ui@modules@UModSys@@UEAA_NAEAU?$TRefObject@UIRefObject@core@UModSys@@U?$TRefObjectFunc@UIRefObject@core@UModSys@@@tl@3@@tl@5@PEBUSUniquePointerInfo@core@5@AEBUSParameters@95@@Z 00000001800073c0 f i umodsys_lib_libui:umodsys.mod.ui.SDL_core.obj
 0001:00006440       ?root_get_interface_info@RGenerator@SDL_core@ui@modules@UModSys@@UEBAAEBUSUniquePointerInfo@core@5@XZ 0000000180007440 f i umodsys_lib_libui:umodsys.mod.ui.SDL_core.obj
 0001:00006450       ?root_get_interface_type@RGenerator@SDL_core@ui@modules@UModSys@@UEBAPEBUSUniquePointerInfo@core@5@XZ 0000000180007450 f i umodsys_lib_libui:umodsys.mod.ui.SDL_core.obj
 0001:00006460       ?root_get_other_interface@RGenerator@SDL_core@ui@modules@UModSys@@UEAAPEAUIRoot@core@5@PEBUSUniquePointerInfo@75@@Z 0000000180007460 f i umodsys_lib_libui:umodsys.mod.ui.SDL_core.obj
 0001:00006460       ?root_get_other_interface@RGenerator@SDL_core@ui@modules@UModSys@@UEBAPEBUIRoot@core@5@PEBUSUniquePointerInfo@75@@Z 0000000180007460 f i umodsys_lib_libui:umodsys.mod.ui.SDL_core.obj
 0001:000064a0       ?root_is_interface_supported@RGenerator@SDL_core@ui@modules@UModSys@@UEBA_NPEBUSUniquePointerInfo@core@5@@Z 00000001800074a0 f i umodsys_lib_libui:umodsys.mod.ui.SDL_core.obj
 0001:000064e0       ?get_uid@RGenerator@SDL_core@ui@modules@UModSys@@UEBAPEBUSUniquePointerInfo@core@5@XZ 00000001800074e0 f i umodsys_lib_libui:umodsys.mod.ui.SDL_core.obj
 0001:000064f0       ?do_open@RModuleReg@SDL_core@ui@modules@UModSys@@UEAA_NXZ 00000001800074f0 f i umodsys_lib_libui:umodsys.mod.ui.SDL_core.obj
 0001:00006500       ?do_close@RModuleReg@SDL_core@ui@modules@UModSys@@UEAA_NXZ 0000000180007500 f i umodsys_lib_libui:umodsys.mod.ui.SDL_core.obj
 0001:00006510       ??_ERModuleReg@SDL_core@ui@modules@UModSys@@UEAAPEAXI@Z 0000000180007510 f i  CIL library: CIL module
 0001:00006510       ??_GRModuleReg@SDL_core@ui@modules@UModSys@@UEAAPEAXI@Z 0000000180007510 f i umodsys_lib_libui:umodsys.mod.ui.SDL_core.obj
 0001:00006540       ??1?$TScatterArray@UGlyph@RMultiImage2D_SDL_ttf@SDL_core@ui@modules@UModSys@@HU?$TScalarCompare@H@core@6@U?$TNodeDeleter0@U?$TScatterArrayNode@UGlyph@RMultiImage2D_SDL_ttf@SDL_core@ui@modules@UModSys@@H@tl@UModSys@@@tl@6@@tl@UModSys@@QEAA@XZ 0000000180007540 f i umodsys_lib_libui:umodsys.mod.ui.SDL_core.obj
 0001:00006570       ?remove_node@?$TTreeHoldRB@U?$TScatterArrayNode@U?$TRefObjectComposite@UIKeyboardClient@libui@UModSys@@UIRefObject@core@3@U?$TRefObjectFunc@UIRefObject@core@UModSys@@@tl@3@@tl@UModSys@@H@tl@UModSys@@@tl@UModSys@@QEAAXPEAU?$TScatterArrayNode@U?$TRefObjectComposite@UIKeyboardClient@libui@UModSys@@UIRefObject@core@3@U?$TRefObjectFunc@UIRefObject@core@UModSys@@@tl@3@@tl@UModSys@@H@23@@Z 0000000180007570 f i umodsys_lib_libui:umodsys.mod.ui.SDL_core.obj
 0001:00006570       ?remove_node@?$TTreeHoldRB@U?$TScatterArrayNode@U?$TRefObjectCompositeExtra@UIMouseClient@libui@UModSys@@HUIRefObject@core@3@U?$TRefObjectFunc@UIRefObject@core@UModSys@@@tl@3@@tl@UModSys@@H@tl@UModSys@@@tl@UModSys@@QEAAXPEAU?$TScatterArrayNode@U?$TRefObjectCompositeExtra@UIMouseClient@libui@UModSys@@HUIRefObject@core@3@U?$TRefObjectFunc@UIRefObject@core@UModSys@@@tl@3@@tl@UModSys@@H@23@@Z 0000000180007570 f i umodsys_lib_libui:umodsys.mod.ui.SDL_core.obj
 0001:00006690       ??R?$TNodeDeleter0@U?$TScatterArrayNode@U?$TRefObjectComposite@UIKeyboardClient@libui@UModSys@@UIRefObject@core@3@U?$TRefObjectFunc@UIRefObject@core@UModSys@@@tl@3@@tl@UModSys@@H@tl@UModSys@@@tl@UModSys@@QEBAHPEAU?$TScatterArrayNode@U?$TRefObjectComposite@UIKeyboardClient@libui@UModSys@@UIRefObject@core@3@U?$TRefObjectFunc@UIRefObject@core@UModSys@@@tl@3@@tl@UModSys@@H@12@@Z 0000000180007690 f i umodsys_lib_libui:umodsys.mod.ui.SDL_core.obj
[...]
 0001:00022470       ??__E?s_id@?$TObjectUniqueID@URGenerator@zlib@media@modules@UModSys@@@tl@UModSys@@2USUniquePointer@core@3@A@@YAXXZ 0000000180023470 f    CIL library: CIL module
 0001:000224b0       ??__EM@UModSys@@YAXXZ      00000001800234b0 f    CIL library: CIL module
 0001:000224d0       ??__E?root@SModuleRegChain@base@UModSys@@2U123@A@@YAXXZ 00000001800234d0 f    CIL library: CIL module
 0001:00022500       ??__E?s_library@RModuleLibraryReg_Chain@base@UModSys@@2U123@A@@YAXXZ 0000000180023500 f    CIL library: CIL module
 0001:00022520       ??__E?root@SUniquePointer@core@UModSys@@2U123@A@@YAXXZ 0000000180023520 f    CIL library: CIL module
 0001:00022550       ??__F?s_modreg@RModuleReg@test1@test@modules@UModSys@@2U12345@A@@YAXXZ 0000000180023550 f    CIL library: CIL module
 0001:00022570       ??__F?s_modreg_chain@RModuleReg@test1@test@modules@UModSys@@2USModuleRegChain@base@5@A@@YAXXZ 0000000180023570 f    CIL library: CIL module
 0001:00022580       ??__F?s_uid@RGenerator@test1@test@modules@UModSys@@2USUniquePointer@core@5@A@@YAXXZ 0000000180023580 f    CIL library: CIL module
 0001:00022590       ??__Fh@?1??s_holder@RGenerator@test1@test@modules@UModSys@@SAAEAU?$TTypeStaticHolder@URGenerator@test1@test@modules@UModSys@@@tl@5@XZ@YAXXZ 0000000180023590 f    CIL library: CIL module
 0001:000225c0       ??__F?s_id@?$TObjectUniqueID@URGenerator@test1@test@modules@UModSys@@@tl@UModSys@@2USUniquePointer@core@3@A@@YAXXZ 00000001800235c0 f    CIL library: CIL module
 0001:000225d0       ??__F?s_id@?$TObjectUniqueID@URTest1_Shell@test1@test@modules@UModSys@@@tl@UModSys@@2USUniquePointer@core@3@A@@YAXXZ 00000001800235d0 f    CIL library: CIL module
 0001:000225e0       ??__F?s_id@?$TObjectUniqueID@URLines_Filter@test1@test@modules@UModSys@@@tl@UModSys@@2USUniquePointer@core@3@A@@YAXXZ 00000001800235e0 f    CIL library: CIL module
 0001:000225f0       ??__F?s_id@?$TObjectUniqueID@URLines@test1@test@modules@UModSys@@@tl@UModSys@@2USUniquePointer@core@3@A@@YAXXZ 00000001800235f0 f    CIL library: CIL module
 0001:00022600       ??__F?s_id@?$TObjectUniqueID@UILines@test1@test@modules@UModSys@@@tl@UModSys@@2USUniquePointer@core@3@A@@YAXXZ 0000000180023600 f    CIL library: CIL module
 0001:00022610       ??__F?s_id@?$TObjectUniqueID@UIRenderDriver@lib2d@UModSys@@@tl@UModSys@@2USUniquePointer@core@3@A@@YAXXZ 0000000180023610 f    CIL library: CIL module
 0001:00022620       ??__F?s_id@?$TObjectUniqueID@UIMultiImage@lib2d@UModSys@@@tl@UModSys@@2USUniquePointer@core@3@A@@YAXXZ 0000000180023620 f    CIL library: CIL module
 0001:00022630       ??__F?s_id@?$TObjectUniqueID@UIImageFactory@lib2d@UModSys@@@tl@UModSys@@2USUniquePointer@core@3@A@@YAXXZ 0000000180023630 f    CIL library: CIL module
 0001:00022640       ??__F?s_id@?$TObjectUniqueID@UIImage@lib2d@UModSys@@@tl@UModSys@@2USUniquePointer@core@3@A@@YAXXZ 0000000180023640 f    CIL library: CIL module
 0001:00022650       ??__F?s_id@?$TObjectUniqueID@UIDialog@libui@UModSys@@@tl@UModSys@@2USUniquePointer@core@3@A@@YAXXZ 0000000180023650 f    CIL library: CIL module
 0001:00022660       ??__F?s_id@?$TObjectUniqueID@UIFrame@libui@UModSys@@@tl@UModSys@@2USUniquePointer@core@3@A@@YAXXZ 0000000180023660 f    CIL library: CIL module
 0001:00022670       ??__F?s_id@?$TObjectUniqueID@UIAsyncCollector@libui@UModSys@@@tl@UModSys@@2USUniquePointer@core@3@A@@YAXXZ 0000000180023670 f    CIL library: CIL module
 0001:00022680       ??__F?s_id@?$TObjectUniqueID@UIAsyncController@libui@UModSys@@@tl@UModSys@@2USUniquePointer@core@3@A@@YAXXZ 0000000180023680 f    CIL library: CIL module
 0001:00022690       ??__F?s_id@?$TObjectUniqueID@UICollector@libui@UModSys@@@tl@UModSys@@2USUniquePointer@core@3@A@@YAXXZ 0000000180023690 f    CIL library: CIL module
 0001:000226a0       ??__F?s_id@?$TObjectUniqueID@UIConsoleHelperInput_UIKey@libui@UModSys@@@tl@UModSys@@2USUniquePointer@core@3@A@@YAXXZ 00000001800236a0 f    CIL library: CIL module
 0001:000226b0       ??__F?s_id@?$TObjectUniqueID@UITerminal@libui@UModSys@@@tl@UModSys@@2USUniquePointer@core@3@A@@YAXXZ 00000001800236b0 f    CIL library: CIL module
 0001:000226c0       ??__F?s_id@?$TObjectUniqueID@UIJoystickController@libui@UModSys@@@tl@UModSys@@2USUniquePointer@core@3@A@@YAXXZ 00000001800236c0 f    CIL library: CIL module
 0001:000226d0       ??__F?s_id@?$TObjectUniqueID@UIMouseController@libui@UModSys@@@tl@UModSys@@2USUniquePointer@core@3@A@@YAXXZ 00000001800236d0 f    CIL library: CIL module
 0001:000226e0       ??__F?s_id@?$TObjectUniqueID@UIKeyboardController@libui@UModSys@@@tl@UModSys@@2USUniquePointer@core@3@A@@YAXXZ 00000001800236e0 f    CIL library: CIL module
 0001:000226f0       ??__F?s_id@?$TObjectUniqueID@UIConsoleHelperOutputFCS@base@UModSys@@@tl@UModSys@@2USUniquePointer@core@3@A@@YAXXZ 00000001800236f0 f    CIL library: CIL module
 0001:00022700       ??__F?s_id@?$TObjectUniqueID@UIConsoleHelperOutput@base@UModSys@@@tl@UModSys@@2USUniquePointer@core@3@A@@YAXXZ 0000000180023700 f    CIL library: CIL module
 0001:00022710       ??__F?s_id@?$TObjectUniqueID@UIConsoleHelperInput@base@UModSys@@@tl@UModSys@@2USUniquePointer@core@3@A@@YAXXZ 0000000180023710 f    CIL library: CIL module
 0001:00022720       ??__F?s_id@?$TObjectUniqueID@UIConsoleHelperHistory@base@UModSys@@@tl@UModSys@@2USUniquePointer@core@3@A@@YAXXZ 0000000180023720 f    CIL library: CIL module
 0001:00022730       ??__F?s_id@?$TObjectUniqueID@UIConsoleHelper@base@UModSys@@@tl@UModSys@@2USUniquePointer@core@3@A@@YAXXZ 0000000180023730 f    CIL library: CIL module
 0001:00022740       ??__F?s_id@?$TObjectUniqueID@UIConsoleExt@base@UModSys@@@tl@UModSys@@2USUniquePointer@core@3@A@@YAXXZ 0000000180023740 f    CIL library: CIL module
 0001:00022750       ??__F?s_id@?$TObjectUniqueID@UISerializeWriter@libmedia@UModSys@@@tl@UModSys@@2USUniquePointer@core@3@A@@YAXXZ 0000000180023750 f    CIL library: CIL module
 0001:00022760       ??__F?s_id@?$TObjectUniqueID@UISerializeReader@libmedia@UModSys@@@tl@UModSys@@2USUniquePointer@core@3@A@@YAXXZ 0000000180023760 f    CIL library: CIL module
 0001:00022770       ??__F?s_id@?$TObjectUniqueID@UIClient@IBinArchiveFrame@libmedia@UModSys@@@tl@UModSys@@2USUniquePointer@core@3@A@@YAXXZ 0000000180023770 f    CIL library: CIL module
 0001:00022780       ??__F?s_id@?$TObjectUniqueID@UIBinArchiveFrame@libmedia@UModSys@@@tl@UModSys@@2USUniquePointer@core@3@A@@YAXXZ 0000000180023780 f    CIL library: CIL module
 0001:00022790       ??__F?s_id@?$TObjectUniqueID@UILibraryLayered@libmedia@UModSys@@@tl@UModSys@@2USUniquePointer@core@3@A@@YAXXZ 0000000180023790 f    CIL library: CIL module
 0001:000227a0       ??__F?s_id@?$TObjectUniqueID@UILibraryObjCache@libmedia@UModSys@@@tl@UModSys@@2USUniquePointer@core@3@A@@YAXXZ 00000001800237a0 f    CIL library: CIL module
 0001:000227b0       ??__F?s_id@?$TObjectUniqueID@UILibraryObjFilter@libmedia@UModSys@@@tl@UModSys@@2USUniquePointer@core@3@A@@YAXXZ 00000001800237b0 f    CIL library: CIL module
 0001:000227c0       ??__F?s_id@?$TObjectUniqueID@UILibraryBinCache@libmedia@UModSys@@@tl@UModSys@@2USUniquePointer@core@3@A@@YAXXZ 00000001800237c0 f    CIL library: CIL module
 0001:000227d0       ??__F?s_id@?$TObjectUniqueID@UILibraryBinTree@libmedia@UModSys@@@tl@UModSys@@2USUniquePointer@core@3@A@@YAXXZ 00000001800237d0 f    CIL library: CIL module
 0001:000227e0       ??__F?s_id@?$TObjectUniqueID@UILibrary@libmedia@UModSys@@@tl@UModSys@@2USUniquePointer@core@3@A@@YAXXZ 00000001800237e0 f    CIL library: CIL module
 0001:000227f0       ??__F?s_id@?$TObjectUniqueID@UIBinObjFilter@libmedia@UModSys@@@tl@UModSys@@2USUniquePointer@core@3@A@@YAXXZ 00000001800237f0 f    CIL library: CIL module
 0001:00022800       ??__F?s_id@?$TObjectUniqueID@UIBinArchive@libmedia@UModSys@@@tl@UModSys@@2USUniquePointer@core@3@A@@YAXXZ 0000000180023800 f    CIL library: CIL module
 0001:00022810       ??__F?s_id@?$TObjectUniqueID@UILibObject@libmedia@UModSys@@@tl@UModSys@@2USUniquePointer@core@3@A@@YAXXZ 0000000180023810 f    CIL library: CIL module
 0001:00022820       ??__F?s_id@?$TObjectUniqueID@UIUtilities@libmedia@UModSys@@@tl@UModSys@@2USUniquePointer@core@3@A@@YAXXZ 0000000180023820 f    CIL library: CIL module
 0001:00022830       ??__F?s_id@?$TObjectUniqueID@UIStreamWriter@libmedia@UModSys@@@tl@UModSys@@2USUniquePointer@core@3@A@@YAXXZ 0000000180023830 f    CIL library: CIL module
 0001:00022840       ??__F?s_id@?$TObjectUniqueID@UIStreamReader@libmedia@UModSys@@@tl@UModSys@@2USUniquePointer@core@3@A@@YAXXZ 0000000180023840 f    CIL library: CIL module
 0001:00022850       ??__F?s_id@?$TObjectUniqueID@UISystem@base@UModSys@@@tl@UModSys@@2USUniquePointer@core@3@A@@YAXXZ 0000000180023850 f    CIL library: CIL module
 0001:00022860       ??__F?s_id@?$TObjectUniqueID@UIConsole@base@UModSys@@@tl@UModSys@@2USUniquePointer@core@3@A@@YAXXZ 0000000180023860 f    CIL library: CIL module
 0001:00022870       ??__F?s_id@?$TObjectUniqueID@UIShell@base@UModSys@@@tl@UModSys@@2USUniquePointer@core@3@A@@YAXXZ 0000000180023870 f    CIL library: CIL module
 0001:00022880       ??__F?s_id@?$TObjectUniqueID@UIGenerator@base@UModSys@@@tl@UModSys@@2USUniquePointer@core@3@A@@YAXXZ 0000000180023880 f    CIL library: CIL module
 0001:00022890       ??__F?s_id@?$TObjectUniqueID@UIModObject@base@UModSys@@@tl@UModSys@@2USUniquePointer@core@3@A@@YAXXZ 0000000180023890 f    CIL library: CIL module
 0001:000228a0       ??__F?s_id@?$TObjectUniqueID@UIModuleLibrary@base@UModSys@@@tl@UModSys@@2USUniquePointer@core@3@A@@YAXXZ 00000001800238a0 f    CIL library: CIL module
 0001:000228b0       ??__F?s_id@?$TObjectUniqueID@UIModule@base@UModSys@@@tl@UModSys@@2USUniquePointer@core@3@A@@YAXXZ 00000001800238b0 f    CIL library: CIL module
 0001:000228c0       ??__F?s_id@?$TObjectUniqueID@UIParameters@core@UModSys@@@tl@UModSys@@2USUniquePointer@core@3@A@@YAXXZ 00000001800238c0 f    CIL library: CIL module
 0001:000228d0       ??__F?s_id@?$TObjectUniqueID@UIRefObject@core@UModSys@@@tl@UModSys@@2USUniquePointer@core@3@A@@YAXXZ 00000001800238d0 f    CIL library: CIL module
 0001:000228e0       ??__F?s_id@?$TObjectUniqueID@UIRoot@core@UModSys@@@tl@UModSys@@2USUniquePointer@core@3@A@@YAXXZ 00000001800238e0 f    CIL library: CIL module
 0001:000228f0       ??__F?s_modreg@RModuleReg@stdlib@lib2d@modules@UModSys@@2U12345@A@@YAXXZ 00000001800238f0 f    CIL library: CIL module
 0001:00022910       ??__F?s_modreg_chain@RModuleReg@stdlib@lib2d@modules@UModSys@@2USModuleRegChain@base@5@A@@YAXXZ 0000000180023910 f    CIL library: CIL module
 0001:00022920       ??__F?s_uid@RGenerator@stdlib@lib2d@modules@UModSys@@2USUniquePointer@core@5@A@@YAXXZ 0000000180023920 f    CIL library: CIL module
 0001:00022930       ??__Fh@?1??s_holder@RGenerator@stdlib@lib2d@modules@UModSys@@SAAEAU?$TTypeStaticHolder@URGenerator@stdlib@lib2d@modules@UModSys@@@tl@5@XZ@YAXXZ 0000000180023930 f    CIL library: CIL module
 0001:00022960       ??__F?s_id@?$TObjectUniqueID@URGenerator@stdlib@lib2d@modules@UModSys@@@tl@UModSys@@2USUniquePointer@core@3@A@@YAXXZ 0000000180023960 f    CIL library: CIL module
 0001:00022970       ??__F?s_id@?$TObjectUniqueID@URMultiImage@stdlib@lib2d@modules@UModSys@@@tl@UModSys@@2USUniquePointer@core@3@A@@YAXXZ 0000000180023970 f    CIL library: CIL module
 0001:00022980       ??__F?s_id@?$TObjectUniqueID@URImageFactory_Memory@stdlib@lib2d@modules@UModSys@@@tl@UModSys@@2USUniquePointer@core@3@A@@YAXXZ 0000000180023980 f    CIL library: CIL module
 0001:00022990       ??__F?s_id@?$TObjectUniqueID@URImage_Memory@stdlib@lib2d@modules@UModSys@@@tl@UModSys@@2USUniquePointer@core@3@A@@YAXXZ 0000000180023990 f    CIL library: CIL module
 0001:000229a0       ??__F?s_modreg@RModuleReg@SDL_core@ui@modules@UModSys@@2U12345@A@@YAXXZ 00000001800239a0 f    CIL library: CIL module
 0001:000229c0       ??__F?s_modreg_chain@RModuleReg@SDL_core@ui@modules@UModSys@@2USModuleRegChain@base@5@A@@YAXXZ 00000001800239c0 f    CIL library: CIL module
 0001:000229d0       ??__F?s_uid@RGenerator@SDL_core@ui@modules@UModSys@@2USUniquePointer@core@5@A@@YAXXZ 00000001800239d0 f    CIL library: CIL module
 0001:000229e0       ??__Fh@?1??s_holder@RGenerator@SDL_core@ui@modules@UModSys@@SAAEAU?$TTypeStaticHolder@URGenerator@SDL_core@ui@modules@UModSys@@@tl@5@XZ@YAXXZ 00000001800239e0 f    CIL library: CIL module
 0001:00022a10       ??__F?s_id@?$TObjectUniqueID@URGenerator@SDL_core@ui@modules@UModSys@@@tl@UModSys@@2USUniquePointer@core@3@A@@YAXXZ 0000000180023a10 f    CIL library: CIL module
 0001:00022a20       ??__F?s_id@?$TObjectUniqueID@URTerminal@SDL_core@ui@modules@UModSys@@@tl@UModSys@@2USUniquePointer@core@3@A@@YAXXZ 0000000180023a20 f    CIL library: CIL module
 0001:00022a30       ??__F?s_id@?$TObjectUniqueID@URKeyboardController@SDL_core@ui@modules@UModSys@@@tl@UModSys@@2USUniquePointer@core@3@A@@YAXXZ 0000000180023a30 f    CIL library: CIL module
 0001:00022a40       ??__F?s_id@?$TObjectUniqueID@URMouseController@SDL_core@ui@modules@UModSys@@@tl@UModSys@@2USUniquePointer@core@3@A@@YAXXZ 0000000180023a40 f    CIL library: CIL module
 0001:00022a50       ??__F?s_id@?$TObjectUniqueID@URRenderDriver2D@SDL_core@ui@modules@UModSys@@@tl@UModSys@@2USUniquePointer@core@3@A@@YAXXZ 0000000180023a50 f    CIL library: CIL module
 0001:00022a60       ??__F?s_id@?$TObjectUniqueID@URMultiImage2D_SDL_ttf@SDL_core@ui@modules@UModSys@@@tl@UModSys@@2USUniquePointer@core@3@A@@YAXXZ 0000000180023a60 f    CIL library: CIL module
 0001:00022a70       ??__F?s_modreg@RModuleReg@frames@ui@modules@UModSys@@2U12345@A@@YAXXZ 0000000180023a70 f    CIL library: CIL module
 0001:00022a90       ??__F?s_modreg_chain@RModuleReg@frames@ui@modules@UModSys@@2USModuleRegChain@base@5@A@@YAXXZ 0000000180023a90 f    CIL library: CIL module
 0001:00022aa0       ??__F?s_uid@RGenerator@frames@ui@modules@UModSys@@2USUniquePointer@core@5@A@@YAXXZ 0000000180023aa0 f    CIL library: CIL module
 0001:00022ab0       ??__Fh@?1??s_holder@RGenerator@frames@ui@modules@UModSys@@SAAEAU?$TTypeStaticHolder@URGenerator@frames@ui@modules@UModSys@@@tl@5@XZ@YAXXZ 0000000180023ab0 f    CIL library: CIL module
 0001:00022ae0       ??__F?s_id@?$TObjectUniqueID@URGenerator@frames@ui@modules@UModSys@@@tl@UModSys@@2USUniquePointer@core@3@A@@YAXXZ 0000000180023ae0 f    CIL library: CIL module
 0001:00022af0       ??__F?s_id@?$TObjectUniqueID@URCollector@frames@ui@modules@UModSys@@@tl@UModSys@@2USUniquePointer@core@3@A@@YAXXZ 0000000180023af0 f    CIL library: CIL module
 0001:00022b00       ??__F?s_id@?$TObjectUniqueID@URFrame_List@frames@ui@modules@UModSys@@@tl@UModSys@@2USUniquePointer@core@3@A@@YAXXZ 0000000180023b00 f    CIL library: CIL module
 0001:00022b10       ??__F?s_id@?$TObjectUniqueID@URFrame_Edit@frames@ui@modules@UModSys@@@tl@UModSys@@2USUniquePointer@core@3@A@@YAXXZ 0000000180023b10 f    CIL library: CIL module
 0001:00022b20       ??__F?s_id@?$TObjectUniqueID@URFrame_Button@frames@ui@modules@UModSys@@@tl@UModSys@@2USUniquePointer@core@3@A@@YAXXZ 0000000180023b20 f    CIL library: CIL module
 0001:00022b30       ??__F?s_id@?$TObjectUniqueID@URFrame_Text@frames@ui@modules@UModSys@@@tl@UModSys@@2USUniquePointer@core@3@A@@YAXXZ 0000000180023b30 f    CIL library: CIL module
 0001:00022b40       ??__F?s_id@?$TObjectUniqueID@URFrame_Image@frames@ui@modules@UModSys@@@tl@UModSys@@2USUniquePointer@core@3@A@@YAXXZ 0000000180023b40 f    CIL library: CIL module
 0001:00022b50       ??__F?s_id@?$TObjectUniqueID@URFrame_Frame@frames@ui@modules@UModSys@@@tl@UModSys@@2USUniquePointer@core@3@A@@YAXXZ 0000000180023b50 f    CIL library: CIL module
 0001:00022b60       ??__F?s_id@?$TObjectUniqueID@URDialog@frames@ui@modules@UModSys@@@tl@UModSys@@2USUniquePointer@core@3@A@@YAXXZ 0000000180023b60 f    CIL library: CIL module
 0001:00022b70       ??__F?s_id@?$TObjectUniqueID@URFrame_Common@frames@ui@modules@UModSys@@@tl@UModSys@@2USUniquePointer@core@3@A@@YAXXZ 0000000180023b70 f    CIL library: CIL module
 0001:00022b80       ??__F?s_modreg@RModuleReg@images_std@media@modules@UModSys@@2U12345@A@@YAXXZ 0000000180023b80 f    CIL library: CIL module
 0001:00022ba0       ??__F?s_modreg_chain@RModuleReg@images_std@media@modules@UModSys@@2USModuleRegChain@base@5@A@@YAXXZ 0000000180023ba0 f    CIL library: CIL module
 0001:00022bb0       ??__F?s_uid@RGenerator@images_std@media@modules@UModSys@@2USUniquePointer@core@5@A@@YAXXZ 0000000180023bb0 f    CIL library: CIL module
 0001:00022bc0       ??__Fh@?1??s_holder@RGenerator@images_std@media@modules@UModSys@@SAAEAU?$TTypeStaticHolder@URGenerator@images_std@media@modules@UModSys@@@tl@5@XZ@YAXXZ 0000000180023bc0 f    CIL library: CIL module
 0001:00022bf0       ??__F?s_id@?$TObjectUniqueID@URGenerator@images_std@media@modules@UModSys@@@tl@UModSys@@2USUniquePointer@core@3@A@@YAXXZ 0000000180023bf0 f    CIL library: CIL module
 0001:00022c00       ??__F?s_id@?$TObjectUniqueID@URMediaFilter@images_std@media@modules@UModSys@@@tl@UModSys@@2USUniquePointer@core@3@A@@YAXXZ 0000000180023c00 f    CIL library: CIL module
 0001:00022c10       ??__F?s_modreg@RModuleReg@serialize_json@media@modules@UModSys@@2U12345@A@@YAXXZ 0000000180023c10 f    CIL library: CIL module
 0001:00022c30       ??__F?s_modreg_chain@RModuleReg@serialize_json@media@modules@UModSys@@2USModuleRegChain@base@5@A@@YAXXZ 0000000180023c30 f    CIL library: CIL module
 0001:00022c40       ??__F?s_uid@RGenerator@serialize_json@media@modules@UModSys@@2USUniquePointer@core@5@A@@YAXXZ 0000000180023c40 f    CIL library: CIL module
 0001:00022c50       ??__Fh@?1??s_holder@RGenerator@serialize_json@media@modules@UModSys@@SAAEAU?$TTypeStaticHolder@URGenerator@serialize_json@media@modules@UModSys@@@tl@5@XZ@YAXXZ 0000000180023c50 f    CIL library: CIL module
 0001:00022c80       ??__F?s_id@?$TObjectUniqueID@URGenerator@serialize_json@media@modules@UModSys@@@tl@UModSys@@2USUniquePointer@core@3@A@@YAXXZ 0000000180023c80 f    CIL library: CIL module
 0001:00022c90       ??__F?s_id@?$TObjectUniqueID@URSerializeWriter@serialize_json@media@modules@UModSys@@@tl@UModSys@@2USUniquePointer@core@3@A@@YAXXZ 0000000180023c90 f    CIL library: CIL module
 0001:00022ca0       ??__F?s_id@?$TObjectUniqueID@URSerializeReader@serialize_json@media@modules@UModSys@@@tl@UModSys@@2USUniquePointer@core@3@A@@YAXXZ 0000000180023ca0 f    CIL library: CIL module
 0001:00022cb0       ??__F?s_modreg@RModuleReg@zlib@media@modules@UModSys@@2U12345@A@@YAXXZ 0000000180023cb0 f    CIL library: CIL module
 0001:00022cd0       ??__F?s_modreg_chain@RModuleReg@zlib@media@modules@UModSys@@2USModuleRegChain@base@5@A@@YAXXZ 0000000180023cd0 f    CIL library: CIL module
 0001:00022ce0       ??__F?s_uid@RGenerator@zlib@media@modules@UModSys@@2USUniquePointer@core@5@A@@YAXXZ 0000000180023ce0 f    CIL library: CIL module
 0001:00022cf0       ??__Fh@?1??s_holder@RGenerator@zlib@media@modules@UModSys@@SAAEAU?$TTypeStaticHolder@URGenerator@zlib@media@modules@UModSys@@@tl@5@XZ@YAXXZ 0000000180023cf0 f    CIL library: CIL module
 0001:00022d20       ??__F?s_id@?$TObjectUniqueID@URGenerator@zlib@media@modules@UModSys@@@tl@UModSys@@2USUniquePointer@core@3@A@@YAXXZ 0000000180023d20 f    CIL library: CIL module
 0001:00022d30       ??__F?s_id@?$TObjectUniqueID@URBinArchiveFrameClient_ZIP@zlib@media@modules@UModSys@@@tl@UModSys@@2USUniquePointer@core@3@A@@YAXXZ 0000000180023d30 f    CIL library: CIL module
 0001:00022d40       ??__FM@UModSys@@YAXXZ      0000000180023d40 f    CIL library: CIL module
 0001:00022d50       ??__F?root@SModuleRegChain@base@UModSys@@2U123@A@@YAXXZ 0000000180023d50 f    CIL library: CIL module
 0001:00022d60       ??__F?s_library@RModuleLibraryReg_Chain@base@UModSys@@2U123@A@@YAXXZ 0000000180023d60 f    CIL library: CIL module
 0001:00022d70       ??__F?root@SUniquePointer@core@UModSys@@2U123@A@@YAXXZ 0000000180023d70 f    CIL library: CIL module

 Exports

  ordinal    name

        1    UModSys_Plugin_Entry2
