 plugin_test1

 Timestamp is 5280aaa9 (Mon Nov 11 13:00:09 2013)

 Preferred load address is 0000000180000000

 Start         Length     Name                   Class
 0001:00000000 00008426H .text                   CODE
 0001:00008430 0000005eH .text$00                CODE
 0001:00008490 0000081cH .text$x                 CODE
 0001:00008cb0 00000e92H .text$yc                CODE
 0001:00009b50 0000047cH .text$yd                CODE
 0002:00000000 000002d0H .idata$5                DATA
 0002:000002d0 00000008H .CRT$XCA                DATA
 0002:000002d8 00000738H .CRT$XCU                DATA
 0002:00000a10 00000008H .CRT$XCZ                DATA
 0002:00000a18 00000008H .CRT$XIA                DATA
 0002:00000a20 00000008H .CRT$XIAA               DATA
 0002:00000a28 00000008H .CRT$XIZ                DATA
 0002:00000a30 00001e58H .rdata                  DATA
 0002:00002888 000010a4H .rdata$r                DATA
 0002:00003930 00000008H .rtc$IAA                DATA
 0002:00003938 00000008H .rtc$IZZ                DATA
 0002:00003940 00000008H .rtc$TAA                DATA
 0002:00003948 00000008H .rtc$TZZ                DATA
 0002:00003950 00001208H .xdata                  DATA
 0002:00004b58 00000064H .idata$2                DATA
 0002:00004bbc 00000014H .idata$3                DATA
 0002:00004bd0 000002d0H .idata$4                DATA
 0002:00004ea0 0000069eH .idata$6                DATA
 0002:00005540 00000059H .edata                  DATA
 0003:00000000 00000880H .data                   DATA
 0003:00000880 00000c30H .bss                    DATA
 0004:00000000 00000e7cH .pdata                  DATA

  Address         Publics by Value              Rva+Base               Lib:Object

 0000:00000000       ___safe_se_handler_table   0000000000000000     <absolute>
 0000:00000000       ___safe_se_handler_count   0000000000000000     <absolute>
 0000:00000000       __ImageBase                0000000180000000     <linker-defined>
 0001:00000000       ??1SMemShared@core@UModSys@@QEAA@XZ 0000000180001000 f i plugin_test1.obj
 0001:00000020       ??3IRoot@core@UModSys@@SAXPEAXAEBUSIMemAlloc@12@@Z 0000000180001020 f i plugin_test1.obj
 0001:00000030       ??_EIRoot@core@UModSys@@UEAAPEAXI@Z 0000000180001030 f i  CIL library: CIL module
 0001:00000030       ??_GIRoot@core@UModSys@@UEAAPEAXI@Z 0000000180001030 f i plugin_test1.obj
 0001:00000060       ?root_get_interface_info@RTest1_Shell@test1@test@modules@UModSys@@UEBAAEBUSUniquePointerInfo@core@5@XZ 0000000180001060 f i plugin_test1.obj
 0001:00000070       ?root_get_interface_type@RTest1_Shell@test1@test@modules@UModSys@@UEBAPEBUSUniquePointerInfo@core@5@XZ 0000000180001070 f i plugin_test1.obj
 0001:00000080       ?root_get_other_interface@RTest1_Shell@test1@test@modules@UModSys@@UEAAPEAUIRoot@core@5@PEBUSUniquePointerInfo@75@@Z 0000000180001080 f i plugin_test1.obj
 0001:00000080       ?root_get_other_interface@RTest1_Shell@test1@test@modules@UModSys@@UEBAPEBUIRoot@core@5@PEBUSUniquePointerInfo@75@@Z 0000000180001080 f i plugin_test1.obj
 0001:000000b0       ?root_is_interface_supported@RTest1_Shell@test1@test@modules@UModSys@@UEBA_NPEBUSUniquePointerInfo@core@5@@Z 00000001800010b0 f i plugin_test1.obj
 0001:000000e0       ?ref_add@RTest1_Shell@test1@test@modules@UModSys@@UEBAXXZ 00000001800010e0 f i plugin_test1.obj
 0001:000000f0       ?ref_remove@RTest1_Shell@test1@test@modules@UModSys@@UEBAXXZ 00000001800010f0 f i plugin_test1.obj
 0001:00000110       ?ref_links@RTest1_Shell@test1@test@modules@UModSys@@UEBAHXZ 0000000180001110 f i plugin_test1.obj
 0001:00000120       ?ref_weak@RTest1_Shell@test1@test@modules@UModSys@@UEBA_NAEAUWeakPointer@IRefObject@core@5@@Z 0000000180001120 f i plugin_test1.obj
 0001:00000140       ?suicide@RTest1_Shell@test1@test@modules@UModSys@@UEAAXXZ 0000000180001140 f i plugin_test1.obj
 0001:00000190       ??0RTest1_Shell@test1@test@modules@UModSys@@QEAA@PEAUIModObject@base@4@@Z 0000000180001190 f i plugin_test1.obj
 0001:000002c0       ??1RTest1_Shell@test1@test@modules@UModSys@@UEAA@XZ 00000001800012c0 f i plugin_test1.obj
 0001:00000350       ?connect@RTest1_Shell@test1@test@modules@UModSys@@UEAA_NXZ 0000000180001350 f i plugin_test1.obj
 0001:00000380       ?disconnect@RTest1_Shell@test1@test@modules@UModSys@@UEAA_NXZ 0000000180001380 f i plugin_test1.obj
 0001:000003b0       ?process_tick@RTest1_Shell@test1@test@modules@UModSys@@UEAA_NAEBUSTimeMsec@core@5@@Z 00000001800013b0 f i plugin_test1.obj
 0001:000003f0       ?process_command@RTest1_Shell@test1@test@modules@UModSys@@UEAA_NHQEBU?$TString@U?$TSCoreConst@D@su@tl@UModSys@@U?$TComparerBinaryHash@D@234@@tl@5@@Z 00000001800013f0 f i plugin_test1.obj
 0001:00000420       ??_ERTest1_Shell@test1@test@modules@UModSys@@UEAAPEAXI@Z 0000000180001420 f i  CIL library: CIL module
 0001:00000420       ??_GRTest1_Shell@test1@test@modules@UModSys@@UEAAPEAXI@Z 0000000180001420 f i plugin_test1.obj
 0001:00000450       ??1SParameters@core@UModSys@@QEAA@XZ 0000000180001450 f i plugin_test1.obj
 0001:00000450       ??1?$TParametersA@$0EAA@@core@UModSys@@QEAA@XZ 0000000180001450 f i plugin_test1.obj
 0001:00000470       ?get_generated_names@RGenerator@test1@test@modules@UModSys@@UEBAHAEAUSUniquePtrList@core@5@@Z 0000000180001470 f i plugin_test1.obj
 0001:00000490       ?get_generated_types@RGenerator@test1@test@modules@UModSys@@UEBAHAEAUSUniquePtrList@core@5@PEBUSUniquePointerInfo@75@@Z 0000000180001490 f i plugin_test1.obj
 0001:000004f0       ?generate@RGenerator@test1@test@modules@UModSys@@UEAA_NAEAU?$TRefObject@UIRefObject@core@UModSys@@U?$TRefObjectFunc@UIRefObject@core@UModSys@@@tl@3@@tl@5@PEBUSUniquePointerInfo@core@5@AEBUSParameters@95@@Z 00000001800014f0 f i plugin_test1.obj
 0001:00000590       ?root_get_interface_info@RGenerator@test1@test@modules@UModSys@@UEBAAEBUSUniquePointerInfo@core@5@XZ 0000000180001590 f i plugin_test1.obj
 0001:000005a0       ?root_get_interface_type@RGenerator@test1@test@modules@UModSys@@UEBAPEBUSUniquePointerInfo@core@5@XZ 00000001800015a0 f i plugin_test1.obj
 0001:000005b0       ?root_get_other_interface@RGenerator@test1@test@modules@UModSys@@UEAAPEAUIRoot@core@5@PEBUSUniquePointerInfo@75@@Z 00000001800015b0 f i plugin_test1.obj
 0001:000005b0       ?root_get_other_interface@RGenerator@test1@test@modules@UModSys@@UEBAPEBUIRoot@core@5@PEBUSUniquePointerInfo@75@@Z 00000001800015b0 f i plugin_test1.obj
 0001:000005f0       ?root_is_interface_supported@RGenerator@test1@test@modules@UModSys@@UEBA_NPEBUSUniquePointerInfo@core@5@@Z 00000001800015f0 f i plugin_test1.obj
 0001:00000630       ?get_uid@RGenerator@test1@test@modules@UModSys@@UEBAPEBUSUniquePointerInfo@core@5@XZ 0000000180001630 f i plugin_test1.obj
 0001:00000640       ?do_open@RModuleReg@test1@test@modules@UModSys@@UEAA_NXZ 0000000180001640 f i plugin_test1.obj
 0001:00000670       ?do_close@RModuleReg@test1@test@modules@UModSys@@UEAA_NXZ 0000000180001670 f i plugin_test1.obj
 0001:000006a0       ??_GRModuleReg@test1@test@modules@UModSys@@UEAAPEAXI@Z 00000001800016a0 f i plugin_test1.obj
 0001:000006a0       ??_ERModuleReg@test1@test@modules@UModSys@@UEAAPEAXI@Z 00000001800016a0 f i  CIL library: CIL module
 0001:000006d0       ??_ERGenerator@images_std@media@modules@UModSys@@UEAAPEAXI@Z 00000001800016d0 f i  CIL library: CIL module
 0001:000006d0       ??_ERGenerator@SDL_core@ui@modules@UModSys@@UEAAPEAXI@Z 00000001800016d0 f i  CIL library: CIL module
 0001:000006d0       ??_GRGenerator@test1@test@modules@UModSys@@UEAAPEAXI@Z 00000001800016d0 f i plugin_test1.obj
 0001:000006d0       ??_ERGenerator@test1@test@modules@UModSys@@UEAAPEAXI@Z 00000001800016d0 f i  CIL library: CIL module
 0001:000006d0       ??_GRGenerator@SDL_core@ui@modules@UModSys@@UEAAPEAXI@Z 00000001800016d0 f i umodsys_lib_libui:umodsys.mod.ui.SDL_core.obj
 0001:000006d0       ??_GIRefObject@core@UModSys@@UEAAPEAXI@Z 00000001800016d0 f i plugin_test1.obj
 0001:000006d0       ??_EIRefObject@core@UModSys@@UEAAPEAXI@Z 00000001800016d0 f i  CIL library: CIL module
 0001:000006d0       ??_GRGenerator@images_std@media@modules@UModSys@@UEAAPEAXI@Z 00000001800016d0 f i umodsys_lib_libmedia:umodsys.mod.media.images_std.obj
 0001:00000700       ??$t_generate@UITerminal@libui@UModSys@@@SModuleContext@base@UModSys@@QEAA_NAEAU?$TRefObject@UITerminal@libui@UModSys@@U?$TRefObjectFunc@UITerminal@libui@UModSys@@@tl@3@@tl@2@PEBUSUniquePointerInfo@core@2@AEBUSParameters@62@@Z 0000000180001700 f i plugin_test1.obj
 0001:000007c0       ??$t_generate@UIMultiImage@lib2d@UModSys@@@SModuleContext@base@UModSys@@QEAA_NAEAU?$TRefObject@UIMultiImage@lib2d@UModSys@@U?$TRefObjectFunc@UIMultiImage@lib2d@UModSys@@@tl@3@@tl@2@PEBUSUniquePointerInfo@core@2@AEBUSParameters@62@@Z 00000001800017c0 f i plugin_test1.obj
 0001:00000880       ??$shash@D@su@tl@UModSys@@YAHPEBD_K@Z 0000000180001880 f i plugin_test1.obj
 0001:000008b0       ??1?$TRefObject@UIModObject@base@UModSys@@U?$TModObjectFunc@UIModObject@base@UModSys@@@tl@3@@tl@UModSys@@QEAA@XZ 00000001800018b0 f i plugin_test1.obj
 0001:000008e0       ?utf_8to32@su@tl@UModSys@@YA_NAEAHAEAPEBDAEA_K@Z 00000001800018e0 f i umodsys_lib_libui:umodsys.mod.ui.SDL_core.obj
 0001:00000a20       ?root_get_interface_info@RMultiImage2D_SDL_ttf@SDL_core@ui@modules@UModSys@@UEBAAEBUSUniquePointerInfo@core@5@XZ 0000000180001a20 f i umodsys_lib_libui:umodsys.mod.ui.SDL_core.obj
 0001:00000a30       ?root_get_interface_type@RMultiImage2D_SDL_ttf@SDL_core@ui@modules@UModSys@@UEBAPEBUSUniquePointerInfo@core@5@XZ 0000000180001a30 f i umodsys_lib_libui:umodsys.mod.ui.SDL_core.obj
 0001:00000a40       ?root_get_other_interface@RMultiImage2D_SDL_ttf@SDL_core@ui@modules@UModSys@@UEBAPEBUIRoot@core@5@PEBUSUniquePointerInfo@75@@Z 0000000180001a40 f i umodsys_lib_libui:umodsys.mod.ui.SDL_core.obj
 0001:00000a40       ?root_get_other_interface@RMultiImage2D_SDL_ttf@SDL_core@ui@modules@UModSys@@UEAAPEAUIRoot@core@5@PEBUSUniquePointerInfo@75@@Z 0000000180001a40 f i umodsys_lib_libui:umodsys.mod.ui.SDL_core.obj
 0001:00000a70       ?root_is_interface_supported@RMultiImage2D_SDL_ttf@SDL_core@ui@modules@UModSys@@UEBA_NPEBUSUniquePointerInfo@core@5@@Z 0000000180001a70 f i umodsys_lib_libui:umodsys.mod.ui.SDL_core.obj
 0001:00000aa0       ??0RMultiImage2D_SDL_ttf@SDL_core@ui@modules@UModSys@@QEAA@PEAURRenderDriver2D@1234@AEBUSParameters@core@4@@Z 0000000180001aa0 f i umodsys_lib_libui:umodsys.mod.ui.SDL_core.obj
 0001:00000b40       ?open@RMultiImage2D_SDL_ttf@SDL_core@ui@modules@UModSys@@QEAA_NAEBUSParameters@core@5@@Z 0000000180001b40 f i umodsys_lib_libui:umodsys.mod.ui.SDL_core.obj
 0001:00000c40       ?generate_glyphs@RMultiImage2D_SDL_ttf@SDL_core@ui@modules@UModSys@@QEAA_NXZ 0000000180001c40 f i umodsys_lib_libui:umodsys.mod.ui.SDL_core.obj
 0001:00000da0       ?set_parameters@RRenderDriver2D@SDL_core@ui@modules@UModSys@@UEAA_NPEBDAEBUSParameters@core@5@@Z 0000000180001da0 f i umodsys_lib_libui:umodsys.mod.ui.SDL_core.obj
 0001:00000da0       ?set_layer_count@RMultiImage2D_SDL_ttf@SDL_core@ui@modules@UModSys@@UEAA_NH@Z 0000000180001da0 f i umodsys_lib_libui:umodsys.mod.ui.SDL_core.obj
 0001:00000da0       ?get_max_cell_size@RMultiImage2D_SDL_ttf@SDL_core@ui@modules@UModSys@@UEAA_NAEAU?$TVector2@H@math3d@5@@Z 0000000180001da0 f i umodsys_lib_libui:umodsys.mod.ui.SDL_core.obj
 0001:00000da0       ?mouse_setposition@RMouseController@SDL_core@ui@modules@UModSys@@UEAA_NHH@Z 0000000180001da0 f i umodsys_lib_libui:umodsys.mod.ui.SDL_core.obj
 0001:00000da0       ?set_var_cell@RMultiImage2D_SDL_ttf@SDL_core@ui@modules@UModSys@@UEAA_NPEBUSImageCellInfo@lib2d@5@HH@Z 0000000180001da0 f i umodsys_lib_libui:umodsys.mod.ui.SDL_core.obj
 0001:00000da0       ?set_fixed_cell@RMultiImage2D_SDL_ttf@SDL_core@ui@modules@UModSys@@UEAA_NHH@Z 0000000180001da0 f i umodsys_lib_libui:umodsys.mod.ui.SDL_core.obj
 0001:00000da0       ?mouse_setvisible@RMouseController@SDL_core@ui@modules@UModSys@@UEAA_N_N@Z 0000000180001da0 f i umodsys_lib_libui:umodsys.mod.ui.SDL_core.obj
 0001:00000da0       ?key_setmodifier@RKeyboardController@SDL_core@ui@modules@UModSys@@UEAA_NHHH@Z 0000000180001da0 f i umodsys_lib_libui:umodsys.mod.ui.SDL_core.obj
 0001:00000da0       ?get_cell_size@RMultiImage2D_SDL_ttf@SDL_core@ui@modules@UModSys@@UEAA_NHAEAU?$TVector2@H@math3d@5@PEAU675@@Z 0000000180001da0 f i umodsys_lib_libui:umodsys.mod.ui.SDL_core.obj
 0001:00000da0       ?key_reset@RKeyboardController@SDL_core@ui@modules@UModSys@@UEAA_NXZ 0000000180001da0 f i umodsys_lib_libui:umodsys.mod.ui.SDL_core.obj
 0001:00000da0       ?set_hint@RMultiImage2D_SDL_ttf@SDL_core@ui@modules@UModSys@@UEAA_NPEBD0@Z 0000000180001da0 f i umodsys_lib_libui:umodsys.mod.ui.SDL_core.obj
 0001:00000da0       ?mouse_reset@RMouseController@SDL_core@ui@modules@UModSys@@UEAA_NXZ 0000000180001da0 f i umodsys_lib_libui:umodsys.mod.ui.SDL_core.obj
 0001:00000da0       ?key_setrepeat@RKeyboardController@SDL_core@ui@modules@UModSys@@UEAA_NMM@Z 0000000180001da0 f i umodsys_lib_libui:umodsys.mod.ui.SDL_core.obj
 0001:00000db0       ??_ERMultiImage2D_SDL_ttf@SDL_core@ui@modules@UModSys@@UEAAPEAXI@Z 0000000180001db0 f i  CIL library: CIL module
 0001:00000db0       ??_GRMultiImage2D_SDL_ttf@SDL_core@ui@modules@UModSys@@UEAAPEAXI@Z 0000000180001db0 f i umodsys_lib_libui:umodsys.mod.ui.SDL_core.obj
 0001:00000e30       ?root_get_interface_info@RRenderDriver2D@SDL_core@ui@modules@UModSys@@UEBAAEBUSUniquePointerInfo@core@5@XZ 0000000180001e30 f i umodsys_lib_libui:umodsys.mod.ui.SDL_core.obj
 0001:00000e40       ?root_get_interface_type@RRenderDriver2D@SDL_core@ui@modules@UModSys@@UEBAPEBUSUniquePointerInfo@core@5@XZ 0000000180001e40 f i umodsys_lib_libui:umodsys.mod.ui.SDL_core.obj
 0001:00000e50       ?root_get_other_interface@RRenderDriver2D@SDL_core@ui@modules@UModSys@@UEAAPEAUIRoot@core@5@PEBUSUniquePointerInfo@75@@Z 0000000180001e50 f i umodsys_lib_libui:umodsys.mod.ui.SDL_core.obj
 0001:00000e50       ?root_get_other_interface@RRenderDriver2D@SDL_core@ui@modules@UModSys@@UEBAPEBUIRoot@core@5@PEBUSUniquePointerInfo@75@@Z 0000000180001e50 f i umodsys_lib_libui:umodsys.mod.ui.SDL_core.obj
 0001:00000e80       ?root_is_interface_supported@RRenderDriver2D@SDL_core@ui@modules@UModSys@@UEBA_NPEBUSUniquePointerInfo@core@5@@Z 0000000180001e80 f i umodsys_lib_libui:umodsys.mod.ui.SDL_core.obj
 0001:00000eb0       ??0RRenderDriver2D@SDL_core@ui@modules@UModSys@@QEAA@PEAURTerminal@1234@AEBUSParameters@core@4@@Z 0000000180001eb0 f i umodsys_lib_libui:umodsys.mod.ui.SDL_core.obj
 0001:00000f70       ??1RRenderDriver2D@SDL_core@ui@modules@UModSys@@UEAA@XZ 0000000180001f70 f i umodsys_lib_libui:umodsys.mod.ui.SDL_core.obj
 0001:00000ff0       ?open@RRenderDriver2D@SDL_core@ui@modules@UModSys@@QEAA_NAEBUSParameters@core@5@@Z 0000000180001ff0 f i umodsys_lib_libui:umodsys.mod.ui.SDL_core.obj
 0001:00001190       ?set_color@RRenderDriver2D@SDL_core@ui@modules@UModSys@@QEAAXXZ 0000000180002190 f i umodsys_lib_libui:umodsys.mod.ui.SDL_core.obj
 0001:00001210       ?begin@RRenderDriver2D@SDL_core@ui@modules@UModSys@@UEAAXXZ 0000000180002210 f i umodsys_lib_libui:umodsys.mod.ui.SDL_core.obj
 0001:00001280       ?end@RRenderDriver2D@SDL_core@ui@modules@UModSys@@UEAAXXZ 0000000180002280 f i umodsys_lib_libui:umodsys.mod.ui.SDL_core.obj
 0001:000012a0       ?setup_font@RRenderDriver2D@SDL_core@ui@modules@UModSys@@UEAA_NPEAUIMultiImage@lib2d@5@PEBU?$TVector2@M@math3d@5@@Z 00000001800022a0 f i umodsys_lib_libui:umodsys.mod.ui.SDL_core.obj
 0001:00001310       ?setup_color@RRenderDriver2D@SDL_core@ui@modules@UModSys@@UEAAXAEBU?$TVector3@M@math3d@5@@Z 0000000180002310 f i umodsys_lib_libui:umodsys.mod.ui.SDL_core.obj
 0001:00001340       ?setup_color@RRenderDriver2D@SDL_core@ui@modules@UModSys@@UEAAXAEBU?$TVector3@H@math3d@5@@Z 0000000180002340 f i umodsys_lib_libui:umodsys.mod.ui.SDL_core.obj
 0001:00001390       ?setup_coloralpha@RRenderDriver2D@SDL_core@ui@modules@UModSys@@UEAAXAEBU?$TVector4@M@math3d@5@H@Z 0000000180002390 f i umodsys_lib_libui:umodsys.mod.ui.SDL_core.obj
 0001:000013c0       ?setup_coloralpha@RRenderDriver2D@SDL_core@ui@modules@UModSys@@UEAAXAEBU?$TVector4@H@math3d@5@H@Z 00000001800023c0 f i umodsys_lib_libui:umodsys.mod.ui.SDL_core.obj
 0001:00001430       ?setup_blendcolor@RRenderDriver2D@SDL_core@ui@modules@UModSys@@UEAAXAEBUSBlendColor@lib2d@5@@Z 0000000180002430 f i umodsys_lib_libui:umodsys.mod.ui.SDL_core.obj
 0001:000014a0       ?setup_blendcolor@RRenderDriver2D@SDL_core@ui@modules@UModSys@@UEAAXAEBUSBlendColorf@lib2d@5@@Z 00000001800024a0 f i umodsys_lib_libui:umodsys.mod.ui.SDL_core.obj
 0001:00001500       ?setup_alpha@RRenderDriver2D@SDL_core@ui@modules@UModSys@@UEAAXHH@Z 0000000180002500 f i umodsys_lib_libui:umodsys.mod.ui.SDL_core.obj
 0001:00001530       ?setup_alpha@RRenderDriver2D@SDL_core@ui@modules@UModSys@@UEAAXMH@Z 0000000180002530 f i umodsys_lib_libui:umodsys.mod.ui.SDL_core.obj
 0001:00001550       ?render_text_advanced@RRenderDriver2D@SDL_core@ui@modules@UModSys@@UEAA_NAEAUTextInfo@IRenderDriver@lib2d@5@PEBHH@Z 0000000180002550 f i umodsys_lib_libui:umodsys.mod.ui.SDL_core.obj
 0001:00001710       ?render_box@RRenderDriver2D@SDL_core@ui@modules@UModSys@@UEAAXAEBU?$TVector2@H@math3d@5@0@Z 0000000180002710 f i umodsys_lib_libui:umodsys.mod.ui.SDL_core.obj
 0001:00001760       ?render_tri@RRenderDriver2D@SDL_core@ui@modules@UModSys@@UEAAXAEBU?$TVector2@H@math3d@5@00@Z 0000000180002760 f i umodsys_lib_libui:umodsys.mod.ui.SDL_core.obj
 0001:000017e0       ?render_quad@RRenderDriver2D@SDL_core@ui@modules@UModSys@@UEAAXAEBU?$TVector2@H@math3d@5@000@Z 00000001800027e0 f i umodsys_lib_libui:umodsys.mod.ui.SDL_core.obj
 0001:00001890       ?render_line@RRenderDriver2D@SDL_core@ui@modules@UModSys@@UEAAXAEBU?$TVector2@H@math3d@5@0@Z 0000000180002890 f i umodsys_lib_libui:umodsys.mod.ui.SDL_core.obj
 0001:000018c0       ?render_rect@RRenderDriver2D@SDL_core@ui@modules@UModSys@@UEAAXAEBU?$TVector2@H@math3d@5@0@Z 00000001800028c0 f i umodsys_lib_libui:umodsys.mod.ui.SDL_core.obj
 0001:00001910       ??_ERRenderDriver2D@SDL_core@ui@modules@UModSys@@UEAAPEAXI@Z 0000000180002910 f i  CIL library: CIL module
 0001:00001910       ??_GRRenderDriver2D@SDL_core@ui@modules@UModSys@@UEAAPEAXI@Z 0000000180002910 f i umodsys_lib_libui:umodsys.mod.ui.SDL_core.obj
 0001:00001940       ?root_get_interface_info@RMouseController@SDL_core@ui@modules@UModSys@@UEBAAEBUSUniquePointerInfo@core@5@XZ 0000000180002940 f i umodsys_lib_libui:umodsys.mod.ui.SDL_core.obj
 0001:00001950       ?root_get_interface_type@RMouseController@SDL_core@ui@modules@UModSys@@UEBAPEBUSUniquePointerInfo@core@5@XZ 0000000180002950 f i umodsys_lib_libui:umodsys.mod.ui.SDL_core.obj
 0001:00001960       ?root_get_other_interface@RMouseController@SDL_core@ui@modules@UModSys@@UEBAPEBUIRoot@core@5@PEBUSUniquePointerInfo@75@@Z 0000000180002960 f i umodsys_lib_libui:umodsys.mod.ui.SDL_core.obj
 0001:00001960       ?root_get_other_interface@RMouseController@SDL_core@ui@modules@UModSys@@UEAAPEAUIRoot@core@5@PEBUSUniquePointerInfo@75@@Z 0000000180002960 f i umodsys_lib_libui:umodsys.mod.ui.SDL_core.obj
 0001:00001990       ?root_is_interface_supported@RMouseController@SDL_core@ui@modules@UModSys@@UEBA_NPEBUSUniquePointerInfo@core@5@@Z 0000000180002990 f i umodsys_lib_libui:umodsys.mod.ui.SDL_core.obj
 0001:000019c0       ?process@RMouseController@SDL_core@ui@modules@UModSys@@QEAA_NAEAUSDL_MouseMotionEvent@@@Z 00000001800029c0 f i umodsys_lib_libui:umodsys.mod.ui.SDL_core.obj
 0001:00001b40       ?process@RMouseController@SDL_core@ui@modules@UModSys@@QEAA_NAEAUSDL_MouseButtonEvent@@@Z 0000000180002b40 f i umodsys_lib_libui:umodsys.mod.ui.SDL_core.obj
 0001:00001c90       ?process@RMouseController@SDL_core@ui@modules@UModSys@@QEAA_NAEAUSDL_MouseWheelEvent@@@Z 0000000180002c90 f i umodsys_lib_libui:umodsys.mod.ui.SDL_core.obj
 0001:00001da0       ?mouse_link@RMouseController@SDL_core@ui@modules@UModSys@@UEAA_NHPEAUIRefObject@core@5@PEAUIMouseClient@libui@5@H@Z 0000000180002da0 f i umodsys_lib_libui:umodsys.mod.ui.SDL_core.obj
 0001:00001e40       ??_GRMouseController@SDL_core@ui@modules@UModSys@@UEAAPEAXI@Z 0000000180002e40 f i umodsys_lib_libui:umodsys.mod.ui.SDL_core.obj
 0001:00001e40       ??_ERMouseController@SDL_core@ui@modules@UModSys@@UEAAPEAXI@Z 0000000180002e40 f i  CIL library: CIL module
 0001:00001eb0       ?root_get_interface_info@RKeyboardController@SDL_core@ui@modules@UModSys@@UEBAAEBUSUniquePointerInfo@core@5@XZ 0000000180002eb0 f i umodsys_lib_libui:umodsys.mod.ui.SDL_core.obj
 0001:00001ec0       ?root_get_interface_type@RKeyboardController@SDL_core@ui@modules@UModSys@@UEBAPEBUSUniquePointerInfo@core@5@XZ 0000000180002ec0 f i umodsys_lib_libui:umodsys.mod.ui.SDL_core.obj
 0001:00001ed0       ?root_get_other_interface@RKeyboardController@SDL_core@ui@modules@UModSys@@UEBAPEBUIRoot@core@5@PEBUSUniquePointerInfo@75@@Z 0000000180002ed0 f i umodsys_lib_libui:umodsys.mod.ui.SDL_core.obj
 0001:00001ed0       ?root_get_other_interface@RKeyboardController@SDL_core@ui@modules@UModSys@@UEAAPEAUIRoot@core@5@PEBUSUniquePointerInfo@75@@Z 0000000180002ed0 f i umodsys_lib_libui:umodsys.mod.ui.SDL_core.obj
 0001:00001f00       ?root_is_interface_supported@RKeyboardController@SDL_core@ui@modules@UModSys@@UEBA_NPEBUSUniquePointerInfo@core@5@@Z 0000000180002f00 f i umodsys_lib_libui:umodsys.mod.ui.SDL_core.obj
 0001:00001f30       ?ref_links@RMouseController@SDL_core@ui@modules@UModSys@@UEBAHXZ 0000000180002f30 f i umodsys_lib_libui:umodsys.mod.ui.SDL_core.obj
 0001:00001f30       ?ref_links@RTerminal@SDL_core@ui@modules@UModSys@@UEBAHXZ 0000000180002f30 f i umodsys_lib_libui:umodsys.mod.ui.SDL_core.obj
 0001:00001f30       ?ref_links@RMultiImage2D_SDL_ttf@SDL_core@ui@modules@UModSys@@UEBAHXZ 0000000180002f30 f i umodsys_lib_libui:umodsys.mod.ui.SDL_core.obj
 0001:00001f30       ?ref_links@RGenerator@SDL_core@ui@modules@UModSys@@UEBAHXZ 0000000180002f30 f i umodsys_lib_libui:umodsys.mod.ui.SDL_core.obj
 0001:00001f30       ?ref_links@RRenderDriver2D@SDL_core@ui@modules@UModSys@@UEBAHXZ 0000000180002f30 f i umodsys_lib_libui:umodsys.mod.ui.SDL_core.obj
 0001:00001f30       ?ref_links@RGenerator@images_std@media@modules@UModSys@@UEBAHXZ 0000000180002f30 f i umodsys_lib_libmedia:umodsys.mod.media.images_std.obj
 0001:00001f30       ?ref_links@RGenerator@test1@test@modules@UModSys@@UEBAHXZ 0000000180002f30 f i plugin_test1.obj
 0001:00001f30       ?ref_links@RKeyboardController@SDL_core@ui@modules@UModSys@@UEBAHXZ 0000000180002f30 f i umodsys_lib_libui:umodsys.mod.ui.SDL_core.obj
 0001:00001f40       ?suicide@RMultiImage2D_SDL_ttf@SDL_core@ui@modules@UModSys@@UEAAXXZ 0000000180002f40 f i umodsys_lib_libui:umodsys.mod.ui.SDL_core.obj
 0001:00001f40       ?suicide@RKeyboardController@SDL_core@ui@modules@UModSys@@UEAAXXZ 0000000180002f40 f i umodsys_lib_libui:umodsys.mod.ui.SDL_core.obj
 0001:00001f40       ?suicide@RRenderDriver2D@SDL_core@ui@modules@UModSys@@UEAAXXZ 0000000180002f40 f i umodsys_lib_libui:umodsys.mod.ui.SDL_core.obj
 0001:00001f40       ?suicide@RMouseController@SDL_core@ui@modules@UModSys@@UEAAXXZ 0000000180002f40 f i umodsys_lib_libui:umodsys.mod.ui.SDL_core.obj
 0001:00001f90       ?process@RKeyboardController@SDL_core@ui@modules@UModSys@@QEAA_NAEAUSDL_KeyboardEvent@@@Z 0000000180002f90 f i umodsys_lib_libui:umodsys.mod.ui.SDL_core.obj
 0001:00002090       ?process@RKeyboardController@SDL_core@ui@modules@UModSys@@QEAA_NAEAUSDL_TextInputEvent@@@Z 0000000180003090 f i umodsys_lib_libui:umodsys.mod.ui.SDL_core.obj
 0001:00002250       ?map_keycode@RKeyboardController@SDL_core@ui@modules@UModSys@@QEAA?AW4eKeyCode@libui@5@H@Z 0000000180003250 f i umodsys_lib_libui:umodsys.mod.ui.SDL_core.obj
 0001:000027b0       ?map_keystatus@RKeyboardController@SDL_core@ui@modules@UModSys@@QEAAFG@Z 00000001800037b0 f i umodsys_lib_libui:umodsys.mod.ui.SDL_core.obj
 0001:00002850       ?mouse_unlink@RMouseController@SDL_core@ui@modules@UModSys@@UEAA_NH@Z 0000000180003850 f i umodsys_lib_libui:umodsys.mod.ui.SDL_core.obj
 0001:00002850       ?key_unlink@RKeyboardController@SDL_core@ui@modules@UModSys@@UEAA_NH@Z 0000000180003850 f i umodsys_lib_libui:umodsys.mod.ui.SDL_core.obj
 0001:00002870       ?key_link@RKeyboardController@SDL_core@ui@modules@UModSys@@UEAA_NHPEAUIRefObject@core@5@PEAUIKeyboardClient@libui@5@@Z 0000000180003870 f i umodsys_lib_libui:umodsys.mod.ui.SDL_core.obj
 0001:00002900       ??_GRKeyboardController@SDL_core@ui@modules@UModSys@@UEAAPEAXI@Z 0000000180003900 f i umodsys_lib_libui:umodsys.mod.ui.SDL_core.obj
 0001:00002900       ??_ERKeyboardController@SDL_core@ui@modules@UModSys@@UEAAPEAXI@Z 0000000180003900 f i  CIL library: CIL module
 0001:00002970       ??1ITerminal@libui@UModSys@@UEAA@XZ 0000000180003970 f i umodsys_lib_libui:umodsys.mod.ui.SDL_core.obj
 0001:00002970       ??1IBinObjFilter@libmedia@UModSys@@UEAA@XZ 0000000180003970 f i plugin_test1.obj
 0001:00002970       ??1IShell@base@UModSys@@UEAA@XZ 0000000180003970 f i plugin_test1.obj
 0001:00002970       ??1IRenderDriver@lib2d@UModSys@@UEAA@XZ 0000000180003970 f i umodsys_lib_libui:umodsys.mod.ui.SDL_core.obj
 0001:00002970       ??1IMouseController@libui@UModSys@@UEAA@XZ 0000000180003970 f i umodsys_lib_libui:umodsys.mod.ui.SDL_core.obj
 0001:00002970       ??1IMultiImage@lib2d@UModSys@@UEAA@XZ 0000000180003970 f i umodsys_lib_libui:umodsys.mod.ui.SDL_core.obj
 0001:00002970       ??1IKeyboardController@libui@UModSys@@UEAA@XZ 0000000180003970 f i umodsys_lib_libui:umodsys.mod.ui.SDL_core.obj
 0001:00002980       ?root_get_interface_info@RTerminal@SDL_core@ui@modules@UModSys@@UEBAAEBUSUniquePointerInfo@core@5@XZ 0000000180003980 f i umodsys_lib_libui:umodsys.mod.ui.SDL_core.obj
 0001:00002990       ?root_get_interface_type@RTerminal@SDL_core@ui@modules@UModSys@@UEBAPEBUSUniquePointerInfo@core@5@XZ 0000000180003990 f i umodsys_lib_libui:umodsys.mod.ui.SDL_core.obj
 0001:000029a0       ?root_get_interface_types@RKeyboardController@SDL_core@ui@modules@UModSys@@UEBA_KAEAUSUniquePtrList@core@5@@Z 00000001800039a0 f i umodsys_lib_libui:umodsys.mod.ui.SDL_core.obj
 0001:000029a0       ?root_get_interface_types@RGenerator@SDL_core@ui@modules@UModSys@@UEBA_KAEAUSUniquePtrList@core@5@@Z 00000001800039a0 f i umodsys_lib_libui:umodsys.mod.ui.SDL_core.obj
 0001:000029a0       ?root_get_interface_types@RRenderDriver2D@SDL_core@ui@modules@UModSys@@UEBA_KAEAUSUniquePtrList@core@5@@Z 00000001800039a0 f i umodsys_lib_libui:umodsys.mod.ui.SDL_core.obj
 0001:000029a0       ?root_get_interface_types@RGenerator@test1@test@modules@UModSys@@UEBA_KAEAUSUniquePtrList@core@5@@Z 00000001800039a0 f i plugin_test1.obj
 0001:000029a0       ?root_get_interface_types@RTerminal@SDL_core@ui@modules@UModSys@@UEBA_KAEAUSUniquePtrList@core@5@@Z 00000001800039a0 f i umodsys_lib_libui:umodsys.mod.ui.SDL_core.obj
 0001:000029a0       ?root_get_interface_types@RMediaFilter@images_std@media@modules@UModSys@@UEBA_KAEAUSUniquePtrList@core@5@@Z 00000001800039a0 f i umodsys_lib_libmedia:umodsys.mod.media.images_std.obj
 0001:000029a0       ?root_get_interface_types@RTest1_Shell@test1@test@modules@UModSys@@UEBA_KAEAUSUniquePtrList@core@5@@Z 00000001800039a0 f i plugin_test1.obj
 0001:000029a0       ?root_get_interface_types@RMultiImage2D_SDL_ttf@SDL_core@ui@modules@UModSys@@UEBA_KAEAUSUniquePtrList@core@5@@Z 00000001800039a0 f i umodsys_lib_libui:umodsys.mod.ui.SDL_core.obj
 0001:000029a0       ?root_get_interface_types@RMouseController@SDL_core@ui@modules@UModSys@@UEBA_KAEAUSUniquePtrList@core@5@@Z 00000001800039a0 f i umodsys_lib_libui:umodsys.mod.ui.SDL_core.obj
 0001:000029a0       ?root_get_interface_types@RGenerator@images_std@media@modules@UModSys@@UEBA_KAEAUSUniquePtrList@core@5@@Z 00000001800039a0 f i umodsys_lib_libmedia:umodsys.mod.media.images_std.obj
 0001:000029b0       ?root_get_other_interface@RTerminal@SDL_core@ui@modules@UModSys@@UEAAPEAUIRoot@core@5@PEBUSUniquePointerInfo@75@@Z 00000001800039b0 f i umodsys_lib_libui:umodsys.mod.ui.SDL_core.obj
 0001:000029b0       ?root_get_other_interface@RTerminal@SDL_core@ui@modules@UModSys@@UEBAPEBUIRoot@core@5@PEBUSUniquePointerInfo@75@@Z 00000001800039b0 f i umodsys_lib_libui:umodsys.mod.ui.SDL_core.obj
 0001:000029e0       ?root_is_interface_supported@RTerminal@SDL_core@ui@modules@UModSys@@UEBA_NPEBUSUniquePointerInfo@core@5@@Z 00000001800039e0 f i umodsys_lib_libui:umodsys.mod.ui.SDL_core.obj
 0001:00002a10       ?suicide@RTerminal@SDL_core@ui@modules@UModSys@@UEAAXXZ 0000000180003a10 f i umodsys_lib_libui:umodsys.mod.ui.SDL_core.obj
 0001:00002a60       ??0RTerminal@SDL_core@ui@modules@UModSys@@QEAA@PEAUIModObject@base@4@AEBUSParameters@core@4@@Z 0000000180003a60 f i umodsys_lib_libui:umodsys.mod.ui.SDL_core.obj
 0001:00002b10       ??1RTerminal@SDL_core@ui@modules@UModSys@@UEAA@XZ 0000000180003b10 f i umodsys_lib_libui:umodsys.mod.ui.SDL_core.obj
 0001:00002bd0       ?poll_events@RTerminal@SDL_core@ui@modules@UModSys@@UEAA_NH@Z 0000000180003bd0 f i umodsys_lib_libui:umodsys.mod.ui.SDL_core.obj
 0001:00002d40       ?get_terminal_state@RTerminal@SDL_core@ui@modules@UModSys@@UEAA_NW4eTerminalState@libui@5@@Z 0000000180003d40 f i umodsys_lib_libui:umodsys.mod.ui.SDL_core.obj
 0001:00002d50       ?set_terminal_state@RTerminal@SDL_core@ui@modules@UModSys@@UEAA_NW4eTerminalState@libui@5@_N@Z 0000000180003d50 f i umodsys_lib_libui:umodsys.mod.ui.SDL_core.obj
 0001:00002de0       ?get_clock@RTerminal@SDL_core@ui@modules@UModSys@@UEAANXZ 0000000180003de0 f i umodsys_lib_libui:umodsys.mod.ui.SDL_core.obj
 0001:00002e00       ?wait@RTerminal@SDL_core@ui@modules@UModSys@@UEAA_NM@Z 0000000180003e00 f i umodsys_lib_libui:umodsys.mod.ui.SDL_core.obj
 0001:00002e20       ?get_count@RTerminal@SDL_core@ui@modules@UModSys@@UEBA_KPEBUSUniquePointerInfo@core@5@@Z 0000000180003e20 f i umodsys_lib_libui:umodsys.mod.ui.SDL_core.obj
 0001:00002e60       ?get_handler@RTerminal@SDL_core@ui@modules@UModSys@@UEBAPEAUIRefObject@core@5@PEBUSUniquePointerInfo@75@_K@Z 0000000180003e60 f i umodsys_lib_libui:umodsys.mod.ui.SDL_core.obj
 0001:00002ea0       ?get_layer@RMultiImage2D_SDL_ttf@SDL_core@ui@modules@UModSys@@UEAAPEAUIImage@lib2d@5@H@Z 0000000180003ea0 f i umodsys_lib_libui:umodsys.mod.ui.SDL_core.obj
 0001:00002ea0       ?get_friend_handler@RTerminal@SDL_core@ui@modules@UModSys@@UEBAPEAUIRefObject@core@5@PEBUSUniquePointerInfo@75@PEAU675@@Z 0000000180003ea0 f i umodsys_lib_libui:umodsys.mod.ui.SDL_core.obj
 0001:00002ea0       ?get_handler@RTerminal@SDL_core@ui@modules@UModSys@@UEBAPEAUIRefObject@core@5@PEBUSUniquePointerInfo@75@PEBD@Z 0000000180003ea0 f i umodsys_lib_libui:umodsys.mod.ui.SDL_core.obj
 0001:00002ea0       ?get_controller@RRenderDriver2D@SDL_core@ui@modules@UModSys@@UEBAPEAUIRefObject@core@5@PEBUSUniquePointerInfo@75@@Z 0000000180003ea0 f i umodsys_lib_libui:umodsys.mod.ui.SDL_core.obj
 0001:00002ea0       ?get_frame_values@RRenderDriver2D@SDL_core@ui@modules@UModSys@@UEBAPEBUSParameters@core@5@XZ 0000000180003ea0 f i umodsys_lib_libui:umodsys.mod.ui.SDL_core.obj
 0001:00002ea0       ?get_max_values@RRenderDriver2D@SDL_core@ui@modules@UModSys@@UEBAPEBUSParameters@core@5@XZ 0000000180003ea0 f i umodsys_lib_libui:umodsys.mod.ui.SDL_core.obj
 0001:00002eb0       ?create_handler@RTerminal@SDL_core@ui@modules@UModSys@@UEAA_NPEBUSUniquePointerInfo@core@5@AEAU?$TRefObject@UIRefObject@core@UModSys@@U?$TRefObjectFunc@UIRefObject@core@UModSys@@@tl@3@@tl@5@PEBDPEBUSParameters@75@@Z 0000000180003eb0 f i umodsys_lib_libui:umodsys.mod.ui.SDL_core.obj
 0001:000031c0       ??_GRTerminal@SDL_core@ui@modules@UModSys@@UEAAPEAXI@Z 00000001800041c0 f i umodsys_lib_libui:umodsys.mod.ui.SDL_core.obj
 0001:000031c0       ??_ERTerminal@SDL_core@ui@modules@UModSys@@UEAAPEAXI@Z 00000001800041c0 f i  CIL library: CIL module
 0001:000031f0       ?get_generated_names@RGenerator@SDL_core@ui@modules@UModSys@@UEBAHAEAUSUniquePtrList@core@5@@Z 00000001800041f0 f i umodsys_lib_libui:umodsys.mod.ui.SDL_core.obj
 0001:00003210       ?get_generated_types@RGenerator@SDL_core@ui@modules@UModSys@@UEBAHAEAUSUniquePtrList@core@5@PEBUSUniquePointerInfo@75@@Z 0000000180004210 f i umodsys_lib_libui:umodsys.mod.ui.SDL_core.obj
 0001:00003270       ?generate@RGenerator@SDL_core@ui@modules@UModSys@@UEAA_NAEAU?$TRefObject@UIRefObject@core@UModSys@@U?$TRefObjectFunc@UIRefObject@core@UModSys@@@tl@3@@tl@5@PEBUSUniquePointerInfo@core@5@AEBUSParameters@95@@Z 0000000180004270 f i umodsys_lib_libui:umodsys.mod.ui.SDL_core.obj
 0001:000032f0       ?root_get_interface_info@RGenerator@SDL_core@ui@modules@UModSys@@UEBAAEBUSUniquePointerInfo@core@5@XZ 00000001800042f0 f i umodsys_lib_libui:umodsys.mod.ui.SDL_core.obj
 0001:00003300       ?root_get_interface_type@RGenerator@SDL_core@ui@modules@UModSys@@UEBAPEBUSUniquePointerInfo@core@5@XZ 0000000180004300 f i umodsys_lib_libui:umodsys.mod.ui.SDL_core.obj
 0001:00003310       ?root_get_other_interface@RGenerator@SDL_core@ui@modules@UModSys@@UEAAPEAUIRoot@core@5@PEBUSUniquePointerInfo@75@@Z 0000000180004310 f i umodsys_lib_libui:umodsys.mod.ui.SDL_core.obj
 0001:00003310       ?root_get_other_interface@RGenerator@SDL_core@ui@modules@UModSys@@UEBAPEBUIRoot@core@5@PEBUSUniquePointerInfo@75@@Z 0000000180004310 f i umodsys_lib_libui:umodsys.mod.ui.SDL_core.obj
 0001:00003350       ?root_is_interface_supported@RGenerator@SDL_core@ui@modules@UModSys@@UEBA_NPEBUSUniquePointerInfo@core@5@@Z 0000000180004350 f i umodsys_lib_libui:umodsys.mod.ui.SDL_core.obj
 0001:00003390       ?ref_add@RMouseController@SDL_core@ui@modules@UModSys@@UEBAXXZ 0000000180004390 f i umodsys_lib_libui:umodsys.mod.ui.SDL_core.obj
 0001:00003390       ?ref_add@RTerminal@SDL_core@ui@modules@UModSys@@UEBAXXZ 0000000180004390 f i umodsys_lib_libui:umodsys.mod.ui.SDL_core.obj
 0001:00003390       ?ref_add@RRenderDriver2D@SDL_core@ui@modules@UModSys@@UEBAXXZ 0000000180004390 f i umodsys_lib_libui:umodsys.mod.ui.SDL_core.obj
 0001:00003390       ?ref_add@RMultiImage2D_SDL_ttf@SDL_core@ui@modules@UModSys@@UEBAXXZ 0000000180004390 f i umodsys_lib_libui:umodsys.mod.ui.SDL_core.obj
 0001:00003390       ?ref_add@RGenerator@SDL_core@ui@modules@UModSys@@UEBAXXZ 0000000180004390 f i umodsys_lib_libui:umodsys.mod.ui.SDL_core.obj
 0001:00003390       ?ref_add@RGenerator@test1@test@modules@UModSys@@UEBAXXZ 0000000180004390 f i plugin_test1.obj
 0001:00003390       ?ref_add@RKeyboardController@SDL_core@ui@modules@UModSys@@UEBAXXZ 0000000180004390 f i umodsys_lib_libui:umodsys.mod.ui.SDL_core.obj
 0001:00003390       ?ref_add@RGenerator@images_std@media@modules@UModSys@@UEBAXXZ 0000000180004390 f i umodsys_lib_libmedia:umodsys.mod.media.images_std.obj
 0001:000033a0       ?ref_remove@RMultiImage2D_SDL_ttf@SDL_core@ui@modules@UModSys@@UEBAXXZ 00000001800043a0 f i umodsys_lib_libui:umodsys.mod.ui.SDL_core.obj
 0001:000033a0       ?ref_remove@RGenerator@SDL_core@ui@modules@UModSys@@UEBAXXZ 00000001800043a0 f i umodsys_lib_libui:umodsys.mod.ui.SDL_core.obj
 0001:000033a0       ?ref_remove@RGenerator@test1@test@modules@UModSys@@UEBAXXZ 00000001800043a0 f i plugin_test1.obj
 0001:000033a0       ?ref_remove@RMouseController@SDL_core@ui@modules@UModSys@@UEBAXXZ 00000001800043a0 f i umodsys_lib_libui:umodsys.mod.ui.SDL_core.obj
 0001:000033a0       ?ref_remove@RTerminal@SDL_core@ui@modules@UModSys@@UEBAXXZ 00000001800043a0 f i umodsys_lib_libui:umodsys.mod.ui.SDL_core.obj
 0001:000033a0       ?ref_remove@RRenderDriver2D@SDL_core@ui@modules@UModSys@@UEBAXXZ 00000001800043a0 f i umodsys_lib_libui:umodsys.mod.ui.SDL_core.obj
 0001:000033a0       ?ref_remove@RGenerator@images_std@media@modules@UModSys@@UEBAXXZ 00000001800043a0 f i umodsys_lib_libmedia:umodsys.mod.media.images_std.obj
 0001:000033a0       ?ref_remove@RKeyboardController@SDL_core@ui@modules@UModSys@@UEBAXXZ 00000001800043a0 f i umodsys_lib_libui:umodsys.mod.ui.SDL_core.obj
 0001:000033c0       ?ref_weak@RTerminal@SDL_core@ui@modules@UModSys@@UEBA_NAEAUWeakPointer@IRefObject@core@5@@Z 00000001800043c0 f i umodsys_lib_libui:umodsys.mod.ui.SDL_core.obj
 0001:000033c0       ?ref_weak@RKeyboardController@SDL_core@ui@modules@UModSys@@UEBA_NAEAUWeakPointer@IRefObject@core@5@@Z 00000001800043c0 f i umodsys_lib_libui:umodsys.mod.ui.SDL_core.obj
 0001:000033c0       ?ref_weak@RGenerator@test1@test@modules@UModSys@@UEBA_NAEAUWeakPointer@IRefObject@core@5@@Z 00000001800043c0 f i plugin_test1.obj
 0001:000033c0       ?ref_weak@RMouseController@SDL_core@ui@modules@UModSys@@UEBA_NAEAUWeakPointer@IRefObject@core@5@@Z 00000001800043c0 f i umodsys_lib_libui:umodsys.mod.ui.SDL_core.obj
 0001:000033c0       ?ref_weak@RGenerator@SDL_core@ui@modules@UModSys@@UEBA_NAEAUWeakPointer@IRefObject@core@5@@Z 00000001800043c0 f i umodsys_lib_libui:umodsys.mod.ui.SDL_core.obj
 0001:000033c0       ?ref_weak@RMultiImage2D_SDL_ttf@SDL_core@ui@modules@UModSys@@UEBA_NAEAUWeakPointer@IRefObject@core@5@@Z 00000001800043c0 f i umodsys_lib_libui:umodsys.mod.ui.SDL_core.obj
 0001:000033c0       ?ref_weak@RGenerator@images_std@media@modules@UModSys@@UEBA_NAEAUWeakPointer@IRefObject@core@5@@Z 00000001800043c0 f i umodsys_lib_libmedia:umodsys.mod.media.images_std.obj
 0001:000033c0       ?ref_weak@RRenderDriver2D@SDL_core@ui@modules@UModSys@@UEBA_NAEAUWeakPointer@IRefObject@core@5@@Z 00000001800043c0 f i umodsys_lib_libui:umodsys.mod.ui.SDL_core.obj
 0001:000033e0       ?suicide@RGenerator@images_std@media@modules@UModSys@@UEAAXXZ 00000001800043e0 f i umodsys_lib_libmedia:umodsys.mod.media.images_std.obj
 0001:000033e0       ?suicide@RGenerator@SDL_core@ui@modules@UModSys@@UEAAXXZ 00000001800043e0 f i umodsys_lib_libui:umodsys.mod.ui.SDL_core.obj
 0001:000033e0       ?suicide@RGenerator@test1@test@modules@UModSys@@UEAAXXZ 00000001800043e0 f i plugin_test1.obj
 0001:000033e0       ?render_box@RRenderDriver2D@SDL_core@ui@modules@UModSys@@UEAAXPEAUIImage@lib2d@5@AEBU?$TVector2@H@math3d@5@1AEBU?$TVector2@M@95@2@Z 00000001800043e0 f i umodsys_lib_libui:umodsys.mod.ui.SDL_core.obj
 0001:000033e0       ??3@YAXPEAX0@Z             00000001800043e0 f i plugin_test1.obj
 0001:000033f0       ?get_uid@RGenerator@SDL_core@ui@modules@UModSys@@UEBAPEBUSUniquePointerInfo@core@5@XZ 00000001800043f0 f i umodsys_lib_libui:umodsys.mod.ui.SDL_core.obj
 0001:00003400       ?do_open@RModuleReg@SDL_core@ui@modules@UModSys@@UEAA_NXZ 0000000180004400 f i umodsys_lib_libui:umodsys.mod.ui.SDL_core.obj
 0001:00003410       ?do_close@RModuleReg@SDL_core@ui@modules@UModSys@@UEAA_NXZ 0000000180004410 f i umodsys_lib_libui:umodsys.mod.ui.SDL_core.obj
 0001:00003420       ??_GRModuleReg@SDL_core@ui@modules@UModSys@@UEAAPEAXI@Z 0000000180004420 f i umodsys_lib_libui:umodsys.mod.ui.SDL_core.obj
 0001:00003420       ??_ERModuleReg@SDL_core@ui@modules@UModSys@@UEAAPEAXI@Z 0000000180004420 f i  CIL library: CIL module
 0001:00003450       ??1?$TScatterArray@UGlyph@RMultiImage2D_SDL_ttf@SDL_core@ui@modules@UModSys@@HU?$TScalarCompare@H@core@6@U?$TNodeDeleter0@U?$TScatterArrayNode@UGlyph@RMultiImage2D_SDL_ttf@SDL_core@ui@modules@UModSys@@H@tl@UModSys@@@tl@6@@tl@UModSys@@QEAA@XZ 0000000180004450 f i umodsys_lib_libui:umodsys.mod.ui.SDL_core.obj
 0001:00003480       ?Remove@?$TScatterArray@U?$TRefObjectCompositeExtra@UIMouseClient@libui@UModSys@@HUIRefObject@core@3@U?$TRefObjectFunc@UIRefObject@core@UModSys@@@tl@3@@tl@UModSys@@HU?$TScalarCompare@H@core@3@U?$TNodeDeleter0@U?$TScatterArrayNode@U?$TRefObjectCompositeExtra@UIMouseClient@libui@UModSys@@HUIRefObject@core@3@U?$TRefObjectFunc@UIRefObject@core@UModSys@@@tl@3@@tl@UModSys@@H@tl@UModSys@@@23@@tl@UModSys@@QEAA_NAEBH@Z 0000000180004480 f i umodsys_lib_libui:umodsys.mod.ui.SDL_core.obj
 0001:00003480       ?Remove@?$TScatterArray@U?$TRefObjectComposite@UIKeyboardClient@libui@UModSys@@UIRefObject@core@3@U?$TRefObjectFunc@UIRefObject@core@UModSys@@@tl@3@@tl@UModSys@@HU?$TScalarCompare@H@core@3@U?$TNodeDeleter0@U?$TScatterArrayNode@U?$TRefObjectComposite@UIKeyboardClient@libui@UModSys@@UIRefObject@core@3@U?$TRefObjectFunc@UIRefObject@core@UModSys@@@tl@3@@tl@UModSys@@H@tl@UModSys@@@23@@tl@UModSys@@QEAA_NAEBH@Z 0000000180004480 f i umodsys_lib_libui:umodsys.mod.ui.SDL_core.obj
 0001:00003540       ??1?$TRefObject@UIMouseController@libui@UModSys@@U?$TRefObjectFunc@UIMouseController@libui@UModSys@@@tl@3@@tl@UModSys@@QEAA@XZ 0000000180004540 f i plugin_test1.obj
 0001:00003540       ??1?$TRefObject@URRenderDriver2D@SDL_core@ui@modules@UModSys@@U?$TRefObjectFunc@URRenderDriver2D@SDL_core@ui@modules@UModSys@@@tl@5@@tl@UModSys@@QEAA@XZ 0000000180004540 f i umodsys_lib_libui:umodsys.mod.ui.SDL_core.obj
 0001:00003540       ??1?$TRefObject@URMouseController@SDL_core@ui@modules@UModSys@@U?$TRefObjectFunc@URMouseController@SDL_core@ui@modules@UModSys@@@tl@5@@tl@UModSys@@QEAA@XZ 0000000180004540 f i umodsys_lib_libui:umodsys.mod.ui.SDL_core.obj
 0001:00003540       ??1?$TRefObject@UIRenderDriver@lib2d@UModSys@@U?$TRefObjectFunc@UIRenderDriver@lib2d@UModSys@@@tl@3@@tl@UModSys@@QEAA@XZ 0000000180004540 f i plugin_test1.obj
 0001:00003540       ??1?$TRefObject@URMultiImage2D_SDL_ttf@SDL_core@ui@modules@UModSys@@U?$TRefObjectFunc@URMultiImage2D_SDL_ttf@SDL_core@ui@modules@UModSys@@@tl@5@@tl@UModSys@@QEAA@XZ 0000000180004540 f i umodsys_lib_libui:umodsys.mod.ui.SDL_core.obj
 0001:00003540       ??1?$TRefObject@URMediaFilter@images_std@media@modules@UModSys@@U?$TRefObjectFunc@URMediaFilter@images_std@media@modules@UModSys@@@tl@5@@tl@UModSys@@QEAA@XZ 0000000180004540 f i umodsys_lib_libmedia:umodsys.mod.media.images_std.obj
 0001:00003540       ??1?$TRefObject@UIRefObject@core@UModSys@@U?$TRefObjectFunc@UIRefObject@core@UModSys@@@tl@3@@tl@UModSys@@QEAA@XZ 0000000180004540 f i plugin_test1.obj
 0001:00003540       ??1?$TRefObject@URKeyboardController@SDL_core@ui@modules@UModSys@@U?$TRefObjectFunc@URKeyboardController@SDL_core@ui@modules@UModSys@@@tl@5@@tl@UModSys@@QEAA@XZ 0000000180004540 f i umodsys_lib_libui:umodsys.mod.ui.SDL_core.obj
 0001:00003540       ??1?$TRefObject@UITerminal@libui@UModSys@@U?$TRefObjectFunc@UITerminal@libui@UModSys@@@tl@3@@tl@UModSys@@QEAA@XZ 0000000180004540 f i plugin_test1.obj
 0001:00003540       ??1?$TRefObject@UIKeyboardController@libui@UModSys@@U?$TRefObjectFunc@UIKeyboardController@libui@UModSys@@@tl@3@@tl@UModSys@@QEAA@XZ 0000000180004540 f i plugin_test1.obj
 0001:00003540       ??1?$TRefObject@URTerminal@SDL_core@ui@modules@UModSys@@U?$TRefObjectFunc@URTerminal@SDL_core@ui@modules@UModSys@@@tl@5@@tl@UModSys@@QEAA@XZ 0000000180004540 f i umodsys_lib_libui:umodsys.mod.ui.SDL_core.obj
 0001:00003540       ??1?$TRefObject@UIMultiImage@lib2d@UModSys@@U?$TRefObjectFunc@UIMultiImage@lib2d@UModSys@@@tl@3@@tl@UModSys@@QEAA@XZ 0000000180004540 f i plugin_test1.obj
 0001:00003570       ?remove_node@?$TTreeHoldRB@U?$TScatterArrayNode@U?$TRefObjectCompositeExtra@UIMouseClient@libui@UModSys@@HUIRefObject@core@3@U?$TRefObjectFunc@UIRefObject@core@UModSys@@@tl@3@@tl@UModSys@@H@tl@UModSys@@@tl@UModSys@@QEAAXPEAU?$TScatterArrayNode@U?$TRefObjectCompositeExtra@UIMouseClient@libui@UModSys@@HUIRefObject@core@3@U?$TRefObjectFunc@UIRefObject@core@UModSys@@@tl@3@@tl@UModSys@@H@23@@Z 0000000180004570 f i umodsys_lib_libui:umodsys.mod.ui.SDL_core.obj
 0001:00003570       ?remove_node@?$TTreeHoldRB@U?$TScatterArrayNode@U?$TRefObjectComposite@UIKeyboardClient@libui@UModSys@@UIRefObject@core@3@U?$TRefObjectFunc@UIRefObject@core@UModSys@@@tl@3@@tl@UModSys@@H@tl@UModSys@@@tl@UModSys@@QEAAXPEAU?$TScatterArrayNode@U?$TRefObjectComposite@UIKeyboardClient@libui@UModSys@@UIRefObject@core@3@U?$TRefObjectFunc@UIRefObject@core@UModSys@@@tl@3@@tl@UModSys@@H@23@@Z 0000000180004570 f i umodsys_lib_libui:umodsys.mod.ui.SDL_core.obj
 0001:00003690       ??1?$TPair@HU?$TRefObjectComposite@UIKeyboardClient@libui@UModSys@@UIRefObject@core@3@U?$TRefObjectFunc@UIRefObject@core@UModSys@@@tl@3@@tl@UModSys@@@tl@UModSys@@QEAA@XZ 0000000180004690 f i umodsys_lib_libui:umodsys.mod.ui.SDL_core.obj
 0001:00003690       ??1?$TPair@HU?$TRefObjectCompositeExtra@UIMouseClient@libui@UModSys@@HUIRefObject@core@3@U?$TRefObjectFunc@UIRefObject@core@UModSys@@@tl@3@@tl@UModSys@@@tl@UModSys@@QEAA@XZ 0000000180004690 f i umodsys_lib_libui:umodsys.mod.ui.SDL_core.obj
 0001:000036e0       ??1?$TRefObjectCompositeExtra@UIMouseClient@libui@UModSys@@HUIRefObject@core@3@U?$TRefObjectFunc@UIRefObject@core@UModSys@@@tl@3@@tl@UModSys@@QEAA@XZ 00000001800046e0 f i umodsys_lib_libui:umodsys.mod.ui.SDL_core.obj
 0001:000036e0       ??1?$TRefObjectComposite@UIKeyboardClient@libui@UModSys@@UIRefObject@core@3@U?$TRefObjectFunc@UIRefObject@core@UModSys@@@tl@3@@tl@UModSys@@QEAA@XZ 00000001800046e0 f i umodsys_lib_libui:umodsys.mod.ui.SDL_core.obj
 0001:00003730       ??$t_ref_get_other_interface@URMultiImage2D_SDL_ttf@SDL_core@ui@modules@UModSys@@U?$TRefObjectWeakFunc@URMultiImage2D_SDL_ttf@SDL_core@ui@modules@UModSys@@@tl@5@@IRefObject@core@UModSys@@QEAA_NAEAU?$TRefObject@URMultiImage2D_SDL_ttf@SDL_core@ui@modules@UModSys@@U?$TRefObjectWeakFunc@URMultiImage2D_SDL_ttf@SDL_core@ui@modules@UModSys@@@tl@5@@tl@2@@Z 0000000180004730 f i umodsys_lib_libui:umodsys.mod.ui.SDL_core.obj
 0001:000037b0       ?remove_color@?$TTreeHoldRB@U?$TScatterArrayNode@U?$TRefObjectComposite@UIKeyboardClient@libui@UModSys@@UIRefObject@core@3@U?$TRefObjectFunc@UIRefObject@core@UModSys@@@tl@3@@tl@UModSys@@H@tl@UModSys@@@tl@UModSys@@IEAAXPEAU?$TScatterArrayNode@U?$TRefObjectComposite@UIKeyboardClient@libui@UModSys@@UIRefObject@core@3@U?$TRefObjectFunc@UIRefObject@core@UModSys@@@tl@3@@tl@UModSys@@H@23@0@Z 00000001800047b0 f i umodsys_lib_libui:umodsys.mod.ui.SDL_core.obj
 0001:000037b0       ?remove_color@?$TTreeHoldRB@U?$TScatterArrayNode@U?$TRefObjectCompositeExtra@UIMouseClient@libui@UModSys@@HUIRefObject@core@3@U?$TRefObjectFunc@UIRefObject@core@UModSys@@@tl@3@@tl@UModSys@@H@tl@UModSys@@@tl@UModSys@@IEAAXPEAU?$TScatterArrayNode@U?$TRefObjectCompositeExtra@UIMouseClient@libui@UModSys@@HUIRefObject@core@3@U?$TRefObjectFunc@UIRefObject@core@UModSys@@@tl@3@@tl@UModSys@@H@23@0@Z 00000001800047b0 f i umodsys_lib_libui:umodsys.mod.ui.SDL_core.obj
 0001:00003a70       ??$t_close@U?$TRefObject@URRenderDriver2D@SDL_core@ui@modules@UModSys@@U?$TRefObjectWeakFunc@URRenderDriver2D@SDL_core@ui@modules@UModSys@@@tl@5@@tl@UModSys@@@SDL_core@ui@modules@UModSys@@YA_NAEAU?$TScatterArray@U?$TRefObject@URRenderDriver2D@SDL_core@ui@modules@UModSys@@U?$TRefObjectWeakFunc@URRenderDriver2D@SDL_core@ui@modules@UModSys@@@tl@5@@tl@UModSys@@HU?$TScalarCompare@H@core@3@U?$TNodeDeleter0@U?$TScatterArrayNode@U?$TRefObject@URRenderDriver2D@SDL_core@ui@modules@UModSys@@U?$TRefObjectWeakFunc@URRenderDriver2D@SDL_core@ui@modules@UModSys@@@tl@5@@tl@UModSys@@H@tl@UModSys@@@23@@tl@3@@Z 0000000180004a70 f i umodsys_lib_libui:umodsys.mod.ui.SDL_core.obj
 0001:00003b60       ??$t_count@U?$TRefObject@URRenderDriver2D@SDL_core@ui@modules@UModSys@@U?$TRefObjectWeakFunc@URRenderDriver2D@SDL_core@ui@modules@UModSys@@@tl@5@@tl@UModSys@@@SDL_core@ui@modules@UModSys@@YA_KAEBU?$TScatterArray@U?$TRefObject@URRenderDriver2D@SDL_core@ui@modules@UModSys@@U?$TRefObjectWeakFunc@URRenderDriver2D@SDL_core@ui@modules@UModSys@@@tl@5@@tl@UModSys@@HU?$TScalarCompare@H@core@3@U?$TNodeDeleter0@U?$TScatterArrayNode@U?$TRefObject@URRenderDriver2D@SDL_core@ui@modules@UModSys@@U?$TRefObjectWeakFunc@URRenderDriver2D@SDL_core@ui@modules@UModSys@@@tl@5@@tl@UModSys@@H@tl@UModSys@@@23@@tl@3@@Z 0000000180004b60 f i umodsys_lib_libui:umodsys.mod.ui.SDL_core.obj
 0001:00003be0       ??$t_get@U?$TRefObject@URRenderDriver2D@SDL_core@ui@modules@UModSys@@U?$TRefObjectWeakFunc@URRenderDriver2D@SDL_core@ui@modules@UModSys@@@tl@5@@tl@UModSys@@@SDL_core@ui@modules@UModSys@@YAPEAUIRefObject@core@3@AEBU?$TScatterArray@U?$TRefObject@URRenderDriver2D@SDL_core@ui@modules@UModSys@@U?$TRefObjectWeakFunc@URRenderDriver2D@SDL_core@ui@modules@UModSys@@@tl@5@@tl@UModSys@@HU?$TScalarCompare@H@core@3@U?$TNodeDeleter0@U?$TScatterArrayNode@U?$TRefObject@URRenderDriver2D@SDL_core@ui@modules@UModSys@@U?$TRefObjectWeakFunc@URRenderDriver2D@SDL_core@ui@modules@UModSys@@@tl@5@@tl@UModSys@@H@tl@UModSys@@@23@@tl@3@_K@Z 0000000180004be0 f i umodsys_lib_libui:umodsys.mod.ui.SDL_core.obj
 0001:00003c80       ??$ValidateConstruction@UIRefObject@core@UModSys@@URRenderDriver2D@SDL_core@ui@modules@3@@core@UModSys@@YA_NAEAU?$TRefObject@UIRefObject@core@UModSys@@U?$TRefObjectFunc@UIRefObject@core@UModSys@@@tl@3@@tl@1@U?$TRefObject@URRenderDriver2D@SDL_core@ui@modules@UModSys@@U?$TRefObjectFunc@URRenderDriver2D@SDL_core@ui@modules@UModSys@@@tl@5@@31@@Z 0000000180004c80 f i umodsys_lib_libui:umodsys.mod.ui.SDL_core.obj
 0001:00003d30       ??$t_add@U?$TRefObject@URRenderDriver2D@SDL_core@ui@modules@UModSys@@U?$TRefObjectWeakFunc@URRenderDriver2D@SDL_core@ui@modules@UModSys@@@tl@5@@tl@UModSys@@URRenderDriver2D@SDL_core@ui@modules@3@@SDL_core@ui@modules@UModSys@@YA_NAEAU?$TScatterArray@U?$TRefObject@URRenderDriver2D@SDL_core@ui@modules@UModSys@@U?$TRefObjectWeakFunc@URRenderDriver2D@SDL_core@ui@modules@UModSys@@@tl@5@@tl@UModSys@@HU?$TScalarCompare@H@core@3@U?$TNodeDeleter0@U?$TScatterArrayNode@U?$TRefObject@URRenderDriver2D@SDL_core@ui@modules@UModSys@@U?$TRefObjectWeakFunc@URRenderDriver2D@SDL_core@ui@modules@UModSys@@@tl@5@@tl@UModSys@@H@tl@UModSys@@@23@@tl@3@PEAURRenderDriver2D@0123@@Z 0000000180004d30 f i umodsys_lib_libui:umodsys.mod.ui.SDL_core.obj
 0001:00003db0       ??$ValidateConstruction@UIRefObject@core@UModSys@@URMouseController@SDL_core@ui@modules@3@@core@UModSys@@YA_NAEAU?$TRefObject@UIRefObject@core@UModSys@@U?$TRefObjectFunc@UIRefObject@core@UModSys@@@tl@3@@tl@1@U?$TRefObject@URMouseController@SDL_core@ui@modules@UModSys@@U?$TRefObjectFunc@URMouseController@SDL_core@ui@modules@UModSys@@@tl@5@@31@@Z 0000000180004db0 f i umodsys_lib_libui:umodsys.mod.ui.SDL_core.obj
 0001:00003db0       ??$ValidateConstruction@UIRefObject@core@UModSys@@URKeyboardController@SDL_core@ui@modules@3@@core@UModSys@@YA_NAEAU?$TRefObject@UIRefObject@core@UModSys@@U?$TRefObjectFunc@UIRefObject@core@UModSys@@@tl@3@@tl@1@U?$TRefObject@URKeyboardController@SDL_core@ui@modules@UModSys@@U?$TRefObjectFunc@URKeyboardController@SDL_core@ui@modules@UModSys@@@tl@5@@31@@Z 0000000180004db0 f i umodsys_lib_libui:umodsys.mod.ui.SDL_core.obj
 0001:00003e40       ??$ValidateConstruction@UIMultiImage@lib2d@UModSys@@URMultiImage2D_SDL_ttf@SDL_core@ui@modules@3@@core@UModSys@@YA_NAEAU?$TRefObject@UIMultiImage@lib2d@UModSys@@U?$TRefObjectFunc@UIMultiImage@lib2d@UModSys@@@tl@3@@tl@1@PEAURMultiImage2D_SDL_ttf@SDL_core@ui@modules@1@@Z 0000000180004e40 f i umodsys_lib_libui:umodsys.mod.ui.SDL_core.obj
 0001:00003ec0       ??$genx_node@UCmp@?$TScatterArray@UGlyph@RMultiImage2D_SDL_ttf@SDL_core@ui@modules@UModSys@@HU?$TScalarCompare@H@core@6@U?$TNodeDeleter0@U?$TScatterArrayNode@UGlyph@RMultiImage2D_SDL_ttf@SDL_core@ui@modules@UModSys@@H@tl@UModSys@@@tl@6@@tl@UModSys@@UGen0@234@@?$TTreeHoldRBD@U?$TScatterArrayNode@UGlyph@RMultiImage2D_SDL_ttf@SDL_core@ui@modules@UModSys@@H@tl@UModSys@@U?$TNodeDeleter0@U?$TScatterArrayNode@UGlyph@RMultiImage2D_SDL_ttf@SDL_core@ui@modules@UModSys@@H@tl@UModSys@@@23@@tl@UModSys@@QEAAPEAU?$TScatterArrayNode@UGlyph@RMultiImage2D_SDL_ttf@SDL_core@ui@modules@UModSys@@H@12@UCmp@?$TScatterArray@UGlyph@RMultiImage2D_SDL_ttf@SDL_core@ui@modules@UModSys@@HU?$TScalarCompare@H@core@6@U?$TNodeDeleter0@U?$TScatterArrayNode@UGlyph@RMultiImage2D_SDL_ttf@SDL_core@ui@modules@UModSys@@H@tl@UModSys@@@tl@6@@12@AEBUGen0@512@PEAPEAU312@2_N@Z 0000000180004ec0 f i umodsys_lib_libui:umodsys.mod.ui.SDL_core.obj
 0001:00004050       ??$genx_node@UCmp@?$TScatterArray@U?$TRefObjectCompositeExtra@UIMouseClient@libui@UModSys@@HUIRefObject@core@3@U?$TRefObjectFunc@UIRefObject@core@UModSys@@@tl@3@@tl@UModSys@@HU?$TScalarCompare@H@core@3@U?$TNodeDeleter0@U?$TScatterArrayNode@U?$TRefObjectCompositeExtra@UIMouseClient@libui@UModSys@@HUIRefObject@core@3@U?$TRefObjectFunc@UIRefObject@core@UModSys@@@tl@3@@tl@UModSys@@H@tl@UModSys@@@23@@tl@UModSys@@UGen0@234@@?$TTreeHoldRBD@U?$TScatterArrayNode@U?$TRefObjectCompositeExtra@UIMouseClient@libui@UModSys@@HUIRefObject@core@3@U?$TRefObjectFunc@UIRefObject@core@UModSys@@@tl@3@@tl@UModSys@@H@tl@UModSys@@U?$TNodeDeleter0@U?$TScatterArrayNode@U?$TRefObjectCompositeExtra@UIMouseClient@libui@UModSys@@HUIRefObject@core@3@U?$TRefObjectFunc@UIRefObject@core@UModSys@@@tl@3@@tl@UModSys@@H@tl@UModSys@@@23@@tl@UModSys@@QEAAPEAU?$TScatterArrayNode@U?$TRefObjectCompositeExtra@UIMouseClient@libui@UModSys@@HUIRefObject@core@3@U?$TRefObjectFunc@UIRefObject@core@UModSys@@@tl@3@@tl@UModSys@@H@12@UCmp@?$TScatterArray@U?$TRefObjectCompositeExtra@UIMouseClient@libui@UModSys@@HUIRefObject@core@3@U?$TRefObjectFunc@UIRefObject@core@UModSys@@@tl@3@@tl@UModSys@@HU?$TScalarCompare@H@core@3@U?$TNodeDeleter0@U?$TScatterArrayNode@U?$TRefObjectCompositeExtra@UIMouseClient@libui@UModSys@@HUIRefObject@core@3@U?$TRefObjectFunc@UIRefObject@core@UModSys@@@tl@3@@tl@UModSys@@H@tl@UModSys@@@23@@12@AEBUGen0@512@PEAPEAU312@2_N@Z 0000000180005050 f i umodsys_lib_libui:umodsys.mod.ui.SDL_core.obj
 0001:000041a0       ??$genx_node@UCmp@?$TScatterArray@U?$TRefObjectComposite@UIKeyboardClient@libui@UModSys@@UIRefObject@core@3@U?$TRefObjectFunc@UIRefObject@core@UModSys@@@tl@3@@tl@UModSys@@HU?$TScalarCompare@H@core@3@U?$TNodeDeleter0@U?$TScatterArrayNode@U?$TRefObjectComposite@UIKeyboardClient@libui@UModSys@@UIRefObject@core@3@U?$TRefObjectFunc@UIRefObject@core@UModSys@@@tl@3@@tl@UModSys@@H@tl@UModSys@@@23@@tl@UModSys@@UGen0@234@@?$TTreeHoldRBD@U?$TScatterArrayNode@U?$TRefObjectComposite@UIKeyboardClient@libui@UModSys@@UIRefObject@core@3@U?$TRefObjectFunc@UIRefObject@core@UModSys@@@tl@3@@tl@UModSys@@H@tl@UModSys@@U?$TNodeDeleter0@U?$TScatterArrayNode@U?$TRefObjectComposite@UIKeyboardClient@libui@UModSys@@UIRefObject@core@3@U?$TRefObjectFunc@UIRefObject@core@UModSys@@@tl@3@@tl@UModSys@@H@tl@UModSys@@@23@@tl@UModSys@@QEAAPEAU?$TScatterArrayNode@U?$TRefObjectComposite@UIKeyboardClient@libui@UModSys@@UIRefObject@core@3@U?$TRefObjectFunc@UIRefObject@core@UModSys@@@tl@3@@tl@UModSys@@H@12@UCmp@?$TScatterArray@U?$TRefObjectComposite@UIKeyboardClient@libui@UModSys@@UIRefObject@core@3@U?$TRefObjectFunc@UIRefObject@core@UModSys@@@tl@3@@tl@UModSys@@HU?$TScalarCompare@H@core@3@U?$TNodeDeleter0@U?$TScatterArrayNode@U?$TRefObjectComposite@UIKeyboardClient@libui@UModSys@@UIRefObject@core@3@U?$TRefObjectFunc@UIRefObject@core@UModSys@@@tl@3@@tl@UModSys@@H@tl@UModSys@@@23@@12@AEBUGen0@512@PEAPEAU312@2_N@Z 00000001800051a0 f i umodsys_lib_libui:umodsys.mod.ui.SDL_core.obj
 0001:000042e0       ?attach@?$TRefObject@URRenderDriver2D@SDL_core@ui@modules@UModSys@@U?$TRefObjectWeakFunc@URRenderDriver2D@SDL_core@ui@modules@UModSys@@@tl@5@@tl@UModSys@@QEAAXPEAURRenderDriver2D@SDL_core@ui@modules@3@@Z 00000001800052e0 f i umodsys_lib_libui:umodsys.mod.ui.SDL_core.obj
 0001:00004370       ?insert_color@?$TTreeHoldRB@U?$TScatterArrayNode@U?$TRefObjectCompositeExtra@UIMouseClient@libui@UModSys@@HUIRefObject@core@3@U?$TRefObjectFunc@UIRefObject@core@UModSys@@@tl@3@@tl@UModSys@@H@tl@UModSys@@@tl@UModSys@@IEAAXPEAU?$TScatterArrayNode@U?$TRefObjectCompositeExtra@UIMouseClient@libui@UModSys@@HUIRefObject@core@3@U?$TRefObjectFunc@UIRefObject@core@UModSys@@@tl@3@@tl@UModSys@@H@23@@Z 0000000180005370 f i umodsys_lib_libui:umodsys.mod.ui.SDL_core.obj
 0001:00004370       ?insert_color@?$TTreeHoldRB@U?$TScatterArrayNode@UGlyph@RMultiImage2D_SDL_ttf@SDL_core@ui@modules@UModSys@@H@tl@UModSys@@@tl@UModSys@@IEAAXPEAU?$TScatterArrayNode@UGlyph@RMultiImage2D_SDL_ttf@SDL_core@ui@modules@UModSys@@H@23@@Z 0000000180005370 f i umodsys_lib_libui:umodsys.mod.ui.SDL_core.obj
 0001:00004370       ?insert_color@?$TTreeHoldRB@U?$TScatterArrayNode@U?$TRefObjectComposite@UIKeyboardClient@libui@UModSys@@UIRefObject@core@3@U?$TRefObjectFunc@UIRefObject@core@UModSys@@@tl@3@@tl@UModSys@@H@tl@UModSys@@@tl@UModSys@@IEAAXPEAU?$TScatterArrayNode@U?$TRefObjectComposite@UIKeyboardClient@libui@UModSys@@UIRefObject@core@3@U?$TRefObjectFunc@UIRefObject@core@UModSys@@@tl@3@@tl@UModSys@@H@23@@Z 0000000180005370 f i umodsys_lib_libui:umodsys.mod.ui.SDL_core.obj
 0001:00004370       ?insert_color@?$TTreeHoldRB@U?$TScatterArrayNode@U?$TRefObject@URRenderDriver2D@SDL_core@ui@modules@UModSys@@U?$TRefObjectWeakFunc@URRenderDriver2D@SDL_core@ui@modules@UModSys@@@tl@5@@tl@UModSys@@H@tl@UModSys@@@tl@UModSys@@IEAAXPEAU?$TScatterArrayNode@U?$TRefObject@URRenderDriver2D@SDL_core@ui@modules@UModSys@@U?$TRefObjectWeakFunc@URRenderDriver2D@SDL_core@ui@modules@UModSys@@@tl@5@@tl@UModSys@@H@23@@Z 0000000180005370 f i umodsys_lib_libui:umodsys.mod.ui.SDL_core.obj
 0001:00004520       ??$process_nodes_r@U?$TNodeDeleter0@U?$TScatterArrayNode@UGlyph@RMultiImage2D_SDL_ttf@SDL_core@ui@modules@UModSys@@H@tl@UModSys@@@tl@UModSys@@@?$TTreeHoldRB@U?$TScatterArrayNode@UGlyph@RMultiImage2D_SDL_ttf@SDL_core@ui@modules@UModSys@@H@tl@UModSys@@@tl@UModSys@@KAHPEAU?$TScatterArrayNode@UGlyph@RMultiImage2D_SDL_ttf@SDL_core@ui@modules@UModSys@@H@12@AEBU?$TNodeDeleter0@U?$TScatterArrayNode@UGlyph@RMultiImage2D_SDL_ttf@SDL_core@ui@modules@UModSys@@H@tl@UModSys@@@12@@Z 0000000180005520 f i umodsys_lib_libui:umodsys.mod.ui.SDL_core.obj
 0001:000045a0       ??$process_nodes_r@U?$TNodeDeleter0@U?$TScatterArrayNode@U?$TRefObjectCompositeExtra@UIMouseClient@libui@UModSys@@HUIRefObject@core@3@U?$TRefObjectFunc@UIRefObject@core@UModSys@@@tl@3@@tl@UModSys@@H@tl@UModSys@@@tl@UModSys@@@?$TTreeHoldRB@U?$TScatterArrayNode@U?$TRefObjectCompositeExtra@UIMouseClient@libui@UModSys@@HUIRefObject@core@3@U?$TRefObjectFunc@UIRefObject@core@UModSys@@@tl@3@@tl@UModSys@@H@tl@UModSys@@@tl@UModSys@@KAHPEAU?$TScatterArrayNode@U?$TRefObjectCompositeExtra@UIMouseClient@libui@UModSys@@HUIRefObject@core@3@U?$TRefObjectFunc@UIRefObject@core@UModSys@@@tl@3@@tl@UModSys@@H@12@AEBU?$TNodeDeleter0@U?$TScatterArrayNode@U?$TRefObjectCompositeExtra@UIMouseClient@libui@UModSys@@HUIRefObject@core@3@U?$TRefObjectFunc@UIRefObject@core@UModSys@@@tl@3@@tl@UModSys@@H@tl@UModSys@@@12@@Z 00000001800055a0 f i umodsys_lib_libui:umodsys.mod.ui.SDL_core.obj
 0001:000045a0       ??$process_nodes_r@U?$TNodeDeleter0@U?$TScatterArrayNode@U?$TRefObjectComposite@UIKeyboardClient@libui@UModSys@@UIRefObject@core@3@U?$TRefObjectFunc@UIRefObject@core@UModSys@@@tl@3@@tl@UModSys@@H@tl@UModSys@@@tl@UModSys@@@?$TTreeHoldRB@U?$TScatterArrayNode@U?$TRefObjectComposite@UIKeyboardClient@libui@UModSys@@UIRefObject@core@3@U?$TRefObjectFunc@UIRefObject@core@UModSys@@@tl@3@@tl@UModSys@@H@tl@UModSys@@@tl@UModSys@@KAHPEAU?$TScatterArrayNode@U?$TRefObjectComposite@UIKeyboardClient@libui@UModSys@@UIRefObject@core@3@U?$TRefObjectFunc@UIRefObject@core@UModSys@@@tl@3@@tl@UModSys@@H@12@AEBU?$TNodeDeleter0@U?$TScatterArrayNode@U?$TRefObjectComposite@UIKeyboardClient@libui@UModSys@@UIRefObject@core@3@U?$TRefObjectFunc@UIRefObject@core@UModSys@@@tl@3@@tl@UModSys@@H@tl@UModSys@@@12@@Z 00000001800055a0 f i umodsys_lib_libui:umodsys.mod.ui.SDL_core.obj
 0001:00004640       ??$process_nodes_r@U?$TNodeDeleter0@U?$TScatterArrayNode@U?$TRefObject@URRenderDriver2D@SDL_core@ui@modules@UModSys@@U?$TRefObjectWeakFunc@URRenderDriver2D@SDL_core@ui@modules@UModSys@@@tl@5@@tl@UModSys@@H@tl@UModSys@@@tl@UModSys@@@?$TTreeHoldRB@U?$TScatterArrayNode@U?$TRefObject@URRenderDriver2D@SDL_core@ui@modules@UModSys@@U?$TRefObjectWeakFunc@URRenderDriver2D@SDL_core@ui@modules@UModSys@@@tl@5@@tl@UModSys@@H@tl@UModSys@@@tl@UModSys@@KAHPEAU?$TScatterArrayNode@U?$TRefObject@URRenderDriver2D@SDL_core@ui@modules@UModSys@@U?$TRefObjectWeakFunc@URRenderDriver2D@SDL_core@ui@modules@UModSys@@@tl@5@@tl@UModSys@@H@12@AEBU?$TNodeDeleter0@U?$TScatterArrayNode@U?$TRefObject@URRenderDriver2D@SDL_core@ui@modules@UModSys@@U?$TRefObjectWeakFunc@URRenderDriver2D@SDL_core@ui@modules@UModSys@@@tl@5@@tl@UModSys@@H@tl@UModSys@@@12@@Z 0000000180005640 f i umodsys_lib_libui:umodsys.mod.ui.SDL_core.obj
 0001:000046e0       ??$genx_node@UCmp@?$TScatterArray@U?$TRefObject@URRenderDriver2D@SDL_core@ui@modules@UModSys@@U?$TRefObjectWeakFunc@URRenderDriver2D@SDL_core@ui@modules@UModSys@@@tl@5@@tl@UModSys@@HU?$TScalarCompare@H@core@3@U?$TNodeDeleter0@U?$TScatterArrayNode@U?$TRefObject@URRenderDriver2D@SDL_core@ui@modules@UModSys@@U?$TRefObjectWeakFunc@URRenderDriver2D@SDL_core@ui@modules@UModSys@@@tl@5@@tl@UModSys@@H@tl@UModSys@@@23@@tl@UModSys@@UGen0@234@@?$TTreeHoldRBD@U?$TScatterArrayNode@U?$TRefObject@URRenderDriver2D@SDL_core@ui@modules@UModSys@@U?$TRefObjectWeakFunc@URRenderDriver2D@SDL_core@ui@modules@UModSys@@@tl@5@@tl@UModSys@@H@tl@UModSys@@U?$TNodeDeleter0@U?$TScatterArrayNode@U?$TRefObject@URRenderDriver2D@SDL_core@ui@modules@UModSys@@U?$TRefObjectWeakFunc@URRenderDriver2D@SDL_core@ui@modules@UModSys@@@tl@5@@tl@UModSys@@H@tl@UModSys@@@23@@tl@UModSys@@QEAAPEAU?$TScatterArrayNode@U?$TRefObject@URRenderDriver2D@SDL_core@ui@modules@UModSys@@U?$TRefObjectWeakFunc@URRenderDriver2D@SDL_core@ui@modules@UModSys@@@tl@5@@tl@UModSys@@H@12@UCmp@?$TScatterArray@U?$TRefObject@URRenderDriver2D@SDL_core@ui@modules@UModSys@@U?$TRefObjectWeakFunc@URRenderDriver2D@SDL_core@ui@modules@UModSys@@@tl@5@@tl@UModSys@@HU?$TScalarCompare@H@core@3@U?$TNodeDeleter0@U?$TScatterArrayNode@U?$TRefObject@URRenderDriver2D@SDL_core@ui@modules@UModSys@@U?$TRefObjectWeakFunc@URRenderDriver2D@SDL_core@ui@modules@UModSys@@@tl@5@@tl@UModSys@@H@tl@UModSys@@@23@@12@AEBUGen0@512@PEAPEAU312@2_N@Z 00000001800056e0 f i umodsys_lib_libui:umodsys.mod.ui.SDL_core.obj
 0001:00004820       ??1?$TRefObject@URRenderDriver2D@SDL_core@ui@modules@UModSys@@U?$TRefObjectWeakFunc@URRenderDriver2D@SDL_core@ui@modules@UModSys@@@tl@5@@tl@UModSys@@QEAA@XZ 0000000180005820 f i umodsys_lib_libui:umodsys.mod.ui.SDL_core.obj
 0001:00004820       ??1?$TRefObject@URMultiImage2D_SDL_ttf@SDL_core@ui@modules@UModSys@@U?$TRefObjectWeakFunc@URMultiImage2D_SDL_ttf@SDL_core@ui@modules@UModSys@@@tl@5@@tl@UModSys@@QEAA@XZ 0000000180005820 f i umodsys_lib_libui:umodsys.mod.ui.SDL_core.obj
 0001:00004860       ?root_get_interface_info@RMediaFilter@images_std@media@modules@UModSys@@UEBAAEBUSUniquePointerInfo@core@5@XZ 0000000180005860 f i umodsys_lib_libmedia:umodsys.mod.media.images_std.obj
 0001:00004870       ?root_get_interface_type@RMediaFilter@images_std@media@modules@UModSys@@UEBAPEBUSUniquePointerInfo@core@5@XZ 0000000180005870 f i umodsys_lib_libmedia:umodsys.mod.media.images_std.obj
 0001:00004880       ?root_get_other_interface@RMediaFilter@images_std@media@modules@UModSys@@UEAAPEAUIRoot@core@5@PEBUSUniquePointerInfo@75@@Z 0000000180005880 f i umodsys_lib_libmedia:umodsys.mod.media.images_std.obj
 0001:00004880       ?root_get_other_interface@RMediaFilter@images_std@media@modules@UModSys@@UEBAPEBUIRoot@core@5@PEBUSUniquePointerInfo@75@@Z 0000000180005880 f i umodsys_lib_libmedia:umodsys.mod.media.images_std.obj
 0001:000048b0       ?root_is_interface_supported@RMediaFilter@images_std@media@modules@UModSys@@UEBA_NPEBUSUniquePointerInfo@core@5@@Z 00000001800058b0 f i umodsys_lib_libmedia:umodsys.mod.media.images_std.obj
 0001:000048e0       ?ref_add@RMediaFilter@images_std@media@modules@UModSys@@UEBAXXZ 00000001800058e0 f i umodsys_lib_libmedia:umodsys.mod.media.images_std.obj
 0001:000048f0       ?ref_remove@RMediaFilter@images_std@media@modules@UModSys@@UEBAXXZ 00000001800058f0 f i umodsys_lib_libmedia:umodsys.mod.media.images_std.obj
 0001:00004910       ?ref_links@RMediaFilter@images_std@media@modules@UModSys@@UEBAHXZ 0000000180005910 f i umodsys_lib_libmedia:umodsys.mod.media.images_std.obj
 0001:00004920       ?ref_weak@RMediaFilter@images_std@media@modules@UModSys@@UEBA_NAEAUWeakPointer@IRefObject@core@5@@Z 0000000180005920 f i umodsys_lib_libmedia:umodsys.mod.media.images_std.obj
 0001:00004940       ?suicide@RMediaFilter@images_std@media@modules@UModSys@@UEAAXXZ 0000000180005940 f i umodsys_lib_libmedia:umodsys.mod.media.images_std.obj
 0001:00004990       ?get_flag@RMediaFilter@images_std@media@modules@UModSys@@UEBA?AW4eStates@?$TFlags4State@USMediaFlagUid@libmedia@UModSys@@I@tl@5@H@Z 0000000180005990 f i umodsys_lib_libmedia:umodsys.mod.media.images_std.obj
 0001:000049a0       ?get_flags_auto@RMediaFilter@images_std@media@modules@UModSys@@UEBA?AU?$TFlags4State@USMediaFlagUid@libmedia@UModSys@@I@tl@5@XZ 00000001800059a0 f i umodsys_lib_libmedia:umodsys.mod.media.images_std.obj
 0001:000049b0       ?set_flag@RMediaFilter@images_std@media@modules@UModSys@@UEAA?AW4eStates@?$TFlags4State@USMediaFlagUid@libmedia@UModSys@@I@tl@5@HW46785@@Z 00000001800059b0 f i umodsys_lib_libmedia:umodsys.mod.media.images_std.obj
 0001:000049e0       ??0RMediaFilter@images_std@media@modules@UModSys@@QEAA@PEAUIModObject@base@4@AEBUSParameters@core@4@@Z 00000001800059e0 f i umodsys_lib_libmedia:umodsys.mod.media.images_std.obj
 0001:00004ad0       ??_GRMediaFilter@images_std@media@modules@UModSys@@UEAAPEAXI@Z 0000000180005ad0 f i umodsys_lib_libmedia:umodsys.mod.media.images_std.obj
 0001:00004ad0       ??_ERMediaFilter@images_std@media@modules@UModSys@@UEAAPEAXI@Z 0000000180005ad0 f i  CIL library: CIL module
 0001:00004b50       ?get_generated_names@RGenerator@images_std@media@modules@UModSys@@UEBAHAEAUSUniquePtrList@core@5@@Z 0000000180005b50 f i umodsys_lib_libmedia:umodsys.mod.media.images_std.obj
 0001:00004b70       ?get_generated_types@RGenerator@images_std@media@modules@UModSys@@UEBAHAEAUSUniquePtrList@core@5@PEBUSUniquePointerInfo@75@@Z 0000000180005b70 f i umodsys_lib_libmedia:umodsys.mod.media.images_std.obj
 0001:00004bd0       ?generate@RGenerator@images_std@media@modules@UModSys@@UEAA_NAEAU?$TRefObject@UIRefObject@core@UModSys@@U?$TRefObjectFunc@UIRefObject@core@UModSys@@@tl@3@@tl@5@PEBUSUniquePointerInfo@core@5@AEBUSParameters@95@@Z 0000000180005bd0 f i umodsys_lib_libmedia:umodsys.mod.media.images_std.obj
 0001:00004c50       ?root_get_interface_info@RGenerator@images_std@media@modules@UModSys@@UEBAAEBUSUniquePointerInfo@core@5@XZ 0000000180005c50 f i umodsys_lib_libmedia:umodsys.mod.media.images_std.obj
 0001:00004c60       ?root_get_interface_type@RGenerator@images_std@media@modules@UModSys@@UEBAPEBUSUniquePointerInfo@core@5@XZ 0000000180005c60 f i umodsys_lib_libmedia:umodsys.mod.media.images_std.obj
 0001:00004c70       ?root_get_other_interface@RGenerator@images_std@media@modules@UModSys@@UEBAPEBUIRoot@core@5@PEBUSUniquePointerInfo@75@@Z 0000000180005c70 f i umodsys_lib_libmedia:umodsys.mod.media.images_std.obj
 0001:00004c70       ?root_get_other_interface@RGenerator@images_std@media@modules@UModSys@@UEAAPEAUIRoot@core@5@PEBUSUniquePointerInfo@75@@Z 0000000180005c70 f i umodsys_lib_libmedia:umodsys.mod.media.images_std.obj
 0001:00004cb0       ?root_is_interface_supported@RGenerator@images_std@media@modules@UModSys@@UEBA_NPEBUSUniquePointerInfo@core@5@@Z 0000000180005cb0 f i umodsys_lib_libmedia:umodsys.mod.media.images_std.obj
 0001:00004cf0       ?get_uid@RGenerator@images_std@media@modules@UModSys@@UEBAPEBUSUniquePointerInfo@core@5@XZ 0000000180005cf0 f i umodsys_lib_libmedia:umodsys.mod.media.images_std.obj
 0001:00004d00       ?do_open@RModuleReg@images_std@media@modules@UModSys@@UEAA_NXZ 0000000180005d00 f i umodsys_lib_libmedia:umodsys.mod.media.images_std.obj
 0001:00004d10       ?do_close@RModuleReg@images_std@media@modules@UModSys@@UEAA_NXZ 0000000180005d10 f i umodsys_lib_libmedia:umodsys.mod.media.images_std.obj
 0001:00004d20       ??_GRModuleReg@images_std@media@modules@UModSys@@UEAAPEAXI@Z 0000000180005d20 f i umodsys_lib_libmedia:umodsys.mod.media.images_std.obj
 0001:00004d20       ??_ERModuleReg@images_std@media@modules@UModSys@@UEAAPEAXI@Z 0000000180005d20 f i  CIL library: CIL module
 0001:00004d50       ??$ValidateConstruction@UIRefObject@core@UModSys@@URTerminal@SDL_core@ui@modules@3@@core@UModSys@@YA_NAEAU?$TRefObject@UIRefObject@core@UModSys@@U?$TRefObjectFunc@UIRefObject@core@UModSys@@@tl@3@@tl@1@PEAURTerminal@SDL_core@ui@modules@1@@Z 0000000180005d50 f i umodsys_lib_libui:umodsys.mod.ui.SDL_core.obj
 0001:00004d50       ??$ValidateConstruction@UIRefObject@core@UModSys@@URMediaFilter@images_std@media@modules@3@@core@UModSys@@YA_NAEAU?$TRefObject@UIRefObject@core@UModSys@@U?$TRefObjectFunc@UIRefObject@core@UModSys@@@tl@3@@tl@1@PEAURMediaFilter@images_std@media@modules@1@@Z 0000000180005d50 f i umodsys_lib_libmedia:umodsys.mod.media.images_std.obj
 0001:00004dc0       ??_GRModuleLibraryReg_Chain@base@UModSys@@UEAAPEAXI@Z 0000000180005dc0 f i umodsys_lib_base:umodsys.base.moduleregchain.obj
 0001:00004dc0       ??_ERModuleLibraryReg_Chain@base@UModSys@@UEAAPEAXI@Z 0000000180005dc0 f i  CIL library: CIL module
 0001:00004df0       ??_GIModuleReg@base@UModSys@@UEAAPEAXI@Z 0000000180005df0 f i umodsys_lib_base:umodsys.base.modulereg.obj
 0001:00004df0       ??_EIModuleReg@base@UModSys@@UEAAPEAXI@Z 0000000180005df0 f i  CIL library: CIL module
 0001:00004e20       ??_GIModuleLibraryReg@base@UModSys@@UEAAPEAXI@Z 0000000180005e20 f i umodsys_lib_base:umodsys.base.modulereg.obj
 0001:00004e20       ??_EIModuleLibraryReg@base@UModSys@@UEAAPEAXI@Z 0000000180005e20 f i  CIL library: CIL module
 0001:00004e50       ?utf_32to8@su@tl@UModSys@@YA_KPEAD_KH@Z 0000000180005e50 f i umodsys_lib_core:umodsys.tl.utf.obj
 0001:00004f50       ?Find@?$TSet@U?$TArray@PEBUSUniquePointerInfo@core@UModSys@@@tl@UModSys@@U?$TScalarCompare@PEBUSUniquePointerInfo@core@UModSys@@@core@3@@tl@UModSys@@QEBAPEBQEBUSUniquePointerInfo@core@3@AEBQEBU453@@Z 0000000180005f50 f i umodsys_lib_core:umodsys.core.uniqueptrlist.obj
 0001:00004fec       _onexit                    0000000180005fec f   MSVCRT:atonexit.obj
 0001:0000509c       atexit                     000000018000609c f   MSVCRT:atonexit.obj
 0001:000050b4       _purecall                  00000001800060b4 f   MSVCRT:MSVCR90.dll
 0001:000050ba       ??3@YAXPEAX@Z              00000001800060ba f   MSVCRT:MSVCR90.dll
 0001:000050c0       ??_Etype_info@@UEAAPEAXI@Z 00000001800060c0 f i MSVCRT:ti_inst.obj
 0001:0000518c       _CRT_INIT                  000000018000618c f   MSVCRT:crtdll.obj
 0001:00005520       _DllMainCRTStartup         0000000180006520 f   MSVCRT:crtdll.obj
 0001:0000555e       ??2@YAPEAX_K@Z             000000018000655e f   MSVCRT:MSVCR90.dll
 0001:00005564       __C_specific_handler       0000000180006564 f   MSVCRT:MSVCR90.dll
 0001:0000556a       _unlock                    000000018000656a f   MSVCRT:MSVCR90.dll
 0001:00005570       __dllonexit                0000000180006570 f   MSVCRT:MSVCR90.dll
 0001:00005576       _lock                      0000000180006576 f   MSVCRT:MSVCR90.dll
 0001:0000557c       ?__ArrayUnwind@@YAXPEAX_KHP6AX0@Z@Z 000000018000657c f   MSVCRT:ehvecdtr.obj
 0001:000055c8       ??_M@YAXPEAX_KHP6AX0@Z@Z   00000001800065c8 f   MSVCRT:ehvecdtr.obj
 0001:00005628       __clean_type_info_names    0000000180006628 f   MSVCRT:tncleanup.obj
 0001:00005634       _RTC_Initialize            0000000180006634 f   MSVCRT:_initsect_.obj
 0001:0000566c       _RTC_Terminate             000000018000666c f   MSVCRT:_initsect_.obj
 0001:000056b0       _ValidateImageBase         00000001800066b0 f   MSVCRT:pesect.obj
 0001:000056e0       _FindPESection             00000001800066e0 f   MSVCRT:pesect.obj
 0001:00005730       _IsNonwritableInCurrentImage 0000000180006730 f   MSVCRT:pesect.obj
 0001:00005772       _initterm                  0000000180006772 f   MSVCRT:MSVCR90.dll
 0001:00005778       _initterm_e                0000000180006778 f   MSVCRT:MSVCR90.dll
 0001:0000577e       _amsg_exit                 000000018000677e f   MSVCRT:MSVCR90.dll
 0001:00005784       __CppXcptFilter            0000000180006784 f   MSVCRT:MSVCR90.dll
 0001:0000578c       DllMain                    000000018000678c f   MSVCRT:dllmain.obj
 0001:000057b0       __security_init_cookie     00000001800067b0 f   MSVCRT:gs_support.obj
 0001:00005864       ?terminate@@YAXXZ          0000000180006864 f   MSVCRT:MSVCR90.dll
 0001:0000586a       ?_type_info_dtor_internal_method@type_info@@QEAAXXZ 000000018000686a f   MSVCRT:MSVCR90.dll
 0001:0000586a       ??1type_info@@UEAA@XZ      000000018000686a f   MSVCRT:MSVCR90.dll
 0001:00005870       __clean_type_info_names_internal 0000000180006870 f   MSVCRT:MSVCR90.dll
 0001:00005876       png_get_IHDR               0000000180006876 f   lib_libpng:lib_libpng.dll
 0001:0000587c       png_read_info              000000018000687c f   lib_libpng:lib_libpng.dll
 0001:00005882       png_sig_cmp                0000000180006882 f   lib_libpng:lib_libpng.dll
 0001:00005888       png_create_read_struct     0000000180006888 f   lib_libpng:lib_libpng.dll
 0001:0000588e       png_get_io_ptr             000000018000688e f   lib_libpng:lib_libpng.dll
 0001:00005894       png_create_info_struct     0000000180006894 f   lib_libpng:lib_libpng.dll
 0001:0000589a       png_set_read_fn            000000018000689a f   lib_libpng:lib_libpng.dll
 0001:000058a0       png_read_update_info       00000001800068a0 f   lib_libpng:lib_libpng.dll
 0001:000058a6       png_set_sig_bytes          00000001800068a6 f   lib_libpng:lib_libpng.dll
 0001:000058ac       png_read_row               00000001800068ac f   lib_libpng:lib_libpng.dll
 0001:000058b2       png_error                  00000001800068b2 f   lib_libpng:lib_libpng.dll
 0001:000058b8       png_destroy_read_struct    00000001800068b8 f   lib_libpng:lib_libpng.dll
 0001:000058be       SDL_StopTextInput          00000001800068be f   lib_SDL2:lib_SDL2.dll
 0001:000058c4       SDL_RenderDrawLine         00000001800068c4 f   lib_SDL2:lib_SDL2.dll
 0001:000058ca       SDL_RenderDrawLines        00000001800068ca f   lib_SDL2:lib_SDL2.dll
 0001:000058d0       SDL_Init                   00000001800068d0 f   lib_SDL2:lib_SDL2.dll
 0001:000058d6       SDL_DestroyWindow          00000001800068d6 f   lib_SDL2:lib_SDL2.dll
 0001:000058dc       TTF_GlyphMetrics           00000001800068dc f   lib_SDL2:lib_SDL2.dll
 0001:000058e2       SDL_CreateWindow           00000001800068e2 f   lib_SDL2:lib_SDL2.dll
 0001:000058e8       SDL_RenderCopy             00000001800068e8 f   lib_SDL2:lib_SDL2.dll
 0001:000058ee       SDL_DestroyRenderer        00000001800068ee f   lib_SDL2:lib_SDL2.dll
 0001:000058f4       SDL_DestroyTexture         00000001800068f4 f   lib_SDL2:lib_SDL2.dll
 0001:000058fa       SDL_CreateTextureFromSurface 00000001800068fa f   lib_SDL2:lib_SDL2.dll
 0001:00005900       SDL_RenderPresent          0000000180006900 f   lib_SDL2:lib_SDL2.dll
 0001:00005906       SDL_SetRenderDrawBlendMode 0000000180006906 f   lib_SDL2:lib_SDL2.dll
 0001:0000590c       SDL_SetRenderDrawColor     000000018000690c f   lib_SDL2:lib_SDL2.dll
 0001:00005912       TTF_OpenFont               0000000180006912 f   lib_SDL2:lib_SDL2.dll
 0001:00005918       TTF_CloseFont              0000000180006918 f   lib_SDL2:lib_SDL2.dll
 0001:0000591e       TTF_Init                   000000018000691e f   lib_SDL2:lib_SDL2.dll
 0001:00005924       SDL_PumpEvents             0000000180006924 f   lib_SDL2:lib_SDL2.dll
 0001:0000592a       TTF_RenderGlyph_Shaded     000000018000692a f   lib_SDL2:lib_SDL2.dll
 0001:00005930       SDL_Delay                  0000000180006930 f   lib_SDL2:lib_SDL2.dll
 0001:00005936       SDL_RenderClear            0000000180006936 f   lib_SDL2:lib_SDL2.dll
 0001:0000593c       SDL_CreateRenderer         000000018000693c f   lib_SDL2:lib_SDL2.dll
 0001:00005942       SDL_SetTextureColorMod     0000000180006942 f   lib_SDL2:lib_SDL2.dll
 0001:00005948       SDL_StartTextInput         0000000180006948 f   lib_SDL2:lib_SDL2.dll
 0001:0000594e       SDL_PeepEvents             000000018000694e f   lib_SDL2:lib_SDL2.dll
 0001:00005954       SDL_GetTicks               0000000180006954 f   lib_SDL2:lib_SDL2.dll
 0001:0000595a       SDL_RenderFillRect         000000018000695a f   lib_SDL2:lib_SDL2.dll
 0001:00005960       SDL_RenderDrawRect         0000000180006960 f   lib_SDL2:lib_SDL2.dll
 0001:00005966       TTF_Quit                   0000000180006966 f   lib_SDL2:lib_SDL2.dll
 0001:0000596c       SDL_Quit                   000000018000696c f   lib_SDL2:lib_SDL2.dll
 0001:00005972       SDL_FreeSurface            0000000180006972 f   lib_SDL2:lib_SDL2.dll
 0001:00005980       ??3IRoot@core@UModSys@@SAXPEAX@Z 0000000180006980 f   umodsys_lib_core:umodsys.core.objects.obj
 0001:000059c0       ??3IRoot@core@UModSys@@SAXPEAXPEAUIMemAlloc@12@@Z 00000001800069c0 f   umodsys_lib_core:umodsys.core.objects.obj
 0001:00005a00       ??2IRoot@core@UModSys@@SAPEAX_KPEAUIMemAlloc@12@@Z 0000000180006a00 f   umodsys_lib_core:umodsys.core.objects.obj
 0001:00005a40       ?suicide@IRoot@core@UModSys@@UEAAXXZ 0000000180006a40 f   umodsys_lib_core:umodsys.core.objects.obj
 0001:00005a60       ??1IRoot@core@UModSys@@UEAA@XZ 0000000180006a60 f   umodsys_lib_core:umodsys.core.objects.obj
 0001:00005a80       ??1IRefObject@core@UModSys@@UEAA@XZ 0000000180006a80 f   umodsys_lib_core:umodsys.core.objects.obj
 0001:00005a90       ?lost@core@UModSys@@YAEPEBX@Z 0000000180006a90 f   umodsys_lib_core:umodsys.core.stdtypedefs.obj
 0001:00005aa0       ?s_unresolve@SUniquePointer@core@UModSys@@SAXPEAUIUniquePointerResolver@23@@Z 0000000180006aa0 f   umodsys_lib_core:umodsys.core.uniqueptr.obj
 0001:00005b10       ?s_resolve@SUniquePointer@core@UModSys@@SAXPEAUIUniquePointerResolver@23@@Z 0000000180006b10 f   umodsys_lib_core:umodsys.core.uniqueptr.obj
 0001:00005b90       ??1SUniquePointer@core@UModSys@@QEAA@XZ 0000000180006b90 f   umodsys_lib_core:umodsys.core.uniqueptr.obj
 0001:00005bc0       ??0SUniquePointer@core@UModSys@@QEAA@H@Z 0000000180006bc0 f   umodsys_lib_core:umodsys.core.uniqueptr.obj
 0001:00005bf0       ??0SUniquePointer@core@UModSys@@QEAA@PEBD0H@Z 0000000180006bf0 f   umodsys_lib_core:umodsys.core.uniqueptr.obj
 0001:00005c40       ?utf8_cmp_nocase@su@tl@UModSys@@YAHPEBD0_K@Z 0000000180006c40 f   umodsys_lib_core:umodsys.tl.utf.obj
 0001:00005c50       ?utf_8to32@su@tl@UModSys@@YA_KPEAH_KPEBD1_N@Z 0000000180006c50 f   umodsys_lib_core:umodsys.tl.utf.obj
 0001:00005cf0       ?utf_32to8@su@tl@UModSys@@YA_KPEAD_KPEBH1_N@Z 0000000180006cf0 f   umodsys_lib_core:umodsys.tl.utf.obj
 0001:00005d70       ??1SModuleInfo@base@UModSys@@QEAA@XZ 0000000180006d70 f   umodsys_lib_base:umodsys.base.moduleinfo.obj
 0001:00005d80       ??0SModuleInfo@base@UModSys@@QEAA@PEBDHH0@Z 0000000180006d80 f   umodsys_lib_base:umodsys.base.moduleinfo.obj
 0001:00005e40       ??1IModuleLibraryReg@base@UModSys@@UEAA@XZ 0000000180006e40 f   umodsys_lib_base:umodsys.base.modulereg.obj
 0001:00005e60       ??0IModuleLibraryReg@base@UModSys@@QEAA@XZ 0000000180006e60 f   umodsys_lib_base:umodsys.base.modulereg.obj
 0001:00005e80       ?mr_close@IModuleReg@base@UModSys@@UEAA_NXZ 0000000180006e80 f   umodsys_lib_base:umodsys.base.modulereg.obj
 0001:00005ea0       ?mr_open@IModuleReg@base@UModSys@@UEAA_NXZ 0000000180006ea0 f   umodsys_lib_base:umodsys.base.modulereg.obj
 0001:00005ed0       ?mr_isopen@IModuleReg@base@UModSys@@UEBA_NXZ 0000000180006ed0 f   umodsys_lib_base:umodsys.base.modulereg.obj
 0001:00005ee0       ??1IModuleReg@base@UModSys@@UEAA@XZ 0000000180006ee0 f   umodsys_lib_base:umodsys.base.modulereg.obj
 0001:00005f00       ??0IModuleReg@base@UModSys@@QEAA@PEBDHH0@Z 0000000180006f00 f   umodsys_lib_base:umodsys.base.modulereg.obj
 0001:00005f40       UModSys_Plugin_Entry2      0000000180006f40 f   umodsys_lib_base:umodsys.so_main.win32.obj
 0001:00005f50       ??1RModuleLibraryReg_Chain@base@UModSys@@UEAA@XZ 0000000180006f50 f   umodsys_lib_base:umodsys.base.moduleregchain.obj
 0001:00005f70       ??0RModuleLibraryReg_Chain@base@UModSys@@QEAA@XZ 0000000180006f70 f   umodsys_lib_base:umodsys.base.moduleregchain.obj
 0001:00005fa0       ?s_get@SModuleRegChain@base@UModSys@@SAPEAUIModuleReg@23@_K@Z 0000000180006fa0 f   umodsys_lib_base:umodsys.base.moduleregchain.obj
 0001:00005fe0       ??1SModuleRegChain@base@UModSys@@QEAA@XZ 0000000180006fe0 f   umodsys_lib_base:umodsys.base.moduleregchain.obj
[...]
 0001:00008e70       ??__E?s_id@?$TObjectUniqueID@UIModuleLibrary@base@UModSys@@@tl@UModSys@@2USUniquePointer@core@3@A@@YAXXZ 0000000180009e70 f    CIL library: CIL module
 0001:00008eb0       ??__E?s_id@?$TObjectUniqueID@UIModObject@base@UModSys@@@tl@UModSys@@2USUniquePointer@core@3@A@@YAXXZ 0000000180009eb0 f    CIL library: CIL module
 0001:00008ef0       ??__E?s_id@?$TObjectUniqueID@UIGenerator@base@UModSys@@@tl@UModSys@@2USUniquePointer@core@3@A@@YAXXZ 0000000180009ef0 f    CIL library: CIL module
 0001:00008f30       ??__E?s_id@?$TObjectUniqueID@UIShell@base@UModSys@@@tl@UModSys@@2USUniquePointer@core@3@A@@YAXXZ 0000000180009f30 f    CIL library: CIL module
 0001:00008f70       ??__E?s_id@?$TObjectUniqueID@UIConsole@base@UModSys@@@tl@UModSys@@2USUniquePointer@core@3@A@@YAXXZ 0000000180009f70 f    CIL library: CIL module
 0001:00008fb0       ??__E?s_id@?$TObjectUniqueID@UISystem@base@UModSys@@@tl@UModSys@@2USUniquePointer@core@3@A@@YAXXZ 0000000180009fb0 f    CIL library: CIL module
 0001:00008ff0       ??__E?s_id@?$TObjectUniqueID@UIStreamReader@libmedia@UModSys@@@tl@UModSys@@2USUniquePointer@core@3@A@@YAXXZ 0000000180009ff0 f    CIL library: CIL module
 0001:00009030       ??__E?s_id@?$TObjectUniqueID@UIStreamWriter@libmedia@UModSys@@@tl@UModSys@@2USUniquePointer@core@3@A@@YAXXZ 000000018000a030 f    CIL library: CIL module
 0001:00009070       ??__E?s_id@?$TObjectUniqueID@UIBinArchive@libmedia@UModSys@@@tl@UModSys@@2USUniquePointer@core@3@A@@YAXXZ 000000018000a070 f    CIL library: CIL module
 0001:000090b0       ??__E?s_id@?$TObjectUniqueID@UIBinObjFilter@libmedia@UModSys@@@tl@UModSys@@2USUniquePointer@core@3@A@@YAXXZ 000000018000a0b0 f    CIL library: CIL module
 0001:000090f0       ??__E?s_id@?$TObjectUniqueID@UILibrary@libmedia@UModSys@@@tl@UModSys@@2USUniquePointer@core@3@A@@YAXXZ 000000018000a0f0 f    CIL library: CIL module
 0001:00009130       ??__E?s_id@?$TObjectUniqueID@UILibraryBinTree@libmedia@UModSys@@@tl@UModSys@@2USUniquePointer@core@3@A@@YAXXZ 000000018000a130 f    CIL library: CIL module
 0001:00009170       ??__E?s_id@?$TObjectUniqueID@UILibraryBinCache@libmedia@UModSys@@@tl@UModSys@@2USUniquePointer@core@3@A@@YAXXZ 000000018000a170 f    CIL library: CIL module
 0001:000091b0       ??__E?s_id@?$TObjectUniqueID@UILibraryObjFilter@libmedia@UModSys@@@tl@UModSys@@2USUniquePointer@core@3@A@@YAXXZ 000000018000a1b0 f    CIL library: CIL module
 0001:000091f0       ??__E?s_id@?$TObjectUniqueID@UILibraryObjCache@libmedia@UModSys@@@tl@UModSys@@2USUniquePointer@core@3@A@@YAXXZ 000000018000a1f0 f    CIL library: CIL module
 0001:00009230       ??__E?s_id@?$TObjectUniqueID@UILibraryLayered@libmedia@UModSys@@@tl@UModSys@@2USUniquePointer@core@3@A@@YAXXZ 000000018000a230 f    CIL library: CIL module
 0001:00009270       ??__E?s_id@?$TObjectUniqueID@UIConsoleExt@base@UModSys@@@tl@UModSys@@2USUniquePointer@core@3@A@@YAXXZ 000000018000a270 f    CIL library: CIL module
 0001:000092b0       ??__E?s_id@?$TObjectUniqueID@UIConsoleHelper@base@UModSys@@@tl@UModSys@@2USUniquePointer@core@3@A@@YAXXZ 000000018000a2b0 f    CIL library: CIL module
 0001:000092f0       ??__E?s_id@?$TObjectUniqueID@UIConsoleHelperHistory@base@UModSys@@@tl@UModSys@@2USUniquePointer@core@3@A@@YAXXZ 000000018000a2f0 f    CIL library: CIL module
 0001:00009330       ??__E?s_id@?$TObjectUniqueID@UIConsoleHelperInput@base@UModSys@@@tl@UModSys@@2USUniquePointer@core@3@A@@YAXXZ 000000018000a330 f    CIL library: CIL module
 0001:00009370       ??__E?s_id@?$TObjectUniqueID@UIConsoleHelperOutput@base@UModSys@@@tl@UModSys@@2USUniquePointer@core@3@A@@YAXXZ 000000018000a370 f    CIL library: CIL module
 0001:000093b0       ??__E?s_id@?$TObjectUniqueID@UIConsoleHelperOutputFCS@base@UModSys@@@tl@UModSys@@2USUniquePointer@core@3@A@@YAXXZ 000000018000a3b0 f    CIL library: CIL module
 0001:000093f0       ??__E?s_id@?$TObjectUniqueID@UIKeyboardController@libui@UModSys@@@tl@UModSys@@2USUniquePointer@core@3@A@@YAXXZ 000000018000a3f0 f    CIL library: CIL module
 0001:00009430       ??__E?s_id@?$TObjectUniqueID@UIMouseController@libui@UModSys@@@tl@UModSys@@2USUniquePointer@core@3@A@@YAXXZ 000000018000a430 f    CIL library: CIL module
 0001:00009470       ??__E?s_id@?$TObjectUniqueID@UIJoystickController@libui@UModSys@@@tl@UModSys@@2USUniquePointer@core@3@A@@YAXXZ 000000018000a470 f    CIL library: CIL module
 0001:000094b0       ??__E?s_id@?$TObjectUniqueID@UITerminal@libui@UModSys@@@tl@UModSys@@2USUniquePointer@core@3@A@@YAXXZ 000000018000a4b0 f    CIL library: CIL module
 0001:000094f0       ??__E?s_id@?$TObjectUniqueID@UIConsoleHelperInput_UIKey@libui@UModSys@@@tl@UModSys@@2USUniquePointer@core@3@A@@YAXXZ 000000018000a4f0 f    CIL library: CIL module
 0001:00009530       ??__E?s_id@?$TObjectUniqueID@UIImage@lib2d@UModSys@@@tl@UModSys@@2USUniquePointer@core@3@A@@YAXXZ 000000018000a530 f    CIL library: CIL module
 0001:00009570       ??__E?s_id@?$TObjectUniqueID@UIMultiImage@lib2d@UModSys@@@tl@UModSys@@2USUniquePointer@core@3@A@@YAXXZ 000000018000a570 f    CIL library: CIL module
 0001:000095b0       ??__E?s_id@?$TObjectUniqueID@UIRenderDriver@lib2d@UModSys@@@tl@UModSys@@2USUniquePointer@core@3@A@@YAXXZ 000000018000a5b0 f    CIL library: CIL module
 0001:000095f0       ??__E?s_id@?$TObjectUniqueID@UILines@test1@test@modules@UModSys@@@tl@UModSys@@2USUniquePointer@core@3@A@@YAXXZ 000000018000a5f0 f    CIL library: CIL module
 0001:00009630       ??__E?s_id@?$TObjectUniqueID@URLines@test1@test@modules@UModSys@@@tl@UModSys@@2USUniquePointer@core@3@A@@YAXXZ 000000018000a630 f    CIL library: CIL module
 0001:00009670       ??__E?s_id@?$TObjectUniqueID@URLines_Filter@test1@test@modules@UModSys@@@tl@UModSys@@2USUniquePointer@core@3@A@@YAXXZ 000000018000a670 f    CIL library: CIL module
 0001:000096b0       ??__E?s_id@?$TObjectUniqueID@URTest1_Shell@test1@test@modules@UModSys@@@tl@UModSys@@2USUniquePointer@core@3@A@@YAXXZ 000000018000a6b0 f    CIL library: CIL module
 0001:000096f0       ??__E?s_id@?$TObjectUniqueID@URGenerator@test1@test@modules@UModSys@@@tl@UModSys@@2USUniquePointer@core@3@A@@YAXXZ 000000018000a6f0 f    CIL library: CIL module
 0001:00009730       ??__E?s_modreg@RModuleReg@SDL_core@ui@modules@UModSys@@2U12345@A@@YAXXZ 000000018000a730 f    CIL library: CIL module
 0001:00009780       ??__E?s_modreg_chain@RModuleReg@SDL_core@ui@modules@UModSys@@2USModuleRegChain@base@5@A@@YAXXZ 000000018000a780 f    CIL library: CIL module
 0001:000097b0       ??__E?s_uid@RGenerator@SDL_core@ui@modules@UModSys@@2USUniquePointer@core@5@A@@YAXXZ 000000018000a7b0 f    CIL library: CIL module
 0001:000097f0       ??__E?s_id@?$TObjectUniqueID@URMultiImage2D_SDL_ttf@SDL_core@ui@modules@UModSys@@@tl@UModSys@@2USUniquePointer@core@3@A@@YAXXZ 000000018000a7f0 f    CIL library: CIL module
 0001:00009830       ??__E?s_id@?$TObjectUniqueID@URRenderDriver2D@SDL_core@ui@modules@UModSys@@@tl@UModSys@@2USUniquePointer@core@3@A@@YAXXZ 000000018000a830 f    CIL library: CIL module
 0001:00009870       ??__E?s_id@?$TObjectUniqueID@URMouseController@SDL_core@ui@modules@UModSys@@@tl@UModSys@@2USUniquePointer@core@3@A@@YAXXZ 000000018000a870 f    CIL library: CIL module
 0001:000098b0       ??__E?s_id@?$TObjectUniqueID@URKeyboardController@SDL_core@ui@modules@UModSys@@@tl@UModSys@@2USUniquePointer@core@3@A@@YAXXZ 000000018000a8b0 f    CIL library: CIL module
 0001:000098f0       ??__E?s_id@?$TObjectUniqueID@URTerminal@SDL_core@ui@modules@UModSys@@@tl@UModSys@@2USUniquePointer@core@3@A@@YAXXZ 000000018000a8f0 f    CIL library: CIL module
 0001:00009930       ??__E?s_id@?$TObjectUniqueID@URGenerator@SDL_core@ui@modules@UModSys@@@tl@UModSys@@2USUniquePointer@core@3@A@@YAXXZ 000000018000a930 f    CIL library: CIL module
 0001:00009970       ??__E?s_modreg@RModuleReg@images_std@media@modules@UModSys@@2U12345@A@@YAXXZ 000000018000a970 f    CIL library: CIL module
 0001:000099c0       ??__E?s_modreg_chain@RModuleReg@images_std@media@modules@UModSys@@2USModuleRegChain@base@5@A@@YAXXZ 000000018000a9c0 f    CIL library: CIL module
 0001:000099f0       ??__E?s_uid@RGenerator@images_std@media@modules@UModSys@@2USUniquePointer@core@5@A@@YAXXZ 000000018000a9f0 f    CIL library: CIL module
 0001:00009a30       ??__E?s_id@?$TObjectUniqueID@URMediaFilter@images_std@media@modules@UModSys@@@tl@UModSys@@2USUniquePointer@core@3@A@@YAXXZ 000000018000aa30 f    CIL library: CIL module
 0001:00009a70       ??__E?s_id@?$TObjectUniqueID@URGenerator@images_std@media@modules@UModSys@@@tl@UModSys@@2USUniquePointer@core@3@A@@YAXXZ 000000018000aa70 f    CIL library: CIL module
 0001:00009ab0       ??__EM@UModSys@@YAXXZ      000000018000aab0 f    CIL library: CIL module
 0001:00009ad0       ??__E?root@SModuleRegChain@base@UModSys@@2U123@A@@YAXXZ 000000018000aad0 f    CIL library: CIL module
 0001:00009b00       ??__E?s_library@RModuleLibraryReg_Chain@base@UModSys@@2U123@A@@YAXXZ 000000018000ab00 f    CIL library: CIL module
 0001:00009b20       ??__E?root@SUniquePointer@core@UModSys@@2U123@A@@YAXXZ 000000018000ab20 f    CIL library: CIL module
 0001:00009b50       ??__F?s_modreg@RModuleReg@test1@test@modules@UModSys@@2U12345@A@@YAXXZ 000000018000ab50 f    CIL library: CIL module
 0001:00009b70       ??__F?s_modreg_chain@RModuleReg@test1@test@modules@UModSys@@2USModuleRegChain@base@5@A@@YAXXZ 000000018000ab70 f    CIL library: CIL module
 0001:00009b80       ??__F?s_uid@RGenerator@test1@test@modules@UModSys@@2USUniquePointer@core@5@A@@YAXXZ 000000018000ab80 f    CIL library: CIL module
 0001:00009b90       ??__Fh@?1??s_holder@RGenerator@test1@test@modules@UModSys@@SAAEAU?$TTypeStaticHolder@URGenerator@test1@test@modules@UModSys@@@tl@5@XZ@YAXXZ 000000018000ab90 f    CIL library: CIL module
 0001:00009bc0       ??__F?s_id@?$TObjectUniqueID@URGenerator@test1@test@modules@UModSys@@@tl@UModSys@@2USUniquePointer@core@3@A@@YAXXZ 000000018000abc0 f    CIL library: CIL module
 0001:00009bd0       ??__F?s_id@?$TObjectUniqueID@URTest1_Shell@test1@test@modules@UModSys@@@tl@UModSys@@2USUniquePointer@core@3@A@@YAXXZ 000000018000abd0 f    CIL library: CIL module
 0001:00009be0       ??__F?s_id@?$TObjectUniqueID@URLines_Filter@test1@test@modules@UModSys@@@tl@UModSys@@2USUniquePointer@core@3@A@@YAXXZ 000000018000abe0 f    CIL library: CIL module
 0001:00009bf0       ??__F?s_id@?$TObjectUniqueID@URLines@test1@test@modules@UModSys@@@tl@UModSys@@2USUniquePointer@core@3@A@@YAXXZ 000000018000abf0 f    CIL library: CIL module
 0001:00009c00       ??__F?s_id@?$TObjectUniqueID@UILines@test1@test@modules@UModSys@@@tl@UModSys@@2USUniquePointer@core@3@A@@YAXXZ 000000018000ac00 f    CIL library: CIL module
 0001:00009c10       ??__F?s_id@?$TObjectUniqueID@UIRenderDriver@lib2d@UModSys@@@tl@UModSys@@2USUniquePointer@core@3@A@@YAXXZ 000000018000ac10 f    CIL library: CIL module
 0001:00009c20       ??__F?s_id@?$TObjectUniqueID@UIMultiImage@lib2d@UModSys@@@tl@UModSys@@2USUniquePointer@core@3@A@@YAXXZ 000000018000ac20 f    CIL library: CIL module
 0001:00009c30       ??__F?s_id@?$TObjectUniqueID@UIImage@lib2d@UModSys@@@tl@UModSys@@2USUniquePointer@core@3@A@@YAXXZ 000000018000ac30 f    CIL library: CIL module
 0001:00009c40       ??__F?s_id@?$TObjectUniqueID@UIConsoleHelperInput_UIKey@libui@UModSys@@@tl@UModSys@@2USUniquePointer@core@3@A@@YAXXZ 000000018000ac40 f    CIL library: CIL module
 0001:00009c50       ??__F?s_id@?$TObjectUniqueID@UITerminal@libui@UModSys@@@tl@UModSys@@2USUniquePointer@core@3@A@@YAXXZ 000000018000ac50 f    CIL library: CIL module
 0001:00009c60       ??__F?s_id@?$TObjectUniqueID@UIJoystickController@libui@UModSys@@@tl@UModSys@@2USUniquePointer@core@3@A@@YAXXZ 000000018000ac60 f    CIL library: CIL module
 0001:00009c70       ??__F?s_id@?$TObjectUniqueID@UIMouseController@libui@UModSys@@@tl@UModSys@@2USUniquePointer@core@3@A@@YAXXZ 000000018000ac70 f    CIL library: CIL module
 0001:00009c80       ??__F?s_id@?$TObjectUniqueID@UIKeyboardController@libui@UModSys@@@tl@UModSys@@2USUniquePointer@core@3@A@@YAXXZ 000000018000ac80 f    CIL library: CIL module
 0001:00009c90       ??__F?s_id@?$TObjectUniqueID@UIConsoleHelperOutputFCS@base@UModSys@@@tl@UModSys@@2USUniquePointer@core@3@A@@YAXXZ 000000018000ac90 f    CIL library: CIL module
 0001:00009ca0       ??__F?s_id@?$TObjectUniqueID@UIConsoleHelperOutput@base@UModSys@@@tl@UModSys@@2USUniquePointer@core@3@A@@YAXXZ 000000018000aca0 f    CIL library: CIL module
 0001:00009cb0       ??__F?s_id@?$TObjectUniqueID@UIConsoleHelperInput@base@UModSys@@@tl@UModSys@@2USUniquePointer@core@3@A@@YAXXZ 000000018000acb0 f    CIL library: CIL module
 0001:00009cc0       ??__F?s_id@?$TObjectUniqueID@UIConsoleHelperHistory@base@UModSys@@@tl@UModSys@@2USUniquePointer@core@3@A@@YAXXZ 000000018000acc0 f    CIL library: CIL module
 0001:00009cd0       ??__F?s_id@?$TObjectUniqueID@UIConsoleHelper@base@UModSys@@@tl@UModSys@@2USUniquePointer@core@3@A@@YAXXZ 000000018000acd0 f    CIL library: CIL module
 0001:00009ce0       ??__F?s_id@?$TObjectUniqueID@UIConsoleExt@base@UModSys@@@tl@UModSys@@2USUniquePointer@core@3@A@@YAXXZ 000000018000ace0 f    CIL library: CIL module
 0001:00009cf0       ??__F?s_id@?$TObjectUniqueID@UILibraryLayered@libmedia@UModSys@@@tl@UModSys@@2USUniquePointer@core@3@A@@YAXXZ 000000018000acf0 f    CIL library: CIL module
 0001:00009d00       ??__F?s_id@?$TObjectUniqueID@UILibraryObjCache@libmedia@UModSys@@@tl@UModSys@@2USUniquePointer@core@3@A@@YAXXZ 000000018000ad00 f    CIL library: CIL module
 0001:00009d10       ??__F?s_id@?$TObjectUniqueID@UILibraryObjFilter@libmedia@UModSys@@@tl@UModSys@@2USUniquePointer@core@3@A@@YAXXZ 000000018000ad10 f    CIL library: CIL module
 0001:00009d20       ??__F?s_id@?$TObjectUniqueID@UILibraryBinCache@libmedia@UModSys@@@tl@UModSys@@2USUniquePointer@core@3@A@@YAXXZ 000000018000ad20 f    CIL library: CIL module
 0001:00009d30       ??__F?s_id@?$TObjectUniqueID@UILibraryBinTree@libmedia@UModSys@@@tl@UModSys@@2USUniquePointer@core@3@A@@YAXXZ 000000018000ad30 f    CIL library: CIL module
 0001:00009d40       ??__F?s_id@?$TObjectUniqueID@UILibrary@libmedia@UModSys@@@tl@UModSys@@2USUniquePointer@core@3@A@@YAXXZ 000000018000ad40 f    CIL library: CIL module
 0001:00009d50       ??__F?s_id@?$TObjectUniqueID@UIBinObjFilter@libmedia@UModSys@@@tl@UModSys@@2USUniquePointer@core@3@A@@YAXXZ 000000018000ad50 f    CIL library: CIL module
 0001:00009d60       ??__F?s_id@?$TObjectUniqueID@UIBinArchive@libmedia@UModSys@@@tl@UModSys@@2USUniquePointer@core@3@A@@YAXXZ 000000018000ad60 f    CIL library: CIL module
 0001:00009d70       ??__F?s_id@?$TObjectUniqueID@UIStreamWriter@libmedia@UModSys@@@tl@UModSys@@2USUniquePointer@core@3@A@@YAXXZ 000000018000ad70 f    CIL library: CIL module
 0001:00009d80       ??__F?s_id@?$TObjectUniqueID@UIStreamReader@libmedia@UModSys@@@tl@UModSys@@2USUniquePointer@core@3@A@@YAXXZ 000000018000ad80 f    CIL library: CIL module
 0001:00009d90       ??__F?s_id@?$TObjectUniqueID@UISystem@base@UModSys@@@tl@UModSys@@2USUniquePointer@core@3@A@@YAXXZ 000000018000ad90 f    CIL library: CIL module
 0001:00009da0       ??__F?s_id@?$TObjectUniqueID@UIConsole@base@UModSys@@@tl@UModSys@@2USUniquePointer@core@3@A@@YAXXZ 000000018000ada0 f    CIL library: CIL module
 0001:00009db0       ??__F?s_id@?$TObjectUniqueID@UIShell@base@UModSys@@@tl@UModSys@@2USUniquePointer@core@3@A@@YAXXZ 000000018000adb0 f    CIL library: CIL module
 0001:00009dc0       ??__F?s_id@?$TObjectUniqueID@UIGenerator@base@UModSys@@@tl@UModSys@@2USUniquePointer@core@3@A@@YAXXZ 000000018000adc0 f    CIL library: CIL module
 0001:00009dd0       ??__F?s_id@?$TObjectUniqueID@UIModObject@base@UModSys@@@tl@UModSys@@2USUniquePointer@core@3@A@@YAXXZ 000000018000add0 f    CIL library: CIL module
 0001:00009de0       ??__F?s_id@?$TObjectUniqueID@UIModuleLibrary@base@UModSys@@@tl@UModSys@@2USUniquePointer@core@3@A@@YAXXZ 000000018000ade0 f    CIL library: CIL module
 0001:00009df0       ??__F?s_id@?$TObjectUniqueID@UIModule@base@UModSys@@@tl@UModSys@@2USUniquePointer@core@3@A@@YAXXZ 000000018000adf0 f    CIL library: CIL module
 0001:00009e00       ??__F?s_id@?$TObjectUniqueID@UIParameters@core@UModSys@@@tl@UModSys@@2USUniquePointer@core@3@A@@YAXXZ 000000018000ae00 f    CIL library: CIL module
 0001:00009e10       ??__F?s_id@?$TObjectUniqueID@UIRefObject@core@UModSys@@@tl@UModSys@@2USUniquePointer@core@3@A@@YAXXZ 000000018000ae10 f    CIL library: CIL module
 0001:00009e20       ??__F?s_id@?$TObjectUniqueID@UIRoot@core@UModSys@@@tl@UModSys@@2USUniquePointer@core@3@A@@YAXXZ 000000018000ae20 f    CIL library: CIL module
 0001:00009e30       ??__F?s_modreg@RModuleReg@SDL_core@ui@modules@UModSys@@2U12345@A@@YAXXZ 000000018000ae30 f    CIL library: CIL module
 0001:00009e50       ??__F?s_modreg_chain@RModuleReg@SDL_core@ui@modules@UModSys@@2USModuleRegChain@base@5@A@@YAXXZ 000000018000ae50 f    CIL library: CIL module
 0001:00009e60       ??__F?s_uid@RGenerator@SDL_core@ui@modules@UModSys@@2USUniquePointer@core@5@A@@YAXXZ 000000018000ae60 f    CIL library: CIL module
 0001:00009e70       ??__Fh@?1??s_holder@RGenerator@SDL_core@ui@modules@UModSys@@SAAEAU?$TTypeStaticHolder@URGenerator@SDL_core@ui@modules@UModSys@@@tl@5@XZ@YAXXZ 000000018000ae70 f    CIL library: CIL module
 0001:00009ea0       ??__F?s_id@?$TObjectUniqueID@URGenerator@SDL_core@ui@modules@UModSys@@@tl@UModSys@@2USUniquePointer@core@3@A@@YAXXZ 000000018000aea0 f    CIL library: CIL module
 0001:00009eb0       ??__F?s_id@?$TObjectUniqueID@URTerminal@SDL_core@ui@modules@UModSys@@@tl@UModSys@@2USUniquePointer@core@3@A@@YAXXZ 000000018000aeb0 f    CIL library: CIL module
 0001:00009ec0       ??__F?s_id@?$TObjectUniqueID@URKeyboardController@SDL_core@ui@modules@UModSys@@@tl@UModSys@@2USUniquePointer@core@3@A@@YAXXZ 000000018000aec0 f    CIL library: CIL module
 0001:00009ed0       ??__F?s_id@?$TObjectUniqueID@URMouseController@SDL_core@ui@modules@UModSys@@@tl@UModSys@@2USUniquePointer@core@3@A@@YAXXZ 000000018000aed0 f    CIL library: CIL module
 0001:00009ee0       ??__F?s_id@?$TObjectUniqueID@URRenderDriver2D@SDL_core@ui@modules@UModSys@@@tl@UModSys@@2USUniquePointer@core@3@A@@YAXXZ 000000018000aee0 f    CIL library: CIL module
 0001:00009ef0       ??__F?s_id@?$TObjectUniqueID@URMultiImage2D_SDL_ttf@SDL_core@ui@modules@UModSys@@@tl@UModSys@@2USUniquePointer@core@3@A@@YAXXZ 000000018000aef0 f    CIL library: CIL module
 0001:00009f00       ??__F?s_modreg@RModuleReg@images_std@media@modules@UModSys@@2U12345@A@@YAXXZ 000000018000af00 f    CIL library: CIL module
 0001:00009f20       ??__F?s_modreg_chain@RModuleReg@images_std@media@modules@UModSys@@2USModuleRegChain@base@5@A@@YAXXZ 000000018000af20 f    CIL library: CIL module
 0001:00009f30       ??__F?s_uid@RGenerator@images_std@media@modules@UModSys@@2USUniquePointer@core@5@A@@YAXXZ 000000018000af30 f    CIL library: CIL module
 0001:00009f40       ??__Fh@?1??s_holder@RGenerator@images_std@media@modules@UModSys@@SAAEAU?$TTypeStaticHolder@URGenerator@images_std@media@modules@UModSys@@@tl@5@XZ@YAXXZ 000000018000af40 f    CIL library: CIL module
 0001:00009f70       ??__F?s_id@?$TObjectUniqueID@URGenerator@images_std@media@modules@UModSys@@@tl@UModSys@@2USUniquePointer@core@3@A@@YAXXZ 000000018000af70 f    CIL library: CIL module
 0001:00009f80       ??__F?s_id@?$TObjectUniqueID@URMediaFilter@images_std@media@modules@UModSys@@@tl@UModSys@@2USUniquePointer@core@3@A@@YAXXZ 000000018000af80 f    CIL library: CIL module
 0001:00009f90       ??__FM@UModSys@@YAXXZ      000000018000af90 f    CIL library: CIL module
 0001:00009fa0       ??__F?root@SModuleRegChain@base@UModSys@@2U123@A@@YAXXZ 000000018000afa0 f    CIL library: CIL module
 0001:00009fb0       ??__F?s_library@RModuleLibraryReg_Chain@base@UModSys@@2U123@A@@YAXXZ 000000018000afb0 f    CIL library: CIL module
 0001:00009fc0       ??__F?root@SUniquePointer@core@UModSys@@2U123@A@@YAXXZ 000000018000afc0 f    CIL library: CIL module

 Exports

  ordinal    name

        1    UModSys_Plugin_Entry2
