 plugin_test1

 Timestamp is 532c2081 (Fri Mar 21 14:20:33 2014)

 Preferred load address is 0000000180000000

 Start         Length     Name                   Class
 0001:00000000 00047c66H .text                   CODE
 0001:00047c70 0000005eH .text$00                CODE
 0001:00047cd0 000020ccH .text$x                 CODE
 0001:00049da0 00002312H .text$yc                CODE
 0001:0004c0c0 00000abcH .text$yd                CODE
 0002:00000000 000003f8H .idata$5                DATA
 0002:000003f8 00000008H .CRT$XCA                DATA
 0002:00000400 000020c0H .CRT$XCU                DATA
 0002:000024c0 00000008H .CRT$XCZ                DATA
 0002:000024c8 00000008H .CRT$XIA                DATA
 0002:000024d0 00000008H .CRT$XIAA               DATA
 0002:000024d8 00000008H .CRT$XIZ                DATA
 0002:000024e0 00010848H .rdata                  DATA
 0002:00012d30 000031c4H .rdata$r                DATA
 0002:00015ef8 00000008H .rtc$IAA                DATA
 0002:00015f00 00000008H .rtc$IZZ                DATA
 0002:00015f08 00000008H .rtc$TAA                DATA
 0002:00015f10 00000008H .rtc$TZZ                DATA
 0002:00015f18 00004df0H .xdata                  DATA
 0002:0001ad08 0000008cH .idata$2                DATA
 0002:0001ad94 00000014H .idata$3                DATA
 0002:0001ada8 000003f8H .idata$4                DATA
 0002:0001b1a0 000008deH .idata$6                DATA
 0002:0001ba80 00000059H .edata                  DATA
 0003:00000000 00001a80H .data                   DATA
 0003:00001a80 00002478H .bss                    DATA
 0004:00000000 000037b0H .pdata                  DATA

  Address         Publics by Value              Rva+Base               Lib:Object

 0000:00000000       ___safe_se_handler_count   0000000000000000     <absolute>
 0000:00000000       ___safe_se_handler_table   0000000000000000     <absolute>
 0000:00000000       __ImageBase                0000000180000000     <linker-defined>
 0001:00000000       ??1SCMemShared@core@UModSys@@QEAA@XZ 0000000180001000 f i plugin_test1.obj
 0001:00000000       ??1State@RImage_Memory@stdlib@lib2d@modules@UModSys@@QEAA@XZ 0000000180001000 f i umodsys_lib_lib2d:umodsys.mod.2d.stdlib.obj
 0001:00000000       ??1SMemShared@core@UModSys@@QEAA@XZ 0000000180001000 f i plugin_test1.obj
 0001:00000030       ??3IRoot@core@UModSys@@SAXPEAXAEBUSIMemAlloc@12@@Z 0000000180001030 f i plugin_test1.obj
 0001:00000040       ??_ERGenerator@images_std@media@modules@UModSys@@UEAAPEAXI@Z 0000000180001040 f i  CIL library: CIL module
 0001:00000040       ??_ERGenerator@stdlib@lib2d@modules@UModSys@@UEAAPEAXI@Z 0000000180001040 f i  CIL library: CIL module
 0001:00000040       ??_ERGenerator@frames@ui@modules@UModSys@@UEAAPEAXI@Z 0000000180001040 f i  CIL library: CIL module
 0001:00000040       ??_GRGenerator@SDL_core@ui@modules@UModSys@@UEAAPEAXI@Z 0000000180001040 f i umodsys_lib_libui:umodsys.mod.ui.SDL_core.obj
 0001:00000040       ??_GRGenerator@frames@ui@modules@UModSys@@UEAAPEAXI@Z 0000000180001040 f i umodsys_lib_libui:umodsys.mod.ui.frames.obj
 0001:00000040       ??_ERGenerator@zlib@media@modules@UModSys@@UEAAPEAXI@Z 0000000180001040 f i  CIL library: CIL module
 0001:00000040       ??_EIRefObject@core@UModSys@@UEAAPEAXI@Z 0000000180001040 f i  CIL library: CIL module
 0001:00000040       ??_ERGenerator@SDL_GL@ui@modules@UModSys@@UEAAPEAXI@Z 0000000180001040 f i  CIL library: CIL module
 0001:00000040       ??_GRGenerator@images_std@media@modules@UModSys@@UEAAPEAXI@Z 0000000180001040 f i umodsys_lib_libmedia:umodsys.mod.media.images_std.obj
 0001:00000040       ??_ERGenerator@serialize_json@media@modules@UModSys@@UEAAPEAXI@Z 0000000180001040 f i  CIL library: CIL module
 0001:00000040       ??_ERGenerator@test1@test@modules@UModSys@@UEAAPEAXI@Z 0000000180001040 f i  CIL library: CIL module
 0001:00000040       ??_ERGenerator@SDL_core@ui@modules@UModSys@@UEAAPEAXI@Z 0000000180001040 f i  CIL library: CIL module
 0001:00000040       ??_GIRefObject@core@UModSys@@UEAAPEAXI@Z 0000000180001040 f i plugin_test1.obj
 0001:00000040       ??_GRGenerator@stdlib@lib2d@modules@UModSys@@UEAAPEAXI@Z 0000000180001040 f i umodsys_lib_lib2d:umodsys.mod.2d.stdlib.obj
 0001:00000040       ??_GRGenerator@zlib@media@modules@UModSys@@UEAAPEAXI@Z 0000000180001040 f i umodsys_lib_libmedia:umodsys.mod.media.zlib.obj
 0001:00000040       ??_GRGenerator@SDL_GL@ui@modules@UModSys@@UEAAPEAXI@Z 0000000180001040 f i umodsys_lib_libui:umodsys.mod.ui.SDL_GL.obj
 0001:00000040       ??_GRGenerator@serialize_json@media@modules@UModSys@@UEAAPEAXI@Z 0000000180001040 f i umodsys_lib_libmedia:umodsys.mod.media.serialize_json.obj
 0001:00000040       ??_GRGenerator@test1@test@modules@UModSys@@UEAAPEAXI@Z 0000000180001040 f i plugin_test1.obj
 0001:00000070       ??_EIRoot@core@UModSys@@UEAAPEAXI@Z 0000000180001070 f i  CIL library: CIL module
 0001:00000070       ??_GIRoot@core@UModSys@@UEAAPEAXI@Z 0000000180001070 f i plugin_test1.obj
 0001:000000a0       ??1IBinObjFilter@libmedia@UModSys@@UEAA@XZ 00000001800010a0 f i plugin_test1.obj
 0001:000000e0       ?root_get_interface_info@RTest1_Shell@test1@test@modules@UModSys@@UEBAAEBUSUniquePointerInfo@core@5@XZ 00000001800010e0 f i plugin_test1.obj
 0001:000000f0       ?root_get_interface_type@RTest1_Shell@test1@test@modules@UModSys@@UEBAPEBUSUniquePointerInfo@core@5@XZ 00000001800010f0 f i plugin_test1.obj
 0001:00000100       ?root_get_other_interface@RTest1_Shell@test1@test@modules@UModSys@@UEBAPEBUIRoot@core@5@PEBUSUniquePointerInfo@75@@Z 0000000180001100 f i plugin_test1.obj
 0001:00000100       ?root_get_other_interface@RTest1_Shell@test1@test@modules@UModSys@@UEAAPEAUIRoot@core@5@PEBUSUniquePointerInfo@75@@Z 0000000180001100 f i plugin_test1.obj
 0001:00000130       ?root_is_interface_supported@RTest1_Shell@test1@test@modules@UModSys@@UEBA_NPEBUSUniquePointerInfo@core@5@@Z 0000000180001130 f i plugin_test1.obj
 0001:00000160       ?ref_add@RTest1_Shell@test1@test@modules@UModSys@@UEBAXXZ 0000000180001160 f i plugin_test1.obj
 0001:00000170       ?ref_remove@RTest1_Shell@test1@test@modules@UModSys@@UEBAXXZ 0000000180001170 f i plugin_test1.obj
 0001:00000190       ?ref_links@RTest1_Shell@test1@test@modules@UModSys@@UEBAHXZ 0000000180001190 f i plugin_test1.obj
 0001:000001a0       ?ref_weak@RTest1_Shell@test1@test@modules@UModSys@@UEBA_NAEAUWeakPointer@IRefObject@core@5@@Z 00000001800011a0 f i plugin_test1.obj
 0001:000001c0       ?suicide@RTest1_Shell@test1@test@modules@UModSys@@UEAAXXZ 00000001800011c0 f i plugin_test1.obj
 0001:00000210       ??0RTest1_Shell@test1@test@modules@UModSys@@QEAA@PEAUIModObject@base@4@@Z 0000000180001210 f i plugin_test1.obj
 0001:00000360       ??1RTest1_Shell@test1@test@modules@UModSys@@UEAA@XZ 0000000180001360 f i plugin_test1.obj
 0001:00000410       ?connect@RTest1_Shell@test1@test@modules@UModSys@@UEAA_NXZ 0000000180001410 f i plugin_test1.obj
 0001:00000440       ?disconnect@RTest1_Shell@test1@test@modules@UModSys@@UEAA_NXZ 0000000180001440 f i plugin_test1.obj
 0001:00000470       ?process_tick@RTest1_Shell@test1@test@modules@UModSys@@UEAA_NAEBUSTimeMsec@core@5@@Z 0000000180001470 f i plugin_test1.obj
 0001:000004b0       ?process_command@RTest1_Shell@test1@test@modules@UModSys@@UEAA_NHQEBU?$TString@U?$TSCoreConst@D@su@tl@UModSys@@U?$TComparerBinaryHash@D@234@@tl@5@@Z 00000001800014b0 f i plugin_test1.obj
 0001:000004e0       ??_GRTest1_Shell@test1@test@modules@UModSys@@UEAAPEAXI@Z 00000001800014e0 f i plugin_test1.obj
 0001:000004e0       ??_ERTest1_Shell@test1@test@modules@UModSys@@UEAAPEAXI@Z 00000001800014e0 f i  CIL library: CIL module
 0001:00000510       ??1SFrameCreateParameters@libui@UModSys@@QEAA@XZ 0000000180001510 f i plugin_test1.obj
 0001:00000540       ??1UI_Info@RTest1_Shell@test1@test@modules@UModSys@@QEAA@XZ 0000000180001540 f i plugin_test1.obj
 0001:00000640       ?get_generated_names@RGenerator@test1@test@modules@UModSys@@UEBAHAEAUSUniquePtrList@core@5@@Z 0000000180001640 f i plugin_test1.obj
 0001:00000660       ?get_generated_types@RGenerator@test1@test@modules@UModSys@@UEBAHAEAUSUniquePtrList@core@5@PEBUSUniquePointerInfo@75@@Z 0000000180001660 f i plugin_test1.obj
 0001:000006c0       ?generate@RGenerator@test1@test@modules@UModSys@@UEAA_NAEAU?$TRefObject@UIRefObject@core@UModSys@@U?$TRefObjectFunc@UIRefObject@core@UModSys@@@tl@3@@tl@5@PEBUSUniquePointerInfo@core@5@AEBUSParameters@95@@Z 00000001800016c0 f i plugin_test1.obj
 0001:00000760       ?root_get_interface_info@RGenerator@test1@test@modules@UModSys@@UEBAAEBUSUniquePointerInfo@core@5@XZ 0000000180001760 f i plugin_test1.obj
 0001:00000770       ?root_get_interface_type@RGenerator@test1@test@modules@UModSys@@UEBAPEBUSUniquePointerInfo@core@5@XZ 0000000180001770 f i plugin_test1.obj
 0001:00000780       ?root_get_other_interface@RGenerator@test1@test@modules@UModSys@@UEAAPEAUIRoot@core@5@PEBUSUniquePointerInfo@75@@Z 0000000180001780 f i plugin_test1.obj
 0001:00000780       ?root_get_other_interface@RGenerator@test1@test@modules@UModSys@@UEBAPEBUIRoot@core@5@PEBUSUniquePointerInfo@75@@Z 0000000180001780 f i plugin_test1.obj
 0001:000007c0       ?root_is_interface_supported@RGenerator@test1@test@modules@UModSys@@UEBA_NPEBUSUniquePointerInfo@core@5@@Z 00000001800017c0 f i plugin_test1.obj
 0001:00000800       ?get_uid@RGenerator@test1@test@modules@UModSys@@UEBAPEBUSUniquePointerInfo@core@5@XZ 0000000180001800 f i plugin_test1.obj
 0001:00000810       ?do_open@RModuleReg@test1@test@modules@UModSys@@UEAA_NXZ 0000000180001810 f i plugin_test1.obj
 0001:00000850       ?do_close@RModuleReg@test1@test@modules@UModSys@@UEAA_NXZ 0000000180001850 f i plugin_test1.obj
 0001:00000890       ??_GRModuleReg@test1@test@modules@UModSys@@UEAAPEAXI@Z 0000000180001890 f i plugin_test1.obj
 0001:00000890       ??_ERModuleReg@test1@test@modules@UModSys@@UEAAPEAXI@Z 0000000180001890 f i  CIL library: CIL module
 0001:000008c0       ??4?$TString@U?$TSCoreShared@USIMemAlloc@core@UModSys@@D@su@tl@UModSys@@U?$TComparerBinaryHash@D@234@@tl@UModSys@@QEAAAEBU012@AEBU012@@Z 00000001800018c0 f i plugin_test1.obj
 0001:00000910       ??4?$TRefObject@UIRefObject@core@UModSys@@U?$TRefObjectFunc@UIRefObject@core@UModSys@@@tl@3@@tl@UModSys@@QEAAAEBU012@PEAUIRefObject@core@2@@Z 0000000180001910 f i plugin_test1.obj
 0001:00000950       ??1?$TDynarrayDynamic@UVertexPC@UI_Info@RTest1_Shell@test1@test@modules@UModSys@@U?$TAllocator@USIMemAlloc@core@UModSys@@USCountCalcPower2@23@@tl@7@@tl@UModSys@@QEAA@XZ 0000000180001950 f i plugin_test1.obj
 0001:00000990       ?Free@?$TDynarray@U?$TDynarrayHolderDynamic@UVertexPC@UI_Info@RTest1_Shell@test1@test@modules@UModSys@@U?$TAllocator@USIMemAlloc@core@UModSys@@USCountCalcPower2@23@@tl@7@@tl@UModSys@@@tl@UModSys@@QEAA_NXZ 0000000180001990 f i plugin_test1.obj
 0001:00000a10       ?info_release@?$TSCoreShared@USIMemAlloc@core@UModSys@@D@su@tl@UModSys@@QEAAXXZ 0000000180001a10 f i plugin_test1.obj
 0001:00000ab0       ?info_new@?$TSCoreShared@USIMemAlloc@core@UModSys@@D@su@tl@UModSys@@QEAA_NPEBD_K@Z 0000000180001ab0 f i plugin_test1.obj
 0001:00000ba0       ?get_null@?$TSCoreShared@USIMemAlloc@core@UModSys@@D@su@tl@UModSys@@SAPEAU?$TSharedStringInfo@DUSIMemAlloc@core@UModSys@@@234@XZ 0000000180001ba0 f i plugin_test1.obj
 0001:00000bf0       ?set_look_at@?$TMatrix44@N@math3d@UModSys@@QEAA_NAEBU?$TVector3@N@23@00@Z 0000000180001bf0 f i plugin_test1.obj
 0001:00000ed0       ?set_inversed@?$TMatrix44@N@math3d@UModSys@@QEAA_NAEBU123@@Z 0000000180001ed0 f i plugin_test1.obj
 0001:000015c0       ??$generate_type@UICollector@libui@UModSys@@@RTest1_Shell@test1@test@modules@UModSys@@SA?AU?$TRefObject@UICollector@libui@UModSys@@U?$TRefObjectFunc@UICollector@libui@UModSys@@@tl@3@@tl@4@AEBU?$TString@U?$TSCoreConst@D@su@tl@UModSys@@U?$TComparerBinaryHash@D@234@@64@AEBUSParameters@core@4@PEBD@Z 00000001800025c0 f i plugin_test1.obj
 0001:00001770       ??$generate_type@UITerminal@libui@UModSys@@@RTest1_Shell@test1@test@modules@UModSys@@SA?AU?$TRefObject@UITerminal@libui@UModSys@@U?$TRefObjectFunc@UITerminal@libui@UModSys@@@tl@3@@tl@4@AEBU?$TString@U?$TSCoreConst@D@su@tl@UModSys@@U?$TComparerBinaryHash@D@234@@64@AEBUSParameters@core@4@PEBD@Z 0000000180002770 f i plugin_test1.obj
 0001:00001920       ??$shash@D@su@tl@UModSys@@YA_KPEBD_K@Z 0000000180002920 f i plugin_test1.obj
 0001:00001960       ?normalize@?$TVector3@N@math3d@UModSys@@QEAANXZ 0000000180002960 f i plugin_test1.obj
 0001:00001a10       ?ReLink@?$TDynarray@U?$TDynarrayHolderDynamic@UVertexPC@UI_Info@RTest1_Shell@test1@test@modules@UModSys@@U?$TAllocator@USIMemAlloc@core@UModSys@@USCountCalcPower2@23@@tl@7@@tl@UModSys@@@tl@UModSys@@IEAA_N_K@Z 0000000180002a10 f i plugin_test1.obj
 0001:00001a80       ??1?$TRefObject@UIModObject@base@UModSys@@U?$TModObjectFunc@UIModObject@base@UModSys@@@tl@3@@tl@UModSys@@QEAA@XZ 0000000180002a80 f i plugin_test1.obj
 0001:00001ab0       ?mult@?$TMatrix44@N@math3d@UModSys@@QEAAXAEBU123@0@Z 0000000180002ab0 f i plugin_test1.obj
 0001:00001e80       ?get_determinant@?$TMatrix44@N@math3d@UModSys@@QEBANXZ 0000000180002e80 f i plugin_test1.obj
 0001:000020a0       ??$t_ref_get_other_interface@UIStreamReader@libmedia@UModSys@@U?$TRefObjectFunc@UIStreamReader@libmedia@UModSys@@@tl@3@@IRefObject@core@UModSys@@QEAA_NAEAU?$TRefObject@UIStreamReader@libmedia@UModSys@@U?$TRefObjectFunc@UIStreamReader@libmedia@UModSys@@@tl@3@@tl@2@@Z 00000001800030a0 f i plugin_test1.obj
 0001:000020f0       ??$t_ref_get_other_interface@UIStreamWriter@libmedia@UModSys@@U?$TRefObjectFunc@UIStreamWriter@libmedia@UModSys@@@tl@3@@IRefObject@core@UModSys@@QEAA_NAEAU?$TRefObject@UIStreamWriter@libmedia@UModSys@@U?$TRefObjectFunc@UIStreamWriter@libmedia@UModSys@@@tl@3@@tl@2@@Z 00000001800030f0 f i plugin_test1.obj
 0001:00002140       ??$t_generate@UICollector@libui@UModSys@@@SModuleContext@base@UModSys@@QEAA_NAEAU?$TRefObject@UICollector@libui@UModSys@@U?$TRefObjectFunc@UICollector@libui@UModSys@@@tl@3@@tl@2@PEBUSUniquePointerInfo@core@2@AEBUSParameters@62@@Z 0000000180003140 f i plugin_test1.obj
 0001:00002210       ??$t_generate@UITerminal@libui@UModSys@@@SModuleContext@base@UModSys@@QEAA_NAEAU?$TRefObject@UITerminal@libui@UModSys@@U?$TRefObjectFunc@UITerminal@libui@UModSys@@@tl@3@@tl@2@PEBUSUniquePointerInfo@core@2@AEBUSParameters@62@@Z 0000000180003210 f i plugin_test1.obj
 0001:000022e0       ??$t_ref_get_other_interface@UIImage@lib2d@UModSys@@U?$TRefObjectFunc@UIImage@lib2d@UModSys@@@tl@3@@IRefObject@core@UModSys@@QEAA_NAEAU?$TRefObject@UIImage@lib2d@UModSys@@U?$TRefObjectFunc@UIImage@lib2d@UModSys@@@tl@3@@tl@2@@Z 00000001800032e0 f i plugin_test1.obj
 0001:00002330       ??$t_ref_get_other_interface@UIImageFactory@lib2d@UModSys@@U?$TRefObjectFunc@UIImageFactory@lib2d@UModSys@@@tl@3@@IRefObject@core@UModSys@@QEAA_NAEAU?$TRefObject@UIImageFactory@lib2d@UModSys@@U?$TRefObjectFunc@UIImageFactory@lib2d@UModSys@@@tl@3@@tl@2@@Z 0000000180003330 f i plugin_test1.obj
 0001:00002380       ??$t_ref_get_other_interface@UIMultiImage@lib2d@UModSys@@U?$TRefObjectFunc@UIMultiImage@lib2d@UModSys@@@tl@3@@IRefObject@core@UModSys@@QEAA_NAEAU?$TRefObject@UIMultiImage@lib2d@UModSys@@U?$TRefObjectFunc@UIMultiImage@lib2d@UModSys@@@tl@3@@tl@2@@Z 0000000180003380 f i plugin_test1.obj
 0001:000023d0       ?root_get_interface_info@RImage_Memory@stdlib@lib2d@modules@UModSys@@UEBAAEBUSUniquePointerInfo@core@5@XZ 00000001800033d0 f i umodsys_lib_lib2d:umodsys.mod.2d.stdlib.obj
 0001:000023e0       ?root_get_interface_type@RImage_Memory@stdlib@lib2d@modules@UModSys@@UEBAPEBUSUniquePointerInfo@core@5@XZ 00000001800033e0 f i umodsys_lib_lib2d:umodsys.mod.2d.stdlib.obj
 0001:000023f0       ?root_get_other_interface@RImage_Memory@stdlib@lib2d@modules@UModSys@@UEBAPEBUIRoot@core@5@PEBUSUniquePointerInfo@75@@Z 00000001800033f0 f i umodsys_lib_lib2d:umodsys.mod.2d.stdlib.obj
 0001:000023f0       ?root_get_other_interface@RImage_Memory@stdlib@lib2d@modules@UModSys@@UEAAPEAUIRoot@core@5@PEBUSUniquePointerInfo@75@@Z 00000001800033f0 f i umodsys_lib_lib2d:umodsys.mod.2d.stdlib.obj
 0001:00002420       ?root_is_interface_supported@RImage_Memory@stdlib@lib2d@modules@UModSys@@UEBA_NPEBUSUniquePointerInfo@core@5@@Z 0000000180003420 f i umodsys_lib_lib2d:umodsys.mod.2d.stdlib.obj
 0001:00002450       ?suicide@RImage_Memory@stdlib@lib2d@modules@UModSys@@UEAAXXZ 0000000180003450 f i umodsys_lib_lib2d:umodsys.mod.2d.stdlib.obj
 0001:00002450       ?suicide@RTerminal@SDL_GL@ui@modules@UModSys@@UEAAXXZ 0000000180003450 f i umodsys_lib_libui:umodsys.mod.ui.SDL_GL.obj
 0001:00002450       ?suicide@RSerializeReader@serialize_json@media@modules@UModSys@@UEAAXXZ 0000000180003450 f i umodsys_lib_libmedia:umodsys.mod.media.serialize_json.obj
 0001:00002450       ?suicide@RImageFactory_Memory@stdlib@lib2d@modules@UModSys@@UEAAXXZ 0000000180003450 f i umodsys_lib_lib2d:umodsys.mod.2d.stdlib.obj
 0001:00002450       ?suicide@RTerminal@SDL_core@ui@modules@UModSys@@UEAAXXZ 0000000180003450 f i umodsys_lib_libui:umodsys.mod.ui.SDL_core.obj
 0001:00002450       ?suicide@RMultiImage@stdlib@lib2d@modules@UModSys@@UEAAXXZ 0000000180003450 f i umodsys_lib_lib2d:umodsys.mod.2d.stdlib.obj
 0001:00002450       ?suicide@RBinArchiveFrameClient_ZIP@zlib@media@modules@UModSys@@UEAAXXZ 0000000180003450 f i umodsys_lib_libmedia:umodsys.mod.media.zlib.obj
 0001:000024a0       ?root_get_interface_info@RImageFactory_Memory@stdlib@lib2d@modules@UModSys@@UEBAAEBUSUniquePointerInfo@core@5@XZ 00000001800034a0 f i umodsys_lib_lib2d:umodsys.mod.2d.stdlib.obj
 0001:000024b0       ?root_get_interface_type@RImageFactory_Memory@stdlib@lib2d@modules@UModSys@@UEBAPEBUSUniquePointerInfo@core@5@XZ 00000001800034b0 f i umodsys_lib_lib2d:umodsys.mod.2d.stdlib.obj
 0001:000024c0       ?root_get_other_interface@RImageFactory_Memory@stdlib@lib2d@modules@UModSys@@UEBAPEBUIRoot@core@5@PEBUSUniquePointerInfo@75@@Z 00000001800034c0 f i umodsys_lib_lib2d:umodsys.mod.2d.stdlib.obj
 0001:000024c0       ?root_get_other_interface@RImageFactory_Memory@stdlib@lib2d@modules@UModSys@@UEAAPEAUIRoot@core@5@PEBUSUniquePointerInfo@75@@Z 00000001800034c0 f i umodsys_lib_lib2d:umodsys.mod.2d.stdlib.obj
 0001:000024f0       ?root_is_interface_supported@RImageFactory_Memory@stdlib@lib2d@modules@UModSys@@UEBA_NPEBUSUniquePointerInfo@core@5@@Z 00000001800034f0 f i umodsys_lib_lib2d:umodsys.mod.2d.stdlib.obj
 0001:00002520       ?root_get_interface_info@RMultiImage@stdlib@lib2d@modules@UModSys@@UEBAAEBUSUniquePointerInfo@core@5@XZ 0000000180003520 f i umodsys_lib_lib2d:umodsys.mod.2d.stdlib.obj
 0001:00002530       ?root_get_interface_type@RMultiImage@stdlib@lib2d@modules@UModSys@@UEBAPEBUSUniquePointerInfo@core@5@XZ 0000000180003530 f i umodsys_lib_lib2d:umodsys.mod.2d.stdlib.obj
 0001:00002540       ?root_get_other_interface@RMultiImage@stdlib@lib2d@modules@UModSys@@UEBAPEBUIRoot@core@5@PEBUSUniquePointerInfo@75@@Z 0000000180003540 f i umodsys_lib_lib2d:umodsys.mod.2d.stdlib.obj
 0001:00002540       ?root_get_other_interface@RMultiImage@stdlib@lib2d@modules@UModSys@@UEAAPEAUIRoot@core@5@PEBUSUniquePointerInfo@75@@Z 0000000180003540 f i umodsys_lib_lib2d:umodsys.mod.2d.stdlib.obj
 0001:00002570       ?root_is_interface_supported@RMultiImage@stdlib@lib2d@modules@UModSys@@UEBA_NPEBUSUniquePointerInfo@core@5@@Z 0000000180003570 f i umodsys_lib_lib2d:umodsys.mod.2d.stdlib.obj
 0001:000025a0       ?get_generated_names@RGenerator@stdlib@lib2d@modules@UModSys@@UEBAHAEAUSUniquePtrList@core@5@@Z 00000001800035a0 f i umodsys_lib_lib2d:umodsys.mod.2d.stdlib.obj
 0001:000025f0       ?get_generated_types@RGenerator@stdlib@lib2d@modules@UModSys@@UEBAHAEAUSUniquePtrList@core@5@PEBUSUniquePointerInfo@75@@Z 00000001800035f0 f i umodsys_lib_lib2d:umodsys.mod.2d.stdlib.obj
 0001:00002690       ?generate@RGenerator@stdlib@lib2d@modules@UModSys@@UEAA_NAEAU?$TRefObject@UIRefObject@core@UModSys@@U?$TRefObjectFunc@UIRefObject@core@UModSys@@@tl@3@@tl@5@PEBUSUniquePointerInfo@core@5@AEBUSParameters@95@@Z 0000000180003690 f i umodsys_lib_lib2d:umodsys.mod.2d.stdlib.obj
 0001:000027c0       ?root_get_interface_info@RGenerator@stdlib@lib2d@modules@UModSys@@UEBAAEBUSUniquePointerInfo@core@5@XZ 00000001800037c0 f i umodsys_lib_lib2d:umodsys.mod.2d.stdlib.obj
 0001:000027d0       ?root_get_interface_type@RGenerator@stdlib@lib2d@modules@UModSys@@UEBAPEBUSUniquePointerInfo@core@5@XZ 00000001800037d0 f i umodsys_lib_lib2d:umodsys.mod.2d.stdlib.obj
 0001:000027e0       ?root_get_other_interface@RGenerator@stdlib@lib2d@modules@UModSys@@UEBAPEBUIRoot@core@5@PEBUSUniquePointerInfo@75@@Z 00000001800037e0 f i umodsys_lib_lib2d:umodsys.mod.2d.stdlib.obj
 0001:000027e0       ?root_get_other_interface@RGenerator@stdlib@lib2d@modules@UModSys@@UEAAPEAUIRoot@core@5@PEBUSUniquePointerInfo@75@@Z 00000001800037e0 f i umodsys_lib_lib2d:umodsys.mod.2d.stdlib.obj
 0001:00002820       ?root_is_interface_supported@RGenerator@stdlib@lib2d@modules@UModSys@@UEBA_NPEBUSUniquePointerInfo@core@5@@Z 0000000180003820 f i umodsys_lib_lib2d:umodsys.mod.2d.stdlib.obj
 0001:00002860       ?get_uid@RGenerator@stdlib@lib2d@modules@UModSys@@UEBAPEBUSUniquePointerInfo@core@5@XZ 0000000180003860 f i umodsys_lib_lib2d:umodsys.mod.2d.stdlib.obj
 0001:00002870       ??4State@RImage_Memory@stdlib@lib2d@modules@UModSys@@QEAAAEAU012345@AEBU012345@@Z 0000000180003870 f i umodsys_lib_lib2d:umodsys.mod.2d.stdlib.obj
 0001:00002950       ??_GRImage_Memory@stdlib@lib2d@modules@UModSys@@UEAAPEAXI@Z 0000000180003950 f i umodsys_lib_lib2d:umodsys.mod.2d.stdlib.obj
 0001:00002950       ??_ERImage_Memory@stdlib@lib2d@modules@UModSys@@UEAAPEAXI@Z 0000000180003950 f i  CIL library: CIL module
 0001:00002980       ??_ERImageFactory_Memory@stdlib@lib2d@modules@UModSys@@UEAAPEAXI@Z 0000000180003980 f i  CIL library: CIL module
 0001:00002980       ??_GRImageFactory_Memory@stdlib@lib2d@modules@UModSys@@UEAAPEAXI@Z 0000000180003980 f i umodsys_lib_lib2d:umodsys.mod.2d.stdlib.obj
 0001:000029b0       ??_ERMultiImage@stdlib@lib2d@modules@UModSys@@UEAAPEAXI@Z 00000001800039b0 f i  CIL library: CIL module
 0001:000029b0       ??_GRMultiImage@stdlib@lib2d@modules@UModSys@@UEAAPEAXI@Z 00000001800039b0 f i umodsys_lib_lib2d:umodsys.mod.2d.stdlib.obj
 0001:000029e0       ?do_open@RModuleReg@stdlib@lib2d@modules@UModSys@@UEAA_NXZ 00000001800039e0 f i umodsys_lib_lib2d:umodsys.mod.2d.stdlib.obj
 0001:000029f0       ?do_close@RModuleReg@stdlib@lib2d@modules@UModSys@@UEAA_NXZ 00000001800039f0 f i umodsys_lib_lib2d:umodsys.mod.2d.stdlib.obj
 0001:00002a00       ??_ERModuleReg@stdlib@lib2d@modules@UModSys@@UEAAPEAXI@Z 0000000180003a00 f i  CIL library: CIL module
 0001:00002a00       ??_GRModuleReg@stdlib@lib2d@modules@UModSys@@UEAAPEAXI@Z 0000000180003a00 f i umodsys_lib_lib2d:umodsys.mod.2d.stdlib.obj
 0001:00002a30       ??1?$TDynarrayDynamic@USImageCellInfo@lib2d@UModSys@@U?$TAllocator@USIMemAlloc@core@UModSys@@USCountCalcPower2@23@@tl@3@@tl@UModSys@@QEAA@XZ 0000000180003a30 f i umodsys_lib_lib2d:umodsys.mod.2d.stdlib.obj
 0001:00002a40       ??1?$TDynarrayDynamic@U?$TRefObject@UIImage@lib2d@UModSys@@U?$TRefObjectFunc@UIImage@lib2d@UModSys@@@tl@3@@tl@UModSys@@U?$TAllocator@USIMemAlloc@core@UModSys@@USCountCalcPower2@23@@23@@tl@UModSys@@QEAA@XZ 0000000180003a40 f i umodsys_lib_lib2d:umodsys.mod.2d.stdlib.obj
 0001:00002a50       ??1?$TDynarray@U?$TDynarrayHolderDynamic@USImageCellInfo@lib2d@UModSys@@U?$TAllocator@USIMemAlloc@core@UModSys@@USCountCalcPower2@23@@tl@3@@tl@UModSys@@@tl@UModSys@@QEAA@XZ 0000000180003a50 f i umodsys_lib_lib2d:umodsys.mod.2d.stdlib.obj
 0001:00002ac0       ??1?$TDynarray@U?$TDynarrayHolderDynamic@U?$TRefObject@UIImage@lib2d@UModSys@@U?$TRefObjectFunc@UIImage@lib2d@UModSys@@@tl@3@@tl@UModSys@@U?$TAllocator@USIMemAlloc@core@UModSys@@USCountCalcPower2@23@@23@@tl@UModSys@@@tl@UModSys@@QEAA@XZ 0000000180003ac0 f i umodsys_lib_lib2d:umodsys.mod.2d.stdlib.obj
 0001:00002b30       ?ResizeRel@?$TDynarray@U?$TDynarrayHolderDynamic@USImageCellInfo@lib2d@UModSys@@U?$TAllocator@USIMemAlloc@core@UModSys@@USCountCalcPower2@23@@tl@3@@tl@UModSys@@@tl@UModSys@@QEAA_N_J@Z 0000000180003b30 f i umodsys_lib_lib2d:umodsys.mod.2d.stdlib.obj
 0001:00002bf0       ?ResizeRel@?$TDynarray@U?$TDynarrayHolderDynamic@U?$TRefObject@UIImage@lib2d@UModSys@@U?$TRefObjectFunc@UIImage@lib2d@UModSys@@@tl@3@@tl@UModSys@@U?$TAllocator@USIMemAlloc@core@UModSys@@USCountCalcPower2@23@@23@@tl@UModSys@@@tl@UModSys@@QEAA_N_J@Z 0000000180003bf0 f i umodsys_lib_lib2d:umodsys.mod.2d.stdlib.obj
 0001:00002d20       ??$ValidateConstruction@UIRefObject@core@UModSys@@URMultiImage@stdlib@lib2d@modules@3@@core@UModSys@@YA_NAEAU?$TRefObject@UIRefObject@core@UModSys@@U?$TRefObjectFunc@UIRefObject@core@UModSys@@@tl@3@@tl@1@PEAURMultiImage@stdlib@lib2d@modules@1@@Z 0000000180003d20 f i umodsys_lib_lib2d:umodsys.mod.2d.stdlib.obj
 0001:00002da0       ?set_stage@SGLFuncs@SDL_GL@ui@modules@UModSys@@QEBAXH@Z 0000000180003da0 f i umodsys_lib_libui:umodsys.mod.ui.SDL_GL.obj
 0001:00002e00       ?set_composite_all@SGLFuncsLegacy@SDL_GL@ui@modules@UModSys@@QEBAXH@Z 0000000180003e00 f i umodsys_lib_libui:umodsys.mod.ui.SDL_GL.obj
 0001:00002ed0       ?crebind@STextureGL@SDL_GL@ui@modules@UModSys@@QEAAX_N@Z 0000000180003ed0 f i umodsys_lib_libui:umodsys.mod.ui.SDL_GL.obj
 0001:00002f10       ?root_get_interface_info@RKeyboardController@SDL_GL@ui@modules@UModSys@@UEBAAEBUSUniquePointerInfo@core@5@XZ 0000000180003f10 f i umodsys_lib_libui:umodsys.mod.ui.SDL_GL.obj
 0001:00002f20       ?root_get_interface_type@RKeyboardController@SDL_GL@ui@modules@UModSys@@UEBAPEBUSUniquePointerInfo@core@5@XZ 0000000180003f20 f i umodsys_lib_libui:umodsys.mod.ui.SDL_GL.obj
 0001:00002f30       ?root_get_other_interface@RKeyboardController@SDL_GL@ui@modules@UModSys@@UEAAPEAUIRoot@core@5@PEBUSUniquePointerInfo@75@@Z 0000000180003f30 f i umodsys_lib_libui:umodsys.mod.ui.SDL_GL.obj
 0001:00002f30       ?root_get_other_interface@RKeyboardController@SDL_GL@ui@modules@UModSys@@UEBAPEBUIRoot@core@5@PEBUSUniquePointerInfo@75@@Z 0000000180003f30 f i umodsys_lib_libui:umodsys.mod.ui.SDL_GL.obj
 0001:00002f60       ?root_is_interface_supported@RKeyboardController@SDL_GL@ui@modules@UModSys@@UEBA_NPEBUSUniquePointerInfo@core@5@@Z 0000000180003f60 f i umodsys_lib_libui:umodsys.mod.ui.SDL_GL.obj
 0001:00002f90       ?root_get_interface_info@RMouseController@SDL_GL@ui@modules@UModSys@@UEBAAEBUSUniquePointerInfo@core@5@XZ 0000000180003f90 f i umodsys_lib_libui:umodsys.mod.ui.SDL_GL.obj
 0001:00002fa0       ?root_get_interface_type@RMouseController@SDL_GL@ui@modules@UModSys@@UEBAPEBUSUniquePointerInfo@core@5@XZ 0000000180003fa0 f i umodsys_lib_libui:umodsys.mod.ui.SDL_GL.obj
 0001:00002fb0       ?root_get_other_interface@RMouseController@SDL_GL@ui@modules@UModSys@@UEAAPEAUIRoot@core@5@PEBUSUniquePointerInfo@75@@Z 0000000180003fb0 f i umodsys_lib_libui:umodsys.mod.ui.SDL_GL.obj
 0001:00002fb0       ?root_get_other_interface@RMouseController@SDL_GL@ui@modules@UModSys@@UEBAPEBUIRoot@core@5@PEBUSUniquePointerInfo@75@@Z 0000000180003fb0 f i umodsys_lib_libui:umodsys.mod.ui.SDL_GL.obj
 0001:00002fe0       ?root_is_interface_supported@RMouseController@SDL_GL@ui@modules@UModSys@@UEBA_NPEBUSUniquePointerInfo@core@5@@Z 0000000180003fe0 f i umodsys_lib_libui:umodsys.mod.ui.SDL_GL.obj
 0001:00003010       ?ref_add@RMouseController@SDL_core@ui@modules@UModSys@@UEBAXXZ 0000000180004010 f i umodsys_lib_libui:umodsys.mod.ui.SDL_core.obj
 0001:00003010       ?ref_add@RKeyboardController@SDL_GL@ui@modules@UModSys@@UEBAXXZ 0000000180004010 f i umodsys_lib_libui:umodsys.mod.ui.SDL_GL.obj
 0001:00003010       ?ref_add@RRenderDriver2D@SDL_core@ui@modules@UModSys@@UEBAXXZ 0000000180004010 f i umodsys_lib_libui:umodsys.mod.ui.SDL_core.obj
 0001:00003010       ?ref_add@RKeyboardController@SDL_core@ui@modules@UModSys@@UEBAXXZ 0000000180004010 f i umodsys_lib_libui:umodsys.mod.ui.SDL_core.obj
 0001:00003010       ?ref_add@RRenderDriver3D@SDL_GL@ui@modules@UModSys@@UEBAXXZ 0000000180004010 f i umodsys_lib_libui:umodsys.mod.ui.SDL_GL.obj
 0001:00003010       ?ref_add@RMouseController@SDL_GL@ui@modules@UModSys@@UEBAXXZ 0000000180004010 f i umodsys_lib_libui:umodsys.mod.ui.SDL_GL.obj
 0001:00003020       ?ref_links@RMouseController@SDL_core@ui@modules@UModSys@@UEBAHXZ 0000000180004020 f i umodsys_lib_libui:umodsys.mod.ui.SDL_core.obj
 0001:00003020       ?ref_links@RMouseController@SDL_GL@ui@modules@UModSys@@UEBAHXZ 0000000180004020 f i umodsys_lib_libui:umodsys.mod.ui.SDL_GL.obj
 0001:00003020       ?ref_links@RRenderDriver3D@SDL_GL@ui@modules@UModSys@@UEBAHXZ 0000000180004020 f i umodsys_lib_libui:umodsys.mod.ui.SDL_GL.obj
 0001:00003020       ?ref_links@RRenderDriver2D@SDL_core@ui@modules@UModSys@@UEBAHXZ 0000000180004020 f i umodsys_lib_libui:umodsys.mod.ui.SDL_core.obj
 0001:00003020       ?ref_links@RKeyboardController@SDL_GL@ui@modules@UModSys@@UEBAHXZ 0000000180004020 f i umodsys_lib_libui:umodsys.mod.ui.SDL_GL.obj
 0001:00003020       ?ref_links@RKeyboardController@SDL_core@ui@modules@UModSys@@UEBAHXZ 0000000180004020 f i umodsys_lib_libui:umodsys.mod.ui.SDL_core.obj
 0001:00003030       ?ref_weak@RMouseController@SDL_core@ui@modules@UModSys@@UEBA_NAEAUWeakPointer@IRefObject@core@5@@Z 0000000180004030 f i umodsys_lib_libui:umodsys.mod.ui.SDL_core.obj
 0001:00003030       ?ref_weak@RMouseController@SDL_GL@ui@modules@UModSys@@UEBA_NAEAUWeakPointer@IRefObject@core@5@@Z 0000000180004030 f i umodsys_lib_libui:umodsys.mod.ui.SDL_GL.obj
 0001:00003030       ?ref_weak@RKeyboardController@SDL_core@ui@modules@UModSys@@UEBA_NAEAUWeakPointer@IRefObject@core@5@@Z 0000000180004030 f i umodsys_lib_libui:umodsys.mod.ui.SDL_core.obj
 0001:00003030       ?ref_weak@RRenderDriver2D@SDL_core@ui@modules@UModSys@@UEBA_NAEAUWeakPointer@IRefObject@core@5@@Z 0000000180004030 f i umodsys_lib_libui:umodsys.mod.ui.SDL_core.obj
 0001:00003030       ?ref_weak@RKeyboardController@SDL_GL@ui@modules@UModSys@@UEBA_NAEAUWeakPointer@IRefObject@core@5@@Z 0000000180004030 f i umodsys_lib_libui:umodsys.mod.ui.SDL_GL.obj
 0001:00003030       ?ref_weak@RRenderDriver3D@SDL_GL@ui@modules@UModSys@@UEBA_NAEAUWeakPointer@IRefObject@core@5@@Z 0000000180004030 f i umodsys_lib_libui:umodsys.mod.ui.SDL_GL.obj
 0001:00003050       ?root_get_interface_info@RTerminal@SDL_GL@ui@modules@UModSys@@UEBAAEBUSUniquePointerInfo@core@5@XZ 0000000180004050 f i umodsys_lib_libui:umodsys.mod.ui.SDL_GL.obj
 0001:00003060       ?root_get_interface_type@RTerminal@SDL_GL@ui@modules@UModSys@@UEBAPEBUSUniquePointerInfo@core@5@XZ 0000000180004060 f i umodsys_lib_libui:umodsys.mod.ui.SDL_GL.obj
 0001:00003070       ?root_get_other_interface@RTerminal@SDL_GL@ui@modules@UModSys@@UEAAPEAUIRoot@core@5@PEBUSUniquePointerInfo@75@@Z 0000000180004070 f i umodsys_lib_libui:umodsys.mod.ui.SDL_GL.obj
 0001:00003070       ?root_get_other_interface@RTerminal@SDL_GL@ui@modules@UModSys@@UEBAPEBUIRoot@core@5@PEBUSUniquePointerInfo@75@@Z 0000000180004070 f i umodsys_lib_libui:umodsys.mod.ui.SDL_GL.obj
 0001:000030a0       ?root_is_interface_supported@RTerminal@SDL_GL@ui@modules@UModSys@@UEBA_NPEBUSUniquePointerInfo@core@5@@Z 00000001800040a0 f i umodsys_lib_libui:umodsys.mod.ui.SDL_GL.obj
 0001:000030d0       ?root_get_interface_info@RMultiImage2D_SDL_ttf@SDL_GL@ui@modules@UModSys@@UEBAAEBUSUniquePointerInfo@core@5@XZ 00000001800040d0 f i umodsys_lib_libui:umodsys.mod.ui.SDL_GL.obj
 0001:000030e0       ?root_get_interface_type@RMultiImage2D_SDL_ttf@SDL_GL@ui@modules@UModSys@@UEBAPEBUSUniquePointerInfo@core@5@XZ 00000001800040e0 f i umodsys_lib_libui:umodsys.mod.ui.SDL_GL.obj
 0001:000030f0       ?root_get_other_interface@RMultiImage2D_SDL_ttf@SDL_GL@ui@modules@UModSys@@UEBAPEBUIRoot@core@5@PEBUSUniquePointerInfo@75@@Z 00000001800040f0 f i umodsys_lib_libui:umodsys.mod.ui.SDL_GL.obj
 0001:000030f0       ?root_get_other_interface@RMultiImage2D_SDL_ttf@SDL_GL@ui@modules@UModSys@@UEAAPEAUIRoot@core@5@PEBUSUniquePointerInfo@75@@Z 00000001800040f0 f i umodsys_lib_libui:umodsys.mod.ui.SDL_GL.obj
 0001:00003120       ?root_is_interface_supported@RMultiImage2D_SDL_ttf@SDL_GL@ui@modules@UModSys@@UEBA_NPEBUSUniquePointerInfo@core@5@@Z 0000000180004120 f i umodsys_lib_libui:umodsys.mod.ui.SDL_GL.obj
 0001:00003150       ?suicide@RMultiImage2D_SDL_ttf@SDL_GL@ui@modules@UModSys@@UEAAXXZ 0000000180004150 f i umodsys_lib_libui:umodsys.mod.ui.SDL_GL.obj
 0001:00003150       ?suicide@RMultiImage2D_SDL_ttf@SDL_core@ui@modules@UModSys@@UEAAXXZ 0000000180004150 f i umodsys_lib_libui:umodsys.mod.ui.SDL_core.obj
 0001:00003150       ?suicide@RVertexArray@SDL_GL@ui@modules@UModSys@@UEAAXXZ 0000000180004150 f i umodsys_lib_libui:umodsys.mod.ui.SDL_GL.obj
 0001:00003150       ?suicide@RDialog@frames@ui@modules@UModSys@@UEAAXXZ 0000000180004150 f i umodsys_lib_libui:umodsys.mod.ui.frames.obj
 0001:000031a0       ??1Glyph@RMultiImage2D_SDL_ttf@SDL_GL@ui@modules@UModSys@@QEAA@XZ 00000001800041a0 f i umodsys_lib_libui:umodsys.mod.ui.SDL_GL.obj
 0001:000031d0       ?root_get_interface_info@RRenderDriver3D@SDL_GL@ui@modules@UModSys@@UEBAAEBUSUniquePointerInfo@core@5@XZ 00000001800041d0 f i umodsys_lib_libui:umodsys.mod.ui.SDL_GL.obj
 0001:000031e0       ?root_get_interface_type@RRenderDriver3D@SDL_GL@ui@modules@UModSys@@UEBAPEBUSUniquePointerInfo@core@5@XZ 00000001800041e0 f i umodsys_lib_libui:umodsys.mod.ui.SDL_GL.obj
 0001:000031f0       ?root_get_other_interface@RRenderDriver3D@SDL_GL@ui@modules@UModSys@@UEAAPEAUIRoot@core@5@PEBUSUniquePointerInfo@75@@Z 00000001800041f0 f i umodsys_lib_libui:umodsys.mod.ui.SDL_GL.obj
 0001:000031f0       ?root_get_other_interface@RRenderDriver3D@SDL_GL@ui@modules@UModSys@@UEBAPEBUIRoot@core@5@PEBUSUniquePointerInfo@75@@Z 00000001800041f0 f i umodsys_lib_libui:umodsys.mod.ui.SDL_GL.obj
 0001:00003230       ?root_is_interface_supported@RRenderDriver3D@SDL_GL@ui@modules@UModSys@@UEBA_NPEBUSUniquePointerInfo@core@5@@Z 0000000180004230 f i umodsys_lib_libui:umodsys.mod.ui.SDL_GL.obj
 0001:00003270       ?ref_remove@RKeyboardController@SDL_GL@ui@modules@UModSys@@UEBAXXZ 0000000180004270 f i umodsys_lib_libui:umodsys.mod.ui.SDL_GL.obj
 0001:00003270       ?ref_remove@RKeyboardController@SDL_core@ui@modules@UModSys@@UEBAXXZ 0000000180004270 f i umodsys_lib_libui:umodsys.mod.ui.SDL_core.obj
 0001:00003270       ?ref_remove@RRenderDriver2D@SDL_core@ui@modules@UModSys@@UEBAXXZ 0000000180004270 f i umodsys_lib_libui:umodsys.mod.ui.SDL_core.obj
 0001:00003270       ?ref_remove@RRenderDriver3D@SDL_GL@ui@modules@UModSys@@UEBAXXZ 0000000180004270 f i umodsys_lib_libui:umodsys.mod.ui.SDL_GL.obj
 0001:00003270       ?ref_remove@RMouseController@SDL_GL@ui@modules@UModSys@@UEBAXXZ 0000000180004270 f i umodsys_lib_libui:umodsys.mod.ui.SDL_GL.obj
 0001:00003270       ?ref_remove@RMouseController@SDL_core@ui@modules@UModSys@@UEBAXXZ 0000000180004270 f i umodsys_lib_libui:umodsys.mod.ui.SDL_core.obj
 0001:00003280       ?suicide@RKeyboardController@SDL_core@ui@modules@UModSys@@UEAAXXZ 0000000180004280 f i umodsys_lib_libui:umodsys.mod.ui.SDL_core.obj
 0001:00003280       ?suicide@RRenderDriver2D@SDL_core@ui@modules@UModSys@@UEAAXXZ 0000000180004280 f i umodsys_lib_libui:umodsys.mod.ui.SDL_core.obj
 0001:00003280       ?suicide@RMouseController@SDL_core@ui@modules@UModSys@@UEAAXXZ 0000000180004280 f i umodsys_lib_libui:umodsys.mod.ui.SDL_core.obj
 0001:00003280       ?suicide@RKeyboardController@SDL_GL@ui@modules@UModSys@@UEAAXXZ 0000000180004280 f i umodsys_lib_libui:umodsys.mod.ui.SDL_GL.obj
 0001:00003280       ?suicide@RMouseController@SDL_GL@ui@modules@UModSys@@UEAAXXZ 0000000180004280 f i umodsys_lib_libui:umodsys.mod.ui.SDL_GL.obj
 0001:00003280       ?suicide@RRenderDriver3D@SDL_GL@ui@modules@UModSys@@UEAAXXZ 0000000180004280 f i umodsys_lib_libui:umodsys.mod.ui.SDL_GL.obj
 0001:000032a0       ?root_get_interface_info@RTerminalX@SDL_GL@ui@modules@UModSys@@UEBAAEBUSUniquePointerInfo@core@5@XZ 00000001800042a0 f i umodsys_lib_libui:umodsys.mod.ui.SDL_GL.obj
 0001:000032b0       ?root_get_interface_type@RTerminalX@SDL_GL@ui@modules@UModSys@@UEBAPEBUSUniquePointerInfo@core@5@XZ 00000001800042b0 f i umodsys_lib_libui:umodsys.mod.ui.SDL_GL.obj
 0001:000032c0       ?root_get_other_interface@RTerminalX@SDL_GL@ui@modules@UModSys@@UEAAPEAUIRoot@core@5@PEBUSUniquePointerInfo@75@@Z 00000001800042c0 f i umodsys_lib_libui:umodsys.mod.ui.SDL_GL.obj
 0001:000032c0       ?root_get_other_interface@RTerminalX@SDL_GL@ui@modules@UModSys@@UEBAPEBUIRoot@core@5@PEBUSUniquePointerInfo@75@@Z 00000001800042c0 f i umodsys_lib_libui:umodsys.mod.ui.SDL_GL.obj
 0001:000032f0       ?root_is_interface_supported@RTerminalX@SDL_GL@ui@modules@UModSys@@UEBA_NPEBUSUniquePointerInfo@core@5@@Z 00000001800042f0 f i umodsys_lib_libui:umodsys.mod.ui.SDL_GL.obj
 0001:00003330       ?root_get_interface_info@RVertexArray@SDL_GL@ui@modules@UModSys@@UEBAAEBUSUniquePointerInfo@core@5@XZ 0000000180004330 f i umodsys_lib_libui:umodsys.mod.ui.SDL_GL.obj
 0001:00003340       ?root_get_interface_type@RVertexArray@SDL_GL@ui@modules@UModSys@@UEBAPEBUSUniquePointerInfo@core@5@XZ 0000000180004340 f i umodsys_lib_libui:umodsys.mod.ui.SDL_GL.obj
 0001:00003350       ?root_get_other_interface@RVertexArray@SDL_GL@ui@modules@UModSys@@UEAAPEAUIRoot@core@5@PEBUSUniquePointerInfo@75@@Z 0000000180004350 f i umodsys_lib_libui:umodsys.mod.ui.SDL_GL.obj
 0001:00003350       ?root_get_other_interface@RVertexArray@SDL_GL@ui@modules@UModSys@@UEBAPEBUIRoot@core@5@PEBUSUniquePointerInfo@75@@Z 0000000180004350 f i umodsys_lib_libui:umodsys.mod.ui.SDL_GL.obj
 0001:00003380       ?root_is_interface_supported@RVertexArray@SDL_GL@ui@modules@UModSys@@UEBA_NPEBUSUniquePointerInfo@core@5@@Z 0000000180004380 f i umodsys_lib_libui:umodsys.mod.ui.SDL_GL.obj
 0001:000033b0       ?get_generated_names@RGenerator@SDL_GL@ui@modules@UModSys@@UEBAHAEAUSUniquePtrList@core@5@@Z 00000001800043b0 f i umodsys_lib_libui:umodsys.mod.ui.SDL_GL.obj
 0001:000033d0       ?get_generated_types@RGenerator@SDL_GL@ui@modules@UModSys@@UEBAHAEAUSUniquePtrList@core@5@PEBUSUniquePointerInfo@75@@Z 00000001800043d0 f i umodsys_lib_libui:umodsys.mod.ui.SDL_GL.obj
 0001:00003440       ?generate@RGenerator@SDL_GL@ui@modules@UModSys@@UEAA_NAEAU?$TRefObject@UIRefObject@core@UModSys@@U?$TRefObjectFunc@UIRefObject@core@UModSys@@@tl@3@@tl@5@PEBUSUniquePointerInfo@core@5@AEBUSParameters@95@@Z 0000000180004440 f i umodsys_lib_libui:umodsys.mod.ui.SDL_GL.obj
 0001:000034c0       ?root_get_interface_info@RGenerator@SDL_GL@ui@modules@UModSys@@UEBAAEBUSUniquePointerInfo@core@5@XZ 00000001800044c0 f i umodsys_lib_libui:umodsys.mod.ui.SDL_GL.obj
 0001:000034d0       ?root_get_interface_type@RGenerator@SDL_GL@ui@modules@UModSys@@UEBAPEBUSUniquePointerInfo@core@5@XZ 00000001800044d0 f i umodsys_lib_libui:umodsys.mod.ui.SDL_GL.obj
 0001:000034e0       ?root_get_other_interface@RGenerator@SDL_GL@ui@modules@UModSys@@UEAAPEAUIRoot@core@5@PEBUSUniquePointerInfo@75@@Z 00000001800044e0 f i umodsys_lib_libui:umodsys.mod.ui.SDL_GL.obj
 0001:000034e0       ?root_get_other_interface@RGenerator@SDL_GL@ui@modules@UModSys@@UEBAPEBUIRoot@core@5@PEBUSUniquePointerInfo@75@@Z 00000001800044e0 f i umodsys_lib_libui:umodsys.mod.ui.SDL_GL.obj
 0001:00003520       ?root_is_interface_supported@RGenerator@SDL_GL@ui@modules@UModSys@@UEBA_NPEBUSUniquePointerInfo@core@5@@Z 0000000180004520 f i umodsys_lib_libui:umodsys.mod.ui.SDL_GL.obj
 0001:00003560       ?get_uid@RGenerator@SDL_GL@ui@modules@UModSys@@UEBAPEBUSUniquePointerInfo@core@5@XZ 0000000180004560 f i umodsys_lib_libui:umodsys.mod.ui.SDL_GL.obj
 0001:00003570       ??_ERKeyboardController@SDL_GL@ui@modules@UModSys@@UEAAPEAXI@Z 0000000180004570 f i  CIL library: CIL module
 0001:00003570       ??_GRKeyboardController@SDL_GL@ui@modules@UModSys@@UEAAPEAXI@Z 0000000180004570 f i umodsys_lib_libui:umodsys.mod.ui.SDL_GL.obj
 0001:000035a0       ??_GRMouseController@SDL_GL@ui@modules@UModSys@@UEAAPEAXI@Z 00000001800045a0 f i umodsys_lib_libui:umodsys.mod.ui.SDL_GL.obj
 0001:000035a0       ??_ERMouseController@SDL_GL@ui@modules@UModSys@@UEAAPEAXI@Z 00000001800045a0 f i  CIL library: CIL module
 0001:000035d0       ??_GRTerminal@SDL_GL@ui@modules@UModSys@@UEAAPEAXI@Z 00000001800045d0 f i umodsys_lib_libui:umodsys.mod.ui.SDL_GL.obj
 0001:000035d0       ??_ERTerminal@SDL_GL@ui@modules@UModSys@@UEAAPEAXI@Z 00000001800045d0 f i  CIL library: CIL module
 0001:00003600       ??_GRMultiImage2D_SDL_ttf@SDL_GL@ui@modules@UModSys@@UEAAPEAXI@Z 0000000180004600 f i umodsys_lib_libui:umodsys.mod.ui.SDL_GL.obj
 0001:00003600       ??_ERMultiImage2D_SDL_ttf@SDL_GL@ui@modules@UModSys@@UEAAPEAXI@Z 0000000180004600 f i  CIL library: CIL module
 0001:00003630       ?set_flags@SGLFuncs@SDL_GL@ui@modules@UModSys@@QEBAXPEBUTextureInfo@12345@AEBUSRenderMapFlags@lib3d@5@@Z 0000000180004630 f i umodsys_lib_libui:umodsys.mod.ui.SDL_GL.obj
 0001:00003730       ??_GRRenderDriver3D@SDL_GL@ui@modules@UModSys@@UEAAPEAXI@Z 0000000180004730 f i umodsys_lib_libui:umodsys.mod.ui.SDL_GL.obj
 0001:00003730       ??_ERRenderDriver3D@SDL_GL@ui@modules@UModSys@@UEAAPEAXI@Z 0000000180004730 f i  CIL library: CIL module
 0001:00003760       ??_ERVertexArray@SDL_GL@ui@modules@UModSys@@UEAAPEAXI@Z 0000000180004760 f i  CIL library: CIL module
 0001:00003760       ??_GRVertexArray@SDL_GL@ui@modules@UModSys@@UEAAPEAXI@Z 0000000180004760 f i umodsys_lib_libui:umodsys.mod.ui.SDL_GL.obj
 0001:00003790       ??_GRTerminalX@SDL_GL@ui@modules@UModSys@@UEAAPEAXI@Z 0000000180004790 f i umodsys_lib_libui:umodsys.mod.ui.SDL_GL.obj
 0001:00003790       ??_ERTerminalX@SDL_GL@ui@modules@UModSys@@UEAAPEAXI@Z 0000000180004790 f i  CIL library: CIL module
 0001:000037c0       ?do_open@RModuleReg@SDL_GL@ui@modules@UModSys@@UEAA_NXZ 00000001800047c0 f i umodsys_lib_libui:umodsys.mod.ui.SDL_GL.obj
 0001:000037d0       ?do_close@RModuleReg@SDL_GL@ui@modules@UModSys@@UEAA_NXZ 00000001800047d0 f i umodsys_lib_libui:umodsys.mod.ui.SDL_GL.obj
 0001:000037e0       ??_GRModuleReg@SDL_GL@ui@modules@UModSys@@UEAAPEAXI@Z 00000001800047e0 f i umodsys_lib_libui:umodsys.mod.ui.SDL_GL.obj
 0001:000037e0       ??_ERModuleReg@SDL_GL@ui@modules@UModSys@@UEAAPEAXI@Z 00000001800047e0 f i  CIL library: CIL module
 0001:00003810       ??1?$TScatterArray@UGlyph@RMultiImage2D_SDL_ttf@SDL_GL@ui@modules@UModSys@@HU?$TScalarCompare@H@core@6@U?$TNodeDeleter0@U?$TScatterArrayNode@UGlyph@RMultiImage2D_SDL_ttf@SDL_GL@ui@modules@UModSys@@H@tl@UModSys@@@tl@6@@tl@UModSys@@QEAA@XZ 0000000180004810 f i umodsys_lib_libui:umodsys.mod.ui.SDL_GL.obj
 0001:00003840       ??1?$TDynarrayDynamic@USLayInfo@RVertexArray@SDL_GL@ui@modules@UModSys@@U?$TAllocator@USIMemAlloc@core@UModSys@@USCountCalcExact@23@@tl@6@@tl@UModSys@@QEAA@XZ 0000000180004840 f i umodsys_lib_libui:umodsys.mod.ui.SDL_GL.obj
 0001:00003850       ??1?$TDynarray@U?$TDynarrayHolderDynamic@USLayInfo@RVertexArray@SDL_GL@ui@modules@UModSys@@U?$TAllocator@USIMemAlloc@core@UModSys@@USCountCalcExact@23@@tl@6@@tl@UModSys@@@tl@UModSys@@QEAA@XZ 0000000180004850 f i umodsys_lib_libui:umodsys.mod.ui.SDL_GL.obj
 0001:000038c0       ?remove_node@?$TTreeHoldRB@U?$TScatterArrayNode@U?$TRefObjectComposite@UIKeyboardClient@libui@UModSys@@UIRefObject@core@3@U?$TRefObjectFunc@UIRefObject@core@UModSys@@@tl@3@@tl@UModSys@@H@tl@UModSys@@@tl@UModSys@@QEAAXPEAU?$TScatterArrayNode@U?$TRefObjectComposite@UIKeyboardClient@libui@UModSys@@UIRefObject@core@3@U?$TRefObjectFunc@UIRefObject@core@UModSys@@@tl@3@@tl@UModSys@@H@23@@Z 00000001800048c0 f i umodsys_lib_libui:umodsys.mod.ui.SDL_GL.obj
 0001:000038c0       ?remove_node@?$TTreeHoldRB@U?$TScatterArrayNode@U?$TRefObjectCompositeExtra@UIMouseClient@libui@UModSys@@HUIRefObject@core@3@U?$TRefObjectFunc@UIRefObject@core@UModSys@@@tl@3@@tl@UModSys@@H@tl@UModSys@@@tl@UModSys@@QEAAXPEAU?$TScatterArrayNode@U?$TRefObjectCompositeExtra@UIMouseClient@libui@UModSys@@HUIRefObject@core@3@U?$TRefObjectFunc@UIRefObject@core@UModSys@@@tl@3@@tl@UModSys@@H@23@@Z 00000001800048c0 f i umodsys_lib_libui:umodsys.mod.ui.SDL_GL.obj
 0001:000039e0       ??R?$TNodeDeleter0@U?$TScatterArrayNode@U?$TRefObjectCompositeExtra@UIMouseClient@libui@UModSys@@HUIRefObject@core@3@U?$TRefObjectFunc@UIRefObject@core@UModSys@@@tl@3@@tl@UModSys@@H@tl@UModSys@@@tl@UModSys@@QEBAHPEAU?$TScatterArrayNode@U?$TRefObjectCompositeExtra@UIMouseClient@libui@UModSys@@HUIRefObject@core@3@U?$TRefObjectFunc@UIRefObject@core@UModSys@@@tl@3@@tl@UModSys@@H@12@@Z 00000001800049e0 f i umodsys_lib_libui:umodsys.mod.ui.SDL_GL.obj
 0001:000039e0       ??R?$TNodeDeleter0@U?$TScatterArrayNode@U?$TRefObjectComposite@UIKeyboardClient@libui@UModSys@@UIRefObject@core@3@U?$TRefObjectFunc@UIRefObject@core@UModSys@@@tl@3@@tl@UModSys@@H@tl@UModSys@@@tl@UModSys@@QEBAHPEAU?$TScatterArrayNode@U?$TRefObjectComposite@UIKeyboardClient@libui@UModSys@@UIRefObject@core@3@U?$TRefObjectFunc@UIRefObject@core@UModSys@@@tl@3@@tl@UModSys@@H@12@@Z 00000001800049e0 f i umodsys_lib_libui:umodsys.mod.ui.SDL_GL.obj
 0001:00003a60       ??1?$TPair@HU?$TRefObjectCompositeExtra@UIMouseClient@libui@UModSys@@HUIRefObject@core@3@U?$TRefObjectFunc@UIRefObject@core@UModSys@@@tl@3@@tl@UModSys@@@tl@UModSys@@QEAA@XZ 0000000180004a60 f i umodsys_lib_libui:umodsys.mod.ui.SDL_GL.obj
 0001:00003a60       ??1?$TPair@HU?$TRefObjectComposite@UIKeyboardClient@libui@UModSys@@UIRefObject@core@3@U?$TRefObjectFunc@UIRefObject@core@UModSys@@@tl@3@@tl@UModSys@@@tl@UModSys@@QEAA@XZ 0000000180004a60 f i umodsys_lib_libui:umodsys.mod.ui.SDL_GL.obj
 0001:00003ab0       ??1?$TRefObjectCompositeExtra@UIMouseClient@libui@UModSys@@HUIRefObject@core@3@U?$TRefObjectFunc@UIRefObject@core@UModSys@@@tl@3@@tl@UModSys@@QEAA@XZ 0000000180004ab0 f i umodsys_lib_libui:umodsys.mod.ui.SDL_GL.obj
 0001:00003ab0       ??1?$TRefObjectComposite@UIKeyboardClient@libui@UModSys@@UIRefObject@core@3@U?$TRefObjectFunc@UIRefObject@core@UModSys@@@tl@3@@tl@UModSys@@QEAA@XZ 0000000180004ab0 f i umodsys_lib_libui:umodsys.mod.ui.SDL_GL.obj
 0001:00003b00       ?remove_color@?$TTreeHoldRB@U?$TScatterArrayNode@U?$TRefObjectCompositeExtra@UIMouseClient@libui@UModSys@@HUIRefObject@core@3@U?$TRefObjectFunc@UIRefObject@core@UModSys@@@tl@3@@tl@UModSys@@H@tl@UModSys@@@tl@UModSys@@IEAAXPEAU?$TScatterArrayNode@U?$TRefObjectCompositeExtra@UIMouseClient@libui@UModSys@@HUIRefObject@core@3@U?$TRefObjectFunc@UIRefObject@core@UModSys@@@tl@3@@tl@UModSys@@H@23@0@Z 0000000180004b00 f i umodsys_lib_libui:umodsys.mod.ui.SDL_GL.obj
 0001:00003b00       ?remove_color@?$TTreeHoldRB@U?$TScatterArrayNode@U?$TRefObjectComposite@UIKeyboardClient@libui@UModSys@@UIRefObject@core@3@U?$TRefObjectFunc@UIRefObject@core@UModSys@@@tl@3@@tl@UModSys@@H@tl@UModSys@@@tl@UModSys@@IEAAXPEAU?$TScatterArrayNode@U?$TRefObjectComposite@UIKeyboardClient@libui@UModSys@@UIRefObject@core@3@U?$TRefObjectFunc@UIRefObject@core@UModSys@@@tl@3@@tl@UModSys@@H@23@0@Z 0000000180004b00 f i umodsys_lib_libui:umodsys.mod.ui.SDL_GL.obj
 0001:00003dc0       ?ResizeRel@?$TDynarray@U?$TDynarrayHolderDynamic@USLayInfo@RVertexArray@SDL_GL@ui@modules@UModSys@@U?$TAllocator@USIMemAlloc@core@UModSys@@USCountCalcExact@23@@tl@6@@tl@UModSys@@@tl@UModSys@@QEAA_N_J@Z 0000000180004dc0 f i umodsys_lib_libui:umodsys.mod.ui.SDL_GL.obj
 0001:00003ea0       ??$t_ref_get_other_interface@URMultiImage2D_SDL_ttf@SDL_GL@ui@modules@UModSys@@U?$TRefObjectWeakFunc@URMultiImage2D_SDL_ttf@SDL_GL@ui@modules@UModSys@@@tl@5@@IRefObject@core@UModSys@@QEAA_NAEAU?$TRefObject@URMultiImage2D_SDL_ttf@SDL_GL@ui@modules@UModSys@@U?$TRefObjectWeakFunc@URMultiImage2D_SDL_ttf@SDL_GL@ui@modules@UModSys@@@tl@5@@tl@2@@Z 0000000180004ea0 f i umodsys_lib_libui:umodsys.mod.ui.SDL_GL.obj
 0001:00003f20       ??$genx_node@UCmp@?$TScatterArray@U?$TRefObjectComposite@UIKeyboardClient@libui@UModSys@@UIRefObject@core@3@U?$TRefObjectFunc@UIRefObject@core@UModSys@@@tl@3@@tl@UModSys@@HU?$TScalarCompare@H@core@3@U?$TNodeDeleter0@U?$TScatterArrayNode@U?$TRefObjectComposite@UIKeyboardClient@libui@UModSys@@UIRefObject@core@3@U?$TRefObjectFunc@UIRefObject@core@UModSys@@@tl@3@@tl@UModSys@@H@tl@UModSys@@@23@@tl@UModSys@@UGen0@234@@?$TTreeHoldRBD@U?$TScatterArrayNode@U?$TRefObjectComposite@UIKeyboardClient@libui@UModSys@@UIRefObject@core@3@U?$TRefObjectFunc@UIRefObject@core@UModSys@@@tl@3@@tl@UModSys@@H@tl@UModSys@@U?$TNodeDeleter0@U?$TScatterArrayNode@U?$TRefObjectComposite@UIKeyboardClient@libui@UModSys@@UIRefObject@core@3@U?$TRefObjectFunc@UIRefObject@core@UModSys@@@tl@3@@tl@UModSys@@H@tl@UModSys@@@23@@tl@UModSys@@QEAAPEAU?$TScatterArrayNode@U?$TRefObjectComposite@UIKeyboardClient@libui@UModSys@@UIRefObject@core@3@U?$TRefObjectFunc@UIRefObject@core@UModSys@@@tl@3@@tl@UModSys@@H@12@UCmp@?$TScatterArray@U?$TRefObjectComposite@UIKeyboardClient@libui@UModSys@@UIRefObject@core@3@U?$TRefObjectFunc@UIRefObject@core@UModSys@@@tl@3@@tl@UModSys@@HU?$TScalarCompare@H@core@3@U?$TNodeDeleter0@U?$TScatterArrayNode@U?$TRefObjectComposite@UIKeyboardClient@libui@UModSys@@UIRefObject@core@3@U?$TRefObjectFunc@UIRefObject@core@UModSys@@@tl@3@@tl@UModSys@@H@tl@UModSys@@@23@@12@AEBUGen0@512@PEAPEAU312@2_N@Z 0000000180004f20 f i umodsys_lib_libui:umodsys.mod.ui.SDL_GL.obj
 0001:00004060       ??$genx_node@UCmp@?$TScatterArray@U?$TRefObjectCompositeExtra@UIMouseClient@libui@UModSys@@HUIRefObject@core@3@U?$TRefObjectFunc@UIRefObject@core@UModSys@@@tl@3@@tl@UModSys@@HU?$TScalarCompare@H@core@3@U?$TNodeDeleter0@U?$TScatterArrayNode@U?$TRefObjectCompositeExtra@UIMouseClient@libui@UModSys@@HUIRefObject@core@3@U?$TRefObjectFunc@UIRefObject@core@UModSys@@@tl@3@@tl@UModSys@@H@tl@UModSys@@@23@@tl@UModSys@@UGen0@234@@?$TTreeHoldRBD@U?$TScatterArrayNode@U?$TRefObjectCompositeExtra@UIMouseClient@libui@UModSys@@HUIRefObject@core@3@U?$TRefObjectFunc@UIRefObject@core@UModSys@@@tl@3@@tl@UModSys@@H@tl@UModSys@@U?$TNodeDeleter0@U?$TScatterArrayNode@U?$TRefObjectCompositeExtra@UIMouseClient@libui@UModSys@@HUIRefObject@core@3@U?$TRefObjectFunc@UIRefObject@core@UModSys@@@tl@3@@tl@UModSys@@H@tl@UModSys@@@23@@tl@UModSys@@QEAAPEAU?$TScatterArrayNode@U?$TRefObjectCompositeExtra@UIMouseClient@libui@UModSys@@HUIRefObject@core@3@U?$TRefObjectFunc@UIRefObject@core@UModSys@@@tl@3@@tl@UModSys@@H@12@UCmp@?$TScatterArray@U?$TRefObjectCompositeExtra@UIMouseClient@libui@UModSys@@HUIRefObject@core@3@U?$TRefObjectFunc@UIRefObject@core@UModSys@@@tl@3@@tl@UModSys@@HU?$TScalarCompare@H@core@3@U?$TNodeDeleter0@U?$TScatterArrayNode@U?$TRefObjectCompositeExtra@UIMouseClient@libui@UModSys@@HUIRefObject@core@3@U?$TRefObjectFunc@UIRefObject@core@UModSys@@@tl@3@@tl@UModSys@@H@tl@UModSys@@@23@@12@AEBUGen0@512@PEAPEAU312@2_N@Z 0000000180005060 f i umodsys_lib_libui:umodsys.mod.ui.SDL_GL.obj
 0001:000041b0       ??$genx_node@UCmp@?$TScatterArray@UGlyph@RMultiImage2D_SDL_ttf@SDL_GL@ui@modules@UModSys@@HU?$TScalarCompare@H@core@6@U?$TNodeDeleter0@U?$TScatterArrayNode@UGlyph@RMultiImage2D_SDL_ttf@SDL_GL@ui@modules@UModSys@@H@tl@UModSys@@@tl@6@@tl@UModSys@@UGen0@234@@?$TTreeHoldRBD@U?$TScatterArrayNode@UGlyph@RMultiImage2D_SDL_ttf@SDL_GL@ui@modules@UModSys@@H@tl@UModSys@@U?$TNodeDeleter0@U?$TScatterArrayNode@UGlyph@RMultiImage2D_SDL_ttf@SDL_GL@ui@modules@UModSys@@H@tl@UModSys@@@23@@tl@UModSys@@QEAAPEAU?$TScatterArrayNode@UGlyph@RMultiImage2D_SDL_ttf@SDL_GL@ui@modules@UModSys@@H@12@UCmp@?$TScatterArray@UGlyph@RMultiImage2D_SDL_ttf@SDL_GL@ui@modules@UModSys@@HU?$TScalarCompare@H@core@6@U?$TNodeDeleter0@U?$TScatterArrayNode@UGlyph@RMultiImage2D_SDL_ttf@SDL_GL@ui@modules@UModSys@@H@tl@UModSys@@@tl@6@@12@AEBUGen0@512@PEAPEAU312@2_N@Z 00000001800051b0 f i umodsys_lib_libui:umodsys.mod.ui.SDL_GL.obj
 0001:000042e0       ??$process_nodes@U?$TNodeDeleter0@U?$TScatterArrayNode@U?$TRefObjectCompositeExtra@UIMouseClient@libui@UModSys@@HUIRefObject@core@3@U?$TRefObjectFunc@UIRefObject@core@UModSys@@@tl@3@@tl@UModSys@@H@tl@UModSys@@@tl@UModSys@@@?$TTreeHoldRB@U?$TScatterArrayNode@U?$TRefObjectCompositeExtra@UIMouseClient@libui@UModSys@@HUIRefObject@core@3@U?$TRefObjectFunc@UIRefObject@core@UModSys@@@tl@3@@tl@UModSys@@H@tl@UModSys@@@tl@UModSys@@QEAAHAEBU?$TNodeDeleter0@U?$TScatterArrayNode@U?$TRefObjectCompositeExtra@UIMouseClient@libui@UModSys@@HUIRefObject@core@3@U?$TRefObjectFunc@UIRefObject@core@UModSys@@@tl@3@@tl@UModSys@@H@tl@UModSys@@@12@@Z 00000001800052e0 f i umodsys_lib_libui:umodsys.mod.ui.SDL_GL.obj
 0001:000042e0       ??$process_nodes@U?$TNodeDeleter0@U?$TScatterArrayNode@U?$TRefObjectComposite@UIKeyboardClient@libui@UModSys@@UIRefObject@core@3@U?$TRefObjectFunc@UIRefObject@core@UModSys@@@tl@3@@tl@UModSys@@H@tl@UModSys@@@tl@UModSys@@@?$TTreeHoldRB@U?$TScatterArrayNode@U?$TRefObjectComposite@UIKeyboardClient@libui@UModSys@@UIRefObject@core@3@U?$TRefObjectFunc@UIRefObject@core@UModSys@@@tl@3@@tl@UModSys@@H@tl@UModSys@@@tl@UModSys@@QEAAHAEBU?$TNodeDeleter0@U?$TScatterArrayNode@U?$TRefObjectComposite@UIKeyboardClient@libui@UModSys@@UIRefObject@core@3@U?$TRefObjectFunc@UIRefObject@core@UModSys@@@tl@3@@tl@UModSys@@H@tl@UModSys@@@12@@Z 00000001800052e0 f i umodsys_lib_libui:umodsys.mod.ui.SDL_GL.obj
 0001:00004360       ??0?$TScatterArrayNode@UGlyph@RMultiImage2D_SDL_ttf@SDL_GL@ui@modules@UModSys@@H@tl@UModSys@@QEAA@AEBH@Z 0000000180005360 f i umodsys_lib_libui:umodsys.mod.ui.SDL_GL.obj
 0001:00004450       ??1?$TPair@HUGlyph@RMultiImage2D_SDL_ttf@SDL_GL@ui@modules@UModSys@@@tl@UModSys@@QEAA@XZ 0000000180005450 f i umodsys_lib_libui:umodsys.mod.ui.SDL_GL.obj
 0001:00004480       ??0STextureGL@SDL_GL@ui@modules@UModSys@@QEAA@AEBU01234@@Z 0000000180005480 f i umodsys_lib_libui:umodsys.mod.ui.SDL_GL.obj
 0001:000045c0       ??$ValidateConstruction@UIRefObject@core@UModSys@@URTerminalX@SDL_core@ui@modules@3@@core@UModSys@@YA_NAEAU?$TRefObject@UIRefObject@core@UModSys@@U?$TRefObjectFunc@UIRefObject@core@UModSys@@@tl@3@@tl@1@PEAURTerminalX@SDL_core@ui@modules@1@@Z 00000001800055c0 f i umodsys_lib_libui:umodsys.mod.ui.SDL_core.obj
 0001:000045c0       ??$ValidateConstruction@UIRefObject@core@UModSys@@URTerminalX@SDL_GL@ui@modules@3@@core@UModSys@@YA_NAEAU?$TRefObject@UIRefObject@core@UModSys@@U?$TRefObjectFunc@UIRefObject@core@UModSys@@@tl@3@@tl@1@PEAURTerminalX@SDL_GL@ui@modules@1@@Z 00000001800055c0 f i umodsys_lib_libui:umodsys.mod.ui.SDL_GL.obj
 0001:000045c0       ??$ValidateConstruction@UIRefObject@core@UModSys@@URMediaFilter@images_std@media@modules@3@@core@UModSys@@YA_NAEAU?$TRefObject@UIRefObject@core@UModSys@@U?$TRefObjectFunc@UIRefObject@core@UModSys@@@tl@3@@tl@1@PEAURMediaFilter@images_std@media@modules@1@@Z 00000001800055c0 f i umodsys_lib_libmedia:umodsys.mod.media.images_std.obj
 0001:000045c0       ??$ValidateConstruction@UIRefObject@core@UModSys@@URImageFactory_Memory@stdlib@lib2d@modules@3@@core@UModSys@@YA_NAEAU?$TRefObject@UIRefObject@core@UModSys@@U?$TRefObjectFunc@UIRefObject@core@UModSys@@@tl@3@@tl@1@PEAURImageFactory_Memory@stdlib@lib2d@modules@1@@Z 00000001800055c0 f i umodsys_lib_lib2d:umodsys.mod.2d.stdlib.obj
 0001:000045c0       ??$ValidateConstruction@UIRefObject@core@UModSys@@URImage_Memory@stdlib@lib2d@modules@3@@core@UModSys@@YA_NAEAU?$TRefObject@UIRefObject@core@UModSys@@U?$TRefObjectFunc@UIRefObject@core@UModSys@@@tl@3@@tl@1@PEAURImage_Memory@stdlib@lib2d@modules@1@@Z 00000001800055c0 f i umodsys_lib_lib2d:umodsys.mod.2d.stdlib.obj
 0001:000045c0       ??$ValidateConstruction@UIImage@lib2d@UModSys@@URImage_Memory@stdlib@2modules@3@@core@UModSys@@YA_NAEAU?$TRefObject@UIImage@lib2d@UModSys@@U?$TRefObjectFunc@UIImage@lib2d@UModSys@@@tl@3@@tl@1@PEAURImage_Memory@stdlib@lib2d@modules@1@@Z 00000001800055c0 f i umodsys_lib_lib2d:umodsys.mod.2d.stdlib.obj
 0001:00004630       ??$process_nodes_r@U?$TNodeDeleter0@U?$TScatterArrayNode@U?$TRefObjectCompositeExtra@UIMouseClient@libui@UModSys@@HUIRefObject@core@3@U?$TRefObjectFunc@UIRefObject@core@UModSys@@@tl@3@@tl@UModSys@@H@tl@UModSys@@@tl@UModSys@@@?$TTreeHoldRB@U?$TScatterArrayNode@U?$TRefObjectCompositeExtra@UIMouseClient@libui@UModSys@@HUIRefObject@core@3@U?$TRefObjectFunc@UIRefObject@core@UModSys@@@tl@3@@tl@UModSys@@H@tl@UModSys@@@tl@UModSys@@KAHPEAU?$TScatterArrayNode@U?$TRefObjectCompositeExtra@UIMouseClient@libui@UModSys@@HUIRefObject@core@3@U?$TRefObjectFunc@UIRefObject@core@UModSys@@@tl@3@@tl@UModSys@@H@12@AEBU?$TNodeDeleter0@U?$TScatterArrayNode@U?$TRefObjectCompositeExtra@UIMouseClient@libui@UModSys@@HUIRefObject@core@3@U?$TRefObjectFunc@UIRefObject@core@UModSys@@@tl@3@@tl@UModSys@@H@tl@UModSys@@@12@@Z 0000000180005630 f i umodsys_lib_libui:umodsys.mod.ui.SDL_GL.obj
 0001:00004630       ??$process_nodes_r@U?$TNodeDeleter0@U?$TScatterArrayNode@U?$TRefObjectComposite@UIKeyboardClient@libui@UModSys@@UIRefObject@core@3@U?$TRefObjectFunc@UIRefObject@core@UModSys@@@tl@3@@tl@UModSys@@H@tl@UModSys@@@tl@UModSys@@@?$TTreeHoldRB@U?$TScatterArrayNode@U?$TRefObjectComposite@UIKeyboardClient@libui@UModSys@@UIRefObject@core@3@U?$TRefObjectFunc@UIRefObject@core@UModSys@@@tl@3@@tl@UModSys@@H@tl@UModSys@@@tl@UModSys@@KAHPEAU?$TScatterArrayNode@U?$TRefObjectComposite@UIKeyboardClient@libui@UModSys@@UIRefObject@core@3@U?$TRefObjectFunc@UIRefObject@core@UModSys@@@tl@3@@tl@UModSys@@H@12@AEBU?$TNodeDeleter0@U?$TScatterArrayNode@U?$TRefObjectComposite@UIKeyboardClient@libui@UModSys@@UIRefObject@core@3@U?$TRefObjectFunc@UIRefObject@core@UModSys@@@tl@3@@tl@UModSys@@H@tl@UModSys@@@12@@Z 0000000180005630 f i umodsys_lib_libui:umodsys.mod.ui.SDL_GL.obj
 0001:000046a0       ??$process_nodes_r@U?$TNodeDeleter0@U?$TScatterArrayNode@UGlyph@RMultiImage2D_SDL_ttf@SDL_GL@ui@modules@UModSys@@H@tl@UModSys@@@tl@UModSys@@@?$TTreeHoldRB@U?$TScatterArrayNode@UGlyph@RMultiImage2D_SDL_ttf@SDL_GL@ui@modules@UModSys@@H@tl@UModSys@@@tl@UModSys@@KAHPEAU?$TScatterArrayNode@UGlyph@RMultiImage2D_SDL_ttf@SDL_GL@ui@modules@UModSys@@H@12@AEBU?$TNodeDeleter0@U?$TScatterArrayNode@UGlyph@RMultiImage2D_SDL_ttf@SDL_GL@ui@modules@UModSys@@H@tl@UModSys@@@12@@Z 00000001800056a0 f i umodsys_lib_libui:umodsys.mod.ui.SDL_GL.obj
 0001:00004730       ?root_get_interface_info@RKeyboardController@SDL_core@ui@modules@UModSys@@UEBAAEBUSUniquePointerInfo@core@5@XZ 0000000180005730 f i umodsys_lib_libui:umodsys.mod.ui.SDL_core.obj
 0001:00004740       ?root_get_interface_type@RKeyboardController@SDL_core@ui@modules@UModSys@@UEBAPEBUSUniquePointerInfo@core@5@XZ 0000000180005740 f i umodsys_lib_libui:umodsys.mod.ui.SDL_core.obj
 0001:00004750       ?root_get_other_interface@RKeyboardController@SDL_core@ui@modules@UModSys@@UEBAPEBUIRoot@core@5@PEBUSUniquePointerInfo@75@@Z 0000000180005750 f i umodsys_lib_libui:umodsys.mod.ui.SDL_core.obj
 0001:00004750       ?root_get_other_interface@RKeyboardController@SDL_core@ui@modules@UModSys@@UEAAPEAUIRoot@core@5@PEBUSUniquePointerInfo@75@@Z 0000000180005750 f i umodsys_lib_libui:umodsys.mod.ui.SDL_core.obj
 0001:00004780       ?root_is_interface_supported@RKeyboardController@SDL_core@ui@modules@UModSys@@UEBA_NPEBUSUniquePointerInfo@core@5@@Z 0000000180005780 f i umodsys_lib_libui:umodsys.mod.ui.SDL_core.obj
 0001:000047b0       ?root_get_interface_info@RMouseController@SDL_core@ui@modules@UModSys@@UEBAAEBUSUniquePointerInfo@core@5@XZ 00000001800057b0 f i umodsys_lib_libui:umodsys.mod.ui.SDL_core.obj
 0001:000047c0       ?root_get_interface_type@RMouseController@SDL_core@ui@modules@UModSys@@UEBAPEBUSUniquePointerInfo@core@5@XZ 00000001800057c0 f i umodsys_lib_libui:umodsys.mod.ui.SDL_core.obj
 0001:000047d0       ?root_get_other_interface@RMouseController@SDL_core@ui@modules@UModSys@@UEAAPEAUIRoot@core@5@PEBUSUniquePointerInfo@75@@Z 00000001800057d0 f i umodsys_lib_libui:umodsys.mod.ui.SDL_core.obj
 0001:000047d0       ?root_get_other_interface@RMouseController@SDL_core@ui@modules@UModSys@@UEBAPEBUIRoot@core@5@PEBUSUniquePointerInfo@75@@Z 00000001800057d0 f i umodsys_lib_libui:umodsys.mod.ui.SDL_core.obj
 0001:00004800       ?root_is_interface_supported@RMouseController@SDL_core@ui@modules@UModSys@@UEBA_NPEBUSUniquePointerInfo@core@5@@Z 0000000180005800 f i umodsys_lib_libui:umodsys.mod.ui.SDL_core.obj
 0001:00004830       ?root_get_interface_info@RTerminal@SDL_core@ui@modules@UModSys@@UEBAAEBUSUniquePointerInfo@core@5@XZ 0000000180005830 f i umodsys_lib_libui:umodsys.mod.ui.SDL_core.obj
 0001:00004840       ?root_get_interface_type@RTerminal@SDL_core@ui@modules@UModSys@@UEBAPEBUSUniquePointerInfo@core@5@XZ 0000000180005840 f i umodsys_lib_libui:umodsys.mod.ui.SDL_core.obj
 0001:00004850       ?root_get_other_interface@RTerminal@SDL_core@ui@modules@UModSys@@UEBAPEBUIRoot@core@5@PEBUSUniquePointerInfo@75@@Z 0000000180005850 f i umodsys_lib_libui:umodsys.mod.ui.SDL_core.obj
 0001:00004850       ?root_get_other_interface@RTerminal@SDL_core@ui@modules@UModSys@@UEAAPEAUIRoot@core@5@PEBUSUniquePointerInfo@75@@Z 0000000180005850 f i umodsys_lib_libui:umodsys.mod.ui.SDL_core.obj
 0001:00004880       ?root_is_interface_supported@RTerminal@SDL_core@ui@modules@UModSys@@UEBA_NPEBUSUniquePointerInfo@core@5@@Z 0000000180005880 f i umodsys_lib_libui:umodsys.mod.ui.SDL_core.obj
 0001:000048b0       ?ref_add@RBinArchiveFrameClient_ZIP@zlib@media@modules@UModSys@@UEBAXXZ 00000001800058b0 f i umodsys_lib_libmedia:umodsys.mod.media.zlib.obj
 0001:000048b0       ?ref_add@RVertexArray@SDL_GL@ui@modules@UModSys@@UEBAXXZ 00000001800058b0 f i umodsys_lib_libui:umodsys.mod.ui.SDL_GL.obj
 0001:000048b0       ?ref_add@RMultiImage2D_SDL_ttf@SDL_core@ui@modules@UModSys@@UEBAXXZ 00000001800058b0 f i umodsys_lib_libui:umodsys.mod.ui.SDL_core.obj
 0001:000048b0       ?ref_add@RTerminal@SDL_GL@ui@modules@UModSys@@UEBAXXZ 00000001800058b0 f i umodsys_lib_libui:umodsys.mod.ui.SDL_GL.obj
 0001:000048b0       ?ref_add@RImageFactory_Memory@stdlib@lib2d@modules@UModSys@@UEBAXXZ 00000001800058b0 f i umodsys_lib_lib2d:umodsys.mod.2d.stdlib.obj
 0001:000048b0       ?ref_add@RGenerator@test1@test@modules@UModSys@@UEBAXXZ 00000001800058b0 f i plugin_test1.obj
 0001:000048b0       ?ref_add@RSerializeReader@serialize_json@media@modules@UModSys@@UEBAXXZ 00000001800058b0 f i umodsys_lib_libmedia:umodsys.mod.media.serialize_json.obj
 0001:000048b0       ?ref_add@RGenerator@SDL_core@ui@modules@UModSys@@UEBAXXZ 00000001800058b0 f i umodsys_lib_libui:umodsys.mod.ui.SDL_core.obj
 0001:000048b0       ?ref_add@RTerminal@SDL_core@ui@modules@UModSys@@UEBAXXZ 00000001800058b0 f i umodsys_lib_libui:umodsys.mod.ui.SDL_core.obj
 0001:000048b0       ?ref_add@RDialog@frames@ui@modules@UModSys@@UEBAXXZ 00000001800058b0 f i umodsys_lib_libui:umodsys.mod.ui.frames.obj
 0001:000048b0       ?ref_add@RGenerator@SDL_GL@ui@modules@UModSys@@UEBAXXZ 00000001800058b0 f i umodsys_lib_libui:umodsys.mod.ui.SDL_GL.obj
 0001:000048b0       ?ref_add@RGenerator@serialize_json@media@modules@UModSys@@UEBAXXZ 00000001800058b0 f i umodsys_lib_libmedia:umodsys.mod.media.serialize_json.obj
 0001:000048b0       ?ref_add@RGenerator@zlib@media@modules@UModSys@@UEBAXXZ 00000001800058b0 f i umodsys_lib_libmedia:umodsys.mod.media.zlib.obj
 0001:000048b0       ?ref_add@RMultiImage@stdlib@lib2d@modules@UModSys@@UEBAXXZ 00000001800058b0 f i umodsys_lib_lib2d:umodsys.mod.2d.stdlib.obj
 0001:000048b0       ?ref_add@RImage_Memory@stdlib@lib2d@modules@UModSys@@UEBAXXZ 00000001800058b0 f i umodsys_lib_lib2d:umodsys.mod.2d.stdlib.obj
 0001:000048b0       ?ref_add@RGenerator@stdlib@lib2d@modules@UModSys@@UEBAXXZ 00000001800058b0 f i umodsys_lib_lib2d:umodsys.mod.2d.stdlib.obj
 0001:000048b0       ?ref_add@RMultiImage2D_SDL_ttf@SDL_GL@ui@modules@UModSys@@UEBAXXZ 00000001800058b0 f i umodsys_lib_libui:umodsys.mod.ui.SDL_GL.obj
 0001:000048b0       ?ref_add@RGenerator@frames@ui@modules@UModSys@@UEBAXXZ 00000001800058b0 f i umodsys_lib_libui:umodsys.mod.ui.frames.obj
 0001:000048b0       ?ref_add@RGenerator@images_std@media@modules@UModSys@@UEBAXXZ 00000001800058b0 f i umodsys_lib_libmedia:umodsys.mod.media.images_std.obj
 0001:000048c0       ?root_get_interface_info@RMultiImage2D_SDL_ttf@SDL_core@ui@modules@UModSys@@UEBAAEBUSUniquePointerInfo@core@5@XZ 00000001800058c0 f i umodsys_lib_libui:umodsys.mod.ui.SDL_core.obj
 0001:000048d0       ?root_get_interface_type@RMultiImage2D_SDL_ttf@SDL_core@ui@modules@UModSys@@UEBAPEBUSUniquePointerInfo@core@5@XZ 00000001800058d0 f i umodsys_lib_libui:umodsys.mod.ui.SDL_core.obj
 0001:000048e0       ?root_get_other_interface@RMultiImage2D_SDL_ttf@SDL_core@ui@modules@UModSys@@UEBAPEBUIRoot@core@5@PEBUSUniquePointerInfo@75@@Z 00000001800058e0 f i umodsys_lib_libui:umodsys.mod.ui.SDL_core.obj
 0001:000048e0       ?root_get_other_interface@RMultiImage2D_SDL_ttf@SDL_core@ui@modules@UModSys@@UEAAPEAUIRoot@core@5@PEBUSUniquePointerInfo@75@@Z 00000001800058e0 f i umodsys_lib_libui:umodsys.mod.ui.SDL_core.obj
 0001:00004910       ?root_is_interface_supported@RMultiImage2D_SDL_ttf@SDL_core@ui@modules@UModSys@@UEBA_NPEBUSUniquePointerInfo@core@5@@Z 0000000180005910 f i umodsys_lib_libui:umodsys.mod.ui.SDL_core.obj
 0001:00004940       ?get_max_layer_size@RMultiImage2D_SDL_ttf@SDL_GL@ui@modules@UModSys@@UEBA?AU?$TVector2@H@math3d@5@XZ 0000000180005940 f i umodsys_lib_libui:umodsys.mod.ui.SDL_GL.obj
 0001:00004940       ?get_fixed_cell_size@RMultiImage2D_SDL_ttf@SDL_GL@ui@modules@UModSys@@UEBA?AU?$TVector2@H@math3d@5@XZ 0000000180005940 f i umodsys_lib_libui:umodsys.mod.ui.SDL_GL.obj
 0001:00004940       ?get_max_cell_size@RMultiImage2D_SDL_ttf@SDL_GL@ui@modules@UModSys@@UEBA?AU?$TVector2@H@math3d@5@XZ 0000000180005940 f i umodsys_lib_libui:umodsys.mod.ui.SDL_GL.obj
 0001:00004940       ?get_max_cell_size@RMultiImage2D_SDL_ttf@SDL_core@ui@modules@UModSys@@UEBA?AU?$TVector2@H@math3d@5@XZ 0000000180005940 f i umodsys_lib_libui:umodsys.mod.ui.SDL_core.obj
 0001:00004940       ?get_max_layer_size@RMultiImage2D_SDL_ttf@SDL_core@ui@modules@UModSys@@UEBA?AU?$TVector2@H@math3d@5@XZ 0000000180005940 f i umodsys_lib_libui:umodsys.mod.ui.SDL_core.obj
 0001:00004940       ?get_fixed_cell_size@RMultiImage2D_SDL_ttf@SDL_core@ui@modules@UModSys@@UEBA?AU?$TVector2@H@math3d@5@XZ 0000000180005940 f i umodsys_lib_libui:umodsys.mod.ui.SDL_core.obj
 0001:00004950       ?root_get_interface_info@RRenderDriver2D@SDL_core@ui@modules@UModSys@@UEBAAEBUSUniquePointerInfo@core@5@XZ 0000000180005950 f i umodsys_lib_libui:umodsys.mod.ui.SDL_core.obj
 0001:00004960       ?root_get_interface_type@RRenderDriver2D@SDL_core@ui@modules@UModSys@@UEBAPEBUSUniquePointerInfo@core@5@XZ 0000000180005960 f i umodsys_lib_libui:umodsys.mod.ui.SDL_core.obj
 0001:00004970       ?root_get_other_interface@RRenderDriver2D@SDL_core@ui@modules@UModSys@@UEAAPEAUIRoot@core@5@PEBUSUniquePointerInfo@75@@Z 0000000180005970 f i umodsys_lib_libui:umodsys.mod.ui.SDL_core.obj
 0001:00004970       ?root_get_other_interface@RRenderDriver2D@SDL_core@ui@modules@UModSys@@UEBAPEBUIRoot@core@5@PEBUSUniquePointerInfo@75@@Z 0000000180005970 f i umodsys_lib_libui:umodsys.mod.ui.SDL_core.obj
 0001:000049a0       ?root_is_interface_supported@RRenderDriver2D@SDL_core@ui@modules@UModSys@@UEBA_NPEBUSUniquePointerInfo@core@5@@Z 00000001800059a0 f i umodsys_lib_libui:umodsys.mod.ui.SDL_core.obj
 0001:000049d0       ?root_get_interface_info@RTerminalX@SDL_core@ui@modules@UModSys@@UEBAAEBUSUniquePointerInfo@core@5@XZ 00000001800059d0 f i umodsys_lib_libui:umodsys.mod.ui.SDL_core.obj
 0001:000049e0       ?root_get_interface_type@RTerminalX@SDL_core@ui@modules@UModSys@@UEBAPEBUSUniquePointerInfo@core@5@XZ 00000001800059e0 f i umodsys_lib_libui:umodsys.mod.ui.SDL_core.obj
 0001:000049f0       ?root_get_other_interface@RTerminalX@SDL_core@ui@modules@UModSys@@UEAAPEAUIRoot@core@5@PEBUSUniquePointerInfo@75@@Z 00000001800059f0 f i umodsys_lib_libui:umodsys.mod.ui.SDL_core.obj
 0001:000049f0       ?root_get_other_interface@RTerminalX@SDL_core@ui@modules@UModSys@@UEBAPEBUIRoot@core@5@PEBUSUniquePointerInfo@75@@Z 00000001800059f0 f i umodsys_lib_libui:umodsys.mod.ui.SDL_core.obj
 0001:00004a20       ?root_is_interface_supported@RTerminalX@SDL_core@ui@modules@UModSys@@UEBA_NPEBUSUniquePointerInfo@core@5@@Z 0000000180005a20 f i umodsys_lib_libui:umodsys.mod.ui.SDL_core.obj
 0001:00004a60       ?get_generated_names@RGenerator@SDL_core@ui@modules@UModSys@@UEBAHAEAUSUniquePtrList@core@5@@Z 0000000180005a60 f i umodsys_lib_libui:umodsys.mod.ui.SDL_core.obj
 0001:00004a80       ?get_generated_types@RGenerator@SDL_core@ui@modules@UModSys@@UEBAHAEAUSUniquePtrList@core@5@PEBUSUniquePointerInfo@75@@Z 0000000180005a80 f i umodsys_lib_libui:umodsys.mod.ui.SDL_core.obj
 0001:00004af0       ?generate@RGenerator@SDL_core@ui@modules@UModSys@@UEAA_NAEAU?$TRefObject@UIRefObject@core@UModSys@@U?$TRefObjectFunc@UIRefObject@core@UModSys@@@tl@3@@tl@5@PEBUSUniquePointerInfo@core@5@AEBUSParameters@95@@Z 0000000180005af0 f i umodsys_lib_libui:umodsys.mod.ui.SDL_core.obj
 0001:00004b70       ?root_get_interface_info@RGenerator@SDL_core@ui@modules@UModSys@@UEBAAEBUSUniquePointerInfo@core@5@XZ 0000000180005b70 f i umodsys_lib_libui:umodsys.mod.ui.SDL_core.obj
 0001:00004b80       ?root_get_interface_type@RGenerator@SDL_core@ui@modules@UModSys@@UEBAPEBUSUniquePointerInfo@core@5@XZ 0000000180005b80 f i umodsys_lib_libui:umodsys.mod.ui.SDL_core.obj
 0001:00004b90       ?root_get_other_interface@RGenerator@SDL_core@ui@modules@UModSys@@UEBAPEBUIRoot@core@5@PEBUSUniquePointerInfo@75@@Z 0000000180005b90 f i umodsys_lib_libui:umodsys.mod.ui.SDL_core.obj
 0001:00004b90       ?root_get_other_interface@RGenerator@SDL_core@ui@modules@UModSys@@UEAAPEAUIRoot@core@5@PEBUSUniquePointerInfo@75@@Z 0000000180005b90 f i umodsys_lib_libui:umodsys.mod.ui.SDL_core.obj
 0001:00004bd0       ?root_is_interface_supported@RGenerator@SDL_core@ui@modules@UModSys@@UEBA_NPEBUSUniquePointerInfo@core@5@@Z 0000000180005bd0 f i umodsys_lib_libui:umodsys.mod.ui.SDL_core.obj
 0001:00004c10       ?get_uid@RGenerator@SDL_core@ui@modules@UModSys@@UEBAPEBUSUniquePointerInfo@core@5@XZ 0000000180005c10 f i umodsys_lib_libui:umodsys.mod.ui.SDL_core.obj
 0001:00004c20       ??_GRMultiImage2D_SDL_ttf@SDL_core@ui@modules@UModSys@@UEAAPEAXI@Z 0000000180005c20 f i umodsys_lib_libui:umodsys.mod.ui.SDL_core.obj
 0001:00004c20       ??_ERMultiImage2D_SDL_ttf@SDL_core@ui@modules@UModSys@@UEAAPEAXI@Z 0000000180005c20 f i  CIL library: CIL module
 0001:00004c50       ??_ERRenderDriver2D@SDL_core@ui@modules@UModSys@@UEAAPEAXI@Z 0000000180005c50 f i  CIL library: CIL module
 0001:00004c50       ??_GRRenderDriver2D@SDL_core@ui@modules@UModSys@@UEAAPEAXI@Z 0000000180005c50 f i umodsys_lib_libui:umodsys.mod.ui.SDL_core.obj
 0001:00004c80       ??1?$TParametersA@$0BAL@@core@UModSys@@QEAA@XZ 0000000180005c80 f i umodsys_lib_lib2d:umodsys.mod.2d.stdlib.obj
 0001:00004c80       ??1?$TParametersA@$0BAA@@core@UModSys@@QEAA@XZ 0000000180005c80 f i umodsys_lib_libui:umodsys.mod.ui.SDL_core.obj
 0001:00004c80       ??1SParameters@core@UModSys@@QEAA@XZ 0000000180005c80 f i plugin_test1.obj
 0001:00004c80       ??1?$TParametersA@$0EAA@@core@UModSys@@QEAA@XZ 0000000180005c80 f i plugin_test1.obj
 0001:00004ca0       ??_GRMouseController@SDL_core@ui@modules@UModSys@@UEAAPEAXI@Z 0000000180005ca0 f i umodsys_lib_libui:umodsys.mod.ui.SDL_core.obj
 0001:00004ca0       ??_ERMouseController@SDL_core@ui@modules@UModSys@@UEAAPEAXI@Z 0000000180005ca0 f i  CIL library: CIL module
 0001:00004cd0       ??_ERKeyboardController@SDL_core@ui@modules@UModSys@@UEAAPEAXI@Z 0000000180005cd0 f i  CIL library: CIL module
 0001:00004cd0       ??_GRKeyboardController@SDL_core@ui@modules@UModSys@@UEAAPEAXI@Z 0000000180005cd0 f i umodsys_lib_libui:umodsys.mod.ui.SDL_core.obj
 0001:00004d00       ??_GRTerminal@SDL_core@ui@modules@UModSys@@UEAAPEAXI@Z 0000000180005d00 f i umodsys_lib_libui:umodsys.mod.ui.SDL_core.obj
 0001:00004d00       ??_ERTerminal@SDL_core@ui@modules@UModSys@@UEAAPEAXI@Z 0000000180005d00 f i  CIL library: CIL module
 0001:00004d30       ??_GRTerminalX@SDL_core@ui@modules@UModSys@@UEAAPEAXI@Z 0000000180005d30 f i umodsys_lib_libui:umodsys.mod.ui.SDL_core.obj
 0001:00004d30       ??_ERTerminalX@SDL_core@ui@modules@UModSys@@UEAAPEAXI@Z 0000000180005d30 f i  CIL library: CIL module
 0001:00004d60       ?do_open@RModuleReg@SDL_core@ui@modules@UModSys@@UEAA_NXZ 0000000180005d60 f i umodsys_lib_libui:umodsys.mod.ui.SDL_core.obj
 0001:00004d70       ?do_close@RModuleReg@SDL_core@ui@modules@UModSys@@UEAA_NXZ 0000000180005d70 f i umodsys_lib_libui:umodsys.mod.ui.SDL_core.obj
 0001:00004d80       ??_ERModuleReg@SDL_core@ui@modules@UModSys@@UEAAPEAXI@Z 0000000180005d80 f i  CIL library: CIL module
 0001:00004d80       ??_GRModuleReg@SDL_core@ui@modules@UModSys@@UEAAPEAXI@Z 0000000180005d80 f i umodsys_lib_libui:umodsys.mod.ui.SDL_core.obj
 0001:00004db0       ??1?$TScatterArray@UGlyph@RMultiImage2D_SDL_ttf@SDL_core@ui@modules@UModSys@@HU?$TScalarCompare@H@core@6@U?$TNodeDeleter0@U?$TScatterArrayNode@UGlyph@RMultiImage2D_SDL_ttf@SDL_core@ui@modules@UModSys@@H@tl@UModSys@@@tl@6@@tl@UModSys@@QEAA@XZ 0000000180005db0 f i umodsys_lib_libui:umodsys.mod.ui.SDL_core.obj
 0001:00004de0       ?ref_weak@?$TRefObjectLinksComposite@URKeyboardController@SDL_GL@ui@modules@UModSys@@URTerminal@2345@@tl@UModSys@@QEBA_NPEAURKeyboardController@SDL_GL@ui@modules@3@AEAUWeakPointer@IRefObject@core@3@@Z 0000000180005de0 f i umodsys_lib_libui:umodsys.mod.ui.SDL_GL.obj
 0001:00004de0       ?ref_weak@?$TRefObjectLinksComposite@URMouseController@SDL_GL@ui@modules@UModSys@@URTerminal@2345@@tl@UModSys@@QEBA_NPEAURMouseController@SDL_GL@ui@modules@3@AEAUWeakPointer@IRefObject@core@3@@Z 0000000180005de0 f i umodsys_lib_libui:umodsys.mod.ui.SDL_GL.obj
 0001:00004de0       ?ref_weak@?$TRefObjectLinksComposite@URKeyboardController@SDL_core@ui@modules@UModSys@@URTerminal@2345@@tl@UModSys@@QEBA_NPEAURKeyboardController@SDL_core@ui@modules@3@AEAUWeakPointer@IRefObject@core@3@@Z 0000000180005de0 f i umodsys_lib_libui:umodsys.mod.ui.SDL_core.obj
 0001:00004de0       ?ref_weak@?$TRefObjectLinksComposite@URRenderDriver2D@SDL_core@ui@modules@UModSys@@URTerminalX@2345@@tl@UModSys@@QEBA_NPEAURRenderDriver2D@SDL_core@ui@modules@3@AEAUWeakPointer@IRefObject@core@3@@Z 0000000180005de0 f i umodsys_lib_libui:umodsys.mod.ui.SDL_core.obj
 0001:00004de0       ?ref_weak@?$TRefObjectLinksComposite@URRenderDriver3D@SDL_GL@ui@modules@UModSys@@URTerminalX@2345@@tl@UModSys@@QEBA_NPEAURRenderDriver3D@SDL_GL@ui@modules@3@AEAUWeakPointer@IRefObject@core@3@@Z 0000000180005de0 f i umodsys_lib_libui:umodsys.mod.ui.SDL_GL.obj
 0001:00004de0       ?ref_weak@?$TRefObjectLinksComposite@URMouseController@SDL_core@ui@modules@UModSys@@URTerminal@2345@@tl@UModSys@@QEBA_NPEAURMouseController@SDL_core@ui@modules@3@AEAUWeakPointer@IRefObject@core@3@@Z 0000000180005de0 f i umodsys_lib_libui:umodsys.mod.ui.SDL_core.obj
 0001:00004e00       ??$ValidateConstruction@UIMultiImage@lib2d@UModSys@@URMultiImage2D_SDL_ttf@SDL_GL@ui@modules@3@@core@UModSys@@YA_NAEAU?$TRefObject@UIMultiImage@lib2d@UModSys@@U?$TRefObjectFunc@UIMultiImage@lib2d@UModSys@@@tl@3@@tl@1@PEAURMultiImage2D_SDL_ttf@SDL_GL@ui@modules@1@@Z 0000000180005e00 f i umodsys_lib_libui:umodsys.mod.ui.SDL_GL.obj
 0001:00004e00       ??$ValidateConstruction@UIMultiImage@lib2d@UModSys@@URMultiImage2D_SDL_ttf@SDL_core@ui@modules@3@@core@UModSys@@YA_NAEAU?$TRefObject@UIMultiImage@lib2d@UModSys@@U?$TRefObjectFunc@UIMultiImage@lib2d@UModSys@@@tl@3@@tl@1@PEAURMultiImage2D_SDL_ttf@SDL_core@ui@modules@1@@Z 0000000180005e00 f i umodsys_lib_libui:umodsys.mod.ui.SDL_core.obj
 0001:00004e80       ??$t_ref_get_other_interface@URMultiImage2D_SDL_ttf@SDL_core@ui@modules@UModSys@@U?$TRefObjectWeakFunc@URMultiImage2D_SDL_ttf@SDL_core@ui@modules@UModSys@@@tl@5@@IRefObject@core@UModSys@@QEAA_NAEAU?$TRefObject@URMultiImage2D_SDL_ttf@SDL_core@ui@modules@UModSys@@U?$TRefObjectWeakFunc@URMultiImage2D_SDL_ttf@SDL_core@ui@modules@UModSys@@@tl@5@@tl@2@@Z 0000000180005e80 f i umodsys_lib_libui:umodsys.mod.ui.SDL_core.obj
 0001:00004f00       ??$genx_node@UCmp@?$TScatterArray@UGlyph@RMultiImage2D_SDL_ttf@SDL_core@ui@modules@UModSys@@HU?$TScalarCompare@H@core@6@U?$TNodeDeleter0@U?$TScatterArrayNode@UGlyph@RMultiImage2D_SDL_ttf@SDL_core@ui@modules@UModSys@@H@tl@UModSys@@@tl@6@@tl@UModSys@@UGen0@234@@?$TTreeHoldRBD@U?$TScatterArrayNode@UGlyph@RMultiImage2D_SDL_ttf@SDL_core@ui@modules@UModSys@@H@tl@UModSys@@U?$TNodeDeleter0@U?$TScatterArrayNode@UGlyph@RMultiImage2D_SDL_ttf@SDL_core@ui@modules@UModSys@@H@tl@UModSys@@@23@@tl@UModSys@@QEAAPEAU?$TScatterArrayNode@UGlyph@RMultiImage2D_SDL_ttf@SDL_core@ui@modules@UModSys@@H@12@UCmp@?$TScatterArray@UGlyph@RMultiImage2D_SDL_ttf@SDL_core@ui@modules@UModSys@@HU?$TScalarCompare@H@core@6@U?$TNodeDeleter0@U?$TScatterArrayNode@UGlyph@RMultiImage2D_SDL_ttf@SDL_core@ui@modules@UModSys@@H@tl@UModSys@@@tl@6@@12@AEBUGen0@512@PEAPEAU312@2_N@Z 0000000180005f00 f i umodsys_lib_libui:umodsys.mod.ui.SDL_core.obj
 0001:00005010       ??RGen0@?$TScatterArray@UGlyph@RMultiImage2D_SDL_ttf@SDL_core@ui@modules@UModSys@@HU?$TScalarCompare@H@core@6@U?$TNodeDeleter0@U?$TScatterArrayNode@UGlyph@RMultiImage2D_SDL_ttf@SDL_core@ui@modules@UModSys@@H@tl@UModSys@@@tl@6@@tl@UModSys@@QEBAPEAU?$TScatterArrayNode@UGlyph@RMultiImage2D_SDL_ttf@SDL_core@ui@modules@UModSys@@H@23@AEBUCmp@123@AEBU?$TTreeHoldRBD@U?$TScatterArrayNode@UGlyph@RMultiImage2D_SDL_ttf@SDL_core@ui@modules@UModSys@@H@tl@UModSys@@U?$TNodeDeleter0@U?$TScatterArrayNode@UGlyph@RMultiImage2D_SDL_ttf@SDL_core@ui@modules@UModSys@@H@tl@UModSys@@@23@@23@@Z 0000000180006010 f i umodsys_lib_libui:umodsys.mod.ui.SDL_core.obj
 0001:000050b0       ?insert_color@?$TTreeHoldRB@U?$TScatterArrayNode@UGlyph@RMultiImage2D_SDL_ttf@SDL_core@ui@modules@UModSys@@H@tl@UModSys@@@tl@UModSys@@IEAAXPEAU?$TScatterArrayNode@UGlyph@RMultiImage2D_SDL_ttf@SDL_core@ui@modules@UModSys@@H@23@@Z 00000001800060b0 f i umodsys_lib_libui:umodsys.mod.ui.SDL_core.obj
 0001:000050b0       ?insert_color@?$TTreeHoldRB@U?$TScatterArrayNode@U?$TRefObjectCompositeExtra@UIMouseClient@libui@UModSys@@HUIRefObject@core@3@U?$TRefObjectFunc@UIRefObject@core@UModSys@@@tl@3@@tl@UModSys@@H@tl@UModSys@@@tl@UModSys@@IEAAXPEAU?$TScatterArrayNode@U?$TRefObjectCompositeExtra@UIMouseClient@libui@UModSys@@HUIRefObject@core@3@U?$TRefObjectFunc@UIRefObject@core@UModSys@@@tl@3@@tl@UModSys@@H@23@@Z 00000001800060b0 f i umodsys_lib_libui:umodsys.mod.ui.SDL_GL.obj
 0001:000050b0       ?insert_color@?$TTreeHoldRB@U?$TScatterArrayNode@U?$TVector4@M@math3d@UModSys@@H@tl@UModSys@@@tl@UModSys@@IEAAXPEAU?$TScatterArrayNode@U?$TVector4@M@math3d@UModSys@@H@23@@Z 00000001800060b0 f i umodsys_lib_libui:umodsys.mod.ui.frames.obj
 0001:000050b0       ?insert_color@?$TTreeHoldRB@U?$TScatterArrayNode@UGlyph@RMultiImage2D_SDL_ttf@SDL_GL@ui@modules@UModSys@@H@tl@UModSys@@@tl@UModSys@@IEAAXPEAU?$TScatterArrayNode@UGlyph@RMultiImage2D_SDL_ttf@SDL_GL@ui@modules@UModSys@@H@23@@Z 00000001800060b0 f i umodsys_lib_libui:umodsys.mod.ui.SDL_GL.obj
 0001:000050b0       ?insert_color@?$TTreeHoldRB@U?$TScatterArrayNode@U?$TRefObjectComposite@UIKeyboardClient@libui@UModSys@@UIRefObject@core@3@U?$TRefObjectFunc@UIRefObject@core@UModSys@@@tl@3@@tl@UModSys@@H@tl@UModSys@@@tl@UModSys@@IEAAXPEAU?$TScatterArrayNode@U?$TRefObjectComposite@UIKeyboardClient@libui@UModSys@@UIRefObject@core@3@U?$TRefObjectFunc@UIRefObject@core@UModSys@@@tl@3@@tl@UModSys@@H@23@@Z 00000001800060b0 f i umodsys_lib_libui:umodsys.mod.ui.SDL_GL.obj
 0001:000050b0       ?insert_color@?$TTreeHoldRB@U?$TScatterArrayNode@U?$TVector2@M@math3d@UModSys@@H@tl@UModSys@@@tl@UModSys@@IEAAXPEAU?$TScatterArrayNode@U?$TVector2@M@math3d@UModSys@@H@23@@Z 00000001800060b0 f i umodsys_lib_libui:umodsys.mod.ui.frames.obj
 0001:000050b0       ?insert_color@?$TTreeHoldRB@U?$TScatterArrayNode@HH@tl@UModSys@@@tl@UModSys@@IEAAXPEAU?$TScatterArrayNode@HH@23@@Z 00000001800060b0 f i umodsys_lib_libui:umodsys.mod.ui.frames.obj
[...]
 0001:0004c2f0       ??__F?s_id@?$TObjectUniqueID@UIKeyboardController@libui@UModSys@@@tl@UModSys@@2USUniquePointer@core@3@A@@YAXXZ 000000018004d2f0 f    CIL library: CIL module
 0001:0004c300       ??__F?s_id@?$TObjectUniqueID@UIConsoleHelperOutputFCS@base@UModSys@@@tl@UModSys@@2USUniquePointer@core@3@A@@YAXXZ 000000018004d300 f    CIL library: CIL module
 0001:0004c310       ??__F?s_id@?$TObjectUniqueID@UIConsoleHelperOutput@base@UModSys@@@tl@UModSys@@2USUniquePointer@core@3@A@@YAXXZ 000000018004d310 f    CIL library: CIL module
 0001:0004c320       ??__F?s_id@?$TObjectUniqueID@UIConsoleHelperInput@base@UModSys@@@tl@UModSys@@2USUniquePointer@core@3@A@@YAXXZ 000000018004d320 f    CIL library: CIL module
 0001:0004c330       ??__F?s_id@?$TObjectUniqueID@UIConsoleHelperHistory@base@UModSys@@@tl@UModSys@@2USUniquePointer@core@3@A@@YAXXZ 000000018004d330 f    CIL library: CIL module
 0001:0004c340       ??__F?s_id@?$TObjectUniqueID@UIConsoleHelper@base@UModSys@@@tl@UModSys@@2USUniquePointer@core@3@A@@YAXXZ 000000018004d340 f    CIL library: CIL module
 0001:0004c350       ??__F?s_id@?$TObjectUniqueID@UIConsoleExt@base@UModSys@@@tl@UModSys@@2USUniquePointer@core@3@A@@YAXXZ 000000018004d350 f    CIL library: CIL module
 0001:0004c360       ??__F?s_id@?$TObjectUniqueID@UISerializeWriter@libmedia@UModSys@@@tl@UModSys@@2USUniquePointer@core@3@A@@YAXXZ 000000018004d360 f    CIL library: CIL module
 0001:0004c370       ??__F?s_id@?$TObjectUniqueID@UISerializeReader@libmedia@UModSys@@@tl@UModSys@@2USUniquePointer@core@3@A@@YAXXZ 000000018004d370 f    CIL library: CIL module
 0001:0004c380       ??__F?s_id@?$TObjectUniqueID@UIClient@IBinArchiveFrame@libmedia@UModSys@@@tl@UModSys@@2USUniquePointer@core@3@A@@YAXXZ 000000018004d380 f    CIL library: CIL module
 0001:0004c390       ??__F?s_id@?$TObjectUniqueID@UIBinArchiveFrame@libmedia@UModSys@@@tl@UModSys@@2USUniquePointer@core@3@A@@YAXXZ 000000018004d390 f    CIL library: CIL module
 0001:0004c3a0       ??__F?s_id@?$TObjectUniqueID@UILibraryLayered@libmedia@UModSys@@@tl@UModSys@@2USUniquePointer@core@3@A@@YAXXZ 000000018004d3a0 f    CIL library: CIL module
 0001:0004c3b0       ??__F?s_id@?$TObjectUniqueID@UILibraryObjCache@libmedia@UModSys@@@tl@UModSys@@2USUniquePointer@core@3@A@@YAXXZ 000000018004d3b0 f    CIL library: CIL module
 0001:0004c3c0       ??__F?s_id@?$TObjectUniqueID@UILibraryObjFilter@libmedia@UModSys@@@tl@UModSys@@2USUniquePointer@core@3@A@@YAXXZ 000000018004d3c0 f    CIL library: CIL module
 0001:0004c3d0       ??__F?s_id@?$TObjectUniqueID@UILibraryBinCache@libmedia@UModSys@@@tl@UModSys@@2USUniquePointer@core@3@A@@YAXXZ 000000018004d3d0 f    CIL library: CIL module
 0001:0004c3e0       ??__F?s_id@?$TObjectUniqueID@UILibraryBinTree@libmedia@UModSys@@@tl@UModSys@@2USUniquePointer@core@3@A@@YAXXZ 000000018004d3e0 f    CIL library: CIL module
 0001:0004c3f0       ??__F?s_id@?$TObjectUniqueID@UILibrary@libmedia@UModSys@@@tl@UModSys@@2USUniquePointer@core@3@A@@YAXXZ 000000018004d3f0 f    CIL library: CIL module
 0001:0004c400       ??__F?s_id@?$TObjectUniqueID@UIBinObjFilter@libmedia@UModSys@@@tl@UModSys@@2USUniquePointer@core@3@A@@YAXXZ 000000018004d400 f    CIL library: CIL module
 0001:0004c410       ??__F?s_id@?$TObjectUniqueID@UIBinArchive@libmedia@UModSys@@@tl@UModSys@@2USUniquePointer@core@3@A@@YAXXZ 000000018004d410 f    CIL library: CIL module
 0001:0004c420       ??__F?s_id@?$TObjectUniqueID@UILibObject@libmedia@UModSys@@@tl@UModSys@@2USUniquePointer@core@3@A@@YAXXZ 000000018004d420 f    CIL library: CIL module
 0001:0004c430       ??__F?s_id@?$TObjectUniqueID@UIUtilities@libmedia@UModSys@@@tl@UModSys@@2USUniquePointer@core@3@A@@YAXXZ 000000018004d430 f    CIL library: CIL module
 0001:0004c440       ??__F?s_id@?$TObjectUniqueID@UIStreamWriter@libmedia@UModSys@@@tl@UModSys@@2USUniquePointer@core@3@A@@YAXXZ 000000018004d440 f    CIL library: CIL module
 0001:0004c450       ??__F?s_id@?$TObjectUniqueID@UIStreamReader@libmedia@UModSys@@@tl@UModSys@@2USUniquePointer@core@3@A@@YAXXZ 000000018004d450 f    CIL library: CIL module
 0001:0004c460       ??__F?s_id@?$TObjectUniqueID@UISystem@base@UModSys@@@tl@UModSys@@2USUniquePointer@core@3@A@@YAXXZ 000000018004d460 f    CIL library: CIL module
 0001:0004c470       ??__F?s_id@?$TObjectUniqueID@UIShell@base@UModSys@@@tl@UModSys@@2USUniquePointer@core@3@A@@YAXXZ 000000018004d470 f    CIL library: CIL module
 0001:0004c480       ??__F?s_id@?$TObjectUniqueID@UIGenerator@base@UModSys@@@tl@UModSys@@2USUniquePointer@core@3@A@@YAXXZ 000000018004d480 f    CIL library: CIL module
 0001:0004c490       ??__F?s_id@?$TObjectUniqueID@UIModObject@base@UModSys@@@tl@UModSys@@2USUniquePointer@core@3@A@@YAXXZ 000000018004d490 f    CIL library: CIL module
 0001:0004c4a0       ??__F?s_id@?$TObjectUniqueID@UIModuleLibrary@base@UModSys@@@tl@UModSys@@2USUniquePointer@core@3@A@@YAXXZ 000000018004d4a0 f    CIL library: CIL module
 0001:0004c4b0       ??__F?s_id@?$TObjectUniqueID@UIModule@base@UModSys@@@tl@UModSys@@2USUniquePointer@core@3@A@@YAXXZ 000000018004d4b0 f    CIL library: CIL module
 0001:0004c4c0       ??__F?s_id@?$TObjectUniqueID@UIConsole@base@UModSys@@@tl@UModSys@@2USUniquePointer@core@3@A@@YAXXZ 000000018004d4c0 f    CIL library: CIL module
 0001:0004c4d0       ??__F?s_id@?$TObjectUniqueID@UIParameters@core@UModSys@@@tl@UModSys@@2USUniquePointer@core@3@A@@YAXXZ 000000018004d4d0 f    CIL library: CIL module
 0001:0004c4e0       ??__F?s_id@?$TObjectUniqueID@UIRefObject@core@UModSys@@@tl@UModSys@@2USUniquePointer@core@3@A@@YAXXZ 000000018004d4e0 f    CIL library: CIL module
 0001:0004c4f0       ??__F?s_id@?$TObjectUniqueID@UIRoot@core@UModSys@@@tl@UModSys@@2USUniquePointer@core@3@A@@YAXXZ 000000018004d4f0 f    CIL library: CIL module
 0001:0004c500       ??__F?s_id@?$TObjectUniqueID@UIScene@lib3d@UModSys@@@tl@UModSys@@2USUniquePointer@core@3@A@@YAXXZ 000000018004d500 f    CIL library: CIL module
 0001:0004c510       ??__F?s_id@?$TObjectUniqueID@UISceneController@lib3d@UModSys@@@tl@UModSys@@2USUniquePointer@core@3@A@@YAXXZ 000000018004d510 f    CIL library: CIL module
 0001:0004c520       ??__F?s_id@?$TObjectUniqueID@UINodeObject_Light@lib3d@UModSys@@@tl@UModSys@@2USUniquePointer@core@3@A@@YAXXZ 000000018004d520 f    CIL library: CIL module
 0001:0004c530       ??__F?s_id@?$TObjectUniqueID@UINodeObject_Camera@lib3d@UModSys@@@tl@UModSys@@2USUniquePointer@core@3@A@@YAXXZ 000000018004d530 f    CIL library: CIL module
 0001:0004c540       ??__F?s_id@?$TObjectUniqueID@UINodeObject_Particles@lib3d@UModSys@@@tl@UModSys@@2USUniquePointer@core@3@A@@YAXXZ 000000018004d540 f    CIL library: CIL module
 0001:0004c550       ??__F?s_id@?$TObjectUniqueID@UINodeObject_Picture@lib3d@UModSys@@@tl@UModSys@@2USUniquePointer@core@3@A@@YAXXZ 000000018004d550 f    CIL library: CIL module
 0001:0004c560       ??__F?s_id@?$TObjectUniqueID@UINodeObject_Mesh@lib3d@UModSys@@@tl@UModSys@@2USUniquePointer@core@3@A@@YAXXZ 000000018004d560 f    CIL library: CIL module
 0001:0004c570       ??__F?s_id@?$TObjectUniqueID@UINodeObject_Brush@lib3d@UModSys@@@tl@UModSys@@2USUniquePointer@core@3@A@@YAXXZ 000000018004d570 f    CIL library: CIL module
 0001:0004c580       ??__Fs_dbg@stdlib@lib2d@modules@UModSys@@YAXXZ 000000018004d580 f    CIL library: CIL module
 0001:0004c590       ??__F?s_modreg@RModuleReg@stdlib@lib2d@modules@UModSys@@2U12345@A@@YAXXZ 000000018004d590 f    CIL library: CIL module
 0001:0004c5b0       ??__F?s_modreg_chain@RModuleReg@stdlib@lib2d@modules@UModSys@@2USModuleRegChain@base@5@A@@YAXXZ 000000018004d5b0 f    CIL library: CIL module
 0001:0004c5c0       ??__F?s_uid@RGenerator@stdlib@lib2d@modules@UModSys@@2USUniquePointer@core@5@A@@YAXXZ 000000018004d5c0 f    CIL library: CIL module
 0001:0004c5d0       ??__Fh@?1??s_holder@RGenerator@stdlib@lib2d@modules@UModSys@@SAAEAU?$TTypeStaticHolder@URGenerator@stdlib@lib2d@modules@UModSys@@@tl@5@XZ@YAXXZ 000000018004d5d0 f    CIL library: CIL module
 0001:0004c600       ??__F?s_id@?$TObjectUniqueID@URGenerator@stdlib@lib2d@modules@UModSys@@@tl@UModSys@@2USUniquePointer@core@3@A@@YAXXZ 000000018004d600 f    CIL library: CIL module
 0001:0004c610       ??__F?s_id@?$TObjectUniqueID@URMultiImage@stdlib@lib2d@modules@UModSys@@@tl@UModSys@@2USUniquePointer@core@3@A@@YAXXZ 000000018004d610 f    CIL library: CIL module
 0001:0004c620       ??__F?s_id@?$TObjectUniqueID@URImageFactory_Memory@stdlib@lib2d@modules@UModSys@@@tl@UModSys@@2USUniquePointer@core@3@A@@YAXXZ 000000018004d620 f    CIL library: CIL module
 0001:0004c630       ??__F?s_id@?$TObjectUniqueID@URImage_Memory@stdlib@lib2d@modules@UModSys@@@tl@UModSys@@2USUniquePointer@core@3@A@@YAXXZ 000000018004d630 f    CIL library: CIL module
 0001:0004c640       ??__Fs_dbg@SDL_GL@ui@modules@UModSys@@YAXXZ 000000018004d640 f    CIL library: CIL module
 0001:0004c650       ??__F?s_modreg@RModuleReg@SDL_GL@ui@modules@UModSys@@2U12345@A@@YAXXZ 000000018004d650 f    CIL library: CIL module
 0001:0004c670       ??__F?s_modreg_chain@RModuleReg@SDL_GL@ui@modules@UModSys@@2USModuleRegChain@base@5@A@@YAXXZ 000000018004d670 f    CIL library: CIL module
 0001:0004c680       ??__F?s_uid@RGenerator@SDL_GL@ui@modules@UModSys@@2USUniquePointer@core@5@A@@YAXXZ 000000018004d680 f    CIL library: CIL module
 0001:0004c690       ??__Fh@?1??s_holder@RGenerator@SDL_GL@ui@modules@UModSys@@SAAEAU?$TTypeStaticHolder@URGenerator@SDL_GL@ui@modules@UModSys@@@tl@5@XZ@YAXXZ 000000018004d690 f    CIL library: CIL module
 0001:0004c6c0       ??__F?s_id@?$TObjectUniqueID@URGenerator@SDL_GL@ui@modules@UModSys@@@tl@UModSys@@2USUniquePointer@core@3@A@@YAXXZ 000000018004d6c0 f    CIL library: CIL module
 0001:0004c6d0       ??__F?s_id@?$TObjectUniqueID@URVertexArray@SDL_GL@ui@modules@UModSys@@@tl@UModSys@@2USUniquePointer@core@3@A@@YAXXZ 000000018004d6d0 f    CIL library: CIL module
 0001:0004c6e0       ??__F?s_id@?$TObjectUniqueID@URTerminalX@SDL_GL@ui@modules@UModSys@@@tl@UModSys@@2USUniquePointer@core@3@A@@YAXXZ 000000018004d6e0 f    CIL library: CIL module
 0001:0004c6f0       ??__F?s_id@?$TObjectUniqueID@URRenderDriver3D@SDL_GL@ui@modules@UModSys@@@tl@UModSys@@2USUniquePointer@core@3@A@@YAXXZ 000000018004d6f0 f    CIL library: CIL module
 0001:0004c700       ??__F?s_id@?$TObjectUniqueID@URMultiImage2D_SDL_ttf@SDL_GL@ui@modules@UModSys@@@tl@UModSys@@2USUniquePointer@core@3@A@@YAXXZ 000000018004d700 f    CIL library: CIL module
 0001:0004c710       ??__F?s_id@?$TObjectUniqueID@URTerminal@SDL_GL@ui@modules@UModSys@@@tl@UModSys@@2USUniquePointer@core@3@A@@YAXXZ 000000018004d710 f    CIL library: CIL module
 0001:0004c720       ??__F?s_id@?$TObjectUniqueID@URMouseController@SDL_GL@ui@modules@UModSys@@@tl@UModSys@@2USUniquePointer@core@3@A@@YAXXZ 000000018004d720 f    CIL library: CIL module
 0001:0004c730       ??__F?s_id@?$TObjectUniqueID@URKeyboardController@SDL_GL@ui@modules@UModSys@@@tl@UModSys@@2USUniquePointer@core@3@A@@YAXXZ 000000018004d730 f    CIL library: CIL module
 0001:0004c740       ??__Fs_dbg@SDL_core@ui@modules@UModSys@@YAXXZ 000000018004d740 f    CIL library: CIL module
 0001:0004c750       ??__F?s_modreg@RModuleReg@SDL_core@ui@modules@UModSys@@2U12345@A@@YAXXZ 000000018004d750 f    CIL library: CIL module
 0001:0004c770       ??__F?s_modreg_chain@RModuleReg@SDL_core@ui@modules@UModSys@@2USModuleRegChain@base@5@A@@YAXXZ 000000018004d770 f    CIL library: CIL module
 0001:0004c780       ??__F?s_uid@RGenerator@SDL_core@ui@modules@UModSys@@2USUniquePointer@core@5@A@@YAXXZ 000000018004d780 f    CIL library: CIL module
 0001:0004c790       ??__Fh@?1??s_holder@RGenerator@SDL_core@ui@modules@UModSys@@SAAEAU?$TTypeStaticHolder@URGenerator@SDL_core@ui@modules@UModSys@@@tl@5@XZ@YAXXZ 000000018004d790 f    CIL library: CIL module
 0001:0004c7c0       ??__F?s_id@?$TObjectUniqueID@URGenerator@SDL_core@ui@modules@UModSys@@@tl@UModSys@@2USUniquePointer@core@3@A@@YAXXZ 000000018004d7c0 f    CIL library: CIL module
 0001:0004c7d0       ??__F?s_id@?$TObjectUniqueID@URTerminalX@SDL_core@ui@modules@UModSys@@@tl@UModSys@@2USUniquePointer@core@3@A@@YAXXZ 000000018004d7d0 f    CIL library: CIL module
 0001:0004c7e0       ??__F?s_id@?$TObjectUniqueID@URRenderDriver2D@SDL_core@ui@modules@UModSys@@@tl@UModSys@@2USUniquePointer@core@3@A@@YAXXZ 000000018004d7e0 f    CIL library: CIL module
 0001:0004c7f0       ??__F?s_id@?$TObjectUniqueID@URMultiImage2D_SDL_ttf@SDL_core@ui@modules@UModSys@@@tl@UModSys@@2USUniquePointer@core@3@A@@YAXXZ 000000018004d7f0 f    CIL library: CIL module
 0001:0004c800       ??__F?s_id@?$TObjectUniqueID@URTerminal@SDL_core@ui@modules@UModSys@@@tl@UModSys@@2USUniquePointer@core@3@A@@YAXXZ 000000018004d800 f    CIL library: CIL module
 0001:0004c810       ??__F?s_id@?$TObjectUniqueID@URMouseController@SDL_core@ui@modules@UModSys@@@tl@UModSys@@2USUniquePointer@core@3@A@@YAXXZ 000000018004d810 f    CIL library: CIL module
 0001:0004c820       ??__F?s_id@?$TObjectUniqueID@URKeyboardController@SDL_core@ui@modules@UModSys@@@tl@UModSys@@2USUniquePointer@core@3@A@@YAXXZ 000000018004d820 f    CIL library: CIL module
 0001:0004c830       ??__Fs_dbg@frames@ui@modules@UModSys@@YAXXZ 000000018004d830 f    CIL library: CIL module
 0001:0004c840       ??__F?s_modreg@RModuleReg@frames@ui@modules@UModSys@@2U12345@A@@YAXXZ 000000018004d840 f    CIL library: CIL module
 0001:0004c860       ??__F?s_modreg_chain@RModuleReg@frames@ui@modules@UModSys@@2USModuleRegChain@base@5@A@@YAXXZ 000000018004d860 f    CIL library: CIL module
 0001:0004c870       ??__F?s_uid@RGenerator@frames@ui@modules@UModSys@@2USUniquePointer@core@5@A@@YAXXZ 000000018004d870 f    CIL library: CIL module
 0001:0004c880       ??__Fh@?1??s_holder@RGenerator@frames@ui@modules@UModSys@@SAAEAU?$TTypeStaticHolder@URGenerator@frames@ui@modules@UModSys@@@tl@5@XZ@YAXXZ 000000018004d880 f    CIL library: CIL module
 0001:0004c8b0       ??__F?s_id@?$TObjectUniqueID@URGenerator@frames@ui@modules@UModSys@@@tl@UModSys@@2USUniquePointer@core@3@A@@YAXXZ 000000018004d8b0 f    CIL library: CIL module
 0001:0004c8c0       ??__F?s_id@?$TObjectUniqueID@URCollector@frames@ui@modules@UModSys@@@tl@UModSys@@2USUniquePointer@core@3@A@@YAXXZ 000000018004d8c0 f    CIL library: CIL module
 0001:0004c8d0       ??__F?s_id@?$TObjectUniqueID@URFrame_List@frames@ui@modules@UModSys@@@tl@UModSys@@2USUniquePointer@core@3@A@@YAXXZ 000000018004d8d0 f    CIL library: CIL module
 0001:0004c8e0       ??__F?s_id@?$TObjectUniqueID@URFrame_Edit@frames@ui@modules@UModSys@@@tl@UModSys@@2USUniquePointer@core@3@A@@YAXXZ 000000018004d8e0 f    CIL library: CIL module
 0001:0004c8f0       ??__F?s_id@?$TObjectUniqueID@URFrame_Button@frames@ui@modules@UModSys@@@tl@UModSys@@2USUniquePointer@core@3@A@@YAXXZ 000000018004d8f0 f    CIL library: CIL module
 0001:0004c900       ??__F?s_id@?$TObjectUniqueID@URFrame_Text@frames@ui@modules@UModSys@@@tl@UModSys@@2USUniquePointer@core@3@A@@YAXXZ 000000018004d900 f    CIL library: CIL module
 0001:0004c910       ??__F?s_id@?$TObjectUniqueID@URFrame_Image@frames@ui@modules@UModSys@@@tl@UModSys@@2USUniquePointer@core@3@A@@YAXXZ 000000018004d910 f    CIL library: CIL module
 0001:0004c920       ??__F?s_id@?$TObjectUniqueID@URFrame_Frame@frames@ui@modules@UModSys@@@tl@UModSys@@2USUniquePointer@core@3@A@@YAXXZ 000000018004d920 f    CIL library: CIL module
 0001:0004c930       ??__F?s_id@?$TObjectUniqueID@URDialog@frames@ui@modules@UModSys@@@tl@UModSys@@2USUniquePointer@core@3@A@@YAXXZ 000000018004d930 f    CIL library: CIL module
 0001:0004c940       ??__F?s_id@?$TObjectUniqueID@URFrame_Common@frames@ui@modules@UModSys@@@tl@UModSys@@2USUniquePointer@core@3@A@@YAXXZ 000000018004d940 f    CIL library: CIL module
 0001:0004c950       ??__Fs_dbg@images_std@media@modules@UModSys@@YAXXZ 000000018004d950 f    CIL library: CIL module
 0001:0004c960       ??__F?s_modreg@RModuleReg@images_std@media@modules@UModSys@@2U12345@A@@YAXXZ 000000018004d960 f    CIL library: CIL module
 0001:0004c980       ??__F?s_modreg_chain@RModuleReg@images_std@media@modules@UModSys@@2USModuleRegChain@base@5@A@@YAXXZ 000000018004d980 f    CIL library: CIL module
 0001:0004c990       ??__F?s_uid@RGenerator@images_std@media@modules@UModSys@@2USUniquePointer@core@5@A@@YAXXZ 000000018004d990 f    CIL library: CIL module
 0001:0004c9a0       ??__Fh@?1??s_holder@RGenerator@images_std@media@modules@UModSys@@SAAEAU?$TTypeStaticHolder@URGenerator@images_std@media@modules@UModSys@@@tl@5@XZ@YAXXZ 000000018004d9a0 f    CIL library: CIL module
 0001:0004c9d0       ??__F?s_id@?$TObjectUniqueID@URGenerator@images_std@media@modules@UModSys@@@tl@UModSys@@2USUniquePointer@core@3@A@@YAXXZ 000000018004d9d0 f    CIL library: CIL module
 0001:0004c9e0       ??__F?s_id@?$TObjectUniqueID@URMediaFilter@images_std@media@modules@UModSys@@@tl@UModSys@@2USUniquePointer@core@3@A@@YAXXZ 000000018004d9e0 f    CIL library: CIL module
 0001:0004c9f0       ??__Fs_dbg@serialize_json@media@modules@UModSys@@YAXXZ 000000018004d9f0 f    CIL library: CIL module
 0001:0004ca00       ??__F?s_modreg@RModuleReg@serialize_json@media@modules@UModSys@@2U12345@A@@YAXXZ 000000018004da00 f    CIL library: CIL module
 0001:0004ca20       ??__F?s_modreg_chain@RModuleReg@serialize_json@media@modules@UModSys@@2USModuleRegChain@base@5@A@@YAXXZ 000000018004da20 f    CIL library: CIL module
 0001:0004ca30       ??__F?s_uid@RGenerator@serialize_json@media@modules@UModSys@@2USUniquePointer@core@5@A@@YAXXZ 000000018004da30 f    CIL library: CIL module
 0001:0004ca40       ??__Fh@?1??s_holder@RGenerator@serialize_json@media@modules@UModSys@@SAAEAU?$TTypeStaticHolder@URGenerator@serialize_json@media@modules@UModSys@@@tl@5@XZ@YAXXZ 000000018004da40 f    CIL library: CIL module
 0001:0004ca70       ??__F?s_id@?$TObjectUniqueID@URGenerator@serialize_json@media@modules@UModSys@@@tl@UModSys@@2USUniquePointer@core@3@A@@YAXXZ 000000018004da70 f    CIL library: CIL module
 0001:0004ca80       ??__F?s_id@?$TObjectUniqueID@URSerializeWriter@serialize_json@media@modules@UModSys@@@tl@UModSys@@2USUniquePointer@core@3@A@@YAXXZ 000000018004da80 f    CIL library: CIL module
 0001:0004ca90       ??__F?s_id@?$TObjectUniqueID@URSerializeReader@serialize_json@media@modules@UModSys@@@tl@UModSys@@2USUniquePointer@core@3@A@@YAXXZ 000000018004da90 f    CIL library: CIL module
 0001:0004caa0       ??__Fs_dbg@zlib@media@modules@UModSys@@YAXXZ 000000018004daa0 f    CIL library: CIL module
 0001:0004cab0       ??__F?s_modreg@RModuleReg@zlib@media@modules@UModSys@@2U12345@A@@YAXXZ 000000018004dab0 f    CIL library: CIL module
 0001:0004cad0       ??__F?s_modreg_chain@RModuleReg@zlib@media@modules@UModSys@@2USModuleRegChain@base@5@A@@YAXXZ 000000018004dad0 f    CIL library: CIL module
 0001:0004cae0       ??__F?s_uid@RGenerator@zlib@media@modules@UModSys@@2USUniquePointer@core@5@A@@YAXXZ 000000018004dae0 f    CIL library: CIL module
 0001:0004caf0       ??__Fh@?1??s_holder@RGenerator@zlib@media@modules@UModSys@@SAAEAU?$TTypeStaticHolder@URGenerator@zlib@media@modules@UModSys@@@tl@5@XZ@YAXXZ 000000018004daf0 f    CIL library: CIL module
 0001:0004cb20       ??__F?s_id@?$TObjectUniqueID@URGenerator@zlib@media@modules@UModSys@@@tl@UModSys@@2USUniquePointer@core@3@A@@YAXXZ 000000018004db20 f    CIL library: CIL module
 0001:0004cb30       ??__F?s_id@?$TObjectUniqueID@URBinArchiveFrameClient_ZIP@zlib@media@modules@UModSys@@@tl@UModSys@@2USUniquePointer@core@3@A@@YAXXZ 000000018004db30 f    CIL library: CIL module
 0001:0004cb40       ??__FM@UModSys@@YAXXZ      000000018004db40 f    CIL library: CIL module
 0001:0004cb50       ??__F?root@SModuleRegChain@base@UModSys@@2U123@A@@YAXXZ 000000018004db50 f    CIL library: CIL module
 0001:0004cb60       ??__F?s_library@RModuleLibraryReg_Chain@base@UModSys@@2U123@A@@YAXXZ 000000018004db60 f    CIL library: CIL module
 0001:0004cb70       ??__F?root@SUniquePointer@core@UModSys@@2U123@A@@YAXXZ 000000018004db70 f    CIL library: CIL module

 Exports

  ordinal    name

        1    UModSys_Plugin_Entry2
