 plugin_test1

 Timestamp is 533040bb (Mon Mar 24 17:27:07 2014)

 Preferred load address is 0000000180000000

 Start         Length     Name                   Class
 0001:00000000 00048656H .text                   CODE
 0001:00048660 0000005eH .text$00                CODE
 0001:000486c0 00002078H .text$x                 CODE
 0001:0004a740 00002492H .text$yc                CODE
 0001:0004cbe0 00000b1cH .text$yd                CODE
 0002:00000000 00000410H .idata$5                DATA
 0002:00000410 00000008H .CRT$XCA                DATA
 0002:00000418 000021b0H .CRT$XCU                DATA
 0002:000025c8 00000008H .CRT$XCZ                DATA
 0002:000025d0 00000008H .CRT$XIA                DATA
 0002:000025d8 00000008H .CRT$XIAA               DATA
 0002:000025e0 00000008H .CRT$XIZ                DATA
 0002:000025f0 00010a08H .rdata                  DATA
 0002:00013000 000032a4H .rdata$r                DATA
 0002:000162a8 00000008H .rtc$IAA                DATA
 0002:000162b0 00000008H .rtc$IZZ                DATA
 0002:000162b8 00000008H .rtc$TAA                DATA
 0002:000162c0 00000008H .rtc$TZZ                DATA
 0002:000162c8 00004e60H .xdata                  DATA
 0002:0001b128 00000078H .idata$2                DATA
 0002:0001b1a0 00000014H .idata$3                DATA
 0002:0001b1b8 00000410H .idata$4                DATA
 0002:0001b5c8 00000908H .idata$6                DATA
 0002:0001bed0 00000059H .edata                  DATA
 0003:00000000 00001ad0H .data                   DATA
 0003:00001ad0 000025d0H .bss                    DATA
 0004:00000000 00003888H .pdata                  DATA

  Address         Publics by Value              Rva+Base               Lib:Object

 0000:00000000       ___safe_se_handler_count   0000000000000000     <absolute>
 0000:00000000       ___safe_se_handler_table   0000000000000000     <absolute>
 0000:00000000       __ImageBase                0000000180000000     <linker-defined>
 0001:00000000       ??1State@RImage_Memory@stdlib@lib2d@modules@UModSys@@QEAA@XZ 0000000180001000 f i umodsys_lib_lib2d:umodsys.mod.2d.stdlib.obj
 0001:00000000       ??1SMemShared@core@UModSys@@QEAA@XZ 0000000180001000 f i plugin_test1.obj
 0001:00000000       ??1SCMemShared@core@UModSys@@QEAA@XZ 0000000180001000 f i plugin_test1.obj
 0001:00000030       ??3IRoot@core@UModSys@@SAXPEAXAEBUSIMemAlloc@12@@Z 0000000180001030 f i plugin_test1.obj
 0001:00000040       ??_EIRoot@core@UModSys@@UEAAPEAXI@Z 0000000180001040 f i  CIL library: CIL module
 0001:00000040       ??_GIRoot@core@UModSys@@UEAAPEAXI@Z 0000000180001040 f i plugin_test1.obj
 0001:00000070       ??1IBinObjFilter@libmedia@UModSys@@UEAA@XZ 0000000180001070 f i plugin_test1.obj
 0001:000000b0       ?root_get_interface_info@RTest1_Shell@test1@test@modules@UModSys@@UEBAAEBUSUniquePointerInfo@core@5@XZ 00000001800010b0 f i plugin_test1.obj
 0001:000000c0       ?root_get_interface_type@RTest1_Shell@test1@test@modules@UModSys@@UEBAPEBUSUniquePointerInfo@core@5@XZ 00000001800010c0 f i plugin_test1.obj
 0001:000000d0       ?root_get_other_interface@RTest1_Shell@test1@test@modules@UModSys@@UEAAPEAUIRoot@core@5@PEBUSUniquePointerInfo@75@@Z 00000001800010d0 f i plugin_test1.obj
 0001:000000d0       ?root_get_other_interface@RTest1_Shell@test1@test@modules@UModSys@@UEBAPEBUIRoot@core@5@PEBUSUniquePointerInfo@75@@Z 00000001800010d0 f i plugin_test1.obj
 0001:00000100       ?root_is_interface_supported@RTest1_Shell@test1@test@modules@UModSys@@UEBA_NPEBUSUniquePointerInfo@core@5@@Z 0000000180001100 f i plugin_test1.obj
 0001:00000130       ?ref_add@RTest1_Shell@test1@test@modules@UModSys@@UEBAXXZ 0000000180001130 f i plugin_test1.obj
 0001:00000140       ?ref_remove@RTest1_Shell@test1@test@modules@UModSys@@UEBAXXZ 0000000180001140 f i plugin_test1.obj
 0001:00000160       ?ref_links@RTest1_Shell@test1@test@modules@UModSys@@UEBAHXZ 0000000180001160 f i plugin_test1.obj
 0001:00000170       ?ref_weak@RTest1_Shell@test1@test@modules@UModSys@@UEBA_NAEAUWeakPointer@IRefObject@core@5@@Z 0000000180001170 f i plugin_test1.obj
 0001:00000190       ?suicide@RTest1_Shell@test1@test@modules@UModSys@@UEAAXXZ 0000000180001190 f i plugin_test1.obj
 0001:000001e0       ??0RTest1_Shell@test1@test@modules@UModSys@@QEAA@PEAUIModObject@base@4@@Z 00000001800011e0 f i plugin_test1.obj
 0001:00000330       ??1RTest1_Shell@test1@test@modules@UModSys@@UEAA@XZ 0000000180001330 f i plugin_test1.obj
 0001:000003e0       ?connect@RTest1_Shell@test1@test@modules@UModSys@@UEAA_NXZ 00000001800013e0 f i plugin_test1.obj
 0001:00000410       ?disconnect@RTest1_Shell@test1@test@modules@UModSys@@UEAA_NXZ 0000000180001410 f i plugin_test1.obj
 0001:00000440       ?process_tick@RTest1_Shell@test1@test@modules@UModSys@@UEAA_NAEBUSTimeMsec@core@5@@Z 0000000180001440 f i plugin_test1.obj
 0001:00000480       ?process_command@RTest1_Shell@test1@test@modules@UModSys@@UEAA_NHQEBU?$TString@U?$TSCoreConst@D@su@tl@UModSys@@U?$TComparerBinaryHash@D@234@@tl@5@@Z 0000000180001480 f i plugin_test1.obj
 0001:000004b0       ??_GRTest1_Shell@test1@test@modules@UModSys@@UEAAPEAXI@Z 00000001800014b0 f i plugin_test1.obj
 0001:000004b0       ??_ERTest1_Shell@test1@test@modules@UModSys@@UEAAPEAXI@Z 00000001800014b0 f i  CIL library: CIL module
 0001:000004e0       ?set_value@PropX@Aux@RTest1_Shell@test1@test@modules@UModSys@@UEAA_NPEBUSUniquePointerInfo@core@7@AEBUSPropValueR@97@@Z 00000001800014e0 f i plugin_test1.obj
 0001:000006d0       ??1SFrameCreateParameters@libui@UModSys@@QEAA@XZ 00000001800016d0 f i plugin_test1.obj
 0001:00000700       ??1UI_Info@RTest1_Shell@test1@test@modules@UModSys@@QEAA@XZ 0000000180001700 f i plugin_test1.obj
 0001:00000800       ?get_generated_names@RGenerator@test1@test@modules@UModSys@@UEBAHAEAUSUniquePtrList@core@5@@Z 0000000180001800 f i plugin_test1.obj
 0001:00000820       ?get_generated_types@RGenerator@test1@test@modules@UModSys@@UEBAHAEAUSUniquePtrList@core@5@PEBUSUniquePointerInfo@75@@Z 0000000180001820 f i plugin_test1.obj
 0001:00000880       ?generate@RGenerator@test1@test@modules@UModSys@@UEAA_NAEAU?$TRefObject@UIRefObject@core@UModSys@@U?$TRefObjectFunc@UIRefObject@core@UModSys@@@tl@3@@tl@5@PEBUSUniquePointerInfo@core@5@AEBUSParameters@95@@Z 0000000180001880 f i plugin_test1.obj
 0001:00000920       ?root_get_interface_info@RGenerator@test1@test@modules@UModSys@@UEBAAEBUSUniquePointerInfo@core@5@XZ 0000000180001920 f i plugin_test1.obj
 0001:00000930       ?root_get_interface_type@RGenerator@test1@test@modules@UModSys@@UEBAPEBUSUniquePointerInfo@core@5@XZ 0000000180001930 f i plugin_test1.obj
 0001:00000940       ?root_get_other_interface@RGenerator@test1@test@modules@UModSys@@UEAAPEAUIRoot@core@5@PEBUSUniquePointerInfo@75@@Z 0000000180001940 f i plugin_test1.obj
 0001:00000940       ?root_get_other_interface@RGenerator@test1@test@modules@UModSys@@UEBAPEBUIRoot@core@5@PEBUSUniquePointerInfo@75@@Z 0000000180001940 f i plugin_test1.obj
 0001:00000980       ?root_is_interface_supported@RGenerator@test1@test@modules@UModSys@@UEBA_NPEBUSUniquePointerInfo@core@5@@Z 0000000180001980 f i plugin_test1.obj
 0001:000009c0       ?get_uid@RGenerator@test1@test@modules@UModSys@@UEBAPEBUSUniquePointerInfo@core@5@XZ 00000001800019c0 f i plugin_test1.obj
 0001:000009d0       ?do_open@RModuleReg@test1@test@modules@UModSys@@UEAA_NXZ 00000001800019d0 f i plugin_test1.obj
 0001:00000a10       ?do_close@RModuleReg@test1@test@modules@UModSys@@UEAA_NXZ 0000000180001a10 f i plugin_test1.obj
 0001:00000a50       ??_GRModuleReg@test1@test@modules@UModSys@@UEAAPEAXI@Z 0000000180001a50 f i plugin_test1.obj
 0001:00000a50       ??_ERModuleReg@test1@test@modules@UModSys@@UEAAPEAXI@Z 0000000180001a50 f i  CIL library: CIL module
 0001:00000a80       ??4?$TString@U?$TSCoreShared@USIMemAlloc@core@UModSys@@D@su@tl@UModSys@@U?$TComparerBinaryHash@D@234@@tl@UModSys@@QEAAAEBU012@AEBU012@@Z 0000000180001a80 f i plugin_test1.obj
 0001:00000ad0       ?normalize@?$TVector3@N@math3d@UModSys@@QEAANXZ 0000000180001ad0 f i plugin_test1.obj
 0001:00000b80       ??4?$TRefObject@UIRefObject@core@UModSys@@U?$TRefObjectFunc@UIRefObject@core@UModSys@@@tl@3@@tl@UModSys@@QEAAAEBU012@PEAUIRefObject@core@2@@Z 0000000180001b80 f i plugin_test1.obj
 0001:00000bc0       ??1?$TRefObject@URRenderDriver3D@SDL_GL@ui@modules@UModSys@@U?$TRefObjectFunc@URRenderDriver3D@SDL_GL@ui@modules@UModSys@@@tl@5@@tl@UModSys@@QEAA@XZ 0000000180001bc0 f i umodsys_lib_libui:umodsys.mod.ui.SDL_GL.obj
 0001:00000bc0       ??1?$TRefObject@URMultiImage2D_SDL_ttf@SDL_GL@ui@modules@UModSys@@U?$TRefObjectFunc@URMultiImage2D_SDL_ttf@SDL_GL@ui@modules@UModSys@@@tl@5@@tl@UModSys@@QEAA@XZ 0000000180001bc0 f i umodsys_lib_libui:umodsys.mod.ui.SDL_GL.obj
 0001:00000bc0       ??1?$TRefObject@URMediaFilter@images_std@media@modules@UModSys@@U?$TRefObjectFunc@URMediaFilter@images_std@media@modules@UModSys@@@tl@5@@tl@UModSys@@QEAA@XZ 0000000180001bc0 f i umodsys_lib_libmedia:umodsys.mod.media.images_std.obj
 0001:00000bc0       ??1?$TRefObject@URSerializeReader@serialize_json@media@modules@UModSys@@U?$TRefObjectFunc@URSerializeReader@serialize_json@media@modules@UModSys@@@tl@5@@tl@UModSys@@QEAA@XZ 0000000180001bc0 f i umodsys_lib_libmedia:umodsys.mod.media.serialize_json.obj
 0001:00000bc0       ??1?$TRefObject@URVertexArray@SDL_GL@ui@modules@UModSys@@U?$TRefObjectFunc@URVertexArray@SDL_GL@ui@modules@UModSys@@@tl@5@@tl@UModSys@@QEAA@XZ 0000000180001bc0 f i umodsys_lib_libui:umodsys.mod.ui.SDL_GL.obj
 0001:00000bc0       ??1?$TRefObject@UIUtilities@libmedia@UModSys@@U?$TRefObjectFunc@UIUtilities@libmedia@UModSys@@@tl@3@@tl@UModSys@@QEAA@XZ 0000000180001bc0 f i plugin_test1.obj
 0001:00000bc0       ??1?$TRefObject@UIFrame@libui@UModSys@@U?$TRefObjectFunc@UIFrame@libui@UModSys@@@tl@3@@tl@UModSys@@QEAA@XZ 0000000180001bc0 f i umodsys_lib_libui:umodsys.mod.ui.frames.obj
 0001:00000bc0       ??1?$TRefObject@UIVertexArray@lib3d@UModSys@@U?$TRefObjectFunc@UIVertexArray@lib3d@UModSys@@@tl@3@@tl@UModSys@@QEAA@XZ 0000000180001bc0 f i plugin_test1.obj
 0001:00000bc0       ??1?$TRefObject@URMultiImage2D_SDL_ttf@SDL_core@ui@modules@UModSys@@U?$TRefObjectFunc@URMultiImage2D_SDL_ttf@SDL_core@ui@modules@UModSys@@@tl@5@@tl@UModSys@@QEAA@XZ 0000000180001bc0 f i umodsys_lib_libui:umodsys.mod.ui.SDL_core.obj
 0001:00000bc0       ??1?$TRefObject@URImageFactory_Memory@stdlib@lib2d@modules@UModSys@@U?$TRefObjectFunc@URImageFactory_Memory@stdlib@lib2d@modules@UModSys@@@tl@5@@tl@UModSys@@QEAA@XZ 0000000180001bc0 f i umodsys_lib_lib2d:umodsys.mod.2d.stdlib.obj
 0001:00000bc0       ??1?$TRefObject@URFrame_Common@frames@ui@modules@UModSys@@U?$TRefObjectFunc@URFrame_Common@frames@ui@modules@UModSys@@@tl@5@@tl@UModSys@@QEAA@XZ 0000000180001bc0 f i umodsys_lib_libui:umodsys.mod.ui.frames.obj
 0001:00000bc0       ??1?$TRefObject@URRenderDriver2D@SDL_core@ui@modules@UModSys@@U?$TRefObjectFunc@URRenderDriver2D@SDL_core@ui@modules@UModSys@@@tl@5@@tl@UModSys@@QEAA@XZ 0000000180001bc0 f i umodsys_lib_libui:umodsys.mod.ui.SDL_core.obj
 0001:00000bc0       ??1?$TRefObject@UIStreamReader@libmedia@UModSys@@U?$TRefObjectFunc@UIStreamReader@libmedia@UModSys@@@tl@3@@tl@UModSys@@QEAA@XZ 0000000180001bc0 f i plugin_test1.obj
 0001:00000bc0       ??1?$TRefObject@URCollector@frames@ui@modules@UModSys@@U?$TRefObjectFunc@URCollector@frames@ui@modules@UModSys@@@tl@5@@tl@UModSys@@QEAA@XZ 0000000180001bc0 f i umodsys_lib_libui:umodsys.mod.ui.frames.obj
 0001:00000bc0       ??1?$TRefObject@UIMultiImage@lib2d@UModSys@@U?$TRefObjectFunc@UIMultiImage@lib2d@UModSys@@@tl@3@@tl@UModSys@@QEAA@XZ 0000000180001bc0 f i plugin_test1.obj
 0001:00000bc0       ??1?$TRefObject@URTerminalX@SDL_core@ui@modules@UModSys@@U?$TRefObjectFunc@URTerminalX@SDL_core@ui@modules@UModSys@@@tl@5@@tl@UModSys@@QEAA@XZ 0000000180001bc0 f i umodsys_lib_libui:umodsys.mod.ui.SDL_core.obj
 0001:00000bc0       ??1?$TRefObject@URImage_Memory@stdlib@lib2d@modules@UModSys@@U?$TRefObjectFunc@URImage_Memory@stdlib@lib2d@modules@UModSys@@@tl@5@@tl@UModSys@@QEAA@XZ 0000000180001bc0 f i umodsys_lib_lib2d:umodsys.mod.2d.stdlib.obj
 0001:00000bc0       ??1?$TRefObject@UIStreamWriter@libmedia@UModSys@@U?$TRefObjectFunc@UIStreamWriter@libmedia@UModSys@@@tl@3@@tl@UModSys@@QEAA@XZ 0000000180001bc0 f i plugin_test1.obj
 0001:00000bc0       ??1?$TRefObject@UICollector@libui@UModSys@@U?$TRefObjectFunc@UICollector@libui@UModSys@@@tl@3@@tl@UModSys@@QEAA@XZ 0000000180001bc0 f i plugin_test1.obj
 0001:00000bc0       ??1?$TRefObject@UIRenderDriver@lib3d@UModSys@@U?$TRefObjectFunc@UIRenderDriver@lib3d@UModSys@@@tl@3@@tl@UModSys@@QEAA@XZ 0000000180001bc0 f i plugin_test1.obj
 0001:00000bc0       ??1?$TRefObject@URTerminalX@SDL_GL@ui@modules@UModSys@@U?$TRefObjectFunc@URTerminalX@SDL_GL@ui@modules@UModSys@@@tl@5@@tl@UModSys@@QEAA@XZ 0000000180001bc0 f i umodsys_lib_libui:umodsys.mod.ui.SDL_GL.obj
 0001:00000bc0       ??1?$TRefObject@UIImage@lib2d@UModSys@@U?$TRefObjectFunc@UIImage@lib2d@UModSys@@@tl@3@@tl@UModSys@@QEAA@XZ 0000000180001bc0 f i plugin_test1.obj
 0001:00000bc0       ??1?$TRefObject@URDialog@frames@ui@modules@UModSys@@U?$TRefObjectFunc@URDialog@frames@ui@modules@UModSys@@@tl@5@@tl@UModSys@@QEAA@XZ 0000000180001bc0 f i umodsys_lib_libui:umodsys.mod.ui.frames.obj
 0001:00000bc0       ??1?$TRefObject@URSerializeWriter@serialize_json@media@modules@UModSys@@U?$TRefObjectFunc@URSerializeWriter@serialize_json@media@modules@UModSys@@@tl@5@@tl@UModSys@@QEAA@XZ 0000000180001bc0 f i umodsys_lib_libmedia:umodsys.mod.media.serialize_json.obj
 0001:00000bc0       ??1?$TRefObject@URMultiImage@stdlib@lib2d@modules@UModSys@@U?$TRefObjectFunc@URMultiImage@stdlib@lib2d@modules@UModSys@@@tl@5@@tl@UModSys@@QEAA@XZ 0000000180001bc0 f i umodsys_lib_lib2d:umodsys.mod.2d.stdlib.obj
 0001:00000bc0       ??1?$TRefObject@UIImageFactory@lib2d@UModSys@@U?$TRefObjectFunc@UIImageFactory@lib2d@UModSys@@@tl@3@@tl@UModSys@@QEAA@XZ 0000000180001bc0 f i plugin_test1.obj
 0001:00000bc0       ??1?$TRefObject@UITerminal@libui@UModSys@@U?$TRefObjectFunc@UITerminal@libui@UModSys@@@tl@3@@tl@UModSys@@QEAA@XZ 0000000180001bc0 f i plugin_test1.obj
 0001:00000bc0       ??1?$TRefObject@URBinArchiveFrameClient_ZIP@zlib@media@modules@UModSys@@U?$TRefObjectFunc@URBinArchiveFrameClient_ZIP@zlib@media@modules@UModSys@@@tl@5@@tl@UModSys@@QEAA@XZ 0000000180001bc0 f i umodsys_lib_libmedia:umodsys.mod.media.zlib.obj
 0001:00000bc0       ??1?$TRefObject@UIKeyboardController@libui@UModSys@@U?$TRefObjectFunc@UIKeyboardController@libui@UModSys@@@tl@3@@tl@UModSys@@QEAA@XZ 0000000180001bc0 f i plugin_test1.obj
 0001:00000bc0       ??1?$TRefObject@UIRefObject@core@UModSys@@U?$TRefObjectFunc@UIRefObject@core@UModSys@@@tl@3@@tl@UModSys@@QEAA@XZ 0000000180001bc0 f i plugin_test1.obj
 0001:00000bc0       ??1?$TRefObject@UIRenderDriver@lib2d@UModSys@@U?$TRefObjectFunc@UIRenderDriver@lib2d@UModSys@@@tl@3@@tl@UModSys@@QEAA@XZ 0000000180001bc0 f i plugin_test1.obj
 0001:00000bc0       ??1?$TRefObject@UIMouseController@libui@UModSys@@U?$TRefObjectFunc@UIMouseController@libui@UModSys@@@tl@3@@tl@UModSys@@QEAA@XZ 0000000180001bc0 f i plugin_test1.obj
 0001:00000bf0       ??_ERGenerator@images_std@media@modules@UModSys@@UEAAPEAXI@Z 0000000180001bf0 f i  CIL library: CIL module
 0001:00000bf0       ??_ERGenerator@zlib@media@modules@UModSys@@UEAAPEAXI@Z 0000000180001bf0 f i  CIL library: CIL module
 0001:00000bf0       ??_ERGenerator@stdlib@lib2d@modules@UModSys@@UEAAPEAXI@Z 0000000180001bf0 f i  CIL library: CIL module
 0001:00000bf0       ??_EIRefObject@core@UModSys@@UEAAPEAXI@Z 0000000180001bf0 f i  CIL library: CIL module
 0001:00000bf0       ??_GRGenerator@images_std@media@modules@UModSys@@UEAAPEAXI@Z 0000000180001bf0 f i umodsys_lib_libmedia:umodsys.mod.media.images_std.obj
 0001:00000bf0       ??_GRGenerator@SDL_core@ui@modules@UModSys@@UEAAPEAXI@Z 0000000180001bf0 f i umodsys_lib_libui:umodsys.mod.ui.SDL_core.obj
 0001:00000bf0       ??_GRGenerator@test1@test@modules@UModSys@@UEAAPEAXI@Z 0000000180001bf0 f i plugin_test1.obj
 0001:00000bf0       ??_ERGenerator@frames@ui@modules@UModSys@@UEAAPEAXI@Z 0000000180001bf0 f i  CIL library: CIL module
 0001:00000bf0       ??_ERGenerator@SDL_GL@ui@modules@UModSys@@UEAAPEAXI@Z 0000000180001bf0 f i  CIL library: CIL module
 0001:00000bf0       ??_GRGenerator@serialize_json@media@modules@UModSys@@UEAAPEAXI@Z 0000000180001bf0 f i umodsys_lib_libmedia:umodsys.mod.media.serialize_json.obj
 0001:00000bf0       ??_GIRefObject@core@UModSys@@UEAAPEAXI@Z 0000000180001bf0 f i plugin_test1.obj
 0001:00000bf0       ??_ERGenerator@test1@test@modules@UModSys@@UEAAPEAXI@Z 0000000180001bf0 f i  CIL library: CIL module
 0001:00000bf0       ??_GRGenerator@zlib@media@modules@UModSys@@UEAAPEAXI@Z 0000000180001bf0 f i umodsys_lib_libmedia:umodsys.mod.media.zlib.obj
 0001:00000bf0       ??_GRGenerator@SDL_GL@ui@modules@UModSys@@UEAAPEAXI@Z 0000000180001bf0 f i umodsys_lib_libui:umodsys.mod.ui.SDL_GL.obj
 0001:00000bf0       ??_ERGenerator@serialize_json@media@modules@UModSys@@UEAAPEAXI@Z 0000000180001bf0 f i  CIL library: CIL module
 0001:00000bf0       ??_GRGenerator@frames@ui@modules@UModSys@@UEAAPEAXI@Z 0000000180001bf0 f i umodsys_lib_libui:umodsys.mod.ui.frames.obj
 0001:00000bf0       ??_ERGenerator@SDL_core@ui@modules@UModSys@@UEAAPEAXI@Z 0000000180001bf0 f i  CIL library: CIL module
 0001:00000bf0       ??_GRGenerator@stdlib@lib2d@modules@UModSys@@UEAAPEAXI@Z 0000000180001bf0 f i umodsys_lib_lib2d:umodsys.mod.2d.stdlib.obj
 0001:00000c20       ?info_release@?$TSCoreShared@USIMemAlloc@core@UModSys@@D@su@tl@UModSys@@QEAAXXZ 0000000180001c20 f i plugin_test1.obj
 0001:00000cc0       ?info_new@?$TSCoreShared@USIMemAlloc@core@UModSys@@D@su@tl@UModSys@@QEAA_NPEBD_K@Z 0000000180001cc0 f i plugin_test1.obj
 0001:00000db0       ?get_null@?$TSCoreShared@USIMemAlloc@core@UModSys@@D@su@tl@UModSys@@SAPEAU?$TSharedStringInfo@DUSIMemAlloc@core@UModSys@@@234@XZ 0000000180001db0 f i plugin_test1.obj
 0001:00000e00       ?mult3@?$TMatrix44@N@math3d@UModSys@@QEAAXAEBU123@0@Z 0000000180001e00 f i plugin_test1.obj
 0001:00000fa0       ?set_rotate_about@?$TMatrix44@N@math3d@UModSys@@QEAAXAEBU?$TVector3@N@23@N@Z 0000000180001fa0 f i plugin_test1.obj
 0001:00001210       ?set_look_at@?$TMatrix44@N@math3d@UModSys@@QEAA_NAEBU?$TVector3@N@23@00@Z 0000000180002210 f i plugin_test1.obj
 0001:000014f0       ?set_inversed@?$TMatrix44@N@math3d@UModSys@@QEAA_NAEBU123@@Z 00000001800024f0 f i plugin_test1.obj
 0001:00001be0       ??$generate_type@UICollector@libui@UModSys@@@RTest1_Shell@test1@test@modules@UModSys@@SA?AU?$TRefObject@UICollector@libui@UModSys@@U?$TRefObjectFunc@UICollector@libui@UModSys@@@tl@3@@tl@4@AEBU?$TString@U?$TSCoreConst@D@su@tl@UModSys@@U?$TComparerBinaryHash@D@234@@64@AEBUSParameters@core@4@PEBD@Z 0000000180002be0 f i plugin_test1.obj
 0001:00001d90       ??$generate_type@UITerminal@libui@UModSys@@@RTest1_Shell@test1@test@modules@UModSys@@SA?AU?$TRefObject@UITerminal@libui@UModSys@@U?$TRefObjectFunc@UITerminal@libui@UModSys@@@tl@3@@tl@4@AEBU?$TString@U?$TSCoreConst@D@su@tl@UModSys@@U?$TComparerBinaryHash@D@234@@64@AEBUSParameters@core@4@PEBD@Z 0000000180002d90 f i plugin_test1.obj
 0001:00001f40       ??$shash@D@su@tl@UModSys@@YA_KPEBD_K@Z 0000000180002f40 f i plugin_test1.obj
 0001:00001f80       ??1?$TRefObject@UIModObject@base@UModSys@@U?$TModObjectFunc@UIModObject@base@UModSys@@@tl@3@@tl@UModSys@@QEAA@XZ 0000000180002f80 f i plugin_test1.obj
 0001:00001fb0       ?mult@?$TMatrix44@N@math3d@UModSys@@QEAAXAEBU123@0@Z 0000000180002fb0 f i plugin_test1.obj
 0001:00002380       ?get_determinant@?$TMatrix44@N@math3d@UModSys@@QEBANXZ 0000000180003380 f i plugin_test1.obj
 0001:000025a0       ??$t_ref_get_other_interface@UIStreamReader@libmedia@UModSys@@U?$TRefObjectFunc@UIStreamReader@libmedia@UModSys@@@tl@3@@IRefObject@core@UModSys@@QEAA_NAEAU?$TRefObject@UIStreamReader@libmedia@UModSys@@U?$TRefObjectFunc@UIStreamReader@libmedia@UModSys@@@tl@3@@tl@2@@Z 00000001800035a0 f i plugin_test1.obj
 0001:000025f0       ??$t_ref_get_other_interface@UIStreamWriter@libmedia@UModSys@@U?$TRefObjectFunc@UIStreamWriter@libmedia@UModSys@@@tl@3@@IRefObject@core@UModSys@@QEAA_NAEAU?$TRefObject@UIStreamWriter@libmedia@UModSys@@U?$TRefObjectFunc@UIStreamWriter@libmedia@UModSys@@@tl@3@@tl@2@@Z 00000001800035f0 f i plugin_test1.obj
 0001:00002640       ??$t_generate@UICollector@libui@UModSys@@@SModuleContext@base@UModSys@@QEAA_NAEAU?$TRefObject@UICollector@libui@UModSys@@U?$TRefObjectFunc@UICollector@libui@UModSys@@@tl@3@@tl@2@PEBUSUniquePointerInfo@core@2@AEBUSParameters@62@@Z 0000000180003640 f i plugin_test1.obj
 0001:00002710       ??$t_generate@UITerminal@libui@UModSys@@@SModuleContext@base@UModSys@@QEAA_NAEAU?$TRefObject@UITerminal@libui@UModSys@@U?$TRefObjectFunc@UITerminal@libui@UModSys@@@tl@3@@tl@2@PEBUSUniquePointerInfo@core@2@AEBUSParameters@62@@Z 0000000180003710 f i plugin_test1.obj
 0001:000027e0       ??$t_ref_get_other_interface@UIImage@lib2d@UModSys@@U?$TRefObjectFunc@UIImage@lib2d@UModSys@@@tl@3@@IRefObject@core@UModSys@@QEAA_NAEAU?$TRefObject@UIImage@lib2d@UModSys@@U?$TRefObjectFunc@UIImage@lib2d@UModSys@@@tl@3@@tl@2@@Z 00000001800037e0 f i plugin_test1.obj
 0001:00002830       ??$t_ref_get_other_interface@UIImageFactory@lib2d@UModSys@@U?$TRefObjectFunc@UIImageFactory@lib2d@UModSys@@@tl@3@@IRefObject@core@UModSys@@QEAA_NAEAU?$TRefObject@UIImageFactory@lib2d@UModSys@@U?$TRefObjectFunc@UIImageFactory@lib2d@UModSys@@@tl@3@@tl@2@@Z 0000000180003830 f i plugin_test1.obj
 0001:00002880       ??$t_ref_get_other_interface@UIMultiImage@lib2d@UModSys@@U?$TRefObjectFunc@UIMultiImage@lib2d@UModSys@@@tl@3@@IRefObject@core@UModSys@@QEAA_NAEAU?$TRefObject@UIMultiImage@lib2d@UModSys@@U?$TRefObjectFunc@UIMultiImage@lib2d@UModSys@@@tl@3@@tl@2@@Z 0000000180003880 f i plugin_test1.obj
 0001:000028d0       ?root_get_interface_info@RImage_Memory@stdlib@lib2d@modules@UModSys@@UEBAAEBUSUniquePointerInfo@core@5@XZ 00000001800038d0 f i umodsys_lib_lib2d:umodsys.mod.2d.stdlib.obj
 0001:000028e0       ?root_get_interface_type@RImage_Memory@stdlib@lib2d@modules@UModSys@@UEBAPEBUSUniquePointerInfo@core@5@XZ 00000001800038e0 f i umodsys_lib_lib2d:umodsys.mod.2d.stdlib.obj
 0001:000028f0       ?root_get_other_interface@RImage_Memory@stdlib@lib2d@modules@UModSys@@UEBAPEBUIRoot@core@5@PEBUSUniquePointerInfo@75@@Z 00000001800038f0 f i umodsys_lib_lib2d:umodsys.mod.2d.stdlib.obj
 0001:000028f0       ?root_get_other_interface@RImage_Memory@stdlib@lib2d@modules@UModSys@@UEAAPEAUIRoot@core@5@PEBUSUniquePointerInfo@75@@Z 00000001800038f0 f i umodsys_lib_lib2d:umodsys.mod.2d.stdlib.obj
 0001:00002920       ?root_is_interface_supported@RImage_Memory@stdlib@lib2d@modules@UModSys@@UEBA_NPEBUSUniquePointerInfo@core@5@@Z 0000000180003920 f i umodsys_lib_lib2d:umodsys.mod.2d.stdlib.obj
 0001:00002950       ?suicide@RSerializeReader@serialize_json@media@modules@UModSys@@UEAAXXZ 0000000180003950 f i umodsys_lib_libmedia:umodsys.mod.media.serialize_json.obj
 0001:00002950       ?suicide@RImageFactory_Memory@stdlib@lib2d@modules@UModSys@@UEAAXXZ 0000000180003950 f i umodsys_lib_lib2d:umodsys.mod.2d.stdlib.obj
 0001:00002950       ?suicide@RTerminal@SDL_GL@ui@modules@UModSys@@UEAAXXZ 0000000180003950 f i umodsys_lib_libui:umodsys.mod.ui.SDL_GL.obj
 0001:00002950       ?suicide@RBinArchiveFrameClient_ZIP@zlib@media@modules@UModSys@@UEAAXXZ 0000000180003950 f i umodsys_lib_libmedia:umodsys.mod.media.zlib.obj
 0001:00002950       ?suicide@RImage_Memory@stdlib@lib2d@modules@UModSys@@UEAAXXZ 0000000180003950 f i umodsys_lib_lib2d:umodsys.mod.2d.stdlib.obj
 0001:00002950       ?suicide@RTerminal@SDL_core@ui@modules@UModSys@@UEAAXXZ 0000000180003950 f i umodsys_lib_libui:umodsys.mod.ui.SDL_core.obj
 0001:00002950       ?suicide@RMultiImage@stdlib@lib2d@modules@UModSys@@UEAAXXZ 0000000180003950 f i umodsys_lib_lib2d:umodsys.mod.2d.stdlib.obj
 0001:000029a0       ?root_get_interface_info@RImageFactory_Memory@stdlib@lib2d@modules@UModSys@@UEBAAEBUSUniquePointerInfo@core@5@XZ 00000001800039a0 f i umodsys_lib_lib2d:umodsys.mod.2d.stdlib.obj
 0001:000029b0       ?root_get_interface_type@RImageFactory_Memory@stdlib@lib2d@modules@UModSys@@UEBAPEBUSUniquePointerInfo@core@5@XZ 00000001800039b0 f i umodsys_lib_lib2d:umodsys.mod.2d.stdlib.obj
 0001:000029c0       ?root_get_other_interface@RImageFactory_Memory@stdlib@lib2d@modules@UModSys@@UEAAPEAUIRoot@core@5@PEBUSUniquePointerInfo@75@@Z 00000001800039c0 f i umodsys_lib_lib2d:umodsys.mod.2d.stdlib.obj
 0001:000029c0       ?root_get_other_interface@RImageFactory_Memory@stdlib@lib2d@modules@UModSys@@UEBAPEBUIRoot@core@5@PEBUSUniquePointerInfo@75@@Z 00000001800039c0 f i umodsys_lib_lib2d:umodsys.mod.2d.stdlib.obj
 0001:000029f0       ?root_is_interface_supported@RImageFactory_Memory@stdlib@lib2d@modules@UModSys@@UEBA_NPEBUSUniquePointerInfo@core@5@@Z 00000001800039f0 f i umodsys_lib_lib2d:umodsys.mod.2d.stdlib.obj
 0001:00002a20       ?root_get_interface_info@RMultiImage@stdlib@lib2d@modules@UModSys@@UEBAAEBUSUniquePointerInfo@core@5@XZ 0000000180003a20 f i umodsys_lib_lib2d:umodsys.mod.2d.stdlib.obj
 0001:00002a30       ?root_get_interface_type@RMultiImage@stdlib@lib2d@modules@UModSys@@UEBAPEBUSUniquePointerInfo@core@5@XZ 0000000180003a30 f i umodsys_lib_lib2d:umodsys.mod.2d.stdlib.obj
 0001:00002a40       ?root_get_other_interface@RMultiImage@stdlib@lib2d@modules@UModSys@@UEAAPEAUIRoot@core@5@PEBUSUniquePointerInfo@75@@Z 0000000180003a40 f i umodsys_lib_lib2d:umodsys.mod.2d.stdlib.obj
 0001:00002a40       ?root_get_other_interface@RMultiImage@stdlib@lib2d@modules@UModSys@@UEBAPEBUIRoot@core@5@PEBUSUniquePointerInfo@75@@Z 0000000180003a40 f i umodsys_lib_lib2d:umodsys.mod.2d.stdlib.obj
 0001:00002a70       ?root_is_interface_supported@RMultiImage@stdlib@lib2d@modules@UModSys@@UEBA_NPEBUSUniquePointerInfo@core@5@@Z 0000000180003a70 f i umodsys_lib_lib2d:umodsys.mod.2d.stdlib.obj
 0001:00002aa0       ?get_generated_names@RGenerator@stdlib@lib2d@modules@UModSys@@UEBAHAEAUSUniquePtrList@core@5@@Z 0000000180003aa0 f i umodsys_lib_lib2d:umodsys.mod.2d.stdlib.obj
 0001:00002af0       ?get_generated_types@RGenerator@stdlib@lib2d@modules@UModSys@@UEBAHAEAUSUniquePtrList@core@5@PEBUSUniquePointerInfo@75@@Z 0000000180003af0 f i umodsys_lib_lib2d:umodsys.mod.2d.stdlib.obj
 0001:00002b90       ?generate@RGenerator@stdlib@lib2d@modules@UModSys@@UEAA_NAEAU?$TRefObject@UIRefObject@core@UModSys@@U?$TRefObjectFunc@UIRefObject@core@UModSys@@@tl@3@@tl@5@PEBUSUniquePointerInfo@core@5@AEBUSParameters@95@@Z 0000000180003b90 f i umodsys_lib_lib2d:umodsys.mod.2d.stdlib.obj
 0001:00002cc0       ?root_get_interface_info@RGenerator@stdlib@lib2d@modules@UModSys@@UEBAAEBUSUniquePointerInfo@core@5@XZ 0000000180003cc0 f i umodsys_lib_lib2d:umodsys.mod.2d.stdlib.obj
 0001:00002cd0       ?root_get_interface_type@RGenerator@stdlib@lib2d@modules@UModSys@@UEBAPEBUSUniquePointerInfo@core@5@XZ 0000000180003cd0 f i umodsys_lib_lib2d:umodsys.mod.2d.stdlib.obj
 0001:00002ce0       ?root_get_other_interface@RGenerator@stdlib@lib2d@modules@UModSys@@UEBAPEBUIRoot@core@5@PEBUSUniquePointerInfo@75@@Z 0000000180003ce0 f i umodsys_lib_lib2d:umodsys.mod.2d.stdlib.obj
 0001:00002ce0       ?root_get_other_interface@RGenerator@stdlib@lib2d@modules@UModSys@@UEAAPEAUIRoot@core@5@PEBUSUniquePointerInfo@75@@Z 0000000180003ce0 f i umodsys_lib_lib2d:umodsys.mod.2d.stdlib.obj
 0001:00002d20       ?root_is_interface_supported@RGenerator@stdlib@lib2d@modules@UModSys@@UEBA_NPEBUSUniquePointerInfo@core@5@@Z 0000000180003d20 f i umodsys_lib_lib2d:umodsys.mod.2d.stdlib.obj
 0001:00002d60       ?get_uid@RGenerator@stdlib@lib2d@modules@UModSys@@UEBAPEBUSUniquePointerInfo@core@5@XZ 0000000180003d60 f i umodsys_lib_lib2d:umodsys.mod.2d.stdlib.obj
 0001:00002d70       ??4State@RImage_Memory@stdlib@lib2d@modules@UModSys@@QEAAAEAU012345@AEBU012345@@Z 0000000180003d70 f i umodsys_lib_lib2d:umodsys.mod.2d.stdlib.obj
 0001:00002e50       ??_ERImage_Memory@stdlib@lib2d@modules@UModSys@@UEAAPEAXI@Z 0000000180003e50 f i  CIL library: CIL module
 0001:00002e50       ??_GRImage_Memory@stdlib@lib2d@modules@UModSys@@UEAAPEAXI@Z 0000000180003e50 f i umodsys_lib_lib2d:umodsys.mod.2d.stdlib.obj
 0001:00002e80       ??1?$TParametersA@$0EAA@@core@UModSys@@QEAA@XZ 0000000180003e80 f i plugin_test1.obj
 0001:00002e80       ??1?$TParametersA@$0BAA@@core@UModSys@@QEAA@XZ 0000000180003e80 f i umodsys_lib_libui:umodsys.mod.ui.SDL_core.obj
 0001:00002e80       ??1?$TParametersA@$0BAL@@core@UModSys@@QEAA@XZ 0000000180003e80 f i umodsys_lib_lib2d:umodsys.mod.2d.stdlib.obj
 0001:00002e80       ??1SParameters@core@UModSys@@QEAA@XZ 0000000180003e80 f i plugin_test1.obj
 0001:00002ea0       ??_ERImageFactory_Memory@stdlib@lib2d@modules@UModSys@@UEAAPEAXI@Z 0000000180003ea0 f i  CIL library: CIL module
 0001:00002ea0       ??_GRImageFactory_Memory@stdlib@lib2d@modules@UModSys@@UEAAPEAXI@Z 0000000180003ea0 f i umodsys_lib_lib2d:umodsys.mod.2d.stdlib.obj
 0001:00002ed0       ??1IKeyboardController@libui@UModSys@@UEAA@XZ 0000000180003ed0 f i umodsys_lib_libui:umodsys.mod.ui.SDL_GL.obj
 0001:00002ed0       ??1IImage@lib2d@UModSys@@UEAA@XZ 0000000180003ed0 f i umodsys_lib_lib2d:umodsys.mod.2d.stdlib.obj
 0001:00002ed0       ??1IClient@IBinArchiveFrame@libmedia@UModSys@@UEAA@XZ 0000000180003ed0 f i umodsys_lib_libmedia:umodsys.mod.media.zlib.obj
 0001:00002ed0       ??1IShell@base@UModSys@@UEAA@XZ 0000000180003ed0 f i plugin_test1.obj
 0001:00002ed0       ??1IRenderDriver@lib2d@UModSys@@UEAA@XZ 0000000180003ed0 f i umodsys_lib_libui:umodsys.mod.ui.SDL_GL.obj
 0001:00002ed0       ??1IDialog@libui@UModSys@@UEAA@XZ 0000000180003ed0 f i umodsys_lib_libui:umodsys.mod.ui.frames.obj
 0001:00002ed0       ??1ITerminal@libui@UModSys@@UEAA@XZ 0000000180003ed0 f i umodsys_lib_libui:umodsys.mod.ui.SDL_GL.obj
 0001:00002ed0       ??1IFrame@libui@UModSys@@UEAA@XZ 0000000180003ed0 f i umodsys_lib_libui:umodsys.mod.ui.frames.obj
 0001:00002ed0       ??1ISerializeWriter@libmedia@UModSys@@UEAA@XZ 0000000180003ed0 f i umodsys_lib_libmedia:umodsys.mod.media.serialize_json.obj
 0001:00002ed0       ??1IVertexArray@lib3d@UModSys@@UEAA@XZ 0000000180003ed0 f i umodsys_lib_libui:umodsys.mod.ui.SDL_GL.obj
 0001:00002ed0       ??1IRenderDriver@lib3d@UModSys@@UEAA@XZ 0000000180003ed0 f i umodsys_lib_libui:umodsys.mod.ui.SDL_GL.obj
 0001:00002ed0       ??1ICollector@libui@UModSys@@UEAA@XZ 0000000180003ed0 f i umodsys_lib_libui:umodsys.mod.ui.frames.obj
 0001:00002ed0       ??1ISerializeReader@libmedia@UModSys@@UEAA@XZ 0000000180003ed0 f i umodsys_lib_libmedia:umodsys.mod.media.serialize_json.obj
 0001:00002ed0       ??1IImageFactory@lib2d@UModSys@@UEAA@XZ 0000000180003ed0 f i umodsys_lib_lib2d:umodsys.mod.2d.stdlib.obj
 0001:00002ed0       ??1IMouseController@libui@UModSys@@UEAA@XZ 0000000180003ed0 f i umodsys_lib_libui:umodsys.mod.ui.SDL_GL.obj
 0001:00002ed0       ??1IMultiImage@lib2d@UModSys@@UEAA@XZ 0000000180003ed0 f i umodsys_lib_lib2d:umodsys.mod.2d.stdlib.obj
 0001:00002ee0       ??_GRMultiImage@stdlib@lib2d@modules@UModSys@@UEAAPEAXI@Z 0000000180003ee0 f i umodsys_lib_lib2d:umodsys.mod.2d.stdlib.obj
 0001:00002ee0       ??_ERMultiImage@stdlib@lib2d@modules@UModSys@@UEAAPEAXI@Z 0000000180003ee0 f i  CIL library: CIL module
 0001:00002f10       ?do_open@RModuleReg@stdlib@lib2d@modules@UModSys@@UEAA_NXZ 0000000180003f10 f i umodsys_lib_lib2d:umodsys.mod.2d.stdlib.obj
 0001:00002f20       ?do_close@RModuleReg@stdlib@lib2d@modules@UModSys@@UEAA_NXZ 0000000180003f20 f i umodsys_lib_lib2d:umodsys.mod.2d.stdlib.obj
 0001:00002f30       ??_ERModuleReg@stdlib@lib2d@modules@UModSys@@UEAAPEAXI@Z 0000000180003f30 f i  CIL library: CIL module
 0001:00002f30       ??_GRModuleReg@stdlib@lib2d@modules@UModSys@@UEAAPEAXI@Z 0000000180003f30 f i umodsys_lib_lib2d:umodsys.mod.2d.stdlib.obj
 0001:00002f60       ??1?$TDynarrayDynamic@USImageCellInfo@lib2d@UModSys@@U?$TAllocator@USIMemAlloc@core@UModSys@@USCountCalcPower2@23@@tl@3@@tl@UModSys@@QEAA@XZ 0000000180003f60 f i umodsys_lib_lib2d:umodsys.mod.2d.stdlib.obj
 0001:00002f70       ??1?$TDynarrayDynamic@U?$TRefObject@UIImage@lib2d@UModSys@@U?$TRefObjectFunc@UIImage@lib2d@UModSys@@@tl@3@@tl@UModSys@@U?$TAllocator@USIMemAlloc@core@UModSys@@USCountCalcPower2@23@@23@@tl@UModSys@@QEAA@XZ 0000000180003f70 f i umodsys_lib_lib2d:umodsys.mod.2d.stdlib.obj
 0001:00002f80       ??1?$TDynarray@U?$TDynarrayHolderDynamic@USImageCellInfo@lib2d@UModSys@@U?$TAllocator@USIMemAlloc@core@UModSys@@USCountCalcPower2@23@@tl@3@@tl@UModSys@@@tl@UModSys@@QEAA@XZ 0000000180003f80 f i umodsys_lib_lib2d:umodsys.mod.2d.stdlib.obj
 0001:00002ff0       ??1?$TDynarray@U?$TDynarrayHolderDynamic@U?$TRefObject@UIImage@lib2d@UModSys@@U?$TRefObjectFunc@UIImage@lib2d@UModSys@@@tl@3@@tl@UModSys@@U?$TAllocator@USIMemAlloc@core@UModSys@@USCountCalcPower2@23@@23@@tl@UModSys@@@tl@UModSys@@QEAA@XZ 0000000180003ff0 f i umodsys_lib_lib2d:umodsys.mod.2d.stdlib.obj
 0001:00003060       ?ResizeRel@?$TDynarray@U?$TDynarrayHolderDynamic@USImageCellInfo@lib2d@UModSys@@U?$TAllocator@USIMemAlloc@core@UModSys@@USCountCalcPower2@23@@tl@3@@tl@UModSys@@@tl@UModSys@@QEAA_N_J@Z 0000000180004060 f i umodsys_lib_lib2d:umodsys.mod.2d.stdlib.obj
 0001:00003120       ?ResizeRel@?$TDynarray@U?$TDynarrayHolderDynamic@U?$TRefObject@UIImage@lib2d@UModSys@@U?$TRefObjectFunc@UIImage@lib2d@UModSys@@@tl@3@@tl@UModSys@@U?$TAllocator@USIMemAlloc@core@UModSys@@USCountCalcPower2@23@@23@@tl@UModSys@@@tl@UModSys@@QEAA_N_J@Z 0000000180004120 f i umodsys_lib_lib2d:umodsys.mod.2d.stdlib.obj
 0001:00003250       ??$ValidateConstruction@UIRefObject@core@UModSys@@URMultiImage@stdlib@lib2d@modules@3@@core@UModSys@@YA_NAEAU?$TRefObject@UIRefObject@core@UModSys@@U?$TRefObjectFunc@UIRefObject@core@UModSys@@@tl@3@@tl@1@PEAURMultiImage@stdlib@lib2d@modules@1@@Z 0000000180004250 f i umodsys_lib_lib2d:umodsys.mod.2d.stdlib.obj
 0001:000032d0       ?set_stage@SGLFuncs@SDL_GL@ui@modules@UModSys@@QEBAXH@Z 00000001800042d0 f i umodsys_lib_libui:umodsys.mod.ui.SDL_GL.obj
 0001:00003330       ?set_composite_all@SGLFuncsLegacy@SDL_GL@ui@modules@UModSys@@QEBAXH@Z 0000000180004330 f i umodsys_lib_libui:umodsys.mod.ui.SDL_GL.obj
 0001:00003400       ?crebind@STextureGL@SDL_GL@ui@modules@UModSys@@QEAAX_N@Z 0000000180004400 f i umodsys_lib_libui:umodsys.mod.ui.SDL_GL.obj
 0001:00003440       ?root_get_interface_info@RKeyboardController@SDL_GL@ui@modules@UModSys@@UEBAAEBUSUniquePointerInfo@core@5@XZ 0000000180004440 f i umodsys_lib_libui:umodsys.mod.ui.SDL_GL.obj
 0001:00003450       ?root_get_interface_type@RKeyboardController@SDL_GL@ui@modules@UModSys@@UEBAPEBUSUniquePointerInfo@core@5@XZ 0000000180004450 f i umodsys_lib_libui:umodsys.mod.ui.SDL_GL.obj
 0001:00003460       ?root_get_other_interface@RKeyboardController@SDL_GL@ui@modules@UModSys@@UEBAPEBUIRoot@core@5@PEBUSUniquePointerInfo@75@@Z 0000000180004460 f i umodsys_lib_libui:umodsys.mod.ui.SDL_GL.obj
 0001:00003460       ?root_get_other_interface@RKeyboardController@SDL_GL@ui@modules@UModSys@@UEAAPEAUIRoot@core@5@PEBUSUniquePointerInfo@75@@Z 0000000180004460 f i umodsys_lib_libui:umodsys.mod.ui.SDL_GL.obj
 0001:00003490       ?root_is_interface_supported@RKeyboardController@SDL_GL@ui@modules@UModSys@@UEBA_NPEBUSUniquePointerInfo@core@5@@Z 0000000180004490 f i umodsys_lib_libui:umodsys.mod.ui.SDL_GL.obj
 0001:000034c0       ?root_get_interface_info@RMouseController@SDL_GL@ui@modules@UModSys@@UEBAAEBUSUniquePointerInfo@core@5@XZ 00000001800044c0 f i umodsys_lib_libui:umodsys.mod.ui.SDL_GL.obj
 0001:000034d0       ?root_get_interface_type@RMouseController@SDL_GL@ui@modules@UModSys@@UEBAPEBUSUniquePointerInfo@core@5@XZ 00000001800044d0 f i umodsys_lib_libui:umodsys.mod.ui.SDL_GL.obj
 0001:000034e0       ?root_get_other_interface@RMouseController@SDL_GL@ui@modules@UModSys@@UEAAPEAUIRoot@core@5@PEBUSUniquePointerInfo@75@@Z 00000001800044e0 f i umodsys_lib_libui:umodsys.mod.ui.SDL_GL.obj
 0001:000034e0       ?root_get_other_interface@RMouseController@SDL_GL@ui@modules@UModSys@@UEBAPEBUIRoot@core@5@PEBUSUniquePointerInfo@75@@Z 00000001800044e0 f i umodsys_lib_libui:umodsys.mod.ui.SDL_GL.obj
 0001:00003510       ?root_is_interface_supported@RMouseController@SDL_GL@ui@modules@UModSys@@UEBA_NPEBUSUniquePointerInfo@core@5@@Z 0000000180004510 f i umodsys_lib_libui:umodsys.mod.ui.SDL_GL.obj
 0001:00003540       ?ref_remove@RMouseController@SDL_core@ui@modules@UModSys@@UEBAXXZ 0000000180004540 f i umodsys_lib_libui:umodsys.mod.ui.SDL_core.obj
 0001:00003540       ?ref_remove@RKeyboardController@SDL_core@ui@modules@UModSys@@UEBAXXZ 0000000180004540 f i umodsys_lib_libui:umodsys.mod.ui.SDL_core.obj
 0001:00003540       ?ref_remove@RKeyboardController@SDL_GL@ui@modules@UModSys@@UEBAXXZ 0000000180004540 f i umodsys_lib_libui:umodsys.mod.ui.SDL_GL.obj
 0001:00003540       ?ref_remove@RRenderDriver3D@SDL_GL@ui@modules@UModSys@@UEBAXXZ 0000000180004540 f i umodsys_lib_libui:umodsys.mod.ui.SDL_GL.obj
 0001:00003540       ?ref_remove@RMouseController@SDL_GL@ui@modules@UModSys@@UEBAXXZ 0000000180004540 f i umodsys_lib_libui:umodsys.mod.ui.SDL_GL.obj
 0001:00003540       ?ref_remove@RRenderDriver2D@SDL_core@ui@modules@UModSys@@UEBAXXZ 0000000180004540 f i umodsys_lib_libui:umodsys.mod.ui.SDL_core.obj
 0001:00003550       ?root_get_interface_info@RTerminal@SDL_GL@ui@modules@UModSys@@UEBAAEBUSUniquePointerInfo@core@5@XZ 0000000180004550 f i umodsys_lib_libui:umodsys.mod.ui.SDL_GL.obj
 0001:00003560       ?root_get_interface_type@RTerminal@SDL_GL@ui@modules@UModSys@@UEBAPEBUSUniquePointerInfo@core@5@XZ 0000000180004560 f i umodsys_lib_libui:umodsys.mod.ui.SDL_GL.obj
 0001:00003570       ?root_get_other_interface@RTerminal@SDL_GL@ui@modules@UModSys@@UEBAPEBUIRoot@core@5@PEBUSUniquePointerInfo@75@@Z 0000000180004570 f i umodsys_lib_libui:umodsys.mod.ui.SDL_GL.obj
 0001:00003570       ?root_get_other_interface@RTerminal@SDL_GL@ui@modules@UModSys@@UEAAPEAUIRoot@core@5@PEBUSUniquePointerInfo@75@@Z 0000000180004570 f i umodsys_lib_libui:umodsys.mod.ui.SDL_GL.obj
 0001:000035a0       ?root_is_interface_supported@RTerminal@SDL_GL@ui@modules@UModSys@@UEBA_NPEBUSUniquePointerInfo@core@5@@Z 00000001800045a0 f i umodsys_lib_libui:umodsys.mod.ui.SDL_GL.obj
 0001:000035d0       ?ref_remove@RMultiImage@stdlib@lib2d@modules@UModSys@@UEBAXXZ 00000001800045d0 f i umodsys_lib_lib2d:umodsys.mod.2d.stdlib.obj
 0001:000035d0       ?ref_remove@RGenerator@test1@test@modules@UModSys@@UEBAXXZ 00000001800045d0 f i plugin_test1.obj
 0001:000035d0       ?ref_remove@RGenerator@serialize_json@media@modules@UModSys@@UEBAXXZ 00000001800045d0 f i umodsys_lib_libmedia:umodsys.mod.media.serialize_json.obj
 0001:000035d0       ?ref_remove@RVertexArray@SDL_GL@ui@modules@UModSys@@UEBAXXZ 00000001800045d0 f i umodsys_lib_libui:umodsys.mod.ui.SDL_GL.obj
 0001:000035d0       ?ref_remove@RImage_Memory@stdlib@lib2d@modules@UModSys@@UEBAXXZ 00000001800045d0 f i umodsys_lib_lib2d:umodsys.mod.2d.stdlib.obj
 0001:000035d0       ?ref_remove@RGenerator@images_std@media@modules@UModSys@@UEBAXXZ 00000001800045d0 f i umodsys_lib_libmedia:umodsys.mod.media.images_std.obj
 0001:000035d0       ?ref_remove@RSerializeReader@serialize_json@media@modules@UModSys@@UEBAXXZ 00000001800045d0 f i umodsys_lib_libmedia:umodsys.mod.media.serialize_json.obj
 0001:000035d0       ?ref_remove@RMultiImage2D_SDL_ttf@SDL_core@ui@modules@UModSys@@UEBAXXZ 00000001800045d0 f i umodsys_lib_libui:umodsys.mod.ui.SDL_core.obj
 0001:000035d0       ?ref_remove@RBinArchiveFrameClient_ZIP@zlib@media@modules@UModSys@@UEBAXXZ 00000001800045d0 f i umodsys_lib_libmedia:umodsys.mod.media.zlib.obj
 0001:000035d0       ?ref_remove@RTerminal@SDL_core@ui@modules@UModSys@@UEBAXXZ 00000001800045d0 f i umodsys_lib_libui:umodsys.mod.ui.SDL_core.obj
 0001:000035d0       ?ref_remove@RGenerator@SDL_core@ui@modules@UModSys@@UEBAXXZ 00000001800045d0 f i umodsys_lib_libui:umodsys.mod.ui.SDL_core.obj
 0001:000035d0       ?ref_remove@RMultiImage2D_SDL_ttf@SDL_GL@ui@modules@UModSys@@UEBAXXZ 00000001800045d0 f i umodsys_lib_libui:umodsys.mod.ui.SDL_GL.obj
 0001:000035d0       ?ref_remove@RDialog@frames@ui@modules@UModSys@@UEBAXXZ 00000001800045d0 f i umodsys_lib_libui:umodsys.mod.ui.frames.obj
 0001:000035d0       ?ref_remove@RGenerator@stdlib@lib2d@modules@UModSys@@UEBAXXZ 00000001800045d0 f i umodsys_lib_lib2d:umodsys.mod.2d.stdlib.obj
 0001:000035d0       ?ref_remove@RGenerator@frames@ui@modules@UModSys@@UEBAXXZ 00000001800045d0 f i umodsys_lib_libui:umodsys.mod.ui.frames.obj
 0001:000035d0       ?ref_remove@RImageFactory_Memory@stdlib@lib2d@modules@UModSys@@UEBAXXZ 00000001800045d0 f i umodsys_lib_lib2d:umodsys.mod.2d.stdlib.obj
 0001:000035d0       ?ref_remove@RGenerator@zlib@media@modules@UModSys@@UEBAXXZ 00000001800045d0 f i umodsys_lib_libmedia:umodsys.mod.media.zlib.obj
 0001:000035d0       ?ref_remove@RGenerator@SDL_GL@ui@modules@UModSys@@UEBAXXZ 00000001800045d0 f i umodsys_lib_libui:umodsys.mod.ui.SDL_GL.obj
 0001:000035d0       ?ref_remove@RTerminal@SDL_GL@ui@modules@UModSys@@UEBAXXZ 00000001800045d0 f i umodsys_lib_libui:umodsys.mod.ui.SDL_GL.obj
 0001:000035f0       ?ref_links@RMultiImage@stdlib@lib2d@modules@UModSys@@UEBAHXZ 00000001800045f0 f i umodsys_lib_lib2d:umodsys.mod.2d.stdlib.obj
 0001:000035f0       ?ref_links@RGenerator@serialize_json@media@modules@UModSys@@UEBAHXZ 00000001800045f0 f i umodsys_lib_libmedia:umodsys.mod.media.serialize_json.obj
 0001:000035f0       ?ref_links@RMultiImage2D_SDL_ttf@SDL_core@ui@modules@UModSys@@UEBAHXZ 00000001800045f0 f i umodsys_lib_libui:umodsys.mod.ui.SDL_core.obj
 0001:000035f0       ?ref_links@RMultiImage2D_SDL_ttf@SDL_GL@ui@modules@UModSys@@UEBAHXZ 00000001800045f0 f i umodsys_lib_libui:umodsys.mod.ui.SDL_GL.obj
 0001:000035f0       ?ref_links@RSerializeReader@serialize_json@media@modules@UModSys@@UEBAHXZ 00000001800045f0 f i umodsys_lib_libmedia:umodsys.mod.media.serialize_json.obj
 0001:000035f0       ?ref_links@RGenerator@stdlib@lib2d@modules@UModSys@@UEBAHXZ 00000001800045f0 f i umodsys_lib_lib2d:umodsys.mod.2d.stdlib.obj
 0001:000035f0       ?ref_links@RGenerator@SDL_core@ui@modules@UModSys@@UEBAHXZ 00000001800045f0 f i umodsys_lib_libui:umodsys.mod.ui.SDL_core.obj
 0001:000035f0       ?ref_links@RGenerator@zlib@media@modules@UModSys@@UEBAHXZ 00000001800045f0 f i umodsys_lib_libmedia:umodsys.mod.media.zlib.obj
 0001:000035f0       ?ref_links@RTerminal@SDL_core@ui@modules@UModSys@@UEBAHXZ 00000001800045f0 f i umodsys_lib_libui:umodsys.mod.ui.SDL_core.obj
 0001:000035f0       ?ref_links@RGenerator@images_std@media@modules@UModSys@@UEBAHXZ 00000001800045f0 f i umodsys_lib_libmedia:umodsys.mod.media.images_std.obj
 0001:000035f0       ?ref_links@RGenerator@frames@ui@modules@UModSys@@UEBAHXZ 00000001800045f0 f i umodsys_lib_libui:umodsys.mod.ui.frames.obj
 0001:000035f0       ?ref_links@RGenerator@test1@test@modules@UModSys@@UEBAHXZ 00000001800045f0 f i plugin_test1.obj
 0001:000035f0       ?ref_links@RDialog@frames@ui@modules@UModSys@@UEBAHXZ 00000001800045f0 f i umodsys_lib_libui:umodsys.mod.ui.frames.obj
 0001:000035f0       ?ref_links@RBinArchiveFrameClient_ZIP@zlib@media@modules@UModSys@@UEBAHXZ 00000001800045f0 f i umodsys_lib_libmedia:umodsys.mod.media.zlib.obj
 0001:000035f0       ?ref_links@RGenerator@SDL_GL@ui@modules@UModSys@@UEBAHXZ 00000001800045f0 f i umodsys_lib_libui:umodsys.mod.ui.SDL_GL.obj
 0001:000035f0       ?ref_links@RImageFactory_Memory@stdlib@lib2d@modules@UModSys@@UEBAHXZ 00000001800045f0 f i umodsys_lib_lib2d:umodsys.mod.2d.stdlib.obj
 0001:000035f0       ?ref_links@RImage_Memory@stdlib@lib2d@modules@UModSys@@UEBAHXZ 00000001800045f0 f i umodsys_lib_lib2d:umodsys.mod.2d.stdlib.obj
 0001:000035f0       ?ref_links@RVertexArray@SDL_GL@ui@modules@UModSys@@UEBAHXZ 00000001800045f0 f i umodsys_lib_libui:umodsys.mod.ui.SDL_GL.obj
 0001:000035f0       ?ref_links@RTerminal@SDL_GL@ui@modules@UModSys@@UEBAHXZ 00000001800045f0 f i umodsys_lib_libui:umodsys.mod.ui.SDL_GL.obj
 0001:00003600       ?root_get_interface_info@RMultiImage2D_SDL_ttf@SDL_GL@ui@modules@UModSys@@UEBAAEBUSUniquePointerInfo@core@5@XZ 0000000180004600 f i umodsys_lib_libui:umodsys.mod.ui.SDL_GL.obj
 0001:00003610       ?root_get_interface_type@RMultiImage2D_SDL_ttf@SDL_GL@ui@modules@UModSys@@UEBAPEBUSUniquePointerInfo@core@5@XZ 0000000180004610 f i umodsys_lib_libui:umodsys.mod.ui.SDL_GL.obj
 0001:00003620       ?root_get_other_interface@RMultiImage2D_SDL_ttf@SDL_GL@ui@modules@UModSys@@UEBAPEBUIRoot@core@5@PEBUSUniquePointerInfo@75@@Z 0000000180004620 f i umodsys_lib_libui:umodsys.mod.ui.SDL_GL.obj
 0001:00003620       ?root_get_other_interface@RMultiImage2D_SDL_ttf@SDL_GL@ui@modules@UModSys@@UEAAPEAUIRoot@core@5@PEBUSUniquePointerInfo@75@@Z 0000000180004620 f i umodsys_lib_libui:umodsys.mod.ui.SDL_GL.obj
 0001:00003650       ?root_is_interface_supported@RMultiImage2D_SDL_ttf@SDL_GL@ui@modules@UModSys@@UEBA_NPEBUSUniquePointerInfo@core@5@@Z 0000000180004650 f i umodsys_lib_libui:umodsys.mod.ui.SDL_GL.obj
 0001:00003680       ??1Glyph@RMultiImage2D_SDL_ttf@SDL_GL@ui@modules@UModSys@@QEAA@XZ 0000000180004680 f i umodsys_lib_libui:umodsys.mod.ui.SDL_GL.obj
 0001:000036b0       ?root_get_interface_info@RRenderDriver3D@SDL_GL@ui@modules@UModSys@@UEBAAEBUSUniquePointerInfo@core@5@XZ 00000001800046b0 f i umodsys_lib_libui:umodsys.mod.ui.SDL_GL.obj
 0001:000036c0       ?root_get_interface_type@RRenderDriver3D@SDL_GL@ui@modules@UModSys@@UEBAPEBUSUniquePointerInfo@core@5@XZ 00000001800046c0 f i umodsys_lib_libui:umodsys.mod.ui.SDL_GL.obj
 0001:000036d0       ?root_get_other_interface@RRenderDriver3D@SDL_GL@ui@modules@UModSys@@UEBAPEBUIRoot@core@5@PEBUSUniquePointerInfo@75@@Z 00000001800046d0 f i umodsys_lib_libui:umodsys.mod.ui.SDL_GL.obj
 0001:000036d0       ?root_get_other_interface@RRenderDriver3D@SDL_GL@ui@modules@UModSys@@UEAAPEAUIRoot@core@5@PEBUSUniquePointerInfo@75@@Z 00000001800046d0 f i umodsys_lib_libui:umodsys.mod.ui.SDL_GL.obj
 0001:00003710       ?root_is_interface_supported@RRenderDriver3D@SDL_GL@ui@modules@UModSys@@UEBA_NPEBUSUniquePointerInfo@core@5@@Z 0000000180004710 f i umodsys_lib_libui:umodsys.mod.ui.SDL_GL.obj
 0001:00003750       ?ref_add@RRenderDriver3D@SDL_GL@ui@modules@UModSys@@UEBAXXZ 0000000180004750 f i umodsys_lib_libui:umodsys.mod.ui.SDL_GL.obj
 0001:00003750       ?ref_add@RMouseController@SDL_core@ui@modules@UModSys@@UEBAXXZ 0000000180004750 f i umodsys_lib_libui:umodsys.mod.ui.SDL_core.obj
 0001:00003750       ?ref_add@RKeyboardController@SDL_GL@ui@modules@UModSys@@UEBAXXZ 0000000180004750 f i umodsys_lib_libui:umodsys.mod.ui.SDL_GL.obj
 0001:00003750       ?ref_add@RRenderDriver2D@SDL_core@ui@modules@UModSys@@UEBAXXZ 0000000180004750 f i umodsys_lib_libui:umodsys.mod.ui.SDL_core.obj
 0001:00003750       ?ref_add@RKeyboardController@SDL_core@ui@modules@UModSys@@UEBAXXZ 0000000180004750 f i umodsys_lib_libui:umodsys.mod.ui.SDL_core.obj
 0001:00003750       ?ref_add@RMouseController@SDL_GL@ui@modules@UModSys@@UEBAXXZ 0000000180004750 f i umodsys_lib_libui:umodsys.mod.ui.SDL_GL.obj
 0001:00003760       ?suicide@RRenderDriver3D@SDL_GL@ui@modules@UModSys@@UEAAXXZ 0000000180004760 f i umodsys_lib_libui:umodsys.mod.ui.SDL_GL.obj
 0001:00003760       ?suicide@RKeyboardController@SDL_core@ui@modules@UModSys@@UEAAXXZ 0000000180004760 f i umodsys_lib_libui:umodsys.mod.ui.SDL_core.obj
 0001:00003760       ?suicide@RMouseController@SDL_core@ui@modules@UModSys@@UEAAXXZ 0000000180004760 f i umodsys_lib_libui:umodsys.mod.ui.SDL_core.obj
 0001:00003760       ?suicide@RKeyboardController@SDL_GL@ui@modules@UModSys@@UEAAXXZ 0000000180004760 f i umodsys_lib_libui:umodsys.mod.ui.SDL_GL.obj
 0001:00003760       ?suicide@RMouseController@SDL_GL@ui@modules@UModSys@@UEAAXXZ 0000000180004760 f i umodsys_lib_libui:umodsys.mod.ui.SDL_GL.obj
 0001:00003760       ?suicide@RRenderDriver2D@SDL_core@ui@modules@UModSys@@UEAAXXZ 0000000180004760 f i umodsys_lib_libui:umodsys.mod.ui.SDL_core.obj
 0001:00003780       ?root_get_interface_info@RTerminalX@SDL_GL@ui@modules@UModSys@@UEBAAEBUSUniquePointerInfo@core@5@XZ 0000000180004780 f i umodsys_lib_libui:umodsys.mod.ui.SDL_GL.obj
 0001:00003790       ?root_get_interface_type@RTerminalX@SDL_GL@ui@modules@UModSys@@UEBAPEBUSUniquePointerInfo@core@5@XZ 0000000180004790 f i umodsys_lib_libui:umodsys.mod.ui.SDL_GL.obj
 0001:000037a0       ?root_get_other_interface@RTerminalX@SDL_GL@ui@modules@UModSys@@UEBAPEBUIRoot@core@5@PEBUSUniquePointerInfo@75@@Z 00000001800047a0 f i umodsys_lib_libui:umodsys.mod.ui.SDL_GL.obj
 0001:000037a0       ?root_get_other_interface@RTerminalX@SDL_GL@ui@modules@UModSys@@UEAAPEAUIRoot@core@5@PEBUSUniquePointerInfo@75@@Z 00000001800047a0 f i umodsys_lib_libui:umodsys.mod.ui.SDL_GL.obj
 0001:000037d0       ?root_is_interface_supported@RTerminalX@SDL_GL@ui@modules@UModSys@@UEBA_NPEBUSUniquePointerInfo@core@5@@Z 00000001800047d0 f i umodsys_lib_libui:umodsys.mod.ui.SDL_GL.obj
 0001:00003810       ?root_get_interface_info@RVertexArray@SDL_GL@ui@modules@UModSys@@UEBAAEBUSUniquePointerInfo@core@5@XZ 0000000180004810 f i umodsys_lib_libui:umodsys.mod.ui.SDL_GL.obj
 0001:00003820       ?root_get_interface_type@RVertexArray@SDL_GL@ui@modules@UModSys@@UEBAPEBUSUniquePointerInfo@core@5@XZ 0000000180004820 f i umodsys_lib_libui:umodsys.mod.ui.SDL_GL.obj
 0001:00003830       ?root_get_other_interface@RVertexArray@SDL_GL@ui@modules@UModSys@@UEAAPEAUIRoot@core@5@PEBUSUniquePointerInfo@75@@Z 0000000180004830 f i umodsys_lib_libui:umodsys.mod.ui.SDL_GL.obj
 0001:00003830       ?root_get_other_interface@RVertexArray@SDL_GL@ui@modules@UModSys@@UEBAPEBUIRoot@core@5@PEBUSUniquePointerInfo@75@@Z 0000000180004830 f i umodsys_lib_libui:umodsys.mod.ui.SDL_GL.obj
 0001:00003860       ?root_is_interface_supported@RVertexArray@SDL_GL@ui@modules@UModSys@@UEBA_NPEBUSUniquePointerInfo@core@5@@Z 0000000180004860 f i umodsys_lib_libui:umodsys.mod.ui.SDL_GL.obj
 0001:00003890       ?get_generated_names@RGenerator@SDL_GL@ui@modules@UModSys@@UEBAHAEAUSUniquePtrList@core@5@@Z 0000000180004890 f i umodsys_lib_libui:umodsys.mod.ui.SDL_GL.obj
 0001:000038b0       ?get_generated_types@RGenerator@SDL_GL@ui@modules@UModSys@@UEBAHAEAUSUniquePtrList@core@5@PEBUSUniquePointerInfo@75@@Z 00000001800048b0 f i umodsys_lib_libui:umodsys.mod.ui.SDL_GL.obj
 0001:00003920       ?generate@RGenerator@SDL_GL@ui@modules@UModSys@@UEAA_NAEAU?$TRefObject@UIRefObject@core@UModSys@@U?$TRefObjectFunc@UIRefObject@core@UModSys@@@tl@3@@tl@5@PEBUSUniquePointerInfo@core@5@AEBUSParameters@95@@Z 0000000180004920 f i umodsys_lib_libui:umodsys.mod.ui.SDL_GL.obj
 0001:000039a0       ?root_get_interface_info@RGenerator@SDL_GL@ui@modules@UModSys@@UEBAAEBUSUniquePointerInfo@core@5@XZ 00000001800049a0 f i umodsys_lib_libui:umodsys.mod.ui.SDL_GL.obj
 0001:000039b0       ?root_get_interface_type@RGenerator@SDL_GL@ui@modules@UModSys@@UEBAPEBUSUniquePointerInfo@core@5@XZ 00000001800049b0 f i umodsys_lib_libui:umodsys.mod.ui.SDL_GL.obj
 0001:000039c0       ?root_get_other_interface@RGenerator@SDL_GL@ui@modules@UModSys@@UEBAPEBUIRoot@core@5@PEBUSUniquePointerInfo@75@@Z 00000001800049c0 f i umodsys_lib_libui:umodsys.mod.ui.SDL_GL.obj
 0001:000039c0       ?root_get_other_interface@RGenerator@SDL_GL@ui@modules@UModSys@@UEAAPEAUIRoot@core@5@PEBUSUniquePointerInfo@75@@Z 00000001800049c0 f i umodsys_lib_libui:umodsys.mod.ui.SDL_GL.obj
 0001:00003a00       ?root_is_interface_supported@RGenerator@SDL_GL@ui@modules@UModSys@@UEBA_NPEBUSUniquePointerInfo@core@5@@Z 0000000180004a00 f i umodsys_lib_libui:umodsys.mod.ui.SDL_GL.obj
 0001:00003a40       ?get_uid@RGenerator@SDL_GL@ui@modules@UModSys@@UEBAPEBUSUniquePointerInfo@core@5@XZ 0000000180004a40 f i umodsys_lib_libui:umodsys.mod.ui.SDL_GL.obj
 0001:00003a50       ??_ERKeyboardController@SDL_GL@ui@modules@UModSys@@UEAAPEAXI@Z 0000000180004a50 f i  CIL library: CIL module
 0001:00003a50       ??_GRKeyboardController@SDL_GL@ui@modules@UModSys@@UEAAPEAXI@Z 0000000180004a50 f i umodsys_lib_libui:umodsys.mod.ui.SDL_GL.obj
 0001:00003a80       ??_ERMouseController@SDL_GL@ui@modules@UModSys@@UEAAPEAXI@Z 0000000180004a80 f i  CIL library: CIL module
 0001:00003a80       ??_GRMouseController@SDL_GL@ui@modules@UModSys@@UEAAPEAXI@Z 0000000180004a80 f i umodsys_lib_libui:umodsys.mod.ui.SDL_GL.obj
 0001:00003ab0       ??_ERTerminal@SDL_GL@ui@modules@UModSys@@UEAAPEAXI@Z 0000000180004ab0 f i  CIL library: CIL module
 0001:00003ab0       ??_GRTerminal@SDL_GL@ui@modules@UModSys@@UEAAPEAXI@Z 0000000180004ab0 f i umodsys_lib_libui:umodsys.mod.ui.SDL_GL.obj
 0001:00003ae0       ??_GRMultiImage2D_SDL_ttf@SDL_GL@ui@modules@UModSys@@UEAAPEAXI@Z 0000000180004ae0 f i umodsys_lib_libui:umodsys.mod.ui.SDL_GL.obj
 0001:00003ae0       ??_ERMultiImage2D_SDL_ttf@SDL_GL@ui@modules@UModSys@@UEAAPEAXI@Z 0000000180004ae0 f i  CIL library: CIL module
 0001:00003b10       ?set_flags@SGLFuncs@SDL_GL@ui@modules@UModSys@@QEBAXPEBUTextureInfo@12345@AEBUSRenderMapFlags@lib3d@5@@Z 0000000180004b10 f i umodsys_lib_libui:umodsys.mod.ui.SDL_GL.obj
 0001:00003c10       ??_ERRenderDriver3D@SDL_GL@ui@modules@UModSys@@UEAAPEAXI@Z 0000000180004c10 f i  CIL library: CIL module
 0001:00003c10       ??_GRRenderDriver3D@SDL_GL@ui@modules@UModSys@@UEAAPEAXI@Z 0000000180004c10 f i umodsys_lib_libui:umodsys.mod.ui.SDL_GL.obj
 0001:00003c40       ??_ERVertexArray@SDL_GL@ui@modules@UModSys@@UEAAPEAXI@Z 0000000180004c40 f i  CIL library: CIL module
 0001:00003c40       ??_GRVertexArray@SDL_GL@ui@modules@UModSys@@UEAAPEAXI@Z 0000000180004c40 f i umodsys_lib_libui:umodsys.mod.ui.SDL_GL.obj
 0001:00003c70       ??_GRTerminalX@SDL_GL@ui@modules@UModSys@@UEAAPEAXI@Z 0000000180004c70 f i umodsys_lib_libui:umodsys.mod.ui.SDL_GL.obj
 0001:00003c70       ??_ERTerminalX@SDL_GL@ui@modules@UModSys@@UEAAPEAXI@Z 0000000180004c70 f i  CIL library: CIL module
 0001:00003ca0       ?do_open@RModuleReg@SDL_GL@ui@modules@UModSys@@UEAA_NXZ 0000000180004ca0 f i umodsys_lib_libui:umodsys.mod.ui.SDL_GL.obj
 0001:00003cb0       ?do_close@RModuleReg@SDL_GL@ui@modules@UModSys@@UEAA_NXZ 0000000180004cb0 f i umodsys_lib_libui:umodsys.mod.ui.SDL_GL.obj
 0001:00003cc0       ??_GRModuleReg@SDL_GL@ui@modules@UModSys@@UEAAPEAXI@Z 0000000180004cc0 f i umodsys_lib_libui:umodsys.mod.ui.SDL_GL.obj
 0001:00003cc0       ??_ERModuleReg@SDL_GL@ui@modules@UModSys@@UEAAPEAXI@Z 0000000180004cc0 f i  CIL library: CIL module
 0001:00003cf0       ??1?$TScatterArray@UGlyph@RMultiImage2D_SDL_ttf@SDL_GL@ui@modules@UModSys@@HU?$TScalarCompare@H@core@6@U?$TNodeDeleter0@U?$TScatterArrayNode@UGlyph@RMultiImage2D_SDL_ttf@SDL_GL@ui@modules@UModSys@@H@tl@UModSys@@@tl@6@@tl@UModSys@@QEAA@XZ 0000000180004cf0 f i umodsys_lib_libui:umodsys.mod.ui.SDL_GL.obj
 0001:00003d20       ??1?$TDynarrayDynamic@USLayInfo@RVertexArray@SDL_GL@ui@modules@UModSys@@U?$TAllocator@USIMemAlloc@core@UModSys@@USCountCalcExact@23@@tl@6@@tl@UModSys@@QEAA@XZ 0000000180004d20 f i umodsys_lib_libui:umodsys.mod.ui.SDL_GL.obj
 0001:00003d30       ??1?$TDynarray@U?$TDynarrayHolderDynamic@USLayInfo@RVertexArray@SDL_GL@ui@modules@UModSys@@U?$TAllocator@USIMemAlloc@core@UModSys@@USCountCalcExact@23@@tl@6@@tl@UModSys@@@tl@UModSys@@QEAA@XZ 0000000180004d30 f i umodsys_lib_libui:umodsys.mod.ui.SDL_GL.obj
 0001:00003da0       ??R?$TNodeDeleter0@U?$TScatterArrayNode@U?$TRefObjectCompositeExtra@UIMouseClient@libui@UModSys@@HUIRefObject@core@3@U?$TRefObjectFunc@UIRefObject@core@UModSys@@@tl@3@@tl@UModSys@@H@tl@UModSys@@@tl@UModSys@@QEBAHPEAU?$TScatterArrayNode@U?$TRefObjectCompositeExtra@UIMouseClient@libui@UModSys@@HUIRefObject@core@3@U?$TRefObjectFunc@UIRefObject@core@UModSys@@@tl@3@@tl@UModSys@@H@12@@Z 0000000180004da0 f i umodsys_lib_libui:umodsys.mod.ui.SDL_GL.obj
 0001:00003da0       ??R?$TNodeDeleter0@U?$TScatterArrayNode@U?$TRefObjectComposite@UIKeyboardClient@libui@UModSys@@UIRefObject@core@3@U?$TRefObjectFunc@UIRefObject@core@UModSys@@@tl@3@@tl@UModSys@@H@tl@UModSys@@@tl@UModSys@@QEBAHPEAU?$TScatterArrayNode@U?$TRefObjectComposite@UIKeyboardClient@libui@UModSys@@UIRefObject@core@3@U?$TRefObjectFunc@UIRefObject@core@UModSys@@@tl@3@@tl@UModSys@@H@12@@Z 0000000180004da0 f i umodsys_lib_libui:umodsys.mod.ui.SDL_GL.obj
 0001:00003e20       ?remove_node@?$TTreeHoldRB@U?$TScatterArrayNode@U?$TRefObjectComposite@UIKeyboardClient@libui@UModSys@@UIRefObject@core@3@U?$TRefObjectFunc@UIRefObject@core@UModSys@@@tl@3@@tl@UModSys@@H@tl@UModSys@@@tl@UModSys@@QEAAXPEAU?$TScatterArrayNode@U?$TRefObjectComposite@UIKeyboardClient@libui@UModSys@@UIRefObject@core@3@U?$TRefObjectFunc@UIRefObject@core@UModSys@@@tl@3@@tl@UModSys@@H@23@@Z 0000000180004e20 f i umodsys_lib_libui:umodsys.mod.ui.SDL_GL.obj
 0001:00003e20       ?remove_node@?$TTreeHoldRB@U?$TScatterArrayNode@U?$TRefObjectCompositeExtra@UIMouseClient@libui@UModSys@@HUIRefObject@core@3@U?$TRefObjectFunc@UIRefObject@core@UModSys@@@tl@3@@tl@UModSys@@H@tl@UModSys@@@tl@UModSys@@QEAAXPEAU?$TScatterArrayNode@U?$TRefObjectCompositeExtra@UIMouseClient@libui@UModSys@@HUIRefObject@core@3@U?$TRefObjectFunc@UIRefObject@core@UModSys@@@tl@3@@tl@UModSys@@H@23@@Z 0000000180004e20 f i umodsys_lib_libui:umodsys.mod.ui.SDL_GL.obj
 0001:00003f40       ??1?$TPair@HU?$TRefObjectCompositeExtra@UIMouseClient@libui@UModSys@@HUIRefObject@core@3@U?$TRefObjectFunc@UIRefObject@core@UModSys@@@tl@3@@tl@UModSys@@@tl@UModSys@@QEAA@XZ 0000000180004f40 f i umodsys_lib_libui:umodsys.mod.ui.SDL_GL.obj
 0001:00003f40       ??1?$TPair@HU?$TRefObjectComposite@UIKeyboardClient@libui@UModSys@@UIRefObject@core@3@U?$TRefObjectFunc@UIRefObject@core@UModSys@@@tl@3@@tl@UModSys@@@tl@UModSys@@QEAA@XZ 0000000180004f40 f i umodsys_lib_libui:umodsys.mod.ui.SDL_GL.obj
 0001:00003f90       ??1?$TRefObjectCompositeExtra@UIMouseClient@libui@UModSys@@HUIRefObject@core@3@U?$TRefObjectFunc@UIRefObject@core@UModSys@@@tl@3@@tl@UModSys@@QEAA@XZ 0000000180004f90 f i umodsys_lib_libui:umodsys.mod.ui.SDL_GL.obj
 0001:00003f90       ??1?$TRefObjectComposite@UIKeyboardClient@libui@UModSys@@UIRefObject@core@3@U?$TRefObjectFunc@UIRefObject@core@UModSys@@@tl@3@@tl@UModSys@@QEAA@XZ 0000000180004f90 f i umodsys_lib_libui:umodsys.mod.ui.SDL_GL.obj
 0001:00003fe0       ?ref_weak@?$TRefObjectLinksComposite@URRenderDriver3D@SDL_GL@ui@modules@UModSys@@URTerminalX@2345@@tl@UModSys@@QEBA_NPEAURRenderDriver3D@SDL_GL@ui@modules@3@AEAUWeakPointer@IRefObject@core@3@@Z 0000000180004fe0 f i umodsys_lib_libui:umodsys.mod.ui.SDL_GL.obj
 0001:00003fe0       ?ref_weak@?$TRefObjectLinksComposite@URKeyboardController@SDL_GL@ui@modules@UModSys@@URTerminal@2345@@tl@UModSys@@QEBA_NPEAURKeyboardController@SDL_GL@ui@modules@3@AEAUWeakPointer@IRefObject@core@3@@Z 0000000180004fe0 f i umodsys_lib_libui:umodsys.mod.ui.SDL_GL.obj
 0001:00003fe0       ?ref_weak@?$TRefObjectLinksComposite@URMouseController@SDL_core@ui@modules@UModSys@@URTerminal@2345@@tl@UModSys@@QEBA_NPEAURMouseController@SDL_core@ui@modules@3@AEAUWeakPointer@IRefObject@core@3@@Z 0000000180004fe0 f i umodsys_lib_libui:umodsys.mod.ui.SDL_core.obj
 0001:00003fe0       ?ref_weak@?$TRefObjectLinksComposite@URMouseController@SDL_GL@ui@modules@UModSys@@URTerminal@2345@@tl@UModSys@@QEBA_NPEAURMouseController@SDL_GL@ui@modules@3@AEAUWeakPointer@IRefObject@core@3@@Z 0000000180004fe0 f i umodsys_lib_libui:umodsys.mod.ui.SDL_GL.obj
 0001:00003fe0       ?ref_weak@?$TRefObjectLinksComposite@URKeyboardController@SDL_core@ui@modules@UModSys@@URTerminal@2345@@tl@UModSys@@QEBA_NPEAURKeyboardController@SDL_core@ui@modules@3@AEAUWeakPointer@IRefObject@core@3@@Z 0000000180004fe0 f i umodsys_lib_libui:umodsys.mod.ui.SDL_core.obj
 0001:00003fe0       ?ref_weak@?$TRefObjectLinksComposite@URRenderDriver2D@SDL_core@ui@modules@UModSys@@URTerminalX@2345@@tl@UModSys@@QEBA_NPEAURRenderDriver2D@SDL_core@ui@modules@3@AEAUWeakPointer@IRefObject@core@3@@Z 0000000180004fe0 f i umodsys_lib_libui:umodsys.mod.ui.SDL_core.obj
 0001:00004000       ?remove_color@?$TTreeHoldRB@U?$TScatterArrayNode@U?$TRefObjectComposite@UIKeyboardClient@libui@UModSys@@UIRefObject@core@3@U?$TRefObjectFunc@UIRefObject@core@UModSys@@@tl@3@@tl@UModSys@@H@tl@UModSys@@@tl@UModSys@@IEAAXPEAU?$TScatterArrayNode@U?$TRefObjectComposite@UIKeyboardClient@libui@UModSys@@UIRefObject@core@3@U?$TRefObjectFunc@UIRefObject@core@UModSys@@@tl@3@@tl@UModSys@@H@23@0@Z 0000000180005000 f i umodsys_lib_libui:umodsys.mod.ui.SDL_GL.obj
 0001:00004000       ?remove_color@?$TTreeHoldRB@U?$TScatterArrayNode@U?$TRefObjectCompositeExtra@UIMouseClient@libui@UModSys@@HUIRefObject@core@3@U?$TRefObjectFunc@UIRefObject@core@UModSys@@@tl@3@@tl@UModSys@@H@tl@UModSys@@@tl@UModSys@@IEAAXPEAU?$TScatterArrayNode@U?$TRefObjectCompositeExtra@UIMouseClient@libui@UModSys@@HUIRefObject@core@3@U?$TRefObjectFunc@UIRefObject@core@UModSys@@@tl@3@@tl@UModSys@@H@23@0@Z 0000000180005000 f i umodsys_lib_libui:umodsys.mod.ui.SDL_GL.obj
 0001:000042c0       ?ResizeRel@?$TDynarray@U?$TDynarrayHolderDynamic@USLayInfo@RVertexArray@SDL_GL@ui@modules@UModSys@@U?$TAllocator@USIMemAlloc@core@UModSys@@USCountCalcExact@23@@tl@6@@tl@UModSys@@@tl@UModSys@@QEAA_N_J@Z 00000001800052c0 f i umodsys_lib_libui:umodsys.mod.ui.SDL_GL.obj
 0001:000043a0       ??$ValidateConstruction@UIMultiImage@lib2d@UModSys@@URMultiImage2D_SDL_ttf@SDL_GL@ui@modules@3@@core@UModSys@@YA_NAEAU?$TRefObject@UIMultiImage@lib2d@UModSys@@U?$TRefObjectFunc@UIMultiImage@lib2d@UModSys@@@tl@3@@tl@1@PEAURMultiImage2D_SDL_ttf@SDL_GL@ui@modules@1@@Z 00000001800053a0 f i umodsys_lib_libui:umodsys.mod.ui.SDL_GL.obj
 0001:000043a0       ??$ValidateConstruction@UIMultiImage@lib2d@UModSys@@URMultiImage2D_SDL_ttf@SDL_core@ui@modules@3@@core@UModSys@@YA_NAEAU?$TRefObject@UIMultiImage@lib2d@UModSys@@U?$TRefObjectFunc@UIMultiImage@lib2d@UModSys@@@tl@3@@tl@1@PEAURMultiImage2D_SDL_ttf@SDL_core@ui@modules@1@@Z 00000001800053a0 f i umodsys_lib_libui:umodsys.mod.ui.SDL_core.obj
 0001:00004420       ??$t_ref_get_other_interface@URMultiImage2D_SDL_ttf@SDL_GL@ui@modules@UModSys@@U?$TRefObjectWeakFunc@URMultiImage2D_SDL_ttf@SDL_GL@ui@modules@UModSys@@@tl@5@@IRefObject@core@UModSys@@QEAA_NAEAU?$TRefObject@URMultiImage2D_SDL_ttf@SDL_GL@ui@modules@UModSys@@U?$TRefObjectWeakFunc@URMultiImage2D_SDL_ttf@SDL_GL@ui@modules@UModSys@@@tl@5@@tl@2@@Z 0000000180005420 f i umodsys_lib_libui:umodsys.mod.ui.SDL_GL.obj
 0001:000044a0       ??$genx_node@UCmp@?$TScatterArray@U?$TRefObjectComposite@UIKeyboardClient@libui@UModSys@@UIRefObject@core@3@U?$TRefObjectFunc@UIRefObject@core@UModSys@@@tl@3@@tl@UModSys@@HU?$TScalarCompare@H@core@3@U?$TNodeDeleter0@U?$TScatterArrayNode@U?$TRefObjectComposite@UIKeyboardClient@libui@UModSys@@UIRefObject@core@3@U?$TRefObjectFunc@UIRefObject@core@UModSys@@@tl@3@@tl@UModSys@@H@tl@UModSys@@@23@@tl@UModSys@@UGen0@234@@?$TTreeHoldRBD@U?$TScatterArrayNode@U?$TRefObjectComposite@UIKeyboardClient@libui@UModSys@@UIRefObject@core@3@U?$TRefObjectFunc@UIRefObject@core@UModSys@@@tl@3@@tl@UModSys@@H@tl@UModSys@@U?$TNodeDeleter0@U?$TScatterArrayNode@U?$TRefObjectComposite@UIKeyboardClient@libui@UModSys@@UIRefObject@core@3@U?$TRefObjectFunc@UIRefObject@core@UModSys@@@tl@3@@tl@UModSys@@H@tl@UModSys@@@23@@tl@UModSys@@QEAAPEAU?$TScatterArrayNode@U?$TRefObjectComposite@UIKeyboardClient@libui@UModSys@@UIRefObject@core@3@U?$TRefObjectFunc@UIRefObject@core@UModSys@@@tl@3@@tl@UModSys@@H@12@UCmp@?$TScatterArray@U?$TRefObjectComposite@UIKeyboardClient@libui@UModSys@@UIRefObject@core@3@U?$TRefObjectFunc@UIRefObject@core@UModSys@@@tl@3@@tl@UModSys@@HU?$TScalarCompare@H@core@3@U?$TNodeDeleter0@U?$TScatterArrayNode@U?$TRefObjectComposite@UIKeyboardClient@libui@UModSys@@UIRefObject@core@3@U?$TRefObjectFunc@UIRefObject@core@UModSys@@@tl@3@@tl@UModSys@@H@tl@UModSys@@@23@@12@AEBUGen0@512@PEAPEAU312@2_N@Z 00000001800054a0 f i umodsys_lib_libui:umodsys.mod.ui.SDL_GL.obj
 0001:000045e0       ??$genx_node@UCmp@?$TScatterArray@U?$TRefObjectCompositeExtra@UIMouseClient@libui@UModSys@@HUIRefObject@core@3@U?$TRefObjectFunc@UIRefObject@core@UModSys@@@tl@3@@tl@UModSys@@HU?$TScalarCompare@H@core@3@U?$TNodeDeleter0@U?$TScatterArrayNode@U?$TRefObjectCompositeExtra@UIMouseClient@libui@UModSys@@HUIRefObject@core@3@U?$TRefObjectFunc@UIRefObject@core@UModSys@@@tl@3@@tl@UModSys@@H@tl@UModSys@@@23@@tl@UModSys@@UGen0@234@@?$TTreeHoldRBD@U?$TScatterArrayNode@U?$TRefObjectCompositeExtra@UIMouseClient@libui@UModSys@@HUIRefObject@core@3@U?$TRefObjectFunc@UIRefObject@core@UModSys@@@tl@3@@tl@UModSys@@H@tl@UModSys@@U?$TNodeDeleter0@U?$TScatterArrayNode@U?$TRefObjectCompositeExtra@UIMouseClient@libui@UModSys@@HUIRefObject@core@3@U?$TRefObjectFunc@UIRefObject@core@UModSys@@@tl@3@@tl@UModSys@@H@tl@UModSys@@@23@@tl@UModSys@@QEAAPEAU?$TScatterArrayNode@U?$TRefObjectCompositeExtra@UIMouseClient@libui@UModSys@@HUIRefObject@core@3@U?$TRefObjectFunc@UIRefObject@core@UModSys@@@tl@3@@tl@UModSys@@H@12@UCmp@?$TScatterArray@U?$TRefObjectCompositeExtra@UIMouseClient@libui@UModSys@@HUIRefObject@core@3@U?$TRefObjectFunc@UIRefObject@core@UModSys@@@tl@3@@tl@UModSys@@HU?$TScalarCompare@H@core@3@U?$TNodeDeleter0@U?$TScatterArrayNode@U?$TRefObjectCompositeExtra@UIMouseClient@libui@UModSys@@HUIRefObject@core@3@U?$TRefObjectFunc@UIRefObject@core@UModSys@@@tl@3@@tl@UModSys@@H@tl@UModSys@@@23@@12@AEBUGen0@512@PEAPEAU312@2_N@Z 00000001800055e0 f i umodsys_lib_libui:umodsys.mod.ui.SDL_GL.obj
 0001:00004730       ??$genx_node@UCmp@?$TScatterArray@UGlyph@RMultiImage2D_SDL_ttf@SDL_GL@ui@modules@UModSys@@HU?$TScalarCompare@H@core@6@U?$TNodeDeleter0@U?$TScatterArrayNode@UGlyph@RMultiImage2D_SDL_ttf@SDL_GL@ui@modules@UModSys@@H@tl@UModSys@@@tl@6@@tl@UModSys@@UGen0@234@@?$TTreeHoldRBD@U?$TScatterArrayNode@UGlyph@RMultiImage2D_SDL_ttf@SDL_GL@ui@modules@UModSys@@H@tl@UModSys@@U?$TNodeDeleter0@U?$TScatterArrayNode@UGlyph@RMultiImage2D_SDL_ttf@SDL_GL@ui@modules@UModSys@@H@tl@UModSys@@@23@@tl@UModSys@@QEAAPEAU?$TScatterArrayNode@UGlyph@RMultiImage2D_SDL_ttf@SDL_GL@ui@modules@UModSys@@H@12@UCmp@?$TScatterArray@UGlyph@RMultiImage2D_SDL_ttf@SDL_GL@ui@modules@UModSys@@HU?$TScalarCompare@H@core@6@U?$TNodeDeleter0@U?$TScatterArrayNode@UGlyph@RMultiImage2D_SDL_ttf@SDL_GL@ui@modules@UModSys@@H@tl@UModSys@@@tl@6@@12@AEBUGen0@512@PEAPEAU312@2_N@Z 0000000180005730 f i umodsys_lib_libui:umodsys.mod.ui.SDL_GL.obj
 0001:00004860       ??$process_nodes@U?$TNodeDeleter0@U?$TScatterArrayNode@U?$TRefObjectCompositeExtra@UIMouseClient@libui@UModSys@@HUIRefObject@core@3@U?$TRefObjectFunc@UIRefObject@core@UModSys@@@tl@3@@tl@UModSys@@H@tl@UModSys@@@tl@UModSys@@@?$TTreeHoldRB@U?$TScatterArrayNode@U?$TRefObjectCompositeExtra@UIMouseClient@libui@UModSys@@HUIRefObject@core@3@U?$TRefObjectFunc@UIRefObject@core@UModSys@@@tl@3@@tl@UModSys@@H@tl@UModSys@@@tl@UModSys@@QEAAHAEBU?$TNodeDeleter0@U?$TScatterArrayNode@U?$TRefObjectCompositeExtra@UIMouseClient@libui@UModSys@@HUIRefObject@core@3@U?$TRefObjectFunc@UIRefObject@core@UModSys@@@tl@3@@tl@UModSys@@H@tl@UModSys@@@12@@Z 0000000180005860 f i umodsys_lib_libui:umodsys.mod.ui.SDL_GL.obj
 0001:00004860       ??$process_nodes@U?$TNodeDeleter0@U?$TScatterArrayNode@U?$TRefObjectComposite@UIKeyboardClient@libui@UModSys@@UIRefObject@core@3@U?$TRefObjectFunc@UIRefObject@core@UModSys@@@tl@3@@tl@UModSys@@H@tl@UModSys@@@tl@UModSys@@@?$TTreeHoldRB@U?$TScatterArrayNode@U?$TRefObjectComposite@UIKeyboardClient@libui@UModSys@@UIRefObject@core@3@U?$TRefObjectFunc@UIRefObject@core@UModSys@@@tl@3@@tl@UModSys@@H@tl@UModSys@@@tl@UModSys@@QEAAHAEBU?$TNodeDeleter0@U?$TScatterArrayNode@U?$TRefObjectComposite@UIKeyboardClient@libui@UModSys@@UIRefObject@core@3@U?$TRefObjectFunc@UIRefObject@core@UModSys@@@tl@3@@tl@UModSys@@H@tl@UModSys@@@12@@Z 0000000180005860 f i umodsys_lib_libui:umodsys.mod.ui.SDL_GL.obj
 0001:000048e0       ??0?$TScatterArrayNode@UGlyph@RMultiImage2D_SDL_ttf@SDL_GL@ui@modules@UModSys@@H@tl@UModSys@@QEAA@AEBH@Z 00000001800058e0 f i umodsys_lib_libui:umodsys.mod.ui.SDL_GL.obj
 0001:000049d0       ??1?$TPair@HUGlyph@RMultiImage2D_SDL_ttf@SDL_GL@ui@modules@UModSys@@@tl@UModSys@@QEAA@XZ 00000001800059d0 f i umodsys_lib_libui:umodsys.mod.ui.SDL_GL.obj
 0001:00004a00       ??0STextureGL@SDL_GL@ui@modules@UModSys@@QEAA@AEBU01234@@Z 0000000180005a00 f i umodsys_lib_libui:umodsys.mod.ui.SDL_GL.obj
 0001:00004b40       ?insert_color@?$TTreeHoldRB@U?$TScatterArrayNode@U?$TVector4@M@math3d@UModSys@@H@tl@UModSys@@@tl@UModSys@@IEAAXPEAU?$TScatterArrayNode@U?$TVector4@M@math3d@UModSys@@H@23@@Z 0000000180005b40 f i umodsys_lib_libui:umodsys.mod.ui.frames.obj
 0001:00004b40       ?insert_color@?$TTreeHoldRB@U?$TScatterArrayNode@U?$TVector2@M@math3d@UModSys@@H@tl@UModSys@@@tl@UModSys@@IEAAXPEAU?$TScatterArrayNode@U?$TVector2@M@math3d@UModSys@@H@23@@Z 0000000180005b40 f i umodsys_lib_libui:umodsys.mod.ui.frames.obj
 0001:00004b40       ?insert_color@?$TTreeHoldRB@U?$TScatterArrayNode@U?$TRefObjectComposite@UIKeyboardClient@libui@UModSys@@UIRefObject@core@3@U?$TRefObjectFunc@UIRefObject@core@UModSys@@@tl@3@@tl@UModSys@@H@tl@UModSys@@@tl@UModSys@@IEAAXPEAU?$TScatterArrayNode@U?$TRefObjectComposite@UIKeyboardClient@libui@UModSys@@UIRefObject@core@3@U?$TRefObjectFunc@UIRefObject@core@UModSys@@@tl@3@@tl@UModSys@@H@23@@Z 0000000180005b40 f i umodsys_lib_libui:umodsys.mod.ui.SDL_GL.obj
 0001:00004b40       ?insert_color@?$TTreeHoldRB@U?$TScatterArrayNode@HH@tl@UModSys@@@tl@UModSys@@IEAAXPEAU?$TScatterArrayNode@HH@23@@Z 0000000180005b40 f i umodsys_lib_libui:umodsys.mod.ui.frames.obj
 0001:00004b40       ?insert_color@?$TTreeHoldRB@U?$TScatterArrayNode@UGlyph@RMultiImage2D_SDL_ttf@SDL_GL@ui@modules@UModSys@@H@tl@UModSys@@@tl@UModSys@@IEAAXPEAU?$TScatterArrayNode@UGlyph@RMultiImage2D_SDL_ttf@SDL_GL@ui@modules@UModSys@@H@23@@Z 0000000180005b40 f i umodsys_lib_libui:umodsys.mod.ui.SDL_GL.obj
 0001:00004b40       ?insert_color@?$TTreeHoldRB@U?$TScatterArrayNode@U?$TRefObjectCompositeExtra@UIMouseClient@libui@UModSys@@HUIRefObject@core@3@U?$TRefObjectFunc@UIRefObject@core@UModSys@@@tl@3@@tl@UModSys@@H@tl@UModSys@@@tl@UModSys@@IEAAXPEAU?$TScatterArrayNode@U?$TRefObjectCompositeExtra@UIMouseClient@libui@UModSys@@HUIRefObject@core@3@U?$TRefObjectFunc@UIRefObject@core@UModSys@@@tl@3@@tl@UModSys@@H@23@@Z 0000000180005b40 f i umodsys_lib_libui:umodsys.mod.ui.SDL_GL.obj
 0001:00004b40       ?insert_color@?$TTreeHoldRB@U?$TScatterArrayNode@UGlyph@RMultiImage2D_SDL_ttf@SDL_core@ui@modules@UModSys@@H@tl@UModSys@@@tl@UModSys@@IEAAXPEAU?$TScatterArrayNode@UGlyph@RMultiImage2D_SDL_ttf@SDL_core@ui@modules@UModSys@@H@23@@Z 0000000180005b40 f i umodsys_lib_libui:umodsys.mod.ui.SDL_core.obj
 0001:00004cf0       ??$ValidateConstruction@UIRefObject@core@UModSys@@URImage_Memory@stdlib@lib2d@modules@3@@core@UModSys@@YA_NAEAU?$TRefObject@UIRefObject@core@UModSys@@U?$TRefObjectFunc@UIRefObject@core@UModSys@@@tl@3@@tl@1@PEAURImage_Memory@stdlib@lib2d@modules@1@@Z 0000000180005cf0 f i umodsys_lib_lib2d:umodsys.mod.2d.stdlib.obj
 0001:00004cf0       ??$ValidateConstruction@UIRefObject@core@UModSys@@URMediaFilter@images_std@media@modules@3@@core@UModSys@@YA_NAEAU?$TRefObject@UIRefObject@core@UModSys@@U?$TRefObjectFunc@UIRefObject@core@UModSys@@@tl@3@@tl@1@PEAURMediaFilter@images_std@media@modules@1@@Z 0000000180005cf0 f i umodsys_lib_libmedia:umodsys.mod.media.images_std.obj
 0001:00004cf0       ??$ValidateConstruction@UIRefObject@core@UModSys@@URTerminalX@SDL_core@ui@modules@3@@core@UModSys@@YA_NAEAU?$TRefObject@UIRefObject@core@UModSys@@U?$TRefObjectFunc@UIRefObject@core@UModSys@@@tl@3@@tl@1@PEAURTerminalX@SDL_core@ui@modules@1@@Z 0000000180005cf0 f i umodsys_lib_libui:umodsys.mod.ui.SDL_core.obj
 0001:00004cf0       ??$ValidateConstruction@UIRefObject@core@UModSys@@URImageFactory_Memory@stdlib@lib2d@modules@3@@core@UModSys@@YA_NAEAU?$TRefObject@UIRefObject@core@UModSys@@U?$TRefObjectFunc@UIRefObject@core@UModSys@@@tl@3@@tl@1@PEAURImageFactory_Memory@stdlib@lib2d@modules@1@@Z 0000000180005cf0 f i umodsys_lib_lib2d:umodsys.mod.2d.stdlib.obj
 0001:00004cf0       ??$ValidateConstruction@UIRefObject@core@UModSys@@URTerminalX@SDL_GL@ui@modules@3@@core@UModSys@@YA_NAEAU?$TRefObject@UIRefObject@core@UModSys@@U?$TRefObjectFunc@UIRefObject@core@UModSys@@@tl@3@@tl@1@PEAURTerminalX@SDL_GL@ui@modules@1@@Z 0000000180005cf0 f i umodsys_lib_libui:umodsys.mod.ui.SDL_GL.obj
 0001:00004cf0       ??$ValidateConstruction@UIImage@lib2d@UModSys@@URImage_Memory@stdlib@2modules@3@@core@UModSys@@YA_NAEAU?$TRefObject@UIImage@lib2d@UModSys@@U?$TRefObjectFunc@UIImage@lib2d@UModSys@@@tl@3@@tl@1@PEAURImage_Memory@stdlib@lib2d@modules@1@@Z 0000000180005cf0 f i umodsys_lib_lib2d:umodsys.mod.2d.stdlib.obj
 0001:00004d60       ??$process_nodes_r@U?$TNodeDeleter0@U?$TScatterArrayNode@U?$TRefObjectCompositeExtra@UIMouseClient@libui@UModSys@@HUIRefObject@core@3@U?$TRefObjectFunc@UIRefObject@core@UModSys@@@tl@3@@tl@UModSys@@H@tl@UModSys@@@tl@UModSys@@@?$TTreeHoldRB@U?$TScatterArrayNode@U?$TRefObjectCompositeExtra@UIMouseClient@libui@UModSys@@HUIRefObject@core@3@U?$TRefObjectFunc@UIRefObject@core@UModSys@@@tl@3@@tl@UModSys@@H@tl@UModSys@@@tl@UModSys@@KAHPEAU?$TScatterArrayNode@U?$TRefObjectCompositeExtra@UIMouseClient@libui@UModSys@@HUIRefObject@core@3@U?$TRefObjectFunc@UIRefObject@core@UModSys@@@tl@3@@tl@UModSys@@H@12@AEBU?$TNodeDeleter0@U?$TScatterArrayNode@U?$TRefObjectCompositeExtra@UIMouseClient@libui@UModSys@@HUIRefObject@core@3@U?$TRefObjectFunc@UIRefObject@core@UModSys@@@tl@3@@tl@UModSys@@H@tl@UModSys@@@12@@Z 0000000180005d60 f i umodsys_lib_libui:umodsys.mod.ui.SDL_GL.obj
 0001:00004d60       ??$process_nodes_r@U?$TNodeDeleter0@U?$TScatterArrayNode@U?$TRefObjectComposite@UIKeyboardClient@libui@UModSys@@UIRefObject@core@3@U?$TRefObjectFunc@UIRefObject@core@UModSys@@@tl@3@@tl@UModSys@@H@tl@UModSys@@@tl@UModSys@@@?$TTreeHoldRB@U?$TScatterArrayNode@U?$TRefObjectComposite@UIKeyboardClient@libui@UModSys@@UIRefObject@core@3@U?$TRefObjectFunc@UIRefObject@core@UModSys@@@tl@3@@tl@UModSys@@H@tl@UModSys@@@tl@UModSys@@KAHPEAU?$TScatterArrayNode@U?$TRefObjectComposite@UIKeyboardClient@libui@UModSys@@UIRefObject@core@3@U?$TRefObjectFunc@UIRefObject@core@UModSys@@@tl@3@@tl@UModSys@@H@12@AEBU?$TNodeDeleter0@U?$TScatterArrayNode@U?$TRefObjectComposite@UIKeyboardClient@libui@UModSys@@UIRefObject@core@3@U?$TRefObjectFunc@UIRefObject@core@UModSys@@@tl@3@@tl@UModSys@@H@tl@UModSys@@@12@@Z 0000000180005d60 f i umodsys_lib_libui:umodsys.mod.ui.SDL_GL.obj
 0001:00004dd0       ??$process_nodes_r@U?$TNodeDeleter0@U?$TScatterArrayNode@UGlyph@RMultiImage2D_SDL_ttf@SDL_GL@ui@modules@UModSys@@H@tl@UModSys@@@tl@UModSys@@@?$TTreeHoldRB@U?$TScatterArrayNode@UGlyph@RMultiImage2D_SDL_ttf@SDL_GL@ui@modules@UModSys@@H@tl@UModSys@@@tl@UModSys@@KAHPEAU?$TScatterArrayNode@UGlyph@RMultiImage2D_SDL_ttf@SDL_GL@ui@modules@UModSys@@H@12@AEBU?$TNodeDeleter0@U?$TScatterArrayNode@UGlyph@RMultiImage2D_SDL_ttf@SDL_GL@ui@modules@UModSys@@H@tl@UModSys@@@12@@Z 0000000180005dd0 f i umodsys_lib_libui:umodsys.mod.ui.SDL_GL.obj
 0001:00004e60       ?root_get_interface_info@RKeyboardController@SDL_core@ui@modules@UModSys@@UEBAAEBUSUniquePointerInfo@core@5@XZ 0000000180005e60 f i umodsys_lib_libui:umodsys.mod.ui.SDL_core.obj
 0001:00004e70       ?root_get_interface_type@RKeyboardController@SDL_core@ui@modules@UModSys@@UEBAPEBUSUniquePointerInfo@core@5@XZ 0000000180005e70 f i umodsys_lib_libui:umodsys.mod.ui.SDL_core.obj
 0001:00004e80       ?root_get_other_interface@RKeyboardController@SDL_core@ui@modules@UModSys@@UEAAPEAUIRoot@core@5@PEBUSUniquePointerInfo@75@@Z 0000000180005e80 f i umodsys_lib_libui:umodsys.mod.ui.SDL_core.obj
 0001:00004e80       ?root_get_other_interface@RKeyboardController@SDL_core@ui@modules@UModSys@@UEBAPEBUIRoot@core@5@PEBUSUniquePointerInfo@75@@Z 0000000180005e80 f i umodsys_lib_libui:umodsys.mod.ui.SDL_core.obj
 0001:00004eb0       ?root_is_interface_supported@RKeyboardController@SDL_core@ui@modules@UModSys@@UEBA_NPEBUSUniquePointerInfo@core@5@@Z 0000000180005eb0 f i umodsys_lib_libui:umodsys.mod.ui.SDL_core.obj
 0001:00004ee0       ?root_get_interface_info@RMouseController@SDL_core@ui@modules@UModSys@@UEBAAEBUSUniquePointerInfo@core@5@XZ 0000000180005ee0 f i umodsys_lib_libui:umodsys.mod.ui.SDL_core.obj
 0001:00004ef0       ?root_get_interface_type@RMouseController@SDL_core@ui@modules@UModSys@@UEBAPEBUSUniquePointerInfo@core@5@XZ 0000000180005ef0 f i umodsys_lib_libui:umodsys.mod.ui.SDL_core.obj
 0001:00004f00       ?root_get_other_interface@RMouseController@SDL_core@ui@modules@UModSys@@UEBAPEBUIRoot@core@5@PEBUSUniquePointerInfo@75@@Z 0000000180005f00 f i umodsys_lib_libui:umodsys.mod.ui.SDL_core.obj
 0001:00004f00       ?root_get_other_interface@RMouseController@SDL_core@ui@modules@UModSys@@UEAAPEAUIRoot@core@5@PEBUSUniquePointerInfo@75@@Z 0000000180005f00 f i umodsys_lib_libui:umodsys.mod.ui.SDL_core.obj
 0001:00004f30       ?root_is_interface_supported@RMouseController@SDL_core@ui@modules@UModSys@@UEBA_NPEBUSUniquePointerInfo@core@5@@Z 0000000180005f30 f i umodsys_lib_libui:umodsys.mod.ui.SDL_core.obj
 0001:00004f60       ?ref_weak@RMouseController@SDL_core@ui@modules@UModSys@@UEBA_NAEAUWeakPointer@IRefObject@core@5@@Z 0000000180005f60 f i umodsys_lib_libui:umodsys.mod.ui.SDL_core.obj
 0001:00004f60       ?ref_weak@RRenderDriver2D@SDL_core@ui@modules@UModSys@@UEBA_NAEAUWeakPointer@IRefObject@core@5@@Z 0000000180005f60 f i umodsys_lib_libui:umodsys.mod.ui.SDL_core.obj
 0001:00004f60       ?ref_weak@RKeyboardController@SDL_core@ui@modules@UModSys@@UEBA_NAEAUWeakPointer@IRefObject@core@5@@Z 0000000180005f60 f i umodsys_lib_libui:umodsys.mod.ui.SDL_core.obj
 0001:00004f60       ?ref_weak@RRenderDriver3D@SDL_GL@ui@modules@UModSys@@UEBA_NAEAUWeakPointer@IRefObject@core@5@@Z 0000000180005f60 f i umodsys_lib_libui:umodsys.mod.ui.SDL_GL.obj
 0001:00004f60       ?ref_weak@RKeyboardController@SDL_GL@ui@modules@UModSys@@UEBA_NAEAUWeakPointer@IRefObject@core@5@@Z 0000000180005f60 f i umodsys_lib_libui:umodsys.mod.ui.SDL_GL.obj
 0001:00004f60       ?ref_weak@RMouseController@SDL_GL@ui@modules@UModSys@@UEBA_NAEAUWeakPointer@IRefObject@core@5@@Z 0000000180005f60 f i umodsys_lib_libui:umodsys.mod.ui.SDL_GL.obj
 0001:00004f80       ?root_get_interface_info@RTerminal@SDL_core@ui@modules@UModSys@@UEBAAEBUSUniquePointerInfo@core@5@XZ 0000000180005f80 f i umodsys_lib_libui:umodsys.mod.ui.SDL_core.obj
 0001:00004f90       ?root_get_interface_type@RTerminal@SDL_core@ui@modules@UModSys@@UEBAPEBUSUniquePointerInfo@core@5@XZ 0000000180005f90 f i umodsys_lib_libui:umodsys.mod.ui.SDL_core.obj
 0001:00004fa0       ?root_get_other_interface@RTerminal@SDL_core@ui@modules@UModSys@@UEBAPEBUIRoot@core@5@PEBUSUniquePointerInfo@75@@Z 0000000180005fa0 f i umodsys_lib_libui:umodsys.mod.ui.SDL_core.obj
 0001:00004fa0       ?root_get_other_interface@RTerminal@SDL_core@ui@modules@UModSys@@UEAAPEAUIRoot@core@5@PEBUSUniquePointerInfo@75@@Z 0000000180005fa0 f i umodsys_lib_libui:umodsys.mod.ui.SDL_core.obj
 0001:00004fd0       ?root_is_interface_supported@RTerminal@SDL_core@ui@modules@UModSys@@UEBA_NPEBUSUniquePointerInfo@core@5@@Z 0000000180005fd0 f i umodsys_lib_libui:umodsys.mod.ui.SDL_core.obj
 0001:00005000       ?root_get_interface_info@RMultiImage2D_SDL_ttf@SDL_core@ui@modules@UModSys@@UEBAAEBUSUniquePointerInfo@core@5@XZ 0000000180006000 f i umodsys_lib_libui:umodsys.mod.ui.SDL_core.obj
 0001:00005010       ?root_get_interface_type@RMultiImage2D_SDL_ttf@SDL_core@ui@modules@UModSys@@UEBAPEBUSUniquePointerInfo@core@5@XZ 0000000180006010 f i umodsys_lib_libui:umodsys.mod.ui.SDL_core.obj
 0001:00005020       ?root_get_other_interface@RMultiImage2D_SDL_ttf@SDL_core@ui@modules@UModSys@@UEBAPEBUIRoot@core@5@PEBUSUniquePointerInfo@75@@Z 0000000180006020 f i umodsys_lib_libui:umodsys.mod.ui.SDL_core.obj
 0001:00005020       ?root_get_other_interface@RMultiImage2D_SDL_ttf@SDL_core@ui@modules@UModSys@@UEAAPEAUIRoot@core@5@PEBUSUniquePointerInfo@75@@Z 0000000180006020 f i umodsys_lib_libui:umodsys.mod.ui.SDL_core.obj
 0001:00005050       ?root_is_interface_supported@RMultiImage2D_SDL_ttf@SDL_core@ui@modules@UModSys@@UEBA_NPEBUSUniquePointerInfo@core@5@@Z 0000000180006050 f i umodsys_lib_libui:umodsys.mod.ui.SDL_core.obj
[...]
 0001:0004ce70       ??__F?s_id@?$TObjectUniqueID@UIConsoleHelperHistory@base@UModSys@@@tl@UModSys@@2USUniquePointer@core@3@A@@YAXXZ 000000018004de70 f    CIL library: CIL module
 0001:0004ce80       ??__F?s_id@?$TObjectUniqueID@UIConsoleHelper@base@UModSys@@@tl@UModSys@@2USUniquePointer@core@3@A@@YAXXZ 000000018004de80 f    CIL library: CIL module
 0001:0004ce90       ??__F?s_id@?$TObjectUniqueID@UIConsoleExt@base@UModSys@@@tl@UModSys@@2USUniquePointer@core@3@A@@YAXXZ 000000018004de90 f    CIL library: CIL module
 0001:0004cea0       ??__F?s_id@?$TObjectUniqueID@UISerializeWriter@libmedia@UModSys@@@tl@UModSys@@2USUniquePointer@core@3@A@@YAXXZ 000000018004dea0 f    CIL library: CIL module
 0001:0004ceb0       ??__F?s_id@?$TObjectUniqueID@UISerializeReader@libmedia@UModSys@@@tl@UModSys@@2USUniquePointer@core@3@A@@YAXXZ 000000018004deb0 f    CIL library: CIL module
 0001:0004cec0       ??__F?s_id@?$TObjectUniqueID@UIClient@IBinArchiveFrame@libmedia@UModSys@@@tl@UModSys@@2USUniquePointer@core@3@A@@YAXXZ 000000018004dec0 f    CIL library: CIL module
 0001:0004ced0       ??__F?s_id@?$TObjectUniqueID@UIBinArchiveFrame@libmedia@UModSys@@@tl@UModSys@@2USUniquePointer@core@3@A@@YAXXZ 000000018004ded0 f    CIL library: CIL module
 0001:0004cee0       ??__F?s_id@?$TObjectUniqueID@UILibraryLayered@libmedia@UModSys@@@tl@UModSys@@2USUniquePointer@core@3@A@@YAXXZ 000000018004dee0 f    CIL library: CIL module
 0001:0004cef0       ??__F?s_id@?$TObjectUniqueID@UILibraryObjCache@libmedia@UModSys@@@tl@UModSys@@2USUniquePointer@core@3@A@@YAXXZ 000000018004def0 f    CIL library: CIL module
 0001:0004cf00       ??__F?s_id@?$TObjectUniqueID@UILibraryObjFilter@libmedia@UModSys@@@tl@UModSys@@2USUniquePointer@core@3@A@@YAXXZ 000000018004df00 f    CIL library: CIL module
 0001:0004cf10       ??__F?s_id@?$TObjectUniqueID@UILibraryBinCache@libmedia@UModSys@@@tl@UModSys@@2USUniquePointer@core@3@A@@YAXXZ 000000018004df10 f    CIL library: CIL module
 0001:0004cf20       ??__F?s_id@?$TObjectUniqueID@UILibraryBinTree@libmedia@UModSys@@@tl@UModSys@@2USUniquePointer@core@3@A@@YAXXZ 000000018004df20 f    CIL library: CIL module
 0001:0004cf30       ??__F?s_id@?$TObjectUniqueID@UILibrary@libmedia@UModSys@@@tl@UModSys@@2USUniquePointer@core@3@A@@YAXXZ 000000018004df30 f    CIL library: CIL module
 0001:0004cf40       ??__F?s_id@?$TObjectUniqueID@UIBinObjFilter@libmedia@UModSys@@@tl@UModSys@@2USUniquePointer@core@3@A@@YAXXZ 000000018004df40 f    CIL library: CIL module
 0001:0004cf50       ??__F?s_id@?$TObjectUniqueID@UIBinArchive@libmedia@UModSys@@@tl@UModSys@@2USUniquePointer@core@3@A@@YAXXZ 000000018004df50 f    CIL library: CIL module
 0001:0004cf60       ??__F?s_id@?$TObjectUniqueID@UILibObject@libmedia@UModSys@@@tl@UModSys@@2USUniquePointer@core@3@A@@YAXXZ 000000018004df60 f    CIL library: CIL module
 0001:0004cf70       ??__F?s_id@?$TObjectUniqueID@UIUtilities@libmedia@UModSys@@@tl@UModSys@@2USUniquePointer@core@3@A@@YAXXZ 000000018004df70 f    CIL library: CIL module
 0001:0004cf80       ??__F?s_id@?$TObjectUniqueID@UIStreamWriter@libmedia@UModSys@@@tl@UModSys@@2USUniquePointer@core@3@A@@YAXXZ 000000018004df80 f    CIL library: CIL module
 0001:0004cf90       ??__F?s_id@?$TObjectUniqueID@UIStreamReader@libmedia@UModSys@@@tl@UModSys@@2USUniquePointer@core@3@A@@YAXXZ 000000018004df90 f    CIL library: CIL module
 0001:0004cfa0       ??__F?s_id@?$TObjectUniqueID@UISystem@base@UModSys@@@tl@UModSys@@2USUniquePointer@core@3@A@@YAXXZ 000000018004dfa0 f    CIL library: CIL module
 0001:0004cfb0       ??__F?s_id@?$TObjectUniqueID@UIShell@base@UModSys@@@tl@UModSys@@2USUniquePointer@core@3@A@@YAXXZ 000000018004dfb0 f    CIL library: CIL module
 0001:0004cfc0       ??__F?s_id@?$TObjectUniqueID@UIGenerator@base@UModSys@@@tl@UModSys@@2USUniquePointer@core@3@A@@YAXXZ 000000018004dfc0 f    CIL library: CIL module
 0001:0004cfd0       ??__F?s_id@?$TObjectUniqueID@UIModObject@base@UModSys@@@tl@UModSys@@2USUniquePointer@core@3@A@@YAXXZ 000000018004dfd0 f    CIL library: CIL module
 0001:0004cfe0       ??__F?s_id@?$TObjectUniqueID@UIModuleLibrary@base@UModSys@@@tl@UModSys@@2USUniquePointer@core@3@A@@YAXXZ 000000018004dfe0 f    CIL library: CIL module
 0001:0004cff0       ??__F?s_id@?$TObjectUniqueID@UIModule@base@UModSys@@@tl@UModSys@@2USUniquePointer@core@3@A@@YAXXZ 000000018004dff0 f    CIL library: CIL module
 0001:0004d000       ??__F?s_id@?$TObjectUniqueID@UIConsole@base@UModSys@@@tl@UModSys@@2USUniquePointer@core@3@A@@YAXXZ 000000018004e000 f    CIL library: CIL module
 0001:0004d010       ??__F?s_id@?$TObjectUniqueID@UIParameters@core@UModSys@@@tl@UModSys@@2USUniquePointer@core@3@A@@YAXXZ 000000018004e010 f    CIL library: CIL module
 0001:0004d020       ??__F?s_id@?$TObjectUniqueID@UIRefObject@core@UModSys@@@tl@UModSys@@2USUniquePointer@core@3@A@@YAXXZ 000000018004e020 f    CIL library: CIL module
 0001:0004d030       ??__F?s_id@?$TObjectUniqueID@UIRoot@core@UModSys@@@tl@UModSys@@2USUniquePointer@core@3@A@@YAXXZ 000000018004e030 f    CIL library: CIL module
 0001:0004d040       ??__F?s_id@?$TDataUniqueID@M@tl@UModSys@@2USUniquePointer@core@3@A@@YAXXZ 000000018004e040 f    CIL library: CIL module
 0001:0004d050       ??__F?s_id@?$TDataUniqueID@F@tl@UModSys@@2USUniquePointer@core@3@A@@YAXXZ 000000018004e050 f    CIL library: CIL module
 0001:0004d060       ??__F?s_id@?$TDataUniqueID@H@tl@UModSys@@2USUniquePointer@core@3@A@@YAXXZ 000000018004e060 f    CIL library: CIL module
 0001:0004d070       ??__F?s_id@?$TConstUniqueID@W4eConsoleLevels@base@UModSys@@$00@tl@UModSys@@2USUniquePointer@core@3@A@@YAXXZ 000000018004e070 f    CIL library: CIL module
 0001:0004d080       ??__F?s_id@?$TObjectUniqueID@UINodeObject_Light@lib3d@UModSys@@@tl@UModSys@@2USUniquePointer@core@3@A@@YAXXZ 000000018004e080 f    CIL library: CIL module
 0001:0004d090       ??__F?s_id@?$TObjectUniqueID@UINodeObject_Camera@lib3d@UModSys@@@tl@UModSys@@2USUniquePointer@core@3@A@@YAXXZ 000000018004e090 f    CIL library: CIL module
 0001:0004d0a0       ??__F?s_id@?$TObjectUniqueID@UINodeObject_Particles@lib3d@UModSys@@@tl@UModSys@@2USUniquePointer@core@3@A@@YAXXZ 000000018004e0a0 f    CIL library: CIL module
 0001:0004d0b0       ??__F?s_id@?$TObjectUniqueID@UINodeObject_Picture@lib3d@UModSys@@@tl@UModSys@@2USUniquePointer@core@3@A@@YAXXZ 000000018004e0b0 f    CIL library: CIL module
 0001:0004d0c0       ??__F?s_id@?$TObjectUniqueID@UINodeObject_Mesh@lib3d@UModSys@@@tl@UModSys@@2USUniquePointer@core@3@A@@YAXXZ 000000018004e0c0 f    CIL library: CIL module
 0001:0004d0d0       ??__F?s_id@?$TObjectUniqueID@UINodeObject_Brush@lib3d@UModSys@@@tl@UModSys@@2USUniquePointer@core@3@A@@YAXXZ 000000018004e0d0 f    CIL library: CIL module
 0001:0004d0e0       ??__F?s_id@?$TObjectUniqueID@UIScene@lib3d@UModSys@@@tl@UModSys@@2USUniquePointer@core@3@A@@YAXXZ 000000018004e0e0 f    CIL library: CIL module
 0001:0004d0f0       ??__F?s_id@?$TObjectUniqueID@UISceneController@lib3d@UModSys@@@tl@UModSys@@2USUniquePointer@core@3@A@@YAXXZ 000000018004e0f0 f    CIL library: CIL module
 0001:0004d100       ??__Fs_dbg@stdlib@lib2d@modules@UModSys@@YAXXZ 000000018004e100 f    CIL library: CIL module
 0001:0004d110       ??__F?s_modreg@RModuleReg@stdlib@lib2d@modules@UModSys@@2U12345@A@@YAXXZ 000000018004e110 f    CIL library: CIL module
 0001:0004d130       ??__F?s_modreg_chain@RModuleReg@stdlib@lib2d@modules@UModSys@@2USModuleRegChain@base@5@A@@YAXXZ 000000018004e130 f    CIL library: CIL module
 0001:0004d140       ??__F?s_uid@RGenerator@stdlib@lib2d@modules@UModSys@@2USUniquePointer@core@5@A@@YAXXZ 000000018004e140 f    CIL library: CIL module
 0001:0004d150       ??__Fh@?1??s_holder@RGenerator@stdlib@lib2d@modules@UModSys@@SAAEAU?$TTypeStaticHolder@URGenerator@stdlib@lib2d@modules@UModSys@@@tl@5@XZ@YAXXZ 000000018004e150 f    CIL library: CIL module
 0001:0004d180       ??__F?s_id@?$TObjectUniqueID@URGenerator@stdlib@lib2d@modules@UModSys@@@tl@UModSys@@2USUniquePointer@core@3@A@@YAXXZ 000000018004e180 f    CIL library: CIL module
 0001:0004d190       ??__F?s_id@?$TObjectUniqueID@URMultiImage@stdlib@lib2d@modules@UModSys@@@tl@UModSys@@2USUniquePointer@core@3@A@@YAXXZ 000000018004e190 f    CIL library: CIL module
 0001:0004d1a0       ??__F?s_id@?$TObjectUniqueID@URImageFactory_Memory@stdlib@lib2d@modules@UModSys@@@tl@UModSys@@2USUniquePointer@core@3@A@@YAXXZ 000000018004e1a0 f    CIL library: CIL module
 0001:0004d1b0       ??__F?s_id@?$TObjectUniqueID@URImage_Memory@stdlib@lib2d@modules@UModSys@@@tl@UModSys@@2USUniquePointer@core@3@A@@YAXXZ 000000018004e1b0 f    CIL library: CIL module
 0001:0004d1c0       ??__Fs_dbg@SDL_GL@ui@modules@UModSys@@YAXXZ 000000018004e1c0 f    CIL library: CIL module
 0001:0004d1d0       ??__F?s_modreg@RModuleReg@SDL_GL@ui@modules@UModSys@@2U12345@A@@YAXXZ 000000018004e1d0 f    CIL library: CIL module
 0001:0004d1f0       ??__F?s_modreg_chain@RModuleReg@SDL_GL@ui@modules@UModSys@@2USModuleRegChain@base@5@A@@YAXXZ 000000018004e1f0 f    CIL library: CIL module
 0001:0004d200       ??__F?s_uid@RGenerator@SDL_GL@ui@modules@UModSys@@2USUniquePointer@core@5@A@@YAXXZ 000000018004e200 f    CIL library: CIL module
 0001:0004d210       ??__Fh@?1??s_holder@RGenerator@SDL_GL@ui@modules@UModSys@@SAAEAU?$TTypeStaticHolder@URGenerator@SDL_GL@ui@modules@UModSys@@@tl@5@XZ@YAXXZ 000000018004e210 f    CIL library: CIL module
 0001:0004d240       ??__F?s_id@?$TObjectUniqueID@URGenerator@SDL_GL@ui@modules@UModSys@@@tl@UModSys@@2USUniquePointer@core@3@A@@YAXXZ 000000018004e240 f    CIL library: CIL module
 0001:0004d250       ??__F?s_id@?$TObjectUniqueID@URVertexArray@SDL_GL@ui@modules@UModSys@@@tl@UModSys@@2USUniquePointer@core@3@A@@YAXXZ 000000018004e250 f    CIL library: CIL module
 0001:0004d260       ??__F?s_id@?$TObjectUniqueID@URTerminalX@SDL_GL@ui@modules@UModSys@@@tl@UModSys@@2USUniquePointer@core@3@A@@YAXXZ 000000018004e260 f    CIL library: CIL module
 0001:0004d270       ??__F?s_id@?$TObjectUniqueID@URRenderDriver3D@SDL_GL@ui@modules@UModSys@@@tl@UModSys@@2USUniquePointer@core@3@A@@YAXXZ 000000018004e270 f    CIL library: CIL module
 0001:0004d280       ??__F?s_id@?$TObjectUniqueID@URMultiImage2D_SDL_ttf@SDL_GL@ui@modules@UModSys@@@tl@UModSys@@2USUniquePointer@core@3@A@@YAXXZ 000000018004e280 f    CIL library: CIL module
 0001:0004d290       ??__F?s_id@?$TObjectUniqueID@URTerminal@SDL_GL@ui@modules@UModSys@@@tl@UModSys@@2USUniquePointer@core@3@A@@YAXXZ 000000018004e290 f    CIL library: CIL module
 0001:0004d2a0       ??__F?s_id@?$TObjectUniqueID@URMouseController@SDL_GL@ui@modules@UModSys@@@tl@UModSys@@2USUniquePointer@core@3@A@@YAXXZ 000000018004e2a0 f    CIL library: CIL module
 0001:0004d2b0       ??__F?s_id@?$TObjectUniqueID@URKeyboardController@SDL_GL@ui@modules@UModSys@@@tl@UModSys@@2USUniquePointer@core@3@A@@YAXXZ 000000018004e2b0 f    CIL library: CIL module
 0001:0004d2c0       ??__Fs_dbg@SDL_core@ui@modules@UModSys@@YAXXZ 000000018004e2c0 f    CIL library: CIL module
 0001:0004d2d0       ??__F?s_modreg@RModuleReg@SDL_core@ui@modules@UModSys@@2U12345@A@@YAXXZ 000000018004e2d0 f    CIL library: CIL module
 0001:0004d2f0       ??__F?s_modreg_chain@RModuleReg@SDL_core@ui@modules@UModSys@@2USModuleRegChain@base@5@A@@YAXXZ 000000018004e2f0 f    CIL library: CIL module
 0001:0004d300       ??__F?s_uid@RGenerator@SDL_core@ui@modules@UModSys@@2USUniquePointer@core@5@A@@YAXXZ 000000018004e300 f    CIL library: CIL module
 0001:0004d310       ??__Fh@?1??s_holder@RGenerator@SDL_core@ui@modules@UModSys@@SAAEAU?$TTypeStaticHolder@URGenerator@SDL_core@ui@modules@UModSys@@@tl@5@XZ@YAXXZ 000000018004e310 f    CIL library: CIL module
 0001:0004d340       ??__F?s_id@?$TObjectUniqueID@URGenerator@SDL_core@ui@modules@UModSys@@@tl@UModSys@@2USUniquePointer@core@3@A@@YAXXZ 000000018004e340 f    CIL library: CIL module
 0001:0004d350       ??__F?s_id@?$TObjectUniqueID@URTerminalX@SDL_core@ui@modules@UModSys@@@tl@UModSys@@2USUniquePointer@core@3@A@@YAXXZ 000000018004e350 f    CIL library: CIL module
 0001:0004d360       ??__F?s_id@?$TObjectUniqueID@URRenderDriver2D@SDL_core@ui@modules@UModSys@@@tl@UModSys@@2USUniquePointer@core@3@A@@YAXXZ 000000018004e360 f    CIL library: CIL module
 0001:0004d370       ??__F?s_id@?$TObjectUniqueID@URMultiImage2D_SDL_ttf@SDL_core@ui@modules@UModSys@@@tl@UModSys@@2USUniquePointer@core@3@A@@YAXXZ 000000018004e370 f    CIL library: CIL module
 0001:0004d380       ??__F?s_id@?$TObjectUniqueID@URTerminal@SDL_core@ui@modules@UModSys@@@tl@UModSys@@2USUniquePointer@core@3@A@@YAXXZ 000000018004e380 f    CIL library: CIL module
 0001:0004d390       ??__F?s_id@?$TObjectUniqueID@URMouseController@SDL_core@ui@modules@UModSys@@@tl@UModSys@@2USUniquePointer@core@3@A@@YAXXZ 000000018004e390 f    CIL library: CIL module
 0001:0004d3a0       ??__F?s_id@?$TObjectUniqueID@URKeyboardController@SDL_core@ui@modules@UModSys@@@tl@UModSys@@2USUniquePointer@core@3@A@@YAXXZ 000000018004e3a0 f    CIL library: CIL module
 0001:0004d3b0       ??__Fs_dbg@frames@ui@modules@UModSys@@YAXXZ 000000018004e3b0 f    CIL library: CIL module
 0001:0004d3c0       ??__F?s_modreg@RModuleReg@frames@ui@modules@UModSys@@2U12345@A@@YAXXZ 000000018004e3c0 f    CIL library: CIL module
 0001:0004d3e0       ??__F?s_modreg_chain@RModuleReg@frames@ui@modules@UModSys@@2USModuleRegChain@base@5@A@@YAXXZ 000000018004e3e0 f    CIL library: CIL module
 0001:0004d3f0       ??__F?s_uid@RGenerator@frames@ui@modules@UModSys@@2USUniquePointer@core@5@A@@YAXXZ 000000018004e3f0 f    CIL library: CIL module
 0001:0004d400       ??__Fh@?1??s_holder@RGenerator@frames@ui@modules@UModSys@@SAAEAU?$TTypeStaticHolder@URGenerator@frames@ui@modules@UModSys@@@tl@5@XZ@YAXXZ 000000018004e400 f    CIL library: CIL module
 0001:0004d430       ??__F?s_id@?$TObjectUniqueID@URGenerator@frames@ui@modules@UModSys@@@tl@UModSys@@2USUniquePointer@core@3@A@@YAXXZ 000000018004e430 f    CIL library: CIL module
 0001:0004d440       ??__F?s_id@?$TObjectUniqueID@URCollector@frames@ui@modules@UModSys@@@tl@UModSys@@2USUniquePointer@core@3@A@@YAXXZ 000000018004e440 f    CIL library: CIL module
 0001:0004d450       ??__F?s_id@?$TObjectUniqueID@URFrame_List@frames@ui@modules@UModSys@@@tl@UModSys@@2USUniquePointer@core@3@A@@YAXXZ 000000018004e450 f    CIL library: CIL module
 0001:0004d460       ??__F?s_id@?$TObjectUniqueID@URFrame_Edit@frames@ui@modules@UModSys@@@tl@UModSys@@2USUniquePointer@core@3@A@@YAXXZ 000000018004e460 f    CIL library: CIL module
 0001:0004d470       ??__F?s_id@?$TObjectUniqueID@URFrame_Button@frames@ui@modules@UModSys@@@tl@UModSys@@2USUniquePointer@core@3@A@@YAXXZ 000000018004e470 f    CIL library: CIL module
 0001:0004d480       ??__F?s_id@?$TObjectUniqueID@URFrame_Text@frames@ui@modules@UModSys@@@tl@UModSys@@2USUniquePointer@core@3@A@@YAXXZ 000000018004e480 f    CIL library: CIL module
 0001:0004d490       ??__F?s_id@?$TObjectUniqueID@URFrame_Image@frames@ui@modules@UModSys@@@tl@UModSys@@2USUniquePointer@core@3@A@@YAXXZ 000000018004e490 f    CIL library: CIL module
 0001:0004d4a0       ??__F?s_id@?$TObjectUniqueID@URFrame_Frame@frames@ui@modules@UModSys@@@tl@UModSys@@2USUniquePointer@core@3@A@@YAXXZ 000000018004e4a0 f    CIL library: CIL module
 0001:0004d4b0       ??__F?s_id@?$TObjectUniqueID@URDialog@frames@ui@modules@UModSys@@@tl@UModSys@@2USUniquePointer@core@3@A@@YAXXZ 000000018004e4b0 f    CIL library: CIL module
 0001:0004d4c0       ??__F?s_id@?$TObjectUniqueID@URFrame_Common@frames@ui@modules@UModSys@@@tl@UModSys@@2USUniquePointer@core@3@A@@YAXXZ 000000018004e4c0 f    CIL library: CIL module
 0001:0004d4d0       ??__Fs_dbg@images_std@media@modules@UModSys@@YAXXZ 000000018004e4d0 f    CIL library: CIL module
 0001:0004d4e0       ??__F?s_modreg@RModuleReg@images_std@media@modules@UModSys@@2U12345@A@@YAXXZ 000000018004e4e0 f    CIL library: CIL module
 0001:0004d500       ??__F?s_modreg_chain@RModuleReg@images_std@media@modules@UModSys@@2USModuleRegChain@base@5@A@@YAXXZ 000000018004e500 f    CIL library: CIL module
 0001:0004d510       ??__F?s_uid@RGenerator@images_std@media@modules@UModSys@@2USUniquePointer@core@5@A@@YAXXZ 000000018004e510 f    CIL library: CIL module
 0001:0004d520       ??__Fh@?1??s_holder@RGenerator@images_std@media@modules@UModSys@@SAAEAU?$TTypeStaticHolder@URGenerator@images_std@media@modules@UModSys@@@tl@5@XZ@YAXXZ 000000018004e520 f    CIL library: CIL module
 0001:0004d550       ??__F?s_id@?$TObjectUniqueID@URGenerator@images_std@media@modules@UModSys@@@tl@UModSys@@2USUniquePointer@core@3@A@@YAXXZ 000000018004e550 f    CIL library: CIL module
 0001:0004d560       ??__F?s_id@?$TObjectUniqueID@URMediaFilter@images_std@media@modules@UModSys@@@tl@UModSys@@2USUniquePointer@core@3@A@@YAXXZ 000000018004e560 f    CIL library: CIL module
 0001:0004d570       ??__Fs_dbg@serialize_json@media@modules@UModSys@@YAXXZ 000000018004e570 f    CIL library: CIL module
 0001:0004d580       ??__F?s_modreg@RModuleReg@serialize_json@media@modules@UModSys@@2U12345@A@@YAXXZ 000000018004e580 f    CIL library: CIL module
 0001:0004d5a0       ??__F?s_modreg_chain@RModuleReg@serialize_json@media@modules@UModSys@@2USModuleRegChain@base@5@A@@YAXXZ 000000018004e5a0 f    CIL library: CIL module
 0001:0004d5b0       ??__F?s_uid@RGenerator@serialize_json@media@modules@UModSys@@2USUniquePointer@core@5@A@@YAXXZ 000000018004e5b0 f    CIL library: CIL module
 0001:0004d5c0       ??__Fh@?1??s_holder@RGenerator@serialize_json@media@modules@UModSys@@SAAEAU?$TTypeStaticHolder@URGenerator@serialize_json@media@modules@UModSys@@@tl@5@XZ@YAXXZ 000000018004e5c0 f    CIL library: CIL module
 0001:0004d5f0       ??__F?s_id@?$TObjectUniqueID@URGenerator@serialize_json@media@modules@UModSys@@@tl@UModSys@@2USUniquePointer@core@3@A@@YAXXZ 000000018004e5f0 f    CIL library: CIL module
 0001:0004d600       ??__F?s_id@?$TObjectUniqueID@URSerializeWriter@serialize_json@media@modules@UModSys@@@tl@UModSys@@2USUniquePointer@core@3@A@@YAXXZ 000000018004e600 f    CIL library: CIL module
 0001:0004d610       ??__F?s_id@?$TObjectUniqueID@URSerializeReader@serialize_json@media@modules@UModSys@@@tl@UModSys@@2USUniquePointer@core@3@A@@YAXXZ 000000018004e610 f    CIL library: CIL module
 0001:0004d620       ??__Fs_dbg@zlib@media@modules@UModSys@@YAXXZ 000000018004e620 f    CIL library: CIL module
 0001:0004d630       ??__F?s_modreg@RModuleReg@zlib@media@modules@UModSys@@2U12345@A@@YAXXZ 000000018004e630 f    CIL library: CIL module
 0001:0004d650       ??__F?s_modreg_chain@RModuleReg@zlib@media@modules@UModSys@@2USModuleRegChain@base@5@A@@YAXXZ 000000018004e650 f    CIL library: CIL module
 0001:0004d660       ??__F?s_uid@RGenerator@zlib@media@modules@UModSys@@2USUniquePointer@core@5@A@@YAXXZ 000000018004e660 f    CIL library: CIL module
 0001:0004d670       ??__Fh@?1??s_holder@RGenerator@zlib@media@modules@UModSys@@SAAEAU?$TTypeStaticHolder@URGenerator@zlib@media@modules@UModSys@@@tl@5@XZ@YAXXZ 000000018004e670 f    CIL library: CIL module
 0001:0004d6a0       ??__F?s_id@?$TObjectUniqueID@URGenerator@zlib@media@modules@UModSys@@@tl@UModSys@@2USUniquePointer@core@3@A@@YAXXZ 000000018004e6a0 f    CIL library: CIL module
 0001:0004d6b0       ??__F?s_id@?$TObjectUniqueID@URBinArchiveFrameClient_ZIP@zlib@media@modules@UModSys@@@tl@UModSys@@2USUniquePointer@core@3@A@@YAXXZ 000000018004e6b0 f    CIL library: CIL module
 0001:0004d6c0       ??__FM@UModSys@@YAXXZ      000000018004e6c0 f    CIL library: CIL module
 0001:0004d6d0       ??__F?root@SModuleRegChain@base@UModSys@@2U123@A@@YAXXZ 000000018004e6d0 f    CIL library: CIL module
 0001:0004d6e0       ??__F?s_library@RModuleLibraryReg_Chain@base@UModSys@@2U123@A@@YAXXZ 000000018004e6e0 f    CIL library: CIL module
 0001:0004d6f0       ??__F?root@SUniquePointer@core@UModSys@@2U123@A@@YAXXZ 000000018004e6f0 f    CIL library: CIL module

 Exports

  ordinal    name

        1    UModSys_Plugin_Entry2
