 plugin_test1

 Timestamp is 52666492 (Tue Oct 22 14:42:10 2013)

 Preferred load address is 0000000180000000

 Start         Length     Name                   Class
 0001:00000000 0000239cH .text                   CODE
 0001:000023a0 0000025cH .text$x                 CODE
 0001:00002600 000006b2H .text$yc                CODE
 0001:00002cc0 000001fcH .text$yd                CODE
 0002:00000000 000000e8H .idata$5                DATA
 0002:000000e8 00000008H .CRT$XCA                DATA
 0002:000000f0 000002d8H .CRT$XCU                DATA
 0002:000003c8 00000008H .CRT$XCZ                DATA
 0002:000003d0 00000008H .CRT$XIA                DATA
 0002:000003d8 00000008H .CRT$XIAA               DATA
 0002:000003e0 00000008H .CRT$XIZ                DATA
 0002:000003f0 00000958H .rdata                  DATA
 0002:00000d48 000005acH .rdata$r                DATA
 0002:000012f8 00000008H .rtc$IAA                DATA
 0002:00001300 00000008H .rtc$IZZ                DATA
 0002:00001308 00000008H .rtc$TAA                DATA
 0002:00001310 00000008H .rtc$TZZ                DATA
 0002:00001318 0000043cH .xdata                  DATA
 0002:00001754 00000028H .idata$2                DATA
 0002:0000177c 00000014H .idata$3                DATA
 0002:00001790 000000e8H .idata$4                DATA
 0002:00001878 00000214H .idata$6                DATA
 0002:00001a90 00000059H .edata                  DATA
 0003:00000000 000002e8H .data                   DATA
 0003:000002f0 00000588H .bss                    DATA
 0004:00000000 0000054cH .pdata                  DATA

  Address         Publics by Value              Rva+Base               Lib:Object

 0000:00000000       ___safe_se_handler_table   0000000000000000     <absolute>
 0000:00000000       ___safe_se_handler_count   0000000000000000     <absolute>
 0000:00000000       __ImageBase                0000000180000000     <linker-defined>
 0001:00000000       ??1SCMemShared@core@UModSys@@QEAA@XZ 0000000180001000 f i plugin_test1.obj
 0001:00000020       ??3IRoot@core@UModSys@@SAXPEAXAEBUSIMemAlloc@12@@Z 0000000180001020 f i plugin_test1.obj
 0001:00000030       ?get_interface_info@RTest1_Shell@test1@test@modules@UModSys@@UEBAAEBUSUniquePointerInfo@core@5@XZ 0000000180001030 f i plugin_test1.obj
 0001:00000040       ?get_interface_type@RTest1_Shell@test1@test@modules@UModSys@@UEBAPEBUSUniquePointerInfo@core@5@XZ 0000000180001040 f i plugin_test1.obj
 0001:00000050       ?get_interface_types@RTest1_Shell@test1@test@modules@UModSys@@UEBA_KAEAUSUniquePtrList@core@5@@Z 0000000180001050 f i plugin_test1.obj
 0001:00000050       ?get_interface_types@RGenerator@test1@test@modules@UModSys@@UEBA_KAEAUSUniquePtrList@core@5@@Z 0000000180001050 f i plugin_test1.obj
 0001:00000060       ?get_other_interface@RTest1_Shell@test1@test@modules@UModSys@@UEBAPEBUIRoot@core@5@PEBUSUniquePointerInfo@75@@Z 0000000180001060 f i plugin_test1.obj
 0001:00000060       ?get_other_interface@RTest1_Shell@test1@test@modules@UModSys@@UEAAPEAUIRoot@core@5@PEBUSUniquePointerInfo@75@@Z 0000000180001060 f i plugin_test1.obj
 0001:00000090       ?ref_add@RGenerator@test1@test@modules@UModSys@@UEBAXXZ 0000000180001090 f i plugin_test1.obj
 0001:00000090       ?ref_add@RTest1_Shell@test1@test@modules@UModSys@@UEBAXXZ 0000000180001090 f i plugin_test1.obj
 0001:000000a0       ?suicide@RTest1_Shell@test1@test@modules@UModSys@@UEAAXXZ 00000001800010a0 f i plugin_test1.obj
 0001:000000f0       ?dump_str@RTest1_Shell@test1@test@modules@UModSys@@QEAAXPEBD_K@Z 00000001800010f0 f i plugin_test1.obj
 0001:00000490       ?file_test4@RTest1_Shell@test1@test@modules@UModSys@@QEAAXXZ 0000000180001490 f i plugin_test1.obj
 0001:00000940       ??0RTest1_Shell@test1@test@modules@UModSys@@QEAA@PEAUIModObject@base@4@@Z 0000000180001940 f i plugin_test1.obj
 0001:00000a50       ??1RTest1_Shell@test1@test@modules@UModSys@@UEAA@XZ 0000000180001a50 f i plugin_test1.obj
 0001:00000ad0       ?connect@RTest1_Shell@test1@test@modules@UModSys@@UEAA_NXZ 0000000180001ad0 f i plugin_test1.obj
 0001:00000b00       ?disconnect@RTest1_Shell@test1@test@modules@UModSys@@UEAA_NXZ 0000000180001b00 f i plugin_test1.obj
 0001:00000b30       ?process_tick@RTest1_Shell@test1@test@modules@UModSys@@UEAA_NAEBUSTimeMsec@core@5@@Z 0000000180001b30 f i plugin_test1.obj
 0001:00000b70       ?process_command@RTest1_Shell@test1@test@modules@UModSys@@UEAA_NHQEBU?$TString@U?$TSCoreConst@D@su@tl@UModSys@@U?$TComparerBinaryHash@D@234@@tl@5@@Z 0000000180001b70 f i plugin_test1.obj
 0001:00000ba0       ??1?$TParametersA@$0EAA@@core@UModSys@@QEAA@XZ 0000000180001ba0 f i plugin_test1.obj
 0001:00000bc0       ??1SMountPoint@ILibraryBinTree@libmedia@UModSys@@QEAA@XZ 0000000180001bc0 f i plugin_test1.obj
 0001:00000bf0       ??_ERTest1_Shell@test1@test@modules@UModSys@@UEAAPEAXI@Z 0000000180001bf0 f i  CIL library: CIL module
 0001:00000bf0       ??_GRTest1_Shell@test1@test@modules@UModSys@@UEAAPEAXI@Z 0000000180001bf0 f i plugin_test1.obj
 0001:00000c20       ??1IShell@base@UModSys@@UEAA@XZ 0000000180001c20 f i plugin_test1.obj
 0001:00000c30       ??_EIRefObject@core@UModSys@@UEAAPEAXI@Z 0000000180001c30 f i  CIL library: CIL module
 0001:00000c30       ??_GRGenerator@test1@test@modules@UModSys@@UEAAPEAXI@Z 0000000180001c30 f i plugin_test1.obj
 0001:00000c30       ??_GIRefObject@core@UModSys@@UEAAPEAXI@Z 0000000180001c30 f i plugin_test1.obj
 0001:00000c30       ??_ERGenerator@test1@test@modules@UModSys@@UEAAPEAXI@Z 0000000180001c30 f i  CIL library: CIL module
 0001:00000c60       ??_GIRoot@core@UModSys@@UEAAPEAXI@Z 0000000180001c60 f i plugin_test1.obj
 0001:00000c60       ??_EIRoot@core@UModSys@@UEAAPEAXI@Z 0000000180001c60 f i  CIL library: CIL module
 0001:00000c90       ?get_generated_names@RGenerator@test1@test@modules@UModSys@@UEBAHAEAUSUniquePtrList@core@5@@Z 0000000180001c90 f i plugin_test1.obj
 0001:00000cb0       ?get_generated_types@RGenerator@test1@test@modules@UModSys@@UEBAHAEAUSUniquePtrList@core@5@PEBUSUniquePointerInfo@75@@Z 0000000180001cb0 f i plugin_test1.obj
 0001:00000d10       ?generate@RGenerator@test1@test@modules@UModSys@@UEAA_NAEAU?$TRefObject@UIRefObject@core@UModSys@@U?$TRefObjectFunc@UIRefObject@core@UModSys@@@tl@3@@tl@5@PEBUSUniquePointerInfo@core@5@AEBUSParameters@95@@Z 0000000180001d10 f i plugin_test1.obj
 0001:00000db0       ?get_interface_info@RGenerator@test1@test@modules@UModSys@@UEBAAEBUSUniquePointerInfo@core@5@XZ 0000000180001db0 f i plugin_test1.obj
 0001:00000dc0       ?get_interface_type@RGenerator@test1@test@modules@UModSys@@UEBAPEBUSUniquePointerInfo@core@5@XZ 0000000180001dc0 f i plugin_test1.obj
 0001:00000dd0       ?get_other_interface@RGenerator@test1@test@modules@UModSys@@UEAAPEAUIRoot@core@5@PEBUSUniquePointerInfo@75@@Z 0000000180001dd0 f i plugin_test1.obj
 0001:00000dd0       ?get_other_interface@RGenerator@test1@test@modules@UModSys@@UEBAPEBUIRoot@core@5@PEBUSUniquePointerInfo@75@@Z 0000000180001dd0 f i plugin_test1.obj
 0001:00000e10       ?ref_remove@RGenerator@test1@test@modules@UModSys@@UEBAXXZ 0000000180001e10 f i plugin_test1.obj
 0001:00000e10       ?ref_remove@RTest1_Shell@test1@test@modules@UModSys@@UEBAXXZ 0000000180001e10 f i plugin_test1.obj
 0001:00000e30       ?ref_links@RTest1_Shell@test1@test@modules@UModSys@@UEBAHXZ 0000000180001e30 f i plugin_test1.obj
 0001:00000e30       ?ref_links@RGenerator@test1@test@modules@UModSys@@UEBAHXZ 0000000180001e30 f i plugin_test1.obj
 0001:00000e40       ?ref_weak@RGenerator@test1@test@modules@UModSys@@UEBA_NAEAUWeakPointer@IRefObject@core@5@@Z 0000000180001e40 f i plugin_test1.obj
 0001:00000e40       ?ref_weak@RTest1_Shell@test1@test@modules@UModSys@@UEBA_NAEAUWeakPointer@IRefObject@core@5@@Z 0000000180001e40 f i plugin_test1.obj
 0001:00000e60       ?suicide@RGenerator@test1@test@modules@UModSys@@UEAAXXZ 0000000180001e60 f i plugin_test1.obj
 0001:00000e70       ?get_uid@RGenerator@test1@test@modules@UModSys@@UEBAPEBUSUniquePointerInfo@core@5@XZ 0000000180001e70 f i plugin_test1.obj
 0001:00000e80       ?do_open@RModuleReg@test1@test@modules@UModSys@@UEAA_NXZ 0000000180001e80 f i plugin_test1.obj
 0001:00000eb0       ?do_close@RModuleReg@test1@test@modules@UModSys@@UEAA_NXZ 0000000180001eb0 f i plugin_test1.obj
 0001:00000ee0       ??_ERModuleReg@test1@test@modules@UModSys@@UEAAPEAXI@Z 0000000180001ee0 f i  CIL library: CIL module
 0001:00000ee0       ??_GRModuleReg@test1@test@modules@UModSys@@UEAAPEAXI@Z 0000000180001ee0 f i plugin_test1.obj
 0001:00000f10       ??1?$TRefObject@UIBinArchive@libmedia@UModSys@@U?$TRefObjectFunc@UIBinArchive@libmedia@UModSys@@@tl@3@@tl@UModSys@@QEAA@XZ 0000000180001f10 f i plugin_test1.obj
 0001:00000f10       ??1?$TRefObject@UIRefObject@core@UModSys@@U?$TRefObjectFunc@UIRefObject@core@UModSys@@@tl@3@@tl@UModSys@@QEAA@XZ 0000000180001f10 f i plugin_test1.obj
 0001:00000f10       ??1?$TRefObject@UILibraryBinTree@libmedia@UModSys@@U?$TRefObjectFunc@UILibraryBinTree@libmedia@UModSys@@@tl@3@@tl@UModSys@@QEAA@XZ 0000000180001f10 f i plugin_test1.obj
 0001:00000f40       ??$shash@D@su@tl@UModSys@@YAHPEBD_K@Z 0000000180001f40 f i plugin_test1.obj
 0001:00000f70       ??1?$TRefObject@UIModObject@base@UModSys@@U?$TModObjectFunc@UIModObject@base@UModSys@@@tl@3@@tl@UModSys@@QEAA@XZ 0000000180001f70 f i plugin_test1.obj
 0001:00000fa0       ??_ERModuleLibraryReg_Chain@base@UModSys@@UEAAPEAXI@Z 0000000180001fa0 f i  CIL library: CIL module
 0001:00000fa0       ??_GRModuleLibraryReg_Chain@base@UModSys@@UEAAPEAXI@Z 0000000180001fa0 f i umodsys_lib_base:umodsys.base.moduleregchain.obj
 0001:00000fd0       ??_GIModuleReg@base@UModSys@@UEAAPEAXI@Z 0000000180001fd0 f i umodsys_lib_base:umodsys.base.modulereg.obj
 0001:00000fd0       ??_EIModuleReg@base@UModSys@@UEAAPEAXI@Z 0000000180001fd0 f i  CIL library: CIL module
 0001:00001000       ??_EIModuleLibraryReg@base@UModSys@@UEAAPEAXI@Z 0000000180002000 f i  CIL library: CIL module
 0001:00001000       ??_GIModuleLibraryReg@base@UModSys@@UEAAPEAXI@Z 0000000180002000 f i umodsys_lib_base:umodsys.base.modulereg.obj
 0001:00001024       _onexit                    0000000180002024 f   MSVCRT:atonexit.obj
 0001:000010d4       atexit                     00000001800020d4 f   MSVCRT:atonexit.obj
 0001:000010ec       _purecall                  00000001800020ec f   MSVCRT:MSVCR90.dll
 0001:000010f2       ??3@YAXPEAX@Z              00000001800020f2 f   MSVCRT:MSVCR90.dll
 0001:000010f8       ??_Etype_info@@UEAAPEAXI@Z 00000001800020f8 f i MSVCRT:ti_inst.obj
 0001:000011c4       _CRT_INIT                  00000001800021c4 f   MSVCRT:crtdll.obj
 0001:00001558       _DllMainCRTStartup         0000000180002558 f   MSVCRT:crtdll.obj
 0001:00001596       __C_specific_handler       0000000180002596 f   MSVCRT:MSVCR90.dll
 0001:0000159c       _unlock                    000000018000259c f   MSVCRT:MSVCR90.dll
 0001:000015a2       __dllonexit                00000001800025a2 f   MSVCRT:MSVCR90.dll
 0001:000015a8       _lock                      00000001800025a8 f   MSVCRT:MSVCR90.dll
 0001:000015b0       ?__ArrayUnwind@@YAXPEAX_KHP6AX0@Z@Z 00000001800025b0 f   MSVCRT:ehvecdtr.obj
 0001:000015fc       ??_M@YAXPEAX_KHP6AX0@Z@Z   00000001800025fc f   MSVCRT:ehvecdtr.obj
 0001:0000165c       __clean_type_info_names    000000018000265c f   MSVCRT:tncleanup.obj
 0001:00001668       _RTC_Initialize            0000000180002668 f   MSVCRT:_initsect_.obj
 0001:000016a0       _RTC_Terminate             00000001800026a0 f   MSVCRT:_initsect_.obj
 0001:000016e0       _ValidateImageBase         00000001800026e0 f   MSVCRT:pesect.obj
 0001:00001710       _FindPESection             0000000180002710 f   MSVCRT:pesect.obj
 0001:00001760       _IsNonwritableInCurrentImage 0000000180002760 f   MSVCRT:pesect.obj
 0001:000017a2       _initterm                  00000001800027a2 f   MSVCRT:MSVCR90.dll
 0001:000017a8       _initterm_e                00000001800027a8 f   MSVCRT:MSVCR90.dll
 0001:000017ae       _amsg_exit                 00000001800027ae f   MSVCRT:MSVCR90.dll
 0001:000017b4       __CppXcptFilter            00000001800027b4 f   MSVCRT:MSVCR90.dll
 0001:000017bc       DllMain                    00000001800027bc f   MSVCRT:dllmain.obj
 0001:000017e0       __security_init_cookie     00000001800027e0 f   MSVCRT:gs_support.obj
 0001:00001894       ?terminate@@YAXXZ          0000000180002894 f   MSVCRT:MSVCR90.dll
 0001:0000189a       ??1type_info@@UEAA@XZ      000000018000289a f   MSVCRT:MSVCR90.dll
 0001:0000189a       ?_type_info_dtor_internal_method@type_info@@QEAAXXZ 000000018000289a f   MSVCRT:MSVCR90.dll
 0001:000018a0       __clean_type_info_names_internal 00000001800028a0 f   MSVCRT:MSVCR90.dll
 0001:000018b0       ??3IRoot@core@UModSys@@SAXPEAX@Z 00000001800028b0 f   umodsys_lib_core:umodsys.core.objects.obj
 0001:000018f0       ??3IRoot@core@UModSys@@SAXPEAXPEAUIMemAlloc@12@@Z 00000001800028f0 f   umodsys_lib_core:umodsys.core.objects.obj
 0001:00001930       ??2IRoot@core@UModSys@@SAPEAX_KPEAUIMemAlloc@12@@Z 0000000180002930 f   umodsys_lib_core:umodsys.core.objects.obj
 0001:00001970       ?suicide@IRoot@core@UModSys@@UEAAXXZ 0000000180002970 f   umodsys_lib_core:umodsys.core.objects.obj
 0001:00001990       ??1IRoot@core@UModSys@@UEAA@XZ 0000000180002990 f   umodsys_lib_core:umodsys.core.objects.obj
 0001:000019b0       ??1IRefObject@core@UModSys@@UEAA@XZ 00000001800029b0 f   umodsys_lib_core:umodsys.core.objects.obj
 0001:000019c0       ?s_unresolve@SUniquePointer@core@UModSys@@SAXPEAUIUniquePointerResolver@23@@Z 00000001800029c0 f   umodsys_lib_core:umodsys.core.uniqueptr.obj
 0001:00001a30       ?s_resolve@SUniquePointer@core@UModSys@@SAXPEAUIUniquePointerResolver@23@@Z 0000000180002a30 f   umodsys_lib_core:umodsys.core.uniqueptr.obj
 0001:00001ab0       ??1SUniquePointer@core@UModSys@@QEAA@XZ 0000000180002ab0 f   umodsys_lib_core:umodsys.core.uniqueptr.obj
 0001:00001ae0       ??0SUniquePointer@core@UModSys@@QEAA@H@Z 0000000180002ae0 f   umodsys_lib_core:umodsys.core.uniqueptr.obj
 0001:00001b10       ??0SUniquePointer@core@UModSys@@QEAA@PEBD0H@Z 0000000180002b10 f   umodsys_lib_core:umodsys.core.uniqueptr.obj
 0001:00001b60       ??1IModuleLibraryReg@base@UModSys@@UEAA@XZ 0000000180002b60 f   umodsys_lib_base:umodsys.base.modulereg.obj
 0001:00001b80       ??0IModuleLibraryReg@base@UModSys@@QEAA@XZ 0000000180002b80 f   umodsys_lib_base:umodsys.base.modulereg.obj
 0001:00001ba0       ?mr_close@IModuleReg@base@UModSys@@UEAA_NXZ 0000000180002ba0 f   umodsys_lib_base:umodsys.base.modulereg.obj
 0001:00001bc0       ?mr_open@IModuleReg@base@UModSys@@UEAA_NXZ 0000000180002bc0 f   umodsys_lib_base:umodsys.base.modulereg.obj
 0001:00001bf0       ?mr_isopen@IModuleReg@base@UModSys@@UEBA_NXZ 0000000180002bf0 f   umodsys_lib_base:umodsys.base.modulereg.obj
 0001:00001c00       ??1IModuleReg@base@UModSys@@UEAA@XZ 0000000180002c00 f   umodsys_lib_base:umodsys.base.modulereg.obj
 0001:00001c20       ??0IModuleReg@base@UModSys@@QEAA@PEBDHH0@Z 0000000180002c20 f   umodsys_lib_base:umodsys.base.modulereg.obj
 0001:00001c80       UModSys_Plugin_Entry2      0000000180002c80 f   umodsys_lib_base:umodsys.so_main.win32.obj
 0001:00001c90       ??1RModuleLibraryReg_Chain@base@UModSys@@UEAA@XZ 0000000180002c90 f   umodsys_lib_base:umodsys.base.moduleregchain.obj
 0001:00001cb0       ??0RModuleLibraryReg_Chain@base@UModSys@@QEAA@XZ 0000000180002cb0 f   umodsys_lib_base:umodsys.base.moduleregchain.obj
 0001:00001ce0       ?s_get@SModuleRegChain@base@UModSys@@SAPEAUIModuleReg@23@_K@Z 0000000180002ce0 f   umodsys_lib_base:umodsys.base.moduleregchain.obj
 0001:00001d20       ??1SModuleRegChain@base@UModSys@@QEAA@XZ 0000000180002d20 f   umodsys_lib_base:umodsys.base.moduleregchain.obj
 0001:00001d50       ??0SModuleRegChain@base@UModSys@@QEAA@AEAUIModuleReg@12@@Z 0000000180002d50 f   umodsys_lib_base:umodsys.base.moduleregchain.obj
 0001:00001db0       ?mlr_isopen@RModuleLibraryReg_Chain@base@UModSys@@UEBA_NXZ 0000000180002db0 f   umodsys_lib_base:umodsys.base.moduleregchain.obj
 0001:00001dd0       ?mlr_close@RModuleLibraryReg_Chain@base@UModSys@@UEAA_NXZ 0000000180002dd0 f   umodsys_lib_base:umodsys.base.moduleregchain.obj
 0001:00001e10       ?mlr_open@RModuleLibraryReg_Chain@base@UModSys@@UEAA_NPEAUISystem@23@PEAUIMemAlloc@core@3@@Z 0000000180002e10 f   umodsys_lib_base:umodsys.base.moduleregchain.obj
 0001:00001e50       ?mlr_get@RModuleLibraryReg_Chain@base@UModSys@@UEBAPEAUIModuleReg@23@_K@Z 0000000180002e50 f   umodsys_lib_base:umodsys.base.moduleregchain.obj
 0001:00001e60       ?mlr_count@RModuleLibraryReg_Chain@base@UModSys@@UEBA_KXZ 0000000180002e60 f   umodsys_lib_base:umodsys.base.moduleregchain.obj
 0001:00001ea0       ??0SModuleRegChain@base@UModSys@@QEAA@H@Z 0000000180002ea0 f   umodsys_lib_base:umodsys.base.moduleregchain.obj
 0001:00001ec0       ??1SModuleInfo@base@UModSys@@QEAA@XZ 0000000180002ec0 f   umodsys_lib_base:umodsys.base.moduleinfo.obj
 0001:00001ed0       ?set@SModuleInfo@base@UModSys@@QEAAXPEBDHH0@Z 0000000180002ed0 f   umodsys_lib_base:umodsys.base.moduleinfo.obj
 0001:00001f70       ??0SModuleInfo@base@UModSys@@QEAA@PEBDHH0@Z 0000000180002f70 f   umodsys_lib_base:umodsys.base.moduleinfo.obj
 0001:00002010       ?unlink@SMemorySharedData@core@UModSys@@QEAAXPEBUSSourceContext@23@@Z 0000000180003010 f   umodsys_lib_base:umodsys.base.modulecontext.obj
 0001:00002040       ?Link@SModuleContext@base@UModSys@@QEAAXPEAUISystem@23@PEAUIMemAlloc@core@3@@Z 0000000180003040 f   umodsys_lib_base:umodsys.base.modulecontext.obj
 0001:000020e0       ??1SModuleContext@base@UModSys@@QEAA@XZ 00000001800030e0 f   umodsys_lib_base:umodsys.base.modulecontext.obj
 0001:000020f0       ?get_paramworker@SParameters@core@UModSys@@KAPEAUIParameters@23@XZ 00000001800030f0 f   umodsys_lib_base:umodsys.base.modulecontext.obj
 0001:00002110       ??0SModuleContext@base@UModSys@@QEAA@XZ 0000000180003110 f   umodsys_lib_base:umodsys.base.modulecontext.obj
 0001:00002140       ?mod_dec@RGenerator@test1@test@modules@UModSys@@UEBA_NXZ 0000000180003140 f   plugin_test1.obj
 0001:00002160       ?mod_inc@RGenerator@test1@test@modules@UModSys@@UEBA_NXZ 0000000180003160 f   plugin_test1.obj
 0001:00002180       ?get_module@RGenerator@test1@test@modules@UModSys@@UEBAPEAUIModule@base@5@XZ 0000000180003180 f   plugin_test1.obj
 0001:00002190       ?s_holder@RGenerator@test1@test@modules@UModSys@@SAAEAU?$TTypeStaticHolder@URGenerator@test1@test@modules@UModSys@@@tl@5@XZ 0000000180003190 f   plugin_test1.obj
 0001:000021e0       ?s_unreg@RGenerator@test1@test@modules@UModSys@@SA_NPEAUIModuleReg@base@5@@Z 00000001800031e0 f   plugin_test1.obj
 0001:00002250       ?s_reg@RGenerator@test1@test@modules@UModSys@@SA_NPEAUIModuleReg@base@5@@Z 0000000180003250 f   plugin_test1.obj
 0001:000022c0       ?add@SUniquePtrList@core@UModSys@@QEAA_NPEBUSUniquePointerInfo@23@@Z 00000001800032c0 f   umodsys_lib_core:umodsys.core.uniqueptrlist.obj
 0001:00002396       __CxxFrameHandler3         0000000180003396 f   MSVCRT:MSVCR90.dll
 0002:00000000       __imp_GetCurrentProcessId  0000000180004000     kernel32:KERNEL32.dll
 0002:00000008       __imp_GetCurrentThreadId   0000000180004008     kernel32:KERNEL32.dll
 0002:00000010       __imp_GetTickCount         0000000180004010     kernel32:KERNEL32.dll
 0002:00000018       __imp_QueryPerformanceCounter 0000000180004018     kernel32:KERNEL32.dll
 0002:00000020       __imp_DisableThreadLibraryCalls 0000000180004020     kernel32:KERNEL32.dll
 0002:00000028       __imp_Sleep                0000000180004028     kernel32:KERNEL32.dll
 0002:00000030       __imp_GetSystemTimeAsFileTime 0000000180004030     kernel32:KERNEL32.dll
 0002:00000038       \177KERNEL32_NULL_THUNK_DATA 0000000180004038     kernel32:KERNEL32.dll
 0002:00000040       __imp__decode_pointer      0000000180004040     MSVCRT:MSVCR90.dll
 0002:00000048       __imp__malloc_crt          0000000180004048     MSVCRT:MSVCR90.dll
 0002:00000050       __imp__initterm            0000000180004050     MSVCRT:MSVCR90.dll
 0002:00000058       __imp__initterm_e          0000000180004058     MSVCRT:MSVCR90.dll
 0002:00000060       __imp_free                 0000000180004060     MSVCRT:MSVCR90.dll
 0002:00000068       __imp__onexit              0000000180004068     MSVCRT:MSVCR90.dll
 0002:00000070       __imp__amsg_exit           0000000180004070     MSVCRT:MSVCR90.dll
 0002:00000078       __imp___CppXcptFilter      0000000180004078     MSVCRT:MSVCR90.dll
 0002:00000080       __imp_?terminate@@YAXXZ    0000000180004080     MSVCRT:MSVCR90.dll
 0002:00000088       __imp_?_type_info_dtor_internal_method@type_info@@QEAAXXZ 0000000180004088     MSVCRT:MSVCR90.dll
 0002:00000090       __imp___clean_type_info_names_internal 0000000180004090     MSVCRT:MSVCR90.dll
 0002:00000098       __imp__lock                0000000180004098     MSVCRT:MSVCR90.dll
 0002:000000a0       __imp__encode_pointer      00000001800040a0     MSVCRT:MSVCR90.dll
 0002:000000a8       __imp___dllonexit          00000001800040a8     MSVCRT:MSVCR90.dll
 0002:000000b0       __imp__unlock              00000001800040b0     MSVCRT:MSVCR90.dll
 0002:000000b8       __imp___C_specific_handler 00000001800040b8     MSVCRT:MSVCR90.dll
 0002:000000c0       __imp_??3@YAXPEAX@Z        00000001800040c0     MSVCRT:MSVCR90.dll
 0002:000000c8       __imp__encoded_null        00000001800040c8     MSVCRT:MSVCR90.dll
 0002:000000d0       __imp__purecall            00000001800040d0     MSVCRT:MSVCR90.dll
 0002:000000d8       __imp___CxxFrameHandler3   00000001800040d8     MSVCRT:MSVCR90.dll
 0002:000000e0       \177MSVCR90_NULL_THUNK_DATA 00000001800040e0     MSVCRT:MSVCR90.dll
 0002:000000e8       __xc_a                     00000001800040e8     MSVCRT:cinitexe.obj
 0002:000003c8       __xc_z                     00000001800043c8     MSVCRT:cinitexe.obj
 0002:000003d0       __xi_a                     00000001800043d0     MSVCRT:cinitexe.obj
 0002:000003e0       __xi_z                     00000001800043e0     MSVCRT:cinitexe.obj
 0002:000003f8       ??_7type_info@@6B@         00000001800043f8     MSVCRT:ti_inst.obj
 0002:00000400       _pDefaultRawDllMain        0000000180004400     MSVCRT:crtdll.obj
 0002:00000400       _pRawDllMain               0000000180004400     MSVCRT:crtdll.obj
 0002:00000408       ??_C@_0P@GHFPNOJB@bad?5allocation?$AA@ 0000000180004408     plugin_test1.obj
 0002:00000418       ??_C@_0BF@OCNNAADO@UModSys?3?3core?3?3IRoot?$AA@ 0000000180004418     plugin_test1.obj
 0002:00000430       ??_C@_0BK@EMIJFOPA@UModSys?3?3core?3?3IRefObject?$AA@ 0000000180004430     plugin_test1.obj
 0002:00000450       ??_C@_0BL@IOMMHELF@UModSys?3?3core?3?3IParameters?$AA@ 0000000180004450     plugin_test1.obj
 0002:00000470       ??_C@_0BH@LKDEEPPM@UModSys?3?3base?3?3IModule?$AA@ 0000000180004470     plugin_test1.obj
 0002:00000488       ??_C@_0BO@PHJOHFCB@UModSys?3?3base?3?3IModuleLibrary?$AA@ 0000000180004488     plugin_test1.obj
 0002:000004a8       ??_C@_0BK@FDPIOPHG@UModSys?3?3base?3?3IModObject?$AA@ 00000001800044a8     plugin_test1.obj
 0002:000004c8       ??_C@_0BK@OIBKNCKJ@UModSys?3?3base?3?3IGenerator?$AA@ 00000001800044c8     plugin_test1.obj
 0002:000004e8       ??_C@_0BG@PJBGCMEC@UModSys?3?3base?3?3IShell?$AA@ 00000001800044e8     plugin_test1.obj
 0002:00000500       ??_C@_0BI@IKAOEFAP@UModSys?3?3base?3?3IConsole?$AA@ 0000000180004500     plugin_test1.obj
 0002:00000518       ??_C@_0BH@PFCONEJJ@UModSys?3?3base?3?3ISystem?$AA@ 0000000180004518     plugin_test1.obj
 0002:00000530       ??_C@_0CB@CLGNFEGF@UModSys?3?3libmedia?3?3IStreamReader@ 0000000180004530     plugin_test1.obj
 0002:00000558       ??_C@_0CB@HOPFFLP@UModSys?3?3libmedia?3?3IStreamWriter@ 0000000180004558     plugin_test1.obj
 0002:00000580       ??_C@_0BP@KCJMEDNO@UModSys?3?3libmedia?3?3IBinArchive?$AA@ 0000000180004580     plugin_test1.obj
 0002:000005a0       ??_C@_0CB@FDEKNMGJ@UModSys?3?3libmedia?3?3IBinObjFilter@ 00000001800045a0     plugin_test1.obj
 0002:000005c8       ??_C@_0BM@DPCMOAPM@UModSys?3?3libmedia?3?3ILibrary?$AA@ 00000001800045c8     plugin_test1.obj
 0002:000005e8       ??_C@_0CD@ELIFEGE@UModSys?3?3libmedia?3?3ILibraryBinTr@ 00000001800045e8     plugin_test1.obj
 0002:00000610       ??_C@_0CE@EGHBJBAJ@UModSys?3?3libmedia?3?3ILibraryBinCa@ 0000000180004610     plugin_test1.obj
 0002:00000638       ??_C@_0CF@LBIGBLOK@UModSys?3?3libmedia?3?3ILibraryObjFi@ 0000000180004638     plugin_test1.obj
 0002:00000660       ??_C@_0CD@LJFEJKGF@UModSys?3?3libmedia?3?3ILibraryLayer@ 0000000180004660     plugin_test1.obj
 0002:00000688       ??_C@_0CM@LNHNHIJB@UModSys?3?3modules?3?3test?3?3test1?3?3R@ 0000000180004688     plugin_test1.obj
 0002:000006b4       ??_C@_06FIJELGDL@?2x?$CF02x?$AA@ 00000001800046b4     plugin_test1.obj
 0002:000006bc       ??_C@_01KICIPPFI@?2?$AA@   00000001800046bc     plugin_test1.obj
 0002:000006c0       ??_C@_02HAOIJKIC@?$CFc?$AA@ 00000001800046c0     plugin_test1.obj
 0002:000006c4       ??_C@_02DKCKIIND@?$CFs?$AA@ 00000001800046c4     plugin_test1.obj
 0002:000006c8       ??_C@_0M@LAGNAJEJ@?$CK?3?3stdio?3?3?$CK?$AA@ 00000001800046c8     plugin_test1.obj
 0002:000006d4       ??_C@_02KGHIDFGE@?$HN?6?$AA@ 00000001800046d4     plugin_test1.obj
 0002:000006d8       ??_C@_01LFCBOECM@?4?$AA@   00000001800046d8     plugin_test1.obj
 0002:000006e0       ??_C@_08PEIJGPHF@pathname?$AA@ 00000001800046e0     plugin_test1.obj
 0002:000006f0       ??_C@_0BL@DDNILKEO@?5?5found?5archive?3?5?$CFs?5?$DN?$DO?5?$CFp?6?$AA@ 00000001800046f0     plugin_test1.obj
 0002:00000710       ??_C@_0BG@GOIHIOKN@?5?5load?5file?5size?3?$CFu?5?$HL?$AA@ 0000000180004710     plugin_test1.obj
 0002:00000728       ??_C@_0BB@DNFOOFNP@?5?5not?5load?5file?6?$AA@ 0000000180004728     plugin_test1.obj
 0002:00000740       ??_C@_09BDJIOBCO@?$CK?3?3std?3?3?$CK?$AA@ 0000000180004740     plugin_test1.obj
 0002:00000750       ??_C@_0CB@FNBGJIKO@?5?5found?5lib?$CIbin?9tree?$CJ?3?5?$CFs?5?$DN?$DO?5?$CFp?6@ 0000000180004750     plugin_test1.obj
 0002:00000774       ??_C@_01KMDKNFGN@?1?$AA@   0000000180004774     plugin_test1.obj
 0002:00000778       ??_C@_0P@PGIPMINA@?1read?9test?4txt?$AA@ 0000000180004778     plugin_test1.obj
 0002:00000788       ??_C@_0BC@NIGGCDMG@RTest1_Shell?$CI?$CJ?5?$HL?6?$AA@ 0000000180004788     plugin_test1.obj
 0002:000007a0       ??_C@_0DK@JIEMIEKA@UModSys?3?3modules?3?3test?3?3test1?3?3R@ 00000001800047a0     plugin_test1.obj
 0002:000007e0       ??_C@_0CK@OICDGBDJ@?4?4?2?4?4?2?4?4?2src?2plugin?2test?2plugin_@ 00000001800047e0     plugin_test1.obj
 0002:00000810       ??_C@_0BF@BMCPNMPN@?$HN?5?1?1?5RTest1_Shell?$CI?$CJ?6?$AA@ 0000000180004810     plugin_test1.obj
 0002:00000828       ??_C@_0DL@OIAHAJF@UModSys?3?3modules?3?3test?3?3test1?3?3R@ 0000000180004828     plugin_test1.obj
 0002:00000868       ??_C@_0BB@MLDFLEML@?$HORTest1_Shell?$CI?$CJ?6?$AA@ 0000000180004868     plugin_test1.obj
 0002:00000880       ??_C@_0BJ@CCPCJEPP@RTest1_Shell?3?3connect?$CI?$CJ?6?$AA@ 0000000180004880     plugin_test1.obj
 0002:000008a0       ??_C@_0BM@KBDBHLN@RTest1_Shell?3?3disconnect?$CI?$CJ?6?$AA@ 00000001800048a0     plugin_test1.obj
 0002:000008c0       ??_C@_0BI@PGLACHLJ@RTest1_Shell?3?3tick?$CI?$CFg?$CJ?6?$AA@ 00000001800048c0     plugin_test1.obj
 0002:000008d8       ??_C@_0BM@JFIEEBE@RTest1_Shell?3?3command?$CI?$CD?$CFd?$CJ?6?$AA@ 00000001800048d8     plugin_test1.obj
 0002:000008f8       ??_C@_0CK@DEJPICLK@UModSys?3?3modules?3?3test?3?3test1?3?3R@ 00000001800048f8     plugin_test1.obj
 0002:00000928       ??_C@_0DD@HMBJLEH@UMODSYS_MODULE_NAME?$CItest?0test1?$CJ?3@ 0000000180004928     plugin_test1.obj
 0002:0000095b       ??_C@_00CNPNBAHC@?$AA@     000000018000495b     plugin_test1.obj
 0002:00000960       ??_C@_0N@FOCLJAHI@tests?3?3test1?$AA@ 0000000180004960     plugin_test1.obj
 0002:00000970       ??_C@_0BA@NMEBLMNE@Test?51?5?9?5module?$AA@ 0000000180004970     plugin_test1.obj
 0002:00000980       ??_C@_05GENPCEMM@Test1?$AA@ 0000000180004980     plugin_test1.obj
 0002:00000988       ??_C@_0BE@HJEBHPIG@RModuleReg?3?3open?$CI?$CJ?6?$AA@ 0000000180004988     plugin_test1.obj
 0002:000009a0       ??_C@_0BF@KIBBFLP@RModuleReg?3?3close?$CI?$CJ?6?$AA@ 00000001800049a0     plugin_test1.obj
 0002:000009b8       ??_C@_09JGNMLHG@modobject?$AA@ 00000001800049b8     plugin_test1.obj
 0002:000009c8       ??_C@_08FCBDOIAH@typeinfo?$AA@ 00000001800049c8     plugin_test1.obj
 0002:000009e8       ??_7IRoot@core@UModSys@@6B@ 00000001800049e8     plugin_test1.obj
 0002:00000a28       ??_7IRefObject@core@UModSys@@6B@ 0000000180004a28     plugin_test1.obj
 0002:00000a88       ??_7RTest1_Shell@test1@test@modules@UModSys@@6B@ 0000000180004a88     plugin_test1.obj
 0002:00000b08       ??_7RGenerator@test1@test@modules@UModSys@@6B@ 0000000180004b08     plugin_test1.obj
 0002:00000ba0       ??_7RModuleReg@test1@test@modules@UModSys@@6B@ 0000000180004ba0     plugin_test1.obj
 0002:00000bd8       ??_7RModuleLibraryReg_Chain@base@UModSys@@6B@ 0000000180004bd8     umodsys_lib_base:umodsys.base.moduleregchain.obj
 0002:00000c10       ??_7IModuleReg@base@UModSys@@6B@ 0000000180004c10     umodsys_lib_base:umodsys.base.modulereg.obj
 0002:00000c48       ??_7IModuleLibraryReg@base@UModSys@@6B@ 0000000180004c48     umodsys_lib_base:umodsys.base.modulereg.obj
 0002:00000c78       __real@3f50624dd2f1a9fc    0000000180004c78      CIL library: CIL module
 0002:00000d48       ??_R4type_info@@6B@        0000000180004d48     MSVCRT:ti_inst.obj
 0002:00000d70       ??_R3type_info@@8          0000000180004d70     MSVCRT:ti_inst.obj
 0002:00000d88       ??_R2type_info@@8          0000000180004d88     MSVCRT:ti_inst.obj
 0002:00000d98       ??_R1A@?0A@EA@type_info@@8 0000000180004d98     MSVCRT:ti_inst.obj
 0002:00000dc0       ??_R4RModuleReg@test1@test@modules@UModSys@@6B@ 0000000180004dc0     plugin_test1.obj
 0002:00000de8       ??_R3RModuleReg@test1@test@modules@UModSys@@8 0000000180004de8     plugin_test1.obj
 0002:00000e00       ??_R2RModuleReg@test1@test@modules@UModSys@@8 0000000180004e00     plugin_test1.obj
 0002:00000e18       ??_R1A@?0A@EA@IModuleReg@base@UModSys@@8 0000000180004e18     plugin_test1.obj
 0002:00000e40       ??_R3IModuleReg@base@UModSys@@8 0000000180004e40     plugin_test1.obj
 0002:00000e58       ??_R2IModuleReg@base@UModSys@@8 0000000180004e58     plugin_test1.obj
 0002:00000e68       ??_R1A@?0A@EA@RModuleReg@test1@test@modules@UModSys@@8 0000000180004e68     plugin_test1.obj
 0002:00000e90       ??_R4RGenerator@test1@test@modules@UModSys@@6B@ 0000000180004e90     plugin_test1.obj
 0002:00000eb8       ??_R3RGenerator@test1@test@modules@UModSys@@8 0000000180004eb8     plugin_test1.obj
 0002:00000ed0       ??_R2RGenerator@test1@test@modules@UModSys@@8 0000000180004ed0     plugin_test1.obj
 0002:00000f00       ??_R1A@?0A@EA@RGenerator@test1@test@modules@UModSys@@8 0000000180004f00     plugin_test1.obj
 0002:00000f28       ??_R4RTest1_Shell@test1@test@modules@UModSys@@6B@ 0000000180004f28     plugin_test1.obj
 0002:00000f50       ??_R3RTest1_Shell@test1@test@modules@UModSys@@8 0000000180004f50     plugin_test1.obj
 0002:00000f68       ??_R2RTest1_Shell@test1@test@modules@UModSys@@8 0000000180004f68     plugin_test1.obj
 0002:00000f90       ??_R1A@?0A@EA@RTest1_Shell@test1@test@modules@UModSys@@8 0000000180004f90     plugin_test1.obj
 0002:00000fb8       ??_R3IShell@base@UModSys@@8 0000000180004fb8     plugin_test1.obj
 0002:00000fd0       ??_R2IShell@base@UModSys@@8 0000000180004fd0     plugin_test1.obj
 0002:00000ff0       ??_R1A@?0A@EA@IShell@base@UModSys@@8 0000000180004ff0     plugin_test1.obj
 0002:00001018       ??_R3IGenerator@base@UModSys@@8 0000000180005018     plugin_test1.obj
 0002:00001030       ??_R2IGenerator@base@UModSys@@8 0000000180005030     plugin_test1.obj
 0002:00001058       ??_R1A@?0A@EA@IGenerator@base@UModSys@@8 0000000180005058     plugin_test1.obj
 0002:00001080       ??_R3IModObject@base@UModSys@@8 0000000180005080     plugin_test1.obj
 0002:00001098       ??_R2IModObject@base@UModSys@@8 0000000180005098     plugin_test1.obj
 0002:000010b8       ??_R1A@?0A@EA@IModObject@base@UModSys@@8 00000001800050b8     plugin_test1.obj
 0002:000010e0       ??_R4IRefObject@core@UModSys@@6B@ 00000001800050e0     plugin_test1.obj
 0002:00001108       ??_R3IRefObject@core@UModSys@@8 0000000180005108     plugin_test1.obj
 0002:00001120       ??_R2IRefObject@core@UModSys@@8 0000000180005120     plugin_test1.obj
 0002:00001138       ??_R1A@?0A@EA@IRefObject@core@UModSys@@8 0000000180005138     plugin_test1.obj
 0002:00001160       ??_R4IRoot@core@UModSys@@6B@ 0000000180005160     plugin_test1.obj
 0002:00001188       ??_R3IRoot@core@UModSys@@8 0000000180005188     plugin_test1.obj
 0002:000011a0       ??_R2IRoot@core@UModSys@@8 00000001800051a0     plugin_test1.obj
 0002:000011b0       ??_R1A@?0A@EA@IRoot@core@UModSys@@8 00000001800051b0     plugin_test1.obj
 0002:000011d8       ??_R4RModuleLibraryReg_Chain@base@UModSys@@6B@ 00000001800051d8     umodsys_lib_base:umodsys.base.moduleregchain.obj
 0002:00001200       ??_R3RModuleLibraryReg_Chain@base@UModSys@@8 0000000180005200     umodsys_lib_base:umodsys.base.moduleregchain.obj
 0002:00001218       ??_R2RModuleLibraryReg_Chain@base@UModSys@@8 0000000180005218     umodsys_lib_base:umodsys.base.moduleregchain.obj
 0002:00001230       ??_R1A@?0A@EA@IModuleLibraryReg@base@UModSys@@8 0000000180005230     umodsys_lib_base:umodsys.base.moduleregchain.obj
 0002:00001258       ??_R3IModuleLibraryReg@base@UModSys@@8 0000000180005258     umodsys_lib_base:umodsys.base.moduleregchain.obj
 0002:00001270       ??_R2IModuleLibraryReg@base@UModSys@@8 0000000180005270     umodsys_lib_base:umodsys.base.moduleregchain.obj
 0002:00001280       ??_R1A@?0A@EA@RModuleLibraryReg_Chain@base@UModSys@@8 0000000180005280     umodsys_lib_base:umodsys.base.moduleregchain.obj
 0002:000012a8       ??_R4IModuleLibraryReg@base@UModSys@@6B@ 00000001800052a8     umodsys_lib_base:umodsys.base.modulereg.obj
 0002:000012d0       ??_R4IModuleReg@base@UModSys@@6B@ 00000001800052d0     umodsys_lib_base:umodsys.base.modulereg.obj
 0002:000012f8       __rtc_iaa                  00000001800052f8     MSVCRT:_initsect_.obj
 0002:00001300       __rtc_izz                  0000000180005300     MSVCRT:_initsect_.obj
 0002:00001308       __rtc_taa                  0000000180005308     MSVCRT:_initsect_.obj
 0002:00001310       __rtc_tzz                  0000000180005310     MSVCRT:_initsect_.obj
 0002:00001754       __IMPORT_DESCRIPTOR_MSVCR90 0000000180005754     MSVCRT:MSVCR90.dll
 0002:00001768       __IMPORT_DESCRIPTOR_KERNEL32 0000000180005768     kernel32:KERNEL32.dll
 0002:0000177c       __NULL_IMPORT_DESCRIPTOR   000000018000577c     MSVCRT:MSVCR90.dll
 0003:00000000       ??_R0?AVtype_info@@@8      0000000180006000     MSVCRT:ti_inst.obj
 0003:00000020       __native_dllmain_reason    0000000180006020     MSVCRT:natstart.obj
 0003:00000024       __native_vcclrit_reason    0000000180006024     MSVCRT:natstart.obj
 0003:00000028       __security_cookie          0000000180006028     MSVCRT:gs_cookie.obj
 0003:00000030       __security_cookie_complement 0000000180006030     MSVCRT:gs_cookie.obj
 0003:00000038       ??_R0?AUIModuleReg@base@UModSys@@@8 0000000180006038     plugin_test1.obj
 0003:00000068       ??_R0?AURModuleReg@test1@test@modules@UModSys@@@8 0000000180006068     plugin_test1.obj
 0003:000000a8       ??_R0?AURGenerator@test1@test@modules@UModSys@@@8 00000001800060a8     plugin_test1.obj
 0003:000000e8       ??_R0?AURTest1_Shell@test1@test@modules@UModSys@@@8 00000001800060e8     plugin_test1.obj
 0003:00000128       ??_R0?AUIShell@base@UModSys@@@8 0000000180006128     plugin_test1.obj
 0003:00000158       ??_R0?AUIGenerator@base@UModSys@@@8 0000000180006158     plugin_test1.obj
 0003:00000188       ??_R0?AUIModObject@base@UModSys@@@8 0000000180006188     plugin_test1.obj
 0003:000001b8       ??_R0?AUIRefObject@core@UModSys@@@8 00000001800061b8     plugin_test1.obj
 0003:000001e8       ??_R0?AUIRoot@core@UModSys@@@8 00000001800061e8     plugin_test1.obj
 0003:00000248       ?so_entry_enabled_flag@base@UModSys@@3HA 0000000180006248     umodsys_lib_base:umodsys.so_main.win32.obj
 0003:00000270       ??_R0?AUIModuleLibraryReg@base@UModSys@@@8 0000000180006270     umodsys_lib_base:umodsys.base.moduleregchain.obj
 0003:000002a8       ??_R0?AURModuleLibraryReg_Chain@base@UModSys@@@8 00000001800062a8     umodsys_lib_base:umodsys.base.moduleregchain.obj
 0003:000002e4       _fltused                   00000001800062e4     MSVCRT:dllsupp.obj
 0003:000002f4       _forceCRTManifestRTM       00000001800062f4     MSVCRT:crtmanifestrtm.obj
 0003:000002f8       ?__type_info_root_node@@3U__type_info_node@@A 00000001800062f8     MSVCRT:tncleanup.obj
 0003:00000348       ?s_id@?$TObjectUniqueID@UIBinObjFilter@libmedia@UModSys@@@tl@UModSys@@2USUniquePointer@core@3@A 0000000180006348     plugin_test1.obj
 0003:00000378       ?s_id@?$TObjectUniqueID@UILibraryBinTree@libmedia@UModSys@@@tl@UModSys@@2USUniquePointer@core@3@A 0000000180006378     plugin_test1.obj
 0003:000003a8       ?s_id@?$TObjectUniqueID@UIModObject@base@UModSys@@@tl@UModSys@@2USUniquePointer@core@3@A 00000001800063a8     plugin_test1.obj
 0003:000003d8       ?s_id@?$TObjectUniqueID@UIGenerator@base@UModSys@@@tl@UModSys@@2USUniquePointer@core@3@A 00000001800063d8     plugin_test1.obj
 0003:00000408       ?s_id@?$TObjectUniqueID@UIModule@base@UModSys@@@tl@UModSys@@2USUniquePointer@core@3@A 0000000180006408     plugin_test1.obj
 0003:00000438       ?s_id@?$TObjectUniqueID@UIBinArchive@libmedia@UModSys@@@tl@UModSys@@2USUniquePointer@core@3@A 0000000180006438     plugin_test1.obj
 0003:00000468       ?s_id@?$TObjectUniqueID@UIRoot@core@UModSys@@@tl@UModSys@@2USUniquePointer@core@3@A 0000000180006468     plugin_test1.obj
 0003:00000498       ?s_id@?$TObjectUniqueID@UIStreamWriter@libmedia@UModSys@@@tl@UModSys@@2USUniquePointer@core@3@A 0000000180006498     plugin_test1.obj
 0003:000004c8       ?s_id@?$TObjectUniqueID@UISystem@base@UModSys@@@tl@UModSys@@2USUniquePointer@core@3@A 00000001800064c8     plugin_test1.obj
 0003:000004f8       ?s_id@?$TObjectUniqueID@URTest1_Shell@test1@test@modules@UModSys@@@tl@UModSys@@2USUniquePointer@core@3@A 00000001800064f8     plugin_test1.obj
 0003:00000528       ?s_id@?$TObjectUniqueID@UIRefObject@core@UModSys@@@tl@UModSys@@2USUniquePointer@core@3@A 0000000180006528     plugin_test1.obj
 0003:00000558       ?s_id@?$TObjectUniqueID@UILibraryLayered@libmedia@UModSys@@@tl@UModSys@@2USUniquePointer@core@3@A 0000000180006558     plugin_test1.obj
 0003:00000588       ?s_id@?$TObjectUniqueID@UIShell@base@UModSys@@@tl@UModSys@@2USUniquePointer@core@3@A 0000000180006588     plugin_test1.obj
 0003:000005b8       ?s_id@?$TObjectUniqueID@UILibraryBinCache@libmedia@UModSys@@@tl@UModSys@@2USUniquePointer@core@3@A 00000001800065b8     plugin_test1.obj
 0003:000005e8       ?s_id@?$TObjectUniqueID@UIConsole@base@UModSys@@@tl@UModSys@@2USUniquePointer@core@3@A 00000001800065e8     plugin_test1.obj
 0003:00000618       ?s_id@?$TObjectUniqueID@URGenerator@test1@test@modules@UModSys@@@tl@UModSys@@2USUniquePointer@core@3@A 0000000180006618     plugin_test1.obj
 0003:00000650       ?s_modreg@RModuleReg@test1@test@modules@UModSys@@2U12345@A 0000000180006650     plugin_test1.obj
 0003:000006a0       ?s_modreg_chain@RModuleReg@test1@test@modules@UModSys@@2USModuleRegChain@base@5@A 00000001800066a0     plugin_test1.obj
 0003:000006b8       ?s_uid@RGenerator@test1@test@modules@UModSys@@2USUniquePointer@core@5@A 00000001800066b8     plugin_test1.obj
 0003:000006e8       ?M@UModSys@@3USModuleContext@base@1@A 00000001800066e8     umodsys_lib_base:umodsys.base.modulecontext.obj
 0003:00000710       ?s_library@RModuleLibraryReg_Chain@base@UModSys@@2U123@A 0000000180006710     umodsys_lib_base:umodsys.base.moduleregchain.obj
 0003:00000718       ?root@SModuleRegChain@base@UModSys@@2U123@A 0000000180006718     umodsys_lib_base:umodsys.base.moduleregchain.obj
 0003:00000730       ?root@SUniquePointer@core@UModSys@@2U123@A 0000000180006730     umodsys_lib_core:umodsys.core.uniqueptr.obj
 0003:00000760       ?s_id@?$TObjectUniqueID@UIModuleLibrary@base@UModSys@@@tl@UModSys@@2USUniquePointer@core@3@A 0000000180006760     plugin_test1.obj
 0003:00000790       ?s_id@?$TObjectUniqueID@UILibraryObjFilter@libmedia@UModSys@@@tl@UModSys@@2USUniquePointer@core@3@A 0000000180006790     plugin_test1.obj
 0003:000007c0       ?s_id@?$TObjectUniqueID@UILibrary@libmedia@UModSys@@@tl@UModSys@@2USUniquePointer@core@3@A 00000001800067c0     plugin_test1.obj
 0003:000007f0       ?s_id@?$TObjectUniqueID@UIStreamReader@libmedia@UModSys@@@tl@UModSys@@2USUniquePointer@core@3@A 00000001800067f0     plugin_test1.obj
 0003:00000820       ?s_id@?$TObjectUniqueID@UIParameters@core@UModSys@@@tl@UModSys@@2USUniquePointer@core@3@A 0000000180006820     plugin_test1.obj
 0003:00000850       __native_startup_state     0000000180006850     <common>
 0003:00000858       __native_startup_lock      0000000180006858     <common>
 0003:00000860       __dyn_tls_init_callback    0000000180006860     <common>
 0003:00000868       __onexitend                0000000180006868     <common>
 0003:00000870       __onexitbegin              0000000180006870     <common>

 entry point at        0001:00001558

 Static symbols

 0001:00001164       pre_c_init                 0000000180002164 f   MSVCRT:crtdll.obj
 0001:00001420       __DllMainCRTStartup        0000000180002420 f   MSVCRT:crtdll.obj
 0001:000023a0       _onexit$fin$0              00000001800033a0 f   MSVCRT:atonexit.obj
 0001:000023b9       __DllMainCRTStartup$filt$0 00000001800033b9 f   MSVCRT:crtdll.obj
 0001:000023e9       __DllMainCRTStartup$fin$1  00000001800033e9 f   MSVCRT:crtdll.obj
 0001:00002402       ?filt$0@?0??__ArrayUnwind@@YAXPEAX_KHP6AX0@Z@Z@4HA 0000000180003402 f   MSVCRT:ehvecdtr.obj
 0001:00002441       ?fin$0@?0???_M@YAXPEAX_KHP6AX0@Z@Z@4HA 0000000180003441 f   MSVCRT:ehvecdtr.obj
 0001:00002470       _IsNonwritableInCurrentImage$filt$0 0000000180003470 f   MSVCRT:pesect.obj
 0001:000024a0       ?dtor$0@?0??suicide@RTest1_Shell@test1@test@modules@UModSys@@UEAAXXZ@4HA 00000001800034a0 f    CIL library: CIL module
 0001:000024c0       ?dtor$0@?0??file_test4@RTest1_Shell@test1@test@modules@UModSys@@QEAAXXZ@4HA 00000001800034c0 f    CIL library: CIL module
 0001:000024e0       ?dtor$1@?0??file_test4@RTest1_Shell@test1@test@modules@UModSys@@QEAAXXZ@4HA 00000001800034e0 f    CIL library: CIL module
 0001:00002500       ?dtor$7@?0??file_test4@RTest1_Shell@test1@test@modules@UModSys@@QEAAXXZ@4HA 0000000180003500 f    CIL library: CIL module
 0001:00002520       ?dtor$2@?0??file_test4@RTest1_Shell@test1@test@modules@UModSys@@QEAAXXZ@4HA 0000000180003520 f    CIL library: CIL module
 0001:00002540       ?dtor$3@?0??file_test4@RTest1_Shell@test1@test@modules@UModSys@@QEAAXXZ@4HA 0000000180003540 f    CIL library: CIL module
 0001:00002560       ?dtor$10@?0??file_test4@RTest1_Shell@test1@test@modules@UModSys@@QEAAXXZ@4HA 0000000180003560 f    CIL library: CIL module
 0001:00002580       ?dtor$4@?0??file_test4@RTest1_Shell@test1@test@modules@UModSys@@QEAAXXZ@4HA 0000000180003580 f    CIL library: CIL module
 0001:000025a0       ?dtor$5@?0??file_test4@RTest1_Shell@test1@test@modules@UModSys@@QEAAXXZ@4HA 00000001800035a0 f    CIL library: CIL module
 0001:000025c0       ?dtor$0@?0???0RTest1_Shell@test1@test@modules@UModSys@@QEAA@PEAUIModObject@base@4@@Z@4HA 00000001800035c0 f    CIL library: CIL module
 0001:000025c0       ?dtor$0@?0???1RTest1_Shell@test1@test@modules@UModSys@@UEAA@XZ@4HA 00000001800035c0 f    CIL library: CIL module
 0001:000025e0       ?dtor$0@?0??generate@RGenerator@test1@test@modules@UModSys@@UEAA_NAEAU?$TRefObject@UIRefObject@core@UModSys@@U?$TRefObjectFunc@UIRefObject@core@UModSys@@@tl@3@@tl@5@PEBUSUniquePointerInfo@core@5@AEBUSParameters@95@@Z@4HA 00000001800035e0 f    CIL library: CIL module
 0001:00002600       ??__E?s_modreg@RModuleReg@test1@test@modules@UModSys@@2U12345@A@@YAXXZ 0000000180003600 f    CIL library: CIL module
 0001:00002670       ??__E?s_modreg_chain@RModuleReg@test1@test@modules@UModSys@@2USModuleRegChain@base@5@A@@YAXXZ 0000000180003670 f    CIL library: CIL module
 0001:000026a0       ??__E?s_uid@RGenerator@test1@test@modules@UModSys@@2USUniquePointer@core@5@A@@YAXXZ 00000001800036a0 f    CIL library: CIL module
 0001:000026e0       ??__E?s_id@?$TObjectUniqueID@UIRoot@core@UModSys@@@tl@UModSys@@2USUniquePointer@core@3@A@@YAXXZ 00000001800036e0 f    CIL library: CIL module
 0001:00002720       ??__E?s_id@?$TObjectUniqueID@UIRefObject@core@UModSys@@@tl@UModSys@@2USUniquePointer@core@3@A@@YAXXZ 0000000180003720 f    CIL library: CIL module
 0001:00002760       ??__E?s_id@?$TObjectUniqueID@UIParameters@core@UModSys@@@tl@UModSys@@2USUniquePointer@core@3@A@@YAXXZ 0000000180003760 f    CIL library: CIL module
 0001:000027a0       ??__E?s_id@?$TObjectUniqueID@UIModule@base@UModSys@@@tl@UModSys@@2USUniquePointer@core@3@A@@YAXXZ 00000001800037a0 f    CIL library: CIL module
 0001:000027e0       ??__E?s_id@?$TObjectUniqueID@UIModuleLibrary@base@UModSys@@@tl@UModSys@@2USUniquePointer@core@3@A@@YAXXZ 00000001800037e0 f    CIL library: CIL module
 0001:00002820       ??__E?s_id@?$TObjectUniqueID@UIModObject@base@UModSys@@@tl@UModSys@@2USUniquePointer@core@3@A@@YAXXZ 0000000180003820 f    CIL library: CIL module
 0001:00002860       ??__E?s_id@?$TObjectUniqueID@UIGenerator@base@UModSys@@@tl@UModSys@@2USUniquePointer@core@3@A@@YAXXZ 0000000180003860 f    CIL library: CIL module
 0001:000028a0       ??__E?s_id@?$TObjectUniqueID@UIShell@base@UModSys@@@tl@UModSys@@2USUniquePointer@core@3@A@@YAXXZ 00000001800038a0 f    CIL library: CIL module
 0001:000028e0       ??__E?s_id@?$TObjectUniqueID@UIConsole@base@UModSys@@@tl@UModSys@@2USUniquePointer@core@3@A@@YAXXZ 00000001800038e0 f    CIL library: CIL module
 0001:00002920       ??__E?s_id@?$TObjectUniqueID@UISystem@base@UModSys@@@tl@UModSys@@2USUniquePointer@core@3@A@@YAXXZ 0000000180003920 f    CIL library: CIL module
 0001:00002960       ??__E?s_id@?$TObjectUniqueID@UIStreamReader@libmedia@UModSys@@@tl@UModSys@@2USUniquePointer@core@3@A@@YAXXZ 0000000180003960 f    CIL library: CIL module
 0001:000029a0       ??__E?s_id@?$TObjectUniqueID@UIStreamWriter@libmedia@UModSys@@@tl@UModSys@@2USUniquePointer@core@3@A@@YAXXZ 00000001800039a0 f    CIL library: CIL module
 0001:000029e0       ??__E?s_id@?$TObjectUniqueID@UIBinArchive@libmedia@UModSys@@@tl@UModSys@@2USUniquePointer@core@3@A@@YAXXZ 00000001800039e0 f    CIL library: CIL module
 0001:00002a20       ??__E?s_id@?$TObjectUniqueID@UIBinObjFilter@libmedia@UModSys@@@tl@UModSys@@2USUniquePointer@core@3@A@@YAXXZ 0000000180003a20 f    CIL library: CIL module
 0001:00002a60       ??__E?s_id@?$TObjectUniqueID@UILibrary@libmedia@UModSys@@@tl@UModSys@@2USUniquePointer@core@3@A@@YAXXZ 0000000180003a60 f    CIL library: CIL module
 0001:00002aa0       ??__E?s_id@?$TObjectUniqueID@UILibraryBinTree@libmedia@UModSys@@@tl@UModSys@@2USUniquePointer@core@3@A@@YAXXZ 0000000180003aa0 f    CIL library: CIL module
 0001:00002ae0       ??__E?s_id@?$TObjectUniqueID@UILibraryBinCache@libmedia@UModSys@@@tl@UModSys@@2USUniquePointer@core@3@A@@YAXXZ 0000000180003ae0 f    CIL library: CIL module
 0001:00002b20       ??__E?s_id@?$TObjectUniqueID@UILibraryObjFilter@libmedia@UModSys@@@tl@UModSys@@2USUniquePointer@core@3@A@@YAXXZ 0000000180003b20 f    CIL library: CIL module
 0001:00002b60       ??__E?s_id@?$TObjectUniqueID@UILibraryLayered@libmedia@UModSys@@@tl@UModSys@@2USUniquePointer@core@3@A@@YAXXZ 0000000180003b60 f    CIL library: CIL module
 0001:00002ba0       ??__E?s_id@?$TObjectUniqueID@URTest1_Shell@test1@test@modules@UModSys@@@tl@UModSys@@2USUniquePointer@core@3@A@@YAXXZ 0000000180003ba0 f    CIL library: CIL module
 0001:00002be0       ??__E?s_id@?$TObjectUniqueID@URGenerator@test1@test@modules@UModSys@@@tl@UModSys@@2USUniquePointer@core@3@A@@YAXXZ 0000000180003be0 f    CIL library: CIL module
 0001:00002c20       ??__EM@UModSys@@YAXXZ      0000000180003c20 f    CIL library: CIL module
 0001:00002c40       ??__E?root@SModuleRegChain@base@UModSys@@2U123@A@@YAXXZ 0000000180003c40 f    CIL library: CIL module
 0001:00002c70       ??__E?s_library@RModuleLibraryReg_Chain@base@UModSys@@2U123@A@@YAXXZ 0000000180003c70 f    CIL library: CIL module
 0001:00002c90       ??__E?root@SUniquePointer@core@UModSys@@2U123@A@@YAXXZ 0000000180003c90 f    CIL library: CIL module
 0001:00002cc0       ??__F?s_modreg@RModuleReg@test1@test@modules@UModSys@@2U12345@A@@YAXXZ 0000000180003cc0 f    CIL library: CIL module
 0001:00002ce0       ??__F?s_modreg_chain@RModuleReg@test1@test@modules@UModSys@@2USModuleRegChain@base@5@A@@YAXXZ 0000000180003ce0 f    CIL library: CIL module
 0001:00002cf0       ??__F?s_uid@RGenerator@test1@test@modules@UModSys@@2USUniquePointer@core@5@A@@YAXXZ 0000000180003cf0 f    CIL library: CIL module
 0001:00002d00       ??__Fh@?1??s_holder@RGenerator@test1@test@modules@UModSys@@SAAEAU?$TTypeStaticHolder@URGenerator@test1@test@modules@UModSys@@@tl@5@XZ@YAXXZ 0000000180003d00 f    CIL library: CIL module
 0001:00002d30       ??__F?s_id@?$TObjectUniqueID@URGenerator@test1@test@modules@UModSys@@@tl@UModSys@@2USUniquePointer@core@3@A@@YAXXZ 0000000180003d30 f    CIL library: CIL module
 0001:00002d40       ??__F?s_id@?$TObjectUniqueID@URTest1_Shell@test1@test@modules@UModSys@@@tl@UModSys@@2USUniquePointer@core@3@A@@YAXXZ 0000000180003d40 f    CIL library: CIL module
 0001:00002d50       ??__F?s_id@?$TObjectUniqueID@UILibraryLayered@libmedia@UModSys@@@tl@UModSys@@2USUniquePointer@core@3@A@@YAXXZ 0000000180003d50 f    CIL library: CIL module
 0001:00002d60       ??__F?s_id@?$TObjectUniqueID@UILibraryObjFilter@libmedia@UModSys@@@tl@UModSys@@2USUniquePointer@core@3@A@@YAXXZ 0000000180003d60 f    CIL library: CIL module
 0001:00002d70       ??__F?s_id@?$TObjectUniqueID@UILibraryBinCache@libmedia@UModSys@@@tl@UModSys@@2USUniquePointer@core@3@A@@YAXXZ 0000000180003d70 f    CIL library: CIL module
 0001:00002d80       ??__F?s_id@?$TObjectUniqueID@UILibraryBinTree@libmedia@UModSys@@@tl@UModSys@@2USUniquePointer@core@3@A@@YAXXZ 0000000180003d80 f    CIL library: CIL module
 0001:00002d90       ??__F?s_id@?$TObjectUniqueID@UILibrary@libmedia@UModSys@@@tl@UModSys@@2USUniquePointer@core@3@A@@YAXXZ 0000000180003d90 f    CIL library: CIL module
 0001:00002da0       ??__F?s_id@?$TObjectUniqueID@UIBinObjFilter@libmedia@UModSys@@@tl@UModSys@@2USUniquePointer@core@3@A@@YAXXZ 0000000180003da0 f    CIL library: CIL module
 0001:00002db0       ??__F?s_id@?$TObjectUniqueID@UIBinArchive@libmedia@UModSys@@@tl@UModSys@@2USUniquePointer@core@3@A@@YAXXZ 0000000180003db0 f    CIL library: CIL module
 0001:00002dc0       ??__F?s_id@?$TObjectUniqueID@UIStreamWriter@libmedia@UModSys@@@tl@UModSys@@2USUniquePointer@core@3@A@@YAXXZ 0000000180003dc0 f    CIL library: CIL module
 0001:00002dd0       ??__F?s_id@?$TObjectUniqueID@UIStreamReader@libmedia@UModSys@@@tl@UModSys@@2USUniquePointer@core@3@A@@YAXXZ 0000000180003dd0 f    CIL library: CIL module
 0001:00002de0       ??__F?s_id@?$TObjectUniqueID@UISystem@base@UModSys@@@tl@UModSys@@2USUniquePointer@core@3@A@@YAXXZ 0000000180003de0 f    CIL library: CIL module
 0001:00002df0       ??__F?s_id@?$TObjectUniqueID@UIConsole@base@UModSys@@@tl@UModSys@@2USUniquePointer@core@3@A@@YAXXZ 0000000180003df0 f    CIL library: CIL module
 0001:00002e00       ??__F?s_id@?$TObjectUniqueID@UIShell@base@UModSys@@@tl@UModSys@@2USUniquePointer@core@3@A@@YAXXZ 0000000180003e00 f    CIL library: CIL module
 0001:00002e10       ??__F?s_id@?$TObjectUniqueID@UIGenerator@base@UModSys@@@tl@UModSys@@2USUniquePointer@core@3@A@@YAXXZ 0000000180003e10 f    CIL library: CIL module
 0001:00002e20       ??__F?s_id@?$TObjectUniqueID@UIModObject@base@UModSys@@@tl@UModSys@@2USUniquePointer@core@3@A@@YAXXZ 0000000180003e20 f    CIL library: CIL module
 0001:00002e30       ??__F?s_id@?$TObjectUniqueID@UIModuleLibrary@base@UModSys@@@tl@UModSys@@2USUniquePointer@core@3@A@@YAXXZ 0000000180003e30 f    CIL library: CIL module
 0001:00002e40       ??__F?s_id@?$TObjectUniqueID@UIModule@base@UModSys@@@tl@UModSys@@2USUniquePointer@core@3@A@@YAXXZ 0000000180003e40 f    CIL library: CIL module
 0001:00002e50       ??__F?s_id@?$TObjectUniqueID@UIParameters@core@UModSys@@@tl@UModSys@@2USUniquePointer@core@3@A@@YAXXZ 0000000180003e50 f    CIL library: CIL module
 0001:00002e60       ??__F?s_id@?$TObjectUniqueID@UIRefObject@core@UModSys@@@tl@UModSys@@2USUniquePointer@core@3@A@@YAXXZ 0000000180003e60 f    CIL library: CIL module
 0001:00002e70       ??__F?s_id@?$TObjectUniqueID@UIRoot@core@UModSys@@@tl@UModSys@@2USUniquePointer@core@3@A@@YAXXZ 0000000180003e70 f    CIL library: CIL module
 0001:00002e80       ??__FM@UModSys@@YAXXZ      0000000180003e80 f    CIL library: CIL module
 0001:00002e90       ??__F?root@SModuleRegChain@base@UModSys@@2U123@A@@YAXXZ 0000000180003e90 f    CIL library: CIL module
 0001:00002ea0       ??__F?s_library@RModuleLibraryReg_Chain@base@UModSys@@2U123@A@@YAXXZ 0000000180003ea0 f    CIL library: CIL module
 0001:00002eb0       ??__F?root@SUniquePointer@core@UModSys@@2U123@A@@YAXXZ 0000000180003eb0 f    CIL library: CIL module

 Exports

  ordinal    name

        1    UModSys_Plugin_Entry2
