 plugin_test1

 Timestamp is 53481e24 (Fri Apr 11 19:53:56 2014)

 Preferred load address is 0000000180000000

 Start         Length     Name                   Class
 0001:00000000 00050396H .text                   CODE
 0001:000503a0 0000005eH .text$00                CODE
 0001:00050400 0000300cH .text$x                 CODE
 0001:00053410 000029f2H .text$yc                CODE
 0001:00055e10 00000c9cH .text$yd                CODE
 0002:00000000 00000408H .idata$5                DATA
 0002:00000408 00000008H .CRT$XCA                DATA
 0002:00000410 00002bc8H .CRT$XCU                DATA
 0002:00002fd8 00000008H .CRT$XCZ                DATA
 0002:00002fe0 00000008H .CRT$XIA                DATA
 0002:00002fe8 00000008H .CRT$XIAA               DATA
 0002:00002ff0 00000008H .CRT$XIZ                DATA
 0002:00003000 000121f8H .rdata                  DATA
 0002:00015200 00003f64H .rdata$r                DATA
 0002:00019168 00000008H .rtc$IAA                DATA
 0002:00019170 00000008H .rtc$IZZ                DATA
 0002:00019178 00000008H .rtc$TAA                DATA
 0002:00019180 00000008H .rtc$TZZ                DATA
 0002:00019188 000068c8H .xdata                  DATA
 0002:0001fa50 00000078H .idata$2                DATA
 0002:0001fac8 00000014H .idata$3                DATA
 0002:0001fae0 00000408H .idata$4                DATA
 0002:0001fee8 00000900H .idata$6                DATA
 0002:000207f0 00000059H .edata                  DATA
 0003:00000000 00002210H .data                   DATA
 0003:00002210 000029a8H .bss                    DATA
 0004:00000000 000044e8H .pdata                  DATA

  Address         Publics by Value              Rva+Base               Lib:Object

 0000:00000000       ___safe_se_handler_count   0000000000000000     <absolute>
 0000:00000000       ___safe_se_handler_table   0000000000000000     <absolute>
 0000:00000000       __ImageBase                0000000180000000     <linker-defined>
 0001:00000000       ??3IRoot@core@UModSys@@SAXPEAXAEBUSIMemAlloc@12@@Z 0000000180001000 f i plugin_test1.obj
 0001:00000010       ??1?$TParametersA@$0BAL@@core@UModSys@@QEAA@XZ 0000000180001010 f i umodsys_lib_lib2d:umodsys.mod.2d.stdlib.obj
 0001:00000010       ??1SParameters@core@UModSys@@QEAA@XZ 0000000180001010 f i plugin_test1.obj
 0001:00000010       ??1?$TParametersA@$0BAA@@core@UModSys@@QEAA@XZ 0000000180001010 f i umodsys_lib_libui:umodsys.mod.ui.SDL_core.obj
 0001:00000010       ??1?$TParametersA@$0EAA@@core@UModSys@@QEAA@XZ 0000000180001010 f i plugin_test1.obj
 0001:00000030       ?mount_add@ILibraryBinTree@libmedia@UModSys@@QEAA_NAEBU?$TString@U?$TSCoreConst@D@su@tl@UModSys@@U?$TComparerBinaryHash@D@234@@tl@3@PEAUIBinArchive@23@H@Z 0000000180001030 f i plugin_test1.obj
 0001:000000d0       ?mount_add@ILibraryBinTree@libmedia@UModSys@@QEAA_NAEBU?$TString@U?$TSCoreConst@D@su@tl@UModSys@@U?$TComparerBinaryHash@D@234@@tl@3@HPEAUIBinArchive@23@H@Z 00000001800010d0 f i plugin_test1.obj
 0001:00000180       ?layer_push@ILibraryLayered@libmedia@UModSys@@QEAA_NPEAUILibrary@23@HAEBU?$TString@U?$TSCoreConst@D@su@tl@UModSys@@U?$TComparerBinaryHash@D@234@@tl@3@@Z 0000000180001180 f i plugin_test1.obj
 0001:00000220       ??1SPoint@ILibraryBinTree@libmedia@UModSys@@QEAA@XZ 0000000180001220 f i plugin_test1.obj
 0001:00000220       ??1SLayer@ILibraryLayered@libmedia@UModSys@@QEAA@XZ 0000000180001220 f i plugin_test1.obj
 0001:00000250       ??0SMaterialTexture@lib3d@UModSys@@QEAA@XZ 0000000180001250 f i plugin_test1.obj
 0001:000002a0       ??_GIRoot@core@UModSys@@UEAAPEAXI@Z 00000001800012a0 f i plugin_test1.obj
 0001:000002a0       ??_EIRoot@core@UModSys@@UEAAPEAXI@Z 00000001800012a0 f i  CIL library: CIL module
 0001:000002d0       ?root_get_interface_info@RTest1_Shell@test1@test@modules@UModSys@@UEBAAEBUSUniquePointerInfo@core@5@XZ 00000001800012d0 f i plugin_test1.obj
 0001:000002e0       ?root_get_interface_type@RTest1_Shell@test1@test@modules@UModSys@@UEBAPEBUSUniquePointerInfo@core@5@XZ 00000001800012e0 f i plugin_test1.obj
 0001:000002f0       ?root_get_other_interface@RTest1_Shell@test1@test@modules@UModSys@@UEBAPEBUIRoot@core@5@PEBUSUniquePointerInfo@75@@Z 00000001800012f0 f i plugin_test1.obj
 0001:000002f0       ?root_get_other_interface@RTest1_Shell@test1@test@modules@UModSys@@UEAAPEAUIRoot@core@5@PEBUSUniquePointerInfo@75@@Z 00000001800012f0 f i plugin_test1.obj
 0001:00000320       ?root_is_interface_supported@RTest1_Shell@test1@test@modules@UModSys@@UEBA_NPEBUSUniquePointerInfo@core@5@@Z 0000000180001320 f i plugin_test1.obj
 0001:00000350       ?ref_add@RTest1_Shell@test1@test@modules@UModSys@@UEBAXXZ 0000000180001350 f i plugin_test1.obj
 0001:00000360       ?ref_remove@RTest1_Shell@test1@test@modules@UModSys@@UEBAXXZ 0000000180001360 f i plugin_test1.obj
 0001:00000380       ?ref_links@RTest1_Shell@test1@test@modules@UModSys@@UEBAHXZ 0000000180001380 f i plugin_test1.obj
 0001:00000390       ?ref_weak@RTest1_Shell@test1@test@modules@UModSys@@UEBA_NAEAUWeakPointer@IRefObject@core@5@@Z 0000000180001390 f i plugin_test1.obj
 0001:000003b0       ?suicide@RTest1_Shell@test1@test@modules@UModSys@@UEAAXXZ 00000001800013b0 f i plugin_test1.obj
 0001:00000400       ??0RTest1_Shell@test1@test@modules@UModSys@@QEAA@PEAUIModObject@base@4@@Z 0000000180001400 f i plugin_test1.obj
 0001:00000550       ??1RTest1_Shell@test1@test@modules@UModSys@@UEAA@XZ 0000000180001550 f i plugin_test1.obj
 0001:00000600       ?connect@RTest1_Shell@test1@test@modules@UModSys@@UEAA_NXZ 0000000180001600 f i plugin_test1.obj
 0001:00000630       ?disconnect@RTest1_Shell@test1@test@modules@UModSys@@UEAA_NXZ 0000000180001630 f i plugin_test1.obj
 0001:00000660       ?process_tick@RTest1_Shell@test1@test@modules@UModSys@@UEAA_NAEBUSTimeMsec@core@5@@Z 0000000180001660 f i plugin_test1.obj
 0001:000006a0       ?process_command@RTest1_Shell@test1@test@modules@UModSys@@UEAA_NHQEBU?$TString@U?$TSCoreConst@D@su@tl@UModSys@@U?$TComparerBinaryHash@D@234@@tl@5@@Z 00000001800016a0 f i plugin_test1.obj
 0001:000006d0       ??_GRTest1_Shell@test1@test@modules@UModSys@@UEAAPEAXI@Z 00000001800016d0 f i plugin_test1.obj
 0001:000006d0       ??_ERTest1_Shell@test1@test@modules@UModSys@@UEAAPEAXI@Z 00000001800016d0 f i  CIL library: CIL module
 0001:00000700       ?set_value@PropX@Aux@RTest1_Shell@test1@test@modules@UModSys@@UEAA_NPEBUSUniquePointerInfo@core@7@AEBUSPropValueR@97@@Z 0000000180001700 f i plugin_test1.obj
 0001:000008f0       ??1SFrameCreateParameters@libui@UModSys@@QEAA@XZ 00000001800018f0 f i plugin_test1.obj
 0001:00000920       ??1UI_Info@RTest1_Shell@test1@test@modules@UModSys@@QEAA@XZ 0000000180001920 f i plugin_test1.obj
 0001:00000ab0       ?get_generated_names@RGenerator@test1@test@modules@UModSys@@UEBAHAEAUSUniquePtrList@core@5@@Z 0000000180001ab0 f i plugin_test1.obj
 0001:00000ad0       ?get_generated_types@RGenerator@test1@test@modules@UModSys@@UEBAHAEAUSUniquePtrList@core@5@PEBUSUniquePointerInfo@75@@Z 0000000180001ad0 f i plugin_test1.obj
 0001:00000b30       ?generate@RGenerator@test1@test@modules@UModSys@@UEAA_NAEAU?$TRefObject@UIRefObject@core@UModSys@@U?$TRefObjectFunc@UIRefObject@core@UModSys@@@tl@3@@tl@5@PEBUSUniquePointerInfo@core@5@AEBUSParameters@95@@Z 0000000180001b30 f i plugin_test1.obj
 0001:00000bd0       ?root_get_interface_info@RGenerator@test1@test@modules@UModSys@@UEBAAEBUSUniquePointerInfo@core@5@XZ 0000000180001bd0 f i plugin_test1.obj
 0001:00000be0       ?root_get_interface_type@RGenerator@test1@test@modules@UModSys@@UEBAPEBUSUniquePointerInfo@core@5@XZ 0000000180001be0 f i plugin_test1.obj
 0001:00000bf0       ?root_get_other_interface@RGenerator@test1@test@modules@UModSys@@UEBAPEBUIRoot@core@5@PEBUSUniquePointerInfo@75@@Z 0000000180001bf0 f i plugin_test1.obj
 0001:00000bf0       ?root_get_other_interface@RGenerator@test1@test@modules@UModSys@@UEAAPEAUIRoot@core@5@PEBUSUniquePointerInfo@75@@Z 0000000180001bf0 f i plugin_test1.obj
 0001:00000c30       ?root_is_interface_supported@RGenerator@test1@test@modules@UModSys@@UEBA_NPEBUSUniquePointerInfo@core@5@@Z 0000000180001c30 f i plugin_test1.obj
 0001:00000c70       ?get_uid@RGenerator@test1@test@modules@UModSys@@UEBAPEBUSUniquePointerInfo@core@5@XZ 0000000180001c70 f i plugin_test1.obj
 0001:00000c80       ?do_open@RModuleReg@test1@test@modules@UModSys@@UEAA_NXZ 0000000180001c80 f i plugin_test1.obj
 0001:00000cc0       ?do_close@RModuleReg@test1@test@modules@UModSys@@UEAA_NXZ 0000000180001cc0 f i plugin_test1.obj
 0001:00000d00       ??_GRModuleReg@test1@test@modules@UModSys@@UEAAPEAXI@Z 0000000180001d00 f i plugin_test1.obj
 0001:00000d00       ??_ERModuleReg@test1@test@modules@UModSys@@UEAAPEAXI@Z 0000000180001d00 f i  CIL library: CIL module
 0001:00000d30       ??1?$TRefObject@URImageFactory_Memory@stdlib@lib2d@modules@UModSys@@U?$TRefObjectFunc@URImageFactory_Memory@stdlib@lib2d@modules@UModSys@@@tl@5@@tl@UModSys@@QEAA@XZ 0000000180001d30 f i umodsys_lib_lib2d:umodsys.mod.2d.stdlib.obj
 0001:00000d30       ??1?$TRefObject@URRenderer@stdlib@lib3d@modules@UModSys@@U?$TRefObjectFunc@URRenderer@stdlib@lib3d@modules@UModSys@@@tl@5@@tl@UModSys@@QEAA@XZ 0000000180001d30 f i umodsys_lib_lib3d:umodsys.mod.3d.stdlib.obj
 0001:00000d30       ??1?$TRefObject@UIVisualizerScene@lib3d@UModSys@@U?$TRefObjectFunc@UIVisualizerScene@lib3d@UModSys@@@tl@3@@tl@UModSys@@QEAA@XZ 0000000180001d30 f i plugin_test1.obj
 0001:00000d30       ??1?$TRefObject@URBinArchiveFrameClient_ZIP@zlib@media@modules@UModSys@@U?$TRefObjectFunc@URBinArchiveFrameClient_ZIP@zlib@media@modules@UModSys@@@tl@5@@tl@UModSys@@QEAA@XZ 0000000180001d30 f i umodsys_lib_libmedia:umodsys.mod.media.zlib.obj
 0001:00000d30       ??1?$TRefObject@URVisualizerScene@stdlib@lib3d@modules@UModSys@@U?$TRefObjectFunc@URVisualizerScene@stdlib@lib3d@modules@UModSys@@@tl@5@@tl@UModSys@@QEAA@XZ 0000000180001d30 f i umodsys_lib_lib3d:umodsys.mod.3d.stdlib.obj
 0001:00000d30       ??1?$TRefObject@URRenderDriver3D@SDL_GL@ui@modules@UModSys@@U?$TRefObjectFunc@URRenderDriver3D@SDL_GL@ui@modules@UModSys@@@tl@5@@tl@UModSys@@QEAA@XZ 0000000180001d30 f i umodsys_lib_libui:umodsys.mod.ui.SDL_GL.obj
 0001:00000d30       ??1?$TRefObject@URMediaFilter@images_std@media@modules@UModSys@@U?$TRefObjectFunc@URMediaFilter@images_std@media@modules@UModSys@@@tl@5@@tl@UModSys@@QEAA@XZ 0000000180001d30 f i umodsys_lib_libmedia:umodsys.mod.media.images_std.obj
 0001:00000d30       ??1?$TRefObject@UIBinArchiveFrame@libmedia@UModSys@@U?$TRefObjectFunc@UIBinArchiveFrame@libmedia@UModSys@@@tl@3@@tl@UModSys@@QEAA@XZ 0000000180001d30 f i plugin_test1.obj
 0001:00000d30       ??1?$TRefObject@URDialog@frames@ui@modules@UModSys@@U?$TRefObjectFunc@URDialog@frames@ui@modules@UModSys@@@tl@5@@tl@UModSys@@QEAA@XZ 0000000180001d30 f i umodsys_lib_libui:umodsys.mod.ui.frames.obj
 0001:00000d30       ??1?$TRefObject@UIRenderer@lib3d@UModSys@@U?$TRefObjectFunc@UIRenderer@lib3d@UModSys@@@tl@3@@tl@UModSys@@QEAA@XZ 0000000180001d30 f i plugin_test1.obj
 0001:00000d30       ??1?$TRefObject@URMultiImage2D_SDL_ttf@SDL_GL@ui@modules@UModSys@@U?$TRefObjectFunc@URMultiImage2D_SDL_ttf@SDL_GL@ui@modules@UModSys@@@tl@5@@tl@UModSys@@QEAA@XZ 0000000180001d30 f i umodsys_lib_libui:umodsys.mod.ui.SDL_GL.obj
 0001:00000d30       ??1?$TRefObject@UILibraryBinTree@libmedia@UModSys@@U?$TRefObjectFunc@UILibraryBinTree@libmedia@UModSys@@@tl@3@@tl@UModSys@@QEAA@XZ 0000000180001d30 f i plugin_test1.obj
 0001:00000d30       ??1?$TRefObject@UIImageFactory@lib2d@UModSys@@U?$TRefObjectFunc@UIImageFactory@lib2d@UModSys@@@tl@3@@tl@UModSys@@QEAA@XZ 0000000180001d30 f i plugin_test1.obj
 0001:00000d30       ??1?$TRefObject@UIRenderDriver@lib3d@UModSys@@U?$TRefObjectFunc@UIRenderDriver@lib3d@UModSys@@@tl@3@@tl@UModSys@@QEAA@XZ 0000000180001d30 f i plugin_test1.obj
 0001:00000d30       ??1?$TRefObject@UIVisualObject@lib3d@UModSys@@U?$TRefObjectFunc@UIVisualObject@lib3d@UModSys@@@tl@3@@tl@UModSys@@QEAA@XZ 0000000180001d30 f i plugin_test1.obj
 0001:00000d30       ??1?$TRefObject@URTextureGL@SDL_GL@ui@modules@UModSys@@U?$TRefObjectFunc@URTextureGL@SDL_GL@ui@modules@UModSys@@@tl@5@@tl@UModSys@@QEAA@XZ 0000000180001d30 f i umodsys_lib_libui:umodsys.mod.ui.SDL_GL.obj
 0001:00000d30       ??1?$TRefObject@URTerminalX@SDL_GL@ui@modules@UModSys@@U?$TRefObjectFunc@URTerminalX@SDL_GL@ui@modules@UModSys@@@tl@5@@tl@UModSys@@QEAA@XZ 0000000180001d30 f i umodsys_lib_libui:umodsys.mod.ui.SDL_GL.obj
 0001:00000d30       ??1?$TRefObject@UIVisualObject_Camera@lib3d@UModSys@@U?$TRefObjectFunc@UIVisualObject_Camera@lib3d@UModSys@@@tl@3@@tl@UModSys@@QEAA@XZ 0000000180001d30 f i plugin_test1.obj
 0001:00000d30       ??1?$TRefObject@UIRenderDriver@lib2d@UModSys@@U?$TRefObjectFunc@UIRenderDriver@lib2d@UModSys@@@tl@3@@tl@UModSys@@QEAA@XZ 0000000180001d30 f i plugin_test1.obj
 0001:00000d30       ??1?$TRefObject@UIBinObjFilter@libmedia@UModSys@@U?$TRefObjectFunc@UIBinObjFilter@libmedia@UModSys@@@tl@3@@tl@UModSys@@QEAA@XZ 0000000180001d30 f i plugin_test1.obj
 0001:00000d30       ??1?$TRefObject@URSerializeWriter@serialize_json@media@modules@UModSys@@U?$TRefObjectFunc@URSerializeWriter@serialize_json@media@modules@UModSys@@@tl@5@@tl@UModSys@@QEAA@XZ 0000000180001d30 f i umodsys_lib_libmedia:umodsys.mod.media.serialize_json.obj
 0001:00000d30       ??1?$TRefObject@URFrame_Common@frames@ui@modules@UModSys@@U?$TRefObjectFunc@URFrame_Common@frames@ui@modules@UModSys@@@tl@5@@tl@UModSys@@QEAA@XZ 0000000180001d30 f i umodsys_lib_libui:umodsys.mod.ui.frames.obj
 0001:00000d30       ??1?$TRefObject@URMultiImage@stdlib@lib2d@modules@UModSys@@U?$TRefObjectFunc@URMultiImage@stdlib@lib2d@modules@UModSys@@@tl@5@@tl@UModSys@@QEAA@XZ 0000000180001d30 f i umodsys_lib_lib2d:umodsys.mod.2d.stdlib.obj
 0001:00000d30       ??1?$TRefObject@URCollector@frames@ui@modules@UModSys@@U?$TRefObjectFunc@URCollector@frames@ui@modules@UModSys@@@tl@5@@tl@UModSys@@QEAA@XZ 0000000180001d30 f i umodsys_lib_libui:umodsys.mod.ui.frames.obj
 0001:00000d30       ??1?$TRefObject@UIVertexArray@lib3d@UModSys@@U?$TRefObjectFunc@UIVertexArray@lib3d@UModSys@@@tl@3@@tl@UModSys@@QEAA@XZ 0000000180001d30 f i plugin_test1.obj
 0001:00000d30       ??1?$TRefObject@UITexture@lib3d@UModSys@@U?$TRefObjectFunc@UITexture@lib3d@UModSys@@@tl@3@@tl@UModSys@@QEAA@XZ 0000000180001d30 f i plugin_test1.obj
 0001:00000d30       ??1?$TRefObject@UIScene@lib3d@UModSys@@U?$TRefObjectFunc@UIScene@lib3d@UModSys@@@tl@3@@tl@UModSys@@QEAA@XZ 0000000180001d30 f i umodsys_lib_lib3d:umodsys.mod.3d.stdlib.obj
 0001:00000d30       ??1?$TRefObject@UIClient@IBinArchiveFrame@libmedia@UModSys@@U?$TRefObjectFunc@UIClient@IBinArchiveFrame@libmedia@UModSys@@@tl@4@@tl@UModSys@@QEAA@XZ 0000000180001d30 f i plugin_test1.obj
 0001:00000d30       ??1?$TRefObject@UICollector@libui@UModSys@@U?$TRefObjectFunc@UICollector@libui@UModSys@@@tl@3@@tl@UModSys@@QEAA@XZ 0000000180001d30 f i plugin_test1.obj
 0001:00000d30       ??1?$TRefObject@UILibraryBinCache@libmedia@UModSys@@U?$TRefObjectFunc@UILibraryBinCache@libmedia@UModSys@@@tl@3@@tl@UModSys@@QEAA@XZ 0000000180001d30 f i plugin_test1.obj
 0001:00000d30       ??1?$TRefObject@UIUtilities@libmedia@UModSys@@U?$TRefObjectFunc@UIUtilities@libmedia@UModSys@@@tl@3@@tl@UModSys@@QEAA@XZ 0000000180001d30 f i plugin_test1.obj
 0001:00000d30       ??1?$TRefObject@UIKeyboardController@libui@UModSys@@U?$TRefObjectFunc@UIKeyboardController@libui@UModSys@@@tl@3@@tl@UModSys@@QEAA@XZ 0000000180001d30 f i plugin_test1.obj
 0001:00000d30       ??1?$TRefObject@URMultiImage2D_SDL_ttf@SDL_core@ui@modules@UModSys@@U?$TRefObjectFunc@URMultiImage2D_SDL_ttf@SDL_core@ui@modules@UModSys@@@tl@5@@tl@UModSys@@QEAA@XZ 0000000180001d30 f i umodsys_lib_libui:umodsys.mod.ui.SDL_core.obj
 0001:00000d30       ??1?$TRefObject@UIImage@lib2d@UModSys@@U?$TRefObjectFunc@UIImage@lib2d@UModSys@@@tl@3@@tl@UModSys@@QEAA@XZ 0000000180001d30 f i plugin_test1.obj
 0001:00000d30       ??1?$TRefObject@URSerializeReader@serialize_json@media@modules@UModSys@@U?$TRefObjectFunc@URSerializeReader@serialize_json@media@modules@UModSys@@@tl@5@@tl@UModSys@@QEAA@XZ 0000000180001d30 f i umodsys_lib_libmedia:umodsys.mod.media.serialize_json.obj
 0001:00000d30       ??1?$TRefObject@UILibraryObjCache@libmedia@UModSys@@U?$TRefObjectFunc@UILibraryObjCache@libmedia@UModSys@@@tl@3@@tl@UModSys@@QEAA@XZ 0000000180001d30 f i plugin_test1.obj
 0001:00000d30       ??1?$TRefObject@UIMouseController@libui@UModSys@@U?$TRefObjectFunc@UIMouseController@libui@UModSys@@@tl@3@@tl@UModSys@@QEAA@XZ 0000000180001d30 f i plugin_test1.obj
 0001:00000d30       ??1?$TRefObject@UIStreamReader@libmedia@UModSys@@U?$TRefObjectFunc@UIStreamReader@libmedia@UModSys@@@tl@3@@tl@UModSys@@QEAA@XZ 0000000180001d30 f i plugin_test1.obj
 0001:00000d30       ??1?$TRefObject@URVisualSceneMapper_Direct@stdlib@lib3d@modules@UModSys@@U?$TRefObjectFunc@URVisualSceneMapper_Direct@stdlib@lib3d@modules@UModSys@@@tl@5@@tl@UModSys@@QEAA@XZ 0000000180001d30 f i umodsys_lib_lib3d:umodsys.mod.3d.stdlib.obj
 0001:00000d30       ??1?$TRefObject@URGeneral@object_camera@stdlib@lib3d@modules@UModSys@@U?$TRefObjectFunc@URGeneral@object_camera@stdlib@lib3d@modules@UModSys@@@tl@6@@tl@UModSys@@QEAA@XZ 0000000180001d30 f i umodsys_lib_lib3d:umodsys.mod.3d.stdlib.obj
 0001:00000d30       ??1?$TRefObject@URRender@object_primitive@stdlib@lib3d@modules@UModSys@@U?$TRefObjectFunc@URRender@object_primitive@stdlib@lib3d@modules@UModSys@@@tl@6@@tl@UModSys@@QEAA@XZ 0000000180001d30 f i umodsys_lib_lib3d:umodsys.mod.3d.stdlib.obj
 0001:00000d30       ??1?$TRefObject@UILibraryObjFilter@libmedia@UModSys@@U?$TRefObjectFunc@UILibraryObjFilter@libmedia@UModSys@@@tl@3@@tl@UModSys@@QEAA@XZ 0000000180001d30 f i plugin_test1.obj
 0001:00000d30       ??1?$TRefObject@UIFrame@libui@UModSys@@U?$TRefObjectFunc@UIFrame@libui@UModSys@@@tl@3@@tl@UModSys@@QEAA@XZ 0000000180001d30 f i umodsys_lib_libui:umodsys.mod.ui.frames.obj
 0001:00000d30       ??1?$TRefObject@URVertexArray@SDL_GL@ui@modules@UModSys@@U?$TRefObjectFunc@URVertexArray@SDL_GL@ui@modules@UModSys@@@tl@5@@tl@UModSys@@QEAA@XZ 0000000180001d30 f i umodsys_lib_libui:umodsys.mod.ui.SDL_GL.obj
 0001:00000d30       ??1?$TRefObject@UIStreamWriter@libmedia@UModSys@@U?$TRefObjectFunc@UIStreamWriter@libmedia@UModSys@@@tl@3@@tl@UModSys@@QEAA@XZ 0000000180001d30 f i plugin_test1.obj
 0001:00000d30       ??1?$TRefObject@UILibrary@libmedia@UModSys@@U?$TRefObjectFunc@UILibrary@libmedia@UModSys@@@tl@3@@tl@UModSys@@QEAA@XZ 0000000180001d30 f i plugin_test1.obj
 0001:00000d30       ??1?$TRefObject@UIBinArchive@libmedia@UModSys@@U?$TRefObjectFunc@UIBinArchive@libmedia@UModSys@@@tl@3@@tl@UModSys@@QEAA@XZ 0000000180001d30 f i plugin_test1.obj
 0001:00000d30       ??1?$TRefObject@URImage_Memory@stdlib@lib2d@modules@UModSys@@U?$TRefObjectFunc@URImage_Memory@stdlib@lib2d@modules@UModSys@@@tl@5@@tl@UModSys@@QEAA@XZ 0000000180001d30 f i umodsys_lib_lib2d:umodsys.mod.2d.stdlib.obj
 0001:00000d30       ??1?$TRefObject@UIRefObject@core@UModSys@@U?$TRefObjectFunc@UIRefObject@core@UModSys@@@tl@3@@tl@UModSys@@QEAA@XZ 0000000180001d30 f i plugin_test1.obj
 0001:00000d30       ??1?$TRefObject@UIMultiImage@lib2d@UModSys@@U?$TRefObjectFunc@UIMultiImage@lib2d@UModSys@@@tl@3@@tl@UModSys@@QEAA@XZ 0000000180001d30 f i plugin_test1.obj
 0001:00000d30       ??1SMaterialTexture@lib3d@UModSys@@QEAA@XZ 0000000180001d30 f i plugin_test1.obj
 0001:00000d30       ??1?$TRefObject@URGeneral@object_primitive@stdlib@lib3d@modules@UModSys@@U?$TRefObjectFunc@URGeneral@object_primitive@stdlib@lib3d@modules@UModSys@@@tl@6@@tl@UModSys@@QEAA@XZ 0000000180001d30 f i umodsys_lib_lib3d:umodsys.mod.3d.stdlib.obj
 0001:00000d30       ??1?$TRefObject@UILibraryLayered@libmedia@UModSys@@U?$TRefObjectFunc@UILibraryLayered@libmedia@UModSys@@@tl@3@@tl@UModSys@@QEAA@XZ 0000000180001d30 f i plugin_test1.obj
 0001:00000d30       ??1?$TRefObject@UIRenderObject@lib3d@UModSys@@U?$TRefObjectFunc@UIRenderObject@lib3d@UModSys@@@tl@3@@tl@UModSys@@QEAA@XZ 0000000180001d30 f i plugin_test1.obj
 0001:00000d30       ??1?$TRefObject@UIGeneralObject@lib3d@UModSys@@U?$TRefObjectFunc@UIGeneralObject@lib3d@UModSys@@@tl@3@@tl@UModSys@@QEAA@XZ 0000000180001d30 f i plugin_test1.obj
 0001:00000d30       ??1?$TRefObject@URRenderDriver2D@SDL_core@ui@modules@UModSys@@U?$TRefObjectFunc@URRenderDriver2D@SDL_core@ui@modules@UModSys@@@tl@5@@tl@UModSys@@QEAA@XZ 0000000180001d30 f i umodsys_lib_libui:umodsys.mod.ui.SDL_core.obj
 0001:00000d30       ??1?$TRefObject@URTerminalX@SDL_core@ui@modules@UModSys@@U?$TRefObjectFunc@URTerminalX@SDL_core@ui@modules@UModSys@@@tl@5@@tl@UModSys@@QEAA@XZ 0000000180001d30 f i umodsys_lib_libui:umodsys.mod.ui.SDL_core.obj
 0001:00000d30       ??1?$TRefObject@UITerminal@libui@UModSys@@U?$TRefObjectFunc@UITerminal@libui@UModSys@@@tl@3@@tl@UModSys@@QEAA@XZ 0000000180001d30 f i plugin_test1.obj
 0001:00000d60       ??4?$TString@U?$TSCoreShared@USIMemAlloc@core@UModSys@@D@su@tl@UModSys@@U?$TComparerBinaryHash@D@234@@tl@UModSys@@QEAAAEBU012@AEBU012@@Z 0000000180001d60 f i plugin_test1.obj
 0001:00000db0       ?normalize@?$TVector3@N@math3d@UModSys@@QEAANXZ 0000000180001db0 f i plugin_test1.obj
 0001:00000e60       ??4?$TRefObject@UIRenderDriver@lib2d@UModSys@@U?$TRefObjectFunc@UIRenderDriver@lib2d@UModSys@@@tl@3@@tl@UModSys@@QEAAAEBU012@PEAUIRenderDriver@lib2d@2@@Z 0000000180001e60 f i plugin_test1.obj
 0001:00000e60       ??4?$TRefObject@UIRefObject@core@UModSys@@U?$TRefObjectFunc@UIRefObject@core@UModSys@@@tl@3@@tl@UModSys@@QEAAAEBU012@PEAUIRefObject@core@2@@Z 0000000180001e60 f i plugin_test1.obj
 0001:00000ea0       ??0?$TMaterialST@$00@lib3d@UModSys@@QEAA@XZ 0000000180001ea0 f i plugin_test1.obj
 0001:00000f70       ?info_release@?$TSCoreShared@USIMemAlloc@core@UModSys@@D@su@tl@UModSys@@QEAAXXZ 0000000180001f70 f i plugin_test1.obj
 0001:00001010       ?info_new@?$TSCoreShared@USIMemAlloc@core@UModSys@@D@su@tl@UModSys@@QEAA_NPEBD_K@Z 0000000180002010 f i plugin_test1.obj
 0001:00001100       ?get_null@?$TSCoreShared@USIMemAlloc@core@UModSys@@D@su@tl@UModSys@@SAPEAU?$TSharedStringInfo@DUSIMemAlloc@core@UModSys@@@234@XZ 0000000180002100 f i plugin_test1.obj
 0001:00001150       ?mult3@?$TMatrix44@N@math3d@UModSys@@QEAAXAEBU123@0@Z 0000000180002150 f i plugin_test1.obj
 0001:000012f0       ?set_rotate_about@?$TMatrix44@N@math3d@UModSys@@QEAAXAEBU?$TVector3@N@23@N@Z 00000001800022f0 f i plugin_test1.obj
 0001:00001560       ?set_inversed@?$TMatrix44@N@math3d@UModSys@@QEAA_NAEBU123@@Z 0000000180002560 f i plugin_test1.obj
 0001:00001c50       ??$generate_type@UIBinArchive@libmedia@UModSys@@@RTest1_Shell@test1@test@modules@UModSys@@SA?AU?$TRefObject@UIBinArchive@libmedia@UModSys@@U?$TRefObjectFunc@UIBinArchive@libmedia@UModSys@@@tl@3@@tl@4@AEBU?$TString@U?$TSCoreConst@D@su@tl@UModSys@@U?$TComparerBinaryHash@D@234@@64@AEBUSParameters@core@4@PEBD@Z 0000000180002c50 f i plugin_test1.obj
 0001:00001e00       ??$generate_type@UIClient@IBinArchiveFrame@libmedia@UModSys@@@RTest1_Shell@test1@test@modules@UModSys@@SA?AU?$TRefObject@UIClient@IBinArchiveFrame@libmedia@UModSys@@U?$TRefObjectFunc@UIClient@IBinArchiveFrame@libmedia@UModSys@@@tl@4@@tl@4@AEBU?$TString@U?$TSCoreConst@D@su@tl@UModSys@@U?$TComparerBinaryHash@D@234@@64@AEBUSParameters@core@4@PEBD@Z 0000000180002e00 f i plugin_test1.obj
 0001:00001fb0       ??$generate_type@UIBinArchiveFrame@libmedia@UModSys@@@RTest1_Shell@test1@test@modules@UModSys@@SA?AU?$TRefObject@UIBinArchiveFrame@libmedia@UModSys@@U?$TRefObjectFunc@UIBinArchiveFrame@libmedia@UModSys@@@tl@3@@tl@4@AEBU?$TString@U?$TSCoreConst@D@su@tl@UModSys@@U?$TComparerBinaryHash@D@234@@64@AEBUSParameters@core@4@PEBD@Z 0000000180002fb0 f i plugin_test1.obj
 0001:00002160       ??$generate_type@UIBinObjFilter@libmedia@UModSys@@@RTest1_Shell@test1@test@modules@UModSys@@SA?AU?$TRefObject@UIBinObjFilter@libmedia@UModSys@@U?$TRefObjectFunc@UIBinObjFilter@libmedia@UModSys@@@tl@3@@tl@4@AEBU?$TString@U?$TSCoreConst@D@su@tl@UModSys@@U?$TComparerBinaryHash@D@234@@64@AEBUSParameters@core@4@PEBD@Z 0000000180003160 f i plugin_test1.obj
 0001:00002310       ??$generate_type@UIUtilities@libmedia@UModSys@@@RTest1_Shell@test1@test@modules@UModSys@@SA?AU?$TRefObject@UIUtilities@libmedia@UModSys@@U?$TRefObjectFunc@UIUtilities@libmedia@UModSys@@@tl@3@@tl@4@AEBU?$TString@U?$TSCoreConst@D@su@tl@UModSys@@U?$TComparerBinaryHash@D@234@@64@AEBUSParameters@core@4@PEBD@Z 0000000180003310 f i plugin_test1.obj
 0001:000024c0       ??$generate_type@UILibraryBinTree@libmedia@UModSys@@@RTest1_Shell@test1@test@modules@UModSys@@SA?AU?$TRefObject@UILibraryBinTree@libmedia@UModSys@@U?$TRefObjectFunc@UILibraryBinTree@libmedia@UModSys@@@tl@3@@tl@4@AEBU?$TString@U?$TSCoreConst@D@su@tl@UModSys@@U?$TComparerBinaryHash@D@234@@64@AEBUSParameters@core@4@PEBD@Z 00000001800034c0 f i plugin_test1.obj
 0001:00002670       ??$generate_type@UILibraryObjFilter@libmedia@UModSys@@@RTest1_Shell@test1@test@modules@UModSys@@SA?AU?$TRefObject@UILibraryObjFilter@libmedia@UModSys@@U?$TRefObjectFunc@UILibraryObjFilter@libmedia@UModSys@@@tl@3@@tl@4@AEBU?$TString@U?$TSCoreConst@D@su@tl@UModSys@@U?$TComparerBinaryHash@D@234@@64@AEBUSParameters@core@4@PEBD@Z 0000000180003670 f i plugin_test1.obj
 0001:00002820       ??$generate_type@UILibraryLayered@libmedia@UModSys@@@RTest1_Shell@test1@test@modules@UModSys@@SA?AU?$TRefObject@UILibraryLayered@libmedia@UModSys@@U?$TRefObjectFunc@UILibraryLayered@libmedia@UModSys@@@tl@3@@tl@4@AEBU?$TString@U?$TSCoreConst@D@su@tl@UModSys@@U?$TComparerBinaryHash@D@234@@64@AEBUSParameters@core@4@PEBD@Z 0000000180003820 f i plugin_test1.obj
 0001:000029d0       ??$generate_type@UILibraryObjCache@libmedia@UModSys@@@RTest1_Shell@test1@test@modules@UModSys@@SA?AU?$TRefObject@UILibraryObjCache@libmedia@UModSys@@U?$TRefObjectFunc@UILibraryObjCache@libmedia@UModSys@@@tl@3@@tl@4@AEBU?$TString@U?$TSCoreConst@D@su@tl@UModSys@@U?$TComparerBinaryHash@D@234@@64@AEBUSParameters@core@4@PEBD@Z 00000001800039d0 f i plugin_test1.obj
 0001:00002b80       ??$generate_type@UILibraryBinCache@libmedia@UModSys@@@RTest1_Shell@test1@test@modules@UModSys@@SA?AU?$TRefObject@UILibraryBinCache@libmedia@UModSys@@U?$TRefObjectFunc@UILibraryBinCache@libmedia@UModSys@@@tl@3@@tl@4@AEBU?$TString@U?$TSCoreConst@D@su@tl@UModSys@@U?$TComparerBinaryHash@D@234@@64@AEBUSParameters@core@4@PEBD@Z 0000000180003b80 f i plugin_test1.obj
 0001:00002d30       ??$generate_type@UICollector@libui@UModSys@@@RTest1_Shell@test1@test@modules@UModSys@@SA?AU?$TRefObject@UICollector@libui@UModSys@@U?$TRefObjectFunc@UICollector@libui@UModSys@@@tl@3@@tl@4@AEBU?$TString@U?$TSCoreConst@D@su@tl@UModSys@@U?$TComparerBinaryHash@D@234@@64@AEBUSParameters@core@4@PEBD@Z 0000000180003d30 f i plugin_test1.obj
 0001:00002ee0       ??$generate_type@UITerminal@libui@UModSys@@@RTest1_Shell@test1@test@modules@UModSys@@SA?AU?$TRefObject@UITerminal@libui@UModSys@@U?$TRefObjectFunc@UITerminal@libui@UModSys@@@tl@3@@tl@4@AEBU?$TString@U?$TSCoreConst@D@su@tl@UModSys@@U?$TComparerBinaryHash@D@234@@64@AEBUSParameters@core@4@PEBD@Z 0000000180003ee0 f i plugin_test1.obj
 0001:00003090       ??$generate_type@UIRenderer@lib3d@UModSys@@@RTest1_Shell@test1@test@modules@UModSys@@SA?AU?$TRefObject@UIRenderer@lib3d@UModSys@@U?$TRefObjectFunc@UIRenderer@lib3d@UModSys@@@tl@3@@tl@4@AEBU?$TString@U?$TSCoreConst@D@su@tl@UModSys@@U?$TComparerBinaryHash@D@234@@64@AEBUSParameters@core@4@PEBD@Z 0000000180004090 f i plugin_test1.obj
 0001:00003240       ??$generate_type@UIVisualizerScene@lib3d@UModSys@@@RTest1_Shell@test1@test@modules@UModSys@@SA?AU?$TRefObject@UIVisualizerScene@lib3d@UModSys@@U?$TRefObjectFunc@UIVisualizerScene@lib3d@UModSys@@@tl@3@@tl@4@AEBU?$TString@U?$TSCoreConst@D@su@tl@UModSys@@U?$TComparerBinaryHash@D@234@@64@AEBUSParameters@core@4@PEBD@Z 0000000180004240 f i plugin_test1.obj
 0001:000033f0       ??$generate_type@UIGeneralObject@lib3d@UModSys@@@RTest1_Shell@test1@test@modules@UModSys@@SA?AU?$TRefObject@UIGeneralObject@lib3d@UModSys@@U?$TRefObjectFunc@UIGeneralObject@lib3d@UModSys@@@tl@3@@tl@4@AEBU?$TString@U?$TSCoreConst@D@su@tl@UModSys@@U?$TComparerBinaryHash@D@234@@64@AEBUSParameters@core@4@PEBD@Z 00000001800043f0 f i plugin_test1.obj
 0001:000035a0       ??$shash@D@su@tl@UModSys@@YA_KPEBD_K@Z 00000001800045a0 f i plugin_test1.obj
 0001:000035e0       ??1?$TRefObject@UIModObject@base@UModSys@@U?$TModObjectFunc@UIModObject@base@UModSys@@@tl@3@@tl@UModSys@@QEAA@XZ 00000001800045e0 f i plugin_test1.obj
 0001:00003610       ?mult@?$TMatrix44@N@math3d@UModSys@@QEAAXAEBU123@0@Z 0000000180004610 f i plugin_test1.obj
 0001:000039e0       ?get_determinant@?$TMatrix44@N@math3d@UModSys@@QEBANXZ 00000001800049e0 f i plugin_test1.obj
 0001:00003c00       ??$t_ref_get_other_interface@UIStreamReader@libmedia@UModSys@@U?$TRefObjectFunc@UIStreamReader@libmedia@UModSys@@@tl@3@@IRefObject@core@UModSys@@QEAA_NAEAU?$TRefObject@UIStreamReader@libmedia@UModSys@@U?$TRefObjectFunc@UIStreamReader@libmedia@UModSys@@@tl@3@@tl@2@@Z 0000000180004c00 f i plugin_test1.obj
 0001:00003c50       ??$t_ref_get_other_interface@UIStreamWriter@libmedia@UModSys@@U?$TRefObjectFunc@UIStreamWriter@libmedia@UModSys@@@tl@3@@IRefObject@core@UModSys@@QEAA_NAEAU?$TRefObject@UIStreamWriter@libmedia@UModSys@@U?$TRefObjectFunc@UIStreamWriter@libmedia@UModSys@@@tl@3@@tl@2@@Z 0000000180004c50 f i plugin_test1.obj
 0001:00003ca0       ??$t_generate@UIBinArchive@libmedia@UModSys@@@SModuleContext@base@UModSys@@QEAA_NAEAU?$TRefObject@UIBinArchive@libmedia@UModSys@@U?$TRefObjectFunc@UIBinArchive@libmedia@UModSys@@@tl@3@@tl@2@PEBUSUniquePointerInfo@core@2@AEBUSParameters@62@@Z 0000000180004ca0 f i plugin_test1.obj
 0001:00003d70       ??$t_generate@UIClient@IBinArchiveFrame@libmedia@UModSys@@@SModuleContext@base@UModSys@@QEAA_NAEAU?$TRefObject@UIClient@IBinArchiveFrame@libmedia@UModSys@@U?$TRefObjectFunc@UIClient@IBinArchiveFrame@libmedia@UModSys@@@tl@4@@tl@2@PEBUSUniquePointerInfo@core@2@AEBUSParameters@62@@Z 0000000180004d70 f i plugin_test1.obj
 0001:00003e40       ??$t_generate@UIBinArchiveFrame@libmedia@UModSys@@@SModuleContext@base@UModSys@@QEAA_NAEAU?$TRefObject@UIBinArchiveFrame@libmedia@UModSys@@U?$TRefObjectFunc@UIBinArchiveFrame@libmedia@UModSys@@@tl@3@@tl@2@PEBUSUniquePointerInfo@core@2@AEBUSParameters@62@@Z 0000000180004e40 f i plugin_test1.obj
 0001:00003f10       ??$t_generate@UIBinObjFilter@libmedia@UModSys@@@SModuleContext@base@UModSys@@QEAA_NAEAU?$TRefObject@UIBinObjFilter@libmedia@UModSys@@U?$TRefObjectFunc@UIBinObjFilter@libmedia@UModSys@@@tl@3@@tl@2@PEBUSUniquePointerInfo@core@2@AEBUSParameters@62@@Z 0000000180004f10 f i plugin_test1.obj
 0001:00003fe0       ??$t_generate@UIUtilities@libmedia@UModSys@@@SModuleContext@base@UModSys@@QEAA_NAEAU?$TRefObject@UIUtilities@libmedia@UModSys@@U?$TRefObjectFunc@UIUtilities@libmedia@UModSys@@@tl@3@@tl@2@PEBUSUniquePointerInfo@core@2@AEBUSParameters@62@@Z 0000000180004fe0 f i plugin_test1.obj
 0001:000040b0       ??$t_generate@UILibraryBinTree@libmedia@UModSys@@@SModuleContext@base@UModSys@@QEAA_NAEAU?$TRefObject@UILibraryBinTree@libmedia@UModSys@@U?$TRefObjectFunc@UILibraryBinTree@libmedia@UModSys@@@tl@3@@tl@2@PEBUSUniquePointerInfo@core@2@AEBUSParameters@62@@Z 00000001800050b0 f i plugin_test1.obj
 0001:00004180       ??$t_generate@UILibraryObjFilter@libmedia@UModSys@@@SModuleContext@base@UModSys@@QEAA_NAEAU?$TRefObject@UILibraryObjFilter@libmedia@UModSys@@U?$TRefObjectFunc@UILibraryObjFilter@libmedia@UModSys@@@tl@3@@tl@2@PEBUSUniquePointerInfo@core@2@AEBUSParameters@62@@Z 0000000180005180 f i plugin_test1.obj
 0001:00004250       ??$t_generate@UILibraryLayered@libmedia@UModSys@@@SModuleContext@base@UModSys@@QEAA_NAEAU?$TRefObject@UILibraryLayered@libmedia@UModSys@@U?$TRefObjectFunc@UILibraryLayered@libmedia@UModSys@@@tl@3@@tl@2@PEBUSUniquePointerInfo@core@2@AEBUSParameters@62@@Z 0000000180005250 f i plugin_test1.obj
 0001:00004320       ??$t_generate@UILibraryObjCache@libmedia@UModSys@@@SModuleContext@base@UModSys@@QEAA_NAEAU?$TRefObject@UILibraryObjCache@libmedia@UModSys@@U?$TRefObjectFunc@UILibraryObjCache@libmedia@UModSys@@@tl@3@@tl@2@PEBUSUniquePointerInfo@core@2@AEBUSParameters@62@@Z 0000000180005320 f i plugin_test1.obj
 0001:000043f0       ??$t_generate@UILibraryBinCache@libmedia@UModSys@@@SModuleContext@base@UModSys@@QEAA_NAEAU?$TRefObject@UILibraryBinCache@libmedia@UModSys@@U?$TRefObjectFunc@UILibraryBinCache@libmedia@UModSys@@@tl@3@@tl@2@PEBUSUniquePointerInfo@core@2@AEBUSParameters@62@@Z 00000001800053f0 f i plugin_test1.obj
 0001:000044c0       ??$t_generate@UICollector@libui@UModSys@@@SModuleContext@base@UModSys@@QEAA_NAEAU?$TRefObject@UICollector@libui@UModSys@@U?$TRefObjectFunc@UICollector@libui@UModSys@@@tl@3@@tl@2@PEBUSUniquePointerInfo@core@2@AEBUSParameters@62@@Z 00000001800054c0 f i plugin_test1.obj
 0001:00004590       ??$t_generate@UITerminal@libui@UModSys@@@SModuleContext@base@UModSys@@QEAA_NAEAU?$TRefObject@UITerminal@libui@UModSys@@U?$TRefObjectFunc@UITerminal@libui@UModSys@@@tl@3@@tl@2@PEBUSUniquePointerInfo@core@2@AEBUSParameters@62@@Z 0000000180005590 f i plugin_test1.obj
 0001:00004660       ??$t_generate@UIRenderer@lib3d@UModSys@@@SModuleContext@base@UModSys@@QEAA_NAEAU?$TRefObject@UIRenderer@lib3d@UModSys@@U?$TRefObjectFunc@UIRenderer@lib3d@UModSys@@@tl@3@@tl@2@PEBUSUniquePointerInfo@core@2@AEBUSParameters@62@@Z 0000000180005660 f i plugin_test1.obj
 0001:00004730       ??$t_generate@UIVisualizerScene@lib3d@UModSys@@@SModuleContext@base@UModSys@@QEAA_NAEAU?$TRefObject@UIVisualizerScene@lib3d@UModSys@@U?$TRefObjectFunc@UIVisualizerScene@lib3d@UModSys@@@tl@3@@tl@2@PEBUSUniquePointerInfo@core@2@AEBUSParameters@62@@Z 0000000180005730 f i plugin_test1.obj
 0001:00004800       ??$t_generate@UIGeneralObject@lib3d@UModSys@@@SModuleContext@base@UModSys@@QEAA_NAEAU?$TRefObject@UIGeneralObject@lib3d@UModSys@@U?$TRefObjectFunc@UIGeneralObject@lib3d@UModSys@@@tl@3@@tl@2@PEBUSUniquePointerInfo@core@2@AEBUSParameters@62@@Z 0000000180005800 f i plugin_test1.obj
 0001:000048d0       ??$t_ref_get_other_interface@UIImage@lib2d@UModSys@@U?$TRefObjectFunc@UIImage@lib2d@UModSys@@@tl@3@@IRefObject@core@UModSys@@QEAA_NAEAU?$TRefObject@UIImage@lib2d@UModSys@@U?$TRefObjectFunc@UIImage@lib2d@UModSys@@@tl@3@@tl@2@@Z 00000001800058d0 f i plugin_test1.obj
 0001:00004920       ??$t_ref_get_other_interface@UIImageFactory@lib2d@UModSys@@U?$TRefObjectFunc@UIImageFactory@lib2d@UModSys@@@tl@3@@IRefObject@core@UModSys@@QEAA_NAEAU?$TRefObject@UIImageFactory@lib2d@UModSys@@U?$TRefObjectFunc@UIImageFactory@lib2d@UModSys@@@tl@3@@tl@2@@Z 0000000180005920 f i plugin_test1.obj
 0001:00004970       ??$t_ref_get_other_interface@UIMultiImage@lib2d@UModSys@@U?$TRefObjectFunc@UIMultiImage@lib2d@UModSys@@@tl@3@@IRefObject@core@UModSys@@QEAA_NAEAU?$TRefObject@UIMultiImage@lib2d@UModSys@@U?$TRefObjectFunc@UIMultiImage@lib2d@UModSys@@@tl@3@@tl@2@@Z 0000000180005970 f i plugin_test1.obj
 0001:000049c0       ?root_get_interface_info@RRenderer@stdlib@lib3d@modules@UModSys@@UEBAAEBUSUniquePointerInfo@core@5@XZ 00000001800059c0 f i umodsys_lib_lib3d:umodsys.mod.3d.stdlib.obj
 0001:000049d0       ?root_get_interface_type@RRenderer@stdlib@lib3d@modules@UModSys@@UEBAPEBUSUniquePointerInfo@core@5@XZ 00000001800059d0 f i umodsys_lib_lib3d:umodsys.mod.3d.stdlib.obj
 0001:000049e0       ?root_get_other_interface@RRenderer@stdlib@lib3d@modules@UModSys@@UEAAPEAUIRoot@core@5@PEBUSUniquePointerInfo@75@@Z 00000001800059e0 f i umodsys_lib_lib3d:umodsys.mod.3d.stdlib.obj
 0001:000049e0       ?root_get_other_interface@RRenderer@stdlib@lib3d@modules@UModSys@@UEBAPEBUIRoot@core@5@PEBUSUniquePointerInfo@75@@Z 00000001800059e0 f i umodsys_lib_lib3d:umodsys.mod.3d.stdlib.obj
 0001:00004a10       ?root_is_interface_supported@RRenderer@stdlib@lib3d@modules@UModSys@@UEBA_NPEBUSUniquePointerInfo@core@5@@Z 0000000180005a10 f i umodsys_lib_lib3d:umodsys.mod.3d.stdlib.obj
 0001:00004a40       ?suicide@RVisualSceneMapper_Direct@stdlib@lib3d@modules@UModSys@@UEAAXXZ 0000000180005a40 f i umodsys_lib_lib3d:umodsys.mod.3d.stdlib.obj
 0001:00004a40       ?suicide@RRenderer@stdlib@lib3d@modules@UModSys@@UEAAXXZ 0000000180005a40 f i umodsys_lib_lib3d:umodsys.mod.3d.stdlib.obj
 0001:00004a40       ?suicide@RSerializeWriter@serialize_json@media@modules@UModSys@@UEAAXXZ 0000000180005a40 f i umodsys_lib_libmedia:umodsys.mod.media.serialize_json.obj
 0001:00004a90       ?root_get_interface_info@RVisualizerScene@stdlib@lib3d@modules@UModSys@@UEBAAEBUSUniquePointerInfo@core@5@XZ 0000000180005a90 f i umodsys_lib_lib3d:umodsys.mod.3d.stdlib.obj
 0001:00004aa0       ?root_get_interface_type@RVisualizerScene@stdlib@lib3d@modules@UModSys@@UEBAPEBUSUniquePointerInfo@core@5@XZ 0000000180005aa0 f i umodsys_lib_lib3d:umodsys.mod.3d.stdlib.obj
 0001:00004ab0       ?root_get_other_interface@RVisualizerScene@stdlib@lib3d@modules@UModSys@@UEAAPEAUIRoot@core@5@PEBUSUniquePointerInfo@75@@Z 0000000180005ab0 f i umodsys_lib_lib3d:umodsys.mod.3d.stdlib.obj
 0001:00004ab0       ?root_get_other_interface@RVisualizerScene@stdlib@lib3d@modules@UModSys@@UEBAPEBUIRoot@core@5@PEBUSUniquePointerInfo@75@@Z 0000000180005ab0 f i umodsys_lib_lib3d:umodsys.mod.3d.stdlib.obj
 0001:00004af0       ?root_is_interface_supported@RVisualizerScene@stdlib@lib3d@modules@UModSys@@UEBA_NPEBUSUniquePointerInfo@core@5@@Z 0000000180005af0 f i umodsys_lib_lib3d:umodsys.mod.3d.stdlib.obj
 0001:00004b30       ?root_get_interface_info@RVisualSceneMapper_Direct@stdlib@lib3d@modules@UModSys@@UEBAAEBUSUniquePointerInfo@core@5@XZ 0000000180005b30 f i umodsys_lib_lib3d:umodsys.mod.3d.stdlib.obj
 0001:00004b40       ?root_get_interface_type@RVisualSceneMapper_Direct@stdlib@lib3d@modules@UModSys@@UEBAPEBUSUniquePointerInfo@core@5@XZ 0000000180005b40 f i umodsys_lib_lib3d:umodsys.mod.3d.stdlib.obj
 0001:00004b50       ?root_get_other_interface@RVisualSceneMapper_Direct@stdlib@lib3d@modules@UModSys@@UEAAPEAUIRoot@core@5@PEBUSUniquePointerInfo@75@@Z 0000000180005b50 f i umodsys_lib_lib3d:umodsys.mod.3d.stdlib.obj
 0001:00004b50       ?root_get_other_interface@RVisualSceneMapper_Direct@stdlib@lib3d@modules@UModSys@@UEBAPEBUIRoot@core@5@PEBUSUniquePointerInfo@75@@Z 0000000180005b50 f i umodsys_lib_lib3d:umodsys.mod.3d.stdlib.obj
 0001:00004b80       ?root_is_interface_supported@RVisualSceneMapper_Direct@stdlib@lib3d@modules@UModSys@@UEBA_NPEBUSUniquePointerInfo@core@5@@Z 0000000180005b80 f i umodsys_lib_lib3d:umodsys.mod.3d.stdlib.obj
 0001:00004bb0       ?ref_weak@RSerializeWriter@serialize_json@media@modules@UModSys@@UEBA_NAEAUWeakPointer@IRefObject@core@5@@Z 0000000180005bb0 f i umodsys_lib_libmedia:umodsys.mod.media.serialize_json.obj
 0001:00004bb0       ?ref_weak@RVisualSceneMapper_Direct@stdlib@lib3d@modules@UModSys@@UEBA_NAEAUWeakPointer@IRefObject@core@5@@Z 0000000180005bb0 f i umodsys_lib_lib3d:umodsys.mod.3d.stdlib.obj
 0001:00004bb0       ?ref_weak@RRenderer@stdlib@lib3d@modules@UModSys@@UEBA_NAEAUWeakPointer@IRefObject@core@5@@Z 0000000180005bb0 f i umodsys_lib_lib3d:umodsys.mod.3d.stdlib.obj
 0001:00004bd0       ?root_get_interface_info@RGeneral@object_primitive@stdlib@lib3d@modules@UModSys@@UEBAAEBUSUniquePointerInfo@core@6@XZ 0000000180005bd0 f i umodsys_lib_lib3d:umodsys.mod.3d.stdlib.obj
 0001:00004be0       ?root_get_interface_type@RGeneral@object_primitive@stdlib@lib3d@modules@UModSys@@UEBAPEBUSUniquePointerInfo@core@6@XZ 0000000180005be0 f i umodsys_lib_lib3d:umodsys.mod.3d.stdlib.obj
 0001:00004bf0       ?root_get_other_interface@RGeneral@object_primitive@stdlib@lib3d@modules@UModSys@@UEAAPEAUIRoot@core@6@PEBUSUniquePointerInfo@86@@Z 0000000180005bf0 f i umodsys_lib_lib3d:umodsys.mod.3d.stdlib.obj
 0001:00004bf0       ?root_get_other_interface@RGeneral@object_primitive@stdlib@lib3d@modules@UModSys@@UEBAPEBUIRoot@core@6@PEBUSUniquePointerInfo@86@@Z 0000000180005bf0 f i umodsys_lib_lib3d:umodsys.mod.3d.stdlib.obj
 0001:00004c20       ?root_is_interface_supported@RGeneral@object_primitive@stdlib@lib3d@modules@UModSys@@UEBA_NPEBUSUniquePointerInfo@core@6@@Z 0000000180005c20 f i umodsys_lib_lib3d:umodsys.mod.3d.stdlib.obj
 0001:00004c50       ?root_get_interface_info@RRender@object_primitive@stdlib@lib3d@modules@UModSys@@UEBAAEBUSUniquePointerInfo@core@6@XZ 0000000180005c50 f i umodsys_lib_lib3d:umodsys.mod.3d.stdlib.obj
 0001:00004c60       ?root_get_interface_type@RRender@object_primitive@stdlib@lib3d@modules@UModSys@@UEBAPEBUSUniquePointerInfo@core@6@XZ 0000000180005c60 f i umodsys_lib_lib3d:umodsys.mod.3d.stdlib.obj
 0001:00004c70       ?root_get_other_interface@RRender@object_primitive@stdlib@lib3d@modules@UModSys@@UEAAPEAUIRoot@core@6@PEBUSUniquePointerInfo@86@@Z 0000000180005c70 f i umodsys_lib_lib3d:umodsys.mod.3d.stdlib.obj
 0001:00004c70       ?root_get_other_interface@RRender@object_primitive@stdlib@lib3d@modules@UModSys@@UEBAPEBUIRoot@core@6@PEBUSUniquePointerInfo@86@@Z 0000000180005c70 f i umodsys_lib_lib3d:umodsys.mod.3d.stdlib.obj
 0001:00004cb0       ?root_is_interface_supported@RRender@object_primitive@stdlib@lib3d@modules@UModSys@@UEBA_NPEBUSUniquePointerInfo@core@6@@Z 0000000180005cb0 f i umodsys_lib_lib3d:umodsys.mod.3d.stdlib.obj
 0001:00004cf0       ?ref_links@RRender@object_primitive@stdlib@lib3d@modules@UModSys@@UEBAHXZ 0000000180005cf0 f i umodsys_lib_lib3d:umodsys.mod.3d.stdlib.obj
 0001:00004cf0       ?ref_links@RMediaFilter@images_std@media@modules@UModSys@@UEBAHXZ 0000000180005cf0 f i umodsys_lib_libmedia:umodsys.mod.media.images_std.obj
 0001:00004d00       ?ref_weak@RRender@object_primitive@stdlib@lib3d@modules@UModSys@@UEBA_NAEAUWeakPointer@IRefObject@core@6@@Z 0000000180005d00 f i umodsys_lib_lib3d:umodsys.mod.3d.stdlib.obj
 0001:00004d00       ?ref_weak@RMediaFilter@images_std@media@modules@UModSys@@UEBA_NAEAUWeakPointer@IRefObject@core@5@@Z 0000000180005d00 f i umodsys_lib_libmedia:umodsys.mod.media.images_std.obj
 0001:00004d20       ?suicide@RRender@object_primitive@stdlib@lib3d@modules@UModSys@@UEAAXXZ 0000000180005d20 f i umodsys_lib_lib3d:umodsys.mod.3d.stdlib.obj
 0001:00004d70       ?root_get_interface_info@RVisual@object_primitive@stdlib@lib3d@modules@UModSys@@UEBAAEBUSUniquePointerInfo@core@6@XZ 0000000180005d70 f i umodsys_lib_lib3d:umodsys.mod.3d.stdlib.obj
 0001:00004d80       ?root_get_interface_type@RVisual@object_primitive@stdlib@lib3d@modules@UModSys@@UEBAPEBUSUniquePointerInfo@core@6@XZ 0000000180005d80 f i umodsys_lib_lib3d:umodsys.mod.3d.stdlib.obj
 0001:00004d90       ?root_get_other_interface@RVisual@object_primitive@stdlib@lib3d@modules@UModSys@@UEAAPEAUIRoot@core@6@PEBUSUniquePointerInfo@86@@Z 0000000180005d90 f i umodsys_lib_lib3d:umodsys.mod.3d.stdlib.obj
 0001:00004d90       ?root_get_other_interface@RVisual@object_primitive@stdlib@lib3d@modules@UModSys@@UEBAPEBUIRoot@core@6@PEBUSUniquePointerInfo@86@@Z 0000000180005d90 f i umodsys_lib_lib3d:umodsys.mod.3d.stdlib.obj
 0001:00004dd0       ?root_is_interface_supported@RVisual@object_primitive@stdlib@lib3d@modules@UModSys@@UEBA_NPEBUSUniquePointerInfo@core@6@@Z 0000000180005dd0 f i umodsys_lib_lib3d:umodsys.mod.3d.stdlib.obj
 0001:00004e10       ?root_get_interface_info@RGeneral@object_camera@stdlib@lib3d@modules@UModSys@@UEBAAEBUSUniquePointerInfo@core@6@XZ 0000000180005e10 f i umodsys_lib_lib3d:umodsys.mod.3d.stdlib.obj
 0001:00004e20       ?root_get_interface_type@RGeneral@object_camera@stdlib@lib3d@modules@UModSys@@UEBAPEBUSUniquePointerInfo@core@6@XZ 0000000180005e20 f i umodsys_lib_lib3d:umodsys.mod.3d.stdlib.obj
 0001:00004e30       ?root_get_other_interface@RGeneral@object_camera@stdlib@lib3d@modules@UModSys@@UEAAPEAUIRoot@core@6@PEBUSUniquePointerInfo@86@@Z 0000000180005e30 f i umodsys_lib_lib3d:umodsys.mod.3d.stdlib.obj
 0001:00004e30       ?root_get_other_interface@RGeneral@object_camera@stdlib@lib3d@modules@UModSys@@UEBAPEBUIRoot@core@6@PEBUSUniquePointerInfo@86@@Z 0000000180005e30 f i umodsys_lib_lib3d:umodsys.mod.3d.stdlib.obj
 0001:00004e60       ?root_is_interface_supported@RGeneral@object_camera@stdlib@lib3d@modules@UModSys@@UEBA_NPEBUSUniquePointerInfo@core@6@@Z 0000000180005e60 f i umodsys_lib_lib3d:umodsys.mod.3d.stdlib.obj
 0001:00004e90       ?root_get_interface_info@RVisual@object_camera@stdlib@lib3d@modules@UModSys@@UEBAAEBUSUniquePointerInfo@core@6@XZ 0000000180005e90 f i umodsys_lib_lib3d:umodsys.mod.3d.stdlib.obj
 0001:00004ea0       ?root_get_interface_type@RVisual@object_camera@stdlib@lib3d@modules@UModSys@@UEBAPEBUSUniquePointerInfo@core@6@XZ 0000000180005ea0 f i umodsys_lib_lib3d:umodsys.mod.3d.stdlib.obj
 0001:00004eb0       ?root_get_other_interface@RVisual@object_camera@stdlib@lib3d@modules@UModSys@@UEBAPEBUIRoot@core@6@PEBUSUniquePointerInfo@86@@Z 0000000180005eb0 f i umodsys_lib_lib3d:umodsys.mod.3d.stdlib.obj
 0001:00004eb0       ?root_get_other_interface@RVisual@object_camera@stdlib@lib3d@modules@UModSys@@UEAAPEAUIRoot@core@6@PEBUSUniquePointerInfo@86@@Z 0000000180005eb0 f i umodsys_lib_lib3d:umodsys.mod.3d.stdlib.obj
 0001:00004ef0       ?root_is_interface_supported@RVisual@object_camera@stdlib@lib3d@modules@UModSys@@UEBA_NPEBUSUniquePointerInfo@core@6@@Z 0000000180005ef0 f i umodsys_lib_lib3d:umodsys.mod.3d.stdlib.obj
 0001:00004f30       ?ref_add@RVisual@object_camera@stdlib@lib3d@modules@UModSys@@UEBAXXZ 0000000180005f30 f i umodsys_lib_lib3d:umodsys.mod.3d.stdlib.obj
 0001:00004f30       ?ref_add@RVisual@object_primitive@stdlib@lib3d@modules@UModSys@@UEBAXXZ 0000000180005f30 f i umodsys_lib_lib3d:umodsys.mod.3d.stdlib.obj
 0001:00004f40       ?ref_remove@RVisual@object_primitive@stdlib@lib3d@modules@UModSys@@UEBAXXZ 0000000180005f40 f i umodsys_lib_lib3d:umodsys.mod.3d.stdlib.obj
 0001:00004f40       ?ref_remove@RVisual@object_camera@stdlib@lib3d@modules@UModSys@@UEBAXXZ 0000000180005f40 f i umodsys_lib_lib3d:umodsys.mod.3d.stdlib.obj
 0001:00004f60       ?ref_links@RVisual@object_camera@stdlib@lib3d@modules@UModSys@@UEBAHXZ 0000000180005f60 f i umodsys_lib_lib3d:umodsys.mod.3d.stdlib.obj
 0001:00004f60       ?ref_links@RVisual@object_primitive@stdlib@lib3d@modules@UModSys@@UEBAHXZ 0000000180005f60 f i umodsys_lib_lib3d:umodsys.mod.3d.stdlib.obj
 0001:00004f70       ?ref_weak@RVisual@object_primitive@stdlib@lib3d@modules@UModSys@@UEBA_NAEAUWeakPointer@IRefObject@core@6@@Z 0000000180005f70 f i umodsys_lib_lib3d:umodsys.mod.3d.stdlib.obj
 0001:00004f70       ?ref_weak@RVisual@object_camera@stdlib@lib3d@modules@UModSys@@UEBA_NAEAUWeakPointer@IRefObject@core@6@@Z 0000000180005f70 f i umodsys_lib_lib3d:umodsys.mod.3d.stdlib.obj
 0001:00004fa0       ?suicide@RVisual@object_primitive@stdlib@lib3d@modules@UModSys@@UEAAXXZ 0000000180005fa0 f i umodsys_lib_lib3d:umodsys.mod.3d.stdlib.obj
 0001:00004fa0       ?suicide@RVisual@object_camera@stdlib@lib3d@modules@UModSys@@UEAAXXZ 0000000180005fa0 f i umodsys_lib_lib3d:umodsys.mod.3d.stdlib.obj
 0001:00004ff0       ?get_generated_names@RGenerator@stdlib@lib3d@modules@UModSys@@UEBAHAEAUSUniquePtrList@core@5@@Z 0000000180005ff0 f i umodsys_lib_lib3d:umodsys.mod.3d.stdlib.obj
 0001:00005050       ?get_generated_types@RGenerator@stdlib@lib3d@modules@UModSys@@UEBAHAEAUSUniquePtrList@core@5@PEBUSUniquePointerInfo@75@@Z 0000000180006050 f i umodsys_lib_lib3d:umodsys.mod.3d.stdlib.obj
 0001:00005160       ?generate@RGenerator@stdlib@lib3d@modules@UModSys@@UEAA_NAEAU?$TRefObject@UIRefObject@core@UModSys@@U?$TRefObjectFunc@UIRefObject@core@UModSys@@@tl@3@@tl@5@PEBUSUniquePointerInfo@core@5@AEBUSParameters@95@@Z 0000000180006160 f i umodsys_lib_lib3d:umodsys.mod.3d.stdlib.obj
 0001:00005330       ?root_get_interface_info@RGenerator@stdlib@lib3d@modules@UModSys@@UEBAAEBUSUniquePointerInfo@core@5@XZ 0000000180006330 f i umodsys_lib_lib3d:umodsys.mod.3d.stdlib.obj
 0001:00005340       ?root_get_interface_type@RGenerator@stdlib@lib3d@modules@UModSys@@UEBAPEBUSUniquePointerInfo@core@5@XZ 0000000180006340 f i umodsys_lib_lib3d:umodsys.mod.3d.stdlib.obj
 0001:00005350       ?root_get_other_interface@RGenerator@stdlib@lib3d@modules@UModSys@@UEAAPEAUIRoot@core@5@PEBUSUniquePointerInfo@75@@Z 0000000180006350 f i umodsys_lib_lib3d:umodsys.mod.3d.stdlib.obj
 0001:00005350       ?root_get_other_interface@RGenerator@stdlib@lib3d@modules@UModSys@@UEBAPEBUIRoot@core@5@PEBUSUniquePointerInfo@75@@Z 0000000180006350 f i umodsys_lib_lib3d:umodsys.mod.3d.stdlib.obj
 0001:00005390       ?root_is_interface_supported@RGenerator@stdlib@lib3d@modules@UModSys@@UEBA_NPEBUSUniquePointerInfo@core@5@@Z 0000000180006390 f i umodsys_lib_lib3d:umodsys.mod.3d.stdlib.obj
 0001:000053d0       ?get_uid@RGenerator@stdlib@lib3d@modules@UModSys@@UEBAPEBUSUniquePointerInfo@core@5@XZ 00000001800063d0 f i umodsys_lib_lib3d:umodsys.mod.3d.stdlib.obj
 0001:000053e0       ??_GRRenderer@stdlib@lib3d@modules@UModSys@@UEAAPEAXI@Z 00000001800063e0 f i umodsys_lib_lib3d:umodsys.mod.3d.stdlib.obj
 0001:000053e0       ??_ERRenderer@stdlib@lib3d@modules@UModSys@@UEAAPEAXI@Z 00000001800063e0 f i  CIL library: CIL module
 0001:00005410       ??_ERVisualizerScene@stdlib@lib3d@modules@UModSys@@UEAAPEAXI@Z 0000000180006410 f i  CIL library: CIL module
 0001:00005410       ??_GRVisualizerScene@stdlib@lib3d@modules@UModSys@@UEAAPEAXI@Z 0000000180006410 f i umodsys_lib_lib3d:umodsys.mod.3d.stdlib.obj
 0001:00005440       ??_ERVisualSceneMapper_Direct@stdlib@lib3d@modules@UModSys@@UEAAPEAXI@Z 0000000180006440 f i  CIL library: CIL module
 0001:00005440       ??_GRVisualSceneMapper_Direct@stdlib@lib3d@modules@UModSys@@UEAAPEAXI@Z 0000000180006440 f i umodsys_lib_lib3d:umodsys.mod.3d.stdlib.obj
 0001:00005470       ??_ERGeneral@object_camera@stdlib@lib3d@modules@UModSys@@UEAAPEAXI@Z 0000000180006470 f i  CIL library: CIL module
 0001:00005470       ??_GRGeneral@object_camera@stdlib@lib3d@modules@UModSys@@UEAAPEAXI@Z 0000000180006470 f i umodsys_lib_lib3d:umodsys.mod.3d.stdlib.obj
 0001:000054a0       ??_GRVisual@object_camera@stdlib@lib3d@modules@UModSys@@UEAAPEAXI@Z 00000001800064a0 f i umodsys_lib_lib3d:umodsys.mod.3d.stdlib.obj
 0001:000054a0       ??_ERVisual@object_camera@stdlib@lib3d@modules@UModSys@@UEAAPEAXI@Z 00000001800064a0 f i  CIL library: CIL module
 0001:000054d0       ??_ERGeneral@object_primitive@stdlib@lib3d@modules@UModSys@@UEAAPEAXI@Z 00000001800064d0 f i  CIL library: CIL module
 0001:000054d0       ??_GRGeneral@object_primitive@stdlib@lib3d@modules@UModSys@@UEAAPEAXI@Z 00000001800064d0 f i umodsys_lib_lib3d:umodsys.mod.3d.stdlib.obj
 0001:00005500       ??_GRRender@object_primitive@stdlib@lib3d@modules@UModSys@@UEAAPEAXI@Z 0000000180006500 f i umodsys_lib_lib3d:umodsys.mod.3d.stdlib.obj
 0001:00005500       ??_ERRender@object_primitive@stdlib@lib3d@modules@UModSys@@UEAAPEAXI@Z 0000000180006500 f i  CIL library: CIL module
 0001:00005530       ??1IRenderObject_Brush@lib3d@UModSys@@UEAA@XZ 0000000180006530 f i umodsys_lib_lib3d:umodsys.mod.3d.stdlib.obj
 0001:00005570       ??_GRVisual@object_primitive@stdlib@lib3d@modules@UModSys@@UEAAPEAXI@Z 0000000180006570 f i umodsys_lib_lib3d:umodsys.mod.3d.stdlib.obj
 0001:00005570       ??_ERVisual@object_primitive@stdlib@lib3d@modules@UModSys@@UEAAPEAXI@Z 0000000180006570 f i  CIL library: CIL module
 0001:000055a0       ??1IVisualObject_Camera@lib3d@UModSys@@UEAA@XZ 00000001800065a0 f i umodsys_lib_lib3d:umodsys.mod.3d.stdlib.obj
 0001:000055a0       ??1IVisualObject_Brush@lib3d@UModSys@@UEAA@XZ 00000001800065a0 f i umodsys_lib_lib3d:umodsys.mod.3d.stdlib.obj
 0001:000055a0       ??1IBinObjFilter@libmedia@UModSys@@UEAA@XZ 00000001800065a0 f i plugin_test1.obj
 0001:000055e0       ?do_open@RModuleReg@stdlib@lib3d@modules@UModSys@@UEAA_NXZ 00000001800065e0 f i umodsys_lib_lib3d:umodsys.mod.3d.stdlib.obj
 0001:000055f0       ?do_close@RModuleReg@stdlib@lib3d@modules@UModSys@@UEAA_NXZ 00000001800065f0 f i umodsys_lib_lib3d:umodsys.mod.3d.stdlib.obj
 0001:00005600       ??_GRModuleReg@stdlib@lib3d@modules@UModSys@@UEAAPEAXI@Z 0000000180006600 f i umodsys_lib_lib3d:umodsys.mod.3d.stdlib.obj
 0001:00005600       ??_ERModuleReg@stdlib@lib3d@modules@UModSys@@UEAAPEAXI@Z 0000000180006600 f i  CIL library: CIL module
 0001:00005630       ??1?$TRStackSocket@PEAUIVisualObject@lib3d@UModSys@@U?$TDynarrayDynamic@PEAUIVisualObject@lib3d@UModSys@@U?$TAllocator@USIMemAlloc@core@UModSys@@USCountCalcPower2@23@@tl@3@@tl@3@@tl@UModSys@@QEAA@XZ 0000000180006630 f i umodsys_lib_lib3d:umodsys.mod.3d.stdlib.obj
 0001:00005640       ?isempty@?$TRStackSocket@PEAUIVisualObject@lib3d@UModSys@@U?$TDynarrayDynamic@PEAUIVisualObject@lib3d@UModSys@@U?$TAllocator@USIMemAlloc@core@UModSys@@USCountCalcPower2@23@@tl@3@@tl@3@@tl@UModSys@@UEBA_NXZ 0000000180006640 f i umodsys_lib_lib3d:umodsys.mod.3d.stdlib.obj
 0001:00005650       ?push@?$TRStackSocket@PEAUIVisualObject@lib3d@UModSys@@U?$TDynarrayDynamic@PEAUIVisualObject@lib3d@UModSys@@U?$TAllocator@USIMemAlloc@core@UModSys@@USCountCalcPower2@23@@tl@3@@tl@3@@tl@UModSys@@UEAA_NAEBQEAUIVisualObject@lib3d@3@@Z 0000000180006650 f i umodsys_lib_lib3d:umodsys.mod.3d.stdlib.obj
 0001:000056b0       ?pop@?$TRStackSocket@PEAUIVisualObject@lib3d@UModSys@@U?$TDynarrayDynamic@PEAUIVisualObject@lib3d@UModSys@@U?$TAllocator@USIMemAlloc@core@UModSys@@USCountCalcPower2@23@@tl@3@@tl@3@@tl@UModSys@@UEAA_NAEAPEAUIVisualObject@lib3d@3@@Z 00000001800066b0 f i umodsys_lib_lib3d:umodsys.mod.3d.stdlib.obj
 0001:000056e0       ??1?$TDynarray@U?$TDynarrayHolderDynamic@UScene@IVisualizerScene@lib3d@UModSys@@U?$TAllocator@USIMemAlloc@core@UModSys@@USCountCalcPower2@23@@tl@4@@tl@UModSys@@@tl@UModSys@@QEAA@XZ 00000001800066e0 f i umodsys_lib_lib3d:umodsys.mod.3d.stdlib.obj
 0001:00005750       ?Free@?$TDynarray@U?$TDynarrayHolderDynamic@PEAUIVisualObject@lib3d@UModSys@@U?$TAllocator@USIMemAlloc@core@UModSys@@USCountCalcPower2@23@@tl@3@@tl@UModSys@@@tl@UModSys@@QEAA_NXZ 0000000180006750 f i umodsys_lib_lib3d:umodsys.mod.3d.stdlib.obj
 0001:000057d0       ?Push@?$TDynarray@U?$TDynarrayHolderDynamic@UScene@IVisualizerScene@lib3d@UModSys@@U?$TAllocator@USIMemAlloc@core@UModSys@@USCountCalcPower2@23@@tl@4@@tl@UModSys@@@tl@UModSys@@QEAA_NAEBUScene@IVisualizerScene@lib3d@3@@Z 00000001800067d0 f i umodsys_lib_lib3d:umodsys.mod.3d.stdlib.obj
 0001:00005860       ?ResizeRel@?$TDynarray@U?$TDynarrayHolderDynamic@UScene@IVisualizerScene@lib3d@UModSys@@U?$TAllocator@USIMemAlloc@core@UModSys@@USCountCalcPower2@23@@tl@4@@tl@UModSys@@@tl@UModSys@@QEAA_N_J@Z 0000000180006860 f i umodsys_lib_lib3d:umodsys.mod.3d.stdlib.obj
 0001:00005920       ?RemoveAt@?$TDynarray@U?$TDynarrayHolderDynamic@UScene@IVisualizerScene@lib3d@UModSys@@U?$TAllocator@USIMemAlloc@core@UModSys@@USCountCalcPower2@23@@tl@4@@tl@UModSys@@@tl@UModSys@@QEAA_N_K0@Z 0000000180006920 f i umodsys_lib_lib3d:umodsys.mod.3d.stdlib.obj
 0001:000059a0       ?ReLink@?$TDynarray@U?$TDynarrayHolderDynamic@UScene@IVisualizerScene@lib3d@UModSys@@U?$TAllocator@USIMemAlloc@core@UModSys@@USCountCalcPower2@23@@tl@4@@tl@UModSys@@@tl@UModSys@@IEAA_N_K@Z 00000001800069a0 f i umodsys_lib_lib3d:umodsys.mod.3d.stdlib.obj
 0001:00005a10       ?ReLink@?$TDynarray@U?$TDynarrayHolderDynamic@UNode@RSerializeReader@serialize_json@media@modules@UModSys@@U?$TAllocator@USIMemAlloc@core@UModSys@@USCountCalcPower2@23@@tl@6@@tl@UModSys@@@tl@UModSys@@IEAA_N_K@Z 0000000180006a10 f i umodsys_lib_libmedia:umodsys.mod.media.serialize_json.obj
 0001:00005a10       ?ReLink@?$TDynarray@U?$TDynarrayHolderDynamic@PEAUIVisualObject@lib3d@UModSys@@U?$TAllocator@USIMemAlloc@core@UModSys@@USCountCalcPower2@23@@tl@3@@tl@UModSys@@@tl@UModSys@@IEAA_N_K@Z 0000000180006a10 f i umodsys_lib_lib3d:umodsys.mod.3d.stdlib.obj
 0001:00005a90       ?amoveleft@?$TTypeConstructor@UScene@IVisualizerScene@lib3d@UModSys@@@tl@UModSys@@SAXPEAUScene@IVisualizerScene@lib3d@3@_K11@Z 0000000180006a90 f i umodsys_lib_lib3d:umodsys.mod.3d.stdlib.obj
 0001:00005b50       ?adestruct@?$TTypeConstructor@UScene@IVisualizerScene@lib3d@UModSys@@@tl@UModSys@@SAXPEAUScene@IVisualizerScene@lib3d@3@_K@Z 0000000180006b50 f i umodsys_lib_lib3d:umodsys.mod.3d.stdlib.obj
 0001:00005bd0       ??$process_nodes_r@U?$TNodeDeleter0@U?$TScatterArrayNode@U?$TRefObject@UIVisualObject@lib3d@UModSys@@U?$TRefObjectFunc@UIVisualObject@lib3d@UModSys@@@tl@3@@tl@UModSys@@PEBUISceneNode@lib3d@3@@tl@UModSys@@@tl@UModSys@@@?$TTreeHoldRB@U?$TScatterArrayNode@U?$TRefObject@UIVisualObject@lib3d@UModSys@@U?$TRefObjectFunc@UIVisualObject@lib3d@UModSys@@@tl@3@@tl@UModSys@@PEBUISceneNode@lib3d@3@@tl@UModSys@@@tl@UModSys@@KAHPEAU?$TScatterArrayNode@U?$TRefObject@UIVisualObject@lib3d@UModSys@@U?$TRefObjectFunc@UIVisualObject@lib3d@UModSys@@@tl@3@@tl@UModSys@@PEBUISceneNode@lib3d@3@@12@AEBU?$TNodeDeleter0@U?$TScatterArrayNode@U?$TRefObject@UIVisualObject@lib3d@UModSys@@U?$TRefObjectFunc@UIVisualObject@lib3d@UModSys@@@tl@3@@tl@UModSys@@PEBUISceneNode@lib3d@3@@tl@UModSys@@@12@@Z 0000000180006bd0 f i umodsys_lib_lib3d:umodsys.mod.3d.stdlib.obj
 0001:00005c50       ?root_get_interface_info@RImage_Memory@stdlib@lib2d@modules@UModSys@@UEBAAEBUSUniquePointerInfo@core@5@XZ 0000000180006c50 f i umodsys_lib_lib2d:umodsys.mod.2d.stdlib.obj
 0001:00005c60       ?root_get_interface_type@RImage_Memory@stdlib@lib2d@modules@UModSys@@UEBAPEBUSUniquePointerInfo@core@5@XZ 0000000180006c60 f i umodsys_lib_lib2d:umodsys.mod.2d.stdlib.obj
 0001:00005c70       ?root_get_other_interface@RImage_Memory@stdlib@lib2d@modules@UModSys@@UEAAPEAUIRoot@core@5@PEBUSUniquePointerInfo@75@@Z 0000000180006c70 f i umodsys_lib_lib2d:umodsys.mod.2d.stdlib.obj
 0001:00005c70       ?root_get_other_interface@RImage_Memory@stdlib@lib2d@modules@UModSys@@UEBAPEBUIRoot@core@5@PEBUSUniquePointerInfo@75@@Z 0000000180006c70 f i umodsys_lib_lib2d:umodsys.mod.2d.stdlib.obj
 0001:00005ca0       ?root_is_interface_supported@RImage_Memory@stdlib@lib2d@modules@UModSys@@UEBA_NPEBUSUniquePointerInfo@core@5@@Z 0000000180006ca0 f i umodsys_lib_lib2d:umodsys.mod.2d.stdlib.obj
 0001:00005cd0       ?root_get_interface_info@RImageFactory_Memory@stdlib@lib2d@modules@UModSys@@UEBAAEBUSUniquePointerInfo@core@5@XZ 0000000180006cd0 f i umodsys_lib_lib2d:umodsys.mod.2d.stdlib.obj
 0001:00005ce0       ?root_get_interface_type@RImageFactory_Memory@stdlib@lib2d@modules@UModSys@@UEBAPEBUSUniquePointerInfo@core@5@XZ 0000000180006ce0 f i umodsys_lib_lib2d:umodsys.mod.2d.stdlib.obj
 0001:00005cf0       ?root_get_other_interface@RImageFactory_Memory@stdlib@lib2d@modules@UModSys@@UEAAPEAUIRoot@core@5@PEBUSUniquePointerInfo@75@@Z 0000000180006cf0 f i umodsys_lib_lib2d:umodsys.mod.2d.stdlib.obj
 0001:00005cf0       ?root_get_other_interface@RImageFactory_Memory@stdlib@lib2d@modules@UModSys@@UEBAPEBUIRoot@core@5@PEBUSUniquePointerInfo@75@@Z 0000000180006cf0 f i umodsys_lib_lib2d:umodsys.mod.2d.stdlib.obj
 0001:00005d20       ?root_is_interface_supported@RImageFactory_Memory@stdlib@lib2d@modules@UModSys@@UEBA_NPEBUSUniquePointerInfo@core@5@@Z 0000000180006d20 f i umodsys_lib_lib2d:umodsys.mod.2d.stdlib.obj
 0001:00005d50       ?ref_add@RSerializeReader@serialize_json@media@modules@UModSys@@UEBAXXZ 0000000180006d50 f i umodsys_lib_libmedia:umodsys.mod.media.serialize_json.obj
 0001:00005d50       ?ref_add@RGenerator@frames@ui@modules@UModSys@@UEBAXXZ 0000000180006d50 f i umodsys_lib_libui:umodsys.mod.ui.frames.obj
 0001:00005d50       ?ref_add@RBinArchiveFrameClient_ZIP@zlib@media@modules@UModSys@@UEBAXXZ 0000000180006d50 f i umodsys_lib_libmedia:umodsys.mod.media.zlib.obj
 0001:00005d50       ?ref_add@RGenerator@SDL_GL@ui@modules@UModSys@@UEBAXXZ 0000000180006d50 f i umodsys_lib_libui:umodsys.mod.ui.SDL_GL.obj
 0001:00005d50       ?ref_add@RTerminal@SDL_GL@ui@modules@UModSys@@UEBAXXZ 0000000180006d50 f i umodsys_lib_libui:umodsys.mod.ui.SDL_GL.obj
 0001:00005d50       ?ref_add@RGenerator@stdlib@lib2d@modules@UModSys@@UEBAXXZ 0000000180006d50 f i umodsys_lib_lib2d:umodsys.mod.2d.stdlib.obj
 0001:00005d50       ?ref_add@RDialog@frames@ui@modules@UModSys@@UEBAXXZ 0000000180006d50 f i umodsys_lib_libui:umodsys.mod.ui.frames.obj
 0001:00005d50       ?ref_add@RVertexArray@SDL_GL@ui@modules@UModSys@@UEBAXXZ 0000000180006d50 f i umodsys_lib_libui:umodsys.mod.ui.SDL_GL.obj
 0001:00005d50       ?ref_add@RMultiImage2D_SDL_ttf@SDL_GL@ui@modules@UModSys@@UEBAXXZ 0000000180006d50 f i umodsys_lib_libui:umodsys.mod.ui.SDL_GL.obj
 0001:00005d50       ?ref_add@RMultiImage2D_SDL_ttf@SDL_core@ui@modules@UModSys@@UEBAXXZ 0000000180006d50 f i umodsys_lib_libui:umodsys.mod.ui.SDL_core.obj
 0001:00005d50       ?ref_add@RGenerator@images_std@media@modules@UModSys@@UEBAXXZ 0000000180006d50 f i umodsys_lib_libmedia:umodsys.mod.media.images_std.obj
 0001:00005d50       ?ref_add@RTextureGL@SDL_GL@ui@modules@UModSys@@UEBAXXZ 0000000180006d50 f i umodsys_lib_libui:umodsys.mod.ui.SDL_GL.obj
 0001:00005d50       ?ref_add@RImageFactory_Memory@stdlib@lib2d@modules@UModSys@@UEBAXXZ 0000000180006d50 f i umodsys_lib_lib2d:umodsys.mod.2d.stdlib.obj
 0001:00005d50       ?ref_add@RGeneral@object_camera@stdlib@lib3d@modules@UModSys@@UEBAXXZ 0000000180006d50 f i umodsys_lib_lib3d:umodsys.mod.3d.stdlib.obj
 0001:00005d50       ?ref_add@RGenerator@SDL_core@ui@modules@UModSys@@UEBAXXZ 0000000180006d50 f i umodsys_lib_libui:umodsys.mod.ui.SDL_core.obj
 0001:00005d50       ?ref_add@RGenerator@test1@test@modules@UModSys@@UEBAXXZ 0000000180006d50 f i plugin_test1.obj
 0001:00005d50       ?ref_add@RMultiImage@stdlib@lib2d@modules@UModSys@@UEBAXXZ 0000000180006d50 f i umodsys_lib_lib2d:umodsys.mod.2d.stdlib.obj
 0001:00005d50       ?ref_add@RImage_Memory@stdlib@lib2d@modules@UModSys@@UEBAXXZ 0000000180006d50 f i umodsys_lib_lib2d:umodsys.mod.2d.stdlib.obj
 0001:00005d50       ?ref_add@RGenerator@zlib@media@modules@UModSys@@UEBAXXZ 0000000180006d50 f i umodsys_lib_libmedia:umodsys.mod.media.zlib.obj
 0001:00005d50       ?ref_add@RGenerator@stdlib@lib3d@modules@UModSys@@UEBAXXZ 0000000180006d50 f i umodsys_lib_lib3d:umodsys.mod.3d.stdlib.obj
 0001:00005d50       ?ref_add@RGenerator@serialize_json@media@modules@UModSys@@UEBAXXZ 0000000180006d50 f i umodsys_lib_libmedia:umodsys.mod.media.serialize_json.obj
 0001:00005d50       ?ref_add@RTerminal@SDL_core@ui@modules@UModSys@@UEBAXXZ 0000000180006d50 f i umodsys_lib_libui:umodsys.mod.ui.SDL_core.obj
 0001:00005d50       ?ref_add@RGeneral@object_primitive@stdlib@lib3d@modules@UModSys@@UEBAXXZ 0000000180006d50 f i umodsys_lib_lib3d:umodsys.mod.3d.stdlib.obj
 0001:00005d50       ?ref_add@RVisualizerScene@stdlib@lib3d@modules@UModSys@@UEBAXXZ 0000000180006d50 f i umodsys_lib_lib3d:umodsys.mod.3d.stdlib.obj
 0001:00005d60       ?root_get_interface_info@RMultiImage@stdlib@lib2d@modules@UModSys@@UEBAAEBUSUniquePointerInfo@core@5@XZ 0000000180006d60 f i umodsys_lib_lib2d:umodsys.mod.2d.stdlib.obj
 0001:00005d70       ?root_get_interface_type@RMultiImage@stdlib@lib2d@modules@UModSys@@UEBAPEBUSUniquePointerInfo@core@5@XZ 0000000180006d70 f i umodsys_lib_lib2d:umodsys.mod.2d.stdlib.obj
 0001:00005d80       ?root_get_other_interface@RMultiImage@stdlib@lib2d@modules@UModSys@@UEAAPEAUIRoot@core@5@PEBUSUniquePointerInfo@75@@Z 0000000180006d80 f i umodsys_lib_lib2d:umodsys.mod.2d.stdlib.obj
 0001:00005d80       ?root_get_other_interface@RMultiImage@stdlib@lib2d@modules@UModSys@@UEBAPEBUIRoot@core@5@PEBUSUniquePointerInfo@75@@Z 0000000180006d80 f i umodsys_lib_lib2d:umodsys.mod.2d.stdlib.obj
 0001:00005db0       ?root_is_interface_supported@RMultiImage@stdlib@lib2d@modules@UModSys@@UEBA_NPEBUSUniquePointerInfo@core@5@@Z 0000000180006db0 f i umodsys_lib_lib2d:umodsys.mod.2d.stdlib.obj
 0001:00005de0       ?suicide@RTerminal@SDL_core@ui@modules@UModSys@@UEAAXXZ 0000000180006de0 f i umodsys_lib_libui:umodsys.mod.ui.SDL_core.obj
 0001:00005de0       ?suicide@RVisualizerScene@stdlib@lib3d@modules@UModSys@@UEAAXXZ 0000000180006de0 f i umodsys_lib_lib3d:umodsys.mod.3d.stdlib.obj
 0001:00005de0       ?suicide@RTerminal@SDL_GL@ui@modules@UModSys@@UEAAXXZ 0000000180006de0 f i umodsys_lib_libui:umodsys.mod.ui.SDL_GL.obj
 0001:00005de0       ?suicide@RBinArchiveFrameClient_ZIP@zlib@media@modules@UModSys@@UEAAXXZ 0000000180006de0 f i umodsys_lib_libmedia:umodsys.mod.media.zlib.obj
 0001:00005de0       ?suicide@RSerializeReader@serialize_json@media@modules@UModSys@@UEAAXXZ 0000000180006de0 f i umodsys_lib_libmedia:umodsys.mod.media.serialize_json.obj
 0001:00005de0       ?suicide@RImage_Memory@stdlib@lib2d@modules@UModSys@@UEAAXXZ 0000000180006de0 f i umodsys_lib_lib2d:umodsys.mod.2d.stdlib.obj
 0001:00005de0       ?suicide@RGeneral@object_primitive@stdlib@lib3d@modules@UModSys@@UEAAXXZ 0000000180006de0 f i umodsys_lib_lib3d:umodsys.mod.3d.stdlib.obj
 0001:00005de0       ?suicide@RImageFactory_Memory@stdlib@lib2d@modules@UModSys@@UEAAXXZ 0000000180006de0 f i umodsys_lib_lib2d:umodsys.mod.2d.stdlib.obj
 0001:00005de0       ?suicide@RMultiImage@stdlib@lib2d@modules@UModSys@@UEAAXXZ 0000000180006de0 f i umodsys_lib_lib2d:umodsys.mod.2d.stdlib.obj
 0001:00005de0       ?suicide@RGeneral@object_camera@stdlib@lib3d@modules@UModSys@@UEAAXXZ 0000000180006de0 f i umodsys_lib_lib3d:umodsys.mod.3d.stdlib.obj
 0001:00005e30       ?get_generated_names@RGenerator@stdlib@lib2d@modules@UModSys@@UEBAHAEAUSUniquePtrList@core@5@@Z 0000000180006e30 f i umodsys_lib_lib2d:umodsys.mod.2d.stdlib.obj
 0001:00005e80       ?get_generated_types@RGenerator@stdlib@lib2d@modules@UModSys@@UEBAHAEAUSUniquePtrList@core@5@PEBUSUniquePointerInfo@75@@Z 0000000180006e80 f i umodsys_lib_lib2d:umodsys.mod.2d.stdlib.obj
 0001:00005f20       ?generate@RGenerator@stdlib@lib2d@modules@UModSys@@UEAA_NAEAU?$TRefObject@UIRefObject@core@UModSys@@U?$TRefObjectFunc@UIRefObject@core@UModSys@@@tl@3@@tl@5@PEBUSUniquePointerInfo@core@5@AEBUSParameters@95@@Z 0000000180006f20 f i umodsys_lib_lib2d:umodsys.mod.2d.stdlib.obj
 0001:00006050       ?root_get_interface_info@RGenerator@stdlib@lib2d@modules@UModSys@@UEBAAEBUSUniquePointerInfo@core@5@XZ 0000000180007050 f i umodsys_lib_lib2d:umodsys.mod.2d.stdlib.obj
 0001:00006060       ?root_get_interface_type@RGenerator@stdlib@lib2d@modules@UModSys@@UEBAPEBUSUniquePointerInfo@core@5@XZ 0000000180007060 f i umodsys_lib_lib2d:umodsys.mod.2d.stdlib.obj
 0001:00006070       ?root_get_other_interface@RGenerator@stdlib@lib2d@modules@UModSys@@UEBAPEBUIRoot@core@5@PEBUSUniquePointerInfo@75@@Z 0000000180007070 f i umodsys_lib_lib2d:umodsys.mod.2d.stdlib.obj
 0001:00006070       ?root_get_other_interface@RGenerator@stdlib@lib2d@modules@UModSys@@UEAAPEAUIRoot@core@5@PEBUSUniquePointerInfo@75@@Z 0000000180007070 f i umodsys_lib_lib2d:umodsys.mod.2d.stdlib.obj
 0001:000060b0       ?root_is_interface_supported@RGenerator@stdlib@lib2d@modules@UModSys@@UEBA_NPEBUSUniquePointerInfo@core@5@@Z 00000001800070b0 f i umodsys_lib_lib2d:umodsys.mod.2d.stdlib.obj
 0001:000060f0       ?get_uid@RGenerator@stdlib@lib2d@modules@UModSys@@UEBAPEBUSUniquePointerInfo@core@5@XZ 00000001800070f0 f i umodsys_lib_lib2d:umodsys.mod.2d.stdlib.obj
 0001:00006100       ??1State@RImage_Memory@stdlib@lib2d@modules@UModSys@@QEAA@XZ 0000000180007100 f i umodsys_lib_lib2d:umodsys.mod.2d.stdlib.obj
 0001:00006100       ??1SCMemShared@core@UModSys@@QEAA@XZ 0000000180007100 f i plugin_test1.obj
 0001:00006100       ??1SMemShared@core@UModSys@@QEAA@XZ 0000000180007100 f i plugin_test1.obj
 0001:00006130       ??4State@RImage_Memory@stdlib@lib2d@modules@UModSys@@QEAAAEAU012345@AEBU012345@@Z 0000000180007130 f i umodsys_lib_lib2d:umodsys.mod.2d.stdlib.obj
 0001:00006210       ??_ERImage_Memory@stdlib@lib2d@modules@UModSys@@UEAAPEAXI@Z 0000000180007210 f i  CIL library: CIL module
 0001:00006210       ??_GRImage_Memory@stdlib@lib2d@modules@UModSys@@UEAAPEAXI@Z 0000000180007210 f i umodsys_lib_lib2d:umodsys.mod.2d.stdlib.obj
 0001:00006240       ??_ERImageFactory_Memory@stdlib@lib2d@modules@UModSys@@UEAAPEAXI@Z 0000000180007240 f i  CIL library: CIL module
 0001:00006240       ??_GRImageFactory_Memory@stdlib@lib2d@modules@UModSys@@UEAAPEAXI@Z 0000000180007240 f i umodsys_lib_lib2d:umodsys.mod.2d.stdlib.obj
 0001:00006270       ??_GRMultiImage@stdlib@lib2d@modules@UModSys@@UEAAPEAXI@Z 0000000180007270 f i umodsys_lib_lib2d:umodsys.mod.2d.stdlib.obj
 0001:00006270       ??_ERMultiImage@stdlib@lib2d@modules@UModSys@@UEAAPEAXI@Z 0000000180007270 f i  CIL library: CIL module
 0001:000062a0       ?do_open@RModuleReg@stdlib@lib2d@modules@UModSys@@UEAA_NXZ 00000001800072a0 f i umodsys_lib_lib2d:umodsys.mod.2d.stdlib.obj
 0001:000062b0       ?do_close@RModuleReg@stdlib@lib2d@modules@UModSys@@UEAA_NXZ 00000001800072b0 f i umodsys_lib_lib2d:umodsys.mod.2d.stdlib.obj
 0001:000062c0       ??_GRModuleReg@stdlib@lib2d@modules@UModSys@@UEAAPEAXI@Z 00000001800072c0 f i umodsys_lib_lib2d:umodsys.mod.2d.stdlib.obj
 0001:000062c0       ??_ERModuleReg@stdlib@lib2d@modules@UModSys@@UEAAPEAXI@Z 00000001800072c0 f i  CIL library: CIL module
 0001:000062f0       ??1?$TDynarrayDynamic@USImageCellInfo@lib2d@UModSys@@U?$TAllocator@USIMemAlloc@core@UModSys@@USCountCalcPower2@23@@tl@3@@tl@UModSys@@QEAA@XZ 00000001800072f0 f i umodsys_lib_lib2d:umodsys.mod.2d.stdlib.obj
 0001:00006300       ??1?$TDynarrayDynamic@U?$TRefObject@UIImage@lib2d@UModSys@@U?$TRefObjectFunc@UIImage@lib2d@UModSys@@@tl@3@@tl@UModSys@@U?$TAllocator@USIMemAlloc@core@UModSys@@USCountCalcPower2@23@@23@@tl@UModSys@@QEAA@XZ 0000000180007300 f i umodsys_lib_lib2d:umodsys.mod.2d.stdlib.obj
 0001:00006310       ??1?$TDynarray@U?$TDynarrayHolderDynamic@USImageCellInfo@lib2d@UModSys@@U?$TAllocator@USIMemAlloc@core@UModSys@@USCountCalcPower2@23@@tl@3@@tl@UModSys@@@tl@UModSys@@QEAA@XZ 0000000180007310 f i umodsys_lib_lib2d:umodsys.mod.2d.stdlib.obj
 0001:00006380       ??1?$TDynarray@U?$TDynarrayHolderDynamic@U?$TRefObject@UIImage@lib2d@UModSys@@U?$TRefObjectFunc@UIImage@lib2d@UModSys@@@tl@3@@tl@UModSys@@U?$TAllocator@USIMemAlloc@core@UModSys@@USCountCalcPower2@23@@23@@tl@UModSys@@@tl@UModSys@@QEAA@XZ 0000000180007380 f i umodsys_lib_lib2d:umodsys.mod.2d.stdlib.obj
 0001:000063f0       ?ResizeRel@?$TDynarray@U?$TDynarrayHolderDynamic@USImageCellInfo@lib2d@UModSys@@U?$TAllocator@USIMemAlloc@core@UModSys@@USCountCalcPower2@23@@tl@3@@tl@UModSys@@@tl@UModSys@@QEAA_N_J@Z 00000001800073f0 f i umodsys_lib_lib2d:umodsys.mod.2d.stdlib.obj
 0001:000064b0       ?ResizeRel@?$TDynarray@U?$TDynarrayHolderDynamic@U?$TRefObject@UIImage@lib2d@UModSys@@U?$TRefObjectFunc@UIImage@lib2d@UModSys@@@tl@3@@tl@UModSys@@U?$TAllocator@USIMemAlloc@core@UModSys@@USCountCalcPower2@23@@23@@tl@UModSys@@@tl@UModSys@@QEAA_N_J@Z 00000001800074b0 f i umodsys_lib_lib2d:umodsys.mod.2d.stdlib.obj
 0001:000065e0       ??$ValidateConstruction@UIRefObject@core@UModSys@@URVisualSceneMapper_Direct@stdlib@lib3d@modules@3@@core@UModSys@@YA_NAEAU?$TRefObject@UIRefObject@core@UModSys@@U?$TRefObjectFunc@UIRefObject@core@UModSys@@@tl@3@@tl@1@PEAURVisualSceneMapper_Direct@stdlib@lib3d@modules@1@@Z 00000001800075e0 f i umodsys_lib_lib3d:umodsys.mod.3d.stdlib.obj
 0001:000065e0       ??$ValidateConstruction@UIImage@lib2d@UModSys@@URImage_Memory@stdlib@2modules@3@@core@UModSys@@YA_NAEAU?$TRefObject@UIImage@lib2d@UModSys@@U?$TRefObjectFunc@UIImage@lib2d@UModSys@@@tl@3@@tl@1@PEAURImage_Memory@stdlib@lib2d@modules@1@@Z 00000001800075e0 f i umodsys_lib_lib2d:umodsys.mod.2d.stdlib.obj
 0001:000065e0       ??$ValidateConstruction@UIRefObject@core@UModSys@@URImage_Memory@stdlib@lib2d@modules@3@@core@UModSys@@YA_NAEAU?$TRefObject@UIRefObject@core@UModSys@@U?$TRefObjectFunc@UIRefObject@core@UModSys@@@tl@3@@tl@1@PEAURImage_Memory@stdlib@lib2d@modules@1@@Z 00000001800075e0 f i umodsys_lib_lib2d:umodsys.mod.2d.stdlib.obj
 0001:000065e0       ??$ValidateConstruction@UIRefObject@core@UModSys@@URRenderer@stdlib@lib3d@modules@3@@core@UModSys@@YA_NAEAU?$TRefObject@UIRefObject@core@UModSys@@U?$TRefObjectFunc@UIRefObject@core@UModSys@@@tl@3@@tl@1@PEAURRenderer@stdlib@lib3d@modules@1@@Z 00000001800075e0 f i umodsys_lib_lib3d:umodsys.mod.3d.stdlib.obj
 0001:000065e0       ??$ValidateConstruction@UIRefObject@core@UModSys@@URTerminalX@SDL_core@ui@modules@3@@core@UModSys@@YA_NAEAU?$TRefObject@UIRefObject@core@UModSys@@U?$TRefObjectFunc@UIRefObject@core@UModSys@@@tl@3@@tl@1@PEAURTerminalX@SDL_core@ui@modules@1@@Z 00000001800075e0 f i umodsys_lib_libui:umodsys.mod.ui.SDL_core.obj
 0001:000065e0       ??$ValidateConstruction@UIRefObject@core@UModSys@@URMediaFilter@images_std@media@modules@3@@core@UModSys@@YA_NAEAU?$TRefObject@UIRefObject@core@UModSys@@U?$TRefObjectFunc@UIRefObject@core@UModSys@@@tl@3@@tl@1@PEAURMediaFilter@images_std@media@modules@1@@Z 00000001800075e0 f i umodsys_lib_libmedia:umodsys.mod.media.images_std.obj
 0001:000065e0       ??$ValidateConstruction@UIRefObject@core@UModSys@@URGeneral@object_primitive@stdlib@lib3d@modules@3@@core@UModSys@@YA_NAEAU?$TRefObject@UIRefObject@core@UModSys@@U?$TRefObjectFunc@UIRefObject@core@UModSys@@@tl@3@@tl@1@PEAURGeneral@object_primitive@stdlib@lib3d@modules@1@@Z 00000001800075e0 f i umodsys_lib_lib3d:umodsys.mod.3d.stdlib.obj
 0001:000065e0       ??$ValidateConstruction@UIRefObject@core@UModSys@@URVisualizerScene@stdlib@lib3d@modules@3@@core@UModSys@@YA_NAEAU?$TRefObject@UIRefObject@core@UModSys@@U?$TRefObjectFunc@UIRefObject@core@UModSys@@@tl@3@@tl@1@PEAURVisualizerScene@stdlib@lib3d@modules@1@@Z 00000001800075e0 f i umodsys_lib_lib3d:umodsys.mod.3d.stdlib.obj
 0001:000065e0       ??$ValidateConstruction@UIRefObject@core@UModSys@@URImageFactory_Memory@stdlib@lib2d@modules@3@@core@UModSys@@YA_NAEAU?$TRefObject@UIRefObject@core@UModSys@@U?$TRefObjectFunc@UIRefObject@core@UModSys@@@tl@3@@tl@1@PEAURImageFactory_Memory@stdlib@lib2d@modules@1@@Z 00000001800075e0 f i umodsys_lib_lib2d:umodsys.mod.2d.stdlib.obj
 0001:000065e0       ??$ValidateConstruction@UIRefObject@core@UModSys@@URGeneral@object_camera@stdlib@lib3d@modules@3@@core@UModSys@@YA_NAEAU?$TRefObject@UIRefObject@core@UModSys@@U?$TRefObjectFunc@UIRefObject@core@UModSys@@@tl@3@@tl@1@PEAURGeneral@object_camera@stdlib@lib3d@modules@1@@Z 00000001800075e0 f i umodsys_lib_lib3d:umodsys.mod.3d.stdlib.obj
 0001:000065e0       ??$ValidateConstruction@UIRefObject@core@UModSys@@URTerminalX@SDL_GL@ui@modules@3@@core@UModSys@@YA_NAEAU?$TRefObject@UIRefObject@core@UModSys@@U?$TRefObjectFunc@UIRefObject@core@UModSys@@@tl@3@@tl@1@PEAURTerminalX@SDL_GL@ui@modules@1@@Z 00000001800075e0 f i umodsys_lib_libui:umodsys.mod.ui.SDL_GL.obj
 0001:00006650       ??$ValidateConstruction@UIRefObject@core@UModSys@@URMultiImage@stdlib@lib2d@modules@3@@core@UModSys@@YA_NAEAU?$TRefObject@UIRefObject@core@UModSys@@U?$TRefObjectFunc@UIRefObject@core@UModSys@@@tl@3@@tl@1@PEAURMultiImage@stdlib@lib2d@modules@1@@Z 0000000180007650 f i umodsys_lib_lib2d:umodsys.mod.2d.stdlib.obj
 0001:000066d0       ?isinside@SImagePatchInfo@lib2d@UModSys@@QEBA_NAEBU123@@Z 00000001800076d0 f i umodsys_lib_libui:umodsys.mod.ui.SDL_GL.obj
 0001:00006730       ?bin_move@lib2d@UModSys@@YA_NAEBUSMem@core@2@AEBUSImagePatchInfo@12@AEBUSCMem@42@1@Z 0000000180007730 f i umodsys_lib_libui:umodsys.mod.ui.SDL_GL.obj
 0001:00006840       ?bin_move_cvt@lib2d@UModSys@@YA_NAEBUSMem@core@2@AEBUSImagePatchInfo@12@AEBUSCMem@42@1P6A_NPEAXPEBX_K34@Z3@Z 0000000180007840 f i umodsys_lib_libui:umodsys.mod.ui.SDL_GL.obj
 0001:00006970       ?bin_cvt_L8_L8A8@lib2d@UModSys@@YA_NPEAXPEBX_K01@Z 0000000180007970 f i umodsys_lib_libui:umodsys.mod.ui.SDL_GL.obj
 0001:000069a0       ?bin_cvt_X24_X24A8@lib2d@UModSys@@YA_NPEAXPEBX_K01@Z 00000001800079a0 f i umodsys_lib_libui:umodsys.mod.ui.SDL_GL.obj
 0001:000069e0       ?bin_cvt_X24A8_X24@lib2d@UModSys@@YA_NPEAXPEBX_K01@Z 00000001800079e0 f i umodsys_lib_libui:umodsys.mod.ui.SDL_GL.obj
 0001:00006a20       ?set_stage@SGLFuncs@SDL_GL@ui@modules@UModSys@@QEBAXH@Z 0000000180007a20 f i umodsys_lib_libui:umodsys.mod.ui.SDL_GL.obj
 0001:00006a90       ?set_composite_all@SGLFuncsLegacy@SDL_GL@ui@modules@UModSys@@QEBAXH@Z 0000000180007a90 f i umodsys_lib_libui:umodsys.mod.ui.SDL_GL.obj
 0001:00006b60       ?set_stage_num@SGLFuncsLegacy@SDL_GL@ui@modules@UModSys@@QEBAXH@Z 0000000180007b60 f i umodsys_lib_libui:umodsys.mod.ui.SDL_GL.obj
 0001:00006d60       ?crebind@STextureGL@SDL_GL@ui@modules@UModSys@@QEAAX_N@Z 0000000180007d60 f i umodsys_lib_libui:umodsys.mod.ui.SDL_GL.obj
 0001:00006da0       ?root_get_interface_info@RKeyboardController@SDL_GL@ui@modules@UModSys@@UEBAAEBUSUniquePointerInfo@core@5@XZ 0000000180007da0 f i umodsys_lib_libui:umodsys.mod.ui.SDL_GL.obj
 0001:00006db0       ?root_get_interface_type@RKeyboardController@SDL_GL@ui@modules@UModSys@@UEBAPEBUSUniquePointerInfo@core@5@XZ 0000000180007db0 f i umodsys_lib_libui:umodsys.mod.ui.SDL_GL.obj
 0001:00006dc0       ?root_get_other_interface@RKeyboardController@SDL_GL@ui@modules@UModSys@@UEAAPEAUIRoot@core@5@PEBUSUniquePointerInfo@75@@Z 0000000180007dc0 f i umodsys_lib_libui:umodsys.mod.ui.SDL_GL.obj
 0001:00006dc0       ?root_get_other_interface@RKeyboardController@SDL_GL@ui@modules@UModSys@@UEBAPEBUIRoot@core@5@PEBUSUniquePointerInfo@75@@Z 0000000180007dc0 f i umodsys_lib_libui:umodsys.mod.ui.SDL_GL.obj
 0001:00006df0       ?root_is_interface_supported@RKeyboardController@SDL_GL@ui@modules@UModSys@@UEBA_NPEBUSUniquePointerInfo@core@5@@Z 0000000180007df0 f i umodsys_lib_libui:umodsys.mod.ui.SDL_GL.obj
 0001:00006e20       ?ref_links@RMouseController@SDL_core@ui@modules@UModSys@@UEBAHXZ 0000000180007e20 f i umodsys_lib_libui:umodsys.mod.ui.SDL_core.obj
 0001:00006e20       ?ref_links@RKeyboardController@SDL_GL@ui@modules@UModSys@@UEBAHXZ 0000000180007e20 f i umodsys_lib_libui:umodsys.mod.ui.SDL_GL.obj
 0001:00006e20       ?ref_links@RKeyboardController@SDL_core@ui@modules@UModSys@@UEBAHXZ 0000000180007e20 f i umodsys_lib_libui:umodsys.mod.ui.SDL_core.obj
 0001:00006e20       ?ref_links@RRenderDriver3D@SDL_GL@ui@modules@UModSys@@UEBAHXZ 0000000180007e20 f i umodsys_lib_libui:umodsys.mod.ui.SDL_GL.obj
 0001:00006e20       ?ref_links@RRenderDriver2D@SDL_core@ui@modules@UModSys@@UEBAHXZ 0000000180007e20 f i umodsys_lib_libui:umodsys.mod.ui.SDL_core.obj
 0001:00006e20       ?ref_links@RMouseController@SDL_GL@ui@modules@UModSys@@UEBAHXZ 0000000180007e20 f i umodsys_lib_libui:umodsys.mod.ui.SDL_GL.obj
 0001:00006e30       ?root_get_interface_info@RMouseController@SDL_GL@ui@modules@UModSys@@UEBAAEBUSUniquePointerInfo@core@5@XZ 0000000180007e30 f i umodsys_lib_libui:umodsys.mod.ui.SDL_GL.obj
 0001:00006e40       ?root_get_interface_type@RMouseController@SDL_GL@ui@modules@UModSys@@UEBAPEBUSUniquePointerInfo@core@5@XZ 0000000180007e40 f i umodsys_lib_libui:umodsys.mod.ui.SDL_GL.obj
 0001:00006e50       ?root_get_other_interface@RMouseController@SDL_GL@ui@modules@UModSys@@UEAAPEAUIRoot@core@5@PEBUSUniquePointerInfo@75@@Z 0000000180007e50 f i umodsys_lib_libui:umodsys.mod.ui.SDL_GL.obj
 0001:00006e50       ?root_get_other_interface@RMouseController@SDL_GL@ui@modules@UModSys@@UEBAPEBUIRoot@core@5@PEBUSUniquePointerInfo@75@@Z 0000000180007e50 f i umodsys_lib_libui:umodsys.mod.ui.SDL_GL.obj
 0001:00006e80       ?root_is_interface_supported@RMouseController@SDL_GL@ui@modules@UModSys@@UEBA_NPEBUSUniquePointerInfo@core@5@@Z 0000000180007e80 f i umodsys_lib_libui:umodsys.mod.ui.SDL_GL.obj
 0001:00006eb0       ?root_get_interface_info@RTerminal@SDL_GL@ui@modules@UModSys@@UEBAAEBUSUniquePointerInfo@core@5@XZ 0000000180007eb0 f i umodsys_lib_libui:umodsys.mod.ui.SDL_GL.obj
 0001:00006ec0       ?root_get_interface_type@RTerminal@SDL_GL@ui@modules@UModSys@@UEBAPEBUSUniquePointerInfo@core@5@XZ 0000000180007ec0 f i umodsys_lib_libui:umodsys.mod.ui.SDL_GL.obj
 0001:00006ed0       ?root_get_other_interface@RTerminal@SDL_GL@ui@modules@UModSys@@UEAAPEAUIRoot@core@5@PEBUSUniquePointerInfo@75@@Z 0000000180007ed0 f i umodsys_lib_libui:umodsys.mod.ui.SDL_GL.obj
 0001:00006ed0       ?root_get_other_interface@RTerminal@SDL_GL@ui@modules@UModSys@@UEBAPEBUIRoot@core@5@PEBUSUniquePointerInfo@75@@Z 0000000180007ed0 f i umodsys_lib_libui:umodsys.mod.ui.SDL_GL.obj
 0001:00006f00       ?root_is_interface_supported@RTerminal@SDL_GL@ui@modules@UModSys@@UEBA_NPEBUSUniquePointerInfo@core@5@@Z 0000000180007f00 f i umodsys_lib_libui:umodsys.mod.ui.SDL_GL.obj
[...]
 0001:000561f0       ??__F?s_id@?$TObjectUniqueID@UILibraryLayered@libmedia@UModSys@@@tl@UModSys@@2USUniquePointer@core@3@A@@YAXXZ 00000001800571f0 f    CIL library: CIL module
 0001:00056200       ??__F?s_id@?$TObjectUniqueID@UILibraryObjCache@libmedia@UModSys@@@tl@UModSys@@2USUniquePointer@core@3@A@@YAXXZ 0000000180057200 f    CIL library: CIL module
 0001:00056210       ??__F?s_id@?$TObjectUniqueID@UILibraryObjFilter@libmedia@UModSys@@@tl@UModSys@@2USUniquePointer@core@3@A@@YAXXZ 0000000180057210 f    CIL library: CIL module
 0001:00056220       ??__F?s_id@?$TObjectUniqueID@UILibraryBinCache@libmedia@UModSys@@@tl@UModSys@@2USUniquePointer@core@3@A@@YAXXZ 0000000180057220 f    CIL library: CIL module
 0001:00056230       ??__F?s_id@?$TObjectUniqueID@UILibraryBinTree@libmedia@UModSys@@@tl@UModSys@@2USUniquePointer@core@3@A@@YAXXZ 0000000180057230 f    CIL library: CIL module
 0001:00056240       ??__F?s_id@?$TObjectUniqueID@UILibrary@libmedia@UModSys@@@tl@UModSys@@2USUniquePointer@core@3@A@@YAXXZ 0000000180057240 f    CIL library: CIL module
 0001:00056250       ??__F?s_id@?$TObjectUniqueID@UIBinObjFilter@libmedia@UModSys@@@tl@UModSys@@2USUniquePointer@core@3@A@@YAXXZ 0000000180057250 f    CIL library: CIL module
 0001:00056260       ??__F?s_id@?$TObjectUniqueID@UIBinArchive@libmedia@UModSys@@@tl@UModSys@@2USUniquePointer@core@3@A@@YAXXZ 0000000180057260 f    CIL library: CIL module
 0001:00056270       ??__F?s_id@?$TObjectUniqueID@UILibObject@libmedia@UModSys@@@tl@UModSys@@2USUniquePointer@core@3@A@@YAXXZ 0000000180057270 f    CIL library: CIL module
 0001:00056280       ??__F?s_id@?$TObjectUniqueID@UIUtilities@libmedia@UModSys@@@tl@UModSys@@2USUniquePointer@core@3@A@@YAXXZ 0000000180057280 f    CIL library: CIL module
 0001:00056290       ??__F?s_id@?$TObjectUniqueID@UIStreamWriter@libmedia@UModSys@@@tl@UModSys@@2USUniquePointer@core@3@A@@YAXXZ 0000000180057290 f    CIL library: CIL module
 0001:000562a0       ??__F?s_id@?$TObjectUniqueID@UIStreamReader@libmedia@UModSys@@@tl@UModSys@@2USUniquePointer@core@3@A@@YAXXZ 00000001800572a0 f    CIL library: CIL module
 0001:000562b0       ??__F?s_id@?$TObjectUniqueID@UISystem@base@UModSys@@@tl@UModSys@@2USUniquePointer@core@3@A@@YAXXZ 00000001800572b0 f    CIL library: CIL module
 0001:000562c0       ??__F?s_id@?$TObjectUniqueID@UIShell@base@UModSys@@@tl@UModSys@@2USUniquePointer@core@3@A@@YAXXZ 00000001800572c0 f    CIL library: CIL module
 0001:000562d0       ??__F?s_id@?$TObjectUniqueID@UIGenerator@base@UModSys@@@tl@UModSys@@2USUniquePointer@core@3@A@@YAXXZ 00000001800572d0 f    CIL library: CIL module
 0001:000562e0       ??__F?s_id@?$TObjectUniqueID@UIModObject@base@UModSys@@@tl@UModSys@@2USUniquePointer@core@3@A@@YAXXZ 00000001800572e0 f    CIL library: CIL module
 0001:000562f0       ??__F?s_id@?$TObjectUniqueID@UIModuleLibrary@base@UModSys@@@tl@UModSys@@2USUniquePointer@core@3@A@@YAXXZ 00000001800572f0 f    CIL library: CIL module
 0001:00056300       ??__F?s_id@?$TObjectUniqueID@UIModule@base@UModSys@@@tl@UModSys@@2USUniquePointer@core@3@A@@YAXXZ 0000000180057300 f    CIL library: CIL module
 0001:00056310       ??__F?s_id@?$TObjectUniqueID@UIConsole@base@UModSys@@@tl@UModSys@@2USUniquePointer@core@3@A@@YAXXZ 0000000180057310 f    CIL library: CIL module
 0001:00056320       ??__F?s_id@?$TObjectUniqueID@UIParameters@core@UModSys@@@tl@UModSys@@2USUniquePointer@core@3@A@@YAXXZ 0000000180057320 f    CIL library: CIL module
 0001:00056330       ??__F?s_id@?$TObjectUniqueID@UIRefObject@core@UModSys@@@tl@UModSys@@2USUniquePointer@core@3@A@@YAXXZ 0000000180057330 f    CIL library: CIL module
 0001:00056340       ??__F?s_id@?$TObjectUniqueID@UIRoot@core@UModSys@@@tl@UModSys@@2USUniquePointer@core@3@A@@YAXXZ 0000000180057340 f    CIL library: CIL module
 0001:00056350       ??__F?s_id@?$TDataUniqueID@F@tl@UModSys@@2USUniquePointer@core@3@A@@YAXXZ 0000000180057350 f    CIL library: CIL module
 0001:00056360       ??__F?s_id@?$TDataUniqueID@M@tl@UModSys@@2USUniquePointer@core@3@A@@YAXXZ 0000000180057360 f    CIL library: CIL module
 0001:00056370       ??__F?s_id@?$TDataUniqueID@H@tl@UModSys@@2USUniquePointer@core@3@A@@YAXXZ 0000000180057370 f    CIL library: CIL module
 0001:00056380       ??__F?s_id@?$TConstUniqueID@W4eConsoleLevels@base@UModSys@@$00@tl@UModSys@@2USUniquePointer@core@3@A@@YAXXZ 0000000180057380 f    CIL library: CIL module
 0001:00056390       ??__Fs_dbg@stdlib@lib3d@modules@UModSys@@YAXXZ 0000000180057390 f    CIL library: CIL module
 0001:000563a0       ??__F?s_modreg@RModuleReg@stdlib@lib3d@modules@UModSys@@2U12345@A@@YAXXZ 00000001800573a0 f    CIL library: CIL module
 0001:000563c0       ??__F?s_modreg_chain@RModuleReg@stdlib@lib3d@modules@UModSys@@2USModuleRegChain@base@5@A@@YAXXZ 00000001800573c0 f    CIL library: CIL module
 0001:000563d0       ??__F?s_uid@RGenerator@stdlib@lib3d@modules@UModSys@@2USUniquePointer@core@5@A@@YAXXZ 00000001800573d0 f    CIL library: CIL module
 0001:000563e0       ??__Fh@?1??s_holder@RGenerator@stdlib@lib3d@modules@UModSys@@SAAEAU?$TTypeStaticHolder@URGenerator@stdlib@lib3d@modules@UModSys@@@tl@5@XZ@YAXXZ 00000001800573e0 f    CIL library: CIL module
 0001:00056410       ??__F?s_id@?$TObjectUniqueID@URGenerator@stdlib@lib3d@modules@UModSys@@@tl@UModSys@@2USUniquePointer@core@3@A@@YAXXZ 0000000180057410 f    CIL library: CIL module
 0001:00056420       ??__F?s_id@?$TObjectUniqueID@URVisual@object_camera@stdlib@lib3d@modules@UModSys@@@tl@UModSys@@2USUniquePointer@core@3@A@@YAXXZ 0000000180057420 f    CIL library: CIL module
 0001:00056430       ??__F?s_id@?$TObjectUniqueID@URGeneral@object_camera@stdlib@lib3d@modules@UModSys@@@tl@UModSys@@2USUniquePointer@core@3@A@@YAXXZ 0000000180057430 f    CIL library: CIL module
 0001:00056440       ??__F?s_id@?$TObjectUniqueID@URVisual@object_primitive@stdlib@lib3d@modules@UModSys@@@tl@UModSys@@2USUniquePointer@core@3@A@@YAXXZ 0000000180057440 f    CIL library: CIL module
 0001:00056450       ??__F?s_id@?$TObjectUniqueID@URRender@object_primitive@stdlib@lib3d@modules@UModSys@@@tl@UModSys@@2USUniquePointer@core@3@A@@YAXXZ 0000000180057450 f    CIL library: CIL module
 0001:00056460       ??__F?s_id@?$TObjectUniqueID@URGeneral@object_primitive@stdlib@lib3d@modules@UModSys@@@tl@UModSys@@2USUniquePointer@core@3@A@@YAXXZ 0000000180057460 f    CIL library: CIL module
 0001:00056470       ??__F?s_id@?$TObjectUniqueID@URVisualSceneMapper_Direct@stdlib@lib3d@modules@UModSys@@@tl@UModSys@@2USUniquePointer@core@3@A@@YAXXZ 0000000180057470 f    CIL library: CIL module
 0001:00056480       ??__F?s_id@?$TObjectUniqueID@URVisualizerScene@stdlib@lib3d@modules@UModSys@@@tl@UModSys@@2USUniquePointer@core@3@A@@YAXXZ 0000000180057480 f    CIL library: CIL module
 0001:00056490       ??__F?s_id@?$TObjectUniqueID@URRenderer@stdlib@lib3d@modules@UModSys@@@tl@UModSys@@2USUniquePointer@core@3@A@@YAXXZ 0000000180057490 f    CIL library: CIL module
 0001:000564a0       ??__Fs_dbg@stdlib@lib2d@modules@UModSys@@YAXXZ 00000001800574a0 f    CIL library: CIL module
 0001:000564b0       ??__F?s_modreg@RModuleReg@stdlib@lib2d@modules@UModSys@@2U12345@A@@YAXXZ 00000001800574b0 f    CIL library: CIL module
 0001:000564d0       ??__F?s_modreg_chain@RModuleReg@stdlib@lib2d@modules@UModSys@@2USModuleRegChain@base@5@A@@YAXXZ 00000001800574d0 f    CIL library: CIL module
 0001:000564e0       ??__F?s_uid@RGenerator@stdlib@lib2d@modules@UModSys@@2USUniquePointer@core@5@A@@YAXXZ 00000001800574e0 f    CIL library: CIL module
 0001:000564f0       ??__Fh@?1??s_holder@RGenerator@stdlib@lib2d@modules@UModSys@@SAAEAU?$TTypeStaticHolder@URGenerator@stdlib@lib2d@modules@UModSys@@@tl@5@XZ@YAXXZ 00000001800574f0 f    CIL library: CIL module
 0001:00056520       ??__F?s_id@?$TObjectUniqueID@URGenerator@stdlib@lib2d@modules@UModSys@@@tl@UModSys@@2USUniquePointer@core@3@A@@YAXXZ 0000000180057520 f    CIL library: CIL module
 0001:00056530       ??__F?s_id@?$TObjectUniqueID@URMultiImage@stdlib@lib2d@modules@UModSys@@@tl@UModSys@@2USUniquePointer@core@3@A@@YAXXZ 0000000180057530 f    CIL library: CIL module
 0001:00056540       ??__F?s_id@?$TObjectUniqueID@URImageFactory_Memory@stdlib@lib2d@modules@UModSys@@@tl@UModSys@@2USUniquePointer@core@3@A@@YAXXZ 0000000180057540 f    CIL library: CIL module
 0001:00056550       ??__F?s_id@?$TObjectUniqueID@URImage_Memory@stdlib@lib2d@modules@UModSys@@@tl@UModSys@@2USUniquePointer@core@3@A@@YAXXZ 0000000180057550 f    CIL library: CIL module
 0001:00056560       ??__Fs_dbg@SDL_GL@ui@modules@UModSys@@YAXXZ 0000000180057560 f    CIL library: CIL module
 0001:00056570       ??__F?s_modreg@RModuleReg@SDL_GL@ui@modules@UModSys@@2U12345@A@@YAXXZ 0000000180057570 f    CIL library: CIL module
 0001:00056590       ??__F?s_modreg_chain@RModuleReg@SDL_GL@ui@modules@UModSys@@2USModuleRegChain@base@5@A@@YAXXZ 0000000180057590 f    CIL library: CIL module
 0001:000565a0       ??__F?s_uid@RGenerator@SDL_GL@ui@modules@UModSys@@2USUniquePointer@core@5@A@@YAXXZ 00000001800575a0 f    CIL library: CIL module
 0001:000565b0       ??__Fh@?1??s_holder@RGenerator@SDL_GL@ui@modules@UModSys@@SAAEAU?$TTypeStaticHolder@URGenerator@SDL_GL@ui@modules@UModSys@@@tl@5@XZ@YAXXZ 00000001800575b0 f    CIL library: CIL module
 0001:000565e0       ??__F?s_id@?$TObjectUniqueID@URGenerator@SDL_GL@ui@modules@UModSys@@@tl@UModSys@@2USUniquePointer@core@3@A@@YAXXZ 00000001800575e0 f    CIL library: CIL module
 0001:000565f0       ??__F?s_id@?$TObjectUniqueID@URTextureGL@SDL_GL@ui@modules@UModSys@@@tl@UModSys@@2USUniquePointer@core@3@A@@YAXXZ 00000001800575f0 f    CIL library: CIL module
 0001:00056600       ??__F?s_id@?$TObjectUniqueID@URVertexArray@SDL_GL@ui@modules@UModSys@@@tl@UModSys@@2USUniquePointer@core@3@A@@YAXXZ 0000000180057600 f    CIL library: CIL module
 0001:00056610       ??__F?s_id@?$TObjectUniqueID@URTerminalX@SDL_GL@ui@modules@UModSys@@@tl@UModSys@@2USUniquePointer@core@3@A@@YAXXZ 0000000180057610 f    CIL library: CIL module
 0001:00056620       ??__F?s_id@?$TObjectUniqueID@URRenderDriver3D@SDL_GL@ui@modules@UModSys@@@tl@UModSys@@2USUniquePointer@core@3@A@@YAXXZ 0000000180057620 f    CIL library: CIL module
 0001:00056630       ??__F?s_id@?$TObjectUniqueID@URMultiImage2D_SDL_ttf@SDL_GL@ui@modules@UModSys@@@tl@UModSys@@2USUniquePointer@core@3@A@@YAXXZ 0000000180057630 f    CIL library: CIL module
 0001:00056640       ??__F?s_id@?$TObjectUniqueID@URTerminal@SDL_GL@ui@modules@UModSys@@@tl@UModSys@@2USUniquePointer@core@3@A@@YAXXZ 0000000180057640 f    CIL library: CIL module
 0001:00056650       ??__F?s_id@?$TObjectUniqueID@URMouseController@SDL_GL@ui@modules@UModSys@@@tl@UModSys@@2USUniquePointer@core@3@A@@YAXXZ 0000000180057650 f    CIL library: CIL module
 0001:00056660       ??__F?s_id@?$TObjectUniqueID@URKeyboardController@SDL_GL@ui@modules@UModSys@@@tl@UModSys@@2USUniquePointer@core@3@A@@YAXXZ 0000000180057660 f    CIL library: CIL module
 0001:00056670       ??__Fs_dbg@SDL_core@ui@modules@UModSys@@YAXXZ 0000000180057670 f    CIL library: CIL module
 0001:00056680       ??__F?s_modreg@RModuleReg@SDL_core@ui@modules@UModSys@@2U12345@A@@YAXXZ 0000000180057680 f    CIL library: CIL module
 0001:000566a0       ??__F?s_modreg_chain@RModuleReg@SDL_core@ui@modules@UModSys@@2USModuleRegChain@base@5@A@@YAXXZ 00000001800576a0 f    CIL library: CIL module
 0001:000566b0       ??__F?s_uid@RGenerator@SDL_core@ui@modules@UModSys@@2USUniquePointer@core@5@A@@YAXXZ 00000001800576b0 f    CIL library: CIL module
 0001:000566c0       ??__Fh@?1??s_holder@RGenerator@SDL_core@ui@modules@UModSys@@SAAEAU?$TTypeStaticHolder@URGenerator@SDL_core@ui@modules@UModSys@@@tl@5@XZ@YAXXZ 00000001800576c0 f    CIL library: CIL module
 0001:000566f0       ??__F?s_id@?$TObjectUniqueID@URGenerator@SDL_core@ui@modules@UModSys@@@tl@UModSys@@2USUniquePointer@core@3@A@@YAXXZ 00000001800576f0 f    CIL library: CIL module
 0001:00056700       ??__F?s_id@?$TObjectUniqueID@URTerminalX@SDL_core@ui@modules@UModSys@@@tl@UModSys@@2USUniquePointer@core@3@A@@YAXXZ 0000000180057700 f    CIL library: CIL module
 0001:00056710       ??__F?s_id@?$TObjectUniqueID@URRenderDriver2D@SDL_core@ui@modules@UModSys@@@tl@UModSys@@2USUniquePointer@core@3@A@@YAXXZ 0000000180057710 f    CIL library: CIL module
 0001:00056720       ??__F?s_id@?$TObjectUniqueID@URMultiImage2D_SDL_ttf@SDL_core@ui@modules@UModSys@@@tl@UModSys@@2USUniquePointer@core@3@A@@YAXXZ 0000000180057720 f    CIL library: CIL module
 0001:00056730       ??__F?s_id@?$TObjectUniqueID@URTerminal@SDL_core@ui@modules@UModSys@@@tl@UModSys@@2USUniquePointer@core@3@A@@YAXXZ 0000000180057730 f    CIL library: CIL module
 0001:00056740       ??__F?s_id@?$TObjectUniqueID@URMouseController@SDL_core@ui@modules@UModSys@@@tl@UModSys@@2USUniquePointer@core@3@A@@YAXXZ 0000000180057740 f    CIL library: CIL module
 0001:00056750       ??__F?s_id@?$TObjectUniqueID@URKeyboardController@SDL_core@ui@modules@UModSys@@@tl@UModSys@@2USUniquePointer@core@3@A@@YAXXZ 0000000180057750 f    CIL library: CIL module
 0001:00056760       ??__Fs_dbg@frames@ui@modules@UModSys@@YAXXZ 0000000180057760 f    CIL library: CIL module
 0001:00056770       ??__F?s_modreg@RModuleReg@frames@ui@modules@UModSys@@2U12345@A@@YAXXZ 0000000180057770 f    CIL library: CIL module
 0001:00056790       ??__F?s_modreg_chain@RModuleReg@frames@ui@modules@UModSys@@2USModuleRegChain@base@5@A@@YAXXZ 0000000180057790 f    CIL library: CIL module
 0001:000567a0       ??__F?s_uid@RGenerator@frames@ui@modules@UModSys@@2USUniquePointer@core@5@A@@YAXXZ 00000001800577a0 f    CIL library: CIL module
 0001:000567b0       ??__Fh@?1??s_holder@RGenerator@frames@ui@modules@UModSys@@SAAEAU?$TTypeStaticHolder@URGenerator@frames@ui@modules@UModSys@@@tl@5@XZ@YAXXZ 00000001800577b0 f    CIL library: CIL module
 0001:000567e0       ??__F?s_id@?$TObjectUniqueID@URGenerator@frames@ui@modules@UModSys@@@tl@UModSys@@2USUniquePointer@core@3@A@@YAXXZ 00000001800577e0 f    CIL library: CIL module
 0001:000567f0       ??__F?s_id@?$TObjectUniqueID@URCollector@frames@ui@modules@UModSys@@@tl@UModSys@@2USUniquePointer@core@3@A@@YAXXZ 00000001800577f0 f    CIL library: CIL module
 0001:00056800       ??__F?s_id@?$TObjectUniqueID@URFrame_List@frames@ui@modules@UModSys@@@tl@UModSys@@2USUniquePointer@core@3@A@@YAXXZ 0000000180057800 f    CIL library: CIL module
 0001:00056810       ??__F?s_id@?$TObjectUniqueID@URFrame_Edit@frames@ui@modules@UModSys@@@tl@UModSys@@2USUniquePointer@core@3@A@@YAXXZ 0000000180057810 f    CIL library: CIL module
 0001:00056820       ??__F?s_id@?$TObjectUniqueID@URFrame_Button@frames@ui@modules@UModSys@@@tl@UModSys@@2USUniquePointer@core@3@A@@YAXXZ 0000000180057820 f    CIL library: CIL module
 0001:00056830       ??__F?s_id@?$TObjectUniqueID@URFrame_Text@frames@ui@modules@UModSys@@@tl@UModSys@@2USUniquePointer@core@3@A@@YAXXZ 0000000180057830 f    CIL library: CIL module
 0001:00056840       ??__F?s_id@?$TObjectUniqueID@URFrame_Image@frames@ui@modules@UModSys@@@tl@UModSys@@2USUniquePointer@core@3@A@@YAXXZ 0000000180057840 f    CIL library: CIL module
 0001:00056850       ??__F?s_id@?$TObjectUniqueID@URFrame_Frame@frames@ui@modules@UModSys@@@tl@UModSys@@2USUniquePointer@core@3@A@@YAXXZ 0000000180057850 f    CIL library: CIL module
 0001:00056860       ??__F?s_id@?$TObjectUniqueID@URDialog@frames@ui@modules@UModSys@@@tl@UModSys@@2USUniquePointer@core@3@A@@YAXXZ 0000000180057860 f    CIL library: CIL module
 0001:00056870       ??__F?s_id@?$TObjectUniqueID@URFrame_Common@frames@ui@modules@UModSys@@@tl@UModSys@@2USUniquePointer@core@3@A@@YAXXZ 0000000180057870 f    CIL library: CIL module
 0001:00056880       ??__Fs_dbg@images_std@media@modules@UModSys@@YAXXZ 0000000180057880 f    CIL library: CIL module
 0001:00056890       ??__F?s_modreg@RModuleReg@images_std@media@modules@UModSys@@2U12345@A@@YAXXZ 0000000180057890 f    CIL library: CIL module
 0001:000568b0       ??__F?s_modreg_chain@RModuleReg@images_std@media@modules@UModSys@@2USModuleRegChain@base@5@A@@YAXXZ 00000001800578b0 f    CIL library: CIL module
 0001:000568c0       ??__F?s_uid@RGenerator@images_std@media@modules@UModSys@@2USUniquePointer@core@5@A@@YAXXZ 00000001800578c0 f    CIL library: CIL module
 0001:000568d0       ??__Fh@?1??s_holder@RGenerator@images_std@media@modules@UModSys@@SAAEAU?$TTypeStaticHolder@URGenerator@images_std@media@modules@UModSys@@@tl@5@XZ@YAXXZ 00000001800578d0 f    CIL library: CIL module
 0001:00056900       ??__F?s_id@?$TObjectUniqueID@URGenerator@images_std@media@modules@UModSys@@@tl@UModSys@@2USUniquePointer@core@3@A@@YAXXZ 0000000180057900 f    CIL library: CIL module
 0001:00056910       ??__F?s_id@?$TObjectUniqueID@URMediaFilter@images_std@media@modules@UModSys@@@tl@UModSys@@2USUniquePointer@core@3@A@@YAXXZ 0000000180057910 f    CIL library: CIL module
 0001:00056920       ??__Fs_dbg@serialize_json@media@modules@UModSys@@YAXXZ 0000000180057920 f    CIL library: CIL module
 0001:00056930       ??__F?s_modreg@RModuleReg@serialize_json@media@modules@UModSys@@2U12345@A@@YAXXZ 0000000180057930 f    CIL library: CIL module
 0001:00056950       ??__F?s_modreg_chain@RModuleReg@serialize_json@media@modules@UModSys@@2USModuleRegChain@base@5@A@@YAXXZ 0000000180057950 f    CIL library: CIL module
 0001:00056960       ??__F?s_uid@RGenerator@serialize_json@media@modules@UModSys@@2USUniquePointer@core@5@A@@YAXXZ 0000000180057960 f    CIL library: CIL module
 0001:00056970       ??__Fh@?1??s_holder@RGenerator@serialize_json@media@modules@UModSys@@SAAEAU?$TTypeStaticHolder@URGenerator@serialize_json@media@modules@UModSys@@@tl@5@XZ@YAXXZ 0000000180057970 f    CIL library: CIL module
 0001:000569a0       ??__F?s_id@?$TObjectUniqueID@URGenerator@serialize_json@media@modules@UModSys@@@tl@UModSys@@2USUniquePointer@core@3@A@@YAXXZ 00000001800579a0 f    CIL library: CIL module
 0001:000569b0       ??__F?s_id@?$TObjectUniqueID@URSerializeWriter@serialize_json@media@modules@UModSys@@@tl@UModSys@@2USUniquePointer@core@3@A@@YAXXZ 00000001800579b0 f    CIL library: CIL module
 0001:000569c0       ??__F?s_id@?$TObjectUniqueID@URSerializeReader@serialize_json@media@modules@UModSys@@@tl@UModSys@@2USUniquePointer@core@3@A@@YAXXZ 00000001800579c0 f    CIL library: CIL module
 0001:000569d0       ??__Fs_dbg@zlib@media@modules@UModSys@@YAXXZ 00000001800579d0 f    CIL library: CIL module
 0001:000569e0       ??__F?s_modreg@RModuleReg@zlib@media@modules@UModSys@@2U12345@A@@YAXXZ 00000001800579e0 f    CIL library: CIL module
 0001:00056a00       ??__F?s_modreg_chain@RModuleReg@zlib@media@modules@UModSys@@2USModuleRegChain@base@5@A@@YAXXZ 0000000180057a00 f    CIL library: CIL module
 0001:00056a10       ??__F?s_uid@RGenerator@zlib@media@modules@UModSys@@2USUniquePointer@core@5@A@@YAXXZ 0000000180057a10 f    CIL library: CIL module
 0001:00056a20       ??__Fh@?1??s_holder@RGenerator@zlib@media@modules@UModSys@@SAAEAU?$TTypeStaticHolder@URGenerator@zlib@media@modules@UModSys@@@tl@5@XZ@YAXXZ 0000000180057a20 f    CIL library: CIL module
 0001:00056a50       ??__F?s_id@?$TObjectUniqueID@URGenerator@zlib@media@modules@UModSys@@@tl@UModSys@@2USUniquePointer@core@3@A@@YAXXZ 0000000180057a50 f    CIL library: CIL module
 0001:00056a60       ??__F?s_id@?$TObjectUniqueID@URBinArchiveFrameClient_ZIP@zlib@media@modules@UModSys@@@tl@UModSys@@2USUniquePointer@core@3@A@@YAXXZ 0000000180057a60 f    CIL library: CIL module
 0001:00056a70       ??__FM@UModSys@@YAXXZ      0000000180057a70 f    CIL library: CIL module
 0001:00056a80       ??__F?root@SModuleRegChain@base@UModSys@@2U123@A@@YAXXZ 0000000180057a80 f    CIL library: CIL module
 0001:00056a90       ??__F?s_library@RModuleLibraryReg_Chain@base@UModSys@@2U123@A@@YAXXZ 0000000180057a90 f    CIL library: CIL module
 0001:00056aa0       ??__F?root@SUniquePointer@core@UModSys@@2U123@A@@YAXXZ 0000000180057aa0 f    CIL library: CIL module

 Exports

  ordinal    name

        1    UModSys_Plugin_Entry2
