 umodsysc

 Timestamp is 524c2087 (Wed Oct 02 16:32:55 2013)

 Preferred load address is 0000000140000000

 Start         Length     Name                   Class
 0001:00000000 00006bdcH .text                   CODE
 0001:00006be0 0000005eH .text$00                CODE
 0001:00006c40 000005a8H .text$x                 CODE
 0001:000071f0 00000472H .text$yc                CODE
 0001:00007670 0000013cH .text$yd                CODE
 0002:00000000 000001e0H .idata$5                DATA
 0002:000001e0 00000008H .CRT$XCA                DATA
 0002:000001e8 00000008H .CRT$XCAA               DATA
 0002:000001f0 000000a0H .CRT$XCU                DATA
 0002:00000290 00000008H .CRT$XCZ                DATA
 0002:00000298 00000008H .CRT$XIA                DATA
 0002:000002a0 00000008H .CRT$XIAA               DATA
 0002:000002a8 00000008H .CRT$XIY                DATA
 0002:000002b0 00000008H .CRT$XIZ                DATA
 0002:000002c0 000012b0H .rdata                  DATA
 0002:00001570 00000bbcH .rdata$r                DATA
 0002:00002130 00000008H .rtc$IAA                DATA
 0002:00002138 00000008H .rtc$IZZ                DATA
 0002:00002140 00000008H .rtc$TAA                DATA
 0002:00002148 00000008H .rtc$TZZ                DATA
 0002:00002150 00001078H .xdata                  DATA
 0002:000031c8 000000e4H .xdata$x                DATA
 0002:000032ac 00000028H .idata$2                DATA
 0002:000032d4 00000014H .idata$3                DATA
 0002:000032e8 000001e0H .idata$4                DATA
 0002:000034c8 000003b0H .idata$6                DATA
 0002:00003878 00000000H .edata                  DATA
 0003:00000000 00000664H .data                   DATA
 0003:00000670 000004f8H .bss                    DATA
 0004:00000000 00000d44H .pdata                  DATA

  Address         Publics by Value              Rva+Base               Lib:Object

 0000:00000000       ___safe_se_handler_table   0000000000000000     <absolute>
 0000:00000000       ___safe_se_handler_count   0000000000000000     <absolute>
 0000:00000000       __ImageBase                0000000140000000     <linker-defined>
 0001:00000000       ??$shash@D@su@tl@UModSys@@YAHPEBD_K@Z 0000000140001000 f i umodsys.c_main.obj
 0001:00000030       ?get_interface_info@RConsole_std@rsystem@base@UModSys@@UEBAAEBUSUniquePointerInfo@core@4@XZ 0000000140001030 f i umodsys_lib_basesys:umodsys.basesys.rconsole_std.obj
 0001:00000040       ?get_interface_type@RConsole_std@rsystem@base@UModSys@@UEBAPEBUSUniquePointerInfo@core@4@XZ 0000000140001040 f i umodsys_lib_basesys:umodsys.basesys.rconsole_std.obj
 0001:00000050       ?get_other_interface@RConsole_std@rsystem@base@UModSys@@UEBAPEBUIRoot@core@4@PEBUSUniquePointerInfo@64@@Z 0000000140001050 f i umodsys_lib_basesys:umodsys.basesys.rconsole_std.obj
 0001:00000050       ?get_other_interface@RConsole_std@rsystem@base@UModSys@@UEAAPEAUIRoot@core@4@PEBUSUniquePointerInfo@64@@Z 0000000140001050 f i umodsys_lib_basesys:umodsys.basesys.rconsole_std.obj
 0001:00000080       ??_ERConsole_std@rsystem@base@UModSys@@UEAAPEAXI@Z 0000000140001080 f i  CIL library: CIL module
 0001:00000080       ??_GRConsole_std@rsystem@base@UModSys@@UEAAPEAXI@Z 0000000140001080 f i umodsys_lib_basesys:umodsys.basesys.rconsole_std.obj
 0001:000000b0       ??_GIConsole@base@UModSys@@UEAAPEAXI@Z 00000001400010b0 f i umodsys_lib_basesys:umodsys.basesys.rconsole_std.obj
 0001:000000b0       ??_EIConsole@base@UModSys@@UEAAPEAXI@Z 00000001400010b0 f i  CIL library: CIL module
 0001:000000e0       ??_EIRefObject@core@UModSys@@UEAAPEAXI@Z 00000001400010e0 f i  CIL library: CIL module
 0001:000000e0       ??_GIRefObject@core@UModSys@@UEAAPEAXI@Z 00000001400010e0 f i umodsys_lib_basesys:umodsys.basesys.rconsole_std.obj
 0001:00000110       ??_GIRoot@core@UModSys@@UEAAPEAXI@Z 0000000140001110 f i umodsys_lib_basesys:umodsys.basesys.rconsole_std.obj
 0001:00000110       ??_EIRoot@core@UModSys@@UEAAPEAXI@Z 0000000140001110 f i  CIL library: CIL module
 0001:00000140       ?decode_error@EExceptionBase@core@UModSys@@UEBAHPEAD_K@Z 0000000140001140 f i umodsys_lib_basesys:umodsys.basesys.rsystem_main.obj
 0001:00000180       ?decode_error@EFatal@core@UModSys@@UEBAHPEAD_K@Z 0000000140001180 f i umodsys_lib_basesys:umodsys.basesys.rsystem_main.obj
 0001:000001c0       ?decode_error@EWarning@core@UModSys@@UEBAHPEAD_K@Z 00000001400011c0 f i umodsys_lib_basesys:umodsys.basesys.rsystem_main.obj
 0001:00000200       ??_GEExceptionBase@core@UModSys@@UEAAPEAXI@Z 0000000140001200 f i umodsys_lib_basesys:umodsys.basesys.rsystem_main.obj
 0001:00000200       ??_EEWarning@core@UModSys@@UEAAPEAXI@Z 0000000140001200 f i  CIL library: CIL module
 0001:00000200       ??_GEFatal@core@UModSys@@UEAAPEAXI@Z 0000000140001200 f i umodsys_lib_basesys:umodsys.basesys.rsystem_main.obj
 0001:00000200       ??_EEExceptionBase@core@UModSys@@UEAAPEAXI@Z 0000000140001200 f i  CIL library: CIL module
 0001:00000200       ??_EEFatal@core@UModSys@@UEAAPEAXI@Z 0000000140001200 f i  CIL library: CIL module
 0001:00000200       ??_GEWarning@core@UModSys@@UEAAPEAXI@Z 0000000140001200 f i umodsys_lib_basesys:umodsys.basesys.rsystem_main.obj
 0001:00000230       ??1EFatal@core@UModSys@@UEAA@XZ 0000000140001230 f i umodsys_lib_basesys:umodsys.basesys.rsystem_main.obj
 0001:00000230       ??1EWarning@core@UModSys@@UEAA@XZ 0000000140001230 f i umodsys_lib_basesys:umodsys.basesys.rsystem_main.obj
 0001:00000240       ?get_interface_info@ISystem@base@UModSys@@UEBAAEBUSUniquePointerInfo@core@3@XZ 0000000140001240 f i umodsys_lib_basesys:umodsys.basesys.rsystem_main.obj
 0001:00000250       ?get_interface_type@ISystem@base@UModSys@@UEBAPEBUSUniquePointerInfo@core@3@XZ 0000000140001250 f i umodsys_lib_basesys:umodsys.basesys.rsystem_main.obj
 0001:00000260       ?get_other_interface@ISystem@base@UModSys@@UEBAPEBUIRoot@core@3@PEBUSUniquePointerInfo@53@@Z 0000000140001260 f i umodsys_lib_basesys:umodsys.basesys.rsystem_main.obj
 0001:00000260       ?get_other_interface@ISystem@base@UModSys@@UEAAPEAUIRoot@core@3@PEBUSUniquePointerInfo@53@@Z 0000000140001260 f i umodsys_lib_basesys:umodsys.basesys.rsystem_main.obj
 0001:00000280       ?get_interface_info@RSystem@rsystem@base@UModSys@@UEBAAEBUSUniquePointerInfo@core@4@XZ 0000000140001280 f i umodsys_lib_basesys:umodsys.basesys.rsystem_main.obj
 0001:00000290       ?get_interface_type@RSystem@rsystem@base@UModSys@@UEBAPEBUSUniquePointerInfo@core@4@XZ 0000000140001290 f i umodsys_lib_basesys:umodsys.basesys.rsystem_main.obj
 0001:000002a0       ?get_other_interface@RSystem@rsystem@base@UModSys@@UEAAPEAUIRoot@core@4@PEBUSUniquePointerInfo@64@@Z 00000001400012a0 f i umodsys_lib_basesys:umodsys.basesys.rsystem_main.obj
 0001:000002a0       ?get_other_interface@RSystem@rsystem@base@UModSys@@UEBAPEBUIRoot@core@4@PEBUSUniquePointerInfo@64@@Z 00000001400012a0 f i umodsys_lib_basesys:umodsys.basesys.rsystem_main.obj
 0001:000002c0       ??_ERSystem@rsystem@base@UModSys@@UEAAPEAXI@Z 00000001400012c0 f i  CIL library: CIL module
 0001:000002c0       ??_GRSystem@rsystem@base@UModSys@@UEAAPEAXI@Z 00000001400012c0 f i umodsys_lib_basesys:umodsys.basesys.rsystem_main.obj
 0001:000002f0       ??_EISystem@base@UModSys@@UEAAPEAXI@Z 00000001400012f0 f i  CIL library: CIL module
 0001:000002f0       ??_GISystem@base@UModSys@@UEAAPEAXI@Z 00000001400012f0 f i umodsys_lib_basesys:umodsys.basesys.rsystem_main.obj
 0001:00000320       ??1?$TStaticStringPool@DU?$TComparerBinaryHash@D@su@tl@UModSys@@USMemAlloc_Malloc@core@4@@tl@UModSys@@QEAA@XZ 0000000140001320 f i umodsys_lib_basesys:umodsys.basesys.rsystem_main.obj
 0001:00000330       ??1?$TQuantArrayUnique@USSourceContext@core@UModSys@@$0BAA@USMemAlloc_Malloc@23@@tl@UModSys@@QEAA@XZ 0000000140001330 f i umodsys_lib_basesys:umodsys.basesys.rsystem_main.obj
 0001:00000330       ??1?$TQuantArrayUnique@USUniquePointerInfo@core@UModSys@@$0BAA@USMemAlloc_Malloc@23@@tl@UModSys@@QEAA@XZ 0000000140001330 f i umodsys_lib_basesys:umodsys.basesys.rsystem_main.obj
 0001:00000350       ?clear@?$TTreeHoldRBD@U?$TQuantArrayNode@USUniquePointerInfo@core@UModSys@@$0BAA@@tl@UModSys@@U?$TNodeDeleter@U?$TQuantArrayNode@USUniquePointerInfo@core@UModSys@@$0BAA@@tl@UModSys@@USMemAlloc_Malloc@core@3@@23@@tl@UModSys@@QEAAXXZ 0000000140001350 f i umodsys_lib_basesys:umodsys.basesys.rsystem_main.obj
 0001:00000350       ?clear@?$TTreeHoldRBD@U?$TQuantArrayNode@USSourceContext@core@UModSys@@$0BAA@@tl@UModSys@@U?$TNodeDeleter@U?$TQuantArrayNode@USSourceContext@core@UModSys@@$0BAA@@tl@UModSys@@USMemAlloc_Malloc@core@3@@23@@tl@UModSys@@QEAAXXZ 0000000140001350 f i umodsys_lib_basesys:umodsys.basesys.rsystem_main.obj
 0001:000003e0       ??0?$TRMemAlloc_CC@U?$TMemAllocHeader@USMagic@mem_headers@rsystem@base@UModSys@@U?$TPool@X@2345@USDebug@2345@UVoid@core@5@@rsystem@base@UModSys@@USMemAlloc_Malloc@core@4@@rsystem@base@UModSys@@QEAA@PEAUIExceptionHandler@core@3@@Z 00000001400013e0 f i umodsys_lib_basesys:umodsys.basesys.rsystem_main.obj
 0001:00000400       ??1?$TRMemAlloc_CC@U?$TMemAllocHeader@USMagic@mem_headers@rsystem@base@UModSys@@U?$TPool@X@2345@USDebug@2345@UVoid@core@5@@rsystem@base@UModSys@@USMemAlloc_Malloc@core@4@@rsystem@base@UModSys@@QEAA@XZ 0000000140001400 f i umodsys_lib_basesys:umodsys.basesys.rsystem_main.obj
 0001:00000410       ?mem_alloc@?$TRMemAlloc_CC@U?$TMemAllocHeader@USMagic@mem_headers@rsystem@base@UModSys@@U?$TPool@X@2345@USDebug@2345@UVoid@core@5@@rsystem@base@UModSys@@USMemAlloc_Malloc@core@4@@rsystem@base@UModSys@@UEAAPEAX_KPEBUSSourceContext@core@4@@Z 0000000140001410 f i umodsys_lib_basesys:umodsys.basesys.rsystem_main.obj
 0001:00000470       ?mem_realloc@?$TRMemAlloc_CC@U?$TMemAllocHeader@USMagic@mem_headers@rsystem@base@UModSys@@U?$TPool@X@2345@USDebug@2345@UVoid@core@5@@rsystem@base@UModSys@@USMemAlloc_Malloc@core@4@@rsystem@base@UModSys@@UEAAPEAXPEAX_KPEBUSSourceContext@core@4@@Z 0000000140001470 f i umodsys_lib_basesys:umodsys.basesys.rsystem_main.obj
 0001:00000690       ?mem_free@?$TRMemAlloc_CC@U?$TMemAllocHeader@USMagic@mem_headers@rsystem@base@UModSys@@U?$TPool@X@2345@USDebug@2345@UVoid@core@5@@rsystem@base@UModSys@@USMemAlloc_Malloc@core@4@@rsystem@base@UModSys@@UEAAXPEAXPEBUSSourceContext@core@4@@Z 0000000140001690 f i umodsys_lib_basesys:umodsys.basesys.rsystem_main.obj
 0001:00000740       ?release@?$TStaticStringPool@DU?$TComparerBinaryHash@D@su@tl@UModSys@@USMemAlloc_Malloc@core@4@@tl@UModSys@@QEAAXXZ 0000000140001740 f i umodsys_lib_basesys:umodsys.basesys.rsystem_main.obj
 0001:000007a0       ?get@?$TQuantArrayUnique@USUniquePointerInfo@core@UModSys@@$0BAA@USMemAlloc_Malloc@23@@tl@UModSys@@QEBAPEBUSUniquePointerInfo@core@3@_K@Z 00000001400017a0 f i umodsys_lib_basesys:umodsys.basesys.rsystem_main.obj
 0001:00000820       ??$process@UEFatal@core@UModSys@@@IExceptionHandler@core@UModSys@@QEAAXAEBUEFatal@12@@Z 0000000140001820 f i umodsys_lib_basesys:umodsys.basesys.rsystem_main.obj
 0001:00000890       ??$process_nodes_r@U?$TNodeDeleter@U?$TQuantArrayNode@USSourceContext@core@UModSys@@$0BAA@@tl@UModSys@@USMemAlloc_Malloc@core@3@@tl@UModSys@@@?$TTreeHoldRB@U?$TQuantArrayNode@USSourceContext@core@UModSys@@$0BAA@@tl@UModSys@@@tl@UModSys@@KAHPEAU?$TQuantArrayNode@USSourceContext@core@UModSys@@$0BAA@@12@AEBU?$TNodeDeleter@U?$TQuantArrayNode@USSourceContext@core@UModSys@@$0BAA@@tl@UModSys@@USMemAlloc_Malloc@core@3@@12@@Z 0000000140001890 f i umodsys_lib_basesys:umodsys.basesys.rsystem_main.obj
 0001:00000890       ??$process_nodes_r@U?$TNodeDeleter@U?$TQuantArrayNode@USUniquePointerInfo@core@UModSys@@$0BAA@@tl@UModSys@@USMemAlloc_Malloc@core@3@@tl@UModSys@@@?$TTreeHoldRB@U?$TQuantArrayNode@USUniquePointerInfo@core@UModSys@@$0BAA@@tl@UModSys@@@tl@UModSys@@KAHPEAU?$TQuantArrayNode@USUniquePointerInfo@core@UModSys@@$0BAA@@12@AEBU?$TNodeDeleter@U?$TQuantArrayNode@USUniquePointerInfo@core@UModSys@@$0BAA@@tl@UModSys@@USMemAlloc_Malloc@core@3@@12@@Z 0000000140001890 f i umodsys_lib_basesys:umodsys.basesys.rsystem_main.obj
 0001:00000900       ??0EFatal@core@UModSys@@QEAA@AEBU012@@Z 0000000140001900 f i umodsys_lib_basesys:umodsys.basesys.rsystem_main.obj
 0001:00000940       ??0EExceptionBase@core@UModSys@@QEAA@AEBU012@@Z 0000000140001940 f i umodsys_lib_basesys:umodsys.basesys.rsystem_main.obj
 0001:00000980       ??0EWarning@core@UModSys@@QEAA@AEBU012@@Z 0000000140001980 f i umodsys_lib_basesys:umodsys.basesys.rsystem_main.obj
 0001:000009c0       ??1?$TParametersA@$0EAA@@core@UModSys@@QEAA@XZ 00000001400019c0 f i umodsys_lib_basesys:umodsys.basesys.rsystem_tests.obj
 0001:000009e0       ??1?$TRefObject@URModuleLibrary@rsystem@base@UModSys@@@tl@UModSys@@QEAA@XZ 00000001400019e0 f i umodsys_lib_basesys:umodsys.basesys.rmoduleloader.obj
 0001:000009e0       ??1?$TRefObject@URModule@rsystem@base@UModSys@@@tl@UModSys@@QEAA@XZ 00000001400019e0 f i umodsys_lib_basesys:umodsys.basesys.rmodulelib.obj
 0001:000009e0       ??1?$TRefObject@UIRefObject@core@UModSys@@@tl@UModSys@@QEAA@XZ 00000001400019e0 f i umodsys_lib_basesys:umodsys.basesys.rsystem_tests.obj
 0001:000009e0       ??1?$TRefObject@UIShell@base@UModSys@@@tl@UModSys@@QEAA@XZ 00000001400019e0 f i umodsys_lib_basesys:umodsys.basesys.rsystem_tests.obj
 0001:000009e0       ??1?$TRefObject@URParameters@rsystem@base@UModSys@@@tl@UModSys@@QEAA@XZ 00000001400019e0 f i umodsys_lib_basesys:umodsys.basesys.rsystem_main.obj
 0001:00000a10       ??3@YAXPEAX0@Z             0000000140001a10 f i umodsys_lib_basesys:umodsys.basesys.rmoduleloader.obj
 0001:00000a20       ??_ERModuleLoader@rsystem@base@UModSys@@UEAAPEAXI@Z 0000000140001a20 f i  CIL library: CIL module
 0001:00000a20       ??_GRModuleLoader@rsystem@base@UModSys@@UEAAPEAXI@Z 0000000140001a20 f i umodsys_lib_basesys:umodsys.basesys.rmoduleloader.obj
 0001:00000a50       ??_GIModuleLoader@base@UModSys@@UEAAPEAXI@Z 0000000140001a50 f i umodsys_lib_basesys:umodsys.basesys.rmoduleloader.obj
 0001:00000a50       ??_EIModuleLoader@base@UModSys@@UEAAPEAXI@Z 0000000140001a50 f i  CIL library: CIL module
 0001:00000a80       ?append@?$TStaticStringPool@DU?$TComparerBinaryHash@D@su@tl@UModSys@@USMemAlloc_Malloc@core@4@@tl@UModSys@@QEAAPEBU?$TString@U?$TSCoreConst@D@su@tl@UModSys@@U?$TComparerBinaryHash@D@234@@23@PEBD_K@Z 0000000140001a80 f i umodsys_lib_basesys:umodsys.basesys.rmoduleloader.obj
 0001:00000d00       ?remove_at@?$TArray@U?$TRefObject@URModuleLibrary@rsystem@base@UModSys@@@tl@UModSys@@U?$TAllocator@USMemAlloc_Malloc@core@UModSys@@USCountCalcPower2@23@@23@@tl@UModSys@@QEAA_N_K@Z 0000000140001d00 f i umodsys_lib_basesys:umodsys.basesys.rmoduleloader.obj
 0001:00000d80       ?find_s@?$TStaticStringPool@DU?$TComparerBinaryHash@D@su@tl@UModSys@@USMemAlloc_Malloc@core@4@@tl@UModSys@@QEBAPEBU?$TString@U?$TSCoreConst@D@su@tl@UModSys@@U?$TComparerBinaryHash@D@234@@23@AEBU423@@Z 0000000140001d80 f i umodsys_lib_basesys:umodsys.basesys.rmoduleloader.obj
 0001:00000e20       ?resize@?$TArray@U?$TRefObject@URModule@rsystem@base@UModSys@@@tl@UModSys@@U?$TAllocator@USMemAlloc_Malloc@core@UModSys@@USCountCalcPower2@23@@23@@tl@UModSys@@QEAA_N_K@Z 0000000140001e20 f i umodsys_lib_basesys:umodsys.basesys.rmodulelib.obj
 0001:00000e20       ?resize@?$TArray@U?$TRefObject@URModuleLibrary@rsystem@base@UModSys@@@tl@UModSys@@U?$TAllocator@USMemAlloc_Malloc@core@UModSys@@USCountCalcPower2@23@@23@@tl@UModSys@@QEAA_N_K@Z 0000000140001e20 f i umodsys_lib_basesys:umodsys.basesys.rmoduleloader.obj
 0001:00000ea0       ?add@?$TQuantArrayUnique@USSourceContext@core@UModSys@@$0BAA@USMemAlloc_Malloc@23@@tl@UModSys@@QEAAPEAUSSourceContext@core@3@AEBU453@@Z 0000000140001ea0 f i umodsys_lib_basesys:umodsys.basesys.rsystem.obj
 0001:00000ea0       ?add@?$TQuantArrayUnique@USUniquePointerInfo@core@UModSys@@$0BAA@USMemAlloc_Malloc@23@@tl@UModSys@@QEAAPEAUSUniquePointerInfo@core@3@AEBU453@@Z 0000000140001ea0 f i umodsys_lib_basesys:umodsys.basesys.rsystem.obj
 0001:00001030       ?find@?$TQuantArrayUnique@USSourceContext@core@UModSys@@$0BAA@USMemAlloc_Malloc@23@@tl@UModSys@@QEAAPEBUSSourceContext@core@3@AEBU453@@Z 0000000140002030 f i umodsys_lib_basesys:umodsys.basesys.rsystem.obj
 0001:00001030       ?find@?$TQuantArrayUnique@USUniquePointerInfo@core@UModSys@@$0BAA@USMemAlloc_Malloc@23@@tl@UModSys@@QEAAPEBUSUniquePointerInfo@core@3@AEBU453@@Z 0000000140002030 f i umodsys_lib_basesys:umodsys.basesys.rsystem.obj
 0001:00001160       ?s_last@?$TQuantArrayUnique@USUniquePointerInfo@core@UModSys@@$0BAA@USMemAlloc_Malloc@23@@tl@UModSys@@KAHPEBU?$TQuantArrayNode@USUniquePointerInfo@core@UModSys@@$0BAA@@23@0@Z 0000000140002160 f i umodsys_lib_basesys:umodsys.basesys.rsystem.obj
 0001:00001160       ?s_last@?$TQuantArrayUnique@USSourceContext@core@UModSys@@$0BAA@USMemAlloc_Malloc@23@@tl@UModSys@@KAHPEBU?$TQuantArrayNode@USSourceContext@core@UModSys@@$0BAA@@23@0@Z 0000000140002160 f i umodsys_lib_basesys:umodsys.basesys.rsystem.obj
 0001:00001170       ??$insert_node_m@P6AHPEBU?$TQuantArrayNode@USUniquePointerInfo@core@UModSys@@$0BAA@@tl@UModSys@@0@Z@?$TTreeHoldRB@U?$TQuantArrayNode@USUniquePointerInfo@core@UModSys@@$0BAA@@tl@UModSys@@@tl@UModSys@@QEAAPEAU?$TQuantArrayNode@USUniquePointerInfo@core@UModSys@@$0BAA@@12@PEAU312@P6AHPEBU312@1@Z@Z 0000000140002170 f i umodsys_lib_basesys:umodsys.basesys.rsystem.obj
 0001:00001170       ??$insert_node_m@P6AHPEBU?$TQuantArrayNode@USSourceContext@core@UModSys@@$0BAA@@tl@UModSys@@0@Z@?$TTreeHoldRB@U?$TQuantArrayNode@USSourceContext@core@UModSys@@$0BAA@@tl@UModSys@@@tl@UModSys@@QEAAPEAU?$TQuantArrayNode@USSourceContext@core@UModSys@@$0BAA@@12@PEAU312@P6AHPEBU312@1@Z@Z 0000000140002170 f i umodsys_lib_basesys:umodsys.basesys.rsystem.obj
 0001:00001220       ?insert_color@?$TTreeHoldRB@U?$TQuantArrayNode@USSourceContext@core@UModSys@@$0BAA@@tl@UModSys@@@tl@UModSys@@IEAAXPEAU?$TQuantArrayNode@USSourceContext@core@UModSys@@$0BAA@@23@@Z 0000000140002220 f i umodsys_lib_basesys:umodsys.basesys.rsystem.obj
 0001:00001220       ?insert_color@?$TTreeHoldRB@U?$TQuantArrayNode@USUniquePointerInfo@core@UModSys@@$0BAA@@tl@UModSys@@@tl@UModSys@@IEAAXPEAU?$TQuantArrayNode@USUniquePointerInfo@core@UModSys@@$0BAA@@23@@Z 0000000140002220 f i umodsys_lib_basesys:umodsys.basesys.rsystem.obj
 0001:000013d0       ?get_interface_info@RParameters@rsystem@base@UModSys@@UEBAAEBUSUniquePointerInfo@core@4@XZ 00000001400023d0 f i umodsys_lib_basesys:umodsys.basesys.rparameters.obj
 0001:000013e0       ?get_interface_type@RParameters@rsystem@base@UModSys@@UEBAPEBUSUniquePointerInfo@core@4@XZ 00000001400023e0 f i umodsys_lib_basesys:umodsys.basesys.rparameters.obj
 0001:000013f0       ?get_interface_types@RModule@rsystem@base@UModSys@@UEBA_KAEAUSUniquePtrList@core@4@@Z 00000001400023f0 f i umodsys_lib_basesys:umodsys.basesys.rmodule.obj
 0001:000013f0       ?get_interface_types@RParameters@rsystem@base@UModSys@@UEBA_KAEAUSUniquePtrList@core@4@@Z 00000001400023f0 f i umodsys_lib_basesys:umodsys.basesys.rparameters.obj
 0001:000013f0       ?get_interface_types@RSystem@rsystem@base@UModSys@@UEBA_KAEAUSUniquePtrList@core@4@@Z 00000001400023f0 f i umodsys_lib_basesys:umodsys.basesys.rsystem_main.obj
 0001:000013f0       ?get_interface_types@RModuleLibrary@rsystem@base@UModSys@@UEBA_KAEAUSUniquePtrList@core@4@@Z 00000001400023f0 f i umodsys_lib_basesys:umodsys.basesys.rmodulelib.obj
 0001:000013f0       ?get_interface_types@ISystem@base@UModSys@@UEBA_KAEAUSUniquePtrList@core@3@@Z 00000001400023f0 f i umodsys_lib_basesys:umodsys.basesys.rsystem_main.obj
 0001:000013f0       ?get_interface_types@RConsole_std@rsystem@base@UModSys@@UEBA_KAEAUSUniquePtrList@core@4@@Z 00000001400023f0 f i umodsys_lib_basesys:umodsys.basesys.rconsole_std.obj
 0001:00001400       ?get_other_interface@RParameters@rsystem@base@UModSys@@UEBAPEBUIRoot@core@4@PEBUSUniquePointerInfo@64@@Z 0000000140002400 f i umodsys_lib_basesys:umodsys.basesys.rparameters.obj
 0001:00001400       ?get_other_interface@RParameters@rsystem@base@UModSys@@UEAAPEAUIRoot@core@4@PEBUSUniquePointerInfo@64@@Z 0000000140002400 f i umodsys_lib_basesys:umodsys.basesys.rparameters.obj
 0001:00001430       ?suicide@RModuleLibrary@rsystem@base@UModSys@@UEAAXXZ 0000000140002430 f i umodsys_lib_basesys:umodsys.basesys.rmodulelib.obj
 0001:00001430       ?suicide@RParameters@rsystem@base@UModSys@@UEAAXXZ 0000000140002430 f i umodsys_lib_basesys:umodsys.basesys.rparameters.obj
 0001:00001450       ??_ERParameters@rsystem@base@UModSys@@UEAAPEAXI@Z 0000000140002450 f i  CIL library: CIL module
 0001:00001450       ??_GRParameters@rsystem@base@UModSys@@UEAAPEAXI@Z 0000000140002450 f i umodsys_lib_basesys:umodsys.basesys.rparameters.obj
 0001:00001480       ??$shash@D@su@tl@UModSys@@YAHPEBD@Z 0000000140002480 f i umodsys_lib_basesys:umodsys.basesys.rparameters.obj
 0001:000014b0       ?get_interface_info@RModuleLibrary@rsystem@base@UModSys@@UEBAAEBUSUniquePointerInfo@core@4@XZ 00000001400024b0 f i umodsys_lib_basesys:umodsys.basesys.rmodulelib.obj
 0001:000014c0       ?get_interface_type@RModuleLibrary@rsystem@base@UModSys@@UEBAPEBUSUniquePointerInfo@core@4@XZ 00000001400024c0 f i umodsys_lib_basesys:umodsys.basesys.rmodulelib.obj
 0001:000014d0       ?get_other_interface@RModuleLibrary@rsystem@base@UModSys@@UEBAPEBUIRoot@core@4@PEBUSUniquePointerInfo@64@@Z 00000001400024d0 f i umodsys_lib_basesys:umodsys.basesys.rmodulelib.obj
 0001:000014d0       ?get_other_interface@RModuleLibrary@rsystem@base@UModSys@@UEAAPEAUIRoot@core@4@PEBUSUniquePointerInfo@64@@Z 00000001400024d0 f i umodsys_lib_basesys:umodsys.basesys.rmodulelib.obj
 0001:00001500       ??_GRModuleLibrary@rsystem@base@UModSys@@UEAAPEAXI@Z 0000000140002500 f i umodsys_lib_basesys:umodsys.basesys.rmodulelib.obj
 0001:00001500       ??_ERModuleLibrary@rsystem@base@UModSys@@UEAAPEAXI@Z 0000000140002500 f i  CIL library: CIL module
 0001:00001530       ??1?$TString@U?$TSCoreShared@USMemAlloc_Malloc@core@UModSys@@D@su@tl@UModSys@@U?$TComparerBinaryHash@D@234@@tl@UModSys@@QEAA@XZ 0000000140002530 f i umodsys_lib_basesys:umodsys.basesys.rmodulelib.obj
 0001:00001580       ??_EIModuleLibrary@base@UModSys@@UEAAPEAXI@Z 0000000140002580 f i  CIL library: CIL module
 0001:00001580       ??_GIModuleLibrary@base@UModSys@@UEAAPEAXI@Z 0000000140002580 f i umodsys_lib_basesys:umodsys.basesys.rmodulelib.obj
 0001:000015b0       ??1?$TArray@U?$TRefObject@URModule@rsystem@base@UModSys@@@tl@UModSys@@U?$TAllocator@USMemAlloc_Malloc@core@UModSys@@USCountCalcPower2@23@@23@@tl@UModSys@@QEAA@XZ 00000001400025b0 f i umodsys_lib_basesys:umodsys.basesys.rmodulelib.obj
 0001:000015c0       ?free@?$TArray@U?$TRefObject@URModule@rsystem@base@UModSys@@@tl@UModSys@@U?$TAllocator@USMemAlloc_Malloc@core@UModSys@@USCountCalcPower2@23@@23@@tl@UModSys@@QEAA_NXZ 00000001400025c0 f i umodsys_lib_basesys:umodsys.basesys.rmodulelib.obj
 0001:000015c0       ?free@?$TArray@U?$TRefObject@URModuleLibrary@rsystem@base@UModSys@@@tl@UModSys@@U?$TAllocator@USMemAlloc_Malloc@core@UModSys@@USCountCalcPower2@23@@23@@tl@UModSys@@QEAA_NXZ 00000001400025c0 f i umodsys_lib_basesys:umodsys.basesys.rmoduleloader.obj
 0001:00001600       ?info_new@?$TSCoreShared@USMemAlloc_Malloc@core@UModSys@@D@su@tl@UModSys@@QEAA_NPEBD_K@Z 0000000140002600 f i umodsys_lib_basesys:umodsys.basesys.rmodulelib.obj
 0001:000016b0       ?push@?$TArray@U?$TRefObject@URModule@rsystem@base@UModSys@@@tl@UModSys@@U?$TAllocator@USMemAlloc_Malloc@core@UModSys@@USCountCalcPower2@23@@23@@tl@UModSys@@QEAA_NAEBU?$TRefObject@URModule@rsystem@base@UModSys@@@23@@Z 00000001400026b0 f i umodsys_lib_basesys:umodsys.basesys.rmodulelib.obj
 0001:000016b0       ?push@?$TArray@U?$TRefObject@URModuleLibrary@rsystem@base@UModSys@@@tl@UModSys@@U?$TAllocator@USMemAlloc_Malloc@core@UModSys@@USCountCalcPower2@23@@23@@tl@UModSys@@QEAA_NAEBU?$TRefObject@URModuleLibrary@rsystem@base@UModSys@@@23@@Z 00000001400026b0 f i umodsys_lib_basesys:umodsys.basesys.rmodulelib.obj
 0001:00001760       ?get_interface_info@RModule@rsystem@base@UModSys@@UEBAAEBUSUniquePointerInfo@core@4@XZ 0000000140002760 f i umodsys_lib_basesys:umodsys.basesys.rmodule.obj
 0001:00001770       ?get_interface_type@RModule@rsystem@base@UModSys@@UEBAPEBUSUniquePointerInfo@core@4@XZ 0000000140002770 f i umodsys_lib_basesys:umodsys.basesys.rmodule.obj
 0001:00001780       ?get_other_interface@RModule@rsystem@base@UModSys@@UEBAPEBUIRoot@core@4@PEBUSUniquePointerInfo@64@@Z 0000000140002780 f i umodsys_lib_basesys:umodsys.basesys.rmodule.obj
 0001:00001780       ?get_other_interface@RModule@rsystem@base@UModSys@@UEAAPEAUIRoot@core@4@PEBUSUniquePointerInfo@64@@Z 0000000140002780 f i umodsys_lib_basesys:umodsys.basesys.rmodule.obj
 0001:000017b0       ?suicide@RModule@rsystem@base@UModSys@@UEAAXXZ 00000001400027b0 f i umodsys_lib_basesys:umodsys.basesys.rmodule.obj
 0001:00001800       ??_GRModule@rsystem@base@UModSys@@UEAAPEAXI@Z 0000000140002800 f i umodsys_lib_basesys:umodsys.basesys.rmodule.obj
 0001:00001800       ??_ERModule@rsystem@base@UModSys@@UEAAPEAXI@Z 0000000140002800 f i  CIL library: CIL module
 0001:00001830       ??_GIModule@base@UModSys@@UEAAPEAXI@Z 0000000140002830 f i umodsys_lib_basesys:umodsys.basesys.rmodule.obj
 0001:00001830       ??_EIModule@base@UModSys@@UEAAPEAXI@Z 0000000140002830 f i  CIL library: CIL module
 0001:00001860       ??1?$TArray@UModuleObjInfo@RModule@rsystem@base@UModSys@@U?$TAllocator@USMemAlloc_Malloc@core@UModSys@@USCountCalcPower2@23@@tl@5@@tl@UModSys@@QEAA@XZ 0000000140002860 f i umodsys_lib_basesys:umodsys.basesys.rmodule.obj
 0001:00001870       ??1?$TArray@UGeneratedObjInfo@RModule@rsystem@base@UModSys@@U?$TAllocator@USMemAlloc_Malloc@core@UModSys@@USCountCalcPower2@23@@tl@5@@tl@UModSys@@QEAA@XZ 0000000140002870 f i umodsys_lib_basesys:umodsys.basesys.rmodule.obj
 0001:00001880       ??1?$TArray@PEBUSUniquePointerInfo@core@UModSys@@U?$TAllocator@USMemAlloc_Malloc@core@UModSys@@USCountCalcPower2@23@@tl@3@@tl@UModSys@@QEAA@XZ 0000000140002880 f i umodsys_lib_basesys:umodsys.basesys.rmodule.obj
 0001:00001890       ?resize@?$TArray@UModuleObjInfo@RModule@rsystem@base@UModSys@@U?$TAllocator@USMemAlloc_Malloc@core@UModSys@@USCountCalcPower2@23@@tl@5@@tl@UModSys@@QEAA_N_K@Z 0000000140002890 f i umodsys_lib_basesys:umodsys.basesys.rmodule.obj
 0001:000019b0       ?free@?$TArray@UModuleObjInfo@RModule@rsystem@base@UModSys@@U?$TAllocator@USMemAlloc_Malloc@core@UModSys@@USCountCalcPower2@23@@tl@5@@tl@UModSys@@QEAA_NXZ 00000001400029b0 f i umodsys_lib_basesys:umodsys.basesys.rmodule.obj
 0001:000019f0       ?resize@?$TArray@UGeneratedObjInfo@RModule@rsystem@base@UModSys@@U?$TAllocator@USMemAlloc_Malloc@core@UModSys@@USCountCalcPower2@23@@tl@5@@tl@UModSys@@QEAA_N_K@Z 00000001400029f0 f i umodsys_lib_basesys:umodsys.basesys.rmodule.obj
 0001:00001b00       ?free@?$TArray@UGeneratedObjInfo@RModule@rsystem@base@UModSys@@U?$TAllocator@USMemAlloc_Malloc@core@UModSys@@USCountCalcPower2@23@@tl@5@@tl@UModSys@@QEAA_NXZ 0000000140002b00 f i umodsys_lib_basesys:umodsys.basesys.rmodule.obj
 0001:00001b40       ?resize@?$TArray@PEBUSUniquePointerInfo@core@UModSys@@U?$TAllocator@USMemAlloc_Malloc@core@UModSys@@USCountCalcPower2@23@@tl@3@@tl@UModSys@@QEAA_N_K@Z 0000000140002b40 f i umodsys_lib_basesys:umodsys.basesys.rmodule.obj
 0001:00001c10       ?free@?$TArray@PEBUSUniquePointerInfo@core@UModSys@@U?$TAllocator@USMemAlloc_Malloc@core@UModSys@@USCountCalcPower2@23@@tl@3@@tl@UModSys@@QEAA_NXZ 0000000140002c10 f i umodsys_lib_basesys:umodsys.basesys.rmodule.obj
 0001:00001c48       _onexit                    0000000140002c48 f   MSVCRT:atonexit.obj
 0001:00001cf8       atexit                     0000000140002cf8 f   MSVCRT:atonexit.obj
 0001:00001fe0       mainCRTStartup             0000000140002fe0 f   MSVCRT:crtexe.obj
 0001:00001ff2       _purecall                  0000000140002ff2 f   MSVCRT:MSVCR90.dll
 0001:00001ff8       ??3@YAXPEAX@Z              0000000140002ff8 f   MSVCRT:MSVCR90.dll
 0001:00002000       ??_Etype_info@@UEAAPEAXI@Z 0000000140003000 f i MSVCRT:ti_inst.obj
 0001:0000206a       ??2@YAPEAX_K@Z             000000014000306a f   MSVCRT:MSVCR90.dll
 0001:00002070       __C_specific_handler       0000000140003070 f   MSVCRT:MSVCR90.dll
 0001:00002076       _unlock                    0000000140003076 f   MSVCRT:MSVCR90.dll
 0001:0000207c       __dllonexit                000000014000307c f   MSVCRT:MSVCR90.dll
 0001:00002082       _lock                      0000000140003082 f   MSVCRT:MSVCR90.dll
 0001:00002088       ?__CxxUnhandledExceptionFilter@@YAJPEAU_EXCEPTION_POINTERS@@@Z 0000000140003088 f   MSVCRT:unhandld.obj
 0001:000020cc       __CxxSetUnhandledExceptionFilter 00000001400030cc f   MSVCRT:unhandld.obj
 0001:000020e4       _amsg_exit                 00000001400030e4 f   MSVCRT:MSVCR90.dll
 0001:000020ec       _RTC_Initialize            00000001400030ec f   MSVCRT:_initsect_.obj
 0001:00002124       _RTC_Terminate             0000000140003124 f   MSVCRT:_initsect_.obj
 0001:0000215c       _XcptFilter                000000014000315c f   MSVCRT:MSVCR90.dll
 0001:00002170       _ValidateImageBase         0000000140003170 f   MSVCRT:pesect.obj
 0001:000021a0       _FindPESection             00000001400031a0 f   MSVCRT:pesect.obj
 0001:000021f0       _IsNonwritableInCurrentImage 00000001400031f0 f   MSVCRT:pesect.obj
 0001:00002232       _initterm                  0000000140003232 f   MSVCRT:MSVCR90.dll
 0001:00002238       _initterm_e                0000000140003238 f   MSVCRT:MSVCR90.dll
 0001:00002240       _setargv                   0000000140003240 f   MSVCRT:dllargv.obj
 0001:00002240       _matherr                   0000000140003240 f   MSVCRT:merr.obj
 0001:00002244       __security_init_cookie     0000000140003244 f   MSVCRT:gs_support.obj
 0001:000022f8       ?__ArrayUnwind@@YAXPEAX_KHP6AX0@Z@Z 00000001400032f8 f   MSVCRT:ehvecdtr.obj
 0001:00002344       ??_M@YAXPEAX_KHP6AX0@Z@Z   0000000140003344 f   MSVCRT:ehvecdtr.obj
 0001:000023a2       ?terminate@@YAXXZ          00000001400033a2 f   MSVCRT:MSVCR90.dll
 0001:000023a8       ??1type_info@@UEAA@XZ      00000001400033a8 f   MSVCRT:MSVCR90.dll
 0001:000023a8       ?_type_info_dtor_internal_method@type_info@@QEAAXXZ 00000001400033a8 f   MSVCRT:MSVCR90.dll
 0001:000023b0       ?gracial_convert@syshlp@core@UModSys@@YA_NPEADHPEB_WH@Z 00000001400033b0 f   umodsys_lib_core:umodsys.core.syshlp_charcode.win32.obj
 0001:00002410       ?gracial_convert@syshlp@core@UModSys@@YA_NPEA_WHPEBDH@Z 0000000140003410 f   umodsys_lib_core:umodsys.core.syshlp_charcode.win32.obj
 0001:00002460       ?path_uni_os@syshlp@core@UModSys@@YAXPEA_W@Z 0000000140003460 f   umodsys_lib_core:umodsys.core.syshlp_chars.win32.obj
 0001:00002490       ?path_os_uni@syshlp@core@UModSys@@YAXPEAD@Z 0000000140003490 f   umodsys_lib_core:umodsys.core.syshlp_chars.win32.obj
 0001:000024b0       ?gracial_cpy@syshlp@core@UModSys@@YA_NPEA_WHQEAPEB_WH@Z 00000001400034b0 f   umodsys_lib_core:umodsys.core.syshlp_chars.win32.obj
 0001:000025a0       ?gracial_cpy@syshlp@core@UModSys@@YA_NPEADHQEAPEBDH@Z 00000001400035a0 f   umodsys_lib_core:umodsys.core.syshlp_chars.win32.obj
 0001:00002680       ??1IRoot@core@UModSys@@UEAA@XZ 0000000140003680 f   umodsys_lib_core:umodsys.core.objects.obj
 0001:000026a0       ??1IRefObject@core@UModSys@@UEAA@XZ 00000001400036a0 f   umodsys_lib_core:umodsys.core.objects.obj
 0001:000026b0       ??0SUniquePtrList@core@UModSys@@QEAA@PEAPEBUSUniquePointerInfo@12@_K@Z 00000001400036b0 f   umodsys_lib_core:umodsys.core.uniqueptr.obj
 0001:000026d0       ?s_unresolve@SUniquePointer@core@UModSys@@SAXPEAUIUniquePointerResolver@23@@Z 00000001400036d0 f   umodsys_lib_core:umodsys.core.uniqueptr.obj
 0001:00002740       ?s_resolve@SUniquePointer@core@UModSys@@SAXPEAUIUniquePointerResolver@23@@Z 0000000140003740 f   umodsys_lib_core:umodsys.core.uniqueptr.obj
 0001:000027c0       ??1SUniquePointer@core@UModSys@@QEAA@XZ 00000001400037c0 f   umodsys_lib_core:umodsys.core.uniqueptr.obj
 0001:000027f0       ??0SUniquePointer@core@UModSys@@QEAA@H@Z 00000001400037f0 f   umodsys_lib_core:umodsys.core.uniqueptr.obj
 0001:00002820       ??0SUniquePointer@core@UModSys@@QEAA@PEBD0H@Z 0000000140003820 f   umodsys_lib_core:umodsys.core.uniqueptr.obj
 0001:00002870       ??1SModuleInfo@base@UModSys@@QEAA@XZ 0000000140003870 f   umodsys_lib_base:umodsys.base.moduleinfo.obj
 0001:00002880       ??0SModuleInfo@base@UModSys@@QEAA@XZ 0000000140003880 f   umodsys_lib_base:umodsys.base.moduleinfo.obj
 0001:000028b0       ??1IModuleLoader@base@UModSys@@UEAA@XZ 00000001400038b0 f   umodsys_lib_base:umodsys.base.moduleloader.obj
 0001:000028c0       ??1SDebug@base@UModSys@@QEAA@XZ 00000001400038c0 f   umodsys_lib_base:umodsys.base.debug.obj
 0001:000028f0       ??0SDebug@base@UModSys@@QEAA@PEAUIConsole@12@I@Z 00000001400038f0 f   umodsys_lib_base:umodsys.base.debug.obj
 0001:00002910       ??1ISystem@base@UModSys@@UEAA@XZ 0000000140003910 f   umodsys_lib_base:umodsys.base.system.obj
 0001:00002920       ?Link@SModuleContext@base@UModSys@@QEAAXPEAUISystem@23@PEAUIMemAlloc@core@3@@Z 0000000140003920 f   umodsys_lib_base:umodsys.base.modulecontext.obj
 0001:00002960       ??0SModuleContext@base@UModSys@@QEAA@XZ 0000000140003960 f   umodsys_lib_base:umodsys.base.modulecontext.obj
 0001:00002990       ??1SModuleContext@base@UModSys@@QEAA@XZ 0000000140003990 f   umodsys_lib_base:umodsys.base.modulecontext.obj
 0001:000029a0       ?get_paramworker@SParameters@core@UModSys@@KAPEAUIParameters@23@XZ 00000001400039a0 f   umodsys_lib_base:umodsys.base.modulecontext.obj
 0001:000029b0       ?ref_links@RModule@rsystem@base@UModSys@@UEBAHXZ 00000001400039b0 f   umodsys_lib_basesys:umodsys.basesys.rmodule.obj
 0001:000029c0       ?ref_remove@RModule@rsystem@base@UModSys@@UEBAXXZ 00000001400039c0 f   umodsys_lib_basesys:umodsys.basesys.rmodule.obj
 0001:000029f0       ?ref_add@RModule@rsystem@base@UModSys@@UEBAXXZ 00000001400039f0 f   umodsys_lib_basesys:umodsys.basesys.rmodule.obj
 0001:00002a00       ?scan@RModule@rsystem@base@UModSys@@QEAA_NXZ 0000000140003a00 f   umodsys_lib_basesys:umodsys.basesys.rmodule.obj
 0001:00002a40       ?mod_findobjname@RModule@rsystem@base@UModSys@@UEAA_KPEBUSUniquePointerInfo@core@4@QEAPEBU564@_K@Z 0000000140003a40 f   umodsys_lib_basesys:umodsys.basesys.rmodule.obj
 0001:00002af0       ?is_open@RModule@rsystem@base@UModSys@@UEBA_NXZ 0000000140003af0 f   umodsys_lib_basesys:umodsys.basesys.rmodule.obj
 0001:00002b20       ?get_info@RModule@rsystem@base@UModSys@@UEBAAEBUSModuleInfo@34@XZ 0000000140003b20 f   umodsys_lib_basesys:umodsys.basesys.rmodule.obj
 0001:00002b30       ?get_library@RModule@rsystem@base@UModSys@@UEBAPEAUIModuleLibrary@34@XZ 0000000140003b30 f   umodsys_lib_basesys:umodsys.basesys.rmodule.obj
 0001:00002b40       ??1RModule@rsystem@base@UModSys@@UEAA@XZ 0000000140003b40 f   umodsys_lib_basesys:umodsys.basesys.rmodule.obj
 0001:00002ba0       ?unreg_obj@RModule@rsystem@base@UModSys@@QEAA_NPEAUIModObject@34@@Z 0000000140003ba0 f   umodsys_lib_basesys:umodsys.basesys.rmodule.obj
 0001:00002cd0       ?reg_generator@RModule@rsystem@base@UModSys@@QEAA_NPEAUModuleObjInfo@1234@PEAUIGenerator@34@@Z 0000000140003cd0 f   umodsys_lib_basesys:umodsys.basesys.rmodule.obj
 0001:00002f10       ?save_db@RModule@rsystem@base@UModSys@@QEAA_NPEAU_iobuf@@@Z 0000000140003f10 f   umodsys_lib_basesys:umodsys.basesys.rmodule.obj
 0001:00003170       ?alloc_minfo@RModule@rsystem@base@UModSys@@QEAA_NAEBUSModuleInfo@34@@Z 0000000140004170 f   umodsys_lib_basesys:umodsys.basesys.rmodule.obj
 0001:00003240       ?reg_obj@RModule@rsystem@base@UModSys@@QEAAPEAUModuleObjInfo@1234@PEAUIModObject@34@@Z 0000000140004240 f   umodsys_lib_basesys:umodsys.basesys.rmodule.obj
 0001:000033f0       ?mod_generate@RModule@rsystem@base@UModSys@@UEAA_NAEAU?$TRefObject@UIRefObject@core@UModSys@@@tl@4@PEBUSUniquePointerInfo@core@4@AEBUSParameters@84@@Z 00000001400043f0 f   umodsys_lib_basesys:umodsys.basesys.rmodule.obj
 0001:00003550       ?reg@RModule@rsystem@base@UModSys@@UEAA_NPEAUIGenerator@34@_N@Z 0000000140004550 f   umodsys_lib_basesys:umodsys.basesys.rmodule.obj
 0001:000035c0       ?reg@RModule@rsystem@base@UModSys@@UEAA_NPEAUIModObject@34@_N@Z 00000001400045c0 f   umodsys_lib_basesys:umodsys.basesys.rmodule.obj
 0001:000035f0       ?close@RModule@rsystem@base@UModSys@@UEAA_NXZ 00000001400045f0 f   umodsys_lib_basesys:umodsys.basesys.rmodule.obj
 0001:00003660       ?open@RModule@rsystem@base@UModSys@@UEAA_NXZ 0000000140004660 f   umodsys_lib_basesys:umodsys.basesys.rmodule.obj
 0001:000036e0       ??0RModule@rsystem@base@UModSys@@QEAA@PEAURModuleLibrary@123@PEAUIModuleReg@23@@Z 00000001400046e0 f   umodsys_lib_basesys:umodsys.basesys.rmodule.obj
 0001:00003780       ?ref_links@RModuleLibrary@rsystem@base@UModSys@@UEBAHXZ 0000000140004780 f   umodsys_lib_basesys:umodsys.basesys.rmodulelib.obj
 0001:00003790       ?ref_remove@RModuleLibrary@rsystem@base@UModSys@@UEBAXXZ 0000000140004790 f   umodsys_lib_basesys:umodsys.basesys.rmodulelib.obj
 0001:000037c0       ?ref_add@RModuleLibrary@rsystem@base@UModSys@@UEBAXXZ 00000001400047c0 f   umodsys_lib_basesys:umodsys.basesys.rmodulelib.obj
 0001:000037d0       ?lib_unload@RModuleLibrary@rsystem@base@UModSys@@UEAA_NXZ 00000001400047d0 f   umodsys_lib_basesys:umodsys.basesys.rmodulelib.obj
 0001:000037f0       ?lib_loaded@RModuleLibrary@rsystem@base@UModSys@@UEBA_NXZ 00000001400047f0 f   umodsys_lib_basesys:umodsys.basesys.rmodulelib.obj
 0001:00003800       ?get_system@RModuleLibrary@rsystem@base@UModSys@@UEBAPEAUISystem@34@XZ 0000000140004800 f   umodsys_lib_basesys:umodsys.basesys.rmodulelib.obj
 0001:00003810       ?get_privmem@RModuleLibrary@rsystem@base@UModSys@@UEBAPEAUIMemAlloc@core@4@XZ 0000000140004810 f   umodsys_lib_basesys:umodsys.basesys.rmodulelib.obj
 0001:00003820       ?s_find_dup@RModuleLibrary@rsystem@base@UModSys@@SA_KAEBU?$TArray@U?$TRefObject@URModuleLibrary@rsystem@base@UModSys@@@tl@UModSys@@U?$TAllocator@USMemAlloc_Malloc@core@UModSys@@USCountCalcPower2@23@@23@@tl@4@PEAUIModuleLibraryReg@34@@Z 0000000140004820 f   umodsys_lib_basesys:umodsys.basesys.rmodulelib.obj
 0001:00003860       ?unlink@RModuleLibrary@rsystem@base@UModSys@@QEAA_NXZ 0000000140004860 f   umodsys_lib_basesys:umodsys.basesys.rmodulelib.obj
 0001:000038d0       ?lib_generate@RModuleLibrary@rsystem@base@UModSys@@UEAA_NAEAU?$TRefObject@UIRefObject@core@UModSys@@@tl@4@PEBUSUniquePointerInfo@core@4@AEBUSParameters@84@@Z 00000001400048d0 f   umodsys_lib_basesys:umodsys.basesys.rmodulelib.obj
 0001:00003960       ?lib_findobjname@RModuleLibrary@rsystem@base@UModSys@@UEAA_KPEBUSUniquePointerInfo@core@4@QEAPEBU564@_K@Z 0000000140004960 f   umodsys_lib_basesys:umodsys.basesys.rmodulelib.obj
 0001:00003a00       ?get_module@RModuleLibrary@rsystem@base@UModSys@@UEBAPEAUIModule@34@_K@Z 0000000140004a00 f   umodsys_lib_basesys:umodsys.basesys.rmodulelib.obj
 0001:00003a20       ?get_module_count@RModuleLibrary@rsystem@base@UModSys@@UEBA_KXZ 0000000140004a20 f   umodsys_lib_basesys:umodsys.basesys.rmodulelib.obj
 0001:00003a30       ?get_sys_libname@RModuleLibrary@rsystem@base@UModSys@@UEBA?AU?$TString@U?$TSCoreConst@D@su@tl@UModSys@@U?$TComparerBinaryHash@D@234@@tl@4@XZ 0000000140004a30 f   umodsys_lib_basesys:umodsys.basesys.rmodulelib.obj
 0001:00003a50       ??0RModuleLibrary@rsystem@base@UModSys@@QEAA@PEAUISystem@23@PEAUPFD_Data@0123@PEAUIModuleLibraryReg@23@@Z 0000000140004a50 f   umodsys_lib_basesys:umodsys.basesys.rmodulelib.obj
 0001:00003ac0       ?save_db@RModuleLibrary@rsystem@base@UModSys@@QEAA_NPEAU_iobuf@@@Z 0000000140004ac0 f   umodsys_lib_basesys:umodsys.basesys.rmodulelib.obj
 0001:00003b60       ??1RModuleLibrary@rsystem@base@UModSys@@UEAA@XZ 0000000140004b60 f   umodsys_lib_basesys:umodsys.basesys.rmodulelib.obj
 0001:00003bf0       ?link@RModuleLibrary@rsystem@base@UModSys@@QEAA_NXZ 0000000140004bf0 f   umodsys_lib_basesys:umodsys.basesys.rmodulelib.obj
 0001:00003dd0       ?load0@RModuleLibrary@rsystem@base@UModSys@@QEAA_NXZ 0000000140004dd0 f   umodsys_lib_basesys:umodsys.basesys.rmodulelib.obj
 0001:00003e70       ?cleanup@RModuleLibrary@rsystem@base@UModSys@@QEAA_KXZ 0000000140004e70 f   umodsys_lib_basesys:umodsys.basesys.rmodulelib.obj
 0001:00003ec0       ?lib_load@RModuleLibrary@rsystem@base@UModSys@@UEAA_NXZ 0000000140004ec0 f   umodsys_lib_basesys:umodsys.basesys.rmodulelib.obj
 0001:00003f00       ?scan@RModuleLibrary@rsystem@base@UModSys@@QEAA_NXZ 0000000140004f00 f   umodsys_lib_basesys:umodsys.basesys.rmodulelib.obj
 0001:00003f70       ?s_add@RModuleLibrary@rsystem@base@UModSys@@SA_NPEAUISystem@34@AEAU?$TArray@U?$TRefObject@URModuleLibrary@rsystem@base@UModSys@@@tl@UModSys@@U?$TAllocator@USMemAlloc_Malloc@core@UModSys@@USCountCalcPower2@23@@23@@tl@4@PEBD@Z 0000000140004f70 f   umodsys_lib_basesys:umodsys.basesys.rmodulelib.obj
 0001:00004130       ?pfd_init@RModuleLibrary@rsystem@base@UModSys@@SA_NPEAUPFD_Data@1234@@Z 0000000140005130 f   umodsys_lib_basesys:umodsys.basesys.rmodule.win32.obj
 0001:00004150       ?pfd_init@RModuleLibrary@rsystem@base@UModSys@@SA_NPEAUPFD_Data@1234@0@Z 0000000140005150 f   umodsys_lib_basesys:umodsys.basesys.rmodule.win32.obj
 0001:00004180       ?pfd_unload@RModuleLibrary@rsystem@base@UModSys@@SA_NPEAUPFD_Data@1234@@Z 0000000140005180 f   umodsys_lib_basesys:umodsys.basesys.rmodule.win32.obj
 0001:000041e0       ?pfd_load@RModuleLibrary@rsystem@base@UModSys@@SAPEAUIModuleLibraryReg@34@PEAUPFD_Data@1234@AEBU?$TString@U?$TSCoreConst@D@su@tl@UModSys@@U?$TComparerBinaryHash@D@234@@tl@4@@Z 00000001400051e0 f   umodsys_lib_basesys:umodsys.basesys.rmodule.win32.obj
 0001:000045c0       ?pfd_scan@RModuleLibrary@rsystem@base@UModSys@@SA_KPEAUISystem@34@AEAU?$TArray@U?$TRefObject@URModuleLibrary@rsystem@base@UModSys@@@tl@UModSys@@U?$TAllocator@USMemAlloc_Malloc@core@UModSys@@USCountCalcPower2@23@@23@@tl@4@AEBU?$TString@U?$TSCoreConst@D@su@tl@UModSys@@U?$TComparerBinaryHash@D@234@@74@@Z 00000001400055c0 f   umodsys_lib_basesys:umodsys.basesys.rmodule.win32.obj
 0001:00004640       ?ref_links@RParameters@rsystem@base@UModSys@@UEBAHXZ 0000000140005640 f   umodsys_lib_basesys:umodsys.basesys.rparameters.obj
 0001:00004650       ?ref_remove@RParameters@rsystem@base@UModSys@@UEBAXXZ 0000000140005650 f   umodsys_lib_basesys:umodsys.basesys.rparameters.obj
 0001:00004670       ?ref_add@RParameters@rsystem@base@UModSys@@UEBAXXZ 0000000140005670 f   umodsys_lib_basesys:umodsys.basesys.rparameters.obj
 0001:00004680       ?estimate_size@RParameters@rsystem@base@UModSys@@IEAAHAEAUElem@1234@HPEBDHH@Z 0000000140005680 f   umodsys_lib_basesys:umodsys.basesys.rparameters.obj
 0001:00004710       ??0RParameters@rsystem@base@UModSys@@QEAA@PEAUISystem@23@@Z 0000000140005710 f   umodsys_lib_basesys:umodsys.basesys.rparameters.obj
 0001:00004740       ?p_init_s@RParameters@rsystem@base@UModSys@@UEAAXPEAUSParametersData@core@4@PEAXH@Z 0000000140005740 f   umodsys_lib_basesys:umodsys.basesys.rparameters.obj
 0001:00004790       ??1RParameters@rsystem@base@UModSys@@UEAA@XZ 0000000140005790 f   umodsys_lib_basesys:umodsys.basesys.rparameters.obj
 0001:000047b0       ?next@RParameters@rsystem@base@UModSys@@UEAA_NPEBUSParametersData@core@4@AEAU?$TString@U?$TSCoreConst@D@su@tl@UModSys@@U?$TComparerBinaryHash@D@234@@tl@4@@Z 00000001400057b0 f   umodsys_lib_basesys:umodsys.basesys.rparameters.obj
 0001:000048f0       ?next@RParameters@rsystem@base@UModSys@@UEAA_NPEBUSParametersData@core@4@AEAPEBD@Z 00000001400058f0 f   umodsys_lib_basesys:umodsys.basesys.rparameters.obj
 0001:00004a10       ?p_init@RParameters@rsystem@base@UModSys@@UEAAXPEAUSParametersData@core@4@H@Z 0000000140005a10 f   umodsys_lib_basesys:umodsys.basesys.rparameters.obj
 0001:00004ad0       ?alloc_elems@RParameters@rsystem@base@UModSys@@IEAAXPEAXH@Z 0000000140005ad0 f   umodsys_lib_basesys:umodsys.basesys.rparameters.obj
 0001:00004b60       ?free_elems@RParameters@rsystem@base@UModSys@@IEAAXPEAXH@Z 0000000140005b60 f   umodsys_lib_basesys:umodsys.basesys.rparameters.obj
 0001:00004c10       ?get_last@RParameters@rsystem@base@UModSys@@IEAAPEAUElem@1234@PEAXHHH@Z 0000000140005c10 f   umodsys_lib_basesys:umodsys.basesys.rparameters.obj
 0001:00004c80       ?find_elem@RParameters@rsystem@base@UModSys@@IEAAPEBUElem@1234@PEBXHHHPEBD@Z 0000000140005c80 f   umodsys_lib_basesys:umodsys.basesys.rparameters.obj
 0001:00004d50       ?get@RParameters@rsystem@base@UModSys@@UEAA_NPEBUSParametersData@core@4@PEBDAEAPEAUIRefObject@64@@Z 0000000140005d50 f   umodsys_lib_basesys:umodsys.basesys.rparameters.obj
 0001:00004df0       ?get@RParameters@rsystem@base@UModSys@@UEAA_NPEBUSParametersData@core@4@PEBDAEAN@Z 0000000140005df0 f   umodsys_lib_basesys:umodsys.basesys.rparameters.obj
 0001:00004e90       ?get@RParameters@rsystem@base@UModSys@@UEAA_NPEBUSParametersData@core@4@PEBDAEAH@Z 0000000140005e90 f   umodsys_lib_basesys:umodsys.basesys.rparameters.obj
 0001:00004f30       ?get@RParameters@rsystem@base@UModSys@@UEAA_NPEBUSParametersData@core@4@PEBDAEAPEBD@Z 0000000140005f30 f   umodsys_lib_basesys:umodsys.basesys.rparameters.obj
 0001:00004fd0       ?p_init_s@RParameters@rsystem@base@UModSys@@UEAAXPEAUSParametersData@core@4@AEBU564@PEAXH@Z 0000000140005fd0 f   umodsys_lib_basesys:umodsys.basesys.rparameters.obj
 0001:00005060       ?p_copy@RParameters@rsystem@base@UModSys@@UEAAXPEAUSParametersData@core@4@AEBU564@@Z 0000000140006060 f   umodsys_lib_basesys:umodsys.basesys.rparameters.obj
 0001:000051e0       ?p_init@RParameters@rsystem@base@UModSys@@UEAAXPEAUSParametersData@core@4@AEBU564@@Z 00000001400061e0 f   umodsys_lib_basesys:umodsys.basesys.rparameters.obj
 0001:000052f0       ?p_deinit@RParameters@rsystem@base@UModSys@@UEAAXPEAUSParametersData@core@4@@Z 00000001400062f0 f   umodsys_lib_basesys:umodsys.basesys.rparameters.obj
 0001:00005370       ?add_last@RParameters@rsystem@base@UModSys@@IEAA_NPEAUSParametersData@core@4@PEBDPEBXH@Z 0000000140006370 f   umodsys_lib_basesys:umodsys.basesys.rparameters.obj
 0001:000055f0       ?add@RParameters@rsystem@base@UModSys@@UEAA_NPEAUSParametersData@core@4@PEBDPEAUIRefObject@64@@Z 00000001400065f0 f   umodsys_lib_basesys:umodsys.basesys.rparameters.obj
 0001:00005620       ?add@RParameters@rsystem@base@UModSys@@UEAA_NPEAUSParametersData@core@4@PEBDAEBN@Z 0000000140006620 f   umodsys_lib_basesys:umodsys.basesys.rparameters.obj
 0001:00005640       ?add@RParameters@rsystem@base@UModSys@@UEAA_NPEAUSParametersData@core@4@PEBDH@Z 0000000140006640 f   umodsys_lib_basesys:umodsys.basesys.rparameters.obj
 0001:00005670       ?add@RParameters@rsystem@base@UModSys@@UEAA_NPEAUSParametersData@core@4@PEBD1@Z 0000000140006670 f   umodsys_lib_basesys:umodsys.basesys.rparameters.obj
 0001:00005690       ?get_sca@RSystem@rsystem@base@UModSys@@UEAAPEAUISourceContextAdapter@core@4@XZ 0000000140006690 f   umodsys_lib_basesys:umodsys.basesys.rsystem.obj
 0001:000056b0       ?get_upr@RSystem@rsystem@base@UModSys@@UEAAPEAUIUniquePointerResolver@core@4@XZ 00000001400066b0 f   umodsys_lib_basesys:umodsys.basesys.rsystem.obj
 0001:000056d0       ?get_modloader@RSystem@rsystem@base@UModSys@@UEAAPEAUIModuleLoader@34@XZ 00000001400066d0 f   umodsys_lib_basesys:umodsys.basesys.rsystem.obj
 0001:000056e0       ?get_syslib@RSystem@rsystem@base@UModSys@@UEAAPEAUIModuleLibrary@34@XZ 00000001400066e0 f   umodsys_lib_basesys:umodsys.basesys.rsystem.obj
 0001:000056f0       ?get_sharemem@RSystem@rsystem@base@UModSys@@UEAAPEAUIMemAlloc@core@4@XZ 00000001400066f0 f   umodsys_lib_basesys:umodsys.basesys.rsystem.obj
 0001:00005700       ?get_sysmem@RSystem@rsystem@base@UModSys@@UEAAPEAUIMemAlloc@core@4@XZ 0000000140006700 f   umodsys_lib_basesys:umodsys.basesys.rsystem.obj
 0001:00005710       ?get_console@RSystem@rsystem@base@UModSys@@UEAAPEAUIConsole@34@XZ 0000000140006710 f   umodsys_lib_basesys:umodsys.basesys.rsystem.obj
 0001:00005720       ?get_params@RSystem@rsystem@base@UModSys@@UEAAPEAUIParameters@core@4@XZ 0000000140006720 f   umodsys_lib_basesys:umodsys.basesys.rsystem.obj
 0001:00005730       ?upi_remove@RSystem@rsystem@base@UModSys@@UEAAHPEBUSUniquePointerInfo@core@4@@Z 0000000140006730 f   umodsys_lib_basesys:umodsys.basesys.rsystem.obj
 0001:00005740       ?persist_ctx@RSystem@rsystem@base@UModSys@@UEAAPEBUSSourceContext@core@4@PEBU564@@Z 0000000140006740 f   umodsys_lib_basesys:umodsys.basesys.rsystem.obj
 0001:00005840       ?upi_add@RSystem@rsystem@base@UModSys@@UEAAPEBUSUniquePointerInfo@core@4@PEBU564@@Z 0000000140006840 f   umodsys_lib_basesys:umodsys.basesys.rsystem.obj
 0001:00005940       ?moduledb_load@RModuleLoader@rsystem@base@UModSys@@UEAA_NAEBU?$TString@U?$TSCoreConst@D@su@tl@UModSys@@U?$TComparerBinaryHash@D@234@@tl@4@@Z 0000000140006940 f   umodsys_lib_basesys:umodsys.basesys.rmoduleloader.obj
 0001:00005950       ?moduledb_module_get@RModuleLoader@rsystem@base@UModSys@@UEBAPEAUIModule@34@_K@Z 0000000140006950 f   umodsys_lib_basesys:umodsys.basesys.rmoduleloader.obj
 0001:000059a0       ?moduledb_module_count@RModuleLoader@rsystem@base@UModSys@@UEAA_KXZ 00000001400069a0 f   umodsys_lib_basesys:umodsys.basesys.rmoduleloader.obj
 0001:000059d0       ?moduledb_lib_drop@RModuleLoader@rsystem@base@UModSys@@UEAA_NPEAUIModuleLibrary@34@@Z 00000001400069d0 f   umodsys_lib_basesys:umodsys.basesys.rmoduleloader.obj
 0001:000059e0       ?moduledb_lib_get@RModuleLoader@rsystem@base@UModSys@@UEBAPEAUIModuleLibrary@34@_K@Z 00000001400069e0 f   umodsys_lib_basesys:umodsys.basesys.rmoduleloader.obj
 0001:00005a00       ?moduledb_lib_count@RModuleLoader@rsystem@base@UModSys@@UEAA_KXZ 0000000140006a00 f   umodsys_lib_basesys:umodsys.basesys.rmoduleloader.obj
 0001:00005a10       ?moduledb_generate@RModuleLoader@rsystem@base@UModSys@@UEAA_NAEAU?$TRefObject@UIRefObject@core@UModSys@@@tl@4@PEBUSUniquePointerInfo@core@4@AEBUSParameters@84@@Z 0000000140006a10 f   umodsys_lib_basesys:umodsys.basesys.rmoduleloader.obj
 0001:00005aa0       ?moduledb_findobjname@RModuleLoader@rsystem@base@UModSys@@UEAA_KPEBUSUniquePointerInfo@core@4@QEAPEBU564@_K@Z 0000000140006aa0 f   umodsys_lib_basesys:umodsys.basesys.rmoduleloader.obj
 0001:00005b40       ??1RModuleLoader@rsystem@base@UModSys@@UEAA@XZ 0000000140006b40 f   umodsys_lib_basesys:umodsys.basesys.rmoduleloader.obj
 0001:00005b90       ??0RModuleLoader@rsystem@base@UModSys@@QEAA@PEAUISystem@23@@Z 0000000140006b90 f   umodsys_lib_basesys:umodsys.basesys.rmoduleloader.obj
 0001:00005be0       ?moduledb_clear@RModuleLoader@rsystem@base@UModSys@@UEAAXXZ 0000000140006be0 f   umodsys_lib_basesys:umodsys.basesys.rmoduleloader.obj
 0001:00005c10       ?moduledb_find@RModuleLoader@rsystem@base@UModSys@@UEBAPEAUIModule@34@AEBU?$TString@U?$TSCoreConst@D@su@tl@UModSys@@U?$TComparerBinaryHash@D@234@@tl@4@AEBUSVersion@core@4@@Z 0000000140006c10 f   umodsys_lib_basesys:umodsys.basesys.rmoduleloader.obj
 0001:00005d10       ?cleanup@RModuleLoader@rsystem@base@UModSys@@QEAAXXZ 0000000140006d10 f   umodsys_lib_basesys:umodsys.basesys.rmoduleloader.obj
 0001:00005d60       ?get_string@RModuleLoader@rsystem@base@UModSys@@QEAAAEBU?$TString@U?$TSCoreConst@D@su@tl@UModSys@@U?$TComparerBinaryHash@D@234@@tl@4@AEBU564@@Z 0000000140006d60 f   umodsys_lib_basesys:umodsys.basesys.rmoduleloader.obj
 0001:00005db0       ?moduledb_get_string@RModuleLoader@rsystem@base@UModSys@@UEAAAEBU?$TString@U?$TSCoreConst@D@su@tl@UModSys@@U?$TComparerBinaryHash@D@234@@tl@4@AEBU564@@Z 0000000140006db0 f   umodsys_lib_basesys:umodsys.basesys.rmoduleloader.obj
 0001:00005dc0       ?moduledb_save@RModuleLoader@rsystem@base@UModSys@@UEAA_NAEBU?$TString@U?$TSCoreConst@D@su@tl@UModSys@@U?$TComparerBinaryHash@D@234@@tl@4@@Z 0000000140006dc0 f   umodsys_lib_basesys:umodsys.basesys.rmoduleloader.obj
 0001:00005e70       ?moduledb_cleanup@RModuleLoader@rsystem@base@UModSys@@UEAA_KXZ 0000000140006e70 f   umodsys_lib_basesys:umodsys.basesys.rmoduleloader.obj
 0001:00005f50       ?moduledb_scan@RModuleLoader@rsystem@base@UModSys@@UEAA_KAEBU?$TString@U?$TSCoreConst@D@su@tl@UModSys@@U?$TComparerBinaryHash@D@234@@tl@4@_N@Z 0000000140006f50 f   umodsys_lib_basesys:umodsys.basesys.rmoduleloader.obj
 0001:00005fd0       ?set_console@RSystem@rsystem@base@UModSys@@QEAAXPEAUIConsole@34@@Z 0000000140006fd0 f   umodsys_lib_basesys:umodsys.basesys.rsystem_main.obj
 0001:00006020       ?err_put@rsystem@base@UModSys@@YAXW4eRSystemDebugLevels@123@PEBDZZ 0000000140007020 f   umodsys_lib_basesys:umodsys.basesys.rsystem_main.obj
 0001:00006070       ?dbg_put@rsystem@base@UModSys@@YAXW4eRSystemDebugLevels@123@PEBDZZ 0000000140007070 f   umodsys_lib_basesys:umodsys.basesys.rsystem_main.obj
 0001:000060c0       ??1RSystem@rsystem@base@UModSys@@UEAA@XZ 00000001400070c0 f   umodsys_lib_basesys:umodsys.basesys.rsystem_main.obj
 0001:000061a0       ??0RSystem@rsystem@base@UModSys@@QEAA@XZ 00000001400071a0 f   umodsys_lib_basesys:umodsys.basesys.rsystem_main.obj
 0001:00006320       ?dump_upis@RSystem@rsystem@base@UModSys@@QEAAXXZ 0000000140007320 f   umodsys_lib_basesys:umodsys.basesys.rsystem_main.obj
 0001:000063e0       ?find_shells@RSystem@rsystem@base@UModSys@@QEAA_KQEAPEBUSUniquePointerInfo@core@4@_K@Z 00000001400073e0 f   umodsys_lib_basesys:umodsys.basesys.rsystem_main.obj
 0001:00006410       ?exec_main@RSystem@rsystem@base@UModSys@@QEAA_NXZ 0000000140007410 f   umodsys_lib_basesys:umodsys.basesys.rsystem_main.obj
 0001:00006430       ?exec_args@RSystem@rsystem@base@UModSys@@QEAA_NHPEAPEAD@Z 0000000140007430 f   umodsys_lib_basesys:umodsys.basesys.rsystem_main.obj
 0001:00006460       ?init@RSystem@rsystem@base@UModSys@@QEAA_NXZ 0000000140007460 f   umodsys_lib_basesys:umodsys.basesys.rsystem_main.obj
 0001:000064b0       ?deinit@RSystem@rsystem@base@UModSys@@QEAA_NXZ 00000001400074b0 f   umodsys_lib_basesys:umodsys.basesys.rsystem_main.obj
 0001:000064f0       ?get_s@RConsole_std@rsystem@base@UModSys@@UEAA_NPEAD_KPEBDZZ 00000001400074f0 f   umodsys_lib_basesys:umodsys.basesys.rconsole_std.obj
 0001:00006500       ?vget_s@RConsole_std@rsystem@base@UModSys@@UEAA_NPEAD_KPEBD0@Z 0000000140007500 f   umodsys_lib_basesys:umodsys.basesys.rconsole_std.obj
 0001:00006510       ?get_c@RConsole_std@rsystem@base@UModSys@@UEAA_NPEAHPEBDZZ 0000000140007510 f   umodsys_lib_basesys:umodsys.basesys.rconsole_std.obj
 0001:00006520       ?vget_c@RConsole_std@rsystem@base@UModSys@@UEAA_NPEAHPEBDPEAD@Z 0000000140007520 f   umodsys_lib_basesys:umodsys.basesys.rconsole_std.obj
 0001:00006530       ?put@RConsole_std@rsystem@base@UModSys@@UEAA_NHPEBDZZ 0000000140007530 f   umodsys_lib_basesys:umodsys.basesys.rconsole_std.obj
 0001:000065a0       ?vput@RConsole_std@rsystem@base@UModSys@@UEAA_NHPEBDPEAD@Z 00000001400075a0 f   umodsys_lib_basesys:umodsys.basesys.rconsole_std.obj
 0001:00006610       ?ref_links@RConsole_std@rsystem@base@UModSys@@UEBAHXZ 0000000140007610 f   umodsys_lib_basesys:umodsys.basesys.rconsole_std.obj
 0001:00006620       ?ref_remove@RConsole_std@rsystem@base@UModSys@@UEBAXXZ 0000000140007620 f   umodsys_lib_basesys:umodsys.basesys.rconsole_std.obj
 0001:00006630       ?ref_add@RConsole_std@rsystem@base@UModSys@@UEBAXXZ 0000000140007630 f   umodsys_lib_basesys:umodsys.basesys.rconsole_std.obj
 0001:00006640       ??0RConsole_std@rsystem@base@UModSys@@QEAA@XZ 0000000140007640 f   umodsys_lib_basesys:umodsys.basesys.rconsole_std.obj
 0001:00006670       ?reflect@RConsole_std@rsystem@base@UModSys@@QEAA_NPEBD@Z 0000000140007670 f   umodsys_lib_basesys:umodsys.basesys.rconsole_std.obj
 0001:000066f0       ??1RConsole_std@rsystem@base@UModSys@@UEAA@XZ 00000001400076f0 f   umodsys_lib_basesys:umodsys.basesys.rconsole_std.obj
 0001:00006720       ?c_fopen@syshlp@core@UModSys@@YAPEAU_iobuf@@PEBD0@Z 0000000140007720 f   umodsys_lib_core:umodsys.core.syshlp_files.win32.obj
 0001:000067e0       ??1IModuleLibrary@base@UModSys@@UEAA@XZ 00000001400077e0 f   umodsys_lib_base:umodsys.base.module.obj
 0001:00006800       ??1IModule@base@UModSys@@UEAA@XZ 0000000140007800 f   umodsys_lib_base:umodsys.base.module.obj
 0001:00006810       ??1IConsole@base@UModSys@@UEAA@XZ 0000000140007810 f   umodsys_lib_base:umodsys.base.console.obj
 0001:00006820       ?exec_test_shells@RSystem@rsystem@base@UModSys@@QEAA_NXZ 0000000140007820 f   umodsys_lib_basesys:umodsys.basesys.rsystem_tests.obj
 0001:00006a00       ?exec_tests@RSystem@rsystem@base@UModSys@@QEAA_NXZ 0000000140007a00 f   umodsys_lib_basesys:umodsys.basesys.rsystem_tests.obj
 0001:00006a30       main                       0000000140007a30 f   umodsys.c_main.obj
 0001:00006bc4       memcpy                     0000000140007bc4 f   MSVCRT:MSVCR90.dll
 0001:00006bd0       __CxxFrameHandler3         0000000140007bd0 f   MSVCRT:MSVCR90.dll
 0001:00006bd6       _CxxThrowException         0000000140007bd6 f   MSVCRT:MSVCR90.dll
 0001:00006bf0       _alloca_probe              0000000140007bf0     MSVCRT:chkstk.obj
 0001:00006bf0       __chkstk                   0000000140007bf0 f   MSVCRT:chkstk.obj
 0002:00000000       __imp_GetCurrentProcessId  0000000140009000     kernel32:KERNEL32.dll
 0002:00000008       __imp_GetCurrentThreadId   0000000140009008     kernel32:KERNEL32.dll
 0002:00000010       __imp_GetTickCount         0000000140009010     kernel32:KERNEL32.dll
 0002:00000018       __imp_QueryPerformanceCounter 0000000140009018     kernel32:KERNEL32.dll
 0002:00000020       __imp_SetUnhandledExceptionFilter 0000000140009020     kernel32:KERNEL32.dll
 0002:00000028       __imp_Sleep                0000000140009028     kernel32:KERNEL32.dll
 0002:00000030       __imp_MultiByteToWideChar  0000000140009030     kernel32:KERNEL32.dll
 0002:00000038       __imp_WideCharToMultiByte  0000000140009038     kernel32:KERNEL32.dll
 0002:00000040       __imp_FindNextFileW        0000000140009040     kernel32:KERNEL32.dll
 0002:00000048       __imp_FindClose            0000000140009048     kernel32:KERNEL32.dll
 0002:00000050       __imp_GetProcAddress       0000000140009050     kernel32:KERNEL32.dll
 0002:00000058       __imp_LoadLibraryExW       0000000140009058     kernel32:KERNEL32.dll
 0002:00000060       __imp_FreeLibrary          0000000140009060     kernel32:KERNEL32.dll
 0002:00000068       __imp_SetErrorMode         0000000140009068     kernel32:KERNEL32.dll
 0002:00000070       __imp_FindFirstFileW       0000000140009070     kernel32:KERNEL32.dll
 0002:00000078       __imp_GetFullPathNameW     0000000140009078     kernel32:KERNEL32.dll
 0002:00000080       __imp_GetSystemTimeAsFileTime 0000000140009080     kernel32:KERNEL32.dll
 0002:00000088       \177KERNEL32_NULL_THUNK_DATA 0000000140009088     kernel32:KERNEL32.dll
 0002:00000090       __imp__encode_pointer      0000000140009090     MSVCRT:MSVCR90.dll
 0002:00000098       __imp__lock                0000000140009098     MSVCRT:MSVCR90.dll
 0002:000000a0       __imp__onexit              00000001400090a0     MSVCRT:MSVCR90.dll
 0002:000000a8       __imp__decode_pointer      00000001400090a8     MSVCRT:MSVCR90.dll
 0002:000000b0       __imp__amsg_exit           00000001400090b0     MSVCRT:MSVCR90.dll
 0002:000000b8       __imp___getmainargs        00000001400090b8     MSVCRT:MSVCR90.dll
 0002:000000c0       __imp__XcptFilter          00000001400090c0     MSVCRT:MSVCR90.dll
 0002:000000c8       __imp__exit                00000001400090c8     MSVCRT:MSVCR90.dll
 0002:000000d0       __imp__cexit               00000001400090d0     MSVCRT:MSVCR90.dll
 0002:000000d8       __imp_exit                 00000001400090d8     MSVCRT:MSVCR90.dll
 0002:000000e0       __imp___dllonexit          00000001400090e0     MSVCRT:MSVCR90.dll
 0002:000000e8       __imp__initterm            00000001400090e8     MSVCRT:MSVCR90.dll
 0002:000000f0       __imp__initterm_e          00000001400090f0     MSVCRT:MSVCR90.dll
 0002:000000f8       __imp__configthreadlocale  00000001400090f8     MSVCRT:MSVCR90.dll
 0002:00000100       __imp___setusermatherr     0000000140009100     MSVCRT:MSVCR90.dll
 0002:00000108       __imp__commode             0000000140009108     MSVCRT:MSVCR90.dll
 0002:00000110       __imp__fmode               0000000140009110     MSVCRT:MSVCR90.dll
 0002:00000118       __imp___set_app_type       0000000140009118     MSVCRT:MSVCR90.dll
 0002:00000120       __imp_?terminate@@YAXXZ    0000000140009120     MSVCRT:MSVCR90.dll
 0002:00000128       __imp_?_type_info_dtor_internal_method@type_info@@QEAAXXZ 0000000140009128     MSVCRT:MSVCR90.dll
 0002:00000130       __imp__unlock              0000000140009130     MSVCRT:MSVCR90.dll
 0002:00000138       __imp___C_specific_handler 0000000140009138     MSVCRT:MSVCR90.dll
 0002:00000140       __imp__wfopen              0000000140009140     MSVCRT:MSVCR90.dll
 0002:00000148       __imp_realloc              0000000140009148     MSVCRT:MSVCR90.dll
 0002:00000150       __imp_fprintf              0000000140009150     MSVCRT:MSVCR90.dll
 0002:00000158       __imp_strncpy              0000000140009158     MSVCRT:MSVCR90.dll
 0002:00000160       __imp_strncmp              0000000140009160     MSVCRT:MSVCR90.dll
 0002:00000168       __imp_memmove              0000000140009168     MSVCRT:MSVCR90.dll
 0002:00000170       __imp_??2@YAPEAX_K@Z       0000000140009170     MSVCRT:MSVCR90.dll
 0002:00000178       __imp__snprintf            0000000140009178     MSVCRT:MSVCR90.dll
 0002:00000180       __imp_malloc               0000000140009180     MSVCRT:MSVCR90.dll
 0002:00000188       __imp_free                 0000000140009188     MSVCRT:MSVCR90.dll
 0002:00000190       __imp_fclose               0000000140009190     MSVCRT:MSVCR90.dll
 0002:00000198       __imp_vfprintf             0000000140009198     MSVCRT:MSVCR90.dll
 0002:000001a0       __imp_??3@YAXPEAX@Z        00000001400091a0     MSVCRT:MSVCR90.dll
 0002:000001a8       __imp__purecall            00000001400091a8     MSVCRT:MSVCR90.dll
 0002:000001b0       __imp___initenv            00000001400091b0     MSVCRT:MSVCR90.dll
 0002:000001b8       __imp___iob_func           00000001400091b8     MSVCRT:MSVCR90.dll
 0002:000001c0       __imp_memcpy               00000001400091c0     MSVCRT:MSVCR90.dll
 0002:000001c8       __imp___CxxFrameHandler3   00000001400091c8     MSVCRT:MSVCR90.dll
 0002:000001d0       __imp__CxxThrowException   00000001400091d0     MSVCRT:MSVCR90.dll
 0002:000001d8       \177MSVCR90_NULL_THUNK_DATA 00000001400091d8     MSVCRT:MSVCR90.dll
 0002:000001e0       __xc_a                     00000001400091e0     MSVCRT:cinitexe.obj
 0002:00000290       __xc_z                     0000000140009290     MSVCRT:cinitexe.obj
 0002:00000298       __xi_a                     0000000140009298     MSVCRT:cinitexe.obj
 0002:000002b0       __xi_z                     00000001400092b0     MSVCRT:cinitexe.obj
 0002:000002c8       ??_7type_info@@6B@         00000001400092c8     MSVCRT:ti_inst.obj
 0002:000002d0       ??_C@_0P@GHFPNOJB@bad?5allocation?$AA@ 00000001400092d0     umodsys.c_main.obj
 0002:000002e0       ??_C@_0BF@OCNNAADO@UModSys?3?3core?3?3IRoot?$AA@ 00000001400092e0     umodsys.c_main.obj
 0002:000002f8       ??_C@_0BK@EMIJFOPA@UModSys?3?3core?3?3IRefObject?$AA@ 00000001400092f8     umodsys.c_main.obj
 0002:00000318       ??_C@_0BL@IOMMHELF@UModSys?3?3core?3?3IParameters?$AA@ 0000000140009318     umodsys.c_main.obj
 0002:00000338       ??_C@_0BI@IKAOEFAP@UModSys?3?3base?3?3IConsole?$AA@ 0000000140009338     umodsys.c_main.obj
 0002:00000350       ??_C@_0BH@LKDEEPPM@UModSys?3?3base?3?3IModule?$AA@ 0000000140009350     umodsys.c_main.obj
 0002:00000368       ??_C@_0BO@PHJOHFCB@UModSys?3?3base?3?3IModuleLibrary?$AA@ 0000000140009368     umodsys.c_main.obj
 0002:00000388       ??_C@_0BH@PFCONEJJ@UModSys?3?3base?3?3ISystem?$AA@ 0000000140009388     umodsys.c_main.obj
 0002:000003a0       ??_C@_0BK@FDPIOPHG@UModSys?3?3base?3?3IModObject?$AA@ 00000001400093a0     umodsys.c_main.obj
 0002:000003c0       ??_C@_0BK@OIBKNCKJ@UModSys?3?3base?3?3IGenerator?$AA@ 00000001400093c0     umodsys.c_main.obj
 0002:000003e0       ??_C@_0BG@PJBGCMEC@UModSys?3?3base?3?3IShell?$AA@ 00000001400093e0     umodsys.c_main.obj
 0002:000003f8       ??_C@_0CA@MDFMKLLN@UModSys?3?3base?3?3rsystem?3?3RModule?$AA@ 00000001400093f8     umodsys.c_main.obj
 0002:00000418       ??_C@_0CH@CHECIBOC@UModSys?3?3base?3?3rsystem?3?3RModuleL@ 0000000140009418     umodsys.c_main.obj
 0002:00000440       ??_C@_0CE@IHGMMEEA@UModSys?3?3base?3?3rsystem?3?3RParamet@ 0000000140009440     umodsys.c_main.obj
 0002:00000468       ??_C@_0CA@IMEGDANI@UModSys?3?3base?3?3rsystem?3?3RSystem?$AA@ 0000000140009468     umodsys.c_main.obj
 0002:00000488       ??_C@_0CF@KIMLNODL@UModSys?3?3base?3?3rsystem?3?3RConsole@ 0000000140009488     umodsys.c_main.obj
 0002:000004b0       ??_C@_0M@DCEPEPFJ@umodsys?4log?$AA@ 00000001400094b0     umodsys.c_main.obj
 0002:000004bc       ??_C@_00CNPNBAHC@?$AA@     00000001400094bc     umodsys.c_main.obj
 0002:000004c0       ??_C@_01NBENCBCI@?$CK?$AA@ 00000001400094c0     umodsys.c_main.obj
 0002:000004c8       ??_C@_0BC@JABDEAFI@moduledb?4conf?9hdb?$AA@ 00000001400094c8     umodsys.c_main.obj
 0002:000004e0       ??_C@_08FCBDOIAH@typeinfo?$AA@ 00000001400094e0     umodsys.c_main.obj
 0002:000004ec       ??_C@_02BKFDOEMK@wt?$AA@   00000001400094ec     umodsys_lib_basesys:umodsys.basesys.rconsole_std.obj
 0002:000004f8       ??_7IRoot@core@UModSys@@6B@ 00000001400094f8     umodsys_lib_basesys:umodsys.basesys.rconsole_std.obj
 0002:00000538       ??_7IRefObject@core@UModSys@@6B@ 0000000140009538     umodsys_lib_basesys:umodsys.basesys.rconsole_std.obj
 0002:00000588       ??_7IConsole@base@UModSys@@6B@ 0000000140009588     umodsys_lib_basesys:umodsys.basesys.rconsole_std.obj
 0002:00000608       ??_7RConsole_std@rsystem@base@UModSys@@6B@ 0000000140009608     umodsys_lib_basesys:umodsys.basesys.rconsole_std.obj
 0002:00000680       ??_C@_04HIBGFPH@NULL?$AA@  0000000140009680     umodsys_lib_basesys:umodsys.basesys.rsystem_main.obj
 0002:00000688       ??_C@_0L@FPKIMPHA@?$CD?$CF08x?5?$CC?$CFs?$CC?$AA@ 0000000140009688     umodsys_lib_basesys:umodsys.basesys.rsystem_main.obj
 0002:00000698       ??_C@_0BC@HBJCAHHB@EFatal?5?$CD?$CF08x?5?$CC?$CFs?$CC?$AA@ 0000000140009698     umodsys_lib_basesys:umodsys.basesys.rsystem_main.obj
 0002:000006b0       ??_C@_0BE@IIJFBNID@EWarning?5?$CD?$CF08x?5?$CC?$CFs?$CC?$AA@ 00000001400096b0     umodsys_lib_basesys:umodsys.basesys.rsystem_main.obj
 0002:000006c8       ??_C@_0BB@KFMJENMO@RSystem?3?3init?$CI?$CJ?6?$AA@ 00000001400096c8     umodsys_lib_basesys:umodsys.basesys.rsystem_main.obj
 0002:000006e0       ??_C@_0BI@FKDCNCM@RSystem?3?3exec_args?$CI?$CFd?$CJ?6?$AA@ 00000001400096e0     umodsys_lib_basesys:umodsys.basesys.rsystem_main.obj
 0002:000006f8       ??_C@_0BG@NFAKDFBG@RSystem?3?3exec_main?$CI?$CJ?6?$AA@ 00000001400096f8     umodsys_lib_basesys:umodsys.basesys.rsystem_main.obj
 0002:00000710       ??_C@_0BD@CKNOJECK@RSystem?3?3deinit?$CI?$CJ?6?$AA@ 0000000140009710     umodsys_lib_basesys:umodsys.basesys.rsystem_main.obj
 0002:00000728       ??_C@_0CF@JPBAHPOH@RSystem?3?3dump_upis?$CI?$CJ?5?$HLS?3?$CFd?5C?3?$CFd?$HN@ 0000000140009728     umodsys_lib_basesys:umodsys.basesys.rsystem_main.obj
 0002:00000750       ??_C@_0P@IOHPGEIC@?5?5?$CFu?5upi?5NULL?6?$AA@ 0000000140009750     umodsys_lib_basesys:umodsys.basesys.rsystem_main.obj
 0002:00000760       ??_C@_0BI@BNCFOLP@?5?5?$CFu?5?$CFp?5upi?$HL?$CFs?5?$CFs?$CI?$CFd?$CJ?$HN?6?$AA@ 0000000140009760     umodsys_lib_basesys:umodsys.basesys.rsystem_main.obj
 0002:00000778       ??_C@_0BJ@LINIAOAF@RSystem?3?3dump_upis?$CI?$CJ?5?1?5?6?$AA@ 0000000140009778     umodsys_lib_basesys:umodsys.basesys.rsystem_main.obj
 0002:000007a0       ??_7EExceptionBase@core@UModSys@@6B@ 00000001400097a0     umodsys_lib_basesys:umodsys.basesys.rsystem_main.obj
 0002:000007b8       ??_7EFatal@core@UModSys@@6B@ 00000001400097b8     umodsys_lib_basesys:umodsys.basesys.rsystem_main.obj
 0002:000007d0       ??_7EWarning@core@UModSys@@6B@ 00000001400097d0     umodsys_lib_basesys:umodsys.basesys.rsystem_main.obj
 0002:000007e8       ??_7ISystem@base@UModSys@@6B@ 00000001400097e8     umodsys_lib_basesys:umodsys.basesys.rsystem_main.obj
 0002:00000860       ??_7?$TRMemAlloc_CC@U?$TMemAllocHeader@USMagic@mem_headers@rsystem@base@UModSys@@U?$TPool@X@2345@USDebug@2345@UVoid@core@5@@rsystem@base@UModSys@@USMemAlloc_Malloc@core@4@@rsystem@base@UModSys@@6B@ 0000000140009860     umodsys_lib_basesys:umodsys.basesys.rsystem_main.obj
 0002:00000888       ??_7RSystem@rsystem@base@UModSys@@6BISystem@23@@ 0000000140009888     umodsys_lib_basesys:umodsys.basesys.rsystem_main.obj
 0002:00000900       ??_7RSystem@rsystem@base@UModSys@@6BIUniquePointerResolver@core@3@@ 0000000140009900     umodsys_lib_basesys:umodsys.basesys.rsystem_main.obj
 0002:00000918       ??_7RSystem@rsystem@base@UModSys@@6BISourceContextAdapter@core@3@@ 0000000140009918     umodsys_lib_basesys:umodsys.basesys.rsystem_main.obj
 0002:00000920       ??_C@_0BC@NNHIIPO@shells?5found?3?5?$CFd?6?$AA@ 0000000140009920     umodsys_lib_basesys:umodsys.basesys.rsystem_tests.obj
 0002:00000938       ??_C@_0BA@EBBPOIJG@?5?5shell?3?5?$CFp?5?$CFs?6?$AA@ 0000000140009938     umodsys_lib_basesys:umodsys.basesys.rsystem_tests.obj
 0002:00000948       ??_C@_0BF@JPMHOAKE@?5?5?5?5shell?5gen?5error?6?$AA@ 0000000140009948     umodsys_lib_basesys:umodsys.basesys.rsystem_tests.obj
 0002:00000960       ??_C@_0BL@NANLGMEE@?5?5?5?5shell?5generated?5as?5?$CFp?6?$AA@ 0000000140009960     umodsys_lib_basesys:umodsys.basesys.rsystem_tests.obj
 0002:00000980       ??_C@_0BD@NFNPGOAG@?1shells?5found?3?5?$CFd?6?$AA@ 0000000140009980     umodsys_lib_basesys:umodsys.basesys.rsystem_tests.obj
 0002:00000998       ??_C@_0DG@DMGFJEPO@RModuleLoader?3?3moduledb_cleanup?$CI@ 0000000140009998     umodsys_lib_basesys:umodsys.basesys.rmoduleloader.obj
 0002:000009d0       ??_C@_02GMLFBBN@wb?$AA@    00000001400099d0     umodsys_lib_basesys:umodsys.basesys.rmoduleloader.obj
 0002:000009d8       ??_C@_0BN@BDEAMLC@?$CD?5LIST?5OF?5LIBRARY?5MODULES?3?6?6?$AA@ 00000001400099d8     umodsys_lib_basesys:umodsys.basesys.rmoduleloader.obj
 0002:000009f8       ??_C@_0BF@PLOHEFDA@?5?$HL?5mod_list?$DN?$CFd?3?$FL?$FN?5?$HN?6?$AA@ 00000001400099f8     umodsys_lib_basesys:umodsys.basesys.rmoduleloader.obj
 0002:00000a18       ??_7IModuleLoader@base@UModSys@@6B@ 0000000140009a18     umodsys_lib_basesys:umodsys.basesys.rmoduleloader.obj
 0002:00000a98       ??_7RModuleLoader@rsystem@base@UModSys@@6B@ 0000000140009a98     umodsys_lib_basesys:umodsys.basesys.rmoduleloader.obj
 0002:00000b18       ??_7RParameters@rsystem@base@UModSys@@6B@ 0000000140009b18     umodsys_lib_basesys:umodsys.basesys.rparameters.obj
 0002:00000be8       ??_C@_0BG@LJFEMLCK@UModSys_Plugin_Entry2?$AA@ 0000000140009be8     umodsys_lib_basesys:umodsys.basesys.rmodule.win32.obj
 0002:00000c00       ??_C@_0CI@IABKIJLA@?5?5?5?5?5?5?5?5?5?5load?5so?$CI?$CC?$CFs?$CC?$CJ?5?$HL?$CFp?0?5?$CFp?$HN@ 0000000140009c00     umodsys_lib_basesys:umodsys.basesys.rmodule.win32.obj
 0002:00000c28       ??_C@_0BP@EBMDLOGD@?5?5?5?5?5?5?5?5?5?5unload?5so?$CI?$HL?$CFp?0?5?$CFp?$HN?$CJ?6?$AA@ 0000000140009c28     umodsys_lib_basesys:umodsys.basesys.rmodule.win32.obj
 0002:00000c48       ??_C@_0BB@GJHPNFEC@scan?5so?3?5?$CC?$CFs?$CFs?$CC?6?$AA@ 0000000140009c48     umodsys_lib_basesys:umodsys.basesys.rmodule.win32.obj
 0002:00000c60       ??_C@_0N@LFKMDJGP@?5?5so?3?5?$CC?$CFls?$CC?6?$AA@ 0000000140009c60     umodsys_lib_basesys:umodsys.basesys.rmodule.win32.obj
 0002:00000c70       ??_C@_0BC@GMLCPHOK@?1scan?5so?3?5?$CC?$CFs?$CFs?$CC?6?$AA@ 0000000140009c70     umodsys_lib_basesys:umodsys.basesys.rmodule.win32.obj
 0002:00000c84       ??_C@_04HLONOPDM@?4dll?$AA@ 0000000140009c84     umodsys_lib_basesys:umodsys.basesys.rmodule.win32.obj
 0002:00000c90       ??_C@_0CK@FNJGHFOD@RModuleLibrary?$CI?$CFp?$CJ?3?3link?$CI?$CJ?5?9?9?5ad@ 0000000140009c90     umodsys_lib_basesys:umodsys.basesys.rmodulelib.obj
 0002:00000cc0       ??_C@_0BA@LBGMEMKJ@LIBRARY?5?$CC?$CFs?$CC?5?$HL?6?$AA@ 0000000140009cc0     umodsys_lib_basesys:umodsys.basesys.rmodulelib.obj
 0002:00000cd0       ??_C@_0BH@CLNAAMEM@?$HN?5?$CD?5END?5LIBRARY?5?$CC?$CFs?$CC?6?6?$AA@ 0000000140009cd0     umodsys_lib_basesys:umodsys.basesys.rmodulelib.obj
 0002:00000ce8       ??_C@_0M@KEHKBKEH@?5?5so?3?5?$CC?$CFs?$CC?6?$AA@ 0000000140009ce8     umodsys_lib_basesys:umodsys.basesys.rmodulelib.obj
 0002:00000cf8       ??_C@_0BF@IKAEAMGP@?5?5?5?5so?5loaded?3?5?$CC?$CFs?$CC?6?$AA@ 0000000140009cf8     umodsys_lib_basesys:umodsys.basesys.rmodulelib.obj
 0002:00000d10       ??_C@_0O@MCPOKEFF@?5?5?5?5so?5added?6?$AA@ 0000000140009d10     umodsys_lib_basesys:umodsys.basesys.rmodulelib.obj
 0002:00000d20       ??_C@_0BE@BFONLBBI@?5?5?5?5so?5dup?5with?5?$CFd?6?$AA@ 0000000140009d20     umodsys_lib_basesys:umodsys.basesys.rmodulelib.obj
 0002:00000d48       ??_7IModuleLibrary@base@UModSys@@6B@ 0000000140009d48     umodsys_lib_basesys:umodsys.basesys.rmodulelib.obj
 0002:00000de8       ??_7RModuleLibrary@rsystem@base@UModSys@@6B@ 0000000140009de8     umodsys_lib_basesys:umodsys.basesys.rmodulelib.obj
 0002:00000e88       ??_C@_0BF@KDHHIHAN@RModule?$CI?$CFp?$CJ?3?3open?$CI?$CJ?6?$AA@ 0000000140009e88     umodsys_lib_basesys:umodsys.basesys.rmodule.obj
 0002:00000ea0       ??_C@_0BG@HADBHJOP@RModule?$CI?$CFp?$CJ?3?3close?$CI?$CJ?6?$AA@ 0000000140009ea0     umodsys_lib_basesys:umodsys.basesys.rmodule.obj
 0002:00000eb8       ??_C@_0BK@FNONNOFM@RModule?$CI?$CFp?$CJ?3?3?5pre?9loaded?6?$AA@ 0000000140009eb8     umodsys_lib_basesys:umodsys.basesys.rmodule.obj
 0002:00000ed8       ??_C@_0CE@HBBEEAED@RModule?$CI?$CFp?$CJ?3?3generate?$CI?$CJ?5?$HL?5gen?$DN?$CFp@ 0000000140009ed8     umodsys_lib_basesys:umodsys.basesys.rmodule.obj
 0002:00000f00       ??_C@_0DL@FHDKGKAD@RModule?$CI?$CFp?$CJ?3?3reg_generator?$CI?$CFs?5?$CFp@ 0000000140009f00     umodsys_lib_basesys:umodsys.basesys.rmodule.obj
 0002:00000f40       ??_C@_0DL@ECFHLNEB@RModule?$CI?$CFp?$CJ?3?3reg_generator?$CI?$CFs?5?$CFp@ 0000000140009f40     umodsys_lib_basesys:umodsys.basesys.rmodule.obj
 0002:00000f80       ??_C@_0DI@EBNLDEPD@RModule?$CI?$CFp?$CJ?3?3reg_obj?$CI?$CFs?5?$CFp?$CJ?5?9?9?5?$HL@ 0000000140009f80     umodsys_lib_basesys:umodsys.basesys.rmodule.obj
 0002:00000fc0       ??_C@_0GC@IAELDHPB@RModule?$CI?$CFp?$CJ?3?3reg_obj?$CI?$CFs?5?$CFp?$CJ?5?9?9?5i@ 0000000140009fc0     umodsys_lib_basesys:umodsys.basesys.rmodule.obj
 0002:00001028       ??_C@_0CM@JCLMIGEB@RModule?$CI?$CFp?$CJ?3?3reg_obj?$CI?$CFs?5?$CFp?$CJ?5?9?9?5a@ 000000014000a028     umodsys_lib_basesys:umodsys.basesys.rmodule.obj
 0002:00001058       ??_C@_0DK@NJCECDIC@RModule?$CI?$CFp?$CJ?3?3unreg_obj?$CI?$CFs?5?$CFp?$CJ?5?9?9@ 000000014000a058     umodsys_lib_basesys:umodsys.basesys.rmodule.obj
 0002:000010a0       ??_C@_0GE@MGLAJHFG@RModule?$CI?$CFp?$CJ?3?3unreg_obj?$CI?$CFs?5?$CFp?$CJ?5?9?9@ 000000014000a0a0     umodsys_lib_basesys:umodsys.basesys.rmodule.obj
 0002:00001108       ??_C@_0CO@DAMPCAGA@RModule?3?3alloc_minfo?$CI?$HL?$CC?$CFs?$CC?0?5?$CC?$CFs?$CC@ 000000014000a108     umodsys_lib_basesys:umodsys.basesys.rmodule.obj
 0002:00001138       ??_C@_0BG@HANHHGHE@?5?5MODULE?5?$CFs?$CI?$CFd?0?$CFd?$CJ?5?$HL?6?$AA@ 000000014000a138     umodsys_lib_basesys:umodsys.basesys.rmodule.obj
 0002:00001150       ??_C@_0CI@FMDENPAM@RModule?$CI?$CFp?$CJ?3?3save_db?$CI?4?4?4?$CJ?5?9?9?5?$HL?5?$CF@ 000000014000a150     umodsys_lib_basesys:umodsys.basesys.rmodule.obj
 0002:00001178       ??_C@_0BN@CFNKPKCH@?5?5?5?5MODOBJECT?5?$CFs?$CI?$CFd?$CJ?5?$CFs?$CI?$CFd?$CJ?6?$AA@ 000000014000a178     umodsys_lib_basesys:umodsys.basesys.rmodule.obj
 0002:00001198       ??_C@_0BP@BJFGMFNK@?5?5?5?5GENERATOR?5?$CFs?$CI?$CFd?$CJ?5?$CFs?$CI?$CFd?$CJ?5?$HL?6?$AA@ 000000014000a198     umodsys_lib_basesys:umodsys.basesys.rmodule.obj
 0002:000011b8       ??_C@_0BK@DNNMLLHP@?5?5?5?5?5?5REFOBJECT?5?$CFs?$CI?$CFd?$CJ?5?$HL?6?$AA@ 000000014000a1b8     umodsys_lib_basesys:umodsys.basesys.rmodule.obj
 0002:000011d8       ??_C@_0BF@CJPCFEEB@?5?5?5?5?5?5?5?5TYPE?5?$CFs?$CI?$CFd?$CJ?6?$AA@ 000000014000a1d8     umodsys_lib_basesys:umodsys.basesys.rmodule.obj
 0002:000011f0       ??_C@_0BM@PFPEFHDC@?5?5?5?5?5?5?$HN?5?$CD?5REFOBJECT?5?$CFs?$CI?$CFd?$CJ?6?$AA@ 000000014000a1f0     umodsys_lib_basesys:umodsys.basesys.rmodule.obj
 0002:00001210       ??_C@_0CB@PCDHJLII@?5?5?5?5?$HN?5?$CD?5GENERATOR?5?$CFs?$CI?$CFd?$CJ?5?$CFs?$CI?$CFd?$CJ?6@ 000000014000a210     umodsys_lib_basesys:umodsys.basesys.rmodule.obj
 0002:00001238       ??_C@_0BI@OGBPJMLO@?5?5?$HN?5?$CD?5MODULE?5?$CFs?$CI?$CFd?0?$CFd?$CJ?6?$AA@ 000000014000a238     umodsys_lib_basesys:umodsys.basesys.rmodule.obj
 0002:00001258       ??_7IModule@base@UModSys@@6B@ 000000014000a258     umodsys_lib_basesys:umodsys.basesys.rmodule.obj
 0002:000012f8       ??_7RModule@rsystem@base@UModSys@@6B@ 000000014000a2f8     umodsys_lib_basesys:umodsys.basesys.rmodule.obj
 0002:00001570       ??_R4type_info@@6B@        000000014000a570     MSVCRT:ti_inst.obj
 0002:00001598       ??_R3type_info@@8          000000014000a598     MSVCRT:ti_inst.obj
 0002:000015b0       ??_R2type_info@@8          000000014000a5b0     MSVCRT:ti_inst.obj
 0002:000015c0       ??_R1A@?0A@EA@type_info@@8 000000014000a5c0     MSVCRT:ti_inst.obj
 0002:000015e8       ??_R4RConsole_std@rsystem@base@UModSys@@6B@ 000000014000a5e8     umodsys_lib_basesys:umodsys.basesys.rconsole_std.obj
 0002:00001610       ??_R3RConsole_std@rsystem@base@UModSys@@8 000000014000a610     umodsys_lib_basesys:umodsys.basesys.rconsole_std.obj
 0002:00001628       ??_R2RConsole_std@rsystem@base@UModSys@@8 000000014000a628     umodsys_lib_basesys:umodsys.basesys.rconsole_std.obj
 0002:00001650       ??_R1A@?0A@EA@RConsole_std@rsystem@base@UModSys@@8 000000014000a650     umodsys_lib_basesys:umodsys.basesys.rconsole_std.obj
 0002:00001678       ??_R4IConsole@base@UModSys@@6B@ 000000014000a678     umodsys_lib_basesys:umodsys.basesys.rconsole_std.obj
 0002:000016a0       ??_R3IConsole@base@UModSys@@8 000000014000a6a0     umodsys_lib_basesys:umodsys.basesys.rconsole_std.obj
 0002:000016b8       ??_R2IConsole@base@UModSys@@8 000000014000a6b8     umodsys_lib_basesys:umodsys.basesys.rconsole_std.obj
 0002:000016d8       ??_R1A@?0A@EA@IConsole@base@UModSys@@8 000000014000a6d8     umodsys_lib_basesys:umodsys.basesys.rconsole_std.obj
 0002:00001700       ??_R4IRefObject@core@UModSys@@6B@ 000000014000a700     umodsys_lib_basesys:umodsys.basesys.rconsole_std.obj
 0002:00001728       ??_R3IRefObject@core@UModSys@@8 000000014000a728     umodsys_lib_basesys:umodsys.basesys.rconsole_std.obj
 0002:00001740       ??_R2IRefObject@core@UModSys@@8 000000014000a740     umodsys_lib_basesys:umodsys.basesys.rconsole_std.obj
 0002:00001758       ??_R1A@?0A@EA@IRefObject@core@UModSys@@8 000000014000a758     umodsys_lib_basesys:umodsys.basesys.rconsole_std.obj
 0002:00001780       ??_R4IRoot@core@UModSys@@6B@ 000000014000a780     umodsys_lib_basesys:umodsys.basesys.rconsole_std.obj
 0002:000017a8       ??_R3IRoot@core@UModSys@@8 000000014000a7a8     umodsys_lib_basesys:umodsys.basesys.rconsole_std.obj
 0002:000017c0       ??_R2IRoot@core@UModSys@@8 000000014000a7c0     umodsys_lib_basesys:umodsys.basesys.rconsole_std.obj
 0002:000017d0       ??_R1A@?0A@EA@IRoot@core@UModSys@@8 000000014000a7d0     umodsys_lib_basesys:umodsys.basesys.rconsole_std.obj
 0002:000017f8       ??_R4RSystem@rsystem@base@UModSys@@6BISourceContextAdapter@core@3@@ 000000014000a7f8     umodsys_lib_basesys:umodsys.basesys.rsystem_main.obj
 0002:00001820       ??_R4RSystem@rsystem@base@UModSys@@6BIUniquePointerResolver@core@3@@ 000000014000a820     umodsys_lib_basesys:umodsys.basesys.rsystem_main.obj
 0002:00001848       ??_R4RSystem@rsystem@base@UModSys@@6BISystem@23@@ 000000014000a848     umodsys_lib_basesys:umodsys.basesys.rsystem_main.obj
[...]
 0003:00000348       ??_R0?AUISourceContextAdapter@core@UModSys@@@8 000000014000d348     umodsys_lib_basesys:umodsys.basesys.rsystem_main.obj
 0003:00000388       ??_R0?AUISystem@base@UModSys@@@8 000000014000d388     umodsys_lib_basesys:umodsys.basesys.rsystem_main.obj
 0003:000003b8       ??_R0?AUIMemAlloc@core@UModSys@@@8 000000014000d3b8     umodsys_lib_basesys:umodsys.basesys.rsystem_main.obj
 0003:000003e8       ??_R0?AUEFatal@core@UModSys@@@8 000000014000d3e8     umodsys_lib_basesys:umodsys.basesys.rsystem_main.obj
 0003:00000418       ??_R0?AUEExceptionBase@core@UModSys@@@8 000000014000d418     umodsys_lib_basesys:umodsys.basesys.rsystem_main.obj
 0003:00000450       ??_R0?AUEWarning@core@UModSys@@@8 000000014000d450     umodsys_lib_basesys:umodsys.basesys.rsystem_main.obj
 0003:00000480       ??_R0?AURModuleLoader@rsystem@base@UModSys@@@8 000000014000d480     umodsys_lib_basesys:umodsys.basesys.rmoduleloader.obj
 0003:000004c0       ??_R0?AUIModuleLoader@base@UModSys@@@8 000000014000d4c0     umodsys_lib_basesys:umodsys.basesys.rmoduleloader.obj
 0003:000004f8       ??_R0?AURParameters@rsystem@base@UModSys@@@8 000000014000d4f8     umodsys_lib_basesys:umodsys.basesys.rparameters.obj
 0003:00000530       ??_R0?AUIParameters@core@UModSys@@@8 000000014000d530     umodsys_lib_basesys:umodsys.basesys.rparameters.obj
 0003:00000560       ??_R0?AURModuleLibrary@rsystem@base@UModSys@@@8 000000014000d560     umodsys_lib_basesys:umodsys.basesys.rmodulelib.obj
 0003:000005a0       ??_R0?AUIModuleLibrary@base@UModSys@@@8 000000014000d5a0     umodsys_lib_basesys:umodsys.basesys.rmodulelib.obj
 0003:000005d8       ?s_null@?1??get_null@?$TSCoreShared@USMemAlloc_Malloc@core@UModSys@@D@su@tl@UModSys@@SAPEAU?$TSharedStringInfo@D@345@XZ@4U6345@A 000000014000d5d8     umodsys_lib_basesys:umodsys.basesys.rmodulelib.obj
 0003:000005f8       ??_R0?AURModule@rsystem@base@UModSys@@@8 000000014000d5f8     umodsys_lib_basesys:umodsys.basesys.rmodule.obj
 0003:00000630       ??_R0?AUIModule@base@UModSys@@@8 000000014000d630     umodsys_lib_basesys:umodsys.basesys.rmodule.obj
 0003:00000660       _fltused                   000000014000d660     MSVCRT:dllsupp.obj
 0003:00000698       _forceCRTManifestRTM       000000014000d698     MSVCRT:crtmanifestrtm.obj
 0003:0000069c       _dowildcard                000000014000d69c     MSVCRT:wildcard.obj
 0003:000006a0       _newmode                   000000014000d6a0     MSVCRT:_newmode.obj
 0003:000006a4       _commode                   000000014000d6a4     MSVCRT:xncommod.obj
 0003:000006a8       _fmode                     000000014000d6a8     MSVCRT:xtxtmode.obj
 0003:000006ac       ?rv@?1??get_default@SMemAlloc_Malloc@core@UModSys@@SAAEBU234@XZ@4U234@A 000000014000d6ac     umodsys_lib_basesys:umodsys.basesys.rsystem_main.obj
 0003:000006b0       ?s_id@?$TObjectUniqueID@UIModObject@base@UModSys@@@tl@UModSys@@2USUniquePointer@core@3@A 000000014000d6b0     umodsys.c_main.obj
 0003:000006e0       ?s_null@?$TStaticStringPool@DU?$TComparerBinaryHash@D@su@tl@UModSys@@USMemAlloc_Malloc@core@4@@tl@UModSys@@2U?$TString@U?$TSCoreConst@D@su@tl@UModSys@@U?$TComparerBinaryHash@D@234@@23@A 000000014000d6e0     umodsys.c_main.obj
 0003:000006f8       ?s_id@?$TObjectUniqueID@UIGenerator@base@UModSys@@@tl@UModSys@@2USUniquePointer@core@3@A 000000014000d6f8     umodsys.c_main.obj
 0003:00000728       ?s_id@?$TObjectUniqueID@UIModule@base@UModSys@@@tl@UModSys@@2USUniquePointer@core@3@A 000000014000d728     umodsys.c_main.obj
 0003:00000758       ?s_id@?$TObjectUniqueID@URModuleLibrary@rsystem@base@UModSys@@@tl@UModSys@@2USUniquePointer@core@3@A 000000014000d758     umodsys.c_main.obj
 0003:00000788       ?s_id@?$TObjectUniqueID@UIRoot@core@UModSys@@@tl@UModSys@@2USUniquePointer@core@3@A 000000014000d788     umodsys.c_main.obj
 0003:000007b8       ?s_id@?$TObjectUniqueID@URConsole_std@rsystem@base@UModSys@@@tl@UModSys@@2USUniquePointer@core@3@A 000000014000d7b8     umodsys.c_main.obj
 0003:000007e8       ?s_id@?$TObjectUniqueID@UISystem@base@UModSys@@@tl@UModSys@@2USUniquePointer@core@3@A 000000014000d7e8     umodsys.c_main.obj
 0003:00000818       ?s_id@?$TObjectUniqueID@UIRefObject@core@UModSys@@@tl@UModSys@@2USUniquePointer@core@3@A 000000014000d818     umodsys.c_main.obj
 0003:00000848       ?s_id@?$TObjectUniqueID@URModule@rsystem@base@UModSys@@@tl@UModSys@@2USUniquePointer@core@3@A 000000014000d848     umodsys.c_main.obj
 0003:00000878       ?s_id@?$TObjectUniqueID@UIShell@base@UModSys@@@tl@UModSys@@2USUniquePointer@core@3@A 000000014000d878     umodsys.c_main.obj
 0003:000008a8       ?s_id@?$TObjectUniqueID@UIConsole@base@UModSys@@@tl@UModSys@@2USUniquePointer@core@3@A 000000014000d8a8     umodsys.c_main.obj
 0003:000008d8       ?s_id@?$TObjectUniqueID@UIModuleLibrary@base@UModSys@@@tl@UModSys@@2USUniquePointer@core@3@A 000000014000d8d8     umodsys.c_main.obj
 0003:00000908       ?s_id@?$TObjectUniqueID@UIParameters@core@UModSys@@@tl@UModSys@@2USUniquePointer@core@3@A 000000014000d908     umodsys.c_main.obj
 0003:00000938       ?s_id@?$TObjectUniqueID@URSystem@rsystem@base@UModSys@@@tl@UModSys@@2USUniquePointer@core@3@A 000000014000d938     umodsys.c_main.obj
 0003:00000968       ?s_id@?$TObjectUniqueID@URParameters@rsystem@base@UModSys@@@tl@UModSys@@2USUniquePointer@core@3@A 000000014000d968     umodsys.c_main.obj
 0003:000009a0       ?s_console@RConsole_std@rsystem@base@UModSys@@2U1234@A 000000014000d9a0     umodsys_lib_basesys:umodsys.basesys.rconsole_std.obj
 0003:000009b0       ?s_sys@RSystem@rsystem@base@UModSys@@2U1234@A 000000014000d9b0     umodsys_lib_basesys:umodsys.basesys.rsystem_main.obj
 0003:00000ae8       ?rsys_dbg@rsystem@base@UModSys@@3USDebug@23@A 000000014000dae8     umodsys_lib_basesys:umodsys.basesys.rsystem_main.obj
 0003:00000af8       ?M@UModSys@@3USModuleContext@base@1@A 000000014000daf8     umodsys_lib_base:umodsys.base.modulecontext.obj
 0003:00000b10       ?root@SUniquePointer@core@UModSys@@2U123@A 000000014000db10     umodsys_lib_core:umodsys.core.uniqueptr.obj
 0003:00000b40       __native_startup_state     000000014000db40     <common>
 0003:00000b48       __native_startup_lock      000000014000db48     <common>
 0003:00000b50       __dyn_tls_init_callback    000000014000db50     <common>
 0003:00000b58       __onexitend                000000014000db58     <common>
 0003:00000b60       __onexitbegin              000000014000db60     <common>

 entry point at        0001:00001fe0

 Static symbols

 0001:00001d10       pre_cpp_init               0000000140002d10 f   MSVCRT:crtexe.obj
 0001:00001d78       __tmainCRTStartup          0000000140002d78 f   MSVCRT:crtexe.obj
 0001:00001ef8       pre_c_init                 0000000140002ef8 f   MSVCRT:crtexe.obj
 0001:00004350       ?s_pfd_scan@@YA_KPEAUISystem@base@UModSys@@AEAU?$TArray@U?$TRefObject@URModuleLibrary@rsystem@base@UModSys@@@tl@UModSys@@U?$TAllocator@USMemAlloc_Malloc@core@UModSys@@USCountCalcPower2@23@@23@@tl@3@PEBD2@Z 0000000140005350 f    CIL library: CIL module
 0001:00006c40       _onexit$fin$0              0000000140007c40 f   MSVCRT:atonexit.obj
 0001:00006c59       __tmainCRTStartup$filt$0   0000000140007c59 f   MSVCRT:crtexe.obj
 0001:00006c80       _IsNonwritableInCurrentImage$filt$0 0000000140007c80 f   MSVCRT:pesect.obj
 0001:00006ca1       ?filt$0@?0??__ArrayUnwind@@YAXPEAX_KHP6AX0@Z@Z@4HA 0000000140007ca1 f   MSVCRT:ehvecdtr.obj
 0001:00006ce0       ?fin$0@?0???_M@YAXPEAX_KHP6AX0@Z@Z@4HA 0000000140007ce0 f   MSVCRT:ehvecdtr.obj
 0001:00006d10       ?dtor$0@?0??suicide@RModule@rsystem@base@UModSys@@UEAAXXZ@4HA 0000000140007d10 f    CIL library: CIL module
 0001:00006d30       ?dtor$0@?0??push@?$TArray@U?$TRefObject@URModuleLibrary@rsystem@base@UModSys@@@tl@UModSys@@U?$TAllocator@USMemAlloc_Malloc@core@UModSys@@USCountCalcPower2@23@@23@@tl@UModSys@@QEAA_NAEBU?$TRefObject@URModuleLibrary@rsystem@base@UModSys@@@23@@Z@4HA 0000000140007d30 f    CIL library: CIL module
 0001:00006d30       ?dtor$0@?0??push@?$TArray@U?$TRefObject@URModule@rsystem@base@UModSys@@@tl@UModSys@@U?$TAllocator@USMemAlloc_Malloc@core@UModSys@@USCountCalcPower2@23@@23@@tl@UModSys@@QEAA_NAEBU?$TRefObject@URModule@rsystem@base@UModSys@@@23@@Z@4HA 0000000140007d30 f    CIL library: CIL module
 0001:00006d50       ?dtor$0@?0???1RModuleLoader@rsystem@base@UModSys@@UEAA@XZ@4HA 0000000140007d50 f    CIL library: CIL module
 0001:00006d70       ?dtor$1@?0???1RModuleLoader@rsystem@base@UModSys@@UEAA@XZ@4HA 0000000140007d70 f    CIL library: CIL module
 0001:00006da0       ?dtor$0@?0???1RSystem@rsystem@base@UModSys@@UEAA@XZ@4HA 0000000140007da0 f    CIL library: CIL module
 0001:00006dc0       ?dtor$1@?0???1RSystem@rsystem@base@UModSys@@UEAA@XZ@4HA 0000000140007dc0 f    CIL library: CIL module
 0001:00006de0       ?dtor$2@?0???1RSystem@rsystem@base@UModSys@@UEAA@XZ@4HA 0000000140007de0 f    CIL library: CIL module
 0001:00006e00       ?dtor$3@?0???1RSystem@rsystem@base@UModSys@@UEAA@XZ@4HA 0000000140007e00 f    CIL library: CIL module
 0001:00006e20       ?dtor$4@?0???1RSystem@rsystem@base@UModSys@@UEAA@XZ@4HA 0000000140007e20 f    CIL library: CIL module
 0001:00006e40       ?dtor$5@?0???1RSystem@rsystem@base@UModSys@@UEAA@XZ@4HA 0000000140007e40 f    CIL library: CIL module
 0001:00006e70       ?dtor$0@?0???0RSystem@rsystem@base@UModSys@@QEAA@XZ@4HA 0000000140007e70 f    CIL library: CIL module
 0001:00006e90       ?dtor$1@?0???0RSystem@rsystem@base@UModSys@@QEAA@XZ@4HA 0000000140007e90 f    CIL library: CIL module
 0001:00006eb0       ?dtor$2@?0???0RSystem@rsystem@base@UModSys@@QEAA@XZ@4HA 0000000140007eb0 f    CIL library: CIL module
 0001:00006ed0       ?dtor$3@?0???0RSystem@rsystem@base@UModSys@@QEAA@XZ@4HA 0000000140007ed0 f    CIL library: CIL module
 0001:00006ef0       ?dtor$4@?0???0RSystem@rsystem@base@UModSys@@QEAA@XZ@4HA 0000000140007ef0 f    CIL library: CIL module
 0001:00006f10       ?dtor$5@?0???0RSystem@rsystem@base@UModSys@@QEAA@XZ@4HA 0000000140007f10 f    CIL library: CIL module
 0001:00006f30       ?dtor$6@?0???0RSystem@rsystem@base@UModSys@@QEAA@XZ@4HA 0000000140007f30 f    CIL library: CIL module
 0001:00006f50       ?dtor$7@?0???0RSystem@rsystem@base@UModSys@@QEAA@XZ@4HA 0000000140007f50 f    CIL library: CIL module
 0001:00006f70       ?dtor$8@?0???0RSystem@rsystem@base@UModSys@@QEAA@XZ@4HA 0000000140007f70 f    CIL library: CIL module
 0001:00006fa0       ?dtor$0@?0???0RModule@rsystem@base@UModSys@@QEAA@PEAURModuleLibrary@123@PEAUIModuleReg@23@@Z@4HA 0000000140007fa0 f    CIL library: CIL module
 0001:00006fc0       ?dtor$1@?0???0RModule@rsystem@base@UModSys@@QEAA@PEAURModuleLibrary@123@PEAUIModuleReg@23@@Z@4HA 0000000140007fc0 f    CIL library: CIL module
 0001:00006fe0       ?dtor$2@?0???0RModule@rsystem@base@UModSys@@QEAA@PEAURModuleLibrary@123@PEAUIModuleReg@23@@Z@4HA 0000000140007fe0 f    CIL library: CIL module
 0001:00007000       ?dtor$3@?0???0RModule@rsystem@base@UModSys@@QEAA@PEAURModuleLibrary@123@PEAUIModuleReg@23@@Z@4HA 0000000140008000 f    CIL library: CIL module
 0001:00007030       ?dtor$0@?0???1RModuleLibrary@rsystem@base@UModSys@@UEAA@XZ@4HA 0000000140008030 f    CIL library: CIL module
 0001:00007050       ?dtor$1@?0???1RModuleLibrary@rsystem@base@UModSys@@UEAA@XZ@4HA 0000000140008050 f    CIL library: CIL module
 0001:00007070       ?dtor$2@?0???1RModuleLibrary@rsystem@base@UModSys@@UEAA@XZ@4HA 0000000140008070 f    CIL library: CIL module
 0001:00007090       ?dtor$3@?0???1RModuleLibrary@rsystem@base@UModSys@@UEAA@XZ@4HA 0000000140008090 f    CIL library: CIL module
 0001:000070c0       ?dtor$0@?0??link@RModuleLibrary@rsystem@base@UModSys@@QEAA_NXZ@4HA 00000001400080c0 f    CIL library: CIL module
 0001:000070e0       ?dtor$1@?0??link@RModuleLibrary@rsystem@base@UModSys@@QEAA_NXZ@4HA 00000001400080e0 f    CIL library: CIL module
 0001:00007100       ?dtor$0@?0??exec_test_shells@RSystem@rsystem@base@UModSys@@QEAA_NXZ@4HA 0000000140008100 f    CIL library: CIL module
 0001:00007120       ?dtor$1@?0??exec_test_shells@RSystem@rsystem@base@UModSys@@QEAA_NXZ@4HA 0000000140008120 f    CIL library: CIL module
 0001:00007140       ?dtor$3@?0??exec_test_shells@RSystem@rsystem@base@UModSys@@QEAA_NXZ@4HA 0000000140008140 f    CIL library: CIL module
 0001:00007170       ?dtor$1@?0??s_add@RModuleLibrary@rsystem@base@UModSys@@SA_NPEAUISystem@34@AEAU?$TArray@U?$TRefObject@URModuleLibrary@rsystem@base@UModSys@@@tl@UModSys@@U?$TAllocator@USMemAlloc_Malloc@core@UModSys@@USCountCalcPower2@23@@23@@tl@4@PEBD@Z@4HA 0000000140008170 f    CIL library: CIL module
 0001:00007190       ?dtor$0@?0??mem_free@?$TRMemAlloc_CC@U?$TMemAllocHeader@USMagic@mem_headers@rsystem@base@UModSys@@U?$TPool@X@2345@USDebug@2345@UVoid@core@5@@rsystem@base@UModSys@@USMemAlloc_Malloc@core@4@@rsystem@base@UModSys@@UEAAXPEAXPEBUSSourceContext@core@4@@Z@4HA 0000000140008190 f    CIL library: CIL module
 0001:000071b0       ?dtor$0@?0??mem_realloc@?$TRMemAlloc_CC@U?$TMemAllocHeader@USMagic@mem_headers@rsystem@base@UModSys@@U?$TPool@X@2345@USDebug@2345@UVoid@core@5@@rsystem@base@UModSys@@USMemAlloc_Malloc@core@4@@rsystem@base@UModSys@@UEAAPEAXPEAX_KPEBUSSourceContext@core@4@@Z@4HA 00000001400081b0 f    CIL library: CIL module
 0001:000071d0       ?dtor$1@?0??mem_realloc@?$TRMemAlloc_CC@U?$TMemAllocHeader@USMagic@mem_headers@rsystem@base@UModSys@@U?$TPool@X@2345@USDebug@2345@UVoid@core@5@@rsystem@base@UModSys@@USMemAlloc_Malloc@core@4@@rsystem@base@UModSys@@UEAAPEAXPEAX_KPEBUSSourceContext@core@4@@Z@4HA 00000001400081d0 f    CIL library: CIL module
 0001:000071f0       ??__E?s_id@?$TObjectUniqueID@UIRoot@core@UModSys@@@tl@UModSys@@2USUniquePointer@core@3@A@@YAXXZ 00000001400081f0 f    CIL library: CIL module
 0001:00007230       ??__E?s_id@?$TObjectUniqueID@UIRefObject@core@UModSys@@@tl@UModSys@@2USUniquePointer@core@3@A@@YAXXZ 0000000140008230 f    CIL library: CIL module
 0001:00007270       ??__E?s_id@?$TObjectUniqueID@UIParameters@core@UModSys@@@tl@UModSys@@2USUniquePointer@core@3@A@@YAXXZ 0000000140008270 f    CIL library: CIL module
 0001:000072b0       ??__E?s_id@?$TObjectUniqueID@UIConsole@base@UModSys@@@tl@UModSys@@2USUniquePointer@core@3@A@@YAXXZ 00000001400082b0 f    CIL library: CIL module
 0001:000072f0       ??__E?s_id@?$TObjectUniqueID@UIModule@base@UModSys@@@tl@UModSys@@2USUniquePointer@core@3@A@@YAXXZ 00000001400082f0 f    CIL library: CIL module
 0001:00007330       ??__E?s_id@?$TObjectUniqueID@UIModuleLibrary@base@UModSys@@@tl@UModSys@@2USUniquePointer@core@3@A@@YAXXZ 0000000140008330 f    CIL library: CIL module
 0001:00007370       ??__E?s_id@?$TObjectUniqueID@UISystem@base@UModSys@@@tl@UModSys@@2USUniquePointer@core@3@A@@YAXXZ 0000000140008370 f    CIL library: CIL module
 0001:000073b0       ??__E?s_id@?$TObjectUniqueID@UIModObject@base@UModSys@@@tl@UModSys@@2USUniquePointer@core@3@A@@YAXXZ 00000001400083b0 f    CIL library: CIL module
 0001:000073f0       ??__E?s_id@?$TObjectUniqueID@UIGenerator@base@UModSys@@@tl@UModSys@@2USUniquePointer@core@3@A@@YAXXZ 00000001400083f0 f    CIL library: CIL module
 0001:00007430       ??__E?s_id@?$TObjectUniqueID@UIShell@base@UModSys@@@tl@UModSys@@2USUniquePointer@core@3@A@@YAXXZ 0000000140008430 f    CIL library: CIL module
 0001:00007470       ??__E?s_id@?$TObjectUniqueID@URModule@rsystem@base@UModSys@@@tl@UModSys@@2USUniquePointer@core@3@A@@YAXXZ 0000000140008470 f    CIL library: CIL module
 0001:000074b0       ??__E?s_id@?$TObjectUniqueID@URModuleLibrary@rsystem@base@UModSys@@@tl@UModSys@@2USUniquePointer@core@3@A@@YAXXZ 00000001400084b0 f    CIL library: CIL module
 0001:000074f0       ??__E?s_id@?$TObjectUniqueID@URParameters@rsystem@base@UModSys@@@tl@UModSys@@2USUniquePointer@core@3@A@@YAXXZ 00000001400084f0 f    CIL library: CIL module
 0001:00007530       ??__E?s_id@?$TObjectUniqueID@URSystem@rsystem@base@UModSys@@@tl@UModSys@@2USUniquePointer@core@3@A@@YAXXZ 0000000140008530 f    CIL library: CIL module
 0001:00007570       ??__E?s_id@?$TObjectUniqueID@URConsole_std@rsystem@base@UModSys@@@tl@UModSys@@2USUniquePointer@core@3@A@@YAXXZ 0000000140008570 f    CIL library: CIL module
 0001:000075b0       ??__E?s_console@RConsole_std@rsystem@base@UModSys@@2U1234@A@@YAXXZ 00000001400085b0 f    CIL library: CIL module
 0001:000075d0       ??__E?s_sys@RSystem@rsystem@base@UModSys@@2U1234@A@@YAXXZ 00000001400085d0 f    CIL library: CIL module
 0001:000075f0       ??__Ersys_dbg@rsystem@base@UModSys@@YAXXZ 00000001400085f0 f    CIL library: CIL module
 0001:00007620       ??__EM@UModSys@@YAXXZ      0000000140008620 f    CIL library: CIL module
 0001:00007640       ??__E?root@SUniquePointer@core@UModSys@@2U123@A@@YAXXZ 0000000140008640 f    CIL library: CIL module
 0001:00007670       ??__F?s_id@?$TObjectUniqueID@URConsole_std@rsystem@base@UModSys@@@tl@UModSys@@2USUniquePointer@core@3@A@@YAXXZ 0000000140008670 f    CIL library: CIL module
 0001:00007680       ??__F?s_id@?$TObjectUniqueID@URSystem@rsystem@base@UModSys@@@tl@UModSys@@2USUniquePointer@core@3@A@@YAXXZ 0000000140008680 f    CIL library: CIL module
 0001:00007690       ??__F?s_id@?$TObjectUniqueID@URParameters@rsystem@base@UModSys@@@tl@UModSys@@2USUniquePointer@core@3@A@@YAXXZ 0000000140008690 f    CIL library: CIL module
 0001:000076a0       ??__F?s_id@?$TObjectUniqueID@URModuleLibrary@rsystem@base@UModSys@@@tl@UModSys@@2USUniquePointer@core@3@A@@YAXXZ 00000001400086a0 f    CIL library: CIL module
 0001:000076b0       ??__F?s_id@?$TObjectUniqueID@URModule@rsystem@base@UModSys@@@tl@UModSys@@2USUniquePointer@core@3@A@@YAXXZ 00000001400086b0 f    CIL library: CIL module
 0001:000076c0       ??__F?s_id@?$TObjectUniqueID@UIShell@base@UModSys@@@tl@UModSys@@2USUniquePointer@core@3@A@@YAXXZ 00000001400086c0 f    CIL library: CIL module
 0001:000076d0       ??__F?s_id@?$TObjectUniqueID@UIGenerator@base@UModSys@@@tl@UModSys@@2USUniquePointer@core@3@A@@YAXXZ 00000001400086d0 f    CIL library: CIL module
 0001:000076e0       ??__F?s_id@?$TObjectUniqueID@UIModObject@base@UModSys@@@tl@UModSys@@2USUniquePointer@core@3@A@@YAXXZ 00000001400086e0 f    CIL library: CIL module
 0001:000076f0       ??__F?s_id@?$TObjectUniqueID@UISystem@base@UModSys@@@tl@UModSys@@2USUniquePointer@core@3@A@@YAXXZ 00000001400086f0 f    CIL library: CIL module
 0001:00007700       ??__F?s_id@?$TObjectUniqueID@UIModuleLibrary@base@UModSys@@@tl@UModSys@@2USUniquePointer@core@3@A@@YAXXZ 0000000140008700 f    CIL library: CIL module
 0001:00007710       ??__F?s_id@?$TObjectUniqueID@UIModule@base@UModSys@@@tl@UModSys@@2USUniquePointer@core@3@A@@YAXXZ 0000000140008710 f    CIL library: CIL module
 0001:00007720       ??__F?s_id@?$TObjectUniqueID@UIConsole@base@UModSys@@@tl@UModSys@@2USUniquePointer@core@3@A@@YAXXZ 0000000140008720 f    CIL library: CIL module
 0001:00007730       ??__F?s_id@?$TObjectUniqueID@UIParameters@core@UModSys@@@tl@UModSys@@2USUniquePointer@core@3@A@@YAXXZ 0000000140008730 f    CIL library: CIL module
 0001:00007740       ??__F?s_id@?$TObjectUniqueID@UIRefObject@core@UModSys@@@tl@UModSys@@2USUniquePointer@core@3@A@@YAXXZ 0000000140008740 f    CIL library: CIL module
 0001:00007750       ??__F?s_id@?$TObjectUniqueID@UIRoot@core@UModSys@@@tl@UModSys@@2USUniquePointer@core@3@A@@YAXXZ 0000000140008750 f    CIL library: CIL module
 0001:00007760       ??__F?s_console@RConsole_std@rsystem@base@UModSys@@2U1234@A@@YAXXZ 0000000140008760 f    CIL library: CIL module
 0001:00007770       ??__F?s_sys@RSystem@rsystem@base@UModSys@@2U1234@A@@YAXXZ 0000000140008770 f    CIL library: CIL module
 0001:00007780       ??__Frsys_dbg@rsystem@base@UModSys@@YAXXZ 0000000140008780 f    CIL library: CIL module
 0001:00007790       ??__FM@UModSys@@YAXXZ      0000000140008790 f    CIL library: CIL module
 0001:000077a0       ??__F?root@SUniquePointer@core@UModSys@@2U123@A@@YAXXZ 00000001400087a0 f    CIL library: CIL module
