 umodsysc

 Timestamp is 525649c7 (Thu Oct 10 09:31:35 2013)

 Preferred load address is 0000000140000000

 Start         Length     Name                   Class
 0001:00000000 0000722cH .text                   CODE
 0001:00007230 0000005eH .text$00                CODE
 0001:00007290 0000044bH .text$x                 CODE
 0001:000076e0 00000472H .text$yc                CODE
 0001:00007b60 0000013cH .text$yd                CODE
 0002:00000000 000001d0H .idata$5                DATA
 0002:000001d0 00000008H .CRT$XCA                DATA
 0002:000001d8 00000008H .CRT$XCAA               DATA
 0002:000001e0 000000a0H .CRT$XCU                DATA
 0002:00000280 00000008H .CRT$XCZ                DATA
 0002:00000288 00000008H .CRT$XIA                DATA
 0002:00000290 00000008H .CRT$XIAA               DATA
 0002:00000298 00000008H .CRT$XIY                DATA
 0002:000002a0 00000008H .CRT$XIZ                DATA
 0002:000002b0 000012b0H .rdata                  DATA
 0002:00001560 00000bbcH .rdata$r                DATA
 0002:00002120 00000008H .rtc$IAA                DATA
 0002:00002128 00000008H .rtc$IZZ                DATA
 0002:00002130 00000008H .rtc$TAA                DATA
 0002:00002138 00000008H .rtc$TZZ                DATA
 0002:00002140 00000fe0H .xdata                  DATA
 0002:00003120 000000e4H .xdata$x                DATA
 0002:00003204 00000028H .idata$2                DATA
 0002:0000322c 00000014H .idata$3                DATA
 0002:00003240 000001d0H .idata$4                DATA
 0002:00003410 00000394H .idata$6                DATA
 0002:000037a4 00000000H .edata                  DATA
 0003:00000000 00000664H .data                   DATA
 0003:00000670 000004f8H .bss                    DATA
 0004:00000000 00000d2cH .pdata                  DATA

  Address         Publics by Value              Rva+Base               Lib:Object

 0000:00000000       ___safe_se_handler_table   0000000000000000     <absolute>
 0000:00000000       ___safe_se_handler_count   0000000000000000     <absolute>
 0000:00000000       __ImageBase                0000000140000000     <linker-defined>
 0001:00000000       ??$shash@D@su@tl@UModSys@@YAHPEBD_K@Z 0000000140001000 f i umodsys.c_main.obj
 0001:00000030       ?get_interface_info@RConsole_std@rsystem@base@UModSys@@UEBAAEBUSUniquePointerInfo@core@4@XZ 0000000140001030 f i umodsys_lib_basesys:umodsys.basesys.rconsole_std.obj
 0001:00000040       ?get_interface_type@RConsole_std@rsystem@base@UModSys@@UEBAPEBUSUniquePointerInfo@core@4@XZ 0000000140001040 f i umodsys_lib_basesys:umodsys.basesys.rconsole_std.obj
 0001:00000050       ?get_other_interface@RConsole_std@rsystem@base@UModSys@@UEAAPEAUIRoot@core@4@PEBUSUniquePointerInfo@64@@Z 0000000140001050 f i umodsys_lib_basesys:umodsys.basesys.rconsole_std.obj
 0001:00000050       ?get_other_interface@RConsole_std@rsystem@base@UModSys@@UEBAPEBUIRoot@core@4@PEBUSUniquePointerInfo@64@@Z 0000000140001050 f i umodsys_lib_basesys:umodsys.basesys.rconsole_std.obj
 0001:00000080       ??_GRConsole_std@rsystem@base@UModSys@@UEAAPEAXI@Z 0000000140001080 f i umodsys_lib_basesys:umodsys.basesys.rconsole_std.obj
 0001:00000080       ??_ERConsole_std@rsystem@base@UModSys@@UEAAPEAXI@Z 0000000140001080 f i  CIL library: CIL module
 0001:000000a0       ??_EIConsole@base@UModSys@@UEAAPEAXI@Z 00000001400010a0 f i  CIL library: CIL module
 0001:000000a0       ??_GIConsole@base@UModSys@@UEAAPEAXI@Z 00000001400010a0 f i umodsys_lib_basesys:umodsys.basesys.rconsole_std.obj
 0001:000000c0       ??_GIRefObject@core@UModSys@@UEAAPEAXI@Z 00000001400010c0 f i umodsys_lib_basesys:umodsys.basesys.rconsole_std.obj
 0001:000000c0       ??_EIRefObject@core@UModSys@@UEAAPEAXI@Z 00000001400010c0 f i  CIL library: CIL module
 0001:000000e0       ??_GIRoot@core@UModSys@@UEAAPEAXI@Z 00000001400010e0 f i umodsys_lib_basesys:umodsys.basesys.rconsole_std.obj
 0001:000000e0       ??_EIRoot@core@UModSys@@UEAAPEAXI@Z 00000001400010e0 f i  CIL library: CIL module
 0001:00000100       ?decode_error@EExceptionBase@core@UModSys@@UEBAHPEAD_K@Z 0000000140001100 f i umodsys_lib_basesys:umodsys.basesys.rsystem_main.obj
 0001:00000140       ??_GEWarning@core@UModSys@@UEAAPEAXI@Z 0000000140001140 f i umodsys_lib_basesys:umodsys.basesys.rsystem_main.obj
 0001:00000140       ??_EEWarning@core@UModSys@@UEAAPEAXI@Z 0000000140001140 f i  CIL library: CIL module
 0001:00000140       ??_GEExceptionBase@core@UModSys@@UEAAPEAXI@Z 0000000140001140 f i umodsys_lib_basesys:umodsys.basesys.rsystem_main.obj
 0001:00000140       ??_EEFatal@core@UModSys@@UEAAPEAXI@Z 0000000140001140 f i  CIL library: CIL module
 0001:00000140       ??_EEExceptionBase@core@UModSys@@UEAAPEAXI@Z 0000000140001140 f i  CIL library: CIL module
 0001:00000140       ??_GEFatal@core@UModSys@@UEAAPEAXI@Z 0000000140001140 f i umodsys_lib_basesys:umodsys.basesys.rsystem_main.obj
 0001:00000170       ?decode_error@EFatal@core@UModSys@@UEBAHPEAD_K@Z 0000000140001170 f i umodsys_lib_basesys:umodsys.basesys.rsystem_main.obj
 0001:000001b0       ?decode_error@EWarning@core@UModSys@@UEBAHPEAD_K@Z 00000001400011b0 f i umodsys_lib_basesys:umodsys.basesys.rsystem_main.obj
 0001:000001f0       ??1EFatal@core@UModSys@@UEAA@XZ 00000001400011f0 f i umodsys_lib_basesys:umodsys.basesys.rsystem_main.obj
 0001:000001f0       ??1EWarning@core@UModSys@@UEAA@XZ 00000001400011f0 f i umodsys_lib_basesys:umodsys.basesys.rsystem_main.obj
 0001:00000200       ?get_interface_info@ISystem@base@UModSys@@UEBAAEBUSUniquePointerInfo@core@3@XZ 0000000140001200 f i umodsys_lib_basesys:umodsys.basesys.rsystem_main.obj
 0001:00000210       ?get_interface_type@ISystem@base@UModSys@@UEBAPEBUSUniquePointerInfo@core@3@XZ 0000000140001210 f i umodsys_lib_basesys:umodsys.basesys.rsystem_main.obj
 0001:00000220       ?get_other_interface@ISystem@base@UModSys@@UEAAPEAUIRoot@core@3@PEBUSUniquePointerInfo@53@@Z 0000000140001220 f i umodsys_lib_basesys:umodsys.basesys.rsystem_main.obj
 0001:00000220       ?get_other_interface@ISystem@base@UModSys@@UEBAPEBUIRoot@core@3@PEBUSUniquePointerInfo@53@@Z 0000000140001220 f i umodsys_lib_basesys:umodsys.basesys.rsystem_main.obj
 0001:00000240       ?get_interface_info@RSystem@rsystem@base@UModSys@@UEBAAEBUSUniquePointerInfo@core@4@XZ 0000000140001240 f i umodsys_lib_basesys:umodsys.basesys.rsystem_main.obj
 0001:00000250       ?get_interface_type@RSystem@rsystem@base@UModSys@@UEBAPEBUSUniquePointerInfo@core@4@XZ 0000000140001250 f i umodsys_lib_basesys:umodsys.basesys.rsystem_main.obj
 0001:00000260       ?get_other_interface@RSystem@rsystem@base@UModSys@@UEBAPEBUIRoot@core@4@PEBUSUniquePointerInfo@64@@Z 0000000140001260 f i umodsys_lib_basesys:umodsys.basesys.rsystem_main.obj
 0001:00000260       ?get_other_interface@RSystem@rsystem@base@UModSys@@UEAAPEAUIRoot@core@4@PEBUSUniquePointerInfo@64@@Z 0000000140001260 f i umodsys_lib_basesys:umodsys.basesys.rsystem_main.obj
 0001:00000280       ??_ERSystem@rsystem@base@UModSys@@UEAAPEAXI@Z 0000000140001280 f i  CIL library: CIL module
 0001:00000280       ??_GRSystem@rsystem@base@UModSys@@UEAAPEAXI@Z 0000000140001280 f i umodsys_lib_basesys:umodsys.basesys.rsystem_main.obj
 0001:000002a0       ??_EISystem@base@UModSys@@UEAAPEAXI@Z 00000001400012a0 f i  CIL library: CIL module
 0001:000002a0       ??_GISystem@base@UModSys@@UEAAPEAXI@Z 00000001400012a0 f i umodsys_lib_basesys:umodsys.basesys.rsystem_main.obj
 0001:000002c0       ??1?$TStaticStringPool@DU?$TComparerBinaryHash@D@su@tl@UModSys@@USMemAlloc_Malloc@core@4@@tl@UModSys@@QEAA@XZ 00000001400012c0 f i umodsys_lib_basesys:umodsys.basesys.rsystem_main.obj
 0001:000002d0       ??1?$TQuantArrayUnique@USUniquePointerInfo@core@UModSys@@$0BAA@USMemAlloc_Malloc@23@@tl@UModSys@@QEAA@XZ 00000001400012d0 f i umodsys_lib_basesys:umodsys.basesys.rsystem_main.obj
 0001:00000310       ??1?$TTreeHoldRBD@U?$TQuantArrayNode@USUniquePointerInfo@core@UModSys@@$0BAA@@tl@UModSys@@U?$TNodeDeleter@U?$TQuantArrayNode@USUniquePointerInfo@core@UModSys@@$0BAA@@tl@UModSys@@USMemAlloc_Malloc@core@3@@23@@tl@UModSys@@QEAA@XZ 0000000140001310 f i umodsys_lib_basesys:umodsys.basesys.rsystem_main.obj
 0001:00000310       ??1?$TTreeHoldRBD@U?$TQuantArrayNode@USSourceContext@core@UModSys@@$0BAA@@tl@UModSys@@U?$TNodeDeleter@U?$TQuantArrayNode@USSourceContext@core@UModSys@@$0BAA@@tl@UModSys@@USMemAlloc_Malloc@core@3@@23@@tl@UModSys@@QEAA@XZ 0000000140001310 f i umodsys_lib_basesys:umodsys.basesys.rsystem_main.obj
 0001:00000330       ?clear@?$TTreeHoldRBD@U?$TQuantArrayNode@USUniquePointerInfo@core@UModSys@@$0BAA@@tl@UModSys@@U?$TNodeDeleter@U?$TQuantArrayNode@USUniquePointerInfo@core@UModSys@@$0BAA@@tl@UModSys@@USMemAlloc_Malloc@core@3@@23@@tl@UModSys@@QEAAXXZ 0000000140001330 f i umodsys_lib_basesys:umodsys.basesys.rsystem_main.obj
 0001:00000330       ?clear@?$TTreeHoldRBD@U?$TQuantArrayNode@USSourceContext@core@UModSys@@$0BAA@@tl@UModSys@@U?$TNodeDeleter@U?$TQuantArrayNode@USSourceContext@core@UModSys@@$0BAA@@tl@UModSys@@USMemAlloc_Malloc@core@3@@23@@tl@UModSys@@QEAAXXZ 0000000140001330 f i umodsys_lib_basesys:umodsys.basesys.rsystem_main.obj
 0001:000003c0       ??0?$TRMemAlloc_CC@U?$TMemAllocHeader@USMagic@mem_headers@rsystem@base@UModSys@@U?$TPool@X@2345@USDebug@2345@UVoid@core@5@@rsystem@base@UModSys@@USMemAlloc_Malloc@core@4@@rsystem@base@UModSys@@QEAA@PEAUIExceptionHandler@core@3@@Z 00000001400013c0 f i umodsys_lib_basesys:umodsys.basesys.rsystem_main.obj
 0001:000003e0       ??1?$TRMemAlloc_CC@U?$TMemAllocHeader@USMagic@mem_headers@rsystem@base@UModSys@@U?$TPool@X@2345@USDebug@2345@UVoid@core@5@@rsystem@base@UModSys@@USMemAlloc_Malloc@core@4@@rsystem@base@UModSys@@QEAA@XZ 00000001400013e0 f i umodsys_lib_basesys:umodsys.basesys.rsystem_main.obj
 0001:000003f0       ?mem_alloc@?$TRMemAlloc_CC@U?$TMemAllocHeader@USMagic@mem_headers@rsystem@base@UModSys@@U?$TPool@X@2345@USDebug@2345@UVoid@core@5@@rsystem@base@UModSys@@USMemAlloc_Malloc@core@4@@rsystem@base@UModSys@@UEAAPEAX_KPEBUSSourceContext@core@4@@Z 00000001400013f0 f i umodsys_lib_basesys:umodsys.basesys.rsystem_main.obj
 0001:00000450       ?mem_realloc@?$TRMemAlloc_CC@U?$TMemAllocHeader@USMagic@mem_headers@rsystem@base@UModSys@@U?$TPool@X@2345@USDebug@2345@UVoid@core@5@@rsystem@base@UModSys@@USMemAlloc_Malloc@core@4@@rsystem@base@UModSys@@UEAAPEAXPEAX_KPEBUSSourceContext@core@4@@Z 0000000140001450 f i umodsys_lib_basesys:umodsys.basesys.rsystem_main.obj
 0001:00000680       ?mem_free@?$TRMemAlloc_CC@U?$TMemAllocHeader@USMagic@mem_headers@rsystem@base@UModSys@@U?$TPool@X@2345@USDebug@2345@UVoid@core@5@@rsystem@base@UModSys@@USMemAlloc_Malloc@core@4@@rsystem@base@UModSys@@UEAAXPEAXPEBUSSourceContext@core@4@@Z 0000000140001680 f i umodsys_lib_basesys:umodsys.basesys.rsystem_main.obj
 0001:00000740       ?free@?$TStaticStringPool@DU?$TComparerBinaryHash@D@su@tl@UModSys@@USMemAlloc_Malloc@core@4@@tl@UModSys@@QEAAXXZ 0000000140001740 f i umodsys_lib_basesys:umodsys.basesys.rsystem_main.obj
 0001:000007a0       ?get@?$TQuantArrayUnique@USUniquePointerInfo@core@UModSys@@$0BAA@USMemAlloc_Malloc@23@@tl@UModSys@@QEBAPEBUSUniquePointerInfo@core@3@_K@Z 00000001400017a0 f i umodsys_lib_basesys:umodsys.basesys.rsystem_main.obj
 0001:00000820       ??$process@UEFatal@core@UModSys@@@IExceptionHandler@core@UModSys@@QEAAXAEBUEFatal@12@@Z 0000000140001820 f i umodsys_lib_basesys:umodsys.basesys.rsystem_main.obj
 0001:00000890       ??$process_nodes_r@U?$TNodeDeleter@U?$TQuantArrayNode@USSourceContext@core@UModSys@@$0BAA@@tl@UModSys@@USMemAlloc_Malloc@core@3@@tl@UModSys@@@?$TTreeHoldRB@U?$TQuantArrayNode@USSourceContext@core@UModSys@@$0BAA@@tl@UModSys@@@tl@UModSys@@KAHPEAU?$TQuantArrayNode@USSourceContext@core@UModSys@@$0BAA@@12@AEBU?$TNodeDeleter@U?$TQuantArrayNode@USSourceContext@core@UModSys@@$0BAA@@tl@UModSys@@USMemAlloc_Malloc@core@3@@12@@Z 0000000140001890 f i umodsys_lib_basesys:umodsys.basesys.rsystem_main.obj
 0001:00000890       ??$process_nodes_r@U?$TNodeDeleter@U?$TQuantArrayNode@USUniquePointerInfo@core@UModSys@@$0BAA@@tl@UModSys@@USMemAlloc_Malloc@core@3@@tl@UModSys@@@?$TTreeHoldRB@U?$TQuantArrayNode@USUniquePointerInfo@core@UModSys@@$0BAA@@tl@UModSys@@@tl@UModSys@@KAHPEAU?$TQuantArrayNode@USUniquePointerInfo@core@UModSys@@$0BAA@@12@AEBU?$TNodeDeleter@U?$TQuantArrayNode@USUniquePointerInfo@core@UModSys@@$0BAA@@tl@UModSys@@USMemAlloc_Malloc@core@3@@12@@Z 0000000140001890 f i umodsys_lib_basesys:umodsys.basesys.rsystem_main.obj
 0001:00000900       ??0EFatal@core@UModSys@@QEAA@AEBU012@@Z 0000000140001900 f i umodsys_lib_basesys:umodsys.basesys.rsystem_main.obj
 0001:00000940       ??0EExceptionBase@core@UModSys@@QEAA@AEBU012@@Z 0000000140001940 f i umodsys_lib_basesys:umodsys.basesys.rsystem_main.obj
 0001:00000980       ??0EWarning@core@UModSys@@QEAA@AEBU012@@Z 0000000140001980 f i umodsys_lib_basesys:umodsys.basesys.rsystem_main.obj
 0001:000009c0       ??1?$TParametersA@$0EAA@@core@UModSys@@QEAA@XZ 00000001400019c0 f i umodsys_lib_basesys:umodsys.basesys.rsystem_tests.obj
 0001:000009e0       ??1?$TRefObject@UIRefObject@core@UModSys@@@tl@UModSys@@QEAA@XZ 00000001400019e0 f i umodsys_lib_basesys:umodsys.basesys.rsystem_tests.obj
 0001:000009e0       ??1?$TRefObject@UIShell@base@UModSys@@@tl@UModSys@@QEAA@XZ 00000001400019e0 f i umodsys_lib_basesys:umodsys.basesys.rsystem_tests.obj
 0001:000009e0       ??1?$TRefObject@URModuleLibrary@rsystem@base@UModSys@@@tl@UModSys@@QEAA@XZ 00000001400019e0 f i umodsys_lib_basesys:umodsys.basesys.rmoduleloader.obj
 0001:000009e0       ??1?$TRefObject@URParameters@rsystem@base@UModSys@@@tl@UModSys@@QEAA@XZ 00000001400019e0 f i umodsys_lib_basesys:umodsys.basesys.rsystem_main.obj
 0001:00000a10       ??_GRModuleLoader@rsystem@base@UModSys@@UEAAPEAXI@Z 0000000140001a10 f i umodsys_lib_basesys:umodsys.basesys.rmoduleloader.obj
 0001:00000a10       ??_ERModuleLoader@rsystem@base@UModSys@@UEAAPEAXI@Z 0000000140001a10 f i  CIL library: CIL module
 0001:00000a40       ??_EIModuleLoader@base@UModSys@@UEAAPEAXI@Z 0000000140001a40 f i  CIL library: CIL module
 0001:00000a40       ??_GIModuleLoader@base@UModSys@@UEAAPEAXI@Z 0000000140001a40 f i umodsys_lib_basesys:umodsys.basesys.rmoduleloader.obj
 0001:00000a70       ?append@?$TStaticStringPool@DU?$TComparerBinaryHash@D@su@tl@UModSys@@USMemAlloc_Malloc@core@4@@tl@UModSys@@QEAAPEBU?$TString@U?$TSCoreConst@D@su@tl@UModSys@@U?$TComparerBinaryHash@D@234@@23@PEBD_K@Z 0000000140001a70 f i umodsys_lib_basesys:umodsys.basesys.rmoduleloader.obj
 0001:00000cf0       ?ResizeRel@?$TDynarray@U?$TDynarrayHolderDynamic@U?$TRefObject@URModuleLibrary@rsystem@base@UModSys@@@tl@UModSys@@U?$TAllocator@USMemAlloc_Malloc@core@UModSys@@USCountCalcPower2@23@@23@@tl@UModSys@@@tl@UModSys@@QEAA_N_J@Z 0000000140001cf0 f i umodsys_lib_basesys:umodsys.basesys.rmoduleloader.obj
 0001:00000da0       ?ReLink@?$TDynarray@U?$TDynarrayHolderDynamic@U?$TRefObject@URModuleLibrary@rsystem@base@UModSys@@@tl@UModSys@@U?$TAllocator@USMemAlloc_Malloc@core@UModSys@@USCountCalcPower2@23@@23@@tl@UModSys@@@tl@UModSys@@IEAA_N_K@Z 0000000140001da0 f i umodsys_lib_basesys:umodsys.basesys.rmoduleloader.obj
 0001:00000da0       ?ReLink@?$TDynarray@U?$TDynarrayHolderDynamic@U?$TRefObject@URModule@rsystem@base@UModSys@@@tl@UModSys@@U?$TAllocator@USMemAlloc_Malloc@core@UModSys@@USCountCalcPower2@23@@23@@tl@UModSys@@@tl@UModSys@@IEAA_N_K@Z 0000000140001da0 f i umodsys_lib_basesys:umodsys.basesys.rmodulelib.obj
 0001:00000e10       ?items_destruct@?$TDynarray@U?$TDynarrayHolderDynamic@U?$TRefObject@URModuleLibrary@rsystem@base@UModSys@@@tl@UModSys@@U?$TAllocator@USMemAlloc_Malloc@core@UModSys@@USCountCalcPower2@23@@23@@tl@UModSys@@@tl@UModSys@@IEAAX_K0@Z 0000000140001e10 f i umodsys_lib_basesys:umodsys.basesys.rmoduleloader.obj
 0001:00000e80       ?find_s@?$TStaticStringPool@DU?$TComparerBinaryHash@D@su@tl@UModSys@@USMemAlloc_Malloc@core@4@@tl@UModSys@@QEBAPEBU?$TString@U?$TSCoreConst@D@su@tl@UModSys@@U?$TComparerBinaryHash@D@234@@23@AEBU423@@Z 0000000140001e80 f i umodsys_lib_basesys:umodsys.basesys.rmoduleloader.obj
 0001:00000f20       ?find@?$TQuantArrayUnique@USUniquePointerInfo@core@UModSys@@$0BAA@USMemAlloc_Malloc@23@@tl@UModSys@@QEAAPEBUSUniquePointerInfo@core@3@AEBU453@@Z 0000000140001f20 f i umodsys_lib_basesys:umodsys.basesys.rsystem.obj
 0001:00000f20       ?find@?$TQuantArrayUnique@USSourceContext@core@UModSys@@$0BAA@USMemAlloc_Malloc@23@@tl@UModSys@@QEAAPEBUSSourceContext@core@3@AEBU453@@Z 0000000140001f20 f i umodsys_lib_basesys:umodsys.basesys.rsystem.obj
 0001:00001050       ?add@?$TQuantArrayUnique@USSourceContext@core@UModSys@@$0BAA@USMemAlloc_Malloc@23@@tl@UModSys@@QEAAPEAUSSourceContext@core@3@AEBU453@@Z 0000000140002050 f i umodsys_lib_basesys:umodsys.basesys.rsystem.obj
 0001:00001050       ?add@?$TQuantArrayUnique@USUniquePointerInfo@core@UModSys@@$0BAA@USMemAlloc_Malloc@23@@tl@UModSys@@QEAAPEAUSUniquePointerInfo@core@3@AEBU453@@Z 0000000140002050 f i umodsys_lib_basesys:umodsys.basesys.rsystem.obj
 0001:000011e0       ?s_last@?$TQuantArrayUnique@USSourceContext@core@UModSys@@$0BAA@USMemAlloc_Malloc@23@@tl@UModSys@@KAHPEBU?$TQuantArrayNode@USSourceContext@core@UModSys@@$0BAA@@23@0@Z 00000001400021e0 f i umodsys_lib_basesys:umodsys.basesys.rsystem.obj
 0001:000011e0       ?s_last@?$TQuantArrayUnique@USUniquePointerInfo@core@UModSys@@$0BAA@USMemAlloc_Malloc@23@@tl@UModSys@@KAHPEBU?$TQuantArrayNode@USUniquePointerInfo@core@UModSys@@$0BAA@@23@0@Z 00000001400021e0 f i umodsys_lib_basesys:umodsys.basesys.rsystem.obj
 0001:000011f0       ??$insert_node_m@P6AHPEBU?$TQuantArrayNode@USSourceContext@core@UModSys@@$0BAA@@tl@UModSys@@0@Z@?$TTreeHoldRB@U?$TQuantArrayNode@USSourceContext@core@UModSys@@$0BAA@@tl@UModSys@@@tl@UModSys@@QEAAPEAU?$TQuantArrayNode@USSourceContext@core@UModSys@@$0BAA@@12@PEAU312@P6AHPEBU312@1@Z@Z 00000001400021f0 f i umodsys_lib_basesys:umodsys.basesys.rsystem.obj
 0001:000011f0       ??$insert_node_m@P6AHPEBU?$TQuantArrayNode@USUniquePointerInfo@core@UModSys@@$0BAA@@tl@UModSys@@0@Z@?$TTreeHoldRB@U?$TQuantArrayNode@USUniquePointerInfo@core@UModSys@@$0BAA@@tl@UModSys@@@tl@UModSys@@QEAAPEAU?$TQuantArrayNode@USUniquePointerInfo@core@UModSys@@$0BAA@@12@PEAU312@P6AHPEBU312@1@Z@Z 00000001400021f0 f i umodsys_lib_basesys:umodsys.basesys.rsystem.obj
 0001:000012a0       ?insert_color@?$TTreeHoldRB@U?$TQuantArrayNode@USSourceContext@core@UModSys@@$0BAA@@tl@UModSys@@@tl@UModSys@@IEAAXPEAU?$TQuantArrayNode@USSourceContext@core@UModSys@@$0BAA@@23@@Z 00000001400022a0 f i umodsys_lib_basesys:umodsys.basesys.rsystem.obj
 0001:000012a0       ?insert_color@?$TTreeHoldRB@U?$TQuantArrayNode@USUniquePointerInfo@core@UModSys@@$0BAA@@tl@UModSys@@@tl@UModSys@@IEAAXPEAU?$TQuantArrayNode@USUniquePointerInfo@core@UModSys@@$0BAA@@23@@Z 00000001400022a0 f i umodsys_lib_basesys:umodsys.basesys.rsystem.obj
 0001:00001450       ?get_interface_info@RParameters@rsystem@base@UModSys@@UEBAAEBUSUniquePointerInfo@core@4@XZ 0000000140002450 f i umodsys_lib_basesys:umodsys.basesys.rparameters.obj
 0001:00001460       ?get_interface_type@RParameters@rsystem@base@UModSys@@UEBAPEBUSUniquePointerInfo@core@4@XZ 0000000140002460 f i umodsys_lib_basesys:umodsys.basesys.rparameters.obj
 0001:00001470       ?get_other_interface@RParameters@rsystem@base@UModSys@@UEAAPEAUIRoot@core@4@PEBUSUniquePointerInfo@64@@Z 0000000140002470 f i umodsys_lib_basesys:umodsys.basesys.rparameters.obj
 0001:00001470       ?get_other_interface@RParameters@rsystem@base@UModSys@@UEBAPEBUIRoot@core@4@PEBUSUniquePointerInfo@64@@Z 0000000140002470 f i umodsys_lib_basesys:umodsys.basesys.rparameters.obj
 0001:000014a0       ?ref_add@RParameters@rsystem@base@UModSys@@UEBAXXZ 00000001400024a0 f i umodsys_lib_basesys:umodsys.basesys.rparameters.obj
 0001:000014b0       ?ref_remove@RParameters@rsystem@base@UModSys@@UEBAXXZ 00000001400024b0 f i umodsys_lib_basesys:umodsys.basesys.rparameters.obj
 0001:000014d0       ?ref_links@RParameters@rsystem@base@UModSys@@UEBAHXZ 00000001400024d0 f i umodsys_lib_basesys:umodsys.basesys.rparameters.obj
 0001:000014e0       ?suicide@RParameters@rsystem@base@UModSys@@UEAAXXZ 00000001400024e0 f i umodsys_lib_basesys:umodsys.basesys.rparameters.obj
 0001:00001510       ??_GRParameters@rsystem@base@UModSys@@UEAAPEAXI@Z 0000000140002510 f i umodsys_lib_basesys:umodsys.basesys.rparameters.obj
 0001:00001510       ??_ERParameters@rsystem@base@UModSys@@UEAAPEAXI@Z 0000000140002510 f i  CIL library: CIL module
 0001:00001530       ??$shash@D@su@tl@UModSys@@YAHPEBD@Z 0000000140002530 f i umodsys_lib_basesys:umodsys.basesys.rparameters.obj
 0001:00001560       ?get_interface_info@RModuleLibrary@rsystem@base@UModSys@@UEBAAEBUSUniquePointerInfo@core@4@XZ 0000000140002560 f i umodsys_lib_basesys:umodsys.basesys.rmodulelib.obj
 0001:00001570       ?get_interface_type@RModuleLibrary@rsystem@base@UModSys@@UEBAPEBUSUniquePointerInfo@core@4@XZ 0000000140002570 f i umodsys_lib_basesys:umodsys.basesys.rmodulelib.obj
 0001:00001580       ?get_interface_types@ISystem@base@UModSys@@UEBA_KAEAUSUniquePtrList@core@3@@Z 0000000140002580 f i umodsys_lib_basesys:umodsys.basesys.rsystem_main.obj
 0001:00001580       ?get_interface_types@RSystem@rsystem@base@UModSys@@UEBA_KAEAUSUniquePtrList@core@4@@Z 0000000140002580 f i umodsys_lib_basesys:umodsys.basesys.rsystem_main.obj
 0001:00001580       ?get_interface_types@RParameters@rsystem@base@UModSys@@UEBA_KAEAUSUniquePtrList@core@4@@Z 0000000140002580 f i umodsys_lib_basesys:umodsys.basesys.rparameters.obj
 0001:00001580       ?get_interface_types@RModule@rsystem@base@UModSys@@UEBA_KAEAUSUniquePtrList@core@4@@Z 0000000140002580 f i umodsys_lib_basesys:umodsys.basesys.rmodule.obj
 0001:00001580       ?get_interface_types@RModuleLibrary@rsystem@base@UModSys@@UEBA_KAEAUSUniquePtrList@core@4@@Z 0000000140002580 f i umodsys_lib_basesys:umodsys.basesys.rmodulelib.obj
 0001:00001580       ?get_interface_types@RConsole_std@rsystem@base@UModSys@@UEBA_KAEAUSUniquePtrList@core@4@@Z 0000000140002580 f i umodsys_lib_basesys:umodsys.basesys.rconsole_std.obj
 0001:00001590       ?get_other_interface@RModuleLibrary@rsystem@base@UModSys@@UEAAPEAUIRoot@core@4@PEBUSUniquePointerInfo@64@@Z 0000000140002590 f i umodsys_lib_basesys:umodsys.basesys.rmodulelib.obj
 0001:00001590       ?get_other_interface@RModuleLibrary@rsystem@base@UModSys@@UEBAPEBUIRoot@core@4@PEBUSUniquePointerInfo@64@@Z 0000000140002590 f i umodsys_lib_basesys:umodsys.basesys.rmodulelib.obj
 0001:000015c0       ?ref_add@RModuleLibrary@rsystem@base@UModSys@@UEBAXXZ 00000001400025c0 f i umodsys_lib_basesys:umodsys.basesys.rmodulelib.obj
 0001:000015d0       ?ref_remove@RModuleLibrary@rsystem@base@UModSys@@UEBAXXZ 00000001400025d0 f i umodsys_lib_basesys:umodsys.basesys.rmodulelib.obj
 0001:000015f0       ?ref_links@RModuleLibrary@rsystem@base@UModSys@@UEBAHXZ 00000001400025f0 f i umodsys_lib_basesys:umodsys.basesys.rmodulelib.obj
 0001:00001600       ?suicide@RModuleLibrary@rsystem@base@UModSys@@UEAAXXZ 0000000140002600 f i umodsys_lib_basesys:umodsys.basesys.rmodulelib.obj
 0001:00001630       ??_GRModuleLibrary@rsystem@base@UModSys@@UEAAPEAXI@Z 0000000140002630 f i umodsys_lib_basesys:umodsys.basesys.rmodulelib.obj
 0001:00001630       ??_ERModuleLibrary@rsystem@base@UModSys@@UEAAPEAXI@Z 0000000140002630 f i  CIL library: CIL module
 0001:00001650       ??1?$TString@U?$TSCoreShared@USMemAlloc_Malloc@core@UModSys@@D@su@tl@UModSys@@U?$TComparerBinaryHash@D@234@@tl@UModSys@@QEAA@XZ 0000000140002650 f i umodsys_lib_basesys:umodsys.basesys.rmodulelib.obj
 0001:000016a0       ??_EIModuleLibrary@base@UModSys@@UEAAPEAXI@Z 00000001400026a0 f i  CIL library: CIL module
 0001:000016a0       ??_GIModuleLibrary@base@UModSys@@UEAAPEAXI@Z 00000001400026a0 f i umodsys_lib_basesys:umodsys.basesys.rmodulelib.obj
 0001:000016c0       ??1?$TDynarrayDynamic@U?$TRefObject@URModule@rsystem@base@UModSys@@@tl@UModSys@@U?$TAllocator@USMemAlloc_Malloc@core@UModSys@@USCountCalcPower2@23@@23@@tl@UModSys@@QEAA@XZ 00000001400026c0 f i umodsys_lib_basesys:umodsys.basesys.rmodulelib.obj
 0001:00001720       ?ResizeRel@?$TDynarray@U?$TDynarrayHolderDynamic@U?$TRefObject@URModule@rsystem@base@UModSys@@@tl@UModSys@@U?$TAllocator@USMemAlloc_Malloc@core@UModSys@@USCountCalcPower2@23@@23@@tl@UModSys@@@tl@UModSys@@QEAA_N_J@Z 0000000140002720 f i umodsys_lib_basesys:umodsys.basesys.rmodulelib.obj
 0001:00001820       ?info_new@?$TSCoreShared@USMemAlloc_Malloc@core@UModSys@@D@su@tl@UModSys@@QEAA_NPEBD_K@Z 0000000140002820 f i umodsys_lib_basesys:umodsys.basesys.rmodulelib.obj
 0001:000018d0       ?Push@?$TDynarray@U?$TDynarrayHolderDynamic@U?$TRefObject@URModuleLibrary@rsystem@base@UModSys@@@tl@UModSys@@U?$TAllocator@USMemAlloc_Malloc@core@UModSys@@USCountCalcPower2@23@@23@@tl@UModSys@@@tl@UModSys@@QEAA_NAEBU?$TRefObject@URModuleLibrary@rsystem@base@UModSys@@@23@@Z 00000001400028d0 f i umodsys_lib_basesys:umodsys.basesys.rmodulelib.obj
 0001:00001990       ?get_interface_info@RModule@rsystem@base@UModSys@@UEBAAEBUSUniquePointerInfo@core@4@XZ 0000000140002990 f i umodsys_lib_basesys:umodsys.basesys.rmodule.obj
 0001:000019a0       ?get_interface_type@RModule@rsystem@base@UModSys@@UEBAPEBUSUniquePointerInfo@core@4@XZ 00000001400029a0 f i umodsys_lib_basesys:umodsys.basesys.rmodule.obj
 0001:000019b0       ?get_other_interface@RModule@rsystem@base@UModSys@@UEBAPEBUIRoot@core@4@PEBUSUniquePointerInfo@64@@Z 00000001400029b0 f i umodsys_lib_basesys:umodsys.basesys.rmodule.obj
 0001:000019b0       ?get_other_interface@RModule@rsystem@base@UModSys@@UEAAPEAUIRoot@core@4@PEBUSUniquePointerInfo@64@@Z 00000001400029b0 f i umodsys_lib_basesys:umodsys.basesys.rmodule.obj
 0001:000019e0       ?ref_add@RModule@rsystem@base@UModSys@@UEBAXXZ 00000001400029e0 f i umodsys_lib_basesys:umodsys.basesys.rmodule.obj
 0001:000019f0       ?ref_remove@RModule@rsystem@base@UModSys@@UEBAXXZ 00000001400029f0 f i umodsys_lib_basesys:umodsys.basesys.rmodule.obj
 0001:00001a10       ?ref_links@RModule@rsystem@base@UModSys@@UEBAHXZ 0000000140002a10 f i umodsys_lib_basesys:umodsys.basesys.rmodule.obj
 0001:00001a20       ?suicide@RModule@rsystem@base@UModSys@@UEAAXXZ 0000000140002a20 f i umodsys_lib_basesys:umodsys.basesys.rmodule.obj
 0001:00001a80       ??_GRModule@rsystem@base@UModSys@@UEAAPEAXI@Z 0000000140002a80 f i umodsys_lib_basesys:umodsys.basesys.rmodule.obj
 0001:00001a80       ??_ERModule@rsystem@base@UModSys@@UEAAPEAXI@Z 0000000140002a80 f i  CIL library: CIL module
 0001:00001aa0       ??_GIModule@base@UModSys@@UEAAPEAXI@Z 0000000140002aa0 f i umodsys_lib_basesys:umodsys.basesys.rmodule.obj
 0001:00001aa0       ??_EIModule@base@UModSys@@UEAAPEAXI@Z 0000000140002aa0 f i  CIL library: CIL module
 0001:00001ac0       ??1?$TDynarrayDynamic@UModuleObjInfo@RModule@rsystem@base@UModSys@@U?$TAllocator@USMemAlloc_Malloc@core@UModSys@@USCountCalcPower2@23@@tl@5@@tl@UModSys@@QEAA@XZ 0000000140002ac0 f i umodsys_lib_basesys:umodsys.basesys.rmodule.obj
 0001:00001b20       ?Push@?$TDynarray@U?$TDynarrayHolderDynamic@UModuleObjInfo@RModule@rsystem@base@UModSys@@U?$TAllocator@USMemAlloc_Malloc@core@UModSys@@USCountCalcPower2@23@@tl@5@@tl@UModSys@@@tl@UModSys@@QEAA_NXZ 0000000140002b20 f i umodsys_lib_basesys:umodsys.basesys.rmodule.obj
 0001:00001be0       ??1?$TDynarrayDynamic@UGeneratedObjInfo@RModule@rsystem@base@UModSys@@U?$TAllocator@USMemAlloc_Malloc@core@UModSys@@USCountCalcPower2@23@@tl@5@@tl@UModSys@@QEAA@XZ 0000000140002be0 f i umodsys_lib_basesys:umodsys.basesys.rmodule.obj
 0001:00001c40       ??1?$TDynarrayDynamic@PEBUSUniquePointerInfo@core@UModSys@@U?$TAllocator@USMemAlloc_Malloc@core@UModSys@@USCountCalcPower2@23@@tl@3@@tl@UModSys@@QEAA@XZ 0000000140002c40 f i umodsys_lib_basesys:umodsys.basesys.rmodule.obj
 0001:00001ca0       ?ResizeRel@?$TDynarray@U?$TDynarrayHolderDynamic@UModuleObjInfo@RModule@rsystem@base@UModSys@@U?$TAllocator@USMemAlloc_Malloc@core@UModSys@@USCountCalcPower2@23@@tl@5@@tl@UModSys@@@tl@UModSys@@QEAA_N_J@Z 0000000140002ca0 f i umodsys_lib_basesys:umodsys.basesys.rmodule.obj
 0001:00001d90       ?ResizeRel@?$TDynarray@U?$TDynarrayHolderDynamic@UGeneratedObjInfo@RModule@rsystem@base@UModSys@@U?$TAllocator@USMemAlloc_Malloc@core@UModSys@@USCountCalcPower2@23@@tl@5@@tl@UModSys@@@tl@UModSys@@QEAA_N_J@Z 0000000140002d90 f i umodsys_lib_basesys:umodsys.basesys.rmodule.obj
 0001:00001e80       ?ResizeRel@?$TDynarray@U?$TDynarrayHolderDynamic@PEBUSUniquePointerInfo@core@UModSys@@U?$TAllocator@USMemAlloc_Malloc@core@UModSys@@USCountCalcPower2@23@@tl@3@@tl@UModSys@@@tl@UModSys@@QEAA_N_J@Z 0000000140002e80 f i umodsys_lib_basesys:umodsys.basesys.rmodule.obj
 0001:00001f34       _onexit                    0000000140002f34 f   MSVCRT:atonexit.obj
 0001:00001fe4       atexit                     0000000140002fe4 f   MSVCRT:atonexit.obj
 0001:000022cc       mainCRTStartup             00000001400032cc f   MSVCRT:crtexe.obj
 0001:000022de       _purecall                  00000001400032de f   MSVCRT:MSVCR90.dll
 0001:000022e4       ??_Etype_info@@UEAAPEAXI@Z 00000001400032e4 f i MSVCRT:ti_inst.obj
 0001:0000234e       ??3@YAXPEAX@Z              000000014000334e f   MSVCRT:MSVCR90.dll
 0001:00002354       __C_specific_handler       0000000140003354 f   MSVCRT:MSVCR90.dll
 0001:0000235a       _unlock                    000000014000335a f   MSVCRT:MSVCR90.dll
 0001:00002360       __dllonexit                0000000140003360 f   MSVCRT:MSVCR90.dll
 0001:00002366       _lock                      0000000140003366 f   MSVCRT:MSVCR90.dll
 0001:0000236c       ?__CxxUnhandledExceptionFilter@@YAJPEAU_EXCEPTION_POINTERS@@@Z 000000014000336c f   MSVCRT:unhandld.obj
 0001:000023b0       __CxxSetUnhandledExceptionFilter 00000001400033b0 f   MSVCRT:unhandld.obj
 0001:000023c8       _amsg_exit                 00000001400033c8 f   MSVCRT:MSVCR90.dll
 0001:000023d0       _RTC_Initialize            00000001400033d0 f   MSVCRT:_initsect_.obj
 0001:00002408       _RTC_Terminate             0000000140003408 f   MSVCRT:_initsect_.obj
 0001:00002440       _XcptFilter                0000000140003440 f   MSVCRT:MSVCR90.dll
 0001:00002450       _ValidateImageBase         0000000140003450 f   MSVCRT:pesect.obj
 0001:00002480       _FindPESection             0000000140003480 f   MSVCRT:pesect.obj
 0001:000024d0       _IsNonwritableInCurrentImage 00000001400034d0 f   MSVCRT:pesect.obj
 0001:00002512       _initterm                  0000000140003512 f   MSVCRT:MSVCR90.dll
 0001:00002518       _initterm_e                0000000140003518 f   MSVCRT:MSVCR90.dll
 0001:00002520       _matherr                   0000000140003520 f   MSVCRT:merr.obj
 0001:00002520       _setargv                   0000000140003520 f   MSVCRT:dllargv.obj
 0001:00002524       __security_init_cookie     0000000140003524 f   MSVCRT:gs_support.obj
 0001:000025d8       ?__ArrayUnwind@@YAXPEAX_KHP6AX0@Z@Z 00000001400035d8 f   MSVCRT:ehvecdtr.obj
 0001:00002624       ??_M@YAXPEAX_KHP6AX0@Z@Z   0000000140003624 f   MSVCRT:ehvecdtr.obj
 0001:00002682       ?terminate@@YAXXZ          0000000140003682 f   MSVCRT:MSVCR90.dll
 0001:00002688       ?_type_info_dtor_internal_method@type_info@@QEAAXXZ 0000000140003688 f   MSVCRT:MSVCR90.dll
 0001:00002688       ??1type_info@@UEAA@XZ      0000000140003688 f   MSVCRT:MSVCR90.dll
 0001:00002690       ?gracial_convert@syshlp@core@UModSys@@YA_NPEADHPEB_WH@Z 0000000140003690 f   umodsys_lib_core:umodsys.core.syshlp_charcode.win32.obj
 0001:000026f0       ?gracial_convert@syshlp@core@UModSys@@YA_NPEA_WHPEBDH@Z 00000001400036f0 f   umodsys_lib_core:umodsys.core.syshlp_charcode.win32.obj
 0001:00002740       ?path_uni_os@syshlp@core@UModSys@@YAXPEA_W@Z 0000000140003740 f   umodsys_lib_core:umodsys.core.syshlp_chars.win32.obj
 0001:00002770       ?path_os_uni@syshlp@core@UModSys@@YAXPEAD@Z 0000000140003770 f   umodsys_lib_core:umodsys.core.syshlp_chars.win32.obj
 0001:00002790       ?gracial_cpy@syshlp@core@UModSys@@YA_NPEA_WHQEAPEB_WH@Z 0000000140003790 f   umodsys_lib_core:umodsys.core.syshlp_chars.win32.obj
 0001:00002880       ?gracial_cpy@syshlp@core@UModSys@@YA_NPEADHQEAPEBDH@Z 0000000140003880 f   umodsys_lib_core:umodsys.core.syshlp_chars.win32.obj
 0001:00002960       ?suicide@IRoot@core@UModSys@@UEAAXXZ 0000000140003960 f   umodsys_lib_core:umodsys.core.objects.obj
 0001:00002970       ??1IRoot@core@UModSys@@UEAA@XZ 0000000140003970 f   umodsys_lib_core:umodsys.core.objects.obj
 0001:00002990       ??1IRefObject@core@UModSys@@UEAA@XZ 0000000140003990 f   umodsys_lib_core:umodsys.core.objects.obj
 0001:000029b0       ??3IRoot@core@UModSys@@SAXPEAXAEBUSIMemAlloc@12@@Z 00000001400039b0 f   umodsys_lib_core:umodsys.core.objects.obj
 0001:000029d0       ??2IRoot@core@UModSys@@SAPEAX_KAEBUSIMemAlloc@12@@Z 00000001400039d0 f   umodsys_lib_core:umodsys.core.objects.obj
 0001:000029f0       ??0SUniquePtrList@core@UModSys@@QEAA@PEAPEBUSUniquePointerInfo@12@_K@Z 00000001400039f0 f   umodsys_lib_core:umodsys.core.uniqueptr.obj
 0001:00002a10       ?s_unresolve@SUniquePointer@core@UModSys@@SAXPEAUIUniquePointerResolver@23@@Z 0000000140003a10 f   umodsys_lib_core:umodsys.core.uniqueptr.obj
 0001:00002a80       ?s_resolve@SUniquePointer@core@UModSys@@SAXPEAUIUniquePointerResolver@23@@Z 0000000140003a80 f   umodsys_lib_core:umodsys.core.uniqueptr.obj
 0001:00002b00       ??1SUniquePointer@core@UModSys@@QEAA@XZ 0000000140003b00 f   umodsys_lib_core:umodsys.core.uniqueptr.obj
 0001:00002b30       ??0SUniquePointer@core@UModSys@@QEAA@H@Z 0000000140003b30 f   umodsys_lib_core:umodsys.core.uniqueptr.obj
 0001:00002b60       ??0SUniquePointer@core@UModSys@@QEAA@PEBD0H@Z 0000000140003b60 f   umodsys_lib_core:umodsys.core.uniqueptr.obj
 0001:00002bb0       ??1SModuleInfo@base@UModSys@@QEAA@XZ 0000000140003bb0 f   umodsys_lib_base:umodsys.base.moduleinfo.obj
 0001:00002bc0       ??0SModuleInfo@base@UModSys@@QEAA@XZ 0000000140003bc0 f   umodsys_lib_base:umodsys.base.moduleinfo.obj
 0001:00002bf0       ??1IModuleLoader@base@UModSys@@UEAA@XZ 0000000140003bf0 f   umodsys_lib_base:umodsys.base.moduleloader.obj
 0001:00002c00       ??1SDebug@base@UModSys@@QEAA@XZ 0000000140003c00 f   umodsys_lib_base:umodsys.base.debug.obj
 0001:00002c30       ??0SDebug@base@UModSys@@QEAA@PEAUIConsole@12@I@Z 0000000140003c30 f   umodsys_lib_base:umodsys.base.debug.obj
 0001:00002c50       ??1ISystem@base@UModSys@@UEAA@XZ 0000000140003c50 f   umodsys_lib_base:umodsys.base.system.obj
 0001:00002c60       ?Link@SModuleContext@base@UModSys@@QEAAXPEAUISystem@23@PEAUIMemAlloc@core@3@@Z 0000000140003c60 f   umodsys_lib_base:umodsys.base.modulecontext.obj
 0001:00002ca0       ??1SModuleContext@base@UModSys@@QEAA@XZ 0000000140003ca0 f   umodsys_lib_base:umodsys.base.modulecontext.obj
 0001:00002cb0       ?get_paramworker@SParameters@core@UModSys@@KAPEAUIParameters@23@XZ 0000000140003cb0 f   umodsys_lib_base:umodsys.base.modulecontext.obj
 0001:00002cd0       ??0SModuleContext@base@UModSys@@QEAA@XZ 0000000140003cd0 f   umodsys_lib_base:umodsys.base.modulecontext.obj
 0001:00002cf0       ?scan@RModule@rsystem@base@UModSys@@QEAA_NXZ 0000000140003cf0 f   umodsys_lib_basesys:umodsys.basesys.rmodule.obj
 0001:00002d30       ?mod_findobjname@RModule@rsystem@base@UModSys@@UEAA_KPEBUSUniquePointerInfo@core@4@QEAPEBU564@_K@Z 0000000140003d30 f   umodsys_lib_basesys:umodsys.basesys.rmodule.obj
 0001:00002df0       ?is_open@RModule@rsystem@base@UModSys@@UEBA_NXZ 0000000140003df0 f   umodsys_lib_basesys:umodsys.basesys.rmodule.obj
 0001:00002e20       ?get_info@RModule@rsystem@base@UModSys@@UEBAAEBUSModuleInfo@34@XZ 0000000140003e20 f   umodsys_lib_basesys:umodsys.basesys.rmodule.obj
 0001:00002e30       ?get_library@RModule@rsystem@base@UModSys@@UEBAPEAUIModuleLibrary@34@XZ 0000000140003e30 f   umodsys_lib_basesys:umodsys.basesys.rmodule.obj
 0001:00002e40       ??1RModule@rsystem@base@UModSys@@UEAA@XZ 0000000140003e40 f   umodsys_lib_basesys:umodsys.basesys.rmodule.obj
 0001:00002f70       ?unreg_obj@RModule@rsystem@base@UModSys@@QEAA_NPEAUIModObject@34@@Z 0000000140003f70 f   umodsys_lib_basesys:umodsys.basesys.rmodule.obj
 0001:000030a0       ?reg_generator@RModule@rsystem@base@UModSys@@QEAA_NPEAUModuleObjInfo@1234@PEAUIGenerator@34@@Z 00000001400040a0 f   umodsys_lib_basesys:umodsys.basesys.rmodule.obj
 0001:000032c0       ?save_db@RModule@rsystem@base@UModSys@@QEAA_NPEAU_iobuf@@@Z 00000001400042c0 f   umodsys_lib_basesys:umodsys.basesys.rmodule.obj
 0001:00003520       ?alloc_minfo@RModule@rsystem@base@UModSys@@QEAA_NAEBUSModuleInfo@34@@Z 0000000140004520 f   umodsys_lib_basesys:umodsys.basesys.rmodule.obj
 0001:000035f0       ?reg_obj@RModule@rsystem@base@UModSys@@QEAAPEAUModuleObjInfo@1234@PEAUIModObject@34@@Z 00000001400045f0 f   umodsys_lib_basesys:umodsys.basesys.rmodule.obj
 0001:00003790       ?mod_generate@RModule@rsystem@base@UModSys@@UEAA_NAEAU?$TRefObject@UIRefObject@core@UModSys@@@tl@4@PEBUSUniquePointerInfo@core@4@AEBUSParameters@84@@Z 0000000140004790 f   umodsys_lib_basesys:umodsys.basesys.rmodule.obj
 0001:00003900       ?reg@RModule@rsystem@base@UModSys@@UEAA_NPEAUIGenerator@34@_N@Z 0000000140004900 f   umodsys_lib_basesys:umodsys.basesys.rmodule.obj
 0001:00003970       ?reg@RModule@rsystem@base@UModSys@@UEAA_NPEAUIModObject@34@_N@Z 0000000140004970 f   umodsys_lib_basesys:umodsys.basesys.rmodule.obj
 0001:000039a0       ?close@RModule@rsystem@base@UModSys@@UEAA_NXZ 00000001400049a0 f   umodsys_lib_basesys:umodsys.basesys.rmodule.obj
 0001:00003a10       ?open@RModule@rsystem@base@UModSys@@UEAA_NXZ 0000000140004a10 f   umodsys_lib_basesys:umodsys.basesys.rmodule.obj
 0001:00003aa0       ??0RModule@rsystem@base@UModSys@@QEAA@PEAURModuleLibrary@123@PEAUIModuleReg@23@@Z 0000000140004aa0 f   umodsys_lib_basesys:umodsys.basesys.rmodule.obj
 0001:00003b60       ?lib_unload@RModuleLibrary@rsystem@base@UModSys@@UEAA_NXZ 0000000140004b60 f   umodsys_lib_basesys:umodsys.basesys.rmodulelib.obj
 0001:00003b80       ?lib_loaded@RModuleLibrary@rsystem@base@UModSys@@UEBA_NXZ 0000000140004b80 f   umodsys_lib_basesys:umodsys.basesys.rmodulelib.obj
 0001:00003b90       ?get_system@RModuleLibrary@rsystem@base@UModSys@@UEBAPEAUISystem@34@XZ 0000000140004b90 f   umodsys_lib_basesys:umodsys.basesys.rmodulelib.obj
 0001:00003ba0       ?get_privmem@RModuleLibrary@rsystem@base@UModSys@@UEBAPEAUIMemAlloc@core@4@XZ 0000000140004ba0 f   umodsys_lib_basesys:umodsys.basesys.rmodulelib.obj
 0001:00003bb0       ?s_find_dup@RModuleLibrary@rsystem@base@UModSys@@SA_KAEBU?$TDynarrayDynamic@U?$TRefObject@URModuleLibrary@rsystem@base@UModSys@@@tl@UModSys@@U?$TAllocator@USMemAlloc_Malloc@core@UModSys@@USCountCalcPower2@23@@23@@tl@4@PEAUIModuleLibraryReg@34@@Z 0000000140004bb0 f   umodsys_lib_basesys:umodsys.basesys.rmodulelib.obj
 0001:00003bf0       ?unlink@RModuleLibrary@rsystem@base@UModSys@@QEAA_NXZ 0000000140004bf0 f   umodsys_lib_basesys:umodsys.basesys.rmodulelib.obj
 0001:00003c60       ?lib_generate@RModuleLibrary@rsystem@base@UModSys@@UEAA_NAEAU?$TRefObject@UIRefObject@core@UModSys@@@tl@4@PEBUSUniquePointerInfo@core@4@AEBUSParameters@84@@Z 0000000140004c60 f   umodsys_lib_basesys:umodsys.basesys.rmodulelib.obj
 0001:00003cf0       ?lib_findobjname@RModuleLibrary@rsystem@base@UModSys@@UEAA_KPEBUSUniquePointerInfo@core@4@QEAPEBU564@_K@Z 0000000140004cf0 f   umodsys_lib_basesys:umodsys.basesys.rmodulelib.obj
 0001:00003d90       ?lib_free@RModuleLibrary@rsystem@base@UModSys@@UEAA_NXZ 0000000140004d90 f   umodsys_lib_basesys:umodsys.basesys.rmodulelib.obj
 0001:00003dc0       ?get_module@RModuleLibrary@rsystem@base@UModSys@@UEBAPEAUIModule@34@_K@Z 0000000140004dc0 f   umodsys_lib_basesys:umodsys.basesys.rmodulelib.obj
 0001:00003de0       ?get_module_count@RModuleLibrary@rsystem@base@UModSys@@UEBA_KXZ 0000000140004de0 f   umodsys_lib_basesys:umodsys.basesys.rmodulelib.obj
 0001:00003df0       ?get_sys_libname@RModuleLibrary@rsystem@base@UModSys@@UEBA?AU?$TString@U?$TSCoreConst@D@su@tl@UModSys@@U?$TComparerBinaryHash@D@234@@tl@4@XZ 0000000140004df0 f   umodsys_lib_basesys:umodsys.basesys.rmodulelib.obj
 0001:00003e10       ??0RModuleLibrary@rsystem@base@UModSys@@QEAA@PEAUISystem@23@PEAUPFD_Data@0123@PEAUIModuleLibraryReg@23@@Z 0000000140004e10 f   umodsys_lib_basesys:umodsys.basesys.rmodulelib.obj
 0001:00003eb0       ?save_db@RModuleLibrary@rsystem@base@UModSys@@QEAA_NPEAU_iobuf@@@Z 0000000140004eb0 f   umodsys_lib_basesys:umodsys.basesys.rmodulelib.obj
 0001:00003f50       ??1RModuleLibrary@rsystem@base@UModSys@@UEAA@XZ 0000000140004f50 f   umodsys_lib_basesys:umodsys.basesys.rmodulelib.obj
 0001:00004030       ?link@RModuleLibrary@rsystem@base@UModSys@@QEAA_NXZ 0000000140005030 f   umodsys_lib_basesys:umodsys.basesys.rmodulelib.obj
 0001:00004290       ?load0@RModuleLibrary@rsystem@base@UModSys@@QEAA_NXZ 0000000140005290 f   umodsys_lib_basesys:umodsys.basesys.rmodulelib.obj
 0001:00004330       ?cleanup@RModuleLibrary@rsystem@base@UModSys@@QEAA_KXZ 0000000140005330 f   umodsys_lib_basesys:umodsys.basesys.rmodulelib.obj
 0001:00004380       ?lib_load@RModuleLibrary@rsystem@base@UModSys@@UEAA_NXZ 0000000140005380 f   umodsys_lib_basesys:umodsys.basesys.rmodulelib.obj
 0001:000043c0       ?scan@RModuleLibrary@rsystem@base@UModSys@@QEAA_NXZ 00000001400053c0 f   umodsys_lib_basesys:umodsys.basesys.rmodulelib.obj
 0001:00004430       ?s_add@RModuleLibrary@rsystem@base@UModSys@@SA_NPEAUISystem@34@AEAU?$TDynarrayDynamic@U?$TRefObject@URModuleLibrary@rsystem@base@UModSys@@@tl@UModSys@@U?$TAllocator@USMemAlloc_Malloc@core@UModSys@@USCountCalcPower2@23@@23@@tl@4@PEBD@Z 0000000140005430 f   umodsys_lib_basesys:umodsys.basesys.rmodulelib.obj
 0001:000045f0       ?pfd_init@RModuleLibrary@rsystem@base@UModSys@@SA_NPEAUPFD_Data@1234@@Z 00000001400055f0 f   umodsys_lib_basesys:umodsys.basesys.rmodule.win32.obj
 0001:00004610       ?pfd_init@RModuleLibrary@rsystem@base@UModSys@@SA_NPEAUPFD_Data@1234@0@Z 0000000140005610 f   umodsys_lib_basesys:umodsys.basesys.rmodule.win32.obj
 0001:00004640       ?pfd_unload@RModuleLibrary@rsystem@base@UModSys@@SA_NPEAUPFD_Data@1234@@Z 0000000140005640 f   umodsys_lib_basesys:umodsys.basesys.rmodule.win32.obj
 0001:000046a0       ?pfd_load@RModuleLibrary@rsystem@base@UModSys@@SAPEAUIModuleLibraryReg@34@PEAUPFD_Data@1234@AEBU?$TString@U?$TSCoreConst@D@su@tl@UModSys@@U?$TComparerBinaryHash@D@234@@tl@4@@Z 00000001400056a0 f   umodsys_lib_basesys:umodsys.basesys.rmodule.win32.obj
 0001:00004a80       ?pfd_scan@RModuleLibrary@rsystem@base@UModSys@@SA_KPEAUISystem@34@AEAU?$TDynarrayDynamic@U?$TRefObject@URModuleLibrary@rsystem@base@UModSys@@@tl@UModSys@@U?$TAllocator@USMemAlloc_Malloc@core@UModSys@@USCountCalcPower2@23@@23@@tl@4@AEBU?$TString@U?$TSCoreConst@D@su@tl@UModSys@@U?$TComparerBinaryHash@D@234@@74@@Z 0000000140005a80 f   umodsys_lib_basesys:umodsys.basesys.rmodule.win32.obj
 0001:00004b00       ?estimate_size@RParameters@rsystem@base@UModSys@@IEAAHAEAUElem@1234@HPEBDHH@Z 0000000140005b00 f   umodsys_lib_basesys:umodsys.basesys.rparameters.obj
 0001:00004b90       ?p_init_s@RParameters@rsystem@base@UModSys@@UEAAXPEAUSParametersData@core@4@PEAXH@Z 0000000140005b90 f   umodsys_lib_basesys:umodsys.basesys.rparameters.obj
 0001:00004be0       ??1RParameters@rsystem@base@UModSys@@UEAA@XZ 0000000140005be0 f   umodsys_lib_basesys:umodsys.basesys.rparameters.obj
 0001:00004c00       ??0RParameters@rsystem@base@UModSys@@QEAA@PEAUISystem@23@@Z 0000000140005c00 f   umodsys_lib_basesys:umodsys.basesys.rparameters.obj
 0001:00004c40       ?next@RParameters@rsystem@base@UModSys@@UEAA_NPEBUSParametersData@core@4@AEAU?$TString@U?$TSCoreConst@D@su@tl@UModSys@@U?$TComparerBinaryHash@D@234@@tl@4@@Z 0000000140005c40 f   umodsys_lib_basesys:umodsys.basesys.rparameters.obj
 0001:00004d80       ?next@RParameters@rsystem@base@UModSys@@UEAA_NPEBUSParametersData@core@4@AEAPEBD@Z 0000000140005d80 f   umodsys_lib_basesys:umodsys.basesys.rparameters.obj
 0001:00004ea0       ?p_init@RParameters@rsystem@base@UModSys@@UEAAXPEAUSParametersData@core@4@H@Z 0000000140005ea0 f   umodsys_lib_basesys:umodsys.basesys.rparameters.obj
 0001:00004f60       ?alloc_elems@RParameters@rsystem@base@UModSys@@IEAAXPEAXH@Z 0000000140005f60 f   umodsys_lib_basesys:umodsys.basesys.rparameters.obj
 0001:00004ff0       ?free_elems@RParameters@rsystem@base@UModSys@@IEAAXPEAXH@Z 0000000140005ff0 f   umodsys_lib_basesys:umodsys.basesys.rparameters.obj
 0001:000050a0       ?get_last@RParameters@rsystem@base@UModSys@@IEAAPEAUElem@1234@PEAXHHH@Z 00000001400060a0 f   umodsys_lib_basesys:umodsys.basesys.rparameters.obj
 0001:00005110       ?find_elem@RParameters@rsystem@base@UModSys@@IEAAPEBUElem@1234@PEBXHHHPEBD@Z 0000000140006110 f   umodsys_lib_basesys:umodsys.basesys.rparameters.obj
 0001:000051e0       ?get@RParameters@rsystem@base@UModSys@@UEAA_NPEBUSParametersData@core@4@PEBDAEAPEAUIRefObject@64@@Z 00000001400061e0 f   umodsys_lib_basesys:umodsys.basesys.rparameters.obj
 0001:00005280       ?get@RParameters@rsystem@base@UModSys@@UEAA_NPEBUSParametersData@core@4@PEBDAEAN@Z 0000000140006280 f   umodsys_lib_basesys:umodsys.basesys.rparameters.obj
 0001:00005320       ?get@RParameters@rsystem@base@UModSys@@UEAA_NPEBUSParametersData@core@4@PEBDAEAH@Z 0000000140006320 f   umodsys_lib_basesys:umodsys.basesys.rparameters.obj
 0001:000053c0       ?get@RParameters@rsystem@base@UModSys@@UEAA_NPEBUSParametersData@core@4@PEBDAEAPEBD@Z 00000001400063c0 f   umodsys_lib_basesys:umodsys.basesys.rparameters.obj
 0001:00005460       ?p_init_s@RParameters@rsystem@base@UModSys@@UEAAXPEAUSParametersData@core@4@AEBU564@PEAXH@Z 0000000140006460 f   umodsys_lib_basesys:umodsys.basesys.rparameters.obj
 0001:000054f0       ?p_copy@RParameters@rsystem@base@UModSys@@UEAAXPEAUSParametersData@core@4@AEBU564@@Z 00000001400064f0 f   umodsys_lib_basesys:umodsys.basesys.rparameters.obj
 0001:00005670       ?p_init@RParameters@rsystem@base@UModSys@@UEAAXPEAUSParametersData@core@4@AEBU564@@Z 0000000140006670 f   umodsys_lib_basesys:umodsys.basesys.rparameters.obj
 0001:00005780       ?p_deinit@RParameters@rsystem@base@UModSys@@UEAAXPEAUSParametersData@core@4@@Z 0000000140006780 f   umodsys_lib_basesys:umodsys.basesys.rparameters.obj
 0001:00005800       ?add_last@RParameters@rsystem@base@UModSys@@IEAA_NPEAUSParametersData@core@4@PEBDPEBXH@Z 0000000140006800 f   umodsys_lib_basesys:umodsys.basesys.rparameters.obj
 0001:00005a80       ?add@RParameters@rsystem@base@UModSys@@UEAA_NPEAUSParametersData@core@4@PEBDPEAUIRefObject@64@@Z 0000000140006a80 f   umodsys_lib_basesys:umodsys.basesys.rparameters.obj
 0001:00005ab0       ?add@RParameters@rsystem@base@UModSys@@UEAA_NPEAUSParametersData@core@4@PEBDAEBN@Z 0000000140006ab0 f   umodsys_lib_basesys:umodsys.basesys.rparameters.obj
 0001:00005ad0       ?add@RParameters@rsystem@base@UModSys@@UEAA_NPEAUSParametersData@core@4@PEBDH@Z 0000000140006ad0 f   umodsys_lib_basesys:umodsys.basesys.rparameters.obj
 0001:00005b00       ?add@RParameters@rsystem@base@UModSys@@UEAA_NPEAUSParametersData@core@4@PEBD1@Z 0000000140006b00 f   umodsys_lib_basesys:umodsys.basesys.rparameters.obj
 0001:00005b20       ?get_sca@RSystem@rsystem@base@UModSys@@UEAAPEAUISourceContextAdapter@core@4@XZ 0000000140006b20 f   umodsys_lib_basesys:umodsys.basesys.rsystem.obj
 0001:00005b40       ?get_upr@RSystem@rsystem@base@UModSys@@UEAAPEAUIUniquePointerResolver@core@4@XZ 0000000140006b40 f   umodsys_lib_basesys:umodsys.basesys.rsystem.obj
 0001:00005b60       ?get_modloader@RSystem@rsystem@base@UModSys@@UEAAPEAUIModuleLoader@34@XZ 0000000140006b60 f   umodsys_lib_basesys:umodsys.basesys.rsystem.obj
 0001:00005b70       ?get_syslib@RSystem@rsystem@base@UModSys@@UEAAPEAUIModuleLibrary@34@XZ 0000000140006b70 f   umodsys_lib_basesys:umodsys.basesys.rsystem.obj
 0001:00005b80       ?get_sharemem@RSystem@rsystem@base@UModSys@@UEAAPEAUIMemAlloc@core@4@XZ 0000000140006b80 f   umodsys_lib_basesys:umodsys.basesys.rsystem.obj
 0001:00005b90       ?get_sysmem@RSystem@rsystem@base@UModSys@@UEAAPEAUIMemAlloc@core@4@XZ 0000000140006b90 f   umodsys_lib_basesys:umodsys.basesys.rsystem.obj
 0001:00005ba0       ?get_console@RSystem@rsystem@base@UModSys@@UEAAPEAUIConsole@34@XZ 0000000140006ba0 f   umodsys_lib_basesys:umodsys.basesys.rsystem.obj
 0001:00005bb0       ?get_params@RSystem@rsystem@base@UModSys@@UEAAPEAUIParameters@core@4@XZ 0000000140006bb0 f   umodsys_lib_basesys:umodsys.basesys.rsystem.obj
 0001:00005bc0       ?upi_remove@RSystem@rsystem@base@UModSys@@UEAAHPEBUSUniquePointerInfo@core@4@@Z 0000000140006bc0 f   umodsys_lib_basesys:umodsys.basesys.rsystem.obj
 0001:00005bd0       ?persist_ctx@RSystem@rsystem@base@UModSys@@UEAAPEBUSSourceContext@core@4@PEBU564@@Z 0000000140006bd0 f   umodsys_lib_basesys:umodsys.basesys.rsystem.obj
 0001:00005cd0       ?upi_add@RSystem@rsystem@base@UModSys@@UEAAPEBUSUniquePointerInfo@core@4@PEBU564@@Z 0000000140006cd0 f   umodsys_lib_basesys:umodsys.basesys.rsystem.obj
 0001:00005dd0       ?moduledb_load@RModuleLoader@rsystem@base@UModSys@@UEAA_NAEBU?$TString@U?$TSCoreConst@D@su@tl@UModSys@@U?$TComparerBinaryHash@D@234@@tl@4@@Z 0000000140006dd0 f   umodsys_lib_basesys:umodsys.basesys.rmoduleloader.obj
 0001:00005de0       ?moduledb_module_get@RModuleLoader@rsystem@base@UModSys@@UEBAPEAUIModule@34@_K@Z 0000000140006de0 f   umodsys_lib_basesys:umodsys.basesys.rmoduleloader.obj
 0001:00005e30       ?moduledb_module_count@RModuleLoader@rsystem@base@UModSys@@UEAA_KXZ 0000000140006e30 f   umodsys_lib_basesys:umodsys.basesys.rmoduleloader.obj
 0001:00005e60       ?moduledb_lib_drop@RModuleLoader@rsystem@base@UModSys@@UEAA_NPEAUIModuleLibrary@34@@Z 0000000140006e60 f   umodsys_lib_basesys:umodsys.basesys.rmoduleloader.obj
 0001:00005e70       ?moduledb_lib_get@RModuleLoader@rsystem@base@UModSys@@UEBAPEAUIModuleLibrary@34@_K@Z 0000000140006e70 f   umodsys_lib_basesys:umodsys.basesys.rmoduleloader.obj
 0001:00005e90       ?moduledb_lib_count@RModuleLoader@rsystem@base@UModSys@@UEAA_KXZ 0000000140006e90 f   umodsys_lib_basesys:umodsys.basesys.rmoduleloader.obj
 0001:00005ea0       ?moduledb_generate@RModuleLoader@rsystem@base@UModSys@@UEAA_NAEAU?$TRefObject@UIRefObject@core@UModSys@@@tl@4@PEBUSUniquePointerInfo@core@4@AEBUSParameters@84@@Z 0000000140006ea0 f   umodsys_lib_basesys:umodsys.basesys.rmoduleloader.obj
 0001:00005f30       ?moduledb_findobjname@RModuleLoader@rsystem@base@UModSys@@UEAA_KPEBUSUniquePointerInfo@core@4@QEAPEBU564@_K@Z 0000000140006f30 f   umodsys_lib_basesys:umodsys.basesys.rmoduleloader.obj
 0001:00005fd0       ?moduledb_clear@RModuleLoader@rsystem@base@UModSys@@UEAAXXZ 0000000140006fd0 f   umodsys_lib_basesys:umodsys.basesys.rmoduleloader.obj
 0001:00006070       ?moduledb_find@RModuleLoader@rsystem@base@UModSys@@UEBAPEAUIModule@34@AEBU?$TString@U?$TSCoreConst@D@su@tl@UModSys@@U?$TComparerBinaryHash@D@234@@tl@4@AEBUSVersion@core@4@@Z 0000000140007070 f   umodsys_lib_basesys:umodsys.basesys.rmoduleloader.obj
 0001:00006170       ??1RModuleLoader@rsystem@base@UModSys@@UEAA@XZ 0000000140007170 f   umodsys_lib_basesys:umodsys.basesys.rmoduleloader.obj
 0001:00006200       ??0RModuleLoader@rsystem@base@UModSys@@QEAA@PEAUISystem@23@@Z 0000000140007200 f   umodsys_lib_basesys:umodsys.basesys.rmoduleloader.obj
 0001:00006260       ?cleanup@RModuleLoader@rsystem@base@UModSys@@QEAAXXZ 0000000140007260 f   umodsys_lib_basesys:umodsys.basesys.rmoduleloader.obj
 0001:000062b0       ?get_string@RModuleLoader@rsystem@base@UModSys@@QEAAAEBU?$TString@U?$TSCoreConst@D@su@tl@UModSys@@U?$TComparerBinaryHash@D@234@@tl@4@AEBU564@@Z 00000001400072b0 f   umodsys_lib_basesys:umodsys.basesys.rmoduleloader.obj
 0001:00006300       ?moduledb_get_string@RModuleLoader@rsystem@base@UModSys@@UEAAAEBU?$TString@U?$TSCoreConst@D@su@tl@UModSys@@U?$TComparerBinaryHash@D@234@@tl@4@AEBU564@@Z 0000000140007300 f   umodsys_lib_basesys:umodsys.basesys.rmoduleloader.obj
 0001:00006310       ?moduledb_save@RModuleLoader@rsystem@base@UModSys@@UEAA_NAEBU?$TString@U?$TSCoreConst@D@su@tl@UModSys@@U?$TComparerBinaryHash@D@234@@tl@4@@Z 0000000140007310 f   umodsys_lib_basesys:umodsys.basesys.rmoduleloader.obj
 0001:000063c0       ?moduledb_cleanup@RModuleLoader@rsystem@base@UModSys@@UEAA_KXZ 00000001400073c0 f   umodsys_lib_basesys:umodsys.basesys.rmoduleloader.obj
 0001:00006540       ?moduledb_scan@RModuleLoader@rsystem@base@UModSys@@UEAA_KAEBU?$TString@U?$TSCoreConst@D@su@tl@UModSys@@U?$TComparerBinaryHash@D@234@@tl@4@_N@Z 0000000140007540 f   umodsys_lib_basesys:umodsys.basesys.rmoduleloader.obj
 0001:000065c0       ?set_console@RSystem@rsystem@base@UModSys@@QEAAXPEAUIConsole@34@@Z 00000001400075c0 f   umodsys_lib_basesys:umodsys.basesys.rsystem_main.obj
 0001:00006610       ?err_put@rsystem@base@UModSys@@YAXW4eRSystemDebugLevels@123@PEBDZZ 0000000140007610 f   umodsys_lib_basesys:umodsys.basesys.rsystem_main.obj
 0001:00006660       ?dbg_put@rsystem@base@UModSys@@YAXW4eRSystemDebugLevels@123@PEBDZZ 0000000140007660 f   umodsys_lib_basesys:umodsys.basesys.rsystem_main.obj
 0001:000066b0       ?dump_upis@RSystem@rsystem@base@UModSys@@QEAAXXZ 00000001400076b0 f   umodsys_lib_basesys:umodsys.basesys.rsystem_main.obj
 0001:00006770       ?find_shells@RSystem@rsystem@base@UModSys@@QEAA_KQEAPEBUSUniquePointerInfo@core@4@_K@Z 0000000140007770 f   umodsys_lib_basesys:umodsys.basesys.rsystem_main.obj
 0001:000067a0       ?exec_main@RSystem@rsystem@base@UModSys@@QEAA_NXZ 00000001400077a0 f   umodsys_lib_basesys:umodsys.basesys.rsystem_main.obj
 0001:000067c0       ?exec_args@RSystem@rsystem@base@UModSys@@QEAA_NHPEAPEAD@Z 00000001400077c0 f   umodsys_lib_basesys:umodsys.basesys.rsystem_main.obj
 0001:000067f0       ?init@RSystem@rsystem@base@UModSys@@QEAA_NXZ 00000001400077f0 f   umodsys_lib_basesys:umodsys.basesys.rsystem_main.obj
 0001:00006890       ??1RSystem@rsystem@base@UModSys@@UEAA@XZ 0000000140007890 f   umodsys_lib_basesys:umodsys.basesys.rsystem_main.obj
 0001:00006990       ??0RSystem@rsystem@base@UModSys@@QEAA@XZ 0000000140007990 f   umodsys_lib_basesys:umodsys.basesys.rsystem_main.obj
 0001:00006ab0       ?deinit@RSystem@rsystem@base@UModSys@@QEAA_NXZ 0000000140007ab0 f   umodsys_lib_basesys:umodsys.basesys.rsystem_main.obj
 0001:00006b30       ?get_s@RConsole_std@rsystem@base@UModSys@@UEAA_NPEAD_KPEBDZZ 0000000140007b30 f   umodsys_lib_basesys:umodsys.basesys.rconsole_std.obj
 0001:00006b40       ?vget_s@RConsole_std@rsystem@base@UModSys@@UEAA_NPEAD_KPEBD0@Z 0000000140007b40 f   umodsys_lib_basesys:umodsys.basesys.rconsole_std.obj
 0001:00006b50       ?get_c@RConsole_std@rsystem@base@UModSys@@UEAA_NPEAHPEBDZZ 0000000140007b50 f   umodsys_lib_basesys:umodsys.basesys.rconsole_std.obj
 0001:00006b60       ?vget_c@RConsole_std@rsystem@base@UModSys@@UEAA_NPEAHPEBDPEAD@Z 0000000140007b60 f   umodsys_lib_basesys:umodsys.basesys.rconsole_std.obj
 0001:00006b70       ?put@RConsole_std@rsystem@base@UModSys@@UEAA_NHPEBDZZ 0000000140007b70 f   umodsys_lib_basesys:umodsys.basesys.rconsole_std.obj
 0001:00006be0       ?vput@RConsole_std@rsystem@base@UModSys@@UEAA_NHPEBDPEAD@Z 0000000140007be0 f   umodsys_lib_basesys:umodsys.basesys.rconsole_std.obj
 0001:00006c50       ?ref_links@RConsole_std@rsystem@base@UModSys@@UEBAHXZ 0000000140007c50 f   umodsys_lib_basesys:umodsys.basesys.rconsole_std.obj
 0001:00006c60       ?ref_remove@RConsole_std@rsystem@base@UModSys@@UEBAXXZ 0000000140007c60 f   umodsys_lib_basesys:umodsys.basesys.rconsole_std.obj
 0001:00006c70       ?ref_add@RConsole_std@rsystem@base@UModSys@@UEBAXXZ 0000000140007c70 f   umodsys_lib_basesys:umodsys.basesys.rconsole_std.obj
 0001:00006c80       ??0RConsole_std@rsystem@base@UModSys@@QEAA@XZ 0000000140007c80 f   umodsys_lib_basesys:umodsys.basesys.rconsole_std.obj
 0001:00006cb0       ?reflect@RConsole_std@rsystem@base@UModSys@@QEAA_NPEBD@Z 0000000140007cb0 f   umodsys_lib_basesys:umodsys.basesys.rconsole_std.obj
 0001:00006d30       ??1RConsole_std@rsystem@base@UModSys@@UEAA@XZ 0000000140007d30 f   umodsys_lib_basesys:umodsys.basesys.rconsole_std.obj
 0001:00006d60       ?c_fopen@syshlp@core@UModSys@@YAPEAU_iobuf@@PEBD0@Z 0000000140007d60 f   umodsys_lib_core:umodsys.core.syshlp_files.win32.obj
 0001:00006e20       ??1IModuleLibrary@base@UModSys@@UEAA@XZ 0000000140007e20 f   umodsys_lib_base:umodsys.base.module.obj
 0001:00006e40       ??1IModule@base@UModSys@@UEAA@XZ 0000000140007e40 f   umodsys_lib_base:umodsys.base.module.obj
 0001:00006e50       ??1IConsole@base@UModSys@@UEAA@XZ 0000000140007e50 f   umodsys_lib_base:umodsys.base.console.obj
 0001:00006e60       ?exec_test_shells@RSystem@rsystem@base@UModSys@@QEAA_NXZ 0000000140007e60 f   umodsys_lib_basesys:umodsys.basesys.rsystem_tests.obj
 0001:00007040       ?exec_tests@RSystem@rsystem@base@UModSys@@QEAA_NXZ 0000000140008040 f   umodsys_lib_basesys:umodsys.basesys.rsystem_tests.obj
 0001:00007070       main                       0000000140008070 f   umodsys.c_main.obj
 0001:00007212       memcpy                     0000000140008212 f   MSVCRT:MSVCR90.dll
 0001:00007220       __CxxFrameHandler3         0000000140008220 f   MSVCRT:MSVCR90.dll
 0001:00007226       _CxxThrowException         0000000140008226 f   MSVCRT:MSVCR90.dll
 0001:00007240       __chkstk                   0000000140008240 f   MSVCRT:chkstk.obj
 0001:00007240       _alloca_probe              0000000140008240     MSVCRT:chkstk.obj
 0002:00000000       __imp_GetCurrentProcessId  0000000140009000     kernel32:KERNEL32.dll
 0002:00000008       __imp_GetCurrentThreadId   0000000140009008     kernel32:KERNEL32.dll
 0002:00000010       __imp_GetTickCount         0000000140009010     kernel32:KERNEL32.dll
 0002:00000018       __imp_QueryPerformanceCounter 0000000140009018     kernel32:KERNEL32.dll
 0002:00000020       __imp_SetUnhandledExceptionFilter 0000000140009020     kernel32:KERNEL32.dll
 0002:00000028       __imp_Sleep                0000000140009028     kernel32:KERNEL32.dll
 0002:00000030       __imp_MultiByteToWideChar  0000000140009030     kernel32:KERNEL32.dll
 0002:00000038       __imp_WideCharToMultiByte  0000000140009038     kernel32:KERNEL32.dll
 0002:00000040       __imp_FindNextFileW        0000000140009040     kernel32:KERNEL32.dll
 0002:00000048       __imp_FindClose            0000000140009048     kernel32:KERNEL32.dll
 0002:00000050       __imp_GetProcAddress       0000000140009050     kernel32:KERNEL32.dll
 0002:00000058       __imp_LoadLibraryExW       0000000140009058     kernel32:KERNEL32.dll
 0002:00000060       __imp_FreeLibrary          0000000140009060     kernel32:KERNEL32.dll
 0002:00000068       __imp_SetErrorMode         0000000140009068     kernel32:KERNEL32.dll
 0002:00000070       __imp_FindFirstFileW       0000000140009070     kernel32:KERNEL32.dll
 0002:00000078       __imp_GetFullPathNameW     0000000140009078     kernel32:KERNEL32.dll
 0002:00000080       __imp_GetSystemTimeAsFileTime 0000000140009080     kernel32:KERNEL32.dll
 0002:00000088       \177KERNEL32_NULL_THUNK_DATA 0000000140009088     kernel32:KERNEL32.dll
 0002:00000090       __imp__onexit              0000000140009090     MSVCRT:MSVCR90.dll
 0002:00000098       __imp__decode_pointer      0000000140009098     MSVCRT:MSVCR90.dll
 0002:000000a0       __imp__amsg_exit           00000001400090a0     MSVCRT:MSVCR90.dll
 0002:000000a8       __imp___getmainargs        00000001400090a8     MSVCRT:MSVCR90.dll
 0002:000000b0       __imp__XcptFilter          00000001400090b0     MSVCRT:MSVCR90.dll
 0002:000000b8       __imp__exit                00000001400090b8     MSVCRT:MSVCR90.dll
 0002:000000c0       __imp__cexit               00000001400090c0     MSVCRT:MSVCR90.dll
 0002:000000c8       __imp_exit                 00000001400090c8     MSVCRT:MSVCR90.dll
 0002:000000d0       __imp___initenv            00000001400090d0     MSVCRT:MSVCR90.dll
 0002:000000d8       __imp__lock                00000001400090d8     MSVCRT:MSVCR90.dll
 0002:000000e0       __imp__initterm_e          00000001400090e0     MSVCRT:MSVCR90.dll
 0002:000000e8       __imp__configthreadlocale  00000001400090e8     MSVCRT:MSVCR90.dll
 0002:000000f0       __imp___setusermatherr     00000001400090f0     MSVCRT:MSVCR90.dll
 0002:000000f8       __imp__commode             00000001400090f8     MSVCRT:MSVCR90.dll
 0002:00000100       __imp__fmode               0000000140009100     MSVCRT:MSVCR90.dll
 0002:00000108       __imp___set_app_type       0000000140009108     MSVCRT:MSVCR90.dll
 0002:00000110       __imp_?terminate@@YAXXZ    0000000140009110     MSVCRT:MSVCR90.dll
 0002:00000118       __imp_?_type_info_dtor_internal_method@type_info@@QEAAXXZ 0000000140009118     MSVCRT:MSVCR90.dll
 0002:00000120       __imp__encode_pointer      0000000140009120     MSVCRT:MSVCR90.dll
 0002:00000128       __imp___dllonexit          0000000140009128     MSVCRT:MSVCR90.dll
 0002:00000130       __imp__unlock              0000000140009130     MSVCRT:MSVCR90.dll
 0002:00000138       __imp___C_specific_handler 0000000140009138     MSVCRT:MSVCR90.dll
 0002:00000140       __imp__wfopen              0000000140009140     MSVCRT:MSVCR90.dll
 0002:00000148       __imp_realloc              0000000140009148     MSVCRT:MSVCR90.dll
 0002:00000150       __imp_fprintf              0000000140009150     MSVCRT:MSVCR90.dll
 0002:00000158       __imp_strncpy              0000000140009158     MSVCRT:MSVCR90.dll
 0002:00000160       __imp_strncmp              0000000140009160     MSVCRT:MSVCR90.dll
 0002:00000168       __imp_??3@YAXPEAX@Z        0000000140009168     MSVCRT:MSVCR90.dll
 0002:00000170       __imp__snprintf            0000000140009170     MSVCRT:MSVCR90.dll
 0002:00000178       __imp_malloc               0000000140009178     MSVCRT:MSVCR90.dll
 0002:00000180       __imp_free                 0000000140009180     MSVCRT:MSVCR90.dll
 0002:00000188       __imp_fclose               0000000140009188     MSVCRT:MSVCR90.dll
 0002:00000190       __imp_vfprintf             0000000140009190     MSVCRT:MSVCR90.dll
 0002:00000198       __imp__purecall            0000000140009198     MSVCRT:MSVCR90.dll
 0002:000001a0       __imp__initterm            00000001400091a0     MSVCRT:MSVCR90.dll
 0002:000001a8       __imp___iob_func           00000001400091a8     MSVCRT:MSVCR90.dll
 0002:000001b0       __imp_memcpy               00000001400091b0     MSVCRT:MSVCR90.dll
 0002:000001b8       __imp___CxxFrameHandler3   00000001400091b8     MSVCRT:MSVCR90.dll
 0002:000001c0       __imp__CxxThrowException   00000001400091c0     MSVCRT:MSVCR90.dll
 0002:000001c8       \177MSVCR90_NULL_THUNK_DATA 00000001400091c8     MSVCRT:MSVCR90.dll
 0002:000001d0       __xc_a                     00000001400091d0     MSVCRT:cinitexe.obj
 0002:00000280       __xc_z                     0000000140009280     MSVCRT:cinitexe.obj
 0002:00000288       __xi_a                     0000000140009288     MSVCRT:cinitexe.obj
 0002:000002a0       __xi_z                     00000001400092a0     MSVCRT:cinitexe.obj
 0002:000002b8       ??_7type_info@@6B@         00000001400092b8     MSVCRT:ti_inst.obj
 0002:000002c0       ??_C@_0P@GHFPNOJB@bad?5allocation?$AA@ 00000001400092c0     umodsys.c_main.obj
 0002:000002d0       ??_C@_0BF@OCNNAADO@UModSys?3?3core?3?3IRoot?$AA@ 00000001400092d0     umodsys.c_main.obj
 0002:000002e8       ??_C@_0BK@EMIJFOPA@UModSys?3?3core?3?3IRefObject?$AA@ 00000001400092e8     umodsys.c_main.obj
 0002:00000308       ??_C@_0BL@IOMMHELF@UModSys?3?3core?3?3IParameters?$AA@ 0000000140009308     umodsys.c_main.obj
 0002:00000328       ??_C@_0BI@IKAOEFAP@UModSys?3?3base?3?3IConsole?$AA@ 0000000140009328     umodsys.c_main.obj
 0002:00000340       ??_C@_0BH@LKDEEPPM@UModSys?3?3base?3?3IModule?$AA@ 0000000140009340     umodsys.c_main.obj
 0002:00000358       ??_C@_0BO@PHJOHFCB@UModSys?3?3base?3?3IModuleLibrary?$AA@ 0000000140009358     umodsys.c_main.obj
 0002:00000378       ??_C@_0BH@PFCONEJJ@UModSys?3?3base?3?3ISystem?$AA@ 0000000140009378     umodsys.c_main.obj
 0002:00000390       ??_C@_0BK@FDPIOPHG@UModSys?3?3base?3?3IModObject?$AA@ 0000000140009390     umodsys.c_main.obj
 0002:000003b0       ??_C@_0BK@OIBKNCKJ@UModSys?3?3base?3?3IGenerator?$AA@ 00000001400093b0     umodsys.c_main.obj
 0002:000003d0       ??_C@_0BG@PJBGCMEC@UModSys?3?3base?3?3IShell?$AA@ 00000001400093d0     umodsys.c_main.obj
 0002:000003e8       ??_C@_0CA@MDFMKLLN@UModSys?3?3base?3?3rsystem?3?3RModule?$AA@ 00000001400093e8     umodsys.c_main.obj
 0002:00000408       ??_C@_0CH@CHECIBOC@UModSys?3?3base?3?3rsystem?3?3RModuleL@ 0000000140009408     umodsys.c_main.obj
 0002:00000430       ??_C@_0CE@IHGMMEEA@UModSys?3?3base?3?3rsystem?3?3RParamet@ 0000000140009430     umodsys.c_main.obj
 0002:00000458       ??_C@_0CA@IMEGDANI@UModSys?3?3base?3?3rsystem?3?3RSystem?$AA@ 0000000140009458     umodsys.c_main.obj
 0002:00000478       ??_C@_0CF@KIMLNODL@UModSys?3?3base?3?3rsystem?3?3RConsole@ 0000000140009478     umodsys.c_main.obj
 0002:000004a0       ??_C@_0M@DCEPEPFJ@umodsys?4log?$AA@ 00000001400094a0     umodsys.c_main.obj
 0002:000004ac       ??_C@_00CNPNBAHC@?$AA@     00000001400094ac     umodsys.c_main.obj
 0002:000004b0       ??_C@_01NBENCBCI@?$CK?$AA@ 00000001400094b0     umodsys.c_main.obj
 0002:000004b8       ??_C@_0BC@JABDEAFI@moduledb?4conf?9hdb?$AA@ 00000001400094b8     umodsys.c_main.obj
 0002:000004d0       ??_C@_08FCBDOIAH@typeinfo?$AA@ 00000001400094d0     umodsys.c_main.obj
 0002:000004dc       ??_C@_02BKFDOEMK@wt?$AA@   00000001400094dc     umodsys_lib_basesys:umodsys.basesys.rconsole_std.obj
 0002:000004e8       ??_7IRoot@core@UModSys@@6B@ 00000001400094e8     umodsys_lib_basesys:umodsys.basesys.rconsole_std.obj
 0002:00000528       ??_7IRefObject@core@UModSys@@6B@ 0000000140009528     umodsys_lib_basesys:umodsys.basesys.rconsole_std.obj
 0002:00000588       ??_7IConsole@base@UModSys@@6B@ 0000000140009588     umodsys_lib_basesys:umodsys.basesys.rconsole_std.obj
 0002:00000618       ??_7RConsole_std@rsystem@base@UModSys@@6B@ 0000000140009618     umodsys_lib_basesys:umodsys.basesys.rconsole_std.obj
 0002:00000698       ??_C@_04HIBGFPH@NULL?$AA@  0000000140009698     umodsys_lib_basesys:umodsys.basesys.rsystem_main.obj
 0002:000006a0       ??_C@_0L@FPKIMPHA@?$CD?$CF08x?5?$CC?$CFs?$CC?$AA@ 00000001400096a0     umodsys_lib_basesys:umodsys.basesys.rsystem_main.obj
 0002:000006b0       ??_C@_0BC@HBJCAHHB@EFatal?5?$CD?$CF08x?5?$CC?$CFs?$CC?$AA@ 00000001400096b0     umodsys_lib_basesys:umodsys.basesys.rsystem_main.obj
 0002:000006c8       ??_C@_0BE@IIJFBNID@EWarning?5?$CD?$CF08x?5?$CC?$CFs?$CC?$AA@ 00000001400096c8     umodsys_lib_basesys:umodsys.basesys.rsystem_main.obj
 0002:000006e0       ??_C@_0BB@KFMJENMO@RSystem?3?3init?$CI?$CJ?6?$AA@ 00000001400096e0     umodsys_lib_basesys:umodsys.basesys.rsystem_main.obj
 0002:000006f8       ??_C@_0BI@FKDCNCM@RSystem?3?3exec_args?$CI?$CFd?$CJ?6?$AA@ 00000001400096f8     umodsys_lib_basesys:umodsys.basesys.rsystem_main.obj
 0002:00000710       ??_C@_0BG@NFAKDFBG@RSystem?3?3exec_main?$CI?$CJ?6?$AA@ 0000000140009710     umodsys_lib_basesys:umodsys.basesys.rsystem_main.obj
 0002:00000728       ??_C@_0BD@CKNOJECK@RSystem?3?3deinit?$CI?$CJ?6?$AA@ 0000000140009728     umodsys_lib_basesys:umodsys.basesys.rsystem_main.obj
 0002:00000740       ??_C@_0CF@JPBAHPOH@RSystem?3?3dump_upis?$CI?$CJ?5?$HLS?3?$CFd?5C?3?$CFd?$HN@ 0000000140009740     umodsys_lib_basesys:umodsys.basesys.rsystem_main.obj
 0002:00000768       ??_C@_0P@IOHPGEIC@?5?5?$CFu?5upi?5NULL?6?$AA@ 0000000140009768     umodsys_lib_basesys:umodsys.basesys.rsystem_main.obj
 0002:00000778       ??_C@_0BI@BNCFOLP@?5?5?$CFu?5?$CFp?5upi?$HL?$CFs?5?$CFs?$CI?$CFd?$CJ?$HN?6?$AA@ 0000000140009778     umodsys_lib_basesys:umodsys.basesys.rsystem_main.obj
 0002:00000790       ??_C@_0BJ@LINIAOAF@RSystem?3?3dump_upis?$CI?$CJ?5?1?5?6?$AA@ 0000000140009790     umodsys_lib_basesys:umodsys.basesys.rsystem_main.obj
 0002:000007b8       ??_7EExceptionBase@core@UModSys@@6B@ 00000001400097b8     umodsys_lib_basesys:umodsys.basesys.rsystem_main.obj
 0002:000007d0       ??_7EFatal@core@UModSys@@6B@ 00000001400097d0     umodsys_lib_basesys:umodsys.basesys.rsystem_main.obj
 0002:000007e8       ??_7EWarning@core@UModSys@@6B@ 00000001400097e8     umodsys_lib_basesys:umodsys.basesys.rsystem_main.obj
 0002:00000808       ??_7ISystem@base@UModSys@@6B@ 0000000140009808     umodsys_lib_basesys:umodsys.basesys.rsystem_main.obj
 0002:00000888       ??_7?$TRMemAlloc_CC@U?$TMemAllocHeader@USMagic@mem_headers@rsystem@base@UModSys@@U?$TPool@X@2345@USDebug@2345@UVoid@core@5@@rsystem@base@UModSys@@USMemAlloc_Malloc@core@4@@rsystem@base@UModSys@@6B@ 0000000140009888     umodsys_lib_basesys:umodsys.basesys.rsystem_main.obj
 0002:000008a8       ??_7RSystem@rsystem@base@UModSys@@6BISystem@23@@ 00000001400098a8     umodsys_lib_basesys:umodsys.basesys.rsystem_main.obj
 0002:00000928       ??_7RSystem@rsystem@base@UModSys@@6BIUniquePointerResolver@core@3@@ 0000000140009928     umodsys_lib_basesys:umodsys.basesys.rsystem_main.obj
 0002:00000940       ??_7RSystem@rsystem@base@UModSys@@6BISourceContextAdapter@core@3@@ 0000000140009940     umodsys_lib_basesys:umodsys.basesys.rsystem_main.obj
 0002:00000948       ??_C@_0BC@NNHIIPO@shells?5found?3?5?$CFd?6?$AA@ 0000000140009948     umodsys_lib_basesys:umodsys.basesys.rsystem_tests.obj
 0002:00000960       ??_C@_0BA@EBBPOIJG@?5?5shell?3?5?$CFp?5?$CFs?6?$AA@ 0000000140009960     umodsys_lib_basesys:umodsys.basesys.rsystem_tests.obj
 0002:00000970       ??_C@_0BF@JPMHOAKE@?5?5?5?5shell?5gen?5error?6?$AA@ 0000000140009970     umodsys_lib_basesys:umodsys.basesys.rsystem_tests.obj
 0002:00000988       ??_C@_0BL@NANLGMEE@?5?5?5?5shell?5generated?5as?5?$CFp?6?$AA@ 0000000140009988     umodsys_lib_basesys:umodsys.basesys.rsystem_tests.obj
 0002:000009a8       ??_C@_0BD@NFNPGOAG@?1shells?5found?3?5?$CFd?6?$AA@ 00000001400099a8     umodsys_lib_basesys:umodsys.basesys.rsystem_tests.obj
 0002:000009c0       ??_C@_0DG@DMGFJEPO@RModuleLoader?3?3moduledb_cleanup?$CI@ 00000001400099c0     umodsys_lib_basesys:umodsys.basesys.rmoduleloader.obj
 0002:000009f8       ??_C@_02GMLFBBN@wb?$AA@    00000001400099f8     umodsys_lib_basesys:umodsys.basesys.rmoduleloader.obj
 0002:00000a00       ??_C@_0BN@BDEAMLC@?$CD?5LIST?5OF?5LIBRARY?5MODULES?3?6?6?$AA@ 0000000140009a00     umodsys_lib_basesys:umodsys.basesys.rmoduleloader.obj
 0002:00000a20       ??_C@_0BF@PLOHEFDA@?5?$HL?5mod_list?$DN?$CFd?3?$FL?$FN?5?$HN?6?$AA@ 0000000140009a20     umodsys_lib_basesys:umodsys.basesys.rmoduleloader.obj
 0002:00000a48       ??_7IModuleLoader@base@UModSys@@6B@ 0000000140009a48     umodsys_lib_basesys:umodsys.basesys.rmoduleloader.obj
 0002:00000ac8       ??_7RModuleLoader@rsystem@base@UModSys@@6B@ 0000000140009ac8     umodsys_lib_basesys:umodsys.basesys.rmoduleloader.obj
 0002:00000b48       ??_7RParameters@rsystem@base@UModSys@@6B@ 0000000140009b48     umodsys_lib_basesys:umodsys.basesys.rparameters.obj
 0002:00000c18       ??_C@_0BG@LJFEMLCK@UModSys_Plugin_Entry2?$AA@ 0000000140009c18     umodsys_lib_basesys:umodsys.basesys.rmodule.win32.obj
 0002:00000c30       ??_C@_0CI@IABKIJLA@?5?5?5?5?5?5?5?5?5?5load?5so?$CI?$CC?$CFs?$CC?$CJ?5?$HL?$CFp?0?5?$CFp?$HN@ 0000000140009c30     umodsys_lib_basesys:umodsys.basesys.rmodule.win32.obj
 0002:00000c58       ??_C@_0BP@EBMDLOGD@?5?5?5?5?5?5?5?5?5?5unload?5so?$CI?$HL?$CFp?0?5?$CFp?$HN?$CJ?6?$AA@ 0000000140009c58     umodsys_lib_basesys:umodsys.basesys.rmodule.win32.obj
 0002:00000c78       ??_C@_0BB@GJHPNFEC@scan?5so?3?5?$CC?$CFs?$CFs?$CC?6?$AA@ 0000000140009c78     umodsys_lib_basesys:umodsys.basesys.rmodule.win32.obj
 0002:00000c90       ??_C@_0N@LFKMDJGP@?5?5so?3?5?$CC?$CFls?$CC?6?$AA@ 0000000140009c90     umodsys_lib_basesys:umodsys.basesys.rmodule.win32.obj
 0002:00000ca0       ??_C@_0BC@GMLCPHOK@?1scan?5so?3?5?$CC?$CFs?$CFs?$CC?6?$AA@ 0000000140009ca0     umodsys_lib_basesys:umodsys.basesys.rmodule.win32.obj
 0002:00000cb4       ??_C@_04HLONOPDM@?4dll?$AA@ 0000000140009cb4     umodsys_lib_basesys:umodsys.basesys.rmodule.win32.obj
 0002:00000cc0       ??_C@_0CK@FNJGHFOD@RModuleLibrary?$CI?$CFp?$CJ?3?3link?$CI?$CJ?5?9?9?5ad@ 0000000140009cc0     umodsys_lib_basesys:umodsys.basesys.rmodulelib.obj
 0002:00000cf0       ??_C@_0BA@LBGMEMKJ@LIBRARY?5?$CC?$CFs?$CC?5?$HL?6?$AA@ 0000000140009cf0     umodsys_lib_basesys:umodsys.basesys.rmodulelib.obj
 0002:00000d00       ??_C@_0BH@CLNAAMEM@?$HN?5?$CD?5END?5LIBRARY?5?$CC?$CFs?$CC?6?6?$AA@ 0000000140009d00     umodsys_lib_basesys:umodsys.basesys.rmodulelib.obj
 0002:00000d18       ??_C@_0M@KEHKBKEH@?5?5so?3?5?$CC?$CFs?$CC?6?$AA@ 0000000140009d18     umodsys_lib_basesys:umodsys.basesys.rmodulelib.obj
 0002:00000d28       ??_C@_0BF@IKAEAMGP@?5?5?5?5so?5loaded?3?5?$CC?$CFs?$CC?6?$AA@ 0000000140009d28     umodsys_lib_basesys:umodsys.basesys.rmodulelib.obj
 0002:00000d40       ??_C@_0O@MCPOKEFF@?5?5?5?5so?5added?6?$AA@ 0000000140009d40     umodsys_lib_basesys:umodsys.basesys.rmodulelib.obj
 0002:00000d50       ??_C@_0BE@BFONLBBI@?5?5?5?5so?5dup?5with?5?$CFd?6?$AA@ 0000000140009d50     umodsys_lib_basesys:umodsys.basesys.rmodulelib.obj
 0002:00000d78       ??_7IModuleLibrary@base@UModSys@@6B@ 0000000140009d78     umodsys_lib_basesys:umodsys.basesys.rmodulelib.obj
 0002:00000e28       ??_7RModuleLibrary@rsystem@base@UModSys@@6B@ 0000000140009e28     umodsys_lib_basesys:umodsys.basesys.rmodulelib.obj
 0002:00000ed0       ??_C@_0BF@KDHHIHAN@RModule?$CI?$CFp?$CJ?3?3open?$CI?$CJ?6?$AA@ 0000000140009ed0     umodsys_lib_basesys:umodsys.basesys.rmodule.obj
 0002:00000ee8       ??_C@_0BG@HADBHJOP@RModule?$CI?$CFp?$CJ?3?3close?$CI?$CJ?6?$AA@ 0000000140009ee8     umodsys_lib_basesys:umodsys.basesys.rmodule.obj
 0002:00000f00       ??_C@_0BK@FNONNOFM@RModule?$CI?$CFp?$CJ?3?3?5pre?9loaded?6?$AA@ 0000000140009f00     umodsys_lib_basesys:umodsys.basesys.rmodule.obj
 0002:00000f20       ??_C@_0CE@HBBEEAED@RModule?$CI?$CFp?$CJ?3?3generate?$CI?$CJ?5?$HL?5gen?$DN?$CFp@ 0000000140009f20     umodsys_lib_basesys:umodsys.basesys.rmodule.obj
 0002:00000f48       ??_C@_0DL@FHDKGKAD@RModule?$CI?$CFp?$CJ?3?3reg_generator?$CI?$CFs?5?$CFp@ 0000000140009f48     umodsys_lib_basesys:umodsys.basesys.rmodule.obj
 0002:00000f88       ??_C@_0DL@ECFHLNEB@RModule?$CI?$CFp?$CJ?3?3reg_generator?$CI?$CFs?5?$CFp@ 0000000140009f88     umodsys_lib_basesys:umodsys.basesys.rmodule.obj
 0002:00000fc8       ??_C@_0DI@EBNLDEPD@RModule?$CI?$CFp?$CJ?3?3reg_obj?$CI?$CFs?5?$CFp?$CJ?5?9?9?5?$HL@ 0000000140009fc8     umodsys_lib_basesys:umodsys.basesys.rmodule.obj
 0002:00001000       ??_C@_0GC@IAELDHPB@RModule?$CI?$CFp?$CJ?3?3reg_obj?$CI?$CFs?5?$CFp?$CJ?5?9?9?5i@ 000000014000a000     umodsys_lib_basesys:umodsys.basesys.rmodule.obj
 0002:00001068       ??_C@_0CM@JCLMIGEB@RModule?$CI?$CFp?$CJ?3?3reg_obj?$CI?$CFs?5?$CFp?$CJ?5?9?9?5a@ 000000014000a068     umodsys_lib_basesys:umodsys.basesys.rmodule.obj
 0002:00001098       ??_C@_0DK@NJCECDIC@RModule?$CI?$CFp?$CJ?3?3unreg_obj?$CI?$CFs?5?$CFp?$CJ?5?9?9@ 000000014000a098     umodsys_lib_basesys:umodsys.basesys.rmodule.obj
 0002:000010e0       ??_C@_0GE@MGLAJHFG@RModule?$CI?$CFp?$CJ?3?3unreg_obj?$CI?$CFs?5?$CFp?$CJ?5?9?9@ 000000014000a0e0     umodsys_lib_basesys:umodsys.basesys.rmodule.obj
 0002:00001148       ??_C@_0CO@DAMPCAGA@RModule?3?3alloc_minfo?$CI?$HL?$CC?$CFs?$CC?0?5?$CC?$CFs?$CC@ 000000014000a148     umodsys_lib_basesys:umodsys.basesys.rmodule.obj
 0002:00001178       ??_C@_0BG@HANHHGHE@?5?5MODULE?5?$CFs?$CI?$CFd?0?$CFd?$CJ?5?$HL?6?$AA@ 000000014000a178     umodsys_lib_basesys:umodsys.basesys.rmodule.obj
 0002:00001190       ??_C@_0CI@FMDENPAM@RModule?$CI?$CFp?$CJ?3?3save_db?$CI?4?4?4?$CJ?5?9?9?5?$HL?5?$CF@ 000000014000a190     umodsys_lib_basesys:umodsys.basesys.rmodule.obj
 0002:000011b8       ??_C@_0BN@CFNKPKCH@?5?5?5?5MODOBJECT?5?$CFs?$CI?$CFd?$CJ?5?$CFs?$CI?$CFd?$CJ?6?$AA@ 000000014000a1b8     umodsys_lib_basesys:umodsys.basesys.rmodule.obj
 0002:000011d8       ??_C@_0BP@BJFGMFNK@?5?5?5?5GENERATOR?5?$CFs?$CI?$CFd?$CJ?5?$CFs?$CI?$CFd?$CJ?5?$HL?6?$AA@ 000000014000a1d8     umodsys_lib_basesys:umodsys.basesys.rmodule.obj
 0002:000011f8       ??_C@_0BK@DNNMLLHP@?5?5?5?5?5?5REFOBJECT?5?$CFs?$CI?$CFd?$CJ?5?$HL?6?$AA@ 000000014000a1f8     umodsys_lib_basesys:umodsys.basesys.rmodule.obj
 0002:00001218       ??_C@_0BF@CJPCFEEB@?5?5?5?5?5?5?5?5TYPE?5?$CFs?$CI?$CFd?$CJ?6?$AA@ 000000014000a218     umodsys_lib_basesys:umodsys.basesys.rmodule.obj
 0002:00001230       ??_C@_0BM@PFPEFHDC@?5?5?5?5?5?5?$HN?5?$CD?5REFOBJECT?5?$CFs?$CI?$CFd?$CJ?6?$AA@ 000000014000a230     umodsys_lib_basesys:umodsys.basesys.rmodule.obj
 0002:00001250       ??_C@_0CB@PCDHJLII@?5?5?5?5?$HN?5?$CD?5GENERATOR?5?$CFs?$CI?$CFd?$CJ?5?$CFs?$CI?$CFd?$CJ?6@ 000000014000a250     umodsys_lib_basesys:umodsys.basesys.rmodule.obj
 0002:00001278       ??_C@_0BI@OGBPJMLO@?5?5?$HN?5?$CD?5MODULE?5?$CFs?$CI?$CFd?0?$CFd?$CJ?6?$AA@ 000000014000a278     umodsys_lib_basesys:umodsys.basesys.rmodule.obj
 0002:00001298       ??_7IModule@base@UModSys@@6B@ 000000014000a298     umodsys_lib_basesys:umodsys.basesys.rmodule.obj
 0002:00001338       ??_7RModule@rsystem@base@UModSys@@6B@ 000000014000a338     umodsys_lib_basesys:umodsys.basesys.rmodule.obj
 0002:00001560       ??_R4type_info@@6B@        000000014000a560     MSVCRT:ti_inst.obj
 0002:00001588       ??_R3type_info@@8          000000014000a588     MSVCRT:ti_inst.obj
 0002:000015a0       ??_R2type_info@@8          000000014000a5a0     MSVCRT:ti_inst.obj
 0002:000015b0       ??_R1A@?0A@EA@type_info@@8 000000014000a5b0     MSVCRT:ti_inst.obj
 0002:000015d8       ??_R4RConsole_std@rsystem@base@UModSys@@6B@ 000000014000a5d8     umodsys_lib_basesys:umodsys.basesys.rconsole_std.obj
 0002:00001600       ??_R3RConsole_std@rsystem@base@UModSys@@8 000000014000a600     umodsys_lib_basesys:umodsys.basesys.rconsole_std.obj
 0002:00001618       ??_R2RConsole_std@rsystem@base@UModSys@@8 000000014000a618     umodsys_lib_basesys:umodsys.basesys.rconsole_std.obj
 0002:00001640       ??_R1A@?0A@EA@RConsole_std@rsystem@base@UModSys@@8 000000014000a640     umodsys_lib_basesys:umodsys.basesys.rconsole_std.obj
 0002:00001668       ??_R4IConsole@base@UModSys@@6B@ 000000014000a668     umodsys_lib_basesys:umodsys.basesys.rconsole_std.obj
 0002:00001690       ??_R3IConsole@base@UModSys@@8 000000014000a690     umodsys_lib_basesys:umodsys.basesys.rconsole_std.obj
 0002:000016a8       ??_R2IConsole@base@UModSys@@8 000000014000a6a8     umodsys_lib_basesys:umodsys.basesys.rconsole_std.obj
 0002:000016c8       ??_R1A@?0A@EA@IConsole@base@UModSys@@8 000000014000a6c8     umodsys_lib_basesys:umodsys.basesys.rconsole_std.obj
 0002:000016f0       ??_R4IRefObject@core@UModSys@@6B@ 000000014000a6f0     umodsys_lib_basesys:umodsys.basesys.rconsole_std.obj
 0002:00001718       ??_R3IRefObject@core@UModSys@@8 000000014000a718     umodsys_lib_basesys:umodsys.basesys.rconsole_std.obj
 0002:00001730       ??_R2IRefObject@core@UModSys@@8 000000014000a730     umodsys_lib_basesys:umodsys.basesys.rconsole_std.obj
 0002:00001748       ??_R1A@?0A@EA@IRefObject@core@UModSys@@8 000000014000a748     umodsys_lib_basesys:umodsys.basesys.rconsole_std.obj
 0002:00001770       ??_R4IRoot@core@UModSys@@6B@ 000000014000a770     umodsys_lib_basesys:umodsys.basesys.rconsole_std.obj
 0002:00001798       ??_R3IRoot@core@UModSys@@8 000000014000a798     umodsys_lib_basesys:umodsys.basesys.rconsole_std.obj
 0002:000017b0       ??_R2IRoot@core@UModSys@@8 000000014000a7b0     umodsys_lib_basesys:umodsys.basesys.rconsole_std.obj
 0002:000017c0       ??_R1A@?0A@EA@IRoot@core@UModSys@@8 000000014000a7c0     umodsys_lib_basesys:umodsys.basesys.rconsole_std.obj
 0002:000017e8       ??_R4RSystem@rsystem@base@UModSys@@6BISourceContextAdapter@core@3@@ 000000014000a7e8     umodsys_lib_basesys:umodsys.basesys.rsystem_main.obj
 0002:00001810       ??_R4RSystem@rsystem@base@UModSys@@6BIUniquePointerResolver@core@3@@ 000000014000a810     umodsys_lib_basesys:umodsys.basesys.rsystem_main.obj
[...]
 0003:00000020       __native_dllmain_reason    000000014000d020     MSVCRT:natstart.obj
 0003:00000024       __native_vcclrit_reason    000000014000d024     MSVCRT:natstart.obj
 0003:00000028       __globallocalestatus       000000014000d028     MSVCRT:xthdloc.obj
 0003:0000002c       __defaultmatherr           000000014000d02c     MSVCRT:merr.obj
 0003:00000030       __security_cookie          000000014000d030     MSVCRT:gs_cookie.obj
 0003:00000038       __security_cookie_complement 000000014000d038     MSVCRT:gs_cookie.obj
 0003:000000f0       ??_R0?AURConsole_std@rsystem@base@UModSys@@@8 000000014000d0f0     umodsys_lib_basesys:umodsys.basesys.rconsole_std.obj
 0003:00000128       ??_R0?AUIConsole@base@UModSys@@@8 000000014000d128     umodsys_lib_basesys:umodsys.basesys.rconsole_std.obj
 0003:00000158       ??_R0?AUIRefObject@core@UModSys@@@8 000000014000d158     umodsys_lib_basesys:umodsys.basesys.rconsole_std.obj
 0003:00000188       ??_R0?AUIRoot@core@UModSys@@@8 000000014000d188     umodsys_lib_basesys:umodsys.basesys.rconsole_std.obj
 0003:000001b8       ??_R0?AURSystem@rsystem@base@UModSys@@@8 000000014000d1b8     umodsys_lib_basesys:umodsys.basesys.rsystem_main.obj
 0003:000001f0       ??_R0?AUSMemAlloc_Malloc@core@UModSys@@@8 000000014000d1f0     umodsys_lib_basesys:umodsys.basesys.rsystem_main.obj
 0003:00000230       ??_R0?AU?$TRMemAlloc_CC@U?$TMemAllocHeader@USMagic@mem_headers@rsystem@base@UModSys@@U?$TPool@X@2345@USDebug@2345@UVoid@core@5@@rsystem@base@UModSys@@USMemAlloc_Malloc@core@4@@rsystem@base@UModSys@@@8 000000014000d230     umodsys_lib_basesys:umodsys.basesys.rsystem_main.obj
 0003:00000308       ??_R0?AUIUniquePointerResolver@core@UModSys@@@8 000000014000d308     umodsys_lib_basesys:umodsys.basesys.rsystem_main.obj
 0003:00000348       ??_R0?AUISourceContextAdapter@core@UModSys@@@8 000000014000d348     umodsys_lib_basesys:umodsys.basesys.rsystem_main.obj
 0003:00000388       ??_R0?AUISystem@base@UModSys@@@8 000000014000d388     umodsys_lib_basesys:umodsys.basesys.rsystem_main.obj
 0003:000003b8       ??_R0?AUIMemAlloc@core@UModSys@@@8 000000014000d3b8     umodsys_lib_basesys:umodsys.basesys.rsystem_main.obj
 0003:000003e8       ??_R0?AUEFatal@core@UModSys@@@8 000000014000d3e8     umodsys_lib_basesys:umodsys.basesys.rsystem_main.obj
 0003:00000418       ??_R0?AUEExceptionBase@core@UModSys@@@8 000000014000d418     umodsys_lib_basesys:umodsys.basesys.rsystem_main.obj
 0003:00000450       ??_R0?AUEWarning@core@UModSys@@@8 000000014000d450     umodsys_lib_basesys:umodsys.basesys.rsystem_main.obj
 0003:00000480       ??_R0?AURModuleLoader@rsystem@base@UModSys@@@8 000000014000d480     umodsys_lib_basesys:umodsys.basesys.rmoduleloader.obj
 0003:000004c0       ??_R0?AUIModuleLoader@base@UModSys@@@8 000000014000d4c0     umodsys_lib_basesys:umodsys.basesys.rmoduleloader.obj
 0003:000004f8       ??_R0?AURParameters@rsystem@base@UModSys@@@8 000000014000d4f8     umodsys_lib_basesys:umodsys.basesys.rparameters.obj
 0003:00000530       ??_R0?AUIParameters@core@UModSys@@@8 000000014000d530     umodsys_lib_basesys:umodsys.basesys.rparameters.obj
 0003:00000560       ??_R0?AURModuleLibrary@rsystem@base@UModSys@@@8 000000014000d560     umodsys_lib_basesys:umodsys.basesys.rmodulelib.obj
 0003:000005a0       ??_R0?AUIModuleLibrary@base@UModSys@@@8 000000014000d5a0     umodsys_lib_basesys:umodsys.basesys.rmodulelib.obj
 0003:000005d8       ?s_null@?1??get_null@?$TSCoreShared@USMemAlloc_Malloc@core@UModSys@@D@su@tl@UModSys@@SAPEAU?$TSharedStringInfo@D@345@XZ@4U6345@A 000000014000d5d8     umodsys_lib_basesys:umodsys.basesys.rmodulelib.obj
 0003:000005f8       ??_R0?AURModule@rsystem@base@UModSys@@@8 000000014000d5f8     umodsys_lib_basesys:umodsys.basesys.rmodule.obj
 0003:00000630       ??_R0?AUIModule@base@UModSys@@@8 000000014000d630     umodsys_lib_basesys:umodsys.basesys.rmodule.obj
 0003:00000660       _fltused                   000000014000d660     MSVCRT:dllsupp.obj
 0003:00000698       _forceCRTManifestRTM       000000014000d698     MSVCRT:crtmanifestrtm.obj
 0003:0000069c       _dowildcard                000000014000d69c     MSVCRT:wildcard.obj
 0003:000006a0       _newmode                   000000014000d6a0     MSVCRT:_newmode.obj
 0003:000006a4       _commode                   000000014000d6a4     MSVCRT:xncommod.obj
 0003:000006a8       _fmode                     000000014000d6a8     MSVCRT:xtxtmode.obj
 0003:000006ac       ?rv@?1??get_default@SMemAlloc_Malloc@core@UModSys@@SAAEBU234@XZ@4U234@A 000000014000d6ac     umodsys_lib_basesys:umodsys.basesys.rsystem_main.obj
 0003:000006b0       ?s_id@?$TObjectUniqueID@UIModObject@base@UModSys@@@tl@UModSys@@2USUniquePointer@core@3@A 000000014000d6b0     umodsys.c_main.obj
 0003:000006e0       ?s_null@?$TStaticStringPool@DU?$TComparerBinaryHash@D@su@tl@UModSys@@USMemAlloc_Malloc@core@4@@tl@UModSys@@2U?$TString@U?$TSCoreConst@D@su@tl@UModSys@@U?$TComparerBinaryHash@D@234@@23@A 000000014000d6e0     umodsys.c_main.obj
 0003:000006f8       ?s_id@?$TObjectUniqueID@UIGenerator@base@UModSys@@@tl@UModSys@@2USUniquePointer@core@3@A 000000014000d6f8     umodsys.c_main.obj
 0003:00000728       ?s_id@?$TObjectUniqueID@UIModule@base@UModSys@@@tl@UModSys@@2USUniquePointer@core@3@A 000000014000d728     umodsys.c_main.obj
 0003:00000758       ?s_id@?$TObjectUniqueID@URModuleLibrary@rsystem@base@UModSys@@@tl@UModSys@@2USUniquePointer@core@3@A 000000014000d758     umodsys.c_main.obj
 0003:00000788       ?s_id@?$TObjectUniqueID@UIRoot@core@UModSys@@@tl@UModSys@@2USUniquePointer@core@3@A 000000014000d788     umodsys.c_main.obj
 0003:000007b8       ?s_id@?$TObjectUniqueID@URConsole_std@rsystem@base@UModSys@@@tl@UModSys@@2USUniquePointer@core@3@A 000000014000d7b8     umodsys.c_main.obj
 0003:000007e8       ?s_id@?$TObjectUniqueID@UISystem@base@UModSys@@@tl@UModSys@@2USUniquePointer@core@3@A 000000014000d7e8     umodsys.c_main.obj
 0003:00000818       ?s_id@?$TObjectUniqueID@UIRefObject@core@UModSys@@@tl@UModSys@@2USUniquePointer@core@3@A 000000014000d818     umodsys.c_main.obj
 0003:00000848       ?s_id@?$TObjectUniqueID@URModule@rsystem@base@UModSys@@@tl@UModSys@@2USUniquePointer@core@3@A 000000014000d848     umodsys.c_main.obj
 0003:00000878       ?s_id@?$TObjectUniqueID@UIShell@base@UModSys@@@tl@UModSys@@2USUniquePointer@core@3@A 000000014000d878     umodsys.c_main.obj
 0003:000008a8       ?s_id@?$TObjectUniqueID@UIConsole@base@UModSys@@@tl@UModSys@@2USUniquePointer@core@3@A 000000014000d8a8     umodsys.c_main.obj
 0003:000008d8       ?s_id@?$TObjectUniqueID@UIModuleLibrary@base@UModSys@@@tl@UModSys@@2USUniquePointer@core@3@A 000000014000d8d8     umodsys.c_main.obj
 0003:00000908       ?s_id@?$TObjectUniqueID@UIParameters@core@UModSys@@@tl@UModSys@@2USUniquePointer@core@3@A 000000014000d908     umodsys.c_main.obj
 0003:00000938       ?s_id@?$TObjectUniqueID@URSystem@rsystem@base@UModSys@@@tl@UModSys@@2USUniquePointer@core@3@A 000000014000d938     umodsys.c_main.obj
 0003:00000968       ?s_id@?$TObjectUniqueID@URParameters@rsystem@base@UModSys@@@tl@UModSys@@2USUniquePointer@core@3@A 000000014000d968     umodsys.c_main.obj
 0003:000009a0       ?s_console@RConsole_std@rsystem@base@UModSys@@2U1234@A 000000014000d9a0     umodsys_lib_basesys:umodsys.basesys.rconsole_std.obj
 0003:000009b0       ?s_sys@RSystem@rsystem@base@UModSys@@2U1234@A 000000014000d9b0     umodsys_lib_basesys:umodsys.basesys.rsystem_main.obj
 0003:00000ae8       ?rsys_dbg@rsystem@base@UModSys@@3USDebug@23@A 000000014000dae8     umodsys_lib_basesys:umodsys.basesys.rsystem_main.obj
 0003:00000af8       ?M@UModSys@@3USModuleContext@base@1@A 000000014000daf8     umodsys_lib_base:umodsys.base.modulecontext.obj
 0003:00000b10       ?root@SUniquePointer@core@UModSys@@2U123@A 000000014000db10     umodsys_lib_core:umodsys.core.uniqueptr.obj
 0003:00000b40       __native_startup_state     000000014000db40     <common>
 0003:00000b48       __native_startup_lock      000000014000db48     <common>
 0003:00000b50       __dyn_tls_init_callback    000000014000db50     <common>
 0003:00000b58       __onexitend                000000014000db58     <common>
 0003:00000b60       __onexitbegin              000000014000db60     <common>

 entry point at        0001:000022cc

 Static symbols

 0001:00001ffc       pre_cpp_init               0000000140002ffc f   MSVCRT:crtexe.obj
 0001:00002064       __tmainCRTStartup          0000000140003064 f   MSVCRT:crtexe.obj
 0001:000021e4       pre_c_init                 00000001400031e4 f   MSVCRT:crtexe.obj
 0001:00004810       ?s_pfd_scan@@YA_KPEAUISystem@base@UModSys@@AEAU?$TDynarrayDynamic@U?$TRefObject@URModuleLibrary@rsystem@base@UModSys@@@tl@UModSys@@U?$TAllocator@USMemAlloc_Malloc@core@UModSys@@USCountCalcPower2@23@@23@@tl@3@PEBD2@Z 0000000140005810 f    CIL library: CIL module
 0001:00007290       _onexit$fin$0              0000000140008290 f   MSVCRT:atonexit.obj
 0001:000072a9       __tmainCRTStartup$filt$0   00000001400082a9 f   MSVCRT:crtexe.obj
 0001:000072d0       _IsNonwritableInCurrentImage$filt$0 00000001400082d0 f   MSVCRT:pesect.obj
 0001:000072f1       ?filt$0@?0??__ArrayUnwind@@YAXPEAX_KHP6AX0@Z@Z@4HA 00000001400082f1 f   MSVCRT:ehvecdtr.obj
 0001:00007330       ?fin$0@?0???_M@YAXPEAX_KHP6AX0@Z@Z@4HA 0000000140008330 f   MSVCRT:ehvecdtr.obj
 0001:00007360       ?dtor$0@?0???1?$TQuantArrayUnique@USUniquePointerInfo@core@UModSys@@$0BAA@USMemAlloc_Malloc@23@@tl@UModSys@@QEAA@XZ@4HA 0000000140008360 f    CIL library: CIL module
 0001:00007380       ?dtor$0@?0??suicide@RModule@rsystem@base@UModSys@@UEAAXXZ@4HA 0000000140008380 f    CIL library: CIL module
 0001:000073a0       ?dtor$0@?0??mem_free@?$TRMemAlloc_CC@U?$TMemAllocHeader@USMagic@mem_headers@rsystem@base@UModSys@@U?$TPool@X@2345@USDebug@2345@UVoid@core@5@@rsystem@base@UModSys@@USMemAlloc_Malloc@core@4@@rsystem@base@UModSys@@UEAAXPEAXPEBUSSourceContext@core@4@@Z@4HA 00000001400083a0 f    CIL library: CIL module
 0001:000073c0       ?dtor$0@?0??mem_realloc@?$TRMemAlloc_CC@U?$TMemAllocHeader@USMagic@mem_headers@rsystem@base@UModSys@@U?$TPool@X@2345@USDebug@2345@UVoid@core@5@@rsystem@base@UModSys@@USMemAlloc_Malloc@core@4@@rsystem@base@UModSys@@UEAAPEAXPEAX_KPEBUSSourceContext@core@4@@Z@4HA 00000001400083c0 f    CIL library: CIL module
 0001:000073e0       ?dtor$1@?0??mem_realloc@?$TRMemAlloc_CC@U?$TMemAllocHeader@USMagic@mem_headers@rsystem@base@UModSys@@U?$TPool@X@2345@USDebug@2345@UVoid@core@5@@rsystem@base@UModSys@@USMemAlloc_Malloc@core@4@@rsystem@base@UModSys@@UEAAPEAXPEAX_KPEBUSSourceContext@core@4@@Z@4HA 00000001400083e0 f    CIL library: CIL module
 0001:00007400       ?dtor$0@?0???1RSystem@rsystem@base@UModSys@@UEAA@XZ@4HA 0000000140008400 f    CIL library: CIL module
 0001:00007420       ?dtor$1@?0???1RSystem@rsystem@base@UModSys@@UEAA@XZ@4HA 0000000140008420 f    CIL library: CIL module
 0001:00007440       ?dtor$2@?0???1RSystem@rsystem@base@UModSys@@UEAA@XZ@4HA 0000000140008440 f    CIL library: CIL module
 0001:00007460       ?dtor$3@?0???1RSystem@rsystem@base@UModSys@@UEAA@XZ@4HA 0000000140008460 f    CIL library: CIL module
 0001:00007480       ?dtor$4@?0???1RSystem@rsystem@base@UModSys@@UEAA@XZ@4HA 0000000140008480 f    CIL library: CIL module
 0001:000074a0       ?dtor$5@?0???1RSystem@rsystem@base@UModSys@@UEAA@XZ@4HA 00000001400084a0 f    CIL library: CIL module
 0001:000074c0       ?dtor$9@?0???1RSystem@rsystem@base@UModSys@@UEAA@XZ@4HA 00000001400084c0 f    CIL library: CIL module
 0001:000074e0       ?dtor$10@?0???1RSystem@rsystem@base@UModSys@@UEAA@XZ@4HA 00000001400084e0 f    CIL library: CIL module
 0001:00007500       ?dtor$0@?0???0RModule@rsystem@base@UModSys@@QEAA@PEAURModuleLibrary@123@PEAUIModuleReg@23@@Z@4HA 0000000140008500 f    CIL library: CIL module
 0001:00007520       ?dtor$1@?0???0RModule@rsystem@base@UModSys@@QEAA@PEAURModuleLibrary@123@PEAUIModuleReg@23@@Z@4HA 0000000140008520 f    CIL library: CIL module
 0001:00007540       ?dtor$2@?0???0RModule@rsystem@base@UModSys@@QEAA@PEAURModuleLibrary@123@PEAUIModuleReg@23@@Z@4HA 0000000140008540 f    CIL library: CIL module
 0001:00007560       ?dtor$3@?0???0RModule@rsystem@base@UModSys@@QEAA@PEAURModuleLibrary@123@PEAUIModuleReg@23@@Z@4HA 0000000140008560 f    CIL library: CIL module
 0001:00007590       ?dtor$0@?0???1RModuleLibrary@rsystem@base@UModSys@@UEAA@XZ@4HA 0000000140008590 f    CIL library: CIL module
 0001:000075b0       ?dtor$1@?0???1RModuleLibrary@rsystem@base@UModSys@@UEAA@XZ@4HA 00000001400085b0 f    CIL library: CIL module
 0001:000075d0       ?dtor$2@?0???1RModuleLibrary@rsystem@base@UModSys@@UEAA@XZ@4HA 00000001400085d0 f    CIL library: CIL module
 0001:000075f0       ?dtor$3@?0???1RModuleLibrary@rsystem@base@UModSys@@UEAA@XZ@4HA 00000001400085f0 f    CIL library: CIL module
 0001:00007620       ?dtor$0@?0??link@RModuleLibrary@rsystem@base@UModSys@@QEAA_NXZ@4HA 0000000140008620 f    CIL library: CIL module
 0001:00007650       ?dtor$0@?0??exec_test_shells@RSystem@rsystem@base@UModSys@@QEAA_NXZ@4HA 0000000140008650 f    CIL library: CIL module
 0001:00007670       ?dtor$1@?0??exec_test_shells@RSystem@rsystem@base@UModSys@@QEAA_NXZ@4HA 0000000140008670 f    CIL library: CIL module
 0001:00007690       ?dtor$3@?0??exec_test_shells@RSystem@rsystem@base@UModSys@@QEAA_NXZ@4HA 0000000140008690 f    CIL library: CIL module
 0001:000076c0       ?dtor$1@?0??s_add@RModuleLibrary@rsystem@base@UModSys@@SA_NPEAUISystem@34@AEAU?$TDynarrayDynamic@U?$TRefObject@URModuleLibrary@rsystem@base@UModSys@@@tl@UModSys@@U?$TAllocator@USMemAlloc_Malloc@core@UModSys@@USCountCalcPower2@23@@23@@tl@4@PEBD@Z@4HA 00000001400086c0 f    CIL library: CIL module
 0001:000076e0       ??__E?s_id@?$TObjectUniqueID@UIRoot@core@UModSys@@@tl@UModSys@@2USUniquePointer@core@3@A@@YAXXZ 00000001400086e0 f    CIL library: CIL module
 0001:00007720       ??__E?s_id@?$TObjectUniqueID@UIRefObject@core@UModSys@@@tl@UModSys@@2USUniquePointer@core@3@A@@YAXXZ 0000000140008720 f    CIL library: CIL module
 0001:00007760       ??__E?s_id@?$TObjectUniqueID@UIParameters@core@UModSys@@@tl@UModSys@@2USUniquePointer@core@3@A@@YAXXZ 0000000140008760 f    CIL library: CIL module
 0001:000077a0       ??__E?s_id@?$TObjectUniqueID@UIConsole@base@UModSys@@@tl@UModSys@@2USUniquePointer@core@3@A@@YAXXZ 00000001400087a0 f    CIL library: CIL module
 0001:000077e0       ??__E?s_id@?$TObjectUniqueID@UIModule@base@UModSys@@@tl@UModSys@@2USUniquePointer@core@3@A@@YAXXZ 00000001400087e0 f    CIL library: CIL module
 0001:00007820       ??__E?s_id@?$TObjectUniqueID@UIModuleLibrary@base@UModSys@@@tl@UModSys@@2USUniquePointer@core@3@A@@YAXXZ 0000000140008820 f    CIL library: CIL module
 0001:00007860       ??__E?s_id@?$TObjectUniqueID@UISystem@base@UModSys@@@tl@UModSys@@2USUniquePointer@core@3@A@@YAXXZ 0000000140008860 f    CIL library: CIL module
 0001:000078a0       ??__E?s_id@?$TObjectUniqueID@UIModObject@base@UModSys@@@tl@UModSys@@2USUniquePointer@core@3@A@@YAXXZ 00000001400088a0 f    CIL library: CIL module
 0001:000078e0       ??__E?s_id@?$TObjectUniqueID@UIGenerator@base@UModSys@@@tl@UModSys@@2USUniquePointer@core@3@A@@YAXXZ 00000001400088e0 f    CIL library: CIL module
 0001:00007920       ??__E?s_id@?$TObjectUniqueID@UIShell@base@UModSys@@@tl@UModSys@@2USUniquePointer@core@3@A@@YAXXZ 0000000140008920 f    CIL library: CIL module
 0001:00007960       ??__E?s_id@?$TObjectUniqueID@URModule@rsystem@base@UModSys@@@tl@UModSys@@2USUniquePointer@core@3@A@@YAXXZ 0000000140008960 f    CIL library: CIL module
 0001:000079a0       ??__E?s_id@?$TObjectUniqueID@URModuleLibrary@rsystem@base@UModSys@@@tl@UModSys@@2USUniquePointer@core@3@A@@YAXXZ 00000001400089a0 f    CIL library: CIL module
 0001:000079e0       ??__E?s_id@?$TObjectUniqueID@URParameters@rsystem@base@UModSys@@@tl@UModSys@@2USUniquePointer@core@3@A@@YAXXZ 00000001400089e0 f    CIL library: CIL module
 0001:00007a20       ??__E?s_id@?$TObjectUniqueID@URSystem@rsystem@base@UModSys@@@tl@UModSys@@2USUniquePointer@core@3@A@@YAXXZ 0000000140008a20 f    CIL library: CIL module
 0001:00007a60       ??__E?s_id@?$TObjectUniqueID@URConsole_std@rsystem@base@UModSys@@@tl@UModSys@@2USUniquePointer@core@3@A@@YAXXZ 0000000140008a60 f    CIL library: CIL module
 0001:00007aa0       ??__E?s_console@RConsole_std@rsystem@base@UModSys@@2U1234@A@@YAXXZ 0000000140008aa0 f    CIL library: CIL module
 0001:00007ac0       ??__E?s_sys@RSystem@rsystem@base@UModSys@@2U1234@A@@YAXXZ 0000000140008ac0 f    CIL library: CIL module
 0001:00007ae0       ??__Ersys_dbg@rsystem@base@UModSys@@YAXXZ 0000000140008ae0 f    CIL library: CIL module
 0001:00007b10       ??__EM@UModSys@@YAXXZ      0000000140008b10 f    CIL library: CIL module
 0001:00007b30       ??__E?root@SUniquePointer@core@UModSys@@2U123@A@@YAXXZ 0000000140008b30 f    CIL library: CIL module
 0001:00007b60       ??__F?s_id@?$TObjectUniqueID@URConsole_std@rsystem@base@UModSys@@@tl@UModSys@@2USUniquePointer@core@3@A@@YAXXZ 0000000140008b60 f    CIL library: CIL module
 0001:00007b70       ??__F?s_id@?$TObjectUniqueID@URSystem@rsystem@base@UModSys@@@tl@UModSys@@2USUniquePointer@core@3@A@@YAXXZ 0000000140008b70 f    CIL library: CIL module
 0001:00007b80       ??__F?s_id@?$TObjectUniqueID@URParameters@rsystem@base@UModSys@@@tl@UModSys@@2USUniquePointer@core@3@A@@YAXXZ 0000000140008b80 f    CIL library: CIL module
 0001:00007b90       ??__F?s_id@?$TObjectUniqueID@URModuleLibrary@rsystem@base@UModSys@@@tl@UModSys@@2USUniquePointer@core@3@A@@YAXXZ 0000000140008b90 f    CIL library: CIL module
 0001:00007ba0       ??__F?s_id@?$TObjectUniqueID@URModule@rsystem@base@UModSys@@@tl@UModSys@@2USUniquePointer@core@3@A@@YAXXZ 0000000140008ba0 f    CIL library: CIL module
 0001:00007bb0       ??__F?s_id@?$TObjectUniqueID@UIShell@base@UModSys@@@tl@UModSys@@2USUniquePointer@core@3@A@@YAXXZ 0000000140008bb0 f    CIL library: CIL module
 0001:00007bc0       ??__F?s_id@?$TObjectUniqueID@UIGenerator@base@UModSys@@@tl@UModSys@@2USUniquePointer@core@3@A@@YAXXZ 0000000140008bc0 f    CIL library: CIL module
 0001:00007bd0       ??__F?s_id@?$TObjectUniqueID@UIModObject@base@UModSys@@@tl@UModSys@@2USUniquePointer@core@3@A@@YAXXZ 0000000140008bd0 f    CIL library: CIL module
 0001:00007be0       ??__F?s_id@?$TObjectUniqueID@UISystem@base@UModSys@@@tl@UModSys@@2USUniquePointer@core@3@A@@YAXXZ 0000000140008be0 f    CIL library: CIL module
 0001:00007bf0       ??__F?s_id@?$TObjectUniqueID@UIModuleLibrary@base@UModSys@@@tl@UModSys@@2USUniquePointer@core@3@A@@YAXXZ 0000000140008bf0 f    CIL library: CIL module
 0001:00007c00       ??__F?s_id@?$TObjectUniqueID@UIModule@base@UModSys@@@tl@UModSys@@2USUniquePointer@core@3@A@@YAXXZ 0000000140008c00 f    CIL library: CIL module
 0001:00007c10       ??__F?s_id@?$TObjectUniqueID@UIConsole@base@UModSys@@@tl@UModSys@@2USUniquePointer@core@3@A@@YAXXZ 0000000140008c10 f    CIL library: CIL module
 0001:00007c20       ??__F?s_id@?$TObjectUniqueID@UIParameters@core@UModSys@@@tl@UModSys@@2USUniquePointer@core@3@A@@YAXXZ 0000000140008c20 f    CIL library: CIL module
 0001:00007c30       ??__F?s_id@?$TObjectUniqueID@UIRefObject@core@UModSys@@@tl@UModSys@@2USUniquePointer@core@3@A@@YAXXZ 0000000140008c30 f    CIL library: CIL module
 0001:00007c40       ??__F?s_id@?$TObjectUniqueID@UIRoot@core@UModSys@@@tl@UModSys@@2USUniquePointer@core@3@A@@YAXXZ 0000000140008c40 f    CIL library: CIL module
 0001:00007c50       ??__F?s_console@RConsole_std@rsystem@base@UModSys@@2U1234@A@@YAXXZ 0000000140008c50 f    CIL library: CIL module
 0001:00007c60       ??__F?s_sys@RSystem@rsystem@base@UModSys@@2U1234@A@@YAXXZ 0000000140008c60 f    CIL library: CIL module
 0001:00007c70       ??__Frsys_dbg@rsystem@base@UModSys@@YAXXZ 0000000140008c70 f    CIL library: CIL module
 0001:00007c80       ??__FM@UModSys@@YAXXZ      0000000140008c80 f    CIL library: CIL module
 0001:00007c90       ??__F?root@SUniquePointer@core@UModSys@@2U123@A@@YAXXZ 0000000140008c90 f    CIL library: CIL module
