 umodsysc

 Timestamp is 5249415d (Mon Sep 30 12:16:13 2013)

 Preferred load address is 0000000140000000

 Start         Length     Name                   Class
 0001:00000000 00006426H .text                   CODE
 0001:00006430 0000005eH .text$00                CODE
 0001:00006490 0000046bH .text$x                 CODE
 0001:00006900 00000472H .text$yc                CODE
 0001:00006d80 0000013cH .text$yd                CODE
 0002:00000000 000001d0H .idata$5                DATA
 0002:000001d0 00000008H .CRT$XCA                DATA
 0002:000001d8 00000008H .CRT$XCAA               DATA
 0002:000001e0 000000a0H .CRT$XCU                DATA
 0002:00000280 00000008H .CRT$XCZ                DATA
 0002:00000288 00000008H .CRT$XIA                DATA
 0002:00000290 00000008H .CRT$XIAA               DATA
 0002:00000298 00000008H .CRT$XIY                DATA
 0002:000002a0 00000008H .CRT$XIZ                DATA
 0002:000002b0 00001190H .rdata                  DATA
 0002:00001440 0000084cH .rdata$r                DATA
 0002:00001c90 00000008H .rtc$IAA                DATA
 0002:00001c98 00000008H .rtc$IZZ                DATA
 0002:00001ca0 00000008H .rtc$TAA                DATA
 0002:00001ca8 00000008H .rtc$TZZ                DATA
 0002:00001cb0 00000f90H .xdata                  DATA
 0002:00002c40 00000028H .idata$2                DATA
 0002:00002c68 00000014H .idata$3                DATA
 0002:00002c80 000001d0H .idata$4                DATA
 0002:00002e50 0000038eH .idata$6                DATA
 0002:000031de 00000000H .edata                  DATA
 0003:00000000 00000444H .data                   DATA
 0003:00000450 00000478H .bss                    DATA
 0004:00000000 00000c9cH .pdata                  DATA

  Address         Publics by Value              Rva+Base               Lib:Object

 0000:00000000       ___safe_se_handler_table   0000000000000000     <absolute>
 0000:00000000       ___safe_se_handler_count   0000000000000000     <absolute>
 0000:00000000       __ImageBase                0000000140000000     <linker-defined>
 0001:00000000       ??$shash@D@su@tl@UModSys@@YAHPEBD_K@Z 0000000140001000 f i umodsys.c_main.obj
 0001:00000030       ?get_interface_info@RConsole_std@rsystem@base@UModSys@@UEBAAEBUSUniquePointerInfo@core@4@XZ 0000000140001030 f i umodsys_lib_basesys:umodsys.base.rconsole_std.obj
 0001:00000040       ?get_interface_type@RConsole_std@rsystem@base@UModSys@@UEBAPEBUSUniquePointerInfo@core@4@XZ 0000000140001040 f i umodsys_lib_basesys:umodsys.base.rconsole_std.obj
 0001:00000050       ?get_interface_types@RModule@rsystem@base@UModSys@@UEBA_KAEAUSUniquePtrList@core@4@@Z 0000000140001050 f i umodsys_lib_basesys:umodsys.base.rmodule.obj
 0001:00000050       ?get_interface_types@RConsole_std@rsystem@base@UModSys@@UEBA_KAEAUSUniquePtrList@core@4@@Z 0000000140001050 f i umodsys_lib_basesys:umodsys.base.rconsole_std.obj
 0001:00000050       ?get_interface_types@RSystem@rsystem@base@UModSys@@UEBA_KAEAUSUniquePtrList@core@4@@Z 0000000140001050 f i umodsys_lib_basesys:umodsys.base.rsystem_main.obj
 0001:00000050       ?get_interface_types@RModuleLibrary@rsystem@base@UModSys@@UEBA_KAEAUSUniquePtrList@core@4@@Z 0000000140001050 f i umodsys_lib_basesys:umodsys.base.rmodulelib.obj
 0001:00000050       ?get_interface_types@ISystem@base@UModSys@@UEBA_KAEAUSUniquePtrList@core@3@@Z 0000000140001050 f i umodsys_lib_basesys:umodsys.base.rsystem_main.obj
 0001:00000050       ?get_interface_types@RParameters@rsystem@base@UModSys@@UEBA_KAEAUSUniquePtrList@core@4@@Z 0000000140001050 f i umodsys_lib_basesys:umodsys.base.rparameters.obj
 0001:00000060       ?get_other_interface@RConsole_std@rsystem@base@UModSys@@UEAAPEAUIRoot@core@4@PEBUSUniquePointerInfo@64@@Z 0000000140001060 f i umodsys_lib_basesys:umodsys.base.rconsole_std.obj
 0001:00000060       ?get_other_interface@RConsole_std@rsystem@base@UModSys@@UEBAPEBUIRoot@core@4@PEBUSUniquePointerInfo@64@@Z 0000000140001060 f i umodsys_lib_basesys:umodsys.base.rconsole_std.obj
 0001:00000090       ??_ERConsole_std@rsystem@base@UModSys@@UEAAPEAXI@Z 0000000140001090 f i  CIL library: CIL module
 0001:00000090       ??_GRConsole_std@rsystem@base@UModSys@@UEAAPEAXI@Z 0000000140001090 f i umodsys_lib_basesys:umodsys.base.rconsole_std.obj
 0001:000000c0       ??_GIConsole@base@UModSys@@UEAAPEAXI@Z 00000001400010c0 f i umodsys_lib_basesys:umodsys.base.rconsole_std.obj
 0001:000000c0       ??_EIConsole@base@UModSys@@UEAAPEAXI@Z 00000001400010c0 f i  CIL library: CIL module
 0001:000000f0       ??_EIRefObject@core@UModSys@@UEAAPEAXI@Z 00000001400010f0 f i  CIL library: CIL module
 0001:000000f0       ??_GIRefObject@core@UModSys@@UEAAPEAXI@Z 00000001400010f0 f i umodsys_lib_basesys:umodsys.base.rconsole_std.obj
 0001:00000120       ??_EIRoot@core@UModSys@@UEAAPEAXI@Z 0000000140001120 f i  CIL library: CIL module
 0001:00000120       ??_GIRoot@core@UModSys@@UEAAPEAXI@Z 0000000140001120 f i umodsys_lib_basesys:umodsys.base.rconsole_std.obj
 0001:00000150       ??3@YAXPEAX0@Z             0000000140001150 f i umodsys_lib_basesys:umodsys.base.rsystem_main.obj
 0001:00000160       ?get_interface_info@ISystem@base@UModSys@@UEBAAEBUSUniquePointerInfo@core@3@XZ 0000000140001160 f i umodsys_lib_basesys:umodsys.base.rsystem_main.obj
 0001:00000170       ?get_interface_type@ISystem@base@UModSys@@UEBAPEBUSUniquePointerInfo@core@3@XZ 0000000140001170 f i umodsys_lib_basesys:umodsys.base.rsystem_main.obj
 0001:00000180       ?get_other_interface@ISystem@base@UModSys@@UEAAPEAUIRoot@core@3@PEBUSUniquePointerInfo@53@@Z 0000000140001180 f i umodsys_lib_basesys:umodsys.base.rsystem_main.obj
 0001:00000180       ?get_other_interface@ISystem@base@UModSys@@UEBAPEBUIRoot@core@3@PEBUSUniquePointerInfo@53@@Z 0000000140001180 f i umodsys_lib_basesys:umodsys.base.rsystem_main.obj
 0001:000001a0       ?get_interface_info@RSystem@rsystem@base@UModSys@@UEBAAEBUSUniquePointerInfo@core@4@XZ 00000001400011a0 f i umodsys_lib_basesys:umodsys.base.rsystem_main.obj
 0001:000001b0       ?get_interface_type@RSystem@rsystem@base@UModSys@@UEBAPEBUSUniquePointerInfo@core@4@XZ 00000001400011b0 f i umodsys_lib_basesys:umodsys.base.rsystem_main.obj
 0001:000001c0       ?get_other_interface@RSystem@rsystem@base@UModSys@@UEAAPEAUIRoot@core@4@PEBUSUniquePointerInfo@64@@Z 00000001400011c0 f i umodsys_lib_basesys:umodsys.base.rsystem_main.obj
 0001:000001c0       ?get_other_interface@RSystem@rsystem@base@UModSys@@UEBAPEBUIRoot@core@4@PEBUSUniquePointerInfo@64@@Z 00000001400011c0 f i umodsys_lib_basesys:umodsys.base.rsystem_main.obj
 0001:000001e0       ??_GRSystem@rsystem@base@UModSys@@UEAAPEAXI@Z 00000001400011e0 f i umodsys_lib_basesys:umodsys.base.rsystem_main.obj
 0001:000001e0       ??_ERSystem@rsystem@base@UModSys@@UEAAPEAXI@Z 00000001400011e0 f i  CIL library: CIL module
 0001:00000210       ??_EISystem@base@UModSys@@UEAAPEAXI@Z 0000000140001210 f i  CIL library: CIL module
 0001:00000210       ??_GISystem@base@UModSys@@UEAAPEAXI@Z 0000000140001210 f i umodsys_lib_basesys:umodsys.base.rsystem_main.obj
 0001:00000240       ??1?$TStaticStringPool@DU?$TComparerBinaryHash@D@su@tl@UModSys@@USMemAlloc_Malloc@core@4@@tl@UModSys@@QEAA@XZ 0000000140001240 f i umodsys_lib_basesys:umodsys.base.rsystem_main.obj
 0001:00000250       ??1?$TScatterArray@USUniPtrHolder@RSystem@rsystem@base@UModSys@@HU?$TNodeDeleter@U?$TScatterArrayNode@USUniPtrHolder@RSystem@rsystem@base@UModSys@@H@tl@UModSys@@USMemAlloc_Malloc@core@3@@tl@5@@tl@UModSys@@QEAA@XZ 0000000140001250 f i umodsys_lib_basesys:umodsys.base.rsystem_main.obj
 0001:00000270       ?clear@?$TTreeHoldRBD@U?$TScatterArrayNode@USUniPtrHolder@RSystem@rsystem@base@UModSys@@H@tl@UModSys@@U?$TNodeDeleter@U?$TScatterArrayNode@USUniPtrHolder@RSystem@rsystem@base@UModSys@@H@tl@UModSys@@USMemAlloc_Malloc@core@3@@23@@tl@UModSys@@QEAAXXZ 0000000140001270 f i umodsys_lib_basesys:umodsys.base.rsystem_main.obj
 0001:00000300       ?append@?$TStaticStringPool@DU?$TComparerBinaryHash@D@su@tl@UModSys@@USMemAlloc_Malloc@core@4@@tl@UModSys@@QEAAPEBU?$TString@U?$TSCoreConst@D@su@tl@UModSys@@U?$TComparerBinaryHash@D@234@@23@PEBD_K@Z 0000000140001300 f i umodsys_lib_basesys:umodsys.base.rsystem_main.obj
 0001:00000580       ?release@?$TStaticStringPool@DU?$TComparerBinaryHash@D@su@tl@UModSys@@USMemAlloc_Malloc@core@4@@tl@UModSys@@QEAAXXZ 0000000140001580 f i umodsys_lib_basesys:umodsys.base.rsystem_main.obj
 0001:000005e0       ?find_s@?$TStaticStringPool@DU?$TComparerBinaryHash@D@su@tl@UModSys@@USMemAlloc_Malloc@core@4@@tl@UModSys@@QEBAPEBU?$TString@U?$TSCoreConst@D@su@tl@UModSys@@U?$TComparerBinaryHash@D@234@@23@AEBU423@@Z 00000001400015e0 f i umodsys_lib_basesys:umodsys.base.rsystem_main.obj
 0001:00000680       ??$process_nodes_r@U?$TNodeDeleter@U?$TScatterArrayNode@USUniPtrHolder@RSystem@rsystem@base@UModSys@@H@tl@UModSys@@USMemAlloc_Malloc@core@3@@tl@UModSys@@@?$TTreeHoldRB@U?$TScatterArrayNode@USUniPtrHolder@RSystem@rsystem@base@UModSys@@H@tl@UModSys@@@tl@UModSys@@KAHPEAU?$TScatterArrayNode@USUniPtrHolder@RSystem@rsystem@base@UModSys@@H@12@AEBU?$TNodeDeleter@U?$TScatterArrayNode@USUniPtrHolder@RSystem@rsystem@base@UModSys@@H@tl@UModSys@@USMemAlloc_Malloc@core@3@@12@@Z 0000000140001680 f i umodsys_lib_basesys:umodsys.base.rsystem_main.obj
 0001:000006f0       ??1?$TParametersA@$0EAA@@core@UModSys@@QEAA@XZ 00000001400016f0 f i umodsys_lib_basesys:umodsys.base.rsystem_tests.obj
 0001:00000710       ??1?$TRefObject@URParameters@rsystem@base@UModSys@@@tl@UModSys@@QEAA@XZ 0000000140001710 f i umodsys_lib_basesys:umodsys.base.rsystem_main.obj
 0001:00000710       ??1?$TRefObject@URModule@rsystem@base@UModSys@@@tl@UModSys@@QEAA@XZ 0000000140001710 f i umodsys_lib_basesys:umodsys.base.rmodulelib.obj
 0001:00000710       ??1?$TRefObject@UIShell@base@UModSys@@@tl@UModSys@@QEAA@XZ 0000000140001710 f i umodsys_lib_basesys:umodsys.base.rsystem_tests.obj
 0001:00000710       ??1?$TRefObject@UIRefObject@core@UModSys@@@tl@UModSys@@QEAA@XZ 0000000140001710 f i umodsys_lib_basesys:umodsys.base.rsystem_tests.obj
 0001:00000710       ??1?$TRefObject@URModuleLibrary@rsystem@base@UModSys@@@tl@UModSys@@QEAA@XZ 0000000140001710 f i umodsys_lib_basesys:umodsys.base.rmoduleloader.obj
 0001:00000740       ??_ERModuleLoader@rsystem@base@UModSys@@UEAAPEAXI@Z 0000000140001740 f i  CIL library: CIL module
 0001:00000740       ??_GRModuleLoader@rsystem@base@UModSys@@UEAAPEAXI@Z 0000000140001740 f i umodsys_lib_basesys:umodsys.base.rmoduleloader.obj
 0001:00000770       ??_EIModuleLoader@base@UModSys@@UEAAPEAXI@Z 0000000140001770 f i  CIL library: CIL module
 0001:00000770       ??_GIModuleLoader@base@UModSys@@UEAAPEAXI@Z 0000000140001770 f i umodsys_lib_basesys:umodsys.base.rmoduleloader.obj
 0001:000007a0       ?remove_at@?$TArray@U?$TRefObject@URModuleLibrary@rsystem@base@UModSys@@@tl@UModSys@@U?$TAllocator@USMemAlloc_Malloc@core@UModSys@@USCountCalcPower2@23@@23@@tl@UModSys@@QEAA_N_K@Z 00000001400017a0 f i umodsys_lib_basesys:umodsys.base.rmoduleloader.obj
 0001:00000820       ??$genx_node@UCmp@?$TScatterArray@USUniPtrHolder@RSystem@rsystem@base@UModSys@@HU?$TNodeDeleter@U?$TScatterArrayNode@USUniPtrHolder@RSystem@rsystem@base@UModSys@@H@tl@UModSys@@USMemAlloc_Malloc@core@3@@tl@5@@tl@UModSys@@UGen0@234@@?$TTreeHoldRBD@U?$TScatterArrayNode@USUniPtrHolder@RSystem@rsystem@base@UModSys@@H@tl@UModSys@@U?$TNodeDeleter@U?$TScatterArrayNode@USUniPtrHolder@RSystem@rsystem@base@UModSys@@H@tl@UModSys@@USMemAlloc_Malloc@core@3@@23@@tl@UModSys@@QEAAPEAU?$TScatterArrayNode@USUniPtrHolder@RSystem@rsystem@base@UModSys@@H@12@UCmp@?$TScatterArray@USUniPtrHolder@RSystem@rsystem@base@UModSys@@HU?$TNodeDeleter@U?$TScatterArrayNode@USUniPtrHolder@RSystem@rsystem@base@UModSys@@H@tl@UModSys@@USMemAlloc_Malloc@core@3@@tl@5@@12@AEBUGen0@512@PEAPEAU312@2_N@Z 0000000140001820 f i umodsys_lib_basesys:umodsys.base.rsystem.obj
 0001:00000990       ??$first_node_u@UCmp@?$TScatterArray@USUniPtrHolder@RSystem@rsystem@base@UModSys@@HU?$TNodeDeleter@U?$TScatterArrayNode@USUniPtrHolder@RSystem@rsystem@base@UModSys@@H@tl@UModSys@@USMemAlloc_Malloc@core@3@@tl@5@@tl@UModSys@@@?$TTreeHoldRB@U?$TScatterArrayNode@USUniPtrHolder@RSystem@rsystem@base@UModSys@@H@tl@UModSys@@@tl@UModSys@@QEBAPEAU?$TScatterArrayNode@USUniPtrHolder@RSystem@rsystem@base@UModSys@@H@12@UCmp@?$TScatterArray@USUniPtrHolder@RSystem@rsystem@base@UModSys@@HU?$TNodeDeleter@U?$TScatterArrayNode@USUniPtrHolder@RSystem@rsystem@base@UModSys@@H@tl@UModSys@@USMemAlloc_Malloc@core@3@@tl@5@@12@@Z 0000000140001990 f i umodsys_lib_basesys:umodsys.base.rsystem.obj
 0001:00000ae0       ?insert_color@?$TTreeHoldRB@U?$TScatterArrayNode@USUniPtrHolder@RSystem@rsystem@base@UModSys@@H@tl@UModSys@@@tl@UModSys@@IEAAXPEAU?$TScatterArrayNode@USUniPtrHolder@RSystem@rsystem@base@UModSys@@H@23@@Z 0000000140001ae0 f i umodsys_lib_basesys:umodsys.base.rsystem.obj
 0001:00000c90       ?get_interface_info@RParameters@rsystem@base@UModSys@@UEBAAEBUSUniquePointerInfo@core@4@XZ 0000000140001c90 f i umodsys_lib_basesys:umodsys.base.rparameters.obj
 0001:00000ca0       ?get_interface_type@RParameters@rsystem@base@UModSys@@UEBAPEBUSUniquePointerInfo@core@4@XZ 0000000140001ca0 f i umodsys_lib_basesys:umodsys.base.rparameters.obj
 0001:00000cb0       ?get_other_interface@RParameters@rsystem@base@UModSys@@UEAAPEAUIRoot@core@4@PEBUSUniquePointerInfo@64@@Z 0000000140001cb0 f i umodsys_lib_basesys:umodsys.base.rparameters.obj
 0001:00000cb0       ?get_other_interface@RParameters@rsystem@base@UModSys@@UEBAPEBUIRoot@core@4@PEBUSUniquePointerInfo@64@@Z 0000000140001cb0 f i umodsys_lib_basesys:umodsys.base.rparameters.obj
 0001:00000ce0       ?suicide@RParameters@rsystem@base@UModSys@@UEAAXXZ 0000000140001ce0 f i umodsys_lib_basesys:umodsys.base.rparameters.obj
 0001:00000ce0       ?suicide@RModuleLibrary@rsystem@base@UModSys@@UEAAXXZ 0000000140001ce0 f i umodsys_lib_basesys:umodsys.base.rmodulelib.obj
 0001:00000d00       ??_ERParameters@rsystem@base@UModSys@@UEAAPEAXI@Z 0000000140001d00 f i  CIL library: CIL module
 0001:00000d00       ??_GRParameters@rsystem@base@UModSys@@UEAAPEAXI@Z 0000000140001d00 f i umodsys_lib_basesys:umodsys.base.rparameters.obj
 0001:00000d30       ??$shash@D@su@tl@UModSys@@YAHPEBD@Z 0000000140001d30 f i umodsys_lib_basesys:umodsys.base.rparameters.obj
 0001:00000d60       ?get_interface_info@RModuleLibrary@rsystem@base@UModSys@@UEBAAEBUSUniquePointerInfo@core@4@XZ 0000000140001d60 f i umodsys_lib_basesys:umodsys.base.rmodulelib.obj
 0001:00000d70       ?get_interface_type@RModuleLibrary@rsystem@base@UModSys@@UEBAPEBUSUniquePointerInfo@core@4@XZ 0000000140001d70 f i umodsys_lib_basesys:umodsys.base.rmodulelib.obj
 0001:00000d80       ?get_other_interface@RModuleLibrary@rsystem@base@UModSys@@UEAAPEAUIRoot@core@4@PEBUSUniquePointerInfo@64@@Z 0000000140001d80 f i umodsys_lib_basesys:umodsys.base.rmodulelib.obj
 0001:00000d80       ?get_other_interface@RModuleLibrary@rsystem@base@UModSys@@UEBAPEBUIRoot@core@4@PEBUSUniquePointerInfo@64@@Z 0000000140001d80 f i umodsys_lib_basesys:umodsys.base.rmodulelib.obj
 0001:00000db0       ??_ERModuleLibrary@rsystem@base@UModSys@@UEAAPEAXI@Z 0000000140001db0 f i  CIL library: CIL module
 0001:00000db0       ??_GRModuleLibrary@rsystem@base@UModSys@@UEAAPEAXI@Z 0000000140001db0 f i umodsys_lib_basesys:umodsys.base.rmodulelib.obj
 0001:00000de0       ??1?$TString@U?$TSCoreShared@USMemAlloc_Malloc@core@UModSys@@D@su@tl@UModSys@@U?$TComparerBinaryHash@D@234@@tl@UModSys@@QEAA@XZ 0000000140001de0 f i umodsys_lib_basesys:umodsys.base.rmodulelib.obj
 0001:00000e30       ??_GIModuleLibrary@base@UModSys@@UEAAPEAXI@Z 0000000140001e30 f i umodsys_lib_basesys:umodsys.base.rmodulelib.obj
 0001:00000e30       ??_EIModuleLibrary@base@UModSys@@UEAAPEAXI@Z 0000000140001e30 f i  CIL library: CIL module
 0001:00000e60       ??1?$TArray@U?$TRefObject@URModule@rsystem@base@UModSys@@@tl@UModSys@@U?$TAllocator@USMemAlloc_Malloc@core@UModSys@@USCountCalcPower2@23@@23@@tl@UModSys@@QEAA@XZ 0000000140001e60 f i umodsys_lib_basesys:umodsys.base.rmodulelib.obj
 0001:00000e70       ?free@?$TArray@U?$TRefObject@URModule@rsystem@base@UModSys@@@tl@UModSys@@U?$TAllocator@USMemAlloc_Malloc@core@UModSys@@USCountCalcPower2@23@@23@@tl@UModSys@@QEAA_NXZ 0000000140001e70 f i umodsys_lib_basesys:umodsys.base.rmodulelib.obj
 0001:00000e70       ?free@?$TArray@U?$TRefObject@URModuleLibrary@rsystem@base@UModSys@@@tl@UModSys@@U?$TAllocator@USMemAlloc_Malloc@core@UModSys@@USCountCalcPower2@23@@23@@tl@UModSys@@QEAA_NXZ 0000000140001e70 f i umodsys_lib_basesys:umodsys.base.rmoduleloader.obj
 0001:00000eb0       ?info_new@?$TSCoreShared@USMemAlloc_Malloc@core@UModSys@@D@su@tl@UModSys@@QEAA_NPEBD_K@Z 0000000140001eb0 f i umodsys_lib_basesys:umodsys.base.rmodulelib.obj
 0001:00000f60       ?push@?$TArray@U?$TRefObject@URModuleLibrary@rsystem@base@UModSys@@@tl@UModSys@@U?$TAllocator@USMemAlloc_Malloc@core@UModSys@@USCountCalcPower2@23@@23@@tl@UModSys@@QEAA_NAEBU?$TRefObject@URModuleLibrary@rsystem@base@UModSys@@@23@@Z 0000000140001f60 f i umodsys_lib_basesys:umodsys.base.rmodulelib.obj
 0001:00000f60       ?push@?$TArray@U?$TRefObject@URModule@rsystem@base@UModSys@@@tl@UModSys@@U?$TAllocator@USMemAlloc_Malloc@core@UModSys@@USCountCalcPower2@23@@23@@tl@UModSys@@QEAA_NAEBU?$TRefObject@URModule@rsystem@base@UModSys@@@23@@Z 0000000140001f60 f i umodsys_lib_basesys:umodsys.base.rmodulelib.obj
 0001:00001010       ?resize@?$TArray@U?$TRefObject@URModuleLibrary@rsystem@base@UModSys@@@tl@UModSys@@U?$TAllocator@USMemAlloc_Malloc@core@UModSys@@USCountCalcPower2@23@@23@@tl@UModSys@@QEAA_N_K@Z 0000000140002010 f i umodsys_lib_basesys:umodsys.base.rmoduleloader.obj
 0001:00001010       ?resize@?$TArray@U?$TRefObject@URModule@rsystem@base@UModSys@@@tl@UModSys@@U?$TAllocator@USMemAlloc_Malloc@core@UModSys@@USCountCalcPower2@23@@23@@tl@UModSys@@QEAA_N_K@Z 0000000140002010 f i umodsys_lib_basesys:umodsys.base.rmodulelib.obj
 0001:00001090       ?get_interface_info@RModule@rsystem@base@UModSys@@UEBAAEBUSUniquePointerInfo@core@4@XZ 0000000140002090 f i umodsys_lib_basesys:umodsys.base.rmodule.obj
 0001:000010a0       ?get_interface_type@RModule@rsystem@base@UModSys@@UEBAPEBUSUniquePointerInfo@core@4@XZ 00000001400020a0 f i umodsys_lib_basesys:umodsys.base.rmodule.obj
 0001:000010b0       ?get_other_interface@RModule@rsystem@base@UModSys@@UEAAPEAUIRoot@core@4@PEBUSUniquePointerInfo@64@@Z 00000001400020b0 f i umodsys_lib_basesys:umodsys.base.rmodule.obj
 0001:000010b0       ?get_other_interface@RModule@rsystem@base@UModSys@@UEBAPEBUIRoot@core@4@PEBUSUniquePointerInfo@64@@Z 00000001400020b0 f i umodsys_lib_basesys:umodsys.base.rmodule.obj
 0001:000010e0       ?suicide@RModule@rsystem@base@UModSys@@UEAAXXZ 00000001400020e0 f i umodsys_lib_basesys:umodsys.base.rmodule.obj
 0001:00001130       ??_GRModule@rsystem@base@UModSys@@UEAAPEAXI@Z 0000000140002130 f i umodsys_lib_basesys:umodsys.base.rmodule.obj
 0001:00001130       ??_ERModule@rsystem@base@UModSys@@UEAAPEAXI@Z 0000000140002130 f i  CIL library: CIL module
 0001:00001160       ??_EIModule@base@UModSys@@UEAAPEAXI@Z 0000000140002160 f i  CIL library: CIL module
 0001:00001160       ??_GIModule@base@UModSys@@UEAAPEAXI@Z 0000000140002160 f i umodsys_lib_basesys:umodsys.base.rmodule.obj
 0001:00001190       ??1?$TArray@UModuleObjInfo@RModule@rsystem@base@UModSys@@U?$TAllocator@USMemAlloc_Malloc@core@UModSys@@USCountCalcPower2@23@@tl@5@@tl@UModSys@@QEAA@XZ 0000000140002190 f i umodsys_lib_basesys:umodsys.base.rmodule.obj
 0001:000011a0       ??1?$TArray@UGeneratedObjInfo@RModule@rsystem@base@UModSys@@U?$TAllocator@USMemAlloc_Malloc@core@UModSys@@USCountCalcPower2@23@@tl@5@@tl@UModSys@@QEAA@XZ 00000001400021a0 f i umodsys_lib_basesys:umodsys.base.rmodule.obj
 0001:000011b0       ??1?$TArray@PEBUSUniquePointerInfo@core@UModSys@@U?$TAllocator@USMemAlloc_Malloc@core@UModSys@@USCountCalcPower2@23@@tl@3@@tl@UModSys@@QEAA@XZ 00000001400021b0 f i umodsys_lib_basesys:umodsys.base.rmodule.obj
 0001:000011c0       ?resize@?$TArray@UModuleObjInfo@RModule@rsystem@base@UModSys@@U?$TAllocator@USMemAlloc_Malloc@core@UModSys@@USCountCalcPower2@23@@tl@5@@tl@UModSys@@QEAA_N_K@Z 00000001400021c0 f i umodsys_lib_basesys:umodsys.base.rmodule.obj
 0001:000012e0       ?free@?$TArray@UModuleObjInfo@RModule@rsystem@base@UModSys@@U?$TAllocator@USMemAlloc_Malloc@core@UModSys@@USCountCalcPower2@23@@tl@5@@tl@UModSys@@QEAA_NXZ 00000001400022e0 f i umodsys_lib_basesys:umodsys.base.rmodule.obj
 0001:00001320       ?resize@?$TArray@UGeneratedObjInfo@RModule@rsystem@base@UModSys@@U?$TAllocator@USMemAlloc_Malloc@core@UModSys@@USCountCalcPower2@23@@tl@5@@tl@UModSys@@QEAA_N_K@Z 0000000140002320 f i umodsys_lib_basesys:umodsys.base.rmodule.obj
 0001:00001430       ?free@?$TArray@UGeneratedObjInfo@RModule@rsystem@base@UModSys@@U?$TAllocator@USMemAlloc_Malloc@core@UModSys@@USCountCalcPower2@23@@tl@5@@tl@UModSys@@QEAA_NXZ 0000000140002430 f i umodsys_lib_basesys:umodsys.base.rmodule.obj
 0001:00001470       ?resize@?$TArray@PEBUSUniquePointerInfo@core@UModSys@@U?$TAllocator@USMemAlloc_Malloc@core@UModSys@@USCountCalcPower2@23@@tl@3@@tl@UModSys@@QEAA_N_K@Z 0000000140002470 f i umodsys_lib_basesys:umodsys.base.rmodule.obj
 0001:00001540       ?free@?$TArray@PEBUSUniquePointerInfo@core@UModSys@@U?$TAllocator@USMemAlloc_Malloc@core@UModSys@@USCountCalcPower2@23@@tl@3@@tl@UModSys@@QEAA_NXZ 0000000140002540 f i umodsys_lib_basesys:umodsys.base.rmodule.obj
 0001:00001578       _onexit                    0000000140002578 f   MSVCRT:atonexit.obj
 0001:00001628       atexit                     0000000140002628 f   MSVCRT:atonexit.obj
 0001:00001910       mainCRTStartup             0000000140002910 f   MSVCRT:crtexe.obj
 0001:00001922       _purecall                  0000000140002922 f   MSVCRT:MSVCR90.dll
 0001:00001928       ??3@YAXPEAX@Z              0000000140002928 f   MSVCRT:MSVCR90.dll
 0001:00001930       ??_Etype_info@@UEAAPEAXI@Z 0000000140002930 f i MSVCRT:ti_inst.obj
 0001:0000199a       ??2@YAPEAX_K@Z             000000014000299a f   MSVCRT:MSVCR90.dll
 0001:000019a0       __C_specific_handler       00000001400029a0 f   MSVCRT:MSVCR90.dll
 0001:000019a6       _unlock                    00000001400029a6 f   MSVCRT:MSVCR90.dll
 0001:000019ac       __dllonexit                00000001400029ac f   MSVCRT:MSVCR90.dll
 0001:000019b2       _lock                      00000001400029b2 f   MSVCRT:MSVCR90.dll
 0001:000019b8       ?__CxxUnhandledExceptionFilter@@YAJPEAU_EXCEPTION_POINTERS@@@Z 00000001400029b8 f   MSVCRT:unhandld.obj
 0001:000019fc       __CxxSetUnhandledExceptionFilter 00000001400029fc f   MSVCRT:unhandld.obj
 0001:00001a14       _amsg_exit                 0000000140002a14 f   MSVCRT:MSVCR90.dll
 0001:00001a1c       _RTC_Initialize            0000000140002a1c f   MSVCRT:_initsect_.obj
 0001:00001a54       _RTC_Terminate             0000000140002a54 f   MSVCRT:_initsect_.obj
 0001:00001a8c       _XcptFilter                0000000140002a8c f   MSVCRT:MSVCR90.dll
 0001:00001aa0       _ValidateImageBase         0000000140002aa0 f   MSVCRT:pesect.obj
 0001:00001ad0       _FindPESection             0000000140002ad0 f   MSVCRT:pesect.obj
 0001:00001b20       _IsNonwritableInCurrentImage 0000000140002b20 f   MSVCRT:pesect.obj
 0001:00001b62       _initterm                  0000000140002b62 f   MSVCRT:MSVCR90.dll
 0001:00001b68       _initterm_e                0000000140002b68 f   MSVCRT:MSVCR90.dll
 0001:00001b70       _setargv                   0000000140002b70 f   MSVCRT:dllargv.obj
 0001:00001b70       _matherr                   0000000140002b70 f   MSVCRT:merr.obj
 0001:00001b74       __security_init_cookie     0000000140002b74 f   MSVCRT:gs_support.obj
 0001:00001c28       ?__ArrayUnwind@@YAXPEAX_KHP6AX0@Z@Z 0000000140002c28 f   MSVCRT:ehvecdtr.obj
 0001:00001c74       ??_M@YAXPEAX_KHP6AX0@Z@Z   0000000140002c74 f   MSVCRT:ehvecdtr.obj
 0001:00001cd2       ?terminate@@YAXXZ          0000000140002cd2 f   MSVCRT:MSVCR90.dll
 0001:00001cd8       ?_type_info_dtor_internal_method@type_info@@QEAAXXZ 0000000140002cd8 f   MSVCRT:MSVCR90.dll
 0001:00001cd8       ??1type_info@@UEAA@XZ      0000000140002cd8 f   MSVCRT:MSVCR90.dll
 0001:00001ce0       ?gracial_convert@syshlp@core@UModSys@@YA_NPEADHPEB_WH@Z 0000000140002ce0 f   umodsys_lib_core:umodsys.core.syshlp_charcode.win32.obj
 0001:00001d40       ?gracial_convert@syshlp@core@UModSys@@YA_NPEA_WHPEBDH@Z 0000000140002d40 f   umodsys_lib_core:umodsys.core.syshlp_charcode.win32.obj
 0001:00001d90       ?path_uni_os@syshlp@core@UModSys@@YAXPEA_W@Z 0000000140002d90 f   umodsys_lib_core:umodsys.core.syshlp_chars.win32.obj
 0001:00001dc0       ?path_os_uni@syshlp@core@UModSys@@YAXPEAD@Z 0000000140002dc0 f   umodsys_lib_core:umodsys.core.syshlp_chars.win32.obj
 0001:00001de0       ?gracial_cpy@syshlp@core@UModSys@@YA_NPEA_WHQEAPEB_WH@Z 0000000140002de0 f   umodsys_lib_core:umodsys.core.syshlp_chars.win32.obj
 0001:00001ed0       ?gracial_cpy@syshlp@core@UModSys@@YA_NPEADHQEAPEBDH@Z 0000000140002ed0 f   umodsys_lib_core:umodsys.core.syshlp_chars.win32.obj
 0001:00001fb0       ??1IRoot@core@UModSys@@UEAA@XZ 0000000140002fb0 f   umodsys_lib_core:umodsys.core.objects.obj
 0001:00001fd0       ??1IRefObject@core@UModSys@@UEAA@XZ 0000000140002fd0 f   umodsys_lib_core:umodsys.core.objects.obj
 0001:00001fe0       ??0SUniquePtrList@core@UModSys@@QEAA@PEAPEBUSUniquePointerInfo@12@_K@Z 0000000140002fe0 f   umodsys_lib_core:umodsys.core.uniqueptr.obj
 0001:00002000       ?s_unresolve@SUniquePointer@core@UModSys@@SAXPEAUIUniquePointerResolver@23@@Z 0000000140003000 f   umodsys_lib_core:umodsys.core.uniqueptr.obj
 0001:00002070       ?s_resolve@SUniquePointer@core@UModSys@@SAXPEAUIUniquePointerResolver@23@@Z 0000000140003070 f   umodsys_lib_core:umodsys.core.uniqueptr.obj
 0001:000020f0       ??1SUniquePointer@core@UModSys@@QEAA@XZ 00000001400030f0 f   umodsys_lib_core:umodsys.core.uniqueptr.obj
 0001:00002120       ??0SUniquePointer@core@UModSys@@QEAA@H@Z 0000000140003120 f   umodsys_lib_core:umodsys.core.uniqueptr.obj
 0001:00002150       ??0SUniquePointer@core@UModSys@@QEAA@PEBD0H@Z 0000000140003150 f   umodsys_lib_core:umodsys.core.uniqueptr.obj
 0001:000021a0       ??1SModuleInfo@base@UModSys@@QEAA@XZ 00000001400031a0 f   umodsys_lib_base:umodsys.base.moduleinfo.obj
 0001:000021b0       ??0SModuleInfo@base@UModSys@@QEAA@XZ 00000001400031b0 f   umodsys_lib_base:umodsys.base.moduleinfo.obj
 0001:000021e0       ??1IModuleLoader@base@UModSys@@UEAA@XZ 00000001400031e0 f   umodsys_lib_base:umodsys.base.moduleloader.obj
 0001:000021f0       ??1SDebug@base@UModSys@@QEAA@XZ 00000001400031f0 f   umodsys_lib_base:umodsys.base.debug.obj
 0001:00002220       ??0SDebug@base@UModSys@@QEAA@PEAUIConsole@12@I@Z 0000000140003220 f   umodsys_lib_base:umodsys.base.debug.obj
 0001:00002240       ??1ISystem@base@UModSys@@UEAA@XZ 0000000140003240 f   umodsys_lib_base:umodsys.base.system.obj
 0001:00002250       ?Link@SModuleContext@base@UModSys@@QEAAXPEAUISystem@23@PEAUIMemAlloc@core@3@@Z 0000000140003250 f   umodsys_lib_base:umodsys.base.modulecontext.obj
 0001:00002290       ??0SModuleContext@base@UModSys@@QEAA@XZ 0000000140003290 f   umodsys_lib_base:umodsys.base.modulecontext.obj
 0001:000022c0       ??1SModuleContext@base@UModSys@@QEAA@XZ 00000001400032c0 f   umodsys_lib_base:umodsys.base.modulecontext.obj
 0001:000022d0       ?get_paramworker@SParameters@core@UModSys@@KAPEAUIParameters@23@XZ 00000001400032d0 f   umodsys_lib_base:umodsys.base.modulecontext.obj
 0001:000022e0       ?ref_links@RModule@rsystem@base@UModSys@@UEBAHXZ 00000001400032e0 f   umodsys_lib_basesys:umodsys.base.rmodule.obj
 0001:000022f0       ?ref_remove@RModule@rsystem@base@UModSys@@UEBAXXZ 00000001400032f0 f   umodsys_lib_basesys:umodsys.base.rmodule.obj
 0001:00002320       ?ref_add@RModule@rsystem@base@UModSys@@UEBAXXZ 0000000140003320 f   umodsys_lib_basesys:umodsys.base.rmodule.obj
 0001:00002330       ?scan@RModule@rsystem@base@UModSys@@QEAA_NXZ 0000000140003330 f   umodsys_lib_basesys:umodsys.base.rmodule.obj
 0001:00002370       ?mod_findobjname@RModule@rsystem@base@UModSys@@UEAA_KPEBUSUniquePointerInfo@core@4@QEAPEBU564@_K@Z 0000000140003370 f   umodsys_lib_basesys:umodsys.base.rmodule.obj
 0001:00002420       ?is_open@RModule@rsystem@base@UModSys@@UEBA_NXZ 0000000140003420 f   umodsys_lib_basesys:umodsys.base.rmodule.obj
 0001:00002450       ?get_info@RModule@rsystem@base@UModSys@@UEBAAEBUSModuleInfo@34@XZ 0000000140003450 f   umodsys_lib_basesys:umodsys.base.rmodule.obj
 0001:00002460       ?get_library@RModule@rsystem@base@UModSys@@UEBAPEAUIModuleLibrary@34@XZ 0000000140003460 f   umodsys_lib_basesys:umodsys.base.rmodule.obj
 0001:00002470       ??1RModule@rsystem@base@UModSys@@UEAA@XZ 0000000140003470 f   umodsys_lib_basesys:umodsys.base.rmodule.obj
 0001:000024d0       ?unreg_obj@RModule@rsystem@base@UModSys@@QEAA_NPEAUIModObject@34@@Z 00000001400034d0 f   umodsys_lib_basesys:umodsys.base.rmodule.obj
 0001:00002600       ?reg_generator@RModule@rsystem@base@UModSys@@QEAA_NPEAUModuleObjInfo@1234@PEAUIGenerator@34@@Z 0000000140003600 f   umodsys_lib_basesys:umodsys.base.rmodule.obj
 0001:00002840       ?save_db@RModule@rsystem@base@UModSys@@QEAA_NPEAU_iobuf@@@Z 0000000140003840 f   umodsys_lib_basesys:umodsys.base.rmodule.obj
 0001:00002aa0       ?alloc_minfo@RModule@rsystem@base@UModSys@@QEAA_NAEBUSModuleInfo@34@@Z 0000000140003aa0 f   umodsys_lib_basesys:umodsys.base.rmodule.obj
 0001:00002b70       ?reg_obj@RModule@rsystem@base@UModSys@@QEAAPEAUModuleObjInfo@1234@PEAUIModObject@34@@Z 0000000140003b70 f   umodsys_lib_basesys:umodsys.base.rmodule.obj
 0001:00002d20       ?mod_generate@RModule@rsystem@base@UModSys@@UEAA_NAEAU?$TRefObject@UIRefObject@core@UModSys@@@tl@4@PEBUSUniquePointerInfo@core@4@AEBUSParameters@84@@Z 0000000140003d20 f   umodsys_lib_basesys:umodsys.base.rmodule.obj
 0001:00002e80       ?reg@RModule@rsystem@base@UModSys@@UEAA_NPEAUIGenerator@34@_N@Z 0000000140003e80 f   umodsys_lib_basesys:umodsys.base.rmodule.obj
 0001:00002ef0       ?reg@RModule@rsystem@base@UModSys@@UEAA_NPEAUIModObject@34@_N@Z 0000000140003ef0 f   umodsys_lib_basesys:umodsys.base.rmodule.obj
 0001:00002f20       ?close@RModule@rsystem@base@UModSys@@UEAA_NXZ 0000000140003f20 f   umodsys_lib_basesys:umodsys.base.rmodule.obj
 0001:00002f90       ?open@RModule@rsystem@base@UModSys@@UEAA_NXZ 0000000140003f90 f   umodsys_lib_basesys:umodsys.base.rmodule.obj
 0001:00003010       ??0RModule@rsystem@base@UModSys@@QEAA@PEAURModuleLibrary@123@PEAUIModuleReg@23@@Z 0000000140004010 f   umodsys_lib_basesys:umodsys.base.rmodule.obj
 0001:000030b0       ?ref_links@RModuleLibrary@rsystem@base@UModSys@@UEBAHXZ 00000001400040b0 f   umodsys_lib_basesys:umodsys.base.rmodulelib.obj
 0001:000030c0       ?ref_remove@RModuleLibrary@rsystem@base@UModSys@@UEBAXXZ 00000001400040c0 f   umodsys_lib_basesys:umodsys.base.rmodulelib.obj
 0001:000030f0       ?ref_add@RModuleLibrary@rsystem@base@UModSys@@UEBAXXZ 00000001400040f0 f   umodsys_lib_basesys:umodsys.base.rmodulelib.obj
 0001:00003100       ?lib_unload@RModuleLibrary@rsystem@base@UModSys@@UEAA_NXZ 0000000140004100 f   umodsys_lib_basesys:umodsys.base.rmodulelib.obj
 0001:00003120       ?lib_loaded@RModuleLibrary@rsystem@base@UModSys@@UEBA_NXZ 0000000140004120 f   umodsys_lib_basesys:umodsys.base.rmodulelib.obj
 0001:00003130       ?get_system@RModuleLibrary@rsystem@base@UModSys@@UEBAPEAUISystem@34@XZ 0000000140004130 f   umodsys_lib_basesys:umodsys.base.rmodulelib.obj
 0001:00003140       ?get_privmem@RModuleLibrary@rsystem@base@UModSys@@UEBAPEAUIMemAlloc@core@4@XZ 0000000140004140 f   umodsys_lib_basesys:umodsys.base.rmodulelib.obj
 0001:00003150       ?s_find_dup@RModuleLibrary@rsystem@base@UModSys@@SA_KAEBU?$TArray@U?$TRefObject@URModuleLibrary@rsystem@base@UModSys@@@tl@UModSys@@U?$TAllocator@USMemAlloc_Malloc@core@UModSys@@USCountCalcPower2@23@@23@@tl@4@PEAUIModuleLibraryReg@34@@Z 0000000140004150 f   umodsys_lib_basesys:umodsys.base.rmodulelib.obj
 0001:00003190       ?unlink@RModuleLibrary@rsystem@base@UModSys@@QEAA_NXZ 0000000140004190 f   umodsys_lib_basesys:umodsys.base.rmodulelib.obj
 0001:00003200       ?lib_generate@RModuleLibrary@rsystem@base@UModSys@@UEAA_NAEAU?$TRefObject@UIRefObject@core@UModSys@@@tl@4@PEBUSUniquePointerInfo@core@4@AEBUSParameters@84@@Z 0000000140004200 f   umodsys_lib_basesys:umodsys.base.rmodulelib.obj
 0001:00003290       ?lib_findobjname@RModuleLibrary@rsystem@base@UModSys@@UEAA_KPEBUSUniquePointerInfo@core@4@QEAPEBU564@_K@Z 0000000140004290 f   umodsys_lib_basesys:umodsys.base.rmodulelib.obj
 0001:00003330       ?get_module@RModuleLibrary@rsystem@base@UModSys@@UEBAPEAUIModule@34@_K@Z 0000000140004330 f   umodsys_lib_basesys:umodsys.base.rmodulelib.obj
 0001:00003350       ?get_module_count@RModuleLibrary@rsystem@base@UModSys@@UEBA_KXZ 0000000140004350 f   umodsys_lib_basesys:umodsys.base.rmodulelib.obj
 0001:00003360       ?get_sys_libname@RModuleLibrary@rsystem@base@UModSys@@UEBA?AU?$TString@U?$TSCoreConst@D@su@tl@UModSys@@U?$TComparerBinaryHash@D@234@@tl@4@XZ 0000000140004360 f   umodsys_lib_basesys:umodsys.base.rmodulelib.obj
 0001:00003380       ??0RModuleLibrary@rsystem@base@UModSys@@QEAA@PEAUISystem@23@PEAUPFD_Data@0123@PEAUIModuleLibraryReg@23@@Z 0000000140004380 f   umodsys_lib_basesys:umodsys.base.rmodulelib.obj
 0001:000033e0       ?save_db@RModuleLibrary@rsystem@base@UModSys@@QEAA_NPEAU_iobuf@@@Z 00000001400043e0 f   umodsys_lib_basesys:umodsys.base.rmodulelib.obj
 0001:00003480       ??1RModuleLibrary@rsystem@base@UModSys@@UEAA@XZ 0000000140004480 f   umodsys_lib_basesys:umodsys.base.rmodulelib.obj
 0001:00003510       ?link@RModuleLibrary@rsystem@base@UModSys@@QEAA_NXZ 0000000140004510 f   umodsys_lib_basesys:umodsys.base.rmodulelib.obj
 0001:000036f0       ?load0@RModuleLibrary@rsystem@base@UModSys@@QEAA_NXZ 00000001400046f0 f   umodsys_lib_basesys:umodsys.base.rmodulelib.obj
 0001:00003790       ?cleanup@RModuleLibrary@rsystem@base@UModSys@@QEAA_KXZ 0000000140004790 f   umodsys_lib_basesys:umodsys.base.rmodulelib.obj
 0001:000037e0       ?lib_load@RModuleLibrary@rsystem@base@UModSys@@UEAA_NXZ 00000001400047e0 f   umodsys_lib_basesys:umodsys.base.rmodulelib.obj
 0001:00003820       ?scan@RModuleLibrary@rsystem@base@UModSys@@QEAA_NXZ 0000000140004820 f   umodsys_lib_basesys:umodsys.base.rmodulelib.obj
 0001:00003890       ?s_add@RModuleLibrary@rsystem@base@UModSys@@SA_NPEAUISystem@34@AEAU?$TArray@U?$TRefObject@URModuleLibrary@rsystem@base@UModSys@@@tl@UModSys@@U?$TAllocator@USMemAlloc_Malloc@core@UModSys@@USCountCalcPower2@23@@23@@tl@4@PEBD@Z 0000000140004890 f   umodsys_lib_basesys:umodsys.base.rmodulelib.obj
 0001:00003a50       ?pfd_init@RModuleLibrary@rsystem@base@UModSys@@SA_NPEAUPFD_Data@1234@@Z 0000000140004a50 f   umodsys_lib_basesys:umodsys.base.rmodule.win32.obj
 0001:00003a70       ?pfd_init@RModuleLibrary@rsystem@base@UModSys@@SA_NPEAUPFD_Data@1234@0@Z 0000000140004a70 f   umodsys_lib_basesys:umodsys.base.rmodule.win32.obj
 0001:00003aa0       ?pfd_unload@RModuleLibrary@rsystem@base@UModSys@@SA_NPEAUPFD_Data@1234@@Z 0000000140004aa0 f   umodsys_lib_basesys:umodsys.base.rmodule.win32.obj
 0001:00003b00       ?pfd_load@RModuleLibrary@rsystem@base@UModSys@@SAPEAUIModuleLibraryReg@34@PEAUPFD_Data@1234@AEBU?$TString@U?$TSCoreConst@D@su@tl@UModSys@@U?$TComparerBinaryHash@D@234@@tl@4@@Z 0000000140004b00 f   umodsys_lib_basesys:umodsys.base.rmodule.win32.obj
 0001:00003ee0       ?pfd_scan@RModuleLibrary@rsystem@base@UModSys@@SA_KPEAUISystem@34@AEAU?$TArray@U?$TRefObject@URModuleLibrary@rsystem@base@UModSys@@@tl@UModSys@@U?$TAllocator@USMemAlloc_Malloc@core@UModSys@@USCountCalcPower2@23@@23@@tl@4@AEBU?$TString@U?$TSCoreConst@D@su@tl@UModSys@@U?$TComparerBinaryHash@D@234@@74@@Z 0000000140004ee0 f   umodsys_lib_basesys:umodsys.base.rmodule.win32.obj
 0001:00003f60       ?ref_links@RParameters@rsystem@base@UModSys@@UEBAHXZ 0000000140004f60 f   umodsys_lib_basesys:umodsys.base.rparameters.obj
 0001:00003f70       ?ref_remove@RParameters@rsystem@base@UModSys@@UEBAXXZ 0000000140004f70 f   umodsys_lib_basesys:umodsys.base.rparameters.obj
 0001:00003f90       ?ref_add@RParameters@rsystem@base@UModSys@@UEBAXXZ 0000000140004f90 f   umodsys_lib_basesys:umodsys.base.rparameters.obj
 0001:00003fa0       ?estimate_size@RParameters@rsystem@base@UModSys@@IEAAHAEAUElem@1234@HPEBDHH@Z 0000000140004fa0 f   umodsys_lib_basesys:umodsys.base.rparameters.obj
 0001:00004030       ??0RParameters@rsystem@base@UModSys@@QEAA@PEAUISystem@23@@Z 0000000140005030 f   umodsys_lib_basesys:umodsys.base.rparameters.obj
 0001:00004060       ?p_init_s@RParameters@rsystem@base@UModSys@@UEAAXPEAUSParametersData@core@4@PEAXH@Z 0000000140005060 f   umodsys_lib_basesys:umodsys.base.rparameters.obj
 0001:000040b0       ??1RParameters@rsystem@base@UModSys@@UEAA@XZ 00000001400050b0 f   umodsys_lib_basesys:umodsys.base.rparameters.obj
 0001:000040d0       ?next@RParameters@rsystem@base@UModSys@@UEAA_NPEBUSParametersData@core@4@AEAU?$TString@U?$TSCoreConst@D@su@tl@UModSys@@U?$TComparerBinaryHash@D@234@@tl@4@@Z 00000001400050d0 f   umodsys_lib_basesys:umodsys.base.rparameters.obj
 0001:00004210       ?next@RParameters@rsystem@base@UModSys@@UEAA_NPEBUSParametersData@core@4@AEAPEBD@Z 0000000140005210 f   umodsys_lib_basesys:umodsys.base.rparameters.obj
 0001:00004330       ?p_init@RParameters@rsystem@base@UModSys@@UEAAXPEAUSParametersData@core@4@H@Z 0000000140005330 f   umodsys_lib_basesys:umodsys.base.rparameters.obj
 0001:000043f0       ?alloc_elems@RParameters@rsystem@base@UModSys@@IEAAXPEAXH@Z 00000001400053f0 f   umodsys_lib_basesys:umodsys.base.rparameters.obj
 0001:00004480       ?free_elems@RParameters@rsystem@base@UModSys@@IEAAXPEAXH@Z 0000000140005480 f   umodsys_lib_basesys:umodsys.base.rparameters.obj
 0001:00004530       ?get_last@RParameters@rsystem@base@UModSys@@IEAAPEAUElem@1234@PEAXHHH@Z 0000000140005530 f   umodsys_lib_basesys:umodsys.base.rparameters.obj
 0001:000045a0       ?find_elem@RParameters@rsystem@base@UModSys@@IEAAPEBUElem@1234@PEBXHHHPEBD@Z 00000001400055a0 f   umodsys_lib_basesys:umodsys.base.rparameters.obj
 0001:00004670       ?get@RParameters@rsystem@base@UModSys@@UEAA_NPEBUSParametersData@core@4@PEBDAEAPEAUIRefObject@64@@Z 0000000140005670 f   umodsys_lib_basesys:umodsys.base.rparameters.obj
 0001:00004710       ?get@RParameters@rsystem@base@UModSys@@UEAA_NPEBUSParametersData@core@4@PEBDAEAN@Z 0000000140005710 f   umodsys_lib_basesys:umodsys.base.rparameters.obj
 0001:000047b0       ?get@RParameters@rsystem@base@UModSys@@UEAA_NPEBUSParametersData@core@4@PEBDAEAH@Z 00000001400057b0 f   umodsys_lib_basesys:umodsys.base.rparameters.obj
 0001:00004850       ?get@RParameters@rsystem@base@UModSys@@UEAA_NPEBUSParametersData@core@4@PEBDAEAPEBD@Z 0000000140005850 f   umodsys_lib_basesys:umodsys.base.rparameters.obj
 0001:000048f0       ?p_init_s@RParameters@rsystem@base@UModSys@@UEAAXPEAUSParametersData@core@4@AEBU564@PEAXH@Z 00000001400058f0 f   umodsys_lib_basesys:umodsys.base.rparameters.obj
 0001:00004980       ?p_copy@RParameters@rsystem@base@UModSys@@UEAAXPEAUSParametersData@core@4@AEBU564@@Z 0000000140005980 f   umodsys_lib_basesys:umodsys.base.rparameters.obj
 0001:00004b00       ?p_init@RParameters@rsystem@base@UModSys@@UEAAXPEAUSParametersData@core@4@AEBU564@@Z 0000000140005b00 f   umodsys_lib_basesys:umodsys.base.rparameters.obj
 0001:00004c10       ?p_deinit@RParameters@rsystem@base@UModSys@@UEAAXPEAUSParametersData@core@4@@Z 0000000140005c10 f   umodsys_lib_basesys:umodsys.base.rparameters.obj
 0001:00004c90       ?add_last@RParameters@rsystem@base@UModSys@@IEAA_NPEAUSParametersData@core@4@PEBDPEBXH@Z 0000000140005c90 f   umodsys_lib_basesys:umodsys.base.rparameters.obj
 0001:00004f10       ?add@RParameters@rsystem@base@UModSys@@UEAA_NPEAUSParametersData@core@4@PEBDPEAUIRefObject@64@@Z 0000000140005f10 f   umodsys_lib_basesys:umodsys.base.rparameters.obj
 0001:00004f40       ?add@RParameters@rsystem@base@UModSys@@UEAA_NPEAUSParametersData@core@4@PEBDAEBN@Z 0000000140005f40 f   umodsys_lib_basesys:umodsys.base.rparameters.obj
 0001:00004f60       ?add@RParameters@rsystem@base@UModSys@@UEAA_NPEAUSParametersData@core@4@PEBDH@Z 0000000140005f60 f   umodsys_lib_basesys:umodsys.base.rparameters.obj
 0001:00004f90       ?add@RParameters@rsystem@base@UModSys@@UEAA_NPEAUSParametersData@core@4@PEBD1@Z 0000000140005f90 f   umodsys_lib_basesys:umodsys.base.rparameters.obj
 0001:00004fb0       ?get_upr@RSystem@rsystem@base@UModSys@@UEAAPEAUIUniquePointerResolver@core@4@XZ 0000000140005fb0 f   umodsys_lib_basesys:umodsys.base.rsystem.obj
 0001:00004fd0       ?get_modloader@RSystem@rsystem@base@UModSys@@UEAAPEAUIModuleLoader@34@XZ 0000000140005fd0 f   umodsys_lib_basesys:umodsys.base.rsystem.obj
 0001:00004fe0       ?get_syslib@RSystem@rsystem@base@UModSys@@UEAAPEAUIModuleLibrary@34@XZ 0000000140005fe0 f   umodsys_lib_basesys:umodsys.base.rsystem.obj
 0001:00004ff0       ?get_sharemem@RSystem@rsystem@base@UModSys@@UEAAPEAUIMemAlloc@core@4@XZ 0000000140005ff0 f   umodsys_lib_basesys:umodsys.base.rsystem.obj
 0001:00005000       ?get_sysmem@RSystem@rsystem@base@UModSys@@UEAAPEAUIMemAlloc@core@4@XZ 0000000140006000 f   umodsys_lib_basesys:umodsys.base.rsystem.obj
 0001:00005010       ?get_console@RSystem@rsystem@base@UModSys@@UEAAPEAUIConsole@34@XZ 0000000140006010 f   umodsys_lib_basesys:umodsys.base.rsystem.obj
 0001:00005020       ?get_params@RSystem@rsystem@base@UModSys@@UEAAPEAUIParameters@core@4@XZ 0000000140006020 f   umodsys_lib_basesys:umodsys.base.rsystem.obj
 0001:00005030       ?upi_remove@RSystem@rsystem@base@UModSys@@UEAAHPEBUSUniquePointerInfo@core@4@@Z 0000000140006030 f   umodsys_lib_basesys:umodsys.base.rsystem.obj
 0001:00005040       ?upi_add@RSystem@rsystem@base@UModSys@@UEAAPEBUSUniquePointerInfo@core@4@PEBU564@@Z 0000000140006040 f   umodsys_lib_basesys:umodsys.base.rsystem.obj
 0001:00005260       ?moduledb_load@RModuleLoader@rsystem@base@UModSys@@UEAA_NAEBU?$TString@U?$TSCoreConst@D@su@tl@UModSys@@U?$TComparerBinaryHash@D@234@@tl@4@@Z 0000000140006260 f   umodsys_lib_basesys:umodsys.base.rmoduleloader.obj
 0001:00005270       ?moduledb_module_get@RModuleLoader@rsystem@base@UModSys@@UEBAPEAUIModule@34@_K@Z 0000000140006270 f   umodsys_lib_basesys:umodsys.base.rmoduleloader.obj
 0001:000052c0       ?moduledb_module_count@RModuleLoader@rsystem@base@UModSys@@UEAA_KXZ 00000001400062c0 f   umodsys_lib_basesys:umodsys.base.rmoduleloader.obj
 0001:000052f0       ?moduledb_lib_drop@RModuleLoader@rsystem@base@UModSys@@UEAA_NPEAUIModuleLibrary@34@@Z 00000001400062f0 f   umodsys_lib_basesys:umodsys.base.rmoduleloader.obj
 0001:00005300       ?moduledb_lib_get@RModuleLoader@rsystem@base@UModSys@@UEBAPEAUIModuleLibrary@34@_K@Z 0000000140006300 f   umodsys_lib_basesys:umodsys.base.rmoduleloader.obj
 0001:00005320       ?moduledb_lib_count@RModuleLoader@rsystem@base@UModSys@@UEAA_KXZ 0000000140006320 f   umodsys_lib_basesys:umodsys.base.rmoduleloader.obj
 0001:00005330       ?moduledb_generate@RModuleLoader@rsystem@base@UModSys@@UEAA_NAEAU?$TRefObject@UIRefObject@core@UModSys@@@tl@4@PEBUSUniquePointerInfo@core@4@AEBUSParameters@84@@Z 0000000140006330 f   umodsys_lib_basesys:umodsys.base.rmoduleloader.obj
 0001:000053c0       ?moduledb_findobjname@RModuleLoader@rsystem@base@UModSys@@UEAA_KPEBUSUniquePointerInfo@core@4@QEAPEBU564@_K@Z 00000001400063c0 f   umodsys_lib_basesys:umodsys.base.rmoduleloader.obj
 0001:00005460       ??1RModuleLoader@rsystem@base@UModSys@@UEAA@XZ 0000000140006460 f   umodsys_lib_basesys:umodsys.base.rmoduleloader.obj
 0001:000054b0       ??0RModuleLoader@rsystem@base@UModSys@@QEAA@PEAUISystem@23@@Z 00000001400064b0 f   umodsys_lib_basesys:umodsys.base.rmoduleloader.obj
 0001:00005500       ?moduledb_clear@RModuleLoader@rsystem@base@UModSys@@UEAAXXZ 0000000140006500 f   umodsys_lib_basesys:umodsys.base.rmoduleloader.obj
 0001:00005530       ?cleanup@RModuleLoader@rsystem@base@UModSys@@QEAAXXZ 0000000140006530 f   umodsys_lib_basesys:umodsys.base.rmoduleloader.obj
 0001:00005580       ?moduledb_save@RModuleLoader@rsystem@base@UModSys@@UEAA_NAEBU?$TString@U?$TSCoreConst@D@su@tl@UModSys@@U?$TComparerBinaryHash@D@234@@tl@4@@Z 0000000140006580 f   umodsys_lib_basesys:umodsys.base.rmoduleloader.obj
 0001:00005630       ?moduledb_find@RModuleLoader@rsystem@base@UModSys@@UEBAPEAUIModule@34@AEBU?$TString@U?$TSCoreConst@D@su@tl@UModSys@@U?$TComparerBinaryHash@D@234@@tl@4@AEBUSVersion@core@4@@Z 0000000140006630 f   umodsys_lib_basesys:umodsys.base.rmoduleloader.obj
 0001:00005730       ?get_string@RModuleLoader@rsystem@base@UModSys@@QEAAAEBU?$TString@U?$TSCoreConst@D@su@tl@UModSys@@U?$TComparerBinaryHash@D@234@@tl@4@AEBU564@@Z 0000000140006730 f   umodsys_lib_basesys:umodsys.base.rmoduleloader.obj
 0001:00005780       ?moduledb_get_string@RModuleLoader@rsystem@base@UModSys@@UEAAAEBU?$TString@U?$TSCoreConst@D@su@tl@UModSys@@U?$TComparerBinaryHash@D@234@@tl@4@AEBU564@@Z 0000000140006780 f   umodsys_lib_basesys:umodsys.base.rmoduleloader.obj
 0001:00005790       ?moduledb_cleanup@RModuleLoader@rsystem@base@UModSys@@UEAA_KXZ 0000000140006790 f   umodsys_lib_basesys:umodsys.base.rmoduleloader.obj
 0001:00005870       ?moduledb_scan@RModuleLoader@rsystem@base@UModSys@@UEAA_KAEBU?$TString@U?$TSCoreConst@D@su@tl@UModSys@@U?$TComparerBinaryHash@D@234@@tl@4@_N@Z 0000000140006870 f   umodsys_lib_basesys:umodsys.base.rmoduleloader.obj
 0001:000058f0       ?set_console@RSystem@rsystem@base@UModSys@@QEAAXPEAUIConsole@34@@Z 00000001400068f0 f   umodsys_lib_basesys:umodsys.base.rsystem_main.obj
 0001:00005940       ?err_put@rsystem@base@UModSys@@YAXW4eRSystemDebugLevels@123@PEBDZZ 0000000140006940 f   umodsys_lib_basesys:umodsys.base.rsystem_main.obj
 0001:00005990       ?dbg_put@rsystem@base@UModSys@@YAXW4eRSystemDebugLevels@123@PEBDZZ 0000000140006990 f   umodsys_lib_basesys:umodsys.base.rsystem_main.obj
 0001:000059e0       ??1RSystem@rsystem@base@UModSys@@UEAA@XZ 00000001400069e0 f   umodsys_lib_basesys:umodsys.base.rsystem_main.obj
 0001:00005a70       ??0RSystem@rsystem@base@UModSys@@QEAA@XZ 0000000140006a70 f   umodsys_lib_basesys:umodsys.base.rsystem_main.obj
 0001:00005b70       ?find_shells@RSystem@rsystem@base@UModSys@@QEAA_KQEAPEBUSUniquePointerInfo@core@4@_K@Z 0000000140006b70 f   umodsys_lib_basesys:umodsys.base.rsystem_main.obj
 0001:00005ba0       ?exec_main@RSystem@rsystem@base@UModSys@@QEAA_NXZ 0000000140006ba0 f   umodsys_lib_basesys:umodsys.base.rsystem_main.obj
 0001:00005bc0       ?exec_args@RSystem@rsystem@base@UModSys@@QEAA_NHPEAPEAD@Z 0000000140006bc0 f   umodsys_lib_basesys:umodsys.base.rsystem_main.obj
 0001:00005bf0       ?init@RSystem@rsystem@base@UModSys@@QEAA_NXZ 0000000140006bf0 f   umodsys_lib_basesys:umodsys.base.rsystem_main.obj
 0001:00005cc0       ?deinit@RSystem@rsystem@base@UModSys@@QEAA_NXZ 0000000140006cc0 f   umodsys_lib_basesys:umodsys.base.rsystem_main.obj
 0001:00005d00       ?uptr_string@RSystem@rsystem@base@UModSys@@QEAAAEBU?$TString@U?$TSCoreConst@D@su@tl@UModSys@@U?$TComparerBinaryHash@D@234@@tl@4@AEBU564@@Z 0000000140006d00 f   umodsys_lib_basesys:umodsys.base.rsystem_main.obj
 0001:00005d50       ?get_s@RConsole_std@rsystem@base@UModSys@@UEAA_NPEAD_KPEBDZZ 0000000140006d50 f   umodsys_lib_basesys:umodsys.base.rconsole_std.obj
 0001:00005d60       ?vget_s@RConsole_std@rsystem@base@UModSys@@UEAA_NPEAD_KPEBD0@Z 0000000140006d60 f   umodsys_lib_basesys:umodsys.base.rconsole_std.obj
 0001:00005d70       ?get_c@RConsole_std@rsystem@base@UModSys@@UEAA_NPEAHPEBDZZ 0000000140006d70 f   umodsys_lib_basesys:umodsys.base.rconsole_std.obj
 0001:00005d80       ?vget_c@RConsole_std@rsystem@base@UModSys@@UEAA_NPEAHPEBDPEAD@Z 0000000140006d80 f   umodsys_lib_basesys:umodsys.base.rconsole_std.obj
 0001:00005d90       ?put@RConsole_std@rsystem@base@UModSys@@UEAA_NHPEBDZZ 0000000140006d90 f   umodsys_lib_basesys:umodsys.base.rconsole_std.obj
 0001:00005e00       ?vput@RConsole_std@rsystem@base@UModSys@@UEAA_NHPEBDPEAD@Z 0000000140006e00 f   umodsys_lib_basesys:umodsys.base.rconsole_std.obj
 0001:00005e70       ?ref_links@RConsole_std@rsystem@base@UModSys@@UEBAHXZ 0000000140006e70 f   umodsys_lib_basesys:umodsys.base.rconsole_std.obj
 0001:00005e80       ?ref_remove@RConsole_std@rsystem@base@UModSys@@UEBAXXZ 0000000140006e80 f   umodsys_lib_basesys:umodsys.base.rconsole_std.obj
 0001:00005e90       ?ref_add@RConsole_std@rsystem@base@UModSys@@UEBAXXZ 0000000140006e90 f   umodsys_lib_basesys:umodsys.base.rconsole_std.obj
 0001:00005ea0       ??0RConsole_std@rsystem@base@UModSys@@QEAA@XZ 0000000140006ea0 f   umodsys_lib_basesys:umodsys.base.rconsole_std.obj
 0001:00005ed0       ?reflect@RConsole_std@rsystem@base@UModSys@@QEAA_NPEBD@Z 0000000140006ed0 f   umodsys_lib_basesys:umodsys.base.rconsole_std.obj
 0001:00005f50       ??1RConsole_std@rsystem@base@UModSys@@UEAA@XZ 0000000140006f50 f   umodsys_lib_basesys:umodsys.base.rconsole_std.obj
 0001:00005f80       ?c_fopen@syshlp@core@UModSys@@YAPEAU_iobuf@@PEBD0@Z 0000000140006f80 f   umodsys_lib_core:umodsys.core.syshlp_files.win32.obj
 0001:00006040       ??1IModuleLibrary@base@UModSys@@UEAA@XZ 0000000140007040 f   umodsys_lib_base:umodsys.base.module.obj
 0001:00006060       ??1IModule@base@UModSys@@UEAA@XZ 0000000140007060 f   umodsys_lib_base:umodsys.base.module.obj
 0001:00006070       ??1IConsole@base@UModSys@@UEAA@XZ 0000000140007070 f   umodsys_lib_base:umodsys.base.console.obj
 0001:00006080       ?exec_test_shells@RSystem@rsystem@base@UModSys@@QEAA_NXZ 0000000140007080 f   umodsys_lib_basesys:umodsys.base.rsystem_tests.obj
 0001:00006260       ?exec_tests@RSystem@rsystem@base@UModSys@@QEAA_NXZ 0000000140007260 f   umodsys_lib_basesys:umodsys.base.rsystem_tests.obj
 0001:00006280       main                       0000000140007280 f   umodsys.c_main.obj
 0001:00006414       memcpy                     0000000140007414 f   MSVCRT:MSVCR90.dll
 0001:00006420       __CxxFrameHandler3         0000000140007420 f   MSVCRT:MSVCR90.dll
 0001:00006440       _alloca_probe              0000000140007440     MSVCRT:chkstk.obj
 0001:00006440       __chkstk                   0000000140007440 f   MSVCRT:chkstk.obj
 0002:00000000       __imp_GetCurrentProcessId  0000000140008000     kernel32:KERNEL32.dll
 0002:00000008       __imp_GetCurrentThreadId   0000000140008008     kernel32:KERNEL32.dll
 0002:00000010       __imp_GetTickCount         0000000140008010     kernel32:KERNEL32.dll
 0002:00000018       __imp_QueryPerformanceCounter 0000000140008018     kernel32:KERNEL32.dll
 0002:00000020       __imp_SetUnhandledExceptionFilter 0000000140008020     kernel32:KERNEL32.dll
 0002:00000028       __imp_Sleep                0000000140008028     kernel32:KERNEL32.dll
 0002:00000030       __imp_MultiByteToWideChar  0000000140008030     kernel32:KERNEL32.dll
 0002:00000038       __imp_WideCharToMultiByte  0000000140008038     kernel32:KERNEL32.dll
 0002:00000040       __imp_FindNextFileW        0000000140008040     kernel32:KERNEL32.dll
 0002:00000048       __imp_FindClose            0000000140008048     kernel32:KERNEL32.dll
 0002:00000050       __imp_GetProcAddress       0000000140008050     kernel32:KERNEL32.dll
 0002:00000058       __imp_LoadLibraryExW       0000000140008058     kernel32:KERNEL32.dll
 0002:00000060       __imp_FreeLibrary          0000000140008060     kernel32:KERNEL32.dll
 0002:00000068       __imp_SetErrorMode         0000000140008068     kernel32:KERNEL32.dll
 0002:00000070       __imp_FindFirstFileW       0000000140008070     kernel32:KERNEL32.dll
 0002:00000078       __imp_GetFullPathNameW     0000000140008078     kernel32:KERNEL32.dll
 0002:00000080       __imp_GetSystemTimeAsFileTime 0000000140008080     kernel32:KERNEL32.dll
 0002:00000088       \177KERNEL32_NULL_THUNK_DATA 0000000140008088     kernel32:KERNEL32.dll
 0002:00000090       __imp__encode_pointer      0000000140008090     MSVCRT:MSVCR90.dll
 0002:00000098       __imp__lock                0000000140008098     MSVCRT:MSVCR90.dll
 0002:000000a0       __imp__onexit              00000001400080a0     MSVCRT:MSVCR90.dll
 0002:000000a8       __imp__decode_pointer      00000001400080a8     MSVCRT:MSVCR90.dll
 0002:000000b0       __imp__amsg_exit           00000001400080b0     MSVCRT:MSVCR90.dll
 0002:000000b8       __imp___getmainargs        00000001400080b8     MSVCRT:MSVCR90.dll
 0002:000000c0       __imp__XcptFilter          00000001400080c0     MSVCRT:MSVCR90.dll
 0002:000000c8       __imp__exit                00000001400080c8     MSVCRT:MSVCR90.dll
 0002:000000d0       __imp__cexit               00000001400080d0     MSVCRT:MSVCR90.dll
 0002:000000d8       __imp_exit                 00000001400080d8     MSVCRT:MSVCR90.dll
 0002:000000e0       __imp___dllonexit          00000001400080e0     MSVCRT:MSVCR90.dll
 0002:000000e8       __imp__initterm            00000001400080e8     MSVCRT:MSVCR90.dll
 0002:000000f0       __imp__initterm_e          00000001400080f0     MSVCRT:MSVCR90.dll
 0002:000000f8       __imp__configthreadlocale  00000001400080f8     MSVCRT:MSVCR90.dll
 0002:00000100       __imp___setusermatherr     0000000140008100     MSVCRT:MSVCR90.dll
 0002:00000108       __imp__commode             0000000140008108     MSVCRT:MSVCR90.dll
 0002:00000110       __imp__fmode               0000000140008110     MSVCRT:MSVCR90.dll
 0002:00000118       __imp___set_app_type       0000000140008118     MSVCRT:MSVCR90.dll
 0002:00000120       __imp_?terminate@@YAXXZ    0000000140008120     MSVCRT:MSVCR90.dll
 0002:00000128       __imp_?_type_info_dtor_internal_method@type_info@@QEAAXXZ 0000000140008128     MSVCRT:MSVCR90.dll
 0002:00000130       __imp__unlock              0000000140008130     MSVCRT:MSVCR90.dll
 0002:00000138       __imp___C_specific_handler 0000000140008138     MSVCRT:MSVCR90.dll
 0002:00000140       __imp__wfopen              0000000140008140     MSVCRT:MSVCR90.dll
 0002:00000148       __imp_realloc              0000000140008148     MSVCRT:MSVCR90.dll
 0002:00000150       __imp_fprintf              0000000140008150     MSVCRT:MSVCR90.dll
 0002:00000158       __imp_memmove              0000000140008158     MSVCRT:MSVCR90.dll
 0002:00000160       __imp_??2@YAPEAX_K@Z       0000000140008160     MSVCRT:MSVCR90.dll
 0002:00000168       __imp_strncpy              0000000140008168     MSVCRT:MSVCR90.dll
 0002:00000170       __imp_malloc               0000000140008170     MSVCRT:MSVCR90.dll
 0002:00000178       __imp_free                 0000000140008178     MSVCRT:MSVCR90.dll
 0002:00000180       __imp_strncmp              0000000140008180     MSVCRT:MSVCR90.dll
 0002:00000188       __imp_fclose               0000000140008188     MSVCRT:MSVCR90.dll
 0002:00000190       __imp_vfprintf             0000000140008190     MSVCRT:MSVCR90.dll
 0002:00000198       __imp_??3@YAXPEAX@Z        0000000140008198     MSVCRT:MSVCR90.dll
 0002:000001a0       __imp__purecall            00000001400081a0     MSVCRT:MSVCR90.dll
 0002:000001a8       __imp___initenv            00000001400081a8     MSVCRT:MSVCR90.dll
 0002:000001b0       __imp___iob_func           00000001400081b0     MSVCRT:MSVCR90.dll
 0002:000001b8       __imp_memcpy               00000001400081b8     MSVCRT:MSVCR90.dll
 0002:000001c0       __imp___CxxFrameHandler3   00000001400081c0     MSVCRT:MSVCR90.dll
 0002:000001c8       \177MSVCR90_NULL_THUNK_DATA 00000001400081c8     MSVCRT:MSVCR90.dll
 0002:000001d0       __xc_a                     00000001400081d0     MSVCRT:cinitexe.obj
 0002:00000280       __xc_z                     0000000140008280     MSVCRT:cinitexe.obj
 0002:00000288       __xi_a                     0000000140008288     MSVCRT:cinitexe.obj
 0002:000002a0       __xi_z                     00000001400082a0     MSVCRT:cinitexe.obj
 0002:000002b8       ??_7type_info@@6B@         00000001400082b8     MSVCRT:ti_inst.obj
 0002:000002c0       ??_C@_0P@GHFPNOJB@bad?5allocation?$AA@ 00000001400082c0     umodsys.c_main.obj
 0002:000002d0       ??_C@_0BF@OCNNAADO@UModSys?3?3core?3?3IRoot?$AA@ 00000001400082d0     umodsys.c_main.obj
 0002:000002e8       ??_C@_0BK@EMIJFOPA@UModSys?3?3core?3?3IRefObject?$AA@ 00000001400082e8     umodsys.c_main.obj
 0002:00000308       ??_C@_0BL@IOMMHELF@UModSys?3?3core?3?3IParameters?$AA@ 0000000140008308     umodsys.c_main.obj
 0002:00000328       ??_C@_0BI@IKAOEFAP@UModSys?3?3base?3?3IConsole?$AA@ 0000000140008328     umodsys.c_main.obj
 0002:00000340       ??_C@_0BH@LKDEEPPM@UModSys?3?3base?3?3IModule?$AA@ 0000000140008340     umodsys.c_main.obj
 0002:00000358       ??_C@_0BO@PHJOHFCB@UModSys?3?3base?3?3IModuleLibrary?$AA@ 0000000140008358     umodsys.c_main.obj
 0002:00000378       ??_C@_0O@OKKJDILE@base?3?3ISystem?$AA@ 0000000140008378     umodsys.c_main.obj
 0002:00000388       ??_C@_0BK@FDPIOPHG@UModSys?3?3base?3?3IModObject?$AA@ 0000000140008388     umodsys.c_main.obj
 0002:000003a8       ??_C@_0BK@OIBKNCKJ@UModSys?3?3base?3?3IGenerator?$AA@ 00000001400083a8     umodsys.c_main.obj
 0002:000003c8       ??_C@_0BG@PJBGCMEC@UModSys?3?3base?3?3IShell?$AA@ 00000001400083c8     umodsys.c_main.obj
 0002:000003e0       ??_C@_0CA@MDFMKLLN@UModSys?3?3base?3?3rsystem?3?3RModule?$AA@ 00000001400083e0     umodsys.c_main.obj
 0002:00000400       ??_C@_0CH@CHECIBOC@UModSys?3?3base?3?3rsystem?3?3RModuleL@ 0000000140008400     umodsys.c_main.obj
 0002:00000428       ??_C@_0CE@IHGMMEEA@UModSys?3?3base?3?3rsystem?3?3RParamet@ 0000000140008428     umodsys.c_main.obj
 0002:00000450       ??_C@_0CA@IMEGDANI@UModSys?3?3base?3?3rsystem?3?3RSystem?$AA@ 0000000140008450     umodsys.c_main.obj
 0002:00000470       ??_C@_0CF@KIMLNODL@UModSys?3?3base?3?3rsystem?3?3RConsole@ 0000000140008470     umodsys.c_main.obj
 0002:00000498       ??_C@_0M@DCEPEPFJ@umodsys?4log?$AA@ 0000000140008498     umodsys.c_main.obj
 0002:000004a4       ??_C@_00CNPNBAHC@?$AA@     00000001400084a4     umodsys.c_main.obj
 0002:000004a8       ??_C@_01NBENCBCI@?$CK?$AA@ 00000001400084a8     umodsys.c_main.obj
 0002:000004b0       ??_C@_0BC@JABDEAFI@moduledb?4conf?9hdb?$AA@ 00000001400084b0     umodsys.c_main.obj
 0002:000004c8       ??_C@_08FCBDOIAH@typeinfo?$AA@ 00000001400084c8     umodsys.c_main.obj
 0002:000004d4       ??_C@_02BKFDOEMK@wt?$AA@   00000001400084d4     umodsys_lib_basesys:umodsys.base.rconsole_std.obj
 0002:000004e0       ??_7IRoot@core@UModSys@@6B@ 00000001400084e0     umodsys_lib_basesys:umodsys.base.rconsole_std.obj
 0002:00000518       ??_7IRefObject@core@UModSys@@6B@ 0000000140008518     umodsys_lib_basesys:umodsys.base.rconsole_std.obj
 0002:00000568       ??_7IConsole@base@UModSys@@6B@ 0000000140008568     umodsys_lib_basesys:umodsys.base.rconsole_std.obj
 0002:000005e8       ??_7RConsole_std@rsystem@base@UModSys@@6B@ 00000001400085e8     umodsys_lib_basesys:umodsys.base.rconsole_std.obj
 0002:00000660       ??_C@_0BB@KFMJENMO@RSystem?3?3init?$CI?$CJ?6?$AA@ 0000000140008660     umodsys_lib_basesys:umodsys.base.rsystem_main.obj
 0002:00000678       ??_C@_0CJ@KIAHLKGB@RSystem?3?3init?$CI?$CJ?5?9?9?5dump?5upi?5?$HLS?3?$CF@ 0000000140008678     umodsys_lib_basesys:umodsys.base.rsystem_main.obj
 0002:000006a8       ??_C@_09GLKDMIIA@upi?5NULL?6?$AA@ 00000001400086a8     umodsys_lib_basesys:umodsys.base.rsystem_main.obj
 0002:000006b8       ??_C@_0BD@BNEJEANG@upi?$HL?$CFs?5?$CFs?$CI?$CFd?$CJ?5?$CFp?$HN?6?$AA@ 00000001400086b8     umodsys_lib_basesys:umodsys.base.rsystem_main.obj
 0002:000006d0       ??_C@_0BO@JFPNIIPK@RSystem?3?3init?$CI?$CJ?5?9?9?5?1dump?5upi?6?$AA@ 00000001400086d0     umodsys_lib_basesys:umodsys.base.rsystem_main.obj
 0002:000006f0       ??_C@_0BI@FKDCNCM@RSystem?3?3exec_args?$CI?$CFd?$CJ?6?$AA@ 00000001400086f0     umodsys_lib_basesys:umodsys.base.rsystem_main.obj
 0002:00000708       ??_C@_0BG@NFAKDFBG@RSystem?3?3exec_main?$CI?$CJ?6?$AA@ 0000000140008708     umodsys_lib_basesys:umodsys.base.rsystem_main.obj
 0002:00000720       ??_C@_0BD@CKNOJECK@RSystem?3?3deinit?$CI?$CJ?6?$AA@ 0000000140008720     umodsys_lib_basesys:umodsys.base.rsystem_main.obj
 0002:00000748       ??_7ISystem@base@UModSys@@6B@ 0000000140008748     umodsys_lib_basesys:umodsys.base.rsystem_main.obj
 0002:000007b8       ??_7RSystem@rsystem@base@UModSys@@6BISystem@23@@ 00000001400087b8     umodsys_lib_basesys:umodsys.base.rsystem_main.obj
 0002:00000828       ??_7RSystem@rsystem@base@UModSys@@6BIUniquePointerResolver@core@3@@ 0000000140008828     umodsys_lib_basesys:umodsys.base.rsystem_main.obj
 0002:00000838       ??_C@_0BC@NNHIIPO@shells?5found?3?5?$CFd?6?$AA@ 0000000140008838     umodsys_lib_basesys:umodsys.base.rsystem_tests.obj
 0002:00000850       ??_C@_0BA@EBBPOIJG@?5?5shell?3?5?$CFp?5?$CFs?6?$AA@ 0000000140008850     umodsys_lib_basesys:umodsys.base.rsystem_tests.obj
 0002:00000860       ??_C@_0BF@JPMHOAKE@?5?5?5?5shell?5gen?5error?6?$AA@ 0000000140008860     umodsys_lib_basesys:umodsys.base.rsystem_tests.obj
 0002:00000878       ??_C@_0BL@NANLGMEE@?5?5?5?5shell?5generated?5as?5?$CFp?6?$AA@ 0000000140008878     umodsys_lib_basesys:umodsys.base.rsystem_tests.obj
 0002:00000898       ??_C@_0BD@NFNPGOAG@?1shells?5found?3?5?$CFd?6?$AA@ 0000000140008898     umodsys_lib_basesys:umodsys.base.rsystem_tests.obj
 0002:000008b0       ??_C@_0DG@DMGFJEPO@RModuleLoader?3?3moduledb_cleanup?$CI@ 00000001400088b0     umodsys_lib_basesys:umodsys.base.rmoduleloader.obj
 0002:000008e8       ??_C@_02GMLFBBN@wb?$AA@    00000001400088e8     umodsys_lib_basesys:umodsys.base.rmoduleloader.obj
 0002:000008f0       ??_C@_0BN@BDEAMLC@?$CD?5LIST?5OF?5LIBRARY?5MODULES?3?6?6?$AA@ 00000001400088f0     umodsys_lib_basesys:umodsys.base.rmoduleloader.obj
 0002:00000910       ??_C@_0BF@PLOHEFDA@?5?$HL?5mod_list?$DN?$CFd?3?$FL?$FN?5?$HN?6?$AA@ 0000000140008910     umodsys_lib_basesys:umodsys.base.rmoduleloader.obj
 0002:00000938       ??_7IModuleLoader@base@UModSys@@6B@ 0000000140008938     umodsys_lib_basesys:umodsys.base.rmoduleloader.obj
 0002:000009b8       ??_7RModuleLoader@rsystem@base@UModSys@@6B@ 00000001400089b8     umodsys_lib_basesys:umodsys.base.rmoduleloader.obj
 0002:00000a38       ??_7RParameters@rsystem@base@UModSys@@6B@ 0000000140008a38     umodsys_lib_basesys:umodsys.base.rparameters.obj
 0002:00000b08       ??_C@_0BG@LJFEMLCK@UModSys_Plugin_Entry2?$AA@ 0000000140008b08     umodsys_lib_basesys:umodsys.base.rmodule.win32.obj
 0002:00000b20       ??_C@_0CI@IABKIJLA@?5?5?5?5?5?5?5?5?5?5load?5so?$CI?$CC?$CFs?$CC?$CJ?5?$HL?$CFp?0?5?$CFp?$HN@ 0000000140008b20     umodsys_lib_basesys:umodsys.base.rmodule.win32.obj
 0002:00000b48       ??_C@_0BP@EBMDLOGD@?5?5?5?5?5?5?5?5?5?5unload?5so?$CI?$HL?$CFp?0?5?$CFp?$HN?$CJ?6?$AA@ 0000000140008b48     umodsys_lib_basesys:umodsys.base.rmodule.win32.obj
 0002:00000b68       ??_C@_0BB@GJHPNFEC@scan?5so?3?5?$CC?$CFs?$CFs?$CC?6?$AA@ 0000000140008b68     umodsys_lib_basesys:umodsys.base.rmodule.win32.obj
 0002:00000b80       ??_C@_0N@LFKMDJGP@?5?5so?3?5?$CC?$CFls?$CC?6?$AA@ 0000000140008b80     umodsys_lib_basesys:umodsys.base.rmodule.win32.obj
 0002:00000b90       ??_C@_0BC@GMLCPHOK@?1scan?5so?3?5?$CC?$CFs?$CFs?$CC?6?$AA@ 0000000140008b90     umodsys_lib_basesys:umodsys.base.rmodule.win32.obj
 0002:00000ba4       ??_C@_04HLONOPDM@?4dll?$AA@ 0000000140008ba4     umodsys_lib_basesys:umodsys.base.rmodule.win32.obj
 0002:00000bb0       ??_C@_0CK@FNJGHFOD@RModuleLibrary?$CI?$CFp?$CJ?3?3link?$CI?$CJ?5?9?9?5ad@ 0000000140008bb0     umodsys_lib_basesys:umodsys.base.rmodulelib.obj
 0002:00000be0       ??_C@_0BA@LBGMEMKJ@LIBRARY?5?$CC?$CFs?$CC?5?$HL?6?$AA@ 0000000140008be0     umodsys_lib_basesys:umodsys.base.rmodulelib.obj
 0002:00000bf0       ??_C@_0BH@CLNAAMEM@?$HN?5?$CD?5END?5LIBRARY?5?$CC?$CFs?$CC?6?6?$AA@ 0000000140008bf0     umodsys_lib_basesys:umodsys.base.rmodulelib.obj
 0002:00000c08       ??_C@_0M@KEHKBKEH@?5?5so?3?5?$CC?$CFs?$CC?6?$AA@ 0000000140008c08     umodsys_lib_basesys:umodsys.base.rmodulelib.obj
 0002:00000c18       ??_C@_0BF@IKAEAMGP@?5?5?5?5so?5loaded?3?5?$CC?$CFs?$CC?6?$AA@ 0000000140008c18     umodsys_lib_basesys:umodsys.base.rmodulelib.obj
 0002:00000c30       ??_C@_0O@MCPOKEFF@?5?5?5?5so?5added?6?$AA@ 0000000140008c30     umodsys_lib_basesys:umodsys.base.rmodulelib.obj
 0002:00000c40       ??_C@_0BE@BFONLBBI@?5?5?5?5so?5dup?5with?5?$CFd?6?$AA@ 0000000140008c40     umodsys_lib_basesys:umodsys.base.rmodulelib.obj
 0002:00000c68       ??_7IModuleLibrary@base@UModSys@@6B@ 0000000140008c68     umodsys_lib_basesys:umodsys.base.rmodulelib.obj
 0002:00000d08       ??_7RModuleLibrary@rsystem@base@UModSys@@6B@ 0000000140008d08     umodsys_lib_basesys:umodsys.base.rmodulelib.obj
 0002:00000da8       ??_C@_0BF@KDHHIHAN@RModule?$CI?$CFp?$CJ?3?3open?$CI?$CJ?6?$AA@ 0000000140008da8     umodsys_lib_basesys:umodsys.base.rmodule.obj
 0002:00000dc0       ??_C@_0BG@HADBHJOP@RModule?$CI?$CFp?$CJ?3?3close?$CI?$CJ?6?$AA@ 0000000140008dc0     umodsys_lib_basesys:umodsys.base.rmodule.obj
 0002:00000dd8       ??_C@_0BK@FNONNOFM@RModule?$CI?$CFp?$CJ?3?3?5pre?9loaded?6?$AA@ 0000000140008dd8     umodsys_lib_basesys:umodsys.base.rmodule.obj
 0002:00000df8       ??_C@_0CE@HBBEEAED@RModule?$CI?$CFp?$CJ?3?3generate?$CI?$CJ?5?$HL?5gen?$DN?$CFp@ 0000000140008df8     umodsys_lib_basesys:umodsys.base.rmodule.obj
 0002:00000e20       ??_C@_0DL@FHDKGKAD@RModule?$CI?$CFp?$CJ?3?3reg_generator?$CI?$CFs?5?$CFp@ 0000000140008e20     umodsys_lib_basesys:umodsys.base.rmodule.obj
 0002:00000e60       ??_C@_0DL@ECFHLNEB@RModule?$CI?$CFp?$CJ?3?3reg_generator?$CI?$CFs?5?$CFp@ 0000000140008e60     umodsys_lib_basesys:umodsys.base.rmodule.obj
 0002:00000ea0       ??_C@_0DI@EBNLDEPD@RModule?$CI?$CFp?$CJ?3?3reg_obj?$CI?$CFs?5?$CFp?$CJ?5?9?9?5?$HL@ 0000000140008ea0     umodsys_lib_basesys:umodsys.base.rmodule.obj
 0002:00000ee0       ??_C@_0GC@IAELDHPB@RModule?$CI?$CFp?$CJ?3?3reg_obj?$CI?$CFs?5?$CFp?$CJ?5?9?9?5i@ 0000000140008ee0     umodsys_lib_basesys:umodsys.base.rmodule.obj
 0002:00000f48       ??_C@_0CM@JCLMIGEB@RModule?$CI?$CFp?$CJ?3?3reg_obj?$CI?$CFs?5?$CFp?$CJ?5?9?9?5a@ 0000000140008f48     umodsys_lib_basesys:umodsys.base.rmodule.obj
 0002:00000f78       ??_C@_0DK@NJCECDIC@RModule?$CI?$CFp?$CJ?3?3unreg_obj?$CI?$CFs?5?$CFp?$CJ?5?9?9@ 0000000140008f78     umodsys_lib_basesys:umodsys.base.rmodule.obj
 0002:00000fc0       ??_C@_0GE@MGLAJHFG@RModule?$CI?$CFp?$CJ?3?3unreg_obj?$CI?$CFs?5?$CFp?$CJ?5?9?9@ 0000000140008fc0     umodsys_lib_basesys:umodsys.base.rmodule.obj
 0002:00001028       ??_C@_0CO@DAMPCAGA@RModule?3?3alloc_minfo?$CI?$HL?$CC?$CFs?$CC?0?5?$CC?$CFs?$CC@ 0000000140009028     umodsys_lib_basesys:umodsys.base.rmodule.obj
 0002:00001058       ??_C@_0BG@HANHHGHE@?5?5MODULE?5?$CFs?$CI?$CFd?0?$CFd?$CJ?5?$HL?6?$AA@ 0000000140009058     umodsys_lib_basesys:umodsys.base.rmodule.obj
 0002:00001070       ??_C@_0CI@FMDENPAM@RModule?$CI?$CFp?$CJ?3?3save_db?$CI?4?4?4?$CJ?5?9?9?5?$HL?5?$CF@ 0000000140009070     umodsys_lib_basesys:umodsys.base.rmodule.obj
 0002:00001098       ??_C@_0BN@CFNKPKCH@?5?5?5?5MODOBJECT?5?$CFs?$CI?$CFd?$CJ?5?$CFs?$CI?$CFd?$CJ?6?$AA@ 0000000140009098     umodsys_lib_basesys:umodsys.base.rmodule.obj
 0002:000010b8       ??_C@_0BP@BJFGMFNK@?5?5?5?5GENERATOR?5?$CFs?$CI?$CFd?$CJ?5?$CFs?$CI?$CFd?$CJ?5?$HL?6?$AA@ 00000001400090b8     umodsys_lib_basesys:umodsys.base.rmodule.obj
 0002:000010d8       ??_C@_0BK@DNNMLLHP@?5?5?5?5?5?5REFOBJECT?5?$CFs?$CI?$CFd?$CJ?5?$HL?6?$AA@ 00000001400090d8     umodsys_lib_basesys:umodsys.base.rmodule.obj
 0002:000010f8       ??_C@_0BF@CJPCFEEB@?5?5?5?5?5?5?5?5TYPE?5?$CFs?$CI?$CFd?$CJ?6?$AA@ 00000001400090f8     umodsys_lib_basesys:umodsys.base.rmodule.obj
 0002:00001110       ??_C@_0BM@PFPEFHDC@?5?5?5?5?5?5?$HN?5?$CD?5REFOBJECT?5?$CFs?$CI?$CFd?$CJ?6?$AA@ 0000000140009110     umodsys_lib_basesys:umodsys.base.rmodule.obj
 0002:00001130       ??_C@_0CB@PCDHJLII@?5?5?5?5?$HN?5?$CD?5GENERATOR?5?$CFs?$CI?$CFd?$CJ?5?$CFs?$CI?$CFd?$CJ?6@ 0000000140009130     umodsys_lib_basesys:umodsys.base.rmodule.obj
 0002:00001158       ??_C@_0BI@OGBPJMLO@?5?5?$HN?5?$CD?5MODULE?5?$CFs?$CI?$CFd?0?$CFd?$CJ?6?$AA@ 0000000140009158     umodsys_lib_basesys:umodsys.base.rmodule.obj
 0002:00001178       ??_7IModule@base@UModSys@@6B@ 0000000140009178     umodsys_lib_basesys:umodsys.base.rmodule.obj
 0002:00001218       ??_7RModule@rsystem@base@UModSys@@6B@ 0000000140009218     umodsys_lib_basesys:umodsys.base.rmodule.obj
 0002:00001440       ??_R4type_info@@6B@        0000000140009440     MSVCRT:ti_inst.obj
 0002:00001468       ??_R3type_info@@8          0000000140009468     MSVCRT:ti_inst.obj
 0002:00001480       ??_R2type_info@@8          0000000140009480     MSVCRT:ti_inst.obj
 0002:00001490       ??_R1A@?0A@EA@type_info@@8 0000000140009490     MSVCRT:ti_inst.obj
 0002:000014b8       ??_R4RConsole_std@rsystem@base@UModSys@@6B@ 00000001400094b8     umodsys_lib_basesys:umodsys.base.rconsole_std.obj
 0002:000014e0       ??_R3RConsole_std@rsystem@base@UModSys@@8 00000001400094e0     umodsys_lib_basesys:umodsys.base.rconsole_std.obj
 0002:000014f8       ??_R2RConsole_std@rsystem@base@UModSys@@8 00000001400094f8     umodsys_lib_basesys:umodsys.base.rconsole_std.obj
 0002:00001520       ??_R1A@?0A@EA@RConsole_std@rsystem@base@UModSys@@8 0000000140009520     umodsys_lib_basesys:umodsys.base.rconsole_std.obj
 0002:00001548       ??_R4IConsole@base@UModSys@@6B@ 0000000140009548     umodsys_lib_basesys:umodsys.base.rconsole_std.obj
 0002:00001570       ??_R3IConsole@base@UModSys@@8 0000000140009570     umodsys_lib_basesys:umodsys.base.rconsole_std.obj
 0002:00001588       ??_R2IConsole@base@UModSys@@8 0000000140009588     umodsys_lib_basesys:umodsys.base.rconsole_std.obj
 0002:000015a8       ??_R1A@?0A@EA@IConsole@base@UModSys@@8 00000001400095a8     umodsys_lib_basesys:umodsys.base.rconsole_std.obj
 0002:000015d0       ??_R4IRefObject@core@UModSys@@6B@ 00000001400095d0     umodsys_lib_basesys:umodsys.base.rconsole_std.obj
 0002:000015f8       ??_R3IRefObject@core@UModSys@@8 00000001400095f8     umodsys_lib_basesys:umodsys.base.rconsole_std.obj
 0002:00001610       ??_R2IRefObject@core@UModSys@@8 0000000140009610     umodsys_lib_basesys:umodsys.base.rconsole_std.obj
 0002:00001628       ??_R1A@?0A@EA@IRefObject@core@UModSys@@8 0000000140009628     umodsys_lib_basesys:umodsys.base.rconsole_std.obj
 0002:00001650       ??_R4IRoot@core@UModSys@@6B@ 0000000140009650     umodsys_lib_basesys:umodsys.base.rconsole_std.obj
 0002:00001678       ??_R3IRoot@core@UModSys@@8 0000000140009678     umodsys_lib_basesys:umodsys.base.rconsole_std.obj
 0002:00001690       ??_R2IRoot@core@UModSys@@8 0000000140009690     umodsys_lib_basesys:umodsys.base.rconsole_std.obj
 0002:000016a0       ??_R1A@?0A@EA@IRoot@core@UModSys@@8 00000001400096a0     umodsys_lib_basesys:umodsys.base.rconsole_std.obj
 0002:000016c8       ??_R4RSystem@rsystem@base@UModSys@@6BIUniquePointerResolver@core@3@@ 00000001400096c8     umodsys_lib_basesys:umodsys.base.rsystem_main.obj
 0002:000016f0       ??_R4RSystem@rsystem@base@UModSys@@6BISystem@23@@ 00000001400096f0     umodsys_lib_basesys:umodsys.base.rsystem_main.obj
 0002:00001718       ??_R3RSystem@rsystem@base@UModSys@@8 0000000140009718     umodsys_lib_basesys:umodsys.base.rsystem_main.obj
 0002:00001730       ??_R2RSystem@rsystem@base@UModSys@@8 0000000140009730     umodsys_lib_basesys:umodsys.base.rsystem_main.obj
 0002:00001758       ??_R17?0A@EA@IUniquePointerResolver@core@UModSys@@8 0000000140009758     umodsys_lib_basesys:umodsys.base.rsystem_main.obj
 0002:00001780       ??_R1A@?0A@EA@RSystem@rsystem@base@UModSys@@8 0000000140009780     umodsys_lib_basesys:umodsys.base.rsystem_main.obj
 0002:000017a8       ??_R3IUniquePointerResolver@core@UModSys@@8 00000001400097a8     umodsys_lib_basesys:umodsys.base.rsystem_main.obj
 0002:000017c0       ??_R2IUniquePointerResolver@core@UModSys@@8 00000001400097c0     umodsys_lib_basesys:umodsys.base.rsystem_main.obj
 0002:000017d0       ??_R1A@?0A@EA@IUniquePointerResolver@core@UModSys@@8 00000001400097d0     umodsys_lib_basesys:umodsys.base.rsystem_main.obj
 0002:000017f8       ??_R4ISystem@base@UModSys@@6B@ 00000001400097f8     umodsys_lib_basesys:umodsys.base.rsystem_main.obj
 0002:00001820       ??_R3ISystem@base@UModSys@@8 0000000140009820     umodsys_lib_basesys:umodsys.base.rsystem_main.obj
 0002:00001838       ??_R2ISystem@base@UModSys@@8 0000000140009838     umodsys_lib_basesys:umodsys.base.rsystem_main.obj
 0002:00001850       ??_R1A@?0A@EA@ISystem@base@UModSys@@8 0000000140009850     umodsys_lib_basesys:umodsys.base.rsystem_main.obj
 0002:00001878       ??_R4RModuleLoader@rsystem@base@UModSys@@6B@ 0000000140009878     umodsys_lib_basesys:umodsys.base.rmoduleloader.obj
 0002:000018a0       ??_R3RModuleLoader@rsystem@base@UModSys@@8 00000001400098a0     umodsys_lib_basesys:umodsys.base.rmoduleloader.obj
 0002:000018b8       ??_R2RModuleLoader@rsystem@base@UModSys@@8 00000001400098b8     umodsys_lib_basesys:umodsys.base.rmoduleloader.obj
 0002:000018d0       ??_R1A@?0A@EA@RModuleLoader@rsystem@base@UModSys@@8 00000001400098d0     umodsys_lib_basesys:umodsys.base.rmoduleloader.obj
 0002:000018f8       ??_R4IModuleLoader@base@UModSys@@6B@ 00000001400098f8     umodsys_lib_basesys:umodsys.base.rmoduleloader.obj
 0002:00001920       ??_R3IModuleLoader@base@UModSys@@8 0000000140009920     umodsys_lib_basesys:umodsys.base.rmoduleloader.obj
 0002:00001938       ??_R2IModuleLoader@base@UModSys@@8 0000000140009938     umodsys_lib_basesys:umodsys.base.rmoduleloader.obj
 0002:00001948       ??_R1A@?0A@EA@IModuleLoader@base@UModSys@@8 0000000140009948     umodsys_lib_basesys:umodsys.base.rmoduleloader.obj
 0002:00001970       ??_R4RParameters@rsystem@base@UModSys@@6B@ 0000000140009970     umodsys_lib_basesys:umodsys.base.rparameters.obj
 0002:00001998       ??_R3RParameters@rsystem@base@UModSys@@8 0000000140009998     umodsys_lib_basesys:umodsys.base.rparameters.obj
 0002:000019b0       ??_R2RParameters@rsystem@base@UModSys@@8 00000001400099b0     umodsys_lib_basesys:umodsys.base.rparameters.obj
 0002:000019d8       ??_R1A@?0A@EA@RParameters@rsystem@base@UModSys@@8 00000001400099d8     umodsys_lib_basesys:umodsys.base.rparameters.obj
 0002:00001a00       ??_R3IParameters@core@UModSys@@8 0000000140009a00     umodsys_lib_basesys:umodsys.base.rparameters.obj
 0002:00001a18       ??_R2IParameters@core@UModSys@@8 0000000140009a18     umodsys_lib_basesys:umodsys.base.rparameters.obj
 0002:00001a38       ??_R1A@?0A@EA@IParameters@core@UModSys@@8 0000000140009a38     umodsys_lib_basesys:umodsys.base.rparameters.obj
 0002:00001a60       ??_R4RModuleLibrary@rsystem@base@UModSys@@6B@ 0000000140009a60     umodsys_lib_basesys:umodsys.base.rmodulelib.obj
 0002:00001a88       ??_R3RModuleLibrary@rsystem@base@UModSys@@8 0000000140009a88     umodsys_lib_basesys:umodsys.base.rmodulelib.obj
 0002:00001aa0       ??_R2RModuleLibrary@rsystem@base@UModSys@@8 0000000140009aa0     umodsys_lib_basesys:umodsys.base.rmodulelib.obj
 0002:00001ac8       ??_R1A@?0A@EA@RModuleLibrary@rsystem@base@UModSys@@8 0000000140009ac8     umodsys_lib_basesys:umodsys.base.rmodulelib.obj
 0002:00001af0       ??_R4IModuleLibrary@base@UModSys@@6B@ 0000000140009af0     umodsys_lib_basesys:umodsys.base.rmodulelib.obj
 0002:00001b18       ??_R3IModuleLibrary@base@UModSys@@8 0000000140009b18     umodsys_lib_basesys:umodsys.base.rmodulelib.obj
 0002:00001b30       ??_R2IModuleLibrary@base@UModSys@@8 0000000140009b30     umodsys_lib_basesys:umodsys.base.rmodulelib.obj
 0002:00001b50       ??_R1A@?0A@EA@IModuleLibrary@base@UModSys@@8 0000000140009b50     umodsys_lib_basesys:umodsys.base.rmodulelib.obj
 0002:00001b78       ??_R4RModule@rsystem@base@UModSys@@6B@ 0000000140009b78     umodsys_lib_basesys:umodsys.base.rmodule.obj
 0002:00001ba0       ??_R3RModule@rsystem@base@UModSys@@8 0000000140009ba0     umodsys_lib_basesys:umodsys.base.rmodule.obj
 0002:00001bb8       ??_R2RModule@rsystem@base@UModSys@@8 0000000140009bb8     umodsys_lib_basesys:umodsys.base.rmodule.obj
 0002:00001be0       ??_R1A@?0A@EA@RModule@rsystem@base@UModSys@@8 0000000140009be0     umodsys_lib_basesys:umodsys.base.rmodule.obj
 0002:00001c08       ??_R4IModule@base@UModSys@@6B@ 0000000140009c08     umodsys_lib_basesys:umodsys.base.rmodule.obj
 0002:00001c30       ??_R3IModule@base@UModSys@@8 0000000140009c30     umodsys_lib_basesys:umodsys.base.rmodule.obj
 0002:00001c48       ??_R2IModule@base@UModSys@@8 0000000140009c48     umodsys_lib_basesys:umodsys.base.rmodule.obj
 0002:00001c68       ??_R1A@?0A@EA@IModule@base@UModSys@@8 0000000140009c68     umodsys_lib_basesys:umodsys.base.rmodule.obj
 0002:00001c90       __rtc_iaa                  0000000140009c90     MSVCRT:_initsect_.obj
 0002:00001c98       __rtc_izz                  0000000140009c98     MSVCRT:_initsect_.obj
 0002:00001ca0       __rtc_taa                  0000000140009ca0     MSVCRT:_initsect_.obj
 0002:00001ca8       __rtc_tzz                  0000000140009ca8     MSVCRT:_initsect_.obj
 0002:00002c40       __IMPORT_DESCRIPTOR_MSVCR90 000000014000ac40     MSVCRT:MSVCR90.dll
 0002:00002c54       __IMPORT_DESCRIPTOR_KERNEL32 000000014000ac54     kernel32:KERNEL32.dll
 0002:00002c68       __NULL_IMPORT_DESCRIPTOR   000000014000ac68     MSVCRT:MSVCR90.dll
 0003:00000000       ??_R0?AVtype_info@@@8      000000014000c000     MSVCRT:ti_inst.obj
 0003:00000020       __native_dllmain_reason    000000014000c020     MSVCRT:natstart.obj
 0003:00000024       __native_vcclrit_reason    000000014000c024     MSVCRT:natstart.obj
 0003:00000028       __globallocalestatus       000000014000c028     MSVCRT:xthdloc.obj
 0003:0000002c       __defaultmatherr           000000014000c02c     MSVCRT:merr.obj
 0003:00000030       __security_cookie          000000014000c030     MSVCRT:gs_cookie.obj
 0003:00000038       __security_cookie_complement 000000014000c038     MSVCRT:gs_cookie.obj
 0003:000000f0       ??_R0?AURConsole_std@rsystem@base@UModSys@@@8 000000014000c0f0     umodsys_lib_basesys:umodsys.base.rconsole_std.obj
 0003:00000128       ??_R0?AUIConsole@base@UModSys@@@8 000000014000c128     umodsys_lib_basesys:umodsys.base.rconsole_std.obj
 0003:00000158       ??_R0?AUIRefObject@core@UModSys@@@8 000000014000c158     umodsys_lib_basesys:umodsys.base.rconsole_std.obj
 0003:00000188       ??_R0?AUIRoot@core@UModSys@@@8 000000014000c188     umodsys_lib_basesys:umodsys.base.rconsole_std.obj
 0003:000001b8       ??_R0?AURSystem@rsystem@base@UModSys@@@8 000000014000c1b8     umodsys_lib_basesys:umodsys.base.rsystem_main.obj
 0003:000001f0       ??_R0?AUIUniquePointerResolver@core@UModSys@@@8 000000014000c1f0     umodsys_lib_basesys:umodsys.base.rsystem_main.obj
 0003:00000230       ??_R0?AUISystem@base@UModSys@@@8 000000014000c230     umodsys_lib_basesys:umodsys.base.rsystem_main.obj
 0003:00000260       ??_R0?AURModuleLoader@rsystem@base@UModSys@@@8 000000014000c260     umodsys_lib_basesys:umodsys.base.rmoduleloader.obj
 0003:000002a0       ??_R0?AUIModuleLoader@base@UModSys@@@8 000000014000c2a0     umodsys_lib_basesys:umodsys.base.rmoduleloader.obj
 0003:000002d8       ??_R0?AURParameters@rsystem@base@UModSys@@@8 000000014000c2d8     umodsys_lib_basesys:umodsys.base.rparameters.obj
 0003:00000310       ??_R0?AUIParameters@core@UModSys@@@8 000000014000c310     umodsys_lib_basesys:umodsys.base.rparameters.obj
 0003:00000340       ??_R0?AURModuleLibrary@rsystem@base@UModSys@@@8 000000014000c340     umodsys_lib_basesys:umodsys.base.rmodulelib.obj
 0003:00000380       ??_R0?AUIModuleLibrary@base@UModSys@@@8 000000014000c380     umodsys_lib_basesys:umodsys.base.rmodulelib.obj
 0003:000003b8       ?s_null@?1??get_null@?$TSCoreShared@USMemAlloc_Malloc@core@UModSys@@D@su@tl@UModSys@@SAPEAU?$TSharedStringInfo@D@345@XZ@4U6345@A 000000014000c3b8     umodsys_lib_basesys:umodsys.base.rmodulelib.obj
 0003:000003d8       ??_R0?AURModule@rsystem@base@UModSys@@@8 000000014000c3d8     umodsys_lib_basesys:umodsys.base.rmodule.obj
 0003:00000410       ??_R0?AUIModule@base@UModSys@@@8 000000014000c410     umodsys_lib_basesys:umodsys.base.rmodule.obj
 0003:00000440       _fltused                   000000014000c440     MSVCRT:dllsupp.obj
 0003:00000478       _forceCRTManifestRTM       000000014000c478     MSVCRT:crtmanifestrtm.obj
 0003:0000047c       _dowildcard                000000014000c47c     MSVCRT:wildcard.obj
 0003:00000480       _newmode                   000000014000c480     MSVCRT:_newmode.obj
 0003:00000484       _commode                   000000014000c484     MSVCRT:xncommod.obj
 0003:00000488       _fmode                     000000014000c488     MSVCRT:xtxtmode.obj
 0003:0000048c       ?rv@?1??get_default@SMemAlloc_Malloc@core@UModSys@@SAAEBU234@XZ@4U234@A 000000014000c48c     umodsys_lib_basesys:umodsys.base.rsystem_main.obj
 0003:00000490       ?s_id@?$TObjectUniqueID@UIModObject@base@UModSys@@@tl@UModSys@@2USUniquePointer@core@3@A 000000014000c490     umodsys.c_main.obj
 0003:000004c0       ?s_id@?$TObjectUniqueID@UIGenerator@base@UModSys@@@tl@UModSys@@2USUniquePointer@core@3@A 000000014000c4c0     umodsys.c_main.obj
 0003:000004f0       ?s_id@?$TObjectUniqueID@UIModule@base@UModSys@@@tl@UModSys@@2USUniquePointer@core@3@A 000000014000c4f0     umodsys.c_main.obj
 0003:00000520       ?s_id@?$TObjectUniqueID@URModuleLibrary@rsystem@base@UModSys@@@tl@UModSys@@2USUniquePointer@core@3@A 000000014000c520     umodsys.c_main.obj
 0003:00000550       ?s_id@?$TObjectUniqueID@UIRoot@core@UModSys@@@tl@UModSys@@2USUniquePointer@core@3@A 000000014000c550     umodsys.c_main.obj
 0003:00000580       ?s_id@?$TObjectUniqueID@URConsole_std@rsystem@base@UModSys@@@tl@UModSys@@2USUniquePointer@core@3@A 000000014000c580     umodsys.c_main.obj
 0003:000005b0       ?s_id@?$TObjectUniqueID@UISystem@base@UModSys@@@tl@UModSys@@2USUniquePointer@core@3@A 000000014000c5b0     umodsys.c_main.obj
 0003:000005e0       ?s_id@?$TObjectUniqueID@UIRefObject@core@UModSys@@@tl@UModSys@@2USUniquePointer@core@3@A 000000014000c5e0     umodsys.c_main.obj
 0003:00000610       ?s_id@?$TObjectUniqueID@URModule@rsystem@base@UModSys@@@tl@UModSys@@2USUniquePointer@core@3@A 000000014000c610     umodsys.c_main.obj
 0003:00000640       ?s_id@?$TObjectUniqueID@UIShell@base@UModSys@@@tl@UModSys@@2USUniquePointer@core@3@A 000000014000c640     umodsys.c_main.obj
 0003:00000670       ?s_id@?$TObjectUniqueID@UIConsole@base@UModSys@@@tl@UModSys@@2USUniquePointer@core@3@A 000000014000c670     umodsys.c_main.obj
 0003:000006a0       ?s_id@?$TObjectUniqueID@UIModuleLibrary@base@UModSys@@@tl@UModSys@@2USUniquePointer@core@3@A 000000014000c6a0     umodsys.c_main.obj
 0003:000006d0       ?s_id@?$TObjectUniqueID@UIParameters@core@UModSys@@@tl@UModSys@@2USUniquePointer@core@3@A 000000014000c6d0     umodsys.c_main.obj
 0003:00000700       ?s_id@?$TObjectUniqueID@URSystem@rsystem@base@UModSys@@@tl@UModSys@@2USUniquePointer@core@3@A 000000014000c700     umodsys.c_main.obj
 0003:00000730       ?s_id@?$TObjectUniqueID@URParameters@rsystem@base@UModSys@@@tl@UModSys@@2USUniquePointer@core@3@A 000000014000c730     umodsys.c_main.obj
 0003:00000760       ?s_console@RConsole_std@rsystem@base@UModSys@@2U1234@A 000000014000c760     umodsys_lib_basesys:umodsys.base.rconsole_std.obj
 0003:00000770       ?s_sys@RSystem@rsystem@base@UModSys@@2U1234@A 000000014000c770     umodsys_lib_basesys:umodsys.base.rsystem_main.obj
 0003:00000830       ?rsys_dbg@rsystem@base@UModSys@@3USDebug@23@A 000000014000c830     umodsys_lib_basesys:umodsys.base.rsystem_main.obj
 0003:00000840       ?M@UModSys@@3USModuleContext@base@1@A 000000014000c840     umodsys_lib_base:umodsys.base.modulecontext.obj
 0003:00000858       ?root@SUniquePointer@core@UModSys@@2U123@A 000000014000c858     umodsys_lib_core:umodsys.core.uniqueptr.obj
 0003:00000888       ?s_null@?$TStaticStringPool@DU?$TComparerBinaryHash@D@su@tl@UModSys@@USMemAlloc_Malloc@core@4@@tl@UModSys@@2U?$TString@U?$TSCoreConst@D@su@tl@UModSys@@U?$TComparerBinaryHash@D@234@@23@A 000000014000c888     umodsys_lib_basesys:umodsys.base.rsystem_main.obj
 0003:000008a0       __native_startup_state     000000014000c8a0     <common>
 0003:000008a8       __native_startup_lock      000000014000c8a8     <common>
 0003:000008b0       __dyn_tls_init_callback    000000014000c8b0     <common>
 0003:000008b8       __onexitend                000000014000c8b8     <common>
 0003:000008c0       __onexitbegin              000000014000c8c0     <common>

 entry point at        0001:00001910

 Static symbols

 0001:00001640       pre_cpp_init               0000000140002640 f   MSVCRT:crtexe.obj
 0001:000016a8       __tmainCRTStartup          00000001400026a8 f   MSVCRT:crtexe.obj
 0001:00001828       pre_c_init                 0000000140002828 f   MSVCRT:crtexe.obj
 0001:00003c70       ?s_pfd_scan@@YA_KPEAUISystem@base@UModSys@@AEAU?$TArray@U?$TRefObject@URModuleLibrary@rsystem@base@UModSys@@@tl@UModSys@@U?$TAllocator@USMemAlloc_Malloc@core@UModSys@@USCountCalcPower2@23@@23@@tl@3@PEBD2@Z 0000000140004c70 f    CIL library: CIL module
 0001:00006490       _onexit$fin$0              0000000140007490 f   MSVCRT:atonexit.obj
 0001:000064a9       __tmainCRTStartup$filt$0   00000001400074a9 f   MSVCRT:crtexe.obj
 0001:000064d0       _IsNonwritableInCurrentImage$filt$0 00000001400074d0 f   MSVCRT:pesect.obj
 0001:000064f1       ?filt$0@?0??__ArrayUnwind@@YAXPEAX_KHP6AX0@Z@Z@4HA 00000001400074f1 f   MSVCRT:ehvecdtr.obj
 0001:00006530       ?fin$0@?0???_M@YAXPEAX_KHP6AX0@Z@Z@4HA 0000000140007530 f   MSVCRT:ehvecdtr.obj
 0001:00006560       ?dtor$0@?0??suicide@RModule@rsystem@base@UModSys@@UEAAXXZ@4HA 0000000140007560 f    CIL library: CIL module
 0001:00006580       ?dtor$0@?0??push@?$TArray@U?$TRefObject@URModule@rsystem@base@UModSys@@@tl@UModSys@@U?$TAllocator@USMemAlloc_Malloc@core@UModSys@@USCountCalcPower2@23@@23@@tl@UModSys@@QEAA_NAEBU?$TRefObject@URModule@rsystem@base@UModSys@@@23@@Z@4HA 0000000140007580 f    CIL library: CIL module
 0001:00006580       ?dtor$0@?0??push@?$TArray@U?$TRefObject@URModuleLibrary@rsystem@base@UModSys@@@tl@UModSys@@U?$TAllocator@USMemAlloc_Malloc@core@UModSys@@USCountCalcPower2@23@@23@@tl@UModSys@@QEAA_NAEBU?$TRefObject@URModuleLibrary@rsystem@base@UModSys@@@23@@Z@4HA 0000000140007580 f    CIL library: CIL module
 0001:000065a0       ?dtor$0@?0???1RModuleLoader@rsystem@base@UModSys@@UEAA@XZ@4HA 00000001400075a0 f    CIL library: CIL module
 0001:000065c0       ?dtor$1@?0???1RModuleLoader@rsystem@base@UModSys@@UEAA@XZ@4HA 00000001400075c0 f    CIL library: CIL module
 0001:000065f0       ?dtor$0@?0???1RSystem@rsystem@base@UModSys@@UEAA@XZ@4HA 00000001400075f0 f    CIL library: CIL module
 0001:00006610       ?dtor$1@?0???1RSystem@rsystem@base@UModSys@@UEAA@XZ@4HA 0000000140007610 f    CIL library: CIL module
 0001:00006630       ?dtor$2@?0???1RSystem@rsystem@base@UModSys@@UEAA@XZ@4HA 0000000140007630 f    CIL library: CIL module
 0001:00006650       ?dtor$3@?0???1RSystem@rsystem@base@UModSys@@UEAA@XZ@4HA 0000000140007650 f    CIL library: CIL module
 0001:00006680       ?dtor$0@?0???0RSystem@rsystem@base@UModSys@@QEAA@XZ@4HA 0000000140007680 f    CIL library: CIL module
 0001:000066a0       ?dtor$1@?0???0RSystem@rsystem@base@UModSys@@QEAA@XZ@4HA 00000001400076a0 f    CIL library: CIL module
 0001:000066c0       ?dtor$2@?0???0RSystem@rsystem@base@UModSys@@QEAA@XZ@4HA 00000001400076c0 f    CIL library: CIL module
 0001:000066e0       ?dtor$3@?0???0RSystem@rsystem@base@UModSys@@QEAA@XZ@4HA 00000001400076e0 f    CIL library: CIL module
 0001:00006700       ?dtor$4@?0???0RSystem@rsystem@base@UModSys@@QEAA@XZ@4HA 0000000140007700 f    CIL library: CIL module
 0001:00006730       ?dtor$0@?0???0RModule@rsystem@base@UModSys@@QEAA@PEAURModuleLibrary@123@PEAUIModuleReg@23@@Z@4HA 0000000140007730 f    CIL library: CIL module
 0001:00006750       ?dtor$1@?0???0RModule@rsystem@base@UModSys@@QEAA@PEAURModuleLibrary@123@PEAUIModuleReg@23@@Z@4HA 0000000140007750 f    CIL library: CIL module
 0001:00006770       ?dtor$2@?0???0RModule@rsystem@base@UModSys@@QEAA@PEAURModuleLibrary@123@PEAUIModuleReg@23@@Z@4HA 0000000140007770 f    CIL library: CIL module
 0001:00006790       ?dtor$3@?0???0RModule@rsystem@base@UModSys@@QEAA@PEAURModuleLibrary@123@PEAUIModuleReg@23@@Z@4HA 0000000140007790 f    CIL library: CIL module
 0001:000067c0       ?dtor$0@?0???1RModuleLibrary@rsystem@base@UModSys@@UEAA@XZ@4HA 00000001400077c0 f    CIL library: CIL module
 0001:000067e0       ?dtor$1@?0???1RModuleLibrary@rsystem@base@UModSys@@UEAA@XZ@4HA 00000001400077e0 f    CIL library: CIL module
 0001:00006800       ?dtor$2@?0???1RModuleLibrary@rsystem@base@UModSys@@UEAA@XZ@4HA 0000000140007800 f    CIL library: CIL module
 0001:00006830       ?dtor$0@?0??link@RModuleLibrary@rsystem@base@UModSys@@QEAA_NXZ@4HA 0000000140007830 f    CIL library: CIL module
 0001:00006850       ?dtor$1@?0??link@RModuleLibrary@rsystem@base@UModSys@@QEAA_NXZ@4HA 0000000140007850 f    CIL library: CIL module
 0001:00006870       ?dtor$0@?0??exec_test_shells@RSystem@rsystem@base@UModSys@@QEAA_NXZ@4HA 0000000140007870 f    CIL library: CIL module
 0001:00006890       ?dtor$1@?0??exec_test_shells@RSystem@rsystem@base@UModSys@@QEAA_NXZ@4HA 0000000140007890 f    CIL library: CIL module
 0001:000068b0       ?dtor$3@?0??exec_test_shells@RSystem@rsystem@base@UModSys@@QEAA_NXZ@4HA 00000001400078b0 f    CIL library: CIL module
 0001:000068e0       ?dtor$1@?0??s_add@RModuleLibrary@rsystem@base@UModSys@@SA_NPEAUISystem@34@AEAU?$TArray@U?$TRefObject@URModuleLibrary@rsystem@base@UModSys@@@tl@UModSys@@U?$TAllocator@USMemAlloc_Malloc@core@UModSys@@USCountCalcPower2@23@@23@@tl@4@PEBD@Z@4HA 00000001400078e0 f    CIL library: CIL module
 0001:00006900       ??__E?s_id@?$TObjectUniqueID@UIRoot@core@UModSys@@@tl@UModSys@@2USUniquePointer@core@3@A@@YAXXZ 0000000140007900 f    CIL library: CIL module
 0001:00006940       ??__E?s_id@?$TObjectUniqueID@UIRefObject@core@UModSys@@@tl@UModSys@@2USUniquePointer@core@3@A@@YAXXZ 0000000140007940 f    CIL library: CIL module
 0001:00006980       ??__E?s_id@?$TObjectUniqueID@UIParameters@core@UModSys@@@tl@UModSys@@2USUniquePointer@core@3@A@@YAXXZ 0000000140007980 f    CIL library: CIL module
 0001:000069c0       ??__E?s_id@?$TObjectUniqueID@UIConsole@base@UModSys@@@tl@UModSys@@2USUniquePointer@core@3@A@@YAXXZ 00000001400079c0 f    CIL library: CIL module
 0001:00006a00       ??__E?s_id@?$TObjectUniqueID@UIModule@base@UModSys@@@tl@UModSys@@2USUniquePointer@core@3@A@@YAXXZ 0000000140007a00 f    CIL library: CIL module
 0001:00006a40       ??__E?s_id@?$TObjectUniqueID@UIModuleLibrary@base@UModSys@@@tl@UModSys@@2USUniquePointer@core@3@A@@YAXXZ 0000000140007a40 f    CIL library: CIL module
 0001:00006a80       ??__E?s_id@?$TObjectUniqueID@UISystem@base@UModSys@@@tl@UModSys@@2USUniquePointer@core@3@A@@YAXXZ 0000000140007a80 f    CIL library: CIL module
 0001:00006ac0       ??__E?s_id@?$TObjectUniqueID@UIModObject@base@UModSys@@@tl@UModSys@@2USUniquePointer@core@3@A@@YAXXZ 0000000140007ac0 f    CIL library: CIL module
 0001:00006b00       ??__E?s_id@?$TObjectUniqueID@UIGenerator@base@UModSys@@@tl@UModSys@@2USUniquePointer@core@3@A@@YAXXZ 0000000140007b00 f    CIL library: CIL module
 0001:00006b40       ??__E?s_id@?$TObjectUniqueID@UIShell@base@UModSys@@@tl@UModSys@@2USUniquePointer@core@3@A@@YAXXZ 0000000140007b40 f    CIL library: CIL module
 0001:00006b80       ??__E?s_id@?$TObjectUniqueID@URModule@rsystem@base@UModSys@@@tl@UModSys@@2USUniquePointer@core@3@A@@YAXXZ 0000000140007b80 f    CIL library: CIL module
 0001:00006bc0       ??__E?s_id@?$TObjectUniqueID@URModuleLibrary@rsystem@base@UModSys@@@tl@UModSys@@2USUniquePointer@core@3@A@@YAXXZ 0000000140007bc0 f    CIL library: CIL module
 0001:00006c00       ??__E?s_id@?$TObjectUniqueID@URParameters@rsystem@base@UModSys@@@tl@UModSys@@2USUniquePointer@core@3@A@@YAXXZ 0000000140007c00 f    CIL library: CIL module
 0001:00006c40       ??__E?s_id@?$TObjectUniqueID@URSystem@rsystem@base@UModSys@@@tl@UModSys@@2USUniquePointer@core@3@A@@YAXXZ 0000000140007c40 f    CIL library: CIL module
 0001:00006c80       ??__E?s_id@?$TObjectUniqueID@URConsole_std@rsystem@base@UModSys@@@tl@UModSys@@2USUniquePointer@core@3@A@@YAXXZ 0000000140007c80 f    CIL library: CIL module
 0001:00006cc0       ??__E?s_console@RConsole_std@rsystem@base@UModSys@@2U1234@A@@YAXXZ 0000000140007cc0 f    CIL library: CIL module
 0001:00006ce0       ??__E?s_sys@RSystem@rsystem@base@UModSys@@2U1234@A@@YAXXZ 0000000140007ce0 f    CIL library: CIL module
 0001:00006d00       ??__Ersys_dbg@rsystem@base@UModSys@@YAXXZ 0000000140007d00 f    CIL library: CIL module
 0001:00006d30       ??__EM@UModSys@@YAXXZ      0000000140007d30 f    CIL library: CIL module
 0001:00006d50       ??__E?root@SUniquePointer@core@UModSys@@2U123@A@@YAXXZ 0000000140007d50 f    CIL library: CIL module
 0001:00006d80       ??__F?s_id@?$TObjectUniqueID@URConsole_std@rsystem@base@UModSys@@@tl@UModSys@@2USUniquePointer@core@3@A@@YAXXZ 0000000140007d80 f    CIL library: CIL module
 0001:00006d90       ??__F?s_id@?$TObjectUniqueID@URSystem@rsystem@base@UModSys@@@tl@UModSys@@2USUniquePointer@core@3@A@@YAXXZ 0000000140007d90 f    CIL library: CIL module
 0001:00006da0       ??__F?s_id@?$TObjectUniqueID@URParameters@rsystem@base@UModSys@@@tl@UModSys@@2USUniquePointer@core@3@A@@YAXXZ 0000000140007da0 f    CIL library: CIL module
 0001:00006db0       ??__F?s_id@?$TObjectUniqueID@URModuleLibrary@rsystem@base@UModSys@@@tl@UModSys@@2USUniquePointer@core@3@A@@YAXXZ 0000000140007db0 f    CIL library: CIL module
 0001:00006dc0       ??__F?s_id@?$TObjectUniqueID@URModule@rsystem@base@UModSys@@@tl@UModSys@@2USUniquePointer@core@3@A@@YAXXZ 0000000140007dc0 f    CIL library: CIL module
 0001:00006dd0       ??__F?s_id@?$TObjectUniqueID@UIShell@base@UModSys@@@tl@UModSys@@2USUniquePointer@core@3@A@@YAXXZ 0000000140007dd0 f    CIL library: CIL module
 0001:00006de0       ??__F?s_id@?$TObjectUniqueID@UIGenerator@base@UModSys@@@tl@UModSys@@2USUniquePointer@core@3@A@@YAXXZ 0000000140007de0 f    CIL library: CIL module
 0001:00006df0       ??__F?s_id@?$TObjectUniqueID@UIModObject@base@UModSys@@@tl@UModSys@@2USUniquePointer@core@3@A@@YAXXZ 0000000140007df0 f    CIL library: CIL module
 0001:00006e00       ??__F?s_id@?$TObjectUniqueID@UISystem@base@UModSys@@@tl@UModSys@@2USUniquePointer@core@3@A@@YAXXZ 0000000140007e00 f    CIL library: CIL module
 0001:00006e10       ??__F?s_id@?$TObjectUniqueID@UIModuleLibrary@base@UModSys@@@tl@UModSys@@2USUniquePointer@core@3@A@@YAXXZ 0000000140007e10 f    CIL library: CIL module
 0001:00006e20       ??__F?s_id@?$TObjectUniqueID@UIModule@base@UModSys@@@tl@UModSys@@2USUniquePointer@core@3@A@@YAXXZ 0000000140007e20 f    CIL library: CIL module
 0001:00006e30       ??__F?s_id@?$TObjectUniqueID@UIConsole@base@UModSys@@@tl@UModSys@@2USUniquePointer@core@3@A@@YAXXZ 0000000140007e30 f    CIL library: CIL module
 0001:00006e40       ??__F?s_id@?$TObjectUniqueID@UIParameters@core@UModSys@@@tl@UModSys@@2USUniquePointer@core@3@A@@YAXXZ 0000000140007e40 f    CIL library: CIL module
 0001:00006e50       ??__F?s_id@?$TObjectUniqueID@UIRefObject@core@UModSys@@@tl@UModSys@@2USUniquePointer@core@3@A@@YAXXZ 0000000140007e50 f    CIL library: CIL module
 0001:00006e60       ??__F?s_id@?$TObjectUniqueID@UIRoot@core@UModSys@@@tl@UModSys@@2USUniquePointer@core@3@A@@YAXXZ 0000000140007e60 f    CIL library: CIL module
 0001:00006e70       ??__F?s_console@RConsole_std@rsystem@base@UModSys@@2U1234@A@@YAXXZ 0000000140007e70 f    CIL library: CIL module
 0001:00006e80       ??__F?s_sys@RSystem@rsystem@base@UModSys@@2U1234@A@@YAXXZ 0000000140007e80 f    CIL library: CIL module
 0001:00006e90       ??__Frsys_dbg@rsystem@base@UModSys@@YAXXZ 0000000140007e90 f    CIL library: CIL module
 0001:00006ea0       ??__FM@UModSys@@YAXXZ      0000000140007ea0 f    CIL library: CIL module
 0001:00006eb0       ??__F?root@SUniquePointer@core@UModSys@@2U123@A@@YAXXZ 0000000140007eb0 f    CIL library: CIL module
