 umodsysc

 Timestamp is 53481e75 (Fri Apr 11 19:55:17 2014)

 Preferred load address is 0000000140000000

 Start         Length     Name                   Class
 0001:00000000 00016e6cH .text                   CODE
 0001:00016e70 0000005eH .text$00                CODE
 0001:00016ed0 0000126cH .text$x                 CODE
 0001:00018140 00000de2H .text$yc                CODE
 0001:00018f30 0000041cH .text$yd                CODE
 0002:00000000 00000268H .idata$5                DATA
 0002:00000268 00000008H .CRT$XCA                DATA
 0002:00000270 00000008H .CRT$XCAA               DATA
 0002:00000278 000006f0H .CRT$XCU                DATA
 0002:00000968 00000008H .CRT$XCZ                DATA
 0002:00000970 00000008H .CRT$XIA                DATA
 0002:00000978 00000008H .CRT$XIAA               DATA
 0002:00000980 00000008H .CRT$XIY                DATA
 0002:00000988 00000008H .CRT$XIZ                DATA
 0002:00000990 00003818H .rdata                  DATA
 0002:000041b0 0000211cH .rdata$r                DATA
 0002:000062d0 00000008H .rtc$IAA                DATA
 0002:000062d8 00000008H .rtc$IZZ                DATA
 0002:000062e0 00000008H .rtc$TAA                DATA
 0002:000062e8 00000008H .rtc$TZZ                DATA
 0002:000062f0 00003468H .xdata                  DATA
 0002:00009758 000000e4H .xdata$x                DATA
 0002:0000983c 00000028H .idata$2                DATA
 0002:00009864 00000014H .idata$3                DATA
 0002:00009878 00000268H .idata$4                DATA
 0002:00009ae0 000004a4H .idata$6                DATA
 0002:00009f90 00000055H .edata                  DATA
 0003:00000000 00001074H .data                   DATA
 0003:00001080 00002d78H .bss                    DATA
 0004:00000000 000024a8H .pdata                  DATA

  Address         Publics by Value              Rva+Base               Lib:Object

 0000:00000000       ___safe_se_handler_table   0000000000000000     <absolute>
 0000:00000000       ___safe_se_handler_count   0000000000000000     <absolute>
 0000:00000000       __ImageBase                0000000140000000     <linker-defined>
 0001:00000000       ??$shash@D@su@tl@UModSys@@YA_KPEBD_K@Z 0000000140001000 f i umodsys.c_main.obj
 0001:00000040       ??3IRoot@core@UModSys@@SAXPEAXAEBUSIMemAlloc@12@@Z 0000000140001040 f i umodsys_lib_libmedia:umodsys.mod.media.stdio.obj
 0001:00000050       ?archive_load_data@libmedia@UModSys@@YA_NAEAUIBinArchive@12@AEBU?$TString@U?$TSCoreConst@D@su@tl@UModSys@@U?$TComparerBinaryHash@D@234@@tl@2@AEAUSCMemShared@core@2@AEBUSFlags@12@@Z 0000000140001050 f i umodsys_lib_libmedia:umodsys.mod.media.stdio.obj
 0001:00000220       ?archive_save_data@libmedia@UModSys@@YA_NAEAUIBinArchive@12@AEBU?$TString@U?$TSCoreConst@D@su@tl@UModSys@@U?$TComparerBinaryHash@D@234@@tl@2@AEBUSCMem@core@2@AEBUSFlags@12@@Z 0000000140001220 f i umodsys_lib_libmedia:umodsys.mod.media.stdio.obj
 0001:000002b0       ?file_get_size@stdio@media@modules@UModSys@@YA_JPEAU_iobuf@@@Z 00000001400012b0 f i umodsys_lib_libmedia:umodsys.mod.media.stdio.obj
 0001:00000320       ?root_get_interface_info@RStreamReader_FILE@stdio@media@modules@UModSys@@UEBAAEBUSUniquePointerInfo@core@5@XZ 0000000140001320 f i umodsys_lib_libmedia:umodsys.mod.media.stdio.obj
 0001:00000330       ?root_get_interface_type@RStreamReader_FILE@stdio@media@modules@UModSys@@UEBAPEBUSUniquePointerInfo@core@5@XZ 0000000140001330 f i umodsys_lib_libmedia:umodsys.mod.media.stdio.obj
 0001:00000340       ?root_get_other_interface@RStreamReader_FILE@stdio@media@modules@UModSys@@UEAAPEAUIRoot@core@5@PEBUSUniquePointerInfo@75@@Z 0000000140001340 f i umodsys_lib_libmedia:umodsys.mod.media.stdio.obj
 0001:00000340       ?root_get_other_interface@RStreamReader_FILE@stdio@media@modules@UModSys@@UEBAPEBUIRoot@core@5@PEBUSUniquePointerInfo@75@@Z 0000000140001340 f i umodsys_lib_libmedia:umodsys.mod.media.stdio.obj
 0001:00000370       ?root_is_interface_supported@RStreamReader_FILE@stdio@media@modules@UModSys@@UEBA_NPEBUSUniquePointerInfo@core@5@@Z 0000000140001370 f i umodsys_lib_libmedia:umodsys.mod.media.stdio.obj
 0001:000003a0       ??0RStreamReader_FILE@stdio@media@modules@UModSys@@QEAA@PEAUIModObject@base@4@AEBUSParameters@core@4@@Z 00000001400013a0 f i umodsys_lib_libmedia:umodsys.mod.media.stdio.obj
 0001:00000470       ??0RStreamReader_FILE@stdio@media@modules@UModSys@@QEAA@PEAUIModObject@base@4@PEBD@Z 0000000140001470 f i umodsys_lib_libmedia:umodsys.mod.media.stdio.obj
 0001:00000520       ?get_size@RStreamReader_FILE@stdio@media@modules@UModSys@@QEAAXXZ 0000000140001520 f i umodsys_lib_libmedia:umodsys.mod.media.stdio.obj
 0001:000005a0       ?reader_seek@RStreamReader_FILE@stdio@media@modules@UModSys@@UEAA_N_J@Z 00000001400015a0 f i umodsys_lib_libmedia:umodsys.mod.media.stdio.obj
 0001:000005d0       ?reader_seekend@RStreamReader_FILE@stdio@media@modules@UModSys@@UEAA_N_J@Z 00000001400015d0 f i umodsys_lib_libmedia:umodsys.mod.media.stdio.obj
 0001:00000600       ?reader_seekdelta@RStreamReader_FILE@stdio@media@modules@UModSys@@UEAA_N_J@Z 0000000140001600 f i umodsys_lib_libmedia:umodsys.mod.media.stdio.obj
 0001:00000630       ?reader_pos@RStreamReader_FILE@stdio@media@modules@UModSys@@UEAA_JXZ 0000000140001630 f i umodsys_lib_libmedia:umodsys.mod.media.stdio.obj
 0001:00000660       ?reader_size@RStreamReader_FILE@stdio@media@modules@UModSys@@UEAA_JXZ 0000000140001660 f i umodsys_lib_libmedia:umodsys.mod.media.stdio.obj
 0001:00000670       ?reader_read@RStreamReader_FILE@stdio@media@modules@UModSys@@UEAA_NPEAX_K@Z 0000000140001670 f i umodsys_lib_libmedia:umodsys.mod.media.stdio.obj
 0001:00000720       ?reader_close@RStreamReader_FILE@stdio@media@modules@UModSys@@UEAAXXZ 0000000140001720 f i umodsys_lib_libmedia:umodsys.mod.media.stdio.obj
 0001:00000750       ??_GRStreamReader_FILE@stdio@media@modules@UModSys@@UEAAPEAXI@Z 0000000140001750 f i umodsys_lib_libmedia:umodsys.mod.media.stdio.obj
 0001:00000750       ??_ERStreamReader_FILE@stdio@media@modules@UModSys@@UEAAPEAXI@Z 0000000140001750 f i  CIL library: CIL module
 0001:000007b0       ??1IUtilities@libmedia@UModSys@@UEAA@XZ 00000001400017b0 f i umodsys_lib_libmedia:umodsys.mod.media.stdlib.obj
 0001:000007b0       ??1IStreamWriter@libmedia@UModSys@@UEAA@XZ 00000001400017b0 f i umodsys_lib_libmedia:umodsys.mod.media.stdio.obj
 0001:000007b0       ??1IStreamReader@libmedia@UModSys@@UEAA@XZ 00000001400017b0 f i umodsys_lib_libmedia:umodsys.mod.media.stdio.obj
 0001:000007c0       ??_EIRoot@core@UModSys@@UEAAPEAXI@Z 00000001400017c0 f i  CIL library: CIL module
 0001:000007c0       ??_GIRoot@core@UModSys@@UEAAPEAXI@Z 00000001400017c0 f i umodsys_lib_libmedia:umodsys.mod.media.stdio.obj
 0001:000007f0       ?root_get_interface_info@RStreamWriter_FILE@stdio@media@modules@UModSys@@UEBAAEBUSUniquePointerInfo@core@5@XZ 00000001400017f0 f i umodsys_lib_libmedia:umodsys.mod.media.stdio.obj
 0001:00000800       ?root_get_interface_type@RStreamWriter_FILE@stdio@media@modules@UModSys@@UEBAPEBUSUniquePointerInfo@core@5@XZ 0000000140001800 f i umodsys_lib_libmedia:umodsys.mod.media.stdio.obj
 0001:00000810       ?root_get_other_interface@RStreamWriter_FILE@stdio@media@modules@UModSys@@UEBAPEBUIRoot@core@5@PEBUSUniquePointerInfo@75@@Z 0000000140001810 f i umodsys_lib_libmedia:umodsys.mod.media.stdio.obj
 0001:00000810       ?root_get_other_interface@RStreamWriter_FILE@stdio@media@modules@UModSys@@UEAAPEAUIRoot@core@5@PEBUSUniquePointerInfo@75@@Z 0000000140001810 f i umodsys_lib_libmedia:umodsys.mod.media.stdio.obj
 0001:00000840       ?root_is_interface_supported@RStreamWriter_FILE@stdio@media@modules@UModSys@@UEBA_NPEBUSUniquePointerInfo@core@5@@Z 0000000140001840 f i umodsys_lib_libmedia:umodsys.mod.media.stdio.obj
 0001:00000870       ??0RStreamWriter_FILE@stdio@media@modules@UModSys@@QEAA@PEAUIModObject@base@4@AEBUSParameters@core@4@@Z 0000000140001870 f i umodsys_lib_libmedia:umodsys.mod.media.stdio.obj
 0001:00000910       ??0RStreamWriter_FILE@stdio@media@modules@UModSys@@QEAA@PEAUIModObject@base@4@PEBD_N@Z 0000000140001910 f i umodsys_lib_libmedia:umodsys.mod.media.stdio.obj
 0001:000009f0       ?open@RStreamWriter_FILE@stdio@media@modules@UModSys@@QEAAXAEBUSParameters@core@5@@Z 00000001400019f0 f i umodsys_lib_libmedia:umodsys.mod.media.stdio.obj
 0001:00000ab0       ?writer_seek@RStreamWriter_FILE@stdio@media@modules@UModSys@@UEAA_N_J@Z 0000000140001ab0 f i umodsys_lib_libmedia:umodsys.mod.media.stdio.obj
 0001:00000ae0       ?writer_seekend@RStreamWriter_FILE@stdio@media@modules@UModSys@@UEAA_N_J@Z 0000000140001ae0 f i umodsys_lib_libmedia:umodsys.mod.media.stdio.obj
 0001:00000b10       ?writer_seekdelta@RStreamWriter_FILE@stdio@media@modules@UModSys@@UEAA_N_J@Z 0000000140001b10 f i umodsys_lib_libmedia:umodsys.mod.media.stdio.obj
 0001:00000b40       ?writer_setsize@RStreamWriter_FILE@stdio@media@modules@UModSys@@UEAA_N_J@Z 0000000140001b40 f i umodsys_lib_libmedia:umodsys.mod.media.stdio.obj
 0001:00000ba0       ?writer_pos@RStreamWriter_FILE@stdio@media@modules@UModSys@@UEAA_JXZ 0000000140001ba0 f i umodsys_lib_libmedia:umodsys.mod.media.stdio.obj
 0001:00000bd0       ?writer_size@RStreamWriter_FILE@stdio@media@modules@UModSys@@UEAA_JXZ 0000000140001bd0 f i umodsys_lib_libmedia:umodsys.mod.media.stdio.obj
 0001:00000c00       ?writer_write@RStreamWriter_FILE@stdio@media@modules@UModSys@@UEAA_NPEBX_K@Z 0000000140001c00 f i umodsys_lib_libmedia:umodsys.mod.media.stdio.obj
 0001:00000cb0       ?writer_copy@RStreamWriter_FILE@stdio@media@modules@UModSys@@UEAA_NPEAUIStreamReader@libmedia@5@_J@Z 0000000140001cb0 f i umodsys_lib_libmedia:umodsys.mod.media.stdio.obj
 0001:00000d60       ?writer_copy@RStreamWriter_FILE@stdio@media@modules@UModSys@@UEAA_NPEAUIStreamReader@libmedia@5@_J1@Z 0000000140001d60 f i umodsys_lib_libmedia:umodsys.mod.media.stdio.obj
 0001:00000dd0       ?writer_close@RStreamWriter_FILE@stdio@media@modules@UModSys@@UEAAXXZ 0000000140001dd0 f i umodsys_lib_libmedia:umodsys.mod.media.stdio.obj
 0001:00000e10       ?writer_abort@RStreamWriter_FILE@stdio@media@modules@UModSys@@UEAAXXZ 0000000140001e10 f i umodsys_lib_libmedia:umodsys.mod.media.stdio.obj
 0001:00000e50       ??_GRStreamWriter_FILE@stdio@media@modules@UModSys@@UEAAPEAXI@Z 0000000140001e50 f i umodsys_lib_libmedia:umodsys.mod.media.stdio.obj
 0001:00000e50       ??_ERStreamWriter_FILE@stdio@media@modules@UModSys@@UEAAPEAXI@Z 0000000140001e50 f i  CIL library: CIL module
 0001:00000ed0       ?root_get_interface_info@RDataArchiver_OsDir@stdio@media@modules@UModSys@@UEBAAEBUSUniquePointerInfo@core@5@XZ 0000000140001ed0 f i umodsys_lib_libmedia:umodsys.mod.media.stdio.obj
 0001:00000ee0       ?root_get_interface_type@RDataArchiver_OsDir@stdio@media@modules@UModSys@@UEBAPEBUSUniquePointerInfo@core@5@XZ 0000000140001ee0 f i umodsys_lib_libmedia:umodsys.mod.media.stdio.obj
 0001:00000ef0       ?root_get_other_interface@RDataArchiver_OsDir@stdio@media@modules@UModSys@@UEBAPEBUIRoot@core@5@PEBUSUniquePointerInfo@75@@Z 0000000140001ef0 f i umodsys_lib_libmedia:umodsys.mod.media.stdio.obj
 0001:00000ef0       ?root_get_other_interface@RDataArchiver_OsDir@stdio@media@modules@UModSys@@UEAAPEAUIRoot@core@5@PEBUSUniquePointerInfo@75@@Z 0000000140001ef0 f i umodsys_lib_libmedia:umodsys.mod.media.stdio.obj
 0001:00000f30       ?root_is_interface_supported@RDataArchiver_OsDir@stdio@media@modules@UModSys@@UEBA_NPEBUSUniquePointerInfo@core@5@@Z 0000000140001f30 f i umodsys_lib_libmedia:umodsys.mod.media.stdio.obj
 0001:00000f70       ?ref_remove@RLibraryObjFilter@stdlib@media@modules@UModSys@@UEBAXXZ 0000000140001f70 f i umodsys_lib_libmedia:umodsys.mod.media.stdlib.obj
 0001:00000f70       ?ref_remove@RLibraryBinCache@stdlib@media@modules@UModSys@@UEBAXXZ 0000000140001f70 f i umodsys_lib_libmedia:umodsys.mod.media.stdlib.obj
 0001:00000f70       ?ref_remove@RLibraryLayered@stdlib@media@modules@UModSys@@UEBAXXZ 0000000140001f70 f i umodsys_lib_libmedia:umodsys.mod.media.stdlib.obj
 0001:00000f70       ?ref_remove@RDataArchiver_OsDir@stdio@media@modules@UModSys@@UEBAXXZ 0000000140001f70 f i umodsys_lib_libmedia:umodsys.mod.media.stdio.obj
 0001:00000f70       ?ref_remove@RParameters@rsystem@base@UModSys@@UEBAXXZ 0000000140001f70 f i umodsys_lib_basesys:umodsys.basesys.rparameters.obj
 0001:00000f70       ?ref_remove@RLibraryObjCache@stdlib@media@modules@UModSys@@UEBAXXZ 0000000140001f70 f i umodsys_lib_libmedia:umodsys.mod.media.stdlib.obj
 0001:00000f70       ?ref_remove@RLibraryBinTree@stdlib@media@modules@UModSys@@UEBAXXZ 0000000140001f70 f i umodsys_lib_libmedia:umodsys.mod.media.stdlib.obj
 0001:00000f90       ??0RDataArchiver_OsDir@stdio@media@modules@UModSys@@QEAA@PEAUIModObject@base@4@AEBUSParameters@core@4@U?$TFlags4State@USMediaFlagUid@libmedia@UModSys@@I@tl@4@@Z 0000000140001f90 f i umodsys_lib_libmedia:umodsys.mod.media.stdio.obj
 0001:00001090       ?open@RDataArchiver_OsDir@stdio@media@modules@UModSys@@QEAAXAEBUSParameters@core@5@@Z 0000000140002090 f i umodsys_lib_libmedia:umodsys.mod.media.stdio.obj
 0001:000011a0       ?get_flag@RDataArchiver_OsDir@stdio@media@modules@UModSys@@UEBA?AW4eStates@?$TFlags4State@USMediaFlagUid@libmedia@UModSys@@I@tl@5@H@Z 00000001400021a0 f i umodsys_lib_libmedia:umodsys.mod.media.stdio.obj
 0001:000011b0       ?get_flags_auto@RDataArchiver_OsDir@stdio@media@modules@UModSys@@UEBA?AU?$TFlags4State@USMediaFlagUid@libmedia@UModSys@@I@tl@5@XZ 00000001400021b0 f i umodsys_lib_libmedia:umodsys.mod.media.stdio.obj
 0001:000011c0       ?set_flag@RDataArchiver_OsDir@stdio@media@modules@UModSys@@UEAA?AW4eStates@?$TFlags4State@USMediaFlagUid@libmedia@UModSys@@I@tl@5@HW46785@@Z 00000001400021c0 f i umodsys_lib_libmedia:umodsys.mod.media.stdio.obj
 0001:000011f0       ?data_load@RDataArchiver_OsDir@stdio@media@modules@UModSys@@UEAA_NAEBU?$TString@U?$TSCoreConst@D@su@tl@UModSys@@U?$TComparerBinaryHash@D@234@@tl@5@AEAUSCMemShared@core@5@AEBUSFlags@libmedia@5@@Z 00000001400021f0 f i umodsys_lib_libmedia:umodsys.mod.media.stdio.obj
 0001:00001260       ?data_save@RDataArchiver_OsDir@stdio@media@modules@UModSys@@UEAA_NAEBU?$TString@U?$TSCoreConst@D@su@tl@UModSys@@U?$TComparerBinaryHash@D@234@@tl@5@AEBUSCMem@core@5@AEBUSFlags@libmedia@5@@Z 0000000140002260 f i umodsys_lib_libmedia:umodsys.mod.media.stdio.obj
 0001:00001270       ?data_reader@RDataArchiver_OsDir@stdio@media@modules@UModSys@@UEAA?AU?$TRefObject@UIStreamReader@libmedia@UModSys@@U?$TRefObjectFunc@UIStreamReader@libmedia@UModSys@@@tl@3@@tl@5@AEBU?$TString@U?$TSCoreConst@D@su@tl@UModSys@@U?$TComparerBinaryHash@D@234@@75@AEBUSFlags@libmedia@5@@Z 0000000140002270 f i umodsys_lib_libmedia:umodsys.mod.media.stdio.obj
 0001:00001410       ?data_writer@RDataArchiver_OsDir@stdio@media@modules@UModSys@@UEAA?AU?$TRefObject@UIStreamWriter@libmedia@UModSys@@U?$TRefObjectFunc@UIStreamWriter@libmedia@UModSys@@@tl@3@@tl@5@AEBU?$TString@U?$TSCoreConst@D@su@tl@UModSys@@U?$TComparerBinaryHash@D@234@@75@AEBUSFlags@libmedia@5@@Z 0000000140002410 f i umodsys_lib_libmedia:umodsys.mod.media.stdio.obj
 0001:000015c0       ?data_list@RDataArchiver_OsDir@stdio@media@modules@UModSys@@UEAA_NAEBU?$TString@U?$TSCoreConst@D@su@tl@UModSys@@U?$TComparerBinaryHash@D@234@@tl@5@_KAEAU?$TIStackSocket@USFileInfo@libmedia@UModSys@@@75@AEBUSFlags@libmedia@5@@Z 00000001400025c0 f i umodsys_lib_libmedia:umodsys.mod.media.stdio.obj
 0001:000015c0       ?data_info@RDataArchiver_OsDir@stdio@media@modules@UModSys@@UEAA_NAEBU?$TString@U?$TSCoreConst@D@su@tl@UModSys@@U?$TComparerBinaryHash@D@234@@tl@5@_KAEAUSFileInfo@libmedia@5@AEBUSFlags@95@@Z 00000001400025c0 f i umodsys_lib_libmedia:umodsys.mod.media.stdio.obj
 0001:00001650       ?get_permissions@RDataArchiver_OsDir@stdio@media@modules@UModSys@@UEAAHXZ 0000000140002650 f i umodsys_lib_libmedia:umodsys.mod.media.stdio.obj
 0001:00001660       ??_GRDataArchiver_OsDir@stdio@media@modules@UModSys@@UEAAPEAXI@Z 0000000140002660 f i umodsys_lib_libmedia:umodsys.mod.media.stdio.obj
 0001:00001660       ??_ERDataArchiver_OsDir@stdio@media@modules@UModSys@@UEAAPEAXI@Z 0000000140002660 f i  CIL library: CIL module
 0001:000016e0       ?get_generated_names@RGenerator@stdio@media@modules@UModSys@@UEBAHAEAUSUniquePtrList@core@5@@Z 00000001400026e0 f i umodsys_lib_libmedia:umodsys.mod.media.stdio.obj
 0001:00001730       ?get_generated_types@RGenerator@stdio@media@modules@UModSys@@UEBAHAEAUSUniquePtrList@core@5@PEBUSUniquePointerInfo@75@@Z 0000000140002730 f i umodsys_lib_libmedia:umodsys.mod.media.stdio.obj
 0001:00001810       ?generate@RGenerator@stdio@media@modules@UModSys@@UEAA_NAEAU?$TRefObject@UIRefObject@core@UModSys@@U?$TRefObjectFunc@UIRefObject@core@UModSys@@@tl@3@@tl@5@PEBUSUniquePointerInfo@core@5@AEBUSParameters@95@@Z 0000000140002810 f i umodsys_lib_libmedia:umodsys.mod.media.stdio.obj
 0001:00001940       ?root_get_interface_info@RGenerator@stdio@media@modules@UModSys@@UEBAAEBUSUniquePointerInfo@core@5@XZ 0000000140002940 f i umodsys_lib_libmedia:umodsys.mod.media.stdio.obj
 0001:00001950       ?root_get_interface_type@RGenerator@stdio@media@modules@UModSys@@UEBAPEBUSUniquePointerInfo@core@5@XZ 0000000140002950 f i umodsys_lib_libmedia:umodsys.mod.media.stdio.obj
 0001:00001960       ?root_get_other_interface@RGenerator@stdio@media@modules@UModSys@@UEAAPEAUIRoot@core@5@PEBUSUniquePointerInfo@75@@Z 0000000140002960 f i umodsys_lib_libmedia:umodsys.mod.media.stdio.obj
 0001:00001960       ?root_get_other_interface@RGenerator@stdio@media@modules@UModSys@@UEBAPEBUIRoot@core@5@PEBUSUniquePointerInfo@75@@Z 0000000140002960 f i umodsys_lib_libmedia:umodsys.mod.media.stdio.obj
 0001:000019a0       ?root_is_interface_supported@RGenerator@stdio@media@modules@UModSys@@UEBA_NPEBUSUniquePointerInfo@core@5@@Z 00000001400029a0 f i umodsys_lib_libmedia:umodsys.mod.media.stdio.obj
 0001:000019e0       ?ref_add@RStreamWriter_FILE@stdio@media@modules@UModSys@@UEBAXXZ 00000001400029e0 f i umodsys_lib_libmedia:umodsys.mod.media.stdio.obj
 0001:000019e0       ?ref_add@RGenerator@stdio@media@modules@UModSys@@UEBAXXZ 00000001400029e0 f i umodsys_lib_libmedia:umodsys.mod.media.stdio.obj
 0001:000019e0       ?ref_add@RGenerator@stdlib@media@modules@UModSys@@UEBAXXZ 00000001400029e0 f i umodsys_lib_libmedia:umodsys.mod.media.stdlib.obj
 0001:000019e0       ?ref_add@RUtilities@stdlib@media@modules@UModSys@@UEBAXXZ 00000001400029e0 f i umodsys_lib_libmedia:umodsys.mod.media.stdlib.obj
 0001:000019e0       ?ref_add@RStreamReader_FILE@stdio@media@modules@UModSys@@UEBAXXZ 00000001400029e0 f i umodsys_lib_libmedia:umodsys.mod.media.stdio.obj
 0001:000019f0       ??3@YAXPEAX0@Z             00000001400029f0 f i umodsys_lib_libmedia:umodsys.mod.media.stdio.obj
 0001:000019f0       ?suicide@RGenerator@stdio@media@modules@UModSys@@UEAAXXZ 00000001400029f0 f i umodsys_lib_libmedia:umodsys.mod.media.stdio.obj
 0001:000019f0       ?suicide@RGenerator@stdlib@media@modules@UModSys@@UEAAXXZ 00000001400029f0 f i umodsys_lib_libmedia:umodsys.mod.media.stdlib.obj
 0001:00001a00       ?get_uid@RGenerator@stdio@media@modules@UModSys@@UEBAPEBUSUniquePointerInfo@core@5@XZ 0000000140002a00 f i umodsys_lib_libmedia:umodsys.mod.media.stdio.obj
 0001:00001a10       ?do_open@RModuleReg@stdio@media@modules@UModSys@@UEAA_NXZ 0000000140002a10 f i umodsys_lib_libmedia:umodsys.mod.media.stdio.obj
 0001:00001a20       ?do_close@RModuleReg@stdio@media@modules@UModSys@@UEAA_NXZ 0000000140002a20 f i umodsys_lib_libmedia:umodsys.mod.media.stdio.obj
 0001:00001a30       ??_ERModuleReg@stdio@media@modules@UModSys@@UEAAPEAXI@Z 0000000140002a30 f i  CIL library: CIL module
 0001:00001a30       ??_GRModuleReg@stdio@media@modules@UModSys@@UEAAPEAXI@Z 0000000140002a30 f i umodsys_lib_libmedia:umodsys.mod.media.stdio.obj
 0001:00001a60       ?info_release@?$TSCoreShared@USIMemAlloc@core@UModSys@@D@su@tl@UModSys@@QEAAXXZ 0000000140002a60 f i umodsys_lib_libmedia:umodsys.mod.media.stdio.obj
 0001:00001b00       ?info_new@?$TSCoreShared@USIMemAlloc@core@UModSys@@D@su@tl@UModSys@@QEAA_NPEBD_K@Z 0000000140002b00 f i umodsys_lib_libmedia:umodsys.mod.media.stdio.obj
 0001:00001bf0       ?get_null@?$TSCoreShared@USIMemAlloc@core@UModSys@@D@su@tl@UModSys@@SAPEAU?$TSharedStringInfo@DUSIMemAlloc@core@UModSys@@@234@XZ 0000000140002bf0 f i umodsys_lib_libmedia:umodsys.mod.media.stdio.obj
 0001:00001c40       ??1?$TRefObject@UIModObject@base@UModSys@@U?$TModObjectFunc@UIModObject@base@UModSys@@@tl@3@@tl@UModSys@@QEAA@XZ 0000000140002c40 f i umodsys_lib_libmedia:umodsys.mod.media.stdio.obj
 0001:00001c70       ??$is_flag@U?$TFlags4StateShift@USMediaFlagUid@libmedia@UModSys@@I$09@tl@UModSys@@@SFlags@libmedia@UModSys@@QEBA_NPEBUIResolverAuto@012@W4eStates@?$TFlags4State@USMediaFlagUid@libmedia@UModSys@@I@tl@2@@Z 0000000140002c70 f i umodsys_lib_libmedia:umodsys.mod.media.stdio.obj
 0001:00001d00       ??$ValidateConstruction@UIStreamReader@libmedia@UModSys@@URStreamReader_FILE@stdio@media@modules@3@@core@UModSys@@YA_NAEAU?$TRefObject@UIStreamReader@libmedia@UModSys@@U?$TRefObjectFunc@UIStreamReader@libmedia@UModSys@@@tl@3@@tl@1@PEAURStreamReader_FILE@stdio@media@modules@1@@Z 0000000140002d00 f i umodsys_lib_libmedia:umodsys.mod.media.stdio.obj
 0001:00001d00       ??$ValidateConstruction@UIRefObject@core@UModSys@@URStreamReader_FILE@stdio@media@modules@3@@core@UModSys@@YA_NAEAU?$TRefObject@UIRefObject@core@UModSys@@U?$TRefObjectFunc@UIRefObject@core@UModSys@@@tl@3@@tl@1@PEAURStreamReader_FILE@stdio@media@modules@1@@Z 0000000140002d00 f i umodsys_lib_libmedia:umodsys.mod.media.stdio.obj
 0001:00001d80       ??$ValidateConstruction@UIRefObject@core@UModSys@@URStreamWriter_FILE@stdio@media@modules@3@@core@UModSys@@YA_NAEAU?$TRefObject@UIRefObject@core@UModSys@@U?$TRefObjectFunc@UIRefObject@core@UModSys@@@tl@3@@tl@1@PEAURStreamWriter_FILE@stdio@media@modules@1@@Z 0000000140002d80 f i umodsys_lib_libmedia:umodsys.mod.media.stdio.obj
 0001:00001d80       ??$ValidateConstruction@UIStreamWriter@libmedia@UModSys@@URStreamWriter_FILE@stdio@media@modules@3@@core@UModSys@@YA_NAEAU?$TRefObject@UIStreamWriter@libmedia@UModSys@@U?$TRefObjectFunc@UIStreamWriter@libmedia@UModSys@@@tl@3@@tl@1@PEAURStreamWriter_FILE@stdio@media@modules@1@@Z 0000000140002d80 f i umodsys_lib_libmedia:umodsys.mod.media.stdio.obj
 0001:00001e00       ??$ValidateConstruction@UIRefObject@core@UModSys@@URLibraryLayered@stdlib@media@modules@3@@core@UModSys@@YA_NAEAU?$TRefObject@UIRefObject@core@UModSys@@U?$TRefObjectFunc@UIRefObject@core@UModSys@@@tl@3@@tl@1@PEAURLibraryLayered@stdlib@media@modules@1@@Z 0000000140002e00 f i umodsys_lib_libmedia:umodsys.mod.media.stdlib.obj
 0001:00001e00       ??$ValidateConstruction@UIRefObject@core@UModSys@@URLibraryObjCache@stdlib@media@modules@3@@core@UModSys@@YA_NAEAU?$TRefObject@UIRefObject@core@UModSys@@U?$TRefObjectFunc@UIRefObject@core@UModSys@@@tl@3@@tl@1@PEAURLibraryObjCache@stdlib@media@modules@1@@Z 0000000140002e00 f i umodsys_lib_libmedia:umodsys.mod.media.stdlib.obj
 0001:00001e00       ??$ValidateConstruction@UIRefObject@core@UModSys@@URLibraryBinCache@stdlib@media@modules@3@@core@UModSys@@YA_NAEAU?$TRefObject@UIRefObject@core@UModSys@@U?$TRefObjectFunc@UIRefObject@core@UModSys@@@tl@3@@tl@1@PEAURLibraryBinCache@stdlib@media@modules@1@@Z 0000000140002e00 f i umodsys_lib_libmedia:umodsys.mod.media.stdlib.obj
 0001:00001e00       ??$ValidateConstruction@UIRefObject@core@UModSys@@URLibraryBinTree@stdlib@media@modules@3@@core@UModSys@@YA_NAEAU?$TRefObject@UIRefObject@core@UModSys@@U?$TRefObjectFunc@UIRefObject@core@UModSys@@@tl@3@@tl@1@PEAURLibraryBinTree@stdlib@media@modules@1@@Z 0000000140002e00 f i umodsys_lib_libmedia:umodsys.mod.media.stdlib.obj
 0001:00001e00       ??$ValidateConstruction@UIRefObject@core@UModSys@@URUtilities@stdlib@media@modules@3@@core@UModSys@@YA_NAEAU?$TRefObject@UIRefObject@core@UModSys@@U?$TRefObjectFunc@UIRefObject@core@UModSys@@@tl@3@@tl@1@PEAURUtilities@stdlib@media@modules@1@@Z 0000000140002e00 f i umodsys_lib_libmedia:umodsys.mod.media.stdlib.obj
 0001:00001e00       ??$ValidateConstruction@UIRefObject@core@UModSys@@URDataArchiver_OsDir@stdio@media@modules@3@@core@UModSys@@YA_NAEAU?$TRefObject@UIRefObject@core@UModSys@@U?$TRefObjectFunc@UIRefObject@core@UModSys@@@tl@3@@tl@1@PEAURDataArchiver_OsDir@stdio@media@modules@1@@Z 0000000140002e00 f i umodsys_lib_libmedia:umodsys.mod.media.stdio.obj
 0001:00001e00       ??$ValidateConstruction@UIRefObject@core@UModSys@@URLibraryObjFilter@stdlib@media@modules@3@@core@UModSys@@YA_NAEAU?$TRefObject@UIRefObject@core@UModSys@@U?$TRefObjectFunc@UIRefObject@core@UModSys@@@tl@3@@tl@1@PEAURLibraryObjFilter@stdlib@media@modules@1@@Z 0000000140002e00 f i umodsys_lib_libmedia:umodsys.mod.media.stdlib.obj
 0001:00001e70       ?s_set@?$TRefObjectFunc@UIRefObject@core@UModSys@@@tl@UModSys@@SAXAEAPEAUIRefObject@core@3@PEAU453@@Z 0000000140002e70 f i umodsys_lib_libmedia:umodsys.mod.media.stdio.obj
 0001:00001eb0       ??1SCMemShared@core@UModSys@@QEAA@XZ 0000000140002eb0 f i umodsys_lib_libmedia:umodsys.mod.media.stdlib.obj
 0001:00001eb0       ??1SInfo@IBinObjFilter@libmedia@UModSys@@QEAA@XZ 0000000140002eb0 f i umodsys_lib_libmedia:umodsys.mod.media.stdlib.obj
 0001:00001eb0       ??1SMemShared@core@UModSys@@QEAA@XZ 0000000140002eb0 f i umodsys_lib_libmedia:umodsys.mod.media.stdio.obj
 0001:00001ee0       ??0SFileInfo@libmedia@UModSys@@QEAA@XZ 0000000140002ee0 f i umodsys_lib_libmedia:umodsys.mod.media.stdlib.obj
 0001:00001fb0       ??1SFileInfo@libmedia@UModSys@@QEAA@XZ 0000000140002fb0 f i umodsys_lib_libmedia:umodsys.mod.media.stdlib.obj
 0001:00002000       ?get_flag@RResolverChain@SFlagsChain@libmedia@UModSys@@UEBA?AW4eStates@?$TFlags4State@USMediaFlagUid@libmedia@UModSys@@I@tl@4@H@Z 0000000140003000 f i umodsys_lib_libmedia:umodsys.mod.media.stdlib.obj
 0001:00002050       ?bin_reader@ILibrary@libmedia@UModSys@@QEAA?AU?$TRefObject@UIStreamReader@libmedia@UModSys@@U?$TRefObjectFunc@UIStreamReader@libmedia@UModSys@@@tl@3@@tl@3@AEBU?$TString@U?$TSCoreConst@D@su@tl@UModSys@@U?$TComparerBinaryHash@D@234@@53@AEBU?$TFlags4State@USMediaFlagUid@libmedia@UModSys@@I@53@@Z 0000000140003050 f i umodsys_lib_libmedia:umodsys.mod.media.stdlib.obj
 0001:00002090       ?bin_writer@ILibrary@libmedia@UModSys@@QEAA?AU?$TRefObject@UIStreamWriter@libmedia@UModSys@@U?$TRefObjectFunc@UIStreamWriter@libmedia@UModSys@@@tl@3@@tl@3@AEBU?$TString@U?$TSCoreConst@D@su@tl@UModSys@@U?$TComparerBinaryHash@D@234@@53@AEBU?$TFlags4State@USMediaFlagUid@libmedia@UModSys@@I@53@@Z 0000000140003090 f i umodsys_lib_libmedia:umodsys.mod.media.stdlib.obj
 0001:000020d0       ??1SPoint@ILibraryBinTree@libmedia@UModSys@@QEAA@XZ 00000001400030d0 f i umodsys_lib_libmedia:umodsys.mod.media.stdlib.obj
 0001:000020d0       ??1SLayer@ILibraryLayered@libmedia@UModSys@@QEAA@XZ 00000001400030d0 f i umodsys_lib_libmedia:umodsys.mod.media.stdlib.obj
 0001:00002100       ?root_get_interface_info@RUtilities@stdlib@media@modules@UModSys@@UEBAAEBUSUniquePointerInfo@core@5@XZ 0000000140003100 f i umodsys_lib_libmedia:umodsys.mod.media.stdlib.obj
 0001:00002110       ?root_get_interface_type@RUtilities@stdlib@media@modules@UModSys@@UEBAPEBUSUniquePointerInfo@core@5@XZ 0000000140003110 f i umodsys_lib_libmedia:umodsys.mod.media.stdlib.obj
 0001:00002120       ?root_get_other_interface@RUtilities@stdlib@media@modules@UModSys@@UEAAPEAUIRoot@core@5@PEBUSUniquePointerInfo@75@@Z 0000000140003120 f i umodsys_lib_libmedia:umodsys.mod.media.stdlib.obj
 0001:00002120       ?root_get_other_interface@RUtilities@stdlib@media@modules@UModSys@@UEBAPEBUIRoot@core@5@PEBUSUniquePointerInfo@75@@Z 0000000140003120 f i umodsys_lib_libmedia:umodsys.mod.media.stdlib.obj
 0001:00002150       ?root_is_interface_supported@RUtilities@stdlib@media@modules@UModSys@@UEBA_NPEBUSUniquePointerInfo@core@5@@Z 0000000140003150 f i umodsys_lib_libmedia:umodsys.mod.media.stdlib.obj
 0001:00002180       ?ref_links@RUtilities@stdlib@media@modules@UModSys@@UEBAHXZ 0000000140003180 f i umodsys_lib_libmedia:umodsys.mod.media.stdlib.obj
 0001:00002180       ?ref_links@RGenerator@stdio@media@modules@UModSys@@UEBAHXZ 0000000140003180 f i umodsys_lib_libmedia:umodsys.mod.media.stdio.obj
 0001:00002180       ?ref_links@RStreamWriter_FILE@stdio@media@modules@UModSys@@UEBAHXZ 0000000140003180 f i umodsys_lib_libmedia:umodsys.mod.media.stdio.obj
 0001:00002180       ?ref_links@RGenerator@stdlib@media@modules@UModSys@@UEBAHXZ 0000000140003180 f i umodsys_lib_libmedia:umodsys.mod.media.stdlib.obj
 0001:00002180       ?ref_links@RStreamReader_FILE@stdio@media@modules@UModSys@@UEBAHXZ 0000000140003180 f i umodsys_lib_libmedia:umodsys.mod.media.stdio.obj
 0001:00002190       ?ref_weak@RStreamWriter_FILE@stdio@media@modules@UModSys@@UEBA_NAEAUWeakPointer@IRefObject@core@5@@Z 0000000140003190 f i umodsys_lib_libmedia:umodsys.mod.media.stdio.obj
 0001:00002190       ?ref_weak@RGenerator@stdlib@media@modules@UModSys@@UEBA_NAEAUWeakPointer@IRefObject@core@5@@Z 0000000140003190 f i umodsys_lib_libmedia:umodsys.mod.media.stdlib.obj
 0001:00002190       ?ref_weak@RStreamReader_FILE@stdio@media@modules@UModSys@@UEBA_NAEAUWeakPointer@IRefObject@core@5@@Z 0000000140003190 f i umodsys_lib_libmedia:umodsys.mod.media.stdio.obj
 0001:00002190       ?ref_weak@RGenerator@stdio@media@modules@UModSys@@UEBA_NAEAUWeakPointer@IRefObject@core@5@@Z 0000000140003190 f i umodsys_lib_libmedia:umodsys.mod.media.stdio.obj
 0001:00002190       ?ref_weak@RUtilities@stdlib@media@modules@UModSys@@UEBA_NAEAUWeakPointer@IRefObject@core@5@@Z 0000000140003190 f i umodsys_lib_libmedia:umodsys.mod.media.stdlib.obj
 0001:000021b0       ?suicide@RStreamReader_FILE@stdio@media@modules@UModSys@@UEAAXXZ 00000001400031b0 f i umodsys_lib_libmedia:umodsys.mod.media.stdio.obj
 0001:000021b0       ?suicide@RUtilities@stdlib@media@modules@UModSys@@UEAAXXZ 00000001400031b0 f i umodsys_lib_libmedia:umodsys.mod.media.stdlib.obj
 0001:000021b0       ?suicide@RStreamWriter_FILE@stdio@media@modules@UModSys@@UEAAXXZ 00000001400031b0 f i umodsys_lib_libmedia:umodsys.mod.media.stdio.obj
 0001:00002200       ?_root_get_interface_types@RBinArchiveFrame@stdlib@media@modules@UModSys@@SA_KAEAUSUniquePtrList@core@5@@Z 0000000140003200 f i umodsys_lib_libmedia:umodsys.mod.media.stdlib.obj
 0001:00002270       ?root_get_interface_info@RBinArchiveFrame@stdlib@media@modules@UModSys@@UEBAAEBUSUniquePointerInfo@core@5@XZ 0000000140003270 f i umodsys_lib_libmedia:umodsys.mod.media.stdlib.obj
 0001:00002280       ?root_get_interface_type@RBinArchiveFrame@stdlib@media@modules@UModSys@@UEBAPEBUSUniquePointerInfo@core@5@XZ 0000000140003280 f i umodsys_lib_libmedia:umodsys.mod.media.stdlib.obj
 0001:00002290       ?root_get_other_interface@RBinArchiveFrame@stdlib@media@modules@UModSys@@UEBAPEBUIRoot@core@5@PEBUSUniquePointerInfo@75@@Z 0000000140003290 f i umodsys_lib_libmedia:umodsys.mod.media.stdlib.obj
 0001:00002290       ?root_get_other_interface@RBinArchiveFrame@stdlib@media@modules@UModSys@@UEAAPEAUIRoot@core@5@PEBUSUniquePointerInfo@75@@Z 0000000140003290 f i umodsys_lib_libmedia:umodsys.mod.media.stdlib.obj
 0001:000022d0       ?root_is_interface_supported@RBinArchiveFrame@stdlib@media@modules@UModSys@@UEBA_NPEBUSUniquePointerInfo@core@5@@Z 00000001400032d0 f i umodsys_lib_libmedia:umodsys.mod.media.stdlib.obj
 0001:00002310       ?ref_add@RBinArchiveFrame@stdlib@media@modules@UModSys@@UEBAXXZ 0000000140003310 f i umodsys_lib_libmedia:umodsys.mod.media.stdlib.obj
 0001:00002320       ?ref_remove@RBinArchiveFrame@stdlib@media@modules@UModSys@@UEBAXXZ 0000000140003320 f i umodsys_lib_libmedia:umodsys.mod.media.stdlib.obj
 0001:00002340       ?ref_links@RBinArchiveFrame@stdlib@media@modules@UModSys@@UEBAHXZ 0000000140003340 f i umodsys_lib_libmedia:umodsys.mod.media.stdlib.obj
 0001:00002350       ?ref_weak@RBinArchiveFrame@stdlib@media@modules@UModSys@@UEBA_NAEAUWeakPointer@IRefObject@core@5@@Z 0000000140003350 f i umodsys_lib_libmedia:umodsys.mod.media.stdlib.obj
 0001:00002370       ?suicide@RBinArchiveFrame@stdlib@media@modules@UModSys@@UEAAXXZ 0000000140003370 f i umodsys_lib_libmedia:umodsys.mod.media.stdlib.obj
 0001:000023c0       ?_root_get_interface_types@RLibraryBinTree@stdlib@media@modules@UModSys@@SA_KAEAUSUniquePtrList@core@5@@Z 00000001400033c0 f i umodsys_lib_libmedia:umodsys.mod.media.stdlib.obj
 0001:00002430       ?root_get_interface_info@RLibraryBinTree@stdlib@media@modules@UModSys@@UEBAAEBUSUniquePointerInfo@core@5@XZ 0000000140003430 f i umodsys_lib_libmedia:umodsys.mod.media.stdlib.obj
 0001:00002440       ?root_get_interface_type@RLibraryBinTree@stdlib@media@modules@UModSys@@UEBAPEBUSUniquePointerInfo@core@5@XZ 0000000140003440 f i umodsys_lib_libmedia:umodsys.mod.media.stdlib.obj
 0001:00002450       ?root_get_other_interface@RLibraryBinTree@stdlib@media@modules@UModSys@@UEBAPEBUIRoot@core@5@PEBUSUniquePointerInfo@75@@Z 0000000140003450 f i umodsys_lib_libmedia:umodsys.mod.media.stdlib.obj
 0001:00002450       ?root_get_other_interface@RLibraryBinTree@stdlib@media@modules@UModSys@@UEAAPEAUIRoot@core@5@PEBUSUniquePointerInfo@75@@Z 0000000140003450 f i umodsys_lib_libmedia:umodsys.mod.media.stdlib.obj
 0001:00002490       ?root_is_interface_supported@RLibraryBinTree@stdlib@media@modules@UModSys@@UEBA_NPEBUSUniquePointerInfo@core@5@@Z 0000000140003490 f i umodsys_lib_libmedia:umodsys.mod.media.stdlib.obj
 0001:000024d0       ?_root_get_interface_types@RLibraryBinCache@stdlib@media@modules@UModSys@@SA_KAEAUSUniquePtrList@core@5@@Z 00000001400034d0 f i umodsys_lib_libmedia:umodsys.mod.media.stdlib.obj
 0001:00002540       ?root_get_interface_info@RLibraryBinCache@stdlib@media@modules@UModSys@@UEBAAEBUSUniquePointerInfo@core@5@XZ 0000000140003540 f i umodsys_lib_libmedia:umodsys.mod.media.stdlib.obj
 0001:00002550       ?root_get_interface_type@RLibraryBinCache@stdlib@media@modules@UModSys@@UEBAPEBUSUniquePointerInfo@core@5@XZ 0000000140003550 f i umodsys_lib_libmedia:umodsys.mod.media.stdlib.obj
 0001:00002560       ?root_get_other_interface@RLibraryBinCache@stdlib@media@modules@UModSys@@UEAAPEAUIRoot@core@5@PEBUSUniquePointerInfo@75@@Z 0000000140003560 f i umodsys_lib_libmedia:umodsys.mod.media.stdlib.obj
 0001:00002560       ?root_get_other_interface@RLibraryBinCache@stdlib@media@modules@UModSys@@UEBAPEBUIRoot@core@5@PEBUSUniquePointerInfo@75@@Z 0000000140003560 f i umodsys_lib_libmedia:umodsys.mod.media.stdlib.obj
 0001:000025a0       ?root_is_interface_supported@RLibraryBinCache@stdlib@media@modules@UModSys@@UEBA_NPEBUSUniquePointerInfo@core@5@@Z 00000001400035a0 f i umodsys_lib_libmedia:umodsys.mod.media.stdlib.obj
 0001:000025e0       ?suicide@RLibraryBinTree@stdlib@media@modules@UModSys@@UEAAXXZ 00000001400035e0 f i umodsys_lib_libmedia:umodsys.mod.media.stdlib.obj
 0001:000025e0       ?suicide@RDataArchiver_OsDir@stdio@media@modules@UModSys@@UEAAXXZ 00000001400035e0 f i umodsys_lib_libmedia:umodsys.mod.media.stdio.obj
 0001:000025e0       ?suicide@RLibraryObjCache@stdlib@media@modules@UModSys@@UEAAXXZ 00000001400035e0 f i umodsys_lib_libmedia:umodsys.mod.media.stdlib.obj
 0001:000025e0       ?suicide@RLibraryObjFilter@stdlib@media@modules@UModSys@@UEAAXXZ 00000001400035e0 f i umodsys_lib_libmedia:umodsys.mod.media.stdlib.obj
 0001:000025e0       ?suicide@RLibraryLayered@stdlib@media@modules@UModSys@@UEAAXXZ 00000001400035e0 f i umodsys_lib_libmedia:umodsys.mod.media.stdlib.obj
 0001:000025e0       ?suicide@RLibraryBinCache@stdlib@media@modules@UModSys@@UEAAXXZ 00000001400035e0 f i umodsys_lib_libmedia:umodsys.mod.media.stdlib.obj
 0001:00002630       ?_root_get_interface_types@RLibraryLayered@stdlib@media@modules@UModSys@@SA_KAEAUSUniquePtrList@core@5@@Z 0000000140003630 f i umodsys_lib_libmedia:umodsys.mod.media.stdlib.obj
 0001:000026a0       ?root_get_interface_info@RLibraryLayered@stdlib@media@modules@UModSys@@UEBAAEBUSUniquePointerInfo@core@5@XZ 00000001400036a0 f i umodsys_lib_libmedia:umodsys.mod.media.stdlib.obj
 0001:000026b0       ?root_get_interface_type@RLibraryLayered@stdlib@media@modules@UModSys@@UEBAPEBUSUniquePointerInfo@core@5@XZ 00000001400036b0 f i umodsys_lib_libmedia:umodsys.mod.media.stdlib.obj
 0001:000026c0       ?root_get_other_interface@RLibraryLayered@stdlib@media@modules@UModSys@@UEBAPEBUIRoot@core@5@PEBUSUniquePointerInfo@75@@Z 00000001400036c0 f i umodsys_lib_libmedia:umodsys.mod.media.stdlib.obj
 0001:000026c0       ?root_get_other_interface@RLibraryLayered@stdlib@media@modules@UModSys@@UEAAPEAUIRoot@core@5@PEBUSUniquePointerInfo@75@@Z 00000001400036c0 f i umodsys_lib_libmedia:umodsys.mod.media.stdlib.obj
 0001:00002700       ?root_is_interface_supported@RLibraryLayered@stdlib@media@modules@UModSys@@UEBA_NPEBUSUniquePointerInfo@core@5@@Z 0000000140003700 f i umodsys_lib_libmedia:umodsys.mod.media.stdlib.obj
 0001:00002740       ??4SLayerX@RLibraryLayered@stdlib@media@modules@UModSys@@QEAAXAEBUSLayer@ILibraryLayered@libmedia@5@@Z 0000000140003740 f i umodsys_lib_libmedia:umodsys.mod.media.stdlib.obj
 0001:000027f0       ?_root_get_interface_types@RLibraryObjCache@stdlib@media@modules@UModSys@@SA_KAEAUSUniquePtrList@core@5@@Z 00000001400037f0 f i umodsys_lib_libmedia:umodsys.mod.media.stdlib.obj
 0001:00002860       ?root_get_interface_info@RLibraryObjCache@stdlib@media@modules@UModSys@@UEBAAEBUSUniquePointerInfo@core@5@XZ 0000000140003860 f i umodsys_lib_libmedia:umodsys.mod.media.stdlib.obj
 0001:00002870       ?root_get_interface_type@RLibraryObjCache@stdlib@media@modules@UModSys@@UEBAPEBUSUniquePointerInfo@core@5@XZ 0000000140003870 f i umodsys_lib_libmedia:umodsys.mod.media.stdlib.obj
 0001:00002880       ?root_get_other_interface@RLibraryObjCache@stdlib@media@modules@UModSys@@UEAAPEAUIRoot@core@5@PEBUSUniquePointerInfo@75@@Z 0000000140003880 f i umodsys_lib_libmedia:umodsys.mod.media.stdlib.obj
 0001:00002880       ?root_get_other_interface@RLibraryObjCache@stdlib@media@modules@UModSys@@UEBAPEBUIRoot@core@5@PEBUSUniquePointerInfo@75@@Z 0000000140003880 f i umodsys_lib_libmedia:umodsys.mod.media.stdlib.obj
 0001:000028c0       ?root_is_interface_supported@RLibraryObjCache@stdlib@media@modules@UModSys@@UEBA_NPEBUSUniquePointerInfo@core@5@@Z 00000001400038c0 f i umodsys_lib_libmedia:umodsys.mod.media.stdlib.obj
 0001:00002900       ?ref_links@RLibraryObjFilter@stdlib@media@modules@UModSys@@UEBAHXZ 0000000140003900 f i umodsys_lib_libmedia:umodsys.mod.media.stdlib.obj
 0001:00002900       ?ref_links@RLibraryLayered@stdlib@media@modules@UModSys@@UEBAHXZ 0000000140003900 f i umodsys_lib_libmedia:umodsys.mod.media.stdlib.obj
 0001:00002900       ?ref_links@RLibraryBinCache@stdlib@media@modules@UModSys@@UEBAHXZ 0000000140003900 f i umodsys_lib_libmedia:umodsys.mod.media.stdlib.obj
 0001:00002900       ?ref_links@RParameters@rsystem@base@UModSys@@UEBAHXZ 0000000140003900 f i umodsys_lib_basesys:umodsys.basesys.rparameters.obj
 0001:00002900       ?ref_links@RLibraryBinTree@stdlib@media@modules@UModSys@@UEBAHXZ 0000000140003900 f i umodsys_lib_libmedia:umodsys.mod.media.stdlib.obj
 0001:00002900       ?ref_links@RLibraryObjCache@stdlib@media@modules@UModSys@@UEBAHXZ 0000000140003900 f i umodsys_lib_libmedia:umodsys.mod.media.stdlib.obj
 0001:00002900       ?ref_links@RDataArchiver_OsDir@stdio@media@modules@UModSys@@UEBAHXZ 0000000140003900 f i umodsys_lib_libmedia:umodsys.mod.media.stdio.obj
 0001:00002910       ?_root_get_interface_types@RLibraryObjFilter@stdlib@media@modules@UModSys@@SA_KAEAUSUniquePtrList@core@5@@Z 0000000140003910 f i umodsys_lib_libmedia:umodsys.mod.media.stdlib.obj
 0001:00002980       ?root_get_interface_info@RLibraryObjFilter@stdlib@media@modules@UModSys@@UEBAAEBUSUniquePointerInfo@core@5@XZ 0000000140003980 f i umodsys_lib_libmedia:umodsys.mod.media.stdlib.obj
 0001:00002990       ?root_get_interface_type@RLibraryObjFilter@stdlib@media@modules@UModSys@@UEBAPEBUSUniquePointerInfo@core@5@XZ 0000000140003990 f i umodsys_lib_libmedia:umodsys.mod.media.stdlib.obj
 0001:000029a0       ?root_get_other_interface@RLibraryObjFilter@stdlib@media@modules@UModSys@@UEBAPEBUIRoot@core@5@PEBUSUniquePointerInfo@75@@Z 00000001400039a0 f i umodsys_lib_libmedia:umodsys.mod.media.stdlib.obj
 0001:000029a0       ?root_get_other_interface@RLibraryObjFilter@stdlib@media@modules@UModSys@@UEAAPEAUIRoot@core@5@PEBUSUniquePointerInfo@75@@Z 00000001400039a0 f i umodsys_lib_libmedia:umodsys.mod.media.stdlib.obj
 0001:000029e0       ?root_is_interface_supported@RLibraryObjFilter@stdlib@media@modules@UModSys@@UEBA_NPEBUSUniquePointerInfo@core@5@@Z 00000001400039e0 f i umodsys_lib_libmedia:umodsys.mod.media.stdlib.obj
 0001:00002a20       ?get_generated_names@RGenerator@stdlib@media@modules@UModSys@@UEBAHAEAUSUniquePtrList@core@5@@Z 0000000140003a20 f i umodsys_lib_libmedia:umodsys.mod.media.stdlib.obj
 0001:00002aa0       ?get_generated_types@RGenerator@stdlib@media@modules@UModSys@@UEBAHAEAUSUniquePtrList@core@5@PEBUSUniquePointerInfo@75@@Z 0000000140003aa0 f i umodsys_lib_libmedia:umodsys.mod.media.stdlib.obj
 0001:00002b90       ?generate@RGenerator@stdlib@media@modules@UModSys@@UEAA_NAEAU?$TRefObject@UIRefObject@core@UModSys@@U?$TRefObjectFunc@UIRefObject@core@UModSys@@@tl@3@@tl@5@PEBUSUniquePointerInfo@core@5@AEBUSParameters@95@@Z 0000000140003b90 f i umodsys_lib_libmedia:umodsys.mod.media.stdlib.obj
 0001:00002e10       ?root_get_interface_info@RGenerator@stdlib@media@modules@UModSys@@UEBAAEBUSUniquePointerInfo@core@5@XZ 0000000140003e10 f i umodsys_lib_libmedia:umodsys.mod.media.stdlib.obj
 0001:00002e20       ?root_get_interface_type@RGenerator@stdlib@media@modules@UModSys@@UEBAPEBUSUniquePointerInfo@core@5@XZ 0000000140003e20 f i umodsys_lib_libmedia:umodsys.mod.media.stdlib.obj
 0001:00002e30       ?root_get_other_interface@RGenerator@stdlib@media@modules@UModSys@@UEAAPEAUIRoot@core@5@PEBUSUniquePointerInfo@75@@Z 0000000140003e30 f i umodsys_lib_libmedia:umodsys.mod.media.stdlib.obj
 0001:00002e30       ?root_get_other_interface@RGenerator@stdlib@media@modules@UModSys@@UEBAPEBUIRoot@core@5@PEBUSUniquePointerInfo@75@@Z 0000000140003e30 f i umodsys_lib_libmedia:umodsys.mod.media.stdlib.obj
 0001:00002e70       ?root_is_interface_supported@RGenerator@stdlib@media@modules@UModSys@@UEBA_NPEBUSUniquePointerInfo@core@5@@Z 0000000140003e70 f i umodsys_lib_libmedia:umodsys.mod.media.stdlib.obj
 0001:00002eb0       ?ref_remove@RGenerator@stdlib@media@modules@UModSys@@UEBAXXZ 0000000140003eb0 f i umodsys_lib_libmedia:umodsys.mod.media.stdlib.obj
 0001:00002eb0       ?ref_remove@RUtilities@stdlib@media@modules@UModSys@@UEBAXXZ 0000000140003eb0 f i umodsys_lib_libmedia:umodsys.mod.media.stdlib.obj
 0001:00002eb0       ?ref_remove@RStreamReader_FILE@stdio@media@modules@UModSys@@UEBAXXZ 0000000140003eb0 f i umodsys_lib_libmedia:umodsys.mod.media.stdio.obj
 0001:00002eb0       ?ref_remove@RGenerator@stdio@media@modules@UModSys@@UEBAXXZ 0000000140003eb0 f i umodsys_lib_libmedia:umodsys.mod.media.stdio.obj
 0001:00002eb0       ?ref_remove@RStreamWriter_FILE@stdio@media@modules@UModSys@@UEBAXXZ 0000000140003eb0 f i umodsys_lib_libmedia:umodsys.mod.media.stdio.obj
 0001:00002ed0       ?get_uid@RGenerator@stdlib@media@modules@UModSys@@UEBAPEBUSUniquePointerInfo@core@5@XZ 0000000140003ed0 f i umodsys_lib_libmedia:umodsys.mod.media.stdlib.obj
 0001:00002ee0       ??_GRUtilities@stdlib@media@modules@UModSys@@UEAAPEAXI@Z 0000000140003ee0 f i umodsys_lib_libmedia:umodsys.mod.media.stdlib.obj
 0001:00002ee0       ??_ERUtilities@stdlib@media@modules@UModSys@@UEAAPEAXI@Z 0000000140003ee0 f i  CIL library: CIL module
 0001:00002f10       ??1?$TSCoreShared@USIMemAlloc@core@UModSys@@D@su@tl@UModSys@@QEAA@XZ 0000000140003f10 f i umodsys_lib_libmedia:umodsys.mod.media.stdio.obj
 0001:00002f10       ??1?$TString@U?$TSCoreShared@USIMemAlloc@core@UModSys@@D@su@tl@UModSys@@U?$TComparerBinaryHash@D@234@@tl@UModSys@@QEAA@XZ 0000000140003f10 f i umodsys_lib_libmedia:umodsys.mod.media.stdio.obj
 0001:00002f10       ??1?$TStringBuf@U?$TSCoreShared@USIMemAlloc@core@UModSys@@D@su@tl@UModSys@@U?$TComparerBinaryHash@D@234@@tl@UModSys@@QEAA@XZ 0000000140003f10 f i umodsys_lib_libmedia:umodsys.mod.media.stdlib.obj
 0001:00002f20       ??_ERBinArchiveFrame@stdlib@media@modules@UModSys@@UEAAPEAXI@Z 0000000140003f20 f i  CIL library: CIL module
 0001:00002f20       ??_GRBinArchiveFrame@stdlib@media@modules@UModSys@@UEAAPEAXI@Z 0000000140003f20 f i umodsys_lib_libmedia:umodsys.mod.media.stdlib.obj
 0001:00002f50       ??1IBinArchiveFrame@libmedia@UModSys@@UEAA@XZ 0000000140003f50 f i umodsys_lib_libmedia:umodsys.mod.media.stdlib.obj
 0001:00002fd0       ??_GRLibraryBinTree@stdlib@media@modules@UModSys@@UEAAPEAXI@Z 0000000140003fd0 f i umodsys_lib_libmedia:umodsys.mod.media.stdlib.obj
 0001:00002fd0       ??_ERLibraryBinTree@stdlib@media@modules@UModSys@@UEAAPEAXI@Z 0000000140003fd0 f i  CIL library: CIL module
 0001:00003000       ??_ERLibraryBinCache@stdlib@media@modules@UModSys@@UEAAPEAXI@Z 0000000140004000 f i  CIL library: CIL module
 0001:00003000       ??_GRLibraryBinCache@stdlib@media@modules@UModSys@@UEAAPEAXI@Z 0000000140004000 f i umodsys_lib_libmedia:umodsys.mod.media.stdlib.obj
 0001:00003030       ??1ILibraryLayered@libmedia@UModSys@@UEAA@XZ 0000000140004030 f i umodsys_lib_libmedia:umodsys.mod.media.stdlib.obj
 0001:00003030       ??1IBinArchive@libmedia@UModSys@@UEAA@XZ 0000000140004030 f i umodsys_lib_libmedia:umodsys.mod.media.stdio.obj
 0001:00003030       ??1ILibraryObjFilter@libmedia@UModSys@@UEAA@XZ 0000000140004030 f i umodsys_lib_libmedia:umodsys.mod.media.stdlib.obj
 0001:00003030       ??1ILibraryBinCache@libmedia@UModSys@@UEAA@XZ 0000000140004030 f i umodsys_lib_libmedia:umodsys.mod.media.stdlib.obj
 0001:00003030       ??1ILibraryBinTree@libmedia@UModSys@@UEAA@XZ 0000000140004030 f i umodsys_lib_libmedia:umodsys.mod.media.stdlib.obj
 0001:00003030       ??1ILibraryObjCache@libmedia@UModSys@@UEAA@XZ 0000000140004030 f i umodsys_lib_libmedia:umodsys.mod.media.stdlib.obj
 0001:00003070       ??_GRLibraryLayered@stdlib@media@modules@UModSys@@UEAAPEAXI@Z 0000000140004070 f i umodsys_lib_libmedia:umodsys.mod.media.stdlib.obj
 0001:00003070       ??_ERLibraryLayered@stdlib@media@modules@UModSys@@UEAAPEAXI@Z 0000000140004070 f i  CIL library: CIL module
 0001:000030a0       ??_ERLibraryObjCache@stdlib@media@modules@UModSys@@UEAAPEAXI@Z 00000001400040a0 f i  CIL library: CIL module
 0001:000030a0       ??_GRLibraryObjCache@stdlib@media@modules@UModSys@@UEAAPEAXI@Z 00000001400040a0 f i umodsys_lib_libmedia:umodsys.mod.media.stdlib.obj
 0001:000030d0       ??_GRLibraryObjFilter@stdlib@media@modules@UModSys@@UEAAPEAXI@Z 00000001400040d0 f i umodsys_lib_libmedia:umodsys.mod.media.stdlib.obj
 0001:000030d0       ??_ERLibraryObjFilter@stdlib@media@modules@UModSys@@UEAAPEAXI@Z 00000001400040d0 f i  CIL library: CIL module
 0001:00003100       ?do_open@RModuleReg@stdlib@media@modules@UModSys@@UEAA_NXZ 0000000140004100 f i umodsys_lib_libmedia:umodsys.mod.media.stdlib.obj
 0001:00003110       ?do_close@RModuleReg@stdlib@media@modules@UModSys@@UEAA_NXZ 0000000140004110 f i umodsys_lib_libmedia:umodsys.mod.media.stdlib.obj
 0001:00003120       ??_GRModuleReg@stdlib@media@modules@UModSys@@UEAAPEAXI@Z 0000000140004120 f i umodsys_lib_libmedia:umodsys.mod.media.stdlib.obj
 0001:00003120       ??_ERModuleReg@stdlib@media@modules@UModSys@@UEAAPEAXI@Z 0000000140004120 f i  CIL library: CIL module
 0001:00003150       ??4?$TString@U?$TSCoreConst@D@su@tl@UModSys@@U?$TComparerBinaryHash@D@234@@tl@UModSys@@QEAAAEBU012@PEBD@Z 0000000140004150 f i umodsys_lib_libmedia:umodsys.mod.media.stdlib.obj
 0001:000031b0       ??4?$TRefObject@UIStreamWriter@libmedia@UModSys@@U?$TRefObjectFunc@UIStreamWriter@libmedia@UModSys@@@tl@3@@tl@UModSys@@QEAAAEBU012@AEBU012@@Z 00000001400041b0 f i umodsys_lib_libmedia:umodsys.mod.media.stdlib.obj
 0001:000031f0       ??0?$TString@U?$TSCoreShared@USIMemAlloc@core@UModSys@@D@su@tl@UModSys@@U?$TComparerBinaryHash@D@234@@tl@UModSys@@QEAA@AEBU?$TSCoreConst@D@su@12@@Z 00000001400041f0 f i umodsys_lib_libmedia:umodsys.mod.media.stdlib.obj
 0001:000032a0       ?Push@?$TDynarray@U?$TDynarrayHolderDynamic@UBuffer@RUtilities@stdlib@media@modules@UModSys@@U?$TAllocator@USIMemAlloc@core@UModSys@@USCountCalcPower2@23@@tl@6@@tl@UModSys@@@tl@UModSys@@QEAA_NXZ 00000001400042a0 f i umodsys_lib_libmedia:umodsys.mod.media.stdlib.obj
 0001:00003370       ??1?$TTreeHoldRBD@UNameNode@IBinArchiveFrame@libmedia@UModSys@@U?$TNodeDeleter0@UNameNode@IBinArchiveFrame@libmedia@UModSys@@@tl@4@@tl@UModSys@@QEAA@XZ 0000000140004370 f i umodsys_lib_libmedia:umodsys.mod.media.stdlib.obj
 0001:00003390       ??1?$TDynarray@U?$TDynarrayHolderDynamic@UBuffer@RUtilities@stdlib@media@modules@UModSys@@U?$TAllocator@USIMemAlloc@core@UModSys@@USCountCalcPower2@23@@tl@6@@tl@UModSys@@@tl@UModSys@@QEAA@XZ 0000000140004390 f i umodsys_lib_libmedia:umodsys.mod.media.stdlib.obj
 0001:00003400       ??1?$TDynarray@U?$TDynarrayHolderDynamic@USLayerX@RLibraryLayered@stdlib@media@modules@UModSys@@U?$TAllocator@USIMemAlloc@core@UModSys@@USCountCalcPower2@23@@tl@6@@tl@UModSys@@@tl@UModSys@@QEAA@XZ 0000000140004400 f i umodsys_lib_libmedia:umodsys.mod.media.stdlib.obj
 0001:00003470       ??_GRGenerator@stdlib@media@modules@UModSys@@UEAAPEAXI@Z 0000000140004470 f i umodsys_lib_libmedia:umodsys.mod.media.stdlib.obj
 0001:00003470       ??_GIRefObject@core@UModSys@@UEAAPEAXI@Z 0000000140004470 f i umodsys_lib_libmedia:umodsys.mod.media.stdio.obj
 0001:00003470       ??_EIRefObject@core@UModSys@@UEAAPEAXI@Z 0000000140004470 f i  CIL library: CIL module
 0001:00003470       ??_ERGenerator@stdlib@media@modules@UModSys@@UEAAPEAXI@Z 0000000140004470 f i  CIL library: CIL module
 0001:00003470       ??_ERGenerator@stdio@media@modules@UModSys@@UEAAPEAXI@Z 0000000140004470 f i  CIL library: CIL module
 0001:00003470       ??_GRGenerator@stdio@media@modules@UModSys@@UEAAPEAXI@Z 0000000140004470 f i umodsys_lib_libmedia:umodsys.mod.media.stdio.obj
 0001:000034a0       ?remove_node@?$TTreeHoldRB@U?$TScatterArrayNode@USCacheElem@RLibraryBinCache@stdlib@media@modules@UModSys@@U?$TString@U?$TSCoreConst@D@su@tl@UModSys@@U?$TComparerBinaryHash@D@234@@tl@6@@tl@UModSys@@@tl@UModSys@@QEAAXPEAU?$TScatterArrayNode@USCacheElem@RLibraryBinCache@stdlib@media@modules@UModSys@@U?$TString@U?$TSCoreConst@D@su@tl@UModSys@@U?$TComparerBinaryHash@D@234@@tl@6@@23@@Z 00000001400044a0 f i umodsys_lib_libmedia:umodsys.mod.media.stdlib.obj
 0001:000034a0       ?remove_node@?$TTreeHoldRB@U?$TScatterArrayNode@USMountInfo@RLibraryBinTree@stdlib@media@modules@UModSys@@USId@ILibraryBinTree@libmedia@6@@tl@UModSys@@@tl@UModSys@@QEAAXPEAU?$TScatterArrayNode@USMountInfo@RLibraryBinTree@stdlib@media@modules@UModSys@@USId@ILibraryBinTree@libmedia@6@@23@@Z 00000001400044a0 f i umodsys_lib_libmedia:umodsys.mod.media.stdlib.obj
 0001:000034a0       ?remove_node@?$TTreeHoldRB@U?$TScatterArrayNode@USCacheElem@RLibraryObjCache@stdlib@media@modules@UModSys@@U?$TString@U?$TSCoreConst@D@su@tl@UModSys@@U?$TComparerBinaryHash@D@234@@tl@6@@tl@UModSys@@@tl@UModSys@@QEAAXPEAU?$TScatterArrayNode@USCacheElem@RLibraryObjCache@stdlib@media@modules@UModSys@@U?$TString@U?$TSCoreConst@D@su@tl@UModSys@@U?$TComparerBinaryHash@D@234@@tl@6@@23@@Z 00000001400044a0 f i umodsys_lib_libmedia:umodsys.mod.media.stdlib.obj
 0001:000034a0       ?remove_node@?$TTreeHoldRB@UNameNode@IBinArchiveFrame@libmedia@UModSys@@@tl@UModSys@@QEAAXPEAUNameNode@IBinArchiveFrame@libmedia@3@@Z 00000001400044a0 f i umodsys_lib_libmedia:umodsys.mod.media.stdlib.obj
 0001:000034a0       ?remove_node@?$TTreeHoldRB@U?$TScatterArrayNode@USFilter@RLibraryObjFilter@stdlib@media@modules@UModSys@@USId@23456@@tl@UModSys@@@tl@UModSys@@QEAAXPEAU?$TScatterArrayNode@USFilter@RLibraryObjFilter@stdlib@media@modules@UModSys@@USId@23456@@23@@Z 00000001400044a0 f i umodsys_lib_libmedia:umodsys.mod.media.stdlib.obj
 0001:000035c0       ??1?$TPair@USId@ILibraryBinTree@libmedia@UModSys@@USMountInfo@RLibraryBinTree@stdlib@media@modules@4@@tl@UModSys@@QEAA@XZ 00000001400045c0 f i umodsys_lib_libmedia:umodsys.mod.media.stdlib.obj
 0001:00003600       ??1?$TPair@U?$TString@U?$TSCoreConst@D@su@tl@UModSys@@U?$TComparerBinaryHash@D@234@@tl@UModSys@@USCacheElem@RLibraryBinCache@stdlib@media@modules@3@@tl@UModSys@@QEAA@XZ 0000000140004600 f i umodsys_lib_libmedia:umodsys.mod.media.stdlib.obj
 0001:00003640       ??1?$TPair@U?$TString@U?$TSCoreConst@D@su@tl@UModSys@@U?$TComparerBinaryHash@D@234@@tl@UModSys@@USCacheElem@RLibraryObjCache@stdlib@media@modules@3@@tl@UModSys@@QEAA@XZ 0000000140004640 f i umodsys_lib_libmedia:umodsys.mod.media.stdlib.obj
 0001:00003680       ??1?$TPair@USId@RLibraryObjFilter@stdlib@media@modules@UModSys@@USFilter@23456@@tl@UModSys@@QEAA@XZ 0000000140004680 f i umodsys_lib_libmedia:umodsys.mod.media.stdlib.obj
 0001:000036b0       ??1SMountInfo@RLibraryBinTree@stdlib@media@modules@UModSys@@QEAA@XZ 00000001400046b0 f i umodsys_lib_libmedia:umodsys.mod.media.stdlib.obj
 0001:000036f0       ??1SCacheElem@RLibraryBinCache@stdlib@media@modules@UModSys@@QEAA@XZ 00000001400046f0 f i umodsys_lib_libmedia:umodsys.mod.media.stdlib.obj
 0001:00003730       ??1SCacheElem@RLibraryObjCache@stdlib@media@modules@UModSys@@QEAA@XZ 0000000140004730 f i umodsys_lib_libmedia:umodsys.mod.media.stdlib.obj
 0001:00003770       ?ResizeRel@?$TDynarray@U?$TDynarrayHolderDynamic@EU?$TAllocator@USIMemAlloc@core@UModSys@@USCountCalcPower2@23@@tl@UModSys@@@tl@UModSys@@@tl@UModSys@@QEAA_N_J@Z 0000000140004770 f i umodsys_lib_libmedia:umodsys.mod.media.stdlib.obj
 0001:00003830       ?ResizeRel@?$TDynarray@U?$TDynarrayHolderDynamic@UBuffer@RUtilities@stdlib@media@modules@UModSys@@U?$TAllocator@USIMemAlloc@core@UModSys@@USCountCalcPower2@23@@tl@6@@tl@UModSys@@@tl@UModSys@@QEAA_N_J@Z 0000000140004830 f i umodsys_lib_libmedia:umodsys.mod.media.stdlib.obj
 0001:00003930       ??$new_node@U?$TString@U?$TSCoreConst@D@su@tl@UModSys@@U?$TComparerUtfNocaseHash@D@234@@tl@UModSys@@@RBinArchiveFrame@stdlib@media@modules@UModSys@@SAPEAUNameNode@IBinArchiveFrame@libmedia@4@AEBU?$TString@U?$TSCoreConst@D@su@tl@UModSys@@U?$TComparerUtfNocaseHash@D@234@@tl@4@HPEAUSMem@core@4@@Z 0000000140004930 f i umodsys_lib_libmedia:umodsys.mod.media.stdlib.obj
 0001:00003a30       ??$new_node@U?$TString@U?$TSCoreConst@D@su@tl@UModSys@@U?$TComparerBinaryHash@D@234@@tl@UModSys@@@RBinArchiveFrame@stdlib@media@modules@UModSys@@SAPEAUNameNode@IBinArchiveFrame@libmedia@4@AEBU?$TString@U?$TSCoreConst@D@su@tl@UModSys@@U?$TComparerBinaryHash@D@234@@tl@4@HPEAUSMem@core@4@@Z 0000000140004a30 f i umodsys_lib_libmedia:umodsys.mod.media.stdlib.obj
 0001:00003b30       ?remove_color@?$TTreeHoldRB@UNameNode@IBinArchiveFrame@libmedia@UModSys@@@tl@UModSys@@IEAAXPEAUNameNode@IBinArchiveFrame@libmedia@3@0@Z 0000000140004b30 f i umodsys_lib_libmedia:umodsys.mod.media.stdlib.obj
 0001:00003b30       ?remove_color@?$TTreeHoldRB@U?$TScatterArrayNode@USCacheElem@RLibraryBinCache@stdlib@media@modules@UModSys@@U?$TString@U?$TSCoreConst@D@su@tl@UModSys@@U?$TComparerBinaryHash@D@234@@tl@6@@tl@UModSys@@@tl@UModSys@@IEAAXPEAU?$TScatterArrayNode@USCacheElem@RLibraryBinCache@stdlib@media@modules@UModSys@@U?$TString@U?$TSCoreConst@D@su@tl@UModSys@@U?$TComparerBinaryHash@D@234@@tl@6@@23@0@Z 0000000140004b30 f i umodsys_lib_libmedia:umodsys.mod.media.stdlib.obj
 0001:00003b30       ?remove_color@?$TTreeHoldRB@U?$TScatterArrayNode@USMountInfo@RLibraryBinTree@stdlib@media@modules@UModSys@@USId@ILibraryBinTree@libmedia@6@@tl@UModSys@@@tl@UModSys@@IEAAXPEAU?$TScatterArrayNode@USMountInfo@RLibraryBinTree@stdlib@media@modules@UModSys@@USId@ILibraryBinTree@libmedia@6@@23@0@Z 0000000140004b30 f i umodsys_lib_libmedia:umodsys.mod.media.stdlib.obj
 0001:00003b30       ?remove_color@?$TTreeHoldRB@U?$TScatterArrayNode@USCacheElem@RLibraryObjCache@stdlib@media@modules@UModSys@@U?$TString@U?$TSCoreConst@D@su@tl@UModSys@@U?$TComparerBinaryHash@D@234@@tl@6@@tl@UModSys@@@tl@UModSys@@IEAAXPEAU?$TScatterArrayNode@USCacheElem@RLibraryObjCache@stdlib@media@modules@UModSys@@U?$TString@U?$TSCoreConst@D@su@tl@UModSys@@U?$TComparerBinaryHash@D@234@@tl@6@@23@0@Z 0000000140004b30 f i umodsys_lib_libmedia:umodsys.mod.media.stdlib.obj
 0001:00003b30       ?remove_color@?$TTreeHoldRB@U?$TScatterArrayNode@USFilter@RLibraryObjFilter@stdlib@media@modules@UModSys@@USId@23456@@tl@UModSys@@@tl@UModSys@@IEAAXPEAU?$TScatterArrayNode@USFilter@RLibraryObjFilter@stdlib@media@modules@UModSys@@USId@23456@@23@0@Z 0000000140004b30 f i umodsys_lib_libmedia:umodsys.mod.media.stdlib.obj
 0001:00003df0       ?ResizeRel@?$TDynarray@U?$TDynarrayHolderDynamic@USLayerX@RLibraryLayered@stdlib@media@modules@UModSys@@U?$TAllocator@USIMemAlloc@core@UModSys@@USCountCalcPower2@23@@tl@6@@tl@UModSys@@@tl@UModSys@@QEAA_N_J@Z 0000000140004df0 f i umodsys_lib_libmedia:umodsys.mod.media.stdlib.obj
 0001:00003e80       ?InsertAt@?$TDynarray@U?$TDynarrayHolderDynamic@USLayerX@RLibraryLayered@stdlib@media@modules@UModSys@@U?$TAllocator@USIMemAlloc@core@UModSys@@USCountCalcPower2@23@@tl@6@@tl@UModSys@@@tl@UModSys@@QEAA_N_K0@Z 0000000140004e80 f i umodsys_lib_libmedia:umodsys.mod.media.stdlib.obj
 0001:00003f10       ??$wildcmp@D@su@tl@UModSys@@YA_NPEBD0@Z 0000000140004f10 f i umodsys_lib_libmedia:umodsys.mod.media.stdlib.obj
 0001:00003fb0       ??$remove_seq@P6A_NPEAUNameNode@IBinArchiveFrame@libmedia@UModSys@@@Z@?$TTreeHoldRB@UNameNode@IBinArchiveFrame@libmedia@UModSys@@@tl@UModSys@@QEAAHP6A_NPEAUNameNode@IBinArchiveFrame@libmedia@2@@Z@Z 0000000140004fb0 f i umodsys_lib_libmedia:umodsys.mod.media.stdlib.obj
 0001:00004080       ??$gen_node@UNameNodeCmpUC@IBinArchiveFrame@libmedia@UModSys@@UNN_Add@RBinArchiveFrame@stdlib@media@modules@4@@?$TTreeHoldRB@UNameNode@IBinArchiveFrame@libmedia@UModSys@@@tl@UModSys@@QEAAPEAUNameNode@IBinArchiveFrame@libmedia@2@UNameNodeCmpUC@452@AEBUNN_Add@RBinArchiveFrame@stdlib@media@modules@2@PEAPEAU3452@2_N@Z 0000000140005080 f i umodsys_lib_libmedia:umodsys.mod.media.stdlib.obj
 0001:000041b0       ??$find_node_u@UNameNodeCmpUC@IBinArchiveFrame@libmedia@UModSys@@@?$TTreeHoldRB@UNameNode@IBinArchiveFrame@libmedia@UModSys@@@tl@UModSys@@QEBAPEAUNameNode@IBinArchiveFrame@libmedia@2@UNameNodeCmpUC@452@@Z 00000001400051b0 f i umodsys_lib_libmedia:umodsys.mod.media.stdlib.obj
 0001:00004260       ??$find_node_u@UNameNodeCmpC@IBinArchiveFrame@libmedia@UModSys@@@?$TTreeHoldRB@UNameNode@IBinArchiveFrame@libmedia@UModSys@@@tl@UModSys@@QEBAPEAUNameNode@IBinArchiveFrame@libmedia@2@UNameNodeCmpC@452@@Z 0000000140005260 f i umodsys_lib_libmedia:umodsys.mod.media.stdlib.obj
 0001:00004310       ??$genx_node@UCmp@?$TScatterArray@USMountInfo@RLibraryBinTree@stdlib@media@modules@UModSys@@USId@ILibraryBinTree@libmedia@6@U7896@U?$TNodeDeleter0@U?$TScatterArrayNode@USMountInfo@RLibraryBinTree@stdlib@media@modules@UModSys@@USId@ILibraryBinTree@libmedia@6@@tl@UModSys@@@tl@6@@tl@UModSys@@UGen0@234@@?$TTreeHoldRBD@U?$TScatterArrayNode@USMountInfo@RLibraryBinTree@stdlib@media@modules@UModSys@@USId@ILibraryBinTree@libmedia@6@@tl@UModSys@@U?$TNodeDeleter0@U?$TScatterArrayNode@USMountInfo@RLibraryBinTree@stdlib@media@modules@UModSys@@USId@ILibraryBinTree@libmedia@6@@tl@UModSys@@@23@@tl@UModSys@@QEAAPEAU?$TScatterArrayNode@USMountInfo@RLibraryBinTree@stdlib@media@modules@UModSys@@USId@ILibraryBinTree@libmedia@6@@12@UCmp@?$TScatterArray@USMountInfo@RLibraryBinTree@stdlib@media@modules@UModSys@@USId@ILibraryBinTree@libmedia@6@U7896@U?$TNodeDeleter0@U?$TScatterArrayNode@USMountInfo@RLibraryBinTree@stdlib@media@modules@UModSys@@USId@ILibraryBinTree@libmedia@6@@tl@UModSys@@@tl@6@@12@AEBUGen0@512@PEAPEAU312@2_N@Z 0000000140005310 f i umodsys_lib_libmedia:umodsys.mod.media.stdlib.obj
 0001:000044b0       ??$find_node_u@UCmp@?$TScatterArray@USMountInfo@RLibraryBinTree@stdlib@media@modules@UModSys@@USId@ILibraryBinTree@libmedia@6@U7896@U?$TNodeDeleter0@U?$TScatterArrayNode@USMountInfo@RLibraryBinTree@stdlib@media@modules@UModSys@@USId@ILibraryBinTree@libmedia@6@@tl@UModSys@@@tl@6@@tl@UModSys@@@?$TTreeHoldRB@U?$TScatterArrayNode@USMountInfo@RLibraryBinTree@stdlib@media@modules@UModSys@@USId@ILibraryBinTree@libmedia@6@@tl@UModSys@@@tl@UModSys@@QEBAPEAU?$TScatterArrayNode@USMountInfo@RLibraryBinTree@stdlib@media@modules@UModSys@@USId@ILibraryBinTree@libmedia@6@@12@UCmp@?$TScatterArray@USMountInfo@RLibraryBinTree@stdlib@media@modules@UModSys@@USId@ILibraryBinTree@libmedia@6@U7896@U?$TNodeDeleter0@U?$TScatterArrayNode@USMountInfo@RLibraryBinTree@stdlib@media@modules@UModSys@@USId@ILibraryBinTree@libmedia@6@@tl@UModSys@@@tl@6@@12@@Z 00000001400054b0 f i umodsys_lib_libmedia:umodsys.mod.media.stdlib.obj
 0001:00004590       ??$genx_node@UCmp@?$TScatterArray@USCacheElem@RLibraryBinCache@stdlib@media@modules@UModSys@@U?$TString@U?$TSCoreConst@D@su@tl@UModSys@@U?$TComparerBinaryHash@D@234@@tl@6@U?$TObjectCompare@U?$TString@U?$TSCoreConst@D@su@tl@UModSys@@U?$TComparerBinaryHash@D@234@@tl@UModSys@@@core@6@U?$TNodeDeleter0@U?$TScatterArrayNode@USCacheElem@RLibraryBinCache@stdlib@media@modules@UModSys@@U?$TString@U?$TSCoreConst@D@su@tl@UModSys@@U?$TComparerBinaryHash@D@234@@tl@6@@tl@UModSys@@@86@@tl@UModSys@@UGen0@234@@?$TTreeHoldRBD@U?$TScatterArrayNode@USCacheElem@RLibraryBinCache@stdlib@media@modules@UModSys@@U?$TString@U?$TSCoreConst@D@su@tl@UModSys@@U?$TComparerBinaryHash@D@234@@tl@6@@tl@UModSys@@U?$TNodeDeleter0@U?$TScatterArrayNode@USCacheElem@RLibraryBinCache@stdlib@media@modules@UModSys@@U?$TString@U?$TSCoreConst@D@su@tl@UModSys@@U?$TComparerBinaryHash@D@234@@tl@6@@tl@UModSys@@@23@@tl@UModSys@@QEAAPEAU?$TScatterArrayNode@USCacheElem@RLibraryBinCache@stdlib@media@modules@UModSys@@U?$TString@U?$TSCoreConst@D@su@tl@UModSys@@U?$TComparerBinaryHash@D@234@@tl@6@@12@UCmp@?$TScatterArray@USCacheElem@RLibraryBinCache@stdlib@media@modules@UModSys@@U?$TString@U?$TSCoreConst@D@su@tl@UModSys@@U?$TComparerBinaryHash@D@234@@tl@6@U?$TObjectCompare@U?$TString@U?$TSCoreConst@D@su@tl@UModSys@@U?$TComparerBinaryHash@D@234@@tl@UModSys@@@core@6@U?$TNodeDeleter0@U?$TScatterArrayNode@USCacheElem@RLibraryBinCache@stdlib@media@modules@UModSys@@U?$TString@U?$TSCoreConst@D@su@tl@UModSys@@U?$TComparerBinaryHash@D@234@@tl@6@@tl@UModSys@@@86@@12@AEBUGen0@512@PEAPEAU312@2_N@Z 0000000140005590 f i umodsys_lib_libmedia:umodsys.mod.media.stdlib.obj
 0001:00004710       ??$genx_node@UCmp@?$TScatterArray@USCacheElem@RLibraryObjCache@stdlib@media@modules@UModSys@@U?$TString@U?$TSCoreConst@D@su@tl@UModSys@@U?$TComparerBinaryHash@D@234@@tl@6@U?$TObjectCompare@U?$TString@U?$TSCoreConst@D@su@tl@UModSys@@U?$TComparerBinaryHash@D@234@@tl@UModSys@@@core@6@U?$TNodeDeleter0@U?$TScatterArrayNode@USCacheElem@RLibraryObjCache@stdlib@media@modules@UModSys@@U?$TString@U?$TSCoreConst@D@su@tl@UModSys@@U?$TComparerBinaryHash@D@234@@tl@6@@tl@UModSys@@@86@@tl@UModSys@@UGen0@234@@?$TTreeHoldRBD@U?$TScatterArrayNode@USCacheElem@RLibraryObjCache@stdlib@media@modules@UModSys@@U?$TString@U?$TSCoreConst@D@su@tl@UModSys@@U?$TComparerBinaryHash@D@234@@tl@6@@tl@UModSys@@U?$TNodeDeleter0@U?$TScatterArrayNode@USCacheElem@RLibraryObjCache@stdlib@media@modules@UModSys@@U?$TString@U?$TSCoreConst@D@su@tl@UModSys@@U?$TComparerBinaryHash@D@234@@tl@6@@tl@UModSys@@@23@@tl@UModSys@@QEAAPEAU?$TScatterArrayNode@USCacheElem@RLibraryObjCache@stdlib@media@modules@UModSys@@U?$TString@U?$TSCoreConst@D@su@tl@UModSys@@U?$TComparerBinaryHash@D@234@@tl@6@@12@UCmp@?$TScatterArray@USCacheElem@RLibraryObjCache@stdlib@media@modules@UModSys@@U?$TString@U?$TSCoreConst@D@su@tl@UModSys@@U?$TComparerBinaryHash@D@234@@tl@6@U?$TObjectCompare@U?$TString@U?$TSCoreConst@D@su@tl@UModSys@@U?$TComparerBinaryHash@D@234@@tl@UModSys@@@core@6@U?$TNodeDeleter0@U?$TScatterArrayNode@USCacheElem@RLibraryObjCache@stdlib@media@modules@UModSys@@U?$TString@U?$TSCoreConst@D@su@tl@UModSys@@U?$TComparerBinaryHash@D@234@@tl@6@@tl@UModSys@@@86@@12@AEBUGen0@512@PEAPEAU312@2_N@Z 0000000140005710 f i umodsys_lib_libmedia:umodsys.mod.media.stdlib.obj
 0001:00004890       ??$find_node_u@UCmp@?$TScatterArray@USCacheElem@RLibraryBinCache@stdlib@media@modules@UModSys@@U?$TString@U?$TSCoreConst@D@su@tl@UModSys@@U?$TComparerBinaryHash@D@234@@tl@6@U?$TObjectCompare@U?$TString@U?$TSCoreConst@D@su@tl@UModSys@@U?$TComparerBinaryHash@D@234@@tl@UModSys@@@core@6@U?$TNodeDeleter0@U?$TScatterArrayNode@USCacheElem@RLibraryBinCache@stdlib@media@modules@UModSys@@U?$TString@U?$TSCoreConst@D@su@tl@UModSys@@U?$TComparerBinaryHash@D@234@@tl@6@@tl@UModSys@@@86@@tl@UModSys@@@?$TTreeHoldRB@U?$TScatterArrayNode@USCacheElem@RLibraryBinCache@stdlib@media@modules@UModSys@@U?$TString@U?$TSCoreConst@D@su@tl@UModSys@@U?$TComparerBinaryHash@D@234@@tl@6@@tl@UModSys@@@tl@UModSys@@QEBAPEAU?$TScatterArrayNode@USCacheElem@RLibraryBinCache@stdlib@media@modules@UModSys@@U?$TString@U?$TSCoreConst@D@su@tl@UModSys@@U?$TComparerBinaryHash@D@234@@tl@6@@12@UCmp@?$TScatterArray@USCacheElem@RLibraryBinCache@stdlib@media@modules@UModSys@@U?$TString@U?$TSCoreConst@D@su@tl@UModSys@@U?$TComparerBinaryHash@D@234@@tl@6@U?$TObjectCompare@U?$TString@U?$TSCoreConst@D@su@tl@UModSys@@U?$TComparerBinaryHash@D@234@@tl@UModSys@@@core@6@U?$TNodeDeleter0@U?$TScatterArrayNode@USCacheElem@RLibraryBinCache@stdlib@media@modules@UModSys@@U?$TString@U?$TSCoreConst@D@su@tl@UModSys@@U?$TComparerBinaryHash@D@234@@tl@6@@tl@UModSys@@@86@@12@@Z 0000000140005890 f i umodsys_lib_libmedia:umodsys.mod.media.stdlib.obj
 0001:00004890       ??$find_node_u@UCmp@?$TScatterArray@USCacheElem@RLibraryObjCache@stdlib@media@modules@UModSys@@U?$TString@U?$TSCoreConst@D@su@tl@UModSys@@U?$TComparerBinaryHash@D@234@@tl@6@U?$TObjectCompare@U?$TString@U?$TSCoreConst@D@su@tl@UModSys@@U?$TComparerBinaryHash@D@234@@tl@UModSys@@@core@6@U?$TNodeDeleter0@U?$TScatterArrayNode@USCacheElem@RLibraryObjCache@stdlib@media@modules@UModSys@@U?$TString@U?$TSCoreConst@D@su@tl@UModSys@@U?$TComparerBinaryHash@D@234@@tl@6@@tl@UModSys@@@86@@tl@UModSys@@@?$TTreeHoldRB@U?$TScatterArrayNode@USCacheElem@RLibraryObjCache@stdlib@media@modules@UModSys@@U?$TString@U?$TSCoreConst@D@su@tl@UModSys@@U?$TComparerBinaryHash@D@234@@tl@6@@tl@UModSys@@@tl@UModSys@@QEBAPEAU?$TScatterArrayNode@USCacheElem@RLibraryObjCache@stdlib@media@modules@UModSys@@U?$TString@U?$TSCoreConst@D@su@tl@UModSys@@U?$TComparerBinaryHash@D@234@@tl@6@@12@UCmp@?$TScatterArray@USCacheElem@RLibraryObjCache@stdlib@media@modules@UModSys@@U?$TString@U?$TSCoreConst@D@su@tl@UModSys@@U?$TComparerBinaryHash@D@234@@tl@6@U?$TObjectCompare@U?$TString@U?$TSCoreConst@D@su@tl@UModSys@@U?$TComparerBinaryHash@D@234@@tl@UModSys@@@core@6@U?$TNodeDeleter0@U?$TScatterArrayNode@USCacheElem@RLibraryObjCache@stdlib@media@modules@UModSys@@U?$TString@U?$TSCoreConst@D@su@tl@UModSys@@U?$TComparerBinaryHash@D@234@@tl@6@@tl@UModSys@@@86@@12@@Z 0000000140005890 f i umodsys_lib_libmedia:umodsys.mod.media.stdlib.obj
 0001:00004950       ??$genx_node@UCmp@?$TScatterArray@USFilter@RLibraryObjFilter@stdlib@media@modules@UModSys@@USId@23456@U723456@U?$TNodeDeleter0@U?$TScatterArrayNode@USFilter@RLibraryObjFilter@stdlib@media@modules@UModSys@@USId@23456@@tl@UModSys@@@tl@6@@tl@UModSys@@UGen0@234@@?$TTreeHoldRBD@U?$TScatterArrayNode@USFilter@RLibraryObjFilter@stdlib@media@modules@UModSys@@USId@23456@@tl@UModSys@@U?$TNodeDeleter0@U?$TScatterArrayNode@USFilter@RLibraryObjFilter@stdlib@media@modules@UModSys@@USId@23456@@tl@UModSys@@@23@@tl@UModSys@@QEAAPEAU?$TScatterArrayNode@USFilter@RLibraryObjFilter@stdlib@media@modules@UModSys@@USId@23456@@12@UCmp@?$TScatterArray@USFilter@RLibraryObjFilter@stdlib@media@modules@UModSys@@USId@23456@U723456@U?$TNodeDeleter0@U?$TScatterArrayNode@USFilter@RLibraryObjFilter@stdlib@media@modules@UModSys@@USId@23456@@tl@UModSys@@@tl@6@@12@AEBUGen0@512@PEAPEAU312@2_N@Z 0000000140005950 f i umodsys_lib_libmedia:umodsys.mod.media.stdlib.obj
 0001:00004ab0       ??$process_nodes@U?$TNodeDeleter0@UNameNode@IBinArchiveFrame@libmedia@UModSys@@@tl@UModSys@@@?$TTreeHoldRB@UNameNode@IBinArchiveFrame@libmedia@UModSys@@@tl@UModSys@@QEAAHAEBU?$TNodeDeleter0@UNameNode@IBinArchiveFrame@libmedia@UModSys@@@12@@Z 0000000140005ab0 f i umodsys_lib_libmedia:umodsys.mod.media.stdlib.obj
 0001:00004b30       ?sub_insert_node@?$TTreeHoldRB@UNameNode@IBinArchiveFrame@libmedia@UModSys@@@tl@UModSys@@QEAAXPEAUNameNode@IBinArchiveFrame@libmedia@3@0H@Z 0000000140005b30 f i umodsys_lib_libmedia:umodsys.mod.media.stdlib.obj
 0001:00004bb0       ?ReLink@?$TDynarray@U?$TDynarrayHolderDynamic@USLayerX@RLibraryLayered@stdlib@media@modules@UModSys@@U?$TAllocator@USIMemAlloc@core@UModSys@@USCountCalcPower2@23@@tl@6@@tl@UModSys@@@tl@UModSys@@IEAA_N_K@Z 0000000140005bb0 f i umodsys_lib_libmedia:umodsys.mod.media.stdlib.obj
 0001:00004c20       ?items_destruct@?$TDynarray@U?$TDynarrayHolderDynamic@USLayerX@RLibraryLayered@stdlib@media@modules@UModSys@@U?$TAllocator@USIMemAlloc@core@UModSys@@USCountCalcPower2@23@@tl@6@@tl@UModSys@@@tl@UModSys@@IEAAX_K0@Z 0000000140005c20 f i umodsys_lib_libmedia:umodsys.mod.media.stdlib.obj
 0001:00004ca0       ?amoveright@?$TTypeConstructor@USLayerX@RLibraryLayered@stdlib@media@modules@UModSys@@@tl@UModSys@@SAXPEAUSLayerX@RLibraryLayered@stdlib@media@modules@3@_K11@Z 0000000140005ca0 f i umodsys_lib_libmedia:umodsys.mod.media.stdlib.obj
 0001:00004df0       ?amoveleft@?$TTypeConstructor@USLayerX@RLibraryLayered@stdlib@media@modules@UModSys@@@tl@UModSys@@SAXPEAUSLayerX@RLibraryLayered@stdlib@media@modules@3@_K11@Z 0000000140005df0 f i umodsys_lib_libmedia:umodsys.mod.media.stdlib.obj
 0001:00004f40       ??0?$TScatterArrayNode@USMountInfo@RLibraryBinTree@stdlib@media@modules@UModSys@@USId@ILibraryBinTree@libmedia@6@@tl@UModSys@@QEAA@AEBUSId@ILibraryBinTree@libmedia@2@@Z 0000000140005f40 f i umodsys_lib_libmedia:umodsys.mod.media.stdlib.obj
 0001:00005010       ??0?$TScatterArrayNode@USCacheElem@RLibraryBinCache@stdlib@media@modules@UModSys@@U?$TString@U?$TSCoreConst@D@su@tl@UModSys@@U?$TComparerBinaryHash@D@234@@tl@6@@tl@UModSys@@QEAA@AEBU?$TString@U?$TSCoreConst@D@su@tl@UModSys@@U?$TComparerBinaryHash@D@234@@12@@Z 0000000140006010 f i umodsys_lib_libmedia:umodsys.mod.media.stdlib.obj
 0001:00005150       ??0?$TScatterArrayNode@USCacheElem@RLibraryObjCache@stdlib@media@modules@UModSys@@U?$TString@U?$TSCoreConst@D@su@tl@UModSys@@U?$TComparerBinaryHash@D@234@@tl@6@@tl@UModSys@@QEAA@AEBU?$TString@U?$TSCoreConst@D@su@tl@UModSys@@U?$TComparerBinaryHash@D@234@@12@@Z 0000000140006150 f i umodsys_lib_libmedia:umodsys.mod.media.stdlib.obj
 0001:00005290       ?aconstruct@?$TTypeConstructor@USLayerX@RLibraryLayered@stdlib@media@modules@UModSys@@@tl@UModSys@@SAXPEAUSLayerX@RLibraryLayered@stdlib@media@modules@3@_K@Z 0000000140006290 f i umodsys_lib_libmedia:umodsys.mod.media.stdlib.obj
 0001:00005370       ?adestruct@?$TTypeConstructor@UBuffer@RUtilities@stdlib@media@modules@UModSys@@@tl@UModSys@@SAXPEAUBuffer@RUtilities@stdlib@media@modules@3@_K@Z 0000000140006370 f i umodsys_lib_libmedia:umodsys.mod.media.stdlib.obj
 0001:00005420       ??0?$TSCoreShared@USIMemAlloc@core@UModSys@@D@su@tl@UModSys@@QEAA@AEBU0123@@Z 0000000140006420 f i umodsys_lib_libmedia:umodsys.mod.media.stdlib.obj
 0001:000054b0       ??0?$TPair@USId@ILibraryBinTree@libmedia@UModSys@@USMountInfo@RLibraryBinTree@stdlib@media@modules@4@@tl@UModSys@@QEAA@AEBUSId@ILibraryBinTree@libmedia@2@AEBUSMountInfo@RLibraryBinTree@stdlib@media@modules@2@@Z 00000001400064b0 f i umodsys_lib_libmedia:umodsys.mod.media.stdlib.obj
 0001:00005550       ??0?$TPair@U?$TString@U?$TSCoreConst@D@su@tl@UModSys@@U?$TComparerBinaryHash@D@234@@tl@UModSys@@USCacheElem@RLibraryBinCache@stdlib@media@modules@3@@tl@UModSys@@QEAA@AEBU?$TString@U?$TSCoreConst@D@su@tl@UModSys@@U?$TComparerBinaryHash@D@234@@12@AEBUSCacheElem@RLibraryBinCache@stdlib@media@modules@2@@Z 0000000140006550 f i umodsys_lib_libmedia:umodsys.mod.media.stdlib.obj
 0001:000055e0       ??0?$TPair@U?$TString@U?$TSCoreConst@D@su@tl@UModSys@@U?$TComparerBinaryHash@D@234@@tl@UModSys@@USCacheElem@RLibraryObjCache@stdlib@media@modules@3@@tl@UModSys@@QEAA@AEBU?$TString@U?$TSCoreConst@D@su@tl@UModSys@@U?$TComparerBinaryHash@D@234@@12@AEBUSCacheElem@RLibraryObjCache@stdlib@media@modules@2@@Z 00000001400065e0 f i umodsys_lib_libmedia:umodsys.mod.media.stdlib.obj
 0001:00005680       ?s_init@?$TRefObjectFunc@UIRefObject@core@UModSys@@@tl@UModSys@@SAXAEAPEAUIRefObject@core@3@PEAU453@@Z 0000000140006680 f i umodsys_lib_libmedia:umodsys.mod.media.stdlib.obj
 0001:000056c0       ??$ValidateConstruction@UIRefObject@core@UModSys@@URBinArchiveFrame@stdlib@media@modules@3@@core@UModSys@@YA_NAEAU?$TRefObject@UIRefObject@core@UModSys@@U?$TRefObjectFunc@UIRefObject@core@UModSys@@@tl@3@@tl@1@PEAURBinArchiveFrame@stdlib@media@modules@1@@Z 00000001400066c0 f i umodsys_lib_libmedia:umodsys.mod.media.stdlib.obj
 0001:00005740       ??$is_flag@U?$TFlags4StateShift@USMediaFlagUid@libmedia@UModSys@@I$00@tl@UModSys@@@SFlags@libmedia@UModSys@@QEBA_NPEBUIResolverAuto@012@W4eStates@?$TFlags4State@USMediaFlagUid@libmedia@UModSys@@I@tl@2@@Z 0000000140006740 f i umodsys_lib_libmedia:umodsys.mod.media.stdlib.obj
 0001:000057d0       ??$is_flag@U?$TFlags4StateShift@USMediaFlagUid@libmedia@UModSys@@I$02@tl@UModSys@@@SFlags@libmedia@UModSys@@QEBA_NPEBUIResolverAuto@012@W4eStates@?$TFlags4State@USMediaFlagUid@libmedia@UModSys@@I@tl@2@@Z 00000001400067d0 f i umodsys_lib_libmedia:umodsys.mod.media.stdlib.obj
 0001:00005860       ??$is_flag@U?$TFlags4StateShift@USMediaFlagUid@libmedia@UModSys@@I$03@tl@UModSys@@@SFlags@libmedia@UModSys@@QEBA_NPEBUIResolverAuto@012@W4eStates@?$TFlags4State@USMediaFlagUid@libmedia@UModSys@@I@tl@2@@Z 0000000140006860 f i umodsys_lib_libmedia:umodsys.mod.media.stdlib.obj
 0001:000058f0       ??$process_nodes_r@U?$TNodeDeleter0@UNameNode@IBinArchiveFrame@libmedia@UModSys@@@tl@UModSys@@@?$TTreeHoldRB@UNameNode@IBinArchiveFrame@libmedia@UModSys@@@tl@UModSys@@KAHPEAUNameNode@IBinArchiveFrame@libmedia@2@AEBU?$TNodeDeleter0@UNameNode@IBinArchiveFrame@libmedia@UModSys@@@12@@Z 00000001400068f0 f i umodsys_lib_libmedia:umodsys.mod.media.stdlib.obj
 0001:00005960       ??$process_nodes_r@U?$TNodeDeleter0@U?$TScatterArrayNode@USMountInfo@RLibraryBinTree@stdlib@media@modules@UModSys@@USId@ILibraryBinTree@libmedia@6@@tl@UModSys@@@tl@UModSys@@@?$TTreeHoldRB@U?$TScatterArrayNode@USMountInfo@RLibraryBinTree@stdlib@media@modules@UModSys@@USId@ILibraryBinTree@libmedia@6@@tl@UModSys@@@tl@UModSys@@KAHPEAU?$TScatterArrayNode@USMountInfo@RLibraryBinTree@stdlib@media@modules@UModSys@@USId@ILibraryBinTree@libmedia@6@@12@AEBU?$TNodeDeleter0@U?$TScatterArrayNode@USMountInfo@RLibraryBinTree@stdlib@media@modules@UModSys@@USId@ILibraryBinTree@libmedia@6@@tl@UModSys@@@12@@Z 0000000140006960 f i umodsys_lib_libmedia:umodsys.mod.media.stdlib.obj
 0001:00005a00       ??$process_nodes_r@U?$TNodeDeleter0@U?$TScatterArrayNode@USCacheElem@RLibraryBinCache@stdlib@media@modules@UModSys@@U?$TString@U?$TSCoreConst@D@su@tl@UModSys@@U?$TComparerBinaryHash@D@234@@tl@6@@tl@UModSys@@@tl@UModSys@@@?$TTreeHoldRB@U?$TScatterArrayNode@USCacheElem@RLibraryBinCache@stdlib@media@modules@UModSys@@U?$TString@U?$TSCoreConst@D@su@tl@UModSys@@U?$TComparerBinaryHash@D@234@@tl@6@@tl@UModSys@@@tl@UModSys@@KAHPEAU?$TScatterArrayNode@USCacheElem@RLibraryBinCache@stdlib@media@modules@UModSys@@U?$TString@U?$TSCoreConst@D@su@tl@UModSys@@U?$TComparerBinaryHash@D@234@@tl@6@@12@AEBU?$TNodeDeleter0@U?$TScatterArrayNode@USCacheElem@RLibraryBinCache@stdlib@media@modules@UModSys@@U?$TString@U?$TSCoreConst@D@su@tl@UModSys@@U?$TComparerBinaryHash@D@234@@tl@6@@tl@UModSys@@@12@@Z 0000000140006a00 f i umodsys_lib_libmedia:umodsys.mod.media.stdlib.obj
 0001:00005a90       ??$process_nodes_r@U?$TNodeDeleter0@U?$TScatterArrayNode@USCacheElem@RLibraryObjCache@stdlib@media@modules@UModSys@@U?$TString@U?$TSCoreConst@D@su@tl@UModSys@@U?$TComparerBinaryHash@D@234@@tl@6@@tl@UModSys@@@tl@UModSys@@@?$TTreeHoldRB@U?$TScatterArrayNode@USCacheElem@RLibraryObjCache@stdlib@media@modules@UModSys@@U?$TString@U?$TSCoreConst@D@su@tl@UModSys@@U?$TComparerBinaryHash@D@234@@tl@6@@tl@UModSys@@@tl@UModSys@@KAHPEAU?$TScatterArrayNode@USCacheElem@RLibraryObjCache@stdlib@media@modules@UModSys@@U?$TString@U?$TSCoreConst@D@su@tl@UModSys@@U?$TComparerBinaryHash@D@234@@tl@6@@12@AEBU?$TNodeDeleter0@U?$TScatterArrayNode@USCacheElem@RLibraryObjCache@stdlib@media@modules@UModSys@@U?$TString@U?$TSCoreConst@D@su@tl@UModSys@@U?$TComparerBinaryHash@D@234@@tl@6@@tl@UModSys@@@12@@Z 0000000140006a90 f i umodsys_lib_libmedia:umodsys.mod.media.stdlib.obj
 0001:00005b20       ??$process_nodes_r@U?$TNodeDeleter0@U?$TScatterArrayNode@USFilter@RLibraryObjFilter@stdlib@media@modules@UModSys@@USId@23456@@tl@UModSys@@@tl@UModSys@@@?$TTreeHoldRB@U?$TScatterArrayNode@USFilter@RLibraryObjFilter@stdlib@media@modules@UModSys@@USId@23456@@tl@UModSys@@@tl@UModSys@@KAHPEAU?$TScatterArrayNode@USFilter@RLibraryObjFilter@stdlib@media@modules@UModSys@@USId@23456@@12@AEBU?$TNodeDeleter0@U?$TScatterArrayNode@USFilter@RLibraryObjFilter@stdlib@media@modules@UModSys@@USId@23456@@tl@UModSys@@@12@@Z 0000000140006b20 f i umodsys_lib_libmedia:umodsys.mod.media.stdlib.obj
 0001:00005ba0       ??$safe_snprintf@D@syshlp@core@UModSys@@YA_KPEAD_KPEBDZZ 0000000140006ba0 f i umodsys_lib_libmedia:umodsys.lib.media.common.obj
 0001:00005bc0       ?root_get_interface_info@RConsole_std@rsystem@base@UModSys@@UEBAAEBUSUniquePointerInfo@core@4@XZ 0000000140006bc0 f i umodsys_lib_basesys:umodsys.basesys.rconsole_std.obj
 0001:00005bd0       ?root_get_interface_type@RConsole_std@rsystem@base@UModSys@@UEBAPEBUSUniquePointerInfo@core@4@XZ 0000000140006bd0 f i umodsys_lib_basesys:umodsys.basesys.rconsole_std.obj
 0001:00005be0       ?root_get_interface_types@RUtilities@stdlib@media@modules@UModSys@@UEBA_KAEAUSUniquePtrList@core@5@@Z 0000000140006be0 f i umodsys_lib_libmedia:umodsys.mod.media.stdlib.obj
 0001:00005be0       ?root_get_interface_types@RStreamWriter_FILE@stdio@media@modules@UModSys@@UEBA_KAEAUSUniquePtrList@core@5@@Z 0000000140006be0 f i umodsys_lib_libmedia:umodsys.mod.media.stdio.obj
 0001:00005be0       ?root_get_interface_types@RBinArchiveFrame@stdlib@media@modules@UModSys@@UEBA_KAEAUSUniquePtrList@core@5@@Z 0000000140006be0 f i umodsys_lib_libmedia:umodsys.mod.media.stdlib.obj
 0001:00005be0       ?root_get_interface_types@RModuleLibrarySO@rsystem@base@UModSys@@UEBA_KAEAUSUniquePtrList@core@4@@Z 0000000140006be0 f i umodsys_lib_basesys:umodsys.basesys.rmodulelibso.obj
 0001:00005be0       ?root_get_interface_types@RConsole_std@rsystem@base@UModSys@@UEBA_KAEAUSUniquePtrList@core@4@@Z 0000000140006be0 f i umodsys_lib_basesys:umodsys.basesys.rconsole_std.obj
 0001:00005be0       ?root_get_interface_types@RModule@rsystem@base@UModSys@@UEBA_KAEAUSUniquePtrList@core@4@@Z 0000000140006be0 f i umodsys_lib_basesys:umodsys.basesys.rmodule.obj
 0001:00005be0       ?root_get_interface_types@RLibraryBinTree@stdlib@media@modules@UModSys@@UEBA_KAEAUSUniquePtrList@core@5@@Z 0000000140006be0 f i umodsys_lib_libmedia:umodsys.mod.media.stdlib.obj
 0001:00005be0       ?root_get_interface_types@RDataArchiver_OsDir@stdio@media@modules@UModSys@@UEBA_KAEAUSUniquePtrList@core@5@@Z 0000000140006be0 f i umodsys_lib_libmedia:umodsys.mod.media.stdio.obj
 0001:00005be0       ?root_get_interface_types@RSystem@rsystem@base@UModSys@@UEBA_KAEAUSUniquePtrList@core@4@@Z 0000000140006be0 f i umodsys_lib_basesys:umodsys.basesys.rsystem_main.obj
 0001:00005be0       ?root_get_interface_types@ISystem@base@UModSys@@UEBA_KAEAUSUniquePtrList@core@3@@Z 0000000140006be0 f i umodsys_lib_basesys:umodsys.basesys.rsystem_main.obj
 0001:00005be0       ?root_get_interface_types@RStreamReader_FILE@stdio@media@modules@UModSys@@UEBA_KAEAUSUniquePtrList@core@5@@Z 0000000140006be0 f i umodsys_lib_libmedia:umodsys.mod.media.stdio.obj
 0001:00005be0       ?root_get_interface_types@RLibraryLayered@stdlib@media@modules@UModSys@@UEBA_KAEAUSUniquePtrList@core@5@@Z 0000000140006be0 f i umodsys_lib_libmedia:umodsys.mod.media.stdlib.obj
[...]
 0001:00018140       ??__E?s_id@?$TObjectUniqueID@UIRoot@core@UModSys@@@tl@UModSys@@2USUniquePointer@core@3@A@@YAXXZ 0000000140019140 f    CIL library: CIL module
 0001:00018180       ??__E?s_id@?$TObjectUniqueID@UIRefObject@core@UModSys@@@tl@UModSys@@2USUniquePointer@core@3@A@@YAXXZ 0000000140019180 f    CIL library: CIL module
 0001:000181c0       ??__E?s_id@?$TObjectUniqueID@UIParameters@core@UModSys@@@tl@UModSys@@2USUniquePointer@core@3@A@@YAXXZ 00000001400191c0 f    CIL library: CIL module
 0001:00018200       ??__E?s_id@?$TObjectUniqueID@UIConsole@base@UModSys@@@tl@UModSys@@2USUniquePointer@core@3@A@@YAXXZ 0000000140019200 f    CIL library: CIL module
 0001:00018240       ??__E?s_id@?$TObjectUniqueID@UIModule@base@UModSys@@@tl@UModSys@@2USUniquePointer@core@3@A@@YAXXZ 0000000140019240 f    CIL library: CIL module
 0001:00018280       ??__E?s_id@?$TObjectUniqueID@UIModuleLibrary@base@UModSys@@@tl@UModSys@@2USUniquePointer@core@3@A@@YAXXZ 0000000140019280 f    CIL library: CIL module
 0001:000182c0       ??__E?s_id@?$TObjectUniqueID@UIModObject@base@UModSys@@@tl@UModSys@@2USUniquePointer@core@3@A@@YAXXZ 00000001400192c0 f    CIL library: CIL module
 0001:00018300       ??__E?s_id@?$TObjectUniqueID@UIGenerator@base@UModSys@@@tl@UModSys@@2USUniquePointer@core@3@A@@YAXXZ 0000000140019300 f    CIL library: CIL module
 0001:00018340       ??__E?s_id@?$TObjectUniqueID@UIShell@base@UModSys@@@tl@UModSys@@2USUniquePointer@core@3@A@@YAXXZ 0000000140019340 f    CIL library: CIL module
 0001:00018380       ??__E?s_id@?$TObjectUniqueID@UISystem@base@UModSys@@@tl@UModSys@@2USUniquePointer@core@3@A@@YAXXZ 0000000140019380 f    CIL library: CIL module
 0001:000183c0       ??__E?s_id@?$TObjectUniqueID@URModule@rsystem@base@UModSys@@@tl@UModSys@@2USUniquePointer@core@3@A@@YAXXZ 00000001400193c0 f    CIL library: CIL module
 0001:00018400       ??__E?s_id@?$TObjectUniqueID@UIModuleLibraryUni@rsystem@base@UModSys@@@tl@UModSys@@2USUniquePointer@core@3@A@@YAXXZ 0000000140019400 f    CIL library: CIL module
 0001:00018440       ??__E?s_id@?$TObjectUniqueID@URModuleLibrarySO@rsystem@base@UModSys@@@tl@UModSys@@2USUniquePointer@core@3@A@@YAXXZ 0000000140019440 f    CIL library: CIL module
 0001:00018480       ??__E?s_id@?$TObjectUniqueID@URModuleLibraryThis@rsystem@base@UModSys@@@tl@UModSys@@2USUniquePointer@core@3@A@@YAXXZ 0000000140019480 f    CIL library: CIL module
 0001:000184c0       ??__E?s_id@?$TObjectUniqueID@URParameters@rsystem@base@UModSys@@@tl@UModSys@@2USUniquePointer@core@3@A@@YAXXZ 00000001400194c0 f    CIL library: CIL module
 0001:00018500       ??__E?s_id@?$TObjectUniqueID@URSystem@rsystem@base@UModSys@@@tl@UModSys@@2USUniquePointer@core@3@A@@YAXXZ 0000000140019500 f    CIL library: CIL module
 0001:00018540       ??__E?s_id@?$TObjectUniqueID@URConsole_std@rsystem@base@UModSys@@@tl@UModSys@@2USUniquePointer@core@3@A@@YAXXZ 0000000140019540 f    CIL library: CIL module
 0001:00018580       ??__Es_dbg@stdio@media@modules@UModSys@@YAXXZ 0000000140019580 f    CIL library: CIL module
 0001:000185b0       ??__E?s_modreg@RModuleReg@stdio@media@modules@UModSys@@2U12345@A@@YAXXZ 00000001400195b0 f    CIL library: CIL module
 0001:00018620       ??__E?s_modreg_chain@RModuleReg@stdio@media@modules@UModSys@@2USModuleRegChain@base@5@A@@YAXXZ 0000000140019620 f    CIL library: CIL module
 0001:00018650       ??__E?s_uid@RGenerator@stdio@media@modules@UModSys@@2USUniquePointer@core@5@A@@YAXXZ 0000000140019650 f    CIL library: CIL module
 0001:00018690       ??__E?s_id@?$TObjectUniqueID@UIStreamReader@libmedia@UModSys@@@tl@UModSys@@2USUniquePointer@core@3@A@@YAXXZ 0000000140019690 f    CIL library: CIL module
 0001:000186d0       ??__E?s_id@?$TObjectUniqueID@UIStreamWriter@libmedia@UModSys@@@tl@UModSys@@2USUniquePointer@core@3@A@@YAXXZ 00000001400196d0 f    CIL library: CIL module
 0001:00018710       ??__E?s_id@?$TObjectUniqueID@UIUtilities@libmedia@UModSys@@@tl@UModSys@@2USUniquePointer@core@3@A@@YAXXZ 0000000140019710 f    CIL library: CIL module
 0001:00018750       ??__E?s_id@?$TObjectUniqueID@UILibObject@libmedia@UModSys@@@tl@UModSys@@2USUniquePointer@core@3@A@@YAXXZ 0000000140019750 f    CIL library: CIL module
 0001:00018790       ??__E?s_id@?$TObjectUniqueID@UIBinArchive@libmedia@UModSys@@@tl@UModSys@@2USUniquePointer@core@3@A@@YAXXZ 0000000140019790 f    CIL library: CIL module
 0001:000187d0       ??__E?s_id@?$TObjectUniqueID@UIBinObjFilter@libmedia@UModSys@@@tl@UModSys@@2USUniquePointer@core@3@A@@YAXXZ 00000001400197d0 f    CIL library: CIL module
 0001:00018810       ??__E?s_id@?$TObjectUniqueID@UILibrary@libmedia@UModSys@@@tl@UModSys@@2USUniquePointer@core@3@A@@YAXXZ 0000000140019810 f    CIL library: CIL module
 0001:00018850       ??__E?s_id@?$TObjectUniqueID@URStreamReader_FILE@stdio@media@modules@UModSys@@@tl@UModSys@@2USUniquePointer@core@3@A@@YAXXZ 0000000140019850 f    CIL library: CIL module
 0001:00018890       ??__E?s_id@?$TObjectUniqueID@URStreamWriter_FILE@stdio@media@modules@UModSys@@@tl@UModSys@@2USUniquePointer@core@3@A@@YAXXZ 0000000140019890 f    CIL library: CIL module
 0001:000188d0       ??__E?s_id@?$TObjectUniqueID@URDataArchiver_OsDir@stdio@media@modules@UModSys@@@tl@UModSys@@2USUniquePointer@core@3@A@@YAXXZ 00000001400198d0 f    CIL library: CIL module
 0001:00018910       ??__E?s_id@?$TObjectUniqueID@URGenerator@stdio@media@modules@UModSys@@@tl@UModSys@@2USUniquePointer@core@3@A@@YAXXZ 0000000140019910 f    CIL library: CIL module
 0001:00018950       ??__Es_dbg@stdlib@media@modules@UModSys@@YAXXZ 0000000140019950 f    CIL library: CIL module
 0001:00018980       ??__E?s_modreg@RModuleReg@stdlib@media@modules@UModSys@@2U12345@A@@YAXXZ 0000000140019980 f    CIL library: CIL module
 0001:000189f0       ??__E?s_modreg_chain@RModuleReg@stdlib@media@modules@UModSys@@2USModuleRegChain@base@5@A@@YAXXZ 00000001400199f0 f    CIL library: CIL module
 0001:00018a20       ??__E?s_uid@RGenerator@stdlib@media@modules@UModSys@@2USUniquePointer@core@5@A@@YAXXZ 0000000140019a20 f    CIL library: CIL module
 0001:00018a60       ??__E?s_id@?$TObjectUniqueID@UILibraryBinTree@libmedia@UModSys@@@tl@UModSys@@2USUniquePointer@core@3@A@@YAXXZ 0000000140019a60 f    CIL library: CIL module
 0001:00018aa0       ??__E?s_id@?$TObjectUniqueID@UILibraryBinCache@libmedia@UModSys@@@tl@UModSys@@2USUniquePointer@core@3@A@@YAXXZ 0000000140019aa0 f    CIL library: CIL module
 0001:00018ae0       ??__E?s_id@?$TObjectUniqueID@UILibraryObjFilter@libmedia@UModSys@@@tl@UModSys@@2USUniquePointer@core@3@A@@YAXXZ 0000000140019ae0 f    CIL library: CIL module
 0001:00018b20       ??__E?s_id@?$TObjectUniqueID@UILibraryObjCache@libmedia@UModSys@@@tl@UModSys@@2USUniquePointer@core@3@A@@YAXXZ 0000000140019b20 f    CIL library: CIL module
 0001:00018b60       ??__E?s_id@?$TObjectUniqueID@UILibraryLayered@libmedia@UModSys@@@tl@UModSys@@2USUniquePointer@core@3@A@@YAXXZ 0000000140019b60 f    CIL library: CIL module
 0001:00018ba0       ??__E?s_id@?$TObjectUniqueID@UIBinArchiveFrame@libmedia@UModSys@@@tl@UModSys@@2USUniquePointer@core@3@A@@YAXXZ 0000000140019ba0 f    CIL library: CIL module
 0001:00018be0       ??__E?s_id@?$TObjectUniqueID@UIClient@IBinArchiveFrame@libmedia@UModSys@@@tl@UModSys@@2USUniquePointer@core@3@A@@YAXXZ 0000000140019be0 f    CIL library: CIL module
 0001:00018c20       ??__E?s_id@?$TObjectUniqueID@URUtilities@stdlib@media@modules@UModSys@@@tl@UModSys@@2USUniquePointer@core@3@A@@YAXXZ 0000000140019c20 f    CIL library: CIL module
 0001:00018c60       ??__E?s_id@?$TObjectUniqueID@URBinArchiveFrame@stdlib@media@modules@UModSys@@@tl@UModSys@@2USUniquePointer@core@3@A@@YAXXZ 0000000140019c60 f    CIL library: CIL module
 0001:00018ca0       ??__E?s_id@?$TObjectUniqueID@URLibraryBinTree@stdlib@media@modules@UModSys@@@tl@UModSys@@2USUniquePointer@core@3@A@@YAXXZ 0000000140019ca0 f    CIL library: CIL module
 0001:00018ce0       ??__E?s_id@?$TObjectUniqueID@URLibraryBinCache@stdlib@media@modules@UModSys@@@tl@UModSys@@2USUniquePointer@core@3@A@@YAXXZ 0000000140019ce0 f    CIL library: CIL module
 0001:00018d20       ??__E?s_id@?$TObjectUniqueID@URLibraryLayered@stdlib@media@modules@UModSys@@@tl@UModSys@@2USUniquePointer@core@3@A@@YAXXZ 0000000140019d20 f    CIL library: CIL module
 0001:00018d60       ??__E?s_id@?$TObjectUniqueID@URLibraryObjCache@stdlib@media@modules@UModSys@@@tl@UModSys@@2USUniquePointer@core@3@A@@YAXXZ 0000000140019d60 f    CIL library: CIL module
 0001:00018da0       ??__E?s_id@?$TObjectUniqueID@URLibraryObjFilter@stdlib@media@modules@UModSys@@@tl@UModSys@@2USUniquePointer@core@3@A@@YAXXZ 0000000140019da0 f    CIL library: CIL module
 0001:00018de0       ??__E?s_id@?$TObjectUniqueID@URGenerator@stdlib@media@modules@UModSys@@@tl@UModSys@@2USUniquePointer@core@3@A@@YAXXZ 0000000140019de0 f    CIL library: CIL module
 0001:00018e20       ??__E?s_console@RConsole_std@rsystem@base@UModSys@@2U1234@A@@YAXXZ 0000000140019e20 f    CIL library: CIL module
 0001:00018e40       ??__E?s_sys@RSystem@rsystem@base@UModSys@@2U1234@A@@YAXXZ 0000000140019e40 f    CIL library: CIL module
 0001:00018e60       ??__Ersys_dbg@rsystem@base@UModSys@@YAXXZ 0000000140019e60 f    CIL library: CIL module
 0001:00018e90       ??__EM@UModSys@@YAXXZ      0000000140019e90 f    CIL library: CIL module
 0001:00018eb0       ??__E?root@SModuleRegChain@base@UModSys@@2U123@A@@YAXXZ 0000000140019eb0 f    CIL library: CIL module
 0001:00018ee0       ??__E?s_library@RModuleLibraryReg_Chain@base@UModSys@@2U123@A@@YAXXZ 0000000140019ee0 f    CIL library: CIL module
 0001:00018f00       ??__E?root@SUniquePointer@core@UModSys@@2U123@A@@YAXXZ 0000000140019f00 f    CIL library: CIL module
 0001:00018f30       ??__F?s_id@?$TObjectUniqueID@URConsole_std@rsystem@base@UModSys@@@tl@UModSys@@2USUniquePointer@core@3@A@@YAXXZ 0000000140019f30 f    CIL library: CIL module
 0001:00018f40       ??__F?s_id@?$TObjectUniqueID@URSystem@rsystem@base@UModSys@@@tl@UModSys@@2USUniquePointer@core@3@A@@YAXXZ 0000000140019f40 f    CIL library: CIL module
 0001:00018f50       ??__F?s_id@?$TObjectUniqueID@URParameters@rsystem@base@UModSys@@@tl@UModSys@@2USUniquePointer@core@3@A@@YAXXZ 0000000140019f50 f    CIL library: CIL module
 0001:00018f60       ??__F?s_id@?$TObjectUniqueID@URModuleLibraryThis@rsystem@base@UModSys@@@tl@UModSys@@2USUniquePointer@core@3@A@@YAXXZ 0000000140019f60 f    CIL library: CIL module
 0001:00018f70       ??__F?s_id@?$TObjectUniqueID@URModuleLibrarySO@rsystem@base@UModSys@@@tl@UModSys@@2USUniquePointer@core@3@A@@YAXXZ 0000000140019f70 f    CIL library: CIL module
 0001:00018f80       ??__F?s_id@?$TObjectUniqueID@UIModuleLibraryUni@rsystem@base@UModSys@@@tl@UModSys@@2USUniquePointer@core@3@A@@YAXXZ 0000000140019f80 f    CIL library: CIL module
 0001:00018f90       ??__F?s_id@?$TObjectUniqueID@URModule@rsystem@base@UModSys@@@tl@UModSys@@2USUniquePointer@core@3@A@@YAXXZ 0000000140019f90 f    CIL library: CIL module
 0001:00018fa0       ??__F?s_id@?$TObjectUniqueID@UISystem@base@UModSys@@@tl@UModSys@@2USUniquePointer@core@3@A@@YAXXZ 0000000140019fa0 f    CIL library: CIL module
 0001:00018fb0       ??__F?s_id@?$TObjectUniqueID@UIShell@base@UModSys@@@tl@UModSys@@2USUniquePointer@core@3@A@@YAXXZ 0000000140019fb0 f    CIL library: CIL module
 0001:00018fc0       ??__F?s_id@?$TObjectUniqueID@UIGenerator@base@UModSys@@@tl@UModSys@@2USUniquePointer@core@3@A@@YAXXZ 0000000140019fc0 f    CIL library: CIL module
 0001:00018fd0       ??__F?s_id@?$TObjectUniqueID@UIModObject@base@UModSys@@@tl@UModSys@@2USUniquePointer@core@3@A@@YAXXZ 0000000140019fd0 f    CIL library: CIL module
 0001:00018fe0       ??__F?s_id@?$TObjectUniqueID@UIModuleLibrary@base@UModSys@@@tl@UModSys@@2USUniquePointer@core@3@A@@YAXXZ 0000000140019fe0 f    CIL library: CIL module
 0001:00018ff0       ??__F?s_id@?$TObjectUniqueID@UIModule@base@UModSys@@@tl@UModSys@@2USUniquePointer@core@3@A@@YAXXZ 0000000140019ff0 f    CIL library: CIL module
 0001:00019000       ??__F?s_id@?$TObjectUniqueID@UIConsole@base@UModSys@@@tl@UModSys@@2USUniquePointer@core@3@A@@YAXXZ 000000014001a000 f    CIL library: CIL module
 0001:00019010       ??__F?s_id@?$TObjectUniqueID@UIParameters@core@UModSys@@@tl@UModSys@@2USUniquePointer@core@3@A@@YAXXZ 000000014001a010 f    CIL library: CIL module
 0001:00019020       ??__F?s_id@?$TObjectUniqueID@UIRefObject@core@UModSys@@@tl@UModSys@@2USUniquePointer@core@3@A@@YAXXZ 000000014001a020 f    CIL library: CIL module
 0001:00019030       ??__F?s_id@?$TObjectUniqueID@UIRoot@core@UModSys@@@tl@UModSys@@2USUniquePointer@core@3@A@@YAXXZ 000000014001a030 f    CIL library: CIL module
 0001:00019040       ??__Fs_dbg@stdio@media@modules@UModSys@@YAXXZ 000000014001a040 f    CIL library: CIL module
 0001:00019050       ??__F?s_modreg@RModuleReg@stdio@media@modules@UModSys@@2U12345@A@@YAXXZ 000000014001a050 f    CIL library: CIL module
 0001:00019070       ??__F?s_modreg_chain@RModuleReg@stdio@media@modules@UModSys@@2USModuleRegChain@base@5@A@@YAXXZ 000000014001a070 f    CIL library: CIL module
 0001:00019080       ??__F?s_uid@RGenerator@stdio@media@modules@UModSys@@2USUniquePointer@core@5@A@@YAXXZ 000000014001a080 f    CIL library: CIL module
 0001:00019090       ??__Fh@?1??s_holder@RGenerator@stdio@media@modules@UModSys@@SAAEAU?$TTypeStaticHolder@URGenerator@stdio@media@modules@UModSys@@@tl@5@XZ@YAXXZ 000000014001a090 f    CIL library: CIL module
 0001:000190c0       ??__F?s_id@?$TObjectUniqueID@URGenerator@stdio@media@modules@UModSys@@@tl@UModSys@@2USUniquePointer@core@3@A@@YAXXZ 000000014001a0c0 f    CIL library: CIL module
 0001:000190d0       ??__F?s_id@?$TObjectUniqueID@URDataArchiver_OsDir@stdio@media@modules@UModSys@@@tl@UModSys@@2USUniquePointer@core@3@A@@YAXXZ 000000014001a0d0 f    CIL library: CIL module
 0001:000190e0       ??__F?s_id@?$TObjectUniqueID@URStreamWriter_FILE@stdio@media@modules@UModSys@@@tl@UModSys@@2USUniquePointer@core@3@A@@YAXXZ 000000014001a0e0 f    CIL library: CIL module
 0001:000190f0       ??__F?s_id@?$TObjectUniqueID@URStreamReader_FILE@stdio@media@modules@UModSys@@@tl@UModSys@@2USUniquePointer@core@3@A@@YAXXZ 000000014001a0f0 f    CIL library: CIL module
 0001:00019100       ??__F?s_id@?$TObjectUniqueID@UILibrary@libmedia@UModSys@@@tl@UModSys@@2USUniquePointer@core@3@A@@YAXXZ 000000014001a100 f    CIL library: CIL module
 0001:00019110       ??__F?s_id@?$TObjectUniqueID@UIBinObjFilter@libmedia@UModSys@@@tl@UModSys@@2USUniquePointer@core@3@A@@YAXXZ 000000014001a110 f    CIL library: CIL module
 0001:00019120       ??__F?s_id@?$TObjectUniqueID@UIBinArchive@libmedia@UModSys@@@tl@UModSys@@2USUniquePointer@core@3@A@@YAXXZ 000000014001a120 f    CIL library: CIL module
 0001:00019130       ??__F?s_id@?$TObjectUniqueID@UILibObject@libmedia@UModSys@@@tl@UModSys@@2USUniquePointer@core@3@A@@YAXXZ 000000014001a130 f    CIL library: CIL module
 0001:00019140       ??__F?s_id@?$TObjectUniqueID@UIUtilities@libmedia@UModSys@@@tl@UModSys@@2USUniquePointer@core@3@A@@YAXXZ 000000014001a140 f    CIL library: CIL module
 0001:00019150       ??__F?s_id@?$TObjectUniqueID@UIStreamWriter@libmedia@UModSys@@@tl@UModSys@@2USUniquePointer@core@3@A@@YAXXZ 000000014001a150 f    CIL library: CIL module
 0001:00019160       ??__F?s_id@?$TObjectUniqueID@UIStreamReader@libmedia@UModSys@@@tl@UModSys@@2USUniquePointer@core@3@A@@YAXXZ 000000014001a160 f    CIL library: CIL module
 0001:00019170       ??__Fs_dbg@stdlib@media@modules@UModSys@@YAXXZ 000000014001a170 f    CIL library: CIL module
 0001:00019180       ??__F?s_modreg@RModuleReg@stdlib@media@modules@UModSys@@2U12345@A@@YAXXZ 000000014001a180 f    CIL library: CIL module
 0001:000191a0       ??__F?s_modreg_chain@RModuleReg@stdlib@media@modules@UModSys@@2USModuleRegChain@base@5@A@@YAXXZ 000000014001a1a0 f    CIL library: CIL module
 0001:000191b0       ??__F?s_uid@RGenerator@stdlib@media@modules@UModSys@@2USUniquePointer@core@5@A@@YAXXZ 000000014001a1b0 f    CIL library: CIL module
 0001:000191c0       ??__Fh@?1??s_holder@RGenerator@stdlib@media@modules@UModSys@@SAAEAU?$TTypeStaticHolder@URGenerator@stdlib@media@modules@UModSys@@@tl@5@XZ@YAXXZ 000000014001a1c0 f    CIL library: CIL module
 0001:000191f0       ??__F?s_id@?$TObjectUniqueID@URGenerator@stdlib@media@modules@UModSys@@@tl@UModSys@@2USUniquePointer@core@3@A@@YAXXZ 000000014001a1f0 f    CIL library: CIL module
 0001:00019200       ??__F?s_id@?$TObjectUniqueID@URLibraryObjFilter@stdlib@media@modules@UModSys@@@tl@UModSys@@2USUniquePointer@core@3@A@@YAXXZ 000000014001a200 f    CIL library: CIL module
 0001:00019210       ??__F?s_id@?$TObjectUniqueID@URLibraryObjCache@stdlib@media@modules@UModSys@@@tl@UModSys@@2USUniquePointer@core@3@A@@YAXXZ 000000014001a210 f    CIL library: CIL module
 0001:00019220       ??__F?s_id@?$TObjectUniqueID@URLibraryLayered@stdlib@media@modules@UModSys@@@tl@UModSys@@2USUniquePointer@core@3@A@@YAXXZ 000000014001a220 f    CIL library: CIL module
 0001:00019230       ??__F?s_id@?$TObjectUniqueID@URLibraryBinCache@stdlib@media@modules@UModSys@@@tl@UModSys@@2USUniquePointer@core@3@A@@YAXXZ 000000014001a230 f    CIL library: CIL module
 0001:00019240       ??__F?s_id@?$TObjectUniqueID@URLibraryBinTree@stdlib@media@modules@UModSys@@@tl@UModSys@@2USUniquePointer@core@3@A@@YAXXZ 000000014001a240 f    CIL library: CIL module
 0001:00019250       ??__F?s_id@?$TObjectUniqueID@URBinArchiveFrame@stdlib@media@modules@UModSys@@@tl@UModSys@@2USUniquePointer@core@3@A@@YAXXZ 000000014001a250 f    CIL library: CIL module
 0001:00019260       ??__F?s_id@?$TObjectUniqueID@URUtilities@stdlib@media@modules@UModSys@@@tl@UModSys@@2USUniquePointer@core@3@A@@YAXXZ 000000014001a260 f    CIL library: CIL module
 0001:00019270       ??__F?s_id@?$TObjectUniqueID@UIClient@IBinArchiveFrame@libmedia@UModSys@@@tl@UModSys@@2USUniquePointer@core@3@A@@YAXXZ 000000014001a270 f    CIL library: CIL module
 0001:00019280       ??__F?s_id@?$TObjectUniqueID@UIBinArchiveFrame@libmedia@UModSys@@@tl@UModSys@@2USUniquePointer@core@3@A@@YAXXZ 000000014001a280 f    CIL library: CIL module
 0001:00019290       ??__F?s_id@?$TObjectUniqueID@UILibraryLayered@libmedia@UModSys@@@tl@UModSys@@2USUniquePointer@core@3@A@@YAXXZ 000000014001a290 f    CIL library: CIL module
 0001:000192a0       ??__F?s_id@?$TObjectUniqueID@UILibraryObjCache@libmedia@UModSys@@@tl@UModSys@@2USUniquePointer@core@3@A@@YAXXZ 000000014001a2a0 f    CIL library: CIL module
 0001:000192b0       ??__F?s_id@?$TObjectUniqueID@UILibraryObjFilter@libmedia@UModSys@@@tl@UModSys@@2USUniquePointer@core@3@A@@YAXXZ 000000014001a2b0 f    CIL library: CIL module
 0001:000192c0       ??__F?s_id@?$TObjectUniqueID@UILibraryBinCache@libmedia@UModSys@@@tl@UModSys@@2USUniquePointer@core@3@A@@YAXXZ 000000014001a2c0 f    CIL library: CIL module
 0001:000192d0       ??__F?s_id@?$TObjectUniqueID@UILibraryBinTree@libmedia@UModSys@@@tl@UModSys@@2USUniquePointer@core@3@A@@YAXXZ 000000014001a2d0 f    CIL library: CIL module
 0001:000192e0       ??__F?s_console@RConsole_std@rsystem@base@UModSys@@2U1234@A@@YAXXZ 000000014001a2e0 f    CIL library: CIL module
 0001:000192f0       ??__F?s_sys@RSystem@rsystem@base@UModSys@@2U1234@A@@YAXXZ 000000014001a2f0 f    CIL library: CIL module
 0001:00019300       ??__Frsys_dbg@rsystem@base@UModSys@@YAXXZ 000000014001a300 f    CIL library: CIL module
 0001:00019310       ??__FM@UModSys@@YAXXZ      000000014001a310 f    CIL library: CIL module
 0001:00019320       ??__F?root@SModuleRegChain@base@UModSys@@2U123@A@@YAXXZ 000000014001a320 f    CIL library: CIL module
 0001:00019330       ??__F?s_library@RModuleLibraryReg_Chain@base@UModSys@@2U123@A@@YAXXZ 000000014001a330 f    CIL library: CIL module
 0001:00019340       ??__F?root@SUniquePointer@core@UModSys@@2U123@A@@YAXXZ 000000014001a340 f    CIL library: CIL module

 Exports

  ordinal    name

        1    UModSys_Plugin_Entry2
