 umodsysc

 Timestamp is 525e99ca (Wed Oct 16 16:51:06 2013)

 Preferred load address is 0000000140000000

 Start         Length     Name                   Class
 0001:00000000 0000a5acH .text                   CODE
 0001:0000a5b0 0000005eH .text$00                CODE
 0001:0000a610 000006a8H .text$x                 CODE
 0001:0000acc0 000007a2H .text$yc                CODE
 0001:0000b470 0000025cH .text$yd                CODE
 0002:00000000 00000250H .idata$5                DATA
 0002:00000250 00000008H .CRT$XCA                DATA
 0002:00000258 00000008H .CRT$XCAA               DATA
 0002:00000260 000001b8H .CRT$XCU                DATA
 0002:00000418 00000008H .CRT$XCZ                DATA
 0002:00000420 00000008H .CRT$XIA                DATA
 0002:00000428 00000008H .CRT$XIAA               DATA
 0002:00000430 00000008H .CRT$XIY                DATA
 0002:00000438 00000008H .CRT$XIZ                DATA
 0002:00000440 00001e28H .rdata                  DATA
 0002:00002268 0000130cH .rdata$r                DATA
 0002:00003578 00000008H .rtc$IAA                DATA
 0002:00003580 00000008H .rtc$IZZ                DATA
 0002:00003588 00000008H .rtc$TAA                DATA
 0002:00003590 00000008H .rtc$TZZ                DATA
 0002:00003598 000019a8H .xdata                  DATA
 0002:00004f40 000000e4H .xdata$x                DATA
 0002:00005024 00000028H .idata$2                DATA
 0002:0000504c 00000014H .idata$3                DATA
 0002:00005060 00000250H .idata$4                DATA
 0002:000052b0 00000466H .idata$6                DATA
 0002:00005720 00000055H .edata                  DATA
 0003:00000000 00000a74H .data                   DATA
 0003:00000a80 00002838H .bss                    DATA
 0004:00000000 000014b8H .pdata                  DATA

  Address         Publics by Value              Rva+Base               Lib:Object

 0000:00000000       ___safe_se_handler_table   0000000000000000     <absolute>
 0000:00000000       ___safe_se_handler_count   0000000000000000     <absolute>
 0000:00000000       __ImageBase                0000000140000000     <linker-defined>
 0001:00000000       ??$shash@D@su@tl@UModSys@@YAHPEBD_K@Z 0000000140001000 f i umodsys.c_main.obj
 0001:00000030       ??1SMemShared@core@UModSys@@QEAA@XZ 0000000140001030 f i umodsys_lib_libmedia:umodsys.mod.media.stdio.obj
 0001:00000050       ??3IRoot@core@UModSys@@SAXPEAXAEBUSIMemAlloc@12@@Z 0000000140001050 f i umodsys_lib_libmedia:umodsys.mod.media.stdio.obj
 0001:00000060       ??1?$TString@U?$TSCoreShared@USIMemAlloc@core@UModSys@@D@su@tl@UModSys@@U?$TComparerBinaryHash@D@234@@tl@UModSys@@QEAA@XZ 0000000140001060 f i umodsys_lib_libmedia:umodsys.mod.media.stdio.obj
 0001:000000b0       ?archive_load_data@libmedia@UModSys@@YA_NAEAUIDataArchive@12@AEBU?$TString@U?$TSCoreConst@D@su@tl@UModSys@@U?$TComparerBinaryHash@D@234@@tl@2@AEAUSCMemShared@core@2@AEBUSFlags@12@@Z 00000001400010b0 f i umodsys_lib_libmedia:umodsys.mod.media.stdio.obj
 0001:00000260       ?archive_save_data@libmedia@UModSys@@YA_NAEAUIDataArchive@12@AEBU?$TString@U?$TSCoreConst@D@su@tl@UModSys@@U?$TComparerBinaryHash@D@234@@tl@2@AEBUSCMem@core@2@AEBUSFlags@12@@Z 0000000140001260 f i umodsys_lib_libmedia:umodsys.mod.media.stdio.obj
 0001:000002f0       ?file_get_size@stdio@media@modules@UModSys@@YA_JPEAU_iobuf@@@Z 00000001400012f0 f i umodsys_lib_libmedia:umodsys.mod.media.stdio.obj
 0001:00000360       ?get_interface_info@RStreamReader_FILE@stdio@media@modules@UModSys@@UEBAAEBUSUniquePointerInfo@core@5@XZ 0000000140001360 f i umodsys_lib_libmedia:umodsys.mod.media.stdio.obj
 0001:00000370       ?get_interface_type@RStreamReader_FILE@stdio@media@modules@UModSys@@UEBAPEBUSUniquePointerInfo@core@5@XZ 0000000140001370 f i umodsys_lib_libmedia:umodsys.mod.media.stdio.obj
 0001:00000380       ?get_other_interface@RStreamReader_FILE@stdio@media@modules@UModSys@@UEAAPEAUIRoot@core@5@PEBUSUniquePointerInfo@75@@Z 0000000140001380 f i umodsys_lib_libmedia:umodsys.mod.media.stdio.obj
 0001:00000380       ?get_other_interface@RStreamReader_FILE@stdio@media@modules@UModSys@@UEBAPEBUIRoot@core@5@PEBUSUniquePointerInfo@75@@Z 0000000140001380 f i umodsys_lib_libmedia:umodsys.mod.media.stdio.obj
 0001:000003b0       ?suicide@RStreamWriter_FILE@stdio@media@modules@UModSys@@UEAAXXZ 00000001400013b0 f i umodsys_lib_libmedia:umodsys.mod.media.stdio.obj
 0001:000003b0       ?suicide@RDataArchiver_OsDir@stdio@media@modules@UModSys@@UEAAXXZ 00000001400013b0 f i umodsys_lib_libmedia:umodsys.mod.media.stdio.obj
 0001:000003b0       ?suicide@RStreamReader_FILE@stdio@media@modules@UModSys@@UEAAXXZ 00000001400013b0 f i umodsys_lib_libmedia:umodsys.mod.media.stdio.obj
 0001:00000400       ??0RStreamReader_FILE@stdio@media@modules@UModSys@@QEAA@PEAUIModObject@base@4@AEBUSParameters@core@4@@Z 0000000140001400 f i umodsys_lib_libmedia:umodsys.mod.media.stdio.obj
 0001:000004d0       ??0RStreamReader_FILE@stdio@media@modules@UModSys@@QEAA@PEAUIModObject@base@4@PEBD@Z 00000001400014d0 f i umodsys_lib_libmedia:umodsys.mod.media.stdio.obj
 0001:00000580       ?get_size@RStreamReader_FILE@stdio@media@modules@UModSys@@QEAAXXZ 0000000140001580 f i umodsys_lib_libmedia:umodsys.mod.media.stdio.obj
 0001:00000600       ?reader_seek@RStreamReader_FILE@stdio@media@modules@UModSys@@UEAA_N_J@Z 0000000140001600 f i umodsys_lib_libmedia:umodsys.mod.media.stdio.obj
 0001:00000630       ?reader_seekend@RStreamReader_FILE@stdio@media@modules@UModSys@@UEAA_N_J@Z 0000000140001630 f i umodsys_lib_libmedia:umodsys.mod.media.stdio.obj
 0001:00000660       ?reader_seekdelta@RStreamReader_FILE@stdio@media@modules@UModSys@@UEAA_N_J@Z 0000000140001660 f i umodsys_lib_libmedia:umodsys.mod.media.stdio.obj
 0001:00000690       ?reader_pos@RStreamReader_FILE@stdio@media@modules@UModSys@@UEAA_JXZ 0000000140001690 f i umodsys_lib_libmedia:umodsys.mod.media.stdio.obj
 0001:000006c0       ?reader_size@RStreamReader_FILE@stdio@media@modules@UModSys@@UEAA_JXZ 00000001400016c0 f i umodsys_lib_libmedia:umodsys.mod.media.stdio.obj
 0001:000006d0       ?reader_read@RStreamReader_FILE@stdio@media@modules@UModSys@@UEAA_NPEAX_K@Z 00000001400016d0 f i umodsys_lib_libmedia:umodsys.mod.media.stdio.obj
 0001:00000780       ?reader_close@RStreamReader_FILE@stdio@media@modules@UModSys@@UEAAXXZ 0000000140001780 f i umodsys_lib_libmedia:umodsys.mod.media.stdio.obj
 0001:000007b0       ??_ERStreamReader_FILE@stdio@media@modules@UModSys@@UEAAPEAXI@Z 00000001400017b0 f i  CIL library: CIL module
 0001:000007b0       ??_GRStreamReader_FILE@stdio@media@modules@UModSys@@UEAAPEAXI@Z 00000001400017b0 f i umodsys_lib_libmedia:umodsys.mod.media.stdio.obj
 0001:00000810       ??_GIRoot@core@UModSys@@UEAAPEAXI@Z 0000000140001810 f i umodsys_lib_libmedia:umodsys.mod.media.stdio.obj
 0001:00000810       ??_EIRoot@core@UModSys@@UEAAPEAXI@Z 0000000140001810 f i  CIL library: CIL module
 0001:00000840       ?get_interface_info@RStreamWriter_FILE@stdio@media@modules@UModSys@@UEBAAEBUSUniquePointerInfo@core@5@XZ 0000000140001840 f i umodsys_lib_libmedia:umodsys.mod.media.stdio.obj
 0001:00000850       ?get_interface_type@RStreamWriter_FILE@stdio@media@modules@UModSys@@UEBAPEBUSUniquePointerInfo@core@5@XZ 0000000140001850 f i umodsys_lib_libmedia:umodsys.mod.media.stdio.obj
 0001:00000860       ?get_other_interface@RStreamWriter_FILE@stdio@media@modules@UModSys@@UEBAPEBUIRoot@core@5@PEBUSUniquePointerInfo@75@@Z 0000000140001860 f i umodsys_lib_libmedia:umodsys.mod.media.stdio.obj
 0001:00000860       ?get_other_interface@RStreamWriter_FILE@stdio@media@modules@UModSys@@UEAAPEAUIRoot@core@5@PEBUSUniquePointerInfo@75@@Z 0000000140001860 f i umodsys_lib_libmedia:umodsys.mod.media.stdio.obj
 0001:00000890       ?ref_links@RStreamWriter_FILE@stdio@media@modules@UModSys@@UEBAHXZ 0000000140001890 f i umodsys_lib_libmedia:umodsys.mod.media.stdio.obj
 0001:00000890       ?ref_links@RGenerator@stdio@media@modules@UModSys@@UEBAHXZ 0000000140001890 f i umodsys_lib_libmedia:umodsys.mod.media.stdio.obj
 0001:00000890       ?ref_links@RDataArchiver_OsDir@stdio@media@modules@UModSys@@UEBAHXZ 0000000140001890 f i umodsys_lib_libmedia:umodsys.mod.media.stdio.obj
 0001:00000890       ?ref_links@RStreamReader_FILE@stdio@media@modules@UModSys@@UEBAHXZ 0000000140001890 f i umodsys_lib_libmedia:umodsys.mod.media.stdio.obj
 0001:000008a0       ?ref_weak@RDataArchiver_OsDir@stdio@media@modules@UModSys@@UEBA_NAEAUWeakPointer@IRefObject@core@5@@Z 00000001400018a0 f i umodsys_lib_libmedia:umodsys.mod.media.stdio.obj
 0001:000008a0       ?ref_weak@RGenerator@stdio@media@modules@UModSys@@UEBA_NAEAUWeakPointer@IRefObject@core@5@@Z 00000001400018a0 f i umodsys_lib_libmedia:umodsys.mod.media.stdio.obj
 0001:000008a0       ?ref_weak@RStreamReader_FILE@stdio@media@modules@UModSys@@UEBA_NAEAUWeakPointer@IRefObject@core@5@@Z 00000001400018a0 f i umodsys_lib_libmedia:umodsys.mod.media.stdio.obj
 0001:000008a0       ?ref_weak@RStreamWriter_FILE@stdio@media@modules@UModSys@@UEBA_NAEAUWeakPointer@IRefObject@core@5@@Z 00000001400018a0 f i umodsys_lib_libmedia:umodsys.mod.media.stdio.obj
 0001:000008c0       ??0RStreamWriter_FILE@stdio@media@modules@UModSys@@QEAA@PEAUIModObject@base@4@AEBUSParameters@core@4@@Z 00000001400018c0 f i umodsys_lib_libmedia:umodsys.mod.media.stdio.obj
 0001:00000960       ??0RStreamWriter_FILE@stdio@media@modules@UModSys@@QEAA@PEAUIModObject@base@4@PEBD_N@Z 0000000140001960 f i umodsys_lib_libmedia:umodsys.mod.media.stdio.obj
 0001:00000a40       ?open@RStreamWriter_FILE@stdio@media@modules@UModSys@@QEAAXAEBUSParameters@core@5@@Z 0000000140001a40 f i umodsys_lib_libmedia:umodsys.mod.media.stdio.obj
 0001:00000b00       ?writer_seek@RStreamWriter_FILE@stdio@media@modules@UModSys@@UEAA_N_J@Z 0000000140001b00 f i umodsys_lib_libmedia:umodsys.mod.media.stdio.obj
 0001:00000b30       ?writer_seekend@RStreamWriter_FILE@stdio@media@modules@UModSys@@UEAA_N_J@Z 0000000140001b30 f i umodsys_lib_libmedia:umodsys.mod.media.stdio.obj
 0001:00000b60       ?writer_seekdelta@RStreamWriter_FILE@stdio@media@modules@UModSys@@UEAA_N_J@Z 0000000140001b60 f i umodsys_lib_libmedia:umodsys.mod.media.stdio.obj
 0001:00000b90       ?writer_setsize@RStreamWriter_FILE@stdio@media@modules@UModSys@@UEAA_N_J@Z 0000000140001b90 f i umodsys_lib_libmedia:umodsys.mod.media.stdio.obj
 0001:00000bf0       ?writer_pos@RStreamWriter_FILE@stdio@media@modules@UModSys@@UEAA_JXZ 0000000140001bf0 f i umodsys_lib_libmedia:umodsys.mod.media.stdio.obj
 0001:00000c20       ?writer_size@RStreamWriter_FILE@stdio@media@modules@UModSys@@UEAA_JXZ 0000000140001c20 f i umodsys_lib_libmedia:umodsys.mod.media.stdio.obj
 0001:00000c50       ?writer_write@RStreamWriter_FILE@stdio@media@modules@UModSys@@UEAA_NPEBX_K@Z 0000000140001c50 f i umodsys_lib_libmedia:umodsys.mod.media.stdio.obj
 0001:00000d00       ?writer_copy@RStreamWriter_FILE@stdio@media@modules@UModSys@@UEAA_NPEAUIStreamReader@libmedia@5@_J@Z 0000000140001d00 f i umodsys_lib_libmedia:umodsys.mod.media.stdio.obj
 0001:00000db0       ?writer_copy@RStreamWriter_FILE@stdio@media@modules@UModSys@@UEAA_NPEAUIStreamReader@libmedia@5@_J1@Z 0000000140001db0 f i umodsys_lib_libmedia:umodsys.mod.media.stdio.obj
 0001:00000e20       ?writer_close@RStreamWriter_FILE@stdio@media@modules@UModSys@@UEAAXXZ 0000000140001e20 f i umodsys_lib_libmedia:umodsys.mod.media.stdio.obj
 0001:00000e60       ?writer_abort@RStreamWriter_FILE@stdio@media@modules@UModSys@@UEAAXXZ 0000000140001e60 f i umodsys_lib_libmedia:umodsys.mod.media.stdio.obj
 0001:00000ea0       ??_ERStreamWriter_FILE@stdio@media@modules@UModSys@@UEAAPEAXI@Z 0000000140001ea0 f i  CIL library: CIL module
 0001:00000ea0       ??_GRStreamWriter_FILE@stdio@media@modules@UModSys@@UEAAPEAXI@Z 0000000140001ea0 f i umodsys_lib_libmedia:umodsys.mod.media.stdio.obj
 0001:00000f20       ?get_interface_info@RDataArchiver_OsDir@stdio@media@modules@UModSys@@UEBAAEBUSUniquePointerInfo@core@5@XZ 0000000140001f20 f i umodsys_lib_libmedia:umodsys.mod.media.stdio.obj
 0001:00000f30       ?get_interface_type@RDataArchiver_OsDir@stdio@media@modules@UModSys@@UEBAPEBUSUniquePointerInfo@core@5@XZ 0000000140001f30 f i umodsys_lib_libmedia:umodsys.mod.media.stdio.obj
 0001:00000f40       ?get_interface_types@RSystem@rsystem@base@UModSys@@UEBA_KAEAUSUniquePtrList@core@4@@Z 0000000140001f40 f i umodsys_lib_basesys:umodsys.basesys.rsystem_main.obj
 0001:00000f40       ?get_interface_types@RConsole_std@rsystem@base@UModSys@@UEBA_KAEAUSUniquePtrList@core@4@@Z 0000000140001f40 f i umodsys_lib_basesys:umodsys.basesys.rconsole_std.obj
 0001:00000f40       ?get_interface_types@RModule@rsystem@base@UModSys@@UEBA_KAEAUSUniquePtrList@core@4@@Z 0000000140001f40 f i umodsys_lib_basesys:umodsys.basesys.rmodule.obj
 0001:00000f40       ?get_interface_types@RGenerator@stdio@media@modules@UModSys@@UEBA_KAEAUSUniquePtrList@core@5@@Z 0000000140001f40 f i umodsys_lib_libmedia:umodsys.mod.media.stdio.obj
 0001:00000f40       ?get_interface_types@RModuleLibrarySO@rsystem@base@UModSys@@UEBA_KAEAUSUniquePtrList@core@4@@Z 0000000140001f40 f i umodsys_lib_basesys:umodsys.basesys.rmodulelibso.obj
 0001:00000f40       ?get_interface_types@RParameters@rsystem@base@UModSys@@UEBA_KAEAUSUniquePtrList@core@4@@Z 0000000140001f40 f i umodsys_lib_basesys:umodsys.basesys.rparameters.obj
 0001:00000f40       ?get_interface_types@RStreamReader_FILE@stdio@media@modules@UModSys@@UEBA_KAEAUSUniquePtrList@core@5@@Z 0000000140001f40 f i umodsys_lib_libmedia:umodsys.mod.media.stdio.obj
 0001:00000f40       ?get_interface_types@RStreamWriter_FILE@stdio@media@modules@UModSys@@UEBA_KAEAUSUniquePtrList@core@5@@Z 0000000140001f40 f i umodsys_lib_libmedia:umodsys.mod.media.stdio.obj
 0001:00000f40       ?get_interface_types@RDataArchiver_OsDir@stdio@media@modules@UModSys@@UEBA_KAEAUSUniquePtrList@core@5@@Z 0000000140001f40 f i umodsys_lib_libmedia:umodsys.mod.media.stdio.obj
 0001:00000f40       ?get_interface_types@RModuleLibraryThis@rsystem@base@UModSys@@UEBA_KAEAUSUniquePtrList@core@4@@Z 0000000140001f40 f i umodsys_lib_basesys:umodsys.basesys.rmodulelibthis.obj
 0001:00000f40       ?get_interface_types@ISystem@base@UModSys@@UEBA_KAEAUSUniquePtrList@core@3@@Z 0000000140001f40 f i umodsys_lib_basesys:umodsys.basesys.rsystem_main.obj
 0001:00000f50       ?get_other_interface@RDataArchiver_OsDir@stdio@media@modules@UModSys@@UEAAPEAUIRoot@core@5@PEBUSUniquePointerInfo@75@@Z 0000000140001f50 f i umodsys_lib_libmedia:umodsys.mod.media.stdio.obj
 0001:00000f50       ?get_other_interface@RDataArchiver_OsDir@stdio@media@modules@UModSys@@UEBAPEBUIRoot@core@5@PEBUSUniquePointerInfo@75@@Z 0000000140001f50 f i umodsys_lib_libmedia:umodsys.mod.media.stdio.obj
 0001:00000f80       ?ref_add@RStreamWriter_FILE@stdio@media@modules@UModSys@@UEBAXXZ 0000000140001f80 f i umodsys_lib_libmedia:umodsys.mod.media.stdio.obj
 0001:00000f80       ?ref_add@RStreamReader_FILE@stdio@media@modules@UModSys@@UEBAXXZ 0000000140001f80 f i umodsys_lib_libmedia:umodsys.mod.media.stdio.obj
 0001:00000f80       ?ref_add@RGenerator@stdio@media@modules@UModSys@@UEBAXXZ 0000000140001f80 f i umodsys_lib_libmedia:umodsys.mod.media.stdio.obj
 0001:00000f80       ?ref_add@RDataArchiver_OsDir@stdio@media@modules@UModSys@@UEBAXXZ 0000000140001f80 f i umodsys_lib_libmedia:umodsys.mod.media.stdio.obj
 0001:00000f90       ?ref_remove@RStreamWriter_FILE@stdio@media@modules@UModSys@@UEBAXXZ 0000000140001f90 f i umodsys_lib_libmedia:umodsys.mod.media.stdio.obj
 0001:00000f90       ?ref_remove@RDataArchiver_OsDir@stdio@media@modules@UModSys@@UEBAXXZ 0000000140001f90 f i umodsys_lib_libmedia:umodsys.mod.media.stdio.obj
 0001:00000f90       ?ref_remove@RStreamReader_FILE@stdio@media@modules@UModSys@@UEBAXXZ 0000000140001f90 f i umodsys_lib_libmedia:umodsys.mod.media.stdio.obj
 0001:00000f90       ?ref_remove@RGenerator@stdio@media@modules@UModSys@@UEBAXXZ 0000000140001f90 f i umodsys_lib_libmedia:umodsys.mod.media.stdio.obj
 0001:00000fb0       ??0RDataArchiver_OsDir@stdio@media@modules@UModSys@@QEAA@PEAUIModObject@base@4@AEBUSParameters@core@4@U?$TFlags4State@USMediaFlagUid@libmedia@UModSys@@I@tl@4@@Z 0000000140001fb0 f i umodsys_lib_libmedia:umodsys.mod.media.stdio.obj
 0001:00001060       ?open@RDataArchiver_OsDir@stdio@media@modules@UModSys@@QEAAXAEBUSParameters@core@5@@Z 0000000140002060 f i umodsys_lib_libmedia:umodsys.mod.media.stdio.obj
 0001:00001170       ?load_data@RDataArchiver_OsDir@stdio@media@modules@UModSys@@UEAA_NAEBU?$TString@U?$TSCoreConst@D@su@tl@UModSys@@U?$TComparerBinaryHash@D@234@@tl@5@AEAUSCMemShared@core@5@AEBUSFlags@libmedia@5@@Z 0000000140002170 f i umodsys_lib_libmedia:umodsys.mod.media.stdio.obj
 0001:00001180       ?load_reader@RDataArchiver_OsDir@stdio@media@modules@UModSys@@UEAA?AU?$TRefObject@UIStreamReader@libmedia@UModSys@@U?$TRefObjectFunc@UIStreamReader@libmedia@UModSys@@@tl@3@@tl@5@AEBU?$TString@U?$TSCoreConst@D@su@tl@UModSys@@U?$TComparerBinaryHash@D@234@@75@AEBUSFlags@libmedia@5@@Z 0000000140002180 f i umodsys_lib_libmedia:umodsys.mod.media.stdio.obj
 0001:00001300       ?save_data@RDataArchiver_OsDir@stdio@media@modules@UModSys@@UEAA_NAEBU?$TString@U?$TSCoreConst@D@su@tl@UModSys@@U?$TComparerBinaryHash@D@234@@tl@5@AEBUSCMem@core@5@AEBUSFlags@libmedia@5@@Z 0000000140002300 f i umodsys_lib_libmedia:umodsys.mod.media.stdio.obj
 0001:00001310       ?save_writer@RDataArchiver_OsDir@stdio@media@modules@UModSys@@UEAA?AU?$TRefObject@UIStreamWriter@libmedia@UModSys@@U?$TRefObjectFunc@UIStreamWriter@libmedia@UModSys@@@tl@3@@tl@5@AEBU?$TString@U?$TSCoreConst@D@su@tl@UModSys@@U?$TComparerBinaryHash@D@234@@75@AEBUSFlags@libmedia@5@@Z 0000000140002310 f i umodsys_lib_libmedia:umodsys.mod.media.stdio.obj
 0001:000014e0       ?get_entrylist@RDataArchiver_OsDir@stdio@media@modules@UModSys@@UEAA_NAEBU?$TString@U?$TSCoreConst@D@su@tl@UModSys@@U?$TComparerBinaryHash@D@234@@tl@5@AEAU?$TIStackSocket@USFileInfo@libmedia@UModSys@@@75@@Z 00000001400024e0 f i umodsys_lib_libmedia:umodsys.mod.media.stdio.obj
 0001:00001570       ?get_permissions@RDataArchiver_OsDir@stdio@media@modules@UModSys@@UEAAHXZ 0000000140002570 f i umodsys_lib_libmedia:umodsys.mod.media.stdio.obj
 0001:00001580       ??_ERDataArchiver_OsDir@stdio@media@modules@UModSys@@UEAAPEAXI@Z 0000000140002580 f i  CIL library: CIL module
 0001:00001580       ??_GRDataArchiver_OsDir@stdio@media@modules@UModSys@@UEAAPEAXI@Z 0000000140002580 f i umodsys_lib_libmedia:umodsys.mod.media.stdio.obj
 0001:00001610       ??1IStreamReader@libmedia@UModSys@@UEAA@XZ 0000000140002610 f i umodsys_lib_libmedia:umodsys.mod.media.stdio.obj
 0001:00001610       ??1IDataArchive@libmedia@UModSys@@UEAA@XZ 0000000140002610 f i umodsys_lib_libmedia:umodsys.mod.media.stdio.obj
 0001:00001610       ??1IStreamWriter@libmedia@UModSys@@UEAA@XZ 0000000140002610 f i umodsys_lib_libmedia:umodsys.mod.media.stdio.obj
 0001:00001620       ?get_generated_names@RGenerator@stdio@media@modules@UModSys@@UEBAHAEAUSUniquePtrList@core@5@@Z 0000000140002620 f i umodsys_lib_libmedia:umodsys.mod.media.stdio.obj
 0001:00001670       ?get_generated_types@RGenerator@stdio@media@modules@UModSys@@UEBAHAEAUSUniquePtrList@core@5@PEBUSUniquePointerInfo@75@@Z 0000000140002670 f i umodsys_lib_libmedia:umodsys.mod.media.stdio.obj
 0001:00001710       ?generate@RGenerator@stdio@media@modules@UModSys@@UEAA_NAEAU?$TRefObject@UIRefObject@core@UModSys@@U?$TRefObjectFunc@UIRefObject@core@UModSys@@@tl@3@@tl@5@PEBUSUniquePointerInfo@core@5@AEBUSParameters@95@@Z 0000000140002710 f i umodsys_lib_libmedia:umodsys.mod.media.stdio.obj
 0001:00001840       ?get_interface_info@RGenerator@stdio@media@modules@UModSys@@UEBAAEBUSUniquePointerInfo@core@5@XZ 0000000140002840 f i umodsys_lib_libmedia:umodsys.mod.media.stdio.obj
 0001:00001850       ?get_interface_type@RGenerator@stdio@media@modules@UModSys@@UEBAPEBUSUniquePointerInfo@core@5@XZ 0000000140002850 f i umodsys_lib_libmedia:umodsys.mod.media.stdio.obj
 0001:00001860       ?get_other_interface@RGenerator@stdio@media@modules@UModSys@@UEBAPEBUIRoot@core@5@PEBUSUniquePointerInfo@75@@Z 0000000140002860 f i umodsys_lib_libmedia:umodsys.mod.media.stdio.obj
 0001:00001860       ?get_other_interface@RGenerator@stdio@media@modules@UModSys@@UEAAPEAUIRoot@core@5@PEBUSUniquePointerInfo@75@@Z 0000000140002860 f i umodsys_lib_libmedia:umodsys.mod.media.stdio.obj
 0001:000018a0       ?suicide@RGenerator@stdio@media@modules@UModSys@@UEAAXXZ 00000001400028a0 f i umodsys_lib_libmedia:umodsys.mod.media.stdio.obj
 0001:000018b0       ?get_uid@RGenerator@stdio@media@modules@UModSys@@UEBAPEBUSUniquePointerInfo@core@5@XZ 00000001400028b0 f i umodsys_lib_libmedia:umodsys.mod.media.stdio.obj
 0001:000018c0       ?do_open@RModuleReg@stdio@media@modules@UModSys@@UEAA_NXZ 00000001400028c0 f i umodsys_lib_libmedia:umodsys.mod.media.stdio.obj
 0001:000018d0       ?do_close@RModuleReg@stdio@media@modules@UModSys@@UEAA_NXZ 00000001400028d0 f i umodsys_lib_libmedia:umodsys.mod.media.stdio.obj
 0001:000018e0       ??_GRModuleReg@stdio@media@modules@UModSys@@UEAAPEAXI@Z 00000001400028e0 f i umodsys_lib_libmedia:umodsys.mod.media.stdio.obj
 0001:000018e0       ??_ERModuleReg@stdio@media@modules@UModSys@@UEAAPEAXI@Z 00000001400028e0 f i  CIL library: CIL module
 0001:00001910       ??_ERGenerator@stdio@media@modules@UModSys@@UEAAPEAXI@Z 0000000140002910 f i  CIL library: CIL module
 0001:00001910       ??_GIRefObject@core@UModSys@@UEAAPEAXI@Z 0000000140002910 f i umodsys_lib_libmedia:umodsys.mod.media.stdio.obj
 0001:00001910       ??_GRGenerator@stdio@media@modules@UModSys@@UEAAPEAXI@Z 0000000140002910 f i umodsys_lib_libmedia:umodsys.mod.media.stdio.obj
 0001:00001910       ??_EIRefObject@core@UModSys@@UEAAPEAXI@Z 0000000140002910 f i  CIL library: CIL module
 0001:00001940       ?info_new@?$TSCoreShared@USIMemAlloc@core@UModSys@@D@su@tl@UModSys@@QEAA_NPEBD_K@Z 0000000140002940 f i umodsys_lib_libmedia:umodsys.mod.media.stdio.obj
 0001:00001a00       ??$ValidateConstruction@UIRefObject@core@UModSys@@URStreamWriter_FILE@stdio@media@modules@3@@core@UModSys@@YA_NAEAU?$TRefObject@UIRefObject@core@UModSys@@U?$TRefObjectFunc@UIRefObject@core@UModSys@@@tl@3@@tl@1@PEAURStreamWriter_FILE@stdio@media@modules@1@@Z 0000000140002a00 f i umodsys_lib_libmedia:umodsys.mod.media.stdio.obj
 0001:00001a00       ??$ValidateConstruction@UIStreamWriter@libmedia@UModSys@@URStreamWriter_FILE@stdio@media@modules@3@@core@UModSys@@YA_NAEAU?$TRefObject@UIStreamWriter@libmedia@UModSys@@U?$TRefObjectFunc@UIStreamWriter@libmedia@UModSys@@@tl@3@@tl@1@PEAURStreamWriter_FILE@stdio@media@modules@1@@Z 0000000140002a00 f i umodsys_lib_libmedia:umodsys.mod.media.stdio.obj
 0001:00001a80       ??1?$TRefObject@UIModObject@base@UModSys@@U?$TModObjectFunc@UIModObject@base@UModSys@@@tl@3@@tl@UModSys@@QEAA@XZ 0000000140002a80 f i umodsys_lib_libmedia:umodsys.mod.media.stdio.obj
 0001:00001ab0       ??$ValidateConstruction@UIStreamReader@libmedia@UModSys@@URStreamReader_FILE@stdio@media@modules@3@@core@UModSys@@YA_NAEAU?$TRefObject@UIStreamReader@libmedia@UModSys@@U?$TRefObjectFunc@UIStreamReader@libmedia@UModSys@@@tl@3@@tl@1@PEAURStreamReader_FILE@stdio@media@modules@1@@Z 0000000140002ab0 f i umodsys_lib_libmedia:umodsys.mod.media.stdio.obj
 0001:00001ab0       ??$ValidateConstruction@UIRefObject@core@UModSys@@URStreamReader_FILE@stdio@media@modules@3@@core@UModSys@@YA_NAEAU?$TRefObject@UIRefObject@core@UModSys@@U?$TRefObjectFunc@UIRefObject@core@UModSys@@@tl@3@@tl@1@PEAURStreamReader_FILE@stdio@media@modules@1@@Z 0000000140002ab0 f i umodsys_lib_libmedia:umodsys.mod.media.stdio.obj
 0001:00001b30       ??$ValidateConstruction@UIRefObject@core@UModSys@@URDataArchiver_OsDir@stdio@media@modules@3@@core@UModSys@@YA_NAEAU?$TRefObject@UIRefObject@core@UModSys@@U?$TRefObjectFunc@UIRefObject@core@UModSys@@@tl@3@@tl@1@PEAURDataArchiver_OsDir@stdio@media@modules@1@@Z 0000000140002b30 f i umodsys_lib_libmedia:umodsys.mod.media.stdio.obj
 0001:00001ba0       ?s_set@?$TRefObjectFunc@UIRefObject@core@UModSys@@@tl@UModSys@@SAXAEAPEAUIRefObject@core@3@PEAU453@@Z 0000000140002ba0 f i umodsys_lib_libmedia:umodsys.mod.media.stdio.obj
 0001:00001be0       ??$safe_snprintf@D@syshlp@core@UModSys@@YA_KPEAD_KPEBDZZ 0000000140002be0 f i umodsys_lib_libmedia:umodsys.lib.media.common.obj
 0001:00001c00       ?get_interface_info@RConsole_std@rsystem@base@UModSys@@UEBAAEBUSUniquePointerInfo@core@4@XZ 0000000140002c00 f i umodsys_lib_basesys:umodsys.basesys.rconsole_std.obj
 0001:00001c10       ?get_interface_type@RConsole_std@rsystem@base@UModSys@@UEBAPEBUSUniquePointerInfo@core@4@XZ 0000000140002c10 f i umodsys_lib_basesys:umodsys.basesys.rconsole_std.obj
 0001:00001c20       ?get_other_interface@RConsole_std@rsystem@base@UModSys@@UEAAPEAUIRoot@core@4@PEBUSUniquePointerInfo@64@@Z 0000000140002c20 f i umodsys_lib_basesys:umodsys.basesys.rconsole_std.obj
 0001:00001c20       ?get_other_interface@RConsole_std@rsystem@base@UModSys@@UEBAPEBUIRoot@core@4@PEBUSUniquePointerInfo@64@@Z 0000000140002c20 f i umodsys_lib_basesys:umodsys.basesys.rconsole_std.obj
 0001:00001c50       ??_ERConsole_std@rsystem@base@UModSys@@UEAAPEAXI@Z 0000000140002c50 f i  CIL library: CIL module
 0001:00001c50       ??_GRConsole_std@rsystem@base@UModSys@@UEAAPEAXI@Z 0000000140002c50 f i umodsys_lib_basesys:umodsys.basesys.rconsole_std.obj
 0001:00001c80       ??_GIConsole@base@UModSys@@UEAAPEAXI@Z 0000000140002c80 f i umodsys_lib_basesys:umodsys.basesys.rconsole_std.obj
 0001:00001c80       ??_EIConsole@base@UModSys@@UEAAPEAXI@Z 0000000140002c80 f i  CIL library: CIL module
 0001:00001cb0       ?decode_error@EExceptionBase@core@UModSys@@UEBAHPEAD_K@Z 0000000140002cb0 f i umodsys_lib_basesys:umodsys.basesys.rsystem_main.obj
 0001:00001cf0       ?decode_error@EFatal@core@UModSys@@UEBAHPEAD_K@Z 0000000140002cf0 f i umodsys_lib_basesys:umodsys.basesys.rsystem_main.obj
 0001:00001d30       ?decode_error@EWarning@core@UModSys@@UEBAHPEAD_K@Z 0000000140002d30 f i umodsys_lib_basesys:umodsys.basesys.rsystem_main.obj
 0001:00001d70       ??_EEFatal@core@UModSys@@UEAAPEAXI@Z 0000000140002d70 f i  CIL library: CIL module
 0001:00001d70       ??_GEExceptionBase@core@UModSys@@UEAAPEAXI@Z 0000000140002d70 f i umodsys_lib_basesys:umodsys.basesys.rsystem_main.obj
 0001:00001d70       ??_GEFatal@core@UModSys@@UEAAPEAXI@Z 0000000140002d70 f i umodsys_lib_basesys:umodsys.basesys.rsystem_main.obj
 0001:00001d70       ??_EEExceptionBase@core@UModSys@@UEAAPEAXI@Z 0000000140002d70 f i  CIL library: CIL module
 0001:00001d70       ??_GEWarning@core@UModSys@@UEAAPEAXI@Z 0000000140002d70 f i umodsys_lib_basesys:umodsys.basesys.rsystem_main.obj
 0001:00001d70       ??_EEWarning@core@UModSys@@UEAAPEAXI@Z 0000000140002d70 f i  CIL library: CIL module
 0001:00001da0       ??1EFatal@core@UModSys@@UEAA@XZ 0000000140002da0 f i umodsys_lib_basesys:umodsys.basesys.rsystem_main.obj
 0001:00001da0       ??1EWarning@core@UModSys@@UEAA@XZ 0000000140002da0 f i umodsys_lib_basesys:umodsys.basesys.rsystem_main.obj
 0001:00001db0       ?get_interface_info@ISystem@base@UModSys@@UEBAAEBUSUniquePointerInfo@core@3@XZ 0000000140002db0 f i umodsys_lib_basesys:umodsys.basesys.rsystem_main.obj
 0001:00001dc0       ?get_interface_type@ISystem@base@UModSys@@UEBAPEBUSUniquePointerInfo@core@3@XZ 0000000140002dc0 f i umodsys_lib_basesys:umodsys.basesys.rsystem_main.obj
 0001:00001dd0       ?get_other_interface@ISystem@base@UModSys@@UEBAPEBUIRoot@core@3@PEBUSUniquePointerInfo@53@@Z 0000000140002dd0 f i umodsys_lib_basesys:umodsys.basesys.rsystem_main.obj
 0001:00001dd0       ?get_other_interface@ISystem@base@UModSys@@UEAAPEAUIRoot@core@3@PEBUSUniquePointerInfo@53@@Z 0000000140002dd0 f i umodsys_lib_basesys:umodsys.basesys.rsystem_main.obj
 0001:00001df0       ?get_interface_info@RSystem@rsystem@base@UModSys@@UEBAAEBUSUniquePointerInfo@core@4@XZ 0000000140002df0 f i umodsys_lib_basesys:umodsys.basesys.rsystem_main.obj
 0001:00001e00       ?get_interface_type@RSystem@rsystem@base@UModSys@@UEBAPEBUSUniquePointerInfo@core@4@XZ 0000000140002e00 f i umodsys_lib_basesys:umodsys.basesys.rsystem_main.obj
 0001:00001e10       ?get_other_interface@RSystem@rsystem@base@UModSys@@UEBAPEBUIRoot@core@4@PEBUSUniquePointerInfo@64@@Z 0000000140002e10 f i umodsys_lib_basesys:umodsys.basesys.rsystem_main.obj
 0001:00001e10       ?get_other_interface@RSystem@rsystem@base@UModSys@@UEAAPEAUIRoot@core@4@PEBUSUniquePointerInfo@64@@Z 0000000140002e10 f i umodsys_lib_basesys:umodsys.basesys.rsystem_main.obj
 0001:00001e30       ??_ERSystem@rsystem@base@UModSys@@UEAAPEAXI@Z 0000000140002e30 f i  CIL library: CIL module
 0001:00001e30       ??_GRSystem@rsystem@base@UModSys@@UEAAPEAXI@Z 0000000140002e30 f i umodsys_lib_basesys:umodsys.basesys.rsystem_main.obj
 0001:00001e60       ??_GISystem@base@UModSys@@UEAAPEAXI@Z 0000000140002e60 f i umodsys_lib_basesys:umodsys.basesys.rsystem_main.obj
 0001:00001e60       ??_EISystem@base@UModSys@@UEAAPEAXI@Z 0000000140002e60 f i  CIL library: CIL module
 0001:00001e90       ??1?$TStaticStringPool@DU?$TComparerBinaryHash@D@su@tl@UModSys@@USMemAlloc_Malloc@core@4@@tl@UModSys@@QEAA@XZ 0000000140002e90 f i umodsys_lib_basesys:umodsys.basesys.rsystem_main.obj
 0001:00001ea0       ??1?$TQuantArrayUnique@USUniquePointerInfo@core@UModSys@@$0BAA@USMemAlloc_Malloc@23@@tl@UModSys@@QEAA@XZ 0000000140002ea0 f i umodsys_lib_basesys:umodsys.basesys.rsystem_main.obj
 0001:00001ef0       ??1?$TTreeHoldRBD@U?$TQuantArrayNode@USSourceContext@core@UModSys@@$0BAA@@tl@UModSys@@U?$TNodeDeleter@U?$TQuantArrayNode@USSourceContext@core@UModSys@@$0BAA@@tl@UModSys@@USMemAlloc_Malloc@core@3@@23@@tl@UModSys@@QEAA@XZ 0000000140002ef0 f i umodsys_lib_basesys:umodsys.basesys.rsystem_main.obj
 0001:00001ef0       ??1?$TTreeHoldRBD@U?$TQuantArrayNode@USUniquePointerInfo@core@UModSys@@$0BAA@@tl@UModSys@@U?$TNodeDeleter@U?$TQuantArrayNode@USUniquePointerInfo@core@UModSys@@$0BAA@@tl@UModSys@@USMemAlloc_Malloc@core@3@@23@@tl@UModSys@@QEAA@XZ 0000000140002ef0 f i umodsys_lib_basesys:umodsys.basesys.rsystem_main.obj
 0001:00001f10       ??0?$TRMemAlloc_CC@U?$TMemAllocHeader@USMagic@mem_headers@rsystem@base@UModSys@@U?$TPool@X@2345@USDebug@2345@UVoid@core@5@U895@@rsystem@base@UModSys@@USMemAlloc_Malloc@core@4@@rsystem@base@UModSys@@QEAA@PEAUIExceptionHandler@core@3@@Z 0000000140002f10 f i umodsys_lib_basesys:umodsys.basesys.rsystem_main.obj
 0001:00001f40       ??1?$TRMemAlloc_CC@U?$TMemAllocHeader@USMagic@mem_headers@rsystem@base@UModSys@@U?$TPool@X@2345@USDebug@2345@UVoid@core@5@U895@@rsystem@base@UModSys@@USMemAlloc_Malloc@core@4@@rsystem@base@UModSys@@QEAA@XZ 0000000140002f40 f i umodsys_lib_basesys:umodsys.basesys.rsystem_main.obj
 0001:00001f50       ?mem_alloc@?$TRMemAlloc_CC@U?$TMemAllocHeader@USMagic@mem_headers@rsystem@base@UModSys@@U?$TPool@X@2345@USDebug@2345@UVoid@core@5@U895@@rsystem@base@UModSys@@USMemAlloc_Malloc@core@4@@rsystem@base@UModSys@@UEAAPEAX_KPEBUSSourceContext@core@4@@Z 0000000140002f50 f i umodsys_lib_basesys:umodsys.basesys.rsystem_main.obj
 0001:00002000       ?mem_realloc@?$TRMemAlloc_CC@U?$TMemAllocHeader@USMagic@mem_headers@rsystem@base@UModSys@@U?$TPool@X@2345@USDebug@2345@UVoid@core@5@U895@@rsystem@base@UModSys@@USMemAlloc_Malloc@core@4@@rsystem@base@UModSys@@UEAAPEAXPEAX_KPEBUSSourceContext@core@4@@Z 0000000140003000 f i umodsys_lib_basesys:umodsys.basesys.rsystem_main.obj
 0001:00002290       ?mem_free@?$TRMemAlloc_CC@U?$TMemAllocHeader@USMagic@mem_headers@rsystem@base@UModSys@@U?$TPool@X@2345@USDebug@2345@UVoid@core@5@U895@@rsystem@base@UModSys@@USMemAlloc_Malloc@core@4@@rsystem@base@UModSys@@UEAAXPEAXPEBUSSourceContext@core@4@@Z 0000000140003290 f i umodsys_lib_basesys:umodsys.basesys.rsystem_main.obj
 0001:00002390       ?free@?$TStaticStringPool@DU?$TComparerBinaryHash@D@su@tl@UModSys@@USMemAlloc_Malloc@core@4@@tl@UModSys@@QEAAXXZ 0000000140003390 f i umodsys_lib_basesys:umodsys.basesys.rsystem_main.obj
 0001:000023f0       ??$process_nodes@U?$TNodeDeleter@U?$TQuantArrayNode@USSourceContext@core@UModSys@@$0BAA@@tl@UModSys@@USMemAlloc_Malloc@core@3@@tl@UModSys@@@?$TTreeHoldRB@U?$TQuantArrayNode@USSourceContext@core@UModSys@@$0BAA@@tl@UModSys@@@tl@UModSys@@QEAAHAEBU?$TNodeDeleter@U?$TQuantArrayNode@USSourceContext@core@UModSys@@$0BAA@@tl@UModSys@@USMemAlloc_Malloc@core@3@@12@@Z 00000001400033f0 f i umodsys_lib_basesys:umodsys.basesys.rsystem_main.obj
 0001:000023f0       ??$process_nodes@U?$TNodeDeleter@U?$TQuantArrayNode@USUniquePointerInfo@core@UModSys@@$0BAA@@tl@UModSys@@USMemAlloc_Malloc@core@3@@tl@UModSys@@@?$TTreeHoldRB@U?$TQuantArrayNode@USUniquePointerInfo@core@UModSys@@$0BAA@@tl@UModSys@@@tl@UModSys@@QEAAHAEBU?$TNodeDeleter@U?$TQuantArrayNode@USUniquePointerInfo@core@UModSys@@$0BAA@@tl@UModSys@@USMemAlloc_Malloc@core@3@@12@@Z 00000001400033f0 f i umodsys_lib_basesys:umodsys.basesys.rsystem_main.obj
 0001:00002470       ?persist_ctx@?$TRMemAlloc_CC@U?$TMemAllocHeader@USMagic@mem_headers@rsystem@base@UModSys@@U?$TPool@X@2345@USDebug@2345@UVoid@core@5@U895@@rsystem@base@UModSys@@USMemAlloc_Malloc@core@4@@rsystem@base@UModSys@@QEAAPEBUSSourceContext@core@4@PEBU564@@Z 0000000140003470 f i umodsys_lib_basesys:umodsys.basesys.rsystem_main.obj
 0001:00002480       ??$process@UEFatal@core@UModSys@@@IExceptionHandler@core@UModSys@@QEAAXAEBUEFatal@12@@Z 0000000140003480 f i umodsys_lib_basesys:umodsys.basesys.rsystem_main.obj
 0001:000024f0       ??$process_nodes_r@U?$TNodeDeleter@U?$TQuantArrayNode@USUniquePointerInfo@core@UModSys@@$0BAA@@tl@UModSys@@USMemAlloc_Malloc@core@3@@tl@UModSys@@@?$TTreeHoldRB@U?$TQuantArrayNode@USUniquePointerInfo@core@UModSys@@$0BAA@@tl@UModSys@@@tl@UModSys@@KAHPEAU?$TQuantArrayNode@USUniquePointerInfo@core@UModSys@@$0BAA@@12@AEBU?$TNodeDeleter@U?$TQuantArrayNode@USUniquePointerInfo@core@UModSys@@$0BAA@@tl@UModSys@@USMemAlloc_Malloc@core@3@@12@@Z 00000001400034f0 f i umodsys_lib_basesys:umodsys.basesys.rsystem_main.obj
 0001:000024f0       ??$process_nodes_r@U?$TNodeDeleter@U?$TQuantArrayNode@USSourceContext@core@UModSys@@$0BAA@@tl@UModSys@@USMemAlloc_Malloc@core@3@@tl@UModSys@@@?$TTreeHoldRB@U?$TQuantArrayNode@USSourceContext@core@UModSys@@$0BAA@@tl@UModSys@@@tl@UModSys@@KAHPEAU?$TQuantArrayNode@USSourceContext@core@UModSys@@$0BAA@@12@AEBU?$TNodeDeleter@U?$TQuantArrayNode@USSourceContext@core@UModSys@@$0BAA@@tl@UModSys@@USMemAlloc_Malloc@core@3@@12@@Z 00000001400034f0 f i umodsys_lib_basesys:umodsys.basesys.rsystem_main.obj
 0001:00002560       ??0EFatal@core@UModSys@@QEAA@AEBU012@@Z 0000000140003560 f i umodsys_lib_basesys:umodsys.basesys.rsystem_main.obj
 0001:000025a0       ??0EExceptionBase@core@UModSys@@QEAA@AEBU012@@Z 00000001400035a0 f i umodsys_lib_basesys:umodsys.basesys.rsystem_main.obj
 0001:000025e0       ??0EWarning@core@UModSys@@QEAA@AEBU012@@Z 00000001400035e0 f i umodsys_lib_basesys:umodsys.basesys.rsystem_main.obj
 0001:00002620       ??1?$TParametersA@$0EAA@@core@UModSys@@QEAA@XZ 0000000140003620 f i umodsys_lib_basesys:umodsys.basesys.rsystem_tests.obj
 0001:00002640       ??_GRModuleLoader@rsystem@base@UModSys@@UEAAPEAXI@Z 0000000140003640 f i umodsys_lib_basesys:umodsys.basesys.rmoduleloader.obj
 0001:00002640       ??_ERModuleLoader@rsystem@base@UModSys@@UEAAPEAXI@Z 0000000140003640 f i  CIL library: CIL module
 0001:00002670       ??_GIModuleLoader@base@UModSys@@UEAAPEAXI@Z 0000000140003670 f i umodsys_lib_basesys:umodsys.basesys.rmoduleloader.obj
 0001:00002670       ??_EIModuleLoader@base@UModSys@@UEAAPEAXI@Z 0000000140003670 f i  CIL library: CIL module
 0001:000026a0       ??1?$TDynarrayDynamic@U?$TRefObject@URModuleLibrarySO@rsystem@base@UModSys@@U?$TRefObjectFunc@URModuleLibrarySO@rsystem@base@UModSys@@@tl@4@@tl@UModSys@@U?$TAllocator@USMemAlloc_Malloc@core@UModSys@@USCountCalcPower2@23@@23@@tl@UModSys@@QEAA@XZ 00000001400036a0 f i umodsys_lib_basesys:umodsys.basesys.rmoduleloader.obj
 0001:00002700       ?append@?$TStaticStringPool@DU?$TComparerBinaryHash@D@su@tl@UModSys@@USMemAlloc_Malloc@core@4@@tl@UModSys@@QEAAPEBU?$TString@U?$TSCoreConst@D@su@tl@UModSys@@U?$TComparerBinaryHash@D@234@@23@PEBD_K@Z 0000000140003700 f i umodsys_lib_basesys:umodsys.basesys.rmoduleloader.obj
 0001:00002980       ?ResizeRel@?$TDynarray@U?$TDynarrayHolderDynamic@U?$TRefObject@URModuleLibrarySO@rsystem@base@UModSys@@U?$TRefObjectFunc@URModuleLibrarySO@rsystem@base@UModSys@@@tl@4@@tl@UModSys@@U?$TAllocator@USMemAlloc_Malloc@core@UModSys@@USCountCalcPower2@23@@23@@tl@UModSys@@@tl@UModSys@@QEAA_N_J@Z 0000000140003980 f i umodsys_lib_basesys:umodsys.basesys.rmoduleloader.obj
 0001:00002a30       ?ReLink@?$TDynarray@U?$TDynarrayHolderDynamic@U?$TRefObject@URModuleLibrarySO@rsystem@base@UModSys@@U?$TRefObjectFunc@URModuleLibrarySO@rsystem@base@UModSys@@@tl@4@@tl@UModSys@@U?$TAllocator@USMemAlloc_Malloc@core@UModSys@@USCountCalcPower2@23@@23@@tl@UModSys@@@tl@UModSys@@IEAA_N_K@Z 0000000140003a30 f i umodsys_lib_basesys:umodsys.basesys.rmoduleloader.obj
 0001:00002a30       ?ReLink@?$TDynarray@U?$TDynarrayHolderDynamic@U?$TRefObject@URModule@rsystem@base@UModSys@@U?$TRefObjectFunc@URModule@rsystem@base@UModSys@@@tl@4@@tl@UModSys@@U?$TAllocator@USMemAlloc_Malloc@core@UModSys@@USCountCalcPower2@23@@23@@tl@UModSys@@@tl@UModSys@@IEAA_N_K@Z 0000000140003a30 f i umodsys_lib_basesys:umodsys.basesys.rmodulelib.obj
 0001:00002aa0       ?items_destruct@?$TDynarray@U?$TDynarrayHolderDynamic@U?$TRefObject@URModuleLibrarySO@rsystem@base@UModSys@@U?$TRefObjectFunc@URModuleLibrarySO@rsystem@base@UModSys@@@tl@4@@tl@UModSys@@U?$TAllocator@USMemAlloc_Malloc@core@UModSys@@USCountCalcPower2@23@@23@@tl@UModSys@@@tl@UModSys@@IEAAX_K0@Z 0000000140003aa0 f i umodsys_lib_basesys:umodsys.basesys.rmoduleloader.obj
 0001:00002b10       ??1?$TRefObject@URDataArchiver_OsDir@stdio@media@modules@UModSys@@U?$TRefObjectFunc@URDataArchiver_OsDir@stdio@media@modules@UModSys@@@tl@5@@tl@UModSys@@QEAA@XZ 0000000140003b10 f i umodsys_lib_libmedia:umodsys.mod.media.stdio.obj
 0001:00002b10       ??1?$TRefObject@URStreamReader_FILE@stdio@media@modules@UModSys@@U?$TRefObjectFunc@URStreamReader_FILE@stdio@media@modules@UModSys@@@tl@5@@tl@UModSys@@QEAA@XZ 0000000140003b10 f i umodsys_lib_libmedia:umodsys.mod.media.stdio.obj
 0001:00002b10       ??1?$TRefObject@URParameters@rsystem@base@UModSys@@U?$TRefObjectFunc@URParameters@rsystem@base@UModSys@@@tl@4@@tl@UModSys@@QEAA@XZ 0000000140003b10 f i umodsys_lib_basesys:umodsys.basesys.rsystem_main.obj
 0001:00002b10       ??1?$TRefObject@UIModuleLibraryUni@rsystem@base@UModSys@@U?$TRefObjectFunc@UIModuleLibraryUni@rsystem@base@UModSys@@@tl@4@@tl@UModSys@@QEAA@XZ 0000000140003b10 f i umodsys_lib_basesys:umodsys.basesys.rmodule.obj
 0001:00002b10       ??1?$TRefObject@UIShell@base@UModSys@@U?$TRefObjectFunc@UIShell@base@UModSys@@@tl@3@@tl@UModSys@@QEAA@XZ 0000000140003b10 f i umodsys_lib_basesys:umodsys.basesys.rsystem_tests.obj
 0001:00002b10       ??1?$TRefObject@URModuleLibrarySO@rsystem@base@UModSys@@U?$TRefObjectFunc@URModuleLibrarySO@rsystem@base@UModSys@@@tl@4@@tl@UModSys@@QEAA@XZ 0000000140003b10 f i umodsys_lib_basesys:umodsys.basesys.rmoduleloader.obj
 0001:00002b10       ??1?$TRefObject@UIStreamReader@libmedia@UModSys@@U?$TRefObjectFunc@UIStreamReader@libmedia@UModSys@@@tl@3@@tl@UModSys@@QEAA@XZ 0000000140003b10 f i umodsys_lib_libmedia:umodsys.mod.media.stdio.obj
 0001:00002b10       ??1?$TRefObject@URStreamWriter_FILE@stdio@media@modules@UModSys@@U?$TRefObjectFunc@URStreamWriter_FILE@stdio@media@modules@UModSys@@@tl@5@@tl@UModSys@@QEAA@XZ 0000000140003b10 f i umodsys_lib_libmedia:umodsys.mod.media.stdio.obj
 0001:00002b10       ??1?$TRefObject@UIStreamWriter@libmedia@UModSys@@U?$TRefObjectFunc@UIStreamWriter@libmedia@UModSys@@@tl@3@@tl@UModSys@@QEAA@XZ 0000000140003b10 f i umodsys_lib_libmedia:umodsys.mod.media.stdio.obj
 0001:00002b10       ??1?$TRefObject@UIRefObject@core@UModSys@@U?$TRefObjectFunc@UIRefObject@core@UModSys@@@tl@3@@tl@UModSys@@QEAA@XZ 0000000140003b10 f i umodsys_lib_basesys:umodsys.basesys.rsystem_tests.obj
 0001:00002b40       ?find_s@?$TStaticStringPool@DU?$TComparerBinaryHash@D@su@tl@UModSys@@USMemAlloc_Malloc@core@4@@tl@UModSys@@QEBAPEBU?$TString@U?$TSCoreConst@D@su@tl@UModSys@@U?$TComparerBinaryHash@D@234@@23@AEBU423@@Z 0000000140003b40 f i umodsys_lib_basesys:umodsys.basesys.rmoduleloader.obj
 0001:00002be0       ?get_interface_info@RModuleLibraryThis@rsystem@base@UModSys@@UEBAAEBUSUniquePointerInfo@core@4@XZ 0000000140003be0 f i umodsys_lib_basesys:umodsys.basesys.rmodulelibthis.obj
 0001:00002bf0       ?get_interface_type@RModuleLibraryThis@rsystem@base@UModSys@@UEBAPEBUSUniquePointerInfo@core@4@XZ 0000000140003bf0 f i umodsys_lib_basesys:umodsys.basesys.rmodulelibthis.obj
 0001:00002c00       ?get_other_interface@RModuleLibraryThis@rsystem@base@UModSys@@UEBAPEBUIRoot@core@4@PEBUSUniquePointerInfo@64@@Z 0000000140003c00 f i umodsys_lib_basesys:umodsys.basesys.rmodulelibthis.obj
 0001:00002c00       ?get_other_interface@RModuleLibraryThis@rsystem@base@UModSys@@UEAAPEAUIRoot@core@4@PEBUSUniquePointerInfo@64@@Z 0000000140003c00 f i umodsys_lib_basesys:umodsys.basesys.rmodulelibthis.obj
 0001:00002c40       ?ref_add@RModuleLibraryThis@rsystem@base@UModSys@@UEBAXXZ 0000000140003c40 f i umodsys_lib_basesys:umodsys.basesys.rmodulelibthis.obj
 0001:00002c50       ?ref_remove@RModuleLibraryThis@rsystem@base@UModSys@@UEBAXXZ 0000000140003c50 f i umodsys_lib_basesys:umodsys.basesys.rmodulelibthis.obj
 0001:00002c70       ?ref_links@RModuleLibraryThis@rsystem@base@UModSys@@UEBAHXZ 0000000140003c70 f i umodsys_lib_basesys:umodsys.basesys.rmodulelibthis.obj
 0001:00002c80       ?ref_weak@RModuleLibraryThis@rsystem@base@UModSys@@UEBA_NAEAUWeakPointer@IRefObject@core@4@@Z 0000000140003c80 f i umodsys_lib_basesys:umodsys.basesys.rmodulelibthis.obj
 0001:00002cb0       ??_GRModuleLibraryThis@rsystem@base@UModSys@@UEAAPEAXI@Z 0000000140003cb0 f i umodsys_lib_basesys:umodsys.basesys.rmodulelibthis.obj
 0001:00002cb0       ??_ERModuleLibraryThis@rsystem@base@UModSys@@UEAAPEAXI@Z 0000000140003cb0 f i  CIL library: CIL module
 0001:00002ce0       ??_EIModuleLibraryUni@rsystem@base@UModSys@@UEAAPEAXI@Z 0000000140003ce0 f i  CIL library: CIL module
 0001:00002ce0       ??_GIModuleLibraryUni@rsystem@base@UModSys@@UEAAPEAXI@Z 0000000140003ce0 f i umodsys_lib_basesys:umodsys.basesys.rmodulelib.obj
 0001:00002d10       ??_GIModuleLibrary@base@UModSys@@UEAAPEAXI@Z 0000000140003d10 f i umodsys_lib_basesys:umodsys.basesys.rmodulelib.obj
 0001:00002d10       ??_EIModuleLibrary@base@UModSys@@UEAAPEAXI@Z 0000000140003d10 f i  CIL library: CIL module
 0001:00002d40       ?ResizeRel@?$TDynarray@U?$TDynarrayHolderDynamic@U?$TRefObject@URModule@rsystem@base@UModSys@@U?$TRefObjectFunc@URModule@rsystem@base@UModSys@@@tl@4@@tl@UModSys@@U?$TAllocator@USMemAlloc_Malloc@core@UModSys@@USCountCalcPower2@23@@23@@tl@UModSys@@@tl@UModSys@@QEAA_N_J@Z 0000000140003d40 f i umodsys_lib_basesys:umodsys.basesys.rmodulelib.obj
 0001:00002e40       ?check_leaks@?$TRMemAlloc_CC@U?$TMemAllocHeader@USMagic@mem_headers@rsystem@base@UModSys@@U?$TPool@X@2345@USDebug@2345@UVoid@core@5@U895@@rsystem@base@UModSys@@USMemAlloc_Malloc@core@4@@rsystem@base@UModSys@@QEAA_K_NPEAUIExceptionHandler@core@4@@Z 0000000140003e40 f i umodsys_lib_basesys:umodsys.basesys.rmodulelib.obj
 0001:00002f00       ?add@?$TQuantArrayUnique@USSourceContext@core@UModSys@@$0BAA@USMemAlloc_Malloc@23@@tl@UModSys@@QEAAPEAUSSourceContext@core@3@AEBU453@@Z 0000000140003f00 f i umodsys_lib_basesys:umodsys.basesys.rsystem.obj
 0001:00002f00       ?add@?$TQuantArrayUnique@USUniquePointerInfo@core@UModSys@@$0BAA@USMemAlloc_Malloc@23@@tl@UModSys@@QEAAPEAUSUniquePointerInfo@core@3@AEBU453@@Z 0000000140003f00 f i umodsys_lib_basesys:umodsys.basesys.rsystem.obj
 0001:00003090       ?find@?$TQuantArrayUnique@USUniquePointerInfo@core@UModSys@@$0BAA@USMemAlloc_Malloc@23@@tl@UModSys@@QEAAPEBUSUniquePointerInfo@core@3@AEBU453@@Z 0000000140004090 f i umodsys_lib_basesys:umodsys.basesys.rsystem.obj
 0001:00003090       ?find@?$TQuantArrayUnique@USSourceContext@core@UModSys@@$0BAA@USMemAlloc_Malloc@23@@tl@UModSys@@QEAAPEBUSSourceContext@core@3@AEBU453@@Z 0000000140004090 f i umodsys_lib_basesys:umodsys.basesys.rsystem.obj
 0001:000031c0       ?s_last@?$TQuantArrayUnique@USUniquePointerInfo@core@UModSys@@$0BAA@USMemAlloc_Malloc@23@@tl@UModSys@@KAHPEBU?$TQuantArrayNode@USUniquePointerInfo@core@UModSys@@$0BAA@@23@0@Z 00000001400041c0 f i umodsys_lib_basesys:umodsys.basesys.rsystem.obj
 0001:000031c0       ?s_last@?$TQuantArrayUnique@USSourceContext@core@UModSys@@$0BAA@USMemAlloc_Malloc@23@@tl@UModSys@@KAHPEBU?$TQuantArrayNode@USSourceContext@core@UModSys@@$0BAA@@23@0@Z 00000001400041c0 f i umodsys_lib_basesys:umodsys.basesys.rsystem.obj
 0001:000031d0       ??$insert_node_m@P6AHPEBU?$TQuantArrayNode@USSourceContext@core@UModSys@@$0BAA@@tl@UModSys@@0@Z@?$TTreeHoldRB@U?$TQuantArrayNode@USSourceContext@core@UModSys@@$0BAA@@tl@UModSys@@@tl@UModSys@@QEAAPEAU?$TQuantArrayNode@USSourceContext@core@UModSys@@$0BAA@@12@PEAU312@P6AHPEBU312@1@Z@Z 00000001400041d0 f i umodsys_lib_basesys:umodsys.basesys.rsystem.obj
 0001:000031d0       ??$insert_node_m@P6AHPEBU?$TQuantArrayNode@USUniquePointerInfo@core@UModSys@@$0BAA@@tl@UModSys@@0@Z@?$TTreeHoldRB@U?$TQuantArrayNode@USUniquePointerInfo@core@UModSys@@$0BAA@@tl@UModSys@@@tl@UModSys@@QEAAPEAU?$TQuantArrayNode@USUniquePointerInfo@core@UModSys@@$0BAA@@12@PEAU312@P6AHPEBU312@1@Z@Z 00000001400041d0 f i umodsys_lib_basesys:umodsys.basesys.rsystem.obj
 0001:00003280       ?insert_color@?$TTreeHoldRB@U?$TQuantArrayNode@USUniquePointerInfo@core@UModSys@@$0BAA@@tl@UModSys@@@tl@UModSys@@IEAAXPEAU?$TQuantArrayNode@USUniquePointerInfo@core@UModSys@@$0BAA@@23@@Z 0000000140004280 f i umodsys_lib_basesys:umodsys.basesys.rsystem.obj
 0001:00003280       ?insert_color@?$TTreeHoldRB@U?$TQuantArrayNode@USSourceContext@core@UModSys@@$0BAA@@tl@UModSys@@@tl@UModSys@@IEAAXPEAU?$TQuantArrayNode@USSourceContext@core@UModSys@@$0BAA@@23@@Z 0000000140004280 f i umodsys_lib_basesys:umodsys.basesys.rsystem.obj
 0001:00003430       ?get_interface_info@RParameters@rsystem@base@UModSys@@UEBAAEBUSUniquePointerInfo@core@4@XZ 0000000140004430 f i umodsys_lib_basesys:umodsys.basesys.rparameters.obj
 0001:00003440       ?get_interface_type@RParameters@rsystem@base@UModSys@@UEBAPEBUSUniquePointerInfo@core@4@XZ 0000000140004440 f i umodsys_lib_basesys:umodsys.basesys.rparameters.obj
 0001:00003450       ?get_other_interface@RParameters@rsystem@base@UModSys@@UEBAPEBUIRoot@core@4@PEBUSUniquePointerInfo@64@@Z 0000000140004450 f i umodsys_lib_basesys:umodsys.basesys.rparameters.obj
 0001:00003450       ?get_other_interface@RParameters@rsystem@base@UModSys@@UEAAPEAUIRoot@core@4@PEBUSUniquePointerInfo@64@@Z 0000000140004450 f i umodsys_lib_basesys:umodsys.basesys.rparameters.obj
 0001:00003480       ?ref_add@RParameters@rsystem@base@UModSys@@UEBAXXZ 0000000140004480 f i umodsys_lib_basesys:umodsys.basesys.rparameters.obj
 0001:00003490       ?ref_remove@RParameters@rsystem@base@UModSys@@UEBAXXZ 0000000140004490 f i umodsys_lib_basesys:umodsys.basesys.rparameters.obj
 0001:000034b0       ?ref_links@RParameters@rsystem@base@UModSys@@UEBAHXZ 00000001400044b0 f i umodsys_lib_basesys:umodsys.basesys.rparameters.obj
 0001:000034c0       ?ref_weak@RParameters@rsystem@base@UModSys@@UEBA_NAEAUWeakPointer@IRefObject@core@4@@Z 00000001400044c0 f i umodsys_lib_basesys:umodsys.basesys.rparameters.obj
 0001:000034e0       ??_ERParameters@rsystem@base@UModSys@@UEAAPEAXI@Z 00000001400044e0 f i  CIL library: CIL module
 0001:000034e0       ??_GRParameters@rsystem@base@UModSys@@UEAAPEAXI@Z 00000001400044e0 f i umodsys_lib_basesys:umodsys.basesys.rparameters.obj
 0001:00003510       ??$shash@D@su@tl@UModSys@@YAHPEBD@Z 0000000140004510 f i umodsys_lib_basesys:umodsys.basesys.rparameters.obj
 0001:00003540       ?get_interface_info@RModule@rsystem@base@UModSys@@UEBAAEBUSUniquePointerInfo@core@4@XZ 0000000140004540 f i umodsys_lib_basesys:umodsys.basesys.rmodule.obj
 0001:00003550       ?get_interface_type@RModule@rsystem@base@UModSys@@UEBAPEBUSUniquePointerInfo@core@4@XZ 0000000140004550 f i umodsys_lib_basesys:umodsys.basesys.rmodule.obj
 0001:00003560       ?get_other_interface@RModule@rsystem@base@UModSys@@UEAAPEAUIRoot@core@4@PEBUSUniquePointerInfo@64@@Z 0000000140004560 f i umodsys_lib_basesys:umodsys.basesys.rmodule.obj
 0001:00003560       ?get_other_interface@RModule@rsystem@base@UModSys@@UEBAPEBUIRoot@core@4@PEBUSUniquePointerInfo@64@@Z 0000000140004560 f i umodsys_lib_basesys:umodsys.basesys.rmodule.obj
 0001:00003590       ?ref_add@RModule@rsystem@base@UModSys@@UEBAXXZ 0000000140004590 f i umodsys_lib_basesys:umodsys.basesys.rmodule.obj
 0001:000035a0       ?ref_remove@RModule@rsystem@base@UModSys@@UEBAXXZ 00000001400045a0 f i umodsys_lib_basesys:umodsys.basesys.rmodule.obj
 0001:000035c0       ?ref_links@RModule@rsystem@base@UModSys@@UEBAHXZ 00000001400045c0 f i umodsys_lib_basesys:umodsys.basesys.rmodule.obj
 0001:000035d0       ?ref_weak@RModule@rsystem@base@UModSys@@UEBA_NAEAUWeakPointer@IRefObject@core@4@@Z 00000001400045d0 f i umodsys_lib_basesys:umodsys.basesys.rmodule.obj
 0001:00003600       ?suicide@RModule@rsystem@base@UModSys@@UEAAXXZ 0000000140004600 f i umodsys_lib_basesys:umodsys.basesys.rmodule.obj
 0001:00003650       ??_ERModule@rsystem@base@UModSys@@UEAAPEAXI@Z 0000000140004650 f i  CIL library: CIL module
 0001:00003650       ??_GRModule@rsystem@base@UModSys@@UEAAPEAXI@Z 0000000140004650 f i umodsys_lib_basesys:umodsys.basesys.rmodule.obj
 0001:00003680       ??_EIModule@base@UModSys@@UEAAPEAXI@Z 0000000140004680 f i  CIL library: CIL module
 0001:00003680       ??_GIModule@base@UModSys@@UEAAPEAXI@Z 0000000140004680 f i umodsys_lib_basesys:umodsys.basesys.rmodule.obj
 0001:000036b0       ??1?$TDynarrayDynamic@UModuleObjInfo@RModule@rsystem@base@UModSys@@U?$TAllocator@USMemAlloc_Malloc@core@UModSys@@USCountCalcPower2@23@@tl@5@@tl@UModSys@@QEAA@XZ 00000001400046b0 f i umodsys_lib_basesys:umodsys.basesys.rmodule.obj
 0001:00003710       ?Push@?$TDynarray@U?$TDynarrayHolderDynamic@UModuleObjInfo@RModule@rsystem@base@UModSys@@U?$TAllocator@USMemAlloc_Malloc@core@UModSys@@USCountCalcPower2@23@@tl@5@@tl@UModSys@@@tl@UModSys@@QEAA_NXZ 0000000140004710 f i umodsys_lib_basesys:umodsys.basesys.rmodule.obj
 0001:000037d0       ??1?$TDynarrayDynamic@UGeneratedObjInfo@RModule@rsystem@base@UModSys@@U?$TAllocator@USMemAlloc_Malloc@core@UModSys@@USCountCalcPower2@23@@tl@5@@tl@UModSys@@QEAA@XZ 00000001400047d0 f i umodsys_lib_basesys:umodsys.basesys.rmodule.obj
 0001:00003830       ??1?$TDynarrayDynamic@PEBUSUniquePointerInfo@core@UModSys@@U?$TAllocator@USMemAlloc_Malloc@core@UModSys@@USCountCalcPower2@23@@tl@3@@tl@UModSys@@QEAA@XZ 0000000140004830 f i umodsys_lib_basesys:umodsys.basesys.rmodule.obj
 0001:00003890       ?ResizeRel@?$TDynarray@U?$TDynarrayHolderDynamic@UModuleObjInfo@RModule@rsystem@base@UModSys@@U?$TAllocator@USMemAlloc_Malloc@core@UModSys@@USCountCalcPower2@23@@tl@5@@tl@UModSys@@@tl@UModSys@@QEAA_N_J@Z 0000000140004890 f i umodsys_lib_basesys:umodsys.basesys.rmodule.obj
 0001:00003980       ?ResizeRel@?$TDynarray@U?$TDynarrayHolderDynamic@UGeneratedObjInfo@RModule@rsystem@base@UModSys@@U?$TAllocator@USMemAlloc_Malloc@core@UModSys@@USCountCalcPower2@23@@tl@5@@tl@UModSys@@@tl@UModSys@@QEAA_N_J@Z 0000000140004980 f i umodsys_lib_basesys:umodsys.basesys.rmodule.obj
 0001:00003a70       ?ResizeRel@?$TDynarray@U?$TDynarrayHolderDynamic@PEBUSUniquePointerInfo@core@UModSys@@U?$TAllocator@USMemAlloc_Malloc@core@UModSys@@USCountCalcPower2@23@@tl@3@@tl@UModSys@@@tl@UModSys@@QEAA_N_J@Z 0000000140004a70 f i umodsys_lib_basesys:umodsys.basesys.rmodule.obj
 0001:00003b30       ??$wildcmp@D@su@tl@UModSys@@YA_NPEBD0@Z 0000000140004b30 f i umodsys_lib_basesys:umodsys.basesys.rmodule.obj
 0001:00003bd0       ?get_interface_info@RModuleLibrarySO@rsystem@base@UModSys@@UEBAAEBUSUniquePointerInfo@core@4@XZ 0000000140004bd0 f i umodsys_lib_basesys:umodsys.basesys.rmodulelibso.obj
 0001:00003be0       ?get_interface_type@RModuleLibrarySO@rsystem@base@UModSys@@UEBAPEBUSUniquePointerInfo@core@4@XZ 0000000140004be0 f i umodsys_lib_basesys:umodsys.basesys.rmodulelibso.obj
 0001:00003bf0       ?get_other_interface@RModuleLibrarySO@rsystem@base@UModSys@@UEBAPEBUIRoot@core@4@PEBUSUniquePointerInfo@64@@Z 0000000140004bf0 f i umodsys_lib_basesys:umodsys.basesys.rmodulelibso.obj
 0001:00003bf0       ?get_other_interface@RModuleLibrarySO@rsystem@base@UModSys@@UEAAPEAUIRoot@core@4@PEBUSUniquePointerInfo@64@@Z 0000000140004bf0 f i umodsys_lib_basesys:umodsys.basesys.rmodulelibso.obj
 0001:00003c30       ?ref_add@RModuleLibrarySO@rsystem@base@UModSys@@UEBAXXZ 0000000140004c30 f i umodsys_lib_basesys:umodsys.basesys.rmodulelibso.obj
 0001:00003c40       ?ref_remove@RModuleLibrarySO@rsystem@base@UModSys@@UEBAXXZ 0000000140004c40 f i umodsys_lib_basesys:umodsys.basesys.rmodulelibso.obj
 0001:00003c60       ?ref_links@RModuleLibrarySO@rsystem@base@UModSys@@UEBAHXZ 0000000140004c60 f i umodsys_lib_basesys:umodsys.basesys.rmodulelibso.obj
 0001:00003c70       ?ref_weak@RModuleLibrarySO@rsystem@base@UModSys@@UEBA_NAEAUWeakPointer@IRefObject@core@4@@Z 0000000140004c70 f i umodsys_lib_basesys:umodsys.basesys.rmodulelibso.obj
 0001:00003ca0       ?suicide@RModuleLibraryThis@rsystem@base@UModSys@@UEAAXXZ 0000000140004ca0 f i umodsys_lib_basesys:umodsys.basesys.rmodulelibthis.obj
 0001:00003ca0       ?suicide@RParameters@rsystem@base@UModSys@@UEAAXXZ 0000000140004ca0 f i umodsys_lib_basesys:umodsys.basesys.rparameters.obj
 0001:00003ca0       ?suicide@RModuleLibrarySO@rsystem@base@UModSys@@UEAAXXZ 0000000140004ca0 f i umodsys_lib_basesys:umodsys.basesys.rmodulelibso.obj
 0001:00003cc0       ??_ERModuleLibrarySO@rsystem@base@UModSys@@UEAAPEAXI@Z 0000000140004cc0 f i  CIL library: CIL module
 0001:00003cc0       ??_GRModuleLibrarySO@rsystem@base@UModSys@@UEAAPEAXI@Z 0000000140004cc0 f i umodsys_lib_basesys:umodsys.basesys.rmodulelibso.obj
 0001:00003cf0       ?info_new@?$TSCoreShared@USMemAlloc_Malloc@core@UModSys@@D@su@tl@UModSys@@QEAA_NPEBD_K@Z 0000000140004cf0 f i umodsys_lib_basesys:umodsys.basesys.rmodulelibso.obj
 0001:00003da0       ?Push@?$TDynarray@U?$TDynarrayHolderDynamic@U?$TRefObject@URModuleLibrarySO@rsystem@base@UModSys@@U?$TRefObjectFunc@URModuleLibrarySO@rsystem@base@UModSys@@@tl@4@@tl@UModSys@@U?$TAllocator@USMemAlloc_Malloc@core@UModSys@@USCountCalcPower2@23@@23@@tl@UModSys@@@tl@UModSys@@QEAA_NAEBU?$TRefObject@URModuleLibrarySO@rsystem@base@UModSys@@U?$TRefObjectFunc@URModuleLibrarySO@rsystem@base@UModSys@@@tl@4@@23@@Z 0000000140004da0 f i umodsys_lib_basesys:umodsys.basesys.rmodulelibso.obj
 0001:00003e60       ??_GRModuleLibraryReg_Chain@base@UModSys@@UEAAPEAXI@Z 0000000140004e60 f i umodsys_lib_base:umodsys.base.moduleregchain.obj
 0001:00003e60       ??_ERModuleLibraryReg_Chain@base@UModSys@@UEAAPEAXI@Z 0000000140004e60 f i  CIL library: CIL module
 0001:00003e90       ??_EIModuleReg@base@UModSys@@UEAAPEAXI@Z 0000000140004e90 f i  CIL library: CIL module
 0001:00003e90       ??_GIModuleReg@base@UModSys@@UEAAPEAXI@Z 0000000140004e90 f i umodsys_lib_base:umodsys.base.modulereg.obj
 0001:00003ec0       ??_EIModuleLibraryReg@base@UModSys@@UEAAPEAXI@Z 0000000140004ec0 f i  CIL library: CIL module
 0001:00003ec0       ??_GIModuleLibraryReg@base@UModSys@@UEAAPEAXI@Z 0000000140004ec0 f i umodsys_lib_base:umodsys.base.modulereg.obj
 0001:00003ef0       ?Find@?$TSet@U?$TArray@PEBUSUniquePointerInfo@core@UModSys@@@tl@UModSys@@U?$TScalarCompare@PEBUSUniquePointerInfo@core@UModSys@@@core@3@@tl@UModSys@@QEBAPEBQEBUSUniquePointerInfo@core@3@AEBQEBU453@@Z 0000000140004ef0 f i umodsys_lib_core:umodsys.core.uniqueptrlist.obj
 0001:00003f8c       _onexit                    0000000140004f8c f   MSVCRT:atonexit.obj
 0001:0000403c       atexit                     000000014000503c f   MSVCRT:atonexit.obj
 0001:00004324       mainCRTStartup             0000000140005324 f   MSVCRT:crtexe.obj
 0001:00004336       _purecall                  0000000140005336 f   MSVCRT:MSVCR90.dll
 0001:0000433c       ??3@YAXPEAX@Z              000000014000533c f   MSVCRT:MSVCR90.dll
 0001:00004344       ??_Etype_info@@UEAAPEAXI@Z 0000000140005344 f i MSVCRT:ti_inst.obj
 0001:000043ae       __C_specific_handler       00000001400053ae f   MSVCRT:MSVCR90.dll
 0001:000043b4       _unlock                    00000001400053b4 f   MSVCRT:MSVCR90.dll
 0001:000043ba       __dllonexit                00000001400053ba f   MSVCRT:MSVCR90.dll
 0001:000043c0       _lock                      00000001400053c0 f   MSVCRT:MSVCR90.dll
 0001:000043c8       ?__CxxUnhandledExceptionFilter@@YAJPEAU_EXCEPTION_POINTERS@@@Z 00000001400053c8 f   MSVCRT:unhandld.obj
 0001:0000440c       __CxxSetUnhandledExceptionFilter 000000014000540c f   MSVCRT:unhandld.obj
 0001:00004424       _amsg_exit                 0000000140005424 f   MSVCRT:MSVCR90.dll
 0001:0000442c       _RTC_Initialize            000000014000542c f   MSVCRT:_initsect_.obj
 0001:00004464       _RTC_Terminate             0000000140005464 f   MSVCRT:_initsect_.obj
 0001:0000449c       _XcptFilter                000000014000549c f   MSVCRT:MSVCR90.dll
 0001:000044b0       _ValidateImageBase         00000001400054b0 f   MSVCRT:pesect.obj
 0001:000044e0       _FindPESection             00000001400054e0 f   MSVCRT:pesect.obj
 0001:00004530       _IsNonwritableInCurrentImage 0000000140005530 f   MSVCRT:pesect.obj
 0001:00004572       _initterm                  0000000140005572 f   MSVCRT:MSVCR90.dll
 0001:00004578       _initterm_e                0000000140005578 f   MSVCRT:MSVCR90.dll
 0001:00004580       _matherr                   0000000140005580 f   MSVCRT:merr.obj
 0001:00004580       _setargv                   0000000140005580 f   MSVCRT:dllargv.obj
 0001:00004584       __security_init_cookie     0000000140005584 f   MSVCRT:gs_support.obj
 0001:00004638       ?__ArrayUnwind@@YAXPEAX_KHP6AX0@Z@Z 0000000140005638 f   MSVCRT:ehvecdtr.obj
 0001:00004684       ??_M@YAXPEAX_KHP6AX0@Z@Z   0000000140005684 f   MSVCRT:ehvecdtr.obj
 0001:000046e2       ?terminate@@YAXXZ          00000001400056e2 f   MSVCRT:MSVCR90.dll
 0001:000046e8       ?_type_info_dtor_internal_method@type_info@@QEAAXXZ 00000001400056e8 f   MSVCRT:MSVCR90.dll
 0001:000046e8       ??1type_info@@UEAA@XZ      00000001400056e8 f   MSVCRT:MSVCR90.dll
 0001:000046f0       ?gracial_convert@syshlp@core@UModSys@@YA_NPEADHPEB_WH@Z 00000001400056f0 f   umodsys_lib_core:umodsys.core.syshlp_charcode.win32.obj
 0001:00004750       ?gracial_convert@syshlp@core@UModSys@@YA_NPEA_WHPEBDH@Z 0000000140005750 f   umodsys_lib_core:umodsys.core.syshlp_charcode.win32.obj
 0001:000047a0       ?path_uni_os@syshlp@core@UModSys@@YAXPEA_W@Z 00000001400057a0 f   umodsys_lib_core:umodsys.core.syshlp_chars.win32.obj
 0001:000047d0       ?path_os_uni@syshlp@core@UModSys@@YAXPEAD@Z 00000001400057d0 f   umodsys_lib_core:umodsys.core.syshlp_chars.win32.obj
 0001:000047f0       ?safe_vsnprintf@syshlp@core@UModSys@@YA_KPEAD_KPEBD0@Z 00000001400057f0 f   umodsys_lib_core:umodsys.core.syshlp_chars.win32.obj
 0001:00004830       ?gracial_cpy@syshlp@core@UModSys@@YA_NPEA_WHQEAPEB_WH@Z 0000000140005830 f   umodsys_lib_core:umodsys.core.syshlp_chars.win32.obj
 0001:00004920       ?gracial_cpy@syshlp@core@UModSys@@YA_NPEADHQEAPEBDH@Z 0000000140005920 f   umodsys_lib_core:umodsys.core.syshlp_chars.win32.obj
 0001:00004a00       ??3IRoot@core@UModSys@@SAXPEAX@Z 0000000140005a00 f   umodsys_lib_core:umodsys.core.objects.obj
 0001:00004a40       ??3IRoot@core@UModSys@@SAXPEAXPEAUIMemAlloc@12@@Z 0000000140005a40 f   umodsys_lib_core:umodsys.core.objects.obj
 0001:00004a80       ??2IRoot@core@UModSys@@SAPEAX_KPEAUIMemAlloc@12@@Z 0000000140005a80 f   umodsys_lib_core:umodsys.core.objects.obj
 0001:00004ac0       ?suicide@IRoot@core@UModSys@@UEAAXXZ 0000000140005ac0 f   umodsys_lib_core:umodsys.core.objects.obj
 0001:00004ae0       ??1IRoot@core@UModSys@@UEAA@XZ 0000000140005ae0 f   umodsys_lib_core:umodsys.core.objects.obj
 0001:00004b00       ??1IRefObject@core@UModSys@@UEAA@XZ 0000000140005b00 f   umodsys_lib_core:umodsys.core.objects.obj
 0001:00004b10       ?restore_console@syshlp@core@UModSys@@YAXXZ 0000000140005b10 f   umodsys_lib_core:umodsys.core.syshlp_files.win32.obj
 0001:00004b40       ?setup_console@syshlp@core@UModSys@@YAXXZ 0000000140005b40 f   umodsys_lib_core:umodsys.core.syshlp_files.win32.obj
 0001:00004b80       ?u_fopen@syshlp@core@UModSys@@YAPEAU_iobuf@@PEBD0@Z 0000000140005b80 f   umodsys_lib_core:umodsys.core.syshlp_files.win32.obj
 0001:00004c40       ?u_fendtemp@syshlp@core@UModSys@@YA_NAEAPEAU_iobuf@@AEAPEAD_N@Z 0000000140005c40 f   umodsys_lib_core:umodsys.core.syshlp_files.win32.obj
 0001:00004d40       ?u_fopentemp@syshlp@core@UModSys@@YAPEAU_iobuf@@AEAPEADPEBD@Z 0000000140005d40 f   umodsys_lib_core:umodsys.core.syshlp_files.win32.obj
 0001:00004e20       ?lost@core@UModSys@@YAEPEBX@Z 0000000140005e20 f   umodsys_lib_core:umodsys.core.stdtypedefs.obj
 0001:00004e30       ?s_unresolve@SUniquePointer@core@UModSys@@SAXPEAUIUniquePointerResolver@23@@Z 0000000140005e30 f   umodsys_lib_core:umodsys.core.uniqueptr.obj
 0001:00004ea0       ?s_resolve@SUniquePointer@core@UModSys@@SAXPEAUIUniquePointerResolver@23@@Z 0000000140005ea0 f   umodsys_lib_core:umodsys.core.uniqueptr.obj
 0001:00004f20       ??1SUniquePointer@core@UModSys@@QEAA@XZ 0000000140005f20 f   umodsys_lib_core:umodsys.core.uniqueptr.obj
 0001:00004f50       ??0SUniquePointer@core@UModSys@@QEAA@H@Z 0000000140005f50 f   umodsys_lib_core:umodsys.core.uniqueptr.obj
 0001:00004f80       ??0SUniquePointer@core@UModSys@@QEAA@PEBD0H@Z 0000000140005f80 f   umodsys_lib_core:umodsys.core.uniqueptr.obj
 0001:00004fd0       ??1SModuleInfo@base@UModSys@@QEAA@XZ 0000000140005fd0 f   umodsys_lib_base:umodsys.base.moduleinfo.obj
 0001:00004fe0       ??0SModuleInfo@base@UModSys@@QEAA@XZ 0000000140005fe0 f   umodsys_lib_base:umodsys.base.moduleinfo.obj
 0001:00005010       ??1IModuleLoader@base@UModSys@@UEAA@XZ 0000000140006010 f   umodsys_lib_base:umodsys.base.moduleloader.obj
 0001:00005020       ??1SDebug@base@UModSys@@QEAA@XZ 0000000140006020 f   umodsys_lib_base:umodsys.base.debug.obj
 0001:00005050       ??0SDebug@base@UModSys@@QEAA@PEAUIConsole@12@I@Z 0000000140006050 f   umodsys_lib_base:umodsys.base.debug.obj
 0001:00005070       ??1ISystem@base@UModSys@@UEAA@XZ 0000000140006070 f   umodsys_lib_base:umodsys.base.system.obj
 0001:00005080       ??1IModuleLibraryReg@base@UModSys@@UEAA@XZ 0000000140006080 f   umodsys_lib_base:umodsys.base.modulereg.obj
 0001:000050a0       ??0IModuleLibraryReg@base@UModSys@@QEAA@XZ 00000001400060a0 f   umodsys_lib_base:umodsys.base.modulereg.obj
 0001:000050c0       ?mr_close@IModuleReg@base@UModSys@@UEAA_NXZ 00000001400060c0 f   umodsys_lib_base:umodsys.base.modulereg.obj
 0001:000050e0       ?mr_open@IModuleReg@base@UModSys@@UEAA_NXZ 00000001400060e0 f   umodsys_lib_base:umodsys.base.modulereg.obj
 0001:00005110       ?mr_isopen@IModuleReg@base@UModSys@@UEBA_NXZ 0000000140006110 f   umodsys_lib_base:umodsys.base.modulereg.obj
 0001:00005120       ??1IModuleReg@base@UModSys@@UEAA@XZ 0000000140006120 f   umodsys_lib_base:umodsys.base.modulereg.obj
 0001:00005140       ??0IModuleReg@base@UModSys@@QEAA@XZ 0000000140006140 f   umodsys_lib_base:umodsys.base.modulereg.obj
 0001:00005180       UModSys_Plugin_Entry2      0000000140006180 f   umodsys_lib_base:umodsys.so_main.win32.obj
 0001:00005190       ??1RModuleLibraryReg_Chain@base@UModSys@@UEAA@XZ 0000000140006190 f   umodsys_lib_base:umodsys.base.moduleregchain.obj
 0001:000051b0       ??0RModuleLibraryReg_Chain@base@UModSys@@QEAA@XZ 00000001400061b0 f   umodsys_lib_base:umodsys.base.moduleregchain.obj
 0001:000051e0       ?s_get@SModuleRegChain@base@UModSys@@SAPEAUIModuleReg@23@_K@Z 00000001400061e0 f   umodsys_lib_base:umodsys.base.moduleregchain.obj
 0001:00005220       ??1SModuleRegChain@base@UModSys@@QEAA@XZ 0000000140006220 f   umodsys_lib_base:umodsys.base.moduleregchain.obj
 0001:00005250       ??0SModuleRegChain@base@UModSys@@QEAA@AEAUIModuleReg@12@@Z 0000000140006250 f   umodsys_lib_base:umodsys.base.moduleregchain.obj
 0001:000052b0       ?mlr_isopen@RModuleLibraryReg_Chain@base@UModSys@@UEBA_NXZ 00000001400062b0 f   umodsys_lib_base:umodsys.base.moduleregchain.obj
 0001:000052d0       ?mlr_close@RModuleLibraryReg_Chain@base@UModSys@@UEAA_NXZ 00000001400062d0 f   umodsys_lib_base:umodsys.base.moduleregchain.obj
 0001:00005310       ?mlr_open@RModuleLibraryReg_Chain@base@UModSys@@UEAA_NPEAUISystem@23@PEAUIMemAlloc@core@3@@Z 0000000140006310 f   umodsys_lib_base:umodsys.base.moduleregchain.obj
 0001:00005350       ?mlr_get@RModuleLibraryReg_Chain@base@UModSys@@UEBAPEAUIModuleReg@23@_K@Z 0000000140006350 f   umodsys_lib_base:umodsys.base.moduleregchain.obj
 0001:00005360       ?mlr_count@RModuleLibraryReg_Chain@base@UModSys@@UEBA_KXZ 0000000140006360 f   umodsys_lib_base:umodsys.base.moduleregchain.obj
 0001:000053a0       ??0SModuleRegChain@base@UModSys@@QEAA@H@Z 00000001400063a0 f   umodsys_lib_base:umodsys.base.moduleregchain.obj
 0001:000053c0       ?unlink@SMemorySharedData@core@UModSys@@QEAAXPEBUSSourceContext@23@@Z 00000001400063c0 f   umodsys_lib_base:umodsys.base.modulecontext.obj
 0001:000053f0       ?link@SMemorySharedData@core@UModSys@@QEAAXPEBUSSourceContext@23@@Z 00000001400063f0 f   umodsys_lib_base:umodsys.base.modulecontext.obj
 0001:00005400       ?Link@SModuleContext@base@UModSys@@QEAAXPEAUISystem@23@PEAUIMemAlloc@core@3@@Z 0000000140006400 f   umodsys_lib_base:umodsys.base.modulecontext.obj
 0001:000054a0       ??1SModuleContext@base@UModSys@@QEAA@XZ 00000001400064a0 f   umodsys_lib_base:umodsys.base.modulecontext.obj
 0001:000054b0       ?new_data@SMemorySharedData@core@UModSys@@SAPEAU123@PEAUIMemAlloc@23@_KPEBUSSourceContext@23@@Z 00000001400064b0 f   umodsys_lib_base:umodsys.base.modulecontext.obj
 0001:00005500       ?get_paramworker@SParameters@core@UModSys@@KAPEAUIParameters@23@XZ 0000000140006500 f   umodsys_lib_base:umodsys.base.modulecontext.obj
 0001:00005520       ?shared_memory@UModSys@@YAAEBUSIMemAlloc@core@1@XZ 0000000140006520 f   umodsys_lib_base:umodsys.base.modulecontext.obj
 0001:00005530       ?local_memory@UModSys@@YAAEBUSIMemAlloc@core@1@XZ 0000000140006530 f   umodsys_lib_base:umodsys.base.modulecontext.obj
 0001:00005540       ??0SModuleContext@base@UModSys@@QEAA@XZ 0000000140006540 f   umodsys_lib_base:umodsys.base.modulecontext.obj
 0001:00005570       ?uni_close@RModuleLibrarySO@rsystem@base@UModSys@@UEAA_NXZ 0000000140006570 f   umodsys_lib_basesys:umodsys.basesys.rmodulelibso.obj
 0001:00005590       ?uni_open@RModuleLibrarySO@rsystem@base@UModSys@@UEAA_NXZ 0000000140006590 f   umodsys_lib_basesys:umodsys.basesys.rmodulelibso.obj
 0001:000055e0       ?s_find_dup@RModuleLibrarySO@rsystem@base@UModSys@@SA_KAEBU?$TDynarrayDynamic@U?$TRefObject@URModuleLibrarySO@rsystem@base@UModSys@@U?$TRefObjectFunc@URModuleLibrarySO@rsystem@base@UModSys@@@tl@4@@tl@UModSys@@U?$TAllocator@USMemAlloc_Malloc@core@UModSys@@USCountCalcPower2@23@@23@@tl@4@PEAUIModuleLibraryReg@34@@Z 00000001400065e0 f   umodsys_lib_basesys:umodsys.basesys.rmodulelibso.obj
 0001:00005620       ??0RModuleLibrarySO@rsystem@base@UModSys@@QEAA@PEAUISystem@23@PEAUPFD_Data@0123@PEAUIModuleLibraryReg@23@@Z 0000000140006620 f   umodsys_lib_basesys:umodsys.basesys.rmodulelibso.obj
 0001:00005690       ??1RModuleLibrarySO@rsystem@base@UModSys@@UEAA@XZ 0000000140006690 f   umodsys_lib_basesys:umodsys.basesys.rmodulelibso.obj
 0001:000056e0       ?uni_unload@RModuleLibrarySO@rsystem@base@UModSys@@UEAA_NXZ 00000001400066e0 f   umodsys_lib_basesys:umodsys.basesys.rmodulelibso.obj
 0001:00005700       ?uni_load@RModuleLibrarySO@rsystem@base@UModSys@@UEAA_NXZ 0000000140006700 f   umodsys_lib_basesys:umodsys.basesys.rmodulelibso.obj
 0001:00005750       ?s_add@RModuleLibrarySO@rsystem@base@UModSys@@SA_NPEAUISystem@34@AEAU?$TDynarrayDynamic@U?$TRefObject@URModuleLibrarySO@rsystem@base@UModSys@@U?$TRefObjectFunc@URModuleLibrarySO@rsystem@base@UModSys@@@tl@4@@tl@UModSys@@U?$TAllocator@USMemAlloc_Malloc@core@UModSys@@USCountCalcPower2@23@@23@@tl@4@PEBD@Z 0000000140006750 f   umodsys_lib_basesys:umodsys.basesys.rmodulelibso.obj
 0001:00005910       ?scan@RModule@rsystem@base@UModSys@@QEAA_NXZ 0000000140006910 f   umodsys_lib_basesys:umodsys.basesys.rmodule.obj
 0001:00005950       ?mod_findobjname@RModule@rsystem@base@UModSys@@UEAA_KPEBUSUniquePointerInfo@core@4@QEAPEBU564@_KPEBD@Z 0000000140006950 f   umodsys_lib_basesys:umodsys.basesys.rmodule.obj
 0001:00005af0       ?is_open@RModule@rsystem@base@UModSys@@UEBA_NXZ 0000000140006af0 f   umodsys_lib_basesys:umodsys.basesys.rmodule.obj
 0001:00005b20       ?get_info@RModule@rsystem@base@UModSys@@UEBAAEBUSModuleInfo@34@XZ 0000000140006b20 f   umodsys_lib_basesys:umodsys.basesys.rmodule.obj
 0001:00005b30       ?get_library@RModule@rsystem@base@UModSys@@UEBAPEAUIModuleLibrary@34@XZ 0000000140006b30 f   umodsys_lib_basesys:umodsys.basesys.rmodule.obj
 0001:00005b40       ??1RModule@rsystem@base@UModSys@@UEAA@XZ 0000000140006b40 f   umodsys_lib_basesys:umodsys.basesys.rmodule.obj
 0001:00005c70       ?unreg_obj@RModule@rsystem@base@UModSys@@QEAA_NPEAUIModObject@34@@Z 0000000140006c70 f   umodsys_lib_basesys:umodsys.basesys.rmodule.obj
 0001:00005da0       ?reg_generator@RModule@rsystem@base@UModSys@@QEAA_NPEAUModuleObjInfo@1234@PEAUIGenerator@34@@Z 0000000140006da0 f   umodsys_lib_basesys:umodsys.basesys.rmodule.obj
 0001:00005fe0       ?save_db@RModule@rsystem@base@UModSys@@QEAA_NPEAU_iobuf@@@Z 0000000140006fe0 f   umodsys_lib_basesys:umodsys.basesys.rmodule.obj
 0001:00006240       ?alloc_minfo@RModule@rsystem@base@UModSys@@QEAA_NAEBUSModuleInfo@34@@Z 0000000140007240 f   umodsys_lib_basesys:umodsys.basesys.rmodule.obj
 0001:00006310       ?reg_obj@RModule@rsystem@base@UModSys@@QEAAPEAUModuleObjInfo@1234@PEAUIModObject@34@@Z 0000000140007310 f   umodsys_lib_basesys:umodsys.basesys.rmodule.obj
 0001:000064b0       ?mod_generate@RModule@rsystem@base@UModSys@@UEAA_NAEAU?$TRefObject@UIRefObject@core@UModSys@@U?$TRefObjectFunc@UIRefObject@core@UModSys@@@tl@3@@tl@4@PEBUSUniquePointerInfo@core@4@AEBUSParameters@84@@Z 00000001400074b0 f   umodsys_lib_basesys:umodsys.basesys.rmodule.obj
 0001:00006620       ?reg@RModule@rsystem@base@UModSys@@UEAA_NPEAUIGenerator@34@_N@Z 0000000140007620 f   umodsys_lib_basesys:umodsys.basesys.rmodule.obj
 0001:00006690       ?reg@RModule@rsystem@base@UModSys@@UEAA_NPEAUIModObject@34@_N@Z 0000000140007690 f   umodsys_lib_basesys:umodsys.basesys.rmodule.obj
 0001:000066c0       ?close@RModule@rsystem@base@UModSys@@UEAA_NXZ 00000001400076c0 f   umodsys_lib_basesys:umodsys.basesys.rmodule.obj
 0001:00006730       ?open@RModule@rsystem@base@UModSys@@UEAA_NXZ 0000000140007730 f   umodsys_lib_basesys:umodsys.basesys.rmodule.obj
 0001:000067c0       ??0RModule@rsystem@base@UModSys@@QEAA@PEAUIModuleLibraryUni@123@PEAUIModuleReg@23@@Z 00000001400077c0 f   umodsys_lib_basesys:umodsys.basesys.rmodule.obj
 0001:000068a0       ?pfd_init@RModuleLibrarySO@rsystem@base@UModSys@@SA_NPEAUPFD_Data@1234@@Z 00000001400078a0 f   umodsys_lib_basesys:umodsys.basesys.rmodule.win32.obj
 0001:00006980       ?pfd_init@RModuleLibrarySO@rsystem@base@UModSys@@SA_NPEAUPFD_Data@1234@0@Z 0000000140007980 f   umodsys_lib_basesys:umodsys.basesys.rmodule.win32.obj
 0001:000069b0       ?pfd_unload@RModuleLibrarySO@rsystem@base@UModSys@@SA_NPEAUPFD_Data@1234@@Z 00000001400079b0 f   umodsys_lib_basesys:umodsys.basesys.rmodule.win32.obj
 0001:00006a10       ?pfd_load@RModuleLibrarySO@rsystem@base@UModSys@@SAPEAUIModuleLibraryReg@34@PEAUPFD_Data@1234@AEBU?$TString@U?$TSCoreConst@D@su@tl@UModSys@@U?$TComparerBinaryHash@D@234@@tl@4@@Z 0000000140007a10 f   umodsys_lib_basesys:umodsys.basesys.rmodule.win32.obj
 0001:00006ed0       ?pfd_scan@RModuleLibrarySO@rsystem@base@UModSys@@SA_KPEAUISystem@34@AEAU?$TDynarrayDynamic@U?$TRefObject@URModuleLibrarySO@rsystem@base@UModSys@@U?$TRefObjectFunc@URModuleLibrarySO@rsystem@base@UModSys@@@tl@4@@tl@UModSys@@U?$TAllocator@USMemAlloc_Malloc@core@UModSys@@USCountCalcPower2@23@@23@@tl@4@AEBU?$TString@U?$TSCoreConst@D@su@tl@UModSys@@U?$TComparerBinaryHash@D@234@@74@@Z 0000000140007ed0 f   umodsys_lib_basesys:umodsys.basesys.rmodule.win32.obj
 0001:00007000       ?estimate_size@RParameters@rsystem@base@UModSys@@IEAAHAEAUElem@1234@HPEBDHH@Z 0000000140008000 f   umodsys_lib_basesys:umodsys.basesys.rparameters.obj
 0001:00007090       ??0RParameters@rsystem@base@UModSys@@QEAA@PEAUISystem@23@@Z 0000000140008090 f   umodsys_lib_basesys:umodsys.basesys.rparameters.obj
 0001:000070d0       ?p_init_s@RParameters@rsystem@base@UModSys@@UEAAXPEAUSParametersData@core@4@PEAXH@Z 00000001400080d0 f   umodsys_lib_basesys:umodsys.basesys.rparameters.obj
 0001:00007120       ??1RParameters@rsystem@base@UModSys@@UEAA@XZ 0000000140008120 f   umodsys_lib_basesys:umodsys.basesys.rparameters.obj
 0001:00007140       ?next@RParameters@rsystem@base@UModSys@@UEAA_NPEBUSParametersData@core@4@AEAPEBD@Z 0000000140008140 f   umodsys_lib_basesys:umodsys.basesys.rparameters.obj
 0001:00007260       ?p_init@RParameters@rsystem@base@UModSys@@UEAAXPEAUSParametersData@core@4@H@Z 0000000140008260 f   umodsys_lib_basesys:umodsys.basesys.rparameters.obj
 0001:00007320       ?alloc_elems@RParameters@rsystem@base@UModSys@@IEAAXPEAXH@Z 0000000140008320 f   umodsys_lib_basesys:umodsys.basesys.rparameters.obj
 0001:000073b0       ?free_elems@RParameters@rsystem@base@UModSys@@IEAAXPEAXH@Z 00000001400083b0 f   umodsys_lib_basesys:umodsys.basesys.rparameters.obj
 0001:00007460       ?get_last@RParameters@rsystem@base@UModSys@@IEAAPEAUElem@1234@PEAXHHH@Z 0000000140008460 f   umodsys_lib_basesys:umodsys.basesys.rparameters.obj
 0001:000074d0       ?find_elem@RParameters@rsystem@base@UModSys@@IEAAPEBUElem@1234@PEBXHHHPEBD@Z 00000001400084d0 f   umodsys_lib_basesys:umodsys.basesys.rparameters.obj
 0001:000075a0       ?get@RParameters@rsystem@base@UModSys@@UEAA_NPEBUSParametersData@core@4@PEBDAEAPEAUIRefObject@64@@Z 00000001400085a0 f   umodsys_lib_basesys:umodsys.basesys.rparameters.obj
 0001:00007640       ?get@RParameters@rsystem@base@UModSys@@UEAA_NPEBUSParametersData@core@4@PEBDAEAN@Z 0000000140008640 f   umodsys_lib_basesys:umodsys.basesys.rparameters.obj
 0001:000076e0       ?get@RParameters@rsystem@base@UModSys@@UEAA_NPEBUSParametersData@core@4@PEBDAEAH@Z 00000001400086e0 f   umodsys_lib_basesys:umodsys.basesys.rparameters.obj
 0001:00007780       ?get@RParameters@rsystem@base@UModSys@@UEAA_NPEBUSParametersData@core@4@PEBDAEAPEBD@Z 0000000140008780 f   umodsys_lib_basesys:umodsys.basesys.rparameters.obj
 0001:00007820       ?next@RParameters@rsystem@base@UModSys@@UEAA_NPEBUSParametersData@core@4@AEAU?$TString@U?$TSCoreConst@D@su@tl@UModSys@@U?$TComparerBinaryHash@D@234@@tl@4@@Z 0000000140008820 f   umodsys_lib_basesys:umodsys.basesys.rparameters.obj
 0001:00007960       ?p_init_s@RParameters@rsystem@base@UModSys@@UEAAXPEAUSParametersData@core@4@AEBU564@PEAXH@Z 0000000140008960 f   umodsys_lib_basesys:umodsys.basesys.rparameters.obj
 0001:000079f0       ?p_copy@RParameters@rsystem@base@UModSys@@UEAAXPEAUSParametersData@core@4@AEBU564@@Z 00000001400089f0 f   umodsys_lib_basesys:umodsys.basesys.rparameters.obj
 0001:00007b70       ?p_init@RParameters@rsystem@base@UModSys@@UEAAXPEAUSParametersData@core@4@AEBU564@@Z 0000000140008b70 f   umodsys_lib_basesys:umodsys.basesys.rparameters.obj
 0001:00007c80       ?p_deinit@RParameters@rsystem@base@UModSys@@UEAAXPEAUSParametersData@core@4@@Z 0000000140008c80 f   umodsys_lib_basesys:umodsys.basesys.rparameters.obj
 0001:00007d00       ?add_last@RParameters@rsystem@base@UModSys@@IEAA_NPEAUSParametersData@core@4@PEBDPEBXH@Z 0000000140008d00 f   umodsys_lib_basesys:umodsys.basesys.rparameters.obj
 0001:00007f60       ?add@RParameters@rsystem@base@UModSys@@UEAA_NPEAUSParametersData@core@4@PEBDPEAUIRefObject@64@@Z 0000000140008f60 f   umodsys_lib_basesys:umodsys.basesys.rparameters.obj
 0001:00007f90       ?add@RParameters@rsystem@base@UModSys@@UEAA_NPEAUSParametersData@core@4@PEBDAEBN@Z 0000000140008f90 f   umodsys_lib_basesys:umodsys.basesys.rparameters.obj
 0001:00007fb0       ?add@RParameters@rsystem@base@UModSys@@UEAA_NPEAUSParametersData@core@4@PEBDH@Z 0000000140008fb0 f   umodsys_lib_basesys:umodsys.basesys.rparameters.obj
 0001:00007fe0       ?add@RParameters@rsystem@base@UModSys@@UEAA_NPEAUSParametersData@core@4@PEBD1@Z 0000000140008fe0 f   umodsys_lib_basesys:umodsys.basesys.rparameters.obj
 0001:00008000       ?get_sca@RSystem@rsystem@base@UModSys@@UEAAPEAUISourceContextAdapter@core@4@XZ 0000000140009000 f   umodsys_lib_basesys:umodsys.basesys.rsystem.obj
 0001:00008020       ?get_upr@RSystem@rsystem@base@UModSys@@UEAAPEAUIUniquePointerResolver@core@4@XZ 0000000140009020 f   umodsys_lib_basesys:umodsys.basesys.rsystem.obj
 0001:00008040       ?get_modloader@RSystem@rsystem@base@UModSys@@UEAAPEAUIModuleLoader@34@XZ 0000000140009040 f   umodsys_lib_basesys:umodsys.basesys.rsystem.obj
 0001:00008050       ?get_syslib@RSystem@rsystem@base@UModSys@@UEAAPEAUIModuleLibrary@34@XZ 0000000140009050 f   umodsys_lib_basesys:umodsys.basesys.rsystem.obj
 0001:00008060       ?get_sharemem@RSystem@rsystem@base@UModSys@@UEAAPEAUIMemAlloc@core@4@XZ 0000000140009060 f   umodsys_lib_basesys:umodsys.basesys.rsystem.obj
 0001:00008070       ?get_sysmem@RSystem@rsystem@base@UModSys@@UEAAPEAUIMemAlloc@core@4@XZ 0000000140009070 f   umodsys_lib_basesys:umodsys.basesys.rsystem.obj
 0001:00008080       ?get_console@RSystem@rsystem@base@UModSys@@UEAAPEAUIConsole@34@XZ 0000000140009080 f   umodsys_lib_basesys:umodsys.basesys.rsystem.obj
 0001:00008090       ?get_params@RSystem@rsystem@base@UModSys@@UEAAPEAUIParameters@core@4@XZ 0000000140009090 f   umodsys_lib_basesys:umodsys.basesys.rsystem.obj
 0001:000080a0       ?upi_remove@RSystem@rsystem@base@UModSys@@UEAAHPEBUSUniquePointerInfo@core@4@@Z 00000001400090a0 f   umodsys_lib_basesys:umodsys.basesys.rsystem.obj
 0001:000080b0       ?persist_ctx@RSystem@rsystem@base@UModSys@@UEAAPEBUSSourceContext@core@4@PEBU564@@Z 00000001400090b0 f   umodsys_lib_basesys:umodsys.basesys.rsystem.obj
 0001:000081b0       ?upi_add@RSystem@rsystem@base@UModSys@@UEAAPEBUSUniquePointerInfo@core@4@PEBU564@@Z 00000001400091b0 f   umodsys_lib_basesys:umodsys.basesys.rsystem.obj
 0001:000082b0       ?lib_unload@IModuleLibraryUni@rsystem@base@UModSys@@UEAA_NXZ 00000001400092b0 f   umodsys_lib_basesys:umodsys.basesys.rmodulelib.obj
 0001:000082d0       ?lib_loaded@IModuleLibraryUni@rsystem@base@UModSys@@UEBA_NXZ 00000001400092d0 f   umodsys_lib_basesys:umodsys.basesys.rmodulelib.obj
 0001:000082e0       ?get_system@IModuleLibraryUni@rsystem@base@UModSys@@UEBAPEAUISystem@34@XZ 00000001400092e0 f   umodsys_lib_basesys:umodsys.basesys.rmodulelib.obj
 0001:000082f0       ?get_privmem@IModuleLibraryUni@rsystem@base@UModSys@@UEBAPEAUIMemAlloc@core@4@XZ 00000001400092f0 f   umodsys_lib_basesys:umodsys.basesys.rmodulelib.obj
 0001:00008300       ?unlink@IModuleLibraryUni@rsystem@base@UModSys@@QEAA_NXZ 0000000140009300 f   umodsys_lib_basesys:umodsys.basesys.rmodulelib.obj
 0001:00008370       ?lib_generate@IModuleLibraryUni@rsystem@base@UModSys@@UEAA_NAEAU?$TRefObject@UIRefObject@core@UModSys@@U?$TRefObjectFunc@UIRefObject@core@UModSys@@@tl@3@@tl@4@PEBUSUniquePointerInfo@core@4@AEBUSParameters@84@@Z 0000000140009370 f   umodsys_lib_basesys:umodsys.basesys.rmodulelib.obj
 0001:00008400       ?lib_findobjname@IModuleLibraryUni@rsystem@base@UModSys@@UEAA_KPEBUSUniquePointerInfo@core@4@QEAPEBU564@_KPEBD@Z 0000000140009400 f   umodsys_lib_basesys:umodsys.basesys.rmodulelib.obj
 0001:000084c0       ?lib_free@IModuleLibraryUni@rsystem@base@UModSys@@UEAA_NXZ 00000001400094c0 f   umodsys_lib_basesys:umodsys.basesys.rmodulelib.obj
[...]
 0001:0000a830       ?dtor$2@?0???1RSystem@rsystem@base@UModSys@@UEAA@XZ@4HA 000000014000b830 f    CIL library: CIL module
 0001:0000a850       ?dtor$3@?0???1RSystem@rsystem@base@UModSys@@UEAA@XZ@4HA 000000014000b850 f    CIL library: CIL module
 0001:0000a870       ?dtor$4@?0???1RSystem@rsystem@base@UModSys@@UEAA@XZ@4HA 000000014000b870 f    CIL library: CIL module
 0001:0000a890       ?dtor$5@?0???1RSystem@rsystem@base@UModSys@@UEAA@XZ@4HA 000000014000b890 f    CIL library: CIL module
 0001:0000a8b0       ?dtor$9@?0???1RSystem@rsystem@base@UModSys@@UEAA@XZ@4HA 000000014000b8b0 f    CIL library: CIL module
 0001:0000a8d0       ?dtor$10@?0???1RSystem@rsystem@base@UModSys@@UEAA@XZ@4HA 000000014000b8d0 f    CIL library: CIL module
 0001:0000a8f0       ?dtor$0@?0???1RModuleLibrarySO@rsystem@base@UModSys@@UEAA@XZ@4HA 000000014000b8f0 f    CIL library: CIL module
 0001:0000a910       ?dtor$0@?0???0RModule@rsystem@base@UModSys@@QEAA@PEAUIModuleLibraryUni@123@PEAUIModuleReg@23@@Z@4HA 000000014000b910 f    CIL library: CIL module
 0001:0000a930       ?dtor$1@?0???0RModule@rsystem@base@UModSys@@QEAA@PEAUIModuleLibraryUni@123@PEAUIModuleReg@23@@Z@4HA 000000014000b930 f    CIL library: CIL module
 0001:0000a950       ?dtor$2@?0???0RModule@rsystem@base@UModSys@@QEAA@PEAUIModuleLibraryUni@123@PEAUIModuleReg@23@@Z@4HA 000000014000b950 f    CIL library: CIL module
 0001:0000a970       ?dtor$3@?0???0RModule@rsystem@base@UModSys@@QEAA@PEAUIModuleLibraryUni@123@PEAUIModuleReg@23@@Z@4HA 000000014000b970 f    CIL library: CIL module
 0001:0000a9a0       ?dtor$0@?0??link@IModuleLibraryUni@rsystem@base@UModSys@@QEAA_NXZ@4HA 000000014000b9a0 f    CIL library: CIL module
 0001:0000a9d0       ?dtor$0@?0??exec_test_shells@RSystem@rsystem@base@UModSys@@QEAA_NXZ@4HA 000000014000b9d0 f    CIL library: CIL module
 0001:0000a9f0       ?dtor$1@?0??exec_test_shells@RSystem@rsystem@base@UModSys@@QEAA_NXZ@4HA 000000014000b9f0 f    CIL library: CIL module
 0001:0000aa10       ?dtor$3@?0??exec_test_shells@RSystem@rsystem@base@UModSys@@QEAA_NXZ@4HA 000000014000ba10 f    CIL library: CIL module
 0001:0000aa40       ?dtor$1@?0??s_add@RModuleLibrarySO@rsystem@base@UModSys@@SA_NPEAUISystem@34@AEAU?$TDynarrayDynamic@U?$TRefObject@URModuleLibrarySO@rsystem@base@UModSys@@U?$TRefObjectFunc@URModuleLibrarySO@rsystem@base@UModSys@@@tl@4@@tl@UModSys@@U?$TAllocator@USMemAlloc_Malloc@core@UModSys@@USCountCalcPower2@23@@23@@tl@4@PEBD@Z@4HA 000000014000ba40 f    CIL library: CIL module
 0001:0000aa60       ?dtor$0@?0???0RStreamReader_FILE@stdio@media@modules@UModSys@@QEAA@PEAUIModObject@base@4@AEBUSParameters@core@4@@Z@4HA 000000014000ba60 f    CIL library: CIL module
 0001:0000aa60       ?dtor$0@?0???0RStreamWriter_FILE@stdio@media@modules@UModSys@@QEAA@PEAUIModObject@base@4@PEBD_N@Z@4HA 000000014000ba60 f    CIL library: CIL module
 0001:0000aa80       ?dtor$0@?0???0RStreamReader_FILE@stdio@media@modules@UModSys@@QEAA@PEAUIModObject@base@4@PEBD@Z@4HA 000000014000ba80 f    CIL library: CIL module
 0001:0000aa80       ?dtor$0@?0???_GRDataArchiver_OsDir@stdio@media@modules@UModSys@@UEAAPEAXI@Z@4HA 000000014000ba80 f    CIL library: CIL module
 0001:0000aa80       ?dtor$0@?0???_GRStreamWriter_FILE@stdio@media@modules@UModSys@@UEAAPEAXI@Z@4HA 000000014000ba80 f    CIL library: CIL module
 0001:0000aa80       ?dtor$0@?0???0RStreamWriter_FILE@stdio@media@modules@UModSys@@QEAA@PEAUIModObject@base@4@AEBUSParameters@core@4@@Z@4HA 000000014000ba80 f    CIL library: CIL module
 0001:0000aaa0       ?dtor$0@?0??archive_load_data@libmedia@UModSys@@YA_NAEAUIDataArchive@12@AEBU?$TString@U?$TSCoreConst@D@su@tl@UModSys@@U?$TComparerBinaryHash@D@234@@tl@2@AEAUSCMemShared@core@2@AEBUSFlags@12@@Z@4HA 000000014000baa0 f    CIL library: CIL module
 0001:0000aac0       ?dtor$1@?0??archive_load_data@libmedia@UModSys@@YA_NAEAUIDataArchive@12@AEBU?$TString@U?$TSCoreConst@D@su@tl@UModSys@@U?$TComparerBinaryHash@D@234@@tl@2@AEAUSCMemShared@core@2@AEBUSFlags@12@@Z@4HA 000000014000bac0 f    CIL library: CIL module
 0001:0000aae0       ?dtor$0@?0??save_writer@RDataArchiver_OsDir@stdio@media@modules@UModSys@@UEAA?AU?$TRefObject@UIStreamWriter@libmedia@UModSys@@U?$TRefObjectFunc@UIStreamWriter@libmedia@UModSys@@@tl@3@@tl@5@AEBU?$TString@U?$TSCoreConst@D@su@tl@UModSys@@U?$TComparerBinaryHash@D@234@@75@AEBUSFlags@libmedia@5@@Z@4HA 000000014000bae0 f    CIL library: CIL module
 0001:0000ab10       ?dtor$1@?0??save_writer@RDataArchiver_OsDir@stdio@media@modules@UModSys@@UEAA?AU?$TRefObject@UIStreamWriter@libmedia@UModSys@@U?$TRefObjectFunc@UIStreamWriter@libmedia@UModSys@@@tl@3@@tl@5@AEBU?$TString@U?$TSCoreConst@D@su@tl@UModSys@@U?$TComparerBinaryHash@D@234@@75@AEBUSFlags@libmedia@5@@Z@4HA 000000014000bb10 f    CIL library: CIL module
 0001:0000ab30       ?dtor$2@?0??save_writer@RDataArchiver_OsDir@stdio@media@modules@UModSys@@UEAA?AU?$TRefObject@UIStreamWriter@libmedia@UModSys@@U?$TRefObjectFunc@UIStreamWriter@libmedia@UModSys@@@tl@3@@tl@5@AEBU?$TString@U?$TSCoreConst@D@su@tl@UModSys@@U?$TComparerBinaryHash@D@234@@75@AEBUSFlags@libmedia@5@@Z@4HA 000000014000bb30 f    CIL library: CIL module
 0001:0000ab50       ?dtor$0@?0??load_reader@RDataArchiver_OsDir@stdio@media@modules@UModSys@@UEAA?AU?$TRefObject@UIStreamReader@libmedia@UModSys@@U?$TRefObjectFunc@UIStreamReader@libmedia@UModSys@@@tl@3@@tl@5@AEBU?$TString@U?$TSCoreConst@D@su@tl@UModSys@@U?$TComparerBinaryHash@D@234@@75@AEBUSFlags@libmedia@5@@Z@4HA 000000014000bb50 f    CIL library: CIL module
 0001:0000ab80       ?dtor$1@?0??load_reader@RDataArchiver_OsDir@stdio@media@modules@UModSys@@UEAA?AU?$TRefObject@UIStreamReader@libmedia@UModSys@@U?$TRefObjectFunc@UIStreamReader@libmedia@UModSys@@@tl@3@@tl@5@AEBU?$TString@U?$TSCoreConst@D@su@tl@UModSys@@U?$TComparerBinaryHash@D@234@@75@AEBUSFlags@libmedia@5@@Z@4HA 000000014000bb80 f    CIL library: CIL module
 0001:0000aba0       ?dtor$2@?0??load_reader@RDataArchiver_OsDir@stdio@media@modules@UModSys@@UEAA?AU?$TRefObject@UIStreamReader@libmedia@UModSys@@U?$TRefObjectFunc@UIStreamReader@libmedia@UModSys@@@tl@3@@tl@5@AEBU?$TString@U?$TSCoreConst@D@su@tl@UModSys@@U?$TComparerBinaryHash@D@234@@75@AEBUSFlags@libmedia@5@@Z@4HA 000000014000bba0 f    CIL library: CIL module
 0001:0000abc0       ?dtor$0@?0???0RDataArchiver_OsDir@stdio@media@modules@UModSys@@QEAA@PEAUIModObject@base@4@AEBUSParameters@core@4@U?$TFlags4State@USMediaFlagUid@libmedia@UModSys@@I@tl@4@@Z@4HA 000000014000bbc0 f    CIL library: CIL module
 0001:0000abe0       ?dtor$1@?0???0RDataArchiver_OsDir@stdio@media@modules@UModSys@@QEAA@PEAUIModObject@base@4@AEBUSParameters@core@4@U?$TFlags4State@USMediaFlagUid@libmedia@UModSys@@I@tl@4@@Z@4HA 000000014000bbe0 f    CIL library: CIL module
 0001:0000ac00       ?dtor$0@?0??generate@RGenerator@stdio@media@modules@UModSys@@UEAA_NAEAU?$TRefObject@UIRefObject@core@UModSys@@U?$TRefObjectFunc@UIRefObject@core@UModSys@@@tl@3@@tl@5@PEBUSUniquePointerInfo@core@5@AEBUSParameters@95@@Z@4HA 000000014000bc00 f    CIL library: CIL module
 0001:0000ac20       ?dtor$1@?0??generate@RGenerator@stdio@media@modules@UModSys@@UEAA_NAEAU?$TRefObject@UIRefObject@core@UModSys@@U?$TRefObjectFunc@UIRefObject@core@UModSys@@@tl@3@@tl@5@PEBUSUniquePointerInfo@core@5@AEBUSParameters@95@@Z@4HA 000000014000bc20 f    CIL library: CIL module
 0001:0000ac40       ?dtor$2@?0??generate@RGenerator@stdio@media@modules@UModSys@@UEAA_NAEAU?$TRefObject@UIRefObject@core@UModSys@@U?$TRefObjectFunc@UIRefObject@core@UModSys@@@tl@3@@tl@5@PEBUSUniquePointerInfo@core@5@AEBUSParameters@95@@Z@4HA 000000014000bc40 f    CIL library: CIL module
 0001:0000ac60       ?dtor$0@?0??mem_free@?$TRMemAlloc_CC@U?$TMemAllocHeader@USMagic@mem_headers@rsystem@base@UModSys@@U?$TPool@X@2345@USDebug@2345@UVoid@core@5@U895@@rsystem@base@UModSys@@USMemAlloc_Malloc@core@4@@rsystem@base@UModSys@@UEAAXPEAXPEBUSSourceContext@core@4@@Z@4HA 000000014000bc60 f    CIL library: CIL module
 0001:0000ac80       ?dtor$0@?0??mem_realloc@?$TRMemAlloc_CC@U?$TMemAllocHeader@USMagic@mem_headers@rsystem@base@UModSys@@U?$TPool@X@2345@USDebug@2345@UVoid@core@5@U895@@rsystem@base@UModSys@@USMemAlloc_Malloc@core@4@@rsystem@base@UModSys@@UEAAPEAXPEAX_KPEBUSSourceContext@core@4@@Z@4HA 000000014000bc80 f    CIL library: CIL module
 0001:0000aca0       ?dtor$1@?0??mem_realloc@?$TRMemAlloc_CC@U?$TMemAllocHeader@USMagic@mem_headers@rsystem@base@UModSys@@U?$TPool@X@2345@USDebug@2345@UVoid@core@5@U895@@rsystem@base@UModSys@@USMemAlloc_Malloc@core@4@@rsystem@base@UModSys@@UEAAPEAXPEAX_KPEBUSSourceContext@core@4@@Z@4HA 000000014000bca0 f    CIL library: CIL module
 0001:0000acc0       ??__E?s_id@?$TObjectUniqueID@UIRoot@core@UModSys@@@tl@UModSys@@2USUniquePointer@core@3@A@@YAXXZ 000000014000bcc0 f    CIL library: CIL module
 0001:0000ad00       ??__E?s_id@?$TObjectUniqueID@UIRefObject@core@UModSys@@@tl@UModSys@@2USUniquePointer@core@3@A@@YAXXZ 000000014000bd00 f    CIL library: CIL module
 0001:0000ad40       ??__E?s_id@?$TObjectUniqueID@UIParameters@core@UModSys@@@tl@UModSys@@2USUniquePointer@core@3@A@@YAXXZ 000000014000bd40 f    CIL library: CIL module
 0001:0000ad80       ??__E?s_id@?$TObjectUniqueID@UIModule@base@UModSys@@@tl@UModSys@@2USUniquePointer@core@3@A@@YAXXZ 000000014000bd80 f    CIL library: CIL module
 0001:0000adc0       ??__E?s_id@?$TObjectUniqueID@UIModuleLibrary@base@UModSys@@@tl@UModSys@@2USUniquePointer@core@3@A@@YAXXZ 000000014000bdc0 f    CIL library: CIL module
 0001:0000ae00       ??__E?s_id@?$TObjectUniqueID@UIModObject@base@UModSys@@@tl@UModSys@@2USUniquePointer@core@3@A@@YAXXZ 000000014000be00 f    CIL library: CIL module
 0001:0000ae40       ??__E?s_id@?$TObjectUniqueID@UIGenerator@base@UModSys@@@tl@UModSys@@2USUniquePointer@core@3@A@@YAXXZ 000000014000be40 f    CIL library: CIL module
 0001:0000ae80       ??__E?s_id@?$TObjectUniqueID@UIShell@base@UModSys@@@tl@UModSys@@2USUniquePointer@core@3@A@@YAXXZ 000000014000be80 f    CIL library: CIL module
 0001:0000aec0       ??__E?s_id@?$TObjectUniqueID@UIConsole@base@UModSys@@@tl@UModSys@@2USUniquePointer@core@3@A@@YAXXZ 000000014000bec0 f    CIL library: CIL module
 0001:0000af00       ??__E?s_id@?$TObjectUniqueID@UISystem@base@UModSys@@@tl@UModSys@@2USUniquePointer@core@3@A@@YAXXZ 000000014000bf00 f    CIL library: CIL module
 0001:0000af40       ??__E?s_id@?$TObjectUniqueID@URModule@rsystem@base@UModSys@@@tl@UModSys@@2USUniquePointer@core@3@A@@YAXXZ 000000014000bf40 f    CIL library: CIL module
 0001:0000af80       ??__E?s_id@?$TObjectUniqueID@UIModuleLibraryUni@rsystem@base@UModSys@@@tl@UModSys@@2USUniquePointer@core@3@A@@YAXXZ 000000014000bf80 f    CIL library: CIL module
 0001:0000afc0       ??__E?s_id@?$TObjectUniqueID@URModuleLibrarySO@rsystem@base@UModSys@@@tl@UModSys@@2USUniquePointer@core@3@A@@YAXXZ 000000014000bfc0 f    CIL library: CIL module
 0001:0000b000       ??__E?s_id@?$TObjectUniqueID@URModuleLibraryThis@rsystem@base@UModSys@@@tl@UModSys@@2USUniquePointer@core@3@A@@YAXXZ 000000014000c000 f    CIL library: CIL module
 0001:0000b040       ??__E?s_id@?$TObjectUniqueID@URParameters@rsystem@base@UModSys@@@tl@UModSys@@2USUniquePointer@core@3@A@@YAXXZ 000000014000c040 f    CIL library: CIL module
 0001:0000b080       ??__E?s_id@?$TObjectUniqueID@URSystem@rsystem@base@UModSys@@@tl@UModSys@@2USUniquePointer@core@3@A@@YAXXZ 000000014000c080 f    CIL library: CIL module
 0001:0000b0c0       ??__E?s_id@?$TObjectUniqueID@URConsole_std@rsystem@base@UModSys@@@tl@UModSys@@2USUniquePointer@core@3@A@@YAXXZ 000000014000c0c0 f    CIL library: CIL module
 0001:0000b100       ??__E?s_modreg@RModuleReg@stdio@media@modules@UModSys@@2U12345@A@@YAXXZ 000000014000c100 f    CIL library: CIL module
 0001:0000b130       ??__E?s_modreg_chain@RModuleReg@stdio@media@modules@UModSys@@2USModuleRegChain@base@5@A@@YAXXZ 000000014000c130 f    CIL library: CIL module
 0001:0000b160       ??__E?s_uid@RGenerator@stdio@media@modules@UModSys@@2USUniquePointer@core@5@A@@YAXXZ 000000014000c160 f    CIL library: CIL module
 0001:0000b1a0       ??__E?s_id@?$TObjectUniqueID@UIStreamReader@libmedia@UModSys@@@tl@UModSys@@2USUniquePointer@core@3@A@@YAXXZ 000000014000c1a0 f    CIL library: CIL module
 0001:0000b1e0       ??__E?s_id@?$TObjectUniqueID@UIStreamWriter@libmedia@UModSys@@@tl@UModSys@@2USUniquePointer@core@3@A@@YAXXZ 000000014000c1e0 f    CIL library: CIL module
 0001:0000b220       ??__E?s_id@?$TObjectUniqueID@UIDataArchive@libmedia@UModSys@@@tl@UModSys@@2USUniquePointer@core@3@A@@YAXXZ 000000014000c220 f    CIL library: CIL module
 0001:0000b260       ??__E?s_id@?$TObjectUniqueID@URStreamReader_FILE@stdio@media@modules@UModSys@@@tl@UModSys@@2USUniquePointer@core@3@A@@YAXXZ 000000014000c260 f    CIL library: CIL module
 0001:0000b2a0       ??__E?s_id@?$TObjectUniqueID@URStreamWriter_FILE@stdio@media@modules@UModSys@@@tl@UModSys@@2USUniquePointer@core@3@A@@YAXXZ 000000014000c2a0 f    CIL library: CIL module
 0001:0000b2e0       ??__E?s_id@?$TObjectUniqueID@URDataArchiver_OsDir@stdio@media@modules@UModSys@@@tl@UModSys@@2USUniquePointer@core@3@A@@YAXXZ 000000014000c2e0 f    CIL library: CIL module
 0001:0000b320       ??__E?s_id@?$TObjectUniqueID@URGenerator@stdio@media@modules@UModSys@@@tl@UModSys@@2USUniquePointer@core@3@A@@YAXXZ 000000014000c320 f    CIL library: CIL module
 0001:0000b360       ??__E?s_console@RConsole_std@rsystem@base@UModSys@@2U1234@A@@YAXXZ 000000014000c360 f    CIL library: CIL module
 0001:0000b380       ??__E?s_sys@RSystem@rsystem@base@UModSys@@2U1234@A@@YAXXZ 000000014000c380 f    CIL library: CIL module
 0001:0000b3a0       ??__Ersys_dbg@rsystem@base@UModSys@@YAXXZ 000000014000c3a0 f    CIL library: CIL module
 0001:0000b3d0       ??__EM@UModSys@@YAXXZ      000000014000c3d0 f    CIL library: CIL module
 0001:0000b3f0       ??__E?root@SModuleRegChain@base@UModSys@@2U123@A@@YAXXZ 000000014000c3f0 f    CIL library: CIL module
 0001:0000b420       ??__E?s_library@RModuleLibraryReg_Chain@base@UModSys@@2U123@A@@YAXXZ 000000014000c420 f    CIL library: CIL module
 0001:0000b440       ??__E?root@SUniquePointer@core@UModSys@@2U123@A@@YAXXZ 000000014000c440 f    CIL library: CIL module
 0001:0000b470       ??__F?s_id@?$TObjectUniqueID@URConsole_std@rsystem@base@UModSys@@@tl@UModSys@@2USUniquePointer@core@3@A@@YAXXZ 000000014000c470 f    CIL library: CIL module
 0001:0000b480       ??__F?s_id@?$TObjectUniqueID@URSystem@rsystem@base@UModSys@@@tl@UModSys@@2USUniquePointer@core@3@A@@YAXXZ 000000014000c480 f    CIL library: CIL module
 0001:0000b490       ??__F?s_id@?$TObjectUniqueID@URParameters@rsystem@base@UModSys@@@tl@UModSys@@2USUniquePointer@core@3@A@@YAXXZ 000000014000c490 f    CIL library: CIL module
 0001:0000b4a0       ??__F?s_id@?$TObjectUniqueID@URModuleLibraryThis@rsystem@base@UModSys@@@tl@UModSys@@2USUniquePointer@core@3@A@@YAXXZ 000000014000c4a0 f    CIL library: CIL module
 0001:0000b4b0       ??__F?s_id@?$TObjectUniqueID@URModuleLibrarySO@rsystem@base@UModSys@@@tl@UModSys@@2USUniquePointer@core@3@A@@YAXXZ 000000014000c4b0 f    CIL library: CIL module
 0001:0000b4c0       ??__F?s_id@?$TObjectUniqueID@UIModuleLibraryUni@rsystem@base@UModSys@@@tl@UModSys@@2USUniquePointer@core@3@A@@YAXXZ 000000014000c4c0 f    CIL library: CIL module
 0001:0000b4d0       ??__F?s_id@?$TObjectUniqueID@URModule@rsystem@base@UModSys@@@tl@UModSys@@2USUniquePointer@core@3@A@@YAXXZ 000000014000c4d0 f    CIL library: CIL module
 0001:0000b4e0       ??__F?s_id@?$TObjectUniqueID@UISystem@base@UModSys@@@tl@UModSys@@2USUniquePointer@core@3@A@@YAXXZ 000000014000c4e0 f    CIL library: CIL module
 0001:0000b4f0       ??__F?s_id@?$TObjectUniqueID@UIConsole@base@UModSys@@@tl@UModSys@@2USUniquePointer@core@3@A@@YAXXZ 000000014000c4f0 f    CIL library: CIL module
 0001:0000b500       ??__F?s_id@?$TObjectUniqueID@UIShell@base@UModSys@@@tl@UModSys@@2USUniquePointer@core@3@A@@YAXXZ 000000014000c500 f    CIL library: CIL module
 0001:0000b510       ??__F?s_id@?$TObjectUniqueID@UIGenerator@base@UModSys@@@tl@UModSys@@2USUniquePointer@core@3@A@@YAXXZ 000000014000c510 f    CIL library: CIL module
 0001:0000b520       ??__F?s_id@?$TObjectUniqueID@UIModObject@base@UModSys@@@tl@UModSys@@2USUniquePointer@core@3@A@@YAXXZ 000000014000c520 f    CIL library: CIL module
 0001:0000b530       ??__F?s_id@?$TObjectUniqueID@UIModuleLibrary@base@UModSys@@@tl@UModSys@@2USUniquePointer@core@3@A@@YAXXZ 000000014000c530 f    CIL library: CIL module
 0001:0000b540       ??__F?s_id@?$TObjectUniqueID@UIModule@base@UModSys@@@tl@UModSys@@2USUniquePointer@core@3@A@@YAXXZ 000000014000c540 f    CIL library: CIL module
 0001:0000b550       ??__F?s_id@?$TObjectUniqueID@UIParameters@core@UModSys@@@tl@UModSys@@2USUniquePointer@core@3@A@@YAXXZ 000000014000c550 f    CIL library: CIL module
 0001:0000b560       ??__F?s_id@?$TObjectUniqueID@UIRefObject@core@UModSys@@@tl@UModSys@@2USUniquePointer@core@3@A@@YAXXZ 000000014000c560 f    CIL library: CIL module
 0001:0000b570       ??__F?s_id@?$TObjectUniqueID@UIRoot@core@UModSys@@@tl@UModSys@@2USUniquePointer@core@3@A@@YAXXZ 000000014000c570 f    CIL library: CIL module
 0001:0000b580       ??__F?s_modreg@RModuleReg@stdio@media@modules@UModSys@@2U12345@A@@YAXXZ 000000014000c580 f    CIL library: CIL module
 0001:0000b5a0       ??__F?s_modreg_chain@RModuleReg@stdio@media@modules@UModSys@@2USModuleRegChain@base@5@A@@YAXXZ 000000014000c5a0 f    CIL library: CIL module
 0001:0000b5b0       ??__F?s_uid@RGenerator@stdio@media@modules@UModSys@@2USUniquePointer@core@5@A@@YAXXZ 000000014000c5b0 f    CIL library: CIL module
 0001:0000b5c0       ??__Fh@?1??s_holder@RGenerator@stdio@media@modules@UModSys@@SAAEAU?$TTypeStaticHolder@URGenerator@stdio@media@modules@UModSys@@@tl@5@XZ@YAXXZ 000000014000c5c0 f    CIL library: CIL module
 0001:0000b5f0       ??__F?s_id@?$TObjectUniqueID@URGenerator@stdio@media@modules@UModSys@@@tl@UModSys@@2USUniquePointer@core@3@A@@YAXXZ 000000014000c5f0 f    CIL library: CIL module
 0001:0000b600       ??__F?s_id@?$TObjectUniqueID@URDataArchiver_OsDir@stdio@media@modules@UModSys@@@tl@UModSys@@2USUniquePointer@core@3@A@@YAXXZ 000000014000c600 f    CIL library: CIL module
 0001:0000b610       ??__F?s_id@?$TObjectUniqueID@URStreamWriter_FILE@stdio@media@modules@UModSys@@@tl@UModSys@@2USUniquePointer@core@3@A@@YAXXZ 000000014000c610 f    CIL library: CIL module
 0001:0000b620       ??__F?s_id@?$TObjectUniqueID@URStreamReader_FILE@stdio@media@modules@UModSys@@@tl@UModSys@@2USUniquePointer@core@3@A@@YAXXZ 000000014000c620 f    CIL library: CIL module
 0001:0000b630       ??__F?s_id@?$TObjectUniqueID@UIDataArchive@libmedia@UModSys@@@tl@UModSys@@2USUniquePointer@core@3@A@@YAXXZ 000000014000c630 f    CIL library: CIL module
 0001:0000b640       ??__F?s_id@?$TObjectUniqueID@UIStreamWriter@libmedia@UModSys@@@tl@UModSys@@2USUniquePointer@core@3@A@@YAXXZ 000000014000c640 f    CIL library: CIL module
 0001:0000b650       ??__F?s_id@?$TObjectUniqueID@UIStreamReader@libmedia@UModSys@@@tl@UModSys@@2USUniquePointer@core@3@A@@YAXXZ 000000014000c650 f    CIL library: CIL module
 0001:0000b660       ??__F?s_console@RConsole_std@rsystem@base@UModSys@@2U1234@A@@YAXXZ 000000014000c660 f    CIL library: CIL module
 0001:0000b670       ??__F?s_sys@RSystem@rsystem@base@UModSys@@2U1234@A@@YAXXZ 000000014000c670 f    CIL library: CIL module
 0001:0000b680       ??__Frsys_dbg@rsystem@base@UModSys@@YAXXZ 000000014000c680 f    CIL library: CIL module
 0001:0000b690       ??__FM@UModSys@@YAXXZ      000000014000c690 f    CIL library: CIL module
 0001:0000b6a0       ??__F?root@SModuleRegChain@base@UModSys@@2U123@A@@YAXXZ 000000014000c6a0 f    CIL library: CIL module
 0001:0000b6b0       ??__F?s_library@RModuleLibraryReg_Chain@base@UModSys@@2U123@A@@YAXXZ 000000014000c6b0 f    CIL library: CIL module
 0001:0000b6c0       ??__F?root@SUniquePointer@core@UModSys@@2U123@A@@YAXXZ 000000014000c6c0 f    CIL library: CIL module

 Exports

  ordinal    name

        1    UModSys_Plugin_Entry2
