 umodsysc

 Timestamp is 5257f03f (Fri Oct 11 15:34:07 2013)

 Preferred load address is 0000000140000000

 Start         Length     Name                   Class
 0001:00000000 0000905cH .text                   CODE
 0001:00009060 0000005eH .text$00                CODE
 0001:000090c0 000004e8H .text$x                 CODE
 0001:000095b0 00000762H .text$yc                CODE
 0001:00009d20 0000024cH .text$yd                CODE
 0002:00000000 00000240H .idata$5                DATA
 0002:00000240 00000008H .CRT$XCA                DATA
 0002:00000248 00000008H .CRT$XCAA               DATA
 0002:00000250 00000198H .CRT$XCU                DATA
 0002:000003e8 00000008H .CRT$XCZ                DATA
 0002:000003f0 00000008H .CRT$XIA                DATA
 0002:000003f8 00000008H .CRT$XIAA               DATA
 0002:00000400 00000008H .CRT$XIY                DATA
 0002:00000408 00000008H .CRT$XIZ                DATA
 0002:00000410 00001a48H .rdata                  DATA
 0002:00001e58 0000121cH .rdata$r                DATA
 0002:00003078 00000008H .rtc$IAA                DATA
 0002:00003080 00000008H .rtc$IZZ                DATA
 0002:00003088 00000008H .rtc$TAA                DATA
 0002:00003090 00000008H .rtc$TZZ                DATA
 0002:00003098 000014f0H .xdata                  DATA
 0002:00004588 000000e4H .xdata$x                DATA
 0002:0000466c 00000028H .idata$2                DATA
 0002:00004694 00000014H .idata$3                DATA
 0002:000046a8 00000240H .idata$4                DATA
 0002:000048e8 0000044eH .idata$6                DATA
 0002:00004d40 00000055H .edata                  DATA
 0003:00000000 000009c4H .data                   DATA
 0003:000009d0 00002780H .bss                    DATA
 0004:00000000 00001254H .pdata                  DATA

  Address         Publics by Value              Rva+Base               Lib:Object

 0000:00000000       ___safe_se_handler_table   0000000000000000     <absolute>
 0000:00000000       ___safe_se_handler_count   0000000000000000     <absolute>
 0000:00000000       __ImageBase                0000000140000000     <linker-defined>
 0001:00000000       ??$shash@D@su@tl@UModSys@@YAHPEBD_K@Z 0000000140001000 f i umodsys.c_main.obj
 0001:00000030       ?file_get_size@stdio@media@modules@UModSys@@YA_JPEAU_iobuf@@@Z 0000000140001030 f i umodsys_lib_libmedia:umodsys.mod.media.stdio.obj
 0001:000000a0       ?get_interface_info@RStreamReader_FILE@stdio@media@modules@UModSys@@UEBAAEBUSUniquePointerInfo@core@5@XZ 00000001400010a0 f i umodsys_lib_libmedia:umodsys.mod.media.stdio.obj
 0001:000000b0       ?get_interface_type@RStreamReader_FILE@stdio@media@modules@UModSys@@UEBAPEBUSUniquePointerInfo@core@5@XZ 00000001400010b0 f i umodsys_lib_libmedia:umodsys.mod.media.stdio.obj
 0001:000000c0       ?get_other_interface@RStreamReader_FILE@stdio@media@modules@UModSys@@UEAAPEAUIRoot@core@5@PEBUSUniquePointerInfo@75@@Z 00000001400010c0 f i umodsys_lib_libmedia:umodsys.mod.media.stdio.obj
 0001:000000c0       ?get_other_interface@RStreamReader_FILE@stdio@media@modules@UModSys@@UEBAPEBUIRoot@core@5@PEBUSUniquePointerInfo@75@@Z 00000001400010c0 f i umodsys_lib_libmedia:umodsys.mod.media.stdio.obj
 0001:000000f0       ??0RStreamReader_FILE@stdio@media@modules@UModSys@@QEAA@PEAURGenerator@1234@AEBUSParameters@core@4@@Z 00000001400010f0 f i umodsys_lib_libmedia:umodsys.mod.media.stdio.obj
 0001:000001b0       ?get_size@RStreamReader_FILE@stdio@media@modules@UModSys@@QEAAXXZ 00000001400011b0 f i umodsys_lib_libmedia:umodsys.mod.media.stdio.obj
 0001:00000230       ?reader_seek@RStreamReader_FILE@stdio@media@modules@UModSys@@UEAA_N_J@Z 0000000140001230 f i umodsys_lib_libmedia:umodsys.mod.media.stdio.obj
 0001:00000260       ?reader_seekend@RStreamReader_FILE@stdio@media@modules@UModSys@@UEAA_N_J@Z 0000000140001260 f i umodsys_lib_libmedia:umodsys.mod.media.stdio.obj
 0001:00000290       ?reader_seekdelta@RStreamReader_FILE@stdio@media@modules@UModSys@@UEAA_N_J@Z 0000000140001290 f i umodsys_lib_libmedia:umodsys.mod.media.stdio.obj
 0001:000002c0       ?reader_pos@RStreamReader_FILE@stdio@media@modules@UModSys@@UEAA_JXZ 00000001400012c0 f i umodsys_lib_libmedia:umodsys.mod.media.stdio.obj
 0001:000002f0       ?reader_size@RStreamReader_FILE@stdio@media@modules@UModSys@@UEAA_JXZ 00000001400012f0 f i umodsys_lib_libmedia:umodsys.mod.media.stdio.obj
 0001:00000300       ?reader_read@RStreamReader_FILE@stdio@media@modules@UModSys@@UEAA_NPEAX_K@Z 0000000140001300 f i umodsys_lib_libmedia:umodsys.mod.media.stdio.obj
 0001:000003b0       ?reader_close@RStreamReader_FILE@stdio@media@modules@UModSys@@UEAAXXZ 00000001400013b0 f i umodsys_lib_libmedia:umodsys.mod.media.stdio.obj
 0001:000003e0       ??_ERStreamReader_FILE@stdio@media@modules@UModSys@@UEAAPEAXI@Z 00000001400013e0 f i  CIL library: CIL module
 0001:000003e0       ??_GRStreamReader_FILE@stdio@media@modules@UModSys@@UEAAPEAXI@Z 00000001400013e0 f i umodsys_lib_libmedia:umodsys.mod.media.stdio.obj
 0001:00000420       ??1IStreamWriter@libmedia@UModSys@@UEAA@XZ 0000000140001420 f i umodsys_lib_libmedia:umodsys.mod.media.stdio.obj
 0001:00000420       ??1IStreamReader@libmedia@UModSys@@UEAA@XZ 0000000140001420 f i umodsys_lib_libmedia:umodsys.mod.media.stdio.obj
 0001:00000430       ??_GIRoot@core@UModSys@@UEAAPEAXI@Z 0000000140001430 f i umodsys_lib_libmedia:umodsys.mod.media.stdio.obj
 0001:00000430       ??_EIRoot@core@UModSys@@UEAAPEAXI@Z 0000000140001430 f i  CIL library: CIL module
 0001:00000450       ?get_interface_info@RStreamWriter_FILE@stdio@media@modules@UModSys@@UEBAAEBUSUniquePointerInfo@core@5@XZ 0000000140001450 f i umodsys_lib_libmedia:umodsys.mod.media.stdio.obj
 0001:00000460       ?get_interface_type@RStreamWriter_FILE@stdio@media@modules@UModSys@@UEBAPEBUSUniquePointerInfo@core@5@XZ 0000000140001460 f i umodsys_lib_libmedia:umodsys.mod.media.stdio.obj
 0001:00000470       ?get_other_interface@RStreamWriter_FILE@stdio@media@modules@UModSys@@UEBAPEBUIRoot@core@5@PEBUSUniquePointerInfo@75@@Z 0000000140001470 f i umodsys_lib_libmedia:umodsys.mod.media.stdio.obj
 0001:00000470       ?get_other_interface@RStreamWriter_FILE@stdio@media@modules@UModSys@@UEAAPEAUIRoot@core@5@PEBUSUniquePointerInfo@75@@Z 0000000140001470 f i umodsys_lib_libmedia:umodsys.mod.media.stdio.obj
 0001:000004a0       ?ref_add@RStreamWriter_FILE@stdio@media@modules@UModSys@@UEBAXXZ 00000001400014a0 f i umodsys_lib_libmedia:umodsys.mod.media.stdio.obj
 0001:000004a0       ?ref_add@RGenerator@stdio@media@modules@UModSys@@UEBAXXZ 00000001400014a0 f i umodsys_lib_libmedia:umodsys.mod.media.stdio.obj
 0001:000004a0       ?ref_add@RStreamReader_FILE@stdio@media@modules@UModSys@@UEBAXXZ 00000001400014a0 f i umodsys_lib_libmedia:umodsys.mod.media.stdio.obj
 0001:000004b0       ?ref_remove@RGenerator@stdio@media@modules@UModSys@@UEBAXXZ 00000001400014b0 f i umodsys_lib_libmedia:umodsys.mod.media.stdio.obj
 0001:000004b0       ?ref_remove@RStreamWriter_FILE@stdio@media@modules@UModSys@@UEBAXXZ 00000001400014b0 f i umodsys_lib_libmedia:umodsys.mod.media.stdio.obj
 0001:000004b0       ?ref_remove@RStreamReader_FILE@stdio@media@modules@UModSys@@UEBAXXZ 00000001400014b0 f i umodsys_lib_libmedia:umodsys.mod.media.stdio.obj
 0001:000004d0       ?suicide@RStreamReader_FILE@stdio@media@modules@UModSys@@UEAAXXZ 00000001400014d0 f i umodsys_lib_libmedia:umodsys.mod.media.stdio.obj
 0001:000004d0       ?suicide@RStreamWriter_FILE@stdio@media@modules@UModSys@@UEAAXXZ 00000001400014d0 f i umodsys_lib_libmedia:umodsys.mod.media.stdio.obj
 0001:00000530       ??0RStreamWriter_FILE@stdio@media@modules@UModSys@@QEAA@PEAURGenerator@1234@AEBUSParameters@core@4@@Z 0000000140001530 f i umodsys_lib_libmedia:umodsys.mod.media.stdio.obj
 0001:000005b0       ?open@RStreamWriter_FILE@stdio@media@modules@UModSys@@QEAAXAEBUSParameters@core@5@@Z 00000001400015b0 f i umodsys_lib_libmedia:umodsys.mod.media.stdio.obj
 0001:00000670       ?writer_seek@RStreamWriter_FILE@stdio@media@modules@UModSys@@UEAA_N_J@Z 0000000140001670 f i umodsys_lib_libmedia:umodsys.mod.media.stdio.obj
 0001:000006a0       ?writer_seekend@RStreamWriter_FILE@stdio@media@modules@UModSys@@UEAA_N_J@Z 00000001400016a0 f i umodsys_lib_libmedia:umodsys.mod.media.stdio.obj
 0001:000006d0       ?writer_seekdelta@RStreamWriter_FILE@stdio@media@modules@UModSys@@UEAA_N_J@Z 00000001400016d0 f i umodsys_lib_libmedia:umodsys.mod.media.stdio.obj
 0001:00000700       ?writer_setsize@RStreamWriter_FILE@stdio@media@modules@UModSys@@UEAA_N_J@Z 0000000140001700 f i umodsys_lib_libmedia:umodsys.mod.media.stdio.obj
 0001:00000760       ?writer_pos@RStreamWriter_FILE@stdio@media@modules@UModSys@@UEAA_JXZ 0000000140001760 f i umodsys_lib_libmedia:umodsys.mod.media.stdio.obj
 0001:00000790       ?writer_size@RStreamWriter_FILE@stdio@media@modules@UModSys@@UEAA_JXZ 0000000140001790 f i umodsys_lib_libmedia:umodsys.mod.media.stdio.obj
 0001:000007c0       ?writer_write@RStreamWriter_FILE@stdio@media@modules@UModSys@@UEAA_NPEBX_K@Z 00000001400017c0 f i umodsys_lib_libmedia:umodsys.mod.media.stdio.obj
 0001:00000870       ?writer_copy@RStreamWriter_FILE@stdio@media@modules@UModSys@@UEAA_NPEAUIStreamReader@libmedia@5@_J@Z 0000000140001870 f i umodsys_lib_libmedia:umodsys.mod.media.stdio.obj
 0001:00000920       ?writer_copy@RStreamWriter_FILE@stdio@media@modules@UModSys@@UEAA_NPEAUIStreamReader@libmedia@5@_J1@Z 0000000140001920 f i umodsys_lib_libmedia:umodsys.mod.media.stdio.obj
 0001:00000990       ?writer_close@RStreamWriter_FILE@stdio@media@modules@UModSys@@UEAAXXZ 0000000140001990 f i umodsys_lib_libmedia:umodsys.mod.media.stdio.obj
 0001:000009d0       ?writer_abort@RStreamWriter_FILE@stdio@media@modules@UModSys@@UEAAXXZ 00000001400019d0 f i umodsys_lib_libmedia:umodsys.mod.media.stdio.obj
 0001:00000a10       ??_ERStreamWriter_FILE@stdio@media@modules@UModSys@@UEAAPEAXI@Z 0000000140001a10 f i  CIL library: CIL module
 0001:00000a10       ??_GRStreamWriter_FILE@stdio@media@modules@UModSys@@UEAAPEAXI@Z 0000000140001a10 f i umodsys_lib_libmedia:umodsys.mod.media.stdio.obj
 0001:00000a70       ?get_generated_names@RGenerator@stdio@media@modules@UModSys@@UEBAHAEAUSUniquePtrList@core@5@@Z 0000000140001a70 f i umodsys_lib_libmedia:umodsys.mod.media.stdio.obj
 0001:00000ab0       ?get_generated_types@RGenerator@stdio@media@modules@UModSys@@UEBAHAEAUSUniquePtrList@core@5@PEBUSUniquePointerInfo@75@@Z 0000000140001ab0 f i umodsys_lib_libmedia:umodsys.mod.media.stdio.obj
 0001:00000b30       ?generate@RGenerator@stdio@media@modules@UModSys@@UEAA_NAEAU?$TRefObject@UIRefObject@core@UModSys@@@tl@5@PEBUSUniquePointerInfo@core@5@AEBUSParameters@95@@Z 0000000140001b30 f i umodsys_lib_libmedia:umodsys.mod.media.stdio.obj
 0001:00000c10       ?get_interface_info@RGenerator@stdio@media@modules@UModSys@@UEBAAEBUSUniquePointerInfo@core@5@XZ 0000000140001c10 f i umodsys_lib_libmedia:umodsys.mod.media.stdio.obj
 0001:00000c20       ?get_interface_type@RGenerator@stdio@media@modules@UModSys@@UEBAPEBUSUniquePointerInfo@core@5@XZ 0000000140001c20 f i umodsys_lib_libmedia:umodsys.mod.media.stdio.obj
 0001:00000c30       ?get_other_interface@RGenerator@stdio@media@modules@UModSys@@UEBAPEBUIRoot@core@5@PEBUSUniquePointerInfo@75@@Z 0000000140001c30 f i umodsys_lib_libmedia:umodsys.mod.media.stdio.obj
 0001:00000c30       ?get_other_interface@RGenerator@stdio@media@modules@UModSys@@UEAAPEAUIRoot@core@5@PEBUSUniquePointerInfo@75@@Z 0000000140001c30 f i umodsys_lib_libmedia:umodsys.mod.media.stdio.obj
 0001:00000c70       ?ref_links@RStreamWriter_FILE@stdio@media@modules@UModSys@@UEBAHXZ 0000000140001c70 f i umodsys_lib_libmedia:umodsys.mod.media.stdio.obj
 0001:00000c70       ?ref_links@RGenerator@stdio@media@modules@UModSys@@UEBAHXZ 0000000140001c70 f i umodsys_lib_libmedia:umodsys.mod.media.stdio.obj
 0001:00000c70       ?ref_links@RStreamReader_FILE@stdio@media@modules@UModSys@@UEBAHXZ 0000000140001c70 f i umodsys_lib_libmedia:umodsys.mod.media.stdio.obj
 0001:00000c80       ?suicide@RGenerator@stdio@media@modules@UModSys@@UEAAXXZ 0000000140001c80 f i umodsys_lib_libmedia:umodsys.mod.media.stdio.obj
 0001:00000c90       ?get_uid@RGenerator@stdio@media@modules@UModSys@@UEBAPEBUSUniquePointerInfo@core@5@XZ 0000000140001c90 f i umodsys_lib_libmedia:umodsys.mod.media.stdio.obj
 0001:00000ca0       ?do_open@RModuleReg@stdio@media@modules@UModSys@@UEAA_NXZ 0000000140001ca0 f i umodsys_lib_libmedia:umodsys.mod.media.stdio.obj
 0001:00000cb0       ?do_close@RModuleReg@stdio@media@modules@UModSys@@UEAA_NXZ 0000000140001cb0 f i umodsys_lib_libmedia:umodsys.mod.media.stdio.obj
 0001:00000cc0       ??_GRModuleReg@stdio@media@modules@UModSys@@UEAAPEAXI@Z 0000000140001cc0 f i umodsys_lib_libmedia:umodsys.mod.media.stdio.obj
 0001:00000cc0       ??_ERModuleReg@stdio@media@modules@UModSys@@UEAAPEAXI@Z 0000000140001cc0 f i  CIL library: CIL module
 0001:00000cf0       ??_ERGenerator@stdio@media@modules@UModSys@@UEAAPEAXI@Z 0000000140001cf0 f i  CIL library: CIL module
 0001:00000cf0       ??_GRGenerator@stdio@media@modules@UModSys@@UEAAPEAXI@Z 0000000140001cf0 f i umodsys_lib_libmedia:umodsys.mod.media.stdio.obj
 0001:00000cf0       ??_GIRefObject@core@UModSys@@UEAAPEAXI@Z 0000000140001cf0 f i umodsys_lib_libmedia:umodsys.mod.media.stdio.obj
 0001:00000cf0       ??_EIRefObject@core@UModSys@@UEAAPEAXI@Z 0000000140001cf0 f i  CIL library: CIL module
 0001:00000d10       ??$ValidateConstruction@UIRefObject@core@UModSys@@URStreamReader_FILE@stdio@media@modules@3@@core@UModSys@@YA_NAEAU?$TRefObject@UIRefObject@core@UModSys@@@tl@1@PEAURStreamReader_FILE@stdio@media@modules@1@@Z 0000000140001d10 f i umodsys_lib_libmedia:umodsys.mod.media.stdio.obj
 0001:00000d90       ??$ValidateConstruction@UIRefObject@core@UModSys@@URStreamWriter_FILE@stdio@media@modules@3@@core@UModSys@@YA_NAEAU?$TRefObject@UIRefObject@core@UModSys@@@tl@1@PEAURStreamWriter_FILE@stdio@media@modules@1@@Z 0000000140001d90 f i umodsys_lib_libmedia:umodsys.mod.media.stdio.obj
 0001:00000e10       ??$_Ref_set@UIRefObject@core@UModSys@@U123@@tl@UModSys@@YAXAEAPEAUIRefObject@core@1@PEAU231@@Z 0000000140001e10 f i umodsys_lib_libmedia:umodsys.mod.media.stdio.obj
 0001:00000e50       ?get_interface_info@RConsole_std@rsystem@base@UModSys@@UEBAAEBUSUniquePointerInfo@core@4@XZ 0000000140001e50 f i umodsys_lib_basesys:umodsys.basesys.rconsole_std.obj
 0001:00000e60       ?get_interface_type@RConsole_std@rsystem@base@UModSys@@UEBAPEBUSUniquePointerInfo@core@4@XZ 0000000140001e60 f i umodsys_lib_basesys:umodsys.basesys.rconsole_std.obj
 0001:00000e70       ?get_other_interface@RConsole_std@rsystem@base@UModSys@@UEBAPEBUIRoot@core@4@PEBUSUniquePointerInfo@64@@Z 0000000140001e70 f i umodsys_lib_basesys:umodsys.basesys.rconsole_std.obj
 0001:00000e70       ?get_other_interface@RConsole_std@rsystem@base@UModSys@@UEAAPEAUIRoot@core@4@PEBUSUniquePointerInfo@64@@Z 0000000140001e70 f i umodsys_lib_basesys:umodsys.basesys.rconsole_std.obj
 0001:00000ea0       ??_ERConsole_std@rsystem@base@UModSys@@UEAAPEAXI@Z 0000000140001ea0 f i  CIL library: CIL module
 0001:00000ea0       ??_GRConsole_std@rsystem@base@UModSys@@UEAAPEAXI@Z 0000000140001ea0 f i umodsys_lib_basesys:umodsys.basesys.rconsole_std.obj
 0001:00000ec0       ??_EIConsole@base@UModSys@@UEAAPEAXI@Z 0000000140001ec0 f i  CIL library: CIL module
 0001:00000ec0       ??_GIConsole@base@UModSys@@UEAAPEAXI@Z 0000000140001ec0 f i umodsys_lib_basesys:umodsys.basesys.rconsole_std.obj
 0001:00000ee0       ?decode_error@EExceptionBase@core@UModSys@@UEBAHPEAD_K@Z 0000000140001ee0 f i umodsys_lib_basesys:umodsys.basesys.rsystem_main.obj
 0001:00000f20       ?decode_error@EFatal@core@UModSys@@UEBAHPEAD_K@Z 0000000140001f20 f i umodsys_lib_basesys:umodsys.basesys.rsystem_main.obj
 0001:00000f60       ??_GEWarning@core@UModSys@@UEAAPEAXI@Z 0000000140001f60 f i umodsys_lib_basesys:umodsys.basesys.rsystem_main.obj
 0001:00000f60       ??_EEWarning@core@UModSys@@UEAAPEAXI@Z 0000000140001f60 f i  CIL library: CIL module
 0001:00000f60       ??_EEExceptionBase@core@UModSys@@UEAAPEAXI@Z 0000000140001f60 f i  CIL library: CIL module
 0001:00000f60       ??_EEFatal@core@UModSys@@UEAAPEAXI@Z 0000000140001f60 f i  CIL library: CIL module
 0001:00000f60       ??_GEFatal@core@UModSys@@UEAAPEAXI@Z 0000000140001f60 f i umodsys_lib_basesys:umodsys.basesys.rsystem_main.obj
 0001:00000f60       ??_GEExceptionBase@core@UModSys@@UEAAPEAXI@Z 0000000140001f60 f i umodsys_lib_basesys:umodsys.basesys.rsystem_main.obj
 0001:00000f90       ?decode_error@EWarning@core@UModSys@@UEBAHPEAD_K@Z 0000000140001f90 f i umodsys_lib_basesys:umodsys.basesys.rsystem_main.obj
 0001:00000fd0       ??1EFatal@core@UModSys@@UEAA@XZ 0000000140001fd0 f i umodsys_lib_basesys:umodsys.basesys.rsystem_main.obj
 0001:00000fd0       ??1EWarning@core@UModSys@@UEAA@XZ 0000000140001fd0 f i umodsys_lib_basesys:umodsys.basesys.rsystem_main.obj
 0001:00000fe0       ?get_interface_info@ISystem@base@UModSys@@UEBAAEBUSUniquePointerInfo@core@3@XZ 0000000140001fe0 f i umodsys_lib_basesys:umodsys.basesys.rsystem_main.obj
 0001:00000ff0       ?get_interface_type@ISystem@base@UModSys@@UEBAPEBUSUniquePointerInfo@core@3@XZ 0000000140001ff0 f i umodsys_lib_basesys:umodsys.basesys.rsystem_main.obj
 0001:00001000       ?get_other_interface@ISystem@base@UModSys@@UEBAPEBUIRoot@core@3@PEBUSUniquePointerInfo@53@@Z 0000000140002000 f i umodsys_lib_basesys:umodsys.basesys.rsystem_main.obj
 0001:00001000       ?get_other_interface@ISystem@base@UModSys@@UEAAPEAUIRoot@core@3@PEBUSUniquePointerInfo@53@@Z 0000000140002000 f i umodsys_lib_basesys:umodsys.basesys.rsystem_main.obj
 0001:00001020       ?get_interface_info@RSystem@rsystem@base@UModSys@@UEBAAEBUSUniquePointerInfo@core@4@XZ 0000000140002020 f i umodsys_lib_basesys:umodsys.basesys.rsystem_main.obj
 0001:00001030       ?get_interface_type@RSystem@rsystem@base@UModSys@@UEBAPEBUSUniquePointerInfo@core@4@XZ 0000000140002030 f i umodsys_lib_basesys:umodsys.basesys.rsystem_main.obj
 0001:00001040       ?get_other_interface@RSystem@rsystem@base@UModSys@@UEAAPEAUIRoot@core@4@PEBUSUniquePointerInfo@64@@Z 0000000140002040 f i umodsys_lib_basesys:umodsys.basesys.rsystem_main.obj
 0001:00001040       ?get_other_interface@RSystem@rsystem@base@UModSys@@UEBAPEBUIRoot@core@4@PEBUSUniquePointerInfo@64@@Z 0000000140002040 f i umodsys_lib_basesys:umodsys.basesys.rsystem_main.obj
 0001:00001060       ??_GRSystem@rsystem@base@UModSys@@UEAAPEAXI@Z 0000000140002060 f i umodsys_lib_basesys:umodsys.basesys.rsystem_main.obj
 0001:00001060       ??_ERSystem@rsystem@base@UModSys@@UEAAPEAXI@Z 0000000140002060 f i  CIL library: CIL module
 0001:00001080       ??_GISystem@base@UModSys@@UEAAPEAXI@Z 0000000140002080 f i umodsys_lib_basesys:umodsys.basesys.rsystem_main.obj
 0001:00001080       ??_EISystem@base@UModSys@@UEAAPEAXI@Z 0000000140002080 f i  CIL library: CIL module
 0001:000010a0       ??1?$TStaticStringPool@DU?$TComparerBinaryHash@D@su@tl@UModSys@@USMemAlloc_Malloc@core@4@@tl@UModSys@@QEAA@XZ 00000001400020a0 f i umodsys_lib_basesys:umodsys.basesys.rsystem_main.obj
 0001:000010b0       ??1?$TQuantArrayUnique@USUniquePointerInfo@core@UModSys@@$0BAA@USMemAlloc_Malloc@23@@tl@UModSys@@QEAA@XZ 00000001400020b0 f i umodsys_lib_basesys:umodsys.basesys.rsystem_main.obj
 0001:00001100       ??1?$TTreeHoldRBD@U?$TQuantArrayNode@USSourceContext@core@UModSys@@$0BAA@@tl@UModSys@@U?$TNodeDeleter@U?$TQuantArrayNode@USSourceContext@core@UModSys@@$0BAA@@tl@UModSys@@USMemAlloc_Malloc@core@3@@23@@tl@UModSys@@QEAA@XZ 0000000140002100 f i umodsys_lib_basesys:umodsys.basesys.rsystem_main.obj
 0001:00001100       ??1?$TTreeHoldRBD@U?$TQuantArrayNode@USUniquePointerInfo@core@UModSys@@$0BAA@@tl@UModSys@@U?$TNodeDeleter@U?$TQuantArrayNode@USUniquePointerInfo@core@UModSys@@$0BAA@@tl@UModSys@@USMemAlloc_Malloc@core@3@@23@@tl@UModSys@@QEAA@XZ 0000000140002100 f i umodsys_lib_basesys:umodsys.basesys.rsystem_main.obj
 0001:00001120       ??0?$TRMemAlloc_CC@U?$TMemAllocHeader@USMagic@mem_headers@rsystem@base@UModSys@@U?$TPool@X@2345@USDebug@2345@UVoid@core@5@@rsystem@base@UModSys@@USMemAlloc_Malloc@core@4@@rsystem@base@UModSys@@QEAA@PEAUIExceptionHandler@core@3@@Z 0000000140002120 f i umodsys_lib_basesys:umodsys.basesys.rsystem_main.obj
 0001:00001140       ??1?$TRMemAlloc_CC@U?$TMemAllocHeader@USMagic@mem_headers@rsystem@base@UModSys@@U?$TPool@X@2345@USDebug@2345@UVoid@core@5@@rsystem@base@UModSys@@USMemAlloc_Malloc@core@4@@rsystem@base@UModSys@@QEAA@XZ 0000000140002140 f i umodsys_lib_basesys:umodsys.basesys.rsystem_main.obj
 0001:00001150       ?mem_alloc@?$TRMemAlloc_CC@U?$TMemAllocHeader@USMagic@mem_headers@rsystem@base@UModSys@@U?$TPool@X@2345@USDebug@2345@UVoid@core@5@@rsystem@base@UModSys@@USMemAlloc_Malloc@core@4@@rsystem@base@UModSys@@UEAAPEAX_KPEBUSSourceContext@core@4@@Z 0000000140002150 f i umodsys_lib_basesys:umodsys.basesys.rsystem_main.obj
 0001:000011b0       ?mem_realloc@?$TRMemAlloc_CC@U?$TMemAllocHeader@USMagic@mem_headers@rsystem@base@UModSys@@U?$TPool@X@2345@USDebug@2345@UVoid@core@5@@rsystem@base@UModSys@@USMemAlloc_Malloc@core@4@@rsystem@base@UModSys@@UEAAPEAXPEAX_KPEBUSSourceContext@core@4@@Z 00000001400021b0 f i umodsys_lib_basesys:umodsys.basesys.rsystem_main.obj
 0001:000013e0       ?mem_free@?$TRMemAlloc_CC@U?$TMemAllocHeader@USMagic@mem_headers@rsystem@base@UModSys@@U?$TPool@X@2345@USDebug@2345@UVoid@core@5@@rsystem@base@UModSys@@USMemAlloc_Malloc@core@4@@rsystem@base@UModSys@@UEAAXPEAXPEBUSSourceContext@core@4@@Z 00000001400023e0 f i umodsys_lib_basesys:umodsys.basesys.rsystem_main.obj
 0001:000014a0       ?free@?$TStaticStringPool@DU?$TComparerBinaryHash@D@su@tl@UModSys@@USMemAlloc_Malloc@core@4@@tl@UModSys@@QEAAXXZ 00000001400024a0 f i umodsys_lib_basesys:umodsys.basesys.rsystem_main.obj
 0001:00001500       ??$process_nodes@U?$TNodeDeleter@U?$TQuantArrayNode@USSourceContext@core@UModSys@@$0BAA@@tl@UModSys@@USMemAlloc_Malloc@core@3@@tl@UModSys@@@?$TTreeHoldRB@U?$TQuantArrayNode@USSourceContext@core@UModSys@@$0BAA@@tl@UModSys@@@tl@UModSys@@QEAAHAEBU?$TNodeDeleter@U?$TQuantArrayNode@USSourceContext@core@UModSys@@$0BAA@@tl@UModSys@@USMemAlloc_Malloc@core@3@@12@@Z 0000000140002500 f i umodsys_lib_basesys:umodsys.basesys.rsystem_main.obj
 0001:00001500       ??$process_nodes@U?$TNodeDeleter@U?$TQuantArrayNode@USUniquePointerInfo@core@UModSys@@$0BAA@@tl@UModSys@@USMemAlloc_Malloc@core@3@@tl@UModSys@@@?$TTreeHoldRB@U?$TQuantArrayNode@USUniquePointerInfo@core@UModSys@@$0BAA@@tl@UModSys@@@tl@UModSys@@QEAAHAEBU?$TNodeDeleter@U?$TQuantArrayNode@USUniquePointerInfo@core@UModSys@@$0BAA@@tl@UModSys@@USMemAlloc_Malloc@core@3@@12@@Z 0000000140002500 f i umodsys_lib_basesys:umodsys.basesys.rsystem_main.obj
 0001:00001580       ??$process@UEFatal@core@UModSys@@@IExceptionHandler@core@UModSys@@QEAAXAEBUEFatal@12@@Z 0000000140002580 f i umodsys_lib_basesys:umodsys.basesys.rsystem_main.obj
 0001:000015f0       ??$process_nodes_r@U?$TNodeDeleter@U?$TQuantArrayNode@USSourceContext@core@UModSys@@$0BAA@@tl@UModSys@@USMemAlloc_Malloc@core@3@@tl@UModSys@@@?$TTreeHoldRB@U?$TQuantArrayNode@USSourceContext@core@UModSys@@$0BAA@@tl@UModSys@@@tl@UModSys@@KAHPEAU?$TQuantArrayNode@USSourceContext@core@UModSys@@$0BAA@@12@AEBU?$TNodeDeleter@U?$TQuantArrayNode@USSourceContext@core@UModSys@@$0BAA@@tl@UModSys@@USMemAlloc_Malloc@core@3@@12@@Z 00000001400025f0 f i umodsys_lib_basesys:umodsys.basesys.rsystem_main.obj
 0001:000015f0       ??$process_nodes_r@U?$TNodeDeleter@U?$TQuantArrayNode@USUniquePointerInfo@core@UModSys@@$0BAA@@tl@UModSys@@USMemAlloc_Malloc@core@3@@tl@UModSys@@@?$TTreeHoldRB@U?$TQuantArrayNode@USUniquePointerInfo@core@UModSys@@$0BAA@@tl@UModSys@@@tl@UModSys@@KAHPEAU?$TQuantArrayNode@USUniquePointerInfo@core@UModSys@@$0BAA@@12@AEBU?$TNodeDeleter@U?$TQuantArrayNode@USUniquePointerInfo@core@UModSys@@$0BAA@@tl@UModSys@@USMemAlloc_Malloc@core@3@@12@@Z 00000001400025f0 f i umodsys_lib_basesys:umodsys.basesys.rsystem_main.obj
 0001:00001660       ??0EFatal@core@UModSys@@QEAA@AEBU012@@Z 0000000140002660 f i umodsys_lib_basesys:umodsys.basesys.rsystem_main.obj
 0001:000016a0       ??0EExceptionBase@core@UModSys@@QEAA@AEBU012@@Z 00000001400026a0 f i umodsys_lib_basesys:umodsys.basesys.rsystem_main.obj
 0001:000016e0       ??0EWarning@core@UModSys@@QEAA@AEBU012@@Z 00000001400026e0 f i umodsys_lib_basesys:umodsys.basesys.rsystem_main.obj
 0001:00001720       ??1?$TParametersA@$0EAA@@core@UModSys@@QEAA@XZ 0000000140002720 f i umodsys_lib_basesys:umodsys.basesys.rsystem_tests.obj
 0001:00001740       ??_GRModuleLoader@rsystem@base@UModSys@@UEAAPEAXI@Z 0000000140002740 f i umodsys_lib_basesys:umodsys.basesys.rmoduleloader.obj
 0001:00001740       ??_ERModuleLoader@rsystem@base@UModSys@@UEAAPEAXI@Z 0000000140002740 f i  CIL library: CIL module
 0001:00001770       ??_GIModuleLoader@base@UModSys@@UEAAPEAXI@Z 0000000140002770 f i umodsys_lib_basesys:umodsys.basesys.rmoduleloader.obj
 0001:00001770       ??_EIModuleLoader@base@UModSys@@UEAAPEAXI@Z 0000000140002770 f i  CIL library: CIL module
 0001:000017a0       ??1?$TDynarrayDynamic@U?$TRefObject@URModuleLibrarySO@rsystem@base@UModSys@@@tl@UModSys@@U?$TAllocator@USMemAlloc_Malloc@core@UModSys@@USCountCalcPower2@23@@23@@tl@UModSys@@QEAA@XZ 00000001400027a0 f i umodsys_lib_basesys:umodsys.basesys.rmoduleloader.obj
 0001:00001800       ?append@?$TStaticStringPool@DU?$TComparerBinaryHash@D@su@tl@UModSys@@USMemAlloc_Malloc@core@4@@tl@UModSys@@QEAAPEBU?$TString@U?$TSCoreConst@D@su@tl@UModSys@@U?$TComparerBinaryHash@D@234@@23@PEBD_K@Z 0000000140002800 f i umodsys_lib_basesys:umodsys.basesys.rmoduleloader.obj
 0001:00001a80       ?ResizeRel@?$TDynarray@U?$TDynarrayHolderDynamic@U?$TRefObject@URModuleLibrarySO@rsystem@base@UModSys@@@tl@UModSys@@U?$TAllocator@USMemAlloc_Malloc@core@UModSys@@USCountCalcPower2@23@@23@@tl@UModSys@@@tl@UModSys@@QEAA_N_J@Z 0000000140002a80 f i umodsys_lib_basesys:umodsys.basesys.rmoduleloader.obj
 0001:00001b30       ?ReLink@?$TDynarray@U?$TDynarrayHolderDynamic@U?$TRefObject@URModuleLibrarySO@rsystem@base@UModSys@@@tl@UModSys@@U?$TAllocator@USMemAlloc_Malloc@core@UModSys@@USCountCalcPower2@23@@23@@tl@UModSys@@@tl@UModSys@@IEAA_N_K@Z 0000000140002b30 f i umodsys_lib_basesys:umodsys.basesys.rmoduleloader.obj
 0001:00001b30       ?ReLink@?$TDynarray@U?$TDynarrayHolderDynamic@U?$TRefObject@URModule@rsystem@base@UModSys@@@tl@UModSys@@U?$TAllocator@USMemAlloc_Malloc@core@UModSys@@USCountCalcPower2@23@@23@@tl@UModSys@@@tl@UModSys@@IEAA_N_K@Z 0000000140002b30 f i umodsys_lib_basesys:umodsys.basesys.rmodulelib.obj
 0001:00001ba0       ?items_destruct@?$TDynarray@U?$TDynarrayHolderDynamic@U?$TRefObject@URModuleLibrarySO@rsystem@base@UModSys@@@tl@UModSys@@U?$TAllocator@USMemAlloc_Malloc@core@UModSys@@USCountCalcPower2@23@@23@@tl@UModSys@@@tl@UModSys@@IEAAX_K0@Z 0000000140002ba0 f i umodsys_lib_basesys:umodsys.basesys.rmoduleloader.obj
 0001:00001c10       ??1?$TRefObject@URGenerator@stdio@media@modules@UModSys@@@tl@UModSys@@QEAA@XZ 0000000140002c10 f i umodsys_lib_libmedia:umodsys.mod.media.stdio.obj
 0001:00001c10       ??1?$TRefObject@UIModuleLibraryUni@rsystem@base@UModSys@@@tl@UModSys@@QEAA@XZ 0000000140002c10 f i umodsys_lib_basesys:umodsys.basesys.rmodule.obj
 0001:00001c10       ??1?$TRefObject@UIShell@base@UModSys@@@tl@UModSys@@QEAA@XZ 0000000140002c10 f i umodsys_lib_basesys:umodsys.basesys.rsystem_tests.obj
 0001:00001c10       ??1?$TRefObject@URParameters@rsystem@base@UModSys@@@tl@UModSys@@QEAA@XZ 0000000140002c10 f i umodsys_lib_basesys:umodsys.basesys.rsystem_main.obj
 0001:00001c10       ??1?$TRefObject@URModuleLibrarySO@rsystem@base@UModSys@@@tl@UModSys@@QEAA@XZ 0000000140002c10 f i umodsys_lib_basesys:umodsys.basesys.rmoduleloader.obj
 0001:00001c10       ??1?$TRefObject@URStreamReader_FILE@stdio@media@modules@UModSys@@@tl@UModSys@@QEAA@XZ 0000000140002c10 f i umodsys_lib_libmedia:umodsys.mod.media.stdio.obj
 0001:00001c10       ??1?$TRefObject@UIRefObject@core@UModSys@@@tl@UModSys@@QEAA@XZ 0000000140002c10 f i umodsys_lib_basesys:umodsys.basesys.rsystem_tests.obj
 0001:00001c10       ??1?$TRefObject@URStreamWriter_FILE@stdio@media@modules@UModSys@@@tl@UModSys@@QEAA@XZ 0000000140002c10 f i umodsys_lib_libmedia:umodsys.mod.media.stdio.obj
 0001:00001c40       ?find_s@?$TStaticStringPool@DU?$TComparerBinaryHash@D@su@tl@UModSys@@USMemAlloc_Malloc@core@4@@tl@UModSys@@QEBAPEBU?$TString@U?$TSCoreConst@D@su@tl@UModSys@@U?$TComparerBinaryHash@D@234@@23@AEBU423@@Z 0000000140002c40 f i umodsys_lib_basesys:umodsys.basesys.rmoduleloader.obj
 0001:00001ce0       ?get_interface_info@RModuleLibraryThis@rsystem@base@UModSys@@UEBAAEBUSUniquePointerInfo@core@4@XZ 0000000140002ce0 f i umodsys_lib_basesys:umodsys.basesys.rmodulelibthis.obj
 0001:00001cf0       ?get_interface_type@RModuleLibraryThis@rsystem@base@UModSys@@UEBAPEBUSUniquePointerInfo@core@4@XZ 0000000140002cf0 f i umodsys_lib_basesys:umodsys.basesys.rmodulelibthis.obj
 0001:00001d00       ?get_other_interface@RModuleLibraryThis@rsystem@base@UModSys@@UEAAPEAUIRoot@core@4@PEBUSUniquePointerInfo@64@@Z 0000000140002d00 f i umodsys_lib_basesys:umodsys.basesys.rmodulelibthis.obj
 0001:00001d00       ?get_other_interface@RModuleLibraryThis@rsystem@base@UModSys@@UEBAPEBUIRoot@core@4@PEBUSUniquePointerInfo@64@@Z 0000000140002d00 f i umodsys_lib_basesys:umodsys.basesys.rmodulelibthis.obj
 0001:00001d40       ?ref_add@RModuleLibraryThis@rsystem@base@UModSys@@UEBAXXZ 0000000140002d40 f i umodsys_lib_basesys:umodsys.basesys.rmodulelibthis.obj
 0001:00001d50       ?ref_remove@RModuleLibraryThis@rsystem@base@UModSys@@UEBAXXZ 0000000140002d50 f i umodsys_lib_basesys:umodsys.basesys.rmodulelibthis.obj
 0001:00001d70       ?ref_links@RModuleLibraryThis@rsystem@base@UModSys@@UEBAHXZ 0000000140002d70 f i umodsys_lib_basesys:umodsys.basesys.rmodulelibthis.obj
 0001:00001d80       ?suicide@RModuleLibraryThis@rsystem@base@UModSys@@UEAAXXZ 0000000140002d80 f i umodsys_lib_basesys:umodsys.basesys.rmodulelibthis.obj
 0001:00001db0       ??_GRModuleLibraryThis@rsystem@base@UModSys@@UEAAPEAXI@Z 0000000140002db0 f i umodsys_lib_basesys:umodsys.basesys.rmodulelibthis.obj
 0001:00001db0       ??_ERModuleLibraryThis@rsystem@base@UModSys@@UEAAPEAXI@Z 0000000140002db0 f i  CIL library: CIL module
 0001:00001dd0       ??_EIModuleLibraryUni@rsystem@base@UModSys@@UEAAPEAXI@Z 0000000140002dd0 f i  CIL library: CIL module
 0001:00001dd0       ??_GIModuleLibraryUni@rsystem@base@UModSys@@UEAAPEAXI@Z 0000000140002dd0 f i umodsys_lib_basesys:umodsys.basesys.rmodulelib.obj
 0001:00001df0       ??_GIModuleLibrary@base@UModSys@@UEAAPEAXI@Z 0000000140002df0 f i umodsys_lib_basesys:umodsys.basesys.rmodulelib.obj
 0001:00001df0       ??_EIModuleLibrary@base@UModSys@@UEAAPEAXI@Z 0000000140002df0 f i  CIL library: CIL module
 0001:00001e10       ?ResizeRel@?$TDynarray@U?$TDynarrayHolderDynamic@U?$TRefObject@URModule@rsystem@base@UModSys@@@tl@UModSys@@U?$TAllocator@USMemAlloc_Malloc@core@UModSys@@USCountCalcPower2@23@@23@@tl@UModSys@@@tl@UModSys@@QEAA_N_J@Z 0000000140002e10 f i umodsys_lib_basesys:umodsys.basesys.rmodulelib.obj
 0001:00001f10       ?find@?$TQuantArrayUnique@USSourceContext@core@UModSys@@$0BAA@USMemAlloc_Malloc@23@@tl@UModSys@@QEAAPEBUSSourceContext@core@3@AEBU453@@Z 0000000140002f10 f i umodsys_lib_basesys:umodsys.basesys.rsystem.obj
 0001:00001f10       ?find@?$TQuantArrayUnique@USUniquePointerInfo@core@UModSys@@$0BAA@USMemAlloc_Malloc@23@@tl@UModSys@@QEAAPEBUSUniquePointerInfo@core@3@AEBU453@@Z 0000000140002f10 f i umodsys_lib_basesys:umodsys.basesys.rsystem.obj
 0001:00002040       ?add@?$TQuantArrayUnique@USSourceContext@core@UModSys@@$0BAA@USMemAlloc_Malloc@23@@tl@UModSys@@QEAAPEAUSSourceContext@core@3@AEBU453@@Z 0000000140003040 f i umodsys_lib_basesys:umodsys.basesys.rsystem.obj
 0001:00002040       ?add@?$TQuantArrayUnique@USUniquePointerInfo@core@UModSys@@$0BAA@USMemAlloc_Malloc@23@@tl@UModSys@@QEAAPEAUSUniquePointerInfo@core@3@AEBU453@@Z 0000000140003040 f i umodsys_lib_basesys:umodsys.basesys.rsystem.obj
 0001:000021d0       ?s_last@?$TQuantArrayUnique@USSourceContext@core@UModSys@@$0BAA@USMemAlloc_Malloc@23@@tl@UModSys@@KAHPEBU?$TQuantArrayNode@USSourceContext@core@UModSys@@$0BAA@@23@0@Z 00000001400031d0 f i umodsys_lib_basesys:umodsys.basesys.rsystem.obj
 0001:000021d0       ?s_last@?$TQuantArrayUnique@USUniquePointerInfo@core@UModSys@@$0BAA@USMemAlloc_Malloc@23@@tl@UModSys@@KAHPEBU?$TQuantArrayNode@USUniquePointerInfo@core@UModSys@@$0BAA@@23@0@Z 00000001400031d0 f i umodsys_lib_basesys:umodsys.basesys.rsystem.obj
 0001:000021e0       ??$insert_node_m@P6AHPEBU?$TQuantArrayNode@USSourceContext@core@UModSys@@$0BAA@@tl@UModSys@@0@Z@?$TTreeHoldRB@U?$TQuantArrayNode@USSourceContext@core@UModSys@@$0BAA@@tl@UModSys@@@tl@UModSys@@QEAAPEAU?$TQuantArrayNode@USSourceContext@core@UModSys@@$0BAA@@12@PEAU312@P6AHPEBU312@1@Z@Z 00000001400031e0 f i umodsys_lib_basesys:umodsys.basesys.rsystem.obj
 0001:000021e0       ??$insert_node_m@P6AHPEBU?$TQuantArrayNode@USUniquePointerInfo@core@UModSys@@$0BAA@@tl@UModSys@@0@Z@?$TTreeHoldRB@U?$TQuantArrayNode@USUniquePointerInfo@core@UModSys@@$0BAA@@tl@UModSys@@@tl@UModSys@@QEAAPEAU?$TQuantArrayNode@USUniquePointerInfo@core@UModSys@@$0BAA@@12@PEAU312@P6AHPEBU312@1@Z@Z 00000001400031e0 f i umodsys_lib_basesys:umodsys.basesys.rsystem.obj
 0001:00002290       ?insert_color@?$TTreeHoldRB@U?$TQuantArrayNode@USUniquePointerInfo@core@UModSys@@$0BAA@@tl@UModSys@@@tl@UModSys@@IEAAXPEAU?$TQuantArrayNode@USUniquePointerInfo@core@UModSys@@$0BAA@@23@@Z 0000000140003290 f i umodsys_lib_basesys:umodsys.basesys.rsystem.obj
 0001:00002290       ?insert_color@?$TTreeHoldRB@U?$TQuantArrayNode@USSourceContext@core@UModSys@@$0BAA@@tl@UModSys@@@tl@UModSys@@IEAAXPEAU?$TQuantArrayNode@USSourceContext@core@UModSys@@$0BAA@@23@@Z 0000000140003290 f i umodsys_lib_basesys:umodsys.basesys.rsystem.obj
 0001:00002440       ?get_interface_info@RParameters@rsystem@base@UModSys@@UEBAAEBUSUniquePointerInfo@core@4@XZ 0000000140003440 f i umodsys_lib_basesys:umodsys.basesys.rparameters.obj
 0001:00002450       ?get_interface_type@RParameters@rsystem@base@UModSys@@UEBAPEBUSUniquePointerInfo@core@4@XZ 0000000140003450 f i umodsys_lib_basesys:umodsys.basesys.rparameters.obj
 0001:00002460       ?get_other_interface@RParameters@rsystem@base@UModSys@@UEBAPEBUIRoot@core@4@PEBUSUniquePointerInfo@64@@Z 0000000140003460 f i umodsys_lib_basesys:umodsys.basesys.rparameters.obj
 0001:00002460       ?get_other_interface@RParameters@rsystem@base@UModSys@@UEAAPEAUIRoot@core@4@PEBUSUniquePointerInfo@64@@Z 0000000140003460 f i umodsys_lib_basesys:umodsys.basesys.rparameters.obj
 0001:00002490       ?ref_add@RParameters@rsystem@base@UModSys@@UEBAXXZ 0000000140003490 f i umodsys_lib_basesys:umodsys.basesys.rparameters.obj
 0001:000024a0       ?ref_remove@RParameters@rsystem@base@UModSys@@UEBAXXZ 00000001400034a0 f i umodsys_lib_basesys:umodsys.basesys.rparameters.obj
 0001:000024c0       ?ref_links@RParameters@rsystem@base@UModSys@@UEBAHXZ 00000001400034c0 f i umodsys_lib_basesys:umodsys.basesys.rparameters.obj
 0001:000024d0       ?suicide@RParameters@rsystem@base@UModSys@@UEAAXXZ 00000001400034d0 f i umodsys_lib_basesys:umodsys.basesys.rparameters.obj
 0001:00002500       ??_ERParameters@rsystem@base@UModSys@@UEAAPEAXI@Z 0000000140003500 f i  CIL library: CIL module
 0001:00002500       ??_GRParameters@rsystem@base@UModSys@@UEAAPEAXI@Z 0000000140003500 f i umodsys_lib_basesys:umodsys.basesys.rparameters.obj
 0001:00002520       ??$shash@D@su@tl@UModSys@@YAHPEBD@Z 0000000140003520 f i umodsys_lib_basesys:umodsys.basesys.rparameters.obj
 0001:00002550       ?get_interface_info@RModule@rsystem@base@UModSys@@UEBAAEBUSUniquePointerInfo@core@4@XZ 0000000140003550 f i umodsys_lib_basesys:umodsys.basesys.rmodule.obj
 0001:00002560       ?get_interface_type@RModule@rsystem@base@UModSys@@UEBAPEBUSUniquePointerInfo@core@4@XZ 0000000140003560 f i umodsys_lib_basesys:umodsys.basesys.rmodule.obj
 0001:00002570       ?get_interface_types@RModuleLibrarySO@rsystem@base@UModSys@@UEBA_KAEAUSUniquePtrList@core@4@@Z 0000000140003570 f i umodsys_lib_basesys:umodsys.basesys.rmodulelibso.obj
 0001:00002570       ?get_interface_types@RGenerator@stdio@media@modules@UModSys@@UEBA_KAEAUSUniquePtrList@core@5@@Z 0000000140003570 f i umodsys_lib_libmedia:umodsys.mod.media.stdio.obj
 0001:00002570       ?get_interface_types@RModuleLibraryThis@rsystem@base@UModSys@@UEBA_KAEAUSUniquePtrList@core@4@@Z 0000000140003570 f i umodsys_lib_basesys:umodsys.basesys.rmodulelibthis.obj
 0001:00002570       ?get_interface_types@RModule@rsystem@base@UModSys@@UEBA_KAEAUSUniquePtrList@core@4@@Z 0000000140003570 f i umodsys_lib_basesys:umodsys.basesys.rmodule.obj
 0001:00002570       ?get_interface_types@RParameters@rsystem@base@UModSys@@UEBA_KAEAUSUniquePtrList@core@4@@Z 0000000140003570 f i umodsys_lib_basesys:umodsys.basesys.rparameters.obj
 0001:00002570       ?get_interface_types@RConsole_std@rsystem@base@UModSys@@UEBA_KAEAUSUniquePtrList@core@4@@Z 0000000140003570 f i umodsys_lib_basesys:umodsys.basesys.rconsole_std.obj
 0001:00002570       ?get_interface_types@ISystem@base@UModSys@@UEBA_KAEAUSUniquePtrList@core@3@@Z 0000000140003570 f i umodsys_lib_basesys:umodsys.basesys.rsystem_main.obj
 0001:00002570       ?get_interface_types@RStreamReader_FILE@stdio@media@modules@UModSys@@UEBA_KAEAUSUniquePtrList@core@5@@Z 0000000140003570 f i umodsys_lib_libmedia:umodsys.mod.media.stdio.obj
 0001:00002570       ?get_interface_types@RSystem@rsystem@base@UModSys@@UEBA_KAEAUSUniquePtrList@core@4@@Z 0000000140003570 f i umodsys_lib_basesys:umodsys.basesys.rsystem_main.obj
 0001:00002570       ?get_interface_types@RStreamWriter_FILE@stdio@media@modules@UModSys@@UEBA_KAEAUSUniquePtrList@core@5@@Z 0000000140003570 f i umodsys_lib_libmedia:umodsys.mod.media.stdio.obj
 0001:00002580       ?get_other_interface@RModule@rsystem@base@UModSys@@UEAAPEAUIRoot@core@4@PEBUSUniquePointerInfo@64@@Z 0000000140003580 f i umodsys_lib_basesys:umodsys.basesys.rmodule.obj
 0001:00002580       ?get_other_interface@RModule@rsystem@base@UModSys@@UEBAPEBUIRoot@core@4@PEBUSUniquePointerInfo@64@@Z 0000000140003580 f i umodsys_lib_basesys:umodsys.basesys.rmodule.obj
 0001:000025b0       ?ref_add@RModule@rsystem@base@UModSys@@UEBAXXZ 00000001400035b0 f i umodsys_lib_basesys:umodsys.basesys.rmodule.obj
 0001:000025c0       ?ref_remove@RModule@rsystem@base@UModSys@@UEBAXXZ 00000001400035c0 f i umodsys_lib_basesys:umodsys.basesys.rmodule.obj
 0001:000025e0       ?ref_links@RModule@rsystem@base@UModSys@@UEBAHXZ 00000001400035e0 f i umodsys_lib_basesys:umodsys.basesys.rmodule.obj
 0001:000025f0       ?suicide@RModule@rsystem@base@UModSys@@UEAAXXZ 00000001400035f0 f i umodsys_lib_basesys:umodsys.basesys.rmodule.obj
 0001:00002650       ??_ERModule@rsystem@base@UModSys@@UEAAPEAXI@Z 0000000140003650 f i  CIL library: CIL module
 0001:00002650       ??_GRModule@rsystem@base@UModSys@@UEAAPEAXI@Z 0000000140003650 f i umodsys_lib_basesys:umodsys.basesys.rmodule.obj
 0001:00002670       ??_EIModule@base@UModSys@@UEAAPEAXI@Z 0000000140003670 f i  CIL library: CIL module
 0001:00002670       ??_GIModule@base@UModSys@@UEAAPEAXI@Z 0000000140003670 f i umodsys_lib_basesys:umodsys.basesys.rmodule.obj
 0001:00002690       ??1?$TDynarrayDynamic@UModuleObjInfo@RModule@rsystem@base@UModSys@@U?$TAllocator@USMemAlloc_Malloc@core@UModSys@@USCountCalcPower2@23@@tl@5@@tl@UModSys@@QEAA@XZ 0000000140003690 f i umodsys_lib_basesys:umodsys.basesys.rmodule.obj
 0001:000026f0       ?Push@?$TDynarray@U?$TDynarrayHolderDynamic@UModuleObjInfo@RModule@rsystem@base@UModSys@@U?$TAllocator@USMemAlloc_Malloc@core@UModSys@@USCountCalcPower2@23@@tl@5@@tl@UModSys@@@tl@UModSys@@QEAA_NXZ 00000001400036f0 f i umodsys_lib_basesys:umodsys.basesys.rmodule.obj
 0001:000027b0       ??1?$TDynarrayDynamic@UGeneratedObjInfo@RModule@rsystem@base@UModSys@@U?$TAllocator@USMemAlloc_Malloc@core@UModSys@@USCountCalcPower2@23@@tl@5@@tl@UModSys@@QEAA@XZ 00000001400037b0 f i umodsys_lib_basesys:umodsys.basesys.rmodule.obj
 0001:00002810       ??1?$TDynarrayDynamic@PEBUSUniquePointerInfo@core@UModSys@@U?$TAllocator@USMemAlloc_Malloc@core@UModSys@@USCountCalcPower2@23@@tl@3@@tl@UModSys@@QEAA@XZ 0000000140003810 f i umodsys_lib_basesys:umodsys.basesys.rmodule.obj
 0001:00002870       ?ResizeRel@?$TDynarray@U?$TDynarrayHolderDynamic@UModuleObjInfo@RModule@rsystem@base@UModSys@@U?$TAllocator@USMemAlloc_Malloc@core@UModSys@@USCountCalcPower2@23@@tl@5@@tl@UModSys@@@tl@UModSys@@QEAA_N_J@Z 0000000140003870 f i umodsys_lib_basesys:umodsys.basesys.rmodule.obj
 0001:00002960       ?ResizeRel@?$TDynarray@U?$TDynarrayHolderDynamic@UGeneratedObjInfo@RModule@rsystem@base@UModSys@@U?$TAllocator@USMemAlloc_Malloc@core@UModSys@@USCountCalcPower2@23@@tl@5@@tl@UModSys@@@tl@UModSys@@QEAA_N_J@Z 0000000140003960 f i umodsys_lib_basesys:umodsys.basesys.rmodule.obj
 0001:00002a50       ?ResizeRel@?$TDynarray@U?$TDynarrayHolderDynamic@PEBUSUniquePointerInfo@core@UModSys@@U?$TAllocator@USMemAlloc_Malloc@core@UModSys@@USCountCalcPower2@23@@tl@3@@tl@UModSys@@@tl@UModSys@@QEAA_N_J@Z 0000000140003a50 f i umodsys_lib_basesys:umodsys.basesys.rmodule.obj
 0001:00002b10       ??$wildcmp@D@su@tl@UModSys@@YA_NPEBD0@Z 0000000140003b10 f i umodsys_lib_basesys:umodsys.basesys.rmodule.obj
 0001:00002bb0       ?get_interface_info@RModuleLibrarySO@rsystem@base@UModSys@@UEBAAEBUSUniquePointerInfo@core@4@XZ 0000000140003bb0 f i umodsys_lib_basesys:umodsys.basesys.rmodulelibso.obj
 0001:00002bc0       ?get_interface_type@RModuleLibrarySO@rsystem@base@UModSys@@UEBAPEBUSUniquePointerInfo@core@4@XZ 0000000140003bc0 f i umodsys_lib_basesys:umodsys.basesys.rmodulelibso.obj
 0001:00002bd0       ?get_other_interface@RModuleLibrarySO@rsystem@base@UModSys@@UEBAPEBUIRoot@core@4@PEBUSUniquePointerInfo@64@@Z 0000000140003bd0 f i umodsys_lib_basesys:umodsys.basesys.rmodulelibso.obj
 0001:00002bd0       ?get_other_interface@RModuleLibrarySO@rsystem@base@UModSys@@UEAAPEAUIRoot@core@4@PEBUSUniquePointerInfo@64@@Z 0000000140003bd0 f i umodsys_lib_basesys:umodsys.basesys.rmodulelibso.obj
 0001:00002c10       ?ref_add@RModuleLibrarySO@rsystem@base@UModSys@@UEBAXXZ 0000000140003c10 f i umodsys_lib_basesys:umodsys.basesys.rmodulelibso.obj
 0001:00002c20       ?ref_remove@RModuleLibrarySO@rsystem@base@UModSys@@UEBAXXZ 0000000140003c20 f i umodsys_lib_basesys:umodsys.basesys.rmodulelibso.obj
 0001:00002c40       ?ref_links@RModuleLibrarySO@rsystem@base@UModSys@@UEBAHXZ 0000000140003c40 f i umodsys_lib_basesys:umodsys.basesys.rmodulelibso.obj
 0001:00002c50       ?suicide@RModuleLibrarySO@rsystem@base@UModSys@@UEAAXXZ 0000000140003c50 f i umodsys_lib_basesys:umodsys.basesys.rmodulelibso.obj
 0001:00002c80       ??_GRModuleLibrarySO@rsystem@base@UModSys@@UEAAPEAXI@Z 0000000140003c80 f i umodsys_lib_basesys:umodsys.basesys.rmodulelibso.obj
 0001:00002c80       ??_ERModuleLibrarySO@rsystem@base@UModSys@@UEAAPEAXI@Z 0000000140003c80 f i  CIL library: CIL module
 0001:00002ca0       ?info_new@?$TSCoreShared@USMemAlloc_Malloc@core@UModSys@@D@su@tl@UModSys@@QEAA_NPEBD_K@Z 0000000140003ca0 f i umodsys_lib_basesys:umodsys.basesys.rmodulelibso.obj
 0001:00002d50       ?Push@?$TDynarray@U?$TDynarrayHolderDynamic@U?$TRefObject@URModuleLibrarySO@rsystem@base@UModSys@@@tl@UModSys@@U?$TAllocator@USMemAlloc_Malloc@core@UModSys@@USCountCalcPower2@23@@23@@tl@UModSys@@@tl@UModSys@@QEAA_NAEBU?$TRefObject@URModuleLibrarySO@rsystem@base@UModSys@@@23@@Z 0000000140003d50 f i umodsys_lib_basesys:umodsys.basesys.rmodulelibso.obj
 0001:00002e10       ??_ERModuleLibraryReg_Chain@base@UModSys@@UEAAPEAXI@Z 0000000140003e10 f i  CIL library: CIL module
 0001:00002e10       ??_GRModuleLibraryReg_Chain@base@UModSys@@UEAAPEAXI@Z 0000000140003e10 f i umodsys_lib_base:umodsys.base.moduleregchain.obj
 0001:00002e40       ??_GIModuleReg@base@UModSys@@UEAAPEAXI@Z 0000000140003e40 f i umodsys_lib_base:umodsys.base.modulereg.obj
 0001:00002e40       ??_EIModuleReg@base@UModSys@@UEAAPEAXI@Z 0000000140003e40 f i  CIL library: CIL module
 0001:00002e70       ??_EIModuleLibraryReg@base@UModSys@@UEAAPEAXI@Z 0000000140003e70 f i  CIL library: CIL module
 0001:00002e70       ??_GIModuleLibraryReg@base@UModSys@@UEAAPEAXI@Z 0000000140003e70 f i umodsys_lib_base:umodsys.base.modulereg.obj
 0001:00002ea0       ?Find@?$TSet@U?$TArray@PEBUSUniquePointerInfo@core@UModSys@@@tl@UModSys@@U?$TScalarCompare@PEBUSUniquePointerInfo@core@UModSys@@@core@3@@tl@UModSys@@QEBAPEBQEBUSUniquePointerInfo@core@3@AEBQEBU453@@Z 0000000140003ea0 f i umodsys_lib_core:umodsys.core.uniqueptrlist.obj
 0001:00002f3c       _onexit                    0000000140003f3c f   MSVCRT:atonexit.obj
 0001:00002fec       atexit                     0000000140003fec f   MSVCRT:atonexit.obj
 0001:000032d4       mainCRTStartup             00000001400042d4 f   MSVCRT:crtexe.obj
 0001:000032e6       _purecall                  00000001400042e6 f   MSVCRT:MSVCR90.dll
 0001:000032ec       ??3@YAXPEAX@Z              00000001400042ec f   MSVCRT:MSVCR90.dll
 0001:000032f4       ??_Etype_info@@UEAAPEAXI@Z 00000001400042f4 f i MSVCRT:ti_inst.obj
 0001:0000335e       __C_specific_handler       000000014000435e f   MSVCRT:MSVCR90.dll
 0001:00003364       _unlock                    0000000140004364 f   MSVCRT:MSVCR90.dll
 0001:0000336a       __dllonexit                000000014000436a f   MSVCRT:MSVCR90.dll
 0001:00003370       _lock                      0000000140004370 f   MSVCRT:MSVCR90.dll
 0001:00003378       ?__CxxUnhandledExceptionFilter@@YAJPEAU_EXCEPTION_POINTERS@@@Z 0000000140004378 f   MSVCRT:unhandld.obj
 0001:000033bc       __CxxSetUnhandledExceptionFilter 00000001400043bc f   MSVCRT:unhandld.obj
 0001:000033d4       _amsg_exit                 00000001400043d4 f   MSVCRT:MSVCR90.dll
 0001:000033dc       _RTC_Initialize            00000001400043dc f   MSVCRT:_initsect_.obj
 0001:00003414       _RTC_Terminate             0000000140004414 f   MSVCRT:_initsect_.obj
 0001:0000344c       _XcptFilter                000000014000444c f   MSVCRT:MSVCR90.dll
 0001:00003460       _ValidateImageBase         0000000140004460 f   MSVCRT:pesect.obj
 0001:00003490       _FindPESection             0000000140004490 f   MSVCRT:pesect.obj
 0001:000034e0       _IsNonwritableInCurrentImage 00000001400044e0 f   MSVCRT:pesect.obj
 0001:00003522       _initterm                  0000000140004522 f   MSVCRT:MSVCR90.dll
 0001:00003528       _initterm_e                0000000140004528 f   MSVCRT:MSVCR90.dll
 0001:00003530       _setargv                   0000000140004530 f   MSVCRT:dllargv.obj
 0001:00003530       _matherr                   0000000140004530 f   MSVCRT:merr.obj
 0001:00003534       __security_init_cookie     0000000140004534 f   MSVCRT:gs_support.obj
 0001:000035e8       ?__ArrayUnwind@@YAXPEAX_KHP6AX0@Z@Z 00000001400045e8 f   MSVCRT:ehvecdtr.obj
 0001:00003634       ??_M@YAXPEAX_KHP6AX0@Z@Z   0000000140004634 f   MSVCRT:ehvecdtr.obj
 0001:00003692       ?terminate@@YAXXZ          0000000140004692 f   MSVCRT:MSVCR90.dll
 0001:00003698       ?_type_info_dtor_internal_method@type_info@@QEAAXXZ 0000000140004698 f   MSVCRT:MSVCR90.dll
 0001:00003698       ??1type_info@@UEAA@XZ      0000000140004698 f   MSVCRT:MSVCR90.dll
 0001:000036a0       ?gracial_convert@syshlp@core@UModSys@@YA_NPEADHPEB_WH@Z 00000001400046a0 f   umodsys_lib_core:umodsys.core.syshlp_charcode.win32.obj
 0001:00003700       ?gracial_convert@syshlp@core@UModSys@@YA_NPEA_WHPEBDH@Z 0000000140004700 f   umodsys_lib_core:umodsys.core.syshlp_charcode.win32.obj
 0001:00003750       ?path_uni_os@syshlp@core@UModSys@@YAXPEA_W@Z 0000000140004750 f   umodsys_lib_core:umodsys.core.syshlp_chars.win32.obj
 0001:00003780       ?path_os_uni@syshlp@core@UModSys@@YAXPEAD@Z 0000000140004780 f   umodsys_lib_core:umodsys.core.syshlp_chars.win32.obj
 0001:000037a0       ?gracial_cpy@syshlp@core@UModSys@@YA_NPEA_WHQEAPEB_WH@Z 00000001400047a0 f   umodsys_lib_core:umodsys.core.syshlp_chars.win32.obj
 0001:00003890       ?gracial_cpy@syshlp@core@UModSys@@YA_NPEADHQEAPEBDH@Z 0000000140004890 f   umodsys_lib_core:umodsys.core.syshlp_chars.win32.obj
 0001:00003970       ?suicide@IRoot@core@UModSys@@UEAAXXZ 0000000140004970 f   umodsys_lib_core:umodsys.core.objects.obj
 0001:00003980       ??1IRoot@core@UModSys@@UEAA@XZ 0000000140004980 f   umodsys_lib_core:umodsys.core.objects.obj
 0001:000039a0       ??1IRefObject@core@UModSys@@UEAA@XZ 00000001400049a0 f   umodsys_lib_core:umodsys.core.objects.obj
 0001:000039c0       ??3IRoot@core@UModSys@@SAXPEAXAEBUSIMemAlloc@12@@Z 00000001400049c0 f   umodsys_lib_core:umodsys.core.objects.obj
 0001:000039e0       ??2IRoot@core@UModSys@@SAPEAX_KAEBUSIMemAlloc@12@@Z 00000001400049e0 f   umodsys_lib_core:umodsys.core.objects.obj
 0001:00003a00       ?restore_console@syshlp@core@UModSys@@YAXXZ 0000000140004a00 f   umodsys_lib_core:umodsys.core.syshlp_files.win32.obj
 0001:00003a30       ?setup_console@syshlp@core@UModSys@@YAXXZ 0000000140004a30 f   umodsys_lib_core:umodsys.core.syshlp_files.win32.obj
 0001:00003a70       ?c_fopen@syshlp@core@UModSys@@YAPEAU_iobuf@@PEBD0@Z 0000000140004a70 f   umodsys_lib_core:umodsys.core.syshlp_files.win32.obj
 0001:00003b30       ?c_fendtemp@syshlp@core@UModSys@@YA_NAEAPEAU_iobuf@@AEAPEAD_N@Z 0000000140004b30 f   umodsys_lib_core:umodsys.core.syshlp_files.win32.obj
 0001:00003c30       ?c_fopentemp@syshlp@core@UModSys@@YAPEAU_iobuf@@AEAPEADPEBD@Z 0000000140004c30 f   umodsys_lib_core:umodsys.core.syshlp_files.win32.obj
 0001:00003d10       ?lost@core@UModSys@@YAEPEBX@Z 0000000140004d10 f   umodsys_lib_core:umodsys.core.stdtypedefs.obj
 0001:00003d20       ?s_unresolve@SUniquePointer@core@UModSys@@SAXPEAUIUniquePointerResolver@23@@Z 0000000140004d20 f   umodsys_lib_core:umodsys.core.uniqueptr.obj
 0001:00003d90       ?s_resolve@SUniquePointer@core@UModSys@@SAXPEAUIUniquePointerResolver@23@@Z 0000000140004d90 f   umodsys_lib_core:umodsys.core.uniqueptr.obj
 0001:00003e10       ??1SUniquePointer@core@UModSys@@QEAA@XZ 0000000140004e10 f   umodsys_lib_core:umodsys.core.uniqueptr.obj
 0001:00003e40       ??0SUniquePointer@core@UModSys@@QEAA@H@Z 0000000140004e40 f   umodsys_lib_core:umodsys.core.uniqueptr.obj
 0001:00003e70       ??0SUniquePointer@core@UModSys@@QEAA@PEBD0H@Z 0000000140004e70 f   umodsys_lib_core:umodsys.core.uniqueptr.obj
 0001:00003ec0       ??1SModuleInfo@base@UModSys@@QEAA@XZ 0000000140004ec0 f   umodsys_lib_base:umodsys.base.moduleinfo.obj
 0001:00003ed0       ??0SModuleInfo@base@UModSys@@QEAA@XZ 0000000140004ed0 f   umodsys_lib_base:umodsys.base.moduleinfo.obj
 0001:00003f00       ??1IModuleLoader@base@UModSys@@UEAA@XZ 0000000140004f00 f   umodsys_lib_base:umodsys.base.moduleloader.obj
 0001:00003f10       ??1SDebug@base@UModSys@@QEAA@XZ 0000000140004f10 f   umodsys_lib_base:umodsys.base.debug.obj
 0001:00003f40       ??0SDebug@base@UModSys@@QEAA@PEAUIConsole@12@I@Z 0000000140004f40 f   umodsys_lib_base:umodsys.base.debug.obj
 0001:00003f60       ??1ISystem@base@UModSys@@UEAA@XZ 0000000140004f60 f   umodsys_lib_base:umodsys.base.system.obj
 0001:00003f70       ??1IModuleLibraryReg@base@UModSys@@UEAA@XZ 0000000140004f70 f   umodsys_lib_base:umodsys.base.modulereg.obj
 0001:00003f90       ??0IModuleLibraryReg@base@UModSys@@QEAA@XZ 0000000140004f90 f   umodsys_lib_base:umodsys.base.modulereg.obj
 0001:00003fb0       ?mr_close@IModuleReg@base@UModSys@@UEAA_NXZ 0000000140004fb0 f   umodsys_lib_base:umodsys.base.modulereg.obj
 0001:00003fd0       ?mr_open@IModuleReg@base@UModSys@@UEAA_NXZ 0000000140004fd0 f   umodsys_lib_base:umodsys.base.modulereg.obj
 0001:00004000       ?mr_isopen@IModuleReg@base@UModSys@@UEBA_NXZ 0000000140005000 f   umodsys_lib_base:umodsys.base.modulereg.obj
 0001:00004010       ??1IModuleReg@base@UModSys@@UEAA@XZ 0000000140005010 f   umodsys_lib_base:umodsys.base.modulereg.obj
 0001:00004030       ??0IModuleReg@base@UModSys@@QEAA@XZ 0000000140005030 f   umodsys_lib_base:umodsys.base.modulereg.obj
 0001:00004070       UModSys_Plugin_Entry2      0000000140005070 f   umodsys_lib_base:umodsys.so_main.win32.obj
 0001:00004080       ??1RModuleLibraryReg_Chain@base@UModSys@@UEAA@XZ 0000000140005080 f   umodsys_lib_base:umodsys.base.moduleregchain.obj
 0001:000040a0       ??0RModuleLibraryReg_Chain@base@UModSys@@QEAA@XZ 00000001400050a0 f   umodsys_lib_base:umodsys.base.moduleregchain.obj
 0001:000040d0       ?s_get@SModuleRegChain@base@UModSys@@SAPEAUIModuleReg@23@_K@Z 00000001400050d0 f   umodsys_lib_base:umodsys.base.moduleregchain.obj
 0001:00004110       ??1SModuleRegChain@base@UModSys@@QEAA@XZ 0000000140005110 f   umodsys_lib_base:umodsys.base.moduleregchain.obj
 0001:00004140       ??0SModuleRegChain@base@UModSys@@QEAA@AEAUIModuleReg@12@@Z 0000000140005140 f   umodsys_lib_base:umodsys.base.moduleregchain.obj
 0001:00004190       ?mlr_isopen@RModuleLibraryReg_Chain@base@UModSys@@UEBA_NXZ 0000000140005190 f   umodsys_lib_base:umodsys.base.moduleregchain.obj
 0001:000041b0       ?mlr_close@RModuleLibraryReg_Chain@base@UModSys@@UEAA_NXZ 00000001400051b0 f   umodsys_lib_base:umodsys.base.moduleregchain.obj
 0001:000041f0       ?mlr_open@RModuleLibraryReg_Chain@base@UModSys@@UEAA_NPEAUISystem@23@PEAUIMemAlloc@core@3@@Z 00000001400051f0 f   umodsys_lib_base:umodsys.base.moduleregchain.obj
 0001:00004230       ?mlr_get@RModuleLibraryReg_Chain@base@UModSys@@UEBAPEAUIModuleReg@23@_K@Z 0000000140005230 f   umodsys_lib_base:umodsys.base.moduleregchain.obj
 0001:00004240       ?mlr_count@RModuleLibraryReg_Chain@base@UModSys@@UEBA_KXZ 0000000140005240 f   umodsys_lib_base:umodsys.base.moduleregchain.obj
 0001:00004280       ??0SModuleRegChain@base@UModSys@@QEAA@H@Z 0000000140005280 f   umodsys_lib_base:umodsys.base.moduleregchain.obj
 0001:000042a0       ?Link@SModuleContext@base@UModSys@@QEAAXPEAUISystem@23@PEAUIMemAlloc@core@3@@Z 00000001400052a0 f   umodsys_lib_base:umodsys.base.modulecontext.obj
 0001:00004300       ??1SModuleContext@base@UModSys@@QEAA@XZ 0000000140005300 f   umodsys_lib_base:umodsys.base.modulecontext.obj
 0001:00004310       ?get_paramworker@SParameters@core@UModSys@@KAPEAUIParameters@23@XZ 0000000140005310 f   umodsys_lib_base:umodsys.base.modulecontext.obj
 0001:00004330       ?local_memory@UModSys@@YAAEBUSIMemAlloc@core@1@XZ 0000000140005330 f   umodsys_lib_base:umodsys.base.modulecontext.obj
 0001:00004340       ??0SModuleContext@base@UModSys@@QEAA@XZ 0000000140005340 f   umodsys_lib_base:umodsys.base.modulecontext.obj
 0001:00004360       ?uni_close@RModuleLibrarySO@rsystem@base@UModSys@@UEAA_NXZ 0000000140005360 f   umodsys_lib_basesys:umodsys.basesys.rmodulelibso.obj
 0001:00004380       ?uni_open@RModuleLibrarySO@rsystem@base@UModSys@@UEAA_NXZ 0000000140005380 f   umodsys_lib_basesys:umodsys.basesys.rmodulelibso.obj
 0001:000043d0       ?s_find_dup@RModuleLibrarySO@rsystem@base@UModSys@@SA_KAEBU?$TDynarrayDynamic@U?$TRefObject@URModuleLibrarySO@rsystem@base@UModSys@@@tl@UModSys@@U?$TAllocator@USMemAlloc_Malloc@core@UModSys@@USCountCalcPower2@23@@23@@tl@4@PEAUIModuleLibraryReg@34@@Z 00000001400053d0 f   umodsys_lib_basesys:umodsys.basesys.rmodulelibso.obj
 0001:00004410       ??0RModuleLibrarySO@rsystem@base@UModSys@@QEAA@PEAUISystem@23@PEAUPFD_Data@0123@PEAUIModuleLibraryReg@23@@Z 0000000140005410 f   umodsys_lib_basesys:umodsys.basesys.rmodulelibso.obj
 0001:00004470       ??1RModuleLibrarySO@rsystem@base@UModSys@@UEAA@XZ 0000000140005470 f   umodsys_lib_basesys:umodsys.basesys.rmodulelibso.obj
 0001:000044c0       ?uni_unload@RModuleLibrarySO@rsystem@base@UModSys@@UEAA_NXZ 00000001400054c0 f   umodsys_lib_basesys:umodsys.basesys.rmodulelibso.obj
 0001:000044d0       ?uni_load@RModuleLibrarySO@rsystem@base@UModSys@@UEAA_NXZ 00000001400054d0 f   umodsys_lib_basesys:umodsys.basesys.rmodulelibso.obj
 0001:00004520       ?s_add@RModuleLibrarySO@rsystem@base@UModSys@@SA_NPEAUISystem@34@AEAU?$TDynarrayDynamic@U?$TRefObject@URModuleLibrarySO@rsystem@base@UModSys@@@tl@UModSys@@U?$TAllocator@USMemAlloc_Malloc@core@UModSys@@USCountCalcPower2@23@@23@@tl@4@PEBD@Z 0000000140005520 f   umodsys_lib_basesys:umodsys.basesys.rmodulelibso.obj
 0001:000046e0       ?scan@RModule@rsystem@base@UModSys@@QEAA_NXZ 00000001400056e0 f   umodsys_lib_basesys:umodsys.basesys.rmodule.obj
 0001:00004720       ?mod_findobjname@RModule@rsystem@base@UModSys@@UEAA_KPEBUSUniquePointerInfo@core@4@QEAPEBU564@_KPEBD@Z 0000000140005720 f   umodsys_lib_basesys:umodsys.basesys.rmodule.obj
 0001:000048c0       ?is_open@RModule@rsystem@base@UModSys@@UEBA_NXZ 00000001400058c0 f   umodsys_lib_basesys:umodsys.basesys.rmodule.obj
 0001:000048f0       ?get_info@RModule@rsystem@base@UModSys@@UEBAAEBUSModuleInfo@34@XZ 00000001400058f0 f   umodsys_lib_basesys:umodsys.basesys.rmodule.obj
 0001:00004900       ?get_library@RModule@rsystem@base@UModSys@@UEBAPEAUIModuleLibrary@34@XZ 0000000140005900 f   umodsys_lib_basesys:umodsys.basesys.rmodule.obj
 0001:00004910       ??1RModule@rsystem@base@UModSys@@UEAA@XZ 0000000140005910 f   umodsys_lib_basesys:umodsys.basesys.rmodule.obj
 0001:00004a40       ?unreg_obj@RModule@rsystem@base@UModSys@@QEAA_NPEAUIModObject@34@@Z 0000000140005a40 f   umodsys_lib_basesys:umodsys.basesys.rmodule.obj
 0001:00004b70       ?reg_generator@RModule@rsystem@base@UModSys@@QEAA_NPEAUModuleObjInfo@1234@PEAUIGenerator@34@@Z 0000000140005b70 f   umodsys_lib_basesys:umodsys.basesys.rmodule.obj
 0001:00004db0       ?save_db@RModule@rsystem@base@UModSys@@QEAA_NPEAU_iobuf@@@Z 0000000140005db0 f   umodsys_lib_basesys:umodsys.basesys.rmodule.obj
 0001:00005010       ?alloc_minfo@RModule@rsystem@base@UModSys@@QEAA_NAEBUSModuleInfo@34@@Z 0000000140006010 f   umodsys_lib_basesys:umodsys.basesys.rmodule.obj
 0001:000050e0       ?reg_obj@RModule@rsystem@base@UModSys@@QEAAPEAUModuleObjInfo@1234@PEAUIModObject@34@@Z 00000001400060e0 f   umodsys_lib_basesys:umodsys.basesys.rmodule.obj
 0001:00005280       ?mod_generate@RModule@rsystem@base@UModSys@@UEAA_NAEAU?$TRefObject@UIRefObject@core@UModSys@@@tl@4@PEBUSUniquePointerInfo@core@4@AEBUSParameters@84@@Z 0000000140006280 f   umodsys_lib_basesys:umodsys.basesys.rmodule.obj
 0001:000053f0       ?reg@RModule@rsystem@base@UModSys@@UEAA_NPEAUIGenerator@34@_N@Z 00000001400063f0 f   umodsys_lib_basesys:umodsys.basesys.rmodule.obj
 0001:00005460       ?reg@RModule@rsystem@base@UModSys@@UEAA_NPEAUIModObject@34@_N@Z 0000000140006460 f   umodsys_lib_basesys:umodsys.basesys.rmodule.obj
 0001:00005490       ?close@RModule@rsystem@base@UModSys@@UEAA_NXZ 0000000140006490 f   umodsys_lib_basesys:umodsys.basesys.rmodule.obj
 0001:00005500       ?open@RModule@rsystem@base@UModSys@@UEAA_NXZ 0000000140006500 f   umodsys_lib_basesys:umodsys.basesys.rmodule.obj
 0001:00005590       ??0RModule@rsystem@base@UModSys@@QEAA@PEAUIModuleLibraryUni@123@PEAUIModuleReg@23@@Z 0000000140006590 f   umodsys_lib_basesys:umodsys.basesys.rmodule.obj
 0001:00005650       ?pfd_init@RModuleLibrarySO@rsystem@base@UModSys@@SA_NPEAUPFD_Data@1234@@Z 0000000140006650 f   umodsys_lib_basesys:umodsys.basesys.rmodule.win32.obj
 0001:00005730       ?pfd_init@RModuleLibrarySO@rsystem@base@UModSys@@SA_NPEAUPFD_Data@1234@0@Z 0000000140006730 f   umodsys_lib_basesys:umodsys.basesys.rmodule.win32.obj
 0001:00005760       ?pfd_unload@RModuleLibrarySO@rsystem@base@UModSys@@SA_NPEAUPFD_Data@1234@@Z 0000000140006760 f   umodsys_lib_basesys:umodsys.basesys.rmodule.win32.obj
 0001:000057c0       ?pfd_load@RModuleLibrarySO@rsystem@base@UModSys@@SAPEAUIModuleLibraryReg@34@PEAUPFD_Data@1234@AEBU?$TString@U?$TSCoreConst@D@su@tl@UModSys@@U?$TComparerBinaryHash@D@234@@tl@4@@Z 00000001400067c0 f   umodsys_lib_basesys:umodsys.basesys.rmodule.win32.obj
 0001:00005c80       ?pfd_scan@RModuleLibrarySO@rsystem@base@UModSys@@SA_KPEAUISystem@34@AEAU?$TDynarrayDynamic@U?$TRefObject@URModuleLibrarySO@rsystem@base@UModSys@@@tl@UModSys@@U?$TAllocator@USMemAlloc_Malloc@core@UModSys@@USCountCalcPower2@23@@23@@tl@4@AEBU?$TString@U?$TSCoreConst@D@su@tl@UModSys@@U?$TComparerBinaryHash@D@234@@74@@Z 0000000140006c80 f   umodsys_lib_basesys:umodsys.basesys.rmodule.win32.obj
 0001:00005db0       ?estimate_size@RParameters@rsystem@base@UModSys@@IEAAHAEAUElem@1234@HPEBDHH@Z 0000000140006db0 f   umodsys_lib_basesys:umodsys.basesys.rparameters.obj
 0001:00005e40       ?p_init_s@RParameters@rsystem@base@UModSys@@UEAAXPEAUSParametersData@core@4@PEAXH@Z 0000000140006e40 f   umodsys_lib_basesys:umodsys.basesys.rparameters.obj
 0001:00005e90       ??1RParameters@rsystem@base@UModSys@@UEAA@XZ 0000000140006e90 f   umodsys_lib_basesys:umodsys.basesys.rparameters.obj
 0001:00005eb0       ??0RParameters@rsystem@base@UModSys@@QEAA@PEAUISystem@23@@Z 0000000140006eb0 f   umodsys_lib_basesys:umodsys.basesys.rparameters.obj
 0001:00005ef0       ?next@RParameters@rsystem@base@UModSys@@UEAA_NPEBUSParametersData@core@4@AEAU?$TString@U?$TSCoreConst@D@su@tl@UModSys@@U?$TComparerBinaryHash@D@234@@tl@4@@Z 0000000140006ef0 f   umodsys_lib_basesys:umodsys.basesys.rparameters.obj
 0001:00006030       ?next@RParameters@rsystem@base@UModSys@@UEAA_NPEBUSParametersData@core@4@AEAPEBD@Z 0000000140007030 f   umodsys_lib_basesys:umodsys.basesys.rparameters.obj
 0001:00006150       ?p_init@RParameters@rsystem@base@UModSys@@UEAAXPEAUSParametersData@core@4@H@Z 0000000140007150 f   umodsys_lib_basesys:umodsys.basesys.rparameters.obj
 0001:00006210       ?alloc_elems@RParameters@rsystem@base@UModSys@@IEAAXPEAXH@Z 0000000140007210 f   umodsys_lib_basesys:umodsys.basesys.rparameters.obj
 0001:000062a0       ?free_elems@RParameters@rsystem@base@UModSys@@IEAAXPEAXH@Z 00000001400072a0 f   umodsys_lib_basesys:umodsys.basesys.rparameters.obj
 0001:00006350       ?get_last@RParameters@rsystem@base@UModSys@@IEAAPEAUElem@1234@PEAXHHH@Z 0000000140007350 f   umodsys_lib_basesys:umodsys.basesys.rparameters.obj
 0001:000063c0       ?find_elem@RParameters@rsystem@base@UModSys@@IEAAPEBUElem@1234@PEBXHHHPEBD@Z 00000001400073c0 f   umodsys_lib_basesys:umodsys.basesys.rparameters.obj
 0001:00006490       ?get@RParameters@rsystem@base@UModSys@@UEAA_NPEBUSParametersData@core@4@PEBDAEAPEAUIRefObject@64@@Z 0000000140007490 f   umodsys_lib_basesys:umodsys.basesys.rparameters.obj
 0001:00006530       ?get@RParameters@rsystem@base@UModSys@@UEAA_NPEBUSParametersData@core@4@PEBDAEAN@Z 0000000140007530 f   umodsys_lib_basesys:umodsys.basesys.rparameters.obj
 0001:000065d0       ?get@RParameters@rsystem@base@UModSys@@UEAA_NPEBUSParametersData@core@4@PEBDAEAH@Z 00000001400075d0 f   umodsys_lib_basesys:umodsys.basesys.rparameters.obj
 0001:00006670       ?get@RParameters@rsystem@base@UModSys@@UEAA_NPEBUSParametersData@core@4@PEBDAEAPEBD@Z 0000000140007670 f   umodsys_lib_basesys:umodsys.basesys.rparameters.obj
 0001:00006710       ?p_init_s@RParameters@rsystem@base@UModSys@@UEAAXPEAUSParametersData@core@4@AEBU564@PEAXH@Z 0000000140007710 f   umodsys_lib_basesys:umodsys.basesys.rparameters.obj
 0001:000067a0       ?p_copy@RParameters@rsystem@base@UModSys@@UEAAXPEAUSParametersData@core@4@AEBU564@@Z 00000001400077a0 f   umodsys_lib_basesys:umodsys.basesys.rparameters.obj
 0001:00006920       ?p_init@RParameters@rsystem@base@UModSys@@UEAAXPEAUSParametersData@core@4@AEBU564@@Z 0000000140007920 f   umodsys_lib_basesys:umodsys.basesys.rparameters.obj
 0001:00006a30       ?p_deinit@RParameters@rsystem@base@UModSys@@UEAAXPEAUSParametersData@core@4@@Z 0000000140007a30 f   umodsys_lib_basesys:umodsys.basesys.rparameters.obj
 0001:00006ab0       ?add_last@RParameters@rsystem@base@UModSys@@IEAA_NPEAUSParametersData@core@4@PEBDPEBXH@Z 0000000140007ab0 f   umodsys_lib_basesys:umodsys.basesys.rparameters.obj
 0001:00006d10       ?add@RParameters@rsystem@base@UModSys@@UEAA_NPEAUSParametersData@core@4@PEBDPEAUIRefObject@64@@Z 0000000140007d10 f   umodsys_lib_basesys:umodsys.basesys.rparameters.obj
 0001:00006d40       ?add@RParameters@rsystem@base@UModSys@@UEAA_NPEAUSParametersData@core@4@PEBDAEBN@Z 0000000140007d40 f   umodsys_lib_basesys:umodsys.basesys.rparameters.obj
 0001:00006d60       ?add@RParameters@rsystem@base@UModSys@@UEAA_NPEAUSParametersData@core@4@PEBDH@Z 0000000140007d60 f   umodsys_lib_basesys:umodsys.basesys.rparameters.obj
 0001:00006d90       ?add@RParameters@rsystem@base@UModSys@@UEAA_NPEAUSParametersData@core@4@PEBD1@Z 0000000140007d90 f   umodsys_lib_basesys:umodsys.basesys.rparameters.obj
 0001:00006db0       ?get_sca@RSystem@rsystem@base@UModSys@@UEAAPEAUISourceContextAdapter@core@4@XZ 0000000140007db0 f   umodsys_lib_basesys:umodsys.basesys.rsystem.obj
 0001:00006dd0       ?get_upr@RSystem@rsystem@base@UModSys@@UEAAPEAUIUniquePointerResolver@core@4@XZ 0000000140007dd0 f   umodsys_lib_basesys:umodsys.basesys.rsystem.obj
 0001:00006df0       ?get_modloader@RSystem@rsystem@base@UModSys@@UEAAPEAUIModuleLoader@34@XZ 0000000140007df0 f   umodsys_lib_basesys:umodsys.basesys.rsystem.obj
 0001:00006e00       ?get_syslib@RSystem@rsystem@base@UModSys@@UEAAPEAUIModuleLibrary@34@XZ 0000000140007e00 f   umodsys_lib_basesys:umodsys.basesys.rsystem.obj
 0001:00006e10       ?get_sharemem@RSystem@rsystem@base@UModSys@@UEAAPEAUIMemAlloc@core@4@XZ 0000000140007e10 f   umodsys_lib_basesys:umodsys.basesys.rsystem.obj
 0001:00006e20       ?get_sysmem@RSystem@rsystem@base@UModSys@@UEAAPEAUIMemAlloc@core@4@XZ 0000000140007e20 f   umodsys_lib_basesys:umodsys.basesys.rsystem.obj
 0001:00006e30       ?get_console@RSystem@rsystem@base@UModSys@@UEAAPEAUIConsole@34@XZ 0000000140007e30 f   umodsys_lib_basesys:umodsys.basesys.rsystem.obj
 0001:00006e40       ?get_params@RSystem@rsystem@base@UModSys@@UEAAPEAUIParameters@core@4@XZ 0000000140007e40 f   umodsys_lib_basesys:umodsys.basesys.rsystem.obj
 0001:00006e50       ?upi_remove@RSystem@rsystem@base@UModSys@@UEAAHPEBUSUniquePointerInfo@core@4@@Z 0000000140007e50 f   umodsys_lib_basesys:umodsys.basesys.rsystem.obj
 0001:00006e60       ?persist_ctx@RSystem@rsystem@base@UModSys@@UEAAPEBUSSourceContext@core@4@PEBU564@@Z 0000000140007e60 f   umodsys_lib_basesys:umodsys.basesys.rsystem.obj
 0001:00006f60       ?upi_add@RSystem@rsystem@base@UModSys@@UEAAPEBUSUniquePointerInfo@core@4@PEBU564@@Z 0000000140007f60 f   umodsys_lib_basesys:umodsys.basesys.rsystem.obj
 0001:00007060       ?lib_unload@IModuleLibraryUni@rsystem@base@UModSys@@UEAA_NXZ 0000000140008060 f   umodsys_lib_basesys:umodsys.basesys.rmodulelib.obj
 0001:00007080       ?lib_loaded@IModuleLibraryUni@rsystem@base@UModSys@@UEBA_NXZ 0000000140008080 f   umodsys_lib_basesys:umodsys.basesys.rmodulelib.obj
 0001:00007090       ?get_system@IModuleLibraryUni@rsystem@base@UModSys@@UEBAPEAUISystem@34@XZ 0000000140008090 f   umodsys_lib_basesys:umodsys.basesys.rmodulelib.obj
 0001:000070a0       ?get_privmem@IModuleLibraryUni@rsystem@base@UModSys@@UEBAPEAUIMemAlloc@core@4@XZ 00000001400080a0 f   umodsys_lib_basesys:umodsys.basesys.rmodulelib.obj
 0001:000070b0       ?unlink@IModuleLibraryUni@rsystem@base@UModSys@@QEAA_NXZ 00000001400080b0 f   umodsys_lib_basesys:umodsys.basesys.rmodulelib.obj
 0001:00007120       ?cleanup@IModuleLibraryUni@rsystem@base@UModSys@@QEAA_KXZ 0000000140008120 f   umodsys_lib_basesys:umodsys.basesys.rmodulelib.obj
 0001:00007170       ?lib_generate@IModuleLibraryUni@rsystem@base@UModSys@@UEAA_NAEAU?$TRefObject@UIRefObject@core@UModSys@@@tl@4@PEBUSUniquePointerInfo@core@4@AEBUSParameters@84@@Z 0000000140008170 f   umodsys_lib_basesys:umodsys.basesys.rmodulelib.obj
 0001:00007200       ?lib_findobjname@IModuleLibraryUni@rsystem@base@UModSys@@UEAA_KPEBUSUniquePointerInfo@core@4@QEAPEBU564@_KPEBD@Z 0000000140008200 f   umodsys_lib_basesys:umodsys.basesys.rmodulelib.obj
 0001:000072c0       ?lib_free@IModuleLibraryUni@rsystem@base@UModSys@@UEAA_NXZ 00000001400082c0 f   umodsys_lib_basesys:umodsys.basesys.rmodulelib.obj
 0001:000072f0       ?get_module@IModuleLibraryUni@rsystem@base@UModSys@@UEBAPEAUIModule@34@_K@Z 00000001400082f0 f   umodsys_lib_basesys:umodsys.basesys.rmodulelib.obj
 0001:00007310       ?get_module_count@IModuleLibraryUni@rsystem@base@UModSys@@UEBA_KXZ 0000000140008310 f   umodsys_lib_basesys:umodsys.basesys.rmodulelib.obj
 0001:00007320       ?get_sys_libname@IModuleLibraryUni@rsystem@base@UModSys@@UEBA?AU?$TString@U?$TSCoreConst@D@su@tl@UModSys@@U?$TComparerBinaryHash@D@234@@tl@4@XZ 0000000140008320 f   umodsys_lib_basesys:umodsys.basesys.rmodulelib.obj
 0001:00007340       ??1IModuleLibraryUni@rsystem@base@UModSys@@UEAA@XZ 0000000140008340 f   umodsys_lib_basesys:umodsys.basesys.rmodulelib.obj
 0001:00007400       ??0IModuleLibraryUni@rsystem@base@UModSys@@QEAA@PEAUISystem@23@PEAUIModuleLibraryReg@23@@Z 0000000140008400 f   umodsys_lib_basesys:umodsys.basesys.rmodulelib.obj
 0001:00007460       ?save_db@IModuleLibraryUni@rsystem@base@UModSys@@QEAA_NPEAU_iobuf@@@Z 0000000140008460 f   umodsys_lib_basesys:umodsys.basesys.rmodulelib.obj
 0001:00007500       ?link@IModuleLibraryUni@rsystem@base@UModSys@@QEAA_NXZ 0000000140008500 f   umodsys_lib_basesys:umodsys.basesys.rmodulelib.obj
 0001:00007750       ?load0@IModuleLibraryUni@rsystem@base@UModSys@@QEAA_NXZ 0000000140008750 f   umodsys_lib_basesys:umodsys.basesys.rmodulelib.obj
 0001:000077b0       ?lib_load@IModuleLibraryUni@rsystem@base@UModSys@@UEAA_NXZ 00000001400087b0 f   umodsys_lib_basesys:umodsys.basesys.rmodulelib.obj
 0001:000077f0       ?scan@IModuleLibraryUni@rsystem@base@UModSys@@QEAA_NXZ 00000001400087f0 f   umodsys_lib_basesys:umodsys.basesys.rmodulelib.obj
 0001:00007860       ?uni_close@RModuleLibraryThis@rsystem@base@UModSys@@UEAA_NXZ 0000000140008860 f   umodsys_lib_basesys:umodsys.basesys.rmodulelibthis.obj
 0001:00007870       ?uni_open@RModuleLibraryThis@rsystem@base@UModSys@@UEAA_NXZ 0000000140008870 f   umodsys_lib_basesys:umodsys.basesys.rmodulelibthis.obj
 0001:00007880       ?uni_unload@RModuleLibraryThis@rsystem@base@UModSys@@UEAA_NXZ 0000000140008880 f   umodsys_lib_basesys:umodsys.basesys.rmodulelibthis.obj
 0001:00007890       ?uni_load@RModuleLibraryThis@rsystem@base@UModSys@@UEAA_NXZ 0000000140008890 f   umodsys_lib_basesys:umodsys.basesys.rmodulelibthis.obj
 0001:000078b0       ??1RModuleLibraryThis@rsystem@base@UModSys@@UEAA@XZ 00000001400088b0 f   umodsys_lib_basesys:umodsys.basesys.rmodulelibthis.obj
 0001:000078f0       ??0RModuleLibraryThis@rsystem@base@UModSys@@QEAA@PEAUISystem@23@@Z 00000001400088f0 f   umodsys_lib_basesys:umodsys.basesys.rmodulelibthis.obj
 0001:00007930       ?moduledb_load@RModuleLoader@rsystem@base@UModSys@@UEAA_NAEBU?$TString@U?$TSCoreConst@D@su@tl@UModSys@@U?$TComparerBinaryHash@D@234@@tl@4@@Z 0000000140008930 f   umodsys_lib_basesys:umodsys.basesys.rmoduleloader.obj
 0001:00007940       ?moduledb_lib_drop@RModuleLoader@rsystem@base@UModSys@@UEAA_NPEAUIModuleLibrary@34@@Z 0000000140008940 f   umodsys_lib_basesys:umodsys.basesys.rmoduleloader.obj
 0001:00007950       ?moduledb_lib_get@RModuleLoader@rsystem@base@UModSys@@UEBAPEAUIModuleLibrary@34@_K@Z 0000000140008950 f   umodsys_lib_basesys:umodsys.basesys.rmoduleloader.obj
 0001:00007980       ?moduledb_lib_count@RModuleLoader@rsystem@base@UModSys@@UEAA_KXZ 0000000140008980 f   umodsys_lib_basesys:umodsys.basesys.rmoduleloader.obj
 0001:00007990       ?moduledb_module_get@RModuleLoader@rsystem@base@UModSys@@UEBAPEAUIModule@34@_K@Z 0000000140008990 f   umodsys_lib_basesys:umodsys.basesys.rmoduleloader.obj
 0001:000079f0       ?moduledb_module_count@RModuleLoader@rsystem@base@UModSys@@UEAA_KXZ 00000001400089f0 f   umodsys_lib_basesys:umodsys.basesys.rmoduleloader.obj
 0001:00007a30       ?moduledb_generate@RModuleLoader@rsystem@base@UModSys@@UEAA_NAEAU?$TRefObject@UIRefObject@core@UModSys@@@tl@4@PEBUSUniquePointerInfo@core@4@AEBUSParameters@84@@Z 0000000140008a30 f   umodsys_lib_basesys:umodsys.basesys.rmoduleloader.obj
 0001:00007ad0       ?moduledb_findobjname@RModuleLoader@rsystem@base@UModSys@@UEAA_KPEBUSUniquePointerInfo@core@4@QEAPEBU564@_KPEBD@Z 0000000140008ad0 f   umodsys_lib_basesys:umodsys.basesys.rmoduleloader.obj
 0001:00007b90       ??1RModuleLoader@rsystem@base@UModSys@@UEAA@XZ 0000000140008b90 f   umodsys_lib_basesys:umodsys.basesys.rmoduleloader.obj
 0001:00007c40       ??0RModuleLoader@rsystem@base@UModSys@@QEAA@PEAUISystem@23@@Z 0000000140008c40 f   umodsys_lib_basesys:umodsys.basesys.rmoduleloader.obj
 0001:00007ca0       ?moduledb_clear@RModuleLoader@rsystem@base@UModSys@@UEAAXXZ 0000000140008ca0 f   umodsys_lib_basesys:umodsys.basesys.rmoduleloader.obj
 0001:00007d70       ?moduledb_find@RModuleLoader@rsystem@base@UModSys@@UEBAPEAUIModule@34@AEBU?$TString@U?$TSCoreConst@D@su@tl@UModSys@@U?$TComparerBinaryHash@D@234@@tl@4@AEBUSVersion@core@4@@Z 0000000140008d70 f   umodsys_lib_basesys:umodsys.basesys.rmoduleloader.obj
 0001:00007ee0       ?cleanup@RModuleLoader@rsystem@base@UModSys@@QEAAXXZ 0000000140008ee0 f   umodsys_lib_basesys:umodsys.basesys.rmoduleloader.obj
 0001:00007f30       ?get_string@RModuleLoader@rsystem@base@UModSys@@QEAAAEBU?$TString@U?$TSCoreConst@D@su@tl@UModSys@@U?$TComparerBinaryHash@D@234@@tl@4@AEBU564@@Z 0000000140008f30 f   umodsys_lib_basesys:umodsys.basesys.rmoduleloader.obj
 0001:00007f80       ?moduledb_get_string@RModuleLoader@rsystem@base@UModSys@@UEAAAEBU?$TString@U?$TSCoreConst@D@su@tl@UModSys@@U?$TComparerBinaryHash@D@234@@tl@4@AEBU564@@Z 0000000140008f80 f   umodsys_lib_basesys:umodsys.basesys.rmoduleloader.obj
 0001:00007f90       ?moduledb_save@RModuleLoader@rsystem@base@UModSys@@UEAA_NAEBU?$TString@U?$TSCoreConst@D@su@tl@UModSys@@U?$TComparerBinaryHash@D@234@@tl@4@@Z 0000000140008f90 f   umodsys_lib_basesys:umodsys.basesys.rmoduleloader.obj
 0001:00008060       ?moduledb_cleanup@RModuleLoader@rsystem@base@UModSys@@UEAA_KXZ 0000000140009060 f   umodsys_lib_basesys:umodsys.basesys.rmoduleloader.obj
 0001:000081f0       ?moduledb_scan@RModuleLoader@rsystem@base@UModSys@@UEAA_KAEBU?$TString@U?$TSCoreConst@D@su@tl@UModSys@@U?$TComparerBinaryHash@D@234@@tl@4@_N@Z 00000001400091f0 f   umodsys_lib_basesys:umodsys.basesys.rmoduleloader.obj
 0001:00008270       ?set_console@RSystem@rsystem@base@UModSys@@QEAAXPEAUIConsole@34@@Z 0000000140009270 f   umodsys_lib_basesys:umodsys.basesys.rsystem_main.obj
 0001:000082c0       ?err_put@rsystem@base@UModSys@@YAXW4eRSystemDebugLevels@123@PEBDZZ 00000001400092c0 f   umodsys_lib_basesys:umodsys.basesys.rsystem_main.obj
 0001:00008310       ?dbg_put@rsystem@base@UModSys@@YAXW4eRSystemDebugLevels@123@PEBDZZ 0000000140009310 f   umodsys_lib_basesys:umodsys.basesys.rsystem_main.obj
 0001:00008360       ??1RSystem@rsystem@base@UModSys@@UEAA@XZ 0000000140009360 f   umodsys_lib_basesys:umodsys.basesys.rsystem_main.obj
 0001:00008470       ??0RSystem@rsystem@base@UModSys@@QEAA@XZ 0000000140009470 f   umodsys_lib_basesys:umodsys.basesys.rsystem_main.obj
 0001:00008590       ?find_shells@RSystem@rsystem@base@UModSys@@QEAA_KQEAPEBUSUniquePointerInfo@core@4@_KPEBD@Z 0000000140009590 f   umodsys_lib_basesys:umodsys.basesys.rsystem_main.obj
 0001:000085d0       ?exec_main@RSystem@rsystem@base@UModSys@@QEAA_NXZ 00000001400095d0 f   umodsys_lib_basesys:umodsys.basesys.rsystem_main.obj
 0001:000085f0       ?exec_args@RSystem@rsystem@base@UModSys@@QEAA_NHPEAPEAD@Z 00000001400095f0 f   umodsys_lib_basesys:umodsys.basesys.rsystem_main.obj
 0001:00008620       ?deinit@RSystem@rsystem@base@UModSys@@QEAA_NXZ 0000000140009620 f   umodsys_lib_basesys:umodsys.basesys.rsystem_main.obj
 0001:000086d0       ?init@RSystem@rsystem@base@UModSys@@QEAA_NXZ 00000001400096d0 f   umodsys_lib_basesys:umodsys.basesys.rsystem_main.obj
 0001:000087d0       ?get_s@RConsole_std@rsystem@base@UModSys@@UEAA_NPEAD_KPEBDZZ 00000001400097d0 f   umodsys_lib_basesys:umodsys.basesys.rconsole_std.obj
 0001:000087e0       ?vget_s@RConsole_std@rsystem@base@UModSys@@UEAA_NPEAD_KPEBD0@Z 00000001400097e0 f   umodsys_lib_basesys:umodsys.basesys.rconsole_std.obj
 0001:000087f0       ?get_c@RConsole_std@rsystem@base@UModSys@@UEAA_NPEAHPEBDZZ 00000001400097f0 f   umodsys_lib_basesys:umodsys.basesys.rconsole_std.obj
 0001:00008800       ?vget_c@RConsole_std@rsystem@base@UModSys@@UEAA_NPEAHPEBDPEAD@Z 0000000140009800 f   umodsys_lib_basesys:umodsys.basesys.rconsole_std.obj
 0001:00008810       ?put@RConsole_std@rsystem@base@UModSys@@UEAA_NHPEBDZZ 0000000140009810 f   umodsys_lib_basesys:umodsys.basesys.rconsole_std.obj
 0001:00008880       ?vput@RConsole_std@rsystem@base@UModSys@@UEAA_NHPEBDPEAD@Z 0000000140009880 f   umodsys_lib_basesys:umodsys.basesys.rconsole_std.obj
 0001:000088f0       ?ref_links@RConsole_std@rsystem@base@UModSys@@UEBAHXZ 00000001400098f0 f   umodsys_lib_basesys:umodsys.basesys.rconsole_std.obj
 0001:00008900       ?ref_remove@RConsole_std@rsystem@base@UModSys@@UEBAXXZ 0000000140009900 f   umodsys_lib_basesys:umodsys.basesys.rconsole_std.obj
 0001:00008910       ?ref_add@RConsole_std@rsystem@base@UModSys@@UEBAXXZ 0000000140009910 f   umodsys_lib_basesys:umodsys.basesys.rconsole_std.obj
 0001:00008920       ??0RConsole_std@rsystem@base@UModSys@@QEAA@XZ 0000000140009920 f   umodsys_lib_basesys:umodsys.basesys.rconsole_std.obj
 0001:00008950       ?reflect@RConsole_std@rsystem@base@UModSys@@QEAA_NPEBD@Z 0000000140009950 f   umodsys_lib_basesys:umodsys.basesys.rconsole_std.obj
 0001:000089d0       ??1RConsole_std@rsystem@base@UModSys@@UEAA@XZ 00000001400099d0 f   umodsys_lib_basesys:umodsys.basesys.rconsole_std.obj
 0001:00008a00       ?s_holder@RGenerator@stdio@media@modules@UModSys@@SAAEAU?$TTypeStaticHolder@URGenerator@stdio@media@modules@UModSys@@@tl@5@XZ 0000000140009a00 f   umodsys_lib_libmedia:umodsys.mod.media.stdio.obj
 0001:00008a50       ?mod_dec@RGenerator@stdio@media@modules@UModSys@@UEBA_NXZ 0000000140009a50 f   umodsys_lib_libmedia:umodsys.mod.media.stdio.obj
 0001:00008a70       ?mod_inc@RGenerator@stdio@media@modules@UModSys@@UEBA_NXZ 0000000140009a70 f   umodsys_lib_libmedia:umodsys.mod.media.stdio.obj
 0001:00008a90       ?get_module@RGenerator@stdio@media@modules@UModSys@@UEBAPEAUIModule@base@5@XZ 0000000140009a90 f   umodsys_lib_libmedia:umodsys.mod.media.stdio.obj
 0001:00008aa0       ?s_unreg@RGenerator@stdio@media@modules@UModSys@@SA_NPEAUIModuleReg@base@5@@Z 0000000140009aa0 f   umodsys_lib_libmedia:umodsys.mod.media.stdio.obj
 0001:00008b10       ?s_reg@RGenerator@stdio@media@modules@UModSys@@SA_NPEAUIModuleReg@base@5@@Z 0000000140009b10 f   umodsys_lib_libmedia:umodsys.mod.media.stdio.obj
 0001:00008b90       main                       0000000140009b90 f   umodsys.c_main.obj
 0001:00008d40       ??0SUniquePtrList@core@UModSys@@QEAA@PEAPEBUSUniquePointerInfo@12@_K@Z 0000000140009d40 f   umodsys_lib_core:umodsys.core.uniqueptrlist.obj
 0001:00008d90       ?add@SUniquePtrList@core@UModSys@@QEAA_NPEBUSUniquePointerInfo@23@@Z 0000000140009d90 f   umodsys_lib_core:umodsys.core.uniqueptrlist.obj
 0001:00008df0       ??1IModuleLibrary@base@UModSys@@UEAA@XZ 0000000140009df0 f   umodsys_lib_base:umodsys.base.module.obj
 0001:00008e10       ??1IModule@base@UModSys@@UEAA@XZ 0000000140009e10 f   umodsys_lib_base:umodsys.base.module.obj
 0001:00008e20       ??1IConsole@base@UModSys@@UEAA@XZ 0000000140009e20 f   umodsys_lib_base:umodsys.base.console.obj
 0001:00008e30       ?exec_test_shells@RSystem@rsystem@base@UModSys@@QEAA_NXZ 0000000140009e30 f   umodsys_lib_basesys:umodsys.basesys.rsystem_tests.obj
 0001:00009010       ?exec_tests@RSystem@rsystem@base@UModSys@@QEAA_NXZ 000000014000a010 f   umodsys_lib_basesys:umodsys.basesys.rsystem_tests.obj
 0001:00009044       memcpy                     000000014000a044 f   MSVCRT:MSVCR90.dll
 0001:00009050       __CxxFrameHandler3         000000014000a050 f   MSVCRT:MSVCR90.dll
 0001:00009056       _CxxThrowException         000000014000a056 f   MSVCRT:MSVCR90.dll
 0001:00009070       _alloca_probe              000000014000a070     MSVCRT:chkstk.obj
 0001:00009070       __chkstk                   000000014000a070 f   MSVCRT:chkstk.obj
 0002:00000000       __imp_GetCurrentProcessId  000000014000b000     kernel32:KERNEL32.dll
[...]
 0003:00003098       ?s_id@?$TObjectUniqueID@UIDataArchive@libmedia@UModSys@@@tl@UModSys@@2USUniquePointer@core@3@A 0000000140013098     umodsys_lib_libmedia:umodsys.mod.media.stdio.obj
 0003:000030c8       ?s_id@?$TObjectUniqueID@URGenerator@stdio@media@modules@UModSys@@@tl@UModSys@@2USUniquePointer@core@3@A 00000001400130c8     umodsys_lib_libmedia:umodsys.mod.media.stdio.obj
 0003:000030f8       ?s_id@?$TObjectUniqueID@UIStreamReader@libmedia@UModSys@@@tl@UModSys@@2USUniquePointer@core@3@A 00000001400130f8     umodsys_lib_libmedia:umodsys.mod.media.stdio.obj
 0003:00003128       __native_startup_state     0000000140013128     <common>
 0003:00003130       __native_startup_lock      0000000140013130     <common>
 0003:00003138       __dyn_tls_init_callback    0000000140013138     <common>
 0003:00003140       __onexitend                0000000140013140     <common>
 0003:00003148       __onexitbegin              0000000140013148     <common>

 entry point at        0001:000032d4

 Static symbols

 0001:00003004       pre_cpp_init               0000000140004004 f   MSVCRT:crtexe.obj
 0001:0000306c       __tmainCRTStartup          000000014000406c f   MSVCRT:crtexe.obj
 0001:000031ec       pre_c_init                 00000001400041ec f   MSVCRT:crtexe.obj
 0001:00005670       ?s_pwd_init@@YAXXZ         0000000140006670 f    CIL library: CIL module
 0001:00005930       ?s_pfd_scan@@YA_KPEAUISystem@base@UModSys@@AEAU?$TDynarrayDynamic@U?$TRefObject@URModuleLibrarySO@rsystem@base@UModSys@@@tl@UModSys@@U?$TAllocator@USMemAlloc_Malloc@core@UModSys@@USCountCalcPower2@23@@23@@tl@3@PEBD22@Z 0000000140006930 f    CIL library: CIL module
 0001:00005bf0       ?s_pfd_scan@@YA_KPEAUISystem@base@UModSys@@AEAU?$TDynarrayDynamic@U?$TRefObject@URModuleLibrarySO@rsystem@base@UModSys@@@tl@UModSys@@U?$TAllocator@USMemAlloc_Malloc@core@UModSys@@USCountCalcPower2@23@@23@@tl@3@PEBD2@Z 0000000140006bf0 f    CIL library: CIL module
 0001:00008b80       ?refer@@YAXXZ              0000000140009b80 f    CIL library: CIL module
 0001:000090c0       _onexit$fin$0              000000014000a0c0 f   MSVCRT:atonexit.obj
 0001:000090d9       __tmainCRTStartup$filt$0   000000014000a0d9 f   MSVCRT:crtexe.obj
 0001:00009100       _IsNonwritableInCurrentImage$filt$0 000000014000a100 f   MSVCRT:pesect.obj
 0001:00009121       ?filt$0@?0??__ArrayUnwind@@YAXPEAX_KHP6AX0@Z@Z@4HA 000000014000a121 f   MSVCRT:ehvecdtr.obj
 0001:00009160       ?fin$0@?0???_M@YAXPEAX_KHP6AX0@Z@Z@4HA 000000014000a160 f   MSVCRT:ehvecdtr.obj
 0001:00009190       ?dtor$0@?0???1?$TQuantArrayUnique@USUniquePointerInfo@core@UModSys@@$0BAA@USMemAlloc_Malloc@23@@tl@UModSys@@QEAA@XZ@4HA 000000014000a190 f    CIL library: CIL module
 0001:000091b0       ?dtor$0@?0???$ValidateConstruction@UIRefObject@core@UModSys@@URStreamWriter_FILE@stdio@media@modules@3@@core@UModSys@@YA_NAEAU?$TRefObject@UIRefObject@core@UModSys@@@tl@1@PEAURStreamWriter_FILE@stdio@media@modules@1@@Z@4HA 000000014000a1b0 f    CIL library: CIL module
 0001:000091b0       ?dtor$0@?0???$ValidateConstruction@UIRefObject@core@UModSys@@URStreamReader_FILE@stdio@media@modules@3@@core@UModSys@@YA_NAEAU?$TRefObject@UIRefObject@core@UModSys@@@tl@1@PEAURStreamReader_FILE@stdio@media@modules@1@@Z@4HA 000000014000a1b0 f    CIL library: CIL module
 0001:000091d0       ?dtor$0@?0???1RModuleLibraryThis@rsystem@base@UModSys@@UEAA@XZ@4HA 000000014000a1d0 f    CIL library: CIL module
 0001:000091f0       ?dtor$0@?0???1RModuleLoader@rsystem@base@UModSys@@UEAA@XZ@4HA 000000014000a1f0 f    CIL library: CIL module
 0001:00009210       ?dtor$1@?0???1RModuleLoader@rsystem@base@UModSys@@UEAA@XZ@4HA 000000014000a210 f    CIL library: CIL module
 0001:00009230       ?dtor$2@?0???1RModuleLoader@rsystem@base@UModSys@@UEAA@XZ@4HA 000000014000a230 f    CIL library: CIL module
 0001:00009260       ?dtor$0@?0???1RSystem@rsystem@base@UModSys@@UEAA@XZ@4HA 000000014000a260 f    CIL library: CIL module
 0001:00009280       ?dtor$1@?0???1RSystem@rsystem@base@UModSys@@UEAA@XZ@4HA 000000014000a280 f    CIL library: CIL module
 0001:000092a0       ?dtor$2@?0???1RSystem@rsystem@base@UModSys@@UEAA@XZ@4HA 000000014000a2a0 f    CIL library: CIL module
 0001:000092c0       ?dtor$3@?0???1RSystem@rsystem@base@UModSys@@UEAA@XZ@4HA 000000014000a2c0 f    CIL library: CIL module
 0001:000092e0       ?dtor$4@?0???1RSystem@rsystem@base@UModSys@@UEAA@XZ@4HA 000000014000a2e0 f    CIL library: CIL module
 0001:00009300       ?dtor$5@?0???1RSystem@rsystem@base@UModSys@@UEAA@XZ@4HA 000000014000a300 f    CIL library: CIL module
 0001:00009320       ?dtor$9@?0???1RSystem@rsystem@base@UModSys@@UEAA@XZ@4HA 000000014000a320 f    CIL library: CIL module
 0001:00009340       ?dtor$10@?0???1RSystem@rsystem@base@UModSys@@UEAA@XZ@4HA 000000014000a340 f    CIL library: CIL module
 0001:00009360       ?dtor$0@?0???1RModuleLibrarySO@rsystem@base@UModSys@@UEAA@XZ@4HA 000000014000a360 f    CIL library: CIL module
 0001:00009380       ?dtor$0@?0???0RModule@rsystem@base@UModSys@@QEAA@PEAUIModuleLibraryUni@123@PEAUIModuleReg@23@@Z@4HA 000000014000a380 f    CIL library: CIL module
 0001:000093a0       ?dtor$1@?0???0RModule@rsystem@base@UModSys@@QEAA@PEAUIModuleLibraryUni@123@PEAUIModuleReg@23@@Z@4HA 000000014000a3a0 f    CIL library: CIL module
 0001:000093c0       ?dtor$2@?0???0RModule@rsystem@base@UModSys@@QEAA@PEAUIModuleLibraryUni@123@PEAUIModuleReg@23@@Z@4HA 000000014000a3c0 f    CIL library: CIL module
 0001:000093e0       ?dtor$3@?0???0RModule@rsystem@base@UModSys@@QEAA@PEAUIModuleLibraryUni@123@PEAUIModuleReg@23@@Z@4HA 000000014000a3e0 f    CIL library: CIL module
 0001:00009410       ?dtor$0@?0??link@IModuleLibraryUni@rsystem@base@UModSys@@QEAA_NXZ@4HA 000000014000a410 f    CIL library: CIL module
 0001:00009440       ?dtor$0@?0??exec_test_shells@RSystem@rsystem@base@UModSys@@QEAA_NXZ@4HA 000000014000a440 f    CIL library: CIL module
 0001:00009460       ?dtor$1@?0??exec_test_shells@RSystem@rsystem@base@UModSys@@QEAA_NXZ@4HA 000000014000a460 f    CIL library: CIL module
 0001:00009480       ?dtor$3@?0??exec_test_shells@RSystem@rsystem@base@UModSys@@QEAA_NXZ@4HA 000000014000a480 f    CIL library: CIL module
 0001:000094b0       ?dtor$1@?0??s_add@RModuleLibrarySO@rsystem@base@UModSys@@SA_NPEAUISystem@34@AEAU?$TDynarrayDynamic@U?$TRefObject@URModuleLibrarySO@rsystem@base@UModSys@@@tl@UModSys@@U?$TAllocator@USMemAlloc_Malloc@core@UModSys@@USCountCalcPower2@23@@23@@tl@4@PEBD@Z@4HA 000000014000a4b0 f    CIL library: CIL module
 0001:000094d0       ?dtor$0@?0???_GRStreamWriter_FILE@stdio@media@modules@UModSys@@UEAAPEAXI@Z@4HA 000000014000a4d0 f    CIL library: CIL module
 0001:000094d0       ?dtor$0@?0???0RStreamWriter_FILE@stdio@media@modules@UModSys@@QEAA@PEAURGenerator@1234@AEBUSParameters@core@4@@Z@4HA 000000014000a4d0 f    CIL library: CIL module
 0001:000094d0       ?dtor$0@?0???0RStreamReader_FILE@stdio@media@modules@UModSys@@QEAA@PEAURGenerator@1234@AEBUSParameters@core@4@@Z@4HA 000000014000a4d0 f    CIL library: CIL module
 0001:000094f0       ?dtor$0@?0??mem_free@?$TRMemAlloc_CC@U?$TMemAllocHeader@USMagic@mem_headers@rsystem@base@UModSys@@U?$TPool@X@2345@USDebug@2345@UVoid@core@5@@rsystem@base@UModSys@@USMemAlloc_Malloc@core@4@@rsystem@base@UModSys@@UEAAXPEAXPEBUSSourceContext@core@4@@Z@4HA 000000014000a4f0 f    CIL library: CIL module
 0001:00009510       ?dtor$0@?0??mem_realloc@?$TRMemAlloc_CC@U?$TMemAllocHeader@USMagic@mem_headers@rsystem@base@UModSys@@U?$TPool@X@2345@USDebug@2345@UVoid@core@5@@rsystem@base@UModSys@@USMemAlloc_Malloc@core@4@@rsystem@base@UModSys@@UEAAPEAXPEAX_KPEBUSSourceContext@core@4@@Z@4HA 000000014000a510 f    CIL library: CIL module
 0001:00009530       ?dtor$1@?0??mem_realloc@?$TRMemAlloc_CC@U?$TMemAllocHeader@USMagic@mem_headers@rsystem@base@UModSys@@U?$TPool@X@2345@USDebug@2345@UVoid@core@5@@rsystem@base@UModSys@@USMemAlloc_Malloc@core@4@@rsystem@base@UModSys@@UEAAPEAXPEAX_KPEBUSSourceContext@core@4@@Z@4HA 000000014000a530 f    CIL library: CIL module
 0001:00009550       ?dtor$0@?0??generate@RGenerator@stdio@media@modules@UModSys@@UEAA_NAEAU?$TRefObject@UIRefObject@core@UModSys@@@tl@5@PEBUSUniquePointerInfo@core@5@AEBUSParameters@95@@Z@4HA 000000014000a550 f    CIL library: CIL module
 0001:00009570       ?dtor$1@?0??generate@RGenerator@stdio@media@modules@UModSys@@UEAA_NAEAU?$TRefObject@UIRefObject@core@UModSys@@@tl@5@PEBUSUniquePointerInfo@core@5@AEBUSParameters@95@@Z@4HA 000000014000a570 f    CIL library: CIL module
 0001:00009590       ?dtor$0@?0??suicide@RModule@rsystem@base@UModSys@@UEAAXXZ@4HA 000000014000a590 f    CIL library: CIL module
 0001:00009590       ?dtor$0@?0??suicide@RStreamWriter_FILE@stdio@media@modules@UModSys@@UEAAXXZ@4HA 000000014000a590 f    CIL library: CIL module
 0001:00009590       ?dtor$0@?0??suicide@RStreamReader_FILE@stdio@media@modules@UModSys@@UEAAXXZ@4HA 000000014000a590 f    CIL library: CIL module
 0001:000095b0       ??__E?s_id@?$TObjectUniqueID@UIRoot@core@UModSys@@@tl@UModSys@@2USUniquePointer@core@3@A@@YAXXZ 000000014000a5b0 f    CIL library: CIL module
 0001:000095f0       ??__E?s_id@?$TObjectUniqueID@UIRefObject@core@UModSys@@@tl@UModSys@@2USUniquePointer@core@3@A@@YAXXZ 000000014000a5f0 f    CIL library: CIL module
 0001:00009630       ??__E?s_id@?$TObjectUniqueID@UIParameters@core@UModSys@@@tl@UModSys@@2USUniquePointer@core@3@A@@YAXXZ 000000014000a630 f    CIL library: CIL module
 0001:00009670       ??__E?s_id@?$TObjectUniqueID@UIModule@base@UModSys@@@tl@UModSys@@2USUniquePointer@core@3@A@@YAXXZ 000000014000a670 f    CIL library: CIL module
 0001:000096b0       ??__E?s_id@?$TObjectUniqueID@UIModuleLibrary@base@UModSys@@@tl@UModSys@@2USUniquePointer@core@3@A@@YAXXZ 000000014000a6b0 f    CIL library: CIL module
 0001:000096f0       ??__E?s_id@?$TObjectUniqueID@UIModObject@base@UModSys@@@tl@UModSys@@2USUniquePointer@core@3@A@@YAXXZ 000000014000a6f0 f    CIL library: CIL module
 0001:00009730       ??__E?s_id@?$TObjectUniqueID@UIGenerator@base@UModSys@@@tl@UModSys@@2USUniquePointer@core@3@A@@YAXXZ 000000014000a730 f    CIL library: CIL module
 0001:00009770       ??__E?s_id@?$TObjectUniqueID@UIShell@base@UModSys@@@tl@UModSys@@2USUniquePointer@core@3@A@@YAXXZ 000000014000a770 f    CIL library: CIL module
 0001:000097b0       ??__E?s_id@?$TObjectUniqueID@UIConsole@base@UModSys@@@tl@UModSys@@2USUniquePointer@core@3@A@@YAXXZ 000000014000a7b0 f    CIL library: CIL module
 0001:000097f0       ??__E?s_id@?$TObjectUniqueID@UISystem@base@UModSys@@@tl@UModSys@@2USUniquePointer@core@3@A@@YAXXZ 000000014000a7f0 f    CIL library: CIL module
 0001:00009830       ??__E?s_id@?$TObjectUniqueID@URModule@rsystem@base@UModSys@@@tl@UModSys@@2USUniquePointer@core@3@A@@YAXXZ 000000014000a830 f    CIL library: CIL module
 0001:00009870       ??__E?s_id@?$TObjectUniqueID@UIModuleLibraryUni@rsystem@base@UModSys@@@tl@UModSys@@2USUniquePointer@core@3@A@@YAXXZ 000000014000a870 f    CIL library: CIL module
 0001:000098b0       ??__E?s_id@?$TObjectUniqueID@URModuleLibrarySO@rsystem@base@UModSys@@@tl@UModSys@@2USUniquePointer@core@3@A@@YAXXZ 000000014000a8b0 f    CIL library: CIL module
 0001:000098f0       ??__E?s_id@?$TObjectUniqueID@URModuleLibraryThis@rsystem@base@UModSys@@@tl@UModSys@@2USUniquePointer@core@3@A@@YAXXZ 000000014000a8f0 f    CIL library: CIL module
 0001:00009930       ??__E?s_id@?$TObjectUniqueID@URParameters@rsystem@base@UModSys@@@tl@UModSys@@2USUniquePointer@core@3@A@@YAXXZ 000000014000a930 f    CIL library: CIL module
 0001:00009970       ??__E?s_id@?$TObjectUniqueID@URSystem@rsystem@base@UModSys@@@tl@UModSys@@2USUniquePointer@core@3@A@@YAXXZ 000000014000a970 f    CIL library: CIL module
 0001:000099b0       ??__E?s_id@?$TObjectUniqueID@URConsole_std@rsystem@base@UModSys@@@tl@UModSys@@2USUniquePointer@core@3@A@@YAXXZ 000000014000a9b0 f    CIL library: CIL module
 0001:000099f0       ??__E?s_modreg@RModuleReg@stdio@media@modules@UModSys@@2U12345@A@@YAXXZ 000000014000a9f0 f    CIL library: CIL module
 0001:00009a20       ??__E?s_modreg_chain@RModuleReg@stdio@media@modules@UModSys@@2USModuleRegChain@base@5@A@@YAXXZ 000000014000aa20 f    CIL library: CIL module
 0001:00009a50       ??__E?s_uid@RGenerator@stdio@media@modules@UModSys@@2USUniquePointer@core@5@A@@YAXXZ 000000014000aa50 f    CIL library: CIL module
 0001:00009a90       ??__E?s_id@?$TObjectUniqueID@UIStreamReader@libmedia@UModSys@@@tl@UModSys@@2USUniquePointer@core@3@A@@YAXXZ 000000014000aa90 f    CIL library: CIL module
 0001:00009ad0       ??__E?s_id@?$TObjectUniqueID@UIStreamWriter@libmedia@UModSys@@@tl@UModSys@@2USUniquePointer@core@3@A@@YAXXZ 000000014000aad0 f    CIL library: CIL module
 0001:00009b10       ??__E?s_id@?$TObjectUniqueID@UIDataArchive@libmedia@UModSys@@@tl@UModSys@@2USUniquePointer@core@3@A@@YAXXZ 000000014000ab10 f    CIL library: CIL module
 0001:00009b50       ??__E?s_id@?$TObjectUniqueID@URStreamReader_FILE@stdio@media@modules@UModSys@@@tl@UModSys@@2USUniquePointer@core@3@A@@YAXXZ 000000014000ab50 f    CIL library: CIL module
 0001:00009b90       ??__E?s_id@?$TObjectUniqueID@URStreamWriter_FILE@stdio@media@modules@UModSys@@@tl@UModSys@@2USUniquePointer@core@3@A@@YAXXZ 000000014000ab90 f    CIL library: CIL module
 0001:00009bd0       ??__E?s_id@?$TObjectUniqueID@URGenerator@stdio@media@modules@UModSys@@@tl@UModSys@@2USUniquePointer@core@3@A@@YAXXZ 000000014000abd0 f    CIL library: CIL module
 0001:00009c10       ??__E?s_console@RConsole_std@rsystem@base@UModSys@@2U1234@A@@YAXXZ 000000014000ac10 f    CIL library: CIL module
 0001:00009c30       ??__E?s_sys@RSystem@rsystem@base@UModSys@@2U1234@A@@YAXXZ 000000014000ac30 f    CIL library: CIL module
 0001:00009c50       ??__Ersys_dbg@rsystem@base@UModSys@@YAXXZ 000000014000ac50 f    CIL library: CIL module
 0001:00009c80       ??__EM@UModSys@@YAXXZ      000000014000ac80 f    CIL library: CIL module
 0001:00009ca0       ??__E?root@SModuleRegChain@base@UModSys@@2U123@A@@YAXXZ 000000014000aca0 f    CIL library: CIL module
 0001:00009cd0       ??__E?s_library@RModuleLibraryReg_Chain@base@UModSys@@2U123@A@@YAXXZ 000000014000acd0 f    CIL library: CIL module
 0001:00009cf0       ??__E?root@SUniquePointer@core@UModSys@@2U123@A@@YAXXZ 000000014000acf0 f    CIL library: CIL module
 0001:00009d20       ??__F?s_id@?$TObjectUniqueID@URConsole_std@rsystem@base@UModSys@@@tl@UModSys@@2USUniquePointer@core@3@A@@YAXXZ 000000014000ad20 f    CIL library: CIL module
 0001:00009d30       ??__F?s_id@?$TObjectUniqueID@URSystem@rsystem@base@UModSys@@@tl@UModSys@@2USUniquePointer@core@3@A@@YAXXZ 000000014000ad30 f    CIL library: CIL module
 0001:00009d40       ??__F?s_id@?$TObjectUniqueID@URParameters@rsystem@base@UModSys@@@tl@UModSys@@2USUniquePointer@core@3@A@@YAXXZ 000000014000ad40 f    CIL library: CIL module
 0001:00009d50       ??__F?s_id@?$TObjectUniqueID@URModuleLibraryThis@rsystem@base@UModSys@@@tl@UModSys@@2USUniquePointer@core@3@A@@YAXXZ 000000014000ad50 f    CIL library: CIL module
 0001:00009d60       ??__F?s_id@?$TObjectUniqueID@URModuleLibrarySO@rsystem@base@UModSys@@@tl@UModSys@@2USUniquePointer@core@3@A@@YAXXZ 000000014000ad60 f    CIL library: CIL module
 0001:00009d70       ??__F?s_id@?$TObjectUniqueID@UIModuleLibraryUni@rsystem@base@UModSys@@@tl@UModSys@@2USUniquePointer@core@3@A@@YAXXZ 000000014000ad70 f    CIL library: CIL module
 0001:00009d80       ??__F?s_id@?$TObjectUniqueID@URModule@rsystem@base@UModSys@@@tl@UModSys@@2USUniquePointer@core@3@A@@YAXXZ 000000014000ad80 f    CIL library: CIL module
 0001:00009d90       ??__F?s_id@?$TObjectUniqueID@UISystem@base@UModSys@@@tl@UModSys@@2USUniquePointer@core@3@A@@YAXXZ 000000014000ad90 f    CIL library: CIL module
 0001:00009da0       ??__F?s_id@?$TObjectUniqueID@UIConsole@base@UModSys@@@tl@UModSys@@2USUniquePointer@core@3@A@@YAXXZ 000000014000ada0 f    CIL library: CIL module
 0001:00009db0       ??__F?s_id@?$TObjectUniqueID@UIShell@base@UModSys@@@tl@UModSys@@2USUniquePointer@core@3@A@@YAXXZ 000000014000adb0 f    CIL library: CIL module
 0001:00009dc0       ??__F?s_id@?$TObjectUniqueID@UIGenerator@base@UModSys@@@tl@UModSys@@2USUniquePointer@core@3@A@@YAXXZ 000000014000adc0 f    CIL library: CIL module
 0001:00009dd0       ??__F?s_id@?$TObjectUniqueID@UIModObject@base@UModSys@@@tl@UModSys@@2USUniquePointer@core@3@A@@YAXXZ 000000014000add0 f    CIL library: CIL module
 0001:00009de0       ??__F?s_id@?$TObjectUniqueID@UIModuleLibrary@base@UModSys@@@tl@UModSys@@2USUniquePointer@core@3@A@@YAXXZ 000000014000ade0 f    CIL library: CIL module
 0001:00009df0       ??__F?s_id@?$TObjectUniqueID@UIModule@base@UModSys@@@tl@UModSys@@2USUniquePointer@core@3@A@@YAXXZ 000000014000adf0 f    CIL library: CIL module
 0001:00009e00       ??__F?s_id@?$TObjectUniqueID@UIParameters@core@UModSys@@@tl@UModSys@@2USUniquePointer@core@3@A@@YAXXZ 000000014000ae00 f    CIL library: CIL module
 0001:00009e10       ??__F?s_id@?$TObjectUniqueID@UIRefObject@core@UModSys@@@tl@UModSys@@2USUniquePointer@core@3@A@@YAXXZ 000000014000ae10 f    CIL library: CIL module
 0001:00009e20       ??__F?s_id@?$TObjectUniqueID@UIRoot@core@UModSys@@@tl@UModSys@@2USUniquePointer@core@3@A@@YAXXZ 000000014000ae20 f    CIL library: CIL module
 0001:00009e30       ??__F?s_modreg@RModuleReg@stdio@media@modules@UModSys@@2U12345@A@@YAXXZ 000000014000ae30 f    CIL library: CIL module
 0001:00009e50       ??__F?s_modreg_chain@RModuleReg@stdio@media@modules@UModSys@@2USModuleRegChain@base@5@A@@YAXXZ 000000014000ae50 f    CIL library: CIL module
 0001:00009e60       ??__F?s_uid@RGenerator@stdio@media@modules@UModSys@@2USUniquePointer@core@5@A@@YAXXZ 000000014000ae60 f    CIL library: CIL module
 0001:00009e70       ??__Fh@?1??s_holder@RGenerator@stdio@media@modules@UModSys@@SAAEAU?$TTypeStaticHolder@URGenerator@stdio@media@modules@UModSys@@@tl@5@XZ@YAXXZ 000000014000ae70 f    CIL library: CIL module
 0001:00009ea0       ??__F?s_id@?$TObjectUniqueID@URGenerator@stdio@media@modules@UModSys@@@tl@UModSys@@2USUniquePointer@core@3@A@@YAXXZ 000000014000aea0 f    CIL library: CIL module
 0001:00009eb0       ??__F?s_id@?$TObjectUniqueID@URStreamWriter_FILE@stdio@media@modules@UModSys@@@tl@UModSys@@2USUniquePointer@core@3@A@@YAXXZ 000000014000aeb0 f    CIL library: CIL module
 0001:00009ec0       ??__F?s_id@?$TObjectUniqueID@URStreamReader_FILE@stdio@media@modules@UModSys@@@tl@UModSys@@2USUniquePointer@core@3@A@@YAXXZ 000000014000aec0 f    CIL library: CIL module
 0001:00009ed0       ??__F?s_id@?$TObjectUniqueID@UIDataArchive@libmedia@UModSys@@@tl@UModSys@@2USUniquePointer@core@3@A@@YAXXZ 000000014000aed0 f    CIL library: CIL module
 0001:00009ee0       ??__F?s_id@?$TObjectUniqueID@UIStreamWriter@libmedia@UModSys@@@tl@UModSys@@2USUniquePointer@core@3@A@@YAXXZ 000000014000aee0 f    CIL library: CIL module
 0001:00009ef0       ??__F?s_id@?$TObjectUniqueID@UIStreamReader@libmedia@UModSys@@@tl@UModSys@@2USUniquePointer@core@3@A@@YAXXZ 000000014000aef0 f    CIL library: CIL module
 0001:00009f00       ??__F?s_console@RConsole_std@rsystem@base@UModSys@@2U1234@A@@YAXXZ 000000014000af00 f    CIL library: CIL module
 0001:00009f10       ??__F?s_sys@RSystem@rsystem@base@UModSys@@2U1234@A@@YAXXZ 000000014000af10 f    CIL library: CIL module
 0001:00009f20       ??__Frsys_dbg@rsystem@base@UModSys@@YAXXZ 000000014000af20 f    CIL library: CIL module
 0001:00009f30       ??__FM@UModSys@@YAXXZ      000000014000af30 f    CIL library: CIL module
 0001:00009f40       ??__F?root@SModuleRegChain@base@UModSys@@2U123@A@@YAXXZ 000000014000af40 f    CIL library: CIL module
 0001:00009f50       ??__F?s_library@RModuleLibraryReg_Chain@base@UModSys@@2U123@A@@YAXXZ 000000014000af50 f    CIL library: CIL module
 0001:00009f60       ??__F?root@SUniquePointer@core@UModSys@@2U123@A@@YAXXZ 000000014000af60 f    CIL library: CIL module

 Exports

  ordinal    name

        1    UModSys_Plugin_Entry2
