 umodsysc

 Timestamp is 52666483 (Tue Oct 22 14:41:55 2013)

 Preferred load address is 0000000140000000

 Start         Length     Name                   Class
 0001:00000000 0000c97cH .text                   CODE
 0001:0000c980 0000005eH .text$00                CODE
 0001:0000c9e0 00000808H .text$x                 CODE
 0001:0000d1f0 00000ac2H .text$yc                CODE
 0001:0000dcc0 0000035cH .text$yd                CODE
 0002:00000000 00000258H .idata$5                DATA
 0002:00000258 00000008H .CRT$XCA                DATA
 0002:00000260 00000008H .CRT$XCAA               DATA
 0002:00000268 00000350H .CRT$XCU                DATA
 0002:000005b8 00000008H .CRT$XCZ                DATA
 0002:000005c0 00000008H .CRT$XIA                DATA
 0002:000005c8 00000008H .CRT$XIAA               DATA
 0002:000005d0 00000008H .CRT$XIY                DATA
 0002:000005d8 00000008H .CRT$XIZ                DATA
 0002:000005e0 00002530H .rdata                  DATA
 0002:00002b10 00001774H .rdata$r                DATA
 0002:00004288 00000008H .rtc$IAA                DATA
 0002:00004290 00000008H .rtc$IZZ                DATA
 0002:00004298 00000008H .rtc$TAA                DATA
 0002:000042a0 00000008H .rtc$TZZ                DATA
 0002:000042a8 00001e38H .xdata                  DATA
 0002:000060e0 000000e4H .xdata$x                DATA
 0002:000061c4 00000028H .idata$2                DATA
 0002:000061ec 00000014H .idata$3                DATA
 0002:00006200 00000258H .idata$4                DATA
 0002:00006458 00000478H .idata$6                DATA
 0002:000068d0 00000055H .edata                  DATA
 0003:00000000 00000c64H .data                   DATA
 0003:00000c70 00002ac0H .bss                    DATA
 0004:00000000 00001800H .pdata                  DATA

  Address         Publics by Value              Rva+Base               Lib:Object

 0000:00000000       ___safe_se_handler_table   0000000000000000     <absolute>
 0000:00000000       ___safe_se_handler_count   0000000000000000     <absolute>
 0000:00000000       __ImageBase                0000000140000000     <linker-defined>
 0001:00000000       ??$shash@D@su@tl@UModSys@@YAHPEBD_K@Z 0000000140001000 f i umodsys.c_main.obj
 0001:00000030       ?suicide@RGenerator@stdio@media@modules@UModSys@@UEAAXXZ 0000000140001030 f i umodsys_lib_libmedia:umodsys.mod.media.stdio.obj
 0001:00000030       ??3@YAXPEAX0@Z             0000000140001030 f i umodsys_lib_libmedia:umodsys.mod.media.std.obj
 0001:00000030       ?suicide@RGenerator@std@media@modules@UModSys@@UEAAXXZ 0000000140001030 f i umodsys_lib_libmedia:umodsys.mod.media.std.obj
 0001:00000040       ??3IRoot@core@UModSys@@SAXPEAXAEBUSIMemAlloc@12@@Z 0000000140001040 f i umodsys_lib_libmedia:umodsys.mod.media.std.obj
 0001:00000050       ??1?$TString@U?$TSCoreShared@USIMemAlloc@core@UModSys@@D@su@tl@UModSys@@U?$TComparerBinaryHash@D@234@@tl@UModSys@@QEAA@XZ 0000000140001050 f i umodsys_lib_libmedia:umodsys.mod.media.std.obj
 0001:00000050       ??1?$TSCoreShared@USIMemAlloc@core@UModSys@@D@su@tl@UModSys@@QEAA@XZ 0000000140001050 f i umodsys_lib_libmedia:umodsys.mod.media.std.obj
 0001:000000a0       ?get_interface_info@RLibraryBinCache@std@media@modules@UModSys@@UEBAAEBUSUniquePointerInfo@core@5@XZ 00000001400010a0 f i umodsys_lib_libmedia:umodsys.mod.media.std.obj
 0001:000000b0       ?get_interface_type@RLibraryBinCache@std@media@modules@UModSys@@UEBAPEBUSUniquePointerInfo@core@5@XZ 00000001400010b0 f i umodsys_lib_libmedia:umodsys.mod.media.std.obj
 0001:000000c0       ?get_interface_types@RConsole_std@rsystem@base@UModSys@@UEBA_KAEAUSUniquePtrList@core@4@@Z 00000001400010c0 f i umodsys_lib_basesys:umodsys.basesys.rconsole_std.obj
 0001:000000c0       ?get_interface_types@RLibraryBinCache@std@media@modules@UModSys@@UEBA_KAEAUSUniquePtrList@core@5@@Z 00000001400010c0 f i umodsys_lib_libmedia:umodsys.mod.media.std.obj
 0001:000000c0       ?get_interface_types@RModuleLibrarySO@rsystem@base@UModSys@@UEBA_KAEAUSUniquePtrList@core@4@@Z 00000001400010c0 f i umodsys_lib_basesys:umodsys.basesys.rmodulelibso.obj
 0001:000000c0       ?get_interface_types@RStreamWriter_FILE@stdio@media@modules@UModSys@@UEBA_KAEAUSUniquePtrList@core@5@@Z 00000001400010c0 f i umodsys_lib_libmedia:umodsys.mod.media.stdio.obj
 0001:000000c0       ?get_interface_types@RParameters@rsystem@base@UModSys@@UEBA_KAEAUSUniquePtrList@core@4@@Z 00000001400010c0 f i umodsys_lib_basesys:umodsys.basesys.rparameters.obj
 0001:000000c0       ?get_interface_types@RGenerator@std@media@modules@UModSys@@UEBA_KAEAUSUniquePtrList@core@5@@Z 00000001400010c0 f i umodsys_lib_libmedia:umodsys.mod.media.std.obj
 0001:000000c0       ?get_interface_types@RSystem@rsystem@base@UModSys@@UEBA_KAEAUSUniquePtrList@core@4@@Z 00000001400010c0 f i umodsys_lib_basesys:umodsys.basesys.rsystem_main.obj
 0001:000000c0       ?get_interface_types@ISystem@base@UModSys@@UEBA_KAEAUSUniquePtrList@core@3@@Z 00000001400010c0 f i umodsys_lib_basesys:umodsys.basesys.rsystem_main.obj
 0001:000000c0       ?get_interface_types@RModule@rsystem@base@UModSys@@UEBA_KAEAUSUniquePtrList@core@4@@Z 00000001400010c0 f i umodsys_lib_basesys:umodsys.basesys.rmodule.obj
 0001:000000c0       ?get_interface_types@RGenerator@stdio@media@modules@UModSys@@UEBA_KAEAUSUniquePtrList@core@5@@Z 00000001400010c0 f i umodsys_lib_libmedia:umodsys.mod.media.stdio.obj
 0001:000000c0       ?get_interface_types@RStreamReader_FILE@stdio@media@modules@UModSys@@UEBA_KAEAUSUniquePtrList@core@5@@Z 00000001400010c0 f i umodsys_lib_libmedia:umodsys.mod.media.stdio.obj
 0001:000000c0       ?get_interface_types@RDataArchiver_OsDir@stdio@media@modules@UModSys@@UEBA_KAEAUSUniquePtrList@core@5@@Z 00000001400010c0 f i umodsys_lib_libmedia:umodsys.mod.media.stdio.obj
 0001:000000c0       ?get_interface_types@RModuleLibraryThis@rsystem@base@UModSys@@UEBA_KAEAUSUniquePtrList@core@4@@Z 00000001400010c0 f i umodsys_lib_basesys:umodsys.basesys.rmodulelibthis.obj
 0001:000000c0       ?get_interface_types@RLibraryBinTree@std@media@modules@UModSys@@UEBA_KAEAUSUniquePtrList@core@5@@Z 00000001400010c0 f i umodsys_lib_libmedia:umodsys.mod.media.std.obj
 0001:000000d0       ?get_other_interface@RLibraryBinCache@std@media@modules@UModSys@@UEAAPEAUIRoot@core@5@PEBUSUniquePointerInfo@75@@Z 00000001400010d0 f i umodsys_lib_libmedia:umodsys.mod.media.std.obj
 0001:000000d0       ?get_other_interface@RLibraryBinCache@std@media@modules@UModSys@@UEBAPEBUIRoot@core@5@PEBUSUniquePointerInfo@75@@Z 00000001400010d0 f i umodsys_lib_libmedia:umodsys.mod.media.std.obj
 0001:00000110       ?ref_links@RLibraryBinTree@std@media@modules@UModSys@@UEBAHXZ 0000000140001110 f i umodsys_lib_libmedia:umodsys.mod.media.std.obj
 0001:00000110       ?ref_links@RLibraryBinCache@std@media@modules@UModSys@@UEBAHXZ 0000000140001110 f i umodsys_lib_libmedia:umodsys.mod.media.std.obj
 0001:00000120       ??0RLibraryBinCache@std@media@modules@UModSys@@QEAA@PEAUIModObject@base@4@AEBUSParameters@core@4@U?$TFlags4State@USMediaFlagUid@libmedia@UModSys@@I@tl@4@@Z 0000000140001120 f i umodsys_lib_libmedia:umodsys.mod.media.std.obj
 0001:000001b0       ?bin_writer@RLibraryBinCache@std@media@modules@UModSys@@UEAA?AU?$TRefObject@UIStreamWriter@libmedia@UModSys@@U?$TRefObjectFunc@UIStreamWriter@libmedia@UModSys@@@tl@3@@tl@5@AEBU?$TString@U?$TSCoreConst@D@su@tl@UModSys@@U?$TComparerBinaryHash@D@234@@75@AEBUSFlags@libmedia@5@@Z 00000001400011b0 f i umodsys_lib_libmedia:umodsys.mod.media.std.obj
 0001:000001b0       ?bin_reader@RLibraryBinCache@std@media@modules@UModSys@@UEAA?AU?$TRefObject@UIStreamReader@libmedia@UModSys@@U?$TRefObjectFunc@UIStreamReader@libmedia@UModSys@@@tl@3@@tl@5@AEBU?$TString@U?$TSCoreConst@D@su@tl@UModSys@@U?$TComparerBinaryHash@D@234@@75@AEBUSFlags@libmedia@5@@Z 00000001400011b0 f i umodsys_lib_libmedia:umodsys.mod.media.std.obj
 0001:000001c0       ?bin_load@RLibraryBinCache@std@media@modules@UModSys@@UEAA_NAEAUSCMemShared@core@5@AEBU?$TString@U?$TSCoreConst@D@su@tl@UModSys@@U?$TComparerBinaryHash@D@234@@tl@5@AEBUSFlags@libmedia@5@@Z 00000001400011c0 f i umodsys_lib_libmedia:umodsys.mod.media.std.obj
 0001:00000240       ?bin_get@RLibraryBinCache@std@media@modules@UModSys@@UEAA_NAEAUSCMemShared@core@5@AEBU?$TString@U?$TSCoreConst@D@su@tl@UModSys@@U?$TComparerBinaryHash@D@234@@tl@5@@Z 0000000140001240 f i umodsys_lib_libmedia:umodsys.mod.media.std.obj
 0001:00000250       ?bin_put@RLibraryBinCache@std@media@modules@UModSys@@UEAA_NAEBUSCMemShared@core@5@AEBU?$TString@U?$TSCoreConst@D@su@tl@UModSys@@U?$TComparerBinaryHash@D@234@@tl@5@@Z 0000000140001250 f i umodsys_lib_libmedia:umodsys.mod.media.std.obj
 0001:00000260       ?obj_fsave@RLibraryBinTree@std@media@modules@UModSys@@UEAA_NPEAUIRefObject@core@5@AEAUSInfo@IBinObjFilter@libmedia@5@@Z 0000000140001260 f i umodsys_lib_libmedia:umodsys.mod.media.std.obj
 0001:00000260       ?obj_cget@RLibraryBinTree@std@media@modules@UModSys@@UEAA_NAEAU?$TRefObject@UIRefObject@core@UModSys@@U?$TRefObjectFunc@UIRefObject@core@UModSys@@@tl@3@@tl@5@AEBU?$TString@U?$TSCoreConst@D@su@tl@UModSys@@U?$TComparerBinaryHash@D@234@@75@@Z 0000000140001260 f i umodsys_lib_libmedia:umodsys.mod.media.std.obj
 0001:00000260       ?obj_save@RLibraryBinTree@std@media@modules@UModSys@@UEAA_NPEAUIRefObject@core@5@AEBU?$TString@U?$TSCoreConst@D@su@tl@UModSys@@U?$TComparerBinaryHash@D@234@@tl@5@AEBUSObjOptions@ILibrary@libmedia@5@@Z 0000000140001260 f i umodsys_lib_libmedia:umodsys.mod.media.std.obj
 0001:00000260       ?bin_get@RLibraryBinTree@std@media@modules@UModSys@@UEAA_NAEAUSCMemShared@core@5@AEBU?$TString@U?$TSCoreConst@D@su@tl@UModSys@@U?$TComparerBinaryHash@D@234@@tl@5@@Z 0000000140001260 f i umodsys_lib_libmedia:umodsys.mod.media.std.obj
 0001:00000260       ?obj_fsave@RLibraryBinCache@std@media@modules@UModSys@@UEAA_NPEAUIRefObject@core@5@AEAUSInfo@IBinObjFilter@libmedia@5@@Z 0000000140001260 f i umodsys_lib_libmedia:umodsys.mod.media.std.obj
 0001:00000260       ?bin_save@RLibraryBinCache@std@media@modules@UModSys@@UEAA_NAEBUSCMem@core@5@AEBU?$TString@U?$TSCoreConst@D@su@tl@UModSys@@U?$TComparerBinaryHash@D@234@@tl@5@AEBUSFlags@libmedia@5@@Z 0000000140001260 f i umodsys_lib_libmedia:umodsys.mod.media.std.obj
 0001:00000260       ?obj_fget@RLibraryBinCache@std@media@modules@UModSys@@UEAA_NAEAU?$TRefObject@UIRefObject@core@UModSys@@U?$TRefObjectFunc@UIRefObject@core@UModSys@@@tl@3@@tl@5@AEBUSInfo@IBinObjFilter@libmedia@5@@Z 0000000140001260 f i umodsys_lib_libmedia:umodsys.mod.media.std.obj
 0001:00000260       ?obj_fload@RLibraryBinTree@std@media@modules@UModSys@@UEAA_NPEAUIRefObject@core@5@AEBUSInfo@IBinObjFilter@libmedia@5@@Z 0000000140001260 f i umodsys_lib_libmedia:umodsys.mod.media.std.obj
 0001:00000260       ?obj_cput@RLibraryBinTree@std@media@modules@UModSys@@UEAA_NPEAUIRefObject@core@5@AEBU?$TString@U?$TSCoreConst@D@su@tl@UModSys@@U?$TComparerBinaryHash@D@234@@tl@5@@Z 0000000140001260 f i umodsys_lib_libmedia:umodsys.mod.media.std.obj
 0001:00000260       ?obj_fload@RLibraryBinCache@std@media@modules@UModSys@@UEAA_NPEAUIRefObject@core@5@AEBUSInfo@IBinObjFilter@libmedia@5@@Z 0000000140001260 f i umodsys_lib_libmedia:umodsys.mod.media.std.obj
 0001:00000260       ?bin_put@RLibraryBinTree@std@media@modules@UModSys@@UEAA_NAEBUSCMemShared@core@5@AEBU?$TString@U?$TSCoreConst@D@su@tl@UModSys@@U?$TComparerBinaryHash@D@234@@tl@5@@Z 0000000140001260 f i umodsys_lib_libmedia:umodsys.mod.media.std.obj
 0001:00000260       ?obj_save@RLibraryBinCache@std@media@modules@UModSys@@UEAA_NPEAUIRefObject@core@5@AEBU?$TString@U?$TSCoreConst@D@su@tl@UModSys@@U?$TComparerBinaryHash@D@234@@tl@5@AEBUSObjOptions@ILibrary@libmedia@5@@Z 0000000140001260 f i umodsys_lib_libmedia:umodsys.mod.media.std.obj
 0001:00000260       ?obj_load@RLibraryBinCache@std@media@modules@UModSys@@UEAA_NPEAUIRefObject@core@5@AEBU?$TString@U?$TSCoreConst@D@su@tl@UModSys@@U?$TComparerBinaryHash@D@234@@tl@5@AEBUSObjOptions@ILibrary@libmedia@5@@Z 0000000140001260 f i umodsys_lib_libmedia:umodsys.mod.media.std.obj
 0001:00000260       ?obj_cget@RLibraryBinCache@std@media@modules@UModSys@@UEAA_NAEAU?$TRefObject@UIRefObject@core@UModSys@@U?$TRefObjectFunc@UIRefObject@core@UModSys@@@tl@3@@tl@5@AEBU?$TString@U?$TSCoreConst@D@su@tl@UModSys@@U?$TComparerBinaryHash@D@234@@75@@Z 0000000140001260 f i umodsys_lib_libmedia:umodsys.mod.media.std.obj
 0001:00000260       ?obj_get@RLibraryBinTree@std@media@modules@UModSys@@UEAA_NAEAU?$TRefObject@UIRefObject@core@UModSys@@U?$TRefObjectFunc@UIRefObject@core@UModSys@@@tl@3@@tl@5@AEBU?$TString@U?$TSCoreConst@D@su@tl@UModSys@@U?$TComparerBinaryHash@D@234@@75@AEBUSObjOptions@ILibrary@libmedia@5@@Z 0000000140001260 f i umodsys_lib_libmedia:umodsys.mod.media.std.obj
 0001:00000260       ?obj_fget@RLibraryBinTree@std@media@modules@UModSys@@UEAA_NAEAU?$TRefObject@UIRefObject@core@UModSys@@U?$TRefObjectFunc@UIRefObject@core@UModSys@@@tl@3@@tl@5@AEBUSInfo@IBinObjFilter@libmedia@5@@Z 0000000140001260 f i umodsys_lib_libmedia:umodsys.mod.media.std.obj
 0001:00000260       ?obj_get@RLibraryBinCache@std@media@modules@UModSys@@UEAA_NAEAU?$TRefObject@UIRefObject@core@UModSys@@U?$TRefObjectFunc@UIRefObject@core@UModSys@@@tl@3@@tl@5@AEBU?$TString@U?$TSCoreConst@D@su@tl@UModSys@@U?$TComparerBinaryHash@D@234@@75@AEBUSObjOptions@ILibrary@libmedia@5@@Z 0000000140001260 f i umodsys_lib_libmedia:umodsys.mod.media.std.obj
 0001:00000260       ?obj_load@RLibraryBinTree@std@media@modules@UModSys@@UEAA_NPEAUIRefObject@core@5@AEBU?$TString@U?$TSCoreConst@D@su@tl@UModSys@@U?$TComparerBinaryHash@D@234@@tl@5@AEBUSObjOptions@ILibrary@libmedia@5@@Z 0000000140001260 f i umodsys_lib_libmedia:umodsys.mod.media.std.obj
 0001:00000260       ?obj_cput@RLibraryBinCache@std@media@modules@UModSys@@UEAA_NPEAUIRefObject@core@5@AEBU?$TString@U?$TSCoreConst@D@su@tl@UModSys@@U?$TComparerBinaryHash@D@234@@tl@5@@Z 0000000140001260 f i umodsys_lib_libmedia:umodsys.mod.media.std.obj
 0001:00000270       ?bincache_get@RLibraryBinCache@std@media@modules@UModSys@@UEBA_NAEAUSCMemShared@core@5@AEBU?$TString@U?$TSCoreConst@D@su@tl@UModSys@@U?$TComparerBinaryHash@D@234@@tl@5@@Z 0000000140001270 f i umodsys_lib_libmedia:umodsys.mod.media.std.obj
 0001:00000330       ?bincache_add@RLibraryBinCache@std@media@modules@UModSys@@UEAA_NAEBUSCMemShared@core@5@AEBU?$TString@U?$TSCoreConst@D@su@tl@UModSys@@U?$TComparerBinaryHash@D@234@@tl@5@@Z 0000000140001330 f i umodsys_lib_libmedia:umodsys.mod.media.std.obj
 0001:00000540       ?bincache_remove@RLibraryBinCache@std@media@modules@UModSys@@UEAA_NAEBU?$TString@U?$TSCoreConst@D@su@tl@UModSys@@U?$TComparerBinaryHash@D@234@@tl@5@@Z 0000000140001540 f i umodsys_lib_libmedia:umodsys.mod.media.std.obj
 0001:00000550       ?bincache_clear@RLibraryBinCache@std@media@modules@UModSys@@UEAA_NXZ 0000000140001550 f i umodsys_lib_libmedia:umodsys.mod.media.std.obj
 0001:00000580       ??_GRLibraryBinCache@std@media@modules@UModSys@@UEAAPEAXI@Z 0000000140001580 f i umodsys_lib_libmedia:umodsys.mod.media.std.obj
 0001:00000580       ??_ERLibraryBinCache@std@media@modules@UModSys@@UEAAPEAXI@Z 0000000140001580 f i  CIL library: CIL module
 0001:00000600       ??1ILibraryBinCache@libmedia@UModSys@@UEAA@XZ 0000000140001600 f i umodsys_lib_libmedia:umodsys.mod.media.std.obj
 0001:00000600       ??1IStreamWriter@libmedia@UModSys@@UEAA@XZ 0000000140001600 f i umodsys_lib_libmedia:umodsys.mod.media.stdio.obj
 0001:00000600       ??1IStreamReader@libmedia@UModSys@@UEAA@XZ 0000000140001600 f i umodsys_lib_libmedia:umodsys.mod.media.stdio.obj
 0001:00000600       ??1IBinArchive@libmedia@UModSys@@UEAA@XZ 0000000140001600 f i umodsys_lib_libmedia:umodsys.mod.media.stdio.obj
 0001:00000600       ??1ILibraryBinTree@libmedia@UModSys@@UEAA@XZ 0000000140001600 f i umodsys_lib_libmedia:umodsys.mod.media.std.obj
 0001:00000610       ??_EIRoot@core@UModSys@@UEAAPEAXI@Z 0000000140001610 f i  CIL library: CIL module
 0001:00000610       ??_GIRoot@core@UModSys@@UEAAPEAXI@Z 0000000140001610 f i umodsys_lib_libmedia:umodsys.mod.media.std.obj
 0001:00000640       ?get_interface_info@RLibraryBinTree@std@media@modules@UModSys@@UEBAAEBUSUniquePointerInfo@core@5@XZ 0000000140001640 f i umodsys_lib_libmedia:umodsys.mod.media.std.obj
 0001:00000650       ?get_interface_type@RLibraryBinTree@std@media@modules@UModSys@@UEBAPEBUSUniquePointerInfo@core@5@XZ 0000000140001650 f i umodsys_lib_libmedia:umodsys.mod.media.std.obj
 0001:00000660       ?get_other_interface@RLibraryBinTree@std@media@modules@UModSys@@UEBAPEBUIRoot@core@5@PEBUSUniquePointerInfo@75@@Z 0000000140001660 f i umodsys_lib_libmedia:umodsys.mod.media.std.obj
 0001:00000660       ?get_other_interface@RLibraryBinTree@std@media@modules@UModSys@@UEAAPEAUIRoot@core@5@PEBUSUniquePointerInfo@75@@Z 0000000140001660 f i umodsys_lib_libmedia:umodsys.mod.media.std.obj
 0001:000006a0       ?ref_add@RLibraryBinCache@std@media@modules@UModSys@@UEBAXXZ 00000001400016a0 f i umodsys_lib_libmedia:umodsys.mod.media.std.obj
 0001:000006a0       ?ref_add@RLibraryBinTree@std@media@modules@UModSys@@UEBAXXZ 00000001400016a0 f i umodsys_lib_libmedia:umodsys.mod.media.std.obj
 0001:000006b0       ?ref_remove@RLibraryBinCache@std@media@modules@UModSys@@UEBAXXZ 00000001400016b0 f i umodsys_lib_libmedia:umodsys.mod.media.std.obj
 0001:000006b0       ?ref_remove@RLibraryBinTree@std@media@modules@UModSys@@UEBAXXZ 00000001400016b0 f i umodsys_lib_libmedia:umodsys.mod.media.std.obj
 0001:000006d0       ?ref_weak@RLibraryBinTree@std@media@modules@UModSys@@UEBA_NAEAUWeakPointer@IRefObject@core@5@@Z 00000001400016d0 f i umodsys_lib_libmedia:umodsys.mod.media.std.obj
 0001:000006d0       ?ref_weak@RLibraryBinCache@std@media@modules@UModSys@@UEBA_NAEAUWeakPointer@IRefObject@core@5@@Z 00000001400016d0 f i umodsys_lib_libmedia:umodsys.mod.media.std.obj
 0001:000006f0       ?suicide@RLibraryBinTree@std@media@modules@UModSys@@UEAAXXZ 00000001400016f0 f i umodsys_lib_libmedia:umodsys.mod.media.std.obj
 0001:000006f0       ?suicide@RLibraryBinCache@std@media@modules@UModSys@@UEAAXXZ 00000001400016f0 f i umodsys_lib_libmedia:umodsys.mod.media.std.obj
 0001:00000740       ??0RLibraryBinTree@std@media@modules@UModSys@@QEAA@PEAUIModObject@base@4@AEBUSParameters@core@4@U?$TFlags4State@USMediaFlagUid@libmedia@UModSys@@I@tl@4@@Z 0000000140001740 f i umodsys_lib_libmedia:umodsys.mod.media.std.obj
 0001:000007d0       ?get_parent_flag@RLibraryBinCache@std@media@modules@UModSys@@UEBA?AW4eStates@?$TFlags4State@USMediaFlagUid@libmedia@UModSys@@I@tl@5@H@Z 00000001400017d0 f i umodsys_lib_libmedia:umodsys.mod.media.std.obj
 0001:000007d0       ?get_parent_flag@RLibraryBinTree@std@media@modules@UModSys@@UEBA?AW4eStates@?$TFlags4State@USMediaFlagUid@libmedia@UModSys@@I@tl@5@H@Z 00000001400017d0 f i umodsys_lib_libmedia:umodsys.mod.media.std.obj
 0001:000007e0       ?bin_reader@RLibraryBinTree@std@media@modules@UModSys@@UEAA?AU?$TRefObject@UIStreamReader@libmedia@UModSys@@U?$TRefObjectFunc@UIStreamReader@libmedia@UModSys@@@tl@3@@tl@5@AEBU?$TString@U?$TSCoreConst@D@su@tl@UModSys@@U?$TComparerBinaryHash@D@234@@75@AEBUSFlags@libmedia@5@@Z 00000001400017e0 f i umodsys_lib_libmedia:umodsys.mod.media.std.obj
 0001:00000980       ?bin_writer@RLibraryBinTree@std@media@modules@UModSys@@UEAA?AU?$TRefObject@UIStreamWriter@libmedia@UModSys@@U?$TRefObjectFunc@UIStreamWriter@libmedia@UModSys@@@tl@3@@tl@5@AEBU?$TString@U?$TSCoreConst@D@su@tl@UModSys@@U?$TComparerBinaryHash@D@234@@75@AEBUSFlags@libmedia@5@@Z 0000000140001980 f i umodsys_lib_libmedia:umodsys.mod.media.std.obj
 0001:00000b20       ?bin_load@RLibraryBinTree@std@media@modules@UModSys@@UEAA_NAEAUSCMemShared@core@5@AEBU?$TString@U?$TSCoreConst@D@su@tl@UModSys@@U?$TComparerBinaryHash@D@234@@tl@5@AEBUSFlags@libmedia@5@@Z 0000000140001b20 f i umodsys_lib_libmedia:umodsys.mod.media.std.obj
 0001:00000ca0       ?bin_save@RLibraryBinTree@std@media@modules@UModSys@@UEAA_NAEBUSCMem@core@5@AEBU?$TString@U?$TSCoreConst@D@su@tl@UModSys@@U?$TComparerBinaryHash@D@234@@tl@5@AEBUSFlags@libmedia@5@@Z 0000000140001ca0 f i umodsys_lib_libmedia:umodsys.mod.media.std.obj
 0001:00000e00       ?mount_get@RLibraryBinTree@std@media@modules@UModSys@@UEBA?AUSMountPoint@ILibraryBinTree@libmedia@5@AEBU?$TString@U?$TSCoreConst@D@su@tl@UModSys@@U?$TComparerBinaryHash@D@234@@tl@5@H@Z 0000000140001e00 f i umodsys_lib_libmedia:umodsys.mod.media.std.obj
 0001:00000ea0       ?mount_add@RLibraryBinTree@std@media@modules@UModSys@@UEAA_NAEBUSMountPoint@ILibraryBinTree@libmedia@5@AEBU?$TString@U?$TSCoreConst@D@su@tl@UModSys@@U?$TComparerBinaryHash@D@234@@tl@5@H@Z 0000000140001ea0 f i umodsys_lib_libmedia:umodsys.mod.media.std.obj
 0001:000010b0       ?mount_remove@RLibraryBinTree@std@media@modules@UModSys@@UEAA_NAEBU?$TString@U?$TSCoreConst@D@su@tl@UModSys@@U?$TComparerBinaryHash@D@234@@tl@5@H@Z 00000001400020b0 f i umodsys_lib_libmedia:umodsys.mod.media.std.obj
 0001:00001130       ?mount_clear@RLibraryBinTree@std@media@modules@UModSys@@UEAA_NXZ 0000000140002130 f i umodsys_lib_libmedia:umodsys.mod.media.std.obj
 0001:00001160       ??_ERLibraryBinTree@std@media@modules@UModSys@@UEAAPEAXI@Z 0000000140002160 f i  CIL library: CIL module
 0001:00001160       ??_GRLibraryBinTree@std@media@modules@UModSys@@UEAAPEAXI@Z 0000000140002160 f i umodsys_lib_libmedia:umodsys.mod.media.std.obj
 0001:000011e0       ??1SMountPoint@ILibraryBinTree@libmedia@UModSys@@QEAA@XZ 00000001400021e0 f i umodsys_lib_libmedia:umodsys.mod.media.std.obj
 0001:00001210       ?get_generated_names@RGenerator@std@media@modules@UModSys@@UEBAHAEAUSUniquePtrList@core@5@@Z 0000000140002210 f i umodsys_lib_libmedia:umodsys.mod.media.std.obj
 0001:00001250       ?get_generated_types@RGenerator@std@media@modules@UModSys@@UEBAHAEAUSUniquePtrList@core@5@PEBUSUniquePointerInfo@75@@Z 0000000140002250 f i umodsys_lib_libmedia:umodsys.mod.media.std.obj
 0001:000012e0       ?generate@RGenerator@std@media@modules@UModSys@@UEAA_NAEAU?$TRefObject@UIRefObject@core@UModSys@@U?$TRefObjectFunc@UIRefObject@core@UModSys@@@tl@3@@tl@5@PEBUSUniquePointerInfo@core@5@AEBUSParameters@95@@Z 00000001400022e0 f i umodsys_lib_libmedia:umodsys.mod.media.std.obj
 0001:000013d0       ?get_interface_info@RGenerator@std@media@modules@UModSys@@UEBAAEBUSUniquePointerInfo@core@5@XZ 00000001400023d0 f i umodsys_lib_libmedia:umodsys.mod.media.std.obj
 0001:000013e0       ?get_interface_type@RGenerator@std@media@modules@UModSys@@UEBAPEBUSUniquePointerInfo@core@5@XZ 00000001400023e0 f i umodsys_lib_libmedia:umodsys.mod.media.std.obj
 0001:000013f0       ?get_other_interface@RGenerator@std@media@modules@UModSys@@UEAAPEAUIRoot@core@5@PEBUSUniquePointerInfo@75@@Z 00000001400023f0 f i umodsys_lib_libmedia:umodsys.mod.media.std.obj
 0001:000013f0       ?get_other_interface@RGenerator@std@media@modules@UModSys@@UEBAPEBUIRoot@core@5@PEBUSUniquePointerInfo@75@@Z 00000001400023f0 f i umodsys_lib_libmedia:umodsys.mod.media.std.obj
 0001:00001430       ?get_uid@RGenerator@std@media@modules@UModSys@@UEBAPEBUSUniquePointerInfo@core@5@XZ 0000000140002430 f i umodsys_lib_libmedia:umodsys.mod.media.std.obj
 0001:00001440       ?do_open@RModuleReg@std@media@modules@UModSys@@UEAA_NXZ 0000000140002440 f i umodsys_lib_libmedia:umodsys.mod.media.std.obj
 0001:00001450       ?do_close@RModuleReg@std@media@modules@UModSys@@UEAA_NXZ 0000000140002450 f i umodsys_lib_libmedia:umodsys.mod.media.std.obj
 0001:00001460       ??_ERModuleReg@std@media@modules@UModSys@@UEAAPEAXI@Z 0000000140002460 f i  CIL library: CIL module
 0001:00001460       ??_GRModuleReg@std@media@modules@UModSys@@UEAAPEAXI@Z 0000000140002460 f i umodsys_lib_libmedia:umodsys.mod.media.std.obj
 0001:00001490       ?Remove@?$TScatterArray@USCacheElem@RLibraryBinCache@std@media@modules@UModSys@@U?$TString@U?$TSCoreConst@D@su@tl@UModSys@@U?$TComparerBinaryHash@D@234@@tl@6@U?$TObjectCompare@U?$TScatterArrayNode@USCacheElem@RLibraryBinCache@std@media@modules@UModSys@@U?$TString@U?$TSCoreConst@D@su@tl@UModSys@@U?$TComparerBinaryHash@D@234@@tl@6@@tl@UModSys@@@core@6@U?$TNodeDeleter0@U?$TScatterArrayNode@USCacheElem@RLibraryBinCache@std@media@modules@UModSys@@U?$TString@U?$TSCoreConst@D@su@tl@UModSys@@U?$TComparerBinaryHash@D@234@@tl@6@@tl@UModSys@@@86@@tl@UModSys@@QEAA_NAEBU?$TString@U?$TSCoreConst@D@su@tl@UModSys@@U?$TComparerBinaryHash@D@234@@23@@Z 0000000140002490 f i umodsys_lib_libmedia:umodsys.mod.media.std.obj
 0001:00001510       ??_GIRefObject@core@UModSys@@UEAAPEAXI@Z 0000000140002510 f i umodsys_lib_libmedia:umodsys.mod.media.std.obj
 0001:00001510       ??_GRGenerator@std@media@modules@UModSys@@UEAAPEAXI@Z 0000000140002510 f i umodsys_lib_libmedia:umodsys.mod.media.std.obj
 0001:00001510       ??_GRGenerator@stdio@media@modules@UModSys@@UEAAPEAXI@Z 0000000140002510 f i umodsys_lib_libmedia:umodsys.mod.media.stdio.obj
 0001:00001510       ??_EIRefObject@core@UModSys@@UEAAPEAXI@Z 0000000140002510 f i  CIL library: CIL module
 0001:00001510       ??_ERGenerator@stdio@media@modules@UModSys@@UEAAPEAXI@Z 0000000140002510 f i  CIL library: CIL module
 0001:00001510       ??_ERGenerator@std@media@modules@UModSys@@UEAAPEAXI@Z 0000000140002510 f i  CIL library: CIL module
 0001:00001540       ?remove_node@?$TTreeHoldRB@U?$TScatterArrayNode@USMountInfo@RLibraryBinTree@std@media@modules@UModSys@@USMountIndex@23456@@tl@UModSys@@@tl@UModSys@@QEAAXPEAU?$TScatterArrayNode@USMountInfo@RLibraryBinTree@std@media@modules@UModSys@@USMountIndex@23456@@23@@Z 0000000140002540 f i umodsys_lib_libmedia:umodsys.mod.media.std.obj
 0001:00001540       ?remove_node@?$TTreeHoldRB@U?$TScatterArrayNode@USCacheElem@RLibraryBinCache@std@media@modules@UModSys@@U?$TString@U?$TSCoreConst@D@su@tl@UModSys@@U?$TComparerBinaryHash@D@234@@tl@6@@tl@UModSys@@@tl@UModSys@@QEAAXPEAU?$TScatterArrayNode@USCacheElem@RLibraryBinCache@std@media@modules@UModSys@@U?$TString@U?$TSCoreConst@D@su@tl@UModSys@@U?$TComparerBinaryHash@D@234@@tl@6@@23@@Z 0000000140002540 f i umodsys_lib_libmedia:umodsys.mod.media.std.obj
 0001:00001660       ??_G?$TScatterArrayNode@USCacheElem@RLibraryBinCache@std@media@modules@UModSys@@U?$TString@U?$TSCoreConst@D@su@tl@UModSys@@U?$TComparerBinaryHash@D@234@@tl@6@@tl@UModSys@@QEAAPEAXI@Z 0000000140002660 f i umodsys_lib_libmedia:umodsys.mod.media.std.obj
 0001:000016f0       ??1?$TScatterArrayNode@USCacheElem@RLibraryBinCache@std@media@modules@UModSys@@U?$TString@U?$TSCoreConst@D@su@tl@UModSys@@U?$TComparerBinaryHash@D@234@@tl@6@@tl@UModSys@@QEAA@XZ 00000001400026f0 f i umodsys_lib_libmedia:umodsys.mod.media.std.obj
 0001:00001760       ??1SMountInfo@RLibraryBinTree@std@media@modules@UModSys@@QEAA@XZ 0000000140002760 f i umodsys_lib_libmedia:umodsys.mod.media.std.obj
 0001:000017e0       ?info_new@?$TSCoreShared@USIMemAlloc@core@UModSys@@D@su@tl@UModSys@@QEAA_NPEBD_K@Z 00000001400027e0 f i umodsys_lib_libmedia:umodsys.mod.media.std.obj
 0001:000018a0       ?remove_color@?$TTreeHoldRB@U?$TScatterArrayNode@USCacheElem@RLibraryBinCache@std@media@modules@UModSys@@U?$TString@U?$TSCoreConst@D@su@tl@UModSys@@U?$TComparerBinaryHash@D@234@@tl@6@@tl@UModSys@@@tl@UModSys@@IEAAXPEAU?$TScatterArrayNode@USCacheElem@RLibraryBinCache@std@media@modules@UModSys@@U?$TString@U?$TSCoreConst@D@su@tl@UModSys@@U?$TComparerBinaryHash@D@234@@tl@6@@23@0@Z 00000001400028a0 f i umodsys_lib_libmedia:umodsys.mod.media.std.obj
 0001:000018a0       ?remove_color@?$TTreeHoldRB@U?$TScatterArrayNode@USMountInfo@RLibraryBinTree@std@media@modules@UModSys@@USMountIndex@23456@@tl@UModSys@@@tl@UModSys@@IEAAXPEAU?$TScatterArrayNode@USMountInfo@RLibraryBinTree@std@media@modules@UModSys@@USMountIndex@23456@@23@0@Z 00000001400028a0 f i umodsys_lib_libmedia:umodsys.mod.media.std.obj
 0001:00001b60       ??$scalar_compare@U?$TString@U?$TSCoreConst@D@su@tl@UModSys@@U?$TComparerBinaryHash@D@234@@tl@UModSys@@@core@UModSys@@YAHU?$TString@U?$TSCoreConst@D@su@tl@UModSys@@U?$TComparerBinaryHash@D@234@@tl@1@0@Z 0000000140002b60 f i umodsys_lib_libmedia:umodsys.mod.media.std.obj
 0001:00001c00       ??$genx_node@UCmp@?$TScatterArray@USCacheElem@RLibraryBinCache@std@media@modules@UModSys@@U?$TString@U?$TSCoreConst@D@su@tl@UModSys@@U?$TComparerBinaryHash@D@234@@tl@6@U?$TObjectCompare@U?$TScatterArrayNode@USCacheElem@RLibraryBinCache@std@media@modules@UModSys@@U?$TString@U?$TSCoreConst@D@su@tl@UModSys@@U?$TComparerBinaryHash@D@234@@tl@6@@tl@UModSys@@@core@6@U?$TNodeDeleter0@U?$TScatterArrayNode@USCacheElem@RLibraryBinCache@std@media@modules@UModSys@@U?$TString@U?$TSCoreConst@D@su@tl@UModSys@@U?$TComparerBinaryHash@D@234@@tl@6@@tl@UModSys@@@86@@tl@UModSys@@UGen0@234@@?$TTreeHoldRBD@U?$TScatterArrayNode@USCacheElem@RLibraryBinCache@std@media@modules@UModSys@@U?$TString@U?$TSCoreConst@D@su@tl@UModSys@@U?$TComparerBinaryHash@D@234@@tl@6@@tl@UModSys@@U?$TNodeDeleter0@U?$TScatterArrayNode@USCacheElem@RLibraryBinCache@std@media@modules@UModSys@@U?$TString@U?$TSCoreConst@D@su@tl@UModSys@@U?$TComparerBinaryHash@D@234@@tl@6@@tl@UModSys@@@23@@tl@UModSys@@QEAAPEAU?$TScatterArrayNode@USCacheElem@RLibraryBinCache@std@media@modules@UModSys@@U?$TString@U?$TSCoreConst@D@su@tl@UModSys@@U?$TComparerBinaryHash@D@234@@tl@6@@12@UCmp@?$TScatterArray@USCacheElem@RLibraryBinCache@std@media@modules@UModSys@@U?$TString@U?$TSCoreConst@D@su@tl@UModSys@@U?$TComparerBinaryHash@D@234@@tl@6@U?$TObjectCompare@U?$TScatterArrayNode@USCacheElem@RLibraryBinCache@std@media@modules@UModSys@@U?$TString@U?$TSCoreConst@D@su@tl@UModSys@@U?$TComparerBinaryHash@D@234@@tl@6@@tl@UModSys@@@core@6@U?$TNodeDeleter0@U?$TScatterArrayNode@USCacheElem@RLibraryBinCache@std@media@modules@UModSys@@U?$TString@U?$TSCoreConst@D@su@tl@UModSys@@U?$TComparerBinaryHash@D@234@@tl@6@@tl@UModSys@@@86@@12@AEBUGen0@512@PEAPEAU312@2_N@Z 0000000140002c00 f i umodsys_lib_libmedia:umodsys.mod.media.std.obj
 0001:00001d60       ??$genx_node@UCmp@?$TScatterArray@USMountInfo@RLibraryBinTree@std@media@modules@UModSys@@USMountIndex@23456@U723456@U?$TNodeDeleter0@U?$TScatterArrayNode@USMountInfo@RLibraryBinTree@std@media@modules@UModSys@@USMountIndex@23456@@tl@UModSys@@@tl@6@@tl@UModSys@@UGen0@234@@?$TTreeHoldRBD@U?$TScatterArrayNode@USMountInfo@RLibraryBinTree@std@media@modules@UModSys@@USMountIndex@23456@@tl@UModSys@@U?$TNodeDeleter0@U?$TScatterArrayNode@USMountInfo@RLibraryBinTree@std@media@modules@UModSys@@USMountIndex@23456@@tl@UModSys@@@23@@tl@UModSys@@QEAAPEAU?$TScatterArrayNode@USMountInfo@RLibraryBinTree@std@media@modules@UModSys@@USMountIndex@23456@@12@UCmp@?$TScatterArray@USMountInfo@RLibraryBinTree@std@media@modules@UModSys@@USMountIndex@23456@U723456@U?$TNodeDeleter0@U?$TScatterArrayNode@USMountInfo@RLibraryBinTree@std@media@modules@UModSys@@USMountIndex@23456@@tl@UModSys@@@tl@6@@12@AEBUGen0@512@PEAPEAU312@2_N@Z 0000000140002d60 f i umodsys_lib_libmedia:umodsys.mod.media.std.obj
 0001:00001f60       ??$find_node_u@UCmp@?$TScatterArray@USMountInfo@RLibraryBinTree@std@media@modules@UModSys@@USMountIndex@23456@U723456@U?$TNodeDeleter0@U?$TScatterArrayNode@USMountInfo@RLibraryBinTree@std@media@modules@UModSys@@USMountIndex@23456@@tl@UModSys@@@tl@6@@tl@UModSys@@@?$TTreeHoldRB@U?$TScatterArrayNode@USMountInfo@RLibraryBinTree@std@media@modules@UModSys@@USMountIndex@23456@@tl@UModSys@@@tl@UModSys@@QEBAPEAU?$TScatterArrayNode@USMountInfo@RLibraryBinTree@std@media@modules@UModSys@@USMountIndex@23456@@12@UCmp@?$TScatterArray@USMountInfo@RLibraryBinTree@std@media@modules@UModSys@@USMountIndex@23456@U723456@U?$TNodeDeleter0@U?$TScatterArrayNode@USMountInfo@RLibraryBinTree@std@media@modules@UModSys@@USMountIndex@23456@@tl@UModSys@@@tl@6@@12@@Z 0000000140002f60 f i umodsys_lib_libmedia:umodsys.mod.media.std.obj
 0001:00002050       ??$process_nodes@U?$TNodeDeleter0@U?$TScatterArrayNode@USCacheElem@RLibraryBinCache@std@media@modules@UModSys@@U?$TString@U?$TSCoreConst@D@su@tl@UModSys@@U?$TComparerBinaryHash@D@234@@tl@6@@tl@UModSys@@@tl@UModSys@@@?$TTreeHoldRB@U?$TScatterArrayNode@USCacheElem@RLibraryBinCache@std@media@modules@UModSys@@U?$TString@U?$TSCoreConst@D@su@tl@UModSys@@U?$TComparerBinaryHash@D@234@@tl@6@@tl@UModSys@@@tl@UModSys@@QEAAHAEBU?$TNodeDeleter0@U?$TScatterArrayNode@USCacheElem@RLibraryBinCache@std@media@modules@UModSys@@U?$TString@U?$TSCoreConst@D@su@tl@UModSys@@U?$TComparerBinaryHash@D@234@@tl@6@@tl@UModSys@@@12@@Z 0000000140003050 f i umodsys_lib_libmedia:umodsys.mod.media.std.obj
 0001:000020e0       ??RCmp@?$TScatterArray@USCacheElem@RLibraryBinCache@std@media@modules@UModSys@@U?$TString@U?$TSCoreConst@D@su@tl@UModSys@@U?$TComparerBinaryHash@D@234@@tl@6@U?$TObjectCompare@U?$TScatterArrayNode@USCacheElem@RLibraryBinCache@std@media@modules@UModSys@@U?$TString@U?$TSCoreConst@D@su@tl@UModSys@@U?$TComparerBinaryHash@D@234@@tl@6@@tl@UModSys@@@core@6@U?$TNodeDeleter0@U?$TScatterArrayNode@USCacheElem@RLibraryBinCache@std@media@modules@UModSys@@U?$TString@U?$TSCoreConst@D@su@tl@UModSys@@U?$TComparerBinaryHash@D@234@@tl@6@@tl@UModSys@@@86@@tl@UModSys@@QEBAHPEBU?$TScatterArrayNode@USCacheElem@RLibraryBinCache@std@media@modules@UModSys@@U?$TString@U?$TSCoreConst@D@su@tl@UModSys@@U?$TComparerBinaryHash@D@234@@tl@6@@23@@Z 00000001400030e0 f i umodsys_lib_libmedia:umodsys.mod.media.std.obj
 0001:000022b0       ??1?$TRefObject@UIModObject@base@UModSys@@U?$TModObjectFunc@UIModObject@base@UModSys@@@tl@3@@tl@UModSys@@QEAA@XZ 00000001400032b0 f i umodsys_lib_libmedia:umodsys.mod.media.std.obj
 0001:000022e0       ?insert_color@?$TTreeHoldRB@U?$TScatterArrayNode@USCacheElem@RLibraryBinCache@std@media@modules@UModSys@@U?$TString@U?$TSCoreConst@D@su@tl@UModSys@@U?$TComparerBinaryHash@D@234@@tl@6@@tl@UModSys@@@tl@UModSys@@IEAAXPEAU?$TScatterArrayNode@USCacheElem@RLibraryBinCache@std@media@modules@UModSys@@U?$TString@U?$TSCoreConst@D@su@tl@UModSys@@U?$TComparerBinaryHash@D@234@@tl@6@@23@@Z 00000001400032e0 f i umodsys_lib_libmedia:umodsys.mod.media.std.obj
 0001:000022e0       ?insert_color@?$TTreeHoldRB@U?$TQuantArrayNode@USSourceContext@core@UModSys@@$0BAA@@tl@UModSys@@@tl@UModSys@@IEAAXPEAU?$TQuantArrayNode@USSourceContext@core@UModSys@@$0BAA@@23@@Z 00000001400032e0 f i umodsys_lib_basesys:umodsys.basesys.rsystem.obj
 0001:000022e0       ?insert_color@?$TTreeHoldRB@U?$TScatterArrayNode@USMountInfo@RLibraryBinTree@std@media@modules@UModSys@@USMountIndex@23456@@tl@UModSys@@@tl@UModSys@@IEAAXPEAU?$TScatterArrayNode@USMountInfo@RLibraryBinTree@std@media@modules@UModSys@@USMountIndex@23456@@23@@Z 00000001400032e0 f i umodsys_lib_libmedia:umodsys.mod.media.std.obj
 0001:000022e0       ?insert_color@?$TTreeHoldRB@U?$TQuantArrayNode@USUniquePointerInfo@core@UModSys@@$0BAA@@tl@UModSys@@@tl@UModSys@@IEAAXPEAU?$TQuantArrayNode@USUniquePointerInfo@core@UModSys@@$0BAA@@23@@Z 00000001400032e0 f i umodsys_lib_basesys:umodsys.basesys.rsystem.obj
 0001:00002490       ??$ValidateConstruction@UIRefObject@core@UModSys@@URLibraryBinTree@std@media@modules@3@@core@UModSys@@YA_NAEAU?$TRefObject@UIRefObject@core@UModSys@@U?$TRefObjectFunc@UIRefObject@core@UModSys@@@tl@3@@tl@1@PEAURLibraryBinTree@std@media@modules@1@@Z 0000000140003490 f i umodsys_lib_libmedia:umodsys.mod.media.std.obj
 0001:00002490       ??$ValidateConstruction@UIRefObject@core@UModSys@@URDataArchiver_OsDir@stdio@media@modules@3@@core@UModSys@@YA_NAEAU?$TRefObject@UIRefObject@core@UModSys@@U?$TRefObjectFunc@UIRefObject@core@UModSys@@@tl@3@@tl@1@PEAURDataArchiver_OsDir@stdio@media@modules@1@@Z 0000000140003490 f i umodsys_lib_libmedia:umodsys.mod.media.stdio.obj
 0001:00002490       ??$ValidateConstruction@UIRefObject@core@UModSys@@URLibraryBinCache@std@media@modules@3@@core@UModSys@@YA_NAEAU?$TRefObject@UIRefObject@core@UModSys@@U?$TRefObjectFunc@UIRefObject@core@UModSys@@@tl@3@@tl@1@PEAURLibraryBinCache@std@media@modules@1@@Z 0000000140003490 f i umodsys_lib_libmedia:umodsys.mod.media.std.obj
 0001:00002500       ??$process_nodes_r@U?$TNodeDeleter0@U?$TScatterArrayNode@USCacheElem@RLibraryBinCache@std@media@modules@UModSys@@U?$TString@U?$TSCoreConst@D@su@tl@UModSys@@U?$TComparerBinaryHash@D@234@@tl@6@@tl@UModSys@@@tl@UModSys@@@?$TTreeHoldRB@U?$TScatterArrayNode@USCacheElem@RLibraryBinCache@std@media@modules@UModSys@@U?$TString@U?$TSCoreConst@D@su@tl@UModSys@@U?$TComparerBinaryHash@D@234@@tl@6@@tl@UModSys@@@tl@UModSys@@KAHPEAU?$TScatterArrayNode@USCacheElem@RLibraryBinCache@std@media@modules@UModSys@@U?$TString@U?$TSCoreConst@D@su@tl@UModSys@@U?$TComparerBinaryHash@D@234@@tl@6@@12@AEBU?$TNodeDeleter0@U?$TScatterArrayNode@USCacheElem@RLibraryBinCache@std@media@modules@UModSys@@U?$TString@U?$TSCoreConst@D@su@tl@UModSys@@U?$TComparerBinaryHash@D@234@@tl@6@@tl@UModSys@@@12@@Z 0000000140003500 f i umodsys_lib_libmedia:umodsys.mod.media.std.obj
 0001:00002570       ??$process_nodes_r@U?$TNodeDeleter0@U?$TScatterArrayNode@USMountInfo@RLibraryBinTree@std@media@modules@UModSys@@USMountIndex@23456@@tl@UModSys@@@tl@UModSys@@@?$TTreeHoldRB@U?$TScatterArrayNode@USMountInfo@RLibraryBinTree@std@media@modules@UModSys@@USMountIndex@23456@@tl@UModSys@@@tl@UModSys@@KAHPEAU?$TScatterArrayNode@USMountInfo@RLibraryBinTree@std@media@modules@UModSys@@USMountIndex@23456@@12@AEBU?$TNodeDeleter0@U?$TScatterArrayNode@USMountInfo@RLibraryBinTree@std@media@modules@UModSys@@USMountIndex@23456@@tl@UModSys@@@12@@Z 0000000140003570 f i umodsys_lib_libmedia:umodsys.mod.media.std.obj
 0001:000025e0       ?s_set@?$TRefObjectFunc@UIRefObject@core@UModSys@@@tl@UModSys@@SAXAEAPEAUIRefObject@core@3@PEAU453@@Z 00000001400035e0 f i umodsys_lib_libmedia:umodsys.mod.media.std.obj
 0001:00002620       ??1SMemShared@core@UModSys@@QEAA@XZ 0000000140003620 f i umodsys_lib_libmedia:umodsys.mod.media.stdio.obj
 0001:00002640       ?archive_load_data@libmedia@UModSys@@YA_NAEAUIBinArchive@12@AEBU?$TString@U?$TSCoreConst@D@su@tl@UModSys@@U?$TComparerBinaryHash@D@234@@tl@2@AEAUSCMemShared@core@2@AEBUSFlags@12@@Z 0000000140003640 f i umodsys_lib_libmedia:umodsys.mod.media.stdio.obj
 0001:000027f0       ?archive_save_data@libmedia@UModSys@@YA_NAEAUIBinArchive@12@AEBU?$TString@U?$TSCoreConst@D@su@tl@UModSys@@U?$TComparerBinaryHash@D@234@@tl@2@AEBUSCMem@core@2@AEBUSFlags@12@@Z 00000001400037f0 f i umodsys_lib_libmedia:umodsys.mod.media.stdio.obj
 0001:00002880       ?file_get_size@stdio@media@modules@UModSys@@YA_JPEAU_iobuf@@@Z 0000000140003880 f i umodsys_lib_libmedia:umodsys.mod.media.stdio.obj
 0001:000028f0       ?get_interface_info@RStreamReader_FILE@stdio@media@modules@UModSys@@UEBAAEBUSUniquePointerInfo@core@5@XZ 00000001400038f0 f i umodsys_lib_libmedia:umodsys.mod.media.stdio.obj
 0001:00002900       ?get_interface_type@RStreamReader_FILE@stdio@media@modules@UModSys@@UEBAPEBUSUniquePointerInfo@core@5@XZ 0000000140003900 f i umodsys_lib_libmedia:umodsys.mod.media.stdio.obj
 0001:00002910       ?get_other_interface@RStreamReader_FILE@stdio@media@modules@UModSys@@UEBAPEBUIRoot@core@5@PEBUSUniquePointerInfo@75@@Z 0000000140003910 f i umodsys_lib_libmedia:umodsys.mod.media.stdio.obj
 0001:00002910       ?get_other_interface@RStreamReader_FILE@stdio@media@modules@UModSys@@UEAAPEAUIRoot@core@5@PEBUSUniquePointerInfo@75@@Z 0000000140003910 f i umodsys_lib_libmedia:umodsys.mod.media.stdio.obj
 0001:00002940       ?ref_remove@RGenerator@stdio@media@modules@UModSys@@UEBAXXZ 0000000140003940 f i umodsys_lib_libmedia:umodsys.mod.media.stdio.obj
 0001:00002940       ?ref_remove@RDataArchiver_OsDir@stdio@media@modules@UModSys@@UEBAXXZ 0000000140003940 f i umodsys_lib_libmedia:umodsys.mod.media.stdio.obj
 0001:00002940       ?ref_remove@RStreamReader_FILE@stdio@media@modules@UModSys@@UEBAXXZ 0000000140003940 f i umodsys_lib_libmedia:umodsys.mod.media.stdio.obj
 0001:00002940       ?ref_remove@RGenerator@std@media@modules@UModSys@@UEBAXXZ 0000000140003940 f i umodsys_lib_libmedia:umodsys.mod.media.std.obj
 0001:00002940       ?ref_remove@RStreamWriter_FILE@stdio@media@modules@UModSys@@UEBAXXZ 0000000140003940 f i umodsys_lib_libmedia:umodsys.mod.media.stdio.obj
 0001:00002960       ?ref_links@RStreamReader_FILE@stdio@media@modules@UModSys@@UEBAHXZ 0000000140003960 f i umodsys_lib_libmedia:umodsys.mod.media.stdio.obj
 0001:00002960       ?ref_links@RGenerator@std@media@modules@UModSys@@UEBAHXZ 0000000140003960 f i umodsys_lib_libmedia:umodsys.mod.media.std.obj
 0001:00002960       ?ref_links@RStreamWriter_FILE@stdio@media@modules@UModSys@@UEBAHXZ 0000000140003960 f i umodsys_lib_libmedia:umodsys.mod.media.stdio.obj
 0001:00002960       ?ref_links@RDataArchiver_OsDir@stdio@media@modules@UModSys@@UEBAHXZ 0000000140003960 f i umodsys_lib_libmedia:umodsys.mod.media.stdio.obj
 0001:00002960       ?ref_links@RGenerator@stdio@media@modules@UModSys@@UEBAHXZ 0000000140003960 f i umodsys_lib_libmedia:umodsys.mod.media.stdio.obj
 0001:00002970       ?suicide@RStreamWriter_FILE@stdio@media@modules@UModSys@@UEAAXXZ 0000000140003970 f i umodsys_lib_libmedia:umodsys.mod.media.stdio.obj
 0001:00002970       ?suicide@RDataArchiver_OsDir@stdio@media@modules@UModSys@@UEAAXXZ 0000000140003970 f i umodsys_lib_libmedia:umodsys.mod.media.stdio.obj
 0001:00002970       ?suicide@RStreamReader_FILE@stdio@media@modules@UModSys@@UEAAXXZ 0000000140003970 f i umodsys_lib_libmedia:umodsys.mod.media.stdio.obj
 0001:000029c0       ??0RStreamReader_FILE@stdio@media@modules@UModSys@@QEAA@PEAUIModObject@base@4@AEBUSParameters@core@4@@Z 00000001400039c0 f i umodsys_lib_libmedia:umodsys.mod.media.stdio.obj
 0001:00002a90       ??0RStreamReader_FILE@stdio@media@modules@UModSys@@QEAA@PEAUIModObject@base@4@PEBD@Z 0000000140003a90 f i umodsys_lib_libmedia:umodsys.mod.media.stdio.obj
 0001:00002b40       ?get_size@RStreamReader_FILE@stdio@media@modules@UModSys@@QEAAXXZ 0000000140003b40 f i umodsys_lib_libmedia:umodsys.mod.media.stdio.obj
 0001:00002bc0       ?reader_seek@RStreamReader_FILE@stdio@media@modules@UModSys@@UEAA_N_J@Z 0000000140003bc0 f i umodsys_lib_libmedia:umodsys.mod.media.stdio.obj
 0001:00002bf0       ?reader_seekend@RStreamReader_FILE@stdio@media@modules@UModSys@@UEAA_N_J@Z 0000000140003bf0 f i umodsys_lib_libmedia:umodsys.mod.media.stdio.obj
 0001:00002c20       ?reader_seekdelta@RStreamReader_FILE@stdio@media@modules@UModSys@@UEAA_N_J@Z 0000000140003c20 f i umodsys_lib_libmedia:umodsys.mod.media.stdio.obj
 0001:00002c50       ?reader_pos@RStreamReader_FILE@stdio@media@modules@UModSys@@UEAA_JXZ 0000000140003c50 f i umodsys_lib_libmedia:umodsys.mod.media.stdio.obj
 0001:00002c80       ?reader_size@RStreamReader_FILE@stdio@media@modules@UModSys@@UEAA_JXZ 0000000140003c80 f i umodsys_lib_libmedia:umodsys.mod.media.stdio.obj
 0001:00002c90       ?reader_read@RStreamReader_FILE@stdio@media@modules@UModSys@@UEAA_NPEAX_K@Z 0000000140003c90 f i umodsys_lib_libmedia:umodsys.mod.media.stdio.obj
 0001:00002d40       ?reader_close@RStreamReader_FILE@stdio@media@modules@UModSys@@UEAAXXZ 0000000140003d40 f i umodsys_lib_libmedia:umodsys.mod.media.stdio.obj
 0001:00002d70       ??_GRStreamReader_FILE@stdio@media@modules@UModSys@@UEAAPEAXI@Z 0000000140003d70 f i umodsys_lib_libmedia:umodsys.mod.media.stdio.obj
 0001:00002d70       ??_ERStreamReader_FILE@stdio@media@modules@UModSys@@UEAAPEAXI@Z 0000000140003d70 f i  CIL library: CIL module
 0001:00002dd0       ?get_interface_info@RStreamWriter_FILE@stdio@media@modules@UModSys@@UEBAAEBUSUniquePointerInfo@core@5@XZ 0000000140003dd0 f i umodsys_lib_libmedia:umodsys.mod.media.stdio.obj
 0001:00002de0       ?get_interface_type@RStreamWriter_FILE@stdio@media@modules@UModSys@@UEBAPEBUSUniquePointerInfo@core@5@XZ 0000000140003de0 f i umodsys_lib_libmedia:umodsys.mod.media.stdio.obj
 0001:00002df0       ?get_other_interface@RStreamWriter_FILE@stdio@media@modules@UModSys@@UEBAPEBUIRoot@core@5@PEBUSUniquePointerInfo@75@@Z 0000000140003df0 f i umodsys_lib_libmedia:umodsys.mod.media.stdio.obj
 0001:00002df0       ?get_other_interface@RStreamWriter_FILE@stdio@media@modules@UModSys@@UEAAPEAUIRoot@core@5@PEBUSUniquePointerInfo@75@@Z 0000000140003df0 f i umodsys_lib_libmedia:umodsys.mod.media.stdio.obj
 0001:00002e20       ?ref_add@RGenerator@std@media@modules@UModSys@@UEBAXXZ 0000000140003e20 f i umodsys_lib_libmedia:umodsys.mod.media.std.obj
 0001:00002e20       ?ref_add@RStreamWriter_FILE@stdio@media@modules@UModSys@@UEBAXXZ 0000000140003e20 f i umodsys_lib_libmedia:umodsys.mod.media.stdio.obj
 0001:00002e20       ?ref_add@RStreamReader_FILE@stdio@media@modules@UModSys@@UEBAXXZ 0000000140003e20 f i umodsys_lib_libmedia:umodsys.mod.media.stdio.obj
 0001:00002e20       ?ref_add@RDataArchiver_OsDir@stdio@media@modules@UModSys@@UEBAXXZ 0000000140003e20 f i umodsys_lib_libmedia:umodsys.mod.media.stdio.obj
 0001:00002e20       ?ref_add@RGenerator@stdio@media@modules@UModSys@@UEBAXXZ 0000000140003e20 f i umodsys_lib_libmedia:umodsys.mod.media.stdio.obj
 0001:00002e30       ?ref_weak@RGenerator@stdio@media@modules@UModSys@@UEBA_NAEAUWeakPointer@IRefObject@core@5@@Z 0000000140003e30 f i umodsys_lib_libmedia:umodsys.mod.media.stdio.obj
 0001:00002e30       ?ref_weak@RStreamReader_FILE@stdio@media@modules@UModSys@@UEBA_NAEAUWeakPointer@IRefObject@core@5@@Z 0000000140003e30 f i umodsys_lib_libmedia:umodsys.mod.media.stdio.obj
 0001:00002e30       ?ref_weak@RStreamWriter_FILE@stdio@media@modules@UModSys@@UEBA_NAEAUWeakPointer@IRefObject@core@5@@Z 0000000140003e30 f i umodsys_lib_libmedia:umodsys.mod.media.stdio.obj
 0001:00002e30       ?ref_weak@RGenerator@std@media@modules@UModSys@@UEBA_NAEAUWeakPointer@IRefObject@core@5@@Z 0000000140003e30 f i umodsys_lib_libmedia:umodsys.mod.media.std.obj
 0001:00002e30       ?ref_weak@RDataArchiver_OsDir@stdio@media@modules@UModSys@@UEBA_NAEAUWeakPointer@IRefObject@core@5@@Z 0000000140003e30 f i umodsys_lib_libmedia:umodsys.mod.media.stdio.obj
 0001:00002e50       ??0RStreamWriter_FILE@stdio@media@modules@UModSys@@QEAA@PEAUIModObject@base@4@AEBUSParameters@core@4@@Z 0000000140003e50 f i umodsys_lib_libmedia:umodsys.mod.media.stdio.obj
 0001:00002ef0       ??0RStreamWriter_FILE@stdio@media@modules@UModSys@@QEAA@PEAUIModObject@base@4@PEBD_N@Z 0000000140003ef0 f i umodsys_lib_libmedia:umodsys.mod.media.stdio.obj
 0001:00002fd0       ?open@RStreamWriter_FILE@stdio@media@modules@UModSys@@QEAAXAEBUSParameters@core@5@@Z 0000000140003fd0 f i umodsys_lib_libmedia:umodsys.mod.media.stdio.obj
 0001:00003090       ?writer_seek@RStreamWriter_FILE@stdio@media@modules@UModSys@@UEAA_N_J@Z 0000000140004090 f i umodsys_lib_libmedia:umodsys.mod.media.stdio.obj
 0001:000030c0       ?writer_seekend@RStreamWriter_FILE@stdio@media@modules@UModSys@@UEAA_N_J@Z 00000001400040c0 f i umodsys_lib_libmedia:umodsys.mod.media.stdio.obj
 0001:000030f0       ?writer_seekdelta@RStreamWriter_FILE@stdio@media@modules@UModSys@@UEAA_N_J@Z 00000001400040f0 f i umodsys_lib_libmedia:umodsys.mod.media.stdio.obj
 0001:00003120       ?writer_setsize@RStreamWriter_FILE@stdio@media@modules@UModSys@@UEAA_N_J@Z 0000000140004120 f i umodsys_lib_libmedia:umodsys.mod.media.stdio.obj
 0001:00003180       ?writer_pos@RStreamWriter_FILE@stdio@media@modules@UModSys@@UEAA_JXZ 0000000140004180 f i umodsys_lib_libmedia:umodsys.mod.media.stdio.obj
 0001:000031b0       ?writer_size@RStreamWriter_FILE@stdio@media@modules@UModSys@@UEAA_JXZ 00000001400041b0 f i umodsys_lib_libmedia:umodsys.mod.media.stdio.obj
 0001:000031e0       ?writer_write@RStreamWriter_FILE@stdio@media@modules@UModSys@@UEAA_NPEBX_K@Z 00000001400041e0 f i umodsys_lib_libmedia:umodsys.mod.media.stdio.obj
 0001:00003290       ?writer_copy@RStreamWriter_FILE@stdio@media@modules@UModSys@@UEAA_NPEAUIStreamReader@libmedia@5@_J@Z 0000000140004290 f i umodsys_lib_libmedia:umodsys.mod.media.stdio.obj
 0001:00003340       ?writer_copy@RStreamWriter_FILE@stdio@media@modules@UModSys@@UEAA_NPEAUIStreamReader@libmedia@5@_J1@Z 0000000140004340 f i umodsys_lib_libmedia:umodsys.mod.media.stdio.obj
 0001:000033b0       ?writer_close@RStreamWriter_FILE@stdio@media@modules@UModSys@@UEAAXXZ 00000001400043b0 f i umodsys_lib_libmedia:umodsys.mod.media.stdio.obj
 0001:000033f0       ?writer_abort@RStreamWriter_FILE@stdio@media@modules@UModSys@@UEAAXXZ 00000001400043f0 f i umodsys_lib_libmedia:umodsys.mod.media.stdio.obj
 0001:00003430       ??_GRStreamWriter_FILE@stdio@media@modules@UModSys@@UEAAPEAXI@Z 0000000140004430 f i umodsys_lib_libmedia:umodsys.mod.media.stdio.obj
 0001:00003430       ??_ERStreamWriter_FILE@stdio@media@modules@UModSys@@UEAAPEAXI@Z 0000000140004430 f i  CIL library: CIL module
 0001:000034b0       ?get_interface_info@RDataArchiver_OsDir@stdio@media@modules@UModSys@@UEBAAEBUSUniquePointerInfo@core@5@XZ 00000001400044b0 f i umodsys_lib_libmedia:umodsys.mod.media.stdio.obj
 0001:000034c0       ?get_interface_type@RDataArchiver_OsDir@stdio@media@modules@UModSys@@UEBAPEBUSUniquePointerInfo@core@5@XZ 00000001400044c0 f i umodsys_lib_libmedia:umodsys.mod.media.stdio.obj
 0001:000034d0       ?get_other_interface@RDataArchiver_OsDir@stdio@media@modules@UModSys@@UEAAPEAUIRoot@core@5@PEBUSUniquePointerInfo@75@@Z 00000001400044d0 f i umodsys_lib_libmedia:umodsys.mod.media.stdio.obj
 0001:000034d0       ?get_other_interface@RDataArchiver_OsDir@stdio@media@modules@UModSys@@UEBAPEBUIRoot@core@5@PEBUSUniquePointerInfo@75@@Z 00000001400044d0 f i umodsys_lib_libmedia:umodsys.mod.media.stdio.obj
 0001:00003500       ??0RDataArchiver_OsDir@stdio@media@modules@UModSys@@QEAA@PEAUIModObject@base@4@AEBUSParameters@core@4@U?$TFlags4State@USMediaFlagUid@libmedia@UModSys@@I@tl@4@@Z 0000000140004500 f i umodsys_lib_libmedia:umodsys.mod.media.stdio.obj
 0001:000035b0       ?open@RDataArchiver_OsDir@stdio@media@modules@UModSys@@QEAAXAEBUSParameters@core@5@@Z 00000001400045b0 f i umodsys_lib_libmedia:umodsys.mod.media.stdio.obj
 0001:000036c0       ?data_load@RDataArchiver_OsDir@stdio@media@modules@UModSys@@UEAA_NAEBU?$TString@U?$TSCoreConst@D@su@tl@UModSys@@U?$TComparerBinaryHash@D@234@@tl@5@AEAUSCMemShared@core@5@AEBUSFlags@libmedia@5@@Z 00000001400046c0 f i umodsys_lib_libmedia:umodsys.mod.media.stdio.obj
 0001:000036d0       ?data_save@RDataArchiver_OsDir@stdio@media@modules@UModSys@@UEAA_NAEBU?$TString@U?$TSCoreConst@D@su@tl@UModSys@@U?$TComparerBinaryHash@D@234@@tl@5@AEBUSCMem@core@5@AEBUSFlags@libmedia@5@@Z 00000001400046d0 f i umodsys_lib_libmedia:umodsys.mod.media.stdio.obj
 0001:000036e0       ?data_reader@RDataArchiver_OsDir@stdio@media@modules@UModSys@@UEAA?AU?$TRefObject@UIStreamReader@libmedia@UModSys@@U?$TRefObjectFunc@UIStreamReader@libmedia@UModSys@@@tl@3@@tl@5@AEBU?$TString@U?$TSCoreConst@D@su@tl@UModSys@@U?$TComparerBinaryHash@D@234@@75@AEBUSFlags@libmedia@5@@Z 00000001400046e0 f i umodsys_lib_libmedia:umodsys.mod.media.stdio.obj
 0001:00003860       ?data_writer@RDataArchiver_OsDir@stdio@media@modules@UModSys@@UEAA?AU?$TRefObject@UIStreamWriter@libmedia@UModSys@@U?$TRefObjectFunc@UIStreamWriter@libmedia@UModSys@@@tl@3@@tl@5@AEBU?$TString@U?$TSCoreConst@D@su@tl@UModSys@@U?$TComparerBinaryHash@D@234@@75@AEBUSFlags@libmedia@5@@Z 0000000140004860 f i umodsys_lib_libmedia:umodsys.mod.media.stdio.obj
 0001:00003a30       ?data_list@RDataArchiver_OsDir@stdio@media@modules@UModSys@@UEAA_NAEBU?$TString@U?$TSCoreConst@D@su@tl@UModSys@@U?$TComparerBinaryHash@D@234@@tl@5@AEAU?$TIStackSocket@USFileInfo@libmedia@UModSys@@@75@@Z 0000000140004a30 f i umodsys_lib_libmedia:umodsys.mod.media.stdio.obj
 0001:00003ac0       ?get_permissions@RDataArchiver_OsDir@stdio@media@modules@UModSys@@UEAAHXZ 0000000140004ac0 f i umodsys_lib_libmedia:umodsys.mod.media.stdio.obj
 0001:00003ad0       ??_GRDataArchiver_OsDir@stdio@media@modules@UModSys@@UEAAPEAXI@Z 0000000140004ad0 f i umodsys_lib_libmedia:umodsys.mod.media.stdio.obj
 0001:00003ad0       ??_ERDataArchiver_OsDir@stdio@media@modules@UModSys@@UEAAPEAXI@Z 0000000140004ad0 f i  CIL library: CIL module
 0001:00003b60       ?get_generated_names@RGenerator@stdio@media@modules@UModSys@@UEBAHAEAUSUniquePtrList@core@5@@Z 0000000140004b60 f i umodsys_lib_libmedia:umodsys.mod.media.stdio.obj
 0001:00003bb0       ?get_generated_types@RGenerator@stdio@media@modules@UModSys@@UEBAHAEAUSUniquePtrList@core@5@PEBUSUniquePointerInfo@75@@Z 0000000140004bb0 f i umodsys_lib_libmedia:umodsys.mod.media.stdio.obj
 0001:00003c50       ?generate@RGenerator@stdio@media@modules@UModSys@@UEAA_NAEAU?$TRefObject@UIRefObject@core@UModSys@@U?$TRefObjectFunc@UIRefObject@core@UModSys@@@tl@3@@tl@5@PEBUSUniquePointerInfo@core@5@AEBUSParameters@95@@Z 0000000140004c50 f i umodsys_lib_libmedia:umodsys.mod.media.stdio.obj
 0001:00003d80       ?get_interface_info@RGenerator@stdio@media@modules@UModSys@@UEBAAEBUSUniquePointerInfo@core@5@XZ 0000000140004d80 f i umodsys_lib_libmedia:umodsys.mod.media.stdio.obj
 0001:00003d90       ?get_interface_type@RGenerator@stdio@media@modules@UModSys@@UEBAPEBUSUniquePointerInfo@core@5@XZ 0000000140004d90 f i umodsys_lib_libmedia:umodsys.mod.media.stdio.obj
 0001:00003da0       ?get_other_interface@RGenerator@stdio@media@modules@UModSys@@UEBAPEBUIRoot@core@5@PEBUSUniquePointerInfo@75@@Z 0000000140004da0 f i umodsys_lib_libmedia:umodsys.mod.media.stdio.obj
 0001:00003da0       ?get_other_interface@RGenerator@stdio@media@modules@UModSys@@UEAAPEAUIRoot@core@5@PEBUSUniquePointerInfo@75@@Z 0000000140004da0 f i umodsys_lib_libmedia:umodsys.mod.media.stdio.obj
 0001:00003de0       ?get_uid@RGenerator@stdio@media@modules@UModSys@@UEBAPEBUSUniquePointerInfo@core@5@XZ 0000000140004de0 f i umodsys_lib_libmedia:umodsys.mod.media.stdio.obj
 0001:00003df0       ?do_open@RModuleReg@stdio@media@modules@UModSys@@UEAA_NXZ 0000000140004df0 f i umodsys_lib_libmedia:umodsys.mod.media.stdio.obj
 0001:00003e00       ?do_close@RModuleReg@stdio@media@modules@UModSys@@UEAA_NXZ 0000000140004e00 f i umodsys_lib_libmedia:umodsys.mod.media.stdio.obj
 0001:00003e10       ??_GRModuleReg@stdio@media@modules@UModSys@@UEAAPEAXI@Z 0000000140004e10 f i umodsys_lib_libmedia:umodsys.mod.media.stdio.obj
 0001:00003e10       ??_ERModuleReg@stdio@media@modules@UModSys@@UEAAPEAXI@Z 0000000140004e10 f i  CIL library: CIL module
 0001:00003e40       ??$ValidateConstruction@UIStreamReader@libmedia@UModSys@@URStreamReader_FILE@stdio@media@modules@3@@core@UModSys@@YA_NAEAU?$TRefObject@UIStreamReader@libmedia@UModSys@@U?$TRefObjectFunc@UIStreamReader@libmedia@UModSys@@@tl@3@@tl@1@PEAURStreamReader_FILE@stdio@media@modules@1@@Z 0000000140004e40 f i umodsys_lib_libmedia:umodsys.mod.media.stdio.obj
 0001:00003e40       ??$ValidateConstruction@UIRefObject@core@UModSys@@URStreamReader_FILE@stdio@media@modules@3@@core@UModSys@@YA_NAEAU?$TRefObject@UIRefObject@core@UModSys@@U?$TRefObjectFunc@UIRefObject@core@UModSys@@@tl@3@@tl@1@PEAURStreamReader_FILE@stdio@media@modules@1@@Z 0000000140004e40 f i umodsys_lib_libmedia:umodsys.mod.media.stdio.obj
 0001:00003ec0       ??$ValidateConstruction@UIRefObject@core@UModSys@@URStreamWriter_FILE@stdio@media@modules@3@@core@UModSys@@YA_NAEAU?$TRefObject@UIRefObject@core@UModSys@@U?$TRefObjectFunc@UIRefObject@core@UModSys@@@tl@3@@tl@1@PEAURStreamWriter_FILE@stdio@media@modules@1@@Z 0000000140004ec0 f i umodsys_lib_libmedia:umodsys.mod.media.stdio.obj
 0001:00003ec0       ??$ValidateConstruction@UIStreamWriter@libmedia@UModSys@@URStreamWriter_FILE@stdio@media@modules@3@@core@UModSys@@YA_NAEAU?$TRefObject@UIStreamWriter@libmedia@UModSys@@U?$TRefObjectFunc@UIStreamWriter@libmedia@UModSys@@@tl@3@@tl@1@PEAURStreamWriter_FILE@stdio@media@modules@1@@Z 0000000140004ec0 f i umodsys_lib_libmedia:umodsys.mod.media.stdio.obj
 0001:00003f40       ??$safe_snprintf@D@syshlp@core@UModSys@@YA_KPEAD_KPEBDZZ 0000000140004f40 f i umodsys_lib_libmedia:umodsys.lib.media.common.obj
 0001:00003f60       ?get_interface_info@RConsole_std@rsystem@base@UModSys@@UEBAAEBUSUniquePointerInfo@core@4@XZ 0000000140004f60 f i umodsys_lib_basesys:umodsys.basesys.rconsole_std.obj
 0001:00003f70       ?get_interface_type@RConsole_std@rsystem@base@UModSys@@UEBAPEBUSUniquePointerInfo@core@4@XZ 0000000140004f70 f i umodsys_lib_basesys:umodsys.basesys.rconsole_std.obj
 0001:00003f80       ?get_other_interface@RConsole_std@rsystem@base@UModSys@@UEBAPEBUIRoot@core@4@PEBUSUniquePointerInfo@64@@Z 0000000140004f80 f i umodsys_lib_basesys:umodsys.basesys.rconsole_std.obj
 0001:00003f80       ?get_other_interface@RConsole_std@rsystem@base@UModSys@@UEAAPEAUIRoot@core@4@PEBUSUniquePointerInfo@64@@Z 0000000140004f80 f i umodsys_lib_basesys:umodsys.basesys.rconsole_std.obj
 0001:00003fb0       ??_GRConsole_std@rsystem@base@UModSys@@UEAAPEAXI@Z 0000000140004fb0 f i umodsys_lib_basesys:umodsys.basesys.rconsole_std.obj
 0001:00003fb0       ??_ERConsole_std@rsystem@base@UModSys@@UEAAPEAXI@Z 0000000140004fb0 f i  CIL library: CIL module
 0001:00003fe0       ??_GIConsole@base@UModSys@@UEAAPEAXI@Z 0000000140004fe0 f i umodsys_lib_basesys:umodsys.basesys.rconsole_std.obj
 0001:00003fe0       ??_EIConsole@base@UModSys@@UEAAPEAXI@Z 0000000140004fe0 f i  CIL library: CIL module
 0001:00004010       ?decode_error@EExceptionBase@core@UModSys@@UEBAHPEAD_K@Z 0000000140005010 f i umodsys_lib_basesys:umodsys.basesys.rsystem_main.obj
 0001:00004050       ?decode_error@EFatal@core@UModSys@@UEBAHPEAD_K@Z 0000000140005050 f i umodsys_lib_basesys:umodsys.basesys.rsystem_main.obj
 0001:00004090       ??_GEExceptionBase@core@UModSys@@UEAAPEAXI@Z 0000000140005090 f i umodsys_lib_basesys:umodsys.basesys.rsystem_main.obj
 0001:00004090       ??_EEFatal@core@UModSys@@UEAAPEAXI@Z 0000000140005090 f i  CIL library: CIL module
 0001:00004090       ??_EEExceptionBase@core@UModSys@@UEAAPEAXI@Z 0000000140005090 f i  CIL library: CIL module
 0001:00004090       ??_EEWarning@core@UModSys@@UEAAPEAXI@Z 0000000140005090 f i  CIL library: CIL module
 0001:00004090       ??_GEFatal@core@UModSys@@UEAAPEAXI@Z 0000000140005090 f i umodsys_lib_basesys:umodsys.basesys.rsystem_main.obj
 0001:00004090       ??_GEWarning@core@UModSys@@UEAAPEAXI@Z 0000000140005090 f i umodsys_lib_basesys:umodsys.basesys.rsystem_main.obj
 0001:000040c0       ?decode_error@EWarning@core@UModSys@@UEBAHPEAD_K@Z 00000001400050c0 f i umodsys_lib_basesys:umodsys.basesys.rsystem_main.obj
 0001:00004100       ??1EFatal@core@UModSys@@UEAA@XZ 0000000140005100 f i umodsys_lib_basesys:umodsys.basesys.rsystem_main.obj
 0001:00004100       ??1EWarning@core@UModSys@@UEAA@XZ 0000000140005100 f i umodsys_lib_basesys:umodsys.basesys.rsystem_main.obj
 0001:00004110       ?get_interface_info@ISystem@base@UModSys@@UEBAAEBUSUniquePointerInfo@core@3@XZ 0000000140005110 f i umodsys_lib_basesys:umodsys.basesys.rsystem_main.obj
 0001:00004120       ?get_interface_type@ISystem@base@UModSys@@UEBAPEBUSUniquePointerInfo@core@3@XZ 0000000140005120 f i umodsys_lib_basesys:umodsys.basesys.rsystem_main.obj
 0001:00004130       ?get_other_interface@ISystem@base@UModSys@@UEBAPEBUIRoot@core@3@PEBUSUniquePointerInfo@53@@Z 0000000140005130 f i umodsys_lib_basesys:umodsys.basesys.rsystem_main.obj
 0001:00004130       ?get_other_interface@ISystem@base@UModSys@@UEAAPEAUIRoot@core@3@PEBUSUniquePointerInfo@53@@Z 0000000140005130 f i umodsys_lib_basesys:umodsys.basesys.rsystem_main.obj
 0001:00004150       ?get_interface_info@RSystem@rsystem@base@UModSys@@UEBAAEBUSUniquePointerInfo@core@4@XZ 0000000140005150 f i umodsys_lib_basesys:umodsys.basesys.rsystem_main.obj
 0001:00004160       ?get_interface_type@RSystem@rsystem@base@UModSys@@UEBAPEBUSUniquePointerInfo@core@4@XZ 0000000140005160 f i umodsys_lib_basesys:umodsys.basesys.rsystem_main.obj
 0001:00004170       ?get_other_interface@RSystem@rsystem@base@UModSys@@UEAAPEAUIRoot@core@4@PEBUSUniquePointerInfo@64@@Z 0000000140005170 f i umodsys_lib_basesys:umodsys.basesys.rsystem_main.obj
 0001:00004170       ?get_other_interface@RSystem@rsystem@base@UModSys@@UEBAPEBUIRoot@core@4@PEBUSUniquePointerInfo@64@@Z 0000000140005170 f i umodsys_lib_basesys:umodsys.basesys.rsystem_main.obj
 0001:00004190       ??_GRSystem@rsystem@base@UModSys@@UEAAPEAXI@Z 0000000140005190 f i umodsys_lib_basesys:umodsys.basesys.rsystem_main.obj
 0001:00004190       ??_ERSystem@rsystem@base@UModSys@@UEAAPEAXI@Z 0000000140005190 f i  CIL library: CIL module
 0001:000041c0       ??_EISystem@base@UModSys@@UEAAPEAXI@Z 00000001400051c0 f i  CIL library: CIL module
 0001:000041c0       ??_GISystem@base@UModSys@@UEAAPEAXI@Z 00000001400051c0 f i umodsys_lib_basesys:umodsys.basesys.rsystem_main.obj
 0001:000041f0       ??1?$TStaticStringPool@DU?$TComparerBinaryHash@D@su@tl@UModSys@@USMemAlloc_Malloc@core@4@@tl@UModSys@@QEAA@XZ 00000001400051f0 f i umodsys_lib_basesys:umodsys.basesys.rsystem_main.obj
 0001:00004200       ??1?$TQuantArrayUnique@USUniquePointerInfo@core@UModSys@@$0BAA@USMemAlloc_Malloc@23@@tl@UModSys@@QEAA@XZ 0000000140005200 f i umodsys_lib_basesys:umodsys.basesys.rsystem_main.obj
 0001:00004250       ??1?$TTreeHoldRBD@U?$TQuantArrayNode@USUniquePointerInfo@core@UModSys@@$0BAA@@tl@UModSys@@U?$TNodeDeleter@U?$TQuantArrayNode@USUniquePointerInfo@core@UModSys@@$0BAA@@tl@UModSys@@USMemAlloc_Malloc@core@3@@23@@tl@UModSys@@QEAA@XZ 0000000140005250 f i umodsys_lib_basesys:umodsys.basesys.rsystem_main.obj
 0001:00004250       ??1?$TTreeHoldRBD@U?$TQuantArrayNode@USSourceContext@core@UModSys@@$0BAA@@tl@UModSys@@U?$TNodeDeleter@U?$TQuantArrayNode@USSourceContext@core@UModSys@@$0BAA@@tl@UModSys@@USMemAlloc_Malloc@core@3@@23@@tl@UModSys@@QEAA@XZ 0000000140005250 f i umodsys_lib_basesys:umodsys.basesys.rsystem_main.obj
 0001:00004270       ??0?$TRMemAlloc_CC@U?$TMemAllocHeader@USMagic@mem_headers@rsystem@base@UModSys@@U?$TPool@X@2345@USDebug@2345@UVoid@core@5@U895@@rsystem@base@UModSys@@USMemAlloc_Malloc@core@4@@rsystem@base@UModSys@@QEAA@PEAUIExceptionHandler@core@3@@Z 0000000140005270 f i umodsys_lib_basesys:umodsys.basesys.rsystem_main.obj
 0001:000042a0       ??1?$TRMemAlloc_CC@U?$TMemAllocHeader@USMagic@mem_headers@rsystem@base@UModSys@@U?$TPool@X@2345@USDebug@2345@UVoid@core@5@U895@@rsystem@base@UModSys@@USMemAlloc_Malloc@core@4@@rsystem@base@UModSys@@QEAA@XZ 00000001400052a0 f i umodsys_lib_basesys:umodsys.basesys.rsystem_main.obj
 0001:000042b0       ?mem_alloc@?$TRMemAlloc_CC@U?$TMemAllocHeader@USMagic@mem_headers@rsystem@base@UModSys@@U?$TPool@X@2345@USDebug@2345@UVoid@core@5@U895@@rsystem@base@UModSys@@USMemAlloc_Malloc@core@4@@rsystem@base@UModSys@@UEAAPEAX_KPEBUSSourceContext@core@4@@Z 00000001400052b0 f i umodsys_lib_basesys:umodsys.basesys.rsystem_main.obj
 0001:00004360       ?mem_realloc@?$TRMemAlloc_CC@U?$TMemAllocHeader@USMagic@mem_headers@rsystem@base@UModSys@@U?$TPool@X@2345@USDebug@2345@UVoid@core@5@U895@@rsystem@base@UModSys@@USMemAlloc_Malloc@core@4@@rsystem@base@UModSys@@UEAAPEAXPEAX_KPEBUSSourceContext@core@4@@Z 0000000140005360 f i umodsys_lib_basesys:umodsys.basesys.rsystem_main.obj
 0001:000045f0       ?mem_free@?$TRMemAlloc_CC@U?$TMemAllocHeader@USMagic@mem_headers@rsystem@base@UModSys@@U?$TPool@X@2345@USDebug@2345@UVoid@core@5@U895@@rsystem@base@UModSys@@USMemAlloc_Malloc@core@4@@rsystem@base@UModSys@@UEAAXPEAXPEBUSSourceContext@core@4@@Z 00000001400055f0 f i umodsys_lib_basesys:umodsys.basesys.rsystem_main.obj
 0001:000046f0       ?free@?$TStaticStringPool@DU?$TComparerBinaryHash@D@su@tl@UModSys@@USMemAlloc_Malloc@core@4@@tl@UModSys@@QEAAXXZ 00000001400056f0 f i umodsys_lib_basesys:umodsys.basesys.rsystem_main.obj
 0001:00004750       ??$process_nodes@U?$TNodeDeleter@U?$TQuantArrayNode@USSourceContext@core@UModSys@@$0BAA@@tl@UModSys@@USMemAlloc_Malloc@core@3@@tl@UModSys@@@?$TTreeHoldRB@U?$TQuantArrayNode@USSourceContext@core@UModSys@@$0BAA@@tl@UModSys@@@tl@UModSys@@QEAAHAEBU?$TNodeDeleter@U?$TQuantArrayNode@USSourceContext@core@UModSys@@$0BAA@@tl@UModSys@@USMemAlloc_Malloc@core@3@@12@@Z 0000000140005750 f i umodsys_lib_basesys:umodsys.basesys.rsystem_main.obj
 0001:00004750       ??$process_nodes@U?$TNodeDeleter@U?$TQuantArrayNode@USUniquePointerInfo@core@UModSys@@$0BAA@@tl@UModSys@@USMemAlloc_Malloc@core@3@@tl@UModSys@@@?$TTreeHoldRB@U?$TQuantArrayNode@USUniquePointerInfo@core@UModSys@@$0BAA@@tl@UModSys@@@tl@UModSys@@QEAAHAEBU?$TNodeDeleter@U?$TQuantArrayNode@USUniquePointerInfo@core@UModSys@@$0BAA@@tl@UModSys@@USMemAlloc_Malloc@core@3@@12@@Z 0000000140005750 f i umodsys_lib_basesys:umodsys.basesys.rsystem_main.obj
 0001:000047d0       ?persist_ctx@?$TRMemAlloc_CC@U?$TMemAllocHeader@USMagic@mem_headers@rsystem@base@UModSys@@U?$TPool@X@2345@USDebug@2345@UVoid@core@5@U895@@rsystem@base@UModSys@@USMemAlloc_Malloc@core@4@@rsystem@base@UModSys@@QEAAPEBUSSourceContext@core@4@PEBU564@@Z 00000001400057d0 f i umodsys_lib_basesys:umodsys.basesys.rsystem_main.obj
 0001:000047e0       ??$process@UEFatal@core@UModSys@@@IExceptionHandler@core@UModSys@@QEAAXAEBUEFatal@12@@Z 00000001400057e0 f i umodsys_lib_basesys:umodsys.basesys.rsystem_main.obj
 0001:00004850       ??$process_nodes_r@U?$TNodeDeleter@U?$TQuantArrayNode@USUniquePointerInfo@core@UModSys@@$0BAA@@tl@UModSys@@USMemAlloc_Malloc@core@3@@tl@UModSys@@@?$TTreeHoldRB@U?$TQuantArrayNode@USUniquePointerInfo@core@UModSys@@$0BAA@@tl@UModSys@@@tl@UModSys@@KAHPEAU?$TQuantArrayNode@USUniquePointerInfo@core@UModSys@@$0BAA@@12@AEBU?$TNodeDeleter@U?$TQuantArrayNode@USUniquePointerInfo@core@UModSys@@$0BAA@@tl@UModSys@@USMemAlloc_Malloc@core@3@@12@@Z 0000000140005850 f i umodsys_lib_basesys:umodsys.basesys.rsystem_main.obj
 0001:00004850       ??$process_nodes_r@U?$TNodeDeleter@U?$TQuantArrayNode@USSourceContext@core@UModSys@@$0BAA@@tl@UModSys@@USMemAlloc_Malloc@core@3@@tl@UModSys@@@?$TTreeHoldRB@U?$TQuantArrayNode@USSourceContext@core@UModSys@@$0BAA@@tl@UModSys@@@tl@UModSys@@KAHPEAU?$TQuantArrayNode@USSourceContext@core@UModSys@@$0BAA@@12@AEBU?$TNodeDeleter@U?$TQuantArrayNode@USSourceContext@core@UModSys@@$0BAA@@tl@UModSys@@USMemAlloc_Malloc@core@3@@12@@Z 0000000140005850 f i umodsys_lib_basesys:umodsys.basesys.rsystem_main.obj
 0001:000048c0       ??0EFatal@core@UModSys@@QEAA@AEBU012@@Z 00000001400058c0 f i umodsys_lib_basesys:umodsys.basesys.rsystem_main.obj
 0001:00004900       ??0EExceptionBase@core@UModSys@@QEAA@AEBU012@@Z 0000000140005900 f i umodsys_lib_basesys:umodsys.basesys.rsystem_main.obj
 0001:00004940       ??0EWarning@core@UModSys@@QEAA@AEBU012@@Z 0000000140005940 f i umodsys_lib_basesys:umodsys.basesys.rsystem_main.obj
 0001:00004980       ??1?$TParametersA@$0EAA@@core@UModSys@@QEAA@XZ 0000000140005980 f i umodsys_lib_basesys:umodsys.basesys.rsystem_tests.obj
 0001:000049a0       ??_GRModuleLoader@rsystem@base@UModSys@@UEAAPEAXI@Z 00000001400059a0 f i umodsys_lib_basesys:umodsys.basesys.rmoduleloader.obj
 0001:000049a0       ??_ERModuleLoader@rsystem@base@UModSys@@UEAAPEAXI@Z 00000001400059a0 f i  CIL library: CIL module
 0001:000049d0       ??_EIModuleLoader@base@UModSys@@UEAAPEAXI@Z 00000001400059d0 f i  CIL library: CIL module
 0001:000049d0       ??_GIModuleLoader@base@UModSys@@UEAAPEAXI@Z 00000001400059d0 f i umodsys_lib_basesys:umodsys.basesys.rmoduleloader.obj
 0001:00004a00       ??1?$TDynarrayDynamic@U?$TRefObject@URModuleLibrarySO@rsystem@base@UModSys@@U?$TRefObjectFunc@URModuleLibrarySO@rsystem@base@UModSys@@@tl@4@@tl@UModSys@@U?$TAllocator@USMemAlloc_Malloc@core@UModSys@@USCountCalcPower2@23@@23@@tl@UModSys@@QEAA@XZ 0000000140005a00 f i umodsys_lib_basesys:umodsys.basesys.rmoduleloader.obj
 0001:00004a60       ?append@?$TStaticStringPool@DU?$TComparerBinaryHash@D@su@tl@UModSys@@USMemAlloc_Malloc@core@4@@tl@UModSys@@QEAAPEBU?$TString@U?$TSCoreConst@D@su@tl@UModSys@@U?$TComparerBinaryHash@D@234@@23@PEBD_K@Z 0000000140005a60 f i umodsys_lib_basesys:umodsys.basesys.rmoduleloader.obj
 0001:00004ce0       ?ResizeRel@?$TDynarray@U?$TDynarrayHolderDynamic@U?$TRefObject@URModuleLibrarySO@rsystem@base@UModSys@@U?$TRefObjectFunc@URModuleLibrarySO@rsystem@base@UModSys@@@tl@4@@tl@UModSys@@U?$TAllocator@USMemAlloc_Malloc@core@UModSys@@USCountCalcPower2@23@@23@@tl@UModSys@@@tl@UModSys@@QEAA_N_J@Z 0000000140005ce0 f i umodsys_lib_basesys:umodsys.basesys.rmoduleloader.obj
 0001:00004d90       ?ReLink@?$TDynarray@U?$TDynarrayHolderDynamic@U?$TRefObject@URModuleLibrarySO@rsystem@base@UModSys@@U?$TRefObjectFunc@URModuleLibrarySO@rsystem@base@UModSys@@@tl@4@@tl@UModSys@@U?$TAllocator@USMemAlloc_Malloc@core@UModSys@@USCountCalcPower2@23@@23@@tl@UModSys@@@tl@UModSys@@IEAA_N_K@Z 0000000140005d90 f i umodsys_lib_basesys:umodsys.basesys.rmoduleloader.obj
 0001:00004d90       ?ReLink@?$TDynarray@U?$TDynarrayHolderDynamic@U?$TRefObject@URModule@rsystem@base@UModSys@@U?$TRefObjectFunc@URModule@rsystem@base@UModSys@@@tl@4@@tl@UModSys@@U?$TAllocator@USMemAlloc_Malloc@core@UModSys@@USCountCalcPower2@23@@23@@tl@UModSys@@@tl@UModSys@@IEAA_N_K@Z 0000000140005d90 f i umodsys_lib_basesys:umodsys.basesys.rmodulelib.obj
 0001:00004e00       ?items_destruct@?$TDynarray@U?$TDynarrayHolderDynamic@U?$TRefObject@URModuleLibrarySO@rsystem@base@UModSys@@U?$TRefObjectFunc@URModuleLibrarySO@rsystem@base@UModSys@@@tl@4@@tl@UModSys@@U?$TAllocator@USMemAlloc_Malloc@core@UModSys@@USCountCalcPower2@23@@23@@tl@UModSys@@@tl@UModSys@@IEAAX_K0@Z 0000000140005e00 f i umodsys_lib_basesys:umodsys.basesys.rmoduleloader.obj
 0001:00004e70       ?find_s@?$TStaticStringPool@DU?$TComparerBinaryHash@D@su@tl@UModSys@@USMemAlloc_Malloc@core@4@@tl@UModSys@@QEBAPEBU?$TString@U?$TSCoreConst@D@su@tl@UModSys@@U?$TComparerBinaryHash@D@234@@23@AEBU423@@Z 0000000140005e70 f i umodsys_lib_basesys:umodsys.basesys.rmoduleloader.obj
 0001:00004f10       ?get_interface_info@RModuleLibraryThis@rsystem@base@UModSys@@UEBAAEBUSUniquePointerInfo@core@4@XZ 0000000140005f10 f i umodsys_lib_basesys:umodsys.basesys.rmodulelibthis.obj
 0001:00004f20       ?get_interface_type@RModuleLibraryThis@rsystem@base@UModSys@@UEBAPEBUSUniquePointerInfo@core@4@XZ 0000000140005f20 f i umodsys_lib_basesys:umodsys.basesys.rmodulelibthis.obj
 0001:00004f30       ?get_other_interface@RModuleLibraryThis@rsystem@base@UModSys@@UEBAPEBUIRoot@core@4@PEBUSUniquePointerInfo@64@@Z 0000000140005f30 f i umodsys_lib_basesys:umodsys.basesys.rmodulelibthis.obj
 0001:00004f30       ?get_other_interface@RModuleLibraryThis@rsystem@base@UModSys@@UEAAPEAUIRoot@core@4@PEBUSUniquePointerInfo@64@@Z 0000000140005f30 f i umodsys_lib_basesys:umodsys.basesys.rmodulelibthis.obj
 0001:00004f70       ?ref_add@RModuleLibraryThis@rsystem@base@UModSys@@UEBAXXZ 0000000140005f70 f i umodsys_lib_basesys:umodsys.basesys.rmodulelibthis.obj
 0001:00004f80       ?ref_remove@RModuleLibraryThis@rsystem@base@UModSys@@UEBAXXZ 0000000140005f80 f i umodsys_lib_basesys:umodsys.basesys.rmodulelibthis.obj
 0001:00004fa0       ?ref_links@RModuleLibraryThis@rsystem@base@UModSys@@UEBAHXZ 0000000140005fa0 f i umodsys_lib_basesys:umodsys.basesys.rmodulelibthis.obj
 0001:00004fb0       ?ref_weak@RModuleLibraryThis@rsystem@base@UModSys@@UEBA_NAEAUWeakPointer@IRefObject@core@4@@Z 0000000140005fb0 f i umodsys_lib_basesys:umodsys.basesys.rmodulelibthis.obj
 0001:00004fe0       ?suicide@RModuleLibraryThis@rsystem@base@UModSys@@UEAAXXZ 0000000140005fe0 f i umodsys_lib_basesys:umodsys.basesys.rmodulelibthis.obj
 0001:00004fe0       ?suicide@RParameters@rsystem@base@UModSys@@UEAAXXZ 0000000140005fe0 f i umodsys_lib_basesys:umodsys.basesys.rparameters.obj
 0001:00004fe0       ?suicide@RModuleLibrarySO@rsystem@base@UModSys@@UEAAXXZ 0000000140005fe0 f i umodsys_lib_basesys:umodsys.basesys.rmodulelibso.obj
 0001:00005000       ??_GRModuleLibraryThis@rsystem@base@UModSys@@UEAAPEAXI@Z 0000000140006000 f i umodsys_lib_basesys:umodsys.basesys.rmodulelibthis.obj
 0001:00005000       ??_ERModuleLibraryThis@rsystem@base@UModSys@@UEAAPEAXI@Z 0000000140006000 f i  CIL library: CIL module
 0001:00005030       ??_GIModuleLibraryUni@rsystem@base@UModSys@@UEAAPEAXI@Z 0000000140006030 f i umodsys_lib_basesys:umodsys.basesys.rmodulelib.obj
 0001:00005030       ??_EIModuleLibraryUni@rsystem@base@UModSys@@UEAAPEAXI@Z 0000000140006030 f i  CIL library: CIL module
 0001:00005060       ??_GIModuleLibrary@base@UModSys@@UEAAPEAXI@Z 0000000140006060 f i umodsys_lib_basesys:umodsys.basesys.rmodulelib.obj
 0001:00005060       ??_EIModuleLibrary@base@UModSys@@UEAAPEAXI@Z 0000000140006060 f i  CIL library: CIL module
 0001:00005090       ?ResizeRel@?$TDynarray@U?$TDynarrayHolderDynamic@U?$TRefObject@URModule@rsystem@base@UModSys@@U?$TRefObjectFunc@URModule@rsystem@base@UModSys@@@tl@4@@tl@UModSys@@U?$TAllocator@USMemAlloc_Malloc@core@UModSys@@USCountCalcPower2@23@@23@@tl@UModSys@@@tl@UModSys@@QEAA_N_J@Z 0000000140006090 f i umodsys_lib_basesys:umodsys.basesys.rmodulelib.obj
 0001:00005190       ?check_leaks@?$TRMemAlloc_CC@U?$TMemAllocHeader@USMagic@mem_headers@rsystem@base@UModSys@@U?$TPool@X@2345@USDebug@2345@UVoid@core@5@U895@@rsystem@base@UModSys@@USMemAlloc_Malloc@core@4@@rsystem@base@UModSys@@QEAA_K_NPEAUIExceptionHandler@core@4@@Z 0000000140006190 f i umodsys_lib_basesys:umodsys.basesys.rmodulelib.obj
 0001:00005250       ?find@?$TQuantArrayUnique@USUniquePointerInfo@core@UModSys@@$0BAA@USMemAlloc_Malloc@23@@tl@UModSys@@QEAAPEBUSUniquePointerInfo@core@3@AEBU453@@Z 0000000140006250 f i umodsys_lib_basesys:umodsys.basesys.rsystem.obj
 0001:00005250       ?find@?$TQuantArrayUnique@USSourceContext@core@UModSys@@$0BAA@USMemAlloc_Malloc@23@@tl@UModSys@@QEAAPEBUSSourceContext@core@3@AEBU453@@Z 0000000140006250 f i umodsys_lib_basesys:umodsys.basesys.rsystem.obj
 0001:00005380       ?add@?$TQuantArrayUnique@USUniquePointerInfo@core@UModSys@@$0BAA@USMemAlloc_Malloc@23@@tl@UModSys@@QEAAPEAUSUniquePointerInfo@core@3@AEBU453@@Z 0000000140006380 f i umodsys_lib_basesys:umodsys.basesys.rsystem.obj
 0001:00005380       ?add@?$TQuantArrayUnique@USSourceContext@core@UModSys@@$0BAA@USMemAlloc_Malloc@23@@tl@UModSys@@QEAAPEAUSSourceContext@core@3@AEBU453@@Z 0000000140006380 f i umodsys_lib_basesys:umodsys.basesys.rsystem.obj
 0001:00005510       ?s_last@?$TQuantArrayUnique@USSourceContext@core@UModSys@@$0BAA@USMemAlloc_Malloc@23@@tl@UModSys@@KAHPEBU?$TQuantArrayNode@USSourceContext@core@UModSys@@$0BAA@@23@0@Z 0000000140006510 f i umodsys_lib_basesys:umodsys.basesys.rsystem.obj
 0001:00005510       ?s_last@?$TQuantArrayUnique@USUniquePointerInfo@core@UModSys@@$0BAA@USMemAlloc_Malloc@23@@tl@UModSys@@KAHPEBU?$TQuantArrayNode@USUniquePointerInfo@core@UModSys@@$0BAA@@23@0@Z 0000000140006510 f i umodsys_lib_basesys:umodsys.basesys.rsystem.obj
 0001:00005520       ??$insert_node_m@P6AHPEBU?$TQuantArrayNode@USSourceContext@core@UModSys@@$0BAA@@tl@UModSys@@0@Z@?$TTreeHoldRB@U?$TQuantArrayNode@USSourceContext@core@UModSys@@$0BAA@@tl@UModSys@@@tl@UModSys@@QEAAPEAU?$TQuantArrayNode@USSourceContext@core@UModSys@@$0BAA@@12@PEAU312@P6AHPEBU312@1@Z@Z 0000000140006520 f i umodsys_lib_basesys:umodsys.basesys.rsystem.obj
 0001:00005520       ??$insert_node_m@P6AHPEBU?$TQuantArrayNode@USUniquePointerInfo@core@UModSys@@$0BAA@@tl@UModSys@@0@Z@?$TTreeHoldRB@U?$TQuantArrayNode@USUniquePointerInfo@core@UModSys@@$0BAA@@tl@UModSys@@@tl@UModSys@@QEAAPEAU?$TQuantArrayNode@USUniquePointerInfo@core@UModSys@@$0BAA@@12@PEAU312@P6AHPEBU312@1@Z@Z 0000000140006520 f i umodsys_lib_basesys:umodsys.basesys.rsystem.obj
 0001:000055d0       ?get_interface_info@RParameters@rsystem@base@UModSys@@UEBAAEBUSUniquePointerInfo@core@4@XZ 00000001400065d0 f i umodsys_lib_basesys:umodsys.basesys.rparameters.obj
 0001:000055e0       ?get_interface_type@RParameters@rsystem@base@UModSys@@UEBAPEBUSUniquePointerInfo@core@4@XZ 00000001400065e0 f i umodsys_lib_basesys:umodsys.basesys.rparameters.obj
 0001:000055f0       ?get_other_interface@RParameters@rsystem@base@UModSys@@UEAAPEAUIRoot@core@4@PEBUSUniquePointerInfo@64@@Z 00000001400065f0 f i umodsys_lib_basesys:umodsys.basesys.rparameters.obj
 0001:000055f0       ?get_other_interface@RParameters@rsystem@base@UModSys@@UEBAPEBUIRoot@core@4@PEBUSUniquePointerInfo@64@@Z 00000001400065f0 f i umodsys_lib_basesys:umodsys.basesys.rparameters.obj
 0001:00005620       ?ref_add@RParameters@rsystem@base@UModSys@@UEBAXXZ 0000000140006620 f i umodsys_lib_basesys:umodsys.basesys.rparameters.obj
 0001:00005630       ?ref_remove@RParameters@rsystem@base@UModSys@@UEBAXXZ 0000000140006630 f i umodsys_lib_basesys:umodsys.basesys.rparameters.obj
 0001:00005650       ?ref_links@RParameters@rsystem@base@UModSys@@UEBAHXZ 0000000140006650 f i umodsys_lib_basesys:umodsys.basesys.rparameters.obj
 0001:00005660       ?ref_weak@RParameters@rsystem@base@UModSys@@UEBA_NAEAUWeakPointer@IRefObject@core@4@@Z 0000000140006660 f i umodsys_lib_basesys:umodsys.basesys.rparameters.obj
 0001:00005680       ??_ERParameters@rsystem@base@UModSys@@UEAAPEAXI@Z 0000000140006680 f i  CIL library: CIL module
 0001:00005680       ??_GRParameters@rsystem@base@UModSys@@UEAAPEAXI@Z 0000000140006680 f i umodsys_lib_basesys:umodsys.basesys.rparameters.obj
 0001:000056b0       ??$shash@D@su@tl@UModSys@@YAHPEBD@Z 00000001400066b0 f i umodsys_lib_basesys:umodsys.basesys.rparameters.obj
 0001:000056e0       ?get_interface_info@RModule@rsystem@base@UModSys@@UEBAAEBUSUniquePointerInfo@core@4@XZ 00000001400066e0 f i umodsys_lib_basesys:umodsys.basesys.rmodule.obj
 0001:000056f0       ?get_interface_type@RModule@rsystem@base@UModSys@@UEBAPEBUSUniquePointerInfo@core@4@XZ 00000001400066f0 f i umodsys_lib_basesys:umodsys.basesys.rmodule.obj
 0001:00005700       ?get_other_interface@RModule@rsystem@base@UModSys@@UEBAPEBUIRoot@core@4@PEBUSUniquePointerInfo@64@@Z 0000000140006700 f i umodsys_lib_basesys:umodsys.basesys.rmodule.obj
 0001:00005700       ?get_other_interface@RModule@rsystem@base@UModSys@@UEAAPEAUIRoot@core@4@PEBUSUniquePointerInfo@64@@Z 0000000140006700 f i umodsys_lib_basesys:umodsys.basesys.rmodule.obj
 0001:00005730       ?ref_add@RModule@rsystem@base@UModSys@@UEBAXXZ 0000000140006730 f i umodsys_lib_basesys:umodsys.basesys.rmodule.obj
 0001:00005740       ?ref_remove@RModule@rsystem@base@UModSys@@UEBAXXZ 0000000140006740 f i umodsys_lib_basesys:umodsys.basesys.rmodule.obj
 0001:00005760       ?ref_links@RModule@rsystem@base@UModSys@@UEBAHXZ 0000000140006760 f i umodsys_lib_basesys:umodsys.basesys.rmodule.obj
 0001:00005770       ?ref_weak@RModule@rsystem@base@UModSys@@UEBA_NAEAUWeakPointer@IRefObject@core@4@@Z 0000000140006770 f i umodsys_lib_basesys:umodsys.basesys.rmodule.obj
 0001:000057a0       ?suicide@RModule@rsystem@base@UModSys@@UEAAXXZ 00000001400067a0 f i umodsys_lib_basesys:umodsys.basesys.rmodule.obj
 0001:000057f0       ??_GRModule@rsystem@base@UModSys@@UEAAPEAXI@Z 00000001400067f0 f i umodsys_lib_basesys:umodsys.basesys.rmodule.obj
 0001:000057f0       ??_ERModule@rsystem@base@UModSys@@UEAAPEAXI@Z 00000001400067f0 f i  CIL library: CIL module
 0001:00005820       ??_EIModule@base@UModSys@@UEAAPEAXI@Z 0000000140006820 f i  CIL library: CIL module
 0001:00005820       ??_GIModule@base@UModSys@@UEAAPEAXI@Z 0000000140006820 f i umodsys_lib_basesys:umodsys.basesys.rmodule.obj
 0001:00005850       ??1?$TDynarrayDynamic@UModuleObjInfo@RModule@rsystem@base@UModSys@@U?$TAllocator@USMemAlloc_Malloc@core@UModSys@@USCountCalcPower2@23@@tl@5@@tl@UModSys@@QEAA@XZ 0000000140006850 f i umodsys_lib_basesys:umodsys.basesys.rmodule.obj
 0001:000058b0       ?Push@?$TDynarray@U?$TDynarrayHolderDynamic@UModuleObjInfo@RModule@rsystem@base@UModSys@@U?$TAllocator@USMemAlloc_Malloc@core@UModSys@@USCountCalcPower2@23@@tl@5@@tl@UModSys@@@tl@UModSys@@QEAA_NXZ 00000001400068b0 f i umodsys_lib_basesys:umodsys.basesys.rmodule.obj
 0001:00005970       ??1?$TDynarrayDynamic@UGeneratedObjInfo@RModule@rsystem@base@UModSys@@U?$TAllocator@USMemAlloc_Malloc@core@UModSys@@USCountCalcPower2@23@@tl@5@@tl@UModSys@@QEAA@XZ 0000000140006970 f i umodsys_lib_basesys:umodsys.basesys.rmodule.obj
 0001:000059d0       ??1?$TDynarrayDynamic@PEBUSUniquePointerInfo@core@UModSys@@U?$TAllocator@USMemAlloc_Malloc@core@UModSys@@USCountCalcPower2@23@@tl@3@@tl@UModSys@@QEAA@XZ 00000001400069d0 f i umodsys_lib_basesys:umodsys.basesys.rmodule.obj
 0001:00005a30       ?ResizeRel@?$TDynarray@U?$TDynarrayHolderDynamic@UModuleObjInfo@RModule@rsystem@base@UModSys@@U?$TAllocator@USMemAlloc_Malloc@core@UModSys@@USCountCalcPower2@23@@tl@5@@tl@UModSys@@@tl@UModSys@@QEAA_N_J@Z 0000000140006a30 f i umodsys_lib_basesys:umodsys.basesys.rmodule.obj
[...]
 0001:0000d0b0       ?dtor$1@?0??mount_add@RLibraryBinTree@std@media@modules@UModSys@@UEAA_NAEBUSMountPoint@ILibraryBinTree@libmedia@5@AEBU?$TString@U?$TSCoreConst@D@su@tl@UModSys@@U?$TComparerBinaryHash@D@234@@tl@5@H@Z@4HA 000000014000e0b0 f    CIL library: CIL module
 0001:0000d0b0       ?dtor$1@?0??bincache_add@RLibraryBinCache@std@media@modules@UModSys@@UEAA_NAEBUSCMemShared@core@5@AEBU?$TString@U?$TSCoreConst@D@su@tl@UModSys@@U?$TComparerBinaryHash@D@234@@tl@5@@Z@4HA 000000014000e0b0 f    CIL library: CIL module
 0001:0000d0d0       ?dtor$0@?0??bincache_add@RLibraryBinCache@std@media@modules@UModSys@@UEAA_NAEBUSCMemShared@core@5@AEBU?$TString@U?$TSCoreConst@D@su@tl@UModSys@@U?$TComparerBinaryHash@D@234@@tl@5@@Z@4HA 000000014000e0d0 f    CIL library: CIL module
 0001:0000d0d0       ?dtor$0@?0??mount_add@RLibraryBinTree@std@media@modules@UModSys@@UEAA_NAEBUSMountPoint@ILibraryBinTree@libmedia@5@AEBU?$TString@U?$TSCoreConst@D@su@tl@UModSys@@U?$TComparerBinaryHash@D@234@@tl@5@H@Z@4HA 000000014000e0d0 f    CIL library: CIL module
 0001:0000d0f0       ?dtor$0@?0??generate@RGenerator@stdio@media@modules@UModSys@@UEAA_NAEAU?$TRefObject@UIRefObject@core@UModSys@@U?$TRefObjectFunc@UIRefObject@core@UModSys@@@tl@3@@tl@5@PEBUSUniquePointerInfo@core@5@AEBUSParameters@95@@Z@4HA 000000014000e0f0 f    CIL library: CIL module
 0001:0000d110       ?dtor$1@?0??generate@RGenerator@stdio@media@modules@UModSys@@UEAA_NAEAU?$TRefObject@UIRefObject@core@UModSys@@U?$TRefObjectFunc@UIRefObject@core@UModSys@@@tl@3@@tl@5@PEBUSUniquePointerInfo@core@5@AEBUSParameters@95@@Z@4HA 000000014000e110 f    CIL library: CIL module
 0001:0000d130       ?dtor$2@?0??generate@RGenerator@stdio@media@modules@UModSys@@UEAA_NAEAU?$TRefObject@UIRefObject@core@UModSys@@U?$TRefObjectFunc@UIRefObject@core@UModSys@@@tl@3@@tl@5@PEBUSUniquePointerInfo@core@5@AEBUSParameters@95@@Z@4HA 000000014000e130 f    CIL library: CIL module
 0001:0000d150       ?dtor$0@?0??generate@RGenerator@std@media@modules@UModSys@@UEAA_NAEAU?$TRefObject@UIRefObject@core@UModSys@@U?$TRefObjectFunc@UIRefObject@core@UModSys@@@tl@3@@tl@5@PEBUSUniquePointerInfo@core@5@AEBUSParameters@95@@Z@4HA 000000014000e150 f    CIL library: CIL module
 0001:0000d170       ?dtor$1@?0??generate@RGenerator@std@media@modules@UModSys@@UEAA_NAEAU?$TRefObject@UIRefObject@core@UModSys@@U?$TRefObjectFunc@UIRefObject@core@UModSys@@@tl@3@@tl@5@PEBUSUniquePointerInfo@core@5@AEBUSParameters@95@@Z@4HA 000000014000e170 f    CIL library: CIL module
 0001:0000d190       ?dtor$0@?0??mem_free@?$TRMemAlloc_CC@U?$TMemAllocHeader@USMagic@mem_headers@rsystem@base@UModSys@@U?$TPool@X@2345@USDebug@2345@UVoid@core@5@U895@@rsystem@base@UModSys@@USMemAlloc_Malloc@core@4@@rsystem@base@UModSys@@UEAAXPEAXPEBUSSourceContext@core@4@@Z@4HA 000000014000e190 f    CIL library: CIL module
 0001:0000d1b0       ?dtor$0@?0??mem_realloc@?$TRMemAlloc_CC@U?$TMemAllocHeader@USMagic@mem_headers@rsystem@base@UModSys@@U?$TPool@X@2345@USDebug@2345@UVoid@core@5@U895@@rsystem@base@UModSys@@USMemAlloc_Malloc@core@4@@rsystem@base@UModSys@@UEAAPEAXPEAX_KPEBUSSourceContext@core@4@@Z@4HA 000000014000e1b0 f    CIL library: CIL module
 0001:0000d1d0       ?dtor$1@?0??mem_realloc@?$TRMemAlloc_CC@U?$TMemAllocHeader@USMagic@mem_headers@rsystem@base@UModSys@@U?$TPool@X@2345@USDebug@2345@UVoid@core@5@U895@@rsystem@base@UModSys@@USMemAlloc_Malloc@core@4@@rsystem@base@UModSys@@UEAAPEAXPEAX_KPEBUSSourceContext@core@4@@Z@4HA 000000014000e1d0 f    CIL library: CIL module
 0001:0000d1f0       ??__E?s_id@?$TObjectUniqueID@UIRoot@core@UModSys@@@tl@UModSys@@2USUniquePointer@core@3@A@@YAXXZ 000000014000e1f0 f    CIL library: CIL module
 0001:0000d230       ??__E?s_id@?$TObjectUniqueID@UIRefObject@core@UModSys@@@tl@UModSys@@2USUniquePointer@core@3@A@@YAXXZ 000000014000e230 f    CIL library: CIL module
 0001:0000d270       ??__E?s_id@?$TObjectUniqueID@UIParameters@core@UModSys@@@tl@UModSys@@2USUniquePointer@core@3@A@@YAXXZ 000000014000e270 f    CIL library: CIL module
 0001:0000d2b0       ??__E?s_id@?$TObjectUniqueID@UIModule@base@UModSys@@@tl@UModSys@@2USUniquePointer@core@3@A@@YAXXZ 000000014000e2b0 f    CIL library: CIL module
 0001:0000d2f0       ??__E?s_id@?$TObjectUniqueID@UIModuleLibrary@base@UModSys@@@tl@UModSys@@2USUniquePointer@core@3@A@@YAXXZ 000000014000e2f0 f    CIL library: CIL module
 0001:0000d330       ??__E?s_id@?$TObjectUniqueID@UIModObject@base@UModSys@@@tl@UModSys@@2USUniquePointer@core@3@A@@YAXXZ 000000014000e330 f    CIL library: CIL module
 0001:0000d370       ??__E?s_id@?$TObjectUniqueID@UIGenerator@base@UModSys@@@tl@UModSys@@2USUniquePointer@core@3@A@@YAXXZ 000000014000e370 f    CIL library: CIL module
 0001:0000d3b0       ??__E?s_id@?$TObjectUniqueID@UIShell@base@UModSys@@@tl@UModSys@@2USUniquePointer@core@3@A@@YAXXZ 000000014000e3b0 f    CIL library: CIL module
 0001:0000d3f0       ??__E?s_id@?$TObjectUniqueID@UIConsole@base@UModSys@@@tl@UModSys@@2USUniquePointer@core@3@A@@YAXXZ 000000014000e3f0 f    CIL library: CIL module
 0001:0000d430       ??__E?s_id@?$TObjectUniqueID@UISystem@base@UModSys@@@tl@UModSys@@2USUniquePointer@core@3@A@@YAXXZ 000000014000e430 f    CIL library: CIL module
 0001:0000d470       ??__E?s_id@?$TObjectUniqueID@URModule@rsystem@base@UModSys@@@tl@UModSys@@2USUniquePointer@core@3@A@@YAXXZ 000000014000e470 f    CIL library: CIL module
 0001:0000d4b0       ??__E?s_id@?$TObjectUniqueID@UIModuleLibraryUni@rsystem@base@UModSys@@@tl@UModSys@@2USUniquePointer@core@3@A@@YAXXZ 000000014000e4b0 f    CIL library: CIL module
 0001:0000d4f0       ??__E?s_id@?$TObjectUniqueID@URModuleLibrarySO@rsystem@base@UModSys@@@tl@UModSys@@2USUniquePointer@core@3@A@@YAXXZ 000000014000e4f0 f    CIL library: CIL module
 0001:0000d530       ??__E?s_id@?$TObjectUniqueID@URModuleLibraryThis@rsystem@base@UModSys@@@tl@UModSys@@2USUniquePointer@core@3@A@@YAXXZ 000000014000e530 f    CIL library: CIL module
 0001:0000d570       ??__E?s_id@?$TObjectUniqueID@URParameters@rsystem@base@UModSys@@@tl@UModSys@@2USUniquePointer@core@3@A@@YAXXZ 000000014000e570 f    CIL library: CIL module
 0001:0000d5b0       ??__E?s_id@?$TObjectUniqueID@URSystem@rsystem@base@UModSys@@@tl@UModSys@@2USUniquePointer@core@3@A@@YAXXZ 000000014000e5b0 f    CIL library: CIL module
 0001:0000d5f0       ??__E?s_id@?$TObjectUniqueID@URConsole_std@rsystem@base@UModSys@@@tl@UModSys@@2USUniquePointer@core@3@A@@YAXXZ 000000014000e5f0 f    CIL library: CIL module
 0001:0000d630       ??__E?s_modreg@RModuleReg@std@media@modules@UModSys@@2U12345@A@@YAXXZ 000000014000e630 f    CIL library: CIL module
 0001:0000d680       ??__E?s_modreg_chain@RModuleReg@std@media@modules@UModSys@@2USModuleRegChain@base@5@A@@YAXXZ 000000014000e680 f    CIL library: CIL module
 0001:0000d6b0       ??__E?s_uid@RGenerator@std@media@modules@UModSys@@2USUniquePointer@core@5@A@@YAXXZ 000000014000e6b0 f    CIL library: CIL module
 0001:0000d6f0       ??__E?s_id@?$TObjectUniqueID@UIStreamReader@libmedia@UModSys@@@tl@UModSys@@2USUniquePointer@core@3@A@@YAXXZ 000000014000e6f0 f    CIL library: CIL module
 0001:0000d730       ??__E?s_id@?$TObjectUniqueID@UIStreamWriter@libmedia@UModSys@@@tl@UModSys@@2USUniquePointer@core@3@A@@YAXXZ 000000014000e730 f    CIL library: CIL module
 0001:0000d770       ??__E?s_id@?$TObjectUniqueID@UIBinArchive@libmedia@UModSys@@@tl@UModSys@@2USUniquePointer@core@3@A@@YAXXZ 000000014000e770 f    CIL library: CIL module
 0001:0000d7b0       ??__E?s_id@?$TObjectUniqueID@UIBinObjFilter@libmedia@UModSys@@@tl@UModSys@@2USUniquePointer@core@3@A@@YAXXZ 000000014000e7b0 f    CIL library: CIL module
 0001:0000d7f0       ??__E?s_id@?$TObjectUniqueID@UILibrary@libmedia@UModSys@@@tl@UModSys@@2USUniquePointer@core@3@A@@YAXXZ 000000014000e7f0 f    CIL library: CIL module
 0001:0000d830       ??__E?s_id@?$TObjectUniqueID@UILibraryBinTree@libmedia@UModSys@@@tl@UModSys@@2USUniquePointer@core@3@A@@YAXXZ 000000014000e830 f    CIL library: CIL module
 0001:0000d870       ??__E?s_id@?$TObjectUniqueID@UILibraryBinCache@libmedia@UModSys@@@tl@UModSys@@2USUniquePointer@core@3@A@@YAXXZ 000000014000e870 f    CIL library: CIL module
 0001:0000d8b0       ??__E?s_id@?$TObjectUniqueID@UILibraryObjFilter@libmedia@UModSys@@@tl@UModSys@@2USUniquePointer@core@3@A@@YAXXZ 000000014000e8b0 f    CIL library: CIL module
 0001:0000d8f0       ??__E?s_id@?$TObjectUniqueID@UILibraryLayered@libmedia@UModSys@@@tl@UModSys@@2USUniquePointer@core@3@A@@YAXXZ 000000014000e8f0 f    CIL library: CIL module
 0001:0000d930       ??__E?s_id@?$TObjectUniqueID@URLibraryBinCache@std@media@modules@UModSys@@@tl@UModSys@@2USUniquePointer@core@3@A@@YAXXZ 000000014000e930 f    CIL library: CIL module
 0001:0000d970       ??__E?s_id@?$TObjectUniqueID@URLibraryBinTree@std@media@modules@UModSys@@@tl@UModSys@@2USUniquePointer@core@3@A@@YAXXZ 000000014000e970 f    CIL library: CIL module
 0001:0000d9b0       ??__E?s_id@?$TObjectUniqueID@URGenerator@std@media@modules@UModSys@@@tl@UModSys@@2USUniquePointer@core@3@A@@YAXXZ 000000014000e9b0 f    CIL library: CIL module
 0001:0000d9f0       ??__E?s_modreg@RModuleReg@stdio@media@modules@UModSys@@2U12345@A@@YAXXZ 000000014000e9f0 f    CIL library: CIL module
 0001:0000da40       ??__E?s_modreg_chain@RModuleReg@stdio@media@modules@UModSys@@2USModuleRegChain@base@5@A@@YAXXZ 000000014000ea40 f    CIL library: CIL module
 0001:0000da70       ??__E?s_uid@RGenerator@stdio@media@modules@UModSys@@2USUniquePointer@core@5@A@@YAXXZ 000000014000ea70 f    CIL library: CIL module
 0001:0000dab0       ??__E?s_id@?$TObjectUniqueID@URStreamReader_FILE@stdio@media@modules@UModSys@@@tl@UModSys@@2USUniquePointer@core@3@A@@YAXXZ 000000014000eab0 f    CIL library: CIL module
 0001:0000daf0       ??__E?s_id@?$TObjectUniqueID@URStreamWriter_FILE@stdio@media@modules@UModSys@@@tl@UModSys@@2USUniquePointer@core@3@A@@YAXXZ 000000014000eaf0 f    CIL library: CIL module
 0001:0000db30       ??__E?s_id@?$TObjectUniqueID@URDataArchiver_OsDir@stdio@media@modules@UModSys@@@tl@UModSys@@2USUniquePointer@core@3@A@@YAXXZ 000000014000eb30 f    CIL library: CIL module
 0001:0000db70       ??__E?s_id@?$TObjectUniqueID@URGenerator@stdio@media@modules@UModSys@@@tl@UModSys@@2USUniquePointer@core@3@A@@YAXXZ 000000014000eb70 f    CIL library: CIL module
 0001:0000dbb0       ??__E?s_console@RConsole_std@rsystem@base@UModSys@@2U1234@A@@YAXXZ 000000014000ebb0 f    CIL library: CIL module
 0001:0000dbd0       ??__E?s_sys@RSystem@rsystem@base@UModSys@@2U1234@A@@YAXXZ 000000014000ebd0 f    CIL library: CIL module
 0001:0000dbf0       ??__Ersys_dbg@rsystem@base@UModSys@@YAXXZ 000000014000ebf0 f    CIL library: CIL module
 0001:0000dc20       ??__EM@UModSys@@YAXXZ      000000014000ec20 f    CIL library: CIL module
 0001:0000dc40       ??__E?root@SModuleRegChain@base@UModSys@@2U123@A@@YAXXZ 000000014000ec40 f    CIL library: CIL module
 0001:0000dc70       ??__E?s_library@RModuleLibraryReg_Chain@base@UModSys@@2U123@A@@YAXXZ 000000014000ec70 f    CIL library: CIL module
 0001:0000dc90       ??__E?root@SUniquePointer@core@UModSys@@2U123@A@@YAXXZ 000000014000ec90 f    CIL library: CIL module
 0001:0000dcc0       ??__F?s_id@?$TObjectUniqueID@URConsole_std@rsystem@base@UModSys@@@tl@UModSys@@2USUniquePointer@core@3@A@@YAXXZ 000000014000ecc0 f    CIL library: CIL module
 0001:0000dcd0       ??__F?s_id@?$TObjectUniqueID@URSystem@rsystem@base@UModSys@@@tl@UModSys@@2USUniquePointer@core@3@A@@YAXXZ 000000014000ecd0 f    CIL library: CIL module
 0001:0000dce0       ??__F?s_id@?$TObjectUniqueID@URParameters@rsystem@base@UModSys@@@tl@UModSys@@2USUniquePointer@core@3@A@@YAXXZ 000000014000ece0 f    CIL library: CIL module
 0001:0000dcf0       ??__F?s_id@?$TObjectUniqueID@URModuleLibraryThis@rsystem@base@UModSys@@@tl@UModSys@@2USUniquePointer@core@3@A@@YAXXZ 000000014000ecf0 f    CIL library: CIL module
 0001:0000dd00       ??__F?s_id@?$TObjectUniqueID@URModuleLibrarySO@rsystem@base@UModSys@@@tl@UModSys@@2USUniquePointer@core@3@A@@YAXXZ 000000014000ed00 f    CIL library: CIL module
 0001:0000dd10       ??__F?s_id@?$TObjectUniqueID@UIModuleLibraryUni@rsystem@base@UModSys@@@tl@UModSys@@2USUniquePointer@core@3@A@@YAXXZ 000000014000ed10 f    CIL library: CIL module
 0001:0000dd20       ??__F?s_id@?$TObjectUniqueID@URModule@rsystem@base@UModSys@@@tl@UModSys@@2USUniquePointer@core@3@A@@YAXXZ 000000014000ed20 f    CIL library: CIL module
 0001:0000dd30       ??__F?s_id@?$TObjectUniqueID@UISystem@base@UModSys@@@tl@UModSys@@2USUniquePointer@core@3@A@@YAXXZ 000000014000ed30 f    CIL library: CIL module
 0001:0000dd40       ??__F?s_id@?$TObjectUniqueID@UIConsole@base@UModSys@@@tl@UModSys@@2USUniquePointer@core@3@A@@YAXXZ 000000014000ed40 f    CIL library: CIL module
 0001:0000dd50       ??__F?s_id@?$TObjectUniqueID@UIShell@base@UModSys@@@tl@UModSys@@2USUniquePointer@core@3@A@@YAXXZ 000000014000ed50 f    CIL library: CIL module
 0001:0000dd60       ??__F?s_id@?$TObjectUniqueID@UIGenerator@base@UModSys@@@tl@UModSys@@2USUniquePointer@core@3@A@@YAXXZ 000000014000ed60 f    CIL library: CIL module
 0001:0000dd70       ??__F?s_id@?$TObjectUniqueID@UIModObject@base@UModSys@@@tl@UModSys@@2USUniquePointer@core@3@A@@YAXXZ 000000014000ed70 f    CIL library: CIL module
 0001:0000dd80       ??__F?s_id@?$TObjectUniqueID@UIModuleLibrary@base@UModSys@@@tl@UModSys@@2USUniquePointer@core@3@A@@YAXXZ 000000014000ed80 f    CIL library: CIL module
 0001:0000dd90       ??__F?s_id@?$TObjectUniqueID@UIModule@base@UModSys@@@tl@UModSys@@2USUniquePointer@core@3@A@@YAXXZ 000000014000ed90 f    CIL library: CIL module
 0001:0000dda0       ??__F?s_id@?$TObjectUniqueID@UIParameters@core@UModSys@@@tl@UModSys@@2USUniquePointer@core@3@A@@YAXXZ 000000014000eda0 f    CIL library: CIL module
 0001:0000ddb0       ??__F?s_id@?$TObjectUniqueID@UIRefObject@core@UModSys@@@tl@UModSys@@2USUniquePointer@core@3@A@@YAXXZ 000000014000edb0 f    CIL library: CIL module
 0001:0000ddc0       ??__F?s_id@?$TObjectUniqueID@UIRoot@core@UModSys@@@tl@UModSys@@2USUniquePointer@core@3@A@@YAXXZ 000000014000edc0 f    CIL library: CIL module
 0001:0000ddd0       ??__F?s_modreg@RModuleReg@std@media@modules@UModSys@@2U12345@A@@YAXXZ 000000014000edd0 f    CIL library: CIL module
 0001:0000ddf0       ??__F?s_modreg_chain@RModuleReg@std@media@modules@UModSys@@2USModuleRegChain@base@5@A@@YAXXZ 000000014000edf0 f    CIL library: CIL module
 0001:0000de00       ??__F?s_uid@RGenerator@std@media@modules@UModSys@@2USUniquePointer@core@5@A@@YAXXZ 000000014000ee00 f    CIL library: CIL module
 0001:0000de10       ??__Fh@?1??s_holder@RGenerator@std@media@modules@UModSys@@SAAEAU?$TTypeStaticHolder@URGenerator@std@media@modules@UModSys@@@tl@5@XZ@YAXXZ 000000014000ee10 f    CIL library: CIL module
 0001:0000de40       ??__F?s_id@?$TObjectUniqueID@URGenerator@std@media@modules@UModSys@@@tl@UModSys@@2USUniquePointer@core@3@A@@YAXXZ 000000014000ee40 f    CIL library: CIL module
 0001:0000de50       ??__F?s_id@?$TObjectUniqueID@URLibraryBinTree@std@media@modules@UModSys@@@tl@UModSys@@2USUniquePointer@core@3@A@@YAXXZ 000000014000ee50 f    CIL library: CIL module
 0001:0000de60       ??__F?s_id@?$TObjectUniqueID@URLibraryBinCache@std@media@modules@UModSys@@@tl@UModSys@@2USUniquePointer@core@3@A@@YAXXZ 000000014000ee60 f    CIL library: CIL module
 0001:0000de70       ??__F?s_id@?$TObjectUniqueID@UILibraryLayered@libmedia@UModSys@@@tl@UModSys@@2USUniquePointer@core@3@A@@YAXXZ 000000014000ee70 f    CIL library: CIL module
 0001:0000de80       ??__F?s_id@?$TObjectUniqueID@UILibraryObjFilter@libmedia@UModSys@@@tl@UModSys@@2USUniquePointer@core@3@A@@YAXXZ 000000014000ee80 f    CIL library: CIL module
 0001:0000de90       ??__F?s_id@?$TObjectUniqueID@UILibraryBinCache@libmedia@UModSys@@@tl@UModSys@@2USUniquePointer@core@3@A@@YAXXZ 000000014000ee90 f    CIL library: CIL module
 0001:0000dea0       ??__F?s_id@?$TObjectUniqueID@UILibraryBinTree@libmedia@UModSys@@@tl@UModSys@@2USUniquePointer@core@3@A@@YAXXZ 000000014000eea0 f    CIL library: CIL module
 0001:0000deb0       ??__F?s_id@?$TObjectUniqueID@UILibrary@libmedia@UModSys@@@tl@UModSys@@2USUniquePointer@core@3@A@@YAXXZ 000000014000eeb0 f    CIL library: CIL module
 0001:0000dec0       ??__F?s_id@?$TObjectUniqueID@UIBinObjFilter@libmedia@UModSys@@@tl@UModSys@@2USUniquePointer@core@3@A@@YAXXZ 000000014000eec0 f    CIL library: CIL module
 0001:0000ded0       ??__F?s_id@?$TObjectUniqueID@UIBinArchive@libmedia@UModSys@@@tl@UModSys@@2USUniquePointer@core@3@A@@YAXXZ 000000014000eed0 f    CIL library: CIL module
 0001:0000dee0       ??__F?s_id@?$TObjectUniqueID@UIStreamWriter@libmedia@UModSys@@@tl@UModSys@@2USUniquePointer@core@3@A@@YAXXZ 000000014000eee0 f    CIL library: CIL module
 0001:0000def0       ??__F?s_id@?$TObjectUniqueID@UIStreamReader@libmedia@UModSys@@@tl@UModSys@@2USUniquePointer@core@3@A@@YAXXZ 000000014000eef0 f    CIL library: CIL module
 0001:0000df00       ??__F?s_modreg@RModuleReg@stdio@media@modules@UModSys@@2U12345@A@@YAXXZ 000000014000ef00 f    CIL library: CIL module
 0001:0000df20       ??__F?s_modreg_chain@RModuleReg@stdio@media@modules@UModSys@@2USModuleRegChain@base@5@A@@YAXXZ 000000014000ef20 f    CIL library: CIL module
 0001:0000df30       ??__F?s_uid@RGenerator@stdio@media@modules@UModSys@@2USUniquePointer@core@5@A@@YAXXZ 000000014000ef30 f    CIL library: CIL module
 0001:0000df40       ??__Fh@?1??s_holder@RGenerator@stdio@media@modules@UModSys@@SAAEAU?$TTypeStaticHolder@URGenerator@stdio@media@modules@UModSys@@@tl@5@XZ@YAXXZ 000000014000ef40 f    CIL library: CIL module
 0001:0000df70       ??__F?s_id@?$TObjectUniqueID@URGenerator@stdio@media@modules@UModSys@@@tl@UModSys@@2USUniquePointer@core@3@A@@YAXXZ 000000014000ef70 f    CIL library: CIL module
 0001:0000df80       ??__F?s_id@?$TObjectUniqueID@URDataArchiver_OsDir@stdio@media@modules@UModSys@@@tl@UModSys@@2USUniquePointer@core@3@A@@YAXXZ 000000014000ef80 f    CIL library: CIL module
 0001:0000df90       ??__F?s_id@?$TObjectUniqueID@URStreamWriter_FILE@stdio@media@modules@UModSys@@@tl@UModSys@@2USUniquePointer@core@3@A@@YAXXZ 000000014000ef90 f    CIL library: CIL module
 0001:0000dfa0       ??__F?s_id@?$TObjectUniqueID@URStreamReader_FILE@stdio@media@modules@UModSys@@@tl@UModSys@@2USUniquePointer@core@3@A@@YAXXZ 000000014000efa0 f    CIL library: CIL module
 0001:0000dfb0       ??__F?s_console@RConsole_std@rsystem@base@UModSys@@2U1234@A@@YAXXZ 000000014000efb0 f    CIL library: CIL module
 0001:0000dfc0       ??__F?s_sys@RSystem@rsystem@base@UModSys@@2U1234@A@@YAXXZ 000000014000efc0 f    CIL library: CIL module
 0001:0000dfd0       ??__Frsys_dbg@rsystem@base@UModSys@@YAXXZ 000000014000efd0 f    CIL library: CIL module
 0001:0000dfe0       ??__FM@UModSys@@YAXXZ      000000014000efe0 f    CIL library: CIL module
 0001:0000dff0       ??__F?root@SModuleRegChain@base@UModSys@@2U123@A@@YAXXZ 000000014000eff0 f    CIL library: CIL module
 0001:0000e000       ??__F?s_library@RModuleLibraryReg_Chain@base@UModSys@@2U123@A@@YAXXZ 000000014000f000 f    CIL library: CIL module
 0001:0000e010       ??__F?root@SUniquePointer@core@UModSys@@2U123@A@@YAXXZ 000000014000f010 f    CIL library: CIL module

 Exports

  ordinal    name

        1    UModSys_Plugin_Entry2
