 umodsysc

 Timestamp is 5267edde (Wed Oct 23 18:40:14 2013)

 Preferred load address is 0000000140000000

 Start         Length     Name                   Class
 0001:00000000 000102acH .text                   CODE
 0001:000102b0 0000005eH .text$00                CODE
 0001:00010310 00000accH .text$x                 CODE
 0001:00010de0 00000bc2H .text$yc                CODE
 0001:000119b0 0000039cH .text$yd                CODE
 0002:00000000 00000258H .idata$5                DATA
 0002:00000258 00000008H .CRT$XCA                DATA
 0002:00000260 00000008H .CRT$XCAA               DATA
 0002:00000268 000003d0H .CRT$XCU                DATA
 0002:00000638 00000008H .CRT$XCZ                DATA
 0002:00000640 00000008H .CRT$XIA                DATA
 0002:00000648 00000008H .CRT$XIAA               DATA
 0002:00000650 00000008H .CRT$XIY                DATA
 0002:00000658 00000008H .CRT$XIZ                DATA
 0002:00000660 00002e80H .rdata                  DATA
 0002:000034e0 00001dccH .rdata$r                DATA
 0002:000052b0 00000008H .rtc$IAA                DATA
 0002:000052b8 00000008H .rtc$IZZ                DATA
 0002:000052c0 00000008H .rtc$TAA                DATA
 0002:000052c8 00000008H .rtc$TZZ                DATA
 0002:000052d0 000025a0H .xdata                  DATA
 0002:00007870 000000e4H .xdata$x                DATA
 0002:00007954 00000028H .idata$2                DATA
 0002:0000797c 00000014H .idata$3                DATA
 0002:00007990 00000258H .idata$4                DATA
 0002:00007be8 00000478H .idata$6                DATA
 0002:00008060 00000055H .edata                  DATA
 0003:00000000 00000ec4H .data                   DATA
 0003:00000ed0 00002b90H .bss                    DATA
 0004:00000000 00001c98H .pdata                  DATA

  Address         Publics by Value              Rva+Base               Lib:Object

 0000:00000000       ___safe_se_handler_count   0000000000000000     <absolute>
 0000:00000000       ___safe_se_handler_table   0000000000000000     <absolute>
 0000:00000000       __ImageBase                0000000140000000     <linker-defined>
 0001:00000000       ??$shash@D@su@tl@UModSys@@YAHPEBD_K@Z 0000000140001000 f i umodsys.c_main.obj
 0001:00000030       ?suicide@RGenerator@std@media@modules@UModSys@@UEAAXXZ 0000000140001030 f i umodsys_lib_libmedia:umodsys.mod.media.std.obj
 0001:00000030       ?suicide@RGenerator@stdio@media@modules@UModSys@@UEAAXXZ 0000000140001030 f i umodsys_lib_libmedia:umodsys.mod.media.stdio.obj
 0001:00000030       ??3@YAXPEAX0@Z             0000000140001030 f i umodsys_lib_libmedia:umodsys.mod.media.std.obj
 0001:00000040       ??1SCMemShared@core@UModSys@@QEAA@XZ 0000000140001040 f i umodsys_lib_libmedia:umodsys.mod.media.std.obj
 0001:00000040       ??1SInfo@IBinObjFilter@libmedia@UModSys@@QEAA@XZ 0000000140001040 f i umodsys_lib_libmedia:umodsys.mod.media.std.obj
 0001:00000040       ??1SMemShared@core@UModSys@@QEAA@XZ 0000000140001040 f i umodsys_lib_libmedia:umodsys.mod.media.std.obj
 0001:00000060       ??3IRoot@core@UModSys@@SAXPEAXAEBUSIMemAlloc@12@@Z 0000000140001060 f i umodsys_lib_libmedia:umodsys.mod.media.std.obj
 0001:00000070       ??1?$TSCoreShared@USIMemAlloc@core@UModSys@@D@su@tl@UModSys@@QEAA@XZ 0000000140001070 f i umodsys_lib_libmedia:umodsys.mod.media.std.obj
 0001:00000070       ??1?$TString@U?$TSCoreShared@USIMemAlloc@core@UModSys@@D@su@tl@UModSys@@U?$TComparerBinaryHash@D@234@@tl@UModSys@@QEAA@XZ 0000000140001070 f i umodsys_lib_libmedia:umodsys.mod.media.std.obj
 0001:000000c0       ?get_flag@RResolverChain@SFlagsChain@libmedia@UModSys@@UEBA?AW4eStates@?$TFlags4State@USMediaFlagUid@libmedia@UModSys@@I@tl@4@H@Z 00000001400010c0 f i umodsys_lib_libmedia:umodsys.mod.media.std.obj
 0001:00000110       ??1SPoint@ILibraryBinTree@libmedia@UModSys@@QEAA@XZ 0000000140001110 f i umodsys_lib_libmedia:umodsys.mod.media.std.obj
 0001:00000110       ??1SLayer@ILibraryLayered@libmedia@UModSys@@QEAA@XZ 0000000140001110 f i umodsys_lib_libmedia:umodsys.mod.media.std.obj
 0001:00000140       ?get_interface_info@RLibraryBinCache@std@media@modules@UModSys@@UEBAAEBUSUniquePointerInfo@core@5@XZ 0000000140001140 f i umodsys_lib_libmedia:umodsys.mod.media.std.obj
 0001:00000150       ?get_interface_type@RLibraryBinCache@std@media@modules@UModSys@@UEBAPEBUSUniquePointerInfo@core@5@XZ 0000000140001150 f i umodsys_lib_libmedia:umodsys.mod.media.std.obj
 0001:00000160       ?get_other_interface@RLibraryBinCache@std@media@modules@UModSys@@UEBAPEBUIRoot@core@5@PEBUSUniquePointerInfo@75@@Z 0000000140001160 f i umodsys_lib_libmedia:umodsys.mod.media.std.obj
 0001:00000160       ?get_other_interface@RLibraryBinCache@std@media@modules@UModSys@@UEAAPEAUIRoot@core@5@PEBUSUniquePointerInfo@75@@Z 0000000140001160 f i umodsys_lib_libmedia:umodsys.mod.media.std.obj
 0001:000001a0       ?is_interface_supported@RLibraryBinCache@std@media@modules@UModSys@@UEBA_NPEBUSUniquePointerInfo@core@5@@Z 00000001400011a0 f i umodsys_lib_libmedia:umodsys.mod.media.std.obj
 0001:000001e0       ?ref_add@RLibraryObjFilter@std@media@modules@UModSys@@UEBAXXZ 00000001400011e0 f i umodsys_lib_libmedia:umodsys.mod.media.std.obj
 0001:000001e0       ?ref_add@RLibraryLayered@std@media@modules@UModSys@@UEBAXXZ 00000001400011e0 f i umodsys_lib_libmedia:umodsys.mod.media.std.obj
 0001:000001e0       ?ref_add@RLibraryBinCache@std@media@modules@UModSys@@UEBAXXZ 00000001400011e0 f i umodsys_lib_libmedia:umodsys.mod.media.std.obj
 0001:000001e0       ?ref_add@RDataArchiver_OsDir@stdio@media@modules@UModSys@@UEBAXXZ 00000001400011e0 f i umodsys_lib_libmedia:umodsys.mod.media.stdio.obj
 0001:000001e0       ?ref_add@RLibraryBinTree@std@media@modules@UModSys@@UEBAXXZ 00000001400011e0 f i umodsys_lib_libmedia:umodsys.mod.media.std.obj
 0001:000001e0       ?ref_add@RLibraryObjCache@std@media@modules@UModSys@@UEBAXXZ 00000001400011e0 f i umodsys_lib_libmedia:umodsys.mod.media.std.obj
 0001:000001f0       ?ref_links@RLibraryObjFilter@std@media@modules@UModSys@@UEBAHXZ 00000001400011f0 f i umodsys_lib_libmedia:umodsys.mod.media.std.obj
 0001:000001f0       ?ref_links@RLibraryBinCache@std@media@modules@UModSys@@UEBAHXZ 00000001400011f0 f i umodsys_lib_libmedia:umodsys.mod.media.std.obj
 0001:000001f0       ?ref_links@RLibraryObjCache@std@media@modules@UModSys@@UEBAHXZ 00000001400011f0 f i umodsys_lib_libmedia:umodsys.mod.media.std.obj
 0001:000001f0       ?ref_links@RLibraryLayered@std@media@modules@UModSys@@UEBAHXZ 00000001400011f0 f i umodsys_lib_libmedia:umodsys.mod.media.std.obj
 0001:000001f0       ?ref_links@RLibraryBinTree@std@media@modules@UModSys@@UEBAHXZ 00000001400011f0 f i umodsys_lib_libmedia:umodsys.mod.media.std.obj
 0001:000001f0       ?ref_links@RDataArchiver_OsDir@stdio@media@modules@UModSys@@UEBAHXZ 00000001400011f0 f i umodsys_lib_libmedia:umodsys.mod.media.stdio.obj
 0001:00000200       ??0RLibraryBinCache@std@media@modules@UModSys@@QEAA@PEAUIModObject@base@4@AEBUSParameters@core@4@U?$TFlags4State@USMediaFlagUid@libmedia@UModSys@@I@tl@4@@Z 0000000140001200 f i umodsys_lib_libmedia:umodsys.mod.media.std.obj
 0001:00000290       ?get_flags_auto@RLibraryBinCache@std@media@modules@UModSys@@UEBA?AU?$TFlags4State@USMediaFlagUid@libmedia@UModSys@@I@tl@5@XZ 0000000140001290 f i umodsys_lib_libmedia:umodsys.mod.media.std.obj
 0001:000002a0       ?bin_load@RLibraryBinCache@std@media@modules@UModSys@@UEAA_NAEBU?$TString@U?$TSCoreConst@D@su@tl@UModSys@@U?$TComparerBinaryHash@D@234@@tl@5@AEAUSCMemShared@core@5@AEBUSFlags@libmedia@5@@Z 00000001400012a0 f i umodsys_lib_libmedia:umodsys.mod.media.std.obj
 0001:00000340       ?obj_fload@RLibraryObjCache@std@media@modules@UModSys@@UEAA_NAEBUSInfo@IBinObjFilter@libmedia@5@PEAUIRefObject@core@5@@Z 0000000140001340 f i umodsys_lib_libmedia:umodsys.mod.media.std.obj
 0001:00000340       ?bin_info@RLibraryObjCache@std@media@modules@UModSys@@UEAA_NAEBU?$TString@U?$TSCoreConst@D@su@tl@UModSys@@U?$TComparerBinaryHash@D@234@@tl@5@AEAUSFileInfo@libmedia@5@AEBUSFlags@95@@Z 0000000140001340 f i umodsys_lib_libmedia:umodsys.mod.media.std.obj
 0001:00000340       ?bin_save@RLibraryObjCache@std@media@modules@UModSys@@UEAA_NAEBU?$TString@U?$TSCoreConst@D@su@tl@UModSys@@U?$TComparerBinaryHash@D@234@@tl@5@AEBUSCMem@core@5@AEBUSFlags@libmedia@5@@Z 0000000140001340 f i umodsys_lib_libmedia:umodsys.mod.media.std.obj
 0001:00000340       ?obj_fget@RLibraryObjCache@std@media@modules@UModSys@@UEAA_NAEBUSInfo@IBinObjFilter@libmedia@5@AEAU?$TRefObject@UIRefObject@core@UModSys@@U?$TRefObjectFunc@UIRefObject@core@UModSys@@@tl@3@@tl@5@@Z 0000000140001340 f i umodsys_lib_libmedia:umodsys.mod.media.std.obj
 0001:00000340       ?obj_cput@RLibraryBinTree@std@media@modules@UModSys@@UEAA_NAEBU?$TString@U?$TSCoreConst@D@su@tl@UModSys@@U?$TComparerBinaryHash@D@234@@tl@5@PEAUIRefObject@core@5@@Z 0000000140001340 f i umodsys_lib_libmedia:umodsys.mod.media.std.obj
 0001:00000340       ?obj_load@RLibraryObjFilter@std@media@modules@UModSys@@UEAA_NAEBU?$TString@U?$TSCoreConst@D@su@tl@UModSys@@U?$TComparerBinaryHash@D@234@@tl@5@PEAUIRefObject@core@5@AEBUSObjOptions@ILibrary@libmedia@5@@Z 0000000140001340 f i umodsys_lib_libmedia:umodsys.mod.media.std.obj
 0001:00000340       ?obj_get@RLibraryBinTree@std@media@modules@UModSys@@UEAA_NAEBU?$TString@U?$TSCoreConst@D@su@tl@UModSys@@U?$TComparerBinaryHash@D@234@@tl@5@AEAU?$TRefObject@UIRefObject@core@UModSys@@U?$TRefObjectFunc@UIRefObject@core@UModSys@@@tl@3@@75@AEBUSObjOptions@ILibrary@libmedia@5@@Z 0000000140001340 f i umodsys_lib_libmedia:umodsys.mod.media.std.obj
 0001:00000340       ?obj_cget@RLibraryObjFilter@std@media@modules@UModSys@@UEAA_NAEBU?$TString@U?$TSCoreConst@D@su@tl@UModSys@@U?$TComparerBinaryHash@D@234@@tl@5@AEAU?$TRefObject@UIRefObject@core@UModSys@@U?$TRefObjectFunc@UIRefObject@core@UModSys@@@tl@3@@75@_N@Z 0000000140001340 f i umodsys_lib_libmedia:umodsys.mod.media.std.obj
 0001:00000340       ?obj_fget@RLibraryBinCache@std@media@modules@UModSys@@UEAA_NAEBUSInfo@IBinObjFilter@libmedia@5@AEAU?$TRefObject@UIRefObject@core@UModSys@@U?$TRefObjectFunc@UIRefObject@core@UModSys@@@tl@3@@tl@5@@Z 0000000140001340 f i umodsys_lib_libmedia:umodsys.mod.media.std.obj
 0001:00000340       ?bin_load@RLibraryObjCache@std@media@modules@UModSys@@UEAA_NAEBU?$TString@U?$TSCoreConst@D@su@tl@UModSys@@U?$TComparerBinaryHash@D@234@@tl@5@AEAUSCMemShared@core@5@AEBUSFlags@libmedia@5@@Z 0000000140001340 f i umodsys_lib_libmedia:umodsys.mod.media.std.obj
 0001:00000340       ?obj_save@RLibraryObjFilter@std@media@modules@UModSys@@UEAA_NAEBU?$TString@U?$TSCoreConst@D@su@tl@UModSys@@U?$TComparerBinaryHash@D@234@@tl@5@PEBUIRefObject@core@5@AEBUSObjOptions@ILibrary@libmedia@5@@Z 0000000140001340 f i umodsys_lib_libmedia:umodsys.mod.media.std.obj
 0001:00000340       ?bin_info@RLibraryBinCache@std@media@modules@UModSys@@UEAA_NAEBU?$TString@U?$TSCoreConst@D@su@tl@UModSys@@U?$TComparerBinaryHash@D@234@@tl@5@AEAU?$TIStackSocket@USFileInfo@libmedia@UModSys@@@75@AEBUSFlags@libmedia@5@@Z 0000000140001340 f i umodsys_lib_libmedia:umodsys.mod.media.std.obj
 0001:00000340       ?bin_get@RLibraryObjFilter@std@media@modules@UModSys@@UEAA_NAEBU?$TString@U?$TSCoreConst@D@su@tl@UModSys@@U?$TComparerBinaryHash@D@234@@tl@5@AEAUSCMemShared@core@5@_N@Z 0000000140001340 f i umodsys_lib_libmedia:umodsys.mod.media.std.obj
 0001:00000340       ?obj_cput@RLibraryObjFilter@std@media@modules@UModSys@@UEAA_NAEBU?$TString@U?$TSCoreConst@D@su@tl@UModSys@@U?$TComparerBinaryHash@D@234@@tl@5@PEAUIRefObject@core@5@@Z 0000000140001340 f i umodsys_lib_libmedia:umodsys.mod.media.std.obj
 0001:00000340       ?bin_put@RLibraryObjFilter@std@media@modules@UModSys@@UEAA_NAEBU?$TString@U?$TSCoreConst@D@su@tl@UModSys@@U?$TComparerBinaryHash@D@234@@tl@5@PEBUSCMemShared@core@5@@Z 0000000140001340 f i umodsys_lib_libmedia:umodsys.mod.media.std.obj
 0001:00000340       ?obj_cput@RLibraryBinCache@std@media@modules@UModSys@@UEAA_NAEBU?$TString@U?$TSCoreConst@D@su@tl@UModSys@@U?$TComparerBinaryHash@D@234@@tl@5@PEAUIRefObject@core@5@@Z 0000000140001340 f i umodsys_lib_libmedia:umodsys.mod.media.std.obj
 0001:00000340       ?obj_load@RLibraryBinTree@std@media@modules@UModSys@@UEAA_NAEBU?$TString@U?$TSCoreConst@D@su@tl@UModSys@@U?$TComparerBinaryHash@D@234@@tl@5@PEAUIRefObject@core@5@AEBUSObjOptions@ILibrary@libmedia@5@@Z 0000000140001340 f i umodsys_lib_libmedia:umodsys.mod.media.std.obj
 0001:00000340       ?bin_info@RLibraryBinTree@std@media@modules@UModSys@@UEAA_NAEBU?$TString@U?$TSCoreConst@D@su@tl@UModSys@@U?$TComparerBinaryHash@D@234@@tl@5@AEAUSFileInfo@libmedia@5@AEBUSFlags@95@@Z 0000000140001340 f i umodsys_lib_libmedia:umodsys.mod.media.std.obj
 0001:00000340       ?bin_info@RLibraryObjFilter@std@media@modules@UModSys@@UEAA_NAEBU?$TString@U?$TSCoreConst@D@su@tl@UModSys@@U?$TComparerBinaryHash@D@234@@tl@5@AEAUSFileInfo@libmedia@5@AEBUSFlags@95@@Z 0000000140001340 f i umodsys_lib_libmedia:umodsys.mod.media.std.obj
 0001:00000340       ?obj_fget@RLibraryBinTree@std@media@modules@UModSys@@UEAA_NAEBUSInfo@IBinObjFilter@libmedia@5@AEAU?$TRefObject@UIRefObject@core@UModSys@@U?$TRefObjectFunc@UIRefObject@core@UModSys@@@tl@3@@tl@5@@Z 0000000140001340 f i umodsys_lib_libmedia:umodsys.mod.media.std.obj
 0001:00000340       ?bin_load@RLibraryObjFilter@std@media@modules@UModSys@@UEAA_NAEBU?$TString@U?$TSCoreConst@D@su@tl@UModSys@@U?$TComparerBinaryHash@D@234@@tl@5@AEAUSCMemShared@core@5@AEBUSFlags@libmedia@5@@Z 0000000140001340 f i umodsys_lib_libmedia:umodsys.mod.media.std.obj
 0001:00000340       ?bin_get@RLibraryBinTree@std@media@modules@UModSys@@UEAA_NAEBU?$TString@U?$TSCoreConst@D@su@tl@UModSys@@U?$TComparerBinaryHash@D@234@@tl@5@AEAUSCMemShared@core@5@_N@Z 0000000140001340 f i umodsys_lib_libmedia:umodsys.mod.media.std.obj
 0001:00000340       ?obj_get@RLibraryBinCache@std@media@modules@UModSys@@UEAA_NAEBU?$TString@U?$TSCoreConst@D@su@tl@UModSys@@U?$TComparerBinaryHash@D@234@@tl@5@AEAU?$TRefObject@UIRefObject@core@UModSys@@U?$TRefObjectFunc@UIRefObject@core@UModSys@@@tl@3@@75@AEBUSObjOptions@ILibrary@libmedia@5@@Z 0000000140001340 f i umodsys_lib_libmedia:umodsys.mod.media.std.obj
 0001:00000340       ?obj_cget@RLibraryBinTree@std@media@modules@UModSys@@UEAA_NAEBU?$TString@U?$TSCoreConst@D@su@tl@UModSys@@U?$TComparerBinaryHash@D@234@@tl@5@AEAU?$TRefObject@UIRefObject@core@UModSys@@U?$TRefObjectFunc@UIRefObject@core@UModSys@@@tl@3@@75@_N@Z 0000000140001340 f i umodsys_lib_libmedia:umodsys.mod.media.std.obj
 0001:00000340       ?bin_info@RLibraryObjFilter@std@media@modules@UModSys@@UEAA_NAEBU?$TString@U?$TSCoreConst@D@su@tl@UModSys@@U?$TComparerBinaryHash@D@234@@tl@5@AEAU?$TIStackSocket@USFileInfo@libmedia@UModSys@@@75@AEBUSFlags@libmedia@5@@Z 0000000140001340 f i umodsys_lib_libmedia:umodsys.mod.media.std.obj
 0001:00000340       ?bin_get@RLibraryObjCache@std@media@modules@UModSys@@UEAA_NAEBU?$TString@U?$TSCoreConst@D@su@tl@UModSys@@U?$TComparerBinaryHash@D@234@@tl@5@AEAUSCMemShared@core@5@_N@Z 0000000140001340 f i umodsys_lib_libmedia:umodsys.mod.media.std.obj
 0001:00000340       ?obj_fsave@RLibraryBinCache@std@media@modules@UModSys@@UEAA_NAEAUSInfo@IBinObjFilter@libmedia@5@PEBUIRefObject@core@5@@Z 0000000140001340 f i umodsys_lib_libmedia:umodsys.mod.media.std.obj
 0001:00000340       ?obj_fsave@RLibraryBinTree@std@media@modules@UModSys@@UEAA_NAEAUSInfo@IBinObjFilter@libmedia@5@PEBUIRefObject@core@5@@Z 0000000140001340 f i umodsys_lib_libmedia:umodsys.mod.media.std.obj
 0001:00000340       ?bin_save@RLibraryBinCache@std@media@modules@UModSys@@UEAA_NAEBU?$TString@U?$TSCoreConst@D@su@tl@UModSys@@U?$TComparerBinaryHash@D@234@@tl@5@AEBUSCMem@core@5@AEBUSFlags@libmedia@5@@Z 0000000140001340 f i umodsys_lib_libmedia:umodsys.mod.media.std.obj
 0001:00000340       ?obj_fload@RLibraryBinTree@std@media@modules@UModSys@@UEAA_NAEBUSInfo@IBinObjFilter@libmedia@5@PEAUIRefObject@core@5@@Z 0000000140001340 f i umodsys_lib_libmedia:umodsys.mod.media.std.obj
 0001:00000340       ?bin_save@RLibraryObjFilter@std@media@modules@UModSys@@UEAA_NAEBU?$TString@U?$TSCoreConst@D@su@tl@UModSys@@U?$TComparerBinaryHash@D@234@@tl@5@AEBUSCMem@core@5@AEBUSFlags@libmedia@5@@Z 0000000140001340 f i umodsys_lib_libmedia:umodsys.mod.media.std.obj
 0001:00000340       ?obj_cget@RLibraryBinCache@std@media@modules@UModSys@@UEAA_NAEBU?$TString@U?$TSCoreConst@D@su@tl@UModSys@@U?$TComparerBinaryHash@D@234@@tl@5@AEAU?$TRefObject@UIRefObject@core@UModSys@@U?$TRefObjectFunc@UIRefObject@core@UModSys@@@tl@3@@75@_N@Z 0000000140001340 f i umodsys_lib_libmedia:umodsys.mod.media.std.obj
 0001:00000340       ?obj_save@RLibraryObjCache@std@media@modules@UModSys@@UEAA_NAEBU?$TString@U?$TSCoreConst@D@su@tl@UModSys@@U?$TComparerBinaryHash@D@234@@tl@5@PEBUIRefObject@core@5@AEBUSObjOptions@ILibrary@libmedia@5@@Z 0000000140001340 f i umodsys_lib_libmedia:umodsys.mod.media.std.obj
 0001:00000340       ?obj_fload@RLibraryBinCache@std@media@modules@UModSys@@UEAA_NAEBUSInfo@IBinObjFilter@libmedia@5@PEAUIRefObject@core@5@@Z 0000000140001340 f i umodsys_lib_libmedia:umodsys.mod.media.std.obj
 0001:00000340       ?obj_save@RLibraryBinCache@std@media@modules@UModSys@@UEAA_NAEBU?$TString@U?$TSCoreConst@D@su@tl@UModSys@@U?$TComparerBinaryHash@D@234@@tl@5@PEBUIRefObject@core@5@AEBUSObjOptions@ILibrary@libmedia@5@@Z 0000000140001340 f i umodsys_lib_libmedia:umodsys.mod.media.std.obj
 0001:00000340       ?obj_fsave@RLibraryObjCache@std@media@modules@UModSys@@UEAA_NAEAUSInfo@IBinObjFilter@libmedia@5@PEBUIRefObject@core@5@@Z 0000000140001340 f i umodsys_lib_libmedia:umodsys.mod.media.std.obj
 0001:00000340       ?bin_put@RLibraryBinTree@std@media@modules@UModSys@@UEAA_NAEBU?$TString@U?$TSCoreConst@D@su@tl@UModSys@@U?$TComparerBinaryHash@D@234@@tl@5@PEBUSCMemShared@core@5@@Z 0000000140001340 f i umodsys_lib_libmedia:umodsys.mod.media.std.obj
 0001:00000340       ?bin_put@RLibraryObjCache@std@media@modules@UModSys@@UEAA_NAEBU?$TString@U?$TSCoreConst@D@su@tl@UModSys@@U?$TComparerBinaryHash@D@234@@tl@5@PEBUSCMemShared@core@5@@Z 0000000140001340 f i umodsys_lib_libmedia:umodsys.mod.media.std.obj
 0001:00000340       ?obj_load@RLibraryObjCache@std@media@modules@UModSys@@UEAA_NAEBU?$TString@U?$TSCoreConst@D@su@tl@UModSys@@U?$TComparerBinaryHash@D@234@@tl@5@PEAUIRefObject@core@5@AEBUSObjOptions@ILibrary@libmedia@5@@Z 0000000140001340 f i umodsys_lib_libmedia:umodsys.mod.media.std.obj
 0001:00000340       ?bin_info@RLibraryBinCache@std@media@modules@UModSys@@UEAA_NAEBU?$TString@U?$TSCoreConst@D@su@tl@UModSys@@U?$TComparerBinaryHash@D@234@@tl@5@AEAUSFileInfo@libmedia@5@AEBUSFlags@95@@Z 0000000140001340 f i umodsys_lib_libmedia:umodsys.mod.media.std.obj
 0001:00000340       ?obj_get@RLibraryObjFilter@std@media@modules@UModSys@@UEAA_NAEBU?$TString@U?$TSCoreConst@D@su@tl@UModSys@@U?$TComparerBinaryHash@D@234@@tl@5@AEAU?$TRefObject@UIRefObject@core@UModSys@@U?$TRefObjectFunc@UIRefObject@core@UModSys@@@tl@3@@75@AEBUSObjOptions@ILibrary@libmedia@5@@Z 0000000140001340 f i umodsys_lib_libmedia:umodsys.mod.media.std.obj
 0001:00000340       ?obj_save@RLibraryBinTree@std@media@modules@UModSys@@UEAA_NAEBU?$TString@U?$TSCoreConst@D@su@tl@UModSys@@U?$TComparerBinaryHash@D@234@@tl@5@PEBUIRefObject@core@5@AEBUSObjOptions@ILibrary@libmedia@5@@Z 0000000140001340 f i umodsys_lib_libmedia:umodsys.mod.media.std.obj
 0001:00000340       ?bin_info@RLibraryBinTree@std@media@modules@UModSys@@UEAA_NAEBU?$TString@U?$TSCoreConst@D@su@tl@UModSys@@U?$TComparerBinaryHash@D@234@@tl@5@AEAU?$TIStackSocket@USFileInfo@libmedia@UModSys@@@75@AEBUSFlags@libmedia@5@@Z 0000000140001340 f i umodsys_lib_libmedia:umodsys.mod.media.std.obj
 0001:00000340       ?bin_info@RLibraryObjCache@std@media@modules@UModSys@@UEAA_NAEBU?$TString@U?$TSCoreConst@D@su@tl@UModSys@@U?$TComparerBinaryHash@D@234@@tl@5@AEAU?$TIStackSocket@USFileInfo@libmedia@UModSys@@@75@AEBUSFlags@libmedia@5@@Z 0000000140001340 f i umodsys_lib_libmedia:umodsys.mod.media.std.obj
 0001:00000340       ?obj_load@RLibraryBinCache@std@media@modules@UModSys@@UEAA_NAEBU?$TString@U?$TSCoreConst@D@su@tl@UModSys@@U?$TComparerBinaryHash@D@234@@tl@5@PEAUIRefObject@core@5@AEBUSObjOptions@ILibrary@libmedia@5@@Z 0000000140001340 f i umodsys_lib_libmedia:umodsys.mod.media.std.obj
 0001:00000350       ?obj_cget@RLibraryObjCache@std@media@modules@UModSys@@UEAA_NAEBU?$TString@U?$TSCoreConst@D@su@tl@UModSys@@U?$TComparerBinaryHash@D@234@@tl@5@AEAU?$TRefObject@UIRefObject@core@UModSys@@U?$TRefObjectFunc@UIRefObject@core@UModSys@@@tl@3@@75@_N@Z 0000000140001350 f i umodsys_lib_libmedia:umodsys.mod.media.std.obj
 0001:00000350       ?bin_get@RLibraryBinCache@std@media@modules@UModSys@@UEAA_NAEBU?$TString@U?$TSCoreConst@D@su@tl@UModSys@@U?$TComparerBinaryHash@D@234@@tl@5@AEAUSCMemShared@core@5@_N@Z 0000000140001350 f i umodsys_lib_libmedia:umodsys.mod.media.std.obj
 0001:00000390       ?bin_put@RLibraryBinCache@std@media@modules@UModSys@@UEAA_NAEBU?$TString@U?$TSCoreConst@D@su@tl@UModSys@@U?$TComparerBinaryHash@D@234@@tl@5@PEBUSCMemShared@core@5@@Z 0000000140001390 f i umodsys_lib_libmedia:umodsys.mod.media.std.obj
 0001:000003b0       ?bincache_get@RLibraryBinCache@std@media@modules@UModSys@@UEBA_NAEBU?$TString@U?$TSCoreConst@D@su@tl@UModSys@@U?$TComparerBinaryHash@D@234@@tl@5@PEAUSCMemShared@core@5@PEA_N@Z 00000001400013b0 f i umodsys_lib_libmedia:umodsys.mod.media.std.obj
 0001:00000460       ?bincache_add@RLibraryBinCache@std@media@modules@UModSys@@UEAA_NAEBU?$TString@U?$TSCoreConst@D@su@tl@UModSys@@U?$TComparerBinaryHash@D@234@@tl@5@@Z 0000000140001460 f i umodsys_lib_libmedia:umodsys.mod.media.std.obj
 0001:00000490       ?bincache_add@RLibraryBinCache@std@media@modules@UModSys@@UEAA_NAEBU?$TString@U?$TSCoreConst@D@su@tl@UModSys@@U?$TComparerBinaryHash@D@234@@tl@5@AEBUSCMemShared@core@5@@Z 0000000140001490 f i umodsys_lib_libmedia:umodsys.mod.media.std.obj
 0001:000004a0       ?bincache_remove@RLibraryBinCache@std@media@modules@UModSys@@UEAA_NAEBU?$TString@U?$TSCoreConst@D@su@tl@UModSys@@U?$TComparerBinaryHash@D@234@@tl@5@@Z 00000001400014a0 f i umodsys_lib_libmedia:umodsys.mod.media.std.obj
 0001:00000500       ?bincache_clear@RLibraryBinCache@std@media@modules@UModSys@@UEAA_NXZ 0000000140001500 f i umodsys_lib_libmedia:umodsys.mod.media.std.obj
 0001:00000530       ?bincache_add@RLibraryBinCache@std@media@modules@UModSys@@QEAA_NAEBU?$TString@U?$TSCoreConst@D@su@tl@UModSys@@U?$TComparerBinaryHash@D@234@@tl@5@AEBUSCMemShared@core@5@_N@Z 0000000140001530 f i umodsys_lib_libmedia:umodsys.mod.media.std.obj
 0001:00000720       ??_ERLibraryBinCache@std@media@modules@UModSys@@UEAAPEAXI@Z 0000000140001720 f i  CIL library: CIL module
 0001:00000720       ??_GRLibraryBinCache@std@media@modules@UModSys@@UEAAPEAXI@Z 0000000140001720 f i umodsys_lib_libmedia:umodsys.mod.media.std.obj
 0001:000007a0       ??_EIRoot@core@UModSys@@UEAAPEAXI@Z 00000001400017a0 f i  CIL library: CIL module
 0001:000007a0       ??_GIRoot@core@UModSys@@UEAAPEAXI@Z 00000001400017a0 f i umodsys_lib_libmedia:umodsys.mod.media.std.obj
 0001:000007d0       ?get_interface_info@RLibraryBinTree@std@media@modules@UModSys@@UEBAAEBUSUniquePointerInfo@core@5@XZ 00000001400017d0 f i umodsys_lib_libmedia:umodsys.mod.media.std.obj
 0001:000007e0       ?get_interface_type@RLibraryBinTree@std@media@modules@UModSys@@UEBAPEBUSUniquePointerInfo@core@5@XZ 00000001400017e0 f i umodsys_lib_libmedia:umodsys.mod.media.std.obj
 0001:000007f0       ?get_other_interface@RLibraryBinTree@std@media@modules@UModSys@@UEAAPEAUIRoot@core@5@PEBUSUniquePointerInfo@75@@Z 00000001400017f0 f i umodsys_lib_libmedia:umodsys.mod.media.std.obj
 0001:000007f0       ?get_other_interface@RLibraryBinTree@std@media@modules@UModSys@@UEBAPEBUIRoot@core@5@PEBUSUniquePointerInfo@75@@Z 00000001400017f0 f i umodsys_lib_libmedia:umodsys.mod.media.std.obj
 0001:00000830       ?is_interface_supported@RLibraryBinTree@std@media@modules@UModSys@@UEBA_NPEBUSUniquePointerInfo@core@5@@Z 0000000140001830 f i umodsys_lib_libmedia:umodsys.mod.media.std.obj
 0001:00000870       ??0RLibraryBinTree@std@media@modules@UModSys@@QEAA@PEAUIModObject@base@4@AEBUSParameters@core@4@U?$TFlags4State@USMediaFlagUid@libmedia@UModSys@@I@tl@4@@Z 0000000140001870 f i umodsys_lib_libmedia:umodsys.mod.media.std.obj
 0001:00000900       ?get_flag@RLibraryBinCache@std@media@modules@UModSys@@UEBA?AW4eStates@?$TFlags4State@USMediaFlagUid@libmedia@UModSys@@I@tl@5@H@Z 0000000140001900 f i umodsys_lib_libmedia:umodsys.mod.media.std.obj
 0001:00000900       ?get_flag@RLibraryObjCache@std@media@modules@UModSys@@UEBA?AW4eStates@?$TFlags4State@USMediaFlagUid@libmedia@UModSys@@I@tl@5@H@Z 0000000140001900 f i umodsys_lib_libmedia:umodsys.mod.media.std.obj
 0001:00000900       ?get_flag@RLibraryBinTree@std@media@modules@UModSys@@UEBA?AW4eStates@?$TFlags4State@USMediaFlagUid@libmedia@UModSys@@I@tl@5@H@Z 0000000140001900 f i umodsys_lib_libmedia:umodsys.mod.media.std.obj
 0001:00000900       ?get_flag@RLibraryObjFilter@std@media@modules@UModSys@@UEBA?AW4eStates@?$TFlags4State@USMediaFlagUid@libmedia@UModSys@@I@tl@5@H@Z 0000000140001900 f i umodsys_lib_libmedia:umodsys.mod.media.std.obj
 0001:00000910       ?get_flags_auto@RLibraryBinTree@std@media@modules@UModSys@@UEBA?AU?$TFlags4State@USMediaFlagUid@libmedia@UModSys@@I@tl@5@XZ 0000000140001910 f i umodsys_lib_libmedia:umodsys.mod.media.std.obj
 0001:00000920       ?bin_reader@RLibraryBinTree@std@media@modules@UModSys@@UEAA?AU?$TRefObject@UIStreamReader@libmedia@UModSys@@U?$TRefObjectFunc@UIStreamReader@libmedia@UModSys@@@tl@3@@tl@5@AEBU?$TString@U?$TSCoreConst@D@su@tl@UModSys@@U?$TComparerBinaryHash@D@234@@75@AEBUSFlags@libmedia@5@@Z 0000000140001920 f i umodsys_lib_libmedia:umodsys.mod.media.std.obj
 0001:00000ae0       ?bin_writer@RLibraryBinTree@std@media@modules@UModSys@@UEAA?AU?$TRefObject@UIStreamWriter@libmedia@UModSys@@U?$TRefObjectFunc@UIStreamWriter@libmedia@UModSys@@@tl@3@@tl@5@AEBU?$TString@U?$TSCoreConst@D@su@tl@UModSys@@U?$TComparerBinaryHash@D@234@@75@AEBUSFlags@libmedia@5@@Z 0000000140001ae0 f i umodsys_lib_libmedia:umodsys.mod.media.std.obj
 0001:00000ca0       ?bin_load@RLibraryBinTree@std@media@modules@UModSys@@UEAA_NAEBU?$TString@U?$TSCoreConst@D@su@tl@UModSys@@U?$TComparerBinaryHash@D@234@@tl@5@AEAUSCMemShared@core@5@AEBUSFlags@libmedia@5@@Z 0000000140001ca0 f i umodsys_lib_libmedia:umodsys.mod.media.std.obj
 0001:00000e40       ?bin_save@RLibraryBinTree@std@media@modules@UModSys@@UEAA_NAEBU?$TString@U?$TSCoreConst@D@su@tl@UModSys@@U?$TComparerBinaryHash@D@234@@tl@5@AEBUSCMem@core@5@AEBUSFlags@libmedia@5@@Z 0000000140001e40 f i umodsys_lib_libmedia:umodsys.mod.media.std.obj
 0001:00000fd0       ?mount_get@RLibraryBinTree@std@media@modules@UModSys@@UEBA?AUSPoint@ILibraryBinTree@libmedia@5@AEBUSId@785@@Z 0000000140001fd0 f i umodsys_lib_libmedia:umodsys.mod.media.std.obj
 0001:00001050       ?mount_add@RLibraryBinTree@std@media@modules@UModSys@@UEAA_NAEBUSId@ILibraryBinTree@libmedia@5@AEBUSPoint@785@@Z 0000000140002050 f i umodsys_lib_libmedia:umodsys.mod.media.std.obj
 0001:00001240       ?mount_remove@RLibraryBinTree@std@media@modules@UModSys@@UEAA_NAEBUSId@ILibraryBinTree@libmedia@5@@Z 0000000140002240 f i umodsys_lib_libmedia:umodsys.mod.media.std.obj
 0001:000012a0       ?mount_clear@RLibraryBinTree@std@media@modules@UModSys@@UEAA_NXZ 00000001400022a0 f i umodsys_lib_libmedia:umodsys.mod.media.std.obj
 0001:000012d0       ??_ERLibraryBinTree@std@media@modules@UModSys@@UEAAPEAXI@Z 00000001400022d0 f i  CIL library: CIL module
 0001:000012d0       ??_GRLibraryBinTree@std@media@modules@UModSys@@UEAAPEAXI@Z 00000001400022d0 f i umodsys_lib_libmedia:umodsys.mod.media.std.obj
 0001:00001350       ?get_interface_info@RLibraryLayered@std@media@modules@UModSys@@UEBAAEBUSUniquePointerInfo@core@5@XZ 0000000140002350 f i umodsys_lib_libmedia:umodsys.mod.media.std.obj
 0001:00001360       ?get_interface_type@RLibraryLayered@std@media@modules@UModSys@@UEBAPEBUSUniquePointerInfo@core@5@XZ 0000000140002360 f i umodsys_lib_libmedia:umodsys.mod.media.std.obj
 0001:00001370       ?get_other_interface@RLibraryLayered@std@media@modules@UModSys@@UEBAPEBUIRoot@core@5@PEBUSUniquePointerInfo@75@@Z 0000000140002370 f i umodsys_lib_libmedia:umodsys.mod.media.std.obj
 0001:00001370       ?get_other_interface@RLibraryLayered@std@media@modules@UModSys@@UEAAPEAUIRoot@core@5@PEBUSUniquePointerInfo@75@@Z 0000000140002370 f i umodsys_lib_libmedia:umodsys.mod.media.std.obj
 0001:000013b0       ?is_interface_supported@RLibraryLayered@std@media@modules@UModSys@@UEBA_NPEBUSUniquePointerInfo@core@5@@Z 00000001400023b0 f i umodsys_lib_libmedia:umodsys.mod.media.std.obj
 0001:000013f0       ??4SLayerX@RLibraryLayered@std@media@modules@UModSys@@QEAAXAEBUSLayer@ILibraryLayered@libmedia@5@@Z 00000001400023f0 f i umodsys_lib_libmedia:umodsys.mod.media.std.obj
 0001:000014a0       ??0RLibraryLayered@std@media@modules@UModSys@@QEAA@PEAUIModObject@base@4@AEBUSParameters@core@4@U?$TFlags4State@USMediaFlagUid@libmedia@UModSys@@I@tl@4@@Z 00000001400024a0 f i umodsys_lib_libmedia:umodsys.mod.media.std.obj
 0001:00001550       ?get_flag@RLibraryLayered@std@media@modules@UModSys@@UEBA?AW4eStates@?$TFlags4State@USMediaFlagUid@libmedia@UModSys@@I@tl@5@H@Z 0000000140002550 f i umodsys_lib_libmedia:umodsys.mod.media.std.obj
 0001:00001560       ?get_flags_auto@RLibraryLayered@std@media@modules@UModSys@@UEBA?AU?$TFlags4State@USMediaFlagUid@libmedia@UModSys@@I@tl@5@XZ 0000000140002560 f i umodsys_lib_libmedia:umodsys.mod.media.std.obj
 0001:00001570       ?set_flag@RLibraryLayered@std@media@modules@UModSys@@UEAA?AW4eStates@?$TFlags4State@USMediaFlagUid@libmedia@UModSys@@I@tl@5@HW46785@@Z 0000000140002570 f i umodsys_lib_libmedia:umodsys.mod.media.std.obj
 0001:000015a0       ?bin_reader@RLibraryLayered@std@media@modules@UModSys@@UEAA?AU?$TRefObject@UIStreamReader@libmedia@UModSys@@U?$TRefObjectFunc@UIStreamReader@libmedia@UModSys@@@tl@3@@tl@5@AEBU?$TString@U?$TSCoreConst@D@su@tl@UModSys@@U?$TComparerBinaryHash@D@234@@75@AEBUSFlags@libmedia@5@@Z 00000001400025a0 f i umodsys_lib_libmedia:umodsys.mod.media.std.obj
 0001:000016a0       ?bin_writer@RLibraryLayered@std@media@modules@UModSys@@UEAA?AU?$TRefObject@UIStreamWriter@libmedia@UModSys@@U?$TRefObjectFunc@UIStreamWriter@libmedia@UModSys@@@tl@3@@tl@5@AEBU?$TString@U?$TSCoreConst@D@su@tl@UModSys@@U?$TComparerBinaryHash@D@234@@75@AEBUSFlags@libmedia@5@@Z 00000001400026a0 f i umodsys_lib_libmedia:umodsys.mod.media.std.obj
 0001:000017a0       ?bin_load@RLibraryLayered@std@media@modules@UModSys@@UEAA_NAEBU?$TString@U?$TSCoreConst@D@su@tl@UModSys@@U?$TComparerBinaryHash@D@234@@tl@5@AEAUSCMemShared@core@5@AEBUSFlags@libmedia@5@@Z 00000001400027a0 f i umodsys_lib_libmedia:umodsys.mod.media.std.obj
 0001:00001970       ?bin_save@RLibraryLayered@std@media@modules@UModSys@@UEAA_NAEBU?$TString@U?$TSCoreConst@D@su@tl@UModSys@@U?$TComparerBinaryHash@D@234@@tl@5@AEBUSCMem@core@5@AEBUSFlags@libmedia@5@@Z 0000000140002970 f i umodsys_lib_libmedia:umodsys.mod.media.std.obj
 0001:00001b60       ?bin_info@RLibraryLayered@std@media@modules@UModSys@@UEAA_NAEBU?$TString@U?$TSCoreConst@D@su@tl@UModSys@@U?$TComparerBinaryHash@D@234@@tl@5@AEAUSFileInfo@libmedia@5@AEBUSFlags@95@@Z 0000000140002b60 f i umodsys_lib_libmedia:umodsys.mod.media.std.obj
 0001:00001c20       ?bin_info@RLibraryLayered@std@media@modules@UModSys@@UEAA_NAEBU?$TString@U?$TSCoreConst@D@su@tl@UModSys@@U?$TComparerBinaryHash@D@234@@tl@5@AEAU?$TIStackSocket@USFileInfo@libmedia@UModSys@@@75@AEBUSFlags@libmedia@5@@Z 0000000140002c20 f i umodsys_lib_libmedia:umodsys.mod.media.std.obj
 0001:00001cf0       ?bin_get@RLibraryLayered@std@media@modules@UModSys@@UEAA_NAEBU?$TString@U?$TSCoreConst@D@su@tl@UModSys@@U?$TComparerBinaryHash@D@234@@tl@5@AEAUSCMemShared@core@5@_N@Z 0000000140002cf0 f i umodsys_lib_libmedia:umodsys.mod.media.std.obj
 0001:00001d80       ?bin_put@RLibraryLayered@std@media@modules@UModSys@@UEAA_NAEBU?$TString@U?$TSCoreConst@D@su@tl@UModSys@@U?$TComparerBinaryHash@D@234@@tl@5@PEBUSCMemShared@core@5@@Z 0000000140002d80 f i umodsys_lib_libmedia:umodsys.mod.media.std.obj
 0001:00001e00       ?obj_fget@RLibraryLayered@std@media@modules@UModSys@@UEAA_NAEBUSInfo@IBinObjFilter@libmedia@5@AEAU?$TRefObject@UIRefObject@core@UModSys@@U?$TRefObjectFunc@UIRefObject@core@UModSys@@@tl@3@@tl@5@@Z 0000000140002e00 f i umodsys_lib_libmedia:umodsys.mod.media.std.obj
 0001:00001e80       ?obj_fload@RLibraryLayered@std@media@modules@UModSys@@UEAA_NAEBUSInfo@IBinObjFilter@libmedia@5@PEAUIRefObject@core@5@@Z 0000000140002e80 f i umodsys_lib_libmedia:umodsys.mod.media.std.obj
 0001:00001f00       ?obj_fsave@RLibraryLayered@std@media@modules@UModSys@@UEAA_NAEAUSInfo@IBinObjFilter@libmedia@5@PEBUIRefObject@core@5@@Z 0000000140002f00 f i umodsys_lib_libmedia:umodsys.mod.media.std.obj
 0001:00001f80       ?obj_cget@RLibraryLayered@std@media@modules@UModSys@@UEAA_NAEBU?$TString@U?$TSCoreConst@D@su@tl@UModSys@@U?$TComparerBinaryHash@D@234@@tl@5@AEAU?$TRefObject@UIRefObject@core@UModSys@@U?$TRefObjectFunc@UIRefObject@core@UModSys@@@tl@3@@75@_N@Z 0000000140002f80 f i umodsys_lib_libmedia:umodsys.mod.media.std.obj
 0001:00002010       ?obj_cput@RLibraryLayered@std@media@modules@UModSys@@UEAA_NAEBU?$TString@U?$TSCoreConst@D@su@tl@UModSys@@U?$TComparerBinaryHash@D@234@@tl@5@PEAUIRefObject@core@5@@Z 0000000140003010 f i umodsys_lib_libmedia:umodsys.mod.media.std.obj
 0001:00002090       ?obj_get@RLibraryLayered@std@media@modules@UModSys@@UEAA_NAEBU?$TString@U?$TSCoreConst@D@su@tl@UModSys@@U?$TComparerBinaryHash@D@234@@tl@5@AEAU?$TRefObject@UIRefObject@core@UModSys@@U?$TRefObjectFunc@UIRefObject@core@UModSys@@@tl@3@@75@AEBUSObjOptions@ILibrary@libmedia@5@@Z 0000000140003090 f i umodsys_lib_libmedia:umodsys.mod.media.std.obj
 0001:000024c0       ?obj_load@RLibraryLayered@std@media@modules@UModSys@@UEAA_NAEBU?$TString@U?$TSCoreConst@D@su@tl@UModSys@@U?$TComparerBinaryHash@D@234@@tl@5@PEAUIRefObject@core@5@AEBUSObjOptions@ILibrary@libmedia@5@@Z 00000001400034c0 f i umodsys_lib_libmedia:umodsys.mod.media.std.obj
 0001:00002670       ?obj_save@RLibraryLayered@std@media@modules@UModSys@@UEAA_NAEBU?$TString@U?$TSCoreConst@D@su@tl@UModSys@@U?$TComparerBinaryHash@D@234@@tl@5@PEBUIRefObject@core@5@AEBUSObjOptions@ILibrary@libmedia@5@@Z 0000000140003670 f i umodsys_lib_libmedia:umodsys.mod.media.std.obj
 0001:000028b0       ?layer_count@RLibraryLayered@std@media@modules@UModSys@@UEBA_KAEBUSLayer@ILibraryLayered@libmedia@5@@Z 00000001400038b0 f i umodsys_lib_libmedia:umodsys.mod.media.std.obj
 0001:000028c0       ?layer_get@RLibraryLayered@std@media@modules@UModSys@@UEBA?AUSLayer@ILibraryLayered@libmedia@5@_K@Z 00000001400038c0 f i umodsys_lib_libmedia:umodsys.mod.media.std.obj
 0001:00002930       ?layer_find@RLibraryLayered@std@media@modules@UModSys@@UEBA_KAEBU?$TString@U?$TSCoreConst@D@su@tl@UModSys@@U?$TComparerBinaryHash@D@234@@tl@5@_K@Z 0000000140003930 f i umodsys_lib_libmedia:umodsys.mod.media.std.obj
 0001:000029e0       ?layer_insert@RLibraryLayered@std@media@modules@UModSys@@UEAA_NAEBUSLayer@ILibraryLayered@libmedia@5@_K@Z 00000001400039e0 f i umodsys_lib_libmedia:umodsys.mod.media.std.obj
 0001:00002a50       ?layer_remove@RLibraryLayered@std@media@modules@UModSys@@UEAA_N_K@Z 0000000140003a50 f i umodsys_lib_libmedia:umodsys.mod.media.std.obj
 0001:00002a60       ?layer_clear@RLibraryLayered@std@media@modules@UModSys@@UEAA_NXZ 0000000140003a60 f i umodsys_lib_libmedia:umodsys.mod.media.std.obj
 0001:00002a70       ??_ERLibraryLayered@std@media@modules@UModSys@@UEAAPEAXI@Z 0000000140003a70 f i  CIL library: CIL module
 0001:00002a70       ??_GRLibraryLayered@std@media@modules@UModSys@@UEAAPEAXI@Z 0000000140003a70 f i umodsys_lib_libmedia:umodsys.mod.media.std.obj
 0001:00002ac0       ?get_interface_info@RLibraryObjCache@std@media@modules@UModSys@@UEBAAEBUSUniquePointerInfo@core@5@XZ 0000000140003ac0 f i umodsys_lib_libmedia:umodsys.mod.media.std.obj
 0001:00002ad0       ?get_interface_type@RLibraryObjCache@std@media@modules@UModSys@@UEBAPEBUSUniquePointerInfo@core@5@XZ 0000000140003ad0 f i umodsys_lib_libmedia:umodsys.mod.media.std.obj
 0001:00002ae0       ?get_other_interface@RLibraryObjCache@std@media@modules@UModSys@@UEBAPEBUIRoot@core@5@PEBUSUniquePointerInfo@75@@Z 0000000140003ae0 f i umodsys_lib_libmedia:umodsys.mod.media.std.obj
 0001:00002ae0       ?get_other_interface@RLibraryObjCache@std@media@modules@UModSys@@UEAAPEAUIRoot@core@5@PEBUSUniquePointerInfo@75@@Z 0000000140003ae0 f i umodsys_lib_libmedia:umodsys.mod.media.std.obj
 0001:00002b20       ?is_interface_supported@RLibraryObjCache@std@media@modules@UModSys@@UEBA_NPEBUSUniquePointerInfo@core@5@@Z 0000000140003b20 f i umodsys_lib_libmedia:umodsys.mod.media.std.obj
 0001:00002b60       ?ref_remove@RLibraryObjCache@std@media@modules@UModSys@@UEBAXXZ 0000000140003b60 f i umodsys_lib_libmedia:umodsys.mod.media.std.obj
 0001:00002b60       ?ref_remove@RLibraryLayered@std@media@modules@UModSys@@UEBAXXZ 0000000140003b60 f i umodsys_lib_libmedia:umodsys.mod.media.std.obj
 0001:00002b60       ?ref_remove@RDataArchiver_OsDir@stdio@media@modules@UModSys@@UEBAXXZ 0000000140003b60 f i umodsys_lib_libmedia:umodsys.mod.media.stdio.obj
 0001:00002b60       ?ref_remove@RLibraryObjFilter@std@media@modules@UModSys@@UEBAXXZ 0000000140003b60 f i umodsys_lib_libmedia:umodsys.mod.media.std.obj
 0001:00002b60       ?ref_remove@RLibraryBinCache@std@media@modules@UModSys@@UEBAXXZ 0000000140003b60 f i umodsys_lib_libmedia:umodsys.mod.media.std.obj
 0001:00002b60       ?ref_remove@RLibraryBinTree@std@media@modules@UModSys@@UEBAXXZ 0000000140003b60 f i umodsys_lib_libmedia:umodsys.mod.media.std.obj
 0001:00002b80       ??0RLibraryObjCache@std@media@modules@UModSys@@QEAA@PEAUIModObject@base@4@AEBUSParameters@core@4@U?$TFlags4State@USMediaFlagUid@libmedia@UModSys@@I@tl@4@@Z 0000000140003b80 f i umodsys_lib_libmedia:umodsys.mod.media.std.obj
 0001:00002c10       ?get_flags_auto@RLibraryObjCache@std@media@modules@UModSys@@UEBA?AU?$TFlags4State@USMediaFlagUid@libmedia@UModSys@@I@tl@5@XZ 0000000140003c10 f i umodsys_lib_libmedia:umodsys.mod.media.std.obj
 0001:00002c20       ?bin_reader@RLibraryObjFilter@std@media@modules@UModSys@@UEAA?AU?$TRefObject@UIStreamReader@libmedia@UModSys@@U?$TRefObjectFunc@UIStreamReader@libmedia@UModSys@@@tl@3@@tl@5@AEBU?$TString@U?$TSCoreConst@D@su@tl@UModSys@@U?$TComparerBinaryHash@D@234@@75@AEBUSFlags@libmedia@5@@Z 0000000140003c20 f i umodsys_lib_libmedia:umodsys.mod.media.std.obj
 0001:00002c20       ?bin_reader@RLibraryObjCache@std@media@modules@UModSys@@UEAA?AU?$TRefObject@UIStreamReader@libmedia@UModSys@@U?$TRefObjectFunc@UIStreamReader@libmedia@UModSys@@@tl@3@@tl@5@AEBU?$TString@U?$TSCoreConst@D@su@tl@UModSys@@U?$TComparerBinaryHash@D@234@@75@AEBUSFlags@libmedia@5@@Z 0000000140003c20 f i umodsys_lib_libmedia:umodsys.mod.media.std.obj
 0001:00002c20       ?bin_reader@RLibraryBinCache@std@media@modules@UModSys@@UEAA?AU?$TRefObject@UIStreamReader@libmedia@UModSys@@U?$TRefObjectFunc@UIStreamReader@libmedia@UModSys@@@tl@3@@tl@5@AEBU?$TString@U?$TSCoreConst@D@su@tl@UModSys@@U?$TComparerBinaryHash@D@234@@75@AEBUSFlags@libmedia@5@@Z 0000000140003c20 f i umodsys_lib_libmedia:umodsys.mod.media.std.obj
 0001:00002c20       ?bin_writer@RLibraryBinCache@std@media@modules@UModSys@@UEAA?AU?$TRefObject@UIStreamWriter@libmedia@UModSys@@U?$TRefObjectFunc@UIStreamWriter@libmedia@UModSys@@@tl@3@@tl@5@AEBU?$TString@U?$TSCoreConst@D@su@tl@UModSys@@U?$TComparerBinaryHash@D@234@@75@AEBUSFlags@libmedia@5@@Z 0000000140003c20 f i umodsys_lib_libmedia:umodsys.mod.media.std.obj
 0001:00002c20       ?bin_writer@RLibraryObjFilter@std@media@modules@UModSys@@UEAA?AU?$TRefObject@UIStreamWriter@libmedia@UModSys@@U?$TRefObjectFunc@UIStreamWriter@libmedia@UModSys@@@tl@3@@tl@5@AEBU?$TString@U?$TSCoreConst@D@su@tl@UModSys@@U?$TComparerBinaryHash@D@234@@75@AEBUSFlags@libmedia@5@@Z 0000000140003c20 f i umodsys_lib_libmedia:umodsys.mod.media.std.obj
 0001:00002c20       ?bin_writer@RLibraryObjCache@std@media@modules@UModSys@@UEAA?AU?$TRefObject@UIStreamWriter@libmedia@UModSys@@U?$TRefObjectFunc@UIStreamWriter@libmedia@UModSys@@@tl@3@@tl@5@AEBU?$TString@U?$TSCoreConst@D@su@tl@UModSys@@U?$TComparerBinaryHash@D@234@@75@AEBUSFlags@libmedia@5@@Z 0000000140003c20 f i umodsys_lib_libmedia:umodsys.mod.media.std.obj
 0001:00002c30       ?obj_cput@RLibraryObjCache@std@media@modules@UModSys@@UEAA_NAEBU?$TString@U?$TSCoreConst@D@su@tl@UModSys@@U?$TComparerBinaryHash@D@234@@tl@5@PEAUIRefObject@core@5@@Z 0000000140003c30 f i umodsys_lib_libmedia:umodsys.mod.media.std.obj
 0001:00002c40       ?obj_get@RLibraryObjCache@std@media@modules@UModSys@@UEAA_NAEBU?$TString@U?$TSCoreConst@D@su@tl@UModSys@@U?$TComparerBinaryHash@D@234@@tl@5@AEAU?$TRefObject@UIRefObject@core@UModSys@@U?$TRefObjectFunc@UIRefObject@core@UModSys@@@tl@3@@75@AEBUSObjOptions@ILibrary@libmedia@5@@Z 0000000140003c40 f i umodsys_lib_libmedia:umodsys.mod.media.std.obj
 0001:00002db0       ?objcache_get@RLibraryObjCache@std@media@modules@UModSys@@UEBA_NAEBU?$TString@U?$TSCoreConst@D@su@tl@UModSys@@U?$TComparerBinaryHash@D@234@@tl@5@PEAU?$TRefObject@UIRefObject@core@UModSys@@U?$TRefObjectFunc@UIRefObject@core@UModSys@@@tl@3@@75@PEA_N@Z 0000000140003db0 f i umodsys_lib_libmedia:umodsys.mod.media.std.obj
 0001:00002e60       ?objcache_add@RLibraryObjCache@std@media@modules@UModSys@@UEAA_NAEBU?$TString@U?$TSCoreConst@D@su@tl@UModSys@@U?$TComparerBinaryHash@D@234@@tl@5@PEAUIRefObject@core@5@@Z 0000000140003e60 f i umodsys_lib_libmedia:umodsys.mod.media.std.obj
 0001:00003050       ?objcache_remove@RLibraryObjCache@std@media@modules@UModSys@@UEAA_NAEBU?$TString@U?$TSCoreConst@D@su@tl@UModSys@@U?$TComparerBinaryHash@D@234@@tl@5@@Z 0000000140004050 f i umodsys_lib_libmedia:umodsys.mod.media.std.obj
 0001:000030b0       ?objcache_clear@RLibraryObjCache@std@media@modules@UModSys@@UEAA_NXZ 00000001400040b0 f i umodsys_lib_libmedia:umodsys.mod.media.std.obj
 0001:000030e0       ??_ERLibraryObjCache@std@media@modules@UModSys@@UEAAPEAXI@Z 00000001400040e0 f i  CIL library: CIL module
 0001:000030e0       ??_GRLibraryObjCache@std@media@modules@UModSys@@UEAAPEAXI@Z 00000001400040e0 f i umodsys_lib_libmedia:umodsys.mod.media.std.obj
 0001:00003160       ?get_interface_info@RLibraryObjFilter@std@media@modules@UModSys@@UEBAAEBUSUniquePointerInfo@core@5@XZ 0000000140004160 f i umodsys_lib_libmedia:umodsys.mod.media.std.obj
 0001:00003170       ?get_interface_type@RLibraryObjFilter@std@media@modules@UModSys@@UEBAPEBUSUniquePointerInfo@core@5@XZ 0000000140004170 f i umodsys_lib_libmedia:umodsys.mod.media.std.obj
 0001:00003180       ?get_other_interface@RLibraryObjFilter@std@media@modules@UModSys@@UEAAPEAUIRoot@core@5@PEBUSUniquePointerInfo@75@@Z 0000000140004180 f i umodsys_lib_libmedia:umodsys.mod.media.std.obj
 0001:00003180       ?get_other_interface@RLibraryObjFilter@std@media@modules@UModSys@@UEBAPEBUIRoot@core@5@PEBUSUniquePointerInfo@75@@Z 0000000140004180 f i umodsys_lib_libmedia:umodsys.mod.media.std.obj
 0001:000031c0       ?is_interface_supported@RLibraryObjFilter@std@media@modules@UModSys@@UEBA_NPEBUSUniquePointerInfo@core@5@@Z 00000001400041c0 f i umodsys_lib_libmedia:umodsys.mod.media.std.obj
 0001:00003200       ?ref_weak@RLibraryBinTree@std@media@modules@UModSys@@UEBA_NAEAUWeakPointer@IRefObject@core@5@@Z 0000000140004200 f i umodsys_lib_libmedia:umodsys.mod.media.std.obj
 0001:00003200       ?ref_weak@RLibraryBinCache@std@media@modules@UModSys@@UEBA_NAEAUWeakPointer@IRefObject@core@5@@Z 0000000140004200 f i umodsys_lib_libmedia:umodsys.mod.media.std.obj
 0001:00003200       ?ref_weak@RLibraryLayered@std@media@modules@UModSys@@UEBA_NAEAUWeakPointer@IRefObject@core@5@@Z 0000000140004200 f i umodsys_lib_libmedia:umodsys.mod.media.std.obj
 0001:00003200       ?ref_weak@RDataArchiver_OsDir@stdio@media@modules@UModSys@@UEBA_NAEAUWeakPointer@IRefObject@core@5@@Z 0000000140004200 f i umodsys_lib_libmedia:umodsys.mod.media.stdio.obj
 0001:00003200       ?ref_weak@RLibraryObjFilter@std@media@modules@UModSys@@UEBA_NAEAUWeakPointer@IRefObject@core@5@@Z 0000000140004200 f i umodsys_lib_libmedia:umodsys.mod.media.std.obj
 0001:00003200       ?ref_weak@RLibraryObjCache@std@media@modules@UModSys@@UEBA_NAEAUWeakPointer@IRefObject@core@5@@Z 0000000140004200 f i umodsys_lib_libmedia:umodsys.mod.media.std.obj
 0001:00003220       ??0RLibraryObjFilter@std@media@modules@UModSys@@QEAA@PEAUIModObject@base@4@AEBUSParameters@core@4@U?$TFlags4State@USMediaFlagUid@libmedia@UModSys@@I@tl@4@@Z 0000000140004220 f i umodsys_lib_libmedia:umodsys.mod.media.std.obj
 0001:000032b0       ?get_flags_auto@RLibraryObjFilter@std@media@modules@UModSys@@UEBA?AU?$TFlags4State@USMediaFlagUid@libmedia@UModSys@@I@tl@5@XZ 00000001400042b0 f i umodsys_lib_libmedia:umodsys.mod.media.std.obj
 0001:000032c0       ?set_flag@RLibraryBinCache@std@media@modules@UModSys@@UEAA?AW4eStates@?$TFlags4State@USMediaFlagUid@libmedia@UModSys@@I@tl@5@HW46785@@Z 00000001400042c0 f i umodsys_lib_libmedia:umodsys.mod.media.std.obj
 0001:000032c0       ?set_flag@RLibraryObjFilter@std@media@modules@UModSys@@UEAA?AW4eStates@?$TFlags4State@USMediaFlagUid@libmedia@UModSys@@I@tl@5@HW46785@@Z 00000001400042c0 f i umodsys_lib_libmedia:umodsys.mod.media.std.obj
 0001:000032c0       ?set_flag@RLibraryBinTree@std@media@modules@UModSys@@UEAA?AW4eStates@?$TFlags4State@USMediaFlagUid@libmedia@UModSys@@I@tl@5@HW46785@@Z 00000001400042c0 f i umodsys_lib_libmedia:umodsys.mod.media.std.obj
 0001:000032c0       ?set_flag@RLibraryObjCache@std@media@modules@UModSys@@UEAA?AW4eStates@?$TFlags4State@USMediaFlagUid@libmedia@UModSys@@I@tl@5@HW46785@@Z 00000001400042c0 f i umodsys_lib_libmedia:umodsys.mod.media.std.obj
 0001:000032f0       ?obj_fget@RLibraryObjFilter@std@media@modules@UModSys@@UEAA_NAEBUSInfo@IBinObjFilter@libmedia@5@AEAU?$TRefObject@UIRefObject@core@UModSys@@U?$TRefObjectFunc@UIRefObject@core@UModSys@@@tl@3@@tl@5@@Z 00000001400042f0 f i umodsys_lib_libmedia:umodsys.mod.media.std.obj
 0001:00003300       ?obj_fload@RLibraryObjFilter@std@media@modules@UModSys@@UEAA_NAEBUSInfo@IBinObjFilter@libmedia@5@PEAUIRefObject@core@5@@Z 0000000140004300 f i umodsys_lib_libmedia:umodsys.mod.media.std.obj
 0001:00003310       ?obj_fsave@RLibraryObjFilter@std@media@modules@UModSys@@UEAA_NAEAUSInfo@IBinObjFilter@libmedia@5@PEBUIRefObject@core@5@@Z 0000000140004310 f i umodsys_lib_libmedia:umodsys.mod.media.std.obj
 0001:00003320       ?filters_add@RLibraryObjFilter@std@media@modules@UModSys@@UEAA_NU?$TRefObject@UIBinObjFilter@libmedia@UModSys@@U?$TRefObjectFunc@UIBinObjFilter@libmedia@UModSys@@@tl@3@@tl@5@PEBUSParameters@core@5@H@Z 0000000140004320 f i umodsys_lib_libmedia:umodsys.mod.media.std.obj
 0001:00003450       ?filters_remove@RLibraryObjFilter@std@media@modules@UModSys@@UEAA_NPEAUIBinObjFilter@libmedia@5@H@Z 0000000140004450 f i umodsys_lib_libmedia:umodsys.mod.media.std.obj
 0001:00003500       ?filters_clear@RLibraryObjFilter@std@media@modules@UModSys@@UEAA_NXZ 0000000140004500 f i umodsys_lib_libmedia:umodsys.mod.media.std.obj
 0001:00003530       ?filters_load@RLibraryObjFilter@std@media@modules@UModSys@@UEAA_NAEBUSInfo@IBinObjFilter@libmedia@5@AEAU?$TRefObject@UIRefObject@core@UModSys@@U?$TRefObjectFunc@UIRefObject@core@UModSys@@@tl@3@@tl@5@@Z 0000000140004530 f i umodsys_lib_libmedia:umodsys.mod.media.std.obj
 0001:000035f0       ?filters_load@RLibraryObjFilter@std@media@modules@UModSys@@UEAA_NAEBUSInfo@IBinObjFilter@libmedia@5@PEAUIRefObject@core@5@@Z 00000001400045f0 f i umodsys_lib_libmedia:umodsys.mod.media.std.obj
 0001:000036b0       ?filters_save@RLibraryObjFilter@std@media@modules@UModSys@@UEAA_NAEAUSInfo@IBinObjFilter@libmedia@5@PEBUIRefObject@core@5@@Z 00000001400046b0 f i umodsys_lib_libmedia:umodsys.mod.media.std.obj
 0001:00003770       ??_GRLibraryObjFilter@std@media@modules@UModSys@@UEAAPEAXI@Z 0000000140004770 f i umodsys_lib_libmedia:umodsys.mod.media.std.obj
 0001:00003770       ??_ERLibraryObjFilter@std@media@modules@UModSys@@UEAAPEAXI@Z 0000000140004770 f i  CIL library: CIL module
 0001:000037f0       ?get_generated_names@RGenerator@std@media@modules@UModSys@@UEBAHAEAUSUniquePtrList@core@5@@Z 00000001400047f0 f i umodsys_lib_libmedia:umodsys.mod.media.std.obj
 0001:00003850       ?get_generated_types@RGenerator@std@media@modules@UModSys@@UEBAHAEAUSUniquePtrList@core@5@PEBUSUniquePointerInfo@75@@Z 0000000140004850 f i umodsys_lib_libmedia:umodsys.mod.media.std.obj
 0001:00003940       ?generate@RGenerator@std@media@modules@UModSys@@UEAA_NAEAU?$TRefObject@UIRefObject@core@UModSys@@U?$TRefObjectFunc@UIRefObject@core@UModSys@@@tl@3@@tl@5@PEBUSUniquePointerInfo@core@5@AEBUSParameters@95@@Z 0000000140004940 f i umodsys_lib_libmedia:umodsys.mod.media.std.obj
 0001:00003b20       ?get_interface_info@RGenerator@std@media@modules@UModSys@@UEBAAEBUSUniquePointerInfo@core@5@XZ 0000000140004b20 f i umodsys_lib_libmedia:umodsys.mod.media.std.obj
 0001:00003b30       ?get_interface_type@RGenerator@std@media@modules@UModSys@@UEBAPEBUSUniquePointerInfo@core@5@XZ 0000000140004b30 f i umodsys_lib_libmedia:umodsys.mod.media.std.obj
 0001:00003b40       ?get_other_interface@RGenerator@std@media@modules@UModSys@@UEAAPEAUIRoot@core@5@PEBUSUniquePointerInfo@75@@Z 0000000140004b40 f i umodsys_lib_libmedia:umodsys.mod.media.std.obj
 0001:00003b40       ?get_other_interface@RGenerator@std@media@modules@UModSys@@UEBAPEBUIRoot@core@5@PEBUSUniquePointerInfo@75@@Z 0000000140004b40 f i umodsys_lib_libmedia:umodsys.mod.media.std.obj
 0001:00003b80       ?is_interface_supported@RGenerator@std@media@modules@UModSys@@UEBA_NPEBUSUniquePointerInfo@core@5@@Z 0000000140004b80 f i umodsys_lib_libmedia:umodsys.mod.media.std.obj
 0001:00003bc0       ?ref_add@RStreamReader_FILE@stdio@media@modules@UModSys@@UEBAXXZ 0000000140004bc0 f i umodsys_lib_libmedia:umodsys.mod.media.stdio.obj
 0001:00003bc0       ?ref_add@RGenerator@std@media@modules@UModSys@@UEBAXXZ 0000000140004bc0 f i umodsys_lib_libmedia:umodsys.mod.media.std.obj
 0001:00003bc0       ?ref_add@RGenerator@stdio@media@modules@UModSys@@UEBAXXZ 0000000140004bc0 f i umodsys_lib_libmedia:umodsys.mod.media.stdio.obj
 0001:00003bc0       ?ref_add@RStreamWriter_FILE@stdio@media@modules@UModSys@@UEBAXXZ 0000000140004bc0 f i umodsys_lib_libmedia:umodsys.mod.media.stdio.obj
 0001:00003bd0       ?ref_weak@RGenerator@stdio@media@modules@UModSys@@UEBA_NAEAUWeakPointer@IRefObject@core@5@@Z 0000000140004bd0 f i umodsys_lib_libmedia:umodsys.mod.media.stdio.obj
 0001:00003bd0       ?ref_weak@RStreamReader_FILE@stdio@media@modules@UModSys@@UEBA_NAEAUWeakPointer@IRefObject@core@5@@Z 0000000140004bd0 f i umodsys_lib_libmedia:umodsys.mod.media.stdio.obj
 0001:00003bd0       ?ref_weak@RGenerator@std@media@modules@UModSys@@UEBA_NAEAUWeakPointer@IRefObject@core@5@@Z 0000000140004bd0 f i umodsys_lib_libmedia:umodsys.mod.media.std.obj
 0001:00003bd0       ?ref_weak@RStreamWriter_FILE@stdio@media@modules@UModSys@@UEBA_NAEAUWeakPointer@IRefObject@core@5@@Z 0000000140004bd0 f i umodsys_lib_libmedia:umodsys.mod.media.stdio.obj
 0001:00003bf0       ?get_uid@RGenerator@std@media@modules@UModSys@@UEBAPEBUSUniquePointerInfo@core@5@XZ 0000000140004bf0 f i umodsys_lib_libmedia:umodsys.mod.media.std.obj
 0001:00003c00       ?do_open@RModuleReg@std@media@modules@UModSys@@UEAA_NXZ 0000000140004c00 f i umodsys_lib_libmedia:umodsys.mod.media.std.obj
 0001:00003c10       ?do_close@RModuleReg@std@media@modules@UModSys@@UEAA_NXZ 0000000140004c10 f i umodsys_lib_libmedia:umodsys.mod.media.std.obj
 0001:00003c20       ??_GRModuleReg@std@media@modules@UModSys@@UEAAPEAXI@Z 0000000140004c20 f i umodsys_lib_libmedia:umodsys.mod.media.std.obj
 0001:00003c20       ??_ERModuleReg@std@media@modules@UModSys@@UEAAPEAXI@Z 0000000140004c20 f i  CIL library: CIL module
 0001:00003c50       ??4?$TString@U?$TSCoreConst@D@su@tl@UModSys@@U?$TComparerBinaryHash@D@234@@tl@UModSys@@QEAAAEBU012@PEBD@Z 0000000140004c50 f i umodsys_lib_libmedia:umodsys.mod.media.std.obj
 0001:00003ca0       ??1?$TDynarray@U?$TDynarrayHolderDynamic@USLayerX@RLibraryLayered@std@media@modules@UModSys@@U?$TAllocator@USIMemAlloc@core@UModSys@@USCountCalcPower2@23@@tl@6@@tl@UModSys@@@tl@UModSys@@QEAA@XZ 0000000140004ca0 f i umodsys_lib_libmedia:umodsys.mod.media.std.obj
 0001:00003d10       ?remove_node@?$TTreeHoldRB@U?$TScatterArrayNode@USCacheElem@RLibraryBinCache@std@media@modules@UModSys@@U?$TString@U?$TSCoreConst@D@su@tl@UModSys@@U?$TComparerBinaryHash@D@234@@tl@6@@tl@UModSys@@@tl@UModSys@@QEAAXPEAU?$TScatterArrayNode@USCacheElem@RLibraryBinCache@std@media@modules@UModSys@@U?$TString@U?$TSCoreConst@D@su@tl@UModSys@@U?$TComparerBinaryHash@D@234@@tl@6@@23@@Z 0000000140004d10 f i umodsys_lib_libmedia:umodsys.mod.media.std.obj
 0001:00003d10       ?remove_node@?$TTreeHoldRB@U?$TScatterArrayNode@USMountInfo@RLibraryBinTree@std@media@modules@UModSys@@USId@ILibraryBinTree@libmedia@6@@tl@UModSys@@@tl@UModSys@@QEAAXPEAU?$TScatterArrayNode@USMountInfo@RLibraryBinTree@std@media@modules@UModSys@@USId@ILibraryBinTree@libmedia@6@@23@@Z 0000000140004d10 f i umodsys_lib_libmedia:umodsys.mod.media.std.obj
 0001:00003d10       ?remove_node@?$TTreeHoldRB@U?$TScatterArrayNode@USCacheElem@RLibraryObjCache@std@media@modules@UModSys@@U?$TString@U?$TSCoreConst@D@su@tl@UModSys@@U?$TComparerBinaryHash@D@234@@tl@6@@tl@UModSys@@@tl@UModSys@@QEAAXPEAU?$TScatterArrayNode@USCacheElem@RLibraryObjCache@std@media@modules@UModSys@@U?$TString@U?$TSCoreConst@D@su@tl@UModSys@@U?$TComparerBinaryHash@D@234@@tl@6@@23@@Z 0000000140004d10 f i umodsys_lib_libmedia:umodsys.mod.media.std.obj
 0001:00003d10       ?remove_node@?$TTreeHoldRB@U?$TScatterArrayNode@USFilter@RLibraryObjFilter@std@media@modules@UModSys@@USId@23456@@tl@UModSys@@@tl@UModSys@@QEAAXPEAU?$TScatterArrayNode@USFilter@RLibraryObjFilter@std@media@modules@UModSys@@USId@23456@@23@@Z 0000000140004d10 f i umodsys_lib_libmedia:umodsys.mod.media.std.obj
 0001:00003e30       ??1?$TPair@U?$TString@U?$TSCoreConst@D@su@tl@UModSys@@U?$TComparerBinaryHash@D@234@@tl@UModSys@@USCacheElem@RLibraryBinCache@std@media@modules@3@@tl@UModSys@@QEAA@XZ 0000000140004e30 f i umodsys_lib_libmedia:umodsys.mod.media.std.obj
 0001:00003e40       ??1?$TPair@USId@ILibraryBinTree@libmedia@UModSys@@USMountInfo@RLibraryBinTree@std@media@modules@4@@tl@UModSys@@QEAA@XZ 0000000140004e40 f i umodsys_lib_libmedia:umodsys.mod.media.std.obj
 0001:00003e50       ??1?$TPair@U?$TString@U?$TSCoreConst@D@su@tl@UModSys@@U?$TComparerBinaryHash@D@234@@tl@UModSys@@USCacheElem@RLibraryObjCache@std@media@modules@3@@tl@UModSys@@QEAA@XZ 0000000140004e50 f i umodsys_lib_libmedia:umodsys.mod.media.std.obj
 0001:00003e60       ??1?$TPair@USId@RLibraryObjFilter@std@media@modules@UModSys@@USFilter@23456@@tl@UModSys@@QEAA@XZ 0000000140004e60 f i umodsys_lib_libmedia:umodsys.mod.media.std.obj
 0001:00003e90       ??1SCacheElem@RLibraryBinCache@std@media@modules@UModSys@@QEAA@XZ 0000000140004e90 f i umodsys_lib_libmedia:umodsys.mod.media.std.obj
 0001:00003f00       ??1SMountInfo@RLibraryBinTree@std@media@modules@UModSys@@QEAA@XZ 0000000140004f00 f i umodsys_lib_libmedia:umodsys.mod.media.std.obj
 0001:00003f80       ??1SCacheElem@RLibraryObjCache@std@media@modules@UModSys@@QEAA@XZ 0000000140004f80 f i umodsys_lib_libmedia:umodsys.mod.media.std.obj
 0001:00004000       ?info_new@?$TSCoreShared@USIMemAlloc@core@UModSys@@D@su@tl@UModSys@@QEAA_NPEBD_K@Z 0000000140005000 f i umodsys_lib_libmedia:umodsys.mod.media.std.obj
 0001:000040c0       ?ResizeRel@?$TDynarray@U?$TDynarrayHolderDynamic@USLayerX@RLibraryLayered@std@media@modules@UModSys@@U?$TAllocator@USIMemAlloc@core@UModSys@@USCountCalcPower2@23@@tl@6@@tl@UModSys@@@tl@UModSys@@QEAA_N_J@Z 00000001400050c0 f i umodsys_lib_libmedia:umodsys.mod.media.std.obj
 0001:00004160       ?RemoveAt@?$TDynarray@U?$TDynarrayHolderDynamic@USLayerX@RLibraryLayered@std@media@modules@UModSys@@U?$TAllocator@USIMemAlloc@core@UModSys@@USCountCalcPower2@23@@tl@6@@tl@UModSys@@@tl@UModSys@@QEAA_N_K0@Z 0000000140005160 f i umodsys_lib_libmedia:umodsys.mod.media.std.obj
 0001:000041e0       ?InsertAt@?$TDynarray@U?$TDynarrayHolderDynamic@USLayerX@RLibraryLayered@std@media@modules@UModSys@@U?$TAllocator@USIMemAlloc@core@UModSys@@USCountCalcPower2@23@@tl@6@@tl@UModSys@@@tl@UModSys@@QEAA_N_K0@Z 00000001400051e0 f i umodsys_lib_libmedia:umodsys.mod.media.std.obj
 0001:00004270       ?s_set@?$TRefObjectFunc@UIRefObject@core@UModSys@@@tl@UModSys@@SAXAEAPEAUIRefObject@core@3@PEAU453@@Z 0000000140005270 f i umodsys_lib_libmedia:umodsys.mod.media.std.obj
 0001:000042b0       ?remove_color@?$TTreeHoldRB@U?$TScatterArrayNode@USCacheElem@RLibraryBinCache@std@media@modules@UModSys@@U?$TString@U?$TSCoreConst@D@su@tl@UModSys@@U?$TComparerBinaryHash@D@234@@tl@6@@tl@UModSys@@@tl@UModSys@@IEAAXPEAU?$TScatterArrayNode@USCacheElem@RLibraryBinCache@std@media@modules@UModSys@@U?$TString@U?$TSCoreConst@D@su@tl@UModSys@@U?$TComparerBinaryHash@D@234@@tl@6@@23@0@Z 00000001400052b0 f i umodsys_lib_libmedia:umodsys.mod.media.std.obj
 0001:000042b0       ?remove_color@?$TTreeHoldRB@U?$TScatterArrayNode@USFilter@RLibraryObjFilter@std@media@modules@UModSys@@USId@23456@@tl@UModSys@@@tl@UModSys@@IEAAXPEAU?$TScatterArrayNode@USFilter@RLibraryObjFilter@std@media@modules@UModSys@@USId@23456@@23@0@Z 00000001400052b0 f i umodsys_lib_libmedia:umodsys.mod.media.std.obj
 0001:000042b0       ?remove_color@?$TTreeHoldRB@U?$TScatterArrayNode@USMountInfo@RLibraryBinTree@std@media@modules@UModSys@@USId@ILibraryBinTree@libmedia@6@@tl@UModSys@@@tl@UModSys@@IEAAXPEAU?$TScatterArrayNode@USMountInfo@RLibraryBinTree@std@media@modules@UModSys@@USId@ILibraryBinTree@libmedia@6@@23@0@Z 00000001400052b0 f i umodsys_lib_libmedia:umodsys.mod.media.std.obj
 0001:000042b0       ?remove_color@?$TTreeHoldRB@U?$TScatterArrayNode@USCacheElem@RLibraryObjCache@std@media@modules@UModSys@@U?$TString@U?$TSCoreConst@D@su@tl@UModSys@@U?$TComparerBinaryHash@D@234@@tl@6@@tl@UModSys@@@tl@UModSys@@IEAAXPEAU?$TScatterArrayNode@USCacheElem@RLibraryObjCache@std@media@modules@UModSys@@U?$TString@U?$TSCoreConst@D@su@tl@UModSys@@U?$TComparerBinaryHash@D@234@@tl@6@@23@0@Z 00000001400052b0 f i umodsys_lib_libmedia:umodsys.mod.media.std.obj
 0001:00004570       ??$genx_node@UCmp@?$TScatterArray@USCacheElem@RLibraryBinCache@std@media@modules@UModSys@@U?$TString@U?$TSCoreConst@D@su@tl@UModSys@@U?$TComparerBinaryHash@D@234@@tl@6@U?$TObjectCompare@U?$TString@U?$TSCoreConst@D@su@tl@UModSys@@U?$TComparerBinaryHash@D@234@@tl@UModSys@@@core@6@U?$TNodeDeleter0@U?$TScatterArrayNode@USCacheElem@RLibraryBinCache@std@media@modules@UModSys@@U?$TString@U?$TSCoreConst@D@su@tl@UModSys@@U?$TComparerBinaryHash@D@234@@tl@6@@tl@UModSys@@@86@@tl@UModSys@@UGen0@234@@?$TTreeHoldRBD@U?$TScatterArrayNode@USCacheElem@RLibraryBinCache@std@media@modules@UModSys@@U?$TString@U?$TSCoreConst@D@su@tl@UModSys@@U?$TComparerBinaryHash@D@234@@tl@6@@tl@UModSys@@U?$TNodeDeleter0@U?$TScatterArrayNode@USCacheElem@RLibraryBinCache@std@media@modules@UModSys@@U?$TString@U?$TSCoreConst@D@su@tl@UModSys@@U?$TComparerBinaryHash@D@234@@tl@6@@tl@UModSys@@@23@@tl@UModSys@@QEAAPEAU?$TScatterArrayNode@USCacheElem@RLibraryBinCache@std@media@modules@UModSys@@U?$TString@U?$TSCoreConst@D@su@tl@UModSys@@U?$TComparerBinaryHash@D@234@@tl@6@@12@UCmp@?$TScatterArray@USCacheElem@RLibraryBinCache@std@media@modules@UModSys@@U?$TString@U?$TSCoreConst@D@su@tl@UModSys@@U?$TComparerBinaryHash@D@234@@tl@6@U?$TObjectCompare@U?$TString@U?$TSCoreConst@D@su@tl@UModSys@@U?$TComparerBinaryHash@D@234@@tl@UModSys@@@core@6@U?$TNodeDeleter0@U?$TScatterArrayNode@USCacheElem@RLibraryBinCache@std@media@modules@UModSys@@U?$TString@U?$TSCoreConst@D@su@tl@UModSys@@U?$TComparerBinaryHash@D@234@@tl@6@@tl@UModSys@@@86@@12@AEBUGen0@512@PEAPEAU312@2_N@Z 0000000140005570 f i umodsys_lib_libmedia:umodsys.mod.media.std.obj
 0001:000046f0       ??$find_node_u@UCmp@?$TScatterArray@USCacheElem@RLibraryObjCache@std@media@modules@UModSys@@U?$TString@U?$TSCoreConst@D@su@tl@UModSys@@U?$TComparerBinaryHash@D@234@@tl@6@U?$TObjectCompare@U?$TString@U?$TSCoreConst@D@su@tl@UModSys@@U?$TComparerBinaryHash@D@234@@tl@UModSys@@@core@6@U?$TNodeDeleter0@U?$TScatterArrayNode@USCacheElem@RLibraryObjCache@std@media@modules@UModSys@@U?$TString@U?$TSCoreConst@D@su@tl@UModSys@@U?$TComparerBinaryHash@D@234@@tl@6@@tl@UModSys@@@86@@tl@UModSys@@@?$TTreeHoldRB@U?$TScatterArrayNode@USCacheElem@RLibraryObjCache@std@media@modules@UModSys@@U?$TString@U?$TSCoreConst@D@su@tl@UModSys@@U?$TComparerBinaryHash@D@234@@tl@6@@tl@UModSys@@@tl@UModSys@@QEBAPEAU?$TScatterArrayNode@USCacheElem@RLibraryObjCache@std@media@modules@UModSys@@U?$TString@U?$TSCoreConst@D@su@tl@UModSys@@U?$TComparerBinaryHash@D@234@@tl@6@@12@UCmp@?$TScatterArray@USCacheElem@RLibraryObjCache@std@media@modules@UModSys@@U?$TString@U?$TSCoreConst@D@su@tl@UModSys@@U?$TComparerBinaryHash@D@234@@tl@6@U?$TObjectCompare@U?$TString@U?$TSCoreConst@D@su@tl@UModSys@@U?$TComparerBinaryHash@D@234@@tl@UModSys@@@core@6@U?$TNodeDeleter0@U?$TScatterArrayNode@USCacheElem@RLibraryObjCache@std@media@modules@UModSys@@U?$TString@U?$TSCoreConst@D@su@tl@UModSys@@U?$TComparerBinaryHash@D@234@@tl@6@@tl@UModSys@@@86@@12@@Z 00000001400056f0 f i umodsys_lib_libmedia:umodsys.mod.media.std.obj
 0001:000046f0       ??$find_node_u@UCmp@?$TScatterArray@USCacheElem@RLibraryBinCache@std@media@modules@UModSys@@U?$TString@U?$TSCoreConst@D@su@tl@UModSys@@U?$TComparerBinaryHash@D@234@@tl@6@U?$TObjectCompare@U?$TString@U?$TSCoreConst@D@su@tl@UModSys@@U?$TComparerBinaryHash@D@234@@tl@UModSys@@@core@6@U?$TNodeDeleter0@U?$TScatterArrayNode@USCacheElem@RLibraryBinCache@std@media@modules@UModSys@@U?$TString@U?$TSCoreConst@D@su@tl@UModSys@@U?$TComparerBinaryHash@D@234@@tl@6@@tl@UModSys@@@86@@tl@UModSys@@@?$TTreeHoldRB@U?$TScatterArrayNode@USCacheElem@RLibraryBinCache@std@media@modules@UModSys@@U?$TString@U?$TSCoreConst@D@su@tl@UModSys@@U?$TComparerBinaryHash@D@234@@tl@6@@tl@UModSys@@@tl@UModSys@@QEBAPEAU?$TScatterArrayNode@USCacheElem@RLibraryBinCache@std@media@modules@UModSys@@U?$TString@U?$TSCoreConst@D@su@tl@UModSys@@U?$TComparerBinaryHash@D@234@@tl@6@@12@UCmp@?$TScatterArray@USCacheElem@RLibraryBinCache@std@media@modules@UModSys@@U?$TString@U?$TSCoreConst@D@su@tl@UModSys@@U?$TComparerBinaryHash@D@234@@tl@6@U?$TObjectCompare@U?$TString@U?$TSCoreConst@D@su@tl@UModSys@@U?$TComparerBinaryHash@D@234@@tl@UModSys@@@core@6@U?$TNodeDeleter0@U?$TScatterArrayNode@USCacheElem@RLibraryBinCache@std@media@modules@UModSys@@U?$TString@U?$TSCoreConst@D@su@tl@UModSys@@U?$TComparerBinaryHash@D@234@@tl@6@@tl@UModSys@@@86@@12@@Z 00000001400056f0 f i umodsys_lib_libmedia:umodsys.mod.media.std.obj
 0001:000047a0       ??$genx_node@UCmp@?$TScatterArray@USMountInfo@RLibraryBinTree@std@media@modules@UModSys@@USId@ILibraryBinTree@libmedia@6@U7896@U?$TNodeDeleter0@U?$TScatterArrayNode@USMountInfo@RLibraryBinTree@std@media@modules@UModSys@@USId@ILibraryBinTree@libmedia@6@@tl@UModSys@@@tl@6@@tl@UModSys@@UGen0@234@@?$TTreeHoldRBD@U?$TScatterArrayNode@USMountInfo@RLibraryBinTree@std@media@modules@UModSys@@USId@ILibraryBinTree@libmedia@6@@tl@UModSys@@U?$TNodeDeleter0@U?$TScatterArrayNode@USMountInfo@RLibraryBinTree@std@media@modules@UModSys@@USId@ILibraryBinTree@libmedia@6@@tl@UModSys@@@23@@tl@UModSys@@QEAAPEAU?$TScatterArrayNode@USMountInfo@RLibraryBinTree@std@media@modules@UModSys@@USId@ILibraryBinTree@libmedia@6@@12@UCmp@?$TScatterArray@USMountInfo@RLibraryBinTree@std@media@modules@UModSys@@USId@ILibraryBinTree@libmedia@6@U7896@U?$TNodeDeleter0@U?$TScatterArrayNode@USMountInfo@RLibraryBinTree@std@media@modules@UModSys@@USId@ILibraryBinTree@libmedia@6@@tl@UModSys@@@tl@6@@12@AEBUGen0@512@PEAPEAU312@2_N@Z 00000001400057a0 f i umodsys_lib_libmedia:umodsys.mod.media.std.obj
 0001:00004940       ??$find_node_u@UCmp@?$TScatterArray@USMountInfo@RLibraryBinTree@std@media@modules@UModSys@@USId@ILibraryBinTree@libmedia@6@U7896@U?$TNodeDeleter0@U?$TScatterArrayNode@USMountInfo@RLibraryBinTree@std@media@modules@UModSys@@USId@ILibraryBinTree@libmedia@6@@tl@UModSys@@@tl@6@@tl@UModSys@@@?$TTreeHoldRB@U?$TScatterArrayNode@USMountInfo@RLibraryBinTree@std@media@modules@UModSys@@USId@ILibraryBinTree@libmedia@6@@tl@UModSys@@@tl@UModSys@@QEBAPEAU?$TScatterArrayNode@USMountInfo@RLibraryBinTree@std@media@modules@UModSys@@USId@ILibraryBinTree@libmedia@6@@12@UCmp@?$TScatterArray@USMountInfo@RLibraryBinTree@std@media@modules@UModSys@@USId@ILibraryBinTree@libmedia@6@U7896@U?$TNodeDeleter0@U?$TScatterArrayNode@USMountInfo@RLibraryBinTree@std@media@modules@UModSys@@USId@ILibraryBinTree@libmedia@6@@tl@UModSys@@@tl@6@@12@@Z 0000000140005940 f i umodsys_lib_libmedia:umodsys.mod.media.std.obj
 0001:00004a20       ??$genx_node@UCmp@?$TScatterArray@USCacheElem@RLibraryObjCache@std@media@modules@UModSys@@U?$TString@U?$TSCoreConst@D@su@tl@UModSys@@U?$TComparerBinaryHash@D@234@@tl@6@U?$TObjectCompare@U?$TString@U?$TSCoreConst@D@su@tl@UModSys@@U?$TComparerBinaryHash@D@234@@tl@UModSys@@@core@6@U?$TNodeDeleter0@U?$TScatterArrayNode@USCacheElem@RLibraryObjCache@std@media@modules@UModSys@@U?$TString@U?$TSCoreConst@D@su@tl@UModSys@@U?$TComparerBinaryHash@D@234@@tl@6@@tl@UModSys@@@86@@tl@UModSys@@UGen0@234@@?$TTreeHoldRBD@U?$TScatterArrayNode@USCacheElem@RLibraryObjCache@std@media@modules@UModSys@@U?$TString@U?$TSCoreConst@D@su@tl@UModSys@@U?$TComparerBinaryHash@D@234@@tl@6@@tl@UModSys@@U?$TNodeDeleter0@U?$TScatterArrayNode@USCacheElem@RLibraryObjCache@std@media@modules@UModSys@@U?$TString@U?$TSCoreConst@D@su@tl@UModSys@@U?$TComparerBinaryHash@D@234@@tl@6@@tl@UModSys@@@23@@tl@UModSys@@QEAAPEAU?$TScatterArrayNode@USCacheElem@RLibraryObjCache@std@media@modules@UModSys@@U?$TString@U?$TSCoreConst@D@su@tl@UModSys@@U?$TComparerBinaryHash@D@234@@tl@6@@12@UCmp@?$TScatterArray@USCacheElem@RLibraryObjCache@std@media@modules@UModSys@@U?$TString@U?$TSCoreConst@D@su@tl@UModSys@@U?$TComparerBinaryHash@D@234@@tl@6@U?$TObjectCompare@U?$TString@U?$TSCoreConst@D@su@tl@UModSys@@U?$TComparerBinaryHash@D@234@@tl@UModSys@@@core@6@U?$TNodeDeleter0@U?$TScatterArrayNode@USCacheElem@RLibraryObjCache@std@media@modules@UModSys@@U?$TString@U?$TSCoreConst@D@su@tl@UModSys@@U?$TComparerBinaryHash@D@234@@tl@6@@tl@UModSys@@@86@@12@AEBUGen0@512@PEAPEAU312@2_N@Z 0000000140005a20 f i umodsys_lib_libmedia:umodsys.mod.media.std.obj
 0001:00004ba0       ??$genx_node@UCmp@?$TScatterArray@USFilter@RLibraryObjFilter@std@media@modules@UModSys@@USId@23456@U723456@U?$TNodeDeleter0@U?$TScatterArrayNode@USFilter@RLibraryObjFilter@std@media@modules@UModSys@@USId@23456@@tl@UModSys@@@tl@6@@tl@UModSys@@UGen0@234@@?$TTreeHoldRBD@U?$TScatterArrayNode@USFilter@RLibraryObjFilter@std@media@modules@UModSys@@USId@23456@@tl@UModSys@@U?$TNodeDeleter0@U?$TScatterArrayNode@USFilter@RLibraryObjFilter@std@media@modules@UModSys@@USId@23456@@tl@UModSys@@@23@@tl@UModSys@@QEAAPEAU?$TScatterArrayNode@USFilter@RLibraryObjFilter@std@media@modules@UModSys@@USId@23456@@12@UCmp@?$TScatterArray@USFilter@RLibraryObjFilter@std@media@modules@UModSys@@USId@23456@U723456@U?$TNodeDeleter0@U?$TScatterArrayNode@USFilter@RLibraryObjFilter@std@media@modules@UModSys@@USId@23456@@tl@UModSys@@@tl@6@@12@AEBUGen0@512@PEAPEAU312@2_N@Z 0000000140005ba0 f i umodsys_lib_libmedia:umodsys.mod.media.std.obj
 0001:00004d00       ?ReLink@?$TDynarray@U?$TDynarrayHolderDynamic@USLayerX@RLibraryLayered@std@media@modules@UModSys@@U?$TAllocator@USIMemAlloc@core@UModSys@@USCountCalcPower2@23@@tl@6@@tl@UModSys@@@tl@UModSys@@IEAA_N_K@Z 0000000140005d00 f i umodsys_lib_libmedia:umodsys.mod.media.std.obj
 0001:00004d70       ??1?$TRefObject@UIModObject@base@UModSys@@U?$TModObjectFunc@UIModObject@base@UModSys@@@tl@3@@tl@UModSys@@QEAA@XZ 0000000140005d70 f i umodsys_lib_libmedia:umodsys.mod.media.std.obj
 0001:00004da0       ?amoveright@?$TTypeConstructor@USLayerX@RLibraryLayered@std@media@modules@UModSys@@@tl@UModSys@@SAXPEAUSLayerX@RLibraryLayered@std@media@modules@3@_K11@Z 0000000140005da0 f i umodsys_lib_libmedia:umodsys.mod.media.std.obj
 0001:00004ef0       ?amoveleft@?$TTypeConstructor@USLayerX@RLibraryLayered@std@media@modules@UModSys@@@tl@UModSys@@SAXPEAUSLayerX@RLibraryLayered@std@media@modules@3@_K11@Z 0000000140005ef0 f i umodsys_lib_libmedia:umodsys.mod.media.std.obj
 0001:00005040       ??0?$TString@U?$TSCoreShared@USIMemAlloc@core@UModSys@@D@su@tl@UModSys@@U?$TComparerBinaryHash@D@234@@tl@UModSys@@QEAA@AEBU012@@Z 0000000140006040 f i umodsys_lib_libmedia:umodsys.mod.media.std.obj
 0001:000050c0       ??0?$TScatterArrayNode@USCacheElem@RLibraryBinCache@std@media@modules@UModSys@@U?$TString@U?$TSCoreConst@D@su@tl@UModSys@@U?$TComparerBinaryHash@D@234@@tl@6@@tl@UModSys@@QEAA@AEBU?$TString@U?$TSCoreConst@D@su@tl@UModSys@@U?$TComparerBinaryHash@D@234@@12@@Z 00000001400060c0 f i umodsys_lib_libmedia:umodsys.mod.media.std.obj
 0001:000051a0       ??0?$TScatterArrayNode@USMountInfo@RLibraryBinTree@std@media@modules@UModSys@@USId@ILibraryBinTree@libmedia@6@@tl@UModSys@@QEAA@AEBUSId@ILibraryBinTree@libmedia@2@@Z 00000001400061a0 f i umodsys_lib_libmedia:umodsys.mod.media.std.obj
 0001:00005260       ??0?$TScatterArrayNode@USCacheElem@RLibraryObjCache@std@media@modules@UModSys@@U?$TString@U?$TSCoreConst@D@su@tl@UModSys@@U?$TComparerBinaryHash@D@234@@tl@6@@tl@UModSys@@QEAA@AEBU?$TString@U?$TSCoreConst@D@su@tl@UModSys@@U?$TComparerBinaryHash@D@234@@12@@Z 0000000140006260 f i umodsys_lib_libmedia:umodsys.mod.media.std.obj
 0001:00005310       ?aconstruct@?$TTypeConstructor@USLayerX@RLibraryLayered@std@media@modules@UModSys@@@tl@UModSys@@SAXPEAUSLayerX@RLibraryLayered@std@media@modules@3@_K@Z 0000000140006310 f i umodsys_lib_libmedia:umodsys.mod.media.std.obj
 0001:000053b0       ?adestruct@?$TTypeConstructor@USLayerX@RLibraryLayered@std@media@modules@UModSys@@@tl@UModSys@@SAXPEAUSLayerX@RLibraryLayered@std@media@modules@3@_K@Z 00000001400063b0 f i umodsys_lib_libmedia:umodsys.mod.media.std.obj
 0001:00005460       ??0?$TPair@USId@ILibraryBinTree@libmedia@UModSys@@USMountInfo@RLibraryBinTree@std@media@modules@4@@tl@UModSys@@QEAA@AEBUSId@ILibraryBinTree@libmedia@2@AEBUSMountInfo@RLibraryBinTree@std@media@modules@2@@Z 0000000140006460 f i umodsys_lib_libmedia:umodsys.mod.media.std.obj
 0001:000054f0       ??0?$TPair@U?$TString@U?$TSCoreConst@D@su@tl@UModSys@@U?$TComparerBinaryHash@D@234@@tl@UModSys@@USCacheElem@RLibraryObjCache@std@media@modules@3@@tl@UModSys@@QEAA@AEBU?$TString@U?$TSCoreConst@D@su@tl@UModSys@@U?$TComparerBinaryHash@D@234@@12@AEBUSCacheElem@RLibraryObjCache@std@media@modules@2@@Z 00000001400064f0 f i umodsys_lib_libmedia:umodsys.mod.media.std.obj
 0001:00005580       ?insert_color@?$TTreeHoldRB@U?$TScatterArrayNode@USMountInfo@RLibraryBinTree@std@media@modules@UModSys@@USId@ILibraryBinTree@libmedia@6@@tl@UModSys@@@tl@UModSys@@IEAAXPEAU?$TScatterArrayNode@USMountInfo@RLibraryBinTree@std@media@modules@UModSys@@USId@ILibraryBinTree@libmedia@6@@23@@Z 0000000140006580 f i umodsys_lib_libmedia:umodsys.mod.media.std.obj
 0001:00005580       ?insert_color@?$TTreeHoldRB@U?$TQuantArrayNode@USUniquePointerInfo@core@UModSys@@$0BAA@@tl@UModSys@@@tl@UModSys@@IEAAXPEAU?$TQuantArrayNode@USUniquePointerInfo@core@UModSys@@$0BAA@@23@@Z 0000000140006580 f i umodsys_lib_basesys:umodsys.basesys.rsystem.obj
 0001:00005580       ?insert_color@?$TTreeHoldRB@U?$TScatterArrayNode@USCacheElem@RLibraryBinCache@std@media@modules@UModSys@@U?$TString@U?$TSCoreConst@D@su@tl@UModSys@@U?$TComparerBinaryHash@D@234@@tl@6@@tl@UModSys@@@tl@UModSys@@IEAAXPEAU?$TScatterArrayNode@USCacheElem@RLibraryBinCache@std@media@modules@UModSys@@U?$TString@U?$TSCoreConst@D@su@tl@UModSys@@U?$TComparerBinaryHash@D@234@@tl@6@@23@@Z 0000000140006580 f i umodsys_lib_libmedia:umodsys.mod.media.std.obj
 0001:00005580       ?insert_color@?$TTreeHoldRB@U?$TScatterArrayNode@USFilter@RLibraryObjFilter@std@media@modules@UModSys@@USId@23456@@tl@UModSys@@@tl@UModSys@@IEAAXPEAU?$TScatterArrayNode@USFilter@RLibraryObjFilter@std@media@modules@UModSys@@USId@23456@@23@@Z 0000000140006580 f i umodsys_lib_libmedia:umodsys.mod.media.std.obj
 0001:00005580       ?insert_color@?$TTreeHoldRB@U?$TQuantArrayNode@USSourceContext@core@UModSys@@$0BAA@@tl@UModSys@@@tl@UModSys@@IEAAXPEAU?$TQuantArrayNode@USSourceContext@core@UModSys@@$0BAA@@23@@Z 0000000140006580 f i umodsys_lib_basesys:umodsys.basesys.rsystem.obj
 0001:00005580       ?insert_color@?$TTreeHoldRB@U?$TScatterArrayNode@USCacheElem@RLibraryObjCache@std@media@modules@UModSys@@U?$TString@U?$TSCoreConst@D@su@tl@UModSys@@U?$TComparerBinaryHash@D@234@@tl@6@@tl@UModSys@@@tl@UModSys@@IEAAXPEAU?$TScatterArrayNode@USCacheElem@RLibraryObjCache@std@media@modules@UModSys@@U?$TString@U?$TSCoreConst@D@su@tl@UModSys@@U?$TComparerBinaryHash@D@234@@tl@6@@23@@Z 0000000140006580 f i umodsys_lib_libmedia:umodsys.mod.media.std.obj
 0001:00005730       ??$is_flag@U?$TFlags4StateShift@USMediaFlagUid@libmedia@UModSys@@I$00@tl@UModSys@@@SFlags@libmedia@UModSys@@QEBA_NPEBUIResolverAuto@012@W4eStates@?$TFlags4State@USMediaFlagUid@libmedia@UModSys@@I@tl@2@@Z 0000000140006730 f i umodsys_lib_libmedia:umodsys.mod.media.std.obj
 0001:000057c0       ??$is_flag@U?$TFlags4StateShift@USMediaFlagUid@libmedia@UModSys@@I$02@tl@UModSys@@@SFlags@libmedia@UModSys@@QEBA_NPEBUIResolverAuto@012@W4eStates@?$TFlags4State@USMediaFlagUid@libmedia@UModSys@@I@tl@2@@Z 00000001400067c0 f i umodsys_lib_libmedia:umodsys.mod.media.std.obj
 0001:00005850       ??$is_flag@U?$TFlags4StateShift@USMediaFlagUid@libmedia@UModSys@@I$03@tl@UModSys@@@SFlags@libmedia@UModSys@@QEBA_NPEBUIResolverAuto@012@W4eStates@?$TFlags4State@USMediaFlagUid@libmedia@UModSys@@I@tl@2@@Z 0000000140006850 f i umodsys_lib_libmedia:umodsys.mod.media.std.obj
 0001:000058e0       ?s_init@?$TRefObjectFunc@UIRefObject@core@UModSys@@@tl@UModSys@@SAXAEAPEAUIRefObject@core@3@PEAU453@@Z 00000001400068e0 f i umodsys_lib_libmedia:umodsys.mod.media.std.obj
 0001:00005920       ??$ValidateConstruction@UIRefObject@core@UModSys@@URLibraryBinCache@std@media@modules@3@@core@UModSys@@YA_NAEAU?$TRefObject@UIRefObject@core@UModSys@@U?$TRefObjectFunc@UIRefObject@core@UModSys@@@tl@3@@tl@1@PEAURLibraryBinCache@std@media@modules@1@@Z 0000000140006920 f i umodsys_lib_libmedia:umodsys.mod.media.std.obj
 0001:00005920       ??$ValidateConstruction@UIRefObject@core@UModSys@@URLibraryObjFilter@std@media@modules@3@@core@UModSys@@YA_NAEAU?$TRefObject@UIRefObject@core@UModSys@@U?$TRefObjectFunc@UIRefObject@core@UModSys@@@tl@3@@tl@1@PEAURLibraryObjFilter@std@media@modules@1@@Z 0000000140006920 f i umodsys_lib_libmedia:umodsys.mod.media.std.obj
 0001:00005920       ??$ValidateConstruction@UIRefObject@core@UModSys@@URLibraryBinTree@std@media@modules@3@@core@UModSys@@YA_NAEAU?$TRefObject@UIRefObject@core@UModSys@@U?$TRefObjectFunc@UIRefObject@core@UModSys@@@tl@3@@tl@1@PEAURLibraryBinTree@std@media@modules@1@@Z 0000000140006920 f i umodsys_lib_libmedia:umodsys.mod.media.std.obj
 0001:00005920       ??$ValidateConstruction@UIRefObject@core@UModSys@@URDataArchiver_OsDir@stdio@media@modules@3@@core@UModSys@@YA_NAEAU?$TRefObject@UIRefObject@core@UModSys@@U?$TRefObjectFunc@UIRefObject@core@UModSys@@@tl@3@@tl@1@PEAURDataArchiver_OsDir@stdio@media@modules@1@@Z 0000000140006920 f i umodsys_lib_libmedia:umodsys.mod.media.stdio.obj
 0001:00005920       ??$ValidateConstruction@UIRefObject@core@UModSys@@URLibraryObjCache@std@media@modules@3@@core@UModSys@@YA_NAEAU?$TRefObject@UIRefObject@core@UModSys@@U?$TRefObjectFunc@UIRefObject@core@UModSys@@@tl@3@@tl@1@PEAURLibraryObjCache@std@media@modules@1@@Z 0000000140006920 f i umodsys_lib_libmedia:umodsys.mod.media.std.obj
 0001:00005920       ??$ValidateConstruction@UIRefObject@core@UModSys@@URLibraryLayered@std@media@modules@3@@core@UModSys@@YA_NAEAU?$TRefObject@UIRefObject@core@UModSys@@U?$TRefObjectFunc@UIRefObject@core@UModSys@@@tl@3@@tl@1@PEAURLibraryLayered@std@media@modules@1@@Z 0000000140006920 f i umodsys_lib_libmedia:umodsys.mod.media.std.obj
 0001:00005990       ??$process_nodes_r@U?$TNodeDeleter0@U?$TScatterArrayNode@USCacheElem@RLibraryBinCache@std@media@modules@UModSys@@U?$TString@U?$TSCoreConst@D@su@tl@UModSys@@U?$TComparerBinaryHash@D@234@@tl@6@@tl@UModSys@@@tl@UModSys@@@?$TTreeHoldRB@U?$TScatterArrayNode@USCacheElem@RLibraryBinCache@std@media@modules@UModSys@@U?$TString@U?$TSCoreConst@D@su@tl@UModSys@@U?$TComparerBinaryHash@D@234@@tl@6@@tl@UModSys@@@tl@UModSys@@KAHPEAU?$TScatterArrayNode@USCacheElem@RLibraryBinCache@std@media@modules@UModSys@@U?$TString@U?$TSCoreConst@D@su@tl@UModSys@@U?$TComparerBinaryHash@D@234@@tl@6@@12@AEBU?$TNodeDeleter0@U?$TScatterArrayNode@USCacheElem@RLibraryBinCache@std@media@modules@UModSys@@U?$TString@U?$TSCoreConst@D@su@tl@UModSys@@U?$TComparerBinaryHash@D@234@@tl@6@@tl@UModSys@@@12@@Z 0000000140006990 f i umodsys_lib_libmedia:umodsys.mod.media.std.obj
 0001:00005a00       ??$process_nodes_r@U?$TNodeDeleter0@U?$TScatterArrayNode@USMountInfo@RLibraryBinTree@std@media@modules@UModSys@@USId@ILibraryBinTree@libmedia@6@@tl@UModSys@@@tl@UModSys@@@?$TTreeHoldRB@U?$TScatterArrayNode@USMountInfo@RLibraryBinTree@std@media@modules@UModSys@@USId@ILibraryBinTree@libmedia@6@@tl@UModSys@@@tl@UModSys@@KAHPEAU?$TScatterArrayNode@USMountInfo@RLibraryBinTree@std@media@modules@UModSys@@USId@ILibraryBinTree@libmedia@6@@12@AEBU?$TNodeDeleter0@U?$TScatterArrayNode@USMountInfo@RLibraryBinTree@std@media@modules@UModSys@@USId@ILibraryBinTree@libmedia@6@@tl@UModSys@@@12@@Z 0000000140006a00 f i umodsys_lib_libmedia:umodsys.mod.media.std.obj
 0001:00005a70       ??$process_nodes_r@U?$TNodeDeleter0@U?$TScatterArrayNode@USCacheElem@RLibraryObjCache@std@media@modules@UModSys@@U?$TString@U?$TSCoreConst@D@su@tl@UModSys@@U?$TComparerBinaryHash@D@234@@tl@6@@tl@UModSys@@@tl@UModSys@@@?$TTreeHoldRB@U?$TScatterArrayNode@USCacheElem@RLibraryObjCache@std@media@modules@UModSys@@U?$TString@U?$TSCoreConst@D@su@tl@UModSys@@U?$TComparerBinaryHash@D@234@@tl@6@@tl@UModSys@@@tl@UModSys@@KAHPEAU?$TScatterArrayNode@USCacheElem@RLibraryObjCache@std@media@modules@UModSys@@U?$TString@U?$TSCoreConst@D@su@tl@UModSys@@U?$TComparerBinaryHash@D@234@@tl@6@@12@AEBU?$TNodeDeleter0@U?$TScatterArrayNode@USCacheElem@RLibraryObjCache@std@media@modules@UModSys@@U?$TString@U?$TSCoreConst@D@su@tl@UModSys@@U?$TComparerBinaryHash@D@234@@tl@6@@tl@UModSys@@@12@@Z 0000000140006a70 f i umodsys_lib_libmedia:umodsys.mod.media.std.obj
 0001:00005ae0       ??$process_nodes_r@U?$TNodeDeleter0@U?$TScatterArrayNode@USFilter@RLibraryObjFilter@std@media@modules@UModSys@@USId@23456@@tl@UModSys@@@tl@UModSys@@@?$TTreeHoldRB@U?$TScatterArrayNode@USFilter@RLibraryObjFilter@std@media@modules@UModSys@@USId@23456@@tl@UModSys@@@tl@UModSys@@KAHPEAU?$TScatterArrayNode@USFilter@RLibraryObjFilter@std@media@modules@UModSys@@USId@23456@@12@AEBU?$TNodeDeleter0@U?$TScatterArrayNode@USFilter@RLibraryObjFilter@std@media@modules@UModSys@@USId@23456@@tl@UModSys@@@12@@Z 0000000140006ae0 f i umodsys_lib_libmedia:umodsys.mod.media.std.obj
 0001:00005b60       ?archive_load_data@libmedia@UModSys@@YA_NAEAUIBinArchive@12@AEBU?$TString@U?$TSCoreConst@D@su@tl@UModSys@@U?$TComparerBinaryHash@D@234@@tl@2@AEAUSCMemShared@core@2@AEBUSFlags@12@@Z 0000000140006b60 f i umodsys_lib_libmedia:umodsys.mod.media.stdio.obj
 0001:00005d20       ?archive_save_data@libmedia@UModSys@@YA_NAEAUIBinArchive@12@AEBU?$TString@U?$TSCoreConst@D@su@tl@UModSys@@U?$TComparerBinaryHash@D@234@@tl@2@AEBUSCMem@core@2@AEBUSFlags@12@@Z 0000000140006d20 f i umodsys_lib_libmedia:umodsys.mod.media.stdio.obj
 0001:00005db0       ?file_get_size@stdio@media@modules@UModSys@@YA_JPEAU_iobuf@@@Z 0000000140006db0 f i umodsys_lib_libmedia:umodsys.mod.media.stdio.obj
 0001:00005e20       ?get_interface_info@RStreamReader_FILE@stdio@media@modules@UModSys@@UEBAAEBUSUniquePointerInfo@core@5@XZ 0000000140006e20 f i umodsys_lib_libmedia:umodsys.mod.media.stdio.obj
 0001:00005e30       ?get_interface_type@RStreamReader_FILE@stdio@media@modules@UModSys@@UEBAPEBUSUniquePointerInfo@core@5@XZ 0000000140006e30 f i umodsys_lib_libmedia:umodsys.mod.media.stdio.obj
[...]
 0001:00010cc0       ?dtor$0@?0??obj_get@RLibraryLayered@std@media@modules@UModSys@@UEAA_NAEBU?$TString@U?$TSCoreConst@D@su@tl@UModSys@@U?$TComparerBinaryHash@D@234@@tl@5@AEAU?$TRefObject@UIRefObject@core@UModSys@@U?$TRefObjectFunc@UIRefObject@core@UModSys@@@tl@3@@75@AEBUSObjOptions@ILibrary@libmedia@5@@Z@4HA 0000000140011cc0 f    CIL library: CIL module
 0001:00010ce0       ?dtor$0@?0??mem_free@?$TRMemAlloc_CC@U?$TMemAllocHeader@USMagic@mem_headers@rsystem@base@UModSys@@U?$TPool@X@2345@USDebug@2345@UVoid@core@5@U895@@rsystem@base@UModSys@@USMemAlloc_Malloc@core@4@@rsystem@base@UModSys@@UEAAXPEAXPEBUSSourceContext@core@4@@Z@4HA 0000000140011ce0 f    CIL library: CIL module
 0001:00010d00       ?dtor$0@?0??mem_realloc@?$TRMemAlloc_CC@U?$TMemAllocHeader@USMagic@mem_headers@rsystem@base@UModSys@@U?$TPool@X@2345@USDebug@2345@UVoid@core@5@U895@@rsystem@base@UModSys@@USMemAlloc_Malloc@core@4@@rsystem@base@UModSys@@UEAAPEAXPEAX_KPEBUSSourceContext@core@4@@Z@4HA 0000000140011d00 f    CIL library: CIL module
 0001:00010d20       ?dtor$1@?0??mem_realloc@?$TRMemAlloc_CC@U?$TMemAllocHeader@USMagic@mem_headers@rsystem@base@UModSys@@U?$TPool@X@2345@USDebug@2345@UVoid@core@5@U895@@rsystem@base@UModSys@@USMemAlloc_Malloc@core@4@@rsystem@base@UModSys@@UEAAPEAXPEAX_KPEBUSSourceContext@core@4@@Z@4HA 0000000140011d20 f    CIL library: CIL module
 0001:00010d40       ?dtor$0@?0??generate@RGenerator@std@media@modules@UModSys@@UEAA_NAEAU?$TRefObject@UIRefObject@core@UModSys@@U?$TRefObjectFunc@UIRefObject@core@UModSys@@@tl@3@@tl@5@PEBUSUniquePointerInfo@core@5@AEBUSParameters@95@@Z@4HA 0000000140011d40 f    CIL library: CIL module
 0001:00010d60       ?dtor$1@?0??generate@RGenerator@std@media@modules@UModSys@@UEAA_NAEAU?$TRefObject@UIRefObject@core@UModSys@@U?$TRefObjectFunc@UIRefObject@core@UModSys@@@tl@3@@tl@5@PEBUSUniquePointerInfo@core@5@AEBUSParameters@95@@Z@4HA 0000000140011d60 f    CIL library: CIL module
 0001:00010d80       ?dtor$2@?0??generate@RGenerator@std@media@modules@UModSys@@UEAA_NAEAU?$TRefObject@UIRefObject@core@UModSys@@U?$TRefObjectFunc@UIRefObject@core@UModSys@@@tl@3@@tl@5@PEBUSUniquePointerInfo@core@5@AEBUSParameters@95@@Z@4HA 0000000140011d80 f    CIL library: CIL module
 0001:00010da0       ?dtor$3@?0??generate@RGenerator@std@media@modules@UModSys@@UEAA_NAEAU?$TRefObject@UIRefObject@core@UModSys@@U?$TRefObjectFunc@UIRefObject@core@UModSys@@@tl@3@@tl@5@PEBUSUniquePointerInfo@core@5@AEBUSParameters@95@@Z@4HA 0000000140011da0 f    CIL library: CIL module
 0001:00010dc0       ?dtor$4@?0??generate@RGenerator@std@media@modules@UModSys@@UEAA_NAEAU?$TRefObject@UIRefObject@core@UModSys@@U?$TRefObjectFunc@UIRefObject@core@UModSys@@@tl@3@@tl@5@PEBUSUniquePointerInfo@core@5@AEBUSParameters@95@@Z@4HA 0000000140011dc0 f    CIL library: CIL module
 0001:00010de0       ??__E?s_id@?$TObjectUniqueID@UIRoot@core@UModSys@@@tl@UModSys@@2USUniquePointer@core@3@A@@YAXXZ 0000000140011de0 f    CIL library: CIL module
 0001:00010e20       ??__E?s_id@?$TObjectUniqueID@UIRefObject@core@UModSys@@@tl@UModSys@@2USUniquePointer@core@3@A@@YAXXZ 0000000140011e20 f    CIL library: CIL module
 0001:00010e60       ??__E?s_id@?$TObjectUniqueID@UIParameters@core@UModSys@@@tl@UModSys@@2USUniquePointer@core@3@A@@YAXXZ 0000000140011e60 f    CIL library: CIL module
 0001:00010ea0       ??__E?s_id@?$TObjectUniqueID@UIModule@base@UModSys@@@tl@UModSys@@2USUniquePointer@core@3@A@@YAXXZ 0000000140011ea0 f    CIL library: CIL module
 0001:00010ee0       ??__E?s_id@?$TObjectUniqueID@UIModuleLibrary@base@UModSys@@@tl@UModSys@@2USUniquePointer@core@3@A@@YAXXZ 0000000140011ee0 f    CIL library: CIL module
 0001:00010f20       ??__E?s_id@?$TObjectUniqueID@UIModObject@base@UModSys@@@tl@UModSys@@2USUniquePointer@core@3@A@@YAXXZ 0000000140011f20 f    CIL library: CIL module
 0001:00010f60       ??__E?s_id@?$TObjectUniqueID@UIGenerator@base@UModSys@@@tl@UModSys@@2USUniquePointer@core@3@A@@YAXXZ 0000000140011f60 f    CIL library: CIL module
 0001:00010fa0       ??__E?s_id@?$TObjectUniqueID@UIShell@base@UModSys@@@tl@UModSys@@2USUniquePointer@core@3@A@@YAXXZ 0000000140011fa0 f    CIL library: CIL module
 0001:00010fe0       ??__E?s_id@?$TObjectUniqueID@UIConsole@base@UModSys@@@tl@UModSys@@2USUniquePointer@core@3@A@@YAXXZ 0000000140011fe0 f    CIL library: CIL module
 0001:00011020       ??__E?s_id@?$TObjectUniqueID@UISystem@base@UModSys@@@tl@UModSys@@2USUniquePointer@core@3@A@@YAXXZ 0000000140012020 f    CIL library: CIL module
 0001:00011060       ??__E?s_id@?$TObjectUniqueID@URModule@rsystem@base@UModSys@@@tl@UModSys@@2USUniquePointer@core@3@A@@YAXXZ 0000000140012060 f    CIL library: CIL module
 0001:000110a0       ??__E?s_id@?$TObjectUniqueID@UIModuleLibraryUni@rsystem@base@UModSys@@@tl@UModSys@@2USUniquePointer@core@3@A@@YAXXZ 00000001400120a0 f    CIL library: CIL module
 0001:000110e0       ??__E?s_id@?$TObjectUniqueID@URModuleLibrarySO@rsystem@base@UModSys@@@tl@UModSys@@2USUniquePointer@core@3@A@@YAXXZ 00000001400120e0 f    CIL library: CIL module
 0001:00011120       ??__E?s_id@?$TObjectUniqueID@URModuleLibraryThis@rsystem@base@UModSys@@@tl@UModSys@@2USUniquePointer@core@3@A@@YAXXZ 0000000140012120 f    CIL library: CIL module
 0001:00011160       ??__E?s_id@?$TObjectUniqueID@URParameters@rsystem@base@UModSys@@@tl@UModSys@@2USUniquePointer@core@3@A@@YAXXZ 0000000140012160 f    CIL library: CIL module
 0001:000111a0       ??__E?s_id@?$TObjectUniqueID@URSystem@rsystem@base@UModSys@@@tl@UModSys@@2USUniquePointer@core@3@A@@YAXXZ 00000001400121a0 f    CIL library: CIL module
 0001:000111e0       ??__E?s_id@?$TObjectUniqueID@URConsole_std@rsystem@base@UModSys@@@tl@UModSys@@2USUniquePointer@core@3@A@@YAXXZ 00000001400121e0 f    CIL library: CIL module
 0001:00011220       ??__E?s_modreg@RModuleReg@std@media@modules@UModSys@@2U12345@A@@YAXXZ 0000000140012220 f    CIL library: CIL module
 0001:00011270       ??__E?s_modreg_chain@RModuleReg@std@media@modules@UModSys@@2USModuleRegChain@base@5@A@@YAXXZ 0000000140012270 f    CIL library: CIL module
 0001:000112a0       ??__E?s_uid@RGenerator@std@media@modules@UModSys@@2USUniquePointer@core@5@A@@YAXXZ 00000001400122a0 f    CIL library: CIL module
 0001:000112e0       ??__E?s_id@?$TObjectUniqueID@UIStreamReader@libmedia@UModSys@@@tl@UModSys@@2USUniquePointer@core@3@A@@YAXXZ 00000001400122e0 f    CIL library: CIL module
 0001:00011320       ??__E?s_id@?$TObjectUniqueID@UIStreamWriter@libmedia@UModSys@@@tl@UModSys@@2USUniquePointer@core@3@A@@YAXXZ 0000000140012320 f    CIL library: CIL module
 0001:00011360       ??__E?s_id@?$TObjectUniqueID@UIBinArchive@libmedia@UModSys@@@tl@UModSys@@2USUniquePointer@core@3@A@@YAXXZ 0000000140012360 f    CIL library: CIL module
 0001:000113a0       ??__E?s_id@?$TObjectUniqueID@UIBinObjFilter@libmedia@UModSys@@@tl@UModSys@@2USUniquePointer@core@3@A@@YAXXZ 00000001400123a0 f    CIL library: CIL module
 0001:000113e0       ??__E?s_id@?$TObjectUniqueID@UILibrary@libmedia@UModSys@@@tl@UModSys@@2USUniquePointer@core@3@A@@YAXXZ 00000001400123e0 f    CIL library: CIL module
 0001:00011420       ??__E?s_id@?$TObjectUniqueID@UILibraryBinTree@libmedia@UModSys@@@tl@UModSys@@2USUniquePointer@core@3@A@@YAXXZ 0000000140012420 f    CIL library: CIL module
 0001:00011460       ??__E?s_id@?$TObjectUniqueID@UILibraryBinCache@libmedia@UModSys@@@tl@UModSys@@2USUniquePointer@core@3@A@@YAXXZ 0000000140012460 f    CIL library: CIL module
 0001:000114a0       ??__E?s_id@?$TObjectUniqueID@UILibraryObjFilter@libmedia@UModSys@@@tl@UModSys@@2USUniquePointer@core@3@A@@YAXXZ 00000001400124a0 f    CIL library: CIL module
 0001:000114e0       ??__E?s_id@?$TObjectUniqueID@UILibraryObjCache@libmedia@UModSys@@@tl@UModSys@@2USUniquePointer@core@3@A@@YAXXZ 00000001400124e0 f    CIL library: CIL module
 0001:00011520       ??__E?s_id@?$TObjectUniqueID@UILibraryLayered@libmedia@UModSys@@@tl@UModSys@@2USUniquePointer@core@3@A@@YAXXZ 0000000140012520 f    CIL library: CIL module
 0001:00011560       ??__E?s_id@?$TObjectUniqueID@URLibraryBinCache@std@media@modules@UModSys@@@tl@UModSys@@2USUniquePointer@core@3@A@@YAXXZ 0000000140012560 f    CIL library: CIL module
 0001:000115a0       ??__E?s_id@?$TObjectUniqueID@URLibraryBinTree@std@media@modules@UModSys@@@tl@UModSys@@2USUniquePointer@core@3@A@@YAXXZ 00000001400125a0 f    CIL library: CIL module
 0001:000115e0       ??__E?s_id@?$TObjectUniqueID@URLibraryLayered@std@media@modules@UModSys@@@tl@UModSys@@2USUniquePointer@core@3@A@@YAXXZ 00000001400125e0 f    CIL library: CIL module
 0001:00011620       ??__E?s_id@?$TObjectUniqueID@URLibraryObjCache@std@media@modules@UModSys@@@tl@UModSys@@2USUniquePointer@core@3@A@@YAXXZ 0000000140012620 f    CIL library: CIL module
 0001:00011660       ??__E?s_id@?$TObjectUniqueID@URLibraryObjFilter@std@media@modules@UModSys@@@tl@UModSys@@2USUniquePointer@core@3@A@@YAXXZ 0000000140012660 f    CIL library: CIL module
 0001:000116a0       ??__E?s_id@?$TObjectUniqueID@URGenerator@std@media@modules@UModSys@@@tl@UModSys@@2USUniquePointer@core@3@A@@YAXXZ 00000001400126a0 f    CIL library: CIL module
 0001:000116e0       ??__E?s_modreg@RModuleReg@stdio@media@modules@UModSys@@2U12345@A@@YAXXZ 00000001400126e0 f    CIL library: CIL module
 0001:00011730       ??__E?s_modreg_chain@RModuleReg@stdio@media@modules@UModSys@@2USModuleRegChain@base@5@A@@YAXXZ 0000000140012730 f    CIL library: CIL module
 0001:00011760       ??__E?s_uid@RGenerator@stdio@media@modules@UModSys@@2USUniquePointer@core@5@A@@YAXXZ 0000000140012760 f    CIL library: CIL module
 0001:000117a0       ??__E?s_id@?$TObjectUniqueID@URStreamReader_FILE@stdio@media@modules@UModSys@@@tl@UModSys@@2USUniquePointer@core@3@A@@YAXXZ 00000001400127a0 f    CIL library: CIL module
 0001:000117e0       ??__E?s_id@?$TObjectUniqueID@URStreamWriter_FILE@stdio@media@modules@UModSys@@@tl@UModSys@@2USUniquePointer@core@3@A@@YAXXZ 00000001400127e0 f    CIL library: CIL module
 0001:00011820       ??__E?s_id@?$TObjectUniqueID@URDataArchiver_OsDir@stdio@media@modules@UModSys@@@tl@UModSys@@2USUniquePointer@core@3@A@@YAXXZ 0000000140012820 f    CIL library: CIL module
 0001:00011860       ??__E?s_id@?$TObjectUniqueID@URGenerator@stdio@media@modules@UModSys@@@tl@UModSys@@2USUniquePointer@core@3@A@@YAXXZ 0000000140012860 f    CIL library: CIL module
 0001:000118a0       ??__E?s_console@RConsole_std@rsystem@base@UModSys@@2U1234@A@@YAXXZ 00000001400128a0 f    CIL library: CIL module
 0001:000118c0       ??__E?s_sys@RSystem@rsystem@base@UModSys@@2U1234@A@@YAXXZ 00000001400128c0 f    CIL library: CIL module
 0001:000118e0       ??__Ersys_dbg@rsystem@base@UModSys@@YAXXZ 00000001400128e0 f    CIL library: CIL module
 0001:00011910       ??__EM@UModSys@@YAXXZ      0000000140012910 f    CIL library: CIL module
 0001:00011930       ??__E?root@SModuleRegChain@base@UModSys@@2U123@A@@YAXXZ 0000000140012930 f    CIL library: CIL module
 0001:00011960       ??__E?s_library@RModuleLibraryReg_Chain@base@UModSys@@2U123@A@@YAXXZ 0000000140012960 f    CIL library: CIL module
 0001:00011980       ??__E?root@SUniquePointer@core@UModSys@@2U123@A@@YAXXZ 0000000140012980 f    CIL library: CIL module
 0001:000119b0       ??__F?s_id@?$TObjectUniqueID@URConsole_std@rsystem@base@UModSys@@@tl@UModSys@@2USUniquePointer@core@3@A@@YAXXZ 00000001400129b0 f    CIL library: CIL module
 0001:000119c0       ??__F?s_id@?$TObjectUniqueID@URSystem@rsystem@base@UModSys@@@tl@UModSys@@2USUniquePointer@core@3@A@@YAXXZ 00000001400129c0 f    CIL library: CIL module
 0001:000119d0       ??__F?s_id@?$TObjectUniqueID@URParameters@rsystem@base@UModSys@@@tl@UModSys@@2USUniquePointer@core@3@A@@YAXXZ 00000001400129d0 f    CIL library: CIL module
 0001:000119e0       ??__F?s_id@?$TObjectUniqueID@URModuleLibraryThis@rsystem@base@UModSys@@@tl@UModSys@@2USUniquePointer@core@3@A@@YAXXZ 00000001400129e0 f    CIL library: CIL module
 0001:000119f0       ??__F?s_id@?$TObjectUniqueID@URModuleLibrarySO@rsystem@base@UModSys@@@tl@UModSys@@2USUniquePointer@core@3@A@@YAXXZ 00000001400129f0 f    CIL library: CIL module
 0001:00011a00       ??__F?s_id@?$TObjectUniqueID@UIModuleLibraryUni@rsystem@base@UModSys@@@tl@UModSys@@2USUniquePointer@core@3@A@@YAXXZ 0000000140012a00 f    CIL library: CIL module
 0001:00011a10       ??__F?s_id@?$TObjectUniqueID@URModule@rsystem@base@UModSys@@@tl@UModSys@@2USUniquePointer@core@3@A@@YAXXZ 0000000140012a10 f    CIL library: CIL module
 0001:00011a20       ??__F?s_id@?$TObjectUniqueID@UISystem@base@UModSys@@@tl@UModSys@@2USUniquePointer@core@3@A@@YAXXZ 0000000140012a20 f    CIL library: CIL module
 0001:00011a30       ??__F?s_id@?$TObjectUniqueID@UIConsole@base@UModSys@@@tl@UModSys@@2USUniquePointer@core@3@A@@YAXXZ 0000000140012a30 f    CIL library: CIL module
 0001:00011a40       ??__F?s_id@?$TObjectUniqueID@UIShell@base@UModSys@@@tl@UModSys@@2USUniquePointer@core@3@A@@YAXXZ 0000000140012a40 f    CIL library: CIL module
 0001:00011a50       ??__F?s_id@?$TObjectUniqueID@UIGenerator@base@UModSys@@@tl@UModSys@@2USUniquePointer@core@3@A@@YAXXZ 0000000140012a50 f    CIL library: CIL module
 0001:00011a60       ??__F?s_id@?$TObjectUniqueID@UIModObject@base@UModSys@@@tl@UModSys@@2USUniquePointer@core@3@A@@YAXXZ 0000000140012a60 f    CIL library: CIL module
 0001:00011a70       ??__F?s_id@?$TObjectUniqueID@UIModuleLibrary@base@UModSys@@@tl@UModSys@@2USUniquePointer@core@3@A@@YAXXZ 0000000140012a70 f    CIL library: CIL module
 0001:00011a80       ??__F?s_id@?$TObjectUniqueID@UIModule@base@UModSys@@@tl@UModSys@@2USUniquePointer@core@3@A@@YAXXZ 0000000140012a80 f    CIL library: CIL module
 0001:00011a90       ??__F?s_id@?$TObjectUniqueID@UIParameters@core@UModSys@@@tl@UModSys@@2USUniquePointer@core@3@A@@YAXXZ 0000000140012a90 f    CIL library: CIL module
 0001:00011aa0       ??__F?s_id@?$TObjectUniqueID@UIRefObject@core@UModSys@@@tl@UModSys@@2USUniquePointer@core@3@A@@YAXXZ 0000000140012aa0 f    CIL library: CIL module
 0001:00011ab0       ??__F?s_id@?$TObjectUniqueID@UIRoot@core@UModSys@@@tl@UModSys@@2USUniquePointer@core@3@A@@YAXXZ 0000000140012ab0 f    CIL library: CIL module
 0001:00011ac0       ??__F?s_modreg@RModuleReg@std@media@modules@UModSys@@2U12345@A@@YAXXZ 0000000140012ac0 f    CIL library: CIL module
 0001:00011ae0       ??__F?s_modreg_chain@RModuleReg@std@media@modules@UModSys@@2USModuleRegChain@base@5@A@@YAXXZ 0000000140012ae0 f    CIL library: CIL module
 0001:00011af0       ??__F?s_uid@RGenerator@std@media@modules@UModSys@@2USUniquePointer@core@5@A@@YAXXZ 0000000140012af0 f    CIL library: CIL module
 0001:00011b00       ??__Fh@?1??s_holder@RGenerator@std@media@modules@UModSys@@SAAEAU?$TTypeStaticHolder@URGenerator@std@media@modules@UModSys@@@tl@5@XZ@YAXXZ 0000000140012b00 f    CIL library: CIL module
 0001:00011b30       ??__F?s_id@?$TObjectUniqueID@URGenerator@std@media@modules@UModSys@@@tl@UModSys@@2USUniquePointer@core@3@A@@YAXXZ 0000000140012b30 f    CIL library: CIL module
 0001:00011b40       ??__F?s_id@?$TObjectUniqueID@URLibraryObjFilter@std@media@modules@UModSys@@@tl@UModSys@@2USUniquePointer@core@3@A@@YAXXZ 0000000140012b40 f    CIL library: CIL module
 0001:00011b50       ??__F?s_id@?$TObjectUniqueID@URLibraryObjCache@std@media@modules@UModSys@@@tl@UModSys@@2USUniquePointer@core@3@A@@YAXXZ 0000000140012b50 f    CIL library: CIL module
 0001:00011b60       ??__F?s_id@?$TObjectUniqueID@URLibraryLayered@std@media@modules@UModSys@@@tl@UModSys@@2USUniquePointer@core@3@A@@YAXXZ 0000000140012b60 f    CIL library: CIL module
 0001:00011b70       ??__F?s_id@?$TObjectUniqueID@URLibraryBinTree@std@media@modules@UModSys@@@tl@UModSys@@2USUniquePointer@core@3@A@@YAXXZ 0000000140012b70 f    CIL library: CIL module
 0001:00011b80       ??__F?s_id@?$TObjectUniqueID@URLibraryBinCache@std@media@modules@UModSys@@@tl@UModSys@@2USUniquePointer@core@3@A@@YAXXZ 0000000140012b80 f    CIL library: CIL module
 0001:00011b90       ??__F?s_id@?$TObjectUniqueID@UILibraryLayered@libmedia@UModSys@@@tl@UModSys@@2USUniquePointer@core@3@A@@YAXXZ 0000000140012b90 f    CIL library: CIL module
 0001:00011ba0       ??__F?s_id@?$TObjectUniqueID@UILibraryObjCache@libmedia@UModSys@@@tl@UModSys@@2USUniquePointer@core@3@A@@YAXXZ 0000000140012ba0 f    CIL library: CIL module
 0001:00011bb0       ??__F?s_id@?$TObjectUniqueID@UILibraryObjFilter@libmedia@UModSys@@@tl@UModSys@@2USUniquePointer@core@3@A@@YAXXZ 0000000140012bb0 f    CIL library: CIL module
 0001:00011bc0       ??__F?s_id@?$TObjectUniqueID@UILibraryBinCache@libmedia@UModSys@@@tl@UModSys@@2USUniquePointer@core@3@A@@YAXXZ 0000000140012bc0 f    CIL library: CIL module
 0001:00011bd0       ??__F?s_id@?$TObjectUniqueID@UILibraryBinTree@libmedia@UModSys@@@tl@UModSys@@2USUniquePointer@core@3@A@@YAXXZ 0000000140012bd0 f    CIL library: CIL module
 0001:00011be0       ??__F?s_id@?$TObjectUniqueID@UILibrary@libmedia@UModSys@@@tl@UModSys@@2USUniquePointer@core@3@A@@YAXXZ 0000000140012be0 f    CIL library: CIL module
 0001:00011bf0       ??__F?s_id@?$TObjectUniqueID@UIBinObjFilter@libmedia@UModSys@@@tl@UModSys@@2USUniquePointer@core@3@A@@YAXXZ 0000000140012bf0 f    CIL library: CIL module
 0001:00011c00       ??__F?s_id@?$TObjectUniqueID@UIBinArchive@libmedia@UModSys@@@tl@UModSys@@2USUniquePointer@core@3@A@@YAXXZ 0000000140012c00 f    CIL library: CIL module
 0001:00011c10       ??__F?s_id@?$TObjectUniqueID@UIStreamWriter@libmedia@UModSys@@@tl@UModSys@@2USUniquePointer@core@3@A@@YAXXZ 0000000140012c10 f    CIL library: CIL module
 0001:00011c20       ??__F?s_id@?$TObjectUniqueID@UIStreamReader@libmedia@UModSys@@@tl@UModSys@@2USUniquePointer@core@3@A@@YAXXZ 0000000140012c20 f    CIL library: CIL module
 0001:00011c30       ??__F?s_modreg@RModuleReg@stdio@media@modules@UModSys@@2U12345@A@@YAXXZ 0000000140012c30 f    CIL library: CIL module
 0001:00011c50       ??__F?s_modreg_chain@RModuleReg@stdio@media@modules@UModSys@@2USModuleRegChain@base@5@A@@YAXXZ 0000000140012c50 f    CIL library: CIL module
 0001:00011c60       ??__F?s_uid@RGenerator@stdio@media@modules@UModSys@@2USUniquePointer@core@5@A@@YAXXZ 0000000140012c60 f    CIL library: CIL module
 0001:00011c70       ??__Fh@?1??s_holder@RGenerator@stdio@media@modules@UModSys@@SAAEAU?$TTypeStaticHolder@URGenerator@stdio@media@modules@UModSys@@@tl@5@XZ@YAXXZ 0000000140012c70 f    CIL library: CIL module
 0001:00011ca0       ??__F?s_id@?$TObjectUniqueID@URGenerator@stdio@media@modules@UModSys@@@tl@UModSys@@2USUniquePointer@core@3@A@@YAXXZ 0000000140012ca0 f    CIL library: CIL module
 0001:00011cb0       ??__F?s_id@?$TObjectUniqueID@URDataArchiver_OsDir@stdio@media@modules@UModSys@@@tl@UModSys@@2USUniquePointer@core@3@A@@YAXXZ 0000000140012cb0 f    CIL library: CIL module
 0001:00011cc0       ??__F?s_id@?$TObjectUniqueID@URStreamWriter_FILE@stdio@media@modules@UModSys@@@tl@UModSys@@2USUniquePointer@core@3@A@@YAXXZ 0000000140012cc0 f    CIL library: CIL module
 0001:00011cd0       ??__F?s_id@?$TObjectUniqueID@URStreamReader_FILE@stdio@media@modules@UModSys@@@tl@UModSys@@2USUniquePointer@core@3@A@@YAXXZ 0000000140012cd0 f    CIL library: CIL module
 0001:00011ce0       ??__F?s_console@RConsole_std@rsystem@base@UModSys@@2U1234@A@@YAXXZ 0000000140012ce0 f    CIL library: CIL module
 0001:00011cf0       ??__F?s_sys@RSystem@rsystem@base@UModSys@@2U1234@A@@YAXXZ 0000000140012cf0 f    CIL library: CIL module
 0001:00011d00       ??__Frsys_dbg@rsystem@base@UModSys@@YAXXZ 0000000140012d00 f    CIL library: CIL module
 0001:00011d10       ??__FM@UModSys@@YAXXZ      0000000140012d10 f    CIL library: CIL module
 0001:00011d20       ??__F?root@SModuleRegChain@base@UModSys@@2U123@A@@YAXXZ 0000000140012d20 f    CIL library: CIL module
 0001:00011d30       ??__F?s_library@RModuleLibraryReg_Chain@base@UModSys@@2U123@A@@YAXXZ 0000000140012d30 f    CIL library: CIL module
 0001:00011d40       ??__F?root@SUniquePointer@core@UModSys@@2U123@A@@YAXXZ 0000000140012d40 f    CIL library: CIL module

 Exports

  ordinal    name

        1    UModSys_Plugin_Entry2
