 umodsysc

 Timestamp is 5256d6ed (Thu Oct 10 19:33:49 2013)

 Preferred load address is 0000000140000000

 Start         Length     Name                   Class
 0001:00000000 0000850cH .text                   CODE
 0001:00008510 0000005eH .text$00                CODE
 0001:00008570 000004c8H .text$x                 CODE
 0001:00008a40 00000722H .text$yc                CODE
 0001:00009170 0000023cH .text$yd                CODE
 0002:00000000 00000210H .idata$5                DATA
 0002:00000210 00000008H .CRT$XCA                DATA
 0002:00000218 00000008H .CRT$XCAA               DATA
 0002:00000220 00000178H .CRT$XCU                DATA
 0002:00000398 00000008H .CRT$XCZ                DATA
 0002:000003a0 00000008H .CRT$XIA                DATA
 0002:000003a8 00000008H .CRT$XIAA               DATA
 0002:000003b0 00000008H .CRT$XIY                DATA
 0002:000003b8 00000008H .CRT$XIZ                DATA
 0002:000003c0 00001880H .rdata                  DATA
 0002:00001c40 0000112cH .rdata$r                DATA
 0002:00002d70 00000008H .rtc$IAA                DATA
 0002:00002d78 00000008H .rtc$IZZ                DATA
 0002:00002d80 00000008H .rtc$TAA                DATA
 0002:00002d88 00000008H .rtc$TZZ                DATA
 0002:00002d90 000012c8H .xdata                  DATA
 0002:00004058 000000e4H .xdata$x                DATA
 0002:0000413c 00000028H .idata$2                DATA
 0002:00004164 00000014H .idata$3                DATA
 0002:00004178 00000210H .idata$4                DATA
 0002:00004388 00000412H .idata$6                DATA
 0002:000047a0 00000055H .edata                  DATA
 0003:00000000 00000914H .data                   DATA
 0003:00000920 00002750H .bss                    DATA
 0004:00000000 000010bcH .pdata                  DATA

  Address         Publics by Value              Rva+Base               Lib:Object

 0000:00000000       ___safe_se_handler_count   0000000000000000     <absolute>
 0000:00000000       ___safe_se_handler_table   0000000000000000     <absolute>
 0000:00000000       __ImageBase                0000000140000000     <linker-defined>
 0001:00000000       ??$shash@D@su@tl@UModSys@@YAHPEBD_K@Z 0000000140001000 f i umodsys.c_main.obj
 0001:00000030       ?get_interface_info@RStreamReader_FILE@media@UModSys@@UEBAAEBUSUniquePointerInfo@core@3@XZ 0000000140001030 f i umodsys_lib_libmedia:umodsys.mod.media.stdio.obj
 0001:00000040       ?get_interface_type@RStreamReader_FILE@media@UModSys@@UEBAPEBUSUniquePointerInfo@core@3@XZ 0000000140001040 f i umodsys_lib_libmedia:umodsys.mod.media.stdio.obj
 0001:00000050       ?get_other_interface@RStreamReader_FILE@media@UModSys@@UEBAPEBUIRoot@core@3@PEBUSUniquePointerInfo@53@@Z 0000000140001050 f i umodsys_lib_libmedia:umodsys.mod.media.stdio.obj
 0001:00000050       ?get_other_interface@RStreamReader_FILE@media@UModSys@@UEAAPEAUIRoot@core@3@PEBUSUniquePointerInfo@53@@Z 0000000140001050 f i umodsys_lib_libmedia:umodsys.mod.media.stdio.obj
 0001:00000080       ?ref_links@RStreamReader_FILE@media@UModSys@@UEBAHXZ 0000000140001080 f i umodsys_lib_libmedia:umodsys.mod.media.stdio.obj
 0001:00000080       ?ref_links@RStdIo_Generator@media@UModSys@@UEBAHXZ 0000000140001080 f i umodsys_lib_libmedia:umodsys.mod.media.stdio.obj
 0001:00000090       ?suicide@RStreamReader_FILE@media@UModSys@@UEAAXXZ 0000000140001090 f i umodsys_lib_libmedia:umodsys.mod.media.stdio.obj
 0001:000000f0       ?open@RStreamReader_FILE@media@UModSys@@QEAAXAEBUSParameters@core@3@@Z 00000001400010f0 f i umodsys_lib_libmedia:umodsys.mod.media.stdio.obj
 0001:00000170       ?reader_seek@RStreamReader_FILE@media@UModSys@@UEAA_N_J@Z 0000000140001170 f i umodsys_lib_libmedia:umodsys.mod.media.stdio.obj
 0001:000001a0       ?reader_seekend@RStreamReader_FILE@media@UModSys@@UEAA_N_J@Z 00000001400011a0 f i umodsys_lib_libmedia:umodsys.mod.media.stdio.obj
 0001:000001d0       ?reader_seekdelta@RStreamReader_FILE@media@UModSys@@UEAA_N_J@Z 00000001400011d0 f i umodsys_lib_libmedia:umodsys.mod.media.stdio.obj
 0001:00000200       ?reader_pos@RStreamReader_FILE@media@UModSys@@UEAA_JXZ 0000000140001200 f i umodsys_lib_libmedia:umodsys.mod.media.stdio.obj
 0001:00000230       ?reader_size@RStreamReader_FILE@media@UModSys@@UEAA_JXZ 0000000140001230 f i umodsys_lib_libmedia:umodsys.mod.media.stdio.obj
 0001:00000240       ?reader_read@RStreamReader_FILE@media@UModSys@@UEAA_NPEAX_K@Z 0000000140001240 f i umodsys_lib_libmedia:umodsys.mod.media.stdio.obj
 0001:000002f0       ?reader_close@RStreamReader_FILE@media@UModSys@@UEAAXXZ 00000001400012f0 f i umodsys_lib_libmedia:umodsys.mod.media.stdio.obj
 0001:00000320       ??_ERStreamReader_FILE@media@UModSys@@UEAAPEAXI@Z 0000000140001320 f i  CIL library: CIL module
 0001:00000320       ??_GRStreamReader_FILE@media@UModSys@@UEAAPEAXI@Z 0000000140001320 f i umodsys_lib_libmedia:umodsys.mod.media.stdio.obj
 0001:00000360       ??1IStreamReader@media@UModSys@@UEAA@XZ 0000000140001360 f i umodsys_lib_libmedia:umodsys.mod.media.stdio.obj
 0001:00000370       ??_GIRefObject@core@UModSys@@UEAAPEAXI@Z 0000000140001370 f i umodsys_lib_libmedia:umodsys.mod.media.stdio.obj
 0001:00000370       ??_EIRefObject@core@UModSys@@UEAAPEAXI@Z 0000000140001370 f i  CIL library: CIL module
 0001:00000370       ??_ERStdIo_Generator@media@UModSys@@UEAAPEAXI@Z 0000000140001370 f i  CIL library: CIL module
 0001:00000370       ??_GRStdIo_Generator@media@UModSys@@UEAAPEAXI@Z 0000000140001370 f i umodsys_lib_libmedia:umodsys.mod.media.stdio.obj
 0001:00000390       ??_GIRoot@core@UModSys@@UEAAPEAXI@Z 0000000140001390 f i umodsys_lib_libmedia:umodsys.mod.media.stdio.obj
 0001:00000390       ??_EIRoot@core@UModSys@@UEAAPEAXI@Z 0000000140001390 f i  CIL library: CIL module
 0001:000003b0       ?get_generated_names@RStdIo_Generator@media@UModSys@@UEBAHAEAUSUniquePtrList@core@3@@Z 00000001400013b0 f i umodsys_lib_libmedia:umodsys.mod.media.stdio.obj
 0001:000003d0       ?get_generated_types@RStdIo_Generator@media@UModSys@@UEBAHAEAUSUniquePtrList@core@3@PEBUSUniquePointerInfo@53@@Z 00000001400013d0 f i umodsys_lib_libmedia:umodsys.mod.media.stdio.obj
 0001:00000430       ?generate@RStdIo_Generator@media@UModSys@@UEAA_NAEAU?$TRefObject@UIRefObject@core@UModSys@@@tl@3@PEBUSUniquePointerInfo@core@3@AEBUSParameters@73@@Z 0000000140001430 f i umodsys_lib_libmedia:umodsys.mod.media.stdio.obj
 0001:00000500       ?get_interface_info@RStdIo_Generator@media@UModSys@@UEBAAEBUSUniquePointerInfo@core@3@XZ 0000000140001500 f i umodsys_lib_libmedia:umodsys.mod.media.stdio.obj
 0001:00000510       ?get_interface_type@RStdIo_Generator@media@UModSys@@UEBAPEBUSUniquePointerInfo@core@3@XZ 0000000140001510 f i umodsys_lib_libmedia:umodsys.mod.media.stdio.obj
 0001:00000520       ?get_other_interface@RStdIo_Generator@media@UModSys@@UEBAPEBUIRoot@core@3@PEBUSUniquePointerInfo@53@@Z 0000000140001520 f i umodsys_lib_libmedia:umodsys.mod.media.stdio.obj
 0001:00000520       ?get_other_interface@RStdIo_Generator@media@UModSys@@UEAAPEAUIRoot@core@3@PEBUSUniquePointerInfo@53@@Z 0000000140001520 f i umodsys_lib_libmedia:umodsys.mod.media.stdio.obj
 0001:00000560       ?ref_add@RStdIo_Generator@media@UModSys@@UEBAXXZ 0000000140001560 f i umodsys_lib_libmedia:umodsys.mod.media.stdio.obj
 0001:00000560       ?ref_add@RStreamReader_FILE@media@UModSys@@UEBAXXZ 0000000140001560 f i umodsys_lib_libmedia:umodsys.mod.media.stdio.obj
 0001:00000570       ?ref_remove@RStdIo_Generator@media@UModSys@@UEBAXXZ 0000000140001570 f i umodsys_lib_libmedia:umodsys.mod.media.stdio.obj
 0001:00000570       ?ref_remove@RStreamReader_FILE@media@UModSys@@UEBAXXZ 0000000140001570 f i umodsys_lib_libmedia:umodsys.mod.media.stdio.obj
 0001:00000590       ?suicide@RStdIo_Generator@media@UModSys@@UEAAXXZ 0000000140001590 f i umodsys_lib_libmedia:umodsys.mod.media.stdio.obj
 0001:000005a0       ?get_uid@RStdIo_Generator@media@UModSys@@UEBAPEBUSUniquePointerInfo@core@3@XZ 00000001400015a0 f i umodsys_lib_libmedia:umodsys.mod.media.stdio.obj
 0001:000005b0       ?do_open@RStdIo_ModuleReg@media@UModSys@@UEAA_NXZ 00000001400015b0 f i umodsys_lib_libmedia:umodsys.mod.media.stdio.obj
 0001:000005c0       ?do_close@RStdIo_ModuleReg@media@UModSys@@UEAA_NXZ 00000001400015c0 f i umodsys_lib_libmedia:umodsys.mod.media.stdio.obj
 0001:000005d0       ??_GRStdIo_ModuleReg@media@UModSys@@UEAAPEAXI@Z 00000001400015d0 f i umodsys_lib_libmedia:umodsys.mod.media.stdio.obj
 0001:000005d0       ??_ERStdIo_ModuleReg@media@UModSys@@UEAAPEAXI@Z 00000001400015d0 f i  CIL library: CIL module
 0001:00000600       ??$ValidateConstruction@UIRefObject@core@UModSys@@URStreamReader_FILE@media@3@@core@UModSys@@YA_NAEAU?$TRefObject@UIRefObject@core@UModSys@@@tl@1@PEAURStreamReader_FILE@media@1@@Z 0000000140001600 f i umodsys_lib_libmedia:umodsys.mod.media.stdio.obj
 0001:00000680       ??$_Ref_set@UIRefObject@core@UModSys@@U123@@tl@UModSys@@YAXAEAPEAUIRefObject@core@1@PEAU231@@Z 0000000140001680 f i umodsys_lib_libmedia:umodsys.mod.media.stdio.obj
 0001:000006c0       ?get_interface_info@RConsole_std@rsystem@base@UModSys@@UEBAAEBUSUniquePointerInfo@core@4@XZ 00000001400016c0 f i umodsys_lib_basesys:umodsys.basesys.rconsole_std.obj
 0001:000006d0       ?get_interface_type@RConsole_std@rsystem@base@UModSys@@UEBAPEBUSUniquePointerInfo@core@4@XZ 00000001400016d0 f i umodsys_lib_basesys:umodsys.basesys.rconsole_std.obj
 0001:000006e0       ?get_other_interface@RConsole_std@rsystem@base@UModSys@@UEBAPEBUIRoot@core@4@PEBUSUniquePointerInfo@64@@Z 00000001400016e0 f i umodsys_lib_basesys:umodsys.basesys.rconsole_std.obj
 0001:000006e0       ?get_other_interface@RConsole_std@rsystem@base@UModSys@@UEAAPEAUIRoot@core@4@PEBUSUniquePointerInfo@64@@Z 00000001400016e0 f i umodsys_lib_basesys:umodsys.basesys.rconsole_std.obj
 0001:00000710       ??_ERConsole_std@rsystem@base@UModSys@@UEAAPEAXI@Z 0000000140001710 f i  CIL library: CIL module
 0001:00000710       ??_GRConsole_std@rsystem@base@UModSys@@UEAAPEAXI@Z 0000000140001710 f i umodsys_lib_basesys:umodsys.basesys.rconsole_std.obj
 0001:00000730       ??_EIConsole@base@UModSys@@UEAAPEAXI@Z 0000000140001730 f i  CIL library: CIL module
 0001:00000730       ??_GIConsole@base@UModSys@@UEAAPEAXI@Z 0000000140001730 f i umodsys_lib_basesys:umodsys.basesys.rconsole_std.obj
 0001:00000750       ?decode_error@EExceptionBase@core@UModSys@@UEBAHPEAD_K@Z 0000000140001750 f i umodsys_lib_basesys:umodsys.basesys.rsystem_main.obj
 0001:00000790       ?decode_error@EFatal@core@UModSys@@UEBAHPEAD_K@Z 0000000140001790 f i umodsys_lib_basesys:umodsys.basesys.rsystem_main.obj
 0001:000007d0       ??_EEWarning@core@UModSys@@UEAAPEAXI@Z 00000001400017d0 f i  CIL library: CIL module
 0001:000007d0       ??_GEExceptionBase@core@UModSys@@UEAAPEAXI@Z 00000001400017d0 f i umodsys_lib_basesys:umodsys.basesys.rsystem_main.obj
 0001:000007d0       ??_GEFatal@core@UModSys@@UEAAPEAXI@Z 00000001400017d0 f i umodsys_lib_basesys:umodsys.basesys.rsystem_main.obj
 0001:000007d0       ??_EEExceptionBase@core@UModSys@@UEAAPEAXI@Z 00000001400017d0 f i  CIL library: CIL module
 0001:000007d0       ??_GEWarning@core@UModSys@@UEAAPEAXI@Z 00000001400017d0 f i umodsys_lib_basesys:umodsys.basesys.rsystem_main.obj
 0001:000007d0       ??_EEFatal@core@UModSys@@UEAAPEAXI@Z 00000001400017d0 f i  CIL library: CIL module
 0001:00000800       ?decode_error@EWarning@core@UModSys@@UEBAHPEAD_K@Z 0000000140001800 f i umodsys_lib_basesys:umodsys.basesys.rsystem_main.obj
 0001:00000840       ??1EWarning@core@UModSys@@UEAA@XZ 0000000140001840 f i umodsys_lib_basesys:umodsys.basesys.rsystem_main.obj
 0001:00000840       ??1EFatal@core@UModSys@@UEAA@XZ 0000000140001840 f i umodsys_lib_basesys:umodsys.basesys.rsystem_main.obj
 0001:00000850       ?get_interface_info@ISystem@base@UModSys@@UEBAAEBUSUniquePointerInfo@core@3@XZ 0000000140001850 f i umodsys_lib_basesys:umodsys.basesys.rsystem_main.obj
 0001:00000860       ?get_interface_type@ISystem@base@UModSys@@UEBAPEBUSUniquePointerInfo@core@3@XZ 0000000140001860 f i umodsys_lib_basesys:umodsys.basesys.rsystem_main.obj
 0001:00000870       ?get_other_interface@ISystem@base@UModSys@@UEAAPEAUIRoot@core@3@PEBUSUniquePointerInfo@53@@Z 0000000140001870 f i umodsys_lib_basesys:umodsys.basesys.rsystem_main.obj
 0001:00000870       ?get_other_interface@ISystem@base@UModSys@@UEBAPEBUIRoot@core@3@PEBUSUniquePointerInfo@53@@Z 0000000140001870 f i umodsys_lib_basesys:umodsys.basesys.rsystem_main.obj
 0001:00000890       ?get_interface_info@RSystem@rsystem@base@UModSys@@UEBAAEBUSUniquePointerInfo@core@4@XZ 0000000140001890 f i umodsys_lib_basesys:umodsys.basesys.rsystem_main.obj
 0001:000008a0       ?get_interface_type@RSystem@rsystem@base@UModSys@@UEBAPEBUSUniquePointerInfo@core@4@XZ 00000001400018a0 f i umodsys_lib_basesys:umodsys.basesys.rsystem_main.obj
 0001:000008b0       ?get_other_interface@RSystem@rsystem@base@UModSys@@UEAAPEAUIRoot@core@4@PEBUSUniquePointerInfo@64@@Z 00000001400018b0 f i umodsys_lib_basesys:umodsys.basesys.rsystem_main.obj
 0001:000008b0       ?get_other_interface@RSystem@rsystem@base@UModSys@@UEBAPEBUIRoot@core@4@PEBUSUniquePointerInfo@64@@Z 00000001400018b0 f i umodsys_lib_basesys:umodsys.basesys.rsystem_main.obj
 0001:000008d0       ??_GRSystem@rsystem@base@UModSys@@UEAAPEAXI@Z 00000001400018d0 f i umodsys_lib_basesys:umodsys.basesys.rsystem_main.obj
 0001:000008d0       ??_ERSystem@rsystem@base@UModSys@@UEAAPEAXI@Z 00000001400018d0 f i  CIL library: CIL module
 0001:000008f0       ??_EISystem@base@UModSys@@UEAAPEAXI@Z 00000001400018f0 f i  CIL library: CIL module
 0001:000008f0       ??_GISystem@base@UModSys@@UEAAPEAXI@Z 00000001400018f0 f i umodsys_lib_basesys:umodsys.basesys.rsystem_main.obj
 0001:00000910       ??1?$TStaticStringPool@DU?$TComparerBinaryHash@D@su@tl@UModSys@@USMemAlloc_Malloc@core@4@@tl@UModSys@@QEAA@XZ 0000000140001910 f i umodsys_lib_basesys:umodsys.basesys.rsystem_main.obj
 0001:00000920       ??1?$TRefObject@UIRefObject@core@UModSys@@@tl@UModSys@@QEAA@XZ 0000000140001920 f i umodsys_lib_basesys:umodsys.basesys.rsystem_tests.obj
 0001:00000920       ??1?$TRefObject@UIShell@base@UModSys@@@tl@UModSys@@QEAA@XZ 0000000140001920 f i umodsys_lib_basesys:umodsys.basesys.rsystem_tests.obj
 0001:00000920       ??1?$TRefObject@URParameters@rsystem@base@UModSys@@@tl@UModSys@@QEAA@XZ 0000000140001920 f i umodsys_lib_basesys:umodsys.basesys.rsystem_main.obj
 0001:00000920       ??1?$TRefObject@URStdIo_Generator@media@UModSys@@@tl@UModSys@@QEAA@XZ 0000000140001920 f i umodsys_lib_libmedia:umodsys.mod.media.stdio.obj
 0001:00000920       ??1?$TRefObject@UIModuleLibraryUni@rsystem@base@UModSys@@@tl@UModSys@@QEAA@XZ 0000000140001920 f i umodsys_lib_basesys:umodsys.basesys.rmodule.obj
 0001:00000920       ??1?$TRefObject@URStreamReader_FILE@media@UModSys@@@tl@UModSys@@QEAA@XZ 0000000140001920 f i umodsys_lib_libmedia:umodsys.mod.media.stdio.obj
 0001:00000920       ??1?$TRefObject@URModuleLibrarySO@rsystem@base@UModSys@@@tl@UModSys@@QEAA@XZ 0000000140001920 f i umodsys_lib_basesys:umodsys.basesys.rmoduleloader.obj
 0001:00000950       ??1?$TQuantArrayUnique@USUniquePointerInfo@core@UModSys@@$0BAA@USMemAlloc_Malloc@23@@tl@UModSys@@QEAA@XZ 0000000140001950 f i umodsys_lib_basesys:umodsys.basesys.rsystem_main.obj
 0001:000009a0       ??1?$TTreeHoldRBD@U?$TQuantArrayNode@USUniquePointerInfo@core@UModSys@@$0BAA@@tl@UModSys@@U?$TNodeDeleter@U?$TQuantArrayNode@USUniquePointerInfo@core@UModSys@@$0BAA@@tl@UModSys@@USMemAlloc_Malloc@core@3@@23@@tl@UModSys@@QEAA@XZ 00000001400019a0 f i umodsys_lib_basesys:umodsys.basesys.rsystem_main.obj
 0001:000009a0       ??1?$TTreeHoldRBD@U?$TQuantArrayNode@USSourceContext@core@UModSys@@$0BAA@@tl@UModSys@@U?$TNodeDeleter@U?$TQuantArrayNode@USSourceContext@core@UModSys@@$0BAA@@tl@UModSys@@USMemAlloc_Malloc@core@3@@23@@tl@UModSys@@QEAA@XZ 00000001400019a0 f i umodsys_lib_basesys:umodsys.basesys.rsystem_main.obj
 0001:000009c0       ??0?$TRMemAlloc_CC@U?$TMemAllocHeader@USMagic@mem_headers@rsystem@base@UModSys@@U?$TPool@X@2345@USDebug@2345@UVoid@core@5@@rsystem@base@UModSys@@USMemAlloc_Malloc@core@4@@rsystem@base@UModSys@@QEAA@PEAUIExceptionHandler@core@3@@Z 00000001400019c0 f i umodsys_lib_basesys:umodsys.basesys.rsystem_main.obj
 0001:000009e0       ??1?$TRMemAlloc_CC@U?$TMemAllocHeader@USMagic@mem_headers@rsystem@base@UModSys@@U?$TPool@X@2345@USDebug@2345@UVoid@core@5@@rsystem@base@UModSys@@USMemAlloc_Malloc@core@4@@rsystem@base@UModSys@@QEAA@XZ 00000001400019e0 f i umodsys_lib_basesys:umodsys.basesys.rsystem_main.obj
 0001:000009f0       ?mem_alloc@?$TRMemAlloc_CC@U?$TMemAllocHeader@USMagic@mem_headers@rsystem@base@UModSys@@U?$TPool@X@2345@USDebug@2345@UVoid@core@5@@rsystem@base@UModSys@@USMemAlloc_Malloc@core@4@@rsystem@base@UModSys@@UEAAPEAX_KPEBUSSourceContext@core@4@@Z 00000001400019f0 f i umodsys_lib_basesys:umodsys.basesys.rsystem_main.obj
 0001:00000a50       ?mem_realloc@?$TRMemAlloc_CC@U?$TMemAllocHeader@USMagic@mem_headers@rsystem@base@UModSys@@U?$TPool@X@2345@USDebug@2345@UVoid@core@5@@rsystem@base@UModSys@@USMemAlloc_Malloc@core@4@@rsystem@base@UModSys@@UEAAPEAXPEAX_KPEBUSSourceContext@core@4@@Z 0000000140001a50 f i umodsys_lib_basesys:umodsys.basesys.rsystem_main.obj
 0001:00000c80       ?mem_free@?$TRMemAlloc_CC@U?$TMemAllocHeader@USMagic@mem_headers@rsystem@base@UModSys@@U?$TPool@X@2345@USDebug@2345@UVoid@core@5@@rsystem@base@UModSys@@USMemAlloc_Malloc@core@4@@rsystem@base@UModSys@@UEAAXPEAXPEBUSSourceContext@core@4@@Z 0000000140001c80 f i umodsys_lib_basesys:umodsys.basesys.rsystem_main.obj
 0001:00000d40       ?free@?$TStaticStringPool@DU?$TComparerBinaryHash@D@su@tl@UModSys@@USMemAlloc_Malloc@core@4@@tl@UModSys@@QEAAXXZ 0000000140001d40 f i umodsys_lib_basesys:umodsys.basesys.rsystem_main.obj
 0001:00000da0       ??$process_nodes@U?$TNodeDeleter@U?$TQuantArrayNode@USSourceContext@core@UModSys@@$0BAA@@tl@UModSys@@USMemAlloc_Malloc@core@3@@tl@UModSys@@@?$TTreeHoldRB@U?$TQuantArrayNode@USSourceContext@core@UModSys@@$0BAA@@tl@UModSys@@@tl@UModSys@@QEAAHAEBU?$TNodeDeleter@U?$TQuantArrayNode@USSourceContext@core@UModSys@@$0BAA@@tl@UModSys@@USMemAlloc_Malloc@core@3@@12@@Z 0000000140001da0 f i umodsys_lib_basesys:umodsys.basesys.rsystem_main.obj
 0001:00000da0       ??$process_nodes@U?$TNodeDeleter@U?$TQuantArrayNode@USUniquePointerInfo@core@UModSys@@$0BAA@@tl@UModSys@@USMemAlloc_Malloc@core@3@@tl@UModSys@@@?$TTreeHoldRB@U?$TQuantArrayNode@USUniquePointerInfo@core@UModSys@@$0BAA@@tl@UModSys@@@tl@UModSys@@QEAAHAEBU?$TNodeDeleter@U?$TQuantArrayNode@USUniquePointerInfo@core@UModSys@@$0BAA@@tl@UModSys@@USMemAlloc_Malloc@core@3@@12@@Z 0000000140001da0 f i umodsys_lib_basesys:umodsys.basesys.rsystem_main.obj
 0001:00000e20       ??$process@UEFatal@core@UModSys@@@IExceptionHandler@core@UModSys@@QEAAXAEBUEFatal@12@@Z 0000000140001e20 f i umodsys_lib_basesys:umodsys.basesys.rsystem_main.obj
 0001:00000e90       ??$process_nodes_r@U?$TNodeDeleter@U?$TQuantArrayNode@USSourceContext@core@UModSys@@$0BAA@@tl@UModSys@@USMemAlloc_Malloc@core@3@@tl@UModSys@@@?$TTreeHoldRB@U?$TQuantArrayNode@USSourceContext@core@UModSys@@$0BAA@@tl@UModSys@@@tl@UModSys@@KAHPEAU?$TQuantArrayNode@USSourceContext@core@UModSys@@$0BAA@@12@AEBU?$TNodeDeleter@U?$TQuantArrayNode@USSourceContext@core@UModSys@@$0BAA@@tl@UModSys@@USMemAlloc_Malloc@core@3@@12@@Z 0000000140001e90 f i umodsys_lib_basesys:umodsys.basesys.rsystem_main.obj
 0001:00000e90       ??$process_nodes_r@U?$TNodeDeleter@U?$TQuantArrayNode@USUniquePointerInfo@core@UModSys@@$0BAA@@tl@UModSys@@USMemAlloc_Malloc@core@3@@tl@UModSys@@@?$TTreeHoldRB@U?$TQuantArrayNode@USUniquePointerInfo@core@UModSys@@$0BAA@@tl@UModSys@@@tl@UModSys@@KAHPEAU?$TQuantArrayNode@USUniquePointerInfo@core@UModSys@@$0BAA@@12@AEBU?$TNodeDeleter@U?$TQuantArrayNode@USUniquePointerInfo@core@UModSys@@$0BAA@@tl@UModSys@@USMemAlloc_Malloc@core@3@@12@@Z 0000000140001e90 f i umodsys_lib_basesys:umodsys.basesys.rsystem_main.obj
 0001:00000f00       ??0EFatal@core@UModSys@@QEAA@AEBU012@@Z 0000000140001f00 f i umodsys_lib_basesys:umodsys.basesys.rsystem_main.obj
 0001:00000f40       ??0EExceptionBase@core@UModSys@@QEAA@AEBU012@@Z 0000000140001f40 f i umodsys_lib_basesys:umodsys.basesys.rsystem_main.obj
 0001:00000f80       ??0EWarning@core@UModSys@@QEAA@AEBU012@@Z 0000000140001f80 f i umodsys_lib_basesys:umodsys.basesys.rsystem_main.obj
 0001:00000fc0       ??1?$TParametersA@$0EAA@@core@UModSys@@QEAA@XZ 0000000140001fc0 f i umodsys_lib_basesys:umodsys.basesys.rsystem_tests.obj
 0001:00000fe0       ??_ERModuleLoader@rsystem@base@UModSys@@UEAAPEAXI@Z 0000000140001fe0 f i  CIL library: CIL module
 0001:00000fe0       ??_GRModuleLoader@rsystem@base@UModSys@@UEAAPEAXI@Z 0000000140001fe0 f i umodsys_lib_basesys:umodsys.basesys.rmoduleloader.obj
 0001:00001010       ??_EIModuleLoader@base@UModSys@@UEAAPEAXI@Z 0000000140002010 f i  CIL library: CIL module
 0001:00001010       ??_GIModuleLoader@base@UModSys@@UEAAPEAXI@Z 0000000140002010 f i umodsys_lib_basesys:umodsys.basesys.rmoduleloader.obj
 0001:00001040       ??1?$TDynarrayDynamic@U?$TRefObject@URModuleLibrarySO@rsystem@base@UModSys@@@tl@UModSys@@U?$TAllocator@USMemAlloc_Malloc@core@UModSys@@USCountCalcPower2@23@@23@@tl@UModSys@@QEAA@XZ 0000000140002040 f i umodsys_lib_basesys:umodsys.basesys.rmoduleloader.obj
 0001:000010a0       ?append@?$TStaticStringPool@DU?$TComparerBinaryHash@D@su@tl@UModSys@@USMemAlloc_Malloc@core@4@@tl@UModSys@@QEAAPEBU?$TString@U?$TSCoreConst@D@su@tl@UModSys@@U?$TComparerBinaryHash@D@234@@23@PEBD_K@Z 00000001400020a0 f i umodsys_lib_basesys:umodsys.basesys.rmoduleloader.obj
 0001:00001320       ?ResizeRel@?$TDynarray@U?$TDynarrayHolderDynamic@U?$TRefObject@URModuleLibrarySO@rsystem@base@UModSys@@@tl@UModSys@@U?$TAllocator@USMemAlloc_Malloc@core@UModSys@@USCountCalcPower2@23@@23@@tl@UModSys@@@tl@UModSys@@QEAA_N_J@Z 0000000140002320 f i umodsys_lib_basesys:umodsys.basesys.rmoduleloader.obj
 0001:000013d0       ?items_destruct@?$TDynarray@U?$TDynarrayHolderDynamic@U?$TRefObject@URModuleLibrarySO@rsystem@base@UModSys@@@tl@UModSys@@U?$TAllocator@USMemAlloc_Malloc@core@UModSys@@USCountCalcPower2@23@@23@@tl@UModSys@@@tl@UModSys@@IEAAX_K0@Z 00000001400023d0 f i umodsys_lib_basesys:umodsys.basesys.rmoduleloader.obj
 0001:00001440       ?find_s@?$TStaticStringPool@DU?$TComparerBinaryHash@D@su@tl@UModSys@@USMemAlloc_Malloc@core@4@@tl@UModSys@@QEBAPEBU?$TString@U?$TSCoreConst@D@su@tl@UModSys@@U?$TComparerBinaryHash@D@234@@23@AEBU423@@Z 0000000140002440 f i umodsys_lib_basesys:umodsys.basesys.rmoduleloader.obj
 0001:000014e0       ?get_interface_info@RModuleLibraryThis@rsystem@base@UModSys@@UEBAAEBUSUniquePointerInfo@core@4@XZ 00000001400024e0 f i umodsys_lib_basesys:umodsys.basesys.rmodulelibthis.obj
 0001:000014f0       ?get_interface_type@RModuleLibraryThis@rsystem@base@UModSys@@UEBAPEBUSUniquePointerInfo@core@4@XZ 00000001400024f0 f i umodsys_lib_basesys:umodsys.basesys.rmodulelibthis.obj
 0001:00001500       ?get_other_interface@RModuleLibraryThis@rsystem@base@UModSys@@UEBAPEBUIRoot@core@4@PEBUSUniquePointerInfo@64@@Z 0000000140002500 f i umodsys_lib_basesys:umodsys.basesys.rmodulelibthis.obj
 0001:00001500       ?get_other_interface@RModuleLibraryThis@rsystem@base@UModSys@@UEAAPEAUIRoot@core@4@PEBUSUniquePointerInfo@64@@Z 0000000140002500 f i umodsys_lib_basesys:umodsys.basesys.rmodulelibthis.obj
 0001:00001540       ?ref_add@RModuleLibraryThis@rsystem@base@UModSys@@UEBAXXZ 0000000140002540 f i umodsys_lib_basesys:umodsys.basesys.rmodulelibthis.obj
 0001:00001550       ?ref_remove@RModuleLibraryThis@rsystem@base@UModSys@@UEBAXXZ 0000000140002550 f i umodsys_lib_basesys:umodsys.basesys.rmodulelibthis.obj
 0001:00001570       ?ref_links@RModuleLibraryThis@rsystem@base@UModSys@@UEBAHXZ 0000000140002570 f i umodsys_lib_basesys:umodsys.basesys.rmodulelibthis.obj
 0001:00001580       ?suicide@RModuleLibraryThis@rsystem@base@UModSys@@UEAAXXZ 0000000140002580 f i umodsys_lib_basesys:umodsys.basesys.rmodulelibthis.obj
 0001:000015b0       ??_GRModuleLibraryThis@rsystem@base@UModSys@@UEAAPEAXI@Z 00000001400025b0 f i umodsys_lib_basesys:umodsys.basesys.rmodulelibthis.obj
 0001:000015b0       ??_ERModuleLibraryThis@rsystem@base@UModSys@@UEAAPEAXI@Z 00000001400025b0 f i  CIL library: CIL module
 0001:000015d0       ??_EIModuleLibraryUni@rsystem@base@UModSys@@UEAAPEAXI@Z 00000001400025d0 f i  CIL library: CIL module
 0001:000015d0       ??_GIModuleLibraryUni@rsystem@base@UModSys@@UEAAPEAXI@Z 00000001400025d0 f i umodsys_lib_basesys:umodsys.basesys.rmodulelib.obj
 0001:000015f0       ??_EIModuleLibrary@base@UModSys@@UEAAPEAXI@Z 00000001400025f0 f i  CIL library: CIL module
 0001:000015f0       ??_GIModuleLibrary@base@UModSys@@UEAAPEAXI@Z 00000001400025f0 f i umodsys_lib_basesys:umodsys.basesys.rmodulelib.obj
 0001:00001610       ?ResizeRel@?$TDynarray@U?$TDynarrayHolderDynamic@U?$TRefObject@URModule@rsystem@base@UModSys@@@tl@UModSys@@U?$TAllocator@USMemAlloc_Malloc@core@UModSys@@USCountCalcPower2@23@@23@@tl@UModSys@@@tl@UModSys@@QEAA_N_J@Z 0000000140002610 f i umodsys_lib_basesys:umodsys.basesys.rmodulelib.obj
 0001:00001710       ?ReLink@?$TDynarray@U?$TDynarrayHolderDynamic@U?$TRefObject@URModule@rsystem@base@UModSys@@@tl@UModSys@@U?$TAllocator@USMemAlloc_Malloc@core@UModSys@@USCountCalcPower2@23@@23@@tl@UModSys@@@tl@UModSys@@IEAA_N_K@Z 0000000140002710 f i umodsys_lib_basesys:umodsys.basesys.rmodulelib.obj
 0001:00001710       ?ReLink@?$TDynarray@U?$TDynarrayHolderDynamic@U?$TRefObject@URModuleLibrarySO@rsystem@base@UModSys@@@tl@UModSys@@U?$TAllocator@USMemAlloc_Malloc@core@UModSys@@USCountCalcPower2@23@@23@@tl@UModSys@@@tl@UModSys@@IEAA_N_K@Z 0000000140002710 f i umodsys_lib_basesys:umodsys.basesys.rmoduleloader.obj
 0001:00001780       ?add@?$TQuantArrayUnique@USSourceContext@core@UModSys@@$0BAA@USMemAlloc_Malloc@23@@tl@UModSys@@QEAAPEAUSSourceContext@core@3@AEBU453@@Z 0000000140002780 f i umodsys_lib_basesys:umodsys.basesys.rsystem.obj
 0001:00001780       ?add@?$TQuantArrayUnique@USUniquePointerInfo@core@UModSys@@$0BAA@USMemAlloc_Malloc@23@@tl@UModSys@@QEAAPEAUSUniquePointerInfo@core@3@AEBU453@@Z 0000000140002780 f i umodsys_lib_basesys:umodsys.basesys.rsystem.obj
 0001:00001910       ?find@?$TQuantArrayUnique@USUniquePointerInfo@core@UModSys@@$0BAA@USMemAlloc_Malloc@23@@tl@UModSys@@QEAAPEBUSUniquePointerInfo@core@3@AEBU453@@Z 0000000140002910 f i umodsys_lib_basesys:umodsys.basesys.rsystem.obj
 0001:00001910       ?find@?$TQuantArrayUnique@USSourceContext@core@UModSys@@$0BAA@USMemAlloc_Malloc@23@@tl@UModSys@@QEAAPEBUSSourceContext@core@3@AEBU453@@Z 0000000140002910 f i umodsys_lib_basesys:umodsys.basesys.rsystem.obj
 0001:00001a40       ?s_last@?$TQuantArrayUnique@USUniquePointerInfo@core@UModSys@@$0BAA@USMemAlloc_Malloc@23@@tl@UModSys@@KAHPEBU?$TQuantArrayNode@USUniquePointerInfo@core@UModSys@@$0BAA@@23@0@Z 0000000140002a40 f i umodsys_lib_basesys:umodsys.basesys.rsystem.obj
 0001:00001a40       ?s_last@?$TQuantArrayUnique@USSourceContext@core@UModSys@@$0BAA@USMemAlloc_Malloc@23@@tl@UModSys@@KAHPEBU?$TQuantArrayNode@USSourceContext@core@UModSys@@$0BAA@@23@0@Z 0000000140002a40 f i umodsys_lib_basesys:umodsys.basesys.rsystem.obj
 0001:00001a50       ??$insert_node_m@P6AHPEBU?$TQuantArrayNode@USSourceContext@core@UModSys@@$0BAA@@tl@UModSys@@0@Z@?$TTreeHoldRB@U?$TQuantArrayNode@USSourceContext@core@UModSys@@$0BAA@@tl@UModSys@@@tl@UModSys@@QEAAPEAU?$TQuantArrayNode@USSourceContext@core@UModSys@@$0BAA@@12@PEAU312@P6AHPEBU312@1@Z@Z 0000000140002a50 f i umodsys_lib_basesys:umodsys.basesys.rsystem.obj
 0001:00001a50       ??$insert_node_m@P6AHPEBU?$TQuantArrayNode@USUniquePointerInfo@core@UModSys@@$0BAA@@tl@UModSys@@0@Z@?$TTreeHoldRB@U?$TQuantArrayNode@USUniquePointerInfo@core@UModSys@@$0BAA@@tl@UModSys@@@tl@UModSys@@QEAAPEAU?$TQuantArrayNode@USUniquePointerInfo@core@UModSys@@$0BAA@@12@PEAU312@P6AHPEBU312@1@Z@Z 0000000140002a50 f i umodsys_lib_basesys:umodsys.basesys.rsystem.obj
 0001:00001b00       ?insert_color@?$TTreeHoldRB@U?$TQuantArrayNode@USUniquePointerInfo@core@UModSys@@$0BAA@@tl@UModSys@@@tl@UModSys@@IEAAXPEAU?$TQuantArrayNode@USUniquePointerInfo@core@UModSys@@$0BAA@@23@@Z 0000000140002b00 f i umodsys_lib_basesys:umodsys.basesys.rsystem.obj
 0001:00001b00       ?insert_color@?$TTreeHoldRB@U?$TQuantArrayNode@USSourceContext@core@UModSys@@$0BAA@@tl@UModSys@@@tl@UModSys@@IEAAXPEAU?$TQuantArrayNode@USSourceContext@core@UModSys@@$0BAA@@23@@Z 0000000140002b00 f i umodsys_lib_basesys:umodsys.basesys.rsystem.obj
 0001:00001cb0       ?get_interface_info@RParameters@rsystem@base@UModSys@@UEBAAEBUSUniquePointerInfo@core@4@XZ 0000000140002cb0 f i umodsys_lib_basesys:umodsys.basesys.rparameters.obj
 0001:00001cc0       ?get_interface_type@RParameters@rsystem@base@UModSys@@UEBAPEBUSUniquePointerInfo@core@4@XZ 0000000140002cc0 f i umodsys_lib_basesys:umodsys.basesys.rparameters.obj
 0001:00001cd0       ?get_interface_types@RModule@rsystem@base@UModSys@@UEBA_KAEAUSUniquePtrList@core@4@@Z 0000000140002cd0 f i umodsys_lib_basesys:umodsys.basesys.rmodule.obj
 0001:00001cd0       ?get_interface_types@RModuleLibrarySO@rsystem@base@UModSys@@UEBA_KAEAUSUniquePtrList@core@4@@Z 0000000140002cd0 f i umodsys_lib_basesys:umodsys.basesys.rmodulelibso.obj
 0001:00001cd0       ?get_interface_types@RSystem@rsystem@base@UModSys@@UEBA_KAEAUSUniquePtrList@core@4@@Z 0000000140002cd0 f i umodsys_lib_basesys:umodsys.basesys.rsystem_main.obj
 0001:00001cd0       ?get_interface_types@RModuleLibraryThis@rsystem@base@UModSys@@UEBA_KAEAUSUniquePtrList@core@4@@Z 0000000140002cd0 f i umodsys_lib_basesys:umodsys.basesys.rmodulelibthis.obj
 0001:00001cd0       ?get_interface_types@ISystem@base@UModSys@@UEBA_KAEAUSUniquePtrList@core@3@@Z 0000000140002cd0 f i umodsys_lib_basesys:umodsys.basesys.rsystem_main.obj
 0001:00001cd0       ?get_interface_types@RStdIo_Generator@media@UModSys@@UEBA_KAEAUSUniquePtrList@core@3@@Z 0000000140002cd0 f i umodsys_lib_libmedia:umodsys.mod.media.stdio.obj
 0001:00001cd0       ?get_interface_types@RParameters@rsystem@base@UModSys@@UEBA_KAEAUSUniquePtrList@core@4@@Z 0000000140002cd0 f i umodsys_lib_basesys:umodsys.basesys.rparameters.obj
 0001:00001cd0       ?get_interface_types@RStreamReader_FILE@media@UModSys@@UEBA_KAEAUSUniquePtrList@core@3@@Z 0000000140002cd0 f i umodsys_lib_libmedia:umodsys.mod.media.stdio.obj
 0001:00001cd0       ?get_interface_types@RConsole_std@rsystem@base@UModSys@@UEBA_KAEAUSUniquePtrList@core@4@@Z 0000000140002cd0 f i umodsys_lib_basesys:umodsys.basesys.rconsole_std.obj
 0001:00001ce0       ?get_other_interface@RParameters@rsystem@base@UModSys@@UEBAPEBUIRoot@core@4@PEBUSUniquePointerInfo@64@@Z 0000000140002ce0 f i umodsys_lib_basesys:umodsys.basesys.rparameters.obj
 0001:00001ce0       ?get_other_interface@RParameters@rsystem@base@UModSys@@UEAAPEAUIRoot@core@4@PEBUSUniquePointerInfo@64@@Z 0000000140002ce0 f i umodsys_lib_basesys:umodsys.basesys.rparameters.obj
 0001:00001d10       ?ref_add@RParameters@rsystem@base@UModSys@@UEBAXXZ 0000000140002d10 f i umodsys_lib_basesys:umodsys.basesys.rparameters.obj
 0001:00001d20       ?ref_remove@RParameters@rsystem@base@UModSys@@UEBAXXZ 0000000140002d20 f i umodsys_lib_basesys:umodsys.basesys.rparameters.obj
 0001:00001d40       ?ref_links@RParameters@rsystem@base@UModSys@@UEBAHXZ 0000000140002d40 f i umodsys_lib_basesys:umodsys.basesys.rparameters.obj
 0001:00001d50       ?suicide@RParameters@rsystem@base@UModSys@@UEAAXXZ 0000000140002d50 f i umodsys_lib_basesys:umodsys.basesys.rparameters.obj
 0001:00001d80       ??_GRParameters@rsystem@base@UModSys@@UEAAPEAXI@Z 0000000140002d80 f i umodsys_lib_basesys:umodsys.basesys.rparameters.obj
 0001:00001d80       ??_ERParameters@rsystem@base@UModSys@@UEAAPEAXI@Z 0000000140002d80 f i  CIL library: CIL module
 0001:00001da0       ??$shash@D@su@tl@UModSys@@YAHPEBD@Z 0000000140002da0 f i umodsys_lib_basesys:umodsys.basesys.rparameters.obj
 0001:00001dd0       ?get_interface_info@RModule@rsystem@base@UModSys@@UEBAAEBUSUniquePointerInfo@core@4@XZ 0000000140002dd0 f i umodsys_lib_basesys:umodsys.basesys.rmodule.obj
 0001:00001de0       ?get_interface_type@RModule@rsystem@base@UModSys@@UEBAPEBUSUniquePointerInfo@core@4@XZ 0000000140002de0 f i umodsys_lib_basesys:umodsys.basesys.rmodule.obj
 0001:00001df0       ?get_other_interface@RModule@rsystem@base@UModSys@@UEBAPEBUIRoot@core@4@PEBUSUniquePointerInfo@64@@Z 0000000140002df0 f i umodsys_lib_basesys:umodsys.basesys.rmodule.obj
 0001:00001df0       ?get_other_interface@RModule@rsystem@base@UModSys@@UEAAPEAUIRoot@core@4@PEBUSUniquePointerInfo@64@@Z 0000000140002df0 f i umodsys_lib_basesys:umodsys.basesys.rmodule.obj
 0001:00001e20       ?ref_add@RModule@rsystem@base@UModSys@@UEBAXXZ 0000000140002e20 f i umodsys_lib_basesys:umodsys.basesys.rmodule.obj
 0001:00001e30       ?ref_remove@RModule@rsystem@base@UModSys@@UEBAXXZ 0000000140002e30 f i umodsys_lib_basesys:umodsys.basesys.rmodule.obj
 0001:00001e50       ?ref_links@RModule@rsystem@base@UModSys@@UEBAHXZ 0000000140002e50 f i umodsys_lib_basesys:umodsys.basesys.rmodule.obj
 0001:00001e60       ?suicide@RModule@rsystem@base@UModSys@@UEAAXXZ 0000000140002e60 f i umodsys_lib_basesys:umodsys.basesys.rmodule.obj
 0001:00001ec0       ??_GRModule@rsystem@base@UModSys@@UEAAPEAXI@Z 0000000140002ec0 f i umodsys_lib_basesys:umodsys.basesys.rmodule.obj
 0001:00001ec0       ??_ERModule@rsystem@base@UModSys@@UEAAPEAXI@Z 0000000140002ec0 f i  CIL library: CIL module
 0001:00001ee0       ??_GIModule@base@UModSys@@UEAAPEAXI@Z 0000000140002ee0 f i umodsys_lib_basesys:umodsys.basesys.rmodule.obj
 0001:00001ee0       ??_EIModule@base@UModSys@@UEAAPEAXI@Z 0000000140002ee0 f i  CIL library: CIL module
 0001:00001f00       ??1?$TDynarrayDynamic@UModuleObjInfo@RModule@rsystem@base@UModSys@@U?$TAllocator@USMemAlloc_Malloc@core@UModSys@@USCountCalcPower2@23@@tl@5@@tl@UModSys@@QEAA@XZ 0000000140002f00 f i umodsys_lib_basesys:umodsys.basesys.rmodule.obj
 0001:00001f60       ?Push@?$TDynarray@U?$TDynarrayHolderDynamic@UModuleObjInfo@RModule@rsystem@base@UModSys@@U?$TAllocator@USMemAlloc_Malloc@core@UModSys@@USCountCalcPower2@23@@tl@5@@tl@UModSys@@@tl@UModSys@@QEAA_NXZ 0000000140002f60 f i umodsys_lib_basesys:umodsys.basesys.rmodule.obj
 0001:00002020       ??1?$TDynarrayDynamic@UGeneratedObjInfo@RModule@rsystem@base@UModSys@@U?$TAllocator@USMemAlloc_Malloc@core@UModSys@@USCountCalcPower2@23@@tl@5@@tl@UModSys@@QEAA@XZ 0000000140003020 f i umodsys_lib_basesys:umodsys.basesys.rmodule.obj
 0001:00002080       ??1?$TDynarrayDynamic@PEBUSUniquePointerInfo@core@UModSys@@U?$TAllocator@USMemAlloc_Malloc@core@UModSys@@USCountCalcPower2@23@@tl@3@@tl@UModSys@@QEAA@XZ 0000000140003080 f i umodsys_lib_basesys:umodsys.basesys.rmodule.obj
 0001:000020e0       ?ResizeRel@?$TDynarray@U?$TDynarrayHolderDynamic@UModuleObjInfo@RModule@rsystem@base@UModSys@@U?$TAllocator@USMemAlloc_Malloc@core@UModSys@@USCountCalcPower2@23@@tl@5@@tl@UModSys@@@tl@UModSys@@QEAA_N_J@Z 00000001400030e0 f i umodsys_lib_basesys:umodsys.basesys.rmodule.obj
 0001:000021d0       ?ResizeRel@?$TDynarray@U?$TDynarrayHolderDynamic@UGeneratedObjInfo@RModule@rsystem@base@UModSys@@U?$TAllocator@USMemAlloc_Malloc@core@UModSys@@USCountCalcPower2@23@@tl@5@@tl@UModSys@@@tl@UModSys@@QEAA_N_J@Z 00000001400031d0 f i umodsys_lib_basesys:umodsys.basesys.rmodule.obj
 0001:000022c0       ?ResizeRel@?$TDynarray@U?$TDynarrayHolderDynamic@PEBUSUniquePointerInfo@core@UModSys@@U?$TAllocator@USMemAlloc_Malloc@core@UModSys@@USCountCalcPower2@23@@tl@3@@tl@UModSys@@@tl@UModSys@@QEAA_N_J@Z 00000001400032c0 f i umodsys_lib_basesys:umodsys.basesys.rmodule.obj
 0001:00002380       ?get_interface_info@RModuleLibrarySO@rsystem@base@UModSys@@UEBAAEBUSUniquePointerInfo@core@4@XZ 0000000140003380 f i umodsys_lib_basesys:umodsys.basesys.rmodulelibso.obj
 0001:00002390       ?get_interface_type@RModuleLibrarySO@rsystem@base@UModSys@@UEBAPEBUSUniquePointerInfo@core@4@XZ 0000000140003390 f i umodsys_lib_basesys:umodsys.basesys.rmodulelibso.obj
 0001:000023a0       ?get_other_interface@RModuleLibrarySO@rsystem@base@UModSys@@UEAAPEAUIRoot@core@4@PEBUSUniquePointerInfo@64@@Z 00000001400033a0 f i umodsys_lib_basesys:umodsys.basesys.rmodulelibso.obj
 0001:000023a0       ?get_other_interface@RModuleLibrarySO@rsystem@base@UModSys@@UEBAPEBUIRoot@core@4@PEBUSUniquePointerInfo@64@@Z 00000001400033a0 f i umodsys_lib_basesys:umodsys.basesys.rmodulelibso.obj
 0001:000023e0       ?ref_add@RModuleLibrarySO@rsystem@base@UModSys@@UEBAXXZ 00000001400033e0 f i umodsys_lib_basesys:umodsys.basesys.rmodulelibso.obj
 0001:000023f0       ?ref_remove@RModuleLibrarySO@rsystem@base@UModSys@@UEBAXXZ 00000001400033f0 f i umodsys_lib_basesys:umodsys.basesys.rmodulelibso.obj
 0001:00002410       ?ref_links@RModuleLibrarySO@rsystem@base@UModSys@@UEBAHXZ 0000000140003410 f i umodsys_lib_basesys:umodsys.basesys.rmodulelibso.obj
 0001:00002420       ?suicide@RModuleLibrarySO@rsystem@base@UModSys@@UEAAXXZ 0000000140003420 f i umodsys_lib_basesys:umodsys.basesys.rmodulelibso.obj
 0001:00002450       ??_ERModuleLibrarySO@rsystem@base@UModSys@@UEAAPEAXI@Z 0000000140003450 f i  CIL library: CIL module
 0001:00002450       ??_GRModuleLibrarySO@rsystem@base@UModSys@@UEAAPEAXI@Z 0000000140003450 f i umodsys_lib_basesys:umodsys.basesys.rmodulelibso.obj
 0001:00002470       ?info_new@?$TSCoreShared@USMemAlloc_Malloc@core@UModSys@@D@su@tl@UModSys@@QEAA_NPEBD_K@Z 0000000140003470 f i umodsys_lib_basesys:umodsys.basesys.rmodulelibso.obj
 0001:00002520       ?Push@?$TDynarray@U?$TDynarrayHolderDynamic@U?$TRefObject@URModuleLibrarySO@rsystem@base@UModSys@@@tl@UModSys@@U?$TAllocator@USMemAlloc_Malloc@core@UModSys@@USCountCalcPower2@23@@23@@tl@UModSys@@@tl@UModSys@@QEAA_NAEBU?$TRefObject@URModuleLibrarySO@rsystem@base@UModSys@@@23@@Z 0000000140003520 f i umodsys_lib_basesys:umodsys.basesys.rmodulelibso.obj
 0001:000025e0       ??_GRModuleLibraryReg_Chain@base@UModSys@@UEAAPEAXI@Z 00000001400035e0 f i umodsys_lib_base:umodsys.base.moduleregchain.obj
 0001:000025e0       ??_ERModuleLibraryReg_Chain@base@UModSys@@UEAAPEAXI@Z 00000001400035e0 f i  CIL library: CIL module
 0001:00002610       ??_EIModuleReg@base@UModSys@@UEAAPEAXI@Z 0000000140003610 f i  CIL library: CIL module
 0001:00002610       ??_GIModuleReg@base@UModSys@@UEAAPEAXI@Z 0000000140003610 f i umodsys_lib_base:umodsys.base.modulereg.obj
 0001:00002640       ??_EIModuleLibraryReg@base@UModSys@@UEAAPEAXI@Z 0000000140003640 f i  CIL library: CIL module
 0001:00002640       ??_GIModuleLibraryReg@base@UModSys@@UEAAPEAXI@Z 0000000140003640 f i umodsys_lib_base:umodsys.base.modulereg.obj
 0001:00002670       ?Find@?$TSet@U?$TArray@PEBUSUniquePointerInfo@core@UModSys@@@tl@UModSys@@U?$TScalarCompare@PEBUSUniquePointerInfo@core@UModSys@@@core@3@@tl@UModSys@@QEBAPEBQEBUSUniquePointerInfo@core@3@AEBQEBU453@@Z 0000000140003670 f i umodsys_lib_core:umodsys.core.uniqueptrlist.obj
 0001:0000270c       _onexit                    000000014000370c f   MSVCRT:atonexit.obj
 0001:000027bc       atexit                     00000001400037bc f   MSVCRT:atonexit.obj
 0001:00002aa4       mainCRTStartup             0000000140003aa4 f   MSVCRT:crtexe.obj
 0001:00002ab6       _purecall                  0000000140003ab6 f   MSVCRT:MSVCR90.dll
 0001:00002abc       ??3@YAXPEAX@Z              0000000140003abc f   MSVCRT:MSVCR90.dll
 0001:00002ac4       ??_Etype_info@@UEAAPEAXI@Z 0000000140003ac4 f i MSVCRT:ti_inst.obj
 0001:00002b2e       __C_specific_handler       0000000140003b2e f   MSVCRT:MSVCR90.dll
 0001:00002b34       _unlock                    0000000140003b34 f   MSVCRT:MSVCR90.dll
 0001:00002b3a       __dllonexit                0000000140003b3a f   MSVCRT:MSVCR90.dll
 0001:00002b40       _lock                      0000000140003b40 f   MSVCRT:MSVCR90.dll
 0001:00002b48       ?__CxxUnhandledExceptionFilter@@YAJPEAU_EXCEPTION_POINTERS@@@Z 0000000140003b48 f   MSVCRT:unhandld.obj
 0001:00002b8c       __CxxSetUnhandledExceptionFilter 0000000140003b8c f   MSVCRT:unhandld.obj
 0001:00002ba4       _amsg_exit                 0000000140003ba4 f   MSVCRT:MSVCR90.dll
 0001:00002bac       _RTC_Initialize            0000000140003bac f   MSVCRT:_initsect_.obj
 0001:00002be4       _RTC_Terminate             0000000140003be4 f   MSVCRT:_initsect_.obj
 0001:00002c1c       _XcptFilter                0000000140003c1c f   MSVCRT:MSVCR90.dll
 0001:00002c30       _ValidateImageBase         0000000140003c30 f   MSVCRT:pesect.obj
 0001:00002c60       _FindPESection             0000000140003c60 f   MSVCRT:pesect.obj
 0001:00002cb0       _IsNonwritableInCurrentImage 0000000140003cb0 f   MSVCRT:pesect.obj
 0001:00002cf2       _initterm                  0000000140003cf2 f   MSVCRT:MSVCR90.dll
 0001:00002cf8       _initterm_e                0000000140003cf8 f   MSVCRT:MSVCR90.dll
 0001:00002d00       _setargv                   0000000140003d00 f   MSVCRT:dllargv.obj
 0001:00002d00       _matherr                   0000000140003d00 f   MSVCRT:merr.obj
 0001:00002d04       __security_init_cookie     0000000140003d04 f   MSVCRT:gs_support.obj
 0001:00002db8       ?__ArrayUnwind@@YAXPEAX_KHP6AX0@Z@Z 0000000140003db8 f   MSVCRT:ehvecdtr.obj
 0001:00002e04       ??_M@YAXPEAX_KHP6AX0@Z@Z   0000000140003e04 f   MSVCRT:ehvecdtr.obj
 0001:00002e62       ?terminate@@YAXXZ          0000000140003e62 f   MSVCRT:MSVCR90.dll
 0001:00002e68       ??1type_info@@UEAA@XZ      0000000140003e68 f   MSVCRT:MSVCR90.dll
 0001:00002e68       ?_type_info_dtor_internal_method@type_info@@QEAAXXZ 0000000140003e68 f   MSVCRT:MSVCR90.dll
 0001:00002e70       ?gracial_convert@syshlp@core@UModSys@@YA_NPEADHPEB_WH@Z 0000000140003e70 f   umodsys_lib_core:umodsys.core.syshlp_charcode.win32.obj
 0001:00002ed0       ?gracial_convert@syshlp@core@UModSys@@YA_NPEA_WHPEBDH@Z 0000000140003ed0 f   umodsys_lib_core:umodsys.core.syshlp_charcode.win32.obj
 0001:00002f20       ?path_uni_os@syshlp@core@UModSys@@YAXPEA_W@Z 0000000140003f20 f   umodsys_lib_core:umodsys.core.syshlp_chars.win32.obj
 0001:00002f50       ?path_os_uni@syshlp@core@UModSys@@YAXPEAD@Z 0000000140003f50 f   umodsys_lib_core:umodsys.core.syshlp_chars.win32.obj
 0001:00002f70       ?gracial_cpy@syshlp@core@UModSys@@YA_NPEA_WHQEAPEB_WH@Z 0000000140003f70 f   umodsys_lib_core:umodsys.core.syshlp_chars.win32.obj
 0001:00003060       ?gracial_cpy@syshlp@core@UModSys@@YA_NPEADHQEAPEBDH@Z 0000000140004060 f   umodsys_lib_core:umodsys.core.syshlp_chars.win32.obj
 0001:00003140       ?suicide@IRoot@core@UModSys@@UEAAXXZ 0000000140004140 f   umodsys_lib_core:umodsys.core.objects.obj
 0001:00003150       ??1IRoot@core@UModSys@@UEAA@XZ 0000000140004150 f   umodsys_lib_core:umodsys.core.objects.obj
 0001:00003170       ??1IRefObject@core@UModSys@@UEAA@XZ 0000000140004170 f   umodsys_lib_core:umodsys.core.objects.obj
 0001:00003190       ??3IRoot@core@UModSys@@SAXPEAXAEBUSIMemAlloc@12@@Z 0000000140004190 f   umodsys_lib_core:umodsys.core.objects.obj
 0001:000031b0       ??2IRoot@core@UModSys@@SAPEAX_KAEBUSIMemAlloc@12@@Z 00000001400041b0 f   umodsys_lib_core:umodsys.core.objects.obj
 0001:000031d0       ?restore_console@syshlp@core@UModSys@@YAXXZ 00000001400041d0 f   umodsys_lib_core:umodsys.core.syshlp_files.win32.obj
 0001:00003200       ?setup_console@syshlp@core@UModSys@@YAXXZ 0000000140004200 f   umodsys_lib_core:umodsys.core.syshlp_files.win32.obj
 0001:00003240       ?c_fopen@syshlp@core@UModSys@@YAPEAU_iobuf@@PEBD0@Z 0000000140004240 f   umodsys_lib_core:umodsys.core.syshlp_files.win32.obj
 0001:00003300       ?lost@core@UModSys@@YAEPEBX@Z 0000000140004300 f   umodsys_lib_core:umodsys.core.stdtypedefs.obj
 0001:00003310       ?s_unresolve@SUniquePointer@core@UModSys@@SAXPEAUIUniquePointerResolver@23@@Z 0000000140004310 f   umodsys_lib_core:umodsys.core.uniqueptr.obj
 0001:00003380       ?s_resolve@SUniquePointer@core@UModSys@@SAXPEAUIUniquePointerResolver@23@@Z 0000000140004380 f   umodsys_lib_core:umodsys.core.uniqueptr.obj
 0001:00003400       ??1SUniquePointer@core@UModSys@@QEAA@XZ 0000000140004400 f   umodsys_lib_core:umodsys.core.uniqueptr.obj
 0001:00003430       ??0SUniquePointer@core@UModSys@@QEAA@H@Z 0000000140004430 f   umodsys_lib_core:umodsys.core.uniqueptr.obj
 0001:00003460       ??0SUniquePointer@core@UModSys@@QEAA@PEBD0H@Z 0000000140004460 f   umodsys_lib_core:umodsys.core.uniqueptr.obj
 0001:000034b0       ??1SModuleInfo@base@UModSys@@QEAA@XZ 00000001400044b0 f   umodsys_lib_base:umodsys.base.moduleinfo.obj
 0001:000034c0       ??0SModuleInfo@base@UModSys@@QEAA@XZ 00000001400044c0 f   umodsys_lib_base:umodsys.base.moduleinfo.obj
 0001:000034f0       ??1IModuleLoader@base@UModSys@@UEAA@XZ 00000001400044f0 f   umodsys_lib_base:umodsys.base.moduleloader.obj
 0001:00003500       ??1SDebug@base@UModSys@@QEAA@XZ 0000000140004500 f   umodsys_lib_base:umodsys.base.debug.obj
 0001:00003530       ??0SDebug@base@UModSys@@QEAA@PEAUIConsole@12@I@Z 0000000140004530 f   umodsys_lib_base:umodsys.base.debug.obj
 0001:00003550       ??1ISystem@base@UModSys@@UEAA@XZ 0000000140004550 f   umodsys_lib_base:umodsys.base.system.obj
 0001:00003560       ??1IModuleLibraryReg@base@UModSys@@UEAA@XZ 0000000140004560 f   umodsys_lib_base:umodsys.base.modulereg.obj
 0001:00003580       ??0IModuleLibraryReg@base@UModSys@@QEAA@XZ 0000000140004580 f   umodsys_lib_base:umodsys.base.modulereg.obj
 0001:000035a0       ?mr_close@IModuleReg@base@UModSys@@UEAA_NXZ 00000001400045a0 f   umodsys_lib_base:umodsys.base.modulereg.obj
 0001:000035c0       ?mr_open@IModuleReg@base@UModSys@@UEAA_NXZ 00000001400045c0 f   umodsys_lib_base:umodsys.base.modulereg.obj
 0001:000035f0       ?mr_isopen@IModuleReg@base@UModSys@@UEBA_NXZ 00000001400045f0 f   umodsys_lib_base:umodsys.base.modulereg.obj
 0001:00003600       ??1IModuleReg@base@UModSys@@UEAA@XZ 0000000140004600 f   umodsys_lib_base:umodsys.base.modulereg.obj
 0001:00003620       ??0IModuleReg@base@UModSys@@QEAA@XZ 0000000140004620 f   umodsys_lib_base:umodsys.base.modulereg.obj
 0001:00003660       UModSys_Plugin_Entry2      0000000140004660 f   umodsys_lib_base:umodsys.so_main.win32.obj
 0001:00003670       ??1RModuleLibraryReg_Chain@base@UModSys@@UEAA@XZ 0000000140004670 f   umodsys_lib_base:umodsys.base.moduleregchain.obj
 0001:00003690       ??0RModuleLibraryReg_Chain@base@UModSys@@QEAA@XZ 0000000140004690 f   umodsys_lib_base:umodsys.base.moduleregchain.obj
 0001:000036c0       ?s_get@SModuleRegChain@base@UModSys@@SAPEAUIModuleReg@23@_K@Z 00000001400046c0 f   umodsys_lib_base:umodsys.base.moduleregchain.obj
 0001:00003700       ??1SModuleRegChain@base@UModSys@@QEAA@XZ 0000000140004700 f   umodsys_lib_base:umodsys.base.moduleregchain.obj
 0001:00003730       ??0SModuleRegChain@base@UModSys@@QEAA@AEAUIModuleReg@12@@Z 0000000140004730 f   umodsys_lib_base:umodsys.base.moduleregchain.obj
 0001:00003780       ?mlr_isopen@RModuleLibraryReg_Chain@base@UModSys@@UEBA_NXZ 0000000140004780 f   umodsys_lib_base:umodsys.base.moduleregchain.obj
 0001:000037a0       ?mlr_close@RModuleLibraryReg_Chain@base@UModSys@@UEAA_NXZ 00000001400047a0 f   umodsys_lib_base:umodsys.base.moduleregchain.obj
 0001:000037e0       ?mlr_open@RModuleLibraryReg_Chain@base@UModSys@@UEAA_NPEAUISystem@23@PEAUIMemAlloc@core@3@@Z 00000001400047e0 f   umodsys_lib_base:umodsys.base.moduleregchain.obj
 0001:00003820       ?mlr_get@RModuleLibraryReg_Chain@base@UModSys@@UEBAPEAUIModuleReg@23@_K@Z 0000000140004820 f   umodsys_lib_base:umodsys.base.moduleregchain.obj
 0001:00003830       ?mlr_count@RModuleLibraryReg_Chain@base@UModSys@@UEBA_KXZ 0000000140004830 f   umodsys_lib_base:umodsys.base.moduleregchain.obj
 0001:00003870       ??0SModuleRegChain@base@UModSys@@QEAA@H@Z 0000000140004870 f   umodsys_lib_base:umodsys.base.moduleregchain.obj
 0001:00003890       ?Link@SModuleContext@base@UModSys@@QEAAXPEAUISystem@23@PEAUIMemAlloc@core@3@@Z 0000000140004890 f   umodsys_lib_base:umodsys.base.modulecontext.obj
 0001:000038f0       ??1SModuleContext@base@UModSys@@QEAA@XZ 00000001400048f0 f   umodsys_lib_base:umodsys.base.modulecontext.obj
 0001:00003900       ?get_paramworker@SParameters@core@UModSys@@KAPEAUIParameters@23@XZ 0000000140004900 f   umodsys_lib_base:umodsys.base.modulecontext.obj
 0001:00003920       ??0SModuleContext@base@UModSys@@QEAA@XZ 0000000140004920 f   umodsys_lib_base:umodsys.base.modulecontext.obj
 0001:00003940       ?uni_close@RModuleLibrarySO@rsystem@base@UModSys@@UEAA_NXZ 0000000140004940 f   umodsys_lib_basesys:umodsys.basesys.rmodulelibso.obj
 0001:00003960       ?uni_open@RModuleLibrarySO@rsystem@base@UModSys@@UEAA_NXZ 0000000140004960 f   umodsys_lib_basesys:umodsys.basesys.rmodulelibso.obj
 0001:000039b0       ?s_find_dup@RModuleLibrarySO@rsystem@base@UModSys@@SA_KAEBU?$TDynarrayDynamic@U?$TRefObject@URModuleLibrarySO@rsystem@base@UModSys@@@tl@UModSys@@U?$TAllocator@USMemAlloc_Malloc@core@UModSys@@USCountCalcPower2@23@@23@@tl@4@PEAUIModuleLibraryReg@34@@Z 00000001400049b0 f   umodsys_lib_basesys:umodsys.basesys.rmodulelibso.obj
 0001:000039f0       ??0RModuleLibrarySO@rsystem@base@UModSys@@QEAA@PEAUISystem@23@PEAUPFD_Data@0123@PEAUIModuleLibraryReg@23@@Z 00000001400049f0 f   umodsys_lib_basesys:umodsys.basesys.rmodulelibso.obj
 0001:00003a50       ??1RModuleLibrarySO@rsystem@base@UModSys@@UEAA@XZ 0000000140004a50 f   umodsys_lib_basesys:umodsys.basesys.rmodulelibso.obj
 0001:00003aa0       ?uni_unload@RModuleLibrarySO@rsystem@base@UModSys@@UEAA_NXZ 0000000140004aa0 f   umodsys_lib_basesys:umodsys.basesys.rmodulelibso.obj
 0001:00003ab0       ?uni_load@RModuleLibrarySO@rsystem@base@UModSys@@UEAA_NXZ 0000000140004ab0 f   umodsys_lib_basesys:umodsys.basesys.rmodulelibso.obj
 0001:00003b00       ?s_add@RModuleLibrarySO@rsystem@base@UModSys@@SA_NPEAUISystem@34@AEAU?$TDynarrayDynamic@U?$TRefObject@URModuleLibrarySO@rsystem@base@UModSys@@@tl@UModSys@@U?$TAllocator@USMemAlloc_Malloc@core@UModSys@@USCountCalcPower2@23@@23@@tl@4@PEBD@Z 0000000140004b00 f   umodsys_lib_basesys:umodsys.basesys.rmodulelibso.obj
 0001:00003cc0       ?scan@RModule@rsystem@base@UModSys@@QEAA_NXZ 0000000140004cc0 f   umodsys_lib_basesys:umodsys.basesys.rmodule.obj
 0001:00003d00       ?mod_findobjname@RModule@rsystem@base@UModSys@@UEAA_KPEBUSUniquePointerInfo@core@4@QEAPEBU564@_K@Z 0000000140004d00 f   umodsys_lib_basesys:umodsys.basesys.rmodule.obj
 0001:00003dc0       ?is_open@RModule@rsystem@base@UModSys@@UEBA_NXZ 0000000140004dc0 f   umodsys_lib_basesys:umodsys.basesys.rmodule.obj
 0001:00003df0       ?get_info@RModule@rsystem@base@UModSys@@UEBAAEBUSModuleInfo@34@XZ 0000000140004df0 f   umodsys_lib_basesys:umodsys.basesys.rmodule.obj
 0001:00003e00       ?get_library@RModule@rsystem@base@UModSys@@UEBAPEAUIModuleLibrary@34@XZ 0000000140004e00 f   umodsys_lib_basesys:umodsys.basesys.rmodule.obj
 0001:00003e10       ??1RModule@rsystem@base@UModSys@@UEAA@XZ 0000000140004e10 f   umodsys_lib_basesys:umodsys.basesys.rmodule.obj
 0001:00003f40       ?unreg_obj@RModule@rsystem@base@UModSys@@QEAA_NPEAUIModObject@34@@Z 0000000140004f40 f   umodsys_lib_basesys:umodsys.basesys.rmodule.obj
 0001:00004070       ?reg_generator@RModule@rsystem@base@UModSys@@QEAA_NPEAUModuleObjInfo@1234@PEAUIGenerator@34@@Z 0000000140005070 f   umodsys_lib_basesys:umodsys.basesys.rmodule.obj
 0001:000042b0       ?save_db@RModule@rsystem@base@UModSys@@QEAA_NPEAU_iobuf@@@Z 00000001400052b0 f   umodsys_lib_basesys:umodsys.basesys.rmodule.obj
 0001:00004510       ?alloc_minfo@RModule@rsystem@base@UModSys@@QEAA_NAEBUSModuleInfo@34@@Z 0000000140005510 f   umodsys_lib_basesys:umodsys.basesys.rmodule.obj
 0001:000045e0       ?reg_obj@RModule@rsystem@base@UModSys@@QEAAPEAUModuleObjInfo@1234@PEAUIModObject@34@@Z 00000001400055e0 f   umodsys_lib_basesys:umodsys.basesys.rmodule.obj
 0001:00004780       ?mod_generate@RModule@rsystem@base@UModSys@@UEAA_NAEAU?$TRefObject@UIRefObject@core@UModSys@@@tl@4@PEBUSUniquePointerInfo@core@4@AEBUSParameters@84@@Z 0000000140005780 f   umodsys_lib_basesys:umodsys.basesys.rmodule.obj
 0001:000048f0       ?reg@RModule@rsystem@base@UModSys@@UEAA_NPEAUIGenerator@34@_N@Z 00000001400058f0 f   umodsys_lib_basesys:umodsys.basesys.rmodule.obj
 0001:00004960       ?reg@RModule@rsystem@base@UModSys@@UEAA_NPEAUIModObject@34@_N@Z 0000000140005960 f   umodsys_lib_basesys:umodsys.basesys.rmodule.obj
 0001:00004990       ?close@RModule@rsystem@base@UModSys@@UEAA_NXZ 0000000140005990 f   umodsys_lib_basesys:umodsys.basesys.rmodule.obj
 0001:00004a00       ?open@RModule@rsystem@base@UModSys@@UEAA_NXZ 0000000140005a00 f   umodsys_lib_basesys:umodsys.basesys.rmodule.obj
 0001:00004a90       ??0RModule@rsystem@base@UModSys@@QEAA@PEAUIModuleLibraryUni@123@PEAUIModuleReg@23@@Z 0000000140005a90 f   umodsys_lib_basesys:umodsys.basesys.rmodule.obj
 0001:00004b50       ?pfd_init@RModuleLibrarySO@rsystem@base@UModSys@@SA_NPEAUPFD_Data@1234@@Z 0000000140005b50 f   umodsys_lib_basesys:umodsys.basesys.rmodule.win32.obj
 0001:00004c30       ?pfd_init@RModuleLibrarySO@rsystem@base@UModSys@@SA_NPEAUPFD_Data@1234@0@Z 0000000140005c30 f   umodsys_lib_basesys:umodsys.basesys.rmodule.win32.obj
 0001:00004c60       ?pfd_unload@RModuleLibrarySO@rsystem@base@UModSys@@SA_NPEAUPFD_Data@1234@@Z 0000000140005c60 f   umodsys_lib_basesys:umodsys.basesys.rmodule.win32.obj
 0001:00004cc0       ?pfd_load@RModuleLibrarySO@rsystem@base@UModSys@@SAPEAUIModuleLibraryReg@34@PEAUPFD_Data@1234@AEBU?$TString@U?$TSCoreConst@D@su@tl@UModSys@@U?$TComparerBinaryHash@D@234@@tl@4@@Z 0000000140005cc0 f   umodsys_lib_basesys:umodsys.basesys.rmodule.win32.obj
 0001:00005180       ?pfd_scan@RModuleLibrarySO@rsystem@base@UModSys@@SA_KPEAUISystem@34@AEAU?$TDynarrayDynamic@U?$TRefObject@URModuleLibrarySO@rsystem@base@UModSys@@@tl@UModSys@@U?$TAllocator@USMemAlloc_Malloc@core@UModSys@@USCountCalcPower2@23@@23@@tl@4@AEBU?$TString@U?$TSCoreConst@D@su@tl@UModSys@@U?$TComparerBinaryHash@D@234@@74@@Z 0000000140006180 f   umodsys_lib_basesys:umodsys.basesys.rmodule.win32.obj
 0001:000052b0       ?estimate_size@RParameters@rsystem@base@UModSys@@IEAAHAEAUElem@1234@HPEBDHH@Z 00000001400062b0 f   umodsys_lib_basesys:umodsys.basesys.rparameters.obj
 0001:00005340       ?p_init_s@RParameters@rsystem@base@UModSys@@UEAAXPEAUSParametersData@core@4@PEAXH@Z 0000000140006340 f   umodsys_lib_basesys:umodsys.basesys.rparameters.obj
 0001:00005390       ??1RParameters@rsystem@base@UModSys@@UEAA@XZ 0000000140006390 f   umodsys_lib_basesys:umodsys.basesys.rparameters.obj
 0001:000053b0       ??0RParameters@rsystem@base@UModSys@@QEAA@PEAUISystem@23@@Z 00000001400063b0 f   umodsys_lib_basesys:umodsys.basesys.rparameters.obj
 0001:000053f0       ?next@RParameters@rsystem@base@UModSys@@UEAA_NPEBUSParametersData@core@4@AEAU?$TString@U?$TSCoreConst@D@su@tl@UModSys@@U?$TComparerBinaryHash@D@234@@tl@4@@Z 00000001400063f0 f   umodsys_lib_basesys:umodsys.basesys.rparameters.obj
 0001:00005530       ?next@RParameters@rsystem@base@UModSys@@UEAA_NPEBUSParametersData@core@4@AEAPEBD@Z 0000000140006530 f   umodsys_lib_basesys:umodsys.basesys.rparameters.obj
 0001:00005650       ?p_init@RParameters@rsystem@base@UModSys@@UEAAXPEAUSParametersData@core@4@H@Z 0000000140006650 f   umodsys_lib_basesys:umodsys.basesys.rparameters.obj
 0001:00005710       ?alloc_elems@RParameters@rsystem@base@UModSys@@IEAAXPEAXH@Z 0000000140006710 f   umodsys_lib_basesys:umodsys.basesys.rparameters.obj
 0001:000057a0       ?free_elems@RParameters@rsystem@base@UModSys@@IEAAXPEAXH@Z 00000001400067a0 f   umodsys_lib_basesys:umodsys.basesys.rparameters.obj
 0001:00005850       ?get_last@RParameters@rsystem@base@UModSys@@IEAAPEAUElem@1234@PEAXHHH@Z 0000000140006850 f   umodsys_lib_basesys:umodsys.basesys.rparameters.obj
 0001:000058c0       ?find_elem@RParameters@rsystem@base@UModSys@@IEAAPEBUElem@1234@PEBXHHHPEBD@Z 00000001400068c0 f   umodsys_lib_basesys:umodsys.basesys.rparameters.obj
 0001:00005990       ?get@RParameters@rsystem@base@UModSys@@UEAA_NPEBUSParametersData@core@4@PEBDAEAPEAUIRefObject@64@@Z 0000000140006990 f   umodsys_lib_basesys:umodsys.basesys.rparameters.obj
 0001:00005a30       ?get@RParameters@rsystem@base@UModSys@@UEAA_NPEBUSParametersData@core@4@PEBDAEAN@Z 0000000140006a30 f   umodsys_lib_basesys:umodsys.basesys.rparameters.obj
 0001:00005ad0       ?get@RParameters@rsystem@base@UModSys@@UEAA_NPEBUSParametersData@core@4@PEBDAEAH@Z 0000000140006ad0 f   umodsys_lib_basesys:umodsys.basesys.rparameters.obj
 0001:00005b70       ?get@RParameters@rsystem@base@UModSys@@UEAA_NPEBUSParametersData@core@4@PEBDAEAPEBD@Z 0000000140006b70 f   umodsys_lib_basesys:umodsys.basesys.rparameters.obj
 0001:00005c10       ?p_init_s@RParameters@rsystem@base@UModSys@@UEAAXPEAUSParametersData@core@4@AEBU564@PEAXH@Z 0000000140006c10 f   umodsys_lib_basesys:umodsys.basesys.rparameters.obj
 0001:00005ca0       ?p_copy@RParameters@rsystem@base@UModSys@@UEAAXPEAUSParametersData@core@4@AEBU564@@Z 0000000140006ca0 f   umodsys_lib_basesys:umodsys.basesys.rparameters.obj
 0001:00005e20       ?p_init@RParameters@rsystem@base@UModSys@@UEAAXPEAUSParametersData@core@4@AEBU564@@Z 0000000140006e20 f   umodsys_lib_basesys:umodsys.basesys.rparameters.obj
 0001:00005f30       ?p_deinit@RParameters@rsystem@base@UModSys@@UEAAXPEAUSParametersData@core@4@@Z 0000000140006f30 f   umodsys_lib_basesys:umodsys.basesys.rparameters.obj
 0001:00005fb0       ?add_last@RParameters@rsystem@base@UModSys@@IEAA_NPEAUSParametersData@core@4@PEBDPEBXH@Z 0000000140006fb0 f   umodsys_lib_basesys:umodsys.basesys.rparameters.obj
 0001:00006210       ?add@RParameters@rsystem@base@UModSys@@UEAA_NPEAUSParametersData@core@4@PEBDPEAUIRefObject@64@@Z 0000000140007210 f   umodsys_lib_basesys:umodsys.basesys.rparameters.obj
 0001:00006240       ?add@RParameters@rsystem@base@UModSys@@UEAA_NPEAUSParametersData@core@4@PEBDAEBN@Z 0000000140007240 f   umodsys_lib_basesys:umodsys.basesys.rparameters.obj
 0001:00006260       ?add@RParameters@rsystem@base@UModSys@@UEAA_NPEAUSParametersData@core@4@PEBDH@Z 0000000140007260 f   umodsys_lib_basesys:umodsys.basesys.rparameters.obj
 0001:00006290       ?add@RParameters@rsystem@base@UModSys@@UEAA_NPEAUSParametersData@core@4@PEBD1@Z 0000000140007290 f   umodsys_lib_basesys:umodsys.basesys.rparameters.obj
 0001:000062b0       ?get_sca@RSystem@rsystem@base@UModSys@@UEAAPEAUISourceContextAdapter@core@4@XZ 00000001400072b0 f   umodsys_lib_basesys:umodsys.basesys.rsystem.obj
 0001:000062d0       ?get_upr@RSystem@rsystem@base@UModSys@@UEAAPEAUIUniquePointerResolver@core@4@XZ 00000001400072d0 f   umodsys_lib_basesys:umodsys.basesys.rsystem.obj
 0001:000062f0       ?get_modloader@RSystem@rsystem@base@UModSys@@UEAAPEAUIModuleLoader@34@XZ 00000001400072f0 f   umodsys_lib_basesys:umodsys.basesys.rsystem.obj
 0001:00006300       ?get_syslib@RSystem@rsystem@base@UModSys@@UEAAPEAUIModuleLibrary@34@XZ 0000000140007300 f   umodsys_lib_basesys:umodsys.basesys.rsystem.obj
 0001:00006310       ?get_sharemem@RSystem@rsystem@base@UModSys@@UEAAPEAUIMemAlloc@core@4@XZ 0000000140007310 f   umodsys_lib_basesys:umodsys.basesys.rsystem.obj
 0001:00006320       ?get_sysmem@RSystem@rsystem@base@UModSys@@UEAAPEAUIMemAlloc@core@4@XZ 0000000140007320 f   umodsys_lib_basesys:umodsys.basesys.rsystem.obj
 0001:00006330       ?get_console@RSystem@rsystem@base@UModSys@@UEAAPEAUIConsole@34@XZ 0000000140007330 f   umodsys_lib_basesys:umodsys.basesys.rsystem.obj
 0001:00006340       ?get_params@RSystem@rsystem@base@UModSys@@UEAAPEAUIParameters@core@4@XZ 0000000140007340 f   umodsys_lib_basesys:umodsys.basesys.rsystem.obj
 0001:00006350       ?upi_remove@RSystem@rsystem@base@UModSys@@UEAAHPEBUSUniquePointerInfo@core@4@@Z 0000000140007350 f   umodsys_lib_basesys:umodsys.basesys.rsystem.obj
 0001:00006360       ?persist_ctx@RSystem@rsystem@base@UModSys@@UEAAPEBUSSourceContext@core@4@PEBU564@@Z 0000000140007360 f   umodsys_lib_basesys:umodsys.basesys.rsystem.obj
 0001:00006460       ?upi_add@RSystem@rsystem@base@UModSys@@UEAAPEBUSUniquePointerInfo@core@4@PEBU564@@Z 0000000140007460 f   umodsys_lib_basesys:umodsys.basesys.rsystem.obj
 0001:00006560       ?lib_unload@IModuleLibraryUni@rsystem@base@UModSys@@UEAA_NXZ 0000000140007560 f   umodsys_lib_basesys:umodsys.basesys.rmodulelib.obj
 0001:00006580       ?lib_loaded@IModuleLibraryUni@rsystem@base@UModSys@@UEBA_NXZ 0000000140007580 f   umodsys_lib_basesys:umodsys.basesys.rmodulelib.obj
 0001:00006590       ?get_system@IModuleLibraryUni@rsystem@base@UModSys@@UEBAPEAUISystem@34@XZ 0000000140007590 f   umodsys_lib_basesys:umodsys.basesys.rmodulelib.obj
 0001:000065a0       ?get_privmem@IModuleLibraryUni@rsystem@base@UModSys@@UEBAPEAUIMemAlloc@core@4@XZ 00000001400075a0 f   umodsys_lib_basesys:umodsys.basesys.rmodulelib.obj
 0001:000065b0       ?unlink@IModuleLibraryUni@rsystem@base@UModSys@@QEAA_NXZ 00000001400075b0 f   umodsys_lib_basesys:umodsys.basesys.rmodulelib.obj
 0001:00006620       ?cleanup@IModuleLibraryUni@rsystem@base@UModSys@@QEAA_KXZ 0000000140007620 f   umodsys_lib_basesys:umodsys.basesys.rmodulelib.obj
 0001:00006670       ?lib_generate@IModuleLibraryUni@rsystem@base@UModSys@@UEAA_NAEAU?$TRefObject@UIRefObject@core@UModSys@@@tl@4@PEBUSUniquePointerInfo@core@4@AEBUSParameters@84@@Z 0000000140007670 f   umodsys_lib_basesys:umodsys.basesys.rmodulelib.obj
 0001:00006700       ?lib_findobjname@IModuleLibraryUni@rsystem@base@UModSys@@UEAA_KPEBUSUniquePointerInfo@core@4@QEAPEBU564@_K@Z 0000000140007700 f   umodsys_lib_basesys:umodsys.basesys.rmodulelib.obj
 0001:000067a0       ?lib_free@IModuleLibraryUni@rsystem@base@UModSys@@UEAA_NXZ 00000001400077a0 f   umodsys_lib_basesys:umodsys.basesys.rmodulelib.obj
 0001:000067d0       ?get_module@IModuleLibraryUni@rsystem@base@UModSys@@UEBAPEAUIModule@34@_K@Z 00000001400077d0 f   umodsys_lib_basesys:umodsys.basesys.rmodulelib.obj
 0001:000067f0       ?get_module_count@IModuleLibraryUni@rsystem@base@UModSys@@UEBA_KXZ 00000001400077f0 f   umodsys_lib_basesys:umodsys.basesys.rmodulelib.obj
 0001:00006800       ?get_sys_libname@IModuleLibraryUni@rsystem@base@UModSys@@UEBA?AU?$TString@U?$TSCoreConst@D@su@tl@UModSys@@U?$TComparerBinaryHash@D@234@@tl@4@XZ 0000000140007800 f   umodsys_lib_basesys:umodsys.basesys.rmodulelib.obj
 0001:00006820       ??1IModuleLibraryUni@rsystem@base@UModSys@@UEAA@XZ 0000000140007820 f   umodsys_lib_basesys:umodsys.basesys.rmodulelib.obj
 0001:000068e0       ??0IModuleLibraryUni@rsystem@base@UModSys@@QEAA@PEAUISystem@23@PEAUIModuleLibraryReg@23@@Z 00000001400078e0 f   umodsys_lib_basesys:umodsys.basesys.rmodulelib.obj
 0001:00006940       ?save_db@IModuleLibraryUni@rsystem@base@UModSys@@QEAA_NPEAU_iobuf@@@Z 0000000140007940 f   umodsys_lib_basesys:umodsys.basesys.rmodulelib.obj
 0001:000069e0       ?link@IModuleLibraryUni@rsystem@base@UModSys@@QEAA_NXZ 00000001400079e0 f   umodsys_lib_basesys:umodsys.basesys.rmodulelib.obj
 0001:00006c30       ?load0@IModuleLibraryUni@rsystem@base@UModSys@@QEAA_NXZ 0000000140007c30 f   umodsys_lib_basesys:umodsys.basesys.rmodulelib.obj
 0001:00006c90       ?lib_load@IModuleLibraryUni@rsystem@base@UModSys@@UEAA_NXZ 0000000140007c90 f   umodsys_lib_basesys:umodsys.basesys.rmodulelib.obj
 0001:00006cd0       ?scan@IModuleLibraryUni@rsystem@base@UModSys@@QEAA_NXZ 0000000140007cd0 f   umodsys_lib_basesys:umodsys.basesys.rmodulelib.obj
 0001:00006d40       ?uni_close@RModuleLibraryThis@rsystem@base@UModSys@@UEAA_NXZ 0000000140007d40 f   umodsys_lib_basesys:umodsys.basesys.rmodulelibthis.obj
 0001:00006d50       ?uni_open@RModuleLibraryThis@rsystem@base@UModSys@@UEAA_NXZ 0000000140007d50 f   umodsys_lib_basesys:umodsys.basesys.rmodulelibthis.obj
 0001:00006d60       ?uni_unload@RModuleLibraryThis@rsystem@base@UModSys@@UEAA_NXZ 0000000140007d60 f   umodsys_lib_basesys:umodsys.basesys.rmodulelibthis.obj
 0001:00006d70       ?uni_load@RModuleLibraryThis@rsystem@base@UModSys@@UEAA_NXZ 0000000140007d70 f   umodsys_lib_basesys:umodsys.basesys.rmodulelibthis.obj
 0001:00006d90       ??1RModuleLibraryThis@rsystem@base@UModSys@@UEAA@XZ 0000000140007d90 f   umodsys_lib_basesys:umodsys.basesys.rmodulelibthis.obj
 0001:00006dd0       ??0RModuleLibraryThis@rsystem@base@UModSys@@QEAA@PEAUISystem@23@@Z 0000000140007dd0 f   umodsys_lib_basesys:umodsys.basesys.rmodulelibthis.obj
 0001:00006e10       ?moduledb_load@RModuleLoader@rsystem@base@UModSys@@UEAA_NAEBU?$TString@U?$TSCoreConst@D@su@tl@UModSys@@U?$TComparerBinaryHash@D@234@@tl@4@@Z 0000000140007e10 f   umodsys_lib_basesys:umodsys.basesys.rmoduleloader.obj
 0001:00006e20       ?moduledb_lib_drop@RModuleLoader@rsystem@base@UModSys@@UEAA_NPEAUIModuleLibrary@34@@Z 0000000140007e20 f   umodsys_lib_basesys:umodsys.basesys.rmoduleloader.obj
 0001:00006e30       ?moduledb_lib_get@RModuleLoader@rsystem@base@UModSys@@UEBAPEAUIModuleLibrary@34@_K@Z 0000000140007e30 f   umodsys_lib_basesys:umodsys.basesys.rmoduleloader.obj
 0001:00006e60       ?moduledb_lib_count@RModuleLoader@rsystem@base@UModSys@@UEAA_KXZ 0000000140007e60 f   umodsys_lib_basesys:umodsys.basesys.rmoduleloader.obj
 0001:00006e70       ?moduledb_module_get@RModuleLoader@rsystem@base@UModSys@@UEBAPEAUIModule@34@_K@Z 0000000140007e70 f   umodsys_lib_basesys:umodsys.basesys.rmoduleloader.obj
 0001:00006ed0       ?moduledb_module_count@RModuleLoader@rsystem@base@UModSys@@UEAA_KXZ 0000000140007ed0 f   umodsys_lib_basesys:umodsys.basesys.rmoduleloader.obj
 0001:00006f10       ?moduledb_generate@RModuleLoader@rsystem@base@UModSys@@UEAA_NAEAU?$TRefObject@UIRefObject@core@UModSys@@@tl@4@PEBUSUniquePointerInfo@core@4@AEBUSParameters@84@@Z 0000000140007f10 f   umodsys_lib_basesys:umodsys.basesys.rmoduleloader.obj
 0001:00006fb0       ?moduledb_findobjname@RModuleLoader@rsystem@base@UModSys@@UEAA_KPEBUSUniquePointerInfo@core@4@QEAPEBU564@_K@Z 0000000140007fb0 f   umodsys_lib_basesys:umodsys.basesys.rmoduleloader.obj
 0001:00007050       ??1RModuleLoader@rsystem@base@UModSys@@UEAA@XZ 0000000140008050 f   umodsys_lib_basesys:umodsys.basesys.rmoduleloader.obj
 0001:00007100       ??0RModuleLoader@rsystem@base@UModSys@@QEAA@PEAUISystem@23@@Z 0000000140008100 f   umodsys_lib_basesys:umodsys.basesys.rmoduleloader.obj
 0001:00007160       ?moduledb_clear@RModuleLoader@rsystem@base@UModSys@@UEAAXXZ 0000000140008160 f   umodsys_lib_basesys:umodsys.basesys.rmoduleloader.obj
 0001:00007230       ?moduledb_find@RModuleLoader@rsystem@base@UModSys@@UEBAPEAUIModule@34@AEBU?$TString@U?$TSCoreConst@D@su@tl@UModSys@@U?$TComparerBinaryHash@D@234@@tl@4@AEBUSVersion@core@4@@Z 0000000140008230 f   umodsys_lib_basesys:umodsys.basesys.rmoduleloader.obj
 0001:000073a0       ?cleanup@RModuleLoader@rsystem@base@UModSys@@QEAAXXZ 00000001400083a0 f   umodsys_lib_basesys:umodsys.basesys.rmoduleloader.obj
 0001:000073f0       ?get_string@RModuleLoader@rsystem@base@UModSys@@QEAAAEBU?$TString@U?$TSCoreConst@D@su@tl@UModSys@@U?$TComparerBinaryHash@D@234@@tl@4@AEBU564@@Z 00000001400083f0 f   umodsys_lib_basesys:umodsys.basesys.rmoduleloader.obj
 0001:00007440       ?moduledb_get_string@RModuleLoader@rsystem@base@UModSys@@UEAAAEBU?$TString@U?$TSCoreConst@D@su@tl@UModSys@@U?$TComparerBinaryHash@D@234@@tl@4@AEBU564@@Z 0000000140008440 f   umodsys_lib_basesys:umodsys.basesys.rmoduleloader.obj
 0001:00007450       ?moduledb_save@RModuleLoader@rsystem@base@UModSys@@UEAA_NAEBU?$TString@U?$TSCoreConst@D@su@tl@UModSys@@U?$TComparerBinaryHash@D@234@@tl@4@@Z 0000000140008450 f   umodsys_lib_basesys:umodsys.basesys.rmoduleloader.obj
 0001:00007520       ?moduledb_cleanup@RModuleLoader@rsystem@base@UModSys@@UEAA_KXZ 0000000140008520 f   umodsys_lib_basesys:umodsys.basesys.rmoduleloader.obj
 0001:000076b0       ?moduledb_scan@RModuleLoader@rsystem@base@UModSys@@UEAA_KAEBU?$TString@U?$TSCoreConst@D@su@tl@UModSys@@U?$TComparerBinaryHash@D@234@@tl@4@_N@Z 00000001400086b0 f   umodsys_lib_basesys:umodsys.basesys.rmoduleloader.obj
 0001:00007730       ?set_console@RSystem@rsystem@base@UModSys@@QEAAXPEAUIConsole@34@@Z 0000000140008730 f   umodsys_lib_basesys:umodsys.basesys.rsystem_main.obj
 0001:00007780       ?err_put@rsystem@base@UModSys@@YAXW4eRSystemDebugLevels@123@PEBDZZ 0000000140008780 f   umodsys_lib_basesys:umodsys.basesys.rsystem_main.obj
 0001:000077d0       ?dbg_put@rsystem@base@UModSys@@YAXW4eRSystemDebugLevels@123@PEBDZZ 00000001400087d0 f   umodsys_lib_basesys:umodsys.basesys.rsystem_main.obj
 0001:00007820       ??1RSystem@rsystem@base@UModSys@@UEAA@XZ 0000000140008820 f   umodsys_lib_basesys:umodsys.basesys.rsystem_main.obj
 0001:00007930       ??0RSystem@rsystem@base@UModSys@@QEAA@XZ 0000000140008930 f   umodsys_lib_basesys:umodsys.basesys.rsystem_main.obj
 0001:00007a50       ?find_shells@RSystem@rsystem@base@UModSys@@QEAA_KQEAPEBUSUniquePointerInfo@core@4@_K@Z 0000000140008a50 f   umodsys_lib_basesys:umodsys.basesys.rsystem_main.obj
 0001:00007a80       ?exec_main@RSystem@rsystem@base@UModSys@@QEAA_NXZ 0000000140008a80 f   umodsys_lib_basesys:umodsys.basesys.rsystem_main.obj
 0001:00007aa0       ?exec_args@RSystem@rsystem@base@UModSys@@QEAA_NHPEAPEAD@Z 0000000140008aa0 f   umodsys_lib_basesys:umodsys.basesys.rsystem_main.obj
 0001:00007ad0       ?deinit@RSystem@rsystem@base@UModSys@@QEAA_NXZ 0000000140008ad0 f   umodsys_lib_basesys:umodsys.basesys.rsystem_main.obj
 0001:00007b80       ?init@RSystem@rsystem@base@UModSys@@QEAA_NXZ 0000000140008b80 f   umodsys_lib_basesys:umodsys.basesys.rsystem_main.obj
 0001:00007c80       ?get_s@RConsole_std@rsystem@base@UModSys@@UEAA_NPEAD_KPEBDZZ 0000000140008c80 f   umodsys_lib_basesys:umodsys.basesys.rconsole_std.obj
 0001:00007c90       ?vget_s@RConsole_std@rsystem@base@UModSys@@UEAA_NPEAD_KPEBD0@Z 0000000140008c90 f   umodsys_lib_basesys:umodsys.basesys.rconsole_std.obj
 0001:00007ca0       ?get_c@RConsole_std@rsystem@base@UModSys@@UEAA_NPEAHPEBDZZ 0000000140008ca0 f   umodsys_lib_basesys:umodsys.basesys.rconsole_std.obj
 0001:00007cb0       ?vget_c@RConsole_std@rsystem@base@UModSys@@UEAA_NPEAHPEBDPEAD@Z 0000000140008cb0 f   umodsys_lib_basesys:umodsys.basesys.rconsole_std.obj
 0001:00007cc0       ?put@RConsole_std@rsystem@base@UModSys@@UEAA_NHPEBDZZ 0000000140008cc0 f   umodsys_lib_basesys:umodsys.basesys.rconsole_std.obj
 0001:00007d30       ?vput@RConsole_std@rsystem@base@UModSys@@UEAA_NHPEBDPEAD@Z 0000000140008d30 f   umodsys_lib_basesys:umodsys.basesys.rconsole_std.obj
 0001:00007da0       ?ref_links@RConsole_std@rsystem@base@UModSys@@UEBAHXZ 0000000140008da0 f   umodsys_lib_basesys:umodsys.basesys.rconsole_std.obj
 0001:00007db0       ?ref_remove@RConsole_std@rsystem@base@UModSys@@UEBAXXZ 0000000140008db0 f   umodsys_lib_basesys:umodsys.basesys.rconsole_std.obj
 0001:00007dc0       ?ref_add@RConsole_std@rsystem@base@UModSys@@UEBAXXZ 0000000140008dc0 f   umodsys_lib_basesys:umodsys.basesys.rconsole_std.obj
 0001:00007dd0       ??0RConsole_std@rsystem@base@UModSys@@QEAA@XZ 0000000140008dd0 f   umodsys_lib_basesys:umodsys.basesys.rconsole_std.obj
 0001:00007e00       ?reflect@RConsole_std@rsystem@base@UModSys@@QEAA_NPEBD@Z 0000000140008e00 f   umodsys_lib_basesys:umodsys.basesys.rconsole_std.obj
 0001:00007e80       ??1RConsole_std@rsystem@base@UModSys@@UEAA@XZ 0000000140008e80 f   umodsys_lib_basesys:umodsys.basesys.rconsole_std.obj
 0001:00007eb0       ?s_holder@RStdIo_Generator@media@UModSys@@SAAEAU?$TTypeStaticHolder@URStdIo_Generator@media@UModSys@@@tl@3@XZ 0000000140008eb0 f   umodsys_lib_libmedia:umodsys.mod.media.stdio.obj
 0001:00007f00       ?mod_dec@RStdIo_Generator@media@UModSys@@UEBA_NXZ 0000000140008f00 f   umodsys_lib_libmedia:umodsys.mod.media.stdio.obj
 0001:00007f20       ?mod_inc@RStdIo_Generator@media@UModSys@@UEBA_NXZ 0000000140008f20 f   umodsys_lib_libmedia:umodsys.mod.media.stdio.obj
 0001:00007f40       ?get_module@RStdIo_Generator@media@UModSys@@UEBAPEAUIModule@base@3@XZ 0000000140008f40 f   umodsys_lib_libmedia:umodsys.mod.media.stdio.obj
 0001:00007f50       ?s_unreg@RStdIo_Generator@media@UModSys@@SA_NPEAUIModuleReg@base@3@@Z 0000000140008f50 f   umodsys_lib_libmedia:umodsys.mod.media.stdio.obj
 0001:00007fc0       ?s_reg@RStdIo_Generator@media@UModSys@@SA_NPEAUIModuleReg@base@3@@Z 0000000140008fc0 f   umodsys_lib_libmedia:umodsys.mod.media.stdio.obj
 0001:00008040       main                       0000000140009040 f   umodsys.c_main.obj
 0001:000081f0       ??0SUniquePtrList@core@UModSys@@QEAA@PEAPEBUSUniquePointerInfo@12@_K@Z 00000001400091f0 f   umodsys_lib_core:umodsys.core.uniqueptrlist.obj
 0001:00008240       ?add@SUniquePtrList@core@UModSys@@QEAA_NPEBUSUniquePointerInfo@23@@Z 0000000140009240 f   umodsys_lib_core:umodsys.core.uniqueptrlist.obj
 0001:000082a0       ??1IModuleLibrary@base@UModSys@@UEAA@XZ 00000001400092a0 f   umodsys_lib_base:umodsys.base.module.obj
 0001:000082c0       ??1IModule@base@UModSys@@UEAA@XZ 00000001400092c0 f   umodsys_lib_base:umodsys.base.module.obj
 0001:000082d0       ??1IConsole@base@UModSys@@UEAA@XZ 00000001400092d0 f   umodsys_lib_base:umodsys.base.console.obj
 0001:000082e0       ?exec_test_shells@RSystem@rsystem@base@UModSys@@QEAA_NXZ 00000001400092e0 f   umodsys_lib_basesys:umodsys.basesys.rsystem_tests.obj
 0001:000084c0       ?exec_tests@RSystem@rsystem@base@UModSys@@QEAA_NXZ 00000001400094c0 f   umodsys_lib_basesys:umodsys.basesys.rsystem_tests.obj
 0001:000084f4       memcpy                     00000001400094f4 f   MSVCRT:MSVCR90.dll
 0001:00008500       __CxxFrameHandler3         0000000140009500 f   MSVCRT:MSVCR90.dll
 0001:00008506       _CxxThrowException         0000000140009506 f   MSVCRT:MSVCR90.dll
 0001:00008520       _alloca_probe              0000000140009520     MSVCRT:chkstk.obj
 0001:00008520       __chkstk                   0000000140009520 f   MSVCRT:chkstk.obj
 0002:00000000       __imp_GetCurrentProcessId  000000014000b000     kernel32:KERNEL32.dll
 0002:00000008       __imp_GetCurrentThreadId   000000014000b008     kernel32:KERNEL32.dll
 0002:00000010       __imp_GetTickCount         000000014000b010     kernel32:KERNEL32.dll
 0002:00000018       __imp_QueryPerformanceCounter 000000014000b018     kernel32:KERNEL32.dll
 0002:00000020       __imp_SetUnhandledExceptionFilter 000000014000b020     kernel32:KERNEL32.dll
 0002:00000028       __imp_Sleep                000000014000b028     kernel32:KERNEL32.dll
 0002:00000030       __imp_MultiByteToWideChar  000000014000b030     kernel32:KERNEL32.dll
 0002:00000038       __imp_WideCharToMultiByte  000000014000b038     kernel32:KERNEL32.dll
 0002:00000040       __imp_SetConsoleOutputCP   000000014000b040     kernel32:KERNEL32.dll
 0002:00000048       __imp_GetLastError         000000014000b048     kernel32:KERNEL32.dll
 0002:00000050       __imp_GetConsoleOutputCP   000000014000b050     kernel32:KERNEL32.dll
 0002:00000058       __imp_FindNextFileW        000000014000b058     kernel32:KERNEL32.dll
 0002:00000060       __imp_FindClose            000000014000b060     kernel32:KERNEL32.dll
 0002:00000068       __imp_GetProcAddress       000000014000b068     kernel32:KERNEL32.dll
 0002:00000070       __imp_GetModuleFileNameW   000000014000b070     kernel32:KERNEL32.dll
 0002:00000078       __imp_GetModuleHandleW     000000014000b078     kernel32:KERNEL32.dll
 0002:00000080       __imp_LoadLibraryExW       000000014000b080     kernel32:KERNEL32.dll
 0002:00000088       __imp_FreeLibrary          000000014000b088     kernel32:KERNEL32.dll
 0002:00000090       __imp_SetErrorMode         000000014000b090     kernel32:KERNEL32.dll
 0002:00000098       __imp_FindFirstFileW       000000014000b098     kernel32:KERNEL32.dll
 0002:000000a0       __imp_GetFullPathNameW     000000014000b0a0     kernel32:KERNEL32.dll
 0002:000000a8       __imp_GetSystemTimeAsFileTime 000000014000b0a8     kernel32:KERNEL32.dll
 0002:000000b0       \177KERNEL32_NULL_THUNK_DATA 000000014000b0b0     kernel32:KERNEL32.dll
 0002:000000b8       __imp__XcptFilter          000000014000b0b8     MSVCRT:MSVCR90.dll
 0002:000000c0       __imp__exit                000000014000b0c0     MSVCRT:MSVCR90.dll
 0002:000000c8       __imp__cexit               000000014000b0c8     MSVCRT:MSVCR90.dll
 0002:000000d0       __imp_exit                 000000014000b0d0     MSVCRT:MSVCR90.dll
 0002:000000d8       __imp___initenv            000000014000b0d8     MSVCRT:MSVCR90.dll
 0002:000000e0       __imp__initterm            000000014000b0e0     MSVCRT:MSVCR90.dll
 0002:000000e8       __imp__initterm_e          000000014000b0e8     MSVCRT:MSVCR90.dll
 0002:000000f0       __imp___getmainargs        000000014000b0f0     MSVCRT:MSVCR90.dll
 0002:000000f8       __imp___setusermatherr     000000014000b0f8     MSVCRT:MSVCR90.dll
 0002:00000100       __imp__commode             000000014000b100     MSVCRT:MSVCR90.dll
 0002:00000108       __imp__fmode               000000014000b108     MSVCRT:MSVCR90.dll
 0002:00000110       __imp___set_app_type       000000014000b110     MSVCRT:MSVCR90.dll
 0002:00000118       __imp_?terminate@@YAXXZ    000000014000b118     MSVCRT:MSVCR90.dll
 0002:00000120       __imp_?_type_info_dtor_internal_method@type_info@@QEAAXXZ 000000014000b120     MSVCRT:MSVCR90.dll
 0002:00000128       __imp__amsg_exit           000000014000b128     MSVCRT:MSVCR90.dll
 0002:00000130       __imp__decode_pointer      000000014000b130     MSVCRT:MSVCR90.dll
 0002:00000138       __imp__onexit              000000014000b138     MSVCRT:MSVCR90.dll
 0002:00000140       __imp__lock                000000014000b140     MSVCRT:MSVCR90.dll
 0002:00000148       __imp__encode_pointer      000000014000b148     MSVCRT:MSVCR90.dll
 0002:00000150       __imp___dllonexit          000000014000b150     MSVCRT:MSVCR90.dll
 0002:00000158       __imp__unlock              000000014000b158     MSVCRT:MSVCR90.dll
 0002:00000160       __imp___C_specific_handler 000000014000b160     MSVCRT:MSVCR90.dll
 0002:00000168       __imp__wfopen              000000014000b168     MSVCRT:MSVCR90.dll
 0002:00000170       __imp_realloc              000000014000b170     MSVCRT:MSVCR90.dll
 0002:00000178       __imp_fprintf              000000014000b178     MSVCRT:MSVCR90.dll
 0002:00000180       __imp_strncpy              000000014000b180     MSVCRT:MSVCR90.dll
 0002:00000188       __imp_strncmp              000000014000b188     MSVCRT:MSVCR90.dll
 0002:00000190       __imp__snprintf            000000014000b190     MSVCRT:MSVCR90.dll
 0002:00000198       __imp_malloc               000000014000b198     MSVCRT:MSVCR90.dll
 0002:000001a0       __imp_free                 000000014000b1a0     MSVCRT:MSVCR90.dll
 0002:000001a8       __imp_vfprintf             000000014000b1a8     MSVCRT:MSVCR90.dll
 0002:000001b0       __imp___iob_func           000000014000b1b0     MSVCRT:MSVCR90.dll
 0002:000001b8       __imp_fclose               000000014000b1b8     MSVCRT:MSVCR90.dll
 0002:000001c0       __imp_fseek                000000014000b1c0     MSVCRT:MSVCR90.dll
 0002:000001c8       __imp_ftell                000000014000b1c8     MSVCRT:MSVCR90.dll
 0002:000001d0       __imp_??3@YAXPEAX@Z        000000014000b1d0     MSVCRT:MSVCR90.dll
 0002:000001d8       __imp__purecall            000000014000b1d8     MSVCRT:MSVCR90.dll
 0002:000001e0       __imp__configthreadlocale  000000014000b1e0     MSVCRT:MSVCR90.dll
 0002:000001e8       __imp_fread                000000014000b1e8     MSVCRT:MSVCR90.dll
 0002:000001f0       __imp_memcpy               000000014000b1f0     MSVCRT:MSVCR90.dll
 0002:000001f8       __imp___CxxFrameHandler3   000000014000b1f8     MSVCRT:MSVCR90.dll
 0002:00000200       __imp__CxxThrowException   000000014000b200     MSVCRT:MSVCR90.dll
 0002:00000208       \177MSVCR90_NULL_THUNK_DATA 000000014000b208     MSVCRT:MSVCR90.dll
 0002:00000210       __xc_a                     000000014000b210     MSVCRT:cinitexe.obj
 0002:00000398       __xc_z                     000000014000b398     MSVCRT:cinitexe.obj
 0002:000003a0       __xi_a                     000000014000b3a0     MSVCRT:cinitexe.obj
 0002:000003b8       __xi_z                     000000014000b3b8     MSVCRT:cinitexe.obj
[...]
 0003:00002dd8       ?s_id@?$TObjectUniqueID@UIShell@base@UModSys@@@tl@UModSys@@2USUniquePointer@core@3@A 0000000140012dd8     umodsys.c_main.obj
 0003:00002e08       ?s_id@?$TObjectUniqueID@UIConsole@base@UModSys@@@tl@UModSys@@2USUniquePointer@core@3@A 0000000140012e08     umodsys.c_main.obj
 0003:00002e38       ?s_id@?$TObjectUniqueID@UIModuleLibrary@base@UModSys@@@tl@UModSys@@2USUniquePointer@core@3@A 0000000140012e38     umodsys.c_main.obj
 0003:00002e68       ?s_id@?$TObjectUniqueID@URModuleLibraryThis@rsystem@base@UModSys@@@tl@UModSys@@2USUniquePointer@core@3@A 0000000140012e68     umodsys.c_main.obj
 0003:00002e98       ?s_id@?$TObjectUniqueID@URModuleLibrarySO@rsystem@base@UModSys@@@tl@UModSys@@2USUniquePointer@core@3@A 0000000140012e98     umodsys.c_main.obj
 0003:00002ec8       ?s_id@?$TObjectUniqueID@UIParameters@core@UModSys@@@tl@UModSys@@2USUniquePointer@core@3@A 0000000140012ec8     umodsys.c_main.obj
 0003:00002ef8       ?s_id@?$TObjectUniqueID@URSystem@rsystem@base@UModSys@@@tl@UModSys@@2USUniquePointer@core@3@A 0000000140012ef8     umodsys.c_main.obj
 0003:00002f28       ?s_id@?$TObjectUniqueID@URParameters@rsystem@base@UModSys@@@tl@UModSys@@2USUniquePointer@core@3@A 0000000140012f28     umodsys.c_main.obj
 0003:00002f58       ?s_id@?$TObjectUniqueID@UIDataArchive@media@UModSys@@@tl@UModSys@@2USUniquePointer@core@3@A 0000000140012f58     umodsys_lib_libmedia:umodsys.mod.media.stdio.obj
 0003:00002f88       ?s_id@?$TObjectUniqueID@URStdIo_Generator@media@UModSys@@@tl@UModSys@@2USUniquePointer@core@3@A 0000000140012f88     umodsys_lib_libmedia:umodsys.mod.media.stdio.obj
 0003:00002fb8       ?s_id@?$TObjectUniqueID@UIStreamWriter@media@UModSys@@@tl@UModSys@@2USUniquePointer@core@3@A 0000000140012fb8     umodsys_lib_libmedia:umodsys.mod.media.stdio.obj
 0003:00002fe8       ?s_id@?$TObjectUniqueID@UIStreamReader@media@UModSys@@@tl@UModSys@@2USUniquePointer@core@3@A 0000000140012fe8     umodsys_lib_libmedia:umodsys.mod.media.stdio.obj
 0003:00003018       ?s_id@?$TObjectUniqueID@URStreamReader_FILE@media@UModSys@@@tl@UModSys@@2USUniquePointer@core@3@A 0000000140013018     umodsys_lib_libmedia:umodsys.mod.media.stdio.obj
 0003:00003048       __native_startup_state     0000000140013048     <common>
 0003:00003050       __native_startup_lock      0000000140013050     <common>
 0003:00003058       __dyn_tls_init_callback    0000000140013058     <common>
 0003:00003060       __onexitend                0000000140013060     <common>
 0003:00003068       __onexitbegin              0000000140013068     <common>

 entry point at        0001:00002aa4

 Static symbols

 0001:000027d4       pre_cpp_init               00000001400037d4 f   MSVCRT:crtexe.obj
 0001:0000283c       __tmainCRTStartup          000000014000383c f   MSVCRT:crtexe.obj
 0001:000029bc       pre_c_init                 00000001400039bc f   MSVCRT:crtexe.obj
 0001:00004b70       ?s_pwd_init@@YAXXZ         0000000140005b70 f    CIL library: CIL module
 0001:00004e30       ?s_pfd_scan@@YA_KPEAUISystem@base@UModSys@@AEAU?$TDynarrayDynamic@U?$TRefObject@URModuleLibrarySO@rsystem@base@UModSys@@@tl@UModSys@@U?$TAllocator@USMemAlloc_Malloc@core@UModSys@@USCountCalcPower2@23@@23@@tl@3@PEBD22@Z 0000000140005e30 f    CIL library: CIL module
 0001:000050f0       ?s_pfd_scan@@YA_KPEAUISystem@base@UModSys@@AEAU?$TDynarrayDynamic@U?$TRefObject@URModuleLibrarySO@rsystem@base@UModSys@@@tl@UModSys@@U?$TAllocator@USMemAlloc_Malloc@core@UModSys@@USCountCalcPower2@23@@23@@tl@3@PEBD2@Z 00000001400060f0 f    CIL library: CIL module
 0001:00008030       ?refer@@YAXXZ              0000000140009030 f    CIL library: CIL module
 0001:00008570       _onexit$fin$0              0000000140009570 f   MSVCRT:atonexit.obj
 0001:00008589       __tmainCRTStartup$filt$0   0000000140009589 f   MSVCRT:crtexe.obj
 0001:000085b0       _IsNonwritableInCurrentImage$filt$0 00000001400095b0 f   MSVCRT:pesect.obj
 0001:000085d1       ?filt$0@?0??__ArrayUnwind@@YAXPEAX_KHP6AX0@Z@Z@4HA 00000001400095d1 f   MSVCRT:ehvecdtr.obj
 0001:00008610       ?fin$0@?0???_M@YAXPEAX_KHP6AX0@Z@Z@4HA 0000000140009610 f   MSVCRT:ehvecdtr.obj
 0001:00008640       ?dtor$0@?0???1?$TQuantArrayUnique@USUniquePointerInfo@core@UModSys@@$0BAA@USMemAlloc_Malloc@23@@tl@UModSys@@QEAA@XZ@4HA 0000000140009640 f    CIL library: CIL module
 0001:00008660       ?dtor$0@?0???$ValidateConstruction@UIRefObject@core@UModSys@@URStreamReader_FILE@media@3@@core@UModSys@@YA_NAEAU?$TRefObject@UIRefObject@core@UModSys@@@tl@1@PEAURStreamReader_FILE@media@1@@Z@4HA 0000000140009660 f    CIL library: CIL module
 0001:00008680       ?dtor$0@?0???1RModuleLibraryThis@rsystem@base@UModSys@@UEAA@XZ@4HA 0000000140009680 f    CIL library: CIL module
 0001:000086a0       ?dtor$0@?0???1RModuleLoader@rsystem@base@UModSys@@UEAA@XZ@4HA 00000001400096a0 f    CIL library: CIL module
 0001:000086c0       ?dtor$1@?0???1RModuleLoader@rsystem@base@UModSys@@UEAA@XZ@4HA 00000001400096c0 f    CIL library: CIL module
 0001:000086e0       ?dtor$2@?0???1RModuleLoader@rsystem@base@UModSys@@UEAA@XZ@4HA 00000001400096e0 f    CIL library: CIL module
 0001:00008710       ?dtor$0@?0???1RSystem@rsystem@base@UModSys@@UEAA@XZ@4HA 0000000140009710 f    CIL library: CIL module
 0001:00008730       ?dtor$1@?0???1RSystem@rsystem@base@UModSys@@UEAA@XZ@4HA 0000000140009730 f    CIL library: CIL module
 0001:00008750       ?dtor$2@?0???1RSystem@rsystem@base@UModSys@@UEAA@XZ@4HA 0000000140009750 f    CIL library: CIL module
 0001:00008770       ?dtor$3@?0???1RSystem@rsystem@base@UModSys@@UEAA@XZ@4HA 0000000140009770 f    CIL library: CIL module
 0001:00008790       ?dtor$4@?0???1RSystem@rsystem@base@UModSys@@UEAA@XZ@4HA 0000000140009790 f    CIL library: CIL module
 0001:000087b0       ?dtor$5@?0???1RSystem@rsystem@base@UModSys@@UEAA@XZ@4HA 00000001400097b0 f    CIL library: CIL module
 0001:000087d0       ?dtor$9@?0???1RSystem@rsystem@base@UModSys@@UEAA@XZ@4HA 00000001400097d0 f    CIL library: CIL module
 0001:000087f0       ?dtor$10@?0???1RSystem@rsystem@base@UModSys@@UEAA@XZ@4HA 00000001400097f0 f    CIL library: CIL module
 0001:00008810       ?dtor$0@?0???1RModuleLibrarySO@rsystem@base@UModSys@@UEAA@XZ@4HA 0000000140009810 f    CIL library: CIL module
 0001:00008830       ?dtor$0@?0???0RModule@rsystem@base@UModSys@@QEAA@PEAUIModuleLibraryUni@123@PEAUIModuleReg@23@@Z@4HA 0000000140009830 f    CIL library: CIL module
 0001:00008850       ?dtor$1@?0???0RModule@rsystem@base@UModSys@@QEAA@PEAUIModuleLibraryUni@123@PEAUIModuleReg@23@@Z@4HA 0000000140009850 f    CIL library: CIL module
 0001:00008870       ?dtor$2@?0???0RModule@rsystem@base@UModSys@@QEAA@PEAUIModuleLibraryUni@123@PEAUIModuleReg@23@@Z@4HA 0000000140009870 f    CIL library: CIL module
 0001:00008890       ?dtor$3@?0???0RModule@rsystem@base@UModSys@@QEAA@PEAUIModuleLibraryUni@123@PEAUIModuleReg@23@@Z@4HA 0000000140009890 f    CIL library: CIL module
 0001:000088c0       ?dtor$0@?0??link@IModuleLibraryUni@rsystem@base@UModSys@@QEAA_NXZ@4HA 00000001400098c0 f    CIL library: CIL module
 0001:000088f0       ?dtor$0@?0??exec_test_shells@RSystem@rsystem@base@UModSys@@QEAA_NXZ@4HA 00000001400098f0 f    CIL library: CIL module
 0001:00008910       ?dtor$1@?0??exec_test_shells@RSystem@rsystem@base@UModSys@@QEAA_NXZ@4HA 0000000140009910 f    CIL library: CIL module
 0001:00008930       ?dtor$3@?0??exec_test_shells@RSystem@rsystem@base@UModSys@@QEAA_NXZ@4HA 0000000140009930 f    CIL library: CIL module
 0001:00008960       ?dtor$1@?0??s_add@RModuleLibrarySO@rsystem@base@UModSys@@SA_NPEAUISystem@34@AEAU?$TDynarrayDynamic@U?$TRefObject@URModuleLibrarySO@rsystem@base@UModSys@@@tl@UModSys@@U?$TAllocator@USMemAlloc_Malloc@core@UModSys@@USCountCalcPower2@23@@23@@tl@4@PEBD@Z@4HA 0000000140009960 f    CIL library: CIL module
 0001:00008980       ?dtor$0@?0??suicide@RStreamReader_FILE@media@UModSys@@UEAAXXZ@4HA 0000000140009980 f    CIL library: CIL module
 0001:00008980       ?dtor$0@?0??suicide@RModule@rsystem@base@UModSys@@UEAAXXZ@4HA 0000000140009980 f    CIL library: CIL module
 0001:000089a0       ?dtor$0@?0??mem_free@?$TRMemAlloc_CC@U?$TMemAllocHeader@USMagic@mem_headers@rsystem@base@UModSys@@U?$TPool@X@2345@USDebug@2345@UVoid@core@5@@rsystem@base@UModSys@@USMemAlloc_Malloc@core@4@@rsystem@base@UModSys@@UEAAXPEAXPEBUSSourceContext@core@4@@Z@4HA 00000001400099a0 f    CIL library: CIL module
 0001:000089c0       ?dtor$0@?0??mem_realloc@?$TRMemAlloc_CC@U?$TMemAllocHeader@USMagic@mem_headers@rsystem@base@UModSys@@U?$TPool@X@2345@USDebug@2345@UVoid@core@5@@rsystem@base@UModSys@@USMemAlloc_Malloc@core@4@@rsystem@base@UModSys@@UEAAPEAXPEAX_KPEBUSSourceContext@core@4@@Z@4HA 00000001400099c0 f    CIL library: CIL module
 0001:000089e0       ?dtor$1@?0??mem_realloc@?$TRMemAlloc_CC@U?$TMemAllocHeader@USMagic@mem_headers@rsystem@base@UModSys@@U?$TPool@X@2345@USDebug@2345@UVoid@core@5@@rsystem@base@UModSys@@USMemAlloc_Malloc@core@4@@rsystem@base@UModSys@@UEAAPEAXPEAX_KPEBUSSourceContext@core@4@@Z@4HA 00000001400099e0 f    CIL library: CIL module
 0001:00008a00       ?dtor$0@?0??generate@RStdIo_Generator@media@UModSys@@UEAA_NAEAU?$TRefObject@UIRefObject@core@UModSys@@@tl@3@PEBUSUniquePointerInfo@core@3@AEBUSParameters@73@@Z@4HA 0000000140009a00 f    CIL library: CIL module
 0001:00008a20       ?dtor$1@?0??generate@RStdIo_Generator@media@UModSys@@UEAA_NAEAU?$TRefObject@UIRefObject@core@UModSys@@@tl@3@PEBUSUniquePointerInfo@core@3@AEBUSParameters@73@@Z@4HA 0000000140009a20 f    CIL library: CIL module
 0001:00008a40       ??__E?s_id@?$TObjectUniqueID@UIRoot@core@UModSys@@@tl@UModSys@@2USUniquePointer@core@3@A@@YAXXZ 0000000140009a40 f    CIL library: CIL module
 0001:00008a80       ??__E?s_id@?$TObjectUniqueID@UIRefObject@core@UModSys@@@tl@UModSys@@2USUniquePointer@core@3@A@@YAXXZ 0000000140009a80 f    CIL library: CIL module
 0001:00008ac0       ??__E?s_id@?$TObjectUniqueID@UIParameters@core@UModSys@@@tl@UModSys@@2USUniquePointer@core@3@A@@YAXXZ 0000000140009ac0 f    CIL library: CIL module
 0001:00008b00       ??__E?s_id@?$TObjectUniqueID@UIModule@base@UModSys@@@tl@UModSys@@2USUniquePointer@core@3@A@@YAXXZ 0000000140009b00 f    CIL library: CIL module
 0001:00008b40       ??__E?s_id@?$TObjectUniqueID@UIModuleLibrary@base@UModSys@@@tl@UModSys@@2USUniquePointer@core@3@A@@YAXXZ 0000000140009b40 f    CIL library: CIL module
 0001:00008b80       ??__E?s_id@?$TObjectUniqueID@UIModObject@base@UModSys@@@tl@UModSys@@2USUniquePointer@core@3@A@@YAXXZ 0000000140009b80 f    CIL library: CIL module
 0001:00008bc0       ??__E?s_id@?$TObjectUniqueID@UIGenerator@base@UModSys@@@tl@UModSys@@2USUniquePointer@core@3@A@@YAXXZ 0000000140009bc0 f    CIL library: CIL module
 0001:00008c00       ??__E?s_id@?$TObjectUniqueID@UIShell@base@UModSys@@@tl@UModSys@@2USUniquePointer@core@3@A@@YAXXZ 0000000140009c00 f    CIL library: CIL module
 0001:00008c40       ??__E?s_id@?$TObjectUniqueID@UIConsole@base@UModSys@@@tl@UModSys@@2USUniquePointer@core@3@A@@YAXXZ 0000000140009c40 f    CIL library: CIL module
 0001:00008c80       ??__E?s_id@?$TObjectUniqueID@UISystem@base@UModSys@@@tl@UModSys@@2USUniquePointer@core@3@A@@YAXXZ 0000000140009c80 f    CIL library: CIL module
 0001:00008cc0       ??__E?s_id@?$TObjectUniqueID@URModule@rsystem@base@UModSys@@@tl@UModSys@@2USUniquePointer@core@3@A@@YAXXZ 0000000140009cc0 f    CIL library: CIL module
 0001:00008d00       ??__E?s_id@?$TObjectUniqueID@UIModuleLibraryUni@rsystem@base@UModSys@@@tl@UModSys@@2USUniquePointer@core@3@A@@YAXXZ 0000000140009d00 f    CIL library: CIL module
 0001:00008d40       ??__E?s_id@?$TObjectUniqueID@URModuleLibrarySO@rsystem@base@UModSys@@@tl@UModSys@@2USUniquePointer@core@3@A@@YAXXZ 0000000140009d40 f    CIL library: CIL module
 0001:00008d80       ??__E?s_id@?$TObjectUniqueID@URModuleLibraryThis@rsystem@base@UModSys@@@tl@UModSys@@2USUniquePointer@core@3@A@@YAXXZ 0000000140009d80 f    CIL library: CIL module
 0001:00008dc0       ??__E?s_id@?$TObjectUniqueID@URParameters@rsystem@base@UModSys@@@tl@UModSys@@2USUniquePointer@core@3@A@@YAXXZ 0000000140009dc0 f    CIL library: CIL module
 0001:00008e00       ??__E?s_id@?$TObjectUniqueID@URSystem@rsystem@base@UModSys@@@tl@UModSys@@2USUniquePointer@core@3@A@@YAXXZ 0000000140009e00 f    CIL library: CIL module
 0001:00008e40       ??__E?s_id@?$TObjectUniqueID@URConsole_std@rsystem@base@UModSys@@@tl@UModSys@@2USUniquePointer@core@3@A@@YAXXZ 0000000140009e40 f    CIL library: CIL module
 0001:00008e80       ??__E?s_modreg@RStdIo_ModuleReg@media@UModSys@@2U123@A@@YAXXZ 0000000140009e80 f    CIL library: CIL module
 0001:00008eb0       ??__E?s_modreg_chain@RStdIo_ModuleReg@media@UModSys@@2USModuleRegChain@base@3@A@@YAXXZ 0000000140009eb0 f    CIL library: CIL module
 0001:00008ee0       ??__E?s_uid@RStdIo_Generator@media@UModSys@@2USUniquePointer@core@3@A@@YAXXZ 0000000140009ee0 f    CIL library: CIL module
 0001:00008f20       ??__E?s_id@?$TObjectUniqueID@UIStreamReader@media@UModSys@@@tl@UModSys@@2USUniquePointer@core@3@A@@YAXXZ 0000000140009f20 f    CIL library: CIL module
 0001:00008f60       ??__E?s_id@?$TObjectUniqueID@UIStreamWriter@media@UModSys@@@tl@UModSys@@2USUniquePointer@core@3@A@@YAXXZ 0000000140009f60 f    CIL library: CIL module
 0001:00008fa0       ??__E?s_id@?$TObjectUniqueID@UIDataArchive@media@UModSys@@@tl@UModSys@@2USUniquePointer@core@3@A@@YAXXZ 0000000140009fa0 f    CIL library: CIL module
 0001:00008fe0       ??__E?s_id@?$TObjectUniqueID@URStreamReader_FILE@media@UModSys@@@tl@UModSys@@2USUniquePointer@core@3@A@@YAXXZ 0000000140009fe0 f    CIL library: CIL module
 0001:00009020       ??__E?s_id@?$TObjectUniqueID@URStdIo_Generator@media@UModSys@@@tl@UModSys@@2USUniquePointer@core@3@A@@YAXXZ 000000014000a020 f    CIL library: CIL module
 0001:00009060       ??__E?s_console@RConsole_std@rsystem@base@UModSys@@2U1234@A@@YAXXZ 000000014000a060 f    CIL library: CIL module
 0001:00009080       ??__E?s_sys@RSystem@rsystem@base@UModSys@@2U1234@A@@YAXXZ 000000014000a080 f    CIL library: CIL module
 0001:000090a0       ??__Ersys_dbg@rsystem@base@UModSys@@YAXXZ 000000014000a0a0 f    CIL library: CIL module
 0001:000090d0       ??__EM@UModSys@@YAXXZ      000000014000a0d0 f    CIL library: CIL module
 0001:000090f0       ??__E?root@SModuleRegChain@base@UModSys@@2U123@A@@YAXXZ 000000014000a0f0 f    CIL library: CIL module
 0001:00009120       ??__E?s_library@RModuleLibraryReg_Chain@base@UModSys@@2U123@A@@YAXXZ 000000014000a120 f    CIL library: CIL module
 0001:00009140       ??__E?root@SUniquePointer@core@UModSys@@2U123@A@@YAXXZ 000000014000a140 f    CIL library: CIL module
 0001:00009170       ??__F?s_id@?$TObjectUniqueID@URConsole_std@rsystem@base@UModSys@@@tl@UModSys@@2USUniquePointer@core@3@A@@YAXXZ 000000014000a170 f    CIL library: CIL module
 0001:00009180       ??__F?s_id@?$TObjectUniqueID@URSystem@rsystem@base@UModSys@@@tl@UModSys@@2USUniquePointer@core@3@A@@YAXXZ 000000014000a180 f    CIL library: CIL module
 0001:00009190       ??__F?s_id@?$TObjectUniqueID@URParameters@rsystem@base@UModSys@@@tl@UModSys@@2USUniquePointer@core@3@A@@YAXXZ 000000014000a190 f    CIL library: CIL module
 0001:000091a0       ??__F?s_id@?$TObjectUniqueID@URModuleLibraryThis@rsystem@base@UModSys@@@tl@UModSys@@2USUniquePointer@core@3@A@@YAXXZ 000000014000a1a0 f    CIL library: CIL module
 0001:000091b0       ??__F?s_id@?$TObjectUniqueID@URModuleLibrarySO@rsystem@base@UModSys@@@tl@UModSys@@2USUniquePointer@core@3@A@@YAXXZ 000000014000a1b0 f    CIL library: CIL module
 0001:000091c0       ??__F?s_id@?$TObjectUniqueID@UIModuleLibraryUni@rsystem@base@UModSys@@@tl@UModSys@@2USUniquePointer@core@3@A@@YAXXZ 000000014000a1c0 f    CIL library: CIL module
 0001:000091d0       ??__F?s_id@?$TObjectUniqueID@URModule@rsystem@base@UModSys@@@tl@UModSys@@2USUniquePointer@core@3@A@@YAXXZ 000000014000a1d0 f    CIL library: CIL module
 0001:000091e0       ??__F?s_id@?$TObjectUniqueID@UISystem@base@UModSys@@@tl@UModSys@@2USUniquePointer@core@3@A@@YAXXZ 000000014000a1e0 f    CIL library: CIL module
 0001:000091f0       ??__F?s_id@?$TObjectUniqueID@UIConsole@base@UModSys@@@tl@UModSys@@2USUniquePointer@core@3@A@@YAXXZ 000000014000a1f0 f    CIL library: CIL module
 0001:00009200       ??__F?s_id@?$TObjectUniqueID@UIShell@base@UModSys@@@tl@UModSys@@2USUniquePointer@core@3@A@@YAXXZ 000000014000a200 f    CIL library: CIL module
 0001:00009210       ??__F?s_id@?$TObjectUniqueID@UIGenerator@base@UModSys@@@tl@UModSys@@2USUniquePointer@core@3@A@@YAXXZ 000000014000a210 f    CIL library: CIL module
 0001:00009220       ??__F?s_id@?$TObjectUniqueID@UIModObject@base@UModSys@@@tl@UModSys@@2USUniquePointer@core@3@A@@YAXXZ 000000014000a220 f    CIL library: CIL module
 0001:00009230       ??__F?s_id@?$TObjectUniqueID@UIModuleLibrary@base@UModSys@@@tl@UModSys@@2USUniquePointer@core@3@A@@YAXXZ 000000014000a230 f    CIL library: CIL module
 0001:00009240       ??__F?s_id@?$TObjectUniqueID@UIModule@base@UModSys@@@tl@UModSys@@2USUniquePointer@core@3@A@@YAXXZ 000000014000a240 f    CIL library: CIL module
 0001:00009250       ??__F?s_id@?$TObjectUniqueID@UIParameters@core@UModSys@@@tl@UModSys@@2USUniquePointer@core@3@A@@YAXXZ 000000014000a250 f    CIL library: CIL module
 0001:00009260       ??__F?s_id@?$TObjectUniqueID@UIRefObject@core@UModSys@@@tl@UModSys@@2USUniquePointer@core@3@A@@YAXXZ 000000014000a260 f    CIL library: CIL module
 0001:00009270       ??__F?s_id@?$TObjectUniqueID@UIRoot@core@UModSys@@@tl@UModSys@@2USUniquePointer@core@3@A@@YAXXZ 000000014000a270 f    CIL library: CIL module
 0001:00009280       ??__F?s_modreg@RStdIo_ModuleReg@media@UModSys@@2U123@A@@YAXXZ 000000014000a280 f    CIL library: CIL module
 0001:000092a0       ??__F?s_modreg_chain@RStdIo_ModuleReg@media@UModSys@@2USModuleRegChain@base@3@A@@YAXXZ 000000014000a2a0 f    CIL library: CIL module
 0001:000092b0       ??__F?s_uid@RStdIo_Generator@media@UModSys@@2USUniquePointer@core@3@A@@YAXXZ 000000014000a2b0 f    CIL library: CIL module
 0001:000092c0       ??__Fh@?1??s_holder@RStdIo_Generator@media@UModSys@@SAAEAU?$TTypeStaticHolder@URStdIo_Generator@media@UModSys@@@tl@3@XZ@YAXXZ 000000014000a2c0 f    CIL library: CIL module
 0001:000092f0       ??__F?s_id@?$TObjectUniqueID@URStdIo_Generator@media@UModSys@@@tl@UModSys@@2USUniquePointer@core@3@A@@YAXXZ 000000014000a2f0 f    CIL library: CIL module
 0001:00009300       ??__F?s_id@?$TObjectUniqueID@URStreamReader_FILE@media@UModSys@@@tl@UModSys@@2USUniquePointer@core@3@A@@YAXXZ 000000014000a300 f    CIL library: CIL module
 0001:00009310       ??__F?s_id@?$TObjectUniqueID@UIDataArchive@media@UModSys@@@tl@UModSys@@2USUniquePointer@core@3@A@@YAXXZ 000000014000a310 f    CIL library: CIL module
 0001:00009320       ??__F?s_id@?$TObjectUniqueID@UIStreamWriter@media@UModSys@@@tl@UModSys@@2USUniquePointer@core@3@A@@YAXXZ 000000014000a320 f    CIL library: CIL module
 0001:00009330       ??__F?s_id@?$TObjectUniqueID@UIStreamReader@media@UModSys@@@tl@UModSys@@2USUniquePointer@core@3@A@@YAXXZ 000000014000a330 f    CIL library: CIL module
 0001:00009340       ??__F?s_console@RConsole_std@rsystem@base@UModSys@@2U1234@A@@YAXXZ 000000014000a340 f    CIL library: CIL module
 0001:00009350       ??__F?s_sys@RSystem@rsystem@base@UModSys@@2U1234@A@@YAXXZ 000000014000a350 f    CIL library: CIL module
 0001:00009360       ??__Frsys_dbg@rsystem@base@UModSys@@YAXXZ 000000014000a360 f    CIL library: CIL module
 0001:00009370       ??__FM@UModSys@@YAXXZ      000000014000a370 f    CIL library: CIL module
 0001:00009380       ??__F?root@SModuleRegChain@base@UModSys@@2U123@A@@YAXXZ 000000014000a380 f    CIL library: CIL module
 0001:00009390       ??__F?s_library@RModuleLibraryReg_Chain@base@UModSys@@2U123@A@@YAXXZ 000000014000a390 f    CIL library: CIL module
 0001:000093a0       ??__F?root@SUniquePointer@core@UModSys@@2U123@A@@YAXXZ 000000014000a3a0 f    CIL library: CIL module

 Exports

  ordinal    name

        1    UModSys_Plugin_Entry2
