 umodsysc

 Timestamp is 52a1b998 (Fri Dec 06 14:48:40 2013)

 Preferred load address is 0000000140000000

 Start         Length     Name                   Class
 0001:00000000 0001033cH .text                   CODE
 0001:00010340 0000005eH .text$00                CODE
 0001:000103a0 00000b0cH .text$x                 CODE
 0001:00010eb0 00000bc2H .text$yc                CODE
 0001:00011a80 0000039cH .text$yd                CODE
 0002:00000000 00000258H .idata$5                DATA
 0002:00000258 00000008H .CRT$XCA                DATA
 0002:00000260 00000008H .CRT$XCAA               DATA
 0002:00000268 000003d0H .CRT$XCU                DATA
 0002:00000638 00000008H .CRT$XCZ                DATA
 0002:00000640 00000008H .CRT$XIA                DATA
 0002:00000648 00000008H .CRT$XIAA               DATA
 0002:00000650 00000008H .CRT$XIY                DATA
 0002:00000658 00000008H .CRT$XIZ                DATA
 0002:00000660 00002e40H .rdata                  DATA
 0002:000034a0 00001dccH .rdata$r                DATA
 0002:00005270 00000008H .rtc$IAA                DATA
 0002:00005278 00000008H .rtc$IZZ                DATA
 0002:00005280 00000008H .rtc$TAA                DATA
 0002:00005288 00000008H .rtc$TZZ                DATA
 0002:00005290 000025d0H .xdata                  DATA
 0002:00007860 000000e4H .xdata$x                DATA
 0002:00007944 00000028H .idata$2                DATA
 0002:0000796c 00000014H .idata$3                DATA
 0002:00007980 00000258H .idata$4                DATA
 0002:00007bd8 00000478H .idata$6                DATA
 0002:00008050 00000055H .edata                  DATA
 0003:00000000 00000ec4H .data                   DATA
 0003:00000ed0 00002b90H .bss                    DATA
 0004:00000000 00001cb0H .pdata                  DATA

  Address         Publics by Value              Rva+Base               Lib:Object

 0000:00000000       ___safe_se_handler_table   0000000000000000     <absolute>
 0000:00000000       ___safe_se_handler_count   0000000000000000     <absolute>
 0000:00000000       __ImageBase                0000000140000000     <linker-defined>
 0001:00000000       ??$shash@D@su@tl@UModSys@@YAHPEBD_K@Z 0000000140001000 f i umodsys.c_main.obj
 0001:00000030       ?suicide@RGenerator@std@media@modules@UModSys@@UEAAXXZ 0000000140001030 f i umodsys_lib_libmedia:umodsys.mod.media.std.obj
 0001:00000030       ??3@YAXPEAX0@Z             0000000140001030 f i umodsys_lib_libmedia:umodsys.mod.media.std.obj
 0001:00000030       ?suicide@RGenerator@stdio@media@modules@UModSys@@UEAAXXZ 0000000140001030 f i umodsys_lib_libmedia:umodsys.mod.media.stdio.obj
 0001:00000040       ??1SMemShared@core@UModSys@@QEAA@XZ 0000000140001040 f i umodsys_lib_libmedia:umodsys.mod.media.std.obj
 0001:00000040       ??1SInfo@IBinObjFilter@libmedia@UModSys@@QEAA@XZ 0000000140001040 f i umodsys_lib_libmedia:umodsys.mod.media.std.obj
 0001:00000040       ??1SCMemShared@core@UModSys@@QEAA@XZ 0000000140001040 f i umodsys_lib_libmedia:umodsys.mod.media.std.obj
 0001:00000070       ??3IRoot@core@UModSys@@SAXPEAXAEBUSIMemAlloc@12@@Z 0000000140001070 f i umodsys_lib_libmedia:umodsys.mod.media.std.obj
 0001:00000080       ?get_flag@RResolverChain@SFlagsChain@libmedia@UModSys@@UEBA?AW4eStates@?$TFlags4State@USMediaFlagUid@libmedia@UModSys@@I@tl@4@H@Z 0000000140001080 f i umodsys_lib_libmedia:umodsys.mod.media.std.obj
 0001:000000d0       ??1SPoint@ILibraryBinTree@libmedia@UModSys@@QEAA@XZ 00000001400010d0 f i umodsys_lib_libmedia:umodsys.mod.media.std.obj
 0001:000000d0       ??1SLayer@ILibraryLayered@libmedia@UModSys@@QEAA@XZ 00000001400010d0 f i umodsys_lib_libmedia:umodsys.mod.media.std.obj
 0001:00000100       ?root_get_interface_info@RLibraryBinCache@std@media@modules@UModSys@@UEBAAEBUSUniquePointerInfo@core@5@XZ 0000000140001100 f i umodsys_lib_libmedia:umodsys.mod.media.std.obj
 0001:00000110       ?root_get_interface_type@RLibraryBinCache@std@media@modules@UModSys@@UEBAPEBUSUniquePointerInfo@core@5@XZ 0000000140001110 f i umodsys_lib_libmedia:umodsys.mod.media.std.obj
 0001:00000120       ?root_get_other_interface@RLibraryBinCache@std@media@modules@UModSys@@UEAAPEAUIRoot@core@5@PEBUSUniquePointerInfo@75@@Z 0000000140001120 f i umodsys_lib_libmedia:umodsys.mod.media.std.obj
 0001:00000120       ?root_get_other_interface@RLibraryBinCache@std@media@modules@UModSys@@UEBAPEBUIRoot@core@5@PEBUSUniquePointerInfo@75@@Z 0000000140001120 f i umodsys_lib_libmedia:umodsys.mod.media.std.obj
 0001:00000160       ?root_is_interface_supported@RLibraryBinCache@std@media@modules@UModSys@@UEBA_NPEBUSUniquePointerInfo@core@5@@Z 0000000140001160 f i umodsys_lib_libmedia:umodsys.mod.media.std.obj
 0001:000001a0       ?ref_add@RLibraryBinTree@std@media@modules@UModSys@@UEBAXXZ 00000001400011a0 f i umodsys_lib_libmedia:umodsys.mod.media.std.obj
 0001:000001a0       ?ref_add@RLibraryObjFilter@std@media@modules@UModSys@@UEBAXXZ 00000001400011a0 f i umodsys_lib_libmedia:umodsys.mod.media.std.obj
 0001:000001a0       ?ref_add@RLibraryBinCache@std@media@modules@UModSys@@UEBAXXZ 00000001400011a0 f i umodsys_lib_libmedia:umodsys.mod.media.std.obj
 0001:000001a0       ?ref_add@RLibraryLayered@std@media@modules@UModSys@@UEBAXXZ 00000001400011a0 f i umodsys_lib_libmedia:umodsys.mod.media.std.obj
 0001:000001a0       ?ref_add@RLibraryObjCache@std@media@modules@UModSys@@UEBAXXZ 00000001400011a0 f i umodsys_lib_libmedia:umodsys.mod.media.std.obj
 0001:000001a0       ?ref_add@RDataArchiver_OsDir@stdio@media@modules@UModSys@@UEBAXXZ 00000001400011a0 f i umodsys_lib_libmedia:umodsys.mod.media.stdio.obj
 0001:000001b0       ?ref_links@RLibraryObjFilter@std@media@modules@UModSys@@UEBAHXZ 00000001400011b0 f i umodsys_lib_libmedia:umodsys.mod.media.std.obj
 0001:000001b0       ?ref_links@RLibraryLayered@std@media@modules@UModSys@@UEBAHXZ 00000001400011b0 f i umodsys_lib_libmedia:umodsys.mod.media.std.obj
 0001:000001b0       ?ref_links@RLibraryBinTree@std@media@modules@UModSys@@UEBAHXZ 00000001400011b0 f i umodsys_lib_libmedia:umodsys.mod.media.std.obj
 0001:000001b0       ?ref_links@RLibraryBinCache@std@media@modules@UModSys@@UEBAHXZ 00000001400011b0 f i umodsys_lib_libmedia:umodsys.mod.media.std.obj
 0001:000001b0       ?ref_links@RDataArchiver_OsDir@stdio@media@modules@UModSys@@UEBAHXZ 00000001400011b0 f i umodsys_lib_libmedia:umodsys.mod.media.stdio.obj
 0001:000001b0       ?ref_links@RLibraryObjCache@std@media@modules@UModSys@@UEBAHXZ 00000001400011b0 f i umodsys_lib_libmedia:umodsys.mod.media.std.obj
 0001:000001c0       ??0RLibraryBinCache@std@media@modules@UModSys@@QEAA@PEAUIModObject@base@4@AEBUSParameters@core@4@U?$TFlags4State@USMediaFlagUid@libmedia@UModSys@@I@tl@4@@Z 00000001400011c0 f i umodsys_lib_libmedia:umodsys.mod.media.std.obj
 0001:00000260       ?get_flags_auto@RLibraryBinCache@std@media@modules@UModSys@@UEBA?AU?$TFlags4State@USMediaFlagUid@libmedia@UModSys@@I@tl@5@XZ 0000000140001260 f i umodsys_lib_libmedia:umodsys.mod.media.std.obj
 0001:00000270       ?bin_load@RLibraryBinCache@std@media@modules@UModSys@@UEAA_NAEBU?$TString@U?$TSCoreConst@D@su@tl@UModSys@@U?$TComparerBinaryHash@D@234@@tl@5@AEAUSCMemShared@core@5@AEBUSFlags@libmedia@5@@Z 0000000140001270 f i umodsys_lib_libmedia:umodsys.mod.media.std.obj
 0001:00000310       ?obj_fsave@RLibraryBinCache@std@media@modules@UModSys@@UEAA_NAEAUSInfo@IBinObjFilter@libmedia@5@PEBUIRefObject@core@5@@Z 0000000140001310 f i umodsys_lib_libmedia:umodsys.mod.media.std.obj
 0001:00000310       ?bin_info@RLibraryObjCache@std@media@modules@UModSys@@UEAA_NAEBU?$TString@U?$TSCoreConst@D@su@tl@UModSys@@U?$TComparerBinaryHash@D@234@@tl@5@AEAU?$TIStackSocket@USFileInfo@libmedia@UModSys@@@75@AEBUSFlags@libmedia@5@@Z 0000000140001310 f i umodsys_lib_libmedia:umodsys.mod.media.std.obj
 0001:00000310       ?bin_save@RLibraryBinCache@std@media@modules@UModSys@@UEAA_NAEBU?$TString@U?$TSCoreConst@D@su@tl@UModSys@@U?$TComparerBinaryHash@D@234@@tl@5@AEBUSCMem@core@5@AEBUSFlags@libmedia@5@@Z 0000000140001310 f i umodsys_lib_libmedia:umodsys.mod.media.std.obj
 0001:00000310       ?obj_fget@RLibraryBinCache@std@media@modules@UModSys@@UEAA_NAEBUSInfo@IBinObjFilter@libmedia@5@AEAU?$TRefObject@UIRefObject@core@UModSys@@U?$TRefObjectFunc@UIRefObject@core@UModSys@@@tl@3@@tl@5@@Z 0000000140001310 f i umodsys_lib_libmedia:umodsys.mod.media.std.obj
 0001:00000310       ?bin_load@RLibraryObjCache@std@media@modules@UModSys@@UEAA_NAEBU?$TString@U?$TSCoreConst@D@su@tl@UModSys@@U?$TComparerBinaryHash@D@234@@tl@5@AEAUSCMemShared@core@5@AEBUSFlags@libmedia@5@@Z 0000000140001310 f i umodsys_lib_libmedia:umodsys.mod.media.std.obj
 0001:00000310       ?bin_info@RLibraryBinTree@std@media@modules@UModSys@@UEAA_NAEBU?$TString@U?$TSCoreConst@D@su@tl@UModSys@@U?$TComparerBinaryHash@D@234@@tl@5@AEAU?$TIStackSocket@USFileInfo@libmedia@UModSys@@@75@AEBUSFlags@libmedia@5@@Z 0000000140001310 f i umodsys_lib_libmedia:umodsys.mod.media.std.obj
 0001:00000310       ?bin_get@RLibraryBinTree@std@media@modules@UModSys@@UEAA_NAEBU?$TString@U?$TSCoreConst@D@su@tl@UModSys@@U?$TComparerBinaryHash@D@234@@tl@5@AEAUSCMemShared@core@5@_N@Z 0000000140001310 f i umodsys_lib_libmedia:umodsys.mod.media.std.obj
 0001:00000310       ?bin_info@RLibraryObjFilter@std@media@modules@UModSys@@UEAA_NAEBU?$TString@U?$TSCoreConst@D@su@tl@UModSys@@U?$TComparerBinaryHash@D@234@@tl@5@AEAU?$TIStackSocket@USFileInfo@libmedia@UModSys@@@75@AEBUSFlags@libmedia@5@@Z 0000000140001310 f i umodsys_lib_libmedia:umodsys.mod.media.std.obj
 0001:00000310       ?bin_load@RLibraryObjFilter@std@media@modules@UModSys@@UEAA_NAEBU?$TString@U?$TSCoreConst@D@su@tl@UModSys@@U?$TComparerBinaryHash@D@234@@tl@5@AEAUSCMemShared@core@5@AEBUSFlags@libmedia@5@@Z 0000000140001310 f i umodsys_lib_libmedia:umodsys.mod.media.std.obj
 0001:00000310       ?obj_cput@RLibraryBinTree@std@media@modules@UModSys@@UEAA_NAEBU?$TString@U?$TSCoreConst@D@su@tl@UModSys@@U?$TComparerBinaryHash@D@234@@tl@5@PEAUIRefObject@core@5@@Z 0000000140001310 f i umodsys_lib_libmedia:umodsys.mod.media.std.obj
 0001:00000310       ?obj_fload@RLibraryObjCache@std@media@modules@UModSys@@UEAA_NAEBUSInfo@IBinObjFilter@libmedia@5@PEAUIRefObject@core@5@@Z 0000000140001310 f i umodsys_lib_libmedia:umodsys.mod.media.std.obj
 0001:00000310       ?obj_cput@RLibraryObjFilter@std@media@modules@UModSys@@UEAA_NAEBU?$TString@U?$TSCoreConst@D@su@tl@UModSys@@U?$TComparerBinaryHash@D@234@@tl@5@PEAUIRefObject@core@5@@Z 0000000140001310 f i umodsys_lib_libmedia:umodsys.mod.media.std.obj
 0001:00000310       ?obj_fget@RLibraryBinTree@std@media@modules@UModSys@@UEAA_NAEBUSInfo@IBinObjFilter@libmedia@5@AEAU?$TRefObject@UIRefObject@core@UModSys@@U?$TRefObjectFunc@UIRefObject@core@UModSys@@@tl@3@@tl@5@@Z 0000000140001310 f i umodsys_lib_libmedia:umodsys.mod.media.std.obj
 0001:00000310       ?bin_info@RLibraryBinTree@std@media@modules@UModSys@@UEAA_NAEBU?$TString@U?$TSCoreConst@D@su@tl@UModSys@@U?$TComparerBinaryHash@D@234@@tl@5@AEAUSFileInfo@libmedia@5@AEBUSFlags@95@@Z 0000000140001310 f i umodsys_lib_libmedia:umodsys.mod.media.std.obj
 0001:00000310       ?bin_info@RLibraryObjFilter@std@media@modules@UModSys@@UEAA_NAEBU?$TString@U?$TSCoreConst@D@su@tl@UModSys@@U?$TComparerBinaryHash@D@234@@tl@5@AEAUSFileInfo@libmedia@5@AEBUSFlags@95@@Z 0000000140001310 f i umodsys_lib_libmedia:umodsys.mod.media.std.obj
 0001:00000310       ?obj_load@RLibraryObjFilter@std@media@modules@UModSys@@UEAA_NAEBU?$TString@U?$TSCoreConst@D@su@tl@UModSys@@U?$TComparerBinaryHash@D@234@@tl@5@PEAUIRefObject@core@5@AEBUSObjOptions@ILibrary@libmedia@5@@Z 0000000140001310 f i umodsys_lib_libmedia:umodsys.mod.media.std.obj
 0001:00000310       ?bin_info@RLibraryBinCache@std@media@modules@UModSys@@UEAA_NAEBU?$TString@U?$TSCoreConst@D@su@tl@UModSys@@U?$TComparerBinaryHash@D@234@@tl@5@AEAUSFileInfo@libmedia@5@AEBUSFlags@95@@Z 0000000140001310 f i umodsys_lib_libmedia:umodsys.mod.media.std.obj
 0001:00000310       ?obj_cget@RLibraryBinTree@std@media@modules@UModSys@@UEAA_NAEBU?$TString@U?$TSCoreConst@D@su@tl@UModSys@@U?$TComparerBinaryHash@D@234@@tl@5@AEAU?$TRefObject@UIRefObject@core@UModSys@@U?$TRefObjectFunc@UIRefObject@core@UModSys@@@tl@3@@75@_N@Z 0000000140001310 f i umodsys_lib_libmedia:umodsys.mod.media.std.obj
 0001:00000310       ?obj_cget@RLibraryBinCache@std@media@modules@UModSys@@UEAA_NAEBU?$TString@U?$TSCoreConst@D@su@tl@UModSys@@U?$TComparerBinaryHash@D@234@@tl@5@AEAU?$TRefObject@UIRefObject@core@UModSys@@U?$TRefObjectFunc@UIRefObject@core@UModSys@@@tl@3@@75@_N@Z 0000000140001310 f i umodsys_lib_libmedia:umodsys.mod.media.std.obj
 0001:00000310       ?obj_cget@RLibraryObjFilter@std@media@modules@UModSys@@UEAA_NAEBU?$TString@U?$TSCoreConst@D@su@tl@UModSys@@U?$TComparerBinaryHash@D@234@@tl@5@AEAU?$TRefObject@UIRefObject@core@UModSys@@U?$TRefObjectFunc@UIRefObject@core@UModSys@@@tl@3@@75@_N@Z 0000000140001310 f i umodsys_lib_libmedia:umodsys.mod.media.std.obj
 0001:00000310       ?bin_info@RLibraryObjCache@std@media@modules@UModSys@@UEAA_NAEBU?$TString@U?$TSCoreConst@D@su@tl@UModSys@@U?$TComparerBinaryHash@D@234@@tl@5@AEAUSFileInfo@libmedia@5@AEBUSFlags@95@@Z 0000000140001310 f i umodsys_lib_libmedia:umodsys.mod.media.std.obj
 0001:00000310       ?bin_save@RLibraryObjFilter@std@media@modules@UModSys@@UEAA_NAEBU?$TString@U?$TSCoreConst@D@su@tl@UModSys@@U?$TComparerBinaryHash@D@234@@tl@5@AEBUSCMem@core@5@AEBUSFlags@libmedia@5@@Z 0000000140001310 f i umodsys_lib_libmedia:umodsys.mod.media.std.obj
 0001:00000310       ?obj_load@RLibraryBinTree@std@media@modules@UModSys@@UEAA_NAEBU?$TString@U?$TSCoreConst@D@su@tl@UModSys@@U?$TComparerBinaryHash@D@234@@tl@5@PEAUIRefObject@core@5@AEBUSObjOptions@ILibrary@libmedia@5@@Z 0000000140001310 f i umodsys_lib_libmedia:umodsys.mod.media.std.obj
 0001:00000310       ?bin_put@RLibraryBinTree@std@media@modules@UModSys@@UEAA_NAEBU?$TString@U?$TSCoreConst@D@su@tl@UModSys@@U?$TComparerBinaryHash@D@234@@tl@5@PEBUSCMemShared@core@5@@Z 0000000140001310 f i umodsys_lib_libmedia:umodsys.mod.media.std.obj
 0001:00000310       ?bin_put@RLibraryObjCache@std@media@modules@UModSys@@UEAA_NAEBU?$TString@U?$TSCoreConst@D@su@tl@UModSys@@U?$TComparerBinaryHash@D@234@@tl@5@PEBUSCMemShared@core@5@@Z 0000000140001310 f i umodsys_lib_libmedia:umodsys.mod.media.std.obj
 0001:00000310       ?obj_fload@RLibraryBinCache@std@media@modules@UModSys@@UEAA_NAEBUSInfo@IBinObjFilter@libmedia@5@PEAUIRefObject@core@5@@Z 0000000140001310 f i umodsys_lib_libmedia:umodsys.mod.media.std.obj
 0001:00000310       ?obj_save@RLibraryObjCache@std@media@modules@UModSys@@UEAA_NAEBU?$TString@U?$TSCoreConst@D@su@tl@UModSys@@U?$TComparerBinaryHash@D@234@@tl@5@PEBUIRefObject@core@5@AEBUSObjOptions@ILibrary@libmedia@5@@Z 0000000140001310 f i umodsys_lib_libmedia:umodsys.mod.media.std.obj
 0001:00000310       ?obj_load@RLibraryObjCache@std@media@modules@UModSys@@UEAA_NAEBU?$TString@U?$TSCoreConst@D@su@tl@UModSys@@U?$TComparerBinaryHash@D@234@@tl@5@PEAUIRefObject@core@5@AEBUSObjOptions@ILibrary@libmedia@5@@Z 0000000140001310 f i umodsys_lib_libmedia:umodsys.mod.media.std.obj
 0001:00000310       ?bin_get@RLibraryObjFilter@std@media@modules@UModSys@@UEAA_NAEBU?$TString@U?$TSCoreConst@D@su@tl@UModSys@@U?$TComparerBinaryHash@D@234@@tl@5@AEAUSCMemShared@core@5@_N@Z 0000000140001310 f i umodsys_lib_libmedia:umodsys.mod.media.std.obj
 0001:00000310       ?obj_save@RLibraryBinCache@std@media@modules@UModSys@@UEAA_NAEBU?$TString@U?$TSCoreConst@D@su@tl@UModSys@@U?$TComparerBinaryHash@D@234@@tl@5@PEBUIRefObject@core@5@AEBUSObjOptions@ILibrary@libmedia@5@@Z 0000000140001310 f i umodsys_lib_libmedia:umodsys.mod.media.std.obj
 0001:00000310       ?obj_fget@RLibraryObjCache@std@media@modules@UModSys@@UEAA_NAEBUSInfo@IBinObjFilter@libmedia@5@AEAU?$TRefObject@UIRefObject@core@UModSys@@U?$TRefObjectFunc@UIRefObject@core@UModSys@@@tl@3@@tl@5@@Z 0000000140001310 f i umodsys_lib_libmedia:umodsys.mod.media.std.obj
 0001:00000310       ?bin_put@RLibraryObjFilter@std@media@modules@UModSys@@UEAA_NAEBU?$TString@U?$TSCoreConst@D@su@tl@UModSys@@U?$TComparerBinaryHash@D@234@@tl@5@PEBUSCMemShared@core@5@@Z 0000000140001310 f i umodsys_lib_libmedia:umodsys.mod.media.std.obj
 0001:00000310       ?obj_get@RLibraryBinCache@std@media@modules@UModSys@@UEAA_NAEBU?$TString@U?$TSCoreConst@D@su@tl@UModSys@@U?$TComparerBinaryHash@D@234@@tl@5@AEAU?$TRefObject@UIRefObject@core@UModSys@@U?$TRefObjectFunc@UIRefObject@core@UModSys@@@tl@3@@75@AEBUSObjOptions@ILibrary@libmedia@5@@Z 0000000140001310 f i umodsys_lib_libmedia:umodsys.mod.media.std.obj
 0001:00000310       ?obj_cput@RLibraryBinCache@std@media@modules@UModSys@@UEAA_NAEBU?$TString@U?$TSCoreConst@D@su@tl@UModSys@@U?$TComparerBinaryHash@D@234@@tl@5@PEAUIRefObject@core@5@@Z 0000000140001310 f i umodsys_lib_libmedia:umodsys.mod.media.std.obj
 0001:00000310       ?bin_get@RLibraryObjCache@std@media@modules@UModSys@@UEAA_NAEBU?$TString@U?$TSCoreConst@D@su@tl@UModSys@@U?$TComparerBinaryHash@D@234@@tl@5@AEAUSCMemShared@core@5@_N@Z 0000000140001310 f i umodsys_lib_libmedia:umodsys.mod.media.std.obj
 0001:00000310       ?obj_get@RLibraryObjFilter@std@media@modules@UModSys@@UEAA_NAEBU?$TString@U?$TSCoreConst@D@su@tl@UModSys@@U?$TComparerBinaryHash@D@234@@tl@5@AEAU?$TRefObject@UIRefObject@core@UModSys@@U?$TRefObjectFunc@UIRefObject@core@UModSys@@@tl@3@@75@AEBUSObjOptions@ILibrary@libmedia@5@@Z 0000000140001310 f i umodsys_lib_libmedia:umodsys.mod.media.std.obj
 0001:00000310       ?obj_save@RLibraryObjFilter@std@media@modules@UModSys@@UEAA_NAEBU?$TString@U?$TSCoreConst@D@su@tl@UModSys@@U?$TComparerBinaryHash@D@234@@tl@5@PEBUIRefObject@core@5@AEBUSObjOptions@ILibrary@libmedia@5@@Z 0000000140001310 f i umodsys_lib_libmedia:umodsys.mod.media.std.obj
 0001:00000310       ?obj_save@RLibraryBinTree@std@media@modules@UModSys@@UEAA_NAEBU?$TString@U?$TSCoreConst@D@su@tl@UModSys@@U?$TComparerBinaryHash@D@234@@tl@5@PEBUIRefObject@core@5@AEBUSObjOptions@ILibrary@libmedia@5@@Z 0000000140001310 f i umodsys_lib_libmedia:umodsys.mod.media.std.obj
 0001:00000310       ?bin_save@RLibraryObjCache@std@media@modules@UModSys@@UEAA_NAEBU?$TString@U?$TSCoreConst@D@su@tl@UModSys@@U?$TComparerBinaryHash@D@234@@tl@5@AEBUSCMem@core@5@AEBUSFlags@libmedia@5@@Z 0000000140001310 f i umodsys_lib_libmedia:umodsys.mod.media.std.obj
 0001:00000310       ?obj_fsave@RLibraryBinTree@std@media@modules@UModSys@@UEAA_NAEAUSInfo@IBinObjFilter@libmedia@5@PEBUIRefObject@core@5@@Z 0000000140001310 f i umodsys_lib_libmedia:umodsys.mod.media.std.obj
 0001:00000310       ?obj_fload@RLibraryBinTree@std@media@modules@UModSys@@UEAA_NAEBUSInfo@IBinObjFilter@libmedia@5@PEAUIRefObject@core@5@@Z 0000000140001310 f i umodsys_lib_libmedia:umodsys.mod.media.std.obj
 0001:00000310       ?bin_info@RLibraryBinCache@std@media@modules@UModSys@@UEAA_NAEBU?$TString@U?$TSCoreConst@D@su@tl@UModSys@@U?$TComparerBinaryHash@D@234@@tl@5@AEAU?$TIStackSocket@USFileInfo@libmedia@UModSys@@@75@AEBUSFlags@libmedia@5@@Z 0000000140001310 f i umodsys_lib_libmedia:umodsys.mod.media.std.obj
 0001:00000310       ?obj_load@RLibraryBinCache@std@media@modules@UModSys@@UEAA_NAEBU?$TString@U?$TSCoreConst@D@su@tl@UModSys@@U?$TComparerBinaryHash@D@234@@tl@5@PEAUIRefObject@core@5@AEBUSObjOptions@ILibrary@libmedia@5@@Z 0000000140001310 f i umodsys_lib_libmedia:umodsys.mod.media.std.obj
 0001:00000310       ?obj_fsave@RLibraryObjCache@std@media@modules@UModSys@@UEAA_NAEAUSInfo@IBinObjFilter@libmedia@5@PEBUIRefObject@core@5@@Z 0000000140001310 f i umodsys_lib_libmedia:umodsys.mod.media.std.obj
 0001:00000310       ?obj_get@RLibraryBinTree@std@media@modules@UModSys@@UEAA_NAEBU?$TString@U?$TSCoreConst@D@su@tl@UModSys@@U?$TComparerBinaryHash@D@234@@tl@5@AEAU?$TRefObject@UIRefObject@core@UModSys@@U?$TRefObjectFunc@UIRefObject@core@UModSys@@@tl@3@@75@AEBUSObjOptions@ILibrary@libmedia@5@@Z 0000000140001310 f i umodsys_lib_libmedia:umodsys.mod.media.std.obj
 0001:00000320       ?bin_get@RLibraryBinCache@std@media@modules@UModSys@@UEAA_NAEBU?$TString@U?$TSCoreConst@D@su@tl@UModSys@@U?$TComparerBinaryHash@D@234@@tl@5@AEAUSCMemShared@core@5@_N@Z 0000000140001320 f i umodsys_lib_libmedia:umodsys.mod.media.std.obj
 0001:00000320       ?obj_cget@RLibraryObjCache@std@media@modules@UModSys@@UEAA_NAEBU?$TString@U?$TSCoreConst@D@su@tl@UModSys@@U?$TComparerBinaryHash@D@234@@tl@5@AEAU?$TRefObject@UIRefObject@core@UModSys@@U?$TRefObjectFunc@UIRefObject@core@UModSys@@@tl@3@@75@_N@Z 0000000140001320 f i umodsys_lib_libmedia:umodsys.mod.media.std.obj
 0001:00000360       ?bin_put@RLibraryBinCache@std@media@modules@UModSys@@UEAA_NAEBU?$TString@U?$TSCoreConst@D@su@tl@UModSys@@U?$TComparerBinaryHash@D@234@@tl@5@PEBUSCMemShared@core@5@@Z 0000000140001360 f i umodsys_lib_libmedia:umodsys.mod.media.std.obj
 0001:00000380       ?bincache_get@RLibraryBinCache@std@media@modules@UModSys@@UEBA_NAEBU?$TString@U?$TSCoreConst@D@su@tl@UModSys@@U?$TComparerBinaryHash@D@234@@tl@5@PEAUSCMemShared@core@5@PEA_N@Z 0000000140001380 f i umodsys_lib_libmedia:umodsys.mod.media.std.obj
 0001:00000430       ?bincache_add@RLibraryBinCache@std@media@modules@UModSys@@UEAA_NAEBU?$TString@U?$TSCoreConst@D@su@tl@UModSys@@U?$TComparerBinaryHash@D@234@@tl@5@@Z 0000000140001430 f i umodsys_lib_libmedia:umodsys.mod.media.std.obj
 0001:00000460       ?bincache_add@RLibraryBinCache@std@media@modules@UModSys@@UEAA_NAEBU?$TString@U?$TSCoreConst@D@su@tl@UModSys@@U?$TComparerBinaryHash@D@234@@tl@5@AEBUSCMemShared@core@5@@Z 0000000140001460 f i umodsys_lib_libmedia:umodsys.mod.media.std.obj
 0001:00000470       ?bincache_remove@RLibraryBinCache@std@media@modules@UModSys@@UEAA_NAEBU?$TString@U?$TSCoreConst@D@su@tl@UModSys@@U?$TComparerBinaryHash@D@234@@tl@5@@Z 0000000140001470 f i umodsys_lib_libmedia:umodsys.mod.media.std.obj
 0001:000004d0       ?bincache_clear@RLibraryBinCache@std@media@modules@UModSys@@UEAA_NXZ 00000001400014d0 f i umodsys_lib_libmedia:umodsys.mod.media.std.obj
 0001:00000500       ?bincache_add@RLibraryBinCache@std@media@modules@UModSys@@QEAA_NAEBU?$TString@U?$TSCoreConst@D@su@tl@UModSys@@U?$TComparerBinaryHash@D@234@@tl@5@AEBUSCMemShared@core@5@_N@Z 0000000140001500 f i umodsys_lib_libmedia:umodsys.mod.media.std.obj
 0001:00000700       ??_ERLibraryBinCache@std@media@modules@UModSys@@UEAAPEAXI@Z 0000000140001700 f i  CIL library: CIL module
 0001:00000700       ??_GRLibraryBinCache@std@media@modules@UModSys@@UEAAPEAXI@Z 0000000140001700 f i umodsys_lib_libmedia:umodsys.mod.media.std.obj
 0001:00000780       ??_ERGenerator@stdio@media@modules@UModSys@@UEAAPEAXI@Z 0000000140001780 f i  CIL library: CIL module
 0001:00000780       ??_GRGenerator@std@media@modules@UModSys@@UEAAPEAXI@Z 0000000140001780 f i umodsys_lib_libmedia:umodsys.mod.media.std.obj
 0001:00000780       ??_GIRefObject@core@UModSys@@UEAAPEAXI@Z 0000000140001780 f i umodsys_lib_libmedia:umodsys.mod.media.std.obj
 0001:00000780       ??_ERGenerator@std@media@modules@UModSys@@UEAAPEAXI@Z 0000000140001780 f i  CIL library: CIL module
 0001:00000780       ??_GRGenerator@stdio@media@modules@UModSys@@UEAAPEAXI@Z 0000000140001780 f i umodsys_lib_libmedia:umodsys.mod.media.stdio.obj
 0001:00000780       ??_EIRefObject@core@UModSys@@UEAAPEAXI@Z 0000000140001780 f i  CIL library: CIL module
 0001:000007b0       ??_GIRoot@core@UModSys@@UEAAPEAXI@Z 00000001400017b0 f i umodsys_lib_libmedia:umodsys.mod.media.std.obj
 0001:000007b0       ??_EIRoot@core@UModSys@@UEAAPEAXI@Z 00000001400017b0 f i  CIL library: CIL module
 0001:000007e0       ?root_get_interface_info@RLibraryBinTree@std@media@modules@UModSys@@UEBAAEBUSUniquePointerInfo@core@5@XZ 00000001400017e0 f i umodsys_lib_libmedia:umodsys.mod.media.std.obj
 0001:000007f0       ?root_get_interface_type@RLibraryBinTree@std@media@modules@UModSys@@UEBAPEBUSUniquePointerInfo@core@5@XZ 00000001400017f0 f i umodsys_lib_libmedia:umodsys.mod.media.std.obj
 0001:00000800       ?root_get_other_interface@RLibraryBinTree@std@media@modules@UModSys@@UEAAPEAUIRoot@core@5@PEBUSUniquePointerInfo@75@@Z 0000000140001800 f i umodsys_lib_libmedia:umodsys.mod.media.std.obj
 0001:00000800       ?root_get_other_interface@RLibraryBinTree@std@media@modules@UModSys@@UEBAPEBUIRoot@core@5@PEBUSUniquePointerInfo@75@@Z 0000000140001800 f i umodsys_lib_libmedia:umodsys.mod.media.std.obj
 0001:00000840       ?root_is_interface_supported@RLibraryBinTree@std@media@modules@UModSys@@UEBA_NPEBUSUniquePointerInfo@core@5@@Z 0000000140001840 f i umodsys_lib_libmedia:umodsys.mod.media.std.obj
 0001:00000880       ??0RLibraryBinTree@std@media@modules@UModSys@@QEAA@PEAUIModObject@base@4@AEBUSParameters@core@4@U?$TFlags4State@USMediaFlagUid@libmedia@UModSys@@I@tl@4@@Z 0000000140001880 f i umodsys_lib_libmedia:umodsys.mod.media.std.obj
 0001:00000920       ?get_flag@RLibraryBinTree@std@media@modules@UModSys@@UEBA?AW4eStates@?$TFlags4State@USMediaFlagUid@libmedia@UModSys@@I@tl@5@H@Z 0000000140001920 f i umodsys_lib_libmedia:umodsys.mod.media.std.obj
 0001:00000920       ?get_flag@RLibraryObjFilter@std@media@modules@UModSys@@UEBA?AW4eStates@?$TFlags4State@USMediaFlagUid@libmedia@UModSys@@I@tl@5@H@Z 0000000140001920 f i umodsys_lib_libmedia:umodsys.mod.media.std.obj
 0001:00000920       ?get_flag@RLibraryObjCache@std@media@modules@UModSys@@UEBA?AW4eStates@?$TFlags4State@USMediaFlagUid@libmedia@UModSys@@I@tl@5@H@Z 0000000140001920 f i umodsys_lib_libmedia:umodsys.mod.media.std.obj
 0001:00000920       ?get_flag@RLibraryBinCache@std@media@modules@UModSys@@UEBA?AW4eStates@?$TFlags4State@USMediaFlagUid@libmedia@UModSys@@I@tl@5@H@Z 0000000140001920 f i umodsys_lib_libmedia:umodsys.mod.media.std.obj
 0001:00000930       ?get_flags_auto@RLibraryBinTree@std@media@modules@UModSys@@UEBA?AU?$TFlags4State@USMediaFlagUid@libmedia@UModSys@@I@tl@5@XZ 0000000140001930 f i umodsys_lib_libmedia:umodsys.mod.media.std.obj
 0001:00000940       ?bin_reader@RLibraryBinTree@std@media@modules@UModSys@@UEAA?AU?$TRefObject@UIStreamReader@libmedia@UModSys@@U?$TRefObjectFunc@UIStreamReader@libmedia@UModSys@@@tl@3@@tl@5@AEBU?$TString@U?$TSCoreConst@D@su@tl@UModSys@@U?$TComparerBinaryHash@D@234@@75@AEBUSFlags@libmedia@5@@Z 0000000140001940 f i umodsys_lib_libmedia:umodsys.mod.media.std.obj
 0001:00000b00       ?bin_writer@RLibraryBinTree@std@media@modules@UModSys@@UEAA?AU?$TRefObject@UIStreamWriter@libmedia@UModSys@@U?$TRefObjectFunc@UIStreamWriter@libmedia@UModSys@@@tl@3@@tl@5@AEBU?$TString@U?$TSCoreConst@D@su@tl@UModSys@@U?$TComparerBinaryHash@D@234@@75@AEBUSFlags@libmedia@5@@Z 0000000140001b00 f i umodsys_lib_libmedia:umodsys.mod.media.std.obj
 0001:00000cc0       ?bin_load@RLibraryBinTree@std@media@modules@UModSys@@UEAA_NAEBU?$TString@U?$TSCoreConst@D@su@tl@UModSys@@U?$TComparerBinaryHash@D@234@@tl@5@AEAUSCMemShared@core@5@AEBUSFlags@libmedia@5@@Z 0000000140001cc0 f i umodsys_lib_libmedia:umodsys.mod.media.std.obj
 0001:00000e60       ?bin_save@RLibraryBinTree@std@media@modules@UModSys@@UEAA_NAEBU?$TString@U?$TSCoreConst@D@su@tl@UModSys@@U?$TComparerBinaryHash@D@234@@tl@5@AEBUSCMem@core@5@AEBUSFlags@libmedia@5@@Z 0000000140001e60 f i umodsys_lib_libmedia:umodsys.mod.media.std.obj
 0001:00000ff0       ?mount_get@RLibraryBinTree@std@media@modules@UModSys@@UEBA?AUSPoint@ILibraryBinTree@libmedia@5@AEBUSId@785@@Z 0000000140001ff0 f i umodsys_lib_libmedia:umodsys.mod.media.std.obj
 0001:00001070       ?mount_add@RLibraryBinTree@std@media@modules@UModSys@@UEAA_NAEBUSId@ILibraryBinTree@libmedia@5@AEBUSPoint@785@@Z 0000000140002070 f i umodsys_lib_libmedia:umodsys.mod.media.std.obj
 0001:00001260       ?mount_remove@RLibraryBinTree@std@media@modules@UModSys@@UEAA_NAEBUSId@ILibraryBinTree@libmedia@5@@Z 0000000140002260 f i umodsys_lib_libmedia:umodsys.mod.media.std.obj
 0001:000012c0       ?mount_clear@RLibraryBinTree@std@media@modules@UModSys@@UEAA_NXZ 00000001400022c0 f i umodsys_lib_libmedia:umodsys.mod.media.std.obj
 0001:000012f0       ??_ERLibraryBinTree@std@media@modules@UModSys@@UEAAPEAXI@Z 00000001400022f0 f i  CIL library: CIL module
 0001:000012f0       ??_GRLibraryBinTree@std@media@modules@UModSys@@UEAAPEAXI@Z 00000001400022f0 f i umodsys_lib_libmedia:umodsys.mod.media.std.obj
 0001:00001370       ?root_get_interface_info@RLibraryLayered@std@media@modules@UModSys@@UEBAAEBUSUniquePointerInfo@core@5@XZ 0000000140002370 f i umodsys_lib_libmedia:umodsys.mod.media.std.obj
 0001:00001380       ?root_get_interface_type@RLibraryLayered@std@media@modules@UModSys@@UEBAPEBUSUniquePointerInfo@core@5@XZ 0000000140002380 f i umodsys_lib_libmedia:umodsys.mod.media.std.obj
 0001:00001390       ?root_get_other_interface@RLibraryLayered@std@media@modules@UModSys@@UEAAPEAUIRoot@core@5@PEBUSUniquePointerInfo@75@@Z 0000000140002390 f i umodsys_lib_libmedia:umodsys.mod.media.std.obj
 0001:00001390       ?root_get_other_interface@RLibraryLayered@std@media@modules@UModSys@@UEBAPEBUIRoot@core@5@PEBUSUniquePointerInfo@75@@Z 0000000140002390 f i umodsys_lib_libmedia:umodsys.mod.media.std.obj
 0001:000013d0       ?root_is_interface_supported@RLibraryLayered@std@media@modules@UModSys@@UEBA_NPEBUSUniquePointerInfo@core@5@@Z 00000001400023d0 f i umodsys_lib_libmedia:umodsys.mod.media.std.obj
 0001:00001410       ??4SLayerX@RLibraryLayered@std@media@modules@UModSys@@QEAAXAEBUSLayer@ILibraryLayered@libmedia@5@@Z 0000000140002410 f i umodsys_lib_libmedia:umodsys.mod.media.std.obj
 0001:000014c0       ??0RLibraryLayered@std@media@modules@UModSys@@QEAA@PEAUIModObject@base@4@AEBUSParameters@core@4@U?$TFlags4State@USMediaFlagUid@libmedia@UModSys@@I@tl@4@@Z 00000001400024c0 f i umodsys_lib_libmedia:umodsys.mod.media.std.obj
 0001:00001570       ?get_flag@RLibraryLayered@std@media@modules@UModSys@@UEBA?AW4eStates@?$TFlags4State@USMediaFlagUid@libmedia@UModSys@@I@tl@5@H@Z 0000000140002570 f i umodsys_lib_libmedia:umodsys.mod.media.std.obj
 0001:00001580       ?get_flags_auto@RLibraryLayered@std@media@modules@UModSys@@UEBA?AU?$TFlags4State@USMediaFlagUid@libmedia@UModSys@@I@tl@5@XZ 0000000140002580 f i umodsys_lib_libmedia:umodsys.mod.media.std.obj
 0001:00001590       ?set_flag@RLibraryLayered@std@media@modules@UModSys@@UEAA?AW4eStates@?$TFlags4State@USMediaFlagUid@libmedia@UModSys@@I@tl@5@HW46785@@Z 0000000140002590 f i umodsys_lib_libmedia:umodsys.mod.media.std.obj
 0001:000015c0       ?bin_reader@RLibraryLayered@std@media@modules@UModSys@@UEAA?AU?$TRefObject@UIStreamReader@libmedia@UModSys@@U?$TRefObjectFunc@UIStreamReader@libmedia@UModSys@@@tl@3@@tl@5@AEBU?$TString@U?$TSCoreConst@D@su@tl@UModSys@@U?$TComparerBinaryHash@D@234@@75@AEBUSFlags@libmedia@5@@Z 00000001400025c0 f i umodsys_lib_libmedia:umodsys.mod.media.std.obj
 0001:000016c0       ?bin_writer@RLibraryLayered@std@media@modules@UModSys@@UEAA?AU?$TRefObject@UIStreamWriter@libmedia@UModSys@@U?$TRefObjectFunc@UIStreamWriter@libmedia@UModSys@@@tl@3@@tl@5@AEBU?$TString@U?$TSCoreConst@D@su@tl@UModSys@@U?$TComparerBinaryHash@D@234@@75@AEBUSFlags@libmedia@5@@Z 00000001400026c0 f i umodsys_lib_libmedia:umodsys.mod.media.std.obj
 0001:000017c0       ?bin_load@RLibraryLayered@std@media@modules@UModSys@@UEAA_NAEBU?$TString@U?$TSCoreConst@D@su@tl@UModSys@@U?$TComparerBinaryHash@D@234@@tl@5@AEAUSCMemShared@core@5@AEBUSFlags@libmedia@5@@Z 00000001400027c0 f i umodsys_lib_libmedia:umodsys.mod.media.std.obj
 0001:00001990       ?bin_save@RLibraryLayered@std@media@modules@UModSys@@UEAA_NAEBU?$TString@U?$TSCoreConst@D@su@tl@UModSys@@U?$TComparerBinaryHash@D@234@@tl@5@AEBUSCMem@core@5@AEBUSFlags@libmedia@5@@Z 0000000140002990 f i umodsys_lib_libmedia:umodsys.mod.media.std.obj
 0001:00001b90       ?bin_info@RLibraryLayered@std@media@modules@UModSys@@UEAA_NAEBU?$TString@U?$TSCoreConst@D@su@tl@UModSys@@U?$TComparerBinaryHash@D@234@@tl@5@AEAUSFileInfo@libmedia@5@AEBUSFlags@95@@Z 0000000140002b90 f i umodsys_lib_libmedia:umodsys.mod.media.std.obj
 0001:00001c50       ?bin_info@RLibraryLayered@std@media@modules@UModSys@@UEAA_NAEBU?$TString@U?$TSCoreConst@D@su@tl@UModSys@@U?$TComparerBinaryHash@D@234@@tl@5@AEAU?$TIStackSocket@USFileInfo@libmedia@UModSys@@@75@AEBUSFlags@libmedia@5@@Z 0000000140002c50 f i umodsys_lib_libmedia:umodsys.mod.media.std.obj
 0001:00001d20       ?bin_get@RLibraryLayered@std@media@modules@UModSys@@UEAA_NAEBU?$TString@U?$TSCoreConst@D@su@tl@UModSys@@U?$TComparerBinaryHash@D@234@@tl@5@AEAUSCMemShared@core@5@_N@Z 0000000140002d20 f i umodsys_lib_libmedia:umodsys.mod.media.std.obj
 0001:00001db0       ?bin_put@RLibraryLayered@std@media@modules@UModSys@@UEAA_NAEBU?$TString@U?$TSCoreConst@D@su@tl@UModSys@@U?$TComparerBinaryHash@D@234@@tl@5@PEBUSCMemShared@core@5@@Z 0000000140002db0 f i umodsys_lib_libmedia:umodsys.mod.media.std.obj
 0001:00001e30       ?obj_fget@RLibraryLayered@std@media@modules@UModSys@@UEAA_NAEBUSInfo@IBinObjFilter@libmedia@5@AEAU?$TRefObject@UIRefObject@core@UModSys@@U?$TRefObjectFunc@UIRefObject@core@UModSys@@@tl@3@@tl@5@@Z 0000000140002e30 f i umodsys_lib_libmedia:umodsys.mod.media.std.obj
 0001:00001eb0       ?obj_fload@RLibraryLayered@std@media@modules@UModSys@@UEAA_NAEBUSInfo@IBinObjFilter@libmedia@5@PEAUIRefObject@core@5@@Z 0000000140002eb0 f i umodsys_lib_libmedia:umodsys.mod.media.std.obj
 0001:00001f30       ?obj_fsave@RLibraryLayered@std@media@modules@UModSys@@UEAA_NAEAUSInfo@IBinObjFilter@libmedia@5@PEBUIRefObject@core@5@@Z 0000000140002f30 f i umodsys_lib_libmedia:umodsys.mod.media.std.obj
 0001:00001fb0       ?obj_cget@RLibraryLayered@std@media@modules@UModSys@@UEAA_NAEBU?$TString@U?$TSCoreConst@D@su@tl@UModSys@@U?$TComparerBinaryHash@D@234@@tl@5@AEAU?$TRefObject@UIRefObject@core@UModSys@@U?$TRefObjectFunc@UIRefObject@core@UModSys@@@tl@3@@75@_N@Z 0000000140002fb0 f i umodsys_lib_libmedia:umodsys.mod.media.std.obj
 0001:00002040       ?obj_cput@RLibraryLayered@std@media@modules@UModSys@@UEAA_NAEBU?$TString@U?$TSCoreConst@D@su@tl@UModSys@@U?$TComparerBinaryHash@D@234@@tl@5@PEAUIRefObject@core@5@@Z 0000000140003040 f i umodsys_lib_libmedia:umodsys.mod.media.std.obj
 0001:000020c0       ?obj_get@RLibraryLayered@std@media@modules@UModSys@@UEAA_NAEBU?$TString@U?$TSCoreConst@D@su@tl@UModSys@@U?$TComparerBinaryHash@D@234@@tl@5@AEAU?$TRefObject@UIRefObject@core@UModSys@@U?$TRefObjectFunc@UIRefObject@core@UModSys@@@tl@3@@75@AEBUSObjOptions@ILibrary@libmedia@5@@Z 00000001400030c0 f i umodsys_lib_libmedia:umodsys.mod.media.std.obj
 0001:000024f0       ?obj_load@RLibraryLayered@std@media@modules@UModSys@@UEAA_NAEBU?$TString@U?$TSCoreConst@D@su@tl@UModSys@@U?$TComparerBinaryHash@D@234@@tl@5@PEAUIRefObject@core@5@AEBUSObjOptions@ILibrary@libmedia@5@@Z 00000001400034f0 f i umodsys_lib_libmedia:umodsys.mod.media.std.obj
 0001:000026a0       ?obj_save@RLibraryLayered@std@media@modules@UModSys@@UEAA_NAEBU?$TString@U?$TSCoreConst@D@su@tl@UModSys@@U?$TComparerBinaryHash@D@234@@tl@5@PEBUIRefObject@core@5@AEBUSObjOptions@ILibrary@libmedia@5@@Z 00000001400036a0 f i umodsys_lib_libmedia:umodsys.mod.media.std.obj
 0001:000028e0       ?layer_count@RLibraryLayered@std@media@modules@UModSys@@UEBA_KAEBUSLayer@ILibraryLayered@libmedia@5@@Z 00000001400038e0 f i umodsys_lib_libmedia:umodsys.mod.media.std.obj
 0001:000028f0       ?layer_get@RLibraryLayered@std@media@modules@UModSys@@UEBA?AUSLayer@ILibraryLayered@libmedia@5@_K@Z 00000001400038f0 f i umodsys_lib_libmedia:umodsys.mod.media.std.obj
 0001:00002960       ?layer_find@RLibraryLayered@std@media@modules@UModSys@@UEBA_KAEBU?$TString@U?$TSCoreConst@D@su@tl@UModSys@@U?$TComparerBinaryHash@D@234@@tl@5@_K@Z 0000000140003960 f i umodsys_lib_libmedia:umodsys.mod.media.std.obj
 0001:00002a10       ?layer_insert@RLibraryLayered@std@media@modules@UModSys@@UEAA_NAEBUSLayer@ILibraryLayered@libmedia@5@_K@Z 0000000140003a10 f i umodsys_lib_libmedia:umodsys.mod.media.std.obj
 0001:00002a80       ?layer_remove@RLibraryLayered@std@media@modules@UModSys@@UEAA_N_K@Z 0000000140003a80 f i umodsys_lib_libmedia:umodsys.mod.media.std.obj
 0001:00002a90       ?layer_clear@RLibraryLayered@std@media@modules@UModSys@@UEAA_NXZ 0000000140003a90 f i umodsys_lib_libmedia:umodsys.mod.media.std.obj
 0001:00002aa0       ??_ERLibraryLayered@std@media@modules@UModSys@@UEAAPEAXI@Z 0000000140003aa0 f i  CIL library: CIL module
 0001:00002aa0       ??_GRLibraryLayered@std@media@modules@UModSys@@UEAAPEAXI@Z 0000000140003aa0 f i umodsys_lib_libmedia:umodsys.mod.media.std.obj
 0001:00002af0       ?root_get_interface_info@RLibraryObjCache@std@media@modules@UModSys@@UEBAAEBUSUniquePointerInfo@core@5@XZ 0000000140003af0 f i umodsys_lib_libmedia:umodsys.mod.media.std.obj
 0001:00002b00       ?root_get_interface_type@RLibraryObjCache@std@media@modules@UModSys@@UEBAPEBUSUniquePointerInfo@core@5@XZ 0000000140003b00 f i umodsys_lib_libmedia:umodsys.mod.media.std.obj
 0001:00002b10       ?root_get_other_interface@RLibraryObjCache@std@media@modules@UModSys@@UEBAPEBUIRoot@core@5@PEBUSUniquePointerInfo@75@@Z 0000000140003b10 f i umodsys_lib_libmedia:umodsys.mod.media.std.obj
 0001:00002b10       ?root_get_other_interface@RLibraryObjCache@std@media@modules@UModSys@@UEAAPEAUIRoot@core@5@PEBUSUniquePointerInfo@75@@Z 0000000140003b10 f i umodsys_lib_libmedia:umodsys.mod.media.std.obj
 0001:00002b50       ?root_is_interface_supported@RLibraryObjCache@std@media@modules@UModSys@@UEBA_NPEBUSUniquePointerInfo@core@5@@Z 0000000140003b50 f i umodsys_lib_libmedia:umodsys.mod.media.std.obj
 0001:00002b90       ?ref_remove@RLibraryBinTree@std@media@modules@UModSys@@UEBAXXZ 0000000140003b90 f i umodsys_lib_libmedia:umodsys.mod.media.std.obj
 0001:00002b90       ?ref_remove@RLibraryBinCache@std@media@modules@UModSys@@UEBAXXZ 0000000140003b90 f i umodsys_lib_libmedia:umodsys.mod.media.std.obj
 0001:00002b90       ?ref_remove@RLibraryLayered@std@media@modules@UModSys@@UEBAXXZ 0000000140003b90 f i umodsys_lib_libmedia:umodsys.mod.media.std.obj
 0001:00002b90       ?ref_remove@RDataArchiver_OsDir@stdio@media@modules@UModSys@@UEBAXXZ 0000000140003b90 f i umodsys_lib_libmedia:umodsys.mod.media.stdio.obj
 0001:00002b90       ?ref_remove@RLibraryObjCache@std@media@modules@UModSys@@UEBAXXZ 0000000140003b90 f i umodsys_lib_libmedia:umodsys.mod.media.std.obj
 0001:00002b90       ?ref_remove@RLibraryObjFilter@std@media@modules@UModSys@@UEBAXXZ 0000000140003b90 f i umodsys_lib_libmedia:umodsys.mod.media.std.obj
 0001:00002bb0       ??0RLibraryObjCache@std@media@modules@UModSys@@QEAA@PEAUIModObject@base@4@AEBUSParameters@core@4@U?$TFlags4State@USMediaFlagUid@libmedia@UModSys@@I@tl@4@@Z 0000000140003bb0 f i umodsys_lib_libmedia:umodsys.mod.media.std.obj
 0001:00002c50       ?get_flags_auto@RLibraryObjCache@std@media@modules@UModSys@@UEBA?AU?$TFlags4State@USMediaFlagUid@libmedia@UModSys@@I@tl@5@XZ 0000000140003c50 f i umodsys_lib_libmedia:umodsys.mod.media.std.obj
 0001:00002c60       ?set_flag@RLibraryBinTree@std@media@modules@UModSys@@UEAA?AW4eStates@?$TFlags4State@USMediaFlagUid@libmedia@UModSys@@I@tl@5@HW46785@@Z 0000000140003c60 f i umodsys_lib_libmedia:umodsys.mod.media.std.obj
 0001:00002c60       ?set_flag@RLibraryObjCache@std@media@modules@UModSys@@UEAA?AW4eStates@?$TFlags4State@USMediaFlagUid@libmedia@UModSys@@I@tl@5@HW46785@@Z 0000000140003c60 f i umodsys_lib_libmedia:umodsys.mod.media.std.obj
 0001:00002c60       ?set_flag@RLibraryBinCache@std@media@modules@UModSys@@UEAA?AW4eStates@?$TFlags4State@USMediaFlagUid@libmedia@UModSys@@I@tl@5@HW46785@@Z 0000000140003c60 f i umodsys_lib_libmedia:umodsys.mod.media.std.obj
 0001:00002c60       ?set_flag@RLibraryObjFilter@std@media@modules@UModSys@@UEAA?AW4eStates@?$TFlags4State@USMediaFlagUid@libmedia@UModSys@@I@tl@5@HW46785@@Z 0000000140003c60 f i umodsys_lib_libmedia:umodsys.mod.media.std.obj
 0001:00002c90       ?bin_reader@RLibraryBinCache@std@media@modules@UModSys@@UEAA?AU?$TRefObject@UIStreamReader@libmedia@UModSys@@U?$TRefObjectFunc@UIStreamReader@libmedia@UModSys@@@tl@3@@tl@5@AEBU?$TString@U?$TSCoreConst@D@su@tl@UModSys@@U?$TComparerBinaryHash@D@234@@75@AEBUSFlags@libmedia@5@@Z 0000000140003c90 f i umodsys_lib_libmedia:umodsys.mod.media.std.obj
 0001:00002c90       ?bin_writer@RLibraryObjCache@std@media@modules@UModSys@@UEAA?AU?$TRefObject@UIStreamWriter@libmedia@UModSys@@U?$TRefObjectFunc@UIStreamWriter@libmedia@UModSys@@@tl@3@@tl@5@AEBU?$TString@U?$TSCoreConst@D@su@tl@UModSys@@U?$TComparerBinaryHash@D@234@@75@AEBUSFlags@libmedia@5@@Z 0000000140003c90 f i umodsys_lib_libmedia:umodsys.mod.media.std.obj
 0001:00002c90       ?bin_writer@RLibraryObjFilter@std@media@modules@UModSys@@UEAA?AU?$TRefObject@UIStreamWriter@libmedia@UModSys@@U?$TRefObjectFunc@UIStreamWriter@libmedia@UModSys@@@tl@3@@tl@5@AEBU?$TString@U?$TSCoreConst@D@su@tl@UModSys@@U?$TComparerBinaryHash@D@234@@75@AEBUSFlags@libmedia@5@@Z 0000000140003c90 f i umodsys_lib_libmedia:umodsys.mod.media.std.obj
 0001:00002c90       ?bin_reader@RLibraryObjCache@std@media@modules@UModSys@@UEAA?AU?$TRefObject@UIStreamReader@libmedia@UModSys@@U?$TRefObjectFunc@UIStreamReader@libmedia@UModSys@@@tl@3@@tl@5@AEBU?$TString@U?$TSCoreConst@D@su@tl@UModSys@@U?$TComparerBinaryHash@D@234@@75@AEBUSFlags@libmedia@5@@Z 0000000140003c90 f i umodsys_lib_libmedia:umodsys.mod.media.std.obj
 0001:00002c90       ?bin_reader@RLibraryObjFilter@std@media@modules@UModSys@@UEAA?AU?$TRefObject@UIStreamReader@libmedia@UModSys@@U?$TRefObjectFunc@UIStreamReader@libmedia@UModSys@@@tl@3@@tl@5@AEBU?$TString@U?$TSCoreConst@D@su@tl@UModSys@@U?$TComparerBinaryHash@D@234@@75@AEBUSFlags@libmedia@5@@Z 0000000140003c90 f i umodsys_lib_libmedia:umodsys.mod.media.std.obj
 0001:00002c90       ?bin_writer@RLibraryBinCache@std@media@modules@UModSys@@UEAA?AU?$TRefObject@UIStreamWriter@libmedia@UModSys@@U?$TRefObjectFunc@UIStreamWriter@libmedia@UModSys@@@tl@3@@tl@5@AEBU?$TString@U?$TSCoreConst@D@su@tl@UModSys@@U?$TComparerBinaryHash@D@234@@75@AEBUSFlags@libmedia@5@@Z 0000000140003c90 f i umodsys_lib_libmedia:umodsys.mod.media.std.obj
 0001:00002ca0       ?obj_cput@RLibraryObjCache@std@media@modules@UModSys@@UEAA_NAEBU?$TString@U?$TSCoreConst@D@su@tl@UModSys@@U?$TComparerBinaryHash@D@234@@tl@5@PEAUIRefObject@core@5@@Z 0000000140003ca0 f i umodsys_lib_libmedia:umodsys.mod.media.std.obj
 0001:00002cb0       ?obj_get@RLibraryObjCache@std@media@modules@UModSys@@UEAA_NAEBU?$TString@U?$TSCoreConst@D@su@tl@UModSys@@U?$TComparerBinaryHash@D@234@@tl@5@AEAU?$TRefObject@UIRefObject@core@UModSys@@U?$TRefObjectFunc@UIRefObject@core@UModSys@@@tl@3@@75@AEBUSObjOptions@ILibrary@libmedia@5@@Z 0000000140003cb0 f i umodsys_lib_libmedia:umodsys.mod.media.std.obj
 0001:00002e20       ?objcache_get@RLibraryObjCache@std@media@modules@UModSys@@UEBA_NAEBU?$TString@U?$TSCoreConst@D@su@tl@UModSys@@U?$TComparerBinaryHash@D@234@@tl@5@PEAU?$TRefObject@UIRefObject@core@UModSys@@U?$TRefObjectFunc@UIRefObject@core@UModSys@@@tl@3@@75@PEA_N@Z 0000000140003e20 f i umodsys_lib_libmedia:umodsys.mod.media.std.obj
 0001:00002ed0       ?objcache_add@RLibraryObjCache@std@media@modules@UModSys@@UEAA_NAEBU?$TString@U?$TSCoreConst@D@su@tl@UModSys@@U?$TComparerBinaryHash@D@234@@tl@5@PEAUIRefObject@core@5@@Z 0000000140003ed0 f i umodsys_lib_libmedia:umodsys.mod.media.std.obj
 0001:000030c0       ?objcache_remove@RLibraryObjCache@std@media@modules@UModSys@@UEAA_NAEBU?$TString@U?$TSCoreConst@D@su@tl@UModSys@@U?$TComparerBinaryHash@D@234@@tl@5@@Z 00000001400040c0 f i umodsys_lib_libmedia:umodsys.mod.media.std.obj
 0001:00003120       ?objcache_clear@RLibraryObjCache@std@media@modules@UModSys@@UEAA_NXZ 0000000140004120 f i umodsys_lib_libmedia:umodsys.mod.media.std.obj
 0001:00003150       ??_GRLibraryObjCache@std@media@modules@UModSys@@UEAAPEAXI@Z 0000000140004150 f i umodsys_lib_libmedia:umodsys.mod.media.std.obj
 0001:00003150       ??_ERLibraryObjCache@std@media@modules@UModSys@@UEAAPEAXI@Z 0000000140004150 f i  CIL library: CIL module
 0001:000031d0       ?root_get_interface_info@RLibraryObjFilter@std@media@modules@UModSys@@UEBAAEBUSUniquePointerInfo@core@5@XZ 00000001400041d0 f i umodsys_lib_libmedia:umodsys.mod.media.std.obj
 0001:000031e0       ?root_get_interface_type@RLibraryObjFilter@std@media@modules@UModSys@@UEBAPEBUSUniquePointerInfo@core@5@XZ 00000001400041e0 f i umodsys_lib_libmedia:umodsys.mod.media.std.obj
 0001:000031f0       ?root_get_other_interface@RLibraryObjFilter@std@media@modules@UModSys@@UEAAPEAUIRoot@core@5@PEBUSUniquePointerInfo@75@@Z 00000001400041f0 f i umodsys_lib_libmedia:umodsys.mod.media.std.obj
 0001:000031f0       ?root_get_other_interface@RLibraryObjFilter@std@media@modules@UModSys@@UEBAPEBUIRoot@core@5@PEBUSUniquePointerInfo@75@@Z 00000001400041f0 f i umodsys_lib_libmedia:umodsys.mod.media.std.obj
 0001:00003230       ?root_is_interface_supported@RLibraryObjFilter@std@media@modules@UModSys@@UEBA_NPEBUSUniquePointerInfo@core@5@@Z 0000000140004230 f i umodsys_lib_libmedia:umodsys.mod.media.std.obj
 0001:00003270       ?ref_weak@RLibraryObjCache@std@media@modules@UModSys@@UEBA_NAEAUWeakPointer@IRefObject@core@5@@Z 0000000140004270 f i umodsys_lib_libmedia:umodsys.mod.media.std.obj
 0001:00003270       ?ref_weak@RLibraryBinTree@std@media@modules@UModSys@@UEBA_NAEAUWeakPointer@IRefObject@core@5@@Z 0000000140004270 f i umodsys_lib_libmedia:umodsys.mod.media.std.obj
 0001:00003270       ?ref_weak@RLibraryBinCache@std@media@modules@UModSys@@UEBA_NAEAUWeakPointer@IRefObject@core@5@@Z 0000000140004270 f i umodsys_lib_libmedia:umodsys.mod.media.std.obj
 0001:00003270       ?ref_weak@RDataArchiver_OsDir@stdio@media@modules@UModSys@@UEBA_NAEAUWeakPointer@IRefObject@core@5@@Z 0000000140004270 f i umodsys_lib_libmedia:umodsys.mod.media.stdio.obj
 0001:00003270       ?ref_weak@RLibraryLayered@std@media@modules@UModSys@@UEBA_NAEAUWeakPointer@IRefObject@core@5@@Z 0000000140004270 f i umodsys_lib_libmedia:umodsys.mod.media.std.obj
 0001:00003270       ?ref_weak@RLibraryObjFilter@std@media@modules@UModSys@@UEBA_NAEAUWeakPointer@IRefObject@core@5@@Z 0000000140004270 f i umodsys_lib_libmedia:umodsys.mod.media.std.obj
 0001:00003290       ??0RLibraryObjFilter@std@media@modules@UModSys@@QEAA@PEAUIModObject@base@4@AEBUSParameters@core@4@U?$TFlags4State@USMediaFlagUid@libmedia@UModSys@@I@tl@4@@Z 0000000140004290 f i umodsys_lib_libmedia:umodsys.mod.media.std.obj
 0001:00003330       ?get_flags_auto@RLibraryObjFilter@std@media@modules@UModSys@@UEBA?AU?$TFlags4State@USMediaFlagUid@libmedia@UModSys@@I@tl@5@XZ 0000000140004330 f i umodsys_lib_libmedia:umodsys.mod.media.std.obj
 0001:00003340       ?obj_fget@RLibraryObjFilter@std@media@modules@UModSys@@UEAA_NAEBUSInfo@IBinObjFilter@libmedia@5@AEAU?$TRefObject@UIRefObject@core@UModSys@@U?$TRefObjectFunc@UIRefObject@core@UModSys@@@tl@3@@tl@5@@Z 0000000140004340 f i umodsys_lib_libmedia:umodsys.mod.media.std.obj
 0001:00003350       ?obj_fload@RLibraryObjFilter@std@media@modules@UModSys@@UEAA_NAEBUSInfo@IBinObjFilter@libmedia@5@PEAUIRefObject@core@5@@Z 0000000140004350 f i umodsys_lib_libmedia:umodsys.mod.media.std.obj
 0001:00003360       ?obj_fsave@RLibraryObjFilter@std@media@modules@UModSys@@UEAA_NAEAUSInfo@IBinObjFilter@libmedia@5@PEBUIRefObject@core@5@@Z 0000000140004360 f i umodsys_lib_libmedia:umodsys.mod.media.std.obj
 0001:00003370       ?filters_add@RLibraryObjFilter@std@media@modules@UModSys@@UEAA_NU?$TRefObject@UIBinObjFilter@libmedia@UModSys@@U?$TRefObjectFunc@UIBinObjFilter@libmedia@UModSys@@@tl@3@@tl@5@PEBUSParameters@core@5@H@Z 0000000140004370 f i umodsys_lib_libmedia:umodsys.mod.media.std.obj
 0001:000034a0       ?filters_remove@RLibraryObjFilter@std@media@modules@UModSys@@UEAA_NPEAUIBinObjFilter@libmedia@5@H@Z 00000001400044a0 f i umodsys_lib_libmedia:umodsys.mod.media.std.obj
 0001:00003550       ?filters_clear@RLibraryObjFilter@std@media@modules@UModSys@@UEAA_NXZ 0000000140004550 f i umodsys_lib_libmedia:umodsys.mod.media.std.obj
 0001:00003580       ?filters_load@RLibraryObjFilter@std@media@modules@UModSys@@UEAA_NAEBUSInfo@IBinObjFilter@libmedia@5@AEAU?$TRefObject@UIRefObject@core@UModSys@@U?$TRefObjectFunc@UIRefObject@core@UModSys@@@tl@3@@tl@5@@Z 0000000140004580 f i umodsys_lib_libmedia:umodsys.mod.media.std.obj
 0001:00003640       ?filters_load@RLibraryObjFilter@std@media@modules@UModSys@@UEAA_NAEBUSInfo@IBinObjFilter@libmedia@5@PEAUIRefObject@core@5@@Z 0000000140004640 f i umodsys_lib_libmedia:umodsys.mod.media.std.obj
 0001:00003700       ?filters_save@RLibraryObjFilter@std@media@modules@UModSys@@UEAA_NAEAUSInfo@IBinObjFilter@libmedia@5@PEBUIRefObject@core@5@@Z 0000000140004700 f i umodsys_lib_libmedia:umodsys.mod.media.std.obj
 0001:000037c0       ??_ERLibraryObjFilter@std@media@modules@UModSys@@UEAAPEAXI@Z 00000001400047c0 f i  CIL library: CIL module
 0001:000037c0       ??_GRLibraryObjFilter@std@media@modules@UModSys@@UEAAPEAXI@Z 00000001400047c0 f i umodsys_lib_libmedia:umodsys.mod.media.std.obj
 0001:00003840       ?get_generated_names@RGenerator@std@media@modules@UModSys@@UEBAHAEAUSUniquePtrList@core@5@@Z 0000000140004840 f i umodsys_lib_libmedia:umodsys.mod.media.std.obj
 0001:000038a0       ?get_generated_types@RGenerator@std@media@modules@UModSys@@UEBAHAEAUSUniquePtrList@core@5@PEBUSUniquePointerInfo@75@@Z 00000001400048a0 f i umodsys_lib_libmedia:umodsys.mod.media.std.obj
 0001:00003990       ?generate@RGenerator@std@media@modules@UModSys@@UEAA_NAEAU?$TRefObject@UIRefObject@core@UModSys@@U?$TRefObjectFunc@UIRefObject@core@UModSys@@@tl@3@@tl@5@PEBUSUniquePointerInfo@core@5@AEBUSParameters@95@@Z 0000000140004990 f i umodsys_lib_libmedia:umodsys.mod.media.std.obj
 0001:00003b70       ?root_get_interface_info@RGenerator@std@media@modules@UModSys@@UEBAAEBUSUniquePointerInfo@core@5@XZ 0000000140004b70 f i umodsys_lib_libmedia:umodsys.mod.media.std.obj
 0001:00003b80       ?root_get_interface_type@RGenerator@std@media@modules@UModSys@@UEBAPEBUSUniquePointerInfo@core@5@XZ 0000000140004b80 f i umodsys_lib_libmedia:umodsys.mod.media.std.obj
 0001:00003b90       ?root_get_other_interface@RGenerator@std@media@modules@UModSys@@UEAAPEAUIRoot@core@5@PEBUSUniquePointerInfo@75@@Z 0000000140004b90 f i umodsys_lib_libmedia:umodsys.mod.media.std.obj
 0001:00003b90       ?root_get_other_interface@RGenerator@std@media@modules@UModSys@@UEBAPEBUIRoot@core@5@PEBUSUniquePointerInfo@75@@Z 0000000140004b90 f i umodsys_lib_libmedia:umodsys.mod.media.std.obj
 0001:00003bd0       ?root_is_interface_supported@RGenerator@std@media@modules@UModSys@@UEBA_NPEBUSUniquePointerInfo@core@5@@Z 0000000140004bd0 f i umodsys_lib_libmedia:umodsys.mod.media.std.obj
 0001:00003c10       ?ref_add@RStreamWriter_FILE@stdio@media@modules@UModSys@@UEBAXXZ 0000000140004c10 f i umodsys_lib_libmedia:umodsys.mod.media.stdio.obj
 0001:00003c10       ?ref_add@RStreamReader_FILE@stdio@media@modules@UModSys@@UEBAXXZ 0000000140004c10 f i umodsys_lib_libmedia:umodsys.mod.media.stdio.obj
 0001:00003c10       ?ref_add@RGenerator@std@media@modules@UModSys@@UEBAXXZ 0000000140004c10 f i umodsys_lib_libmedia:umodsys.mod.media.std.obj
 0001:00003c10       ?ref_add@RGenerator@stdio@media@modules@UModSys@@UEBAXXZ 0000000140004c10 f i umodsys_lib_libmedia:umodsys.mod.media.stdio.obj
 0001:00003c20       ?ref_weak@RStreamReader_FILE@stdio@media@modules@UModSys@@UEBA_NAEAUWeakPointer@IRefObject@core@5@@Z 0000000140004c20 f i umodsys_lib_libmedia:umodsys.mod.media.stdio.obj
 0001:00003c20       ?ref_weak@RStreamWriter_FILE@stdio@media@modules@UModSys@@UEBA_NAEAUWeakPointer@IRefObject@core@5@@Z 0000000140004c20 f i umodsys_lib_libmedia:umodsys.mod.media.stdio.obj
 0001:00003c20       ?ref_weak@RGenerator@stdio@media@modules@UModSys@@UEBA_NAEAUWeakPointer@IRefObject@core@5@@Z 0000000140004c20 f i umodsys_lib_libmedia:umodsys.mod.media.stdio.obj
 0001:00003c20       ?ref_weak@RGenerator@std@media@modules@UModSys@@UEBA_NAEAUWeakPointer@IRefObject@core@5@@Z 0000000140004c20 f i umodsys_lib_libmedia:umodsys.mod.media.std.obj
 0001:00003c40       ?get_uid@RGenerator@std@media@modules@UModSys@@UEBAPEBUSUniquePointerInfo@core@5@XZ 0000000140004c40 f i umodsys_lib_libmedia:umodsys.mod.media.std.obj
 0001:00003c50       ?do_open@RModuleReg@std@media@modules@UModSys@@UEAA_NXZ 0000000140004c50 f i umodsys_lib_libmedia:umodsys.mod.media.std.obj
 0001:00003c60       ?do_close@RModuleReg@std@media@modules@UModSys@@UEAA_NXZ 0000000140004c60 f i umodsys_lib_libmedia:umodsys.mod.media.std.obj
 0001:00003c70       ??_ERModuleReg@std@media@modules@UModSys@@UEAAPEAXI@Z 0000000140004c70 f i  CIL library: CIL module
 0001:00003c70       ??_GRModuleReg@std@media@modules@UModSys@@UEAAPEAXI@Z 0000000140004c70 f i umodsys_lib_libmedia:umodsys.mod.media.std.obj
 0001:00003ca0       ??4?$TString@U?$TSCoreConst@D@su@tl@UModSys@@U?$TComparerBinaryHash@D@234@@tl@UModSys@@QEAAAEBU012@PEBD@Z 0000000140004ca0 f i umodsys_lib_libmedia:umodsys.mod.media.std.obj
 0001:00003cf0       ??1?$TSCoreShared@USIMemAlloc@core@UModSys@@D@su@tl@UModSys@@QEAA@XZ 0000000140004cf0 f i umodsys_lib_libmedia:umodsys.mod.media.std.obj
 0001:00003cf0       ??1?$TString@U?$TSCoreShared@USIMemAlloc@core@UModSys@@D@su@tl@UModSys@@U?$TComparerBinaryHash@D@234@@tl@UModSys@@QEAA@XZ 0000000140004cf0 f i umodsys_lib_libmedia:umodsys.mod.media.std.obj
 0001:00003d40       ??1?$TDynarray@U?$TDynarrayHolderDynamic@USLayerX@RLibraryLayered@std@media@modules@UModSys@@U?$TAllocator@USIMemAlloc@core@UModSys@@USCountCalcPower2@23@@tl@6@@tl@UModSys@@@tl@UModSys@@QEAA@XZ 0000000140004d40 f i umodsys_lib_libmedia:umodsys.mod.media.std.obj
 0001:00003db0       ?remove_node@?$TTreeHoldRB@U?$TScatterArrayNode@USMountInfo@RLibraryBinTree@std@media@modules@UModSys@@USId@ILibraryBinTree@libmedia@6@@tl@UModSys@@@tl@UModSys@@QEAAXPEAU?$TScatterArrayNode@USMountInfo@RLibraryBinTree@std@media@modules@UModSys@@USId@ILibraryBinTree@libmedia@6@@23@@Z 0000000140004db0 f i umodsys_lib_libmedia:umodsys.mod.media.std.obj
 0001:00003db0       ?remove_node@?$TTreeHoldRB@U?$TScatterArrayNode@USCacheElem@RLibraryBinCache@std@media@modules@UModSys@@U?$TString@U?$TSCoreConst@D@su@tl@UModSys@@U?$TComparerBinaryHash@D@234@@tl@6@@tl@UModSys@@@tl@UModSys@@QEAAXPEAU?$TScatterArrayNode@USCacheElem@RLibraryBinCache@std@media@modules@UModSys@@U?$TString@U?$TSCoreConst@D@su@tl@UModSys@@U?$TComparerBinaryHash@D@234@@tl@6@@23@@Z 0000000140004db0 f i umodsys_lib_libmedia:umodsys.mod.media.std.obj
 0001:00003db0       ?remove_node@?$TTreeHoldRB@U?$TScatterArrayNode@USCacheElem@RLibraryObjCache@std@media@modules@UModSys@@U?$TString@U?$TSCoreConst@D@su@tl@UModSys@@U?$TComparerBinaryHash@D@234@@tl@6@@tl@UModSys@@@tl@UModSys@@QEAAXPEAU?$TScatterArrayNode@USCacheElem@RLibraryObjCache@std@media@modules@UModSys@@U?$TString@U?$TSCoreConst@D@su@tl@UModSys@@U?$TComparerBinaryHash@D@234@@tl@6@@23@@Z 0000000140004db0 f i umodsys_lib_libmedia:umodsys.mod.media.std.obj
 0001:00003db0       ?remove_node@?$TTreeHoldRB@U?$TScatterArrayNode@USFilter@RLibraryObjFilter@std@media@modules@UModSys@@USId@23456@@tl@UModSys@@@tl@UModSys@@QEAAXPEAU?$TScatterArrayNode@USFilter@RLibraryObjFilter@std@media@modules@UModSys@@USId@23456@@23@@Z 0000000140004db0 f i umodsys_lib_libmedia:umodsys.mod.media.std.obj
 0001:00003ed0       ??1?$TPair@U?$TString@U?$TSCoreConst@D@su@tl@UModSys@@U?$TComparerBinaryHash@D@234@@tl@UModSys@@USCacheElem@RLibraryBinCache@std@media@modules@3@@tl@UModSys@@QEAA@XZ 0000000140004ed0 f i umodsys_lib_libmedia:umodsys.mod.media.std.obj
 0001:00003ee0       ??1?$TPair@USId@ILibraryBinTree@libmedia@UModSys@@USMountInfo@RLibraryBinTree@std@media@modules@4@@tl@UModSys@@QEAA@XZ 0000000140004ee0 f i umodsys_lib_libmedia:umodsys.mod.media.std.obj
 0001:00003ef0       ??1?$TPair@U?$TString@U?$TSCoreConst@D@su@tl@UModSys@@U?$TComparerBinaryHash@D@234@@tl@UModSys@@USCacheElem@RLibraryObjCache@std@media@modules@3@@tl@UModSys@@QEAA@XZ 0000000140004ef0 f i umodsys_lib_libmedia:umodsys.mod.media.std.obj
 0001:00003f00       ??1?$TPair@USId@RLibraryObjFilter@std@media@modules@UModSys@@USFilter@23456@@tl@UModSys@@QEAA@XZ 0000000140004f00 f i umodsys_lib_libmedia:umodsys.mod.media.std.obj
 0001:00003f30       ??1SCacheElem@RLibraryBinCache@std@media@modules@UModSys@@QEAA@XZ 0000000140004f30 f i umodsys_lib_libmedia:umodsys.mod.media.std.obj
 0001:00003fb0       ??1SMountInfo@RLibraryBinTree@std@media@modules@UModSys@@QEAA@XZ 0000000140004fb0 f i umodsys_lib_libmedia:umodsys.mod.media.std.obj
 0001:00004030       ??1SCacheElem@RLibraryObjCache@std@media@modules@UModSys@@QEAA@XZ 0000000140005030 f i umodsys_lib_libmedia:umodsys.mod.media.std.obj
 0001:000040b0       ?info_new@?$TSCoreShared@USIMemAlloc@core@UModSys@@D@su@tl@UModSys@@QEAA_NPEBD_K@Z 00000001400050b0 f i umodsys_lib_libmedia:umodsys.mod.media.std.obj
 0001:00004170       ?remove_color@?$TTreeHoldRB@U?$TScatterArrayNode@USFilter@RLibraryObjFilter@std@media@modules@UModSys@@USId@23456@@tl@UModSys@@@tl@UModSys@@IEAAXPEAU?$TScatterArrayNode@USFilter@RLibraryObjFilter@std@media@modules@UModSys@@USId@23456@@23@0@Z 0000000140005170 f i umodsys_lib_libmedia:umodsys.mod.media.std.obj
 0001:00004170       ?remove_color@?$TTreeHoldRB@U?$TScatterArrayNode@USMountInfo@RLibraryBinTree@std@media@modules@UModSys@@USId@ILibraryBinTree@libmedia@6@@tl@UModSys@@@tl@UModSys@@IEAAXPEAU?$TScatterArrayNode@USMountInfo@RLibraryBinTree@std@media@modules@UModSys@@USId@ILibraryBinTree@libmedia@6@@23@0@Z 0000000140005170 f i umodsys_lib_libmedia:umodsys.mod.media.std.obj
 0001:00004170       ?remove_color@?$TTreeHoldRB@U?$TScatterArrayNode@USCacheElem@RLibraryObjCache@std@media@modules@UModSys@@U?$TString@U?$TSCoreConst@D@su@tl@UModSys@@U?$TComparerBinaryHash@D@234@@tl@6@@tl@UModSys@@@tl@UModSys@@IEAAXPEAU?$TScatterArrayNode@USCacheElem@RLibraryObjCache@std@media@modules@UModSys@@U?$TString@U?$TSCoreConst@D@su@tl@UModSys@@U?$TComparerBinaryHash@D@234@@tl@6@@23@0@Z 0000000140005170 f i umodsys_lib_libmedia:umodsys.mod.media.std.obj
 0001:00004170       ?remove_color@?$TTreeHoldRB@U?$TScatterArrayNode@USCacheElem@RLibraryBinCache@std@media@modules@UModSys@@U?$TString@U?$TSCoreConst@D@su@tl@UModSys@@U?$TComparerBinaryHash@D@234@@tl@6@@tl@UModSys@@@tl@UModSys@@IEAAXPEAU?$TScatterArrayNode@USCacheElem@RLibraryBinCache@std@media@modules@UModSys@@U?$TString@U?$TSCoreConst@D@su@tl@UModSys@@U?$TComparerBinaryHash@D@234@@tl@6@@23@0@Z 0000000140005170 f i umodsys_lib_libmedia:umodsys.mod.media.std.obj
 0001:00004430       ?ResizeRel@?$TDynarray@U?$TDynarrayHolderDynamic@USLayerX@RLibraryLayered@std@media@modules@UModSys@@U?$TAllocator@USIMemAlloc@core@UModSys@@USCountCalcPower2@23@@tl@6@@tl@UModSys@@@tl@UModSys@@QEAA_N_J@Z 0000000140005430 f i umodsys_lib_libmedia:umodsys.mod.media.std.obj
 0001:000044d0       ?RemoveAt@?$TDynarray@U?$TDynarrayHolderDynamic@USLayerX@RLibraryLayered@std@media@modules@UModSys@@U?$TAllocator@USIMemAlloc@core@UModSys@@USCountCalcPower2@23@@tl@6@@tl@UModSys@@@tl@UModSys@@QEAA_N_K0@Z 00000001400054d0 f i umodsys_lib_libmedia:umodsys.mod.media.std.obj
 0001:00004550       ?InsertAt@?$TDynarray@U?$TDynarrayHolderDynamic@USLayerX@RLibraryLayered@std@media@modules@UModSys@@U?$TAllocator@USIMemAlloc@core@UModSys@@USCountCalcPower2@23@@tl@6@@tl@UModSys@@@tl@UModSys@@QEAA_N_K0@Z 0000000140005550 f i umodsys_lib_libmedia:umodsys.mod.media.std.obj
 0001:000045e0       ?s_set@?$TRefObjectFunc@UIRefObject@core@UModSys@@@tl@UModSys@@SAXAEAPEAUIRefObject@core@3@PEAU453@@Z 00000001400055e0 f i umodsys_lib_libmedia:umodsys.mod.media.std.obj
 0001:00004620       ??$genx_node@UCmp@?$TScatterArray@USCacheElem@RLibraryBinCache@std@media@modules@UModSys@@U?$TString@U?$TSCoreConst@D@su@tl@UModSys@@U?$TComparerBinaryHash@D@234@@tl@6@U?$TObjectCompare@U?$TString@U?$TSCoreConst@D@su@tl@UModSys@@U?$TComparerBinaryHash@D@234@@tl@UModSys@@@core@6@U?$TNodeDeleter0@U?$TScatterArrayNode@USCacheElem@RLibraryBinCache@std@media@modules@UModSys@@U?$TString@U?$TSCoreConst@D@su@tl@UModSys@@U?$TComparerBinaryHash@D@234@@tl@6@@tl@UModSys@@@86@@tl@UModSys@@UGen0@234@@?$TTreeHoldRBD@U?$TScatterArrayNode@USCacheElem@RLibraryBinCache@std@media@modules@UModSys@@U?$TString@U?$TSCoreConst@D@su@tl@UModSys@@U?$TComparerBinaryHash@D@234@@tl@6@@tl@UModSys@@U?$TNodeDeleter0@U?$TScatterArrayNode@USCacheElem@RLibraryBinCache@std@media@modules@UModSys@@U?$TString@U?$TSCoreConst@D@su@tl@UModSys@@U?$TComparerBinaryHash@D@234@@tl@6@@tl@UModSys@@@23@@tl@UModSys@@QEAAPEAU?$TScatterArrayNode@USCacheElem@RLibraryBinCache@std@media@modules@UModSys@@U?$TString@U?$TSCoreConst@D@su@tl@UModSys@@U?$TComparerBinaryHash@D@234@@tl@6@@12@UCmp@?$TScatterArray@USCacheElem@RLibraryBinCache@std@media@modules@UModSys@@U?$TString@U?$TSCoreConst@D@su@tl@UModSys@@U?$TComparerBinaryHash@D@234@@tl@6@U?$TObjectCompare@U?$TString@U?$TSCoreConst@D@su@tl@UModSys@@U?$TComparerBinaryHash@D@234@@tl@UModSys@@@core@6@U?$TNodeDeleter0@U?$TScatterArrayNode@USCacheElem@RLibraryBinCache@std@media@modules@UModSys@@U?$TString@U?$TSCoreConst@D@su@tl@UModSys@@U?$TComparerBinaryHash@D@234@@tl@6@@tl@UModSys@@@86@@12@AEBUGen0@512@PEAPEAU312@2_N@Z 0000000140005620 f i umodsys_lib_libmedia:umodsys.mod.media.std.obj
 0001:000047a0       ??$genx_node@UCmp@?$TScatterArray@USMountInfo@RLibraryBinTree@std@media@modules@UModSys@@USId@ILibraryBinTree@libmedia@6@U7896@U?$TNodeDeleter0@U?$TScatterArrayNode@USMountInfo@RLibraryBinTree@std@media@modules@UModSys@@USId@ILibraryBinTree@libmedia@6@@tl@UModSys@@@tl@6@@tl@UModSys@@UGen0@234@@?$TTreeHoldRBD@U?$TScatterArrayNode@USMountInfo@RLibraryBinTree@std@media@modules@UModSys@@USId@ILibraryBinTree@libmedia@6@@tl@UModSys@@U?$TNodeDeleter0@U?$TScatterArrayNode@USMountInfo@RLibraryBinTree@std@media@modules@UModSys@@USId@ILibraryBinTree@libmedia@6@@tl@UModSys@@@23@@tl@UModSys@@QEAAPEAU?$TScatterArrayNode@USMountInfo@RLibraryBinTree@std@media@modules@UModSys@@USId@ILibraryBinTree@libmedia@6@@12@UCmp@?$TScatterArray@USMountInfo@RLibraryBinTree@std@media@modules@UModSys@@USId@ILibraryBinTree@libmedia@6@U7896@U?$TNodeDeleter0@U?$TScatterArrayNode@USMountInfo@RLibraryBinTree@std@media@modules@UModSys@@USId@ILibraryBinTree@libmedia@6@@tl@UModSys@@@tl@6@@12@AEBUGen0@512@PEAPEAU312@2_N@Z 00000001400057a0 f i umodsys_lib_libmedia:umodsys.mod.media.std.obj
 0001:00004940       ??$find_node_u@UCmp@?$TScatterArray@USMountInfo@RLibraryBinTree@std@media@modules@UModSys@@USId@ILibraryBinTree@libmedia@6@U7896@U?$TNodeDeleter0@U?$TScatterArrayNode@USMountInfo@RLibraryBinTree@std@media@modules@UModSys@@USId@ILibraryBinTree@libmedia@6@@tl@UModSys@@@tl@6@@tl@UModSys@@@?$TTreeHoldRB@U?$TScatterArrayNode@USMountInfo@RLibraryBinTree@std@media@modules@UModSys@@USId@ILibraryBinTree@libmedia@6@@tl@UModSys@@@tl@UModSys@@QEBAPEAU?$TScatterArrayNode@USMountInfo@RLibraryBinTree@std@media@modules@UModSys@@USId@ILibraryBinTree@libmedia@6@@12@UCmp@?$TScatterArray@USMountInfo@RLibraryBinTree@std@media@modules@UModSys@@USId@ILibraryBinTree@libmedia@6@U7896@U?$TNodeDeleter0@U?$TScatterArrayNode@USMountInfo@RLibraryBinTree@std@media@modules@UModSys@@USId@ILibraryBinTree@libmedia@6@@tl@UModSys@@@tl@6@@12@@Z 0000000140005940 f i umodsys_lib_libmedia:umodsys.mod.media.std.obj
 0001:00004a20       ??$genx_node@UCmp@?$TScatterArray@USCacheElem@RLibraryObjCache@std@media@modules@UModSys@@U?$TString@U?$TSCoreConst@D@su@tl@UModSys@@U?$TComparerBinaryHash@D@234@@tl@6@U?$TObjectCompare@U?$TString@U?$TSCoreConst@D@su@tl@UModSys@@U?$TComparerBinaryHash@D@234@@tl@UModSys@@@core@6@U?$TNodeDeleter0@U?$TScatterArrayNode@USCacheElem@RLibraryObjCache@std@media@modules@UModSys@@U?$TString@U?$TSCoreConst@D@su@tl@UModSys@@U?$TComparerBinaryHash@D@234@@tl@6@@tl@UModSys@@@86@@tl@UModSys@@UGen0@234@@?$TTreeHoldRBD@U?$TScatterArrayNode@USCacheElem@RLibraryObjCache@std@media@modules@UModSys@@U?$TString@U?$TSCoreConst@D@su@tl@UModSys@@U?$TComparerBinaryHash@D@234@@tl@6@@tl@UModSys@@U?$TNodeDeleter0@U?$TScatterArrayNode@USCacheElem@RLibraryObjCache@std@media@modules@UModSys@@U?$TString@U?$TSCoreConst@D@su@tl@UModSys@@U?$TComparerBinaryHash@D@234@@tl@6@@tl@UModSys@@@23@@tl@UModSys@@QEAAPEAU?$TScatterArrayNode@USCacheElem@RLibraryObjCache@std@media@modules@UModSys@@U?$TString@U?$TSCoreConst@D@su@tl@UModSys@@U?$TComparerBinaryHash@D@234@@tl@6@@12@UCmp@?$TScatterArray@USCacheElem@RLibraryObjCache@std@media@modules@UModSys@@U?$TString@U?$TSCoreConst@D@su@tl@UModSys@@U?$TComparerBinaryHash@D@234@@tl@6@U?$TObjectCompare@U?$TString@U?$TSCoreConst@D@su@tl@UModSys@@U?$TComparerBinaryHash@D@234@@tl@UModSys@@@core@6@U?$TNodeDeleter0@U?$TScatterArrayNode@USCacheElem@RLibraryObjCache@std@media@modules@UModSys@@U?$TString@U?$TSCoreConst@D@su@tl@UModSys@@U?$TComparerBinaryHash@D@234@@tl@6@@tl@UModSys@@@86@@12@AEBUGen0@512@PEAPEAU312@2_N@Z 0000000140005a20 f i umodsys_lib_libmedia:umodsys.mod.media.std.obj
 0001:00004ba0       ??$find_node_u@UCmp@?$TScatterArray@USCacheElem@RLibraryBinCache@std@media@modules@UModSys@@U?$TString@U?$TSCoreConst@D@su@tl@UModSys@@U?$TComparerBinaryHash@D@234@@tl@6@U?$TObjectCompare@U?$TString@U?$TSCoreConst@D@su@tl@UModSys@@U?$TComparerBinaryHash@D@234@@tl@UModSys@@@core@6@U?$TNodeDeleter0@U?$TScatterArrayNode@USCacheElem@RLibraryBinCache@std@media@modules@UModSys@@U?$TString@U?$TSCoreConst@D@su@tl@UModSys@@U?$TComparerBinaryHash@D@234@@tl@6@@tl@UModSys@@@86@@tl@UModSys@@@?$TTreeHoldRB@U?$TScatterArrayNode@USCacheElem@RLibraryBinCache@std@media@modules@UModSys@@U?$TString@U?$TSCoreConst@D@su@tl@UModSys@@U?$TComparerBinaryHash@D@234@@tl@6@@tl@UModSys@@@tl@UModSys@@QEBAPEAU?$TScatterArrayNode@USCacheElem@RLibraryBinCache@std@media@modules@UModSys@@U?$TString@U?$TSCoreConst@D@su@tl@UModSys@@U?$TComparerBinaryHash@D@234@@tl@6@@12@UCmp@?$TScatterArray@USCacheElem@RLibraryBinCache@std@media@modules@UModSys@@U?$TString@U?$TSCoreConst@D@su@tl@UModSys@@U?$TComparerBinaryHash@D@234@@tl@6@U?$TObjectCompare@U?$TString@U?$TSCoreConst@D@su@tl@UModSys@@U?$TComparerBinaryHash@D@234@@tl@UModSys@@@core@6@U?$TNodeDeleter0@U?$TScatterArrayNode@USCacheElem@RLibraryBinCache@std@media@modules@UModSys@@U?$TString@U?$TSCoreConst@D@su@tl@UModSys@@U?$TComparerBinaryHash@D@234@@tl@6@@tl@UModSys@@@86@@12@@Z 0000000140005ba0 f i umodsys_lib_libmedia:umodsys.mod.media.std.obj
 0001:00004ba0       ??$find_node_u@UCmp@?$TScatterArray@USCacheElem@RLibraryObjCache@std@media@modules@UModSys@@U?$TString@U?$TSCoreConst@D@su@tl@UModSys@@U?$TComparerBinaryHash@D@234@@tl@6@U?$TObjectCompare@U?$TString@U?$TSCoreConst@D@su@tl@UModSys@@U?$TComparerBinaryHash@D@234@@tl@UModSys@@@core@6@U?$TNodeDeleter0@U?$TScatterArrayNode@USCacheElem@RLibraryObjCache@std@media@modules@UModSys@@U?$TString@U?$TSCoreConst@D@su@tl@UModSys@@U?$TComparerBinaryHash@D@234@@tl@6@@tl@UModSys@@@86@@tl@UModSys@@@?$TTreeHoldRB@U?$TScatterArrayNode@USCacheElem@RLibraryObjCache@std@media@modules@UModSys@@U?$TString@U?$TSCoreConst@D@su@tl@UModSys@@U?$TComparerBinaryHash@D@234@@tl@6@@tl@UModSys@@@tl@UModSys@@QEBAPEAU?$TScatterArrayNode@USCacheElem@RLibraryObjCache@std@media@modules@UModSys@@U?$TString@U?$TSCoreConst@D@su@tl@UModSys@@U?$TComparerBinaryHash@D@234@@tl@6@@12@UCmp@?$TScatterArray@USCacheElem@RLibraryObjCache@std@media@modules@UModSys@@U?$TString@U?$TSCoreConst@D@su@tl@UModSys@@U?$TComparerBinaryHash@D@234@@tl@6@U?$TObjectCompare@U?$TString@U?$TSCoreConst@D@su@tl@UModSys@@U?$TComparerBinaryHash@D@234@@tl@UModSys@@@core@6@U?$TNodeDeleter0@U?$TScatterArrayNode@USCacheElem@RLibraryObjCache@std@media@modules@UModSys@@U?$TString@U?$TSCoreConst@D@su@tl@UModSys@@U?$TComparerBinaryHash@D@234@@tl@6@@tl@UModSys@@@86@@12@@Z 0000000140005ba0 f i umodsys_lib_libmedia:umodsys.mod.media.std.obj
 0001:00004c50       ??$genx_node@UCmp@?$TScatterArray@USFilter@RLibraryObjFilter@std@media@modules@UModSys@@USId@23456@U723456@U?$TNodeDeleter0@U?$TScatterArrayNode@USFilter@RLibraryObjFilter@std@media@modules@UModSys@@USId@23456@@tl@UModSys@@@tl@6@@tl@UModSys@@UGen0@234@@?$TTreeHoldRBD@U?$TScatterArrayNode@USFilter@RLibraryObjFilter@std@media@modules@UModSys@@USId@23456@@tl@UModSys@@U?$TNodeDeleter0@U?$TScatterArrayNode@USFilter@RLibraryObjFilter@std@media@modules@UModSys@@USId@23456@@tl@UModSys@@@23@@tl@UModSys@@QEAAPEAU?$TScatterArrayNode@USFilter@RLibraryObjFilter@std@media@modules@UModSys@@USId@23456@@12@UCmp@?$TScatterArray@USFilter@RLibraryObjFilter@std@media@modules@UModSys@@USId@23456@U723456@U?$TNodeDeleter0@U?$TScatterArrayNode@USFilter@RLibraryObjFilter@std@media@modules@UModSys@@USId@23456@@tl@UModSys@@@tl@6@@12@AEBUGen0@512@PEAPEAU312@2_N@Z 0000000140005c50 f i umodsys_lib_libmedia:umodsys.mod.media.std.obj
 0001:00004db0       ?ReLink@?$TDynarray@U?$TDynarrayHolderDynamic@USLayerX@RLibraryLayered@std@media@modules@UModSys@@U?$TAllocator@USIMemAlloc@core@UModSys@@USCountCalcPower2@23@@tl@6@@tl@UModSys@@@tl@UModSys@@IEAA_N_K@Z 0000000140005db0 f i umodsys_lib_libmedia:umodsys.mod.media.std.obj
 0001:00004e20       ??1?$TRefObject@UIModObject@base@UModSys@@U?$TModObjectFunc@UIModObject@base@UModSys@@@tl@3@@tl@UModSys@@QEAA@XZ 0000000140005e20 f i umodsys_lib_libmedia:umodsys.mod.media.std.obj
 0001:00004e50       ?amoveright@?$TTypeConstructor@USLayerX@RLibraryLayered@std@media@modules@UModSys@@@tl@UModSys@@SAXPEAUSLayerX@RLibraryLayered@std@media@modules@3@_K11@Z 0000000140005e50 f i umodsys_lib_libmedia:umodsys.mod.media.std.obj
 0001:00004fa0       ?amoveleft@?$TTypeConstructor@USLayerX@RLibraryLayered@std@media@modules@UModSys@@@tl@UModSys@@SAXPEAUSLayerX@RLibraryLayered@std@media@modules@3@_K11@Z 0000000140005fa0 f i umodsys_lib_libmedia:umodsys.mod.media.std.obj
 0001:000050f0       ??0?$TString@U?$TSCoreShared@USIMemAlloc@core@UModSys@@D@su@tl@UModSys@@U?$TComparerBinaryHash@D@234@@tl@UModSys@@QEAA@AEBU012@@Z 00000001400060f0 f i umodsys_lib_libmedia:umodsys.mod.media.std.obj
 0001:00005170       ??0?$TScatterArrayNode@USCacheElem@RLibraryBinCache@std@media@modules@UModSys@@U?$TString@U?$TSCoreConst@D@su@tl@UModSys@@U?$TComparerBinaryHash@D@234@@tl@6@@tl@UModSys@@QEAA@AEBU?$TString@U?$TSCoreConst@D@su@tl@UModSys@@U?$TComparerBinaryHash@D@234@@12@@Z 0000000140006170 f i umodsys_lib_libmedia:umodsys.mod.media.std.obj
 0001:00005260       ??0?$TScatterArrayNode@USMountInfo@RLibraryBinTree@std@media@modules@UModSys@@USId@ILibraryBinTree@libmedia@6@@tl@UModSys@@QEAA@AEBUSId@ILibraryBinTree@libmedia@2@@Z 0000000140006260 f i umodsys_lib_libmedia:umodsys.mod.media.std.obj
 0001:00005320       ??0?$TScatterArrayNode@USCacheElem@RLibraryObjCache@std@media@modules@UModSys@@U?$TString@U?$TSCoreConst@D@su@tl@UModSys@@U?$TComparerBinaryHash@D@234@@tl@6@@tl@UModSys@@QEAA@AEBU?$TString@U?$TSCoreConst@D@su@tl@UModSys@@U?$TComparerBinaryHash@D@234@@12@@Z 0000000140006320 f i umodsys_lib_libmedia:umodsys.mod.media.std.obj
 0001:000053d0       ?aconstruct@?$TTypeConstructor@USLayerX@RLibraryLayered@std@media@modules@UModSys@@@tl@UModSys@@SAXPEAUSLayerX@RLibraryLayered@std@media@modules@3@_K@Z 00000001400063d0 f i umodsys_lib_libmedia:umodsys.mod.media.std.obj
 0001:00005470       ?adestruct@?$TTypeConstructor@USLayerX@RLibraryLayered@std@media@modules@UModSys@@@tl@UModSys@@SAXPEAUSLayerX@RLibraryLayered@std@media@modules@3@_K@Z 0000000140006470 f i umodsys_lib_libmedia:umodsys.mod.media.std.obj
 0001:00005520       ??0?$TPair@USId@ILibraryBinTree@libmedia@UModSys@@USMountInfo@RLibraryBinTree@std@media@modules@4@@tl@UModSys@@QEAA@AEBUSId@ILibraryBinTree@libmedia@2@AEBUSMountInfo@RLibraryBinTree@std@media@modules@2@@Z 0000000140006520 f i umodsys_lib_libmedia:umodsys.mod.media.std.obj
 0001:000055b0       ??0?$TPair@U?$TString@U?$TSCoreConst@D@su@tl@UModSys@@U?$TComparerBinaryHash@D@234@@tl@UModSys@@USCacheElem@RLibraryObjCache@std@media@modules@3@@tl@UModSys@@QEAA@AEBU?$TString@U?$TSCoreConst@D@su@tl@UModSys@@U?$TComparerBinaryHash@D@234@@12@AEBUSCacheElem@RLibraryObjCache@std@media@modules@2@@Z 00000001400065b0 f i umodsys_lib_libmedia:umodsys.mod.media.std.obj
 0001:00005640       ??$is_flag@U?$TFlags4StateShift@USMediaFlagUid@libmedia@UModSys@@I$00@tl@UModSys@@@SFlags@libmedia@UModSys@@QEBA_NPEBUIResolverAuto@012@W4eStates@?$TFlags4State@USMediaFlagUid@libmedia@UModSys@@I@tl@2@@Z 0000000140006640 f i umodsys_lib_libmedia:umodsys.mod.media.std.obj
 0001:000056d0       ??$is_flag@U?$TFlags4StateShift@USMediaFlagUid@libmedia@UModSys@@I$02@tl@UModSys@@@SFlags@libmedia@UModSys@@QEBA_NPEBUIResolverAuto@012@W4eStates@?$TFlags4State@USMediaFlagUid@libmedia@UModSys@@I@tl@2@@Z 00000001400066d0 f i umodsys_lib_libmedia:umodsys.mod.media.std.obj
 0001:00005760       ??$is_flag@U?$TFlags4StateShift@USMediaFlagUid@libmedia@UModSys@@I$03@tl@UModSys@@@SFlags@libmedia@UModSys@@QEBA_NPEBUIResolverAuto@012@W4eStates@?$TFlags4State@USMediaFlagUid@libmedia@UModSys@@I@tl@2@@Z 0000000140006760 f i umodsys_lib_libmedia:umodsys.mod.media.std.obj
 0001:000057f0       ?s_init@?$TRefObjectFunc@UIRefObject@core@UModSys@@@tl@UModSys@@SAXAEAPEAUIRefObject@core@3@PEAU453@@Z 00000001400067f0 f i umodsys_lib_libmedia:umodsys.mod.media.std.obj
 0001:00005830       ?insert_color@?$TTreeHoldRB@U?$TScatterArrayNode@USFilter@RLibraryObjFilter@std@media@modules@UModSys@@USId@23456@@tl@UModSys@@@tl@UModSys@@IEAAXPEAU?$TScatterArrayNode@USFilter@RLibraryObjFilter@std@media@modules@UModSys@@USId@23456@@23@@Z 0000000140006830 f i umodsys_lib_libmedia:umodsys.mod.media.std.obj
 0001:00005830       ?insert_color@?$TTreeHoldRB@U?$TScatterArrayNode@USMountInfo@RLibraryBinTree@std@media@modules@UModSys@@USId@ILibraryBinTree@libmedia@6@@tl@UModSys@@@tl@UModSys@@IEAAXPEAU?$TScatterArrayNode@USMountInfo@RLibraryBinTree@std@media@modules@UModSys@@USId@ILibraryBinTree@libmedia@6@@23@@Z 0000000140006830 f i umodsys_lib_libmedia:umodsys.mod.media.std.obj
 0001:00005830       ?insert_color@?$TTreeHoldRB@U?$TQuantArrayNode@USSourceContext@core@UModSys@@$0BAA@@tl@UModSys@@@tl@UModSys@@IEAAXPEAU?$TQuantArrayNode@USSourceContext@core@UModSys@@$0BAA@@23@@Z 0000000140006830 f i umodsys_lib_basesys:umodsys.basesys.rsystem.obj
 0001:00005830       ?insert_color@?$TTreeHoldRB@U?$TScatterArrayNode@USCacheElem@RLibraryObjCache@std@media@modules@UModSys@@U?$TString@U?$TSCoreConst@D@su@tl@UModSys@@U?$TComparerBinaryHash@D@234@@tl@6@@tl@UModSys@@@tl@UModSys@@IEAAXPEAU?$TScatterArrayNode@USCacheElem@RLibraryObjCache@std@media@modules@UModSys@@U?$TString@U?$TSCoreConst@D@su@tl@UModSys@@U?$TComparerBinaryHash@D@234@@tl@6@@23@@Z 0000000140006830 f i umodsys_lib_libmedia:umodsys.mod.media.std.obj
 0001:00005830       ?insert_color@?$TTreeHoldRB@U?$TScatterArrayNode@USCacheElem@RLibraryBinCache@std@media@modules@UModSys@@U?$TString@U?$TSCoreConst@D@su@tl@UModSys@@U?$TComparerBinaryHash@D@234@@tl@6@@tl@UModSys@@@tl@UModSys@@IEAAXPEAU?$TScatterArrayNode@USCacheElem@RLibraryBinCache@std@media@modules@UModSys@@U?$TString@U?$TSCoreConst@D@su@tl@UModSys@@U?$TComparerBinaryHash@D@234@@tl@6@@23@@Z 0000000140006830 f i umodsys_lib_libmedia:umodsys.mod.media.std.obj
 0001:00005830       ?insert_color@?$TTreeHoldRB@U?$TQuantArrayNode@USUniquePointerInfo@core@UModSys@@$0BAA@@tl@UModSys@@@tl@UModSys@@IEAAXPEAU?$TQuantArrayNode@USUniquePointerInfo@core@UModSys@@$0BAA@@23@@Z 0000000140006830 f i umodsys_lib_basesys:umodsys.basesys.rsystem.obj
 0001:000059e0       ??$ValidateConstruction@UIRefObject@core@UModSys@@URLibraryLayered@std@media@modules@3@@core@UModSys@@YA_NAEAU?$TRefObject@UIRefObject@core@UModSys@@U?$TRefObjectFunc@UIRefObject@core@UModSys@@@tl@3@@tl@1@PEAURLibraryLayered@std@media@modules@1@@Z 00000001400069e0 f i umodsys_lib_libmedia:umodsys.mod.media.std.obj
 0001:000059e0       ??$ValidateConstruction@UIRefObject@core@UModSys@@URLibraryObjCache@std@media@modules@3@@core@UModSys@@YA_NAEAU?$TRefObject@UIRefObject@core@UModSys@@U?$TRefObjectFunc@UIRefObject@core@UModSys@@@tl@3@@tl@1@PEAURLibraryObjCache@std@media@modules@1@@Z 00000001400069e0 f i umodsys_lib_libmedia:umodsys.mod.media.std.obj
 0001:000059e0       ??$ValidateConstruction@UIRefObject@core@UModSys@@URLibraryObjFilter@std@media@modules@3@@core@UModSys@@YA_NAEAU?$TRefObject@UIRefObject@core@UModSys@@U?$TRefObjectFunc@UIRefObject@core@UModSys@@@tl@3@@tl@1@PEAURLibraryObjFilter@std@media@modules@1@@Z 00000001400069e0 f i umodsys_lib_libmedia:umodsys.mod.media.std.obj
 0001:000059e0       ??$ValidateConstruction@UIRefObject@core@UModSys@@URLibraryBinTree@std@media@modules@3@@core@UModSys@@YA_NAEAU?$TRefObject@UIRefObject@core@UModSys@@U?$TRefObjectFunc@UIRefObject@core@UModSys@@@tl@3@@tl@1@PEAURLibraryBinTree@std@media@modules@1@@Z 00000001400069e0 f i umodsys_lib_libmedia:umodsys.mod.media.std.obj
 0001:000059e0       ??$ValidateConstruction@UIRefObject@core@UModSys@@URDataArchiver_OsDir@stdio@media@modules@3@@core@UModSys@@YA_NAEAU?$TRefObject@UIRefObject@core@UModSys@@U?$TRefObjectFunc@UIRefObject@core@UModSys@@@tl@3@@tl@1@PEAURDataArchiver_OsDir@stdio@media@modules@1@@Z 00000001400069e0 f i umodsys_lib_libmedia:umodsys.mod.media.stdio.obj
 0001:000059e0       ??$ValidateConstruction@UIRefObject@core@UModSys@@URLibraryBinCache@std@media@modules@3@@core@UModSys@@YA_NAEAU?$TRefObject@UIRefObject@core@UModSys@@U?$TRefObjectFunc@UIRefObject@core@UModSys@@@tl@3@@tl@1@PEAURLibraryBinCache@std@media@modules@1@@Z 00000001400069e0 f i umodsys_lib_libmedia:umodsys.mod.media.std.obj
 0001:00005a50       ??$process_nodes_r@U?$TNodeDeleter0@U?$TScatterArrayNode@USCacheElem@RLibraryBinCache@std@media@modules@UModSys@@U?$TString@U?$TSCoreConst@D@su@tl@UModSys@@U?$TComparerBinaryHash@D@234@@tl@6@@tl@UModSys@@@tl@UModSys@@@?$TTreeHoldRB@U?$TScatterArrayNode@USCacheElem@RLibraryBinCache@std@media@modules@UModSys@@U?$TString@U?$TSCoreConst@D@su@tl@UModSys@@U?$TComparerBinaryHash@D@234@@tl@6@@tl@UModSys@@@tl@UModSys@@KAHPEAU?$TScatterArrayNode@USCacheElem@RLibraryBinCache@std@media@modules@UModSys@@U?$TString@U?$TSCoreConst@D@su@tl@UModSys@@U?$TComparerBinaryHash@D@234@@tl@6@@12@AEBU?$TNodeDeleter0@U?$TScatterArrayNode@USCacheElem@RLibraryBinCache@std@media@modules@UModSys@@U?$TString@U?$TSCoreConst@D@su@tl@UModSys@@U?$TComparerBinaryHash@D@234@@tl@6@@tl@UModSys@@@12@@Z 0000000140006a50 f i umodsys_lib_libmedia:umodsys.mod.media.std.obj
 0001:00005ac0       ??$process_nodes_r@U?$TNodeDeleter0@U?$TScatterArrayNode@USMountInfo@RLibraryBinTree@std@media@modules@UModSys@@USId@ILibraryBinTree@libmedia@6@@tl@UModSys@@@tl@UModSys@@@?$TTreeHoldRB@U?$TScatterArrayNode@USMountInfo@RLibraryBinTree@std@media@modules@UModSys@@USId@ILibraryBinTree@libmedia@6@@tl@UModSys@@@tl@UModSys@@KAHPEAU?$TScatterArrayNode@USMountInfo@RLibraryBinTree@std@media@modules@UModSys@@USId@ILibraryBinTree@libmedia@6@@12@AEBU?$TNodeDeleter0@U?$TScatterArrayNode@USMountInfo@RLibraryBinTree@std@media@modules@UModSys@@USId@ILibraryBinTree@libmedia@6@@tl@UModSys@@@12@@Z 0000000140006ac0 f i umodsys_lib_libmedia:umodsys.mod.media.std.obj
 0001:00005b30       ??$process_nodes_r@U?$TNodeDeleter0@U?$TScatterArrayNode@USCacheElem@RLibraryObjCache@std@media@modules@UModSys@@U?$TString@U?$TSCoreConst@D@su@tl@UModSys@@U?$TComparerBinaryHash@D@234@@tl@6@@tl@UModSys@@@tl@UModSys@@@?$TTreeHoldRB@U?$TScatterArrayNode@USCacheElem@RLibraryObjCache@std@media@modules@UModSys@@U?$TString@U?$TSCoreConst@D@su@tl@UModSys@@U?$TComparerBinaryHash@D@234@@tl@6@@tl@UModSys@@@tl@UModSys@@KAHPEAU?$TScatterArrayNode@USCacheElem@RLibraryObjCache@std@media@modules@UModSys@@U?$TString@U?$TSCoreConst@D@su@tl@UModSys@@U?$TComparerBinaryHash@D@234@@tl@6@@12@AEBU?$TNodeDeleter0@U?$TScatterArrayNode@USCacheElem@RLibraryObjCache@std@media@modules@UModSys@@U?$TString@U?$TSCoreConst@D@su@tl@UModSys@@U?$TComparerBinaryHash@D@234@@tl@6@@tl@UModSys@@@12@@Z 0000000140006b30 f i umodsys_lib_libmedia:umodsys.mod.media.std.obj
 0001:00005ba0       ??$process_nodes_r@U?$TNodeDeleter0@U?$TScatterArrayNode@USFilter@RLibraryObjFilter@std@media@modules@UModSys@@USId@23456@@tl@UModSys@@@tl@UModSys@@@?$TTreeHoldRB@U?$TScatterArrayNode@USFilter@RLibraryObjFilter@std@media@modules@UModSys@@USId@23456@@tl@UModSys@@@tl@UModSys@@KAHPEAU?$TScatterArrayNode@USFilter@RLibraryObjFilter@std@media@modules@UModSys@@USId@23456@@12@AEBU?$TNodeDeleter0@U?$TScatterArrayNode@USFilter@RLibraryObjFilter@std@media@modules@UModSys@@USId@23456@@tl@UModSys@@@12@@Z 0000000140006ba0 f i umodsys_lib_libmedia:umodsys.mod.media.std.obj
 0001:00005c20       ?archive_load_data@libmedia@UModSys@@YA_NAEAUIBinArchive@12@AEBU?$TString@U?$TSCoreConst@D@su@tl@UModSys@@U?$TComparerBinaryHash@D@234@@tl@2@AEAUSCMemShared@core@2@AEBUSFlags@12@@Z 0000000140006c20 f i umodsys_lib_libmedia:umodsys.mod.media.stdio.obj
[...]
 0001:00010d90       ?dtor$0@?0???1RDataArchiver_OsDir@stdio@media@modules@UModSys@@UEAA@XZ@4HA 0000000140011d90 f    CIL library: CIL module
 0001:00010d90       ?dtor$0@?0???0RLibraryBinCache@std@media@modules@UModSys@@QEAA@PEAUIModObject@base@4@AEBUSParameters@core@4@U?$TFlags4State@USMediaFlagUid@libmedia@UModSys@@I@tl@4@@Z@4HA 0000000140011d90 f    CIL library: CIL module
 0001:00010db0       ?dtor$0@?0??mem_free@?$TRMemAlloc_CC@U?$TMemAllocHeader@USMagic@mem_headers@rsystem@base@UModSys@@U?$TPool@X@2345@USDebug@2345@UVoid@core@5@U895@@rsystem@base@UModSys@@USMemAlloc_Malloc@core@4@@rsystem@base@UModSys@@UEAAXPEAXPEBUSSourceContext@core@4@@Z@4HA 0000000140011db0 f    CIL library: CIL module
 0001:00010dd0       ?dtor$0@?0??mem_realloc@?$TRMemAlloc_CC@U?$TMemAllocHeader@USMagic@mem_headers@rsystem@base@UModSys@@U?$TPool@X@2345@USDebug@2345@UVoid@core@5@U895@@rsystem@base@UModSys@@USMemAlloc_Malloc@core@4@@rsystem@base@UModSys@@UEAAPEAXPEAX_KPEBUSSourceContext@core@4@@Z@4HA 0000000140011dd0 f    CIL library: CIL module
 0001:00010df0       ?dtor$1@?0??mem_realloc@?$TRMemAlloc_CC@U?$TMemAllocHeader@USMagic@mem_headers@rsystem@base@UModSys@@U?$TPool@X@2345@USDebug@2345@UVoid@core@5@U895@@rsystem@base@UModSys@@USMemAlloc_Malloc@core@4@@rsystem@base@UModSys@@UEAAPEAXPEAX_KPEBUSSourceContext@core@4@@Z@4HA 0000000140011df0 f    CIL library: CIL module
 0001:00010e10       ?dtor$0@?0??generate@RGenerator@std@media@modules@UModSys@@UEAA_NAEAU?$TRefObject@UIRefObject@core@UModSys@@U?$TRefObjectFunc@UIRefObject@core@UModSys@@@tl@3@@tl@5@PEBUSUniquePointerInfo@core@5@AEBUSParameters@95@@Z@4HA 0000000140011e10 f    CIL library: CIL module
 0001:00010e30       ?dtor$1@?0??generate@RGenerator@std@media@modules@UModSys@@UEAA_NAEAU?$TRefObject@UIRefObject@core@UModSys@@U?$TRefObjectFunc@UIRefObject@core@UModSys@@@tl@3@@tl@5@PEBUSUniquePointerInfo@core@5@AEBUSParameters@95@@Z@4HA 0000000140011e30 f    CIL library: CIL module
 0001:00010e50       ?dtor$2@?0??generate@RGenerator@std@media@modules@UModSys@@UEAA_NAEAU?$TRefObject@UIRefObject@core@UModSys@@U?$TRefObjectFunc@UIRefObject@core@UModSys@@@tl@3@@tl@5@PEBUSUniquePointerInfo@core@5@AEBUSParameters@95@@Z@4HA 0000000140011e50 f    CIL library: CIL module
 0001:00010e70       ?dtor$3@?0??generate@RGenerator@std@media@modules@UModSys@@UEAA_NAEAU?$TRefObject@UIRefObject@core@UModSys@@U?$TRefObjectFunc@UIRefObject@core@UModSys@@@tl@3@@tl@5@PEBUSUniquePointerInfo@core@5@AEBUSParameters@95@@Z@4HA 0000000140011e70 f    CIL library: CIL module
 0001:00010e90       ?dtor$4@?0??generate@RGenerator@std@media@modules@UModSys@@UEAA_NAEAU?$TRefObject@UIRefObject@core@UModSys@@U?$TRefObjectFunc@UIRefObject@core@UModSys@@@tl@3@@tl@5@PEBUSUniquePointerInfo@core@5@AEBUSParameters@95@@Z@4HA 0000000140011e90 f    CIL library: CIL module
 0001:00010eb0       ??__E?s_id@?$TObjectUniqueID@UIRoot@core@UModSys@@@tl@UModSys@@2USUniquePointer@core@3@A@@YAXXZ 0000000140011eb0 f    CIL library: CIL module
 0001:00010ef0       ??__E?s_id@?$TObjectUniqueID@UIRefObject@core@UModSys@@@tl@UModSys@@2USUniquePointer@core@3@A@@YAXXZ 0000000140011ef0 f    CIL library: CIL module
 0001:00010f30       ??__E?s_id@?$TObjectUniqueID@UIParameters@core@UModSys@@@tl@UModSys@@2USUniquePointer@core@3@A@@YAXXZ 0000000140011f30 f    CIL library: CIL module
 0001:00010f70       ??__E?s_id@?$TObjectUniqueID@UIModule@base@UModSys@@@tl@UModSys@@2USUniquePointer@core@3@A@@YAXXZ 0000000140011f70 f    CIL library: CIL module
 0001:00010fb0       ??__E?s_id@?$TObjectUniqueID@UIModuleLibrary@base@UModSys@@@tl@UModSys@@2USUniquePointer@core@3@A@@YAXXZ 0000000140011fb0 f    CIL library: CIL module
 0001:00010ff0       ??__E?s_id@?$TObjectUniqueID@UIModObject@base@UModSys@@@tl@UModSys@@2USUniquePointer@core@3@A@@YAXXZ 0000000140011ff0 f    CIL library: CIL module
 0001:00011030       ??__E?s_id@?$TObjectUniqueID@UIGenerator@base@UModSys@@@tl@UModSys@@2USUniquePointer@core@3@A@@YAXXZ 0000000140012030 f    CIL library: CIL module
 0001:00011070       ??__E?s_id@?$TObjectUniqueID@UIShell@base@UModSys@@@tl@UModSys@@2USUniquePointer@core@3@A@@YAXXZ 0000000140012070 f    CIL library: CIL module
 0001:000110b0       ??__E?s_id@?$TObjectUniqueID@UIConsole@base@UModSys@@@tl@UModSys@@2USUniquePointer@core@3@A@@YAXXZ 00000001400120b0 f    CIL library: CIL module
 0001:000110f0       ??__E?s_id@?$TObjectUniqueID@UISystem@base@UModSys@@@tl@UModSys@@2USUniquePointer@core@3@A@@YAXXZ 00000001400120f0 f    CIL library: CIL module
 0001:00011130       ??__E?s_id@?$TObjectUniqueID@URModule@rsystem@base@UModSys@@@tl@UModSys@@2USUniquePointer@core@3@A@@YAXXZ 0000000140012130 f    CIL library: CIL module
 0001:00011170       ??__E?s_id@?$TObjectUniqueID@UIModuleLibraryUni@rsystem@base@UModSys@@@tl@UModSys@@2USUniquePointer@core@3@A@@YAXXZ 0000000140012170 f    CIL library: CIL module
 0001:000111b0       ??__E?s_id@?$TObjectUniqueID@URModuleLibrarySO@rsystem@base@UModSys@@@tl@UModSys@@2USUniquePointer@core@3@A@@YAXXZ 00000001400121b0 f    CIL library: CIL module
 0001:000111f0       ??__E?s_id@?$TObjectUniqueID@URModuleLibraryThis@rsystem@base@UModSys@@@tl@UModSys@@2USUniquePointer@core@3@A@@YAXXZ 00000001400121f0 f    CIL library: CIL module
 0001:00011230       ??__E?s_id@?$TObjectUniqueID@URParameters@rsystem@base@UModSys@@@tl@UModSys@@2USUniquePointer@core@3@A@@YAXXZ 0000000140012230 f    CIL library: CIL module
 0001:00011270       ??__E?s_id@?$TObjectUniqueID@URSystem@rsystem@base@UModSys@@@tl@UModSys@@2USUniquePointer@core@3@A@@YAXXZ 0000000140012270 f    CIL library: CIL module
 0001:000112b0       ??__E?s_id@?$TObjectUniqueID@URConsole_std@rsystem@base@UModSys@@@tl@UModSys@@2USUniquePointer@core@3@A@@YAXXZ 00000001400122b0 f    CIL library: CIL module
 0001:000112f0       ??__E?s_modreg@RModuleReg@std@media@modules@UModSys@@2U12345@A@@YAXXZ 00000001400122f0 f    CIL library: CIL module
 0001:00011340       ??__E?s_modreg_chain@RModuleReg@std@media@modules@UModSys@@2USModuleRegChain@base@5@A@@YAXXZ 0000000140012340 f    CIL library: CIL module
 0001:00011370       ??__E?s_uid@RGenerator@std@media@modules@UModSys@@2USUniquePointer@core@5@A@@YAXXZ 0000000140012370 f    CIL library: CIL module
 0001:000113b0       ??__E?s_id@?$TObjectUniqueID@UIStreamReader@libmedia@UModSys@@@tl@UModSys@@2USUniquePointer@core@3@A@@YAXXZ 00000001400123b0 f    CIL library: CIL module
 0001:000113f0       ??__E?s_id@?$TObjectUniqueID@UIStreamWriter@libmedia@UModSys@@@tl@UModSys@@2USUniquePointer@core@3@A@@YAXXZ 00000001400123f0 f    CIL library: CIL module
 0001:00011430       ??__E?s_id@?$TObjectUniqueID@UIBinArchive@libmedia@UModSys@@@tl@UModSys@@2USUniquePointer@core@3@A@@YAXXZ 0000000140012430 f    CIL library: CIL module
 0001:00011470       ??__E?s_id@?$TObjectUniqueID@UIBinObjFilter@libmedia@UModSys@@@tl@UModSys@@2USUniquePointer@core@3@A@@YAXXZ 0000000140012470 f    CIL library: CIL module
 0001:000114b0       ??__E?s_id@?$TObjectUniqueID@UILibrary@libmedia@UModSys@@@tl@UModSys@@2USUniquePointer@core@3@A@@YAXXZ 00000001400124b0 f    CIL library: CIL module
 0001:000114f0       ??__E?s_id@?$TObjectUniqueID@UILibraryBinTree@libmedia@UModSys@@@tl@UModSys@@2USUniquePointer@core@3@A@@YAXXZ 00000001400124f0 f    CIL library: CIL module
 0001:00011530       ??__E?s_id@?$TObjectUniqueID@UILibraryBinCache@libmedia@UModSys@@@tl@UModSys@@2USUniquePointer@core@3@A@@YAXXZ 0000000140012530 f    CIL library: CIL module
 0001:00011570       ??__E?s_id@?$TObjectUniqueID@UILibraryObjFilter@libmedia@UModSys@@@tl@UModSys@@2USUniquePointer@core@3@A@@YAXXZ 0000000140012570 f    CIL library: CIL module
 0001:000115b0       ??__E?s_id@?$TObjectUniqueID@UILibraryObjCache@libmedia@UModSys@@@tl@UModSys@@2USUniquePointer@core@3@A@@YAXXZ 00000001400125b0 f    CIL library: CIL module
 0001:000115f0       ??__E?s_id@?$TObjectUniqueID@UILibraryLayered@libmedia@UModSys@@@tl@UModSys@@2USUniquePointer@core@3@A@@YAXXZ 00000001400125f0 f    CIL library: CIL module
 0001:00011630       ??__E?s_id@?$TObjectUniqueID@URLibraryBinCache@std@media@modules@UModSys@@@tl@UModSys@@2USUniquePointer@core@3@A@@YAXXZ 0000000140012630 f    CIL library: CIL module
 0001:00011670       ??__E?s_id@?$TObjectUniqueID@URLibraryBinTree@std@media@modules@UModSys@@@tl@UModSys@@2USUniquePointer@core@3@A@@YAXXZ 0000000140012670 f    CIL library: CIL module
 0001:000116b0       ??__E?s_id@?$TObjectUniqueID@URLibraryLayered@std@media@modules@UModSys@@@tl@UModSys@@2USUniquePointer@core@3@A@@YAXXZ 00000001400126b0 f    CIL library: CIL module
 0001:000116f0       ??__E?s_id@?$TObjectUniqueID@URLibraryObjCache@std@media@modules@UModSys@@@tl@UModSys@@2USUniquePointer@core@3@A@@YAXXZ 00000001400126f0 f    CIL library: CIL module
 0001:00011730       ??__E?s_id@?$TObjectUniqueID@URLibraryObjFilter@std@media@modules@UModSys@@@tl@UModSys@@2USUniquePointer@core@3@A@@YAXXZ 0000000140012730 f    CIL library: CIL module
 0001:00011770       ??__E?s_id@?$TObjectUniqueID@URGenerator@std@media@modules@UModSys@@@tl@UModSys@@2USUniquePointer@core@3@A@@YAXXZ 0000000140012770 f    CIL library: CIL module
 0001:000117b0       ??__E?s_modreg@RModuleReg@stdio@media@modules@UModSys@@2U12345@A@@YAXXZ 00000001400127b0 f    CIL library: CIL module
 0001:00011800       ??__E?s_modreg_chain@RModuleReg@stdio@media@modules@UModSys@@2USModuleRegChain@base@5@A@@YAXXZ 0000000140012800 f    CIL library: CIL module
 0001:00011830       ??__E?s_uid@RGenerator@stdio@media@modules@UModSys@@2USUniquePointer@core@5@A@@YAXXZ 0000000140012830 f    CIL library: CIL module
 0001:00011870       ??__E?s_id@?$TObjectUniqueID@URStreamReader_FILE@stdio@media@modules@UModSys@@@tl@UModSys@@2USUniquePointer@core@3@A@@YAXXZ 0000000140012870 f    CIL library: CIL module
 0001:000118b0       ??__E?s_id@?$TObjectUniqueID@URStreamWriter_FILE@stdio@media@modules@UModSys@@@tl@UModSys@@2USUniquePointer@core@3@A@@YAXXZ 00000001400128b0 f    CIL library: CIL module
 0001:000118f0       ??__E?s_id@?$TObjectUniqueID@URDataArchiver_OsDir@stdio@media@modules@UModSys@@@tl@UModSys@@2USUniquePointer@core@3@A@@YAXXZ 00000001400128f0 f    CIL library: CIL module
 0001:00011930       ??__E?s_id@?$TObjectUniqueID@URGenerator@stdio@media@modules@UModSys@@@tl@UModSys@@2USUniquePointer@core@3@A@@YAXXZ 0000000140012930 f    CIL library: CIL module
 0001:00011970       ??__E?s_console@RConsole_std@rsystem@base@UModSys@@2U1234@A@@YAXXZ 0000000140012970 f    CIL library: CIL module
 0001:00011990       ??__E?s_sys@RSystem@rsystem@base@UModSys@@2U1234@A@@YAXXZ 0000000140012990 f    CIL library: CIL module
 0001:000119b0       ??__Ersys_dbg@rsystem@base@UModSys@@YAXXZ 00000001400129b0 f    CIL library: CIL module
 0001:000119e0       ??__EM@UModSys@@YAXXZ      00000001400129e0 f    CIL library: CIL module
 0001:00011a00       ??__E?root@SModuleRegChain@base@UModSys@@2U123@A@@YAXXZ 0000000140012a00 f    CIL library: CIL module
 0001:00011a30       ??__E?s_library@RModuleLibraryReg_Chain@base@UModSys@@2U123@A@@YAXXZ 0000000140012a30 f    CIL library: CIL module
 0001:00011a50       ??__E?root@SUniquePointer@core@UModSys@@2U123@A@@YAXXZ 0000000140012a50 f    CIL library: CIL module
 0001:00011a80       ??__F?s_id@?$TObjectUniqueID@URConsole_std@rsystem@base@UModSys@@@tl@UModSys@@2USUniquePointer@core@3@A@@YAXXZ 0000000140012a80 f    CIL library: CIL module
 0001:00011a90       ??__F?s_id@?$TObjectUniqueID@URSystem@rsystem@base@UModSys@@@tl@UModSys@@2USUniquePointer@core@3@A@@YAXXZ 0000000140012a90 f    CIL library: CIL module
 0001:00011aa0       ??__F?s_id@?$TObjectUniqueID@URParameters@rsystem@base@UModSys@@@tl@UModSys@@2USUniquePointer@core@3@A@@YAXXZ 0000000140012aa0 f    CIL library: CIL module
 0001:00011ab0       ??__F?s_id@?$TObjectUniqueID@URModuleLibraryThis@rsystem@base@UModSys@@@tl@UModSys@@2USUniquePointer@core@3@A@@YAXXZ 0000000140012ab0 f    CIL library: CIL module
 0001:00011ac0       ??__F?s_id@?$TObjectUniqueID@URModuleLibrarySO@rsystem@base@UModSys@@@tl@UModSys@@2USUniquePointer@core@3@A@@YAXXZ 0000000140012ac0 f    CIL library: CIL module
 0001:00011ad0       ??__F?s_id@?$TObjectUniqueID@UIModuleLibraryUni@rsystem@base@UModSys@@@tl@UModSys@@2USUniquePointer@core@3@A@@YAXXZ 0000000140012ad0 f    CIL library: CIL module
 0001:00011ae0       ??__F?s_id@?$TObjectUniqueID@URModule@rsystem@base@UModSys@@@tl@UModSys@@2USUniquePointer@core@3@A@@YAXXZ 0000000140012ae0 f    CIL library: CIL module
 0001:00011af0       ??__F?s_id@?$TObjectUniqueID@UISystem@base@UModSys@@@tl@UModSys@@2USUniquePointer@core@3@A@@YAXXZ 0000000140012af0 f    CIL library: CIL module
 0001:00011b00       ??__F?s_id@?$TObjectUniqueID@UIConsole@base@UModSys@@@tl@UModSys@@2USUniquePointer@core@3@A@@YAXXZ 0000000140012b00 f    CIL library: CIL module
 0001:00011b10       ??__F?s_id@?$TObjectUniqueID@UIShell@base@UModSys@@@tl@UModSys@@2USUniquePointer@core@3@A@@YAXXZ 0000000140012b10 f    CIL library: CIL module
 0001:00011b20       ??__F?s_id@?$TObjectUniqueID@UIGenerator@base@UModSys@@@tl@UModSys@@2USUniquePointer@core@3@A@@YAXXZ 0000000140012b20 f    CIL library: CIL module
 0001:00011b30       ??__F?s_id@?$TObjectUniqueID@UIModObject@base@UModSys@@@tl@UModSys@@2USUniquePointer@core@3@A@@YAXXZ 0000000140012b30 f    CIL library: CIL module
 0001:00011b40       ??__F?s_id@?$TObjectUniqueID@UIModuleLibrary@base@UModSys@@@tl@UModSys@@2USUniquePointer@core@3@A@@YAXXZ 0000000140012b40 f    CIL library: CIL module
 0001:00011b50       ??__F?s_id@?$TObjectUniqueID@UIModule@base@UModSys@@@tl@UModSys@@2USUniquePointer@core@3@A@@YAXXZ 0000000140012b50 f    CIL library: CIL module
 0001:00011b60       ??__F?s_id@?$TObjectUniqueID@UIParameters@core@UModSys@@@tl@UModSys@@2USUniquePointer@core@3@A@@YAXXZ 0000000140012b60 f    CIL library: CIL module
 0001:00011b70       ??__F?s_id@?$TObjectUniqueID@UIRefObject@core@UModSys@@@tl@UModSys@@2USUniquePointer@core@3@A@@YAXXZ 0000000140012b70 f    CIL library: CIL module
 0001:00011b80       ??__F?s_id@?$TObjectUniqueID@UIRoot@core@UModSys@@@tl@UModSys@@2USUniquePointer@core@3@A@@YAXXZ 0000000140012b80 f    CIL library: CIL module
 0001:00011b90       ??__F?s_modreg@RModuleReg@std@media@modules@UModSys@@2U12345@A@@YAXXZ 0000000140012b90 f    CIL library: CIL module
 0001:00011bb0       ??__F?s_modreg_chain@RModuleReg@std@media@modules@UModSys@@2USModuleRegChain@base@5@A@@YAXXZ 0000000140012bb0 f    CIL library: CIL module
 0001:00011bc0       ??__F?s_uid@RGenerator@std@media@modules@UModSys@@2USUniquePointer@core@5@A@@YAXXZ 0000000140012bc0 f    CIL library: CIL module
 0001:00011bd0       ??__Fh@?1??s_holder@RGenerator@std@media@modules@UModSys@@SAAEAU?$TTypeStaticHolder@URGenerator@std@media@modules@UModSys@@@tl@5@XZ@YAXXZ 0000000140012bd0 f    CIL library: CIL module
 0001:00011c00       ??__F?s_id@?$TObjectUniqueID@URGenerator@std@media@modules@UModSys@@@tl@UModSys@@2USUniquePointer@core@3@A@@YAXXZ 0000000140012c00 f    CIL library: CIL module
 0001:00011c10       ??__F?s_id@?$TObjectUniqueID@URLibraryObjFilter@std@media@modules@UModSys@@@tl@UModSys@@2USUniquePointer@core@3@A@@YAXXZ 0000000140012c10 f    CIL library: CIL module
 0001:00011c20       ??__F?s_id@?$TObjectUniqueID@URLibraryObjCache@std@media@modules@UModSys@@@tl@UModSys@@2USUniquePointer@core@3@A@@YAXXZ 0000000140012c20 f    CIL library: CIL module
 0001:00011c30       ??__F?s_id@?$TObjectUniqueID@URLibraryLayered@std@media@modules@UModSys@@@tl@UModSys@@2USUniquePointer@core@3@A@@YAXXZ 0000000140012c30 f    CIL library: CIL module
 0001:00011c40       ??__F?s_id@?$TObjectUniqueID@URLibraryBinTree@std@media@modules@UModSys@@@tl@UModSys@@2USUniquePointer@core@3@A@@YAXXZ 0000000140012c40 f    CIL library: CIL module
 0001:00011c50       ??__F?s_id@?$TObjectUniqueID@URLibraryBinCache@std@media@modules@UModSys@@@tl@UModSys@@2USUniquePointer@core@3@A@@YAXXZ 0000000140012c50 f    CIL library: CIL module
 0001:00011c60       ??__F?s_id@?$TObjectUniqueID@UILibraryLayered@libmedia@UModSys@@@tl@UModSys@@2USUniquePointer@core@3@A@@YAXXZ 0000000140012c60 f    CIL library: CIL module
 0001:00011c70       ??__F?s_id@?$TObjectUniqueID@UILibraryObjCache@libmedia@UModSys@@@tl@UModSys@@2USUniquePointer@core@3@A@@YAXXZ 0000000140012c70 f    CIL library: CIL module
 0001:00011c80       ??__F?s_id@?$TObjectUniqueID@UILibraryObjFilter@libmedia@UModSys@@@tl@UModSys@@2USUniquePointer@core@3@A@@YAXXZ 0000000140012c80 f    CIL library: CIL module
 0001:00011c90       ??__F?s_id@?$TObjectUniqueID@UILibraryBinCache@libmedia@UModSys@@@tl@UModSys@@2USUniquePointer@core@3@A@@YAXXZ 0000000140012c90 f    CIL library: CIL module
 0001:00011ca0       ??__F?s_id@?$TObjectUniqueID@UILibraryBinTree@libmedia@UModSys@@@tl@UModSys@@2USUniquePointer@core@3@A@@YAXXZ 0000000140012ca0 f    CIL library: CIL module
 0001:00011cb0       ??__F?s_id@?$TObjectUniqueID@UILibrary@libmedia@UModSys@@@tl@UModSys@@2USUniquePointer@core@3@A@@YAXXZ 0000000140012cb0 f    CIL library: CIL module
 0001:00011cc0       ??__F?s_id@?$TObjectUniqueID@UIBinObjFilter@libmedia@UModSys@@@tl@UModSys@@2USUniquePointer@core@3@A@@YAXXZ 0000000140012cc0 f    CIL library: CIL module
 0001:00011cd0       ??__F?s_id@?$TObjectUniqueID@UIBinArchive@libmedia@UModSys@@@tl@UModSys@@2USUniquePointer@core@3@A@@YAXXZ 0000000140012cd0 f    CIL library: CIL module
 0001:00011ce0       ??__F?s_id@?$TObjectUniqueID@UIStreamWriter@libmedia@UModSys@@@tl@UModSys@@2USUniquePointer@core@3@A@@YAXXZ 0000000140012ce0 f    CIL library: CIL module
 0001:00011cf0       ??__F?s_id@?$TObjectUniqueID@UIStreamReader@libmedia@UModSys@@@tl@UModSys@@2USUniquePointer@core@3@A@@YAXXZ 0000000140012cf0 f    CIL library: CIL module
 0001:00011d00       ??__F?s_modreg@RModuleReg@stdio@media@modules@UModSys@@2U12345@A@@YAXXZ 0000000140012d00 f    CIL library: CIL module
 0001:00011d20       ??__F?s_modreg_chain@RModuleReg@stdio@media@modules@UModSys@@2USModuleRegChain@base@5@A@@YAXXZ 0000000140012d20 f    CIL library: CIL module
 0001:00011d30       ??__F?s_uid@RGenerator@stdio@media@modules@UModSys@@2USUniquePointer@core@5@A@@YAXXZ 0000000140012d30 f    CIL library: CIL module
 0001:00011d40       ??__Fh@?1??s_holder@RGenerator@stdio@media@modules@UModSys@@SAAEAU?$TTypeStaticHolder@URGenerator@stdio@media@modules@UModSys@@@tl@5@XZ@YAXXZ 0000000140012d40 f    CIL library: CIL module
 0001:00011d70       ??__F?s_id@?$TObjectUniqueID@URGenerator@stdio@media@modules@UModSys@@@tl@UModSys@@2USUniquePointer@core@3@A@@YAXXZ 0000000140012d70 f    CIL library: CIL module
 0001:00011d80       ??__F?s_id@?$TObjectUniqueID@URDataArchiver_OsDir@stdio@media@modules@UModSys@@@tl@UModSys@@2USUniquePointer@core@3@A@@YAXXZ 0000000140012d80 f    CIL library: CIL module
 0001:00011d90       ??__F?s_id@?$TObjectUniqueID@URStreamWriter_FILE@stdio@media@modules@UModSys@@@tl@UModSys@@2USUniquePointer@core@3@A@@YAXXZ 0000000140012d90 f    CIL library: CIL module
 0001:00011da0       ??__F?s_id@?$TObjectUniqueID@URStreamReader_FILE@stdio@media@modules@UModSys@@@tl@UModSys@@2USUniquePointer@core@3@A@@YAXXZ 0000000140012da0 f    CIL library: CIL module
 0001:00011db0       ??__F?s_console@RConsole_std@rsystem@base@UModSys@@2U1234@A@@YAXXZ 0000000140012db0 f    CIL library: CIL module
 0001:00011dc0       ??__F?s_sys@RSystem@rsystem@base@UModSys@@2U1234@A@@YAXXZ 0000000140012dc0 f    CIL library: CIL module
 0001:00011dd0       ??__Frsys_dbg@rsystem@base@UModSys@@YAXXZ 0000000140012dd0 f    CIL library: CIL module
 0001:00011de0       ??__FM@UModSys@@YAXXZ      0000000140012de0 f    CIL library: CIL module
 0001:00011df0       ??__F?root@SModuleRegChain@base@UModSys@@2U123@A@@YAXXZ 0000000140012df0 f    CIL library: CIL module
 0001:00011e00       ??__F?s_library@RModuleLibraryReg_Chain@base@UModSys@@2U123@A@@YAXXZ 0000000140012e00 f    CIL library: CIL module
 0001:00011e10       ??__F?root@SUniquePointer@core@UModSys@@2U123@A@@YAXXZ 0000000140012e10 f    CIL library: CIL module

 Exports

  ordinal    name

        1    UModSys_Plugin_Entry2
