 umodsysc

 Timestamp is 525821b7 (Fri Oct 11 19:05:11 2013)

 Preferred load address is 0000000140000000

 Start         Length     Name                   Class
 0001:00000000 00009d8cH .text                   CODE
 0001:00009d90 0000005eH .text$00                CODE
 0001:00009df0 0000062cH .text$x                 CODE
 0001:0000a420 000007a2H .text$yc                CODE
 0001:0000abd0 0000025cH .text$yd                CODE
 0002:00000000 00000250H .idata$5                DATA
 0002:00000250 00000008H .CRT$XCA                DATA
 0002:00000258 00000008H .CRT$XCAA               DATA
 0002:00000260 000001b8H .CRT$XCU                DATA
 0002:00000418 00000008H .CRT$XCZ                DATA
 0002:00000420 00000008H .CRT$XIA                DATA
 0002:00000428 00000008H .CRT$XIAA               DATA
 0002:00000430 00000008H .CRT$XIY                DATA
 0002:00000438 00000008H .CRT$XIZ                DATA
 0002:00000440 00001c50H .rdata                  DATA
 0002:00002090 0000130cH .rdata$r                DATA
 0002:000033a0 00000008H .rtc$IAA                DATA
 0002:000033a8 00000008H .rtc$IZZ                DATA
 0002:000033b0 00000008H .rtc$TAA                DATA
 0002:000033b8 00000008H .rtc$TZZ                DATA
 0002:000033c0 00001878H .xdata                  DATA
 0002:00004c38 000000e4H .xdata$x                DATA
 0002:00004d1c 00000028H .idata$2                DATA
 0002:00004d44 00000014H .idata$3                DATA
 0002:00004d58 00000250H .idata$4                DATA
 0002:00004fa8 00000466H .idata$6                DATA
 0002:00005410 00000055H .edata                  DATA
 0003:00000000 00000a74H .data                   DATA
 0003:00000a80 000027b0H .bss                    DATA
 0004:00000000 0000144cH .pdata                  DATA

  Address         Publics by Value              Rva+Base               Lib:Object

 0000:00000000       ___safe_se_handler_count   0000000000000000     <absolute>
 0000:00000000       ___safe_se_handler_table   0000000000000000     <absolute>
 0000:00000000       __ImageBase                0000000140000000     <linker-defined>
 0001:00000000       ??$shash@D@su@tl@UModSys@@YAHPEBD_K@Z 0000000140001000 f i umodsys.c_main.obj
 0001:00000030       ??1?$TString@U?$TSCoreShared@USIMemAlloc@core@UModSys@@D@su@tl@UModSys@@U?$TComparerBinaryHash@D@234@@tl@UModSys@@QEAA@XZ 0000000140001030 f i umodsys_lib_libmedia:umodsys.mod.media.stdio.obj
 0001:00000080       ?file_get_size@stdio@media@modules@UModSys@@YA_JPEAU_iobuf@@@Z 0000000140001080 f i umodsys_lib_libmedia:umodsys.mod.media.stdio.obj
 0001:000000f0       ?get_interface_info@RStreamReader_FILE@stdio@media@modules@UModSys@@UEBAAEBUSUniquePointerInfo@core@5@XZ 00000001400010f0 f i umodsys_lib_libmedia:umodsys.mod.media.stdio.obj
 0001:00000100       ?get_interface_type@RStreamReader_FILE@stdio@media@modules@UModSys@@UEBAPEBUSUniquePointerInfo@core@5@XZ 0000000140001100 f i umodsys_lib_libmedia:umodsys.mod.media.stdio.obj
 0001:00000110       ?get_other_interface@RStreamReader_FILE@stdio@media@modules@UModSys@@UEBAPEBUIRoot@core@5@PEBUSUniquePointerInfo@75@@Z 0000000140001110 f i umodsys_lib_libmedia:umodsys.mod.media.stdio.obj
 0001:00000110       ?get_other_interface@RStreamReader_FILE@stdio@media@modules@UModSys@@UEAAPEAUIRoot@core@5@PEBUSUniquePointerInfo@75@@Z 0000000140001110 f i umodsys_lib_libmedia:umodsys.mod.media.stdio.obj
 0001:00000140       ?ref_remove@RGenerator@stdio@media@modules@UModSys@@UEBAXXZ 0000000140001140 f i umodsys_lib_libmedia:umodsys.mod.media.stdio.obj
 0001:00000140       ?ref_remove@RStreamWriter_FILE@stdio@media@modules@UModSys@@UEBAXXZ 0000000140001140 f i umodsys_lib_libmedia:umodsys.mod.media.stdio.obj
 0001:00000140       ?ref_remove@RStreamReader_FILE@stdio@media@modules@UModSys@@UEBAXXZ 0000000140001140 f i umodsys_lib_libmedia:umodsys.mod.media.stdio.obj
 0001:00000140       ?ref_remove@RDataArchiver_OsDir@stdio@media@modules@UModSys@@UEBAXXZ 0000000140001140 f i umodsys_lib_libmedia:umodsys.mod.media.stdio.obj
 0001:00000160       ??0RStreamReader_FILE@stdio@media@modules@UModSys@@QEAA@PEAURGenerator@1234@AEBUSParameters@core@4@@Z 0000000140001160 f i umodsys_lib_libmedia:umodsys.mod.media.stdio.obj
 0001:00000220       ??0RStreamReader_FILE@stdio@media@modules@UModSys@@QEAA@PEAURGenerator@1234@PEBD@Z 0000000140001220 f i umodsys_lib_libmedia:umodsys.mod.media.stdio.obj
 0001:000002b0       ?get_size@RStreamReader_FILE@stdio@media@modules@UModSys@@QEAAXXZ 00000001400012b0 f i umodsys_lib_libmedia:umodsys.mod.media.stdio.obj
 0001:00000330       ?reader_seek@RStreamReader_FILE@stdio@media@modules@UModSys@@UEAA_N_J@Z 0000000140001330 f i umodsys_lib_libmedia:umodsys.mod.media.stdio.obj
 0001:00000360       ?reader_seekend@RStreamReader_FILE@stdio@media@modules@UModSys@@UEAA_N_J@Z 0000000140001360 f i umodsys_lib_libmedia:umodsys.mod.media.stdio.obj
 0001:00000390       ?reader_seekdelta@RStreamReader_FILE@stdio@media@modules@UModSys@@UEAA_N_J@Z 0000000140001390 f i umodsys_lib_libmedia:umodsys.mod.media.stdio.obj
 0001:000003c0       ?reader_pos@RStreamReader_FILE@stdio@media@modules@UModSys@@UEAA_JXZ 00000001400013c0 f i umodsys_lib_libmedia:umodsys.mod.media.stdio.obj
 0001:000003f0       ?reader_size@RStreamReader_FILE@stdio@media@modules@UModSys@@UEAA_JXZ 00000001400013f0 f i umodsys_lib_libmedia:umodsys.mod.media.stdio.obj
 0001:00000400       ?reader_read@RStreamReader_FILE@stdio@media@modules@UModSys@@UEAA_NPEAX_K@Z 0000000140001400 f i umodsys_lib_libmedia:umodsys.mod.media.stdio.obj
 0001:000004b0       ?reader_close@RStreamReader_FILE@stdio@media@modules@UModSys@@UEAAXXZ 00000001400014b0 f i umodsys_lib_libmedia:umodsys.mod.media.stdio.obj
 0001:000004e0       ??_GRStreamReader_FILE@stdio@media@modules@UModSys@@UEAAPEAXI@Z 00000001400014e0 f i umodsys_lib_libmedia:umodsys.mod.media.stdio.obj
 0001:000004e0       ??_ERStreamReader_FILE@stdio@media@modules@UModSys@@UEAAPEAXI@Z 00000001400014e0 f i  CIL library: CIL module
 0001:00000520       ??_GIRoot@core@UModSys@@UEAAPEAXI@Z 0000000140001520 f i umodsys_lib_libmedia:umodsys.mod.media.stdio.obj
 0001:00000520       ??_EIRoot@core@UModSys@@UEAAPEAXI@Z 0000000140001520 f i  CIL library: CIL module
 0001:00000540       ?get_interface_info@RStreamWriter_FILE@stdio@media@modules@UModSys@@UEBAAEBUSUniquePointerInfo@core@5@XZ 0000000140001540 f i umodsys_lib_libmedia:umodsys.mod.media.stdio.obj
 0001:00000550       ?get_interface_type@RStreamWriter_FILE@stdio@media@modules@UModSys@@UEBAPEBUSUniquePointerInfo@core@5@XZ 0000000140001550 f i umodsys_lib_libmedia:umodsys.mod.media.stdio.obj
 0001:00000560       ?get_other_interface@RStreamWriter_FILE@stdio@media@modules@UModSys@@UEBAPEBUIRoot@core@5@PEBUSUniquePointerInfo@75@@Z 0000000140001560 f i umodsys_lib_libmedia:umodsys.mod.media.stdio.obj
 0001:00000560       ?get_other_interface@RStreamWriter_FILE@stdio@media@modules@UModSys@@UEAAPEAUIRoot@core@5@PEBUSUniquePointerInfo@75@@Z 0000000140001560 f i umodsys_lib_libmedia:umodsys.mod.media.stdio.obj
 0001:00000590       ??0RStreamWriter_FILE@stdio@media@modules@UModSys@@QEAA@PEAURGenerator@1234@AEBUSParameters@core@4@@Z 0000000140001590 f i umodsys_lib_libmedia:umodsys.mod.media.stdio.obj
 0001:00000610       ??0RStreamWriter_FILE@stdio@media@modules@UModSys@@QEAA@PEAURGenerator@1234@PEBD_N@Z 0000000140001610 f i umodsys_lib_libmedia:umodsys.mod.media.stdio.obj
 0001:000006d0       ?open@RStreamWriter_FILE@stdio@media@modules@UModSys@@QEAAXAEBUSParameters@core@5@@Z 00000001400016d0 f i umodsys_lib_libmedia:umodsys.mod.media.stdio.obj
 0001:00000790       ?writer_seek@RStreamWriter_FILE@stdio@media@modules@UModSys@@UEAA_N_J@Z 0000000140001790 f i umodsys_lib_libmedia:umodsys.mod.media.stdio.obj
 0001:000007c0       ?writer_seekend@RStreamWriter_FILE@stdio@media@modules@UModSys@@UEAA_N_J@Z 00000001400017c0 f i umodsys_lib_libmedia:umodsys.mod.media.stdio.obj
 0001:000007f0       ?writer_seekdelta@RStreamWriter_FILE@stdio@media@modules@UModSys@@UEAA_N_J@Z 00000001400017f0 f i umodsys_lib_libmedia:umodsys.mod.media.stdio.obj
 0001:00000820       ?writer_setsize@RStreamWriter_FILE@stdio@media@modules@UModSys@@UEAA_N_J@Z 0000000140001820 f i umodsys_lib_libmedia:umodsys.mod.media.stdio.obj
 0001:00000880       ?writer_pos@RStreamWriter_FILE@stdio@media@modules@UModSys@@UEAA_JXZ 0000000140001880 f i umodsys_lib_libmedia:umodsys.mod.media.stdio.obj
 0001:000008b0       ?writer_size@RStreamWriter_FILE@stdio@media@modules@UModSys@@UEAA_JXZ 00000001400018b0 f i umodsys_lib_libmedia:umodsys.mod.media.stdio.obj
 0001:000008e0       ?writer_write@RStreamWriter_FILE@stdio@media@modules@UModSys@@UEAA_NPEBX_K@Z 00000001400018e0 f i umodsys_lib_libmedia:umodsys.mod.media.stdio.obj
 0001:00000990       ?writer_copy@RStreamWriter_FILE@stdio@media@modules@UModSys@@UEAA_NPEAUIStreamReader@libmedia@5@_J@Z 0000000140001990 f i umodsys_lib_libmedia:umodsys.mod.media.stdio.obj
 0001:00000a40       ?writer_copy@RStreamWriter_FILE@stdio@media@modules@UModSys@@UEAA_NPEAUIStreamReader@libmedia@5@_J1@Z 0000000140001a40 f i umodsys_lib_libmedia:umodsys.mod.media.stdio.obj
 0001:00000ab0       ?writer_close@RStreamWriter_FILE@stdio@media@modules@UModSys@@UEAAXXZ 0000000140001ab0 f i umodsys_lib_libmedia:umodsys.mod.media.stdio.obj
 0001:00000af0       ?writer_abort@RStreamWriter_FILE@stdio@media@modules@UModSys@@UEAAXXZ 0000000140001af0 f i umodsys_lib_libmedia:umodsys.mod.media.stdio.obj
 0001:00000b30       ??_GRStreamWriter_FILE@stdio@media@modules@UModSys@@UEAAPEAXI@Z 0000000140001b30 f i umodsys_lib_libmedia:umodsys.mod.media.stdio.obj
 0001:00000b30       ??_ERStreamWriter_FILE@stdio@media@modules@UModSys@@UEAAPEAXI@Z 0000000140001b30 f i  CIL library: CIL module
 0001:00000b90       ??1IDataArchive@libmedia@UModSys@@UEAA@XZ 0000000140001b90 f i umodsys_lib_libmedia:umodsys.mod.media.stdio.obj
 0001:00000b90       ??1IStreamReader@libmedia@UModSys@@UEAA@XZ 0000000140001b90 f i umodsys_lib_libmedia:umodsys.mod.media.stdio.obj
 0001:00000b90       ??1IStreamWriter@libmedia@UModSys@@UEAA@XZ 0000000140001b90 f i umodsys_lib_libmedia:umodsys.mod.media.stdio.obj
 0001:00000ba0       ?get_interface_info@RDataArchiver_OsDir@stdio@media@modules@UModSys@@UEBAAEBUSUniquePointerInfo@core@5@XZ 0000000140001ba0 f i umodsys_lib_libmedia:umodsys.mod.media.stdio.obj
 0001:00000bb0       ?get_interface_type@RDataArchiver_OsDir@stdio@media@modules@UModSys@@UEBAPEBUSUniquePointerInfo@core@5@XZ 0000000140001bb0 f i umodsys_lib_libmedia:umodsys.mod.media.stdio.obj
 0001:00000bc0       ?get_interface_types@RModuleLibraryThis@rsystem@base@UModSys@@UEBA_KAEAUSUniquePtrList@core@4@@Z 0000000140001bc0 f i umodsys_lib_basesys:umodsys.basesys.rmodulelibthis.obj
 0001:00000bc0       ?get_interface_types@RModuleLibrarySO@rsystem@base@UModSys@@UEBA_KAEAUSUniquePtrList@core@4@@Z 0000000140001bc0 f i umodsys_lib_basesys:umodsys.basesys.rmodulelibso.obj
 0001:00000bc0       ?get_interface_types@RModule@rsystem@base@UModSys@@UEBA_KAEAUSUniquePtrList@core@4@@Z 0000000140001bc0 f i umodsys_lib_basesys:umodsys.basesys.rmodule.obj
 0001:00000bc0       ?get_interface_types@RDataArchiver_OsDir@stdio@media@modules@UModSys@@UEBA_KAEAUSUniquePtrList@core@5@@Z 0000000140001bc0 f i umodsys_lib_libmedia:umodsys.mod.media.stdio.obj
 0001:00000bc0       ?get_interface_types@RStreamReader_FILE@stdio@media@modules@UModSys@@UEBA_KAEAUSUniquePtrList@core@5@@Z 0000000140001bc0 f i umodsys_lib_libmedia:umodsys.mod.media.stdio.obj
 0001:00000bc0       ?get_interface_types@RGenerator@stdio@media@modules@UModSys@@UEBA_KAEAUSUniquePtrList@core@5@@Z 0000000140001bc0 f i umodsys_lib_libmedia:umodsys.mod.media.stdio.obj
 0001:00000bc0       ?get_interface_types@RConsole_std@rsystem@base@UModSys@@UEBA_KAEAUSUniquePtrList@core@4@@Z 0000000140001bc0 f i umodsys_lib_basesys:umodsys.basesys.rconsole_std.obj
 0001:00000bc0       ?get_interface_types@RSystem@rsystem@base@UModSys@@UEBA_KAEAUSUniquePtrList@core@4@@Z 0000000140001bc0 f i umodsys_lib_basesys:umodsys.basesys.rsystem_main.obj
 0001:00000bc0       ?get_interface_types@RParameters@rsystem@base@UModSys@@UEBA_KAEAUSUniquePtrList@core@4@@Z 0000000140001bc0 f i umodsys_lib_basesys:umodsys.basesys.rparameters.obj
 0001:00000bc0       ?get_interface_types@RStreamWriter_FILE@stdio@media@modules@UModSys@@UEBA_KAEAUSUniquePtrList@core@5@@Z 0000000140001bc0 f i umodsys_lib_libmedia:umodsys.mod.media.stdio.obj
 0001:00000bc0       ?get_interface_types@ISystem@base@UModSys@@UEBA_KAEAUSUniquePtrList@core@3@@Z 0000000140001bc0 f i umodsys_lib_basesys:umodsys.basesys.rsystem_main.obj
 0001:00000bd0       ?get_other_interface@RDataArchiver_OsDir@stdio@media@modules@UModSys@@UEBAPEBUIRoot@core@5@PEBUSUniquePointerInfo@75@@Z 0000000140001bd0 f i umodsys_lib_libmedia:umodsys.mod.media.stdio.obj
 0001:00000bd0       ?get_other_interface@RDataArchiver_OsDir@stdio@media@modules@UModSys@@UEAAPEAUIRoot@core@5@PEBUSUniquePointerInfo@75@@Z 0000000140001bd0 f i umodsys_lib_libmedia:umodsys.mod.media.stdio.obj
 0001:00000c00       ?ref_links@RStreamReader_FILE@stdio@media@modules@UModSys@@UEBAHXZ 0000000140001c00 f i umodsys_lib_libmedia:umodsys.mod.media.stdio.obj
 0001:00000c00       ?ref_links@RStreamWriter_FILE@stdio@media@modules@UModSys@@UEBAHXZ 0000000140001c00 f i umodsys_lib_libmedia:umodsys.mod.media.stdio.obj
 0001:00000c00       ?ref_links@RGenerator@stdio@media@modules@UModSys@@UEBAHXZ 0000000140001c00 f i umodsys_lib_libmedia:umodsys.mod.media.stdio.obj
 0001:00000c00       ?ref_links@RDataArchiver_OsDir@stdio@media@modules@UModSys@@UEBAHXZ 0000000140001c00 f i umodsys_lib_libmedia:umodsys.mod.media.stdio.obj
 0001:00000c10       ?suicide@RDataArchiver_OsDir@stdio@media@modules@UModSys@@UEAAXXZ 0000000140001c10 f i umodsys_lib_libmedia:umodsys.mod.media.stdio.obj
 0001:00000c10       ?suicide@RStreamReader_FILE@stdio@media@modules@UModSys@@UEAAXXZ 0000000140001c10 f i umodsys_lib_libmedia:umodsys.mod.media.stdio.obj
 0001:00000c10       ?suicide@RStreamWriter_FILE@stdio@media@modules@UModSys@@UEAAXXZ 0000000140001c10 f i umodsys_lib_libmedia:umodsys.mod.media.stdio.obj
 0001:00000c70       ??0RDataArchiver_OsDir@stdio@media@modules@UModSys@@QEAA@PEAURGenerator@1234@AEBUSParameters@core@4@@Z 0000000140001c70 f i umodsys_lib_libmedia:umodsys.mod.media.stdio.obj
 0001:00000cf0       ?open@RDataArchiver_OsDir@stdio@media@modules@UModSys@@QEAAXAEBUSParameters@core@5@@Z 0000000140001cf0 f i umodsys_lib_libmedia:umodsys.mod.media.stdio.obj
 0001:00000e00       ?load_data@RDataArchiver_OsDir@stdio@media@modules@UModSys@@UEAA_NAEAUSMemShared@core@5@AEBU?$TString@U?$TSCoreConst@D@su@tl@UModSys@@U?$TComparerBinaryHash@D@234@@tl@5@H@Z 0000000140001e00 f i umodsys_lib_libmedia:umodsys.mod.media.stdio.obj
 0001:00000e90       ?load_reader@RDataArchiver_OsDir@stdio@media@modules@UModSys@@UEAA?AU?$TRefObject@UIStreamReader@libmedia@UModSys@@@tl@5@AEBU?$TString@U?$TSCoreConst@D@su@tl@UModSys@@U?$TComparerBinaryHash@D@234@@75@H@Z 0000000140001e90 f i umodsys_lib_libmedia:umodsys.mod.media.stdio.obj
 0001:00001010       ?save_data@RDataArchiver_OsDir@stdio@media@modules@UModSys@@UEAA_NAEBUSMemShared@core@5@AEBU?$TString@U?$TSCoreConst@D@su@tl@UModSys@@U?$TComparerBinaryHash@D@234@@tl@5@H@Z 0000000140002010 f i umodsys_lib_libmedia:umodsys.mod.media.stdio.obj
 0001:000010a0       ?save_writer@RDataArchiver_OsDir@stdio@media@modules@UModSys@@UEAA?AU?$TRefObject@UIStreamWriter@libmedia@UModSys@@@tl@5@AEBU?$TString@U?$TSCoreConst@D@su@tl@UModSys@@U?$TComparerBinaryHash@D@234@@75@H@Z 00000001400020a0 f i umodsys_lib_libmedia:umodsys.mod.media.stdio.obj
 0001:00001230       ?get_entrylist@RDataArchiver_OsDir@stdio@media@modules@UModSys@@UEAA_NAEBU?$TString@U?$TSCoreConst@D@su@tl@UModSys@@U?$TComparerBinaryHash@D@234@@tl@5@AEAU?$TIStackSocket@USFileInfo@libmedia@UModSys@@@75@@Z 0000000140002230 f i umodsys_lib_libmedia:umodsys.mod.media.stdio.obj
 0001:000012c0       ?get_permissions@RDataArchiver_OsDir@stdio@media@modules@UModSys@@UEAAHXZ 00000001400022c0 f i umodsys_lib_libmedia:umodsys.mod.media.stdio.obj
 0001:000012d0       ??_ERDataArchiver_OsDir@stdio@media@modules@UModSys@@UEAAPEAXI@Z 00000001400022d0 f i  CIL library: CIL module
 0001:000012d0       ??_GRDataArchiver_OsDir@stdio@media@modules@UModSys@@UEAAPEAXI@Z 00000001400022d0 f i umodsys_lib_libmedia:umodsys.mod.media.stdio.obj
 0001:00001350       ?get_generated_names@RGenerator@stdio@media@modules@UModSys@@UEBAHAEAUSUniquePtrList@core@5@@Z 0000000140002350 f i umodsys_lib_libmedia:umodsys.mod.media.stdio.obj
 0001:000013a0       ?get_generated_types@RGenerator@stdio@media@modules@UModSys@@UEBAHAEAUSUniquePtrList@core@5@PEBUSUniquePointerInfo@75@@Z 00000001400023a0 f i umodsys_lib_libmedia:umodsys.mod.media.stdio.obj
 0001:00001440       ?generate@RGenerator@stdio@media@modules@UModSys@@UEAA_NAEAU?$TRefObject@UIRefObject@core@UModSys@@@tl@5@PEBUSUniquePointerInfo@core@5@AEBUSParameters@95@@Z 0000000140002440 f i umodsys_lib_libmedia:umodsys.mod.media.stdio.obj
 0001:00001570       ?get_interface_info@RGenerator@stdio@media@modules@UModSys@@UEBAAEBUSUniquePointerInfo@core@5@XZ 0000000140002570 f i umodsys_lib_libmedia:umodsys.mod.media.stdio.obj
 0001:00001580       ?get_interface_type@RGenerator@stdio@media@modules@UModSys@@UEBAPEBUSUniquePointerInfo@core@5@XZ 0000000140002580 f i umodsys_lib_libmedia:umodsys.mod.media.stdio.obj
 0001:00001590       ?get_other_interface@RGenerator@stdio@media@modules@UModSys@@UEAAPEAUIRoot@core@5@PEBUSUniquePointerInfo@75@@Z 0000000140002590 f i umodsys_lib_libmedia:umodsys.mod.media.stdio.obj
 0001:00001590       ?get_other_interface@RGenerator@stdio@media@modules@UModSys@@UEBAPEBUIRoot@core@5@PEBUSUniquePointerInfo@75@@Z 0000000140002590 f i umodsys_lib_libmedia:umodsys.mod.media.stdio.obj
 0001:000015d0       ?ref_add@RStreamReader_FILE@stdio@media@modules@UModSys@@UEBAXXZ 00000001400025d0 f i umodsys_lib_libmedia:umodsys.mod.media.stdio.obj
 0001:000015d0       ?ref_add@RGenerator@stdio@media@modules@UModSys@@UEBAXXZ 00000001400025d0 f i umodsys_lib_libmedia:umodsys.mod.media.stdio.obj
 0001:000015d0       ?ref_add@RStreamWriter_FILE@stdio@media@modules@UModSys@@UEBAXXZ 00000001400025d0 f i umodsys_lib_libmedia:umodsys.mod.media.stdio.obj
 0001:000015d0       ?ref_add@RDataArchiver_OsDir@stdio@media@modules@UModSys@@UEBAXXZ 00000001400025d0 f i umodsys_lib_libmedia:umodsys.mod.media.stdio.obj
 0001:000015e0       ?suicide@RGenerator@stdio@media@modules@UModSys@@UEAAXXZ 00000001400025e0 f i umodsys_lib_libmedia:umodsys.mod.media.stdio.obj
 0001:000015f0       ?get_uid@RGenerator@stdio@media@modules@UModSys@@UEBAPEBUSUniquePointerInfo@core@5@XZ 00000001400025f0 f i umodsys_lib_libmedia:umodsys.mod.media.stdio.obj
 0001:00001600       ?do_open@RModuleReg@stdio@media@modules@UModSys@@UEAA_NXZ 0000000140002600 f i umodsys_lib_libmedia:umodsys.mod.media.stdio.obj
 0001:00001610       ?do_close@RModuleReg@stdio@media@modules@UModSys@@UEAA_NXZ 0000000140002610 f i umodsys_lib_libmedia:umodsys.mod.media.stdio.obj
 0001:00001620       ??_ERModuleReg@stdio@media@modules@UModSys@@UEAAPEAXI@Z 0000000140002620 f i  CIL library: CIL module
 0001:00001620       ??_GRModuleReg@stdio@media@modules@UModSys@@UEAAPEAXI@Z 0000000140002620 f i umodsys_lib_libmedia:umodsys.mod.media.stdio.obj
 0001:00001650       ??1?$TRefObject@URParameters@rsystem@base@UModSys@@@tl@UModSys@@QEAA@XZ 0000000140002650 f i umodsys_lib_basesys:umodsys.basesys.rsystem_main.obj
 0001:00001650       ??1?$TRefObject@UIStreamReader@libmedia@UModSys@@@tl@UModSys@@QEAA@XZ 0000000140002650 f i umodsys_lib_libmedia:umodsys.mod.media.stdio.obj
 0001:00001650       ??1?$TRefObject@UIModuleLibraryUni@rsystem@base@UModSys@@@tl@UModSys@@QEAA@XZ 0000000140002650 f i umodsys_lib_basesys:umodsys.basesys.rmodule.obj
 0001:00001650       ??1?$TRefObject@URStreamWriter_FILE@stdio@media@modules@UModSys@@@tl@UModSys@@QEAA@XZ 0000000140002650 f i umodsys_lib_libmedia:umodsys.mod.media.stdio.obj
 0001:00001650       ??1?$TRefObject@UIRefObject@core@UModSys@@@tl@UModSys@@QEAA@XZ 0000000140002650 f i umodsys_lib_basesys:umodsys.basesys.rsystem_tests.obj
 0001:00001650       ??1?$TRefObject@UIStreamWriter@libmedia@UModSys@@@tl@UModSys@@QEAA@XZ 0000000140002650 f i umodsys_lib_libmedia:umodsys.mod.media.stdio.obj
 0001:00001650       ??1?$TRefObject@UIShell@base@UModSys@@@tl@UModSys@@QEAA@XZ 0000000140002650 f i umodsys_lib_basesys:umodsys.basesys.rsystem_tests.obj
 0001:00001650       ??1?$TRefObject@URModuleLibrarySO@rsystem@base@UModSys@@@tl@UModSys@@QEAA@XZ 0000000140002650 f i umodsys_lib_basesys:umodsys.basesys.rmoduleloader.obj
 0001:00001650       ??1?$TRefObject@URStreamReader_FILE@stdio@media@modules@UModSys@@@tl@UModSys@@QEAA@XZ 0000000140002650 f i umodsys_lib_libmedia:umodsys.mod.media.stdio.obj
 0001:00001650       ??1?$TRefObject@URGenerator@stdio@media@modules@UModSys@@@tl@UModSys@@QEAA@XZ 0000000140002650 f i umodsys_lib_libmedia:umodsys.mod.media.stdio.obj
 0001:00001650       ??1?$TRefObject@URDataArchiver_OsDir@stdio@media@modules@UModSys@@@tl@UModSys@@QEAA@XZ 0000000140002650 f i umodsys_lib_libmedia:umodsys.mod.media.stdio.obj
 0001:00001680       ??_EIRefObject@core@UModSys@@UEAAPEAXI@Z 0000000140002680 f i  CIL library: CIL module
 0001:00001680       ??_GIRefObject@core@UModSys@@UEAAPEAXI@Z 0000000140002680 f i umodsys_lib_libmedia:umodsys.mod.media.stdio.obj
 0001:00001680       ??_ERGenerator@stdio@media@modules@UModSys@@UEAAPEAXI@Z 0000000140002680 f i  CIL library: CIL module
 0001:00001680       ??_GRGenerator@stdio@media@modules@UModSys@@UEAAPEAXI@Z 0000000140002680 f i umodsys_lib_libmedia:umodsys.mod.media.stdio.obj
 0001:000016a0       ?info_new@?$TSCoreShared@USIMemAlloc@core@UModSys@@D@su@tl@UModSys@@QEAA_NPEBD_K@Z 00000001400026a0 f i umodsys_lib_libmedia:umodsys.mod.media.stdio.obj
 0001:00001760       ??$ValidateConstruction@UIStreamReader@libmedia@UModSys@@URStreamReader_FILE@stdio@media@modules@3@@core@UModSys@@YA_NAEAU?$TRefObject@UIStreamReader@libmedia@UModSys@@@tl@1@PEAURStreamReader_FILE@stdio@media@modules@1@@Z 0000000140002760 f i umodsys_lib_libmedia:umodsys.mod.media.stdio.obj
 0001:00001760       ??$ValidateConstruction@UIRefObject@core@UModSys@@URStreamReader_FILE@stdio@media@modules@3@@core@UModSys@@YA_NAEAU?$TRefObject@UIRefObject@core@UModSys@@@tl@1@PEAURStreamReader_FILE@stdio@media@modules@1@@Z 0000000140002760 f i umodsys_lib_libmedia:umodsys.mod.media.stdio.obj
 0001:000017e0       ??$ValidateConstruction@UIStreamWriter@libmedia@UModSys@@URStreamWriter_FILE@stdio@media@modules@3@@core@UModSys@@YA_NAEAU?$TRefObject@UIStreamWriter@libmedia@UModSys@@@tl@1@PEAURStreamWriter_FILE@stdio@media@modules@1@@Z 00000001400027e0 f i umodsys_lib_libmedia:umodsys.mod.media.stdio.obj
 0001:000017e0       ??$ValidateConstruction@UIRefObject@core@UModSys@@URStreamWriter_FILE@stdio@media@modules@3@@core@UModSys@@YA_NAEAU?$TRefObject@UIRefObject@core@UModSys@@@tl@1@PEAURStreamWriter_FILE@stdio@media@modules@1@@Z 00000001400027e0 f i umodsys_lib_libmedia:umodsys.mod.media.stdio.obj
 0001:00001860       ??$ValidateConstruction@UIRefObject@core@UModSys@@URDataArchiver_OsDir@stdio@media@modules@3@@core@UModSys@@YA_NAEAU?$TRefObject@UIRefObject@core@UModSys@@@tl@1@PEAURDataArchiver_OsDir@stdio@media@modules@1@@Z 0000000140002860 f i umodsys_lib_libmedia:umodsys.mod.media.stdio.obj
 0001:000018d0       ??$_Ref_set@UIRefObject@core@UModSys@@U123@@tl@UModSys@@YAXAEAPEAUIRefObject@core@1@PEAU231@@Z 00000001400028d0 f i umodsys_lib_libmedia:umodsys.mod.media.stdio.obj
 0001:00001910       ??$safe_snprintf@D@syshlp@core@UModSys@@YA_KPEAD_KPEBDZZ 0000000140002910 f i umodsys_lib_libmedia:umodsys.lib.media.common.obj
 0001:00001930       ?get_interface_info@RConsole_std@rsystem@base@UModSys@@UEBAAEBUSUniquePointerInfo@core@4@XZ 0000000140002930 f i umodsys_lib_basesys:umodsys.basesys.rconsole_std.obj
 0001:00001940       ?get_interface_type@RConsole_std@rsystem@base@UModSys@@UEBAPEBUSUniquePointerInfo@core@4@XZ 0000000140002940 f i umodsys_lib_basesys:umodsys.basesys.rconsole_std.obj
 0001:00001950       ?get_other_interface@RConsole_std@rsystem@base@UModSys@@UEAAPEAUIRoot@core@4@PEBUSUniquePointerInfo@64@@Z 0000000140002950 f i umodsys_lib_basesys:umodsys.basesys.rconsole_std.obj
 0001:00001950       ?get_other_interface@RConsole_std@rsystem@base@UModSys@@UEBAPEBUIRoot@core@4@PEBUSUniquePointerInfo@64@@Z 0000000140002950 f i umodsys_lib_basesys:umodsys.basesys.rconsole_std.obj
 0001:00001980       ??_ERConsole_std@rsystem@base@UModSys@@UEAAPEAXI@Z 0000000140002980 f i  CIL library: CIL module
 0001:00001980       ??_GRConsole_std@rsystem@base@UModSys@@UEAAPEAXI@Z 0000000140002980 f i umodsys_lib_basesys:umodsys.basesys.rconsole_std.obj
 0001:000019a0       ??_EIConsole@base@UModSys@@UEAAPEAXI@Z 00000001400029a0 f i  CIL library: CIL module
 0001:000019a0       ??_GIConsole@base@UModSys@@UEAAPEAXI@Z 00000001400029a0 f i umodsys_lib_basesys:umodsys.basesys.rconsole_std.obj
 0001:000019c0       ?decode_error@EExceptionBase@core@UModSys@@UEBAHPEAD_K@Z 00000001400029c0 f i umodsys_lib_basesys:umodsys.basesys.rsystem_main.obj
 0001:00001a00       ??_EEWarning@core@UModSys@@UEAAPEAXI@Z 0000000140002a00 f i  CIL library: CIL module
 0001:00001a00       ??_GEWarning@core@UModSys@@UEAAPEAXI@Z 0000000140002a00 f i umodsys_lib_basesys:umodsys.basesys.rsystem_main.obj
 0001:00001a00       ??_GEFatal@core@UModSys@@UEAAPEAXI@Z 0000000140002a00 f i umodsys_lib_basesys:umodsys.basesys.rsystem_main.obj
 0001:00001a00       ??_EEExceptionBase@core@UModSys@@UEAAPEAXI@Z 0000000140002a00 f i  CIL library: CIL module
 0001:00001a00       ??_EEFatal@core@UModSys@@UEAAPEAXI@Z 0000000140002a00 f i  CIL library: CIL module
 0001:00001a00       ??_GEExceptionBase@core@UModSys@@UEAAPEAXI@Z 0000000140002a00 f i umodsys_lib_basesys:umodsys.basesys.rsystem_main.obj
 0001:00001a30       ?decode_error@EFatal@core@UModSys@@UEBAHPEAD_K@Z 0000000140002a30 f i umodsys_lib_basesys:umodsys.basesys.rsystem_main.obj
 0001:00001a70       ?decode_error@EWarning@core@UModSys@@UEBAHPEAD_K@Z 0000000140002a70 f i umodsys_lib_basesys:umodsys.basesys.rsystem_main.obj
 0001:00001ab0       ??1EFatal@core@UModSys@@UEAA@XZ 0000000140002ab0 f i umodsys_lib_basesys:umodsys.basesys.rsystem_main.obj
 0001:00001ab0       ??1EWarning@core@UModSys@@UEAA@XZ 0000000140002ab0 f i umodsys_lib_basesys:umodsys.basesys.rsystem_main.obj
 0001:00001ac0       ?get_interface_info@ISystem@base@UModSys@@UEBAAEBUSUniquePointerInfo@core@3@XZ 0000000140002ac0 f i umodsys_lib_basesys:umodsys.basesys.rsystem_main.obj
 0001:00001ad0       ?get_interface_type@ISystem@base@UModSys@@UEBAPEBUSUniquePointerInfo@core@3@XZ 0000000140002ad0 f i umodsys_lib_basesys:umodsys.basesys.rsystem_main.obj
 0001:00001ae0       ?get_other_interface@ISystem@base@UModSys@@UEBAPEBUIRoot@core@3@PEBUSUniquePointerInfo@53@@Z 0000000140002ae0 f i umodsys_lib_basesys:umodsys.basesys.rsystem_main.obj
 0001:00001ae0       ?get_other_interface@ISystem@base@UModSys@@UEAAPEAUIRoot@core@3@PEBUSUniquePointerInfo@53@@Z 0000000140002ae0 f i umodsys_lib_basesys:umodsys.basesys.rsystem_main.obj
 0001:00001b00       ?get_interface_info@RSystem@rsystem@base@UModSys@@UEBAAEBUSUniquePointerInfo@core@4@XZ 0000000140002b00 f i umodsys_lib_basesys:umodsys.basesys.rsystem_main.obj
 0001:00001b10       ?get_interface_type@RSystem@rsystem@base@UModSys@@UEBAPEBUSUniquePointerInfo@core@4@XZ 0000000140002b10 f i umodsys_lib_basesys:umodsys.basesys.rsystem_main.obj
 0001:00001b20       ?get_other_interface@RSystem@rsystem@base@UModSys@@UEAAPEAUIRoot@core@4@PEBUSUniquePointerInfo@64@@Z 0000000140002b20 f i umodsys_lib_basesys:umodsys.basesys.rsystem_main.obj
 0001:00001b20       ?get_other_interface@RSystem@rsystem@base@UModSys@@UEBAPEBUIRoot@core@4@PEBUSUniquePointerInfo@64@@Z 0000000140002b20 f i umodsys_lib_basesys:umodsys.basesys.rsystem_main.obj
 0001:00001b40       ??_GRSystem@rsystem@base@UModSys@@UEAAPEAXI@Z 0000000140002b40 f i umodsys_lib_basesys:umodsys.basesys.rsystem_main.obj
 0001:00001b40       ??_ERSystem@rsystem@base@UModSys@@UEAAPEAXI@Z 0000000140002b40 f i  CIL library: CIL module
 0001:00001b60       ??_EISystem@base@UModSys@@UEAAPEAXI@Z 0000000140002b60 f i  CIL library: CIL module
 0001:00001b60       ??_GISystem@base@UModSys@@UEAAPEAXI@Z 0000000140002b60 f i umodsys_lib_basesys:umodsys.basesys.rsystem_main.obj
 0001:00001b80       ??1?$TStaticStringPool@DU?$TComparerBinaryHash@D@su@tl@UModSys@@USMemAlloc_Malloc@core@4@@tl@UModSys@@QEAA@XZ 0000000140002b80 f i umodsys_lib_basesys:umodsys.basesys.rsystem_main.obj
 0001:00001b90       ??1?$TQuantArrayUnique@USUniquePointerInfo@core@UModSys@@$0BAA@USMemAlloc_Malloc@23@@tl@UModSys@@QEAA@XZ 0000000140002b90 f i umodsys_lib_basesys:umodsys.basesys.rsystem_main.obj
 0001:00001be0       ??1?$TTreeHoldRBD@U?$TQuantArrayNode@USSourceContext@core@UModSys@@$0BAA@@tl@UModSys@@U?$TNodeDeleter@U?$TQuantArrayNode@USSourceContext@core@UModSys@@$0BAA@@tl@UModSys@@USMemAlloc_Malloc@core@3@@23@@tl@UModSys@@QEAA@XZ 0000000140002be0 f i umodsys_lib_basesys:umodsys.basesys.rsystem_main.obj
 0001:00001be0       ??1?$TTreeHoldRBD@U?$TQuantArrayNode@USUniquePointerInfo@core@UModSys@@$0BAA@@tl@UModSys@@U?$TNodeDeleter@U?$TQuantArrayNode@USUniquePointerInfo@core@UModSys@@$0BAA@@tl@UModSys@@USMemAlloc_Malloc@core@3@@23@@tl@UModSys@@QEAA@XZ 0000000140002be0 f i umodsys_lib_basesys:umodsys.basesys.rsystem_main.obj
 0001:00001c00       ??0?$TRMemAlloc_CC@U?$TMemAllocHeader@USMagic@mem_headers@rsystem@base@UModSys@@U?$TPool@X@2345@USDebug@2345@UVoid@core@5@@rsystem@base@UModSys@@USMemAlloc_Malloc@core@4@@rsystem@base@UModSys@@QEAA@PEAUIExceptionHandler@core@3@@Z 0000000140002c00 f i umodsys_lib_basesys:umodsys.basesys.rsystem_main.obj
 0001:00001c20       ??1?$TRMemAlloc_CC@U?$TMemAllocHeader@USMagic@mem_headers@rsystem@base@UModSys@@U?$TPool@X@2345@USDebug@2345@UVoid@core@5@@rsystem@base@UModSys@@USMemAlloc_Malloc@core@4@@rsystem@base@UModSys@@QEAA@XZ 0000000140002c20 f i umodsys_lib_basesys:umodsys.basesys.rsystem_main.obj
 0001:00001c30       ?mem_alloc@?$TRMemAlloc_CC@U?$TMemAllocHeader@USMagic@mem_headers@rsystem@base@UModSys@@U?$TPool@X@2345@USDebug@2345@UVoid@core@5@@rsystem@base@UModSys@@USMemAlloc_Malloc@core@4@@rsystem@base@UModSys@@UEAAPEAX_KPEBUSSourceContext@core@4@@Z 0000000140002c30 f i umodsys_lib_basesys:umodsys.basesys.rsystem_main.obj
 0001:00001c90       ?mem_realloc@?$TRMemAlloc_CC@U?$TMemAllocHeader@USMagic@mem_headers@rsystem@base@UModSys@@U?$TPool@X@2345@USDebug@2345@UVoid@core@5@@rsystem@base@UModSys@@USMemAlloc_Malloc@core@4@@rsystem@base@UModSys@@UEAAPEAXPEAX_KPEBUSSourceContext@core@4@@Z 0000000140002c90 f i umodsys_lib_basesys:umodsys.basesys.rsystem_main.obj
 0001:00001ec0       ?mem_free@?$TRMemAlloc_CC@U?$TMemAllocHeader@USMagic@mem_headers@rsystem@base@UModSys@@U?$TPool@X@2345@USDebug@2345@UVoid@core@5@@rsystem@base@UModSys@@USMemAlloc_Malloc@core@4@@rsystem@base@UModSys@@UEAAXPEAXPEBUSSourceContext@core@4@@Z 0000000140002ec0 f i umodsys_lib_basesys:umodsys.basesys.rsystem_main.obj
 0001:00001f80       ?free@?$TStaticStringPool@DU?$TComparerBinaryHash@D@su@tl@UModSys@@USMemAlloc_Malloc@core@4@@tl@UModSys@@QEAAXXZ 0000000140002f80 f i umodsys_lib_basesys:umodsys.basesys.rsystem_main.obj
 0001:00001fe0       ??$process_nodes@U?$TNodeDeleter@U?$TQuantArrayNode@USSourceContext@core@UModSys@@$0BAA@@tl@UModSys@@USMemAlloc_Malloc@core@3@@tl@UModSys@@@?$TTreeHoldRB@U?$TQuantArrayNode@USSourceContext@core@UModSys@@$0BAA@@tl@UModSys@@@tl@UModSys@@QEAAHAEBU?$TNodeDeleter@U?$TQuantArrayNode@USSourceContext@core@UModSys@@$0BAA@@tl@UModSys@@USMemAlloc_Malloc@core@3@@12@@Z 0000000140002fe0 f i umodsys_lib_basesys:umodsys.basesys.rsystem_main.obj
 0001:00001fe0       ??$process_nodes@U?$TNodeDeleter@U?$TQuantArrayNode@USUniquePointerInfo@core@UModSys@@$0BAA@@tl@UModSys@@USMemAlloc_Malloc@core@3@@tl@UModSys@@@?$TTreeHoldRB@U?$TQuantArrayNode@USUniquePointerInfo@core@UModSys@@$0BAA@@tl@UModSys@@@tl@UModSys@@QEAAHAEBU?$TNodeDeleter@U?$TQuantArrayNode@USUniquePointerInfo@core@UModSys@@$0BAA@@tl@UModSys@@USMemAlloc_Malloc@core@3@@12@@Z 0000000140002fe0 f i umodsys_lib_basesys:umodsys.basesys.rsystem_main.obj
 0001:00002060       ??$process@UEFatal@core@UModSys@@@IExceptionHandler@core@UModSys@@QEAAXAEBUEFatal@12@@Z 0000000140003060 f i umodsys_lib_basesys:umodsys.basesys.rsystem_main.obj
 0001:000020d0       ??$process_nodes_r@U?$TNodeDeleter@U?$TQuantArrayNode@USSourceContext@core@UModSys@@$0BAA@@tl@UModSys@@USMemAlloc_Malloc@core@3@@tl@UModSys@@@?$TTreeHoldRB@U?$TQuantArrayNode@USSourceContext@core@UModSys@@$0BAA@@tl@UModSys@@@tl@UModSys@@KAHPEAU?$TQuantArrayNode@USSourceContext@core@UModSys@@$0BAA@@12@AEBU?$TNodeDeleter@U?$TQuantArrayNode@USSourceContext@core@UModSys@@$0BAA@@tl@UModSys@@USMemAlloc_Malloc@core@3@@12@@Z 00000001400030d0 f i umodsys_lib_basesys:umodsys.basesys.rsystem_main.obj
 0001:000020d0       ??$process_nodes_r@U?$TNodeDeleter@U?$TQuantArrayNode@USUniquePointerInfo@core@UModSys@@$0BAA@@tl@UModSys@@USMemAlloc_Malloc@core@3@@tl@UModSys@@@?$TTreeHoldRB@U?$TQuantArrayNode@USUniquePointerInfo@core@UModSys@@$0BAA@@tl@UModSys@@@tl@UModSys@@KAHPEAU?$TQuantArrayNode@USUniquePointerInfo@core@UModSys@@$0BAA@@12@AEBU?$TNodeDeleter@U?$TQuantArrayNode@USUniquePointerInfo@core@UModSys@@$0BAA@@tl@UModSys@@USMemAlloc_Malloc@core@3@@12@@Z 00000001400030d0 f i umodsys_lib_basesys:umodsys.basesys.rsystem_main.obj
 0001:00002140       ??0EFatal@core@UModSys@@QEAA@AEBU012@@Z 0000000140003140 f i umodsys_lib_basesys:umodsys.basesys.rsystem_main.obj
 0001:00002180       ??0EExceptionBase@core@UModSys@@QEAA@AEBU012@@Z 0000000140003180 f i umodsys_lib_basesys:umodsys.basesys.rsystem_main.obj
 0001:000021c0       ??0EWarning@core@UModSys@@QEAA@AEBU012@@Z 00000001400031c0 f i umodsys_lib_basesys:umodsys.basesys.rsystem_main.obj
 0001:00002200       ??1?$TParametersA@$0EAA@@core@UModSys@@QEAA@XZ 0000000140003200 f i umodsys_lib_basesys:umodsys.basesys.rsystem_tests.obj
 0001:00002220       ??_GRModuleLoader@rsystem@base@UModSys@@UEAAPEAXI@Z 0000000140003220 f i umodsys_lib_basesys:umodsys.basesys.rmoduleloader.obj
 0001:00002220       ??_ERModuleLoader@rsystem@base@UModSys@@UEAAPEAXI@Z 0000000140003220 f i  CIL library: CIL module
 0001:00002250       ??_GIModuleLoader@base@UModSys@@UEAAPEAXI@Z 0000000140003250 f i umodsys_lib_basesys:umodsys.basesys.rmoduleloader.obj
 0001:00002250       ??_EIModuleLoader@base@UModSys@@UEAAPEAXI@Z 0000000140003250 f i  CIL library: CIL module
 0001:00002280       ??1?$TDynarrayDynamic@U?$TRefObject@URModuleLibrarySO@rsystem@base@UModSys@@@tl@UModSys@@U?$TAllocator@USMemAlloc_Malloc@core@UModSys@@USCountCalcPower2@23@@23@@tl@UModSys@@QEAA@XZ 0000000140003280 f i umodsys_lib_basesys:umodsys.basesys.rmoduleloader.obj
 0001:000022e0       ?append@?$TStaticStringPool@DU?$TComparerBinaryHash@D@su@tl@UModSys@@USMemAlloc_Malloc@core@4@@tl@UModSys@@QEAAPEBU?$TString@U?$TSCoreConst@D@su@tl@UModSys@@U?$TComparerBinaryHash@D@234@@23@PEBD_K@Z 00000001400032e0 f i umodsys_lib_basesys:umodsys.basesys.rmoduleloader.obj
 0001:00002560       ?ResizeRel@?$TDynarray@U?$TDynarrayHolderDynamic@U?$TRefObject@URModuleLibrarySO@rsystem@base@UModSys@@@tl@UModSys@@U?$TAllocator@USMemAlloc_Malloc@core@UModSys@@USCountCalcPower2@23@@23@@tl@UModSys@@@tl@UModSys@@QEAA_N_J@Z 0000000140003560 f i umodsys_lib_basesys:umodsys.basesys.rmoduleloader.obj
 0001:00002610       ?items_destruct@?$TDynarray@U?$TDynarrayHolderDynamic@U?$TRefObject@URModuleLibrarySO@rsystem@base@UModSys@@@tl@UModSys@@U?$TAllocator@USMemAlloc_Malloc@core@UModSys@@USCountCalcPower2@23@@23@@tl@UModSys@@@tl@UModSys@@IEAAX_K0@Z 0000000140003610 f i umodsys_lib_basesys:umodsys.basesys.rmoduleloader.obj
 0001:00002680       ?find_s@?$TStaticStringPool@DU?$TComparerBinaryHash@D@su@tl@UModSys@@USMemAlloc_Malloc@core@4@@tl@UModSys@@QEBAPEBU?$TString@U?$TSCoreConst@D@su@tl@UModSys@@U?$TComparerBinaryHash@D@234@@23@AEBU423@@Z 0000000140003680 f i umodsys_lib_basesys:umodsys.basesys.rmoduleloader.obj
 0001:00002720       ?get_interface_info@RModuleLibraryThis@rsystem@base@UModSys@@UEBAAEBUSUniquePointerInfo@core@4@XZ 0000000140003720 f i umodsys_lib_basesys:umodsys.basesys.rmodulelibthis.obj
 0001:00002730       ?get_interface_type@RModuleLibraryThis@rsystem@base@UModSys@@UEBAPEBUSUniquePointerInfo@core@4@XZ 0000000140003730 f i umodsys_lib_basesys:umodsys.basesys.rmodulelibthis.obj
 0001:00002740       ?get_other_interface@RModuleLibraryThis@rsystem@base@UModSys@@UEBAPEBUIRoot@core@4@PEBUSUniquePointerInfo@64@@Z 0000000140003740 f i umodsys_lib_basesys:umodsys.basesys.rmodulelibthis.obj
 0001:00002740       ?get_other_interface@RModuleLibraryThis@rsystem@base@UModSys@@UEAAPEAUIRoot@core@4@PEBUSUniquePointerInfo@64@@Z 0000000140003740 f i umodsys_lib_basesys:umodsys.basesys.rmodulelibthis.obj
 0001:00002780       ?ref_add@RModuleLibraryThis@rsystem@base@UModSys@@UEBAXXZ 0000000140003780 f i umodsys_lib_basesys:umodsys.basesys.rmodulelibthis.obj
 0001:00002790       ?ref_remove@RModuleLibraryThis@rsystem@base@UModSys@@UEBAXXZ 0000000140003790 f i umodsys_lib_basesys:umodsys.basesys.rmodulelibthis.obj
 0001:000027b0       ?ref_links@RModuleLibraryThis@rsystem@base@UModSys@@UEBAHXZ 00000001400037b0 f i umodsys_lib_basesys:umodsys.basesys.rmodulelibthis.obj
 0001:000027c0       ?suicide@RModuleLibraryThis@rsystem@base@UModSys@@UEAAXXZ 00000001400037c0 f i umodsys_lib_basesys:umodsys.basesys.rmodulelibthis.obj
 0001:000027f0       ??_ERModuleLibraryThis@rsystem@base@UModSys@@UEAAPEAXI@Z 00000001400037f0 f i  CIL library: CIL module
 0001:000027f0       ??_GRModuleLibraryThis@rsystem@base@UModSys@@UEAAPEAXI@Z 00000001400037f0 f i umodsys_lib_basesys:umodsys.basesys.rmodulelibthis.obj
 0001:00002810       ??_EIModuleLibraryUni@rsystem@base@UModSys@@UEAAPEAXI@Z 0000000140003810 f i  CIL library: CIL module
 0001:00002810       ??_GIModuleLibraryUni@rsystem@base@UModSys@@UEAAPEAXI@Z 0000000140003810 f i umodsys_lib_basesys:umodsys.basesys.rmodulelib.obj
 0001:00002830       ??_EIModuleLibrary@base@UModSys@@UEAAPEAXI@Z 0000000140003830 f i  CIL library: CIL module
 0001:00002830       ??_GIModuleLibrary@base@UModSys@@UEAAPEAXI@Z 0000000140003830 f i umodsys_lib_basesys:umodsys.basesys.rmodulelib.obj
 0001:00002850       ?ResizeRel@?$TDynarray@U?$TDynarrayHolderDynamic@U?$TRefObject@URModule@rsystem@base@UModSys@@@tl@UModSys@@U?$TAllocator@USMemAlloc_Malloc@core@UModSys@@USCountCalcPower2@23@@23@@tl@UModSys@@@tl@UModSys@@QEAA_N_J@Z 0000000140003850 f i umodsys_lib_basesys:umodsys.basesys.rmodulelib.obj
 0001:00002950       ?ReLink@?$TDynarray@U?$TDynarrayHolderDynamic@U?$TRefObject@URModuleLibrarySO@rsystem@base@UModSys@@@tl@UModSys@@U?$TAllocator@USMemAlloc_Malloc@core@UModSys@@USCountCalcPower2@23@@23@@tl@UModSys@@@tl@UModSys@@IEAA_N_K@Z 0000000140003950 f i umodsys_lib_basesys:umodsys.basesys.rmoduleloader.obj
 0001:00002950       ?ReLink@?$TDynarray@U?$TDynarrayHolderDynamic@U?$TRefObject@URModule@rsystem@base@UModSys@@@tl@UModSys@@U?$TAllocator@USMemAlloc_Malloc@core@UModSys@@USCountCalcPower2@23@@23@@tl@UModSys@@@tl@UModSys@@IEAA_N_K@Z 0000000140003950 f i umodsys_lib_basesys:umodsys.basesys.rmodulelib.obj
 0001:000029c0       ?add@?$TQuantArrayUnique@USUniquePointerInfo@core@UModSys@@$0BAA@USMemAlloc_Malloc@23@@tl@UModSys@@QEAAPEAUSUniquePointerInfo@core@3@AEBU453@@Z 00000001400039c0 f i umodsys_lib_basesys:umodsys.basesys.rsystem.obj
 0001:000029c0       ?add@?$TQuantArrayUnique@USSourceContext@core@UModSys@@$0BAA@USMemAlloc_Malloc@23@@tl@UModSys@@QEAAPEAUSSourceContext@core@3@AEBU453@@Z 00000001400039c0 f i umodsys_lib_basesys:umodsys.basesys.rsystem.obj
 0001:00002b50       ?find@?$TQuantArrayUnique@USUniquePointerInfo@core@UModSys@@$0BAA@USMemAlloc_Malloc@23@@tl@UModSys@@QEAAPEBUSUniquePointerInfo@core@3@AEBU453@@Z 0000000140003b50 f i umodsys_lib_basesys:umodsys.basesys.rsystem.obj
 0001:00002b50       ?find@?$TQuantArrayUnique@USSourceContext@core@UModSys@@$0BAA@USMemAlloc_Malloc@23@@tl@UModSys@@QEAAPEBUSSourceContext@core@3@AEBU453@@Z 0000000140003b50 f i umodsys_lib_basesys:umodsys.basesys.rsystem.obj
 0001:00002c80       ?s_last@?$TQuantArrayUnique@USSourceContext@core@UModSys@@$0BAA@USMemAlloc_Malloc@23@@tl@UModSys@@KAHPEBU?$TQuantArrayNode@USSourceContext@core@UModSys@@$0BAA@@23@0@Z 0000000140003c80 f i umodsys_lib_basesys:umodsys.basesys.rsystem.obj
 0001:00002c80       ?s_last@?$TQuantArrayUnique@USUniquePointerInfo@core@UModSys@@$0BAA@USMemAlloc_Malloc@23@@tl@UModSys@@KAHPEBU?$TQuantArrayNode@USUniquePointerInfo@core@UModSys@@$0BAA@@23@0@Z 0000000140003c80 f i umodsys_lib_basesys:umodsys.basesys.rsystem.obj
 0001:00002c90       ??$insert_node_m@P6AHPEBU?$TQuantArrayNode@USUniquePointerInfo@core@UModSys@@$0BAA@@tl@UModSys@@0@Z@?$TTreeHoldRB@U?$TQuantArrayNode@USUniquePointerInfo@core@UModSys@@$0BAA@@tl@UModSys@@@tl@UModSys@@QEAAPEAU?$TQuantArrayNode@USUniquePointerInfo@core@UModSys@@$0BAA@@12@PEAU312@P6AHPEBU312@1@Z@Z 0000000140003c90 f i umodsys_lib_basesys:umodsys.basesys.rsystem.obj
 0001:00002c90       ??$insert_node_m@P6AHPEBU?$TQuantArrayNode@USSourceContext@core@UModSys@@$0BAA@@tl@UModSys@@0@Z@?$TTreeHoldRB@U?$TQuantArrayNode@USSourceContext@core@UModSys@@$0BAA@@tl@UModSys@@@tl@UModSys@@QEAAPEAU?$TQuantArrayNode@USSourceContext@core@UModSys@@$0BAA@@12@PEAU312@P6AHPEBU312@1@Z@Z 0000000140003c90 f i umodsys_lib_basesys:umodsys.basesys.rsystem.obj
 0001:00002d40       ?insert_color@?$TTreeHoldRB@U?$TQuantArrayNode@USSourceContext@core@UModSys@@$0BAA@@tl@UModSys@@@tl@UModSys@@IEAAXPEAU?$TQuantArrayNode@USSourceContext@core@UModSys@@$0BAA@@23@@Z 0000000140003d40 f i umodsys_lib_basesys:umodsys.basesys.rsystem.obj
 0001:00002d40       ?insert_color@?$TTreeHoldRB@U?$TQuantArrayNode@USUniquePointerInfo@core@UModSys@@$0BAA@@tl@UModSys@@@tl@UModSys@@IEAAXPEAU?$TQuantArrayNode@USUniquePointerInfo@core@UModSys@@$0BAA@@23@@Z 0000000140003d40 f i umodsys_lib_basesys:umodsys.basesys.rsystem.obj
 0001:00002ef0       ?get_interface_info@RParameters@rsystem@base@UModSys@@UEBAAEBUSUniquePointerInfo@core@4@XZ 0000000140003ef0 f i umodsys_lib_basesys:umodsys.basesys.rparameters.obj
 0001:00002f00       ?get_interface_type@RParameters@rsystem@base@UModSys@@UEBAPEBUSUniquePointerInfo@core@4@XZ 0000000140003f00 f i umodsys_lib_basesys:umodsys.basesys.rparameters.obj
 0001:00002f10       ?get_other_interface@RParameters@rsystem@base@UModSys@@UEAAPEAUIRoot@core@4@PEBUSUniquePointerInfo@64@@Z 0000000140003f10 f i umodsys_lib_basesys:umodsys.basesys.rparameters.obj
 0001:00002f10       ?get_other_interface@RParameters@rsystem@base@UModSys@@UEBAPEBUIRoot@core@4@PEBUSUniquePointerInfo@64@@Z 0000000140003f10 f i umodsys_lib_basesys:umodsys.basesys.rparameters.obj
 0001:00002f40       ?ref_add@RParameters@rsystem@base@UModSys@@UEBAXXZ 0000000140003f40 f i umodsys_lib_basesys:umodsys.basesys.rparameters.obj
 0001:00002f50       ?ref_remove@RParameters@rsystem@base@UModSys@@UEBAXXZ 0000000140003f50 f i umodsys_lib_basesys:umodsys.basesys.rparameters.obj
 0001:00002f70       ?ref_links@RParameters@rsystem@base@UModSys@@UEBAHXZ 0000000140003f70 f i umodsys_lib_basesys:umodsys.basesys.rparameters.obj
 0001:00002f80       ?suicide@RParameters@rsystem@base@UModSys@@UEAAXXZ 0000000140003f80 f i umodsys_lib_basesys:umodsys.basesys.rparameters.obj
 0001:00002fb0       ??_ERParameters@rsystem@base@UModSys@@UEAAPEAXI@Z 0000000140003fb0 f i  CIL library: CIL module
 0001:00002fb0       ??_GRParameters@rsystem@base@UModSys@@UEAAPEAXI@Z 0000000140003fb0 f i umodsys_lib_basesys:umodsys.basesys.rparameters.obj
 0001:00002fd0       ??$shash@D@su@tl@UModSys@@YAHPEBD@Z 0000000140003fd0 f i umodsys_lib_basesys:umodsys.basesys.rparameters.obj
 0001:00003000       ?get_interface_info@RModule@rsystem@base@UModSys@@UEBAAEBUSUniquePointerInfo@core@4@XZ 0000000140004000 f i umodsys_lib_basesys:umodsys.basesys.rmodule.obj
 0001:00003010       ?get_interface_type@RModule@rsystem@base@UModSys@@UEBAPEBUSUniquePointerInfo@core@4@XZ 0000000140004010 f i umodsys_lib_basesys:umodsys.basesys.rmodule.obj
 0001:00003020       ?get_other_interface@RModule@rsystem@base@UModSys@@UEBAPEBUIRoot@core@4@PEBUSUniquePointerInfo@64@@Z 0000000140004020 f i umodsys_lib_basesys:umodsys.basesys.rmodule.obj
 0001:00003020       ?get_other_interface@RModule@rsystem@base@UModSys@@UEAAPEAUIRoot@core@4@PEBUSUniquePointerInfo@64@@Z 0000000140004020 f i umodsys_lib_basesys:umodsys.basesys.rmodule.obj
 0001:00003050       ?ref_add@RModule@rsystem@base@UModSys@@UEBAXXZ 0000000140004050 f i umodsys_lib_basesys:umodsys.basesys.rmodule.obj
 0001:00003060       ?ref_remove@RModule@rsystem@base@UModSys@@UEBAXXZ 0000000140004060 f i umodsys_lib_basesys:umodsys.basesys.rmodule.obj
 0001:00003080       ?ref_links@RModule@rsystem@base@UModSys@@UEBAHXZ 0000000140004080 f i umodsys_lib_basesys:umodsys.basesys.rmodule.obj
 0001:00003090       ?suicide@RModule@rsystem@base@UModSys@@UEAAXXZ 0000000140004090 f i umodsys_lib_basesys:umodsys.basesys.rmodule.obj
 0001:000030f0       ??_GRModule@rsystem@base@UModSys@@UEAAPEAXI@Z 00000001400040f0 f i umodsys_lib_basesys:umodsys.basesys.rmodule.obj
 0001:000030f0       ??_ERModule@rsystem@base@UModSys@@UEAAPEAXI@Z 00000001400040f0 f i  CIL library: CIL module
 0001:00003110       ??_GIModule@base@UModSys@@UEAAPEAXI@Z 0000000140004110 f i umodsys_lib_basesys:umodsys.basesys.rmodule.obj
 0001:00003110       ??_EIModule@base@UModSys@@UEAAPEAXI@Z 0000000140004110 f i  CIL library: CIL module
 0001:00003130       ??1?$TDynarrayDynamic@UModuleObjInfo@RModule@rsystem@base@UModSys@@U?$TAllocator@USMemAlloc_Malloc@core@UModSys@@USCountCalcPower2@23@@tl@5@@tl@UModSys@@QEAA@XZ 0000000140004130 f i umodsys_lib_basesys:umodsys.basesys.rmodule.obj
 0001:00003190       ?Push@?$TDynarray@U?$TDynarrayHolderDynamic@UModuleObjInfo@RModule@rsystem@base@UModSys@@U?$TAllocator@USMemAlloc_Malloc@core@UModSys@@USCountCalcPower2@23@@tl@5@@tl@UModSys@@@tl@UModSys@@QEAA_NXZ 0000000140004190 f i umodsys_lib_basesys:umodsys.basesys.rmodule.obj
 0001:00003250       ??1?$TDynarrayDynamic@UGeneratedObjInfo@RModule@rsystem@base@UModSys@@U?$TAllocator@USMemAlloc_Malloc@core@UModSys@@USCountCalcPower2@23@@tl@5@@tl@UModSys@@QEAA@XZ 0000000140004250 f i umodsys_lib_basesys:umodsys.basesys.rmodule.obj
 0001:000032b0       ??1?$TDynarrayDynamic@PEBUSUniquePointerInfo@core@UModSys@@U?$TAllocator@USMemAlloc_Malloc@core@UModSys@@USCountCalcPower2@23@@tl@3@@tl@UModSys@@QEAA@XZ 00000001400042b0 f i umodsys_lib_basesys:umodsys.basesys.rmodule.obj
 0001:00003310       ?ResizeRel@?$TDynarray@U?$TDynarrayHolderDynamic@UModuleObjInfo@RModule@rsystem@base@UModSys@@U?$TAllocator@USMemAlloc_Malloc@core@UModSys@@USCountCalcPower2@23@@tl@5@@tl@UModSys@@@tl@UModSys@@QEAA_N_J@Z 0000000140004310 f i umodsys_lib_basesys:umodsys.basesys.rmodule.obj
 0001:00003400       ?ResizeRel@?$TDynarray@U?$TDynarrayHolderDynamic@UGeneratedObjInfo@RModule@rsystem@base@UModSys@@U?$TAllocator@USMemAlloc_Malloc@core@UModSys@@USCountCalcPower2@23@@tl@5@@tl@UModSys@@@tl@UModSys@@QEAA_N_J@Z 0000000140004400 f i umodsys_lib_basesys:umodsys.basesys.rmodule.obj
 0001:000034f0       ?ResizeRel@?$TDynarray@U?$TDynarrayHolderDynamic@PEBUSUniquePointerInfo@core@UModSys@@U?$TAllocator@USMemAlloc_Malloc@core@UModSys@@USCountCalcPower2@23@@tl@3@@tl@UModSys@@@tl@UModSys@@QEAA_N_J@Z 00000001400044f0 f i umodsys_lib_basesys:umodsys.basesys.rmodule.obj
 0001:000035b0       ??$wildcmp@D@su@tl@UModSys@@YA_NPEBD0@Z 00000001400045b0 f i umodsys_lib_basesys:umodsys.basesys.rmodule.obj
 0001:00003650       ?get_interface_info@RModuleLibrarySO@rsystem@base@UModSys@@UEBAAEBUSUniquePointerInfo@core@4@XZ 0000000140004650 f i umodsys_lib_basesys:umodsys.basesys.rmodulelibso.obj
 0001:00003660       ?get_interface_type@RModuleLibrarySO@rsystem@base@UModSys@@UEBAPEBUSUniquePointerInfo@core@4@XZ 0000000140004660 f i umodsys_lib_basesys:umodsys.basesys.rmodulelibso.obj
 0001:00003670       ?get_other_interface@RModuleLibrarySO@rsystem@base@UModSys@@UEAAPEAUIRoot@core@4@PEBUSUniquePointerInfo@64@@Z 0000000140004670 f i umodsys_lib_basesys:umodsys.basesys.rmodulelibso.obj
 0001:00003670       ?get_other_interface@RModuleLibrarySO@rsystem@base@UModSys@@UEBAPEBUIRoot@core@4@PEBUSUniquePointerInfo@64@@Z 0000000140004670 f i umodsys_lib_basesys:umodsys.basesys.rmodulelibso.obj
 0001:000036b0       ?ref_add@RModuleLibrarySO@rsystem@base@UModSys@@UEBAXXZ 00000001400046b0 f i umodsys_lib_basesys:umodsys.basesys.rmodulelibso.obj
 0001:000036c0       ?ref_remove@RModuleLibrarySO@rsystem@base@UModSys@@UEBAXXZ 00000001400046c0 f i umodsys_lib_basesys:umodsys.basesys.rmodulelibso.obj
 0001:000036e0       ?ref_links@RModuleLibrarySO@rsystem@base@UModSys@@UEBAHXZ 00000001400046e0 f i umodsys_lib_basesys:umodsys.basesys.rmodulelibso.obj
 0001:000036f0       ?suicide@RModuleLibrarySO@rsystem@base@UModSys@@UEAAXXZ 00000001400046f0 f i umodsys_lib_basesys:umodsys.basesys.rmodulelibso.obj
 0001:00003720       ??_ERModuleLibrarySO@rsystem@base@UModSys@@UEAAPEAXI@Z 0000000140004720 f i  CIL library: CIL module
 0001:00003720       ??_GRModuleLibrarySO@rsystem@base@UModSys@@UEAAPEAXI@Z 0000000140004720 f i umodsys_lib_basesys:umodsys.basesys.rmodulelibso.obj
 0001:00003740       ?info_new@?$TSCoreShared@USMemAlloc_Malloc@core@UModSys@@D@su@tl@UModSys@@QEAA_NPEBD_K@Z 0000000140004740 f i umodsys_lib_basesys:umodsys.basesys.rmodulelibso.obj
 0001:000037f0       ?Push@?$TDynarray@U?$TDynarrayHolderDynamic@U?$TRefObject@URModuleLibrarySO@rsystem@base@UModSys@@@tl@UModSys@@U?$TAllocator@USMemAlloc_Malloc@core@UModSys@@USCountCalcPower2@23@@23@@tl@UModSys@@@tl@UModSys@@QEAA_NAEBU?$TRefObject@URModuleLibrarySO@rsystem@base@UModSys@@@23@@Z 00000001400047f0 f i umodsys_lib_basesys:umodsys.basesys.rmodulelibso.obj
 0001:000038b0       ??_GRModuleLibraryReg_Chain@base@UModSys@@UEAAPEAXI@Z 00000001400048b0 f i umodsys_lib_base:umodsys.base.moduleregchain.obj
 0001:000038b0       ??_ERModuleLibraryReg_Chain@base@UModSys@@UEAAPEAXI@Z 00000001400048b0 f i  CIL library: CIL module
 0001:000038e0       ??_GIModuleReg@base@UModSys@@UEAAPEAXI@Z 00000001400048e0 f i umodsys_lib_base:umodsys.base.modulereg.obj
 0001:000038e0       ??_EIModuleReg@base@UModSys@@UEAAPEAXI@Z 00000001400048e0 f i  CIL library: CIL module
 0001:00003910       ??_EIModuleLibraryReg@base@UModSys@@UEAAPEAXI@Z 0000000140004910 f i  CIL library: CIL module
 0001:00003910       ??_GIModuleLibraryReg@base@UModSys@@UEAAPEAXI@Z 0000000140004910 f i umodsys_lib_base:umodsys.base.modulereg.obj
 0001:00003940       ?Find@?$TSet@U?$TArray@PEBUSUniquePointerInfo@core@UModSys@@@tl@UModSys@@U?$TScalarCompare@PEBUSUniquePointerInfo@core@UModSys@@@core@3@@tl@UModSys@@QEBAPEBQEBUSUniquePointerInfo@core@3@AEBQEBU453@@Z 0000000140004940 f i umodsys_lib_core:umodsys.core.uniqueptrlist.obj
 0001:000039dc       _onexit                    00000001400049dc f   MSVCRT:atonexit.obj
 0001:00003a8c       atexit                     0000000140004a8c f   MSVCRT:atonexit.obj
 0001:00003d74       mainCRTStartup             0000000140004d74 f   MSVCRT:crtexe.obj
 0001:00003d86       _purecall                  0000000140004d86 f   MSVCRT:MSVCR90.dll
 0001:00003d8c       ??3@YAXPEAX@Z              0000000140004d8c f   MSVCRT:MSVCR90.dll
 0001:00003d94       ??_Etype_info@@UEAAPEAXI@Z 0000000140004d94 f i MSVCRT:ti_inst.obj
 0001:00003dfe       __C_specific_handler       0000000140004dfe f   MSVCRT:MSVCR90.dll
 0001:00003e04       _unlock                    0000000140004e04 f   MSVCRT:MSVCR90.dll
 0001:00003e0a       __dllonexit                0000000140004e0a f   MSVCRT:MSVCR90.dll
 0001:00003e10       _lock                      0000000140004e10 f   MSVCRT:MSVCR90.dll
 0001:00003e18       ?__CxxUnhandledExceptionFilter@@YAJPEAU_EXCEPTION_POINTERS@@@Z 0000000140004e18 f   MSVCRT:unhandld.obj
 0001:00003e5c       __CxxSetUnhandledExceptionFilter 0000000140004e5c f   MSVCRT:unhandld.obj
 0001:00003e74       _amsg_exit                 0000000140004e74 f   MSVCRT:MSVCR90.dll
 0001:00003e7c       _RTC_Initialize            0000000140004e7c f   MSVCRT:_initsect_.obj
 0001:00003eb4       _RTC_Terminate             0000000140004eb4 f   MSVCRT:_initsect_.obj
 0001:00003eec       _XcptFilter                0000000140004eec f   MSVCRT:MSVCR90.dll
 0001:00003f00       _ValidateImageBase         0000000140004f00 f   MSVCRT:pesect.obj
 0001:00003f30       _FindPESection             0000000140004f30 f   MSVCRT:pesect.obj
 0001:00003f80       _IsNonwritableInCurrentImage 0000000140004f80 f   MSVCRT:pesect.obj
 0001:00003fc2       _initterm                  0000000140004fc2 f   MSVCRT:MSVCR90.dll
 0001:00003fc8       _initterm_e                0000000140004fc8 f   MSVCRT:MSVCR90.dll
 0001:00003fd0       _setargv                   0000000140004fd0 f   MSVCRT:dllargv.obj
 0001:00003fd0       _matherr                   0000000140004fd0 f   MSVCRT:merr.obj
 0001:00003fd4       __security_init_cookie     0000000140004fd4 f   MSVCRT:gs_support.obj
 0001:00004088       ?__ArrayUnwind@@YAXPEAX_KHP6AX0@Z@Z 0000000140005088 f   MSVCRT:ehvecdtr.obj
 0001:000040d4       ??_M@YAXPEAX_KHP6AX0@Z@Z   00000001400050d4 f   MSVCRT:ehvecdtr.obj
 0001:00004132       ?terminate@@YAXXZ          0000000140005132 f   MSVCRT:MSVCR90.dll
 0001:00004138       ?_type_info_dtor_internal_method@type_info@@QEAAXXZ 0000000140005138 f   MSVCRT:MSVCR90.dll
 0001:00004138       ??1type_info@@UEAA@XZ      0000000140005138 f   MSVCRT:MSVCR90.dll
 0001:00004140       ?gracial_convert@syshlp@core@UModSys@@YA_NPEADHPEB_WH@Z 0000000140005140 f   umodsys_lib_core:umodsys.core.syshlp_charcode.win32.obj
 0001:000041a0       ?gracial_convert@syshlp@core@UModSys@@YA_NPEA_WHPEBDH@Z 00000001400051a0 f   umodsys_lib_core:umodsys.core.syshlp_charcode.win32.obj
 0001:000041f0       ?path_uni_os@syshlp@core@UModSys@@YAXPEA_W@Z 00000001400051f0 f   umodsys_lib_core:umodsys.core.syshlp_chars.win32.obj
 0001:00004220       ?path_os_uni@syshlp@core@UModSys@@YAXPEAD@Z 0000000140005220 f   umodsys_lib_core:umodsys.core.syshlp_chars.win32.obj
 0001:00004240       ?safe_vsnprintf@syshlp@core@UModSys@@YA_KPEAD_KPEBD0@Z 0000000140005240 f   umodsys_lib_core:umodsys.core.syshlp_chars.win32.obj
 0001:00004280       ?gracial_cpy@syshlp@core@UModSys@@YA_NPEA_WHQEAPEB_WH@Z 0000000140005280 f   umodsys_lib_core:umodsys.core.syshlp_chars.win32.obj
 0001:00004370       ?gracial_cpy@syshlp@core@UModSys@@YA_NPEADHQEAPEBDH@Z 0000000140005370 f   umodsys_lib_core:umodsys.core.syshlp_chars.win32.obj
 0001:00004450       ?suicide@IRoot@core@UModSys@@UEAAXXZ 0000000140005450 f   umodsys_lib_core:umodsys.core.objects.obj
 0001:00004460       ??1IRoot@core@UModSys@@UEAA@XZ 0000000140005460 f   umodsys_lib_core:umodsys.core.objects.obj
 0001:00004480       ??1IRefObject@core@UModSys@@UEAA@XZ 0000000140005480 f   umodsys_lib_core:umodsys.core.objects.obj
 0001:000044a0       ??3IRoot@core@UModSys@@SAXPEAXAEBUSIMemAlloc@12@@Z 00000001400054a0 f   umodsys_lib_core:umodsys.core.objects.obj
 0001:000044c0       ??2IRoot@core@UModSys@@SAPEAX_KAEBUSIMemAlloc@12@@Z 00000001400054c0 f   umodsys_lib_core:umodsys.core.objects.obj
 0001:000044e0       ?restore_console@syshlp@core@UModSys@@YAXXZ 00000001400054e0 f   umodsys_lib_core:umodsys.core.syshlp_files.win32.obj
 0001:00004510       ?setup_console@syshlp@core@UModSys@@YAXXZ 0000000140005510 f   umodsys_lib_core:umodsys.core.syshlp_files.win32.obj
 0001:00004550       ?c_fopen@syshlp@core@UModSys@@YAPEAU_iobuf@@PEBD0@Z 0000000140005550 f   umodsys_lib_core:umodsys.core.syshlp_files.win32.obj
 0001:00004610       ?c_fendtemp@syshlp@core@UModSys@@YA_NAEAPEAU_iobuf@@AEAPEAD_N@Z 0000000140005610 f   umodsys_lib_core:umodsys.core.syshlp_files.win32.obj
 0001:00004710       ?c_fopentemp@syshlp@core@UModSys@@YAPEAU_iobuf@@AEAPEADPEBD@Z 0000000140005710 f   umodsys_lib_core:umodsys.core.syshlp_files.win32.obj
 0001:000047f0       ?lost@core@UModSys@@YAEPEBX@Z 00000001400057f0 f   umodsys_lib_core:umodsys.core.stdtypedefs.obj
 0001:00004800       ?s_unresolve@SUniquePointer@core@UModSys@@SAXPEAUIUniquePointerResolver@23@@Z 0000000140005800 f   umodsys_lib_core:umodsys.core.uniqueptr.obj
 0001:00004870       ?s_resolve@SUniquePointer@core@UModSys@@SAXPEAUIUniquePointerResolver@23@@Z 0000000140005870 f   umodsys_lib_core:umodsys.core.uniqueptr.obj
 0001:000048f0       ??1SUniquePointer@core@UModSys@@QEAA@XZ 00000001400058f0 f   umodsys_lib_core:umodsys.core.uniqueptr.obj
 0001:00004920       ??0SUniquePointer@core@UModSys@@QEAA@H@Z 0000000140005920 f   umodsys_lib_core:umodsys.core.uniqueptr.obj
 0001:00004950       ??0SUniquePointer@core@UModSys@@QEAA@PEBD0H@Z 0000000140005950 f   umodsys_lib_core:umodsys.core.uniqueptr.obj
 0001:000049a0       ??1SModuleInfo@base@UModSys@@QEAA@XZ 00000001400059a0 f   umodsys_lib_base:umodsys.base.moduleinfo.obj
 0001:000049b0       ??0SModuleInfo@base@UModSys@@QEAA@XZ 00000001400059b0 f   umodsys_lib_base:umodsys.base.moduleinfo.obj
 0001:000049e0       ??1IModuleLoader@base@UModSys@@UEAA@XZ 00000001400059e0 f   umodsys_lib_base:umodsys.base.moduleloader.obj
 0001:000049f0       ??1SDebug@base@UModSys@@QEAA@XZ 00000001400059f0 f   umodsys_lib_base:umodsys.base.debug.obj
 0001:00004a20       ??0SDebug@base@UModSys@@QEAA@PEAUIConsole@12@I@Z 0000000140005a20 f   umodsys_lib_base:umodsys.base.debug.obj
 0001:00004a40       ??1ISystem@base@UModSys@@UEAA@XZ 0000000140005a40 f   umodsys_lib_base:umodsys.base.system.obj
 0001:00004a50       ??1IModuleLibraryReg@base@UModSys@@UEAA@XZ 0000000140005a50 f   umodsys_lib_base:umodsys.base.modulereg.obj
 0001:00004a70       ??0IModuleLibraryReg@base@UModSys@@QEAA@XZ 0000000140005a70 f   umodsys_lib_base:umodsys.base.modulereg.obj
 0001:00004a90       ?mr_close@IModuleReg@base@UModSys@@UEAA_NXZ 0000000140005a90 f   umodsys_lib_base:umodsys.base.modulereg.obj
 0001:00004ab0       ?mr_open@IModuleReg@base@UModSys@@UEAA_NXZ 0000000140005ab0 f   umodsys_lib_base:umodsys.base.modulereg.obj
 0001:00004ae0       ?mr_isopen@IModuleReg@base@UModSys@@UEBA_NXZ 0000000140005ae0 f   umodsys_lib_base:umodsys.base.modulereg.obj
 0001:00004af0       ??1IModuleReg@base@UModSys@@UEAA@XZ 0000000140005af0 f   umodsys_lib_base:umodsys.base.modulereg.obj
 0001:00004b10       ??0IModuleReg@base@UModSys@@QEAA@XZ 0000000140005b10 f   umodsys_lib_base:umodsys.base.modulereg.obj
 0001:00004b50       UModSys_Plugin_Entry2      0000000140005b50 f   umodsys_lib_base:umodsys.so_main.win32.obj
 0001:00004b60       ??1RModuleLibraryReg_Chain@base@UModSys@@UEAA@XZ 0000000140005b60 f   umodsys_lib_base:umodsys.base.moduleregchain.obj
 0001:00004b80       ??0RModuleLibraryReg_Chain@base@UModSys@@QEAA@XZ 0000000140005b80 f   umodsys_lib_base:umodsys.base.moduleregchain.obj
 0001:00004bb0       ?s_get@SModuleRegChain@base@UModSys@@SAPEAUIModuleReg@23@_K@Z 0000000140005bb0 f   umodsys_lib_base:umodsys.base.moduleregchain.obj
 0001:00004bf0       ??1SModuleRegChain@base@UModSys@@QEAA@XZ 0000000140005bf0 f   umodsys_lib_base:umodsys.base.moduleregchain.obj
 0001:00004c20       ??0SModuleRegChain@base@UModSys@@QEAA@AEAUIModuleReg@12@@Z 0000000140005c20 f   umodsys_lib_base:umodsys.base.moduleregchain.obj
 0001:00004c70       ?mlr_isopen@RModuleLibraryReg_Chain@base@UModSys@@UEBA_NXZ 0000000140005c70 f   umodsys_lib_base:umodsys.base.moduleregchain.obj
 0001:00004c90       ?mlr_close@RModuleLibraryReg_Chain@base@UModSys@@UEAA_NXZ 0000000140005c90 f   umodsys_lib_base:umodsys.base.moduleregchain.obj
 0001:00004cd0       ?mlr_open@RModuleLibraryReg_Chain@base@UModSys@@UEAA_NPEAUISystem@23@PEAUIMemAlloc@core@3@@Z 0000000140005cd0 f   umodsys_lib_base:umodsys.base.moduleregchain.obj
 0001:00004d10       ?mlr_get@RModuleLibraryReg_Chain@base@UModSys@@UEBAPEAUIModuleReg@23@_K@Z 0000000140005d10 f   umodsys_lib_base:umodsys.base.moduleregchain.obj
 0001:00004d20       ?mlr_count@RModuleLibraryReg_Chain@base@UModSys@@UEBA_KXZ 0000000140005d20 f   umodsys_lib_base:umodsys.base.moduleregchain.obj
 0001:00004d60       ??0SModuleRegChain@base@UModSys@@QEAA@H@Z 0000000140005d60 f   umodsys_lib_base:umodsys.base.moduleregchain.obj
 0001:00004d80       ?Link@SModuleContext@base@UModSys@@QEAAXPEAUISystem@23@PEAUIMemAlloc@core@3@@Z 0000000140005d80 f   umodsys_lib_base:umodsys.base.modulecontext.obj
 0001:00004de0       ??1SModuleContext@base@UModSys@@QEAA@XZ 0000000140005de0 f   umodsys_lib_base:umodsys.base.modulecontext.obj
 0001:00004df0       ?get_paramworker@SParameters@core@UModSys@@KAPEAUIParameters@23@XZ 0000000140005df0 f   umodsys_lib_base:umodsys.base.modulecontext.obj
 0001:00004e10       ?local_memory@UModSys@@YAAEBUSIMemAlloc@core@1@XZ 0000000140005e10 f   umodsys_lib_base:umodsys.base.modulecontext.obj
 0001:00004e20       ??0SModuleContext@base@UModSys@@QEAA@XZ 0000000140005e20 f   umodsys_lib_base:umodsys.base.modulecontext.obj
 0001:00004e40       ?uni_close@RModuleLibrarySO@rsystem@base@UModSys@@UEAA_NXZ 0000000140005e40 f   umodsys_lib_basesys:umodsys.basesys.rmodulelibso.obj
 0001:00004e60       ?uni_open@RModuleLibrarySO@rsystem@base@UModSys@@UEAA_NXZ 0000000140005e60 f   umodsys_lib_basesys:umodsys.basesys.rmodulelibso.obj
 0001:00004eb0       ?s_find_dup@RModuleLibrarySO@rsystem@base@UModSys@@SA_KAEBU?$TDynarrayDynamic@U?$TRefObject@URModuleLibrarySO@rsystem@base@UModSys@@@tl@UModSys@@U?$TAllocator@USMemAlloc_Malloc@core@UModSys@@USCountCalcPower2@23@@23@@tl@4@PEAUIModuleLibraryReg@34@@Z 0000000140005eb0 f   umodsys_lib_basesys:umodsys.basesys.rmodulelibso.obj
 0001:00004ef0       ??0RModuleLibrarySO@rsystem@base@UModSys@@QEAA@PEAUISystem@23@PEAUPFD_Data@0123@PEAUIModuleLibraryReg@23@@Z 0000000140005ef0 f   umodsys_lib_basesys:umodsys.basesys.rmodulelibso.obj
 0001:00004f50       ??1RModuleLibrarySO@rsystem@base@UModSys@@UEAA@XZ 0000000140005f50 f   umodsys_lib_basesys:umodsys.basesys.rmodulelibso.obj
 0001:00004fa0       ?uni_unload@RModuleLibrarySO@rsystem@base@UModSys@@UEAA_NXZ 0000000140005fa0 f   umodsys_lib_basesys:umodsys.basesys.rmodulelibso.obj
 0001:00004fb0       ?uni_load@RModuleLibrarySO@rsystem@base@UModSys@@UEAA_NXZ 0000000140005fb0 f   umodsys_lib_basesys:umodsys.basesys.rmodulelibso.obj
 0001:00005000       ?s_add@RModuleLibrarySO@rsystem@base@UModSys@@SA_NPEAUISystem@34@AEAU?$TDynarrayDynamic@U?$TRefObject@URModuleLibrarySO@rsystem@base@UModSys@@@tl@UModSys@@U?$TAllocator@USMemAlloc_Malloc@core@UModSys@@USCountCalcPower2@23@@23@@tl@4@PEBD@Z 0000000140006000 f   umodsys_lib_basesys:umodsys.basesys.rmodulelibso.obj
 0001:000051c0       ?scan@RModule@rsystem@base@UModSys@@QEAA_NXZ 00000001400061c0 f   umodsys_lib_basesys:umodsys.basesys.rmodule.obj
 0001:00005200       ?mod_findobjname@RModule@rsystem@base@UModSys@@UEAA_KPEBUSUniquePointerInfo@core@4@QEAPEBU564@_KPEBD@Z 0000000140006200 f   umodsys_lib_basesys:umodsys.basesys.rmodule.obj
 0001:000053a0       ?is_open@RModule@rsystem@base@UModSys@@UEBA_NXZ 00000001400063a0 f   umodsys_lib_basesys:umodsys.basesys.rmodule.obj
 0001:000053d0       ?get_info@RModule@rsystem@base@UModSys@@UEBAAEBUSModuleInfo@34@XZ 00000001400063d0 f   umodsys_lib_basesys:umodsys.basesys.rmodule.obj
 0001:000053e0       ?get_library@RModule@rsystem@base@UModSys@@UEBAPEAUIModuleLibrary@34@XZ 00000001400063e0 f   umodsys_lib_basesys:umodsys.basesys.rmodule.obj
 0001:000053f0       ??1RModule@rsystem@base@UModSys@@UEAA@XZ 00000001400063f0 f   umodsys_lib_basesys:umodsys.basesys.rmodule.obj
 0001:00005520       ?unreg_obj@RModule@rsystem@base@UModSys@@QEAA_NPEAUIModObject@34@@Z 0000000140006520 f   umodsys_lib_basesys:umodsys.basesys.rmodule.obj
 0001:00005650       ?reg_generator@RModule@rsystem@base@UModSys@@QEAA_NPEAUModuleObjInfo@1234@PEAUIGenerator@34@@Z 0000000140006650 f   umodsys_lib_basesys:umodsys.basesys.rmodule.obj
 0001:00005890       ?save_db@RModule@rsystem@base@UModSys@@QEAA_NPEAU_iobuf@@@Z 0000000140006890 f   umodsys_lib_basesys:umodsys.basesys.rmodule.obj
 0001:00005af0       ?alloc_minfo@RModule@rsystem@base@UModSys@@QEAA_NAEBUSModuleInfo@34@@Z 0000000140006af0 f   umodsys_lib_basesys:umodsys.basesys.rmodule.obj
 0001:00005bc0       ?reg_obj@RModule@rsystem@base@UModSys@@QEAAPEAUModuleObjInfo@1234@PEAUIModObject@34@@Z 0000000140006bc0 f   umodsys_lib_basesys:umodsys.basesys.rmodule.obj
 0001:00005d60       ?mod_generate@RModule@rsystem@base@UModSys@@UEAA_NAEAU?$TRefObject@UIRefObject@core@UModSys@@@tl@4@PEBUSUniquePointerInfo@core@4@AEBUSParameters@84@@Z 0000000140006d60 f   umodsys_lib_basesys:umodsys.basesys.rmodule.obj
 0001:00005ed0       ?reg@RModule@rsystem@base@UModSys@@UEAA_NPEAUIGenerator@34@_N@Z 0000000140006ed0 f   umodsys_lib_basesys:umodsys.basesys.rmodule.obj
 0001:00005f40       ?reg@RModule@rsystem@base@UModSys@@UEAA_NPEAUIModObject@34@_N@Z 0000000140006f40 f   umodsys_lib_basesys:umodsys.basesys.rmodule.obj
 0001:00005f70       ?close@RModule@rsystem@base@UModSys@@UEAA_NXZ 0000000140006f70 f   umodsys_lib_basesys:umodsys.basesys.rmodule.obj
 0001:00005fe0       ?open@RModule@rsystem@base@UModSys@@UEAA_NXZ 0000000140006fe0 f   umodsys_lib_basesys:umodsys.basesys.rmodule.obj
 0001:00006070       ??0RModule@rsystem@base@UModSys@@QEAA@PEAUIModuleLibraryUni@123@PEAUIModuleReg@23@@Z 0000000140007070 f   umodsys_lib_basesys:umodsys.basesys.rmodule.obj
 0001:00006130       ?pfd_init@RModuleLibrarySO@rsystem@base@UModSys@@SA_NPEAUPFD_Data@1234@@Z 0000000140007130 f   umodsys_lib_basesys:umodsys.basesys.rmodule.win32.obj
 0001:00006210       ?pfd_init@RModuleLibrarySO@rsystem@base@UModSys@@SA_NPEAUPFD_Data@1234@0@Z 0000000140007210 f   umodsys_lib_basesys:umodsys.basesys.rmodule.win32.obj
 0001:00006240       ?pfd_unload@RModuleLibrarySO@rsystem@base@UModSys@@SA_NPEAUPFD_Data@1234@@Z 0000000140007240 f   umodsys_lib_basesys:umodsys.basesys.rmodule.win32.obj
 0001:000062a0       ?pfd_load@RModuleLibrarySO@rsystem@base@UModSys@@SAPEAUIModuleLibraryReg@34@PEAUPFD_Data@1234@AEBU?$TString@U?$TSCoreConst@D@su@tl@UModSys@@U?$TComparerBinaryHash@D@234@@tl@4@@Z 00000001400072a0 f   umodsys_lib_basesys:umodsys.basesys.rmodule.win32.obj
 0001:00006760       ?pfd_scan@RModuleLibrarySO@rsystem@base@UModSys@@SA_KPEAUISystem@34@AEAU?$TDynarrayDynamic@U?$TRefObject@URModuleLibrarySO@rsystem@base@UModSys@@@tl@UModSys@@U?$TAllocator@USMemAlloc_Malloc@core@UModSys@@USCountCalcPower2@23@@23@@tl@4@AEBU?$TString@U?$TSCoreConst@D@su@tl@UModSys@@U?$TComparerBinaryHash@D@234@@74@@Z 0000000140007760 f   umodsys_lib_basesys:umodsys.basesys.rmodule.win32.obj
 0001:00006890       ?estimate_size@RParameters@rsystem@base@UModSys@@IEAAHAEAUElem@1234@HPEBDHH@Z 0000000140007890 f   umodsys_lib_basesys:umodsys.basesys.rparameters.obj
 0001:00006920       ?p_init_s@RParameters@rsystem@base@UModSys@@UEAAXPEAUSParametersData@core@4@PEAXH@Z 0000000140007920 f   umodsys_lib_basesys:umodsys.basesys.rparameters.obj
 0001:00006970       ??1RParameters@rsystem@base@UModSys@@UEAA@XZ 0000000140007970 f   umodsys_lib_basesys:umodsys.basesys.rparameters.obj
 0001:00006990       ??0RParameters@rsystem@base@UModSys@@QEAA@PEAUISystem@23@@Z 0000000140007990 f   umodsys_lib_basesys:umodsys.basesys.rparameters.obj
 0001:000069d0       ?next@RParameters@rsystem@base@UModSys@@UEAA_NPEBUSParametersData@core@4@AEAPEBD@Z 00000001400079d0 f   umodsys_lib_basesys:umodsys.basesys.rparameters.obj
 0001:00006af0       ?p_init@RParameters@rsystem@base@UModSys@@UEAAXPEAUSParametersData@core@4@H@Z 0000000140007af0 f   umodsys_lib_basesys:umodsys.basesys.rparameters.obj
 0001:00006bb0       ?alloc_elems@RParameters@rsystem@base@UModSys@@IEAAXPEAXH@Z 0000000140007bb0 f   umodsys_lib_basesys:umodsys.basesys.rparameters.obj
 0001:00006c40       ?free_elems@RParameters@rsystem@base@UModSys@@IEAAXPEAXH@Z 0000000140007c40 f   umodsys_lib_basesys:umodsys.basesys.rparameters.obj
 0001:00006cf0       ?get_last@RParameters@rsystem@base@UModSys@@IEAAPEAUElem@1234@PEAXHHH@Z 0000000140007cf0 f   umodsys_lib_basesys:umodsys.basesys.rparameters.obj
 0001:00006d60       ?find_elem@RParameters@rsystem@base@UModSys@@IEAAPEBUElem@1234@PEBXHHHPEBD@Z 0000000140007d60 f   umodsys_lib_basesys:umodsys.basesys.rparameters.obj
 0001:00006e30       ?get@RParameters@rsystem@base@UModSys@@UEAA_NPEBUSParametersData@core@4@PEBDAEAPEAUIRefObject@64@@Z 0000000140007e30 f   umodsys_lib_basesys:umodsys.basesys.rparameters.obj
 0001:00006ed0       ?get@RParameters@rsystem@base@UModSys@@UEAA_NPEBUSParametersData@core@4@PEBDAEAN@Z 0000000140007ed0 f   umodsys_lib_basesys:umodsys.basesys.rparameters.obj
 0001:00006f70       ?get@RParameters@rsystem@base@UModSys@@UEAA_NPEBUSParametersData@core@4@PEBDAEAH@Z 0000000140007f70 f   umodsys_lib_basesys:umodsys.basesys.rparameters.obj
 0001:00007010       ?get@RParameters@rsystem@base@UModSys@@UEAA_NPEBUSParametersData@core@4@PEBDAEAPEBD@Z 0000000140008010 f   umodsys_lib_basesys:umodsys.basesys.rparameters.obj
 0001:000070b0       ?next@RParameters@rsystem@base@UModSys@@UEAA_NPEBUSParametersData@core@4@AEAU?$TString@U?$TSCoreConst@D@su@tl@UModSys@@U?$TComparerBinaryHash@D@234@@tl@4@@Z 00000001400080b0 f   umodsys_lib_basesys:umodsys.basesys.rparameters.obj
 0001:000071f0       ?p_init_s@RParameters@rsystem@base@UModSys@@UEAAXPEAUSParametersData@core@4@AEBU564@PEAXH@Z 00000001400081f0 f   umodsys_lib_basesys:umodsys.basesys.rparameters.obj
 0001:00007280       ?p_copy@RParameters@rsystem@base@UModSys@@UEAAXPEAUSParametersData@core@4@AEBU564@@Z 0000000140008280 f   umodsys_lib_basesys:umodsys.basesys.rparameters.obj
 0001:00007400       ?p_init@RParameters@rsystem@base@UModSys@@UEAAXPEAUSParametersData@core@4@AEBU564@@Z 0000000140008400 f   umodsys_lib_basesys:umodsys.basesys.rparameters.obj
 0001:00007510       ?p_deinit@RParameters@rsystem@base@UModSys@@UEAAXPEAUSParametersData@core@4@@Z 0000000140008510 f   umodsys_lib_basesys:umodsys.basesys.rparameters.obj
 0001:00007590       ?add_last@RParameters@rsystem@base@UModSys@@IEAA_NPEAUSParametersData@core@4@PEBDPEBXH@Z 0000000140008590 f   umodsys_lib_basesys:umodsys.basesys.rparameters.obj
 0001:000077f0       ?add@RParameters@rsystem@base@UModSys@@UEAA_NPEAUSParametersData@core@4@PEBDPEAUIRefObject@64@@Z 00000001400087f0 f   umodsys_lib_basesys:umodsys.basesys.rparameters.obj
 0001:00007820       ?add@RParameters@rsystem@base@UModSys@@UEAA_NPEAUSParametersData@core@4@PEBDAEBN@Z 0000000140008820 f   umodsys_lib_basesys:umodsys.basesys.rparameters.obj
 0001:00007840       ?add@RParameters@rsystem@base@UModSys@@UEAA_NPEAUSParametersData@core@4@PEBDH@Z 0000000140008840 f   umodsys_lib_basesys:umodsys.basesys.rparameters.obj
 0001:00007870       ?add@RParameters@rsystem@base@UModSys@@UEAA_NPEAUSParametersData@core@4@PEBD1@Z 0000000140008870 f   umodsys_lib_basesys:umodsys.basesys.rparameters.obj
 0001:00007890       ?get_sca@RSystem@rsystem@base@UModSys@@UEAAPEAUISourceContextAdapter@core@4@XZ 0000000140008890 f   umodsys_lib_basesys:umodsys.basesys.rsystem.obj
 0001:000078b0       ?get_upr@RSystem@rsystem@base@UModSys@@UEAAPEAUIUniquePointerResolver@core@4@XZ 00000001400088b0 f   umodsys_lib_basesys:umodsys.basesys.rsystem.obj
 0001:000078d0       ?get_modloader@RSystem@rsystem@base@UModSys@@UEAAPEAUIModuleLoader@34@XZ 00000001400088d0 f   umodsys_lib_basesys:umodsys.basesys.rsystem.obj
 0001:000078e0       ?get_syslib@RSystem@rsystem@base@UModSys@@UEAAPEAUIModuleLibrary@34@XZ 00000001400088e0 f   umodsys_lib_basesys:umodsys.basesys.rsystem.obj
 0001:000078f0       ?get_sharemem@RSystem@rsystem@base@UModSys@@UEAAPEAUIMemAlloc@core@4@XZ 00000001400088f0 f   umodsys_lib_basesys:umodsys.basesys.rsystem.obj
 0001:00007900       ?get_sysmem@RSystem@rsystem@base@UModSys@@UEAAPEAUIMemAlloc@core@4@XZ 0000000140008900 f   umodsys_lib_basesys:umodsys.basesys.rsystem.obj
 0001:00007910       ?get_console@RSystem@rsystem@base@UModSys@@UEAAPEAUIConsole@34@XZ 0000000140008910 f   umodsys_lib_basesys:umodsys.basesys.rsystem.obj
 0001:00007920       ?get_params@RSystem@rsystem@base@UModSys@@UEAAPEAUIParameters@core@4@XZ 0000000140008920 f   umodsys_lib_basesys:umodsys.basesys.rsystem.obj
 0001:00007930       ?upi_remove@RSystem@rsystem@base@UModSys@@UEAAHPEBUSUniquePointerInfo@core@4@@Z 0000000140008930 f   umodsys_lib_basesys:umodsys.basesys.rsystem.obj
 0001:00007940       ?persist_ctx@RSystem@rsystem@base@UModSys@@UEAAPEBUSSourceContext@core@4@PEBU564@@Z 0000000140008940 f   umodsys_lib_basesys:umodsys.basesys.rsystem.obj
 0001:00007a40       ?upi_add@RSystem@rsystem@base@UModSys@@UEAAPEBUSUniquePointerInfo@core@4@PEBU564@@Z 0000000140008a40 f   umodsys_lib_basesys:umodsys.basesys.rsystem.obj
 0001:00007b40       ?lib_unload@IModuleLibraryUni@rsystem@base@UModSys@@UEAA_NXZ 0000000140008b40 f   umodsys_lib_basesys:umodsys.basesys.rmodulelib.obj
 0001:00007b60       ?lib_loaded@IModuleLibraryUni@rsystem@base@UModSys@@UEBA_NXZ 0000000140008b60 f   umodsys_lib_basesys:umodsys.basesys.rmodulelib.obj
 0001:00007b70       ?get_system@IModuleLibraryUni@rsystem@base@UModSys@@UEBAPEAUISystem@34@XZ 0000000140008b70 f   umodsys_lib_basesys:umodsys.basesys.rmodulelib.obj
 0001:00007b80       ?get_privmem@IModuleLibraryUni@rsystem@base@UModSys@@UEBAPEAUIMemAlloc@core@4@XZ 0000000140008b80 f   umodsys_lib_basesys:umodsys.basesys.rmodulelib.obj
 0001:00007b90       ?unlink@IModuleLibraryUni@rsystem@base@UModSys@@QEAA_NXZ 0000000140008b90 f   umodsys_lib_basesys:umodsys.basesys.rmodulelib.obj
 0001:00007c00       ?cleanup@IModuleLibraryUni@rsystem@base@UModSys@@QEAA_KXZ 0000000140008c00 f   umodsys_lib_basesys:umodsys.basesys.rmodulelib.obj
 0001:00007c50       ?lib_generate@IModuleLibraryUni@rsystem@base@UModSys@@UEAA_NAEAU?$TRefObject@UIRefObject@core@UModSys@@@tl@4@PEBUSUniquePointerInfo@core@4@AEBUSParameters@84@@Z 0000000140008c50 f   umodsys_lib_basesys:umodsys.basesys.rmodulelib.obj
 0001:00007ce0       ?lib_findobjname@IModuleLibraryUni@rsystem@base@UModSys@@UEAA_KPEBUSUniquePointerInfo@core@4@QEAPEBU564@_KPEBD@Z 0000000140008ce0 f   umodsys_lib_basesys:umodsys.basesys.rmodulelib.obj
 0001:00007da0       ?lib_free@IModuleLibraryUni@rsystem@base@UModSys@@UEAA_NXZ 0000000140008da0 f   umodsys_lib_basesys:umodsys.basesys.rmodulelib.obj
 0001:00007dd0       ?get_module@IModuleLibraryUni@rsystem@base@UModSys@@UEBAPEAUIModule@34@_K@Z 0000000140008dd0 f   umodsys_lib_basesys:umodsys.basesys.rmodulelib.obj
 0001:00007df0       ?get_module_count@IModuleLibraryUni@rsystem@base@UModSys@@UEBA_KXZ 0000000140008df0 f   umodsys_lib_basesys:umodsys.basesys.rmodulelib.obj
 0001:00007e00       ?get_sys_libname@IModuleLibraryUni@rsystem@base@UModSys@@UEBA?AU?$TString@U?$TSCoreConst@D@su@tl@UModSys@@U?$TComparerBinaryHash@D@234@@tl@4@XZ 0000000140008e00 f   umodsys_lib_basesys:umodsys.basesys.rmodulelib.obj
 0001:00007e20       ??1IModuleLibraryUni@rsystem@base@UModSys@@UEAA@XZ 0000000140008e20 f   umodsys_lib_basesys:umodsys.basesys.rmodulelib.obj
 0001:00007ee0       ??0IModuleLibraryUni@rsystem@base@UModSys@@QEAA@PEAUISystem@23@PEAUIModuleLibraryReg@23@@Z 0000000140008ee0 f   umodsys_lib_basesys:umodsys.basesys.rmodulelib.obj
 0001:00007f40       ?save_db@IModuleLibraryUni@rsystem@base@UModSys@@QEAA_NPEAU_iobuf@@@Z 0000000140008f40 f   umodsys_lib_basesys:umodsys.basesys.rmodulelib.obj
 0001:00007fe0       ?link@IModuleLibraryUni@rsystem@base@UModSys@@QEAA_NXZ 0000000140008fe0 f   umodsys_lib_basesys:umodsys.basesys.rmodulelib.obj
 0001:00008230       ?load0@IModuleLibraryUni@rsystem@base@UModSys@@QEAA_NXZ 0000000140009230 f   umodsys_lib_basesys:umodsys.basesys.rmodulelib.obj
 0001:00008290       ?lib_load@IModuleLibraryUni@rsystem@base@UModSys@@UEAA_NXZ 0000000140009290 f   umodsys_lib_basesys:umodsys.basesys.rmodulelib.obj
 0001:000082d0       ?scan@IModuleLibraryUni@rsystem@base@UModSys@@QEAA_NXZ 00000001400092d0 f   umodsys_lib_basesys:umodsys.basesys.rmodulelib.obj
 0001:00008340       ?uni_close@RModuleLibraryThis@rsystem@base@UModSys@@UEAA_NXZ 0000000140009340 f   umodsys_lib_basesys:umodsys.basesys.rmodulelibthis.obj
 0001:00008350       ?uni_open@RModuleLibraryThis@rsystem@base@UModSys@@UEAA_NXZ 0000000140009350 f   umodsys_lib_basesys:umodsys.basesys.rmodulelibthis.obj
 0001:00008360       ?uni_unload@RModuleLibraryThis@rsystem@base@UModSys@@UEAA_NXZ 0000000140009360 f   umodsys_lib_basesys:umodsys.basesys.rmodulelibthis.obj
 0001:00008370       ?uni_load@RModuleLibraryThis@rsystem@base@UModSys@@UEAA_NXZ 0000000140009370 f   umodsys_lib_basesys:umodsys.basesys.rmodulelibthis.obj
 0001:00008390       ??1RModuleLibraryThis@rsystem@base@UModSys@@UEAA@XZ 0000000140009390 f   umodsys_lib_basesys:umodsys.basesys.rmodulelibthis.obj
 0001:000083d0       ??0RModuleLibraryThis@rsystem@base@UModSys@@QEAA@PEAUISystem@23@@Z 00000001400093d0 f   umodsys_lib_basesys:umodsys.basesys.rmodulelibthis.obj
 0001:00008410       ?moduledb_load@RModuleLoader@rsystem@base@UModSys@@UEAA_NAEBU?$TString@U?$TSCoreConst@D@su@tl@UModSys@@U?$TComparerBinaryHash@D@234@@tl@4@@Z 0000000140009410 f   umodsys_lib_basesys:umodsys.basesys.rmoduleloader.obj
 0001:00008420       ?moduledb_lib_drop@RModuleLoader@rsystem@base@UModSys@@UEAA_NPEAUIModuleLibrary@34@@Z 0000000140009420 f   umodsys_lib_basesys:umodsys.basesys.rmoduleloader.obj
 0001:00008430       ?moduledb_lib_get@RModuleLoader@rsystem@base@UModSys@@UEBAPEAUIModuleLibrary@34@_K@Z 0000000140009430 f   umodsys_lib_basesys:umodsys.basesys.rmoduleloader.obj
 0001:00008460       ?moduledb_lib_count@RModuleLoader@rsystem@base@UModSys@@UEAA_KXZ 0000000140009460 f   umodsys_lib_basesys:umodsys.basesys.rmoduleloader.obj
 0001:00008470       ?moduledb_module_get@RModuleLoader@rsystem@base@UModSys@@UEBAPEAUIModule@34@_K@Z 0000000140009470 f   umodsys_lib_basesys:umodsys.basesys.rmoduleloader.obj
 0001:000084d0       ?moduledb_module_count@RModuleLoader@rsystem@base@UModSys@@UEAA_KXZ 00000001400094d0 f   umodsys_lib_basesys:umodsys.basesys.rmoduleloader.obj
 0001:00008510       ?moduledb_generate@RModuleLoader@rsystem@base@UModSys@@UEAA_NAEAU?$TRefObject@UIRefObject@core@UModSys@@@tl@4@PEBUSUniquePointerInfo@core@4@AEBUSParameters@84@@Z 0000000140009510 f   umodsys_lib_basesys:umodsys.basesys.rmoduleloader.obj
 0001:000085b0       ?moduledb_findobjname@RModuleLoader@rsystem@base@UModSys@@UEAA_KPEBUSUniquePointerInfo@core@4@QEAPEBU564@_KPEBD@Z 00000001400095b0 f   umodsys_lib_basesys:umodsys.basesys.rmoduleloader.obj
 0001:00008670       ??1RModuleLoader@rsystem@base@UModSys@@UEAA@XZ 0000000140009670 f   umodsys_lib_basesys:umodsys.basesys.rmoduleloader.obj
 0001:00008720       ??0RModuleLoader@rsystem@base@UModSys@@QEAA@PEAUISystem@23@@Z 0000000140009720 f   umodsys_lib_basesys:umodsys.basesys.rmoduleloader.obj
 0001:00008780       ?moduledb_clear@RModuleLoader@rsystem@base@UModSys@@UEAAXXZ 0000000140009780 f   umodsys_lib_basesys:umodsys.basesys.rmoduleloader.obj
 0001:00008850       ?moduledb_find@RModuleLoader@rsystem@base@UModSys@@UEBAPEAUIModule@34@AEBU?$TString@U?$TSCoreConst@D@su@tl@UModSys@@U?$TComparerBinaryHash@D@234@@tl@4@AEBUSVersion@core@4@@Z 0000000140009850 f   umodsys_lib_basesys:umodsys.basesys.rmoduleloader.obj
 0001:000089c0       ?cleanup@RModuleLoader@rsystem@base@UModSys@@QEAAXXZ 00000001400099c0 f   umodsys_lib_basesys:umodsys.basesys.rmoduleloader.obj
 0001:00008a10       ?get_string@RModuleLoader@rsystem@base@UModSys@@QEAAAEBU?$TString@U?$TSCoreConst@D@su@tl@UModSys@@U?$TComparerBinaryHash@D@234@@tl@4@AEBU564@@Z 0000000140009a10 f   umodsys_lib_basesys:umodsys.basesys.rmoduleloader.obj
 0001:00008a60       ?moduledb_get_string@RModuleLoader@rsystem@base@UModSys@@UEAAAEBU?$TString@U?$TSCoreConst@D@su@tl@UModSys@@U?$TComparerBinaryHash@D@234@@tl@4@AEBU564@@Z 0000000140009a60 f   umodsys_lib_basesys:umodsys.basesys.rmoduleloader.obj
[...]
 0001:00009f00       ?dtor$0@?0???1RModuleLibraryThis@rsystem@base@UModSys@@UEAA@XZ@4HA 000000014000af00 f    CIL library: CIL module
 0001:00009f20       ?dtor$0@?0???1RModuleLoader@rsystem@base@UModSys@@UEAA@XZ@4HA 000000014000af20 f    CIL library: CIL module
 0001:00009f40       ?dtor$1@?0???1RModuleLoader@rsystem@base@UModSys@@UEAA@XZ@4HA 000000014000af40 f    CIL library: CIL module
 0001:00009f60       ?dtor$2@?0???1RModuleLoader@rsystem@base@UModSys@@UEAA@XZ@4HA 000000014000af60 f    CIL library: CIL module
 0001:00009f90       ?dtor$0@?0???1RSystem@rsystem@base@UModSys@@UEAA@XZ@4HA 000000014000af90 f    CIL library: CIL module
 0001:00009fb0       ?dtor$1@?0???1RSystem@rsystem@base@UModSys@@UEAA@XZ@4HA 000000014000afb0 f    CIL library: CIL module
 0001:00009fd0       ?dtor$2@?0???1RSystem@rsystem@base@UModSys@@UEAA@XZ@4HA 000000014000afd0 f    CIL library: CIL module
 0001:00009ff0       ?dtor$3@?0???1RSystem@rsystem@base@UModSys@@UEAA@XZ@4HA 000000014000aff0 f    CIL library: CIL module
 0001:0000a010       ?dtor$4@?0???1RSystem@rsystem@base@UModSys@@UEAA@XZ@4HA 000000014000b010 f    CIL library: CIL module
 0001:0000a030       ?dtor$5@?0???1RSystem@rsystem@base@UModSys@@UEAA@XZ@4HA 000000014000b030 f    CIL library: CIL module
 0001:0000a050       ?dtor$9@?0???1RSystem@rsystem@base@UModSys@@UEAA@XZ@4HA 000000014000b050 f    CIL library: CIL module
 0001:0000a070       ?dtor$10@?0???1RSystem@rsystem@base@UModSys@@UEAA@XZ@4HA 000000014000b070 f    CIL library: CIL module
 0001:0000a090       ?dtor$0@?0???1RModuleLibrarySO@rsystem@base@UModSys@@UEAA@XZ@4HA 000000014000b090 f    CIL library: CIL module
 0001:0000a0b0       ?dtor$0@?0???0RModule@rsystem@base@UModSys@@QEAA@PEAUIModuleLibraryUni@123@PEAUIModuleReg@23@@Z@4HA 000000014000b0b0 f    CIL library: CIL module
 0001:0000a0d0       ?dtor$1@?0???0RModule@rsystem@base@UModSys@@QEAA@PEAUIModuleLibraryUni@123@PEAUIModuleReg@23@@Z@4HA 000000014000b0d0 f    CIL library: CIL module
 0001:0000a0f0       ?dtor$2@?0???0RModule@rsystem@base@UModSys@@QEAA@PEAUIModuleLibraryUni@123@PEAUIModuleReg@23@@Z@4HA 000000014000b0f0 f    CIL library: CIL module
 0001:0000a110       ?dtor$3@?0???0RModule@rsystem@base@UModSys@@QEAA@PEAUIModuleLibraryUni@123@PEAUIModuleReg@23@@Z@4HA 000000014000b110 f    CIL library: CIL module
 0001:0000a140       ?dtor$0@?0??link@IModuleLibraryUni@rsystem@base@UModSys@@QEAA_NXZ@4HA 000000014000b140 f    CIL library: CIL module
 0001:0000a170       ?dtor$0@?0??exec_test_shells@RSystem@rsystem@base@UModSys@@QEAA_NXZ@4HA 000000014000b170 f    CIL library: CIL module
 0001:0000a190       ?dtor$1@?0??exec_test_shells@RSystem@rsystem@base@UModSys@@QEAA_NXZ@4HA 000000014000b190 f    CIL library: CIL module
 0001:0000a1b0       ?dtor$3@?0??exec_test_shells@RSystem@rsystem@base@UModSys@@QEAA_NXZ@4HA 000000014000b1b0 f    CIL library: CIL module
 0001:0000a1e0       ?dtor$1@?0??s_add@RModuleLibrarySO@rsystem@base@UModSys@@SA_NPEAUISystem@34@AEAU?$TDynarrayDynamic@U?$TRefObject@URModuleLibrarySO@rsystem@base@UModSys@@@tl@UModSys@@U?$TAllocator@USMemAlloc_Malloc@core@UModSys@@USCountCalcPower2@23@@23@@tl@4@PEBD@Z@4HA 000000014000b1e0 f    CIL library: CIL module
 0001:0000a200       ?dtor$0@?0???_GRDataArchiver_OsDir@stdio@media@modules@UModSys@@UEAAPEAXI@Z@4HA 000000014000b200 f    CIL library: CIL module
 0001:0000a200       ?dtor$0@?0???0RStreamWriter_FILE@stdio@media@modules@UModSys@@QEAA@PEAURGenerator@1234@PEBD_N@Z@4HA 000000014000b200 f    CIL library: CIL module
 0001:0000a200       ?dtor$0@?0???0RStreamWriter_FILE@stdio@media@modules@UModSys@@QEAA@PEAURGenerator@1234@AEBUSParameters@core@4@@Z@4HA 000000014000b200 f    CIL library: CIL module
 0001:0000a200       ?dtor$0@?0???0RStreamReader_FILE@stdio@media@modules@UModSys@@QEAA@PEAURGenerator@1234@AEBUSParameters@core@4@@Z@4HA 000000014000b200 f    CIL library: CIL module
 0001:0000a200       ?dtor$0@?0???0RStreamReader_FILE@stdio@media@modules@UModSys@@QEAA@PEAURGenerator@1234@PEBD@Z@4HA 000000014000b200 f    CIL library: CIL module
 0001:0000a200       ?dtor$0@?0???_GRStreamWriter_FILE@stdio@media@modules@UModSys@@UEAAPEAXI@Z@4HA 000000014000b200 f    CIL library: CIL module
 0001:0000a220       ?dtor$0@?0??suicide@RStreamWriter_FILE@stdio@media@modules@UModSys@@UEAAXXZ@4HA 000000014000b220 f    CIL library: CIL module
 0001:0000a220       ?dtor$0@?0??suicide@RStreamReader_FILE@stdio@media@modules@UModSys@@UEAAXXZ@4HA 000000014000b220 f    CIL library: CIL module
 0001:0000a220       ?dtor$0@?0??suicide@RModule@rsystem@base@UModSys@@UEAAXXZ@4HA 000000014000b220 f    CIL library: CIL module
 0001:0000a220       ?dtor$0@?0??suicide@RDataArchiver_OsDir@stdio@media@modules@UModSys@@UEAAXXZ@4HA 000000014000b220 f    CIL library: CIL module
 0001:0000a240       ?dtor$0@?0??mem_free@?$TRMemAlloc_CC@U?$TMemAllocHeader@USMagic@mem_headers@rsystem@base@UModSys@@U?$TPool@X@2345@USDebug@2345@UVoid@core@5@@rsystem@base@UModSys@@USMemAlloc_Malloc@core@4@@rsystem@base@UModSys@@UEAAXPEAXPEBUSSourceContext@core@4@@Z@4HA 000000014000b240 f    CIL library: CIL module
 0001:0000a260       ?dtor$0@?0??mem_realloc@?$TRMemAlloc_CC@U?$TMemAllocHeader@USMagic@mem_headers@rsystem@base@UModSys@@U?$TPool@X@2345@USDebug@2345@UVoid@core@5@@rsystem@base@UModSys@@USMemAlloc_Malloc@core@4@@rsystem@base@UModSys@@UEAAPEAXPEAX_KPEBUSSourceContext@core@4@@Z@4HA 000000014000b260 f    CIL library: CIL module
 0001:0000a280       ?dtor$1@?0??mem_realloc@?$TRMemAlloc_CC@U?$TMemAllocHeader@USMagic@mem_headers@rsystem@base@UModSys@@U?$TPool@X@2345@USDebug@2345@UVoid@core@5@@rsystem@base@UModSys@@USMemAlloc_Malloc@core@4@@rsystem@base@UModSys@@UEAAPEAXPEAX_KPEBUSSourceContext@core@4@@Z@4HA 000000014000b280 f    CIL library: CIL module
 0001:0000a2a0       ?dtor$0@?0??save_writer@RDataArchiver_OsDir@stdio@media@modules@UModSys@@UEAA?AU?$TRefObject@UIStreamWriter@libmedia@UModSys@@@tl@5@AEBU?$TString@U?$TSCoreConst@D@su@tl@UModSys@@U?$TComparerBinaryHash@D@234@@75@H@Z@4HA 000000014000b2a0 f    CIL library: CIL module
 0001:0000a2d0       ?dtor$1@?0??save_writer@RDataArchiver_OsDir@stdio@media@modules@UModSys@@UEAA?AU?$TRefObject@UIStreamWriter@libmedia@UModSys@@@tl@5@AEBU?$TString@U?$TSCoreConst@D@su@tl@UModSys@@U?$TComparerBinaryHash@D@234@@75@H@Z@4HA 000000014000b2d0 f    CIL library: CIL module
 0001:0000a2f0       ?dtor$2@?0??save_writer@RDataArchiver_OsDir@stdio@media@modules@UModSys@@UEAA?AU?$TRefObject@UIStreamWriter@libmedia@UModSys@@@tl@5@AEBU?$TString@U?$TSCoreConst@D@su@tl@UModSys@@U?$TComparerBinaryHash@D@234@@75@H@Z@4HA 000000014000b2f0 f    CIL library: CIL module
 0001:0000a310       ?dtor$0@?0??load_reader@RDataArchiver_OsDir@stdio@media@modules@UModSys@@UEAA?AU?$TRefObject@UIStreamReader@libmedia@UModSys@@@tl@5@AEBU?$TString@U?$TSCoreConst@D@su@tl@UModSys@@U?$TComparerBinaryHash@D@234@@75@H@Z@4HA 000000014000b310 f    CIL library: CIL module
 0001:0000a340       ?dtor$1@?0??load_reader@RDataArchiver_OsDir@stdio@media@modules@UModSys@@UEAA?AU?$TRefObject@UIStreamReader@libmedia@UModSys@@@tl@5@AEBU?$TString@U?$TSCoreConst@D@su@tl@UModSys@@U?$TComparerBinaryHash@D@234@@75@H@Z@4HA 000000014000b340 f    CIL library: CIL module
 0001:0000a360       ?dtor$2@?0??load_reader@RDataArchiver_OsDir@stdio@media@modules@UModSys@@UEAA?AU?$TRefObject@UIStreamReader@libmedia@UModSys@@@tl@5@AEBU?$TString@U?$TSCoreConst@D@su@tl@UModSys@@U?$TComparerBinaryHash@D@234@@75@H@Z@4HA 000000014000b360 f    CIL library: CIL module
 0001:0000a380       ?dtor$0@?0???0RDataArchiver_OsDir@stdio@media@modules@UModSys@@QEAA@PEAURGenerator@1234@AEBUSParameters@core@4@@Z@4HA 000000014000b380 f    CIL library: CIL module
 0001:0000a3a0       ?dtor$1@?0???0RDataArchiver_OsDir@stdio@media@modules@UModSys@@QEAA@PEAURGenerator@1234@AEBUSParameters@core@4@@Z@4HA 000000014000b3a0 f    CIL library: CIL module
 0001:0000a3c0       ?dtor$0@?0??generate@RGenerator@stdio@media@modules@UModSys@@UEAA_NAEAU?$TRefObject@UIRefObject@core@UModSys@@@tl@5@PEBUSUniquePointerInfo@core@5@AEBUSParameters@95@@Z@4HA 000000014000b3c0 f    CIL library: CIL module
 0001:0000a3e0       ?dtor$1@?0??generate@RGenerator@stdio@media@modules@UModSys@@UEAA_NAEAU?$TRefObject@UIRefObject@core@UModSys@@@tl@5@PEBUSUniquePointerInfo@core@5@AEBUSParameters@95@@Z@4HA 000000014000b3e0 f    CIL library: CIL module
 0001:0000a400       ?dtor$2@?0??generate@RGenerator@stdio@media@modules@UModSys@@UEAA_NAEAU?$TRefObject@UIRefObject@core@UModSys@@@tl@5@PEBUSUniquePointerInfo@core@5@AEBUSParameters@95@@Z@4HA 000000014000b400 f    CIL library: CIL module
 0001:0000a420       ??__E?s_id@?$TObjectUniqueID@UIRoot@core@UModSys@@@tl@UModSys@@2USUniquePointer@core@3@A@@YAXXZ 000000014000b420 f    CIL library: CIL module
 0001:0000a460       ??__E?s_id@?$TObjectUniqueID@UIRefObject@core@UModSys@@@tl@UModSys@@2USUniquePointer@core@3@A@@YAXXZ 000000014000b460 f    CIL library: CIL module
 0001:0000a4a0       ??__E?s_id@?$TObjectUniqueID@UIParameters@core@UModSys@@@tl@UModSys@@2USUniquePointer@core@3@A@@YAXXZ 000000014000b4a0 f    CIL library: CIL module
 0001:0000a4e0       ??__E?s_id@?$TObjectUniqueID@UIModule@base@UModSys@@@tl@UModSys@@2USUniquePointer@core@3@A@@YAXXZ 000000014000b4e0 f    CIL library: CIL module
 0001:0000a520       ??__E?s_id@?$TObjectUniqueID@UIModuleLibrary@base@UModSys@@@tl@UModSys@@2USUniquePointer@core@3@A@@YAXXZ 000000014000b520 f    CIL library: CIL module
 0001:0000a560       ??__E?s_id@?$TObjectUniqueID@UIModObject@base@UModSys@@@tl@UModSys@@2USUniquePointer@core@3@A@@YAXXZ 000000014000b560 f    CIL library: CIL module
 0001:0000a5a0       ??__E?s_id@?$TObjectUniqueID@UIGenerator@base@UModSys@@@tl@UModSys@@2USUniquePointer@core@3@A@@YAXXZ 000000014000b5a0 f    CIL library: CIL module
 0001:0000a5e0       ??__E?s_id@?$TObjectUniqueID@UIShell@base@UModSys@@@tl@UModSys@@2USUniquePointer@core@3@A@@YAXXZ 000000014000b5e0 f    CIL library: CIL module
 0001:0000a620       ??__E?s_id@?$TObjectUniqueID@UIConsole@base@UModSys@@@tl@UModSys@@2USUniquePointer@core@3@A@@YAXXZ 000000014000b620 f    CIL library: CIL module
 0001:0000a660       ??__E?s_id@?$TObjectUniqueID@UISystem@base@UModSys@@@tl@UModSys@@2USUniquePointer@core@3@A@@YAXXZ 000000014000b660 f    CIL library: CIL module
 0001:0000a6a0       ??__E?s_id@?$TObjectUniqueID@URModule@rsystem@base@UModSys@@@tl@UModSys@@2USUniquePointer@core@3@A@@YAXXZ 000000014000b6a0 f    CIL library: CIL module
 0001:0000a6e0       ??__E?s_id@?$TObjectUniqueID@UIModuleLibraryUni@rsystem@base@UModSys@@@tl@UModSys@@2USUniquePointer@core@3@A@@YAXXZ 000000014000b6e0 f    CIL library: CIL module
 0001:0000a720       ??__E?s_id@?$TObjectUniqueID@URModuleLibrarySO@rsystem@base@UModSys@@@tl@UModSys@@2USUniquePointer@core@3@A@@YAXXZ 000000014000b720 f    CIL library: CIL module
 0001:0000a760       ??__E?s_id@?$TObjectUniqueID@URModuleLibraryThis@rsystem@base@UModSys@@@tl@UModSys@@2USUniquePointer@core@3@A@@YAXXZ 000000014000b760 f    CIL library: CIL module
 0001:0000a7a0       ??__E?s_id@?$TObjectUniqueID@URParameters@rsystem@base@UModSys@@@tl@UModSys@@2USUniquePointer@core@3@A@@YAXXZ 000000014000b7a0 f    CIL library: CIL module
 0001:0000a7e0       ??__E?s_id@?$TObjectUniqueID@URSystem@rsystem@base@UModSys@@@tl@UModSys@@2USUniquePointer@core@3@A@@YAXXZ 000000014000b7e0 f    CIL library: CIL module
 0001:0000a820       ??__E?s_id@?$TObjectUniqueID@URConsole_std@rsystem@base@UModSys@@@tl@UModSys@@2USUniquePointer@core@3@A@@YAXXZ 000000014000b820 f    CIL library: CIL module
 0001:0000a860       ??__E?s_modreg@RModuleReg@stdio@media@modules@UModSys@@2U12345@A@@YAXXZ 000000014000b860 f    CIL library: CIL module
 0001:0000a890       ??__E?s_modreg_chain@RModuleReg@stdio@media@modules@UModSys@@2USModuleRegChain@base@5@A@@YAXXZ 000000014000b890 f    CIL library: CIL module
 0001:0000a8c0       ??__E?s_uid@RGenerator@stdio@media@modules@UModSys@@2USUniquePointer@core@5@A@@YAXXZ 000000014000b8c0 f    CIL library: CIL module
 0001:0000a900       ??__E?s_id@?$TObjectUniqueID@UIStreamReader@libmedia@UModSys@@@tl@UModSys@@2USUniquePointer@core@3@A@@YAXXZ 000000014000b900 f    CIL library: CIL module
 0001:0000a940       ??__E?s_id@?$TObjectUniqueID@UIStreamWriter@libmedia@UModSys@@@tl@UModSys@@2USUniquePointer@core@3@A@@YAXXZ 000000014000b940 f    CIL library: CIL module
 0001:0000a980       ??__E?s_id@?$TObjectUniqueID@UIDataArchive@libmedia@UModSys@@@tl@UModSys@@2USUniquePointer@core@3@A@@YAXXZ 000000014000b980 f    CIL library: CIL module
 0001:0000a9c0       ??__E?s_id@?$TObjectUniqueID@URStreamReader_FILE@stdio@media@modules@UModSys@@@tl@UModSys@@2USUniquePointer@core@3@A@@YAXXZ 000000014000b9c0 f    CIL library: CIL module
 0001:0000aa00       ??__E?s_id@?$TObjectUniqueID@URStreamWriter_FILE@stdio@media@modules@UModSys@@@tl@UModSys@@2USUniquePointer@core@3@A@@YAXXZ 000000014000ba00 f    CIL library: CIL module
 0001:0000aa40       ??__E?s_id@?$TObjectUniqueID@URDataArchiver_OsDir@stdio@media@modules@UModSys@@@tl@UModSys@@2USUniquePointer@core@3@A@@YAXXZ 000000014000ba40 f    CIL library: CIL module
 0001:0000aa80       ??__E?s_id@?$TObjectUniqueID@URGenerator@stdio@media@modules@UModSys@@@tl@UModSys@@2USUniquePointer@core@3@A@@YAXXZ 000000014000ba80 f    CIL library: CIL module
 0001:0000aac0       ??__E?s_console@RConsole_std@rsystem@base@UModSys@@2U1234@A@@YAXXZ 000000014000bac0 f    CIL library: CIL module
 0001:0000aae0       ??__E?s_sys@RSystem@rsystem@base@UModSys@@2U1234@A@@YAXXZ 000000014000bae0 f    CIL library: CIL module
 0001:0000ab00       ??__Ersys_dbg@rsystem@base@UModSys@@YAXXZ 000000014000bb00 f    CIL library: CIL module
 0001:0000ab30       ??__EM@UModSys@@YAXXZ      000000014000bb30 f    CIL library: CIL module
 0001:0000ab50       ??__E?root@SModuleRegChain@base@UModSys@@2U123@A@@YAXXZ 000000014000bb50 f    CIL library: CIL module
 0001:0000ab80       ??__E?s_library@RModuleLibraryReg_Chain@base@UModSys@@2U123@A@@YAXXZ 000000014000bb80 f    CIL library: CIL module
 0001:0000aba0       ??__E?root@SUniquePointer@core@UModSys@@2U123@A@@YAXXZ 000000014000bba0 f    CIL library: CIL module
 0001:0000abd0       ??__F?s_id@?$TObjectUniqueID@URConsole_std@rsystem@base@UModSys@@@tl@UModSys@@2USUniquePointer@core@3@A@@YAXXZ 000000014000bbd0 f    CIL library: CIL module
 0001:0000abe0       ??__F?s_id@?$TObjectUniqueID@URSystem@rsystem@base@UModSys@@@tl@UModSys@@2USUniquePointer@core@3@A@@YAXXZ 000000014000bbe0 f    CIL library: CIL module
 0001:0000abf0       ??__F?s_id@?$TObjectUniqueID@URParameters@rsystem@base@UModSys@@@tl@UModSys@@2USUniquePointer@core@3@A@@YAXXZ 000000014000bbf0 f    CIL library: CIL module
 0001:0000ac00       ??__F?s_id@?$TObjectUniqueID@URModuleLibraryThis@rsystem@base@UModSys@@@tl@UModSys@@2USUniquePointer@core@3@A@@YAXXZ 000000014000bc00 f    CIL library: CIL module
 0001:0000ac10       ??__F?s_id@?$TObjectUniqueID@URModuleLibrarySO@rsystem@base@UModSys@@@tl@UModSys@@2USUniquePointer@core@3@A@@YAXXZ 000000014000bc10 f    CIL library: CIL module
 0001:0000ac20       ??__F?s_id@?$TObjectUniqueID@UIModuleLibraryUni@rsystem@base@UModSys@@@tl@UModSys@@2USUniquePointer@core@3@A@@YAXXZ 000000014000bc20 f    CIL library: CIL module
 0001:0000ac30       ??__F?s_id@?$TObjectUniqueID@URModule@rsystem@base@UModSys@@@tl@UModSys@@2USUniquePointer@core@3@A@@YAXXZ 000000014000bc30 f    CIL library: CIL module
 0001:0000ac40       ??__F?s_id@?$TObjectUniqueID@UISystem@base@UModSys@@@tl@UModSys@@2USUniquePointer@core@3@A@@YAXXZ 000000014000bc40 f    CIL library: CIL module
 0001:0000ac50       ??__F?s_id@?$TObjectUniqueID@UIConsole@base@UModSys@@@tl@UModSys@@2USUniquePointer@core@3@A@@YAXXZ 000000014000bc50 f    CIL library: CIL module
 0001:0000ac60       ??__F?s_id@?$TObjectUniqueID@UIShell@base@UModSys@@@tl@UModSys@@2USUniquePointer@core@3@A@@YAXXZ 000000014000bc60 f    CIL library: CIL module
 0001:0000ac70       ??__F?s_id@?$TObjectUniqueID@UIGenerator@base@UModSys@@@tl@UModSys@@2USUniquePointer@core@3@A@@YAXXZ 000000014000bc70 f    CIL library: CIL module
 0001:0000ac80       ??__F?s_id@?$TObjectUniqueID@UIModObject@base@UModSys@@@tl@UModSys@@2USUniquePointer@core@3@A@@YAXXZ 000000014000bc80 f    CIL library: CIL module
 0001:0000ac90       ??__F?s_id@?$TObjectUniqueID@UIModuleLibrary@base@UModSys@@@tl@UModSys@@2USUniquePointer@core@3@A@@YAXXZ 000000014000bc90 f    CIL library: CIL module
 0001:0000aca0       ??__F?s_id@?$TObjectUniqueID@UIModule@base@UModSys@@@tl@UModSys@@2USUniquePointer@core@3@A@@YAXXZ 000000014000bca0 f    CIL library: CIL module
 0001:0000acb0       ??__F?s_id@?$TObjectUniqueID@UIParameters@core@UModSys@@@tl@UModSys@@2USUniquePointer@core@3@A@@YAXXZ 000000014000bcb0 f    CIL library: CIL module
 0001:0000acc0       ??__F?s_id@?$TObjectUniqueID@UIRefObject@core@UModSys@@@tl@UModSys@@2USUniquePointer@core@3@A@@YAXXZ 000000014000bcc0 f    CIL library: CIL module
 0001:0000acd0       ??__F?s_id@?$TObjectUniqueID@UIRoot@core@UModSys@@@tl@UModSys@@2USUniquePointer@core@3@A@@YAXXZ 000000014000bcd0 f    CIL library: CIL module
 0001:0000ace0       ??__F?s_modreg@RModuleReg@stdio@media@modules@UModSys@@2U12345@A@@YAXXZ 000000014000bce0 f    CIL library: CIL module
 0001:0000ad00       ??__F?s_modreg_chain@RModuleReg@stdio@media@modules@UModSys@@2USModuleRegChain@base@5@A@@YAXXZ 000000014000bd00 f    CIL library: CIL module
 0001:0000ad10       ??__F?s_uid@RGenerator@stdio@media@modules@UModSys@@2USUniquePointer@core@5@A@@YAXXZ 000000014000bd10 f    CIL library: CIL module
 0001:0000ad20       ??__Fh@?1??s_holder@RGenerator@stdio@media@modules@UModSys@@SAAEAU?$TTypeStaticHolder@URGenerator@stdio@media@modules@UModSys@@@tl@5@XZ@YAXXZ 000000014000bd20 f    CIL library: CIL module
 0001:0000ad50       ??__F?s_id@?$TObjectUniqueID@URGenerator@stdio@media@modules@UModSys@@@tl@UModSys@@2USUniquePointer@core@3@A@@YAXXZ 000000014000bd50 f    CIL library: CIL module
 0001:0000ad60       ??__F?s_id@?$TObjectUniqueID@URDataArchiver_OsDir@stdio@media@modules@UModSys@@@tl@UModSys@@2USUniquePointer@core@3@A@@YAXXZ 000000014000bd60 f    CIL library: CIL module
 0001:0000ad70       ??__F?s_id@?$TObjectUniqueID@URStreamWriter_FILE@stdio@media@modules@UModSys@@@tl@UModSys@@2USUniquePointer@core@3@A@@YAXXZ 000000014000bd70 f    CIL library: CIL module
 0001:0000ad80       ??__F?s_id@?$TObjectUniqueID@URStreamReader_FILE@stdio@media@modules@UModSys@@@tl@UModSys@@2USUniquePointer@core@3@A@@YAXXZ 000000014000bd80 f    CIL library: CIL module
 0001:0000ad90       ??__F?s_id@?$TObjectUniqueID@UIDataArchive@libmedia@UModSys@@@tl@UModSys@@2USUniquePointer@core@3@A@@YAXXZ 000000014000bd90 f    CIL library: CIL module
 0001:0000ada0       ??__F?s_id@?$TObjectUniqueID@UIStreamWriter@libmedia@UModSys@@@tl@UModSys@@2USUniquePointer@core@3@A@@YAXXZ 000000014000bda0 f    CIL library: CIL module
 0001:0000adb0       ??__F?s_id@?$TObjectUniqueID@UIStreamReader@libmedia@UModSys@@@tl@UModSys@@2USUniquePointer@core@3@A@@YAXXZ 000000014000bdb0 f    CIL library: CIL module
 0001:0000adc0       ??__F?s_console@RConsole_std@rsystem@base@UModSys@@2U1234@A@@YAXXZ 000000014000bdc0 f    CIL library: CIL module
 0001:0000add0       ??__F?s_sys@RSystem@rsystem@base@UModSys@@2U1234@A@@YAXXZ 000000014000bdd0 f    CIL library: CIL module
 0001:0000ade0       ??__Frsys_dbg@rsystem@base@UModSys@@YAXXZ 000000014000bde0 f    CIL library: CIL module
 0001:0000adf0       ??__FM@UModSys@@YAXXZ      000000014000bdf0 f    CIL library: CIL module
 0001:0000ae00       ??__F?root@SModuleRegChain@base@UModSys@@2U123@A@@YAXXZ 000000014000be00 f    CIL library: CIL module
 0001:0000ae10       ??__F?s_library@RModuleLibraryReg_Chain@base@UModSys@@2U123@A@@YAXXZ 000000014000be10 f    CIL library: CIL module
 0001:0000ae20       ??__F?root@SUniquePointer@core@UModSys@@2U123@A@@YAXXZ 000000014000be20 f    CIL library: CIL module

 Exports

  ordinal    name

        1    UModSys_Plugin_Entry2
