 umodsysc

 Timestamp is 52b2f632 (Thu Dec 19 16:35:46 2013)

 Preferred load address is 0000000140000000

 Start         Length     Name                   Class
 0001:00000000 00016abcH .text                   CODE
 0001:00016ac0 0000005eH .text$00                CODE
 0001:00016b20 0000129cH .text$x                 CODE
 0001:00017dc0 00000d62H .text$yc                CODE
 0001:00018b30 000003fcH .text$yd                CODE
 0002:00000000 00000258H .idata$5                DATA
 0002:00000258 00000008H .CRT$XCA                DATA
 0002:00000260 00000008H .CRT$XCAA               DATA
 0002:00000268 00000598H .CRT$XCU                DATA
 0002:00000800 00000008H .CRT$XCZ                DATA
 0002:00000808 00000008H .CRT$XIA                DATA
 0002:00000810 00000008H .CRT$XIAA               DATA
 0002:00000818 00000008H .CRT$XIY                DATA
 0002:00000820 00000008H .CRT$XIZ                DATA
 0002:00000830 00003788H .rdata                  DATA
 0002:00003fc0 0000211cH .rdata$r                DATA
 0002:000060e0 00000008H .rtc$IAA                DATA
 0002:000060e8 00000008H .rtc$IZZ                DATA
 0002:000060f0 00000008H .rtc$TAA                DATA
 0002:000060f8 00000008H .rtc$TZZ                DATA
 0002:00006100 00003398H .xdata                  DATA
 0002:00009498 000000e4H .xdata$x                DATA
 0002:0000957c 00000028H .idata$2                DATA
 0002:000095a4 00000014H .idata$3                DATA
 0002:000095b8 00000258H .idata$4                DATA
 0002:00009810 00000478H .idata$6                DATA
 0002:00009c90 00000055H .edata                  DATA
 0003:00000000 00000ff4H .data                   DATA
 0003:00001000 00002d48H .bss                    DATA
 0004:00000000 000023f4H .pdata                  DATA

  Address         Publics by Value              Rva+Base               Lib:Object

 0000:00000000       ___safe_se_handler_count   0000000000000000     <absolute>
 0000:00000000       ___safe_se_handler_table   0000000000000000     <absolute>
 0000:00000000       __ImageBase                0000000140000000     <linker-defined>
 0001:00000000       ??$shash@D@su@tl@UModSys@@YA_KPEBD_K@Z 0000000140001000 f i umodsys.c_main.obj
 0001:00000040       ??1SMemShared@core@UModSys@@QEAA@XZ 0000000140001040 f i umodsys_lib_libmedia:umodsys.mod.media.stdio.obj
 0001:00000040       ??1SCMemShared@core@UModSys@@QEAA@XZ 0000000140001040 f i umodsys_lib_libmedia:umodsys.mod.media.stdlib.obj
 0001:00000040       ??1SInfo@IBinObjFilter@libmedia@UModSys@@QEAA@XZ 0000000140001040 f i umodsys_lib_libmedia:umodsys.mod.media.stdlib.obj
 0001:00000070       ??3IRoot@core@UModSys@@SAXPEAXAEBUSIMemAlloc@12@@Z 0000000140001070 f i umodsys_lib_libmedia:umodsys.mod.media.stdio.obj
 0001:00000080       ?archive_load_data@libmedia@UModSys@@YA_NAEAUIBinArchive@12@AEBU?$TString@U?$TSCoreConst@D@su@tl@UModSys@@U?$TComparerBinaryHash@D@234@@tl@2@AEAUSCMemShared@core@2@AEBUSFlags@12@@Z 0000000140001080 f i umodsys_lib_libmedia:umodsys.mod.media.stdio.obj
 0001:00000250       ?archive_save_data@libmedia@UModSys@@YA_NAEAUIBinArchive@12@AEBU?$TString@U?$TSCoreConst@D@su@tl@UModSys@@U?$TComparerBinaryHash@D@234@@tl@2@AEBUSCMem@core@2@AEBUSFlags@12@@Z 0000000140001250 f i umodsys_lib_libmedia:umodsys.mod.media.stdio.obj
 0001:000002e0       ?file_get_size@stdio@media@modules@UModSys@@YA_JPEAU_iobuf@@@Z 00000001400012e0 f i umodsys_lib_libmedia:umodsys.mod.media.stdio.obj
 0001:00000350       ?root_get_interface_info@RStreamReader_FILE@stdio@media@modules@UModSys@@UEBAAEBUSUniquePointerInfo@core@5@XZ 0000000140001350 f i umodsys_lib_libmedia:umodsys.mod.media.stdio.obj
 0001:00000360       ?root_get_interface_type@RStreamReader_FILE@stdio@media@modules@UModSys@@UEBAPEBUSUniquePointerInfo@core@5@XZ 0000000140001360 f i umodsys_lib_libmedia:umodsys.mod.media.stdio.obj
 0001:00000370       ?root_get_other_interface@RStreamReader_FILE@stdio@media@modules@UModSys@@UEAAPEAUIRoot@core@5@PEBUSUniquePointerInfo@75@@Z 0000000140001370 f i umodsys_lib_libmedia:umodsys.mod.media.stdio.obj
 0001:00000370       ?root_get_other_interface@RStreamReader_FILE@stdio@media@modules@UModSys@@UEBAPEBUIRoot@core@5@PEBUSUniquePointerInfo@75@@Z 0000000140001370 f i umodsys_lib_libmedia:umodsys.mod.media.stdio.obj
 0001:000003a0       ?root_is_interface_supported@RStreamReader_FILE@stdio@media@modules@UModSys@@UEBA_NPEBUSUniquePointerInfo@core@5@@Z 00000001400013a0 f i umodsys_lib_libmedia:umodsys.mod.media.stdio.obj
 0001:000003d0       ?ref_remove@RUtilities@stdlib@media@modules@UModSys@@UEBAXXZ 00000001400013d0 f i umodsys_lib_libmedia:umodsys.mod.media.stdlib.obj
 0001:000003d0       ?ref_remove@RGenerator@stdlib@media@modules@UModSys@@UEBAXXZ 00000001400013d0 f i umodsys_lib_libmedia:umodsys.mod.media.stdlib.obj
 0001:000003d0       ?ref_remove@RStreamWriter_FILE@stdio@media@modules@UModSys@@UEBAXXZ 00000001400013d0 f i umodsys_lib_libmedia:umodsys.mod.media.stdio.obj
 0001:000003d0       ?ref_remove@RStreamReader_FILE@stdio@media@modules@UModSys@@UEBAXXZ 00000001400013d0 f i umodsys_lib_libmedia:umodsys.mod.media.stdio.obj
 0001:000003d0       ?ref_remove@RGenerator@stdio@media@modules@UModSys@@UEBAXXZ 00000001400013d0 f i umodsys_lib_libmedia:umodsys.mod.media.stdio.obj
 0001:000003f0       ?ref_links@RUtilities@stdlib@media@modules@UModSys@@UEBAHXZ 00000001400013f0 f i umodsys_lib_libmedia:umodsys.mod.media.stdlib.obj
 0001:000003f0       ?ref_links@RStreamWriter_FILE@stdio@media@modules@UModSys@@UEBAHXZ 00000001400013f0 f i umodsys_lib_libmedia:umodsys.mod.media.stdio.obj
 0001:000003f0       ?ref_links@RGenerator@stdio@media@modules@UModSys@@UEBAHXZ 00000001400013f0 f i umodsys_lib_libmedia:umodsys.mod.media.stdio.obj
 0001:000003f0       ?ref_links@RGenerator@stdlib@media@modules@UModSys@@UEBAHXZ 00000001400013f0 f i umodsys_lib_libmedia:umodsys.mod.media.stdlib.obj
 0001:000003f0       ?ref_links@RStreamReader_FILE@stdio@media@modules@UModSys@@UEBAHXZ 00000001400013f0 f i umodsys_lib_libmedia:umodsys.mod.media.stdio.obj
 0001:00000400       ?ref_weak@RStreamReader_FILE@stdio@media@modules@UModSys@@UEBA_NAEAUWeakPointer@IRefObject@core@5@@Z 0000000140001400 f i umodsys_lib_libmedia:umodsys.mod.media.stdio.obj
 0001:00000400       ?ref_weak@RStreamWriter_FILE@stdio@media@modules@UModSys@@UEBA_NAEAUWeakPointer@IRefObject@core@5@@Z 0000000140001400 f i umodsys_lib_libmedia:umodsys.mod.media.stdio.obj
 0001:00000400       ?ref_weak@RGenerator@stdio@media@modules@UModSys@@UEBA_NAEAUWeakPointer@IRefObject@core@5@@Z 0000000140001400 f i umodsys_lib_libmedia:umodsys.mod.media.stdio.obj
 0001:00000400       ?ref_weak@RGenerator@stdlib@media@modules@UModSys@@UEBA_NAEAUWeakPointer@IRefObject@core@5@@Z 0000000140001400 f i umodsys_lib_libmedia:umodsys.mod.media.stdlib.obj
 0001:00000400       ?ref_weak@RUtilities@stdlib@media@modules@UModSys@@UEBA_NAEAUWeakPointer@IRefObject@core@5@@Z 0000000140001400 f i umodsys_lib_libmedia:umodsys.mod.media.stdlib.obj
 0001:00000420       ??0RStreamReader_FILE@stdio@media@modules@UModSys@@QEAA@PEAUIModObject@base@4@AEBUSParameters@core@4@@Z 0000000140001420 f i umodsys_lib_libmedia:umodsys.mod.media.stdio.obj
 0001:000004f0       ??0RStreamReader_FILE@stdio@media@modules@UModSys@@QEAA@PEAUIModObject@base@4@PEBD@Z 00000001400014f0 f i umodsys_lib_libmedia:umodsys.mod.media.stdio.obj
 0001:000005a0       ?get_size@RStreamReader_FILE@stdio@media@modules@UModSys@@QEAAXXZ 00000001400015a0 f i umodsys_lib_libmedia:umodsys.mod.media.stdio.obj
 0001:00000620       ?reader_seek@RStreamReader_FILE@stdio@media@modules@UModSys@@UEAA_N_J@Z 0000000140001620 f i umodsys_lib_libmedia:umodsys.mod.media.stdio.obj
 0001:00000650       ?reader_seekend@RStreamReader_FILE@stdio@media@modules@UModSys@@UEAA_N_J@Z 0000000140001650 f i umodsys_lib_libmedia:umodsys.mod.media.stdio.obj
 0001:00000680       ?reader_seekdelta@RStreamReader_FILE@stdio@media@modules@UModSys@@UEAA_N_J@Z 0000000140001680 f i umodsys_lib_libmedia:umodsys.mod.media.stdio.obj
 0001:000006b0       ?reader_pos@RStreamReader_FILE@stdio@media@modules@UModSys@@UEAA_JXZ 00000001400016b0 f i umodsys_lib_libmedia:umodsys.mod.media.stdio.obj
 0001:000006e0       ?reader_size@RStreamReader_FILE@stdio@media@modules@UModSys@@UEAA_JXZ 00000001400016e0 f i umodsys_lib_libmedia:umodsys.mod.media.stdio.obj
 0001:000006f0       ?reader_read@RStreamReader_FILE@stdio@media@modules@UModSys@@UEAA_NPEAX_K@Z 00000001400016f0 f i umodsys_lib_libmedia:umodsys.mod.media.stdio.obj
 0001:000007a0       ?reader_close@RStreamReader_FILE@stdio@media@modules@UModSys@@UEAAXXZ 00000001400017a0 f i umodsys_lib_libmedia:umodsys.mod.media.stdio.obj
 0001:000007d0       ??_ERStreamReader_FILE@stdio@media@modules@UModSys@@UEAAPEAXI@Z 00000001400017d0 f i  CIL library: CIL module
 0001:000007d0       ??_GRStreamReader_FILE@stdio@media@modules@UModSys@@UEAAPEAXI@Z 00000001400017d0 f i umodsys_lib_libmedia:umodsys.mod.media.stdio.obj
 0001:00000830       ??1IStreamReader@libmedia@UModSys@@UEAA@XZ 0000000140001830 f i umodsys_lib_libmedia:umodsys.mod.media.stdio.obj
 0001:00000830       ??1IStreamWriter@libmedia@UModSys@@UEAA@XZ 0000000140001830 f i umodsys_lib_libmedia:umodsys.mod.media.stdio.obj
 0001:00000830       ??1IUtilities@libmedia@UModSys@@UEAA@XZ 0000000140001830 f i umodsys_lib_libmedia:umodsys.mod.media.stdlib.obj
 0001:00000840       ??_GIRoot@core@UModSys@@UEAAPEAXI@Z 0000000140001840 f i umodsys_lib_libmedia:umodsys.mod.media.stdio.obj
 0001:00000840       ??_EIRoot@core@UModSys@@UEAAPEAXI@Z 0000000140001840 f i  CIL library: CIL module
 0001:00000870       ?root_get_interface_info@RStreamWriter_FILE@stdio@media@modules@UModSys@@UEBAAEBUSUniquePointerInfo@core@5@XZ 0000000140001870 f i umodsys_lib_libmedia:umodsys.mod.media.stdio.obj
 0001:00000880       ?root_get_interface_type@RStreamWriter_FILE@stdio@media@modules@UModSys@@UEBAPEBUSUniquePointerInfo@core@5@XZ 0000000140001880 f i umodsys_lib_libmedia:umodsys.mod.media.stdio.obj
 0001:00000890       ?root_get_other_interface@RStreamWriter_FILE@stdio@media@modules@UModSys@@UEBAPEBUIRoot@core@5@PEBUSUniquePointerInfo@75@@Z 0000000140001890 f i umodsys_lib_libmedia:umodsys.mod.media.stdio.obj
 0001:00000890       ?root_get_other_interface@RStreamWriter_FILE@stdio@media@modules@UModSys@@UEAAPEAUIRoot@core@5@PEBUSUniquePointerInfo@75@@Z 0000000140001890 f i umodsys_lib_libmedia:umodsys.mod.media.stdio.obj
 0001:000008c0       ?root_is_interface_supported@RStreamWriter_FILE@stdio@media@modules@UModSys@@UEBA_NPEBUSUniquePointerInfo@core@5@@Z 00000001400018c0 f i umodsys_lib_libmedia:umodsys.mod.media.stdio.obj
 0001:000008f0       ??0RStreamWriter_FILE@stdio@media@modules@UModSys@@QEAA@PEAUIModObject@base@4@AEBUSParameters@core@4@@Z 00000001400018f0 f i umodsys_lib_libmedia:umodsys.mod.media.stdio.obj
 0001:00000990       ??0RStreamWriter_FILE@stdio@media@modules@UModSys@@QEAA@PEAUIModObject@base@4@PEBD_N@Z 0000000140001990 f i umodsys_lib_libmedia:umodsys.mod.media.stdio.obj
 0001:00000a70       ?open@RStreamWriter_FILE@stdio@media@modules@UModSys@@QEAAXAEBUSParameters@core@5@@Z 0000000140001a70 f i umodsys_lib_libmedia:umodsys.mod.media.stdio.obj
 0001:00000b30       ?writer_seek@RStreamWriter_FILE@stdio@media@modules@UModSys@@UEAA_N_J@Z 0000000140001b30 f i umodsys_lib_libmedia:umodsys.mod.media.stdio.obj
 0001:00000b60       ?writer_seekend@RStreamWriter_FILE@stdio@media@modules@UModSys@@UEAA_N_J@Z 0000000140001b60 f i umodsys_lib_libmedia:umodsys.mod.media.stdio.obj
 0001:00000b90       ?writer_seekdelta@RStreamWriter_FILE@stdio@media@modules@UModSys@@UEAA_N_J@Z 0000000140001b90 f i umodsys_lib_libmedia:umodsys.mod.media.stdio.obj
 0001:00000bc0       ?writer_setsize@RStreamWriter_FILE@stdio@media@modules@UModSys@@UEAA_N_J@Z 0000000140001bc0 f i umodsys_lib_libmedia:umodsys.mod.media.stdio.obj
 0001:00000c20       ?writer_pos@RStreamWriter_FILE@stdio@media@modules@UModSys@@UEAA_JXZ 0000000140001c20 f i umodsys_lib_libmedia:umodsys.mod.media.stdio.obj
 0001:00000c50       ?writer_size@RStreamWriter_FILE@stdio@media@modules@UModSys@@UEAA_JXZ 0000000140001c50 f i umodsys_lib_libmedia:umodsys.mod.media.stdio.obj
 0001:00000c80       ?writer_write@RStreamWriter_FILE@stdio@media@modules@UModSys@@UEAA_NPEBX_K@Z 0000000140001c80 f i umodsys_lib_libmedia:umodsys.mod.media.stdio.obj
 0001:00000d30       ?writer_copy@RStreamWriter_FILE@stdio@media@modules@UModSys@@UEAA_NPEAUIStreamReader@libmedia@5@_J@Z 0000000140001d30 f i umodsys_lib_libmedia:umodsys.mod.media.stdio.obj
 0001:00000de0       ?writer_copy@RStreamWriter_FILE@stdio@media@modules@UModSys@@UEAA_NPEAUIStreamReader@libmedia@5@_J1@Z 0000000140001de0 f i umodsys_lib_libmedia:umodsys.mod.media.stdio.obj
 0001:00000e50       ?writer_close@RStreamWriter_FILE@stdio@media@modules@UModSys@@UEAAXXZ 0000000140001e50 f i umodsys_lib_libmedia:umodsys.mod.media.stdio.obj
 0001:00000e90       ?writer_abort@RStreamWriter_FILE@stdio@media@modules@UModSys@@UEAAXXZ 0000000140001e90 f i umodsys_lib_libmedia:umodsys.mod.media.stdio.obj
 0001:00000ed0       ??_GRStreamWriter_FILE@stdio@media@modules@UModSys@@UEAAPEAXI@Z 0000000140001ed0 f i umodsys_lib_libmedia:umodsys.mod.media.stdio.obj
 0001:00000ed0       ??_ERStreamWriter_FILE@stdio@media@modules@UModSys@@UEAAPEAXI@Z 0000000140001ed0 f i  CIL library: CIL module
 0001:00000f50       ?root_get_interface_info@RDataArchiver_OsDir@stdio@media@modules@UModSys@@UEBAAEBUSUniquePointerInfo@core@5@XZ 0000000140001f50 f i umodsys_lib_libmedia:umodsys.mod.media.stdio.obj
 0001:00000f60       ?root_get_interface_type@RDataArchiver_OsDir@stdio@media@modules@UModSys@@UEBAPEBUSUniquePointerInfo@core@5@XZ 0000000140001f60 f i umodsys_lib_libmedia:umodsys.mod.media.stdio.obj
 0001:00000f70       ?root_get_other_interface@RDataArchiver_OsDir@stdio@media@modules@UModSys@@UEBAPEBUIRoot@core@5@PEBUSUniquePointerInfo@75@@Z 0000000140001f70 f i umodsys_lib_libmedia:umodsys.mod.media.stdio.obj
 0001:00000f70       ?root_get_other_interface@RDataArchiver_OsDir@stdio@media@modules@UModSys@@UEAAPEAUIRoot@core@5@PEBUSUniquePointerInfo@75@@Z 0000000140001f70 f i umodsys_lib_libmedia:umodsys.mod.media.stdio.obj
 0001:00000fb0       ?root_is_interface_supported@RDataArchiver_OsDir@stdio@media@modules@UModSys@@UEBA_NPEBUSUniquePointerInfo@core@5@@Z 0000000140001fb0 f i umodsys_lib_libmedia:umodsys.mod.media.stdio.obj
 0001:00000ff0       ?ref_remove@RLibraryObjCache@stdlib@media@modules@UModSys@@UEBAXXZ 0000000140001ff0 f i umodsys_lib_libmedia:umodsys.mod.media.stdlib.obj
 0001:00000ff0       ?ref_remove@RDataArchiver_OsDir@stdio@media@modules@UModSys@@UEBAXXZ 0000000140001ff0 f i umodsys_lib_libmedia:umodsys.mod.media.stdio.obj
 0001:00000ff0       ?ref_remove@RLibraryBinTree@stdlib@media@modules@UModSys@@UEBAXXZ 0000000140001ff0 f i umodsys_lib_libmedia:umodsys.mod.media.stdlib.obj
 0001:00000ff0       ?ref_remove@RLibraryBinCache@stdlib@media@modules@UModSys@@UEBAXXZ 0000000140001ff0 f i umodsys_lib_libmedia:umodsys.mod.media.stdlib.obj
 0001:00000ff0       ?ref_remove@RParameters@rsystem@base@UModSys@@UEBAXXZ 0000000140001ff0 f i umodsys_lib_basesys:umodsys.basesys.rparameters.obj
 0001:00000ff0       ?ref_remove@RLibraryObjFilter@stdlib@media@modules@UModSys@@UEBAXXZ 0000000140001ff0 f i umodsys_lib_libmedia:umodsys.mod.media.stdlib.obj
 0001:00000ff0       ?ref_remove@RLibraryLayered@stdlib@media@modules@UModSys@@UEBAXXZ 0000000140001ff0 f i umodsys_lib_libmedia:umodsys.mod.media.stdlib.obj
 0001:00001010       ??0RDataArchiver_OsDir@stdio@media@modules@UModSys@@QEAA@PEAUIModObject@base@4@AEBUSParameters@core@4@U?$TFlags4State@USMediaFlagUid@libmedia@UModSys@@I@tl@4@@Z 0000000140002010 f i umodsys_lib_libmedia:umodsys.mod.media.stdio.obj
 0001:00001110       ?open@RDataArchiver_OsDir@stdio@media@modules@UModSys@@QEAAXAEBUSParameters@core@5@@Z 0000000140002110 f i umodsys_lib_libmedia:umodsys.mod.media.stdio.obj
 0001:00001220       ?get_flag@RDataArchiver_OsDir@stdio@media@modules@UModSys@@UEBA?AW4eStates@?$TFlags4State@USMediaFlagUid@libmedia@UModSys@@I@tl@5@H@Z 0000000140002220 f i umodsys_lib_libmedia:umodsys.mod.media.stdio.obj
 0001:00001230       ?get_flags_auto@RDataArchiver_OsDir@stdio@media@modules@UModSys@@UEBA?AU?$TFlags4State@USMediaFlagUid@libmedia@UModSys@@I@tl@5@XZ 0000000140002230 f i umodsys_lib_libmedia:umodsys.mod.media.stdio.obj
 0001:00001240       ?set_flag@RDataArchiver_OsDir@stdio@media@modules@UModSys@@UEAA?AW4eStates@?$TFlags4State@USMediaFlagUid@libmedia@UModSys@@I@tl@5@HW46785@@Z 0000000140002240 f i umodsys_lib_libmedia:umodsys.mod.media.stdio.obj
 0001:00001270       ?data_load@RDataArchiver_OsDir@stdio@media@modules@UModSys@@UEAA_NAEBU?$TString@U?$TSCoreConst@D@su@tl@UModSys@@U?$TComparerBinaryHash@D@234@@tl@5@AEAUSCMemShared@core@5@AEBUSFlags@libmedia@5@@Z 0000000140002270 f i umodsys_lib_libmedia:umodsys.mod.media.stdio.obj
 0001:000012d0       ?data_save@RDataArchiver_OsDir@stdio@media@modules@UModSys@@UEAA_NAEBU?$TString@U?$TSCoreConst@D@su@tl@UModSys@@U?$TComparerBinaryHash@D@234@@tl@5@AEBUSCMem@core@5@AEBUSFlags@libmedia@5@@Z 00000001400022d0 f i umodsys_lib_libmedia:umodsys.mod.media.stdio.obj
 0001:000012e0       ?data_reader@RDataArchiver_OsDir@stdio@media@modules@UModSys@@UEAA?AU?$TRefObject@UIStreamReader@libmedia@UModSys@@U?$TRefObjectFunc@UIStreamReader@libmedia@UModSys@@@tl@3@@tl@5@AEBU?$TString@U?$TSCoreConst@D@su@tl@UModSys@@U?$TComparerBinaryHash@D@234@@75@AEBUSFlags@libmedia@5@@Z 00000001400022e0 f i umodsys_lib_libmedia:umodsys.mod.media.stdio.obj
 0001:00001480       ?data_writer@RDataArchiver_OsDir@stdio@media@modules@UModSys@@UEAA?AU?$TRefObject@UIStreamWriter@libmedia@UModSys@@U?$TRefObjectFunc@UIStreamWriter@libmedia@UModSys@@@tl@3@@tl@5@AEBU?$TString@U?$TSCoreConst@D@su@tl@UModSys@@U?$TComparerBinaryHash@D@234@@75@AEBUSFlags@libmedia@5@@Z 0000000140002480 f i umodsys_lib_libmedia:umodsys.mod.media.stdio.obj
 0001:00001630       ?data_list@RDataArchiver_OsDir@stdio@media@modules@UModSys@@UEAA_NAEBU?$TString@U?$TSCoreConst@D@su@tl@UModSys@@U?$TComparerBinaryHash@D@234@@tl@5@_KAEAUSFileInfo@libmedia@5@AEBUSFlags@95@@Z 0000000140002630 f i umodsys_lib_libmedia:umodsys.mod.media.stdio.obj
 0001:00001630       ?data_list@RDataArchiver_OsDir@stdio@media@modules@UModSys@@UEAA_NAEBU?$TString@U?$TSCoreConst@D@su@tl@UModSys@@U?$TComparerBinaryHash@D@234@@tl@5@_KAEAU?$TIStackSocket@USFileInfo@libmedia@UModSys@@@75@AEBUSFlags@libmedia@5@@Z 0000000140002630 f i umodsys_lib_libmedia:umodsys.mod.media.stdio.obj
 0001:000016c0       ?get_permissions@RDataArchiver_OsDir@stdio@media@modules@UModSys@@UEAAHXZ 00000001400026c0 f i umodsys_lib_libmedia:umodsys.mod.media.stdio.obj
 0001:000016d0       ??_ERDataArchiver_OsDir@stdio@media@modules@UModSys@@UEAAPEAXI@Z 00000001400026d0 f i  CIL library: CIL module
 0001:000016d0       ??_GRDataArchiver_OsDir@stdio@media@modules@UModSys@@UEAAPEAXI@Z 00000001400026d0 f i umodsys_lib_libmedia:umodsys.mod.media.stdio.obj
 0001:00001750       ?get_generated_names@RGenerator@stdio@media@modules@UModSys@@UEBAHAEAUSUniquePtrList@core@5@@Z 0000000140002750 f i umodsys_lib_libmedia:umodsys.mod.media.stdio.obj
 0001:000017a0       ?get_generated_types@RGenerator@stdio@media@modules@UModSys@@UEBAHAEAUSUniquePtrList@core@5@PEBUSUniquePointerInfo@75@@Z 00000001400027a0 f i umodsys_lib_libmedia:umodsys.mod.media.stdio.obj
 0001:00001880       ?generate@RGenerator@stdio@media@modules@UModSys@@UEAA_NAEAU?$TRefObject@UIRefObject@core@UModSys@@U?$TRefObjectFunc@UIRefObject@core@UModSys@@@tl@3@@tl@5@PEBUSUniquePointerInfo@core@5@AEBUSParameters@95@@Z 0000000140002880 f i umodsys_lib_libmedia:umodsys.mod.media.stdio.obj
 0001:000019b0       ?root_get_interface_info@RGenerator@stdio@media@modules@UModSys@@UEBAAEBUSUniquePointerInfo@core@5@XZ 00000001400029b0 f i umodsys_lib_libmedia:umodsys.mod.media.stdio.obj
 0001:000019c0       ?root_get_interface_type@RGenerator@stdio@media@modules@UModSys@@UEBAPEBUSUniquePointerInfo@core@5@XZ 00000001400029c0 f i umodsys_lib_libmedia:umodsys.mod.media.stdio.obj
 0001:000019d0       ?root_get_other_interface@RGenerator@stdio@media@modules@UModSys@@UEBAPEBUIRoot@core@5@PEBUSUniquePointerInfo@75@@Z 00000001400029d0 f i umodsys_lib_libmedia:umodsys.mod.media.stdio.obj
 0001:000019d0       ?root_get_other_interface@RGenerator@stdio@media@modules@UModSys@@UEAAPEAUIRoot@core@5@PEBUSUniquePointerInfo@75@@Z 00000001400029d0 f i umodsys_lib_libmedia:umodsys.mod.media.stdio.obj
 0001:00001a10       ?root_is_interface_supported@RGenerator@stdio@media@modules@UModSys@@UEBA_NPEBUSUniquePointerInfo@core@5@@Z 0000000140002a10 f i umodsys_lib_libmedia:umodsys.mod.media.stdio.obj
 0001:00001a50       ?ref_add@RStreamReader_FILE@stdio@media@modules@UModSys@@UEBAXXZ 0000000140002a50 f i umodsys_lib_libmedia:umodsys.mod.media.stdio.obj
 0001:00001a50       ?ref_add@RGenerator@stdlib@media@modules@UModSys@@UEBAXXZ 0000000140002a50 f i umodsys_lib_libmedia:umodsys.mod.media.stdlib.obj
 0001:00001a50       ?ref_add@RUtilities@stdlib@media@modules@UModSys@@UEBAXXZ 0000000140002a50 f i umodsys_lib_libmedia:umodsys.mod.media.stdlib.obj
 0001:00001a50       ?ref_add@RStreamWriter_FILE@stdio@media@modules@UModSys@@UEBAXXZ 0000000140002a50 f i umodsys_lib_libmedia:umodsys.mod.media.stdio.obj
 0001:00001a50       ?ref_add@RGenerator@stdio@media@modules@UModSys@@UEBAXXZ 0000000140002a50 f i umodsys_lib_libmedia:umodsys.mod.media.stdio.obj
 0001:00001a60       ?suicide@RGenerator@stdlib@media@modules@UModSys@@UEAAXXZ 0000000140002a60 f i umodsys_lib_libmedia:umodsys.mod.media.stdlib.obj
 0001:00001a60       ?suicide@RGenerator@stdio@media@modules@UModSys@@UEAAXXZ 0000000140002a60 f i umodsys_lib_libmedia:umodsys.mod.media.stdio.obj
 0001:00001a60       ??3@YAXPEAX0@Z             0000000140002a60 f i umodsys_lib_libmedia:umodsys.mod.media.stdio.obj
 0001:00001a70       ?get_uid@RGenerator@stdio@media@modules@UModSys@@UEBAPEBUSUniquePointerInfo@core@5@XZ 0000000140002a70 f i umodsys_lib_libmedia:umodsys.mod.media.stdio.obj
 0001:00001a80       ?do_open@RModuleReg@stdio@media@modules@UModSys@@UEAA_NXZ 0000000140002a80 f i umodsys_lib_libmedia:umodsys.mod.media.stdio.obj
 0001:00001a90       ?do_close@RModuleReg@stdio@media@modules@UModSys@@UEAA_NXZ 0000000140002a90 f i umodsys_lib_libmedia:umodsys.mod.media.stdio.obj
 0001:00001aa0       ??_ERModuleReg@stdio@media@modules@UModSys@@UEAAPEAXI@Z 0000000140002aa0 f i  CIL library: CIL module
 0001:00001aa0       ??_GRModuleReg@stdio@media@modules@UModSys@@UEAAPEAXI@Z 0000000140002aa0 f i umodsys_lib_libmedia:umodsys.mod.media.stdio.obj
 0001:00001ad0       ??1?$TSCoreShared@USIMemAlloc@core@UModSys@@D@su@tl@UModSys@@QEAA@XZ 0000000140002ad0 f i umodsys_lib_libmedia:umodsys.mod.media.stdio.obj
 0001:00001ad0       ??1?$TString@U?$TSCoreShared@USIMemAlloc@core@UModSys@@D@su@tl@UModSys@@U?$TComparerBinaryHash@D@234@@tl@UModSys@@QEAA@XZ 0000000140002ad0 f i umodsys_lib_libmedia:umodsys.mod.media.stdio.obj
 0001:00001ad0       ??1?$TStringBuf@U?$TSCoreShared@USIMemAlloc@core@UModSys@@D@su@tl@UModSys@@U?$TComparerBinaryHash@D@234@@tl@UModSys@@QEAA@XZ 0000000140002ad0 f i umodsys_lib_libmedia:umodsys.mod.media.stdlib.obj
 0001:00001ae0       ??_GRGenerator@stdlib@media@modules@UModSys@@UEAAPEAXI@Z 0000000140002ae0 f i umodsys_lib_libmedia:umodsys.mod.media.stdlib.obj
 0001:00001ae0       ??_ERGenerator@stdio@media@modules@UModSys@@UEAAPEAXI@Z 0000000140002ae0 f i  CIL library: CIL module
 0001:00001ae0       ??_GIRefObject@core@UModSys@@UEAAPEAXI@Z 0000000140002ae0 f i umodsys_lib_libmedia:umodsys.mod.media.stdio.obj
 0001:00001ae0       ??_ERGenerator@stdlib@media@modules@UModSys@@UEAAPEAXI@Z 0000000140002ae0 f i  CIL library: CIL module
 0001:00001ae0       ??_EIRefObject@core@UModSys@@UEAAPEAXI@Z 0000000140002ae0 f i  CIL library: CIL module
 0001:00001ae0       ??_GRGenerator@stdio@media@modules@UModSys@@UEAAPEAXI@Z 0000000140002ae0 f i umodsys_lib_libmedia:umodsys.mod.media.stdio.obj
 0001:00001b10       ?info_release@?$TSCoreShared@USIMemAlloc@core@UModSys@@D@su@tl@UModSys@@QEAAXXZ 0000000140002b10 f i umodsys_lib_libmedia:umodsys.mod.media.stdio.obj
 0001:00001bb0       ?info_new@?$TSCoreShared@USIMemAlloc@core@UModSys@@D@su@tl@UModSys@@QEAA_NPEBD_K@Z 0000000140002bb0 f i umodsys_lib_libmedia:umodsys.mod.media.stdio.obj
 0001:00001ca0       ?get_null@?$TSCoreShared@USIMemAlloc@core@UModSys@@D@su@tl@UModSys@@SAPEAU?$TSharedStringInfo@DUSIMemAlloc@core@UModSys@@@234@XZ 0000000140002ca0 f i umodsys_lib_libmedia:umodsys.mod.media.stdio.obj
 0001:00001cf0       ??$ValidateConstruction@UIStreamReader@libmedia@UModSys@@URStreamReader_FILE@stdio@media@modules@3@@core@UModSys@@YA_NAEAU?$TRefObject@UIStreamReader@libmedia@UModSys@@U?$TRefObjectFunc@UIStreamReader@libmedia@UModSys@@@tl@3@@tl@1@PEAURStreamReader_FILE@stdio@media@modules@1@@Z 0000000140002cf0 f i umodsys_lib_libmedia:umodsys.mod.media.stdio.obj
 0001:00001cf0       ??$ValidateConstruction@UIRefObject@core@UModSys@@URStreamReader_FILE@stdio@media@modules@3@@core@UModSys@@YA_NAEAU?$TRefObject@UIRefObject@core@UModSys@@U?$TRefObjectFunc@UIRefObject@core@UModSys@@@tl@3@@tl@1@PEAURStreamReader_FILE@stdio@media@modules@1@@Z 0000000140002cf0 f i umodsys_lib_libmedia:umodsys.mod.media.stdio.obj
 0001:00001d70       ??1?$TRefObject@UIModObject@base@UModSys@@U?$TModObjectFunc@UIModObject@base@UModSys@@@tl@3@@tl@UModSys@@QEAA@XZ 0000000140002d70 f i umodsys_lib_libmedia:umodsys.mod.media.stdio.obj
 0001:00001da0       ??$is_flag@U?$TFlags4StateShift@USMediaFlagUid@libmedia@UModSys@@I$09@tl@UModSys@@@SFlags@libmedia@UModSys@@QEBA_NPEBUIResolverAuto@012@W4eStates@?$TFlags4State@USMediaFlagUid@libmedia@UModSys@@I@tl@2@@Z 0000000140002da0 f i umodsys_lib_libmedia:umodsys.mod.media.stdio.obj
 0001:00001e30       ??$ValidateConstruction@UIStreamWriter@libmedia@UModSys@@URStreamWriter_FILE@stdio@media@modules@3@@core@UModSys@@YA_NAEAU?$TRefObject@UIStreamWriter@libmedia@UModSys@@U?$TRefObjectFunc@UIStreamWriter@libmedia@UModSys@@@tl@3@@tl@1@PEAURStreamWriter_FILE@stdio@media@modules@1@@Z 0000000140002e30 f i umodsys_lib_libmedia:umodsys.mod.media.stdio.obj
 0001:00001e30       ??$ValidateConstruction@UIRefObject@core@UModSys@@URStreamWriter_FILE@stdio@media@modules@3@@core@UModSys@@YA_NAEAU?$TRefObject@UIRefObject@core@UModSys@@U?$TRefObjectFunc@UIRefObject@core@UModSys@@@tl@3@@tl@1@PEAURStreamWriter_FILE@stdio@media@modules@1@@Z 0000000140002e30 f i umodsys_lib_libmedia:umodsys.mod.media.stdio.obj
 0001:00001eb0       ?s_set@?$TRefObjectFunc@UIRefObject@core@UModSys@@@tl@UModSys@@SAXAEAPEAUIRefObject@core@3@PEAU453@@Z 0000000140002eb0 f i umodsys_lib_libmedia:umodsys.mod.media.stdio.obj
 0001:00001ef0       ??0SFileInfo@libmedia@UModSys@@QEAA@XZ 0000000140002ef0 f i umodsys_lib_libmedia:umodsys.mod.media.stdlib.obj
 0001:00001fc0       ??1SFileInfo@libmedia@UModSys@@QEAA@XZ 0000000140002fc0 f i umodsys_lib_libmedia:umodsys.mod.media.stdlib.obj
 0001:00002010       ?get_flag@RResolverChain@SFlagsChain@libmedia@UModSys@@UEBA?AW4eStates@?$TFlags4State@USMediaFlagUid@libmedia@UModSys@@I@tl@4@H@Z 0000000140003010 f i umodsys_lib_libmedia:umodsys.mod.media.stdlib.obj
 0001:00002060       ?bin_reader@ILibrary@libmedia@UModSys@@QEAA?AU?$TRefObject@UIStreamReader@libmedia@UModSys@@U?$TRefObjectFunc@UIStreamReader@libmedia@UModSys@@@tl@3@@tl@3@AEBU?$TString@U?$TSCoreConst@D@su@tl@UModSys@@U?$TComparerBinaryHash@D@234@@53@AEBU?$TFlags4State@USMediaFlagUid@libmedia@UModSys@@I@53@@Z 0000000140003060 f i umodsys_lib_libmedia:umodsys.mod.media.stdlib.obj
 0001:000020a0       ?bin_writer@ILibrary@libmedia@UModSys@@QEAA?AU?$TRefObject@UIStreamWriter@libmedia@UModSys@@U?$TRefObjectFunc@UIStreamWriter@libmedia@UModSys@@@tl@3@@tl@3@AEBU?$TString@U?$TSCoreConst@D@su@tl@UModSys@@U?$TComparerBinaryHash@D@234@@53@AEBU?$TFlags4State@USMediaFlagUid@libmedia@UModSys@@I@53@@Z 00000001400030a0 f i umodsys_lib_libmedia:umodsys.mod.media.stdlib.obj
 0001:000020e0       ??1SPoint@ILibraryBinTree@libmedia@UModSys@@QEAA@XZ 00000001400030e0 f i umodsys_lib_libmedia:umodsys.mod.media.stdlib.obj
 0001:000020e0       ??1SLayer@ILibraryLayered@libmedia@UModSys@@QEAA@XZ 00000001400030e0 f i umodsys_lib_libmedia:umodsys.mod.media.stdlib.obj
 0001:00002110       ?root_get_interface_info@RUtilities@stdlib@media@modules@UModSys@@UEBAAEBUSUniquePointerInfo@core@5@XZ 0000000140003110 f i umodsys_lib_libmedia:umodsys.mod.media.stdlib.obj
 0001:00002120       ?root_get_interface_type@RUtilities@stdlib@media@modules@UModSys@@UEBAPEBUSUniquePointerInfo@core@5@XZ 0000000140003120 f i umodsys_lib_libmedia:umodsys.mod.media.stdlib.obj
 0001:00002130       ?root_get_other_interface@RUtilities@stdlib@media@modules@UModSys@@UEBAPEBUIRoot@core@5@PEBUSUniquePointerInfo@75@@Z 0000000140003130 f i umodsys_lib_libmedia:umodsys.mod.media.stdlib.obj
 0001:00002130       ?root_get_other_interface@RUtilities@stdlib@media@modules@UModSys@@UEAAPEAUIRoot@core@5@PEBUSUniquePointerInfo@75@@Z 0000000140003130 f i umodsys_lib_libmedia:umodsys.mod.media.stdlib.obj
 0001:00002160       ?root_is_interface_supported@RUtilities@stdlib@media@modules@UModSys@@UEBA_NPEBUSUniquePointerInfo@core@5@@Z 0000000140003160 f i umodsys_lib_libmedia:umodsys.mod.media.stdlib.obj
 0001:00002190       ?suicide@RStreamWriter_FILE@stdio@media@modules@UModSys@@UEAAXXZ 0000000140003190 f i umodsys_lib_libmedia:umodsys.mod.media.stdio.obj
 0001:00002190       ?suicide@RStreamReader_FILE@stdio@media@modules@UModSys@@UEAAXXZ 0000000140003190 f i umodsys_lib_libmedia:umodsys.mod.media.stdio.obj
 0001:00002190       ?suicide@RUtilities@stdlib@media@modules@UModSys@@UEAAXXZ 0000000140003190 f i umodsys_lib_libmedia:umodsys.mod.media.stdlib.obj
 0001:000021e0       ?_root_get_interface_types@RBinArchiveFrame@stdlib@media@modules@UModSys@@SA_KAEAUSUniquePtrList@core@5@@Z 00000001400031e0 f i umodsys_lib_libmedia:umodsys.mod.media.stdlib.obj
 0001:00002250       ?root_get_interface_info@RBinArchiveFrame@stdlib@media@modules@UModSys@@UEBAAEBUSUniquePointerInfo@core@5@XZ 0000000140003250 f i umodsys_lib_libmedia:umodsys.mod.media.stdlib.obj
 0001:00002260       ?root_get_interface_type@RBinArchiveFrame@stdlib@media@modules@UModSys@@UEBAPEBUSUniquePointerInfo@core@5@XZ 0000000140003260 f i umodsys_lib_libmedia:umodsys.mod.media.stdlib.obj
 0001:00002270       ?root_get_other_interface@RBinArchiveFrame@stdlib@media@modules@UModSys@@UEBAPEBUIRoot@core@5@PEBUSUniquePointerInfo@75@@Z 0000000140003270 f i umodsys_lib_libmedia:umodsys.mod.media.stdlib.obj
 0001:00002270       ?root_get_other_interface@RBinArchiveFrame@stdlib@media@modules@UModSys@@UEAAPEAUIRoot@core@5@PEBUSUniquePointerInfo@75@@Z 0000000140003270 f i umodsys_lib_libmedia:umodsys.mod.media.stdlib.obj
 0001:000022b0       ?root_is_interface_supported@RBinArchiveFrame@stdlib@media@modules@UModSys@@UEBA_NPEBUSUniquePointerInfo@core@5@@Z 00000001400032b0 f i umodsys_lib_libmedia:umodsys.mod.media.stdlib.obj
 0001:000022f0       ?ref_add@RBinArchiveFrame@stdlib@media@modules@UModSys@@UEBAXXZ 00000001400032f0 f i umodsys_lib_libmedia:umodsys.mod.media.stdlib.obj
 0001:00002300       ?ref_remove@RBinArchiveFrame@stdlib@media@modules@UModSys@@UEBAXXZ 0000000140003300 f i umodsys_lib_libmedia:umodsys.mod.media.stdlib.obj
 0001:00002320       ?ref_links@RBinArchiveFrame@stdlib@media@modules@UModSys@@UEBAHXZ 0000000140003320 f i umodsys_lib_libmedia:umodsys.mod.media.stdlib.obj
 0001:00002330       ?ref_weak@RBinArchiveFrame@stdlib@media@modules@UModSys@@UEBA_NAEAUWeakPointer@IRefObject@core@5@@Z 0000000140003330 f i umodsys_lib_libmedia:umodsys.mod.media.stdlib.obj
 0001:00002350       ?suicide@RBinArchiveFrame@stdlib@media@modules@UModSys@@UEAAXXZ 0000000140003350 f i umodsys_lib_libmedia:umodsys.mod.media.stdlib.obj
 0001:000023a0       ?_root_get_interface_types@RLibraryBinTree@stdlib@media@modules@UModSys@@SA_KAEAUSUniquePtrList@core@5@@Z 00000001400033a0 f i umodsys_lib_libmedia:umodsys.mod.media.stdlib.obj
 0001:00002410       ?root_get_interface_info@RLibraryBinTree@stdlib@media@modules@UModSys@@UEBAAEBUSUniquePointerInfo@core@5@XZ 0000000140003410 f i umodsys_lib_libmedia:umodsys.mod.media.stdlib.obj
 0001:00002420       ?root_get_interface_type@RLibraryBinTree@stdlib@media@modules@UModSys@@UEBAPEBUSUniquePointerInfo@core@5@XZ 0000000140003420 f i umodsys_lib_libmedia:umodsys.mod.media.stdlib.obj
 0001:00002430       ?root_get_other_interface@RLibraryBinTree@stdlib@media@modules@UModSys@@UEBAPEBUIRoot@core@5@PEBUSUniquePointerInfo@75@@Z 0000000140003430 f i umodsys_lib_libmedia:umodsys.mod.media.stdlib.obj
 0001:00002430       ?root_get_other_interface@RLibraryBinTree@stdlib@media@modules@UModSys@@UEAAPEAUIRoot@core@5@PEBUSUniquePointerInfo@75@@Z 0000000140003430 f i umodsys_lib_libmedia:umodsys.mod.media.stdlib.obj
 0001:00002470       ?root_is_interface_supported@RLibraryBinTree@stdlib@media@modules@UModSys@@UEBA_NPEBUSUniquePointerInfo@core@5@@Z 0000000140003470 f i umodsys_lib_libmedia:umodsys.mod.media.stdlib.obj
 0001:000024b0       ?ref_add@RLibraryBinCache@stdlib@media@modules@UModSys@@UEBAXXZ 00000001400034b0 f i umodsys_lib_libmedia:umodsys.mod.media.stdlib.obj
 0001:000024b0       ?ref_add@RLibraryLayered@stdlib@media@modules@UModSys@@UEBAXXZ 00000001400034b0 f i umodsys_lib_libmedia:umodsys.mod.media.stdlib.obj
 0001:000024b0       ?ref_add@RDataArchiver_OsDir@stdio@media@modules@UModSys@@UEBAXXZ 00000001400034b0 f i umodsys_lib_libmedia:umodsys.mod.media.stdio.obj
 0001:000024b0       ?ref_add@RLibraryObjFilter@stdlib@media@modules@UModSys@@UEBAXXZ 00000001400034b0 f i umodsys_lib_libmedia:umodsys.mod.media.stdlib.obj
 0001:000024b0       ?ref_add@RLibraryBinTree@stdlib@media@modules@UModSys@@UEBAXXZ 00000001400034b0 f i umodsys_lib_libmedia:umodsys.mod.media.stdlib.obj
 0001:000024b0       ?ref_add@RParameters@rsystem@base@UModSys@@UEBAXXZ 00000001400034b0 f i umodsys_lib_basesys:umodsys.basesys.rparameters.obj
 0001:000024b0       ?ref_add@RLibraryObjCache@stdlib@media@modules@UModSys@@UEBAXXZ 00000001400034b0 f i umodsys_lib_libmedia:umodsys.mod.media.stdlib.obj
 0001:000024c0       ?_root_get_interface_types@RLibraryBinCache@stdlib@media@modules@UModSys@@SA_KAEAUSUniquePtrList@core@5@@Z 00000001400034c0 f i umodsys_lib_libmedia:umodsys.mod.media.stdlib.obj
 0001:00002530       ?root_get_interface_info@RLibraryBinCache@stdlib@media@modules@UModSys@@UEBAAEBUSUniquePointerInfo@core@5@XZ 0000000140003530 f i umodsys_lib_libmedia:umodsys.mod.media.stdlib.obj
 0001:00002540       ?root_get_interface_type@RLibraryBinCache@stdlib@media@modules@UModSys@@UEBAPEBUSUniquePointerInfo@core@5@XZ 0000000140003540 f i umodsys_lib_libmedia:umodsys.mod.media.stdlib.obj
 0001:00002550       ?root_get_other_interface@RLibraryBinCache@stdlib@media@modules@UModSys@@UEAAPEAUIRoot@core@5@PEBUSUniquePointerInfo@75@@Z 0000000140003550 f i umodsys_lib_libmedia:umodsys.mod.media.stdlib.obj
 0001:00002550       ?root_get_other_interface@RLibraryBinCache@stdlib@media@modules@UModSys@@UEBAPEBUIRoot@core@5@PEBUSUniquePointerInfo@75@@Z 0000000140003550 f i umodsys_lib_libmedia:umodsys.mod.media.stdlib.obj
 0001:00002590       ?root_is_interface_supported@RLibraryBinCache@stdlib@media@modules@UModSys@@UEBA_NPEBUSUniquePointerInfo@core@5@@Z 0000000140003590 f i umodsys_lib_libmedia:umodsys.mod.media.stdlib.obj
 0001:000025d0       ?_root_get_interface_types@RLibraryLayered@stdlib@media@modules@UModSys@@SA_KAEAUSUniquePtrList@core@5@@Z 00000001400035d0 f i umodsys_lib_libmedia:umodsys.mod.media.stdlib.obj
 0001:00002640       ?root_get_interface_info@RLibraryLayered@stdlib@media@modules@UModSys@@UEBAAEBUSUniquePointerInfo@core@5@XZ 0000000140003640 f i umodsys_lib_libmedia:umodsys.mod.media.stdlib.obj
 0001:00002650       ?root_get_interface_type@RLibraryLayered@stdlib@media@modules@UModSys@@UEBAPEBUSUniquePointerInfo@core@5@XZ 0000000140003650 f i umodsys_lib_libmedia:umodsys.mod.media.stdlib.obj
 0001:00002660       ?root_get_other_interface@RLibraryLayered@stdlib@media@modules@UModSys@@UEAAPEAUIRoot@core@5@PEBUSUniquePointerInfo@75@@Z 0000000140003660 f i umodsys_lib_libmedia:umodsys.mod.media.stdlib.obj
 0001:00002660       ?root_get_other_interface@RLibraryLayered@stdlib@media@modules@UModSys@@UEBAPEBUIRoot@core@5@PEBUSUniquePointerInfo@75@@Z 0000000140003660 f i umodsys_lib_libmedia:umodsys.mod.media.stdlib.obj
 0001:000026a0       ?root_is_interface_supported@RLibraryLayered@stdlib@media@modules@UModSys@@UEBA_NPEBUSUniquePointerInfo@core@5@@Z 00000001400036a0 f i umodsys_lib_libmedia:umodsys.mod.media.stdlib.obj
 0001:000026e0       ??4SLayerX@RLibraryLayered@stdlib@media@modules@UModSys@@QEAAXAEBUSLayer@ILibraryLayered@libmedia@5@@Z 00000001400036e0 f i umodsys_lib_libmedia:umodsys.mod.media.stdlib.obj
 0001:00002790       ?_root_get_interface_types@RLibraryObjCache@stdlib@media@modules@UModSys@@SA_KAEAUSUniquePtrList@core@5@@Z 0000000140003790 f i umodsys_lib_libmedia:umodsys.mod.media.stdlib.obj
 0001:00002800       ?root_get_interface_info@RLibraryObjCache@stdlib@media@modules@UModSys@@UEBAAEBUSUniquePointerInfo@core@5@XZ 0000000140003800 f i umodsys_lib_libmedia:umodsys.mod.media.stdlib.obj
 0001:00002810       ?root_get_interface_type@RLibraryObjCache@stdlib@media@modules@UModSys@@UEBAPEBUSUniquePointerInfo@core@5@XZ 0000000140003810 f i umodsys_lib_libmedia:umodsys.mod.media.stdlib.obj
 0001:00002820       ?root_get_other_interface@RLibraryObjCache@stdlib@media@modules@UModSys@@UEAAPEAUIRoot@core@5@PEBUSUniquePointerInfo@75@@Z 0000000140003820 f i umodsys_lib_libmedia:umodsys.mod.media.stdlib.obj
 0001:00002820       ?root_get_other_interface@RLibraryObjCache@stdlib@media@modules@UModSys@@UEBAPEBUIRoot@core@5@PEBUSUniquePointerInfo@75@@Z 0000000140003820 f i umodsys_lib_libmedia:umodsys.mod.media.stdlib.obj
 0001:00002860       ?root_is_interface_supported@RLibraryObjCache@stdlib@media@modules@UModSys@@UEBA_NPEBUSUniquePointerInfo@core@5@@Z 0000000140003860 f i umodsys_lib_libmedia:umodsys.mod.media.stdlib.obj
 0001:000028a0       ?ref_links@RLibraryObjFilter@stdlib@media@modules@UModSys@@UEBAHXZ 00000001400038a0 f i umodsys_lib_libmedia:umodsys.mod.media.stdlib.obj
 0001:000028a0       ?ref_links@RParameters@rsystem@base@UModSys@@UEBAHXZ 00000001400038a0 f i umodsys_lib_basesys:umodsys.basesys.rparameters.obj
 0001:000028a0       ?ref_links@RLibraryBinTree@stdlib@media@modules@UModSys@@UEBAHXZ 00000001400038a0 f i umodsys_lib_libmedia:umodsys.mod.media.stdlib.obj
 0001:000028a0       ?ref_links@RLibraryBinCache@stdlib@media@modules@UModSys@@UEBAHXZ 00000001400038a0 f i umodsys_lib_libmedia:umodsys.mod.media.stdlib.obj
 0001:000028a0       ?ref_links@RLibraryObjCache@stdlib@media@modules@UModSys@@UEBAHXZ 00000001400038a0 f i umodsys_lib_libmedia:umodsys.mod.media.stdlib.obj
 0001:000028a0       ?ref_links@RLibraryLayered@stdlib@media@modules@UModSys@@UEBAHXZ 00000001400038a0 f i umodsys_lib_libmedia:umodsys.mod.media.stdlib.obj
 0001:000028a0       ?ref_links@RDataArchiver_OsDir@stdio@media@modules@UModSys@@UEBAHXZ 00000001400038a0 f i umodsys_lib_libmedia:umodsys.mod.media.stdio.obj
 0001:000028b0       ?_root_get_interface_types@RLibraryObjFilter@stdlib@media@modules@UModSys@@SA_KAEAUSUniquePtrList@core@5@@Z 00000001400038b0 f i umodsys_lib_libmedia:umodsys.mod.media.stdlib.obj
 0001:00002920       ?root_get_interface_info@RLibraryObjFilter@stdlib@media@modules@UModSys@@UEBAAEBUSUniquePointerInfo@core@5@XZ 0000000140003920 f i umodsys_lib_libmedia:umodsys.mod.media.stdlib.obj
 0001:00002930       ?root_get_interface_type@RLibraryObjFilter@stdlib@media@modules@UModSys@@UEBAPEBUSUniquePointerInfo@core@5@XZ 0000000140003930 f i umodsys_lib_libmedia:umodsys.mod.media.stdlib.obj
 0001:00002940       ?root_get_other_interface@RLibraryObjFilter@stdlib@media@modules@UModSys@@UEAAPEAUIRoot@core@5@PEBUSUniquePointerInfo@75@@Z 0000000140003940 f i umodsys_lib_libmedia:umodsys.mod.media.stdlib.obj
 0001:00002940       ?root_get_other_interface@RLibraryObjFilter@stdlib@media@modules@UModSys@@UEBAPEBUIRoot@core@5@PEBUSUniquePointerInfo@75@@Z 0000000140003940 f i umodsys_lib_libmedia:umodsys.mod.media.stdlib.obj
 0001:00002980       ?root_is_interface_supported@RLibraryObjFilter@stdlib@media@modules@UModSys@@UEBA_NPEBUSUniquePointerInfo@core@5@@Z 0000000140003980 f i umodsys_lib_libmedia:umodsys.mod.media.stdlib.obj
 0001:000029c0       ?suicide@RLibraryObjFilter@stdlib@media@modules@UModSys@@UEAAXXZ 00000001400039c0 f i umodsys_lib_libmedia:umodsys.mod.media.stdlib.obj
 0001:000029c0       ?suicide@RLibraryBinCache@stdlib@media@modules@UModSys@@UEAAXXZ 00000001400039c0 f i umodsys_lib_libmedia:umodsys.mod.media.stdlib.obj
 0001:000029c0       ?suicide@RLibraryBinTree@stdlib@media@modules@UModSys@@UEAAXXZ 00000001400039c0 f i umodsys_lib_libmedia:umodsys.mod.media.stdlib.obj
 0001:000029c0       ?suicide@RDataArchiver_OsDir@stdio@media@modules@UModSys@@UEAAXXZ 00000001400039c0 f i umodsys_lib_libmedia:umodsys.mod.media.stdio.obj
 0001:000029c0       ?suicide@RLibraryLayered@stdlib@media@modules@UModSys@@UEAAXXZ 00000001400039c0 f i umodsys_lib_libmedia:umodsys.mod.media.stdlib.obj
 0001:000029c0       ?suicide@RLibraryObjCache@stdlib@media@modules@UModSys@@UEAAXXZ 00000001400039c0 f i umodsys_lib_libmedia:umodsys.mod.media.stdlib.obj
 0001:00002a10       ?get_generated_names@RGenerator@stdlib@media@modules@UModSys@@UEBAHAEAUSUniquePtrList@core@5@@Z 0000000140003a10 f i umodsys_lib_libmedia:umodsys.mod.media.stdlib.obj
 0001:00002a90       ?get_generated_types@RGenerator@stdlib@media@modules@UModSys@@UEBAHAEAUSUniquePtrList@core@5@PEBUSUniquePointerInfo@75@@Z 0000000140003a90 f i umodsys_lib_libmedia:umodsys.mod.media.stdlib.obj
 0001:00002b80       ?generate@RGenerator@stdlib@media@modules@UModSys@@UEAA_NAEAU?$TRefObject@UIRefObject@core@UModSys@@U?$TRefObjectFunc@UIRefObject@core@UModSys@@@tl@3@@tl@5@PEBUSUniquePointerInfo@core@5@AEBUSParameters@95@@Z 0000000140003b80 f i umodsys_lib_libmedia:umodsys.mod.media.stdlib.obj
 0001:00002e00       ?root_get_interface_info@RGenerator@stdlib@media@modules@UModSys@@UEBAAEBUSUniquePointerInfo@core@5@XZ 0000000140003e00 f i umodsys_lib_libmedia:umodsys.mod.media.stdlib.obj
 0001:00002e10       ?root_get_interface_type@RGenerator@stdlib@media@modules@UModSys@@UEBAPEBUSUniquePointerInfo@core@5@XZ 0000000140003e10 f i umodsys_lib_libmedia:umodsys.mod.media.stdlib.obj
 0001:00002e20       ?root_get_other_interface@RGenerator@stdlib@media@modules@UModSys@@UEBAPEBUIRoot@core@5@PEBUSUniquePointerInfo@75@@Z 0000000140003e20 f i umodsys_lib_libmedia:umodsys.mod.media.stdlib.obj
 0001:00002e20       ?root_get_other_interface@RGenerator@stdlib@media@modules@UModSys@@UEAAPEAUIRoot@core@5@PEBUSUniquePointerInfo@75@@Z 0000000140003e20 f i umodsys_lib_libmedia:umodsys.mod.media.stdlib.obj
 0001:00002e60       ?root_is_interface_supported@RGenerator@stdlib@media@modules@UModSys@@UEBA_NPEBUSUniquePointerInfo@core@5@@Z 0000000140003e60 f i umodsys_lib_libmedia:umodsys.mod.media.stdlib.obj
 0001:00002ea0       ?get_uid@RGenerator@stdlib@media@modules@UModSys@@UEBAPEBUSUniquePointerInfo@core@5@XZ 0000000140003ea0 f i umodsys_lib_libmedia:umodsys.mod.media.stdlib.obj
 0001:00002eb0       ??_ERUtilities@stdlib@media@modules@UModSys@@UEAAPEAXI@Z 0000000140003eb0 f i  CIL library: CIL module
 0001:00002eb0       ??_GRUtilities@stdlib@media@modules@UModSys@@UEAAPEAXI@Z 0000000140003eb0 f i umodsys_lib_libmedia:umodsys.mod.media.stdlib.obj
 0001:00002ee0       ??_ERBinArchiveFrame@stdlib@media@modules@UModSys@@UEAAPEAXI@Z 0000000140003ee0 f i  CIL library: CIL module
 0001:00002ee0       ??_GRBinArchiveFrame@stdlib@media@modules@UModSys@@UEAAPEAXI@Z 0000000140003ee0 f i umodsys_lib_libmedia:umodsys.mod.media.stdlib.obj
 0001:00002f10       ??1IBinArchiveFrame@libmedia@UModSys@@UEAA@XZ 0000000140003f10 f i umodsys_lib_libmedia:umodsys.mod.media.stdlib.obj
 0001:00002f90       ??_ERLibraryBinTree@stdlib@media@modules@UModSys@@UEAAPEAXI@Z 0000000140003f90 f i  CIL library: CIL module
 0001:00002f90       ??_GRLibraryBinTree@stdlib@media@modules@UModSys@@UEAAPEAXI@Z 0000000140003f90 f i umodsys_lib_libmedia:umodsys.mod.media.stdlib.obj
 0001:00002fc0       ??_ERLibraryBinCache@stdlib@media@modules@UModSys@@UEAAPEAXI@Z 0000000140003fc0 f i  CIL library: CIL module
 0001:00002fc0       ??_GRLibraryBinCache@stdlib@media@modules@UModSys@@UEAAPEAXI@Z 0000000140003fc0 f i umodsys_lib_libmedia:umodsys.mod.media.stdlib.obj
 0001:00002ff0       ??_ERLibraryLayered@stdlib@media@modules@UModSys@@UEAAPEAXI@Z 0000000140003ff0 f i  CIL library: CIL module
 0001:00002ff0       ??_GRLibraryLayered@stdlib@media@modules@UModSys@@UEAAPEAXI@Z 0000000140003ff0 f i umodsys_lib_libmedia:umodsys.mod.media.stdlib.obj
 0001:00003020       ??1ILibraryObjFilter@libmedia@UModSys@@UEAA@XZ 0000000140004020 f i umodsys_lib_libmedia:umodsys.mod.media.stdlib.obj
 0001:00003020       ??1IBinArchive@libmedia@UModSys@@UEAA@XZ 0000000140004020 f i umodsys_lib_libmedia:umodsys.mod.media.stdio.obj
 0001:00003020       ??1ILibraryObjCache@libmedia@UModSys@@UEAA@XZ 0000000140004020 f i umodsys_lib_libmedia:umodsys.mod.media.stdlib.obj
 0001:00003020       ??1ILibraryLayered@libmedia@UModSys@@UEAA@XZ 0000000140004020 f i umodsys_lib_libmedia:umodsys.mod.media.stdlib.obj
 0001:00003020       ??1ILibraryBinTree@libmedia@UModSys@@UEAA@XZ 0000000140004020 f i umodsys_lib_libmedia:umodsys.mod.media.stdlib.obj
 0001:00003020       ??1ILibraryBinCache@libmedia@UModSys@@UEAA@XZ 0000000140004020 f i umodsys_lib_libmedia:umodsys.mod.media.stdlib.obj
 0001:00003060       ??_GRLibraryObjCache@stdlib@media@modules@UModSys@@UEAAPEAXI@Z 0000000140004060 f i umodsys_lib_libmedia:umodsys.mod.media.stdlib.obj
 0001:00003060       ??_ERLibraryObjCache@stdlib@media@modules@UModSys@@UEAAPEAXI@Z 0000000140004060 f i  CIL library: CIL module
 0001:00003090       ??_ERLibraryObjFilter@stdlib@media@modules@UModSys@@UEAAPEAXI@Z 0000000140004090 f i  CIL library: CIL module
 0001:00003090       ??_GRLibraryObjFilter@stdlib@media@modules@UModSys@@UEAAPEAXI@Z 0000000140004090 f i umodsys_lib_libmedia:umodsys.mod.media.stdlib.obj
 0001:000030c0       ?do_open@RModuleReg@stdlib@media@modules@UModSys@@UEAA_NXZ 00000001400040c0 f i umodsys_lib_libmedia:umodsys.mod.media.stdlib.obj
 0001:000030d0       ?do_close@RModuleReg@stdlib@media@modules@UModSys@@UEAA_NXZ 00000001400040d0 f i umodsys_lib_libmedia:umodsys.mod.media.stdlib.obj
 0001:000030e0       ??_GRModuleReg@stdlib@media@modules@UModSys@@UEAAPEAXI@Z 00000001400040e0 f i umodsys_lib_libmedia:umodsys.mod.media.stdlib.obj
 0001:000030e0       ??_ERModuleReg@stdlib@media@modules@UModSys@@UEAAPEAXI@Z 00000001400040e0 f i  CIL library: CIL module
 0001:00003110       ??4?$TString@U?$TSCoreConst@D@su@tl@UModSys@@U?$TComparerBinaryHash@D@234@@tl@UModSys@@QEAAAEBU012@PEBD@Z 0000000140004110 f i umodsys_lib_libmedia:umodsys.mod.media.stdlib.obj
 0001:00003170       ??4?$TRefObject@UIStreamWriter@libmedia@UModSys@@U?$TRefObjectFunc@UIStreamWriter@libmedia@UModSys@@@tl@3@@tl@UModSys@@QEAAAEBU012@AEBU012@@Z 0000000140004170 f i umodsys_lib_libmedia:umodsys.mod.media.stdlib.obj
 0001:000031b0       ??0?$TString@U?$TSCoreShared@USIMemAlloc@core@UModSys@@D@su@tl@UModSys@@U?$TComparerBinaryHash@D@234@@tl@UModSys@@QEAA@AEBU?$TSCoreConst@D@su@12@@Z 00000001400041b0 f i umodsys_lib_libmedia:umodsys.mod.media.stdlib.obj
 0001:00003260       ?Push@?$TDynarray@U?$TDynarrayHolderDynamic@UBuffer@RUtilities@stdlib@media@modules@UModSys@@U?$TAllocator@USIMemAlloc@core@UModSys@@USCountCalcPower2@23@@tl@6@@tl@UModSys@@@tl@UModSys@@QEAA_NXZ 0000000140004260 f i umodsys_lib_libmedia:umodsys.mod.media.stdlib.obj
 0001:00003330       ??1?$TTreeHoldRBD@UNameNode@IBinArchiveFrame@libmedia@UModSys@@U?$TNodeDeleter0@UNameNode@IBinArchiveFrame@libmedia@UModSys@@@tl@4@@tl@UModSys@@QEAA@XZ 0000000140004330 f i umodsys_lib_libmedia:umodsys.mod.media.stdlib.obj
 0001:00003350       ??1?$TDynarray@U?$TDynarrayHolderDynamic@UBuffer@RUtilities@stdlib@media@modules@UModSys@@U?$TAllocator@USIMemAlloc@core@UModSys@@USCountCalcPower2@23@@tl@6@@tl@UModSys@@@tl@UModSys@@QEAA@XZ 0000000140004350 f i umodsys_lib_libmedia:umodsys.mod.media.stdlib.obj
 0001:000033c0       ??1?$TDynarray@U?$TDynarrayHolderDynamic@USLayerX@RLibraryLayered@stdlib@media@modules@UModSys@@U?$TAllocator@USIMemAlloc@core@UModSys@@USCountCalcPower2@23@@tl@6@@tl@UModSys@@@tl@UModSys@@QEAA@XZ 00000001400043c0 f i umodsys_lib_libmedia:umodsys.mod.media.stdlib.obj
 0001:00003430       ?remove_node@?$TTreeHoldRB@U?$TScatterArrayNode@USFilter@RLibraryObjFilter@stdlib@media@modules@UModSys@@USId@23456@@tl@UModSys@@@tl@UModSys@@QEAAXPEAU?$TScatterArrayNode@USFilter@RLibraryObjFilter@stdlib@media@modules@UModSys@@USId@23456@@23@@Z 0000000140004430 f i umodsys_lib_libmedia:umodsys.mod.media.stdlib.obj
 0001:00003430       ?remove_node@?$TTreeHoldRB@U?$TScatterArrayNode@USCacheElem@RLibraryBinCache@stdlib@media@modules@UModSys@@U?$TString@U?$TSCoreConst@D@su@tl@UModSys@@U?$TComparerBinaryHash@D@234@@tl@6@@tl@UModSys@@@tl@UModSys@@QEAAXPEAU?$TScatterArrayNode@USCacheElem@RLibraryBinCache@stdlib@media@modules@UModSys@@U?$TString@U?$TSCoreConst@D@su@tl@UModSys@@U?$TComparerBinaryHash@D@234@@tl@6@@23@@Z 0000000140004430 f i umodsys_lib_libmedia:umodsys.mod.media.stdlib.obj
 0001:00003430       ?remove_node@?$TTreeHoldRB@U?$TScatterArrayNode@USMountInfo@RLibraryBinTree@stdlib@media@modules@UModSys@@USId@ILibraryBinTree@libmedia@6@@tl@UModSys@@@tl@UModSys@@QEAAXPEAU?$TScatterArrayNode@USMountInfo@RLibraryBinTree@stdlib@media@modules@UModSys@@USId@ILibraryBinTree@libmedia@6@@23@@Z 0000000140004430 f i umodsys_lib_libmedia:umodsys.mod.media.stdlib.obj
 0001:00003430       ?remove_node@?$TTreeHoldRB@U?$TScatterArrayNode@USCacheElem@RLibraryObjCache@stdlib@media@modules@UModSys@@U?$TString@U?$TSCoreConst@D@su@tl@UModSys@@U?$TComparerBinaryHash@D@234@@tl@6@@tl@UModSys@@@tl@UModSys@@QEAAXPEAU?$TScatterArrayNode@USCacheElem@RLibraryObjCache@stdlib@media@modules@UModSys@@U?$TString@U?$TSCoreConst@D@su@tl@UModSys@@U?$TComparerBinaryHash@D@234@@tl@6@@23@@Z 0000000140004430 f i umodsys_lib_libmedia:umodsys.mod.media.stdlib.obj
 0001:00003430       ?remove_node@?$TTreeHoldRB@UNameNode@IBinArchiveFrame@libmedia@UModSys@@@tl@UModSys@@QEAAXPEAUNameNode@IBinArchiveFrame@libmedia@3@@Z 0000000140004430 f i umodsys_lib_libmedia:umodsys.mod.media.stdlib.obj
 0001:00003550       ??1?$TPair@USId@ILibraryBinTree@libmedia@UModSys@@USMountInfo@RLibraryBinTree@stdlib@media@modules@4@@tl@UModSys@@QEAA@XZ 0000000140004550 f i umodsys_lib_libmedia:umodsys.mod.media.stdlib.obj
 0001:00003590       ??1?$TPair@U?$TString@U?$TSCoreConst@D@su@tl@UModSys@@U?$TComparerBinaryHash@D@234@@tl@UModSys@@USCacheElem@RLibraryBinCache@stdlib@media@modules@3@@tl@UModSys@@QEAA@XZ 0000000140004590 f i umodsys_lib_libmedia:umodsys.mod.media.stdlib.obj
 0001:000035d0       ??1?$TPair@U?$TString@U?$TSCoreConst@D@su@tl@UModSys@@U?$TComparerBinaryHash@D@234@@tl@UModSys@@USCacheElem@RLibraryObjCache@stdlib@media@modules@3@@tl@UModSys@@QEAA@XZ 00000001400045d0 f i umodsys_lib_libmedia:umodsys.mod.media.stdlib.obj
 0001:00003610       ??1?$TPair@USId@RLibraryObjFilter@stdlib@media@modules@UModSys@@USFilter@23456@@tl@UModSys@@QEAA@XZ 0000000140004610 f i umodsys_lib_libmedia:umodsys.mod.media.stdlib.obj
 0001:00003640       ??1SMountInfo@RLibraryBinTree@stdlib@media@modules@UModSys@@QEAA@XZ 0000000140004640 f i umodsys_lib_libmedia:umodsys.mod.media.stdlib.obj
 0001:00003680       ??1SCacheElem@RLibraryBinCache@stdlib@media@modules@UModSys@@QEAA@XZ 0000000140004680 f i umodsys_lib_libmedia:umodsys.mod.media.stdlib.obj
 0001:000036c0       ??1SCacheElem@RLibraryObjCache@stdlib@media@modules@UModSys@@QEAA@XZ 00000001400046c0 f i umodsys_lib_libmedia:umodsys.mod.media.stdlib.obj
 0001:00003700       ?ResizeRel@?$TDynarray@U?$TDynarrayHolderDynamic@EU?$TAllocator@USIMemAlloc@core@UModSys@@USCountCalcPower2@23@@tl@UModSys@@@tl@UModSys@@@tl@UModSys@@QEAA_N_J@Z 0000000140004700 f i umodsys_lib_libmedia:umodsys.mod.media.stdlib.obj
 0001:000037c0       ?ResizeRel@?$TDynarray@U?$TDynarrayHolderDynamic@UBuffer@RUtilities@stdlib@media@modules@UModSys@@U?$TAllocator@USIMemAlloc@core@UModSys@@USCountCalcPower2@23@@tl@6@@tl@UModSys@@@tl@UModSys@@QEAA_N_J@Z 00000001400047c0 f i umodsys_lib_libmedia:umodsys.mod.media.stdlib.obj
 0001:000038c0       ?remove_color@?$TTreeHoldRB@UNameNode@IBinArchiveFrame@libmedia@UModSys@@@tl@UModSys@@IEAAXPEAUNameNode@IBinArchiveFrame@libmedia@3@0@Z 00000001400048c0 f i umodsys_lib_libmedia:umodsys.mod.media.stdlib.obj
 0001:000038c0       ?remove_color@?$TTreeHoldRB@U?$TScatterArrayNode@USMountInfo@RLibraryBinTree@stdlib@media@modules@UModSys@@USId@ILibraryBinTree@libmedia@6@@tl@UModSys@@@tl@UModSys@@IEAAXPEAU?$TScatterArrayNode@USMountInfo@RLibraryBinTree@stdlib@media@modules@UModSys@@USId@ILibraryBinTree@libmedia@6@@23@0@Z 00000001400048c0 f i umodsys_lib_libmedia:umodsys.mod.media.stdlib.obj
 0001:000038c0       ?remove_color@?$TTreeHoldRB@U?$TScatterArrayNode@USCacheElem@RLibraryBinCache@stdlib@media@modules@UModSys@@U?$TString@U?$TSCoreConst@D@su@tl@UModSys@@U?$TComparerBinaryHash@D@234@@tl@6@@tl@UModSys@@@tl@UModSys@@IEAAXPEAU?$TScatterArrayNode@USCacheElem@RLibraryBinCache@stdlib@media@modules@UModSys@@U?$TString@U?$TSCoreConst@D@su@tl@UModSys@@U?$TComparerBinaryHash@D@234@@tl@6@@23@0@Z 00000001400048c0 f i umodsys_lib_libmedia:umodsys.mod.media.stdlib.obj
 0001:000038c0       ?remove_color@?$TTreeHoldRB@U?$TScatterArrayNode@USFilter@RLibraryObjFilter@stdlib@media@modules@UModSys@@USId@23456@@tl@UModSys@@@tl@UModSys@@IEAAXPEAU?$TScatterArrayNode@USFilter@RLibraryObjFilter@stdlib@media@modules@UModSys@@USId@23456@@23@0@Z 00000001400048c0 f i umodsys_lib_libmedia:umodsys.mod.media.stdlib.obj
 0001:000038c0       ?remove_color@?$TTreeHoldRB@U?$TScatterArrayNode@USCacheElem@RLibraryObjCache@stdlib@media@modules@UModSys@@U?$TString@U?$TSCoreConst@D@su@tl@UModSys@@U?$TComparerBinaryHash@D@234@@tl@6@@tl@UModSys@@@tl@UModSys@@IEAAXPEAU?$TScatterArrayNode@USCacheElem@RLibraryObjCache@stdlib@media@modules@UModSys@@U?$TString@U?$TSCoreConst@D@su@tl@UModSys@@U?$TComparerBinaryHash@D@234@@tl@6@@23@0@Z 00000001400048c0 f i umodsys_lib_libmedia:umodsys.mod.media.stdlib.obj
 0001:00003b80       ??$new_node@U?$TString@U?$TSCoreConst@D@su@tl@UModSys@@U?$TComparerUtfNocaseHash@D@234@@tl@UModSys@@@RBinArchiveFrame@stdlib@media@modules@UModSys@@SAPEAUNameNode@IBinArchiveFrame@libmedia@4@AEBU?$TString@U?$TSCoreConst@D@su@tl@UModSys@@U?$TComparerUtfNocaseHash@D@234@@tl@4@HPEAUSMem@core@4@@Z 0000000140004b80 f i umodsys_lib_libmedia:umodsys.mod.media.stdlib.obj
 0001:00003c80       ??$new_node@U?$TString@U?$TSCoreConst@D@su@tl@UModSys@@U?$TComparerBinaryHash@D@234@@tl@UModSys@@@RBinArchiveFrame@stdlib@media@modules@UModSys@@SAPEAUNameNode@IBinArchiveFrame@libmedia@4@AEBU?$TString@U?$TSCoreConst@D@su@tl@UModSys@@U?$TComparerBinaryHash@D@234@@tl@4@HPEAUSMem@core@4@@Z 0000000140004c80 f i umodsys_lib_libmedia:umodsys.mod.media.stdlib.obj
 0001:00003d80       ?ResizeRel@?$TDynarray@U?$TDynarrayHolderDynamic@USLayerX@RLibraryLayered@stdlib@media@modules@UModSys@@U?$TAllocator@USIMemAlloc@core@UModSys@@USCountCalcPower2@23@@tl@6@@tl@UModSys@@@tl@UModSys@@QEAA_N_J@Z 0000000140004d80 f i umodsys_lib_libmedia:umodsys.mod.media.stdlib.obj
 0001:00003e10       ?InsertAt@?$TDynarray@U?$TDynarrayHolderDynamic@USLayerX@RLibraryLayered@stdlib@media@modules@UModSys@@U?$TAllocator@USIMemAlloc@core@UModSys@@USCountCalcPower2@23@@tl@6@@tl@UModSys@@@tl@UModSys@@QEAA_N_K0@Z 0000000140004e10 f i umodsys_lib_libmedia:umodsys.mod.media.stdlib.obj
 0001:00003ea0       ??$wildcmp@D@su@tl@UModSys@@YA_NPEBD0@Z 0000000140004ea0 f i umodsys_lib_libmedia:umodsys.mod.media.stdlib.obj
 0001:00003f40       ??$remove_seq@P6A_NPEAUNameNode@IBinArchiveFrame@libmedia@UModSys@@@Z@?$TTreeHoldRB@UNameNode@IBinArchiveFrame@libmedia@UModSys@@@tl@UModSys@@QEAAHP6A_NPEAUNameNode@IBinArchiveFrame@libmedia@2@@Z@Z 0000000140004f40 f i umodsys_lib_libmedia:umodsys.mod.media.stdlib.obj
 0001:00004010       ??$gen_node@UNameNodeCmpUC@IBinArchiveFrame@libmedia@UModSys@@UNN_Add@RBinArchiveFrame@stdlib@media@modules@4@@?$TTreeHoldRB@UNameNode@IBinArchiveFrame@libmedia@UModSys@@@tl@UModSys@@QEAAPEAUNameNode@IBinArchiveFrame@libmedia@2@UNameNodeCmpUC@452@AEBUNN_Add@RBinArchiveFrame@stdlib@media@modules@2@PEAPEAU3452@2_N@Z 0000000140005010 f i umodsys_lib_libmedia:umodsys.mod.media.stdlib.obj
 0001:00004140       ??$find_node_u@UNameNodeCmpUC@IBinArchiveFrame@libmedia@UModSys@@@?$TTreeHoldRB@UNameNode@IBinArchiveFrame@libmedia@UModSys@@@tl@UModSys@@QEBAPEAUNameNode@IBinArchiveFrame@libmedia@2@UNameNodeCmpUC@452@@Z 0000000140005140 f i umodsys_lib_libmedia:umodsys.mod.media.stdlib.obj
 0001:000041f0       ??$find_node_u@UNameNodeCmpC@IBinArchiveFrame@libmedia@UModSys@@@?$TTreeHoldRB@UNameNode@IBinArchiveFrame@libmedia@UModSys@@@tl@UModSys@@QEBAPEAUNameNode@IBinArchiveFrame@libmedia@2@UNameNodeCmpC@452@@Z 00000001400051f0 f i umodsys_lib_libmedia:umodsys.mod.media.stdlib.obj
 0001:000042a0       ??$genx_node@UCmp@?$TScatterArray@USMountInfo@RLibraryBinTree@stdlib@media@modules@UModSys@@USId@ILibraryBinTree@libmedia@6@U7896@U?$TNodeDeleter0@U?$TScatterArrayNode@USMountInfo@RLibraryBinTree@stdlib@media@modules@UModSys@@USId@ILibraryBinTree@libmedia@6@@tl@UModSys@@@tl@6@@tl@UModSys@@UGen0@234@@?$TTreeHoldRBD@U?$TScatterArrayNode@USMountInfo@RLibraryBinTree@stdlib@media@modules@UModSys@@USId@ILibraryBinTree@libmedia@6@@tl@UModSys@@U?$TNodeDeleter0@U?$TScatterArrayNode@USMountInfo@RLibraryBinTree@stdlib@media@modules@UModSys@@USId@ILibraryBinTree@libmedia@6@@tl@UModSys@@@23@@tl@UModSys@@QEAAPEAU?$TScatterArrayNode@USMountInfo@RLibraryBinTree@stdlib@media@modules@UModSys@@USId@ILibraryBinTree@libmedia@6@@12@UCmp@?$TScatterArray@USMountInfo@RLibraryBinTree@stdlib@media@modules@UModSys@@USId@ILibraryBinTree@libmedia@6@U7896@U?$TNodeDeleter0@U?$TScatterArrayNode@USMountInfo@RLibraryBinTree@stdlib@media@modules@UModSys@@USId@ILibraryBinTree@libmedia@6@@tl@UModSys@@@tl@6@@12@AEBUGen0@512@PEAPEAU312@2_N@Z 00000001400052a0 f i umodsys_lib_libmedia:umodsys.mod.media.stdlib.obj
 0001:00004440       ??$find_node_u@UCmp@?$TScatterArray@USMountInfo@RLibraryBinTree@stdlib@media@modules@UModSys@@USId@ILibraryBinTree@libmedia@6@U7896@U?$TNodeDeleter0@U?$TScatterArrayNode@USMountInfo@RLibraryBinTree@stdlib@media@modules@UModSys@@USId@ILibraryBinTree@libmedia@6@@tl@UModSys@@@tl@6@@tl@UModSys@@@?$TTreeHoldRB@U?$TScatterArrayNode@USMountInfo@RLibraryBinTree@stdlib@media@modules@UModSys@@USId@ILibraryBinTree@libmedia@6@@tl@UModSys@@@tl@UModSys@@QEBAPEAU?$TScatterArrayNode@USMountInfo@RLibraryBinTree@stdlib@media@modules@UModSys@@USId@ILibraryBinTree@libmedia@6@@12@UCmp@?$TScatterArray@USMountInfo@RLibraryBinTree@stdlib@media@modules@UModSys@@USId@ILibraryBinTree@libmedia@6@U7896@U?$TNodeDeleter0@U?$TScatterArrayNode@USMountInfo@RLibraryBinTree@stdlib@media@modules@UModSys@@USId@ILibraryBinTree@libmedia@6@@tl@UModSys@@@tl@6@@12@@Z 0000000140005440 f i umodsys_lib_libmedia:umodsys.mod.media.stdlib.obj
 0001:00004520       ??$genx_node@UCmp@?$TScatterArray@USCacheElem@RLibraryBinCache@stdlib@media@modules@UModSys@@U?$TString@U?$TSCoreConst@D@su@tl@UModSys@@U?$TComparerBinaryHash@D@234@@tl@6@U?$TObjectCompare@U?$TString@U?$TSCoreConst@D@su@tl@UModSys@@U?$TComparerBinaryHash@D@234@@tl@UModSys@@@core@6@U?$TNodeDeleter0@U?$TScatterArrayNode@USCacheElem@RLibraryBinCache@stdlib@media@modules@UModSys@@U?$TString@U?$TSCoreConst@D@su@tl@UModSys@@U?$TComparerBinaryHash@D@234@@tl@6@@tl@UModSys@@@86@@tl@UModSys@@UGen0@234@@?$TTreeHoldRBD@U?$TScatterArrayNode@USCacheElem@RLibraryBinCache@stdlib@media@modules@UModSys@@U?$TString@U?$TSCoreConst@D@su@tl@UModSys@@U?$TComparerBinaryHash@D@234@@tl@6@@tl@UModSys@@U?$TNodeDeleter0@U?$TScatterArrayNode@USCacheElem@RLibraryBinCache@stdlib@media@modules@UModSys@@U?$TString@U?$TSCoreConst@D@su@tl@UModSys@@U?$TComparerBinaryHash@D@234@@tl@6@@tl@UModSys@@@23@@tl@UModSys@@QEAAPEAU?$TScatterArrayNode@USCacheElem@RLibraryBinCache@stdlib@media@modules@UModSys@@U?$TString@U?$TSCoreConst@D@su@tl@UModSys@@U?$TComparerBinaryHash@D@234@@tl@6@@12@UCmp@?$TScatterArray@USCacheElem@RLibraryBinCache@stdlib@media@modules@UModSys@@U?$TString@U?$TSCoreConst@D@su@tl@UModSys@@U?$TComparerBinaryHash@D@234@@tl@6@U?$TObjectCompare@U?$TString@U?$TSCoreConst@D@su@tl@UModSys@@U?$TComparerBinaryHash@D@234@@tl@UModSys@@@core@6@U?$TNodeDeleter0@U?$TScatterArrayNode@USCacheElem@RLibraryBinCache@stdlib@media@modules@UModSys@@U?$TString@U?$TSCoreConst@D@su@tl@UModSys@@U?$TComparerBinaryHash@D@234@@tl@6@@tl@UModSys@@@86@@12@AEBUGen0@512@PEAPEAU312@2_N@Z 0000000140005520 f i umodsys_lib_libmedia:umodsys.mod.media.stdlib.obj
 0001:000046a0       ??$genx_node@UCmp@?$TScatterArray@USCacheElem@RLibraryObjCache@stdlib@media@modules@UModSys@@U?$TString@U?$TSCoreConst@D@su@tl@UModSys@@U?$TComparerBinaryHash@D@234@@tl@6@U?$TObjectCompare@U?$TString@U?$TSCoreConst@D@su@tl@UModSys@@U?$TComparerBinaryHash@D@234@@tl@UModSys@@@core@6@U?$TNodeDeleter0@U?$TScatterArrayNode@USCacheElem@RLibraryObjCache@stdlib@media@modules@UModSys@@U?$TString@U?$TSCoreConst@D@su@tl@UModSys@@U?$TComparerBinaryHash@D@234@@tl@6@@tl@UModSys@@@86@@tl@UModSys@@UGen0@234@@?$TTreeHoldRBD@U?$TScatterArrayNode@USCacheElem@RLibraryObjCache@stdlib@media@modules@UModSys@@U?$TString@U?$TSCoreConst@D@su@tl@UModSys@@U?$TComparerBinaryHash@D@234@@tl@6@@tl@UModSys@@U?$TNodeDeleter0@U?$TScatterArrayNode@USCacheElem@RLibraryObjCache@stdlib@media@modules@UModSys@@U?$TString@U?$TSCoreConst@D@su@tl@UModSys@@U?$TComparerBinaryHash@D@234@@tl@6@@tl@UModSys@@@23@@tl@UModSys@@QEAAPEAU?$TScatterArrayNode@USCacheElem@RLibraryObjCache@stdlib@media@modules@UModSys@@U?$TString@U?$TSCoreConst@D@su@tl@UModSys@@U?$TComparerBinaryHash@D@234@@tl@6@@12@UCmp@?$TScatterArray@USCacheElem@RLibraryObjCache@stdlib@media@modules@UModSys@@U?$TString@U?$TSCoreConst@D@su@tl@UModSys@@U?$TComparerBinaryHash@D@234@@tl@6@U?$TObjectCompare@U?$TString@U?$TSCoreConst@D@su@tl@UModSys@@U?$TComparerBinaryHash@D@234@@tl@UModSys@@@core@6@U?$TNodeDeleter0@U?$TScatterArrayNode@USCacheElem@RLibraryObjCache@stdlib@media@modules@UModSys@@U?$TString@U?$TSCoreConst@D@su@tl@UModSys@@U?$TComparerBinaryHash@D@234@@tl@6@@tl@UModSys@@@86@@12@AEBUGen0@512@PEAPEAU312@2_N@Z 00000001400056a0 f i umodsys_lib_libmedia:umodsys.mod.media.stdlib.obj
 0001:00004820       ??$find_node_u@UCmp@?$TScatterArray@USCacheElem@RLibraryObjCache@stdlib@media@modules@UModSys@@U?$TString@U?$TSCoreConst@D@su@tl@UModSys@@U?$TComparerBinaryHash@D@234@@tl@6@U?$TObjectCompare@U?$TString@U?$TSCoreConst@D@su@tl@UModSys@@U?$TComparerBinaryHash@D@234@@tl@UModSys@@@core@6@U?$TNodeDeleter0@U?$TScatterArrayNode@USCacheElem@RLibraryObjCache@stdlib@media@modules@UModSys@@U?$TString@U?$TSCoreConst@D@su@tl@UModSys@@U?$TComparerBinaryHash@D@234@@tl@6@@tl@UModSys@@@86@@tl@UModSys@@@?$TTreeHoldRB@U?$TScatterArrayNode@USCacheElem@RLibraryObjCache@stdlib@media@modules@UModSys@@U?$TString@U?$TSCoreConst@D@su@tl@UModSys@@U?$TComparerBinaryHash@D@234@@tl@6@@tl@UModSys@@@tl@UModSys@@QEBAPEAU?$TScatterArrayNode@USCacheElem@RLibraryObjCache@stdlib@media@modules@UModSys@@U?$TString@U?$TSCoreConst@D@su@tl@UModSys@@U?$TComparerBinaryHash@D@234@@tl@6@@12@UCmp@?$TScatterArray@USCacheElem@RLibraryObjCache@stdlib@media@modules@UModSys@@U?$TString@U?$TSCoreConst@D@su@tl@UModSys@@U?$TComparerBinaryHash@D@234@@tl@6@U?$TObjectCompare@U?$TString@U?$TSCoreConst@D@su@tl@UModSys@@U?$TComparerBinaryHash@D@234@@tl@UModSys@@@core@6@U?$TNodeDeleter0@U?$TScatterArrayNode@USCacheElem@RLibraryObjCache@stdlib@media@modules@UModSys@@U?$TString@U?$TSCoreConst@D@su@tl@UModSys@@U?$TComparerBinaryHash@D@234@@tl@6@@tl@UModSys@@@86@@12@@Z 0000000140005820 f i umodsys_lib_libmedia:umodsys.mod.media.stdlib.obj
 0001:00004820       ??$find_node_u@UCmp@?$TScatterArray@USCacheElem@RLibraryBinCache@stdlib@media@modules@UModSys@@U?$TString@U?$TSCoreConst@D@su@tl@UModSys@@U?$TComparerBinaryHash@D@234@@tl@6@U?$TObjectCompare@U?$TString@U?$TSCoreConst@D@su@tl@UModSys@@U?$TComparerBinaryHash@D@234@@tl@UModSys@@@core@6@U?$TNodeDeleter0@U?$TScatterArrayNode@USCacheElem@RLibraryBinCache@stdlib@media@modules@UModSys@@U?$TString@U?$TSCoreConst@D@su@tl@UModSys@@U?$TComparerBinaryHash@D@234@@tl@6@@tl@UModSys@@@86@@tl@UModSys@@@?$TTreeHoldRB@U?$TScatterArrayNode@USCacheElem@RLibraryBinCache@stdlib@media@modules@UModSys@@U?$TString@U?$TSCoreConst@D@su@tl@UModSys@@U?$TComparerBinaryHash@D@234@@tl@6@@tl@UModSys@@@tl@UModSys@@QEBAPEAU?$TScatterArrayNode@USCacheElem@RLibraryBinCache@stdlib@media@modules@UModSys@@U?$TString@U?$TSCoreConst@D@su@tl@UModSys@@U?$TComparerBinaryHash@D@234@@tl@6@@12@UCmp@?$TScatterArray@USCacheElem@RLibraryBinCache@stdlib@media@modules@UModSys@@U?$TString@U?$TSCoreConst@D@su@tl@UModSys@@U?$TComparerBinaryHash@D@234@@tl@6@U?$TObjectCompare@U?$TString@U?$TSCoreConst@D@su@tl@UModSys@@U?$TComparerBinaryHash@D@234@@tl@UModSys@@@core@6@U?$TNodeDeleter0@U?$TScatterArrayNode@USCacheElem@RLibraryBinCache@stdlib@media@modules@UModSys@@U?$TString@U?$TSCoreConst@D@su@tl@UModSys@@U?$TComparerBinaryHash@D@234@@tl@6@@tl@UModSys@@@86@@12@@Z 0000000140005820 f i umodsys_lib_libmedia:umodsys.mod.media.stdlib.obj
 0001:000048e0       ??$genx_node@UCmp@?$TScatterArray@USFilter@RLibraryObjFilter@stdlib@media@modules@UModSys@@USId@23456@U723456@U?$TNodeDeleter0@U?$TScatterArrayNode@USFilter@RLibraryObjFilter@stdlib@media@modules@UModSys@@USId@23456@@tl@UModSys@@@tl@6@@tl@UModSys@@UGen0@234@@?$TTreeHoldRBD@U?$TScatterArrayNode@USFilter@RLibraryObjFilter@stdlib@media@modules@UModSys@@USId@23456@@tl@UModSys@@U?$TNodeDeleter0@U?$TScatterArrayNode@USFilter@RLibraryObjFilter@stdlib@media@modules@UModSys@@USId@23456@@tl@UModSys@@@23@@tl@UModSys@@QEAAPEAU?$TScatterArrayNode@USFilter@RLibraryObjFilter@stdlib@media@modules@UModSys@@USId@23456@@12@UCmp@?$TScatterArray@USFilter@RLibraryObjFilter@stdlib@media@modules@UModSys@@USId@23456@U723456@U?$TNodeDeleter0@U?$TScatterArrayNode@USFilter@RLibraryObjFilter@stdlib@media@modules@UModSys@@USId@23456@@tl@UModSys@@@tl@6@@12@AEBUGen0@512@PEAPEAU312@2_N@Z 00000001400058e0 f i umodsys_lib_libmedia:umodsys.mod.media.stdlib.obj
 0001:00004a40       ??$process_nodes@U?$TNodeDeleter0@UNameNode@IBinArchiveFrame@libmedia@UModSys@@@tl@UModSys@@@?$TTreeHoldRB@UNameNode@IBinArchiveFrame@libmedia@UModSys@@@tl@UModSys@@QEAAHAEBU?$TNodeDeleter0@UNameNode@IBinArchiveFrame@libmedia@UModSys@@@12@@Z 0000000140005a40 f i umodsys_lib_libmedia:umodsys.mod.media.stdlib.obj
 0001:00004ac0       ?sub_insert_node@?$TTreeHoldRB@UNameNode@IBinArchiveFrame@libmedia@UModSys@@@tl@UModSys@@QEAAXPEAUNameNode@IBinArchiveFrame@libmedia@3@0H@Z 0000000140005ac0 f i umodsys_lib_libmedia:umodsys.mod.media.stdlib.obj
 0001:00004b40       ?ReLink@?$TDynarray@U?$TDynarrayHolderDynamic@USLayerX@RLibraryLayered@stdlib@media@modules@UModSys@@U?$TAllocator@USIMemAlloc@core@UModSys@@USCountCalcPower2@23@@tl@6@@tl@UModSys@@@tl@UModSys@@IEAA_N_K@Z 0000000140005b40 f i umodsys_lib_libmedia:umodsys.mod.media.stdlib.obj
 0001:00004bb0       ?items_destruct@?$TDynarray@U?$TDynarrayHolderDynamic@USLayerX@RLibraryLayered@stdlib@media@modules@UModSys@@U?$TAllocator@USIMemAlloc@core@UModSys@@USCountCalcPower2@23@@tl@6@@tl@UModSys@@@tl@UModSys@@IEAAX_K0@Z 0000000140005bb0 f i umodsys_lib_libmedia:umodsys.mod.media.stdlib.obj
 0001:00004c30       ?amoveright@?$TTypeConstructor@USLayerX@RLibraryLayered@stdlib@media@modules@UModSys@@@tl@UModSys@@SAXPEAUSLayerX@RLibraryLayered@stdlib@media@modules@3@_K11@Z 0000000140005c30 f i umodsys_lib_libmedia:umodsys.mod.media.stdlib.obj
 0001:00004d80       ?amoveleft@?$TTypeConstructor@USLayerX@RLibraryLayered@stdlib@media@modules@UModSys@@@tl@UModSys@@SAXPEAUSLayerX@RLibraryLayered@stdlib@media@modules@3@_K11@Z 0000000140005d80 f i umodsys_lib_libmedia:umodsys.mod.media.stdlib.obj
 0001:00004ed0       ??0?$TScatterArrayNode@USMountInfo@RLibraryBinTree@stdlib@media@modules@UModSys@@USId@ILibraryBinTree@libmedia@6@@tl@UModSys@@QEAA@AEBUSId@ILibraryBinTree@libmedia@2@@Z 0000000140005ed0 f i umodsys_lib_libmedia:umodsys.mod.media.stdlib.obj
 0001:00004fa0       ??0?$TScatterArrayNode@USCacheElem@RLibraryBinCache@stdlib@media@modules@UModSys@@U?$TString@U?$TSCoreConst@D@su@tl@UModSys@@U?$TComparerBinaryHash@D@234@@tl@6@@tl@UModSys@@QEAA@AEBU?$TString@U?$TSCoreConst@D@su@tl@UModSys@@U?$TComparerBinaryHash@D@234@@12@@Z 0000000140005fa0 f i umodsys_lib_libmedia:umodsys.mod.media.stdlib.obj
 0001:000050e0       ??0?$TScatterArrayNode@USCacheElem@RLibraryObjCache@stdlib@media@modules@UModSys@@U?$TString@U?$TSCoreConst@D@su@tl@UModSys@@U?$TComparerBinaryHash@D@234@@tl@6@@tl@UModSys@@QEAA@AEBU?$TString@U?$TSCoreConst@D@su@tl@UModSys@@U?$TComparerBinaryHash@D@234@@12@@Z 00000001400060e0 f i umodsys_lib_libmedia:umodsys.mod.media.stdlib.obj
 0001:00005220       ?aconstruct@?$TTypeConstructor@USLayerX@RLibraryLayered@stdlib@media@modules@UModSys@@@tl@UModSys@@SAXPEAUSLayerX@RLibraryLayered@stdlib@media@modules@3@_K@Z 0000000140006220 f i umodsys_lib_libmedia:umodsys.mod.media.stdlib.obj
 0001:00005300       ?adestruct@?$TTypeConstructor@UBuffer@RUtilities@stdlib@media@modules@UModSys@@@tl@UModSys@@SAXPEAUBuffer@RUtilities@stdlib@media@modules@3@_K@Z 0000000140006300 f i umodsys_lib_libmedia:umodsys.mod.media.stdlib.obj
 0001:000053b0       ??0?$TSCoreShared@USIMemAlloc@core@UModSys@@D@su@tl@UModSys@@QEAA@AEBU0123@@Z 00000001400063b0 f i umodsys_lib_libmedia:umodsys.mod.media.stdlib.obj
 0001:00005440       ??0?$TPair@USId@ILibraryBinTree@libmedia@UModSys@@USMountInfo@RLibraryBinTree@stdlib@media@modules@4@@tl@UModSys@@QEAA@AEBUSId@ILibraryBinTree@libmedia@2@AEBUSMountInfo@RLibraryBinTree@stdlib@media@modules@2@@Z 0000000140006440 f i umodsys_lib_libmedia:umodsys.mod.media.stdlib.obj
 0001:000054e0       ??0?$TPair@U?$TString@U?$TSCoreConst@D@su@tl@UModSys@@U?$TComparerBinaryHash@D@234@@tl@UModSys@@USCacheElem@RLibraryBinCache@stdlib@media@modules@3@@tl@UModSys@@QEAA@AEBU?$TString@U?$TSCoreConst@D@su@tl@UModSys@@U?$TComparerBinaryHash@D@234@@12@AEBUSCacheElem@RLibraryBinCache@stdlib@media@modules@2@@Z 00000001400064e0 f i umodsys_lib_libmedia:umodsys.mod.media.stdlib.obj
 0001:00005570       ??0?$TPair@U?$TString@U?$TSCoreConst@D@su@tl@UModSys@@U?$TComparerBinaryHash@D@234@@tl@UModSys@@USCacheElem@RLibraryObjCache@stdlib@media@modules@3@@tl@UModSys@@QEAA@AEBU?$TString@U?$TSCoreConst@D@su@tl@UModSys@@U?$TComparerBinaryHash@D@234@@12@AEBUSCacheElem@RLibraryObjCache@stdlib@media@modules@2@@Z 0000000140006570 f i umodsys_lib_libmedia:umodsys.mod.media.stdlib.obj
 0001:00005610       ?s_init@?$TRefObjectFunc@UIRefObject@core@UModSys@@@tl@UModSys@@SAXAEAPEAUIRefObject@core@3@PEAU453@@Z 0000000140006610 f i umodsys_lib_libmedia:umodsys.mod.media.stdlib.obj
 0001:00005650       ?insert_color@?$TTreeHoldRB@U?$TQuantArrayNode@USUniquePointerInfo@core@UModSys@@$0BAA@@tl@UModSys@@@tl@UModSys@@IEAAXPEAU?$TQuantArrayNode@USUniquePointerInfo@core@UModSys@@$0BAA@@23@@Z 0000000140006650 f i umodsys_lib_basesys:umodsys.basesys.rsystem.obj
 0001:00005650       ?insert_color@?$TTreeHoldRB@U?$TScatterArrayNode@USCacheElem@RLibraryObjCache@stdlib@media@modules@UModSys@@U?$TString@U?$TSCoreConst@D@su@tl@UModSys@@U?$TComparerBinaryHash@D@234@@tl@6@@tl@UModSys@@@tl@UModSys@@IEAAXPEAU?$TScatterArrayNode@USCacheElem@RLibraryObjCache@stdlib@media@modules@UModSys@@U?$TString@U?$TSCoreConst@D@su@tl@UModSys@@U?$TComparerBinaryHash@D@234@@tl@6@@23@@Z 0000000140006650 f i umodsys_lib_libmedia:umodsys.mod.media.stdlib.obj
 0001:00005650       ?insert_color@?$TTreeHoldRB@U?$TQuantArrayNode@USSourceContext@core@UModSys@@$0BAA@@tl@UModSys@@@tl@UModSys@@IEAAXPEAU?$TQuantArrayNode@USSourceContext@core@UModSys@@$0BAA@@23@@Z 0000000140006650 f i umodsys_lib_basesys:umodsys.basesys.rsystem.obj
 0001:00005650       ?insert_color@?$TTreeHoldRB@UNameNode@IBinArchiveFrame@libmedia@UModSys@@@tl@UModSys@@IEAAXPEAUNameNode@IBinArchiveFrame@libmedia@3@@Z 0000000140006650 f i umodsys_lib_libmedia:umodsys.mod.media.stdlib.obj
 0001:00005650       ?insert_color@?$TTreeHoldRB@U?$TScatterArrayNode@USMountInfo@RLibraryBinTree@stdlib@media@modules@UModSys@@USId@ILibraryBinTree@libmedia@6@@tl@UModSys@@@tl@UModSys@@IEAAXPEAU?$TScatterArrayNode@USMountInfo@RLibraryBinTree@stdlib@media@modules@UModSys@@USId@ILibraryBinTree@libmedia@6@@23@@Z 0000000140006650 f i umodsys_lib_libmedia:umodsys.mod.media.stdlib.obj
 0001:00005650       ?insert_color@?$TTreeHoldRB@U?$TScatterArrayNode@USCacheElem@RLibraryBinCache@stdlib@media@modules@UModSys@@U?$TString@U?$TSCoreConst@D@su@tl@UModSys@@U?$TComparerBinaryHash@D@234@@tl@6@@tl@UModSys@@@tl@UModSys@@IEAAXPEAU?$TScatterArrayNode@USCacheElem@RLibraryBinCache@stdlib@media@modules@UModSys@@U?$TString@U?$TSCoreConst@D@su@tl@UModSys@@U?$TComparerBinaryHash@D@234@@tl@6@@23@@Z 0000000140006650 f i umodsys_lib_libmedia:umodsys.mod.media.stdlib.obj
 0001:00005650       ?insert_color@?$TTreeHoldRB@U?$TScatterArrayNode@USFilter@RLibraryObjFilter@stdlib@media@modules@UModSys@@USId@23456@@tl@UModSys@@@tl@UModSys@@IEAAXPEAU?$TScatterArrayNode@USFilter@RLibraryObjFilter@stdlib@media@modules@UModSys@@USId@23456@@23@@Z 0000000140006650 f i umodsys_lib_libmedia:umodsys.mod.media.stdlib.obj
 0001:00005800       ??$ValidateConstruction@UIRefObject@core@UModSys@@URLibraryBinCache@stdlib@media@modules@3@@core@UModSys@@YA_NAEAU?$TRefObject@UIRefObject@core@UModSys@@U?$TRefObjectFunc@UIRefObject@core@UModSys@@@tl@3@@tl@1@PEAURLibraryBinCache@stdlib@media@modules@1@@Z 0000000140006800 f i umodsys_lib_libmedia:umodsys.mod.media.stdlib.obj
 0001:00005800       ??$ValidateConstruction@UIRefObject@core@UModSys@@URLibraryBinTree@stdlib@media@modules@3@@core@UModSys@@YA_NAEAU?$TRefObject@UIRefObject@core@UModSys@@U?$TRefObjectFunc@UIRefObject@core@UModSys@@@tl@3@@tl@1@PEAURLibraryBinTree@stdlib@media@modules@1@@Z 0000000140006800 f i umodsys_lib_libmedia:umodsys.mod.media.stdlib.obj
 0001:00005800       ??$ValidateConstruction@UIRefObject@core@UModSys@@URLibraryLayered@stdlib@media@modules@3@@core@UModSys@@YA_NAEAU?$TRefObject@UIRefObject@core@UModSys@@U?$TRefObjectFunc@UIRefObject@core@UModSys@@@tl@3@@tl@1@PEAURLibraryLayered@stdlib@media@modules@1@@Z 0000000140006800 f i umodsys_lib_libmedia:umodsys.mod.media.stdlib.obj
 0001:00005800       ??$ValidateConstruction@UIRefObject@core@UModSys@@URDataArchiver_OsDir@stdio@media@modules@3@@core@UModSys@@YA_NAEAU?$TRefObject@UIRefObject@core@UModSys@@U?$TRefObjectFunc@UIRefObject@core@UModSys@@@tl@3@@tl@1@PEAURDataArchiver_OsDir@stdio@media@modules@1@@Z 0000000140006800 f i umodsys_lib_libmedia:umodsys.mod.media.stdio.obj
 0001:00005800       ??$ValidateConstruction@UIRefObject@core@UModSys@@URLibraryObjCache@stdlib@media@modules@3@@core@UModSys@@YA_NAEAU?$TRefObject@UIRefObject@core@UModSys@@U?$TRefObjectFunc@UIRefObject@core@UModSys@@@tl@3@@tl@1@PEAURLibraryObjCache@stdlib@media@modules@1@@Z 0000000140006800 f i umodsys_lib_libmedia:umodsys.mod.media.stdlib.obj
 0001:00005800       ??$ValidateConstruction@UIRefObject@core@UModSys@@URUtilities@stdlib@media@modules@3@@core@UModSys@@YA_NAEAU?$TRefObject@UIRefObject@core@UModSys@@U?$TRefObjectFunc@UIRefObject@core@UModSys@@@tl@3@@tl@1@PEAURUtilities@stdlib@media@modules@1@@Z 0000000140006800 f i umodsys_lib_libmedia:umodsys.mod.media.stdlib.obj
 0001:00005800       ??$ValidateConstruction@UIRefObject@core@UModSys@@URLibraryObjFilter@stdlib@media@modules@3@@core@UModSys@@YA_NAEAU?$TRefObject@UIRefObject@core@UModSys@@U?$TRefObjectFunc@UIRefObject@core@UModSys@@@tl@3@@tl@1@PEAURLibraryObjFilter@stdlib@media@modules@1@@Z 0000000140006800 f i umodsys_lib_libmedia:umodsys.mod.media.stdlib.obj
 0001:00005870       ??$ValidateConstruction@UIRefObject@core@UModSys@@URBinArchiveFrame@stdlib@media@modules@3@@core@UModSys@@YA_NAEAU?$TRefObject@UIRefObject@core@UModSys@@U?$TRefObjectFunc@UIRefObject@core@UModSys@@@tl@3@@tl@1@PEAURBinArchiveFrame@stdlib@media@modules@1@@Z 0000000140006870 f i umodsys_lib_libmedia:umodsys.mod.media.stdlib.obj
 0001:000058f0       ??$is_flag@U?$TFlags4StateShift@USMediaFlagUid@libmedia@UModSys@@I$00@tl@UModSys@@@SFlags@libmedia@UModSys@@QEBA_NPEBUIResolverAuto@012@W4eStates@?$TFlags4State@USMediaFlagUid@libmedia@UModSys@@I@tl@2@@Z 00000001400068f0 f i umodsys_lib_libmedia:umodsys.mod.media.stdlib.obj
 0001:00005980       ??$is_flag@U?$TFlags4StateShift@USMediaFlagUid@libmedia@UModSys@@I$02@tl@UModSys@@@SFlags@libmedia@UModSys@@QEBA_NPEBUIResolverAuto@012@W4eStates@?$TFlags4State@USMediaFlagUid@libmedia@UModSys@@I@tl@2@@Z 0000000140006980 f i umodsys_lib_libmedia:umodsys.mod.media.stdlib.obj
 0001:00005a10       ??$is_flag@U?$TFlags4StateShift@USMediaFlagUid@libmedia@UModSys@@I$03@tl@UModSys@@@SFlags@libmedia@UModSys@@QEBA_NPEBUIResolverAuto@012@W4eStates@?$TFlags4State@USMediaFlagUid@libmedia@UModSys@@I@tl@2@@Z 0000000140006a10 f i umodsys_lib_libmedia:umodsys.mod.media.stdlib.obj
 0001:00005aa0       ??$process_nodes_r@U?$TNodeDeleter0@UNameNode@IBinArchiveFrame@libmedia@UModSys@@@tl@UModSys@@@?$TTreeHoldRB@UNameNode@IBinArchiveFrame@libmedia@UModSys@@@tl@UModSys@@KAHPEAUNameNode@IBinArchiveFrame@libmedia@2@AEBU?$TNodeDeleter0@UNameNode@IBinArchiveFrame@libmedia@UModSys@@@12@@Z 0000000140006aa0 f i umodsys_lib_libmedia:umodsys.mod.media.stdlib.obj
 0001:00005b10       ??$process_nodes_r@U?$TNodeDeleter0@U?$TScatterArrayNode@USMountInfo@RLibraryBinTree@stdlib@media@modules@UModSys@@USId@ILibraryBinTree@libmedia@6@@tl@UModSys@@@tl@UModSys@@@?$TTreeHoldRB@U?$TScatterArrayNode@USMountInfo@RLibraryBinTree@stdlib@media@modules@UModSys@@USId@ILibraryBinTree@libmedia@6@@tl@UModSys@@@tl@UModSys@@KAHPEAU?$TScatterArrayNode@USMountInfo@RLibraryBinTree@stdlib@media@modules@UModSys@@USId@ILibraryBinTree@libmedia@6@@12@AEBU?$TNodeDeleter0@U?$TScatterArrayNode@USMountInfo@RLibraryBinTree@stdlib@media@modules@UModSys@@USId@ILibraryBinTree@libmedia@6@@tl@UModSys@@@12@@Z 0000000140006b10 f i umodsys_lib_libmedia:umodsys.mod.media.stdlib.obj
 0001:00005bb0       ??$process_nodes_r@U?$TNodeDeleter0@U?$TScatterArrayNode@USCacheElem@RLibraryBinCache@stdlib@media@modules@UModSys@@U?$TString@U?$TSCoreConst@D@su@tl@UModSys@@U?$TComparerBinaryHash@D@234@@tl@6@@tl@UModSys@@@tl@UModSys@@@?$TTreeHoldRB@U?$TScatterArrayNode@USCacheElem@RLibraryBinCache@stdlib@media@modules@UModSys@@U?$TString@U?$TSCoreConst@D@su@tl@UModSys@@U?$TComparerBinaryHash@D@234@@tl@6@@tl@UModSys@@@tl@UModSys@@KAHPEAU?$TScatterArrayNode@USCacheElem@RLibraryBinCache@stdlib@media@modules@UModSys@@U?$TString@U?$TSCoreConst@D@su@tl@UModSys@@U?$TComparerBinaryHash@D@234@@tl@6@@12@AEBU?$TNodeDeleter0@U?$TScatterArrayNode@USCacheElem@RLibraryBinCache@stdlib@media@modules@UModSys@@U?$TString@U?$TSCoreConst@D@su@tl@UModSys@@U?$TComparerBinaryHash@D@234@@tl@6@@tl@UModSys@@@12@@Z 0000000140006bb0 f i umodsys_lib_libmedia:umodsys.mod.media.stdlib.obj
 0001:00005c40       ??$process_nodes_r@U?$TNodeDeleter0@U?$TScatterArrayNode@USCacheElem@RLibraryObjCache@stdlib@media@modules@UModSys@@U?$TString@U?$TSCoreConst@D@su@tl@UModSys@@U?$TComparerBinaryHash@D@234@@tl@6@@tl@UModSys@@@tl@UModSys@@@?$TTreeHoldRB@U?$TScatterArrayNode@USCacheElem@RLibraryObjCache@stdlib@media@modules@UModSys@@U?$TString@U?$TSCoreConst@D@su@tl@UModSys@@U?$TComparerBinaryHash@D@234@@tl@6@@tl@UModSys@@@tl@UModSys@@KAHPEAU?$TScatterArrayNode@USCacheElem@RLibraryObjCache@stdlib@media@modules@UModSys@@U?$TString@U?$TSCoreConst@D@su@tl@UModSys@@U?$TComparerBinaryHash@D@234@@tl@6@@12@AEBU?$TNodeDeleter0@U?$TScatterArrayNode@USCacheElem@RLibraryObjCache@stdlib@media@modules@UModSys@@U?$TString@U?$TSCoreConst@D@su@tl@UModSys@@U?$TComparerBinaryHash@D@234@@tl@6@@tl@UModSys@@@12@@Z 0000000140006c40 f i umodsys_lib_libmedia:umodsys.mod.media.stdlib.obj
[...]
 0001:00017d80       ?dtor$5@?0??generate@RGenerator@stdlib@media@modules@UModSys@@UEAA_NAEAU?$TRefObject@UIRefObject@core@UModSys@@U?$TRefObjectFunc@UIRefObject@core@UModSys@@@tl@3@@tl@5@PEBUSUniquePointerInfo@core@5@AEBUSParameters@95@@Z@4HA 0000000140018d80 f    CIL library: CIL module
 0001:00017da0       ?dtor$6@?0??generate@RGenerator@stdlib@media@modules@UModSys@@UEAA_NAEAU?$TRefObject@UIRefObject@core@UModSys@@U?$TRefObjectFunc@UIRefObject@core@UModSys@@@tl@3@@tl@5@PEBUSUniquePointerInfo@core@5@AEBUSParameters@95@@Z@4HA 0000000140018da0 f    CIL library: CIL module
 0001:00017dc0       ??__E?s_id@?$TObjectUniqueID@UIRoot@core@UModSys@@@tl@UModSys@@2USUniquePointer@core@3@A@@YAXXZ 0000000140018dc0 f    CIL library: CIL module
 0001:00017e00       ??__E?s_id@?$TObjectUniqueID@UIRefObject@core@UModSys@@@tl@UModSys@@2USUniquePointer@core@3@A@@YAXXZ 0000000140018e00 f    CIL library: CIL module
 0001:00017e40       ??__E?s_id@?$TObjectUniqueID@UIParameters@core@UModSys@@@tl@UModSys@@2USUniquePointer@core@3@A@@YAXXZ 0000000140018e40 f    CIL library: CIL module
 0001:00017e80       ??__E?s_id@?$TObjectUniqueID@UIModule@base@UModSys@@@tl@UModSys@@2USUniquePointer@core@3@A@@YAXXZ 0000000140018e80 f    CIL library: CIL module
 0001:00017ec0       ??__E?s_id@?$TObjectUniqueID@UIModuleLibrary@base@UModSys@@@tl@UModSys@@2USUniquePointer@core@3@A@@YAXXZ 0000000140018ec0 f    CIL library: CIL module
 0001:00017f00       ??__E?s_id@?$TObjectUniqueID@UIModObject@base@UModSys@@@tl@UModSys@@2USUniquePointer@core@3@A@@YAXXZ 0000000140018f00 f    CIL library: CIL module
 0001:00017f40       ??__E?s_id@?$TObjectUniqueID@UIGenerator@base@UModSys@@@tl@UModSys@@2USUniquePointer@core@3@A@@YAXXZ 0000000140018f40 f    CIL library: CIL module
 0001:00017f80       ??__E?s_id@?$TObjectUniqueID@UIShell@base@UModSys@@@tl@UModSys@@2USUniquePointer@core@3@A@@YAXXZ 0000000140018f80 f    CIL library: CIL module
 0001:00017fc0       ??__E?s_id@?$TObjectUniqueID@UIConsole@base@UModSys@@@tl@UModSys@@2USUniquePointer@core@3@A@@YAXXZ 0000000140018fc0 f    CIL library: CIL module
 0001:00018000       ??__E?s_id@?$TObjectUniqueID@UISystem@base@UModSys@@@tl@UModSys@@2USUniquePointer@core@3@A@@YAXXZ 0000000140019000 f    CIL library: CIL module
 0001:00018040       ??__E?s_id@?$TObjectUniqueID@URModule@rsystem@base@UModSys@@@tl@UModSys@@2USUniquePointer@core@3@A@@YAXXZ 0000000140019040 f    CIL library: CIL module
 0001:00018080       ??__E?s_id@?$TObjectUniqueID@UIModuleLibraryUni@rsystem@base@UModSys@@@tl@UModSys@@2USUniquePointer@core@3@A@@YAXXZ 0000000140019080 f    CIL library: CIL module
 0001:000180c0       ??__E?s_id@?$TObjectUniqueID@URModuleLibrarySO@rsystem@base@UModSys@@@tl@UModSys@@2USUniquePointer@core@3@A@@YAXXZ 00000001400190c0 f    CIL library: CIL module
 0001:00018100       ??__E?s_id@?$TObjectUniqueID@URModuleLibraryThis@rsystem@base@UModSys@@@tl@UModSys@@2USUniquePointer@core@3@A@@YAXXZ 0000000140019100 f    CIL library: CIL module
 0001:00018140       ??__E?s_id@?$TObjectUniqueID@URParameters@rsystem@base@UModSys@@@tl@UModSys@@2USUniquePointer@core@3@A@@YAXXZ 0000000140019140 f    CIL library: CIL module
 0001:00018180       ??__E?s_id@?$TObjectUniqueID@URSystem@rsystem@base@UModSys@@@tl@UModSys@@2USUniquePointer@core@3@A@@YAXXZ 0000000140019180 f    CIL library: CIL module
 0001:000181c0       ??__E?s_id@?$TObjectUniqueID@URConsole_std@rsystem@base@UModSys@@@tl@UModSys@@2USUniquePointer@core@3@A@@YAXXZ 00000001400191c0 f    CIL library: CIL module
 0001:00018200       ??__E?s_modreg@RModuleReg@stdio@media@modules@UModSys@@2U12345@A@@YAXXZ 0000000140019200 f    CIL library: CIL module
 0001:00018260       ??__E?s_modreg_chain@RModuleReg@stdio@media@modules@UModSys@@2USModuleRegChain@base@5@A@@YAXXZ 0000000140019260 f    CIL library: CIL module
 0001:00018290       ??__E?s_uid@RGenerator@stdio@media@modules@UModSys@@2USUniquePointer@core@5@A@@YAXXZ 0000000140019290 f    CIL library: CIL module
 0001:000182d0       ??__E?s_id@?$TObjectUniqueID@UIStreamReader@libmedia@UModSys@@@tl@UModSys@@2USUniquePointer@core@3@A@@YAXXZ 00000001400192d0 f    CIL library: CIL module
 0001:00018310       ??__E?s_id@?$TObjectUniqueID@UIStreamWriter@libmedia@UModSys@@@tl@UModSys@@2USUniquePointer@core@3@A@@YAXXZ 0000000140019310 f    CIL library: CIL module
 0001:00018350       ??__E?s_id@?$TObjectUniqueID@UIUtilities@libmedia@UModSys@@@tl@UModSys@@2USUniquePointer@core@3@A@@YAXXZ 0000000140019350 f    CIL library: CIL module
 0001:00018390       ??__E?s_id@?$TObjectUniqueID@UILibObject@libmedia@UModSys@@@tl@UModSys@@2USUniquePointer@core@3@A@@YAXXZ 0000000140019390 f    CIL library: CIL module
 0001:000183d0       ??__E?s_id@?$TObjectUniqueID@UIBinArchive@libmedia@UModSys@@@tl@UModSys@@2USUniquePointer@core@3@A@@YAXXZ 00000001400193d0 f    CIL library: CIL module
 0001:00018410       ??__E?s_id@?$TObjectUniqueID@UIBinObjFilter@libmedia@UModSys@@@tl@UModSys@@2USUniquePointer@core@3@A@@YAXXZ 0000000140019410 f    CIL library: CIL module
 0001:00018450       ??__E?s_id@?$TObjectUniqueID@UILibrary@libmedia@UModSys@@@tl@UModSys@@2USUniquePointer@core@3@A@@YAXXZ 0000000140019450 f    CIL library: CIL module
 0001:00018490       ??__E?s_id@?$TObjectUniqueID@URStreamReader_FILE@stdio@media@modules@UModSys@@@tl@UModSys@@2USUniquePointer@core@3@A@@YAXXZ 0000000140019490 f    CIL library: CIL module
 0001:000184d0       ??__E?s_id@?$TObjectUniqueID@URStreamWriter_FILE@stdio@media@modules@UModSys@@@tl@UModSys@@2USUniquePointer@core@3@A@@YAXXZ 00000001400194d0 f    CIL library: CIL module
 0001:00018510       ??__E?s_id@?$TObjectUniqueID@URDataArchiver_OsDir@stdio@media@modules@UModSys@@@tl@UModSys@@2USUniquePointer@core@3@A@@YAXXZ 0000000140019510 f    CIL library: CIL module
 0001:00018550       ??__E?s_id@?$TObjectUniqueID@URGenerator@stdio@media@modules@UModSys@@@tl@UModSys@@2USUniquePointer@core@3@A@@YAXXZ 0000000140019550 f    CIL library: CIL module
 0001:00018590       ??__E?s_modreg@RModuleReg@stdlib@media@modules@UModSys@@2U12345@A@@YAXXZ 0000000140019590 f    CIL library: CIL module
 0001:000185f0       ??__E?s_modreg_chain@RModuleReg@stdlib@media@modules@UModSys@@2USModuleRegChain@base@5@A@@YAXXZ 00000001400195f0 f    CIL library: CIL module
 0001:00018620       ??__E?s_uid@RGenerator@stdlib@media@modules@UModSys@@2USUniquePointer@core@5@A@@YAXXZ 0000000140019620 f    CIL library: CIL module
 0001:00018660       ??__E?s_id@?$TObjectUniqueID@UILibraryBinTree@libmedia@UModSys@@@tl@UModSys@@2USUniquePointer@core@3@A@@YAXXZ 0000000140019660 f    CIL library: CIL module
 0001:000186a0       ??__E?s_id@?$TObjectUniqueID@UILibraryBinCache@libmedia@UModSys@@@tl@UModSys@@2USUniquePointer@core@3@A@@YAXXZ 00000001400196a0 f    CIL library: CIL module
 0001:000186e0       ??__E?s_id@?$TObjectUniqueID@UILibraryObjFilter@libmedia@UModSys@@@tl@UModSys@@2USUniquePointer@core@3@A@@YAXXZ 00000001400196e0 f    CIL library: CIL module
 0001:00018720       ??__E?s_id@?$TObjectUniqueID@UILibraryObjCache@libmedia@UModSys@@@tl@UModSys@@2USUniquePointer@core@3@A@@YAXXZ 0000000140019720 f    CIL library: CIL module
 0001:00018760       ??__E?s_id@?$TObjectUniqueID@UILibraryLayered@libmedia@UModSys@@@tl@UModSys@@2USUniquePointer@core@3@A@@YAXXZ 0000000140019760 f    CIL library: CIL module
 0001:000187a0       ??__E?s_id@?$TObjectUniqueID@UIBinArchiveFrame@libmedia@UModSys@@@tl@UModSys@@2USUniquePointer@core@3@A@@YAXXZ 00000001400197a0 f    CIL library: CIL module
 0001:000187e0       ??__E?s_id@?$TObjectUniqueID@UIClient@IBinArchiveFrame@libmedia@UModSys@@@tl@UModSys@@2USUniquePointer@core@3@A@@YAXXZ 00000001400197e0 f    CIL library: CIL module
 0001:00018820       ??__E?s_id@?$TObjectUniqueID@URUtilities@stdlib@media@modules@UModSys@@@tl@UModSys@@2USUniquePointer@core@3@A@@YAXXZ 0000000140019820 f    CIL library: CIL module
 0001:00018860       ??__E?s_id@?$TObjectUniqueID@URBinArchiveFrame@stdlib@media@modules@UModSys@@@tl@UModSys@@2USUniquePointer@core@3@A@@YAXXZ 0000000140019860 f    CIL library: CIL module
 0001:000188a0       ??__E?s_id@?$TObjectUniqueID@URLibraryBinTree@stdlib@media@modules@UModSys@@@tl@UModSys@@2USUniquePointer@core@3@A@@YAXXZ 00000001400198a0 f    CIL library: CIL module
 0001:000188e0       ??__E?s_id@?$TObjectUniqueID@URLibraryBinCache@stdlib@media@modules@UModSys@@@tl@UModSys@@2USUniquePointer@core@3@A@@YAXXZ 00000001400198e0 f    CIL library: CIL module
 0001:00018920       ??__E?s_id@?$TObjectUniqueID@URLibraryLayered@stdlib@media@modules@UModSys@@@tl@UModSys@@2USUniquePointer@core@3@A@@YAXXZ 0000000140019920 f    CIL library: CIL module
 0001:00018960       ??__E?s_id@?$TObjectUniqueID@URLibraryObjCache@stdlib@media@modules@UModSys@@@tl@UModSys@@2USUniquePointer@core@3@A@@YAXXZ 0000000140019960 f    CIL library: CIL module
 0001:000189a0       ??__E?s_id@?$TObjectUniqueID@URLibraryObjFilter@stdlib@media@modules@UModSys@@@tl@UModSys@@2USUniquePointer@core@3@A@@YAXXZ 00000001400199a0 f    CIL library: CIL module
 0001:000189e0       ??__E?s_id@?$TObjectUniqueID@URGenerator@stdlib@media@modules@UModSys@@@tl@UModSys@@2USUniquePointer@core@3@A@@YAXXZ 00000001400199e0 f    CIL library: CIL module
 0001:00018a20       ??__E?s_console@RConsole_std@rsystem@base@UModSys@@2U1234@A@@YAXXZ 0000000140019a20 f    CIL library: CIL module
 0001:00018a40       ??__E?s_sys@RSystem@rsystem@base@UModSys@@2U1234@A@@YAXXZ 0000000140019a40 f    CIL library: CIL module
 0001:00018a60       ??__Ersys_dbg@rsystem@base@UModSys@@YAXXZ 0000000140019a60 f    CIL library: CIL module
 0001:00018a90       ??__EM@UModSys@@YAXXZ      0000000140019a90 f    CIL library: CIL module
 0001:00018ab0       ??__E?root@SModuleRegChain@base@UModSys@@2U123@A@@YAXXZ 0000000140019ab0 f    CIL library: CIL module
 0001:00018ae0       ??__E?s_library@RModuleLibraryReg_Chain@base@UModSys@@2U123@A@@YAXXZ 0000000140019ae0 f    CIL library: CIL module
 0001:00018b00       ??__E?root@SUniquePointer@core@UModSys@@2U123@A@@YAXXZ 0000000140019b00 f    CIL library: CIL module
 0001:00018b30       ??__F?s_id@?$TObjectUniqueID@URConsole_std@rsystem@base@UModSys@@@tl@UModSys@@2USUniquePointer@core@3@A@@YAXXZ 0000000140019b30 f    CIL library: CIL module
 0001:00018b40       ??__F?s_id@?$TObjectUniqueID@URSystem@rsystem@base@UModSys@@@tl@UModSys@@2USUniquePointer@core@3@A@@YAXXZ 0000000140019b40 f    CIL library: CIL module
 0001:00018b50       ??__F?s_id@?$TObjectUniqueID@URParameters@rsystem@base@UModSys@@@tl@UModSys@@2USUniquePointer@core@3@A@@YAXXZ 0000000140019b50 f    CIL library: CIL module
 0001:00018b60       ??__F?s_id@?$TObjectUniqueID@URModuleLibraryThis@rsystem@base@UModSys@@@tl@UModSys@@2USUniquePointer@core@3@A@@YAXXZ 0000000140019b60 f    CIL library: CIL module
 0001:00018b70       ??__F?s_id@?$TObjectUniqueID@URModuleLibrarySO@rsystem@base@UModSys@@@tl@UModSys@@2USUniquePointer@core@3@A@@YAXXZ 0000000140019b70 f    CIL library: CIL module
 0001:00018b80       ??__F?s_id@?$TObjectUniqueID@UIModuleLibraryUni@rsystem@base@UModSys@@@tl@UModSys@@2USUniquePointer@core@3@A@@YAXXZ 0000000140019b80 f    CIL library: CIL module
 0001:00018b90       ??__F?s_id@?$TObjectUniqueID@URModule@rsystem@base@UModSys@@@tl@UModSys@@2USUniquePointer@core@3@A@@YAXXZ 0000000140019b90 f    CIL library: CIL module
 0001:00018ba0       ??__F?s_id@?$TObjectUniqueID@UISystem@base@UModSys@@@tl@UModSys@@2USUniquePointer@core@3@A@@YAXXZ 0000000140019ba0 f    CIL library: CIL module
 0001:00018bb0       ??__F?s_id@?$TObjectUniqueID@UIConsole@base@UModSys@@@tl@UModSys@@2USUniquePointer@core@3@A@@YAXXZ 0000000140019bb0 f    CIL library: CIL module
 0001:00018bc0       ??__F?s_id@?$TObjectUniqueID@UIShell@base@UModSys@@@tl@UModSys@@2USUniquePointer@core@3@A@@YAXXZ 0000000140019bc0 f    CIL library: CIL module
 0001:00018bd0       ??__F?s_id@?$TObjectUniqueID@UIGenerator@base@UModSys@@@tl@UModSys@@2USUniquePointer@core@3@A@@YAXXZ 0000000140019bd0 f    CIL library: CIL module
 0001:00018be0       ??__F?s_id@?$TObjectUniqueID@UIModObject@base@UModSys@@@tl@UModSys@@2USUniquePointer@core@3@A@@YAXXZ 0000000140019be0 f    CIL library: CIL module
 0001:00018bf0       ??__F?s_id@?$TObjectUniqueID@UIModuleLibrary@base@UModSys@@@tl@UModSys@@2USUniquePointer@core@3@A@@YAXXZ 0000000140019bf0 f    CIL library: CIL module
 0001:00018c00       ??__F?s_id@?$TObjectUniqueID@UIModule@base@UModSys@@@tl@UModSys@@2USUniquePointer@core@3@A@@YAXXZ 0000000140019c00 f    CIL library: CIL module
 0001:00018c10       ??__F?s_id@?$TObjectUniqueID@UIParameters@core@UModSys@@@tl@UModSys@@2USUniquePointer@core@3@A@@YAXXZ 0000000140019c10 f    CIL library: CIL module
 0001:00018c20       ??__F?s_id@?$TObjectUniqueID@UIRefObject@core@UModSys@@@tl@UModSys@@2USUniquePointer@core@3@A@@YAXXZ 0000000140019c20 f    CIL library: CIL module
 0001:00018c30       ??__F?s_id@?$TObjectUniqueID@UIRoot@core@UModSys@@@tl@UModSys@@2USUniquePointer@core@3@A@@YAXXZ 0000000140019c30 f    CIL library: CIL module
 0001:00018c40       ??__F?s_modreg@RModuleReg@stdio@media@modules@UModSys@@2U12345@A@@YAXXZ 0000000140019c40 f    CIL library: CIL module
 0001:00018c60       ??__F?s_modreg_chain@RModuleReg@stdio@media@modules@UModSys@@2USModuleRegChain@base@5@A@@YAXXZ 0000000140019c60 f    CIL library: CIL module
 0001:00018c70       ??__F?s_uid@RGenerator@stdio@media@modules@UModSys@@2USUniquePointer@core@5@A@@YAXXZ 0000000140019c70 f    CIL library: CIL module
 0001:00018c80       ??__Fh@?1??s_holder@RGenerator@stdio@media@modules@UModSys@@SAAEAU?$TTypeStaticHolder@URGenerator@stdio@media@modules@UModSys@@@tl@5@XZ@YAXXZ 0000000140019c80 f    CIL library: CIL module
 0001:00018cb0       ??__F?s_id@?$TObjectUniqueID@URGenerator@stdio@media@modules@UModSys@@@tl@UModSys@@2USUniquePointer@core@3@A@@YAXXZ 0000000140019cb0 f    CIL library: CIL module
 0001:00018cc0       ??__F?s_id@?$TObjectUniqueID@URDataArchiver_OsDir@stdio@media@modules@UModSys@@@tl@UModSys@@2USUniquePointer@core@3@A@@YAXXZ 0000000140019cc0 f    CIL library: CIL module
 0001:00018cd0       ??__F?s_id@?$TObjectUniqueID@URStreamWriter_FILE@stdio@media@modules@UModSys@@@tl@UModSys@@2USUniquePointer@core@3@A@@YAXXZ 0000000140019cd0 f    CIL library: CIL module
 0001:00018ce0       ??__F?s_id@?$TObjectUniqueID@URStreamReader_FILE@stdio@media@modules@UModSys@@@tl@UModSys@@2USUniquePointer@core@3@A@@YAXXZ 0000000140019ce0 f    CIL library: CIL module
 0001:00018cf0       ??__F?s_id@?$TObjectUniqueID@UILibrary@libmedia@UModSys@@@tl@UModSys@@2USUniquePointer@core@3@A@@YAXXZ 0000000140019cf0 f    CIL library: CIL module
 0001:00018d00       ??__F?s_id@?$TObjectUniqueID@UIBinObjFilter@libmedia@UModSys@@@tl@UModSys@@2USUniquePointer@core@3@A@@YAXXZ 0000000140019d00 f    CIL library: CIL module
 0001:00018d10       ??__F?s_id@?$TObjectUniqueID@UIBinArchive@libmedia@UModSys@@@tl@UModSys@@2USUniquePointer@core@3@A@@YAXXZ 0000000140019d10 f    CIL library: CIL module
 0001:00018d20       ??__F?s_id@?$TObjectUniqueID@UILibObject@libmedia@UModSys@@@tl@UModSys@@2USUniquePointer@core@3@A@@YAXXZ 0000000140019d20 f    CIL library: CIL module
 0001:00018d30       ??__F?s_id@?$TObjectUniqueID@UIUtilities@libmedia@UModSys@@@tl@UModSys@@2USUniquePointer@core@3@A@@YAXXZ 0000000140019d30 f    CIL library: CIL module
 0001:00018d40       ??__F?s_id@?$TObjectUniqueID@UIStreamWriter@libmedia@UModSys@@@tl@UModSys@@2USUniquePointer@core@3@A@@YAXXZ 0000000140019d40 f    CIL library: CIL module
 0001:00018d50       ??__F?s_id@?$TObjectUniqueID@UIStreamReader@libmedia@UModSys@@@tl@UModSys@@2USUniquePointer@core@3@A@@YAXXZ 0000000140019d50 f    CIL library: CIL module
 0001:00018d60       ??__F?s_modreg@RModuleReg@stdlib@media@modules@UModSys@@2U12345@A@@YAXXZ 0000000140019d60 f    CIL library: CIL module
 0001:00018d80       ??__F?s_modreg_chain@RModuleReg@stdlib@media@modules@UModSys@@2USModuleRegChain@base@5@A@@YAXXZ 0000000140019d80 f    CIL library: CIL module
 0001:00018d90       ??__F?s_uid@RGenerator@stdlib@media@modules@UModSys@@2USUniquePointer@core@5@A@@YAXXZ 0000000140019d90 f    CIL library: CIL module
 0001:00018da0       ??__Fh@?1??s_holder@RGenerator@stdlib@media@modules@UModSys@@SAAEAU?$TTypeStaticHolder@URGenerator@stdlib@media@modules@UModSys@@@tl@5@XZ@YAXXZ 0000000140019da0 f    CIL library: CIL module
 0001:00018dd0       ??__F?s_id@?$TObjectUniqueID@URGenerator@stdlib@media@modules@UModSys@@@tl@UModSys@@2USUniquePointer@core@3@A@@YAXXZ 0000000140019dd0 f    CIL library: CIL module
 0001:00018de0       ??__F?s_id@?$TObjectUniqueID@URLibraryObjFilter@stdlib@media@modules@UModSys@@@tl@UModSys@@2USUniquePointer@core@3@A@@YAXXZ 0000000140019de0 f    CIL library: CIL module
 0001:00018df0       ??__F?s_id@?$TObjectUniqueID@URLibraryObjCache@stdlib@media@modules@UModSys@@@tl@UModSys@@2USUniquePointer@core@3@A@@YAXXZ 0000000140019df0 f    CIL library: CIL module
 0001:00018e00       ??__F?s_id@?$TObjectUniqueID@URLibraryLayered@stdlib@media@modules@UModSys@@@tl@UModSys@@2USUniquePointer@core@3@A@@YAXXZ 0000000140019e00 f    CIL library: CIL module
 0001:00018e10       ??__F?s_id@?$TObjectUniqueID@URLibraryBinCache@stdlib@media@modules@UModSys@@@tl@UModSys@@2USUniquePointer@core@3@A@@YAXXZ 0000000140019e10 f    CIL library: CIL module
 0001:00018e20       ??__F?s_id@?$TObjectUniqueID@URLibraryBinTree@stdlib@media@modules@UModSys@@@tl@UModSys@@2USUniquePointer@core@3@A@@YAXXZ 0000000140019e20 f    CIL library: CIL module
 0001:00018e30       ??__F?s_id@?$TObjectUniqueID@URBinArchiveFrame@stdlib@media@modules@UModSys@@@tl@UModSys@@2USUniquePointer@core@3@A@@YAXXZ 0000000140019e30 f    CIL library: CIL module
 0001:00018e40       ??__F?s_id@?$TObjectUniqueID@URUtilities@stdlib@media@modules@UModSys@@@tl@UModSys@@2USUniquePointer@core@3@A@@YAXXZ 0000000140019e40 f    CIL library: CIL module
 0001:00018e50       ??__F?s_id@?$TObjectUniqueID@UIClient@IBinArchiveFrame@libmedia@UModSys@@@tl@UModSys@@2USUniquePointer@core@3@A@@YAXXZ 0000000140019e50 f    CIL library: CIL module
 0001:00018e60       ??__F?s_id@?$TObjectUniqueID@UIBinArchiveFrame@libmedia@UModSys@@@tl@UModSys@@2USUniquePointer@core@3@A@@YAXXZ 0000000140019e60 f    CIL library: CIL module
 0001:00018e70       ??__F?s_id@?$TObjectUniqueID@UILibraryLayered@libmedia@UModSys@@@tl@UModSys@@2USUniquePointer@core@3@A@@YAXXZ 0000000140019e70 f    CIL library: CIL module
 0001:00018e80       ??__F?s_id@?$TObjectUniqueID@UILibraryObjCache@libmedia@UModSys@@@tl@UModSys@@2USUniquePointer@core@3@A@@YAXXZ 0000000140019e80 f    CIL library: CIL module
 0001:00018e90       ??__F?s_id@?$TObjectUniqueID@UILibraryObjFilter@libmedia@UModSys@@@tl@UModSys@@2USUniquePointer@core@3@A@@YAXXZ 0000000140019e90 f    CIL library: CIL module
 0001:00018ea0       ??__F?s_id@?$TObjectUniqueID@UILibraryBinCache@libmedia@UModSys@@@tl@UModSys@@2USUniquePointer@core@3@A@@YAXXZ 0000000140019ea0 f    CIL library: CIL module
 0001:00018eb0       ??__F?s_id@?$TObjectUniqueID@UILibraryBinTree@libmedia@UModSys@@@tl@UModSys@@2USUniquePointer@core@3@A@@YAXXZ 0000000140019eb0 f    CIL library: CIL module
 0001:00018ec0       ??__F?s_console@RConsole_std@rsystem@base@UModSys@@2U1234@A@@YAXXZ 0000000140019ec0 f    CIL library: CIL module
 0001:00018ed0       ??__F?s_sys@RSystem@rsystem@base@UModSys@@2U1234@A@@YAXXZ 0000000140019ed0 f    CIL library: CIL module
 0001:00018ee0       ??__Frsys_dbg@rsystem@base@UModSys@@YAXXZ 0000000140019ee0 f    CIL library: CIL module
 0001:00018ef0       ??__FM@UModSys@@YAXXZ      0000000140019ef0 f    CIL library: CIL module
 0001:00018f00       ??__F?root@SModuleRegChain@base@UModSys@@2U123@A@@YAXXZ 0000000140019f00 f    CIL library: CIL module
 0001:00018f10       ??__F?s_library@RModuleLibraryReg_Chain@base@UModSys@@2U123@A@@YAXXZ 0000000140019f10 f    CIL library: CIL module
 0001:00018f20       ??__F?root@SUniquePointer@core@UModSys@@2U123@A@@YAXXZ 0000000140019f20 f    CIL library: CIL module

 Exports

  ordinal    name

        1    UModSys_Plugin_Entry2
