 umodsysc

 Timestamp is 52a5f2bb (Mon Dec 09 19:41:31 2013)

 Preferred load address is 0000000140000000

 Start         Length     Name                   Class
 0001:00000000 0001033cH .text                   CODE
 0001:00010340 0000005eH .text$00                CODE
 0001:000103a0 00000b0cH .text$x                 CODE
 0001:00010eb0 00000c42H .text$yc                CODE
 0001:00011b00 000003bcH .text$yd                CODE
 0002:00000000 00000258H .idata$5                DATA
 0002:00000258 00000008H .CRT$XCA                DATA
 0002:00000260 00000008H .CRT$XCAA               DATA
 0002:00000268 00000410H .CRT$XCU                DATA
 0002:00000678 00000008H .CRT$XCZ                DATA
 0002:00000680 00000008H .CRT$XIA                DATA
 0002:00000688 00000008H .CRT$XIAA               DATA
 0002:00000690 00000008H .CRT$XIY                DATA
 0002:00000698 00000008H .CRT$XIZ                DATA
 0002:000006a0 00002e80H .rdata                  DATA
 0002:00003520 00001dccH .rdata$r                DATA
 0002:000052f0 00000008H .rtc$IAA                DATA
 0002:000052f8 00000008H .rtc$IZZ                DATA
 0002:00005300 00000008H .rtc$TAA                DATA
 0002:00005308 00000008H .rtc$TZZ                DATA
 0002:00005310 000025d0H .xdata                  DATA
 0002:000078e0 000000e4H .xdata$x                DATA
 0002:000079c4 00000028H .idata$2                DATA
 0002:000079ec 00000014H .idata$3                DATA
 0002:00007a00 00000258H .idata$4                DATA
 0002:00007c58 00000478H .idata$6                DATA
 0002:000080d0 00000055H .edata                  DATA
 0003:00000000 00000ec4H .data                   DATA
 0003:00000ed0 00002bf0H .bss                    DATA
 0004:00000000 00001cc8H .pdata                  DATA

  Address         Publics by Value              Rva+Base               Lib:Object

 0000:00000000       ___safe_se_handler_table   0000000000000000     <absolute>
 0000:00000000       ___safe_se_handler_count   0000000000000000     <absolute>
 0000:00000000       __ImageBase                0000000140000000     <linker-defined>
 0001:00000000       ??$shash@D@su@tl@UModSys@@YAHPEBD_K@Z 0000000140001000 f i umodsys.c_main.obj
 0001:00000030       ?suicide@RGenerator@stdio@media@modules@UModSys@@UEAAXXZ 0000000140001030 f i umodsys_lib_libmedia:umodsys.mod.media.stdio.obj
 0001:00000030       ?suicide@RGenerator@std@media@modules@UModSys@@UEAAXXZ 0000000140001030 f i umodsys_lib_libmedia:umodsys.mod.media.std.obj
 0001:00000030       ??3@YAXPEAX0@Z             0000000140001030 f i umodsys_lib_libmedia:umodsys.mod.media.std.obj
 0001:00000040       ??3IRoot@core@UModSys@@SAXPEAXAEBUSIMemAlloc@12@@Z 0000000140001040 f i umodsys_lib_libmedia:umodsys.mod.media.std.obj
 0001:00000050       ??1?$TSCoreShared@USIMemAlloc@core@UModSys@@D@su@tl@UModSys@@QEAA@XZ 0000000140001050 f i umodsys_lib_libmedia:umodsys.mod.media.std.obj
 0001:00000050       ??1?$TString@U?$TSCoreShared@USIMemAlloc@core@UModSys@@D@su@tl@UModSys@@U?$TComparerBinaryHash@D@234@@tl@UModSys@@QEAA@XZ 0000000140001050 f i umodsys_lib_libmedia:umodsys.mod.media.std.obj
 0001:000000a0       ?get_flag@RResolverChain@SFlagsChain@libmedia@UModSys@@UEBA?AW4eStates@?$TFlags4State@USMediaFlagUid@libmedia@UModSys@@I@tl@4@H@Z 00000001400010a0 f i umodsys_lib_libmedia:umodsys.mod.media.std.obj
 0001:000000f0       ??1SPoint@ILibraryBinTree@libmedia@UModSys@@QEAA@XZ 00000001400010f0 f i umodsys_lib_libmedia:umodsys.mod.media.std.obj
 0001:000000f0       ??1SLayer@ILibraryLayered@libmedia@UModSys@@QEAA@XZ 00000001400010f0 f i umodsys_lib_libmedia:umodsys.mod.media.std.obj
 0001:00000120       ?root_get_interface_info@RLibraryBinCache@std@media@modules@UModSys@@UEBAAEBUSUniquePointerInfo@core@5@XZ 0000000140001120 f i umodsys_lib_libmedia:umodsys.mod.media.std.obj
 0001:00000130       ?root_get_interface_type@RLibraryBinCache@std@media@modules@UModSys@@UEBAPEBUSUniquePointerInfo@core@5@XZ 0000000140001130 f i umodsys_lib_libmedia:umodsys.mod.media.std.obj
 0001:00000140       ?root_get_other_interface@RLibraryBinCache@std@media@modules@UModSys@@UEBAPEBUIRoot@core@5@PEBUSUniquePointerInfo@75@@Z 0000000140001140 f i umodsys_lib_libmedia:umodsys.mod.media.std.obj
 0001:00000140       ?root_get_other_interface@RLibraryBinCache@std@media@modules@UModSys@@UEAAPEAUIRoot@core@5@PEBUSUniquePointerInfo@75@@Z 0000000140001140 f i umodsys_lib_libmedia:umodsys.mod.media.std.obj
 0001:00000180       ?root_is_interface_supported@RLibraryBinCache@std@media@modules@UModSys@@UEBA_NPEBUSUniquePointerInfo@core@5@@Z 0000000140001180 f i umodsys_lib_libmedia:umodsys.mod.media.std.obj
 0001:000001c0       ?ref_add@RDataArchiver_OsDir@stdio@media@modules@UModSys@@UEBAXXZ 00000001400011c0 f i umodsys_lib_libmedia:umodsys.mod.media.stdio.obj
 0001:000001c0       ?ref_add@RLibraryBinTree@std@media@modules@UModSys@@UEBAXXZ 00000001400011c0 f i umodsys_lib_libmedia:umodsys.mod.media.std.obj
 0001:000001c0       ?ref_add@RLibraryObjCache@std@media@modules@UModSys@@UEBAXXZ 00000001400011c0 f i umodsys_lib_libmedia:umodsys.mod.media.std.obj
 0001:000001c0       ?ref_add@RLibraryBinCache@std@media@modules@UModSys@@UEBAXXZ 00000001400011c0 f i umodsys_lib_libmedia:umodsys.mod.media.std.obj
 0001:000001c0       ?ref_add@RLibraryLayered@std@media@modules@UModSys@@UEBAXXZ 00000001400011c0 f i umodsys_lib_libmedia:umodsys.mod.media.std.obj
 0001:000001c0       ?ref_add@RLibraryObjFilter@std@media@modules@UModSys@@UEBAXXZ 00000001400011c0 f i umodsys_lib_libmedia:umodsys.mod.media.std.obj
 0001:000001d0       ?ref_links@RLibraryObjFilter@std@media@modules@UModSys@@UEBAHXZ 00000001400011d0 f i umodsys_lib_libmedia:umodsys.mod.media.std.obj
 0001:000001d0       ?ref_links@RLibraryLayered@std@media@modules@UModSys@@UEBAHXZ 00000001400011d0 f i umodsys_lib_libmedia:umodsys.mod.media.std.obj
 0001:000001d0       ?ref_links@RDataArchiver_OsDir@stdio@media@modules@UModSys@@UEBAHXZ 00000001400011d0 f i umodsys_lib_libmedia:umodsys.mod.media.stdio.obj
 0001:000001d0       ?ref_links@RLibraryBinCache@std@media@modules@UModSys@@UEBAHXZ 00000001400011d0 f i umodsys_lib_libmedia:umodsys.mod.media.std.obj
 0001:000001d0       ?ref_links@RLibraryObjCache@std@media@modules@UModSys@@UEBAHXZ 00000001400011d0 f i umodsys_lib_libmedia:umodsys.mod.media.std.obj
 0001:000001d0       ?ref_links@RLibraryBinTree@std@media@modules@UModSys@@UEBAHXZ 00000001400011d0 f i umodsys_lib_libmedia:umodsys.mod.media.std.obj
 0001:000001e0       ??0RLibraryBinCache@std@media@modules@UModSys@@QEAA@PEAUIModObject@base@4@AEBUSParameters@core@4@U?$TFlags4State@USMediaFlagUid@libmedia@UModSys@@I@tl@4@@Z 00000001400011e0 f i umodsys_lib_libmedia:umodsys.mod.media.std.obj
 0001:00000280       ?get_flags_auto@RLibraryBinCache@std@media@modules@UModSys@@UEBA?AU?$TFlags4State@USMediaFlagUid@libmedia@UModSys@@I@tl@5@XZ 0000000140001280 f i umodsys_lib_libmedia:umodsys.mod.media.std.obj
 0001:00000290       ?bin_load@RLibraryBinCache@std@media@modules@UModSys@@UEAA_NAEBU?$TString@U?$TSCoreConst@D@su@tl@UModSys@@U?$TComparerBinaryHash@D@234@@tl@5@AEAUSCMemShared@core@5@AEBUSFlags@libmedia@5@@Z 0000000140001290 f i umodsys_lib_libmedia:umodsys.mod.media.std.obj
 0001:00000330       ?bin_save@RLibraryBinCache@std@media@modules@UModSys@@UEAA_NAEBU?$TString@U?$TSCoreConst@D@su@tl@UModSys@@U?$TComparerBinaryHash@D@234@@tl@5@AEBUSCMem@core@5@AEBUSFlags@libmedia@5@@Z 0000000140001330 f i umodsys_lib_libmedia:umodsys.mod.media.std.obj
 0001:00000330       ?obj_fsave@RLibraryBinCache@std@media@modules@UModSys@@UEAA_NAEAUSInfo@IBinObjFilter@libmedia@5@PEBUIRefObject@core@5@@Z 0000000140001330 f i umodsys_lib_libmedia:umodsys.mod.media.std.obj
 0001:00000330       ?bin_info@RLibraryObjCache@std@media@modules@UModSys@@UEAA_NAEBU?$TString@U?$TSCoreConst@D@su@tl@UModSys@@U?$TComparerBinaryHash@D@234@@tl@5@AEAU?$TIStackSocket@USFileInfo@libmedia@UModSys@@@75@AEBUSFlags@libmedia@5@@Z 0000000140001330 f i umodsys_lib_libmedia:umodsys.mod.media.std.obj
 0001:00000330       ?obj_fload@RLibraryBinTree@std@media@modules@UModSys@@UEAA_NAEBUSInfo@IBinObjFilter@libmedia@5@PEAUIRefObject@core@5@@Z 0000000140001330 f i umodsys_lib_libmedia:umodsys.mod.media.std.obj
 0001:00000330       ?bin_load@RLibraryObjCache@std@media@modules@UModSys@@UEAA_NAEBU?$TString@U?$TSCoreConst@D@su@tl@UModSys@@U?$TComparerBinaryHash@D@234@@tl@5@AEAUSCMemShared@core@5@AEBUSFlags@libmedia@5@@Z 0000000140001330 f i umodsys_lib_libmedia:umodsys.mod.media.std.obj
 0001:00000330       ?obj_fsave@RLibraryBinTree@std@media@modules@UModSys@@UEAA_NAEAUSInfo@IBinObjFilter@libmedia@5@PEBUIRefObject@core@5@@Z 0000000140001330 f i umodsys_lib_libmedia:umodsys.mod.media.std.obj
 0001:00000330       ?bin_get@RLibraryBinTree@std@media@modules@UModSys@@UEAA_NAEBU?$TString@U?$TSCoreConst@D@su@tl@UModSys@@U?$TComparerBinaryHash@D@234@@tl@5@AEAUSCMemShared@core@5@_N@Z 0000000140001330 f i umodsys_lib_libmedia:umodsys.mod.media.std.obj
 0001:00000330       ?bin_load@RLibraryObjFilter@std@media@modules@UModSys@@UEAA_NAEBU?$TString@U?$TSCoreConst@D@su@tl@UModSys@@U?$TComparerBinaryHash@D@234@@tl@5@AEAUSCMemShared@core@5@AEBUSFlags@libmedia@5@@Z 0000000140001330 f i umodsys_lib_libmedia:umodsys.mod.media.std.obj
 0001:00000330       ?obj_fload@RLibraryBinCache@std@media@modules@UModSys@@UEAA_NAEBUSInfo@IBinObjFilter@libmedia@5@PEAUIRefObject@core@5@@Z 0000000140001330 f i umodsys_lib_libmedia:umodsys.mod.media.std.obj
 0001:00000330       ?obj_fget@RLibraryBinCache@std@media@modules@UModSys@@UEAA_NAEBUSInfo@IBinObjFilter@libmedia@5@AEAU?$TRefObject@UIRefObject@core@UModSys@@U?$TRefObjectFunc@UIRefObject@core@UModSys@@@tl@3@@tl@5@@Z 0000000140001330 f i umodsys_lib_libmedia:umodsys.mod.media.std.obj
 0001:00000330       ?obj_cput@RLibraryBinTree@std@media@modules@UModSys@@UEAA_NAEBU?$TString@U?$TSCoreConst@D@su@tl@UModSys@@U?$TComparerBinaryHash@D@234@@tl@5@PEAUIRefObject@core@5@@Z 0000000140001330 f i umodsys_lib_libmedia:umodsys.mod.media.std.obj
 0001:00000330       ?obj_get@RLibraryBinTree@std@media@modules@UModSys@@UEAA_NAEBU?$TString@U?$TSCoreConst@D@su@tl@UModSys@@U?$TComparerBinaryHash@D@234@@tl@5@AEAU?$TRefObject@UIRefObject@core@UModSys@@U?$TRefObjectFunc@UIRefObject@core@UModSys@@@tl@3@@75@AEBUSObjOptions@ILibrary@libmedia@5@@Z 0000000140001330 f i umodsys_lib_libmedia:umodsys.mod.media.std.obj
 0001:00000330       ?bin_info@RLibraryBinCache@std@media@modules@UModSys@@UEAA_NAEBU?$TString@U?$TSCoreConst@D@su@tl@UModSys@@U?$TComparerBinaryHash@D@234@@tl@5@AEAU?$TIStackSocket@USFileInfo@libmedia@UModSys@@@75@AEBUSFlags@libmedia@5@@Z 0000000140001330 f i umodsys_lib_libmedia:umodsys.mod.media.std.obj
 0001:00000330       ?bin_info@RLibraryObjFilter@std@media@modules@UModSys@@UEAA_NAEBU?$TString@U?$TSCoreConst@D@su@tl@UModSys@@U?$TComparerBinaryHash@D@234@@tl@5@AEAU?$TIStackSocket@USFileInfo@libmedia@UModSys@@@75@AEBUSFlags@libmedia@5@@Z 0000000140001330 f i umodsys_lib_libmedia:umodsys.mod.media.std.obj
 0001:00000330       ?obj_load@RLibraryObjFilter@std@media@modules@UModSys@@UEAA_NAEBU?$TString@U?$TSCoreConst@D@su@tl@UModSys@@U?$TComparerBinaryHash@D@234@@tl@5@PEAUIRefObject@core@5@AEBUSObjOptions@ILibrary@libmedia@5@@Z 0000000140001330 f i umodsys_lib_libmedia:umodsys.mod.media.std.obj
 0001:00000330       ?obj_cput@RLibraryObjFilter@std@media@modules@UModSys@@UEAA_NAEBU?$TString@U?$TSCoreConst@D@su@tl@UModSys@@U?$TComparerBinaryHash@D@234@@tl@5@PEAUIRefObject@core@5@@Z 0000000140001330 f i umodsys_lib_libmedia:umodsys.mod.media.std.obj
 0001:00000330       ?obj_load@RLibraryBinCache@std@media@modules@UModSys@@UEAA_NAEBU?$TString@U?$TSCoreConst@D@su@tl@UModSys@@U?$TComparerBinaryHash@D@234@@tl@5@PEAUIRefObject@core@5@AEBUSObjOptions@ILibrary@libmedia@5@@Z 0000000140001330 f i umodsys_lib_libmedia:umodsys.mod.media.std.obj
 0001:00000330       ?obj_save@RLibraryBinCache@std@media@modules@UModSys@@UEAA_NAEBU?$TString@U?$TSCoreConst@D@su@tl@UModSys@@U?$TComparerBinaryHash@D@234@@tl@5@PEBUIRefObject@core@5@AEBUSObjOptions@ILibrary@libmedia@5@@Z 0000000140001330 f i umodsys_lib_libmedia:umodsys.mod.media.std.obj
 0001:00000330       ?bin_info@RLibraryObjCache@std@media@modules@UModSys@@UEAA_NAEBU?$TString@U?$TSCoreConst@D@su@tl@UModSys@@U?$TComparerBinaryHash@D@234@@tl@5@AEAUSFileInfo@libmedia@5@AEBUSFlags@95@@Z 0000000140001330 f i umodsys_lib_libmedia:umodsys.mod.media.std.obj
 0001:00000330       ?bin_put@RLibraryBinTree@std@media@modules@UModSys@@UEAA_NAEBU?$TString@U?$TSCoreConst@D@su@tl@UModSys@@U?$TComparerBinaryHash@D@234@@tl@5@PEBUSCMemShared@core@5@@Z 0000000140001330 f i umodsys_lib_libmedia:umodsys.mod.media.std.obj
 0001:00000330       ?bin_save@RLibraryObjFilter@std@media@modules@UModSys@@UEAA_NAEBU?$TString@U?$TSCoreConst@D@su@tl@UModSys@@U?$TComparerBinaryHash@D@234@@tl@5@AEBUSCMem@core@5@AEBUSFlags@libmedia@5@@Z 0000000140001330 f i umodsys_lib_libmedia:umodsys.mod.media.std.obj
 0001:00000330       ?bin_put@RLibraryObjCache@std@media@modules@UModSys@@UEAA_NAEBU?$TString@U?$TSCoreConst@D@su@tl@UModSys@@U?$TComparerBinaryHash@D@234@@tl@5@PEBUSCMemShared@core@5@@Z 0000000140001330 f i umodsys_lib_libmedia:umodsys.mod.media.std.obj
 0001:00000330       ?bin_info@RLibraryObjFilter@std@media@modules@UModSys@@UEAA_NAEBU?$TString@U?$TSCoreConst@D@su@tl@UModSys@@U?$TComparerBinaryHash@D@234@@tl@5@AEAUSFileInfo@libmedia@5@AEBUSFlags@95@@Z 0000000140001330 f i umodsys_lib_libmedia:umodsys.mod.media.std.obj
 0001:00000330       ?obj_get@RLibraryBinCache@std@media@modules@UModSys@@UEAA_NAEBU?$TString@U?$TSCoreConst@D@su@tl@UModSys@@U?$TComparerBinaryHash@D@234@@tl@5@AEAU?$TRefObject@UIRefObject@core@UModSys@@U?$TRefObjectFunc@UIRefObject@core@UModSys@@@tl@3@@75@AEBUSObjOptions@ILibrary@libmedia@5@@Z 0000000140001330 f i umodsys_lib_libmedia:umodsys.mod.media.std.obj
 0001:00000330       ?obj_fget@RLibraryBinTree@std@media@modules@UModSys@@UEAA_NAEBUSInfo@IBinObjFilter@libmedia@5@AEAU?$TRefObject@UIRefObject@core@UModSys@@U?$TRefObjectFunc@UIRefObject@core@UModSys@@@tl@3@@tl@5@@Z 0000000140001330 f i umodsys_lib_libmedia:umodsys.mod.media.std.obj
 0001:00000330       ?obj_save@RLibraryObjCache@std@media@modules@UModSys@@UEAA_NAEBU?$TString@U?$TSCoreConst@D@su@tl@UModSys@@U?$TComparerBinaryHash@D@234@@tl@5@PEBUIRefObject@core@5@AEBUSObjOptions@ILibrary@libmedia@5@@Z 0000000140001330 f i umodsys_lib_libmedia:umodsys.mod.media.std.obj
 0001:00000330       ?bin_info@RLibraryBinCache@std@media@modules@UModSys@@UEAA_NAEBU?$TString@U?$TSCoreConst@D@su@tl@UModSys@@U?$TComparerBinaryHash@D@234@@tl@5@AEAUSFileInfo@libmedia@5@AEBUSFlags@95@@Z 0000000140001330 f i umodsys_lib_libmedia:umodsys.mod.media.std.obj
 0001:00000330       ?bin_get@RLibraryObjCache@std@media@modules@UModSys@@UEAA_NAEBU?$TString@U?$TSCoreConst@D@su@tl@UModSys@@U?$TComparerBinaryHash@D@234@@tl@5@AEAUSCMemShared@core@5@_N@Z 0000000140001330 f i umodsys_lib_libmedia:umodsys.mod.media.std.obj
 0001:00000330       ?obj_load@RLibraryObjCache@std@media@modules@UModSys@@UEAA_NAEBU?$TString@U?$TSCoreConst@D@su@tl@UModSys@@U?$TComparerBinaryHash@D@234@@tl@5@PEAUIRefObject@core@5@AEBUSObjOptions@ILibrary@libmedia@5@@Z 0000000140001330 f i umodsys_lib_libmedia:umodsys.mod.media.std.obj
 0001:00000330       ?bin_put@RLibraryObjFilter@std@media@modules@UModSys@@UEAA_NAEBU?$TString@U?$TSCoreConst@D@su@tl@UModSys@@U?$TComparerBinaryHash@D@234@@tl@5@PEBUSCMemShared@core@5@@Z 0000000140001330 f i umodsys_lib_libmedia:umodsys.mod.media.std.obj
 0001:00000330       ?obj_cput@RLibraryBinCache@std@media@modules@UModSys@@UEAA_NAEBU?$TString@U?$TSCoreConst@D@su@tl@UModSys@@U?$TComparerBinaryHash@D@234@@tl@5@PEAUIRefObject@core@5@@Z 0000000140001330 f i umodsys_lib_libmedia:umodsys.mod.media.std.obj
 0001:00000330       ?obj_cget@RLibraryBinCache@std@media@modules@UModSys@@UEAA_NAEBU?$TString@U?$TSCoreConst@D@su@tl@UModSys@@U?$TComparerBinaryHash@D@234@@tl@5@AEAU?$TRefObject@UIRefObject@core@UModSys@@U?$TRefObjectFunc@UIRefObject@core@UModSys@@@tl@3@@75@_N@Z 0000000140001330 f i umodsys_lib_libmedia:umodsys.mod.media.std.obj
 0001:00000330       ?bin_save@RLibraryObjCache@std@media@modules@UModSys@@UEAA_NAEBU?$TString@U?$TSCoreConst@D@su@tl@UModSys@@U?$TComparerBinaryHash@D@234@@tl@5@AEBUSCMem@core@5@AEBUSFlags@libmedia@5@@Z 0000000140001330 f i umodsys_lib_libmedia:umodsys.mod.media.std.obj
 0001:00000330       ?obj_cget@RLibraryObjFilter@std@media@modules@UModSys@@UEAA_NAEBU?$TString@U?$TSCoreConst@D@su@tl@UModSys@@U?$TComparerBinaryHash@D@234@@tl@5@AEAU?$TRefObject@UIRefObject@core@UModSys@@U?$TRefObjectFunc@UIRefObject@core@UModSys@@@tl@3@@75@_N@Z 0000000140001330 f i umodsys_lib_libmedia:umodsys.mod.media.std.obj
 0001:00000330       ?bin_info@RLibraryBinTree@std@media@modules@UModSys@@UEAA_NAEBU?$TString@U?$TSCoreConst@D@su@tl@UModSys@@U?$TComparerBinaryHash@D@234@@tl@5@AEAU?$TIStackSocket@USFileInfo@libmedia@UModSys@@@75@AEBUSFlags@libmedia@5@@Z 0000000140001330 f i umodsys_lib_libmedia:umodsys.mod.media.std.obj
 0001:00000330       ?bin_info@RLibraryBinTree@std@media@modules@UModSys@@UEAA_NAEBU?$TString@U?$TSCoreConst@D@su@tl@UModSys@@U?$TComparerBinaryHash@D@234@@tl@5@AEAUSFileInfo@libmedia@5@AEBUSFlags@95@@Z 0000000140001330 f i umodsys_lib_libmedia:umodsys.mod.media.std.obj
 0001:00000330       ?obj_save@RLibraryObjFilter@std@media@modules@UModSys@@UEAA_NAEBU?$TString@U?$TSCoreConst@D@su@tl@UModSys@@U?$TComparerBinaryHash@D@234@@tl@5@PEBUIRefObject@core@5@AEBUSObjOptions@ILibrary@libmedia@5@@Z 0000000140001330 f i umodsys_lib_libmedia:umodsys.mod.media.std.obj
 0001:00000330       ?obj_get@RLibraryObjFilter@std@media@modules@UModSys@@UEAA_NAEBU?$TString@U?$TSCoreConst@D@su@tl@UModSys@@U?$TComparerBinaryHash@D@234@@tl@5@AEAU?$TRefObject@UIRefObject@core@UModSys@@U?$TRefObjectFunc@UIRefObject@core@UModSys@@@tl@3@@75@AEBUSObjOptions@ILibrary@libmedia@5@@Z 0000000140001330 f i umodsys_lib_libmedia:umodsys.mod.media.std.obj
 0001:00000330       ?obj_fload@RLibraryObjCache@std@media@modules@UModSys@@UEAA_NAEBUSInfo@IBinObjFilter@libmedia@5@PEAUIRefObject@core@5@@Z 0000000140001330 f i umodsys_lib_libmedia:umodsys.mod.media.std.obj
 0001:00000330       ?obj_cget@RLibraryBinTree@std@media@modules@UModSys@@UEAA_NAEBU?$TString@U?$TSCoreConst@D@su@tl@UModSys@@U?$TComparerBinaryHash@D@234@@tl@5@AEAU?$TRefObject@UIRefObject@core@UModSys@@U?$TRefObjectFunc@UIRefObject@core@UModSys@@@tl@3@@75@_N@Z 0000000140001330 f i umodsys_lib_libmedia:umodsys.mod.media.std.obj
 0001:00000330       ?obj_save@RLibraryBinTree@std@media@modules@UModSys@@UEAA_NAEBU?$TString@U?$TSCoreConst@D@su@tl@UModSys@@U?$TComparerBinaryHash@D@234@@tl@5@PEBUIRefObject@core@5@AEBUSObjOptions@ILibrary@libmedia@5@@Z 0000000140001330 f i umodsys_lib_libmedia:umodsys.mod.media.std.obj
 0001:00000330       ?obj_fsave@RLibraryObjCache@std@media@modules@UModSys@@UEAA_NAEAUSInfo@IBinObjFilter@libmedia@5@PEBUIRefObject@core@5@@Z 0000000140001330 f i umodsys_lib_libmedia:umodsys.mod.media.std.obj
 0001:00000330       ?bin_get@RLibraryObjFilter@std@media@modules@UModSys@@UEAA_NAEBU?$TString@U?$TSCoreConst@D@su@tl@UModSys@@U?$TComparerBinaryHash@D@234@@tl@5@AEAUSCMemShared@core@5@_N@Z 0000000140001330 f i umodsys_lib_libmedia:umodsys.mod.media.std.obj
 0001:00000330       ?obj_fget@RLibraryObjCache@std@media@modules@UModSys@@UEAA_NAEBUSInfo@IBinObjFilter@libmedia@5@AEAU?$TRefObject@UIRefObject@core@UModSys@@U?$TRefObjectFunc@UIRefObject@core@UModSys@@@tl@3@@tl@5@@Z 0000000140001330 f i umodsys_lib_libmedia:umodsys.mod.media.std.obj
 0001:00000330       ?obj_load@RLibraryBinTree@std@media@modules@UModSys@@UEAA_NAEBU?$TString@U?$TSCoreConst@D@su@tl@UModSys@@U?$TComparerBinaryHash@D@234@@tl@5@PEAUIRefObject@core@5@AEBUSObjOptions@ILibrary@libmedia@5@@Z 0000000140001330 f i umodsys_lib_libmedia:umodsys.mod.media.std.obj
 0001:00000340       ?bin_get@RLibraryBinCache@std@media@modules@UModSys@@UEAA_NAEBU?$TString@U?$TSCoreConst@D@su@tl@UModSys@@U?$TComparerBinaryHash@D@234@@tl@5@AEAUSCMemShared@core@5@_N@Z 0000000140001340 f i umodsys_lib_libmedia:umodsys.mod.media.std.obj
 0001:00000340       ?obj_cget@RLibraryObjCache@std@media@modules@UModSys@@UEAA_NAEBU?$TString@U?$TSCoreConst@D@su@tl@UModSys@@U?$TComparerBinaryHash@D@234@@tl@5@AEAU?$TRefObject@UIRefObject@core@UModSys@@U?$TRefObjectFunc@UIRefObject@core@UModSys@@@tl@3@@75@_N@Z 0000000140001340 f i umodsys_lib_libmedia:umodsys.mod.media.std.obj
 0001:00000380       ?bin_put@RLibraryBinCache@std@media@modules@UModSys@@UEAA_NAEBU?$TString@U?$TSCoreConst@D@su@tl@UModSys@@U?$TComparerBinaryHash@D@234@@tl@5@PEBUSCMemShared@core@5@@Z 0000000140001380 f i umodsys_lib_libmedia:umodsys.mod.media.std.obj
 0001:000003a0       ?bincache_get@RLibraryBinCache@std@media@modules@UModSys@@UEBA_NAEBU?$TString@U?$TSCoreConst@D@su@tl@UModSys@@U?$TComparerBinaryHash@D@234@@tl@5@PEAUSCMemShared@core@5@PEA_N@Z 00000001400013a0 f i umodsys_lib_libmedia:umodsys.mod.media.std.obj
 0001:00000450       ?bincache_add@RLibraryBinCache@std@media@modules@UModSys@@UEAA_NAEBU?$TString@U?$TSCoreConst@D@su@tl@UModSys@@U?$TComparerBinaryHash@D@234@@tl@5@@Z 0000000140001450 f i umodsys_lib_libmedia:umodsys.mod.media.std.obj
 0001:00000480       ?bincache_add@RLibraryBinCache@std@media@modules@UModSys@@UEAA_NAEBU?$TString@U?$TSCoreConst@D@su@tl@UModSys@@U?$TComparerBinaryHash@D@234@@tl@5@AEBUSCMemShared@core@5@@Z 0000000140001480 f i umodsys_lib_libmedia:umodsys.mod.media.std.obj
 0001:00000490       ?bincache_remove@RLibraryBinCache@std@media@modules@UModSys@@UEAA_NAEBU?$TString@U?$TSCoreConst@D@su@tl@UModSys@@U?$TComparerBinaryHash@D@234@@tl@5@@Z 0000000140001490 f i umodsys_lib_libmedia:umodsys.mod.media.std.obj
 0001:000004f0       ?bincache_clear@RLibraryBinCache@std@media@modules@UModSys@@UEAA_NXZ 00000001400014f0 f i umodsys_lib_libmedia:umodsys.mod.media.std.obj
 0001:00000520       ?bincache_add@RLibraryBinCache@std@media@modules@UModSys@@QEAA_NAEBU?$TString@U?$TSCoreConst@D@su@tl@UModSys@@U?$TComparerBinaryHash@D@234@@tl@5@AEBUSCMemShared@core@5@_N@Z 0000000140001520 f i umodsys_lib_libmedia:umodsys.mod.media.std.obj
 0001:00000720       ??_GRLibraryBinCache@std@media@modules@UModSys@@UEAAPEAXI@Z 0000000140001720 f i umodsys_lib_libmedia:umodsys.mod.media.std.obj
 0001:00000720       ??_ERLibraryBinCache@std@media@modules@UModSys@@UEAAPEAXI@Z 0000000140001720 f i  CIL library: CIL module
 0001:000007a0       ??_GIRoot@core@UModSys@@UEAAPEAXI@Z 00000001400017a0 f i umodsys_lib_libmedia:umodsys.mod.media.std.obj
 0001:000007a0       ??_EIRoot@core@UModSys@@UEAAPEAXI@Z 00000001400017a0 f i  CIL library: CIL module
 0001:000007d0       ?root_get_interface_info@RLibraryBinTree@std@media@modules@UModSys@@UEBAAEBUSUniquePointerInfo@core@5@XZ 00000001400017d0 f i umodsys_lib_libmedia:umodsys.mod.media.std.obj
 0001:000007e0       ?root_get_interface_type@RLibraryBinTree@std@media@modules@UModSys@@UEBAPEBUSUniquePointerInfo@core@5@XZ 00000001400017e0 f i umodsys_lib_libmedia:umodsys.mod.media.std.obj
 0001:000007f0       ?root_get_other_interface@RLibraryBinTree@std@media@modules@UModSys@@UEBAPEBUIRoot@core@5@PEBUSUniquePointerInfo@75@@Z 00000001400017f0 f i umodsys_lib_libmedia:umodsys.mod.media.std.obj
 0001:000007f0       ?root_get_other_interface@RLibraryBinTree@std@media@modules@UModSys@@UEAAPEAUIRoot@core@5@PEBUSUniquePointerInfo@75@@Z 00000001400017f0 f i umodsys_lib_libmedia:umodsys.mod.media.std.obj
 0001:00000830       ?root_is_interface_supported@RLibraryBinTree@std@media@modules@UModSys@@UEBA_NPEBUSUniquePointerInfo@core@5@@Z 0000000140001830 f i umodsys_lib_libmedia:umodsys.mod.media.std.obj
 0001:00000870       ??0RLibraryBinTree@std@media@modules@UModSys@@QEAA@PEAUIModObject@base@4@AEBUSParameters@core@4@U?$TFlags4State@USMediaFlagUid@libmedia@UModSys@@I@tl@4@@Z 0000000140001870 f i umodsys_lib_libmedia:umodsys.mod.media.std.obj
 0001:00000910       ?get_flag@RLibraryBinTree@std@media@modules@UModSys@@UEBA?AW4eStates@?$TFlags4State@USMediaFlagUid@libmedia@UModSys@@I@tl@5@H@Z 0000000140001910 f i umodsys_lib_libmedia:umodsys.mod.media.std.obj
 0001:00000910       ?get_flag@RLibraryObjCache@std@media@modules@UModSys@@UEBA?AW4eStates@?$TFlags4State@USMediaFlagUid@libmedia@UModSys@@I@tl@5@H@Z 0000000140001910 f i umodsys_lib_libmedia:umodsys.mod.media.std.obj
 0001:00000910       ?get_flag@RLibraryObjFilter@std@media@modules@UModSys@@UEBA?AW4eStates@?$TFlags4State@USMediaFlagUid@libmedia@UModSys@@I@tl@5@H@Z 0000000140001910 f i umodsys_lib_libmedia:umodsys.mod.media.std.obj
 0001:00000910       ?get_flag@RLibraryBinCache@std@media@modules@UModSys@@UEBA?AW4eStates@?$TFlags4State@USMediaFlagUid@libmedia@UModSys@@I@tl@5@H@Z 0000000140001910 f i umodsys_lib_libmedia:umodsys.mod.media.std.obj
 0001:00000920       ?get_flags_auto@RLibraryBinTree@std@media@modules@UModSys@@UEBA?AU?$TFlags4State@USMediaFlagUid@libmedia@UModSys@@I@tl@5@XZ 0000000140001920 f i umodsys_lib_libmedia:umodsys.mod.media.std.obj
 0001:00000930       ?bin_reader@RLibraryBinTree@std@media@modules@UModSys@@UEAA?AU?$TRefObject@UIStreamReader@libmedia@UModSys@@U?$TRefObjectFunc@UIStreamReader@libmedia@UModSys@@@tl@3@@tl@5@AEBU?$TString@U?$TSCoreConst@D@su@tl@UModSys@@U?$TComparerBinaryHash@D@234@@75@AEBUSFlags@libmedia@5@@Z 0000000140001930 f i umodsys_lib_libmedia:umodsys.mod.media.std.obj
 0001:00000af0       ?bin_writer@RLibraryBinTree@std@media@modules@UModSys@@UEAA?AU?$TRefObject@UIStreamWriter@libmedia@UModSys@@U?$TRefObjectFunc@UIStreamWriter@libmedia@UModSys@@@tl@3@@tl@5@AEBU?$TString@U?$TSCoreConst@D@su@tl@UModSys@@U?$TComparerBinaryHash@D@234@@75@AEBUSFlags@libmedia@5@@Z 0000000140001af0 f i umodsys_lib_libmedia:umodsys.mod.media.std.obj
 0001:00000cb0       ?bin_load@RLibraryBinTree@std@media@modules@UModSys@@UEAA_NAEBU?$TString@U?$TSCoreConst@D@su@tl@UModSys@@U?$TComparerBinaryHash@D@234@@tl@5@AEAUSCMemShared@core@5@AEBUSFlags@libmedia@5@@Z 0000000140001cb0 f i umodsys_lib_libmedia:umodsys.mod.media.std.obj
 0001:00000e50       ?bin_save@RLibraryBinTree@std@media@modules@UModSys@@UEAA_NAEBU?$TString@U?$TSCoreConst@D@su@tl@UModSys@@U?$TComparerBinaryHash@D@234@@tl@5@AEBUSCMem@core@5@AEBUSFlags@libmedia@5@@Z 0000000140001e50 f i umodsys_lib_libmedia:umodsys.mod.media.std.obj
 0001:00000fe0       ?mount_get@RLibraryBinTree@std@media@modules@UModSys@@UEBA?AUSPoint@ILibraryBinTree@libmedia@5@AEBUSId@785@@Z 0000000140001fe0 f i umodsys_lib_libmedia:umodsys.mod.media.std.obj
 0001:00001060       ?mount_add@RLibraryBinTree@std@media@modules@UModSys@@UEAA_NAEBUSId@ILibraryBinTree@libmedia@5@AEBUSPoint@785@@Z 0000000140002060 f i umodsys_lib_libmedia:umodsys.mod.media.std.obj
 0001:00001250       ?mount_remove@RLibraryBinTree@std@media@modules@UModSys@@UEAA_NAEBUSId@ILibraryBinTree@libmedia@5@@Z 0000000140002250 f i umodsys_lib_libmedia:umodsys.mod.media.std.obj
 0001:000012b0       ?mount_clear@RLibraryBinTree@std@media@modules@UModSys@@UEAA_NXZ 00000001400022b0 f i umodsys_lib_libmedia:umodsys.mod.media.std.obj
 0001:000012e0       ??_GRLibraryBinTree@std@media@modules@UModSys@@UEAAPEAXI@Z 00000001400022e0 f i umodsys_lib_libmedia:umodsys.mod.media.std.obj
 0001:000012e0       ??_ERLibraryBinTree@std@media@modules@UModSys@@UEAAPEAXI@Z 00000001400022e0 f i  CIL library: CIL module
 0001:00001360       ?root_get_interface_info@RLibraryLayered@std@media@modules@UModSys@@UEBAAEBUSUniquePointerInfo@core@5@XZ 0000000140002360 f i umodsys_lib_libmedia:umodsys.mod.media.std.obj
 0001:00001370       ?root_get_interface_type@RLibraryLayered@std@media@modules@UModSys@@UEBAPEBUSUniquePointerInfo@core@5@XZ 0000000140002370 f i umodsys_lib_libmedia:umodsys.mod.media.std.obj
 0001:00001380       ?root_get_other_interface@RLibraryLayered@std@media@modules@UModSys@@UEAAPEAUIRoot@core@5@PEBUSUniquePointerInfo@75@@Z 0000000140002380 f i umodsys_lib_libmedia:umodsys.mod.media.std.obj
 0001:00001380       ?root_get_other_interface@RLibraryLayered@std@media@modules@UModSys@@UEBAPEBUIRoot@core@5@PEBUSUniquePointerInfo@75@@Z 0000000140002380 f i umodsys_lib_libmedia:umodsys.mod.media.std.obj
 0001:000013c0       ?root_is_interface_supported@RLibraryLayered@std@media@modules@UModSys@@UEBA_NPEBUSUniquePointerInfo@core@5@@Z 00000001400023c0 f i umodsys_lib_libmedia:umodsys.mod.media.std.obj
 0001:00001400       ??4SLayerX@RLibraryLayered@std@media@modules@UModSys@@QEAAXAEBUSLayer@ILibraryLayered@libmedia@5@@Z 0000000140002400 f i umodsys_lib_libmedia:umodsys.mod.media.std.obj
 0001:000014b0       ??0RLibraryLayered@std@media@modules@UModSys@@QEAA@PEAUIModObject@base@4@AEBUSParameters@core@4@U?$TFlags4State@USMediaFlagUid@libmedia@UModSys@@I@tl@4@@Z 00000001400024b0 f i umodsys_lib_libmedia:umodsys.mod.media.std.obj
 0001:00001560       ?get_flag@RLibraryLayered@std@media@modules@UModSys@@UEBA?AW4eStates@?$TFlags4State@USMediaFlagUid@libmedia@UModSys@@I@tl@5@H@Z 0000000140002560 f i umodsys_lib_libmedia:umodsys.mod.media.std.obj
 0001:00001570       ?get_flags_auto@RLibraryLayered@std@media@modules@UModSys@@UEBA?AU?$TFlags4State@USMediaFlagUid@libmedia@UModSys@@I@tl@5@XZ 0000000140002570 f i umodsys_lib_libmedia:umodsys.mod.media.std.obj
 0001:00001580       ?set_flag@RLibraryLayered@std@media@modules@UModSys@@UEAA?AW4eStates@?$TFlags4State@USMediaFlagUid@libmedia@UModSys@@I@tl@5@HW46785@@Z 0000000140002580 f i umodsys_lib_libmedia:umodsys.mod.media.std.obj
 0001:000015b0       ?bin_reader@RLibraryLayered@std@media@modules@UModSys@@UEAA?AU?$TRefObject@UIStreamReader@libmedia@UModSys@@U?$TRefObjectFunc@UIStreamReader@libmedia@UModSys@@@tl@3@@tl@5@AEBU?$TString@U?$TSCoreConst@D@su@tl@UModSys@@U?$TComparerBinaryHash@D@234@@75@AEBUSFlags@libmedia@5@@Z 00000001400025b0 f i umodsys_lib_libmedia:umodsys.mod.media.std.obj
 0001:000016b0       ?bin_writer@RLibraryLayered@std@media@modules@UModSys@@UEAA?AU?$TRefObject@UIStreamWriter@libmedia@UModSys@@U?$TRefObjectFunc@UIStreamWriter@libmedia@UModSys@@@tl@3@@tl@5@AEBU?$TString@U?$TSCoreConst@D@su@tl@UModSys@@U?$TComparerBinaryHash@D@234@@75@AEBUSFlags@libmedia@5@@Z 00000001400026b0 f i umodsys_lib_libmedia:umodsys.mod.media.std.obj
 0001:000017b0       ?bin_load@RLibraryLayered@std@media@modules@UModSys@@UEAA_NAEBU?$TString@U?$TSCoreConst@D@su@tl@UModSys@@U?$TComparerBinaryHash@D@234@@tl@5@AEAUSCMemShared@core@5@AEBUSFlags@libmedia@5@@Z 00000001400027b0 f i umodsys_lib_libmedia:umodsys.mod.media.std.obj
 0001:00001980       ?bin_save@RLibraryLayered@std@media@modules@UModSys@@UEAA_NAEBU?$TString@U?$TSCoreConst@D@su@tl@UModSys@@U?$TComparerBinaryHash@D@234@@tl@5@AEBUSCMem@core@5@AEBUSFlags@libmedia@5@@Z 0000000140002980 f i umodsys_lib_libmedia:umodsys.mod.media.std.obj
 0001:00001b80       ?bin_info@RLibraryLayered@std@media@modules@UModSys@@UEAA_NAEBU?$TString@U?$TSCoreConst@D@su@tl@UModSys@@U?$TComparerBinaryHash@D@234@@tl@5@AEAUSFileInfo@libmedia@5@AEBUSFlags@95@@Z 0000000140002b80 f i umodsys_lib_libmedia:umodsys.mod.media.std.obj
 0001:00001c40       ?bin_info@RLibraryLayered@std@media@modules@UModSys@@UEAA_NAEBU?$TString@U?$TSCoreConst@D@su@tl@UModSys@@U?$TComparerBinaryHash@D@234@@tl@5@AEAU?$TIStackSocket@USFileInfo@libmedia@UModSys@@@75@AEBUSFlags@libmedia@5@@Z 0000000140002c40 f i umodsys_lib_libmedia:umodsys.mod.media.std.obj
 0001:00001d10       ?bin_get@RLibraryLayered@std@media@modules@UModSys@@UEAA_NAEBU?$TString@U?$TSCoreConst@D@su@tl@UModSys@@U?$TComparerBinaryHash@D@234@@tl@5@AEAUSCMemShared@core@5@_N@Z 0000000140002d10 f i umodsys_lib_libmedia:umodsys.mod.media.std.obj
 0001:00001da0       ?bin_put@RLibraryLayered@std@media@modules@UModSys@@UEAA_NAEBU?$TString@U?$TSCoreConst@D@su@tl@UModSys@@U?$TComparerBinaryHash@D@234@@tl@5@PEBUSCMemShared@core@5@@Z 0000000140002da0 f i umodsys_lib_libmedia:umodsys.mod.media.std.obj
 0001:00001e20       ?obj_fget@RLibraryLayered@std@media@modules@UModSys@@UEAA_NAEBUSInfo@IBinObjFilter@libmedia@5@AEAU?$TRefObject@UIRefObject@core@UModSys@@U?$TRefObjectFunc@UIRefObject@core@UModSys@@@tl@3@@tl@5@@Z 0000000140002e20 f i umodsys_lib_libmedia:umodsys.mod.media.std.obj
 0001:00001ea0       ?obj_fload@RLibraryLayered@std@media@modules@UModSys@@UEAA_NAEBUSInfo@IBinObjFilter@libmedia@5@PEAUIRefObject@core@5@@Z 0000000140002ea0 f i umodsys_lib_libmedia:umodsys.mod.media.std.obj
 0001:00001f20       ?obj_fsave@RLibraryLayered@std@media@modules@UModSys@@UEAA_NAEAUSInfo@IBinObjFilter@libmedia@5@PEBUIRefObject@core@5@@Z 0000000140002f20 f i umodsys_lib_libmedia:umodsys.mod.media.std.obj
 0001:00001fa0       ?obj_cget@RLibraryLayered@std@media@modules@UModSys@@UEAA_NAEBU?$TString@U?$TSCoreConst@D@su@tl@UModSys@@U?$TComparerBinaryHash@D@234@@tl@5@AEAU?$TRefObject@UIRefObject@core@UModSys@@U?$TRefObjectFunc@UIRefObject@core@UModSys@@@tl@3@@75@_N@Z 0000000140002fa0 f i umodsys_lib_libmedia:umodsys.mod.media.std.obj
 0001:00002030       ?obj_cput@RLibraryLayered@std@media@modules@UModSys@@UEAA_NAEBU?$TString@U?$TSCoreConst@D@su@tl@UModSys@@U?$TComparerBinaryHash@D@234@@tl@5@PEAUIRefObject@core@5@@Z 0000000140003030 f i umodsys_lib_libmedia:umodsys.mod.media.std.obj
 0001:000020b0       ?obj_get@RLibraryLayered@std@media@modules@UModSys@@UEAA_NAEBU?$TString@U?$TSCoreConst@D@su@tl@UModSys@@U?$TComparerBinaryHash@D@234@@tl@5@AEAU?$TRefObject@UIRefObject@core@UModSys@@U?$TRefObjectFunc@UIRefObject@core@UModSys@@@tl@3@@75@AEBUSObjOptions@ILibrary@libmedia@5@@Z 00000001400030b0 f i umodsys_lib_libmedia:umodsys.mod.media.std.obj
 0001:000024e0       ?obj_load@RLibraryLayered@std@media@modules@UModSys@@UEAA_NAEBU?$TString@U?$TSCoreConst@D@su@tl@UModSys@@U?$TComparerBinaryHash@D@234@@tl@5@PEAUIRefObject@core@5@AEBUSObjOptions@ILibrary@libmedia@5@@Z 00000001400034e0 f i umodsys_lib_libmedia:umodsys.mod.media.std.obj
 0001:00002690       ?obj_save@RLibraryLayered@std@media@modules@UModSys@@UEAA_NAEBU?$TString@U?$TSCoreConst@D@su@tl@UModSys@@U?$TComparerBinaryHash@D@234@@tl@5@PEBUIRefObject@core@5@AEBUSObjOptions@ILibrary@libmedia@5@@Z 0000000140003690 f i umodsys_lib_libmedia:umodsys.mod.media.std.obj
 0001:000028d0       ?layer_count@RLibraryLayered@std@media@modules@UModSys@@UEBA_KAEBUSLayer@ILibraryLayered@libmedia@5@@Z 00000001400038d0 f i umodsys_lib_libmedia:umodsys.mod.media.std.obj
 0001:000028e0       ?layer_get@RLibraryLayered@std@media@modules@UModSys@@UEBA?AUSLayer@ILibraryLayered@libmedia@5@_K@Z 00000001400038e0 f i umodsys_lib_libmedia:umodsys.mod.media.std.obj
 0001:00002950       ?layer_find@RLibraryLayered@std@media@modules@UModSys@@UEBA_KAEBU?$TString@U?$TSCoreConst@D@su@tl@UModSys@@U?$TComparerBinaryHash@D@234@@tl@5@_K@Z 0000000140003950 f i umodsys_lib_libmedia:umodsys.mod.media.std.obj
 0001:00002a00       ?layer_insert@RLibraryLayered@std@media@modules@UModSys@@UEAA_NAEBUSLayer@ILibraryLayered@libmedia@5@_K@Z 0000000140003a00 f i umodsys_lib_libmedia:umodsys.mod.media.std.obj
 0001:00002a70       ?layer_remove@RLibraryLayered@std@media@modules@UModSys@@UEAA_N_K@Z 0000000140003a70 f i umodsys_lib_libmedia:umodsys.mod.media.std.obj
 0001:00002a80       ?layer_clear@RLibraryLayered@std@media@modules@UModSys@@UEAA_NXZ 0000000140003a80 f i umodsys_lib_libmedia:umodsys.mod.media.std.obj
 0001:00002a90       ??_GRLibraryLayered@std@media@modules@UModSys@@UEAAPEAXI@Z 0000000140003a90 f i umodsys_lib_libmedia:umodsys.mod.media.std.obj
 0001:00002a90       ??_ERLibraryLayered@std@media@modules@UModSys@@UEAAPEAXI@Z 0000000140003a90 f i  CIL library: CIL module
 0001:00002ae0       ??1SCMemShared@core@UModSys@@QEAA@XZ 0000000140003ae0 f i umodsys_lib_libmedia:umodsys.mod.media.std.obj
 0001:00002ae0       ??1SInfo@IBinObjFilter@libmedia@UModSys@@QEAA@XZ 0000000140003ae0 f i umodsys_lib_libmedia:umodsys.mod.media.std.obj
 0001:00002ae0       ??1SMemShared@core@UModSys@@QEAA@XZ 0000000140003ae0 f i umodsys_lib_libmedia:umodsys.mod.media.std.obj
 0001:00002b10       ?root_get_interface_info@RLibraryObjCache@std@media@modules@UModSys@@UEBAAEBUSUniquePointerInfo@core@5@XZ 0000000140003b10 f i umodsys_lib_libmedia:umodsys.mod.media.std.obj
 0001:00002b20       ?root_get_interface_type@RLibraryObjCache@std@media@modules@UModSys@@UEBAPEBUSUniquePointerInfo@core@5@XZ 0000000140003b20 f i umodsys_lib_libmedia:umodsys.mod.media.std.obj
 0001:00002b30       ?root_get_other_interface@RLibraryObjCache@std@media@modules@UModSys@@UEAAPEAUIRoot@core@5@PEBUSUniquePointerInfo@75@@Z 0000000140003b30 f i umodsys_lib_libmedia:umodsys.mod.media.std.obj
 0001:00002b30       ?root_get_other_interface@RLibraryObjCache@std@media@modules@UModSys@@UEBAPEBUIRoot@core@5@PEBUSUniquePointerInfo@75@@Z 0000000140003b30 f i umodsys_lib_libmedia:umodsys.mod.media.std.obj
 0001:00002b70       ?root_is_interface_supported@RLibraryObjCache@std@media@modules@UModSys@@UEBA_NPEBUSUniquePointerInfo@core@5@@Z 0000000140003b70 f i umodsys_lib_libmedia:umodsys.mod.media.std.obj
 0001:00002bb0       ?ref_remove@RLibraryBinCache@std@media@modules@UModSys@@UEBAXXZ 0000000140003bb0 f i umodsys_lib_libmedia:umodsys.mod.media.std.obj
 0001:00002bb0       ?ref_remove@RDataArchiver_OsDir@stdio@media@modules@UModSys@@UEBAXXZ 0000000140003bb0 f i umodsys_lib_libmedia:umodsys.mod.media.stdio.obj
 0001:00002bb0       ?ref_remove@RLibraryObjCache@std@media@modules@UModSys@@UEBAXXZ 0000000140003bb0 f i umodsys_lib_libmedia:umodsys.mod.media.std.obj
 0001:00002bb0       ?ref_remove@RLibraryBinTree@std@media@modules@UModSys@@UEBAXXZ 0000000140003bb0 f i umodsys_lib_libmedia:umodsys.mod.media.std.obj
 0001:00002bb0       ?ref_remove@RLibraryObjFilter@std@media@modules@UModSys@@UEBAXXZ 0000000140003bb0 f i umodsys_lib_libmedia:umodsys.mod.media.std.obj
 0001:00002bb0       ?ref_remove@RLibraryLayered@std@media@modules@UModSys@@UEBAXXZ 0000000140003bb0 f i umodsys_lib_libmedia:umodsys.mod.media.std.obj
 0001:00002bd0       ??0RLibraryObjCache@std@media@modules@UModSys@@QEAA@PEAUIModObject@base@4@AEBUSParameters@core@4@U?$TFlags4State@USMediaFlagUid@libmedia@UModSys@@I@tl@4@@Z 0000000140003bd0 f i umodsys_lib_libmedia:umodsys.mod.media.std.obj
 0001:00002c70       ?get_flags_auto@RLibraryObjCache@std@media@modules@UModSys@@UEBA?AU?$TFlags4State@USMediaFlagUid@libmedia@UModSys@@I@tl@5@XZ 0000000140003c70 f i umodsys_lib_libmedia:umodsys.mod.media.std.obj
 0001:00002c80       ?bin_writer@RLibraryObjCache@std@media@modules@UModSys@@UEAA?AU?$TRefObject@UIStreamWriter@libmedia@UModSys@@U?$TRefObjectFunc@UIStreamWriter@libmedia@UModSys@@@tl@3@@tl@5@AEBU?$TString@U?$TSCoreConst@D@su@tl@UModSys@@U?$TComparerBinaryHash@D@234@@75@AEBUSFlags@libmedia@5@@Z 0000000140003c80 f i umodsys_lib_libmedia:umodsys.mod.media.std.obj
 0001:00002c80       ?bin_reader@RLibraryObjFilter@std@media@modules@UModSys@@UEAA?AU?$TRefObject@UIStreamReader@libmedia@UModSys@@U?$TRefObjectFunc@UIStreamReader@libmedia@UModSys@@@tl@3@@tl@5@AEBU?$TString@U?$TSCoreConst@D@su@tl@UModSys@@U?$TComparerBinaryHash@D@234@@75@AEBUSFlags@libmedia@5@@Z 0000000140003c80 f i umodsys_lib_libmedia:umodsys.mod.media.std.obj
 0001:00002c80       ?bin_reader@RLibraryBinCache@std@media@modules@UModSys@@UEAA?AU?$TRefObject@UIStreamReader@libmedia@UModSys@@U?$TRefObjectFunc@UIStreamReader@libmedia@UModSys@@@tl@3@@tl@5@AEBU?$TString@U?$TSCoreConst@D@su@tl@UModSys@@U?$TComparerBinaryHash@D@234@@75@AEBUSFlags@libmedia@5@@Z 0000000140003c80 f i umodsys_lib_libmedia:umodsys.mod.media.std.obj
 0001:00002c80       ?bin_reader@RLibraryObjCache@std@media@modules@UModSys@@UEAA?AU?$TRefObject@UIStreamReader@libmedia@UModSys@@U?$TRefObjectFunc@UIStreamReader@libmedia@UModSys@@@tl@3@@tl@5@AEBU?$TString@U?$TSCoreConst@D@su@tl@UModSys@@U?$TComparerBinaryHash@D@234@@75@AEBUSFlags@libmedia@5@@Z 0000000140003c80 f i umodsys_lib_libmedia:umodsys.mod.media.std.obj
 0001:00002c80       ?bin_writer@RLibraryObjFilter@std@media@modules@UModSys@@UEAA?AU?$TRefObject@UIStreamWriter@libmedia@UModSys@@U?$TRefObjectFunc@UIStreamWriter@libmedia@UModSys@@@tl@3@@tl@5@AEBU?$TString@U?$TSCoreConst@D@su@tl@UModSys@@U?$TComparerBinaryHash@D@234@@75@AEBUSFlags@libmedia@5@@Z 0000000140003c80 f i umodsys_lib_libmedia:umodsys.mod.media.std.obj
 0001:00002c80       ?bin_writer@RLibraryBinCache@std@media@modules@UModSys@@UEAA?AU?$TRefObject@UIStreamWriter@libmedia@UModSys@@U?$TRefObjectFunc@UIStreamWriter@libmedia@UModSys@@@tl@3@@tl@5@AEBU?$TString@U?$TSCoreConst@D@su@tl@UModSys@@U?$TComparerBinaryHash@D@234@@75@AEBUSFlags@libmedia@5@@Z 0000000140003c80 f i umodsys_lib_libmedia:umodsys.mod.media.std.obj
 0001:00002c90       ?obj_cput@RLibraryObjCache@std@media@modules@UModSys@@UEAA_NAEBU?$TString@U?$TSCoreConst@D@su@tl@UModSys@@U?$TComparerBinaryHash@D@234@@tl@5@PEAUIRefObject@core@5@@Z 0000000140003c90 f i umodsys_lib_libmedia:umodsys.mod.media.std.obj
 0001:00002ca0       ?obj_get@RLibraryObjCache@std@media@modules@UModSys@@UEAA_NAEBU?$TString@U?$TSCoreConst@D@su@tl@UModSys@@U?$TComparerBinaryHash@D@234@@tl@5@AEAU?$TRefObject@UIRefObject@core@UModSys@@U?$TRefObjectFunc@UIRefObject@core@UModSys@@@tl@3@@75@AEBUSObjOptions@ILibrary@libmedia@5@@Z 0000000140003ca0 f i umodsys_lib_libmedia:umodsys.mod.media.std.obj
 0001:00002e10       ?objcache_get@RLibraryObjCache@std@media@modules@UModSys@@UEBA_NAEBU?$TString@U?$TSCoreConst@D@su@tl@UModSys@@U?$TComparerBinaryHash@D@234@@tl@5@PEAU?$TRefObject@UIRefObject@core@UModSys@@U?$TRefObjectFunc@UIRefObject@core@UModSys@@@tl@3@@75@PEA_N@Z 0000000140003e10 f i umodsys_lib_libmedia:umodsys.mod.media.std.obj
 0001:00002ec0       ?objcache_add@RLibraryObjCache@std@media@modules@UModSys@@UEAA_NAEBU?$TString@U?$TSCoreConst@D@su@tl@UModSys@@U?$TComparerBinaryHash@D@234@@tl@5@PEAUIRefObject@core@5@@Z 0000000140003ec0 f i umodsys_lib_libmedia:umodsys.mod.media.std.obj
 0001:000030b0       ?objcache_remove@RLibraryObjCache@std@media@modules@UModSys@@UEAA_NAEBU?$TString@U?$TSCoreConst@D@su@tl@UModSys@@U?$TComparerBinaryHash@D@234@@tl@5@@Z 00000001400040b0 f i umodsys_lib_libmedia:umodsys.mod.media.std.obj
 0001:00003110       ?objcache_clear@RLibraryObjCache@std@media@modules@UModSys@@UEAA_NXZ 0000000140004110 f i umodsys_lib_libmedia:umodsys.mod.media.std.obj
 0001:00003140       ??_GRLibraryObjCache@std@media@modules@UModSys@@UEAAPEAXI@Z 0000000140004140 f i umodsys_lib_libmedia:umodsys.mod.media.std.obj
 0001:00003140       ??_ERLibraryObjCache@std@media@modules@UModSys@@UEAAPEAXI@Z 0000000140004140 f i  CIL library: CIL module
 0001:000031c0       ?root_get_interface_info@RLibraryObjFilter@std@media@modules@UModSys@@UEBAAEBUSUniquePointerInfo@core@5@XZ 00000001400041c0 f i umodsys_lib_libmedia:umodsys.mod.media.std.obj
 0001:000031d0       ?root_get_interface_type@RLibraryObjFilter@std@media@modules@UModSys@@UEBAPEBUSUniquePointerInfo@core@5@XZ 00000001400041d0 f i umodsys_lib_libmedia:umodsys.mod.media.std.obj
 0001:000031e0       ?root_get_other_interface@RLibraryObjFilter@std@media@modules@UModSys@@UEAAPEAUIRoot@core@5@PEBUSUniquePointerInfo@75@@Z 00000001400041e0 f i umodsys_lib_libmedia:umodsys.mod.media.std.obj
 0001:000031e0       ?root_get_other_interface@RLibraryObjFilter@std@media@modules@UModSys@@UEBAPEBUIRoot@core@5@PEBUSUniquePointerInfo@75@@Z 00000001400041e0 f i umodsys_lib_libmedia:umodsys.mod.media.std.obj
 0001:00003220       ?root_is_interface_supported@RLibraryObjFilter@std@media@modules@UModSys@@UEBA_NPEBUSUniquePointerInfo@core@5@@Z 0000000140004220 f i umodsys_lib_libmedia:umodsys.mod.media.std.obj
 0001:00003260       ?ref_weak@RDataArchiver_OsDir@stdio@media@modules@UModSys@@UEBA_NAEAUWeakPointer@IRefObject@core@5@@Z 0000000140004260 f i umodsys_lib_libmedia:umodsys.mod.media.stdio.obj
 0001:00003260       ?ref_weak@RLibraryBinTree@std@media@modules@UModSys@@UEBA_NAEAUWeakPointer@IRefObject@core@5@@Z 0000000140004260 f i umodsys_lib_libmedia:umodsys.mod.media.std.obj
 0001:00003260       ?ref_weak@RLibraryObjCache@std@media@modules@UModSys@@UEBA_NAEAUWeakPointer@IRefObject@core@5@@Z 0000000140004260 f i umodsys_lib_libmedia:umodsys.mod.media.std.obj
 0001:00003260       ?ref_weak@RLibraryBinCache@std@media@modules@UModSys@@UEBA_NAEAUWeakPointer@IRefObject@core@5@@Z 0000000140004260 f i umodsys_lib_libmedia:umodsys.mod.media.std.obj
 0001:00003260       ?ref_weak@RLibraryObjFilter@std@media@modules@UModSys@@UEBA_NAEAUWeakPointer@IRefObject@core@5@@Z 0000000140004260 f i umodsys_lib_libmedia:umodsys.mod.media.std.obj
 0001:00003260       ?ref_weak@RLibraryLayered@std@media@modules@UModSys@@UEBA_NAEAUWeakPointer@IRefObject@core@5@@Z 0000000140004260 f i umodsys_lib_libmedia:umodsys.mod.media.std.obj
 0001:00003280       ??0RLibraryObjFilter@std@media@modules@UModSys@@QEAA@PEAUIModObject@base@4@AEBUSParameters@core@4@U?$TFlags4State@USMediaFlagUid@libmedia@UModSys@@I@tl@4@@Z 0000000140004280 f i umodsys_lib_libmedia:umodsys.mod.media.std.obj
 0001:00003320       ?get_flags_auto@RLibraryObjFilter@std@media@modules@UModSys@@UEBA?AU?$TFlags4State@USMediaFlagUid@libmedia@UModSys@@I@tl@5@XZ 0000000140004320 f i umodsys_lib_libmedia:umodsys.mod.media.std.obj
 0001:00003330       ?set_flag@RLibraryObjCache@std@media@modules@UModSys@@UEAA?AW4eStates@?$TFlags4State@USMediaFlagUid@libmedia@UModSys@@I@tl@5@HW46785@@Z 0000000140004330 f i umodsys_lib_libmedia:umodsys.mod.media.std.obj
 0001:00003330       ?set_flag@RLibraryObjFilter@std@media@modules@UModSys@@UEAA?AW4eStates@?$TFlags4State@USMediaFlagUid@libmedia@UModSys@@I@tl@5@HW46785@@Z 0000000140004330 f i umodsys_lib_libmedia:umodsys.mod.media.std.obj
 0001:00003330       ?set_flag@RLibraryBinTree@std@media@modules@UModSys@@UEAA?AW4eStates@?$TFlags4State@USMediaFlagUid@libmedia@UModSys@@I@tl@5@HW46785@@Z 0000000140004330 f i umodsys_lib_libmedia:umodsys.mod.media.std.obj
 0001:00003330       ?set_flag@RLibraryBinCache@std@media@modules@UModSys@@UEAA?AW4eStates@?$TFlags4State@USMediaFlagUid@libmedia@UModSys@@I@tl@5@HW46785@@Z 0000000140004330 f i umodsys_lib_libmedia:umodsys.mod.media.std.obj
 0001:00003360       ?obj_fget@RLibraryObjFilter@std@media@modules@UModSys@@UEAA_NAEBUSInfo@IBinObjFilter@libmedia@5@AEAU?$TRefObject@UIRefObject@core@UModSys@@U?$TRefObjectFunc@UIRefObject@core@UModSys@@@tl@3@@tl@5@@Z 0000000140004360 f i umodsys_lib_libmedia:umodsys.mod.media.std.obj
 0001:00003370       ?obj_fload@RLibraryObjFilter@std@media@modules@UModSys@@UEAA_NAEBUSInfo@IBinObjFilter@libmedia@5@PEAUIRefObject@core@5@@Z 0000000140004370 f i umodsys_lib_libmedia:umodsys.mod.media.std.obj
 0001:00003380       ?obj_fsave@RLibraryObjFilter@std@media@modules@UModSys@@UEAA_NAEAUSInfo@IBinObjFilter@libmedia@5@PEBUIRefObject@core@5@@Z 0000000140004380 f i umodsys_lib_libmedia:umodsys.mod.media.std.obj
 0001:00003390       ?filters_add@RLibraryObjFilter@std@media@modules@UModSys@@UEAA_NU?$TRefObject@UIBinObjFilter@libmedia@UModSys@@U?$TRefObjectFunc@UIBinObjFilter@libmedia@UModSys@@@tl@3@@tl@5@PEBUSParameters@core@5@H@Z 0000000140004390 f i umodsys_lib_libmedia:umodsys.mod.media.std.obj
 0001:000034c0       ?filters_remove@RLibraryObjFilter@std@media@modules@UModSys@@UEAA_NPEAUIBinObjFilter@libmedia@5@H@Z 00000001400044c0 f i umodsys_lib_libmedia:umodsys.mod.media.std.obj
 0001:00003570       ?filters_clear@RLibraryObjFilter@std@media@modules@UModSys@@UEAA_NXZ 0000000140004570 f i umodsys_lib_libmedia:umodsys.mod.media.std.obj
 0001:000035a0       ?filters_load@RLibraryObjFilter@std@media@modules@UModSys@@UEAA_NAEBUSInfo@IBinObjFilter@libmedia@5@AEAU?$TRefObject@UIRefObject@core@UModSys@@U?$TRefObjectFunc@UIRefObject@core@UModSys@@@tl@3@@tl@5@@Z 00000001400045a0 f i umodsys_lib_libmedia:umodsys.mod.media.std.obj
 0001:00003660       ?filters_load@RLibraryObjFilter@std@media@modules@UModSys@@UEAA_NAEBUSInfo@IBinObjFilter@libmedia@5@PEAUIRefObject@core@5@@Z 0000000140004660 f i umodsys_lib_libmedia:umodsys.mod.media.std.obj
 0001:00003720       ?filters_save@RLibraryObjFilter@std@media@modules@UModSys@@UEAA_NAEAUSInfo@IBinObjFilter@libmedia@5@PEBUIRefObject@core@5@@Z 0000000140004720 f i umodsys_lib_libmedia:umodsys.mod.media.std.obj
 0001:000037e0       ??_GRLibraryObjFilter@std@media@modules@UModSys@@UEAAPEAXI@Z 00000001400047e0 f i umodsys_lib_libmedia:umodsys.mod.media.std.obj
 0001:000037e0       ??_ERLibraryObjFilter@std@media@modules@UModSys@@UEAAPEAXI@Z 00000001400047e0 f i  CIL library: CIL module
 0001:00003860       ?get_generated_names@RGenerator@std@media@modules@UModSys@@UEBAHAEAUSUniquePtrList@core@5@@Z 0000000140004860 f i umodsys_lib_libmedia:umodsys.mod.media.std.obj
 0001:000038c0       ?get_generated_types@RGenerator@std@media@modules@UModSys@@UEBAHAEAUSUniquePtrList@core@5@PEBUSUniquePointerInfo@75@@Z 00000001400048c0 f i umodsys_lib_libmedia:umodsys.mod.media.std.obj
 0001:000039b0       ?generate@RGenerator@std@media@modules@UModSys@@UEAA_NAEAU?$TRefObject@UIRefObject@core@UModSys@@U?$TRefObjectFunc@UIRefObject@core@UModSys@@@tl@3@@tl@5@PEBUSUniquePointerInfo@core@5@AEBUSParameters@95@@Z 00000001400049b0 f i umodsys_lib_libmedia:umodsys.mod.media.std.obj
 0001:00003b90       ?root_get_interface_info@RGenerator@std@media@modules@UModSys@@UEBAAEBUSUniquePointerInfo@core@5@XZ 0000000140004b90 f i umodsys_lib_libmedia:umodsys.mod.media.std.obj
 0001:00003ba0       ?root_get_interface_type@RGenerator@std@media@modules@UModSys@@UEBAPEBUSUniquePointerInfo@core@5@XZ 0000000140004ba0 f i umodsys_lib_libmedia:umodsys.mod.media.std.obj
 0001:00003bb0       ?root_get_other_interface@RGenerator@std@media@modules@UModSys@@UEAAPEAUIRoot@core@5@PEBUSUniquePointerInfo@75@@Z 0000000140004bb0 f i umodsys_lib_libmedia:umodsys.mod.media.std.obj
 0001:00003bb0       ?root_get_other_interface@RGenerator@std@media@modules@UModSys@@UEBAPEBUIRoot@core@5@PEBUSUniquePointerInfo@75@@Z 0000000140004bb0 f i umodsys_lib_libmedia:umodsys.mod.media.std.obj
 0001:00003bf0       ?root_is_interface_supported@RGenerator@std@media@modules@UModSys@@UEBA_NPEBUSUniquePointerInfo@core@5@@Z 0000000140004bf0 f i umodsys_lib_libmedia:umodsys.mod.media.std.obj
 0001:00003c30       ?ref_add@RGenerator@stdio@media@modules@UModSys@@UEBAXXZ 0000000140004c30 f i umodsys_lib_libmedia:umodsys.mod.media.stdio.obj
 0001:00003c30       ?ref_add@RGenerator@std@media@modules@UModSys@@UEBAXXZ 0000000140004c30 f i umodsys_lib_libmedia:umodsys.mod.media.std.obj
 0001:00003c30       ?ref_add@RStreamReader_FILE@stdio@media@modules@UModSys@@UEBAXXZ 0000000140004c30 f i umodsys_lib_libmedia:umodsys.mod.media.stdio.obj
 0001:00003c30       ?ref_add@RStreamWriter_FILE@stdio@media@modules@UModSys@@UEBAXXZ 0000000140004c30 f i umodsys_lib_libmedia:umodsys.mod.media.stdio.obj
 0001:00003c40       ?ref_weak@RGenerator@stdio@media@modules@UModSys@@UEBA_NAEAUWeakPointer@IRefObject@core@5@@Z 0000000140004c40 f i umodsys_lib_libmedia:umodsys.mod.media.stdio.obj
 0001:00003c40       ?ref_weak@RStreamReader_FILE@stdio@media@modules@UModSys@@UEBA_NAEAUWeakPointer@IRefObject@core@5@@Z 0000000140004c40 f i umodsys_lib_libmedia:umodsys.mod.media.stdio.obj
 0001:00003c40       ?ref_weak@RStreamWriter_FILE@stdio@media@modules@UModSys@@UEBA_NAEAUWeakPointer@IRefObject@core@5@@Z 0000000140004c40 f i umodsys_lib_libmedia:umodsys.mod.media.stdio.obj
 0001:00003c40       ?ref_weak@RGenerator@std@media@modules@UModSys@@UEBA_NAEAUWeakPointer@IRefObject@core@5@@Z 0000000140004c40 f i umodsys_lib_libmedia:umodsys.mod.media.std.obj
 0001:00003c60       ?get_uid@RGenerator@std@media@modules@UModSys@@UEBAPEBUSUniquePointerInfo@core@5@XZ 0000000140004c60 f i umodsys_lib_libmedia:umodsys.mod.media.std.obj
 0001:00003c70       ?do_open@RModuleReg@std@media@modules@UModSys@@UEAA_NXZ 0000000140004c70 f i umodsys_lib_libmedia:umodsys.mod.media.std.obj
 0001:00003c80       ?do_close@RModuleReg@std@media@modules@UModSys@@UEAA_NXZ 0000000140004c80 f i umodsys_lib_libmedia:umodsys.mod.media.std.obj
 0001:00003c90       ??_GRModuleReg@std@media@modules@UModSys@@UEAAPEAXI@Z 0000000140004c90 f i umodsys_lib_libmedia:umodsys.mod.media.std.obj
 0001:00003c90       ??_ERModuleReg@std@media@modules@UModSys@@UEAAPEAXI@Z 0000000140004c90 f i  CIL library: CIL module
 0001:00003cc0       ??4?$TString@U?$TSCoreConst@D@su@tl@UModSys@@U?$TComparerBinaryHash@D@234@@tl@UModSys@@QEAAAEBU012@PEBD@Z 0000000140004cc0 f i umodsys_lib_libmedia:umodsys.mod.media.std.obj
 0001:00003d10       ??1?$TDynarray@U?$TDynarrayHolderDynamic@USLayerX@RLibraryLayered@std@media@modules@UModSys@@U?$TAllocator@USIMemAlloc@core@UModSys@@USCountCalcPower2@23@@tl@6@@tl@UModSys@@@tl@UModSys@@QEAA@XZ 0000000140004d10 f i umodsys_lib_libmedia:umodsys.mod.media.std.obj
 0001:00003d80       ??_ERGenerator@stdio@media@modules@UModSys@@UEAAPEAXI@Z 0000000140004d80 f i  CIL library: CIL module
 0001:00003d80       ??_EIRefObject@core@UModSys@@UEAAPEAXI@Z 0000000140004d80 f i  CIL library: CIL module
 0001:00003d80       ??_GRGenerator@std@media@modules@UModSys@@UEAAPEAXI@Z 0000000140004d80 f i umodsys_lib_libmedia:umodsys.mod.media.std.obj
 0001:00003d80       ??_ERGenerator@std@media@modules@UModSys@@UEAAPEAXI@Z 0000000140004d80 f i  CIL library: CIL module
 0001:00003d80       ??_GRGenerator@stdio@media@modules@UModSys@@UEAAPEAXI@Z 0000000140004d80 f i umodsys_lib_libmedia:umodsys.mod.media.stdio.obj
 0001:00003d80       ??_GIRefObject@core@UModSys@@UEAAPEAXI@Z 0000000140004d80 f i umodsys_lib_libmedia:umodsys.mod.media.std.obj
 0001:00003db0       ?remove_node@?$TTreeHoldRB@U?$TScatterArrayNode@USCacheElem@RLibraryBinCache@std@media@modules@UModSys@@U?$TString@U?$TSCoreConst@D@su@tl@UModSys@@U?$TComparerBinaryHash@D@234@@tl@6@@tl@UModSys@@@tl@UModSys@@QEAAXPEAU?$TScatterArrayNode@USCacheElem@RLibraryBinCache@std@media@modules@UModSys@@U?$TString@U?$TSCoreConst@D@su@tl@UModSys@@U?$TComparerBinaryHash@D@234@@tl@6@@23@@Z 0000000140004db0 f i umodsys_lib_libmedia:umodsys.mod.media.std.obj
 0001:00003db0       ?remove_node@?$TTreeHoldRB@U?$TScatterArrayNode@USCacheElem@RLibraryObjCache@std@media@modules@UModSys@@U?$TString@U?$TSCoreConst@D@su@tl@UModSys@@U?$TComparerBinaryHash@D@234@@tl@6@@tl@UModSys@@@tl@UModSys@@QEAAXPEAU?$TScatterArrayNode@USCacheElem@RLibraryObjCache@std@media@modules@UModSys@@U?$TString@U?$TSCoreConst@D@su@tl@UModSys@@U?$TComparerBinaryHash@D@234@@tl@6@@23@@Z 0000000140004db0 f i umodsys_lib_libmedia:umodsys.mod.media.std.obj
 0001:00003db0       ?remove_node@?$TTreeHoldRB@U?$TScatterArrayNode@USMountInfo@RLibraryBinTree@std@media@modules@UModSys@@USId@ILibraryBinTree@libmedia@6@@tl@UModSys@@@tl@UModSys@@QEAAXPEAU?$TScatterArrayNode@USMountInfo@RLibraryBinTree@std@media@modules@UModSys@@USId@ILibraryBinTree@libmedia@6@@23@@Z 0000000140004db0 f i umodsys_lib_libmedia:umodsys.mod.media.std.obj
 0001:00003db0       ?remove_node@?$TTreeHoldRB@U?$TScatterArrayNode@USFilter@RLibraryObjFilter@std@media@modules@UModSys@@USId@23456@@tl@UModSys@@@tl@UModSys@@QEAAXPEAU?$TScatterArrayNode@USFilter@RLibraryObjFilter@std@media@modules@UModSys@@USId@23456@@23@@Z 0000000140004db0 f i umodsys_lib_libmedia:umodsys.mod.media.std.obj
 0001:00003ed0       ??1?$TPair@U?$TString@U?$TSCoreConst@D@su@tl@UModSys@@U?$TComparerBinaryHash@D@234@@tl@UModSys@@USCacheElem@RLibraryBinCache@std@media@modules@3@@tl@UModSys@@QEAA@XZ 0000000140004ed0 f i umodsys_lib_libmedia:umodsys.mod.media.std.obj
 0001:00003ee0       ??1?$TPair@USId@ILibraryBinTree@libmedia@UModSys@@USMountInfo@RLibraryBinTree@std@media@modules@4@@tl@UModSys@@QEAA@XZ 0000000140004ee0 f i umodsys_lib_libmedia:umodsys.mod.media.std.obj
 0001:00003ef0       ??1?$TPair@U?$TString@U?$TSCoreConst@D@su@tl@UModSys@@U?$TComparerBinaryHash@D@234@@tl@UModSys@@USCacheElem@RLibraryObjCache@std@media@modules@3@@tl@UModSys@@QEAA@XZ 0000000140004ef0 f i umodsys_lib_libmedia:umodsys.mod.media.std.obj
 0001:00003f00       ??1?$TPair@USId@RLibraryObjFilter@std@media@modules@UModSys@@USFilter@23456@@tl@UModSys@@QEAA@XZ 0000000140004f00 f i umodsys_lib_libmedia:umodsys.mod.media.std.obj
 0001:00003f30       ??1SCacheElem@RLibraryBinCache@std@media@modules@UModSys@@QEAA@XZ 0000000140004f30 f i umodsys_lib_libmedia:umodsys.mod.media.std.obj
 0001:00003fb0       ??1SMountInfo@RLibraryBinTree@std@media@modules@UModSys@@QEAA@XZ 0000000140004fb0 f i umodsys_lib_libmedia:umodsys.mod.media.std.obj
 0001:00004030       ??1SCacheElem@RLibraryObjCache@std@media@modules@UModSys@@QEAA@XZ 0000000140005030 f i umodsys_lib_libmedia:umodsys.mod.media.std.obj
 0001:000040b0       ?info_new@?$TSCoreShared@USIMemAlloc@core@UModSys@@D@su@tl@UModSys@@QEAA_NPEBD_K@Z 00000001400050b0 f i umodsys_lib_libmedia:umodsys.mod.media.std.obj
 0001:00004170       ?ResizeRel@?$TDynarray@U?$TDynarrayHolderDynamic@USLayerX@RLibraryLayered@std@media@modules@UModSys@@U?$TAllocator@USIMemAlloc@core@UModSys@@USCountCalcPower2@23@@tl@6@@tl@UModSys@@@tl@UModSys@@QEAA_N_J@Z 0000000140005170 f i umodsys_lib_libmedia:umodsys.mod.media.std.obj
 0001:00004210       ?RemoveAt@?$TDynarray@U?$TDynarrayHolderDynamic@USLayerX@RLibraryLayered@std@media@modules@UModSys@@U?$TAllocator@USIMemAlloc@core@UModSys@@USCountCalcPower2@23@@tl@6@@tl@UModSys@@@tl@UModSys@@QEAA_N_K0@Z 0000000140005210 f i umodsys_lib_libmedia:umodsys.mod.media.std.obj
 0001:00004290       ?InsertAt@?$TDynarray@U?$TDynarrayHolderDynamic@USLayerX@RLibraryLayered@std@media@modules@UModSys@@U?$TAllocator@USIMemAlloc@core@UModSys@@USCountCalcPower2@23@@tl@6@@tl@UModSys@@@tl@UModSys@@QEAA_N_K0@Z 0000000140005290 f i umodsys_lib_libmedia:umodsys.mod.media.std.obj
 0001:00004320       ?s_set@?$TRefObjectFunc@UIRefObject@core@UModSys@@@tl@UModSys@@SAXAEAPEAUIRefObject@core@3@PEAU453@@Z 0000000140005320 f i umodsys_lib_libmedia:umodsys.mod.media.std.obj
 0001:00004360       ?remove_color@?$TTreeHoldRB@U?$TScatterArrayNode@USFilter@RLibraryObjFilter@std@media@modules@UModSys@@USId@23456@@tl@UModSys@@@tl@UModSys@@IEAAXPEAU?$TScatterArrayNode@USFilter@RLibraryObjFilter@std@media@modules@UModSys@@USId@23456@@23@0@Z 0000000140005360 f i umodsys_lib_libmedia:umodsys.mod.media.std.obj
 0001:00004360       ?remove_color@?$TTreeHoldRB@U?$TScatterArrayNode@USCacheElem@RLibraryObjCache@std@media@modules@UModSys@@U?$TString@U?$TSCoreConst@D@su@tl@UModSys@@U?$TComparerBinaryHash@D@234@@tl@6@@tl@UModSys@@@tl@UModSys@@IEAAXPEAU?$TScatterArrayNode@USCacheElem@RLibraryObjCache@std@media@modules@UModSys@@U?$TString@U?$TSCoreConst@D@su@tl@UModSys@@U?$TComparerBinaryHash@D@234@@tl@6@@23@0@Z 0000000140005360 f i umodsys_lib_libmedia:umodsys.mod.media.std.obj
 0001:00004360       ?remove_color@?$TTreeHoldRB@U?$TScatterArrayNode@USCacheElem@RLibraryBinCache@std@media@modules@UModSys@@U?$TString@U?$TSCoreConst@D@su@tl@UModSys@@U?$TComparerBinaryHash@D@234@@tl@6@@tl@UModSys@@@tl@UModSys@@IEAAXPEAU?$TScatterArrayNode@USCacheElem@RLibraryBinCache@std@media@modules@UModSys@@U?$TString@U?$TSCoreConst@D@su@tl@UModSys@@U?$TComparerBinaryHash@D@234@@tl@6@@23@0@Z 0000000140005360 f i umodsys_lib_libmedia:umodsys.mod.media.std.obj
 0001:00004360       ?remove_color@?$TTreeHoldRB@U?$TScatterArrayNode@USMountInfo@RLibraryBinTree@std@media@modules@UModSys@@USId@ILibraryBinTree@libmedia@6@@tl@UModSys@@@tl@UModSys@@IEAAXPEAU?$TScatterArrayNode@USMountInfo@RLibraryBinTree@std@media@modules@UModSys@@USId@ILibraryBinTree@libmedia@6@@23@0@Z 0000000140005360 f i umodsys_lib_libmedia:umodsys.mod.media.std.obj
 0001:00004620       ??$genx_node@UCmp@?$TScatterArray@USCacheElem@RLibraryBinCache@std@media@modules@UModSys@@U?$TString@U?$TSCoreConst@D@su@tl@UModSys@@U?$TComparerBinaryHash@D@234@@tl@6@U?$TObjectCompare@U?$TString@U?$TSCoreConst@D@su@tl@UModSys@@U?$TComparerBinaryHash@D@234@@tl@UModSys@@@core@6@U?$TNodeDeleter0@U?$TScatterArrayNode@USCacheElem@RLibraryBinCache@std@media@modules@UModSys@@U?$TString@U?$TSCoreConst@D@su@tl@UModSys@@U?$TComparerBinaryHash@D@234@@tl@6@@tl@UModSys@@@86@@tl@UModSys@@UGen0@234@@?$TTreeHoldRBD@U?$TScatterArrayNode@USCacheElem@RLibraryBinCache@std@media@modules@UModSys@@U?$TString@U?$TSCoreConst@D@su@tl@UModSys@@U?$TComparerBinaryHash@D@234@@tl@6@@tl@UModSys@@U?$TNodeDeleter0@U?$TScatterArrayNode@USCacheElem@RLibraryBinCache@std@media@modules@UModSys@@U?$TString@U?$TSCoreConst@D@su@tl@UModSys@@U?$TComparerBinaryHash@D@234@@tl@6@@tl@UModSys@@@23@@tl@UModSys@@QEAAPEAU?$TScatterArrayNode@USCacheElem@RLibraryBinCache@std@media@modules@UModSys@@U?$TString@U?$TSCoreConst@D@su@tl@UModSys@@U?$TComparerBinaryHash@D@234@@tl@6@@12@UCmp@?$TScatterArray@USCacheElem@RLibraryBinCache@std@media@modules@UModSys@@U?$TString@U?$TSCoreConst@D@su@tl@UModSys@@U?$TComparerBinaryHash@D@234@@tl@6@U?$TObjectCompare@U?$TString@U?$TSCoreConst@D@su@tl@UModSys@@U?$TComparerBinaryHash@D@234@@tl@UModSys@@@core@6@U?$TNodeDeleter0@U?$TScatterArrayNode@USCacheElem@RLibraryBinCache@std@media@modules@UModSys@@U?$TString@U?$TSCoreConst@D@su@tl@UModSys@@U?$TComparerBinaryHash@D@234@@tl@6@@tl@UModSys@@@86@@12@AEBUGen0@512@PEAPEAU312@2_N@Z 0000000140005620 f i umodsys_lib_libmedia:umodsys.mod.media.std.obj
 0001:000047a0       ??$genx_node@UCmp@?$TScatterArray@USMountInfo@RLibraryBinTree@std@media@modules@UModSys@@USId@ILibraryBinTree@libmedia@6@U7896@U?$TNodeDeleter0@U?$TScatterArrayNode@USMountInfo@RLibraryBinTree@std@media@modules@UModSys@@USId@ILibraryBinTree@libmedia@6@@tl@UModSys@@@tl@6@@tl@UModSys@@UGen0@234@@?$TTreeHoldRBD@U?$TScatterArrayNode@USMountInfo@RLibraryBinTree@std@media@modules@UModSys@@USId@ILibraryBinTree@libmedia@6@@tl@UModSys@@U?$TNodeDeleter0@U?$TScatterArrayNode@USMountInfo@RLibraryBinTree@std@media@modules@UModSys@@USId@ILibraryBinTree@libmedia@6@@tl@UModSys@@@23@@tl@UModSys@@QEAAPEAU?$TScatterArrayNode@USMountInfo@RLibraryBinTree@std@media@modules@UModSys@@USId@ILibraryBinTree@libmedia@6@@12@UCmp@?$TScatterArray@USMountInfo@RLibraryBinTree@std@media@modules@UModSys@@USId@ILibraryBinTree@libmedia@6@U7896@U?$TNodeDeleter0@U?$TScatterArrayNode@USMountInfo@RLibraryBinTree@std@media@modules@UModSys@@USId@ILibraryBinTree@libmedia@6@@tl@UModSys@@@tl@6@@12@AEBUGen0@512@PEAPEAU312@2_N@Z 00000001400057a0 f i umodsys_lib_libmedia:umodsys.mod.media.std.obj
 0001:00004940       ??$find_node_u@UCmp@?$TScatterArray@USMountInfo@RLibraryBinTree@std@media@modules@UModSys@@USId@ILibraryBinTree@libmedia@6@U7896@U?$TNodeDeleter0@U?$TScatterArrayNode@USMountInfo@RLibraryBinTree@std@media@modules@UModSys@@USId@ILibraryBinTree@libmedia@6@@tl@UModSys@@@tl@6@@tl@UModSys@@@?$TTreeHoldRB@U?$TScatterArrayNode@USMountInfo@RLibraryBinTree@std@media@modules@UModSys@@USId@ILibraryBinTree@libmedia@6@@tl@UModSys@@@tl@UModSys@@QEBAPEAU?$TScatterArrayNode@USMountInfo@RLibraryBinTree@std@media@modules@UModSys@@USId@ILibraryBinTree@libmedia@6@@12@UCmp@?$TScatterArray@USMountInfo@RLibraryBinTree@std@media@modules@UModSys@@USId@ILibraryBinTree@libmedia@6@U7896@U?$TNodeDeleter0@U?$TScatterArrayNode@USMountInfo@RLibraryBinTree@std@media@modules@UModSys@@USId@ILibraryBinTree@libmedia@6@@tl@UModSys@@@tl@6@@12@@Z 0000000140005940 f i umodsys_lib_libmedia:umodsys.mod.media.std.obj
 0001:00004a20       ??$genx_node@UCmp@?$TScatterArray@USCacheElem@RLibraryObjCache@std@media@modules@UModSys@@U?$TString@U?$TSCoreConst@D@su@tl@UModSys@@U?$TComparerBinaryHash@D@234@@tl@6@U?$TObjectCompare@U?$TString@U?$TSCoreConst@D@su@tl@UModSys@@U?$TComparerBinaryHash@D@234@@tl@UModSys@@@core@6@U?$TNodeDeleter0@U?$TScatterArrayNode@USCacheElem@RLibraryObjCache@std@media@modules@UModSys@@U?$TString@U?$TSCoreConst@D@su@tl@UModSys@@U?$TComparerBinaryHash@D@234@@tl@6@@tl@UModSys@@@86@@tl@UModSys@@UGen0@234@@?$TTreeHoldRBD@U?$TScatterArrayNode@USCacheElem@RLibraryObjCache@std@media@modules@UModSys@@U?$TString@U?$TSCoreConst@D@su@tl@UModSys@@U?$TComparerBinaryHash@D@234@@tl@6@@tl@UModSys@@U?$TNodeDeleter0@U?$TScatterArrayNode@USCacheElem@RLibraryObjCache@std@media@modules@UModSys@@U?$TString@U?$TSCoreConst@D@su@tl@UModSys@@U?$TComparerBinaryHash@D@234@@tl@6@@tl@UModSys@@@23@@tl@UModSys@@QEAAPEAU?$TScatterArrayNode@USCacheElem@RLibraryObjCache@std@media@modules@UModSys@@U?$TString@U?$TSCoreConst@D@su@tl@UModSys@@U?$TComparerBinaryHash@D@234@@tl@6@@12@UCmp@?$TScatterArray@USCacheElem@RLibraryObjCache@std@media@modules@UModSys@@U?$TString@U?$TSCoreConst@D@su@tl@UModSys@@U?$TComparerBinaryHash@D@234@@tl@6@U?$TObjectCompare@U?$TString@U?$TSCoreConst@D@su@tl@UModSys@@U?$TComparerBinaryHash@D@234@@tl@UModSys@@@core@6@U?$TNodeDeleter0@U?$TScatterArrayNode@USCacheElem@RLibraryObjCache@std@media@modules@UModSys@@U?$TString@U?$TSCoreConst@D@su@tl@UModSys@@U?$TComparerBinaryHash@D@234@@tl@6@@tl@UModSys@@@86@@12@AEBUGen0@512@PEAPEAU312@2_N@Z 0000000140005a20 f i umodsys_lib_libmedia:umodsys.mod.media.std.obj
 0001:00004ba0       ??$find_node_u@UCmp@?$TScatterArray@USCacheElem@RLibraryBinCache@std@media@modules@UModSys@@U?$TString@U?$TSCoreConst@D@su@tl@UModSys@@U?$TComparerBinaryHash@D@234@@tl@6@U?$TObjectCompare@U?$TString@U?$TSCoreConst@D@su@tl@UModSys@@U?$TComparerBinaryHash@D@234@@tl@UModSys@@@core@6@U?$TNodeDeleter0@U?$TScatterArrayNode@USCacheElem@RLibraryBinCache@std@media@modules@UModSys@@U?$TString@U?$TSCoreConst@D@su@tl@UModSys@@U?$TComparerBinaryHash@D@234@@tl@6@@tl@UModSys@@@86@@tl@UModSys@@@?$TTreeHoldRB@U?$TScatterArrayNode@USCacheElem@RLibraryBinCache@std@media@modules@UModSys@@U?$TString@U?$TSCoreConst@D@su@tl@UModSys@@U?$TComparerBinaryHash@D@234@@tl@6@@tl@UModSys@@@tl@UModSys@@QEBAPEAU?$TScatterArrayNode@USCacheElem@RLibraryBinCache@std@media@modules@UModSys@@U?$TString@U?$TSCoreConst@D@su@tl@UModSys@@U?$TComparerBinaryHash@D@234@@tl@6@@12@UCmp@?$TScatterArray@USCacheElem@RLibraryBinCache@std@media@modules@UModSys@@U?$TString@U?$TSCoreConst@D@su@tl@UModSys@@U?$TComparerBinaryHash@D@234@@tl@6@U?$TObjectCompare@U?$TString@U?$TSCoreConst@D@su@tl@UModSys@@U?$TComparerBinaryHash@D@234@@tl@UModSys@@@core@6@U?$TNodeDeleter0@U?$TScatterArrayNode@USCacheElem@RLibraryBinCache@std@media@modules@UModSys@@U?$TString@U?$TSCoreConst@D@su@tl@UModSys@@U?$TComparerBinaryHash@D@234@@tl@6@@tl@UModSys@@@86@@12@@Z 0000000140005ba0 f i umodsys_lib_libmedia:umodsys.mod.media.std.obj
 0001:00004ba0       ??$find_node_u@UCmp@?$TScatterArray@USCacheElem@RLibraryObjCache@std@media@modules@UModSys@@U?$TString@U?$TSCoreConst@D@su@tl@UModSys@@U?$TComparerBinaryHash@D@234@@tl@6@U?$TObjectCompare@U?$TString@U?$TSCoreConst@D@su@tl@UModSys@@U?$TComparerBinaryHash@D@234@@tl@UModSys@@@core@6@U?$TNodeDeleter0@U?$TScatterArrayNode@USCacheElem@RLibraryObjCache@std@media@modules@UModSys@@U?$TString@U?$TSCoreConst@D@su@tl@UModSys@@U?$TComparerBinaryHash@D@234@@tl@6@@tl@UModSys@@@86@@tl@UModSys@@@?$TTreeHoldRB@U?$TScatterArrayNode@USCacheElem@RLibraryObjCache@std@media@modules@UModSys@@U?$TString@U?$TSCoreConst@D@su@tl@UModSys@@U?$TComparerBinaryHash@D@234@@tl@6@@tl@UModSys@@@tl@UModSys@@QEBAPEAU?$TScatterArrayNode@USCacheElem@RLibraryObjCache@std@media@modules@UModSys@@U?$TString@U?$TSCoreConst@D@su@tl@UModSys@@U?$TComparerBinaryHash@D@234@@tl@6@@12@UCmp@?$TScatterArray@USCacheElem@RLibraryObjCache@std@media@modules@UModSys@@U?$TString@U?$TSCoreConst@D@su@tl@UModSys@@U?$TComparerBinaryHash@D@234@@tl@6@U?$TObjectCompare@U?$TString@U?$TSCoreConst@D@su@tl@UModSys@@U?$TComparerBinaryHash@D@234@@tl@UModSys@@@core@6@U?$TNodeDeleter0@U?$TScatterArrayNode@USCacheElem@RLibraryObjCache@std@media@modules@UModSys@@U?$TString@U?$TSCoreConst@D@su@tl@UModSys@@U?$TComparerBinaryHash@D@234@@tl@6@@tl@UModSys@@@86@@12@@Z 0000000140005ba0 f i umodsys_lib_libmedia:umodsys.mod.media.std.obj
 0001:00004c50       ??$genx_node@UCmp@?$TScatterArray@USFilter@RLibraryObjFilter@std@media@modules@UModSys@@USId@23456@U723456@U?$TNodeDeleter0@U?$TScatterArrayNode@USFilter@RLibraryObjFilter@std@media@modules@UModSys@@USId@23456@@tl@UModSys@@@tl@6@@tl@UModSys@@UGen0@234@@?$TTreeHoldRBD@U?$TScatterArrayNode@USFilter@RLibraryObjFilter@std@media@modules@UModSys@@USId@23456@@tl@UModSys@@U?$TNodeDeleter0@U?$TScatterArrayNode@USFilter@RLibraryObjFilter@std@media@modules@UModSys@@USId@23456@@tl@UModSys@@@23@@tl@UModSys@@QEAAPEAU?$TScatterArrayNode@USFilter@RLibraryObjFilter@std@media@modules@UModSys@@USId@23456@@12@UCmp@?$TScatterArray@USFilter@RLibraryObjFilter@std@media@modules@UModSys@@USId@23456@U723456@U?$TNodeDeleter0@U?$TScatterArrayNode@USFilter@RLibraryObjFilter@std@media@modules@UModSys@@USId@23456@@tl@UModSys@@@tl@6@@12@AEBUGen0@512@PEAPEAU312@2_N@Z 0000000140005c50 f i umodsys_lib_libmedia:umodsys.mod.media.std.obj
 0001:00004db0       ?ReLink@?$TDynarray@U?$TDynarrayHolderDynamic@USLayerX@RLibraryLayered@std@media@modules@UModSys@@U?$TAllocator@USIMemAlloc@core@UModSys@@USCountCalcPower2@23@@tl@6@@tl@UModSys@@@tl@UModSys@@IEAA_N_K@Z 0000000140005db0 f i umodsys_lib_libmedia:umodsys.mod.media.std.obj
 0001:00004e20       ??1?$TRefObject@UIModObject@base@UModSys@@U?$TModObjectFunc@UIModObject@base@UModSys@@@tl@3@@tl@UModSys@@QEAA@XZ 0000000140005e20 f i umodsys_lib_libmedia:umodsys.mod.media.std.obj
 0001:00004e50       ?amoveright@?$TTypeConstructor@USLayerX@RLibraryLayered@std@media@modules@UModSys@@@tl@UModSys@@SAXPEAUSLayerX@RLibraryLayered@std@media@modules@3@_K11@Z 0000000140005e50 f i umodsys_lib_libmedia:umodsys.mod.media.std.obj
 0001:00004fa0       ?amoveleft@?$TTypeConstructor@USLayerX@RLibraryLayered@std@media@modules@UModSys@@@tl@UModSys@@SAXPEAUSLayerX@RLibraryLayered@std@media@modules@3@_K11@Z 0000000140005fa0 f i umodsys_lib_libmedia:umodsys.mod.media.std.obj
 0001:000050f0       ??0?$TString@U?$TSCoreShared@USIMemAlloc@core@UModSys@@D@su@tl@UModSys@@U?$TComparerBinaryHash@D@234@@tl@UModSys@@QEAA@AEBU012@@Z 00000001400060f0 f i umodsys_lib_libmedia:umodsys.mod.media.std.obj
 0001:00005170       ??0?$TScatterArrayNode@USCacheElem@RLibraryBinCache@std@media@modules@UModSys@@U?$TString@U?$TSCoreConst@D@su@tl@UModSys@@U?$TComparerBinaryHash@D@234@@tl@6@@tl@UModSys@@QEAA@AEBU?$TString@U?$TSCoreConst@D@su@tl@UModSys@@U?$TComparerBinaryHash@D@234@@12@@Z 0000000140006170 f i umodsys_lib_libmedia:umodsys.mod.media.std.obj
 0001:00005260       ??0?$TScatterArrayNode@USMountInfo@RLibraryBinTree@std@media@modules@UModSys@@USId@ILibraryBinTree@libmedia@6@@tl@UModSys@@QEAA@AEBUSId@ILibraryBinTree@libmedia@2@@Z 0000000140006260 f i umodsys_lib_libmedia:umodsys.mod.media.std.obj
 0001:00005320       ??0?$TScatterArrayNode@USCacheElem@RLibraryObjCache@std@media@modules@UModSys@@U?$TString@U?$TSCoreConst@D@su@tl@UModSys@@U?$TComparerBinaryHash@D@234@@tl@6@@tl@UModSys@@QEAA@AEBU?$TString@U?$TSCoreConst@D@su@tl@UModSys@@U?$TComparerBinaryHash@D@234@@12@@Z 0000000140006320 f i umodsys_lib_libmedia:umodsys.mod.media.std.obj
 0001:000053d0       ?aconstruct@?$TTypeConstructor@USLayerX@RLibraryLayered@std@media@modules@UModSys@@@tl@UModSys@@SAXPEAUSLayerX@RLibraryLayered@std@media@modules@3@_K@Z 00000001400063d0 f i umodsys_lib_libmedia:umodsys.mod.media.std.obj
 0001:00005470       ?adestruct@?$TTypeConstructor@USLayerX@RLibraryLayered@std@media@modules@UModSys@@@tl@UModSys@@SAXPEAUSLayerX@RLibraryLayered@std@media@modules@3@_K@Z 0000000140006470 f i umodsys_lib_libmedia:umodsys.mod.media.std.obj
 0001:00005520       ??0?$TPair@USId@ILibraryBinTree@libmedia@UModSys@@USMountInfo@RLibraryBinTree@std@media@modules@4@@tl@UModSys@@QEAA@AEBUSId@ILibraryBinTree@libmedia@2@AEBUSMountInfo@RLibraryBinTree@std@media@modules@2@@Z 0000000140006520 f i umodsys_lib_libmedia:umodsys.mod.media.std.obj
 0001:000055b0       ??0?$TPair@U?$TString@U?$TSCoreConst@D@su@tl@UModSys@@U?$TComparerBinaryHash@D@234@@tl@UModSys@@USCacheElem@RLibraryObjCache@std@media@modules@3@@tl@UModSys@@QEAA@AEBU?$TString@U?$TSCoreConst@D@su@tl@UModSys@@U?$TComparerBinaryHash@D@234@@12@AEBUSCacheElem@RLibraryObjCache@std@media@modules@2@@Z 00000001400065b0 f i umodsys_lib_libmedia:umodsys.mod.media.std.obj
 0001:00005640       ?insert_color@?$TTreeHoldRB@U?$TScatterArrayNode@USCacheElem@RLibraryObjCache@std@media@modules@UModSys@@U?$TString@U?$TSCoreConst@D@su@tl@UModSys@@U?$TComparerBinaryHash@D@234@@tl@6@@tl@UModSys@@@tl@UModSys@@IEAAXPEAU?$TScatterArrayNode@USCacheElem@RLibraryObjCache@std@media@modules@UModSys@@U?$TString@U?$TSCoreConst@D@su@tl@UModSys@@U?$TComparerBinaryHash@D@234@@tl@6@@23@@Z 0000000140006640 f i umodsys_lib_libmedia:umodsys.mod.media.std.obj
 0001:00005640       ?insert_color@?$TTreeHoldRB@U?$TScatterArrayNode@USFilter@RLibraryObjFilter@std@media@modules@UModSys@@USId@23456@@tl@UModSys@@@tl@UModSys@@IEAAXPEAU?$TScatterArrayNode@USFilter@RLibraryObjFilter@std@media@modules@UModSys@@USId@23456@@23@@Z 0000000140006640 f i umodsys_lib_libmedia:umodsys.mod.media.std.obj
 0001:00005640       ?insert_color@?$TTreeHoldRB@U?$TQuantArrayNode@USSourceContext@core@UModSys@@$0BAA@@tl@UModSys@@@tl@UModSys@@IEAAXPEAU?$TQuantArrayNode@USSourceContext@core@UModSys@@$0BAA@@23@@Z 0000000140006640 f i umodsys_lib_basesys:umodsys.basesys.rsystem.obj
 0001:00005640       ?insert_color@?$TTreeHoldRB@U?$TQuantArrayNode@USUniquePointerInfo@core@UModSys@@$0BAA@@tl@UModSys@@@tl@UModSys@@IEAAXPEAU?$TQuantArrayNode@USUniquePointerInfo@core@UModSys@@$0BAA@@23@@Z 0000000140006640 f i umodsys_lib_basesys:umodsys.basesys.rsystem.obj
 0001:00005640       ?insert_color@?$TTreeHoldRB@U?$TScatterArrayNode@USMountInfo@RLibraryBinTree@std@media@modules@UModSys@@USId@ILibraryBinTree@libmedia@6@@tl@UModSys@@@tl@UModSys@@IEAAXPEAU?$TScatterArrayNode@USMountInfo@RLibraryBinTree@std@media@modules@UModSys@@USId@ILibraryBinTree@libmedia@6@@23@@Z 0000000140006640 f i umodsys_lib_libmedia:umodsys.mod.media.std.obj
 0001:00005640       ?insert_color@?$TTreeHoldRB@U?$TScatterArrayNode@USCacheElem@RLibraryBinCache@std@media@modules@UModSys@@U?$TString@U?$TSCoreConst@D@su@tl@UModSys@@U?$TComparerBinaryHash@D@234@@tl@6@@tl@UModSys@@@tl@UModSys@@IEAAXPEAU?$TScatterArrayNode@USCacheElem@RLibraryBinCache@std@media@modules@UModSys@@U?$TString@U?$TSCoreConst@D@su@tl@UModSys@@U?$TComparerBinaryHash@D@234@@tl@6@@23@@Z 0000000140006640 f i umodsys_lib_libmedia:umodsys.mod.media.std.obj
 0001:000057f0       ??$is_flag@U?$TFlags4StateShift@USMediaFlagUid@libmedia@UModSys@@I$00@tl@UModSys@@@SFlags@libmedia@UModSys@@QEBA_NPEBUIResolverAuto@012@W4eStates@?$TFlags4State@USMediaFlagUid@libmedia@UModSys@@I@tl@2@@Z 00000001400067f0 f i umodsys_lib_libmedia:umodsys.mod.media.std.obj
 0001:00005880       ??$is_flag@U?$TFlags4StateShift@USMediaFlagUid@libmedia@UModSys@@I$02@tl@UModSys@@@SFlags@libmedia@UModSys@@QEBA_NPEBUIResolverAuto@012@W4eStates@?$TFlags4State@USMediaFlagUid@libmedia@UModSys@@I@tl@2@@Z 0000000140006880 f i umodsys_lib_libmedia:umodsys.mod.media.std.obj
 0001:00005910       ??$is_flag@U?$TFlags4StateShift@USMediaFlagUid@libmedia@UModSys@@I$03@tl@UModSys@@@SFlags@libmedia@UModSys@@QEBA_NPEBUIResolverAuto@012@W4eStates@?$TFlags4State@USMediaFlagUid@libmedia@UModSys@@I@tl@2@@Z 0000000140006910 f i umodsys_lib_libmedia:umodsys.mod.media.std.obj
 0001:000059a0       ?s_init@?$TRefObjectFunc@UIRefObject@core@UModSys@@@tl@UModSys@@SAXAEAPEAUIRefObject@core@3@PEAU453@@Z 00000001400069a0 f i umodsys_lib_libmedia:umodsys.mod.media.std.obj
 0001:000059e0       ??$ValidateConstruction@UIRefObject@core@UModSys@@URLibraryObjFilter@std@media@modules@3@@core@UModSys@@YA_NAEAU?$TRefObject@UIRefObject@core@UModSys@@U?$TRefObjectFunc@UIRefObject@core@UModSys@@@tl@3@@tl@1@PEAURLibraryObjFilter@std@media@modules@1@@Z 00000001400069e0 f i umodsys_lib_libmedia:umodsys.mod.media.std.obj
 0001:000059e0       ??$ValidateConstruction@UIRefObject@core@UModSys@@URLibraryBinTree@std@media@modules@3@@core@UModSys@@YA_NAEAU?$TRefObject@UIRefObject@core@UModSys@@U?$TRefObjectFunc@UIRefObject@core@UModSys@@@tl@3@@tl@1@PEAURLibraryBinTree@std@media@modules@1@@Z 00000001400069e0 f i umodsys_lib_libmedia:umodsys.mod.media.std.obj
 0001:000059e0       ??$ValidateConstruction@UIRefObject@core@UModSys@@URDataArchiver_OsDir@stdio@media@modules@3@@core@UModSys@@YA_NAEAU?$TRefObject@UIRefObject@core@UModSys@@U?$TRefObjectFunc@UIRefObject@core@UModSys@@@tl@3@@tl@1@PEAURDataArchiver_OsDir@stdio@media@modules@1@@Z 00000001400069e0 f i umodsys_lib_libmedia:umodsys.mod.media.stdio.obj
 0001:000059e0       ??$ValidateConstruction@UIRefObject@core@UModSys@@URLibraryBinCache@std@media@modules@3@@core@UModSys@@YA_NAEAU?$TRefObject@UIRefObject@core@UModSys@@U?$TRefObjectFunc@UIRefObject@core@UModSys@@@tl@3@@tl@1@PEAURLibraryBinCache@std@media@modules@1@@Z 00000001400069e0 f i umodsys_lib_libmedia:umodsys.mod.media.std.obj
 0001:000059e0       ??$ValidateConstruction@UIRefObject@core@UModSys@@URLibraryLayered@std@media@modules@3@@core@UModSys@@YA_NAEAU?$TRefObject@UIRefObject@core@UModSys@@U?$TRefObjectFunc@UIRefObject@core@UModSys@@@tl@3@@tl@1@PEAURLibraryLayered@std@media@modules@1@@Z 00000001400069e0 f i umodsys_lib_libmedia:umodsys.mod.media.std.obj
 0001:000059e0       ??$ValidateConstruction@UIRefObject@core@UModSys@@URLibraryObjCache@std@media@modules@3@@core@UModSys@@YA_NAEAU?$TRefObject@UIRefObject@core@UModSys@@U?$TRefObjectFunc@UIRefObject@core@UModSys@@@tl@3@@tl@1@PEAURLibraryObjCache@std@media@modules@1@@Z 00000001400069e0 f i umodsys_lib_libmedia:umodsys.mod.media.std.obj
 0001:00005a50       ??$process_nodes_r@U?$TNodeDeleter0@U?$TScatterArrayNode@USCacheElem@RLibraryBinCache@std@media@modules@UModSys@@U?$TString@U?$TSCoreConst@D@su@tl@UModSys@@U?$TComparerBinaryHash@D@234@@tl@6@@tl@UModSys@@@tl@UModSys@@@?$TTreeHoldRB@U?$TScatterArrayNode@USCacheElem@RLibraryBinCache@std@media@modules@UModSys@@U?$TString@U?$TSCoreConst@D@su@tl@UModSys@@U?$TComparerBinaryHash@D@234@@tl@6@@tl@UModSys@@@tl@UModSys@@KAHPEAU?$TScatterArrayNode@USCacheElem@RLibraryBinCache@std@media@modules@UModSys@@U?$TString@U?$TSCoreConst@D@su@tl@UModSys@@U?$TComparerBinaryHash@D@234@@tl@6@@12@AEBU?$TNodeDeleter0@U?$TScatterArrayNode@USCacheElem@RLibraryBinCache@std@media@modules@UModSys@@U?$TString@U?$TSCoreConst@D@su@tl@UModSys@@U?$TComparerBinaryHash@D@234@@tl@6@@tl@UModSys@@@12@@Z 0000000140006a50 f i umodsys_lib_libmedia:umodsys.mod.media.std.obj
 0001:00005ac0       ??$process_nodes_r@U?$TNodeDeleter0@U?$TScatterArrayNode@USMountInfo@RLibraryBinTree@std@media@modules@UModSys@@USId@ILibraryBinTree@libmedia@6@@tl@UModSys@@@tl@UModSys@@@?$TTreeHoldRB@U?$TScatterArrayNode@USMountInfo@RLibraryBinTree@std@media@modules@UModSys@@USId@ILibraryBinTree@libmedia@6@@tl@UModSys@@@tl@UModSys@@KAHPEAU?$TScatterArrayNode@USMountInfo@RLibraryBinTree@std@media@modules@UModSys@@USId@ILibraryBinTree@libmedia@6@@12@AEBU?$TNodeDeleter0@U?$TScatterArrayNode@USMountInfo@RLibraryBinTree@std@media@modules@UModSys@@USId@ILibraryBinTree@libmedia@6@@tl@UModSys@@@12@@Z 0000000140006ac0 f i umodsys_lib_libmedia:umodsys.mod.media.std.obj
 0001:00005b30       ??$process_nodes_r@U?$TNodeDeleter0@U?$TScatterArrayNode@USCacheElem@RLibraryObjCache@std@media@modules@UModSys@@U?$TString@U?$TSCoreConst@D@su@tl@UModSys@@U?$TComparerBinaryHash@D@234@@tl@6@@tl@UModSys@@@tl@UModSys@@@?$TTreeHoldRB@U?$TScatterArrayNode@USCacheElem@RLibraryObjCache@std@media@modules@UModSys@@U?$TString@U?$TSCoreConst@D@su@tl@UModSys@@U?$TComparerBinaryHash@D@234@@tl@6@@tl@UModSys@@@tl@UModSys@@KAHPEAU?$TScatterArrayNode@USCacheElem@RLibraryObjCache@std@media@modules@UModSys@@U?$TString@U?$TSCoreConst@D@su@tl@UModSys@@U?$TComparerBinaryHash@D@234@@tl@6@@12@AEBU?$TNodeDeleter0@U?$TScatterArrayNode@USCacheElem@RLibraryObjCache@std@media@modules@UModSys@@U?$TString@U?$TSCoreConst@D@su@tl@UModSys@@U?$TComparerBinaryHash@D@234@@tl@6@@tl@UModSys@@@12@@Z 0000000140006b30 f i umodsys_lib_libmedia:umodsys.mod.media.std.obj
 0001:00005ba0       ??$process_nodes_r@U?$TNodeDeleter0@U?$TScatterArrayNode@USFilter@RLibraryObjFilter@std@media@modules@UModSys@@USId@23456@@tl@UModSys@@@tl@UModSys@@@?$TTreeHoldRB@U?$TScatterArrayNode@USFilter@RLibraryObjFilter@std@media@modules@UModSys@@USId@23456@@tl@UModSys@@@tl@UModSys@@KAHPEAU?$TScatterArrayNode@USFilter@RLibraryObjFilter@std@media@modules@UModSys@@USId@23456@@12@AEBU?$TNodeDeleter0@U?$TScatterArrayNode@USFilter@RLibraryObjFilter@std@media@modules@UModSys@@USId@23456@@tl@UModSys@@@12@@Z 0000000140006ba0 f i umodsys_lib_libmedia:umodsys.mod.media.std.obj
 0001:00005c20       ?archive_load_data@libmedia@UModSys@@YA_NAEAUIBinArchive@12@AEBU?$TString@U?$TSCoreConst@D@su@tl@UModSys@@U?$TComparerBinaryHash@D@234@@tl@2@AEAUSCMemShared@core@2@AEBUSFlags@12@@Z 0000000140006c20 f i umodsys_lib_libmedia:umodsys.mod.media.stdio.obj
[...]
 0001:00010dd0       ?dtor$0@?0??mem_realloc@?$TRMemAlloc_CC@U?$TMemAllocHeader@USMagic@mem_headers@rsystem@base@UModSys@@U?$TPool@X@2345@USDebug@2345@UVoid@core@5@U895@@rsystem@base@UModSys@@USMemAlloc_Malloc@core@4@@rsystem@base@UModSys@@UEAAPEAXPEAX_KPEBUSSourceContext@core@4@@Z@4HA 0000000140011dd0 f    CIL library: CIL module
 0001:00010df0       ?dtor$1@?0??mem_realloc@?$TRMemAlloc_CC@U?$TMemAllocHeader@USMagic@mem_headers@rsystem@base@UModSys@@U?$TPool@X@2345@USDebug@2345@UVoid@core@5@U895@@rsystem@base@UModSys@@USMemAlloc_Malloc@core@4@@rsystem@base@UModSys@@UEAAPEAXPEAX_KPEBUSSourceContext@core@4@@Z@4HA 0000000140011df0 f    CIL library: CIL module
 0001:00010e10       ?dtor$0@?0??generate@RGenerator@std@media@modules@UModSys@@UEAA_NAEAU?$TRefObject@UIRefObject@core@UModSys@@U?$TRefObjectFunc@UIRefObject@core@UModSys@@@tl@3@@tl@5@PEBUSUniquePointerInfo@core@5@AEBUSParameters@95@@Z@4HA 0000000140011e10 f    CIL library: CIL module
 0001:00010e30       ?dtor$1@?0??generate@RGenerator@std@media@modules@UModSys@@UEAA_NAEAU?$TRefObject@UIRefObject@core@UModSys@@U?$TRefObjectFunc@UIRefObject@core@UModSys@@@tl@3@@tl@5@PEBUSUniquePointerInfo@core@5@AEBUSParameters@95@@Z@4HA 0000000140011e30 f    CIL library: CIL module
 0001:00010e50       ?dtor$2@?0??generate@RGenerator@std@media@modules@UModSys@@UEAA_NAEAU?$TRefObject@UIRefObject@core@UModSys@@U?$TRefObjectFunc@UIRefObject@core@UModSys@@@tl@3@@tl@5@PEBUSUniquePointerInfo@core@5@AEBUSParameters@95@@Z@4HA 0000000140011e50 f    CIL library: CIL module
 0001:00010e70       ?dtor$3@?0??generate@RGenerator@std@media@modules@UModSys@@UEAA_NAEAU?$TRefObject@UIRefObject@core@UModSys@@U?$TRefObjectFunc@UIRefObject@core@UModSys@@@tl@3@@tl@5@PEBUSUniquePointerInfo@core@5@AEBUSParameters@95@@Z@4HA 0000000140011e70 f    CIL library: CIL module
 0001:00010e90       ?dtor$4@?0??generate@RGenerator@std@media@modules@UModSys@@UEAA_NAEAU?$TRefObject@UIRefObject@core@UModSys@@U?$TRefObjectFunc@UIRefObject@core@UModSys@@@tl@3@@tl@5@PEBUSUniquePointerInfo@core@5@AEBUSParameters@95@@Z@4HA 0000000140011e90 f    CIL library: CIL module
 0001:00010eb0       ??__E?s_id@?$TObjectUniqueID@UIRoot@core@UModSys@@@tl@UModSys@@2USUniquePointer@core@3@A@@YAXXZ 0000000140011eb0 f    CIL library: CIL module
 0001:00010ef0       ??__E?s_id@?$TObjectUniqueID@UIRefObject@core@UModSys@@@tl@UModSys@@2USUniquePointer@core@3@A@@YAXXZ 0000000140011ef0 f    CIL library: CIL module
 0001:00010f30       ??__E?s_id@?$TObjectUniqueID@UIParameters@core@UModSys@@@tl@UModSys@@2USUniquePointer@core@3@A@@YAXXZ 0000000140011f30 f    CIL library: CIL module
 0001:00010f70       ??__E?s_id@?$TObjectUniqueID@UIModule@base@UModSys@@@tl@UModSys@@2USUniquePointer@core@3@A@@YAXXZ 0000000140011f70 f    CIL library: CIL module
 0001:00010fb0       ??__E?s_id@?$TObjectUniqueID@UIModuleLibrary@base@UModSys@@@tl@UModSys@@2USUniquePointer@core@3@A@@YAXXZ 0000000140011fb0 f    CIL library: CIL module
 0001:00010ff0       ??__E?s_id@?$TObjectUniqueID@UIModObject@base@UModSys@@@tl@UModSys@@2USUniquePointer@core@3@A@@YAXXZ 0000000140011ff0 f    CIL library: CIL module
 0001:00011030       ??__E?s_id@?$TObjectUniqueID@UIGenerator@base@UModSys@@@tl@UModSys@@2USUniquePointer@core@3@A@@YAXXZ 0000000140012030 f    CIL library: CIL module
 0001:00011070       ??__E?s_id@?$TObjectUniqueID@UIShell@base@UModSys@@@tl@UModSys@@2USUniquePointer@core@3@A@@YAXXZ 0000000140012070 f    CIL library: CIL module
 0001:000110b0       ??__E?s_id@?$TObjectUniqueID@UIConsole@base@UModSys@@@tl@UModSys@@2USUniquePointer@core@3@A@@YAXXZ 00000001400120b0 f    CIL library: CIL module
 0001:000110f0       ??__E?s_id@?$TObjectUniqueID@UISystem@base@UModSys@@@tl@UModSys@@2USUniquePointer@core@3@A@@YAXXZ 00000001400120f0 f    CIL library: CIL module
 0001:00011130       ??__E?s_id@?$TObjectUniqueID@URModule@rsystem@base@UModSys@@@tl@UModSys@@2USUniquePointer@core@3@A@@YAXXZ 0000000140012130 f    CIL library: CIL module
 0001:00011170       ??__E?s_id@?$TObjectUniqueID@UIModuleLibraryUni@rsystem@base@UModSys@@@tl@UModSys@@2USUniquePointer@core@3@A@@YAXXZ 0000000140012170 f    CIL library: CIL module
 0001:000111b0       ??__E?s_id@?$TObjectUniqueID@URModuleLibrarySO@rsystem@base@UModSys@@@tl@UModSys@@2USUniquePointer@core@3@A@@YAXXZ 00000001400121b0 f    CIL library: CIL module
 0001:000111f0       ??__E?s_id@?$TObjectUniqueID@URModuleLibraryThis@rsystem@base@UModSys@@@tl@UModSys@@2USUniquePointer@core@3@A@@YAXXZ 00000001400121f0 f    CIL library: CIL module
 0001:00011230       ??__E?s_id@?$TObjectUniqueID@URParameters@rsystem@base@UModSys@@@tl@UModSys@@2USUniquePointer@core@3@A@@YAXXZ 0000000140012230 f    CIL library: CIL module
 0001:00011270       ??__E?s_id@?$TObjectUniqueID@URSystem@rsystem@base@UModSys@@@tl@UModSys@@2USUniquePointer@core@3@A@@YAXXZ 0000000140012270 f    CIL library: CIL module
 0001:000112b0       ??__E?s_id@?$TObjectUniqueID@URConsole_std@rsystem@base@UModSys@@@tl@UModSys@@2USUniquePointer@core@3@A@@YAXXZ 00000001400122b0 f    CIL library: CIL module
 0001:000112f0       ??__E?s_modreg@RModuleReg@std@media@modules@UModSys@@2U12345@A@@YAXXZ 00000001400122f0 f    CIL library: CIL module
 0001:00011340       ??__E?s_modreg_chain@RModuleReg@std@media@modules@UModSys@@2USModuleRegChain@base@5@A@@YAXXZ 0000000140012340 f    CIL library: CIL module
 0001:00011370       ??__E?s_uid@RGenerator@std@media@modules@UModSys@@2USUniquePointer@core@5@A@@YAXXZ 0000000140012370 f    CIL library: CIL module
 0001:000113b0       ??__E?s_id@?$TObjectUniqueID@UIStreamReader@libmedia@UModSys@@@tl@UModSys@@2USUniquePointer@core@3@A@@YAXXZ 00000001400123b0 f    CIL library: CIL module
 0001:000113f0       ??__E?s_id@?$TObjectUniqueID@UIStreamWriter@libmedia@UModSys@@@tl@UModSys@@2USUniquePointer@core@3@A@@YAXXZ 00000001400123f0 f    CIL library: CIL module
 0001:00011430       ??__E?s_id@?$TObjectUniqueID@UITextReader@libmedia@UModSys@@@tl@UModSys@@2USUniquePointer@core@3@A@@YAXXZ 0000000140012430 f    CIL library: CIL module
 0001:00011470       ??__E?s_id@?$TObjectUniqueID@UITextWriter@libmedia@UModSys@@@tl@UModSys@@2USUniquePointer@core@3@A@@YAXXZ 0000000140012470 f    CIL library: CIL module
 0001:000114b0       ??__E?s_id@?$TObjectUniqueID@UIBinArchive@libmedia@UModSys@@@tl@UModSys@@2USUniquePointer@core@3@A@@YAXXZ 00000001400124b0 f    CIL library: CIL module
 0001:000114f0       ??__E?s_id@?$TObjectUniqueID@UIBinObjFilter@libmedia@UModSys@@@tl@UModSys@@2USUniquePointer@core@3@A@@YAXXZ 00000001400124f0 f    CIL library: CIL module
 0001:00011530       ??__E?s_id@?$TObjectUniqueID@UILibrary@libmedia@UModSys@@@tl@UModSys@@2USUniquePointer@core@3@A@@YAXXZ 0000000140012530 f    CIL library: CIL module
 0001:00011570       ??__E?s_id@?$TObjectUniqueID@UILibraryBinTree@libmedia@UModSys@@@tl@UModSys@@2USUniquePointer@core@3@A@@YAXXZ 0000000140012570 f    CIL library: CIL module
 0001:000115b0       ??__E?s_id@?$TObjectUniqueID@UILibraryBinCache@libmedia@UModSys@@@tl@UModSys@@2USUniquePointer@core@3@A@@YAXXZ 00000001400125b0 f    CIL library: CIL module
 0001:000115f0       ??__E?s_id@?$TObjectUniqueID@UILibraryObjFilter@libmedia@UModSys@@@tl@UModSys@@2USUniquePointer@core@3@A@@YAXXZ 00000001400125f0 f    CIL library: CIL module
 0001:00011630       ??__E?s_id@?$TObjectUniqueID@UILibraryObjCache@libmedia@UModSys@@@tl@UModSys@@2USUniquePointer@core@3@A@@YAXXZ 0000000140012630 f    CIL library: CIL module
 0001:00011670       ??__E?s_id@?$TObjectUniqueID@UILibraryLayered@libmedia@UModSys@@@tl@UModSys@@2USUniquePointer@core@3@A@@YAXXZ 0000000140012670 f    CIL library: CIL module
 0001:000116b0       ??__E?s_id@?$TObjectUniqueID@URLibraryBinCache@std@media@modules@UModSys@@@tl@UModSys@@2USUniquePointer@core@3@A@@YAXXZ 00000001400126b0 f    CIL library: CIL module
 0001:000116f0       ??__E?s_id@?$TObjectUniqueID@URLibraryBinTree@std@media@modules@UModSys@@@tl@UModSys@@2USUniquePointer@core@3@A@@YAXXZ 00000001400126f0 f    CIL library: CIL module
 0001:00011730       ??__E?s_id@?$TObjectUniqueID@URLibraryLayered@std@media@modules@UModSys@@@tl@UModSys@@2USUniquePointer@core@3@A@@YAXXZ 0000000140012730 f    CIL library: CIL module
 0001:00011770       ??__E?s_id@?$TObjectUniqueID@URLibraryObjCache@std@media@modules@UModSys@@@tl@UModSys@@2USUniquePointer@core@3@A@@YAXXZ 0000000140012770 f    CIL library: CIL module
 0001:000117b0       ??__E?s_id@?$TObjectUniqueID@URLibraryObjFilter@std@media@modules@UModSys@@@tl@UModSys@@2USUniquePointer@core@3@A@@YAXXZ 00000001400127b0 f    CIL library: CIL module
 0001:000117f0       ??__E?s_id@?$TObjectUniqueID@URGenerator@std@media@modules@UModSys@@@tl@UModSys@@2USUniquePointer@core@3@A@@YAXXZ 00000001400127f0 f    CIL library: CIL module
 0001:00011830       ??__E?s_modreg@RModuleReg@stdio@media@modules@UModSys@@2U12345@A@@YAXXZ 0000000140012830 f    CIL library: CIL module
 0001:00011880       ??__E?s_modreg_chain@RModuleReg@stdio@media@modules@UModSys@@2USModuleRegChain@base@5@A@@YAXXZ 0000000140012880 f    CIL library: CIL module
 0001:000118b0       ??__E?s_uid@RGenerator@stdio@media@modules@UModSys@@2USUniquePointer@core@5@A@@YAXXZ 00000001400128b0 f    CIL library: CIL module
 0001:000118f0       ??__E?s_id@?$TObjectUniqueID@URStreamReader_FILE@stdio@media@modules@UModSys@@@tl@UModSys@@2USUniquePointer@core@3@A@@YAXXZ 00000001400128f0 f    CIL library: CIL module
 0001:00011930       ??__E?s_id@?$TObjectUniqueID@URStreamWriter_FILE@stdio@media@modules@UModSys@@@tl@UModSys@@2USUniquePointer@core@3@A@@YAXXZ 0000000140012930 f    CIL library: CIL module
 0001:00011970       ??__E?s_id@?$TObjectUniqueID@URDataArchiver_OsDir@stdio@media@modules@UModSys@@@tl@UModSys@@2USUniquePointer@core@3@A@@YAXXZ 0000000140012970 f    CIL library: CIL module
 0001:000119b0       ??__E?s_id@?$TObjectUniqueID@URGenerator@stdio@media@modules@UModSys@@@tl@UModSys@@2USUniquePointer@core@3@A@@YAXXZ 00000001400129b0 f    CIL library: CIL module
 0001:000119f0       ??__E?s_console@RConsole_std@rsystem@base@UModSys@@2U1234@A@@YAXXZ 00000001400129f0 f    CIL library: CIL module
 0001:00011a10       ??__E?s_sys@RSystem@rsystem@base@UModSys@@2U1234@A@@YAXXZ 0000000140012a10 f    CIL library: CIL module
 0001:00011a30       ??__Ersys_dbg@rsystem@base@UModSys@@YAXXZ 0000000140012a30 f    CIL library: CIL module
 0001:00011a60       ??__EM@UModSys@@YAXXZ      0000000140012a60 f    CIL library: CIL module
 0001:00011a80       ??__E?root@SModuleRegChain@base@UModSys@@2U123@A@@YAXXZ 0000000140012a80 f    CIL library: CIL module
 0001:00011ab0       ??__E?s_library@RModuleLibraryReg_Chain@base@UModSys@@2U123@A@@YAXXZ 0000000140012ab0 f    CIL library: CIL module
 0001:00011ad0       ??__E?root@SUniquePointer@core@UModSys@@2U123@A@@YAXXZ 0000000140012ad0 f    CIL library: CIL module
 0001:00011b00       ??__F?s_id@?$TObjectUniqueID@URConsole_std@rsystem@base@UModSys@@@tl@UModSys@@2USUniquePointer@core@3@A@@YAXXZ 0000000140012b00 f    CIL library: CIL module
 0001:00011b10       ??__F?s_id@?$TObjectUniqueID@URSystem@rsystem@base@UModSys@@@tl@UModSys@@2USUniquePointer@core@3@A@@YAXXZ 0000000140012b10 f    CIL library: CIL module
 0001:00011b20       ??__F?s_id@?$TObjectUniqueID@URParameters@rsystem@base@UModSys@@@tl@UModSys@@2USUniquePointer@core@3@A@@YAXXZ 0000000140012b20 f    CIL library: CIL module
 0001:00011b30       ??__F?s_id@?$TObjectUniqueID@URModuleLibraryThis@rsystem@base@UModSys@@@tl@UModSys@@2USUniquePointer@core@3@A@@YAXXZ 0000000140012b30 f    CIL library: CIL module
 0001:00011b40       ??__F?s_id@?$TObjectUniqueID@URModuleLibrarySO@rsystem@base@UModSys@@@tl@UModSys@@2USUniquePointer@core@3@A@@YAXXZ 0000000140012b40 f    CIL library: CIL module
 0001:00011b50       ??__F?s_id@?$TObjectUniqueID@UIModuleLibraryUni@rsystem@base@UModSys@@@tl@UModSys@@2USUniquePointer@core@3@A@@YAXXZ 0000000140012b50 f    CIL library: CIL module
 0001:00011b60       ??__F?s_id@?$TObjectUniqueID@URModule@rsystem@base@UModSys@@@tl@UModSys@@2USUniquePointer@core@3@A@@YAXXZ 0000000140012b60 f    CIL library: CIL module
 0001:00011b70       ??__F?s_id@?$TObjectUniqueID@UISystem@base@UModSys@@@tl@UModSys@@2USUniquePointer@core@3@A@@YAXXZ 0000000140012b70 f    CIL library: CIL module
 0001:00011b80       ??__F?s_id@?$TObjectUniqueID@UIConsole@base@UModSys@@@tl@UModSys@@2USUniquePointer@core@3@A@@YAXXZ 0000000140012b80 f    CIL library: CIL module
 0001:00011b90       ??__F?s_id@?$TObjectUniqueID@UIShell@base@UModSys@@@tl@UModSys@@2USUniquePointer@core@3@A@@YAXXZ 0000000140012b90 f    CIL library: CIL module
 0001:00011ba0       ??__F?s_id@?$TObjectUniqueID@UIGenerator@base@UModSys@@@tl@UModSys@@2USUniquePointer@core@3@A@@YAXXZ 0000000140012ba0 f    CIL library: CIL module
 0001:00011bb0       ??__F?s_id@?$TObjectUniqueID@UIModObject@base@UModSys@@@tl@UModSys@@2USUniquePointer@core@3@A@@YAXXZ 0000000140012bb0 f    CIL library: CIL module
 0001:00011bc0       ??__F?s_id@?$TObjectUniqueID@UIModuleLibrary@base@UModSys@@@tl@UModSys@@2USUniquePointer@core@3@A@@YAXXZ 0000000140012bc0 f    CIL library: CIL module
 0001:00011bd0       ??__F?s_id@?$TObjectUniqueID@UIModule@base@UModSys@@@tl@UModSys@@2USUniquePointer@core@3@A@@YAXXZ 0000000140012bd0 f    CIL library: CIL module
 0001:00011be0       ??__F?s_id@?$TObjectUniqueID@UIParameters@core@UModSys@@@tl@UModSys@@2USUniquePointer@core@3@A@@YAXXZ 0000000140012be0 f    CIL library: CIL module
 0001:00011bf0       ??__F?s_id@?$TObjectUniqueID@UIRefObject@core@UModSys@@@tl@UModSys@@2USUniquePointer@core@3@A@@YAXXZ 0000000140012bf0 f    CIL library: CIL module
 0001:00011c00       ??__F?s_id@?$TObjectUniqueID@UIRoot@core@UModSys@@@tl@UModSys@@2USUniquePointer@core@3@A@@YAXXZ 0000000140012c00 f    CIL library: CIL module
 0001:00011c10       ??__F?s_modreg@RModuleReg@std@media@modules@UModSys@@2U12345@A@@YAXXZ 0000000140012c10 f    CIL library: CIL module
 0001:00011c30       ??__F?s_modreg_chain@RModuleReg@std@media@modules@UModSys@@2USModuleRegChain@base@5@A@@YAXXZ 0000000140012c30 f    CIL library: CIL module
 0001:00011c40       ??__F?s_uid@RGenerator@std@media@modules@UModSys@@2USUniquePointer@core@5@A@@YAXXZ 0000000140012c40 f    CIL library: CIL module
 0001:00011c50       ??__Fh@?1??s_holder@RGenerator@std@media@modules@UModSys@@SAAEAU?$TTypeStaticHolder@URGenerator@std@media@modules@UModSys@@@tl@5@XZ@YAXXZ 0000000140012c50 f    CIL library: CIL module
 0001:00011c80       ??__F?s_id@?$TObjectUniqueID@URGenerator@std@media@modules@UModSys@@@tl@UModSys@@2USUniquePointer@core@3@A@@YAXXZ 0000000140012c80 f    CIL library: CIL module
 0001:00011c90       ??__F?s_id@?$TObjectUniqueID@URLibraryObjFilter@std@media@modules@UModSys@@@tl@UModSys@@2USUniquePointer@core@3@A@@YAXXZ 0000000140012c90 f    CIL library: CIL module
 0001:00011ca0       ??__F?s_id@?$TObjectUniqueID@URLibraryObjCache@std@media@modules@UModSys@@@tl@UModSys@@2USUniquePointer@core@3@A@@YAXXZ 0000000140012ca0 f    CIL library: CIL module
 0001:00011cb0       ??__F?s_id@?$TObjectUniqueID@URLibraryLayered@std@media@modules@UModSys@@@tl@UModSys@@2USUniquePointer@core@3@A@@YAXXZ 0000000140012cb0 f    CIL library: CIL module
 0001:00011cc0       ??__F?s_id@?$TObjectUniqueID@URLibraryBinTree@std@media@modules@UModSys@@@tl@UModSys@@2USUniquePointer@core@3@A@@YAXXZ 0000000140012cc0 f    CIL library: CIL module
 0001:00011cd0       ??__F?s_id@?$TObjectUniqueID@URLibraryBinCache@std@media@modules@UModSys@@@tl@UModSys@@2USUniquePointer@core@3@A@@YAXXZ 0000000140012cd0 f    CIL library: CIL module
 0001:00011ce0       ??__F?s_id@?$TObjectUniqueID@UILibraryLayered@libmedia@UModSys@@@tl@UModSys@@2USUniquePointer@core@3@A@@YAXXZ 0000000140012ce0 f    CIL library: CIL module
 0001:00011cf0       ??__F?s_id@?$TObjectUniqueID@UILibraryObjCache@libmedia@UModSys@@@tl@UModSys@@2USUniquePointer@core@3@A@@YAXXZ 0000000140012cf0 f    CIL library: CIL module
 0001:00011d00       ??__F?s_id@?$TObjectUniqueID@UILibraryObjFilter@libmedia@UModSys@@@tl@UModSys@@2USUniquePointer@core@3@A@@YAXXZ 0000000140012d00 f    CIL library: CIL module
 0001:00011d10       ??__F?s_id@?$TObjectUniqueID@UILibraryBinCache@libmedia@UModSys@@@tl@UModSys@@2USUniquePointer@core@3@A@@YAXXZ 0000000140012d10 f    CIL library: CIL module
 0001:00011d20       ??__F?s_id@?$TObjectUniqueID@UILibraryBinTree@libmedia@UModSys@@@tl@UModSys@@2USUniquePointer@core@3@A@@YAXXZ 0000000140012d20 f    CIL library: CIL module
 0001:00011d30       ??__F?s_id@?$TObjectUniqueID@UILibrary@libmedia@UModSys@@@tl@UModSys@@2USUniquePointer@core@3@A@@YAXXZ 0000000140012d30 f    CIL library: CIL module
 0001:00011d40       ??__F?s_id@?$TObjectUniqueID@UIBinObjFilter@libmedia@UModSys@@@tl@UModSys@@2USUniquePointer@core@3@A@@YAXXZ 0000000140012d40 f    CIL library: CIL module
 0001:00011d50       ??__F?s_id@?$TObjectUniqueID@UIBinArchive@libmedia@UModSys@@@tl@UModSys@@2USUniquePointer@core@3@A@@YAXXZ 0000000140012d50 f    CIL library: CIL module
 0001:00011d60       ??__F?s_id@?$TObjectUniqueID@UITextWriter@libmedia@UModSys@@@tl@UModSys@@2USUniquePointer@core@3@A@@YAXXZ 0000000140012d60 f    CIL library: CIL module
 0001:00011d70       ??__F?s_id@?$TObjectUniqueID@UITextReader@libmedia@UModSys@@@tl@UModSys@@2USUniquePointer@core@3@A@@YAXXZ 0000000140012d70 f    CIL library: CIL module
 0001:00011d80       ??__F?s_id@?$TObjectUniqueID@UIStreamWriter@libmedia@UModSys@@@tl@UModSys@@2USUniquePointer@core@3@A@@YAXXZ 0000000140012d80 f    CIL library: CIL module
 0001:00011d90       ??__F?s_id@?$TObjectUniqueID@UIStreamReader@libmedia@UModSys@@@tl@UModSys@@2USUniquePointer@core@3@A@@YAXXZ 0000000140012d90 f    CIL library: CIL module
 0001:00011da0       ??__F?s_modreg@RModuleReg@stdio@media@modules@UModSys@@2U12345@A@@YAXXZ 0000000140012da0 f    CIL library: CIL module
 0001:00011dc0       ??__F?s_modreg_chain@RModuleReg@stdio@media@modules@UModSys@@2USModuleRegChain@base@5@A@@YAXXZ 0000000140012dc0 f    CIL library: CIL module
 0001:00011dd0       ??__F?s_uid@RGenerator@stdio@media@modules@UModSys@@2USUniquePointer@core@5@A@@YAXXZ 0000000140012dd0 f    CIL library: CIL module
 0001:00011de0       ??__Fh@?1??s_holder@RGenerator@stdio@media@modules@UModSys@@SAAEAU?$TTypeStaticHolder@URGenerator@stdio@media@modules@UModSys@@@tl@5@XZ@YAXXZ 0000000140012de0 f    CIL library: CIL module
 0001:00011e10       ??__F?s_id@?$TObjectUniqueID@URGenerator@stdio@media@modules@UModSys@@@tl@UModSys@@2USUniquePointer@core@3@A@@YAXXZ 0000000140012e10 f    CIL library: CIL module
 0001:00011e20       ??__F?s_id@?$TObjectUniqueID@URDataArchiver_OsDir@stdio@media@modules@UModSys@@@tl@UModSys@@2USUniquePointer@core@3@A@@YAXXZ 0000000140012e20 f    CIL library: CIL module
 0001:00011e30       ??__F?s_id@?$TObjectUniqueID@URStreamWriter_FILE@stdio@media@modules@UModSys@@@tl@UModSys@@2USUniquePointer@core@3@A@@YAXXZ 0000000140012e30 f    CIL library: CIL module
 0001:00011e40       ??__F?s_id@?$TObjectUniqueID@URStreamReader_FILE@stdio@media@modules@UModSys@@@tl@UModSys@@2USUniquePointer@core@3@A@@YAXXZ 0000000140012e40 f    CIL library: CIL module
 0001:00011e50       ??__F?s_console@RConsole_std@rsystem@base@UModSys@@2U1234@A@@YAXXZ 0000000140012e50 f    CIL library: CIL module
 0001:00011e60       ??__F?s_sys@RSystem@rsystem@base@UModSys@@2U1234@A@@YAXXZ 0000000140012e60 f    CIL library: CIL module
 0001:00011e70       ??__Frsys_dbg@rsystem@base@UModSys@@YAXXZ 0000000140012e70 f    CIL library: CIL module
 0001:00011e80       ??__FM@UModSys@@YAXXZ      0000000140012e80 f    CIL library: CIL module
 0001:00011e90       ??__F?root@SModuleRegChain@base@UModSys@@2U123@A@@YAXXZ 0000000140012e90 f    CIL library: CIL module
 0001:00011ea0       ??__F?s_library@RModuleLibraryReg_Chain@base@UModSys@@2U123@A@@YAXXZ 0000000140012ea0 f    CIL library: CIL module
 0001:00011eb0       ??__F?root@SUniquePointer@core@UModSys@@2U123@A@@YAXXZ 0000000140012eb0 f    CIL library: CIL module

 Exports

  ordinal    name

        1    UModSys_Plugin_Entry2
