 umodsysc

 Timestamp is 525d63ce (Tue Oct 15 18:48:30 2013)

 Preferred load address is 0000000140000000

 Start         Length     Name                   Class
 0001:00000000 0000a74cH .text                   CODE
 0001:0000a750 0000005eH .text$00                CODE
 0001:0000a7b0 00000708H .text$x                 CODE
 0001:0000aec0 000007a2H .text$yc                CODE
 0001:0000b670 0000025cH .text$yd                CODE
 0002:00000000 00000250H .idata$5                DATA
 0002:00000250 00000008H .CRT$XCA                DATA
 0002:00000258 00000008H .CRT$XCAA               DATA
 0002:00000260 000001b8H .CRT$XCU                DATA
 0002:00000418 00000008H .CRT$XCZ                DATA
 0002:00000420 00000008H .CRT$XIA                DATA
 0002:00000428 00000008H .CRT$XIAA               DATA
 0002:00000430 00000008H .CRT$XIY                DATA
 0002:00000438 00000008H .CRT$XIZ                DATA
 0002:00000440 00001e28H .rdata                  DATA
 0002:00002268 0000130cH .rdata$r                DATA
 0002:00003578 00000008H .rtc$IAA                DATA
 0002:00003580 00000008H .rtc$IZZ                DATA
 0002:00003588 00000008H .rtc$TAA                DATA
 0002:00003590 00000008H .rtc$TZZ                DATA
 0002:00003598 00001a10H .xdata                  DATA
 0002:00004fa8 000000e4H .xdata$x                DATA
 0002:0000508c 00000028H .idata$2                DATA
 0002:000050b4 00000014H .idata$3                DATA
 0002:000050c8 00000250H .idata$4                DATA
 0002:00005318 00000466H .idata$6                DATA
 0002:00005780 00000055H .edata                  DATA
 0003:00000000 00000a74H .data                   DATA
 0003:00000a80 00002830H .bss                    DATA
 0004:00000000 000014e8H .pdata                  DATA

  Address         Publics by Value              Rva+Base               Lib:Object

 0000:00000000       ___safe_se_handler_table   0000000000000000     <absolute>
 0000:00000000       ___safe_se_handler_count   0000000000000000     <absolute>
 0000:00000000       __ImageBase                0000000140000000     <linker-defined>
 0001:00000000       ??$shash@D@su@tl@UModSys@@YAHPEBD_K@Z 0000000140001000 f i umodsys.c_main.obj
 0001:00000030       ??1SMemShared@core@UModSys@@QEAA@XZ 0000000140001030 f i umodsys_lib_libmedia:umodsys.mod.media.stdio.obj
 0001:00000050       ??3IRoot@core@UModSys@@SAXPEAXAEBUSIMemAlloc@12@@Z 0000000140001050 f i umodsys_lib_libmedia:umodsys.mod.media.stdio.obj
 0001:00000060       ??1?$TString@U?$TSCoreShared@USIMemAlloc@core@UModSys@@D@su@tl@UModSys@@U?$TComparerBinaryHash@D@234@@tl@UModSys@@QEAA@XZ 0000000140001060 f i umodsys_lib_libmedia:umodsys.mod.media.stdio.obj
 0001:000000b0       ?file_get_size@stdio@media@modules@UModSys@@YA_JPEAU_iobuf@@@Z 00000001400010b0 f i umodsys_lib_libmedia:umodsys.mod.media.stdio.obj
 0001:00000120       ?get_interface_info@RStreamReader_FILE@stdio@media@modules@UModSys@@UEBAAEBUSUniquePointerInfo@core@5@XZ 0000000140001120 f i umodsys_lib_libmedia:umodsys.mod.media.stdio.obj
 0001:00000130       ?get_interface_type@RStreamReader_FILE@stdio@media@modules@UModSys@@UEBAPEBUSUniquePointerInfo@core@5@XZ 0000000140001130 f i umodsys_lib_libmedia:umodsys.mod.media.stdio.obj
 0001:00000140       ?get_other_interface@RStreamReader_FILE@stdio@media@modules@UModSys@@UEAAPEAUIRoot@core@5@PEBUSUniquePointerInfo@75@@Z 0000000140001140 f i umodsys_lib_libmedia:umodsys.mod.media.stdio.obj
 0001:00000140       ?get_other_interface@RStreamReader_FILE@stdio@media@modules@UModSys@@UEBAPEBUIRoot@core@5@PEBUSUniquePointerInfo@75@@Z 0000000140001140 f i umodsys_lib_libmedia:umodsys.mod.media.stdio.obj
 0001:00000170       ?ref_weak@RDataArchiver_OsDir@stdio@media@modules@UModSys@@UEBA_NAEAUWeakPointer@IRefObject@core@5@@Z 0000000140001170 f i umodsys_lib_libmedia:umodsys.mod.media.stdio.obj
 0001:00000170       ?ref_weak@RStreamWriter_FILE@stdio@media@modules@UModSys@@UEBA_NAEAUWeakPointer@IRefObject@core@5@@Z 0000000140001170 f i umodsys_lib_libmedia:umodsys.mod.media.stdio.obj
 0001:00000170       ?ref_weak@RStreamReader_FILE@stdio@media@modules@UModSys@@UEBA_NAEAUWeakPointer@IRefObject@core@5@@Z 0000000140001170 f i umodsys_lib_libmedia:umodsys.mod.media.stdio.obj
 0001:00000170       ?ref_weak@RGenerator@stdio@media@modules@UModSys@@UEBA_NAEAUWeakPointer@IRefObject@core@5@@Z 0000000140001170 f i umodsys_lib_libmedia:umodsys.mod.media.stdio.obj
 0001:00000190       ?suicide@RStreamWriter_FILE@stdio@media@modules@UModSys@@UEAAXXZ 0000000140001190 f i umodsys_lib_libmedia:umodsys.mod.media.stdio.obj
 0001:00000190       ?suicide@RStreamReader_FILE@stdio@media@modules@UModSys@@UEAAXXZ 0000000140001190 f i umodsys_lib_libmedia:umodsys.mod.media.stdio.obj
 0001:00000190       ?suicide@RDataArchiver_OsDir@stdio@media@modules@UModSys@@UEAAXXZ 0000000140001190 f i umodsys_lib_libmedia:umodsys.mod.media.stdio.obj
 0001:000001e0       ??0RStreamReader_FILE@stdio@media@modules@UModSys@@QEAA@PEAUIModObject@base@4@AEBUSParameters@core@4@@Z 00000001400011e0 f i umodsys_lib_libmedia:umodsys.mod.media.stdio.obj
 0001:000002b0       ??0RStreamReader_FILE@stdio@media@modules@UModSys@@QEAA@PEAUIModObject@base@4@PEBD@Z 00000001400012b0 f i umodsys_lib_libmedia:umodsys.mod.media.stdio.obj
 0001:00000360       ?get_size@RStreamReader_FILE@stdio@media@modules@UModSys@@QEAAXXZ 0000000140001360 f i umodsys_lib_libmedia:umodsys.mod.media.stdio.obj
 0001:000003e0       ?reader_seek@RStreamReader_FILE@stdio@media@modules@UModSys@@UEAA_N_J@Z 00000001400013e0 f i umodsys_lib_libmedia:umodsys.mod.media.stdio.obj
 0001:00000410       ?reader_seekend@RStreamReader_FILE@stdio@media@modules@UModSys@@UEAA_N_J@Z 0000000140001410 f i umodsys_lib_libmedia:umodsys.mod.media.stdio.obj
 0001:00000440       ?reader_seekdelta@RStreamReader_FILE@stdio@media@modules@UModSys@@UEAA_N_J@Z 0000000140001440 f i umodsys_lib_libmedia:umodsys.mod.media.stdio.obj
 0001:00000470       ?reader_pos@RStreamReader_FILE@stdio@media@modules@UModSys@@UEAA_JXZ 0000000140001470 f i umodsys_lib_libmedia:umodsys.mod.media.stdio.obj
 0001:000004a0       ?reader_size@RStreamReader_FILE@stdio@media@modules@UModSys@@UEAA_JXZ 00000001400014a0 f i umodsys_lib_libmedia:umodsys.mod.media.stdio.obj
 0001:000004b0       ?reader_read@RStreamReader_FILE@stdio@media@modules@UModSys@@UEAA_NPEAX_K@Z 00000001400014b0 f i umodsys_lib_libmedia:umodsys.mod.media.stdio.obj
 0001:00000560       ?reader_close@RStreamReader_FILE@stdio@media@modules@UModSys@@UEAAXXZ 0000000140001560 f i umodsys_lib_libmedia:umodsys.mod.media.stdio.obj
 0001:00000590       ??_GRStreamReader_FILE@stdio@media@modules@UModSys@@UEAAPEAXI@Z 0000000140001590 f i umodsys_lib_libmedia:umodsys.mod.media.stdio.obj
 0001:00000590       ??_ERStreamReader_FILE@stdio@media@modules@UModSys@@UEAAPEAXI@Z 0000000140001590 f i  CIL library: CIL module
 0001:000005f0       ??_GIRoot@core@UModSys@@UEAAPEAXI@Z 00000001400015f0 f i umodsys_lib_libmedia:umodsys.mod.media.stdio.obj
 0001:000005f0       ??_EIRoot@core@UModSys@@UEAAPEAXI@Z 00000001400015f0 f i  CIL library: CIL module
 0001:00000620       ?get_interface_info@RStreamWriter_FILE@stdio@media@modules@UModSys@@UEBAAEBUSUniquePointerInfo@core@5@XZ 0000000140001620 f i umodsys_lib_libmedia:umodsys.mod.media.stdio.obj
 0001:00000630       ?get_interface_type@RStreamWriter_FILE@stdio@media@modules@UModSys@@UEBAPEBUSUniquePointerInfo@core@5@XZ 0000000140001630 f i umodsys_lib_libmedia:umodsys.mod.media.stdio.obj
 0001:00000640       ?get_other_interface@RStreamWriter_FILE@stdio@media@modules@UModSys@@UEBAPEBUIRoot@core@5@PEBUSUniquePointerInfo@75@@Z 0000000140001640 f i umodsys_lib_libmedia:umodsys.mod.media.stdio.obj
 0001:00000640       ?get_other_interface@RStreamWriter_FILE@stdio@media@modules@UModSys@@UEAAPEAUIRoot@core@5@PEBUSUniquePointerInfo@75@@Z 0000000140001640 f i umodsys_lib_libmedia:umodsys.mod.media.stdio.obj
 0001:00000670       ??0RStreamWriter_FILE@stdio@media@modules@UModSys@@QEAA@PEAUIModObject@base@4@AEBUSParameters@core@4@@Z 0000000140001670 f i umodsys_lib_libmedia:umodsys.mod.media.stdio.obj
 0001:00000710       ??0RStreamWriter_FILE@stdio@media@modules@UModSys@@QEAA@PEAUIModObject@base@4@PEBD_N@Z 0000000140001710 f i umodsys_lib_libmedia:umodsys.mod.media.stdio.obj
 0001:000007f0       ?open@RStreamWriter_FILE@stdio@media@modules@UModSys@@QEAAXAEBUSParameters@core@5@@Z 00000001400017f0 f i umodsys_lib_libmedia:umodsys.mod.media.stdio.obj
 0001:000008b0       ?writer_seek@RStreamWriter_FILE@stdio@media@modules@UModSys@@UEAA_N_J@Z 00000001400018b0 f i umodsys_lib_libmedia:umodsys.mod.media.stdio.obj
 0001:000008e0       ?writer_seekend@RStreamWriter_FILE@stdio@media@modules@UModSys@@UEAA_N_J@Z 00000001400018e0 f i umodsys_lib_libmedia:umodsys.mod.media.stdio.obj
 0001:00000910       ?writer_seekdelta@RStreamWriter_FILE@stdio@media@modules@UModSys@@UEAA_N_J@Z 0000000140001910 f i umodsys_lib_libmedia:umodsys.mod.media.stdio.obj
 0001:00000940       ?writer_setsize@RStreamWriter_FILE@stdio@media@modules@UModSys@@UEAA_N_J@Z 0000000140001940 f i umodsys_lib_libmedia:umodsys.mod.media.stdio.obj
 0001:000009a0       ?writer_pos@RStreamWriter_FILE@stdio@media@modules@UModSys@@UEAA_JXZ 00000001400019a0 f i umodsys_lib_libmedia:umodsys.mod.media.stdio.obj
 0001:000009d0       ?writer_size@RStreamWriter_FILE@stdio@media@modules@UModSys@@UEAA_JXZ 00000001400019d0 f i umodsys_lib_libmedia:umodsys.mod.media.stdio.obj
 0001:00000a00       ?writer_write@RStreamWriter_FILE@stdio@media@modules@UModSys@@UEAA_NPEBX_K@Z 0000000140001a00 f i umodsys_lib_libmedia:umodsys.mod.media.stdio.obj
 0001:00000ab0       ?writer_copy@RStreamWriter_FILE@stdio@media@modules@UModSys@@UEAA_NPEAUIStreamReader@libmedia@5@_J@Z 0000000140001ab0 f i umodsys_lib_libmedia:umodsys.mod.media.stdio.obj
 0001:00000b60       ?writer_copy@RStreamWriter_FILE@stdio@media@modules@UModSys@@UEAA_NPEAUIStreamReader@libmedia@5@_J1@Z 0000000140001b60 f i umodsys_lib_libmedia:umodsys.mod.media.stdio.obj
 0001:00000bd0       ?writer_close@RStreamWriter_FILE@stdio@media@modules@UModSys@@UEAAXXZ 0000000140001bd0 f i umodsys_lib_libmedia:umodsys.mod.media.stdio.obj
 0001:00000c10       ?writer_abort@RStreamWriter_FILE@stdio@media@modules@UModSys@@UEAAXXZ 0000000140001c10 f i umodsys_lib_libmedia:umodsys.mod.media.stdio.obj
 0001:00000c50       ??_ERStreamWriter_FILE@stdio@media@modules@UModSys@@UEAAPEAXI@Z 0000000140001c50 f i  CIL library: CIL module
 0001:00000c50       ??_GRStreamWriter_FILE@stdio@media@modules@UModSys@@UEAAPEAXI@Z 0000000140001c50 f i umodsys_lib_libmedia:umodsys.mod.media.stdio.obj
 0001:00000cd0       ?get_interface_info@RDataArchiver_OsDir@stdio@media@modules@UModSys@@UEBAAEBUSUniquePointerInfo@core@5@XZ 0000000140001cd0 f i umodsys_lib_libmedia:umodsys.mod.media.stdio.obj
 0001:00000ce0       ?get_interface_type@RDataArchiver_OsDir@stdio@media@modules@UModSys@@UEBAPEBUSUniquePointerInfo@core@5@XZ 0000000140001ce0 f i umodsys_lib_libmedia:umodsys.mod.media.stdio.obj
 0001:00000cf0       ?get_other_interface@RDataArchiver_OsDir@stdio@media@modules@UModSys@@UEBAPEBUIRoot@core@5@PEBUSUniquePointerInfo@75@@Z 0000000140001cf0 f i umodsys_lib_libmedia:umodsys.mod.media.stdio.obj
 0001:00000cf0       ?get_other_interface@RDataArchiver_OsDir@stdio@media@modules@UModSys@@UEAAPEAUIRoot@core@5@PEBUSUniquePointerInfo@75@@Z 0000000140001cf0 f i umodsys_lib_libmedia:umodsys.mod.media.stdio.obj
 0001:00000d20       ?ref_add@RGenerator@stdio@media@modules@UModSys@@UEBAXXZ 0000000140001d20 f i umodsys_lib_libmedia:umodsys.mod.media.stdio.obj
 0001:00000d20       ?ref_add@RDataArchiver_OsDir@stdio@media@modules@UModSys@@UEBAXXZ 0000000140001d20 f i umodsys_lib_libmedia:umodsys.mod.media.stdio.obj
 0001:00000d20       ?ref_add@RStreamReader_FILE@stdio@media@modules@UModSys@@UEBAXXZ 0000000140001d20 f i umodsys_lib_libmedia:umodsys.mod.media.stdio.obj
 0001:00000d20       ?ref_add@RStreamWriter_FILE@stdio@media@modules@UModSys@@UEBAXXZ 0000000140001d20 f i umodsys_lib_libmedia:umodsys.mod.media.stdio.obj
 0001:00000d30       ??0RDataArchiver_OsDir@stdio@media@modules@UModSys@@QEAA@PEAUIModObject@base@4@AEBUSParameters@core@4@U?$TFlags4State@USMediaFlagUid@libmedia@UModSys@@I@tl@4@@Z 0000000140001d30 f i umodsys_lib_libmedia:umodsys.mod.media.stdio.obj
 0001:00000de0       ?open@RDataArchiver_OsDir@stdio@media@modules@UModSys@@QEAAXAEBUSParameters@core@5@@Z 0000000140001de0 f i umodsys_lib_libmedia:umodsys.mod.media.stdio.obj
 0001:00000ef0       ?load_data@RDataArchiver_OsDir@stdio@media@modules@UModSys@@UEAA_NAEBU?$TString@U?$TSCoreConst@D@su@tl@UModSys@@U?$TComparerBinaryHash@D@234@@tl@5@AEAUSCMemShared@core@5@AEBUSFlags@libmedia@5@@Z 0000000140001ef0 f i umodsys_lib_libmedia:umodsys.mod.media.stdio.obj
 0001:00001160       ?load_reader@RDataArchiver_OsDir@stdio@media@modules@UModSys@@UEAA?AU?$TRefObject@UIStreamReader@libmedia@UModSys@@U?$TRefObjectFunc@UIStreamReader@libmedia@UModSys@@@tl@3@@tl@5@AEBU?$TString@U?$TSCoreConst@D@su@tl@UModSys@@U?$TComparerBinaryHash@D@234@@75@AEBUSFlags@libmedia@5@@Z 0000000140002160 f i umodsys_lib_libmedia:umodsys.mod.media.stdio.obj
 0001:000012e0       ?save_data@RDataArchiver_OsDir@stdio@media@modules@UModSys@@UEAA_NAEBU?$TString@U?$TSCoreConst@D@su@tl@UModSys@@U?$TComparerBinaryHash@D@234@@tl@5@AEBUSCMem@core@5@AEBUSFlags@libmedia@5@@Z 00000001400022e0 f i umodsys_lib_libmedia:umodsys.mod.media.stdio.obj
 0001:00001480       ?save_writer@RDataArchiver_OsDir@stdio@media@modules@UModSys@@UEAA?AU?$TRefObject@UIStreamWriter@libmedia@UModSys@@U?$TRefObjectFunc@UIStreamWriter@libmedia@UModSys@@@tl@3@@tl@5@AEBU?$TString@U?$TSCoreConst@D@su@tl@UModSys@@U?$TComparerBinaryHash@D@234@@75@AEBUSFlags@libmedia@5@@Z 0000000140002480 f i umodsys_lib_libmedia:umodsys.mod.media.stdio.obj
 0001:00001620       ?get_entrylist@RDataArchiver_OsDir@stdio@media@modules@UModSys@@UEAA_NAEBU?$TString@U?$TSCoreConst@D@su@tl@UModSys@@U?$TComparerBinaryHash@D@234@@tl@5@AEAU?$TIStackSocket@USFileInfo@libmedia@UModSys@@@75@@Z 0000000140002620 f i umodsys_lib_libmedia:umodsys.mod.media.stdio.obj
 0001:000016b0       ?get_permissions@RDataArchiver_OsDir@stdio@media@modules@UModSys@@UEAAHXZ 00000001400026b0 f i umodsys_lib_libmedia:umodsys.mod.media.stdio.obj
 0001:000016c0       ??_GRDataArchiver_OsDir@stdio@media@modules@UModSys@@UEAAPEAXI@Z 00000001400026c0 f i umodsys_lib_libmedia:umodsys.mod.media.stdio.obj
 0001:000016c0       ??_ERDataArchiver_OsDir@stdio@media@modules@UModSys@@UEAAPEAXI@Z 00000001400026c0 f i  CIL library: CIL module
 0001:00001750       ??1IStreamReader@libmedia@UModSys@@UEAA@XZ 0000000140002750 f i umodsys_lib_libmedia:umodsys.mod.media.stdio.obj
 0001:00001750       ??1IDataArchive@libmedia@UModSys@@UEAA@XZ 0000000140002750 f i umodsys_lib_libmedia:umodsys.mod.media.stdio.obj
 0001:00001750       ??1IStreamWriter@libmedia@UModSys@@UEAA@XZ 0000000140002750 f i umodsys_lib_libmedia:umodsys.mod.media.stdio.obj
 0001:00001760       ?get_generated_names@RGenerator@stdio@media@modules@UModSys@@UEBAHAEAUSUniquePtrList@core@5@@Z 0000000140002760 f i umodsys_lib_libmedia:umodsys.mod.media.stdio.obj
 0001:000017b0       ?get_generated_types@RGenerator@stdio@media@modules@UModSys@@UEBAHAEAUSUniquePtrList@core@5@PEBUSUniquePointerInfo@75@@Z 00000001400027b0 f i umodsys_lib_libmedia:umodsys.mod.media.stdio.obj
 0001:00001850       ?generate@RGenerator@stdio@media@modules@UModSys@@UEAA_NAEAU?$TRefObject@UIRefObject@core@UModSys@@U?$TRefObjectFunc@UIRefObject@core@UModSys@@@tl@3@@tl@5@PEBUSUniquePointerInfo@core@5@AEBUSParameters@95@@Z 0000000140002850 f i umodsys_lib_libmedia:umodsys.mod.media.stdio.obj
 0001:00001980       ?get_interface_info@RGenerator@stdio@media@modules@UModSys@@UEBAAEBUSUniquePointerInfo@core@5@XZ 0000000140002980 f i umodsys_lib_libmedia:umodsys.mod.media.stdio.obj
 0001:00001990       ?get_interface_type@RGenerator@stdio@media@modules@UModSys@@UEBAPEBUSUniquePointerInfo@core@5@XZ 0000000140002990 f i umodsys_lib_libmedia:umodsys.mod.media.stdio.obj
 0001:000019a0       ?get_other_interface@RGenerator@stdio@media@modules@UModSys@@UEAAPEAUIRoot@core@5@PEBUSUniquePointerInfo@75@@Z 00000001400029a0 f i umodsys_lib_libmedia:umodsys.mod.media.stdio.obj
 0001:000019a0       ?get_other_interface@RGenerator@stdio@media@modules@UModSys@@UEBAPEBUIRoot@core@5@PEBUSUniquePointerInfo@75@@Z 00000001400029a0 f i umodsys_lib_libmedia:umodsys.mod.media.stdio.obj
 0001:000019e0       ?ref_remove@RDataArchiver_OsDir@stdio@media@modules@UModSys@@UEBAXXZ 00000001400029e0 f i umodsys_lib_libmedia:umodsys.mod.media.stdio.obj
 0001:000019e0       ?ref_remove@RGenerator@stdio@media@modules@UModSys@@UEBAXXZ 00000001400029e0 f i umodsys_lib_libmedia:umodsys.mod.media.stdio.obj
 0001:000019e0       ?ref_remove@RStreamWriter_FILE@stdio@media@modules@UModSys@@UEBAXXZ 00000001400029e0 f i umodsys_lib_libmedia:umodsys.mod.media.stdio.obj
 0001:000019e0       ?ref_remove@RStreamReader_FILE@stdio@media@modules@UModSys@@UEBAXXZ 00000001400029e0 f i umodsys_lib_libmedia:umodsys.mod.media.stdio.obj
 0001:00001a00       ?ref_links@RStreamWriter_FILE@stdio@media@modules@UModSys@@UEBAHXZ 0000000140002a00 f i umodsys_lib_libmedia:umodsys.mod.media.stdio.obj
 0001:00001a00       ?ref_links@RGenerator@stdio@media@modules@UModSys@@UEBAHXZ 0000000140002a00 f i umodsys_lib_libmedia:umodsys.mod.media.stdio.obj
 0001:00001a00       ?ref_links@RStreamReader_FILE@stdio@media@modules@UModSys@@UEBAHXZ 0000000140002a00 f i umodsys_lib_libmedia:umodsys.mod.media.stdio.obj
 0001:00001a00       ?ref_links@RDataArchiver_OsDir@stdio@media@modules@UModSys@@UEBAHXZ 0000000140002a00 f i umodsys_lib_libmedia:umodsys.mod.media.stdio.obj
 0001:00001a10       ?suicide@RGenerator@stdio@media@modules@UModSys@@UEAAXXZ 0000000140002a10 f i umodsys_lib_libmedia:umodsys.mod.media.stdio.obj
 0001:00001a20       ?get_uid@RGenerator@stdio@media@modules@UModSys@@UEBAPEBUSUniquePointerInfo@core@5@XZ 0000000140002a20 f i umodsys_lib_libmedia:umodsys.mod.media.stdio.obj
 0001:00001a30       ?do_open@RModuleReg@stdio@media@modules@UModSys@@UEAA_NXZ 0000000140002a30 f i umodsys_lib_libmedia:umodsys.mod.media.stdio.obj
 0001:00001a40       ?do_close@RModuleReg@stdio@media@modules@UModSys@@UEAA_NXZ 0000000140002a40 f i umodsys_lib_libmedia:umodsys.mod.media.stdio.obj
 0001:00001a50       ??_GRModuleReg@stdio@media@modules@UModSys@@UEAAPEAXI@Z 0000000140002a50 f i umodsys_lib_libmedia:umodsys.mod.media.stdio.obj
 0001:00001a50       ??_ERModuleReg@stdio@media@modules@UModSys@@UEAAPEAXI@Z 0000000140002a50 f i  CIL library: CIL module
 0001:00001a80       ??1?$TRefObject@URModuleLibrarySO@rsystem@base@UModSys@@U?$TRefObjectFunc@URModuleLibrarySO@rsystem@base@UModSys@@@tl@4@@tl@UModSys@@QEAA@XZ 0000000140002a80 f i umodsys_lib_basesys:umodsys.basesys.rmoduleloader.obj
 0001:00001a80       ??1?$TRefObject@URStreamReader_FILE@stdio@media@modules@UModSys@@U?$TRefObjectFunc@URStreamReader_FILE@stdio@media@modules@UModSys@@@tl@5@@tl@UModSys@@QEAA@XZ 0000000140002a80 f i umodsys_lib_libmedia:umodsys.mod.media.stdio.obj
 0001:00001a80       ??1?$TRefObject@UIStreamReader@libmedia@UModSys@@U?$TRefObjectFunc@UIStreamReader@libmedia@UModSys@@@tl@3@@tl@UModSys@@QEAA@XZ 0000000140002a80 f i umodsys_lib_libmedia:umodsys.mod.media.stdio.obj
 0001:00001a80       ??1?$TRefObject@UIModuleLibraryUni@rsystem@base@UModSys@@U?$TRefObjectFunc@UIModuleLibraryUni@rsystem@base@UModSys@@@tl@4@@tl@UModSys@@QEAA@XZ 0000000140002a80 f i umodsys_lib_basesys:umodsys.basesys.rmodule.obj
 0001:00001a80       ??1?$TRefObject@URStreamWriter_FILE@stdio@media@modules@UModSys@@U?$TRefObjectFunc@URStreamWriter_FILE@stdio@media@modules@UModSys@@@tl@5@@tl@UModSys@@QEAA@XZ 0000000140002a80 f i umodsys_lib_libmedia:umodsys.mod.media.stdio.obj
 0001:00001a80       ??1?$TRefObject@UIRefObject@core@UModSys@@U?$TRefObjectFunc@UIRefObject@core@UModSys@@@tl@3@@tl@UModSys@@QEAA@XZ 0000000140002a80 f i umodsys_lib_basesys:umodsys.basesys.rsystem_tests.obj
 0001:00001a80       ??1?$TRefObject@UIShell@base@UModSys@@U?$TRefObjectFunc@UIShell@base@UModSys@@@tl@3@@tl@UModSys@@QEAA@XZ 0000000140002a80 f i umodsys_lib_basesys:umodsys.basesys.rsystem_tests.obj
 0001:00001a80       ??1?$TRefObject@UIStreamWriter@libmedia@UModSys@@U?$TRefObjectFunc@UIStreamWriter@libmedia@UModSys@@@tl@3@@tl@UModSys@@QEAA@XZ 0000000140002a80 f i umodsys_lib_libmedia:umodsys.mod.media.stdio.obj
 0001:00001a80       ??1?$TRefObject@URDataArchiver_OsDir@stdio@media@modules@UModSys@@U?$TRefObjectFunc@URDataArchiver_OsDir@stdio@media@modules@UModSys@@@tl@5@@tl@UModSys@@QEAA@XZ 0000000140002a80 f i umodsys_lib_libmedia:umodsys.mod.media.stdio.obj
 0001:00001a80       ??1?$TRefObject@URParameters@rsystem@base@UModSys@@U?$TRefObjectFunc@URParameters@rsystem@base@UModSys@@@tl@4@@tl@UModSys@@QEAA@XZ 0000000140002a80 f i umodsys_lib_basesys:umodsys.basesys.rsystem_main.obj
 0001:00001ab0       ??_EIRefObject@core@UModSys@@UEAAPEAXI@Z 0000000140002ab0 f i  CIL library: CIL module
 0001:00001ab0       ??_GRGenerator@stdio@media@modules@UModSys@@UEAAPEAXI@Z 0000000140002ab0 f i umodsys_lib_libmedia:umodsys.mod.media.stdio.obj
 0001:00001ab0       ??_GIRefObject@core@UModSys@@UEAAPEAXI@Z 0000000140002ab0 f i umodsys_lib_libmedia:umodsys.mod.media.stdio.obj
 0001:00001ab0       ??_ERGenerator@stdio@media@modules@UModSys@@UEAAPEAXI@Z 0000000140002ab0 f i  CIL library: CIL module
 0001:00001ae0       ?info_new@?$TSCoreShared@USIMemAlloc@core@UModSys@@D@su@tl@UModSys@@QEAA_NPEBD_K@Z 0000000140002ae0 f i umodsys_lib_libmedia:umodsys.mod.media.stdio.obj
 0001:00001ba0       ??$yes@U?$TFlags4StateShift@USMediaFlagUid@libmedia@UModSys@@I$09@tl@UModSys@@@SFlags@libmedia@UModSys@@QEBA_NAEBU?$TFlags4State@USMediaFlagUid@libmedia@UModSys@@I@tl@2@@Z 0000000140002ba0 f i umodsys_lib_libmedia:umodsys.mod.media.stdio.obj
 0001:00001bf0       ??$ValidateConstruction@UIStreamWriter@libmedia@UModSys@@URStreamWriter_FILE@stdio@media@modules@3@@core@UModSys@@YA_NAEAU?$TRefObject@UIStreamWriter@libmedia@UModSys@@U?$TRefObjectFunc@UIStreamWriter@libmedia@UModSys@@@tl@3@@tl@1@PEAURStreamWriter_FILE@stdio@media@modules@1@@Z 0000000140002bf0 f i umodsys_lib_libmedia:umodsys.mod.media.stdio.obj
 0001:00001bf0       ??$ValidateConstruction@UIRefObject@core@UModSys@@URStreamWriter_FILE@stdio@media@modules@3@@core@UModSys@@YA_NAEAU?$TRefObject@UIRefObject@core@UModSys@@U?$TRefObjectFunc@UIRefObject@core@UModSys@@@tl@3@@tl@1@PEAURStreamWriter_FILE@stdio@media@modules@1@@Z 0000000140002bf0 f i umodsys_lib_libmedia:umodsys.mod.media.stdio.obj
 0001:00001c70       ??1?$TRefObject@UIModObject@base@UModSys@@U?$TModObjectFunc@UIModObject@base@UModSys@@@tl@3@@tl@UModSys@@QEAA@XZ 0000000140002c70 f i umodsys_lib_libmedia:umodsys.mod.media.stdio.obj
 0001:00001ca0       ??$ValidateConstruction@UIRefObject@core@UModSys@@URStreamReader_FILE@stdio@media@modules@3@@core@UModSys@@YA_NAEAU?$TRefObject@UIRefObject@core@UModSys@@U?$TRefObjectFunc@UIRefObject@core@UModSys@@@tl@3@@tl@1@PEAURStreamReader_FILE@stdio@media@modules@1@@Z 0000000140002ca0 f i umodsys_lib_libmedia:umodsys.mod.media.stdio.obj
 0001:00001ca0       ??$ValidateConstruction@UIStreamReader@libmedia@UModSys@@URStreamReader_FILE@stdio@media@modules@3@@core@UModSys@@YA_NAEAU?$TRefObject@UIStreamReader@libmedia@UModSys@@U?$TRefObjectFunc@UIStreamReader@libmedia@UModSys@@@tl@3@@tl@1@PEAURStreamReader_FILE@stdio@media@modules@1@@Z 0000000140002ca0 f i umodsys_lib_libmedia:umodsys.mod.media.stdio.obj
 0001:00001d20       ??$ValidateConstruction@UIRefObject@core@UModSys@@URDataArchiver_OsDir@stdio@media@modules@3@@core@UModSys@@YA_NAEAU?$TRefObject@UIRefObject@core@UModSys@@U?$TRefObjectFunc@UIRefObject@core@UModSys@@@tl@3@@tl@1@PEAURDataArchiver_OsDir@stdio@media@modules@1@@Z 0000000140002d20 f i umodsys_lib_libmedia:umodsys.mod.media.stdio.obj
 0001:00001d90       ?s_set@?$TRefObjectFunc@UIRefObject@core@UModSys@@@tl@UModSys@@SAXAEAPEAUIRefObject@core@3@PEAU453@@Z 0000000140002d90 f i umodsys_lib_libmedia:umodsys.mod.media.stdio.obj
 0001:00001dd0       ??$safe_snprintf@D@syshlp@core@UModSys@@YA_KPEAD_KPEBDZZ 0000000140002dd0 f i umodsys_lib_libmedia:umodsys.lib.media.common.obj
 0001:00001df0       ?get_interface_info@RConsole_std@rsystem@base@UModSys@@UEBAAEBUSUniquePointerInfo@core@4@XZ 0000000140002df0 f i umodsys_lib_basesys:umodsys.basesys.rconsole_std.obj
 0001:00001e00       ?get_interface_type@RConsole_std@rsystem@base@UModSys@@UEBAPEBUSUniquePointerInfo@core@4@XZ 0000000140002e00 f i umodsys_lib_basesys:umodsys.basesys.rconsole_std.obj
 0001:00001e10       ?get_other_interface@RConsole_std@rsystem@base@UModSys@@UEBAPEBUIRoot@core@4@PEBUSUniquePointerInfo@64@@Z 0000000140002e10 f i umodsys_lib_basesys:umodsys.basesys.rconsole_std.obj
 0001:00001e10       ?get_other_interface@RConsole_std@rsystem@base@UModSys@@UEAAPEAUIRoot@core@4@PEBUSUniquePointerInfo@64@@Z 0000000140002e10 f i umodsys_lib_basesys:umodsys.basesys.rconsole_std.obj
 0001:00001e40       ??_GRConsole_std@rsystem@base@UModSys@@UEAAPEAXI@Z 0000000140002e40 f i umodsys_lib_basesys:umodsys.basesys.rconsole_std.obj
 0001:00001e40       ??_ERConsole_std@rsystem@base@UModSys@@UEAAPEAXI@Z 0000000140002e40 f i  CIL library: CIL module
 0001:00001e70       ??_GIConsole@base@UModSys@@UEAAPEAXI@Z 0000000140002e70 f i umodsys_lib_basesys:umodsys.basesys.rconsole_std.obj
 0001:00001e70       ??_EIConsole@base@UModSys@@UEAAPEAXI@Z 0000000140002e70 f i  CIL library: CIL module
 0001:00001ea0       ?decode_error@EExceptionBase@core@UModSys@@UEBAHPEAD_K@Z 0000000140002ea0 f i umodsys_lib_basesys:umodsys.basesys.rsystem_main.obj
 0001:00001ee0       ??_EEFatal@core@UModSys@@UEAAPEAXI@Z 0000000140002ee0 f i  CIL library: CIL module
 0001:00001ee0       ??_EEWarning@core@UModSys@@UEAAPEAXI@Z 0000000140002ee0 f i  CIL library: CIL module
 0001:00001ee0       ??_GEFatal@core@UModSys@@UEAAPEAXI@Z 0000000140002ee0 f i umodsys_lib_basesys:umodsys.basesys.rsystem_main.obj
 0001:00001ee0       ??_GEExceptionBase@core@UModSys@@UEAAPEAXI@Z 0000000140002ee0 f i umodsys_lib_basesys:umodsys.basesys.rsystem_main.obj
 0001:00001ee0       ??_EEExceptionBase@core@UModSys@@UEAAPEAXI@Z 0000000140002ee0 f i  CIL library: CIL module
 0001:00001ee0       ??_GEWarning@core@UModSys@@UEAAPEAXI@Z 0000000140002ee0 f i umodsys_lib_basesys:umodsys.basesys.rsystem_main.obj
 0001:00001f10       ?decode_error@EFatal@core@UModSys@@UEBAHPEAD_K@Z 0000000140002f10 f i umodsys_lib_basesys:umodsys.basesys.rsystem_main.obj
 0001:00001f50       ??1EWarning@core@UModSys@@UEAA@XZ 0000000140002f50 f i umodsys_lib_basesys:umodsys.basesys.rsystem_main.obj
 0001:00001f50       ??1EFatal@core@UModSys@@UEAA@XZ 0000000140002f50 f i umodsys_lib_basesys:umodsys.basesys.rsystem_main.obj
 0001:00001f60       ?decode_error@EWarning@core@UModSys@@UEBAHPEAD_K@Z 0000000140002f60 f i umodsys_lib_basesys:umodsys.basesys.rsystem_main.obj
 0001:00001fa0       ?get_interface_info@ISystem@base@UModSys@@UEBAAEBUSUniquePointerInfo@core@3@XZ 0000000140002fa0 f i umodsys_lib_basesys:umodsys.basesys.rsystem_main.obj
 0001:00001fb0       ?get_interface_type@ISystem@base@UModSys@@UEBAPEBUSUniquePointerInfo@core@3@XZ 0000000140002fb0 f i umodsys_lib_basesys:umodsys.basesys.rsystem_main.obj
 0001:00001fc0       ?get_other_interface@ISystem@base@UModSys@@UEBAPEBUIRoot@core@3@PEBUSUniquePointerInfo@53@@Z 0000000140002fc0 f i umodsys_lib_basesys:umodsys.basesys.rsystem_main.obj
 0001:00001fc0       ?get_other_interface@ISystem@base@UModSys@@UEAAPEAUIRoot@core@3@PEBUSUniquePointerInfo@53@@Z 0000000140002fc0 f i umodsys_lib_basesys:umodsys.basesys.rsystem_main.obj
 0001:00001fe0       ?get_interface_info@RSystem@rsystem@base@UModSys@@UEBAAEBUSUniquePointerInfo@core@4@XZ 0000000140002fe0 f i umodsys_lib_basesys:umodsys.basesys.rsystem_main.obj
 0001:00001ff0       ?get_interface_type@RSystem@rsystem@base@UModSys@@UEBAPEBUSUniquePointerInfo@core@4@XZ 0000000140002ff0 f i umodsys_lib_basesys:umodsys.basesys.rsystem_main.obj
 0001:00002000       ?get_other_interface@RSystem@rsystem@base@UModSys@@UEAAPEAUIRoot@core@4@PEBUSUniquePointerInfo@64@@Z 0000000140003000 f i umodsys_lib_basesys:umodsys.basesys.rsystem_main.obj
 0001:00002000       ?get_other_interface@RSystem@rsystem@base@UModSys@@UEBAPEBUIRoot@core@4@PEBUSUniquePointerInfo@64@@Z 0000000140003000 f i umodsys_lib_basesys:umodsys.basesys.rsystem_main.obj
 0001:00002020       ??_GRSystem@rsystem@base@UModSys@@UEAAPEAXI@Z 0000000140003020 f i umodsys_lib_basesys:umodsys.basesys.rsystem_main.obj
 0001:00002020       ??_ERSystem@rsystem@base@UModSys@@UEAAPEAXI@Z 0000000140003020 f i  CIL library: CIL module
 0001:00002050       ??_GISystem@base@UModSys@@UEAAPEAXI@Z 0000000140003050 f i umodsys_lib_basesys:umodsys.basesys.rsystem_main.obj
 0001:00002050       ??_EISystem@base@UModSys@@UEAAPEAXI@Z 0000000140003050 f i  CIL library: CIL module
 0001:00002080       ??1?$TStaticStringPool@DU?$TComparerBinaryHash@D@su@tl@UModSys@@USMemAlloc_Malloc@core@4@@tl@UModSys@@QEAA@XZ 0000000140003080 f i umodsys_lib_basesys:umodsys.basesys.rsystem_main.obj
 0001:00002090       ??1?$TQuantArrayUnique@USUniquePointerInfo@core@UModSys@@$0BAA@USMemAlloc_Malloc@23@@tl@UModSys@@QEAA@XZ 0000000140003090 f i umodsys_lib_basesys:umodsys.basesys.rsystem_main.obj
 0001:000020e0       ??1?$TTreeHoldRBD@U?$TQuantArrayNode@USUniquePointerInfo@core@UModSys@@$0BAA@@tl@UModSys@@U?$TNodeDeleter@U?$TQuantArrayNode@USUniquePointerInfo@core@UModSys@@$0BAA@@tl@UModSys@@USMemAlloc_Malloc@core@3@@23@@tl@UModSys@@QEAA@XZ 00000001400030e0 f i umodsys_lib_basesys:umodsys.basesys.rsystem_main.obj
 0001:000020e0       ??1?$TTreeHoldRBD@U?$TQuantArrayNode@USSourceContext@core@UModSys@@$0BAA@@tl@UModSys@@U?$TNodeDeleter@U?$TQuantArrayNode@USSourceContext@core@UModSys@@$0BAA@@tl@UModSys@@USMemAlloc_Malloc@core@3@@23@@tl@UModSys@@QEAA@XZ 00000001400030e0 f i umodsys_lib_basesys:umodsys.basesys.rsystem_main.obj
 0001:00002100       ??0?$TRMemAlloc_CC@U?$TMemAllocHeader@USMagic@mem_headers@rsystem@base@UModSys@@U?$TPool@X@2345@USDebug@2345@UVoid@core@5@U895@@rsystem@base@UModSys@@USMemAlloc_Malloc@core@4@@rsystem@base@UModSys@@QEAA@PEAUIExceptionHandler@core@3@@Z 0000000140003100 f i umodsys_lib_basesys:umodsys.basesys.rsystem_main.obj
 0001:00002130       ??1?$TRMemAlloc_CC@U?$TMemAllocHeader@USMagic@mem_headers@rsystem@base@UModSys@@U?$TPool@X@2345@USDebug@2345@UVoid@core@5@U895@@rsystem@base@UModSys@@USMemAlloc_Malloc@core@4@@rsystem@base@UModSys@@QEAA@XZ 0000000140003130 f i umodsys_lib_basesys:umodsys.basesys.rsystem_main.obj
 0001:00002140       ?mem_alloc@?$TRMemAlloc_CC@U?$TMemAllocHeader@USMagic@mem_headers@rsystem@base@UModSys@@U?$TPool@X@2345@USDebug@2345@UVoid@core@5@U895@@rsystem@base@UModSys@@USMemAlloc_Malloc@core@4@@rsystem@base@UModSys@@UEAAPEAX_KPEBUSSourceContext@core@4@@Z 0000000140003140 f i umodsys_lib_basesys:umodsys.basesys.rsystem_main.obj
 0001:000021f0       ?mem_realloc@?$TRMemAlloc_CC@U?$TMemAllocHeader@USMagic@mem_headers@rsystem@base@UModSys@@U?$TPool@X@2345@USDebug@2345@UVoid@core@5@U895@@rsystem@base@UModSys@@USMemAlloc_Malloc@core@4@@rsystem@base@UModSys@@UEAAPEAXPEAX_KPEBUSSourceContext@core@4@@Z 00000001400031f0 f i umodsys_lib_basesys:umodsys.basesys.rsystem_main.obj
 0001:00002480       ?mem_free@?$TRMemAlloc_CC@U?$TMemAllocHeader@USMagic@mem_headers@rsystem@base@UModSys@@U?$TPool@X@2345@USDebug@2345@UVoid@core@5@U895@@rsystem@base@UModSys@@USMemAlloc_Malloc@core@4@@rsystem@base@UModSys@@UEAAXPEAXPEBUSSourceContext@core@4@@Z 0000000140003480 f i umodsys_lib_basesys:umodsys.basesys.rsystem_main.obj
 0001:00002580       ?free@?$TStaticStringPool@DU?$TComparerBinaryHash@D@su@tl@UModSys@@USMemAlloc_Malloc@core@4@@tl@UModSys@@QEAAXXZ 0000000140003580 f i umodsys_lib_basesys:umodsys.basesys.rsystem_main.obj
 0001:000025e0       ??$process_nodes@U?$TNodeDeleter@U?$TQuantArrayNode@USSourceContext@core@UModSys@@$0BAA@@tl@UModSys@@USMemAlloc_Malloc@core@3@@tl@UModSys@@@?$TTreeHoldRB@U?$TQuantArrayNode@USSourceContext@core@UModSys@@$0BAA@@tl@UModSys@@@tl@UModSys@@QEAAHAEBU?$TNodeDeleter@U?$TQuantArrayNode@USSourceContext@core@UModSys@@$0BAA@@tl@UModSys@@USMemAlloc_Malloc@core@3@@12@@Z 00000001400035e0 f i umodsys_lib_basesys:umodsys.basesys.rsystem_main.obj
 0001:000025e0       ??$process_nodes@U?$TNodeDeleter@U?$TQuantArrayNode@USUniquePointerInfo@core@UModSys@@$0BAA@@tl@UModSys@@USMemAlloc_Malloc@core@3@@tl@UModSys@@@?$TTreeHoldRB@U?$TQuantArrayNode@USUniquePointerInfo@core@UModSys@@$0BAA@@tl@UModSys@@@tl@UModSys@@QEAAHAEBU?$TNodeDeleter@U?$TQuantArrayNode@USUniquePointerInfo@core@UModSys@@$0BAA@@tl@UModSys@@USMemAlloc_Malloc@core@3@@12@@Z 00000001400035e0 f i umodsys_lib_basesys:umodsys.basesys.rsystem_main.obj
 0001:00002660       ?persist_ctx@?$TRMemAlloc_CC@U?$TMemAllocHeader@USMagic@mem_headers@rsystem@base@UModSys@@U?$TPool@X@2345@USDebug@2345@UVoid@core@5@U895@@rsystem@base@UModSys@@USMemAlloc_Malloc@core@4@@rsystem@base@UModSys@@QEAAPEBUSSourceContext@core@4@PEBU564@@Z 0000000140003660 f i umodsys_lib_basesys:umodsys.basesys.rsystem_main.obj
 0001:00002670       ??$process@UEFatal@core@UModSys@@@IExceptionHandler@core@UModSys@@QEAAXAEBUEFatal@12@@Z 0000000140003670 f i umodsys_lib_basesys:umodsys.basesys.rsystem_main.obj
 0001:000026e0       ??$process_nodes_r@U?$TNodeDeleter@U?$TQuantArrayNode@USUniquePointerInfo@core@UModSys@@$0BAA@@tl@UModSys@@USMemAlloc_Malloc@core@3@@tl@UModSys@@@?$TTreeHoldRB@U?$TQuantArrayNode@USUniquePointerInfo@core@UModSys@@$0BAA@@tl@UModSys@@@tl@UModSys@@KAHPEAU?$TQuantArrayNode@USUniquePointerInfo@core@UModSys@@$0BAA@@12@AEBU?$TNodeDeleter@U?$TQuantArrayNode@USUniquePointerInfo@core@UModSys@@$0BAA@@tl@UModSys@@USMemAlloc_Malloc@core@3@@12@@Z 00000001400036e0 f i umodsys_lib_basesys:umodsys.basesys.rsystem_main.obj
 0001:000026e0       ??$process_nodes_r@U?$TNodeDeleter@U?$TQuantArrayNode@USSourceContext@core@UModSys@@$0BAA@@tl@UModSys@@USMemAlloc_Malloc@core@3@@tl@UModSys@@@?$TTreeHoldRB@U?$TQuantArrayNode@USSourceContext@core@UModSys@@$0BAA@@tl@UModSys@@@tl@UModSys@@KAHPEAU?$TQuantArrayNode@USSourceContext@core@UModSys@@$0BAA@@12@AEBU?$TNodeDeleter@U?$TQuantArrayNode@USSourceContext@core@UModSys@@$0BAA@@tl@UModSys@@USMemAlloc_Malloc@core@3@@12@@Z 00000001400036e0 f i umodsys_lib_basesys:umodsys.basesys.rsystem_main.obj
 0001:00002750       ??0EFatal@core@UModSys@@QEAA@AEBU012@@Z 0000000140003750 f i umodsys_lib_basesys:umodsys.basesys.rsystem_main.obj
 0001:00002790       ??0EExceptionBase@core@UModSys@@QEAA@AEBU012@@Z 0000000140003790 f i umodsys_lib_basesys:umodsys.basesys.rsystem_main.obj
 0001:000027d0       ??0EWarning@core@UModSys@@QEAA@AEBU012@@Z 00000001400037d0 f i umodsys_lib_basesys:umodsys.basesys.rsystem_main.obj
 0001:00002810       ??1?$TParametersA@$0EAA@@core@UModSys@@QEAA@XZ 0000000140003810 f i umodsys_lib_basesys:umodsys.basesys.rsystem_tests.obj
 0001:00002830       ??_ERModuleLoader@rsystem@base@UModSys@@UEAAPEAXI@Z 0000000140003830 f i  CIL library: CIL module
 0001:00002830       ??_GRModuleLoader@rsystem@base@UModSys@@UEAAPEAXI@Z 0000000140003830 f i umodsys_lib_basesys:umodsys.basesys.rmoduleloader.obj
 0001:00002860       ??_EIModuleLoader@base@UModSys@@UEAAPEAXI@Z 0000000140003860 f i  CIL library: CIL module
 0001:00002860       ??_GIModuleLoader@base@UModSys@@UEAAPEAXI@Z 0000000140003860 f i umodsys_lib_basesys:umodsys.basesys.rmoduleloader.obj
 0001:00002890       ??1?$TDynarrayDynamic@U?$TRefObject@URModuleLibrarySO@rsystem@base@UModSys@@U?$TRefObjectFunc@URModuleLibrarySO@rsystem@base@UModSys@@@tl@4@@tl@UModSys@@U?$TAllocator@USMemAlloc_Malloc@core@UModSys@@USCountCalcPower2@23@@23@@tl@UModSys@@QEAA@XZ 0000000140003890 f i umodsys_lib_basesys:umodsys.basesys.rmoduleloader.obj
 0001:000028f0       ?append@?$TStaticStringPool@DU?$TComparerBinaryHash@D@su@tl@UModSys@@USMemAlloc_Malloc@core@4@@tl@UModSys@@QEAAPEBU?$TString@U?$TSCoreConst@D@su@tl@UModSys@@U?$TComparerBinaryHash@D@234@@23@PEBD_K@Z 00000001400038f0 f i umodsys_lib_basesys:umodsys.basesys.rmoduleloader.obj
 0001:00002b70       ?ResizeRel@?$TDynarray@U?$TDynarrayHolderDynamic@U?$TRefObject@URModuleLibrarySO@rsystem@base@UModSys@@U?$TRefObjectFunc@URModuleLibrarySO@rsystem@base@UModSys@@@tl@4@@tl@UModSys@@U?$TAllocator@USMemAlloc_Malloc@core@UModSys@@USCountCalcPower2@23@@23@@tl@UModSys@@@tl@UModSys@@QEAA_N_J@Z 0000000140003b70 f i umodsys_lib_basesys:umodsys.basesys.rmoduleloader.obj
 0001:00002c20       ?items_destruct@?$TDynarray@U?$TDynarrayHolderDynamic@U?$TRefObject@URModuleLibrarySO@rsystem@base@UModSys@@U?$TRefObjectFunc@URModuleLibrarySO@rsystem@base@UModSys@@@tl@4@@tl@UModSys@@U?$TAllocator@USMemAlloc_Malloc@core@UModSys@@USCountCalcPower2@23@@23@@tl@UModSys@@@tl@UModSys@@IEAAX_K0@Z 0000000140003c20 f i umodsys_lib_basesys:umodsys.basesys.rmoduleloader.obj
 0001:00002c90       ?find_s@?$TStaticStringPool@DU?$TComparerBinaryHash@D@su@tl@UModSys@@USMemAlloc_Malloc@core@4@@tl@UModSys@@QEBAPEBU?$TString@U?$TSCoreConst@D@su@tl@UModSys@@U?$TComparerBinaryHash@D@234@@23@AEBU423@@Z 0000000140003c90 f i umodsys_lib_basesys:umodsys.basesys.rmoduleloader.obj
 0001:00002d30       ?get_interface_info@RModuleLibraryThis@rsystem@base@UModSys@@UEBAAEBUSUniquePointerInfo@core@4@XZ 0000000140003d30 f i umodsys_lib_basesys:umodsys.basesys.rmodulelibthis.obj
 0001:00002d40       ?get_interface_type@RModuleLibraryThis@rsystem@base@UModSys@@UEBAPEBUSUniquePointerInfo@core@4@XZ 0000000140003d40 f i umodsys_lib_basesys:umodsys.basesys.rmodulelibthis.obj
 0001:00002d50       ?get_interface_types@RStreamWriter_FILE@stdio@media@modules@UModSys@@UEBA_KAEAUSUniquePtrList@core@5@@Z 0000000140003d50 f i umodsys_lib_libmedia:umodsys.mod.media.stdio.obj
 0001:00002d50       ?get_interface_types@RModuleLibraryThis@rsystem@base@UModSys@@UEBA_KAEAUSUniquePtrList@core@4@@Z 0000000140003d50 f i umodsys_lib_basesys:umodsys.basesys.rmodulelibthis.obj
 0001:00002d50       ?get_interface_types@RConsole_std@rsystem@base@UModSys@@UEBA_KAEAUSUniquePtrList@core@4@@Z 0000000140003d50 f i umodsys_lib_basesys:umodsys.basesys.rconsole_std.obj
 0001:00002d50       ?get_interface_types@RModule@rsystem@base@UModSys@@UEBA_KAEAUSUniquePtrList@core@4@@Z 0000000140003d50 f i umodsys_lib_basesys:umodsys.basesys.rmodule.obj
 0001:00002d50       ?get_interface_types@RSystem@rsystem@base@UModSys@@UEBA_KAEAUSUniquePtrList@core@4@@Z 0000000140003d50 f i umodsys_lib_basesys:umodsys.basesys.rsystem_main.obj
 0001:00002d50       ?get_interface_types@RGenerator@stdio@media@modules@UModSys@@UEBA_KAEAUSUniquePtrList@core@5@@Z 0000000140003d50 f i umodsys_lib_libmedia:umodsys.mod.media.stdio.obj
 0001:00002d50       ?get_interface_types@RStreamReader_FILE@stdio@media@modules@UModSys@@UEBA_KAEAUSUniquePtrList@core@5@@Z 0000000140003d50 f i umodsys_lib_libmedia:umodsys.mod.media.stdio.obj
 0001:00002d50       ?get_interface_types@ISystem@base@UModSys@@UEBA_KAEAUSUniquePtrList@core@3@@Z 0000000140003d50 f i umodsys_lib_basesys:umodsys.basesys.rsystem_main.obj
 0001:00002d50       ?get_interface_types@RModuleLibrarySO@rsystem@base@UModSys@@UEBA_KAEAUSUniquePtrList@core@4@@Z 0000000140003d50 f i umodsys_lib_basesys:umodsys.basesys.rmodulelibso.obj
 0001:00002d50       ?get_interface_types@RDataArchiver_OsDir@stdio@media@modules@UModSys@@UEBA_KAEAUSUniquePtrList@core@5@@Z 0000000140003d50 f i umodsys_lib_libmedia:umodsys.mod.media.stdio.obj
 0001:00002d50       ?get_interface_types@RParameters@rsystem@base@UModSys@@UEBA_KAEAUSUniquePtrList@core@4@@Z 0000000140003d50 f i umodsys_lib_basesys:umodsys.basesys.rparameters.obj
 0001:00002d60       ?get_other_interface@RModuleLibraryThis@rsystem@base@UModSys@@UEAAPEAUIRoot@core@4@PEBUSUniquePointerInfo@64@@Z 0000000140003d60 f i umodsys_lib_basesys:umodsys.basesys.rmodulelibthis.obj
 0001:00002d60       ?get_other_interface@RModuleLibraryThis@rsystem@base@UModSys@@UEBAPEBUIRoot@core@4@PEBUSUniquePointerInfo@64@@Z 0000000140003d60 f i umodsys_lib_basesys:umodsys.basesys.rmodulelibthis.obj
 0001:00002da0       ?ref_add@RModuleLibraryThis@rsystem@base@UModSys@@UEBAXXZ 0000000140003da0 f i umodsys_lib_basesys:umodsys.basesys.rmodulelibthis.obj
 0001:00002db0       ?ref_remove@RModuleLibraryThis@rsystem@base@UModSys@@UEBAXXZ 0000000140003db0 f i umodsys_lib_basesys:umodsys.basesys.rmodulelibthis.obj
 0001:00002dd0       ?ref_links@RModuleLibraryThis@rsystem@base@UModSys@@UEBAHXZ 0000000140003dd0 f i umodsys_lib_basesys:umodsys.basesys.rmodulelibthis.obj
 0001:00002de0       ?ref_weak@RModuleLibraryThis@rsystem@base@UModSys@@UEBA_NAEAUWeakPointer@IRefObject@core@4@@Z 0000000140003de0 f i umodsys_lib_basesys:umodsys.basesys.rmodulelibthis.obj
 0001:00002e10       ??_GRModuleLibraryThis@rsystem@base@UModSys@@UEAAPEAXI@Z 0000000140003e10 f i umodsys_lib_basesys:umodsys.basesys.rmodulelibthis.obj
 0001:00002e10       ??_ERModuleLibraryThis@rsystem@base@UModSys@@UEAAPEAXI@Z 0000000140003e10 f i  CIL library: CIL module
 0001:00002e40       ??_GIModuleLibraryUni@rsystem@base@UModSys@@UEAAPEAXI@Z 0000000140003e40 f i umodsys_lib_basesys:umodsys.basesys.rmodulelib.obj
 0001:00002e40       ??_EIModuleLibraryUni@rsystem@base@UModSys@@UEAAPEAXI@Z 0000000140003e40 f i  CIL library: CIL module
 0001:00002e70       ??_GIModuleLibrary@base@UModSys@@UEAAPEAXI@Z 0000000140003e70 f i umodsys_lib_basesys:umodsys.basesys.rmodulelib.obj
 0001:00002e70       ??_EIModuleLibrary@base@UModSys@@UEAAPEAXI@Z 0000000140003e70 f i  CIL library: CIL module
 0001:00002ea0       ?ResizeRel@?$TDynarray@U?$TDynarrayHolderDynamic@U?$TRefObject@URModule@rsystem@base@UModSys@@U?$TRefObjectFunc@URModule@rsystem@base@UModSys@@@tl@4@@tl@UModSys@@U?$TAllocator@USMemAlloc_Malloc@core@UModSys@@USCountCalcPower2@23@@23@@tl@UModSys@@@tl@UModSys@@QEAA_N_J@Z 0000000140003ea0 f i umodsys_lib_basesys:umodsys.basesys.rmodulelib.obj
 0001:00002fa0       ?check_leaks@?$TRMemAlloc_CC@U?$TMemAllocHeader@USMagic@mem_headers@rsystem@base@UModSys@@U?$TPool@X@2345@USDebug@2345@UVoid@core@5@U895@@rsystem@base@UModSys@@USMemAlloc_Malloc@core@4@@rsystem@base@UModSys@@QEAA_K_NPEAUIExceptionHandler@core@4@@Z 0000000140003fa0 f i umodsys_lib_basesys:umodsys.basesys.rmodulelib.obj
 0001:00003060       ?ReLink@?$TDynarray@U?$TDynarrayHolderDynamic@U?$TRefObject@URModuleLibrarySO@rsystem@base@UModSys@@U?$TRefObjectFunc@URModuleLibrarySO@rsystem@base@UModSys@@@tl@4@@tl@UModSys@@U?$TAllocator@USMemAlloc_Malloc@core@UModSys@@USCountCalcPower2@23@@23@@tl@UModSys@@@tl@UModSys@@IEAA_N_K@Z 0000000140004060 f i umodsys_lib_basesys:umodsys.basesys.rmoduleloader.obj
 0001:00003060       ?ReLink@?$TDynarray@U?$TDynarrayHolderDynamic@U?$TRefObject@URModule@rsystem@base@UModSys@@U?$TRefObjectFunc@URModule@rsystem@base@UModSys@@@tl@4@@tl@UModSys@@U?$TAllocator@USMemAlloc_Malloc@core@UModSys@@USCountCalcPower2@23@@23@@tl@UModSys@@@tl@UModSys@@IEAA_N_K@Z 0000000140004060 f i umodsys_lib_basesys:umodsys.basesys.rmodulelib.obj
 0001:000030d0       ?find@?$TQuantArrayUnique@USSourceContext@core@UModSys@@$0BAA@USMemAlloc_Malloc@23@@tl@UModSys@@QEAAPEBUSSourceContext@core@3@AEBU453@@Z 00000001400040d0 f i umodsys_lib_basesys:umodsys.basesys.rsystem.obj
 0001:000030d0       ?find@?$TQuantArrayUnique@USUniquePointerInfo@core@UModSys@@$0BAA@USMemAlloc_Malloc@23@@tl@UModSys@@QEAAPEBUSUniquePointerInfo@core@3@AEBU453@@Z 00000001400040d0 f i umodsys_lib_basesys:umodsys.basesys.rsystem.obj
 0001:00003200       ?add@?$TQuantArrayUnique@USUniquePointerInfo@core@UModSys@@$0BAA@USMemAlloc_Malloc@23@@tl@UModSys@@QEAAPEAUSUniquePointerInfo@core@3@AEBU453@@Z 0000000140004200 f i umodsys_lib_basesys:umodsys.basesys.rsystem.obj
 0001:00003200       ?add@?$TQuantArrayUnique@USSourceContext@core@UModSys@@$0BAA@USMemAlloc_Malloc@23@@tl@UModSys@@QEAAPEAUSSourceContext@core@3@AEBU453@@Z 0000000140004200 f i umodsys_lib_basesys:umodsys.basesys.rsystem.obj
 0001:00003390       ?s_last@?$TQuantArrayUnique@USUniquePointerInfo@core@UModSys@@$0BAA@USMemAlloc_Malloc@23@@tl@UModSys@@KAHPEBU?$TQuantArrayNode@USUniquePointerInfo@core@UModSys@@$0BAA@@23@0@Z 0000000140004390 f i umodsys_lib_basesys:umodsys.basesys.rsystem.obj
 0001:00003390       ?s_last@?$TQuantArrayUnique@USSourceContext@core@UModSys@@$0BAA@USMemAlloc_Malloc@23@@tl@UModSys@@KAHPEBU?$TQuantArrayNode@USSourceContext@core@UModSys@@$0BAA@@23@0@Z 0000000140004390 f i umodsys_lib_basesys:umodsys.basesys.rsystem.obj
 0001:000033a0       ??$insert_node_m@P6AHPEBU?$TQuantArrayNode@USSourceContext@core@UModSys@@$0BAA@@tl@UModSys@@0@Z@?$TTreeHoldRB@U?$TQuantArrayNode@USSourceContext@core@UModSys@@$0BAA@@tl@UModSys@@@tl@UModSys@@QEAAPEAU?$TQuantArrayNode@USSourceContext@core@UModSys@@$0BAA@@12@PEAU312@P6AHPEBU312@1@Z@Z 00000001400043a0 f i umodsys_lib_basesys:umodsys.basesys.rsystem.obj
 0001:000033a0       ??$insert_node_m@P6AHPEBU?$TQuantArrayNode@USUniquePointerInfo@core@UModSys@@$0BAA@@tl@UModSys@@0@Z@?$TTreeHoldRB@U?$TQuantArrayNode@USUniquePointerInfo@core@UModSys@@$0BAA@@tl@UModSys@@@tl@UModSys@@QEAAPEAU?$TQuantArrayNode@USUniquePointerInfo@core@UModSys@@$0BAA@@12@PEAU312@P6AHPEBU312@1@Z@Z 00000001400043a0 f i umodsys_lib_basesys:umodsys.basesys.rsystem.obj
 0001:00003450       ?insert_color@?$TTreeHoldRB@U?$TQuantArrayNode@USUniquePointerInfo@core@UModSys@@$0BAA@@tl@UModSys@@@tl@UModSys@@IEAAXPEAU?$TQuantArrayNode@USUniquePointerInfo@core@UModSys@@$0BAA@@23@@Z 0000000140004450 f i umodsys_lib_basesys:umodsys.basesys.rsystem.obj
 0001:00003450       ?insert_color@?$TTreeHoldRB@U?$TQuantArrayNode@USSourceContext@core@UModSys@@$0BAA@@tl@UModSys@@@tl@UModSys@@IEAAXPEAU?$TQuantArrayNode@USSourceContext@core@UModSys@@$0BAA@@23@@Z 0000000140004450 f i umodsys_lib_basesys:umodsys.basesys.rsystem.obj
 0001:00003600       ?get_interface_info@RParameters@rsystem@base@UModSys@@UEBAAEBUSUniquePointerInfo@core@4@XZ 0000000140004600 f i umodsys_lib_basesys:umodsys.basesys.rparameters.obj
 0001:00003610       ?get_interface_type@RParameters@rsystem@base@UModSys@@UEBAPEBUSUniquePointerInfo@core@4@XZ 0000000140004610 f i umodsys_lib_basesys:umodsys.basesys.rparameters.obj
 0001:00003620       ?get_other_interface@RParameters@rsystem@base@UModSys@@UEBAPEBUIRoot@core@4@PEBUSUniquePointerInfo@64@@Z 0000000140004620 f i umodsys_lib_basesys:umodsys.basesys.rparameters.obj
 0001:00003620       ?get_other_interface@RParameters@rsystem@base@UModSys@@UEAAPEAUIRoot@core@4@PEBUSUniquePointerInfo@64@@Z 0000000140004620 f i umodsys_lib_basesys:umodsys.basesys.rparameters.obj
 0001:00003650       ?ref_add@RParameters@rsystem@base@UModSys@@UEBAXXZ 0000000140004650 f i umodsys_lib_basesys:umodsys.basesys.rparameters.obj
 0001:00003660       ?ref_remove@RParameters@rsystem@base@UModSys@@UEBAXXZ 0000000140004660 f i umodsys_lib_basesys:umodsys.basesys.rparameters.obj
 0001:00003680       ?ref_links@RParameters@rsystem@base@UModSys@@UEBAHXZ 0000000140004680 f i umodsys_lib_basesys:umodsys.basesys.rparameters.obj
 0001:00003690       ?ref_weak@RParameters@rsystem@base@UModSys@@UEBA_NAEAUWeakPointer@IRefObject@core@4@@Z 0000000140004690 f i umodsys_lib_basesys:umodsys.basesys.rparameters.obj
 0001:000036b0       ??_GRParameters@rsystem@base@UModSys@@UEAAPEAXI@Z 00000001400046b0 f i umodsys_lib_basesys:umodsys.basesys.rparameters.obj
 0001:000036b0       ??_ERParameters@rsystem@base@UModSys@@UEAAPEAXI@Z 00000001400046b0 f i  CIL library: CIL module
 0001:000036e0       ??$shash@D@su@tl@UModSys@@YAHPEBD@Z 00000001400046e0 f i umodsys_lib_basesys:umodsys.basesys.rparameters.obj
 0001:00003710       ?get_interface_info@RModule@rsystem@base@UModSys@@UEBAAEBUSUniquePointerInfo@core@4@XZ 0000000140004710 f i umodsys_lib_basesys:umodsys.basesys.rmodule.obj
 0001:00003720       ?get_interface_type@RModule@rsystem@base@UModSys@@UEBAPEBUSUniquePointerInfo@core@4@XZ 0000000140004720 f i umodsys_lib_basesys:umodsys.basesys.rmodule.obj
 0001:00003730       ?get_other_interface@RModule@rsystem@base@UModSys@@UEAAPEAUIRoot@core@4@PEBUSUniquePointerInfo@64@@Z 0000000140004730 f i umodsys_lib_basesys:umodsys.basesys.rmodule.obj
 0001:00003730       ?get_other_interface@RModule@rsystem@base@UModSys@@UEBAPEBUIRoot@core@4@PEBUSUniquePointerInfo@64@@Z 0000000140004730 f i umodsys_lib_basesys:umodsys.basesys.rmodule.obj
 0001:00003760       ?ref_add@RModule@rsystem@base@UModSys@@UEBAXXZ 0000000140004760 f i umodsys_lib_basesys:umodsys.basesys.rmodule.obj
 0001:00003770       ?ref_remove@RModule@rsystem@base@UModSys@@UEBAXXZ 0000000140004770 f i umodsys_lib_basesys:umodsys.basesys.rmodule.obj
 0001:00003790       ?ref_links@RModule@rsystem@base@UModSys@@UEBAHXZ 0000000140004790 f i umodsys_lib_basesys:umodsys.basesys.rmodule.obj
 0001:000037a0       ?ref_weak@RModule@rsystem@base@UModSys@@UEBA_NAEAUWeakPointer@IRefObject@core@4@@Z 00000001400047a0 f i umodsys_lib_basesys:umodsys.basesys.rmodule.obj
 0001:000037d0       ?suicide@RModule@rsystem@base@UModSys@@UEAAXXZ 00000001400047d0 f i umodsys_lib_basesys:umodsys.basesys.rmodule.obj
 0001:00003820       ??_GRModule@rsystem@base@UModSys@@UEAAPEAXI@Z 0000000140004820 f i umodsys_lib_basesys:umodsys.basesys.rmodule.obj
 0001:00003820       ??_ERModule@rsystem@base@UModSys@@UEAAPEAXI@Z 0000000140004820 f i  CIL library: CIL module
 0001:00003850       ??_EIModule@base@UModSys@@UEAAPEAXI@Z 0000000140004850 f i  CIL library: CIL module
 0001:00003850       ??_GIModule@base@UModSys@@UEAAPEAXI@Z 0000000140004850 f i umodsys_lib_basesys:umodsys.basesys.rmodule.obj
 0001:00003880       ??1?$TDynarrayDynamic@UModuleObjInfo@RModule@rsystem@base@UModSys@@U?$TAllocator@USMemAlloc_Malloc@core@UModSys@@USCountCalcPower2@23@@tl@5@@tl@UModSys@@QEAA@XZ 0000000140004880 f i umodsys_lib_basesys:umodsys.basesys.rmodule.obj
 0001:000038e0       ?Push@?$TDynarray@U?$TDynarrayHolderDynamic@UModuleObjInfo@RModule@rsystem@base@UModSys@@U?$TAllocator@USMemAlloc_Malloc@core@UModSys@@USCountCalcPower2@23@@tl@5@@tl@UModSys@@@tl@UModSys@@QEAA_NXZ 00000001400048e0 f i umodsys_lib_basesys:umodsys.basesys.rmodule.obj
 0001:000039a0       ??1?$TDynarrayDynamic@UGeneratedObjInfo@RModule@rsystem@base@UModSys@@U?$TAllocator@USMemAlloc_Malloc@core@UModSys@@USCountCalcPower2@23@@tl@5@@tl@UModSys@@QEAA@XZ 00000001400049a0 f i umodsys_lib_basesys:umodsys.basesys.rmodule.obj
 0001:00003a00       ??1?$TDynarrayDynamic@PEBUSUniquePointerInfo@core@UModSys@@U?$TAllocator@USMemAlloc_Malloc@core@UModSys@@USCountCalcPower2@23@@tl@3@@tl@UModSys@@QEAA@XZ 0000000140004a00 f i umodsys_lib_basesys:umodsys.basesys.rmodule.obj
 0001:00003a60       ?ResizeRel@?$TDynarray@U?$TDynarrayHolderDynamic@UModuleObjInfo@RModule@rsystem@base@UModSys@@U?$TAllocator@USMemAlloc_Malloc@core@UModSys@@USCountCalcPower2@23@@tl@5@@tl@UModSys@@@tl@UModSys@@QEAA_N_J@Z 0000000140004a60 f i umodsys_lib_basesys:umodsys.basesys.rmodule.obj
 0001:00003b50       ?ResizeRel@?$TDynarray@U?$TDynarrayHolderDynamic@UGeneratedObjInfo@RModule@rsystem@base@UModSys@@U?$TAllocator@USMemAlloc_Malloc@core@UModSys@@USCountCalcPower2@23@@tl@5@@tl@UModSys@@@tl@UModSys@@QEAA_N_J@Z 0000000140004b50 f i umodsys_lib_basesys:umodsys.basesys.rmodule.obj
 0001:00003c40       ?ResizeRel@?$TDynarray@U?$TDynarrayHolderDynamic@PEBUSUniquePointerInfo@core@UModSys@@U?$TAllocator@USMemAlloc_Malloc@core@UModSys@@USCountCalcPower2@23@@tl@3@@tl@UModSys@@@tl@UModSys@@QEAA_N_J@Z 0000000140004c40 f i umodsys_lib_basesys:umodsys.basesys.rmodule.obj
 0001:00003d00       ??$wildcmp@D@su@tl@UModSys@@YA_NPEBD0@Z 0000000140004d00 f i umodsys_lib_basesys:umodsys.basesys.rmodule.obj
 0001:00003da0       ?get_interface_info@RModuleLibrarySO@rsystem@base@UModSys@@UEBAAEBUSUniquePointerInfo@core@4@XZ 0000000140004da0 f i umodsys_lib_basesys:umodsys.basesys.rmodulelibso.obj
 0001:00003db0       ?get_interface_type@RModuleLibrarySO@rsystem@base@UModSys@@UEBAPEBUSUniquePointerInfo@core@4@XZ 0000000140004db0 f i umodsys_lib_basesys:umodsys.basesys.rmodulelibso.obj
 0001:00003dc0       ?get_other_interface@RModuleLibrarySO@rsystem@base@UModSys@@UEAAPEAUIRoot@core@4@PEBUSUniquePointerInfo@64@@Z 0000000140004dc0 f i umodsys_lib_basesys:umodsys.basesys.rmodulelibso.obj
 0001:00003dc0       ?get_other_interface@RModuleLibrarySO@rsystem@base@UModSys@@UEBAPEBUIRoot@core@4@PEBUSUniquePointerInfo@64@@Z 0000000140004dc0 f i umodsys_lib_basesys:umodsys.basesys.rmodulelibso.obj
 0001:00003e00       ?ref_add@RModuleLibrarySO@rsystem@base@UModSys@@UEBAXXZ 0000000140004e00 f i umodsys_lib_basesys:umodsys.basesys.rmodulelibso.obj
 0001:00003e10       ?ref_remove@RModuleLibrarySO@rsystem@base@UModSys@@UEBAXXZ 0000000140004e10 f i umodsys_lib_basesys:umodsys.basesys.rmodulelibso.obj
 0001:00003e30       ?ref_links@RModuleLibrarySO@rsystem@base@UModSys@@UEBAHXZ 0000000140004e30 f i umodsys_lib_basesys:umodsys.basesys.rmodulelibso.obj
 0001:00003e40       ?ref_weak@RModuleLibrarySO@rsystem@base@UModSys@@UEBA_NAEAUWeakPointer@IRefObject@core@4@@Z 0000000140004e40 f i umodsys_lib_basesys:umodsys.basesys.rmodulelibso.obj
 0001:00003e70       ?suicide@RModuleLibraryThis@rsystem@base@UModSys@@UEAAXXZ 0000000140004e70 f i umodsys_lib_basesys:umodsys.basesys.rmodulelibthis.obj
 0001:00003e70       ?suicide@RModuleLibrarySO@rsystem@base@UModSys@@UEAAXXZ 0000000140004e70 f i umodsys_lib_basesys:umodsys.basesys.rmodulelibso.obj
 0001:00003e70       ?suicide@RParameters@rsystem@base@UModSys@@UEAAXXZ 0000000140004e70 f i umodsys_lib_basesys:umodsys.basesys.rparameters.obj
 0001:00003e90       ??_ERModuleLibrarySO@rsystem@base@UModSys@@UEAAPEAXI@Z 0000000140004e90 f i  CIL library: CIL module
 0001:00003e90       ??_GRModuleLibrarySO@rsystem@base@UModSys@@UEAAPEAXI@Z 0000000140004e90 f i umodsys_lib_basesys:umodsys.basesys.rmodulelibso.obj
 0001:00003ec0       ?info_new@?$TSCoreShared@USMemAlloc_Malloc@core@UModSys@@D@su@tl@UModSys@@QEAA_NPEBD_K@Z 0000000140004ec0 f i umodsys_lib_basesys:umodsys.basesys.rmodulelibso.obj
 0001:00003f70       ?Push@?$TDynarray@U?$TDynarrayHolderDynamic@U?$TRefObject@URModuleLibrarySO@rsystem@base@UModSys@@U?$TRefObjectFunc@URModuleLibrarySO@rsystem@base@UModSys@@@tl@4@@tl@UModSys@@U?$TAllocator@USMemAlloc_Malloc@core@UModSys@@USCountCalcPower2@23@@23@@tl@UModSys@@@tl@UModSys@@QEAA_NAEBU?$TRefObject@URModuleLibrarySO@rsystem@base@UModSys@@U?$TRefObjectFunc@URModuleLibrarySO@rsystem@base@UModSys@@@tl@4@@23@@Z 0000000140004f70 f i umodsys_lib_basesys:umodsys.basesys.rmodulelibso.obj
 0001:00004030       ??_ERModuleLibraryReg_Chain@base@UModSys@@UEAAPEAXI@Z 0000000140005030 f i  CIL library: CIL module
 0001:00004030       ??_GRModuleLibraryReg_Chain@base@UModSys@@UEAAPEAXI@Z 0000000140005030 f i umodsys_lib_base:umodsys.base.moduleregchain.obj
 0001:00004060       ??_EIModuleReg@base@UModSys@@UEAAPEAXI@Z 0000000140005060 f i  CIL library: CIL module
 0001:00004060       ??_GIModuleReg@base@UModSys@@UEAAPEAXI@Z 0000000140005060 f i umodsys_lib_base:umodsys.base.modulereg.obj
 0001:00004090       ??_EIModuleLibraryReg@base@UModSys@@UEAAPEAXI@Z 0000000140005090 f i  CIL library: CIL module
 0001:00004090       ??_GIModuleLibraryReg@base@UModSys@@UEAAPEAXI@Z 0000000140005090 f i umodsys_lib_base:umodsys.base.modulereg.obj
 0001:000040c0       ?Find@?$TSet@U?$TArray@PEBUSUniquePointerInfo@core@UModSys@@@tl@UModSys@@U?$TScalarCompare@PEBUSUniquePointerInfo@core@UModSys@@@core@3@@tl@UModSys@@QEBAPEBQEBUSUniquePointerInfo@core@3@AEBQEBU453@@Z 00000001400050c0 f i umodsys_lib_core:umodsys.core.uniqueptrlist.obj
 0001:0000415c       _onexit                    000000014000515c f   MSVCRT:atonexit.obj
 0001:0000420c       atexit                     000000014000520c f   MSVCRT:atonexit.obj
 0001:000044f4       mainCRTStartup             00000001400054f4 f   MSVCRT:crtexe.obj
 0001:00004506       _purecall                  0000000140005506 f   MSVCRT:MSVCR90.dll
 0001:0000450c       ??3@YAXPEAX@Z              000000014000550c f   MSVCRT:MSVCR90.dll
 0001:00004514       ??_Etype_info@@UEAAPEAXI@Z 0000000140005514 f i MSVCRT:ti_inst.obj
 0001:0000457e       __C_specific_handler       000000014000557e f   MSVCRT:MSVCR90.dll
 0001:00004584       _unlock                    0000000140005584 f   MSVCRT:MSVCR90.dll
 0001:0000458a       __dllonexit                000000014000558a f   MSVCRT:MSVCR90.dll
 0001:00004590       _lock                      0000000140005590 f   MSVCRT:MSVCR90.dll
 0001:00004598       ?__CxxUnhandledExceptionFilter@@YAJPEAU_EXCEPTION_POINTERS@@@Z 0000000140005598 f   MSVCRT:unhandld.obj
 0001:000045dc       __CxxSetUnhandledExceptionFilter 00000001400055dc f   MSVCRT:unhandld.obj
 0001:000045f4       _amsg_exit                 00000001400055f4 f   MSVCRT:MSVCR90.dll
 0001:000045fc       _RTC_Initialize            00000001400055fc f   MSVCRT:_initsect_.obj
 0001:00004634       _RTC_Terminate             0000000140005634 f   MSVCRT:_initsect_.obj
 0001:0000466c       _XcptFilter                000000014000566c f   MSVCRT:MSVCR90.dll
 0001:00004680       _ValidateImageBase         0000000140005680 f   MSVCRT:pesect.obj
 0001:000046b0       _FindPESection             00000001400056b0 f   MSVCRT:pesect.obj
 0001:00004700       _IsNonwritableInCurrentImage 0000000140005700 f   MSVCRT:pesect.obj
 0001:00004742       _initterm                  0000000140005742 f   MSVCRT:MSVCR90.dll
 0001:00004748       _initterm_e                0000000140005748 f   MSVCRT:MSVCR90.dll
 0001:00004750       _setargv                   0000000140005750 f   MSVCRT:dllargv.obj
 0001:00004750       _matherr                   0000000140005750 f   MSVCRT:merr.obj
 0001:00004754       __security_init_cookie     0000000140005754 f   MSVCRT:gs_support.obj
 0001:00004808       ?__ArrayUnwind@@YAXPEAX_KHP6AX0@Z@Z 0000000140005808 f   MSVCRT:ehvecdtr.obj
 0001:00004854       ??_M@YAXPEAX_KHP6AX0@Z@Z   0000000140005854 f   MSVCRT:ehvecdtr.obj
 0001:000048b2       ?terminate@@YAXXZ          00000001400058b2 f   MSVCRT:MSVCR90.dll
 0001:000048b8       ??1type_info@@UEAA@XZ      00000001400058b8 f   MSVCRT:MSVCR90.dll
 0001:000048b8       ?_type_info_dtor_internal_method@type_info@@QEAAXXZ 00000001400058b8 f   MSVCRT:MSVCR90.dll
 0001:000048c0       ?gracial_convert@syshlp@core@UModSys@@YA_NPEADHPEB_WH@Z 00000001400058c0 f   umodsys_lib_core:umodsys.core.syshlp_charcode.win32.obj
 0001:00004920       ?gracial_convert@syshlp@core@UModSys@@YA_NPEA_WHPEBDH@Z 0000000140005920 f   umodsys_lib_core:umodsys.core.syshlp_charcode.win32.obj
 0001:00004970       ?path_uni_os@syshlp@core@UModSys@@YAXPEA_W@Z 0000000140005970 f   umodsys_lib_core:umodsys.core.syshlp_chars.win32.obj
 0001:000049a0       ?path_os_uni@syshlp@core@UModSys@@YAXPEAD@Z 00000001400059a0 f   umodsys_lib_core:umodsys.core.syshlp_chars.win32.obj
 0001:000049c0       ?safe_vsnprintf@syshlp@core@UModSys@@YA_KPEAD_KPEBD0@Z 00000001400059c0 f   umodsys_lib_core:umodsys.core.syshlp_chars.win32.obj
 0001:00004a00       ?gracial_cpy@syshlp@core@UModSys@@YA_NPEA_WHQEAPEB_WH@Z 0000000140005a00 f   umodsys_lib_core:umodsys.core.syshlp_chars.win32.obj
 0001:00004af0       ?gracial_cpy@syshlp@core@UModSys@@YA_NPEADHQEAPEBDH@Z 0000000140005af0 f   umodsys_lib_core:umodsys.core.syshlp_chars.win32.obj
 0001:00004bd0       ??3IRoot@core@UModSys@@SAXPEAX@Z 0000000140005bd0 f   umodsys_lib_core:umodsys.core.objects.obj
 0001:00004c10       ??3IRoot@core@UModSys@@SAXPEAXPEAUIMemAlloc@12@@Z 0000000140005c10 f   umodsys_lib_core:umodsys.core.objects.obj
 0001:00004c50       ??2IRoot@core@UModSys@@SAPEAX_KPEAUIMemAlloc@12@@Z 0000000140005c50 f   umodsys_lib_core:umodsys.core.objects.obj
 0001:00004c90       ?suicide@IRoot@core@UModSys@@UEAAXXZ 0000000140005c90 f   umodsys_lib_core:umodsys.core.objects.obj
 0001:00004cb0       ??1IRoot@core@UModSys@@UEAA@XZ 0000000140005cb0 f   umodsys_lib_core:umodsys.core.objects.obj
 0001:00004cd0       ??1IRefObject@core@UModSys@@UEAA@XZ 0000000140005cd0 f   umodsys_lib_core:umodsys.core.objects.obj
 0001:00004ce0       ?restore_console@syshlp@core@UModSys@@YAXXZ 0000000140005ce0 f   umodsys_lib_core:umodsys.core.syshlp_files.win32.obj
 0001:00004d10       ?setup_console@syshlp@core@UModSys@@YAXXZ 0000000140005d10 f   umodsys_lib_core:umodsys.core.syshlp_files.win32.obj
 0001:00004d50       ?c_fopen@syshlp@core@UModSys@@YAPEAU_iobuf@@PEBD0@Z 0000000140005d50 f   umodsys_lib_core:umodsys.core.syshlp_files.win32.obj
 0001:00004e10       ?c_fendtemp@syshlp@core@UModSys@@YA_NAEAPEAU_iobuf@@AEAPEAD_N@Z 0000000140005e10 f   umodsys_lib_core:umodsys.core.syshlp_files.win32.obj
 0001:00004f10       ?c_fopentemp@syshlp@core@UModSys@@YAPEAU_iobuf@@AEAPEADPEBD@Z 0000000140005f10 f   umodsys_lib_core:umodsys.core.syshlp_files.win32.obj
 0001:00004ff0       ?lost@core@UModSys@@YAEPEBX@Z 0000000140005ff0 f   umodsys_lib_core:umodsys.core.stdtypedefs.obj
 0001:00005000       ?s_unresolve@SUniquePointer@core@UModSys@@SAXPEAUIUniquePointerResolver@23@@Z 0000000140006000 f   umodsys_lib_core:umodsys.core.uniqueptr.obj
 0001:00005070       ?s_resolve@SUniquePointer@core@UModSys@@SAXPEAUIUniquePointerResolver@23@@Z 0000000140006070 f   umodsys_lib_core:umodsys.core.uniqueptr.obj
 0001:000050f0       ??1SUniquePointer@core@UModSys@@QEAA@XZ 00000001400060f0 f   umodsys_lib_core:umodsys.core.uniqueptr.obj
 0001:00005120       ??0SUniquePointer@core@UModSys@@QEAA@H@Z 0000000140006120 f   umodsys_lib_core:umodsys.core.uniqueptr.obj
 0001:00005150       ??0SUniquePointer@core@UModSys@@QEAA@PEBD0H@Z 0000000140006150 f   umodsys_lib_core:umodsys.core.uniqueptr.obj
 0001:000051b0       ??1SModuleInfo@base@UModSys@@QEAA@XZ 00000001400061b0 f   umodsys_lib_base:umodsys.base.moduleinfo.obj
 0001:000051c0       ??0SModuleInfo@base@UModSys@@QEAA@XZ 00000001400061c0 f   umodsys_lib_base:umodsys.base.moduleinfo.obj
 0001:000051f0       ??1IModuleLoader@base@UModSys@@UEAA@XZ 00000001400061f0 f   umodsys_lib_base:umodsys.base.moduleloader.obj
 0001:00005200       ??1SDebug@base@UModSys@@QEAA@XZ 0000000140006200 f   umodsys_lib_base:umodsys.base.debug.obj
 0001:00005230       ??0SDebug@base@UModSys@@QEAA@PEAUIConsole@12@I@Z 0000000140006230 f   umodsys_lib_base:umodsys.base.debug.obj
 0001:00005250       ??1ISystem@base@UModSys@@UEAA@XZ 0000000140006250 f   umodsys_lib_base:umodsys.base.system.obj
 0001:00005260       ??1IModuleLibraryReg@base@UModSys@@UEAA@XZ 0000000140006260 f   umodsys_lib_base:umodsys.base.modulereg.obj
 0001:00005280       ??0IModuleLibraryReg@base@UModSys@@QEAA@XZ 0000000140006280 f   umodsys_lib_base:umodsys.base.modulereg.obj
 0001:000052a0       ?mr_close@IModuleReg@base@UModSys@@UEAA_NXZ 00000001400062a0 f   umodsys_lib_base:umodsys.base.modulereg.obj
 0001:000052c0       ?mr_open@IModuleReg@base@UModSys@@UEAA_NXZ 00000001400062c0 f   umodsys_lib_base:umodsys.base.modulereg.obj
 0001:000052f0       ?mr_isopen@IModuleReg@base@UModSys@@UEBA_NXZ 00000001400062f0 f   umodsys_lib_base:umodsys.base.modulereg.obj
 0001:00005300       ??1IModuleReg@base@UModSys@@UEAA@XZ 0000000140006300 f   umodsys_lib_base:umodsys.base.modulereg.obj
 0001:00005320       ??0IModuleReg@base@UModSys@@QEAA@XZ 0000000140006320 f   umodsys_lib_base:umodsys.base.modulereg.obj
 0001:00005360       UModSys_Plugin_Entry2      0000000140006360 f   umodsys_lib_base:umodsys.so_main.win32.obj
 0001:00005370       ??1RModuleLibraryReg_Chain@base@UModSys@@UEAA@XZ 0000000140006370 f   umodsys_lib_base:umodsys.base.moduleregchain.obj
 0001:00005390       ??0RModuleLibraryReg_Chain@base@UModSys@@QEAA@XZ 0000000140006390 f   umodsys_lib_base:umodsys.base.moduleregchain.obj
 0001:000053c0       ?s_get@SModuleRegChain@base@UModSys@@SAPEAUIModuleReg@23@_K@Z 00000001400063c0 f   umodsys_lib_base:umodsys.base.moduleregchain.obj
 0001:00005400       ??1SModuleRegChain@base@UModSys@@QEAA@XZ 0000000140006400 f   umodsys_lib_base:umodsys.base.moduleregchain.obj
 0001:00005430       ??0SModuleRegChain@base@UModSys@@QEAA@AEAUIModuleReg@12@@Z 0000000140006430 f   umodsys_lib_base:umodsys.base.moduleregchain.obj
 0001:00005490       ?mlr_isopen@RModuleLibraryReg_Chain@base@UModSys@@UEBA_NXZ 0000000140006490 f   umodsys_lib_base:umodsys.base.moduleregchain.obj
 0001:000054b0       ?mlr_close@RModuleLibraryReg_Chain@base@UModSys@@UEAA_NXZ 00000001400064b0 f   umodsys_lib_base:umodsys.base.moduleregchain.obj
 0001:000054f0       ?mlr_open@RModuleLibraryReg_Chain@base@UModSys@@UEAA_NPEAUISystem@23@PEAUIMemAlloc@core@3@@Z 00000001400064f0 f   umodsys_lib_base:umodsys.base.moduleregchain.obj
 0001:00005530       ?mlr_get@RModuleLibraryReg_Chain@base@UModSys@@UEBAPEAUIModuleReg@23@_K@Z 0000000140006530 f   umodsys_lib_base:umodsys.base.moduleregchain.obj
 0001:00005540       ?mlr_count@RModuleLibraryReg_Chain@base@UModSys@@UEBA_KXZ 0000000140006540 f   umodsys_lib_base:umodsys.base.moduleregchain.obj
 0001:00005580       ??0SModuleRegChain@base@UModSys@@QEAA@H@Z 0000000140006580 f   umodsys_lib_base:umodsys.base.moduleregchain.obj
 0001:000055a0       ?unlink@SMemorySharedData@core@UModSys@@QEAAXPEBUSSourceContext@23@@Z 00000001400065a0 f   umodsys_lib_base:umodsys.base.modulecontext.obj
 0001:000055d0       ?link@SMemorySharedData@core@UModSys@@QEAAXPEBUSSourceContext@23@@Z 00000001400065d0 f   umodsys_lib_base:umodsys.base.modulecontext.obj
 0001:000055e0       ?Link@SModuleContext@base@UModSys@@QEAAXPEAUISystem@23@PEAUIMemAlloc@core@3@@Z 00000001400065e0 f   umodsys_lib_base:umodsys.base.modulecontext.obj
 0001:00005640       ??1SModuleContext@base@UModSys@@QEAA@XZ 0000000140006640 f   umodsys_lib_base:umodsys.base.modulecontext.obj
 0001:00005650       ?get_paramworker@SParameters@core@UModSys@@KAPEAUIParameters@23@XZ 0000000140006650 f   umodsys_lib_base:umodsys.base.modulecontext.obj
 0001:00005670       ?local_memory@UModSys@@YAAEBUSIMemAlloc@core@1@XZ 0000000140006670 f   umodsys_lib_base:umodsys.base.modulecontext.obj
 0001:00005680       ??0SModuleContext@base@UModSys@@QEAA@XZ 0000000140006680 f   umodsys_lib_base:umodsys.base.modulecontext.obj
 0001:000056b0       ?new_data@SMemorySharedData@core@UModSys@@SAPEAU123@_KPEBUSSourceContext@23@@Z 00000001400066b0 f   umodsys_lib_base:umodsys.base.modulecontext.obj
 0001:00005710       ?uni_close@RModuleLibrarySO@rsystem@base@UModSys@@UEAA_NXZ 0000000140006710 f   umodsys_lib_basesys:umodsys.basesys.rmodulelibso.obj
 0001:00005730       ?uni_open@RModuleLibrarySO@rsystem@base@UModSys@@UEAA_NXZ 0000000140006730 f   umodsys_lib_basesys:umodsys.basesys.rmodulelibso.obj
 0001:00005780       ?s_find_dup@RModuleLibrarySO@rsystem@base@UModSys@@SA_KAEBU?$TDynarrayDynamic@U?$TRefObject@URModuleLibrarySO@rsystem@base@UModSys@@U?$TRefObjectFunc@URModuleLibrarySO@rsystem@base@UModSys@@@tl@4@@tl@UModSys@@U?$TAllocator@USMemAlloc_Malloc@core@UModSys@@USCountCalcPower2@23@@23@@tl@4@PEAUIModuleLibraryReg@34@@Z 0000000140006780 f   umodsys_lib_basesys:umodsys.basesys.rmodulelibso.obj
 0001:000057c0       ??0RModuleLibrarySO@rsystem@base@UModSys@@QEAA@PEAUISystem@23@PEAUPFD_Data@0123@PEAUIModuleLibraryReg@23@@Z 00000001400067c0 f   umodsys_lib_basesys:umodsys.basesys.rmodulelibso.obj
 0001:00005830       ??1RModuleLibrarySO@rsystem@base@UModSys@@UEAA@XZ 0000000140006830 f   umodsys_lib_basesys:umodsys.basesys.rmodulelibso.obj
 0001:00005880       ?uni_unload@RModuleLibrarySO@rsystem@base@UModSys@@UEAA_NXZ 0000000140006880 f   umodsys_lib_basesys:umodsys.basesys.rmodulelibso.obj
 0001:000058a0       ?uni_load@RModuleLibrarySO@rsystem@base@UModSys@@UEAA_NXZ 00000001400068a0 f   umodsys_lib_basesys:umodsys.basesys.rmodulelibso.obj
 0001:000058f0       ?s_add@RModuleLibrarySO@rsystem@base@UModSys@@SA_NPEAUISystem@34@AEAU?$TDynarrayDynamic@U?$TRefObject@URModuleLibrarySO@rsystem@base@UModSys@@U?$TRefObjectFunc@URModuleLibrarySO@rsystem@base@UModSys@@@tl@4@@tl@UModSys@@U?$TAllocator@USMemAlloc_Malloc@core@UModSys@@USCountCalcPower2@23@@23@@tl@4@PEBD@Z 00000001400068f0 f   umodsys_lib_basesys:umodsys.basesys.rmodulelibso.obj
 0001:00005ab0       ?scan@RModule@rsystem@base@UModSys@@QEAA_NXZ 0000000140006ab0 f   umodsys_lib_basesys:umodsys.basesys.rmodule.obj
 0001:00005af0       ?mod_findobjname@RModule@rsystem@base@UModSys@@UEAA_KPEBUSUniquePointerInfo@core@4@QEAPEBU564@_KPEBD@Z 0000000140006af0 f   umodsys_lib_basesys:umodsys.basesys.rmodule.obj
 0001:00005c90       ?is_open@RModule@rsystem@base@UModSys@@UEBA_NXZ 0000000140006c90 f   umodsys_lib_basesys:umodsys.basesys.rmodule.obj
 0001:00005cc0       ?get_info@RModule@rsystem@base@UModSys@@UEBAAEBUSModuleInfo@34@XZ 0000000140006cc0 f   umodsys_lib_basesys:umodsys.basesys.rmodule.obj
 0001:00005cd0       ?get_library@RModule@rsystem@base@UModSys@@UEBAPEAUIModuleLibrary@34@XZ 0000000140006cd0 f   umodsys_lib_basesys:umodsys.basesys.rmodule.obj
 0001:00005ce0       ??1RModule@rsystem@base@UModSys@@UEAA@XZ 0000000140006ce0 f   umodsys_lib_basesys:umodsys.basesys.rmodule.obj
 0001:00005e10       ?unreg_obj@RModule@rsystem@base@UModSys@@QEAA_NPEAUIModObject@34@@Z 0000000140006e10 f   umodsys_lib_basesys:umodsys.basesys.rmodule.obj
 0001:00005f40       ?reg_generator@RModule@rsystem@base@UModSys@@QEAA_NPEAUModuleObjInfo@1234@PEAUIGenerator@34@@Z 0000000140006f40 f   umodsys_lib_basesys:umodsys.basesys.rmodule.obj
 0001:00006180       ?save_db@RModule@rsystem@base@UModSys@@QEAA_NPEAU_iobuf@@@Z 0000000140007180 f   umodsys_lib_basesys:umodsys.basesys.rmodule.obj
 0001:000063e0       ?alloc_minfo@RModule@rsystem@base@UModSys@@QEAA_NAEBUSModuleInfo@34@@Z 00000001400073e0 f   umodsys_lib_basesys:umodsys.basesys.rmodule.obj
 0001:000064b0       ?reg_obj@RModule@rsystem@base@UModSys@@QEAAPEAUModuleObjInfo@1234@PEAUIModObject@34@@Z 00000001400074b0 f   umodsys_lib_basesys:umodsys.basesys.rmodule.obj
 0001:00006650       ?mod_generate@RModule@rsystem@base@UModSys@@UEAA_NAEAU?$TRefObject@UIRefObject@core@UModSys@@U?$TRefObjectFunc@UIRefObject@core@UModSys@@@tl@3@@tl@4@PEBUSUniquePointerInfo@core@4@AEBUSParameters@84@@Z 0000000140007650 f   umodsys_lib_basesys:umodsys.basesys.rmodule.obj
 0001:000067c0       ?reg@RModule@rsystem@base@UModSys@@UEAA_NPEAUIGenerator@34@_N@Z 00000001400077c0 f   umodsys_lib_basesys:umodsys.basesys.rmodule.obj
 0001:00006830       ?reg@RModule@rsystem@base@UModSys@@UEAA_NPEAUIModObject@34@_N@Z 0000000140007830 f   umodsys_lib_basesys:umodsys.basesys.rmodule.obj
 0001:00006860       ?close@RModule@rsystem@base@UModSys@@UEAA_NXZ 0000000140007860 f   umodsys_lib_basesys:umodsys.basesys.rmodule.obj
 0001:000068d0       ?open@RModule@rsystem@base@UModSys@@UEAA_NXZ 00000001400078d0 f   umodsys_lib_basesys:umodsys.basesys.rmodule.obj
 0001:00006960       ??0RModule@rsystem@base@UModSys@@QEAA@PEAUIModuleLibraryUni@123@PEAUIModuleReg@23@@Z 0000000140007960 f   umodsys_lib_basesys:umodsys.basesys.rmodule.obj
 0001:00006a40       ?pfd_init@RModuleLibrarySO@rsystem@base@UModSys@@SA_NPEAUPFD_Data@1234@@Z 0000000140007a40 f   umodsys_lib_basesys:umodsys.basesys.rmodule.win32.obj
 0001:00006b20       ?pfd_init@RModuleLibrarySO@rsystem@base@UModSys@@SA_NPEAUPFD_Data@1234@0@Z 0000000140007b20 f   umodsys_lib_basesys:umodsys.basesys.rmodule.win32.obj
 0001:00006b50       ?pfd_unload@RModuleLibrarySO@rsystem@base@UModSys@@SA_NPEAUPFD_Data@1234@@Z 0000000140007b50 f   umodsys_lib_basesys:umodsys.basesys.rmodule.win32.obj
 0001:00006bb0       ?pfd_load@RModuleLibrarySO@rsystem@base@UModSys@@SAPEAUIModuleLibraryReg@34@PEAUPFD_Data@1234@AEBU?$TString@U?$TSCoreConst@D@su@tl@UModSys@@U?$TComparerBinaryHash@D@234@@tl@4@@Z 0000000140007bb0 f   umodsys_lib_basesys:umodsys.basesys.rmodule.win32.obj
 0001:00007070       ?pfd_scan@RModuleLibrarySO@rsystem@base@UModSys@@SA_KPEAUISystem@34@AEAU?$TDynarrayDynamic@U?$TRefObject@URModuleLibrarySO@rsystem@base@UModSys@@U?$TRefObjectFunc@URModuleLibrarySO@rsystem@base@UModSys@@@tl@4@@tl@UModSys@@U?$TAllocator@USMemAlloc_Malloc@core@UModSys@@USCountCalcPower2@23@@23@@tl@4@AEBU?$TString@U?$TSCoreConst@D@su@tl@UModSys@@U?$TComparerBinaryHash@D@234@@74@@Z 0000000140008070 f   umodsys_lib_basesys:umodsys.basesys.rmodule.win32.obj
 0001:000071a0       ?estimate_size@RParameters@rsystem@base@UModSys@@IEAAHAEAUElem@1234@HPEBDHH@Z 00000001400081a0 f   umodsys_lib_basesys:umodsys.basesys.rparameters.obj
 0001:00007230       ??0RParameters@rsystem@base@UModSys@@QEAA@PEAUISystem@23@@Z 0000000140008230 f   umodsys_lib_basesys:umodsys.basesys.rparameters.obj
 0001:00007270       ?p_init_s@RParameters@rsystem@base@UModSys@@UEAAXPEAUSParametersData@core@4@PEAXH@Z 0000000140008270 f   umodsys_lib_basesys:umodsys.basesys.rparameters.obj
 0001:000072c0       ??1RParameters@rsystem@base@UModSys@@UEAA@XZ 00000001400082c0 f   umodsys_lib_basesys:umodsys.basesys.rparameters.obj
 0001:000072e0       ?next@RParameters@rsystem@base@UModSys@@UEAA_NPEBUSParametersData@core@4@AEAPEBD@Z 00000001400082e0 f   umodsys_lib_basesys:umodsys.basesys.rparameters.obj
 0001:00007400       ?p_init@RParameters@rsystem@base@UModSys@@UEAAXPEAUSParametersData@core@4@H@Z 0000000140008400 f   umodsys_lib_basesys:umodsys.basesys.rparameters.obj
 0001:000074c0       ?alloc_elems@RParameters@rsystem@base@UModSys@@IEAAXPEAXH@Z 00000001400084c0 f   umodsys_lib_basesys:umodsys.basesys.rparameters.obj
 0001:00007550       ?free_elems@RParameters@rsystem@base@UModSys@@IEAAXPEAXH@Z 0000000140008550 f   umodsys_lib_basesys:umodsys.basesys.rparameters.obj
 0001:00007600       ?get_last@RParameters@rsystem@base@UModSys@@IEAAPEAUElem@1234@PEAXHHH@Z 0000000140008600 f   umodsys_lib_basesys:umodsys.basesys.rparameters.obj
 0001:00007670       ?find_elem@RParameters@rsystem@base@UModSys@@IEAAPEBUElem@1234@PEBXHHHPEBD@Z 0000000140008670 f   umodsys_lib_basesys:umodsys.basesys.rparameters.obj
 0001:00007740       ?get@RParameters@rsystem@base@UModSys@@UEAA_NPEBUSParametersData@core@4@PEBDAEAPEAUIRefObject@64@@Z 0000000140008740 f   umodsys_lib_basesys:umodsys.basesys.rparameters.obj
 0001:000077e0       ?get@RParameters@rsystem@base@UModSys@@UEAA_NPEBUSParametersData@core@4@PEBDAEAN@Z 00000001400087e0 f   umodsys_lib_basesys:umodsys.basesys.rparameters.obj
 0001:00007880       ?get@RParameters@rsystem@base@UModSys@@UEAA_NPEBUSParametersData@core@4@PEBDAEAH@Z 0000000140008880 f   umodsys_lib_basesys:umodsys.basesys.rparameters.obj
 0001:00007920       ?get@RParameters@rsystem@base@UModSys@@UEAA_NPEBUSParametersData@core@4@PEBDAEAPEBD@Z 0000000140008920 f   umodsys_lib_basesys:umodsys.basesys.rparameters.obj
 0001:000079c0       ?next@RParameters@rsystem@base@UModSys@@UEAA_NPEBUSParametersData@core@4@AEAU?$TString@U?$TSCoreConst@D@su@tl@UModSys@@U?$TComparerBinaryHash@D@234@@tl@4@@Z 00000001400089c0 f   umodsys_lib_basesys:umodsys.basesys.rparameters.obj
 0001:00007b00       ?p_init_s@RParameters@rsystem@base@UModSys@@UEAAXPEAUSParametersData@core@4@AEBU564@PEAXH@Z 0000000140008b00 f   umodsys_lib_basesys:umodsys.basesys.rparameters.obj
 0001:00007b90       ?p_copy@RParameters@rsystem@base@UModSys@@UEAAXPEAUSParametersData@core@4@AEBU564@@Z 0000000140008b90 f   umodsys_lib_basesys:umodsys.basesys.rparameters.obj
 0001:00007d10       ?p_init@RParameters@rsystem@base@UModSys@@UEAAXPEAUSParametersData@core@4@AEBU564@@Z 0000000140008d10 f   umodsys_lib_basesys:umodsys.basesys.rparameters.obj
 0001:00007e20       ?p_deinit@RParameters@rsystem@base@UModSys@@UEAAXPEAUSParametersData@core@4@@Z 0000000140008e20 f   umodsys_lib_basesys:umodsys.basesys.rparameters.obj
 0001:00007ea0       ?add_last@RParameters@rsystem@base@UModSys@@IEAA_NPEAUSParametersData@core@4@PEBDPEBXH@Z 0000000140008ea0 f   umodsys_lib_basesys:umodsys.basesys.rparameters.obj
 0001:00008100       ?add@RParameters@rsystem@base@UModSys@@UEAA_NPEAUSParametersData@core@4@PEBDPEAUIRefObject@64@@Z 0000000140009100 f   umodsys_lib_basesys:umodsys.basesys.rparameters.obj
 0001:00008130       ?add@RParameters@rsystem@base@UModSys@@UEAA_NPEAUSParametersData@core@4@PEBDAEBN@Z 0000000140009130 f   umodsys_lib_basesys:umodsys.basesys.rparameters.obj
 0001:00008150       ?add@RParameters@rsystem@base@UModSys@@UEAA_NPEAUSParametersData@core@4@PEBDH@Z 0000000140009150 f   umodsys_lib_basesys:umodsys.basesys.rparameters.obj
 0001:00008180       ?add@RParameters@rsystem@base@UModSys@@UEAA_NPEAUSParametersData@core@4@PEBD1@Z 0000000140009180 f   umodsys_lib_basesys:umodsys.basesys.rparameters.obj
 0001:000081a0       ?get_sca@RSystem@rsystem@base@UModSys@@UEAAPEAUISourceContextAdapter@core@4@XZ 00000001400091a0 f   umodsys_lib_basesys:umodsys.basesys.rsystem.obj
 0001:000081c0       ?get_upr@RSystem@rsystem@base@UModSys@@UEAAPEAUIUniquePointerResolver@core@4@XZ 00000001400091c0 f   umodsys_lib_basesys:umodsys.basesys.rsystem.obj
 0001:000081e0       ?get_modloader@RSystem@rsystem@base@UModSys@@UEAAPEAUIModuleLoader@34@XZ 00000001400091e0 f   umodsys_lib_basesys:umodsys.basesys.rsystem.obj
 0001:000081f0       ?get_syslib@RSystem@rsystem@base@UModSys@@UEAAPEAUIModuleLibrary@34@XZ 00000001400091f0 f   umodsys_lib_basesys:umodsys.basesys.rsystem.obj
 0001:00008200       ?get_sharemem@RSystem@rsystem@base@UModSys@@UEAAPEAUIMemAlloc@core@4@XZ 0000000140009200 f   umodsys_lib_basesys:umodsys.basesys.rsystem.obj
 0001:00008210       ?get_sysmem@RSystem@rsystem@base@UModSys@@UEAAPEAUIMemAlloc@core@4@XZ 0000000140009210 f   umodsys_lib_basesys:umodsys.basesys.rsystem.obj
 0001:00008220       ?get_console@RSystem@rsystem@base@UModSys@@UEAAPEAUIConsole@34@XZ 0000000140009220 f   umodsys_lib_basesys:umodsys.basesys.rsystem.obj
 0001:00008230       ?get_params@RSystem@rsystem@base@UModSys@@UEAAPEAUIParameters@core@4@XZ 0000000140009230 f   umodsys_lib_basesys:umodsys.basesys.rsystem.obj
 0001:00008240       ?upi_remove@RSystem@rsystem@base@UModSys@@UEAAHPEBUSUniquePointerInfo@core@4@@Z 0000000140009240 f   umodsys_lib_basesys:umodsys.basesys.rsystem.obj
 0001:00008250       ?persist_ctx@RSystem@rsystem@base@UModSys@@UEAAPEBUSSourceContext@core@4@PEBU564@@Z 0000000140009250 f   umodsys_lib_basesys:umodsys.basesys.rsystem.obj
 0001:00008350       ?upi_add@RSystem@rsystem@base@UModSys@@UEAAPEBUSUniquePointerInfo@core@4@PEBU564@@Z 0000000140009350 f   umodsys_lib_basesys:umodsys.basesys.rsystem.obj
 0001:00008450       ?lib_unload@IModuleLibraryUni@rsystem@base@UModSys@@UEAA_NXZ 0000000140009450 f   umodsys_lib_basesys:umodsys.basesys.rmodulelib.obj
 0001:00008470       ?lib_loaded@IModuleLibraryUni@rsystem@base@UModSys@@UEBA_NXZ 0000000140009470 f   umodsys_lib_basesys:umodsys.basesys.rmodulelib.obj
 0001:00008480       ?get_system@IModuleLibraryUni@rsystem@base@UModSys@@UEBAPEAUISystem@34@XZ 0000000140009480 f   umodsys_lib_basesys:umodsys.basesys.rmodulelib.obj
 0001:00008490       ?get_privmem@IModuleLibraryUni@rsystem@base@UModSys@@UEBAPEAUIMemAlloc@core@4@XZ 0000000140009490 f   umodsys_lib_basesys:umodsys.basesys.rmodulelib.obj
 0001:000084a0       ?unlink@IModuleLibraryUni@rsystem@base@UModSys@@QEAA_NXZ 00000001400094a0 f   umodsys_lib_basesys:umodsys.basesys.rmodulelib.obj
 0001:00008510       ?lib_generate@IModuleLibraryUni@rsystem@base@UModSys@@UEAA_NAEAU?$TRefObject@UIRefObject@core@UModSys@@U?$TRefObjectFunc@UIRefObject@core@UModSys@@@tl@3@@tl@4@PEBUSUniquePointerInfo@core@4@AEBUSParameters@84@@Z 0000000140009510 f   umodsys_lib_basesys:umodsys.basesys.rmodulelib.obj
 0001:000085a0       ?lib_findobjname@IModuleLibraryUni@rsystem@base@UModSys@@UEAA_KPEBUSUniquePointerInfo@core@4@QEAPEBU564@_KPEBD@Z 00000001400095a0 f   umodsys_lib_basesys:umodsys.basesys.rmodulelib.obj
 0001:00008660       ?lib_free@IModuleLibraryUni@rsystem@base@UModSys@@UEAA_NXZ 0000000140009660 f   umodsys_lib_basesys:umodsys.basesys.rmodulelib.obj
 0001:00008690       ?get_module@IModuleLibraryUni@rsystem@base@UModSys@@UEBAPEAUIModule@34@_K@Z 0000000140009690 f   umodsys_lib_basesys:umodsys.basesys.rmodulelib.obj
 0001:000086b0       ?get_module_count@IModuleLibraryUni@rsystem@base@UModSys@@UEBA_KXZ 00000001400096b0 f   umodsys_lib_basesys:umodsys.basesys.rmodulelib.obj
[...]
 0001:0000aab0       ?dtor$0@?0???0RModule@rsystem@base@UModSys@@QEAA@PEAUIModuleLibraryUni@123@PEAUIModuleReg@23@@Z@4HA 000000014000bab0 f    CIL library: CIL module
 0001:0000aad0       ?dtor$1@?0???0RModule@rsystem@base@UModSys@@QEAA@PEAUIModuleLibraryUni@123@PEAUIModuleReg@23@@Z@4HA 000000014000bad0 f    CIL library: CIL module
 0001:0000aaf0       ?dtor$2@?0???0RModule@rsystem@base@UModSys@@QEAA@PEAUIModuleLibraryUni@123@PEAUIModuleReg@23@@Z@4HA 000000014000baf0 f    CIL library: CIL module
 0001:0000ab10       ?dtor$3@?0???0RModule@rsystem@base@UModSys@@QEAA@PEAUIModuleLibraryUni@123@PEAUIModuleReg@23@@Z@4HA 000000014000bb10 f    CIL library: CIL module
 0001:0000ab40       ?dtor$0@?0??link@IModuleLibraryUni@rsystem@base@UModSys@@QEAA_NXZ@4HA 000000014000bb40 f    CIL library: CIL module
 0001:0000ab70       ?dtor$0@?0??exec_test_shells@RSystem@rsystem@base@UModSys@@QEAA_NXZ@4HA 000000014000bb70 f    CIL library: CIL module
 0001:0000ab90       ?dtor$1@?0??exec_test_shells@RSystem@rsystem@base@UModSys@@QEAA_NXZ@4HA 000000014000bb90 f    CIL library: CIL module
 0001:0000abb0       ?dtor$3@?0??exec_test_shells@RSystem@rsystem@base@UModSys@@QEAA_NXZ@4HA 000000014000bbb0 f    CIL library: CIL module
 0001:0000abe0       ?dtor$1@?0??s_add@RModuleLibrarySO@rsystem@base@UModSys@@SA_NPEAUISystem@34@AEAU?$TDynarrayDynamic@U?$TRefObject@URModuleLibrarySO@rsystem@base@UModSys@@U?$TRefObjectFunc@URModuleLibrarySO@rsystem@base@UModSys@@@tl@4@@tl@UModSys@@U?$TAllocator@USMemAlloc_Malloc@core@UModSys@@USCountCalcPower2@23@@23@@tl@4@PEBD@Z@4HA 000000014000bbe0 f    CIL library: CIL module
 0001:0000ac00       ?dtor$0@?0???0RStreamWriter_FILE@stdio@media@modules@UModSys@@QEAA@PEAUIModObject@base@4@PEBD_N@Z@4HA 000000014000bc00 f    CIL library: CIL module
 0001:0000ac00       ?dtor$0@?0???0RStreamReader_FILE@stdio@media@modules@UModSys@@QEAA@PEAUIModObject@base@4@AEBUSParameters@core@4@@Z@4HA 000000014000bc00 f    CIL library: CIL module
 0001:0000ac20       ?dtor$0@?0??save_writer@RDataArchiver_OsDir@stdio@media@modules@UModSys@@UEAA?AU?$TRefObject@UIStreamWriter@libmedia@UModSys@@U?$TRefObjectFunc@UIStreamWriter@libmedia@UModSys@@@tl@3@@tl@5@AEBU?$TString@U?$TSCoreConst@D@su@tl@UModSys@@U?$TComparerBinaryHash@D@234@@75@AEBUSFlags@libmedia@5@@Z@4HA 000000014000bc20 f    CIL library: CIL module
 0001:0000ac50       ?dtor$1@?0??save_writer@RDataArchiver_OsDir@stdio@media@modules@UModSys@@UEAA?AU?$TRefObject@UIStreamWriter@libmedia@UModSys@@U?$TRefObjectFunc@UIStreamWriter@libmedia@UModSys@@@tl@3@@tl@5@AEBU?$TString@U?$TSCoreConst@D@su@tl@UModSys@@U?$TComparerBinaryHash@D@234@@75@AEBUSFlags@libmedia@5@@Z@4HA 000000014000bc50 f    CIL library: CIL module
 0001:0000ac70       ?dtor$2@?0??save_writer@RDataArchiver_OsDir@stdio@media@modules@UModSys@@UEAA?AU?$TRefObject@UIStreamWriter@libmedia@UModSys@@U?$TRefObjectFunc@UIStreamWriter@libmedia@UModSys@@@tl@3@@tl@5@AEBU?$TString@U?$TSCoreConst@D@su@tl@UModSys@@U?$TComparerBinaryHash@D@234@@75@AEBUSFlags@libmedia@5@@Z@4HA 000000014000bc70 f    CIL library: CIL module
 0001:0000ac90       ?dtor$0@?0??save_data@RDataArchiver_OsDir@stdio@media@modules@UModSys@@UEAA_NAEBU?$TString@U?$TSCoreConst@D@su@tl@UModSys@@U?$TComparerBinaryHash@D@234@@tl@5@AEBUSCMem@core@5@AEBUSFlags@libmedia@5@@Z@4HA 000000014000bc90 f    CIL library: CIL module
 0001:0000acb0       ?dtor$1@?0??save_data@RDataArchiver_OsDir@stdio@media@modules@UModSys@@UEAA_NAEBU?$TString@U?$TSCoreConst@D@su@tl@UModSys@@U?$TComparerBinaryHash@D@234@@tl@5@AEBUSCMem@core@5@AEBUSFlags@libmedia@5@@Z@4HA 000000014000bcb0 f    CIL library: CIL module
 0001:0000acd0       ?dtor$0@?0??load_reader@RDataArchiver_OsDir@stdio@media@modules@UModSys@@UEAA?AU?$TRefObject@UIStreamReader@libmedia@UModSys@@U?$TRefObjectFunc@UIStreamReader@libmedia@UModSys@@@tl@3@@tl@5@AEBU?$TString@U?$TSCoreConst@D@su@tl@UModSys@@U?$TComparerBinaryHash@D@234@@75@AEBUSFlags@libmedia@5@@Z@4HA 000000014000bcd0 f    CIL library: CIL module
 0001:0000ad00       ?dtor$1@?0??load_reader@RDataArchiver_OsDir@stdio@media@modules@UModSys@@UEAA?AU?$TRefObject@UIStreamReader@libmedia@UModSys@@U?$TRefObjectFunc@UIStreamReader@libmedia@UModSys@@@tl@3@@tl@5@AEBU?$TString@U?$TSCoreConst@D@su@tl@UModSys@@U?$TComparerBinaryHash@D@234@@75@AEBUSFlags@libmedia@5@@Z@4HA 000000014000bd00 f    CIL library: CIL module
 0001:0000ad20       ?dtor$2@?0??load_reader@RDataArchiver_OsDir@stdio@media@modules@UModSys@@UEAA?AU?$TRefObject@UIStreamReader@libmedia@UModSys@@U?$TRefObjectFunc@UIStreamReader@libmedia@UModSys@@@tl@3@@tl@5@AEBU?$TString@U?$TSCoreConst@D@su@tl@UModSys@@U?$TComparerBinaryHash@D@234@@75@AEBUSFlags@libmedia@5@@Z@4HA 000000014000bd20 f    CIL library: CIL module
 0001:0000ad40       ?dtor$0@?0??load_data@RDataArchiver_OsDir@stdio@media@modules@UModSys@@UEAA_NAEBU?$TString@U?$TSCoreConst@D@su@tl@UModSys@@U?$TComparerBinaryHash@D@234@@tl@5@AEAUSCMemShared@core@5@AEBUSFlags@libmedia@5@@Z@4HA 000000014000bd40 f    CIL library: CIL module
 0001:0000ad60       ?dtor$1@?0??load_data@RDataArchiver_OsDir@stdio@media@modules@UModSys@@UEAA_NAEBU?$TString@U?$TSCoreConst@D@su@tl@UModSys@@U?$TComparerBinaryHash@D@234@@tl@5@AEAUSCMemShared@core@5@AEBUSFlags@libmedia@5@@Z@4HA 000000014000bd60 f    CIL library: CIL module
 0001:0000ad80       ?dtor$2@?0??load_data@RDataArchiver_OsDir@stdio@media@modules@UModSys@@UEAA_NAEBU?$TString@U?$TSCoreConst@D@su@tl@UModSys@@U?$TComparerBinaryHash@D@234@@tl@5@AEAUSCMemShared@core@5@AEBUSFlags@libmedia@5@@Z@4HA 000000014000bd80 f    CIL library: CIL module
 0001:0000ada0       ?dtor$0@?0???0RDataArchiver_OsDir@stdio@media@modules@UModSys@@QEAA@PEAUIModObject@base@4@AEBUSParameters@core@4@U?$TFlags4State@USMediaFlagUid@libmedia@UModSys@@I@tl@4@@Z@4HA 000000014000bda0 f    CIL library: CIL module
 0001:0000adc0       ?dtor$1@?0???0RDataArchiver_OsDir@stdio@media@modules@UModSys@@QEAA@PEAUIModObject@base@4@AEBUSParameters@core@4@U?$TFlags4State@USMediaFlagUid@libmedia@UModSys@@I@tl@4@@Z@4HA 000000014000bdc0 f    CIL library: CIL module
 0001:0000ade0       ?dtor$0@?0???_GRStreamWriter_FILE@stdio@media@modules@UModSys@@UEAAPEAXI@Z@4HA 000000014000bde0 f    CIL library: CIL module
 0001:0000ade0       ?dtor$0@?0???0RStreamReader_FILE@stdio@media@modules@UModSys@@QEAA@PEAUIModObject@base@4@PEBD@Z@4HA 000000014000bde0 f    CIL library: CIL module
 0001:0000ade0       ?dtor$0@?0???0RStreamWriter_FILE@stdio@media@modules@UModSys@@QEAA@PEAUIModObject@base@4@AEBUSParameters@core@4@@Z@4HA 000000014000bde0 f    CIL library: CIL module
 0001:0000ade0       ?dtor$0@?0???_GRDataArchiver_OsDir@stdio@media@modules@UModSys@@UEAAPEAXI@Z@4HA 000000014000bde0 f    CIL library: CIL module
 0001:0000ae00       ?dtor$0@?0??generate@RGenerator@stdio@media@modules@UModSys@@UEAA_NAEAU?$TRefObject@UIRefObject@core@UModSys@@U?$TRefObjectFunc@UIRefObject@core@UModSys@@@tl@3@@tl@5@PEBUSUniquePointerInfo@core@5@AEBUSParameters@95@@Z@4HA 000000014000be00 f    CIL library: CIL module
 0001:0000ae20       ?dtor$1@?0??generate@RGenerator@stdio@media@modules@UModSys@@UEAA_NAEAU?$TRefObject@UIRefObject@core@UModSys@@U?$TRefObjectFunc@UIRefObject@core@UModSys@@@tl@3@@tl@5@PEBUSUniquePointerInfo@core@5@AEBUSParameters@95@@Z@4HA 000000014000be20 f    CIL library: CIL module
 0001:0000ae40       ?dtor$2@?0??generate@RGenerator@stdio@media@modules@UModSys@@UEAA_NAEAU?$TRefObject@UIRefObject@core@UModSys@@U?$TRefObjectFunc@UIRefObject@core@UModSys@@@tl@3@@tl@5@PEBUSUniquePointerInfo@core@5@AEBUSParameters@95@@Z@4HA 000000014000be40 f    CIL library: CIL module
 0001:0000ae60       ?dtor$0@?0??mem_free@?$TRMemAlloc_CC@U?$TMemAllocHeader@USMagic@mem_headers@rsystem@base@UModSys@@U?$TPool@X@2345@USDebug@2345@UVoid@core@5@U895@@rsystem@base@UModSys@@USMemAlloc_Malloc@core@4@@rsystem@base@UModSys@@UEAAXPEAXPEBUSSourceContext@core@4@@Z@4HA 000000014000be60 f    CIL library: CIL module
 0001:0000ae80       ?dtor$0@?0??mem_realloc@?$TRMemAlloc_CC@U?$TMemAllocHeader@USMagic@mem_headers@rsystem@base@UModSys@@U?$TPool@X@2345@USDebug@2345@UVoid@core@5@U895@@rsystem@base@UModSys@@USMemAlloc_Malloc@core@4@@rsystem@base@UModSys@@UEAAPEAXPEAX_KPEBUSSourceContext@core@4@@Z@4HA 000000014000be80 f    CIL library: CIL module
 0001:0000aea0       ?dtor$1@?0??mem_realloc@?$TRMemAlloc_CC@U?$TMemAllocHeader@USMagic@mem_headers@rsystem@base@UModSys@@U?$TPool@X@2345@USDebug@2345@UVoid@core@5@U895@@rsystem@base@UModSys@@USMemAlloc_Malloc@core@4@@rsystem@base@UModSys@@UEAAPEAXPEAX_KPEBUSSourceContext@core@4@@Z@4HA 000000014000bea0 f    CIL library: CIL module
 0001:0000aec0       ??__E?s_id@?$TObjectUniqueID@UIRoot@core@UModSys@@@tl@UModSys@@2USUniquePointer@core@3@A@@YAXXZ 000000014000bec0 f    CIL library: CIL module
 0001:0000af00       ??__E?s_id@?$TObjectUniqueID@UIRefObject@core@UModSys@@@tl@UModSys@@2USUniquePointer@core@3@A@@YAXXZ 000000014000bf00 f    CIL library: CIL module
 0001:0000af40       ??__E?s_id@?$TObjectUniqueID@UIParameters@core@UModSys@@@tl@UModSys@@2USUniquePointer@core@3@A@@YAXXZ 000000014000bf40 f    CIL library: CIL module
 0001:0000af80       ??__E?s_id@?$TObjectUniqueID@UIModule@base@UModSys@@@tl@UModSys@@2USUniquePointer@core@3@A@@YAXXZ 000000014000bf80 f    CIL library: CIL module
 0001:0000afc0       ??__E?s_id@?$TObjectUniqueID@UIModuleLibrary@base@UModSys@@@tl@UModSys@@2USUniquePointer@core@3@A@@YAXXZ 000000014000bfc0 f    CIL library: CIL module
 0001:0000b000       ??__E?s_id@?$TObjectUniqueID@UIModObject@base@UModSys@@@tl@UModSys@@2USUniquePointer@core@3@A@@YAXXZ 000000014000c000 f    CIL library: CIL module
 0001:0000b040       ??__E?s_id@?$TObjectUniqueID@UIGenerator@base@UModSys@@@tl@UModSys@@2USUniquePointer@core@3@A@@YAXXZ 000000014000c040 f    CIL library: CIL module
 0001:0000b080       ??__E?s_id@?$TObjectUniqueID@UIShell@base@UModSys@@@tl@UModSys@@2USUniquePointer@core@3@A@@YAXXZ 000000014000c080 f    CIL library: CIL module
 0001:0000b0c0       ??__E?s_id@?$TObjectUniqueID@UIConsole@base@UModSys@@@tl@UModSys@@2USUniquePointer@core@3@A@@YAXXZ 000000014000c0c0 f    CIL library: CIL module
 0001:0000b100       ??__E?s_id@?$TObjectUniqueID@UISystem@base@UModSys@@@tl@UModSys@@2USUniquePointer@core@3@A@@YAXXZ 000000014000c100 f    CIL library: CIL module
 0001:0000b140       ??__E?s_id@?$TObjectUniqueID@URModule@rsystem@base@UModSys@@@tl@UModSys@@2USUniquePointer@core@3@A@@YAXXZ 000000014000c140 f    CIL library: CIL module
 0001:0000b180       ??__E?s_id@?$TObjectUniqueID@UIModuleLibraryUni@rsystem@base@UModSys@@@tl@UModSys@@2USUniquePointer@core@3@A@@YAXXZ 000000014000c180 f    CIL library: CIL module
 0001:0000b1c0       ??__E?s_id@?$TObjectUniqueID@URModuleLibrarySO@rsystem@base@UModSys@@@tl@UModSys@@2USUniquePointer@core@3@A@@YAXXZ 000000014000c1c0 f    CIL library: CIL module
 0001:0000b200       ??__E?s_id@?$TObjectUniqueID@URModuleLibraryThis@rsystem@base@UModSys@@@tl@UModSys@@2USUniquePointer@core@3@A@@YAXXZ 000000014000c200 f    CIL library: CIL module
 0001:0000b240       ??__E?s_id@?$TObjectUniqueID@URParameters@rsystem@base@UModSys@@@tl@UModSys@@2USUniquePointer@core@3@A@@YAXXZ 000000014000c240 f    CIL library: CIL module
 0001:0000b280       ??__E?s_id@?$TObjectUniqueID@URSystem@rsystem@base@UModSys@@@tl@UModSys@@2USUniquePointer@core@3@A@@YAXXZ 000000014000c280 f    CIL library: CIL module
 0001:0000b2c0       ??__E?s_id@?$TObjectUniqueID@URConsole_std@rsystem@base@UModSys@@@tl@UModSys@@2USUniquePointer@core@3@A@@YAXXZ 000000014000c2c0 f    CIL library: CIL module
 0001:0000b300       ??__E?s_modreg@RModuleReg@stdio@media@modules@UModSys@@2U12345@A@@YAXXZ 000000014000c300 f    CIL library: CIL module
 0001:0000b330       ??__E?s_modreg_chain@RModuleReg@stdio@media@modules@UModSys@@2USModuleRegChain@base@5@A@@YAXXZ 000000014000c330 f    CIL library: CIL module
 0001:0000b360       ??__E?s_uid@RGenerator@stdio@media@modules@UModSys@@2USUniquePointer@core@5@A@@YAXXZ 000000014000c360 f    CIL library: CIL module
 0001:0000b3a0       ??__E?s_id@?$TObjectUniqueID@UIStreamReader@libmedia@UModSys@@@tl@UModSys@@2USUniquePointer@core@3@A@@YAXXZ 000000014000c3a0 f    CIL library: CIL module
 0001:0000b3e0       ??__E?s_id@?$TObjectUniqueID@UIStreamWriter@libmedia@UModSys@@@tl@UModSys@@2USUniquePointer@core@3@A@@YAXXZ 000000014000c3e0 f    CIL library: CIL module
 0001:0000b420       ??__E?s_id@?$TObjectUniqueID@UIDataArchive@libmedia@UModSys@@@tl@UModSys@@2USUniquePointer@core@3@A@@YAXXZ 000000014000c420 f    CIL library: CIL module
 0001:0000b460       ??__E?s_id@?$TObjectUniqueID@URStreamReader_FILE@stdio@media@modules@UModSys@@@tl@UModSys@@2USUniquePointer@core@3@A@@YAXXZ 000000014000c460 f    CIL library: CIL module
 0001:0000b4a0       ??__E?s_id@?$TObjectUniqueID@URStreamWriter_FILE@stdio@media@modules@UModSys@@@tl@UModSys@@2USUniquePointer@core@3@A@@YAXXZ 000000014000c4a0 f    CIL library: CIL module
 0001:0000b4e0       ??__E?s_id@?$TObjectUniqueID@URDataArchiver_OsDir@stdio@media@modules@UModSys@@@tl@UModSys@@2USUniquePointer@core@3@A@@YAXXZ 000000014000c4e0 f    CIL library: CIL module
 0001:0000b520       ??__E?s_id@?$TObjectUniqueID@URGenerator@stdio@media@modules@UModSys@@@tl@UModSys@@2USUniquePointer@core@3@A@@YAXXZ 000000014000c520 f    CIL library: CIL module
 0001:0000b560       ??__E?s_console@RConsole_std@rsystem@base@UModSys@@2U1234@A@@YAXXZ 000000014000c560 f    CIL library: CIL module
 0001:0000b580       ??__E?s_sys@RSystem@rsystem@base@UModSys@@2U1234@A@@YAXXZ 000000014000c580 f    CIL library: CIL module
 0001:0000b5a0       ??__Ersys_dbg@rsystem@base@UModSys@@YAXXZ 000000014000c5a0 f    CIL library: CIL module
 0001:0000b5d0       ??__EM@UModSys@@YAXXZ      000000014000c5d0 f    CIL library: CIL module
 0001:0000b5f0       ??__E?root@SModuleRegChain@base@UModSys@@2U123@A@@YAXXZ 000000014000c5f0 f    CIL library: CIL module
 0001:0000b620       ??__E?s_library@RModuleLibraryReg_Chain@base@UModSys@@2U123@A@@YAXXZ 000000014000c620 f    CIL library: CIL module
 0001:0000b640       ??__E?root@SUniquePointer@core@UModSys@@2U123@A@@YAXXZ 000000014000c640 f    CIL library: CIL module
 0001:0000b670       ??__F?s_id@?$TObjectUniqueID@URConsole_std@rsystem@base@UModSys@@@tl@UModSys@@2USUniquePointer@core@3@A@@YAXXZ 000000014000c670 f    CIL library: CIL module
 0001:0000b680       ??__F?s_id@?$TObjectUniqueID@URSystem@rsystem@base@UModSys@@@tl@UModSys@@2USUniquePointer@core@3@A@@YAXXZ 000000014000c680 f    CIL library: CIL module
 0001:0000b690       ??__F?s_id@?$TObjectUniqueID@URParameters@rsystem@base@UModSys@@@tl@UModSys@@2USUniquePointer@core@3@A@@YAXXZ 000000014000c690 f    CIL library: CIL module
 0001:0000b6a0       ??__F?s_id@?$TObjectUniqueID@URModuleLibraryThis@rsystem@base@UModSys@@@tl@UModSys@@2USUniquePointer@core@3@A@@YAXXZ 000000014000c6a0 f    CIL library: CIL module
 0001:0000b6b0       ??__F?s_id@?$TObjectUniqueID@URModuleLibrarySO@rsystem@base@UModSys@@@tl@UModSys@@2USUniquePointer@core@3@A@@YAXXZ 000000014000c6b0 f    CIL library: CIL module
 0001:0000b6c0       ??__F?s_id@?$TObjectUniqueID@UIModuleLibraryUni@rsystem@base@UModSys@@@tl@UModSys@@2USUniquePointer@core@3@A@@YAXXZ 000000014000c6c0 f    CIL library: CIL module
 0001:0000b6d0       ??__F?s_id@?$TObjectUniqueID@URModule@rsystem@base@UModSys@@@tl@UModSys@@2USUniquePointer@core@3@A@@YAXXZ 000000014000c6d0 f    CIL library: CIL module
 0001:0000b6e0       ??__F?s_id@?$TObjectUniqueID@UISystem@base@UModSys@@@tl@UModSys@@2USUniquePointer@core@3@A@@YAXXZ 000000014000c6e0 f    CIL library: CIL module
 0001:0000b6f0       ??__F?s_id@?$TObjectUniqueID@UIConsole@base@UModSys@@@tl@UModSys@@2USUniquePointer@core@3@A@@YAXXZ 000000014000c6f0 f    CIL library: CIL module
 0001:0000b700       ??__F?s_id@?$TObjectUniqueID@UIShell@base@UModSys@@@tl@UModSys@@2USUniquePointer@core@3@A@@YAXXZ 000000014000c700 f    CIL library: CIL module
 0001:0000b710       ??__F?s_id@?$TObjectUniqueID@UIGenerator@base@UModSys@@@tl@UModSys@@2USUniquePointer@core@3@A@@YAXXZ 000000014000c710 f    CIL library: CIL module
 0001:0000b720       ??__F?s_id@?$TObjectUniqueID@UIModObject@base@UModSys@@@tl@UModSys@@2USUniquePointer@core@3@A@@YAXXZ 000000014000c720 f    CIL library: CIL module
 0001:0000b730       ??__F?s_id@?$TObjectUniqueID@UIModuleLibrary@base@UModSys@@@tl@UModSys@@2USUniquePointer@core@3@A@@YAXXZ 000000014000c730 f    CIL library: CIL module
 0001:0000b740       ??__F?s_id@?$TObjectUniqueID@UIModule@base@UModSys@@@tl@UModSys@@2USUniquePointer@core@3@A@@YAXXZ 000000014000c740 f    CIL library: CIL module
 0001:0000b750       ??__F?s_id@?$TObjectUniqueID@UIParameters@core@UModSys@@@tl@UModSys@@2USUniquePointer@core@3@A@@YAXXZ 000000014000c750 f    CIL library: CIL module
 0001:0000b760       ??__F?s_id@?$TObjectUniqueID@UIRefObject@core@UModSys@@@tl@UModSys@@2USUniquePointer@core@3@A@@YAXXZ 000000014000c760 f    CIL library: CIL module
 0001:0000b770       ??__F?s_id@?$TObjectUniqueID@UIRoot@core@UModSys@@@tl@UModSys@@2USUniquePointer@core@3@A@@YAXXZ 000000014000c770 f    CIL library: CIL module
 0001:0000b780       ??__F?s_modreg@RModuleReg@stdio@media@modules@UModSys@@2U12345@A@@YAXXZ 000000014000c780 f    CIL library: CIL module
 0001:0000b7a0       ??__F?s_modreg_chain@RModuleReg@stdio@media@modules@UModSys@@2USModuleRegChain@base@5@A@@YAXXZ 000000014000c7a0 f    CIL library: CIL module
 0001:0000b7b0       ??__F?s_uid@RGenerator@stdio@media@modules@UModSys@@2USUniquePointer@core@5@A@@YAXXZ 000000014000c7b0 f    CIL library: CIL module
 0001:0000b7c0       ??__Fh@?1??s_holder@RGenerator@stdio@media@modules@UModSys@@SAAEAU?$TTypeStaticHolder@URGenerator@stdio@media@modules@UModSys@@@tl@5@XZ@YAXXZ 000000014000c7c0 f    CIL library: CIL module
 0001:0000b7f0       ??__F?s_id@?$TObjectUniqueID@URGenerator@stdio@media@modules@UModSys@@@tl@UModSys@@2USUniquePointer@core@3@A@@YAXXZ 000000014000c7f0 f    CIL library: CIL module
 0001:0000b800       ??__F?s_id@?$TObjectUniqueID@URDataArchiver_OsDir@stdio@media@modules@UModSys@@@tl@UModSys@@2USUniquePointer@core@3@A@@YAXXZ 000000014000c800 f    CIL library: CIL module
 0001:0000b810       ??__F?s_id@?$TObjectUniqueID@URStreamWriter_FILE@stdio@media@modules@UModSys@@@tl@UModSys@@2USUniquePointer@core@3@A@@YAXXZ 000000014000c810 f    CIL library: CIL module
 0001:0000b820       ??__F?s_id@?$TObjectUniqueID@URStreamReader_FILE@stdio@media@modules@UModSys@@@tl@UModSys@@2USUniquePointer@core@3@A@@YAXXZ 000000014000c820 f    CIL library: CIL module
 0001:0000b830       ??__F?s_id@?$TObjectUniqueID@UIDataArchive@libmedia@UModSys@@@tl@UModSys@@2USUniquePointer@core@3@A@@YAXXZ 000000014000c830 f    CIL library: CIL module
 0001:0000b840       ??__F?s_id@?$TObjectUniqueID@UIStreamWriter@libmedia@UModSys@@@tl@UModSys@@2USUniquePointer@core@3@A@@YAXXZ 000000014000c840 f    CIL library: CIL module
 0001:0000b850       ??__F?s_id@?$TObjectUniqueID@UIStreamReader@libmedia@UModSys@@@tl@UModSys@@2USUniquePointer@core@3@A@@YAXXZ 000000014000c850 f    CIL library: CIL module
 0001:0000b860       ??__F?s_console@RConsole_std@rsystem@base@UModSys@@2U1234@A@@YAXXZ 000000014000c860 f    CIL library: CIL module
 0001:0000b870       ??__F?s_sys@RSystem@rsystem@base@UModSys@@2U1234@A@@YAXXZ 000000014000c870 f    CIL library: CIL module
 0001:0000b880       ??__Frsys_dbg@rsystem@base@UModSys@@YAXXZ 000000014000c880 f    CIL library: CIL module
 0001:0000b890       ??__FM@UModSys@@YAXXZ      000000014000c890 f    CIL library: CIL module
 0001:0000b8a0       ??__F?root@SModuleRegChain@base@UModSys@@2U123@A@@YAXXZ 000000014000c8a0 f    CIL library: CIL module
 0001:0000b8b0       ??__F?s_library@RModuleLibraryReg_Chain@base@UModSys@@2U123@A@@YAXXZ 000000014000c8b0 f    CIL library: CIL module
 0001:0000b8c0       ??__F?root@SUniquePointer@core@UModSys@@2U123@A@@YAXXZ 000000014000c8c0 f    CIL library: CIL module

 Exports

  ordinal    name

        1    UModSys_Plugin_Entry2
