 umodsysc

 Timestamp is 52a95db0 (Thu Dec 12 09:54:40 2013)

 Preferred load address is 0000000140000000

 Start         Length     Name                   Class
 0001:00000000 0001095cH .text                   CODE
 0001:00010960 0000005eH .text$00                CODE
 0001:000109c0 00000c6cH .text$x                 CODE
 0001:00011630 00000c82H .text$yc                CODE
 0001:000122c0 000003ccH .text$yd                CODE
 0002:00000000 00000258H .idata$5                DATA
 0002:00000258 00000008H .CRT$XCA                DATA
 0002:00000260 00000008H .CRT$XCAA               DATA
 0002:00000268 00000520H .CRT$XCU                DATA
 0002:00000788 00000008H .CRT$XCZ                DATA
 0002:00000790 00000008H .CRT$XIA                DATA
 0002:00000798 00000008H .CRT$XIAA               DATA
 0002:000007a0 00000008H .CRT$XIY                DATA
 0002:000007a8 00000008H .CRT$XIZ                DATA
 0002:000007b0 00003080H .rdata                  DATA
 0002:00003830 00001f2cH .rdata$r                DATA
 0002:00005760 00000008H .rtc$IAA                DATA
 0002:00005768 00000008H .rtc$IZZ                DATA
 0002:00005770 00000008H .rtc$TAA                DATA
 0002:00005778 00000008H .rtc$TZZ                DATA
 0002:00005780 00002750H .xdata                  DATA
 0002:00007ed0 000000e4H .xdata$x                DATA
 0002:00007fb4 00000028H .idata$2                DATA
 0002:00007fdc 00000014H .idata$3                DATA
 0002:00007ff0 00000258H .idata$4                DATA
 0002:00008248 00000478H .idata$6                DATA
 0002:000086c0 00000055H .edata                  DATA
 0003:00000000 00000f64H .data                   DATA
 0003:00000f70 00002c20H .bss                    DATA
 0004:00000000 00001dd0H .pdata                  DATA

  Address         Publics by Value              Rva+Base               Lib:Object

 0000:00000000       ___safe_se_handler_count   0000000000000000     <absolute>
 0000:00000000       ___safe_se_handler_table   0000000000000000     <absolute>
 0000:00000000       __ImageBase                0000000140000000     <linker-defined>
 0001:00000000       ??$shash@D@su@tl@UModSys@@YAHPEBD_K@Z 0000000140001000 f i umodsys.c_main.obj
 0001:00000030       ?suicide@RGenerator@stdio@media@modules@UModSys@@UEAAXXZ 0000000140001030 f i umodsys_lib_libmedia:umodsys.mod.media.stdio.obj
 0001:00000030       ?suicide@RGenerator@stdlib@media@modules@UModSys@@UEAAXXZ 0000000140001030 f i umodsys_lib_libmedia:umodsys.mod.media.stdlib.obj
 0001:00000030       ??3@YAXPEAX0@Z             0000000140001030 f i umodsys_lib_libmedia:umodsys.mod.media.stdio.obj
 0001:00000040       ??1SMemShared@core@UModSys@@QEAA@XZ 0000000140001040 f i umodsys_lib_libmedia:umodsys.mod.media.stdio.obj
 0001:00000040       ??1SInfo@IBinObjFilter@libmedia@UModSys@@QEAA@XZ 0000000140001040 f i umodsys_lib_libmedia:umodsys.mod.media.stdlib.obj
 0001:00000040       ??1SCMemShared@core@UModSys@@QEAA@XZ 0000000140001040 f i umodsys_lib_libmedia:umodsys.mod.media.stdlib.obj
 0001:00000070       ??3IRoot@core@UModSys@@SAXPEAXAEBUSIMemAlloc@12@@Z 0000000140001070 f i umodsys_lib_libmedia:umodsys.mod.media.stdio.obj
 0001:00000080       ??1?$TSCoreShared@USIMemAlloc@core@UModSys@@D@su@tl@UModSys@@QEAA@XZ 0000000140001080 f i umodsys_lib_libmedia:umodsys.mod.media.stdio.obj
 0001:00000080       ??1?$TString@U?$TSCoreShared@USIMemAlloc@core@UModSys@@D@su@tl@UModSys@@U?$TComparerBinaryHash@D@234@@tl@UModSys@@QEAA@XZ 0000000140001080 f i umodsys_lib_libmedia:umodsys.mod.media.stdio.obj
 0001:000000d0       ?archive_load_data@libmedia@UModSys@@YA_NAEAUIBinArchive@12@AEBU?$TString@U?$TSCoreConst@D@su@tl@UModSys@@U?$TComparerBinaryHash@D@234@@tl@2@AEAUSCMemShared@core@2@AEBUSFlags@12@@Z 00000001400010d0 f i umodsys_lib_libmedia:umodsys.mod.media.stdio.obj
 0001:000002a0       ?archive_save_data@libmedia@UModSys@@YA_NAEAUIBinArchive@12@AEBU?$TString@U?$TSCoreConst@D@su@tl@UModSys@@U?$TComparerBinaryHash@D@234@@tl@2@AEBUSCMem@core@2@AEBUSFlags@12@@Z 00000001400012a0 f i umodsys_lib_libmedia:umodsys.mod.media.stdio.obj
 0001:00000330       ?file_get_size@stdio@media@modules@UModSys@@YA_JPEAU_iobuf@@@Z 0000000140001330 f i umodsys_lib_libmedia:umodsys.mod.media.stdio.obj
 0001:000003a0       ?root_get_interface_info@RStreamReader_FILE@stdio@media@modules@UModSys@@UEBAAEBUSUniquePointerInfo@core@5@XZ 00000001400013a0 f i umodsys_lib_libmedia:umodsys.mod.media.stdio.obj
 0001:000003b0       ?root_get_interface_type@RStreamReader_FILE@stdio@media@modules@UModSys@@UEBAPEBUSUniquePointerInfo@core@5@XZ 00000001400013b0 f i umodsys_lib_libmedia:umodsys.mod.media.stdio.obj
 0001:000003c0       ?root_get_other_interface@RStreamReader_FILE@stdio@media@modules@UModSys@@UEBAPEBUIRoot@core@5@PEBUSUniquePointerInfo@75@@Z 00000001400013c0 f i umodsys_lib_libmedia:umodsys.mod.media.stdio.obj
 0001:000003c0       ?root_get_other_interface@RStreamReader_FILE@stdio@media@modules@UModSys@@UEAAPEAUIRoot@core@5@PEBUSUniquePointerInfo@75@@Z 00000001400013c0 f i umodsys_lib_libmedia:umodsys.mod.media.stdio.obj
 0001:000003f0       ?root_is_interface_supported@RStreamReader_FILE@stdio@media@modules@UModSys@@UEBA_NPEBUSUniquePointerInfo@core@5@@Z 00000001400013f0 f i umodsys_lib_libmedia:umodsys.mod.media.stdio.obj
 0001:00000420       ?ref_links@RGenerator@stdio@media@modules@UModSys@@UEBAHXZ 0000000140001420 f i umodsys_lib_libmedia:umodsys.mod.media.stdio.obj
 0001:00000420       ?ref_links@RStreamWriter_FILE@stdio@media@modules@UModSys@@UEBAHXZ 0000000140001420 f i umodsys_lib_libmedia:umodsys.mod.media.stdio.obj
 0001:00000420       ?ref_links@RStreamReader_FILE@stdio@media@modules@UModSys@@UEBAHXZ 0000000140001420 f i umodsys_lib_libmedia:umodsys.mod.media.stdio.obj
 0001:00000420       ?ref_links@RGenerator@stdlib@media@modules@UModSys@@UEBAHXZ 0000000140001420 f i umodsys_lib_libmedia:umodsys.mod.media.stdlib.obj
 0001:00000430       ?suicide@RStreamReader_FILE@stdio@media@modules@UModSys@@UEAAXXZ 0000000140001430 f i umodsys_lib_libmedia:umodsys.mod.media.stdio.obj
 0001:00000430       ?suicide@RStreamWriter_FILE@stdio@media@modules@UModSys@@UEAAXXZ 0000000140001430 f i umodsys_lib_libmedia:umodsys.mod.media.stdio.obj
 0001:00000480       ??0RStreamReader_FILE@stdio@media@modules@UModSys@@QEAA@PEAUIModObject@base@4@AEBUSParameters@core@4@@Z 0000000140001480 f i umodsys_lib_libmedia:umodsys.mod.media.stdio.obj
 0001:00000550       ??0RStreamReader_FILE@stdio@media@modules@UModSys@@QEAA@PEAUIModObject@base@4@PEBD@Z 0000000140001550 f i umodsys_lib_libmedia:umodsys.mod.media.stdio.obj
 0001:00000600       ?get_size@RStreamReader_FILE@stdio@media@modules@UModSys@@QEAAXXZ 0000000140001600 f i umodsys_lib_libmedia:umodsys.mod.media.stdio.obj
 0001:00000680       ?reader_seek@RStreamReader_FILE@stdio@media@modules@UModSys@@UEAA_N_J@Z 0000000140001680 f i umodsys_lib_libmedia:umodsys.mod.media.stdio.obj
 0001:000006b0       ?reader_seekend@RStreamReader_FILE@stdio@media@modules@UModSys@@UEAA_N_J@Z 00000001400016b0 f i umodsys_lib_libmedia:umodsys.mod.media.stdio.obj
 0001:000006e0       ?reader_seekdelta@RStreamReader_FILE@stdio@media@modules@UModSys@@UEAA_N_J@Z 00000001400016e0 f i umodsys_lib_libmedia:umodsys.mod.media.stdio.obj
 0001:00000710       ?reader_pos@RStreamReader_FILE@stdio@media@modules@UModSys@@UEAA_JXZ 0000000140001710 f i umodsys_lib_libmedia:umodsys.mod.media.stdio.obj
 0001:00000740       ?reader_size@RStreamReader_FILE@stdio@media@modules@UModSys@@UEAA_JXZ 0000000140001740 f i umodsys_lib_libmedia:umodsys.mod.media.stdio.obj
 0001:00000750       ?reader_read@RStreamReader_FILE@stdio@media@modules@UModSys@@UEAA_NPEAX_K@Z 0000000140001750 f i umodsys_lib_libmedia:umodsys.mod.media.stdio.obj
 0001:00000800       ?reader_close@RStreamReader_FILE@stdio@media@modules@UModSys@@UEAAXXZ 0000000140001800 f i umodsys_lib_libmedia:umodsys.mod.media.stdio.obj
 0001:00000830       ??_ERStreamReader_FILE@stdio@media@modules@UModSys@@UEAAPEAXI@Z 0000000140001830 f i  CIL library: CIL module
 0001:00000830       ??_GRStreamReader_FILE@stdio@media@modules@UModSys@@UEAAPEAXI@Z 0000000140001830 f i umodsys_lib_libmedia:umodsys.mod.media.stdio.obj
 0001:00000890       ??_ERGenerator@stdlib@media@modules@UModSys@@UEAAPEAXI@Z 0000000140001890 f i  CIL library: CIL module
 0001:00000890       ??_GRGenerator@stdio@media@modules@UModSys@@UEAAPEAXI@Z 0000000140001890 f i umodsys_lib_libmedia:umodsys.mod.media.stdio.obj
 0001:00000890       ??_GIRefObject@core@UModSys@@UEAAPEAXI@Z 0000000140001890 f i umodsys_lib_libmedia:umodsys.mod.media.stdio.obj
 0001:00000890       ??_EIRefObject@core@UModSys@@UEAAPEAXI@Z 0000000140001890 f i  CIL library: CIL module
 0001:00000890       ??_GRGenerator@stdlib@media@modules@UModSys@@UEAAPEAXI@Z 0000000140001890 f i umodsys_lib_libmedia:umodsys.mod.media.stdlib.obj
 0001:00000890       ??_ERGenerator@stdio@media@modules@UModSys@@UEAAPEAXI@Z 0000000140001890 f i  CIL library: CIL module
 0001:000008c0       ??_GIRoot@core@UModSys@@UEAAPEAXI@Z 00000001400018c0 f i umodsys_lib_libmedia:umodsys.mod.media.stdio.obj
 0001:000008c0       ??_EIRoot@core@UModSys@@UEAAPEAXI@Z 00000001400018c0 f i  CIL library: CIL module
 0001:000008f0       ?root_get_interface_info@RStreamWriter_FILE@stdio@media@modules@UModSys@@UEBAAEBUSUniquePointerInfo@core@5@XZ 00000001400018f0 f i umodsys_lib_libmedia:umodsys.mod.media.stdio.obj
 0001:00000900       ?root_get_interface_type@RStreamWriter_FILE@stdio@media@modules@UModSys@@UEBAPEBUSUniquePointerInfo@core@5@XZ 0000000140001900 f i umodsys_lib_libmedia:umodsys.mod.media.stdio.obj
 0001:00000910       ?root_get_other_interface@RStreamWriter_FILE@stdio@media@modules@UModSys@@UEBAPEBUIRoot@core@5@PEBUSUniquePointerInfo@75@@Z 0000000140001910 f i umodsys_lib_libmedia:umodsys.mod.media.stdio.obj
 0001:00000910       ?root_get_other_interface@RStreamWriter_FILE@stdio@media@modules@UModSys@@UEAAPEAUIRoot@core@5@PEBUSUniquePointerInfo@75@@Z 0000000140001910 f i umodsys_lib_libmedia:umodsys.mod.media.stdio.obj
 0001:00000940       ?root_is_interface_supported@RStreamWriter_FILE@stdio@media@modules@UModSys@@UEBA_NPEBUSUniquePointerInfo@core@5@@Z 0000000140001940 f i umodsys_lib_libmedia:umodsys.mod.media.stdio.obj
 0001:00000970       ?ref_add@RGenerator@stdlib@media@modules@UModSys@@UEBAXXZ 0000000140001970 f i umodsys_lib_libmedia:umodsys.mod.media.stdlib.obj
 0001:00000970       ?ref_add@RGenerator@stdio@media@modules@UModSys@@UEBAXXZ 0000000140001970 f i umodsys_lib_libmedia:umodsys.mod.media.stdio.obj
 0001:00000970       ?ref_add@RStreamWriter_FILE@stdio@media@modules@UModSys@@UEBAXXZ 0000000140001970 f i umodsys_lib_libmedia:umodsys.mod.media.stdio.obj
 0001:00000970       ?ref_add@RStreamReader_FILE@stdio@media@modules@UModSys@@UEBAXXZ 0000000140001970 f i umodsys_lib_libmedia:umodsys.mod.media.stdio.obj
 0001:00000980       ??0RStreamWriter_FILE@stdio@media@modules@UModSys@@QEAA@PEAUIModObject@base@4@AEBUSParameters@core@4@@Z 0000000140001980 f i umodsys_lib_libmedia:umodsys.mod.media.stdio.obj
 0001:00000a20       ??0RStreamWriter_FILE@stdio@media@modules@UModSys@@QEAA@PEAUIModObject@base@4@PEBD_N@Z 0000000140001a20 f i umodsys_lib_libmedia:umodsys.mod.media.stdio.obj
 0001:00000b00       ?open@RStreamWriter_FILE@stdio@media@modules@UModSys@@QEAAXAEBUSParameters@core@5@@Z 0000000140001b00 f i umodsys_lib_libmedia:umodsys.mod.media.stdio.obj
 0001:00000bc0       ?writer_seek@RStreamWriter_FILE@stdio@media@modules@UModSys@@UEAA_N_J@Z 0000000140001bc0 f i umodsys_lib_libmedia:umodsys.mod.media.stdio.obj
 0001:00000bf0       ?writer_seekend@RStreamWriter_FILE@stdio@media@modules@UModSys@@UEAA_N_J@Z 0000000140001bf0 f i umodsys_lib_libmedia:umodsys.mod.media.stdio.obj
 0001:00000c20       ?writer_seekdelta@RStreamWriter_FILE@stdio@media@modules@UModSys@@UEAA_N_J@Z 0000000140001c20 f i umodsys_lib_libmedia:umodsys.mod.media.stdio.obj
 0001:00000c50       ?writer_setsize@RStreamWriter_FILE@stdio@media@modules@UModSys@@UEAA_N_J@Z 0000000140001c50 f i umodsys_lib_libmedia:umodsys.mod.media.stdio.obj
 0001:00000cb0       ?writer_pos@RStreamWriter_FILE@stdio@media@modules@UModSys@@UEAA_JXZ 0000000140001cb0 f i umodsys_lib_libmedia:umodsys.mod.media.stdio.obj
 0001:00000ce0       ?writer_size@RStreamWriter_FILE@stdio@media@modules@UModSys@@UEAA_JXZ 0000000140001ce0 f i umodsys_lib_libmedia:umodsys.mod.media.stdio.obj
 0001:00000d10       ?writer_write@RStreamWriter_FILE@stdio@media@modules@UModSys@@UEAA_NPEBX_K@Z 0000000140001d10 f i umodsys_lib_libmedia:umodsys.mod.media.stdio.obj
 0001:00000dc0       ?writer_copy@RStreamWriter_FILE@stdio@media@modules@UModSys@@UEAA_NPEAUIStreamReader@libmedia@5@_J@Z 0000000140001dc0 f i umodsys_lib_libmedia:umodsys.mod.media.stdio.obj
 0001:00000e70       ?writer_copy@RStreamWriter_FILE@stdio@media@modules@UModSys@@UEAA_NPEAUIStreamReader@libmedia@5@_J1@Z 0000000140001e70 f i umodsys_lib_libmedia:umodsys.mod.media.stdio.obj
 0001:00000ee0       ?writer_close@RStreamWriter_FILE@stdio@media@modules@UModSys@@UEAAXXZ 0000000140001ee0 f i umodsys_lib_libmedia:umodsys.mod.media.stdio.obj
 0001:00000f20       ?writer_abort@RStreamWriter_FILE@stdio@media@modules@UModSys@@UEAAXXZ 0000000140001f20 f i umodsys_lib_libmedia:umodsys.mod.media.stdio.obj
 0001:00000f60       ??_ERStreamWriter_FILE@stdio@media@modules@UModSys@@UEAAPEAXI@Z 0000000140001f60 f i  CIL library: CIL module
 0001:00000f60       ??_GRStreamWriter_FILE@stdio@media@modules@UModSys@@UEAAPEAXI@Z 0000000140001f60 f i umodsys_lib_libmedia:umodsys.mod.media.stdio.obj
 0001:00000fe0       ?root_get_interface_info@RDataArchiver_OsDir@stdio@media@modules@UModSys@@UEBAAEBUSUniquePointerInfo@core@5@XZ 0000000140001fe0 f i umodsys_lib_libmedia:umodsys.mod.media.stdio.obj
 0001:00000ff0       ?root_get_interface_type@RDataArchiver_OsDir@stdio@media@modules@UModSys@@UEBAPEBUSUniquePointerInfo@core@5@XZ 0000000140001ff0 f i umodsys_lib_libmedia:umodsys.mod.media.stdio.obj
 0001:00001000       ?root_get_other_interface@RDataArchiver_OsDir@stdio@media@modules@UModSys@@UEBAPEBUIRoot@core@5@PEBUSUniquePointerInfo@75@@Z 0000000140002000 f i umodsys_lib_libmedia:umodsys.mod.media.stdio.obj
 0001:00001000       ?root_get_other_interface@RDataArchiver_OsDir@stdio@media@modules@UModSys@@UEAAPEAUIRoot@core@5@PEBUSUniquePointerInfo@75@@Z 0000000140002000 f i umodsys_lib_libmedia:umodsys.mod.media.stdio.obj
 0001:00001030       ?root_is_interface_supported@RDataArchiver_OsDir@stdio@media@modules@UModSys@@UEBA_NPEBUSUniquePointerInfo@core@5@@Z 0000000140002030 f i umodsys_lib_libmedia:umodsys.mod.media.stdio.obj
 0001:00001060       ?ref_add@RLibraryObjFilter@stdlib@media@modules@UModSys@@UEBAXXZ 0000000140002060 f i umodsys_lib_libmedia:umodsys.mod.media.stdlib.obj
 0001:00001060       ?ref_add@RLibraryBinTree@stdlib@media@modules@UModSys@@UEBAXXZ 0000000140002060 f i umodsys_lib_libmedia:umodsys.mod.media.stdlib.obj
 0001:00001060       ?ref_add@RLibraryObjCache@stdlib@media@modules@UModSys@@UEBAXXZ 0000000140002060 f i umodsys_lib_libmedia:umodsys.mod.media.stdlib.obj
 0001:00001060       ?ref_add@RLibraryLayered@stdlib@media@modules@UModSys@@UEBAXXZ 0000000140002060 f i umodsys_lib_libmedia:umodsys.mod.media.stdlib.obj
 0001:00001060       ?ref_add@RDataArchiver_OsDir@stdio@media@modules@UModSys@@UEBAXXZ 0000000140002060 f i umodsys_lib_libmedia:umodsys.mod.media.stdio.obj
 0001:00001060       ?ref_add@RLibraryBinCache@stdlib@media@modules@UModSys@@UEBAXXZ 0000000140002060 f i umodsys_lib_libmedia:umodsys.mod.media.stdlib.obj
 0001:00001070       ??0RDataArchiver_OsDir@stdio@media@modules@UModSys@@QEAA@PEAUIModObject@base@4@AEBUSParameters@core@4@U?$TFlags4State@USMediaFlagUid@libmedia@UModSys@@I@tl@4@@Z 0000000140002070 f i umodsys_lib_libmedia:umodsys.mod.media.stdio.obj
 0001:00001120       ??1RDataArchiver_OsDir@stdio@media@modules@UModSys@@UEAA@XZ 0000000140002120 f i umodsys_lib_libmedia:umodsys.mod.media.stdio.obj
 0001:000011a0       ?open@RDataArchiver_OsDir@stdio@media@modules@UModSys@@QEAAXAEBUSParameters@core@5@@Z 00000001400021a0 f i umodsys_lib_libmedia:umodsys.mod.media.stdio.obj
 0001:000012b0       ?get_flag@RDataArchiver_OsDir@stdio@media@modules@UModSys@@UEBA?AW4eStates@?$TFlags4State@USMediaFlagUid@libmedia@UModSys@@I@tl@5@H@Z 00000001400022b0 f i umodsys_lib_libmedia:umodsys.mod.media.stdio.obj
 0001:000012c0       ?get_flags_auto@RDataArchiver_OsDir@stdio@media@modules@UModSys@@UEBA?AU?$TFlags4State@USMediaFlagUid@libmedia@UModSys@@I@tl@5@XZ 00000001400022c0 f i umodsys_lib_libmedia:umodsys.mod.media.stdio.obj
 0001:000012d0       ?set_flag@RDataArchiver_OsDir@stdio@media@modules@UModSys@@UEAA?AW4eStates@?$TFlags4State@USMediaFlagUid@libmedia@UModSys@@I@tl@5@HW46785@@Z 00000001400022d0 f i umodsys_lib_libmedia:umodsys.mod.media.stdio.obj
 0001:00001300       ?data_load@RDataArchiver_OsDir@stdio@media@modules@UModSys@@UEAA_NAEBU?$TString@U?$TSCoreConst@D@su@tl@UModSys@@U?$TComparerBinaryHash@D@234@@tl@5@AEAUSCMemShared@core@5@AEBUSFlags@libmedia@5@@Z 0000000140002300 f i umodsys_lib_libmedia:umodsys.mod.media.stdio.obj
 0001:00001360       ?data_save@RDataArchiver_OsDir@stdio@media@modules@UModSys@@UEAA_NAEBU?$TString@U?$TSCoreConst@D@su@tl@UModSys@@U?$TComparerBinaryHash@D@234@@tl@5@AEBUSCMem@core@5@AEBUSFlags@libmedia@5@@Z 0000000140002360 f i umodsys_lib_libmedia:umodsys.mod.media.stdio.obj
 0001:00001370       ?data_reader@RDataArchiver_OsDir@stdio@media@modules@UModSys@@UEAA?AU?$TRefObject@UIStreamReader@libmedia@UModSys@@U?$TRefObjectFunc@UIStreamReader@libmedia@UModSys@@@tl@3@@tl@5@AEBU?$TString@U?$TSCoreConst@D@su@tl@UModSys@@U?$TComparerBinaryHash@D@234@@75@AEBUSFlags@libmedia@5@@Z 0000000140002370 f i umodsys_lib_libmedia:umodsys.mod.media.stdio.obj
 0001:00001500       ?data_writer@RDataArchiver_OsDir@stdio@media@modules@UModSys@@UEAA?AU?$TRefObject@UIStreamWriter@libmedia@UModSys@@U?$TRefObjectFunc@UIStreamWriter@libmedia@UModSys@@@tl@3@@tl@5@AEBU?$TString@U?$TSCoreConst@D@su@tl@UModSys@@U?$TComparerBinaryHash@D@234@@75@AEBUSFlags@libmedia@5@@Z 0000000140002500 f i umodsys_lib_libmedia:umodsys.mod.media.stdio.obj
 0001:000016b0       ?data_list@RDataArchiver_OsDir@stdio@media@modules@UModSys@@UEAA_NAEBU?$TString@U?$TSCoreConst@D@su@tl@UModSys@@U?$TComparerBinaryHash@D@234@@tl@5@AEAU?$TIStackSocket@USFileInfo@libmedia@UModSys@@@75@AEBUSFlags@libmedia@5@@Z 00000001400026b0 f i umodsys_lib_libmedia:umodsys.mod.media.stdio.obj
 0001:00001740       ?get_permissions@RDataArchiver_OsDir@stdio@media@modules@UModSys@@UEAAHXZ 0000000140002740 f i umodsys_lib_libmedia:umodsys.mod.media.stdio.obj
 0001:00001750       ??_ERDataArchiver_OsDir@stdio@media@modules@UModSys@@UEAAPEAXI@Z 0000000140002750 f i  CIL library: CIL module
 0001:00001750       ??_GRDataArchiver_OsDir@stdio@media@modules@UModSys@@UEAAPEAXI@Z 0000000140002750 f i umodsys_lib_libmedia:umodsys.mod.media.stdio.obj
 0001:00001780       ?get_generated_names@RGenerator@stdio@media@modules@UModSys@@UEBAHAEAUSUniquePtrList@core@5@@Z 0000000140002780 f i umodsys_lib_libmedia:umodsys.mod.media.stdio.obj
 0001:000017d0       ?get_generated_types@RGenerator@stdio@media@modules@UModSys@@UEBAHAEAUSUniquePtrList@core@5@PEBUSUniquePointerInfo@75@@Z 00000001400027d0 f i umodsys_lib_libmedia:umodsys.mod.media.stdio.obj
 0001:00001870       ?generate@RGenerator@stdio@media@modules@UModSys@@UEAA_NAEAU?$TRefObject@UIRefObject@core@UModSys@@U?$TRefObjectFunc@UIRefObject@core@UModSys@@@tl@3@@tl@5@PEBUSUniquePointerInfo@core@5@AEBUSParameters@95@@Z 0000000140002870 f i umodsys_lib_libmedia:umodsys.mod.media.stdio.obj
 0001:000019a0       ?root_get_interface_info@RGenerator@stdio@media@modules@UModSys@@UEBAAEBUSUniquePointerInfo@core@5@XZ 00000001400029a0 f i umodsys_lib_libmedia:umodsys.mod.media.stdio.obj
 0001:000019b0       ?root_get_interface_type@RGenerator@stdio@media@modules@UModSys@@UEBAPEBUSUniquePointerInfo@core@5@XZ 00000001400029b0 f i umodsys_lib_libmedia:umodsys.mod.media.stdio.obj
 0001:000019c0       ?root_get_other_interface@RGenerator@stdio@media@modules@UModSys@@UEAAPEAUIRoot@core@5@PEBUSUniquePointerInfo@75@@Z 00000001400029c0 f i umodsys_lib_libmedia:umodsys.mod.media.stdio.obj
 0001:000019c0       ?root_get_other_interface@RGenerator@stdio@media@modules@UModSys@@UEBAPEBUIRoot@core@5@PEBUSUniquePointerInfo@75@@Z 00000001400029c0 f i umodsys_lib_libmedia:umodsys.mod.media.stdio.obj
 0001:00001a00       ?root_is_interface_supported@RGenerator@stdio@media@modules@UModSys@@UEBA_NPEBUSUniquePointerInfo@core@5@@Z 0000000140002a00 f i umodsys_lib_libmedia:umodsys.mod.media.stdio.obj
 0001:00001a40       ?ref_weak@RStreamReader_FILE@stdio@media@modules@UModSys@@UEBA_NAEAUWeakPointer@IRefObject@core@5@@Z 0000000140002a40 f i umodsys_lib_libmedia:umodsys.mod.media.stdio.obj
 0001:00001a40       ?ref_weak@RGenerator@stdlib@media@modules@UModSys@@UEBA_NAEAUWeakPointer@IRefObject@core@5@@Z 0000000140002a40 f i umodsys_lib_libmedia:umodsys.mod.media.stdlib.obj
 0001:00001a40       ?ref_weak@RGenerator@stdio@media@modules@UModSys@@UEBA_NAEAUWeakPointer@IRefObject@core@5@@Z 0000000140002a40 f i umodsys_lib_libmedia:umodsys.mod.media.stdio.obj
 0001:00001a40       ?ref_weak@RStreamWriter_FILE@stdio@media@modules@UModSys@@UEBA_NAEAUWeakPointer@IRefObject@core@5@@Z 0000000140002a40 f i umodsys_lib_libmedia:umodsys.mod.media.stdio.obj
 0001:00001a60       ?get_uid@RGenerator@stdio@media@modules@UModSys@@UEBAPEBUSUniquePointerInfo@core@5@XZ 0000000140002a60 f i umodsys_lib_libmedia:umodsys.mod.media.stdio.obj
 0001:00001a70       ?do_open@RModuleReg@stdio@media@modules@UModSys@@UEAA_NXZ 0000000140002a70 f i umodsys_lib_libmedia:umodsys.mod.media.stdio.obj
 0001:00001a80       ?do_close@RModuleReg@stdio@media@modules@UModSys@@UEAA_NXZ 0000000140002a80 f i umodsys_lib_libmedia:umodsys.mod.media.stdio.obj
 0001:00001a90       ??_ERModuleReg@stdio@media@modules@UModSys@@UEAAPEAXI@Z 0000000140002a90 f i  CIL library: CIL module
 0001:00001a90       ??_GRModuleReg@stdio@media@modules@UModSys@@UEAAPEAXI@Z 0000000140002a90 f i umodsys_lib_libmedia:umodsys.mod.media.stdio.obj
 0001:00001ac0       ?info_new@?$TSCoreShared@USIMemAlloc@core@UModSys@@D@su@tl@UModSys@@QEAA_NPEBD_K@Z 0000000140002ac0 f i umodsys_lib_libmedia:umodsys.mod.media.stdio.obj
 0001:00001b80       ??1?$TRefObject@UIModObject@base@UModSys@@U?$TModObjectFunc@UIModObject@base@UModSys@@@tl@3@@tl@UModSys@@QEAA@XZ 0000000140002b80 f i umodsys_lib_libmedia:umodsys.mod.media.stdio.obj
 0001:00001bb0       ??$is_flag@U?$TFlags4StateShift@USMediaFlagUid@libmedia@UModSys@@I$09@tl@UModSys@@@SFlags@libmedia@UModSys@@QEBA_NPEBUIResolverAuto@012@W4eStates@?$TFlags4State@USMediaFlagUid@libmedia@UModSys@@I@tl@2@@Z 0000000140002bb0 f i umodsys_lib_libmedia:umodsys.mod.media.stdio.obj
 0001:00001c40       ??$ValidateConstruction@UIRefObject@core@UModSys@@URStreamReader_FILE@stdio@media@modules@3@@core@UModSys@@YA_NAEAU?$TRefObject@UIRefObject@core@UModSys@@U?$TRefObjectFunc@UIRefObject@core@UModSys@@@tl@3@@tl@1@PEAURStreamReader_FILE@stdio@media@modules@1@@Z 0000000140002c40 f i umodsys_lib_libmedia:umodsys.mod.media.stdio.obj
 0001:00001c40       ??$ValidateConstruction@UIStreamReader@libmedia@UModSys@@URStreamReader_FILE@stdio@media@modules@3@@core@UModSys@@YA_NAEAU?$TRefObject@UIStreamReader@libmedia@UModSys@@U?$TRefObjectFunc@UIStreamReader@libmedia@UModSys@@@tl@3@@tl@1@PEAURStreamReader_FILE@stdio@media@modules@1@@Z 0000000140002c40 f i umodsys_lib_libmedia:umodsys.mod.media.stdio.obj
 0001:00001cc0       ??$ValidateConstruction@UIRefObject@core@UModSys@@URStreamWriter_FILE@stdio@media@modules@3@@core@UModSys@@YA_NAEAU?$TRefObject@UIRefObject@core@UModSys@@U?$TRefObjectFunc@UIRefObject@core@UModSys@@@tl@3@@tl@1@PEAURStreamWriter_FILE@stdio@media@modules@1@@Z 0000000140002cc0 f i umodsys_lib_libmedia:umodsys.mod.media.stdio.obj
 0001:00001cc0       ??$ValidateConstruction@UIStreamWriter@libmedia@UModSys@@URStreamWriter_FILE@stdio@media@modules@3@@core@UModSys@@YA_NAEAU?$TRefObject@UIStreamWriter@libmedia@UModSys@@U?$TRefObjectFunc@UIStreamWriter@libmedia@UModSys@@@tl@3@@tl@1@PEAURStreamWriter_FILE@stdio@media@modules@1@@Z 0000000140002cc0 f i umodsys_lib_libmedia:umodsys.mod.media.stdio.obj
 0001:00001d40       ??$ValidateConstruction@UIRefObject@core@UModSys@@URLibraryBinTree@stdlib@media@modules@3@@core@UModSys@@YA_NAEAU?$TRefObject@UIRefObject@core@UModSys@@U?$TRefObjectFunc@UIRefObject@core@UModSys@@@tl@3@@tl@1@PEAURLibraryBinTree@stdlib@media@modules@1@@Z 0000000140002d40 f i umodsys_lib_libmedia:umodsys.mod.media.stdlib.obj
 0001:00001d40       ??$ValidateConstruction@UIRefObject@core@UModSys@@URLibraryBinCache@stdlib@media@modules@3@@core@UModSys@@YA_NAEAU?$TRefObject@UIRefObject@core@UModSys@@U?$TRefObjectFunc@UIRefObject@core@UModSys@@@tl@3@@tl@1@PEAURLibraryBinCache@stdlib@media@modules@1@@Z 0000000140002d40 f i umodsys_lib_libmedia:umodsys.mod.media.stdlib.obj
 0001:00001d40       ??$ValidateConstruction@UIRefObject@core@UModSys@@URLibraryObjCache@stdlib@media@modules@3@@core@UModSys@@YA_NAEAU?$TRefObject@UIRefObject@core@UModSys@@U?$TRefObjectFunc@UIRefObject@core@UModSys@@@tl@3@@tl@1@PEAURLibraryObjCache@stdlib@media@modules@1@@Z 0000000140002d40 f i umodsys_lib_libmedia:umodsys.mod.media.stdlib.obj
 0001:00001d40       ??$ValidateConstruction@UIRefObject@core@UModSys@@URLibraryObjFilter@stdlib@media@modules@3@@core@UModSys@@YA_NAEAU?$TRefObject@UIRefObject@core@UModSys@@U?$TRefObjectFunc@UIRefObject@core@UModSys@@@tl@3@@tl@1@PEAURLibraryObjFilter@stdlib@media@modules@1@@Z 0000000140002d40 f i umodsys_lib_libmedia:umodsys.mod.media.stdlib.obj
 0001:00001d40       ??$ValidateConstruction@UIRefObject@core@UModSys@@URDataArchiver_OsDir@stdio@media@modules@3@@core@UModSys@@YA_NAEAU?$TRefObject@UIRefObject@core@UModSys@@U?$TRefObjectFunc@UIRefObject@core@UModSys@@@tl@3@@tl@1@PEAURDataArchiver_OsDir@stdio@media@modules@1@@Z 0000000140002d40 f i umodsys_lib_libmedia:umodsys.mod.media.stdio.obj
 0001:00001d40       ??$ValidateConstruction@UIRefObject@core@UModSys@@URLibraryLayered@stdlib@media@modules@3@@core@UModSys@@YA_NAEAU?$TRefObject@UIRefObject@core@UModSys@@U?$TRefObjectFunc@UIRefObject@core@UModSys@@@tl@3@@tl@1@PEAURLibraryLayered@stdlib@media@modules@1@@Z 0000000140002d40 f i umodsys_lib_libmedia:umodsys.mod.media.stdlib.obj
 0001:00001d40       ??$ValidateConstruction@UIRefObject@core@UModSys@@URBinArchiveFrame@stdlib@media@modules@3@@core@UModSys@@YA_NAEAU?$TRefObject@UIRefObject@core@UModSys@@U?$TRefObjectFunc@UIRefObject@core@UModSys@@@tl@3@@tl@1@PEAURBinArchiveFrame@stdlib@media@modules@1@@Z 0000000140002d40 f i umodsys_lib_libmedia:umodsys.mod.media.stdlib.obj
 0001:00001db0       ?s_set@?$TRefObjectFunc@UIRefObject@core@UModSys@@@tl@UModSys@@SAXAEAPEAUIRefObject@core@3@PEAU453@@Z 0000000140002db0 f i umodsys_lib_libmedia:umodsys.mod.media.stdio.obj
 0001:00001df0       ?get_flag@RResolverChain@SFlagsChain@libmedia@UModSys@@UEBA?AW4eStates@?$TFlags4State@USMediaFlagUid@libmedia@UModSys@@I@tl@4@H@Z 0000000140002df0 f i umodsys_lib_libmedia:umodsys.mod.media.stdlib.obj
 0001:00001e40       ??1SLayer@ILibraryLayered@libmedia@UModSys@@QEAA@XZ 0000000140002e40 f i umodsys_lib_libmedia:umodsys.mod.media.stdlib.obj
 0001:00001e40       ??1SPoint@ILibraryBinTree@libmedia@UModSys@@QEAA@XZ 0000000140002e40 f i umodsys_lib_libmedia:umodsys.mod.media.stdlib.obj
 0001:00001e70       ?root_get_interface_info@RBinArchiveFrame@stdlib@media@modules@UModSys@@UEBAAEBUSUniquePointerInfo@core@5@XZ 0000000140002e70 f i umodsys_lib_libmedia:umodsys.mod.media.stdlib.obj
 0001:00001e80       ?root_get_interface_type@RBinArchiveFrame@stdlib@media@modules@UModSys@@UEBAPEBUSUniquePointerInfo@core@5@XZ 0000000140002e80 f i umodsys_lib_libmedia:umodsys.mod.media.stdlib.obj
 0001:00001e90       ?root_get_other_interface@RBinArchiveFrame@stdlib@media@modules@UModSys@@UEBAPEBUIRoot@core@5@PEBUSUniquePointerInfo@75@@Z 0000000140002e90 f i umodsys_lib_libmedia:umodsys.mod.media.stdlib.obj
 0001:00001e90       ?root_get_other_interface@RBinArchiveFrame@stdlib@media@modules@UModSys@@UEAAPEAUIRoot@core@5@PEBUSUniquePointerInfo@75@@Z 0000000140002e90 f i umodsys_lib_libmedia:umodsys.mod.media.stdlib.obj
 0001:00001ed0       ?root_is_interface_supported@RBinArchiveFrame@stdlib@media@modules@UModSys@@UEBA_NPEBUSUniquePointerInfo@core@5@@Z 0000000140002ed0 f i umodsys_lib_libmedia:umodsys.mod.media.stdlib.obj
 0001:00001f10       ?ref_add@RBinArchiveFrame@stdlib@media@modules@UModSys@@UEBAXXZ 0000000140002f10 f i umodsys_lib_libmedia:umodsys.mod.media.stdlib.obj
 0001:00001f20       ?ref_remove@RBinArchiveFrame@stdlib@media@modules@UModSys@@UEBAXXZ 0000000140002f20 f i umodsys_lib_libmedia:umodsys.mod.media.stdlib.obj
 0001:00001f40       ?ref_links@RBinArchiveFrame@stdlib@media@modules@UModSys@@UEBAHXZ 0000000140002f40 f i umodsys_lib_libmedia:umodsys.mod.media.stdlib.obj
 0001:00001f50       ?ref_weak@RBinArchiveFrame@stdlib@media@modules@UModSys@@UEBA_NAEAUWeakPointer@IRefObject@core@5@@Z 0000000140002f50 f i umodsys_lib_libmedia:umodsys.mod.media.stdlib.obj
 0001:00001f70       ?suicide@RBinArchiveFrame@stdlib@media@modules@UModSys@@UEAAXXZ 0000000140002f70 f i umodsys_lib_libmedia:umodsys.mod.media.stdlib.obj
 0001:00001fc0       ??0RBinArchiveFrame@stdlib@media@modules@UModSys@@QEAA@PEAUIModObject@base@4@AEBUSParameters@core@4@U?$TFlags4State@USMediaFlagUid@libmedia@UModSys@@I@tl@4@@Z 0000000140002fc0 f i umodsys_lib_libmedia:umodsys.mod.media.stdlib.obj
 0001:00002070       ??1RBinArchiveFrame@stdlib@media@modules@UModSys@@UEAA@XZ 0000000140003070 f i umodsys_lib_libmedia:umodsys.mod.media.stdlib.obj
 0001:00002140       ?get_flag@RBinArchiveFrame@stdlib@media@modules@UModSys@@UEBA?AW4eStates@?$TFlags4State@USMediaFlagUid@libmedia@UModSys@@I@tl@5@H@Z 0000000140003140 f i umodsys_lib_libmedia:umodsys.mod.media.stdlib.obj
 0001:00002150       ?get_flags_auto@RBinArchiveFrame@stdlib@media@modules@UModSys@@UEBA?AU?$TFlags4State@USMediaFlagUid@libmedia@UModSys@@I@tl@5@XZ 0000000140003150 f i umodsys_lib_libmedia:umodsys.mod.media.stdlib.obj
 0001:00002160       ?set_flag@RBinArchiveFrame@stdlib@media@modules@UModSys@@UEAA?AW4eStates@?$TFlags4State@USMediaFlagUid@libmedia@UModSys@@I@tl@5@HW46785@@Z 0000000140003160 f i umodsys_lib_libmedia:umodsys.mod.media.stdlib.obj
 0001:00002190       ?get_permissions@RBinArchiveFrame@stdlib@media@modules@UModSys@@UEAAHXZ 0000000140003190 f i umodsys_lib_libmedia:umodsys.mod.media.stdlib.obj
 0001:00002190       ?node_size@RBinArchiveFrame@stdlib@media@modules@UModSys@@UEAA_KAEBU?$TString@U?$TSCoreConst@D@su@tl@UModSys@@U?$TComparerBinaryHash@D@234@@tl@5@H@Z 0000000140003190 f i umodsys_lib_libmedia:umodsys.mod.media.stdlib.obj
 0001:00002190       ?add_node_w@RBinArchiveFrame@stdlib@media@modules@UModSys@@UEAAPEAUNameNode@IBinArchiveFrame@libmedia@5@AEBU?$TString@U?$TSCoreConst@D@su@tl@UModSys@@U?$TComparerBinaryHash@D@234@@tl@5@_K@Z 0000000140003190 f i umodsys_lib_libmedia:umodsys.mod.media.stdlib.obj
 0001:00002190       ?add_node_r@RBinArchiveFrame@stdlib@media@modules@UModSys@@UEAAPEAUNameNode@IBinArchiveFrame@libmedia@5@AEBU?$TString@U?$TSCoreConst@D@su@tl@UModSys@@U?$TComparerBinaryHash@D@234@@tl@5@_KAEAUSMem@core@5@@Z 0000000140003190 f i umodsys_lib_libmedia:umodsys.mod.media.stdlib.obj
 0001:00002190       ?find_node@RBinArchiveFrame@stdlib@media@modules@UModSys@@UEAAPEAUNameNode@IBinArchiveFrame@libmedia@5@AEBU?$TString@U?$TSCoreConst@D@su@tl@UModSys@@U?$TComparerBinaryHash@D@234@@tl@5@@Z 0000000140003190 f i umodsys_lib_libmedia:umodsys.mod.media.stdlib.obj
 0001:000021a0       ??_ERBinArchiveFrame@stdlib@media@modules@UModSys@@UEAAPEAXI@Z 00000001400031a0 f i  CIL library: CIL module
 0001:000021a0       ??_GRBinArchiveFrame@stdlib@media@modules@UModSys@@UEAAPEAXI@Z 00000001400031a0 f i umodsys_lib_libmedia:umodsys.mod.media.stdlib.obj
 0001:000021d0       ??1IBinArchiveFrame@libmedia@UModSys@@UEAA@XZ 00000001400031d0 f i umodsys_lib_libmedia:umodsys.mod.media.stdlib.obj
 0001:00002240       ?root_get_interface_info@RLibraryBinCache@stdlib@media@modules@UModSys@@UEBAAEBUSUniquePointerInfo@core@5@XZ 0000000140003240 f i umodsys_lib_libmedia:umodsys.mod.media.stdlib.obj
 0001:00002250       ?root_get_interface_type@RLibraryBinCache@stdlib@media@modules@UModSys@@UEBAPEBUSUniquePointerInfo@core@5@XZ 0000000140003250 f i umodsys_lib_libmedia:umodsys.mod.media.stdlib.obj
 0001:00002260       ?root_get_other_interface@RLibraryBinCache@stdlib@media@modules@UModSys@@UEBAPEBUIRoot@core@5@PEBUSUniquePointerInfo@75@@Z 0000000140003260 f i umodsys_lib_libmedia:umodsys.mod.media.stdlib.obj
 0001:00002260       ?root_get_other_interface@RLibraryBinCache@stdlib@media@modules@UModSys@@UEAAPEAUIRoot@core@5@PEBUSUniquePointerInfo@75@@Z 0000000140003260 f i umodsys_lib_libmedia:umodsys.mod.media.stdlib.obj
 0001:000022a0       ?root_is_interface_supported@RLibraryBinCache@stdlib@media@modules@UModSys@@UEBA_NPEBUSUniquePointerInfo@core@5@@Z 00000001400032a0 f i umodsys_lib_libmedia:umodsys.mod.media.stdlib.obj
 0001:000022e0       ??0RLibraryBinCache@stdlib@media@modules@UModSys@@QEAA@PEAUIModObject@base@4@AEBUSParameters@core@4@U?$TFlags4State@USMediaFlagUid@libmedia@UModSys@@I@tl@4@@Z 00000001400032e0 f i umodsys_lib_libmedia:umodsys.mod.media.stdlib.obj
 0001:00002380       ?get_flags_auto@RLibraryBinCache@stdlib@media@modules@UModSys@@UEBA?AU?$TFlags4State@USMediaFlagUid@libmedia@UModSys@@I@tl@5@XZ 0000000140003380 f i umodsys_lib_libmedia:umodsys.mod.media.stdlib.obj
 0001:00002390       ?set_flag@RLibraryObjFilter@stdlib@media@modules@UModSys@@UEAA?AW4eStates@?$TFlags4State@USMediaFlagUid@libmedia@UModSys@@I@tl@5@HW46785@@Z 0000000140003390 f i umodsys_lib_libmedia:umodsys.mod.media.stdlib.obj
 0001:00002390       ?set_flag@RLibraryObjCache@stdlib@media@modules@UModSys@@UEAA?AW4eStates@?$TFlags4State@USMediaFlagUid@libmedia@UModSys@@I@tl@5@HW46785@@Z 0000000140003390 f i umodsys_lib_libmedia:umodsys.mod.media.stdlib.obj
 0001:00002390       ?set_flag@RLibraryBinTree@stdlib@media@modules@UModSys@@UEAA?AW4eStates@?$TFlags4State@USMediaFlagUid@libmedia@UModSys@@I@tl@5@HW46785@@Z 0000000140003390 f i umodsys_lib_libmedia:umodsys.mod.media.stdlib.obj
 0001:00002390       ?set_flag@RLibraryBinCache@stdlib@media@modules@UModSys@@UEAA?AW4eStates@?$TFlags4State@USMediaFlagUid@libmedia@UModSys@@I@tl@5@HW46785@@Z 0000000140003390 f i umodsys_lib_libmedia:umodsys.mod.media.stdlib.obj
 0001:000023c0       ?bin_load@RLibraryBinCache@stdlib@media@modules@UModSys@@UEAA_NAEBU?$TString@U?$TSCoreConst@D@su@tl@UModSys@@U?$TComparerBinaryHash@D@234@@tl@5@AEAUSCMemShared@core@5@AEBUSFlags@libmedia@5@@Z 00000001400033c0 f i umodsys_lib_libmedia:umodsys.mod.media.stdlib.obj
 0001:00002460       ?bin_save@RLibraryObjCache@stdlib@media@modules@UModSys@@UEAA_NAEBU?$TString@U?$TSCoreConst@D@su@tl@UModSys@@U?$TComparerBinaryHash@D@234@@tl@5@AEBUSCMem@core@5@AEBUSFlags@libmedia@5@@Z 0000000140003460 f i umodsys_lib_libmedia:umodsys.mod.media.stdlib.obj
 0001:00002460       ?bin_info@RLibraryBinCache@stdlib@media@modules@UModSys@@UEAA_NAEBU?$TString@U?$TSCoreConst@D@su@tl@UModSys@@U?$TComparerBinaryHash@D@234@@tl@5@AEAU?$TIStackSocket@USFileInfo@libmedia@UModSys@@@75@AEBUSFlags@libmedia@5@@Z 0000000140003460 f i umodsys_lib_libmedia:umodsys.mod.media.stdlib.obj
 0001:00002460       ?bin_info@RLibraryObjFilter@stdlib@media@modules@UModSys@@UEAA_NAEBU?$TString@U?$TSCoreConst@D@su@tl@UModSys@@U?$TComparerBinaryHash@D@234@@tl@5@AEAU?$TIStackSocket@USFileInfo@libmedia@UModSys@@@75@AEBUSFlags@libmedia@5@@Z 0000000140003460 f i umodsys_lib_libmedia:umodsys.mod.media.stdlib.obj
 0001:00002460       ?obj_cget@RLibraryBinTree@stdlib@media@modules@UModSys@@UEAA_NAEBU?$TString@U?$TSCoreConst@D@su@tl@UModSys@@U?$TComparerBinaryHash@D@234@@tl@5@AEAU?$TRefObject@UIRefObject@core@UModSys@@U?$TRefObjectFunc@UIRefObject@core@UModSys@@@tl@3@@75@_N@Z 0000000140003460 f i umodsys_lib_libmedia:umodsys.mod.media.stdlib.obj
 0001:00002460       ?obj_load@RLibraryObjCache@stdlib@media@modules@UModSys@@UEAA_NAEBU?$TString@U?$TSCoreConst@D@su@tl@UModSys@@U?$TComparerBinaryHash@D@234@@tl@5@PEAUIRefObject@core@5@AEBUSObjOptions@ILibrary@libmedia@5@@Z 0000000140003460 f i umodsys_lib_libmedia:umodsys.mod.media.stdlib.obj
 0001:00002460       ?obj_save@RLibraryBinCache@stdlib@media@modules@UModSys@@UEAA_NAEBU?$TString@U?$TSCoreConst@D@su@tl@UModSys@@U?$TComparerBinaryHash@D@234@@tl@5@PEBUIRefObject@core@5@AEBUSObjOptions@ILibrary@libmedia@5@@Z 0000000140003460 f i umodsys_lib_libmedia:umodsys.mod.media.stdlib.obj
 0001:00002460       ?bin_save@RLibraryBinCache@stdlib@media@modules@UModSys@@UEAA_NAEBU?$TString@U?$TSCoreConst@D@su@tl@UModSys@@U?$TComparerBinaryHash@D@234@@tl@5@AEBUSCMem@core@5@AEBUSFlags@libmedia@5@@Z 0000000140003460 f i umodsys_lib_libmedia:umodsys.mod.media.stdlib.obj
 0001:00002460       ?obj_fget@RLibraryObjCache@stdlib@media@modules@UModSys@@UEAA_NAEBUSInfo@IBinObjFilter@libmedia@5@AEAU?$TRefObject@UIRefObject@core@UModSys@@U?$TRefObjectFunc@UIRefObject@core@UModSys@@@tl@3@@tl@5@@Z 0000000140003460 f i umodsys_lib_libmedia:umodsys.mod.media.stdlib.obj
 0001:00002460       ?obj_fload@RLibraryObjCache@stdlib@media@modules@UModSys@@UEAA_NAEBUSInfo@IBinObjFilter@libmedia@5@PEAUIRefObject@core@5@@Z 0000000140003460 f i umodsys_lib_libmedia:umodsys.mod.media.stdlib.obj
 0001:00002460       ?obj_fsave@RLibraryBinTree@stdlib@media@modules@UModSys@@UEAA_NAEAUSInfo@IBinObjFilter@libmedia@5@PEBUIRefObject@core@5@@Z 0000000140003460 f i umodsys_lib_libmedia:umodsys.mod.media.stdlib.obj
 0001:00002460       ?obj_cget@RLibraryObjFilter@stdlib@media@modules@UModSys@@UEAA_NAEBU?$TString@U?$TSCoreConst@D@su@tl@UModSys@@U?$TComparerBinaryHash@D@234@@tl@5@AEAU?$TRefObject@UIRefObject@core@UModSys@@U?$TRefObjectFunc@UIRefObject@core@UModSys@@@tl@3@@75@_N@Z 0000000140003460 f i umodsys_lib_libmedia:umodsys.mod.media.stdlib.obj
 0001:00002460       ?bin_put@RLibraryBinTree@stdlib@media@modules@UModSys@@UEAA_NAEBU?$TString@U?$TSCoreConst@D@su@tl@UModSys@@U?$TComparerBinaryHash@D@234@@tl@5@PEBUSCMemShared@core@5@@Z 0000000140003460 f i umodsys_lib_libmedia:umodsys.mod.media.stdlib.obj
 0001:00002460       ?obj_get@RLibraryBinTree@stdlib@media@modules@UModSys@@UEAA_NAEBU?$TString@U?$TSCoreConst@D@su@tl@UModSys@@U?$TComparerBinaryHash@D@234@@tl@5@AEAU?$TRefObject@UIRefObject@core@UModSys@@U?$TRefObjectFunc@UIRefObject@core@UModSys@@@tl@3@@75@AEBUSObjOptions@ILibrary@libmedia@5@@Z 0000000140003460 f i umodsys_lib_libmedia:umodsys.mod.media.stdlib.obj
 0001:00002460       ?obj_fget@RLibraryBinTree@stdlib@media@modules@UModSys@@UEAA_NAEBUSInfo@IBinObjFilter@libmedia@5@AEAU?$TRefObject@UIRefObject@core@UModSys@@U?$TRefObjectFunc@UIRefObject@core@UModSys@@@tl@3@@tl@5@@Z 0000000140003460 f i umodsys_lib_libmedia:umodsys.mod.media.stdlib.obj
 0001:00002460       ?obj_save@RLibraryBinTree@stdlib@media@modules@UModSys@@UEAA_NAEBU?$TString@U?$TSCoreConst@D@su@tl@UModSys@@U?$TComparerBinaryHash@D@234@@tl@5@PEBUIRefObject@core@5@AEBUSObjOptions@ILibrary@libmedia@5@@Z 0000000140003460 f i umodsys_lib_libmedia:umodsys.mod.media.stdlib.obj
 0001:00002460       ?bin_get@RLibraryBinTree@stdlib@media@modules@UModSys@@UEAA_NAEBU?$TString@U?$TSCoreConst@D@su@tl@UModSys@@U?$TComparerBinaryHash@D@234@@tl@5@AEAUSCMemShared@core@5@_N@Z 0000000140003460 f i umodsys_lib_libmedia:umodsys.mod.media.stdlib.obj
 0001:00002460       ?bin_info@RLibraryObjCache@stdlib@media@modules@UModSys@@UEAA_NAEBU?$TString@U?$TSCoreConst@D@su@tl@UModSys@@U?$TComparerBinaryHash@D@234@@tl@5@AEAUSFileInfo@libmedia@5@AEBUSFlags@95@@Z 0000000140003460 f i umodsys_lib_libmedia:umodsys.mod.media.stdlib.obj
 0001:00002460       ?obj_cput@RLibraryObjFilter@stdlib@media@modules@UModSys@@UEAA_NAEBU?$TString@U?$TSCoreConst@D@su@tl@UModSys@@U?$TComparerBinaryHash@D@234@@tl@5@PEAUIRefObject@core@5@@Z 0000000140003460 f i umodsys_lib_libmedia:umodsys.mod.media.stdlib.obj
 0001:00002460       ?obj_cput@RLibraryBinTree@stdlib@media@modules@UModSys@@UEAA_NAEBU?$TString@U?$TSCoreConst@D@su@tl@UModSys@@U?$TComparerBinaryHash@D@234@@tl@5@PEAUIRefObject@core@5@@Z 0000000140003460 f i umodsys_lib_libmedia:umodsys.mod.media.stdlib.obj
 0001:00002460       ?data_list@RBinArchiveFrame@stdlib@media@modules@UModSys@@UEAA_NAEBU?$TString@U?$TSCoreConst@D@su@tl@UModSys@@U?$TComparerBinaryHash@D@234@@tl@5@AEAU?$TIStackSocket@USFileInfo@libmedia@UModSys@@@75@AEBUSFlags@libmedia@5@@Z 0000000140003460 f i umodsys_lib_libmedia:umodsys.mod.media.stdlib.obj
 0001:00002460       ?bin_load@RLibraryObjFilter@stdlib@media@modules@UModSys@@UEAA_NAEBU?$TString@U?$TSCoreConst@D@su@tl@UModSys@@U?$TComparerBinaryHash@D@234@@tl@5@AEAUSCMemShared@core@5@AEBUSFlags@libmedia@5@@Z 0000000140003460 f i umodsys_lib_libmedia:umodsys.mod.media.stdlib.obj
 0001:00002460       ?bin_save@RLibraryObjFilter@stdlib@media@modules@UModSys@@UEAA_NAEBU?$TString@U?$TSCoreConst@D@su@tl@UModSys@@U?$TComparerBinaryHash@D@234@@tl@5@AEBUSCMem@core@5@AEBUSFlags@libmedia@5@@Z 0000000140003460 f i umodsys_lib_libmedia:umodsys.mod.media.stdlib.obj
 0001:00002460       ?obj_fsave@RLibraryObjCache@stdlib@media@modules@UModSys@@UEAA_NAEAUSInfo@IBinObjFilter@libmedia@5@PEBUIRefObject@core@5@@Z 0000000140003460 f i umodsys_lib_libmedia:umodsys.mod.media.stdlib.obj
 0001:00002460       ?obj_save@RLibraryObjCache@stdlib@media@modules@UModSys@@UEAA_NAEBU?$TString@U?$TSCoreConst@D@su@tl@UModSys@@U?$TComparerBinaryHash@D@234@@tl@5@PEBUIRefObject@core@5@AEBUSObjOptions@ILibrary@libmedia@5@@Z 0000000140003460 f i umodsys_lib_libmedia:umodsys.mod.media.stdlib.obj
 0001:00002460       ?data_load@RBinArchiveFrame@stdlib@media@modules@UModSys@@UEAA_NAEBU?$TString@U?$TSCoreConst@D@su@tl@UModSys@@U?$TComparerBinaryHash@D@234@@tl@5@AEAUSCMemShared@core@5@AEBUSFlags@libmedia@5@@Z 0000000140003460 f i umodsys_lib_libmedia:umodsys.mod.media.stdlib.obj
 0001:00002460       ?obj_load@RLibraryObjFilter@stdlib@media@modules@UModSys@@UEAA_NAEBU?$TString@U?$TSCoreConst@D@su@tl@UModSys@@U?$TComparerBinaryHash@D@234@@tl@5@PEAUIRefObject@core@5@AEBUSObjOptions@ILibrary@libmedia@5@@Z 0000000140003460 f i umodsys_lib_libmedia:umodsys.mod.media.stdlib.obj
 0001:00002460       ?bin_load@RLibraryObjCache@stdlib@media@modules@UModSys@@UEAA_NAEBU?$TString@U?$TSCoreConst@D@su@tl@UModSys@@U?$TComparerBinaryHash@D@234@@tl@5@AEAUSCMemShared@core@5@AEBUSFlags@libmedia@5@@Z 0000000140003460 f i umodsys_lib_libmedia:umodsys.mod.media.stdlib.obj
 0001:00002460       ?obj_get@RLibraryBinCache@stdlib@media@modules@UModSys@@UEAA_NAEBU?$TString@U?$TSCoreConst@D@su@tl@UModSys@@U?$TComparerBinaryHash@D@234@@tl@5@AEAU?$TRefObject@UIRefObject@core@UModSys@@U?$TRefObjectFunc@UIRefObject@core@UModSys@@@tl@3@@75@AEBUSObjOptions@ILibrary@libmedia@5@@Z 0000000140003460 f i umodsys_lib_libmedia:umodsys.mod.media.stdlib.obj
 0001:00002460       ?obj_load@RLibraryBinTree@stdlib@media@modules@UModSys@@UEAA_NAEBU?$TString@U?$TSCoreConst@D@su@tl@UModSys@@U?$TComparerBinaryHash@D@234@@tl@5@PEAUIRefObject@core@5@AEBUSObjOptions@ILibrary@libmedia@5@@Z 0000000140003460 f i umodsys_lib_libmedia:umodsys.mod.media.stdlib.obj
 0001:00002460       ?obj_save@RLibraryObjFilter@stdlib@media@modules@UModSys@@UEAA_NAEBU?$TString@U?$TSCoreConst@D@su@tl@UModSys@@U?$TComparerBinaryHash@D@234@@tl@5@PEBUIRefObject@core@5@AEBUSObjOptions@ILibrary@libmedia@5@@Z 0000000140003460 f i umodsys_lib_libmedia:umodsys.mod.media.stdlib.obj
 0001:00002460       ?obj_fload@RLibraryBinCache@stdlib@media@modules@UModSys@@UEAA_NAEBUSInfo@IBinObjFilter@libmedia@5@PEAUIRefObject@core@5@@Z 0000000140003460 f i umodsys_lib_libmedia:umodsys.mod.media.stdlib.obj
 0001:00002460       ?data_save@RBinArchiveFrame@stdlib@media@modules@UModSys@@UEAA_NAEBU?$TString@U?$TSCoreConst@D@su@tl@UModSys@@U?$TComparerBinaryHash@D@234@@tl@5@AEBUSCMem@core@5@AEBUSFlags@libmedia@5@@Z 0000000140003460 f i umodsys_lib_libmedia:umodsys.mod.media.stdlib.obj
 0001:00002460       ?bin_info@RLibraryBinTree@stdlib@media@modules@UModSys@@UEAA_NAEBU?$TString@U?$TSCoreConst@D@su@tl@UModSys@@U?$TComparerBinaryHash@D@234@@tl@5@AEAUSFileInfo@libmedia@5@AEBUSFlags@95@@Z 0000000140003460 f i umodsys_lib_libmedia:umodsys.mod.media.stdlib.obj
 0001:00002460       ?bin_put@RLibraryObjFilter@stdlib@media@modules@UModSys@@UEAA_NAEBU?$TString@U?$TSCoreConst@D@su@tl@UModSys@@U?$TComparerBinaryHash@D@234@@tl@5@PEBUSCMemShared@core@5@@Z 0000000140003460 f i umodsys_lib_libmedia:umodsys.mod.media.stdlib.obj
 0001:00002460       ?obj_get@RLibraryObjFilter@stdlib@media@modules@UModSys@@UEAA_NAEBU?$TString@U?$TSCoreConst@D@su@tl@UModSys@@U?$TComparerBinaryHash@D@234@@tl@5@AEAU?$TRefObject@UIRefObject@core@UModSys@@U?$TRefObjectFunc@UIRefObject@core@UModSys@@@tl@3@@75@AEBUSObjOptions@ILibrary@libmedia@5@@Z 0000000140003460 f i umodsys_lib_libmedia:umodsys.mod.media.stdlib.obj
 0001:00002460       ?obj_fload@RLibraryBinTree@stdlib@media@modules@UModSys@@UEAA_NAEBUSInfo@IBinObjFilter@libmedia@5@PEAUIRefObject@core@5@@Z 0000000140003460 f i umodsys_lib_libmedia:umodsys.mod.media.stdlib.obj
 0001:00002460       ?remove_node@RBinArchiveFrame@stdlib@media@modules@UModSys@@UEAA_NPEAUNameNode@IBinArchiveFrame@libmedia@5@@Z 0000000140003460 f i umodsys_lib_libmedia:umodsys.mod.media.stdlib.obj
 0001:00002460       ?obj_fsave@RLibraryBinCache@stdlib@media@modules@UModSys@@UEAA_NAEAUSInfo@IBinObjFilter@libmedia@5@PEBUIRefObject@core@5@@Z 0000000140003460 f i umodsys_lib_libmedia:umodsys.mod.media.stdlib.obj
 0001:00002460       ?bin_info@RLibraryBinCache@stdlib@media@modules@UModSys@@UEAA_NAEBU?$TString@U?$TSCoreConst@D@su@tl@UModSys@@U?$TComparerBinaryHash@D@234@@tl@5@AEAUSFileInfo@libmedia@5@AEBUSFlags@95@@Z 0000000140003460 f i umodsys_lib_libmedia:umodsys.mod.media.stdlib.obj
 0001:00002460       ?bin_info@RLibraryObjFilter@stdlib@media@modules@UModSys@@UEAA_NAEBU?$TString@U?$TSCoreConst@D@su@tl@UModSys@@U?$TComparerBinaryHash@D@234@@tl@5@AEAUSFileInfo@libmedia@5@AEBUSFlags@95@@Z 0000000140003460 f i umodsys_lib_libmedia:umodsys.mod.media.stdlib.obj
 0001:00002460       ?obj_load@RLibraryBinCache@stdlib@media@modules@UModSys@@UEAA_NAEBU?$TString@U?$TSCoreConst@D@su@tl@UModSys@@U?$TComparerBinaryHash@D@234@@tl@5@PEAUIRefObject@core@5@AEBUSObjOptions@ILibrary@libmedia@5@@Z 0000000140003460 f i umodsys_lib_libmedia:umodsys.mod.media.stdlib.obj
 0001:00002460       ?bin_info@RLibraryObjCache@stdlib@media@modules@UModSys@@UEAA_NAEBU?$TString@U?$TSCoreConst@D@su@tl@UModSys@@U?$TComparerBinaryHash@D@234@@tl@5@AEAU?$TIStackSocket@USFileInfo@libmedia@UModSys@@@75@AEBUSFlags@libmedia@5@@Z 0000000140003460 f i umodsys_lib_libmedia:umodsys.mod.media.stdlib.obj
 0001:00002460       ?bin_get@RLibraryObjFilter@stdlib@media@modules@UModSys@@UEAA_NAEBU?$TString@U?$TSCoreConst@D@su@tl@UModSys@@U?$TComparerBinaryHash@D@234@@tl@5@AEAUSCMemShared@core@5@_N@Z 0000000140003460 f i umodsys_lib_libmedia:umodsys.mod.media.stdlib.obj
 0001:00002460       ?obj_cput@RLibraryBinCache@stdlib@media@modules@UModSys@@UEAA_NAEBU?$TString@U?$TSCoreConst@D@su@tl@UModSys@@U?$TComparerBinaryHash@D@234@@tl@5@PEAUIRefObject@core@5@@Z 0000000140003460 f i umodsys_lib_libmedia:umodsys.mod.media.stdlib.obj
 0001:00002460       ?open@RBinArchiveFrame@stdlib@media@modules@UModSys@@UEAA_NPEAUIClient@IBinArchiveFrame@libmedia@5@PEBUSParameters@core@5@@Z 0000000140003460 f i umodsys_lib_libmedia:umodsys.mod.media.stdlib.obj
 0001:00002460       ?bin_put@RLibraryObjCache@stdlib@media@modules@UModSys@@UEAA_NAEBU?$TString@U?$TSCoreConst@D@su@tl@UModSys@@U?$TComparerBinaryHash@D@234@@tl@5@PEBUSCMemShared@core@5@@Z 0000000140003460 f i umodsys_lib_libmedia:umodsys.mod.media.stdlib.obj
 0001:00002460       ?close@RBinArchiveFrame@stdlib@media@modules@UModSys@@UEAA_NXZ 0000000140003460 f i umodsys_lib_libmedia:umodsys.mod.media.stdlib.obj
 0001:00002460       ?obj_fget@RLibraryBinCache@stdlib@media@modules@UModSys@@UEAA_NAEBUSInfo@IBinObjFilter@libmedia@5@AEAU?$TRefObject@UIRefObject@core@UModSys@@U?$TRefObjectFunc@UIRefObject@core@UModSys@@@tl@3@@tl@5@@Z 0000000140003460 f i umodsys_lib_libmedia:umodsys.mod.media.stdlib.obj
 0001:00002460       ?bin_info@RLibraryBinTree@stdlib@media@modules@UModSys@@UEAA_NAEBU?$TString@U?$TSCoreConst@D@su@tl@UModSys@@U?$TComparerBinaryHash@D@234@@tl@5@AEAU?$TIStackSocket@USFileInfo@libmedia@UModSys@@@75@AEBUSFlags@libmedia@5@@Z 0000000140003460 f i umodsys_lib_libmedia:umodsys.mod.media.stdlib.obj
 0001:00002460       ?bin_get@RLibraryObjCache@stdlib@media@modules@UModSys@@UEAA_NAEBU?$TString@U?$TSCoreConst@D@su@tl@UModSys@@U?$TComparerBinaryHash@D@234@@tl@5@AEAUSCMemShared@core@5@_N@Z 0000000140003460 f i umodsys_lib_libmedia:umodsys.mod.media.stdlib.obj
 0001:00002460       ?obj_cget@RLibraryBinCache@stdlib@media@modules@UModSys@@UEAA_NAEBU?$TString@U?$TSCoreConst@D@su@tl@UModSys@@U?$TComparerBinaryHash@D@234@@tl@5@AEAU?$TRefObject@UIRefObject@core@UModSys@@U?$TRefObjectFunc@UIRefObject@core@UModSys@@@tl@3@@75@_N@Z 0000000140003460 f i umodsys_lib_libmedia:umodsys.mod.media.stdlib.obj
 0001:00002470       ?bin_put@RLibraryBinCache@stdlib@media@modules@UModSys@@UEAA_NAEBU?$TString@U?$TSCoreConst@D@su@tl@UModSys@@U?$TComparerBinaryHash@D@234@@tl@5@PEBUSCMemShared@core@5@@Z 0000000140003470 f i umodsys_lib_libmedia:umodsys.mod.media.stdlib.obj
 0001:00002490       ?bincache_get@RLibraryBinCache@stdlib@media@modules@UModSys@@UEBA_NAEBU?$TString@U?$TSCoreConst@D@su@tl@UModSys@@U?$TComparerBinaryHash@D@234@@tl@5@PEAUSCMemShared@core@5@PEA_N@Z 0000000140003490 f i umodsys_lib_libmedia:umodsys.mod.media.stdlib.obj
 0001:00002540       ?bincache_add@RLibraryBinCache@stdlib@media@modules@UModSys@@UEAA_NAEBU?$TString@U?$TSCoreConst@D@su@tl@UModSys@@U?$TComparerBinaryHash@D@234@@tl@5@@Z 0000000140003540 f i umodsys_lib_libmedia:umodsys.mod.media.stdlib.obj
 0001:00002570       ?bincache_add@RLibraryBinCache@stdlib@media@modules@UModSys@@UEAA_NAEBU?$TString@U?$TSCoreConst@D@su@tl@UModSys@@U?$TComparerBinaryHash@D@234@@tl@5@AEBUSCMemShared@core@5@@Z 0000000140003570 f i umodsys_lib_libmedia:umodsys.mod.media.stdlib.obj
 0001:00002580       ?bincache_remove@RLibraryBinCache@stdlib@media@modules@UModSys@@UEAA_NAEBU?$TString@U?$TSCoreConst@D@su@tl@UModSys@@U?$TComparerBinaryHash@D@234@@tl@5@@Z 0000000140003580 f i umodsys_lib_libmedia:umodsys.mod.media.stdlib.obj
 0001:000025e0       ?bincache_clear@RLibraryBinCache@stdlib@media@modules@UModSys@@UEAA_NXZ 00000001400035e0 f i umodsys_lib_libmedia:umodsys.mod.media.stdlib.obj
 0001:00002610       ?bincache_add@RLibraryBinCache@stdlib@media@modules@UModSys@@QEAA_NAEBU?$TString@U?$TSCoreConst@D@su@tl@UModSys@@U?$TComparerBinaryHash@D@234@@tl@5@AEBUSCMemShared@core@5@_N@Z 0000000140003610 f i umodsys_lib_libmedia:umodsys.mod.media.stdlib.obj
 0001:00002820       ??_GRLibraryBinCache@stdlib@media@modules@UModSys@@UEAAPEAXI@Z 0000000140003820 f i umodsys_lib_libmedia:umodsys.mod.media.stdlib.obj
 0001:00002820       ??_ERLibraryBinCache@stdlib@media@modules@UModSys@@UEAAPEAXI@Z 0000000140003820 f i  CIL library: CIL module
 0001:000028a0       ??1IStreamReader@libmedia@UModSys@@UEAA@XZ 00000001400038a0 f i umodsys_lib_libmedia:umodsys.mod.media.stdio.obj
 0001:000028a0       ??1IStreamWriter@libmedia@UModSys@@UEAA@XZ 00000001400038a0 f i umodsys_lib_libmedia:umodsys.mod.media.stdio.obj
 0001:000028a0       ??1ILibraryBinTree@libmedia@UModSys@@UEAA@XZ 00000001400038a0 f i umodsys_lib_libmedia:umodsys.mod.media.stdlib.obj
 0001:000028a0       ??1ILibraryLayered@libmedia@UModSys@@UEAA@XZ 00000001400038a0 f i umodsys_lib_libmedia:umodsys.mod.media.stdlib.obj
 0001:000028a0       ??1ILibraryObjFilter@libmedia@UModSys@@UEAA@XZ 00000001400038a0 f i umodsys_lib_libmedia:umodsys.mod.media.stdlib.obj
 0001:000028a0       ??1IBinArchive@libmedia@UModSys@@UEAA@XZ 00000001400038a0 f i umodsys_lib_libmedia:umodsys.mod.media.stdio.obj
 0001:000028a0       ??1ILibraryBinCache@libmedia@UModSys@@UEAA@XZ 00000001400038a0 f i umodsys_lib_libmedia:umodsys.mod.media.stdlib.obj
 0001:000028a0       ??1ILibraryObjCache@libmedia@UModSys@@UEAA@XZ 00000001400038a0 f i umodsys_lib_libmedia:umodsys.mod.media.stdlib.obj
 0001:000028b0       ?root_get_interface_info@RLibraryBinTree@stdlib@media@modules@UModSys@@UEBAAEBUSUniquePointerInfo@core@5@XZ 00000001400038b0 f i umodsys_lib_libmedia:umodsys.mod.media.stdlib.obj
 0001:000028c0       ?root_get_interface_type@RLibraryBinTree@stdlib@media@modules@UModSys@@UEBAPEBUSUniquePointerInfo@core@5@XZ 00000001400038c0 f i umodsys_lib_libmedia:umodsys.mod.media.stdlib.obj
 0001:000028d0       ?root_get_other_interface@RLibraryBinTree@stdlib@media@modules@UModSys@@UEAAPEAUIRoot@core@5@PEBUSUniquePointerInfo@75@@Z 00000001400038d0 f i umodsys_lib_libmedia:umodsys.mod.media.stdlib.obj
 0001:000028d0       ?root_get_other_interface@RLibraryBinTree@stdlib@media@modules@UModSys@@UEBAPEBUIRoot@core@5@PEBUSUniquePointerInfo@75@@Z 00000001400038d0 f i umodsys_lib_libmedia:umodsys.mod.media.stdlib.obj
 0001:00002910       ?root_is_interface_supported@RLibraryBinTree@stdlib@media@modules@UModSys@@UEBA_NPEBUSUniquePointerInfo@core@5@@Z 0000000140003910 f i umodsys_lib_libmedia:umodsys.mod.media.stdlib.obj
 0001:00002950       ?suicide@RLibraryBinCache@stdlib@media@modules@UModSys@@UEAAXXZ 0000000140003950 f i umodsys_lib_libmedia:umodsys.mod.media.stdlib.obj
 0001:00002950       ?suicide@RLibraryLayered@stdlib@media@modules@UModSys@@UEAAXXZ 0000000140003950 f i umodsys_lib_libmedia:umodsys.mod.media.stdlib.obj
 0001:00002950       ?suicide@RDataArchiver_OsDir@stdio@media@modules@UModSys@@UEAAXXZ 0000000140003950 f i umodsys_lib_libmedia:umodsys.mod.media.stdio.obj
 0001:00002950       ?suicide@RLibraryObjFilter@stdlib@media@modules@UModSys@@UEAAXXZ 0000000140003950 f i umodsys_lib_libmedia:umodsys.mod.media.stdlib.obj
 0001:00002950       ?suicide@RLibraryBinTree@stdlib@media@modules@UModSys@@UEAAXXZ 0000000140003950 f i umodsys_lib_libmedia:umodsys.mod.media.stdlib.obj
 0001:00002950       ?suicide@RLibraryObjCache@stdlib@media@modules@UModSys@@UEAAXXZ 0000000140003950 f i umodsys_lib_libmedia:umodsys.mod.media.stdlib.obj
 0001:000029a0       ??0RLibraryBinTree@stdlib@media@modules@UModSys@@QEAA@PEAUIModObject@base@4@AEBUSParameters@core@4@U?$TFlags4State@USMediaFlagUid@libmedia@UModSys@@I@tl@4@@Z 00000001400039a0 f i umodsys_lib_libmedia:umodsys.mod.media.stdlib.obj
 0001:00002a40       ?get_flags_auto@RLibraryBinTree@stdlib@media@modules@UModSys@@UEBA?AU?$TFlags4State@USMediaFlagUid@libmedia@UModSys@@I@tl@5@XZ 0000000140003a40 f i umodsys_lib_libmedia:umodsys.mod.media.stdlib.obj
 0001:00002a50       ?bin_reader@RLibraryBinTree@stdlib@media@modules@UModSys@@UEAA?AU?$TRefObject@UIStreamReader@libmedia@UModSys@@U?$TRefObjectFunc@UIStreamReader@libmedia@UModSys@@@tl@3@@tl@5@AEBU?$TString@U?$TSCoreConst@D@su@tl@UModSys@@U?$TComparerBinaryHash@D@234@@75@AEBUSFlags@libmedia@5@@Z 0000000140003a50 f i umodsys_lib_libmedia:umodsys.mod.media.stdlib.obj
 0001:00002c20       ?bin_writer@RLibraryBinTree@stdlib@media@modules@UModSys@@UEAA?AU?$TRefObject@UIStreamWriter@libmedia@UModSys@@U?$TRefObjectFunc@UIStreamWriter@libmedia@UModSys@@@tl@3@@tl@5@AEBU?$TString@U?$TSCoreConst@D@su@tl@UModSys@@U?$TComparerBinaryHash@D@234@@75@AEBUSFlags@libmedia@5@@Z 0000000140003c20 f i umodsys_lib_libmedia:umodsys.mod.media.stdlib.obj
 0001:00002df0       ?bin_load@RLibraryBinTree@stdlib@media@modules@UModSys@@UEAA_NAEBU?$TString@U?$TSCoreConst@D@su@tl@UModSys@@U?$TComparerBinaryHash@D@234@@tl@5@AEAUSCMemShared@core@5@AEBUSFlags@libmedia@5@@Z 0000000140003df0 f i umodsys_lib_libmedia:umodsys.mod.media.stdlib.obj
 0001:00002f90       ?bin_save@RLibraryBinTree@stdlib@media@modules@UModSys@@UEAA_NAEBU?$TString@U?$TSCoreConst@D@su@tl@UModSys@@U?$TComparerBinaryHash@D@234@@tl@5@AEBUSCMem@core@5@AEBUSFlags@libmedia@5@@Z 0000000140003f90 f i umodsys_lib_libmedia:umodsys.mod.media.stdlib.obj
 0001:00003130       ?mount_get@RLibraryBinTree@stdlib@media@modules@UModSys@@UEBA?AUSPoint@ILibraryBinTree@libmedia@5@AEBUSId@785@@Z 0000000140004130 f i umodsys_lib_libmedia:umodsys.mod.media.stdlib.obj
 0001:000031b0       ?mount_add@RLibraryBinTree@stdlib@media@modules@UModSys@@UEAA_NAEBUSId@ILibraryBinTree@libmedia@5@AEBUSPoint@785@@Z 00000001400041b0 f i umodsys_lib_libmedia:umodsys.mod.media.stdlib.obj
 0001:000033b0       ?mount_remove@RLibraryBinTree@stdlib@media@modules@UModSys@@UEAA_NAEBUSId@ILibraryBinTree@libmedia@5@@Z 00000001400043b0 f i umodsys_lib_libmedia:umodsys.mod.media.stdlib.obj
 0001:00003410       ?mount_clear@RLibraryBinTree@stdlib@media@modules@UModSys@@UEAA_NXZ 0000000140004410 f i umodsys_lib_libmedia:umodsys.mod.media.stdlib.obj
 0001:00003440       ??_GRLibraryBinTree@stdlib@media@modules@UModSys@@UEAAPEAXI@Z 0000000140004440 f i umodsys_lib_libmedia:umodsys.mod.media.stdlib.obj
 0001:00003440       ??_ERLibraryBinTree@stdlib@media@modules@UModSys@@UEAAPEAXI@Z 0000000140004440 f i  CIL library: CIL module
 0001:000034c0       ?root_get_interface_info@RLibraryLayered@stdlib@media@modules@UModSys@@UEBAAEBUSUniquePointerInfo@core@5@XZ 00000001400044c0 f i umodsys_lib_libmedia:umodsys.mod.media.stdlib.obj
 0001:000034d0       ?root_get_interface_type@RLibraryLayered@stdlib@media@modules@UModSys@@UEBAPEBUSUniquePointerInfo@core@5@XZ 00000001400044d0 f i umodsys_lib_libmedia:umodsys.mod.media.stdlib.obj
 0001:000034e0       ?root_get_other_interface@RLibraryLayered@stdlib@media@modules@UModSys@@UEAAPEAUIRoot@core@5@PEBUSUniquePointerInfo@75@@Z 00000001400044e0 f i umodsys_lib_libmedia:umodsys.mod.media.stdlib.obj
 0001:000034e0       ?root_get_other_interface@RLibraryLayered@stdlib@media@modules@UModSys@@UEBAPEBUIRoot@core@5@PEBUSUniquePointerInfo@75@@Z 00000001400044e0 f i umodsys_lib_libmedia:umodsys.mod.media.stdlib.obj
 0001:00003520       ?root_is_interface_supported@RLibraryLayered@stdlib@media@modules@UModSys@@UEBA_NPEBUSUniquePointerInfo@core@5@@Z 0000000140004520 f i umodsys_lib_libmedia:umodsys.mod.media.stdlib.obj
 0001:00003560       ?ref_remove@RLibraryBinTree@stdlib@media@modules@UModSys@@UEBAXXZ 0000000140004560 f i umodsys_lib_libmedia:umodsys.mod.media.stdlib.obj
 0001:00003560       ?ref_remove@RLibraryObjFilter@stdlib@media@modules@UModSys@@UEBAXXZ 0000000140004560 f i umodsys_lib_libmedia:umodsys.mod.media.stdlib.obj
 0001:00003560       ?ref_remove@RLibraryObjCache@stdlib@media@modules@UModSys@@UEBAXXZ 0000000140004560 f i umodsys_lib_libmedia:umodsys.mod.media.stdlib.obj
 0001:00003560       ?ref_remove@RLibraryLayered@stdlib@media@modules@UModSys@@UEBAXXZ 0000000140004560 f i umodsys_lib_libmedia:umodsys.mod.media.stdlib.obj
 0001:00003560       ?ref_remove@RDataArchiver_OsDir@stdio@media@modules@UModSys@@UEBAXXZ 0000000140004560 f i umodsys_lib_libmedia:umodsys.mod.media.stdio.obj
 0001:00003560       ?ref_remove@RLibraryBinCache@stdlib@media@modules@UModSys@@UEBAXXZ 0000000140004560 f i umodsys_lib_libmedia:umodsys.mod.media.stdlib.obj
 0001:00003580       ?ref_weak@RLibraryObjFilter@stdlib@media@modules@UModSys@@UEBA_NAEAUWeakPointer@IRefObject@core@5@@Z 0000000140004580 f i umodsys_lib_libmedia:umodsys.mod.media.stdlib.obj
 0001:00003580       ?ref_weak@RLibraryBinCache@stdlib@media@modules@UModSys@@UEBA_NAEAUWeakPointer@IRefObject@core@5@@Z 0000000140004580 f i umodsys_lib_libmedia:umodsys.mod.media.stdlib.obj
 0001:00003580       ?ref_weak@RLibraryBinTree@stdlib@media@modules@UModSys@@UEBA_NAEAUWeakPointer@IRefObject@core@5@@Z 0000000140004580 f i umodsys_lib_libmedia:umodsys.mod.media.stdlib.obj
 0001:00003580       ?ref_weak@RDataArchiver_OsDir@stdio@media@modules@UModSys@@UEBA_NAEAUWeakPointer@IRefObject@core@5@@Z 0000000140004580 f i umodsys_lib_libmedia:umodsys.mod.media.stdio.obj
 0001:00003580       ?ref_weak@RLibraryLayered@stdlib@media@modules@UModSys@@UEBA_NAEAUWeakPointer@IRefObject@core@5@@Z 0000000140004580 f i umodsys_lib_libmedia:umodsys.mod.media.stdlib.obj
 0001:00003580       ?ref_weak@RLibraryObjCache@stdlib@media@modules@UModSys@@UEBA_NAEAUWeakPointer@IRefObject@core@5@@Z 0000000140004580 f i umodsys_lib_libmedia:umodsys.mod.media.stdlib.obj
 0001:000035a0       ??4SLayerX@RLibraryLayered@stdlib@media@modules@UModSys@@QEAAXAEBUSLayer@ILibraryLayered@libmedia@5@@Z 00000001400045a0 f i umodsys_lib_libmedia:umodsys.mod.media.stdlib.obj
 0001:00003650       ??0RLibraryLayered@stdlib@media@modules@UModSys@@QEAA@PEAUIModObject@base@4@AEBUSParameters@core@4@U?$TFlags4State@USMediaFlagUid@libmedia@UModSys@@I@tl@4@@Z 0000000140004650 f i umodsys_lib_libmedia:umodsys.mod.media.stdlib.obj
 0001:00003700       ?get_flag@RLibraryLayered@stdlib@media@modules@UModSys@@UEBA?AW4eStates@?$TFlags4State@USMediaFlagUid@libmedia@UModSys@@I@tl@5@H@Z 0000000140004700 f i umodsys_lib_libmedia:umodsys.mod.media.stdlib.obj
 0001:00003710       ?get_flags_auto@RLibraryLayered@stdlib@media@modules@UModSys@@UEBA?AU?$TFlags4State@USMediaFlagUid@libmedia@UModSys@@I@tl@5@XZ 0000000140004710 f i umodsys_lib_libmedia:umodsys.mod.media.stdlib.obj
 0001:00003720       ?set_flag@RLibraryLayered@stdlib@media@modules@UModSys@@UEAA?AW4eStates@?$TFlags4State@USMediaFlagUid@libmedia@UModSys@@I@tl@5@HW46785@@Z 0000000140004720 f i umodsys_lib_libmedia:umodsys.mod.media.stdlib.obj
 0001:00003750       ?bin_reader@RLibraryLayered@stdlib@media@modules@UModSys@@UEAA?AU?$TRefObject@UIStreamReader@libmedia@UModSys@@U?$TRefObjectFunc@UIStreamReader@libmedia@UModSys@@@tl@3@@tl@5@AEBU?$TString@U?$TSCoreConst@D@su@tl@UModSys@@U?$TComparerBinaryHash@D@234@@75@AEBUSFlags@libmedia@5@@Z 0000000140004750 f i umodsys_lib_libmedia:umodsys.mod.media.stdlib.obj
 0001:00003850       ?bin_writer@RLibraryLayered@stdlib@media@modules@UModSys@@UEAA?AU?$TRefObject@UIStreamWriter@libmedia@UModSys@@U?$TRefObjectFunc@UIStreamWriter@libmedia@UModSys@@@tl@3@@tl@5@AEBU?$TString@U?$TSCoreConst@D@su@tl@UModSys@@U?$TComparerBinaryHash@D@234@@75@AEBUSFlags@libmedia@5@@Z 0000000140004850 f i umodsys_lib_libmedia:umodsys.mod.media.stdlib.obj
 0001:00003950       ?bin_load@RLibraryLayered@stdlib@media@modules@UModSys@@UEAA_NAEBU?$TString@U?$TSCoreConst@D@su@tl@UModSys@@U?$TComparerBinaryHash@D@234@@tl@5@AEAUSCMemShared@core@5@AEBUSFlags@libmedia@5@@Z 0000000140004950 f i umodsys_lib_libmedia:umodsys.mod.media.stdlib.obj
 0001:00003b20       ?bin_save@RLibraryLayered@stdlib@media@modules@UModSys@@UEAA_NAEBU?$TString@U?$TSCoreConst@D@su@tl@UModSys@@U?$TComparerBinaryHash@D@234@@tl@5@AEBUSCMem@core@5@AEBUSFlags@libmedia@5@@Z 0000000140004b20 f i umodsys_lib_libmedia:umodsys.mod.media.stdlib.obj
 0001:00003d20       ?bin_info@RLibraryLayered@stdlib@media@modules@UModSys@@UEAA_NAEBU?$TString@U?$TSCoreConst@D@su@tl@UModSys@@U?$TComparerBinaryHash@D@234@@tl@5@AEAUSFileInfo@libmedia@5@AEBUSFlags@95@@Z 0000000140004d20 f i umodsys_lib_libmedia:umodsys.mod.media.stdlib.obj
 0001:00003de0       ?bin_info@RLibraryLayered@stdlib@media@modules@UModSys@@UEAA_NAEBU?$TString@U?$TSCoreConst@D@su@tl@UModSys@@U?$TComparerBinaryHash@D@234@@tl@5@AEAU?$TIStackSocket@USFileInfo@libmedia@UModSys@@@75@AEBUSFlags@libmedia@5@@Z 0000000140004de0 f i umodsys_lib_libmedia:umodsys.mod.media.stdlib.obj
 0001:00003eb0       ?bin_get@RLibraryLayered@stdlib@media@modules@UModSys@@UEAA_NAEBU?$TString@U?$TSCoreConst@D@su@tl@UModSys@@U?$TComparerBinaryHash@D@234@@tl@5@AEAUSCMemShared@core@5@_N@Z 0000000140004eb0 f i umodsys_lib_libmedia:umodsys.mod.media.stdlib.obj
 0001:00003f40       ?bin_put@RLibraryLayered@stdlib@media@modules@UModSys@@UEAA_NAEBU?$TString@U?$TSCoreConst@D@su@tl@UModSys@@U?$TComparerBinaryHash@D@234@@tl@5@PEBUSCMemShared@core@5@@Z 0000000140004f40 f i umodsys_lib_libmedia:umodsys.mod.media.stdlib.obj
 0001:00003fc0       ?obj_fget@RLibraryLayered@stdlib@media@modules@UModSys@@UEAA_NAEBUSInfo@IBinObjFilter@libmedia@5@AEAU?$TRefObject@UIRefObject@core@UModSys@@U?$TRefObjectFunc@UIRefObject@core@UModSys@@@tl@3@@tl@5@@Z 0000000140004fc0 f i umodsys_lib_libmedia:umodsys.mod.media.stdlib.obj
 0001:00004040       ?obj_fload@RLibraryLayered@stdlib@media@modules@UModSys@@UEAA_NAEBUSInfo@IBinObjFilter@libmedia@5@PEAUIRefObject@core@5@@Z 0000000140005040 f i umodsys_lib_libmedia:umodsys.mod.media.stdlib.obj
 0001:000040c0       ?obj_fsave@RLibraryLayered@stdlib@media@modules@UModSys@@UEAA_NAEAUSInfo@IBinObjFilter@libmedia@5@PEBUIRefObject@core@5@@Z 00000001400050c0 f i umodsys_lib_libmedia:umodsys.mod.media.stdlib.obj
 0001:00004140       ?obj_cget@RLibraryLayered@stdlib@media@modules@UModSys@@UEAA_NAEBU?$TString@U?$TSCoreConst@D@su@tl@UModSys@@U?$TComparerBinaryHash@D@234@@tl@5@AEAU?$TRefObject@UIRefObject@core@UModSys@@U?$TRefObjectFunc@UIRefObject@core@UModSys@@@tl@3@@75@_N@Z 0000000140005140 f i umodsys_lib_libmedia:umodsys.mod.media.stdlib.obj
 0001:000041d0       ?obj_cput@RLibraryLayered@stdlib@media@modules@UModSys@@UEAA_NAEBU?$TString@U?$TSCoreConst@D@su@tl@UModSys@@U?$TComparerBinaryHash@D@234@@tl@5@PEAUIRefObject@core@5@@Z 00000001400051d0 f i umodsys_lib_libmedia:umodsys.mod.media.stdlib.obj
 0001:00004250       ?obj_get@RLibraryLayered@stdlib@media@modules@UModSys@@UEAA_NAEBU?$TString@U?$TSCoreConst@D@su@tl@UModSys@@U?$TComparerBinaryHash@D@234@@tl@5@AEAU?$TRefObject@UIRefObject@core@UModSys@@U?$TRefObjectFunc@UIRefObject@core@UModSys@@@tl@3@@75@AEBUSObjOptions@ILibrary@libmedia@5@@Z 0000000140005250 f i umodsys_lib_libmedia:umodsys.mod.media.stdlib.obj
 0001:00004680       ?obj_load@RLibraryLayered@stdlib@media@modules@UModSys@@UEAA_NAEBU?$TString@U?$TSCoreConst@D@su@tl@UModSys@@U?$TComparerBinaryHash@D@234@@tl@5@PEAUIRefObject@core@5@AEBUSObjOptions@ILibrary@libmedia@5@@Z 0000000140005680 f i umodsys_lib_libmedia:umodsys.mod.media.stdlib.obj
 0001:00004830       ?obj_save@RLibraryLayered@stdlib@media@modules@UModSys@@UEAA_NAEBU?$TString@U?$TSCoreConst@D@su@tl@UModSys@@U?$TComparerBinaryHash@D@234@@tl@5@PEBUIRefObject@core@5@AEBUSObjOptions@ILibrary@libmedia@5@@Z 0000000140005830 f i umodsys_lib_libmedia:umodsys.mod.media.stdlib.obj
 0001:00004a70       ?layer_count@RLibraryLayered@stdlib@media@modules@UModSys@@UEBA_KAEBUSLayer@ILibraryLayered@libmedia@5@@Z 0000000140005a70 f i umodsys_lib_libmedia:umodsys.mod.media.stdlib.obj
 0001:00004a80       ?layer_get@RLibraryLayered@stdlib@media@modules@UModSys@@UEBA?AUSLayer@ILibraryLayered@libmedia@5@_K@Z 0000000140005a80 f i umodsys_lib_libmedia:umodsys.mod.media.stdlib.obj
 0001:00004af0       ?layer_find@RLibraryLayered@stdlib@media@modules@UModSys@@UEBA_KAEBU?$TString@U?$TSCoreConst@D@su@tl@UModSys@@U?$TComparerBinaryHash@D@234@@tl@5@_K@Z 0000000140005af0 f i umodsys_lib_libmedia:umodsys.mod.media.stdlib.obj
 0001:00004ba0       ?layer_insert@RLibraryLayered@stdlib@media@modules@UModSys@@UEAA_NAEBUSLayer@ILibraryLayered@libmedia@5@_K@Z 0000000140005ba0 f i umodsys_lib_libmedia:umodsys.mod.media.stdlib.obj
 0001:00004c10       ?layer_remove@RLibraryLayered@stdlib@media@modules@UModSys@@UEAA_N_K@Z 0000000140005c10 f i umodsys_lib_libmedia:umodsys.mod.media.stdlib.obj
 0001:00004c20       ?layer_clear@RLibraryLayered@stdlib@media@modules@UModSys@@UEAA_NXZ 0000000140005c20 f i umodsys_lib_libmedia:umodsys.mod.media.stdlib.obj
 0001:00004c30       ??_GRLibraryLayered@stdlib@media@modules@UModSys@@UEAAPEAXI@Z 0000000140005c30 f i umodsys_lib_libmedia:umodsys.mod.media.stdlib.obj
 0001:00004c30       ??_ERLibraryLayered@stdlib@media@modules@UModSys@@UEAAPEAXI@Z 0000000140005c30 f i  CIL library: CIL module
 0001:00004c80       ?root_get_interface_info@RLibraryObjCache@stdlib@media@modules@UModSys@@UEBAAEBUSUniquePointerInfo@core@5@XZ 0000000140005c80 f i umodsys_lib_libmedia:umodsys.mod.media.stdlib.obj
 0001:00004c90       ?root_get_interface_type@RLibraryObjCache@stdlib@media@modules@UModSys@@UEBAPEBUSUniquePointerInfo@core@5@XZ 0000000140005c90 f i umodsys_lib_libmedia:umodsys.mod.media.stdlib.obj
 0001:00004ca0       ?root_get_other_interface@RLibraryObjCache@stdlib@media@modules@UModSys@@UEAAPEAUIRoot@core@5@PEBUSUniquePointerInfo@75@@Z 0000000140005ca0 f i umodsys_lib_libmedia:umodsys.mod.media.stdlib.obj
 0001:00004ca0       ?root_get_other_interface@RLibraryObjCache@stdlib@media@modules@UModSys@@UEBAPEBUIRoot@core@5@PEBUSUniquePointerInfo@75@@Z 0000000140005ca0 f i umodsys_lib_libmedia:umodsys.mod.media.stdlib.obj
 0001:00004ce0       ?root_is_interface_supported@RLibraryObjCache@stdlib@media@modules@UModSys@@UEBA_NPEBUSUniquePointerInfo@core@5@@Z 0000000140005ce0 f i umodsys_lib_libmedia:umodsys.mod.media.stdlib.obj
 0001:00004d20       ?ref_links@RLibraryObjFilter@stdlib@media@modules@UModSys@@UEBAHXZ 0000000140005d20 f i umodsys_lib_libmedia:umodsys.mod.media.stdlib.obj
 0001:00004d20       ?ref_links@RDataArchiver_OsDir@stdio@media@modules@UModSys@@UEBAHXZ 0000000140005d20 f i umodsys_lib_libmedia:umodsys.mod.media.stdio.obj
 0001:00004d20       ?ref_links@RLibraryBinCache@stdlib@media@modules@UModSys@@UEBAHXZ 0000000140005d20 f i umodsys_lib_libmedia:umodsys.mod.media.stdlib.obj
 0001:00004d20       ?ref_links@RLibraryLayered@stdlib@media@modules@UModSys@@UEBAHXZ 0000000140005d20 f i umodsys_lib_libmedia:umodsys.mod.media.stdlib.obj
 0001:00004d20       ?ref_links@RLibraryBinTree@stdlib@media@modules@UModSys@@UEBAHXZ 0000000140005d20 f i umodsys_lib_libmedia:umodsys.mod.media.stdlib.obj
 0001:00004d20       ?ref_links@RLibraryObjCache@stdlib@media@modules@UModSys@@UEBAHXZ 0000000140005d20 f i umodsys_lib_libmedia:umodsys.mod.media.stdlib.obj
 0001:00004d30       ??0RLibraryObjCache@stdlib@media@modules@UModSys@@QEAA@PEAUIModObject@base@4@AEBUSParameters@core@4@U?$TFlags4State@USMediaFlagUid@libmedia@UModSys@@I@tl@4@@Z 0000000140005d30 f i umodsys_lib_libmedia:umodsys.mod.media.stdlib.obj
 0001:00004dd0       ?get_flag@RLibraryObjFilter@stdlib@media@modules@UModSys@@UEBA?AW4eStates@?$TFlags4State@USMediaFlagUid@libmedia@UModSys@@I@tl@5@H@Z 0000000140005dd0 f i umodsys_lib_libmedia:umodsys.mod.media.stdlib.obj
 0001:00004dd0       ?get_flag@RLibraryBinTree@stdlib@media@modules@UModSys@@UEBA?AW4eStates@?$TFlags4State@USMediaFlagUid@libmedia@UModSys@@I@tl@5@H@Z 0000000140005dd0 f i umodsys_lib_libmedia:umodsys.mod.media.stdlib.obj
 0001:00004dd0       ?get_flag@RLibraryBinCache@stdlib@media@modules@UModSys@@UEBA?AW4eStates@?$TFlags4State@USMediaFlagUid@libmedia@UModSys@@I@tl@5@H@Z 0000000140005dd0 f i umodsys_lib_libmedia:umodsys.mod.media.stdlib.obj
 0001:00004dd0       ?get_flag@RLibraryObjCache@stdlib@media@modules@UModSys@@UEBA?AW4eStates@?$TFlags4State@USMediaFlagUid@libmedia@UModSys@@I@tl@5@H@Z 0000000140005dd0 f i umodsys_lib_libmedia:umodsys.mod.media.stdlib.obj
 0001:00004de0       ?get_flags_auto@RLibraryObjCache@stdlib@media@modules@UModSys@@UEBA?AU?$TFlags4State@USMediaFlagUid@libmedia@UModSys@@I@tl@5@XZ 0000000140005de0 f i umodsys_lib_libmedia:umodsys.mod.media.stdlib.obj
 0001:00004df0       ?bin_get@RLibraryBinCache@stdlib@media@modules@UModSys@@UEAA_NAEBU?$TString@U?$TSCoreConst@D@su@tl@UModSys@@U?$TComparerBinaryHash@D@234@@tl@5@AEAUSCMemShared@core@5@_N@Z 0000000140005df0 f i umodsys_lib_libmedia:umodsys.mod.media.stdlib.obj
 0001:00004df0       ?obj_cget@RLibraryObjCache@stdlib@media@modules@UModSys@@UEAA_NAEBU?$TString@U?$TSCoreConst@D@su@tl@UModSys@@U?$TComparerBinaryHash@D@234@@tl@5@AEAU?$TRefObject@UIRefObject@core@UModSys@@U?$TRefObjectFunc@UIRefObject@core@UModSys@@@tl@3@@75@_N@Z 0000000140005df0 f i umodsys_lib_libmedia:umodsys.mod.media.stdlib.obj
 0001:00004e30       ?obj_cput@RLibraryObjCache@stdlib@media@modules@UModSys@@UEAA_NAEBU?$TString@U?$TSCoreConst@D@su@tl@UModSys@@U?$TComparerBinaryHash@D@234@@tl@5@PEAUIRefObject@core@5@@Z 0000000140005e30 f i umodsys_lib_libmedia:umodsys.mod.media.stdlib.obj
 0001:00004e40       ?obj_get@RLibraryObjCache@stdlib@media@modules@UModSys@@UEAA_NAEBU?$TString@U?$TSCoreConst@D@su@tl@UModSys@@U?$TComparerBinaryHash@D@234@@tl@5@AEAU?$TRefObject@UIRefObject@core@UModSys@@U?$TRefObjectFunc@UIRefObject@core@UModSys@@@tl@3@@75@AEBUSObjOptions@ILibrary@libmedia@5@@Z 0000000140005e40 f i umodsys_lib_libmedia:umodsys.mod.media.stdlib.obj
 0001:00004fb0       ?objcache_get@RLibraryObjCache@stdlib@media@modules@UModSys@@UEBA_NAEBU?$TString@U?$TSCoreConst@D@su@tl@UModSys@@U?$TComparerBinaryHash@D@234@@tl@5@PEAU?$TRefObject@UIRefObject@core@UModSys@@U?$TRefObjectFunc@UIRefObject@core@UModSys@@@tl@3@@75@PEA_N@Z 0000000140005fb0 f i umodsys_lib_libmedia:umodsys.mod.media.stdlib.obj
 0001:00005060       ?objcache_add@RLibraryObjCache@stdlib@media@modules@UModSys@@UEAA_NAEBU?$TString@U?$TSCoreConst@D@su@tl@UModSys@@U?$TComparerBinaryHash@D@234@@tl@5@PEAUIRefObject@core@5@@Z 0000000140006060 f i umodsys_lib_libmedia:umodsys.mod.media.stdlib.obj
 0001:00005260       ?objcache_remove@RLibraryObjCache@stdlib@media@modules@UModSys@@UEAA_NAEBU?$TString@U?$TSCoreConst@D@su@tl@UModSys@@U?$TComparerBinaryHash@D@234@@tl@5@@Z 0000000140006260 f i umodsys_lib_libmedia:umodsys.mod.media.stdlib.obj
 0001:000052c0       ?objcache_clear@RLibraryObjCache@stdlib@media@modules@UModSys@@UEAA_NXZ 00000001400062c0 f i umodsys_lib_libmedia:umodsys.mod.media.stdlib.obj
 0001:000052f0       ??_ERLibraryObjCache@stdlib@media@modules@UModSys@@UEAAPEAXI@Z 00000001400062f0 f i  CIL library: CIL module
 0001:000052f0       ??_GRLibraryObjCache@stdlib@media@modules@UModSys@@UEAAPEAXI@Z 00000001400062f0 f i umodsys_lib_libmedia:umodsys.mod.media.stdlib.obj
 0001:00005370       ?root_get_interface_info@RLibraryObjFilter@stdlib@media@modules@UModSys@@UEBAAEBUSUniquePointerInfo@core@5@XZ 0000000140006370 f i umodsys_lib_libmedia:umodsys.mod.media.stdlib.obj
 0001:00005380       ?root_get_interface_type@RLibraryObjFilter@stdlib@media@modules@UModSys@@UEBAPEBUSUniquePointerInfo@core@5@XZ 0000000140006380 f i umodsys_lib_libmedia:umodsys.mod.media.stdlib.obj
 0001:00005390       ?root_get_other_interface@RLibraryObjFilter@stdlib@media@modules@UModSys@@UEAAPEAUIRoot@core@5@PEBUSUniquePointerInfo@75@@Z 0000000140006390 f i umodsys_lib_libmedia:umodsys.mod.media.stdlib.obj
 0001:00005390       ?root_get_other_interface@RLibraryObjFilter@stdlib@media@modules@UModSys@@UEBAPEBUIRoot@core@5@PEBUSUniquePointerInfo@75@@Z 0000000140006390 f i umodsys_lib_libmedia:umodsys.mod.media.stdlib.obj
 0001:000053d0       ?root_is_interface_supported@RLibraryObjFilter@stdlib@media@modules@UModSys@@UEBA_NPEBUSUniquePointerInfo@core@5@@Z 00000001400063d0 f i umodsys_lib_libmedia:umodsys.mod.media.stdlib.obj
 0001:00005410       ??0RLibraryObjFilter@stdlib@media@modules@UModSys@@QEAA@PEAUIModObject@base@4@AEBUSParameters@core@4@U?$TFlags4State@USMediaFlagUid@libmedia@UModSys@@I@tl@4@@Z 0000000140006410 f i umodsys_lib_libmedia:umodsys.mod.media.stdlib.obj
 0001:000054b0       ?get_flags_auto@RLibraryObjFilter@stdlib@media@modules@UModSys@@UEBA?AU?$TFlags4State@USMediaFlagUid@libmedia@UModSys@@I@tl@5@XZ 00000001400064b0 f i umodsys_lib_libmedia:umodsys.mod.media.stdlib.obj
 0001:000054c0       ?bin_reader@RLibraryBinCache@stdlib@media@modules@UModSys@@UEAA?AU?$TRefObject@UIStreamReader@libmedia@UModSys@@U?$TRefObjectFunc@UIStreamReader@libmedia@UModSys@@@tl@3@@tl@5@AEBU?$TString@U?$TSCoreConst@D@su@tl@UModSys@@U?$TComparerBinaryHash@D@234@@75@AEBUSFlags@libmedia@5@@Z 00000001400064c0 f i umodsys_lib_libmedia:umodsys.mod.media.stdlib.obj
 0001:000054c0       ?bin_writer@RLibraryObjCache@stdlib@media@modules@UModSys@@UEAA?AU?$TRefObject@UIStreamWriter@libmedia@UModSys@@U?$TRefObjectFunc@UIStreamWriter@libmedia@UModSys@@@tl@3@@tl@5@AEBU?$TString@U?$TSCoreConst@D@su@tl@UModSys@@U?$TComparerBinaryHash@D@234@@75@AEBUSFlags@libmedia@5@@Z 00000001400064c0 f i umodsys_lib_libmedia:umodsys.mod.media.stdlib.obj
 0001:000054c0       ?bin_reader@RLibraryObjCache@stdlib@media@modules@UModSys@@UEAA?AU?$TRefObject@UIStreamReader@libmedia@UModSys@@U?$TRefObjectFunc@UIStreamReader@libmedia@UModSys@@@tl@3@@tl@5@AEBU?$TString@U?$TSCoreConst@D@su@tl@UModSys@@U?$TComparerBinaryHash@D@234@@75@AEBUSFlags@libmedia@5@@Z 00000001400064c0 f i umodsys_lib_libmedia:umodsys.mod.media.stdlib.obj
 0001:000054c0       ?data_reader@RBinArchiveFrame@stdlib@media@modules@UModSys@@UEAA?AU?$TRefObject@UIStreamReader@libmedia@UModSys@@U?$TRefObjectFunc@UIStreamReader@libmedia@UModSys@@@tl@3@@tl@5@AEBU?$TString@U?$TSCoreConst@D@su@tl@UModSys@@U?$TComparerBinaryHash@D@234@@75@AEBUSFlags@libmedia@5@@Z 00000001400064c0 f i umodsys_lib_libmedia:umodsys.mod.media.stdlib.obj
 0001:000054c0       ?bin_writer@RLibraryBinCache@stdlib@media@modules@UModSys@@UEAA?AU?$TRefObject@UIStreamWriter@libmedia@UModSys@@U?$TRefObjectFunc@UIStreamWriter@libmedia@UModSys@@@tl@3@@tl@5@AEBU?$TString@U?$TSCoreConst@D@su@tl@UModSys@@U?$TComparerBinaryHash@D@234@@75@AEBUSFlags@libmedia@5@@Z 00000001400064c0 f i umodsys_lib_libmedia:umodsys.mod.media.stdlib.obj
 0001:000054c0       ?bin_writer@RLibraryObjFilter@stdlib@media@modules@UModSys@@UEAA?AU?$TRefObject@UIStreamWriter@libmedia@UModSys@@U?$TRefObjectFunc@UIStreamWriter@libmedia@UModSys@@@tl@3@@tl@5@AEBU?$TString@U?$TSCoreConst@D@su@tl@UModSys@@U?$TComparerBinaryHash@D@234@@75@AEBUSFlags@libmedia@5@@Z 00000001400064c0 f i umodsys_lib_libmedia:umodsys.mod.media.stdlib.obj
 0001:000054c0       ?data_writer@RBinArchiveFrame@stdlib@media@modules@UModSys@@UEAA?AU?$TRefObject@UIStreamWriter@libmedia@UModSys@@U?$TRefObjectFunc@UIStreamWriter@libmedia@UModSys@@@tl@3@@tl@5@AEBU?$TString@U?$TSCoreConst@D@su@tl@UModSys@@U?$TComparerBinaryHash@D@234@@75@AEBUSFlags@libmedia@5@@Z 00000001400064c0 f i umodsys_lib_libmedia:umodsys.mod.media.stdlib.obj
 0001:000054c0       ?bin_reader@RLibraryObjFilter@stdlib@media@modules@UModSys@@UEAA?AU?$TRefObject@UIStreamReader@libmedia@UModSys@@U?$TRefObjectFunc@UIStreamReader@libmedia@UModSys@@@tl@3@@tl@5@AEBU?$TString@U?$TSCoreConst@D@su@tl@UModSys@@U?$TComparerBinaryHash@D@234@@75@AEBUSFlags@libmedia@5@@Z 00000001400064c0 f i umodsys_lib_libmedia:umodsys.mod.media.stdlib.obj
 0001:000054d0       ?obj_fget@RLibraryObjFilter@stdlib@media@modules@UModSys@@UEAA_NAEBUSInfo@IBinObjFilter@libmedia@5@AEAU?$TRefObject@UIRefObject@core@UModSys@@U?$TRefObjectFunc@UIRefObject@core@UModSys@@@tl@3@@tl@5@@Z 00000001400064d0 f i umodsys_lib_libmedia:umodsys.mod.media.stdlib.obj
 0001:000054e0       ?obj_fload@RLibraryObjFilter@stdlib@media@modules@UModSys@@UEAA_NAEBUSInfo@IBinObjFilter@libmedia@5@PEAUIRefObject@core@5@@Z 00000001400064e0 f i umodsys_lib_libmedia:umodsys.mod.media.stdlib.obj
 0001:000054f0       ?obj_fsave@RLibraryObjFilter@stdlib@media@modules@UModSys@@UEAA_NAEAUSInfo@IBinObjFilter@libmedia@5@PEBUIRefObject@core@5@@Z 00000001400064f0 f i umodsys_lib_libmedia:umodsys.mod.media.stdlib.obj
 0001:00005500       ?filters_add@RLibraryObjFilter@stdlib@media@modules@UModSys@@UEAA_NU?$TRefObject@UIBinObjFilter@libmedia@UModSys@@U?$TRefObjectFunc@UIBinObjFilter@libmedia@UModSys@@@tl@3@@tl@5@PEBUSParameters@core@5@H@Z 0000000140006500 f i umodsys_lib_libmedia:umodsys.mod.media.stdlib.obj
 0001:00005630       ?filters_remove@RLibraryObjFilter@stdlib@media@modules@UModSys@@UEAA_NPEAUIBinObjFilter@libmedia@5@H@Z 0000000140006630 f i umodsys_lib_libmedia:umodsys.mod.media.stdlib.obj
 0001:000056e0       ?filters_clear@RLibraryObjFilter@stdlib@media@modules@UModSys@@UEAA_NXZ 00000001400066e0 f i umodsys_lib_libmedia:umodsys.mod.media.stdlib.obj
 0001:00005710       ?filters_load@RLibraryObjFilter@stdlib@media@modules@UModSys@@UEAA_NAEBUSInfo@IBinObjFilter@libmedia@5@AEAU?$TRefObject@UIRefObject@core@UModSys@@U?$TRefObjectFunc@UIRefObject@core@UModSys@@@tl@3@@tl@5@@Z 0000000140006710 f i umodsys_lib_libmedia:umodsys.mod.media.stdlib.obj
 0001:000057d0       ?filters_load@RLibraryObjFilter@stdlib@media@modules@UModSys@@UEAA_NAEBUSInfo@IBinObjFilter@libmedia@5@PEAUIRefObject@core@5@@Z 00000001400067d0 f i umodsys_lib_libmedia:umodsys.mod.media.stdlib.obj
[...]
 0001:00011590       ?dtor$1@?0??generate@RGenerator@stdlib@media@modules@UModSys@@UEAA_NAEAU?$TRefObject@UIRefObject@core@UModSys@@U?$TRefObjectFunc@UIRefObject@core@UModSys@@@tl@3@@tl@5@PEBUSUniquePointerInfo@core@5@AEBUSParameters@95@@Z@4HA 0000000140012590 f    CIL library: CIL module
 0001:000115b0       ?dtor$2@?0??generate@RGenerator@stdlib@media@modules@UModSys@@UEAA_NAEAU?$TRefObject@UIRefObject@core@UModSys@@U?$TRefObjectFunc@UIRefObject@core@UModSys@@@tl@3@@tl@5@PEBUSUniquePointerInfo@core@5@AEBUSParameters@95@@Z@4HA 00000001400125b0 f    CIL library: CIL module
 0001:000115d0       ?dtor$3@?0??generate@RGenerator@stdlib@media@modules@UModSys@@UEAA_NAEAU?$TRefObject@UIRefObject@core@UModSys@@U?$TRefObjectFunc@UIRefObject@core@UModSys@@@tl@3@@tl@5@PEBUSUniquePointerInfo@core@5@AEBUSParameters@95@@Z@4HA 00000001400125d0 f    CIL library: CIL module
 0001:000115f0       ?dtor$4@?0??generate@RGenerator@stdlib@media@modules@UModSys@@UEAA_NAEAU?$TRefObject@UIRefObject@core@UModSys@@U?$TRefObjectFunc@UIRefObject@core@UModSys@@@tl@3@@tl@5@PEBUSUniquePointerInfo@core@5@AEBUSParameters@95@@Z@4HA 00000001400125f0 f    CIL library: CIL module
 0001:00011610       ?dtor$5@?0??generate@RGenerator@stdlib@media@modules@UModSys@@UEAA_NAEAU?$TRefObject@UIRefObject@core@UModSys@@U?$TRefObjectFunc@UIRefObject@core@UModSys@@@tl@3@@tl@5@PEBUSUniquePointerInfo@core@5@AEBUSParameters@95@@Z@4HA 0000000140012610 f    CIL library: CIL module
 0001:00011630       ??__E?s_id@?$TObjectUniqueID@UIRoot@core@UModSys@@@tl@UModSys@@2USUniquePointer@core@3@A@@YAXXZ 0000000140012630 f    CIL library: CIL module
 0001:00011670       ??__E?s_id@?$TObjectUniqueID@UIRefObject@core@UModSys@@@tl@UModSys@@2USUniquePointer@core@3@A@@YAXXZ 0000000140012670 f    CIL library: CIL module
 0001:000116b0       ??__E?s_id@?$TObjectUniqueID@UIParameters@core@UModSys@@@tl@UModSys@@2USUniquePointer@core@3@A@@YAXXZ 00000001400126b0 f    CIL library: CIL module
 0001:000116f0       ??__E?s_id@?$TObjectUniqueID@UIModule@base@UModSys@@@tl@UModSys@@2USUniquePointer@core@3@A@@YAXXZ 00000001400126f0 f    CIL library: CIL module
 0001:00011730       ??__E?s_id@?$TObjectUniqueID@UIModuleLibrary@base@UModSys@@@tl@UModSys@@2USUniquePointer@core@3@A@@YAXXZ 0000000140012730 f    CIL library: CIL module
 0001:00011770       ??__E?s_id@?$TObjectUniqueID@UIModObject@base@UModSys@@@tl@UModSys@@2USUniquePointer@core@3@A@@YAXXZ 0000000140012770 f    CIL library: CIL module
 0001:000117b0       ??__E?s_id@?$TObjectUniqueID@UIGenerator@base@UModSys@@@tl@UModSys@@2USUniquePointer@core@3@A@@YAXXZ 00000001400127b0 f    CIL library: CIL module
 0001:000117f0       ??__E?s_id@?$TObjectUniqueID@UIShell@base@UModSys@@@tl@UModSys@@2USUniquePointer@core@3@A@@YAXXZ 00000001400127f0 f    CIL library: CIL module
 0001:00011830       ??__E?s_id@?$TObjectUniqueID@UIConsole@base@UModSys@@@tl@UModSys@@2USUniquePointer@core@3@A@@YAXXZ 0000000140012830 f    CIL library: CIL module
 0001:00011870       ??__E?s_id@?$TObjectUniqueID@UISystem@base@UModSys@@@tl@UModSys@@2USUniquePointer@core@3@A@@YAXXZ 0000000140012870 f    CIL library: CIL module
 0001:000118b0       ??__E?s_id@?$TObjectUniqueID@URModule@rsystem@base@UModSys@@@tl@UModSys@@2USUniquePointer@core@3@A@@YAXXZ 00000001400128b0 f    CIL library: CIL module
 0001:000118f0       ??__E?s_id@?$TObjectUniqueID@UIModuleLibraryUni@rsystem@base@UModSys@@@tl@UModSys@@2USUniquePointer@core@3@A@@YAXXZ 00000001400128f0 f    CIL library: CIL module
 0001:00011930       ??__E?s_id@?$TObjectUniqueID@URModuleLibrarySO@rsystem@base@UModSys@@@tl@UModSys@@2USUniquePointer@core@3@A@@YAXXZ 0000000140012930 f    CIL library: CIL module
 0001:00011970       ??__E?s_id@?$TObjectUniqueID@URModuleLibraryThis@rsystem@base@UModSys@@@tl@UModSys@@2USUniquePointer@core@3@A@@YAXXZ 0000000140012970 f    CIL library: CIL module
 0001:000119b0       ??__E?s_id@?$TObjectUniqueID@URParameters@rsystem@base@UModSys@@@tl@UModSys@@2USUniquePointer@core@3@A@@YAXXZ 00000001400129b0 f    CIL library: CIL module
 0001:000119f0       ??__E?s_id@?$TObjectUniqueID@URSystem@rsystem@base@UModSys@@@tl@UModSys@@2USUniquePointer@core@3@A@@YAXXZ 00000001400129f0 f    CIL library: CIL module
 0001:00011a30       ??__E?s_id@?$TObjectUniqueID@URConsole_std@rsystem@base@UModSys@@@tl@UModSys@@2USUniquePointer@core@3@A@@YAXXZ 0000000140012a30 f    CIL library: CIL module
 0001:00011a70       ??__E?s_modreg@RModuleReg@stdio@media@modules@UModSys@@2U12345@A@@YAXXZ 0000000140012a70 f    CIL library: CIL module
 0001:00011ac0       ??__E?s_modreg_chain@RModuleReg@stdio@media@modules@UModSys@@2USModuleRegChain@base@5@A@@YAXXZ 0000000140012ac0 f    CIL library: CIL module
 0001:00011af0       ??__E?s_uid@RGenerator@stdio@media@modules@UModSys@@2USUniquePointer@core@5@A@@YAXXZ 0000000140012af0 f    CIL library: CIL module
 0001:00011b30       ??__E?s_id@?$TObjectUniqueID@UIStreamReader@libmedia@UModSys@@@tl@UModSys@@2USUniquePointer@core@3@A@@YAXXZ 0000000140012b30 f    CIL library: CIL module
 0001:00011b70       ??__E?s_id@?$TObjectUniqueID@UIStreamWriter@libmedia@UModSys@@@tl@UModSys@@2USUniquePointer@core@3@A@@YAXXZ 0000000140012b70 f    CIL library: CIL module
 0001:00011bb0       ??__E?s_id@?$TObjectUniqueID@UIBinArchive@libmedia@UModSys@@@tl@UModSys@@2USUniquePointer@core@3@A@@YAXXZ 0000000140012bb0 f    CIL library: CIL module
 0001:00011bf0       ??__E?s_id@?$TObjectUniqueID@UIBinObjFilter@libmedia@UModSys@@@tl@UModSys@@2USUniquePointer@core@3@A@@YAXXZ 0000000140012bf0 f    CIL library: CIL module
 0001:00011c30       ??__E?s_id@?$TObjectUniqueID@UILibrary@libmedia@UModSys@@@tl@UModSys@@2USUniquePointer@core@3@A@@YAXXZ 0000000140012c30 f    CIL library: CIL module
 0001:00011c70       ??__E?s_id@?$TObjectUniqueID@URStreamReader_FILE@stdio@media@modules@UModSys@@@tl@UModSys@@2USUniquePointer@core@3@A@@YAXXZ 0000000140012c70 f    CIL library: CIL module
 0001:00011cb0       ??__E?s_id@?$TObjectUniqueID@URStreamWriter_FILE@stdio@media@modules@UModSys@@@tl@UModSys@@2USUniquePointer@core@3@A@@YAXXZ 0000000140012cb0 f    CIL library: CIL module
 0001:00011cf0       ??__E?s_id@?$TObjectUniqueID@URDataArchiver_OsDir@stdio@media@modules@UModSys@@@tl@UModSys@@2USUniquePointer@core@3@A@@YAXXZ 0000000140012cf0 f    CIL library: CIL module
 0001:00011d30       ??__E?s_id@?$TObjectUniqueID@URGenerator@stdio@media@modules@UModSys@@@tl@UModSys@@2USUniquePointer@core@3@A@@YAXXZ 0000000140012d30 f    CIL library: CIL module
 0001:00011d70       ??__E?s_modreg@RModuleReg@stdlib@media@modules@UModSys@@2U12345@A@@YAXXZ 0000000140012d70 f    CIL library: CIL module
 0001:00011dc0       ??__E?s_modreg_chain@RModuleReg@stdlib@media@modules@UModSys@@2USModuleRegChain@base@5@A@@YAXXZ 0000000140012dc0 f    CIL library: CIL module
 0001:00011df0       ??__E?s_uid@RGenerator@stdlib@media@modules@UModSys@@2USUniquePointer@core@5@A@@YAXXZ 0000000140012df0 f    CIL library: CIL module
 0001:00011e30       ??__E?s_id@?$TObjectUniqueID@UILibraryBinTree@libmedia@UModSys@@@tl@UModSys@@2USUniquePointer@core@3@A@@YAXXZ 0000000140012e30 f    CIL library: CIL module
 0001:00011e70       ??__E?s_id@?$TObjectUniqueID@UILibraryBinCache@libmedia@UModSys@@@tl@UModSys@@2USUniquePointer@core@3@A@@YAXXZ 0000000140012e70 f    CIL library: CIL module
 0001:00011eb0       ??__E?s_id@?$TObjectUniqueID@UILibraryObjFilter@libmedia@UModSys@@@tl@UModSys@@2USUniquePointer@core@3@A@@YAXXZ 0000000140012eb0 f    CIL library: CIL module
 0001:00011ef0       ??__E?s_id@?$TObjectUniqueID@UILibraryObjCache@libmedia@UModSys@@@tl@UModSys@@2USUniquePointer@core@3@A@@YAXXZ 0000000140012ef0 f    CIL library: CIL module
 0001:00011f30       ??__E?s_id@?$TObjectUniqueID@UILibraryLayered@libmedia@UModSys@@@tl@UModSys@@2USUniquePointer@core@3@A@@YAXXZ 0000000140012f30 f    CIL library: CIL module
 0001:00011f70       ??__E?s_id@?$TObjectUniqueID@UIBinArchiveFrame@libmedia@UModSys@@@tl@UModSys@@2USUniquePointer@core@3@A@@YAXXZ 0000000140012f70 f    CIL library: CIL module
 0001:00011fb0       ??__E?s_id@?$TObjectUniqueID@UIClient@IBinArchiveFrame@libmedia@UModSys@@@tl@UModSys@@2USUniquePointer@core@3@A@@YAXXZ 0000000140012fb0 f    CIL library: CIL module
 0001:00011ff0       ??__E?s_id@?$TObjectUniqueID@URBinArchiveFrame@stdlib@media@modules@UModSys@@@tl@UModSys@@2USUniquePointer@core@3@A@@YAXXZ 0000000140012ff0 f    CIL library: CIL module
 0001:00012030       ??__E?s_id@?$TObjectUniqueID@URLibraryBinCache@stdlib@media@modules@UModSys@@@tl@UModSys@@2USUniquePointer@core@3@A@@YAXXZ 0000000140013030 f    CIL library: CIL module
 0001:00012070       ??__E?s_id@?$TObjectUniqueID@URLibraryBinTree@stdlib@media@modules@UModSys@@@tl@UModSys@@2USUniquePointer@core@3@A@@YAXXZ 0000000140013070 f    CIL library: CIL module
 0001:000120b0       ??__E?s_id@?$TObjectUniqueID@URLibraryLayered@stdlib@media@modules@UModSys@@@tl@UModSys@@2USUniquePointer@core@3@A@@YAXXZ 00000001400130b0 f    CIL library: CIL module
 0001:000120f0       ??__E?s_id@?$TObjectUniqueID@URLibraryObjCache@stdlib@media@modules@UModSys@@@tl@UModSys@@2USUniquePointer@core@3@A@@YAXXZ 00000001400130f0 f    CIL library: CIL module
 0001:00012130       ??__E?s_id@?$TObjectUniqueID@URLibraryObjFilter@stdlib@media@modules@UModSys@@@tl@UModSys@@2USUniquePointer@core@3@A@@YAXXZ 0000000140013130 f    CIL library: CIL module
 0001:00012170       ??__E?s_id@?$TObjectUniqueID@URGenerator@stdlib@media@modules@UModSys@@@tl@UModSys@@2USUniquePointer@core@3@A@@YAXXZ 0000000140013170 f    CIL library: CIL module
 0001:000121b0       ??__E?s_console@RConsole_std@rsystem@base@UModSys@@2U1234@A@@YAXXZ 00000001400131b0 f    CIL library: CIL module
 0001:000121d0       ??__E?s_sys@RSystem@rsystem@base@UModSys@@2U1234@A@@YAXXZ 00000001400131d0 f    CIL library: CIL module
 0001:000121f0       ??__Ersys_dbg@rsystem@base@UModSys@@YAXXZ 00000001400131f0 f    CIL library: CIL module
 0001:00012220       ??__EM@UModSys@@YAXXZ      0000000140013220 f    CIL library: CIL module
 0001:00012240       ??__E?root@SModuleRegChain@base@UModSys@@2U123@A@@YAXXZ 0000000140013240 f    CIL library: CIL module
 0001:00012270       ??__E?s_library@RModuleLibraryReg_Chain@base@UModSys@@2U123@A@@YAXXZ 0000000140013270 f    CIL library: CIL module
 0001:00012290       ??__E?root@SUniquePointer@core@UModSys@@2U123@A@@YAXXZ 0000000140013290 f    CIL library: CIL module
 0001:000122c0       ??__F?s_id@?$TObjectUniqueID@URConsole_std@rsystem@base@UModSys@@@tl@UModSys@@2USUniquePointer@core@3@A@@YAXXZ 00000001400132c0 f    CIL library: CIL module
 0001:000122d0       ??__F?s_id@?$TObjectUniqueID@URSystem@rsystem@base@UModSys@@@tl@UModSys@@2USUniquePointer@core@3@A@@YAXXZ 00000001400132d0 f    CIL library: CIL module
 0001:000122e0       ??__F?s_id@?$TObjectUniqueID@URParameters@rsystem@base@UModSys@@@tl@UModSys@@2USUniquePointer@core@3@A@@YAXXZ 00000001400132e0 f    CIL library: CIL module
 0001:000122f0       ??__F?s_id@?$TObjectUniqueID@URModuleLibraryThis@rsystem@base@UModSys@@@tl@UModSys@@2USUniquePointer@core@3@A@@YAXXZ 00000001400132f0 f    CIL library: CIL module
 0001:00012300       ??__F?s_id@?$TObjectUniqueID@URModuleLibrarySO@rsystem@base@UModSys@@@tl@UModSys@@2USUniquePointer@core@3@A@@YAXXZ 0000000140013300 f    CIL library: CIL module
 0001:00012310       ??__F?s_id@?$TObjectUniqueID@UIModuleLibraryUni@rsystem@base@UModSys@@@tl@UModSys@@2USUniquePointer@core@3@A@@YAXXZ 0000000140013310 f    CIL library: CIL module
 0001:00012320       ??__F?s_id@?$TObjectUniqueID@URModule@rsystem@base@UModSys@@@tl@UModSys@@2USUniquePointer@core@3@A@@YAXXZ 0000000140013320 f    CIL library: CIL module
 0001:00012330       ??__F?s_id@?$TObjectUniqueID@UISystem@base@UModSys@@@tl@UModSys@@2USUniquePointer@core@3@A@@YAXXZ 0000000140013330 f    CIL library: CIL module
 0001:00012340       ??__F?s_id@?$TObjectUniqueID@UIConsole@base@UModSys@@@tl@UModSys@@2USUniquePointer@core@3@A@@YAXXZ 0000000140013340 f    CIL library: CIL module
 0001:00012350       ??__F?s_id@?$TObjectUniqueID@UIShell@base@UModSys@@@tl@UModSys@@2USUniquePointer@core@3@A@@YAXXZ 0000000140013350 f    CIL library: CIL module
 0001:00012360       ??__F?s_id@?$TObjectUniqueID@UIGenerator@base@UModSys@@@tl@UModSys@@2USUniquePointer@core@3@A@@YAXXZ 0000000140013360 f    CIL library: CIL module
 0001:00012370       ??__F?s_id@?$TObjectUniqueID@UIModObject@base@UModSys@@@tl@UModSys@@2USUniquePointer@core@3@A@@YAXXZ 0000000140013370 f    CIL library: CIL module
 0001:00012380       ??__F?s_id@?$TObjectUniqueID@UIModuleLibrary@base@UModSys@@@tl@UModSys@@2USUniquePointer@core@3@A@@YAXXZ 0000000140013380 f    CIL library: CIL module
 0001:00012390       ??__F?s_id@?$TObjectUniqueID@UIModule@base@UModSys@@@tl@UModSys@@2USUniquePointer@core@3@A@@YAXXZ 0000000140013390 f    CIL library: CIL module
 0001:000123a0       ??__F?s_id@?$TObjectUniqueID@UIParameters@core@UModSys@@@tl@UModSys@@2USUniquePointer@core@3@A@@YAXXZ 00000001400133a0 f    CIL library: CIL module
 0001:000123b0       ??__F?s_id@?$TObjectUniqueID@UIRefObject@core@UModSys@@@tl@UModSys@@2USUniquePointer@core@3@A@@YAXXZ 00000001400133b0 f    CIL library: CIL module
 0001:000123c0       ??__F?s_id@?$TObjectUniqueID@UIRoot@core@UModSys@@@tl@UModSys@@2USUniquePointer@core@3@A@@YAXXZ 00000001400133c0 f    CIL library: CIL module
 0001:000123d0       ??__F?s_modreg@RModuleReg@stdio@media@modules@UModSys@@2U12345@A@@YAXXZ 00000001400133d0 f    CIL library: CIL module
 0001:000123f0       ??__F?s_modreg_chain@RModuleReg@stdio@media@modules@UModSys@@2USModuleRegChain@base@5@A@@YAXXZ 00000001400133f0 f    CIL library: CIL module
 0001:00012400       ??__F?s_uid@RGenerator@stdio@media@modules@UModSys@@2USUniquePointer@core@5@A@@YAXXZ 0000000140013400 f    CIL library: CIL module
 0001:00012410       ??__Fh@?1??s_holder@RGenerator@stdio@media@modules@UModSys@@SAAEAU?$TTypeStaticHolder@URGenerator@stdio@media@modules@UModSys@@@tl@5@XZ@YAXXZ 0000000140013410 f    CIL library: CIL module
 0001:00012440       ??__F?s_id@?$TObjectUniqueID@URGenerator@stdio@media@modules@UModSys@@@tl@UModSys@@2USUniquePointer@core@3@A@@YAXXZ 0000000140013440 f    CIL library: CIL module
 0001:00012450       ??__F?s_id@?$TObjectUniqueID@URDataArchiver_OsDir@stdio@media@modules@UModSys@@@tl@UModSys@@2USUniquePointer@core@3@A@@YAXXZ 0000000140013450 f    CIL library: CIL module
 0001:00012460       ??__F?s_id@?$TObjectUniqueID@URStreamWriter_FILE@stdio@media@modules@UModSys@@@tl@UModSys@@2USUniquePointer@core@3@A@@YAXXZ 0000000140013460 f    CIL library: CIL module
 0001:00012470       ??__F?s_id@?$TObjectUniqueID@URStreamReader_FILE@stdio@media@modules@UModSys@@@tl@UModSys@@2USUniquePointer@core@3@A@@YAXXZ 0000000140013470 f    CIL library: CIL module
 0001:00012480       ??__F?s_id@?$TObjectUniqueID@UILibrary@libmedia@UModSys@@@tl@UModSys@@2USUniquePointer@core@3@A@@YAXXZ 0000000140013480 f    CIL library: CIL module
 0001:00012490       ??__F?s_id@?$TObjectUniqueID@UIBinObjFilter@libmedia@UModSys@@@tl@UModSys@@2USUniquePointer@core@3@A@@YAXXZ 0000000140013490 f    CIL library: CIL module
 0001:000124a0       ??__F?s_id@?$TObjectUniqueID@UIBinArchive@libmedia@UModSys@@@tl@UModSys@@2USUniquePointer@core@3@A@@YAXXZ 00000001400134a0 f    CIL library: CIL module
 0001:000124b0       ??__F?s_id@?$TObjectUniqueID@UIStreamWriter@libmedia@UModSys@@@tl@UModSys@@2USUniquePointer@core@3@A@@YAXXZ 00000001400134b0 f    CIL library: CIL module
 0001:000124c0       ??__F?s_id@?$TObjectUniqueID@UIStreamReader@libmedia@UModSys@@@tl@UModSys@@2USUniquePointer@core@3@A@@YAXXZ 00000001400134c0 f    CIL library: CIL module
 0001:000124d0       ??__F?s_modreg@RModuleReg@stdlib@media@modules@UModSys@@2U12345@A@@YAXXZ 00000001400134d0 f    CIL library: CIL module
 0001:000124f0       ??__F?s_modreg_chain@RModuleReg@stdlib@media@modules@UModSys@@2USModuleRegChain@base@5@A@@YAXXZ 00000001400134f0 f    CIL library: CIL module
 0001:00012500       ??__F?s_uid@RGenerator@stdlib@media@modules@UModSys@@2USUniquePointer@core@5@A@@YAXXZ 0000000140013500 f    CIL library: CIL module
 0001:00012510       ??__Fh@?1??s_holder@RGenerator@stdlib@media@modules@UModSys@@SAAEAU?$TTypeStaticHolder@URGenerator@stdlib@media@modules@UModSys@@@tl@5@XZ@YAXXZ 0000000140013510 f    CIL library: CIL module
 0001:00012540       ??__F?s_id@?$TObjectUniqueID@URGenerator@stdlib@media@modules@UModSys@@@tl@UModSys@@2USUniquePointer@core@3@A@@YAXXZ 0000000140013540 f    CIL library: CIL module
 0001:00012550       ??__F?s_id@?$TObjectUniqueID@URLibraryObjFilter@stdlib@media@modules@UModSys@@@tl@UModSys@@2USUniquePointer@core@3@A@@YAXXZ 0000000140013550 f    CIL library: CIL module
 0001:00012560       ??__F?s_id@?$TObjectUniqueID@URLibraryObjCache@stdlib@media@modules@UModSys@@@tl@UModSys@@2USUniquePointer@core@3@A@@YAXXZ 0000000140013560 f    CIL library: CIL module
 0001:00012570       ??__F?s_id@?$TObjectUniqueID@URLibraryLayered@stdlib@media@modules@UModSys@@@tl@UModSys@@2USUniquePointer@core@3@A@@YAXXZ 0000000140013570 f    CIL library: CIL module
 0001:00012580       ??__F?s_id@?$TObjectUniqueID@URLibraryBinTree@stdlib@media@modules@UModSys@@@tl@UModSys@@2USUniquePointer@core@3@A@@YAXXZ 0000000140013580 f    CIL library: CIL module
 0001:00012590       ??__F?s_id@?$TObjectUniqueID@URLibraryBinCache@stdlib@media@modules@UModSys@@@tl@UModSys@@2USUniquePointer@core@3@A@@YAXXZ 0000000140013590 f    CIL library: CIL module
 0001:000125a0       ??__F?s_id@?$TObjectUniqueID@URBinArchiveFrame@stdlib@media@modules@UModSys@@@tl@UModSys@@2USUniquePointer@core@3@A@@YAXXZ 00000001400135a0 f    CIL library: CIL module
 0001:000125b0       ??__F?s_id@?$TObjectUniqueID@UIClient@IBinArchiveFrame@libmedia@UModSys@@@tl@UModSys@@2USUniquePointer@core@3@A@@YAXXZ 00000001400135b0 f    CIL library: CIL module
 0001:000125c0       ??__F?s_id@?$TObjectUniqueID@UIBinArchiveFrame@libmedia@UModSys@@@tl@UModSys@@2USUniquePointer@core@3@A@@YAXXZ 00000001400135c0 f    CIL library: CIL module
 0001:000125d0       ??__F?s_id@?$TObjectUniqueID@UILibraryLayered@libmedia@UModSys@@@tl@UModSys@@2USUniquePointer@core@3@A@@YAXXZ 00000001400135d0 f    CIL library: CIL module
 0001:000125e0       ??__F?s_id@?$TObjectUniqueID@UILibraryObjCache@libmedia@UModSys@@@tl@UModSys@@2USUniquePointer@core@3@A@@YAXXZ 00000001400135e0 f    CIL library: CIL module
 0001:000125f0       ??__F?s_id@?$TObjectUniqueID@UILibraryObjFilter@libmedia@UModSys@@@tl@UModSys@@2USUniquePointer@core@3@A@@YAXXZ 00000001400135f0 f    CIL library: CIL module
 0001:00012600       ??__F?s_id@?$TObjectUniqueID@UILibraryBinCache@libmedia@UModSys@@@tl@UModSys@@2USUniquePointer@core@3@A@@YAXXZ 0000000140013600 f    CIL library: CIL module
 0001:00012610       ??__F?s_id@?$TObjectUniqueID@UILibraryBinTree@libmedia@UModSys@@@tl@UModSys@@2USUniquePointer@core@3@A@@YAXXZ 0000000140013610 f    CIL library: CIL module
 0001:00012620       ??__F?s_console@RConsole_std@rsystem@base@UModSys@@2U1234@A@@YAXXZ 0000000140013620 f    CIL library: CIL module
 0001:00012630       ??__F?s_sys@RSystem@rsystem@base@UModSys@@2U1234@A@@YAXXZ 0000000140013630 f    CIL library: CIL module
 0001:00012640       ??__Frsys_dbg@rsystem@base@UModSys@@YAXXZ 0000000140013640 f    CIL library: CIL module
 0001:00012650       ??__FM@UModSys@@YAXXZ      0000000140013650 f    CIL library: CIL module
 0001:00012660       ??__F?root@SModuleRegChain@base@UModSys@@2U123@A@@YAXXZ 0000000140013660 f    CIL library: CIL module
 0001:00012670       ??__F?s_library@RModuleLibraryReg_Chain@base@UModSys@@2U123@A@@YAXXZ 0000000140013670 f    CIL library: CIL module
 0001:00012680       ??__F?root@SUniquePointer@core@UModSys@@2U123@A@@YAXXZ 0000000140013680 f    CIL library: CIL module

 Exports

  ordinal    name

        1    UModSys_Plugin_Entry2
