 umodsysc

 Timestamp is 52d633b3 (Wed Jan 15 10:07:31 2014)

 Preferred load address is 0000000140000000

 Start         Length     Name                   Class
 0001:00000000 00016b4cH .text                   CODE
 0001:00016b50 0000005eH .text$00                CODE
 0001:00016bb0 0000126cH .text$x                 CODE
 0001:00017e20 00000de2H .text$yc                CODE
 0001:00018c10 0000041cH .text$yd                CODE
 0002:00000000 00000258H .idata$5                DATA
 0002:00000258 00000008H .CRT$XCA                DATA
 0002:00000260 00000008H .CRT$XCAA               DATA
 0002:00000268 000006f0H .CRT$XCU                DATA
 0002:00000958 00000008H .CRT$XCZ                DATA
 0002:00000960 00000008H .CRT$XIA                DATA
 0002:00000968 00000008H .CRT$XIAA               DATA
 0002:00000970 00000008H .CRT$XIY                DATA
 0002:00000978 00000008H .CRT$XIZ                DATA
 0002:00000980 000037d8H .rdata                  DATA
 0002:00004160 0000211cH .rdata$r                DATA
 0002:00006280 00000008H .rtc$IAA                DATA
 0002:00006288 00000008H .rtc$IZZ                DATA
 0002:00006290 00000008H .rtc$TAA                DATA
 0002:00006298 00000008H .rtc$TZZ                DATA
 0002:000062a0 000033d0H .xdata                  DATA
 0002:00009670 000000e4H .xdata$x                DATA
 0002:00009754 00000028H .idata$2                DATA
 0002:0000977c 00000014H .idata$3                DATA
 0002:00009790 00000258H .idata$4                DATA
 0002:000099e8 00000478H .idata$6                DATA
 0002:00009e60 00000055H .edata                  DATA
 0003:00000000 00000ff4H .data                   DATA
 0003:00001000 00002d78H .bss                    DATA
 0004:00000000 0000243cH .pdata                  DATA

  Address         Publics by Value              Rva+Base               Lib:Object

 0000:00000000       ___safe_se_handler_table   0000000000000000     <absolute>
 0000:00000000       ___safe_se_handler_count   0000000000000000     <absolute>
 0000:00000000       __ImageBase                0000000140000000     <linker-defined>
 0001:00000000       ??$shash@D@su@tl@UModSys@@YA_KPEBD_K@Z 0000000140001000 f i umodsys.c_main.obj
 0001:00000040       ??3IRoot@core@UModSys@@SAXPEAXAEBUSIMemAlloc@12@@Z 0000000140001040 f i umodsys_lib_libmedia:umodsys.mod.media.stdio.obj
 0001:00000050       ?archive_load_data@libmedia@UModSys@@YA_NAEAUIBinArchive@12@AEBU?$TString@U?$TSCoreConst@D@su@tl@UModSys@@U?$TComparerBinaryHash@D@234@@tl@2@AEAUSCMemShared@core@2@AEBUSFlags@12@@Z 0000000140001050 f i umodsys_lib_libmedia:umodsys.mod.media.stdio.obj
 0001:00000220       ?archive_save_data@libmedia@UModSys@@YA_NAEAUIBinArchive@12@AEBU?$TString@U?$TSCoreConst@D@su@tl@UModSys@@U?$TComparerBinaryHash@D@234@@tl@2@AEBUSCMem@core@2@AEBUSFlags@12@@Z 0000000140001220 f i umodsys_lib_libmedia:umodsys.mod.media.stdio.obj
 0001:000002b0       ?file_get_size@stdio@media@modules@UModSys@@YA_JPEAU_iobuf@@@Z 00000001400012b0 f i umodsys_lib_libmedia:umodsys.mod.media.stdio.obj
 0001:00000320       ?root_get_interface_info@RStreamReader_FILE@stdio@media@modules@UModSys@@UEBAAEBUSUniquePointerInfo@core@5@XZ 0000000140001320 f i umodsys_lib_libmedia:umodsys.mod.media.stdio.obj
 0001:00000330       ?root_get_interface_type@RStreamReader_FILE@stdio@media@modules@UModSys@@UEBAPEBUSUniquePointerInfo@core@5@XZ 0000000140001330 f i umodsys_lib_libmedia:umodsys.mod.media.stdio.obj
 0001:00000340       ?root_get_other_interface@RStreamReader_FILE@stdio@media@modules@UModSys@@UEAAPEAUIRoot@core@5@PEBUSUniquePointerInfo@75@@Z 0000000140001340 f i umodsys_lib_libmedia:umodsys.mod.media.stdio.obj
 0001:00000340       ?root_get_other_interface@RStreamReader_FILE@stdio@media@modules@UModSys@@UEBAPEBUIRoot@core@5@PEBUSUniquePointerInfo@75@@Z 0000000140001340 f i umodsys_lib_libmedia:umodsys.mod.media.stdio.obj
 0001:00000370       ?root_is_interface_supported@RStreamReader_FILE@stdio@media@modules@UModSys@@UEBA_NPEBUSUniquePointerInfo@core@5@@Z 0000000140001370 f i umodsys_lib_libmedia:umodsys.mod.media.stdio.obj
 0001:000003a0       ??0RStreamReader_FILE@stdio@media@modules@UModSys@@QEAA@PEAUIModObject@base@4@AEBUSParameters@core@4@@Z 00000001400013a0 f i umodsys_lib_libmedia:umodsys.mod.media.stdio.obj
 0001:00000470       ??0RStreamReader_FILE@stdio@media@modules@UModSys@@QEAA@PEAUIModObject@base@4@PEBD@Z 0000000140001470 f i umodsys_lib_libmedia:umodsys.mod.media.stdio.obj
 0001:00000520       ?get_size@RStreamReader_FILE@stdio@media@modules@UModSys@@QEAAXXZ 0000000140001520 f i umodsys_lib_libmedia:umodsys.mod.media.stdio.obj
 0001:000005a0       ?reader_seek@RStreamReader_FILE@stdio@media@modules@UModSys@@UEAA_N_J@Z 00000001400015a0 f i umodsys_lib_libmedia:umodsys.mod.media.stdio.obj
 0001:000005d0       ?reader_seekend@RStreamReader_FILE@stdio@media@modules@UModSys@@UEAA_N_J@Z 00000001400015d0 f i umodsys_lib_libmedia:umodsys.mod.media.stdio.obj
 0001:00000600       ?reader_seekdelta@RStreamReader_FILE@stdio@media@modules@UModSys@@UEAA_N_J@Z 0000000140001600 f i umodsys_lib_libmedia:umodsys.mod.media.stdio.obj
 0001:00000630       ?reader_pos@RStreamReader_FILE@stdio@media@modules@UModSys@@UEAA_JXZ 0000000140001630 f i umodsys_lib_libmedia:umodsys.mod.media.stdio.obj
 0001:00000660       ?reader_size@RStreamReader_FILE@stdio@media@modules@UModSys@@UEAA_JXZ 0000000140001660 f i umodsys_lib_libmedia:umodsys.mod.media.stdio.obj
 0001:00000670       ?reader_read@RStreamReader_FILE@stdio@media@modules@UModSys@@UEAA_NPEAX_K@Z 0000000140001670 f i umodsys_lib_libmedia:umodsys.mod.media.stdio.obj
 0001:00000720       ?reader_close@RStreamReader_FILE@stdio@media@modules@UModSys@@UEAAXXZ 0000000140001720 f i umodsys_lib_libmedia:umodsys.mod.media.stdio.obj
 0001:00000750       ??_ERStreamReader_FILE@stdio@media@modules@UModSys@@UEAAPEAXI@Z 0000000140001750 f i  CIL library: CIL module
 0001:00000750       ??_GRStreamReader_FILE@stdio@media@modules@UModSys@@UEAAPEAXI@Z 0000000140001750 f i umodsys_lib_libmedia:umodsys.mod.media.stdio.obj
 0001:000007b0       ??_GRGenerator@stdlib@media@modules@UModSys@@UEAAPEAXI@Z 00000001400017b0 f i umodsys_lib_libmedia:umodsys.mod.media.stdlib.obj
 0001:000007b0       ??_ERGenerator@stdlib@media@modules@UModSys@@UEAAPEAXI@Z 00000001400017b0 f i  CIL library: CIL module
 0001:000007b0       ??_EIRefObject@core@UModSys@@UEAAPEAXI@Z 00000001400017b0 f i  CIL library: CIL module
 0001:000007b0       ??_GRGenerator@stdio@media@modules@UModSys@@UEAAPEAXI@Z 00000001400017b0 f i umodsys_lib_libmedia:umodsys.mod.media.stdio.obj
 0001:000007b0       ??_ERGenerator@stdio@media@modules@UModSys@@UEAAPEAXI@Z 00000001400017b0 f i  CIL library: CIL module
 0001:000007b0       ??_GIRefObject@core@UModSys@@UEAAPEAXI@Z 00000001400017b0 f i umodsys_lib_libmedia:umodsys.mod.media.stdio.obj
 0001:000007e0       ??_GIRoot@core@UModSys@@UEAAPEAXI@Z 00000001400017e0 f i umodsys_lib_libmedia:umodsys.mod.media.stdio.obj
 0001:000007e0       ??_EIRoot@core@UModSys@@UEAAPEAXI@Z 00000001400017e0 f i  CIL library: CIL module
 0001:00000810       ?root_get_interface_info@RStreamWriter_FILE@stdio@media@modules@UModSys@@UEBAAEBUSUniquePointerInfo@core@5@XZ 0000000140001810 f i umodsys_lib_libmedia:umodsys.mod.media.stdio.obj
 0001:00000820       ?root_get_interface_type@RStreamWriter_FILE@stdio@media@modules@UModSys@@UEBAPEBUSUniquePointerInfo@core@5@XZ 0000000140001820 f i umodsys_lib_libmedia:umodsys.mod.media.stdio.obj
 0001:00000830       ?root_get_other_interface@RStreamWriter_FILE@stdio@media@modules@UModSys@@UEAAPEAUIRoot@core@5@PEBUSUniquePointerInfo@75@@Z 0000000140001830 f i umodsys_lib_libmedia:umodsys.mod.media.stdio.obj
 0001:00000830       ?root_get_other_interface@RStreamWriter_FILE@stdio@media@modules@UModSys@@UEBAPEBUIRoot@core@5@PEBUSUniquePointerInfo@75@@Z 0000000140001830 f i umodsys_lib_libmedia:umodsys.mod.media.stdio.obj
 0001:00000860       ?root_is_interface_supported@RStreamWriter_FILE@stdio@media@modules@UModSys@@UEBA_NPEBUSUniquePointerInfo@core@5@@Z 0000000140001860 f i umodsys_lib_libmedia:umodsys.mod.media.stdio.obj
 0001:00000890       ??0RStreamWriter_FILE@stdio@media@modules@UModSys@@QEAA@PEAUIModObject@base@4@AEBUSParameters@core@4@@Z 0000000140001890 f i umodsys_lib_libmedia:umodsys.mod.media.stdio.obj
 0001:00000930       ??0RStreamWriter_FILE@stdio@media@modules@UModSys@@QEAA@PEAUIModObject@base@4@PEBD_N@Z 0000000140001930 f i umodsys_lib_libmedia:umodsys.mod.media.stdio.obj
 0001:00000a10       ?open@RStreamWriter_FILE@stdio@media@modules@UModSys@@QEAAXAEBUSParameters@core@5@@Z 0000000140001a10 f i umodsys_lib_libmedia:umodsys.mod.media.stdio.obj
 0001:00000ad0       ?writer_seek@RStreamWriter_FILE@stdio@media@modules@UModSys@@UEAA_N_J@Z 0000000140001ad0 f i umodsys_lib_libmedia:umodsys.mod.media.stdio.obj
 0001:00000b00       ?writer_seekend@RStreamWriter_FILE@stdio@media@modules@UModSys@@UEAA_N_J@Z 0000000140001b00 f i umodsys_lib_libmedia:umodsys.mod.media.stdio.obj
 0001:00000b30       ?writer_seekdelta@RStreamWriter_FILE@stdio@media@modules@UModSys@@UEAA_N_J@Z 0000000140001b30 f i umodsys_lib_libmedia:umodsys.mod.media.stdio.obj
 0001:00000b60       ?writer_setsize@RStreamWriter_FILE@stdio@media@modules@UModSys@@UEAA_N_J@Z 0000000140001b60 f i umodsys_lib_libmedia:umodsys.mod.media.stdio.obj
 0001:00000bc0       ?writer_pos@RStreamWriter_FILE@stdio@media@modules@UModSys@@UEAA_JXZ 0000000140001bc0 f i umodsys_lib_libmedia:umodsys.mod.media.stdio.obj
 0001:00000bf0       ?writer_size@RStreamWriter_FILE@stdio@media@modules@UModSys@@UEAA_JXZ 0000000140001bf0 f i umodsys_lib_libmedia:umodsys.mod.media.stdio.obj
 0001:00000c20       ?writer_write@RStreamWriter_FILE@stdio@media@modules@UModSys@@UEAA_NPEBX_K@Z 0000000140001c20 f i umodsys_lib_libmedia:umodsys.mod.media.stdio.obj
 0001:00000cd0       ?writer_copy@RStreamWriter_FILE@stdio@media@modules@UModSys@@UEAA_NPEAUIStreamReader@libmedia@5@_J@Z 0000000140001cd0 f i umodsys_lib_libmedia:umodsys.mod.media.stdio.obj
 0001:00000d80       ?writer_copy@RStreamWriter_FILE@stdio@media@modules@UModSys@@UEAA_NPEAUIStreamReader@libmedia@5@_J1@Z 0000000140001d80 f i umodsys_lib_libmedia:umodsys.mod.media.stdio.obj
 0001:00000df0       ?writer_close@RStreamWriter_FILE@stdio@media@modules@UModSys@@UEAAXXZ 0000000140001df0 f i umodsys_lib_libmedia:umodsys.mod.media.stdio.obj
 0001:00000e30       ?writer_abort@RStreamWriter_FILE@stdio@media@modules@UModSys@@UEAAXXZ 0000000140001e30 f i umodsys_lib_libmedia:umodsys.mod.media.stdio.obj
 0001:00000e70       ??_GRStreamWriter_FILE@stdio@media@modules@UModSys@@UEAAPEAXI@Z 0000000140001e70 f i umodsys_lib_libmedia:umodsys.mod.media.stdio.obj
 0001:00000e70       ??_ERStreamWriter_FILE@stdio@media@modules@UModSys@@UEAAPEAXI@Z 0000000140001e70 f i  CIL library: CIL module
 0001:00000ef0       ?root_get_interface_info@RDataArchiver_OsDir@stdio@media@modules@UModSys@@UEBAAEBUSUniquePointerInfo@core@5@XZ 0000000140001ef0 f i umodsys_lib_libmedia:umodsys.mod.media.stdio.obj
 0001:00000f00       ?root_get_interface_type@RDataArchiver_OsDir@stdio@media@modules@UModSys@@UEBAPEBUSUniquePointerInfo@core@5@XZ 0000000140001f00 f i umodsys_lib_libmedia:umodsys.mod.media.stdio.obj
 0001:00000f10       ?root_get_other_interface@RDataArchiver_OsDir@stdio@media@modules@UModSys@@UEBAPEBUIRoot@core@5@PEBUSUniquePointerInfo@75@@Z 0000000140001f10 f i umodsys_lib_libmedia:umodsys.mod.media.stdio.obj
 0001:00000f10       ?root_get_other_interface@RDataArchiver_OsDir@stdio@media@modules@UModSys@@UEAAPEAUIRoot@core@5@PEBUSUniquePointerInfo@75@@Z 0000000140001f10 f i umodsys_lib_libmedia:umodsys.mod.media.stdio.obj
 0001:00000f50       ?root_is_interface_supported@RDataArchiver_OsDir@stdio@media@modules@UModSys@@UEBA_NPEBUSUniquePointerInfo@core@5@@Z 0000000140001f50 f i umodsys_lib_libmedia:umodsys.mod.media.stdio.obj
 0001:00000f90       ?ref_remove@RLibraryBinCache@stdlib@media@modules@UModSys@@UEBAXXZ 0000000140001f90 f i umodsys_lib_libmedia:umodsys.mod.media.stdlib.obj
 0001:00000f90       ?ref_remove@RLibraryObjCache@stdlib@media@modules@UModSys@@UEBAXXZ 0000000140001f90 f i umodsys_lib_libmedia:umodsys.mod.media.stdlib.obj
 0001:00000f90       ?ref_remove@RDataArchiver_OsDir@stdio@media@modules@UModSys@@UEBAXXZ 0000000140001f90 f i umodsys_lib_libmedia:umodsys.mod.media.stdio.obj
 0001:00000f90       ?ref_remove@RLibraryBinTree@stdlib@media@modules@UModSys@@UEBAXXZ 0000000140001f90 f i umodsys_lib_libmedia:umodsys.mod.media.stdlib.obj
 0001:00000f90       ?ref_remove@RLibraryLayered@stdlib@media@modules@UModSys@@UEBAXXZ 0000000140001f90 f i umodsys_lib_libmedia:umodsys.mod.media.stdlib.obj
 0001:00000f90       ?ref_remove@RLibraryObjFilter@stdlib@media@modules@UModSys@@UEBAXXZ 0000000140001f90 f i umodsys_lib_libmedia:umodsys.mod.media.stdlib.obj
 0001:00000f90       ?ref_remove@RParameters@rsystem@base@UModSys@@UEBAXXZ 0000000140001f90 f i umodsys_lib_basesys:umodsys.basesys.rparameters.obj
 0001:00000fb0       ??0RDataArchiver_OsDir@stdio@media@modules@UModSys@@QEAA@PEAUIModObject@base@4@AEBUSParameters@core@4@U?$TFlags4State@USMediaFlagUid@libmedia@UModSys@@I@tl@4@@Z 0000000140001fb0 f i umodsys_lib_libmedia:umodsys.mod.media.stdio.obj
 0001:000010b0       ?open@RDataArchiver_OsDir@stdio@media@modules@UModSys@@QEAAXAEBUSParameters@core@5@@Z 00000001400020b0 f i umodsys_lib_libmedia:umodsys.mod.media.stdio.obj
 0001:000011c0       ?get_flag@RDataArchiver_OsDir@stdio@media@modules@UModSys@@UEBA?AW4eStates@?$TFlags4State@USMediaFlagUid@libmedia@UModSys@@I@tl@5@H@Z 00000001400021c0 f i umodsys_lib_libmedia:umodsys.mod.media.stdio.obj
 0001:000011d0       ?get_flags_auto@RDataArchiver_OsDir@stdio@media@modules@UModSys@@UEBA?AU?$TFlags4State@USMediaFlagUid@libmedia@UModSys@@I@tl@5@XZ 00000001400021d0 f i umodsys_lib_libmedia:umodsys.mod.media.stdio.obj
 0001:000011e0       ?set_flag@RDataArchiver_OsDir@stdio@media@modules@UModSys@@UEAA?AW4eStates@?$TFlags4State@USMediaFlagUid@libmedia@UModSys@@I@tl@5@HW46785@@Z 00000001400021e0 f i umodsys_lib_libmedia:umodsys.mod.media.stdio.obj
 0001:00001210       ?data_load@RDataArchiver_OsDir@stdio@media@modules@UModSys@@UEAA_NAEBU?$TString@U?$TSCoreConst@D@su@tl@UModSys@@U?$TComparerBinaryHash@D@234@@tl@5@AEAUSCMemShared@core@5@AEBUSFlags@libmedia@5@@Z 0000000140002210 f i umodsys_lib_libmedia:umodsys.mod.media.stdio.obj
 0001:00001270       ?data_save@RDataArchiver_OsDir@stdio@media@modules@UModSys@@UEAA_NAEBU?$TString@U?$TSCoreConst@D@su@tl@UModSys@@U?$TComparerBinaryHash@D@234@@tl@5@AEBUSCMem@core@5@AEBUSFlags@libmedia@5@@Z 0000000140002270 f i umodsys_lib_libmedia:umodsys.mod.media.stdio.obj
 0001:00001280       ?data_reader@RDataArchiver_OsDir@stdio@media@modules@UModSys@@UEAA?AU?$TRefObject@UIStreamReader@libmedia@UModSys@@U?$TRefObjectFunc@UIStreamReader@libmedia@UModSys@@@tl@3@@tl@5@AEBU?$TString@U?$TSCoreConst@D@su@tl@UModSys@@U?$TComparerBinaryHash@D@234@@75@AEBUSFlags@libmedia@5@@Z 0000000140002280 f i umodsys_lib_libmedia:umodsys.mod.media.stdio.obj
 0001:00001420       ?data_writer@RDataArchiver_OsDir@stdio@media@modules@UModSys@@UEAA?AU?$TRefObject@UIStreamWriter@libmedia@UModSys@@U?$TRefObjectFunc@UIStreamWriter@libmedia@UModSys@@@tl@3@@tl@5@AEBU?$TString@U?$TSCoreConst@D@su@tl@UModSys@@U?$TComparerBinaryHash@D@234@@75@AEBUSFlags@libmedia@5@@Z 0000000140002420 f i umodsys_lib_libmedia:umodsys.mod.media.stdio.obj
 0001:000015d0       ?data_list@RDataArchiver_OsDir@stdio@media@modules@UModSys@@UEAA_NAEBU?$TString@U?$TSCoreConst@D@su@tl@UModSys@@U?$TComparerBinaryHash@D@234@@tl@5@_KAEAU?$TIStackSocket@USFileInfo@libmedia@UModSys@@@75@AEBUSFlags@libmedia@5@@Z 00000001400025d0 f i umodsys_lib_libmedia:umodsys.mod.media.stdio.obj
 0001:000015d0       ?data_info@RDataArchiver_OsDir@stdio@media@modules@UModSys@@UEAA_NAEBU?$TString@U?$TSCoreConst@D@su@tl@UModSys@@U?$TComparerBinaryHash@D@234@@tl@5@_KAEAUSFileInfo@libmedia@5@AEBUSFlags@95@@Z 00000001400025d0 f i umodsys_lib_libmedia:umodsys.mod.media.stdio.obj
 0001:00001660       ?get_permissions@RDataArchiver_OsDir@stdio@media@modules@UModSys@@UEAAHXZ 0000000140002660 f i umodsys_lib_libmedia:umodsys.mod.media.stdio.obj
 0001:00001670       ??_GRDataArchiver_OsDir@stdio@media@modules@UModSys@@UEAAPEAXI@Z 0000000140002670 f i umodsys_lib_libmedia:umodsys.mod.media.stdio.obj
 0001:00001670       ??_ERDataArchiver_OsDir@stdio@media@modules@UModSys@@UEAAPEAXI@Z 0000000140002670 f i  CIL library: CIL module
 0001:000016f0       ?get_generated_names@RGenerator@stdio@media@modules@UModSys@@UEBAHAEAUSUniquePtrList@core@5@@Z 00000001400026f0 f i umodsys_lib_libmedia:umodsys.mod.media.stdio.obj
 0001:00001740       ?get_generated_types@RGenerator@stdio@media@modules@UModSys@@UEBAHAEAUSUniquePtrList@core@5@PEBUSUniquePointerInfo@75@@Z 0000000140002740 f i umodsys_lib_libmedia:umodsys.mod.media.stdio.obj
 0001:00001820       ?generate@RGenerator@stdio@media@modules@UModSys@@UEAA_NAEAU?$TRefObject@UIRefObject@core@UModSys@@U?$TRefObjectFunc@UIRefObject@core@UModSys@@@tl@3@@tl@5@PEBUSUniquePointerInfo@core@5@AEBUSParameters@95@@Z 0000000140002820 f i umodsys_lib_libmedia:umodsys.mod.media.stdio.obj
 0001:00001950       ?root_get_interface_info@RGenerator@stdio@media@modules@UModSys@@UEBAAEBUSUniquePointerInfo@core@5@XZ 0000000140002950 f i umodsys_lib_libmedia:umodsys.mod.media.stdio.obj
 0001:00001960       ?root_get_interface_type@RGenerator@stdio@media@modules@UModSys@@UEBAPEBUSUniquePointerInfo@core@5@XZ 0000000140002960 f i umodsys_lib_libmedia:umodsys.mod.media.stdio.obj
 0001:00001970       ?root_get_other_interface@RGenerator@stdio@media@modules@UModSys@@UEAAPEAUIRoot@core@5@PEBUSUniquePointerInfo@75@@Z 0000000140002970 f i umodsys_lib_libmedia:umodsys.mod.media.stdio.obj
 0001:00001970       ?root_get_other_interface@RGenerator@stdio@media@modules@UModSys@@UEBAPEBUIRoot@core@5@PEBUSUniquePointerInfo@75@@Z 0000000140002970 f i umodsys_lib_libmedia:umodsys.mod.media.stdio.obj
 0001:000019b0       ?root_is_interface_supported@RGenerator@stdio@media@modules@UModSys@@UEBA_NPEBUSUniquePointerInfo@core@5@@Z 00000001400029b0 f i umodsys_lib_libmedia:umodsys.mod.media.stdio.obj
 0001:000019f0       ?ref_add@RStreamReader_FILE@stdio@media@modules@UModSys@@UEBAXXZ 00000001400029f0 f i umodsys_lib_libmedia:umodsys.mod.media.stdio.obj
 0001:000019f0       ?ref_add@RGenerator@stdlib@media@modules@UModSys@@UEBAXXZ 00000001400029f0 f i umodsys_lib_libmedia:umodsys.mod.media.stdlib.obj
 0001:000019f0       ?ref_add@RGenerator@stdio@media@modules@UModSys@@UEBAXXZ 00000001400029f0 f i umodsys_lib_libmedia:umodsys.mod.media.stdio.obj
 0001:000019f0       ?ref_add@RStreamWriter_FILE@stdio@media@modules@UModSys@@UEBAXXZ 00000001400029f0 f i umodsys_lib_libmedia:umodsys.mod.media.stdio.obj
 0001:000019f0       ?ref_add@RUtilities@stdlib@media@modules@UModSys@@UEBAXXZ 00000001400029f0 f i umodsys_lib_libmedia:umodsys.mod.media.stdlib.obj
 0001:00001a00       ?ref_weak@RStreamWriter_FILE@stdio@media@modules@UModSys@@UEBA_NAEAUWeakPointer@IRefObject@core@5@@Z 0000000140002a00 f i umodsys_lib_libmedia:umodsys.mod.media.stdio.obj
 0001:00001a00       ?ref_weak@RGenerator@stdio@media@modules@UModSys@@UEBA_NAEAUWeakPointer@IRefObject@core@5@@Z 0000000140002a00 f i umodsys_lib_libmedia:umodsys.mod.media.stdio.obj
 0001:00001a00       ?ref_weak@RUtilities@stdlib@media@modules@UModSys@@UEBA_NAEAUWeakPointer@IRefObject@core@5@@Z 0000000140002a00 f i umodsys_lib_libmedia:umodsys.mod.media.stdlib.obj
 0001:00001a00       ?ref_weak@RStreamReader_FILE@stdio@media@modules@UModSys@@UEBA_NAEAUWeakPointer@IRefObject@core@5@@Z 0000000140002a00 f i umodsys_lib_libmedia:umodsys.mod.media.stdio.obj
 0001:00001a00       ?ref_weak@RGenerator@stdlib@media@modules@UModSys@@UEBA_NAEAUWeakPointer@IRefObject@core@5@@Z 0000000140002a00 f i umodsys_lib_libmedia:umodsys.mod.media.stdlib.obj
 0001:00001a20       ?suicide@RGenerator@stdio@media@modules@UModSys@@UEAAXXZ 0000000140002a20 f i umodsys_lib_libmedia:umodsys.mod.media.stdio.obj
 0001:00001a20       ?suicide@RGenerator@stdlib@media@modules@UModSys@@UEAAXXZ 0000000140002a20 f i umodsys_lib_libmedia:umodsys.mod.media.stdlib.obj
 0001:00001a20       ??3@YAXPEAX0@Z             0000000140002a20 f i umodsys_lib_libmedia:umodsys.mod.media.stdio.obj
 0001:00001a30       ?get_uid@RGenerator@stdio@media@modules@UModSys@@UEBAPEBUSUniquePointerInfo@core@5@XZ 0000000140002a30 f i umodsys_lib_libmedia:umodsys.mod.media.stdio.obj
 0001:00001a40       ?do_open@RModuleReg@stdio@media@modules@UModSys@@UEAA_NXZ 0000000140002a40 f i umodsys_lib_libmedia:umodsys.mod.media.stdio.obj
 0001:00001a50       ?do_close@RModuleReg@stdio@media@modules@UModSys@@UEAA_NXZ 0000000140002a50 f i umodsys_lib_libmedia:umodsys.mod.media.stdio.obj
 0001:00001a60       ??_ERModuleReg@stdio@media@modules@UModSys@@UEAAPEAXI@Z 0000000140002a60 f i  CIL library: CIL module
 0001:00001a60       ??_GRModuleReg@stdio@media@modules@UModSys@@UEAAPEAXI@Z 0000000140002a60 f i umodsys_lib_libmedia:umodsys.mod.media.stdio.obj
 0001:00001a90       ?info_release@?$TSCoreShared@USIMemAlloc@core@UModSys@@D@su@tl@UModSys@@QEAAXXZ 0000000140002a90 f i umodsys_lib_libmedia:umodsys.mod.media.stdio.obj
 0001:00001b30       ?info_new@?$TSCoreShared@USIMemAlloc@core@UModSys@@D@su@tl@UModSys@@QEAA_NPEBD_K@Z 0000000140002b30 f i umodsys_lib_libmedia:umodsys.mod.media.stdio.obj
 0001:00001c20       ?get_null@?$TSCoreShared@USIMemAlloc@core@UModSys@@D@su@tl@UModSys@@SAPEAU?$TSharedStringInfo@DUSIMemAlloc@core@UModSys@@@234@XZ 0000000140002c20 f i umodsys_lib_libmedia:umodsys.mod.media.stdio.obj
 0001:00001c70       ??1?$TRefObject@UIModObject@base@UModSys@@U?$TModObjectFunc@UIModObject@base@UModSys@@@tl@3@@tl@UModSys@@QEAA@XZ 0000000140002c70 f i umodsys_lib_libmedia:umodsys.mod.media.stdio.obj
 0001:00001ca0       ??$is_flag@U?$TFlags4StateShift@USMediaFlagUid@libmedia@UModSys@@I$09@tl@UModSys@@@SFlags@libmedia@UModSys@@QEBA_NPEBUIResolverAuto@012@W4eStates@?$TFlags4State@USMediaFlagUid@libmedia@UModSys@@I@tl@2@@Z 0000000140002ca0 f i umodsys_lib_libmedia:umodsys.mod.media.stdio.obj
 0001:00001d30       ??$ValidateConstruction@UIStreamReader@libmedia@UModSys@@URStreamReader_FILE@stdio@media@modules@3@@core@UModSys@@YA_NAEAU?$TRefObject@UIStreamReader@libmedia@UModSys@@U?$TRefObjectFunc@UIStreamReader@libmedia@UModSys@@@tl@3@@tl@1@PEAURStreamReader_FILE@stdio@media@modules@1@@Z 0000000140002d30 f i umodsys_lib_libmedia:umodsys.mod.media.stdio.obj
 0001:00001d30       ??$ValidateConstruction@UIRefObject@core@UModSys@@URStreamReader_FILE@stdio@media@modules@3@@core@UModSys@@YA_NAEAU?$TRefObject@UIRefObject@core@UModSys@@U?$TRefObjectFunc@UIRefObject@core@UModSys@@@tl@3@@tl@1@PEAURStreamReader_FILE@stdio@media@modules@1@@Z 0000000140002d30 f i umodsys_lib_libmedia:umodsys.mod.media.stdio.obj
 0001:00001db0       ??$ValidateConstruction@UIRefObject@core@UModSys@@URStreamWriter_FILE@stdio@media@modules@3@@core@UModSys@@YA_NAEAU?$TRefObject@UIRefObject@core@UModSys@@U?$TRefObjectFunc@UIRefObject@core@UModSys@@@tl@3@@tl@1@PEAURStreamWriter_FILE@stdio@media@modules@1@@Z 0000000140002db0 f i umodsys_lib_libmedia:umodsys.mod.media.stdio.obj
 0001:00001db0       ??$ValidateConstruction@UIStreamWriter@libmedia@UModSys@@URStreamWriter_FILE@stdio@media@modules@3@@core@UModSys@@YA_NAEAU?$TRefObject@UIStreamWriter@libmedia@UModSys@@U?$TRefObjectFunc@UIStreamWriter@libmedia@UModSys@@@tl@3@@tl@1@PEAURStreamWriter_FILE@stdio@media@modules@1@@Z 0000000140002db0 f i umodsys_lib_libmedia:umodsys.mod.media.stdio.obj
 0001:00001e30       ??$ValidateConstruction@UIRefObject@core@UModSys@@URLibraryLayered@stdlib@media@modules@3@@core@UModSys@@YA_NAEAU?$TRefObject@UIRefObject@core@UModSys@@U?$TRefObjectFunc@UIRefObject@core@UModSys@@@tl@3@@tl@1@PEAURLibraryLayered@stdlib@media@modules@1@@Z 0000000140002e30 f i umodsys_lib_libmedia:umodsys.mod.media.stdlib.obj
 0001:00001e30       ??$ValidateConstruction@UIRefObject@core@UModSys@@URUtilities@stdlib@media@modules@3@@core@UModSys@@YA_NAEAU?$TRefObject@UIRefObject@core@UModSys@@U?$TRefObjectFunc@UIRefObject@core@UModSys@@@tl@3@@tl@1@PEAURUtilities@stdlib@media@modules@1@@Z 0000000140002e30 f i umodsys_lib_libmedia:umodsys.mod.media.stdlib.obj
 0001:00001e30       ??$ValidateConstruction@UIRefObject@core@UModSys@@URDataArchiver_OsDir@stdio@media@modules@3@@core@UModSys@@YA_NAEAU?$TRefObject@UIRefObject@core@UModSys@@U?$TRefObjectFunc@UIRefObject@core@UModSys@@@tl@3@@tl@1@PEAURDataArchiver_OsDir@stdio@media@modules@1@@Z 0000000140002e30 f i umodsys_lib_libmedia:umodsys.mod.media.stdio.obj
 0001:00001e30       ??$ValidateConstruction@UIRefObject@core@UModSys@@URLibraryObjCache@stdlib@media@modules@3@@core@UModSys@@YA_NAEAU?$TRefObject@UIRefObject@core@UModSys@@U?$TRefObjectFunc@UIRefObject@core@UModSys@@@tl@3@@tl@1@PEAURLibraryObjCache@stdlib@media@modules@1@@Z 0000000140002e30 f i umodsys_lib_libmedia:umodsys.mod.media.stdlib.obj
 0001:00001e30       ??$ValidateConstruction@UIRefObject@core@UModSys@@URLibraryObjFilter@stdlib@media@modules@3@@core@UModSys@@YA_NAEAU?$TRefObject@UIRefObject@core@UModSys@@U?$TRefObjectFunc@UIRefObject@core@UModSys@@@tl@3@@tl@1@PEAURLibraryObjFilter@stdlib@media@modules@1@@Z 0000000140002e30 f i umodsys_lib_libmedia:umodsys.mod.media.stdlib.obj
 0001:00001e30       ??$ValidateConstruction@UIRefObject@core@UModSys@@URLibraryBinTree@stdlib@media@modules@3@@core@UModSys@@YA_NAEAU?$TRefObject@UIRefObject@core@UModSys@@U?$TRefObjectFunc@UIRefObject@core@UModSys@@@tl@3@@tl@1@PEAURLibraryBinTree@stdlib@media@modules@1@@Z 0000000140002e30 f i umodsys_lib_libmedia:umodsys.mod.media.stdlib.obj
 0001:00001e30       ??$ValidateConstruction@UIRefObject@core@UModSys@@URLibraryBinCache@stdlib@media@modules@3@@core@UModSys@@YA_NAEAU?$TRefObject@UIRefObject@core@UModSys@@U?$TRefObjectFunc@UIRefObject@core@UModSys@@@tl@3@@tl@1@PEAURLibraryBinCache@stdlib@media@modules@1@@Z 0000000140002e30 f i umodsys_lib_libmedia:umodsys.mod.media.stdlib.obj
 0001:00001ea0       ?s_set@?$TRefObjectFunc@UIRefObject@core@UModSys@@@tl@UModSys@@SAXAEAPEAUIRefObject@core@3@PEAU453@@Z 0000000140002ea0 f i umodsys_lib_libmedia:umodsys.mod.media.stdio.obj
 0001:00001ee0       ??1SCMemShared@core@UModSys@@QEAA@XZ 0000000140002ee0 f i umodsys_lib_libmedia:umodsys.mod.media.stdlib.obj
 0001:00001ee0       ??1SMemShared@core@UModSys@@QEAA@XZ 0000000140002ee0 f i umodsys_lib_libmedia:umodsys.mod.media.stdio.obj
 0001:00001ee0       ??1SInfo@IBinObjFilter@libmedia@UModSys@@QEAA@XZ 0000000140002ee0 f i umodsys_lib_libmedia:umodsys.mod.media.stdlib.obj
 0001:00001f10       ??0SFileInfo@libmedia@UModSys@@QEAA@XZ 0000000140002f10 f i umodsys_lib_libmedia:umodsys.mod.media.stdlib.obj
 0001:00001fe0       ??1SFileInfo@libmedia@UModSys@@QEAA@XZ 0000000140002fe0 f i umodsys_lib_libmedia:umodsys.mod.media.stdlib.obj
 0001:00002030       ?get_flag@RResolverChain@SFlagsChain@libmedia@UModSys@@UEBA?AW4eStates@?$TFlags4State@USMediaFlagUid@libmedia@UModSys@@I@tl@4@H@Z 0000000140003030 f i umodsys_lib_libmedia:umodsys.mod.media.stdlib.obj
 0001:00002080       ?bin_reader@ILibrary@libmedia@UModSys@@QEAA?AU?$TRefObject@UIStreamReader@libmedia@UModSys@@U?$TRefObjectFunc@UIStreamReader@libmedia@UModSys@@@tl@3@@tl@3@AEBU?$TString@U?$TSCoreConst@D@su@tl@UModSys@@U?$TComparerBinaryHash@D@234@@53@AEBU?$TFlags4State@USMediaFlagUid@libmedia@UModSys@@I@53@@Z 0000000140003080 f i umodsys_lib_libmedia:umodsys.mod.media.stdlib.obj
 0001:000020c0       ?bin_writer@ILibrary@libmedia@UModSys@@QEAA?AU?$TRefObject@UIStreamWriter@libmedia@UModSys@@U?$TRefObjectFunc@UIStreamWriter@libmedia@UModSys@@@tl@3@@tl@3@AEBU?$TString@U?$TSCoreConst@D@su@tl@UModSys@@U?$TComparerBinaryHash@D@234@@53@AEBU?$TFlags4State@USMediaFlagUid@libmedia@UModSys@@I@53@@Z 00000001400030c0 f i umodsys_lib_libmedia:umodsys.mod.media.stdlib.obj
 0001:00002100       ??1SLayer@ILibraryLayered@libmedia@UModSys@@QEAA@XZ 0000000140003100 f i umodsys_lib_libmedia:umodsys.mod.media.stdlib.obj
 0001:00002100       ??1SPoint@ILibraryBinTree@libmedia@UModSys@@QEAA@XZ 0000000140003100 f i umodsys_lib_libmedia:umodsys.mod.media.stdlib.obj
 0001:00002130       ?root_get_interface_info@RUtilities@stdlib@media@modules@UModSys@@UEBAAEBUSUniquePointerInfo@core@5@XZ 0000000140003130 f i umodsys_lib_libmedia:umodsys.mod.media.stdlib.obj
 0001:00002140       ?root_get_interface_type@RUtilities@stdlib@media@modules@UModSys@@UEBAPEBUSUniquePointerInfo@core@5@XZ 0000000140003140 f i umodsys_lib_libmedia:umodsys.mod.media.stdlib.obj
 0001:00002150       ?root_get_other_interface@RUtilities@stdlib@media@modules@UModSys@@UEBAPEBUIRoot@core@5@PEBUSUniquePointerInfo@75@@Z 0000000140003150 f i umodsys_lib_libmedia:umodsys.mod.media.stdlib.obj
 0001:00002150       ?root_get_other_interface@RUtilities@stdlib@media@modules@UModSys@@UEAAPEAUIRoot@core@5@PEBUSUniquePointerInfo@75@@Z 0000000140003150 f i umodsys_lib_libmedia:umodsys.mod.media.stdlib.obj
 0001:00002180       ?root_is_interface_supported@RUtilities@stdlib@media@modules@UModSys@@UEBA_NPEBUSUniquePointerInfo@core@5@@Z 0000000140003180 f i umodsys_lib_libmedia:umodsys.mod.media.stdlib.obj
 0001:000021b0       ?ref_links@RGenerator@stdio@media@modules@UModSys@@UEBAHXZ 00000001400031b0 f i umodsys_lib_libmedia:umodsys.mod.media.stdio.obj
 0001:000021b0       ?ref_links@RStreamReader_FILE@stdio@media@modules@UModSys@@UEBAHXZ 00000001400031b0 f i umodsys_lib_libmedia:umodsys.mod.media.stdio.obj
 0001:000021b0       ?ref_links@RStreamWriter_FILE@stdio@media@modules@UModSys@@UEBAHXZ 00000001400031b0 f i umodsys_lib_libmedia:umodsys.mod.media.stdio.obj
 0001:000021b0       ?ref_links@RGenerator@stdlib@media@modules@UModSys@@UEBAHXZ 00000001400031b0 f i umodsys_lib_libmedia:umodsys.mod.media.stdlib.obj
 0001:000021b0       ?ref_links@RUtilities@stdlib@media@modules@UModSys@@UEBAHXZ 00000001400031b0 f i umodsys_lib_libmedia:umodsys.mod.media.stdlib.obj
 0001:000021c0       ?suicide@RStreamReader_FILE@stdio@media@modules@UModSys@@UEAAXXZ 00000001400031c0 f i umodsys_lib_libmedia:umodsys.mod.media.stdio.obj
 0001:000021c0       ?suicide@RStreamWriter_FILE@stdio@media@modules@UModSys@@UEAAXXZ 00000001400031c0 f i umodsys_lib_libmedia:umodsys.mod.media.stdio.obj
 0001:000021c0       ?suicide@RUtilities@stdlib@media@modules@UModSys@@UEAAXXZ 00000001400031c0 f i umodsys_lib_libmedia:umodsys.mod.media.stdlib.obj
 0001:00002210       ?_root_get_interface_types@RBinArchiveFrame@stdlib@media@modules@UModSys@@SA_KAEAUSUniquePtrList@core@5@@Z 0000000140003210 f i umodsys_lib_libmedia:umodsys.mod.media.stdlib.obj
 0001:00002280       ?root_get_interface_info@RBinArchiveFrame@stdlib@media@modules@UModSys@@UEBAAEBUSUniquePointerInfo@core@5@XZ 0000000140003280 f i umodsys_lib_libmedia:umodsys.mod.media.stdlib.obj
 0001:00002290       ?root_get_interface_type@RBinArchiveFrame@stdlib@media@modules@UModSys@@UEBAPEBUSUniquePointerInfo@core@5@XZ 0000000140003290 f i umodsys_lib_libmedia:umodsys.mod.media.stdlib.obj
 0001:000022a0       ?root_get_other_interface@RBinArchiveFrame@stdlib@media@modules@UModSys@@UEBAPEBUIRoot@core@5@PEBUSUniquePointerInfo@75@@Z 00000001400032a0 f i umodsys_lib_libmedia:umodsys.mod.media.stdlib.obj
 0001:000022a0       ?root_get_other_interface@RBinArchiveFrame@stdlib@media@modules@UModSys@@UEAAPEAUIRoot@core@5@PEBUSUniquePointerInfo@75@@Z 00000001400032a0 f i umodsys_lib_libmedia:umodsys.mod.media.stdlib.obj
 0001:000022e0       ?root_is_interface_supported@RBinArchiveFrame@stdlib@media@modules@UModSys@@UEBA_NPEBUSUniquePointerInfo@core@5@@Z 00000001400032e0 f i umodsys_lib_libmedia:umodsys.mod.media.stdlib.obj
 0001:00002320       ?ref_add@RBinArchiveFrame@stdlib@media@modules@UModSys@@UEBAXXZ 0000000140003320 f i umodsys_lib_libmedia:umodsys.mod.media.stdlib.obj
 0001:00002330       ?ref_remove@RBinArchiveFrame@stdlib@media@modules@UModSys@@UEBAXXZ 0000000140003330 f i umodsys_lib_libmedia:umodsys.mod.media.stdlib.obj
 0001:00002350       ?ref_links@RBinArchiveFrame@stdlib@media@modules@UModSys@@UEBAHXZ 0000000140003350 f i umodsys_lib_libmedia:umodsys.mod.media.stdlib.obj
 0001:00002360       ?ref_weak@RBinArchiveFrame@stdlib@media@modules@UModSys@@UEBA_NAEAUWeakPointer@IRefObject@core@5@@Z 0000000140003360 f i umodsys_lib_libmedia:umodsys.mod.media.stdlib.obj
 0001:00002380       ?suicide@RBinArchiveFrame@stdlib@media@modules@UModSys@@UEAAXXZ 0000000140003380 f i umodsys_lib_libmedia:umodsys.mod.media.stdlib.obj
 0001:000023d0       ?_root_get_interface_types@RLibraryBinTree@stdlib@media@modules@UModSys@@SA_KAEAUSUniquePtrList@core@5@@Z 00000001400033d0 f i umodsys_lib_libmedia:umodsys.mod.media.stdlib.obj
 0001:00002440       ?root_get_interface_info@RLibraryBinTree@stdlib@media@modules@UModSys@@UEBAAEBUSUniquePointerInfo@core@5@XZ 0000000140003440 f i umodsys_lib_libmedia:umodsys.mod.media.stdlib.obj
 0001:00002450       ?root_get_interface_type@RLibraryBinTree@stdlib@media@modules@UModSys@@UEBAPEBUSUniquePointerInfo@core@5@XZ 0000000140003450 f i umodsys_lib_libmedia:umodsys.mod.media.stdlib.obj
 0001:00002460       ?root_get_other_interface@RLibraryBinTree@stdlib@media@modules@UModSys@@UEAAPEAUIRoot@core@5@PEBUSUniquePointerInfo@75@@Z 0000000140003460 f i umodsys_lib_libmedia:umodsys.mod.media.stdlib.obj
 0001:00002460       ?root_get_other_interface@RLibraryBinTree@stdlib@media@modules@UModSys@@UEBAPEBUIRoot@core@5@PEBUSUniquePointerInfo@75@@Z 0000000140003460 f i umodsys_lib_libmedia:umodsys.mod.media.stdlib.obj
 0001:000024a0       ?root_is_interface_supported@RLibraryBinTree@stdlib@media@modules@UModSys@@UEBA_NPEBUSUniquePointerInfo@core@5@@Z 00000001400034a0 f i umodsys_lib_libmedia:umodsys.mod.media.stdlib.obj
 0001:000024e0       ?_root_get_interface_types@RLibraryBinCache@stdlib@media@modules@UModSys@@SA_KAEAUSUniquePtrList@core@5@@Z 00000001400034e0 f i umodsys_lib_libmedia:umodsys.mod.media.stdlib.obj
 0001:00002550       ?root_get_interface_info@RLibraryBinCache@stdlib@media@modules@UModSys@@UEBAAEBUSUniquePointerInfo@core@5@XZ 0000000140003550 f i umodsys_lib_libmedia:umodsys.mod.media.stdlib.obj
 0001:00002560       ?root_get_interface_type@RLibraryBinCache@stdlib@media@modules@UModSys@@UEBAPEBUSUniquePointerInfo@core@5@XZ 0000000140003560 f i umodsys_lib_libmedia:umodsys.mod.media.stdlib.obj
 0001:00002570       ?root_get_other_interface@RLibraryBinCache@stdlib@media@modules@UModSys@@UEBAPEBUIRoot@core@5@PEBUSUniquePointerInfo@75@@Z 0000000140003570 f i umodsys_lib_libmedia:umodsys.mod.media.stdlib.obj
 0001:00002570       ?root_get_other_interface@RLibraryBinCache@stdlib@media@modules@UModSys@@UEAAPEAUIRoot@core@5@PEBUSUniquePointerInfo@75@@Z 0000000140003570 f i umodsys_lib_libmedia:umodsys.mod.media.stdlib.obj
 0001:000025b0       ?root_is_interface_supported@RLibraryBinCache@stdlib@media@modules@UModSys@@UEBA_NPEBUSUniquePointerInfo@core@5@@Z 00000001400035b0 f i umodsys_lib_libmedia:umodsys.mod.media.stdlib.obj
 0001:000025f0       ?suicide@RLibraryBinCache@stdlib@media@modules@UModSys@@UEAAXXZ 00000001400035f0 f i umodsys_lib_libmedia:umodsys.mod.media.stdlib.obj
 0001:000025f0       ?suicide@RLibraryObjFilter@stdlib@media@modules@UModSys@@UEAAXXZ 00000001400035f0 f i umodsys_lib_libmedia:umodsys.mod.media.stdlib.obj
 0001:000025f0       ?suicide@RDataArchiver_OsDir@stdio@media@modules@UModSys@@UEAAXXZ 00000001400035f0 f i umodsys_lib_libmedia:umodsys.mod.media.stdio.obj
 0001:000025f0       ?suicide@RLibraryLayered@stdlib@media@modules@UModSys@@UEAAXXZ 00000001400035f0 f i umodsys_lib_libmedia:umodsys.mod.media.stdlib.obj
 0001:000025f0       ?suicide@RLibraryObjCache@stdlib@media@modules@UModSys@@UEAAXXZ 00000001400035f0 f i umodsys_lib_libmedia:umodsys.mod.media.stdlib.obj
 0001:000025f0       ?suicide@RLibraryBinTree@stdlib@media@modules@UModSys@@UEAAXXZ 00000001400035f0 f i umodsys_lib_libmedia:umodsys.mod.media.stdlib.obj
 0001:00002640       ?_root_get_interface_types@RLibraryLayered@stdlib@media@modules@UModSys@@SA_KAEAUSUniquePtrList@core@5@@Z 0000000140003640 f i umodsys_lib_libmedia:umodsys.mod.media.stdlib.obj
 0001:000026b0       ?root_get_interface_info@RLibraryLayered@stdlib@media@modules@UModSys@@UEBAAEBUSUniquePointerInfo@core@5@XZ 00000001400036b0 f i umodsys_lib_libmedia:umodsys.mod.media.stdlib.obj
 0001:000026c0       ?root_get_interface_type@RLibraryLayered@stdlib@media@modules@UModSys@@UEBAPEBUSUniquePointerInfo@core@5@XZ 00000001400036c0 f i umodsys_lib_libmedia:umodsys.mod.media.stdlib.obj
 0001:000026d0       ?root_get_other_interface@RLibraryLayered@stdlib@media@modules@UModSys@@UEBAPEBUIRoot@core@5@PEBUSUniquePointerInfo@75@@Z 00000001400036d0 f i umodsys_lib_libmedia:umodsys.mod.media.stdlib.obj
 0001:000026d0       ?root_get_other_interface@RLibraryLayered@stdlib@media@modules@UModSys@@UEAAPEAUIRoot@core@5@PEBUSUniquePointerInfo@75@@Z 00000001400036d0 f i umodsys_lib_libmedia:umodsys.mod.media.stdlib.obj
 0001:00002710       ?root_is_interface_supported@RLibraryLayered@stdlib@media@modules@UModSys@@UEBA_NPEBUSUniquePointerInfo@core@5@@Z 0000000140003710 f i umodsys_lib_libmedia:umodsys.mod.media.stdlib.obj
 0001:00002750       ??4SLayerX@RLibraryLayered@stdlib@media@modules@UModSys@@QEAAXAEBUSLayer@ILibraryLayered@libmedia@5@@Z 0000000140003750 f i umodsys_lib_libmedia:umodsys.mod.media.stdlib.obj
 0001:00002800       ?_root_get_interface_types@RLibraryObjCache@stdlib@media@modules@UModSys@@SA_KAEAUSUniquePtrList@core@5@@Z 0000000140003800 f i umodsys_lib_libmedia:umodsys.mod.media.stdlib.obj
 0001:00002870       ?root_get_interface_info@RLibraryObjCache@stdlib@media@modules@UModSys@@UEBAAEBUSUniquePointerInfo@core@5@XZ 0000000140003870 f i umodsys_lib_libmedia:umodsys.mod.media.stdlib.obj
 0001:00002880       ?root_get_interface_type@RLibraryObjCache@stdlib@media@modules@UModSys@@UEBAPEBUSUniquePointerInfo@core@5@XZ 0000000140003880 f i umodsys_lib_libmedia:umodsys.mod.media.stdlib.obj
 0001:00002890       ?root_get_other_interface@RLibraryObjCache@stdlib@media@modules@UModSys@@UEBAPEBUIRoot@core@5@PEBUSUniquePointerInfo@75@@Z 0000000140003890 f i umodsys_lib_libmedia:umodsys.mod.media.stdlib.obj
 0001:00002890       ?root_get_other_interface@RLibraryObjCache@stdlib@media@modules@UModSys@@UEAAPEAUIRoot@core@5@PEBUSUniquePointerInfo@75@@Z 0000000140003890 f i umodsys_lib_libmedia:umodsys.mod.media.stdlib.obj
 0001:000028d0       ?root_is_interface_supported@RLibraryObjCache@stdlib@media@modules@UModSys@@UEBA_NPEBUSUniquePointerInfo@core@5@@Z 00000001400038d0 f i umodsys_lib_libmedia:umodsys.mod.media.stdlib.obj
 0001:00002910       ?ref_links@RLibraryBinTree@stdlib@media@modules@UModSys@@UEBAHXZ 0000000140003910 f i umodsys_lib_libmedia:umodsys.mod.media.stdlib.obj
 0001:00002910       ?ref_links@RLibraryObjCache@stdlib@media@modules@UModSys@@UEBAHXZ 0000000140003910 f i umodsys_lib_libmedia:umodsys.mod.media.stdlib.obj
 0001:00002910       ?ref_links@RLibraryBinCache@stdlib@media@modules@UModSys@@UEBAHXZ 0000000140003910 f i umodsys_lib_libmedia:umodsys.mod.media.stdlib.obj
 0001:00002910       ?ref_links@RLibraryObjFilter@stdlib@media@modules@UModSys@@UEBAHXZ 0000000140003910 f i umodsys_lib_libmedia:umodsys.mod.media.stdlib.obj
 0001:00002910       ?ref_links@RDataArchiver_OsDir@stdio@media@modules@UModSys@@UEBAHXZ 0000000140003910 f i umodsys_lib_libmedia:umodsys.mod.media.stdio.obj
 0001:00002910       ?ref_links@RParameters@rsystem@base@UModSys@@UEBAHXZ 0000000140003910 f i umodsys_lib_basesys:umodsys.basesys.rparameters.obj
 0001:00002910       ?ref_links@RLibraryLayered@stdlib@media@modules@UModSys@@UEBAHXZ 0000000140003910 f i umodsys_lib_libmedia:umodsys.mod.media.stdlib.obj
 0001:00002920       ?_root_get_interface_types@RLibraryObjFilter@stdlib@media@modules@UModSys@@SA_KAEAUSUniquePtrList@core@5@@Z 0000000140003920 f i umodsys_lib_libmedia:umodsys.mod.media.stdlib.obj
 0001:00002990       ?root_get_interface_info@RLibraryObjFilter@stdlib@media@modules@UModSys@@UEBAAEBUSUniquePointerInfo@core@5@XZ 0000000140003990 f i umodsys_lib_libmedia:umodsys.mod.media.stdlib.obj
 0001:000029a0       ?root_get_interface_type@RLibraryObjFilter@stdlib@media@modules@UModSys@@UEBAPEBUSUniquePointerInfo@core@5@XZ 00000001400039a0 f i umodsys_lib_libmedia:umodsys.mod.media.stdlib.obj
 0001:000029b0       ?root_get_other_interface@RLibraryObjFilter@stdlib@media@modules@UModSys@@UEBAPEBUIRoot@core@5@PEBUSUniquePointerInfo@75@@Z 00000001400039b0 f i umodsys_lib_libmedia:umodsys.mod.media.stdlib.obj
 0001:000029b0       ?root_get_other_interface@RLibraryObjFilter@stdlib@media@modules@UModSys@@UEAAPEAUIRoot@core@5@PEBUSUniquePointerInfo@75@@Z 00000001400039b0 f i umodsys_lib_libmedia:umodsys.mod.media.stdlib.obj
 0001:000029f0       ?root_is_interface_supported@RLibraryObjFilter@stdlib@media@modules@UModSys@@UEBA_NPEBUSUniquePointerInfo@core@5@@Z 00000001400039f0 f i umodsys_lib_libmedia:umodsys.mod.media.stdlib.obj
 0001:00002a30       ?get_generated_names@RGenerator@stdlib@media@modules@UModSys@@UEBAHAEAUSUniquePtrList@core@5@@Z 0000000140003a30 f i umodsys_lib_libmedia:umodsys.mod.media.stdlib.obj
 0001:00002ab0       ?get_generated_types@RGenerator@stdlib@media@modules@UModSys@@UEBAHAEAUSUniquePtrList@core@5@PEBUSUniquePointerInfo@75@@Z 0000000140003ab0 f i umodsys_lib_libmedia:umodsys.mod.media.stdlib.obj
 0001:00002ba0       ?generate@RGenerator@stdlib@media@modules@UModSys@@UEAA_NAEAU?$TRefObject@UIRefObject@core@UModSys@@U?$TRefObjectFunc@UIRefObject@core@UModSys@@@tl@3@@tl@5@PEBUSUniquePointerInfo@core@5@AEBUSParameters@95@@Z 0000000140003ba0 f i umodsys_lib_libmedia:umodsys.mod.media.stdlib.obj
 0001:00002e20       ?root_get_interface_info@RGenerator@stdlib@media@modules@UModSys@@UEBAAEBUSUniquePointerInfo@core@5@XZ 0000000140003e20 f i umodsys_lib_libmedia:umodsys.mod.media.stdlib.obj
 0001:00002e30       ?root_get_interface_type@RGenerator@stdlib@media@modules@UModSys@@UEBAPEBUSUniquePointerInfo@core@5@XZ 0000000140003e30 f i umodsys_lib_libmedia:umodsys.mod.media.stdlib.obj
 0001:00002e40       ?root_get_other_interface@RGenerator@stdlib@media@modules@UModSys@@UEBAPEBUIRoot@core@5@PEBUSUniquePointerInfo@75@@Z 0000000140003e40 f i umodsys_lib_libmedia:umodsys.mod.media.stdlib.obj
 0001:00002e40       ?root_get_other_interface@RGenerator@stdlib@media@modules@UModSys@@UEAAPEAUIRoot@core@5@PEBUSUniquePointerInfo@75@@Z 0000000140003e40 f i umodsys_lib_libmedia:umodsys.mod.media.stdlib.obj
 0001:00002e80       ?root_is_interface_supported@RGenerator@stdlib@media@modules@UModSys@@UEBA_NPEBUSUniquePointerInfo@core@5@@Z 0000000140003e80 f i umodsys_lib_libmedia:umodsys.mod.media.stdlib.obj
 0001:00002ec0       ?ref_remove@RStreamReader_FILE@stdio@media@modules@UModSys@@UEBAXXZ 0000000140003ec0 f i umodsys_lib_libmedia:umodsys.mod.media.stdio.obj
 0001:00002ec0       ?ref_remove@RGenerator@stdlib@media@modules@UModSys@@UEBAXXZ 0000000140003ec0 f i umodsys_lib_libmedia:umodsys.mod.media.stdlib.obj
 0001:00002ec0       ?ref_remove@RUtilities@stdlib@media@modules@UModSys@@UEBAXXZ 0000000140003ec0 f i umodsys_lib_libmedia:umodsys.mod.media.stdlib.obj
 0001:00002ec0       ?ref_remove@RGenerator@stdio@media@modules@UModSys@@UEBAXXZ 0000000140003ec0 f i umodsys_lib_libmedia:umodsys.mod.media.stdio.obj
 0001:00002ec0       ?ref_remove@RStreamWriter_FILE@stdio@media@modules@UModSys@@UEBAXXZ 0000000140003ec0 f i umodsys_lib_libmedia:umodsys.mod.media.stdio.obj
 0001:00002ee0       ?get_uid@RGenerator@stdlib@media@modules@UModSys@@UEBAPEBUSUniquePointerInfo@core@5@XZ 0000000140003ee0 f i umodsys_lib_libmedia:umodsys.mod.media.stdlib.obj
 0001:00002ef0       ??_ERUtilities@stdlib@media@modules@UModSys@@UEAAPEAXI@Z 0000000140003ef0 f i  CIL library: CIL module
 0001:00002ef0       ??_GRUtilities@stdlib@media@modules@UModSys@@UEAAPEAXI@Z 0000000140003ef0 f i umodsys_lib_libmedia:umodsys.mod.media.stdlib.obj
 0001:00002f20       ??1IStreamWriter@libmedia@UModSys@@UEAA@XZ 0000000140003f20 f i umodsys_lib_libmedia:umodsys.mod.media.stdio.obj
 0001:00002f20       ??1IStreamReader@libmedia@UModSys@@UEAA@XZ 0000000140003f20 f i umodsys_lib_libmedia:umodsys.mod.media.stdio.obj
 0001:00002f20       ??1IUtilities@libmedia@UModSys@@UEAA@XZ 0000000140003f20 f i umodsys_lib_libmedia:umodsys.mod.media.stdlib.obj
 0001:00002f30       ??1?$TSCoreShared@USIMemAlloc@core@UModSys@@D@su@tl@UModSys@@QEAA@XZ 0000000140003f30 f i umodsys_lib_libmedia:umodsys.mod.media.stdio.obj
 0001:00002f30       ??1?$TString@U?$TSCoreShared@USIMemAlloc@core@UModSys@@D@su@tl@UModSys@@U?$TComparerBinaryHash@D@234@@tl@UModSys@@QEAA@XZ 0000000140003f30 f i umodsys_lib_libmedia:umodsys.mod.media.stdio.obj
 0001:00002f30       ??1?$TStringBuf@U?$TSCoreShared@USIMemAlloc@core@UModSys@@D@su@tl@UModSys@@U?$TComparerBinaryHash@D@234@@tl@UModSys@@QEAA@XZ 0000000140003f30 f i umodsys_lib_libmedia:umodsys.mod.media.stdlib.obj
 0001:00002f40       ??_GRBinArchiveFrame@stdlib@media@modules@UModSys@@UEAAPEAXI@Z 0000000140003f40 f i umodsys_lib_libmedia:umodsys.mod.media.stdlib.obj
 0001:00002f40       ??_ERBinArchiveFrame@stdlib@media@modules@UModSys@@UEAAPEAXI@Z 0000000140003f40 f i  CIL library: CIL module
 0001:00002f70       ??1IBinArchiveFrame@libmedia@UModSys@@UEAA@XZ 0000000140003f70 f i umodsys_lib_libmedia:umodsys.mod.media.stdlib.obj
 0001:00002ff0       ??_ERLibraryBinTree@stdlib@media@modules@UModSys@@UEAAPEAXI@Z 0000000140003ff0 f i  CIL library: CIL module
 0001:00002ff0       ??_GRLibraryBinTree@stdlib@media@modules@UModSys@@UEAAPEAXI@Z 0000000140003ff0 f i umodsys_lib_libmedia:umodsys.mod.media.stdlib.obj
 0001:00003020       ??_ERLibraryBinCache@stdlib@media@modules@UModSys@@UEAAPEAXI@Z 0000000140004020 f i  CIL library: CIL module
 0001:00003020       ??_GRLibraryBinCache@stdlib@media@modules@UModSys@@UEAAPEAXI@Z 0000000140004020 f i umodsys_lib_libmedia:umodsys.mod.media.stdlib.obj
 0001:00003050       ??1ILibraryLayered@libmedia@UModSys@@UEAA@XZ 0000000140004050 f i umodsys_lib_libmedia:umodsys.mod.media.stdlib.obj
 0001:00003050       ??1ILibraryObjFilter@libmedia@UModSys@@UEAA@XZ 0000000140004050 f i umodsys_lib_libmedia:umodsys.mod.media.stdlib.obj
 0001:00003050       ??1ILibraryBinTree@libmedia@UModSys@@UEAA@XZ 0000000140004050 f i umodsys_lib_libmedia:umodsys.mod.media.stdlib.obj
 0001:00003050       ??1ILibraryBinCache@libmedia@UModSys@@UEAA@XZ 0000000140004050 f i umodsys_lib_libmedia:umodsys.mod.media.stdlib.obj
 0001:00003050       ??1IBinArchive@libmedia@UModSys@@UEAA@XZ 0000000140004050 f i umodsys_lib_libmedia:umodsys.mod.media.stdio.obj
 0001:00003050       ??1ILibraryObjCache@libmedia@UModSys@@UEAA@XZ 0000000140004050 f i umodsys_lib_libmedia:umodsys.mod.media.stdlib.obj
 0001:00003090       ??_ERLibraryLayered@stdlib@media@modules@UModSys@@UEAAPEAXI@Z 0000000140004090 f i  CIL library: CIL module
 0001:00003090       ??_GRLibraryLayered@stdlib@media@modules@UModSys@@UEAAPEAXI@Z 0000000140004090 f i umodsys_lib_libmedia:umodsys.mod.media.stdlib.obj
 0001:000030c0       ??_ERLibraryObjCache@stdlib@media@modules@UModSys@@UEAAPEAXI@Z 00000001400040c0 f i  CIL library: CIL module
 0001:000030c0       ??_GRLibraryObjCache@stdlib@media@modules@UModSys@@UEAAPEAXI@Z 00000001400040c0 f i umodsys_lib_libmedia:umodsys.mod.media.stdlib.obj
 0001:000030f0       ??_ERLibraryObjFilter@stdlib@media@modules@UModSys@@UEAAPEAXI@Z 00000001400040f0 f i  CIL library: CIL module
 0001:000030f0       ??_GRLibraryObjFilter@stdlib@media@modules@UModSys@@UEAAPEAXI@Z 00000001400040f0 f i umodsys_lib_libmedia:umodsys.mod.media.stdlib.obj
 0001:00003120       ?do_open@RModuleReg@stdlib@media@modules@UModSys@@UEAA_NXZ 0000000140004120 f i umodsys_lib_libmedia:umodsys.mod.media.stdlib.obj
 0001:00003130       ?do_close@RModuleReg@stdlib@media@modules@UModSys@@UEAA_NXZ 0000000140004130 f i umodsys_lib_libmedia:umodsys.mod.media.stdlib.obj
 0001:00003140       ??_GRModuleReg@stdlib@media@modules@UModSys@@UEAAPEAXI@Z 0000000140004140 f i umodsys_lib_libmedia:umodsys.mod.media.stdlib.obj
 0001:00003140       ??_ERModuleReg@stdlib@media@modules@UModSys@@UEAAPEAXI@Z 0000000140004140 f i  CIL library: CIL module
 0001:00003170       ??4?$TString@U?$TSCoreConst@D@su@tl@UModSys@@U?$TComparerBinaryHash@D@234@@tl@UModSys@@QEAAAEBU012@PEBD@Z 0000000140004170 f i umodsys_lib_libmedia:umodsys.mod.media.stdlib.obj
 0001:000031d0       ??4?$TRefObject@UIStreamWriter@libmedia@UModSys@@U?$TRefObjectFunc@UIStreamWriter@libmedia@UModSys@@@tl@3@@tl@UModSys@@QEAAAEBU012@AEBU012@@Z 00000001400041d0 f i umodsys_lib_libmedia:umodsys.mod.media.stdlib.obj
 0001:00003210       ??0?$TString@U?$TSCoreShared@USIMemAlloc@core@UModSys@@D@su@tl@UModSys@@U?$TComparerBinaryHash@D@234@@tl@UModSys@@QEAA@AEBU?$TSCoreConst@D@su@12@@Z 0000000140004210 f i umodsys_lib_libmedia:umodsys.mod.media.stdlib.obj
 0001:000032c0       ?Push@?$TDynarray@U?$TDynarrayHolderDynamic@UBuffer@RUtilities@stdlib@media@modules@UModSys@@U?$TAllocator@USIMemAlloc@core@UModSys@@USCountCalcPower2@23@@tl@6@@tl@UModSys@@@tl@UModSys@@QEAA_NXZ 00000001400042c0 f i umodsys_lib_libmedia:umodsys.mod.media.stdlib.obj
 0001:00003390       ??1?$TRefObject@UIStreamReader@libmedia@UModSys@@U?$TRefObjectFunc@UIStreamReader@libmedia@UModSys@@@tl@3@@tl@UModSys@@QEAA@XZ 0000000140004390 f i umodsys_lib_libmedia:umodsys.mod.media.stdio.obj
 0001:00003390       ??1?$TRefObject@URDataArchiver_OsDir@stdio@media@modules@UModSys@@U?$TRefObjectFunc@URDataArchiver_OsDir@stdio@media@modules@UModSys@@@tl@5@@tl@UModSys@@QEAA@XZ 0000000140004390 f i umodsys_lib_libmedia:umodsys.mod.media.stdio.obj
 0001:00003390       ??1?$TRefObject@URModuleLibrarySO@rsystem@base@UModSys@@U?$TRefObjectFunc@URModuleLibrarySO@rsystem@base@UModSys@@@tl@4@@tl@UModSys@@QEAA@XZ 0000000140004390 f i umodsys_lib_basesys:umodsys.basesys.rmoduleloader.obj
 0001:00003390       ??1?$TRefObject@UIRefObject@core@UModSys@@U?$TRefObjectFunc@UIRefObject@core@UModSys@@@tl@3@@tl@UModSys@@QEAA@XZ 0000000140004390 f i umodsys_lib_libmedia:umodsys.mod.media.stdlib.obj
 0001:00003390       ??1?$TRefObject@UIStreamWriter@libmedia@UModSys@@U?$TRefObjectFunc@UIStreamWriter@libmedia@UModSys@@@tl@3@@tl@UModSys@@QEAA@XZ 0000000140004390 f i umodsys_lib_libmedia:umodsys.mod.media.stdio.obj
 0001:00003390       ??1?$TRefObject@URLibraryObjFilter@stdlib@media@modules@UModSys@@U?$TRefObjectFunc@URLibraryObjFilter@stdlib@media@modules@UModSys@@@tl@5@@tl@UModSys@@QEAA@XZ 0000000140004390 f i umodsys_lib_libmedia:umodsys.mod.media.stdlib.obj
 0001:00003390       ??1?$TRefObject@URStreamReader_FILE@stdio@media@modules@UModSys@@U?$TRefObjectFunc@URStreamReader_FILE@stdio@media@modules@UModSys@@@tl@5@@tl@UModSys@@QEAA@XZ 0000000140004390 f i umodsys_lib_libmedia:umodsys.mod.media.stdio.obj
 0001:00003390       ??1?$TRefObject@URParameters@rsystem@base@UModSys@@U?$TRefObjectFunc@URParameters@rsystem@base@UModSys@@@tl@4@@tl@UModSys@@QEAA@XZ 0000000140004390 f i umodsys_lib_basesys:umodsys.basesys.rsystem_main.obj
 0001:00003390       ??1?$TRefObject@URLibraryBinCache@stdlib@media@modules@UModSys@@U?$TRefObjectFunc@URLibraryBinCache@stdlib@media@modules@UModSys@@@tl@5@@tl@UModSys@@QEAA@XZ 0000000140004390 f i umodsys_lib_libmedia:umodsys.mod.media.stdlib.obj
 0001:00003390       ??1?$TRefObject@UIBinObjFilter@libmedia@UModSys@@U?$TRefObjectFunc@UIBinObjFilter@libmedia@UModSys@@@tl@3@@tl@UModSys@@QEAA@XZ 0000000140004390 f i umodsys_lib_libmedia:umodsys.mod.media.stdlib.obj
 0001:00003390       ??1SFilter@RLibraryObjFilter@stdlib@media@modules@UModSys@@QEAA@XZ 0000000140004390 f i umodsys_lib_libmedia:umodsys.mod.media.stdlib.obj
 0001:00003390       ??1?$TRefObject@URLibraryLayered@stdlib@media@modules@UModSys@@U?$TRefObjectFunc@URLibraryLayered@stdlib@media@modules@UModSys@@@tl@5@@tl@UModSys@@QEAA@XZ 0000000140004390 f i umodsys_lib_libmedia:umodsys.mod.media.stdlib.obj
 0001:00003390       ??1?$TRefObject@UIBinArchive@libmedia@UModSys@@U?$TRefObjectFunc@UIBinArchive@libmedia@UModSys@@@tl@3@@tl@UModSys@@QEAA@XZ 0000000140004390 f i umodsys_lib_libmedia:umodsys.mod.media.stdlib.obj
 0001:00003390       ??1?$TRefObject@URStreamWriter_FILE@stdio@media@modules@UModSys@@U?$TRefObjectFunc@URStreamWriter_FILE@stdio@media@modules@UModSys@@@tl@5@@tl@UModSys@@QEAA@XZ 0000000140004390 f i umodsys_lib_libmedia:umodsys.mod.media.stdio.obj
 0001:00003390       ??1?$TRefObject@UIShell@base@UModSys@@U?$TRefObjectFunc@UIShell@base@UModSys@@@tl@3@@tl@UModSys@@QEAA@XZ 0000000140004390 f i umodsys_lib_basesys:umodsys.basesys.rsystem_tests.obj
 0001:00003390       ??1?$TRefObject@URLibraryObjCache@stdlib@media@modules@UModSys@@U?$TRefObjectFunc@URLibraryObjCache@stdlib@media@modules@UModSys@@@tl@5@@tl@UModSys@@QEAA@XZ 0000000140004390 f i umodsys_lib_libmedia:umodsys.mod.media.stdlib.obj
 0001:00003390       ??1?$TRefObject@URBinArchiveFrame@stdlib@media@modules@UModSys@@U?$TRefObjectFunc@URBinArchiveFrame@stdlib@media@modules@UModSys@@@tl@5@@tl@UModSys@@QEAA@XZ 0000000140004390 f i umodsys_lib_libmedia:umodsys.mod.media.stdlib.obj
 0001:00003390       ??1?$TRefObject@UIModuleLibraryUni@rsystem@base@UModSys@@U?$TRefObjectFunc@UIModuleLibraryUni@rsystem@base@UModSys@@@tl@4@@tl@UModSys@@QEAA@XZ 0000000140004390 f i umodsys_lib_basesys:umodsys.basesys.rmodule.obj
 0001:00003390       ??1?$TRefObject@URUtilities@stdlib@media@modules@UModSys@@U?$TRefObjectFunc@URUtilities@stdlib@media@modules@UModSys@@@tl@5@@tl@UModSys@@QEAA@XZ 0000000140004390 f i umodsys_lib_libmedia:umodsys.mod.media.stdlib.obj
 0001:00003390       ??1?$TRefObject@URLibraryBinTree@stdlib@media@modules@UModSys@@U?$TRefObjectFunc@URLibraryBinTree@stdlib@media@modules@UModSys@@@tl@5@@tl@UModSys@@QEAA@XZ 0000000140004390 f i umodsys_lib_libmedia:umodsys.mod.media.stdlib.obj
 0001:00003390       ??1?$TRefObject@UIClient@IBinArchiveFrame@libmedia@UModSys@@U?$TRefObjectFunc@UIClient@IBinArchiveFrame@libmedia@UModSys@@@tl@4@@tl@UModSys@@QEAA@XZ 0000000140004390 f i umodsys_lib_libmedia:umodsys.mod.media.stdlib.obj
 0001:00003390       ??1?$TRefObject@UILibrary@libmedia@UModSys@@U?$TRefObjectFunc@UILibrary@libmedia@UModSys@@@tl@3@@tl@UModSys@@QEAA@XZ 0000000140004390 f i umodsys_lib_libmedia:umodsys.mod.media.stdlib.obj
 0001:000033c0       ??1?$TTreeHoldRBD@UNameNode@IBinArchiveFrame@libmedia@UModSys@@U?$TNodeDeleter0@UNameNode@IBinArchiveFrame@libmedia@UModSys@@@tl@4@@tl@UModSys@@QEAA@XZ 00000001400043c0 f i umodsys_lib_libmedia:umodsys.mod.media.stdlib.obj
 0001:000033e0       ??1?$TDynarray@U?$TDynarrayHolderDynamic@UBuffer@RUtilities@stdlib@media@modules@UModSys@@U?$TAllocator@USIMemAlloc@core@UModSys@@USCountCalcPower2@23@@tl@6@@tl@UModSys@@@tl@UModSys@@QEAA@XZ 00000001400043e0 f i umodsys_lib_libmedia:umodsys.mod.media.stdlib.obj
 0001:00003450       ??1?$TDynarray@U?$TDynarrayHolderDynamic@USLayerX@RLibraryLayered@stdlib@media@modules@UModSys@@U?$TAllocator@USIMemAlloc@core@UModSys@@USCountCalcPower2@23@@tl@6@@tl@UModSys@@@tl@UModSys@@QEAA@XZ 0000000140004450 f i umodsys_lib_libmedia:umodsys.mod.media.stdlib.obj
 0001:000034c0       ?remove_node@?$TTreeHoldRB@U?$TScatterArrayNode@USCacheElem@RLibraryBinCache@stdlib@media@modules@UModSys@@U?$TString@U?$TSCoreConst@D@su@tl@UModSys@@U?$TComparerBinaryHash@D@234@@tl@6@@tl@UModSys@@@tl@UModSys@@QEAAXPEAU?$TScatterArrayNode@USCacheElem@RLibraryBinCache@stdlib@media@modules@UModSys@@U?$TString@U?$TSCoreConst@D@su@tl@UModSys@@U?$TComparerBinaryHash@D@234@@tl@6@@23@@Z 00000001400044c0 f i umodsys_lib_libmedia:umodsys.mod.media.stdlib.obj
 0001:000034c0       ?remove_node@?$TTreeHoldRB@U?$TScatterArrayNode@USMountInfo@RLibraryBinTree@stdlib@media@modules@UModSys@@USId@ILibraryBinTree@libmedia@6@@tl@UModSys@@@tl@UModSys@@QEAAXPEAU?$TScatterArrayNode@USMountInfo@RLibraryBinTree@stdlib@media@modules@UModSys@@USId@ILibraryBinTree@libmedia@6@@23@@Z 00000001400044c0 f i umodsys_lib_libmedia:umodsys.mod.media.stdlib.obj
 0001:000034c0       ?remove_node@?$TTreeHoldRB@UNameNode@IBinArchiveFrame@libmedia@UModSys@@@tl@UModSys@@QEAAXPEAUNameNode@IBinArchiveFrame@libmedia@3@@Z 00000001400044c0 f i umodsys_lib_libmedia:umodsys.mod.media.stdlib.obj
 0001:000034c0       ?remove_node@?$TTreeHoldRB@U?$TScatterArrayNode@USCacheElem@RLibraryObjCache@stdlib@media@modules@UModSys@@U?$TString@U?$TSCoreConst@D@su@tl@UModSys@@U?$TComparerBinaryHash@D@234@@tl@6@@tl@UModSys@@@tl@UModSys@@QEAAXPEAU?$TScatterArrayNode@USCacheElem@RLibraryObjCache@stdlib@media@modules@UModSys@@U?$TString@U?$TSCoreConst@D@su@tl@UModSys@@U?$TComparerBinaryHash@D@234@@tl@6@@23@@Z 00000001400044c0 f i umodsys_lib_libmedia:umodsys.mod.media.stdlib.obj
 0001:000034c0       ?remove_node@?$TTreeHoldRB@U?$TScatterArrayNode@USFilter@RLibraryObjFilter@stdlib@media@modules@UModSys@@USId@23456@@tl@UModSys@@@tl@UModSys@@QEAAXPEAU?$TScatterArrayNode@USFilter@RLibraryObjFilter@stdlib@media@modules@UModSys@@USId@23456@@23@@Z 00000001400044c0 f i umodsys_lib_libmedia:umodsys.mod.media.stdlib.obj
 0001:000035e0       ??1?$TPair@USId@ILibraryBinTree@libmedia@UModSys@@USMountInfo@RLibraryBinTree@stdlib@media@modules@4@@tl@UModSys@@QEAA@XZ 00000001400045e0 f i umodsys_lib_libmedia:umodsys.mod.media.stdlib.obj
 0001:00003620       ??1?$TPair@U?$TString@U?$TSCoreConst@D@su@tl@UModSys@@U?$TComparerBinaryHash@D@234@@tl@UModSys@@USCacheElem@RLibraryBinCache@stdlib@media@modules@3@@tl@UModSys@@QEAA@XZ 0000000140004620 f i umodsys_lib_libmedia:umodsys.mod.media.stdlib.obj
 0001:00003660       ??1?$TPair@U?$TString@U?$TSCoreConst@D@su@tl@UModSys@@U?$TComparerBinaryHash@D@234@@tl@UModSys@@USCacheElem@RLibraryObjCache@stdlib@media@modules@3@@tl@UModSys@@QEAA@XZ 0000000140004660 f i umodsys_lib_libmedia:umodsys.mod.media.stdlib.obj
 0001:000036a0       ??1?$TPair@USId@RLibraryObjFilter@stdlib@media@modules@UModSys@@USFilter@23456@@tl@UModSys@@QEAA@XZ 00000001400046a0 f i umodsys_lib_libmedia:umodsys.mod.media.stdlib.obj
 0001:000036d0       ??1SMountInfo@RLibraryBinTree@stdlib@media@modules@UModSys@@QEAA@XZ 00000001400046d0 f i umodsys_lib_libmedia:umodsys.mod.media.stdlib.obj
 0001:00003710       ??1SCacheElem@RLibraryBinCache@stdlib@media@modules@UModSys@@QEAA@XZ 0000000140004710 f i umodsys_lib_libmedia:umodsys.mod.media.stdlib.obj
 0001:00003750       ??1SCacheElem@RLibraryObjCache@stdlib@media@modules@UModSys@@QEAA@XZ 0000000140004750 f i umodsys_lib_libmedia:umodsys.mod.media.stdlib.obj
 0001:00003790       ?ResizeRel@?$TDynarray@U?$TDynarrayHolderDynamic@EU?$TAllocator@USIMemAlloc@core@UModSys@@USCountCalcPower2@23@@tl@UModSys@@@tl@UModSys@@@tl@UModSys@@QEAA_N_J@Z 0000000140004790 f i umodsys_lib_libmedia:umodsys.mod.media.stdlib.obj
 0001:00003850       ?ResizeRel@?$TDynarray@U?$TDynarrayHolderDynamic@UBuffer@RUtilities@stdlib@media@modules@UModSys@@U?$TAllocator@USIMemAlloc@core@UModSys@@USCountCalcPower2@23@@tl@6@@tl@UModSys@@@tl@UModSys@@QEAA_N_J@Z 0000000140004850 f i umodsys_lib_libmedia:umodsys.mod.media.stdlib.obj
 0001:00003950       ?remove_color@?$TTreeHoldRB@U?$TScatterArrayNode@USMountInfo@RLibraryBinTree@stdlib@media@modules@UModSys@@USId@ILibraryBinTree@libmedia@6@@tl@UModSys@@@tl@UModSys@@IEAAXPEAU?$TScatterArrayNode@USMountInfo@RLibraryBinTree@stdlib@media@modules@UModSys@@USId@ILibraryBinTree@libmedia@6@@23@0@Z 0000000140004950 f i umodsys_lib_libmedia:umodsys.mod.media.stdlib.obj
 0001:00003950       ?remove_color@?$TTreeHoldRB@U?$TScatterArrayNode@USFilter@RLibraryObjFilter@stdlib@media@modules@UModSys@@USId@23456@@tl@UModSys@@@tl@UModSys@@IEAAXPEAU?$TScatterArrayNode@USFilter@RLibraryObjFilter@stdlib@media@modules@UModSys@@USId@23456@@23@0@Z 0000000140004950 f i umodsys_lib_libmedia:umodsys.mod.media.stdlib.obj
 0001:00003950       ?remove_color@?$TTreeHoldRB@U?$TScatterArrayNode@USCacheElem@RLibraryBinCache@stdlib@media@modules@UModSys@@U?$TString@U?$TSCoreConst@D@su@tl@UModSys@@U?$TComparerBinaryHash@D@234@@tl@6@@tl@UModSys@@@tl@UModSys@@IEAAXPEAU?$TScatterArrayNode@USCacheElem@RLibraryBinCache@stdlib@media@modules@UModSys@@U?$TString@U?$TSCoreConst@D@su@tl@UModSys@@U?$TComparerBinaryHash@D@234@@tl@6@@23@0@Z 0000000140004950 f i umodsys_lib_libmedia:umodsys.mod.media.stdlib.obj
 0001:00003950       ?remove_color@?$TTreeHoldRB@U?$TScatterArrayNode@USCacheElem@RLibraryObjCache@stdlib@media@modules@UModSys@@U?$TString@U?$TSCoreConst@D@su@tl@UModSys@@U?$TComparerBinaryHash@D@234@@tl@6@@tl@UModSys@@@tl@UModSys@@IEAAXPEAU?$TScatterArrayNode@USCacheElem@RLibraryObjCache@stdlib@media@modules@UModSys@@U?$TString@U?$TSCoreConst@D@su@tl@UModSys@@U?$TComparerBinaryHash@D@234@@tl@6@@23@0@Z 0000000140004950 f i umodsys_lib_libmedia:umodsys.mod.media.stdlib.obj
 0001:00003950       ?remove_color@?$TTreeHoldRB@UNameNode@IBinArchiveFrame@libmedia@UModSys@@@tl@UModSys@@IEAAXPEAUNameNode@IBinArchiveFrame@libmedia@3@0@Z 0000000140004950 f i umodsys_lib_libmedia:umodsys.mod.media.stdlib.obj
 0001:00003c10       ??$new_node@U?$TString@U?$TSCoreConst@D@su@tl@UModSys@@U?$TComparerUtfNocaseHash@D@234@@tl@UModSys@@@RBinArchiveFrame@stdlib@media@modules@UModSys@@SAPEAUNameNode@IBinArchiveFrame@libmedia@4@AEBU?$TString@U?$TSCoreConst@D@su@tl@UModSys@@U?$TComparerUtfNocaseHash@D@234@@tl@4@HPEAUSMem@core@4@@Z 0000000140004c10 f i umodsys_lib_libmedia:umodsys.mod.media.stdlib.obj
 0001:00003d10       ??$new_node@U?$TString@U?$TSCoreConst@D@su@tl@UModSys@@U?$TComparerBinaryHash@D@234@@tl@UModSys@@@RBinArchiveFrame@stdlib@media@modules@UModSys@@SAPEAUNameNode@IBinArchiveFrame@libmedia@4@AEBU?$TString@U?$TSCoreConst@D@su@tl@UModSys@@U?$TComparerBinaryHash@D@234@@tl@4@HPEAUSMem@core@4@@Z 0000000140004d10 f i umodsys_lib_libmedia:umodsys.mod.media.stdlib.obj
 0001:00003e10       ?ResizeRel@?$TDynarray@U?$TDynarrayHolderDynamic@USLayerX@RLibraryLayered@stdlib@media@modules@UModSys@@U?$TAllocator@USIMemAlloc@core@UModSys@@USCountCalcPower2@23@@tl@6@@tl@UModSys@@@tl@UModSys@@QEAA_N_J@Z 0000000140004e10 f i umodsys_lib_libmedia:umodsys.mod.media.stdlib.obj
 0001:00003ea0       ?InsertAt@?$TDynarray@U?$TDynarrayHolderDynamic@USLayerX@RLibraryLayered@stdlib@media@modules@UModSys@@U?$TAllocator@USIMemAlloc@core@UModSys@@USCountCalcPower2@23@@tl@6@@tl@UModSys@@@tl@UModSys@@QEAA_N_K0@Z 0000000140004ea0 f i umodsys_lib_libmedia:umodsys.mod.media.stdlib.obj
 0001:00003f30       ??$wildcmp@D@su@tl@UModSys@@YA_NPEBD0@Z 0000000140004f30 f i umodsys_lib_libmedia:umodsys.mod.media.stdlib.obj
 0001:00003fd0       ??$remove_seq@P6A_NPEAUNameNode@IBinArchiveFrame@libmedia@UModSys@@@Z@?$TTreeHoldRB@UNameNode@IBinArchiveFrame@libmedia@UModSys@@@tl@UModSys@@QEAAHP6A_NPEAUNameNode@IBinArchiveFrame@libmedia@2@@Z@Z 0000000140004fd0 f i umodsys_lib_libmedia:umodsys.mod.media.stdlib.obj
 0001:000040a0       ??$gen_node@UNameNodeCmpUC@IBinArchiveFrame@libmedia@UModSys@@UNN_Add@RBinArchiveFrame@stdlib@media@modules@4@@?$TTreeHoldRB@UNameNode@IBinArchiveFrame@libmedia@UModSys@@@tl@UModSys@@QEAAPEAUNameNode@IBinArchiveFrame@libmedia@2@UNameNodeCmpUC@452@AEBUNN_Add@RBinArchiveFrame@stdlib@media@modules@2@PEAPEAU3452@2_N@Z 00000001400050a0 f i umodsys_lib_libmedia:umodsys.mod.media.stdlib.obj
 0001:000041d0       ??$find_node_u@UNameNodeCmpUC@IBinArchiveFrame@libmedia@UModSys@@@?$TTreeHoldRB@UNameNode@IBinArchiveFrame@libmedia@UModSys@@@tl@UModSys@@QEBAPEAUNameNode@IBinArchiveFrame@libmedia@2@UNameNodeCmpUC@452@@Z 00000001400051d0 f i umodsys_lib_libmedia:umodsys.mod.media.stdlib.obj
 0001:00004280       ??$find_node_u@UNameNodeCmpC@IBinArchiveFrame@libmedia@UModSys@@@?$TTreeHoldRB@UNameNode@IBinArchiveFrame@libmedia@UModSys@@@tl@UModSys@@QEBAPEAUNameNode@IBinArchiveFrame@libmedia@2@UNameNodeCmpC@452@@Z 0000000140005280 f i umodsys_lib_libmedia:umodsys.mod.media.stdlib.obj
 0001:00004330       ??$genx_node@UCmp@?$TScatterArray@USMountInfo@RLibraryBinTree@stdlib@media@modules@UModSys@@USId@ILibraryBinTree@libmedia@6@U7896@U?$TNodeDeleter0@U?$TScatterArrayNode@USMountInfo@RLibraryBinTree@stdlib@media@modules@UModSys@@USId@ILibraryBinTree@libmedia@6@@tl@UModSys@@@tl@6@@tl@UModSys@@UGen0@234@@?$TTreeHoldRBD@U?$TScatterArrayNode@USMountInfo@RLibraryBinTree@stdlib@media@modules@UModSys@@USId@ILibraryBinTree@libmedia@6@@tl@UModSys@@U?$TNodeDeleter0@U?$TScatterArrayNode@USMountInfo@RLibraryBinTree@stdlib@media@modules@UModSys@@USId@ILibraryBinTree@libmedia@6@@tl@UModSys@@@23@@tl@UModSys@@QEAAPEAU?$TScatterArrayNode@USMountInfo@RLibraryBinTree@stdlib@media@modules@UModSys@@USId@ILibraryBinTree@libmedia@6@@12@UCmp@?$TScatterArray@USMountInfo@RLibraryBinTree@stdlib@media@modules@UModSys@@USId@ILibraryBinTree@libmedia@6@U7896@U?$TNodeDeleter0@U?$TScatterArrayNode@USMountInfo@RLibraryBinTree@stdlib@media@modules@UModSys@@USId@ILibraryBinTree@libmedia@6@@tl@UModSys@@@tl@6@@12@AEBUGen0@512@PEAPEAU312@2_N@Z 0000000140005330 f i umodsys_lib_libmedia:umodsys.mod.media.stdlib.obj
 0001:000044d0       ??$find_node_u@UCmp@?$TScatterArray@USMountInfo@RLibraryBinTree@stdlib@media@modules@UModSys@@USId@ILibraryBinTree@libmedia@6@U7896@U?$TNodeDeleter0@U?$TScatterArrayNode@USMountInfo@RLibraryBinTree@stdlib@media@modules@UModSys@@USId@ILibraryBinTree@libmedia@6@@tl@UModSys@@@tl@6@@tl@UModSys@@@?$TTreeHoldRB@U?$TScatterArrayNode@USMountInfo@RLibraryBinTree@stdlib@media@modules@UModSys@@USId@ILibraryBinTree@libmedia@6@@tl@UModSys@@@tl@UModSys@@QEBAPEAU?$TScatterArrayNode@USMountInfo@RLibraryBinTree@stdlib@media@modules@UModSys@@USId@ILibraryBinTree@libmedia@6@@12@UCmp@?$TScatterArray@USMountInfo@RLibraryBinTree@stdlib@media@modules@UModSys@@USId@ILibraryBinTree@libmedia@6@U7896@U?$TNodeDeleter0@U?$TScatterArrayNode@USMountInfo@RLibraryBinTree@stdlib@media@modules@UModSys@@USId@ILibraryBinTree@libmedia@6@@tl@UModSys@@@tl@6@@12@@Z 00000001400054d0 f i umodsys_lib_libmedia:umodsys.mod.media.stdlib.obj
 0001:000045b0       ??$genx_node@UCmp@?$TScatterArray@USCacheElem@RLibraryBinCache@stdlib@media@modules@UModSys@@U?$TString@U?$TSCoreConst@D@su@tl@UModSys@@U?$TComparerBinaryHash@D@234@@tl@6@U?$TObjectCompare@U?$TString@U?$TSCoreConst@D@su@tl@UModSys@@U?$TComparerBinaryHash@D@234@@tl@UModSys@@@core@6@U?$TNodeDeleter0@U?$TScatterArrayNode@USCacheElem@RLibraryBinCache@stdlib@media@modules@UModSys@@U?$TString@U?$TSCoreConst@D@su@tl@UModSys@@U?$TComparerBinaryHash@D@234@@tl@6@@tl@UModSys@@@86@@tl@UModSys@@UGen0@234@@?$TTreeHoldRBD@U?$TScatterArrayNode@USCacheElem@RLibraryBinCache@stdlib@media@modules@UModSys@@U?$TString@U?$TSCoreConst@D@su@tl@UModSys@@U?$TComparerBinaryHash@D@234@@tl@6@@tl@UModSys@@U?$TNodeDeleter0@U?$TScatterArrayNode@USCacheElem@RLibraryBinCache@stdlib@media@modules@UModSys@@U?$TString@U?$TSCoreConst@D@su@tl@UModSys@@U?$TComparerBinaryHash@D@234@@tl@6@@tl@UModSys@@@23@@tl@UModSys@@QEAAPEAU?$TScatterArrayNode@USCacheElem@RLibraryBinCache@stdlib@media@modules@UModSys@@U?$TString@U?$TSCoreConst@D@su@tl@UModSys@@U?$TComparerBinaryHash@D@234@@tl@6@@12@UCmp@?$TScatterArray@USCacheElem@RLibraryBinCache@stdlib@media@modules@UModSys@@U?$TString@U?$TSCoreConst@D@su@tl@UModSys@@U?$TComparerBinaryHash@D@234@@tl@6@U?$TObjectCompare@U?$TString@U?$TSCoreConst@D@su@tl@UModSys@@U?$TComparerBinaryHash@D@234@@tl@UModSys@@@core@6@U?$TNodeDeleter0@U?$TScatterArrayNode@USCacheElem@RLibraryBinCache@stdlib@media@modules@UModSys@@U?$TString@U?$TSCoreConst@D@su@tl@UModSys@@U?$TComparerBinaryHash@D@234@@tl@6@@tl@UModSys@@@86@@12@AEBUGen0@512@PEAPEAU312@2_N@Z 00000001400055b0 f i umodsys_lib_libmedia:umodsys.mod.media.stdlib.obj
 0001:00004730       ??$genx_node@UCmp@?$TScatterArray@USCacheElem@RLibraryObjCache@stdlib@media@modules@UModSys@@U?$TString@U?$TSCoreConst@D@su@tl@UModSys@@U?$TComparerBinaryHash@D@234@@tl@6@U?$TObjectCompare@U?$TString@U?$TSCoreConst@D@su@tl@UModSys@@U?$TComparerBinaryHash@D@234@@tl@UModSys@@@core@6@U?$TNodeDeleter0@U?$TScatterArrayNode@USCacheElem@RLibraryObjCache@stdlib@media@modules@UModSys@@U?$TString@U?$TSCoreConst@D@su@tl@UModSys@@U?$TComparerBinaryHash@D@234@@tl@6@@tl@UModSys@@@86@@tl@UModSys@@UGen0@234@@?$TTreeHoldRBD@U?$TScatterArrayNode@USCacheElem@RLibraryObjCache@stdlib@media@modules@UModSys@@U?$TString@U?$TSCoreConst@D@su@tl@UModSys@@U?$TComparerBinaryHash@D@234@@tl@6@@tl@UModSys@@U?$TNodeDeleter0@U?$TScatterArrayNode@USCacheElem@RLibraryObjCache@stdlib@media@modules@UModSys@@U?$TString@U?$TSCoreConst@D@su@tl@UModSys@@U?$TComparerBinaryHash@D@234@@tl@6@@tl@UModSys@@@23@@tl@UModSys@@QEAAPEAU?$TScatterArrayNode@USCacheElem@RLibraryObjCache@stdlib@media@modules@UModSys@@U?$TString@U?$TSCoreConst@D@su@tl@UModSys@@U?$TComparerBinaryHash@D@234@@tl@6@@12@UCmp@?$TScatterArray@USCacheElem@RLibraryObjCache@stdlib@media@modules@UModSys@@U?$TString@U?$TSCoreConst@D@su@tl@UModSys@@U?$TComparerBinaryHash@D@234@@tl@6@U?$TObjectCompare@U?$TString@U?$TSCoreConst@D@su@tl@UModSys@@U?$TComparerBinaryHash@D@234@@tl@UModSys@@@core@6@U?$TNodeDeleter0@U?$TScatterArrayNode@USCacheElem@RLibraryObjCache@stdlib@media@modules@UModSys@@U?$TString@U?$TSCoreConst@D@su@tl@UModSys@@U?$TComparerBinaryHash@D@234@@tl@6@@tl@UModSys@@@86@@12@AEBUGen0@512@PEAPEAU312@2_N@Z 0000000140005730 f i umodsys_lib_libmedia:umodsys.mod.media.stdlib.obj
 0001:000048b0       ??$find_node_u@UCmp@?$TScatterArray@USCacheElem@RLibraryBinCache@stdlib@media@modules@UModSys@@U?$TString@U?$TSCoreConst@D@su@tl@UModSys@@U?$TComparerBinaryHash@D@234@@tl@6@U?$TObjectCompare@U?$TString@U?$TSCoreConst@D@su@tl@UModSys@@U?$TComparerBinaryHash@D@234@@tl@UModSys@@@core@6@U?$TNodeDeleter0@U?$TScatterArrayNode@USCacheElem@RLibraryBinCache@stdlib@media@modules@UModSys@@U?$TString@U?$TSCoreConst@D@su@tl@UModSys@@U?$TComparerBinaryHash@D@234@@tl@6@@tl@UModSys@@@86@@tl@UModSys@@@?$TTreeHoldRB@U?$TScatterArrayNode@USCacheElem@RLibraryBinCache@stdlib@media@modules@UModSys@@U?$TString@U?$TSCoreConst@D@su@tl@UModSys@@U?$TComparerBinaryHash@D@234@@tl@6@@tl@UModSys@@@tl@UModSys@@QEBAPEAU?$TScatterArrayNode@USCacheElem@RLibraryBinCache@stdlib@media@modules@UModSys@@U?$TString@U?$TSCoreConst@D@su@tl@UModSys@@U?$TComparerBinaryHash@D@234@@tl@6@@12@UCmp@?$TScatterArray@USCacheElem@RLibraryBinCache@stdlib@media@modules@UModSys@@U?$TString@U?$TSCoreConst@D@su@tl@UModSys@@U?$TComparerBinaryHash@D@234@@tl@6@U?$TObjectCompare@U?$TString@U?$TSCoreConst@D@su@tl@UModSys@@U?$TComparerBinaryHash@D@234@@tl@UModSys@@@core@6@U?$TNodeDeleter0@U?$TScatterArrayNode@USCacheElem@RLibraryBinCache@stdlib@media@modules@UModSys@@U?$TString@U?$TSCoreConst@D@su@tl@UModSys@@U?$TComparerBinaryHash@D@234@@tl@6@@tl@UModSys@@@86@@12@@Z 00000001400058b0 f i umodsys_lib_libmedia:umodsys.mod.media.stdlib.obj
 0001:000048b0       ??$find_node_u@UCmp@?$TScatterArray@USCacheElem@RLibraryObjCache@stdlib@media@modules@UModSys@@U?$TString@U?$TSCoreConst@D@su@tl@UModSys@@U?$TComparerBinaryHash@D@234@@tl@6@U?$TObjectCompare@U?$TString@U?$TSCoreConst@D@su@tl@UModSys@@U?$TComparerBinaryHash@D@234@@tl@UModSys@@@core@6@U?$TNodeDeleter0@U?$TScatterArrayNode@USCacheElem@RLibraryObjCache@stdlib@media@modules@UModSys@@U?$TString@U?$TSCoreConst@D@su@tl@UModSys@@U?$TComparerBinaryHash@D@234@@tl@6@@tl@UModSys@@@86@@tl@UModSys@@@?$TTreeHoldRB@U?$TScatterArrayNode@USCacheElem@RLibraryObjCache@stdlib@media@modules@UModSys@@U?$TString@U?$TSCoreConst@D@su@tl@UModSys@@U?$TComparerBinaryHash@D@234@@tl@6@@tl@UModSys@@@tl@UModSys@@QEBAPEAU?$TScatterArrayNode@USCacheElem@RLibraryObjCache@stdlib@media@modules@UModSys@@U?$TString@U?$TSCoreConst@D@su@tl@UModSys@@U?$TComparerBinaryHash@D@234@@tl@6@@12@UCmp@?$TScatterArray@USCacheElem@RLibraryObjCache@stdlib@media@modules@UModSys@@U?$TString@U?$TSCoreConst@D@su@tl@UModSys@@U?$TComparerBinaryHash@D@234@@tl@6@U?$TObjectCompare@U?$TString@U?$TSCoreConst@D@su@tl@UModSys@@U?$TComparerBinaryHash@D@234@@tl@UModSys@@@core@6@U?$TNodeDeleter0@U?$TScatterArrayNode@USCacheElem@RLibraryObjCache@stdlib@media@modules@UModSys@@U?$TString@U?$TSCoreConst@D@su@tl@UModSys@@U?$TComparerBinaryHash@D@234@@tl@6@@tl@UModSys@@@86@@12@@Z 00000001400058b0 f i umodsys_lib_libmedia:umodsys.mod.media.stdlib.obj
 0001:00004970       ??$genx_node@UCmp@?$TScatterArray@USFilter@RLibraryObjFilter@stdlib@media@modules@UModSys@@USId@23456@U723456@U?$TNodeDeleter0@U?$TScatterArrayNode@USFilter@RLibraryObjFilter@stdlib@media@modules@UModSys@@USId@23456@@tl@UModSys@@@tl@6@@tl@UModSys@@UGen0@234@@?$TTreeHoldRBD@U?$TScatterArrayNode@USFilter@RLibraryObjFilter@stdlib@media@modules@UModSys@@USId@23456@@tl@UModSys@@U?$TNodeDeleter0@U?$TScatterArrayNode@USFilter@RLibraryObjFilter@stdlib@media@modules@UModSys@@USId@23456@@tl@UModSys@@@23@@tl@UModSys@@QEAAPEAU?$TScatterArrayNode@USFilter@RLibraryObjFilter@stdlib@media@modules@UModSys@@USId@23456@@12@UCmp@?$TScatterArray@USFilter@RLibraryObjFilter@stdlib@media@modules@UModSys@@USId@23456@U723456@U?$TNodeDeleter0@U?$TScatterArrayNode@USFilter@RLibraryObjFilter@stdlib@media@modules@UModSys@@USId@23456@@tl@UModSys@@@tl@6@@12@AEBUGen0@512@PEAPEAU312@2_N@Z 0000000140005970 f i umodsys_lib_libmedia:umodsys.mod.media.stdlib.obj
 0001:00004ad0       ??$process_nodes@U?$TNodeDeleter0@UNameNode@IBinArchiveFrame@libmedia@UModSys@@@tl@UModSys@@@?$TTreeHoldRB@UNameNode@IBinArchiveFrame@libmedia@UModSys@@@tl@UModSys@@QEAAHAEBU?$TNodeDeleter0@UNameNode@IBinArchiveFrame@libmedia@UModSys@@@12@@Z 0000000140005ad0 f i umodsys_lib_libmedia:umodsys.mod.media.stdlib.obj
 0001:00004b50       ?sub_insert_node@?$TTreeHoldRB@UNameNode@IBinArchiveFrame@libmedia@UModSys@@@tl@UModSys@@QEAAXPEAUNameNode@IBinArchiveFrame@libmedia@3@0H@Z 0000000140005b50 f i umodsys_lib_libmedia:umodsys.mod.media.stdlib.obj
 0001:00004bd0       ?ReLink@?$TDynarray@U?$TDynarrayHolderDynamic@USLayerX@RLibraryLayered@stdlib@media@modules@UModSys@@U?$TAllocator@USIMemAlloc@core@UModSys@@USCountCalcPower2@23@@tl@6@@tl@UModSys@@@tl@UModSys@@IEAA_N_K@Z 0000000140005bd0 f i umodsys_lib_libmedia:umodsys.mod.media.stdlib.obj
 0001:00004c40       ?items_destruct@?$TDynarray@U?$TDynarrayHolderDynamic@USLayerX@RLibraryLayered@stdlib@media@modules@UModSys@@U?$TAllocator@USIMemAlloc@core@UModSys@@USCountCalcPower2@23@@tl@6@@tl@UModSys@@@tl@UModSys@@IEAAX_K0@Z 0000000140005c40 f i umodsys_lib_libmedia:umodsys.mod.media.stdlib.obj
 0001:00004cc0       ?amoveright@?$TTypeConstructor@USLayerX@RLibraryLayered@stdlib@media@modules@UModSys@@@tl@UModSys@@SAXPEAUSLayerX@RLibraryLayered@stdlib@media@modules@3@_K11@Z 0000000140005cc0 f i umodsys_lib_libmedia:umodsys.mod.media.stdlib.obj
 0001:00004e10       ?amoveleft@?$TTypeConstructor@USLayerX@RLibraryLayered@stdlib@media@modules@UModSys@@@tl@UModSys@@SAXPEAUSLayerX@RLibraryLayered@stdlib@media@modules@3@_K11@Z 0000000140005e10 f i umodsys_lib_libmedia:umodsys.mod.media.stdlib.obj
 0001:00004f60       ??0?$TScatterArrayNode@USMountInfo@RLibraryBinTree@stdlib@media@modules@UModSys@@USId@ILibraryBinTree@libmedia@6@@tl@UModSys@@QEAA@AEBUSId@ILibraryBinTree@libmedia@2@@Z 0000000140005f60 f i umodsys_lib_libmedia:umodsys.mod.media.stdlib.obj
 0001:00005030       ??0?$TScatterArrayNode@USCacheElem@RLibraryBinCache@stdlib@media@modules@UModSys@@U?$TString@U?$TSCoreConst@D@su@tl@UModSys@@U?$TComparerBinaryHash@D@234@@tl@6@@tl@UModSys@@QEAA@AEBU?$TString@U?$TSCoreConst@D@su@tl@UModSys@@U?$TComparerBinaryHash@D@234@@12@@Z 0000000140006030 f i umodsys_lib_libmedia:umodsys.mod.media.stdlib.obj
 0001:00005170       ??0?$TScatterArrayNode@USCacheElem@RLibraryObjCache@stdlib@media@modules@UModSys@@U?$TString@U?$TSCoreConst@D@su@tl@UModSys@@U?$TComparerBinaryHash@D@234@@tl@6@@tl@UModSys@@QEAA@AEBU?$TString@U?$TSCoreConst@D@su@tl@UModSys@@U?$TComparerBinaryHash@D@234@@12@@Z 0000000140006170 f i umodsys_lib_libmedia:umodsys.mod.media.stdlib.obj
 0001:000052b0       ?aconstruct@?$TTypeConstructor@USLayerX@RLibraryLayered@stdlib@media@modules@UModSys@@@tl@UModSys@@SAXPEAUSLayerX@RLibraryLayered@stdlib@media@modules@3@_K@Z 00000001400062b0 f i umodsys_lib_libmedia:umodsys.mod.media.stdlib.obj
 0001:00005390       ?adestruct@?$TTypeConstructor@UBuffer@RUtilities@stdlib@media@modules@UModSys@@@tl@UModSys@@SAXPEAUBuffer@RUtilities@stdlib@media@modules@3@_K@Z 0000000140006390 f i umodsys_lib_libmedia:umodsys.mod.media.stdlib.obj
 0001:00005440       ??0?$TSCoreShared@USIMemAlloc@core@UModSys@@D@su@tl@UModSys@@QEAA@AEBU0123@@Z 0000000140006440 f i umodsys_lib_libmedia:umodsys.mod.media.stdlib.obj
 0001:000054d0       ??0?$TPair@USId@ILibraryBinTree@libmedia@UModSys@@USMountInfo@RLibraryBinTree@stdlib@media@modules@4@@tl@UModSys@@QEAA@AEBUSId@ILibraryBinTree@libmedia@2@AEBUSMountInfo@RLibraryBinTree@stdlib@media@modules@2@@Z 00000001400064d0 f i umodsys_lib_libmedia:umodsys.mod.media.stdlib.obj
 0001:00005570       ??0?$TPair@U?$TString@U?$TSCoreConst@D@su@tl@UModSys@@U?$TComparerBinaryHash@D@234@@tl@UModSys@@USCacheElem@RLibraryBinCache@stdlib@media@modules@3@@tl@UModSys@@QEAA@AEBU?$TString@U?$TSCoreConst@D@su@tl@UModSys@@U?$TComparerBinaryHash@D@234@@12@AEBUSCacheElem@RLibraryBinCache@stdlib@media@modules@2@@Z 0000000140006570 f i umodsys_lib_libmedia:umodsys.mod.media.stdlib.obj
 0001:00005600       ??0?$TPair@U?$TString@U?$TSCoreConst@D@su@tl@UModSys@@U?$TComparerBinaryHash@D@234@@tl@UModSys@@USCacheElem@RLibraryObjCache@stdlib@media@modules@3@@tl@UModSys@@QEAA@AEBU?$TString@U?$TSCoreConst@D@su@tl@UModSys@@U?$TComparerBinaryHash@D@234@@12@AEBUSCacheElem@RLibraryObjCache@stdlib@media@modules@2@@Z 0000000140006600 f i umodsys_lib_libmedia:umodsys.mod.media.stdlib.obj
 0001:000056a0       ?s_init@?$TRefObjectFunc@UIRefObject@core@UModSys@@@tl@UModSys@@SAXAEAPEAUIRefObject@core@3@PEAU453@@Z 00000001400066a0 f i umodsys_lib_libmedia:umodsys.mod.media.stdlib.obj
 0001:000056e0       ?insert_color@?$TTreeHoldRB@U?$TQuantArrayNode@USUniquePointerInfo@core@UModSys@@$0BAA@@tl@UModSys@@@tl@UModSys@@IEAAXPEAU?$TQuantArrayNode@USUniquePointerInfo@core@UModSys@@$0BAA@@23@@Z 00000001400066e0 f i umodsys_lib_basesys:umodsys.basesys.rsystem.obj
 0001:000056e0       ?insert_color@?$TTreeHoldRB@U?$TScatterArrayNode@USCacheElem@RLibraryBinCache@stdlib@media@modules@UModSys@@U?$TString@U?$TSCoreConst@D@su@tl@UModSys@@U?$TComparerBinaryHash@D@234@@tl@6@@tl@UModSys@@@tl@UModSys@@IEAAXPEAU?$TScatterArrayNode@USCacheElem@RLibraryBinCache@stdlib@media@modules@UModSys@@U?$TString@U?$TSCoreConst@D@su@tl@UModSys@@U?$TComparerBinaryHash@D@234@@tl@6@@23@@Z 00000001400066e0 f i umodsys_lib_libmedia:umodsys.mod.media.stdlib.obj
 0001:000056e0       ?insert_color@?$TTreeHoldRB@U?$TScatterArrayNode@USCacheElem@RLibraryObjCache@stdlib@media@modules@UModSys@@U?$TString@U?$TSCoreConst@D@su@tl@UModSys@@U?$TComparerBinaryHash@D@234@@tl@6@@tl@UModSys@@@tl@UModSys@@IEAAXPEAU?$TScatterArrayNode@USCacheElem@RLibraryObjCache@stdlib@media@modules@UModSys@@U?$TString@U?$TSCoreConst@D@su@tl@UModSys@@U?$TComparerBinaryHash@D@234@@tl@6@@23@@Z 00000001400066e0 f i umodsys_lib_libmedia:umodsys.mod.media.stdlib.obj
 0001:000056e0       ?insert_color@?$TTreeHoldRB@U?$TQuantArrayNode@USSourceContext@core@UModSys@@$0BAA@@tl@UModSys@@@tl@UModSys@@IEAAXPEAU?$TQuantArrayNode@USSourceContext@core@UModSys@@$0BAA@@23@@Z 00000001400066e0 f i umodsys_lib_basesys:umodsys.basesys.rsystem.obj
 0001:000056e0       ?insert_color@?$TTreeHoldRB@UNameNode@IBinArchiveFrame@libmedia@UModSys@@@tl@UModSys@@IEAAXPEAUNameNode@IBinArchiveFrame@libmedia@3@@Z 00000001400066e0 f i umodsys_lib_libmedia:umodsys.mod.media.stdlib.obj
 0001:000056e0       ?insert_color@?$TTreeHoldRB@U?$TScatterArrayNode@USMountInfo@RLibraryBinTree@stdlib@media@modules@UModSys@@USId@ILibraryBinTree@libmedia@6@@tl@UModSys@@@tl@UModSys@@IEAAXPEAU?$TScatterArrayNode@USMountInfo@RLibraryBinTree@stdlib@media@modules@UModSys@@USId@ILibraryBinTree@libmedia@6@@23@@Z 00000001400066e0 f i umodsys_lib_libmedia:umodsys.mod.media.stdlib.obj
 0001:000056e0       ?insert_color@?$TTreeHoldRB@U?$TScatterArrayNode@USFilter@RLibraryObjFilter@stdlib@media@modules@UModSys@@USId@23456@@tl@UModSys@@@tl@UModSys@@IEAAXPEAU?$TScatterArrayNode@USFilter@RLibraryObjFilter@stdlib@media@modules@UModSys@@USId@23456@@23@@Z 00000001400066e0 f i umodsys_lib_libmedia:umodsys.mod.media.stdlib.obj
[...]
 0001:00017e20       ??__E?s_id@?$TObjectUniqueID@UIRoot@core@UModSys@@@tl@UModSys@@2USUniquePointer@core@3@A@@YAXXZ 0000000140018e20 f    CIL library: CIL module
 0001:00017e60       ??__E?s_id@?$TObjectUniqueID@UIRefObject@core@UModSys@@@tl@UModSys@@2USUniquePointer@core@3@A@@YAXXZ 0000000140018e60 f    CIL library: CIL module
 0001:00017ea0       ??__E?s_id@?$TObjectUniqueID@UIParameters@core@UModSys@@@tl@UModSys@@2USUniquePointer@core@3@A@@YAXXZ 0000000140018ea0 f    CIL library: CIL module
 0001:00017ee0       ??__E?s_id@?$TObjectUniqueID@UIConsole@base@UModSys@@@tl@UModSys@@2USUniquePointer@core@3@A@@YAXXZ 0000000140018ee0 f    CIL library: CIL module
 0001:00017f20       ??__E?s_id@?$TObjectUniqueID@UIModule@base@UModSys@@@tl@UModSys@@2USUniquePointer@core@3@A@@YAXXZ 0000000140018f20 f    CIL library: CIL module
 0001:00017f60       ??__E?s_id@?$TObjectUniqueID@UIModuleLibrary@base@UModSys@@@tl@UModSys@@2USUniquePointer@core@3@A@@YAXXZ 0000000140018f60 f    CIL library: CIL module
 0001:00017fa0       ??__E?s_id@?$TObjectUniqueID@UIModObject@base@UModSys@@@tl@UModSys@@2USUniquePointer@core@3@A@@YAXXZ 0000000140018fa0 f    CIL library: CIL module
 0001:00017fe0       ??__E?s_id@?$TObjectUniqueID@UIGenerator@base@UModSys@@@tl@UModSys@@2USUniquePointer@core@3@A@@YAXXZ 0000000140018fe0 f    CIL library: CIL module
 0001:00018020       ??__E?s_id@?$TObjectUniqueID@UIShell@base@UModSys@@@tl@UModSys@@2USUniquePointer@core@3@A@@YAXXZ 0000000140019020 f    CIL library: CIL module
 0001:00018060       ??__E?s_id@?$TObjectUniqueID@UISystem@base@UModSys@@@tl@UModSys@@2USUniquePointer@core@3@A@@YAXXZ 0000000140019060 f    CIL library: CIL module
 0001:000180a0       ??__E?s_id@?$TObjectUniqueID@URModule@rsystem@base@UModSys@@@tl@UModSys@@2USUniquePointer@core@3@A@@YAXXZ 00000001400190a0 f    CIL library: CIL module
 0001:000180e0       ??__E?s_id@?$TObjectUniqueID@UIModuleLibraryUni@rsystem@base@UModSys@@@tl@UModSys@@2USUniquePointer@core@3@A@@YAXXZ 00000001400190e0 f    CIL library: CIL module
 0001:00018120       ??__E?s_id@?$TObjectUniqueID@URModuleLibrarySO@rsystem@base@UModSys@@@tl@UModSys@@2USUniquePointer@core@3@A@@YAXXZ 0000000140019120 f    CIL library: CIL module
 0001:00018160       ??__E?s_id@?$TObjectUniqueID@URModuleLibraryThis@rsystem@base@UModSys@@@tl@UModSys@@2USUniquePointer@core@3@A@@YAXXZ 0000000140019160 f    CIL library: CIL module
 0001:000181a0       ??__E?s_id@?$TObjectUniqueID@URParameters@rsystem@base@UModSys@@@tl@UModSys@@2USUniquePointer@core@3@A@@YAXXZ 00000001400191a0 f    CIL library: CIL module
 0001:000181e0       ??__E?s_id@?$TObjectUniqueID@URSystem@rsystem@base@UModSys@@@tl@UModSys@@2USUniquePointer@core@3@A@@YAXXZ 00000001400191e0 f    CIL library: CIL module
 0001:00018220       ??__E?s_id@?$TObjectUniqueID@URConsole_std@rsystem@base@UModSys@@@tl@UModSys@@2USUniquePointer@core@3@A@@YAXXZ 0000000140019220 f    CIL library: CIL module
 0001:00018260       ??__Es_dbg@stdio@media@modules@UModSys@@YAXXZ 0000000140019260 f    CIL library: CIL module
 0001:00018290       ??__E?s_modreg@RModuleReg@stdio@media@modules@UModSys@@2U12345@A@@YAXXZ 0000000140019290 f    CIL library: CIL module
 0001:00018300       ??__E?s_modreg_chain@RModuleReg@stdio@media@modules@UModSys@@2USModuleRegChain@base@5@A@@YAXXZ 0000000140019300 f    CIL library: CIL module
 0001:00018330       ??__E?s_uid@RGenerator@stdio@media@modules@UModSys@@2USUniquePointer@core@5@A@@YAXXZ 0000000140019330 f    CIL library: CIL module
 0001:00018370       ??__E?s_id@?$TObjectUniqueID@UIStreamReader@libmedia@UModSys@@@tl@UModSys@@2USUniquePointer@core@3@A@@YAXXZ 0000000140019370 f    CIL library: CIL module
 0001:000183b0       ??__E?s_id@?$TObjectUniqueID@UIStreamWriter@libmedia@UModSys@@@tl@UModSys@@2USUniquePointer@core@3@A@@YAXXZ 00000001400193b0 f    CIL library: CIL module
 0001:000183f0       ??__E?s_id@?$TObjectUniqueID@UIUtilities@libmedia@UModSys@@@tl@UModSys@@2USUniquePointer@core@3@A@@YAXXZ 00000001400193f0 f    CIL library: CIL module
 0001:00018430       ??__E?s_id@?$TObjectUniqueID@UILibObject@libmedia@UModSys@@@tl@UModSys@@2USUniquePointer@core@3@A@@YAXXZ 0000000140019430 f    CIL library: CIL module
 0001:00018470       ??__E?s_id@?$TObjectUniqueID@UIBinArchive@libmedia@UModSys@@@tl@UModSys@@2USUniquePointer@core@3@A@@YAXXZ 0000000140019470 f    CIL library: CIL module
 0001:000184b0       ??__E?s_id@?$TObjectUniqueID@UIBinObjFilter@libmedia@UModSys@@@tl@UModSys@@2USUniquePointer@core@3@A@@YAXXZ 00000001400194b0 f    CIL library: CIL module
 0001:000184f0       ??__E?s_id@?$TObjectUniqueID@UILibrary@libmedia@UModSys@@@tl@UModSys@@2USUniquePointer@core@3@A@@YAXXZ 00000001400194f0 f    CIL library: CIL module
 0001:00018530       ??__E?s_id@?$TObjectUniqueID@URStreamReader_FILE@stdio@media@modules@UModSys@@@tl@UModSys@@2USUniquePointer@core@3@A@@YAXXZ 0000000140019530 f    CIL library: CIL module
 0001:00018570       ??__E?s_id@?$TObjectUniqueID@URStreamWriter_FILE@stdio@media@modules@UModSys@@@tl@UModSys@@2USUniquePointer@core@3@A@@YAXXZ 0000000140019570 f    CIL library: CIL module
 0001:000185b0       ??__E?s_id@?$TObjectUniqueID@URDataArchiver_OsDir@stdio@media@modules@UModSys@@@tl@UModSys@@2USUniquePointer@core@3@A@@YAXXZ 00000001400195b0 f    CIL library: CIL module
 0001:000185f0       ??__E?s_id@?$TObjectUniqueID@URGenerator@stdio@media@modules@UModSys@@@tl@UModSys@@2USUniquePointer@core@3@A@@YAXXZ 00000001400195f0 f    CIL library: CIL module
 0001:00018630       ??__Es_dbg@stdlib@media@modules@UModSys@@YAXXZ 0000000140019630 f    CIL library: CIL module
 0001:00018660       ??__E?s_modreg@RModuleReg@stdlib@media@modules@UModSys@@2U12345@A@@YAXXZ 0000000140019660 f    CIL library: CIL module
 0001:000186d0       ??__E?s_modreg_chain@RModuleReg@stdlib@media@modules@UModSys@@2USModuleRegChain@base@5@A@@YAXXZ 00000001400196d0 f    CIL library: CIL module
 0001:00018700       ??__E?s_uid@RGenerator@stdlib@media@modules@UModSys@@2USUniquePointer@core@5@A@@YAXXZ 0000000140019700 f    CIL library: CIL module
 0001:00018740       ??__E?s_id@?$TObjectUniqueID@UILibraryBinTree@libmedia@UModSys@@@tl@UModSys@@2USUniquePointer@core@3@A@@YAXXZ 0000000140019740 f    CIL library: CIL module
 0001:00018780       ??__E?s_id@?$TObjectUniqueID@UILibraryBinCache@libmedia@UModSys@@@tl@UModSys@@2USUniquePointer@core@3@A@@YAXXZ 0000000140019780 f    CIL library: CIL module
 0001:000187c0       ??__E?s_id@?$TObjectUniqueID@UILibraryObjFilter@libmedia@UModSys@@@tl@UModSys@@2USUniquePointer@core@3@A@@YAXXZ 00000001400197c0 f    CIL library: CIL module
 0001:00018800       ??__E?s_id@?$TObjectUniqueID@UILibraryObjCache@libmedia@UModSys@@@tl@UModSys@@2USUniquePointer@core@3@A@@YAXXZ 0000000140019800 f    CIL library: CIL module
 0001:00018840       ??__E?s_id@?$TObjectUniqueID@UILibraryLayered@libmedia@UModSys@@@tl@UModSys@@2USUniquePointer@core@3@A@@YAXXZ 0000000140019840 f    CIL library: CIL module
 0001:00018880       ??__E?s_id@?$TObjectUniqueID@UIBinArchiveFrame@libmedia@UModSys@@@tl@UModSys@@2USUniquePointer@core@3@A@@YAXXZ 0000000140019880 f    CIL library: CIL module
 0001:000188c0       ??__E?s_id@?$TObjectUniqueID@UIClient@IBinArchiveFrame@libmedia@UModSys@@@tl@UModSys@@2USUniquePointer@core@3@A@@YAXXZ 00000001400198c0 f    CIL library: CIL module
 0001:00018900       ??__E?s_id@?$TObjectUniqueID@URUtilities@stdlib@media@modules@UModSys@@@tl@UModSys@@2USUniquePointer@core@3@A@@YAXXZ 0000000140019900 f    CIL library: CIL module
 0001:00018940       ??__E?s_id@?$TObjectUniqueID@URBinArchiveFrame@stdlib@media@modules@UModSys@@@tl@UModSys@@2USUniquePointer@core@3@A@@YAXXZ 0000000140019940 f    CIL library: CIL module
 0001:00018980       ??__E?s_id@?$TObjectUniqueID@URLibraryBinTree@stdlib@media@modules@UModSys@@@tl@UModSys@@2USUniquePointer@core@3@A@@YAXXZ 0000000140019980 f    CIL library: CIL module
 0001:000189c0       ??__E?s_id@?$TObjectUniqueID@URLibraryBinCache@stdlib@media@modules@UModSys@@@tl@UModSys@@2USUniquePointer@core@3@A@@YAXXZ 00000001400199c0 f    CIL library: CIL module
 0001:00018a00       ??__E?s_id@?$TObjectUniqueID@URLibraryLayered@stdlib@media@modules@UModSys@@@tl@UModSys@@2USUniquePointer@core@3@A@@YAXXZ 0000000140019a00 f    CIL library: CIL module
 0001:00018a40       ??__E?s_id@?$TObjectUniqueID@URLibraryObjCache@stdlib@media@modules@UModSys@@@tl@UModSys@@2USUniquePointer@core@3@A@@YAXXZ 0000000140019a40 f    CIL library: CIL module
 0001:00018a80       ??__E?s_id@?$TObjectUniqueID@URLibraryObjFilter@stdlib@media@modules@UModSys@@@tl@UModSys@@2USUniquePointer@core@3@A@@YAXXZ 0000000140019a80 f    CIL library: CIL module
 0001:00018ac0       ??__E?s_id@?$TObjectUniqueID@URGenerator@stdlib@media@modules@UModSys@@@tl@UModSys@@2USUniquePointer@core@3@A@@YAXXZ 0000000140019ac0 f    CIL library: CIL module
 0001:00018b00       ??__E?s_console@RConsole_std@rsystem@base@UModSys@@2U1234@A@@YAXXZ 0000000140019b00 f    CIL library: CIL module
 0001:00018b20       ??__E?s_sys@RSystem@rsystem@base@UModSys@@2U1234@A@@YAXXZ 0000000140019b20 f    CIL library: CIL module
 0001:00018b40       ??__Ersys_dbg@rsystem@base@UModSys@@YAXXZ 0000000140019b40 f    CIL library: CIL module
 0001:00018b70       ??__EM@UModSys@@YAXXZ      0000000140019b70 f    CIL library: CIL module
 0001:00018b90       ??__E?root@SModuleRegChain@base@UModSys@@2U123@A@@YAXXZ 0000000140019b90 f    CIL library: CIL module
 0001:00018bc0       ??__E?s_library@RModuleLibraryReg_Chain@base@UModSys@@2U123@A@@YAXXZ 0000000140019bc0 f    CIL library: CIL module
 0001:00018be0       ??__E?root@SUniquePointer@core@UModSys@@2U123@A@@YAXXZ 0000000140019be0 f    CIL library: CIL module
 0001:00018c10       ??__F?s_id@?$TObjectUniqueID@URConsole_std@rsystem@base@UModSys@@@tl@UModSys@@2USUniquePointer@core@3@A@@YAXXZ 0000000140019c10 f    CIL library: CIL module
 0001:00018c20       ??__F?s_id@?$TObjectUniqueID@URSystem@rsystem@base@UModSys@@@tl@UModSys@@2USUniquePointer@core@3@A@@YAXXZ 0000000140019c20 f    CIL library: CIL module
 0001:00018c30       ??__F?s_id@?$TObjectUniqueID@URParameters@rsystem@base@UModSys@@@tl@UModSys@@2USUniquePointer@core@3@A@@YAXXZ 0000000140019c30 f    CIL library: CIL module
 0001:00018c40       ??__F?s_id@?$TObjectUniqueID@URModuleLibraryThis@rsystem@base@UModSys@@@tl@UModSys@@2USUniquePointer@core@3@A@@YAXXZ 0000000140019c40 f    CIL library: CIL module
 0001:00018c50       ??__F?s_id@?$TObjectUniqueID@URModuleLibrarySO@rsystem@base@UModSys@@@tl@UModSys@@2USUniquePointer@core@3@A@@YAXXZ 0000000140019c50 f    CIL library: CIL module
 0001:00018c60       ??__F?s_id@?$TObjectUniqueID@UIModuleLibraryUni@rsystem@base@UModSys@@@tl@UModSys@@2USUniquePointer@core@3@A@@YAXXZ 0000000140019c60 f    CIL library: CIL module
 0001:00018c70       ??__F?s_id@?$TObjectUniqueID@URModule@rsystem@base@UModSys@@@tl@UModSys@@2USUniquePointer@core@3@A@@YAXXZ 0000000140019c70 f    CIL library: CIL module
 0001:00018c80       ??__F?s_id@?$TObjectUniqueID@UISystem@base@UModSys@@@tl@UModSys@@2USUniquePointer@core@3@A@@YAXXZ 0000000140019c80 f    CIL library: CIL module
 0001:00018c90       ??__F?s_id@?$TObjectUniqueID@UIShell@base@UModSys@@@tl@UModSys@@2USUniquePointer@core@3@A@@YAXXZ 0000000140019c90 f    CIL library: CIL module
 0001:00018ca0       ??__F?s_id@?$TObjectUniqueID@UIGenerator@base@UModSys@@@tl@UModSys@@2USUniquePointer@core@3@A@@YAXXZ 0000000140019ca0 f    CIL library: CIL module
 0001:00018cb0       ??__F?s_id@?$TObjectUniqueID@UIModObject@base@UModSys@@@tl@UModSys@@2USUniquePointer@core@3@A@@YAXXZ 0000000140019cb0 f    CIL library: CIL module
 0001:00018cc0       ??__F?s_id@?$TObjectUniqueID@UIModuleLibrary@base@UModSys@@@tl@UModSys@@2USUniquePointer@core@3@A@@YAXXZ 0000000140019cc0 f    CIL library: CIL module
 0001:00018cd0       ??__F?s_id@?$TObjectUniqueID@UIModule@base@UModSys@@@tl@UModSys@@2USUniquePointer@core@3@A@@YAXXZ 0000000140019cd0 f    CIL library: CIL module
 0001:00018ce0       ??__F?s_id@?$TObjectUniqueID@UIConsole@base@UModSys@@@tl@UModSys@@2USUniquePointer@core@3@A@@YAXXZ 0000000140019ce0 f    CIL library: CIL module
 0001:00018cf0       ??__F?s_id@?$TObjectUniqueID@UIParameters@core@UModSys@@@tl@UModSys@@2USUniquePointer@core@3@A@@YAXXZ 0000000140019cf0 f    CIL library: CIL module
 0001:00018d00       ??__F?s_id@?$TObjectUniqueID@UIRefObject@core@UModSys@@@tl@UModSys@@2USUniquePointer@core@3@A@@YAXXZ 0000000140019d00 f    CIL library: CIL module
 0001:00018d10       ??__F?s_id@?$TObjectUniqueID@UIRoot@core@UModSys@@@tl@UModSys@@2USUniquePointer@core@3@A@@YAXXZ 0000000140019d10 f    CIL library: CIL module
 0001:00018d20       ??__Fs_dbg@stdio@media@modules@UModSys@@YAXXZ 0000000140019d20 f    CIL library: CIL module
 0001:00018d30       ??__F?s_modreg@RModuleReg@stdio@media@modules@UModSys@@2U12345@A@@YAXXZ 0000000140019d30 f    CIL library: CIL module
 0001:00018d50       ??__F?s_modreg_chain@RModuleReg@stdio@media@modules@UModSys@@2USModuleRegChain@base@5@A@@YAXXZ 0000000140019d50 f    CIL library: CIL module
 0001:00018d60       ??__F?s_uid@RGenerator@stdio@media@modules@UModSys@@2USUniquePointer@core@5@A@@YAXXZ 0000000140019d60 f    CIL library: CIL module
 0001:00018d70       ??__Fh@?1??s_holder@RGenerator@stdio@media@modules@UModSys@@SAAEAU?$TTypeStaticHolder@URGenerator@stdio@media@modules@UModSys@@@tl@5@XZ@YAXXZ 0000000140019d70 f    CIL library: CIL module
 0001:00018da0       ??__F?s_id@?$TObjectUniqueID@URGenerator@stdio@media@modules@UModSys@@@tl@UModSys@@2USUniquePointer@core@3@A@@YAXXZ 0000000140019da0 f    CIL library: CIL module
 0001:00018db0       ??__F?s_id@?$TObjectUniqueID@URDataArchiver_OsDir@stdio@media@modules@UModSys@@@tl@UModSys@@2USUniquePointer@core@3@A@@YAXXZ 0000000140019db0 f    CIL library: CIL module
 0001:00018dc0       ??__F?s_id@?$TObjectUniqueID@URStreamWriter_FILE@stdio@media@modules@UModSys@@@tl@UModSys@@2USUniquePointer@core@3@A@@YAXXZ 0000000140019dc0 f    CIL library: CIL module
 0001:00018dd0       ??__F?s_id@?$TObjectUniqueID@URStreamReader_FILE@stdio@media@modules@UModSys@@@tl@UModSys@@2USUniquePointer@core@3@A@@YAXXZ 0000000140019dd0 f    CIL library: CIL module
 0001:00018de0       ??__F?s_id@?$TObjectUniqueID@UILibrary@libmedia@UModSys@@@tl@UModSys@@2USUniquePointer@core@3@A@@YAXXZ 0000000140019de0 f    CIL library: CIL module
 0001:00018df0       ??__F?s_id@?$TObjectUniqueID@UIBinObjFilter@libmedia@UModSys@@@tl@UModSys@@2USUniquePointer@core@3@A@@YAXXZ 0000000140019df0 f    CIL library: CIL module
 0001:00018e00       ??__F?s_id@?$TObjectUniqueID@UIBinArchive@libmedia@UModSys@@@tl@UModSys@@2USUniquePointer@core@3@A@@YAXXZ 0000000140019e00 f    CIL library: CIL module
 0001:00018e10       ??__F?s_id@?$TObjectUniqueID@UILibObject@libmedia@UModSys@@@tl@UModSys@@2USUniquePointer@core@3@A@@YAXXZ 0000000140019e10 f    CIL library: CIL module
 0001:00018e20       ??__F?s_id@?$TObjectUniqueID@UIUtilities@libmedia@UModSys@@@tl@UModSys@@2USUniquePointer@core@3@A@@YAXXZ 0000000140019e20 f    CIL library: CIL module
 0001:00018e30       ??__F?s_id@?$TObjectUniqueID@UIStreamWriter@libmedia@UModSys@@@tl@UModSys@@2USUniquePointer@core@3@A@@YAXXZ 0000000140019e30 f    CIL library: CIL module
 0001:00018e40       ??__F?s_id@?$TObjectUniqueID@UIStreamReader@libmedia@UModSys@@@tl@UModSys@@2USUniquePointer@core@3@A@@YAXXZ 0000000140019e40 f    CIL library: CIL module
 0001:00018e50       ??__Fs_dbg@stdlib@media@modules@UModSys@@YAXXZ 0000000140019e50 f    CIL library: CIL module
 0001:00018e60       ??__F?s_modreg@RModuleReg@stdlib@media@modules@UModSys@@2U12345@A@@YAXXZ 0000000140019e60 f    CIL library: CIL module
 0001:00018e80       ??__F?s_modreg_chain@RModuleReg@stdlib@media@modules@UModSys@@2USModuleRegChain@base@5@A@@YAXXZ 0000000140019e80 f    CIL library: CIL module
 0001:00018e90       ??__F?s_uid@RGenerator@stdlib@media@modules@UModSys@@2USUniquePointer@core@5@A@@YAXXZ 0000000140019e90 f    CIL library: CIL module
 0001:00018ea0       ??__Fh@?1??s_holder@RGenerator@stdlib@media@modules@UModSys@@SAAEAU?$TTypeStaticHolder@URGenerator@stdlib@media@modules@UModSys@@@tl@5@XZ@YAXXZ 0000000140019ea0 f    CIL library: CIL module
 0001:00018ed0       ??__F?s_id@?$TObjectUniqueID@URGenerator@stdlib@media@modules@UModSys@@@tl@UModSys@@2USUniquePointer@core@3@A@@YAXXZ 0000000140019ed0 f    CIL library: CIL module
 0001:00018ee0       ??__F?s_id@?$TObjectUniqueID@URLibraryObjFilter@stdlib@media@modules@UModSys@@@tl@UModSys@@2USUniquePointer@core@3@A@@YAXXZ 0000000140019ee0 f    CIL library: CIL module
 0001:00018ef0       ??__F?s_id@?$TObjectUniqueID@URLibraryObjCache@stdlib@media@modules@UModSys@@@tl@UModSys@@2USUniquePointer@core@3@A@@YAXXZ 0000000140019ef0 f    CIL library: CIL module
 0001:00018f00       ??__F?s_id@?$TObjectUniqueID@URLibraryLayered@stdlib@media@modules@UModSys@@@tl@UModSys@@2USUniquePointer@core@3@A@@YAXXZ 0000000140019f00 f    CIL library: CIL module
 0001:00018f10       ??__F?s_id@?$TObjectUniqueID@URLibraryBinCache@stdlib@media@modules@UModSys@@@tl@UModSys@@2USUniquePointer@core@3@A@@YAXXZ 0000000140019f10 f    CIL library: CIL module
 0001:00018f20       ??__F?s_id@?$TObjectUniqueID@URLibraryBinTree@stdlib@media@modules@UModSys@@@tl@UModSys@@2USUniquePointer@core@3@A@@YAXXZ 0000000140019f20 f    CIL library: CIL module
 0001:00018f30       ??__F?s_id@?$TObjectUniqueID@URBinArchiveFrame@stdlib@media@modules@UModSys@@@tl@UModSys@@2USUniquePointer@core@3@A@@YAXXZ 0000000140019f30 f    CIL library: CIL module
 0001:00018f40       ??__F?s_id@?$TObjectUniqueID@URUtilities@stdlib@media@modules@UModSys@@@tl@UModSys@@2USUniquePointer@core@3@A@@YAXXZ 0000000140019f40 f    CIL library: CIL module
 0001:00018f50       ??__F?s_id@?$TObjectUniqueID@UIClient@IBinArchiveFrame@libmedia@UModSys@@@tl@UModSys@@2USUniquePointer@core@3@A@@YAXXZ 0000000140019f50 f    CIL library: CIL module
 0001:00018f60       ??__F?s_id@?$TObjectUniqueID@UIBinArchiveFrame@libmedia@UModSys@@@tl@UModSys@@2USUniquePointer@core@3@A@@YAXXZ 0000000140019f60 f    CIL library: CIL module
 0001:00018f70       ??__F?s_id@?$TObjectUniqueID@UILibraryLayered@libmedia@UModSys@@@tl@UModSys@@2USUniquePointer@core@3@A@@YAXXZ 0000000140019f70 f    CIL library: CIL module
 0001:00018f80       ??__F?s_id@?$TObjectUniqueID@UILibraryObjCache@libmedia@UModSys@@@tl@UModSys@@2USUniquePointer@core@3@A@@YAXXZ 0000000140019f80 f    CIL library: CIL module
 0001:00018f90       ??__F?s_id@?$TObjectUniqueID@UILibraryObjFilter@libmedia@UModSys@@@tl@UModSys@@2USUniquePointer@core@3@A@@YAXXZ 0000000140019f90 f    CIL library: CIL module
 0001:00018fa0       ??__F?s_id@?$TObjectUniqueID@UILibraryBinCache@libmedia@UModSys@@@tl@UModSys@@2USUniquePointer@core@3@A@@YAXXZ 0000000140019fa0 f    CIL library: CIL module
 0001:00018fb0       ??__F?s_id@?$TObjectUniqueID@UILibraryBinTree@libmedia@UModSys@@@tl@UModSys@@2USUniquePointer@core@3@A@@YAXXZ 0000000140019fb0 f    CIL library: CIL module
 0001:00018fc0       ??__F?s_console@RConsole_std@rsystem@base@UModSys@@2U1234@A@@YAXXZ 0000000140019fc0 f    CIL library: CIL module
 0001:00018fd0       ??__F?s_sys@RSystem@rsystem@base@UModSys@@2U1234@A@@YAXXZ 0000000140019fd0 f    CIL library: CIL module
 0001:00018fe0       ??__Frsys_dbg@rsystem@base@UModSys@@YAXXZ 0000000140019fe0 f    CIL library: CIL module
 0001:00018ff0       ??__FM@UModSys@@YAXXZ      0000000140019ff0 f    CIL library: CIL module
 0001:00019000       ??__F?root@SModuleRegChain@base@UModSys@@2U123@A@@YAXXZ 000000014001a000 f    CIL library: CIL module
 0001:00019010       ??__F?s_library@RModuleLibraryReg_Chain@base@UModSys@@2U123@A@@YAXXZ 000000014001a010 f    CIL library: CIL module
 0001:00019020       ??__F?root@SUniquePointer@core@UModSys@@2U123@A@@YAXXZ 000000014001a020 f    CIL library: CIL module

 Exports

  ordinal    name

        1    UModSys_Plugin_Entry2
