 umodsysc

 Timestamp is 524a8e65 (Tue Oct 01 11:57:09 2013)

 Preferred load address is 0000000140000000

 Start         Length     Name                   Class
 0001:00000000 00006286H .text                   CODE
 0001:00006290 0000005eH .text$00                CODE
 0001:000062f0 000004ebH .text$x                 CODE
 0001:000067e0 00000472H .text$yc                CODE
 0001:00006c60 0000013cH .text$yd                CODE
 0002:00000000 000001d0H .idata$5                DATA
 0002:000001d0 00000008H .CRT$XCA                DATA
 0002:000001d8 00000008H .CRT$XCAA               DATA
 0002:000001e0 000000a0H .CRT$XCU                DATA
 0002:00000280 00000008H .CRT$XCZ                DATA
 0002:00000288 00000008H .CRT$XIA                DATA
 0002:00000290 00000008H .CRT$XIAA               DATA
 0002:00000298 00000008H .CRT$XIY                DATA
 0002:000002a0 00000008H .CRT$XIZ                DATA
 0002:000002b0 000011b0H .rdata                  DATA
 0002:00001460 000008f4H .rdata$r                DATA
 0002:00001d58 00000008H .rtc$IAA                DATA
 0002:00001d60 00000008H .rtc$IZZ                DATA
 0002:00001d68 00000008H .rtc$TAA                DATA
 0002:00001d70 00000008H .rtc$TZZ                DATA
 0002:00001d78 00000f80H .xdata                  DATA
 0002:00002cf8 00000028H .idata$2                DATA
 0002:00002d20 00000014H .idata$3                DATA
 0002:00002d38 000001d0H .idata$4                DATA
 0002:00002f08 0000038eH .idata$6                DATA
 0002:00003296 00000000H .edata                  DATA
 0003:00000000 00000484H .data                   DATA
 0003:00000490 000004d8H .bss                    DATA
 0004:00000000 00000c84H .pdata                  DATA

  Address         Publics by Value              Rva+Base               Lib:Object

 0000:00000000       ___safe_se_handler_table   0000000000000000     <absolute>
 0000:00000000       ___safe_se_handler_count   0000000000000000     <absolute>
 0000:00000000       __ImageBase                0000000140000000     <linker-defined>
 0001:00000000       ??$shash@D@su@tl@UModSys@@YAHPEBD_K@Z 0000000140001000 f i umodsys.c_main.obj
 0001:00000030       ?get_interface_info@RConsole_std@rsystem@base@UModSys@@UEBAAEBUSUniquePointerInfo@core@4@XZ 0000000140001030 f i umodsys_lib_basesys:umodsys.base.rconsole_std.obj
 0001:00000040       ?get_interface_type@RConsole_std@rsystem@base@UModSys@@UEBAPEBUSUniquePointerInfo@core@4@XZ 0000000140001040 f i umodsys_lib_basesys:umodsys.base.rconsole_std.obj
 0001:00000050       ?get_other_interface@RConsole_std@rsystem@base@UModSys@@UEAAPEAUIRoot@core@4@PEBUSUniquePointerInfo@64@@Z 0000000140001050 f i umodsys_lib_basesys:umodsys.base.rconsole_std.obj
 0001:00000050       ?get_other_interface@RConsole_std@rsystem@base@UModSys@@UEBAPEBUIRoot@core@4@PEBUSUniquePointerInfo@64@@Z 0000000140001050 f i umodsys_lib_basesys:umodsys.base.rconsole_std.obj
 0001:00000080       ??_GRConsole_std@rsystem@base@UModSys@@UEAAPEAXI@Z 0000000140001080 f i umodsys_lib_basesys:umodsys.base.rconsole_std.obj
 0001:00000080       ??_ERConsole_std@rsystem@base@UModSys@@UEAAPEAXI@Z 0000000140001080 f i  CIL library: CIL module
 0001:000000b0       ??_GIConsole@base@UModSys@@UEAAPEAXI@Z 00000001400010b0 f i umodsys_lib_basesys:umodsys.base.rconsole_std.obj
 0001:000000b0       ??_EIConsole@base@UModSys@@UEAAPEAXI@Z 00000001400010b0 f i  CIL library: CIL module
 0001:000000e0       ??_EIRefObject@core@UModSys@@UEAAPEAXI@Z 00000001400010e0 f i  CIL library: CIL module
 0001:000000e0       ??_GIRefObject@core@UModSys@@UEAAPEAXI@Z 00000001400010e0 f i umodsys_lib_basesys:umodsys.base.rconsole_std.obj
 0001:00000110       ??_GIRoot@core@UModSys@@UEAAPEAXI@Z 0000000140001110 f i umodsys_lib_basesys:umodsys.base.rconsole_std.obj
 0001:00000110       ??_EIRoot@core@UModSys@@UEAAPEAXI@Z 0000000140001110 f i  CIL library: CIL module
 0001:00000140       ?get_interface_info@ISystem@base@UModSys@@UEBAAEBUSUniquePointerInfo@core@3@XZ 0000000140001140 f i umodsys_lib_basesys:umodsys.base.rsystem_main.obj
 0001:00000150       ?get_interface_type@ISystem@base@UModSys@@UEBAPEBUSUniquePointerInfo@core@3@XZ 0000000140001150 f i umodsys_lib_basesys:umodsys.base.rsystem_main.obj
 0001:00000160       ?get_other_interface@ISystem@base@UModSys@@UEBAPEBUIRoot@core@3@PEBUSUniquePointerInfo@53@@Z 0000000140001160 f i umodsys_lib_basesys:umodsys.base.rsystem_main.obj
 0001:00000160       ?get_other_interface@ISystem@base@UModSys@@UEAAPEAUIRoot@core@3@PEBUSUniquePointerInfo@53@@Z 0000000140001160 f i umodsys_lib_basesys:umodsys.base.rsystem_main.obj
 0001:00000180       ?get_interface_info@RSystem@rsystem@base@UModSys@@UEBAAEBUSUniquePointerInfo@core@4@XZ 0000000140001180 f i umodsys_lib_basesys:umodsys.base.rsystem_main.obj
 0001:00000190       ?get_interface_type@RSystem@rsystem@base@UModSys@@UEBAPEBUSUniquePointerInfo@core@4@XZ 0000000140001190 f i umodsys_lib_basesys:umodsys.base.rsystem_main.obj
 0001:000001a0       ?get_other_interface@RSystem@rsystem@base@UModSys@@UEBAPEBUIRoot@core@4@PEBUSUniquePointerInfo@64@@Z 00000001400011a0 f i umodsys_lib_basesys:umodsys.base.rsystem_main.obj
 0001:000001a0       ?get_other_interface@RSystem@rsystem@base@UModSys@@UEAAPEAUIRoot@core@4@PEBUSUniquePointerInfo@64@@Z 00000001400011a0 f i umodsys_lib_basesys:umodsys.base.rsystem_main.obj
 0001:000001c0       ??_GRSystem@rsystem@base@UModSys@@UEAAPEAXI@Z 00000001400011c0 f i umodsys_lib_basesys:umodsys.base.rsystem_main.obj
 0001:000001c0       ??_ERSystem@rsystem@base@UModSys@@UEAAPEAXI@Z 00000001400011c0 f i  CIL library: CIL module
 0001:000001f0       ??_GISystem@base@UModSys@@UEAAPEAXI@Z 00000001400011f0 f i umodsys_lib_basesys:umodsys.base.rsystem_main.obj
 0001:000001f0       ??_EISystem@base@UModSys@@UEAAPEAXI@Z 00000001400011f0 f i  CIL library: CIL module
 0001:00000220       ??1?$TStaticStringPool@DU?$TComparerBinaryHash@D@su@tl@UModSys@@USMemAlloc_Malloc@core@4@@tl@UModSys@@QEAA@XZ 0000000140001220 f i umodsys_lib_basesys:umodsys.base.rsystem_main.obj
 0001:00000230       ??1?$TQuantArrayUnique@USUniquePointerInfo@core@UModSys@@$0BAA@USMemAlloc_Malloc@23@@tl@UModSys@@QEAA@XZ 0000000140001230 f i umodsys_lib_basesys:umodsys.base.rsystem_main.obj
 0001:00000230       ??1?$TQuantArrayUnique@USSourceContext@core@UModSys@@$0BAA@USMemAlloc_Malloc@23@@tl@UModSys@@QEAA@XZ 0000000140001230 f i umodsys_lib_basesys:umodsys.base.rsystem_main.obj
 0001:00000250       ?clear@?$TTreeHoldRBD@U?$TQuantArrayNode@USSourceContext@core@UModSys@@$0BAA@@tl@UModSys@@U?$TNodeDeleter@U?$TQuantArrayNode@USSourceContext@core@UModSys@@$0BAA@@tl@UModSys@@USMemAlloc_Malloc@core@3@@23@@tl@UModSys@@QEAAXXZ 0000000140001250 f i umodsys_lib_basesys:umodsys.base.rsystem_main.obj
 0001:00000250       ?clear@?$TTreeHoldRBD@U?$TQuantArrayNode@USUniquePointerInfo@core@UModSys@@$0BAA@@tl@UModSys@@U?$TNodeDeleter@U?$TQuantArrayNode@USUniquePointerInfo@core@UModSys@@$0BAA@@tl@UModSys@@USMemAlloc_Malloc@core@3@@23@@tl@UModSys@@QEAAXXZ 0000000140001250 f i umodsys_lib_basesys:umodsys.base.rsystem_main.obj
 0001:000002e0       ?release@?$TStaticStringPool@DU?$TComparerBinaryHash@D@su@tl@UModSys@@USMemAlloc_Malloc@core@4@@tl@UModSys@@QEAAXXZ 00000001400012e0 f i umodsys_lib_basesys:umodsys.base.rsystem_main.obj
 0001:00000340       ??$process_nodes_r@U?$TNodeDeleter@U?$TQuantArrayNode@USSourceContext@core@UModSys@@$0BAA@@tl@UModSys@@USMemAlloc_Malloc@core@3@@tl@UModSys@@@?$TTreeHoldRB@U?$TQuantArrayNode@USSourceContext@core@UModSys@@$0BAA@@tl@UModSys@@@tl@UModSys@@KAHPEAU?$TQuantArrayNode@USSourceContext@core@UModSys@@$0BAA@@12@AEBU?$TNodeDeleter@U?$TQuantArrayNode@USSourceContext@core@UModSys@@$0BAA@@tl@UModSys@@USMemAlloc_Malloc@core@3@@12@@Z 0000000140001340 f i umodsys_lib_basesys:umodsys.base.rsystem_main.obj
 0001:00000340       ??$process_nodes_r@U?$TNodeDeleter@U?$TQuantArrayNode@USUniquePointerInfo@core@UModSys@@$0BAA@@tl@UModSys@@USMemAlloc_Malloc@core@3@@tl@UModSys@@@?$TTreeHoldRB@U?$TQuantArrayNode@USUniquePointerInfo@core@UModSys@@$0BAA@@tl@UModSys@@@tl@UModSys@@KAHPEAU?$TQuantArrayNode@USUniquePointerInfo@core@UModSys@@$0BAA@@12@AEBU?$TNodeDeleter@U?$TQuantArrayNode@USUniquePointerInfo@core@UModSys@@$0BAA@@tl@UModSys@@USMemAlloc_Malloc@core@3@@12@@Z 0000000140001340 f i umodsys_lib_basesys:umodsys.base.rsystem_main.obj
 0001:000003b0       ??1?$TParametersA@$0EAA@@core@UModSys@@QEAA@XZ 00000001400013b0 f i umodsys_lib_basesys:umodsys.base.rsystem_tests.obj
 0001:000003d0       ??1?$TRefObject@URModule@rsystem@base@UModSys@@@tl@UModSys@@QEAA@XZ 00000001400013d0 f i umodsys_lib_basesys:umodsys.base.rmodulelib.obj
 0001:000003d0       ??1?$TRefObject@URModuleLibrary@rsystem@base@UModSys@@@tl@UModSys@@QEAA@XZ 00000001400013d0 f i umodsys_lib_basesys:umodsys.base.rmoduleloader.obj
 0001:000003d0       ??1?$TRefObject@UIShell@base@UModSys@@@tl@UModSys@@QEAA@XZ 00000001400013d0 f i umodsys_lib_basesys:umodsys.base.rsystem_tests.obj
 0001:000003d0       ??1?$TRefObject@URParameters@rsystem@base@UModSys@@@tl@UModSys@@QEAA@XZ 00000001400013d0 f i umodsys_lib_basesys:umodsys.base.rsystem_main.obj
 0001:000003d0       ??1?$TRefObject@UIRefObject@core@UModSys@@@tl@UModSys@@QEAA@XZ 00000001400013d0 f i umodsys_lib_basesys:umodsys.base.rsystem_tests.obj
 0001:00000400       ??3@YAXPEAX0@Z             0000000140001400 f i umodsys_lib_basesys:umodsys.base.rmoduleloader.obj
 0001:00000410       ??_GRModuleLoader@rsystem@base@UModSys@@UEAAPEAXI@Z 0000000140001410 f i umodsys_lib_basesys:umodsys.base.rmoduleloader.obj
 0001:00000410       ??_ERModuleLoader@rsystem@base@UModSys@@UEAAPEAXI@Z 0000000140001410 f i  CIL library: CIL module
 0001:00000440       ??_GIModuleLoader@base@UModSys@@UEAAPEAXI@Z 0000000140001440 f i umodsys_lib_basesys:umodsys.base.rmoduleloader.obj
 0001:00000440       ??_EIModuleLoader@base@UModSys@@UEAAPEAXI@Z 0000000140001440 f i  CIL library: CIL module
 0001:00000470       ?append@?$TStaticStringPool@DU?$TComparerBinaryHash@D@su@tl@UModSys@@USMemAlloc_Malloc@core@4@@tl@UModSys@@QEAAPEBU?$TString@U?$TSCoreConst@D@su@tl@UModSys@@U?$TComparerBinaryHash@D@234@@23@PEBD_K@Z 0000000140001470 f i umodsys_lib_basesys:umodsys.base.rmoduleloader.obj
 0001:000006f0       ?free@?$TArray@U?$TRefObject@URModule@rsystem@base@UModSys@@@tl@UModSys@@U?$TAllocator@USMemAlloc_Malloc@core@UModSys@@USCountCalcPower2@23@@23@@tl@UModSys@@QEAA_NXZ 00000001400016f0 f i umodsys_lib_basesys:umodsys.base.rmodulelib.obj
 0001:000006f0       ?free@?$TArray@U?$TRefObject@URModuleLibrary@rsystem@base@UModSys@@@tl@UModSys@@U?$TAllocator@USMemAlloc_Malloc@core@UModSys@@USCountCalcPower2@23@@23@@tl@UModSys@@QEAA_NXZ 00000001400016f0 f i umodsys_lib_basesys:umodsys.base.rmoduleloader.obj
 0001:00000730       ?remove_at@?$TArray@U?$TRefObject@URModuleLibrary@rsystem@base@UModSys@@@tl@UModSys@@U?$TAllocator@USMemAlloc_Malloc@core@UModSys@@USCountCalcPower2@23@@23@@tl@UModSys@@QEAA_N_K@Z 0000000140001730 f i umodsys_lib_basesys:umodsys.base.rmoduleloader.obj
 0001:000007b0       ?find_s@?$TStaticStringPool@DU?$TComparerBinaryHash@D@su@tl@UModSys@@USMemAlloc_Malloc@core@4@@tl@UModSys@@QEBAPEBU?$TString@U?$TSCoreConst@D@su@tl@UModSys@@U?$TComparerBinaryHash@D@234@@23@AEBU423@@Z 00000001400017b0 f i umodsys_lib_basesys:umodsys.base.rmoduleloader.obj
 0001:00000850       ?resize@?$TArray@U?$TRefObject@URModule@rsystem@base@UModSys@@@tl@UModSys@@U?$TAllocator@USMemAlloc_Malloc@core@UModSys@@USCountCalcPower2@23@@23@@tl@UModSys@@QEAA_N_K@Z 0000000140001850 f i umodsys_lib_basesys:umodsys.base.rmodulelib.obj
 0001:00000850       ?resize@?$TArray@U?$TRefObject@URModuleLibrary@rsystem@base@UModSys@@@tl@UModSys@@U?$TAllocator@USMemAlloc_Malloc@core@UModSys@@USCountCalcPower2@23@@23@@tl@UModSys@@QEAA_N_K@Z 0000000140001850 f i umodsys_lib_basesys:umodsys.base.rmoduleloader.obj
 0001:000008d0       ?find@?$TQuantArrayUnique@USUniquePointerInfo@core@UModSys@@$0BAA@USMemAlloc_Malloc@23@@tl@UModSys@@QEAAPEBUSUniquePointerInfo@core@3@AEBU453@@Z 00000001400018d0 f i umodsys_lib_basesys:umodsys.base.rsystem.obj
 0001:000008d0       ?find@?$TQuantArrayUnique@USSourceContext@core@UModSys@@$0BAA@USMemAlloc_Malloc@23@@tl@UModSys@@QEAAPEBUSSourceContext@core@3@AEBU453@@Z 00000001400018d0 f i umodsys_lib_basesys:umodsys.base.rsystem.obj
 0001:00000a00       ?add@?$TQuantArrayUnique@USSourceContext@core@UModSys@@$0BAA@USMemAlloc_Malloc@23@@tl@UModSys@@QEAAPEAUSSourceContext@core@3@AEBU453@@Z 0000000140001a00 f i umodsys_lib_basesys:umodsys.base.rsystem.obj
 0001:00000a00       ?add@?$TQuantArrayUnique@USUniquePointerInfo@core@UModSys@@$0BAA@USMemAlloc_Malloc@23@@tl@UModSys@@QEAAPEAUSUniquePointerInfo@core@3@AEBU453@@Z 0000000140001a00 f i umodsys_lib_basesys:umodsys.base.rsystem.obj
 0001:00000b50       ?get_interface_info@RParameters@rsystem@base@UModSys@@UEBAAEBUSUniquePointerInfo@core@4@XZ 0000000140001b50 f i umodsys_lib_basesys:umodsys.base.rparameters.obj
 0001:00000b60       ?get_interface_type@RParameters@rsystem@base@UModSys@@UEBAPEBUSUniquePointerInfo@core@4@XZ 0000000140001b60 f i umodsys_lib_basesys:umodsys.base.rparameters.obj
 0001:00000b70       ?get_other_interface@RParameters@rsystem@base@UModSys@@UEBAPEBUIRoot@core@4@PEBUSUniquePointerInfo@64@@Z 0000000140001b70 f i umodsys_lib_basesys:umodsys.base.rparameters.obj
 0001:00000b70       ?get_other_interface@RParameters@rsystem@base@UModSys@@UEAAPEAUIRoot@core@4@PEBUSUniquePointerInfo@64@@Z 0000000140001b70 f i umodsys_lib_basesys:umodsys.base.rparameters.obj
 0001:00000ba0       ??_GRParameters@rsystem@base@UModSys@@UEAAPEAXI@Z 0000000140001ba0 f i umodsys_lib_basesys:umodsys.base.rparameters.obj
 0001:00000ba0       ??_ERParameters@rsystem@base@UModSys@@UEAAPEAXI@Z 0000000140001ba0 f i  CIL library: CIL module
 0001:00000bd0       ??$shash@D@su@tl@UModSys@@YAHPEBD@Z 0000000140001bd0 f i umodsys_lib_basesys:umodsys.base.rparameters.obj
 0001:00000c00       ?get_interface_info@RModuleLibrary@rsystem@base@UModSys@@UEBAAEBUSUniquePointerInfo@core@4@XZ 0000000140001c00 f i umodsys_lib_basesys:umodsys.base.rmodulelib.obj
 0001:00000c10       ?get_interface_type@RModuleLibrary@rsystem@base@UModSys@@UEBAPEBUSUniquePointerInfo@core@4@XZ 0000000140001c10 f i umodsys_lib_basesys:umodsys.base.rmodulelib.obj
 0001:00000c20       ?get_interface_types@RSystem@rsystem@base@UModSys@@UEBA_KAEAUSUniquePtrList@core@4@@Z 0000000140001c20 f i umodsys_lib_basesys:umodsys.base.rsystem_main.obj
 0001:00000c20       ?get_interface_types@RModuleLibrary@rsystem@base@UModSys@@UEBA_KAEAUSUniquePtrList@core@4@@Z 0000000140001c20 f i umodsys_lib_basesys:umodsys.base.rmodulelib.obj
 0001:00000c20       ?get_interface_types@RParameters@rsystem@base@UModSys@@UEBA_KAEAUSUniquePtrList@core@4@@Z 0000000140001c20 f i umodsys_lib_basesys:umodsys.base.rparameters.obj
 0001:00000c20       ?get_interface_types@RModule@rsystem@base@UModSys@@UEBA_KAEAUSUniquePtrList@core@4@@Z 0000000140001c20 f i umodsys_lib_basesys:umodsys.base.rmodule.obj
 0001:00000c20       ?get_interface_types@ISystem@base@UModSys@@UEBA_KAEAUSUniquePtrList@core@3@@Z 0000000140001c20 f i umodsys_lib_basesys:umodsys.base.rsystem_main.obj
 0001:00000c20       ?get_interface_types@RConsole_std@rsystem@base@UModSys@@UEBA_KAEAUSUniquePtrList@core@4@@Z 0000000140001c20 f i umodsys_lib_basesys:umodsys.base.rconsole_std.obj
 0001:00000c30       ?get_other_interface@RModuleLibrary@rsystem@base@UModSys@@UEAAPEAUIRoot@core@4@PEBUSUniquePointerInfo@64@@Z 0000000140001c30 f i umodsys_lib_basesys:umodsys.base.rmodulelib.obj
 0001:00000c30       ?get_other_interface@RModuleLibrary@rsystem@base@UModSys@@UEBAPEBUIRoot@core@4@PEBUSUniquePointerInfo@64@@Z 0000000140001c30 f i umodsys_lib_basesys:umodsys.base.rmodulelib.obj
 0001:00000c60       ?suicide@RParameters@rsystem@base@UModSys@@UEAAXXZ 0000000140001c60 f i umodsys_lib_basesys:umodsys.base.rparameters.obj
 0001:00000c60       ?suicide@RModuleLibrary@rsystem@base@UModSys@@UEAAXXZ 0000000140001c60 f i umodsys_lib_basesys:umodsys.base.rmodulelib.obj
 0001:00000c80       ??_ERModuleLibrary@rsystem@base@UModSys@@UEAAPEAXI@Z 0000000140001c80 f i  CIL library: CIL module
 0001:00000c80       ??_GRModuleLibrary@rsystem@base@UModSys@@UEAAPEAXI@Z 0000000140001c80 f i umodsys_lib_basesys:umodsys.base.rmodulelib.obj
 0001:00000cb0       ??1?$TString@U?$TSCoreShared@USMemAlloc_Malloc@core@UModSys@@D@su@tl@UModSys@@U?$TComparerBinaryHash@D@234@@tl@UModSys@@QEAA@XZ 0000000140001cb0 f i umodsys_lib_basesys:umodsys.base.rmodulelib.obj
 0001:00000d00       ??_EIModuleLibrary@base@UModSys@@UEAAPEAXI@Z 0000000140001d00 f i  CIL library: CIL module
 0001:00000d00       ??_GIModuleLibrary@base@UModSys@@UEAAPEAXI@Z 0000000140001d00 f i umodsys_lib_basesys:umodsys.base.rmodulelib.obj
 0001:00000d30       ??1?$TArray@U?$TRefObject@URModule@rsystem@base@UModSys@@@tl@UModSys@@U?$TAllocator@USMemAlloc_Malloc@core@UModSys@@USCountCalcPower2@23@@23@@tl@UModSys@@QEAA@XZ 0000000140001d30 f i umodsys_lib_basesys:umodsys.base.rmodulelib.obj
 0001:00000d40       ?push@?$TArray@U?$TRefObject@URModuleLibrary@rsystem@base@UModSys@@@tl@UModSys@@U?$TAllocator@USMemAlloc_Malloc@core@UModSys@@USCountCalcPower2@23@@23@@tl@UModSys@@QEAA_NAEBU?$TRefObject@URModuleLibrary@rsystem@base@UModSys@@@23@@Z 0000000140001d40 f i umodsys_lib_basesys:umodsys.base.rmodulelib.obj
 0001:00000d40       ?push@?$TArray@U?$TRefObject@URModule@rsystem@base@UModSys@@@tl@UModSys@@U?$TAllocator@USMemAlloc_Malloc@core@UModSys@@USCountCalcPower2@23@@23@@tl@UModSys@@QEAA_NAEBU?$TRefObject@URModule@rsystem@base@UModSys@@@23@@Z 0000000140001d40 f i umodsys_lib_basesys:umodsys.base.rmodulelib.obj
 0001:00000df0       ?info_new@?$TSCoreShared@USMemAlloc_Malloc@core@UModSys@@D@su@tl@UModSys@@QEAA_NPEBD_K@Z 0000000140001df0 f i umodsys_lib_basesys:umodsys.base.rmodulelib.obj
 0001:00000ea0       ?get_interface_info@RModule@rsystem@base@UModSys@@UEBAAEBUSUniquePointerInfo@core@4@XZ 0000000140001ea0 f i umodsys_lib_basesys:umodsys.base.rmodule.obj
 0001:00000eb0       ?get_interface_type@RModule@rsystem@base@UModSys@@UEBAPEBUSUniquePointerInfo@core@4@XZ 0000000140001eb0 f i umodsys_lib_basesys:umodsys.base.rmodule.obj
 0001:00000ec0       ?get_other_interface@RModule@rsystem@base@UModSys@@UEBAPEBUIRoot@core@4@PEBUSUniquePointerInfo@64@@Z 0000000140001ec0 f i umodsys_lib_basesys:umodsys.base.rmodule.obj
 0001:00000ec0       ?get_other_interface@RModule@rsystem@base@UModSys@@UEAAPEAUIRoot@core@4@PEBUSUniquePointerInfo@64@@Z 0000000140001ec0 f i umodsys_lib_basesys:umodsys.base.rmodule.obj
 0001:00000ef0       ?suicide@RModule@rsystem@base@UModSys@@UEAAXXZ 0000000140001ef0 f i umodsys_lib_basesys:umodsys.base.rmodule.obj
 0001:00000f40       ??_ERModule@rsystem@base@UModSys@@UEAAPEAXI@Z 0000000140001f40 f i  CIL library: CIL module
 0001:00000f40       ??_GRModule@rsystem@base@UModSys@@UEAAPEAXI@Z 0000000140001f40 f i umodsys_lib_basesys:umodsys.base.rmodule.obj
 0001:00000f70       ??_GIModule@base@UModSys@@UEAAPEAXI@Z 0000000140001f70 f i umodsys_lib_basesys:umodsys.base.rmodule.obj
 0001:00000f70       ??_EIModule@base@UModSys@@UEAAPEAXI@Z 0000000140001f70 f i  CIL library: CIL module
 0001:00000fa0       ??1?$TArray@UModuleObjInfo@RModule@rsystem@base@UModSys@@U?$TAllocator@USMemAlloc_Malloc@core@UModSys@@USCountCalcPower2@23@@tl@5@@tl@UModSys@@QEAA@XZ 0000000140001fa0 f i umodsys_lib_basesys:umodsys.base.rmodule.obj
 0001:00000fb0       ??1?$TArray@UGeneratedObjInfo@RModule@rsystem@base@UModSys@@U?$TAllocator@USMemAlloc_Malloc@core@UModSys@@USCountCalcPower2@23@@tl@5@@tl@UModSys@@QEAA@XZ 0000000140001fb0 f i umodsys_lib_basesys:umodsys.base.rmodule.obj
 0001:00000fc0       ??1?$TArray@PEBUSUniquePointerInfo@core@UModSys@@U?$TAllocator@USMemAlloc_Malloc@core@UModSys@@USCountCalcPower2@23@@tl@3@@tl@UModSys@@QEAA@XZ 0000000140001fc0 f i umodsys_lib_basesys:umodsys.base.rmodule.obj
 0001:00000fd0       ?resize@?$TArray@UModuleObjInfo@RModule@rsystem@base@UModSys@@U?$TAllocator@USMemAlloc_Malloc@core@UModSys@@USCountCalcPower2@23@@tl@5@@tl@UModSys@@QEAA_N_K@Z 0000000140001fd0 f i umodsys_lib_basesys:umodsys.base.rmodule.obj
 0001:000010f0       ?free@?$TArray@UModuleObjInfo@RModule@rsystem@base@UModSys@@U?$TAllocator@USMemAlloc_Malloc@core@UModSys@@USCountCalcPower2@23@@tl@5@@tl@UModSys@@QEAA_NXZ 00000001400020f0 f i umodsys_lib_basesys:umodsys.base.rmodule.obj
 0001:00001130       ?resize@?$TArray@UGeneratedObjInfo@RModule@rsystem@base@UModSys@@U?$TAllocator@USMemAlloc_Malloc@core@UModSys@@USCountCalcPower2@23@@tl@5@@tl@UModSys@@QEAA_N_K@Z 0000000140002130 f i umodsys_lib_basesys:umodsys.base.rmodule.obj
 0001:00001240       ?free@?$TArray@UGeneratedObjInfo@RModule@rsystem@base@UModSys@@U?$TAllocator@USMemAlloc_Malloc@core@UModSys@@USCountCalcPower2@23@@tl@5@@tl@UModSys@@QEAA_NXZ 0000000140002240 f i umodsys_lib_basesys:umodsys.base.rmodule.obj
 0001:00001280       ?resize@?$TArray@PEBUSUniquePointerInfo@core@UModSys@@U?$TAllocator@USMemAlloc_Malloc@core@UModSys@@USCountCalcPower2@23@@tl@3@@tl@UModSys@@QEAA_N_K@Z 0000000140002280 f i umodsys_lib_basesys:umodsys.base.rmodule.obj
 0001:00001350       ?free@?$TArray@PEBUSUniquePointerInfo@core@UModSys@@U?$TAllocator@USMemAlloc_Malloc@core@UModSys@@USCountCalcPower2@23@@tl@3@@tl@UModSys@@QEAA_NXZ 0000000140002350 f i umodsys_lib_basesys:umodsys.base.rmodule.obj
 0001:00001388       _onexit                    0000000140002388 f   MSVCRT:atonexit.obj
 0001:00001438       atexit                     0000000140002438 f   MSVCRT:atonexit.obj
 0001:00001720       mainCRTStartup             0000000140002720 f   MSVCRT:crtexe.obj
 0001:00001732       _purecall                  0000000140002732 f   MSVCRT:MSVCR90.dll
 0001:00001738       ??3@YAXPEAX@Z              0000000140002738 f   MSVCRT:MSVCR90.dll
 0001:00001740       ??_Etype_info@@UEAAPEAXI@Z 0000000140002740 f i MSVCRT:ti_inst.obj
 0001:000017aa       ??2@YAPEAX_K@Z             00000001400027aa f   MSVCRT:MSVCR90.dll
 0001:000017b0       __C_specific_handler       00000001400027b0 f   MSVCRT:MSVCR90.dll
 0001:000017b6       _unlock                    00000001400027b6 f   MSVCRT:MSVCR90.dll
 0001:000017bc       __dllonexit                00000001400027bc f   MSVCRT:MSVCR90.dll
 0001:000017c2       _lock                      00000001400027c2 f   MSVCRT:MSVCR90.dll
 0001:000017c8       ?__CxxUnhandledExceptionFilter@@YAJPEAU_EXCEPTION_POINTERS@@@Z 00000001400027c8 f   MSVCRT:unhandld.obj
 0001:0000180c       __CxxSetUnhandledExceptionFilter 000000014000280c f   MSVCRT:unhandld.obj
 0001:00001824       _amsg_exit                 0000000140002824 f   MSVCRT:MSVCR90.dll
 0001:0000182c       _RTC_Initialize            000000014000282c f   MSVCRT:_initsect_.obj
 0001:00001864       _RTC_Terminate             0000000140002864 f   MSVCRT:_initsect_.obj
 0001:0000189c       _XcptFilter                000000014000289c f   MSVCRT:MSVCR90.dll
 0001:000018b0       _ValidateImageBase         00000001400028b0 f   MSVCRT:pesect.obj
 0001:000018e0       _FindPESection             00000001400028e0 f   MSVCRT:pesect.obj
 0001:00001930       _IsNonwritableInCurrentImage 0000000140002930 f   MSVCRT:pesect.obj
 0001:00001972       _initterm                  0000000140002972 f   MSVCRT:MSVCR90.dll
 0001:00001978       _initterm_e                0000000140002978 f   MSVCRT:MSVCR90.dll
 0001:00001980       _setargv                   0000000140002980 f   MSVCRT:dllargv.obj
 0001:00001980       _matherr                   0000000140002980 f   MSVCRT:merr.obj
 0001:00001984       __security_init_cookie     0000000140002984 f   MSVCRT:gs_support.obj
 0001:00001a38       ?__ArrayUnwind@@YAXPEAX_KHP6AX0@Z@Z 0000000140002a38 f   MSVCRT:ehvecdtr.obj
 0001:00001a84       ??_M@YAXPEAX_KHP6AX0@Z@Z   0000000140002a84 f   MSVCRT:ehvecdtr.obj
 0001:00001ae2       ?terminate@@YAXXZ          0000000140002ae2 f   MSVCRT:MSVCR90.dll
 0001:00001ae8       ?_type_info_dtor_internal_method@type_info@@QEAAXXZ 0000000140002ae8 f   MSVCRT:MSVCR90.dll
 0001:00001ae8       ??1type_info@@UEAA@XZ      0000000140002ae8 f   MSVCRT:MSVCR90.dll
 0001:00001af0       ?gracial_convert@syshlp@core@UModSys@@YA_NPEADHPEB_WH@Z 0000000140002af0 f   umodsys_lib_core:umodsys.core.syshlp_charcode.win32.obj
 0001:00001b50       ?gracial_convert@syshlp@core@UModSys@@YA_NPEA_WHPEBDH@Z 0000000140002b50 f   umodsys_lib_core:umodsys.core.syshlp_charcode.win32.obj
 0001:00001ba0       ?path_uni_os@syshlp@core@UModSys@@YAXPEA_W@Z 0000000140002ba0 f   umodsys_lib_core:umodsys.core.syshlp_chars.win32.obj
 0001:00001bd0       ?path_os_uni@syshlp@core@UModSys@@YAXPEAD@Z 0000000140002bd0 f   umodsys_lib_core:umodsys.core.syshlp_chars.win32.obj
 0001:00001bf0       ?gracial_cpy@syshlp@core@UModSys@@YA_NPEA_WHQEAPEB_WH@Z 0000000140002bf0 f   umodsys_lib_core:umodsys.core.syshlp_chars.win32.obj
 0001:00001ce0       ?gracial_cpy@syshlp@core@UModSys@@YA_NPEADHQEAPEBDH@Z 0000000140002ce0 f   umodsys_lib_core:umodsys.core.syshlp_chars.win32.obj
 0001:00001dc0       ??1IRoot@core@UModSys@@UEAA@XZ 0000000140002dc0 f   umodsys_lib_core:umodsys.core.objects.obj
 0001:00001de0       ??1IRefObject@core@UModSys@@UEAA@XZ 0000000140002de0 f   umodsys_lib_core:umodsys.core.objects.obj
 0001:00001df0       ??0SUniquePtrList@core@UModSys@@QEAA@PEAPEBUSUniquePointerInfo@12@_K@Z 0000000140002df0 f   umodsys_lib_core:umodsys.core.uniqueptr.obj
 0001:00001e10       ?s_unresolve@SUniquePointer@core@UModSys@@SAXPEAUIUniquePointerResolver@23@@Z 0000000140002e10 f   umodsys_lib_core:umodsys.core.uniqueptr.obj
 0001:00001e80       ?s_resolve@SUniquePointer@core@UModSys@@SAXPEAUIUniquePointerResolver@23@@Z 0000000140002e80 f   umodsys_lib_core:umodsys.core.uniqueptr.obj
 0001:00001f00       ??1SUniquePointer@core@UModSys@@QEAA@XZ 0000000140002f00 f   umodsys_lib_core:umodsys.core.uniqueptr.obj
 0001:00001f30       ??0SUniquePointer@core@UModSys@@QEAA@H@Z 0000000140002f30 f   umodsys_lib_core:umodsys.core.uniqueptr.obj
 0001:00001f60       ??0SUniquePointer@core@UModSys@@QEAA@PEBD0H@Z 0000000140002f60 f   umodsys_lib_core:umodsys.core.uniqueptr.obj
 0001:00001fb0       ??1SModuleInfo@base@UModSys@@QEAA@XZ 0000000140002fb0 f   umodsys_lib_base:umodsys.base.moduleinfo.obj
 0001:00001fc0       ??0SModuleInfo@base@UModSys@@QEAA@XZ 0000000140002fc0 f   umodsys_lib_base:umodsys.base.moduleinfo.obj
 0001:00001ff0       ??1IModuleLoader@base@UModSys@@UEAA@XZ 0000000140002ff0 f   umodsys_lib_base:umodsys.base.moduleloader.obj
 0001:00002000       ??1SDebug@base@UModSys@@QEAA@XZ 0000000140003000 f   umodsys_lib_base:umodsys.base.debug.obj
 0001:00002030       ??0SDebug@base@UModSys@@QEAA@PEAUIConsole@12@I@Z 0000000140003030 f   umodsys_lib_base:umodsys.base.debug.obj
 0001:00002050       ??1ISystem@base@UModSys@@UEAA@XZ 0000000140003050 f   umodsys_lib_base:umodsys.base.system.obj
 0001:00002060       ?Link@SModuleContext@base@UModSys@@QEAAXPEAUISystem@23@PEAUIMemAlloc@core@3@@Z 0000000140003060 f   umodsys_lib_base:umodsys.base.modulecontext.obj
 0001:000020a0       ??0SModuleContext@base@UModSys@@QEAA@XZ 00000001400030a0 f   umodsys_lib_base:umodsys.base.modulecontext.obj
 0001:000020d0       ??1SModuleContext@base@UModSys@@QEAA@XZ 00000001400030d0 f   umodsys_lib_base:umodsys.base.modulecontext.obj
 0001:000020e0       ?get_paramworker@SParameters@core@UModSys@@KAPEAUIParameters@23@XZ 00000001400030e0 f   umodsys_lib_base:umodsys.base.modulecontext.obj
 0001:000020f0       ?ref_links@RModule@rsystem@base@UModSys@@UEBAHXZ 00000001400030f0 f   umodsys_lib_basesys:umodsys.base.rmodule.obj
 0001:00002100       ?ref_remove@RModule@rsystem@base@UModSys@@UEBAXXZ 0000000140003100 f   umodsys_lib_basesys:umodsys.base.rmodule.obj
 0001:00002130       ?ref_add@RModule@rsystem@base@UModSys@@UEBAXXZ 0000000140003130 f   umodsys_lib_basesys:umodsys.base.rmodule.obj
 0001:00002140       ?scan@RModule@rsystem@base@UModSys@@QEAA_NXZ 0000000140003140 f   umodsys_lib_basesys:umodsys.base.rmodule.obj
 0001:00002180       ?mod_findobjname@RModule@rsystem@base@UModSys@@UEAA_KPEBUSUniquePointerInfo@core@4@QEAPEBU564@_K@Z 0000000140003180 f   umodsys_lib_basesys:umodsys.base.rmodule.obj
 0001:00002230       ?is_open@RModule@rsystem@base@UModSys@@UEBA_NXZ 0000000140003230 f   umodsys_lib_basesys:umodsys.base.rmodule.obj
 0001:00002260       ?get_info@RModule@rsystem@base@UModSys@@UEBAAEBUSModuleInfo@34@XZ 0000000140003260 f   umodsys_lib_basesys:umodsys.base.rmodule.obj
 0001:00002270       ?get_library@RModule@rsystem@base@UModSys@@UEBAPEAUIModuleLibrary@34@XZ 0000000140003270 f   umodsys_lib_basesys:umodsys.base.rmodule.obj
 0001:00002280       ??1RModule@rsystem@base@UModSys@@UEAA@XZ 0000000140003280 f   umodsys_lib_basesys:umodsys.base.rmodule.obj
 0001:000022e0       ?unreg_obj@RModule@rsystem@base@UModSys@@QEAA_NPEAUIModObject@34@@Z 00000001400032e0 f   umodsys_lib_basesys:umodsys.base.rmodule.obj
 0001:00002410       ?reg_generator@RModule@rsystem@base@UModSys@@QEAA_NPEAUModuleObjInfo@1234@PEAUIGenerator@34@@Z 0000000140003410 f   umodsys_lib_basesys:umodsys.base.rmodule.obj
 0001:00002650       ?save_db@RModule@rsystem@base@UModSys@@QEAA_NPEAU_iobuf@@@Z 0000000140003650 f   umodsys_lib_basesys:umodsys.base.rmodule.obj
 0001:000028b0       ?alloc_minfo@RModule@rsystem@base@UModSys@@QEAA_NAEBUSModuleInfo@34@@Z 00000001400038b0 f   umodsys_lib_basesys:umodsys.base.rmodule.obj
 0001:00002980       ?reg_obj@RModule@rsystem@base@UModSys@@QEAAPEAUModuleObjInfo@1234@PEAUIModObject@34@@Z 0000000140003980 f   umodsys_lib_basesys:umodsys.base.rmodule.obj
 0001:00002b30       ?mod_generate@RModule@rsystem@base@UModSys@@UEAA_NAEAU?$TRefObject@UIRefObject@core@UModSys@@@tl@4@PEBUSUniquePointerInfo@core@4@AEBUSParameters@84@@Z 0000000140003b30 f   umodsys_lib_basesys:umodsys.base.rmodule.obj
 0001:00002c90       ?reg@RModule@rsystem@base@UModSys@@UEAA_NPEAUIGenerator@34@_N@Z 0000000140003c90 f   umodsys_lib_basesys:umodsys.base.rmodule.obj
 0001:00002d00       ?reg@RModule@rsystem@base@UModSys@@UEAA_NPEAUIModObject@34@_N@Z 0000000140003d00 f   umodsys_lib_basesys:umodsys.base.rmodule.obj
 0001:00002d30       ?close@RModule@rsystem@base@UModSys@@UEAA_NXZ 0000000140003d30 f   umodsys_lib_basesys:umodsys.base.rmodule.obj
 0001:00002da0       ?open@RModule@rsystem@base@UModSys@@UEAA_NXZ 0000000140003da0 f   umodsys_lib_basesys:umodsys.base.rmodule.obj
 0001:00002e20       ??0RModule@rsystem@base@UModSys@@QEAA@PEAURModuleLibrary@123@PEAUIModuleReg@23@@Z 0000000140003e20 f   umodsys_lib_basesys:umodsys.base.rmodule.obj
 0001:00002ec0       ?ref_links@RModuleLibrary@rsystem@base@UModSys@@UEBAHXZ 0000000140003ec0 f   umodsys_lib_basesys:umodsys.base.rmodulelib.obj
 0001:00002ed0       ?ref_remove@RModuleLibrary@rsystem@base@UModSys@@UEBAXXZ 0000000140003ed0 f   umodsys_lib_basesys:umodsys.base.rmodulelib.obj
 0001:00002f00       ?ref_add@RModuleLibrary@rsystem@base@UModSys@@UEBAXXZ 0000000140003f00 f   umodsys_lib_basesys:umodsys.base.rmodulelib.obj
 0001:00002f10       ?lib_unload@RModuleLibrary@rsystem@base@UModSys@@UEAA_NXZ 0000000140003f10 f   umodsys_lib_basesys:umodsys.base.rmodulelib.obj
 0001:00002f30       ?lib_loaded@RModuleLibrary@rsystem@base@UModSys@@UEBA_NXZ 0000000140003f30 f   umodsys_lib_basesys:umodsys.base.rmodulelib.obj
 0001:00002f40       ?get_system@RModuleLibrary@rsystem@base@UModSys@@UEBAPEAUISystem@34@XZ 0000000140003f40 f   umodsys_lib_basesys:umodsys.base.rmodulelib.obj
 0001:00002f50       ?get_privmem@RModuleLibrary@rsystem@base@UModSys@@UEBAPEAUIMemAlloc@core@4@XZ 0000000140003f50 f   umodsys_lib_basesys:umodsys.base.rmodulelib.obj
 0001:00002f60       ?s_find_dup@RModuleLibrary@rsystem@base@UModSys@@SA_KAEBU?$TArray@U?$TRefObject@URModuleLibrary@rsystem@base@UModSys@@@tl@UModSys@@U?$TAllocator@USMemAlloc_Malloc@core@UModSys@@USCountCalcPower2@23@@23@@tl@4@PEAUIModuleLibraryReg@34@@Z 0000000140003f60 f   umodsys_lib_basesys:umodsys.base.rmodulelib.obj
 0001:00002fa0       ?unlink@RModuleLibrary@rsystem@base@UModSys@@QEAA_NXZ 0000000140003fa0 f   umodsys_lib_basesys:umodsys.base.rmodulelib.obj
 0001:00003010       ?lib_generate@RModuleLibrary@rsystem@base@UModSys@@UEAA_NAEAU?$TRefObject@UIRefObject@core@UModSys@@@tl@4@PEBUSUniquePointerInfo@core@4@AEBUSParameters@84@@Z 0000000140004010 f   umodsys_lib_basesys:umodsys.base.rmodulelib.obj
 0001:000030a0       ?lib_findobjname@RModuleLibrary@rsystem@base@UModSys@@UEAA_KPEBUSUniquePointerInfo@core@4@QEAPEBU564@_K@Z 00000001400040a0 f   umodsys_lib_basesys:umodsys.base.rmodulelib.obj
 0001:00003140       ?get_module@RModuleLibrary@rsystem@base@UModSys@@UEBAPEAUIModule@34@_K@Z 0000000140004140 f   umodsys_lib_basesys:umodsys.base.rmodulelib.obj
 0001:00003160       ?get_module_count@RModuleLibrary@rsystem@base@UModSys@@UEBA_KXZ 0000000140004160 f   umodsys_lib_basesys:umodsys.base.rmodulelib.obj
 0001:00003170       ?get_sys_libname@RModuleLibrary@rsystem@base@UModSys@@UEBA?AU?$TString@U?$TSCoreConst@D@su@tl@UModSys@@U?$TComparerBinaryHash@D@234@@tl@4@XZ 0000000140004170 f   umodsys_lib_basesys:umodsys.base.rmodulelib.obj
 0001:00003190       ??0RModuleLibrary@rsystem@base@UModSys@@QEAA@PEAUISystem@23@PEAUPFD_Data@0123@PEAUIModuleLibraryReg@23@@Z 0000000140004190 f   umodsys_lib_basesys:umodsys.base.rmodulelib.obj
 0001:000031f0       ?save_db@RModuleLibrary@rsystem@base@UModSys@@QEAA_NPEAU_iobuf@@@Z 00000001400041f0 f   umodsys_lib_basesys:umodsys.base.rmodulelib.obj
 0001:00003290       ??1RModuleLibrary@rsystem@base@UModSys@@UEAA@XZ 0000000140004290 f   umodsys_lib_basesys:umodsys.base.rmodulelib.obj
 0001:00003320       ?link@RModuleLibrary@rsystem@base@UModSys@@QEAA_NXZ 0000000140004320 f   umodsys_lib_basesys:umodsys.base.rmodulelib.obj
 0001:00003500       ?load0@RModuleLibrary@rsystem@base@UModSys@@QEAA_NXZ 0000000140004500 f   umodsys_lib_basesys:umodsys.base.rmodulelib.obj
 0001:000035a0       ?cleanup@RModuleLibrary@rsystem@base@UModSys@@QEAA_KXZ 00000001400045a0 f   umodsys_lib_basesys:umodsys.base.rmodulelib.obj
 0001:000035f0       ?lib_load@RModuleLibrary@rsystem@base@UModSys@@UEAA_NXZ 00000001400045f0 f   umodsys_lib_basesys:umodsys.base.rmodulelib.obj
 0001:00003630       ?scan@RModuleLibrary@rsystem@base@UModSys@@QEAA_NXZ 0000000140004630 f   umodsys_lib_basesys:umodsys.base.rmodulelib.obj
 0001:000036a0       ?s_add@RModuleLibrary@rsystem@base@UModSys@@SA_NPEAUISystem@34@AEAU?$TArray@U?$TRefObject@URModuleLibrary@rsystem@base@UModSys@@@tl@UModSys@@U?$TAllocator@USMemAlloc_Malloc@core@UModSys@@USCountCalcPower2@23@@23@@tl@4@PEBD@Z 00000001400046a0 f   umodsys_lib_basesys:umodsys.base.rmodulelib.obj
 0001:00003860       ?pfd_init@RModuleLibrary@rsystem@base@UModSys@@SA_NPEAUPFD_Data@1234@@Z 0000000140004860 f   umodsys_lib_basesys:umodsys.base.rmodule.win32.obj
 0001:00003880       ?pfd_init@RModuleLibrary@rsystem@base@UModSys@@SA_NPEAUPFD_Data@1234@0@Z 0000000140004880 f   umodsys_lib_basesys:umodsys.base.rmodule.win32.obj
 0001:000038b0       ?pfd_unload@RModuleLibrary@rsystem@base@UModSys@@SA_NPEAUPFD_Data@1234@@Z 00000001400048b0 f   umodsys_lib_basesys:umodsys.base.rmodule.win32.obj
 0001:00003910       ?pfd_load@RModuleLibrary@rsystem@base@UModSys@@SAPEAUIModuleLibraryReg@34@PEAUPFD_Data@1234@AEBU?$TString@U?$TSCoreConst@D@su@tl@UModSys@@U?$TComparerBinaryHash@D@234@@tl@4@@Z 0000000140004910 f   umodsys_lib_basesys:umodsys.base.rmodule.win32.obj
 0001:00003cf0       ?pfd_scan@RModuleLibrary@rsystem@base@UModSys@@SA_KPEAUISystem@34@AEAU?$TArray@U?$TRefObject@URModuleLibrary@rsystem@base@UModSys@@@tl@UModSys@@U?$TAllocator@USMemAlloc_Malloc@core@UModSys@@USCountCalcPower2@23@@23@@tl@4@AEBU?$TString@U?$TSCoreConst@D@su@tl@UModSys@@U?$TComparerBinaryHash@D@234@@74@@Z 0000000140004cf0 f   umodsys_lib_basesys:umodsys.base.rmodule.win32.obj
 0001:00003d70       ?ref_links@RParameters@rsystem@base@UModSys@@UEBAHXZ 0000000140004d70 f   umodsys_lib_basesys:umodsys.base.rparameters.obj
 0001:00003d80       ?ref_remove@RParameters@rsystem@base@UModSys@@UEBAXXZ 0000000140004d80 f   umodsys_lib_basesys:umodsys.base.rparameters.obj
 0001:00003da0       ?ref_add@RParameters@rsystem@base@UModSys@@UEBAXXZ 0000000140004da0 f   umodsys_lib_basesys:umodsys.base.rparameters.obj
 0001:00003db0       ?estimate_size@RParameters@rsystem@base@UModSys@@IEAAHAEAUElem@1234@HPEBDHH@Z 0000000140004db0 f   umodsys_lib_basesys:umodsys.base.rparameters.obj
 0001:00003e40       ??0RParameters@rsystem@base@UModSys@@QEAA@PEAUISystem@23@@Z 0000000140004e40 f   umodsys_lib_basesys:umodsys.base.rparameters.obj
 0001:00003e70       ?p_init_s@RParameters@rsystem@base@UModSys@@UEAAXPEAUSParametersData@core@4@PEAXH@Z 0000000140004e70 f   umodsys_lib_basesys:umodsys.base.rparameters.obj
 0001:00003ec0       ??1RParameters@rsystem@base@UModSys@@UEAA@XZ 0000000140004ec0 f   umodsys_lib_basesys:umodsys.base.rparameters.obj
 0001:00003ee0       ?next@RParameters@rsystem@base@UModSys@@UEAA_NPEBUSParametersData@core@4@AEAU?$TString@U?$TSCoreConst@D@su@tl@UModSys@@U?$TComparerBinaryHash@D@234@@tl@4@@Z 0000000140004ee0 f   umodsys_lib_basesys:umodsys.base.rparameters.obj
 0001:00004020       ?next@RParameters@rsystem@base@UModSys@@UEAA_NPEBUSParametersData@core@4@AEAPEBD@Z 0000000140005020 f   umodsys_lib_basesys:umodsys.base.rparameters.obj
 0001:00004140       ?p_init@RParameters@rsystem@base@UModSys@@UEAAXPEAUSParametersData@core@4@H@Z 0000000140005140 f   umodsys_lib_basesys:umodsys.base.rparameters.obj
 0001:00004200       ?alloc_elems@RParameters@rsystem@base@UModSys@@IEAAXPEAXH@Z 0000000140005200 f   umodsys_lib_basesys:umodsys.base.rparameters.obj
 0001:00004290       ?free_elems@RParameters@rsystem@base@UModSys@@IEAAXPEAXH@Z 0000000140005290 f   umodsys_lib_basesys:umodsys.base.rparameters.obj
 0001:00004340       ?get_last@RParameters@rsystem@base@UModSys@@IEAAPEAUElem@1234@PEAXHHH@Z 0000000140005340 f   umodsys_lib_basesys:umodsys.base.rparameters.obj
 0001:000043b0       ?find_elem@RParameters@rsystem@base@UModSys@@IEAAPEBUElem@1234@PEBXHHHPEBD@Z 00000001400053b0 f   umodsys_lib_basesys:umodsys.base.rparameters.obj
 0001:00004480       ?get@RParameters@rsystem@base@UModSys@@UEAA_NPEBUSParametersData@core@4@PEBDAEAPEAUIRefObject@64@@Z 0000000140005480 f   umodsys_lib_basesys:umodsys.base.rparameters.obj
 0001:00004520       ?get@RParameters@rsystem@base@UModSys@@UEAA_NPEBUSParametersData@core@4@PEBDAEAN@Z 0000000140005520 f   umodsys_lib_basesys:umodsys.base.rparameters.obj
 0001:000045c0       ?get@RParameters@rsystem@base@UModSys@@UEAA_NPEBUSParametersData@core@4@PEBDAEAH@Z 00000001400055c0 f   umodsys_lib_basesys:umodsys.base.rparameters.obj
 0001:00004660       ?get@RParameters@rsystem@base@UModSys@@UEAA_NPEBUSParametersData@core@4@PEBDAEAPEBD@Z 0000000140005660 f   umodsys_lib_basesys:umodsys.base.rparameters.obj
 0001:00004700       ?p_init_s@RParameters@rsystem@base@UModSys@@UEAAXPEAUSParametersData@core@4@AEBU564@PEAXH@Z 0000000140005700 f   umodsys_lib_basesys:umodsys.base.rparameters.obj
 0001:00004790       ?p_copy@RParameters@rsystem@base@UModSys@@UEAAXPEAUSParametersData@core@4@AEBU564@@Z 0000000140005790 f   umodsys_lib_basesys:umodsys.base.rparameters.obj
 0001:00004910       ?p_init@RParameters@rsystem@base@UModSys@@UEAAXPEAUSParametersData@core@4@AEBU564@@Z 0000000140005910 f   umodsys_lib_basesys:umodsys.base.rparameters.obj
 0001:00004a20       ?p_deinit@RParameters@rsystem@base@UModSys@@UEAAXPEAUSParametersData@core@4@@Z 0000000140005a20 f   umodsys_lib_basesys:umodsys.base.rparameters.obj
 0001:00004aa0       ?add_last@RParameters@rsystem@base@UModSys@@IEAA_NPEAUSParametersData@core@4@PEBDPEBXH@Z 0000000140005aa0 f   umodsys_lib_basesys:umodsys.base.rparameters.obj
 0001:00004d20       ?add@RParameters@rsystem@base@UModSys@@UEAA_NPEAUSParametersData@core@4@PEBDPEAUIRefObject@64@@Z 0000000140005d20 f   umodsys_lib_basesys:umodsys.base.rparameters.obj
 0001:00004d50       ?add@RParameters@rsystem@base@UModSys@@UEAA_NPEAUSParametersData@core@4@PEBDAEBN@Z 0000000140005d50 f   umodsys_lib_basesys:umodsys.base.rparameters.obj
 0001:00004d70       ?add@RParameters@rsystem@base@UModSys@@UEAA_NPEAUSParametersData@core@4@PEBDH@Z 0000000140005d70 f   umodsys_lib_basesys:umodsys.base.rparameters.obj
 0001:00004da0       ?add@RParameters@rsystem@base@UModSys@@UEAA_NPEAUSParametersData@core@4@PEBD1@Z 0000000140005da0 f   umodsys_lib_basesys:umodsys.base.rparameters.obj
 0001:00004dc0       ?get_sca@RSystem@rsystem@base@UModSys@@UEAAPEAUISourceContextAdapter@core@4@XZ 0000000140005dc0 f   umodsys_lib_basesys:umodsys.base.rsystem.obj
 0001:00004de0       ?get_upr@RSystem@rsystem@base@UModSys@@UEAAPEAUIUniquePointerResolver@core@4@XZ 0000000140005de0 f   umodsys_lib_basesys:umodsys.base.rsystem.obj
 0001:00004e00       ?get_modloader@RSystem@rsystem@base@UModSys@@UEAAPEAUIModuleLoader@34@XZ 0000000140005e00 f   umodsys_lib_basesys:umodsys.base.rsystem.obj
 0001:00004e10       ?get_syslib@RSystem@rsystem@base@UModSys@@UEAAPEAUIModuleLibrary@34@XZ 0000000140005e10 f   umodsys_lib_basesys:umodsys.base.rsystem.obj
 0001:00004e20       ?get_sharemem@RSystem@rsystem@base@UModSys@@UEAAPEAUIMemAlloc@core@4@XZ 0000000140005e20 f   umodsys_lib_basesys:umodsys.base.rsystem.obj
 0001:00004e30       ?get_sysmem@RSystem@rsystem@base@UModSys@@UEAAPEAUIMemAlloc@core@4@XZ 0000000140005e30 f   umodsys_lib_basesys:umodsys.base.rsystem.obj
 0001:00004e40       ?get_console@RSystem@rsystem@base@UModSys@@UEAAPEAUIConsole@34@XZ 0000000140005e40 f   umodsys_lib_basesys:umodsys.base.rsystem.obj
 0001:00004e50       ?get_params@RSystem@rsystem@base@UModSys@@UEAAPEAUIParameters@core@4@XZ 0000000140005e50 f   umodsys_lib_basesys:umodsys.base.rsystem.obj
 0001:00004e60       ?upi_remove@RSystem@rsystem@base@UModSys@@UEAAHPEBUSUniquePointerInfo@core@4@@Z 0000000140005e60 f   umodsys_lib_basesys:umodsys.base.rsystem.obj
 0001:00004e70       ?persist_ctx@RSystem@rsystem@base@UModSys@@UEAAPEBUSSourceContext@core@4@PEBU564@@Z 0000000140005e70 f   umodsys_lib_basesys:umodsys.base.rsystem.obj
 0001:00004f70       ?upi_add@RSystem@rsystem@base@UModSys@@UEAAPEBUSUniquePointerInfo@core@4@PEBU564@@Z 0000000140005f70 f   umodsys_lib_basesys:umodsys.base.rsystem.obj
 0001:00005070       ?moduledb_load@RModuleLoader@rsystem@base@UModSys@@UEAA_NAEBU?$TString@U?$TSCoreConst@D@su@tl@UModSys@@U?$TComparerBinaryHash@D@234@@tl@4@@Z 0000000140006070 f   umodsys_lib_basesys:umodsys.base.rmoduleloader.obj
 0001:00005080       ?moduledb_module_get@RModuleLoader@rsystem@base@UModSys@@UEBAPEAUIModule@34@_K@Z 0000000140006080 f   umodsys_lib_basesys:umodsys.base.rmoduleloader.obj
 0001:000050d0       ?moduledb_module_count@RModuleLoader@rsystem@base@UModSys@@UEAA_KXZ 00000001400060d0 f   umodsys_lib_basesys:umodsys.base.rmoduleloader.obj
 0001:00005100       ?moduledb_lib_drop@RModuleLoader@rsystem@base@UModSys@@UEAA_NPEAUIModuleLibrary@34@@Z 0000000140006100 f   umodsys_lib_basesys:umodsys.base.rmoduleloader.obj
 0001:00005110       ?moduledb_lib_get@RModuleLoader@rsystem@base@UModSys@@UEBAPEAUIModuleLibrary@34@_K@Z 0000000140006110 f   umodsys_lib_basesys:umodsys.base.rmoduleloader.obj
 0001:00005130       ?moduledb_lib_count@RModuleLoader@rsystem@base@UModSys@@UEAA_KXZ 0000000140006130 f   umodsys_lib_basesys:umodsys.base.rmoduleloader.obj
 0001:00005140       ?moduledb_generate@RModuleLoader@rsystem@base@UModSys@@UEAA_NAEAU?$TRefObject@UIRefObject@core@UModSys@@@tl@4@PEBUSUniquePointerInfo@core@4@AEBUSParameters@84@@Z 0000000140006140 f   umodsys_lib_basesys:umodsys.base.rmoduleloader.obj
 0001:000051d0       ?moduledb_findobjname@RModuleLoader@rsystem@base@UModSys@@UEAA_KPEBUSUniquePointerInfo@core@4@QEAPEBU564@_K@Z 00000001400061d0 f   umodsys_lib_basesys:umodsys.base.rmoduleloader.obj
 0001:00005270       ??1RModuleLoader@rsystem@base@UModSys@@UEAA@XZ 0000000140006270 f   umodsys_lib_basesys:umodsys.base.rmoduleloader.obj
 0001:000052c0       ??0RModuleLoader@rsystem@base@UModSys@@QEAA@PEAUISystem@23@@Z 00000001400062c0 f   umodsys_lib_basesys:umodsys.base.rmoduleloader.obj
 0001:00005310       ?moduledb_clear@RModuleLoader@rsystem@base@UModSys@@UEAAXXZ 0000000140006310 f   umodsys_lib_basesys:umodsys.base.rmoduleloader.obj
 0001:00005340       ?moduledb_find@RModuleLoader@rsystem@base@UModSys@@UEBAPEAUIModule@34@AEBU?$TString@U?$TSCoreConst@D@su@tl@UModSys@@U?$TComparerBinaryHash@D@234@@tl@4@AEBUSVersion@core@4@@Z 0000000140006340 f   umodsys_lib_basesys:umodsys.base.rmoduleloader.obj
 0001:00005440       ?cleanup@RModuleLoader@rsystem@base@UModSys@@QEAAXXZ 0000000140006440 f   umodsys_lib_basesys:umodsys.base.rmoduleloader.obj
 0001:00005490       ?get_string@RModuleLoader@rsystem@base@UModSys@@QEAAAEBU?$TString@U?$TSCoreConst@D@su@tl@UModSys@@U?$TComparerBinaryHash@D@234@@tl@4@AEBU564@@Z 0000000140006490 f   umodsys_lib_basesys:umodsys.base.rmoduleloader.obj
 0001:000054e0       ?moduledb_get_string@RModuleLoader@rsystem@base@UModSys@@UEAAAEBU?$TString@U?$TSCoreConst@D@su@tl@UModSys@@U?$TComparerBinaryHash@D@234@@tl@4@AEBU564@@Z 00000001400064e0 f   umodsys_lib_basesys:umodsys.base.rmoduleloader.obj
 0001:000054f0       ?moduledb_save@RModuleLoader@rsystem@base@UModSys@@UEAA_NAEBU?$TString@U?$TSCoreConst@D@su@tl@UModSys@@U?$TComparerBinaryHash@D@234@@tl@4@@Z 00000001400064f0 f   umodsys_lib_basesys:umodsys.base.rmoduleloader.obj
 0001:000055a0       ?moduledb_cleanup@RModuleLoader@rsystem@base@UModSys@@UEAA_KXZ 00000001400065a0 f   umodsys_lib_basesys:umodsys.base.rmoduleloader.obj
 0001:00005680       ?moduledb_scan@RModuleLoader@rsystem@base@UModSys@@UEAA_KAEBU?$TString@U?$TSCoreConst@D@su@tl@UModSys@@U?$TComparerBinaryHash@D@234@@tl@4@_N@Z 0000000140006680 f   umodsys_lib_basesys:umodsys.base.rmoduleloader.obj
 0001:00005700       ?set_console@RSystem@rsystem@base@UModSys@@QEAAXPEAUIConsole@34@@Z 0000000140006700 f   umodsys_lib_basesys:umodsys.base.rsystem_main.obj
 0001:00005750       ?err_put@rsystem@base@UModSys@@YAXW4eRSystemDebugLevels@123@PEBDZZ 0000000140006750 f   umodsys_lib_basesys:umodsys.base.rsystem_main.obj
 0001:000057a0       ?dbg_put@rsystem@base@UModSys@@YAXW4eRSystemDebugLevels@123@PEBDZZ 00000001400067a0 f   umodsys_lib_basesys:umodsys.base.rsystem_main.obj
 0001:000057f0       ??1RSystem@rsystem@base@UModSys@@UEAA@XZ 00000001400067f0 f   umodsys_lib_basesys:umodsys.base.rsystem_main.obj
 0001:000058c0       ??0RSystem@rsystem@base@UModSys@@QEAA@XZ 00000001400068c0 f   umodsys_lib_basesys:umodsys.base.rsystem_main.obj
 0001:00005a20       ?find_shells@RSystem@rsystem@base@UModSys@@QEAA_KQEAPEBUSUniquePointerInfo@core@4@_K@Z 0000000140006a20 f   umodsys_lib_basesys:umodsys.base.rsystem_main.obj
 0001:00005a50       ?exec_main@RSystem@rsystem@base@UModSys@@QEAA_NXZ 0000000140006a50 f   umodsys_lib_basesys:umodsys.base.rsystem_main.obj
 0001:00005a70       ?exec_args@RSystem@rsystem@base@UModSys@@QEAA_NHPEAPEAD@Z 0000000140006a70 f   umodsys_lib_basesys:umodsys.base.rsystem_main.obj
 0001:00005aa0       ?init@RSystem@rsystem@base@UModSys@@QEAA_NXZ 0000000140006aa0 f   umodsys_lib_basesys:umodsys.base.rsystem_main.obj
 0001:00005b70       ?deinit@RSystem@rsystem@base@UModSys@@QEAA_NXZ 0000000140006b70 f   umodsys_lib_basesys:umodsys.base.rsystem_main.obj
 0001:00005bb0       ?get_s@RConsole_std@rsystem@base@UModSys@@UEAA_NPEAD_KPEBDZZ 0000000140006bb0 f   umodsys_lib_basesys:umodsys.base.rconsole_std.obj
 0001:00005bc0       ?vget_s@RConsole_std@rsystem@base@UModSys@@UEAA_NPEAD_KPEBD0@Z 0000000140006bc0 f   umodsys_lib_basesys:umodsys.base.rconsole_std.obj
 0001:00005bd0       ?get_c@RConsole_std@rsystem@base@UModSys@@UEAA_NPEAHPEBDZZ 0000000140006bd0 f   umodsys_lib_basesys:umodsys.base.rconsole_std.obj
 0001:00005be0       ?vget_c@RConsole_std@rsystem@base@UModSys@@UEAA_NPEAHPEBDPEAD@Z 0000000140006be0 f   umodsys_lib_basesys:umodsys.base.rconsole_std.obj
 0001:00005bf0       ?put@RConsole_std@rsystem@base@UModSys@@UEAA_NHPEBDZZ 0000000140006bf0 f   umodsys_lib_basesys:umodsys.base.rconsole_std.obj
 0001:00005c60       ?vput@RConsole_std@rsystem@base@UModSys@@UEAA_NHPEBDPEAD@Z 0000000140006c60 f   umodsys_lib_basesys:umodsys.base.rconsole_std.obj
 0001:00005cd0       ?ref_links@RConsole_std@rsystem@base@UModSys@@UEBAHXZ 0000000140006cd0 f   umodsys_lib_basesys:umodsys.base.rconsole_std.obj
 0001:00005ce0       ?ref_remove@RConsole_std@rsystem@base@UModSys@@UEBAXXZ 0000000140006ce0 f   umodsys_lib_basesys:umodsys.base.rconsole_std.obj
 0001:00005cf0       ?ref_add@RConsole_std@rsystem@base@UModSys@@UEBAXXZ 0000000140006cf0 f   umodsys_lib_basesys:umodsys.base.rconsole_std.obj
 0001:00005d00       ??0RConsole_std@rsystem@base@UModSys@@QEAA@XZ 0000000140006d00 f   umodsys_lib_basesys:umodsys.base.rconsole_std.obj
 0001:00005d30       ?reflect@RConsole_std@rsystem@base@UModSys@@QEAA_NPEBD@Z 0000000140006d30 f   umodsys_lib_basesys:umodsys.base.rconsole_std.obj
 0001:00005db0       ??1RConsole_std@rsystem@base@UModSys@@UEAA@XZ 0000000140006db0 f   umodsys_lib_basesys:umodsys.base.rconsole_std.obj
 0001:00005de0       ?c_fopen@syshlp@core@UModSys@@YAPEAU_iobuf@@PEBD0@Z 0000000140006de0 f   umodsys_lib_core:umodsys.core.syshlp_files.win32.obj
 0001:00005ea0       ??1IModuleLibrary@base@UModSys@@UEAA@XZ 0000000140006ea0 f   umodsys_lib_base:umodsys.base.module.obj
 0001:00005ec0       ??1IModule@base@UModSys@@UEAA@XZ 0000000140006ec0 f   umodsys_lib_base:umodsys.base.module.obj
 0001:00005ed0       ??1IConsole@base@UModSys@@UEAA@XZ 0000000140006ed0 f   umodsys_lib_base:umodsys.base.console.obj
 0001:00005ee0       ?exec_test_shells@RSystem@rsystem@base@UModSys@@QEAA_NXZ 0000000140006ee0 f   umodsys_lib_basesys:umodsys.base.rsystem_tests.obj
 0001:000060c0       ?exec_tests@RSystem@rsystem@base@UModSys@@QEAA_NXZ 00000001400070c0 f   umodsys_lib_basesys:umodsys.base.rsystem_tests.obj
 0001:000060e0       main                       00000001400070e0 f   umodsys.c_main.obj
 0001:00006274       memcpy                     0000000140007274 f   MSVCRT:MSVCR90.dll
 0001:00006280       __CxxFrameHandler3         0000000140007280 f   MSVCRT:MSVCR90.dll
 0001:000062a0       _alloca_probe              00000001400072a0     MSVCRT:chkstk.obj
 0001:000062a0       __chkstk                   00000001400072a0 f   MSVCRT:chkstk.obj
 0002:00000000       __imp_GetCurrentProcessId  0000000140008000     kernel32:KERNEL32.dll
 0002:00000008       __imp_GetCurrentThreadId   0000000140008008     kernel32:KERNEL32.dll
 0002:00000010       __imp_GetTickCount         0000000140008010     kernel32:KERNEL32.dll
 0002:00000018       __imp_QueryPerformanceCounter 0000000140008018     kernel32:KERNEL32.dll
 0002:00000020       __imp_SetUnhandledExceptionFilter 0000000140008020     kernel32:KERNEL32.dll
 0002:00000028       __imp_Sleep                0000000140008028     kernel32:KERNEL32.dll
 0002:00000030       __imp_MultiByteToWideChar  0000000140008030     kernel32:KERNEL32.dll
 0002:00000038       __imp_WideCharToMultiByte  0000000140008038     kernel32:KERNEL32.dll
 0002:00000040       __imp_FindNextFileW        0000000140008040     kernel32:KERNEL32.dll
 0002:00000048       __imp_FindClose            0000000140008048     kernel32:KERNEL32.dll
 0002:00000050       __imp_GetProcAddress       0000000140008050     kernel32:KERNEL32.dll
 0002:00000058       __imp_LoadLibraryExW       0000000140008058     kernel32:KERNEL32.dll
 0002:00000060       __imp_FreeLibrary          0000000140008060     kernel32:KERNEL32.dll
 0002:00000068       __imp_SetErrorMode         0000000140008068     kernel32:KERNEL32.dll
 0002:00000070       __imp_FindFirstFileW       0000000140008070     kernel32:KERNEL32.dll
 0002:00000078       __imp_GetFullPathNameW     0000000140008078     kernel32:KERNEL32.dll
 0002:00000080       __imp_GetSystemTimeAsFileTime 0000000140008080     kernel32:KERNEL32.dll
 0002:00000088       \177KERNEL32_NULL_THUNK_DATA 0000000140008088     kernel32:KERNEL32.dll
 0002:00000090       __imp__encode_pointer      0000000140008090     MSVCRT:MSVCR90.dll
 0002:00000098       __imp__lock                0000000140008098     MSVCRT:MSVCR90.dll
 0002:000000a0       __imp__onexit              00000001400080a0     MSVCRT:MSVCR90.dll
 0002:000000a8       __imp__decode_pointer      00000001400080a8     MSVCRT:MSVCR90.dll
 0002:000000b0       __imp__amsg_exit           00000001400080b0     MSVCRT:MSVCR90.dll
 0002:000000b8       __imp___getmainargs        00000001400080b8     MSVCRT:MSVCR90.dll
 0002:000000c0       __imp__XcptFilter          00000001400080c0     MSVCRT:MSVCR90.dll
 0002:000000c8       __imp__exit                00000001400080c8     MSVCRT:MSVCR90.dll
 0002:000000d0       __imp__cexit               00000001400080d0     MSVCRT:MSVCR90.dll
 0002:000000d8       __imp_exit                 00000001400080d8     MSVCRT:MSVCR90.dll
 0002:000000e0       __imp___dllonexit          00000001400080e0     MSVCRT:MSVCR90.dll
 0002:000000e8       __imp__initterm            00000001400080e8     MSVCRT:MSVCR90.dll
 0002:000000f0       __imp__initterm_e          00000001400080f0     MSVCRT:MSVCR90.dll
 0002:000000f8       __imp__configthreadlocale  00000001400080f8     MSVCRT:MSVCR90.dll
 0002:00000100       __imp___setusermatherr     0000000140008100     MSVCRT:MSVCR90.dll
 0002:00000108       __imp__commode             0000000140008108     MSVCRT:MSVCR90.dll
 0002:00000110       __imp__fmode               0000000140008110     MSVCRT:MSVCR90.dll
 0002:00000118       __imp___set_app_type       0000000140008118     MSVCRT:MSVCR90.dll
 0002:00000120       __imp_?terminate@@YAXXZ    0000000140008120     MSVCRT:MSVCR90.dll
 0002:00000128       __imp_?_type_info_dtor_internal_method@type_info@@QEAAXXZ 0000000140008128     MSVCRT:MSVCR90.dll
 0002:00000130       __imp__unlock              0000000140008130     MSVCRT:MSVCR90.dll
 0002:00000138       __imp___C_specific_handler 0000000140008138     MSVCRT:MSVCR90.dll
 0002:00000140       __imp__wfopen              0000000140008140     MSVCRT:MSVCR90.dll
 0002:00000148       __imp_realloc              0000000140008148     MSVCRT:MSVCR90.dll
 0002:00000150       __imp_fprintf              0000000140008150     MSVCRT:MSVCR90.dll
 0002:00000158       __imp_strncpy              0000000140008158     MSVCRT:MSVCR90.dll
 0002:00000160       __imp_malloc               0000000140008160     MSVCRT:MSVCR90.dll
 0002:00000168       __imp_strncmp              0000000140008168     MSVCRT:MSVCR90.dll
 0002:00000170       __imp_memmove              0000000140008170     MSVCRT:MSVCR90.dll
 0002:00000178       __imp_??2@YAPEAX_K@Z       0000000140008178     MSVCRT:MSVCR90.dll
 0002:00000180       __imp_free                 0000000140008180     MSVCRT:MSVCR90.dll
 0002:00000188       __imp_fclose               0000000140008188     MSVCRT:MSVCR90.dll
 0002:00000190       __imp_vfprintf             0000000140008190     MSVCRT:MSVCR90.dll
 0002:00000198       __imp_??3@YAXPEAX@Z        0000000140008198     MSVCRT:MSVCR90.dll
 0002:000001a0       __imp__purecall            00000001400081a0     MSVCRT:MSVCR90.dll
 0002:000001a8       __imp___initenv            00000001400081a8     MSVCRT:MSVCR90.dll
 0002:000001b0       __imp___iob_func           00000001400081b0     MSVCRT:MSVCR90.dll
 0002:000001b8       __imp_memcpy               00000001400081b8     MSVCRT:MSVCR90.dll
 0002:000001c0       __imp___CxxFrameHandler3   00000001400081c0     MSVCRT:MSVCR90.dll
 0002:000001c8       \177MSVCR90_NULL_THUNK_DATA 00000001400081c8     MSVCRT:MSVCR90.dll
 0002:000001d0       __xc_a                     00000001400081d0     MSVCRT:cinitexe.obj
 0002:00000280       __xc_z                     0000000140008280     MSVCRT:cinitexe.obj
 0002:00000288       __xi_a                     0000000140008288     MSVCRT:cinitexe.obj
 0002:000002a0       __xi_z                     00000001400082a0     MSVCRT:cinitexe.obj
 0002:000002b8       ??_7type_info@@6B@         00000001400082b8     MSVCRT:ti_inst.obj
 0002:000002c0       ??_C@_0P@GHFPNOJB@bad?5allocation?$AA@ 00000001400082c0     umodsys.c_main.obj
 0002:000002d0       ??_C@_0BF@OCNNAADO@UModSys?3?3core?3?3IRoot?$AA@ 00000001400082d0     umodsys.c_main.obj
 0002:000002e8       ??_C@_0BK@EMIJFOPA@UModSys?3?3core?3?3IRefObject?$AA@ 00000001400082e8     umodsys.c_main.obj
 0002:00000308       ??_C@_0BL@IOMMHELF@UModSys?3?3core?3?3IParameters?$AA@ 0000000140008308     umodsys.c_main.obj
 0002:00000328       ??_C@_0BI@IKAOEFAP@UModSys?3?3base?3?3IConsole?$AA@ 0000000140008328     umodsys.c_main.obj
 0002:00000340       ??_C@_0BH@LKDEEPPM@UModSys?3?3base?3?3IModule?$AA@ 0000000140008340     umodsys.c_main.obj
 0002:00000358       ??_C@_0BO@PHJOHFCB@UModSys?3?3base?3?3IModuleLibrary?$AA@ 0000000140008358     umodsys.c_main.obj
 0002:00000378       ??_C@_0O@OKKJDILE@base?3?3ISystem?$AA@ 0000000140008378     umodsys.c_main.obj
 0002:00000388       ??_C@_0BK@FDPIOPHG@UModSys?3?3base?3?3IModObject?$AA@ 0000000140008388     umodsys.c_main.obj
 0002:000003a8       ??_C@_0BK@OIBKNCKJ@UModSys?3?3base?3?3IGenerator?$AA@ 00000001400083a8     umodsys.c_main.obj
 0002:000003c8       ??_C@_0BG@PJBGCMEC@UModSys?3?3base?3?3IShell?$AA@ 00000001400083c8     umodsys.c_main.obj
 0002:000003e0       ??_C@_0CA@MDFMKLLN@UModSys?3?3base?3?3rsystem?3?3RModule?$AA@ 00000001400083e0     umodsys.c_main.obj
 0002:00000400       ??_C@_0CH@CHECIBOC@UModSys?3?3base?3?3rsystem?3?3RModuleL@ 0000000140008400     umodsys.c_main.obj
 0002:00000428       ??_C@_0CE@IHGMMEEA@UModSys?3?3base?3?3rsystem?3?3RParamet@ 0000000140008428     umodsys.c_main.obj
 0002:00000450       ??_C@_0CA@IMEGDANI@UModSys?3?3base?3?3rsystem?3?3RSystem?$AA@ 0000000140008450     umodsys.c_main.obj
 0002:00000470       ??_C@_0CF@KIMLNODL@UModSys?3?3base?3?3rsystem?3?3RConsole@ 0000000140008470     umodsys.c_main.obj
 0002:00000498       ??_C@_0M@DCEPEPFJ@umodsys?4log?$AA@ 0000000140008498     umodsys.c_main.obj
 0002:000004a4       ??_C@_00CNPNBAHC@?$AA@     00000001400084a4     umodsys.c_main.obj
 0002:000004a8       ??_C@_01NBENCBCI@?$CK?$AA@ 00000001400084a8     umodsys.c_main.obj
 0002:000004b0       ??_C@_0BC@JABDEAFI@moduledb?4conf?9hdb?$AA@ 00000001400084b0     umodsys.c_main.obj
 0002:000004c8       ??_C@_08FCBDOIAH@typeinfo?$AA@ 00000001400084c8     umodsys.c_main.obj
 0002:000004d4       ??_C@_02BKFDOEMK@wt?$AA@   00000001400084d4     umodsys_lib_basesys:umodsys.base.rconsole_std.obj
 0002:000004e0       ??_7IRoot@core@UModSys@@6B@ 00000001400084e0     umodsys_lib_basesys:umodsys.base.rconsole_std.obj
 0002:00000518       ??_7IRefObject@core@UModSys@@6B@ 0000000140008518     umodsys_lib_basesys:umodsys.base.rconsole_std.obj
 0002:00000568       ??_7IConsole@base@UModSys@@6B@ 0000000140008568     umodsys_lib_basesys:umodsys.base.rconsole_std.obj
 0002:000005e8       ??_7RConsole_std@rsystem@base@UModSys@@6B@ 00000001400085e8     umodsys_lib_basesys:umodsys.base.rconsole_std.obj
 0002:00000660       ??_C@_0BB@KFMJENMO@RSystem?3?3init?$CI?$CJ?6?$AA@ 0000000140008660     umodsys_lib_basesys:umodsys.base.rsystem_main.obj
 0002:00000678       ??_C@_0CJ@KIAHLKGB@RSystem?3?3init?$CI?$CJ?5?9?9?5dump?5upi?5?$HLS?3?$CF@ 0000000140008678     umodsys_lib_basesys:umodsys.base.rsystem_main.obj
 0002:000006a8       ??_C@_09GLKDMIIA@upi?5NULL?6?$AA@ 00000001400086a8     umodsys_lib_basesys:umodsys.base.rsystem_main.obj
 0002:000006b8       ??_C@_0BD@BNEJEANG@upi?$HL?$CFs?5?$CFs?$CI?$CFd?$CJ?5?$CFp?$HN?6?$AA@ 00000001400086b8     umodsys_lib_basesys:umodsys.base.rsystem_main.obj
 0002:000006d0       ??_C@_0BO@JFPNIIPK@RSystem?3?3init?$CI?$CJ?5?9?9?5?1dump?5upi?6?$AA@ 00000001400086d0     umodsys_lib_basesys:umodsys.base.rsystem_main.obj
 0002:000006f0       ??_C@_0BI@FKDCNCM@RSystem?3?3exec_args?$CI?$CFd?$CJ?6?$AA@ 00000001400086f0     umodsys_lib_basesys:umodsys.base.rsystem_main.obj
 0002:00000708       ??_C@_0BG@NFAKDFBG@RSystem?3?3exec_main?$CI?$CJ?6?$AA@ 0000000140008708     umodsys_lib_basesys:umodsys.base.rsystem_main.obj
 0002:00000720       ??_C@_0BD@CKNOJECK@RSystem?3?3deinit?$CI?$CJ?6?$AA@ 0000000140008720     umodsys_lib_basesys:umodsys.base.rsystem_main.obj
 0002:00000748       ??_7ISystem@base@UModSys@@6B@ 0000000140008748     umodsys_lib_basesys:umodsys.base.rsystem_main.obj
 0002:000007c8       ??_7RSystem@rsystem@base@UModSys@@6BISystem@23@@ 00000001400087c8     umodsys_lib_basesys:umodsys.base.rsystem_main.obj
 0002:00000840       ??_7RSystem@rsystem@base@UModSys@@6BIUniquePointerResolver@core@3@@ 0000000140008840     umodsys_lib_basesys:umodsys.base.rsystem_main.obj
 0002:00000858       ??_7RSystem@rsystem@base@UModSys@@6BISourceContextAdapter@core@3@@ 0000000140008858     umodsys_lib_basesys:umodsys.base.rsystem_main.obj
 0002:00000860       ??_C@_0BC@NNHIIPO@shells?5found?3?5?$CFd?6?$AA@ 0000000140008860     umodsys_lib_basesys:umodsys.base.rsystem_tests.obj
 0002:00000878       ??_C@_0BA@EBBPOIJG@?5?5shell?3?5?$CFp?5?$CFs?6?$AA@ 0000000140008878     umodsys_lib_basesys:umodsys.base.rsystem_tests.obj
 0002:00000888       ??_C@_0BF@JPMHOAKE@?5?5?5?5shell?5gen?5error?6?$AA@ 0000000140008888     umodsys_lib_basesys:umodsys.base.rsystem_tests.obj
 0002:000008a0       ??_C@_0BL@NANLGMEE@?5?5?5?5shell?5generated?5as?5?$CFp?6?$AA@ 00000001400088a0     umodsys_lib_basesys:umodsys.base.rsystem_tests.obj
 0002:000008c0       ??_C@_0BD@NFNPGOAG@?1shells?5found?3?5?$CFd?6?$AA@ 00000001400088c0     umodsys_lib_basesys:umodsys.base.rsystem_tests.obj
 0002:000008d8       ??_C@_0DG@DMGFJEPO@RModuleLoader?3?3moduledb_cleanup?$CI@ 00000001400088d8     umodsys_lib_basesys:umodsys.base.rmoduleloader.obj
 0002:00000910       ??_C@_02GMLFBBN@wb?$AA@    0000000140008910     umodsys_lib_basesys:umodsys.base.rmoduleloader.obj
 0002:00000918       ??_C@_0BN@BDEAMLC@?$CD?5LIST?5OF?5LIBRARY?5MODULES?3?6?6?$AA@ 0000000140008918     umodsys_lib_basesys:umodsys.base.rmoduleloader.obj
 0002:00000938       ??_C@_0BF@PLOHEFDA@?5?$HL?5mod_list?$DN?$CFd?3?$FL?$FN?5?$HN?6?$AA@ 0000000140008938     umodsys_lib_basesys:umodsys.base.rmoduleloader.obj
 0002:00000958       ??_7IModuleLoader@base@UModSys@@6B@ 0000000140008958     umodsys_lib_basesys:umodsys.base.rmoduleloader.obj
 0002:000009d8       ??_7RModuleLoader@rsystem@base@UModSys@@6B@ 00000001400089d8     umodsys_lib_basesys:umodsys.base.rmoduleloader.obj
 0002:00000a58       ??_7RParameters@rsystem@base@UModSys@@6B@ 0000000140008a58     umodsys_lib_basesys:umodsys.base.rparameters.obj
 0002:00000b28       ??_C@_0BG@LJFEMLCK@UModSys_Plugin_Entry2?$AA@ 0000000140008b28     umodsys_lib_basesys:umodsys.base.rmodule.win32.obj
 0002:00000b40       ??_C@_0CI@IABKIJLA@?5?5?5?5?5?5?5?5?5?5load?5so?$CI?$CC?$CFs?$CC?$CJ?5?$HL?$CFp?0?5?$CFp?$HN@ 0000000140008b40     umodsys_lib_basesys:umodsys.base.rmodule.win32.obj
 0002:00000b68       ??_C@_0BP@EBMDLOGD@?5?5?5?5?5?5?5?5?5?5unload?5so?$CI?$HL?$CFp?0?5?$CFp?$HN?$CJ?6?$AA@ 0000000140008b68     umodsys_lib_basesys:umodsys.base.rmodule.win32.obj
 0002:00000b88       ??_C@_0BB@GJHPNFEC@scan?5so?3?5?$CC?$CFs?$CFs?$CC?6?$AA@ 0000000140008b88     umodsys_lib_basesys:umodsys.base.rmodule.win32.obj
 0002:00000ba0       ??_C@_0N@LFKMDJGP@?5?5so?3?5?$CC?$CFls?$CC?6?$AA@ 0000000140008ba0     umodsys_lib_basesys:umodsys.base.rmodule.win32.obj
 0002:00000bb0       ??_C@_0BC@GMLCPHOK@?1scan?5so?3?5?$CC?$CFs?$CFs?$CC?6?$AA@ 0000000140008bb0     umodsys_lib_basesys:umodsys.base.rmodule.win32.obj
 0002:00000bc4       ??_C@_04HLONOPDM@?4dll?$AA@ 0000000140008bc4     umodsys_lib_basesys:umodsys.base.rmodule.win32.obj
 0002:00000bd0       ??_C@_0CK@FNJGHFOD@RModuleLibrary?$CI?$CFp?$CJ?3?3link?$CI?$CJ?5?9?9?5ad@ 0000000140008bd0     umodsys_lib_basesys:umodsys.base.rmodulelib.obj
 0002:00000c00       ??_C@_0BA@LBGMEMKJ@LIBRARY?5?$CC?$CFs?$CC?5?$HL?6?$AA@ 0000000140008c00     umodsys_lib_basesys:umodsys.base.rmodulelib.obj
 0002:00000c10       ??_C@_0BH@CLNAAMEM@?$HN?5?$CD?5END?5LIBRARY?5?$CC?$CFs?$CC?6?6?$AA@ 0000000140008c10     umodsys_lib_basesys:umodsys.base.rmodulelib.obj
 0002:00000c28       ??_C@_0M@KEHKBKEH@?5?5so?3?5?$CC?$CFs?$CC?6?$AA@ 0000000140008c28     umodsys_lib_basesys:umodsys.base.rmodulelib.obj
 0002:00000c38       ??_C@_0BF@IKAEAMGP@?5?5?5?5so?5loaded?3?5?$CC?$CFs?$CC?6?$AA@ 0000000140008c38     umodsys_lib_basesys:umodsys.base.rmodulelib.obj
 0002:00000c50       ??_C@_0O@MCPOKEFF@?5?5?5?5so?5added?6?$AA@ 0000000140008c50     umodsys_lib_basesys:umodsys.base.rmodulelib.obj
 0002:00000c60       ??_C@_0BE@BFONLBBI@?5?5?5?5so?5dup?5with?5?$CFd?6?$AA@ 0000000140008c60     umodsys_lib_basesys:umodsys.base.rmodulelib.obj
 0002:00000c88       ??_7IModuleLibrary@base@UModSys@@6B@ 0000000140008c88     umodsys_lib_basesys:umodsys.base.rmodulelib.obj
 0002:00000d28       ??_7RModuleLibrary@rsystem@base@UModSys@@6B@ 0000000140008d28     umodsys_lib_basesys:umodsys.base.rmodulelib.obj
 0002:00000dc8       ??_C@_0BF@KDHHIHAN@RModule?$CI?$CFp?$CJ?3?3open?$CI?$CJ?6?$AA@ 0000000140008dc8     umodsys_lib_basesys:umodsys.base.rmodule.obj
 0002:00000de0       ??_C@_0BG@HADBHJOP@RModule?$CI?$CFp?$CJ?3?3close?$CI?$CJ?6?$AA@ 0000000140008de0     umodsys_lib_basesys:umodsys.base.rmodule.obj
 0002:00000df8       ??_C@_0BK@FNONNOFM@RModule?$CI?$CFp?$CJ?3?3?5pre?9loaded?6?$AA@ 0000000140008df8     umodsys_lib_basesys:umodsys.base.rmodule.obj
 0002:00000e18       ??_C@_0CE@HBBEEAED@RModule?$CI?$CFp?$CJ?3?3generate?$CI?$CJ?5?$HL?5gen?$DN?$CFp@ 0000000140008e18     umodsys_lib_basesys:umodsys.base.rmodule.obj
 0002:00000e40       ??_C@_0DL@FHDKGKAD@RModule?$CI?$CFp?$CJ?3?3reg_generator?$CI?$CFs?5?$CFp@ 0000000140008e40     umodsys_lib_basesys:umodsys.base.rmodule.obj
 0002:00000e80       ??_C@_0DL@ECFHLNEB@RModule?$CI?$CFp?$CJ?3?3reg_generator?$CI?$CFs?5?$CFp@ 0000000140008e80     umodsys_lib_basesys:umodsys.base.rmodule.obj
 0002:00000ec0       ??_C@_0DI@EBNLDEPD@RModule?$CI?$CFp?$CJ?3?3reg_obj?$CI?$CFs?5?$CFp?$CJ?5?9?9?5?$HL@ 0000000140008ec0     umodsys_lib_basesys:umodsys.base.rmodule.obj
 0002:00000f00       ??_C@_0GC@IAELDHPB@RModule?$CI?$CFp?$CJ?3?3reg_obj?$CI?$CFs?5?$CFp?$CJ?5?9?9?5i@ 0000000140008f00     umodsys_lib_basesys:umodsys.base.rmodule.obj
 0002:00000f68       ??_C@_0CM@JCLMIGEB@RModule?$CI?$CFp?$CJ?3?3reg_obj?$CI?$CFs?5?$CFp?$CJ?5?9?9?5a@ 0000000140008f68     umodsys_lib_basesys:umodsys.base.rmodule.obj
 0002:00000f98       ??_C@_0DK@NJCECDIC@RModule?$CI?$CFp?$CJ?3?3unreg_obj?$CI?$CFs?5?$CFp?$CJ?5?9?9@ 0000000140008f98     umodsys_lib_basesys:umodsys.base.rmodule.obj
 0002:00000fe0       ??_C@_0GE@MGLAJHFG@RModule?$CI?$CFp?$CJ?3?3unreg_obj?$CI?$CFs?5?$CFp?$CJ?5?9?9@ 0000000140008fe0     umodsys_lib_basesys:umodsys.base.rmodule.obj
 0002:00001048       ??_C@_0CO@DAMPCAGA@RModule?3?3alloc_minfo?$CI?$HL?$CC?$CFs?$CC?0?5?$CC?$CFs?$CC@ 0000000140009048     umodsys_lib_basesys:umodsys.base.rmodule.obj
 0002:00001078       ??_C@_0BG@HANHHGHE@?5?5MODULE?5?$CFs?$CI?$CFd?0?$CFd?$CJ?5?$HL?6?$AA@ 0000000140009078     umodsys_lib_basesys:umodsys.base.rmodule.obj
 0002:00001090       ??_C@_0CI@FMDENPAM@RModule?$CI?$CFp?$CJ?3?3save_db?$CI?4?4?4?$CJ?5?9?9?5?$HL?5?$CF@ 0000000140009090     umodsys_lib_basesys:umodsys.base.rmodule.obj
 0002:000010b8       ??_C@_0BN@CFNKPKCH@?5?5?5?5MODOBJECT?5?$CFs?$CI?$CFd?$CJ?5?$CFs?$CI?$CFd?$CJ?6?$AA@ 00000001400090b8     umodsys_lib_basesys:umodsys.base.rmodule.obj
 0002:000010d8       ??_C@_0BP@BJFGMFNK@?5?5?5?5GENERATOR?5?$CFs?$CI?$CFd?$CJ?5?$CFs?$CI?$CFd?$CJ?5?$HL?6?$AA@ 00000001400090d8     umodsys_lib_basesys:umodsys.base.rmodule.obj
 0002:000010f8       ??_C@_0BK@DNNMLLHP@?5?5?5?5?5?5REFOBJECT?5?$CFs?$CI?$CFd?$CJ?5?$HL?6?$AA@ 00000001400090f8     umodsys_lib_basesys:umodsys.base.rmodule.obj
 0002:00001118       ??_C@_0BF@CJPCFEEB@?5?5?5?5?5?5?5?5TYPE?5?$CFs?$CI?$CFd?$CJ?6?$AA@ 0000000140009118     umodsys_lib_basesys:umodsys.base.rmodule.obj
 0002:00001130       ??_C@_0BM@PFPEFHDC@?5?5?5?5?5?5?$HN?5?$CD?5REFOBJECT?5?$CFs?$CI?$CFd?$CJ?6?$AA@ 0000000140009130     umodsys_lib_basesys:umodsys.base.rmodule.obj
 0002:00001150       ??_C@_0CB@PCDHJLII@?5?5?5?5?$HN?5?$CD?5GENERATOR?5?$CFs?$CI?$CFd?$CJ?5?$CFs?$CI?$CFd?$CJ?6@ 0000000140009150     umodsys_lib_basesys:umodsys.base.rmodule.obj
 0002:00001178       ??_C@_0BI@OGBPJMLO@?5?5?$HN?5?$CD?5MODULE?5?$CFs?$CI?$CFd?0?$CFd?$CJ?6?$AA@ 0000000140009178     umodsys_lib_basesys:umodsys.base.rmodule.obj
 0002:00001198       ??_7IModule@base@UModSys@@6B@ 0000000140009198     umodsys_lib_basesys:umodsys.base.rmodule.obj
 0002:00001238       ??_7RModule@rsystem@base@UModSys@@6B@ 0000000140009238     umodsys_lib_basesys:umodsys.base.rmodule.obj
 0002:00001460       ??_R4type_info@@6B@        0000000140009460     MSVCRT:ti_inst.obj
 0002:00001488       ??_R3type_info@@8          0000000140009488     MSVCRT:ti_inst.obj
 0002:000014a0       ??_R2type_info@@8          00000001400094a0     MSVCRT:ti_inst.obj
 0002:000014b0       ??_R1A@?0A@EA@type_info@@8 00000001400094b0     MSVCRT:ti_inst.obj
 0002:000014d8       ??_R4RConsole_std@rsystem@base@UModSys@@6B@ 00000001400094d8     umodsys_lib_basesys:umodsys.base.rconsole_std.obj
 0002:00001500       ??_R3RConsole_std@rsystem@base@UModSys@@8 0000000140009500     umodsys_lib_basesys:umodsys.base.rconsole_std.obj
 0002:00001518       ??_R2RConsole_std@rsystem@base@UModSys@@8 0000000140009518     umodsys_lib_basesys:umodsys.base.rconsole_std.obj
 0002:00001540       ??_R1A@?0A@EA@RConsole_std@rsystem@base@UModSys@@8 0000000140009540     umodsys_lib_basesys:umodsys.base.rconsole_std.obj
 0002:00001568       ??_R4IConsole@base@UModSys@@6B@ 0000000140009568     umodsys_lib_basesys:umodsys.base.rconsole_std.obj
 0002:00001590       ??_R3IConsole@base@UModSys@@8 0000000140009590     umodsys_lib_basesys:umodsys.base.rconsole_std.obj
 0002:000015a8       ??_R2IConsole@base@UModSys@@8 00000001400095a8     umodsys_lib_basesys:umodsys.base.rconsole_std.obj
 0002:000015c8       ??_R1A@?0A@EA@IConsole@base@UModSys@@8 00000001400095c8     umodsys_lib_basesys:umodsys.base.rconsole_std.obj
 0002:000015f0       ??_R4IRefObject@core@UModSys@@6B@ 00000001400095f0     umodsys_lib_basesys:umodsys.base.rconsole_std.obj
 0002:00001618       ??_R3IRefObject@core@UModSys@@8 0000000140009618     umodsys_lib_basesys:umodsys.base.rconsole_std.obj
 0002:00001630       ??_R2IRefObject@core@UModSys@@8 0000000140009630     umodsys_lib_basesys:umodsys.base.rconsole_std.obj
 0002:00001648       ??_R1A@?0A@EA@IRefObject@core@UModSys@@8 0000000140009648     umodsys_lib_basesys:umodsys.base.rconsole_std.obj
 0002:00001670       ??_R4IRoot@core@UModSys@@6B@ 0000000140009670     umodsys_lib_basesys:umodsys.base.rconsole_std.obj
 0002:00001698       ??_R3IRoot@core@UModSys@@8 0000000140009698     umodsys_lib_basesys:umodsys.base.rconsole_std.obj
 0002:000016b0       ??_R2IRoot@core@UModSys@@8 00000001400096b0     umodsys_lib_basesys:umodsys.base.rconsole_std.obj
 0002:000016c0       ??_R1A@?0A@EA@IRoot@core@UModSys@@8 00000001400096c0     umodsys_lib_basesys:umodsys.base.rconsole_std.obj
 0002:000016e8       ??_R4RSystem@rsystem@base@UModSys@@6BISourceContextAdapter@core@3@@ 00000001400096e8     umodsys_lib_basesys:umodsys.base.rsystem_main.obj
 0002:00001710       ??_R4RSystem@rsystem@base@UModSys@@6BIUniquePointerResolver@core@3@@ 0000000140009710     umodsys_lib_basesys:umodsys.base.rsystem_main.obj
 0002:00001738       ??_R4RSystem@rsystem@base@UModSys@@6BISystem@23@@ 0000000140009738     umodsys_lib_basesys:umodsys.base.rsystem_main.obj
 0002:00001760       ??_R3RSystem@rsystem@base@UModSys@@8 0000000140009760     umodsys_lib_basesys:umodsys.base.rsystem_main.obj
 0002:00001778       ??_R2RSystem@rsystem@base@UModSys@@8 0000000140009778     umodsys_lib_basesys:umodsys.base.rsystem_main.obj
 0002:000017a8       ??_R1BA@?0A@EA@ISourceContextAdapter@core@UModSys@@8 00000001400097a8     umodsys_lib_basesys:umodsys.base.rsystem_main.obj
 0002:000017d0       ??_R17?0A@EA@IUniquePointerResolver@core@UModSys@@8 00000001400097d0     umodsys_lib_basesys:umodsys.base.rsystem_main.obj
 0002:000017f8       ??_R1A@?0A@EA@RSystem@rsystem@base@UModSys@@8 00000001400097f8     umodsys_lib_basesys:umodsys.base.rsystem_main.obj
 0002:00001820       ??_R3IUniquePointerResolver@core@UModSys@@8 0000000140009820     umodsys_lib_basesys:umodsys.base.rsystem_main.obj
 0002:00001838       ??_R2IUniquePointerResolver@core@UModSys@@8 0000000140009838     umodsys_lib_basesys:umodsys.base.rsystem_main.obj
 0002:00001848       ??_R1A@?0A@EA@IUniquePointerResolver@core@UModSys@@8 0000000140009848     umodsys_lib_basesys:umodsys.base.rsystem_main.obj
 0002:00001870       ??_R3ISourceContextAdapter@core@UModSys@@8 0000000140009870     umodsys_lib_basesys:umodsys.base.rsystem_main.obj
 0002:00001888       ??_R2ISourceContextAdapter@core@UModSys@@8 0000000140009888     umodsys_lib_basesys:umodsys.base.rsystem_main.obj
 0002:00001898       ??_R1A@?0A@EA@ISourceContextAdapter@core@UModSys@@8 0000000140009898     umodsys_lib_basesys:umodsys.base.rsystem_main.obj
 0002:000018c0       ??_R4ISystem@base@UModSys@@6B@ 00000001400098c0     umodsys_lib_basesys:umodsys.base.rsystem_main.obj
 0002:000018e8       ??_R3ISystem@base@UModSys@@8 00000001400098e8     umodsys_lib_basesys:umodsys.base.rsystem_main.obj
 0002:00001900       ??_R2ISystem@base@UModSys@@8 0000000140009900     umodsys_lib_basesys:umodsys.base.rsystem_main.obj
 0002:00001918       ??_R1A@?0A@EA@ISystem@base@UModSys@@8 0000000140009918     umodsys_lib_basesys:umodsys.base.rsystem_main.obj
 0002:00001940       ??_R4RModuleLoader@rsystem@base@UModSys@@6B@ 0000000140009940     umodsys_lib_basesys:umodsys.base.rmoduleloader.obj
 0002:00001968       ??_R3RModuleLoader@rsystem@base@UModSys@@8 0000000140009968     umodsys_lib_basesys:umodsys.base.rmoduleloader.obj
 0002:00001980       ??_R2RModuleLoader@rsystem@base@UModSys@@8 0000000140009980     umodsys_lib_basesys:umodsys.base.rmoduleloader.obj
 0002:00001998       ??_R1A@?0A@EA@RModuleLoader@rsystem@base@UModSys@@8 0000000140009998     umodsys_lib_basesys:umodsys.base.rmoduleloader.obj
 0002:000019c0       ??_R4IModuleLoader@base@UModSys@@6B@ 00000001400099c0     umodsys_lib_basesys:umodsys.base.rmoduleloader.obj
 0002:000019e8       ??_R3IModuleLoader@base@UModSys@@8 00000001400099e8     umodsys_lib_basesys:umodsys.base.rmoduleloader.obj
 0002:00001a00       ??_R2IModuleLoader@base@UModSys@@8 0000000140009a00     umodsys_lib_basesys:umodsys.base.rmoduleloader.obj
 0002:00001a10       ??_R1A@?0A@EA@IModuleLoader@base@UModSys@@8 0000000140009a10     umodsys_lib_basesys:umodsys.base.rmoduleloader.obj
 0002:00001a38       ??_R4RParameters@rsystem@base@UModSys@@6B@ 0000000140009a38     umodsys_lib_basesys:umodsys.base.rparameters.obj
 0002:00001a60       ??_R3RParameters@rsystem@base@UModSys@@8 0000000140009a60     umodsys_lib_basesys:umodsys.base.rparameters.obj
 0002:00001a78       ??_R2RParameters@rsystem@base@UModSys@@8 0000000140009a78     umodsys_lib_basesys:umodsys.base.rparameters.obj
 0002:00001aa0       ??_R1A@?0A@EA@RParameters@rsystem@base@UModSys@@8 0000000140009aa0     umodsys_lib_basesys:umodsys.base.rparameters.obj
 0002:00001ac8       ??_R3IParameters@core@UModSys@@8 0000000140009ac8     umodsys_lib_basesys:umodsys.base.rparameters.obj
 0002:00001ae0       ??_R2IParameters@core@UModSys@@8 0000000140009ae0     umodsys_lib_basesys:umodsys.base.rparameters.obj
 0002:00001b00       ??_R1A@?0A@EA@IParameters@core@UModSys@@8 0000000140009b00     umodsys_lib_basesys:umodsys.base.rparameters.obj
 0002:00001b28       ??_R4RModuleLibrary@rsystem@base@UModSys@@6B@ 0000000140009b28     umodsys_lib_basesys:umodsys.base.rmodulelib.obj
 0002:00001b50       ??_R3RModuleLibrary@rsystem@base@UModSys@@8 0000000140009b50     umodsys_lib_basesys:umodsys.base.rmodulelib.obj
 0002:00001b68       ??_R2RModuleLibrary@rsystem@base@UModSys@@8 0000000140009b68     umodsys_lib_basesys:umodsys.base.rmodulelib.obj
 0002:00001b90       ??_R1A@?0A@EA@RModuleLibrary@rsystem@base@UModSys@@8 0000000140009b90     umodsys_lib_basesys:umodsys.base.rmodulelib.obj
 0002:00001bb8       ??_R4IModuleLibrary@base@UModSys@@6B@ 0000000140009bb8     umodsys_lib_basesys:umodsys.base.rmodulelib.obj
 0002:00001be0       ??_R3IModuleLibrary@base@UModSys@@8 0000000140009be0     umodsys_lib_basesys:umodsys.base.rmodulelib.obj
 0002:00001bf8       ??_R2IModuleLibrary@base@UModSys@@8 0000000140009bf8     umodsys_lib_basesys:umodsys.base.rmodulelib.obj
 0002:00001c18       ??_R1A@?0A@EA@IModuleLibrary@base@UModSys@@8 0000000140009c18     umodsys_lib_basesys:umodsys.base.rmodulelib.obj
 0002:00001c40       ??_R4RModule@rsystem@base@UModSys@@6B@ 0000000140009c40     umodsys_lib_basesys:umodsys.base.rmodule.obj
 0002:00001c68       ??_R3RModule@rsystem@base@UModSys@@8 0000000140009c68     umodsys_lib_basesys:umodsys.base.rmodule.obj
 0002:00001c80       ??_R2RModule@rsystem@base@UModSys@@8 0000000140009c80     umodsys_lib_basesys:umodsys.base.rmodule.obj
 0002:00001ca8       ??_R1A@?0A@EA@RModule@rsystem@base@UModSys@@8 0000000140009ca8     umodsys_lib_basesys:umodsys.base.rmodule.obj
 0002:00001cd0       ??_R4IModule@base@UModSys@@6B@ 0000000140009cd0     umodsys_lib_basesys:umodsys.base.rmodule.obj
 0002:00001cf8       ??_R3IModule@base@UModSys@@8 0000000140009cf8     umodsys_lib_basesys:umodsys.base.rmodule.obj
 0002:00001d10       ??_R2IModule@base@UModSys@@8 0000000140009d10     umodsys_lib_basesys:umodsys.base.rmodule.obj
 0002:00001d30       ??_R1A@?0A@EA@IModule@base@UModSys@@8 0000000140009d30     umodsys_lib_basesys:umodsys.base.rmodule.obj
 0002:00001d58       __rtc_iaa                  0000000140009d58     MSVCRT:_initsect_.obj
 0002:00001d60       __rtc_izz                  0000000140009d60     MSVCRT:_initsect_.obj
 0002:00001d68       __rtc_taa                  0000000140009d68     MSVCRT:_initsect_.obj
 0002:00001d70       __rtc_tzz                  0000000140009d70     MSVCRT:_initsect_.obj
 0002:00002cf8       __IMPORT_DESCRIPTOR_MSVCR90 000000014000acf8     MSVCRT:MSVCR90.dll
 0002:00002d0c       __IMPORT_DESCRIPTOR_KERNEL32 000000014000ad0c     kernel32:KERNEL32.dll
 0002:00002d20       __NULL_IMPORT_DESCRIPTOR   000000014000ad20     MSVCRT:MSVCR90.dll
 0003:00000000       ??_R0?AVtype_info@@@8      000000014000c000     MSVCRT:ti_inst.obj
 0003:00000020       __native_dllmain_reason    000000014000c020     MSVCRT:natstart.obj
 0003:00000024       __native_vcclrit_reason    000000014000c024     MSVCRT:natstart.obj
 0003:00000028       __globallocalestatus       000000014000c028     MSVCRT:xthdloc.obj
 0003:0000002c       __defaultmatherr           000000014000c02c     MSVCRT:merr.obj
 0003:00000030       __security_cookie          000000014000c030     MSVCRT:gs_cookie.obj
 0003:00000038       __security_cookie_complement 000000014000c038     MSVCRT:gs_cookie.obj
 0003:000000f0       ??_R0?AURConsole_std@rsystem@base@UModSys@@@8 000000014000c0f0     umodsys_lib_basesys:umodsys.base.rconsole_std.obj
 0003:00000128       ??_R0?AUIConsole@base@UModSys@@@8 000000014000c128     umodsys_lib_basesys:umodsys.base.rconsole_std.obj
 0003:00000158       ??_R0?AUIRefObject@core@UModSys@@@8 000000014000c158     umodsys_lib_basesys:umodsys.base.rconsole_std.obj
 0003:00000188       ??_R0?AUIRoot@core@UModSys@@@8 000000014000c188     umodsys_lib_basesys:umodsys.base.rconsole_std.obj
 0003:000001b8       ??_R0?AURSystem@rsystem@base@UModSys@@@8 000000014000c1b8     umodsys_lib_basesys:umodsys.base.rsystem_main.obj
 0003:000001f0       ??_R0?AUIUniquePointerResolver@core@UModSys@@@8 000000014000c1f0     umodsys_lib_basesys:umodsys.base.rsystem_main.obj
 0003:00000230       ??_R0?AUISourceContextAdapter@core@UModSys@@@8 000000014000c230     umodsys_lib_basesys:umodsys.base.rsystem_main.obj
 0003:00000270       ??_R0?AUISystem@base@UModSys@@@8 000000014000c270     umodsys_lib_basesys:umodsys.base.rsystem_main.obj
 0003:000002a0       ??_R0?AURModuleLoader@rsystem@base@UModSys@@@8 000000014000c2a0     umodsys_lib_basesys:umodsys.base.rmoduleloader.obj
 0003:000002e0       ??_R0?AUIModuleLoader@base@UModSys@@@8 000000014000c2e0     umodsys_lib_basesys:umodsys.base.rmoduleloader.obj
 0003:00000318       ??_R0?AURParameters@rsystem@base@UModSys@@@8 000000014000c318     umodsys_lib_basesys:umodsys.base.rparameters.obj
 0003:00000350       ??_R0?AUIParameters@core@UModSys@@@8 000000014000c350     umodsys_lib_basesys:umodsys.base.rparameters.obj
 0003:00000380       ??_R0?AURModuleLibrary@rsystem@base@UModSys@@@8 000000014000c380     umodsys_lib_basesys:umodsys.base.rmodulelib.obj
 0003:000003c0       ??_R0?AUIModuleLibrary@base@UModSys@@@8 000000014000c3c0     umodsys_lib_basesys:umodsys.base.rmodulelib.obj
 0003:000003f8       ?s_null@?1??get_null@?$TSCoreShared@USMemAlloc_Malloc@core@UModSys@@D@su@tl@UModSys@@SAPEAU?$TSharedStringInfo@D@345@XZ@4U6345@A 000000014000c3f8     umodsys_lib_basesys:umodsys.base.rmodulelib.obj
 0003:00000418       ??_R0?AURModule@rsystem@base@UModSys@@@8 000000014000c418     umodsys_lib_basesys:umodsys.base.rmodule.obj
 0003:00000450       ??_R0?AUIModule@base@UModSys@@@8 000000014000c450     umodsys_lib_basesys:umodsys.base.rmodule.obj
 0003:00000480       _fltused                   000000014000c480     MSVCRT:dllsupp.obj
 0003:000004b8       _forceCRTManifestRTM       000000014000c4b8     MSVCRT:crtmanifestrtm.obj
 0003:000004bc       _dowildcard                000000014000c4bc     MSVCRT:wildcard.obj
 0003:000004c0       _newmode                   000000014000c4c0     MSVCRT:_newmode.obj
 0003:000004c4       _commode                   000000014000c4c4     MSVCRT:xncommod.obj
 0003:000004c8       _fmode                     000000014000c4c8     MSVCRT:xtxtmode.obj
 0003:000004cc       ?rv@?1??get_default@SMemAlloc_Malloc@core@UModSys@@SAAEBU234@XZ@4U234@A 000000014000c4cc     umodsys_lib_basesys:umodsys.base.rsystem_main.obj
 0003:000004d0       ?s_id@?$TObjectUniqueID@UIModObject@base@UModSys@@@tl@UModSys@@2USUniquePointer@core@3@A 000000014000c4d0     umodsys.c_main.obj
 0003:00000500       ?s_null@?$TStaticStringPool@DU?$TComparerBinaryHash@D@su@tl@UModSys@@USMemAlloc_Malloc@core@4@@tl@UModSys@@2U?$TString@U?$TSCoreConst@D@su@tl@UModSys@@U?$TComparerBinaryHash@D@234@@23@A 000000014000c500     umodsys.c_main.obj
 0003:00000518       ?s_id@?$TObjectUniqueID@UIGenerator@base@UModSys@@@tl@UModSys@@2USUniquePointer@core@3@A 000000014000c518     umodsys.c_main.obj
 0003:00000548       ?s_id@?$TObjectUniqueID@UIModule@base@UModSys@@@tl@UModSys@@2USUniquePointer@core@3@A 000000014000c548     umodsys.c_main.obj
 0003:00000578       ?s_id@?$TObjectUniqueID@URModuleLibrary@rsystem@base@UModSys@@@tl@UModSys@@2USUniquePointer@core@3@A 000000014000c578     umodsys.c_main.obj
 0003:000005a8       ?s_id@?$TObjectUniqueID@UIRoot@core@UModSys@@@tl@UModSys@@2USUniquePointer@core@3@A 000000014000c5a8     umodsys.c_main.obj
 0003:000005d8       ?s_id@?$TObjectUniqueID@URConsole_std@rsystem@base@UModSys@@@tl@UModSys@@2USUniquePointer@core@3@A 000000014000c5d8     umodsys.c_main.obj
 0003:00000608       ?s_id@?$TObjectUniqueID@UISystem@base@UModSys@@@tl@UModSys@@2USUniquePointer@core@3@A 000000014000c608     umodsys.c_main.obj
 0003:00000638       ?s_id@?$TObjectUniqueID@UIRefObject@core@UModSys@@@tl@UModSys@@2USUniquePointer@core@3@A 000000014000c638     umodsys.c_main.obj
 0003:00000668       ?s_id@?$TObjectUniqueID@URModule@rsystem@base@UModSys@@@tl@UModSys@@2USUniquePointer@core@3@A 000000014000c668     umodsys.c_main.obj
 0003:00000698       ?s_id@?$TObjectUniqueID@UIShell@base@UModSys@@@tl@UModSys@@2USUniquePointer@core@3@A 000000014000c698     umodsys.c_main.obj
 0003:000006c8       ?s_id@?$TObjectUniqueID@UIConsole@base@UModSys@@@tl@UModSys@@2USUniquePointer@core@3@A 000000014000c6c8     umodsys.c_main.obj
 0003:000006f8       ?s_id@?$TObjectUniqueID@UIModuleLibrary@base@UModSys@@@tl@UModSys@@2USUniquePointer@core@3@A 000000014000c6f8     umodsys.c_main.obj
 0003:00000728       ?s_id@?$TObjectUniqueID@UIParameters@core@UModSys@@@tl@UModSys@@2USUniquePointer@core@3@A 000000014000c728     umodsys.c_main.obj
 0003:00000758       ?s_id@?$TObjectUniqueID@URSystem@rsystem@base@UModSys@@@tl@UModSys@@2USUniquePointer@core@3@A 000000014000c758     umodsys.c_main.obj
 0003:00000788       ?s_id@?$TObjectUniqueID@URParameters@rsystem@base@UModSys@@@tl@UModSys@@2USUniquePointer@core@3@A 000000014000c788     umodsys.c_main.obj
 0003:000007c0       ?s_console@RConsole_std@rsystem@base@UModSys@@2U1234@A 000000014000c7c0     umodsys_lib_basesys:umodsys.base.rconsole_std.obj
 0003:000007d0       ?s_sys@RSystem@rsystem@base@UModSys@@2U1234@A 000000014000c7d0     umodsys_lib_basesys:umodsys.base.rsystem_main.obj
 0003:000008e8       ?rsys_dbg@rsystem@base@UModSys@@3USDebug@23@A 000000014000c8e8     umodsys_lib_basesys:umodsys.base.rsystem_main.obj
 0003:000008f8       ?M@UModSys@@3USModuleContext@base@1@A 000000014000c8f8     umodsys_lib_base:umodsys.base.modulecontext.obj
 0003:00000910       ?root@SUniquePointer@core@UModSys@@2U123@A 000000014000c910     umodsys_lib_core:umodsys.core.uniqueptr.obj
 0003:00000940       __native_startup_state     000000014000c940     <common>
 0003:00000948       __native_startup_lock      000000014000c948     <common>
 0003:00000950       __dyn_tls_init_callback    000000014000c950     <common>
 0003:00000958       __onexitend                000000014000c958     <common>
 0003:00000960       __onexitbegin              000000014000c960     <common>

 entry point at        0001:00001720

 Static symbols

 0001:00001450       pre_cpp_init               0000000140002450 f   MSVCRT:crtexe.obj
 0001:000014b8       __tmainCRTStartup          00000001400024b8 f   MSVCRT:crtexe.obj
 0001:00001638       pre_c_init                 0000000140002638 f   MSVCRT:crtexe.obj
 0001:00003a80       ?s_pfd_scan@@YA_KPEAUISystem@base@UModSys@@AEAU?$TArray@U?$TRefObject@URModuleLibrary@rsystem@base@UModSys@@@tl@UModSys@@U?$TAllocator@USMemAlloc_Malloc@core@UModSys@@USCountCalcPower2@23@@23@@tl@3@PEBD2@Z 0000000140004a80 f    CIL library: CIL module
 0001:000062f0       _onexit$fin$0              00000001400072f0 f   MSVCRT:atonexit.obj
 0001:00006309       __tmainCRTStartup$filt$0   0000000140007309 f   MSVCRT:crtexe.obj
 0001:00006330       _IsNonwritableInCurrentImage$filt$0 0000000140007330 f   MSVCRT:pesect.obj
 0001:00006351       ?filt$0@?0??__ArrayUnwind@@YAXPEAX_KHP6AX0@Z@Z@4HA 0000000140007351 f   MSVCRT:ehvecdtr.obj
 0001:00006390       ?fin$0@?0???_M@YAXPEAX_KHP6AX0@Z@Z@4HA 0000000140007390 f   MSVCRT:ehvecdtr.obj
 0001:000063c0       ?dtor$0@?0??suicide@RModule@rsystem@base@UModSys@@UEAAXXZ@4HA 00000001400073c0 f    CIL library: CIL module
 0001:000063e0       ?dtor$0@?0??push@?$TArray@U?$TRefObject@URModuleLibrary@rsystem@base@UModSys@@@tl@UModSys@@U?$TAllocator@USMemAlloc_Malloc@core@UModSys@@USCountCalcPower2@23@@23@@tl@UModSys@@QEAA_NAEBU?$TRefObject@URModuleLibrary@rsystem@base@UModSys@@@23@@Z@4HA 00000001400073e0 f    CIL library: CIL module
 0001:000063e0       ?dtor$0@?0??push@?$TArray@U?$TRefObject@URModule@rsystem@base@UModSys@@@tl@UModSys@@U?$TAllocator@USMemAlloc_Malloc@core@UModSys@@USCountCalcPower2@23@@23@@tl@UModSys@@QEAA_NAEBU?$TRefObject@URModule@rsystem@base@UModSys@@@23@@Z@4HA 00000001400073e0 f    CIL library: CIL module
 0001:00006400       ?dtor$0@?0???1RModuleLoader@rsystem@base@UModSys@@UEAA@XZ@4HA 0000000140007400 f    CIL library: CIL module
 0001:00006420       ?dtor$1@?0???1RModuleLoader@rsystem@base@UModSys@@UEAA@XZ@4HA 0000000140007420 f    CIL library: CIL module
 0001:00006450       ?dtor$0@?0???1RSystem@rsystem@base@UModSys@@UEAA@XZ@4HA 0000000140007450 f    CIL library: CIL module
 0001:00006470       ?dtor$1@?0???1RSystem@rsystem@base@UModSys@@UEAA@XZ@4HA 0000000140007470 f    CIL library: CIL module
 0001:00006490       ?dtor$2@?0???1RSystem@rsystem@base@UModSys@@UEAA@XZ@4HA 0000000140007490 f    CIL library: CIL module
 0001:000064b0       ?dtor$3@?0???1RSystem@rsystem@base@UModSys@@UEAA@XZ@4HA 00000001400074b0 f    CIL library: CIL module
 0001:000064d0       ?dtor$4@?0???1RSystem@rsystem@base@UModSys@@UEAA@XZ@4HA 00000001400074d0 f    CIL library: CIL module
 0001:000064f0       ?dtor$5@?0???1RSystem@rsystem@base@UModSys@@UEAA@XZ@4HA 00000001400074f0 f    CIL library: CIL module
 0001:00006520       ?dtor$0@?0???0RSystem@rsystem@base@UModSys@@QEAA@XZ@4HA 0000000140007520 f    CIL library: CIL module
 0001:00006540       ?dtor$1@?0???0RSystem@rsystem@base@UModSys@@QEAA@XZ@4HA 0000000140007540 f    CIL library: CIL module
 0001:00006560       ?dtor$2@?0???0RSystem@rsystem@base@UModSys@@QEAA@XZ@4HA 0000000140007560 f    CIL library: CIL module
 0001:00006580       ?dtor$3@?0???0RSystem@rsystem@base@UModSys@@QEAA@XZ@4HA 0000000140007580 f    CIL library: CIL module
 0001:000065a0       ?dtor$4@?0???0RSystem@rsystem@base@UModSys@@QEAA@XZ@4HA 00000001400075a0 f    CIL library: CIL module
 0001:000065c0       ?dtor$5@?0???0RSystem@rsystem@base@UModSys@@QEAA@XZ@4HA 00000001400075c0 f    CIL library: CIL module
 0001:000065e0       ?dtor$6@?0???0RSystem@rsystem@base@UModSys@@QEAA@XZ@4HA 00000001400075e0 f    CIL library: CIL module
 0001:00006610       ?dtor$0@?0???0RModule@rsystem@base@UModSys@@QEAA@PEAURModuleLibrary@123@PEAUIModuleReg@23@@Z@4HA 0000000140007610 f    CIL library: CIL module
 0001:00006630       ?dtor$1@?0???0RModule@rsystem@base@UModSys@@QEAA@PEAURModuleLibrary@123@PEAUIModuleReg@23@@Z@4HA 0000000140007630 f    CIL library: CIL module
 0001:00006650       ?dtor$2@?0???0RModule@rsystem@base@UModSys@@QEAA@PEAURModuleLibrary@123@PEAUIModuleReg@23@@Z@4HA 0000000140007650 f    CIL library: CIL module
 0001:00006670       ?dtor$3@?0???0RModule@rsystem@base@UModSys@@QEAA@PEAURModuleLibrary@123@PEAUIModuleReg@23@@Z@4HA 0000000140007670 f    CIL library: CIL module
 0001:000066a0       ?dtor$0@?0???1RModuleLibrary@rsystem@base@UModSys@@UEAA@XZ@4HA 00000001400076a0 f    CIL library: CIL module
 0001:000066c0       ?dtor$1@?0???1RModuleLibrary@rsystem@base@UModSys@@UEAA@XZ@4HA 00000001400076c0 f    CIL library: CIL module
 0001:000066e0       ?dtor$2@?0???1RModuleLibrary@rsystem@base@UModSys@@UEAA@XZ@4HA 00000001400076e0 f    CIL library: CIL module
 0001:00006710       ?dtor$0@?0??link@RModuleLibrary@rsystem@base@UModSys@@QEAA_NXZ@4HA 0000000140007710 f    CIL library: CIL module
 0001:00006730       ?dtor$1@?0??link@RModuleLibrary@rsystem@base@UModSys@@QEAA_NXZ@4HA 0000000140007730 f    CIL library: CIL module
 0001:00006750       ?dtor$0@?0??exec_test_shells@RSystem@rsystem@base@UModSys@@QEAA_NXZ@4HA 0000000140007750 f    CIL library: CIL module
 0001:00006770       ?dtor$1@?0??exec_test_shells@RSystem@rsystem@base@UModSys@@QEAA_NXZ@4HA 0000000140007770 f    CIL library: CIL module
 0001:00006790       ?dtor$3@?0??exec_test_shells@RSystem@rsystem@base@UModSys@@QEAA_NXZ@4HA 0000000140007790 f    CIL library: CIL module
 0001:000067c0       ?dtor$1@?0??s_add@RModuleLibrary@rsystem@base@UModSys@@SA_NPEAUISystem@34@AEAU?$TArray@U?$TRefObject@URModuleLibrary@rsystem@base@UModSys@@@tl@UModSys@@U?$TAllocator@USMemAlloc_Malloc@core@UModSys@@USCountCalcPower2@23@@23@@tl@4@PEBD@Z@4HA 00000001400077c0 f    CIL library: CIL module
 0001:000067e0       ??__E?s_id@?$TObjectUniqueID@UIRoot@core@UModSys@@@tl@UModSys@@2USUniquePointer@core@3@A@@YAXXZ 00000001400077e0 f    CIL library: CIL module
 0001:00006820       ??__E?s_id@?$TObjectUniqueID@UIRefObject@core@UModSys@@@tl@UModSys@@2USUniquePointer@core@3@A@@YAXXZ 0000000140007820 f    CIL library: CIL module
 0001:00006860       ??__E?s_id@?$TObjectUniqueID@UIParameters@core@UModSys@@@tl@UModSys@@2USUniquePointer@core@3@A@@YAXXZ 0000000140007860 f    CIL library: CIL module
 0001:000068a0       ??__E?s_id@?$TObjectUniqueID@UIConsole@base@UModSys@@@tl@UModSys@@2USUniquePointer@core@3@A@@YAXXZ 00000001400078a0 f    CIL library: CIL module
 0001:000068e0       ??__E?s_id@?$TObjectUniqueID@UIModule@base@UModSys@@@tl@UModSys@@2USUniquePointer@core@3@A@@YAXXZ 00000001400078e0 f    CIL library: CIL module
 0001:00006920       ??__E?s_id@?$TObjectUniqueID@UIModuleLibrary@base@UModSys@@@tl@UModSys@@2USUniquePointer@core@3@A@@YAXXZ 0000000140007920 f    CIL library: CIL module
 0001:00006960       ??__E?s_id@?$TObjectUniqueID@UISystem@base@UModSys@@@tl@UModSys@@2USUniquePointer@core@3@A@@YAXXZ 0000000140007960 f    CIL library: CIL module
 0001:000069a0       ??__E?s_id@?$TObjectUniqueID@UIModObject@base@UModSys@@@tl@UModSys@@2USUniquePointer@core@3@A@@YAXXZ 00000001400079a0 f    CIL library: CIL module
 0001:000069e0       ??__E?s_id@?$TObjectUniqueID@UIGenerator@base@UModSys@@@tl@UModSys@@2USUniquePointer@core@3@A@@YAXXZ 00000001400079e0 f    CIL library: CIL module
 0001:00006a20       ??__E?s_id@?$TObjectUniqueID@UIShell@base@UModSys@@@tl@UModSys@@2USUniquePointer@core@3@A@@YAXXZ 0000000140007a20 f    CIL library: CIL module
 0001:00006a60       ??__E?s_id@?$TObjectUniqueID@URModule@rsystem@base@UModSys@@@tl@UModSys@@2USUniquePointer@core@3@A@@YAXXZ 0000000140007a60 f    CIL library: CIL module
 0001:00006aa0       ??__E?s_id@?$TObjectUniqueID@URModuleLibrary@rsystem@base@UModSys@@@tl@UModSys@@2USUniquePointer@core@3@A@@YAXXZ 0000000140007aa0 f    CIL library: CIL module
 0001:00006ae0       ??__E?s_id@?$TObjectUniqueID@URParameters@rsystem@base@UModSys@@@tl@UModSys@@2USUniquePointer@core@3@A@@YAXXZ 0000000140007ae0 f    CIL library: CIL module
 0001:00006b20       ??__E?s_id@?$TObjectUniqueID@URSystem@rsystem@base@UModSys@@@tl@UModSys@@2USUniquePointer@core@3@A@@YAXXZ 0000000140007b20 f    CIL library: CIL module
 0001:00006b60       ??__E?s_id@?$TObjectUniqueID@URConsole_std@rsystem@base@UModSys@@@tl@UModSys@@2USUniquePointer@core@3@A@@YAXXZ 0000000140007b60 f    CIL library: CIL module
 0001:00006ba0       ??__E?s_console@RConsole_std@rsystem@base@UModSys@@2U1234@A@@YAXXZ 0000000140007ba0 f    CIL library: CIL module
 0001:00006bc0       ??__E?s_sys@RSystem@rsystem@base@UModSys@@2U1234@A@@YAXXZ 0000000140007bc0 f    CIL library: CIL module
 0001:00006be0       ??__Ersys_dbg@rsystem@base@UModSys@@YAXXZ 0000000140007be0 f    CIL library: CIL module
 0001:00006c10       ??__EM@UModSys@@YAXXZ      0000000140007c10 f    CIL library: CIL module
 0001:00006c30       ??__E?root@SUniquePointer@core@UModSys@@2U123@A@@YAXXZ 0000000140007c30 f    CIL library: CIL module
 0001:00006c60       ??__F?s_id@?$TObjectUniqueID@URConsole_std@rsystem@base@UModSys@@@tl@UModSys@@2USUniquePointer@core@3@A@@YAXXZ 0000000140007c60 f    CIL library: CIL module
 0001:00006c70       ??__F?s_id@?$TObjectUniqueID@URSystem@rsystem@base@UModSys@@@tl@UModSys@@2USUniquePointer@core@3@A@@YAXXZ 0000000140007c70 f    CIL library: CIL module
 0001:00006c80       ??__F?s_id@?$TObjectUniqueID@URParameters@rsystem@base@UModSys@@@tl@UModSys@@2USUniquePointer@core@3@A@@YAXXZ 0000000140007c80 f    CIL library: CIL module
 0001:00006c90       ??__F?s_id@?$TObjectUniqueID@URModuleLibrary@rsystem@base@UModSys@@@tl@UModSys@@2USUniquePointer@core@3@A@@YAXXZ 0000000140007c90 f    CIL library: CIL module
 0001:00006ca0       ??__F?s_id@?$TObjectUniqueID@URModule@rsystem@base@UModSys@@@tl@UModSys@@2USUniquePointer@core@3@A@@YAXXZ 0000000140007ca0 f    CIL library: CIL module
 0001:00006cb0       ??__F?s_id@?$TObjectUniqueID@UIShell@base@UModSys@@@tl@UModSys@@2USUniquePointer@core@3@A@@YAXXZ 0000000140007cb0 f    CIL library: CIL module
 0001:00006cc0       ??__F?s_id@?$TObjectUniqueID@UIGenerator@base@UModSys@@@tl@UModSys@@2USUniquePointer@core@3@A@@YAXXZ 0000000140007cc0 f    CIL library: CIL module
 0001:00006cd0       ??__F?s_id@?$TObjectUniqueID@UIModObject@base@UModSys@@@tl@UModSys@@2USUniquePointer@core@3@A@@YAXXZ 0000000140007cd0 f    CIL library: CIL module
 0001:00006ce0       ??__F?s_id@?$TObjectUniqueID@UISystem@base@UModSys@@@tl@UModSys@@2USUniquePointer@core@3@A@@YAXXZ 0000000140007ce0 f    CIL library: CIL module
 0001:00006cf0       ??__F?s_id@?$TObjectUniqueID@UIModuleLibrary@base@UModSys@@@tl@UModSys@@2USUniquePointer@core@3@A@@YAXXZ 0000000140007cf0 f    CIL library: CIL module
 0001:00006d00       ??__F?s_id@?$TObjectUniqueID@UIModule@base@UModSys@@@tl@UModSys@@2USUniquePointer@core@3@A@@YAXXZ 0000000140007d00 f    CIL library: CIL module
 0001:00006d10       ??__F?s_id@?$TObjectUniqueID@UIConsole@base@UModSys@@@tl@UModSys@@2USUniquePointer@core@3@A@@YAXXZ 0000000140007d10 f    CIL library: CIL module
 0001:00006d20       ??__F?s_id@?$TObjectUniqueID@UIParameters@core@UModSys@@@tl@UModSys@@2USUniquePointer@core@3@A@@YAXXZ 0000000140007d20 f    CIL library: CIL module
 0001:00006d30       ??__F?s_id@?$TObjectUniqueID@UIRefObject@core@UModSys@@@tl@UModSys@@2USUniquePointer@core@3@A@@YAXXZ 0000000140007d30 f    CIL library: CIL module
 0001:00006d40       ??__F?s_id@?$TObjectUniqueID@UIRoot@core@UModSys@@@tl@UModSys@@2USUniquePointer@core@3@A@@YAXXZ 0000000140007d40 f    CIL library: CIL module
 0001:00006d50       ??__F?s_console@RConsole_std@rsystem@base@UModSys@@2U1234@A@@YAXXZ 0000000140007d50 f    CIL library: CIL module
 0001:00006d60       ??__F?s_sys@RSystem@rsystem@base@UModSys@@2U1234@A@@YAXXZ 0000000140007d60 f    CIL library: CIL module
 0001:00006d70       ??__Frsys_dbg@rsystem@base@UModSys@@YAXXZ 0000000140007d70 f    CIL library: CIL module
 0001:00006d80       ??__FM@UModSys@@YAXXZ      0000000140007d80 f    CIL library: CIL module
 0001:00006d90       ??__F?root@SUniquePointer@core@UModSys@@2U123@A@@YAXXZ 0000000140007d90 f    CIL library: CIL module
