 umodsysc

 Timestamp is 52b29b79 (Thu Dec 19 10:08:41 2013)

 Preferred load address is 0000000140000000

 Start         Length     Name                   Class
 0001:00000000 00015a7cH .text                   CODE
 0001:00015a80 0000005eH .text$00                CODE
 0001:00015ae0 000010acH .text$x                 CODE
 0001:00016b90 00000d62H .text$yc                CODE
 0001:00017900 000003fcH .text$yd                CODE
 0002:00000000 00000258H .idata$5                DATA
 0002:00000258 00000008H .CRT$XCA                DATA
 0002:00000260 00000008H .CRT$XCAA               DATA
 0002:00000268 00000598H .CRT$XCU                DATA
 0002:00000800 00000008H .CRT$XCZ                DATA
 0002:00000808 00000008H .CRT$XIA                DATA
 0002:00000810 00000008H .CRT$XIAA               DATA
 0002:00000818 00000008H .CRT$XIY                DATA
 0002:00000820 00000008H .CRT$XIZ                DATA
 0002:00000830 00003648H .rdata                  DATA
 0002:00003e80 0000211cH .rdata$r                DATA
 0002:00005fa0 00000008H .rtc$IAA                DATA
 0002:00005fa8 00000008H .rtc$IZZ                DATA
 0002:00005fb0 00000008H .rtc$TAA                DATA
 0002:00005fb8 00000008H .rtc$TZZ                DATA
 0002:00005fc0 00002e70H .xdata                  DATA
 0002:00008e30 000000e4H .xdata$x                DATA
 0002:00008f14 00000028H .idata$2                DATA
 0002:00008f3c 00000014H .idata$3                DATA
 0002:00008f50 00000258H .idata$4                DATA
 0002:000091a8 00000478H .idata$6                DATA
 0002:00009620 00000055H .edata                  DATA
 0003:00000000 00001024H .data                   DATA
 0003:00001030 00002cf0H .bss                    DATA
 0004:00000000 00002220H .pdata                  DATA

  Address         Publics by Value              Rva+Base               Lib:Object

 0000:00000000       ___safe_se_handler_count   0000000000000000     <absolute>
 0000:00000000       ___safe_se_handler_table   0000000000000000     <absolute>
 0000:00000000       __ImageBase                0000000140000000     <linker-defined>
 0001:00000000       ??$shash@D@su@tl@UModSys@@YA_KPEBD_K@Z 0000000140001000 f i umodsys.c_main.obj
 0001:00000040       ??3IRoot@core@UModSys@@SAXPEAXAEBUSIMemAlloc@12@@Z 0000000140001040 f i umodsys_lib_libmedia:umodsys.mod.media.stdio.obj
 0001:00000050       ??1?$TString@U?$TSCoreShared@USIMemAlloc@core@UModSys@@D@su@tl@UModSys@@U?$TComparerBinaryHash@D@234@@tl@UModSys@@QEAA@XZ 0000000140001050 f i umodsys_lib_libmedia:umodsys.mod.media.stdio.obj
 0001:00000050       ??1?$TSCoreShared@USIMemAlloc@core@UModSys@@D@su@tl@UModSys@@QEAA@XZ 0000000140001050 f i umodsys_lib_libmedia:umodsys.mod.media.stdio.obj
 0001:000000a0       ?archive_load_data@libmedia@UModSys@@YA_NAEAUIBinArchive@12@AEBU?$TString@U?$TSCoreConst@D@su@tl@UModSys@@U?$TComparerBinaryHash@D@234@@tl@2@AEAUSCMemShared@core@2@AEBUSFlags@12@@Z 00000001400010a0 f i umodsys_lib_libmedia:umodsys.mod.media.stdio.obj
 0001:00000270       ?archive_save_data@libmedia@UModSys@@YA_NAEAUIBinArchive@12@AEBU?$TString@U?$TSCoreConst@D@su@tl@UModSys@@U?$TComparerBinaryHash@D@234@@tl@2@AEBUSCMem@core@2@AEBUSFlags@12@@Z 0000000140001270 f i umodsys_lib_libmedia:umodsys.mod.media.stdio.obj
 0001:00000300       ?file_get_size@stdio@media@modules@UModSys@@YA_JPEAU_iobuf@@@Z 0000000140001300 f i umodsys_lib_libmedia:umodsys.mod.media.stdio.obj
 0001:00000370       ?root_get_interface_info@RStreamReader_FILE@stdio@media@modules@UModSys@@UEBAAEBUSUniquePointerInfo@core@5@XZ 0000000140001370 f i umodsys_lib_libmedia:umodsys.mod.media.stdio.obj
 0001:00000380       ?root_get_interface_type@RStreamReader_FILE@stdio@media@modules@UModSys@@UEBAPEBUSUniquePointerInfo@core@5@XZ 0000000140001380 f i umodsys_lib_libmedia:umodsys.mod.media.stdio.obj
 0001:00000390       ?root_get_other_interface@RStreamReader_FILE@stdio@media@modules@UModSys@@UEBAPEBUIRoot@core@5@PEBUSUniquePointerInfo@75@@Z 0000000140001390 f i umodsys_lib_libmedia:umodsys.mod.media.stdio.obj
 0001:00000390       ?root_get_other_interface@RStreamReader_FILE@stdio@media@modules@UModSys@@UEAAPEAUIRoot@core@5@PEBUSUniquePointerInfo@75@@Z 0000000140001390 f i umodsys_lib_libmedia:umodsys.mod.media.stdio.obj
 0001:000003c0       ?root_is_interface_supported@RStreamReader_FILE@stdio@media@modules@UModSys@@UEBA_NPEBUSUniquePointerInfo@core@5@@Z 00000001400013c0 f i umodsys_lib_libmedia:umodsys.mod.media.stdio.obj
 0001:000003f0       ?ref_links@RStreamReader_FILE@stdio@media@modules@UModSys@@UEBAHXZ 00000001400013f0 f i umodsys_lib_libmedia:umodsys.mod.media.stdio.obj
 0001:000003f0       ?ref_links@RStreamWriter_FILE@stdio@media@modules@UModSys@@UEBAHXZ 00000001400013f0 f i umodsys_lib_libmedia:umodsys.mod.media.stdio.obj
 0001:000003f0       ?ref_links@RGenerator@stdlib@media@modules@UModSys@@UEBAHXZ 00000001400013f0 f i umodsys_lib_libmedia:umodsys.mod.media.stdlib.obj
 0001:000003f0       ?ref_links@RGenerator@stdio@media@modules@UModSys@@UEBAHXZ 00000001400013f0 f i umodsys_lib_libmedia:umodsys.mod.media.stdio.obj
 0001:000003f0       ?ref_links@RUtilities@stdlib@media@modules@UModSys@@UEBAHXZ 00000001400013f0 f i umodsys_lib_libmedia:umodsys.mod.media.stdlib.obj
 0001:00000400       ?suicide@RUtilities@stdlib@media@modules@UModSys@@UEAAXXZ 0000000140001400 f i umodsys_lib_libmedia:umodsys.mod.media.stdlib.obj
 0001:00000400       ?suicide@RStreamReader_FILE@stdio@media@modules@UModSys@@UEAAXXZ 0000000140001400 f i umodsys_lib_libmedia:umodsys.mod.media.stdio.obj
 0001:00000400       ?suicide@RStreamWriter_FILE@stdio@media@modules@UModSys@@UEAAXXZ 0000000140001400 f i umodsys_lib_libmedia:umodsys.mod.media.stdio.obj
 0001:00000450       ??0RStreamReader_FILE@stdio@media@modules@UModSys@@QEAA@PEAUIModObject@base@4@AEBUSParameters@core@4@@Z 0000000140001450 f i umodsys_lib_libmedia:umodsys.mod.media.stdio.obj
 0001:00000520       ??0RStreamReader_FILE@stdio@media@modules@UModSys@@QEAA@PEAUIModObject@base@4@PEBD@Z 0000000140001520 f i umodsys_lib_libmedia:umodsys.mod.media.stdio.obj
 0001:000005d0       ?get_size@RStreamReader_FILE@stdio@media@modules@UModSys@@QEAAXXZ 00000001400015d0 f i umodsys_lib_libmedia:umodsys.mod.media.stdio.obj
 0001:00000650       ?reader_seek@RStreamReader_FILE@stdio@media@modules@UModSys@@UEAA_N_J@Z 0000000140001650 f i umodsys_lib_libmedia:umodsys.mod.media.stdio.obj
 0001:00000680       ?reader_seekend@RStreamReader_FILE@stdio@media@modules@UModSys@@UEAA_N_J@Z 0000000140001680 f i umodsys_lib_libmedia:umodsys.mod.media.stdio.obj
 0001:000006b0       ?reader_seekdelta@RStreamReader_FILE@stdio@media@modules@UModSys@@UEAA_N_J@Z 00000001400016b0 f i umodsys_lib_libmedia:umodsys.mod.media.stdio.obj
 0001:000006e0       ?reader_pos@RStreamReader_FILE@stdio@media@modules@UModSys@@UEAA_JXZ 00000001400016e0 f i umodsys_lib_libmedia:umodsys.mod.media.stdio.obj
 0001:00000710       ?reader_size@RStreamReader_FILE@stdio@media@modules@UModSys@@UEAA_JXZ 0000000140001710 f i umodsys_lib_libmedia:umodsys.mod.media.stdio.obj
 0001:00000720       ?reader_read@RStreamReader_FILE@stdio@media@modules@UModSys@@UEAA_NPEAX_K@Z 0000000140001720 f i umodsys_lib_libmedia:umodsys.mod.media.stdio.obj
 0001:000007d0       ?reader_close@RStreamReader_FILE@stdio@media@modules@UModSys@@UEAAXXZ 00000001400017d0 f i umodsys_lib_libmedia:umodsys.mod.media.stdio.obj
 0001:00000800       ??_ERStreamReader_FILE@stdio@media@modules@UModSys@@UEAAPEAXI@Z 0000000140001800 f i  CIL library: CIL module
 0001:00000800       ??_GRStreamReader_FILE@stdio@media@modules@UModSys@@UEAAPEAXI@Z 0000000140001800 f i umodsys_lib_libmedia:umodsys.mod.media.stdio.obj
 0001:00000860       ??_GIRoot@core@UModSys@@UEAAPEAXI@Z 0000000140001860 f i umodsys_lib_libmedia:umodsys.mod.media.stdio.obj
 0001:00000860       ??_EIRoot@core@UModSys@@UEAAPEAXI@Z 0000000140001860 f i  CIL library: CIL module
 0001:00000890       ?root_get_interface_info@RStreamWriter_FILE@stdio@media@modules@UModSys@@UEBAAEBUSUniquePointerInfo@core@5@XZ 0000000140001890 f i umodsys_lib_libmedia:umodsys.mod.media.stdio.obj
 0001:000008a0       ?root_get_interface_type@RStreamWriter_FILE@stdio@media@modules@UModSys@@UEBAPEBUSUniquePointerInfo@core@5@XZ 00000001400018a0 f i umodsys_lib_libmedia:umodsys.mod.media.stdio.obj
 0001:000008b0       ?root_get_other_interface@RStreamWriter_FILE@stdio@media@modules@UModSys@@UEBAPEBUIRoot@core@5@PEBUSUniquePointerInfo@75@@Z 00000001400018b0 f i umodsys_lib_libmedia:umodsys.mod.media.stdio.obj
 0001:000008b0       ?root_get_other_interface@RStreamWriter_FILE@stdio@media@modules@UModSys@@UEAAPEAUIRoot@core@5@PEBUSUniquePointerInfo@75@@Z 00000001400018b0 f i umodsys_lib_libmedia:umodsys.mod.media.stdio.obj
 0001:000008e0       ?root_is_interface_supported@RStreamWriter_FILE@stdio@media@modules@UModSys@@UEBA_NPEBUSUniquePointerInfo@core@5@@Z 00000001400018e0 f i umodsys_lib_libmedia:umodsys.mod.media.stdio.obj
 0001:00000910       ?ref_add@RGenerator@stdio@media@modules@UModSys@@UEBAXXZ 0000000140001910 f i umodsys_lib_libmedia:umodsys.mod.media.stdio.obj
 0001:00000910       ?ref_add@RStreamReader_FILE@stdio@media@modules@UModSys@@UEBAXXZ 0000000140001910 f i umodsys_lib_libmedia:umodsys.mod.media.stdio.obj
 0001:00000910       ?ref_add@RGenerator@stdlib@media@modules@UModSys@@UEBAXXZ 0000000140001910 f i umodsys_lib_libmedia:umodsys.mod.media.stdlib.obj
 0001:00000910       ?ref_add@RStreamWriter_FILE@stdio@media@modules@UModSys@@UEBAXXZ 0000000140001910 f i umodsys_lib_libmedia:umodsys.mod.media.stdio.obj
 0001:00000910       ?ref_add@RUtilities@stdlib@media@modules@UModSys@@UEBAXXZ 0000000140001910 f i umodsys_lib_libmedia:umodsys.mod.media.stdlib.obj
 0001:00000920       ??0RStreamWriter_FILE@stdio@media@modules@UModSys@@QEAA@PEAUIModObject@base@4@AEBUSParameters@core@4@@Z 0000000140001920 f i umodsys_lib_libmedia:umodsys.mod.media.stdio.obj
 0001:000009c0       ??0RStreamWriter_FILE@stdio@media@modules@UModSys@@QEAA@PEAUIModObject@base@4@PEBD_N@Z 00000001400019c0 f i umodsys_lib_libmedia:umodsys.mod.media.stdio.obj
 0001:00000aa0       ?open@RStreamWriter_FILE@stdio@media@modules@UModSys@@QEAAXAEBUSParameters@core@5@@Z 0000000140001aa0 f i umodsys_lib_libmedia:umodsys.mod.media.stdio.obj
 0001:00000b60       ?writer_seek@RStreamWriter_FILE@stdio@media@modules@UModSys@@UEAA_N_J@Z 0000000140001b60 f i umodsys_lib_libmedia:umodsys.mod.media.stdio.obj
 0001:00000b90       ?writer_seekend@RStreamWriter_FILE@stdio@media@modules@UModSys@@UEAA_N_J@Z 0000000140001b90 f i umodsys_lib_libmedia:umodsys.mod.media.stdio.obj
 0001:00000bc0       ?writer_seekdelta@RStreamWriter_FILE@stdio@media@modules@UModSys@@UEAA_N_J@Z 0000000140001bc0 f i umodsys_lib_libmedia:umodsys.mod.media.stdio.obj
 0001:00000bf0       ?writer_setsize@RStreamWriter_FILE@stdio@media@modules@UModSys@@UEAA_N_J@Z 0000000140001bf0 f i umodsys_lib_libmedia:umodsys.mod.media.stdio.obj
 0001:00000c50       ?writer_pos@RStreamWriter_FILE@stdio@media@modules@UModSys@@UEAA_JXZ 0000000140001c50 f i umodsys_lib_libmedia:umodsys.mod.media.stdio.obj
 0001:00000c80       ?writer_size@RStreamWriter_FILE@stdio@media@modules@UModSys@@UEAA_JXZ 0000000140001c80 f i umodsys_lib_libmedia:umodsys.mod.media.stdio.obj
 0001:00000cb0       ?writer_write@RStreamWriter_FILE@stdio@media@modules@UModSys@@UEAA_NPEBX_K@Z 0000000140001cb0 f i umodsys_lib_libmedia:umodsys.mod.media.stdio.obj
 0001:00000d60       ?writer_copy@RStreamWriter_FILE@stdio@media@modules@UModSys@@UEAA_NPEAUIStreamReader@libmedia@5@_J@Z 0000000140001d60 f i umodsys_lib_libmedia:umodsys.mod.media.stdio.obj
 0001:00000e10       ?writer_copy@RStreamWriter_FILE@stdio@media@modules@UModSys@@UEAA_NPEAUIStreamReader@libmedia@5@_J1@Z 0000000140001e10 f i umodsys_lib_libmedia:umodsys.mod.media.stdio.obj
 0001:00000e80       ?writer_close@RStreamWriter_FILE@stdio@media@modules@UModSys@@UEAAXXZ 0000000140001e80 f i umodsys_lib_libmedia:umodsys.mod.media.stdio.obj
 0001:00000ec0       ?writer_abort@RStreamWriter_FILE@stdio@media@modules@UModSys@@UEAAXXZ 0000000140001ec0 f i umodsys_lib_libmedia:umodsys.mod.media.stdio.obj
 0001:00000f00       ??_ERStreamWriter_FILE@stdio@media@modules@UModSys@@UEAAPEAXI@Z 0000000140001f00 f i  CIL library: CIL module
 0001:00000f00       ??_GRStreamWriter_FILE@stdio@media@modules@UModSys@@UEAAPEAXI@Z 0000000140001f00 f i umodsys_lib_libmedia:umodsys.mod.media.stdio.obj
 0001:00000f80       ??1IStreamWriter@libmedia@UModSys@@UEAA@XZ 0000000140001f80 f i umodsys_lib_libmedia:umodsys.mod.media.stdio.obj
 0001:00000f80       ??1IUtilities@libmedia@UModSys@@UEAA@XZ 0000000140001f80 f i umodsys_lib_libmedia:umodsys.mod.media.stdlib.obj
 0001:00000f80       ??1IStreamReader@libmedia@UModSys@@UEAA@XZ 0000000140001f80 f i umodsys_lib_libmedia:umodsys.mod.media.stdio.obj
 0001:00000f90       ?root_get_interface_info@RDataArchiver_OsDir@stdio@media@modules@UModSys@@UEBAAEBUSUniquePointerInfo@core@5@XZ 0000000140001f90 f i umodsys_lib_libmedia:umodsys.mod.media.stdio.obj
 0001:00000fa0       ?root_get_interface_type@RDataArchiver_OsDir@stdio@media@modules@UModSys@@UEBAPEBUSUniquePointerInfo@core@5@XZ 0000000140001fa0 f i umodsys_lib_libmedia:umodsys.mod.media.stdio.obj
 0001:00000fb0       ?root_get_other_interface@RDataArchiver_OsDir@stdio@media@modules@UModSys@@UEBAPEBUIRoot@core@5@PEBUSUniquePointerInfo@75@@Z 0000000140001fb0 f i umodsys_lib_libmedia:umodsys.mod.media.stdio.obj
 0001:00000fb0       ?root_get_other_interface@RDataArchiver_OsDir@stdio@media@modules@UModSys@@UEAAPEAUIRoot@core@5@PEBUSUniquePointerInfo@75@@Z 0000000140001fb0 f i umodsys_lib_libmedia:umodsys.mod.media.stdio.obj
 0001:00000ff0       ?root_is_interface_supported@RDataArchiver_OsDir@stdio@media@modules@UModSys@@UEBA_NPEBUSUniquePointerInfo@core@5@@Z 0000000140001ff0 f i umodsys_lib_libmedia:umodsys.mod.media.stdio.obj
 0001:00001030       ??0RDataArchiver_OsDir@stdio@media@modules@UModSys@@QEAA@PEAUIModObject@base@4@AEBUSParameters@core@4@U?$TFlags4State@USMediaFlagUid@libmedia@UModSys@@I@tl@4@@Z 0000000140002030 f i umodsys_lib_libmedia:umodsys.mod.media.stdio.obj
 0001:000010f0       ??1RDataArchiver_OsDir@stdio@media@modules@UModSys@@UEAA@XZ 00000001400020f0 f i umodsys_lib_libmedia:umodsys.mod.media.stdio.obj
 0001:00001180       ?open@RDataArchiver_OsDir@stdio@media@modules@UModSys@@QEAAXAEBUSParameters@core@5@@Z 0000000140002180 f i umodsys_lib_libmedia:umodsys.mod.media.stdio.obj
 0001:00001290       ?get_flag@RDataArchiver_OsDir@stdio@media@modules@UModSys@@UEBA?AW4eStates@?$TFlags4State@USMediaFlagUid@libmedia@UModSys@@I@tl@5@H@Z 0000000140002290 f i umodsys_lib_libmedia:umodsys.mod.media.stdio.obj
 0001:000012a0       ?get_flags_auto@RDataArchiver_OsDir@stdio@media@modules@UModSys@@UEBA?AU?$TFlags4State@USMediaFlagUid@libmedia@UModSys@@I@tl@5@XZ 00000001400022a0 f i umodsys_lib_libmedia:umodsys.mod.media.stdio.obj
 0001:000012b0       ?set_flag@RDataArchiver_OsDir@stdio@media@modules@UModSys@@UEAA?AW4eStates@?$TFlags4State@USMediaFlagUid@libmedia@UModSys@@I@tl@5@HW46785@@Z 00000001400022b0 f i umodsys_lib_libmedia:umodsys.mod.media.stdio.obj
 0001:000012e0       ?data_load@RDataArchiver_OsDir@stdio@media@modules@UModSys@@UEAA_NAEBU?$TString@U?$TSCoreConst@D@su@tl@UModSys@@U?$TComparerBinaryHash@D@234@@tl@5@AEAUSCMemShared@core@5@AEBUSFlags@libmedia@5@@Z 00000001400022e0 f i umodsys_lib_libmedia:umodsys.mod.media.stdio.obj
 0001:00001340       ?data_save@RDataArchiver_OsDir@stdio@media@modules@UModSys@@UEAA_NAEBU?$TString@U?$TSCoreConst@D@su@tl@UModSys@@U?$TComparerBinaryHash@D@234@@tl@5@AEBUSCMem@core@5@AEBUSFlags@libmedia@5@@Z 0000000140002340 f i umodsys_lib_libmedia:umodsys.mod.media.stdio.obj
 0001:00001350       ?data_reader@RDataArchiver_OsDir@stdio@media@modules@UModSys@@UEAA?AU?$TRefObject@UIStreamReader@libmedia@UModSys@@U?$TRefObjectFunc@UIStreamReader@libmedia@UModSys@@@tl@3@@tl@5@AEBU?$TString@U?$TSCoreConst@D@su@tl@UModSys@@U?$TComparerBinaryHash@D@234@@75@AEBUSFlags@libmedia@5@@Z 0000000140002350 f i umodsys_lib_libmedia:umodsys.mod.media.stdio.obj
 0001:000014f0       ?data_writer@RDataArchiver_OsDir@stdio@media@modules@UModSys@@UEAA?AU?$TRefObject@UIStreamWriter@libmedia@UModSys@@U?$TRefObjectFunc@UIStreamWriter@libmedia@UModSys@@@tl@3@@tl@5@AEBU?$TString@U?$TSCoreConst@D@su@tl@UModSys@@U?$TComparerBinaryHash@D@234@@75@AEBUSFlags@libmedia@5@@Z 00000001400024f0 f i umodsys_lib_libmedia:umodsys.mod.media.stdio.obj
 0001:000016a0       ?data_list@RDataArchiver_OsDir@stdio@media@modules@UModSys@@UEAA_NAEBU?$TString@U?$TSCoreConst@D@su@tl@UModSys@@U?$TComparerBinaryHash@D@234@@tl@5@AEAU?$TIStackSocket@USFileInfo@libmedia@UModSys@@@75@AEBUSFlags@libmedia@5@@Z 00000001400026a0 f i umodsys_lib_libmedia:umodsys.mod.media.stdio.obj
 0001:00001730       ?get_permissions@RDataArchiver_OsDir@stdio@media@modules@UModSys@@UEAAHXZ 0000000140002730 f i umodsys_lib_libmedia:umodsys.mod.media.stdio.obj
 0001:00001740       ??_ERDataArchiver_OsDir@stdio@media@modules@UModSys@@UEAAPEAXI@Z 0000000140002740 f i  CIL library: CIL module
 0001:00001740       ??_GRDataArchiver_OsDir@stdio@media@modules@UModSys@@UEAAPEAXI@Z 0000000140002740 f i umodsys_lib_libmedia:umodsys.mod.media.stdio.obj
 0001:00001770       ?get_generated_names@RGenerator@stdio@media@modules@UModSys@@UEBAHAEAUSUniquePtrList@core@5@@Z 0000000140002770 f i umodsys_lib_libmedia:umodsys.mod.media.stdio.obj
 0001:000017c0       ?get_generated_types@RGenerator@stdio@media@modules@UModSys@@UEBAHAEAUSUniquePtrList@core@5@PEBUSUniquePointerInfo@75@@Z 00000001400027c0 f i umodsys_lib_libmedia:umodsys.mod.media.stdio.obj
 0001:000018a0       ?generate@RGenerator@stdio@media@modules@UModSys@@UEAA_NAEAU?$TRefObject@UIRefObject@core@UModSys@@U?$TRefObjectFunc@UIRefObject@core@UModSys@@@tl@3@@tl@5@PEBUSUniquePointerInfo@core@5@AEBUSParameters@95@@Z 00000001400028a0 f i umodsys_lib_libmedia:umodsys.mod.media.stdio.obj
 0001:000019d0       ?root_get_interface_info@RGenerator@stdio@media@modules@UModSys@@UEBAAEBUSUniquePointerInfo@core@5@XZ 00000001400029d0 f i umodsys_lib_libmedia:umodsys.mod.media.stdio.obj
 0001:000019e0       ?root_get_interface_type@RGenerator@stdio@media@modules@UModSys@@UEBAPEBUSUniquePointerInfo@core@5@XZ 00000001400029e0 f i umodsys_lib_libmedia:umodsys.mod.media.stdio.obj
 0001:000019f0       ?root_get_other_interface@RGenerator@stdio@media@modules@UModSys@@UEBAPEBUIRoot@core@5@PEBUSUniquePointerInfo@75@@Z 00000001400029f0 f i umodsys_lib_libmedia:umodsys.mod.media.stdio.obj
 0001:000019f0       ?root_get_other_interface@RGenerator@stdio@media@modules@UModSys@@UEAAPEAUIRoot@core@5@PEBUSUniquePointerInfo@75@@Z 00000001400029f0 f i umodsys_lib_libmedia:umodsys.mod.media.stdio.obj
 0001:00001a30       ?root_is_interface_supported@RGenerator@stdio@media@modules@UModSys@@UEBA_NPEBUSUniquePointerInfo@core@5@@Z 0000000140002a30 f i umodsys_lib_libmedia:umodsys.mod.media.stdio.obj
 0001:00001a70       ?get_uid@RGenerator@stdio@media@modules@UModSys@@UEBAPEBUSUniquePointerInfo@core@5@XZ 0000000140002a70 f i umodsys_lib_libmedia:umodsys.mod.media.stdio.obj
 0001:00001a80       ?do_open@RModuleReg@stdio@media@modules@UModSys@@UEAA_NXZ 0000000140002a80 f i umodsys_lib_libmedia:umodsys.mod.media.stdio.obj
 0001:00001a90       ?do_close@RModuleReg@stdio@media@modules@UModSys@@UEAA_NXZ 0000000140002a90 f i umodsys_lib_libmedia:umodsys.mod.media.stdio.obj
 0001:00001aa0       ??_ERModuleReg@stdio@media@modules@UModSys@@UEAAPEAXI@Z 0000000140002aa0 f i  CIL library: CIL module
 0001:00001aa0       ??_GRModuleReg@stdio@media@modules@UModSys@@UEAAPEAXI@Z 0000000140002aa0 f i umodsys_lib_libmedia:umodsys.mod.media.stdio.obj
 0001:00001ad0       ??1?$TRefObject@URLibraryBinTree@stdlib@media@modules@UModSys@@U?$TRefObjectFunc@URLibraryBinTree@stdlib@media@modules@UModSys@@@tl@5@@tl@UModSys@@QEAA@XZ 0000000140002ad0 f i umodsys_lib_libmedia:umodsys.mod.media.stdlib.obj
 0001:00001ad0       ??1?$TRefObject@URModuleLibrarySO@rsystem@base@UModSys@@U?$TRefObjectFunc@URModuleLibrarySO@rsystem@base@UModSys@@@tl@4@@tl@UModSys@@QEAA@XZ 0000000140002ad0 f i umodsys_lib_basesys:umodsys.basesys.rmoduleloader.obj
 0001:00001ad0       ??1?$TRefObject@URLibraryLayered@stdlib@media@modules@UModSys@@U?$TRefObjectFunc@URLibraryLayered@stdlib@media@modules@UModSys@@@tl@5@@tl@UModSys@@QEAA@XZ 0000000140002ad0 f i umodsys_lib_libmedia:umodsys.mod.media.stdlib.obj
 0001:00001ad0       ??1?$TRefObject@URLibraryBinCache@stdlib@media@modules@UModSys@@U?$TRefObjectFunc@URLibraryBinCache@stdlib@media@modules@UModSys@@@tl@5@@tl@UModSys@@QEAA@XZ 0000000140002ad0 f i umodsys_lib_libmedia:umodsys.mod.media.stdlib.obj
 0001:00001ad0       ??1?$TRefObject@UIClient@IBinArchiveFrame@libmedia@UModSys@@U?$TRefObjectFunc@UIClient@IBinArchiveFrame@libmedia@UModSys@@@tl@4@@tl@UModSys@@QEAA@XZ 0000000140002ad0 f i umodsys_lib_libmedia:umodsys.mod.media.stdlib.obj
 0001:00001ad0       ??1?$TRefObject@UIStreamReader@libmedia@UModSys@@U?$TRefObjectFunc@UIStreamReader@libmedia@UModSys@@@tl@3@@tl@UModSys@@QEAA@XZ 0000000140002ad0 f i umodsys_lib_libmedia:umodsys.mod.media.stdio.obj
 0001:00001ad0       ??1?$TRefObject@UIBinObjFilter@libmedia@UModSys@@U?$TRefObjectFunc@UIBinObjFilter@libmedia@UModSys@@@tl@3@@tl@UModSys@@QEAA@XZ 0000000140002ad0 f i umodsys_lib_libmedia:umodsys.mod.media.stdlib.obj
 0001:00001ad0       ??1?$TRefObject@UIBinArchive@libmedia@UModSys@@U?$TRefObjectFunc@UIBinArchive@libmedia@UModSys@@@tl@3@@tl@UModSys@@QEAA@XZ 0000000140002ad0 f i umodsys_lib_libmedia:umodsys.mod.media.stdlib.obj
 0001:00001ad0       ??1?$TRefObject@URLibraryObjFilter@stdlib@media@modules@UModSys@@U?$TRefObjectFunc@URLibraryObjFilter@stdlib@media@modules@UModSys@@@tl@5@@tl@UModSys@@QEAA@XZ 0000000140002ad0 f i umodsys_lib_libmedia:umodsys.mod.media.stdlib.obj
 0001:00001ad0       ??1?$TRefObject@UILibrary@libmedia@UModSys@@U?$TRefObjectFunc@UILibrary@libmedia@UModSys@@@tl@3@@tl@UModSys@@QEAA@XZ 0000000140002ad0 f i umodsys_lib_libmedia:umodsys.mod.media.stdlib.obj
 0001:00001ad0       ??1?$TRefObject@URParameters@rsystem@base@UModSys@@U?$TRefObjectFunc@URParameters@rsystem@base@UModSys@@@tl@4@@tl@UModSys@@QEAA@XZ 0000000140002ad0 f i umodsys_lib_basesys:umodsys.basesys.rsystem_main.obj
 0001:00001ad0       ??1?$TRefObject@UIRefObject@core@UModSys@@U?$TRefObjectFunc@UIRefObject@core@UModSys@@@tl@3@@tl@UModSys@@QEAA@XZ 0000000140002ad0 f i umodsys_lib_libmedia:umodsys.mod.media.stdlib.obj
 0001:00001ad0       ??1?$TRefObject@URDataArchiver_OsDir@stdio@media@modules@UModSys@@U?$TRefObjectFunc@URDataArchiver_OsDir@stdio@media@modules@UModSys@@@tl@5@@tl@UModSys@@QEAA@XZ 0000000140002ad0 f i umodsys_lib_libmedia:umodsys.mod.media.stdio.obj
 0001:00001ad0       ??1?$TRefObject@URStreamWriter_FILE@stdio@media@modules@UModSys@@U?$TRefObjectFunc@URStreamWriter_FILE@stdio@media@modules@UModSys@@@tl@5@@tl@UModSys@@QEAA@XZ 0000000140002ad0 f i umodsys_lib_libmedia:umodsys.mod.media.stdio.obj
 0001:00001ad0       ??1?$TRefObject@UIModuleLibraryUni@rsystem@base@UModSys@@U?$TRefObjectFunc@UIModuleLibraryUni@rsystem@base@UModSys@@@tl@4@@tl@UModSys@@QEAA@XZ 0000000140002ad0 f i umodsys_lib_basesys:umodsys.basesys.rmodule.obj
 0001:00001ad0       ??1?$TRefObject@UIShell@base@UModSys@@U?$TRefObjectFunc@UIShell@base@UModSys@@@tl@3@@tl@UModSys@@QEAA@XZ 0000000140002ad0 f i umodsys_lib_basesys:umodsys.basesys.rsystem_tests.obj
 0001:00001ad0       ??1?$TRefObject@URStreamReader_FILE@stdio@media@modules@UModSys@@U?$TRefObjectFunc@URStreamReader_FILE@stdio@media@modules@UModSys@@@tl@5@@tl@UModSys@@QEAA@XZ 0000000140002ad0 f i umodsys_lib_libmedia:umodsys.mod.media.stdio.obj
 0001:00001ad0       ??1?$TRefObject@URUtilities@stdlib@media@modules@UModSys@@U?$TRefObjectFunc@URUtilities@stdlib@media@modules@UModSys@@@tl@5@@tl@UModSys@@QEAA@XZ 0000000140002ad0 f i umodsys_lib_libmedia:umodsys.mod.media.stdlib.obj
 0001:00001ad0       ??1?$TRefObject@URLibraryObjCache@stdlib@media@modules@UModSys@@U?$TRefObjectFunc@URLibraryObjCache@stdlib@media@modules@UModSys@@@tl@5@@tl@UModSys@@QEAA@XZ 0000000140002ad0 f i umodsys_lib_libmedia:umodsys.mod.media.stdlib.obj
 0001:00001ad0       ??1?$TRefObject@UIStreamWriter@libmedia@UModSys@@U?$TRefObjectFunc@UIStreamWriter@libmedia@UModSys@@@tl@3@@tl@UModSys@@QEAA@XZ 0000000140002ad0 f i umodsys_lib_libmedia:umodsys.mod.media.stdio.obj
 0001:00001ad0       ??1?$TRefObject@URBinArchiveFrame@stdlib@media@modules@UModSys@@U?$TRefObjectFunc@URBinArchiveFrame@stdlib@media@modules@UModSys@@@tl@5@@tl@UModSys@@QEAA@XZ 0000000140002ad0 f i umodsys_lib_libmedia:umodsys.mod.media.stdlib.obj
 0001:00001ad0       ??1SFilter@RLibraryObjFilter@stdlib@media@modules@UModSys@@QEAA@XZ 0000000140002ad0 f i umodsys_lib_libmedia:umodsys.mod.media.stdlib.obj
 0001:00001b00       ??_ERGenerator@stdio@media@modules@UModSys@@UEAAPEAXI@Z 0000000140002b00 f i  CIL library: CIL module
 0001:00001b00       ??_ERGenerator@stdlib@media@modules@UModSys@@UEAAPEAXI@Z 0000000140002b00 f i  CIL library: CIL module
 0001:00001b00       ??_GIRefObject@core@UModSys@@UEAAPEAXI@Z 0000000140002b00 f i umodsys_lib_libmedia:umodsys.mod.media.stdio.obj
 0001:00001b00       ??_GRGenerator@stdio@media@modules@UModSys@@UEAAPEAXI@Z 0000000140002b00 f i umodsys_lib_libmedia:umodsys.mod.media.stdio.obj
 0001:00001b00       ??_EIRefObject@core@UModSys@@UEAAPEAXI@Z 0000000140002b00 f i  CIL library: CIL module
 0001:00001b00       ??_GRGenerator@stdlib@media@modules@UModSys@@UEAAPEAXI@Z 0000000140002b00 f i umodsys_lib_libmedia:umodsys.mod.media.stdlib.obj
 0001:00001b30       ?info_new@?$TSCoreShared@USIMemAlloc@core@UModSys@@D@su@tl@UModSys@@QEAA_NPEBD_K@Z 0000000140002b30 f i umodsys_lib_libmedia:umodsys.mod.media.stdio.obj
 0001:00001bf0       ??$ValidateConstruction@UIRefObject@core@UModSys@@URStreamReader_FILE@stdio@media@modules@3@@core@UModSys@@YA_NAEAU?$TRefObject@UIRefObject@core@UModSys@@U?$TRefObjectFunc@UIRefObject@core@UModSys@@@tl@3@@tl@1@PEAURStreamReader_FILE@stdio@media@modules@1@@Z 0000000140002bf0 f i umodsys_lib_libmedia:umodsys.mod.media.stdio.obj
 0001:00001bf0       ??$ValidateConstruction@UIStreamReader@libmedia@UModSys@@URStreamReader_FILE@stdio@media@modules@3@@core@UModSys@@YA_NAEAU?$TRefObject@UIStreamReader@libmedia@UModSys@@U?$TRefObjectFunc@UIStreamReader@libmedia@UModSys@@@tl@3@@tl@1@PEAURStreamReader_FILE@stdio@media@modules@1@@Z 0000000140002bf0 f i umodsys_lib_libmedia:umodsys.mod.media.stdio.obj
 0001:00001c70       ??1?$TRefObject@UIModObject@base@UModSys@@U?$TModObjectFunc@UIModObject@base@UModSys@@@tl@3@@tl@UModSys@@QEAA@XZ 0000000140002c70 f i umodsys_lib_libmedia:umodsys.mod.media.stdio.obj
 0001:00001ca0       ??$is_flag@U?$TFlags4StateShift@USMediaFlagUid@libmedia@UModSys@@I$09@tl@UModSys@@@SFlags@libmedia@UModSys@@QEBA_NPEBUIResolverAuto@012@W4eStates@?$TFlags4State@USMediaFlagUid@libmedia@UModSys@@I@tl@2@@Z 0000000140002ca0 f i umodsys_lib_libmedia:umodsys.mod.media.stdio.obj
 0001:00001d30       ??$ValidateConstruction@UIStreamWriter@libmedia@UModSys@@URStreamWriter_FILE@stdio@media@modules@3@@core@UModSys@@YA_NAEAU?$TRefObject@UIStreamWriter@libmedia@UModSys@@U?$TRefObjectFunc@UIStreamWriter@libmedia@UModSys@@@tl@3@@tl@1@PEAURStreamWriter_FILE@stdio@media@modules@1@@Z 0000000140002d30 f i umodsys_lib_libmedia:umodsys.mod.media.stdio.obj
 0001:00001d30       ??$ValidateConstruction@UIRefObject@core@UModSys@@URStreamWriter_FILE@stdio@media@modules@3@@core@UModSys@@YA_NAEAU?$TRefObject@UIRefObject@core@UModSys@@U?$TRefObjectFunc@UIRefObject@core@UModSys@@@tl@3@@tl@1@PEAURStreamWriter_FILE@stdio@media@modules@1@@Z 0000000140002d30 f i umodsys_lib_libmedia:umodsys.mod.media.stdio.obj
 0001:00001db0       ?s_set@?$TRefObjectFunc@UIRefObject@core@UModSys@@@tl@UModSys@@SAXAEAPEAUIRefObject@core@3@PEAU453@@Z 0000000140002db0 f i umodsys_lib_libmedia:umodsys.mod.media.stdio.obj
 0001:00001df0       ??1SMemShared@core@UModSys@@QEAA@XZ 0000000140002df0 f i umodsys_lib_libmedia:umodsys.mod.media.stdio.obj
 0001:00001df0       ??1SInfo@IBinObjFilter@libmedia@UModSys@@QEAA@XZ 0000000140002df0 f i umodsys_lib_libmedia:umodsys.mod.media.stdlib.obj
 0001:00001df0       ??1SCMemShared@core@UModSys@@QEAA@XZ 0000000140002df0 f i umodsys_lib_libmedia:umodsys.mod.media.stdlib.obj
 0001:00001e20       ??1SFileInfo@libmedia@UModSys@@QEAA@XZ 0000000140002e20 f i umodsys_lib_libmedia:umodsys.mod.media.stdlib.obj
 0001:00001ed0       ?get_flag@RResolverChain@SFlagsChain@libmedia@UModSys@@UEBA?AW4eStates@?$TFlags4State@USMediaFlagUid@libmedia@UModSys@@I@tl@4@H@Z 0000000140002ed0 f i umodsys_lib_libmedia:umodsys.mod.media.stdlib.obj
 0001:00001f20       ?bin_reader@ILibrary@libmedia@UModSys@@QEAA?AU?$TRefObject@UIStreamReader@libmedia@UModSys@@U?$TRefObjectFunc@UIStreamReader@libmedia@UModSys@@@tl@3@@tl@3@AEBU?$TString@U?$TSCoreConst@D@su@tl@UModSys@@U?$TComparerBinaryHash@D@234@@53@AEBU?$TFlags4State@USMediaFlagUid@libmedia@UModSys@@I@53@@Z 0000000140002f20 f i umodsys_lib_libmedia:umodsys.mod.media.stdlib.obj
 0001:00001f60       ?bin_writer@ILibrary@libmedia@UModSys@@QEAA?AU?$TRefObject@UIStreamWriter@libmedia@UModSys@@U?$TRefObjectFunc@UIStreamWriter@libmedia@UModSys@@@tl@3@@tl@3@AEBU?$TString@U?$TSCoreConst@D@su@tl@UModSys@@U?$TComparerBinaryHash@D@234@@53@AEBU?$TFlags4State@USMediaFlagUid@libmedia@UModSys@@I@53@@Z 0000000140002f60 f i umodsys_lib_libmedia:umodsys.mod.media.stdlib.obj
 0001:00001fa0       ??1SPoint@ILibraryBinTree@libmedia@UModSys@@QEAA@XZ 0000000140002fa0 f i umodsys_lib_libmedia:umodsys.mod.media.stdlib.obj
 0001:00001fa0       ??1SLayer@ILibraryLayered@libmedia@UModSys@@QEAA@XZ 0000000140002fa0 f i umodsys_lib_libmedia:umodsys.mod.media.stdlib.obj
 0001:00001fd0       ?root_get_interface_info@RUtilities@stdlib@media@modules@UModSys@@UEBAAEBUSUniquePointerInfo@core@5@XZ 0000000140002fd0 f i umodsys_lib_libmedia:umodsys.mod.media.stdlib.obj
 0001:00001fe0       ?root_get_interface_type@RUtilities@stdlib@media@modules@UModSys@@UEBAPEBUSUniquePointerInfo@core@5@XZ 0000000140002fe0 f i umodsys_lib_libmedia:umodsys.mod.media.stdlib.obj
 0001:00001ff0       ?root_get_other_interface@RUtilities@stdlib@media@modules@UModSys@@UEAAPEAUIRoot@core@5@PEBUSUniquePointerInfo@75@@Z 0000000140002ff0 f i umodsys_lib_libmedia:umodsys.mod.media.stdlib.obj
 0001:00001ff0       ?root_get_other_interface@RUtilities@stdlib@media@modules@UModSys@@UEBAPEBUIRoot@core@5@PEBUSUniquePointerInfo@75@@Z 0000000140002ff0 f i umodsys_lib_libmedia:umodsys.mod.media.stdlib.obj
 0001:00002020       ?root_is_interface_supported@RUtilities@stdlib@media@modules@UModSys@@UEBA_NPEBUSUniquePointerInfo@core@5@@Z 0000000140003020 f i umodsys_lib_libmedia:umodsys.mod.media.stdlib.obj
 0001:00002050       ?ref_remove@RUtilities@stdlib@media@modules@UModSys@@UEBAXXZ 0000000140003050 f i umodsys_lib_libmedia:umodsys.mod.media.stdlib.obj
 0001:00002050       ?ref_remove@RGenerator@stdio@media@modules@UModSys@@UEBAXXZ 0000000140003050 f i umodsys_lib_libmedia:umodsys.mod.media.stdio.obj
 0001:00002050       ?ref_remove@RGenerator@stdlib@media@modules@UModSys@@UEBAXXZ 0000000140003050 f i umodsys_lib_libmedia:umodsys.mod.media.stdlib.obj
 0001:00002050       ?ref_remove@RStreamWriter_FILE@stdio@media@modules@UModSys@@UEBAXXZ 0000000140003050 f i umodsys_lib_libmedia:umodsys.mod.media.stdio.obj
 0001:00002050       ?ref_remove@RStreamReader_FILE@stdio@media@modules@UModSys@@UEBAXXZ 0000000140003050 f i umodsys_lib_libmedia:umodsys.mod.media.stdio.obj
 0001:00002070       ?ref_weak@RStreamReader_FILE@stdio@media@modules@UModSys@@UEBA_NAEAUWeakPointer@IRefObject@core@5@@Z 0000000140003070 f i umodsys_lib_libmedia:umodsys.mod.media.stdio.obj
 0001:00002070       ?ref_weak@RUtilities@stdlib@media@modules@UModSys@@UEBA_NAEAUWeakPointer@IRefObject@core@5@@Z 0000000140003070 f i umodsys_lib_libmedia:umodsys.mod.media.stdlib.obj
 0001:00002070       ?ref_weak@RGenerator@stdio@media@modules@UModSys@@UEBA_NAEAUWeakPointer@IRefObject@core@5@@Z 0000000140003070 f i umodsys_lib_libmedia:umodsys.mod.media.stdio.obj
 0001:00002070       ?ref_weak@RGenerator@stdlib@media@modules@UModSys@@UEBA_NAEAUWeakPointer@IRefObject@core@5@@Z 0000000140003070 f i umodsys_lib_libmedia:umodsys.mod.media.stdlib.obj
 0001:00002070       ?ref_weak@RStreamWriter_FILE@stdio@media@modules@UModSys@@UEBA_NAEAUWeakPointer@IRefObject@core@5@@Z 0000000140003070 f i umodsys_lib_libmedia:umodsys.mod.media.stdio.obj
 0001:00002090       ?_root_get_interface_types@RBinArchiveFrame@stdlib@media@modules@UModSys@@SA_KAEAUSUniquePtrList@core@5@@Z 0000000140003090 f i umodsys_lib_libmedia:umodsys.mod.media.stdlib.obj
 0001:00002100       ?root_get_interface_info@RBinArchiveFrame@stdlib@media@modules@UModSys@@UEBAAEBUSUniquePointerInfo@core@5@XZ 0000000140003100 f i umodsys_lib_libmedia:umodsys.mod.media.stdlib.obj
 0001:00002110       ?root_get_interface_type@RBinArchiveFrame@stdlib@media@modules@UModSys@@UEBAPEBUSUniquePointerInfo@core@5@XZ 0000000140003110 f i umodsys_lib_libmedia:umodsys.mod.media.stdlib.obj
 0001:00002120       ?root_get_other_interface@RBinArchiveFrame@stdlib@media@modules@UModSys@@UEAAPEAUIRoot@core@5@PEBUSUniquePointerInfo@75@@Z 0000000140003120 f i umodsys_lib_libmedia:umodsys.mod.media.stdlib.obj
 0001:00002120       ?root_get_other_interface@RBinArchiveFrame@stdlib@media@modules@UModSys@@UEBAPEBUIRoot@core@5@PEBUSUniquePointerInfo@75@@Z 0000000140003120 f i umodsys_lib_libmedia:umodsys.mod.media.stdlib.obj
 0001:00002160       ?root_is_interface_supported@RBinArchiveFrame@stdlib@media@modules@UModSys@@UEBA_NPEBUSUniquePointerInfo@core@5@@Z 0000000140003160 f i umodsys_lib_libmedia:umodsys.mod.media.stdlib.obj
 0001:000021a0       ?ref_add@RBinArchiveFrame@stdlib@media@modules@UModSys@@UEBAXXZ 00000001400031a0 f i umodsys_lib_libmedia:umodsys.mod.media.stdlib.obj
 0001:000021b0       ?ref_remove@RBinArchiveFrame@stdlib@media@modules@UModSys@@UEBAXXZ 00000001400031b0 f i umodsys_lib_libmedia:umodsys.mod.media.stdlib.obj
 0001:000021d0       ?ref_links@RBinArchiveFrame@stdlib@media@modules@UModSys@@UEBAHXZ 00000001400031d0 f i umodsys_lib_libmedia:umodsys.mod.media.stdlib.obj
 0001:000021e0       ?ref_weak@RBinArchiveFrame@stdlib@media@modules@UModSys@@UEBA_NAEAUWeakPointer@IRefObject@core@5@@Z 00000001400031e0 f i umodsys_lib_libmedia:umodsys.mod.media.stdlib.obj
 0001:00002200       ?suicide@RBinArchiveFrame@stdlib@media@modules@UModSys@@UEAAXXZ 0000000140003200 f i umodsys_lib_libmedia:umodsys.mod.media.stdlib.obj
 0001:00002250       ?_root_get_interface_types@RLibraryBinTree@stdlib@media@modules@UModSys@@SA_KAEAUSUniquePtrList@core@5@@Z 0000000140003250 f i umodsys_lib_libmedia:umodsys.mod.media.stdlib.obj
 0001:000022c0       ?root_get_interface_info@RLibraryBinTree@stdlib@media@modules@UModSys@@UEBAAEBUSUniquePointerInfo@core@5@XZ 00000001400032c0 f i umodsys_lib_libmedia:umodsys.mod.media.stdlib.obj
 0001:000022d0       ?root_get_interface_type@RLibraryBinTree@stdlib@media@modules@UModSys@@UEBAPEBUSUniquePointerInfo@core@5@XZ 00000001400032d0 f i umodsys_lib_libmedia:umodsys.mod.media.stdlib.obj
 0001:000022e0       ?root_get_other_interface@RLibraryBinTree@stdlib@media@modules@UModSys@@UEBAPEBUIRoot@core@5@PEBUSUniquePointerInfo@75@@Z 00000001400032e0 f i umodsys_lib_libmedia:umodsys.mod.media.stdlib.obj
 0001:000022e0       ?root_get_other_interface@RLibraryBinTree@stdlib@media@modules@UModSys@@UEAAPEAUIRoot@core@5@PEBUSUniquePointerInfo@75@@Z 00000001400032e0 f i umodsys_lib_libmedia:umodsys.mod.media.stdlib.obj
 0001:00002320       ?root_is_interface_supported@RLibraryBinTree@stdlib@media@modules@UModSys@@UEBA_NPEBUSUniquePointerInfo@core@5@@Z 0000000140003320 f i umodsys_lib_libmedia:umodsys.mod.media.stdlib.obj
 0001:00002360       ?_root_get_interface_types@RLibraryBinCache@stdlib@media@modules@UModSys@@SA_KAEAUSUniquePtrList@core@5@@Z 0000000140003360 f i umodsys_lib_libmedia:umodsys.mod.media.stdlib.obj
 0001:000023d0       ?root_get_interface_info@RLibraryBinCache@stdlib@media@modules@UModSys@@UEBAAEBUSUniquePointerInfo@core@5@XZ 00000001400033d0 f i umodsys_lib_libmedia:umodsys.mod.media.stdlib.obj
 0001:000023e0       ?root_get_interface_type@RLibraryBinCache@stdlib@media@modules@UModSys@@UEBAPEBUSUniquePointerInfo@core@5@XZ 00000001400033e0 f i umodsys_lib_libmedia:umodsys.mod.media.stdlib.obj
 0001:000023f0       ?root_get_other_interface@RLibraryBinCache@stdlib@media@modules@UModSys@@UEBAPEBUIRoot@core@5@PEBUSUniquePointerInfo@75@@Z 00000001400033f0 f i umodsys_lib_libmedia:umodsys.mod.media.stdlib.obj
 0001:000023f0       ?root_get_other_interface@RLibraryBinCache@stdlib@media@modules@UModSys@@UEAAPEAUIRoot@core@5@PEBUSUniquePointerInfo@75@@Z 00000001400033f0 f i umodsys_lib_libmedia:umodsys.mod.media.stdlib.obj
 0001:00002430       ?root_is_interface_supported@RLibraryBinCache@stdlib@media@modules@UModSys@@UEBA_NPEBUSUniquePointerInfo@core@5@@Z 0000000140003430 f i umodsys_lib_libmedia:umodsys.mod.media.stdlib.obj
 0001:00002470       ?ref_links@RLibraryObjCache@stdlib@media@modules@UModSys@@UEBAHXZ 0000000140003470 f i umodsys_lib_libmedia:umodsys.mod.media.stdlib.obj
 0001:00002470       ?ref_links@RLibraryBinCache@stdlib@media@modules@UModSys@@UEBAHXZ 0000000140003470 f i umodsys_lib_libmedia:umodsys.mod.media.stdlib.obj
 0001:00002470       ?ref_links@RDataArchiver_OsDir@stdio@media@modules@UModSys@@UEBAHXZ 0000000140003470 f i umodsys_lib_libmedia:umodsys.mod.media.stdio.obj
 0001:00002470       ?ref_links@RParameters@rsystem@base@UModSys@@UEBAHXZ 0000000140003470 f i umodsys_lib_basesys:umodsys.basesys.rparameters.obj
 0001:00002470       ?ref_links@RLibraryLayered@stdlib@media@modules@UModSys@@UEBAHXZ 0000000140003470 f i umodsys_lib_libmedia:umodsys.mod.media.stdlib.obj
 0001:00002470       ?ref_links@RLibraryObjFilter@stdlib@media@modules@UModSys@@UEBAHXZ 0000000140003470 f i umodsys_lib_libmedia:umodsys.mod.media.stdlib.obj
 0001:00002470       ?ref_links@RLibraryBinTree@stdlib@media@modules@UModSys@@UEBAHXZ 0000000140003470 f i umodsys_lib_libmedia:umodsys.mod.media.stdlib.obj
 0001:00002480       ??0RLibraryBinCache@stdlib@media@modules@UModSys@@QEAA@PEAUIModObject@base@4@AEBUSParameters@core@4@U?$TFlags4State@USMediaFlagUid@libmedia@UModSys@@I@tl@4@@Z 0000000140003480 f i umodsys_lib_libmedia:umodsys.mod.media.stdlib.obj
 0001:00002520       ?get_flags_auto@RLibraryBinCache@stdlib@media@modules@UModSys@@UEBA?AU?$TFlags4State@USMediaFlagUid@libmedia@UModSys@@I@tl@5@XZ 0000000140003520 f i umodsys_lib_libmedia:umodsys.mod.media.stdlib.obj
 0001:00002530       ?bin_load@RLibraryBinCache@stdlib@media@modules@UModSys@@UEAA_NAEBU?$TString@U?$TSCoreConst@D@su@tl@UModSys@@U?$TComparerBinaryHash@D@234@@tl@5@AEAUSCMemShared@core@5@AEBUSFlags@libmedia@5@@Z 0000000140003530 f i umodsys_lib_libmedia:umodsys.mod.media.stdlib.obj
 0001:000025d0       ?bin_get@RLibraryBinCache@stdlib@media@modules@UModSys@@UEAA_NAEBU?$TString@U?$TSCoreConst@D@su@tl@UModSys@@U?$TComparerBinaryHash@D@234@@tl@5@AEAUSCMemShared@core@5@_N@Z 00000001400035d0 f i umodsys_lib_libmedia:umodsys.mod.media.stdlib.obj
 0001:000025d0       ?obj_cget@RLibraryObjCache@stdlib@media@modules@UModSys@@UEAA_NAEBU?$TString@U?$TSCoreConst@D@su@tl@UModSys@@U?$TComparerBinaryHash@D@234@@tl@5@AEAU?$TRefObject@UIRefObject@core@UModSys@@U?$TRefObjectFunc@UIRefObject@core@UModSys@@@tl@3@@75@_N@Z 00000001400035d0 f i umodsys_lib_libmedia:umodsys.mod.media.stdlib.obj
 0001:00002610       ?bin_put@RLibraryBinCache@stdlib@media@modules@UModSys@@UEAA_NAEBU?$TString@U?$TSCoreConst@D@su@tl@UModSys@@U?$TComparerBinaryHash@D@234@@tl@5@PEBUSCMemShared@core@5@@Z 0000000140003610 f i umodsys_lib_libmedia:umodsys.mod.media.stdlib.obj
 0001:00002630       ?bincache_get@RLibraryBinCache@stdlib@media@modules@UModSys@@UEBA_NAEBU?$TString@U?$TSCoreConst@D@su@tl@UModSys@@U?$TComparerBinaryHash@D@234@@tl@5@PEAUSCMemShared@core@5@PEA_N@Z 0000000140003630 f i umodsys_lib_libmedia:umodsys.mod.media.stdlib.obj
 0001:000026e0       ?bincache_add@RLibraryBinCache@stdlib@media@modules@UModSys@@UEAA_NAEBU?$TString@U?$TSCoreConst@D@su@tl@UModSys@@U?$TComparerBinaryHash@D@234@@tl@5@@Z 00000001400036e0 f i umodsys_lib_libmedia:umodsys.mod.media.stdlib.obj
 0001:00002710       ?bincache_add@RLibraryBinCache@stdlib@media@modules@UModSys@@UEAA_NAEBU?$TString@U?$TSCoreConst@D@su@tl@UModSys@@U?$TComparerBinaryHash@D@234@@tl@5@AEBUSCMemShared@core@5@@Z 0000000140003710 f i umodsys_lib_libmedia:umodsys.mod.media.stdlib.obj
 0001:00002720       ?bincache_remove@RLibraryBinCache@stdlib@media@modules@UModSys@@UEAA_NAEBU?$TString@U?$TSCoreConst@D@su@tl@UModSys@@U?$TComparerBinaryHash@D@234@@tl@5@@Z 0000000140003720 f i umodsys_lib_libmedia:umodsys.mod.media.stdlib.obj
 0001:00002780       ?bincache_clear@RLibraryBinCache@stdlib@media@modules@UModSys@@UEAA_NXZ 0000000140003780 f i umodsys_lib_libmedia:umodsys.mod.media.stdlib.obj
 0001:000027b0       ?bincache_add@RLibraryBinCache@stdlib@media@modules@UModSys@@QEAA_NAEBU?$TString@U?$TSCoreConst@D@su@tl@UModSys@@U?$TComparerBinaryHash@D@234@@tl@5@AEBUSCMemShared@core@5@_N@Z 00000001400037b0 f i umodsys_lib_libmedia:umodsys.mod.media.stdlib.obj
 0001:000029c0       ??_GRLibraryBinCache@stdlib@media@modules@UModSys@@UEAAPEAXI@Z 00000001400039c0 f i umodsys_lib_libmedia:umodsys.mod.media.stdlib.obj
 0001:000029c0       ??_ERLibraryBinCache@stdlib@media@modules@UModSys@@UEAAPEAXI@Z 00000001400039c0 f i  CIL library: CIL module
 0001:00002a50       ?_root_get_interface_types@RLibraryLayered@stdlib@media@modules@UModSys@@SA_KAEAUSUniquePtrList@core@5@@Z 0000000140003a50 f i umodsys_lib_libmedia:umodsys.mod.media.stdlib.obj
 0001:00002ac0       ?root_get_interface_info@RLibraryLayered@stdlib@media@modules@UModSys@@UEBAAEBUSUniquePointerInfo@core@5@XZ 0000000140003ac0 f i umodsys_lib_libmedia:umodsys.mod.media.stdlib.obj
 0001:00002ad0       ?root_get_interface_type@RLibraryLayered@stdlib@media@modules@UModSys@@UEBAPEBUSUniquePointerInfo@core@5@XZ 0000000140003ad0 f i umodsys_lib_libmedia:umodsys.mod.media.stdlib.obj
 0001:00002ae0       ?root_get_other_interface@RLibraryLayered@stdlib@media@modules@UModSys@@UEAAPEAUIRoot@core@5@PEBUSUniquePointerInfo@75@@Z 0000000140003ae0 f i umodsys_lib_libmedia:umodsys.mod.media.stdlib.obj
 0001:00002ae0       ?root_get_other_interface@RLibraryLayered@stdlib@media@modules@UModSys@@UEBAPEBUIRoot@core@5@PEBUSUniquePointerInfo@75@@Z 0000000140003ae0 f i umodsys_lib_libmedia:umodsys.mod.media.stdlib.obj
 0001:00002b20       ?root_is_interface_supported@RLibraryLayered@stdlib@media@modules@UModSys@@UEBA_NPEBUSUniquePointerInfo@core@5@@Z 0000000140003b20 f i umodsys_lib_libmedia:umodsys.mod.media.stdlib.obj
 0001:00002b60       ?ref_weak@RLibraryObjCache@stdlib@media@modules@UModSys@@UEBA_NAEAUWeakPointer@IRefObject@core@5@@Z 0000000140003b60 f i umodsys_lib_libmedia:umodsys.mod.media.stdlib.obj
 0001:00002b60       ?ref_weak@RParameters@rsystem@base@UModSys@@UEBA_NAEAUWeakPointer@IRefObject@core@4@@Z 0000000140003b60 f i umodsys_lib_basesys:umodsys.basesys.rparameters.obj
 0001:00002b60       ?ref_weak@RLibraryLayered@stdlib@media@modules@UModSys@@UEBA_NAEAUWeakPointer@IRefObject@core@5@@Z 0000000140003b60 f i umodsys_lib_libmedia:umodsys.mod.media.stdlib.obj
 0001:00002b60       ?ref_weak@RDataArchiver_OsDir@stdio@media@modules@UModSys@@UEBA_NAEAUWeakPointer@IRefObject@core@5@@Z 0000000140003b60 f i umodsys_lib_libmedia:umodsys.mod.media.stdio.obj
 0001:00002b60       ?ref_weak@RLibraryBinCache@stdlib@media@modules@UModSys@@UEBA_NAEAUWeakPointer@IRefObject@core@5@@Z 0000000140003b60 f i umodsys_lib_libmedia:umodsys.mod.media.stdlib.obj
 0001:00002b60       ?ref_weak@RLibraryObjFilter@stdlib@media@modules@UModSys@@UEBA_NAEAUWeakPointer@IRefObject@core@5@@Z 0000000140003b60 f i umodsys_lib_libmedia:umodsys.mod.media.stdlib.obj
 0001:00002b60       ?ref_weak@RLibraryBinTree@stdlib@media@modules@UModSys@@UEBA_NAEAUWeakPointer@IRefObject@core@5@@Z 0000000140003b60 f i umodsys_lib_libmedia:umodsys.mod.media.stdlib.obj
 0001:00002b80       ??4SLayerX@RLibraryLayered@stdlib@media@modules@UModSys@@QEAAXAEBUSLayer@ILibraryLayered@libmedia@5@@Z 0000000140003b80 f i umodsys_lib_libmedia:umodsys.mod.media.stdlib.obj
 0001:00002c30       ??0RLibraryLayered@stdlib@media@modules@UModSys@@QEAA@PEAUIModObject@base@4@AEBUSParameters@core@4@U?$TFlags4State@USMediaFlagUid@libmedia@UModSys@@I@tl@4@@Z 0000000140003c30 f i umodsys_lib_libmedia:umodsys.mod.media.stdlib.obj
 0001:00002ce0       ?get_flag@RLibraryLayered@stdlib@media@modules@UModSys@@UEBA?AW4eStates@?$TFlags4State@USMediaFlagUid@libmedia@UModSys@@I@tl@5@H@Z 0000000140003ce0 f i umodsys_lib_libmedia:umodsys.mod.media.stdlib.obj
 0001:00002cf0       ?get_flags_auto@RLibraryLayered@stdlib@media@modules@UModSys@@UEBA?AU?$TFlags4State@USMediaFlagUid@libmedia@UModSys@@I@tl@5@XZ 0000000140003cf0 f i umodsys_lib_libmedia:umodsys.mod.media.stdlib.obj
 0001:00002d00       ?set_flag@RLibraryLayered@stdlib@media@modules@UModSys@@UEAA?AW4eStates@?$TFlags4State@USMediaFlagUid@libmedia@UModSys@@I@tl@5@HW46785@@Z 0000000140003d00 f i umodsys_lib_libmedia:umodsys.mod.media.stdlib.obj
 0001:00002d30       ?bin_reader@RLibraryLayered@stdlib@media@modules@UModSys@@UEAA?AU?$TRefObject@UIStreamReader@libmedia@UModSys@@U?$TRefObjectFunc@UIStreamReader@libmedia@UModSys@@@tl@3@@tl@5@AEBU?$TString@U?$TSCoreConst@D@su@tl@UModSys@@U?$TComparerBinaryHash@D@234@@75@AEBUSFlags@libmedia@5@@Z 0000000140003d30 f i umodsys_lib_libmedia:umodsys.mod.media.stdlib.obj
 0001:00002e30       ?bin_writer@RLibraryLayered@stdlib@media@modules@UModSys@@UEAA?AU?$TRefObject@UIStreamWriter@libmedia@UModSys@@U?$TRefObjectFunc@UIStreamWriter@libmedia@UModSys@@@tl@3@@tl@5@AEBU?$TString@U?$TSCoreConst@D@su@tl@UModSys@@U?$TComparerBinaryHash@D@234@@75@AEBUSFlags@libmedia@5@@Z 0000000140003e30 f i umodsys_lib_libmedia:umodsys.mod.media.stdlib.obj
 0001:00002f30       ?bin_load@RLibraryLayered@stdlib@media@modules@UModSys@@UEAA_NAEBU?$TString@U?$TSCoreConst@D@su@tl@UModSys@@U?$TComparerBinaryHash@D@234@@tl@5@AEAUSCMemShared@core@5@AEBUSFlags@libmedia@5@@Z 0000000140003f30 f i umodsys_lib_libmedia:umodsys.mod.media.stdlib.obj
 0001:00003100       ?bin_save@RLibraryLayered@stdlib@media@modules@UModSys@@UEAA_NAEBU?$TString@U?$TSCoreConst@D@su@tl@UModSys@@U?$TComparerBinaryHash@D@234@@tl@5@AEBUSCMem@core@5@AEBUSFlags@libmedia@5@@Z 0000000140004100 f i umodsys_lib_libmedia:umodsys.mod.media.stdlib.obj
 0001:00003300       ?bin_info@RLibraryLayered@stdlib@media@modules@UModSys@@UEAA_NAEBU?$TString@U?$TSCoreConst@D@su@tl@UModSys@@U?$TComparerBinaryHash@D@234@@tl@5@AEAUSFileInfo@libmedia@5@AEBUSFlags@95@@Z 0000000140004300 f i umodsys_lib_libmedia:umodsys.mod.media.stdlib.obj
 0001:000033c0       ?bin_info@RLibraryLayered@stdlib@media@modules@UModSys@@UEAA_NAEBU?$TString@U?$TSCoreConst@D@su@tl@UModSys@@U?$TComparerBinaryHash@D@234@@tl@5@AEAU?$TIStackSocket@USFileInfo@libmedia@UModSys@@@75@AEBUSFlags@libmedia@5@@Z 00000001400043c0 f i umodsys_lib_libmedia:umodsys.mod.media.stdlib.obj
 0001:00003490       ?bin_get@RLibraryLayered@stdlib@media@modules@UModSys@@UEAA_NAEBU?$TString@U?$TSCoreConst@D@su@tl@UModSys@@U?$TComparerBinaryHash@D@234@@tl@5@AEAUSCMemShared@core@5@_N@Z 0000000140004490 f i umodsys_lib_libmedia:umodsys.mod.media.stdlib.obj
 0001:00003520       ?bin_put@RLibraryLayered@stdlib@media@modules@UModSys@@UEAA_NAEBU?$TString@U?$TSCoreConst@D@su@tl@UModSys@@U?$TComparerBinaryHash@D@234@@tl@5@PEBUSCMemShared@core@5@@Z 0000000140004520 f i umodsys_lib_libmedia:umodsys.mod.media.stdlib.obj
 0001:000035a0       ?obj_fget@RLibraryLayered@stdlib@media@modules@UModSys@@UEAA_NAEBUSInfo@IBinObjFilter@libmedia@5@AEAU?$TRefObject@UIRefObject@core@UModSys@@U?$TRefObjectFunc@UIRefObject@core@UModSys@@@tl@3@@tl@5@@Z 00000001400045a0 f i umodsys_lib_libmedia:umodsys.mod.media.stdlib.obj
 0001:00003620       ?obj_fload@RLibraryLayered@stdlib@media@modules@UModSys@@UEAA_NAEBUSInfo@IBinObjFilter@libmedia@5@PEAUIRefObject@core@5@@Z 0000000140004620 f i umodsys_lib_libmedia:umodsys.mod.media.stdlib.obj
 0001:000036a0       ?obj_fsave@RLibraryLayered@stdlib@media@modules@UModSys@@UEAA_NAEAUSInfo@IBinObjFilter@libmedia@5@PEBUIRefObject@core@5@@Z 00000001400046a0 f i umodsys_lib_libmedia:umodsys.mod.media.stdlib.obj
 0001:00003720       ?obj_cget@RLibraryLayered@stdlib@media@modules@UModSys@@UEAA_NAEBU?$TString@U?$TSCoreConst@D@su@tl@UModSys@@U?$TComparerBinaryHash@D@234@@tl@5@AEAU?$TRefObject@UIRefObject@core@UModSys@@U?$TRefObjectFunc@UIRefObject@core@UModSys@@@tl@3@@75@_N@Z 0000000140004720 f i umodsys_lib_libmedia:umodsys.mod.media.stdlib.obj
 0001:000037b0       ?obj_cput@RLibraryLayered@stdlib@media@modules@UModSys@@UEAA_NAEBU?$TString@U?$TSCoreConst@D@su@tl@UModSys@@U?$TComparerBinaryHash@D@234@@tl@5@PEAUIRefObject@core@5@@Z 00000001400047b0 f i umodsys_lib_libmedia:umodsys.mod.media.stdlib.obj
 0001:00003830       ?obj_get@RLibraryLayered@stdlib@media@modules@UModSys@@UEAA_NAEBU?$TString@U?$TSCoreConst@D@su@tl@UModSys@@U?$TComparerBinaryHash@D@234@@tl@5@AEAU?$TRefObject@UIRefObject@core@UModSys@@U?$TRefObjectFunc@UIRefObject@core@UModSys@@@tl@3@@75@AEBUSObjOptions@ILibrary@libmedia@5@@Z 0000000140004830 f i umodsys_lib_libmedia:umodsys.mod.media.stdlib.obj
 0001:00003c60       ?obj_load@RLibraryLayered@stdlib@media@modules@UModSys@@UEAA_NAEBU?$TString@U?$TSCoreConst@D@su@tl@UModSys@@U?$TComparerBinaryHash@D@234@@tl@5@PEAUIRefObject@core@5@AEBUSObjOptions@ILibrary@libmedia@5@@Z 0000000140004c60 f i umodsys_lib_libmedia:umodsys.mod.media.stdlib.obj
 0001:00003e10       ?obj_save@RLibraryLayered@stdlib@media@modules@UModSys@@UEAA_NAEBU?$TString@U?$TSCoreConst@D@su@tl@UModSys@@U?$TComparerBinaryHash@D@234@@tl@5@PEBUIRefObject@core@5@AEBUSObjOptions@ILibrary@libmedia@5@@Z 0000000140004e10 f i umodsys_lib_libmedia:umodsys.mod.media.stdlib.obj
 0001:00004050       ?layer_count@RLibraryLayered@stdlib@media@modules@UModSys@@UEBA_KAEBUSLayer@ILibraryLayered@libmedia@5@@Z 0000000140005050 f i umodsys_lib_libmedia:umodsys.mod.media.stdlib.obj
 0001:00004060       ?layer_get@RLibraryLayered@stdlib@media@modules@UModSys@@UEBA?AUSLayer@ILibraryLayered@libmedia@5@_K@Z 0000000140005060 f i umodsys_lib_libmedia:umodsys.mod.media.stdlib.obj
 0001:000040d0       ?layer_find@RLibraryLayered@stdlib@media@modules@UModSys@@UEBA_KAEBU?$TString@U?$TSCoreConst@D@su@tl@UModSys@@U?$TComparerBinaryHash@D@234@@tl@5@_K@Z 00000001400050d0 f i umodsys_lib_libmedia:umodsys.mod.media.stdlib.obj
 0001:00004180       ?layer_insert@RLibraryLayered@stdlib@media@modules@UModSys@@UEAA_NAEBUSLayer@ILibraryLayered@libmedia@5@_K@Z 0000000140005180 f i umodsys_lib_libmedia:umodsys.mod.media.stdlib.obj
 0001:000041f0       ?layer_remove@RLibraryLayered@stdlib@media@modules@UModSys@@UEAA_N_K@Z 00000001400051f0 f i umodsys_lib_libmedia:umodsys.mod.media.stdlib.obj
 0001:00004200       ?layer_clear@RLibraryLayered@stdlib@media@modules@UModSys@@UEAA_NXZ 0000000140005200 f i umodsys_lib_libmedia:umodsys.mod.media.stdlib.obj
 0001:00004210       ??_ERLibraryLayered@stdlib@media@modules@UModSys@@UEAAPEAXI@Z 0000000140005210 f i  CIL library: CIL module
 0001:00004210       ??_GRLibraryLayered@stdlib@media@modules@UModSys@@UEAAPEAXI@Z 0000000140005210 f i umodsys_lib_libmedia:umodsys.mod.media.stdlib.obj
 0001:00004290       ?_root_get_interface_types@RLibraryObjCache@stdlib@media@modules@UModSys@@SA_KAEAUSUniquePtrList@core@5@@Z 0000000140005290 f i umodsys_lib_libmedia:umodsys.mod.media.stdlib.obj
 0001:00004300       ?root_get_interface_info@RLibraryObjCache@stdlib@media@modules@UModSys@@UEBAAEBUSUniquePointerInfo@core@5@XZ 0000000140005300 f i umodsys_lib_libmedia:umodsys.mod.media.stdlib.obj
 0001:00004310       ?root_get_interface_type@RLibraryObjCache@stdlib@media@modules@UModSys@@UEBAPEBUSUniquePointerInfo@core@5@XZ 0000000140005310 f i umodsys_lib_libmedia:umodsys.mod.media.stdlib.obj
 0001:00004320       ?root_get_other_interface@RLibraryObjCache@stdlib@media@modules@UModSys@@UEBAPEBUIRoot@core@5@PEBUSUniquePointerInfo@75@@Z 0000000140005320 f i umodsys_lib_libmedia:umodsys.mod.media.stdlib.obj
 0001:00004320       ?root_get_other_interface@RLibraryObjCache@stdlib@media@modules@UModSys@@UEAAPEAUIRoot@core@5@PEBUSUniquePointerInfo@75@@Z 0000000140005320 f i umodsys_lib_libmedia:umodsys.mod.media.stdlib.obj
 0001:00004360       ?root_is_interface_supported@RLibraryObjCache@stdlib@media@modules@UModSys@@UEBA_NPEBUSUniquePointerInfo@core@5@@Z 0000000140005360 f i umodsys_lib_libmedia:umodsys.mod.media.stdlib.obj
 0001:000043a0       ?ref_add@RLibraryBinTree@stdlib@media@modules@UModSys@@UEBAXXZ 00000001400053a0 f i umodsys_lib_libmedia:umodsys.mod.media.stdlib.obj
 0001:000043a0       ?ref_add@RParameters@rsystem@base@UModSys@@UEBAXXZ 00000001400053a0 f i umodsys_lib_basesys:umodsys.basesys.rparameters.obj
 0001:000043a0       ?ref_add@RDataArchiver_OsDir@stdio@media@modules@UModSys@@UEBAXXZ 00000001400053a0 f i umodsys_lib_libmedia:umodsys.mod.media.stdio.obj
 0001:000043a0       ?ref_add@RLibraryObjCache@stdlib@media@modules@UModSys@@UEBAXXZ 00000001400053a0 f i umodsys_lib_libmedia:umodsys.mod.media.stdlib.obj
 0001:000043a0       ?ref_add@RLibraryObjFilter@stdlib@media@modules@UModSys@@UEBAXXZ 00000001400053a0 f i umodsys_lib_libmedia:umodsys.mod.media.stdlib.obj
 0001:000043a0       ?ref_add@RLibraryLayered@stdlib@media@modules@UModSys@@UEBAXXZ 00000001400053a0 f i umodsys_lib_libmedia:umodsys.mod.media.stdlib.obj
 0001:000043a0       ?ref_add@RLibraryBinCache@stdlib@media@modules@UModSys@@UEBAXXZ 00000001400053a0 f i umodsys_lib_libmedia:umodsys.mod.media.stdlib.obj
 0001:000043b0       ??0RLibraryObjCache@stdlib@media@modules@UModSys@@QEAA@PEAUIModObject@base@4@AEBUSParameters@core@4@U?$TFlags4State@USMediaFlagUid@libmedia@UModSys@@I@tl@4@@Z 00000001400053b0 f i umodsys_lib_libmedia:umodsys.mod.media.stdlib.obj
 0001:00004450       ?get_flag@RLibraryBinCache@stdlib@media@modules@UModSys@@UEBA?AW4eStates@?$TFlags4State@USMediaFlagUid@libmedia@UModSys@@I@tl@5@H@Z 0000000140005450 f i umodsys_lib_libmedia:umodsys.mod.media.stdlib.obj
 0001:00004450       ?get_flag@RLibraryObjCache@stdlib@media@modules@UModSys@@UEBA?AW4eStates@?$TFlags4State@USMediaFlagUid@libmedia@UModSys@@I@tl@5@H@Z 0000000140005450 f i umodsys_lib_libmedia:umodsys.mod.media.stdlib.obj
 0001:00004450       ?get_flag@RLibraryObjFilter@stdlib@media@modules@UModSys@@UEBA?AW4eStates@?$TFlags4State@USMediaFlagUid@libmedia@UModSys@@I@tl@5@H@Z 0000000140005450 f i umodsys_lib_libmedia:umodsys.mod.media.stdlib.obj
 0001:00004460       ?get_flags_auto@RLibraryObjCache@stdlib@media@modules@UModSys@@UEBA?AU?$TFlags4State@USMediaFlagUid@libmedia@UModSys@@I@tl@5@XZ 0000000140005460 f i umodsys_lib_libmedia:umodsys.mod.media.stdlib.obj
 0001:00004470       ?set_flag@RLibraryObjCache@stdlib@media@modules@UModSys@@UEAA?AW4eStates@?$TFlags4State@USMediaFlagUid@libmedia@UModSys@@I@tl@5@HW46785@@Z 0000000140005470 f i umodsys_lib_libmedia:umodsys.mod.media.stdlib.obj
 0001:00004470       ?set_flag@RLibraryObjFilter@stdlib@media@modules@UModSys@@UEAA?AW4eStates@?$TFlags4State@USMediaFlagUid@libmedia@UModSys@@I@tl@5@HW46785@@Z 0000000140005470 f i umodsys_lib_libmedia:umodsys.mod.media.stdlib.obj
 0001:00004470       ?set_flag@RLibraryBinCache@stdlib@media@modules@UModSys@@UEAA?AW4eStates@?$TFlags4State@USMediaFlagUid@libmedia@UModSys@@I@tl@5@HW46785@@Z 0000000140005470 f i umodsys_lib_libmedia:umodsys.mod.media.stdlib.obj
 0001:000044a0       ?bin_reader@RLibraryObjFilter@stdlib@media@modules@UModSys@@UEAA?AU?$TRefObject@UIStreamReader@libmedia@UModSys@@U?$TRefObjectFunc@UIStreamReader@libmedia@UModSys@@@tl@3@@tl@5@AEBU?$TString@U?$TSCoreConst@D@su@tl@UModSys@@U?$TComparerBinaryHash@D@234@@75@AEBUSFlags@libmedia@5@@Z 00000001400054a0 f i umodsys_lib_libmedia:umodsys.mod.media.stdlib.obj
 0001:000044a0       ?bin_reader@RLibraryBinCache@stdlib@media@modules@UModSys@@UEAA?AU?$TRefObject@UIStreamReader@libmedia@UModSys@@U?$TRefObjectFunc@UIStreamReader@libmedia@UModSys@@@tl@3@@tl@5@AEBU?$TString@U?$TSCoreConst@D@su@tl@UModSys@@U?$TComparerBinaryHash@D@234@@75@AEBUSFlags@libmedia@5@@Z 00000001400054a0 f i umodsys_lib_libmedia:umodsys.mod.media.stdlib.obj
 0001:000044a0       ?bin_reader@RLibraryObjCache@stdlib@media@modules@UModSys@@UEAA?AU?$TRefObject@UIStreamReader@libmedia@UModSys@@U?$TRefObjectFunc@UIStreamReader@libmedia@UModSys@@@tl@3@@tl@5@AEBU?$TString@U?$TSCoreConst@D@su@tl@UModSys@@U?$TComparerBinaryHash@D@234@@75@AEBUSFlags@libmedia@5@@Z 00000001400054a0 f i umodsys_lib_libmedia:umodsys.mod.media.stdlib.obj
 0001:000044a0       ?bin_writer@RLibraryObjCache@stdlib@media@modules@UModSys@@UEAA?AU?$TRefObject@UIStreamWriter@libmedia@UModSys@@U?$TRefObjectFunc@UIStreamWriter@libmedia@UModSys@@@tl@3@@tl@5@AEBU?$TString@U?$TSCoreConst@D@su@tl@UModSys@@U?$TComparerBinaryHash@D@234@@75@AEBUSFlags@libmedia@5@@Z 00000001400054a0 f i umodsys_lib_libmedia:umodsys.mod.media.stdlib.obj
 0001:000044a0       ?bin_writer@RLibraryBinCache@stdlib@media@modules@UModSys@@UEAA?AU?$TRefObject@UIStreamWriter@libmedia@UModSys@@U?$TRefObjectFunc@UIStreamWriter@libmedia@UModSys@@@tl@3@@tl@5@AEBU?$TString@U?$TSCoreConst@D@su@tl@UModSys@@U?$TComparerBinaryHash@D@234@@75@AEBUSFlags@libmedia@5@@Z 00000001400054a0 f i umodsys_lib_libmedia:umodsys.mod.media.stdlib.obj
 0001:000044a0       ?bin_writer@RLibraryObjFilter@stdlib@media@modules@UModSys@@UEAA?AU?$TRefObject@UIStreamWriter@libmedia@UModSys@@U?$TRefObjectFunc@UIStreamWriter@libmedia@UModSys@@@tl@3@@tl@5@AEBU?$TString@U?$TSCoreConst@D@su@tl@UModSys@@U?$TComparerBinaryHash@D@234@@75@AEBUSFlags@libmedia@5@@Z 00000001400054a0 f i umodsys_lib_libmedia:umodsys.mod.media.stdlib.obj
 0001:000044b0       ?obj_cput@RLibraryObjFilter@stdlib@media@modules@UModSys@@UEAA_NAEBU?$TString@U?$TSCoreConst@D@su@tl@UModSys@@U?$TComparerBinaryHash@D@234@@tl@5@PEAUIRefObject@core@5@@Z 00000001400054b0 f i umodsys_lib_libmedia:umodsys.mod.media.stdlib.obj
 0001:000044b0       ?bin_info@RLibraryObjCache@stdlib@media@modules@UModSys@@UEAA_NAEBU?$TString@U?$TSCoreConst@D@su@tl@UModSys@@U?$TComparerBinaryHash@D@234@@tl@5@AEAU?$TIStackSocket@USFileInfo@libmedia@UModSys@@@75@AEBUSFlags@libmedia@5@@Z 00000001400054b0 f i umodsys_lib_libmedia:umodsys.mod.media.stdlib.obj
 0001:000044b0       ?obj_get@RLibraryObjFilter@stdlib@media@modules@UModSys@@UEAA_NAEBU?$TString@U?$TSCoreConst@D@su@tl@UModSys@@U?$TComparerBinaryHash@D@234@@tl@5@AEAU?$TRefObject@UIRefObject@core@UModSys@@U?$TRefObjectFunc@UIRefObject@core@UModSys@@@tl@3@@75@AEBUSObjOptions@ILibrary@libmedia@5@@Z 00000001400054b0 f i umodsys_lib_libmedia:umodsys.mod.media.stdlib.obj
 0001:000044b0       ?obj_cget@RLibraryObjFilter@stdlib@media@modules@UModSys@@UEAA_NAEBU?$TString@U?$TSCoreConst@D@su@tl@UModSys@@U?$TComparerBinaryHash@D@234@@tl@5@AEAU?$TRefObject@UIRefObject@core@UModSys@@U?$TRefObjectFunc@UIRefObject@core@UModSys@@@tl@3@@75@_N@Z 00000001400054b0 f i umodsys_lib_libmedia:umodsys.mod.media.stdlib.obj
 0001:000044b0       ?bin_put@RLibraryObjFilter@stdlib@media@modules@UModSys@@UEAA_NAEBU?$TString@U?$TSCoreConst@D@su@tl@UModSys@@U?$TComparerBinaryHash@D@234@@tl@5@PEBUSCMemShared@core@5@@Z 00000001400054b0 f i umodsys_lib_libmedia:umodsys.mod.media.stdlib.obj
 0001:000044b0       ?bin_info@RLibraryBinCache@stdlib@media@modules@UModSys@@UEAA_NAEBU?$TString@U?$TSCoreConst@D@su@tl@UModSys@@U?$TComparerBinaryHash@D@234@@tl@5@AEAUSFileInfo@libmedia@5@AEBUSFlags@95@@Z 00000001400054b0 f i umodsys_lib_libmedia:umodsys.mod.media.stdlib.obj
 0001:000044b0       ?bin_get@RLibraryObjFilter@stdlib@media@modules@UModSys@@UEAA_NAEBU?$TString@U?$TSCoreConst@D@su@tl@UModSys@@U?$TComparerBinaryHash@D@234@@tl@5@AEAUSCMemShared@core@5@_N@Z 00000001400054b0 f i umodsys_lib_libmedia:umodsys.mod.media.stdlib.obj
 0001:000044b0       ?bin_info@RLibraryObjCache@stdlib@media@modules@UModSys@@UEAA_NAEBU?$TString@U?$TSCoreConst@D@su@tl@UModSys@@U?$TComparerBinaryHash@D@234@@tl@5@AEAUSFileInfo@libmedia@5@AEBUSFlags@95@@Z 00000001400054b0 f i umodsys_lib_libmedia:umodsys.mod.media.stdlib.obj
 0001:000044b0       ?obj_save@RLibraryBinCache@stdlib@media@modules@UModSys@@UEAA_NAEBU?$TString@U?$TSCoreConst@D@su@tl@UModSys@@U?$TComparerBinaryHash@D@234@@tl@5@PEBUIRefObject@core@5@AEBUSObjOptions@ILibrary@libmedia@5@@Z 00000001400054b0 f i umodsys_lib_libmedia:umodsys.mod.media.stdlib.obj
 0001:000044b0       ?bin_load@RLibraryObjCache@stdlib@media@modules@UModSys@@UEAA_NAEBU?$TString@U?$TSCoreConst@D@su@tl@UModSys@@U?$TComparerBinaryHash@D@234@@tl@5@AEAUSCMemShared@core@5@AEBUSFlags@libmedia@5@@Z 00000001400054b0 f i umodsys_lib_libmedia:umodsys.mod.media.stdlib.obj
 0001:000044b0       ?bin_put@RLibraryObjCache@stdlib@media@modules@UModSys@@UEAA_NAEBU?$TString@U?$TSCoreConst@D@su@tl@UModSys@@U?$TComparerBinaryHash@D@234@@tl@5@PEBUSCMemShared@core@5@@Z 00000001400054b0 f i umodsys_lib_libmedia:umodsys.mod.media.stdlib.obj
 0001:000044b0       ?bin_info@RLibraryObjFilter@stdlib@media@modules@UModSys@@UEAA_NAEBU?$TString@U?$TSCoreConst@D@su@tl@UModSys@@U?$TComparerBinaryHash@D@234@@tl@5@AEAUSFileInfo@libmedia@5@AEBUSFlags@95@@Z 00000001400054b0 f i umodsys_lib_libmedia:umodsys.mod.media.stdlib.obj
 0001:000044b0       ?obj_fload@RLibraryBinCache@stdlib@media@modules@UModSys@@UEAA_NAEBUSInfo@IBinObjFilter@libmedia@5@PEAUIRefObject@core@5@@Z 00000001400054b0 f i umodsys_lib_libmedia:umodsys.mod.media.stdlib.obj
 0001:000044b0       ?bin_save@RLibraryObjCache@stdlib@media@modules@UModSys@@UEAA_NAEBU?$TString@U?$TSCoreConst@D@su@tl@UModSys@@U?$TComparerBinaryHash@D@234@@tl@5@AEBUSCMem@core@5@AEBUSFlags@libmedia@5@@Z 00000001400054b0 f i umodsys_lib_libmedia:umodsys.mod.media.stdlib.obj
 0001:000044b0       ?obj_load@RLibraryObjCache@stdlib@media@modules@UModSys@@UEAA_NAEBU?$TString@U?$TSCoreConst@D@su@tl@UModSys@@U?$TComparerBinaryHash@D@234@@tl@5@PEAUIRefObject@core@5@AEBUSObjOptions@ILibrary@libmedia@5@@Z 00000001400054b0 f i umodsys_lib_libmedia:umodsys.mod.media.stdlib.obj
 0001:000044b0       ?bin_get@RLibraryObjCache@stdlib@media@modules@UModSys@@UEAA_NAEBU?$TString@U?$TSCoreConst@D@su@tl@UModSys@@U?$TComparerBinaryHash@D@234@@tl@5@AEAUSCMemShared@core@5@_N@Z 00000001400054b0 f i umodsys_lib_libmedia:umodsys.mod.media.stdlib.obj
 0001:000044b0       ?obj_save@RLibraryObjCache@stdlib@media@modules@UModSys@@UEAA_NAEBU?$TString@U?$TSCoreConst@D@su@tl@UModSys@@U?$TComparerBinaryHash@D@234@@tl@5@PEBUIRefObject@core@5@AEBUSObjOptions@ILibrary@libmedia@5@@Z 00000001400054b0 f i umodsys_lib_libmedia:umodsys.mod.media.stdlib.obj
 0001:000044b0       ?obj_fsave@RLibraryObjCache@stdlib@media@modules@UModSys@@UEAA_NAEAUSInfo@IBinObjFilter@libmedia@5@PEBUIRefObject@core@5@@Z 00000001400054b0 f i umodsys_lib_libmedia:umodsys.mod.media.stdlib.obj
 0001:000044b0       ?bin_save@RLibraryBinCache@stdlib@media@modules@UModSys@@UEAA_NAEBU?$TString@U?$TSCoreConst@D@su@tl@UModSys@@U?$TComparerBinaryHash@D@234@@tl@5@AEBUSCMem@core@5@AEBUSFlags@libmedia@5@@Z 00000001400054b0 f i umodsys_lib_libmedia:umodsys.mod.media.stdlib.obj
 0001:000044b0       ?obj_get@RLibraryBinCache@stdlib@media@modules@UModSys@@UEAA_NAEBU?$TString@U?$TSCoreConst@D@su@tl@UModSys@@U?$TComparerBinaryHash@D@234@@tl@5@AEAU?$TRefObject@UIRefObject@core@UModSys@@U?$TRefObjectFunc@UIRefObject@core@UModSys@@@tl@3@@75@AEBUSObjOptions@ILibrary@libmedia@5@@Z 00000001400054b0 f i umodsys_lib_libmedia:umodsys.mod.media.stdlib.obj
 0001:000044b0       ?bin_info@RLibraryObjFilter@stdlib@media@modules@UModSys@@UEAA_NAEBU?$TString@U?$TSCoreConst@D@su@tl@UModSys@@U?$TComparerBinaryHash@D@234@@tl@5@AEAU?$TIStackSocket@USFileInfo@libmedia@UModSys@@@75@AEBUSFlags@libmedia@5@@Z 00000001400054b0 f i umodsys_lib_libmedia:umodsys.mod.media.stdlib.obj
 0001:000044b0       ?bin_save@RLibraryObjFilter@stdlib@media@modules@UModSys@@UEAA_NAEBU?$TString@U?$TSCoreConst@D@su@tl@UModSys@@U?$TComparerBinaryHash@D@234@@tl@5@AEBUSCMem@core@5@AEBUSFlags@libmedia@5@@Z 00000001400054b0 f i umodsys_lib_libmedia:umodsys.mod.media.stdlib.obj
 0001:000044b0       ?obj_save@RLibraryObjFilter@stdlib@media@modules@UModSys@@UEAA_NAEBU?$TString@U?$TSCoreConst@D@su@tl@UModSys@@U?$TComparerBinaryHash@D@234@@tl@5@PEBUIRefObject@core@5@AEBUSObjOptions@ILibrary@libmedia@5@@Z 00000001400054b0 f i umodsys_lib_libmedia:umodsys.mod.media.stdlib.obj
 0001:000044b0       ?obj_cput@RLibraryBinCache@stdlib@media@modules@UModSys@@UEAA_NAEBU?$TString@U?$TSCoreConst@D@su@tl@UModSys@@U?$TComparerBinaryHash@D@234@@tl@5@PEAUIRefObject@core@5@@Z 00000001400054b0 f i umodsys_lib_libmedia:umodsys.mod.media.stdlib.obj
 0001:000044b0       ?obj_fload@RLibraryObjCache@stdlib@media@modules@UModSys@@UEAA_NAEBUSInfo@IBinObjFilter@libmedia@5@PEAUIRefObject@core@5@@Z 00000001400054b0 f i umodsys_lib_libmedia:umodsys.mod.media.stdlib.obj
 0001:000044b0       ?obj_fget@RLibraryBinCache@stdlib@media@modules@UModSys@@UEAA_NAEBUSInfo@IBinObjFilter@libmedia@5@AEAU?$TRefObject@UIRefObject@core@UModSys@@U?$TRefObjectFunc@UIRefObject@core@UModSys@@@tl@3@@tl@5@@Z 00000001400054b0 f i umodsys_lib_libmedia:umodsys.mod.media.stdlib.obj
 0001:000044b0       ?bin_load@RLibraryObjFilter@stdlib@media@modules@UModSys@@UEAA_NAEBU?$TString@U?$TSCoreConst@D@su@tl@UModSys@@U?$TComparerBinaryHash@D@234@@tl@5@AEAUSCMemShared@core@5@AEBUSFlags@libmedia@5@@Z 00000001400054b0 f i umodsys_lib_libmedia:umodsys.mod.media.stdlib.obj
 0001:000044b0       ?obj_load@RLibraryObjFilter@stdlib@media@modules@UModSys@@UEAA_NAEBU?$TString@U?$TSCoreConst@D@su@tl@UModSys@@U?$TComparerBinaryHash@D@234@@tl@5@PEAUIRefObject@core@5@AEBUSObjOptions@ILibrary@libmedia@5@@Z 00000001400054b0 f i umodsys_lib_libmedia:umodsys.mod.media.stdlib.obj
 0001:000044b0       ?obj_cget@RLibraryBinCache@stdlib@media@modules@UModSys@@UEAA_NAEBU?$TString@U?$TSCoreConst@D@su@tl@UModSys@@U?$TComparerBinaryHash@D@234@@tl@5@AEAU?$TRefObject@UIRefObject@core@UModSys@@U?$TRefObjectFunc@UIRefObject@core@UModSys@@@tl@3@@75@_N@Z 00000001400054b0 f i umodsys_lib_libmedia:umodsys.mod.media.stdlib.obj
 0001:000044b0       ?obj_load@RLibraryBinCache@stdlib@media@modules@UModSys@@UEAA_NAEBU?$TString@U?$TSCoreConst@D@su@tl@UModSys@@U?$TComparerBinaryHash@D@234@@tl@5@PEAUIRefObject@core@5@AEBUSObjOptions@ILibrary@libmedia@5@@Z 00000001400054b0 f i umodsys_lib_libmedia:umodsys.mod.media.stdlib.obj
 0001:000044b0       ?bin_info@RLibraryBinCache@stdlib@media@modules@UModSys@@UEAA_NAEBU?$TString@U?$TSCoreConst@D@su@tl@UModSys@@U?$TComparerBinaryHash@D@234@@tl@5@AEAU?$TIStackSocket@USFileInfo@libmedia@UModSys@@@75@AEBUSFlags@libmedia@5@@Z 00000001400054b0 f i umodsys_lib_libmedia:umodsys.mod.media.stdlib.obj
 0001:000044b0       ?obj_fget@RLibraryObjCache@stdlib@media@modules@UModSys@@UEAA_NAEBUSInfo@IBinObjFilter@libmedia@5@AEAU?$TRefObject@UIRefObject@core@UModSys@@U?$TRefObjectFunc@UIRefObject@core@UModSys@@@tl@3@@tl@5@@Z 00000001400054b0 f i umodsys_lib_libmedia:umodsys.mod.media.stdlib.obj
 0001:000044b0       ?obj_fsave@RLibraryBinCache@stdlib@media@modules@UModSys@@UEAA_NAEAUSInfo@IBinObjFilter@libmedia@5@PEBUIRefObject@core@5@@Z 00000001400054b0 f i umodsys_lib_libmedia:umodsys.mod.media.stdlib.obj
 0001:000044c0       ?obj_cput@RLibraryObjCache@stdlib@media@modules@UModSys@@UEAA_NAEBU?$TString@U?$TSCoreConst@D@su@tl@UModSys@@U?$TComparerBinaryHash@D@234@@tl@5@PEAUIRefObject@core@5@@Z 00000001400054c0 f i umodsys_lib_libmedia:umodsys.mod.media.stdlib.obj
 0001:000044d0       ?obj_get@RLibraryObjCache@stdlib@media@modules@UModSys@@UEAA_NAEBU?$TString@U?$TSCoreConst@D@su@tl@UModSys@@U?$TComparerBinaryHash@D@234@@tl@5@AEAU?$TRefObject@UIRefObject@core@UModSys@@U?$TRefObjectFunc@UIRefObject@core@UModSys@@@tl@3@@75@AEBUSObjOptions@ILibrary@libmedia@5@@Z 00000001400054d0 f i umodsys_lib_libmedia:umodsys.mod.media.stdlib.obj
 0001:00004640       ?objcache_get@RLibraryObjCache@stdlib@media@modules@UModSys@@UEBA_NAEBU?$TString@U?$TSCoreConst@D@su@tl@UModSys@@U?$TComparerBinaryHash@D@234@@tl@5@PEAU?$TRefObject@UIRefObject@core@UModSys@@U?$TRefObjectFunc@UIRefObject@core@UModSys@@@tl@3@@75@PEA_N@Z 0000000140005640 f i umodsys_lib_libmedia:umodsys.mod.media.stdlib.obj
 0001:000046f0       ?objcache_add@RLibraryObjCache@stdlib@media@modules@UModSys@@UEAA_NAEBU?$TString@U?$TSCoreConst@D@su@tl@UModSys@@U?$TComparerBinaryHash@D@234@@tl@5@PEAUIRefObject@core@5@@Z 00000001400056f0 f i umodsys_lib_libmedia:umodsys.mod.media.stdlib.obj
 0001:000048f0       ?objcache_remove@RLibraryObjCache@stdlib@media@modules@UModSys@@UEAA_NAEBU?$TString@U?$TSCoreConst@D@su@tl@UModSys@@U?$TComparerBinaryHash@D@234@@tl@5@@Z 00000001400058f0 f i umodsys_lib_libmedia:umodsys.mod.media.stdlib.obj
 0001:00004950       ?objcache_clear@RLibraryObjCache@stdlib@media@modules@UModSys@@UEAA_NXZ 0000000140005950 f i umodsys_lib_libmedia:umodsys.mod.media.stdlib.obj
 0001:00004980       ??_ERLibraryObjCache@stdlib@media@modules@UModSys@@UEAAPEAXI@Z 0000000140005980 f i  CIL library: CIL module
 0001:00004980       ??_GRLibraryObjCache@stdlib@media@modules@UModSys@@UEAAPEAXI@Z 0000000140005980 f i umodsys_lib_libmedia:umodsys.mod.media.stdlib.obj
 0001:00004a10       ?_root_get_interface_types@RLibraryObjFilter@stdlib@media@modules@UModSys@@SA_KAEAUSUniquePtrList@core@5@@Z 0000000140005a10 f i umodsys_lib_libmedia:umodsys.mod.media.stdlib.obj
 0001:00004a80       ?root_get_interface_info@RLibraryObjFilter@stdlib@media@modules@UModSys@@UEBAAEBUSUniquePointerInfo@core@5@XZ 0000000140005a80 f i umodsys_lib_libmedia:umodsys.mod.media.stdlib.obj
 0001:00004a90       ?root_get_interface_type@RLibraryObjFilter@stdlib@media@modules@UModSys@@UEBAPEBUSUniquePointerInfo@core@5@XZ 0000000140005a90 f i umodsys_lib_libmedia:umodsys.mod.media.stdlib.obj
 0001:00004aa0       ?root_get_other_interface@RLibraryObjFilter@stdlib@media@modules@UModSys@@UEBAPEBUIRoot@core@5@PEBUSUniquePointerInfo@75@@Z 0000000140005aa0 f i umodsys_lib_libmedia:umodsys.mod.media.stdlib.obj
 0001:00004aa0       ?root_get_other_interface@RLibraryObjFilter@stdlib@media@modules@UModSys@@UEAAPEAUIRoot@core@5@PEBUSUniquePointerInfo@75@@Z 0000000140005aa0 f i umodsys_lib_libmedia:umodsys.mod.media.stdlib.obj
 0001:00004ae0       ?root_is_interface_supported@RLibraryObjFilter@stdlib@media@modules@UModSys@@UEBA_NPEBUSUniquePointerInfo@core@5@@Z 0000000140005ae0 f i umodsys_lib_libmedia:umodsys.mod.media.stdlib.obj
 0001:00004b20       ?suicide@RLibraryObjCache@stdlib@media@modules@UModSys@@UEAAXXZ 0000000140005b20 f i umodsys_lib_libmedia:umodsys.mod.media.stdlib.obj
 0001:00004b20       ?suicide@RLibraryBinCache@stdlib@media@modules@UModSys@@UEAAXXZ 0000000140005b20 f i umodsys_lib_libmedia:umodsys.mod.media.stdlib.obj
 0001:00004b20       ?suicide@RLibraryLayered@stdlib@media@modules@UModSys@@UEAAXXZ 0000000140005b20 f i umodsys_lib_libmedia:umodsys.mod.media.stdlib.obj
 0001:00004b20       ?suicide@RLibraryBinTree@stdlib@media@modules@UModSys@@UEAAXXZ 0000000140005b20 f i umodsys_lib_libmedia:umodsys.mod.media.stdlib.obj
 0001:00004b20       ?suicide@RDataArchiver_OsDir@stdio@media@modules@UModSys@@UEAAXXZ 0000000140005b20 f i umodsys_lib_libmedia:umodsys.mod.media.stdio.obj
 0001:00004b20       ?suicide@RLibraryObjFilter@stdlib@media@modules@UModSys@@UEAAXXZ 0000000140005b20 f i umodsys_lib_libmedia:umodsys.mod.media.stdlib.obj
 0001:00004b70       ??0RLibraryObjFilter@stdlib@media@modules@UModSys@@QEAA@PEAUIModObject@base@4@AEBUSParameters@core@4@U?$TFlags4State@USMediaFlagUid@libmedia@UModSys@@I@tl@4@@Z 0000000140005b70 f i umodsys_lib_libmedia:umodsys.mod.media.stdlib.obj
 0001:00004c10       ?get_flags_auto@RLibraryObjFilter@stdlib@media@modules@UModSys@@UEBA?AU?$TFlags4State@USMediaFlagUid@libmedia@UModSys@@I@tl@5@XZ 0000000140005c10 f i umodsys_lib_libmedia:umodsys.mod.media.stdlib.obj
 0001:00004c20       ?obj_fget@RLibraryObjFilter@stdlib@media@modules@UModSys@@UEAA_NAEBUSInfo@IBinObjFilter@libmedia@5@AEAU?$TRefObject@UIRefObject@core@UModSys@@U?$TRefObjectFunc@UIRefObject@core@UModSys@@@tl@3@@tl@5@@Z 0000000140005c20 f i umodsys_lib_libmedia:umodsys.mod.media.stdlib.obj
 0001:00004c30       ?obj_fload@RLibraryObjFilter@stdlib@media@modules@UModSys@@UEAA_NAEBUSInfo@IBinObjFilter@libmedia@5@PEAUIRefObject@core@5@@Z 0000000140005c30 f i umodsys_lib_libmedia:umodsys.mod.media.stdlib.obj
 0001:00004c40       ?obj_fsave@RLibraryObjFilter@stdlib@media@modules@UModSys@@UEAA_NAEAUSInfo@IBinObjFilter@libmedia@5@PEBUIRefObject@core@5@@Z 0000000140005c40 f i umodsys_lib_libmedia:umodsys.mod.media.stdlib.obj
 0001:00004c50       ?filters_add@RLibraryObjFilter@stdlib@media@modules@UModSys@@UEAA_NU?$TRefObject@UIBinObjFilter@libmedia@UModSys@@U?$TRefObjectFunc@UIBinObjFilter@libmedia@UModSys@@@tl@3@@tl@5@PEBUSParameters@core@5@H@Z 0000000140005c50 f i umodsys_lib_libmedia:umodsys.mod.media.stdlib.obj
 0001:00004d80       ?filters_remove@RLibraryObjFilter@stdlib@media@modules@UModSys@@UEAA_NPEAUIBinObjFilter@libmedia@5@H@Z 0000000140005d80 f i umodsys_lib_libmedia:umodsys.mod.media.stdlib.obj
 0001:00004e30       ?filters_clear@RLibraryObjFilter@stdlib@media@modules@UModSys@@UEAA_NXZ 0000000140005e30 f i umodsys_lib_libmedia:umodsys.mod.media.stdlib.obj
 0001:00004e60       ?filters_load@RLibraryObjFilter@stdlib@media@modules@UModSys@@UEAA_NAEBUSInfo@IBinObjFilter@libmedia@5@AEAU?$TRefObject@UIRefObject@core@UModSys@@U?$TRefObjectFunc@UIRefObject@core@UModSys@@@tl@3@@tl@5@@Z 0000000140005e60 f i umodsys_lib_libmedia:umodsys.mod.media.stdlib.obj
 0001:00004f20       ?filters_load@RLibraryObjFilter@stdlib@media@modules@UModSys@@UEAA_NAEBUSInfo@IBinObjFilter@libmedia@5@PEAUIRefObject@core@5@@Z 0000000140005f20 f i umodsys_lib_libmedia:umodsys.mod.media.stdlib.obj
 0001:00004fe0       ?filters_save@RLibraryObjFilter@stdlib@media@modules@UModSys@@UEAA_NAEAUSInfo@IBinObjFilter@libmedia@5@PEBUIRefObject@core@5@@Z 0000000140005fe0 f i umodsys_lib_libmedia:umodsys.mod.media.stdlib.obj
 0001:000050a0       ??_ERLibraryObjFilter@stdlib@media@modules@UModSys@@UEAAPEAXI@Z 00000001400060a0 f i  CIL library: CIL module
 0001:000050a0       ??_GRLibraryObjFilter@stdlib@media@modules@UModSys@@UEAAPEAXI@Z 00000001400060a0 f i umodsys_lib_libmedia:umodsys.mod.media.stdlib.obj
 0001:00005130       ?get_generated_names@RGenerator@stdlib@media@modules@UModSys@@UEBAHAEAUSUniquePtrList@core@5@@Z 0000000140006130 f i umodsys_lib_libmedia:umodsys.mod.media.stdlib.obj
 0001:000051b0       ?get_generated_types@RGenerator@stdlib@media@modules@UModSys@@UEBAHAEAUSUniquePtrList@core@5@PEBUSUniquePointerInfo@75@@Z 00000001400061b0 f i umodsys_lib_libmedia:umodsys.mod.media.stdlib.obj
 0001:000052a0       ?generate@RGenerator@stdlib@media@modules@UModSys@@UEAA_NAEAU?$TRefObject@UIRefObject@core@UModSys@@U?$TRefObjectFunc@UIRefObject@core@UModSys@@@tl@3@@tl@5@PEBUSUniquePointerInfo@core@5@AEBUSParameters@95@@Z 00000001400062a0 f i umodsys_lib_libmedia:umodsys.mod.media.stdlib.obj
 0001:00005520       ?root_get_interface_info@RGenerator@stdlib@media@modules@UModSys@@UEBAAEBUSUniquePointerInfo@core@5@XZ 0000000140006520 f i umodsys_lib_libmedia:umodsys.mod.media.stdlib.obj
 0001:00005530       ?root_get_interface_type@RGenerator@stdlib@media@modules@UModSys@@UEBAPEBUSUniquePointerInfo@core@5@XZ 0000000140006530 f i umodsys_lib_libmedia:umodsys.mod.media.stdlib.obj
 0001:00005540       ?root_get_other_interface@RGenerator@stdlib@media@modules@UModSys@@UEBAPEBUIRoot@core@5@PEBUSUniquePointerInfo@75@@Z 0000000140006540 f i umodsys_lib_libmedia:umodsys.mod.media.stdlib.obj
 0001:00005540       ?root_get_other_interface@RGenerator@stdlib@media@modules@UModSys@@UEAAPEAUIRoot@core@5@PEBUSUniquePointerInfo@75@@Z 0000000140006540 f i umodsys_lib_libmedia:umodsys.mod.media.stdlib.obj
 0001:00005580       ?root_is_interface_supported@RGenerator@stdlib@media@modules@UModSys@@UEBA_NPEBUSUniquePointerInfo@core@5@@Z 0000000140006580 f i umodsys_lib_libmedia:umodsys.mod.media.stdlib.obj
 0001:000055c0       ?suicide@RGenerator@stdlib@media@modules@UModSys@@UEAAXXZ 00000001400065c0 f i umodsys_lib_libmedia:umodsys.mod.media.stdlib.obj
 0001:000055c0       ??3@YAXPEAX0@Z             00000001400065c0 f i umodsys_lib_libmedia:umodsys.mod.media.stdio.obj
 0001:000055c0       ?suicide@RGenerator@stdio@media@modules@UModSys@@UEAAXXZ 00000001400065c0 f i umodsys_lib_libmedia:umodsys.mod.media.stdio.obj
 0001:000055d0       ?get_uid@RGenerator@stdlib@media@modules@UModSys@@UEBAPEBUSUniquePointerInfo@core@5@XZ 00000001400065d0 f i umodsys_lib_libmedia:umodsys.mod.media.stdlib.obj
 0001:000055e0       ??_ERUtilities@stdlib@media@modules@UModSys@@UEAAPEAXI@Z 00000001400065e0 f i  CIL library: CIL module
 0001:000055e0       ??_GRUtilities@stdlib@media@modules@UModSys@@UEAAPEAXI@Z 00000001400065e0 f i umodsys_lib_libmedia:umodsys.mod.media.stdlib.obj
 0001:00005610       ??_GRBinArchiveFrame@stdlib@media@modules@UModSys@@UEAAPEAXI@Z 0000000140006610 f i umodsys_lib_libmedia:umodsys.mod.media.stdlib.obj
 0001:00005610       ??_ERBinArchiveFrame@stdlib@media@modules@UModSys@@UEAAPEAXI@Z 0000000140006610 f i  CIL library: CIL module
 0001:00005640       ??1IBinArchiveFrame@libmedia@UModSys@@UEAA@XZ 0000000140006640 f i umodsys_lib_libmedia:umodsys.mod.media.stdlib.obj
 0001:000056c0       ??_GRLibraryBinTree@stdlib@media@modules@UModSys@@UEAAPEAXI@Z 00000001400066c0 f i umodsys_lib_libmedia:umodsys.mod.media.stdlib.obj
 0001:000056c0       ??_ERLibraryBinTree@stdlib@media@modules@UModSys@@UEAAPEAXI@Z 00000001400066c0 f i  CIL library: CIL module
 0001:000056f0       ??1ILibraryLayered@libmedia@UModSys@@UEAA@XZ 00000001400066f0 f i umodsys_lib_libmedia:umodsys.mod.media.stdlib.obj
 0001:000056f0       ??1ILibraryBinCache@libmedia@UModSys@@UEAA@XZ 00000001400066f0 f i umodsys_lib_libmedia:umodsys.mod.media.stdlib.obj
 0001:000056f0       ??1ILibraryBinTree@libmedia@UModSys@@UEAA@XZ 00000001400066f0 f i umodsys_lib_libmedia:umodsys.mod.media.stdlib.obj
 0001:000056f0       ??1IBinArchive@libmedia@UModSys@@UEAA@XZ 00000001400066f0 f i umodsys_lib_libmedia:umodsys.mod.media.stdio.obj
 0001:000056f0       ??1ILibraryObjFilter@libmedia@UModSys@@UEAA@XZ 00000001400066f0 f i umodsys_lib_libmedia:umodsys.mod.media.stdlib.obj
 0001:000056f0       ??1ILibraryObjCache@libmedia@UModSys@@UEAA@XZ 00000001400066f0 f i umodsys_lib_libmedia:umodsys.mod.media.stdlib.obj
 0001:00005730       ?do_open@RModuleReg@stdlib@media@modules@UModSys@@UEAA_NXZ 0000000140006730 f i umodsys_lib_libmedia:umodsys.mod.media.stdlib.obj
 0001:00005740       ?do_close@RModuleReg@stdlib@media@modules@UModSys@@UEAA_NXZ 0000000140006740 f i umodsys_lib_libmedia:umodsys.mod.media.stdlib.obj
 0001:00005750       ??_ERModuleReg@stdlib@media@modules@UModSys@@UEAAPEAXI@Z 0000000140006750 f i  CIL library: CIL module
 0001:00005750       ??_GRModuleReg@stdlib@media@modules@UModSys@@UEAAPEAXI@Z 0000000140006750 f i umodsys_lib_libmedia:umodsys.mod.media.stdlib.obj
 0001:00005780       ??4?$TString@U?$TSCoreConst@D@su@tl@UModSys@@U?$TComparerBinaryHash@D@234@@tl@UModSys@@QEAAAEBU012@PEBD@Z 0000000140006780 f i umodsys_lib_libmedia:umodsys.mod.media.stdlib.obj
 0001:000057e0       ??4?$TRefObject@UIStreamWriter@libmedia@UModSys@@U?$TRefObjectFunc@UIStreamWriter@libmedia@UModSys@@@tl@3@@tl@UModSys@@QEAAAEBU012@AEBU012@@Z 00000001400067e0 f i umodsys_lib_libmedia:umodsys.mod.media.stdlib.obj
 0001:00005820       ?Push@?$TDynarray@U?$TDynarrayHolderDynamic@UBuffer@RUtilities@stdlib@media@modules@UModSys@@U?$TAllocator@USIMemAlloc@core@UModSys@@USCountCalcPower2@23@@tl@6@@tl@UModSys@@@tl@UModSys@@QEAA_NXZ 0000000140006820 f i umodsys_lib_libmedia:umodsys.mod.media.stdlib.obj
 0001:000058f0       ??1?$TTreeHoldRBD@UNameNode@IBinArchiveFrame@libmedia@UModSys@@U?$TNodeDeleter0@UNameNode@IBinArchiveFrame@libmedia@UModSys@@@tl@4@@tl@UModSys@@QEAA@XZ 00000001400068f0 f i umodsys_lib_libmedia:umodsys.mod.media.stdlib.obj
[...]
 0001:00016b50       ?dtor$5@?0??generate@RGenerator@stdlib@media@modules@UModSys@@UEAA_NAEAU?$TRefObject@UIRefObject@core@UModSys@@U?$TRefObjectFunc@UIRefObject@core@UModSys@@@tl@3@@tl@5@PEBUSUniquePointerInfo@core@5@AEBUSParameters@95@@Z@4HA 0000000140017b50 f    CIL library: CIL module
 0001:00016b70       ?dtor$6@?0??generate@RGenerator@stdlib@media@modules@UModSys@@UEAA_NAEAU?$TRefObject@UIRefObject@core@UModSys@@U?$TRefObjectFunc@UIRefObject@core@UModSys@@@tl@3@@tl@5@PEBUSUniquePointerInfo@core@5@AEBUSParameters@95@@Z@4HA 0000000140017b70 f    CIL library: CIL module
 0001:00016b90       ??__E?s_id@?$TObjectUniqueID@UIRoot@core@UModSys@@@tl@UModSys@@2USUniquePointer@core@3@A@@YAXXZ 0000000140017b90 f    CIL library: CIL module
 0001:00016bd0       ??__E?s_id@?$TObjectUniqueID@UIRefObject@core@UModSys@@@tl@UModSys@@2USUniquePointer@core@3@A@@YAXXZ 0000000140017bd0 f    CIL library: CIL module
 0001:00016c10       ??__E?s_id@?$TObjectUniqueID@UIParameters@core@UModSys@@@tl@UModSys@@2USUniquePointer@core@3@A@@YAXXZ 0000000140017c10 f    CIL library: CIL module
 0001:00016c50       ??__E?s_id@?$TObjectUniqueID@UIModule@base@UModSys@@@tl@UModSys@@2USUniquePointer@core@3@A@@YAXXZ 0000000140017c50 f    CIL library: CIL module
 0001:00016c90       ??__E?s_id@?$TObjectUniqueID@UIModuleLibrary@base@UModSys@@@tl@UModSys@@2USUniquePointer@core@3@A@@YAXXZ 0000000140017c90 f    CIL library: CIL module
 0001:00016cd0       ??__E?s_id@?$TObjectUniqueID@UIModObject@base@UModSys@@@tl@UModSys@@2USUniquePointer@core@3@A@@YAXXZ 0000000140017cd0 f    CIL library: CIL module
 0001:00016d10       ??__E?s_id@?$TObjectUniqueID@UIGenerator@base@UModSys@@@tl@UModSys@@2USUniquePointer@core@3@A@@YAXXZ 0000000140017d10 f    CIL library: CIL module
 0001:00016d50       ??__E?s_id@?$TObjectUniqueID@UIShell@base@UModSys@@@tl@UModSys@@2USUniquePointer@core@3@A@@YAXXZ 0000000140017d50 f    CIL library: CIL module
 0001:00016d90       ??__E?s_id@?$TObjectUniqueID@UIConsole@base@UModSys@@@tl@UModSys@@2USUniquePointer@core@3@A@@YAXXZ 0000000140017d90 f    CIL library: CIL module
 0001:00016dd0       ??__E?s_id@?$TObjectUniqueID@UISystem@base@UModSys@@@tl@UModSys@@2USUniquePointer@core@3@A@@YAXXZ 0000000140017dd0 f    CIL library: CIL module
 0001:00016e10       ??__E?s_id@?$TObjectUniqueID@URModule@rsystem@base@UModSys@@@tl@UModSys@@2USUniquePointer@core@3@A@@YAXXZ 0000000140017e10 f    CIL library: CIL module
 0001:00016e50       ??__E?s_id@?$TObjectUniqueID@UIModuleLibraryUni@rsystem@base@UModSys@@@tl@UModSys@@2USUniquePointer@core@3@A@@YAXXZ 0000000140017e50 f    CIL library: CIL module
 0001:00016e90       ??__E?s_id@?$TObjectUniqueID@URModuleLibrarySO@rsystem@base@UModSys@@@tl@UModSys@@2USUniquePointer@core@3@A@@YAXXZ 0000000140017e90 f    CIL library: CIL module
 0001:00016ed0       ??__E?s_id@?$TObjectUniqueID@URModuleLibraryThis@rsystem@base@UModSys@@@tl@UModSys@@2USUniquePointer@core@3@A@@YAXXZ 0000000140017ed0 f    CIL library: CIL module
 0001:00016f10       ??__E?s_id@?$TObjectUniqueID@URParameters@rsystem@base@UModSys@@@tl@UModSys@@2USUniquePointer@core@3@A@@YAXXZ 0000000140017f10 f    CIL library: CIL module
 0001:00016f50       ??__E?s_id@?$TObjectUniqueID@URSystem@rsystem@base@UModSys@@@tl@UModSys@@2USUniquePointer@core@3@A@@YAXXZ 0000000140017f50 f    CIL library: CIL module
 0001:00016f90       ??__E?s_id@?$TObjectUniqueID@URConsole_std@rsystem@base@UModSys@@@tl@UModSys@@2USUniquePointer@core@3@A@@YAXXZ 0000000140017f90 f    CIL library: CIL module
 0001:00016fd0       ??__E?s_modreg@RModuleReg@stdio@media@modules@UModSys@@2U12345@A@@YAXXZ 0000000140017fd0 f    CIL library: CIL module
 0001:00017030       ??__E?s_modreg_chain@RModuleReg@stdio@media@modules@UModSys@@2USModuleRegChain@base@5@A@@YAXXZ 0000000140018030 f    CIL library: CIL module
 0001:00017060       ??__E?s_uid@RGenerator@stdio@media@modules@UModSys@@2USUniquePointer@core@5@A@@YAXXZ 0000000140018060 f    CIL library: CIL module
 0001:000170a0       ??__E?s_id@?$TObjectUniqueID@UIStreamReader@libmedia@UModSys@@@tl@UModSys@@2USUniquePointer@core@3@A@@YAXXZ 00000001400180a0 f    CIL library: CIL module
 0001:000170e0       ??__E?s_id@?$TObjectUniqueID@UIStreamWriter@libmedia@UModSys@@@tl@UModSys@@2USUniquePointer@core@3@A@@YAXXZ 00000001400180e0 f    CIL library: CIL module
 0001:00017120       ??__E?s_id@?$TObjectUniqueID@UIUtilities@libmedia@UModSys@@@tl@UModSys@@2USUniquePointer@core@3@A@@YAXXZ 0000000140018120 f    CIL library: CIL module
 0001:00017160       ??__E?s_id@?$TObjectUniqueID@UILibObject@libmedia@UModSys@@@tl@UModSys@@2USUniquePointer@core@3@A@@YAXXZ 0000000140018160 f    CIL library: CIL module
 0001:000171a0       ??__E?s_id@?$TObjectUniqueID@UIBinArchive@libmedia@UModSys@@@tl@UModSys@@2USUniquePointer@core@3@A@@YAXXZ 00000001400181a0 f    CIL library: CIL module
 0001:000171e0       ??__E?s_id@?$TObjectUniqueID@UIBinObjFilter@libmedia@UModSys@@@tl@UModSys@@2USUniquePointer@core@3@A@@YAXXZ 00000001400181e0 f    CIL library: CIL module
 0001:00017220       ??__E?s_id@?$TObjectUniqueID@UILibrary@libmedia@UModSys@@@tl@UModSys@@2USUniquePointer@core@3@A@@YAXXZ 0000000140018220 f    CIL library: CIL module
 0001:00017260       ??__E?s_id@?$TObjectUniqueID@URStreamReader_FILE@stdio@media@modules@UModSys@@@tl@UModSys@@2USUniquePointer@core@3@A@@YAXXZ 0000000140018260 f    CIL library: CIL module
 0001:000172a0       ??__E?s_id@?$TObjectUniqueID@URStreamWriter_FILE@stdio@media@modules@UModSys@@@tl@UModSys@@2USUniquePointer@core@3@A@@YAXXZ 00000001400182a0 f    CIL library: CIL module
 0001:000172e0       ??__E?s_id@?$TObjectUniqueID@URDataArchiver_OsDir@stdio@media@modules@UModSys@@@tl@UModSys@@2USUniquePointer@core@3@A@@YAXXZ 00000001400182e0 f    CIL library: CIL module
 0001:00017320       ??__E?s_id@?$TObjectUniqueID@URGenerator@stdio@media@modules@UModSys@@@tl@UModSys@@2USUniquePointer@core@3@A@@YAXXZ 0000000140018320 f    CIL library: CIL module
 0001:00017360       ??__E?s_modreg@RModuleReg@stdlib@media@modules@UModSys@@2U12345@A@@YAXXZ 0000000140018360 f    CIL library: CIL module
 0001:000173c0       ??__E?s_modreg_chain@RModuleReg@stdlib@media@modules@UModSys@@2USModuleRegChain@base@5@A@@YAXXZ 00000001400183c0 f    CIL library: CIL module
 0001:000173f0       ??__E?s_uid@RGenerator@stdlib@media@modules@UModSys@@2USUniquePointer@core@5@A@@YAXXZ 00000001400183f0 f    CIL library: CIL module
 0001:00017430       ??__E?s_id@?$TObjectUniqueID@UILibraryBinTree@libmedia@UModSys@@@tl@UModSys@@2USUniquePointer@core@3@A@@YAXXZ 0000000140018430 f    CIL library: CIL module
 0001:00017470       ??__E?s_id@?$TObjectUniqueID@UILibraryBinCache@libmedia@UModSys@@@tl@UModSys@@2USUniquePointer@core@3@A@@YAXXZ 0000000140018470 f    CIL library: CIL module
 0001:000174b0       ??__E?s_id@?$TObjectUniqueID@UILibraryObjFilter@libmedia@UModSys@@@tl@UModSys@@2USUniquePointer@core@3@A@@YAXXZ 00000001400184b0 f    CIL library: CIL module
 0001:000174f0       ??__E?s_id@?$TObjectUniqueID@UILibraryObjCache@libmedia@UModSys@@@tl@UModSys@@2USUniquePointer@core@3@A@@YAXXZ 00000001400184f0 f    CIL library: CIL module
 0001:00017530       ??__E?s_id@?$TObjectUniqueID@UILibraryLayered@libmedia@UModSys@@@tl@UModSys@@2USUniquePointer@core@3@A@@YAXXZ 0000000140018530 f    CIL library: CIL module
 0001:00017570       ??__E?s_id@?$TObjectUniqueID@UIBinArchiveFrame@libmedia@UModSys@@@tl@UModSys@@2USUniquePointer@core@3@A@@YAXXZ 0000000140018570 f    CIL library: CIL module
 0001:000175b0       ??__E?s_id@?$TObjectUniqueID@UIClient@IBinArchiveFrame@libmedia@UModSys@@@tl@UModSys@@2USUniquePointer@core@3@A@@YAXXZ 00000001400185b0 f    CIL library: CIL module
 0001:000175f0       ??__E?s_id@?$TObjectUniqueID@URUtilities@stdlib@media@modules@UModSys@@@tl@UModSys@@2USUniquePointer@core@3@A@@YAXXZ 00000001400185f0 f    CIL library: CIL module
 0001:00017630       ??__E?s_id@?$TObjectUniqueID@URBinArchiveFrame@stdlib@media@modules@UModSys@@@tl@UModSys@@2USUniquePointer@core@3@A@@YAXXZ 0000000140018630 f    CIL library: CIL module
 0001:00017670       ??__E?s_id@?$TObjectUniqueID@URLibraryBinTree@stdlib@media@modules@UModSys@@@tl@UModSys@@2USUniquePointer@core@3@A@@YAXXZ 0000000140018670 f    CIL library: CIL module
 0001:000176b0       ??__E?s_id@?$TObjectUniqueID@URLibraryBinCache@stdlib@media@modules@UModSys@@@tl@UModSys@@2USUniquePointer@core@3@A@@YAXXZ 00000001400186b0 f    CIL library: CIL module
 0001:000176f0       ??__E?s_id@?$TObjectUniqueID@URLibraryLayered@stdlib@media@modules@UModSys@@@tl@UModSys@@2USUniquePointer@core@3@A@@YAXXZ 00000001400186f0 f    CIL library: CIL module
 0001:00017730       ??__E?s_id@?$TObjectUniqueID@URLibraryObjCache@stdlib@media@modules@UModSys@@@tl@UModSys@@2USUniquePointer@core@3@A@@YAXXZ 0000000140018730 f    CIL library: CIL module
 0001:00017770       ??__E?s_id@?$TObjectUniqueID@URLibraryObjFilter@stdlib@media@modules@UModSys@@@tl@UModSys@@2USUniquePointer@core@3@A@@YAXXZ 0000000140018770 f    CIL library: CIL module
 0001:000177b0       ??__E?s_id@?$TObjectUniqueID@URGenerator@stdlib@media@modules@UModSys@@@tl@UModSys@@2USUniquePointer@core@3@A@@YAXXZ 00000001400187b0 f    CIL library: CIL module
 0001:000177f0       ??__E?s_console@RConsole_std@rsystem@base@UModSys@@2U1234@A@@YAXXZ 00000001400187f0 f    CIL library: CIL module
 0001:00017810       ??__E?s_sys@RSystem@rsystem@base@UModSys@@2U1234@A@@YAXXZ 0000000140018810 f    CIL library: CIL module
 0001:00017830       ??__Ersys_dbg@rsystem@base@UModSys@@YAXXZ 0000000140018830 f    CIL library: CIL module
 0001:00017860       ??__EM@UModSys@@YAXXZ      0000000140018860 f    CIL library: CIL module
 0001:00017880       ??__E?root@SModuleRegChain@base@UModSys@@2U123@A@@YAXXZ 0000000140018880 f    CIL library: CIL module
 0001:000178b0       ??__E?s_library@RModuleLibraryReg_Chain@base@UModSys@@2U123@A@@YAXXZ 00000001400188b0 f    CIL library: CIL module
 0001:000178d0       ??__E?root@SUniquePointer@core@UModSys@@2U123@A@@YAXXZ 00000001400188d0 f    CIL library: CIL module
 0001:00017900       ??__F?s_id@?$TObjectUniqueID@URConsole_std@rsystem@base@UModSys@@@tl@UModSys@@2USUniquePointer@core@3@A@@YAXXZ 0000000140018900 f    CIL library: CIL module
 0001:00017910       ??__F?s_id@?$TObjectUniqueID@URSystem@rsystem@base@UModSys@@@tl@UModSys@@2USUniquePointer@core@3@A@@YAXXZ 0000000140018910 f    CIL library: CIL module
 0001:00017920       ??__F?s_id@?$TObjectUniqueID@URParameters@rsystem@base@UModSys@@@tl@UModSys@@2USUniquePointer@core@3@A@@YAXXZ 0000000140018920 f    CIL library: CIL module
 0001:00017930       ??__F?s_id@?$TObjectUniqueID@URModuleLibraryThis@rsystem@base@UModSys@@@tl@UModSys@@2USUniquePointer@core@3@A@@YAXXZ 0000000140018930 f    CIL library: CIL module
 0001:00017940       ??__F?s_id@?$TObjectUniqueID@URModuleLibrarySO@rsystem@base@UModSys@@@tl@UModSys@@2USUniquePointer@core@3@A@@YAXXZ 0000000140018940 f    CIL library: CIL module
 0001:00017950       ??__F?s_id@?$TObjectUniqueID@UIModuleLibraryUni@rsystem@base@UModSys@@@tl@UModSys@@2USUniquePointer@core@3@A@@YAXXZ 0000000140018950 f    CIL library: CIL module
 0001:00017960       ??__F?s_id@?$TObjectUniqueID@URModule@rsystem@base@UModSys@@@tl@UModSys@@2USUniquePointer@core@3@A@@YAXXZ 0000000140018960 f    CIL library: CIL module
 0001:00017970       ??__F?s_id@?$TObjectUniqueID@UISystem@base@UModSys@@@tl@UModSys@@2USUniquePointer@core@3@A@@YAXXZ 0000000140018970 f    CIL library: CIL module
 0001:00017980       ??__F?s_id@?$TObjectUniqueID@UIConsole@base@UModSys@@@tl@UModSys@@2USUniquePointer@core@3@A@@YAXXZ 0000000140018980 f    CIL library: CIL module
 0001:00017990       ??__F?s_id@?$TObjectUniqueID@UIShell@base@UModSys@@@tl@UModSys@@2USUniquePointer@core@3@A@@YAXXZ 0000000140018990 f    CIL library: CIL module
 0001:000179a0       ??__F?s_id@?$TObjectUniqueID@UIGenerator@base@UModSys@@@tl@UModSys@@2USUniquePointer@core@3@A@@YAXXZ 00000001400189a0 f    CIL library: CIL module
 0001:000179b0       ??__F?s_id@?$TObjectUniqueID@UIModObject@base@UModSys@@@tl@UModSys@@2USUniquePointer@core@3@A@@YAXXZ 00000001400189b0 f    CIL library: CIL module
 0001:000179c0       ??__F?s_id@?$TObjectUniqueID@UIModuleLibrary@base@UModSys@@@tl@UModSys@@2USUniquePointer@core@3@A@@YAXXZ 00000001400189c0 f    CIL library: CIL module
 0001:000179d0       ??__F?s_id@?$TObjectUniqueID@UIModule@base@UModSys@@@tl@UModSys@@2USUniquePointer@core@3@A@@YAXXZ 00000001400189d0 f    CIL library: CIL module
 0001:000179e0       ??__F?s_id@?$TObjectUniqueID@UIParameters@core@UModSys@@@tl@UModSys@@2USUniquePointer@core@3@A@@YAXXZ 00000001400189e0 f    CIL library: CIL module
 0001:000179f0       ??__F?s_id@?$TObjectUniqueID@UIRefObject@core@UModSys@@@tl@UModSys@@2USUniquePointer@core@3@A@@YAXXZ 00000001400189f0 f    CIL library: CIL module
 0001:00017a00       ??__F?s_id@?$TObjectUniqueID@UIRoot@core@UModSys@@@tl@UModSys@@2USUniquePointer@core@3@A@@YAXXZ 0000000140018a00 f    CIL library: CIL module
 0001:00017a10       ??__F?s_modreg@RModuleReg@stdio@media@modules@UModSys@@2U12345@A@@YAXXZ 0000000140018a10 f    CIL library: CIL module
 0001:00017a30       ??__F?s_modreg_chain@RModuleReg@stdio@media@modules@UModSys@@2USModuleRegChain@base@5@A@@YAXXZ 0000000140018a30 f    CIL library: CIL module
 0001:00017a40       ??__F?s_uid@RGenerator@stdio@media@modules@UModSys@@2USUniquePointer@core@5@A@@YAXXZ 0000000140018a40 f    CIL library: CIL module
 0001:00017a50       ??__Fh@?1??s_holder@RGenerator@stdio@media@modules@UModSys@@SAAEAU?$TTypeStaticHolder@URGenerator@stdio@media@modules@UModSys@@@tl@5@XZ@YAXXZ 0000000140018a50 f    CIL library: CIL module
 0001:00017a80       ??__F?s_id@?$TObjectUniqueID@URGenerator@stdio@media@modules@UModSys@@@tl@UModSys@@2USUniquePointer@core@3@A@@YAXXZ 0000000140018a80 f    CIL library: CIL module
 0001:00017a90       ??__F?s_id@?$TObjectUniqueID@URDataArchiver_OsDir@stdio@media@modules@UModSys@@@tl@UModSys@@2USUniquePointer@core@3@A@@YAXXZ 0000000140018a90 f    CIL library: CIL module
 0001:00017aa0       ??__F?s_id@?$TObjectUniqueID@URStreamWriter_FILE@stdio@media@modules@UModSys@@@tl@UModSys@@2USUniquePointer@core@3@A@@YAXXZ 0000000140018aa0 f    CIL library: CIL module
 0001:00017ab0       ??__F?s_id@?$TObjectUniqueID@URStreamReader_FILE@stdio@media@modules@UModSys@@@tl@UModSys@@2USUniquePointer@core@3@A@@YAXXZ 0000000140018ab0 f    CIL library: CIL module
 0001:00017ac0       ??__F?s_id@?$TObjectUniqueID@UILibrary@libmedia@UModSys@@@tl@UModSys@@2USUniquePointer@core@3@A@@YAXXZ 0000000140018ac0 f    CIL library: CIL module
 0001:00017ad0       ??__F?s_id@?$TObjectUniqueID@UIBinObjFilter@libmedia@UModSys@@@tl@UModSys@@2USUniquePointer@core@3@A@@YAXXZ 0000000140018ad0 f    CIL library: CIL module
 0001:00017ae0       ??__F?s_id@?$TObjectUniqueID@UIBinArchive@libmedia@UModSys@@@tl@UModSys@@2USUniquePointer@core@3@A@@YAXXZ 0000000140018ae0 f    CIL library: CIL module
 0001:00017af0       ??__F?s_id@?$TObjectUniqueID@UILibObject@libmedia@UModSys@@@tl@UModSys@@2USUniquePointer@core@3@A@@YAXXZ 0000000140018af0 f    CIL library: CIL module
 0001:00017b00       ??__F?s_id@?$TObjectUniqueID@UIUtilities@libmedia@UModSys@@@tl@UModSys@@2USUniquePointer@core@3@A@@YAXXZ 0000000140018b00 f    CIL library: CIL module
 0001:00017b10       ??__F?s_id@?$TObjectUniqueID@UIStreamWriter@libmedia@UModSys@@@tl@UModSys@@2USUniquePointer@core@3@A@@YAXXZ 0000000140018b10 f    CIL library: CIL module
 0001:00017b20       ??__F?s_id@?$TObjectUniqueID@UIStreamReader@libmedia@UModSys@@@tl@UModSys@@2USUniquePointer@core@3@A@@YAXXZ 0000000140018b20 f    CIL library: CIL module
 0001:00017b30       ??__F?s_modreg@RModuleReg@stdlib@media@modules@UModSys@@2U12345@A@@YAXXZ 0000000140018b30 f    CIL library: CIL module
 0001:00017b50       ??__F?s_modreg_chain@RModuleReg@stdlib@media@modules@UModSys@@2USModuleRegChain@base@5@A@@YAXXZ 0000000140018b50 f    CIL library: CIL module
 0001:00017b60       ??__F?s_uid@RGenerator@stdlib@media@modules@UModSys@@2USUniquePointer@core@5@A@@YAXXZ 0000000140018b60 f    CIL library: CIL module
 0001:00017b70       ??__Fh@?1??s_holder@RGenerator@stdlib@media@modules@UModSys@@SAAEAU?$TTypeStaticHolder@URGenerator@stdlib@media@modules@UModSys@@@tl@5@XZ@YAXXZ 0000000140018b70 f    CIL library: CIL module
 0001:00017ba0       ??__F?s_id@?$TObjectUniqueID@URGenerator@stdlib@media@modules@UModSys@@@tl@UModSys@@2USUniquePointer@core@3@A@@YAXXZ 0000000140018ba0 f    CIL library: CIL module
 0001:00017bb0       ??__F?s_id@?$TObjectUniqueID@URLibraryObjFilter@stdlib@media@modules@UModSys@@@tl@UModSys@@2USUniquePointer@core@3@A@@YAXXZ 0000000140018bb0 f    CIL library: CIL module
 0001:00017bc0       ??__F?s_id@?$TObjectUniqueID@URLibraryObjCache@stdlib@media@modules@UModSys@@@tl@UModSys@@2USUniquePointer@core@3@A@@YAXXZ 0000000140018bc0 f    CIL library: CIL module
 0001:00017bd0       ??__F?s_id@?$TObjectUniqueID@URLibraryLayered@stdlib@media@modules@UModSys@@@tl@UModSys@@2USUniquePointer@core@3@A@@YAXXZ 0000000140018bd0 f    CIL library: CIL module
 0001:00017be0       ??__F?s_id@?$TObjectUniqueID@URLibraryBinCache@stdlib@media@modules@UModSys@@@tl@UModSys@@2USUniquePointer@core@3@A@@YAXXZ 0000000140018be0 f    CIL library: CIL module
 0001:00017bf0       ??__F?s_id@?$TObjectUniqueID@URLibraryBinTree@stdlib@media@modules@UModSys@@@tl@UModSys@@2USUniquePointer@core@3@A@@YAXXZ 0000000140018bf0 f    CIL library: CIL module
 0001:00017c00       ??__F?s_id@?$TObjectUniqueID@URBinArchiveFrame@stdlib@media@modules@UModSys@@@tl@UModSys@@2USUniquePointer@core@3@A@@YAXXZ 0000000140018c00 f    CIL library: CIL module
 0001:00017c10       ??__F?s_id@?$TObjectUniqueID@URUtilities@stdlib@media@modules@UModSys@@@tl@UModSys@@2USUniquePointer@core@3@A@@YAXXZ 0000000140018c10 f    CIL library: CIL module
 0001:00017c20       ??__F?s_id@?$TObjectUniqueID@UIClient@IBinArchiveFrame@libmedia@UModSys@@@tl@UModSys@@2USUniquePointer@core@3@A@@YAXXZ 0000000140018c20 f    CIL library: CIL module
 0001:00017c30       ??__F?s_id@?$TObjectUniqueID@UIBinArchiveFrame@libmedia@UModSys@@@tl@UModSys@@2USUniquePointer@core@3@A@@YAXXZ 0000000140018c30 f    CIL library: CIL module
 0001:00017c40       ??__F?s_id@?$TObjectUniqueID@UILibraryLayered@libmedia@UModSys@@@tl@UModSys@@2USUniquePointer@core@3@A@@YAXXZ 0000000140018c40 f    CIL library: CIL module
 0001:00017c50       ??__F?s_id@?$TObjectUniqueID@UILibraryObjCache@libmedia@UModSys@@@tl@UModSys@@2USUniquePointer@core@3@A@@YAXXZ 0000000140018c50 f    CIL library: CIL module
 0001:00017c60       ??__F?s_id@?$TObjectUniqueID@UILibraryObjFilter@libmedia@UModSys@@@tl@UModSys@@2USUniquePointer@core@3@A@@YAXXZ 0000000140018c60 f    CIL library: CIL module
 0001:00017c70       ??__F?s_id@?$TObjectUniqueID@UILibraryBinCache@libmedia@UModSys@@@tl@UModSys@@2USUniquePointer@core@3@A@@YAXXZ 0000000140018c70 f    CIL library: CIL module
 0001:00017c80       ??__F?s_id@?$TObjectUniqueID@UILibraryBinTree@libmedia@UModSys@@@tl@UModSys@@2USUniquePointer@core@3@A@@YAXXZ 0000000140018c80 f    CIL library: CIL module
 0001:00017c90       ??__F?s_console@RConsole_std@rsystem@base@UModSys@@2U1234@A@@YAXXZ 0000000140018c90 f    CIL library: CIL module
 0001:00017ca0       ??__F?s_sys@RSystem@rsystem@base@UModSys@@2U1234@A@@YAXXZ 0000000140018ca0 f    CIL library: CIL module
 0001:00017cb0       ??__Frsys_dbg@rsystem@base@UModSys@@YAXXZ 0000000140018cb0 f    CIL library: CIL module
 0001:00017cc0       ??__FM@UModSys@@YAXXZ      0000000140018cc0 f    CIL library: CIL module
 0001:00017cd0       ??__F?root@SModuleRegChain@base@UModSys@@2U123@A@@YAXXZ 0000000140018cd0 f    CIL library: CIL module
 0001:00017ce0       ??__F?s_library@RModuleLibraryReg_Chain@base@UModSys@@2U123@A@@YAXXZ 0000000140018ce0 f    CIL library: CIL module
 0001:00017cf0       ??__F?root@SUniquePointer@core@UModSys@@2U123@A@@YAXXZ 0000000140018cf0 f    CIL library: CIL module

 Exports

  ordinal    name

        1    UModSys_Plugin_Entry2
