 lib_angelscript

 Timestamp is 52d554c4 (Tue Jan 14 18:16:20 2014)

 Preferred load address is 0000000180000000

 Start         Length     Name                   Class
 0001:00000000 0006e33aH .text                   CODE
 0001:0006e340 00008dc2H .text$x                 CODE
 0001:00077104 0000001fH .text$yc                CODE
 0001:00077124 00000011H .text$yd                CODE
 0002:00000000 000001a0H .idata$5                DATA
 0002:000001a0 00000008H .CRT$XCA                DATA
 0002:000001a8 00000010H .CRT$XCL                DATA
 0002:000001b8 00000008H .CRT$XCZ                DATA
 0002:000001c0 00000008H .CRT$XIA                DATA
 0002:000001c8 00000008H .CRT$XIAA               DATA
 0002:000001d0 00000008H .CRT$XIZ                DATA
 0002:000001e0 00011108H .rdata                  DATA
 0002:000112e8 00000b74H .rdata$r                DATA
 0002:00011e60 00000008H .rtc$IAA                DATA
 0002:00011e68 00000008H .rtc$IZZ                DATA
 0002:00011e70 00000008H .rtc$TAA                DATA
 0002:00011e78 00000008H .rtc$TZZ                DATA
 0002:00011e80 0000c188H .xdata                  DATA
 0002:0001e008 00000028H .idata$2                DATA
 0002:0001e030 00000014H .idata$3                DATA
 0002:0001e048 000001a0H .idata$4                DATA
 0002:0001e1e8 00000374H .idata$6                DATA
 0002:0001e560 00000246H .edata                  DATA
 0003:00000000 0000052cH .data                   DATA
 0003:00000530 00000080H .bss                    DATA
 0004:00000000 000059c4H .pdata                  DATA

  Address         Publics by Value              Rva+Base               Lib:Object

 0000:00000000       ___safe_se_handler_table   0000000000000000     <absolute>
 0000:00000000       ___safe_se_handler_count   0000000000000000     <absolute>
 0000:00000000       __ImageBase                0000000180000000     <linker-defined>
 0001:00000000       asAtomicInc                0000000180001000 f   as_atomic.obj
 0001:0000000c       asAtomicDec                000000018000100c f   as_atomic.obj
 0001:00000018       ??3@YAXPEAX0@Z             0000000180001018 f i as_builder.obj
 0001:0000001c       ??4asSSystemFunctionInterface@@QEAAAEAU0@AEBU0@@Z 000000018000101c f i as_builder.obj
 0001:000000e4       ?GetKey@?$asCSymbolTable@UsGlobalVariableDescription@@@@AEBAXPEBUsGlobalVariableDescription@@AEAVasCString@@@Z 00000001800010e4 f   as_builder.obj
 0001:00000198       ??RasCCompGlobVarType@@UEBA_NPEBX@Z 0000000180001198 f i as_builder.obj
 0001:000001a8       ??0asCBuilder@@QEAA@PEAVasCScriptEngine@@PEAVasCModule@@@Z 00000001800011a8 f   as_builder.obj
 0001:000002e8       ??1preMessage_t@asCBuilder@@QEAA@XZ 00000001800012e8 f i as_builder.obj
 0001:00000330       ??1asCBuilder@@QEAA@XZ     0000000180001330 f   as_builder.obj
 0001:00000844       ?AddCode@asCBuilder@@QEAAHPEBD0HHH_N@Z 0000000180001844 f   as_builder.obj
 0001:0000090c       ?Build@asCBuilder@@QEAAHXZ 000000018000190c f   as_builder.obj
 0001:000009b8       ?CompileGlobalVar@asCBuilder@@QEAAHPEBD0H@Z 00000001800019b8 f   as_builder.obj
 0001:00000c48       ?ValidateDefaultArgs@asCBuilder@@IEAAHPEAVasCScriptCode@@PEAVasCScriptNode@@PEAVasCScriptFunction@@@Z 0000000180001c48 f   as_builder.obj
 0001:00000d18       ?CompileFunction@asCBuilder@@QEAAHPEBD0HKPEAPEAVasCScriptFunction@@@Z 0000000180001d18 f   as_builder.obj
 0001:00001430       ?ParseScripts@asCBuilder@@IEAAXXZ 0000000180002430 f   as_builder.obj
 0001:00001988       ?RegisterTypesFromScript@asCBuilder@@IEAAXPEAVasCScriptNode@@PEAVasCScriptCode@@PEAUasSNameSpace@@@Z 0000000180002988 f   as_builder.obj
 0001:00001ba8       ?RegisterNonTypesFromScript@asCBuilder@@IEAAXPEAVasCScriptNode@@PEAVasCScriptCode@@PEAUasSNameSpace@@@Z 0000000180002ba8 f   as_builder.obj
 0001:00001e5c       ?CompileFunctions@asCBuilder@@IEAAXXZ 0000000180002e5c f   as_builder.obj
 0001:00002154       ?ParseDataType@asCBuilder@@QEAAHPEBDPEAVasCDataType@@PEAUasSNameSpace@@_N@Z 0000000180003154 f   as_builder.obj
 0001:0000247c       ?ParseTemplateDecl@asCBuilder@@QEAAHPEBDPEAVasCString@@AEAV?$asCArray@VasCString@@@@@Z 000000018000347c f   as_builder.obj
 0001:00002640       ?VerifyProperty@asCBuilder@@QEAAHPEAVasCDataType@@PEBDAEAVasCString@@AEAV2@PEAUasSNameSpace@@@Z 0000000180003640 f   as_builder.obj
 0001:00002914       ?GetObjectProperty@asCBuilder@@IEAAPEAVasCObjectProperty@@AEAVasCDataType@@PEBD@Z 0000000180003914 f   as_builder.obj
 0001:00002998       ?GetGlobalProperty@asCBuilder@@IEAAPEAVasCGlobalProperty@@PEBDPEAUasSNameSpace@@PEA_N2PEA_K2@Z 0000000180003998 f   as_builder.obj
 0001:00002bdc       ?ParseFunctionDeclaration@asCBuilder@@QEAAHPEAVasCObjectType@@PEBDPEAVasCScriptFunction@@_NPEAV?$asCArray@_N@@PEA_NPEAUasSNameSpace@@PEAPEAVasCScriptNode@@@Z 0000000180003bdc f   as_builder.obj
 0001:000035d4       ?ParseVariableDeclaration@asCBuilder@@QEAAHPEBDPEAUasSNameSpace@@AEAVasCString@@AEAPEAU2@AEAVasCDataType@@@Z 00000001800045d4 f   as_builder.obj
 0001:00003834       ?CheckNameConflictMember@asCBuilder@@QEAAHPEAVasCObjectType@@PEBDPEAVasCScriptNode@@PEAVasCScriptCode@@_N@Z 0000000180004834 f   as_builder.obj
 0001:00003a04       ?CheckNameConflict@asCBuilder@@QEAAHPEBDPEAVasCScriptNode@@PEAVasCScriptCode@@PEAUasSNameSpace@@@Z 0000000180004a04 f   as_builder.obj
 0001:00003da8       ?GetMixinClass@asCBuilder@@IEAAPEAUsMixinClass@@PEBDPEAUasSNameSpace@@@Z 0000000180004da8 f   as_builder.obj
 0001:00003e34       ?RegisterFuncDef@asCBuilder@@IEAAHPEAVasCScriptNode@@PEAVasCScriptCode@@PEAUasSNameSpace@@@Z 0000000180004e34 f   as_builder.obj
 0001:00003ff4       ?CompleteFuncDef@asCBuilder@@IEAAXPEAUsFuncDef@@@Z 0000000180004ff4 f   as_builder.obj
 0001:000042ac       ?RegisterGlobalVar@asCBuilder@@IEAAHPEAVasCScriptNode@@PEAVasCScriptCode@@PEAUasSNameSpace@@@Z 00000001800052ac f   as_builder.obj
 0001:000045d8       ?RegisterMixinClass@asCBuilder@@IEAAHPEAVasCScriptNode@@PEAVasCScriptCode@@PEAUasSNameSpace@@@Z 00000001800055d8 f   as_builder.obj
 0001:00004878       ?RegisterClass@asCBuilder@@IEAAHPEAVasCScriptNode@@PEAVasCScriptCode@@PEAUasSNameSpace@@@Z 0000000180005878 f   as_builder.obj
 0001:00004e10       ??4asSTypeBehaviour@@QEAAAEAU0@AEBU0@@Z 0000000180005e10 f i as_builder.obj
 0001:00004ebc       ?RegisterInterface@asCBuilder@@IEAAHPEAVasCScriptNode@@PEAVasCScriptCode@@PEAUasSNameSpace@@@Z 0000000180005ebc f   as_builder.obj
 0001:00005268       ?CompileGlobalVariables@asCBuilder@@IEAAXXZ 0000000180006268 f   as_builder.obj
 0001:000061dc       ??1asSSystemFunctionInterface@@QEAA@XZ 00000001800071dc f i as_builder.obj
 0001:000061ec       ??1?$asCSymbolTable@UsGlobalVariableDescription@@@@QEAA@XZ 00000001800071ec f i as_builder.obj
 0001:000061ec       ??1?$asCSymbolTable@VasCScriptFunction@@@@QEAA@XZ 00000001800071ec f i as_module.obj
 0001:000061ec       ??1?$asCSymbolTable@VasCGlobalProperty@@@@QEAA@XZ 00000001800071ec f i as_builder.obj
 0001:00006220       ?GetNamespaceAndNameFromNode@asCBuilder@@IEAAHPEAVasCScriptNode@@PEAVasCScriptCode@@PEAUasSNameSpace@@AEAPEAU4@AEAVasCString@@@Z 0000000180007220 f   as_builder.obj
 0001:000062c8       ?AddInterfaceToClass@asCBuilder@@IEAAXPEAUsClassDeclaration@@PEAVasCScriptNode@@PEAVasCObjectType@@@Z 00000001800072c8 f   as_builder.obj
 0001:00006484       ?CompileInterfaces@asCBuilder@@IEAAXXZ 0000000180007484 f   as_builder.obj
 0001:000069f8       ?CompileClasses@asCBuilder@@IEAAXXZ 00000001800079f8 f   as_builder.obj
 0001:00008260       ?IncludeMethodsFromMixins@asCBuilder@@IEAAXPEAUsClassDeclaration@@@Z 0000000180009260 f   as_builder.obj
 0001:00008460       ?IncludePropertiesFromMixins@asCBuilder@@IEAAXPEAUsClassDeclaration@@@Z 0000000180009460 f   as_builder.obj
 0001:00008a50       ?CreateVirtualFunction@asCBuilder@@IEAAHPEAVasCScriptFunction@@H@Z 0000000180009a50 f   as_builder.obj
 0001:00008c68       ?AddPropertyToClass@asCBuilder@@IEAAPEAVasCObjectProperty@@PEAUsClassDeclaration@@AEBVasCString@@AEBVasCDataType@@_NPEAVasCScriptCode@@PEAVasCScriptNode@@@Z 0000000180009c68 f   as_builder.obj
 0001:00008e50       ?DoesMethodExist@asCBuilder@@IEAA_NPEAVasCObjectType@@HPEAI@Z 0000000180009e50 f   as_builder.obj
 0001:00008f5c       ?AddDefaultConstructor@asCBuilder@@IEAAXPEAVasCObjectType@@PEAVasCScriptCode@@@Z 0000000180009f5c f   as_builder.obj
 0001:000093a8       ?RegisterEnum@asCBuilder@@IEAAHPEAVasCScriptNode@@PEAVasCScriptCode@@PEAUasSNameSpace@@@Z 000000018000a3a8 f   as_builder.obj
 0001:00009cd4       ?RegisterTypedef@asCBuilder@@IEAAHPEAVasCScriptNode@@PEAVasCScriptCode@@PEAUasSNameSpace@@@Z 000000018000acd4 f   as_builder.obj
 0001:00009ee4       ?GetParsedFunctionDetails@asCBuilder@@IEAAXPEAVasCScriptNode@@PEAVasCScriptCode@@PEAVasCObjectType@@AEAVasCString@@AEAVasCDataType@@AEAV?$asCArray@VasCString@@@@AEAV?$asCArray@VasCDataType@@@@AEAV?$asCArray@W4asETypeModifiers@@@@AEAV?$asCArray@PEAVasCString@@@@AEA_N999999PEAUasSNameSpace@@@Z 000000018000aee4 f   as_builder.obj
 0001:0000a568       ?GetCleanExpressionString@asCBuilder@@IEAA?AVasCString@@PEAVasCScriptNode@@PEAVasCScriptCode@@@Z 000000018000b568 f   as_builder.obj
 0001:0000a660       ?RegisterScriptFunctionFromNode@asCBuilder@@IEAAHPEAVasCScriptNode@@PEAVasCScriptCode@@PEAVasCObjectType@@_N3PEAUasSNameSpace@@33@Z 000000018000b660 f   as_builder.obj
 0001:0000a95c       ?RegisterScriptFunction@asCBuilder@@IEAAHPEAVasCScriptNode@@PEAVasCScriptCode@@PEAVasCObjectType@@_N3PEAUasSNameSpace@@33AEAVasCString@@AEAVasCDataType@@AEAV?$asCArray@VasCString@@@@AEAV?$asCArray@VasCDataType@@@@AEAV?$asCArray@W4asETypeModifiers@@@@AEAV?$asCArray@PEAVasCString@@@@3333333@Z 000000018000b95c f   as_builder.obj
 0001:0000b968       ?RegisterVirtualProperty@asCBuilder@@IEAAHPEAVasCScriptNode@@PEAVasCScriptCode@@PEAVasCObjectType@@_N3PEAUasSNameSpace@@3@Z 000000018000c968 f   as_builder.obj
 0001:0000c3e0       ?RegisterImportedFunction@asCBuilder@@IEAAHHPEAVasCScriptNode@@PEAVasCScriptCode@@PEAUasSNameSpace@@@Z 000000018000d3e0 f   as_builder.obj
 0001:0000c7c4       ?GetFunctionDescription@asCBuilder@@IEAAPEAVasCScriptFunction@@H@Z 000000018000d7c4 f   as_builder.obj
 0001:0000c7f8       ?GetFunctionDescriptions@asCBuilder@@IEAAXPEBDAEAV?$asCArray@H@@PEAUasSNameSpace@@@Z 000000018000d7f8 f   as_builder.obj
 0001:0000c9a0       ?GetObjectMethodDescriptions@asCBuilder@@IEAAXPEBDPEAVasCObjectType@@AEAV?$asCArray@H@@_NAEBVasCString@@@Z 000000018000d9a0 f   as_builder.obj
 0001:0000cb44       ?WriteInfo@asCBuilder@@IEAAXAEBVasCString@@0HH_N@Z 000000018000db44 f   as_builder.obj
 0001:0000cbd8       ?WriteInfo@asCBuilder@@IEAAXAEBVasCString@@PEAVasCScriptCode@@PEAVasCScriptNode@@@Z 000000018000dbd8 f   as_builder.obj
 0001:0000cc4c       ?WriteError@asCBuilder@@IEAAXAEBVasCString@@PEAVasCScriptCode@@PEAVasCScriptNode@@@Z 000000018000dc4c f   as_builder.obj
 0001:0000cd1c       ?WriteError@asCBuilder@@IEAAXAEBVasCString@@0HH@Z 000000018000dd1c f   as_builder.obj
 0001:0000cdb4       ?WriteWarning@asCBuilder@@IEAAXAEBVasCString@@0HH@Z 000000018000ddb4 f   as_builder.obj
 0001:0000ce5c       ?GetScopeFromNode@asCBuilder@@IEAA?AVasCString@@PEAVasCScriptNode@@PEAVasCScriptCode@@PEAPEAV3@@Z 000000018000de5c f   as_builder.obj
 0001:0000cf7c       ?GetNameSpaceFromNode@asCBuilder@@IEAAPEAUasSNameSpace@@PEAVasCScriptNode@@PEAVasCScriptCode@@PEAU2@PEAPEAV3@@Z 000000018000df7c f   as_builder.obj
 0001:0000d0c0       ?GetParentNameSpace@asCBuilder@@IEAAPEAUasSNameSpace@@PEAU2@@Z 000000018000e0c0 f   as_builder.obj
 0001:0000d1c4       ?CreateDataTypeFromNode@asCBuilder@@IEAA?AVasCDataType@@PEAVasCScriptNode@@PEAVasCScriptCode@@PEAUasSNameSpace@@_NPEAVasCObjectType@@@Z 000000018000e1c4 f   as_builder.obj
 0001:0000dfc8       ?ModifyDataTypeFromNode@asCBuilder@@IEAA?AVasCDataType@@AEBV2@PEAVasCScriptNode@@PEAVasCScriptCode@@PEAW4asETypeModifiers@@PEA_N@Z 000000018000efc8 f   as_builder.obj
 0001:0000e1ac       ?GetObjectType@asCBuilder@@IEAAPEAVasCObjectType@@PEBDPEAUasSNameSpace@@@Z 000000018000f1ac f   as_builder.obj
 0001:0000e1f8       ?DoesTypeExist@asCBuilder@@IEAA_NAEBVasCString@@@Z 000000018000f1f8 f   as_builder.obj
 0001:0000e39c       ?GetObjectTypeFromTypesKnownByObject@asCBuilder@@IEAAPEAVasCObjectType@@PEBDPEAV2@@Z 000000018000f39c f   as_builder.obj
 0001:0000e4d4       ?GetFuncDef@asCBuilder@@IEAAPEAVasCScriptFunction@@PEBD@Z 000000018000f4d4 f   as_builder.obj
 0001:0000e590       ?GetEnumValueFromObjectType@asCBuilder@@IEAAHPEAVasCObjectType@@PEBDAEAVasCDataType@@AEAK@Z 000000018000f590 f   as_builder.obj
 0001:0000e694       ?GetEnumValue@asCBuilder@@IEAAHPEBDAEAVasCDataType@@AEAKPEAUasSNameSpace@@@Z 000000018000f694 f   as_builder.obj
 0001:0000e7b0       ??1?$asCMap@VasCString@@V?$asCArray@I@@@@QEAA@XZ 000000018000f7b0 f i as_builder.obj
 0001:0000e808       ??1?$asCArray@VasCDataType@@@@QEAA@XZ 000000018000f808 f i as_builder.obj
 0001:0000e814       ?Allocate@?$asCArray@VasCDataType@@@@QEAAX_K_N@Z 000000018000f814 f i as_builder.obj
 0001:0000e9c0       ?PushLast@?$asCArray@VasCDataType@@@@QEAAXAEBVasCDataType@@@Z 000000018000f9c0 f i as_builder.obj
 0001:0000ea64       ??4?$asCArray@VasCDataType@@@@QEAAAEAV0@AEBV0@@Z 000000018000fa64 f i as_builder.obj
 0001:0000eb1c       ?PushLast@?$asCArray@I@@QEAAXAEBI@Z 000000018000fb1c f i as_builder.obj
 0001:0000eb1c       ?PushLast@?$asCArray@H@@QEAAXAEBH@Z 000000018000fb1c f i as_builder.obj
 0001:0000eb1c       ?PushLast@?$asCArray@W4asETypeModifiers@@@@QEAAXAEBW4asETypeModifiers@@@Z 000000018000fb1c f i as_builder.obj
 0001:0000eb74       ??4?$asCArray@W4asETypeModifiers@@@@QEAAAEAV0@AEBV0@@Z 000000018000fb74 f i as_builder.obj
 0001:0000eb74       ??4?$asCArray@H@@QEAAAEAV0@AEBV0@@Z 000000018000fb74 f i as_builder.obj
 0001:0000ebd4       ??4?$asCArray@PEAVasCString@@@@QEAAAEAV0@AEBV0@@Z 000000018000fbd4 f i as_builder.obj
 0001:0000ec38       ??1?$asCArray@H@@QEAA@XZ   000000018000fc38 f i as_builder.obj
 0001:0000ec38       ??1?$asCArray@W4asETypeModifiers@@@@QEAA@XZ 000000018000fc38 f i as_builder.obj
 0001:0000ec38       ??1?$asCArray@I@@QEAA@XZ   000000018000fc38 f i as_builder.obj
 0001:0000ec44       ?GetIndexes@?$asCSymbolTable@VasCScriptFunction@@@@QEBAAEBV?$asCArray@I@@PEBUasSNameSpace@@AEBVasCString@@@Z 000000018000fc44 f i as_builder.obj
 0001:0000ed14       ?Put@?$asCSymbolTable@VasCScriptFunction@@@@QEAAHPEAVasCScriptFunction@@@Z 000000018000fd14 f i as_builder.obj
 0001:0000ee20       ?Erase@?$asCSymbolTable@VasCScriptFunction@@@@QEAA_NI@Z 000000018000fe20 f i as_builder.obj
 0001:0000ef14       ??0?$asCSymbolTable@VasCGlobalProperty@@@@QEAA@I@Z 000000018000ff14 f i as_builder.obj
 0001:0000ef88       ?Put@?$asCSymbolTable@VasCGlobalProperty@@@@QEAAHPEAVasCGlobalProperty@@@Z 000000018000ff88 f i as_builder.obj
 0001:0000f090       ?PushLast@?$asCArray@_N@@QEAAXAEB_N@Z 0000000180010090 f i as_builder.obj
 0001:0000f090       ?PushLast@?$asCArray@D@@QEAAXAEBD@Z 0000000180010090 f i as_compiler.obj
 0001:0000f0e8       ??1?$asCArray@VasCString@@@@QEAA@XZ 00000001800100e8 f i as_builder.obj
 0001:0000f0f4       ?Allocate@?$asCArray@VasCString@@@@QEAAX_K_N@Z 00000001800100f4 f i as_builder.obj
 0001:0000f298       ?PushLast@?$asCArray@VasCString@@@@QEAAXAEBVasCString@@@Z 0000000180010298 f i as_builder.obj
 0001:0000f300       ??4?$asCArray@VasCString@@@@QEAAAEAV0@AEBV0@@Z 0000000180010300 f i as_builder.obj
 0001:0000f380       ?GetFirst@?$asCSymbolTable@UsGlobalVariableDescription@@@@QEAAPEAUsGlobalVariableDescription@@PEBUasSNameSpace@@AEBVasCString@@@Z 0000000180010380 f i as_builder.obj
 0001:0000f434       ?Put@?$asCSymbolTable@UsGlobalVariableDescription@@@@QEAAHPEAUsGlobalVariableDescription@@@Z 0000000180010434 f i as_builder.obj
 0001:0000f578       ??1?$asSMapNode@VasCString@@V?$asCArray@I@@@@QEAA@XZ 0000000180010578 f i as_builder.obj
 0001:0000f5b8       ?RemoveValue@?$asCArray@I@@QEAAXAEBI@Z 00000001800105b8 f i as_builder.obj
 0001:0000f60c       ?Insert@?$asCMap@VasCString@@V?$asCArray@I@@@@QEAAHAEBVasCString@@AEBV?$asCArray@I@@@Z 000000018001060c f i as_builder.obj
 0001:0000f6e4       ?Erase@?$asCMap@VasCString@@V?$asCArray@I@@@@QEAAXPEAU?$asSMapNode@VasCString@@V?$asCArray@I@@@@@Z 00000001800106e4 f i as_builder.obj
 0001:0000f814       ?MoveTo@?$asCMap@VasCString@@V?$asCArray@I@@@@QEBA_NPEAPEAU?$asSMapNode@VasCString@@V?$asCArray@I@@@@AEBVasCString@@@Z 0000000180010814 f i as_builder.obj
 0001:0000f8bc       ??8?$asCArray@VasCDataType@@@@QEBA_NAEBV0@@Z 00000001800108bc f i as_builder.obj
 0001:0000f910       ?Allocate@?$asCArray@H@@QEAAX_K_N@Z 0000000180010910 f i as_builder.obj
 0001:0000f910       ?Allocate@?$asCArray@W4asETypeModifiers@@@@QEAAX_K_N@Z 0000000180010910 f i as_builder.obj
 0001:0000f910       ?Allocate@?$asCArray@I@@QEAAX_K_N@Z 0000000180010910 f i as_builder.obj
 0001:0000f910       ?Allocate@?$asCArray@K@@QEAAX_K_N@Z 0000000180010910 f i as_compiler.obj
 0001:0000fa2c       ?GetFirstIndex@?$asCSymbolTable@VasCGlobalProperty@@@@QEBAHPEBUasSNameSpace@@AEBVasCString@@@Z 0000000180010a2c f i as_builder.obj
 0001:0000fabc       ?Allocate@?$asCArray@UsPropertyInitializer@@@@QEAAX_K_N@Z 0000000180010abc f i as_builder.obj
 0001:0000fcc0       ?Insert@?$asCMap@VasCString@@V?$asCArray@I@@@@QEAAHPEAU?$asSMapNode@VasCString@@V?$asCArray@I@@@@@Z 0000000180010cc0 f i as_builder.obj
 0001:0000fe34       ?EraseAll@?$asCMap@VasCString@@V?$asCArray@I@@@@IEAAHPEAU?$asSMapNode@VasCString@@V?$asCArray@I@@@@@Z 0000000180010e34 f i as_builder.obj
 0001:0000feb0       ?BuildKey@?$asCSymbolTable@UsGlobalVariableDescription@@@@AEBAXPEBUasSNameSpace@@AEBVasCString@@AEAV3@@Z 0000000180010eb0 f i as_builder.obj
 0001:0000feb0       ?BuildKey@?$asCSymbolTable@VasCScriptFunction@@@@AEBAXPEBUasSNameSpace@@AEBVasCString@@AEAV3@@Z 0000000180010eb0 f i as_builder.obj
 0001:0000feb0       ?BuildKey@?$asCSymbolTable@VasCGlobalProperty@@@@AEBAXPEBUasSNameSpace@@AEBVasCString@@AEAV3@@Z 0000000180010eb0 f i as_builder.obj
 0001:0000ff34       ?BalanceErase@?$asCMap@HPEAVasCDataType@@@@IEAAXPEAU?$asSMapNode@HPEAVasCDataType@@@@0@Z 0000000180010f34 f i as_scriptengine.obj
 0001:0000ff34       ?BalanceErase@?$asCMap@VasCString@@V?$asCArray@I@@@@IEAAXPEAU?$asSMapNode@VasCString@@V?$asCArray@I@@@@0@Z 0000000180010f34 f i as_builder.obj
 0001:0000ff34       ?BalanceErase@?$asCMap@PEAXPEAVasCGlobalProperty@@@@IEAAXPEAU?$asSMapNode@PEAXPEAVasCGlobalProperty@@@@0@Z 0000000180010f34 f i as_scriptengine.obj
 0001:0000ff34       ?BalanceErase@?$asCMap@PEAXUasSIntTypePair@asCGarbageCollector@@@@IEAAXPEAU?$asSMapNode@PEAXUasSIntTypePair@asCGarbageCollector@@@@0@Z 0000000180010f34 f i as_gc.obj
 0001:000100f4       ??1asCByteCode@@QEAA@XZ    00000001800110f4 f   as_bytecode.obj
 0001:00010134       ?Finalize@asCByteCode@@QEAAXAEBV?$asCArray@H@@@Z 0000000180011134 f   as_bytecode.obj
 0001:00010378       ?ClearAll@asCByteCode@@QEAAXXZ 0000000180011378 f   as_bytecode.obj
 0001:000103c0       ?InsertIfNotExists@asCByteCode@@QEAAXAEAV?$asCArray@H@@H@Z 00000001800113c0 f   as_bytecode.obj
 0001:00010404       ?GetVarsUsed@asCByteCode@@QEAAXAEAV?$asCArray@H@@@Z 0000000180011404 f   as_bytecode.obj
 0001:000104ec       ?IsVarUsed@asCByteCode@@QEAA_NH@Z 00000001800114ec f   as_bytecode.obj
 0001:00010598       ?ExchangeVar@asCByteCode@@QEAAXHH@Z 0000000180011598 f   as_bytecode.obj
 0001:00010650       ?RemoveInstruction@asCByteCode@@IEAAXPEAVasCByteInstruction@@@Z 0000000180011650 f   as_bytecode.obj
 0001:0001069c       ?RemoveUnusedValue@asCByteCode@@IEAA_NPEAVasCByteInstruction@@PEAPEAV2@@Z 000000018001169c f   as_bytecode.obj
 0001:00010c04       ?IsTemporary@asCByteCode@@IEAA_NH@Z 0000000180011c04 f   as_bytecode.obj
 0001:00010c30       ?OptimizeLocally@asCByteCode@@QEAAXAEBV?$asCArray@H@@@Z 0000000180011c30 f   as_bytecode.obj
 0001:00011d30       ?IsTempVarReadByInstr@asCByteCode@@IEAA_NPEAVasCByteInstruction@@H@Z 0000000180012d30 f   as_bytecode.obj
 0001:00011dcc       ?IsTempVarOverwrittenByInstr@asCByteCode@@IEAA_NPEAVasCByteInstruction@@H@Z 0000000180012dcc f   as_bytecode.obj
 0001:00011e1c       ?IsTempVarRead@asCByteCode@@IEAA_NPEAVasCByteInstruction@@H@Z 0000000180012e1c f   as_bytecode.obj
 0001:0001215c       ?IsTempRegUsed@asCByteCode@@IEAA_NPEAVasCByteInstruction@@@Z 000000018001315c f   as_bytecode.obj
 0001:00012338       ?AddCode@asCByteCode@@QEAAXPEAV1@@Z 0000000180013338 f   as_bytecode.obj
 0001:0001237c       ?AddInstruction@asCByteCode@@IEAAHXZ 000000018001337c f   as_bytecode.obj
 0001:00012428       ?Call@asCByteCode@@QEAAXW4asEBCInstr@@HH@Z 0000000180013428 f   as_bytecode.obj
 0001:000124b0       ?Alloc@asCByteCode@@QEAAXW4asEBCInstr@@PEAXHH@Z 00000001800134b0 f   as_bytecode.obj
 0001:00012524       ?Ret@asCByteCode@@QEAAXH@Z 0000000180013524 f   as_bytecode.obj
 0001:00012570       ?Label@asCByteCode@@QEAAXF@Z 0000000180013570 f   as_bytecode.obj
 0001:000125b8       ?ObjInfo@asCByteCode@@QEAAXHH@Z 00000001800135b8 f   as_bytecode.obj
 0001:00012614       ?Block@asCByteCode@@QEAAX_N@Z 0000000180013614 f   as_bytecode.obj
 0001:00012668       ?FindLabel@asCByteCode@@QEAAHHPEAVasCByteInstruction@@PEAPEAV2@PEAH@Z 0000000180013668 f   as_bytecode.obj
 0001:000126d4       ?DeleteInstruction@asCByteCode@@IEAAPEAVasCByteInstruction@@PEAV2@@Z 00000001800136d4 f   as_bytecode.obj
 0001:00012710       ?PostProcess@asCByteCode@@QEAAXXZ 0000000180013710 f   as_bytecode.obj
 0001:000129bc       ?Instr@asCByteCode@@QEAAHW4asEBCInstr@@@Z 00000001800139bc f   as_bytecode.obj
 0001:00012a24       ?InstrW_W_W@asCByteCode@@QEAAHW4asEBCInstr@@HHH@Z 0000000180013a24 f   as_bytecode.obj
 0001:00012ac4       ?InstrW_W@asCByteCode@@QEAAHW4asEBCInstr@@HH@Z 0000000180013ac4 f   as_bytecode.obj
 0001:00012b1c       ?InstrW_PTR@asCByteCode@@QEAAHW4asEBCInstr@@FPEAX@Z 0000000180013b1c f   as_bytecode.obj
 0001:00012b88       ?InstrW_DW@asCByteCode@@QEAAHW4asEBCInstr@@GK@Z 0000000180013b88 f   as_bytecode.obj
 0001:00012c10       ?InstrSHORT_DW_DW@asCByteCode@@QEAAHW4asEBCInstr@@FKK@Z 0000000180013c10 f   as_bytecode.obj
 0001:00012cac       ?InstrSHORT_B@asCByteCode@@QEAAHW4asEBCInstr@@FE@Z 0000000180013cac f   as_bytecode.obj
 0001:00012d24       ?InstrSHORT_DW@asCByteCode@@QEAAHW4asEBCInstr@@FK@Z 0000000180013d24 f   as_bytecode.obj
 0001:00012d7c       ?InstrINT@asCByteCode@@QEAAHW4asEBCInstr@@H@Z 0000000180013d7c f   as_bytecode.obj
 0001:00012dac       ?InstrDWORD@asCByteCode@@QEAAHW4asEBCInstr@@K@Z 0000000180013dac f   as_bytecode.obj
 0001:00012dfc       ?InstrPTR@asCByteCode@@QEAAHW4asEBCInstr@@PEAX@Z 0000000180013dfc f   as_bytecode.obj
 0001:00012e78       ?InstrSHORT@asCByteCode@@QEAAHW4asEBCInstr@@F@Z 0000000180013e78 f   as_bytecode.obj
 0001:00012e78       ?InstrWORD@asCByteCode@@QEAAHW4asEBCInstr@@G@Z 0000000180013e78 f   as_bytecode.obj
 0001:00012ef8       ?SetLength@?$asCArray@H@@QEAA_N_K@Z 0000000180013ef8 f i as_bytecode.obj
 0001:00012ef8       ?SetLength@?$asCArray@K@@QEAA_N_K@Z 0000000180013ef8 f i as_compiler.obj
 0001:00012f34       ?PushLast@?$asCArray@UasSObjectVariableInfo@@@@QEAAXAEBUasSObjectVariableInfo@@@Z 0000000180013f34 f i as_bytecode.obj
 0001:00012fa0       ??1?$asCArray@F@@QEAA@XZ   0000000180013fa0 f i as_bytecode.obj
 0001:00012fac       ?Allocate@?$asCArray@UasSObjectVariableInfo@@@@QEAAX_K_N@Z 0000000180013fac f i as_bytecode.obj
 0001:000130f8       ?Allocate@?$asCArray@F@@QEAAX_K_N@Z 00000001800140f8 f i as_bytecode.obj
 0001:00013218       ?DetectCallingConvention@@YAH_NAEBUasSFuncPtr@@HPEAXPEAUasSSystemFunctionInterface@@@Z 0000000180014218 f   as_callfunc.obj
 0001:0001333c       ?PrepareSystemFunction@@YAHPEAVasCScriptFunction@@PEAUasSSystemFunctionInterface@@PEAVasCScriptEngine@@@Z 000000018001433c f   as_callfunc.obj
 0001:000137ac       ?CallSystemFunction@@YAHHPEAVasCContext@@PEAX@Z 00000001800147ac f   as_callfunc.obj
 0001:00013c2c       ?CallSystemFunctionNative@@YA_KPEAVasCContext@@PEAVasCScriptFunction@@PEAXPEAK2AEA_K@Z 0000000180014c2c f   as_callfunc_x64_msvc.obj
 0001:00013ef4       ??0asSExprContext@@QEAA@PEAVasCScriptEngine@@@Z 0000000180014ef4 f i as_compiler.obj
 0001:00013fa0       ??1asSExprContext@@QEAA@XZ 0000000180014fa0 f i as_compiler.obj
 0001:00014020       ?Clear@asSExprContext@@QEAAXXZ 0000000180015020 f i as_compiler.obj
 0001:000140b8       ??0asCCompiler@@QEAA@PEAVasCScriptEngine@@@Z 00000001800150b8 f   as_compiler.obj
 0001:000141c8       ??1asCCompiler@@QEAA@XZ    00000001800151c8 f   as_compiler.obj
 0001:000142d8       ?Reset@asCCompiler@@IEAAXPEAVasCBuilder@@PEAVasCScriptCode@@PEAVasCScriptFunction@@@Z 00000001800152d8 f   as_compiler.obj
 0001:00014344       ?CompileDefaultConstructor@asCCompiler@@QEAAHPEAVasCBuilder@@PEAVasCScriptCode@@PEAVasCScriptNode@@PEAVasCScriptFunction@@PEAUsClassDeclaration@@@Z 0000000180015344 f   as_compiler.obj
 0001:000144bc       ?CompileFactory@asCCompiler@@QEAAHPEAVasCBuilder@@PEAVasCScriptCode@@PEAVasCScriptFunction@@@Z 00000001800154bc f   as_compiler.obj
 0001:0001469c       ?FinalizeFunction@asCCompiler@@IEAAXXZ 000000018001569c f   as_compiler.obj
 0001:00014c4c       ?SetupParametersAndReturnVariable@asCCompiler@@IEAAHAEAV?$asCArray@VasCString@@@@PEAVasCScriptNode@@@Z 0000000180015c4c f   as_compiler.obj
 0001:000151c8       ?CompileMemberInitialization@asCCompiler@@IEAAXPEAVasCByteCode@@_N@Z 00000001800161c8 f   as_compiler.obj
 0001:0001545c       ?CompileFunction@asCCompiler@@QEAAHPEAVasCBuilder@@PEAVasCScriptCode@@AEAV?$asCArray@VasCString@@@@PEAVasCScriptNode@@PEAVasCScriptFunction@@PEAUsClassDeclaration@@@Z 000000018001645c f   as_compiler.obj
 0001:00015b7c       ?CallCopyConstructor@asCCompiler@@IEAAHAEAVasCDataType@@H_NPEAVasCByteCode@@PEAUasSExprContext@@PEAVasCScriptNode@@11@Z 0000000180016b7c f   as_compiler.obj
 0001:00015f04       ?CallDefaultConstructor@asCCompiler@@IEAAHAEAVasCDataType@@H_NPEAVasCByteCode@@PEAVasCScriptNode@@H1@Z 0000000180016f04 f   as_compiler.obj
 0001:00016418       ?CallDestructor@asCCompiler@@IEAAXAEAVasCDataType@@H_NPEAVasCByteCode@@@Z 0000000180017418 f   as_compiler.obj
 0001:00016588       ?LineInstr@asCCompiler@@IEAAXPEAVasCByteCode@@_K@Z 0000000180017588 f   as_compiler.obj
 0001:00016630       ?CompileStatementBlock@asCCompiler@@IEAAXPEAVasCScriptNode@@_NPEA_NPEAVasCByteCode@@@Z 0000000180017630 f   as_compiler.obj
 0001:0001688c       ?CompileGlobalVariable@asCCompiler@@QEAAHPEAVasCBuilder@@PEAVasCScriptCode@@PEAVasCScriptNode@@PEAUsGlobalVariableDescription@@PEAVasCScriptFunction@@@Z 000000018001788c f   as_compiler.obj
 0001:00016afc       ?DetermineSingleFunc@asCCompiler@@IEAAXPEAUasSExprContext@@PEAVasCScriptNode@@@Z 0000000180017afc f   as_compiler.obj
 0001:00016f10       ?PrepareArgument@asCCompiler@@IEAAXPEAVasCDataType@@PEAUasSExprContext@@PEAVasCScriptNode@@_NH3@Z 0000000180017f10 f   as_compiler.obj
 0001:000182ec       ??4asCTypeInfo@@QEAAAEAU0@AEBU0@@Z 00000001800192ec f i as_compiler.obj
 0001:000183ec       ?PrepareFunctionCall@asCCompiler@@IEAAXHPEAVasCByteCode@@AEAV?$asCArray@PEAUasSExprContext@@@@@Z 00000001800193ec f   as_compiler.obj
 0001:00018628       ?MoveArgsToStack@asCCompiler@@IEAAXHPEAVasCByteCode@@AEAV?$asCArray@PEAUasSExprContext@@@@_N@Z 0000000180019628 f   as_compiler.obj
 0001:00018860       ?CompileArgumentList@asCCompiler@@IEAAHPEAVasCScriptNode@@AEAV?$asCArray@PEAUasSExprContext@@@@@Z 0000000180019860 f   as_compiler.obj
 0001:000189b0       ?CompileDefaultArgs@asCCompiler@@IEAAHPEAVasCScriptNode@@AEAV?$asCArray@PEAUasSExprContext@@@@PEAVasCScriptFunction@@@Z 00000001800199b0 f   as_compiler.obj
 0001:00019140       ?MatchFunctions@asCCompiler@@IEAAIAEAV?$asCArray@H@@AEAV?$asCArray@PEAUasSExprContext@@@@PEAVasCScriptNode@@PEBDPEAVasCObjectType@@_N55AEBVasCString@@@Z 000000018001a140 f   as_compiler.obj
 0001:00019964       ?CompileDeclaration@asCCompiler@@IEAAXPEAVasCScriptNode@@PEAVasCByteCode@@@Z 000000018001a964 f   as_compiler.obj
 0001:00019e88       ?CompileInitialization@asCCompiler@@IEAA_NPEAVasCScriptNode@@PEAVasCByteCode@@AEAVasCDataType@@0HPEA_KH@Z 000000018001ae88 f   as_compiler.obj
 0001:0001ae94       ?CompileInitList@asCCompiler@@IEAAXPEAUasCTypeInfo@@PEAVasCScriptNode@@PEAVasCByteCode@@H@Z 000000018001be94 f   as_compiler.obj
 0001:0001b6b4       ?CompileInitListElement@asCCompiler@@IEAAHAEAPEAUasSListPatternNode@@AEAPEAVasCScriptNode@@HFAEAIAEAVasCByteCode@@@Z 000000018001c6b4 f   as_compiler.obj
 0001:0001c6ec       ?CompileStatement@asCCompiler@@IEAAXPEAVasCScriptNode@@PEA_NPEAVasCByteCode@@@Z 000000018001d6ec f   as_compiler.obj
 0001:0001c7b0       ?CompileSwitchStatement@asCCompiler@@IEAAXPEAVasCScriptNode@@PEA_NPEAVasCByteCode@@@Z 000000018001d7b0 f   as_compiler.obj
 0001:0001d480       ?CompileCase@asCCompiler@@IEAAXPEAVasCScriptNode@@PEAVasCByteCode@@@Z 000000018001e480 f   as_compiler.obj
 0001:0001d634       ?CompileIfStatement@asCCompiler@@IEAAXPEAVasCScriptNode@@PEA_NPEAVasCByteCode@@@Z 000000018001e634 f   as_compiler.obj
 0001:0001dc88       ?CompileForStatement@asCCompiler@@IEAAXPEAVasCScriptNode@@PEAVasCByteCode@@@Z 000000018001ec88 f   as_compiler.obj
 0001:0001e30c       ?CompileWhileStatement@asCCompiler@@IEAAXPEAVasCScriptNode@@PEAVasCByteCode@@@Z 000000018001f30c f   as_compiler.obj
 0001:0001e674       ?CompileDoWhileStatement@asCCompiler@@IEAAXPEAVasCScriptNode@@PEAVasCByteCode@@@Z 000000018001f674 f   as_compiler.obj
 0001:0001e9e8       ?CompileBreakStatement@asCCompiler@@IEAAXPEAVasCScriptNode@@PEAVasCByteCode@@@Z 000000018001f9e8 f   as_compiler.obj
 0001:0001eaf8       ?CompileContinueStatement@asCCompiler@@IEAAXPEAVasCScriptNode@@PEAVasCByteCode@@@Z 000000018001faf8 f   as_compiler.obj
 0001:0001ec08       ?CompileExpressionStatement@asCCompiler@@IEAAXPEAVasCScriptNode@@PEAVasCByteCode@@@Z 000000018001fc08 f   as_compiler.obj
 0001:0001ed18       ?PrepareTemporaryObject@asCCompiler@@IEAAXPEAVasCScriptNode@@PEAUasSExprContext@@_N@Z 000000018001fd18 f   as_compiler.obj
 0001:0001f148       ?CompileReturnStatement@asCCompiler@@IEAAXPEAVasCScriptNode@@PEAVasCByteCode@@@Z 0000000180020148 f   as_compiler.obj
 0001:0001fe30       ?DestroyVariables@asCCompiler@@IEAAXPEAVasCByteCode@@@Z 0000000180020e30 f   as_compiler.obj
 0001:0001feb8       ?AddVariableScope@asCCompiler@@IEAAX_N0@Z 0000000180020eb8 f   as_compiler.obj
 0001:0001ff3c       ?RemoveVariableScope@asCCompiler@@IEAAXXZ 0000000180020f3c f   as_compiler.obj
 0001:0001ff88       ?Error@asCCompiler@@IEAAXAEBVasCString@@PEAVasCScriptNode@@@Z 0000000180020f88 f   as_compiler.obj
 0001:0002000c       ?Warning@asCCompiler@@IEAAXAEBVasCString@@PEAVasCScriptNode@@@Z 000000018002100c f   as_compiler.obj
 0001:0002008c       ?PrintMatchingFuncs@asCCompiler@@IEAAXAEAV?$asCArray@H@@PEAVasCScriptNode@@@Z 000000018002108c f   as_compiler.obj
 0001:0002017c       ?AllocateVariableNotIn@asCCompiler@@IEAAHAEBVasCDataType@@_N1PEAUasSExprContext@@@Z 000000018002117c f   as_compiler.obj
 0001:000201e8       ?AllocateVariable@asCCompiler@@IEAAHAEBVasCDataType@@_N1@Z 00000001800211e8 f   as_compiler.obj
 0001:0002046c       ?GetVariableOffset@asCCompiler@@IEAAHH@Z 000000018002146c f   as_compiler.obj
 0001:00020560       ?GetVariableSlot@asCCompiler@@IEAAHH@Z 0000000180021560 f   as_compiler.obj
 0001:00020614       ?IsVariableOnHeap@asCCompiler@@IEAA_NH@Z 0000000180021614 f   as_compiler.obj
 0001:00020640       ?DeallocateVariable@asCCompiler@@IEAAXH@Z 0000000180021640 f   as_compiler.obj
 0001:000206c8       ?ReleaseTemporaryVariable@asCCompiler@@IEAAXAEAUasCTypeInfo@@PEAVasCByteCode@@@Z 00000001800216c8 f   as_compiler.obj
 0001:000206ec       ?ReleaseTemporaryVariable@asCCompiler@@IEAAXHPEAVasCByteCode@@@Z 00000001800216ec f   as_compiler.obj
 0001:00020788       ?Dereference@asCCompiler@@IEAAXPEAUasSExprContext@@_N@Z 0000000180021788 f   as_compiler.obj
 0001:000207d0       ?IsVariableInitialized@asCCompiler@@IEAA_NPEAUasCTypeInfo@@PEAVasCScriptNode@@@Z 00000001800217d0 f   as_compiler.obj
 0001:000208b0       ?PrepareForAssignment@asCCompiler@@IEAAXPEAVasCDataType@@PEAUasSExprContext@@PEAVasCScriptNode@@_N1@Z 00000001800218b0 f   as_compiler.obj
 0001:00020c44       ?PerformAssignment@asCCompiler@@IEAAHPEAUasCTypeInfo@@0PEAVasCByteCode@@PEAVasCScriptNode@@@Z 0000000180021c44 f   as_compiler.obj
 0001:000210d4       ?CompileRefCast@asCCompiler@@IEAA_NPEAUasSExprContext@@AEBVasCDataType@@_NPEAVasCScriptNode@@2@Z 00000001800220d4 f   as_compiler.obj
 0001:000219e0       ??0asCTypeInfo@@QEAA@AEBU0@@Z 00000001800229e0 f i as_compiler.obj
 0001:00021ae0       ?ImplicitConvPrimitiveToPrimitive@asCCompiler@@IEAAIPEAUasSExprContext@@AEBVasCDataType@@PEAVasCScriptNode@@W4EImplicitConv@@_N@Z 0000000180022ae0 f   as_compiler.obj
 0001:000232a8       ?ImplicitConversion@asCCompiler@@IEAAIPEAUasSExprContext@@AEBVasCDataType@@PEAVasCScriptNode@@W4EImplicitConv@@_N4@Z 00000001800242a8 f   as_compiler.obj
 0001:000233d4       ?ImplicitConvObjectToPrimitive@asCCompiler@@IEAAIPEAUasSExprContext@@AEBVasCDataType@@PEAVasCScriptNode@@W4EImplicitConv@@_N@Z 00000001800243d4 f   as_compiler.obj
 0001:00023cd0       ?ImplicitConvObjectRef@asCCompiler@@IEAAIPEAUasSExprContext@@AEBVasCDataType@@PEAVasCScriptNode@@W4EImplicitConv@@_N@Z 0000000180024cd0 f   as_compiler.obj
 0001:00024280       ?ImplicitConvObjectValue@asCCompiler@@IEAAIPEAUasSExprContext@@AEBVasCDataType@@PEAVasCScriptNode@@W4EImplicitConv@@_N@Z 0000000180025280 f   as_compiler.obj
 0001:00024558       ?ImplicitConvObjectToObject@asCCompiler@@IEAAIPEAUasSExprContext@@AEBVasCDataType@@PEAVasCScriptNode@@W4EImplicitConv@@_N4@Z 0000000180025558 f   as_compiler.obj
 0001:00025518       ?ImplicitConvPrimitiveToObject@asCCompiler@@IEAAIPEAUasSExprContext@@AEBVasCDataType@@PEAVasCScriptNode@@W4EImplicitConv@@_N4@Z 0000000180026518 f   as_compiler.obj
 0001:00025a30       ?ImplicitConversionConstant@asCCompiler@@IEAAXPEAUasSExprContext@@AEBVasCDataType@@PEAVasCScriptNode@@W4EImplicitConv@@@Z 0000000180026a30 f   as_compiler.obj
 0001:00027a24       ?DoAssignment@asCCompiler@@IEAAHPEAUasSExprContext@@00PEAVasCScriptNode@@1H1@Z 0000000180028a24 f   as_compiler.obj
 0001:000287dc       ?CompileAssignment@asCCompiler@@IEAAHPEAVasCScriptNode@@PEAUasSExprContext@@@Z 00000001800297dc f   as_compiler.obj
 0001:000288f8       ?CompileCondition@asCCompiler@@IEAAHPEAVasCScriptNode@@PEAUasSExprContext@@@Z 00000001800298f8 f   as_compiler.obj
 0001:0002960c       ?CompileExpression@asCCompiler@@IEAAHPEAVasCScriptNode@@PEAUasSExprContext@@@Z 000000018002a60c f   as_compiler.obj
 0001:000297a4       ?CompilePostFixExpression@asCCompiler@@IEAAHPEAV?$asCArray@PEAVasCScriptNode@@@@PEAUasSExprContext@@@Z 000000018002a7a4 f   as_compiler.obj
 0001:00029b58       ?CompileVariableAccess@asCCompiler@@IEAAHAEBVasCString@@0PEAUasSExprContext@@PEAVasCScriptNode@@_N33PEAVasCObjectType@@@Z 000000018002ab58 f   as_compiler.obj
 0001:0002b520       ?CompileExpressionValue@asCCompiler@@IEAAHPEAVasCScriptNode@@PEAUasSExprContext@@@Z 000000018002c520 f   as_compiler.obj
 0001:0002c434       ?ProcessStringConstant@asCCompiler@@IEAAIAEAVasCString@@PEAVasCScriptNode@@_N@Z 000000018002d434 f   as_compiler.obj
 0001:0002cc68       ?ProcessHeredocStringConstant@asCCompiler@@IEAAXAEAVasCString@@PEAVasCScriptNode@@@Z 000000018002dc68 f   as_compiler.obj
 0001:0002ce08       ?CompileConversion@asCCompiler@@IEAAXPEAVasCScriptNode@@PEAUasSExprContext@@@Z 000000018002de08 f   as_compiler.obj
 0001:0002d6f4       ?AfterFunctionCall@asCCompiler@@IEAAXHAEAV?$asCArray@PEAUasSExprContext@@@@PEAUasSExprContext@@_N@Z 000000018002e6f4 f   as_compiler.obj
 0001:0002d908       ?ProcessDeferredParams@asCCompiler@@IEAAXPEAUasSExprContext@@@Z 000000018002e908 f   as_compiler.obj
 0001:0002dd0c       ?CompileConstructCall@asCCompiler@@IEAAXPEAVasCScriptNode@@PEAUasSExprContext@@@Z 000000018002ed0c f   as_compiler.obj
 0001:0002ebb0       ?CompileFunctionCall@asCCompiler@@IEAAHPEAVasCScriptNode@@PEAUasSExprContext@@PEAVasCObjectType@@_NAEBVasCString@@@Z 000000018002fbb0 f   as_compiler.obj
 0001:0002f70c       ?DetermineNameSpace@asCCompiler@@IEAAPEAUasSNameSpace@@AEBVasCString@@@Z 000000018003070c f   as_compiler.obj
 0001:0002f7d0       ?CompileExpressionPreOp@asCCompiler@@IEAAHPEAVasCScriptNode@@PEAUasSExprContext@@@Z 00000001800307d0 f   as_compiler.obj
 0001:00030dfc       ?ConvertToReference@asCCompiler@@IEAAXPEAUasSExprContext@@@Z 0000000180031dfc f   as_compiler.obj
 0001:00030ed4       ?FindPropertyAccessor@asCCompiler@@IEAAHAEBVasCString@@PEAUasSExprContext@@1PEAVasCScriptNode@@PEAUasSNameSpace@@_N@Z 0000000180031ed4 f   as_compiler.obj
 0001:00031b84       ?ProcessPropertySetAccessor@asCCompiler@@IEAAHPEAUasSExprContext@@0PEAVasCScriptNode@@@Z 0000000180032b84 f   as_compiler.obj
 0001:00031f7c       ?ProcessPropertyGetAccessor@asCCompiler@@IEAAXPEAUasSExprContext@@PEAVasCScriptNode@@@Z 0000000180032f7c f   as_compiler.obj
 0001:000323a4       ?CompileExpressionPostOp@asCCompiler@@IEAAHPEAVasCScriptNode@@PEAUasSExprContext@@@Z 00000001800333a4 f   as_compiler.obj
 0001:00033c58       ?GetPrecedence@asCCompiler@@IEAAHPEAVasCScriptNode@@@Z 0000000180034c58 f   as_compiler.obj
 0001:00033d14       ?MatchArgument@asCCompiler@@IEAAIAEAV?$asCArray@H@@AEAV?$asCArray@UasSOverloadCandidate@@@@PEBUasSExprContext@@H_N@Z 0000000180034d14 f   as_compiler.obj
 0001:00034040       ?CompileOverloadedDualOperator@asCCompiler@@IEAA_NPEAVasCScriptNode@@PEAUasSExprContext@@11@Z 0000000180035040 f   as_compiler.obj
 0001:0003490c       ?CompileOverloadedDualOperator2@asCCompiler@@IEAAHPEAVasCScriptNode@@PEBDPEAUasSExprContext@@22_NAEBVasCDataType@@@Z 000000018003590c f   as_compiler.obj
 0001:00034dc4       ?MakeFunctionCall@asCCompiler@@IEAAXPEAUasSExprContext@@HPEAVasCObjectType@@AEAV?$asCArray@PEAUasSExprContext@@@@PEAVasCScriptNode@@_NHH@Z 0000000180035dc4 f   as_compiler.obj
 0001:000350e8       ?CompileOperator@asCCompiler@@IEAAHPEAVasCScriptNode@@PEAUasSExprContext@@11@Z 00000001800360e8 f   as_compiler.obj
 0001:0003561c       ?ConvertToTempVariableNotIn@asCCompiler@@IEAAXPEAUasSExprContext@@0@Z 000000018003661c f   as_compiler.obj
 0001:00035678       ?ConvertToTempVariable@asCCompiler@@IEAAXPEAUasSExprContext@@@Z 0000000180036678 f   as_compiler.obj
 0001:00035798       ?ConvertToVariable@asCCompiler@@IEAAXPEAUasSExprContext@@@Z 0000000180036798 f   as_compiler.obj
 0001:00035ba8       ?ConvertToVariableNotIn@asCCompiler@@IEAAXPEAUasSExprContext@@0@Z 0000000180036ba8 f   as_compiler.obj
 0001:00035c04       ?CompileMathOperator@asCCompiler@@IEAAXPEAVasCScriptNode@@PEAUasSExprContext@@11@Z 0000000180036c04 f   as_compiler.obj
 0001:00036b10       ?CompileBitwiseOperator@asCCompiler@@IEAAXPEAVasCScriptNode@@PEAUasSExprContext@@11@Z 0000000180037b10 f   as_compiler.obj
 0001:00037aa8       ?CompileComparisonOperator@asCCompiler@@IEAAXPEAVasCScriptNode@@PEAUasSExprContext@@11@Z 0000000180038aa8 f   as_compiler.obj
 0001:00038b38       ?PushVariableOnStack@asCCompiler@@IEAAXPEAUasSExprContext@@_N@Z 0000000180039b38 f   as_compiler.obj
 0001:00038b94       ?CompileBooleanOperator@asCCompiler@@IEAAXPEAVasCScriptNode@@PEAUasSExprContext@@11@Z 0000000180039b94 f   as_compiler.obj
 0001:00039414       ?CompileOperatorOnHandles@asCCompiler@@IEAAXPEAVasCScriptNode@@PEAUasSExprContext@@11@Z 000000018003a414 f   as_compiler.obj
 0001:00039f00       ?PerformFunctionCall@asCCompiler@@IEAAXHPEAUasSExprContext@@_NPEAV?$asCArray@PEAUasSExprContext@@@@PEAVasCObjectType@@1HH@Z 000000018003af00 f   as_compiler.obj
 0001:0003aa30       ?MergeExprBytecode@asCCompiler@@IEAAXPEAUasSExprContext@@0@Z 000000018003ba30 f   as_compiler.obj
 0001:0003aac4       ?MergeExprBytecodeAndType@asCCompiler@@IEAAXPEAUasSExprContext@@0@Z 000000018003bac4 f   as_compiler.obj
 0001:0003ab68       ?FilterConst@asCCompiler@@IEAAXAEAV?$asCArray@H@@_N@Z 000000018003bb68 f   as_compiler.obj
 0001:0003ac20       ??1?$asCArray@UasSDeferredParam@@@@QEAA@XZ 000000018003bc20 f i as_compiler.obj
 0001:0003ac2c       ?PushLast@?$asCArray@UasSDeferredParam@@@@QEAAXAEBUasSDeferredParam@@@Z 000000018003bc2c f i as_compiler.obj
 0001:0003acc4       ?SetLength@?$asCArray@PEAVasCScriptFunction@@@@QEAA_N_K@Z 000000018003bcc4 f i as_configgroup.obj
 0001:0003acc4       ?SetLength@?$asCArray@PEAUasSExprContext@@@@QEAA_N_K@Z 000000018003bcc4 f i as_compiler.obj
 0001:0003acc4       ?SetLength@?$asCArray@PEAVasCString@@@@QEAA_N_K@Z 000000018003bcc4 f i as_restore.obj
 0001:0003ad00       ??1?$asCArray@UasSOverloadCandidate@@@@QEAA@XZ 000000018003bd00 f i as_compiler.obj
 0001:0003ad0c       ?PushLast@?$asCArray@UasSOverloadCandidate@@@@QEAAXAEBUasSOverloadCandidate@@@Z 000000018003bd0c f i as_compiler.obj
 0001:0003ad68       ??1?$asCArray@_N@@QEAA@XZ  000000018003bd68 f i as_builder.obj
 0001:0003ad68       ??1?$asCArray@D@@QEAA@XZ   000000018003bd68 f i as_compiler.obj
 0001:0003ad74       ??1?$asCArray@USObjProp@asCReader@@@@QEAA@XZ 000000018003bd74 f i as_module.obj
 0001:0003ad74       ??1?$asCArray@UasCTypeInfo@@@@QEAA@XZ 000000018003bd74 f i as_compiler.obj
 0001:0003ad74       ??1?$asCArray@K@@QEAA@XZ   000000018003bd74 f i as_scriptfunction.obj
 0001:0003ada8       ?Allocate@?$asCArray@UasSDeferredParam@@@@QEAAX_K_N@Z 000000018003bda8 f i as_compiler.obj
 0001:0003af60       ?Allocate@?$asCArray@UasSOverloadCandidate@@@@QEAAX_K_N@Z 000000018003bf60 f i as_compiler.obj
 0001:0003b084       ?Allocate@?$asCArray@_N@@QEAAX_K_N@Z 000000018003c084 f i as_builder.obj
 0001:0003b084       ?Allocate@?$asCArray@D@@QEAAX_K_N@Z 000000018003c084 f i as_compiler.obj
 0001:0003b19c       ??1asCConfigGroup@@QEAA@XZ 000000018003c19c f   as_configgroup.obj
 0001:0003b220       ?FindType@asCConfigGroup@@QEAAPEAVasCObjectType@@PEBD@Z 000000018003c220 f   as_configgroup.obj
 0001:0003b294       ?RefConfigGroup@asCConfigGroup@@QEAAXPEAV1@@Z 000000018003c294 f   as_configgroup.obj
 0001:0003b2ec       ?RemoveConfiguration@asCConfigGroup@@QEAAXPEAVasCScriptEngine@@_N@Z 000000018003c2ec f   as_configgroup.obj
 0001:0003b5c4       ?RemoveValue@?$asCArray@PEAVasCScriptFunction@@@@QEAAXAEBQEAVasCScriptFunction@@@Z 000000018003c5c4 f i as_builder.obj
 0001:0003b5c4       ?RemoveValue@?$asCArray@PEAVasCObjectType@@@@QEAAXAEBQEAVasCObjectType@@@Z 000000018003c5c4 f i as_configgroup.obj
 0001:0003b618       ?Erase@?$asCSymbolTable@VasCGlobalProperty@@@@QEAA_NI@Z 000000018003c618 f i as_configgroup.obj
 0001:0003b708       ??1asIScriptContext@@MEAA@XZ 000000018003c708 f i as_context.obj
 0001:0003b714       ??_EasIScriptContext@@MEAAPEAXI@Z 000000018003c714 f i  CIL library: CIL module
 0001:0003b714       ??_GasIScriptContext@@MEAAPEAXI@Z 000000018003c714 f i as_context.obj
 0001:0003b73c       asGetActiveContext         000000018003c73c f   as_context.obj
 0001:0003b760       ??0asCContext@@QEAA@PEAVasCScriptEngine@@_N@Z 000000018003c760 f   as_context.obj
 0001:0003b870       ??_GasCContext@@UEAAPEAXI@Z 000000018003c870 f i as_context.obj
 0001:0003b870       ??_EasCContext@@UEAAPEAXI@Z 000000018003c870 f i  CIL library: CIL module
 0001:0003b8a0       ??1asCContext@@UEAA@XZ     000000018003c8a0 f   as_context.obj
 0001:0003b9dc       ?IsNested@asCContext@@UEBA_NPEAI@Z 000000018003c9dc f   as_context.obj
 0001:0003ba5c       ?AddRef@asCLockableSharedBool@@UEBAHXZ 000000018003ca5c f   as_scriptobject.obj
 0001:0003ba5c       ?AddRef@asCContext@@UEBAHXZ 000000018003ca5c f   as_context.obj
 0001:0003ba6c       ?Release@asCContext@@UEBAHXZ 000000018003ca6c f   as_context.obj
 0001:0003baa0       ?SetUserData@asCContext@@UEAAPEAXPEAX@Z 000000018003caa0 f   as_context.obj
 0001:0003bab0       ?GetUserData@asCContext@@UEBAPEAXXZ 000000018003cab0 f   as_context.obj
 0001:0003bab8       ?GetSystemFunction@asCContext@@UEAAPEAVasIScriptFunction@@XZ 000000018003cab8 f   as_context.obj
 0001:0003bac0       ?Prepare@asCContext@@UEAAHPEAVasIScriptFunction@@@Z 000000018003cac0 f   as_context.obj
 0001:0003bda4       ?Unprepare@asCContext@@UEAAHXZ 000000018003cda4 f   as_context.obj
 0001:0003be28       ?GetReturnByte@asCContext@@UEAAEXZ 000000018003ce28 f   as_context.obj
 0001:0003be64       ?GetReturnWord@asCContext@@UEAAGXZ 000000018003ce64 f   as_context.obj
 0001:0003bea0       ?GetReturnDWord@asCContext@@UEAAKXZ 000000018003cea0 f   as_context.obj
 0001:0003bed8       ?GetReturnQWord@asCContext@@UEAA_KXZ 000000018003ced8 f   as_context.obj
 0001:0003bf10       ?GetReturnFloat@asCContext@@UEAAMXZ 000000018003cf10 f   as_context.obj
 0001:0003bf48       ?GetReturnDouble@asCContext@@UEAANXZ 000000018003cf48 f   as_context.obj
 0001:0003bf84       ?GetReturnAddress@asCContext@@UEAAPEAXXZ 000000018003cf84 f   as_context.obj
 0001:0003bff8       ?GetReturnObject@asCContext@@UEAAPEAXXZ 000000018003cff8 f   as_context.obj
 0001:0003c074       ?GetAddressOfReturnValue@asCContext@@UEAAPEAXXZ 000000018003d074 f   as_context.obj
 0001:0003c0f8       ?SetObject@asCContext@@UEAAHPEAX@Z 000000018003d0f8 f   as_context.obj
 0001:0003c130       ?SetArgByte@asCContext@@UEAAHIE@Z 000000018003d130 f   as_context.obj
 0001:0003c200       ?SetArgWord@asCContext@@UEAAHIG@Z 000000018003d200 f   as_context.obj
 0001:0003c2d8       ?SetArgDWord@asCContext@@UEAAHIK@Z 000000018003d2d8 f   as_context.obj
 0001:0003c3a8       ?SetArgQWord@asCContext@@UEAAHI_K@Z 000000018003d3a8 f   as_context.obj
 0001:0003c494       ?SetArgFloat@asCContext@@UEAAHIM@Z 000000018003d494 f   as_context.obj
 0001:0003c574       ?SetArgDouble@asCContext@@UEAAHIN@Z 000000018003d574 f   as_context.obj
 0001:0003c654       ?SetArgAddress@asCContext@@UEAAHIPEAX@Z 000000018003d654 f   as_context.obj
 0001:0003c708       ?SetArgObject@asCContext@@UEAAHIPEAX@Z 000000018003d708 f   as_context.obj
 0001:0003c824       ?GetAddressOfArg@asCContext@@UEAAPEAXI@Z 000000018003d824 f   as_context.obj
 0001:0003c898       ?Abort@asCContext@@UEAAHXZ 000000018003d898 f   as_context.obj
 0001:0003c8c8       ?Suspend@asCContext@@UEAAHXZ 000000018003d8c8 f   as_context.obj
 0001:0003c8e8       ?Execute@asCContext@@UEAAHXZ 000000018003d8e8 f   as_context.obj
 0001:0003cc70       ?PushState@asCContext@@UEAAHXZ 000000018003dc70 f   as_context.obj
 0001:0003cd80       ?PopState@asCContext@@UEAAHXZ 000000018003dd80 f   as_context.obj
 0001:0003ce94       ?PushCallState@asCContext@@QEAAXXZ 000000018003de94 f   as_context.obj
 0001:0003cf38       ?PopCallState@asCContext@@QEAAXXZ 000000018003df38 f   as_context.obj
 0001:0003cfb0       ?GetCallstackSize@asCContext@@UEBAIXZ 000000018003dfb0 f   as_context.obj
 0001:0003cfd0       ?GetFunction@asCContext@@UEAAPEAVasIScriptFunction@@I@Z 000000018003dfd0 f   as_context.obj
 0001:0003d02c       ?GetLineNumber@asCContext@@UEAAHIPEAHPEAPEBD@Z 000000018003e02c f   as_context.obj
 0001:0003d13c       ?ReserveStackSpace@asCContext@@QEAA_NI@Z 000000018003e13c f   as_context.obj
 0001:0003d300       ?CallScriptFunction@asCContext@@QEAAXPEAVasCScriptFunction@@@Z 000000018003e300 f   as_context.obj
 0001:0003d3d8       ?PrepareScriptFunction@asCContext@@QEAAXXZ 000000018003e3d8 f   as_context.obj
 0001:0003d488       ?CallInterfaceMethod@asCContext@@QEAAXPEAVasCScriptFunction@@@Z 000000018003e488 f   as_context.obj
 0001:0003d554       ?ExecuteNext@asCContext@@QEAAXXZ 000000018003e554 f   as_context.obj
 0001:0003fb1c       ?SetException@asCContext@@UEAAHPEBD@Z 0000000180040b1c f   as_context.obj
 0001:0003fb38       ?SetInternalException@asCContext@@QEAAXPEBD@Z 0000000180040b38 f   as_context.obj
 0001:0003fc2c       ?CleanReturnObject@asCContext@@QEAAXXZ 0000000180040c2c f   as_context.obj
 0001:0003fd14       ?CleanStack@asCContext@@QEAAXXZ 0000000180040d14 f   as_context.obj
 0001:0003fd68       ?IsVarInScope@asCContext@@UEAA_NII@Z 0000000180040d68 f   as_context.obj
 0001:0003feb4       ?DetermineLiveObjects@asCContext@@QEAAXAEAV?$asCArray@H@@I@Z 0000000180040eb4 f   as_context.obj
 0001:00040090       ?CleanArgsOnStack@asCContext@@QEAAXXZ 0000000180041090 f   as_context.obj
 0001:0004033c       ?CleanStackFrame@asCContext@@QEAAXXZ 000000018004133c f   as_context.obj
 0001:000406e0       ?GetExceptionLineNumber@asCContext@@UEAAHPEAHPEAPEBD@Z 00000001800416e0 f   as_context.obj
 0001:00040768       ?GetExceptionFunction@asCContext@@UEAAPEAVasIScriptFunction@@XZ 0000000180041768 f   as_context.obj
 0001:0004079c       ?GetExceptionString@asCContext@@UEAAPEBDXZ 000000018004179c f   as_context.obj
 0001:000407d4       ?GetState@asCContext@@UEBA?AW4asEContextState@@XZ 00000001800417d4 f   as_context.obj
 0001:000407d8       ?SetLineCallback@asCContext@@UEAAHUasSFuncPtr@@PEAXH@Z 00000001800417d8 f   as_context.obj
 0001:0004087c       ?CallLineCallback@asCContext@@QEAAXXZ 000000018004187c f   as_context.obj
 0001:000408d4       ?SetExceptionCallback@asCContext@@UEAAHUasSFuncPtr@@PEAXH@Z 00000001800418d4 f   as_context.obj
 0001:00040938       ?ClearLineCallback@asCContext@@UEAAXXZ 0000000180041938 f   as_context.obj
 0001:0004094c       ?ClearExceptionCallback@asCContext@@UEAAXXZ 000000018004194c f   as_context.obj
 0001:00040954       ?CallGeneric@asCContext@@QEAAHHPEAX@Z 0000000180041954 f   as_context.obj
 0001:00040b50       ?GetVarCount@asCContext@@UEAAHI@Z 0000000180041b50 f   as_context.obj
 0001:00040b78       ?GetVarName@asCContext@@UEAAPEBDII@Z 0000000180041b78 f   as_context.obj
 0001:00040bd0       ?GetVarDeclaration@asCContext@@UEAAPEBDII_N@Z 0000000180041bd0 f   as_context.obj
 0001:00040c0c       ?GetVarTypeId@asCContext@@UEAAHII@Z 0000000180041c0c f   as_context.obj
 0001:00040c54       ?GetAddressOfVar@asCContext@@UEAAPEAXII@Z 0000000180041c54 f   as_context.obj
 0001:00040efc       ?GetThisTypeId@asCContext@@UEAAHI@Z 0000000180041efc f   as_context.obj
 0001:00040f60       ?GetThisPointer@asCContext@@UEAAPEAXI@Z 0000000180041f60 f   as_context.obj
 0001:00040fdc       ??1?$asCArray@PEAUasSEnumValue@@@@QEAA@XZ 0000000180041fdc f i as_objecttype.obj
 0001:00040fdc       ??1?$asCArray@PEAVasCScriptNode@@@@QEAA@XZ 0000000180041fdc f i as_compiler.obj
 0001:00040fdc       ??1?$asCArray@PEAVasCString@@@@QEAA@XZ 0000000180041fdc f i as_builder.obj
 0001:00040fdc       ??1?$asCArray@PEAVasCScriptCode@@@@QEAA@XZ 0000000180041fdc f i as_builder.obj
 0001:00040fdc       ??1?$asCArray@PEAUsVariable@@@@QEAA@XZ 0000000180041fdc f i as_variablescope.obj
 0001:00040fdc       ??1?$asCArray@PEAUmessage_t@asCOutputBuffer@@@@QEAA@XZ 0000000180041fdc f i as_builder.obj
 0001:00040fdc       ??1?$asCArray@PEAVasCConfigGroup@@@@QEAA@XZ 0000000180041fdc f i as_configgroup.obj
 0001:00040fdc       ??1?$asCArray@PEAUasSScriptVariable@@@@QEAA@XZ 0000000180041fdc f i as_scriptfunction.obj
 0001:00040fdc       ??1?$asCArray@PEAUsClassDeclaration@@@@QEAA@XZ 0000000180041fdc f i as_builder.obj
 0001:00040fdc       ??1?$asCArray@PEAK@@QEAA@XZ 0000000180041fdc f i as_context.obj
 0001:00040fdc       ??1?$asCArray@PEAUasSExprContext@@@@QEAA@XZ 0000000180041fdc f i as_compiler.obj
 0001:00040fdc       ??1?$asCArray@PEAUasSNameSpace@@@@QEAA@XZ 0000000180041fdc f i as_scriptengine.obj
 0001:00040fdc       ??1?$asCArray@PEAVasIScriptContext@@@@QEAA@XZ 0000000180041fdc f i as_thread.obj
 0001:00040fdc       ??1?$asCArray@PEAVasCModule@@@@QEAA@XZ 0000000180041fdc f i as_scriptengine.obj
 0001:00040fdc       ??1?$asCArray@_K@@QEAA@XZ  0000000180041fdc f i as_context.obj
 0001:00040fdc       ??1?$asCArray@PEAVasCGlobalProperty@@@@QEAA@XZ 0000000180041fdc f i as_builder.obj
 0001:00040fdc       ??1?$asCArray@PEAUsMixinClass@@@@QEAA@XZ 0000000180041fdc f i as_builder.obj
 0001:00040fdc       ??1?$asCArray@PEAVasCByteInstruction@@@@QEAA@XZ 0000000180041fdc f i as_bytecode.obj
 0001:00040fdc       ??1?$asCArray@PEAVasCObjectProperty@@@@QEAA@XZ 0000000180041fdc f i as_objecttype.obj
 0001:00040fdc       ??1?$asCArray@PEAUsBindInfo@@@@QEAA@XZ 0000000180041fdc f i as_module.obj
 0001:00040fdc       ??1?$asCArray@PEAVasCScriptFunction@@@@QEAA@XZ 0000000180041fdc f i as_configgroup.obj
 0001:00040fdc       ??1?$asCArray@PEAVasCObjectType@@@@QEAA@XZ 0000000180041fdc f i as_configgroup.obj
 0001:00040fdc       ??1?$asCArray@PEAUsFunctionDescription@@@@QEAA@XZ 0000000180041fdc f i as_builder.obj
 0001:00040fdc       ??1?$asCArray@PEAUsFuncDef@@@@QEAA@XZ 0000000180041fdc f i as_builder.obj
 0001:00040fdc       ??1?$asCArray@PEAVasCParser@@@@QEAA@XZ 0000000180041fdc f i as_builder.obj
 0001:00040fdc       ??1?$asCArray@PEAX@@QEAA@XZ 0000000180041fdc f i as_gc.obj
 0001:00040fdc       ??1?$asCArray@PEAU?$asSMapNode@PEAXUasSIntTypePair@asCGarbageCollector@@@@@@QEAA@XZ 0000000180041fdc f i as_gc.obj
 0001:00040fe8       ?AllocateNoConstruct@?$asCArray@_K@@QEAAX_K_N@Z 0000000180041fe8 f i as_context.obj
 0001:00041084       ?PushLast@?$asCArray@PEAK@@QEAAXAEBQEAK@Z 0000000180042084 f i as_context.obj
 0001:000410e0       ?Allocate@?$asCArray@PEAVasCByteInstruction@@@@QEAAX_K_N@Z 00000001800420e0 f i as_bytecode.obj
 0001:000410e0       ?Allocate@?$asCArray@PEAUasSExprContext@@@@QEAAX_K_N@Z 00000001800420e0 f i as_compiler.obj
 0001:000410e0       ?Allocate@?$asCArray@PEAUsMixinClass@@@@QEAAX_K_N@Z 00000001800420e0 f i as_builder.obj
 0001:000410e0       ?Allocate@?$asCArray@PEAVasCModule@@@@QEAAX_K_N@Z 00000001800420e0 f i as_scriptengine.obj
 0001:000410e0       ?Allocate@?$asCArray@PEAUasSEnumValue@@@@QEAAX_K_N@Z 00000001800420e0 f i as_builder.obj
 0001:000410e0       ?Allocate@?$asCArray@PEAUsBindInfo@@@@QEAAX_K_N@Z 00000001800420e0 f i as_module.obj
 0001:000410e0       ?Allocate@?$asCArray@PEAVasCGlobalProperty@@@@QEAAX_K_N@Z 00000001800420e0 f i as_builder.obj
 0001:000410e0       ?Allocate@?$asCArray@PEAUasSScriptVariable@@@@QEAAX_K_N@Z 00000001800420e0 f i as_restore.obj
 0001:000410e0       ?Allocate@?$asCArray@PEAVasCObjectProperty@@@@QEAAX_K_N@Z 00000001800420e0 f i as_objecttype.obj
 0001:000410e0       ?Allocate@?$asCArray@PEAUsGlobalVariableDescription@@@@QEAAX_K_N@Z 00000001800420e0 f i as_builder.obj
 0001:000410e0       ?Allocate@?$asCArray@PEAU?$asSMapNode@PEAXUasSIntTypePair@asCGarbageCollector@@@@@@QEAAX_K_N@Z 00000001800420e0 f i as_gc.obj
 0001:000410e0       ?Allocate@?$asCArray@PEAX@@QEAAX_K_N@Z 00000001800420e0 f i as_gc.obj
 0001:000410e0       ?Allocate@?$asCArray@PEAK@@QEAAX_K_N@Z 00000001800420e0 f i as_context.obj
 0001:000410e0       ?Allocate@?$asCArray@PEAVasCString@@@@QEAAX_K_N@Z 00000001800420e0 f i as_builder.obj
 0001:000410e0       ?Allocate@?$asCArray@PEAUsFuncDef@@@@QEAAX_K_N@Z 00000001800420e0 f i as_builder.obj
 0001:000410e0       ?Allocate@?$asCArray@PEAUSListAdjuster@asCWriter@@@@QEAAX_K_N@Z 00000001800420e0 f i as_module.obj
 0001:000410e0       ?Allocate@?$asCArray@PEAUmessage_t@asCOutputBuffer@@@@QEAAX_K_N@Z 00000001800420e0 f i as_builder.obj
 0001:000410e0       ?Allocate@?$asCArray@PEAVasCConfigGroup@@@@QEAAX_K_N@Z 00000001800420e0 f i as_configgroup.obj
 0001:000410e0       ?Allocate@?$asCArray@PEAUsClassDeclaration@@@@QEAAX_K_N@Z 00000001800420e0 f i as_builder.obj
 0001:000410e0       ?Allocate@?$asCArray@PEAVasCObjectType@@@@QEAAX_K_N@Z 00000001800420e0 f i as_builder.obj
 0001:000410e0       ?Allocate@?$asCArray@PEAUsFunctionDescription@@@@QEAAX_K_N@Z 00000001800420e0 f i as_builder.obj
 0001:000410e0       ?Allocate@?$asCArray@PEAVasCScriptFunction@@@@QEAAX_K_N@Z 00000001800420e0 f i as_builder.obj
 0001:000410e0       ?Allocate@?$asCArray@_K@@QEAAX_K_N@Z 00000001800420e0 f i as_context.obj
 0001:000410e0       ?Allocate@?$asCArray@PEAVasCParser@@@@QEAAX_K_N@Z 00000001800420e0 f i as_builder.obj
 0001:000410e0       ?Allocate@?$asCArray@PEAUSListAdjuster@asCReader@@@@QEAAX_K_N@Z 00000001800420e0 f i as_module.obj
 0001:000410e0       ?Allocate@?$asCArray@PEAVasCScriptNode@@@@QEAAX_K_N@Z 00000001800420e0 f i as_compiler.obj
 0001:000410e0       ?Allocate@?$asCArray@PEAUsVariable@@@@QEAAX_K_N@Z 00000001800420e0 f i as_variablescope.obj
 0001:000410e0       ?Allocate@?$asCArray@PEAUasSNameSpace@@@@QEAAX_K_N@Z 00000001800420e0 f i as_scriptengine.obj
 0001:000410e0       ?Allocate@?$asCArray@PEAVasIScriptContext@@@@QEAAX_K_N@Z 00000001800420e0 f i as_context.obj
 0001:000410e0       ?Allocate@?$asCArray@PEAVasCScriptCode@@@@QEAAX_K_N@Z 00000001800420e0 f i as_builder.obj
 0001:00041200       ?CreateObject@asCDataType@@SA?AV1@PEAVasCObjectType@@_N@Z 0000000180042200 f   as_datatype.obj
 0001:00041228       ?CreateObjectHandle@asCDataType@@SA?AV1@PEAVasCObjectType@@_N@Z 0000000180042228 f   as_datatype.obj
 0001:00041254       ?CreateFuncDef@asCDataType@@SA?AV1@PEAVasCScriptFunction@@@Z 0000000180042254 f   as_datatype.obj
 0001:00041274       ?CreatePrimitive@asCDataType@@SA?AV1@W4eTokenType@@_N@Z 0000000180042274 f   as_datatype.obj
 0001:00041298       ?CreateNullHandle@asCDataType@@SA?AV1@XZ 0000000180042298 f   as_datatype.obj
 0001:000412b4       ?Format@asCDataType@@QEBA?AVasCString@@_N@Z 00000001800422b4 f   as_datatype.obj
 0001:00041618       ?MakeHandle@asCDataType@@QEAAH_N0@Z 0000000180042618 f   as_datatype.obj
 0001:0004168c       ?CanBeInstanciated@asCDataType@@QEBA_NXZ 000000018004268c f   as_datatype.obj
 0001:000416cc       ?GetSubType@asCDataType@@QEBA?AV1@I@Z 00000001800426cc f   as_datatype.obj
 0001:000416fc       ??8asCDataType@@QEBA_NAEBV0@@Z 00000001800426fc f   as_datatype.obj
 0001:0004173c       ?IsEqualExceptRef@asCDataType@@QEBA_NAEBV1@@Z 000000018004273c f   as_datatype.obj
 0001:00041774       ?IsEqualExceptRefAndConst@asCDataType@@QEBA_NAEBV1@@Z 0000000180042774 f   as_datatype.obj
 0001:000417b8       ?IsPrimitive@asCDataType@@QEBA_NXZ 00000001800427b8 f   as_datatype.obj
 0001:000417e4       ?IsIntegerType@asCDataType@@QEBA_NXZ 00000001800427e4 f   as_datatype.obj
 0001:00041810       ?GetSizeInMemoryBytes@asCDataType@@QEBAHXZ 0000000180042810 f   as_datatype.obj
 0001:0004186c       ?GetSizeInMemoryDWords@asCDataType@@QEBAHXZ 000000018004286c f   as_datatype.obj
 0001:000418a0       ?GetSizeOnStackDWords@asCDataType@@QEBAHXZ 00000001800428a0 f   as_datatype.obj
 0001:000418dc       ??1asCGarbageCollector@@QEAA@XZ 00000001800428dc f   as_gc.obj
 0001:000419b0       ?AddScriptObjectToGC@asCGarbageCollector@@QEAAHPEAXPEAVasCObjectType@@@Z 00000001800429b0 f   as_gc.obj
 0001:00041aec       ?GetStatistics@asCGarbageCollector@@QEBAXPEAI0000@Z 0000000180042aec f   as_gc.obj
 0001:00041b38       ?GetOldObjectAtIdx@asCGarbageCollector@@IEAA?AUasSObjTypePair@1@H@Z 0000000180042b38 f   as_gc.obj
 0001:00041bac       ?RemoveOldObjectAtIdx@asCGarbageCollector@@IEAAXH@Z 0000000180042bac f   as_gc.obj
 0001:00041c28       ?MoveObjectToOldList@asCGarbageCollector@@IEAAXH@Z 0000000180042c28 f   as_gc.obj
 0001:00041cc0       ?DestroyNewGarbage@asCGarbageCollector@@IEAAHXZ 0000000180042cc0 f   as_gc.obj
 0001:00041eac       ?ReportAndReleaseUndestroyedObjects@asCGarbageCollector@@QEAAHXZ 0000000180042eac f   as_gc.obj
 0001:0004212c       ?DestroyOldGarbage@asCGarbageCollector@@IEAAHXZ 000000018004312c f   as_gc.obj
 0001:000422f4       ?IdentifyGarbageWithCyclicRefs@asCGarbageCollector@@IEAAHXZ 00000001800432f4 f   as_gc.obj
 0001:00042918       ?ReturnNode@asCGarbageCollector@@IEAAXPEAU?$asSMapNode@PEAXUasSIntTypePair@asCGarbageCollector@@@@@Z 0000000180043918 f   as_gc.obj
 0001:0004297c       ??1?$asCArray@UasSObjTypePair@asCGarbageCollector@@@@QEAA@XZ 000000018004397c f i as_gc.obj
 0001:00042988       ?PushLast@?$asCArray@UasSObjTypePair@asCGarbageCollector@@@@QEAAXAEBUasSObjTypePair@asCGarbageCollector@@@Z 0000000180043988 f i as_gc.obj
 0001:000429f8       ??1?$asCMap@PEAXUasSIntTypePair@asCGarbageCollector@@@@QEAA@XZ 00000001800439f8 f i as_gc.obj
 0001:00042a14       ?Insert@?$asCMap@PEAXUasSIntTypePair@asCGarbageCollector@@@@QEAAHPEAU?$asSMapNode@PEAXUasSIntTypePair@asCGarbageCollector@@@@@Z 0000000180043a14 f i as_gc.obj
 0001:00042b5c       ?Remove@?$asCMap@PEAXUasSIntTypePair@asCGarbageCollector@@@@QEAAPEAU?$asSMapNode@PEAXUasSIntTypePair@asCGarbageCollector@@@@PEAU2@@Z 0000000180043b5c f i as_gc.obj
 0001:00042c4c       ?MoveNext@?$asCMap@PEAXUasSIntTypePair@asCGarbageCollector@@@@QEBA_NPEAPEAU?$asSMapNode@PEAXUasSIntTypePair@asCGarbageCollector@@@@PEAU2@@Z 0000000180043c4c f i as_gc.obj
 0001:00042c9c       ?Allocate@?$asCArray@UasSObjTypePair@asCGarbageCollector@@@@QEAAX_K_N@Z 0000000180043c9c f i as_gc.obj
 0001:00042df4       ?EraseAll@?$asCMap@PEAXUasSIntTypePair@asCGarbageCollector@@@@IEAAHPEAU?$asSMapNode@PEAXUasSIntTypePair@asCGarbageCollector@@@@@Z 0000000180043df4 f i as_gc.obj
 0001:00042e3c       ??_EasIScriptGeneric@@MEAAPEAXI@Z 0000000180043e3c f i  CIL library: CIL module
 0001:00042e3c       ??_GasCGeneric@@UEAAPEAXI@Z 0000000180043e3c f i as_generic.obj
 0001:00042e3c       ??_GasIScriptGeneric@@MEAAPEAXI@Z 0000000180043e3c f i as_generic.obj
 0001:00042e3c       ??_EasCGeneric@@UEAAPEAXI@Z 0000000180043e3c f i  CIL library: CIL module
 0001:00042e64       ??1asCGeneric@@UEAA@XZ     0000000180043e64 f   as_generic.obj
 0001:00042e70       ?GetObjectTypeId@asCGeneric@@UEBAHXZ 0000000180043e70 f   as_generic.obj
 0001:00042ea4       ?GetArgCount@asCGeneric@@UEBAHXZ 0000000180043ea4 f   as_generic.obj
 0001:00042eac       ?GetArgByte@asCGeneric@@UEAAEI@Z 0000000180043eac f   as_generic.obj
 0001:00042f28       ?GetArgWord@asCGeneric@@UEAAGI@Z 0000000180043f28 f   as_generic.obj
 0001:00042fa8       ?GetArgDWord@asCGeneric@@UEAAKI@Z 0000000180043fa8 f   as_generic.obj
 0001:00043024       ?GetArgQWord@asCGeneric@@UEAA_KI@Z 0000000180044024 f   as_generic.obj
 0001:000430a0       ?GetArgFloat@asCGeneric@@UEAAMI@Z 00000001800440a0 f   as_generic.obj
 0001:00043120       ?GetArgDouble@asCGeneric@@UEAANI@Z 0000000180044120 f   as_generic.obj
 0001:000431a0       ?GetArgAddress@asCGeneric@@UEAAPEAXI@Z 00000001800441a0 f   as_generic.obj
 0001:00043200       ?GetArgObject@asCGeneric@@UEAAPEAXI@Z 0000000180044200 f   as_generic.obj
 0001:0004326c       ?GetAddressOfArg@asCGeneric@@UEAAPEAXI@Z 000000018004426c f   as_generic.obj
 0001:0004330c       ?GetArgTypeId@asCGeneric@@UEBAHIPEAK@Z 000000018004430c f   as_generic.obj
 0001:000433bc       ?SetReturnByte@asCGeneric@@UEAAHE@Z 00000001800443bc f   as_generic.obj
 0001:00043408       ?SetReturnWord@asCGeneric@@UEAAHG@Z 0000000180044408 f   as_generic.obj
 0001:00043454       ?SetReturnDWord@asCGeneric@@UEAAHK@Z 0000000180044454 f   as_generic.obj
 0001:000434a0       ?SetReturnQWord@asCGeneric@@UEAAH_K@Z 00000001800444a0 f   as_generic.obj
 0001:000434ec       ?SetReturnFloat@asCGeneric@@UEAAHM@Z 00000001800444ec f   as_generic.obj
 0001:00043538       ?SetReturnDouble@asCGeneric@@UEAAHN@Z 0000000180044538 f   as_generic.obj
 0001:00043584       ?SetReturnAddress@asCGeneric@@UEAAHPEAX@Z 0000000180044584 f   as_generic.obj
 0001:000435ac       ?SetReturnObject@asCGeneric@@UEAAHPEAX@Z 00000001800445ac f   as_generic.obj
 0001:00043670       ?GetReturnPointer@asCGeneric@@QEAAPEAXXZ 0000000180044670 f   as_generic.obj
 0001:0004369c       ?GetAddressOfReturnLocation@asCGeneric@@UEAAPEAXXZ 000000018004469c f   as_generic.obj
 0001:000436e8       ?GetReturnTypeId@asCGeneric@@UEBAHPEAK@Z 00000001800446e8 f   as_generic.obj
 0001:000436f8       ?AddRef@asCGlobalProperty@@QEAAXXZ 00000001800446f8 f   as_globalproperty.obj
 0001:00043704       ?Release@asCGlobalProperty@@QEAAXXZ 0000000180044704 f   as_globalproperty.obj
 0001:0004373c       ?GetRefCount@asCGlobalProperty@@QEAAHXZ 000000018004473c f   as_globalproperty.obj
 0001:00043740       ?SetGCFlag@asCGlobalProperty@@QEAAXXZ 0000000180044740 f   as_globalproperty.obj
 0001:00043748       ?GetGCFlag@asCGlobalProperty@@QEAA_NXZ 0000000180044748 f   as_globalproperty.obj
 0001:0004374c       ?EnumReferences@asCGlobalProperty@@QEAAXPEAVasIScriptEngine@@@Z 000000018004474c f   as_globalproperty.obj
 0001:00043760       ?ReleaseAllHandles@asCGlobalProperty@@QEAAXPEAVasIScriptEngine@@@Z 0000000180044760 f   as_globalproperty.obj
 0001:00043784       ?Orphan@asCGlobalProperty@@QEAAXPEAVasCModule@@@Z 0000000180044784 f   as_globalproperty.obj
 0001:000437e8       ?RegisterGCBehaviours@asCGlobalProperty@@SAXPEAVasCScriptEngine@@@Z 00000001800447e8 f   as_globalproperty.obj
 0001:00043a88       asSetGlobalMemoryFunctions 0000000180044a88 f   as_memory.obj
 0001:00043a9c       asResetGlobalMemoryFunctions 0000000180044a9c f   as_memory.obj
 0001:00043ac8       ??1asCMemoryMgr@@QEAA@XZ   0000000180044ac8 f   as_memory.obj
 0001:00043b14       ?FreeUnusedMemory@asCMemoryMgr@@QEAAXXZ 0000000180044b14 f   as_memory.obj
 0001:00043bb0       ?AllocScriptNode@asCMemoryMgr@@QEAAPEAXXZ 0000000180044bb0 f   as_memory.obj
 0001:00043c04       ?FreeByteInstruction@asCMemoryMgr@@QEAAXPEAX@Z 0000000180044c04 f   as_memory.obj
 0001:00043c3c       ??1asIScriptModule@@MEAA@XZ 0000000180044c3c f i as_module.obj
 0001:00043c48       ??_EasIScriptModule@@MEAAPEAXI@Z 0000000180044c48 f i  CIL library: CIL module
 0001:00043c48       ??_GasIScriptModule@@MEAAPEAXI@Z 0000000180044c48 f i as_module.obj
 0001:00043c70       ??RasCCompGlobPropType@@UEBA_NPEBX@Z 0000000180044c70 f i as_module.obj
 0001:00043c80       ??0asCModule@@QEAA@PEBDPEAVasCScriptEngine@@@Z 0000000180044c80 f   as_module.obj
 0001:00043df4       ??_GasCModule@@UEAAPEAXI@Z 0000000180044df4 f i as_module.obj
 0001:00043df4       ??_EasCModule@@UEAAPEAXI@Z 0000000180044df4 f i  CIL library: CIL module
 0001:00043e24       ??1asCModule@@UEAA@XZ      0000000180044e24 f   as_module.obj
 0001:00043fe4       ?Discard@asCModule@@UEAAXXZ 0000000180044fe4 f   as_module.obj
 0001:00044008       ?SetUserData@asCModule@@UEAAPEAXPEAX@Z 0000000180045008 f   as_module.obj
 0001:00044014       ?GetUserData@asCModule@@UEBAPEAXXZ 0000000180045014 f   as_module.obj
 0001:0004401c       ?GetEngine@asCModule@@UEBAPEAVasIScriptEngine@@XZ 000000018004501c f   as_module.obj
 0001:0004401c       ?GetUserData@asCScriptFunction@@UEBAPEAXXZ 000000018004501c f   as_scriptfunction.obj
 0001:00044024       ?SetName@asCModule@@UEAAXPEBD@Z 0000000180045024 f   as_module.obj
 0001:00044030       ?GetDefaultNamespace@asCModule@@UEBAPEBDXZ 0000000180045030 f   as_module.obj
 0001:00044044       ?SetDefaultNamespace@asCModule@@UEAAHPEBD@Z 0000000180045044 f   as_module.obj
 0001:0004418c       ?AddScriptSection@asCModule@@UEAAHPEBD0_KH@Z 000000018004518c f   as_module.obj
 0001:00044254       ?JITCompile@asCModule@@QEAAXXZ 0000000180045254 f   as_module.obj
 0001:000442ac       ?Build@asCModule@@UEAAHXZ  00000001800452ac f   as_module.obj
 0001:000443e8       ?ResetGlobalVars@asCModule@@UEAAHPEAVasIScriptContext@@@Z 00000001800453e8 f   as_module.obj
 0001:0004441c       ?GetFunctionByIndex@asCModule@@UEBAPEAVasIScriptFunction@@I@Z 000000018004541c f   as_module.obj
 0001:00044438       ?CallInit@asCModule@@QEAAHPEAVasIScriptContext@@@Z 0000000180045438 f   as_module.obj
 0001:00044760       ?CallExit@asCModule@@QEAAXXZ 0000000180045760 f   as_module.obj
 0001:00044838       ?InternalReset@asCModule@@QEAAXXZ 0000000180045838 f   as_module.obj
 0001:00044ba8       ?GetFunctionByName@asCModule@@UEBAPEAVasIScriptFunction@@PEBD@Z 0000000180045ba8 f   as_module.obj
 0001:00044c34       ?GetImportedFunctionCount@asCModule@@UEBAIXZ 0000000180045c34 f   as_module.obj
 0001:00044c3c       ?GetImportedFunctionIndexByDecl@asCModule@@UEBAHPEBD@Z 0000000180045c3c f   as_module.obj
 0001:00044de8       ?GetFunctionCount@asCModule@@UEBAIXZ 0000000180045de8 f   as_module.obj
 0001:00044df0       ?GetFunctionByDecl@asCModule@@UEBAPEAVasIScriptFunction@@PEBD@Z 0000000180045df0 f   as_module.obj
 0001:00045000       ?GetGlobalVarCount@asCModule@@UEBAIXZ 0000000180046000 f   as_module.obj
 0001:00045008       ?GetGlobalVarIndexByName@asCModule@@UEBAHPEBD@Z 0000000180046008 f   as_module.obj
 0001:00045068       ?RemoveGlobalVar@asCModule@@UEAAHI@Z 0000000180046068 f   as_module.obj
 0001:000450b4       ?GetGlobalVarIndexByDecl@asCModule@@UEBAHPEBD@Z 00000001800460b4 f   as_module.obj
 0001:000451f0       ?GetAddressOfGlobalVar@asCModule@@UEAAPEAXI@Z 00000001800461f0 f   as_module.obj
 0001:0004523c       ?GetGlobalVarDeclaration@asCModule@@UEBAPEBDI_N@Z 000000018004623c f   as_module.obj
 0001:00045334       ?GetGlobalVar@asCModule@@UEBAHIPEAPEBD0PEAHPEA_N@Z 0000000180046334 f   as_module.obj
 0001:000453cc       ?GetObjectTypeCount@asCModule@@UEBAIXZ 00000001800463cc f   as_module.obj
 0001:000453d4       ?GetObjectTypeByIndex@asCModule@@UEBAPEAVasIObjectType@@I@Z 00000001800463d4 f   as_module.obj
 0001:000453f0       ?GetObjectTypeByName@asCModule@@UEBAPEAVasIObjectType@@PEBD@Z 00000001800463f0 f   as_module.obj
 0001:0004547c       ?GetTypeIdByDecl@asCModule@@UEBAHPEBD@Z 000000018004647c f   as_module.obj
 0001:00045520       ?GetRefCount@asCObjectType@@QEAAHXZ 0000000180046520 f   as_objecttype.obj
 0001:00045520       ?GetEnumCount@asCModule@@UEBAIXZ 0000000180046520 f   as_module.obj
 0001:00045528       ?GetEnumByIndex@asCModule@@UEBAPEBDIPEAHPEAPEBD@Z 0000000180046528 f   as_module.obj
 0001:000455d4       ?GetEnumValueCount@asCModule@@UEBAHH@Z 00000001800465d4 f   as_module.obj
 0001:00045618       ?GetEnumValueByIndex@asCModule@@UEBAPEBDHIPEAH@Z 0000000180046618 f   as_module.obj
 0001:000456a4       ?GetTypedefCount@asCModule@@UEBAIXZ 00000001800466a4 f   as_module.obj
 0001:000456ac       ?GetTypedefByIndex@asCModule@@UEBAPEBDIPEAHPEAPEBD@Z 00000001800466ac f   as_module.obj
 0001:00045750       ?AddScriptFunction@asCModule@@QEAAHHHHAEBVasCString@@AEBVasCDataType@@AEBV?$asCArray@VasCDataType@@@@AEBV?$asCArray@W4asETypeModifiers@@@@AEBV?$asCArray@PEAVasCString@@@@_NPEAVasCObjectType@@555555PEAUasSNameSpace@@@Z 0000000180046750 f   as_module.obj
 0001:000459f8       ?AddScriptFunction@asCModule@@QEAAHPEAVasCScriptFunction@@@Z 00000001800469f8 f   as_module.obj
 0001:00045a40       ?AddImportedFunction@asCModule@@QEAAHHAEBVasCString@@AEBVasCDataType@@AEBV?$asCArray@VasCDataType@@@@AEBV?$asCArray@W4asETypeModifiers@@@@AEBV?$asCArray@PEAVasCString@@@@PEAUasSNameSpace@@0@Z 0000000180046a40 f   as_module.obj
 0001:00045c78       ?BindImportedFunction@asCModule@@UEAAHIPEAVasIScriptFunction@@@Z 0000000180046c78 f   as_module.obj
 0001:00045d98       ?UnbindImportedFunction@asCModule@@UEAAHI@Z 0000000180046d98 f   as_module.obj
 0001:00045df0       ?GetImportedFunctionDeclaration@asCModule@@UEBAPEBDI@Z 0000000180046df0 f   as_module.obj
 0001:00045e7c       ?GetImportedFunctionSourceModule@asCModule@@UEBAPEBDI@Z 0000000180046e7c f   as_module.obj
 0001:00045ea8       ?BindAllImportedFunctions@asCModule@@UEAAHXZ 0000000180046ea8 f   as_module.obj
 0001:00045ff0       ?UnbindAllImportedFunctions@asCModule@@UEAAHXZ 0000000180046ff0 f   as_module.obj
 0001:0004603c       ?GetObjectType@asCModule@@QEAAPEAVasCObjectType@@PEBDPEAUasSNameSpace@@@Z 000000018004703c f   as_module.obj
 0001:0004614c       ?AllocateGlobalProperty@asCModule@@QEAAPEAVasCGlobalProperty@@PEBDAEBVasCDataType@@PEAUasSNameSpace@@@Z 000000018004714c f   as_module.obj
 0001:00046248       ?SaveByteCode@asCModule@@UEBAHPEAVasIBinaryStream@@_N@Z 0000000180047248 f   as_module.obj
 0001:000462a0       ??1asCWriter@@QEAA@XZ      00000001800472a0 f i as_module.obj
 0001:000463dc       ?LoadByteCode@asCModule@@UEAAHPEAVasIBinaryStream@@PEA_N@Z 00000001800473dc f   as_module.obj
 0001:0004647c       ??1asCReader@@QEAA@XZ      000000018004747c f i as_module.obj
 0001:000465cc       ?CompileGlobalVar@asCModule@@UEAAHPEBD0H@Z 00000001800475cc f   as_module.obj
 0001:000467d0       ?CompileFunction@asCModule@@UEAAHPEBD0HKPEAPEAVasIScriptFunction@@@Z 00000001800477d0 f   as_module.obj
 0001:00046980       ?RemoveFunction@asCModule@@UEAAHPEAVasIScriptFunction@@@Z 0000000180047980 f   as_module.obj
 0001:000469fc       ?AddFuncDef@asCModule@@QEAAHAEBVasCString@@PEAUasSNameSpace@@@Z 00000001800479fc f   as_module.obj
 0001:00046af4       ?SetAccessMask@asCModule@@UEAAKK@Z 0000000180047af4 f   as_module.obj
 0001:00046afc       ?GetFirstIndex@?$asCSymbolTable@VasCGlobalProperty@@@@QEBAHPEBUasSNameSpace@@AEBVasCString@@AEBUasIFilter@@@Z 0000000180047afc f i as_module.obj
 0001:00046bf0       ?List@?$asCSymbolTable@VasCGlobalProperty@@@@QEAA?AV?$asCSymbolTableIterator@VasCGlobalProperty@@V1@@@XZ 0000000180047bf0 f i as_module.obj
 0001:00046c1c       ?Insert@?$asCMap@PEAXPEAVasCGlobalProperty@@@@QEAAHAEBQEAXAEBQEAVasCGlobalProperty@@@Z 0000000180047c1c f i as_module.obj
 0001:00046c90       ??1?$asCMap@VasCStringPointer@@H@@QEAA@XZ 0000000180047c90 f i as_module.obj
 0001:00046cac       ??1?$asCMap@PEAXPEAVasCGlobalProperty@@@@QEAA@XZ 0000000180047cac f i as_scriptengine.obj
 0001:00046cac       ??1?$asCMap@PEAVasCScriptFunction@@_N@@QEAA@XZ 0000000180047cac f i as_module.obj
 0001:00046cac       ??1?$asCMap@PEAX_N@@QEAA@XZ 0000000180047cac f i as_module.obj
 0001:00046cc8       ??1?$asCMap@HPEAVasCDataType@@@@QEAA@XZ 0000000180047cc8 f i as_scriptengine.obj
 0001:00046cc8       ??1?$asCMap@HH@@QEAA@XZ    0000000180047cc8 f i as_module.obj
 0001:00046ce4       ??E?$asCSymbolTableIterator@VasCGlobalProperty@@V1@@@QEAAAEAV0@H@Z 0000000180047ce4 f i as_module.obj
 0001:00046d18       ?Insert@?$asCMap@PEAVasCScriptFunction@@_N@@QEAAHPEAU?$asSMapNode@PEAVasCScriptFunction@@_N@@@Z 0000000180047d18 f i as_restore.obj
 0001:00046d18       ?Insert@?$asCMap@PEAXPEAVasCGlobalProperty@@@@QEAAHPEAU?$asSMapNode@PEAXPEAVasCGlobalProperty@@@@@Z 0000000180047d18 f i as_module.obj
 0001:00046d18       ?Insert@?$asCMap@PEAX_N@@QEAAHPEAU?$asSMapNode@PEAX_N@@@Z 0000000180047d18 f i as_restore.obj
 0001:00046e60       ?EraseAll@?$asCMap@VasCStringPointer@@H@@IEAAHPEAU?$asSMapNode@VasCStringPointer@@H@@@Z 0000000180047e60 f i as_module.obj
 0001:00046ea8       ?EraseAll@?$asCMap@PEAX_N@@IEAAHPEAU?$asSMapNode@PEAX_N@@@Z 0000000180047ea8 f i as_module.obj
 0001:00046ea8       ?EraseAll@?$asCMap@PEAXPEAVasCGlobalProperty@@@@IEAAHPEAU?$asSMapNode@PEAXPEAVasCGlobalProperty@@@@@Z 0000000180047ea8 f i as_scriptengine.obj
 0001:00046ea8       ?EraseAll@?$asCMap@PEAVasCScriptFunction@@_N@@IEAAHPEAU?$asSMapNode@PEAVasCScriptFunction@@_N@@@Z 0000000180047ea8 f i as_module.obj
 0001:00046ef0       ?EraseAll@?$asCMap@HPEAVasCDataType@@@@IEAAHPEAU?$asSMapNode@HPEAVasCDataType@@@@@Z 0000000180047ef0 f i as_scriptengine.obj
 0001:00046ef0       ?EraseAll@?$asCMap@HH@@IEAAHPEAU?$asSMapNode@HH@@@Z 0000000180047ef0 f i as_module.obj
 0001:00046f38       ??1asIObjectType@@MEAA@XZ  0000000180047f38 f i as_objecttype.obj
 0001:00046f44       ??_GasIObjectType@@MEAAPEAXI@Z 0000000180047f44 f i as_objecttype.obj
 0001:00046f44       ??_EasIObjectType@@MEAAPEAXI@Z 0000000180047f44 f i  CIL library: CIL module
 0001:00046f6c       ?RegisterObjectTypeGCBehaviours@@YAXPEAVasCScriptEngine@@@Z 0000000180047f6c f   as_objecttype.obj
 0001:0004720c       ??0asCObjectType@@IEAA@XZ  000000018004820c f   as_objecttype.obj
 0001:00047370       ??_GasCObjectType@@UEAAPEAXI@Z 0000000180048370 f i as_objecttype.obj
 0001:00047370       ??_EasCObjectType@@UEAAPEAXI@Z 0000000180048370 f i  CIL library: CIL module
 0001:000473a0       ??1asSTypeBehaviour@@QEAA@XZ 00000001800483a0 f i as_objecttype.obj
 0001:000473e8       ??0asCObjectType@@QEAA@PEAVasCScriptEngine@@@Z 00000001800483e8 f   as_objecttype.obj
 0001:0004755c       ?AddRef@asCObjectType@@UEBAHXZ 000000018004855c f   as_objecttype.obj
 0001:00047574       ?Release@asCObjectType@@UEBAHXZ 0000000180048574 f   as_objecttype.obj
 0001:0004758c       ?GetModule@asCObjectType@@UEBAPEAVasIScriptModule@@XZ 000000018004858c f   as_objecttype.obj
 0001:00047594       ?SetUserData@asCObjectType@@UEAAPEAXPEAX_K@Z 0000000180048594 f   as_objecttype.obj
 0001:0004765c       ?GetUserData@asCObjectType@@UEBAPEAX_K@Z 000000018004865c f   as_objecttype.obj
 0001:0004770c       ?GetGCFlag@asCObjectType@@QEAA_NXZ 000000018004870c f   as_objecttype.obj
 0001:00047714       ?SetGCFlag@asCObjectType@@QEAAXXZ 0000000180048714 f   as_objecttype.obj
 0001:0004771c       ??1asCObjectType@@UEAA@XZ  000000018004871c f   as_objecttype.obj
 0001:00047970       ?Implements@asCObjectType@@UEBA_NPEBVasIObjectType@@@Z 0000000180048970 f   as_objecttype.obj
 0001:000479a0       ?DerivesFrom@asCObjectType@@UEBA_NPEBVasIObjectType@@@Z 00000001800489a0 f   as_objecttype.obj
 0001:000479c4       ?GetName@asCModule@@UEBAPEBDXZ 00000001800489c4 f   as_module.obj
 0001:000479c4       ?GetName@asCObjectType@@UEBAPEBDXZ 00000001800489c4 f   as_objecttype.obj
 0001:000479d4       ?GetNamespace@asCObjectType@@UEBAPEBDXZ 00000001800489d4 f   as_objecttype.obj
 0001:000479e8       ?GetFlags@asCObjectType@@UEBAKXZ 00000001800489e8 f   as_objecttype.obj
 0001:000479e8       ?GetFuncType@asCScriptFunction@@UEBA?AW4asEFuncType@@XZ 00000001800489e8 f   as_scriptfunction.obj
 0001:000479f0       ?GetSize@asCObjectType@@UEBAIXZ 00000001800489f0 f   as_objecttype.obj
 0001:000479f4       ?GetTypeId@asCObjectType@@UEBAHXZ 00000001800489f4 f   as_objecttype.obj
 0001:00047a20       ?GetSubTypeId@asCObjectType@@UEBAHI@Z 0000000180048a20 f   as_objecttype.obj
 0001:00047a60       ?GetSubType@asCObjectType@@UEBAPEAVasIObjectType@@I@Z 0000000180048a60 f   as_objecttype.obj
 0001:00047a88       ?GetSubTypeCount@asCObjectType@@UEBAIXZ 0000000180048a88 f   as_objecttype.obj
 0001:00047a90       ?GetInterfaceCount@asCObjectType@@UEBAIXZ 0000000180048a90 f   as_objecttype.obj
 0001:00047a94       ?GetInterface@asCObjectType@@UEBAPEAVasIObjectType@@I@Z 0000000180048a94 f   as_objecttype.obj
 0001:00047aa0       ?GetEngine@asCObjectType@@UEBAPEAVasIScriptEngine@@XZ 0000000180048aa0 f   as_objecttype.obj
 0001:00047aa8       ?GetFactoryCount@asCObjectType@@UEBAIXZ 0000000180048aa8 f   as_objecttype.obj
 0001:00047ab0       ?GetFactoryByIndex@asCObjectType@@UEBAPEAVasIScriptFunction@@I@Z 0000000180048ab0 f   as_objecttype.obj
 0001:00047ae4       ?GetFactoryByDecl@asCObjectType@@UEBAPEAVasIScriptFunction@@PEBD@Z 0000000180048ae4 f   as_objecttype.obj
 0001:00047b34       ?GetMethodCount@asCObjectType@@UEBAIXZ 0000000180048b34 f   as_objecttype.obj
 0001:00047b38       ?GetMethodByIndex@asCObjectType@@UEBAPEAVasIScriptFunction@@I_N@Z 0000000180048b38 f   as_objecttype.obj
 0001:00047b88       ?GetMethodByName@asCObjectType@@UEBAPEAVasIScriptFunction@@PEBD_N@Z 0000000180048b88 f   as_objecttype.obj
 0001:00047c4c       ?GetMethodByDecl@asCObjectType@@UEBAPEAVasIScriptFunction@@PEBD_N@Z 0000000180048c4c f   as_objecttype.obj
 0001:00047cec       ?GetPropertyCount@asCObjectType@@UEBAIXZ 0000000180048cec f   as_objecttype.obj
 0001:00047cf0       ?GetProperty@asCObjectType@@UEBAHIPEAPEBDPEAHPEA_N12PEAK@Z 0000000180048cf0 f   as_objecttype.obj
 0001:00047dc8       ?GetPropertyDeclaration@asCObjectType@@UEBAPEBDI_N@Z 0000000180048dc8 f   as_objecttype.obj
 0001:00047eb4       ?GetBaseType@asCObjectType@@UEBAPEAVasIObjectType@@XZ 0000000180048eb4 f   as_objecttype.obj
 0001:00047ebc       ?GetBehaviourCount@asCObjectType@@UEBAIXZ 0000000180048ebc f   as_objecttype.obj
 0001:00047f50       ?GetBehaviourByIndex@asCObjectType@@UEBAPEAVasIScriptFunction@@IPEAW4asEBehaviours@@@Z 0000000180048f50 f   as_objecttype.obj
 0001:000481ac       ?GetConfigGroup@asCObjectType@@UEBAPEBDXZ 00000001800491ac f   as_objecttype.obj
 0001:000481d8       ?AddPropertyToClass@asCObjectType@@QEAAPEAVasCObjectProperty@@AEBVasCString@@AEBVasCDataType@@_N@Z 00000001800491d8 f   as_objecttype.obj
 0001:0004835c       ?ReleaseAllProperties@asCObjectType@@QEAAXXZ 000000018004935c f   as_objecttype.obj
 0001:00048414       ?ReleaseAllHandles@asCObjectType@@QEAAXPEAVasIScriptEngine@@@Z 0000000180049414 f   as_objecttype.obj
 0001:00048430       ?ReleaseAllFunctions@asCObjectType@@QEAAXXZ 0000000180049430 f   as_objecttype.obj
[...]
 0001:0007637a       ?dtor$6@?0??CompileIfStatement@asCCompiler@@IEAAXPEAVasCScriptNode@@PEA_NPEAVasCByteCode@@@Z@4HA 000000018007737a f    CIL library: CIL module
 0001:00076392       ?dtor$0@?0??CompileInitListElement@asCCompiler@@IEAAHAEAPEAUasSListPatternNode@@AEAPEAVasCScriptNode@@HFAEAIAEAVasCByteCode@@@Z@4HA 0000000180077392 f    CIL library: CIL module
 0001:000763b2       ?dtor$1@?0??CompileInitListElement@asCCompiler@@IEAAHAEAPEAUasSListPatternNode@@AEAPEAVasCScriptNode@@HFAEAIAEAVasCByteCode@@@Z@4HA 00000001800773b2 f    CIL library: CIL module
 0001:000763d2       ?dtor$2@?0??CompileInitListElement@asCCompiler@@IEAAHAEAPEAUasSListPatternNode@@AEAPEAVasCScriptNode@@HFAEAIAEAVasCByteCode@@@Z@4HA 00000001800773d2 f    CIL library: CIL module
 0001:000763f2       ?dtor$3@?0??CompileInitListElement@asCCompiler@@IEAAHAEAPEAUasSListPatternNode@@AEAPEAVasCScriptNode@@HFAEAIAEAVasCByteCode@@@Z@4HA 00000001800773f2 f    CIL library: CIL module
 0001:00076412       ?dtor$4@?0??CompileInitListElement@asCCompiler@@IEAAHAEAPEAUasSListPatternNode@@AEAPEAVasCScriptNode@@HFAEAIAEAVasCByteCode@@@Z@4HA 0000000180077412 f    CIL library: CIL module
 0001:00076432       ?dtor$5@?0??CompileInitListElement@asCCompiler@@IEAAHAEAPEAUasSListPatternNode@@AEAPEAVasCScriptNode@@HFAEAIAEAVasCByteCode@@@Z@4HA 0000000180077432 f    CIL library: CIL module
 0001:00076452       ?dtor$6@?0??CompileInitListElement@asCCompiler@@IEAAHAEAPEAUasSListPatternNode@@AEAPEAVasCScriptNode@@HFAEAIAEAVasCByteCode@@@Z@4HA 0000000180077452 f    CIL library: CIL module
 0001:00076472       ?dtor$7@?0??CompileInitListElement@asCCompiler@@IEAAHAEAPEAUasSListPatternNode@@AEAPEAVasCScriptNode@@HFAEAIAEAVasCByteCode@@@Z@4HA 0000000180077472 f    CIL library: CIL module
 0001:00076492       ?dtor$8@?0??CompileInitListElement@asCCompiler@@IEAAHAEAPEAUasSListPatternNode@@AEAPEAVasCScriptNode@@HFAEAIAEAVasCByteCode@@@Z@4HA 0000000180077492 f    CIL library: CIL module
 0001:000764b2       ?dtor$9@?0??CompileInitListElement@asCCompiler@@IEAAHAEAPEAUasSListPatternNode@@AEAPEAVasCScriptNode@@HFAEAIAEAVasCByteCode@@@Z@4HA 00000001800774b2 f    CIL library: CIL module
 0001:000764d2       ?dtor$10@?0??CompileInitListElement@asCCompiler@@IEAAHAEAPEAUasSListPatternNode@@AEAPEAVasCScriptNode@@HFAEAIAEAVasCByteCode@@@Z@4HA 00000001800774d2 f    CIL library: CIL module
 0001:000764f2       ?dtor$11@?0??CompileInitListElement@asCCompiler@@IEAAHAEAPEAUasSListPatternNode@@AEAPEAVasCScriptNode@@HFAEAIAEAVasCByteCode@@@Z@4HA 00000001800774f2 f    CIL library: CIL module
 0001:00076512       ?dtor$12@?0??CompileInitListElement@asCCompiler@@IEAAHAEAPEAUasSListPatternNode@@AEAPEAVasCScriptNode@@HFAEAIAEAVasCByteCode@@@Z@4HA 0000000180077512 f    CIL library: CIL module
 0001:00076532       ?dtor$13@?0??CompileInitListElement@asCCompiler@@IEAAHAEAPEAUasSListPatternNode@@AEAPEAVasCScriptNode@@HFAEAIAEAVasCByteCode@@@Z@4HA 0000000180077532 f    CIL library: CIL module
 0001:00076552       ?dtor$14@?0??CompileInitListElement@asCCompiler@@IEAAHAEAPEAUasSListPatternNode@@AEAPEAVasCScriptNode@@HFAEAIAEAVasCByteCode@@@Z@4HA 0000000180077552 f    CIL library: CIL module
 0001:00076572       ?dtor$15@?0??CompileInitListElement@asCCompiler@@IEAAHAEAPEAUasSListPatternNode@@AEAPEAVasCScriptNode@@HFAEAIAEAVasCByteCode@@@Z@4HA 0000000180077572 f    CIL library: CIL module
 0001:00076592       ?dtor$16@?0??CompileInitListElement@asCCompiler@@IEAAHAEAPEAUasSListPatternNode@@AEAPEAVasCScriptNode@@HFAEAIAEAVasCByteCode@@@Z@4HA 0000000180077592 f    CIL library: CIL module
 0001:000765ad       ?dtor$0@?0??CompileInitList@asCCompiler@@IEAAXPEAUasCTypeInfo@@PEAVasCScriptNode@@PEAVasCByteCode@@H@Z@4HA 00000001800775ad f    CIL library: CIL module
 0001:000765cd       ?dtor$1@?0??CompileInitList@asCCompiler@@IEAAXPEAUasCTypeInfo@@PEAVasCScriptNode@@PEAVasCByteCode@@H@Z@4HA 00000001800775cd f    CIL library: CIL module
 0001:000765ed       ?dtor$2@?0??CompileInitList@asCCompiler@@IEAAXPEAUasCTypeInfo@@PEAVasCScriptNode@@PEAVasCByteCode@@H@Z@4HA 00000001800775ed f    CIL library: CIL module
 0001:0007660d       ?dtor$3@?0??CompileInitList@asCCompiler@@IEAAXPEAUasCTypeInfo@@PEAVasCScriptNode@@PEAVasCByteCode@@H@Z@4HA 000000018007760d f    CIL library: CIL module
 0001:0007662d       ?dtor$4@?0??CompileInitList@asCCompiler@@IEAAXPEAUasCTypeInfo@@PEAVasCScriptNode@@PEAVasCByteCode@@H@Z@4HA 000000018007762d f    CIL library: CIL module
 0001:0007664d       ?dtor$5@?0??CompileInitList@asCCompiler@@IEAAXPEAUasCTypeInfo@@PEAVasCScriptNode@@PEAVasCByteCode@@H@Z@4HA 000000018007764d f    CIL library: CIL module
 0001:0007666d       ?dtor$6@?0??CompileInitList@asCCompiler@@IEAAXPEAUasCTypeInfo@@PEAVasCScriptNode@@PEAVasCByteCode@@H@Z@4HA 000000018007766d f    CIL library: CIL module
 0001:00076688       ?dtor$0@?0??CompileInitialization@asCCompiler@@IEAA_NPEAVasCScriptNode@@PEAVasCByteCode@@AEAVasCDataType@@0HPEA_KH@Z@4HA 0000000180077688 f    CIL library: CIL module
 0001:000766a8       ?dtor$1@?0??CompileInitialization@asCCompiler@@IEAA_NPEAVasCScriptNode@@PEAVasCByteCode@@AEAVasCDataType@@0HPEA_KH@Z@4HA 00000001800776a8 f    CIL library: CIL module
 0001:000766c8       ?dtor$2@?0??CompileInitialization@asCCompiler@@IEAA_NPEAVasCScriptNode@@PEAVasCByteCode@@AEAVasCDataType@@0HPEA_KH@Z@4HA 00000001800776c8 f    CIL library: CIL module
 0001:000766e8       ?dtor$3@?0??CompileInitialization@asCCompiler@@IEAA_NPEAVasCScriptNode@@PEAVasCByteCode@@AEAVasCDataType@@0HPEA_KH@Z@4HA 00000001800776e8 f    CIL library: CIL module
 0001:00076708       ?dtor$4@?0??CompileInitialization@asCCompiler@@IEAA_NPEAVasCScriptNode@@PEAVasCByteCode@@AEAVasCDataType@@0HPEA_KH@Z@4HA 0000000180077708 f    CIL library: CIL module
 0001:00076728       ?dtor$5@?0??CompileInitialization@asCCompiler@@IEAA_NPEAVasCScriptNode@@PEAVasCByteCode@@AEAVasCDataType@@0HPEA_KH@Z@4HA 0000000180077728 f    CIL library: CIL module
 0001:00076748       ?dtor$6@?0??CompileInitialization@asCCompiler@@IEAA_NPEAVasCScriptNode@@PEAVasCByteCode@@AEAVasCDataType@@0HPEA_KH@Z@4HA 0000000180077748 f    CIL library: CIL module
 0001:00076768       ?dtor$7@?0??CompileInitialization@asCCompiler@@IEAA_NPEAVasCScriptNode@@PEAVasCByteCode@@AEAVasCDataType@@0HPEA_KH@Z@4HA 0000000180077768 f    CIL library: CIL module
 0001:00076788       ?dtor$8@?0??CompileInitialization@asCCompiler@@IEAA_NPEAVasCScriptNode@@PEAVasCByteCode@@AEAVasCDataType@@0HPEA_KH@Z@4HA 0000000180077788 f    CIL library: CIL module
 0001:000767a8       ?dtor$9@?0??CompileInitialization@asCCompiler@@IEAA_NPEAVasCScriptNode@@PEAVasCByteCode@@AEAVasCDataType@@0HPEA_KH@Z@4HA 00000001800777a8 f    CIL library: CIL module
 0001:000767c3       ?dtor$0@?0??CompileDeclaration@asCCompiler@@IEAAXPEAVasCScriptNode@@PEAVasCByteCode@@@Z@4HA 00000001800777c3 f    CIL library: CIL module
 0001:000767e3       ?dtor$1@?0??CompileDeclaration@asCCompiler@@IEAAXPEAVasCScriptNode@@PEAVasCByteCode@@@Z@4HA 00000001800777e3 f    CIL library: CIL module
 0001:00076803       ?dtor$2@?0??CompileDeclaration@asCCompiler@@IEAAXPEAVasCScriptNode@@PEAVasCByteCode@@@Z@4HA 0000000180077803 f    CIL library: CIL module
 0001:00076823       ?dtor$3@?0??CompileDeclaration@asCCompiler@@IEAAXPEAVasCScriptNode@@PEAVasCByteCode@@@Z@4HA 0000000180077823 f    CIL library: CIL module
 0001:00076843       ?dtor$4@?0??CompileDeclaration@asCCompiler@@IEAAXPEAVasCScriptNode@@PEAVasCByteCode@@@Z@4HA 0000000180077843 f    CIL library: CIL module
 0001:00076863       ?dtor$5@?0??CompileDeclaration@asCCompiler@@IEAAXPEAVasCScriptNode@@PEAVasCByteCode@@@Z@4HA 0000000180077863 f    CIL library: CIL module
 0001:0007687b       ?dtor$0@?0??CompileGlobalVariable@asCCompiler@@QEAAHPEAVasCBuilder@@PEAVasCScriptCode@@PEAVasCScriptNode@@PEAUsGlobalVariableDescription@@PEAVasCScriptFunction@@@Z@4HA 000000018007787b f    CIL library: CIL module
 0001:0007689b       ?dtor$1@?0??CompileGlobalVariable@asCCompiler@@QEAAHPEAVasCBuilder@@PEAVasCScriptCode@@PEAVasCScriptNode@@PEAUsGlobalVariableDescription@@PEAVasCScriptFunction@@@Z@4HA 000000018007789b f    CIL library: CIL module
 0001:000768b6       ?dtor$14@?0??CompileGlobalVariables@asCBuilder@@IEAAXXZ@4HA 00000001800778b6 f    CIL library: CIL module
 0001:000768d6       ?dtor$0@?0??CompileGlobalVariables@asCBuilder@@IEAAXXZ@4HA 00000001800778d6 f    CIL library: CIL module
 0001:000768f6       ?dtor$1@?0??CompileGlobalVariables@asCBuilder@@IEAAXXZ@4HA 00000001800778f6 f    CIL library: CIL module
 0001:00076916       ?dtor$2@?0??CompileGlobalVariables@asCBuilder@@IEAAXXZ@4HA 0000000180077916 f    CIL library: CIL module
 0001:00076936       ?dtor$3@?0??CompileGlobalVariables@asCBuilder@@IEAAXXZ@4HA 0000000180077936 f    CIL library: CIL module
 0001:00076956       ?dtor$4@?0??CompileGlobalVariables@asCBuilder@@IEAAXXZ@4HA 0000000180077956 f    CIL library: CIL module
 0001:00076976       ?dtor$5@?0??CompileGlobalVariables@asCBuilder@@IEAAXXZ@4HA 0000000180077976 f    CIL library: CIL module
 0001:00076996       ?dtor$6@?0??CompileGlobalVariables@asCBuilder@@IEAAXXZ@4HA 0000000180077996 f    CIL library: CIL module
 0001:000769b6       ?dtor$7@?0??CompileGlobalVariables@asCBuilder@@IEAAXXZ@4HA 00000001800779b6 f    CIL library: CIL module
 0001:000769d6       ?dtor$8@?0??CompileGlobalVariables@asCBuilder@@IEAAXXZ@4HA 00000001800779d6 f    CIL library: CIL module
 0001:000769f6       ?dtor$9@?0??CompileGlobalVariables@asCBuilder@@IEAAXXZ@4HA 00000001800779f6 f    CIL library: CIL module
 0001:00076a16       ?dtor$10@?0??CompileGlobalVariables@asCBuilder@@IEAAXXZ@4HA 0000000180077a16 f    CIL library: CIL module
 0001:00076a36       ?dtor$11@?0??CompileGlobalVariables@asCBuilder@@IEAAXXZ@4HA 0000000180077a36 f    CIL library: CIL module
 0001:00076a56       ?dtor$15@?0??CompileGlobalVariables@asCBuilder@@IEAAXXZ@4HA 0000000180077a56 f    CIL library: CIL module
 0001:00076a76       ?dtor$17@?0??CompileGlobalVariables@asCBuilder@@IEAAXXZ@4HA 0000000180077a76 f    CIL library: CIL module
 0001:00076a96       ?dtor$18@?0??CompileGlobalVariables@asCBuilder@@IEAAXXZ@4HA 0000000180077a96 f    CIL library: CIL module
 0001:00076ab6       ?dtor$12@?0??CompileGlobalVariables@asCBuilder@@IEAAXXZ@4HA 0000000180077ab6 f    CIL library: CIL module
 0001:00076ad6       ?dtor$20@?0??CompileGlobalVariables@asCBuilder@@IEAAXXZ@4HA 0000000180077ad6 f    CIL library: CIL module
 0001:00076af6       ?dtor$22@?0??CompileGlobalVariables@asCBuilder@@IEAAXXZ@4HA 0000000180077af6 f    CIL library: CIL module
 0001:00076b16       ?dtor$23@?0??CompileGlobalVariables@asCBuilder@@IEAAXXZ@4HA 0000000180077b16 f    CIL library: CIL module
 0001:00076b36       ?dtor$25@?0??CompileGlobalVariables@asCBuilder@@IEAAXXZ@4HA 0000000180077b36 f    CIL library: CIL module
 0001:00076b56       ?dtor$26@?0??CompileGlobalVariables@asCBuilder@@IEAAXXZ@4HA 0000000180077b56 f    CIL library: CIL module
 0001:00076b76       ?dtor$28@?0??CompileGlobalVariables@asCBuilder@@IEAAXXZ@4HA 0000000180077b76 f    CIL library: CIL module
 0001:00076b96       ?dtor$30@?0??CompileGlobalVariables@asCBuilder@@IEAAXXZ@4HA 0000000180077b96 f    CIL library: CIL module
 0001:00076bb6       ?dtor$31@?0??CompileGlobalVariables@asCBuilder@@IEAAXXZ@4HA 0000000180077bb6 f    CIL library: CIL module
 0001:00076bd1       ?dtor$1@?0??CompileGlobalVar@asCBuilder@@QEAAHPEBD0H@Z@4HA 0000000180077bd1 f    CIL library: CIL module
 0001:00076bf1       ?dtor$2@?0??CompileGlobalVar@asCBuilder@@QEAAHPEBD0H@Z@4HA 0000000180077bf1 f    CIL library: CIL module
 0001:00076c11       ?dtor$3@?0??CompileGlobalVar@asCBuilder@@QEAAHPEBD0H@Z@4HA 0000000180077c11 f    CIL library: CIL module
 0001:00076c29       ?dtor$0@?0??CompileGlobalVar@asCModule@@UEAAHPEBD0H@Z@4HA 0000000180077c29 f    CIL library: CIL module
 0001:00076c29       ?dtor$0@?0??CompileFunction@asCModule@@UEAAHPEBD0HKPEAPEAVasIScriptFunction@@@Z@4HA 0000000180077c29 f    CIL library: CIL module
 0001:00076c49       ?dtor$1@?0??CompileFunction@asCModule@@UEAAHPEBD0HKPEAPEAVasIScriptFunction@@@Z@4HA 0000000180077c49 f    CIL library: CIL module
 0001:00076c49       ?dtor$1@?0??CompileGlobalVar@asCModule@@UEAAHPEBD0H@Z@4HA 0000000180077c49 f    CIL library: CIL module
 0001:00076c61       ?dtor$0@?0??CompileForStatement@asCCompiler@@IEAAXPEAVasCScriptNode@@PEAVasCByteCode@@@Z@4HA 0000000180077c61 f    CIL library: CIL module
 0001:00076c81       ?dtor$1@?0??CompileForStatement@asCCompiler@@IEAAXPEAVasCScriptNode@@PEAVasCByteCode@@@Z@4HA 0000000180077c81 f    CIL library: CIL module
 0001:00076ca1       ?dtor$2@?0??CompileForStatement@asCCompiler@@IEAAXPEAVasCScriptNode@@PEAVasCByteCode@@@Z@4HA 0000000180077ca1 f    CIL library: CIL module
 0001:00076cc1       ?dtor$3@?0??CompileForStatement@asCCompiler@@IEAAXPEAVasCScriptNode@@PEAVasCByteCode@@@Z@4HA 0000000180077cc1 f    CIL library: CIL module
 0001:00076ce1       ?dtor$4@?0??CompileForStatement@asCCompiler@@IEAAXPEAVasCScriptNode@@PEAVasCByteCode@@@Z@4HA 0000000180077ce1 f    CIL library: CIL module
 0001:00076d01       ?dtor$5@?0??CompileForStatement@asCCompiler@@IEAAXPEAVasCScriptNode@@PEAVasCByteCode@@@Z@4HA 0000000180077d01 f    CIL library: CIL module
 0001:00076d1c       ?dtor$0@?0??CompileCase@asCCompiler@@IEAAXPEAVasCScriptNode@@PEAVasCByteCode@@@Z@4HA 0000000180077d1c f    CIL library: CIL module
 0001:00076d3c       ?dtor$1@?0??CompileCase@asCCompiler@@IEAAXPEAVasCScriptNode@@PEAVasCByteCode@@@Z@4HA 0000000180077d3c f    CIL library: CIL module
 0001:00076d5c       ?dtor$2@?0??CompileCase@asCCompiler@@IEAAXPEAVasCScriptNode@@PEAVasCByteCode@@@Z@4HA 0000000180077d5c f    CIL library: CIL module
 0001:00076d74       ?dtor$0@?0??CompileSwitchStatement@asCCompiler@@IEAAXPEAVasCScriptNode@@PEA_NPEAVasCByteCode@@@Z@4HA 0000000180077d74 f    CIL library: CIL module
 0001:00076d94       ?dtor$1@?0??CompileSwitchStatement@asCCompiler@@IEAAXPEAVasCScriptNode@@PEA_NPEAVasCByteCode@@@Z@4HA 0000000180077d94 f    CIL library: CIL module
 0001:00076db4       ?dtor$2@?0??CompileSwitchStatement@asCCompiler@@IEAAXPEAVasCScriptNode@@PEA_NPEAVasCByteCode@@@Z@4HA 0000000180077db4 f    CIL library: CIL module
 0001:00076dd4       ?dtor$3@?0??CompileSwitchStatement@asCCompiler@@IEAAXPEAVasCScriptNode@@PEA_NPEAVasCByteCode@@@Z@4HA 0000000180077dd4 f    CIL library: CIL module
 0001:00076df4       ?dtor$4@?0??CompileSwitchStatement@asCCompiler@@IEAAXPEAVasCScriptNode@@PEA_NPEAVasCByteCode@@@Z@4HA 0000000180077df4 f    CIL library: CIL module
 0001:00076e14       ?dtor$5@?0??CompileSwitchStatement@asCCompiler@@IEAAXPEAVasCScriptNode@@PEA_NPEAVasCByteCode@@@Z@4HA 0000000180077e14 f    CIL library: CIL module
 0001:00076e34       ?dtor$6@?0??CompileSwitchStatement@asCCompiler@@IEAAXPEAVasCScriptNode@@PEA_NPEAVasCByteCode@@@Z@4HA 0000000180077e34 f    CIL library: CIL module
 0001:00076e54       ?dtor$7@?0??CompileSwitchStatement@asCCompiler@@IEAAXPEAVasCScriptNode@@PEA_NPEAVasCByteCode@@@Z@4HA 0000000180077e54 f    CIL library: CIL module
 0001:00076e74       ?dtor$8@?0??CompileSwitchStatement@asCCompiler@@IEAAXPEAVasCScriptNode@@PEA_NPEAVasCByteCode@@@Z@4HA 0000000180077e74 f    CIL library: CIL module
 0001:00076e94       ?dtor$9@?0??CompileSwitchStatement@asCCompiler@@IEAAXPEAVasCScriptNode@@PEA_NPEAVasCByteCode@@@Z@4HA 0000000180077e94 f    CIL library: CIL module
 0001:00076eb4       ?dtor$10@?0??CompileSwitchStatement@asCCompiler@@IEAAXPEAVasCScriptNode@@PEA_NPEAVasCByteCode@@@Z@4HA 0000000180077eb4 f    CIL library: CIL module
 0001:00076ecf       ?dtor$0@?0??CompileStatementBlock@asCCompiler@@IEAAXPEAVasCScriptNode@@_NPEA_NPEAVasCByteCode@@@Z@4HA 0000000180077ecf f    CIL library: CIL module
 0001:00076eef       ?dtor$1@?0??CompileStatementBlock@asCCompiler@@IEAAXPEAVasCScriptNode@@_NPEA_NPEAVasCByteCode@@@Z@4HA 0000000180077eef f    CIL library: CIL module
 0001:00076f07       ?dtor$0@?0??CompileFunction@asCCompiler@@QEAAHPEAVasCBuilder@@PEAVasCScriptCode@@AEAV?$asCArray@VasCString@@@@PEAVasCScriptNode@@PEAVasCScriptFunction@@PEAUsClassDeclaration@@@Z@4HA 0000000180077f07 f    CIL library: CIL module
 0001:00076f27       ?dtor$1@?0??CompileFunction@asCCompiler@@QEAAHPEAVasCBuilder@@PEAVasCScriptCode@@AEAV?$asCArray@VasCString@@@@PEAVasCScriptNode@@PEAVasCScriptFunction@@PEAUsClassDeclaration@@@Z@4HA 0000000180077f27 f    CIL library: CIL module
 0001:00076f47       ?dtor$2@?0??CompileFunction@asCCompiler@@QEAAHPEAVasCBuilder@@PEAVasCScriptCode@@AEAV?$asCArray@VasCString@@@@PEAVasCScriptNode@@PEAVasCScriptFunction@@PEAUsClassDeclaration@@@Z@4HA 0000000180077f47 f    CIL library: CIL module
 0001:00076f67       ?dtor$3@?0??CompileFunction@asCCompiler@@QEAAHPEAVasCBuilder@@PEAVasCScriptCode@@AEAV?$asCArray@VasCString@@@@PEAVasCScriptNode@@PEAVasCScriptFunction@@PEAUsClassDeclaration@@@Z@4HA 0000000180077f67 f    CIL library: CIL module
 0001:00076f87       ?dtor$4@?0??CompileFunction@asCCompiler@@QEAAHPEAVasCBuilder@@PEAVasCScriptCode@@AEAV?$asCArray@VasCString@@@@PEAVasCScriptNode@@PEAVasCScriptFunction@@PEAUsClassDeclaration@@@Z@4HA 0000000180077f87 f    CIL library: CIL module
 0001:00076fa7       ?dtor$5@?0??CompileFunction@asCCompiler@@QEAAHPEAVasCBuilder@@PEAVasCScriptCode@@AEAV?$asCArray@VasCString@@@@PEAVasCScriptNode@@PEAVasCScriptFunction@@PEAUsClassDeclaration@@@Z@4HA 0000000180077fa7 f    CIL library: CIL module
 0001:00076fc7       ?dtor$6@?0??CompileFunction@asCCompiler@@QEAAHPEAVasCBuilder@@PEAVasCScriptCode@@AEAV?$asCArray@VasCString@@@@PEAVasCScriptNode@@PEAVasCScriptFunction@@PEAUsClassDeclaration@@@Z@4HA 0000000180077fc7 f    CIL library: CIL module
 0001:00076fdf       ?dtor$0@?0??CompileFunctions@asCBuilder@@IEAAXXZ@4HA 0000000180077fdf f    CIL library: CIL module
 0001:00076fff       ?dtor$1@?0??CompileFunctions@asCBuilder@@IEAAXXZ@4HA 0000000180077fff f    CIL library: CIL module
 0001:0007701f       ?dtor$2@?0??CompileFunctions@asCBuilder@@IEAAXXZ@4HA 000000018007801f f    CIL library: CIL module
 0001:00077037       ?dtor$1@?0??CompileFunction@asCBuilder@@QEAAHPEBD0HKPEAPEAVasCScriptFunction@@@Z@4HA 0000000180078037 f    CIL library: CIL module
 0001:00077057       ?dtor$2@?0??CompileFunction@asCBuilder@@QEAAHPEBD0HKPEAPEAVasCScriptFunction@@@Z@4HA 0000000180078057 f    CIL library: CIL module
 0001:00077077       ?dtor$3@?0??CompileFunction@asCBuilder@@QEAAHPEBD0HKPEAPEAVasCScriptFunction@@@Z@4HA 0000000180078077 f    CIL library: CIL module
 0001:000770a7       ?dtor$4@?0??CompileFunction@asCBuilder@@QEAAHPEBD0HKPEAPEAVasCScriptFunction@@@Z@4HA 00000001800780a7 f    CIL library: CIL module
 0001:000770c7       ?dtor$6@?0??CompileFunction@asCBuilder@@QEAAHPEBD0HKPEAPEAVasCScriptFunction@@@Z@4HA 00000001800780c7 f    CIL library: CIL module
 0001:000770e7       ?dtor$7@?0??CompileFunction@asCBuilder@@QEAAHPEBD0HKPEAPEAVasCScriptFunction@@@Z@4HA 00000001800780e7 f    CIL library: CIL module
 0001:00077104       ??__EuserAlloc@@YAXXZ      0000000180078104 f    CIL library: CIL module
 0001:00077114       ??__EuserFree@@YAXXZ       0000000180078114 f    CIL library: CIL module
 0001:00077124       ??__Fdummy@?3??GetIndexes@?$asCSymbolTable@VasCScriptFunction@@@@QEBAAEBV?$asCArray@I@@PEBUasSNameSpace@@AEBVasCString@@@Z@YAXXZ 0000000180078124 f    CIL library: CIL module

 Exports

  ordinal    name

        1    asAcquireExclusiveLock
        2    asAcquireSharedLock
        3    asAtomicDec
        4    asAtomicInc
        5    asCreateLockableSharedBool
        6    asCreateScriptEngine
        7    asGetActiveContext
        8    asGetLibraryOptions
        9    asGetLibraryVersion
       10    asGetThreadManager
       11    asPrepareMultithread
       12    asReleaseExclusiveLock
       13    asReleaseSharedLock
       14    asResetGlobalMemoryFunctions
       15    asSetGlobalMemoryFunctions
       16    asThreadCleanup
       17    asUnprepareMultithread
