 libSDL2

 Timestamp is 526a9533 (Fri Oct 25 18:58:43 2013)

 Preferred load address is 0000000180000000

 Start         Length     Name                   Class
 0001:00000000 0008d048H .text                   CODE
 0001:0008d050 0000005eH .text$00                CODE
 0001:0008d0b0 00000091H .text$x                 CODE
 0002:00000000 00000838H .idata$5                DATA
 0002:00000838 00000008H .CRT$XCA                DATA
 0002:00000840 00000008H .CRT$XCZ                DATA
 0002:00000848 00000008H .CRT$XIA                DATA
 0002:00000850 00000008H .CRT$XIAA               DATA
 0002:00000858 00000008H .CRT$XIZ                DATA
 0002:00000860 0000c848H .rdata                  DATA
 0002:0000d0a8 00000008H .rtc$IAA                DATA
 0002:0000d0b0 00000008H .rtc$IZZ                DATA
 0002:0000d0b8 00000008H .rtc$TAA                DATA
 0002:0000d0c0 00000008H .rtc$TZZ                DATA
 0002:0000d0c8 00001cd4H .xdata                  DATA
 0002:0000ed9c 000000c8H .idata$2                DATA
 0002:0000ee64 00000014H .idata$3                DATA
 0002:0000ee78 00000838H .idata$4                DATA
 0002:0000f6b0 000010c8H .idata$6                DATA
 0002:00010780 000039a5H .edata                  DATA
 0003:00000000 00003758H .data                   DATA
 0003:00003760 0000b5f8H .bss                    DATA
 0004:00000000 0000447cH .pdata                  DATA

  Address         Publics by Value              Rva+Base               Lib:Object

 0000:00000000       ___safe_se_handler_table   0000000000000000     <absolute>
 0000:00000000       ___safe_se_handler_count   0000000000000000     <absolute>
 0000:00000000       __ImageBase                0000000180000000     <linker-defined>
 0001:00000000       SDL_AtomicCAS              0000000180001000 f   SDL_atomic.obj
 0001:00000070       SDL_AtomicCASPtr           0000000180001070 f   SDL_atomic.obj
 0001:000000e0       SDL_AtomicTryLock          00000001800010e0 f   SDL_spinlock.obj
 0001:000000f0       SDL_AtomicLock             00000001800010f0 f   SDL_spinlock.obj
 0001:00000120       SDL_AtomicUnlock           0000000180001120 f   SDL_spinlock.obj
 0001:000001c0       SDL_RunAudio               00000001800011c0 f   SDL_audio.obj
 0001:00000508       SDL_GetNumAudioDrivers     0000000180001508 f   SDL_audio.obj
 0001:00000510       SDL_GetAudioDriver         0000000180001510 f   SDL_audio.obj
 0001:0000052c       SDL_AudioInit              000000018000152c f   SDL_audio.obj
 0001:000007bc       SDL_GetCurrentAudioDriver  00000001800017bc f   SDL_audio.obj
 0001:000008d0       SDL_GetNumAudioDevices     00000001800018d0 f   SDL_audio.obj
 0001:0000096c       SDL_GetAudioDeviceName     000000018000196c f   SDL_audio.obj
 0001:00000fdc       SDL_OpenAudio              0000000180001fdc f   SDL_audio.obj
 0001:00001064       SDL_OpenAudioDevice        0000000180002064 f   SDL_audio.obj
 0001:00001084       SDL_GetAudioDeviceStatus   0000000180002084 f   SDL_audio.obj
 0001:000010b8       SDL_GetAudioStatus         00000001800020b8 f   SDL_audio.obj
 0001:000010c4       SDL_PauseAudioDevice       00000001800020c4 f   SDL_audio.obj
 0001:00001100       SDL_PauseAudio             0000000180002100 f   SDL_audio.obj
 0001:0000110c       SDL_LockAudioDevice        000000018000210c f   SDL_audio.obj
 0001:00001128       SDL_LockAudio              0000000180002128 f   SDL_audio.obj
 0001:0000114c       SDL_UnlockAudioDevice      000000018000214c f   SDL_audio.obj
 0001:00001168       SDL_UnlockAudio            0000000180002168 f   SDL_audio.obj
 0001:0000118c       SDL_CloseAudioDevice       000000018000218c f   SDL_audio.obj
 0001:000011bc       SDL_CloseAudio             00000001800021bc f   SDL_audio.obj
 0001:000011c8       SDL_AudioQuit              00000001800021c8 f   SDL_audio.obj
 0001:00001260       SDL_FirstAudioFormat       0000000180002260 f   SDL_audio.obj
 0001:0000129c       SDL_NextAudioFormat        000000018000229c f   SDL_audio.obj
 0001:000012d8       SDL_CalculateAudioSpec     00000001800022d8 f   SDL_audio.obj
 0001:00001304       SDL_MixAudio               0000000180002304 f   SDL_audio.obj
 0001:0000297c       SDL_ConvertAudio           000000018000397c f   SDL_audiocvt.obj
 0001:00002bfc       SDL_BuildAudioCVT          0000000180003bfc f   SDL_audiocvt.obj
 0001:0002507c       SDL_MixAudioFormat         000000018002607c f   SDL_mixer.obj
 0001:0002607c       SDL_LoadWAV_RW             000000018002707c f   SDL_wave.obj
 0001:0002640c       SDL_free                   000000018002740c f   SDL_malloc.obj
 0001:0002640c       SDL_FreeWAV                000000018002740c f   SDL_wave.obj
 0001:0002640c       SDL_FreeRW                 000000018002740c f   SDL_rwops.obj
 0001:000264a0       SDL_GetCPUCount            00000001800274a0 f   SDL_cpuinfo.obj
 0001:000264d4       SDL_GetCPUCacheLineSize    00000001800274d4 f   SDL_cpuinfo.obj
 0001:0002658c       SDL_HasRDTSC               000000018002758c f   SDL_cpuinfo.obj
 0001:000265a0       SDL_HasAltiVec             00000001800275a0 f   SDL_cpuinfo.obj
 0001:000265b8       SDL_HasMMX                 00000001800275b8 f   SDL_cpuinfo.obj
 0001:000265d0       SDL_Has3DNow               00000001800275d0 f   SDL_cpuinfo.obj
 0001:000265e8       SDL_HasSSE                 00000001800275e8 f   SDL_cpuinfo.obj
 0001:00026600       SDL_HasSSE2                0000000180027600 f   SDL_cpuinfo.obj
 0001:00026618       SDL_HasSSE3                0000000180027618 f   SDL_cpuinfo.obj
 0001:00026630       SDL_HasSSE41               0000000180027630 f   SDL_cpuinfo.obj
 0001:00026644       SDL_HasSSE42               0000000180027644 f   SDL_cpuinfo.obj
 0001:00026658       SDL_GetSystemRAM           0000000180027658 f   SDL_cpuinfo.obj
 0001:0002669c       SDL_SendClipboardUpdate    000000018002769c f   SDL_clipboardevents.obj
 0001:000266d4       SDL_SendDropFile           00000001800276d4 f   SDL_dropevents.obj
 0001:00026728       SDL_StopEventLoop          0000000180027728 f   SDL_events.obj
 0001:000269cc       SDL_PeepEvents             00000001800279cc f   SDL_events.obj
 0001:00026bd4       SDL_HasEvent               0000000180027bd4 f   SDL_events.obj
 0001:00026bfc       SDL_HasEvents              0000000180027bfc f   SDL_events.obj
 0001:00026c24       SDL_FlushEvent             0000000180027c24 f   SDL_events.obj
 0001:00026c2c       SDL_FlushEvents            0000000180027c2c f   SDL_events.obj
 0001:00026c90       SDL_PumpEvents             0000000180027c90 f   SDL_events.obj
 0001:00026cdc       SDL_PollEvent              0000000180027cdc f   SDL_events.obj
 0001:00026ce4       SDL_WaitEvent              0000000180027ce4 f   SDL_events.obj
 0001:00026cec       SDL_WaitEventTimeout       0000000180027cec f   SDL_events.obj
 0001:00026d70       SDL_PushEvent              0000000180027d70 f   SDL_events.obj
 0001:00026df4       SDL_SetEventFilter         0000000180027df4 f   SDL_events.obj
 0001:00026e34       SDL_GetEventFilter         0000000180027e34 f   SDL_events.obj
 0001:00026e60       SDL_AddEventWatch          0000000180027e60 f   SDL_events.obj
 0001:00026ea4       SDL_DelEventWatch          0000000180027ea4 f   SDL_events.obj
 0001:00026ef0       SDL_FilterEvents           0000000180027ef0 f   SDL_events.obj
 0001:00026f68       SDL_EventState             0000000180027f68 f   SDL_events.obj
 0001:00027044       SDL_RegisterEvents         0000000180028044 f   SDL_events.obj
 0001:00027064       SDL_SendSysWMEvent         0000000180028064 f   SDL_events.obj
 0001:000270c0       SDL_RecordGesture          00000001800280c0 f   SDL_gesture.obj
 0001:00027120       SDL_SaveAllDollarTemplates 0000000180028120 f   SDL_gesture.obj
 0001:000271e4       SDL_SaveDollarTemplate     00000001800281e4 f   SDL_gesture.obj
 0001:000273d0       SDL_LoadDollarTemplates    00000001800283d0 f   SDL_gesture.obj
 0001:00027b68       SDL_GestureProcessEvent    0000000180028b68 f   SDL_gesture.obj
 0001:00028038       SDL_UCS4ToUTF8             0000000180029038 f   SDL_keyboard.obj
 0001:000281a0       SDL_GetDefaultKeymap       00000001800291a0 f   SDL_keyboard.obj
 0001:000281b4       SDL_SetKeymap              00000001800291b4 f   SDL_keyboard.obj
 0001:000281e8       SDL_SetScancodeName        00000001800291e8 f   SDL_keyboard.obj
 0001:000281f8       SDL_GetKeyboardFocus       00000001800291f8 f   SDL_keyboard.obj
 0001:00028200       SDL_SetKeyboardFocus       0000000180029200 f   SDL_keyboard.obj
 0001:000282e8       SDL_SendKeyboardKey        00000001800292e8 f   SDL_keyboard.obj
 0001:00028530       SDL_SendKeyboardText       0000000180029530 f   SDL_keyboard.obj
 0001:000285b0       SDL_SendEditingText        00000001800295b0 f   SDL_keyboard.obj
 0001:00028644       SDL_GetKeyboardState       0000000180029644 f   SDL_keyboard.obj
 0001:00028658       SDL_GetModState            0000000180029658 f   SDL_keyboard.obj
 0001:00028660       SDL_SetModState            0000000180029660 f   SDL_keyboard.obj
 0001:00028668       SDL_GetKeyFromScancode     0000000180029668 f   SDL_keyboard.obj
 0001:000286a0       SDL_GetScancodeFromKey     00000001800296a0 f   SDL_keyboard.obj
 0001:000286c4       SDL_GetScancodeName        00000001800296c4 f   SDL_keyboard.obj
 0001:00028704       SDL_GetScancodeFromName    0000000180029704 f   SDL_keyboard.obj
 0001:00028778       SDL_GetKeyName             0000000180029778 f   SDL_keyboard.obj
 0001:00028810       SDL_GetKeyFromName         0000000180029810 f   SDL_keyboard.obj
 0001:00028914       SDL_SetDefaultCursor       0000000180029914 f   SDL_mouse.obj
 0001:00028934       SDL_GetMouse               0000000180029934 f   SDL_mouse.obj
 0001:0002893c       SDL_GetMouseFocus          000000018002993c f   SDL_mouse.obj
 0001:00028944       SDL_SetMouseFocus          0000000180029944 f   SDL_mouse.obj
 0001:00028a38       SDL_SendMouseMotion        0000000180029a38 f   SDL_mouse.obj
 0001:00028c5c       SDL_SendMouseButton        0000000180029c5c f   SDL_mouse.obj
 0001:00028db0       SDL_SendMouseWheel         0000000180029db0 f   SDL_mouse.obj
 0001:00028e4c       SDL_GetMouseState          0000000180029e4c f   SDL_mouse.obj
 0001:00028e70       SDL_GetRelativeMouseState  0000000180029e70 f   SDL_mouse.obj
 0001:00028ea0       SDL_WarpMouseInWindow      0000000180029ea0 f   SDL_mouse.obj
 0001:00028ee0       SDL_SetRelativeMouseMode   0000000180029ee0 f   SDL_mouse.obj
 0001:00028fd4       SDL_GetRelativeMouseMode   0000000180029fd4 f   SDL_mouse.obj
 0001:00028fdc       SDL_CreateCursor           0000000180029fdc f   SDL_mouse.obj
 0001:0002910c       SDL_CreateColorCursor      000000018002a10c f   SDL_mouse.obj
 0001:000291d0       SDL_CreateSystemCursor     000000018002a1d0 f   SDL_mouse.obj
 0001:00029210       SDL_SetCursor              000000018002a210 f   SDL_mouse.obj
 0001:000292a8       SDL_GetCursor              000000018002a2a8 f   SDL_mouse.obj
 0001:000292b0       SDL_GetDefaultCursor       000000018002a2b0 f   SDL_mouse.obj
 0001:000292b8       SDL_FreeCursor             000000018002a2b8 f   SDL_mouse.obj
 0001:00029324       SDL_ShowCursor             000000018002a324 f   SDL_mouse.obj
 0001:00029390       SDL_GetNumTouchDevices     000000018002a390 f   SDL_touch.obj
 0001:00029398       SDL_GetTouchDevice         000000018002a398 f   SDL_touch.obj
 0001:000293d0       SDL_GetTouch               000000018002a3d0 f   SDL_touch.obj
 0001:00029428       SDL_GetNumTouchFingers     000000018002a428 f   SDL_touch.obj
 0001:00029444       SDL_GetTouchFinger         000000018002a444 f   SDL_touch.obj
 0001:00029480       SDL_AddTouch               000000018002a480 f   SDL_touch.obj
 0001:00029688       SDL_SendTouch              000000018002a688 f   SDL_touch.obj
 0001:000298a0       SDL_SendTouchMotion        000000018002a8a0 f   SDL_touch.obj
 0001:00029a38       SDL_TouchQuit              000000018002aa38 f   SDL_touch.obj
 0001:00029b98       SDL_SendWindowEvent        000000018002ab98 f   SDL_windowevents.obj
 0001:0002a734       SDL_RWFromFile             000000018002b734 f   SDL_rwops.obj
 0001:0002a7e8       SDL_RWFromFP               000000018002b7e8 f   SDL_rwops.obj
 0001:0002a850       SDL_RWFromMem              000000018002b850 f   SDL_rwops.obj
 0001:0002a8f4       SDL_RWFromConstMem         000000018002b8f4 f   SDL_rwops.obj
 0001:0002a998       SDL_AllocRW                000000018002b998 f   SDL_rwops.obj
 0001:0002a9cc       SDL_ReadU8                 000000018002b9cc f   SDL_rwops.obj
 0001:0002a9f4       SDL_ReadLE16               000000018002b9f4 f   SDL_rwops.obj
 0001:0002aa20       SDL_ReadBE16               000000018002ba20 f   SDL_rwops.obj
 0001:0002aa5c       SDL_ReadLE32               000000018002ba5c f   SDL_rwops.obj
 0001:0002aa84       SDL_ReadBE32               000000018002ba84 f   SDL_rwops.obj
 0001:0002aad4       SDL_ReadLE64               000000018002bad4 f   SDL_rwops.obj
 0001:0002ab00       SDL_ReadBE64               000000018002bb00 f   SDL_rwops.obj
 0001:0002ab98       SDL_WriteU8                000000018002bb98 f   SDL_rwops.obj
 0001:0002abbc       SDL_WriteLE16              000000018002bbbc f   SDL_rwops.obj
 0001:0002abe0       SDL_WriteBE16              000000018002bbe0 f   SDL_rwops.obj
 0001:0002ac08       SDL_WriteLE32              000000018002bc08 f   SDL_rwops.obj
 0001:0002ac2c       SDL_WriteBE32              000000018002bc2c f   SDL_rwops.obj
 0001:0002ac78       SDL_WriteLE64              000000018002bc78 f   SDL_rwops.obj
 0001:0002ac9c       SDL_WriteBE64              000000018002bc9c f   SDL_rwops.obj
 0001:0002ad80       SDL_NumHaptics             000000018002bd80 f   SDL_haptic.obj
 0001:0002ad88       SDL_HapticName             000000018002bd88 f   SDL_haptic.obj
 0001:0002adbc       SDL_HapticOpen             000000018002bdbc f   SDL_haptic.obj
 0001:0002aef4       SDL_HapticOpened           000000018002bef4 f   SDL_haptic.obj
 0001:0002af54       SDL_HapticIndex            000000018002bf54 f   SDL_haptic.obj
 0001:0002af74       SDL_MouseIsHaptic          000000018002bf74 f   SDL_haptic.obj
 0001:0002af8c       SDL_HapticOpenFromMouse    000000018002bf8c f   SDL_haptic.obj
 0001:0002afb8       SDL_JoystickIsHaptic       000000018002bfb8 f   SDL_haptic.obj
 0001:0002afec       SDL_HapticOpenFromJoystick 000000018002bfec f   SDL_haptic.obj
 0001:0002b13c       SDL_HapticClose            000000018002c13c f   SDL_haptic.obj
 0001:0002b208       SDL_HapticNumEffects       000000018002c208 f   SDL_haptic.obj
 0001:0002b228       SDL_HapticNumEffectsPlaying 000000018002c228 f   SDL_haptic.obj
 0001:0002b248       SDL_HapticQuery            000000018002c248 f   SDL_haptic.obj
 0001:0002b264       SDL_HapticNumAxes          000000018002c264 f   SDL_haptic.obj
 0001:0002b284       SDL_HapticEffectSupported  000000018002c284 f   SDL_haptic.obj
 0001:0002b2c0       SDL_HapticNewEffect        000000018002c2c0 f   SDL_haptic.obj
 0001:0002b378       SDL_HapticUpdateEffect     000000018002c378 f   SDL_haptic.obj
 0001:0002b410       SDL_HapticRunEffect        000000018002c410 f   SDL_haptic.obj
 0001:0002b488       SDL_HapticStopEffect       000000018002c488 f   SDL_haptic.obj
 0001:0002b4f0       SDL_HapticDestroyEffect    000000018002c4f0 f   SDL_haptic.obj
 0001:0002b548       SDL_HapticGetEffectStatus  000000018002c548 f   SDL_haptic.obj
 0001:0002b5b0       SDL_HapticSetGain          000000018002c5b0 f   SDL_haptic.obj
 0001:0002b66c       SDL_HapticSetAutocenter    000000018002c66c f   SDL_haptic.obj
 0001:0002b6d8       SDL_HapticPause            000000018002c6d8 f   SDL_haptic.obj
 0001:0002b714       SDL_HapticUnpause          000000018002c714 f   SDL_haptic.obj
 0001:0002b744       SDL_HapticStopAll          000000018002c744 f   SDL_haptic.obj
 0001:0002b76c       SDL_HapticRumbleSupported  000000018002c76c f   SDL_haptic.obj
 0001:0002b794       SDL_HapticRumbleInit       000000018002c794 f   SDL_haptic.obj
 0001:0002b85c       SDL_HapticRumblePlay       000000018002c85c f   SDL_haptic.obj
 0001:0002b918       SDL_HapticRumbleStop       000000018002c918 f   SDL_haptic.obj
 0001:0002b954       SDL_GameControllerEventWatcher 000000018002c954 f   SDL_gamecontroller.obj
 0001:0002bca8       SDL_PrivateGetControllerMappingForGUID 000000018002cca8 f   SDL_gamecontroller.obj
 0001:0002bce0       SDL_PrivateGetControllerMapping 000000018002cce0 f   SDL_gamecontroller.obj
 0001:0002bd24       SDL_GameControllerGetAxisFromString 000000018002cd24 f   SDL_gamecontroller.obj
 0001:0002bd9c       SDL_GameControllerGetStringForAxis 000000018002cd9c f   SDL_gamecontroller.obj
 0001:0002bdb4       SDL_GameControllerGetButtonFromString 000000018002cdb4 f   SDL_gamecontroller.obj
 0001:0002be2c       SDL_GameControllerGetStringForButton 000000018002ce2c f   SDL_gamecontroller.obj
 0001:0002be44       SDL_PrivateGameControllerParseButton 000000018002ce44 f   SDL_gamecontroller.obj
 0001:0002bf7c       SDL_PrivateLoadButtonMapping 000000018002cf7c f   SDL_gamecontroller.obj
 0001:0002c124       SDL_PrivateGetControllerNameFromMappingString 000000018002d124 f   SDL_gamecontroller.obj
 0001:0002c1c8       SDL_GameControllerAddMapping 000000018002d1c8 f   SDL_gamecontroller.obj
 0001:0002c41c       SDL_GameControllerMappingForGUID 000000018002d41c f   SDL_gamecontroller.obj
 0001:0002c4e4       SDL_GameControllerMapping  000000018002d4e4 f   SDL_gamecontroller.obj
 0001:0002c504       SDL_GameControllerInit     000000018002d504 f   SDL_gamecontroller.obj
 0001:0002c5f0       SDL_GameControllerNameForIndex 000000018002d5f0 f   SDL_gamecontroller.obj
 0001:0002c60c       SDL_IsGameController       000000018002d60c f   SDL_gamecontroller.obj
 0001:0002c624       SDL_GameControllerOpen     000000018002d624 f   SDL_gamecontroller.obj
 0001:0002c750       SDL_GameControllerUpdate   000000018002d750 f   SDL_gamecontroller.obj
 0001:0002c758       SDL_GameControllerGetAxis  000000018002d758 f   SDL_gamecontroller.obj
 0001:0002c7c4       SDL_GameControllerGetButton 000000018002d7c4 f   SDL_gamecontroller.obj
 0001:0002c850       SDL_GameControllerGetAttached 000000018002d850 f   SDL_gamecontroller.obj
 0001:0002c88c       SDL_GameControllerName     000000018002d88c f   SDL_gamecontroller.obj
 0001:0002c89c       SDL_GameControllerGetJoystick 000000018002d89c f   SDL_gamecontroller.obj
 0001:0002c8a8       SDL_GameControllerGetBindForAxis 000000018002d8a8 f   SDL_gamecontroller.obj
 0001:0002c8e8       SDL_GameControllerGetBindForButton 000000018002d8e8 f   SDL_gamecontroller.obj
 0001:0002c94c       SDL_GameControllerClose    000000018002d94c f   SDL_gamecontroller.obj
 0001:0002c9c0       SDL_PrivateGameControllerAxis 000000018002d9c0 f   SDL_gamecontroller.obj
 0001:0002ca34       SDL_PrivateGameControllerButton 000000018002da34 f   SDL_gamecontroller.obj
 0001:0002cac0       SDL_GameControllerEventState 000000018002dac0 f   SDL_gamecontroller.obj
 0001:0002cb80       SDL_NumJoysticks           000000018002db80 f   SDL_joystick.obj
 0001:0002cb88       SDL_JoystickNameForIndex   000000018002db88 f   SDL_joystick.obj
 0001:0002cbc4       SDL_JoystickOpen           000000018002dbc4 f   SDL_joystick.obj
 0001:0002cdb8       SDL_PrivateJoystickValid   000000018002ddb8 f   SDL_joystick.obj
 0001:0002cdec       SDL_JoystickNumAxes        000000018002ddec f   SDL_joystick.obj
 0001:0002ce0c       SDL_JoystickNumHats        000000018002de0c f   SDL_joystick.obj
 0001:0002ce2c       SDL_JoystickNumBalls       000000018002de2c f   SDL_joystick.obj
 0001:0002ce4c       SDL_JoystickNumButtons     000000018002de4c f   SDL_joystick.obj
 0001:0002ce6c       SDL_JoystickGetAxis        000000018002de6c f   SDL_joystick.obj
 0001:0002cebc       SDL_JoystickGetHat         000000018002debc f   SDL_joystick.obj
 0001:0002cf10       SDL_JoystickGetBall        000000018002df10 f   SDL_joystick.obj
 0001:0002cf9c       SDL_JoystickGetButton      000000018002df9c f   SDL_joystick.obj
 0001:0002cff0       SDL_JoystickGetAttached    000000018002dff0 f   SDL_joystick.obj
 0001:0002d010       SDL_JoystickInstanceID     000000018002e010 f   SDL_joystick.obj
 0001:0002d030       SDL_JoystickName           000000018002e030 f   SDL_joystick.obj
 0001:0002d050       SDL_JoystickClose          000000018002e050 f   SDL_joystick.obj
 0001:0002d12c       SDL_PrivateJoystickAxis    000000018002e12c f   SDL_joystick.obj
 0001:0002d1cc       SDL_PrivateJoystickHat     000000018002e1cc f   SDL_joystick.obj
 0001:0002d264       SDL_PrivateJoystickButton  000000018002e264 f   SDL_joystick.obj
 0001:0002d314       SDL_JoystickUpdate         000000018002e314 f   SDL_joystick.obj
 0001:0002d3e0       SDL_JoystickEventState     000000018002e3e0 f   SDL_joystick.obj
 0001:0002d488       SDL_JoystickGetDeviceGUID  000000018002e488 f   SDL_joystick.obj
 0001:0002d4f0       SDL_JoystickGetGUID        000000018002e4f0 f   SDL_joystick.obj
 0001:0002d544       SDL_JoystickGetGUIDString  000000018002e544 f   SDL_joystick.obj
 0001:0002d5ac       SDL_JoystickGetGUIDFromString 000000018002e5ac f   SDL_joystick.obj
 0001:0002d678       SDL_uclibc_scalbn          000000018002e678 f   s_scalbn.obj
 0001:0002d7a4       SDL_GetPowerInfo           000000018002e7a4 f   SDL_power.obj
 0001:0002d804       SDL_GetNumRenderDrivers    000000018002e804 f   SDL_render.obj
 0001:0002d80c       SDL_GetRenderDriverInfo    000000018002e80c f   SDL_render.obj
 0001:0002dad4       SDL_CreateWindowAndRenderer 000000018002ead4 f   SDL_render.obj
 0001:0002db34       SDL_CreateRenderer         000000018002eb34 f   SDL_render.obj
 0001:0002dd38       SDL_CreateSoftwareRenderer 000000018002ed38 f   SDL_render.obj
 0001:0002dd7c       SDL_GetRenderer            000000018002ed7c f   SDL_render.obj
 0001:0002dd88       SDL_GetRendererInfo        000000018002ed88 f   SDL_render.obj
 0001:0002ddd0       SDL_GetRendererOutputSize  000000018002edd0 f   SDL_render.obj
 0001:0002df20       SDL_CreateTexture          000000018002ef20 f   SDL_render.obj
 0001:0002e1cc       SDL_CreateTextureFromSurface 000000018002f1cc f   SDL_render.obj
 0001:0002e3c8       SDL_QueryTexture           000000018002f3c8 f   SDL_render.obj
 0001:0002e424       SDL_SetTextureColorMod     000000018002f424 f   SDL_render.obj
 0001:0002e4a0       SDL_GetTextureColorMod     000000018002f4a0 f   SDL_render.obj
 0001:0002e4f0       SDL_SetTextureAlphaMod     000000018002f4f0 f   SDL_render.obj
 0001:0002e554       SDL_GetTextureAlphaMod     000000018002f554 f   SDL_render.obj
 0001:0002e58c       SDL_SetTextureBlendMode    000000018002f58c f   SDL_render.obj
 0001:0002e5e4       SDL_GetTextureBlendMode    000000018002f5e4 f   SDL_render.obj
 0001:0002e8e4       SDL_UpdateTexture          000000018002f8e4 f   SDL_render.obj
 0001:0002eb30       SDL_UpdateYUVTexture       000000018002fb30 f   SDL_render.obj
 0001:0002ecb0       SDL_LockTexture            000000018002fcb0 f   SDL_render.obj
 0001:0002ef20       SDL_UnlockTexture          000000018002ff20 f   SDL_render.obj
 0001:0002effc       SDL_RenderTargetSupported  000000018002fffc f   SDL_render.obj
 0001:0002f018       SDL_SetRenderTarget        0000000180030018 f   SDL_render.obj
 0001:0002f1dc       SDL_GetRenderTarget        00000001800301dc f   SDL_render.obj
 0001:0002f374       SDL_RenderSetLogicalSize   0000000180030374 f   SDL_render.obj
 0001:0002f3ec       SDL_RenderGetLogicalSize   00000001800303ec f   SDL_render.obj
 0001:0002f430       SDL_RenderSetViewport      0000000180030430 f   SDL_render.obj
 0001:0002f540       SDL_RenderGetViewport      0000000180030540 f   SDL_render.obj
 0001:0002f5d4       SDL_RenderSetClipRect      00000001800305d4 f   SDL_render.obj
 0001:0002f6d0       SDL_RenderGetClipRect      00000001800306d0 f   SDL_render.obj
 0001:0002f764       SDL_RenderSetScale         0000000180030764 f   SDL_render.obj
 0001:0002f7a4       SDL_RenderGetScale         00000001800307a4 f   SDL_render.obj
 0001:0002f7e8       SDL_SetRenderDrawColor     00000001800307e8 f   SDL_render.obj
 0001:0002f834       SDL_GetRenderDrawColor     0000000180030834 f   SDL_render.obj
 0001:0002f89c       SDL_SetRenderDrawBlendMode 000000018003089c f   SDL_render.obj
 0001:0002f8d0       SDL_GetRenderDrawBlendMode 00000001800308d0 f   SDL_render.obj
 0001:0002f908       SDL_RenderClear            0000000180030908 f   SDL_render.obj
 0001:0002f94c       SDL_RenderDrawPoint        000000018003094c f   SDL_render.obj
 0001:0002fa48       SDL_RenderDrawPoints       0000000180030a48 f   SDL_render.obj
 0001:0002fb98       SDL_RenderDrawLine         0000000180030b98 f   SDL_render.obj
 0001:0002fde8       SDL_RenderDrawLines        0000000180030de8 f   SDL_render.obj
 0001:0002ff3c       SDL_RenderDrawRect         0000000180030f3c f   SDL_render.obj
 0001:0002ffe8       SDL_RenderDrawRects        0000000180030fe8 f   SDL_render.obj
 0001:00030088       SDL_RenderFillRect         0000000180031088 f   SDL_render.obj
 0001:000300f8       SDL_RenderFillRects        00000001800310f8 f   SDL_render.obj
 0001:00030234       SDL_RenderCopy             0000000180031234 f   SDL_render.obj
 0001:000303f0       SDL_RenderCopyEx           00000001800313f0 f   SDL_render.obj
 0001:00030614       SDL_RenderReadPixels       0000000180031614 f   SDL_render.obj
 0001:00030774       SDL_RenderPresent          0000000180031774 f   SDL_render.obj
 0001:000307b4       SDL_DestroyTexture         00000001800317b4 f   SDL_render.obj
 0001:00030874       SDL_DestroyRenderer        0000000180031874 f   SDL_render.obj
 0001:000308f4       SDL_GL_BindTexture         00000001800318f4 f   SDL_render.obj
 0001:00030960       SDL_GL_UnbindTexture       0000000180031960 f   SDL_render.obj
 0001:00032400       SDL_SW_CreateYUVTexture    0000000180033400 f   SDL_yuv_sw.obj
 0001:000325f8       SDL_SW_UpdateYUVTexture    00000001800335f8 f   SDL_yuv_sw.obj
 0001:0003289c       SDL_SW_UpdateYUVTexturePlanar 000000018003389c f   SDL_yuv_sw.obj
 0001:00032a78       SDL_SW_CopyYUVToRGB        0000000180033a78 f   SDL_yuv_sw.obj
 0001:00032db4       SDL_SW_DestroyYUVTexture   0000000180033db4 f   SDL_yuv_sw.obj
 0001:00032e00       SDL_setenv                 0000000180033e00 f   SDL_getenv.obj
 0001:00032e5c       SDL_getenv                 0000000180033e5c f   SDL_getenv.obj
 0001:00032fb0       SDL_iconv_open             0000000180033fb0 f   SDL_iconv.obj
 0001:00033090       SDL_iconv                  0000000180034090 f   SDL_iconv.obj
 0001:00033a64       SDL_iconv_close            0000000180034a64 f   SDL_iconv.obj
 0001:00033a7c       SDL_iconv_string           0000000180034a7c f   SDL_iconv.obj
 0001:00033bdc       SDL_malloc                 0000000180034bdc f   SDL_malloc.obj
 0001:00033be4       SDL_calloc                 0000000180034be4 f   SDL_malloc.obj
 0001:00033bec       SDL_realloc                0000000180034bec f   SDL_malloc.obj
 0001:00033bf4       SDL_qsort                  0000000180034bf4 f   SDL_qsort.obj
 0001:00033bfc       SDL_atan                   0000000180034bfc f   SDL_stdlib.obj
 0001:00033c04       SDL_atan2                  0000000180034c04 f   SDL_stdlib.obj
 0001:00033c0c       SDL_ceil                   0000000180034c0c f   SDL_stdlib.obj
 0001:00033c14       SDL_copysign               0000000180034c14 f   SDL_stdlib.obj
 0001:00033c54       SDL_cos                    0000000180034c54 f   SDL_stdlib.obj
 0001:00033c5c       SDL_cosf                   0000000180034c5c f   SDL_stdlib.obj
 0001:00033c64       SDL_fabs                   0000000180034c64 f   SDL_stdlib.obj
 0001:00033c70       SDL_floor                  0000000180034c70 f   SDL_stdlib.obj
 0001:00033c78       SDL_log                    0000000180034c78 f   SDL_stdlib.obj
 0001:00033c80       SDL_pow                    0000000180034c80 f   SDL_stdlib.obj
 0001:00033c88       SDL_scalbn                 0000000180034c88 f   SDL_stdlib.obj
 0001:00033c90       SDL_sin                    0000000180034c90 f   SDL_stdlib.obj
 0001:00033c98       SDL_sinf                   0000000180034c98 f   SDL_stdlib.obj
 0001:00033ca0       SDL_sqrt                   0000000180034ca0 f   SDL_stdlib.obj
 0001:00033ca8       SDL_abs                    0000000180034ca8 f   SDL_stdlib.obj
 0001:00033cb0       SDL_isdigit                0000000180034cb0 f   SDL_stdlib.obj
 0001:00033cb8       SDL_isspace                0000000180034cb8 f   SDL_stdlib.obj
 0001:00033cc0       SDL_toupper                0000000180034cc0 f   SDL_stdlib.obj
 0001:00033cc8       SDL_tolower                0000000180034cc8 f   SDL_stdlib.obj
 0001:000340c0       SDL_memset                 00000001800350c0 f   SDL_string.obj
 0001:000340d8       SDL_memcpy                 00000001800350d8 f   SDL_string.obj
 0001:000340f0       SDL_memmove                00000001800350f0 f   SDL_string.obj
 0001:000340f8       SDL_memcmp                 00000001800350f8 f   SDL_string.obj
 0001:00034100       SDL_strlen                 0000000180035100 f   SDL_string.obj
 0001:00034120       SDL_wcslen                 0000000180035120 f   SDL_string.obj
 0001:00034138       SDL_wcslcpy                0000000180035138 f   SDL_string.obj
 0001:000341a4       SDL_wcslcat                00000001800351a4 f   SDL_string.obj
 0001:00034204       SDL_strlcpy                0000000180035204 f   SDL_string.obj
 0001:0003425c       SDL_utf8strlcpy            000000018003525c f   SDL_string.obj
 0001:00034318       SDL_strlcat                0000000180035318 f   SDL_string.obj
 0001:0003436c       SDL_strdup                 000000018003536c f   SDL_string.obj
 0001:000343c0       SDL_strrev                 00000001800353c0 f   SDL_string.obj
 0001:000343c8       SDL_strupr                 00000001800353c8 f   SDL_string.obj
 0001:000343d0       SDL_strlwr                 00000001800353d0 f   SDL_string.obj
 0001:000343d8       SDL_strchr                 00000001800353d8 f   SDL_string.obj
 0001:000343e0       SDL_strrchr                00000001800353e0 f   SDL_string.obj
 0001:000343e8       SDL_strstr                 00000001800353e8 f   SDL_string.obj
 0001:000343f0       SDL_ltoa                   00000001800353f0 f   SDL_string.obj
 0001:000343f0       SDL_itoa                   00000001800353f0 f   SDL_string.obj
 0001:000343f8       SDL_ultoa                  00000001800353f8 f   SDL_string.obj
 0001:000343f8       SDL_uitoa                  00000001800353f8 f   SDL_string.obj
 0001:00034400       SDL_lltoa                  0000000180035400 f   SDL_string.obj
 0001:00034470       SDL_ulltoa                 0000000180035470 f   SDL_string.obj
 0001:000344c4       SDL_atoi                   00000001800354c4 f   SDL_string.obj
 0001:000344cc       SDL_atof                   00000001800354cc f   SDL_string.obj
 0001:000344d4       SDL_strtol                 00000001800354d4 f   SDL_string.obj
 0001:000344dc       SDL_strtoul                00000001800354dc f   SDL_string.obj
 0001:000344e4       SDL_strtoll                00000001800354e4 f   SDL_string.obj
 0001:00034568       SDL_strtoull               0000000180035568 f   SDL_string.obj
 0001:000345ec       SDL_strtod                 00000001800355ec f   SDL_string.obj
 0001:000345f4       SDL_strcmp                 00000001800355f4 f   SDL_string.obj
 0001:00034610       SDL_strncmp                0000000180035610 f   SDL_string.obj
 0001:00034618       SDL_strcasecmp             0000000180035618 f   SDL_string.obj
 0001:00034620       SDL_strncasecmp            0000000180035620 f   SDL_string.obj
 0001:00034628       SDL_sscanf                 0000000180035628 f   SDL_string.obj
 0001:00034b18       SDL_snprintf               0000000180035b18 f   SDL_string.obj
 0001:00034ef4       SDL_vsnprintf              0000000180035ef4 f   SDL_string.obj
 0001:000352f8       SDL_TLSCreate              00000001800362f8 f   SDL_thread.obj
 0001:00035308       SDL_TLSGet                 0000000180036308 f   SDL_thread.obj
 0001:0003533c       SDL_TLSSet                 000000018003633c f   SDL_thread.obj
 0001:00035420       SDL_Generic_GetTLSData     0000000180036420 f   SDL_thread.obj
 0001:000354b8       SDL_Generic_SetTLSData     00000001800364b8 f   SDL_thread.obj
 0001:0003558c       SDL_GetErrBuf              000000018003658c f   SDL_thread.obj
 0001:00035674       SDL_RunThread              0000000180036674 f   SDL_thread.obj
 0001:00035714       SDL_CreateThread           0000000180036714 f   SDL_thread.obj
 0001:00035878       SDL_GetThreadID            0000000180036878 f   SDL_thread.obj
 0001:00035890       SDL_GetThreadName          0000000180036890 f   SDL_thread.obj
 0001:000358a0       SDL_SetThreadPriority      00000001800368a0 f   SDL_thread.obj
 0001:000358a8       SDL_WaitThread             00000001800368a8 f   SDL_thread.obj
 0001:00035ab4       SDL_TimerInit              0000000180036ab4 f   SDL_timer.obj
 0001:00035b44       SDL_TimerQuit              0000000180036b44 f   SDL_timer.obj
 0001:00035c28       SDL_AddTimer               0000000180036c28 f   SDL_timer.obj
 0001:00035da0       SDL_RemoveTimer            0000000180036da0 f   SDL_timer.obj
 0001:000360fc       SDL_CalculateBlit          00000001800370fc f   SDL_blit.obj
 0001:0003f61c       SDL_CalculateBlitA         000000018004061c f   SDL_blit_A.obj
 0001:0004de58       SDL_BlitCopy               000000018004ee58 f   SDL_blit_copy.obj
 0001:00055aa0       SDL_CalculateBlitN         0000000180056aa0 f   SDL_blit_N.obj
 0001:00055d18       SDL_Blit_Slow              0000000180056d18 f   SDL_blit_slow.obj
 0001:00056630       SDL_LoadBMP_RW             0000000180057630 f   SDL_bmp.obj
 0001:00056cb0       SDL_SaveBMP_RW             0000000180057cb0 f   SDL_bmp.obj
 0001:00057244       SDL_SetClipboardText       0000000180058244 f   SDL_clipboard.obj
 0001:000572a4       SDL_GetClipboardText       00000001800582a4 f   SDL_clipboard.obj
 0001:000572e4       SDL_HasClipboardText       00000001800582e4 f   SDL_clipboard.obj
 0001:00057790       SDL_FillRect               0000000180058790 f   SDL_fillrect.obj
 0001:000579a0       SDL_FillRects              00000001800589a0 f   SDL_fillrect.obj
 0001:00057a18       SDL_GetPixelFormatName     0000000180058a18 f   SDL_pixels.obj
 0001:00057c80       SDL_PixelFormatEnumToMasks 0000000180058c80 f   SDL_pixels.obj
 0001:00057f10       SDL_MasksToPixelFormatEnum 0000000180058f10 f   SDL_pixels.obj
 0001:00058304       SDL_AllocFormat            0000000180059304 f   SDL_pixels.obj
 0001:000583c0       SDL_InitFormat             00000001800593c0 f   SDL_pixels.obj
 0001:00058520       SDL_FreeFormat             0000000180059520 f   SDL_pixels.obj
 0001:000585ac       SDL_AllocPalette           00000001800595ac f   SDL_pixels.obj
 0001:00058654       SDL_SetPixelFormatPalette  0000000180059654 f   SDL_pixels.obj
 0001:000586c0       SDL_SetPaletteColors       00000001800596c0 f   SDL_pixels.obj
 0001:00058720       SDL_FreePalette            0000000180059720 f   SDL_pixels.obj
 0001:00058768       SDL_FindColor              0000000180059768 f   SDL_pixels.obj
 0001:00058818       SDL_MapRGB                 0000000180059818 f   SDL_pixels.obj
 0001:00058874       SDL_MapRGBA                0000000180059874 f   SDL_pixels.obj
 0001:000588ec       SDL_GetRGB                 00000001800598ec f   SDL_pixels.obj
 0001:000589b8       SDL_GetRGBA                00000001800599b8 f   SDL_pixels.obj
 0001:00058e00       SDL_InvalidateMap          0000000180059e00 f   SDL_pixels.obj
 0001:00058e48       SDL_MapSurface             0000000180059e48 f   SDL_pixels.obj
 0001:0005908c       SDL_CalculateGammaRamp     000000018005a08c f   SDL_pixels.obj
 0001:0005917c       SDL_HasIntersection        000000018005a17c f   SDL_rect.obj
 0001:00059228       SDL_IntersectRect          000000018005a228 f   SDL_rect.obj
 0001:00059310       SDL_UnionRect              000000018005a310 f   SDL_rect.obj
 0001:000593ec       SDL_EnclosePoints          000000018005a3ec f   SDL_rect.obj
 0001:000595c0       SDL_IntersectRectAndLine   000000018005a5c0 f   SDL_rect.obj
 0001:000598fc       SDL_GetSpanEnclosingRect   000000018005a8fc f   SDL_rect.obj
 0001:0005ae88       SDL_RLEBlit                000000018005be88 f   SDL_RLEaccel.obj
 0001:0005c46c       SDL_RLEAlphaBlit           000000018005d46c f   SDL_RLEaccel.obj
 0001:0005d984       SDL_RLESurface             000000018005e984 f   SDL_RLEaccel.obj
 0001:0005dbec       SDL_UnRLESurface           000000018005ebec f   SDL_RLEaccel.obj
 0001:0005dca8       SDL_CreateShapedWindow     000000018005eca8 f   SDL_shape.obj
 0001:0005dd50       SDL_IsShapedWindow         000000018005ed50 f   SDL_shape.obj
 0001:0005e0ac       SDL_CalculateShapeTree     000000018005f0ac f   SDL_shape.obj
 0001:0005e120       SDL_TraverseShapeTree      000000018005f120 f   SDL_shape.obj
 0001:0005e190       SDL_FreeShapeTree          000000018005f190 f   SDL_shape.obj
 0001:0005e1e4       SDL_SetWindowShape         000000018005f1e4 f   SDL_shape.obj
 0001:0005e294       SDL_GetShapedWindowMode    000000018005f294 f   SDL_shape.obj
 0001:0005e2d8       SDL_SoftStretch            000000018005f2d8 f   SDL_stretch.obj
 0001:0005e700       SDL_CreateRGBSurface       000000018005f700 f   SDL_surface.obj
 0001:0005e928       SDL_CreateRGBSurfaceFrom   000000018005f928 f   SDL_surface.obj
 0001:0005e9b8       SDL_SetSurfacePalette      000000018005f9b8 f   SDL_surface.obj
 0001:0005e9e0       SDL_SetSurfaceRLE          000000018005f9e0 f   SDL_surface.obj
 0001:0005ea20       SDL_SetColorKey            000000018005fa20 f   SDL_surface.obj
 0001:0005eb44       SDL_GetColorKey            000000018005fb44 f   SDL_surface.obj
 0001:0005ec8c       SDL_SetSurfaceColorMod     000000018005fc8c f   SDL_surface.obj
 0001:0005ecf4       SDL_GetSurfaceColorMod     000000018005fcf4 f   SDL_surface.obj
 0001:0005ed30       SDL_SetSurfaceAlphaMod     000000018005fd30 f   SDL_surface.obj
 0001:0005ed74       SDL_GetSurfaceAlphaMod     000000018005fd74 f   SDL_surface.obj
 0001:0005ed90       SDL_SetSurfaceBlendMode    000000018005fd90 f   SDL_surface.obj
 0001:0005ee1c       SDL_GetSurfaceBlendMode    000000018005fe1c f   SDL_surface.obj
 0001:0005ee64       SDL_SetClipRect            000000018005fe64 f   SDL_surface.obj
 0001:0005eeb8       SDL_GetClipRect            000000018005feb8 f   SDL_surface.obj
 0001:0005eecc       SDL_LowerBlit              000000018005fecc f   SDL_surface.obj
 0001:0005ef60       SDL_UpperBlit              000000018005ff60 f   SDL_surface.obj
 0001:0005f104       SDL_UpperBlitScaled        0000000180060104 f   SDL_surface.obj
 0001:0005f280       SDL_LowerBlitScaled        0000000180060280 f   SDL_surface.obj
 0001:0005f3e4       SDL_LockSurface            00000001800603e4 f   SDL_surface.obj
 0001:0005f410       SDL_UnlockSurface          0000000180060410 f   SDL_surface.obj
 0001:0005f43c       SDL_ConvertSurface         000000018006043c f   SDL_surface.obj
 0001:0005f73c       SDL_ConvertSurfaceFormat   000000018006073c f   SDL_surface.obj
 0001:0005f88c       SDL_ConvertPixels          000000018006088c f   SDL_surface.obj
 0001:0005fa54       SDL_FreeSurface            0000000180060a54 f   SDL_surface.obj
 0001:0005ff60       SDL_GetNumVideoDrivers     0000000180060f60 f   SDL_video.obj
 0001:0005ff68       SDL_GetVideoDriver         0000000180060f68 f   SDL_video.obj
 0001:0005ff84       SDL_VideoInit              0000000180060f84 f   SDL_video.obj
 0001:000602d0       SDL_GetCurrentVideoDriver  00000001800612d0 f   SDL_video.obj
 0001:000602f8       SDL_GetVideoDevice         00000001800612f8 f   SDL_video.obj
 0001:00060300       SDL_AddBasicVideoDisplay   0000000180061300 f   SDL_video.obj
 0001:00060370       SDL_AddVideoDisplay        0000000180061370 f   SDL_video.obj
 0001:00060448       SDL_GetNumVideoDisplays    0000000180061448 f   SDL_video.obj
 0001:00060474       SDL_GetDisplayDriverData   0000000180061474 f   SDL_video.obj
 0001:000604d4       SDL_GetDisplayName         00000001800614d4 f   SDL_video.obj
 0001:00060534       SDL_GetDisplayBounds       0000000180061534 f   SDL_video.obj
 0001:000605f0       SDL_AddDisplayMode         00000001800615f0 f   SDL_video.obj
 0001:00060704       SDL_GetNumDisplayModes     0000000180061704 f   SDL_video.obj
 0001:00060764       SDL_GetDisplayMode         0000000180061764 f   SDL_video.obj
 0001:00060830       SDL_GetDesktopDisplayMode  0000000180061830 f   SDL_video.obj
 0001:000608ac       SDL_GetCurrentDisplayMode  00000001800618ac f   SDL_video.obj
 0001:00060aa8       SDL_GetClosestDisplayMode  0000000180061aa8 f   SDL_video.obj
 0001:00060c78       SDL_GetWindowDisplayIndex  0000000180061c78 f   SDL_video.obj
 0001:00060e28       SDL_GetDisplayForWindow    0000000180061e28 f   SDL_video.obj
 0001:00060e58       SDL_SetWindowDisplayMode   0000000180061e58 f   SDL_video.obj
 0001:00060ec4       SDL_GetWindowDisplayMode   0000000180061ec4 f   SDL_video.obj
 0001:00060ff8       SDL_GetWindowPixelFormat   0000000180061ff8 f   SDL_video.obj
 0001:00061290       SDL_CreateWindow           0000000180062290 f   SDL_video.obj
 0001:00061528       SDL_CreateWindowFrom       0000000180062528 f   SDL_video.obj
 0001:00061600       SDL_RecreateWindow         0000000180062600 f   SDL_video.obj
 0001:00061780       SDL_GetWindowID            0000000180062780 f   SDL_video.obj
 0001:000617c4       SDL_GetWindowFromID        00000001800627c4 f   SDL_video.obj
 0001:000617f0       SDL_GetWindowFlags         00000001800627f0 f   SDL_video.obj
 0001:00061834       SDL_SetWindowTitle         0000000180062834 f   SDL_video.obj
 0001:000618d4       SDL_GetWindowTitle         00000001800628d4 f   SDL_video.obj
 0001:00061928       SDL_SetWindowIcon          0000000180062928 f   SDL_video.obj
 0001:000619b8       SDL_SetWindowData          00000001800629b8 f   SDL_video.obj
 0001:00061b04       SDL_GetWindowData          0000000180062b04 f   SDL_video.obj
 0001:00061ba0       SDL_SetWindowPosition      0000000180062ba0 f   SDL_video.obj
 0001:00061d1c       SDL_GetWindowPosition      0000000180062d1c f   SDL_video.obj
 0001:00061d88       SDL_SetWindowBordered      0000000180062d88 f   SDL_video.obj
 0001:00061e10       SDL_SetWindowSize          0000000180062e10 f   SDL_video.obj
 0001:00061ed0       SDL_GetWindowSize          0000000180062ed0 f   SDL_video.obj
 0001:00061f24       SDL_SetWindowMinimumSize   0000000180062f24 f   SDL_video.obj
 0001:00061fc8       SDL_GetWindowMinimumSize   0000000180062fc8 f   SDL_video.obj
 0001:0006201c       SDL_SetWindowMaximumSize   000000018006301c f   SDL_video.obj
 0001:000620c0       SDL_GetWindowMaximumSize   00000001800630c0 f   SDL_video.obj
 0001:00062114       SDL_ShowWindow             0000000180063114 f   SDL_video.obj
 0001:0006217c       SDL_HideWindow             000000018006317c f   SDL_video.obj
 0001:000621f0       SDL_RaiseWindow            00000001800631f0 f   SDL_video.obj
 0001:00062248       SDL_MaximizeWindow         0000000180063248 f   SDL_video.obj
 0001:000622a0       SDL_MinimizeWindow         00000001800632a0 f   SDL_video.obj
 0001:00062308       SDL_RestoreWindow          0000000180063308 f   SDL_video.obj
 0001:00062360       SDL_SetWindowFullscreen    0000000180063360 f   SDL_video.obj
 0001:000624b4       SDL_GetWindowSurface       00000001800634b4 f   SDL_video.obj
 0001:00062544       SDL_UpdateWindowSurface    0000000180063544 f   SDL_video.obj
 0001:000625ac       SDL_UpdateWindowSurfaceRects 00000001800635ac f   SDL_video.obj
 0001:00062618       SDL_SetWindowBrightness    0000000180063618 f   SDL_video.obj
 0001:000626a4       SDL_GetWindowBrightness    00000001800636a4 f   SDL_video.obj
 0001:000626f0       SDL_SetWindowGammaRamp     00000001800636f0 f   SDL_video.obj
 0001:00062810       SDL_GetWindowGammaRamp     0000000180063810 f   SDL_video.obj
 0001:00062998       SDL_UpdateWindowGrab       0000000180063998 f   SDL_video.obj
 0001:000629d4       SDL_SetWindowGrab          00000001800639d4 f   SDL_video.obj
 0001:00062a48       SDL_GetWindowGrab          0000000180063a48 f   SDL_video.obj
 0001:00062a90       SDL_OnWindowResized        0000000180063a90 f   SDL_video.obj
 0001:00062aa8       SDL_DestroyWindow          0000000180063aa8 f   SDL_video.obj
 0001:00062c54       SDL_IsScreenSaverEnabled   0000000180063c54 f   SDL_video.obj
 0001:00062c74       SDL_EnableScreenSaver      0000000180063c74 f   SDL_video.obj
 0001:00062ca8       SDL_DisableScreenSaver     0000000180063ca8 f   SDL_video.obj
 0001:00062ce0       SDL_VideoQuit              0000000180063ce0 f   SDL_video.obj
 0001:00062edc       SDL_GL_LoadLibrary         0000000180063edc f   SDL_video.obj
 0001:00062f90       SDL_GL_GetProcAddress      0000000180063f90 f   SDL_video.obj
 0001:00062ff0       SDL_GL_UnloadLibrary       0000000180063ff0 f   SDL_video.obj
 0001:00063038       SDL_GL_ExtensionSupported  0000000180064038 f   SDL_video.obj
 0001:0006318c       SDL_GL_SetAttribute        000000018006418c f   SDL_video.obj
 0001:000633a8       SDL_GL_GetAttribute        00000001800643a8 f   SDL_video.obj
 0001:0006366c       SDL_GL_CreateContext       000000018006466c f   SDL_video.obj
 0001:00063720       SDL_GL_MakeCurrent         0000000180064720 f   SDL_video.obj
 0001:00063808       SDL_GL_GetCurrentWindow    0000000180064808 f   SDL_video.obj
 0001:00063838       SDL_GL_GetCurrentContext   0000000180064838 f   SDL_video.obj
 0001:00063868       SDL_GL_GetDrawableSize     0000000180064868 f   SDL_video.obj
 0001:000638c8       SDL_GL_SetSwapInterval     00000001800648c8 f   SDL_video.obj
 0001:00063924       SDL_GL_GetSwapInterval     0000000180064924 f   SDL_video.obj
 0001:0006395c       SDL_GL_SwapWindow          000000018006495c f   SDL_video.obj
 0001:000639d4       SDL_GL_DeleteContext       00000001800649d4 f   SDL_video.obj
 0001:00063a18       SDL_GetWindowWMInfo        0000000180064a18 f   SDL_video.obj
 0001:00063a78       SDL_StartTextInput         0000000180064a78 f   SDL_video.obj
 0001:00063af4       SDL_IsTextInputActive      0000000180064af4 f   SDL_video.obj
 0001:00063b14       SDL_StopTextInput          0000000180064b14 f   SDL_video.obj
 0001:00063b8c       SDL_SetTextInputRect       0000000180064b8c f   SDL_video.obj
 0001:00063bb4       SDL_HasScreenKeyboardSupport 0000000180064bb4 f   SDL_video.obj
 0001:00063bdc       SDL_IsScreenKeyboardShown  0000000180064bdc f   SDL_video.obj
 0001:00063c0c       SDL_ShowMessageBox         0000000180064c0c f   SDL_video.obj
 0001:00063d24       SDL_ShowSimpleMessageBox   0000000180064d24 f   SDL_video.obj
 0001:00063db8       SDL_ShouldAllowTopmost     0000000180064db8 f   SDL_video.obj
 0001:00064058       SDL_SetMainReady           0000000180065058 f   SDL.obj
 0001:00064064       SDL_InitSubSystem          0000000180065064 f   SDL.obj
 0001:000642e4       SDL_Init                   00000001800652e4 f   SDL.obj
 0001:000642ec       SDL_QuitSubSystem          00000001800652ec f   SDL.obj
 0001:000644e0       SDL_WasInit                00000001800654e0 f   SDL.obj
 0001:00064640       SDL_Quit                   0000000180065640 f   SDL.obj
 0001:00064754       SDL_GetVersion             0000000180065754 f   SDL.obj
 0001:00064760       SDL_GetRevision            0000000180065760 f   SDL.obj
 0001:00064768       SDL_GetRevisionNumber      0000000180065768 f   SDL.obj
 0001:00064770       SDL_GetPlatform            0000000180065770 f   SDL.obj
 0001:00064b40       SDL_ReportAssertion        0000000180065b40 f   SDL_assert.obj
 0001:00064c94       SDL_SetAssertionHandler    0000000180065c94 f   SDL_assert.obj
 0001:00064cc0       SDL_GetAssertionReport     0000000180065cc0 f   SDL_assert.obj
 0001:00064cc8       SDL_ResetAssertionReport   0000000180065cc8 f   SDL_assert.obj
 0001:00064cf4       SDL_SetError               0000000180065cf4 f   SDL_error.obj
 0001:00064e80       SDL_GetError               0000000180065e80 f   SDL_error.obj
 0001:00065008       SDL_ClearError             0000000180066008 f   SDL_error.obj
 0001:0006501c       SDL_Error                  000000018006601c f   SDL_error.obj
 0001:00065070       SDL_SetHintWithPriority    0000000180066070 f   SDL_hints.obj
 0001:000651c0       SDL_SetHint                00000001800661c0 f   SDL_hints.obj
 0001:000651cc       SDL_GetHint                00000001800661cc f   SDL_hints.obj
 0001:0006522c       SDL_AddHintCallback        000000018006622c f   SDL_hints.obj
 0001:00065358       SDL_DelHintCallback        0000000180066358 f   SDL_hints.obj
 0001:000653d8       SDL_ClearHints             00000001800663d8 f   SDL_hints.obj
 0001:0006544c       SDL_LogSetAllPriority      000000018006644c f   SDL_log.obj
 0001:00065474       SDL_LogSetPriority         0000000180066474 f   SDL_log.obj
 0001:000654d8       SDL_LogGetPriority         00000001800664d8 f   SDL_log.obj
 0001:0006551c       SDL_LogResetPriorities     000000018006651c f   SDL_log.obj
 0001:00065578       SDL_Log                    0000000180066578 f   SDL_log.obj
 0001:000655a8       SDL_LogVerbose             00000001800665a8 f   SDL_log.obj
 0001:000655d4       SDL_LogDebug               00000001800665d4 f   SDL_log.obj
 0001:00065600       SDL_LogInfo                0000000180066600 f   SDL_log.obj
 0001:0006562c       SDL_LogWarn                000000018006662c f   SDL_log.obj
 0001:00065658       SDL_LogError               0000000180066658 f   SDL_log.obj
 0001:00065684       SDL_LogCritical            0000000180066684 f   SDL_log.obj
 0001:000656b0       SDL_LogMessage             00000001800666b0 f   SDL_log.obj
 0001:000656d0       SDL_LogMessageV            00000001800666d0 f   SDL_log.obj
 0001:00065940       SDL_LogGetOutputFunction   0000000180066940 f   SDL_log.obj
 0001:00065960       SDL_LogSetOutputFunction   0000000180066960 f   SDL_log.obj
 0001:00067004       XAudio2Create              0000000180068004 f i SDL_xaudio2.obj
 0001:000671c8       WIN_QuitModes              00000001800681c8 f   SDL_windowsmodes.obj
 0001:000671c8       SDL_SYS_SetupThread        00000001800681c8 f   SDL_systhread.obj
 0001:000671c8       DUMMY_PumpEvents           00000001800681c8 f   SDL_nullevents.obj
 0001:000678e8       WIN_SetError               00000001800688e8 f   SDL_windows.obj
 0001:000679a0       WIN_CoInitialize           00000001800689a0 f   SDL_windows.obj
 0001:000679bc       WIN_CoUninitialize         00000001800689bc f   SDL_windows.obj
 0001:000679c4       SDL_GetBasePath            00000001800689c4 f   SDL_sysfilesystem.obj
 0001:00067a40       SDL_GetPrefPath            0000000180068a40 f   SDL_sysfilesystem.obj
 0001:00067c80       SDL_SYS_HapticName         0000000180068c80 f   SDL_syshaptic.obj
 0001:00068070       SDL_SYS_HapticMouse        0000000180069070 f   SDL_syshaptic.obj
 0001:0006809c       SDL_SYS_JoystickIsHaptic   000000018006909c f   SDL_syshaptic.obj
 0001:000680b8       SDL_SYS_JoystickSameHaptic 00000001800690b8 f   SDL_syshaptic.obj
 0001:00068160       SDL_SYS_HapticClose        0000000180069160 f   SDL_syshaptic.obj
 0001:000681e4       SDL_SYS_HapticQuit         00000001800691e4 f   SDL_syshaptic.obj
 0001:00068c94       SDL_SYS_HapticUpdateEffect 0000000180069c94 f   SDL_syshaptic.obj
 0001:00068da4       SDL_SYS_HapticRunEffect    0000000180069da4 f   SDL_syshaptic.obj
 0001:00068eb0       SDL_SYS_HapticStopEffect   0000000180069eb0 f   SDL_syshaptic.obj
 0001:00068f40       SDL_SYS_HapticDestroyEffect 0000000180069f40 f   SDL_syshaptic.obj
 0001:00068fa0       SDL_SYS_HapticGetEffectStatus 0000000180069fa0 f   SDL_syshaptic.obj
 0001:00068fe0       SDL_SYS_HapticSetGain      0000000180069fe0 f   SDL_syshaptic.obj
 0001:0006903c       SDL_SYS_HapticSetAutocenter 000000018006a03c f   SDL_syshaptic.obj
 0001:0006909c       SDL_SYS_HapticPause        000000018006a09c f   SDL_syshaptic.obj
 0001:000690d8       SDL_SYS_HapticUnpause      000000018006a0d8 f   SDL_syshaptic.obj
 0001:00069114       SDL_SYS_HapticStopAll      000000018006a114 f   SDL_syshaptic.obj
 0001:0006922c       SDL_SYS_HapticInit         000000018006a22c f   SDL_syshaptic.obj
 0001:000695e0       SDL_SYS_HapticOpen         000000018006a5e0 f   SDL_syshaptic.obj
 0001:000696e4       SDL_SYS_HapticOpenFromJoystick 000000018006a6e4 f   SDL_syshaptic.obj
 0001:00069800       SDL_SYS_HapticNewEffect    000000018006a800 f   SDL_syshaptic.obj
 0001:000699c0       WIN_UnloadXInputDLL        000000018006a9c0 f   SDL_dxjoystick.obj
 0001:00069ba8       SDL_PrivateJoystickDetectProc 000000018006aba8 f   SDL_dxjoystick.obj
 0001:00069f00       SDL_SYS_NumJoysticks       000000018006af00 f   SDL_dxjoystick.obj
 0001:0006a1d0       SDL_SYS_JoystickDetect     000000018006b1d0 f   SDL_dxjoystick.obj
 0001:0006a3f4       SDL_SYS_JoystickNeedsPolling 000000018006b3f4 f   SDL_dxjoystick.obj
 0001:0006a410       SDL_SYS_JoystickNameForDeviceIndex 000000018006b410 f   SDL_dxjoystick.obj
 0001:0006a430       SDL_SYS_GetInstanceIdOfDeviceIndex 000000018006b430 f   SDL_dxjoystick.obj
 0001:0006a450       SDL_SYS_JoystickAttached   000000018006b450 f   SDL_dxjoystick.obj
 0001:0006a79c       SDL_SYS_JoystickUpdate_XInput 000000018006b79c f   SDL_dxjoystick.obj
 0001:0006ac3c       SDL_SYS_JoystickClose      000000018006bc3c f   SDL_dxjoystick.obj
 0001:0006ac7c       SDL_SYS_JoystickQuit       000000018006bc7c f   SDL_dxjoystick.obj
 0001:0006ad7c       SDL_SYS_JoystickGetDeviceGUID 000000018006bd7c f   SDL_dxjoystick.obj
 0001:0006ada0       SDL_SYS_JoystickGetGUID    000000018006bda0 f   SDL_dxjoystick.obj
 0001:0006adb4       SDL_SYS_IsXInputDeviceIndex 000000018006bdb4 f   SDL_dxjoystick.obj
 0001:0006add4       WIN_LoadXInputDLL          000000018006bdd4 f   SDL_dxjoystick.obj
 0001:0006aecc       SDL_SYS_JoystickInit       000000018006becc f   SDL_dxjoystick.obj
 0001:0006b060       SDL_SYS_JoystickOpen       000000018006c060 f   SDL_dxjoystick.obj
 0001:0006b388       SDL_SYS_JoystickUpdate_Polled 000000018006c388 f   SDL_dxjoystick.obj
 0001:0006b538       SDL_SYS_JoystickUpdate_Buffered 000000018006c538 f   SDL_dxjoystick.obj
 0001:0006b6a8       SDL_SYS_JoystickUpdate     000000018006c6a8 f   SDL_dxjoystick.obj
 0001:0006b744       SDL_LoadObject             000000018006c744 f   SDL_sysloadso.obj
 0001:0006b7e0       SDL_LoadFunction           000000018006c7e0 f   SDL_sysloadso.obj
 0001:0006b848       SDL_UnloadObject           000000018006c848 f   SDL_sysloadso.obj
 0001:0006b85c       SDL_GetPowerInfo_Windows   000000018006c85c f   SDL_syspower.obj
 0001:0006cc78       SDL_RenderGetD3D9Device    000000018006dc78 f   SDL_render_d3d.obj
 0001:000728d4       GL_SelectShader            00000001800738d4 f   SDL_shaders_gl.obj
 0001:000728e8       GL_DestroyShaderContext    00000001800738e8 f   SDL_shaders_gl.obj
 0001:00072938       GL_CreateShaderContext     0000000180073938 f   SDL_shaders_gl.obj
 0001:000779dc       SDL_BlendFillRects         00000001800789dc f   SDL_blendfillrect.obj
 0001:00080284       SDL_BlendLines             0000000180081284 f   SDL_blendline.obj
 0001:0008176c       SDL_BlendPoint             000000018008276c f   SDL_blendpoint.obj
 0001:00081948       SDL_BlendPoints            0000000180082948 f   SDL_blendpoint.obj
 0001:0008287c       SDL_DrawLines              000000018008387c f   SDL_drawline.obj
 0001:000829f0       SDL_DrawPoint              00000001800839f0 f   SDL_drawpoint.obj
 0001:00082abc       SDL_DrawPoints             0000000180083abc f   SDL_drawpoint.obj
 0001:00083be0       SW_CreateRendererForSurface 0000000180084be0 f   SDL_render_sw.obj
 0001:00083db0       SDLgfx_rotozoomSurfaceSizeTrig 0000000180084db0 f   SDL_rotate.obj
 0001:000849a0       SDLgfx_rotateSurface       00000001800859a0 f   SDL_rotate.obj
 0001:00084cc0       SDL_CreateMutex            0000000180085cc0 f   SDL_sysmutex.obj
 0001:00084cf8       SDL_DestroyMutex           0000000180085cf8 f   SDL_sysmutex.obj
 0001:00084d1c       SDL_LockMutex              0000000180085d1c f   SDL_sysmutex.obj
 0001:00084d40       SDL_TryLockMutex           0000000180085d40 f   SDL_sysmutex.obj
 0001:00084d74       SDL_UnlockMutex            0000000180085d74 f   SDL_sysmutex.obj
 0001:00084d98       SDL_CreateSemaphore        0000000180085d98 f   SDL_syssem.obj
 0001:00084e04       SDL_DestroySemaphore       0000000180085e04 f   SDL_syssem.obj
 0001:00084e34       SDL_SemWaitTimeout         0000000180085e34 f   SDL_syssem.obj
 0001:00084e9c       SDL_SemTryWait             0000000180085e9c f   SDL_syssem.obj
 0001:00084ea4       SDL_SemWait                0000000180085ea4 f   SDL_syssem.obj
 0001:00084eac       SDL_SemValue               0000000180085eac f   SDL_syssem.obj
 0001:00084ed0       SDL_SemPost                0000000180085ed0 f   SDL_syssem.obj
 0001:00084f50       SDL_SYS_CreateThread       0000000180085f50 f   SDL_systhread.obj
 0001:00084fec       SDL_ThreadID               0000000180085fec f   SDL_systhread.obj
 0001:00084ff4       SDL_SYS_SetThreadPriority  0000000180085ff4 f   SDL_systhread.obj
 0001:00085038       SDL_SYS_WaitThread         0000000180086038 f   SDL_systhread.obj
 0001:00085060       SDL_SYS_GetTLSData         0000000180086060 f   SDL_systls.obj
 0001:000850e0       SDL_SYS_SetTLSData         00000001800860e0 f   SDL_systls.obj
 0001:0008511c       SDL_DestroyCond            000000018008611c f   SDL_syscond.obj
 0001:00085160       SDL_CondSignal             0000000180086160 f   SDL_syscond.obj
 0001:000851c0       SDL_CondBroadcast          00000001800861c0 f   SDL_syscond.obj
 0001:0008524c       SDL_CondWaitTimeout        000000018008624c f   SDL_syscond.obj
 0001:000852f8       SDL_CondWait               00000001800862f8 f   SDL_syscond.obj
 0001:00085304       SDL_CreateCond             0000000180086304 f   SDL_syscond.obj
 0001:000853e0       SDL_InitTicks              00000001800863e0 f   SDL_systimer.obj
 0001:0008547c       SDL_GetTicks               000000018008647c f   SDL_systimer.obj
 0001:000854d4       SDL_GetPerformanceCounter  00000001800864d4 f   SDL_systimer.obj
 0001:000854fc       SDL_GetPerformanceFrequency 00000001800864fc f   SDL_systimer.obj
 0001:00085524       SDL_Delay                  0000000180086524 f   SDL_systimer.obj
 0001:0008552c       SDL_DUMMY_CreateWindowFramebuffer 000000018008652c f   SDL_nullframebuffer.obj
 0001:00085628       SDL_DUMMY_UpdateWindowFramebuffer 0000000180086628 f   SDL_nullframebuffer.obj
 0001:000856d4       SDL_DUMMY_DestroyWindowFramebuffer 00000001800866d4 f   SDL_nullframebuffer.obj
 0001:00085838       WIN_SetClipboardText       0000000180086838 f   SDL_windowsclipboard.obj
 0001:000859d8       WIN_GetClipboardText       00000001800869d8 f   SDL_windowsclipboard.obj
 0001:00085aa4       WIN_HasClipboardText       0000000180086aa4 f   SDL_windowsclipboard.obj
 0001:00085acc       WIN_CheckClipboardUpdate   0000000180086acc f   SDL_windowsclipboard.obj
 0001:00085e4c       WIN_CheckWParamMouseButtons 0000000180086e4c f   SDL_windowsevents.obj
 0001:00085f5c       WIN_CheckRawMouseButtons   0000000180086f5c f   SDL_windowsevents.obj
 0001:00086130       WIN_WindowProc             0000000180087130 f   SDL_windowsevents.obj
 0001:00086fe0       WIN_PumpEvents             0000000180087fe0 f   SDL_windowsevents.obj
 0001:0008707c       SDL_RegisterApp            000000018008807c f   SDL_windowsevents.obj
 0001:000871fc       SDL_UnregisterApp          00000001800881fc f   SDL_windowsevents.obj
 0001:00087260       WIN_CreateWindowFramebuffer 0000000180088260 f   SDL_windowsframebuffer.obj
 0001:00087478       WIN_UpdateWindowFramebuffer 0000000180088478 f   SDL_windowsframebuffer.obj
 0001:000874c0       WIN_DestroyWindowFramebuffer 00000001800884c0 f   SDL_windowsframebuffer.obj
 0001:00087500       WIN_UpdateKeymap           0000000180088500 f   SDL_windowskeyboard.obj
 0001:000875b0       WIN_SetTextInputRect       00000001800885b0 f   SDL_windowskeyboard.obj
 0001:00087ee4       TSFSink_AddRef             0000000180088ee4 f   SDL_windowskeyboard.obj
 0001:00087eec       TSFSink_Release            0000000180088eec f   SDL_windowskeyboard.obj
 0001:00087f08       UIElementSink_QueryInterface 0000000180088f08 f   SDL_windowskeyboard.obj
 0001:00087f88       UILess_GetUIElement        0000000180088f88 f   SDL_windowskeyboard.obj
 0001:00087fe0       IPPASink_QueryInterface    0000000180088fe0 f   SDL_windowskeyboard.obj
 0001:00088288       WIN_InitKeyboard           0000000180089288 f   SDL_windowskeyboard.obj
 0001:0008875c       IME_HandleMessage          000000018008975c f   SDL_windowskeyboard.obj
 0001:00088bec       UIElementSink_BeginUIElement 0000000180089bec f   SDL_windowskeyboard.obj
 0001:00088cb8       UIElementSink_UpdateUIElement 0000000180089cb8 f   SDL_windowskeyboard.obj
 0001:00088d90       UIElementSink_EndUIElement 0000000180089d90 f   SDL_windowskeyboard.obj
 0001:00088e6c       IPPASink_OnActivated       0000000180089e6c f   SDL_windowskeyboard.obj
 0001:00088ef0       WIN_QuitKeyboard           0000000180089ef0 f   SDL_windowskeyboard.obj
 0001:000891a4       WIN_StartTextInput         000000018008a1a4 f   SDL_windowskeyboard.obj
 0001:00089204       WIN_StopTextInput          000000018008a204 f   SDL_windowskeyboard.obj
 0001:00089784       WIN_ShowMessageBox         000000018008a784 f   SDL_windowsmessagebox.obj
 0001:00089d84       WIN_InitModes              000000018008ad84 f   SDL_windowsmodes.obj
 0001:00089ec4       WIN_GetDisplayBounds       000000018008aec4 f   SDL_windowsmodes.obj
 0001:00089eec       WIN_GetDisplayModes        000000018008aeec f   SDL_windowsmodes.obj
 0001:00089f7c       WIN_SetDisplayMode         000000018008af7c f   SDL_windowsmodes.obj
 0001:0008a458       WIN_InitMouse              000000018008b458 f   SDL_windowsmouse.obj
 0001:0008a4e0       WIN_QuitMouse              000000018008b4e0 f   SDL_windowsmouse.obj
 0001:0008a510       WIN_GL_LoadLibrary         000000018008b510 f   SDL_windowsopengl.obj
 0001:0008a65c       WIN_GL_GetProcAddress      000000018008b65c f   SDL_windowsopengl.obj
 0001:0008a69c       WIN_GL_UnloadLibrary       000000018008b69c f   SDL_windowsopengl.obj
 0001:0008af6c       WIN_GL_MakeCurrent         000000018008bf6c f   SDL_windowsopengl.obj
 0001:0008afe0       WIN_GL_SetSwapInterval     000000018008bfe0 f   SDL_windowsopengl.obj
 0001:0008b044       WIN_GL_GetSwapInterval     000000018008c044 f   SDL_windowsopengl.obj
 0001:0008b068       WIN_GL_SwapWindow          000000018008c068 f   SDL_windowsopengl.obj
 0001:0008b07c       WIN_GL_DeleteContext       000000018008c07c f   SDL_windowsopengl.obj
 0001:0008b098       WIN_GL_SetupWindow         000000018008c098 f   SDL_windowsopengl.obj
 0001:0008b0f4       WIN_GL_CreateContext       000000018008c0f4 f   SDL_windowsopengl.obj
 0001:0008b2fc       CombineRectRegions         000000018008c2fc f   SDL_windowsshape.obj
 0001:0008b374       Win32_SetWindowShape       000000018008c374 f   SDL_windowsshape.obj
 0001:0008b434       Win32_ResizeWindowShape    000000018008c434 f   SDL_windowsshape.obj
 0001:0008b4a0       Win32_CreateShaper         000000018008c4a0 f   SDL_windowsshape.obj
 0001:0008b5ac       D3D_LoadDLL                000000018008c5ac f   SDL_windowsvideo.obj
 0001:0008b61c       SDL_Direct3D9GetAdapterIndex 000000018008c61c f   SDL_windowsvideo.obj
 0001:0008bda4       WIN_CreateWindowFrom       000000018008cda4 f   SDL_windowswindow.obj
 0001:0008be74       WIN_SetWindowTitle         000000018008ce74 f   SDL_windowswindow.obj
 0001:0008bee8       WIN_SetWindowIcon          000000018008cee8 f   SDL_windowswindow.obj
 0001:0008c074       WIN_SetWindowPosition      000000018008d074 f   SDL_windowswindow.obj
 0001:0008c080       WIN_SetWindowSize          000000018008d080 f   SDL_windowswindow.obj
 0001:0008c08c       WIN_ShowWindow             000000018008d08c f   SDL_windowswindow.obj
 0001:0008c0a4       WIN_HideWindow             000000018008d0a4 f   SDL_windowswindow.obj
 0001:0008c0b8       WIN_MaximizeWindow         000000018008d0b8 f   SDL_windowswindow.obj
 0001:0008c0d0       WIN_MinimizeWindow         000000018008d0d0 f   SDL_windowswindow.obj
 0001:0008c0e8       WIN_SetWindowBordered      000000018008d0e8 f   SDL_windowswindow.obj
 0001:0008c170       WIN_RestoreWindow          000000018008d170 f   SDL_windowswindow.obj
 0001:0008c188       WIN_SetWindowFullscreen    000000018008d188 f   SDL_windowswindow.obj
 0001:0008c300       WIN_SetWindowGammaRamp     000000018008d300 f   SDL_windowswindow.obj
 0001:0008c378       WIN_GetWindowGammaRamp     000000018008d378 f   SDL_windowswindow.obj
 0001:0008c3f0       WIN_SetWindowGrab          000000018008d3f0 f   SDL_windowswindow.obj
 0001:0008c484       WIN_DestroyWindow          000000018008d484 f   SDL_windowswindow.obj
 0001:0008c4dc       WIN_GetWindowWMInfo        000000018008d4dc f   SDL_windowswindow.obj
 0001:0008c518       SDL_HelperWindowCreate     000000018008d518 f   SDL_windowswindow.obj
 0001:0008c614       SDL_HelperWindowDestroy    000000018008d614 f   SDL_windowswindow.obj
 0001:0008c690       WIN_OnWindowEnter          000000018008d690 f   SDL_windowswindow.obj
 0001:0008c6d0       WIN_CreateWindow           000000018008d6d0 f   SDL_windowswindow.obj
 0001:0008c828       WIN_RaiseWindow            000000018008d828 f   SDL_windowswindow.obj
 0001:0008c858       ImmGetIMEFileNameA         000000018008d858 f   Imm32:IMM32.dll
 0001:0008c85e       ImmReleaseContext          000000018008d85e f   Imm32:IMM32.dll
 0001:0008c864       ImmGetContext              000000018008d864 f   Imm32:IMM32.dll
 0001:0008c86a       ImmSetCompositionStringW   000000018008d86a f   Imm32:IMM32.dll
 0001:0008c870       ImmNotifyIME               000000018008d870 f   Imm32:IMM32.dll
 0001:0008c876       ImmGetCompositionStringW   000000018008d876 f   Imm32:IMM32.dll
 0001:0008c87c       ImmGetCandidateListW       000000018008d87c f   Imm32:IMM32.dll
 0001:0008c882       ImmAssociateContext        000000018008d882 f   Imm32:IMM32.dll
 0001:0008c888       VerQueryValueA             000000018008d888 f   Version:VERSION.dll
 0001:0008c88e       GetFileVersionInfoA        000000018008d88e f   Version:VERSION.dll
 0001:0008c894       GetFileVersionInfoSizeA    000000018008d894 f   Version:VERSION.dll
 0001:0008c89a       GetSystemPowerStatus       000000018008d89a f   kernel32:KERNEL32.dll
 0001:0008c8a0       memcpy                     000000018008d8a0 f   MSVCRT:MSVCR90.dll
 0001:0008c8b0       memset                     000000018008d8b0 f   MSVCRT:MSVCR90.dll
 0001:0008c918       _CRT_INIT                  000000018008d918 f   MSVCRT:crtdll.obj
 0001:0008ccac       _DllMainCRTStartup         000000018008dcac f   MSVCRT:crtdll.obj
 0001:0008ccec       __clean_type_info_names    000000018008dcec f   MSVCRT:tncleanup.obj
 0001:0008ccf8       _onexit                    000000018008dcf8 f   MSVCRT:atonexit.obj
 0001:0008cda8       atexit                     000000018008dda8 f   MSVCRT:atonexit.obj
 0001:0008cdc0       _RTC_Initialize            000000018008ddc0 f   MSVCRT:_initsect_.obj
 0001:0008cdf8       _RTC_Terminate             000000018008ddf8 f   MSVCRT:_initsect_.obj
 0001:0008ce30       _ValidateImageBase         000000018008de30 f   MSVCRT:pesect.obj
 0001:0008ce60       _FindPESection             000000018008de60 f   MSVCRT:pesect.obj
 0001:0008ceb0       _IsNonwritableInCurrentImage 000000018008deb0 f   MSVCRT:pesect.obj
 0001:0008cef2       _initterm                  000000018008def2 f   MSVCRT:MSVCR90.dll
 0001:0008cef8       _initterm_e                000000018008def8 f   MSVCRT:MSVCR90.dll
 0001:0008cefe       _amsg_exit                 000000018008defe f   MSVCRT:MSVCR90.dll
 0001:0008cf04       __C_specific_handler       000000018008df04 f   MSVCRT:MSVCR90.dll
 0001:0008cf0a       __CppXcptFilter            000000018008df0a f   MSVCRT:MSVCR90.dll
 0001:0008cf10       DllMain                    000000018008df10 f   MSVCRT:dllmain.obj
 0001:0008cf34       __security_init_cookie     000000018008df34 f   MSVCRT:gs_support.obj
 0001:0008cfe8       __clean_type_info_names_internal 000000018008dfe8 f   MSVCRT:MSVCR90.dll
 0001:0008cfee       _unlock                    000000018008dfee f   MSVCRT:MSVCR90.dll
 0001:0008cff4       __dllonexit                000000018008dff4 f   MSVCRT:MSVCR90.dll
 0001:0008cffa       _lock                      000000018008dffa f   MSVCRT:MSVCR90.dll
 0001:0008d000       memcmp                     000000018008e000 f   MSVCRT:MSVCR90.dll
 0001:0008d006       sqrt                       000000018008e006 f   MSVCRT:MSVCR90.dll
 0001:0008d00c       sinf                       000000018008e00c f   MSVCRT:MSVCR90.dll
 0001:0008d012       sin                        000000018008e012 f   MSVCRT:MSVCR90.dll
 0001:0008d018       pow                        000000018008e018 f   MSVCRT:MSVCR90.dll
 0001:0008d01e       log                        000000018008e01e f   MSVCRT:MSVCR90.dll
 0001:0008d024       floor                      000000018008e024 f   MSVCRT:MSVCR90.dll
 0001:0008d02a       cosf                       000000018008e02a f   MSVCRT:MSVCR90.dll
 0001:0008d030       cos                        000000018008e030 f   MSVCRT:MSVCR90.dll
 0001:0008d036       ceil                       000000018008e036 f   MSVCRT:MSVCR90.dll
 0001:0008d03c       atan2                      000000018008e03c f   MSVCRT:MSVCR90.dll
 0001:0008d042       atan                       000000018008e042 f   MSVCRT:MSVCR90.dll
 0001:0008d060       __chkstk                   000000018008e060 f   MSVCRT:chkstk.obj
 0001:0008d060       _alloca_probe              000000018008e060     MSVCRT:chkstk.obj
 0002:00000000       __imp_CreateCompatibleBitmap 000000018008f000     gdi32:GDI32.dll
 0002:00000008       __imp_CreateDIBSection     000000018008f008     gdi32:GDI32.dll
 0002:00000010       __imp_CreateCompatibleDC   000000018008f010     gdi32:GDI32.dll
 0002:00000018       __imp_GetDIBits            000000018008f018     gdi32:GDI32.dll
 0002:00000020       __imp_DeleteObject         000000018008f020     gdi32:GDI32.dll
 0002:00000028       __imp_DeleteDC             000000018008f028     gdi32:GDI32.dll
 0002:00000030       __imp_BitBlt               000000018008f030     gdi32:GDI32.dll
 0002:00000038       __imp_GetDeviceGammaRamp   000000018008f038     gdi32:GDI32.dll
 0002:00000040       __imp_SetDeviceGammaRamp   000000018008f040     gdi32:GDI32.dll
 0002:00000048       __imp_CreateRectRgn        000000018008f048     gdi32:GDI32.dll
 0002:00000050       __imp_CombineRgn           000000018008f050     gdi32:GDI32.dll
 0002:00000058       __imp_SwapBuffers          000000018008f058     gdi32:GDI32.dll
 0002:00000060       __imp_ChoosePixelFormat    000000018008f060     gdi32:GDI32.dll
 0002:00000068       __imp_SetPixelFormat       000000018008f068     gdi32:GDI32.dll
 0002:00000070       __imp_DescribePixelFormat  000000018008f070     gdi32:GDI32.dll
 0002:00000078       __imp_CreateBitmap         000000018008f078     gdi32:GDI32.dll
 0002:00000080       __imp_CreateDCW            000000018008f080     gdi32:GDI32.dll
 0002:00000088       __imp_CreateFontIndirectW  000000018008f088     gdi32:GDI32.dll
 0002:00000090       __imp_GetTextMetricsW      000000018008f090     gdi32:GDI32.dll
 0002:00000098       __imp_GetDeviceCaps        000000018008f098     gdi32:GDI32.dll
 0002:000000a0       __imp_SelectObject         000000018008f0a0     gdi32:GDI32.dll
 0002:000000a8       \177GDI32_NULL_THUNK_DATA  000000018008f0a8     gdi32:GDI32.dll
 0002:000000b0       __imp_ImmReleaseContext    000000018008f0b0     Imm32:IMM32.dll
 0002:000000b8       __imp_ImmGetContext        000000018008f0b8     Imm32:IMM32.dll
 0002:000000c0       __imp_ImmSetCompositionStringW 000000018008f0c0     Imm32:IMM32.dll
 0002:000000c8       __imp_ImmNotifyIME         000000018008f0c8     Imm32:IMM32.dll
 0002:000000d0       __imp_ImmAssociateContext  000000018008f0d0     Imm32:IMM32.dll
 0002:000000d8       __imp_ImmGetCompositionStringW 000000018008f0d8     Imm32:IMM32.dll
 0002:000000e0       __imp_ImmGetCandidateListW 000000018008f0e0     Imm32:IMM32.dll
 0002:000000e8       __imp_ImmGetIMEFileNameA   000000018008f0e8     Imm32:IMM32.dll
 0002:000000f0       \177IMM32_NULL_THUNK_DATA  000000018008f0f0     Imm32:IMM32.dll
 0002:000000f8       __imp_GetTickCount         000000018008f0f8     kernel32:KERNEL32.dll
 0002:00000100       __imp_WideCharToMultiByte  000000018008f100     kernel32:KERNEL32.dll
 0002:00000108       __imp_ReleaseSemaphore     000000018008f108     kernel32:KERNEL32.dll
 0002:00000110       __imp_AttachConsole        000000018008f110     kernel32:KERNEL32.dll
 0002:00000118       __imp_GetLastError         000000018008f118     kernel32:KERNEL32.dll
 0002:00000120       __imp_GetStdHandle         000000018008f120     kernel32:KERNEL32.dll
 0002:00000128       __imp_lstrlenW             000000018008f128     kernel32:KERNEL32.dll
 0002:00000130       __imp_WriteConsoleW        000000018008f130     kernel32:KERNEL32.dll
 0002:00000138       __imp_OutputDebugStringW   000000018008f138     kernel32:KERNEL32.dll
 0002:00000140       __imp_ExitProcess          000000018008f140     kernel32:KERNEL32.dll
 0002:00000148       __imp_SetEnvironmentVariableA 000000018008f148     kernel32:KERNEL32.dll
 0002:00000150       __imp_GetEnvironmentVariableA 000000018008f150     kernel32:KERNEL32.dll
 0002:00000158       __imp_CloseHandle          000000018008f158     kernel32:KERNEL32.dll
 0002:00000160       __imp_GetFileSizeEx        000000018008f160     kernel32:KERNEL32.dll
 0002:00000168       __imp_CreateFileW          000000018008f168     kernel32:KERNEL32.dll
 0002:00000170       __imp_ReadFile             000000018008f170     kernel32:KERNEL32.dll
 0002:00000178       __imp_WriteFile            000000018008f178     kernel32:KERNEL32.dll
 0002:00000180       __imp_SetFilePointerEx     000000018008f180     kernel32:KERNEL32.dll
 0002:00000188       __imp_SetErrorMode         000000018008f188     kernel32:KERNEL32.dll
 0002:00000190       __imp_SetFilePointer       000000018008f190     kernel32:KERNEL32.dll
 0002:00000198       __imp_GetSystemInfo        000000018008f198     kernel32:KERNEL32.dll
 0002:000001a0       __imp_GlobalMemoryStatusEx 000000018008f1a0     kernel32:KERNEL32.dll
 0002:000001a8       __imp_CreateSemaphoreW     000000018008f1a8     kernel32:KERNEL32.dll
 0002:000001b0       __imp_FormatMessageW       000000018008f1b0     kernel32:KERNEL32.dll
 0002:000001b8       __imp_GetModuleFileNameW   000000018008f1b8     kernel32:KERNEL32.dll
 0002:000001c0       __imp_GetModuleHandleW     000000018008f1c0     kernel32:KERNEL32.dll
 0002:000001c8       __imp_FreeLibrary          000000018008f1c8     kernel32:KERNEL32.dll
 0002:000001d0       __imp_GetProcAddress       000000018008f1d0     kernel32:KERNEL32.dll
 0002:000001d8       __imp_LoadLibraryW         000000018008f1d8     kernel32:KERNEL32.dll
 0002:000001e0       __imp_GetSystemPowerStatus 000000018008f1e0     kernel32:KERNEL32.dll
 0002:000001e8       __imp_InitializeCriticalSectionAndSpinCount 000000018008f1e8     kernel32:KERNEL32.dll
 0002:000001f0       __imp_DeleteCriticalSection 000000018008f1f0     kernel32:KERNEL32.dll
 0002:000001f8       __imp_EnterCriticalSection 000000018008f1f8     kernel32:KERNEL32.dll
 0002:00000200       __imp_MulDiv               000000018008f200     kernel32:KERNEL32.dll
 0002:00000208       __imp_GetVersionExA        000000018008f208     kernel32:KERNEL32.dll
 0002:00000210       __imp_CompareStringA       000000018008f210     kernel32:KERNEL32.dll
 0002:00000218       __imp_GlobalAlloc          000000018008f218     kernel32:KERNEL32.dll
 0002:00000220       __imp_TryEnterCriticalSection 000000018008f220     kernel32:KERNEL32.dll
 0002:00000228       __imp_LeaveCriticalSection 000000018008f228     kernel32:KERNEL32.dll
 0002:00000230       __imp_CreateThread         000000018008f230     kernel32:KERNEL32.dll
 0002:00000238       __imp_GetCurrentThreadId   000000018008f238     kernel32:KERNEL32.dll
 0002:00000240       __imp_SetThreadPriority    000000018008f240     kernel32:KERNEL32.dll
 0002:00000248       __imp_GetCurrentThread     000000018008f248     kernel32:KERNEL32.dll
 0002:00000250       __imp_TlsGetValue          000000018008f250     kernel32:KERNEL32.dll
 0002:00000258       __imp_TlsAlloc             000000018008f258     kernel32:KERNEL32.dll
 0002:00000260       __imp_TlsSetValue          000000018008f260     kernel32:KERNEL32.dll
 0002:00000268       __imp_QueryPerformanceCounter 000000018008f268     kernel32:KERNEL32.dll
 0002:00000270       __imp_QueryPerformanceFrequency 000000018008f270     kernel32:KERNEL32.dll
 0002:00000278       __imp_Sleep                000000018008f278     kernel32:KERNEL32.dll
 0002:00000280       __imp_GlobalUnlock         000000018008f280     kernel32:KERNEL32.dll
 0002:00000288       __imp_GlobalLock           000000018008f288     kernel32:KERNEL32.dll
 0002:00000290       __imp_GetSystemTimeAsFileTime 000000018008f290     kernel32:KERNEL32.dll
 0002:00000298       __imp_GetCurrentProcessId  000000018008f298     kernel32:KERNEL32.dll
 0002:000002a0       __imp_WaitForSingleObject  000000018008f2a0     kernel32:KERNEL32.dll
 0002:000002a8       __imp_DisableThreadLibraryCalls 000000018008f2a8     kernel32:KERNEL32.dll
 0002:000002b0       \177KERNEL32_NULL_THUNK_DATA 000000018008f2b0     kernel32:KERNEL32.dll
 0002:000002b8       __imp___clean_type_info_names_internal 000000018008f2b8     MSVCRT:MSVCR90.dll
 0002:000002c0       __imp__unlock              000000018008f2c0     MSVCRT:MSVCR90.dll
 0002:000002c8       __imp___dllonexit          000000018008f2c8     MSVCRT:MSVCR90.dll
 0002:000002d0       __imp__lock                000000018008f2d0     MSVCRT:MSVCR90.dll
 0002:000002d8       __imp__onexit              000000018008f2d8     MSVCRT:MSVCR90.dll
 0002:000002e0       __imp___CppXcptFilter      000000018008f2e0     MSVCRT:MSVCR90.dll
 0002:000002e8       __imp___C_specific_handler 000000018008f2e8     MSVCRT:MSVCR90.dll
 0002:000002f0       __imp__amsg_exit           000000018008f2f0     MSVCRT:MSVCR90.dll
 0002:000002f8       __imp_memcmp               000000018008f2f8     MSVCRT:MSVCR90.dll
 0002:00000300       __imp_sqrt                 000000018008f300     MSVCRT:MSVCR90.dll
 0002:00000308       __imp_sinf                 000000018008f308     MSVCRT:MSVCR90.dll
 0002:00000310       __imp__decode_pointer      000000018008f310     MSVCRT:MSVCR90.dll
 0002:00000318       __imp__encoded_null        000000018008f318     MSVCRT:MSVCR90.dll
 0002:00000320       __imp__initterm_e          000000018008f320     MSVCRT:MSVCR90.dll
 0002:00000328       __imp__initterm            000000018008f328     MSVCRT:MSVCR90.dll
 0002:00000330       __imp__malloc_crt          000000018008f330     MSVCRT:MSVCR90.dll
 0002:00000338       __imp__encode_pointer      000000018008f338     MSVCRT:MSVCR90.dll
 0002:00000340       __imp_memset               000000018008f340     MSVCRT:MSVCR90.dll
 0002:00000348       __imp__endthreadex         000000018008f348     MSVCRT:MSVCR90.dll
[...]
 0001:00089250       MessageBoxDialogProc       000000018008a250 f   SDL_windowsmessagebox.obj
 0001:0008927c       ExpandDialogSpace          000000018008a27c f   SDL_windowsmessagebox.obj
 0001:000892f0       AddDialogData              000000018008a2f0 f   SDL_windowsmessagebox.obj
 0001:00089340       AddDialogString            000000018008a340 f   SDL_windowsmessagebox.obj
 0001:000893dc       Vec2ToDLU                  000000018008a3dc f   SDL_windowsmessagebox.obj
 0001:00089428       AddDialogControl           000000018008a428 f   SDL_windowsmessagebox.obj
 0001:00089564       CreateDialogData           000000018008a564 f   SDL_windowsmessagebox.obj
 0001:00089a18       WIN_GetDisplayMode         000000018008aa18 f   SDL_windowsmodes.obj
 0001:00089c60       WIN_AddDisplay             000000018008ac60 f   SDL_windowsmodes.obj
 0001:0008a014       WIN_CreateCursor           000000018008b014 f   SDL_windowsmouse.obj
 0001:0008a208       WIN_CreateSystemCursor     000000018008b208 f   SDL_windowsmouse.obj
 0001:0008a2e0       WIN_FreeCursor             000000018008b2e0 f   SDL_windowsmouse.obj
 0001:0008a300       WIN_ShowCursor             000000018008b300 f   SDL_windowsmouse.obj
 0001:0008a33c       WIN_WarpMouse              000000018008b33c f   SDL_windowsmouse.obj
 0001:0008a374       WIN_SetRelativeMouseMode   000000018008b374 f   SDL_windowsmouse.obj
 0001:0008a6d4       WIN_GL_SetupPixelFormat    000000018008b6d4 f   SDL_windowsopengl.obj
 0001:0008a7cc       WIN_GL_ChoosePixelFormat   000000018008b7cc f   SDL_windowsopengl.obj
 0001:0008a9d4       HasExtension               000000018008b9d4 f   SDL_windowsopengl.obj
 0001:0008aa54       WIN_GL_InitExtensions      000000018008ba54 f   SDL_windowsopengl.obj
 0001:0008ab8c       WIN_GL_ChoosePixelFormatARB 000000018008bb8c f   SDL_windowsopengl.obj
 0001:0008ad00       WIN_GL_SetupWindowInternal 000000018008bd00 f   SDL_windowsopengl.obj
 0001:0008b508       WIN_Available              000000018008c508 f   SDL_windowsvideo.obj
 0001:0008b510       WIN_DeleteDevice           000000018008c510 f   SDL_windowsvideo.obj
 0001:0008b558       WIN_VideoInit              000000018008c558 f   SDL_windowsvideo.obj
 0001:0008b588       WIN_VideoQuit              000000018008c588 f   SDL_windowsvideo.obj
 0001:0008b728       WIN_CreateDevice           000000018008c728 f   SDL_windowsvideo.obj
 0001:0008ba68       WIN_SetWindowPositionInternal 000000018008ca68 f   SDL_windowswindow.obj
 0001:0008bb60       SetupWindowData            000000018008cb60 f   SDL_windowswindow.obj
 0001:0008c8b8       pre_c_init                 000000018008d8b8 f   MSVCRT:crtdll.obj
 0001:0008cb74       __DllMainCRTStartup        000000018008db74 f   MSVCRT:crtdll.obj
 0001:0008d0b0       __DllMainCRTStartup$filt$0 000000018008e0b0 f   MSVCRT:crtdll.obj
 0001:0008d0e0       __DllMainCRTStartup$fin$1  000000018008e0e0 f   MSVCRT:crtdll.obj
 0001:0008d0f9       _onexit$fin$0              000000018008e0f9 f   MSVCRT:atonexit.obj
 0001:0008d120       _IsNonwritableInCurrentImage$filt$0 000000018008e120 f   MSVCRT:pesect.obj

 Exports

  ordinal    name

        1    SDL_AddEventWatch
        2    SDL_AddHintCallback
        3    SDL_AddTimer
        4    SDL_AllocFormat
        5    SDL_AllocPalette
        6    SDL_AllocRW
        7    SDL_AtomicCAS
        8    SDL_AtomicCASPtr
        9    SDL_AtomicLock
       10    SDL_AtomicTryLock
       11    SDL_AtomicUnlock
       12    SDL_AudioInit
       13    SDL_AudioQuit
       14    SDL_BuildAudioCVT
       15    SDL_CalculateGammaRamp
       16    SDL_ClearError
       17    SDL_ClearHints
       18    SDL_CloseAudio
       19    SDL_CloseAudioDevice
       20    SDL_CondBroadcast
       21    SDL_CondSignal
       22    SDL_CondWait
       23    SDL_CondWaitTimeout
       24    SDL_ConvertAudio
       25    SDL_ConvertPixels
       26    SDL_ConvertSurface
       27    SDL_ConvertSurfaceFormat
       28    SDL_CreateColorCursor
       29    SDL_CreateCond
       30    SDL_CreateCursor
       31    SDL_CreateMutex
       32    SDL_CreateRGBSurface
       33    SDL_CreateRGBSurfaceFrom
       34    SDL_CreateRenderer
       35    SDL_CreateSemaphore
       36    SDL_CreateShapedWindow
       37    SDL_CreateSoftwareRenderer
       38    SDL_CreateSystemCursor
       39    SDL_CreateTexture
       40    SDL_CreateTextureFromSurface
       41    SDL_CreateThread
       42    SDL_CreateWindow
       43    SDL_CreateWindowAndRenderer
       44    SDL_CreateWindowFrom
       45    SDL_DelEventWatch
       46    SDL_DelHintCallback
       47    SDL_Delay
       48    SDL_DestroyCond
       49    SDL_DestroyMutex
       50    SDL_DestroyRenderer
       51    SDL_DestroySemaphore
       52    SDL_DestroyTexture
       53    SDL_DestroyWindow
       54    SDL_Direct3D9GetAdapterIndex
       55    SDL_DisableScreenSaver
       56    SDL_EnableScreenSaver
       57    SDL_EnclosePoints
       58    SDL_Error
       59    SDL_EventState
       60    SDL_FillRect
       61    SDL_FillRects
       62    SDL_FilterEvents
       63    SDL_FlushEvent
       64    SDL_FlushEvents
       65    SDL_FreeCursor
       66    SDL_FreeFormat
       67    SDL_FreePalette
       68    SDL_FreeRW
       69    SDL_FreeSurface
       70    SDL_FreeWAV
       71    SDL_GL_BindTexture
       72    SDL_GL_CreateContext
       73    SDL_GL_DeleteContext
       74    SDL_GL_ExtensionSupported
       75    SDL_GL_GetAttribute
       76    SDL_GL_GetCurrentContext
       77    SDL_GL_GetCurrentWindow
       78    SDL_GL_GetDrawableSize
       79    SDL_GL_GetProcAddress
       80    SDL_GL_GetSwapInterval
       81    SDL_GL_LoadLibrary
       82    SDL_GL_MakeCurrent
       83    SDL_GL_SetAttribute
       84    SDL_GL_SetSwapInterval
       85    SDL_GL_SwapWindow
       86    SDL_GL_UnbindTexture
       87    SDL_GL_UnloadLibrary
       88    SDL_GameControllerAddMapping
       89    SDL_GameControllerClose
       90    SDL_GameControllerEventState
       91    SDL_GameControllerGetAttached
       92    SDL_GameControllerGetAxis
       93    SDL_GameControllerGetAxisFromString
       94    SDL_GameControllerGetBindForAxis
       95    SDL_GameControllerGetBindForButton
       96    SDL_GameControllerGetButton
       97    SDL_GameControllerGetButtonFromString
       98    SDL_GameControllerGetJoystick
       99    SDL_GameControllerGetStringForAxis
      100    SDL_GameControllerGetStringForButton
      101    SDL_GameControllerMapping
      102    SDL_GameControllerMappingForGUID
      103    SDL_GameControllerName
      104    SDL_GameControllerNameForIndex
      105    SDL_GameControllerOpen
      106    SDL_GameControllerUpdate
      107    SDL_GetAssertionReport
      108    SDL_GetAudioDeviceName
      109    SDL_GetAudioDeviceStatus
      110    SDL_GetAudioDriver
      111    SDL_GetAudioStatus
      112    SDL_GetBasePath
      113    SDL_GetCPUCacheLineSize
      114    SDL_GetCPUCount
      115    SDL_GetClipRect
      116    SDL_GetClipboardText
      117    SDL_GetClosestDisplayMode
      118    SDL_GetColorKey
      119    SDL_GetCurrentAudioDriver
      120    SDL_GetCurrentDisplayMode
      121    SDL_GetCurrentVideoDriver
      122    SDL_GetCursor
      123    SDL_GetDefaultCursor
      124    SDL_GetDesktopDisplayMode
      125    SDL_GetDisplayBounds
      126    SDL_GetDisplayMode
      127    SDL_GetDisplayName
      128    SDL_GetError
      129    SDL_GetEventFilter
      130    SDL_GetHint
      131    SDL_GetKeyFromName
      132    SDL_GetKeyFromScancode
      133    SDL_GetKeyName
      134    SDL_GetKeyboardFocus
      135    SDL_GetKeyboardState
      136    SDL_GetModState
      137    SDL_GetMouseFocus
      138    SDL_GetMouseState
      139    SDL_GetNumAudioDevices
      140    SDL_GetNumAudioDrivers
      141    SDL_GetNumDisplayModes
      142    SDL_GetNumRenderDrivers
      143    SDL_GetNumTouchDevices
      144    SDL_GetNumTouchFingers
      145    SDL_GetNumVideoDisplays
      146    SDL_GetNumVideoDrivers
      147    SDL_GetPerformanceCounter
      148    SDL_GetPerformanceFrequency
      149    SDL_GetPixelFormatName
      150    SDL_GetPlatform
      151    SDL_GetPowerInfo
      152    SDL_GetPrefPath
      153    SDL_GetRGB
      154    SDL_GetRGBA
      155    SDL_GetRelativeMouseMode
      156    SDL_GetRelativeMouseState
      157    SDL_GetRenderDrawBlendMode
      158    SDL_GetRenderDrawColor
      159    SDL_GetRenderDriverInfo
      160    SDL_GetRenderTarget
      161    SDL_GetRenderer
      162    SDL_GetRendererInfo
      163    SDL_GetRendererOutputSize
      164    SDL_GetRevision
      165    SDL_GetRevisionNumber
      166    SDL_GetScancodeFromKey
      167    SDL_GetScancodeFromName
      168    SDL_GetScancodeName
      169    SDL_GetShapedWindowMode
      170    SDL_GetSurfaceAlphaMod
      171    SDL_GetSurfaceBlendMode
      172    SDL_GetSurfaceColorMod
      173    SDL_GetSystemRAM
      174    SDL_GetTextureAlphaMod
      175    SDL_GetTextureBlendMode
      176    SDL_GetTextureColorMod
      177    SDL_GetThreadID
      178    SDL_GetThreadName
      179    SDL_GetTicks
      180    SDL_GetTouchDevice
      181    SDL_GetTouchFinger
      182    SDL_GetVersion
      183    SDL_GetVideoDriver
      184    SDL_GetWindowBrightness
      185    SDL_GetWindowData
      186    SDL_GetWindowDisplayIndex
      187    SDL_GetWindowDisplayMode
      188    SDL_GetWindowFlags
      189    SDL_GetWindowFromID
      190    SDL_GetWindowGammaRamp
      191    SDL_GetWindowGrab
      192    SDL_GetWindowID
      193    SDL_GetWindowMaximumSize
      194    SDL_GetWindowMinimumSize
      195    SDL_GetWindowPixelFormat
      196    SDL_GetWindowPosition
      197    SDL_GetWindowSize
      198    SDL_GetWindowSurface
      199    SDL_GetWindowTitle
      200    SDL_GetWindowWMInfo
      201    SDL_HapticClose
      202    SDL_HapticDestroyEffect
      203    SDL_HapticEffectSupported
      204    SDL_HapticGetEffectStatus
      205    SDL_HapticIndex
      206    SDL_HapticName
      207    SDL_HapticNewEffect
      208    SDL_HapticNumAxes
      209    SDL_HapticNumEffects
      210    SDL_HapticNumEffectsPlaying
      211    SDL_HapticOpen
      212    SDL_HapticOpenFromJoystick
      213    SDL_HapticOpenFromMouse
      214    SDL_HapticOpened
      215    SDL_HapticPause
      216    SDL_HapticQuery
      217    SDL_HapticRumbleInit
      218    SDL_HapticRumblePlay
      219    SDL_HapticRumbleStop
      220    SDL_HapticRumbleSupported
      221    SDL_HapticRunEffect
      222    SDL_HapticSetAutocenter
      223    SDL_HapticSetGain
      224    SDL_HapticStopAll
      225    SDL_HapticStopEffect
      226    SDL_HapticUnpause
      227    SDL_HapticUpdateEffect
      228    SDL_Has3DNow
      229    SDL_HasAltiVec
      230    SDL_HasClipboardText
      231    SDL_HasEvent
      232    SDL_HasEvents
      233    SDL_HasIntersection
      234    SDL_HasMMX
      235    SDL_HasRDTSC
      236    SDL_HasSSE
      237    SDL_HasSSE2
      238    SDL_HasSSE3
      239    SDL_HasSSE41
      240    SDL_HasSSE42
      241    SDL_HasScreenKeyboardSupport
      242    SDL_HideWindow
      243    SDL_Init
      244    SDL_InitSubSystem
      245    SDL_IntersectRect
      246    SDL_IntersectRectAndLine
      247    SDL_IsGameController
      248    SDL_IsScreenKeyboardShown
      249    SDL_IsScreenSaverEnabled
      250    SDL_IsShapedWindow
      251    SDL_IsTextInputActive
      252    SDL_JoystickClose
      253    SDL_JoystickEventState
      254    SDL_JoystickGetAttached
      255    SDL_JoystickGetAxis
      256    SDL_JoystickGetBall
      257    SDL_JoystickGetButton
      258    SDL_JoystickGetDeviceGUID
      259    SDL_JoystickGetGUID
      260    SDL_JoystickGetGUIDFromString
      261    SDL_JoystickGetGUIDString
      262    SDL_JoystickGetHat
      263    SDL_JoystickInstanceID
      264    SDL_JoystickIsHaptic
      265    SDL_JoystickName
      266    SDL_JoystickNameForIndex
      267    SDL_JoystickNumAxes
      268    SDL_JoystickNumBalls
      269    SDL_JoystickNumButtons
      270    SDL_JoystickNumHats
      271    SDL_JoystickOpen
      272    SDL_JoystickUpdate
      273    SDL_LoadBMP_RW
      274    SDL_LoadDollarTemplates
      275    SDL_LoadFunction
      276    SDL_LoadObject
      277    SDL_LoadWAV_RW
      278    SDL_LockAudio
      279    SDL_LockAudioDevice
      280    SDL_LockMutex
      281    SDL_LockSurface
      282    SDL_LockTexture
      283    SDL_Log
      284    SDL_LogCritical
      285    SDL_LogDebug
      286    SDL_LogError
      287    SDL_LogGetOutputFunction
      288    SDL_LogGetPriority
      289    SDL_LogInfo
      290    SDL_LogMessage
      291    SDL_LogMessageV
      292    SDL_LogResetPriorities
      293    SDL_LogSetAllPriority
      294    SDL_LogSetOutputFunction
      295    SDL_LogSetPriority
      296    SDL_LogVerbose
      297    SDL_LogWarn
      298    SDL_LowerBlit
      299    SDL_LowerBlitScaled
      300    SDL_MapRGB
      301    SDL_MapRGBA
      302    SDL_MasksToPixelFormatEnum
      303    SDL_MaximizeWindow
      304    SDL_MinimizeWindow
      305    SDL_MixAudio
      306    SDL_MixAudioFormat
      307    SDL_MouseIsHaptic
      308    SDL_NumHaptics
      309    SDL_NumJoysticks
      310    SDL_OpenAudio
      311    SDL_OpenAudioDevice
      312    SDL_PauseAudio
      313    SDL_PauseAudioDevice
      314    SDL_PeepEvents
      315    SDL_PixelFormatEnumToMasks
      316    SDL_PollEvent
      317    SDL_PumpEvents
      318    SDL_PushEvent
      319    SDL_QueryTexture
      320    SDL_Quit
      321    SDL_QuitSubSystem
      322    SDL_RWFromConstMem
      323    SDL_RWFromFP
      324    SDL_RWFromFile
      325    SDL_RWFromMem
      326    SDL_RaiseWindow
      327    SDL_ReadBE16
      328    SDL_ReadBE32
      329    SDL_ReadBE64
      330    SDL_ReadLE16
      331    SDL_ReadLE32
      332    SDL_ReadLE64
      333    SDL_ReadU8
      334    SDL_RecordGesture
      335    SDL_RegisterEvents
      336    SDL_RemoveTimer
      337    SDL_RenderClear
      338    SDL_RenderCopy
      339    SDL_RenderCopyEx
      340    SDL_RenderDrawLine
      341    SDL_RenderDrawLines
      342    SDL_RenderDrawPoint
      343    SDL_RenderDrawPoints
      344    SDL_RenderDrawRect
      345    SDL_RenderDrawRects
      346    SDL_RenderFillRect
      347    SDL_RenderFillRects
      348    SDL_RenderGetClipRect
      349    SDL_RenderGetD3D9Device
      350    SDL_RenderGetLogicalSize
      351    SDL_RenderGetScale
      352    SDL_RenderGetViewport
      353    SDL_RenderPresent
      354    SDL_RenderReadPixels
      355    SDL_RenderSetClipRect
      356    SDL_RenderSetLogicalSize
      357    SDL_RenderSetScale
      358    SDL_RenderSetViewport
      359    SDL_RenderTargetSupported
      360    SDL_ReportAssertion
      361    SDL_ResetAssertionReport
      362    SDL_RestoreWindow
      363    SDL_SaveAllDollarTemplates
      364    SDL_SaveBMP_RW
      365    SDL_SaveDollarTemplate
      366    SDL_SemPost
      367    SDL_SemTryWait
      368    SDL_SemValue
      369    SDL_SemWait
      370    SDL_SemWaitTimeout
      371    SDL_SetAssertionHandler
      372    SDL_SetClipRect
      373    SDL_SetClipboardText
      374    SDL_SetColorKey
      375    SDL_SetCursor
      376    SDL_SetError
      377    SDL_SetEventFilter
      378    SDL_SetHint
      379    SDL_SetHintWithPriority
      380    SDL_SetMainReady
      381    SDL_SetModState
      382    SDL_SetPaletteColors
      383    SDL_SetPixelFormatPalette
      384    SDL_SetRelativeMouseMode
      385    SDL_SetRenderDrawBlendMode
      386    SDL_SetRenderDrawColor
      387    SDL_SetRenderTarget
      388    SDL_SetSurfaceAlphaMod
      389    SDL_SetSurfaceBlendMode
      390    SDL_SetSurfaceColorMod
      391    SDL_SetSurfacePalette
      392    SDL_SetSurfaceRLE
      393    SDL_SetTextInputRect
      394    SDL_SetTextureAlphaMod
      395    SDL_SetTextureBlendMode
      396    SDL_SetTextureColorMod
      397    SDL_SetThreadPriority
      398    SDL_SetWindowBordered
      399    SDL_SetWindowBrightness
      400    SDL_SetWindowData
      401    SDL_SetWindowDisplayMode
      402    SDL_SetWindowFullscreen
      403    SDL_SetWindowGammaRamp
      404    SDL_SetWindowGrab
      405    SDL_SetWindowIcon
      406    SDL_SetWindowMaximumSize
      407    SDL_SetWindowMinimumSize
      408    SDL_SetWindowPosition
      409    SDL_SetWindowShape
      410    SDL_SetWindowSize
      411    SDL_SetWindowTitle
      412    SDL_ShowCursor
      413    SDL_ShowMessageBox
      414    SDL_ShowSimpleMessageBox
      415    SDL_ShowWindow
      416    SDL_SoftStretch
      417    SDL_StartTextInput
      418    SDL_StopTextInput
      419    SDL_TLSCreate
      420    SDL_TLSGet
      421    SDL_TLSSet
      422    SDL_ThreadID
      423    SDL_TryLockMutex
      424    SDL_UnionRect
      425    SDL_UnloadObject
      426    SDL_UnlockAudio
      427    SDL_UnlockAudioDevice
      428    SDL_UnlockMutex
      429    SDL_UnlockSurface
      430    SDL_UnlockTexture
      431    SDL_UpdateTexture
      432    SDL_UpdateWindowSurface
      433    SDL_UpdateWindowSurfaceRects
      434    SDL_UpdateYUVTexture
      435    SDL_UpperBlit
      436    SDL_UpperBlitScaled
      437    SDL_VideoInit
      438    SDL_VideoQuit
      439    SDL_WaitEvent
      440    SDL_WaitEventTimeout
      441    SDL_WaitThread
      442    SDL_WarpMouseInWindow
      443    SDL_WasInit
      444    SDL_WriteBE16
      445    SDL_WriteBE32
      446    SDL_WriteBE64
      447    SDL_WriteLE16
      448    SDL_WriteLE32
      449    SDL_WriteLE64
      450    SDL_WriteU8
      451    SDL_abs
      452    SDL_atan
      453    SDL_atan2
      454    SDL_atof
      455    SDL_atoi
      456    SDL_calloc
      457    SDL_ceil
      458    SDL_copysign
      459    SDL_cos
      460    SDL_cosf
      461    SDL_fabs
      462    SDL_floor
      463    SDL_free
      464    SDL_getenv
      465    SDL_iconv
      466    SDL_iconv_close
      467    SDL_iconv_open
      468    SDL_iconv_string
      469    SDL_isdigit
      470    SDL_isspace
      471    SDL_itoa
      472    SDL_lltoa
      473    SDL_log
      474    SDL_ltoa
      475    SDL_malloc
      476    SDL_memcmp
      477    SDL_memcpy
      478    SDL_memmove
      479    SDL_memset
      480    SDL_pow
      481    SDL_qsort
      482    SDL_realloc
      483    SDL_scalbn
      484    SDL_setenv
      485    SDL_sin
      486    SDL_sinf
      487    SDL_snprintf
      488    SDL_sqrt
      489    SDL_sscanf
      490    SDL_strcasecmp
      491    SDL_strchr
      492    SDL_strcmp
      493    SDL_strdup
      494    SDL_strlcat
      495    SDL_strlcpy
      496    SDL_strlen
      497    SDL_strlwr
      498    SDL_strncasecmp
      499    SDL_strncmp
      500    SDL_strrchr
      501    SDL_strrev
      502    SDL_strstr
      503    SDL_strtod
      504    SDL_strtol
      505    SDL_strtoll
      506    SDL_strtoul
      507    SDL_strtoull
      508    SDL_strupr
      509    SDL_tolower
      510    SDL_toupper
      511    SDL_uitoa
      512    SDL_ulltoa
      513    SDL_ultoa
      514    SDL_utf8strlcpy
      515    SDL_vsnprintf
      516    SDL_wcslcat
      517    SDL_wcslcpy
      518    SDL_wcslen
