 plugin_test1

 Timestamp is 52528003 (Mon Oct 07 12:33:55 2013)

 Preferred load address is 0000000180000000

 Start         Length     Name                   Class
 0001:00000000 0000118cH .text                   CODE
 0001:00001190 00000159H .text$x                 CODE
 0001:000012ec 000003a0H .text$yc                CODE
 0001:0000168c 00000174H .text$yd                CODE
 0002:00000000 000000f0H .idata$5                DATA
 0002:000000f0 00000008H .CRT$XCA                DATA
 0002:000000f8 000001b8H .CRT$XCU                DATA
 0002:000002b0 00000008H .CRT$XCZ                DATA
 0002:000002b8 00000008H .CRT$XIA                DATA
 0002:000002c0 00000008H .CRT$XIAA               DATA
 0002:000002c8 00000008H .CRT$XIZ                DATA
 0002:000002d0 000005f8H .rdata                  DATA
 0002:000008c8 00000584H .rdata$r                DATA
 0002:00000e50 00000008H .rtc$IAA                DATA
 0002:00000e58 00000008H .rtc$IZZ                DATA
 0002:00000e60 00000008H .rtc$TAA                DATA
 0002:00000e68 00000008H .rtc$TZZ                DATA
 0002:00000e70 000001f0H .xdata                  DATA
 0002:00001060 00000028H .idata$2                DATA
 0002:00001088 00000014H .idata$3                DATA
 0002:000010a0 000000f0H .idata$4                DATA
 0002:00001190 00000226H .idata$6                DATA
 0002:000013c0 00000059H .edata                  DATA
 0003:00000000 00000338H .data                   DATA
 0003:00000338 00000338H .bss                    DATA
 0004:00000000 000002c4H .pdata                  DATA

  Address         Publics by Value              Rva+Base               Lib:Object

 0000:00000000       ___safe_se_handler_count   0000000000000000     <absolute>
 0000:00000000       ___safe_se_handler_table   0000000000000000     <absolute>
 0000:00000000       __ImageBase                0000000180000000     <linker-defined>
 0001:00000000       ?_get_interface_types@RTest1_Shell@test1@UModSys@@SA_KAEAUSUniquePtrList@core@3@@Z 0000000180001000 f i plugin_test1.obj
 0001:00000100       ?get_interface_info@RTest1_Shell@test1@UModSys@@UEBAAEBUSUniquePointerInfo@core@3@XZ 0000000180001100 f i plugin_test1.obj
 0001:00000108       ?get_interface_type@RTest1_Shell@test1@UModSys@@UEBAPEBUSUniquePointerInfo@core@3@XZ 0000000180001108 f i plugin_test1.obj
 0001:00000110       ?get_other_interface@RTest1_Shell@test1@UModSys@@UEAAPEAUIRoot@core@3@PEBUSUniquePointerInfo@53@@Z 0000000180001110 f i plugin_test1.obj
 0001:00000110       ?get_other_interface@RTest1_Shell@test1@UModSys@@UEBAPEBUIRoot@core@3@PEBUSUniquePointerInfo@53@@Z 0000000180001110 f i plugin_test1.obj
 0001:00000140       ?ref_remove@RTest1_Shell@test1@UModSys@@UEBAXXZ 0000000180001140 f i plugin_test1.obj
 0001:00000158       ?ref_links@RTest1_Generator@test1@UModSys@@UEBAHXZ 0000000180001158 f i plugin_test1.obj
 0001:00000158       ?ref_links@RTest1_Shell@test1@UModSys@@UEBAHXZ 0000000180001158 f i plugin_test1.obj
 0001:0000015c       ?suicide@RTest1_Shell@test1@UModSys@@UEAAXXZ 000000018000115c f i plugin_test1.obj
 0001:000001a0       ?connect@RTest1_Shell@test1@UModSys@@UEAA_NXZ 00000001800011a0 f i plugin_test1.obj
 0001:000001c4       ?disconnect@RTest1_Shell@test1@UModSys@@UEAA_NXZ 00000001800011c4 f i plugin_test1.obj
 0001:000001e8       ?process_tick@RTest1_Shell@test1@UModSys@@UEAA_NAEBUSTimeMsec@core@3@@Z 00000001800011e8 f i plugin_test1.obj
 0001:00000220       ?process_command@RTest1_Shell@test1@UModSys@@UEAA_NHQEBU?$TString@U?$TSCoreConst@D@su@tl@UModSys@@U?$TComparerBinaryHash@D@234@@tl@3@@Z 0000000180001220 f i plugin_test1.obj
 0001:00000244       ??_GRTest1_Shell@test1@UModSys@@UEAAPEAXI@Z 0000000180001244 f i plugin_test1.obj
 0001:00000244       ??_ERTest1_Shell@test1@UModSys@@UEAAPEAXI@Z 0000000180001244 f i  CIL library: CIL module
 0001:000002dc       ??1IShell@base@UModSys@@UEAA@XZ 00000001800012dc f i plugin_test1.obj
 0001:000002e8       ?get_generated_names@RTest1_Generator@test1@UModSys@@UEBAHAEAUSUniquePtrList@core@3@@Z 00000001800012e8 f i plugin_test1.obj
 0001:0000032c       ?get_generated_types@RTest1_Generator@test1@UModSys@@UEBAHAEAUSUniquePtrList@core@3@PEBUSUniquePointerInfo@53@@Z 000000018000132c f i plugin_test1.obj
 0001:0000034c       ?generate@RTest1_Generator@test1@UModSys@@UEAA_NAEAU?$TRefObject@UIRefObject@core@UModSys@@@tl@3@PEBUSUniquePointerInfo@core@3@AEBUSParameters@73@@Z 000000018000134c f i plugin_test1.obj
 0001:00000444       ?get_interface_info@RTest1_Generator@test1@UModSys@@UEBAAEBUSUniquePointerInfo@core@3@XZ 0000000180001444 f i plugin_test1.obj
 0001:0000044c       ?get_interface_type@RTest1_Generator@test1@UModSys@@UEBAPEBUSUniquePointerInfo@core@3@XZ 000000018000144c f i plugin_test1.obj
 0001:00000454       ?get_interface_types@RTest1_Generator@test1@UModSys@@UEBA_KAEAUSUniquePtrList@core@3@@Z 0000000180001454 f i plugin_test1.obj
 0001:00000454       ?get_interface_types@RTest1_Shell@test1@UModSys@@UEBA_KAEAUSUniquePtrList@core@3@@Z 0000000180001454 f i plugin_test1.obj
 0001:0000045c       ?get_other_interface@RTest1_Generator@test1@UModSys@@UEBAPEBUIRoot@core@3@PEBUSUniquePointerInfo@53@@Z 000000018000145c f i plugin_test1.obj
 0001:0000045c       ?get_other_interface@RTest1_Generator@test1@UModSys@@UEAAPEAUIRoot@core@3@PEBUSUniquePointerInfo@53@@Z 000000018000145c f i plugin_test1.obj
 0001:00000494       ?ref_add@RTest1_Generator@test1@UModSys@@UEBAXXZ 0000000180001494 f i plugin_test1.obj
 0001:00000494       ?ref_add@RTest1_Shell@test1@UModSys@@UEBAXXZ 0000000180001494 f i plugin_test1.obj
 0001:00000498       ?ref_remove@RTest1_Generator@test1@UModSys@@UEBAXXZ 0000000180001498 f i plugin_test1.obj
 0001:000004b0       ?suicide@RTest1_Generator@test1@UModSys@@UEAAXXZ 00000001800014b0 f i plugin_test1.obj
 0001:000004b4       ?get_uid@RTest1_Generator@test1@UModSys@@UEBAPEBUSUniquePointerInfo@core@3@XZ 00000001800014b4 f i plugin_test1.obj
 0001:000004bc       ?do_open@RTest1_ModuleReg@test1@UModSys@@UEAA_NXZ 00000001800014bc f i plugin_test1.obj
 0001:0000052c       ?do_close@RTest1_ModuleReg@test1@UModSys@@UEAA_NXZ 000000018000152c f i plugin_test1.obj
 0001:00000594       ??_EIModuleReg@base@UModSys@@UEAAPEAXI@Z 0000000180001594 f i  CIL library: CIL module
 0001:00000594       ??_ERTest1_ModuleReg@test1@UModSys@@UEAAPEAXI@Z 0000000180001594 f i  CIL library: CIL module
 0001:00000594       ??_GRTest1_ModuleReg@test1@UModSys@@UEAAPEAXI@Z 0000000180001594 f i plugin_test1.obj
 0001:00000594       ??_GIModuleReg@base@UModSys@@UEAAPEAXI@Z 0000000180001594 f i umodsys_lib_base:umodsys.base.modulereg.obj
 0001:000005bc       ?get_module@RTest1_Generator@test1@UModSys@@UEBAPEAUIModule@base@3@XZ 00000001800015bc f   plugin_test1.obj
 0001:000005c4       ?mod_inc@RTest1_Generator@test1@UModSys@@UEBA_NXZ 00000001800015c4 f   plugin_test1.obj
 0001:000005d4       ?mod_dec@RTest1_Generator@test1@UModSys@@UEBA_NXZ 00000001800015d4 f   plugin_test1.obj
 0001:000005e4       ?s_holder@RTest1_Generator@test1@UModSys@@SAAEAU?$TTypeStaticHolder@URTest1_Generator@test1@UModSys@@@tl@3@XZ 00000001800015e4 f   plugin_test1.obj
 0001:00000628       ??1?$TRefObject@UIModObject@base@UModSys@@@tl@UModSys@@QEAA@XZ 0000000180001628 f i plugin_test1.obj
 0001:0000064c       ??_EIRoot@core@UModSys@@UEAAPEAXI@Z 000000018000164c f i  CIL library: CIL module
 0001:0000064c       ??_GRTest1_Generator@test1@UModSys@@UEAAPEAXI@Z 000000018000164c f i plugin_test1.obj
 0001:0000064c       ??_GIRoot@core@UModSys@@UEAAPEAXI@Z 000000018000164c f i plugin_test1.obj
 0001:0000064c       ??_ERTest1_Generator@test1@UModSys@@UEAAPEAXI@Z 000000018000164c f i  CIL library: CIL module
 0001:00000674       ?mlr_count@RModuleLibraryReg_Chain@base@UModSys@@UEBA_KXZ 0000000180001674 f   umodsys_lib_base:umodsys.base.moduleregchain.obj
 0001:000006ac       ?mlr_get@RModuleLibraryReg_Chain@base@UModSys@@UEBAPEAUIModuleReg@23@_K@Z 00000001800016ac f   umodsys_lib_base:umodsys.base.moduleregchain.obj
 0001:000006d8       ?mlr_open@RModuleLibraryReg_Chain@base@UModSys@@UEAA_NPEAUISystem@23@PEAUIMemAlloc@core@3@@Z 00000001800016d8 f   umodsys_lib_base:umodsys.base.moduleregchain.obj
 0001:00000784       ?mlr_close@RModuleLibraryReg_Chain@base@UModSys@@UEAA_NXZ 0000000180001784 f   umodsys_lib_base:umodsys.base.moduleregchain.obj
 0001:000007fc       ?mlr_isopen@RModuleLibraryReg_Chain@base@UModSys@@UEBA_NXZ 00000001800017fc f   umodsys_lib_base:umodsys.base.moduleregchain.obj
 0001:0000080c       ??_EIModuleLibraryReg@base@UModSys@@UEAAPEAXI@Z 000000018000180c f i  CIL library: CIL module
 0001:0000080c       ??_ERModuleLibraryReg_Chain@base@UModSys@@UEAAPEAXI@Z 000000018000180c f i  CIL library: CIL module
 0001:0000080c       ??_GRModuleLibraryReg_Chain@base@UModSys@@UEAAPEAXI@Z 000000018000180c f i umodsys_lib_base:umodsys.base.moduleregchain.obj
 0001:0000080c       ??_GIModuleLibraryReg@base@UModSys@@UEAAPEAXI@Z 000000018000180c f i umodsys_lib_base:umodsys.base.modulereg.obj
 0001:00000834       UModSys_Plugin_Entry2      0000000180001834 f   umodsys_lib_base:umodsys.so_main.win32.obj
 0001:0000083c       ?mr_isopen@IModuleReg@base@UModSys@@UEBA_NXZ 000000018000183c f   umodsys_lib_base:umodsys.base.modulereg.obj
 0001:00000848       ?mr_open@IModuleReg@base@UModSys@@UEAA_NXZ 0000000180001848 f   umodsys_lib_base:umodsys.base.modulereg.obj
 0001:0000086c       ?mr_close@IModuleReg@base@UModSys@@UEAA_NXZ 000000018000186c f   umodsys_lib_base:umodsys.base.modulereg.obj
 0001:00000888       ??0SUniquePointer@core@UModSys@@QEAA@PEBD0H@Z 0000000180001888 f   umodsys_lib_core:umodsys.core.uniqueptr.obj
 0001:000008d4       ??1SUniquePointer@core@UModSys@@QEAA@XZ 00000001800018d4 f   umodsys_lib_core:umodsys.core.uniqueptr.obj
 0001:000008fc       _onexit                    00000001800018fc f   MSVCRT:atonexit.obj
 0001:000009ac       atexit                     00000001800019ac f   MSVCRT:atonexit.obj
 0001:000009c4       _purecall                  00000001800019c4 f   MSVCRT:MSVCR90.dll
 0001:000009ca       ??3@YAXPEAX@Z              00000001800019ca f   MSVCRT:MSVCR90.dll
 0001:000009d0       ??_Etype_info@@UEAAPEAXI@Z 00000001800019d0 f i MSVCRT:ti_inst.obj
 0001:00000a3a       ??2@YAPEAX_K@Z             0000000180001a3a f   MSVCRT:MSVCR90.dll
 0001:00000aa0       _CRT_INIT                  0000000180001aa0 f   MSVCRT:crtdll.obj
 0001:00000e34       _DllMainCRTStartup         0000000180001e34 f   MSVCRT:crtdll.obj
 0001:00000e72       __C_specific_handler       0000000180001e72 f   MSVCRT:MSVCR90.dll
 0001:00000e78       _unlock                    0000000180001e78 f   MSVCRT:MSVCR90.dll
 0001:00000e7e       __dllonexit                0000000180001e7e f   MSVCRT:MSVCR90.dll
 0001:00000e84       _lock                      0000000180001e84 f   MSVCRT:MSVCR90.dll
 0001:00000e8c       ?__ArrayUnwind@@YAXPEAX_KHP6AX0@Z@Z 0000000180001e8c f   MSVCRT:ehvecdtr.obj
 0001:00000ed8       ??_M@YAXPEAX_KHP6AX0@Z@Z   0000000180001ed8 f   MSVCRT:ehvecdtr.obj
 0001:00000f38       __clean_type_info_names    0000000180001f38 f   MSVCRT:tncleanup.obj
 0001:00000f44       _RTC_Initialize            0000000180001f44 f   MSVCRT:_initsect_.obj
 0001:00000f7c       _RTC_Terminate             0000000180001f7c f   MSVCRT:_initsect_.obj
 0001:00000fc0       _ValidateImageBase         0000000180001fc0 f   MSVCRT:pesect.obj
 0001:00000ff0       _FindPESection             0000000180001ff0 f   MSVCRT:pesect.obj
 0001:00001040       _IsNonwritableInCurrentImage 0000000180002040 f   MSVCRT:pesect.obj
 0001:00001082       _initterm                  0000000180002082 f   MSVCRT:MSVCR90.dll
 0001:00001088       _initterm_e                0000000180002088 f   MSVCRT:MSVCR90.dll
 0001:0000108e       _amsg_exit                 000000018000208e f   MSVCRT:MSVCR90.dll
 0001:00001094       __CppXcptFilter            0000000180002094 f   MSVCRT:MSVCR90.dll
 0001:0000109c       DllMain                    000000018000209c f   MSVCRT:dllmain.obj
 0001:000010c0       __security_init_cookie     00000001800020c0 f   MSVCRT:gs_support.obj
 0001:00001174       ?terminate@@YAXXZ          0000000180002174 f   MSVCRT:MSVCR90.dll
 0001:0000117a       ?_type_info_dtor_internal_method@type_info@@QEAAXXZ 000000018000217a f   MSVCRT:MSVCR90.dll
 0001:0000117a       ??1type_info@@UEAA@XZ      000000018000217a f   MSVCRT:MSVCR90.dll
 0001:00001180       __clean_type_info_names_internal 0000000180002180 f   MSVCRT:MSVCR90.dll
 0001:00001186       __CxxFrameHandler3         0000000180002186 f   MSVCRT:MSVCR90.dll
 0002:00000000       __imp_GetCurrentProcessId  0000000180003000     kernel32:KERNEL32.dll
 0002:00000008       __imp_GetCurrentThreadId   0000000180003008     kernel32:KERNEL32.dll
 0002:00000010       __imp_GetTickCount         0000000180003010     kernel32:KERNEL32.dll
 0002:00000018       __imp_QueryPerformanceCounter 0000000180003018     kernel32:KERNEL32.dll
 0002:00000020       __imp_DisableThreadLibraryCalls 0000000180003020     kernel32:KERNEL32.dll
 0002:00000028       __imp_Sleep                0000000180003028     kernel32:KERNEL32.dll
 0002:00000030       __imp_GetSystemTimeAsFileTime 0000000180003030     kernel32:KERNEL32.dll
 0002:00000038       \177KERNEL32_NULL_THUNK_DATA 0000000180003038     kernel32:KERNEL32.dll
 0002:00000040       __imp__onexit              0000000180003040     MSVCRT:MSVCR90.dll
 0002:00000048       __imp__decode_pointer      0000000180003048     MSVCRT:MSVCR90.dll
 0002:00000050       __imp__malloc_crt          0000000180003050     MSVCRT:MSVCR90.dll
 0002:00000058       __imp__initterm            0000000180003058     MSVCRT:MSVCR90.dll
 0002:00000060       __imp__initterm_e          0000000180003060     MSVCRT:MSVCR90.dll
 0002:00000068       __imp_free                 0000000180003068     MSVCRT:MSVCR90.dll
 0002:00000070       __imp__lock                0000000180003070     MSVCRT:MSVCR90.dll
 0002:00000078       __imp__amsg_exit           0000000180003078     MSVCRT:MSVCR90.dll
 0002:00000080       __imp___CppXcptFilter      0000000180003080     MSVCRT:MSVCR90.dll
 0002:00000088       __imp_?terminate@@YAXXZ    0000000180003088     MSVCRT:MSVCR90.dll
 0002:00000090       __imp_?_type_info_dtor_internal_method@type_info@@QEAAXXZ 0000000180003090     MSVCRT:MSVCR90.dll
 0002:00000098       __imp___clean_type_info_names_internal 0000000180003098     MSVCRT:MSVCR90.dll
 0002:000000a0       __imp__encode_pointer      00000001800030a0     MSVCRT:MSVCR90.dll
 0002:000000a8       __imp___dllonexit          00000001800030a8     MSVCRT:MSVCR90.dll
 0002:000000b0       __imp__unlock              00000001800030b0     MSVCRT:MSVCR90.dll
 0002:000000b8       __imp___C_specific_handler 00000001800030b8     MSVCRT:MSVCR90.dll
 0002:000000c0       __imp_??2@YAPEAX_K@Z       00000001800030c0     MSVCRT:MSVCR90.dll
 0002:000000c8       __imp_??3@YAXPEAX@Z        00000001800030c8     MSVCRT:MSVCR90.dll
 0002:000000d0       __imp__encoded_null        00000001800030d0     MSVCRT:MSVCR90.dll
 0002:000000d8       __imp__purecall            00000001800030d8     MSVCRT:MSVCR90.dll
 0002:000000e0       __imp___CxxFrameHandler3   00000001800030e0     MSVCRT:MSVCR90.dll
 0002:000000e8       \177MSVCR90_NULL_THUNK_DATA 00000001800030e8     MSVCRT:MSVCR90.dll
 0002:000000f0       __xc_a                     00000001800030f0     MSVCRT:cinitexe.obj
 0002:000002b0       __xc_z                     00000001800032b0     MSVCRT:cinitexe.obj
 0002:000002b8       __xi_a                     00000001800032b8     MSVCRT:cinitexe.obj
 0002:000002c8       __xi_z                     00000001800032c8     MSVCRT:cinitexe.obj
 0002:000002d8       ??_7type_info@@6B@         00000001800032d8     MSVCRT:ti_inst.obj
 0002:000002e0       _pRawDllMain               00000001800032e0     MSVCRT:crtdll.obj
 0002:000002e0       _pDefaultRawDllMain        00000001800032e0     MSVCRT:crtdll.obj
 0002:000002e8       ??_C@_0P@GHFPNOJB@bad?5allocation?$AA@ 00000001800032e8     plugin_test1.obj
 0002:000002f8       ??_C@_0BF@OCNNAADO@UModSys?3?3core?3?3IRoot?$AA@ 00000001800032f8     plugin_test1.obj
 0002:00000310       ??_C@_0BK@EMIJFOPA@UModSys?3?3core?3?3IRefObject?$AA@ 0000000180003310     plugin_test1.obj
 0002:00000330       ??_C@_0BL@IOMMHELF@UModSys?3?3core?3?3IParameters?$AA@ 0000000180003330     plugin_test1.obj
 0002:00000350       ??_C@_0BI@IKAOEFAP@UModSys?3?3base?3?3IConsole?$AA@ 0000000180003350     plugin_test1.obj
 0002:00000368       ??_C@_0BH@LKDEEPPM@UModSys?3?3base?3?3IModule?$AA@ 0000000180003368     plugin_test1.obj
 0002:00000380       ??_C@_0BO@PHJOHFCB@UModSys?3?3base?3?3IModuleLibrary?$AA@ 0000000180003380     plugin_test1.obj
 0002:000003a0       ??_C@_0BH@PFCONEJJ@UModSys?3?3base?3?3ISystem?$AA@ 00000001800033a0     plugin_test1.obj
 0002:000003b8       ??_C@_0BK@FDPIOPHG@UModSys?3?3base?3?3IModObject?$AA@ 00000001800033b8     plugin_test1.obj
 0002:000003d8       ??_C@_0BK@OIBKNCKJ@UModSys?3?3base?3?3IGenerator?$AA@ 00000001800033d8     plugin_test1.obj
 0002:000003f8       ??_C@_0BG@PJBGCMEC@UModSys?3?3base?3?3IShell?$AA@ 00000001800033f8     plugin_test1.obj
 0002:00000410       ??_C@_0BN@FAEMELKH@UModSys?3?3test1?3?3RTest1_Shell?$AA@ 0000000180003410     plugin_test1.obj
 0002:00000430       ??_C@_0BA@MLPBDIMG@RTest1_Shell?$CI?$CJ?6?$AA@ 0000000180003430     plugin_test1.obj
 0002:00000440       ??_C@_0CL@BCMGJOII@UModSys?3?3test1?3?3RTest1_Shell?3?3RT@ 0000000180003440     plugin_test1.obj
 0002:00000470       ??_C@_0CK@OICDGBDJ@?4?4?2?4?4?2?4?4?2src?2plugin?2test?2plugin_@ 0000000180003470     plugin_test1.obj
 0002:000004a0       ??_C@_0CM@DLLPFCHF@UModSys?3?3test1?3?3RTest1_Shell?3?3?$HOR@ 00000001800034a0     plugin_test1.obj
 0002:000004d0       ??_C@_0BB@MLDFLEML@?$HORTest1_Shell?$CI?$CJ?6?$AA@ 00000001800034d0     plugin_test1.obj
 0002:000004e8       ??_C@_0BJ@CCPCJEPP@RTest1_Shell?3?3connect?$CI?$CJ?6?$AA@ 00000001800034e8     plugin_test1.obj
 0002:00000508       ??_C@_0BM@KBDBHLN@RTest1_Shell?3?3disconnect?$CI?$CJ?6?$AA@ 0000000180003508     plugin_test1.obj
 0002:00000528       ??_C@_0BI@PGLACHLJ@RTest1_Shell?3?3tick?$CI?$CFg?$CJ?6?$AA@ 0000000180003528     plugin_test1.obj
 0002:00000540       ??_C@_0BM@JFIEEBE@RTest1_Shell?3?3command?$CI?$CD?$CFd?$CJ?6?$AA@ 0000000180003540     plugin_test1.obj
 0002:00000560       ??_C@_0CB@KLHNBAJE@UModSys?3?3test1?3?3RTest1_Generator@ 0000000180003560     plugin_test1.obj
 0002:00000588       ??_C@_0CI@BGMLNDEB@UModSys?3?3test1?3?3RTest1_Generator@ 0000000180003588     plugin_test1.obj
 0002:000005b0       ??_C@_0BA@NMEBLMNE@Test?51?5?9?5module?$AA@ 00000001800035b0     plugin_test1.obj
 0002:000005c0       ??_C@_05GENPCEMM@Test1?$AA@ 00000001800035c0     plugin_test1.obj
 0002:000005c8       ??_C@_0BK@LIIMFEEN@RTest1_ModuleReg?3?3open?$CI?$CJ?6?$AA@ 00000001800035c8     plugin_test1.obj
 0002:000005e8       ??_C@_0BL@GPGMDKM@RTest1_ModuleReg?3?3close?$CI?$CJ?6?$AA@ 00000001800035e8     plugin_test1.obj
 0002:00000608       ??_C@_09JGNMLHG@modobject?$AA@ 0000000180003608     plugin_test1.obj
 0002:00000618       ??_C@_08FCBDOIAH@typeinfo?$AA@ 0000000180003618     plugin_test1.obj
 0002:00000630       ??_7IRoot@core@UModSys@@6B@ 0000000180003630     plugin_test1.obj
 0002:00000668       ??_7RTest1_Generator@test1@UModSys@@6B@ 0000000180003668     plugin_test1.obj
 0002:000006f8       ??_7RTest1_Shell@test1@UModSys@@6B@ 00000001800036f8     plugin_test1.obj
 0002:00000770       ??_7RTest1_ModuleReg@test1@UModSys@@6B@ 0000000180003770     plugin_test1.obj
 0002:000007a8       ??_7RModuleLibraryReg_Chain@base@UModSys@@6B@ 00000001800037a8     umodsys_lib_base:umodsys.base.moduleregchain.obj
 0002:000007e0       ??_7IModuleReg@base@UModSys@@6B@ 00000001800037e0     umodsys_lib_base:umodsys.base.modulereg.obj
 0002:00000818       ??_7IModuleLibraryReg@base@UModSys@@6B@ 0000000180003818     umodsys_lib_base:umodsys.base.modulereg.obj
 0002:00000848       __real@3f50624dd2f1a9fc    0000000180003848      CIL library: CIL module
 0002:000008c8       ??_R4type_info@@6B@        00000001800038c8     MSVCRT:ti_inst.obj
 0002:000008f0       ??_R3type_info@@8          00000001800038f0     MSVCRT:ti_inst.obj
 0002:00000908       ??_R2type_info@@8          0000000180003908     MSVCRT:ti_inst.obj
 0002:00000918       ??_R1A@?0A@EA@type_info@@8 0000000180003918     MSVCRT:ti_inst.obj
 0002:00000940       ??_R4RTest1_ModuleReg@test1@UModSys@@6B@ 0000000180003940     plugin_test1.obj
 0002:00000968       ??_R3RTest1_ModuleReg@test1@UModSys@@8 0000000180003968     plugin_test1.obj
 0002:00000980       ??_R2RTest1_ModuleReg@test1@UModSys@@8 0000000180003980     plugin_test1.obj
 0002:00000998       ??_R1A@?0A@EA@IModuleReg@base@UModSys@@8 0000000180003998     plugin_test1.obj
 0002:000009c0       ??_R3IModuleReg@base@UModSys@@8 00000001800039c0     plugin_test1.obj
 0002:000009d8       ??_R2IModuleReg@base@UModSys@@8 00000001800039d8     plugin_test1.obj
 0002:000009e8       ??_R1A@?0A@EA@RTest1_ModuleReg@test1@UModSys@@8 00000001800039e8     plugin_test1.obj
 0002:00000a10       ??_R4RTest1_Shell@test1@UModSys@@6B@ 0000000180003a10     plugin_test1.obj
 0002:00000a38       ??_R3RTest1_Shell@test1@UModSys@@8 0000000180003a38     plugin_test1.obj
 0002:00000a50       ??_R2RTest1_Shell@test1@UModSys@@8 0000000180003a50     plugin_test1.obj
 0002:00000a78       ??_R1A@?0A@EA@RTest1_Shell@test1@UModSys@@8 0000000180003a78     plugin_test1.obj
 0002:00000aa0       ??_R4RTest1_Generator@test1@UModSys@@6B@ 0000000180003aa0     plugin_test1.obj
 0002:00000ac8       ??_R3RTest1_Generator@test1@UModSys@@8 0000000180003ac8     plugin_test1.obj
 0002:00000ae0       ??_R2RTest1_Generator@test1@UModSys@@8 0000000180003ae0     plugin_test1.obj
 0002:00000b10       ??_R1A@?0A@EA@RTest1_Generator@test1@UModSys@@8 0000000180003b10     plugin_test1.obj
 0002:00000b38       ??_R3IShell@base@UModSys@@8 0000000180003b38     plugin_test1.obj
 0002:00000b50       ??_R2IShell@base@UModSys@@8 0000000180003b50     plugin_test1.obj
 0002:00000b70       ??_R1A@?0A@EA@IShell@base@UModSys@@8 0000000180003b70     plugin_test1.obj
 0002:00000b98       ??_R3IGenerator@base@UModSys@@8 0000000180003b98     plugin_test1.obj
 0002:00000bb0       ??_R2IGenerator@base@UModSys@@8 0000000180003bb0     plugin_test1.obj
 0002:00000bd8       ??_R1A@?0A@EA@IGenerator@base@UModSys@@8 0000000180003bd8     plugin_test1.obj
 0002:00000c00       ??_R3IModObject@base@UModSys@@8 0000000180003c00     plugin_test1.obj
 0002:00000c18       ??_R2IModObject@base@UModSys@@8 0000000180003c18     plugin_test1.obj
 0002:00000c38       ??_R1A@?0A@EA@IModObject@base@UModSys@@8 0000000180003c38     plugin_test1.obj
 0002:00000c60       ??_R3IRefObject@core@UModSys@@8 0000000180003c60     plugin_test1.obj
 0002:00000c78       ??_R2IRefObject@core@UModSys@@8 0000000180003c78     plugin_test1.obj
 0002:00000c90       ??_R1A@?0A@EA@IRefObject@core@UModSys@@8 0000000180003c90     plugin_test1.obj
 0002:00000cb8       ??_R4IRoot@core@UModSys@@6B@ 0000000180003cb8     plugin_test1.obj
 0002:00000ce0       ??_R3IRoot@core@UModSys@@8 0000000180003ce0     plugin_test1.obj
 0002:00000cf8       ??_R2IRoot@core@UModSys@@8 0000000180003cf8     plugin_test1.obj
 0002:00000d08       ??_R1A@?0A@EA@IRoot@core@UModSys@@8 0000000180003d08     plugin_test1.obj
 0002:00000d30       ??_R4RModuleLibraryReg_Chain@base@UModSys@@6B@ 0000000180003d30     umodsys_lib_base:umodsys.base.moduleregchain.obj
 0002:00000d58       ??_R3RModuleLibraryReg_Chain@base@UModSys@@8 0000000180003d58     umodsys_lib_base:umodsys.base.moduleregchain.obj
 0002:00000d70       ??_R2RModuleLibraryReg_Chain@base@UModSys@@8 0000000180003d70     umodsys_lib_base:umodsys.base.moduleregchain.obj
 0002:00000d88       ??_R1A@?0A@EA@IModuleLibraryReg@base@UModSys@@8 0000000180003d88     umodsys_lib_base:umodsys.base.moduleregchain.obj
 0002:00000db0       ??_R3IModuleLibraryReg@base@UModSys@@8 0000000180003db0     umodsys_lib_base:umodsys.base.moduleregchain.obj
 0002:00000dc8       ??_R2IModuleLibraryReg@base@UModSys@@8 0000000180003dc8     umodsys_lib_base:umodsys.base.moduleregchain.obj
 0002:00000dd8       ??_R1A@?0A@EA@RModuleLibraryReg_Chain@base@UModSys@@8 0000000180003dd8     umodsys_lib_base:umodsys.base.moduleregchain.obj
 0002:00000e00       ??_R4IModuleLibraryReg@base@UModSys@@6B@ 0000000180003e00     umodsys_lib_base:umodsys.base.modulereg.obj
 0002:00000e28       ??_R4IModuleReg@base@UModSys@@6B@ 0000000180003e28     umodsys_lib_base:umodsys.base.modulereg.obj
 0002:00000e50       __rtc_iaa                  0000000180003e50     MSVCRT:_initsect_.obj
 0002:00000e58       __rtc_izz                  0000000180003e58     MSVCRT:_initsect_.obj
 0002:00000e60       __rtc_taa                  0000000180003e60     MSVCRT:_initsect_.obj
 0002:00000e68       __rtc_tzz                  0000000180003e68     MSVCRT:_initsect_.obj
 0002:00001060       __IMPORT_DESCRIPTOR_MSVCR90 0000000180004060     MSVCRT:MSVCR90.dll
 0002:00001074       __IMPORT_DESCRIPTOR_KERNEL32 0000000180004074     kernel32:KERNEL32.dll
 0002:00001088       __NULL_IMPORT_DESCRIPTOR   0000000180004088     MSVCRT:MSVCR90.dll
 0003:00000000       ??_R0?AVtype_info@@@8      0000000180005000     MSVCRT:ti_inst.obj
 0003:00000020       __native_dllmain_reason    0000000180005020     MSVCRT:natstart.obj
 0003:00000024       __native_vcclrit_reason    0000000180005024     MSVCRT:natstart.obj
 0003:00000028       __security_cookie          0000000180005028     MSVCRT:gs_cookie.obj
 0003:00000030       __security_cookie_complement 0000000180005030     MSVCRT:gs_cookie.obj
 0003:00000038       ??_R0?AUIModuleReg@base@UModSys@@@8 0000000180005038     plugin_test1.obj
 0003:00000068       ??_R0?AURTest1_ModuleReg@test1@UModSys@@@8 0000000180005068     plugin_test1.obj
 0003:000000a0       ??_R0?AURTest1_Shell@test1@UModSys@@@8 00000001800050a0     plugin_test1.obj
 0003:000000d8       ??_R0?AURTest1_Generator@test1@UModSys@@@8 00000001800050d8     plugin_test1.obj
 0003:00000110       ??_R0?AUIShell@base@UModSys@@@8 0000000180005110     plugin_test1.obj
 0003:00000140       ??_R0?AUIGenerator@base@UModSys@@@8 0000000180005140     plugin_test1.obj
 0003:00000170       ??_R0?AUIModObject@base@UModSys@@@8 0000000180005170     plugin_test1.obj
 0003:000001a0       ??_R0?AUIRefObject@core@UModSys@@@8 00000001800051a0     plugin_test1.obj
 0003:000001d0       ??_R0?AUIRoot@core@UModSys@@@8 00000001800051d0     plugin_test1.obj
 0003:00000228       ?so_entry_enabled_flag@base@UModSys@@3HA 0000000180005228     umodsys_lib_base:umodsys.so_main.win32.obj
 0003:00000250       ?s_modreg@RTest1_ModuleReg@test1@UModSys@@2U123@A 0000000180005250     plugin_test1.obj
 0003:000002a0       ?s_modreg_chain@RTest1_ModuleReg@test1@UModSys@@2USModuleRegChain@base@3@A 00000001800052a0     plugin_test1.obj
 0003:000002b8       ?s_library@RModuleLibraryReg_Chain@base@UModSys@@2U123@A 00000001800052b8     umodsys_lib_base:umodsys.base.moduleregchain.obj
 0003:000002c0       ??_R0?AUIModuleLibraryReg@base@UModSys@@@8 00000001800052c0     umodsys_lib_base:umodsys.base.moduleregchain.obj
 0003:000002f8       ??_R0?AURModuleLibraryReg_Chain@base@UModSys@@@8 00000001800052f8     umodsys_lib_base:umodsys.base.moduleregchain.obj
 0003:00000334       _fltused                   0000000180005334     MSVCRT:dllsupp.obj
 0003:0000033c       _forceCRTManifestRTM       000000018000533c     MSVCRT:crtmanifestrtm.obj
 0003:00000340       ?__type_info_root_node@@3U__type_info_node@@A 0000000180005340     MSVCRT:tncleanup.obj
 0003:00000378       ?s_uid@RTest1_Generator@test1@UModSys@@2USUniquePointer@core@3@A 0000000180005378     plugin_test1.obj
 0003:000003a8       ?M@UModSys@@3USModuleContext@base@1@A 00000001800053a8     umodsys_lib_base:umodsys.base.modulecontext.obj
 0003:000003c0       ?root@SModuleRegChain@base@UModSys@@2U123@A 00000001800053c0     umodsys_lib_base:umodsys.base.moduleregchain.obj
 0003:000003d8       ?root@SUniquePointer@core@UModSys@@2U123@A 00000001800053d8     umodsys_lib_core:umodsys.core.uniqueptr.obj
 0003:00000408       ?s_id@?$TObjectUniqueID@UIModObject@base@UModSys@@@tl@UModSys@@2USUniquePointer@core@3@A 0000000180005408     plugin_test1.obj
 0003:00000438       ?s_id@?$TObjectUniqueID@UIGenerator@base@UModSys@@@tl@UModSys@@2USUniquePointer@core@3@A 0000000180005438     plugin_test1.obj
 0003:00000468       ?s_id@?$TObjectUniqueID@UIModule@base@UModSys@@@tl@UModSys@@2USUniquePointer@core@3@A 0000000180005468     plugin_test1.obj
 0003:00000498       ?s_id@?$TObjectUniqueID@UIRoot@core@UModSys@@@tl@UModSys@@2USUniquePointer@core@3@A 0000000180005498     plugin_test1.obj
 0003:000004c8       ?s_id@?$TObjectUniqueID@UISystem@base@UModSys@@@tl@UModSys@@2USUniquePointer@core@3@A 00000001800054c8     plugin_test1.obj
 0003:000004f8       ?s_id@?$TObjectUniqueID@UIRefObject@core@UModSys@@@tl@UModSys@@2USUniquePointer@core@3@A 00000001800054f8     plugin_test1.obj
 0003:00000528       ?s_id@?$TObjectUniqueID@UIShell@base@UModSys@@@tl@UModSys@@2USUniquePointer@core@3@A 0000000180005528     plugin_test1.obj
 0003:00000558       ?s_id@?$TObjectUniqueID@UIConsole@base@UModSys@@@tl@UModSys@@2USUniquePointer@core@3@A 0000000180005558     plugin_test1.obj
 0003:00000588       ?s_id@?$TObjectUniqueID@URTest1_Generator@test1@UModSys@@@tl@UModSys@@2USUniquePointer@core@3@A 0000000180005588     plugin_test1.obj
 0003:000005b8       ?s_id@?$TObjectUniqueID@UIModuleLibrary@base@UModSys@@@tl@UModSys@@2USUniquePointer@core@3@A 00000001800055b8     plugin_test1.obj
 0003:000005e8       ?s_id@?$TObjectUniqueID@URTest1_Shell@test1@UModSys@@@tl@UModSys@@2USUniquePointer@core@3@A 00000001800055e8     plugin_test1.obj
 0003:00000618       ?s_id@?$TObjectUniqueID@UIParameters@core@UModSys@@@tl@UModSys@@2USUniquePointer@core@3@A 0000000180005618     plugin_test1.obj
 0003:00000648       __native_startup_state     0000000180005648     <common>
 0003:00000650       __native_startup_lock      0000000180005650     <common>
 0003:00000658       __dyn_tls_init_callback    0000000180005658     <common>
 0003:00000660       __onexitend                0000000180005660     <common>
 0003:00000668       __onexitbegin              0000000180005668     <common>

 entry point at        0001:00000e34

 Static symbols

 0001:00000a40       pre_c_init                 0000000180001a40 f   MSVCRT:crtdll.obj
 0001:00000cfc       __DllMainCRTStartup        0000000180001cfc f   MSVCRT:crtdll.obj
 0001:00001190       _onexit$fin$0              0000000180002190 f   MSVCRT:atonexit.obj
 0001:000011a9       __DllMainCRTStartup$filt$0 00000001800021a9 f   MSVCRT:crtdll.obj
 0001:000011d9       __DllMainCRTStartup$fin$1  00000001800021d9 f   MSVCRT:crtdll.obj
 0001:000011f2       ?filt$0@?0??__ArrayUnwind@@YAXPEAX_KHP6AX0@Z@Z@4HA 00000001800021f2 f   MSVCRT:ehvecdtr.obj
 0001:00001231       ?fin$0@?0???_M@YAXPEAX_KHP6AX0@Z@Z@4HA 0000000180002231 f   MSVCRT:ehvecdtr.obj
 0001:00001260       _IsNonwritableInCurrentImage$filt$0 0000000180002260 f   MSVCRT:pesect.obj
 0001:00001281       ?dtor$0@?0??suicide@RTest1_Shell@test1@UModSys@@UEAAXXZ@4HA 0000000180002281 f    CIL library: CIL module
 0001:00001299       ?dtor$0@?0??generate@RTest1_Generator@test1@UModSys@@UEAA_NAEAU?$TRefObject@UIRefObject@core@UModSys@@@tl@3@PEBUSUniquePointerInfo@core@3@AEBUSParameters@73@@Z@4HA 0000000180002299 f    CIL library: CIL module
 0001:000012b9       ?dtor$1@?0??generate@RTest1_Generator@test1@UModSys@@UEAA_NAEAU?$TRefObject@UIRefObject@core@UModSys@@@tl@3@PEBUSUniquePointerInfo@core@3@AEBUSParameters@73@@Z@4HA 00000001800022b9 f    CIL library: CIL module
 0001:000012d1       ?dtor$0@?0???_GRTest1_Shell@test1@UModSys@@UEAAPEAXI@Z@4HA 00000001800022d1 f    CIL library: CIL module
 0001:000012ec       ??__E?s_modreg@RTest1_ModuleReg@test1@UModSys@@2U123@A@@YAXXZ 00000001800022ec f    CIL library: CIL module
 0001:0000137c       ??__E?s_modreg_chain@RTest1_ModuleReg@test1@UModSys@@2USModuleRegChain@base@3@A@@YAXXZ 000000018000237c f    CIL library: CIL module
 0001:000013b8       ??__E?s_uid@RTest1_Generator@test1@UModSys@@2USUniquePointer@core@3@A@@YAXXZ 00000001800023b8 f    CIL library: CIL module
 0001:000013ec       ??__E?s_id@?$TObjectUniqueID@UIRoot@core@UModSys@@@tl@UModSys@@2USUniquePointer@core@3@A@@YAXXZ 00000001800023ec f    CIL library: CIL module
 0001:00001420       ??__E?s_id@?$TObjectUniqueID@UIRefObject@core@UModSys@@@tl@UModSys@@2USUniquePointer@core@3@A@@YAXXZ 0000000180002420 f    CIL library: CIL module
 0001:00001454       ??__E?s_id@?$TObjectUniqueID@UIParameters@core@UModSys@@@tl@UModSys@@2USUniquePointer@core@3@A@@YAXXZ 0000000180002454 f    CIL library: CIL module
 0001:00001488       ??__E?s_id@?$TObjectUniqueID@UIConsole@base@UModSys@@@tl@UModSys@@2USUniquePointer@core@3@A@@YAXXZ 0000000180002488 f    CIL library: CIL module
 0001:000014bc       ??__E?s_id@?$TObjectUniqueID@UIModule@base@UModSys@@@tl@UModSys@@2USUniquePointer@core@3@A@@YAXXZ 00000001800024bc f    CIL library: CIL module
 0001:000014f0       ??__E?s_id@?$TObjectUniqueID@UIModuleLibrary@base@UModSys@@@tl@UModSys@@2USUniquePointer@core@3@A@@YAXXZ 00000001800024f0 f    CIL library: CIL module
 0001:00001524       ??__E?s_id@?$TObjectUniqueID@UISystem@base@UModSys@@@tl@UModSys@@2USUniquePointer@core@3@A@@YAXXZ 0000000180002524 f    CIL library: CIL module
 0001:00001558       ??__E?s_id@?$TObjectUniqueID@UIModObject@base@UModSys@@@tl@UModSys@@2USUniquePointer@core@3@A@@YAXXZ 0000000180002558 f    CIL library: CIL module
 0001:0000158c       ??__E?s_id@?$TObjectUniqueID@UIGenerator@base@UModSys@@@tl@UModSys@@2USUniquePointer@core@3@A@@YAXXZ 000000018000258c f    CIL library: CIL module
 0001:000015c0       ??__E?s_id@?$TObjectUniqueID@UIShell@base@UModSys@@@tl@UModSys@@2USUniquePointer@core@3@A@@YAXXZ 00000001800025c0 f    CIL library: CIL module
 0001:000015f4       ??__E?s_id@?$TObjectUniqueID@URTest1_Shell@test1@UModSys@@@tl@UModSys@@2USUniquePointer@core@3@A@@YAXXZ 00000001800025f4 f    CIL library: CIL module
 0001:00001628       ??__E?s_id@?$TObjectUniqueID@URTest1_Generator@test1@UModSys@@@tl@UModSys@@2USUniquePointer@core@3@A@@YAXXZ 0000000180002628 f    CIL library: CIL module
 0001:0000165c       ??__EM@UModSys@@YAXXZ      000000018000265c f    CIL library: CIL module
 0001:00001668       ??__E?root@SModuleRegChain@base@UModSys@@2U123@A@@YAXXZ 0000000180002668 f    CIL library: CIL module
 0001:00001674       ??__E?s_library@RModuleLibraryReg_Chain@base@UModSys@@2U123@A@@YAXXZ 0000000180002674 f    CIL library: CIL module
 0001:00001680       ??__E?root@SUniquePointer@core@UModSys@@2U123@A@@YAXXZ 0000000180002680 f    CIL library: CIL module
 0001:0000168c       ??__F?s_modreg@RTest1_ModuleReg@test1@UModSys@@2U123@A@@YAXXZ 000000018000268c f    CIL library: CIL module
 0001:0000169c       ??__F?s_modreg_chain@RTest1_ModuleReg@test1@UModSys@@2USModuleRegChain@base@3@A@@YAXXZ 000000018000269c f    CIL library: CIL module
 0001:000016dc       ??__F?s_uid@RTest1_Generator@test1@UModSys@@2USUniquePointer@core@3@A@@YAXXZ 00000001800026dc f    CIL library: CIL module
 0001:000016e8       ??__Fh@?1??s_holder@RTest1_Generator@test1@UModSys@@SAAEAU?$TTypeStaticHolder@URTest1_Generator@test1@UModSys@@@tl@3@XZ@YAXXZ 00000001800026e8 f    CIL library: CIL module
 0001:00001710       ??__F?s_id@?$TObjectUniqueID@URTest1_Generator@test1@UModSys@@@tl@UModSys@@2USUniquePointer@core@3@A@@YAXXZ 0000000180002710 f    CIL library: CIL module
 0001:0000171c       ??__F?s_id@?$TObjectUniqueID@URTest1_Shell@test1@UModSys@@@tl@UModSys@@2USUniquePointer@core@3@A@@YAXXZ 000000018000271c f    CIL library: CIL module
 0001:00001728       ??__F?s_id@?$TObjectUniqueID@UIShell@base@UModSys@@@tl@UModSys@@2USUniquePointer@core@3@A@@YAXXZ 0000000180002728 f    CIL library: CIL module
 0001:00001734       ??__F?s_id@?$TObjectUniqueID@UIGenerator@base@UModSys@@@tl@UModSys@@2USUniquePointer@core@3@A@@YAXXZ 0000000180002734 f    CIL library: CIL module
 0001:00001740       ??__F?s_id@?$TObjectUniqueID@UIModObject@base@UModSys@@@tl@UModSys@@2USUniquePointer@core@3@A@@YAXXZ 0000000180002740 f    CIL library: CIL module
 0001:0000174c       ??__F?s_id@?$TObjectUniqueID@UISystem@base@UModSys@@@tl@UModSys@@2USUniquePointer@core@3@A@@YAXXZ 000000018000274c f    CIL library: CIL module
 0001:00001758       ??__F?s_id@?$TObjectUniqueID@UIModuleLibrary@base@UModSys@@@tl@UModSys@@2USUniquePointer@core@3@A@@YAXXZ 0000000180002758 f    CIL library: CIL module
 0001:00001764       ??__F?s_id@?$TObjectUniqueID@UIModule@base@UModSys@@@tl@UModSys@@2USUniquePointer@core@3@A@@YAXXZ 0000000180002764 f    CIL library: CIL module
 0001:00001770       ??__F?s_id@?$TObjectUniqueID@UIConsole@base@UModSys@@@tl@UModSys@@2USUniquePointer@core@3@A@@YAXXZ 0000000180002770 f    CIL library: CIL module
 0001:0000177c       ??__F?s_id@?$TObjectUniqueID@UIParameters@core@UModSys@@@tl@UModSys@@2USUniquePointer@core@3@A@@YAXXZ 000000018000277c f    CIL library: CIL module
 0001:00001788       ??__F?s_id@?$TObjectUniqueID@UIRefObject@core@UModSys@@@tl@UModSys@@2USUniquePointer@core@3@A@@YAXXZ 0000000180002788 f    CIL library: CIL module
 0001:00001794       ??__F?s_id@?$TObjectUniqueID@UIRoot@core@UModSys@@@tl@UModSys@@2USUniquePointer@core@3@A@@YAXXZ 0000000180002794 f    CIL library: CIL module
 0001:000017a0       ??__FM@UModSys@@YAXXZ      00000001800027a0 f    CIL library: CIL module
 0001:000017a4       ??__F?root@SModuleRegChain@base@UModSys@@2U123@A@@YAXXZ 00000001800027a4 f    CIL library: CIL module
 0001:000017e4       ??__F?s_library@RModuleLibraryReg_Chain@base@UModSys@@2U123@A@@YAXXZ 00000001800027e4 f    CIL library: CIL module
 0001:000017f4       ??__F?root@SUniquePointer@core@UModSys@@2U123@A@@YAXXZ 00000001800027f4 f    CIL library: CIL module

 Exports

  ordinal    name

        1    UModSys_Plugin_Entry2
