 plugin_test1

 Timestamp is 527cf7ec (Fri Nov 08 17:40:44 2013)

 Preferred load address is 0000000180000000

 Start         Length     Name                   Class
 0001:00000000 00004e36H .text                   CODE
 0001:00004e40 0000005eH .text$00                CODE
 0001:00004ea0 00000550H .text$x                 CODE
 0001:000053f0 00000b90H .text$yc                CODE
 0001:00005f80 00000408H .text$yd                CODE
 0002:00000000 000002c0H .idata$5                DATA
 0002:000002c0 00000008H .CRT$XCA                DATA
 0002:000002c8 000006c8H .CRT$XCU                DATA
 0002:00000990 00000008H .CRT$XCZ                DATA
 0002:00000998 00000008H .CRT$XIA                DATA
 0002:000009a0 00000008H .CRT$XIAA               DATA
 0002:000009a8 00000008H .CRT$XIZ                DATA
 0002:000009b0 00001828H .rdata                  DATA
 0002:000021d8 00000d4cH .rdata$r                DATA
 0002:00002f28 00000008H .rtc$IAA                DATA
 0002:00002f30 00000008H .rtc$IZZ                DATA
 0002:00002f38 00000008H .rtc$TAA                DATA
 0002:00002f40 00000008H .rtc$TZZ                DATA
 0002:00002f48 000009b0H .xdata                  DATA
 0002:000038f8 00000064H .idata$2                DATA
 0002:0000395c 00000014H .idata$3                DATA
 0002:00003970 000002c0H .idata$4                DATA
 0002:00003c30 00000674H .idata$6                DATA
 0002:000042b0 00000059H .edata                  DATA
 0003:00000000 00000760H .data                   DATA
 0003:00000760 00000b80H .bss                    DATA
 0004:00000000 0000099cH .pdata                  DATA

  Address         Publics by Value              Rva+Base               Lib:Object

 0000:00000000       ___safe_se_handler_count   0000000000000000     <absolute>
 0000:00000000       ___safe_se_handler_table   0000000000000000     <absolute>
 0000:00000000       __ImageBase                0000000180000000     <linker-defined>
 0001:00000000       ??1SMemShared@core@UModSys@@QEAA@XZ 0000000180001000 f i plugin_test1.obj
 0001:00000024       ??6SUniquePtrList@core@UModSys@@QEAAAEAU012@PEBUSUniquePointerInfo@12@@Z 0000000180001024 f i plugin_test1.obj
 0001:000000dc       ??3IRoot@core@UModSys@@SAXPEAXAEBUSIMemAlloc@12@@Z 00000001800010dc f i plugin_test1.obj
 0001:00000108       ??1SParameters@core@UModSys@@QEAA@XZ 0000000180001108 f i plugin_test1.obj
 0001:00000108       ??1?$TParametersA@$0EAA@@core@UModSys@@QEAA@XZ 0000000180001108 f i plugin_test1.obj
 0001:00000124       ??_ERGenerator@test1@test@modules@UModSys@@UEAAPEAXI@Z 0000000180001124 f i  CIL library: CIL module
 0001:00000124       ??_EIRoot@core@UModSys@@UEAAPEAXI@Z 0000000180001124 f i  CIL library: CIL module
 0001:00000124       ??_GRGenerator@test1@test@modules@UModSys@@UEAAPEAXI@Z 0000000180001124 f i plugin_test1.obj
 0001:00000124       ??_GIRoot@core@UModSys@@UEAAPEAXI@Z 0000000180001124 f i plugin_test1.obj
 0001:00000124       ??_ERGenerator@SDL_core@ui@modules@UModSys@@UEAAPEAXI@Z 0000000180001124 f i  CIL library: CIL module
 0001:00000124       ??_ERGenerator@images_std@media@modules@UModSys@@UEAAPEAXI@Z 0000000180001124 f i  CIL library: CIL module
 0001:00000124       ??_GRGenerator@images_std@media@modules@UModSys@@UEAAPEAXI@Z 0000000180001124 f i umodsys_lib_libmedia:umodsys.mod.media.images_std.obj
 0001:00000124       ??_GRGenerator@SDL_core@ui@modules@UModSys@@UEAAPEAXI@Z 0000000180001124 f i umodsys_lib_libui:umodsys.mod.ui.SDL_core.obj
 0001:0000014c       ?root_get_interface_info@RTest1_Shell@test1@test@modules@UModSys@@UEBAAEBUSUniquePointerInfo@core@5@XZ 000000018000114c f i plugin_test1.obj
 0001:00000154       ?root_get_interface_type@RTest1_Shell@test1@test@modules@UModSys@@UEBAPEBUSUniquePointerInfo@core@5@XZ 0000000180001154 f i plugin_test1.obj
 0001:0000015c       ?root_get_other_interface@RTest1_Shell@test1@test@modules@UModSys@@UEAAPEAUIRoot@core@5@PEBUSUniquePointerInfo@75@@Z 000000018000115c f i plugin_test1.obj
 0001:0000015c       ?root_get_other_interface@RTest1_Shell@test1@test@modules@UModSys@@UEBAPEBUIRoot@core@5@PEBUSUniquePointerInfo@75@@Z 000000018000115c f i plugin_test1.obj
 0001:0000018c       ?root_is_interface_supported@RTest1_Shell@test1@test@modules@UModSys@@UEBA_NPEBUSUniquePointerInfo@core@5@@Z 000000018000118c f i plugin_test1.obj
 0001:000001bc       ??0RTest1_Shell@test1@test@modules@UModSys@@QEAA@PEAUIModObject@base@4@@Z 00000001800011bc f i plugin_test1.obj
 0001:000002c8       ?connect@RTest1_Shell@test1@test@modules@UModSys@@UEAA_NXZ 00000001800012c8 f i plugin_test1.obj
 0001:000002ec       ?disconnect@RTest1_Shell@test1@test@modules@UModSys@@UEAA_NXZ 00000001800012ec f i plugin_test1.obj
 0001:00000310       ?process_tick@RTest1_Shell@test1@test@modules@UModSys@@UEAA_NAEBUSTimeMsec@core@5@@Z 0000000180001310 f i plugin_test1.obj
 0001:00000348       ?process_command@RTest1_Shell@test1@test@modules@UModSys@@UEAA_NHQEBU?$TString@U?$TSCoreConst@D@su@tl@UModSys@@U?$TComparerBinaryHash@D@234@@tl@5@@Z 0000000180001348 f i plugin_test1.obj
 0001:0000036c       ??_ERTest1_Shell@test1@test@modules@UModSys@@UEAAPEAXI@Z 000000018000136c f i  CIL library: CIL module
 0001:0000036c       ??_GRTest1_Shell@test1@test@modules@UModSys@@UEAAPEAXI@Z 000000018000136c f i plugin_test1.obj
 0001:00000404       ?ui_newterm@RTest1_Shell@test1@test@modules@UModSys@@QEAA?AU?$TRefObject@UITerminal@libui@UModSys@@U?$TRefObjectFunc@UITerminal@libui@UModSys@@@tl@3@@tl@5@AEBU?$TString@U?$TSCoreConst@D@su@tl@UModSys@@U?$TComparerBinaryHash@D@234@@75@AEBUSParameters@core@5@@Z 0000000180001404 f   plugin_test1.obj
 0001:00000588       ?ui_test1@RTest1_Shell@test1@test@modules@UModSys@@QEAAXXZ 0000000180001588 f   plugin_test1.obj
 0001:00000c6c       ?get_generated_names@RGenerator@test1@test@modules@UModSys@@UEBAHAEAUSUniquePtrList@core@5@@Z 0000000180001c6c f i plugin_test1.obj
 0001:00000c8c       ?get_generated_types@RGenerator@test1@test@modules@UModSys@@UEBAHAEAUSUniquePtrList@core@5@PEBUSUniquePointerInfo@75@@Z 0000000180001c8c f i plugin_test1.obj
 0001:00000ce8       ?generate@RGenerator@test1@test@modules@UModSys@@UEAA_NAEAU?$TRefObject@UIRefObject@core@UModSys@@U?$TRefObjectFunc@UIRefObject@core@UModSys@@@tl@3@@tl@5@PEBUSUniquePointerInfo@core@5@AEBUSParameters@95@@Z 0000000180001ce8 f i plugin_test1.obj
 0001:00000dac       ?root_get_interface_info@RGenerator@test1@test@modules@UModSys@@UEBAAEBUSUniquePointerInfo@core@5@XZ 0000000180001dac f i plugin_test1.obj
 0001:00000db4       ?root_get_interface_type@RGenerator@test1@test@modules@UModSys@@UEBAPEBUSUniquePointerInfo@core@5@XZ 0000000180001db4 f i plugin_test1.obj
 0001:00000dbc       ?root_get_other_interface@RGenerator@test1@test@modules@UModSys@@UEBAPEBUIRoot@core@5@PEBUSUniquePointerInfo@75@@Z 0000000180001dbc f i plugin_test1.obj
 0001:00000dbc       ?root_get_other_interface@RGenerator@test1@test@modules@UModSys@@UEAAPEAUIRoot@core@5@PEBUSUniquePointerInfo@75@@Z 0000000180001dbc f i plugin_test1.obj
 0001:00000df4       ?root_is_interface_supported@RGenerator@test1@test@modules@UModSys@@UEBA_NPEBUSUniquePointerInfo@core@5@@Z 0000000180001df4 f i plugin_test1.obj
 0001:00000e2c       ?get_uid@RGenerator@test1@test@modules@UModSys@@UEBAPEBUSUniquePointerInfo@core@5@XZ 0000000180001e2c f i plugin_test1.obj
 0001:00000e34       ?do_open@RModuleReg@test1@test@modules@UModSys@@UEAA_NXZ 0000000180001e34 f i plugin_test1.obj
 0001:00000ec0       ?do_close@RModuleReg@test1@test@modules@UModSys@@UEAA_NXZ 0000000180001ec0 f i plugin_test1.obj
 0001:00000f28       ?get_module@RGenerator@test1@test@modules@UModSys@@UEBAPEAUIModule@base@5@XZ 0000000180001f28 f   plugin_test1.obj
 0001:00000f30       ?mod_inc@RGenerator@test1@test@modules@UModSys@@UEBA_NXZ 0000000180001f30 f   plugin_test1.obj
 0001:00000f40       ?mod_dec@RGenerator@test1@test@modules@UModSys@@UEBA_NXZ 0000000180001f40 f   plugin_test1.obj
 0001:00000f54       ?s_holder@RGenerator@test1@test@modules@UModSys@@SAAEAU?$TTypeStaticHolder@URGenerator@test1@test@modules@UModSys@@@tl@5@XZ 0000000180001f54 f   plugin_test1.obj
 0001:00000f98       ??0?$TString@U?$TSCoreConst@D@su@tl@UModSys@@U?$TComparerBinaryHash@D@234@@tl@UModSys@@QEAA@PEBD@Z 0000000180001f98 f i plugin_test1.obj
 0001:00001004       ??1?$TRefObject@URMediaFilter@images_std@media@modules@UModSys@@U?$TRefObjectFunc@URMediaFilter@images_std@media@modules@UModSys@@@tl@5@@tl@UModSys@@QEAA@XZ 0000000180002004 f i umodsys_lib_libmedia:umodsys.mod.media.images_std.obj
 0001:00001004       ??1?$TRefObject@URRenderDriver2D_SDL_core@SDL_core@ui@modules@UModSys@@U?$TRefObjectFunc@URRenderDriver2D_SDL_core@SDL_core@ui@modules@UModSys@@@tl@5@@tl@UModSys@@QEAA@XZ 0000000180002004 f i umodsys_lib_libui:umodsys.mod.ui.SDL_core.obj
 0001:00001004       ??1?$TRefObject@UIMultiImage@lib2d@UModSys@@U?$TRefObjectFunc@UIMultiImage@lib2d@UModSys@@@tl@3@@tl@UModSys@@QEAA@XZ 0000000180002004 f i plugin_test1.obj
 0001:00001004       ??1?$TRefObject@URTerminal_SDL_core@SDL_core@ui@modules@UModSys@@U?$TRefObjectFunc@URTerminal_SDL_core@SDL_core@ui@modules@UModSys@@@tl@5@@tl@UModSys@@QEAA@XZ 0000000180002004 f i umodsys_lib_libui:umodsys.mod.ui.SDL_core.obj
 0001:00001004       ??1?$TRefObject@UITerminal@libui@UModSys@@U?$TRefObjectFunc@UITerminal@libui@UModSys@@@tl@3@@tl@UModSys@@QEAA@XZ 0000000180002004 f i plugin_test1.obj
 0001:00001004       ??1?$TRefObject@URMultiImage2D_SDL_ttf@SDL_core@ui@modules@UModSys@@U?$TRefObjectFunc@URMultiImage2D_SDL_ttf@SDL_core@ui@modules@UModSys@@@tl@5@@tl@UModSys@@QEAA@XZ 0000000180002004 f i umodsys_lib_libui:umodsys.mod.ui.SDL_core.obj
 0001:00001004       ??1?$TRefObject@UIRefObject@core@UModSys@@U?$TRefObjectFunc@UIRefObject@core@UModSys@@@tl@3@@tl@UModSys@@QEAA@XZ 0000000180002004 f i plugin_test1.obj
 0001:00001004       ??1?$TRefObject@UIRenderDriver@lib2d@UModSys@@U?$TRefObjectFunc@UIRenderDriver@lib2d@UModSys@@@tl@3@@tl@UModSys@@QEAA@XZ 0000000180002004 f i plugin_test1.obj
 0001:00001028       ??1?$TRefObject@UIModObject@base@UModSys@@U?$TModObjectFunc@UIModObject@base@UModSys@@@tl@3@@tl@UModSys@@QEAA@XZ 0000000180002028 f i plugin_test1.obj
 0001:00001054       ?root_get_interface_info@RMultiImage2D_SDL_ttf@SDL_core@ui@modules@UModSys@@UEBAAEBUSUniquePointerInfo@core@5@XZ 0000000180002054 f i umodsys_lib_libui:umodsys.mod.ui.SDL_core.obj
 0001:0000105c       ?root_get_interface_type@RMultiImage2D_SDL_ttf@SDL_core@ui@modules@UModSys@@UEBAPEBUSUniquePointerInfo@core@5@XZ 000000018000205c f i umodsys_lib_libui:umodsys.mod.ui.SDL_core.obj
 0001:00001064       ?root_get_other_interface@RMultiImage2D_SDL_ttf@SDL_core@ui@modules@UModSys@@UEAAPEAUIRoot@core@5@PEBUSUniquePointerInfo@75@@Z 0000000180002064 f i umodsys_lib_libui:umodsys.mod.ui.SDL_core.obj
 0001:00001064       ?root_get_other_interface@RMultiImage2D_SDL_ttf@SDL_core@ui@modules@UModSys@@UEBAPEBUIRoot@core@5@PEBUSUniquePointerInfo@75@@Z 0000000180002064 f i umodsys_lib_libui:umodsys.mod.ui.SDL_core.obj
 0001:00001094       ?root_is_interface_supported@RMultiImage2D_SDL_ttf@SDL_core@ui@modules@UModSys@@UEBA_NPEBUSUniquePointerInfo@core@5@@Z 0000000180002094 f i umodsys_lib_libui:umodsys.mod.ui.SDL_core.obj
 0001:000010c4       ?ref_remove@RGenerator@SDL_core@ui@modules@UModSys@@UEBAXXZ 00000001800020c4 f i umodsys_lib_libui:umodsys.mod.ui.SDL_core.obj
 0001:000010c4       ?ref_remove@RMultiImage2D_SDL_ttf@SDL_core@ui@modules@UModSys@@UEBAXXZ 00000001800020c4 f i umodsys_lib_libui:umodsys.mod.ui.SDL_core.obj
 0001:000010c4       ?ref_remove@RTest1_Shell@test1@test@modules@UModSys@@UEBAXXZ 00000001800020c4 f i plugin_test1.obj
 0001:000010c4       ?ref_remove@RGenerator@test1@test@modules@UModSys@@UEBAXXZ 00000001800020c4 f i plugin_test1.obj
 0001:000010c4       ?ref_remove@RTerminal_SDL_core@SDL_core@ui@modules@UModSys@@UEBAXXZ 00000001800020c4 f i umodsys_lib_libui:umodsys.mod.ui.SDL_core.obj
 0001:000010c4       ?ref_remove@RRenderDriver2D_SDL_core@SDL_core@ui@modules@UModSys@@UEBAXXZ 00000001800020c4 f i umodsys_lib_libui:umodsys.mod.ui.SDL_core.obj
 0001:000010c4       ?ref_remove@RGenerator@images_std@media@modules@UModSys@@UEBAXXZ 00000001800020c4 f i umodsys_lib_libmedia:umodsys.mod.media.images_std.obj
 0001:000010dc       ??0RMultiImage2D_SDL_ttf@SDL_core@ui@modules@UModSys@@QEAA@PEAURRenderDriver2D_SDL_core@1234@AEBUSParameters@core@4@@Z 00000001800020dc f i umodsys_lib_libui:umodsys.mod.ui.SDL_core.obj
 0001:00001220       ?generate_glyphs@RMultiImage2D_SDL_ttf@SDL_core@ui@modules@UModSys@@QEAA_NXZ 0000000180002220 f i umodsys_lib_libui:umodsys.mod.ui.SDL_core.obj
 0001:000013fc       ??_ERMultiImage2D_SDL_ttf@SDL_core@ui@modules@UModSys@@UEAAPEAXI@Z 00000001800023fc f i  CIL library: CIL module
 0001:000013fc       ??_GRMultiImage2D_SDL_ttf@SDL_core@ui@modules@UModSys@@UEAAPEAXI@Z 00000001800023fc f i umodsys_lib_libui:umodsys.mod.ui.SDL_core.obj
 0001:000014c0       ?root_get_interface_info@RRenderDriver2D_SDL_core@SDL_core@ui@modules@UModSys@@UEBAAEBUSUniquePointerInfo@core@5@XZ 00000001800024c0 f i umodsys_lib_libui:umodsys.mod.ui.SDL_core.obj
 0001:000014c8       ?root_get_interface_type@RRenderDriver2D_SDL_core@SDL_core@ui@modules@UModSys@@UEBAPEBUSUniquePointerInfo@core@5@XZ 00000001800024c8 f i umodsys_lib_libui:umodsys.mod.ui.SDL_core.obj
 0001:000014d0       ?root_get_other_interface@RRenderDriver2D_SDL_core@SDL_core@ui@modules@UModSys@@UEAAPEAUIRoot@core@5@PEBUSUniquePointerInfo@75@@Z 00000001800024d0 f i umodsys_lib_libui:umodsys.mod.ui.SDL_core.obj
 0001:000014d0       ?root_get_other_interface@RRenderDriver2D_SDL_core@SDL_core@ui@modules@UModSys@@UEBAPEBUIRoot@core@5@PEBUSUniquePointerInfo@75@@Z 00000001800024d0 f i umodsys_lib_libui:umodsys.mod.ui.SDL_core.obj
 0001:00001500       ?root_is_interface_supported@RRenderDriver2D_SDL_core@SDL_core@ui@modules@UModSys@@UEBA_NPEBUSUniquePointerInfo@core@5@@Z 0000000180002500 f i umodsys_lib_libui:umodsys.mod.ui.SDL_core.obj
 0001:00001530       ?ref_weak@RRenderDriver2D_SDL_core@SDL_core@ui@modules@UModSys@@UEBA_NAEAUWeakPointer@IRefObject@core@5@@Z 0000000180002530 f i umodsys_lib_libui:umodsys.mod.ui.SDL_core.obj
 0001:00001530       ?ref_weak@RTerminal_SDL_core@SDL_core@ui@modules@UModSys@@UEBA_NAEAUWeakPointer@IRefObject@core@5@@Z 0000000180002530 f i umodsys_lib_libui:umodsys.mod.ui.SDL_core.obj
 0001:00001530       ?ref_weak@RMultiImage2D_SDL_ttf@SDL_core@ui@modules@UModSys@@UEBA_NAEAUWeakPointer@IRefObject@core@5@@Z 0000000180002530 f i umodsys_lib_libui:umodsys.mod.ui.SDL_core.obj
 0001:00001530       ?ref_weak@RGenerator@images_std@media@modules@UModSys@@UEBA_NAEAUWeakPointer@IRefObject@core@5@@Z 0000000180002530 f i umodsys_lib_libmedia:umodsys.mod.media.images_std.obj
 0001:00001530       ?ref_weak@RGenerator@test1@test@modules@UModSys@@UEBA_NAEAUWeakPointer@IRefObject@core@5@@Z 0000000180002530 f i plugin_test1.obj
 0001:00001530       ?ref_weak@RGenerator@SDL_core@ui@modules@UModSys@@UEBA_NAEAUWeakPointer@IRefObject@core@5@@Z 0000000180002530 f i umodsys_lib_libui:umodsys.mod.ui.SDL_core.obj
 0001:00001530       ?ref_weak@RTest1_Shell@test1@test@modules@UModSys@@UEBA_NAEAUWeakPointer@IRefObject@core@5@@Z 0000000180002530 f i plugin_test1.obj
 0001:00001550       ?suicide@RMultiImage2D_SDL_ttf@SDL_core@ui@modules@UModSys@@UEAAXXZ 0000000180002550 f i umodsys_lib_libui:umodsys.mod.ui.SDL_core.obj
 0001:00001550       ?suicide@RRenderDriver2D_SDL_core@SDL_core@ui@modules@UModSys@@UEAAXXZ 0000000180002550 f i umodsys_lib_libui:umodsys.mod.ui.SDL_core.obj
 0001:00001594       ??0RRenderDriver2D_SDL_core@SDL_core@ui@modules@UModSys@@QEAA@PEAURTerminal_SDL_core@1234@AEBUSParameters@core@4@@Z 0000000180002594 f i umodsys_lib_libui:umodsys.mod.ui.SDL_core.obj
 0001:000017c0       ?set_color@RRenderDriver2D_SDL_core@SDL_core@ui@modules@UModSys@@QEAAXXZ 00000001800027c0 f i umodsys_lib_libui:umodsys.mod.ui.SDL_core.obj
 0001:00001834       ?begin@RRenderDriver2D_SDL_core@SDL_core@ui@modules@UModSys@@UEAAXXZ 0000000180002834 f i umodsys_lib_libui:umodsys.mod.ui.SDL_core.obj
 0001:000018a0       ?end@RRenderDriver2D_SDL_core@SDL_core@ui@modules@UModSys@@UEAAXXZ 00000001800028a0 f i umodsys_lib_libui:umodsys.mod.ui.SDL_core.obj
 0001:000018b8       ?setup_font@RRenderDriver2D_SDL_core@SDL_core@ui@modules@UModSys@@UEAA_NPEAUIMultiImage@lib2d@5@PEBU?$TVector2@M@math3d@5@@Z 00000001800028b8 f i umodsys_lib_libui:umodsys.mod.ui.SDL_core.obj
 0001:00001938       ?setup_color@RRenderDriver2D_SDL_core@SDL_core@ui@modules@UModSys@@UEAAXAEBU?$TVector3@M@math3d@5@@Z 0000000180002938 f i umodsys_lib_libui:umodsys.mod.ui.SDL_core.obj
 0001:00001960       ?setup_color@RRenderDriver2D_SDL_core@SDL_core@ui@modules@UModSys@@UEAAXAEBU?$TVector3@H@math3d@5@@Z 0000000180002960 f i umodsys_lib_libui:umodsys.mod.ui.SDL_core.obj
 0001:000019b0       ?setup_coloralpha@RRenderDriver2D_SDL_core@SDL_core@ui@modules@UModSys@@UEAAXAEBU?$TVector4@M@math3d@5@H@Z 00000001800029b0 f i umodsys_lib_libui:umodsys.mod.ui.SDL_core.obj
 0001:000019d4       ?setup_coloralpha@RRenderDriver2D_SDL_core@SDL_core@ui@modules@UModSys@@UEAAXAEBU?$TVector4@H@math3d@5@H@Z 00000001800029d4 f i umodsys_lib_libui:umodsys.mod.ui.SDL_core.obj
 0001:00001a38       ?setup_blendcolor@RRenderDriver2D_SDL_core@SDL_core@ui@modules@UModSys@@UEAAXAEBUSBlendColor@lib2d@5@@Z 0000000180002a38 f i umodsys_lib_libui:umodsys.mod.ui.SDL_core.obj
 0001:00001aa0       ?setup_blendcolor@RRenderDriver2D_SDL_core@SDL_core@ui@modules@UModSys@@UEAAXAEBUSBlendColorf@lib2d@5@@Z 0000000180002aa0 f i umodsys_lib_libui:umodsys.mod.ui.SDL_core.obj
 0001:00001ae0       ?setup_alpha@RRenderDriver2D_SDL_core@SDL_core@ui@modules@UModSys@@UEAAXHH@Z 0000000180002ae0 f i umodsys_lib_libui:umodsys.mod.ui.SDL_core.obj
 0001:00001b10       ?setup_alpha@RRenderDriver2D_SDL_core@SDL_core@ui@modules@UModSys@@UEAAXMH@Z 0000000180002b10 f i umodsys_lib_libui:umodsys.mod.ui.SDL_core.obj
 0001:00001b30       ?render_text_advanced@RRenderDriver2D_SDL_core@SDL_core@ui@modules@UModSys@@UEAA_NAEAUTextInfo@IRenderDriver@lib2d@5@PEBHH@Z 0000000180002b30 f i umodsys_lib_libui:umodsys.mod.ui.SDL_core.obj
 0001:00001cbc       ?render_box@RRenderDriver2D_SDL_core@SDL_core@ui@modules@UModSys@@UEAAXAEBU?$TVector2@H@math3d@5@0@Z 0000000180002cbc f i umodsys_lib_libui:umodsys.mod.ui.SDL_core.obj
 0001:00001d08       ?render_tri@RRenderDriver2D_SDL_core@SDL_core@ui@modules@UModSys@@UEAAXAEBU?$TVector2@H@math3d@5@00@Z 0000000180002d08 f i umodsys_lib_libui:umodsys.mod.ui.SDL_core.obj
 0001:00001d80       ?render_quad@RRenderDriver2D_SDL_core@SDL_core@ui@modules@UModSys@@UEAAXAEBU?$TVector2@H@math3d@5@000@Z 0000000180002d80 f i umodsys_lib_libui:umodsys.mod.ui.SDL_core.obj
 0001:00001e28       ?render_line@RRenderDriver2D_SDL_core@SDL_core@ui@modules@UModSys@@UEAAXAEBU?$TVector2@H@math3d@5@0@Z 0000000180002e28 f i umodsys_lib_libui:umodsys.mod.ui.SDL_core.obj
 0001:00001e50       ?render_rect@RRenderDriver2D_SDL_core@SDL_core@ui@modules@UModSys@@UEAAXAEBU?$TVector2@H@math3d@5@0@Z 0000000180002e50 f i umodsys_lib_libui:umodsys.mod.ui.SDL_core.obj
 0001:00001e9c       ??_GRRenderDriver2D_SDL_core@SDL_core@ui@modules@UModSys@@UEAAPEAXI@Z 0000000180002e9c f i umodsys_lib_libui:umodsys.mod.ui.SDL_core.obj
 0001:00001e9c       ??_ERRenderDriver2D_SDL_core@SDL_core@ui@modules@UModSys@@UEAAPEAXI@Z 0000000180002e9c f i  CIL library: CIL module
 0001:00001f24       ?root_get_interface_info@RTerminal_SDL_core@SDL_core@ui@modules@UModSys@@UEBAAEBUSUniquePointerInfo@core@5@XZ 0000000180002f24 f i umodsys_lib_libui:umodsys.mod.ui.SDL_core.obj
 0001:00001f2c       ?root_get_interface_type@RTerminal_SDL_core@SDL_core@ui@modules@UModSys@@UEBAPEBUSUniquePointerInfo@core@5@XZ 0000000180002f2c f i umodsys_lib_libui:umodsys.mod.ui.SDL_core.obj
 0001:00001f34       ?root_get_other_interface@RTerminal_SDL_core@SDL_core@ui@modules@UModSys@@UEBAPEBUIRoot@core@5@PEBUSUniquePointerInfo@75@@Z 0000000180002f34 f i umodsys_lib_libui:umodsys.mod.ui.SDL_core.obj
 0001:00001f34       ?root_get_other_interface@RTerminal_SDL_core@SDL_core@ui@modules@UModSys@@UEAAPEAUIRoot@core@5@PEBUSUniquePointerInfo@75@@Z 0000000180002f34 f i umodsys_lib_libui:umodsys.mod.ui.SDL_core.obj
 0001:00001f64       ?root_is_interface_supported@RTerminal_SDL_core@SDL_core@ui@modules@UModSys@@UEBA_NPEBUSUniquePointerInfo@core@5@@Z 0000000180002f64 f i umodsys_lib_libui:umodsys.mod.ui.SDL_core.obj
 0001:00001f94       ?ref_links@RGenerator@images_std@media@modules@UModSys@@UEBAHXZ 0000000180002f94 f i umodsys_lib_libmedia:umodsys.mod.media.images_std.obj
 0001:00001f94       ?ref_links@RRenderDriver2D_SDL_core@SDL_core@ui@modules@UModSys@@UEBAHXZ 0000000180002f94 f i umodsys_lib_libui:umodsys.mod.ui.SDL_core.obj
 0001:00001f94       ?ref_links@RTerminal_SDL_core@SDL_core@ui@modules@UModSys@@UEBAHXZ 0000000180002f94 f i umodsys_lib_libui:umodsys.mod.ui.SDL_core.obj
 0001:00001f94       ?ref_links@RMultiImage2D_SDL_ttf@SDL_core@ui@modules@UModSys@@UEBAHXZ 0000000180002f94 f i umodsys_lib_libui:umodsys.mod.ui.SDL_core.obj
 0001:00001f94       ?ref_links@RGenerator@test1@test@modules@UModSys@@UEBAHXZ 0000000180002f94 f i plugin_test1.obj
 0001:00001f94       ?ref_links@RTest1_Shell@test1@test@modules@UModSys@@UEBAHXZ 0000000180002f94 f i plugin_test1.obj
 0001:00001f94       ?ref_links@RGenerator@SDL_core@ui@modules@UModSys@@UEBAHXZ 0000000180002f94 f i umodsys_lib_libui:umodsys.mod.ui.SDL_core.obj
 0001:00001f98       ?suicide@RTerminal_SDL_core@SDL_core@ui@modules@UModSys@@UEAAXXZ 0000000180002f98 f i umodsys_lib_libui:umodsys.mod.ui.SDL_core.obj
 0001:00001f98       ?suicide@RTest1_Shell@test1@test@modules@UModSys@@UEAAXXZ 0000000180002f98 f i plugin_test1.obj
 0001:00001fe4       ?poll_events@RTerminal_SDL_core@SDL_core@ui@modules@UModSys@@UEAA_NH@Z 0000000180002fe4 f i umodsys_lib_libui:umodsys.mod.ui.SDL_core.obj
 0001:00002078       ?get_terminal_state@RTerminal_SDL_core@SDL_core@ui@modules@UModSys@@UEAA_NW4eTerminalState@libui@5@@Z 0000000180003078 f i umodsys_lib_libui:umodsys.mod.ui.SDL_core.obj
 0001:00002084       ?set_terminal_state@RTerminal_SDL_core@SDL_core@ui@modules@UModSys@@UEAA_NW4eTerminalState@libui@5@_N@Z 0000000180003084 f i umodsys_lib_libui:umodsys.mod.ui.SDL_core.obj
 0001:00002188       ?get_clock@RTerminal_SDL_core@SDL_core@ui@modules@UModSys@@UEAANXZ 0000000180003188 f i umodsys_lib_libui:umodsys.mod.ui.SDL_core.obj
 0001:000021a4       ?wait@RTerminal_SDL_core@SDL_core@ui@modules@UModSys@@UEAA_NM@Z 00000001800031a4 f i umodsys_lib_libui:umodsys.mod.ui.SDL_core.obj
 0001:000021c4       ?get_count@RTerminal_SDL_core@SDL_core@ui@modules@UModSys@@UEBA_KPEBUSUniquePointerInfo@core@5@@Z 00000001800031c4 f i umodsys_lib_libui:umodsys.mod.ui.SDL_core.obj
 0001:00002230       ?get_handler@RTerminal_SDL_core@SDL_core@ui@modules@UModSys@@UEBAPEAUIRefObject@core@5@PEBUSUniquePointerInfo@75@_K@Z 0000000180003230 f i umodsys_lib_libui:umodsys.mod.ui.SDL_core.obj
 0001:000022ac       ?get_frame_values@RRenderDriver2D_SDL_core@SDL_core@ui@modules@UModSys@@UEBAPEBUSParameters@core@5@XZ 00000001800032ac f i umodsys_lib_libui:umodsys.mod.ui.SDL_core.obj
 0001:000022ac       ?get_controller@RRenderDriver2D_SDL_core@SDL_core@ui@modules@UModSys@@UEBAPEAUIRefObject@core@5@PEBUSUniquePointerInfo@75@@Z 00000001800032ac f i umodsys_lib_libui:umodsys.mod.ui.SDL_core.obj
 0001:000022ac       ?get_friend_handler@RTerminal_SDL_core@SDL_core@ui@modules@UModSys@@UEBAPEAUIRefObject@core@5@PEBUSUniquePointerInfo@75@PEAU675@@Z 00000001800032ac f i umodsys_lib_libui:umodsys.mod.ui.SDL_core.obj
 0001:000022ac       ?get_layer@RMultiImage2D_SDL_ttf@SDL_core@ui@modules@UModSys@@UEAAPEAUIImage@lib2d@5@H@Z 00000001800032ac f i umodsys_lib_libui:umodsys.mod.ui.SDL_core.obj
 0001:000022ac       ?get_max_values@RRenderDriver2D_SDL_core@SDL_core@ui@modules@UModSys@@UEBAPEBUSParameters@core@5@XZ 00000001800032ac f i umodsys_lib_libui:umodsys.mod.ui.SDL_core.obj
 0001:000022ac       ?get_handler@RTerminal_SDL_core@SDL_core@ui@modules@UModSys@@UEBAPEAUIRefObject@core@5@PEBUSUniquePointerInfo@75@PEBD@Z 00000001800032ac f i umodsys_lib_libui:umodsys.mod.ui.SDL_core.obj
 0001:000022b0       ?create_handler@RTerminal_SDL_core@SDL_core@ui@modules@UModSys@@UEAA_NPEBUSUniquePointerInfo@core@5@AEAU?$TRefObject@UIRefObject@core@UModSys@@U?$TRefObjectFunc@UIRefObject@core@UModSys@@@tl@3@@tl@5@PEBDPEBUSParameters@75@@Z 00000001800032b0 f i umodsys_lib_libui:umodsys.mod.ui.SDL_core.obj
 0001:000023ec       ??_ERTerminal_SDL_core@SDL_core@ui@modules@UModSys@@UEAAPEAXI@Z 00000001800033ec f i  CIL library: CIL module
 0001:000023ec       ??_GRTerminal_SDL_core@SDL_core@ui@modules@UModSys@@UEAAPEAXI@Z 00000001800033ec f i umodsys_lib_libui:umodsys.mod.ui.SDL_core.obj
 0001:0000245c       ??1IMultiImage@lib2d@UModSys@@UEAA@XZ 000000018000345c f i umodsys_lib_libui:umodsys.mod.ui.SDL_core.obj
 0001:0000245c       ??1ITerminal@libui@UModSys@@UEAA@XZ 000000018000345c f i umodsys_lib_libui:umodsys.mod.ui.SDL_core.obj
 0001:0000245c       ??1IRenderDriver@lib2d@UModSys@@UEAA@XZ 000000018000345c f i umodsys_lib_libui:umodsys.mod.ui.SDL_core.obj
 0001:0000245c       ??1IBinObjFilter@libmedia@UModSys@@UEAA@XZ 000000018000345c f i plugin_test1.obj
 0001:0000245c       ??1IShell@base@UModSys@@UEAA@XZ 000000018000345c f i plugin_test1.obj
 0001:00002468       ?get_terminal@RRenderDriver2D_SDL_core@SDL_core@ui@modules@UModSys@@UEBAPEAUITerminal@libui@5@XZ 0000000180003468 f   umodsys_lib_libui:umodsys.mod.ui.SDL_core.obj
 0001:00002470       ?new_font@RRenderDriver2D_SDL_core@SDL_core@ui@modules@UModSys@@UEAA?AU?$TRefObject@UIMultiImage@lib2d@UModSys@@U?$TRefObjectFunc@UIMultiImage@lib2d@UModSys@@@tl@3@@tl@5@AEBUSParameters@core@5@AEBU?$TString@U?$TSCoreConst@D@su@tl@UModSys@@U?$TComparerBinaryHash@D@234@@75@@Z 0000000180003470 f   umodsys_lib_libui:umodsys.mod.ui.SDL_core.obj
 0001:00002578       ?new_picture@RRenderDriver2D_SDL_core@SDL_core@ui@modules@UModSys@@UEAA?AU?$TRefObject@UIImage@lib2d@UModSys@@U?$TRefObjectFunc@UIImage@lib2d@UModSys@@@tl@3@@tl@5@AEBUSParameters@core@5@AEBU?$TString@U?$TSCoreConst@D@su@tl@UModSys@@U?$TComparerBinaryHash@D@234@@75@@Z 0000000180003578 f   umodsys_lib_libui:umodsys.mod.ui.SDL_core.obj
 0001:00002588       ?get_generated_names@RGenerator@SDL_core@ui@modules@UModSys@@UEBAHAEAUSUniquePtrList@core@5@@Z 0000000180003588 f i umodsys_lib_libui:umodsys.mod.ui.SDL_core.obj
 0001:000025a8       ?get_generated_types@RGenerator@SDL_core@ui@modules@UModSys@@UEBAHAEAUSUniquePtrList@core@5@PEBUSUniquePointerInfo@75@@Z 00000001800035a8 f i umodsys_lib_libui:umodsys.mod.ui.SDL_core.obj
 0001:00002600       ?generate@RGenerator@SDL_core@ui@modules@UModSys@@UEAA_NAEAU?$TRefObject@UIRefObject@core@UModSys@@U?$TRefObjectFunc@UIRefObject@core@UModSys@@@tl@3@@tl@5@PEBUSUniquePointerInfo@core@5@AEBUSParameters@95@@Z 0000000180003600 f i umodsys_lib_libui:umodsys.mod.ui.SDL_core.obj
 0001:00002728       ?root_get_interface_info@RGenerator@SDL_core@ui@modules@UModSys@@UEBAAEBUSUniquePointerInfo@core@5@XZ 0000000180003728 f i umodsys_lib_libui:umodsys.mod.ui.SDL_core.obj
 0001:00002730       ?root_get_interface_type@RGenerator@SDL_core@ui@modules@UModSys@@UEBAPEBUSUniquePointerInfo@core@5@XZ 0000000180003730 f i umodsys_lib_libui:umodsys.mod.ui.SDL_core.obj
 0001:00002738       ?root_get_other_interface@RGenerator@SDL_core@ui@modules@UModSys@@UEBAPEBUIRoot@core@5@PEBUSUniquePointerInfo@75@@Z 0000000180003738 f i umodsys_lib_libui:umodsys.mod.ui.SDL_core.obj
 0001:00002738       ?root_get_other_interface@RGenerator@SDL_core@ui@modules@UModSys@@UEAAPEAUIRoot@core@5@PEBUSUniquePointerInfo@75@@Z 0000000180003738 f i umodsys_lib_libui:umodsys.mod.ui.SDL_core.obj
 0001:00002770       ?root_is_interface_supported@RGenerator@SDL_core@ui@modules@UModSys@@UEBA_NPEBUSUniquePointerInfo@core@5@@Z 0000000180003770 f i umodsys_lib_libui:umodsys.mod.ui.SDL_core.obj
 0001:000027a8       ?get_uid@RGenerator@SDL_core@ui@modules@UModSys@@UEBAPEBUSUniquePointerInfo@core@5@XZ 00000001800037a8 f i umodsys_lib_libui:umodsys.mod.ui.SDL_core.obj
 0001:000027b0       ?do_open@RModuleReg@SDL_core@ui@modules@UModSys@@UEAA_NXZ 00000001800037b0 f i umodsys_lib_libui:umodsys.mod.ui.SDL_core.obj
 0001:00002824       ?do_close@RModuleReg@SDL_core@ui@modules@UModSys@@UEAA_NXZ 0000000180003824 f i umodsys_lib_libui:umodsys.mod.ui.SDL_core.obj
 0001:00002874       ?get_module@RGenerator@SDL_core@ui@modules@UModSys@@UEBAPEAUIModule@base@5@XZ 0000000180003874 f   umodsys_lib_libui:umodsys.mod.ui.SDL_core.obj
 0001:0000287c       ?mod_inc@RGenerator@SDL_core@ui@modules@UModSys@@UEBA_NXZ 000000018000387c f   umodsys_lib_libui:umodsys.mod.ui.SDL_core.obj
 0001:0000288c       ?mod_dec@RGenerator@SDL_core@ui@modules@UModSys@@UEBA_NXZ 000000018000388c f   umodsys_lib_libui:umodsys.mod.ui.SDL_core.obj
 0001:000028a0       ?s_holder@RGenerator@SDL_core@ui@modules@UModSys@@SAAEAU?$TTypeStaticHolder@URGenerator@SDL_core@ui@modules@UModSys@@@tl@5@XZ 00000001800038a0 f   umodsys_lib_libui:umodsys.mod.ui.SDL_core.obj
 0001:000028e4       ??1?$TScatterArray@UGlyph@RMultiImage2D_SDL_ttf@SDL_core@ui@modules@UModSys@@HU?$TScalarCompare@H@core@6@U?$TNodeDeleter0@U?$TScatterArrayNode@UGlyph@RMultiImage2D_SDL_ttf@SDL_core@ui@modules@UModSys@@H@tl@UModSys@@@tl@6@@tl@UModSys@@QEAA@XZ 00000001800038e4 f i umodsys_lib_libui:umodsys.mod.ui.SDL_core.obj
 0001:00002960       ??$t_add@U?$TRefObject@URRenderDriver2D_SDL_core@SDL_core@ui@modules@UModSys@@U?$TRefObjectWeakFunc@URRenderDriver2D_SDL_core@SDL_core@ui@modules@UModSys@@@tl@5@@tl@UModSys@@URRenderDriver2D_SDL_core@SDL_core@ui@modules@3@@SDL_core@ui@modules@UModSys@@YA_NAEAU?$TScatterArray@U?$TRefObject@URRenderDriver2D_SDL_core@SDL_core@ui@modules@UModSys@@U?$TRefObjectWeakFunc@URRenderDriver2D_SDL_core@SDL_core@ui@modules@UModSys@@@tl@5@@tl@UModSys@@HU?$TScalarCompare@H@core@3@U?$TNodeDeleter0@U?$TScatterArrayNode@U?$TRefObject@URRenderDriver2D_SDL_core@SDL_core@ui@modules@UModSys@@U?$TRefObjectWeakFunc@URRenderDriver2D_SDL_core@SDL_core@ui@modules@UModSys@@@tl@5@@tl@UModSys@@H@tl@UModSys@@@23@@tl@3@PEAURRenderDriver2D_SDL_core@0123@@Z 0000000180003960 f i umodsys_lib_libui:umodsys.mod.ui.SDL_core.obj
 0001:00002ae4       ??$process_nodes_r@U?$TNodeDeleter0@U?$TScatterArrayNode@UGlyph@RMultiImage2D_SDL_ttf@SDL_core@ui@modules@UModSys@@H@tl@UModSys@@@tl@UModSys@@@?$TTreeHoldRB@U?$TScatterArrayNode@UGlyph@RMultiImage2D_SDL_ttf@SDL_core@ui@modules@UModSys@@H@tl@UModSys@@@tl@UModSys@@KAHPEAU?$TScatterArrayNode@UGlyph@RMultiImage2D_SDL_ttf@SDL_core@ui@modules@UModSys@@H@12@AEBU?$TNodeDeleter0@U?$TScatterArrayNode@UGlyph@RMultiImage2D_SDL_ttf@SDL_core@ui@modules@UModSys@@H@tl@UModSys@@@12@@Z 0000000180003ae4 f i umodsys_lib_libui:umodsys.mod.ui.SDL_core.obj
 0001:00002b5c       ??$process_nodes_r@U?$TNodeDeleter0@U?$TScatterArrayNode@U?$TRefObject@URRenderDriver2D_SDL_core@SDL_core@ui@modules@UModSys@@U?$TRefObjectWeakFunc@URRenderDriver2D_SDL_core@SDL_core@ui@modules@UModSys@@@tl@5@@tl@UModSys@@H@tl@UModSys@@@tl@UModSys@@@?$TTreeHoldRB@U?$TScatterArrayNode@U?$TRefObject@URRenderDriver2D_SDL_core@SDL_core@ui@modules@UModSys@@U?$TRefObjectWeakFunc@URRenderDriver2D_SDL_core@SDL_core@ui@modules@UModSys@@@tl@5@@tl@UModSys@@H@tl@UModSys@@@tl@UModSys@@KAHPEAU?$TScatterArrayNode@U?$TRefObject@URRenderDriver2D_SDL_core@SDL_core@ui@modules@UModSys@@U?$TRefObjectWeakFunc@URRenderDriver2D_SDL_core@SDL_core@ui@modules@UModSys@@@tl@5@@tl@UModSys@@H@12@AEBU?$TNodeDeleter0@U?$TScatterArrayNode@U?$TRefObject@URRenderDriver2D_SDL_core@SDL_core@ui@modules@UModSys@@U?$TRefObjectWeakFunc@URRenderDriver2D_SDL_core@SDL_core@ui@modules@UModSys@@@tl@5@@tl@UModSys@@H@tl@UModSys@@@12@@Z 0000000180003b5c f i umodsys_lib_libui:umodsys.mod.ui.SDL_core.obj
 0001:00002bf0       ?sub_insert_node@?$TTreeHoldRB@U?$TScatterArrayNode@UGlyph@RMultiImage2D_SDL_ttf@SDL_core@ui@modules@UModSys@@H@tl@UModSys@@@tl@UModSys@@QEAAXPEAU?$TScatterArrayNode@UGlyph@RMultiImage2D_SDL_ttf@SDL_core@ui@modules@UModSys@@H@23@0H@Z 0000000180003bf0 f i umodsys_lib_libui:umodsys.mod.ui.SDL_core.obj
 0001:00002bf0       ?sub_insert_node@?$TTreeHoldRB@U?$TScatterArrayNode@U?$TRefObject@URRenderDriver2D_SDL_core@SDL_core@ui@modules@UModSys@@U?$TRefObjectWeakFunc@URRenderDriver2D_SDL_core@SDL_core@ui@modules@UModSys@@@tl@5@@tl@UModSys@@H@tl@UModSys@@@tl@UModSys@@QEAAXPEAU?$TScatterArrayNode@U?$TRefObject@URRenderDriver2D_SDL_core@SDL_core@ui@modules@UModSys@@U?$TRefObjectWeakFunc@URRenderDriver2D_SDL_core@SDL_core@ui@modules@UModSys@@@tl@5@@tl@UModSys@@H@23@0H@Z 0000000180003bf0 f i umodsys_lib_libui:umodsys.mod.ui.SDL_core.obj
 0001:00002dd0       ??1?$TRefObject@URRenderDriver2D_SDL_core@SDL_core@ui@modules@UModSys@@U?$TRefObjectWeakFunc@URRenderDriver2D_SDL_core@SDL_core@ui@modules@UModSys@@@tl@5@@tl@UModSys@@QEAA@XZ 0000000180003dd0 f i umodsys_lib_libui:umodsys.mod.ui.SDL_core.obj
 0001:00002e04       ?root_get_interface_info@RMediaFilter@images_std@media@modules@UModSys@@UEBAAEBUSUniquePointerInfo@core@5@XZ 0000000180003e04 f i umodsys_lib_libmedia:umodsys.mod.media.images_std.obj
 0001:00002e0c       ?root_get_interface_type@RMediaFilter@images_std@media@modules@UModSys@@UEBAPEBUSUniquePointerInfo@core@5@XZ 0000000180003e0c f i umodsys_lib_libmedia:umodsys.mod.media.images_std.obj
 0001:00002e14       ?root_get_other_interface@RMediaFilter@images_std@media@modules@UModSys@@UEAAPEAUIRoot@core@5@PEBUSUniquePointerInfo@75@@Z 0000000180003e14 f i umodsys_lib_libmedia:umodsys.mod.media.images_std.obj
 0001:00002e14       ?root_get_other_interface@RMediaFilter@images_std@media@modules@UModSys@@UEBAPEBUIRoot@core@5@PEBUSUniquePointerInfo@75@@Z 0000000180003e14 f i umodsys_lib_libmedia:umodsys.mod.media.images_std.obj
 0001:00002e44       ?root_is_interface_supported@RMediaFilter@images_std@media@modules@UModSys@@UEBA_NPEBUSUniquePointerInfo@core@5@@Z 0000000180003e44 f i umodsys_lib_libmedia:umodsys.mod.media.images_std.obj
 0001:00002e74       ?ref_add@RMediaFilter@images_std@media@modules@UModSys@@UEBAXXZ 0000000180003e74 f i umodsys_lib_libmedia:umodsys.mod.media.images_std.obj
 0001:00002e78       ?ref_remove@RMediaFilter@images_std@media@modules@UModSys@@UEBAXXZ 0000000180003e78 f i umodsys_lib_libmedia:umodsys.mod.media.images_std.obj
 0001:00002e90       ?ref_links@RMediaFilter@images_std@media@modules@UModSys@@UEBAHXZ 0000000180003e90 f i umodsys_lib_libmedia:umodsys.mod.media.images_std.obj
 0001:00002e94       ?ref_weak@RMediaFilter@images_std@media@modules@UModSys@@UEBA_NAEAUWeakPointer@IRefObject@core@5@@Z 0000000180003e94 f i umodsys_lib_libmedia:umodsys.mod.media.images_std.obj
 0001:00002eb4       ?suicide@RMediaFilter@images_std@media@modules@UModSys@@UEAAXXZ 0000000180003eb4 f i umodsys_lib_libmedia:umodsys.mod.media.images_std.obj
 0001:00002f00       ?get_flag@RMediaFilter@images_std@media@modules@UModSys@@UEBA?AW4eStates@?$TFlags4State@USMediaFlagUid@libmedia@UModSys@@I@tl@5@H@Z 0000000180003f00 f i umodsys_lib_libmedia:umodsys.mod.media.images_std.obj
 0001:00002f10       ?get_flags_auto@RMediaFilter@images_std@media@modules@UModSys@@UEBA?AU?$TFlags4State@USMediaFlagUid@libmedia@UModSys@@I@tl@5@XZ 0000000180003f10 f i umodsys_lib_libmedia:umodsys.mod.media.images_std.obj
 0001:00002f1c       ?set_flag@RMediaFilter@images_std@media@modules@UModSys@@UEAA?AW4eStates@?$TFlags4State@USMediaFlagUid@libmedia@UModSys@@I@tl@5@HW46785@@Z 0000000180003f1c f i umodsys_lib_libmedia:umodsys.mod.media.images_std.obj
 0001:00002f50       ??0RMediaFilter@images_std@media@modules@UModSys@@QEAA@PEAUIModObject@base@4@AEBUSParameters@core@4@@Z 0000000180003f50 f i umodsys_lib_libmedia:umodsys.mod.media.images_std.obj
 0001:00003048       ??_GRMediaFilter@images_std@media@modules@UModSys@@UEAAPEAXI@Z 0000000180004048 f i umodsys_lib_libmedia:umodsys.mod.media.images_std.obj
 0001:00003048       ??_ERMediaFilter@images_std@media@modules@UModSys@@UEAAPEAXI@Z 0000000180004048 f i  CIL library: CIL module
 0001:000030c8       ?filter_load@RMediaFilter@images_std@media@modules@UModSys@@UEAA_NAEBUSInfo@IBinObjFilter@libmedia@5@PEAUIRefObject@core@5@@Z 00000001800040c8 f   umodsys_lib_libmedia:umodsys.mod.media.images_std.obj
 0001:000033ec       ?set_parameters@RRenderDriver2D_SDL_core@SDL_core@ui@modules@UModSys@@UEAA_NPEBDAEBUSParameters@core@5@@Z 00000001800043ec f   umodsys_lib_libui:umodsys.mod.ui.SDL_core.obj
 0001:000033ec       ?set_hint@RMultiImage2D_SDL_ttf@SDL_core@ui@modules@UModSys@@UEAA_NPEBD0@Z 00000001800043ec f   umodsys_lib_libui:umodsys.mod.ui.SDL_core.obj
 0001:000033ec       ?get_max_cell_size@RMultiImage2D_SDL_ttf@SDL_core@ui@modules@UModSys@@UEAA_NAEAU?$TVector2@H@math3d@5@@Z 00000001800043ec f   umodsys_lib_libui:umodsys.mod.ui.SDL_core.obj
 0001:000033ec       ?set_var_cell@RMultiImage2D_SDL_ttf@SDL_core@ui@modules@UModSys@@UEAA_NPEBUSImageCellInfo@lib2d@5@HH@Z 00000001800043ec f   umodsys_lib_libui:umodsys.mod.ui.SDL_core.obj
 0001:000033ec       ?filter_save@RMediaFilter@images_std@media@modules@UModSys@@UEAA_NAEAUSInfo@IBinObjFilter@libmedia@5@PEBUIRefObject@core@5@@Z 00000001800043ec f   umodsys_lib_libmedia:umodsys.mod.media.images_std.obj
 0001:000033ec       ?get_cell_size@RMultiImage2D_SDL_ttf@SDL_core@ui@modules@UModSys@@UEAA_NHAEAU?$TVector2@H@math3d@5@PEAU675@@Z 00000001800043ec f   umodsys_lib_libui:umodsys.mod.ui.SDL_core.obj
 0001:000033ec       ?set_layer_count@RMultiImage2D_SDL_ttf@SDL_core@ui@modules@UModSys@@UEAA_NH@Z 00000001800043ec f   umodsys_lib_libui:umodsys.mod.ui.SDL_core.obj
 0001:000033ec       ?set_fixed_cell@RMultiImage2D_SDL_ttf@SDL_core@ui@modules@UModSys@@UEAA_NHH@Z 00000001800043ec f   umodsys_lib_libui:umodsys.mod.ui.SDL_core.obj
 0001:000033ec       ?filter_load@RMediaFilter@images_std@media@modules@UModSys@@UEAA_NAEBUSInfo@IBinObjFilter@libmedia@5@AEAU?$TRefObject@UIRefObject@core@UModSys@@U?$TRefObjectFunc@UIRefObject@core@UModSys@@@tl@3@@tl@5@@Z 00000001800043ec f   umodsys_lib_libmedia:umodsys.mod.media.images_std.obj
 0001:00003440       ?loader_jpeg@RMediaFilter@images_std@media@modules@UModSys@@QEAA_NPEAUIImage@lib2d@5@AEBUSInfo@IBinObjFilter@libmedia@5@AEBUSParameters@core@5@HPEBD_N@Z 0000000180004440 f   umodsys_lib_libmedia:umodsys.mod.media.images_std.obj
 0001:000037bc       ?png_err@RMediaFilter@images_std@media@modules@UModSys@@KAXPEAUpng_struct_def@@PEBD@Z 00000001800047bc f   umodsys_lib_libmedia:umodsys.mod.media.images_std.obj
 0001:000037e4       ?png_read@RMediaFilter@images_std@media@modules@UModSys@@KAXPEAUpng_struct_def@@PEAE_K@Z 00000001800047e4 f   umodsys_lib_libmedia:umodsys.mod.media.images_std.obj
 0001:0000384c       ?loader_png@RMediaFilter@images_std@media@modules@UModSys@@QEAA_NPEAUIImage@lib2d@5@AEBUSInfo@IBinObjFilter@libmedia@5@AEBUSParameters@core@5@HPEBD_N@Z 000000018000484c f   umodsys_lib_libmedia:umodsys.mod.media.images_std.obj
 0001:00003cb4       ?get_generated_names@RGenerator@images_std@media@modules@UModSys@@UEBAHAEAUSUniquePtrList@core@5@@Z 0000000180004cb4 f i umodsys_lib_libmedia:umodsys.mod.media.images_std.obj
 0001:00003cd4       ?get_generated_types@RGenerator@images_std@media@modules@UModSys@@UEBAHAEAUSUniquePtrList@core@5@PEBUSUniquePointerInfo@75@@Z 0000000180004cd4 f i umodsys_lib_libmedia:umodsys.mod.media.images_std.obj
 0001:00003d2c       ?generate@RGenerator@images_std@media@modules@UModSys@@UEAA_NAEAU?$TRefObject@UIRefObject@core@UModSys@@U?$TRefObjectFunc@UIRefObject@core@UModSys@@@tl@3@@tl@5@PEBUSUniquePointerInfo@core@5@AEBUSParameters@95@@Z 0000000180004d2c f i umodsys_lib_libmedia:umodsys.mod.media.images_std.obj
 0001:00003e0c       ?root_get_interface_info@RGenerator@images_std@media@modules@UModSys@@UEBAAEBUSUniquePointerInfo@core@5@XZ 0000000180004e0c f i umodsys_lib_libmedia:umodsys.mod.media.images_std.obj
 0001:00003e14       ?root_get_interface_type@RGenerator@images_std@media@modules@UModSys@@UEBAPEBUSUniquePointerInfo@core@5@XZ 0000000180004e14 f i umodsys_lib_libmedia:umodsys.mod.media.images_std.obj
 0001:00003e1c       ?root_get_interface_types@RMultiImage2D_SDL_ttf@SDL_core@ui@modules@UModSys@@UEBA_KAEAUSUniquePtrList@core@5@@Z 0000000180004e1c f i umodsys_lib_libui:umodsys.mod.ui.SDL_core.obj
 0001:00003e1c       ?root_get_interface_types@RMediaFilter@images_std@media@modules@UModSys@@UEBA_KAEAUSUniquePtrList@core@5@@Z 0000000180004e1c f i umodsys_lib_libmedia:umodsys.mod.media.images_std.obj
 0001:00003e1c       ?root_get_interface_types@RRenderDriver2D_SDL_core@SDL_core@ui@modules@UModSys@@UEBA_KAEAUSUniquePtrList@core@5@@Z 0000000180004e1c f i umodsys_lib_libui:umodsys.mod.ui.SDL_core.obj
 0001:00003e1c       ?root_get_interface_types@RTest1_Shell@test1@test@modules@UModSys@@UEBA_KAEAUSUniquePtrList@core@5@@Z 0000000180004e1c f i plugin_test1.obj
 0001:00003e1c       ?root_get_interface_types@RGenerator@test1@test@modules@UModSys@@UEBA_KAEAUSUniquePtrList@core@5@@Z 0000000180004e1c f i plugin_test1.obj
 0001:00003e1c       ?root_get_interface_types@RGenerator@images_std@media@modules@UModSys@@UEBA_KAEAUSUniquePtrList@core@5@@Z 0000000180004e1c f i umodsys_lib_libmedia:umodsys.mod.media.images_std.obj
 0001:00003e1c       ?root_get_interface_types@RGenerator@SDL_core@ui@modules@UModSys@@UEBA_KAEAUSUniquePtrList@core@5@@Z 0000000180004e1c f i umodsys_lib_libui:umodsys.mod.ui.SDL_core.obj
 0001:00003e1c       ?root_get_interface_types@RTerminal_SDL_core@SDL_core@ui@modules@UModSys@@UEBA_KAEAUSUniquePtrList@core@5@@Z 0000000180004e1c f i umodsys_lib_libui:umodsys.mod.ui.SDL_core.obj
 0001:00003e24       ?root_get_other_interface@RGenerator@images_std@media@modules@UModSys@@UEBAPEBUIRoot@core@5@PEBUSUniquePointerInfo@75@@Z 0000000180004e24 f i umodsys_lib_libmedia:umodsys.mod.media.images_std.obj
 0001:00003e24       ?root_get_other_interface@RGenerator@images_std@media@modules@UModSys@@UEAAPEAUIRoot@core@5@PEBUSUniquePointerInfo@75@@Z 0000000180004e24 f i umodsys_lib_libmedia:umodsys.mod.media.images_std.obj
 0001:00003e5c       ?root_is_interface_supported@RGenerator@images_std@media@modules@UModSys@@UEBA_NPEBUSUniquePointerInfo@core@5@@Z 0000000180004e5c f i umodsys_lib_libmedia:umodsys.mod.media.images_std.obj
 0001:00003e94       ?ref_add@RRenderDriver2D_SDL_core@SDL_core@ui@modules@UModSys@@UEBAXXZ 0000000180004e94 f i umodsys_lib_libui:umodsys.mod.ui.SDL_core.obj
 0001:00003e94       ?ref_add@RTest1_Shell@test1@test@modules@UModSys@@UEBAXXZ 0000000180004e94 f i plugin_test1.obj
 0001:00003e94       ?ref_add@RMultiImage2D_SDL_ttf@SDL_core@ui@modules@UModSys@@UEBAXXZ 0000000180004e94 f i umodsys_lib_libui:umodsys.mod.ui.SDL_core.obj
 0001:00003e94       ?ref_add@RGenerator@SDL_core@ui@modules@UModSys@@UEBAXXZ 0000000180004e94 f i umodsys_lib_libui:umodsys.mod.ui.SDL_core.obj
 0001:00003e94       ?ref_add@RGenerator@images_std@media@modules@UModSys@@UEBAXXZ 0000000180004e94 f i umodsys_lib_libmedia:umodsys.mod.media.images_std.obj
 0001:00003e94       ?ref_add@RGenerator@test1@test@modules@UModSys@@UEBAXXZ 0000000180004e94 f i plugin_test1.obj
 0001:00003e94       ?ref_add@RTerminal_SDL_core@SDL_core@ui@modules@UModSys@@UEBAXXZ 0000000180004e94 f i umodsys_lib_libui:umodsys.mod.ui.SDL_core.obj
 0001:00003e98       ?suicide@RGenerator@SDL_core@ui@modules@UModSys@@UEAAXXZ 0000000180004e98 f i umodsys_lib_libui:umodsys.mod.ui.SDL_core.obj
 0001:00003e98       ?suicide@RGenerator@test1@test@modules@UModSys@@UEAAXXZ 0000000180004e98 f i plugin_test1.obj
 0001:00003e98       ??3@YAXPEAX0@Z             0000000180004e98 f i plugin_test1.obj
 0001:00003e98       ?suicide@RGenerator@images_std@media@modules@UModSys@@UEAAXXZ 0000000180004e98 f i umodsys_lib_libmedia:umodsys.mod.media.images_std.obj
 0001:00003e98       ?render_box@RRenderDriver2D_SDL_core@SDL_core@ui@modules@UModSys@@UEAAXPEAUIImage@lib2d@5@AEBU?$TVector2@H@math3d@5@1AEBU?$TVector2@M@95@2@Z 0000000180004e98 f i umodsys_lib_libui:umodsys.mod.ui.SDL_core.obj
 0001:00003e9c       ?get_uid@RGenerator@images_std@media@modules@UModSys@@UEBAPEBUSUniquePointerInfo@core@5@XZ 0000000180004e9c f i umodsys_lib_libmedia:umodsys.mod.media.images_std.obj
 0001:00003ea4       ?do_open@RModuleReg@images_std@media@modules@UModSys@@UEAA_NXZ 0000000180004ea4 f i umodsys_lib_libmedia:umodsys.mod.media.images_std.obj
 0001:00003f18       ?do_close@RModuleReg@images_std@media@modules@UModSys@@UEAA_NXZ 0000000180004f18 f i umodsys_lib_libmedia:umodsys.mod.media.images_std.obj
 0001:00003f68       ??_GRModuleReg@images_std@media@modules@UModSys@@UEAAPEAXI@Z 0000000180004f68 f i umodsys_lib_libmedia:umodsys.mod.media.images_std.obj
 0001:00003f68       ??_GRModuleReg@test1@test@modules@UModSys@@UEAAPEAXI@Z 0000000180004f68 f i plugin_test1.obj
 0001:00003f68       ??_EIModuleReg@base@UModSys@@UEAAPEAXI@Z 0000000180004f68 f i  CIL library: CIL module
 0001:00003f68       ??_GRModuleReg@SDL_core@ui@modules@UModSys@@UEAAPEAXI@Z 0000000180004f68 f i umodsys_lib_libui:umodsys.mod.ui.SDL_core.obj
 0001:00003f68       ??_ERModuleReg@images_std@media@modules@UModSys@@UEAAPEAXI@Z 0000000180004f68 f i  CIL library: CIL module
 0001:00003f68       ??_ERModuleReg@test1@test@modules@UModSys@@UEAAPEAXI@Z 0000000180004f68 f i  CIL library: CIL module
 0001:00003f68       ??_ERModuleReg@SDL_core@ui@modules@UModSys@@UEAAPEAXI@Z 0000000180004f68 f i  CIL library: CIL module
 0001:00003f68       ??_GIModuleReg@base@UModSys@@UEAAPEAXI@Z 0000000180004f68 f i umodsys_lib_base:umodsys.base.modulereg.obj
 0001:00003f90       ?get_module@RGenerator@images_std@media@modules@UModSys@@UEBAPEAUIModule@base@5@XZ 0000000180004f90 f   umodsys_lib_libmedia:umodsys.mod.media.images_std.obj
 0001:00003f98       ?mod_inc@RGenerator@images_std@media@modules@UModSys@@UEBA_NXZ 0000000180004f98 f   umodsys_lib_libmedia:umodsys.mod.media.images_std.obj
 0001:00003fa8       ?mod_dec@RGenerator@images_std@media@modules@UModSys@@UEBA_NXZ 0000000180004fa8 f   umodsys_lib_libmedia:umodsys.mod.media.images_std.obj
 0001:00003fbc       ?s_holder@RGenerator@images_std@media@modules@UModSys@@SAAEAU?$TTypeStaticHolder@URGenerator@images_std@media@modules@UModSys@@@tl@5@XZ 0000000180004fbc f   umodsys_lib_libmedia:umodsys.mod.media.images_std.obj
 0001:00004000       ?Link@SModuleContext@base@UModSys@@QEAAXPEAUISystem@23@PEAUIMemAlloc@core@3@@Z 0000000180005000 f   umodsys_lib_base:umodsys.base.modulecontext.obj
 0001:00004074       ?mlr_count@RModuleLibraryReg_Chain@base@UModSys@@UEBA_KXZ 0000000180005074 f   umodsys_lib_base:umodsys.base.moduleregchain.obj
 0001:000040ac       ?mlr_get@RModuleLibraryReg_Chain@base@UModSys@@UEBAPEAUIModuleReg@23@_K@Z 00000001800050ac f   umodsys_lib_base:umodsys.base.moduleregchain.obj
 0001:000040d8       ?mlr_open@RModuleLibraryReg_Chain@base@UModSys@@UEAA_NPEAUISystem@23@PEAUIMemAlloc@core@3@@Z 00000001800050d8 f   umodsys_lib_base:umodsys.base.moduleregchain.obj
 0001:0000415c       ?mlr_close@RModuleLibraryReg_Chain@base@UModSys@@UEAA_NXZ 000000018000515c f   umodsys_lib_base:umodsys.base.moduleregchain.obj
 0001:000041e4       ?mlr_isopen@RModuleLibraryReg_Chain@base@UModSys@@UEBA_NXZ 00000001800051e4 f   umodsys_lib_base:umodsys.base.moduleregchain.obj
 0001:000041f4       UModSys_Plugin_Entry2      00000001800051f4 f   umodsys_lib_base:umodsys.so_main.win32.obj
 0001:000041fc       ??0IModuleReg@base@UModSys@@QEAA@PEBDHH0@Z 00000001800051fc f   umodsys_lib_base:umodsys.base.modulereg.obj
 0001:00004264       ?mr_isopen@IModuleReg@base@UModSys@@UEBA_NXZ 0000000180005264 f   umodsys_lib_base:umodsys.base.modulereg.obj
 0001:00004270       ?mr_open@IModuleReg@base@UModSys@@UEAA_NXZ 0000000180005270 f   umodsys_lib_base:umodsys.base.modulereg.obj
 0001:00004294       ?mr_close@IModuleReg@base@UModSys@@UEAA_NXZ 0000000180005294 f   umodsys_lib_base:umodsys.base.modulereg.obj
 0001:000042b0       ??_GRModuleLibraryReg_Chain@base@UModSys@@UEAAPEAXI@Z 00000001800052b0 f i umodsys_lib_base:umodsys.base.moduleregchain.obj
 0001:000042b0       ??_GIModuleLibraryReg@base@UModSys@@UEAAPEAXI@Z 00000001800052b0 f i umodsys_lib_base:umodsys.base.modulereg.obj
 0001:000042b0       ??_EIModuleLibraryReg@base@UModSys@@UEAAPEAXI@Z 00000001800052b0 f i  CIL library: CIL module
 0001:000042b0       ??_ERModuleLibraryReg_Chain@base@UModSys@@UEAAPEAXI@Z 00000001800052b0 f i  CIL library: CIL module
 0001:000042d8       ?utf_8to32@su@tl@UModSys@@YA_NAEAHAEAPEBDAEA_K@Z 00000001800052d8 f i umodsys_lib_core:umodsys.tl.utf.obj
 0001:000043f0       ??0SUniquePointer@core@UModSys@@QEAA@PEBD0H@Z 00000001800053f0 f   umodsys_lib_core:umodsys.core.uniqueptr.obj
 0001:00004440       ??1SUniquePointer@core@UModSys@@QEAA@XZ 0000000180005440 f   umodsys_lib_core:umodsys.core.uniqueptr.obj
 0001:00004468       ?suicide@IRoot@core@UModSys@@UEAAXXZ 0000000180005468 f   umodsys_lib_core:umodsys.core.objects.obj
 0001:00004480       ??3IRoot@core@UModSys@@SAXPEAX@Z 0000000180005480 f   umodsys_lib_core:umodsys.core.objects.obj
 0001:000044a8       _onexit                    00000001800054a8 f   MSVCRT:atonexit.obj
 0001:00004558       atexit                     0000000180005558 f   MSVCRT:atonexit.obj
 0001:00004570       _purecall                  0000000180005570 f   MSVCRT:MSVCR90.dll
 0001:00004576       ??3@YAXPEAX@Z              0000000180005576 f   MSVCRT:MSVCR90.dll
 0001:0000457c       ??_Etype_info@@UEAAPEAXI@Z 000000018000557c f i MSVCRT:ti_inst.obj
 0001:00004648       _CRT_INIT                  0000000180005648 f   MSVCRT:crtdll.obj
 0001:000049dc       _DllMainCRTStartup         00000001800059dc f   MSVCRT:crtdll.obj
 0001:00004a1a       ??2@YAPEAX_K@Z             0000000180005a1a f   MSVCRT:MSVCR90.dll
 0001:00004a20       __C_specific_handler       0000000180005a20 f   MSVCRT:MSVCR90.dll
 0001:00004a26       _unlock                    0000000180005a26 f   MSVCRT:MSVCR90.dll
 0001:00004a2c       __dllonexit                0000000180005a2c f   MSVCRT:MSVCR90.dll
 0001:00004a32       _lock                      0000000180005a32 f   MSVCRT:MSVCR90.dll
 0001:00004a38       ?__ArrayUnwind@@YAXPEAX_KHP6AX0@Z@Z 0000000180005a38 f   MSVCRT:ehvecdtr.obj
 0001:00004a84       ??_M@YAXPEAX_KHP6AX0@Z@Z   0000000180005a84 f   MSVCRT:ehvecdtr.obj
 0001:00004ae4       __clean_type_info_names    0000000180005ae4 f   MSVCRT:tncleanup.obj
 0001:00004af0       _RTC_Initialize            0000000180005af0 f   MSVCRT:_initsect_.obj
 0001:00004b28       _RTC_Terminate             0000000180005b28 f   MSVCRT:_initsect_.obj
 0001:00004b60       _ValidateImageBase         0000000180005b60 f   MSVCRT:pesect.obj
 0001:00004b90       _FindPESection             0000000180005b90 f   MSVCRT:pesect.obj
 0001:00004be0       _IsNonwritableInCurrentImage 0000000180005be0 f   MSVCRT:pesect.obj
 0001:00004c22       _initterm                  0000000180005c22 f   MSVCRT:MSVCR90.dll
 0001:00004c28       _initterm_e                0000000180005c28 f   MSVCRT:MSVCR90.dll
 0001:00004c2e       _amsg_exit                 0000000180005c2e f   MSVCRT:MSVCR90.dll
 0001:00004c34       __CppXcptFilter            0000000180005c34 f   MSVCRT:MSVCR90.dll
 0001:00004c3c       DllMain                    0000000180005c3c f   MSVCRT:dllmain.obj
 0001:00004c60       __security_init_cookie     0000000180005c60 f   MSVCRT:gs_support.obj
 0001:00004d14       ?terminate@@YAXXZ          0000000180005d14 f   MSVCRT:MSVCR90.dll
 0001:00004d1a       ?_type_info_dtor_internal_method@type_info@@QEAAXXZ 0000000180005d1a f   MSVCRT:MSVCR90.dll
 0001:00004d1a       ??1type_info@@UEAA@XZ      0000000180005d1a f   MSVCRT:MSVCR90.dll
 0001:00004d20       __clean_type_info_names_internal 0000000180005d20 f   MSVCRT:MSVCR90.dll
 0001:00004d26       png_get_IHDR               0000000180005d26 f   lib_libpng:lib_libpng.dll
 0001:00004d2c       png_read_info              0000000180005d2c f   lib_libpng:lib_libpng.dll
 0001:00004d32       png_sig_cmp                0000000180005d32 f   lib_libpng:lib_libpng.dll
 0001:00004d38       png_create_read_struct     0000000180005d38 f   lib_libpng:lib_libpng.dll
 0001:00004d3e       png_get_io_ptr             0000000180005d3e f   lib_libpng:lib_libpng.dll
 0001:00004d44       png_create_info_struct     0000000180005d44 f   lib_libpng:lib_libpng.dll
 0001:00004d4a       png_set_read_fn            0000000180005d4a f   lib_libpng:lib_libpng.dll
 0001:00004d50       png_read_update_info       0000000180005d50 f   lib_libpng:lib_libpng.dll
 0001:00004d56       png_set_sig_bytes          0000000180005d56 f   lib_libpng:lib_libpng.dll
 0001:00004d5c       png_read_row               0000000180005d5c f   lib_libpng:lib_libpng.dll
 0001:00004d62       png_error                  0000000180005d62 f   lib_libpng:lib_libpng.dll
 0001:00004d68       png_destroy_read_struct    0000000180005d68 f   lib_libpng:lib_libpng.dll
 0001:00004d6e       SDL_RenderDrawLine         0000000180005d6e f   lib_SDL2:lib_SDL2.dll
 0001:00004d74       SDL_RenderDrawLines        0000000180005d74 f   lib_SDL2:lib_SDL2.dll
 0001:00004d7a       SDL_Init                   0000000180005d7a f   lib_SDL2:lib_SDL2.dll
 0001:00004d80       SDL_DestroyWindow          0000000180005d80 f   lib_SDL2:lib_SDL2.dll
 0001:00004d86       TTF_GlyphMetrics           0000000180005d86 f   lib_SDL2:lib_SDL2.dll
 0001:00004d8c       SDL_CreateWindow           0000000180005d8c f   lib_SDL2:lib_SDL2.dll
 0001:00004d92       SDL_RenderCopy             0000000180005d92 f   lib_SDL2:lib_SDL2.dll
 0001:00004d98       SDL_DestroyRenderer        0000000180005d98 f   lib_SDL2:lib_SDL2.dll
 0001:00004d9e       SDL_DestroyTexture         0000000180005d9e f   lib_SDL2:lib_SDL2.dll
 0001:00004da4       SDL_CreateTextureFromSurface 0000000180005da4 f   lib_SDL2:lib_SDL2.dll
 0001:00004daa       SDL_RenderPresent          0000000180005daa f   lib_SDL2:lib_SDL2.dll
 0001:00004db0       SDL_SetRenderDrawBlendMode 0000000180005db0 f   lib_SDL2:lib_SDL2.dll
 0001:00004db6       SDL_SetRenderDrawColor     0000000180005db6 f   lib_SDL2:lib_SDL2.dll
 0001:00004dbc       TTF_OpenFont               0000000180005dbc f   lib_SDL2:lib_SDL2.dll
 0001:00004dc2       TTF_CloseFont              0000000180005dc2 f   lib_SDL2:lib_SDL2.dll
 0001:00004dc8       TTF_Init                   0000000180005dc8 f   lib_SDL2:lib_SDL2.dll
 0001:00004dce       SDL_PumpEvents             0000000180005dce f   lib_SDL2:lib_SDL2.dll
 0001:00004dd4       TTF_RenderGlyph_Shaded     0000000180005dd4 f   lib_SDL2:lib_SDL2.dll
 0001:00004dda       SDL_Delay                  0000000180005dda f   lib_SDL2:lib_SDL2.dll
 0001:00004de0       SDL_RenderClear            0000000180005de0 f   lib_SDL2:lib_SDL2.dll
 0001:00004de6       SDL_CreateRenderer         0000000180005de6 f   lib_SDL2:lib_SDL2.dll
 0001:00004dec       SDL_SetTextureColorMod     0000000180005dec f   lib_SDL2:lib_SDL2.dll
 0001:00004df2       SDL_PeepEvents             0000000180005df2 f   lib_SDL2:lib_SDL2.dll
 0001:00004df8       SDL_GetTicks               0000000180005df8 f   lib_SDL2:lib_SDL2.dll
 0001:00004dfe       SDL_RenderFillRect         0000000180005dfe f   lib_SDL2:lib_SDL2.dll
 0001:00004e04       SDL_RenderDrawRect         0000000180005e04 f   lib_SDL2:lib_SDL2.dll
 0001:00004e0a       TTF_Quit                   0000000180005e0a f   lib_SDL2:lib_SDL2.dll
 0001:00004e10       SDL_Quit                   0000000180005e10 f   lib_SDL2:lib_SDL2.dll
 0001:00004e16       SDL_FreeSurface            0000000180005e16 f   lib_SDL2:lib_SDL2.dll
 0001:00004e1c       memcpy                     0000000180005e1c f   MSVCRT:MSVCR90.dll
 0001:00004e22       __CxxFrameHandler3         0000000180005e22 f   MSVCRT:MSVCR90.dll
 0001:00004e30       _setjmp                    0000000180005e30 f   MSVCRT:MSVCR90.dll
 0001:00004e50       _alloca_probe              0000000180005e50     MSVCRT:chkstk.obj
 0001:00004e50       __chkstk                   0000000180005e50 f   MSVCRT:chkstk.obj
 0002:00000000       __imp_Sleep                0000000180008000     kernel32:KERNEL32.dll
 0002:00000008       __imp_QueryPerformanceCounter 0000000180008008     kernel32:KERNEL32.dll
 0002:00000010       __imp_GetTickCount         0000000180008010     kernel32:KERNEL32.dll
 0002:00000018       __imp_GetCurrentThreadId   0000000180008018     kernel32:KERNEL32.dll
 0002:00000020       __imp_GetCurrentProcessId  0000000180008020     kernel32:KERNEL32.dll
 0002:00000028       __imp_GetSystemTimeAsFileTime 0000000180008028     kernel32:KERNEL32.dll
 0002:00000030       __imp_DisableThreadLibraryCalls 0000000180008030     kernel32:KERNEL32.dll
 0002:00000038       \177KERNEL32_NULL_THUNK_DATA 0000000180008038     kernel32:KERNEL32.dll
 0002:00000040       __imp___dllonexit          0000000180008040     MSVCRT:MSVCR90.dll
 0002:00000048       __imp__encode_pointer      0000000180008048     MSVCRT:MSVCR90.dll
 0002:00000050       __imp__lock                0000000180008050     MSVCRT:MSVCR90.dll
 0002:00000058       __imp__onexit              0000000180008058     MSVCRT:MSVCR90.dll
 0002:00000060       __imp__decode_pointer      0000000180008060     MSVCRT:MSVCR90.dll
 0002:00000068       __imp__malloc_crt          0000000180008068     MSVCRT:MSVCR90.dll
 0002:00000070       __imp__initterm            0000000180008070     MSVCRT:MSVCR90.dll
 0002:00000078       __imp__initterm_e          0000000180008078     MSVCRT:MSVCR90.dll
 0002:00000080       __imp__unlock              0000000180008080     MSVCRT:MSVCR90.dll
 0002:00000088       __imp__encoded_null        0000000180008088     MSVCRT:MSVCR90.dll
 0002:00000090       __imp__amsg_exit           0000000180008090     MSVCRT:MSVCR90.dll
 0002:00000098       __imp___CppXcptFilter      0000000180008098     MSVCRT:MSVCR90.dll
 0002:000000a0       __imp_?terminate@@YAXXZ    00000001800080a0     MSVCRT:MSVCR90.dll
 0002:000000a8       __imp_?_type_info_dtor_internal_method@type_info@@QEAAXXZ 00000001800080a8     MSVCRT:MSVCR90.dll
 0002:000000b0       __imp___clean_type_info_names_internal 00000001800080b0     MSVCRT:MSVCR90.dll
 0002:000000b8       __imp___CxxFrameHandler3   00000001800080b8     MSVCRT:MSVCR90.dll
 0002:000000c0       __imp_memcpy               00000001800080c0     MSVCRT:MSVCR90.dll
 0002:000000c8       __imp___C_specific_handler 00000001800080c8     MSVCRT:MSVCR90.dll
 0002:000000d0       __imp_longjmp              00000001800080d0     MSVCRT:MSVCR90.dll
 0002:000000d8       __imp_strstr               00000001800080d8     MSVCRT:MSVCR90.dll
 0002:000000e0       __imp_??2@YAPEAX_K@Z       00000001800080e0     MSVCRT:MSVCR90.dll
 0002:000000e8       __imp_??3@YAXPEAX@Z        00000001800080e8     MSVCRT:MSVCR90.dll
 0002:000000f0       __imp__purecall            00000001800080f0     MSVCRT:MSVCR90.dll
 0002:000000f8       __imp_free                 00000001800080f8     MSVCRT:MSVCR90.dll
 0002:00000100       __imp_strncmp              0000000180008100     MSVCRT:MSVCR90.dll
 0002:00000108       __imp__setjmp              0000000180008108     MSVCRT:MSVCR90.dll
 0002:00000110       \177MSVCR90_NULL_THUNK_DATA 0000000180008110     MSVCRT:MSVCR90.dll
 0002:00000118       __imp_TTF_CloseFont        0000000180008118     lib_SDL2:lib_SDL2.dll
 0002:00000120       __imp_TTF_Quit             0000000180008120     lib_SDL2:lib_SDL2.dll
 0002:00000128       __imp_SDL_RenderDrawRect   0000000180008128     lib_SDL2:lib_SDL2.dll
 0002:00000130       __imp_SDL_RenderFillRect   0000000180008130     lib_SDL2:lib_SDL2.dll
 0002:00000138       __imp_SDL_GetTicks         0000000180008138     lib_SDL2:lib_SDL2.dll
 0002:00000140       __imp_SDL_PeepEvents       0000000180008140     lib_SDL2:lib_SDL2.dll
 0002:00000148       __imp_SDL_SetTextureColorMod 0000000180008148     lib_SDL2:lib_SDL2.dll
 0002:00000150       __imp_SDL_CreateRenderer   0000000180008150     lib_SDL2:lib_SDL2.dll
 0002:00000158       __imp_SDL_FreeSurface      0000000180008158     lib_SDL2:lib_SDL2.dll
 0002:00000160       __imp_SDL_RenderClear      0000000180008160     lib_SDL2:lib_SDL2.dll
 0002:00000168       __imp_SDL_Delay            0000000180008168     lib_SDL2:lib_SDL2.dll
 0002:00000170       __imp_SDL_RenderDrawLine   0000000180008170     lib_SDL2:lib_SDL2.dll
 0002:00000178       __imp_SDL_RenderDrawLines  0000000180008178     lib_SDL2:lib_SDL2.dll
 0002:00000180       __imp_SDL_Init             0000000180008180     lib_SDL2:lib_SDL2.dll
 0002:00000188       __imp_SDL_DestroyWindow    0000000180008188     lib_SDL2:lib_SDL2.dll
 0002:00000190       __imp_TTF_GlyphMetrics     0000000180008190     lib_SDL2:lib_SDL2.dll
 0002:00000198       __imp_SDL_CreateWindow     0000000180008198     lib_SDL2:lib_SDL2.dll
 0002:000001a0       __imp_SDL_RenderCopy       00000001800081a0     lib_SDL2:lib_SDL2.dll
 0002:000001a8       __imp_SDL_DestroyRenderer  00000001800081a8     lib_SDL2:lib_SDL2.dll
 0002:000001b0       __imp_SDL_DestroyTexture   00000001800081b0     lib_SDL2:lib_SDL2.dll
 0002:000001b8       __imp_SDL_CreateTextureFromSurface 00000001800081b8     lib_SDL2:lib_SDL2.dll
 0002:000001c0       __imp_SDL_RenderPresent    00000001800081c0     lib_SDL2:lib_SDL2.dll
 0002:000001c8       __imp_SDL_SetRenderDrawBlendMode 00000001800081c8     lib_SDL2:lib_SDL2.dll
 0002:000001d0       __imp_SDL_SetRenderDrawColor 00000001800081d0     lib_SDL2:lib_SDL2.dll
 0002:000001d8       __imp_TTF_OpenFont         00000001800081d8     lib_SDL2:lib_SDL2.dll
 0002:000001e0       __imp_TTF_RenderGlyph_Shaded 00000001800081e0     lib_SDL2:lib_SDL2.dll
 0002:000001e8       __imp_TTF_Init             00000001800081e8     lib_SDL2:lib_SDL2.dll
 0002:000001f0       __imp_SDL_PumpEvents       00000001800081f0     lib_SDL2:lib_SDL2.dll
 0002:000001f8       __imp_SDL_Quit             00000001800081f8     lib_SDL2:lib_SDL2.dll
 0002:00000200       \177lib_SDL2_NULL_THUNK_DATA 0000000180008200     lib_SDL2:lib_SDL2.dll
 0002:00000208       __imp_jpeg_std_error       0000000180008208     lib_jpeglib:lib_jpeglib.dll
 0002:00000210       __imp_jpeg_finish_decompress 0000000180008210     lib_jpeglib:lib_jpeglib.dll
 0002:00000218       __imp_jpeg_read_header     0000000180008218     lib_jpeglib:lib_jpeglib.dll
 0002:00000220       __imp_jpeg_resync_to_restart 0000000180008220     lib_jpeglib:lib_jpeglib.dll
 0002:00000228       __imp_jpeg_destroy_decompress 0000000180008228     lib_jpeglib:lib_jpeglib.dll
 0002:00000230       __imp_jpeg_CreateDecompress 0000000180008230     lib_jpeglib:lib_jpeglib.dll
 0002:00000238       __imp_jpeg_start_decompress 0000000180008238     lib_jpeglib:lib_jpeglib.dll
 0002:00000240       __imp_jpeg_destroy         0000000180008240     lib_jpeglib:lib_jpeglib.dll
 0002:00000248       __imp_jpeg_read_scanlines  0000000180008248     lib_jpeglib:lib_jpeglib.dll
 0002:00000250       \177lib_jpeglib_NULL_THUNK_DATA 0000000180008250     lib_jpeglib:lib_jpeglib.dll
 0002:00000258       __imp_png_error            0000000180008258     lib_libpng:lib_libpng.dll
 0002:00000260       __imp_png_read_row         0000000180008260     lib_libpng:lib_libpng.dll
 0002:00000268       __imp_png_set_sig_bytes    0000000180008268     lib_libpng:lib_libpng.dll
 0002:00000270       __imp_png_read_update_info 0000000180008270     lib_libpng:lib_libpng.dll
 0002:00000278       __imp_png_set_read_fn      0000000180008278     lib_libpng:lib_libpng.dll
 0002:00000280       __imp_png_create_info_struct 0000000180008280     lib_libpng:lib_libpng.dll
 0002:00000288       __imp_png_get_io_ptr       0000000180008288     lib_libpng:lib_libpng.dll
 0002:00000290       __imp_png_create_read_struct 0000000180008290     lib_libpng:lib_libpng.dll
 0002:00000298       __imp_png_sig_cmp          0000000180008298     lib_libpng:lib_libpng.dll
 0002:000002a0       __imp_png_read_info        00000001800082a0     lib_libpng:lib_libpng.dll
 0002:000002a8       __imp_png_get_IHDR         00000001800082a8     lib_libpng:lib_libpng.dll
 0002:000002b0       __imp_png_destroy_read_struct 00000001800082b0     lib_libpng:lib_libpng.dll
 0002:000002b8       \177lib_libpng_NULL_THUNK_DATA 00000001800082b8     lib_libpng:lib_libpng.dll
 0002:000002c0       __xc_a                     00000001800082c0     MSVCRT:cinitexe.obj
 0002:00000990       __xc_z                     0000000180008990     MSVCRT:cinitexe.obj
 0002:00000998       __xi_a                     0000000180008998     MSVCRT:cinitexe.obj
 0002:000009a8       __xi_z                     00000001800089a8     MSVCRT:cinitexe.obj
 0002:000009b8       ??_7type_info@@6B@         00000001800089b8     MSVCRT:ti_inst.obj
 0002:000009c0       _pDefaultRawDllMain        00000001800089c0     MSVCRT:crtdll.obj
 0002:000009c0       _pRawDllMain               00000001800089c0     MSVCRT:crtdll.obj
 0002:000009c8       ??_C@_0P@GHFPNOJB@bad?5allocation?$AA@ 00000001800089c8     plugin_test1.obj
 0002:000009d8       ??_C@_0BF@OCNNAADO@UModSys?3?3core?3?3IRoot?$AA@ 00000001800089d8     plugin_test1.obj
 0002:000009f0       ??_C@_0BK@EMIJFOPA@UModSys?3?3core?3?3IRefObject?$AA@ 00000001800089f0     plugin_test1.obj
 0002:00000a10       ??_C@_0BL@IOMMHELF@UModSys?3?3core?3?3IParameters?$AA@ 0000000180008a10     plugin_test1.obj
 0002:00000a30       ??_C@_0BH@LKDEEPPM@UModSys?3?3base?3?3IModule?$AA@ 0000000180008a30     plugin_test1.obj
 0002:00000a48       ??_C@_0BO@PHJOHFCB@UModSys?3?3base?3?3IModuleLibrary?$AA@ 0000000180008a48     plugin_test1.obj
 0002:00000a68       ??_C@_0BK@FDPIOPHG@UModSys?3?3base?3?3IModObject?$AA@ 0000000180008a68     plugin_test1.obj
 0002:00000a88       ??_C@_0BK@OIBKNCKJ@UModSys?3?3base?3?3IGenerator?$AA@ 0000000180008a88     plugin_test1.obj
 0002:00000aa8       ??_C@_0BG@PJBGCMEC@UModSys?3?3base?3?3IShell?$AA@ 0000000180008aa8     plugin_test1.obj
 0002:00000ac0       ??_C@_0BI@IKAOEFAP@UModSys?3?3base?3?3IConsole?$AA@ 0000000180008ac0     plugin_test1.obj
 0002:00000ad8       ??_C@_0BH@PFCONEJJ@UModSys?3?3base?3?3ISystem?$AA@ 0000000180008ad8     plugin_test1.obj
 0002:00000af0       ??_C@_0CB@CLGNFEGF@UModSys?3?3libmedia?3?3IStreamReader@ 0000000180008af0     plugin_test1.obj
 0002:00000b18       ??_C@_0CB@HOPFFLP@UModSys?3?3libmedia?3?3IStreamWriter@ 0000000180008b18     plugin_test1.obj
 0002:00000b40       ??_C@_0BP@KCJMEDNO@UModSys?3?3libmedia?3?3IBinArchive?$AA@ 0000000180008b40     plugin_test1.obj
 0002:00000b60       ??_C@_0CB@FDEKNMGJ@UModSys?3?3libmedia?3?3IBinObjFilter@ 0000000180008b60     plugin_test1.obj
 0002:00000b88       ??_C@_0BM@DPCMOAPM@UModSys?3?3libmedia?3?3ILibrary?$AA@ 0000000180008b88     plugin_test1.obj
 0002:00000ba8       ??_C@_0CD@ELIFEGE@UModSys?3?3libmedia?3?3ILibraryBinTr@ 0000000180008ba8     plugin_test1.obj
 0002:00000bd0       ??_C@_0CE@EGHBJBAJ@UModSys?3?3libmedia?3?3ILibraryBinCa@ 0000000180008bd0     plugin_test1.obj
 0002:00000bf8       ??_C@_0CF@LBIGBLOK@UModSys?3?3libmedia?3?3ILibraryObjFi@ 0000000180008bf8     plugin_test1.obj
 0002:00000c20       ??_C@_0CE@BOBLEOBL@UModSys?3?3libmedia?3?3ILibraryObjCa@ 0000000180008c20     plugin_test1.obj
 0002:00000c48       ??_C@_0CD@LJFEJKGF@UModSys?3?3libmedia?3?3ILibraryLayer@ 0000000180008c48     plugin_test1.obj
 0002:00000c70       ?utf_bytesFromUTF8@su@tl@UModSys@@3QBEB 0000000180008c70     umodsys_lib_core:umodsys.tl.utf.obj
 0002:00000d70       ?utf_firstByteMark@su@tl@UModSys@@3QBEB 0000000180008d70     umodsys_lib_core:umodsys.tl.utf.obj
 0002:00000d78       ?utf_offsetsFromUTF8@su@tl@UModSys@@3QBHB 0000000180008d78     umodsys_lib_core:umodsys.tl.utf.obj
 0002:00000da8       ??_C@_0BL@NMJBPMOF@UModSys?3?3base?3?3IConsoleExt?$AA@ 0000000180008da8     plugin_test1.obj
 0002:00000dc8       ??_C@_0BO@CGANABBB@UModSys?3?3base?3?3IConsoleHelper?$AA@ 0000000180008dc8     plugin_test1.obj
 0002:00000de8       ??_C@_0CF@NIEDAAFG@UModSys?3?3base?3?3IConsoleHelperHis@ 0000000180008de8     plugin_test1.obj
 0002:00000e10       ??_C@_0CD@FCDJONHN@UModSys?3?3base?3?3IConsoleHelperInp@ 0000000180008e10     plugin_test1.obj
 0002:00000e38       ??_C@_0CE@KMOIHDDJ@UModSys?3?3base?3?3IConsoleHelperOut@ 0000000180008e38     plugin_test1.obj
 0002:00000e60       ??_C@_0CH@NMEMKECD@UModSys?3?3base?3?3IConsoleHelperOut@ 0000000180008e60     plugin_test1.obj
 0002:00000e88       ??_C@_0CE@DIFILHID@UModSys?3?3libui?3?3IKeyboardControl@ 0000000180008e88     plugin_test1.obj
 0002:00000eb0       ??_C@_0CB@MBIJAGJE@UModSys?3?3libui?3?3IMouseController@ 0000000180008eb0     plugin_test1.obj
 0002:00000ed8       ??_C@_0CE@HLKJKPC@UModSys?3?3libui?3?3IJoystickControl@ 0000000180008ed8     plugin_test1.obj
 0002:00000f00       ??_C@_0BK@GJJNKGGD@UModSys?3?3libui?3?3ITerminal?$AA@ 0000000180008f00     plugin_test1.obj
 0002:00000f20       ??_C@_0CK@HENOKNKH@UModSys?3?3libui?3?3IConsoleHelperIn@ 0000000180008f20     plugin_test1.obj
 0002:00000f50       ??_C@_0BH@JDBCAPMN@UModSys?3?3lib2d?3?3IImage?$AA@ 0000000180008f50     plugin_test1.obj
 0002:00000f68       ??_C@_0BM@NDCOKBPH@UModSys?3?3lib2d?3?3IMultiImage?$AA@ 0000000180008f68     plugin_test1.obj
 0002:00000f88       ??_C@_0BO@FFPMHFPK@UModSys?3?3lib2d?3?3IRenderDriver?$AA@ 0000000180008f88     plugin_test1.obj
 0002:00000fa8       ??_C@_0CG@DNABKNDD@UModSys?3?3modules?3?3test?3?3test1?3?3I@ 0000000180008fa8     plugin_test1.obj
 0002:00000fd0       ??_C@_0CG@FINIGFAH@UModSys?3?3modules?3?3test?3?3test1?3?3R@ 0000000180008fd0     plugin_test1.obj
 0002:00000ff8       ??_C@_0CN@EFAOPDDB@UModSys?3?3modules?3?3test?3?3test1?3?3R@ 0000000180008ff8     plugin_test1.obj
 0002:00001028       ??_C@_0CM@LNHNHIJB@UModSys?3?3modules?3?3test?3?3test1?3?3R@ 0000000180009028     plugin_test1.obj
 0002:00001058       ??_C@_0BC@NIGGCDMG@RTest1_Shell?$CI?$CJ?5?$HL?6?$AA@ 0000000180009058     plugin_test1.obj
 0002:00001070       ??_C@_0DK@JIEMIEKA@UModSys?3?3modules?3?3test?3?3test1?3?3R@ 0000000180009070     plugin_test1.obj
 0002:000010b0       ??_C@_0CK@OICDGBDJ@?4?4?2?4?4?2?4?4?2src?2plugin?2test?2plugin_@ 00000001800090b0     plugin_test1.obj
 0002:000010e0       ??_C@_0BF@BMCPNMPN@?$HN?5?1?1?5RTest1_Shell?$CI?$CJ?6?$AA@ 00000001800090e0     plugin_test1.obj
 0002:000010f8       ??_C@_0DL@OIAHAJF@UModSys?3?3modules?3?3test?3?3test1?3?3R@ 00000001800090f8     plugin_test1.obj
 0002:00001138       ??_C@_0BB@MLDFLEML@?$HORTest1_Shell?$CI?$CJ?6?$AA@ 0000000180009138     plugin_test1.obj
 0002:00001150       ??_C@_0BJ@CCPCJEPP@RTest1_Shell?3?3connect?$CI?$CJ?6?$AA@ 0000000180009150     plugin_test1.obj
 0002:00001170       ??_C@_0BM@KBDBHLN@RTest1_Shell?3?3disconnect?$CI?$CJ?6?$AA@ 0000000180009170     plugin_test1.obj
 0002:00001190       ??_C@_0BI@PGLACHLJ@RTest1_Shell?3?3tick?$CI?$CFg?$CJ?6?$AA@ 0000000180009190     plugin_test1.obj
 0002:000011a8       ??_C@_0BM@JFIEEBE@RTest1_Shell?3?3command?$CI?$CD?$CFd?$CJ?6?$AA@ 00000001800091a8     plugin_test1.obj
 0002:000011c8       ??_C@_08BABJIOEM@filename?$AA@ 00000001800091c8     plugin_test1.obj
 0002:000011d8       ??_C@_0BP@CAPONCLM@?5?5found?5terminal?5?$CFs?3?5?$CFs?5?$DN?$DO?5?$CFp?6?$AA@ 00000001800091d8     plugin_test1.obj
 0002:000011f8       ??_C@_0BE@CKPLJHAG@?5?5fail?5terminal?5?$CFs?6?$AA@ 00000001800091f8     plugin_test1.obj
 0002:00001210       ??_C@_0P@GKJLFKKG@?$CK?3?3SDL_core?3?3?$CK?$AA@ 0000000180009210     plugin_test1.obj
 0002:00001220       ??_C@_0L@DPNPMJNC@Neocyr?4ttf?$AA@ 0000000180009220     plugin_test1.obj
 0002:00001230       ??_C@_07EPLPNHLN@Test?5?$CD1?$AA@ 0000000180009230     plugin_test1.obj
 0002:00001238       ??_C@_07BANDPJOM@caption?$AA@ 0000000180009238     plugin_test1.obj
 0002:00001240       ??_C@_00CNPNBAHC@?$AA@     0000000180009240     plugin_test1.obj
 0002:00001248       ??_C@_0CE@HACAKFFL@?5?5not?5created?5lib2d?3?3IRenderDriv@ 0000000180009248     plugin_test1.obj
 0002:00001270       ??_C@_0CK@INONFMOM@?5?5created?5lib2d?3?3IRenderDriver?3?5@ 0000000180009270     plugin_test1.obj
 0002:000012a0       ??_C@_09HPINFNJC@max_glyph?$AA@ 00000001800092a0     plugin_test1.obj
 0002:000012b0       ??_C@_0BK@EIEBINCJ@?5?5created?5font?3?5?$CFs?5?$DN?$DO?5?$CFp?6?$AA@ 00000001800092b0     plugin_test1.obj
 0002:000012e8       ??_C@_0CK@DEJPICLK@UModSys?3?3modules?3?3test?3?3test1?3?3R@ 00000001800092e8     plugin_test1.obj
 0002:00001318       ??_C@_0DD@HMBJLEH@UMODSYS_MODULE_NAME?$CItest?0test1?$CJ?3@ 0000000180009318     plugin_test1.obj
 0002:00001350       ??_C@_0BA@NMEBLMNE@Test?51?5?9?5module?$AA@ 0000000180009350     plugin_test1.obj
 0002:00001360       ??_C@_0N@FOCLJAHI@tests?3?3test1?$AA@ 0000000180009360     plugin_test1.obj
 0002:00001370       ??_C@_0BE@HJEBHPIG@RModuleReg?3?3open?$CI?$CJ?6?$AA@ 0000000180009370     plugin_test1.obj
 0002:00001388       ??_C@_0BF@KIBBFLP@RModuleReg?3?3close?$CI?$CJ?6?$AA@ 0000000180009388     plugin_test1.obj
 0002:000013a0       ??_C@_09JGNMLHG@modobject?$AA@ 00000001800093a0     plugin_test1.obj
 0002:000013b0       ??_C@_08FCBDOIAH@typeinfo?$AA@ 00000001800093b0     plugin_test1.obj
 0002:000013c8       ??_7IRoot@core@UModSys@@6B@ 00000001800093c8     plugin_test1.obj
 0002:00001418       ??_7RTest1_Shell@test1@test@modules@UModSys@@6B@ 0000000180009418     plugin_test1.obj
 0002:000014a8       ??_7RGenerator@test1@test@modules@UModSys@@6B@ 00000001800094a8     plugin_test1.obj
 0002:00001548       ??_7RModuleReg@test1@test@modules@UModSys@@6B@ 0000000180009548     plugin_test1.obj
 0002:00001578       ??_C@_0DG@EGPKIIPE@UModSys?3?3modules?3?3ui?3?3SDL_core?3?3@ 0000000180009578     umodsys_lib_libui:umodsys.mod.ui.SDL_core.obj
 0002:000015b0       ??_C@_04IAGNFIBA@size?$AA@ 00000001800095b0     umodsys_lib_libui:umodsys.mod.ui.SDL_core.obj
 0002:000015b8       ??_C@_0DJ@HHGCBBEF@UModSys?3?3modules?3?3ui?3?3SDL_core?3?3@ 00000001800095b8     umodsys_lib_libui:umodsys.mod.ui.SDL_core.obj
 0002:000015f4       ??_C@_04MGOIFCEG@SDL2?$AA@ 00000001800095f4     umodsys_lib_libui:umodsys.mod.ui.SDL_core.obj
 0002:000015fc       ??_C@_01FJMABOPO@x?$AA@    00000001800095fc     umodsys_lib_libui:umodsys.mod.ui.SDL_core.obj
 0002:00001600       ??_C@_01EANLCPLP@y?$AA@    0000000180009600     umodsys_lib_libui:umodsys.mod.ui.SDL_core.obj
 0002:00001604       ??_C@_02KIIGLGOP@dx?$AA@   0000000180009604     umodsys_lib_libui:umodsys.mod.ui.SDL_core.obj
 0002:00001608       ??_C@_02LBJNIHKO@dy?$AA@   0000000180009608     umodsys_lib_libui:umodsys.mod.ui.SDL_core.obj
 0002:00001610       ??_C@_0DD@HBKHIPP@UModSys?3?3modules?3?3ui?3?3SDL_core?3?3@ 0000000180009610     umodsys_lib_libui:umodsys.mod.ui.SDL_core.obj
 0002:00001648       ??_C@_0CL@JNMIGLLO@UModSys?3?3modules?3?3ui?3?3SDL_core?3?3@ 0000000180009648     umodsys_lib_libui:umodsys.mod.ui.SDL_core.obj
 0002:00001678       ??_C@_0DE@GHIHDIMC@UMODSYS_MODULE_NAME?$CIui?0SDL_core?$CJ@ 0000000180009678     umodsys_lib_libui:umodsys.mod.ui.SDL_core.obj
 0002:000016b0       ??_C@_0N@MLKEIMGM@ui?3?3SDC_core?$AA@ 00000001800096b0     umodsys_lib_libui:umodsys.mod.ui.SDL_core.obj
 0002:000016c8       ??_7RGenerator@SDL_core@ui@modules@UModSys@@6B@ 00000001800096c8     umodsys_lib_libui:umodsys.mod.ui.SDL_core.obj
 0002:00001768       ??_7RTerminal_SDL_core@SDL_core@ui@modules@UModSys@@6B@ 0000000180009768     umodsys_lib_libui:umodsys.mod.ui.SDL_core.obj
 0002:00001828       ??_7RRenderDriver2D_SDL_core@SDL_core@ui@modules@UModSys@@6B@ 0000000180009828     umodsys_lib_libui:umodsys.mod.ui.SDL_core.obj
 0002:00001958       ??_7RMultiImage2D_SDL_ttf@SDL_core@ui@modules@UModSys@@6B@ 0000000180009958     umodsys_lib_libui:umodsys.mod.ui.SDL_core.obj
 0002:000019f8       ??_7RModuleReg@SDL_core@ui@modules@UModSys@@6B@ 00000001800099f8     umodsys_lib_libui:umodsys.mod.ui.SDL_core.obj
 0002:00001a28       ??_C@_0DC@OJAOGACO@UModSys?3?3modules?3?3media?3?3images_@ 0000000180009a28     umodsys_lib_libmedia:umodsys.mod.media.images_std.obj
 0002:00001a60       ??_C@_0O@IMJFODOA@lib2d?3?3IImage?$AA@ 0000000180009a60     umodsys_lib_libmedia:umodsys.mod.media.images_std.obj
 0002:00001a70       ??_C@_0BH@FAPHCJAO@image_palette_alphakey?$AA@ 0000000180009a70     umodsys_lib_libmedia:umodsys.mod.media.images_std.obj
 0002:00001a88       ??_C@_0L@MIOOFCJG@image_hint?$AA@ 0000000180009a88     umodsys_lib_libmedia:umodsys.mod.media.images_std.obj
 0002:00001a98       ??_C@_0M@CPFHCGMF@image_alpha?$AA@ 0000000180009a98     umodsys_lib_libmedia:umodsys.mod.media.images_std.obj
 0002:00001aa4       ??_C@_04GNPKBLNA@?4jpg?$AA@ 0000000180009aa4     umodsys_lib_libmedia:umodsys.mod.media.images_std.obj
 0002:00001aac       ??_C@_05KPIGABMB@?4jpeg?$AA@ 0000000180009aac     umodsys_lib_libmedia:umodsys.mod.media.images_std.obj
 0002:00001ab4       ??_C@_04EEOGCCFB@?4png?$AA@ 0000000180009ab4     umodsys_lib_libmedia:umodsys.mod.media.images_std.obj
 0002:00001ac0       ??_C@_0CB@LKENOGAK@PNG?5FATAL?5ERROR?3?5png?5error?5?9?5?$CFs?6@ 0000000180009ac0     umodsys_lib_libmedia:umodsys.mod.media.images_std.obj
 0002:00001ae8       ??_C@_0L@BAFDDAPG@Read?5Error?$AA@ 0000000180009ae8     umodsys_lib_libmedia:umodsys.mod.media.images_std.obj
 0002:00001af8       ??_C@_0M@PMDCBFIO@1?47?40beta06?$AA@ 0000000180009af8     umodsys_lib_libmedia:umodsys.mod.media.images_std.obj
 0002:00001b08       ??_C@_0DA@GEKJILHJ@UModSys?3?3modules?3?3media?3?3images_@ 0000000180009b08     umodsys_lib_libmedia:umodsys.mod.media.images_std.obj
 0002:00001b38       ??_C@_0DJ@PEFKPECF@UMODSYS_MODULE_NAME?$CImedia?0images@ 0000000180009b38     umodsys_lib_libmedia:umodsys.mod.media.images_std.obj
 0002:00001b78       ??_C@_0BC@FLDHBKGG@media?3?3images_std?$AA@ 0000000180009b78     umodsys_lib_libmedia:umodsys.mod.media.images_std.obj
 0002:00001b98       ??_7RGenerator@images_std@media@modules@UModSys@@6B@ 0000000180009b98     umodsys_lib_libmedia:umodsys.mod.media.images_std.obj
 0002:00001c38       ??_7RMediaFilter@images_std@media@modules@UModSys@@6BIRefObject@core@4@@ 0000000180009c38     umodsys_lib_libmedia:umodsys.mod.media.images_std.obj
 0002:00001cb8       ??_7RMediaFilter@images_std@media@modules@UModSys@@6BISetter@SFlags@libmedia@4@@ 0000000180009cb8     umodsys_lib_libmedia:umodsys.mod.media.images_std.obj
 0002:00001cd8       ??_7RModuleReg@images_std@media@modules@UModSys@@6B@ 0000000180009cd8     umodsys_lib_libmedia:umodsys.mod.media.images_std.obj
 0002:00001d10       ??_7RModuleLibraryReg_Chain@base@UModSys@@6B@ 0000000180009d10     umodsys_lib_base:umodsys.base.moduleregchain.obj
 0002:00001d48       ??_7IModuleReg@base@UModSys@@6B@ 0000000180009d48     umodsys_lib_base:umodsys.base.modulereg.obj
 0002:00001d80       ??_7IModuleLibraryReg@base@UModSys@@6B@ 0000000180009d80     umodsys_lib_base:umodsys.base.modulereg.obj
 0002:00001db0       __real@447a0000            0000000180009db0      CIL library: CIL module
 0002:00001db4       __real@437f0000            0000000180009db4      CIL library: CIL module
 0002:00001db8       __real@3f50624dd2f1a9fc    0000000180009db8      CIL library: CIL module
 0002:00002148       __real@3c23d70a            000000018000a148      CIL library: CIL module
 0002:0000214c       __real@3f800000            000000018000a14c      CIL library: CIL module
 0002:000021d8       ??_R4type_info@@6B@        000000018000a1d8     MSVCRT:ti_inst.obj
 0002:00002200       ??_R3type_info@@8          000000018000a200     MSVCRT:ti_inst.obj
 0002:00002218       ??_R2type_info@@8          000000018000a218     MSVCRT:ti_inst.obj
 0002:00002228       ??_R1A@?0A@EA@type_info@@8 000000018000a228     MSVCRT:ti_inst.obj
 0002:00002250       ??_R4RModuleReg@test1@test@modules@UModSys@@6B@ 000000018000a250     plugin_test1.obj
 0002:00002278       ??_R3RModuleReg@test1@test@modules@UModSys@@8 000000018000a278     plugin_test1.obj
 0002:00002290       ??_R2RModuleReg@test1@test@modules@UModSys@@8 000000018000a290     plugin_test1.obj
 0002:000022a8       ??_R1A@?0A@EA@IModuleReg@base@UModSys@@8 000000018000a2a8     plugin_test1.obj
[...]
 0001:000054b0       ??__E?s_id@?$TObjectUniqueID@UIRoot@core@UModSys@@@tl@UModSys@@2USUniquePointer@core@3@A@@YAXXZ 00000001800064b0 f    CIL library: CIL module
 0001:000054e4       ??__E?s_id@?$TObjectUniqueID@UIRefObject@core@UModSys@@@tl@UModSys@@2USUniquePointer@core@3@A@@YAXXZ 00000001800064e4 f    CIL library: CIL module
 0001:00005518       ??__E?s_id@?$TObjectUniqueID@UIParameters@core@UModSys@@@tl@UModSys@@2USUniquePointer@core@3@A@@YAXXZ 0000000180006518 f    CIL library: CIL module
 0001:0000554c       ??__E?s_id@?$TObjectUniqueID@UIModule@base@UModSys@@@tl@UModSys@@2USUniquePointer@core@3@A@@YAXXZ 000000018000654c f    CIL library: CIL module
 0001:00005580       ??__E?s_id@?$TObjectUniqueID@UIModuleLibrary@base@UModSys@@@tl@UModSys@@2USUniquePointer@core@3@A@@YAXXZ 0000000180006580 f    CIL library: CIL module
 0001:000055b4       ??__E?s_id@?$TObjectUniqueID@UIModObject@base@UModSys@@@tl@UModSys@@2USUniquePointer@core@3@A@@YAXXZ 00000001800065b4 f    CIL library: CIL module
 0001:000055e8       ??__E?s_id@?$TObjectUniqueID@UIGenerator@base@UModSys@@@tl@UModSys@@2USUniquePointer@core@3@A@@YAXXZ 00000001800065e8 f    CIL library: CIL module
 0001:0000561c       ??__E?s_id@?$TObjectUniqueID@UIShell@base@UModSys@@@tl@UModSys@@2USUniquePointer@core@3@A@@YAXXZ 000000018000661c f    CIL library: CIL module
 0001:00005650       ??__E?s_id@?$TObjectUniqueID@UIConsole@base@UModSys@@@tl@UModSys@@2USUniquePointer@core@3@A@@YAXXZ 0000000180006650 f    CIL library: CIL module
 0001:00005684       ??__E?s_id@?$TObjectUniqueID@UISystem@base@UModSys@@@tl@UModSys@@2USUniquePointer@core@3@A@@YAXXZ 0000000180006684 f    CIL library: CIL module
 0001:000056b8       ??__E?s_id@?$TObjectUniqueID@UIStreamReader@libmedia@UModSys@@@tl@UModSys@@2USUniquePointer@core@3@A@@YAXXZ 00000001800066b8 f    CIL library: CIL module
 0001:000056ec       ??__E?s_id@?$TObjectUniqueID@UIStreamWriter@libmedia@UModSys@@@tl@UModSys@@2USUniquePointer@core@3@A@@YAXXZ 00000001800066ec f    CIL library: CIL module
 0001:00005720       ??__E?s_id@?$TObjectUniqueID@UIBinArchive@libmedia@UModSys@@@tl@UModSys@@2USUniquePointer@core@3@A@@YAXXZ 0000000180006720 f    CIL library: CIL module
 0001:00005754       ??__E?s_id@?$TObjectUniqueID@UIBinObjFilter@libmedia@UModSys@@@tl@UModSys@@2USUniquePointer@core@3@A@@YAXXZ 0000000180006754 f    CIL library: CIL module
 0001:00005788       ??__E?s_id@?$TObjectUniqueID@UILibrary@libmedia@UModSys@@@tl@UModSys@@2USUniquePointer@core@3@A@@YAXXZ 0000000180006788 f    CIL library: CIL module
 0001:000057bc       ??__E?s_id@?$TObjectUniqueID@UILibraryBinTree@libmedia@UModSys@@@tl@UModSys@@2USUniquePointer@core@3@A@@YAXXZ 00000001800067bc f    CIL library: CIL module
 0001:000057f0       ??__E?s_id@?$TObjectUniqueID@UILibraryBinCache@libmedia@UModSys@@@tl@UModSys@@2USUniquePointer@core@3@A@@YAXXZ 00000001800067f0 f    CIL library: CIL module
 0001:00005824       ??__E?s_id@?$TObjectUniqueID@UILibraryObjFilter@libmedia@UModSys@@@tl@UModSys@@2USUniquePointer@core@3@A@@YAXXZ 0000000180006824 f    CIL library: CIL module
 0001:00005858       ??__E?s_id@?$TObjectUniqueID@UILibraryObjCache@libmedia@UModSys@@@tl@UModSys@@2USUniquePointer@core@3@A@@YAXXZ 0000000180006858 f    CIL library: CIL module
 0001:0000588c       ??__E?s_id@?$TObjectUniqueID@UILibraryLayered@libmedia@UModSys@@@tl@UModSys@@2USUniquePointer@core@3@A@@YAXXZ 000000018000688c f    CIL library: CIL module
 0001:000058c0       ??__E?s_id@?$TObjectUniqueID@UIConsoleExt@base@UModSys@@@tl@UModSys@@2USUniquePointer@core@3@A@@YAXXZ 00000001800068c0 f    CIL library: CIL module
 0001:000058f4       ??__E?s_id@?$TObjectUniqueID@UIConsoleHelper@base@UModSys@@@tl@UModSys@@2USUniquePointer@core@3@A@@YAXXZ 00000001800068f4 f    CIL library: CIL module
 0001:00005928       ??__E?s_id@?$TObjectUniqueID@UIConsoleHelperHistory@base@UModSys@@@tl@UModSys@@2USUniquePointer@core@3@A@@YAXXZ 0000000180006928 f    CIL library: CIL module
 0001:0000595c       ??__E?s_id@?$TObjectUniqueID@UIConsoleHelperInput@base@UModSys@@@tl@UModSys@@2USUniquePointer@core@3@A@@YAXXZ 000000018000695c f    CIL library: CIL module
 0001:00005990       ??__E?s_id@?$TObjectUniqueID@UIConsoleHelperOutput@base@UModSys@@@tl@UModSys@@2USUniquePointer@core@3@A@@YAXXZ 0000000180006990 f    CIL library: CIL module
 0001:000059c4       ??__E?s_id@?$TObjectUniqueID@UIConsoleHelperOutputFCS@base@UModSys@@@tl@UModSys@@2USUniquePointer@core@3@A@@YAXXZ 00000001800069c4 f    CIL library: CIL module
 0001:000059f8       ??__E?s_id@?$TObjectUniqueID@UIKeyboardController@libui@UModSys@@@tl@UModSys@@2USUniquePointer@core@3@A@@YAXXZ 00000001800069f8 f    CIL library: CIL module
 0001:00005a2c       ??__E?s_id@?$TObjectUniqueID@UIMouseController@libui@UModSys@@@tl@UModSys@@2USUniquePointer@core@3@A@@YAXXZ 0000000180006a2c f    CIL library: CIL module
 0001:00005a60       ??__E?s_id@?$TObjectUniqueID@UIJoystickController@libui@UModSys@@@tl@UModSys@@2USUniquePointer@core@3@A@@YAXXZ 0000000180006a60 f    CIL library: CIL module
 0001:00005a94       ??__E?s_id@?$TObjectUniqueID@UITerminal@libui@UModSys@@@tl@UModSys@@2USUniquePointer@core@3@A@@YAXXZ 0000000180006a94 f    CIL library: CIL module
 0001:00005ac8       ??__E?s_id@?$TObjectUniqueID@UIConsoleHelperInput_UIKey@libui@UModSys@@@tl@UModSys@@2USUniquePointer@core@3@A@@YAXXZ 0000000180006ac8 f    CIL library: CIL module
 0001:00005afc       ??__E?s_id@?$TObjectUniqueID@UIImage@lib2d@UModSys@@@tl@UModSys@@2USUniquePointer@core@3@A@@YAXXZ 0000000180006afc f    CIL library: CIL module
 0001:00005b30       ??__E?s_id@?$TObjectUniqueID@UIMultiImage@lib2d@UModSys@@@tl@UModSys@@2USUniquePointer@core@3@A@@YAXXZ 0000000180006b30 f    CIL library: CIL module
 0001:00005b64       ??__E?s_id@?$TObjectUniqueID@UIRenderDriver@lib2d@UModSys@@@tl@UModSys@@2USUniquePointer@core@3@A@@YAXXZ 0000000180006b64 f    CIL library: CIL module
 0001:00005b98       ??__E?s_id@?$TObjectUniqueID@UILines@test1@test@modules@UModSys@@@tl@UModSys@@2USUniquePointer@core@3@A@@YAXXZ 0000000180006b98 f    CIL library: CIL module
 0001:00005bcc       ??__E?s_id@?$TObjectUniqueID@URLines@test1@test@modules@UModSys@@@tl@UModSys@@2USUniquePointer@core@3@A@@YAXXZ 0000000180006bcc f    CIL library: CIL module
 0001:00005c00       ??__E?s_id@?$TObjectUniqueID@URLines_Filter@test1@test@modules@UModSys@@@tl@UModSys@@2USUniquePointer@core@3@A@@YAXXZ 0000000180006c00 f    CIL library: CIL module
 0001:00005c34       ??__E?s_id@?$TObjectUniqueID@URTest1_Shell@test1@test@modules@UModSys@@@tl@UModSys@@2USUniquePointer@core@3@A@@YAXXZ 0000000180006c34 f    CIL library: CIL module
 0001:00005c68       ??__E?s_id@?$TObjectUniqueID@URGenerator@test1@test@modules@UModSys@@@tl@UModSys@@2USUniquePointer@core@3@A@@YAXXZ 0000000180006c68 f    CIL library: CIL module
 0001:00005c9c       ??__E?s_modreg@RModuleReg@SDL_core@ui@modules@UModSys@@2U12345@A@@YAXXZ 0000000180006c9c f    CIL library: CIL module
 0001:00005ce4       ??__E?s_modreg_chain@RModuleReg@SDL_core@ui@modules@UModSys@@2USModuleRegChain@base@5@A@@YAXXZ 0000000180006ce4 f    CIL library: CIL module
 0001:00005d24       ??__E?s_uid@RGenerator@SDL_core@ui@modules@UModSys@@2USUniquePointer@core@5@A@@YAXXZ 0000000180006d24 f    CIL library: CIL module
 0001:00005d58       ??__E?s_id@?$TObjectUniqueID@URMultiImage2D_SDL_ttf@SDL_core@ui@modules@UModSys@@@tl@UModSys@@2USUniquePointer@core@3@A@@YAXXZ 0000000180006d58 f    CIL library: CIL module
 0001:00005d8c       ??__E?s_id@?$TObjectUniqueID@URRenderDriver2D_SDL_core@SDL_core@ui@modules@UModSys@@@tl@UModSys@@2USUniquePointer@core@3@A@@YAXXZ 0000000180006d8c f    CIL library: CIL module
 0001:00005dc0       ??__E?s_id@?$TObjectUniqueID@URTerminal_SDL_core@SDL_core@ui@modules@UModSys@@@tl@UModSys@@2USUniquePointer@core@3@A@@YAXXZ 0000000180006dc0 f    CIL library: CIL module
 0001:00005df4       ??__E?s_id@?$TObjectUniqueID@URGenerator@SDL_core@ui@modules@UModSys@@@tl@UModSys@@2USUniquePointer@core@3@A@@YAXXZ 0000000180006df4 f    CIL library: CIL module
 0001:00005e28       ??__E?s_modreg@RModuleReg@images_std@media@modules@UModSys@@2U12345@A@@YAXXZ 0000000180006e28 f    CIL library: CIL module
 0001:00005e74       ??__E?s_modreg_chain@RModuleReg@images_std@media@modules@UModSys@@2USModuleRegChain@base@5@A@@YAXXZ 0000000180006e74 f    CIL library: CIL module
 0001:00005eb4       ??__E?s_uid@RGenerator@images_std@media@modules@UModSys@@2USUniquePointer@core@5@A@@YAXXZ 0000000180006eb4 f    CIL library: CIL module
 0001:00005ee8       ??__E?s_id@?$TObjectUniqueID@URMediaFilter@images_std@media@modules@UModSys@@@tl@UModSys@@2USUniquePointer@core@3@A@@YAXXZ 0000000180006ee8 f    CIL library: CIL module
 0001:00005f1c       ??__E?s_id@?$TObjectUniqueID@URGenerator@images_std@media@modules@UModSys@@@tl@UModSys@@2USUniquePointer@core@3@A@@YAXXZ 0000000180006f1c f    CIL library: CIL module
 0001:00005f50       ??__EM@UModSys@@YAXXZ      0000000180006f50 f    CIL library: CIL module
 0001:00005f5c       ??__E?root@SModuleRegChain@base@UModSys@@2U123@A@@YAXXZ 0000000180006f5c f    CIL library: CIL module
 0001:00005f68       ??__E?s_library@RModuleLibraryReg_Chain@base@UModSys@@2U123@A@@YAXXZ 0000000180006f68 f    CIL library: CIL module
 0001:00005f74       ??__E?root@SUniquePointer@core@UModSys@@2U123@A@@YAXXZ 0000000180006f74 f    CIL library: CIL module
 0001:00005f80       ??__F?s_modreg@RModuleReg@test1@test@modules@UModSys@@2U12345@A@@YAXXZ 0000000180006f80 f    CIL library: CIL module
 0001:00005f90       ??__F?s_modreg_chain@RModuleReg@test1@test@modules@UModSys@@2USModuleRegChain@base@5@A@@YAXXZ 0000000180006f90 f    CIL library: CIL module
 0001:00005fd0       ??__F?s_uid@RGenerator@test1@test@modules@UModSys@@2USUniquePointer@core@5@A@@YAXXZ 0000000180006fd0 f    CIL library: CIL module
 0001:00005fdc       ??__Fh@?1??s_holder@RGenerator@test1@test@modules@UModSys@@SAAEAU?$TTypeStaticHolder@URGenerator@test1@test@modules@UModSys@@@tl@5@XZ@YAXXZ 0000000180006fdc f    CIL library: CIL module
 0001:00006004       ??__F?s_id@?$TObjectUniqueID@URGenerator@test1@test@modules@UModSys@@@tl@UModSys@@2USUniquePointer@core@3@A@@YAXXZ 0000000180007004 f    CIL library: CIL module
 0001:00006010       ??__F?s_id@?$TObjectUniqueID@URTest1_Shell@test1@test@modules@UModSys@@@tl@UModSys@@2USUniquePointer@core@3@A@@YAXXZ 0000000180007010 f    CIL library: CIL module
 0001:0000601c       ??__F?s_id@?$TObjectUniqueID@URLines_Filter@test1@test@modules@UModSys@@@tl@UModSys@@2USUniquePointer@core@3@A@@YAXXZ 000000018000701c f    CIL library: CIL module
 0001:00006028       ??__F?s_id@?$TObjectUniqueID@URLines@test1@test@modules@UModSys@@@tl@UModSys@@2USUniquePointer@core@3@A@@YAXXZ 0000000180007028 f    CIL library: CIL module
 0001:00006034       ??__F?s_id@?$TObjectUniqueID@UILines@test1@test@modules@UModSys@@@tl@UModSys@@2USUniquePointer@core@3@A@@YAXXZ 0000000180007034 f    CIL library: CIL module
 0001:00006040       ??__F?s_id@?$TObjectUniqueID@UIRenderDriver@lib2d@UModSys@@@tl@UModSys@@2USUniquePointer@core@3@A@@YAXXZ 0000000180007040 f    CIL library: CIL module
 0001:0000604c       ??__F?s_id@?$TObjectUniqueID@UIMultiImage@lib2d@UModSys@@@tl@UModSys@@2USUniquePointer@core@3@A@@YAXXZ 000000018000704c f    CIL library: CIL module
 0001:00006058       ??__F?s_id@?$TObjectUniqueID@UIImage@lib2d@UModSys@@@tl@UModSys@@2USUniquePointer@core@3@A@@YAXXZ 0000000180007058 f    CIL library: CIL module
 0001:00006064       ??__F?s_id@?$TObjectUniqueID@UIConsoleHelperInput_UIKey@libui@UModSys@@@tl@UModSys@@2USUniquePointer@core@3@A@@YAXXZ 0000000180007064 f    CIL library: CIL module
 0001:00006070       ??__F?s_id@?$TObjectUniqueID@UITerminal@libui@UModSys@@@tl@UModSys@@2USUniquePointer@core@3@A@@YAXXZ 0000000180007070 f    CIL library: CIL module
 0001:0000607c       ??__F?s_id@?$TObjectUniqueID@UIJoystickController@libui@UModSys@@@tl@UModSys@@2USUniquePointer@core@3@A@@YAXXZ 000000018000707c f    CIL library: CIL module
 0001:00006088       ??__F?s_id@?$TObjectUniqueID@UIMouseController@libui@UModSys@@@tl@UModSys@@2USUniquePointer@core@3@A@@YAXXZ 0000000180007088 f    CIL library: CIL module
 0001:00006094       ??__F?s_id@?$TObjectUniqueID@UIKeyboardController@libui@UModSys@@@tl@UModSys@@2USUniquePointer@core@3@A@@YAXXZ 0000000180007094 f    CIL library: CIL module
 0001:000060a0       ??__F?s_id@?$TObjectUniqueID@UIConsoleHelperOutputFCS@base@UModSys@@@tl@UModSys@@2USUniquePointer@core@3@A@@YAXXZ 00000001800070a0 f    CIL library: CIL module
 0001:000060ac       ??__F?s_id@?$TObjectUniqueID@UIConsoleHelperOutput@base@UModSys@@@tl@UModSys@@2USUniquePointer@core@3@A@@YAXXZ 00000001800070ac f    CIL library: CIL module
 0001:000060b8       ??__F?s_id@?$TObjectUniqueID@UIConsoleHelperInput@base@UModSys@@@tl@UModSys@@2USUniquePointer@core@3@A@@YAXXZ 00000001800070b8 f    CIL library: CIL module
 0001:000060c4       ??__F?s_id@?$TObjectUniqueID@UIConsoleHelperHistory@base@UModSys@@@tl@UModSys@@2USUniquePointer@core@3@A@@YAXXZ 00000001800070c4 f    CIL library: CIL module
 0001:000060d0       ??__F?s_id@?$TObjectUniqueID@UIConsoleHelper@base@UModSys@@@tl@UModSys@@2USUniquePointer@core@3@A@@YAXXZ 00000001800070d0 f    CIL library: CIL module
 0001:000060dc       ??__F?s_id@?$TObjectUniqueID@UIConsoleExt@base@UModSys@@@tl@UModSys@@2USUniquePointer@core@3@A@@YAXXZ 00000001800070dc f    CIL library: CIL module
 0001:000060e8       ??__F?s_id@?$TObjectUniqueID@UILibraryLayered@libmedia@UModSys@@@tl@UModSys@@2USUniquePointer@core@3@A@@YAXXZ 00000001800070e8 f    CIL library: CIL module
 0001:000060f4       ??__F?s_id@?$TObjectUniqueID@UILibraryObjCache@libmedia@UModSys@@@tl@UModSys@@2USUniquePointer@core@3@A@@YAXXZ 00000001800070f4 f    CIL library: CIL module
 0001:00006100       ??__F?s_id@?$TObjectUniqueID@UILibraryObjFilter@libmedia@UModSys@@@tl@UModSys@@2USUniquePointer@core@3@A@@YAXXZ 0000000180007100 f    CIL library: CIL module
 0001:0000610c       ??__F?s_id@?$TObjectUniqueID@UILibraryBinCache@libmedia@UModSys@@@tl@UModSys@@2USUniquePointer@core@3@A@@YAXXZ 000000018000710c f    CIL library: CIL module
 0001:00006118       ??__F?s_id@?$TObjectUniqueID@UILibraryBinTree@libmedia@UModSys@@@tl@UModSys@@2USUniquePointer@core@3@A@@YAXXZ 0000000180007118 f    CIL library: CIL module
 0001:00006124       ??__F?s_id@?$TObjectUniqueID@UILibrary@libmedia@UModSys@@@tl@UModSys@@2USUniquePointer@core@3@A@@YAXXZ 0000000180007124 f    CIL library: CIL module
 0001:00006130       ??__F?s_id@?$TObjectUniqueID@UIBinObjFilter@libmedia@UModSys@@@tl@UModSys@@2USUniquePointer@core@3@A@@YAXXZ 0000000180007130 f    CIL library: CIL module
 0001:0000613c       ??__F?s_id@?$TObjectUniqueID@UIBinArchive@libmedia@UModSys@@@tl@UModSys@@2USUniquePointer@core@3@A@@YAXXZ 000000018000713c f    CIL library: CIL module
 0001:00006148       ??__F?s_id@?$TObjectUniqueID@UIStreamWriter@libmedia@UModSys@@@tl@UModSys@@2USUniquePointer@core@3@A@@YAXXZ 0000000180007148 f    CIL library: CIL module
 0001:00006154       ??__F?s_id@?$TObjectUniqueID@UIStreamReader@libmedia@UModSys@@@tl@UModSys@@2USUniquePointer@core@3@A@@YAXXZ 0000000180007154 f    CIL library: CIL module
 0001:00006160       ??__F?s_id@?$TObjectUniqueID@UISystem@base@UModSys@@@tl@UModSys@@2USUniquePointer@core@3@A@@YAXXZ 0000000180007160 f    CIL library: CIL module
 0001:0000616c       ??__F?s_id@?$TObjectUniqueID@UIConsole@base@UModSys@@@tl@UModSys@@2USUniquePointer@core@3@A@@YAXXZ 000000018000716c f    CIL library: CIL module
 0001:00006178       ??__F?s_id@?$TObjectUniqueID@UIShell@base@UModSys@@@tl@UModSys@@2USUniquePointer@core@3@A@@YAXXZ 0000000180007178 f    CIL library: CIL module
 0001:00006184       ??__F?s_id@?$TObjectUniqueID@UIGenerator@base@UModSys@@@tl@UModSys@@2USUniquePointer@core@3@A@@YAXXZ 0000000180007184 f    CIL library: CIL module
 0001:00006190       ??__F?s_id@?$TObjectUniqueID@UIModObject@base@UModSys@@@tl@UModSys@@2USUniquePointer@core@3@A@@YAXXZ 0000000180007190 f    CIL library: CIL module
 0001:0000619c       ??__F?s_id@?$TObjectUniqueID@UIModuleLibrary@base@UModSys@@@tl@UModSys@@2USUniquePointer@core@3@A@@YAXXZ 000000018000719c f    CIL library: CIL module
 0001:000061a8       ??__F?s_id@?$TObjectUniqueID@UIModule@base@UModSys@@@tl@UModSys@@2USUniquePointer@core@3@A@@YAXXZ 00000001800071a8 f    CIL library: CIL module
 0001:000061b4       ??__F?s_id@?$TObjectUniqueID@UIParameters@core@UModSys@@@tl@UModSys@@2USUniquePointer@core@3@A@@YAXXZ 00000001800071b4 f    CIL library: CIL module
 0001:000061c0       ??__F?s_id@?$TObjectUniqueID@UIRefObject@core@UModSys@@@tl@UModSys@@2USUniquePointer@core@3@A@@YAXXZ 00000001800071c0 f    CIL library: CIL module
 0001:000061cc       ??__F?s_id@?$TObjectUniqueID@UIRoot@core@UModSys@@@tl@UModSys@@2USUniquePointer@core@3@A@@YAXXZ 00000001800071cc f    CIL library: CIL module
 0001:000061d8       ??__F?s_modreg@RModuleReg@SDL_core@ui@modules@UModSys@@2U12345@A@@YAXXZ 00000001800071d8 f    CIL library: CIL module
 0001:000061e8       ??__F?s_modreg_chain@RModuleReg@SDL_core@ui@modules@UModSys@@2USModuleRegChain@base@5@A@@YAXXZ 00000001800071e8 f    CIL library: CIL module
 0001:00006228       ??__F?s_uid@RGenerator@SDL_core@ui@modules@UModSys@@2USUniquePointer@core@5@A@@YAXXZ 0000000180007228 f    CIL library: CIL module
 0001:00006234       ??__Fh@?1??s_holder@RGenerator@SDL_core@ui@modules@UModSys@@SAAEAU?$TTypeStaticHolder@URGenerator@SDL_core@ui@modules@UModSys@@@tl@5@XZ@YAXXZ 0000000180007234 f    CIL library: CIL module
 0001:0000625c       ??__F?s_id@?$TObjectUniqueID@URGenerator@SDL_core@ui@modules@UModSys@@@tl@UModSys@@2USUniquePointer@core@3@A@@YAXXZ 000000018000725c f    CIL library: CIL module
 0001:00006268       ??__F?s_id@?$TObjectUniqueID@URTerminal_SDL_core@SDL_core@ui@modules@UModSys@@@tl@UModSys@@2USUniquePointer@core@3@A@@YAXXZ 0000000180007268 f    CIL library: CIL module
 0001:00006274       ??__F?s_id@?$TObjectUniqueID@URRenderDriver2D_SDL_core@SDL_core@ui@modules@UModSys@@@tl@UModSys@@2USUniquePointer@core@3@A@@YAXXZ 0000000180007274 f    CIL library: CIL module
 0001:00006280       ??__F?s_id@?$TObjectUniqueID@URMultiImage2D_SDL_ttf@SDL_core@ui@modules@UModSys@@@tl@UModSys@@2USUniquePointer@core@3@A@@YAXXZ 0000000180007280 f    CIL library: CIL module
 0001:0000628c       ??__F?s_modreg@RModuleReg@images_std@media@modules@UModSys@@2U12345@A@@YAXXZ 000000018000728c f    CIL library: CIL module
 0001:0000629c       ??__F?s_modreg_chain@RModuleReg@images_std@media@modules@UModSys@@2USModuleRegChain@base@5@A@@YAXXZ 000000018000729c f    CIL library: CIL module
 0001:000062dc       ??__F?s_uid@RGenerator@images_std@media@modules@UModSys@@2USUniquePointer@core@5@A@@YAXXZ 00000001800072dc f    CIL library: CIL module
 0001:000062e8       ??__Fh@?1??s_holder@RGenerator@images_std@media@modules@UModSys@@SAAEAU?$TTypeStaticHolder@URGenerator@images_std@media@modules@UModSys@@@tl@5@XZ@YAXXZ 00000001800072e8 f    CIL library: CIL module
 0001:00006310       ??__F?s_id@?$TObjectUniqueID@URGenerator@images_std@media@modules@UModSys@@@tl@UModSys@@2USUniquePointer@core@3@A@@YAXXZ 0000000180007310 f    CIL library: CIL module
 0001:0000631c       ??__F?s_id@?$TObjectUniqueID@URMediaFilter@images_std@media@modules@UModSys@@@tl@UModSys@@2USUniquePointer@core@3@A@@YAXXZ 000000018000731c f    CIL library: CIL module
 0001:00006328       ??__FM@UModSys@@YAXXZ      0000000180007328 f    CIL library: CIL module
 0001:0000632c       ??__F?root@SModuleRegChain@base@UModSys@@2U123@A@@YAXXZ 000000018000732c f    CIL library: CIL module
 0001:0000636c       ??__F?s_library@RModuleLibraryReg_Chain@base@UModSys@@2U123@A@@YAXXZ 000000018000736c f    CIL library: CIL module
 0001:0000637c       ??__F?root@SUniquePointer@core@UModSys@@2U123@A@@YAXXZ 000000018000737c f    CIL library: CIL module

 Exports

  ordinal    name

        1    UModSys_Plugin_Entry2
