 plugin_test1

 Timestamp is 52a5f29e (Mon Dec 09 19:41:02 2013)

 Preferred load address is 0000000180000000

 Start         Length     Name                   Class
 0001:00000000 00012b90H .text                   CODE
 0001:00012b90 0000005eH .text$00                CODE
 0001:00012bf0 0000126eH .text$x                 CODE
 0001:00013e60 00001284H .text$yc                CODE
 0001:000150e4 000006ccH .text$yd                CODE
 0002:00000000 00000338H .idata$5                DATA
 0002:00000338 00000008H .CRT$XCA                DATA
 0002:00000340 00000fd8H .CRT$XCU                DATA
 0002:00001318 00000008H .CRT$XCZ                DATA
 0002:00001320 00000008H .CRT$XIA                DATA
 0002:00001328 00000008H .CRT$XIAA               DATA
 0002:00001330 00000008H .CRT$XIZ                DATA
 0002:00001340 00003f68H .rdata                  DATA
 0002:000052b0 00002594H .rdata$r                DATA
 0002:00007848 00000008H .rtc$IAA                DATA
 0002:00007850 00000008H .rtc$IZZ                DATA
 0002:00007858 00000008H .rtc$TAA                DATA
 0002:00007860 00000008H .rtc$TZZ                DATA
 0002:00007868 000021e8H .xdata                  DATA
 0002:00009a50 00000064H .idata$2                DATA
 0002:00009ab4 00000014H .idata$3                DATA
 0002:00009ac8 00000338H .idata$4                DATA
 0002:00009e00 00000776H .idata$6                DATA
 0002:0000a580 00000059H .edata                  DATA
 0003:00000000 00001110H .data                   DATA
 0003:00001110 00001320H .bss                    DATA
 0004:00000000 00001ab8H .pdata                  DATA

  Address         Publics by Value              Rva+Base               Lib:Object

 0000:00000000       ___safe_se_handler_count   0000000000000000     <absolute>
 0000:00000000       ___safe_se_handler_table   0000000000000000     <absolute>
 0000:00000000       __ImageBase                0000000180000000     <linker-defined>
 0001:00000000       ??1State@RImage_Memory@stdlib@lib2d@modules@UModSys@@QEAA@XZ 0000000180001000 f i umodsys_lib_lib2d:umodsys.mod.2d.stdlib.obj
 0001:00000000       ??1SMemShared@core@UModSys@@QEAA@XZ 0000000180001000 f i plugin_test1.obj
 0001:00000030       ??6SUniquePtrList@core@UModSys@@QEAAAEAU012@PEBUSUniquePointerInfo@12@@Z 0000000180001030 f i plugin_test1.obj
 0001:000000e8       ??3IRoot@core@UModSys@@SAXPEAXAEBUSIMemAlloc@12@@Z 00000001800010e8 f i plugin_test1.obj
 0001:00000114       ?bin_writer@ILibrary@libmedia@UModSys@@QEAA?AU?$TRefObject@UIStreamWriter@libmedia@UModSys@@U?$TRefObjectFunc@UIStreamWriter@libmedia@UModSys@@@tl@3@@tl@3@AEBU?$TString@U?$TSCoreConst@D@su@tl@UModSys@@U?$TComparerBinaryHash@D@234@@53@AEBU?$TFlags4State@USMediaFlagUid@libmedia@UModSys@@I@53@@Z 0000000180001114 f i plugin_test1.obj
 0001:00000150       ?mount_add@ILibraryBinTree@libmedia@UModSys@@QEAA_NAEBU?$TString@U?$TSCoreConst@D@su@tl@UModSys@@U?$TComparerBinaryHash@D@234@@tl@3@PEAUIBinArchive@23@H@Z 0000000180001150 f i plugin_test1.obj
 0001:000001e4       ?mount_add@ILibraryBinTree@libmedia@UModSys@@QEAA_NAEBU?$TString@U?$TSCoreConst@D@su@tl@UModSys@@U?$TComparerBinaryHash@D@234@@tl@3@HPEAUIBinArchive@23@H@Z 00000001800011e4 f i plugin_test1.obj
 0001:0000027c       ?layer_push@ILibraryLayered@libmedia@UModSys@@QEAA_NPEAUILibrary@23@HAEBU?$TString@U?$TSCoreConst@D@su@tl@UModSys@@U?$TComparerBinaryHash@D@234@@tl@3@@Z 000000018000127c f i plugin_test1.obj
 0001:0000030c       ??1SLayer@ILibraryLayered@libmedia@UModSys@@QEAA@XZ 000000018000130c f i plugin_test1.obj
 0001:0000030c       ??1SPoint@ILibraryBinTree@libmedia@UModSys@@QEAA@XZ 000000018000130c f i plugin_test1.obj
 0001:00000330       ?root_get_interface_info@RTest1_Shell@test1@test@modules@UModSys@@UEBAAEBUSUniquePointerInfo@core@5@XZ 0000000180001330 f i plugin_test1.obj
 0001:00000338       ?root_get_interface_type@RTest1_Shell@test1@test@modules@UModSys@@UEBAPEBUSUniquePointerInfo@core@5@XZ 0000000180001338 f i plugin_test1.obj
 0001:00000340       ?root_get_other_interface@RTest1_Shell@test1@test@modules@UModSys@@UEBAPEBUIRoot@core@5@PEBUSUniquePointerInfo@75@@Z 0000000180001340 f i plugin_test1.obj
 0001:00000340       ?root_get_other_interface@RTest1_Shell@test1@test@modules@UModSys@@UEAAPEAUIRoot@core@5@PEBUSUniquePointerInfo@75@@Z 0000000180001340 f i plugin_test1.obj
 0001:00000370       ?root_is_interface_supported@RTest1_Shell@test1@test@modules@UModSys@@UEBA_NPEBUSUniquePointerInfo@core@5@@Z 0000000180001370 f i plugin_test1.obj
 0001:000003a0       ?ref_add@RTest1_Shell@test1@test@modules@UModSys@@UEBAXXZ 00000001800013a0 f i plugin_test1.obj
 0001:000003a4       ?ref_remove@RTest1_Shell@test1@test@modules@UModSys@@UEBAXXZ 00000001800013a4 f i plugin_test1.obj
 0001:000003bc       ?ref_links@RTest1_Shell@test1@test@modules@UModSys@@UEBAHXZ 00000001800013bc f i plugin_test1.obj
 0001:000003c0       ?ref_weak@RTest1_Shell@test1@test@modules@UModSys@@UEBA_NAEAUWeakPointer@IRefObject@core@5@@Z 00000001800013c0 f i plugin_test1.obj
 0001:000003e0       ?suicide@RTest1_Shell@test1@test@modules@UModSys@@UEAAXXZ 00000001800013e0 f i plugin_test1.obj
 0001:0000042c       ??0RTest1_Shell@test1@test@modules@UModSys@@QEAA@PEAUIModObject@base@4@@Z 000000018000142c f i plugin_test1.obj
 0001:00000564       ?connect@RTest1_Shell@test1@test@modules@UModSys@@UEAA_NXZ 0000000180001564 f i plugin_test1.obj
 0001:00000588       ?disconnect@RTest1_Shell@test1@test@modules@UModSys@@UEAA_NXZ 0000000180001588 f i plugin_test1.obj
 0001:000005ac       ?process_tick@RTest1_Shell@test1@test@modules@UModSys@@UEAA_NAEBUSTimeMsec@core@5@@Z 00000001800015ac f i plugin_test1.obj
 0001:000005e4       ?process_command@RTest1_Shell@test1@test@modules@UModSys@@UEAA_NHQEBU?$TString@U?$TSCoreConst@D@su@tl@UModSys@@U?$TComparerBinaryHash@D@234@@tl@5@@Z 00000001800015e4 f i plugin_test1.obj
 0001:00000608       ??_ERTest1_Shell@test1@test@modules@UModSys@@UEAAPEAXI@Z 0000000180001608 f i  CIL library: CIL module
 0001:00000608       ??_GRTest1_Shell@test1@test@modules@UModSys@@UEAAPEAXI@Z 0000000180001608 f i plugin_test1.obj
 0001:000006cc       ??1IImage@lib2d@UModSys@@UEAA@XZ 00000001800016cc f i umodsys_lib_lib2d:umodsys.mod.2d.stdlib.obj
 0001:000006cc       ??1IBinObjFilter@libmedia@UModSys@@UEAA@XZ 00000001800016cc f i plugin_test1.obj
 0001:000006cc       ??1IMouseController@libui@UModSys@@UEAA@XZ 00000001800016cc f i umodsys_lib_libui:umodsys.mod.ui.SDL_core.obj
 0001:000006cc       ??1ITerminal@libui@UModSys@@UEAA@XZ 00000001800016cc f i umodsys_lib_libui:umodsys.mod.ui.SDL_core.obj
 0001:000006cc       ??1IDialog@libui@UModSys@@UEAA@XZ 00000001800016cc f i umodsys_lib_libui:umodsys.mod.ui.frames.obj
 0001:000006cc       ??1ISerializeReader@libmedia@UModSys@@UEAA@XZ 00000001800016cc f i umodsys_lib_libmedia:umodsys.mod.media.serialize_json.obj
 0001:000006cc       ??1IMultiImage@lib2d@UModSys@@UEAA@XZ 00000001800016cc f i umodsys_lib_libui:umodsys.mod.ui.SDL_core.obj
 0001:000006cc       ??1ICollector@libui@UModSys@@UEAA@XZ 00000001800016cc f i umodsys_lib_libui:umodsys.mod.ui.frames.obj
 0001:000006cc       ??1IRenderDriver@lib2d@UModSys@@UEAA@XZ 00000001800016cc f i umodsys_lib_libui:umodsys.mod.ui.SDL_core.obj
 0001:000006cc       ??1IFrame@libui@UModSys@@UEAA@XZ 00000001800016cc f i umodsys_lib_libui:umodsys.mod.ui.frames.obj
 0001:000006cc       ??1IShell@base@UModSys@@UEAA@XZ 00000001800016cc f i plugin_test1.obj
 0001:000006cc       ??1IKeyboardController@libui@UModSys@@UEAA@XZ 00000001800016cc f i umodsys_lib_libui:umodsys.mod.ui.SDL_core.obj
 0001:000006cc       ??1ISerializeWriter@libmedia@UModSys@@UEAA@XZ 00000001800016cc f i umodsys_lib_libmedia:umodsys.mod.media.serialize_json.obj
 0001:000006d8       ?new_mem_image@RTest1_Shell@test1@test@modules@UModSys@@QEAA?AU?$TRefObject@UIImage@lib2d@UModSys@@U?$TRefObjectFunc@UIImage@lib2d@UModSys@@@tl@3@@tl@5@XZ 00000001800016d8 f   plugin_test1.obj
 0001:000007b4       ??1SParameters@core@UModSys@@QEAA@XZ 00000001800017b4 f i plugin_test1.obj
 0001:000007b4       ??1?$TParametersA@$0EAA@@core@UModSys@@QEAA@XZ 00000001800017b4 f i plugin_test1.obj
 0001:000007b4       ??1?$TParametersA@$0BAA@@core@UModSys@@QEAA@XZ 00000001800017b4 f i umodsys_lib_libui:umodsys.mod.ui.SDL_core.obj
 0001:000007d0       ?media_arch_stdio@RTest1_Shell@test1@test@modules@UModSys@@QEAA?AU?$TRefObject@UIBinArchive@libmedia@UModSys@@U?$TRefObjectFunc@UIBinArchive@libmedia@UModSys@@@tl@3@@tl@5@AEBU?$TString@U?$TSCoreConst@D@su@tl@UModSys@@U?$TComparerBinaryHash@D@234@@75@@Z 00000001800017d0 f   plugin_test1.obj
 0001:000008d4       ?media_filter_new@RTest1_Shell@test1@test@modules@UModSys@@QEAA?AU?$TRefObject@UIBinObjFilter@libmedia@UModSys@@U?$TRefObjectFunc@UIBinObjFilter@libmedia@UModSys@@@tl@3@@tl@5@AEBU?$TString@U?$TSCoreConst@D@su@tl@UModSys@@U?$TComparerBinaryHash@D@234@@75@AEBUSParameters@core@5@@Z 00000001800018d4 f   plugin_test1.obj
 0001:000009b0       ?media_vfs@RTest1_Shell@test1@test@modules@UModSys@@QEAA?AU?$TRefObject@UILibraryBinTree@libmedia@UModSys@@U?$TRefObjectFunc@UILibraryBinTree@libmedia@UModSys@@@tl@3@@tl@5@XZ 00000001800019b0 f   plugin_test1.obj
 0001:00000a8c       ?media_flt@RTest1_Shell@test1@test@modules@UModSys@@QEAA?AU?$TRefObject@UILibraryObjFilter@libmedia@UModSys@@U?$TRefObjectFunc@UILibraryObjFilter@libmedia@UModSys@@@tl@3@@tl@5@XZ 0000000180001a8c f   plugin_test1.obj
 0001:00000b68       ?media_lay@RTest1_Shell@test1@test@modules@UModSys@@QEAA?AU?$TRefObject@UILibraryLayered@libmedia@UModSys@@U?$TRefObjectFunc@UILibraryLayered@libmedia@UModSys@@@tl@3@@tl@5@XZ 0000000180001b68 f   plugin_test1.obj
 0001:00000c44       ?media_cache@RTest1_Shell@test1@test@modules@UModSys@@QEAA?AU?$TRefObject@UILibrary@libmedia@UModSys@@U?$TRefObjectFunc@UILibrary@libmedia@UModSys@@@tl@3@@tl@5@_N@Z 0000000180001c44 f   plugin_test1.obj
 0001:00000de8       ?file_test6@RTest1_Shell@test1@test@modules@UModSys@@QEAAXXZ 0000000180001de8 f   plugin_test1.obj
 0001:0000154c       ?key_pressed@RTest1_Shell@test1@test@modules@UModSys@@UEAA_NAEBUSKeyboardInputRaw@libui@5@@Z 000000018000254c f   plugin_test1.obj
 0001:000015ac       ?key_text@RTest1_Shell@test1@test@modules@UModSys@@UEAA_NAEBUSKeyboardInputText@libui@5@@Z 00000001800025ac f   plugin_test1.obj
 0001:000015f4       ?mouse_event@RTest1_Shell@test1@test@modules@UModSys@@UEAA_NAEBUSMouseInput@libui@5@@Z 00000001800025f4 f   plugin_test1.obj
 0001:00001698       ?command@RTest1_Shell@test1@test@modules@UModSys@@UEAA_NAEBUSController@libui@5@HAEBUSFrameDataIn@75@@Z 0000000180002698 f   plugin_test1.obj
 0001:000016e8       ?db_get@RTest1_Shell@test1@test@modules@UModSys@@UEAA_NAEBUSController@libui@5@QEBDAEBUSFrameDataOut@75@@Z 00000001800026e8 f   plugin_test1.obj
 0001:0000174c       ?db_get@RTest1_Shell@test1@test@modules@UModSys@@UEAA_NAEBUSController@libui@5@QEBDHAEBUSFrameDataOut@75@@Z 000000018000274c f   plugin_test1.obj
 0001:000017f8       ?get_generated_names@RGenerator@test1@test@modules@UModSys@@UEBAHAEAUSUniquePtrList@core@5@@Z 00000001800027f8 f i plugin_test1.obj
 0001:00001818       ?get_generated_types@RGenerator@test1@test@modules@UModSys@@UEBAHAEAUSUniquePtrList@core@5@PEBUSUniquePointerInfo@75@@Z 0000000180002818 f i plugin_test1.obj
 0001:00001874       ?generate@RGenerator@test1@test@modules@UModSys@@UEAA_NAEAU?$TRefObject@UIRefObject@core@UModSys@@U?$TRefObjectFunc@UIRefObject@core@UModSys@@@tl@3@@tl@5@PEBUSUniquePointerInfo@core@5@AEBUSParameters@95@@Z 0000000180002874 f i plugin_test1.obj
 0001:00001938       ?root_get_interface_info@RGenerator@test1@test@modules@UModSys@@UEBAAEBUSUniquePointerInfo@core@5@XZ 0000000180002938 f i plugin_test1.obj
 0001:00001940       ?root_get_interface_type@RGenerator@test1@test@modules@UModSys@@UEBAPEBUSUniquePointerInfo@core@5@XZ 0000000180002940 f i plugin_test1.obj
 0001:00001948       ?root_get_other_interface@RGenerator@test1@test@modules@UModSys@@UEAAPEAUIRoot@core@5@PEBUSUniquePointerInfo@75@@Z 0000000180002948 f i plugin_test1.obj
 0001:00001948       ?root_get_other_interface@RGenerator@test1@test@modules@UModSys@@UEBAPEBUIRoot@core@5@PEBUSUniquePointerInfo@75@@Z 0000000180002948 f i plugin_test1.obj
 0001:00001980       ?root_is_interface_supported@RGenerator@test1@test@modules@UModSys@@UEBA_NPEBUSUniquePointerInfo@core@5@@Z 0000000180002980 f i plugin_test1.obj
 0001:000019b8       ?get_uid@RGenerator@test1@test@modules@UModSys@@UEBAPEBUSUniquePointerInfo@core@5@XZ 00000001800029b8 f i plugin_test1.obj
 0001:000019c0       ?do_open@RModuleReg@test1@test@modules@UModSys@@UEAA_NXZ 00000001800029c0 f i plugin_test1.obj
 0001:00001a4c       ?do_close@RModuleReg@test1@test@modules@UModSys@@UEAA_NXZ 0000000180002a4c f i plugin_test1.obj
 0001:00001ab4       ?get_module@RGenerator@test1@test@modules@UModSys@@UEBAPEAUIModule@base@5@XZ 0000000180002ab4 f   plugin_test1.obj
 0001:00001abc       ?mod_inc@RGenerator@test1@test@modules@UModSys@@UEBA_NXZ 0000000180002abc f   plugin_test1.obj
 0001:00001acc       ?mod_dec@RGenerator@test1@test@modules@UModSys@@UEBA_NXZ 0000000180002acc f   plugin_test1.obj
 0001:00001ae0       ?s_holder@RGenerator@test1@test@modules@UModSys@@SAAEAU?$TTypeStaticHolder@URGenerator@test1@test@modules@UModSys@@@tl@5@XZ 0000000180002ae0 f   plugin_test1.obj
 0001:00001b24       ??0?$TString@U?$TSCoreConst@D@su@tl@UModSys@@U?$TComparerBinaryHash@D@234@@tl@UModSys@@QEAA@PEBD@Z 0000000180002b24 f i plugin_test1.obj
 0001:00001b90       ??1?$TRefObject@URRenderDriver2D@SDL_core@ui@modules@UModSys@@U?$TRefObjectFunc@URRenderDriver2D@SDL_core@ui@modules@UModSys@@@tl@5@@tl@UModSys@@QEAA@XZ 0000000180002b90 f i umodsys_lib_libui:umodsys.mod.ui.SDL_core.obj
 0001:00001b90       ??1?$TRefObject@URFrame_Common@frames@ui@modules@UModSys@@U?$TRefObjectFunc@URFrame_Common@frames@ui@modules@UModSys@@@tl@5@@tl@UModSys@@QEAA@XZ 0000000180002b90 f i umodsys_lib_libui:umodsys.mod.ui.frames.obj
 0001:00001b90       ??1?$TRefObject@URMediaFilter@images_std@media@modules@UModSys@@U?$TRefObjectFunc@URMediaFilter@images_std@media@modules@UModSys@@@tl@5@@tl@UModSys@@QEAA@XZ 0000000180002b90 f i umodsys_lib_libmedia:umodsys.mod.media.images_std.obj
 0001:00001b90       ??1?$TRefObject@UIRenderDriver@lib2d@UModSys@@U?$TRefObjectFunc@UIRenderDriver@lib2d@UModSys@@@tl@3@@tl@UModSys@@QEAA@XZ 0000000180002b90 f i plugin_test1.obj
 0001:00001b90       ??1?$TRefObject@UILibraryBinCache@libmedia@UModSys@@U?$TRefObjectFunc@UILibraryBinCache@libmedia@UModSys@@@tl@3@@tl@UModSys@@QEAA@XZ 0000000180002b90 f i plugin_test1.obj
 0001:00001b90       ??1?$TRefObject@UIStreamWriter@libmedia@UModSys@@U?$TRefObjectFunc@UIStreamWriter@libmedia@UModSys@@@tl@3@@tl@UModSys@@QEAA@XZ 0000000180002b90 f i plugin_test1.obj
 0001:00001b90       ??1?$TRefObject@URMultiImage2D_SDL_ttf@SDL_core@ui@modules@UModSys@@U?$TRefObjectFunc@URMultiImage2D_SDL_ttf@SDL_core@ui@modules@UModSys@@@tl@5@@tl@UModSys@@QEAA@XZ 0000000180002b90 f i umodsys_lib_libui:umodsys.mod.ui.SDL_core.obj
 0001:00001b90       ??1?$TRefObject@URSerializeReader@serialize_json@media@modules@UModSys@@U?$TRefObjectFunc@URSerializeReader@serialize_json@media@modules@UModSys@@@tl@5@@tl@UModSys@@QEAA@XZ 0000000180002b90 f i umodsys_lib_libmedia:umodsys.mod.media.serialize_json.obj
 0001:00001b90       ??1?$TRefObject@UIMouseController@libui@UModSys@@U?$TRefObjectFunc@UIMouseController@libui@UModSys@@@tl@3@@tl@UModSys@@QEAA@XZ 0000000180002b90 f i plugin_test1.obj
 0001:00001b90       ??1?$TRefObject@UIBinArchive@libmedia@UModSys@@U?$TRefObjectFunc@UIBinArchive@libmedia@UModSys@@@tl@3@@tl@UModSys@@QEAA@XZ 0000000180002b90 f i plugin_test1.obj
 0001:00001b90       ??1?$TRefObject@UIMultiImage@lib2d@UModSys@@U?$TRefObjectFunc@UIMultiImage@lib2d@UModSys@@@tl@3@@tl@UModSys@@QEAA@XZ 0000000180002b90 f i plugin_test1.obj
 0001:00001b90       ??1?$TRefObject@URSerializeWriter@serialize_json@media@modules@UModSys@@U?$TRefObjectFunc@URSerializeWriter@serialize_json@media@modules@UModSys@@@tl@5@@tl@UModSys@@QEAA@XZ 0000000180002b90 f i umodsys_lib_libmedia:umodsys.mod.media.serialize_json.obj
 0001:00001b90       ??1?$TRefObject@UITerminal@libui@UModSys@@U?$TRefObjectFunc@UITerminal@libui@UModSys@@@tl@3@@tl@UModSys@@QEAA@XZ 0000000180002b90 f i plugin_test1.obj
 0001:00001b90       ??1?$TRefObject@UILibraryObjCache@libmedia@UModSys@@U?$TRefObjectFunc@UILibraryObjCache@libmedia@UModSys@@@tl@3@@tl@UModSys@@QEAA@XZ 0000000180002b90 f i plugin_test1.obj
 0001:00001b90       ??1?$TRefObject@URKeyboardController@SDL_core@ui@modules@UModSys@@U?$TRefObjectFunc@URKeyboardController@SDL_core@ui@modules@UModSys@@@tl@5@@tl@UModSys@@QEAA@XZ 0000000180002b90 f i umodsys_lib_libui:umodsys.mod.ui.SDL_core.obj
 0001:00001b90       ??1?$TRefObject@UILibrary@libmedia@UModSys@@U?$TRefObjectFunc@UILibrary@libmedia@UModSys@@@tl@3@@tl@UModSys@@QEAA@XZ 0000000180002b90 f i plugin_test1.obj
 0001:00001b90       ??1?$TRefObject@UIBinObjFilter@libmedia@UModSys@@U?$TRefObjectFunc@UIBinObjFilter@libmedia@UModSys@@@tl@3@@tl@UModSys@@QEAA@XZ 0000000180002b90 f i plugin_test1.obj
 0001:00001b90       ??1?$TRefObject@URImage_Memory@stdlib@lib2d@modules@UModSys@@U?$TRefObjectFunc@URImage_Memory@stdlib@lib2d@modules@UModSys@@@tl@5@@tl@UModSys@@QEAA@XZ 0000000180002b90 f i umodsys_lib_lib2d:umodsys.mod.2d.stdlib.obj
 0001:00001b90       ??1?$TRefObject@URMouseController@SDL_core@ui@modules@UModSys@@U?$TRefObjectFunc@URMouseController@SDL_core@ui@modules@UModSys@@@tl@5@@tl@UModSys@@QEAA@XZ 0000000180002b90 f i umodsys_lib_libui:umodsys.mod.ui.SDL_core.obj
 0001:00001b90       ??1?$TRefObject@UILibraryObjFilter@libmedia@UModSys@@U?$TRefObjectFunc@UILibraryObjFilter@libmedia@UModSys@@@tl@3@@tl@UModSys@@QEAA@XZ 0000000180002b90 f i plugin_test1.obj
 0001:00001b90       ??1?$TRefObject@UIImage@lib2d@UModSys@@U?$TRefObjectFunc@UIImage@lib2d@UModSys@@@tl@3@@tl@UModSys@@QEAA@XZ 0000000180002b90 f i plugin_test1.obj
 0001:00001b90       ??1?$TRefObject@URTerminal@SDL_core@ui@modules@UModSys@@U?$TRefObjectFunc@URTerminal@SDL_core@ui@modules@UModSys@@@tl@5@@tl@UModSys@@QEAA@XZ 0000000180002b90 f i umodsys_lib_libui:umodsys.mod.ui.SDL_core.obj
 0001:00001b90       ??1?$TRefObject@UILibraryLayered@libmedia@UModSys@@U?$TRefObjectFunc@UILibraryLayered@libmedia@UModSys@@@tl@3@@tl@UModSys@@QEAA@XZ 0000000180002b90 f i plugin_test1.obj
 0001:00001b90       ??1?$TRefObject@URDialog@frames@ui@modules@UModSys@@U?$TRefObjectFunc@URDialog@frames@ui@modules@UModSys@@@tl@5@@tl@UModSys@@QEAA@XZ 0000000180002b90 f i umodsys_lib_libui:umodsys.mod.ui.frames.obj
 0001:00001b90       ??1?$TRefObject@UILibraryBinTree@libmedia@UModSys@@U?$TRefObjectFunc@UILibraryBinTree@libmedia@UModSys@@@tl@3@@tl@UModSys@@QEAA@XZ 0000000180002b90 f i plugin_test1.obj
 0001:00001b90       ??1?$TRefObject@UIFrame@libui@UModSys@@U?$TRefObjectFunc@UIFrame@libui@UModSys@@@tl@3@@tl@UModSys@@QEAA@XZ 0000000180002b90 f i umodsys_lib_libui:umodsys.mod.ui.frames.obj
 0001:00001b90       ??1?$TRefObject@UISerializeWriter@libmedia@UModSys@@U?$TRefObjectFunc@UISerializeWriter@libmedia@UModSys@@@tl@3@@tl@UModSys@@QEAA@XZ 0000000180002b90 f i plugin_test1.obj
 0001:00001b90       ??1?$TRefObject@UIKeyboardController@libui@UModSys@@U?$TRefObjectFunc@UIKeyboardController@libui@UModSys@@@tl@3@@tl@UModSys@@QEAA@XZ 0000000180002b90 f i plugin_test1.obj
 0001:00001b90       ??1?$TRefObject@URCollector@frames@ui@modules@UModSys@@U?$TRefObjectFunc@URCollector@frames@ui@modules@UModSys@@@tl@5@@tl@UModSys@@QEAA@XZ 0000000180002b90 f i umodsys_lib_libui:umodsys.mod.ui.frames.obj
 0001:00001b90       ??1?$TRefObject@UIRefObject@core@UModSys@@U?$TRefObjectFunc@UIRefObject@core@UModSys@@@tl@3@@tl@UModSys@@QEAA@XZ 0000000180002b90 f i plugin_test1.obj
 0001:00001bb4       ?info_new@?$TSCoreShared@USIMemAlloc@core@UModSys@@D@su@tl@UModSys@@QEAA_NPEBD_K@Z 0000000180002bb4 f i plugin_test1.obj
 0001:00001c74       ??$generate_type@UIImage@lib2d@UModSys@@@RTest1_Shell@test1@test@modules@UModSys@@QEAA?AU?$TRefObject@UIImage@lib2d@UModSys@@U?$TRefObjectFunc@UIImage@lib2d@UModSys@@@tl@3@@tl@4@AEBU?$TString@U?$TSCoreConst@D@su@tl@UModSys@@U?$TComparerBinaryHash@D@234@@64@AEBUSParameters@core@4@PEBD@Z 0000000180002c74 f i plugin_test1.obj
 0001:00001e5c       ??$generate_type@UIBinArchive@libmedia@UModSys@@@RTest1_Shell@test1@test@modules@UModSys@@QEAA?AU?$TRefObject@UIBinArchive@libmedia@UModSys@@U?$TRefObjectFunc@UIBinArchive@libmedia@UModSys@@@tl@3@@tl@4@AEBU?$TString@U?$TSCoreConst@D@su@tl@UModSys@@U?$TComparerBinaryHash@D@234@@64@AEBUSParameters@core@4@PEBD@Z 0000000180002e5c f i plugin_test1.obj
 0001:00002048       ??$generate_type@UIBinObjFilter@libmedia@UModSys@@@RTest1_Shell@test1@test@modules@UModSys@@QEAA?AU?$TRefObject@UIBinObjFilter@libmedia@UModSys@@U?$TRefObjectFunc@UIBinObjFilter@libmedia@UModSys@@@tl@3@@tl@4@AEBU?$TString@U?$TSCoreConst@D@su@tl@UModSys@@U?$TComparerBinaryHash@D@234@@64@AEBUSParameters@core@4@PEBD@Z 0000000180003048 f i plugin_test1.obj
 0001:00002230       ??$generate_type@UILibraryBinTree@libmedia@UModSys@@@RTest1_Shell@test1@test@modules@UModSys@@QEAA?AU?$TRefObject@UILibraryBinTree@libmedia@UModSys@@U?$TRefObjectFunc@UILibraryBinTree@libmedia@UModSys@@@tl@3@@tl@4@AEBU?$TString@U?$TSCoreConst@D@su@tl@UModSys@@U?$TComparerBinaryHash@D@234@@64@AEBUSParameters@core@4@PEBD@Z 0000000180003230 f i plugin_test1.obj
 0001:00002418       ??$generate_type@UILibraryObjFilter@libmedia@UModSys@@@RTest1_Shell@test1@test@modules@UModSys@@QEAA?AU?$TRefObject@UILibraryObjFilter@libmedia@UModSys@@U?$TRefObjectFunc@UILibraryObjFilter@libmedia@UModSys@@@tl@3@@tl@4@AEBU?$TString@U?$TSCoreConst@D@su@tl@UModSys@@U?$TComparerBinaryHash@D@234@@64@AEBUSParameters@core@4@PEBD@Z 0000000180003418 f i plugin_test1.obj
 0001:00002600       ??$generate_type@UILibraryLayered@libmedia@UModSys@@@RTest1_Shell@test1@test@modules@UModSys@@QEAA?AU?$TRefObject@UILibraryLayered@libmedia@UModSys@@U?$TRefObjectFunc@UILibraryLayered@libmedia@UModSys@@@tl@3@@tl@4@AEBU?$TString@U?$TSCoreConst@D@su@tl@UModSys@@U?$TComparerBinaryHash@D@234@@64@AEBUSParameters@core@4@PEBD@Z 0000000180003600 f i plugin_test1.obj
 0001:000027e8       ??$generate_type@UILibraryObjCache@libmedia@UModSys@@@RTest1_Shell@test1@test@modules@UModSys@@QEAA?AU?$TRefObject@UILibraryObjCache@libmedia@UModSys@@U?$TRefObjectFunc@UILibraryObjCache@libmedia@UModSys@@@tl@3@@tl@4@AEBU?$TString@U?$TSCoreConst@D@su@tl@UModSys@@U?$TComparerBinaryHash@D@234@@64@AEBUSParameters@core@4@PEBD@Z 00000001800037e8 f i plugin_test1.obj
 0001:000029d0       ??$generate_type@UILibraryBinCache@libmedia@UModSys@@@RTest1_Shell@test1@test@modules@UModSys@@QEAA?AU?$TRefObject@UILibraryBinCache@libmedia@UModSys@@U?$TRefObjectFunc@UILibraryBinCache@libmedia@UModSys@@@tl@3@@tl@4@AEBU?$TString@U?$TSCoreConst@D@su@tl@UModSys@@U?$TComparerBinaryHash@D@234@@64@AEBUSParameters@core@4@PEBD@Z 00000001800039d0 f i plugin_test1.obj
 0001:00002bb8       ??$generate_type@UISerializeWriter@libmedia@UModSys@@@RTest1_Shell@test1@test@modules@UModSys@@QEAA?AU?$TRefObject@UISerializeWriter@libmedia@UModSys@@U?$TRefObjectFunc@UISerializeWriter@libmedia@UModSys@@@tl@3@@tl@4@AEBU?$TString@U?$TSCoreConst@D@su@tl@UModSys@@U?$TComparerBinaryHash@D@234@@64@AEBUSParameters@core@4@PEBD@Z 0000000180003bb8 f i plugin_test1.obj
 0001:00002da0       ??1?$TRefObject@UIModObject@base@UModSys@@U?$TModObjectFunc@UIModObject@base@UModSys@@@tl@3@@tl@UModSys@@QEAA@XZ 0000000180003da0 f i plugin_test1.obj
 0001:00002dcc       ?alloc@SMemShared@core@UModSys@@QEAA_N_KPEAUSSourceContext@23@@Z 0000000180003dcc f i umodsys_lib_lib2d:umodsys.mod.2d.stdlib.obj
 0001:00002e50       ?Convert@stdlib@lib2d@modules@UModSys@@YA_NAEBU?$TBoundBox2@H@math3d@4@AEBUSImageInfo@24@AEBUSMem@core@4@01AEBUSCMem@94@@Z 0000000180003e50 f i umodsys_lib_lib2d:umodsys.mod.2d.stdlib.obj
 0001:00002fa4       ?root_get_interface_info@RImage_Memory@stdlib@lib2d@modules@UModSys@@UEBAAEBUSUniquePointerInfo@core@5@XZ 0000000180003fa4 f i umodsys_lib_lib2d:umodsys.mod.2d.stdlib.obj
 0001:00002fac       ?root_get_interface_type@RImage_Memory@stdlib@lib2d@modules@UModSys@@UEBAPEBUSUniquePointerInfo@core@5@XZ 0000000180003fac f i umodsys_lib_lib2d:umodsys.mod.2d.stdlib.obj
 0001:00002fb4       ?root_get_interface_types@RMouseController@SDL_core@ui@modules@UModSys@@UEBA_KAEAUSUniquePtrList@core@5@@Z 0000000180003fb4 f i umodsys_lib_libui:umodsys.mod.ui.SDL_core.obj
 0001:00002fb4       ?root_get_interface_types@RFrame_Edit@frames@ui@modules@UModSys@@UEBA_KAEAUSUniquePtrList@core@5@@Z 0000000180003fb4 f i umodsys_lib_libui:umodsys.mod.ui.frames.obj
 0001:00002fb4       ?root_get_interface_types@RFrame_Image@frames@ui@modules@UModSys@@UEBA_KAEAUSUniquePtrList@core@5@@Z 0000000180003fb4 f i umodsys_lib_libui:umodsys.mod.ui.frames.obj
 0001:00002fb4       ?root_get_interface_types@RMediaFilter@images_std@media@modules@UModSys@@UEBA_KAEAUSUniquePtrList@core@5@@Z 0000000180003fb4 f i umodsys_lib_libmedia:umodsys.mod.media.images_std.obj
 0001:00002fb4       ?root_get_interface_types@RImage_Memory@stdlib@lib2d@modules@UModSys@@UEBA_KAEAUSUniquePtrList@core@5@@Z 0000000180003fb4 f i umodsys_lib_lib2d:umodsys.mod.2d.stdlib.obj
 0001:00002fb4       ?root_get_interface_types@RGenerator@test1@test@modules@UModSys@@UEBA_KAEAUSUniquePtrList@core@5@@Z 0000000180003fb4 f i plugin_test1.obj
 0001:00002fb4       ?root_get_interface_types@RFrame_Text@frames@ui@modules@UModSys@@UEBA_KAEAUSUniquePtrList@core@5@@Z 0000000180003fb4 f i umodsys_lib_libui:umodsys.mod.ui.frames.obj
 0001:00002fb4       ?root_get_interface_types@RMultiImage2D_SDL_ttf@SDL_core@ui@modules@UModSys@@UEBA_KAEAUSUniquePtrList@core@5@@Z 0000000180003fb4 f i umodsys_lib_libui:umodsys.mod.ui.SDL_core.obj
 0001:00002fb4       ?root_get_interface_types@RSerializeReader@serialize_json@media@modules@UModSys@@UEBA_KAEAUSUniquePtrList@core@5@@Z 0000000180003fb4 f i umodsys_lib_libmedia:umodsys.mod.media.serialize_json.obj
 0001:00002fb4       ?root_get_interface_types@RFrame_Frame@frames@ui@modules@UModSys@@UEBA_KAEAUSUniquePtrList@core@5@@Z 0000000180003fb4 f i umodsys_lib_libui:umodsys.mod.ui.frames.obj
 0001:00002fb4       ?root_get_interface_types@RFrame_List@frames@ui@modules@UModSys@@UEBA_KAEAUSUniquePtrList@core@5@@Z 0000000180003fb4 f i umodsys_lib_libui:umodsys.mod.ui.frames.obj
 0001:00002fb4       ?root_get_interface_types@RSerializeWriter@serialize_json@media@modules@UModSys@@UEBA_KAEAUSUniquePtrList@core@5@@Z 0000000180003fb4 f i umodsys_lib_libmedia:umodsys.mod.media.serialize_json.obj
 0001:00002fb4       ?root_get_interface_types@RGenerator@SDL_core@ui@modules@UModSys@@UEBA_KAEAUSUniquePtrList@core@5@@Z 0000000180003fb4 f i umodsys_lib_libui:umodsys.mod.ui.SDL_core.obj
 0001:00002fb4       ?root_get_interface_types@RCollector@frames@ui@modules@UModSys@@UEBA_KAEAUSUniquePtrList@core@5@@Z 0000000180003fb4 f i umodsys_lib_libui:umodsys.mod.ui.frames.obj
 0001:00002fb4       ?root_get_interface_types@RTest1_Shell@test1@test@modules@UModSys@@UEBA_KAEAUSUniquePtrList@core@5@@Z 0000000180003fb4 f i plugin_test1.obj
 0001:00002fb4       ?root_get_interface_types@RTerminal@SDL_core@ui@modules@UModSys@@UEBA_KAEAUSUniquePtrList@core@5@@Z 0000000180003fb4 f i umodsys_lib_libui:umodsys.mod.ui.SDL_core.obj
 0001:00002fb4       ?root_get_interface_types@RGenerator@serialize_json@media@modules@UModSys@@UEBA_KAEAUSUniquePtrList@core@5@@Z 0000000180003fb4 f i umodsys_lib_libmedia:umodsys.mod.media.serialize_json.obj
 0001:00002fb4       ?root_get_interface_types@RFrame_Button@frames@ui@modules@UModSys@@UEBA_KAEAUSUniquePtrList@core@5@@Z 0000000180003fb4 f i umodsys_lib_libui:umodsys.mod.ui.frames.obj
 0001:00002fb4       ?root_get_interface_types@RKeyboardController@SDL_core@ui@modules@UModSys@@UEBA_KAEAUSUniquePtrList@core@5@@Z 0000000180003fb4 f i umodsys_lib_libui:umodsys.mod.ui.SDL_core.obj
 0001:00002fb4       ?root_get_interface_types@RGenerator@images_std@media@modules@UModSys@@UEBA_KAEAUSUniquePtrList@core@5@@Z 0000000180003fb4 f i umodsys_lib_libmedia:umodsys.mod.media.images_std.obj
 0001:00002fb4       ?root_get_interface_types@RGenerator@stdlib@lib2d@modules@UModSys@@UEBA_KAEAUSUniquePtrList@core@5@@Z 0000000180003fb4 f i umodsys_lib_lib2d:umodsys.mod.2d.stdlib.obj
 0001:00002fb4       ?root_get_interface_types@RDialog@frames@ui@modules@UModSys@@UEBA_KAEAUSUniquePtrList@core@5@@Z 0000000180003fb4 f i umodsys_lib_libui:umodsys.mod.ui.frames.obj
 0001:00002fb4       ?root_get_interface_types@RRenderDriver2D@SDL_core@ui@modules@UModSys@@UEBA_KAEAUSUniquePtrList@core@5@@Z 0000000180003fb4 f i umodsys_lib_libui:umodsys.mod.ui.SDL_core.obj
 0001:00002fb4       ?root_get_interface_types@RGenerator@frames@ui@modules@UModSys@@UEBA_KAEAUSUniquePtrList@core@5@@Z 0000000180003fb4 f i umodsys_lib_libui:umodsys.mod.ui.frames.obj
 0001:00002fbc       ?root_get_other_interface@RImage_Memory@stdlib@lib2d@modules@UModSys@@UEAAPEAUIRoot@core@5@PEBUSUniquePointerInfo@75@@Z 0000000180003fbc f i umodsys_lib_lib2d:umodsys.mod.2d.stdlib.obj
 0001:00002fbc       ?root_get_other_interface@RImage_Memory@stdlib@lib2d@modules@UModSys@@UEBAPEBUIRoot@core@5@PEBUSUniquePointerInfo@75@@Z 0000000180003fbc f i umodsys_lib_lib2d:umodsys.mod.2d.stdlib.obj
 0001:00002fec       ?root_is_interface_supported@RImage_Memory@stdlib@lib2d@modules@UModSys@@UEBA_NPEBUSUniquePointerInfo@core@5@@Z 0000000180003fec f i umodsys_lib_lib2d:umodsys.mod.2d.stdlib.obj
 0001:0000301c       ?set_info@RImage_Memory@stdlib@lib2d@modules@UModSys@@UEAA_NAEBUSImagePatchInfo@35@PEBD@Z 000000018000401c f i umodsys_lib_lib2d:umodsys.mod.2d.stdlib.obj
 0001:0000327c       ?set_data@RImage_Memory@stdlib@lib2d@modules@UModSys@@UEAA_NAEBUSImagePatchInfo@35@AEBUSCMem@core@5@H@Z 000000018000427c f i umodsys_lib_lib2d:umodsys.mod.2d.stdlib.obj
 0001:00003330       ?get_info@RImage_Memory@stdlib@lib2d@modules@UModSys@@UEBAAEBUSImageInfo@35@XZ 0000000180004330 f i umodsys_lib_lib2d:umodsys.mod.2d.stdlib.obj
 0001:00003338       ?get_data@RImage_Memory@stdlib@lib2d@modules@UModSys@@UEBA_NAEBUSImagePatchInfo@35@AEBUSMem@core@5@H@Z 0000000180004338 f i umodsys_lib_lib2d:umodsys.mod.2d.stdlib.obj
 0001:00003408       ??_ERImage_Memory@stdlib@lib2d@modules@UModSys@@UEAAPEAXI@Z 0000000180004408 f i  CIL library: CIL module
 0001:00003408       ??_GRImage_Memory@stdlib@lib2d@modules@UModSys@@UEAAPEAXI@Z 0000000180004408 f i umodsys_lib_lib2d:umodsys.mod.2d.stdlib.obj
 0001:0000346c       ?get_generated_names@RGenerator@stdlib@lib2d@modules@UModSys@@UEBAHAEAUSUniquePtrList@core@5@@Z 000000018000446c f i umodsys_lib_lib2d:umodsys.mod.2d.stdlib.obj
 0001:0000348c       ?get_generated_types@RGenerator@stdlib@lib2d@modules@UModSys@@UEBAHAEAUSUniquePtrList@core@5@PEBUSUniquePointerInfo@75@@Z 000000018000448c f i umodsys_lib_lib2d:umodsys.mod.2d.stdlib.obj
 0001:000034e4       ?generate@RGenerator@stdlib@lib2d@modules@UModSys@@UEAA_NAEAU?$TRefObject@UIRefObject@core@UModSys@@U?$TRefObjectFunc@UIRefObject@core@UModSys@@@tl@3@@tl@5@PEBUSUniquePointerInfo@core@5@AEBUSParameters@95@@Z 00000001800044e4 f i umodsys_lib_lib2d:umodsys.mod.2d.stdlib.obj
 0001:00003628       ?root_get_interface_info@RGenerator@stdlib@lib2d@modules@UModSys@@UEBAAEBUSUniquePointerInfo@core@5@XZ 0000000180004628 f i umodsys_lib_lib2d:umodsys.mod.2d.stdlib.obj
 0001:00003630       ?root_get_interface_type@RGenerator@stdlib@lib2d@modules@UModSys@@UEBAPEBUSUniquePointerInfo@core@5@XZ 0000000180004630 f i umodsys_lib_lib2d:umodsys.mod.2d.stdlib.obj
 0001:00003638       ?root_get_other_interface@RGenerator@stdlib@lib2d@modules@UModSys@@UEAAPEAUIRoot@core@5@PEBUSUniquePointerInfo@75@@Z 0000000180004638 f i umodsys_lib_lib2d:umodsys.mod.2d.stdlib.obj
 0001:00003638       ?root_get_other_interface@RGenerator@stdlib@lib2d@modules@UModSys@@UEBAPEBUIRoot@core@5@PEBUSUniquePointerInfo@75@@Z 0000000180004638 f i umodsys_lib_lib2d:umodsys.mod.2d.stdlib.obj
 0001:00003670       ?root_is_interface_supported@RGenerator@stdlib@lib2d@modules@UModSys@@UEBA_NPEBUSUniquePointerInfo@core@5@@Z 0000000180004670 f i umodsys_lib_lib2d:umodsys.mod.2d.stdlib.obj
 0001:000036a8       ?get_uid@RGenerator@stdlib@lib2d@modules@UModSys@@UEBAPEBUSUniquePointerInfo@core@5@XZ 00000001800046a8 f i umodsys_lib_lib2d:umodsys.mod.2d.stdlib.obj
 0001:000036b0       ?do_open@RModuleReg@stdlib@lib2d@modules@UModSys@@UEAA_NXZ 00000001800046b0 f i umodsys_lib_lib2d:umodsys.mod.2d.stdlib.obj
 0001:00003724       ?do_close@RModuleReg@stdlib@lib2d@modules@UModSys@@UEAA_NXZ 0000000180004724 f i umodsys_lib_lib2d:umodsys.mod.2d.stdlib.obj
 0001:00003774       ?get_module@RGenerator@stdlib@lib2d@modules@UModSys@@UEBAPEAUIModule@base@5@XZ 0000000180004774 f   umodsys_lib_lib2d:umodsys.mod.2d.stdlib.obj
 0001:0000377c       ?mod_inc@RGenerator@stdlib@lib2d@modules@UModSys@@UEBA_NXZ 000000018000477c f   umodsys_lib_lib2d:umodsys.mod.2d.stdlib.obj
 0001:0000378c       ?mod_dec@RGenerator@stdlib@lib2d@modules@UModSys@@UEBA_NXZ 000000018000478c f   umodsys_lib_lib2d:umodsys.mod.2d.stdlib.obj
 0001:000037a0       ?s_holder@RGenerator@stdlib@lib2d@modules@UModSys@@SAAEAU?$TTypeStaticHolder@URGenerator@stdlib@lib2d@modules@UModSys@@@tl@5@XZ 00000001800047a0 f   umodsys_lib_lib2d:umodsys.mod.2d.stdlib.obj
 0001:000037e4       ?utf_8to32@su@tl@UModSys@@YA_NAEAHAEAPEBDAEA_K@Z 00000001800047e4 f i umodsys_lib_libui:umodsys.mod.ui.SDL_core.obj
 0001:000038f8       ?root_get_interface_info@RMultiImage2D_SDL_ttf@SDL_core@ui@modules@UModSys@@UEBAAEBUSUniquePointerInfo@core@5@XZ 00000001800048f8 f i umodsys_lib_libui:umodsys.mod.ui.SDL_core.obj
 0001:00003900       ?root_get_interface_type@RMultiImage2D_SDL_ttf@SDL_core@ui@modules@UModSys@@UEBAPEBUSUniquePointerInfo@core@5@XZ 0000000180004900 f i umodsys_lib_libui:umodsys.mod.ui.SDL_core.obj
 0001:00003908       ?root_get_other_interface@RMultiImage2D_SDL_ttf@SDL_core@ui@modules@UModSys@@UEAAPEAUIRoot@core@5@PEBUSUniquePointerInfo@75@@Z 0000000180004908 f i umodsys_lib_libui:umodsys.mod.ui.SDL_core.obj
 0001:00003908       ?root_get_other_interface@RMultiImage2D_SDL_ttf@SDL_core@ui@modules@UModSys@@UEBAPEBUIRoot@core@5@PEBUSUniquePointerInfo@75@@Z 0000000180004908 f i umodsys_lib_libui:umodsys.mod.ui.SDL_core.obj
 0001:00003938       ?root_is_interface_supported@RMultiImage2D_SDL_ttf@SDL_core@ui@modules@UModSys@@UEBA_NPEBUSUniquePointerInfo@core@5@@Z 0000000180004938 f i umodsys_lib_libui:umodsys.mod.ui.SDL_core.obj
 0001:00003968       ??0RMultiImage2D_SDL_ttf@SDL_core@ui@modules@UModSys@@QEAA@PEAURRenderDriver2D@1234@AEBUSParameters@core@4@@Z 0000000180004968 f i umodsys_lib_libui:umodsys.mod.ui.SDL_core.obj
 0001:00003aac       ?generate_glyphs@RMultiImage2D_SDL_ttf@SDL_core@ui@modules@UModSys@@QEAA_NXZ 0000000180004aac f i umodsys_lib_libui:umodsys.mod.ui.SDL_core.obj
 0001:00003c88       ??_ERMultiImage2D_SDL_ttf@SDL_core@ui@modules@UModSys@@UEAAPEAXI@Z 0000000180004c88 f i  CIL library: CIL module
 0001:00003c88       ??_GRMultiImage2D_SDL_ttf@SDL_core@ui@modules@UModSys@@UEAAPEAXI@Z 0000000180004c88 f i umodsys_lib_libui:umodsys.mod.ui.SDL_core.obj
 0001:00003d4c       ?root_get_interface_info@RRenderDriver2D@SDL_core@ui@modules@UModSys@@UEBAAEBUSUniquePointerInfo@core@5@XZ 0000000180004d4c f i umodsys_lib_libui:umodsys.mod.ui.SDL_core.obj
 0001:00003d54       ?root_get_interface_type@RRenderDriver2D@SDL_core@ui@modules@UModSys@@UEBAPEBUSUniquePointerInfo@core@5@XZ 0000000180004d54 f i umodsys_lib_libui:umodsys.mod.ui.SDL_core.obj
 0001:00003d5c       ?root_get_other_interface@RRenderDriver2D@SDL_core@ui@modules@UModSys@@UEBAPEBUIRoot@core@5@PEBUSUniquePointerInfo@75@@Z 0000000180004d5c f i umodsys_lib_libui:umodsys.mod.ui.SDL_core.obj
 0001:00003d5c       ?root_get_other_interface@RRenderDriver2D@SDL_core@ui@modules@UModSys@@UEAAPEAUIRoot@core@5@PEBUSUniquePointerInfo@75@@Z 0000000180004d5c f i umodsys_lib_libui:umodsys.mod.ui.SDL_core.obj
 0001:00003d8c       ?root_is_interface_supported@RRenderDriver2D@SDL_core@ui@modules@UModSys@@UEBA_NPEBUSUniquePointerInfo@core@5@@Z 0000000180004d8c f i umodsys_lib_libui:umodsys.mod.ui.SDL_core.obj
 0001:00003dbc       ??0RRenderDriver2D@SDL_core@ui@modules@UModSys@@QEAA@PEAURTerminal@1234@AEBUSParameters@core@4@@Z 0000000180004dbc f i umodsys_lib_libui:umodsys.mod.ui.SDL_core.obj
 0001:00003f1c       ?open@RRenderDriver2D@SDL_core@ui@modules@UModSys@@QEAA_NAEBUSParameters@core@5@@Z 0000000180004f1c f i umodsys_lib_libui:umodsys.mod.ui.SDL_core.obj
 0001:00004130       ?set_color@RRenderDriver2D@SDL_core@ui@modules@UModSys@@QEAAXXZ 0000000180005130 f i umodsys_lib_libui:umodsys.mod.ui.SDL_core.obj
 0001:000041a4       ?begin@RRenderDriver2D@SDL_core@ui@modules@UModSys@@UEAAXXZ 00000001800051a4 f i umodsys_lib_libui:umodsys.mod.ui.SDL_core.obj
 0001:00004210       ?end@RRenderDriver2D@SDL_core@ui@modules@UModSys@@UEAAXXZ 0000000180005210 f i umodsys_lib_libui:umodsys.mod.ui.SDL_core.obj
 0001:00004228       ?get_max_values@RRenderDriver2D@SDL_core@ui@modules@UModSys@@UEBAPEBUSParameters@core@5@XZ 0000000180005228 f i umodsys_lib_libui:umodsys.mod.ui.SDL_core.obj
 0001:00004230       ?get_frame_values@RRenderDriver2D@SDL_core@ui@modules@UModSys@@UEBAPEBUSParameters@core@5@XZ 0000000180005230 f i umodsys_lib_libui:umodsys.mod.ui.SDL_core.obj
 0001:00004238       ?setup_font@RRenderDriver2D@SDL_core@ui@modules@UModSys@@UEAA_NPEAUIMultiImage@lib2d@5@PEBU?$TVector2@M@math3d@5@@Z 0000000180005238 f i umodsys_lib_libui:umodsys.mod.ui.SDL_core.obj
 0001:000042fc       ?setup_color@RRenderDriver2D@SDL_core@ui@modules@UModSys@@UEAAXAEBU?$TVector3@M@math3d@5@@Z 00000001800052fc f i umodsys_lib_libui:umodsys.mod.ui.SDL_core.obj
 0001:00004324       ?setup_color@RRenderDriver2D@SDL_core@ui@modules@UModSys@@UEAAXAEBU?$TVector3@H@math3d@5@@Z 0000000180005324 f i umodsys_lib_libui:umodsys.mod.ui.SDL_core.obj
 0001:00004374       ?setup_coloralpha@RRenderDriver2D@SDL_core@ui@modules@UModSys@@UEAAXAEBU?$TVector4@M@math3d@5@H@Z 0000000180005374 f i umodsys_lib_libui:umodsys.mod.ui.SDL_core.obj
 0001:00004398       ?setup_coloralpha@RRenderDriver2D@SDL_core@ui@modules@UModSys@@UEAAXAEBU?$TVector4@H@math3d@5@H@Z 0000000180005398 f i umodsys_lib_libui:umodsys.mod.ui.SDL_core.obj
 0001:000043fc       ?setup_blendcolor@RRenderDriver2D@SDL_core@ui@modules@UModSys@@UEAAXAEBUSBlendColor@lib2d@5@@Z 00000001800053fc f i umodsys_lib_libui:umodsys.mod.ui.SDL_core.obj
 0001:00004464       ?setup_blendcolor@RRenderDriver2D@SDL_core@ui@modules@UModSys@@UEAAXAEBUSBlendColorf@lib2d@5@@Z 0000000180005464 f i umodsys_lib_libui:umodsys.mod.ui.SDL_core.obj
 0001:000044a4       ?setup_alpha@RRenderDriver2D@SDL_core@ui@modules@UModSys@@UEAAXHH@Z 00000001800054a4 f i umodsys_lib_libui:umodsys.mod.ui.SDL_core.obj
 0001:000044d4       ?setup_alpha@RRenderDriver2D@SDL_core@ui@modules@UModSys@@UEAAXMH@Z 00000001800054d4 f i umodsys_lib_libui:umodsys.mod.ui.SDL_core.obj
 0001:000044f4       ?render_text_advanced@RRenderDriver2D@SDL_core@ui@modules@UModSys@@UEAA_NAEAUTextInfo@IRenderDriver@lib2d@5@PEBHH@Z 00000001800054f4 f i umodsys_lib_libui:umodsys.mod.ui.SDL_core.obj
 0001:000046f0       ?render_box@RRenderDriver2D@SDL_core@ui@modules@UModSys@@UEAAXAEBU?$TVector2@H@math3d@5@0@Z 00000001800056f0 f i umodsys_lib_libui:umodsys.mod.ui.SDL_core.obj
 0001:0000473c       ?render_tri@RRenderDriver2D@SDL_core@ui@modules@UModSys@@UEAAXAEBU?$TVector2@H@math3d@5@00@Z 000000018000573c f i umodsys_lib_libui:umodsys.mod.ui.SDL_core.obj
 0001:000047b4       ?render_quad@RRenderDriver2D@SDL_core@ui@modules@UModSys@@UEAAXAEBU?$TVector2@H@math3d@5@000@Z 00000001800057b4 f i umodsys_lib_libui:umodsys.mod.ui.SDL_core.obj
 0001:0000485c       ?render_line@RRenderDriver2D@SDL_core@ui@modules@UModSys@@UEAAXAEBU?$TVector2@H@math3d@5@0@Z 000000018000585c f i umodsys_lib_libui:umodsys.mod.ui.SDL_core.obj
 0001:00004884       ?render_rect@RRenderDriver2D@SDL_core@ui@modules@UModSys@@UEAAXAEBU?$TVector2@H@math3d@5@0@Z 0000000180005884 f i umodsys_lib_libui:umodsys.mod.ui.SDL_core.obj
 0001:000048d0       ??_GRRenderDriver2D@SDL_core@ui@modules@UModSys@@UEAAPEAXI@Z 00000001800058d0 f i umodsys_lib_libui:umodsys.mod.ui.SDL_core.obj
 0001:000048d0       ??_ERRenderDriver2D@SDL_core@ui@modules@UModSys@@UEAAPEAXI@Z 00000001800058d0 f i  CIL library: CIL module
 0001:000049b4       ?root_get_interface_info@RMouseController@SDL_core@ui@modules@UModSys@@UEBAAEBUSUniquePointerInfo@core@5@XZ 00000001800059b4 f i umodsys_lib_libui:umodsys.mod.ui.SDL_core.obj
 0001:000049bc       ?root_get_interface_type@RMouseController@SDL_core@ui@modules@UModSys@@UEBAPEBUSUniquePointerInfo@core@5@XZ 00000001800059bc f i umodsys_lib_libui:umodsys.mod.ui.SDL_core.obj
 0001:000049c4       ?root_get_other_interface@RMouseController@SDL_core@ui@modules@UModSys@@UEAAPEAUIRoot@core@5@PEBUSUniquePointerInfo@75@@Z 00000001800059c4 f i umodsys_lib_libui:umodsys.mod.ui.SDL_core.obj
 0001:000049c4       ?root_get_other_interface@RMouseController@SDL_core@ui@modules@UModSys@@UEBAPEBUIRoot@core@5@PEBUSUniquePointerInfo@75@@Z 00000001800059c4 f i umodsys_lib_libui:umodsys.mod.ui.SDL_core.obj
 0001:000049f4       ?root_is_interface_supported@RMouseController@SDL_core@ui@modules@UModSys@@UEBA_NPEBUSUniquePointerInfo@core@5@@Z 00000001800059f4 f i umodsys_lib_libui:umodsys.mod.ui.SDL_core.obj
 0001:00004a24       ?ref_links@RSerializeReader@serialize_json@media@modules@UModSys@@UEBAHXZ 0000000180005a24 f i umodsys_lib_libmedia:umodsys.mod.media.serialize_json.obj
 0001:00004a24       ?ref_links@RGenerator@frames@ui@modules@UModSys@@UEBAHXZ 0000000180005a24 f i umodsys_lib_libui:umodsys.mod.ui.frames.obj
 0001:00004a24       ?ref_links@RTerminal@SDL_core@ui@modules@UModSys@@UEBAHXZ 0000000180005a24 f i umodsys_lib_libui:umodsys.mod.ui.SDL_core.obj
 0001:00004a24       ?ref_links@RDialog@frames@ui@modules@UModSys@@UEBAHXZ 0000000180005a24 f i umodsys_lib_libui:umodsys.mod.ui.frames.obj
 0001:00004a24       ?ref_links@RRenderDriver2D@SDL_core@ui@modules@UModSys@@UEBAHXZ 0000000180005a24 f i umodsys_lib_libui:umodsys.mod.ui.SDL_core.obj
 0001:00004a24       ?ref_links@RGenerator@stdlib@lib2d@modules@UModSys@@UEBAHXZ 0000000180005a24 f i umodsys_lib_lib2d:umodsys.mod.2d.stdlib.obj
 0001:00004a24       ?ref_links@RMouseController@SDL_core@ui@modules@UModSys@@UEBAHXZ 0000000180005a24 f i umodsys_lib_libui:umodsys.mod.ui.SDL_core.obj
 0001:00004a24       ?ref_links@RGenerator@SDL_core@ui@modules@UModSys@@UEBAHXZ 0000000180005a24 f i umodsys_lib_libui:umodsys.mod.ui.SDL_core.obj
 0001:00004a24       ?ref_links@RImage_Memory@stdlib@lib2d@modules@UModSys@@UEBAHXZ 0000000180005a24 f i umodsys_lib_lib2d:umodsys.mod.2d.stdlib.obj
 0001:00004a24       ?ref_links@RKeyboardController@SDL_core@ui@modules@UModSys@@UEBAHXZ 0000000180005a24 f i umodsys_lib_libui:umodsys.mod.ui.SDL_core.obj
 0001:00004a24       ?ref_links@RGenerator@images_std@media@modules@UModSys@@UEBAHXZ 0000000180005a24 f i umodsys_lib_libmedia:umodsys.mod.media.images_std.obj
 0001:00004a24       ?ref_links@RGenerator@test1@test@modules@UModSys@@UEBAHXZ 0000000180005a24 f i plugin_test1.obj
 0001:00004a24       ?ref_links@RMultiImage2D_SDL_ttf@SDL_core@ui@modules@UModSys@@UEBAHXZ 0000000180005a24 f i umodsys_lib_libui:umodsys.mod.ui.SDL_core.obj
 0001:00004a24       ?ref_links@RGenerator@serialize_json@media@modules@UModSys@@UEBAHXZ 0000000180005a24 f i umodsys_lib_libmedia:umodsys.mod.media.serialize_json.obj
 0001:00004a28       ?process@RMouseController@SDL_core@ui@modules@UModSys@@QEAA_NAEAUSDL_MouseMotionEvent@@@Z 0000000180005a28 f i umodsys_lib_libui:umodsys.mod.ui.SDL_core.obj
 0001:00004b94       ?process@RMouseController@SDL_core@ui@modules@UModSys@@QEAA_NAEAUSDL_MouseButtonEvent@@@Z 0000000180005b94 f i umodsys_lib_libui:umodsys.mod.ui.SDL_core.obj
 0001:00004cc0       ?process@RMouseController@SDL_core@ui@modules@UModSys@@QEAA_NAEAUSDL_MouseWheelEvent@@@Z 0000000180005cc0 f i umodsys_lib_libui:umodsys.mod.ui.SDL_core.obj
 0001:00004db0       ?mouse_unlink@RMouseController@SDL_core@ui@modules@UModSys@@UEAA_NH@Z 0000000180005db0 f i umodsys_lib_libui:umodsys.mod.ui.SDL_core.obj
 0001:00004db0       ?key_unlink@RKeyboardController@SDL_core@ui@modules@UModSys@@UEAA_NH@Z 0000000180005db0 f i umodsys_lib_libui:umodsys.mod.ui.SDL_core.obj
 0001:00004e08       ?mouse_link@RMouseController@SDL_core@ui@modules@UModSys@@UEAA_NHPEAUIRefObject@core@5@PEAUIMouseClient@libui@5@H@Z 0000000180005e08 f i umodsys_lib_libui:umodsys.mod.ui.SDL_core.obj
 0001:00004f28       ??_ERMouseController@SDL_core@ui@modules@UModSys@@UEAAPEAXI@Z 0000000180005f28 f i  CIL library: CIL module
 0001:00004f28       ??_GRMouseController@SDL_core@ui@modules@UModSys@@UEAAPEAXI@Z 0000000180005f28 f i umodsys_lib_libui:umodsys.mod.ui.SDL_core.obj
 0001:00004f8c       ?root_get_interface_info@RKeyboardController@SDL_core@ui@modules@UModSys@@UEBAAEBUSUniquePointerInfo@core@5@XZ 0000000180005f8c f i umodsys_lib_libui:umodsys.mod.ui.SDL_core.obj
 0001:00004f94       ?root_get_interface_type@RKeyboardController@SDL_core@ui@modules@UModSys@@UEBAPEBUSUniquePointerInfo@core@5@XZ 0000000180005f94 f i umodsys_lib_libui:umodsys.mod.ui.SDL_core.obj
 0001:00004f9c       ?root_get_other_interface@RKeyboardController@SDL_core@ui@modules@UModSys@@UEBAPEBUIRoot@core@5@PEBUSUniquePointerInfo@75@@Z 0000000180005f9c f i umodsys_lib_libui:umodsys.mod.ui.SDL_core.obj
 0001:00004f9c       ?root_get_other_interface@RKeyboardController@SDL_core@ui@modules@UModSys@@UEAAPEAUIRoot@core@5@PEBUSUniquePointerInfo@75@@Z 0000000180005f9c f i umodsys_lib_libui:umodsys.mod.ui.SDL_core.obj
 0001:00004fcc       ?root_is_interface_supported@RKeyboardController@SDL_core@ui@modules@UModSys@@UEBA_NPEBUSUniquePointerInfo@core@5@@Z 0000000180005fcc f i umodsys_lib_libui:umodsys.mod.ui.SDL_core.obj
 0001:00004ffc       ?ref_add@RRenderDriver2D@SDL_core@ui@modules@UModSys@@UEBAXXZ 0000000180005ffc f i umodsys_lib_libui:umodsys.mod.ui.SDL_core.obj
 0001:00004ffc       ?ref_add@RGenerator@SDL_core@ui@modules@UModSys@@UEBAXXZ 0000000180005ffc f i umodsys_lib_libui:umodsys.mod.ui.SDL_core.obj
 0001:00004ffc       ?ref_add@RSerializeReader@serialize_json@media@modules@UModSys@@UEBAXXZ 0000000180005ffc f i umodsys_lib_libmedia:umodsys.mod.media.serialize_json.obj
 0001:00004ffc       ?ref_add@RGenerator@serialize_json@media@modules@UModSys@@UEBAXXZ 0000000180005ffc f i umodsys_lib_libmedia:umodsys.mod.media.serialize_json.obj
 0001:00004ffc       ?ref_add@RGenerator@stdlib@lib2d@modules@UModSys@@UEBAXXZ 0000000180005ffc f i umodsys_lib_lib2d:umodsys.mod.2d.stdlib.obj
 0001:00004ffc       ?ref_add@RMouseController@SDL_core@ui@modules@UModSys@@UEBAXXZ 0000000180005ffc f i umodsys_lib_libui:umodsys.mod.ui.SDL_core.obj
 0001:00004ffc       ?ref_add@RGenerator@frames@ui@modules@UModSys@@UEBAXXZ 0000000180005ffc f i umodsys_lib_libui:umodsys.mod.ui.frames.obj
 0001:00004ffc       ?ref_add@RDialog@frames@ui@modules@UModSys@@UEBAXXZ 0000000180005ffc f i umodsys_lib_libui:umodsys.mod.ui.frames.obj
 0001:00004ffc       ?ref_add@RMultiImage2D_SDL_ttf@SDL_core@ui@modules@UModSys@@UEBAXXZ 0000000180005ffc f i umodsys_lib_libui:umodsys.mod.ui.SDL_core.obj
 0001:00004ffc       ?ref_add@RTerminal@SDL_core@ui@modules@UModSys@@UEBAXXZ 0000000180005ffc f i umodsys_lib_libui:umodsys.mod.ui.SDL_core.obj
 0001:00004ffc       ?ref_add@RGenerator@images_std@media@modules@UModSys@@UEBAXXZ 0000000180005ffc f i umodsys_lib_libmedia:umodsys.mod.media.images_std.obj
 0001:00004ffc       ?ref_add@RImage_Memory@stdlib@lib2d@modules@UModSys@@UEBAXXZ 0000000180005ffc f i umodsys_lib_lib2d:umodsys.mod.2d.stdlib.obj
 0001:00004ffc       ?ref_add@RKeyboardController@SDL_core@ui@modules@UModSys@@UEBAXXZ 0000000180005ffc f i umodsys_lib_libui:umodsys.mod.ui.SDL_core.obj
 0001:00004ffc       ?ref_add@RGenerator@test1@test@modules@UModSys@@UEBAXXZ 0000000180005ffc f i plugin_test1.obj
 0001:00005000       ?process@RKeyboardController@SDL_core@ui@modules@UModSys@@QEAA_NAEAUSDL_KeyboardEvent@@@Z 0000000180006000 f i umodsys_lib_libui:umodsys.mod.ui.SDL_core.obj
 0001:0000517c       ?map_keycode@RKeyboardController@SDL_core@ui@modules@UModSys@@QEAA?AW4eKeyCode@libui@5@H@Z 000000018000617c f i umodsys_lib_libui:umodsys.mod.ui.SDL_core.obj
 0001:000056a4       ?key_link@RKeyboardController@SDL_core@ui@modules@UModSys@@UEAA_NHPEAUIRefObject@core@5@PEAUIKeyboardClient@libui@5@@Z 00000001800066a4 f i umodsys_lib_libui:umodsys.mod.ui.SDL_core.obj
 0001:000057b0       ?key_setvisible@RKeyboardController@SDL_core@ui@modules@UModSys@@UEAA_N_N@Z 00000001800067b0 f i umodsys_lib_libui:umodsys.mod.ui.SDL_core.obj
 0001:000057cc       ??_ERKeyboardController@SDL_core@ui@modules@UModSys@@UEAAPEAXI@Z 00000001800067cc f i  CIL library: CIL module
 0001:000057cc       ??_GRKeyboardController@SDL_core@ui@modules@UModSys@@UEAAPEAXI@Z 00000001800067cc f i umodsys_lib_libui:umodsys.mod.ui.SDL_core.obj
 0001:00005830       ?root_get_interface_info@RTerminal@SDL_core@ui@modules@UModSys@@UEBAAEBUSUniquePointerInfo@core@5@XZ 0000000180006830 f i umodsys_lib_libui:umodsys.mod.ui.SDL_core.obj
 0001:00005838       ?root_get_interface_type@RTerminal@SDL_core@ui@modules@UModSys@@UEBAPEBUSUniquePointerInfo@core@5@XZ 0000000180006838 f i umodsys_lib_libui:umodsys.mod.ui.SDL_core.obj
 0001:00005840       ?root_get_other_interface@RTerminal@SDL_core@ui@modules@UModSys@@UEBAPEBUIRoot@core@5@PEBUSUniquePointerInfo@75@@Z 0000000180006840 f i umodsys_lib_libui:umodsys.mod.ui.SDL_core.obj
 0001:00005840       ?root_get_other_interface@RTerminal@SDL_core@ui@modules@UModSys@@UEAAPEAUIRoot@core@5@PEBUSUniquePointerInfo@75@@Z 0000000180006840 f i umodsys_lib_libui:umodsys.mod.ui.SDL_core.obj
 0001:00005870       ?root_is_interface_supported@RTerminal@SDL_core@ui@modules@UModSys@@UEBA_NPEBUSUniquePointerInfo@core@5@@Z 0000000180006870 f i umodsys_lib_libui:umodsys.mod.ui.SDL_core.obj
 0001:000058a0       ?ref_remove@RGenerator@serialize_json@media@modules@UModSys@@UEBAXXZ 00000001800068a0 f i umodsys_lib_libmedia:umodsys.mod.media.serialize_json.obj
 0001:000058a0       ?ref_remove@RSerializeReader@serialize_json@media@modules@UModSys@@UEBAXXZ 00000001800068a0 f i umodsys_lib_libmedia:umodsys.mod.media.serialize_json.obj
 0001:000058a0       ?ref_remove@RImage_Memory@stdlib@lib2d@modules@UModSys@@UEBAXXZ 00000001800068a0 f i umodsys_lib_lib2d:umodsys.mod.2d.stdlib.obj
 0001:000058a0       ?ref_remove@RGenerator@SDL_core@ui@modules@UModSys@@UEBAXXZ 00000001800068a0 f i umodsys_lib_libui:umodsys.mod.ui.SDL_core.obj
 0001:000058a0       ?ref_remove@RMouseController@SDL_core@ui@modules@UModSys@@UEBAXXZ 00000001800068a0 f i umodsys_lib_libui:umodsys.mod.ui.SDL_core.obj
 0001:000058a0       ?ref_remove@RGenerator@images_std@media@modules@UModSys@@UEBAXXZ 00000001800068a0 f i umodsys_lib_libmedia:umodsys.mod.media.images_std.obj
 0001:000058a0       ?ref_remove@RRenderDriver2D@SDL_core@ui@modules@UModSys@@UEBAXXZ 00000001800068a0 f i umodsys_lib_libui:umodsys.mod.ui.SDL_core.obj
 0001:000058a0       ?ref_remove@RDialog@frames@ui@modules@UModSys@@UEBAXXZ 00000001800068a0 f i umodsys_lib_libui:umodsys.mod.ui.frames.obj
 0001:000058a0       ?ref_remove@RTerminal@SDL_core@ui@modules@UModSys@@UEBAXXZ 00000001800068a0 f i umodsys_lib_libui:umodsys.mod.ui.SDL_core.obj
 0001:000058a0       ?ref_remove@RMultiImage2D_SDL_ttf@SDL_core@ui@modules@UModSys@@UEBAXXZ 00000001800068a0 f i umodsys_lib_libui:umodsys.mod.ui.SDL_core.obj
 0001:000058a0       ?ref_remove@RGenerator@stdlib@lib2d@modules@UModSys@@UEBAXXZ 00000001800068a0 f i umodsys_lib_lib2d:umodsys.mod.2d.stdlib.obj
 0001:000058a0       ?ref_remove@RKeyboardController@SDL_core@ui@modules@UModSys@@UEBAXXZ 00000001800068a0 f i umodsys_lib_libui:umodsys.mod.ui.SDL_core.obj
 0001:000058a0       ?ref_remove@RGenerator@test1@test@modules@UModSys@@UEBAXXZ 00000001800068a0 f i plugin_test1.obj
 0001:000058a0       ?ref_remove@RGenerator@frames@ui@modules@UModSys@@UEBAXXZ 00000001800068a0 f i umodsys_lib_libui:umodsys.mod.ui.frames.obj
 0001:000058b8       ?poll_events@RTerminal@SDL_core@ui@modules@UModSys@@UEAA_NH@Z 00000001800068b8 f i umodsys_lib_libui:umodsys.mod.ui.SDL_core.obj
 0001:00005ab0       ?get_terminal_state@RTerminal@SDL_core@ui@modules@UModSys@@UEAA_NW4eTerminalState@libui@5@@Z 0000000180006ab0 f i umodsys_lib_libui:umodsys.mod.ui.SDL_core.obj
 0001:00005abc       ?set_terminal_state@RTerminal@SDL_core@ui@modules@UModSys@@UEAA_NW4eTerminalState@libui@5@_N@Z 0000000180006abc f i umodsys_lib_libui:umodsys.mod.ui.SDL_core.obj
 0001:00005be0       ?get_clock@RTerminal@SDL_core@ui@modules@UModSys@@UEAANXZ 0000000180006be0 f i umodsys_lib_libui:umodsys.mod.ui.SDL_core.obj
 0001:00005bfc       ?wait@RTerminal@SDL_core@ui@modules@UModSys@@UEAA_NM@Z 0000000180006bfc f i umodsys_lib_libui:umodsys.mod.ui.SDL_core.obj
 0001:00005c1c       ?get_count@RTerminal@SDL_core@ui@modules@UModSys@@UEBA_KPEBUSUniquePointerInfo@core@5@@Z 0000000180006c1c f i umodsys_lib_libui:umodsys.mod.ui.SDL_core.obj
 0001:00005cb0       ?get_handler@RTerminal@SDL_core@ui@modules@UModSys@@UEBAPEAUIRefObject@core@5@PEBUSUniquePointerInfo@75@_K@Z 0000000180006cb0 f i umodsys_lib_libui:umodsys.mod.ui.SDL_core.obj
 0001:00005d50       ?get_hwcinfo@RImage_Memory@stdlib@lib2d@modules@UModSys@@UEBAPEBXPEBUSUniquePointerInfo@core@5@@Z 0000000180006d50 f i umodsys_lib_lib2d:umodsys.mod.2d.stdlib.obj
 0001:00005d50       ?get_friend_handler@RTerminal@SDL_core@ui@modules@UModSys@@UEBAPEAUIRefObject@core@5@PEBUSUniquePointerInfo@75@PEAU675@@Z 0000000180006d50 f i umodsys_lib_libui:umodsys.mod.ui.SDL_core.obj
 0001:00005d50       ?get_ctrlcmd@RFrame_List@frames@ui@modules@UModSys@@UEAAPEAUIControllerCommand@libui@5@XZ 0000000180006d50 f i umodsys_lib_libui:umodsys.mod.ui.frames.obj
 0001:00005d50       ?get_up_theme@RCollector@frames@ui@modules@UModSys@@UEAAPEAUICollectorTheme@libui@5@XZ 0000000180006d50 f i umodsys_lib_libui:umodsys.mod.ui.frames.obj
 0001:00005d50       ?get_list@RFrame_Image@frames@ui@modules@UModSys@@UEAAPEAUIFrameList@libui@5@XZ 0000000180006d50 f i umodsys_lib_libui:umodsys.mod.ui.frames.obj
 0001:00005d50       ?get_list@RFrame_Button@frames@ui@modules@UModSys@@UEAAPEAUIFrameList@libui@5@XZ 0000000180006d50 f i umodsys_lib_libui:umodsys.mod.ui.frames.obj
 0001:00005d50       ?get_ctrldata@RFrame_Image@frames@ui@modules@UModSys@@UEAAPEAUIControllerData@libui@5@XZ 0000000180006d50 f i umodsys_lib_libui:umodsys.mod.ui.frames.obj
 0001:00005d50       ?get_controller@RRenderDriver2D@SDL_core@ui@modules@UModSys@@UEBAPEAUIRefObject@core@5@PEBUSUniquePointerInfo@75@@Z 0000000180006d50 f i umodsys_lib_libui:umodsys.mod.ui.SDL_core.obj
 0001:00005d50       ?get_ctrlcmd@RFrame_Frame@frames@ui@modules@UModSys@@UEAAPEAUIControllerCommand@libui@5@XZ 0000000180006d50 f i umodsys_lib_libui:umodsys.mod.ui.frames.obj
 0001:00005d50       ?get_ctrlcmd@RFrame_Text@frames@ui@modules@UModSys@@UEAAPEAUIControllerCommand@libui@5@XZ 0000000180006d50 f i umodsys_lib_libui:umodsys.mod.ui.frames.obj
 0001:00005d50       ?get_list@RFrame_Edit@frames@ui@modules@UModSys@@UEAAPEAUIFrameList@libui@5@XZ 0000000180006d50 f i umodsys_lib_libui:umodsys.mod.ui.frames.obj
 0001:00005d50       ?get_ctrlcmd@RFrame_Image@frames@ui@modules@UModSys@@UEAAPEAUIControllerCommand@libui@5@XZ 0000000180006d50 f i umodsys_lib_libui:umodsys.mod.ui.frames.obj
 0001:00005d50       ?get_sub@RFrame_Common@frames@ui@modules@UModSys@@UEAAPEAUIFrame@libui@5@PEAU675@H@Z 0000000180006d50 f i umodsys_lib_libui:umodsys.mod.ui.frames.obj
 0001:00005d50       ?get_data@RFrame_Frame@frames@ui@modules@UModSys@@UEAAPEAUIFrameData@libui@5@XZ 0000000180006d50 f i umodsys_lib_libui:umodsys.mod.ui.frames.obj
 0001:00005d50       ?get_layer@RMultiImage2D_SDL_ttf@SDL_core@ui@modules@UModSys@@UEAAPEAUIImage@lib2d@5@H@Z 0000000180006d50 f i umodsys_lib_libui:umodsys.mod.ui.SDL_core.obj
 0001:00005d50       ?get_hwinfo@RImage_Memory@stdlib@lib2d@modules@UModSys@@UEAAPEAXPEBUSUniquePointerInfo@core@5@@Z 0000000180006d50 f i umodsys_lib_lib2d:umodsys.mod.2d.stdlib.obj
 0001:00005d50       ?get_ctrldata@RFrame_List@frames@ui@modules@UModSys@@UEAAPEAUIControllerData@libui@5@XZ 0000000180006d50 f i umodsys_lib_libui:umodsys.mod.ui.frames.obj
 0001:00005d50       ?get_ctrldata@RFrame_Text@frames@ui@modules@UModSys@@UEAAPEAUIControllerData@libui@5@XZ 0000000180006d50 f i umodsys_lib_libui:umodsys.mod.ui.frames.obj
 0001:00005d50       ?get_list@RFrame_Frame@frames@ui@modules@UModSys@@UEAAPEAUIFrameList@libui@5@XZ 0000000180006d50 f i umodsys_lib_libui:umodsys.mod.ui.frames.obj
 0001:00005d50       ?get_data@RFrame_Image@frames@ui@modules@UModSys@@UEAAPEAUIFrameData@libui@5@XZ 0000000180006d50 f i umodsys_lib_libui:umodsys.mod.ui.frames.obj
 0001:00005d50       ?get_ctrlcmd@RFrame_Edit@frames@ui@modules@UModSys@@UEAAPEAUIControllerCommand@libui@5@XZ 0000000180006d50 f i umodsys_lib_libui:umodsys.mod.ui.frames.obj
 0001:00005d50       ?get_data@RFrame_Button@frames@ui@modules@UModSys@@UEAAPEAUIFrameData@libui@5@XZ 0000000180006d50 f i umodsys_lib_libui:umodsys.mod.ui.frames.obj
 0001:00005d50       ?get_handler@RTerminal@SDL_core@ui@modules@UModSys@@UEBAPEAUIRefObject@core@5@PEBUSUniquePointerInfo@75@PEBD@Z 0000000180006d50 f i umodsys_lib_libui:umodsys.mod.ui.SDL_core.obj
 0001:00005d50       ?get_ctrldata@RFrame_Button@frames@ui@modules@UModSys@@UEAAPEAUIControllerData@libui@5@XZ 0000000180006d50 f i umodsys_lib_libui:umodsys.mod.ui.frames.obj
 0001:00005d50       ?get_list@RFrame_Text@frames@ui@modules@UModSys@@UEAAPEAUIFrameList@libui@5@XZ 0000000180006d50 f i umodsys_lib_libui:umodsys.mod.ui.frames.obj
 0001:00005d50       ?get_ctrlcmd@RFrame_Button@frames@ui@modules@UModSys@@UEAAPEAUIControllerCommand@libui@5@XZ 0000000180006d50 f i umodsys_lib_libui:umodsys.mod.ui.frames.obj
 0001:00005d50       ?get_ctrldata@RFrame_Edit@frames@ui@modules@UModSys@@UEAAPEAUIControllerData@libui@5@XZ 0000000180006d50 f i umodsys_lib_libui:umodsys.mod.ui.frames.obj
 0001:00005d50       ?get_ctrldata@RFrame_Frame@frames@ui@modules@UModSys@@UEAAPEAUIControllerData@libui@5@XZ 0000000180006d50 f i umodsys_lib_libui:umodsys.mod.ui.frames.obj
 0001:00005d54       ?create_handler@RTerminal@SDL_core@ui@modules@UModSys@@UEAA_NPEBUSUniquePointerInfo@core@5@AEAU?$TRefObject@UIRefObject@core@UModSys@@U?$TRefObjectFunc@UIRefObject@core@UModSys@@@tl@3@@tl@5@PEBDPEBUSParameters@75@@Z 0000000180006d54 f i umodsys_lib_libui:umodsys.mod.ui.SDL_core.obj
 0001:0000613c       ??_GRTerminal@SDL_core@ui@modules@UModSys@@UEAAPEAXI@Z 000000018000713c f i umodsys_lib_libui:umodsys.mod.ui.SDL_core.obj
 0001:0000613c       ??_ERTerminal@SDL_core@ui@modules@UModSys@@UEAAPEAXI@Z 000000018000713c f i  CIL library: CIL module
 0001:0000620c       ?get_terminal@RRenderDriver2D@SDL_core@ui@modules@UModSys@@UEBAPEAUITerminal@libui@5@XZ 000000018000720c f   umodsys_lib_libui:umodsys.mod.ui.SDL_core.obj
 0001:00006214       ?new_font@RRenderDriver2D@SDL_core@ui@modules@UModSys@@UEAA?AU?$TRefObject@UIMultiImage@lib2d@UModSys@@U?$TRefObjectFunc@UIMultiImage@lib2d@UModSys@@@tl@3@@tl@5@AEBUSParameters@core@5@AEBU?$TString@U?$TSCoreConst@D@su@tl@UModSys@@U?$TComparerBinaryHash@D@234@@75@@Z 0000000180007214 f   umodsys_lib_libui:umodsys.mod.ui.SDL_core.obj
 0001:0000631c       ?new_picture@RRenderDriver2D@SDL_core@ui@modules@UModSys@@UEAA?AU?$TRefObject@UIImage@lib2d@UModSys@@U?$TRefObjectFunc@UIImage@lib2d@UModSys@@@tl@3@@tl@5@AEBUSParameters@core@5@AEBU?$TString@U?$TSCoreConst@D@su@tl@UModSys@@U?$TComparerBinaryHash@D@234@@75@@Z 000000018000731c f   umodsys_lib_libui:umodsys.mod.ui.SDL_core.obj
 0001:0000632c       ?get_generated_names@RGenerator@SDL_core@ui@modules@UModSys@@UEBAHAEAUSUniquePtrList@core@5@@Z 000000018000732c f i umodsys_lib_libui:umodsys.mod.ui.SDL_core.obj
 0001:0000634c       ?get_generated_types@RGenerator@SDL_core@ui@modules@UModSys@@UEBAHAEAUSUniquePtrList@core@5@PEBUSUniquePointerInfo@75@@Z 000000018000734c f i umodsys_lib_libui:umodsys.mod.ui.SDL_core.obj
 0001:000063a4       ?generate@RGenerator@SDL_core@ui@modules@UModSys@@UEAA_NAEAU?$TRefObject@UIRefObject@core@UModSys@@U?$TRefObjectFunc@UIRefObject@core@UModSys@@@tl@3@@tl@5@PEBUSUniquePointerInfo@core@5@AEBUSParameters@95@@Z 00000001800073a4 f i umodsys_lib_libui:umodsys.mod.ui.SDL_core.obj
 0001:000064e8       ?root_get_interface_info@RGenerator@SDL_core@ui@modules@UModSys@@UEBAAEBUSUniquePointerInfo@core@5@XZ 00000001800074e8 f i umodsys_lib_libui:umodsys.mod.ui.SDL_core.obj
 0001:000064f0       ?root_get_interface_type@RGenerator@SDL_core@ui@modules@UModSys@@UEBAPEBUSUniquePointerInfo@core@5@XZ 00000001800074f0 f i umodsys_lib_libui:umodsys.mod.ui.SDL_core.obj
 0001:000064f8       ?root_get_other_interface@RGenerator@SDL_core@ui@modules@UModSys@@UEBAPEBUIRoot@core@5@PEBUSUniquePointerInfo@75@@Z 00000001800074f8 f i umodsys_lib_libui:umodsys.mod.ui.SDL_core.obj
 0001:000064f8       ?root_get_other_interface@RGenerator@SDL_core@ui@modules@UModSys@@UEAAPEAUIRoot@core@5@PEBUSUniquePointerInfo@75@@Z 00000001800074f8 f i umodsys_lib_libui:umodsys.mod.ui.SDL_core.obj
 0001:00006530       ?root_is_interface_supported@RGenerator@SDL_core@ui@modules@UModSys@@UEBA_NPEBUSUniquePointerInfo@core@5@@Z 0000000180007530 f i umodsys_lib_libui:umodsys.mod.ui.SDL_core.obj
 0001:00006568       ?get_uid@RGenerator@SDL_core@ui@modules@UModSys@@UEBAPEBUSUniquePointerInfo@core@5@XZ 0000000180007568 f i umodsys_lib_libui:umodsys.mod.ui.SDL_core.obj
 0001:00006570       ?do_open@RModuleReg@SDL_core@ui@modules@UModSys@@UEAA_NXZ 0000000180007570 f i umodsys_lib_libui:umodsys.mod.ui.SDL_core.obj
 0001:000065e4       ?do_close@RModuleReg@SDL_core@ui@modules@UModSys@@UEAA_NXZ 00000001800075e4 f i umodsys_lib_libui:umodsys.mod.ui.SDL_core.obj
 0001:00006634       ?get_module@RGenerator@SDL_core@ui@modules@UModSys@@UEBAPEAUIModule@base@5@XZ 0000000180007634 f   umodsys_lib_libui:umodsys.mod.ui.SDL_core.obj
 0001:0000663c       ?mod_inc@RGenerator@SDL_core@ui@modules@UModSys@@UEBA_NXZ 000000018000763c f   umodsys_lib_libui:umodsys.mod.ui.SDL_core.obj
 0001:0000664c       ?mod_dec@RGenerator@SDL_core@ui@modules@UModSys@@UEBA_NXZ 000000018000764c f   umodsys_lib_libui:umodsys.mod.ui.SDL_core.obj
 0001:00006660       ?s_holder@RGenerator@SDL_core@ui@modules@UModSys@@SAAEAU?$TTypeStaticHolder@URGenerator@SDL_core@ui@modules@UModSys@@@tl@5@XZ 0000000180007660 f   umodsys_lib_libui:umodsys.mod.ui.SDL_core.obj
 0001:000066a4       ??1?$TScatterArray@UGlyph@RMultiImage2D_SDL_ttf@SDL_core@ui@modules@UModSys@@HU?$TScalarCompare@H@core@6@U?$TNodeDeleter0@U?$TScatterArrayNode@UGlyph@RMultiImage2D_SDL_ttf@SDL_core@ui@modules@UModSys@@H@tl@UModSys@@@tl@6@@tl@UModSys@@QEAA@XZ 00000001800076a4 f i umodsys_lib_libui:umodsys.mod.ui.SDL_core.obj
 0001:00006720       ??1?$TRefObject@URMultiImage2D_SDL_ttf@SDL_core@ui@modules@UModSys@@U?$TRefObjectWeakFunc@URMultiImage2D_SDL_ttf@SDL_core@ui@modules@UModSys@@@tl@5@@tl@UModSys@@QEAA@XZ 0000000180007720 f i umodsys_lib_libui:umodsys.mod.ui.SDL_core.obj
 0001:00006720       ??1?$TRefObject@URRenderDriver2D@SDL_core@ui@modules@UModSys@@U?$TRefObjectWeakFunc@URRenderDriver2D@SDL_core@ui@modules@UModSys@@@tl@5@@tl@UModSys@@QEAA@XZ 0000000180007720 f i umodsys_lib_libui:umodsys.mod.ui.SDL_core.obj
 0001:00006754       ?delete_node@?$TTreeHoldRBD@U?$TScatterArrayNode@U?$TRefObjectCompositeExtra@UIMouseClient@libui@UModSys@@HUIRefObject@core@3@U?$TRefObjectFunc@UIRefObject@core@UModSys@@@tl@3@@tl@UModSys@@H@tl@UModSys@@U?$TNodeDeleter0@U?$TScatterArrayNode@U?$TRefObjectCompositeExtra@UIMouseClient@libui@UModSys@@HUIRefObject@core@3@U?$TRefObjectFunc@UIRefObject@core@UModSys@@@tl@3@@tl@UModSys@@H@tl@UModSys@@@23@@tl@UModSys@@QEAAXPEAU?$TScatterArrayNode@U?$TRefObjectCompositeExtra@UIMouseClient@libui@UModSys@@HUIRefObject@core@3@U?$TRefObjectFunc@UIRefObject@core@UModSys@@@tl@3@@tl@UModSys@@H@23@@Z 0000000180007754 f i umodsys_lib_libui:umodsys.mod.ui.SDL_core.obj
 0001:00006754       ?delete_node@?$TTreeHoldRBD@U?$TScatterArrayNode@U?$TRefObjectComposite@UIKeyboardClient@libui@UModSys@@UIRefObject@core@3@U?$TRefObjectFunc@UIRefObject@core@UModSys@@@tl@3@@tl@UModSys@@H@tl@UModSys@@U?$TNodeDeleter0@U?$TScatterArrayNode@U?$TRefObjectComposite@UIKeyboardClient@libui@UModSys@@UIRefObject@core@3@U?$TRefObjectFunc@UIRefObject@core@UModSys@@@tl@3@@tl@UModSys@@H@tl@UModSys@@@23@@tl@UModSys@@QEAAXPEAU?$TScatterArrayNode@U?$TRefObjectComposite@UIKeyboardClient@libui@UModSys@@UIRefObject@core@3@U?$TRefObjectFunc@UIRefObject@core@UModSys@@@tl@3@@tl@UModSys@@H@23@@Z 0000000180007754 f i umodsys_lib_libui:umodsys.mod.ui.SDL_core.obj
 0001:000068bc       ??1?$TPair@HU?$TRefObjectComposite@UIKeyboardClient@libui@UModSys@@UIRefObject@core@3@U?$TRefObjectFunc@UIRefObject@core@UModSys@@@tl@3@@tl@UModSys@@@tl@UModSys@@QEAA@XZ 00000001800078bc f i umodsys_lib_libui:umodsys.mod.ui.SDL_core.obj
 0001:000068bc       ??1?$TPair@HU?$TRefObjectCompositeExtra@UIMouseClient@libui@UModSys@@HUIRefObject@core@3@U?$TRefObjectFunc@UIRefObject@core@UModSys@@@tl@3@@tl@UModSys@@@tl@UModSys@@QEAA@XZ 00000001800078bc f i umodsys_lib_libui:umodsys.mod.ui.SDL_core.obj
 0001:00006904       ??1?$TRefObjectCompositeExtra@UIMouseClient@libui@UModSys@@HUIRefObject@core@3@U?$TRefObjectFunc@UIRefObject@core@UModSys@@@tl@3@@tl@UModSys@@QEAA@XZ 0000000180007904 f i umodsys_lib_libui:umodsys.mod.ui.SDL_core.obj
 0001:00006904       ??1?$TRefObjectComposite@UIKeyboardClient@libui@UModSys@@UIRefObject@core@3@U?$TRefObjectFunc@UIRefObject@core@UModSys@@@tl@3@@tl@UModSys@@QEAA@XZ 0000000180007904 f i umodsys_lib_libui:umodsys.mod.ui.SDL_core.obj
 0001:0000694c       ?remove_color@?$TTreeHoldRB@U?$TScatterArrayNode@U?$TRefObjectComposite@UIKeyboardClient@libui@UModSys@@UIRefObject@core@3@U?$TRefObjectFunc@UIRefObject@core@UModSys@@@tl@3@@tl@UModSys@@H@tl@UModSys@@@tl@UModSys@@IEAAXPEAU?$TScatterArrayNode@U?$TRefObjectComposite@UIKeyboardClient@libui@UModSys@@UIRefObject@core@3@U?$TRefObjectFunc@UIRefObject@core@UModSys@@@tl@3@@tl@UModSys@@H@23@0@Z 000000018000794c f i umodsys_lib_libui:umodsys.mod.ui.SDL_core.obj
 0001:0000694c       ?remove_color@?$TTreeHoldRB@U?$TScatterArrayNode@U?$TRefObjectCompositeExtra@UIMouseClient@libui@UModSys@@HUIRefObject@core@3@U?$TRefObjectFunc@UIRefObject@core@UModSys@@@tl@3@@tl@UModSys@@H@tl@UModSys@@@tl@UModSys@@IEAAXPEAU?$TScatterArrayNode@U?$TRefObjectCompositeExtra@UIMouseClient@libui@UModSys@@HUIRefObject@core@3@U?$TRefObjectFunc@UIRefObject@core@UModSys@@@tl@3@@tl@UModSys@@H@23@0@Z 000000018000794c f i umodsys_lib_libui:umodsys.mod.ui.SDL_core.obj
 0001:00006bec       ??$t_add@U?$TRefObject@URRenderDriver2D@SDL_core@ui@modules@UModSys@@U?$TRefObjectWeakFunc@URRenderDriver2D@SDL_core@ui@modules@UModSys@@@tl@5@@tl@UModSys@@URRenderDriver2D@SDL_core@ui@modules@3@@SDL_core@ui@modules@UModSys@@YA_NAEAU?$TScatterArray@U?$TRefObject@URRenderDriver2D@SDL_core@ui@modules@UModSys@@U?$TRefObjectWeakFunc@URRenderDriver2D@SDL_core@ui@modules@UModSys@@@tl@5@@tl@UModSys@@HU?$TScalarCompare@H@core@3@U?$TNodeDeleter0@U?$TScatterArrayNode@U?$TRefObject@URRenderDriver2D@SDL_core@ui@modules@UModSys@@U?$TRefObjectWeakFunc@URRenderDriver2D@SDL_core@ui@modules@UModSys@@@tl@5@@tl@UModSys@@H@tl@UModSys@@@23@@tl@3@PEAURRenderDriver2D@0123@@Z 0000000180007bec f i umodsys_lib_libui:umodsys.mod.ui.SDL_core.obj
 0001:00006d70       ?sub_insert_node@?$TTreeHoldRB@U?$TScatterArrayNode@U?$TVector2@M@math3d@UModSys@@H@tl@UModSys@@@tl@UModSys@@QEAAXPEAU?$TScatterArrayNode@U?$TVector2@M@math3d@UModSys@@H@23@0H@Z 0000000180007d70 f i umodsys_lib_libui:umodsys.mod.ui.frames.obj
 0001:00006d70       ?sub_insert_node@?$TTreeHoldRB@U?$TScatterArrayNode@U?$TRefObjectComposite@UIKeyboardClient@libui@UModSys@@UIRefObject@core@3@U?$TRefObjectFunc@UIRefObject@core@UModSys@@@tl@3@@tl@UModSys@@H@tl@UModSys@@@tl@UModSys@@QEAAXPEAU?$TScatterArrayNode@U?$TRefObjectComposite@UIKeyboardClient@libui@UModSys@@UIRefObject@core@3@U?$TRefObjectFunc@UIRefObject@core@UModSys@@@tl@3@@tl@UModSys@@H@23@0H@Z 0000000180007d70 f i umodsys_lib_libui:umodsys.mod.ui.SDL_core.obj
 0001:00006d70       ?sub_insert_node@?$TTreeHoldRB@U?$TScatterArrayNode@U?$TRefObject@URRenderDriver2D@SDL_core@ui@modules@UModSys@@U?$TRefObjectWeakFunc@URRenderDriver2D@SDL_core@ui@modules@UModSys@@@tl@5@@tl@UModSys@@H@tl@UModSys@@@tl@UModSys@@QEAAXPEAU?$TScatterArrayNode@U?$TRefObject@URRenderDriver2D@SDL_core@ui@modules@UModSys@@U?$TRefObjectWeakFunc@URRenderDriver2D@SDL_core@ui@modules@UModSys@@@tl@5@@tl@UModSys@@H@23@0H@Z 0000000180007d70 f i umodsys_lib_libui:umodsys.mod.ui.SDL_core.obj
 0001:00006d70       ?sub_insert_node@?$TTreeHoldRB@U?$TScatterArrayNode@U?$TRefObjectCompositeExtra@UIMouseClient@libui@UModSys@@HUIRefObject@core@3@U?$TRefObjectFunc@UIRefObject@core@UModSys@@@tl@3@@tl@UModSys@@H@tl@UModSys@@@tl@UModSys@@QEAAXPEAU?$TScatterArrayNode@U?$TRefObjectCompositeExtra@UIMouseClient@libui@UModSys@@HUIRefObject@core@3@U?$TRefObjectFunc@UIRefObject@core@UModSys@@@tl@3@@tl@UModSys@@H@23@0H@Z 0000000180007d70 f i umodsys_lib_libui:umodsys.mod.ui.SDL_core.obj
 0001:00006d70       ?sub_insert_node@?$TTreeHoldRB@U?$TScatterArrayNode@HH@tl@UModSys@@@tl@UModSys@@QEAAXPEAU?$TScatterArrayNode@HH@23@0H@Z 0000000180007d70 f i umodsys_lib_libui:umodsys.mod.ui.frames.obj
 0001:00006d70       ?sub_insert_node@?$TTreeHoldRB@U?$TScatterArrayNode@UGlyph@RMultiImage2D_SDL_ttf@SDL_core@ui@modules@UModSys@@H@tl@UModSys@@@tl@UModSys@@QEAAXPEAU?$TScatterArrayNode@UGlyph@RMultiImage2D_SDL_ttf@SDL_core@ui@modules@UModSys@@H@23@0H@Z 0000000180007d70 f i umodsys_lib_libui:umodsys.mod.ui.SDL_core.obj
 0001:00006d70       ?sub_insert_node@?$TTreeHoldRB@U?$TScatterArrayNode@U?$TVector4@M@math3d@UModSys@@H@tl@UModSys@@@tl@UModSys@@QEAAXPEAU?$TScatterArrayNode@U?$TVector4@M@math3d@UModSys@@H@23@0H@Z 0000000180007d70 f i umodsys_lib_libui:umodsys.mod.ui.frames.obj
 0001:00006f50       ??$process_nodes_r@U?$TNodeDeleter0@U?$TScatterArrayNode@UGlyph@RMultiImage2D_SDL_ttf@SDL_core@ui@modules@UModSys@@H@tl@UModSys@@@tl@UModSys@@@?$TTreeHoldRB@U?$TScatterArrayNode@UGlyph@RMultiImage2D_SDL_ttf@SDL_core@ui@modules@UModSys@@H@tl@UModSys@@@tl@UModSys@@KAHPEAU?$TScatterArrayNode@UGlyph@RMultiImage2D_SDL_ttf@SDL_core@ui@modules@UModSys@@H@12@AEBU?$TNodeDeleter0@U?$TScatterArrayNode@UGlyph@RMultiImage2D_SDL_ttf@SDL_core@ui@modules@UModSys@@H@tl@UModSys@@@12@@Z 0000000180007f50 f i umodsys_lib_libui:umodsys.mod.ui.SDL_core.obj
 0001:00006fc8       ??$process_nodes_r@U?$TNodeDeleter0@U?$TScatterArrayNode@U?$TRefObjectCompositeExtra@UIMouseClient@libui@UModSys@@HUIRefObject@core@3@U?$TRefObjectFunc@UIRefObject@core@UModSys@@@tl@3@@tl@UModSys@@H@tl@UModSys@@@tl@UModSys@@@?$TTreeHoldRB@U?$TScatterArrayNode@U?$TRefObjectCompositeExtra@UIMouseClient@libui@UModSys@@HUIRefObject@core@3@U?$TRefObjectFunc@UIRefObject@core@UModSys@@@tl@3@@tl@UModSys@@H@tl@UModSys@@@tl@UModSys@@KAHPEAU?$TScatterArrayNode@U?$TRefObjectCompositeExtra@UIMouseClient@libui@UModSys@@HUIRefObject@core@3@U?$TRefObjectFunc@UIRefObject@core@UModSys@@@tl@3@@tl@UModSys@@H@12@AEBU?$TNodeDeleter0@U?$TScatterArrayNode@U?$TRefObjectCompositeExtra@UIMouseClient@libui@UModSys@@HUIRefObject@core@3@U?$TRefObjectFunc@UIRefObject@core@UModSys@@@tl@3@@tl@UModSys@@H@tl@UModSys@@@12@@Z 0000000180007fc8 f i umodsys_lib_libui:umodsys.mod.ui.SDL_core.obj
 0001:00006fc8       ??$process_nodes_r@U?$TNodeDeleter0@U?$TScatterArrayNode@U?$TRefObjectComposite@UIKeyboardClient@libui@UModSys@@UIRefObject@core@3@U?$TRefObjectFunc@UIRefObject@core@UModSys@@@tl@3@@tl@UModSys@@H@tl@UModSys@@@tl@UModSys@@@?$TTreeHoldRB@U?$TScatterArrayNode@U?$TRefObjectComposite@UIKeyboardClient@libui@UModSys@@UIRefObject@core@3@U?$TRefObjectFunc@UIRefObject@core@UModSys@@@tl@3@@tl@UModSys@@H@tl@UModSys@@@tl@UModSys@@KAHPEAU?$TScatterArrayNode@U?$TRefObjectComposite@UIKeyboardClient@libui@UModSys@@UIRefObject@core@3@U?$TRefObjectFunc@UIRefObject@core@UModSys@@@tl@3@@tl@UModSys@@H@12@AEBU?$TNodeDeleter0@U?$TScatterArrayNode@U?$TRefObjectComposite@UIKeyboardClient@libui@UModSys@@UIRefObject@core@3@U?$TRefObjectFunc@UIRefObject@core@UModSys@@@tl@3@@tl@UModSys@@H@tl@UModSys@@@12@@Z 0000000180007fc8 f i umodsys_lib_libui:umodsys.mod.ui.SDL_core.obj
 0001:0000705c       ??$process_nodes_r@U?$TNodeDeleter0@U?$TScatterArrayNode@U?$TRefObject@URRenderDriver2D@SDL_core@ui@modules@UModSys@@U?$TRefObjectWeakFunc@URRenderDriver2D@SDL_core@ui@modules@UModSys@@@tl@5@@tl@UModSys@@H@tl@UModSys@@@tl@UModSys@@@?$TTreeHoldRB@U?$TScatterArrayNode@U?$TRefObject@URRenderDriver2D@SDL_core@ui@modules@UModSys@@U?$TRefObjectWeakFunc@URRenderDriver2D@SDL_core@ui@modules@UModSys@@@tl@5@@tl@UModSys@@H@tl@UModSys@@@tl@UModSys@@KAHPEAU?$TScatterArrayNode@U?$TRefObject@URRenderDriver2D@SDL_core@ui@modules@UModSys@@U?$TRefObjectWeakFunc@URRenderDriver2D@SDL_core@ui@modules@UModSys@@@tl@5@@tl@UModSys@@H@12@AEBU?$TNodeDeleter0@U?$TScatterArrayNode@U?$TRefObject@URRenderDriver2D@SDL_core@ui@modules@UModSys@@U?$TRefObjectWeakFunc@URRenderDriver2D@SDL_core@ui@modules@UModSys@@@tl@5@@tl@UModSys@@H@tl@UModSys@@@12@@Z 000000018000805c f i umodsys_lib_libui:umodsys.mod.ui.SDL_core.obj
 0001:000070f0       ??1SController@libui@UModSys@@QEAA@XZ 00000001800080f0 f i umodsys_lib_libui:umodsys.mod.ui.frames.obj
 0001:00007138       ?db_get_i@SController@libui@UModSys@@QEAAHQEBD@Z 0000000180008138 f i umodsys_lib_libui:umodsys.mod.ui.frames.obj
 0001:000071d8       ?update_size@libui@UModSys@@YA_NAEAU?$TBoundBox2@H@math3d@2@AEBUSFrameSize@12@AEBU342@@Z 00000001800081d8 f i umodsys_lib_libui:umodsys.mod.ui.frames.obj
 0001:00007310       ?command@SController@libui@UModSys@@QEAA_NHAEBUSFrameDataIn@23@@Z 0000000180008310 f i umodsys_lib_libui:umodsys.mod.ui.frames.obj
 0001:00007384       ?get_property@ICollectorThemeTemplate@libui@UModSys@@UEBA_NHHAEAU?$TVector4@M@math3d@3@@Z 0000000180008384 f i umodsys_lib_libui:umodsys.mod.ui.frames.obj
 0001:00007438       ?get_property@ICollectorThemeTemplate@libui@UModSys@@UEBA_NHHAEAU?$TVector4@H@math3d@3@@Z 0000000180008438 f i umodsys_lib_libui:umodsys.mod.ui.frames.obj
 0001:0000753c       ?get_property@ICollectorThemeTemplate@libui@UModSys@@UEBA_NHHAEAU?$TVector2@M@math3d@3@@Z 000000018000853c f i umodsys_lib_libui:umodsys.mod.ui.frames.obj
 0001:000075f0       ?get_property@ICollectorThemeTemplate@libui@UModSys@@UEBA_NHHAEAU?$TVector2@H@math3d@3@@Z 00000001800085f0 f i umodsys_lib_libui:umodsys.mod.ui.frames.obj
 0001:000076b8       ?get_property@ICollectorThemeTemplate@libui@UModSys@@UEBA_NHHAEAH@Z 00000001800086b8 f i umodsys_lib_libui:umodsys.mod.ui.frames.obj
 0001:00007768       ?set_property@ICollectorThemeTemplate@libui@UModSys@@UEAA_NHHAEBU?$TVector4@M@math3d@3@@Z 0000000180008768 f i umodsys_lib_libui:umodsys.mod.ui.frames.obj
 0001:000077ac       ?set_property@ICollectorThemeTemplate@libui@UModSys@@UEAA_NHHAEBU?$TVector4@H@math3d@3@@Z 00000001800087ac f i umodsys_lib_libui:umodsys.mod.ui.frames.obj
 0001:00007854       ?set_property@ICollectorThemeTemplate@libui@UModSys@@UEAA_NHHAEBU?$TVector2@M@math3d@3@@Z 0000000180008854 f i umodsys_lib_libui:umodsys.mod.ui.frames.obj
 0001:00007894       ?set_property@ICollectorThemeTemplate@libui@UModSys@@UEAA_NHHAEBU?$TVector2@H@math3d@3@@Z 0000000180008894 f i umodsys_lib_libui:umodsys.mod.ui.frames.obj
 0001:000078f0       ?set_property@ICollectorThemeTemplate@libui@UModSys@@UEAA_NHHH@Z 00000001800088f0 f i umodsys_lib_libui:umodsys.mod.ui.frames.obj
 0001:000079d4       ??1ICollectorThemeTemplate@libui@UModSys@@QEAA@XZ 00000001800089d4 f i umodsys_lib_libui:umodsys.mod.ui.frames.obj
 0001:00007ad0       ?get_group_index@RCollectorTheme@frames@ui@modules@UModSys@@UEAAHPEBD@Z 0000000180008ad0 f   umodsys_lib_libui:umodsys.mod.ui.frames.obj
 0001:00007ba4       ?get_elem_index@RCollectorTheme@frames@ui@modules@UModSys@@UEAAHPEBD@Z 0000000180008ba4 f   umodsys_lib_libui:umodsys.mod.ui.frames.obj
 0001:00007d60       ??1RCollectorTheme@frames@ui@modules@UModSys@@QEAA@XZ 0000000180008d60 f   umodsys_lib_libui:umodsys.mod.ui.frames.obj
 0001:00007d70       ?set_controller@RFrame_Common@frames@ui@modules@UModSys@@UEAA_NHPEAUIController@libui@5@PEAUIRefObject@core@5@@Z 0000000180008d70 f i umodsys_lib_libui:umodsys.mod.ui.frames.obj
 0001:00007dfc       ?get_controller@RFrame_Common@frames@ui@modules@UModSys@@UEAAPEAUIController@libui@5@XZ 0000000180008dfc f i umodsys_lib_libui:umodsys.mod.ui.frames.obj
 0001:00007e04       ?get_controller_context@RFrame_Common@frames@ui@modules@UModSys@@UEAAHXZ 0000000180008e04 f i umodsys_lib_libui:umodsys.mod.ui.frames.obj
 0001:00007e0c       ?get_theme@RCollector@frames@ui@modules@UModSys@@UEAAPEAUICollectorTheme@libui@5@XZ 0000000180008e0c f i umodsys_lib_libui:umodsys.mod.ui.frames.obj
 0001:00007e0c       ?get_box@RFrame_Common@frames@ui@modules@UModSys@@UEAAAEBU?$TBoundBox2@H@math3d@5@XZ 0000000180008e0c f i umodsys_lib_libui:umodsys.mod.ui.frames.obj
 0001:00007e14       ?get_framesize@RFrame_Common@frames@ui@modules@UModSys@@UEAAAEBUSFrameSize@libui@5@XZ 0000000180008e14 f i umodsys_lib_libui:umodsys.mod.ui.frames.obj
 0001:00007e1c       ?set_framesize@RFrame_Common@frames@ui@modules@UModSys@@UEAA_NAEBUSFrameSize@libui@5@@Z 0000000180008e1c f i umodsys_lib_libui:umodsys.mod.ui.frames.obj
 0001:00007e40       ?get_insize@RFrame_Common@frames@ui@modules@UModSys@@UEAA?AU?$TVector2@H@math3d@5@XZ 0000000180008e40 f i umodsys_lib_libui:umodsys.mod.ui.frames.obj
 0001:00007e58       ?get_theme@RFrame_Common@frames@ui@modules@UModSys@@UEAAPEAUICollectorTheme@libui@5@XZ 0000000180008e58 f i umodsys_lib_libui:umodsys.mod.ui.frames.obj
 0001:00007e60       ?mouse_setvisible@RMouseController@SDL_core@ui@modules@UModSys@@UEAA_N_N@Z 0000000180008e60 f i umodsys_lib_libui:umodsys.mod.ui.SDL_core.obj
 0001:00007e60       ?get_minsize@RCollector@frames@ui@modules@UModSys@@UEAA_NAEAU?$TVector2@H@math3d@5@@Z 0000000180008e60 f i umodsys_lib_libui:umodsys.mod.ui.frames.obj
 0001:00007e60       ?output_attach_3d@RCollector@frames@ui@modules@UModSys@@UEAA_NPEAUIRenderDriver@lib3d@5@H@Z 0000000180008e60 f i umodsys_lib_libui:umodsys.mod.ui.frames.obj
 0001:00007e60       ?mouse_setposition@RMouseController@SDL_core@ui@modules@UModSys@@UEAA_NHH@Z 0000000180008e60 f i umodsys_lib_libui:umodsys.mod.ui.SDL_core.obj
 0001:00007e60       ?set_repeater@RFrame_Common@frames@ui@modules@UModSys@@UEAA_NHH@Z 0000000180008e60 f i umodsys_lib_libui:umodsys.mod.ui.frames.obj
 0001:00007e60       ?key_event@RFrame_Common@frames@ui@modules@UModSys@@MEAA_NAEBUSKeyboardInputText@libui@5@@Z 0000000180008e60 f i umodsys_lib_libui:umodsys.mod.ui.frames.obj
 0001:00007e60       ?get_max_cell_size@RMultiImage2D_SDL_ttf@SDL_core@ui@modules@UModSys@@UEAA_NAEAU?$TVector2@H@math3d@5@@Z 0000000180008e60 f i umodsys_lib_libui:umodsys.mod.ui.SDL_core.obj
 0001:00007e60       ?set_hint@RMultiImage2D_SDL_ttf@SDL_core@ui@modules@UModSys@@UEAA_NPEBD0@Z 0000000180008e60 f i umodsys_lib_libui:umodsys.mod.ui.SDL_core.obj
 0001:00007e60       ?set_layer_count@RMultiImage2D_SDL_ttf@SDL_core@ui@modules@UModSys@@UEAA_NH@Z 0000000180008e60 f i umodsys_lib_libui:umodsys.mod.ui.SDL_core.obj
 0001:00007e60       ?key_event@RFrame_Common@frames@ui@modules@UModSys@@MEAA_NAEBUSKeyboardInputRaw@libui@5@@Z 0000000180008e60 f i umodsys_lib_libui:umodsys.mod.ui.frames.obj
 0001:00007e60       ?key_reset@RKeyboardController@SDL_core@ui@modules@UModSys@@UEAA_NXZ 0000000180008e60 f i umodsys_lib_libui:umodsys.mod.ui.SDL_core.obj
 0001:00007e60       ?frame_remove@RCollector@frames@ui@modules@UModSys@@UEAA_NPEAUIFrame@libui@5@@Z 0000000180008e60 f i umodsys_lib_libui:umodsys.mod.ui.frames.obj
 0001:00007e60       ?set_insize@RFrame_Common@frames@ui@modules@UModSys@@UEAA_NAEBU?$TVector2@H@math3d@5@@Z 0000000180008e60 f i umodsys_lib_libui:umodsys.mod.ui.frames.obj
[...]
 0001:00014e34       ??__E?s_id@?$TObjectUniqueID@URGenerator@frames@ui@modules@UModSys@@@tl@UModSys@@2USUniquePointer@core@3@A@@YAXXZ 0000000180015e34 f    CIL library: CIL module
 0001:00014e68       ??__E?s_modreg@RModuleReg@images_std@media@modules@UModSys@@2U12345@A@@YAXXZ 0000000180015e68 f    CIL library: CIL module
 0001:00014eb0       ??__E?s_modreg_chain@RModuleReg@images_std@media@modules@UModSys@@2USModuleRegChain@base@5@A@@YAXXZ 0000000180015eb0 f    CIL library: CIL module
 0001:00014ed8       ??__E?s_uid@RGenerator@images_std@media@modules@UModSys@@2USUniquePointer@core@5@A@@YAXXZ 0000000180015ed8 f    CIL library: CIL module
 0001:00014f0c       ??__E?s_id@?$TObjectUniqueID@URMediaFilter@images_std@media@modules@UModSys@@@tl@UModSys@@2USUniquePointer@core@3@A@@YAXXZ 0000000180015f0c f    CIL library: CIL module
 0001:00014f40       ??__E?s_id@?$TObjectUniqueID@URGenerator@images_std@media@modules@UModSys@@@tl@UModSys@@2USUniquePointer@core@3@A@@YAXXZ 0000000180015f40 f    CIL library: CIL module
 0001:00014f74       ??__E?s_modreg@RModuleReg@serialize_json@media@modules@UModSys@@2U12345@A@@YAXXZ 0000000180015f74 f    CIL library: CIL module
 0001:00014fbc       ??__E?s_modreg_chain@RModuleReg@serialize_json@media@modules@UModSys@@2USModuleRegChain@base@5@A@@YAXXZ 0000000180015fbc f    CIL library: CIL module
 0001:00014fe4       ??__E?s_uid@RGenerator@serialize_json@media@modules@UModSys@@2USUniquePointer@core@5@A@@YAXXZ 0000000180015fe4 f    CIL library: CIL module
 0001:00015018       ??__E?s_id@?$TObjectUniqueID@URSerializeReader@serialize_json@media@modules@UModSys@@@tl@UModSys@@2USUniquePointer@core@3@A@@YAXXZ 0000000180016018 f    CIL library: CIL module
 0001:0001504c       ??__E?s_id@?$TObjectUniqueID@URSerializeWriter@serialize_json@media@modules@UModSys@@@tl@UModSys@@2USUniquePointer@core@3@A@@YAXXZ 000000018001604c f    CIL library: CIL module
 0001:00015080       ??__E?s_id@?$TObjectUniqueID@URGenerator@serialize_json@media@modules@UModSys@@@tl@UModSys@@2USUniquePointer@core@3@A@@YAXXZ 0000000180016080 f    CIL library: CIL module
 0001:000150b4       ??__EM@UModSys@@YAXXZ      00000001800160b4 f    CIL library: CIL module
 0001:000150c0       ??__E?root@SModuleRegChain@base@UModSys@@2U123@A@@YAXXZ 00000001800160c0 f    CIL library: CIL module
 0001:000150cc       ??__E?s_library@RModuleLibraryReg_Chain@base@UModSys@@2U123@A@@YAXXZ 00000001800160cc f    CIL library: CIL module
 0001:000150d8       ??__E?root@SUniquePointer@core@UModSys@@2U123@A@@YAXXZ 00000001800160d8 f    CIL library: CIL module
 0001:000150e4       ??__F?s_modreg@RModuleReg@test1@test@modules@UModSys@@2U12345@A@@YAXXZ 00000001800160e4 f    CIL library: CIL module
 0001:000150f4       ??__F?s_modreg_chain@RModuleReg@test1@test@modules@UModSys@@2USModuleRegChain@base@5@A@@YAXXZ 00000001800160f4 f    CIL library: CIL module
 0001:00015134       ??__F?s_uid@RGenerator@test1@test@modules@UModSys@@2USUniquePointer@core@5@A@@YAXXZ 0000000180016134 f    CIL library: CIL module
 0001:00015140       ??__Fh@?1??s_holder@RGenerator@test1@test@modules@UModSys@@SAAEAU?$TTypeStaticHolder@URGenerator@test1@test@modules@UModSys@@@tl@5@XZ@YAXXZ 0000000180016140 f    CIL library: CIL module
 0001:00015168       ??__F?s_id@?$TObjectUniqueID@URGenerator@test1@test@modules@UModSys@@@tl@UModSys@@2USUniquePointer@core@3@A@@YAXXZ 0000000180016168 f    CIL library: CIL module
 0001:00015174       ??__F?s_id@?$TObjectUniqueID@URTest1_Shell@test1@test@modules@UModSys@@@tl@UModSys@@2USUniquePointer@core@3@A@@YAXXZ 0000000180016174 f    CIL library: CIL module
 0001:00015180       ??__F?s_id@?$TObjectUniqueID@URLines_Filter@test1@test@modules@UModSys@@@tl@UModSys@@2USUniquePointer@core@3@A@@YAXXZ 0000000180016180 f    CIL library: CIL module
 0001:0001518c       ??__F?s_id@?$TObjectUniqueID@URLines@test1@test@modules@UModSys@@@tl@UModSys@@2USUniquePointer@core@3@A@@YAXXZ 000000018001618c f    CIL library: CIL module
 0001:00015198       ??__F?s_id@?$TObjectUniqueID@UILines@test1@test@modules@UModSys@@@tl@UModSys@@2USUniquePointer@core@3@A@@YAXXZ 0000000180016198 f    CIL library: CIL module
 0001:000151a4       ??__F?s_id@?$TObjectUniqueID@UIRenderDriver@lib2d@UModSys@@@tl@UModSys@@2USUniquePointer@core@3@A@@YAXXZ 00000001800161a4 f    CIL library: CIL module
 0001:000151b0       ??__F?s_id@?$TObjectUniqueID@UIMultiImage@lib2d@UModSys@@@tl@UModSys@@2USUniquePointer@core@3@A@@YAXXZ 00000001800161b0 f    CIL library: CIL module
 0001:000151bc       ??__F?s_id@?$TObjectUniqueID@UIImage@lib2d@UModSys@@@tl@UModSys@@2USUniquePointer@core@3@A@@YAXXZ 00000001800161bc f    CIL library: CIL module
 0001:000151c8       ??__F?s_id@?$TObjectUniqueID@UIDialog@libui@UModSys@@@tl@UModSys@@2USUniquePointer@core@3@A@@YAXXZ 00000001800161c8 f    CIL library: CIL module
 0001:000151d4       ??__F?s_id@?$TObjectUniqueID@UIFrame@libui@UModSys@@@tl@UModSys@@2USUniquePointer@core@3@A@@YAXXZ 00000001800161d4 f    CIL library: CIL module
 0001:000151e0       ??__F?s_id@?$TObjectUniqueID@UIAsyncCollector@libui@UModSys@@@tl@UModSys@@2USUniquePointer@core@3@A@@YAXXZ 00000001800161e0 f    CIL library: CIL module
 0001:000151ec       ??__F?s_id@?$TObjectUniqueID@UIAsyncController@libui@UModSys@@@tl@UModSys@@2USUniquePointer@core@3@A@@YAXXZ 00000001800161ec f    CIL library: CIL module
 0001:000151f8       ??__F?s_id@?$TObjectUniqueID@UICollector@libui@UModSys@@@tl@UModSys@@2USUniquePointer@core@3@A@@YAXXZ 00000001800161f8 f    CIL library: CIL module
 0001:00015204       ??__F?s_id@?$TObjectUniqueID@UIConsoleHelperInput_UIKey@libui@UModSys@@@tl@UModSys@@2USUniquePointer@core@3@A@@YAXXZ 0000000180016204 f    CIL library: CIL module
 0001:00015210       ??__F?s_id@?$TObjectUniqueID@UITerminal@libui@UModSys@@@tl@UModSys@@2USUniquePointer@core@3@A@@YAXXZ 0000000180016210 f    CIL library: CIL module
 0001:0001521c       ??__F?s_id@?$TObjectUniqueID@UIJoystickController@libui@UModSys@@@tl@UModSys@@2USUniquePointer@core@3@A@@YAXXZ 000000018001621c f    CIL library: CIL module
 0001:00015228       ??__F?s_id@?$TObjectUniqueID@UIMouseController@libui@UModSys@@@tl@UModSys@@2USUniquePointer@core@3@A@@YAXXZ 0000000180016228 f    CIL library: CIL module
 0001:00015234       ??__F?s_id@?$TObjectUniqueID@UIKeyboardController@libui@UModSys@@@tl@UModSys@@2USUniquePointer@core@3@A@@YAXXZ 0000000180016234 f    CIL library: CIL module
 0001:00015240       ??__F?s_id@?$TObjectUniqueID@UIConsoleHelperOutputFCS@base@UModSys@@@tl@UModSys@@2USUniquePointer@core@3@A@@YAXXZ 0000000180016240 f    CIL library: CIL module
 0001:0001524c       ??__F?s_id@?$TObjectUniqueID@UIConsoleHelperOutput@base@UModSys@@@tl@UModSys@@2USUniquePointer@core@3@A@@YAXXZ 000000018001624c f    CIL library: CIL module
 0001:00015258       ??__F?s_id@?$TObjectUniqueID@UIConsoleHelperInput@base@UModSys@@@tl@UModSys@@2USUniquePointer@core@3@A@@YAXXZ 0000000180016258 f    CIL library: CIL module
 0001:00015264       ??__F?s_id@?$TObjectUniqueID@UIConsoleHelperHistory@base@UModSys@@@tl@UModSys@@2USUniquePointer@core@3@A@@YAXXZ 0000000180016264 f    CIL library: CIL module
 0001:00015270       ??__F?s_id@?$TObjectUniqueID@UIConsoleHelper@base@UModSys@@@tl@UModSys@@2USUniquePointer@core@3@A@@YAXXZ 0000000180016270 f    CIL library: CIL module
 0001:0001527c       ??__F?s_id@?$TObjectUniqueID@UIConsoleExt@base@UModSys@@@tl@UModSys@@2USUniquePointer@core@3@A@@YAXXZ 000000018001627c f    CIL library: CIL module
 0001:00015288       ??__F?s_id@?$TObjectUniqueID@UISerializeWriter@libmedia@UModSys@@@tl@UModSys@@2USUniquePointer@core@3@A@@YAXXZ 0000000180016288 f    CIL library: CIL module
 0001:00015294       ??__F?s_id@?$TObjectUniqueID@UISerializeReader@libmedia@UModSys@@@tl@UModSys@@2USUniquePointer@core@3@A@@YAXXZ 0000000180016294 f    CIL library: CIL module
 0001:000152a0       ??__F?s_id@?$TObjectUniqueID@UILibraryLayered@libmedia@UModSys@@@tl@UModSys@@2USUniquePointer@core@3@A@@YAXXZ 00000001800162a0 f    CIL library: CIL module
 0001:000152ac       ??__F?s_id@?$TObjectUniqueID@UILibraryObjCache@libmedia@UModSys@@@tl@UModSys@@2USUniquePointer@core@3@A@@YAXXZ 00000001800162ac f    CIL library: CIL module
 0001:000152b8       ??__F?s_id@?$TObjectUniqueID@UILibraryObjFilter@libmedia@UModSys@@@tl@UModSys@@2USUniquePointer@core@3@A@@YAXXZ 00000001800162b8 f    CIL library: CIL module
 0001:000152c4       ??__F?s_id@?$TObjectUniqueID@UILibraryBinCache@libmedia@UModSys@@@tl@UModSys@@2USUniquePointer@core@3@A@@YAXXZ 00000001800162c4 f    CIL library: CIL module
 0001:000152d0       ??__F?s_id@?$TObjectUniqueID@UILibraryBinTree@libmedia@UModSys@@@tl@UModSys@@2USUniquePointer@core@3@A@@YAXXZ 00000001800162d0 f    CIL library: CIL module
 0001:000152dc       ??__F?s_id@?$TObjectUniqueID@UILibrary@libmedia@UModSys@@@tl@UModSys@@2USUniquePointer@core@3@A@@YAXXZ 00000001800162dc f    CIL library: CIL module
 0001:000152e8       ??__F?s_id@?$TObjectUniqueID@UIBinObjFilter@libmedia@UModSys@@@tl@UModSys@@2USUniquePointer@core@3@A@@YAXXZ 00000001800162e8 f    CIL library: CIL module
 0001:000152f4       ??__F?s_id@?$TObjectUniqueID@UIBinArchive@libmedia@UModSys@@@tl@UModSys@@2USUniquePointer@core@3@A@@YAXXZ 00000001800162f4 f    CIL library: CIL module
 0001:00015300       ??__F?s_id@?$TObjectUniqueID@UITextWriter@libmedia@UModSys@@@tl@UModSys@@2USUniquePointer@core@3@A@@YAXXZ 0000000180016300 f    CIL library: CIL module
 0001:0001530c       ??__F?s_id@?$TObjectUniqueID@UITextReader@libmedia@UModSys@@@tl@UModSys@@2USUniquePointer@core@3@A@@YAXXZ 000000018001630c f    CIL library: CIL module
 0001:00015318       ??__F?s_id@?$TObjectUniqueID@UIStreamWriter@libmedia@UModSys@@@tl@UModSys@@2USUniquePointer@core@3@A@@YAXXZ 0000000180016318 f    CIL library: CIL module
 0001:00015324       ??__F?s_id@?$TObjectUniqueID@UIStreamReader@libmedia@UModSys@@@tl@UModSys@@2USUniquePointer@core@3@A@@YAXXZ 0000000180016324 f    CIL library: CIL module
 0001:00015330       ??__F?s_id@?$TObjectUniqueID@UISystem@base@UModSys@@@tl@UModSys@@2USUniquePointer@core@3@A@@YAXXZ 0000000180016330 f    CIL library: CIL module
 0001:0001533c       ??__F?s_id@?$TObjectUniqueID@UIConsole@base@UModSys@@@tl@UModSys@@2USUniquePointer@core@3@A@@YAXXZ 000000018001633c f    CIL library: CIL module
 0001:00015348       ??__F?s_id@?$TObjectUniqueID@UIShell@base@UModSys@@@tl@UModSys@@2USUniquePointer@core@3@A@@YAXXZ 0000000180016348 f    CIL library: CIL module
 0001:00015354       ??__F?s_id@?$TObjectUniqueID@UIGenerator@base@UModSys@@@tl@UModSys@@2USUniquePointer@core@3@A@@YAXXZ 0000000180016354 f    CIL library: CIL module
 0001:00015360       ??__F?s_id@?$TObjectUniqueID@UIModObject@base@UModSys@@@tl@UModSys@@2USUniquePointer@core@3@A@@YAXXZ 0000000180016360 f    CIL library: CIL module
 0001:0001536c       ??__F?s_id@?$TObjectUniqueID@UIModuleLibrary@base@UModSys@@@tl@UModSys@@2USUniquePointer@core@3@A@@YAXXZ 000000018001636c f    CIL library: CIL module
 0001:00015378       ??__F?s_id@?$TObjectUniqueID@UIModule@base@UModSys@@@tl@UModSys@@2USUniquePointer@core@3@A@@YAXXZ 0000000180016378 f    CIL library: CIL module
 0001:00015384       ??__F?s_id@?$TObjectUniqueID@UIParameters@core@UModSys@@@tl@UModSys@@2USUniquePointer@core@3@A@@YAXXZ 0000000180016384 f    CIL library: CIL module
 0001:00015390       ??__F?s_id@?$TObjectUniqueID@UIRefObject@core@UModSys@@@tl@UModSys@@2USUniquePointer@core@3@A@@YAXXZ 0000000180016390 f    CIL library: CIL module
 0001:0001539c       ??__F?s_id@?$TObjectUniqueID@UIRoot@core@UModSys@@@tl@UModSys@@2USUniquePointer@core@3@A@@YAXXZ 000000018001639c f    CIL library: CIL module
 0001:000153a8       ??__F?s_modreg@RModuleReg@stdlib@lib2d@modules@UModSys@@2U12345@A@@YAXXZ 00000001800163a8 f    CIL library: CIL module
 0001:000153b8       ??__F?s_modreg_chain@RModuleReg@stdlib@lib2d@modules@UModSys@@2USModuleRegChain@base@5@A@@YAXXZ 00000001800163b8 f    CIL library: CIL module
 0001:000153f8       ??__F?s_uid@RGenerator@stdlib@lib2d@modules@UModSys@@2USUniquePointer@core@5@A@@YAXXZ 00000001800163f8 f    CIL library: CIL module
 0001:00015404       ??__Fh@?1??s_holder@RGenerator@stdlib@lib2d@modules@UModSys@@SAAEAU?$TTypeStaticHolder@URGenerator@stdlib@lib2d@modules@UModSys@@@tl@5@XZ@YAXXZ 0000000180016404 f    CIL library: CIL module
 0001:0001542c       ??__F?s_id@?$TObjectUniqueID@URGenerator@stdlib@lib2d@modules@UModSys@@@tl@UModSys@@2USUniquePointer@core@3@A@@YAXXZ 000000018001642c f    CIL library: CIL module
 0001:00015438       ??__F?s_id@?$TObjectUniqueID@URImage_Memory@stdlib@lib2d@modules@UModSys@@@tl@UModSys@@2USUniquePointer@core@3@A@@YAXXZ 0000000180016438 f    CIL library: CIL module
 0001:00015444       ??__F?s_modreg@RModuleReg@SDL_core@ui@modules@UModSys@@2U12345@A@@YAXXZ 0000000180016444 f    CIL library: CIL module
 0001:00015454       ??__F?s_modreg_chain@RModuleReg@SDL_core@ui@modules@UModSys@@2USModuleRegChain@base@5@A@@YAXXZ 0000000180016454 f    CIL library: CIL module
 0001:00015494       ??__F?s_uid@RGenerator@SDL_core@ui@modules@UModSys@@2USUniquePointer@core@5@A@@YAXXZ 0000000180016494 f    CIL library: CIL module
 0001:000154a0       ??__Fh@?1??s_holder@RGenerator@SDL_core@ui@modules@UModSys@@SAAEAU?$TTypeStaticHolder@URGenerator@SDL_core@ui@modules@UModSys@@@tl@5@XZ@YAXXZ 00000001800164a0 f    CIL library: CIL module
 0001:000154c8       ??__F?s_id@?$TObjectUniqueID@URGenerator@SDL_core@ui@modules@UModSys@@@tl@UModSys@@2USUniquePointer@core@3@A@@YAXXZ 00000001800164c8 f    CIL library: CIL module
 0001:000154d4       ??__F?s_id@?$TObjectUniqueID@URTerminal@SDL_core@ui@modules@UModSys@@@tl@UModSys@@2USUniquePointer@core@3@A@@YAXXZ 00000001800164d4 f    CIL library: CIL module
 0001:000154e0       ??__F?s_id@?$TObjectUniqueID@URKeyboardController@SDL_core@ui@modules@UModSys@@@tl@UModSys@@2USUniquePointer@core@3@A@@YAXXZ 00000001800164e0 f    CIL library: CIL module
 0001:000154ec       ??__F?s_id@?$TObjectUniqueID@URMouseController@SDL_core@ui@modules@UModSys@@@tl@UModSys@@2USUniquePointer@core@3@A@@YAXXZ 00000001800164ec f    CIL library: CIL module
 0001:000154f8       ??__F?s_id@?$TObjectUniqueID@URRenderDriver2D@SDL_core@ui@modules@UModSys@@@tl@UModSys@@2USUniquePointer@core@3@A@@YAXXZ 00000001800164f8 f    CIL library: CIL module
 0001:00015504       ??__F?s_id@?$TObjectUniqueID@URMultiImage2D_SDL_ttf@SDL_core@ui@modules@UModSys@@@tl@UModSys@@2USUniquePointer@core@3@A@@YAXXZ 0000000180016504 f    CIL library: CIL module
 0001:00015510       ??__F?s_modreg@RModuleReg@frames@ui@modules@UModSys@@2U12345@A@@YAXXZ 0000000180016510 f    CIL library: CIL module
 0001:00015520       ??__F?s_modreg_chain@RModuleReg@frames@ui@modules@UModSys@@2USModuleRegChain@base@5@A@@YAXXZ 0000000180016520 f    CIL library: CIL module
 0001:00015560       ??__F?s_uid@RGenerator@frames@ui@modules@UModSys@@2USUniquePointer@core@5@A@@YAXXZ 0000000180016560 f    CIL library: CIL module
 0001:0001556c       ??__Fh@?1??s_holder@RGenerator@frames@ui@modules@UModSys@@SAAEAU?$TTypeStaticHolder@URGenerator@frames@ui@modules@UModSys@@@tl@5@XZ@YAXXZ 000000018001656c f    CIL library: CIL module
 0001:00015594       ??__F?s_id@?$TObjectUniqueID@URGenerator@frames@ui@modules@UModSys@@@tl@UModSys@@2USUniquePointer@core@3@A@@YAXXZ 0000000180016594 f    CIL library: CIL module
 0001:000155a0       ??__F?s_id@?$TObjectUniqueID@URCollector@frames@ui@modules@UModSys@@@tl@UModSys@@2USUniquePointer@core@3@A@@YAXXZ 00000001800165a0 f    CIL library: CIL module
 0001:000155ac       ??__F?s_id@?$TObjectUniqueID@URFrame_List@frames@ui@modules@UModSys@@@tl@UModSys@@2USUniquePointer@core@3@A@@YAXXZ 00000001800165ac f    CIL library: CIL module
 0001:000155b8       ??__F?s_id@?$TObjectUniqueID@URFrame_Edit@frames@ui@modules@UModSys@@@tl@UModSys@@2USUniquePointer@core@3@A@@YAXXZ 00000001800165b8 f    CIL library: CIL module
 0001:000155c4       ??__F?s_id@?$TObjectUniqueID@URFrame_Button@frames@ui@modules@UModSys@@@tl@UModSys@@2USUniquePointer@core@3@A@@YAXXZ 00000001800165c4 f    CIL library: CIL module
 0001:000155d0       ??__F?s_id@?$TObjectUniqueID@URFrame_Text@frames@ui@modules@UModSys@@@tl@UModSys@@2USUniquePointer@core@3@A@@YAXXZ 00000001800165d0 f    CIL library: CIL module
 0001:000155dc       ??__F?s_id@?$TObjectUniqueID@URFrame_Image@frames@ui@modules@UModSys@@@tl@UModSys@@2USUniquePointer@core@3@A@@YAXXZ 00000001800165dc f    CIL library: CIL module
 0001:000155e8       ??__F?s_id@?$TObjectUniqueID@URFrame_Frame@frames@ui@modules@UModSys@@@tl@UModSys@@2USUniquePointer@core@3@A@@YAXXZ 00000001800165e8 f    CIL library: CIL module
 0001:000155f4       ??__F?s_id@?$TObjectUniqueID@URDialog@frames@ui@modules@UModSys@@@tl@UModSys@@2USUniquePointer@core@3@A@@YAXXZ 00000001800165f4 f    CIL library: CIL module
 0001:00015600       ??__F?s_id@?$TObjectUniqueID@URFrame_Common@frames@ui@modules@UModSys@@@tl@UModSys@@2USUniquePointer@core@3@A@@YAXXZ 0000000180016600 f    CIL library: CIL module
 0001:0001560c       ??__F?s_modreg@RModuleReg@images_std@media@modules@UModSys@@2U12345@A@@YAXXZ 000000018001660c f    CIL library: CIL module
 0001:0001561c       ??__F?s_modreg_chain@RModuleReg@images_std@media@modules@UModSys@@2USModuleRegChain@base@5@A@@YAXXZ 000000018001661c f    CIL library: CIL module
 0001:0001565c       ??__F?s_uid@RGenerator@images_std@media@modules@UModSys@@2USUniquePointer@core@5@A@@YAXXZ 000000018001665c f    CIL library: CIL module
 0001:00015668       ??__Fh@?1??s_holder@RGenerator@images_std@media@modules@UModSys@@SAAEAU?$TTypeStaticHolder@URGenerator@images_std@media@modules@UModSys@@@tl@5@XZ@YAXXZ 0000000180016668 f    CIL library: CIL module
 0001:00015690       ??__F?s_id@?$TObjectUniqueID@URGenerator@images_std@media@modules@UModSys@@@tl@UModSys@@2USUniquePointer@core@3@A@@YAXXZ 0000000180016690 f    CIL library: CIL module
 0001:0001569c       ??__F?s_id@?$TObjectUniqueID@URMediaFilter@images_std@media@modules@UModSys@@@tl@UModSys@@2USUniquePointer@core@3@A@@YAXXZ 000000018001669c f    CIL library: CIL module
 0001:000156a8       ??__F?s_modreg@RModuleReg@serialize_json@media@modules@UModSys@@2U12345@A@@YAXXZ 00000001800166a8 f    CIL library: CIL module
 0001:000156b8       ??__F?s_modreg_chain@RModuleReg@serialize_json@media@modules@UModSys@@2USModuleRegChain@base@5@A@@YAXXZ 00000001800166b8 f    CIL library: CIL module
 0001:000156f8       ??__F?s_uid@RGenerator@serialize_json@media@modules@UModSys@@2USUniquePointer@core@5@A@@YAXXZ 00000001800166f8 f    CIL library: CIL module
 0001:00015704       ??__Fh@?1??s_holder@RGenerator@serialize_json@media@modules@UModSys@@SAAEAU?$TTypeStaticHolder@URGenerator@serialize_json@media@modules@UModSys@@@tl@5@XZ@YAXXZ 0000000180016704 f    CIL library: CIL module
 0001:0001572c       ??__F?s_id@?$TObjectUniqueID@URGenerator@serialize_json@media@modules@UModSys@@@tl@UModSys@@2USUniquePointer@core@3@A@@YAXXZ 000000018001672c f    CIL library: CIL module
 0001:00015738       ??__F?s_id@?$TObjectUniqueID@URSerializeWriter@serialize_json@media@modules@UModSys@@@tl@UModSys@@2USUniquePointer@core@3@A@@YAXXZ 0000000180016738 f    CIL library: CIL module
 0001:00015744       ??__F?s_id@?$TObjectUniqueID@URSerializeReader@serialize_json@media@modules@UModSys@@@tl@UModSys@@2USUniquePointer@core@3@A@@YAXXZ 0000000180016744 f    CIL library: CIL module
 0001:00015750       ??__FM@UModSys@@YAXXZ      0000000180016750 f    CIL library: CIL module
 0001:00015754       ??__F?root@SModuleRegChain@base@UModSys@@2U123@A@@YAXXZ 0000000180016754 f    CIL library: CIL module
 0001:00015794       ??__F?s_library@RModuleLibraryReg_Chain@base@UModSys@@2U123@A@@YAXXZ 0000000180016794 f    CIL library: CIL module
 0001:000157a4       ??__F?root@SUniquePointer@core@UModSys@@2U123@A@@YAXXZ 00000001800167a4 f    CIL library: CIL module

 Exports

  ordinal    name

        1    UModSys_Plugin_Entry2
