 plugin_test1

 Timestamp is 52d63390 (Wed Jan 15 10:06:56 2014)

 Preferred load address is 0000000180000000

 Start         Length     Name                   Class
 0001:00000000 00019540H .text                   CODE
 0001:00019540 0000005eH .text$00                CODE
 0001:000195a0 000017d4H .text$x                 CODE
 0001:0001ad74 000015b0H .text$yc                CODE
 0001:0001c324 00000700H .text$yd                CODE
 0002:00000000 00000398H .idata$5                DATA
 0002:00000398 00000008H .CRT$XCA                DATA
 0002:000003a0 00001750H .CRT$XCU                DATA
 0002:00001af0 00000008H .CRT$XCZ                DATA
 0002:00001af8 00000008H .CRT$XIA                DATA
 0002:00001b00 00000008H .CRT$XIAA               DATA
 0002:00001b08 00000008H .CRT$XIZ                DATA
 0002:00001b10 000046c8H .rdata                  DATA
 0002:000061e0 000029a4H .rdata$r                DATA
 0002:00008b88 00000008H .rtc$IAA                DATA
 0002:00008b90 00000008H .rtc$IZZ                DATA
 0002:00008b98 00000008H .rtc$TAA                DATA
 0002:00008ba0 00000008H .rtc$TZZ                DATA
 0002:00008ba8 00002920H .xdata                  DATA
 0002:0000b4c8 00000078H .idata$2                DATA
 0002:0000b540 00000014H .idata$3                DATA
 0002:0000b558 00000398H .idata$4                DATA
 0002:0000b8f0 00000808H .idata$6                DATA
 0002:0000c100 00000059H .edata                  DATA
 0003:00000000 00001380H .data                   DATA
 0003:00001380 00001e28H .bss                    DATA
 0004:00000000 00001fa4H .pdata                  DATA

  Address         Publics by Value              Rva+Base               Lib:Object

 0000:00000000       ___safe_se_handler_table   0000000000000000     <absolute>
 0000:00000000       ___safe_se_handler_count   0000000000000000     <absolute>
 0000:00000000       __ImageBase                0000000180000000     <linker-defined>
 0001:00000000       ??1SCMemShared@core@UModSys@@QEAA@XZ 0000000180001000 f i plugin_test1.obj
 0001:00000000       ??1State@RImage_Memory@stdlib@lib2d@modules@UModSys@@QEAA@XZ 0000000180001000 f i umodsys_lib_lib2d:umodsys.mod.2d.stdlib.obj
 0001:00000000       ??1SMemShared@core@UModSys@@QEAA@XZ 0000000180001000 f i plugin_test1.obj
 0001:00000030       ??6SUniquePtrList@core@UModSys@@QEAAAEAU012@PEBUSUniquePointerInfo@12@@Z 0000000180001030 f i plugin_test1.obj
 0001:000000e8       ??3IRoot@core@UModSys@@SAXPEAXAEBUSIMemAlloc@12@@Z 00000001800010e8 f i plugin_test1.obj
 0001:00000114       ??1IBinObjFilter@libmedia@UModSys@@UEAA@XZ 0000000180001114 f i plugin_test1.obj
 0001:00000150       ?root_get_interface_info@RTest1_Shell@test1@test@modules@UModSys@@UEBAAEBUSUniquePointerInfo@core@5@XZ 0000000180001150 f i plugin_test1.obj
 0001:00000158       ?root_get_interface_type@RTest1_Shell@test1@test@modules@UModSys@@UEBAPEBUSUniquePointerInfo@core@5@XZ 0000000180001158 f i plugin_test1.obj
 0001:00000160       ?root_get_other_interface@RTest1_Shell@test1@test@modules@UModSys@@UEAAPEAUIRoot@core@5@PEBUSUniquePointerInfo@75@@Z 0000000180001160 f i plugin_test1.obj
 0001:00000160       ?root_get_other_interface@RTest1_Shell@test1@test@modules@UModSys@@UEBAPEBUIRoot@core@5@PEBUSUniquePointerInfo@75@@Z 0000000180001160 f i plugin_test1.obj
 0001:00000190       ?root_is_interface_supported@RTest1_Shell@test1@test@modules@UModSys@@UEBA_NPEBUSUniquePointerInfo@core@5@@Z 0000000180001190 f i plugin_test1.obj
 0001:000001c0       ?ref_add@RTest1_Shell@test1@test@modules@UModSys@@UEBAXXZ 00000001800011c0 f i plugin_test1.obj
 0001:000001c4       ?ref_remove@RTest1_Shell@test1@test@modules@UModSys@@UEBAXXZ 00000001800011c4 f i plugin_test1.obj
 0001:000001dc       ?ref_links@RTest1_Shell@test1@test@modules@UModSys@@UEBAHXZ 00000001800011dc f i plugin_test1.obj
 0001:000001e0       ?ref_weak@RTest1_Shell@test1@test@modules@UModSys@@UEBA_NAEAUWeakPointer@IRefObject@core@5@@Z 00000001800011e0 f i plugin_test1.obj
 0001:00000200       ?suicide@RTest1_Shell@test1@test@modules@UModSys@@UEAAXXZ 0000000180001200 f i plugin_test1.obj
 0001:0000024c       ??0RTest1_Shell@test1@test@modules@UModSys@@QEAA@PEAUIModObject@base@4@@Z 000000018000124c f i plugin_test1.obj
 0001:00000390       ?connect@RTest1_Shell@test1@test@modules@UModSys@@UEAA_NXZ 0000000180001390 f i plugin_test1.obj
 0001:000003b4       ?disconnect@RTest1_Shell@test1@test@modules@UModSys@@UEAA_NXZ 00000001800013b4 f i plugin_test1.obj
 0001:000003d8       ?process_tick@RTest1_Shell@test1@test@modules@UModSys@@UEAA_NAEBUSTimeMsec@core@5@@Z 00000001800013d8 f i plugin_test1.obj
 0001:00000414       ?process_command@RTest1_Shell@test1@test@modules@UModSys@@UEAA_NHQEBU?$TString@U?$TSCoreConst@D@su@tl@UModSys@@U?$TComparerBinaryHash@D@234@@tl@5@@Z 0000000180001414 f i plugin_test1.obj
 0001:0000043c       ??_ERTest1_Shell@test1@test@modules@UModSys@@UEAAPEAXI@Z 000000018000143c f i  CIL library: CIL module
 0001:0000043c       ??_GRTest1_Shell@test1@test@modules@UModSys@@UEAAPEAXI@Z 000000018000143c f i plugin_test1.obj
 0001:00000504       ?ui_newframes@RTest1_Shell@test1@test@modules@UModSys@@QEAA?AU?$TRefObject@UICollector@libui@UModSys@@U?$TRefObjectFunc@UICollector@libui@UModSys@@@tl@3@@tl@5@AEBU?$TString@U?$TSCoreConst@D@su@tl@UModSys@@U?$TComparerBinaryHash@D@234@@75@AEBUSParameters@core@5@@Z 0000000180001504 f   plugin_test1.obj
 0001:0000052c       ?ui_newterm@RTest1_Shell@test1@test@modules@UModSys@@QEAA?AU?$TRefObject@UITerminal@libui@UModSys@@U?$TRefObjectFunc@UITerminal@libui@UModSys@@@tl@3@@tl@5@AEBU?$TString@U?$TSCoreConst@D@su@tl@UModSys@@U?$TComparerBinaryHash@D@234@@75@AEBUSParameters@core@5@@Z 000000018000152c f   plugin_test1.obj
 0001:00000554       ?key_pressed@RTest1_Shell@test1@test@modules@UModSys@@UEAA_NAEBUSKeyboardInputRaw@libui@5@@Z 0000000180001554 f   plugin_test1.obj
 0001:000005bc       ?key_text@RTest1_Shell@test1@test@modules@UModSys@@UEAA_NAEBUSKeyboardInputText@libui@5@@Z 00000001800015bc f   plugin_test1.obj
 0001:00000610       ?mouse_event@RTest1_Shell@test1@test@modules@UModSys@@UEAA_NAEBUSMouseInput@libui@5@@Z 0000000180001610 f   plugin_test1.obj
 0001:000006ac       ?command@RTest1_Shell@test1@test@modules@UModSys@@UEAA_NAEBUSController@libui@5@HAEBUSFrameDataIn@75@@Z 00000001800016ac f   plugin_test1.obj
 0001:000006fc       ?db_get@RTest1_Shell@test1@test@modules@UModSys@@UEAA_NAEBUSController@libui@5@QEBDAEBUSFrameDataOut@75@@Z 00000001800016fc f   plugin_test1.obj
 0001:00000760       ?db_get@RTest1_Shell@test1@test@modules@UModSys@@UEAA_NAEBUSController@libui@5@QEBDHAEBUSFrameDataOut@75@@Z 0000000180001760 f   plugin_test1.obj
 0001:000007cc       ?ui_test1@RTest1_Shell@test1@test@modules@UModSys@@QEAAXXZ 00000001800017cc f   plugin_test1.obj
 0001:00001b00       ??1SFrameCreateParameters@libui@UModSys@@QEAA@XZ 0000000180002b00 f i plugin_test1.obj
 0001:00001b24       ?get_generated_names@RGenerator@test1@test@modules@UModSys@@UEBAHAEAUSUniquePtrList@core@5@@Z 0000000180002b24 f i plugin_test1.obj
 0001:00001b44       ?get_generated_types@RGenerator@test1@test@modules@UModSys@@UEBAHAEAUSUniquePtrList@core@5@PEBUSUniquePointerInfo@75@@Z 0000000180002b44 f i plugin_test1.obj
 0001:00001ba0       ?generate@RGenerator@test1@test@modules@UModSys@@UEAA_NAEAU?$TRefObject@UIRefObject@core@UModSys@@U?$TRefObjectFunc@UIRefObject@core@UModSys@@@tl@3@@tl@5@PEBUSUniquePointerInfo@core@5@AEBUSParameters@95@@Z 0000000180002ba0 f i plugin_test1.obj
 0001:00001c64       ?root_get_interface_info@RGenerator@test1@test@modules@UModSys@@UEBAAEBUSUniquePointerInfo@core@5@XZ 0000000180002c64 f i plugin_test1.obj
 0001:00001c6c       ?root_get_interface_type@RGenerator@test1@test@modules@UModSys@@UEBAPEBUSUniquePointerInfo@core@5@XZ 0000000180002c6c f i plugin_test1.obj
 0001:00001c74       ?root_get_other_interface@RGenerator@test1@test@modules@UModSys@@UEAAPEAUIRoot@core@5@PEBUSUniquePointerInfo@75@@Z 0000000180002c74 f i plugin_test1.obj
 0001:00001c74       ?root_get_other_interface@RGenerator@test1@test@modules@UModSys@@UEBAPEBUIRoot@core@5@PEBUSUniquePointerInfo@75@@Z 0000000180002c74 f i plugin_test1.obj
 0001:00001cac       ?root_is_interface_supported@RGenerator@test1@test@modules@UModSys@@UEBA_NPEBUSUniquePointerInfo@core@5@@Z 0000000180002cac f i plugin_test1.obj
 0001:00001ce4       ?get_uid@RGenerator@test1@test@modules@UModSys@@UEBAPEBUSUniquePointerInfo@core@5@XZ 0000000180002ce4 f i plugin_test1.obj
 0001:00001cec       ?do_open@RModuleReg@test1@test@modules@UModSys@@UEAA_NXZ 0000000180002cec f i plugin_test1.obj
 0001:00001d78       ?do_close@RModuleReg@test1@test@modules@UModSys@@UEAA_NXZ 0000000180002d78 f i plugin_test1.obj
 0001:00001de0       ?get_module@RGenerator@test1@test@modules@UModSys@@UEBAPEAUIModule@base@5@XZ 0000000180002de0 f   plugin_test1.obj
 0001:00001de8       ?mod_inc@RGenerator@test1@test@modules@UModSys@@UEBA_NXZ 0000000180002de8 f   plugin_test1.obj
 0001:00001dfc       ?mod_dec@RGenerator@test1@test@modules@UModSys@@UEBA_NXZ 0000000180002dfc f   plugin_test1.obj
 0001:00001e10       ?s_holder@RGenerator@test1@test@modules@UModSys@@SAAEAU?$TTypeStaticHolder@URGenerator@test1@test@modules@UModSys@@@tl@5@XZ 0000000180002e10 f   plugin_test1.obj
 0001:00001e54       ??0?$TString@U?$TSCoreConst@D@su@tl@UModSys@@U?$TComparerBinaryHash@D@234@@tl@UModSys@@QEAA@PEBD@Z 0000000180002e54 f i plugin_test1.obj
 0001:00001ed4       ??4?$TString@U?$TSCoreConst@D@su@tl@UModSys@@U?$TComparerBinaryHash@D@234@@tl@UModSys@@QEAAAEBU012@PEBD@Z 0000000180002ed4 f i plugin_test1.obj
 0001:00001f4c       ?info_release@?$TSCoreShared@USIMemAlloc@core@UModSys@@D@su@tl@UModSys@@QEAAXXZ 0000000180002f4c f i plugin_test1.obj
 0001:00002020       ?info_new@?$TSCoreShared@USIMemAlloc@core@UModSys@@D@su@tl@UModSys@@QEAA_NPEBD_K@Z 0000000180003020 f i plugin_test1.obj
 0001:000020f4       ??$generate_type@UICollector@libui@UModSys@@@RTest1_Shell@test1@test@modules@UModSys@@QEAA?AU?$TRefObject@UICollector@libui@UModSys@@U?$TRefObjectFunc@UICollector@libui@UModSys@@@tl@3@@tl@4@AEBU?$TString@U?$TSCoreConst@D@su@tl@UModSys@@U?$TComparerBinaryHash@D@234@@64@AEBUSParameters@core@4@PEBD@Z 00000001800030f4 f i plugin_test1.obj
 0001:000022f8       ??$generate_type@UITerminal@libui@UModSys@@@RTest1_Shell@test1@test@modules@UModSys@@QEAA?AU?$TRefObject@UITerminal@libui@UModSys@@U?$TRefObjectFunc@UITerminal@libui@UModSys@@@tl@3@@tl@4@AEBU?$TString@U?$TSCoreConst@D@su@tl@UModSys@@U?$TComparerBinaryHash@D@234@@64@AEBUSParameters@core@4@PEBD@Z 00000001800032f8 f i plugin_test1.obj
 0001:000024fc       ??1?$TRefObject@UIModObject@base@UModSys@@U?$TModObjectFunc@UIModObject@base@UModSys@@@tl@3@@tl@UModSys@@QEAA@XZ 00000001800034fc f i plugin_test1.obj
 0001:00002528       ?alloc@SMemShared@core@UModSys@@QEAA_N_KPEAUSSourceContext@23@@Z 0000000180003528 f i umodsys_lib_lib2d:umodsys.mod.2d.stdlib.obj
 0001:000025ac       ?Convert@stdlib@lib2d@modules@UModSys@@YA_NAEBU?$TBoundBox2@H@math3d@4@AEBUSImageInfo@24@AEBUSMem@core@4@01AEBUSCMem@94@@Z 00000001800035ac f i umodsys_lib_lib2d:umodsys.mod.2d.stdlib.obj
 0001:00002700       ?root_get_interface_info@RImage_Memory@stdlib@lib2d@modules@UModSys@@UEBAAEBUSUniquePointerInfo@core@5@XZ 0000000180003700 f i umodsys_lib_lib2d:umodsys.mod.2d.stdlib.obj
 0001:00002708       ?root_get_interface_type@RImage_Memory@stdlib@lib2d@modules@UModSys@@UEBAPEBUSUniquePointerInfo@core@5@XZ 0000000180003708 f i umodsys_lib_lib2d:umodsys.mod.2d.stdlib.obj
 0001:00002710       ?root_get_other_interface@RImage_Memory@stdlib@lib2d@modules@UModSys@@UEBAPEBUIRoot@core@5@PEBUSUniquePointerInfo@75@@Z 0000000180003710 f i umodsys_lib_lib2d:umodsys.mod.2d.stdlib.obj
 0001:00002710       ?root_get_other_interface@RImage_Memory@stdlib@lib2d@modules@UModSys@@UEAAPEAUIRoot@core@5@PEBUSUniquePointerInfo@75@@Z 0000000180003710 f i umodsys_lib_lib2d:umodsys.mod.2d.stdlib.obj
 0001:00002740       ?root_is_interface_supported@RImage_Memory@stdlib@lib2d@modules@UModSys@@UEBA_NPEBUSUniquePointerInfo@core@5@@Z 0000000180003740 f i umodsys_lib_lib2d:umodsys.mod.2d.stdlib.obj
 0001:00002770       ?suicide@RSerializeReader@serialize_json@media@modules@UModSys@@UEAAXXZ 0000000180003770 f i umodsys_lib_libmedia:umodsys.mod.media.serialize_json.obj
 0001:00002770       ?suicide@RImageFactory_Memory@stdlib@lib2d@modules@UModSys@@UEAAXXZ 0000000180003770 f i umodsys_lib_lib2d:umodsys.mod.2d.stdlib.obj
 0001:00002770       ?suicide@RImage_Memory@stdlib@lib2d@modules@UModSys@@UEAAXXZ 0000000180003770 f i umodsys_lib_lib2d:umodsys.mod.2d.stdlib.obj
 0001:00002770       ?suicide@RBinArchiveFrameClient_ZIP@zlib@media@modules@UModSys@@UEAAXXZ 0000000180003770 f i umodsys_lib_libmedia:umodsys.mod.media.zlib.obj
 0001:00002770       ?suicide@RMultiImage@stdlib@lib2d@modules@UModSys@@UEAAXXZ 0000000180003770 f i umodsys_lib_lib2d:umodsys.mod.2d.stdlib.obj
 0001:00002770       ?suicide@RTerminal@SDL_core@ui@modules@UModSys@@UEAAXXZ 0000000180003770 f i umodsys_lib_libui:umodsys.mod.ui.SDL_core.obj
 0001:000027bc       ?root_get_interface_info@RImageFactory_Memory@stdlib@lib2d@modules@UModSys@@UEBAAEBUSUniquePointerInfo@core@5@XZ 00000001800037bc f i umodsys_lib_lib2d:umodsys.mod.2d.stdlib.obj
 0001:000027c4       ?root_get_interface_type@RImageFactory_Memory@stdlib@lib2d@modules@UModSys@@UEBAPEBUSUniquePointerInfo@core@5@XZ 00000001800037c4 f i umodsys_lib_lib2d:umodsys.mod.2d.stdlib.obj
 0001:000027cc       ?root_get_other_interface@RImageFactory_Memory@stdlib@lib2d@modules@UModSys@@UEAAPEAUIRoot@core@5@PEBUSUniquePointerInfo@75@@Z 00000001800037cc f i umodsys_lib_lib2d:umodsys.mod.2d.stdlib.obj
 0001:000027cc       ?root_get_other_interface@RImageFactory_Memory@stdlib@lib2d@modules@UModSys@@UEBAPEBUIRoot@core@5@PEBUSUniquePointerInfo@75@@Z 00000001800037cc f i umodsys_lib_lib2d:umodsys.mod.2d.stdlib.obj
 0001:000027fc       ?root_is_interface_supported@RImageFactory_Memory@stdlib@lib2d@modules@UModSys@@UEBA_NPEBUSUniquePointerInfo@core@5@@Z 00000001800037fc f i umodsys_lib_lib2d:umodsys.mod.2d.stdlib.obj
 0001:0000282c       ?root_get_interface_info@RMultiImage@stdlib@lib2d@modules@UModSys@@UEBAAEBUSUniquePointerInfo@core@5@XZ 000000018000382c f i umodsys_lib_lib2d:umodsys.mod.2d.stdlib.obj
 0001:00002834       ?root_get_interface_type@RMultiImage@stdlib@lib2d@modules@UModSys@@UEBAPEBUSUniquePointerInfo@core@5@XZ 0000000180003834 f i umodsys_lib_lib2d:umodsys.mod.2d.stdlib.obj
 0001:0000283c       ?root_get_other_interface@RMultiImage@stdlib@lib2d@modules@UModSys@@UEAAPEAUIRoot@core@5@PEBUSUniquePointerInfo@75@@Z 000000018000383c f i umodsys_lib_lib2d:umodsys.mod.2d.stdlib.obj
 0001:0000283c       ?root_get_other_interface@RMultiImage@stdlib@lib2d@modules@UModSys@@UEBAPEBUIRoot@core@5@PEBUSUniquePointerInfo@75@@Z 000000018000383c f i umodsys_lib_lib2d:umodsys.mod.2d.stdlib.obj
 0001:0000286c       ?root_is_interface_supported@RMultiImage@stdlib@lib2d@modules@UModSys@@UEBA_NPEBUSUniquePointerInfo@core@5@@Z 000000018000386c f i umodsys_lib_lib2d:umodsys.mod.2d.stdlib.obj
 0001:0000289c       ?ref_weak@RTerminal@SDL_core@ui@modules@UModSys@@UEBA_NAEAUWeakPointer@IRefObject@core@5@@Z 000000018000389c f i umodsys_lib_libui:umodsys.mod.ui.SDL_core.obj
 0001:0000289c       ?ref_weak@RRenderDriver2D@SDL_core@ui@modules@UModSys@@UEBA_NAEAUWeakPointer@IRefObject@core@5@@Z 000000018000389c f i umodsys_lib_libui:umodsys.mod.ui.SDL_core.obj
 0001:0000289c       ?ref_weak@RBinArchiveFrameClient_ZIP@zlib@media@modules@UModSys@@UEBA_NAEAUWeakPointer@IRefObject@core@5@@Z 000000018000389c f i umodsys_lib_libmedia:umodsys.mod.media.zlib.obj
 0001:0000289c       ?ref_weak@RGenerator@test1@test@modules@UModSys@@UEBA_NAEAUWeakPointer@IRefObject@core@5@@Z 000000018000389c f i plugin_test1.obj
 0001:0000289c       ?ref_weak@RImageFactory_Memory@stdlib@lib2d@modules@UModSys@@UEBA_NAEAUWeakPointer@IRefObject@core@5@@Z 000000018000389c f i umodsys_lib_lib2d:umodsys.mod.2d.stdlib.obj
 0001:0000289c       ?ref_weak@RGenerator@images_std@media@modules@UModSys@@UEBA_NAEAUWeakPointer@IRefObject@core@5@@Z 000000018000389c f i umodsys_lib_libmedia:umodsys.mod.media.images_std.obj
 0001:0000289c       ?ref_weak@RMultiImage2D_SDL_ttf@SDL_core@ui@modules@UModSys@@UEBA_NAEAUWeakPointer@IRefObject@core@5@@Z 000000018000389c f i umodsys_lib_libui:umodsys.mod.ui.SDL_core.obj
 0001:0000289c       ?ref_weak@RImage_Memory@stdlib@lib2d@modules@UModSys@@UEBA_NAEAUWeakPointer@IRefObject@core@5@@Z 000000018000389c f i umodsys_lib_lib2d:umodsys.mod.2d.stdlib.obj
 0001:0000289c       ?ref_weak@RGenerator@serialize_json@media@modules@UModSys@@UEBA_NAEAUWeakPointer@IRefObject@core@5@@Z 000000018000389c f i umodsys_lib_libmedia:umodsys.mod.media.serialize_json.obj
 0001:0000289c       ?ref_weak@RMouseController@SDL_core@ui@modules@UModSys@@UEBA_NAEAUWeakPointer@IRefObject@core@5@@Z 000000018000389c f i umodsys_lib_libui:umodsys.mod.ui.SDL_core.obj
 0001:0000289c       ?ref_weak@RSerializeReader@serialize_json@media@modules@UModSys@@UEBA_NAEAUWeakPointer@IRefObject@core@5@@Z 000000018000389c f i umodsys_lib_libmedia:umodsys.mod.media.serialize_json.obj
 0001:0000289c       ?ref_weak@RGenerator@zlib@media@modules@UModSys@@UEBA_NAEAUWeakPointer@IRefObject@core@5@@Z 000000018000389c f i umodsys_lib_libmedia:umodsys.mod.media.zlib.obj
 0001:0000289c       ?ref_weak@RKeyboardController@SDL_core@ui@modules@UModSys@@UEBA_NAEAUWeakPointer@IRefObject@core@5@@Z 000000018000389c f i umodsys_lib_libui:umodsys.mod.ui.SDL_core.obj
 0001:0000289c       ?ref_weak@RGenerator@stdlib@lib2d@modules@UModSys@@UEBA_NAEAUWeakPointer@IRefObject@core@5@@Z 000000018000389c f i umodsys_lib_lib2d:umodsys.mod.2d.stdlib.obj
 0001:0000289c       ?ref_weak@RGenerator@frames@ui@modules@UModSys@@UEBA_NAEAUWeakPointer@IRefObject@core@5@@Z 000000018000389c f i umodsys_lib_libui:umodsys.mod.ui.frames.obj
 0001:0000289c       ?ref_weak@RMultiImage@stdlib@lib2d@modules@UModSys@@UEBA_NAEAUWeakPointer@IRefObject@core@5@@Z 000000018000389c f i umodsys_lib_lib2d:umodsys.mod.2d.stdlib.obj
 0001:0000289c       ?ref_weak@RGenerator@SDL_core@ui@modules@UModSys@@UEBA_NAEAUWeakPointer@IRefObject@core@5@@Z 000000018000389c f i umodsys_lib_libui:umodsys.mod.ui.SDL_core.obj
 0001:0000289c       ?ref_weak@RDialog@frames@ui@modules@UModSys@@UEBA_NAEAUWeakPointer@IRefObject@core@5@@Z 000000018000389c f i umodsys_lib_libui:umodsys.mod.ui.frames.obj
 0001:000028bc       ?get_generated_names@RGenerator@stdlib@lib2d@modules@UModSys@@UEBAHAEAUSUniquePtrList@core@5@@Z 00000001800038bc f i umodsys_lib_lib2d:umodsys.mod.2d.stdlib.obj
 0001:00002900       ?get_generated_types@RGenerator@stdlib@lib2d@modules@UModSys@@UEBAHAEAUSUniquePtrList@core@5@PEBUSUniquePointerInfo@75@@Z 0000000180003900 f i umodsys_lib_lib2d:umodsys.mod.2d.stdlib.obj
 0001:00002994       ?generate@RGenerator@stdlib@lib2d@modules@UModSys@@UEAA_NAEAU?$TRefObject@UIRefObject@core@UModSys@@U?$TRefObjectFunc@UIRefObject@core@UModSys@@@tl@3@@tl@5@PEBUSUniquePointerInfo@core@5@AEBUSParameters@95@@Z 0000000180003994 f i umodsys_lib_lib2d:umodsys.mod.2d.stdlib.obj
 0001:00002ac4       ?root_get_interface_info@RGenerator@stdlib@lib2d@modules@UModSys@@UEBAAEBUSUniquePointerInfo@core@5@XZ 0000000180003ac4 f i umodsys_lib_lib2d:umodsys.mod.2d.stdlib.obj
 0001:00002acc       ?root_get_interface_type@RGenerator@stdlib@lib2d@modules@UModSys@@UEBAPEBUSUniquePointerInfo@core@5@XZ 0000000180003acc f i umodsys_lib_lib2d:umodsys.mod.2d.stdlib.obj
 0001:00002ad4       ?root_get_other_interface@RGenerator@stdlib@lib2d@modules@UModSys@@UEAAPEAUIRoot@core@5@PEBUSUniquePointerInfo@75@@Z 0000000180003ad4 f i umodsys_lib_lib2d:umodsys.mod.2d.stdlib.obj
 0001:00002ad4       ?root_get_other_interface@RGenerator@stdlib@lib2d@modules@UModSys@@UEBAPEBUIRoot@core@5@PEBUSUniquePointerInfo@75@@Z 0000000180003ad4 f i umodsys_lib_lib2d:umodsys.mod.2d.stdlib.obj
 0001:00002b0c       ?root_is_interface_supported@RGenerator@stdlib@lib2d@modules@UModSys@@UEBA_NPEBUSUniquePointerInfo@core@5@@Z 0000000180003b0c f i umodsys_lib_lib2d:umodsys.mod.2d.stdlib.obj
 0001:00002b44       ?get_uid@RGenerator@stdlib@lib2d@modules@UModSys@@UEBAPEBUSUniquePointerInfo@core@5@XZ 0000000180003b44 f i umodsys_lib_lib2d:umodsys.mod.2d.stdlib.obj
 0001:00002b4c       ?set_info@RImage_Memory@stdlib@lib2d@modules@UModSys@@UEAA_NAEBUSImagePatchInfo@35@PEBD@Z 0000000180003b4c f   umodsys_lib_lib2d:umodsys.mod.2d.stdlib.obj
 0001:00002dac       ?set_data@RImage_Memory@stdlib@lib2d@modules@UModSys@@UEAA_NAEBUSImagePatchInfo@35@AEBUSCMem@core@5@H@Z 0000000180003dac f   umodsys_lib_lib2d:umodsys.mod.2d.stdlib.obj
 0001:00002e60       ?get_info@RImage_Memory@stdlib@lib2d@modules@UModSys@@UEBAAEBUSImageInfo@35@XZ 0000000180003e60 f   umodsys_lib_lib2d:umodsys.mod.2d.stdlib.obj
 0001:00002e68       ?get_data@RImage_Memory@stdlib@lib2d@modules@UModSys@@UEBA_NAEBUSImagePatchInfo@35@AEBUSMem@core@5@H@Z 0000000180003e68 f   umodsys_lib_lib2d:umodsys.mod.2d.stdlib.obj
 0001:00002f38       ??0RImage_Memory@stdlib@lib2d@modules@UModSys@@QEAA@PEAUIModObject@base@4@AEBUSParameters@core@4@@Z 0000000180003f38 f   umodsys_lib_lib2d:umodsys.mod.2d.stdlib.obj
 0001:00002fe0       ??_ERImage_Memory@stdlib@lib2d@modules@UModSys@@UEAAPEAXI@Z 0000000180003fe0 f i  CIL library: CIL module
 0001:00002fe0       ??_GRImage_Memory@stdlib@lib2d@modules@UModSys@@UEAAPEAXI@Z 0000000180003fe0 f i umodsys_lib_lib2d:umodsys.mod.2d.stdlib.obj
 0001:00003050       ?get_max_layer_size@RMultiImage2D_SDL_ttf@SDL_core@ui@modules@UModSys@@UEBA?AU?$TVector2@H@math3d@5@XZ 0000000180004050 f   umodsys_lib_libui:umodsys.mod.ui.SDL_core.obj
 0001:00003050       ?get_fixed_cell_size@RMultiImage2D_SDL_ttf@SDL_core@ui@modules@UModSys@@UEBA?AU?$TVector2@H@math3d@5@XZ 0000000180004050 f   umodsys_lib_libui:umodsys.mod.ui.SDL_core.obj
 0001:00003050       ?get_max_cell_size@RMultiImage2D_SDL_ttf@SDL_core@ui@modules@UModSys@@UEBA?AU?$TVector2@H@math3d@5@XZ 0000000180004050 f   umodsys_lib_libui:umodsys.mod.ui.SDL_core.obj
 0001:00003050       ?image_get_maxsize@RImageFactory_Memory@stdlib@lib2d@modules@UModSys@@UEBA?AU?$TVector2@H@math3d@5@XZ 0000000180004050 f   umodsys_lib_lib2d:umodsys.mod.2d.stdlib.obj
 0001:0000305c       ?image_new@RImageFactory_Memory@stdlib@lib2d@modules@UModSys@@UEAA?AU?$TRefObject@UIImage@lib2d@UModSys@@U?$TRefObjectFunc@UIImage@lib2d@UModSys@@@tl@3@@tl@5@XZ 000000018000405c f   umodsys_lib_lib2d:umodsys.mod.2d.stdlib.obj
 0001:000031e0       ??1SParameters@core@UModSys@@QEAA@XZ 00000001800041e0 f i plugin_test1.obj
 0001:000031e0       ??1?$TParametersA@$0BAA@@core@UModSys@@QEAA@XZ 00000001800041e0 f i umodsys_lib_libui:umodsys.mod.ui.SDL_core.obj
 0001:000031e0       ??1?$TParametersA@$0BAL@@core@UModSys@@QEAA@XZ 00000001800041e0 f i umodsys_lib_lib2d:umodsys.mod.2d.stdlib.obj
 0001:000031e0       ??1?$TParametersA@$0EAA@@core@UModSys@@QEAA@XZ 00000001800041e0 f i plugin_test1.obj
 0001:000031fc       ?image_new@RImageFactory_Memory@stdlib@lib2d@modules@UModSys@@UEAA?AU?$TRefObject@UIImage@lib2d@UModSys@@U?$TRefObjectFunc@UIImage@lib2d@UModSys@@@tl@3@@tl@5@AEBUSImagePatchInfo@35@PEBD@Z 00000001800041fc f   umodsys_lib_lib2d:umodsys.mod.2d.stdlib.obj
 0001:000033d0       ?get_max_layer_size@RMultiImage@stdlib@lib2d@modules@UModSys@@UEBA?AU?$TVector2@H@math3d@5@XZ 00000001800043d0 f   umodsys_lib_lib2d:umodsys.mod.2d.stdlib.obj
 0001:000033d0       ?get_max_cell_size@RMultiImage@stdlib@lib2d@modules@UModSys@@UEBA?AU?$TVector2@H@math3d@5@XZ 00000001800043d0 f   umodsys_lib_lib2d:umodsys.mod.2d.stdlib.obj
 0001:000033fc       ?get_fixed_cell_size@RMultiImage@stdlib@lib2d@modules@UModSys@@UEBA?AU?$TVector2@H@math3d@5@XZ 00000001800043fc f   umodsys_lib_lib2d:umodsys.mod.2d.stdlib.obj
 0001:0000341c       ?get_layer_count@RMultiImage@stdlib@lib2d@modules@UModSys@@UEBAGXZ 000000018000441c f   umodsys_lib_lib2d:umodsys.mod.2d.stdlib.obj
 0001:00003430       ?get_layer@RMultiImage@stdlib@lib2d@modules@UModSys@@UEBAPEAUIImage@35@G@Z 0000000180004430 f   umodsys_lib_lib2d:umodsys.mod.2d.stdlib.obj
 0001:00003454       ?get_cell_count@RMultiImage@stdlib@lib2d@modules@UModSys@@UEBAIXZ 0000000180004454 f   umodsys_lib_lib2d:umodsys.mod.2d.stdlib.obj
 0001:00003468       ?get_cell@RMultiImage@stdlib@lib2d@modules@UModSys@@UEBA_NIAEAU?$TVector2@H@math3d@5@PEAU675@PEAG@Z 0000000180004468 f   umodsys_lib_lib2d:umodsys.mod.2d.stdlib.obj
 0001:000034c0       ?get_cell@RMultiImage@stdlib@lib2d@modules@UModSys@@UEBA_NIAEAUSImageCellInfo@35@@Z 00000001800044c0 f   umodsys_lib_lib2d:umodsys.mod.2d.stdlib.obj
 0001:000034f8       ?set_layer_count@RMultiImage@stdlib@lib2d@modules@UModSys@@UEAA_NG@Z 00000001800044f8 f   umodsys_lib_lib2d:umodsys.mod.2d.stdlib.obj
 0001:00003600       ?setup_fixed_cell@RMultiImage@stdlib@lib2d@modules@UModSys@@UEAA_NHH@Z 0000000180004600 f   umodsys_lib_lib2d:umodsys.mod.2d.stdlib.obj
 0001:0000361c       ?setup_variable_cell@RMultiImage@stdlib@lib2d@modules@UModSys@@UEAA_NPEBUSImageCellInfo@35@KK@Z 000000018000461c f   umodsys_lib_lib2d:umodsys.mod.2d.stdlib.obj
 0001:000036c4       ??0RMultiImage@stdlib@lib2d@modules@UModSys@@QEAA@PEAUIModObject@base@4@AEBUSParameters@core@4@@Z 00000001800046c4 f   umodsys_lib_lib2d:umodsys.mod.2d.stdlib.obj
 0001:000037e0       ??_GRMultiImage@stdlib@lib2d@modules@UModSys@@UEAAPEAXI@Z 00000001800047e0 f i umodsys_lib_lib2d:umodsys.mod.2d.stdlib.obj
 0001:000037e0       ??_ERMultiImage@stdlib@lib2d@modules@UModSys@@UEAAPEAXI@Z 00000001800047e0 f i  CIL library: CIL module
 0001:000038b8       ?do_open@RModuleReg@stdlib@lib2d@modules@UModSys@@UEAA_NXZ 00000001800048b8 f i umodsys_lib_lib2d:umodsys.mod.2d.stdlib.obj
 0001:0000392c       ?do_close@RModuleReg@stdlib@lib2d@modules@UModSys@@UEAA_NXZ 000000018000492c f i umodsys_lib_lib2d:umodsys.mod.2d.stdlib.obj
 0001:0000397c       ??_ERModuleReg@stdlib@lib2d@modules@UModSys@@UEAAPEAXI@Z 000000018000497c f i  CIL library: CIL module
 0001:0000397c       ??_GRModuleReg@test1@test@modules@UModSys@@UEAAPEAXI@Z 000000018000497c f i plugin_test1.obj
 0001:0000397c       ??_GRModuleReg@serialize_json@media@modules@UModSys@@UEAAPEAXI@Z 000000018000497c f i umodsys_lib_libmedia:umodsys.mod.media.serialize_json.obj
 0001:0000397c       ??_ERModuleReg@frames@ui@modules@UModSys@@UEAAPEAXI@Z 000000018000497c f i  CIL library: CIL module
 0001:0000397c       ??_EIModuleReg@base@UModSys@@UEAAPEAXI@Z 000000018000497c f i  CIL library: CIL module
 0001:0000397c       ??_GRModuleReg@frames@ui@modules@UModSys@@UEAAPEAXI@Z 000000018000497c f i umodsys_lib_libui:umodsys.mod.ui.frames.obj
 0001:0000397c       ??_GRModuleReg@stdlib@lib2d@modules@UModSys@@UEAAPEAXI@Z 000000018000497c f i umodsys_lib_lib2d:umodsys.mod.2d.stdlib.obj
 0001:0000397c       ??_ERModuleReg@SDL_core@ui@modules@UModSys@@UEAAPEAXI@Z 000000018000497c f i  CIL library: CIL module
 0001:0000397c       ??_ERModuleReg@images_std@media@modules@UModSys@@UEAAPEAXI@Z 000000018000497c f i  CIL library: CIL module
 0001:0000397c       ??_GRModuleReg@images_std@media@modules@UModSys@@UEAAPEAXI@Z 000000018000497c f i umodsys_lib_libmedia:umodsys.mod.media.images_std.obj
 0001:0000397c       ??_GRModuleReg@zlib@media@modules@UModSys@@UEAAPEAXI@Z 000000018000497c f i umodsys_lib_libmedia:umodsys.mod.media.zlib.obj
 0001:0000397c       ??_ERModuleReg@serialize_json@media@modules@UModSys@@UEAAPEAXI@Z 000000018000497c f i  CIL library: CIL module
 0001:0000397c       ??_ERModuleReg@test1@test@modules@UModSys@@UEAAPEAXI@Z 000000018000497c f i  CIL library: CIL module
 0001:0000397c       ??_ERModuleReg@zlib@media@modules@UModSys@@UEAAPEAXI@Z 000000018000497c f i  CIL library: CIL module
 0001:0000397c       ??_GIModuleReg@base@UModSys@@UEAAPEAXI@Z 000000018000497c f i umodsys_lib_base:umodsys.base.modulereg.obj
 0001:0000397c       ??_GRModuleReg@SDL_core@ui@modules@UModSys@@UEAAPEAXI@Z 000000018000497c f i umodsys_lib_libui:umodsys.mod.ui.SDL_core.obj
 0001:000039a4       ?get_module@RGenerator@stdlib@lib2d@modules@UModSys@@UEBAPEAUIModule@base@5@XZ 00000001800049a4 f   umodsys_lib_lib2d:umodsys.mod.2d.stdlib.obj
 0001:000039ac       ?mod_inc@RGenerator@stdlib@lib2d@modules@UModSys@@UEBA_NXZ 00000001800049ac f   umodsys_lib_lib2d:umodsys.mod.2d.stdlib.obj
 0001:000039c0       ?mod_dec@RGenerator@stdlib@lib2d@modules@UModSys@@UEBA_NXZ 00000001800049c0 f   umodsys_lib_lib2d:umodsys.mod.2d.stdlib.obj
 0001:000039d4       ?s_holder@RGenerator@stdlib@lib2d@modules@UModSys@@SAAEAU?$TTypeStaticHolder@URGenerator@stdlib@lib2d@modules@UModSys@@@tl@5@XZ 00000001800049d4 f   umodsys_lib_lib2d:umodsys.mod.2d.stdlib.obj
 0001:00003a18       ??1?$TDynarrayDynamic@USImageCellInfo@lib2d@UModSys@@U?$TAllocator@USIMemAlloc@core@UModSys@@USCountCalcPower2@23@@tl@3@@tl@UModSys@@QEAA@XZ 0000000180004a18 f i umodsys_lib_lib2d:umodsys.mod.2d.stdlib.obj
 0001:00003a20       ?Resize@?$TDynarray@U?$TDynarrayHolderDynamic@USImageCellInfo@lib2d@UModSys@@U?$TAllocator@USIMemAlloc@core@UModSys@@USCountCalcPower2@23@@tl@3@@tl@UModSys@@@tl@UModSys@@QEAA_N_K@Z 0000000180004a20 f i umodsys_lib_lib2d:umodsys.mod.2d.stdlib.obj
 0001:00003ac0       ??1?$TDynarrayDynamic@U?$TRefObject@UIImage@lib2d@UModSys@@U?$TRefObjectFunc@UIImage@lib2d@UModSys@@@tl@3@@tl@UModSys@@U?$TAllocator@USIMemAlloc@core@UModSys@@USCountCalcPower2@23@@23@@tl@UModSys@@QEAA@XZ 0000000180004ac0 f i umodsys_lib_lib2d:umodsys.mod.2d.stdlib.obj
 0001:00003b20       ?Resize@?$TDynarray@U?$TDynarrayHolderDynamic@U?$TRefObject@UIImage@lib2d@UModSys@@U?$TRefObjectFunc@UIImage@lib2d@UModSys@@@tl@3@@tl@UModSys@@U?$TAllocator@USIMemAlloc@core@UModSys@@USCountCalcPower2@23@@23@@tl@UModSys@@@tl@UModSys@@QEAA_N_K@Z 0000000180004b20 f i umodsys_lib_lib2d:umodsys.mod.2d.stdlib.obj
 0001:00003c1c       ??1?$TDynarray@U?$TDynarrayHolderDynamic@USImageCellInfo@lib2d@UModSys@@U?$TAllocator@USIMemAlloc@core@UModSys@@USCountCalcPower2@23@@tl@3@@tl@UModSys@@@tl@UModSys@@QEAA@XZ 0000000180004c1c f i umodsys_lib_lib2d:umodsys.mod.2d.stdlib.obj
 0001:00003ce8       ??$t_gen_param@URImageFactory_Memory@stdlib@lib2d@modules@UModSys@@URGenerator@2345@@IGenerator@base@UModSys@@IEAA_NPEAURGenerator@stdlib@lib2d@modules@2@AEAU?$TRefObject@UIRefObject@core@UModSys@@U?$TRefObjectFunc@UIRefObject@core@UModSys@@@tl@3@@tl@2@PEBUSUniquePointerInfo@core@2@AEBUSParameters@core@2@@Z 0000000180004ce8 f i umodsys_lib_lib2d:umodsys.mod.2d.stdlib.obj
 0001:00003df8       ??$t_gen_param@URMultiImage@stdlib@lib2d@modules@UModSys@@URGenerator@2345@@IGenerator@base@UModSys@@IEAA_NPEAURGenerator@stdlib@lib2d@modules@2@AEAU?$TRefObject@UIRefObject@core@UModSys@@U?$TRefObjectFunc@UIRefObject@core@UModSys@@@tl@3@@tl@2@PEBUSUniquePointerInfo@core@2@AEBUSParameters@core@2@@Z 0000000180004df8 f i umodsys_lib_lib2d:umodsys.mod.2d.stdlib.obj
 0001:00003ef0       ??$ValidateConstruction@UIImage@lib2d@UModSys@@URImage_Memory@stdlib@2modules@3@@core@UModSys@@YA_NAEAU?$TRefObject@UIImage@lib2d@UModSys@@U?$TRefObjectFunc@UIImage@lib2d@UModSys@@@tl@3@@tl@1@PEAURImage_Memory@stdlib@lib2d@modules@1@@Z 0000000180004ef0 f i umodsys_lib_lib2d:umodsys.mod.2d.stdlib.obj
 0001:00003f48       ?root_get_interface_info@RMultiImage2D_SDL_ttf@SDL_core@ui@modules@UModSys@@UEBAAEBUSUniquePointerInfo@core@5@XZ 0000000180004f48 f i umodsys_lib_libui:umodsys.mod.ui.SDL_core.obj
 0001:00003f50       ?root_get_interface_type@RMultiImage2D_SDL_ttf@SDL_core@ui@modules@UModSys@@UEBAPEBUSUniquePointerInfo@core@5@XZ 0000000180004f50 f i umodsys_lib_libui:umodsys.mod.ui.SDL_core.obj
 0001:00003f58       ?root_get_other_interface@RMultiImage2D_SDL_ttf@SDL_core@ui@modules@UModSys@@UEAAPEAUIRoot@core@5@PEBUSUniquePointerInfo@75@@Z 0000000180004f58 f i umodsys_lib_libui:umodsys.mod.ui.SDL_core.obj
 0001:00003f58       ?root_get_other_interface@RMultiImage2D_SDL_ttf@SDL_core@ui@modules@UModSys@@UEBAPEBUIRoot@core@5@PEBUSUniquePointerInfo@75@@Z 0000000180004f58 f i umodsys_lib_libui:umodsys.mod.ui.SDL_core.obj
 0001:00003f88       ?root_is_interface_supported@RMultiImage2D_SDL_ttf@SDL_core@ui@modules@UModSys@@UEBA_NPEBUSUniquePointerInfo@core@5@@Z 0000000180004f88 f i umodsys_lib_libui:umodsys.mod.ui.SDL_core.obj
 0001:00003fb8       ?ref_add@RTerminal@SDL_core@ui@modules@UModSys@@UEBAXXZ 0000000180004fb8 f i umodsys_lib_libui:umodsys.mod.ui.SDL_core.obj
 0001:00003fb8       ?ref_add@RMultiImage@stdlib@lib2d@modules@UModSys@@UEBAXXZ 0000000180004fb8 f i umodsys_lib_lib2d:umodsys.mod.2d.stdlib.obj
 0001:00003fb8       ?ref_add@RDialog@frames@ui@modules@UModSys@@UEBAXXZ 0000000180004fb8 f i umodsys_lib_libui:umodsys.mod.ui.frames.obj
 0001:00003fb8       ?ref_add@RMouseController@SDL_core@ui@modules@UModSys@@UEBAXXZ 0000000180004fb8 f i umodsys_lib_libui:umodsys.mod.ui.SDL_core.obj
 0001:00003fb8       ?ref_add@RGenerator@serialize_json@media@modules@UModSys@@UEBAXXZ 0000000180004fb8 f i umodsys_lib_libmedia:umodsys.mod.media.serialize_json.obj
 0001:00003fb8       ?ref_add@RImage_Memory@stdlib@lib2d@modules@UModSys@@UEBAXXZ 0000000180004fb8 f i umodsys_lib_lib2d:umodsys.mod.2d.stdlib.obj
 0001:00003fb8       ?ref_add@RSerializeReader@serialize_json@media@modules@UModSys@@UEBAXXZ 0000000180004fb8 f i umodsys_lib_libmedia:umodsys.mod.media.serialize_json.obj
 0001:00003fb8       ?ref_add@RMultiImage2D_SDL_ttf@SDL_core@ui@modules@UModSys@@UEBAXXZ 0000000180004fb8 f i umodsys_lib_libui:umodsys.mod.ui.SDL_core.obj
 0001:00003fb8       ?ref_add@RBinArchiveFrameClient_ZIP@zlib@media@modules@UModSys@@UEBAXXZ 0000000180004fb8 f i umodsys_lib_libmedia:umodsys.mod.media.zlib.obj
 0001:00003fb8       ?ref_add@RGenerator@test1@test@modules@UModSys@@UEBAXXZ 0000000180004fb8 f i plugin_test1.obj
 0001:00003fb8       ?ref_add@RGenerator@frames@ui@modules@UModSys@@UEBAXXZ 0000000180004fb8 f i umodsys_lib_libui:umodsys.mod.ui.frames.obj
 0001:00003fb8       ?ref_add@RGenerator@images_std@media@modules@UModSys@@UEBAXXZ 0000000180004fb8 f i umodsys_lib_libmedia:umodsys.mod.media.images_std.obj
 0001:00003fb8       ?ref_add@RGenerator@zlib@media@modules@UModSys@@UEBAXXZ 0000000180004fb8 f i umodsys_lib_libmedia:umodsys.mod.media.zlib.obj
 0001:00003fb8       ?ref_add@RGenerator@SDL_core@ui@modules@UModSys@@UEBAXXZ 0000000180004fb8 f i umodsys_lib_libui:umodsys.mod.ui.SDL_core.obj
 0001:00003fb8       ?ref_add@RKeyboardController@SDL_core@ui@modules@UModSys@@UEBAXXZ 0000000180004fb8 f i umodsys_lib_libui:umodsys.mod.ui.SDL_core.obj
 0001:00003fb8       ?ref_add@RGenerator@stdlib@lib2d@modules@UModSys@@UEBAXXZ 0000000180004fb8 f i umodsys_lib_lib2d:umodsys.mod.2d.stdlib.obj
 0001:00003fb8       ?ref_add@RRenderDriver2D@SDL_core@ui@modules@UModSys@@UEBAXXZ 0000000180004fb8 f i umodsys_lib_libui:umodsys.mod.ui.SDL_core.obj
 0001:00003fb8       ?ref_add@RImageFactory_Memory@stdlib@lib2d@modules@UModSys@@UEBAXXZ 0000000180004fb8 f i umodsys_lib_lib2d:umodsys.mod.2d.stdlib.obj
 0001:00003fbc       ??0RMultiImage2D_SDL_ttf@SDL_core@ui@modules@UModSys@@QEAA@PEAURRenderDriver2D@1234@AEBUSParameters@core@4@@Z 0000000180004fbc f i umodsys_lib_libui:umodsys.mod.ui.SDL_core.obj
 0001:00004100       ?generate_glyphs@RMultiImage2D_SDL_ttf@SDL_core@ui@modules@UModSys@@QEAA_NXZ 0000000180005100 f i umodsys_lib_libui:umodsys.mod.ui.SDL_core.obj
 0001:000042dc       ??_ERMultiImage2D_SDL_ttf@SDL_core@ui@modules@UModSys@@UEAAPEAXI@Z 00000001800052dc f i  CIL library: CIL module
 0001:000042dc       ??_GRMultiImage2D_SDL_ttf@SDL_core@ui@modules@UModSys@@UEAAPEAXI@Z 00000001800052dc f i umodsys_lib_libui:umodsys.mod.ui.SDL_core.obj
 0001:000043a0       ?root_get_interface_info@RRenderDriver2D@SDL_core@ui@modules@UModSys@@UEBAAEBUSUniquePointerInfo@core@5@XZ 00000001800053a0 f i umodsys_lib_libui:umodsys.mod.ui.SDL_core.obj
 0001:000043a8       ?root_get_interface_type@RRenderDriver2D@SDL_core@ui@modules@UModSys@@UEBAPEBUSUniquePointerInfo@core@5@XZ 00000001800053a8 f i umodsys_lib_libui:umodsys.mod.ui.SDL_core.obj
 0001:000043b0       ?root_get_other_interface@RRenderDriver2D@SDL_core@ui@modules@UModSys@@UEBAPEBUIRoot@core@5@PEBUSUniquePointerInfo@75@@Z 00000001800053b0 f i umodsys_lib_libui:umodsys.mod.ui.SDL_core.obj
 0001:000043b0       ?root_get_other_interface@RRenderDriver2D@SDL_core@ui@modules@UModSys@@UEAAPEAUIRoot@core@5@PEBUSUniquePointerInfo@75@@Z 00000001800053b0 f i umodsys_lib_libui:umodsys.mod.ui.SDL_core.obj
 0001:000043e0       ?root_is_interface_supported@RRenderDriver2D@SDL_core@ui@modules@UModSys@@UEBA_NPEBUSUniquePointerInfo@core@5@@Z 00000001800053e0 f i umodsys_lib_libui:umodsys.mod.ui.SDL_core.obj
 0001:00004410       ??0RRenderDriver2D@SDL_core@ui@modules@UModSys@@QEAA@PEAURTerminal@1234@AEBUSParameters@core@4@@Z 0000000180005410 f i umodsys_lib_libui:umodsys.mod.ui.SDL_core.obj
 0001:00004570       ?open@RRenderDriver2D@SDL_core@ui@modules@UModSys@@QEAA_NAEBUSParameters@core@5@@Z 0000000180005570 f i umodsys_lib_libui:umodsys.mod.ui.SDL_core.obj
 0001:00004784       ?set_color@RRenderDriver2D@SDL_core@ui@modules@UModSys@@QEAAXXZ 0000000180005784 f i umodsys_lib_libui:umodsys.mod.ui.SDL_core.obj
 0001:000047f8       ?begin@RRenderDriver2D@SDL_core@ui@modules@UModSys@@UEAAXXZ 00000001800057f8 f i umodsys_lib_libui:umodsys.mod.ui.SDL_core.obj
 0001:00004864       ?end@RRenderDriver2D@SDL_core@ui@modules@UModSys@@UEAAXXZ 0000000180005864 f i umodsys_lib_libui:umodsys.mod.ui.SDL_core.obj
 0001:0000487c       ?get_max_values@RRenderDriver2D@SDL_core@ui@modules@UModSys@@UEBAPEBUSParameters@core@5@XZ 000000018000587c f i umodsys_lib_libui:umodsys.mod.ui.SDL_core.obj
 0001:00004884       ?get_frame_values@RRenderDriver2D@SDL_core@ui@modules@UModSys@@UEBAPEBUSParameters@core@5@XZ 0000000180005884 f i umodsys_lib_libui:umodsys.mod.ui.SDL_core.obj
 0001:0000488c       ?setup_font@RRenderDriver2D@SDL_core@ui@modules@UModSys@@UEAA_NPEAUIMultiImage@lib2d@5@PEBU?$TVector2@M@math3d@5@@Z 000000018000588c f i umodsys_lib_libui:umodsys.mod.ui.SDL_core.obj
 0001:00004950       ?setup_color@RRenderDriver2D@SDL_core@ui@modules@UModSys@@UEAAXAEBU?$TVector3@M@math3d@5@@Z 0000000180005950 f i umodsys_lib_libui:umodsys.mod.ui.SDL_core.obj
 0001:00004978       ?setup_color@RRenderDriver2D@SDL_core@ui@modules@UModSys@@UEAAXAEBU?$TVector3@H@math3d@5@@Z 0000000180005978 f i umodsys_lib_libui:umodsys.mod.ui.SDL_core.obj
 0001:000049c8       ?setup_coloralpha@RRenderDriver2D@SDL_core@ui@modules@UModSys@@UEAAXAEBU?$TVector4@M@math3d@5@H@Z 00000001800059c8 f i umodsys_lib_libui:umodsys.mod.ui.SDL_core.obj
 0001:000049ec       ?setup_coloralpha@RRenderDriver2D@SDL_core@ui@modules@UModSys@@UEAAXAEBU?$TVector4@H@math3d@5@H@Z 00000001800059ec f i umodsys_lib_libui:umodsys.mod.ui.SDL_core.obj
 0001:00004a50       ?setup_blendcolor@RRenderDriver2D@SDL_core@ui@modules@UModSys@@UEAAXAEBUSBlendColor@lib2d@5@@Z 0000000180005a50 f i umodsys_lib_libui:umodsys.mod.ui.SDL_core.obj
 0001:00004ab8       ?setup_blendcolor@RRenderDriver2D@SDL_core@ui@modules@UModSys@@UEAAXAEBUSBlendColorf@lib2d@5@@Z 0000000180005ab8 f i umodsys_lib_libui:umodsys.mod.ui.SDL_core.obj
 0001:00004af8       ?setup_alpha@RRenderDriver2D@SDL_core@ui@modules@UModSys@@UEAAXHH@Z 0000000180005af8 f i umodsys_lib_libui:umodsys.mod.ui.SDL_core.obj
 0001:00004b28       ?setup_alpha@RRenderDriver2D@SDL_core@ui@modules@UModSys@@UEAAXMH@Z 0000000180005b28 f i umodsys_lib_libui:umodsys.mod.ui.SDL_core.obj
 0001:00004b48       ?render_text_advanced@RRenderDriver2D@SDL_core@ui@modules@UModSys@@UEAA_NAEAUTextInfo@IRenderDriver@lib2d@5@PEBHH@Z 0000000180005b48 f i umodsys_lib_libui:umodsys.mod.ui.SDL_core.obj
 0001:00004d2c       ?render_box@RRenderDriver2D@SDL_core@ui@modules@UModSys@@UEAAXAEBU?$TVector2@H@math3d@5@0@Z 0000000180005d2c f i umodsys_lib_libui:umodsys.mod.ui.SDL_core.obj
 0001:00004d6c       ?render_tri@RRenderDriver2D@SDL_core@ui@modules@UModSys@@UEAAXAEBU?$TVector2@H@math3d@5@00@Z 0000000180005d6c f i umodsys_lib_libui:umodsys.mod.ui.SDL_core.obj
 0001:00004de4       ?render_quad@RRenderDriver2D@SDL_core@ui@modules@UModSys@@UEAAXAEBU?$TVector2@H@math3d@5@000@Z 0000000180005de4 f i umodsys_lib_libui:umodsys.mod.ui.SDL_core.obj
 0001:00004e8c       ??3@YAXPEAX0@Z             0000000180005e8c f i plugin_test1.obj
 0001:00004e8c       ?suicide@RGenerator@serialize_json@media@modules@UModSys@@UEAAXXZ 0000000180005e8c f i umodsys_lib_libmedia:umodsys.mod.media.serialize_json.obj
 0001:00004e8c       ?suicide@RGenerator@stdlib@lib2d@modules@UModSys@@UEAAXXZ 0000000180005e8c f i umodsys_lib_lib2d:umodsys.mod.2d.stdlib.obj
 0001:00004e8c       ?suicide@RGenerator@zlib@media@modules@UModSys@@UEAAXXZ 0000000180005e8c f i umodsys_lib_libmedia:umodsys.mod.media.zlib.obj
 0001:00004e8c       ?suicide@RGenerator@images_std@media@modules@UModSys@@UEAAXXZ 0000000180005e8c f i umodsys_lib_libmedia:umodsys.mod.media.images_std.obj
 0001:00004e8c       ?suicide@RGenerator@frames@ui@modules@UModSys@@UEAAXXZ 0000000180005e8c f i umodsys_lib_libui:umodsys.mod.ui.frames.obj
 0001:00004e8c       ?render_box@RRenderDriver2D@SDL_core@ui@modules@UModSys@@UEAAXPEAUIImage@lib2d@5@AEBU?$TVector2@H@math3d@5@1AEBU?$TVector2@M@95@2@Z 0000000180005e8c f i umodsys_lib_libui:umodsys.mod.ui.SDL_core.obj
 0001:00004e8c       ?suicide@RGenerator@test1@test@modules@UModSys@@UEAAXXZ 0000000180005e8c f i plugin_test1.obj
 0001:00004e8c       ?suicide@RGenerator@SDL_core@ui@modules@UModSys@@UEAAXXZ 0000000180005e8c f i umodsys_lib_libui:umodsys.mod.ui.SDL_core.obj
 0001:00004e90       ?render_line@RRenderDriver2D@SDL_core@ui@modules@UModSys@@UEAAXAEBU?$TVector2@H@math3d@5@0@Z 0000000180005e90 f i umodsys_lib_libui:umodsys.mod.ui.SDL_core.obj
 0001:00004eb8       ?render_rect@RRenderDriver2D@SDL_core@ui@modules@UModSys@@UEAAXAEBU?$TVector2@H@math3d@5@0@Z 0000000180005eb8 f i umodsys_lib_libui:umodsys.mod.ui.SDL_core.obj
 0001:00004ef8       ??_ERRenderDriver2D@SDL_core@ui@modules@UModSys@@UEAAPEAXI@Z 0000000180005ef8 f i  CIL library: CIL module
 0001:00004ef8       ??_GRRenderDriver2D@SDL_core@ui@modules@UModSys@@UEAAPEAXI@Z 0000000180005ef8 f i umodsys_lib_libui:umodsys.mod.ui.SDL_core.obj
 0001:00004fdc       ?root_get_interface_info@RMouseController@SDL_core@ui@modules@UModSys@@UEBAAEBUSUniquePointerInfo@core@5@XZ 0000000180005fdc f i umodsys_lib_libui:umodsys.mod.ui.SDL_core.obj
 0001:00004fe4       ?root_get_interface_type@RMouseController@SDL_core@ui@modules@UModSys@@UEBAPEBUSUniquePointerInfo@core@5@XZ 0000000180005fe4 f i umodsys_lib_libui:umodsys.mod.ui.SDL_core.obj
 0001:00004fec       ?root_get_other_interface@RMouseController@SDL_core@ui@modules@UModSys@@UEBAPEBUIRoot@core@5@PEBUSUniquePointerInfo@75@@Z 0000000180005fec f i umodsys_lib_libui:umodsys.mod.ui.SDL_core.obj
 0001:00004fec       ?root_get_other_interface@RMouseController@SDL_core@ui@modules@UModSys@@UEAAPEAUIRoot@core@5@PEBUSUniquePointerInfo@75@@Z 0000000180005fec f i umodsys_lib_libui:umodsys.mod.ui.SDL_core.obj
 0001:0000501c       ?root_is_interface_supported@RMouseController@SDL_core@ui@modules@UModSys@@UEBA_NPEBUSUniquePointerInfo@core@5@@Z 000000018000601c f i umodsys_lib_libui:umodsys.mod.ui.SDL_core.obj
 0001:0000504c       ?process@RMouseController@SDL_core@ui@modules@UModSys@@QEAA_NAEAUSDL_MouseMotionEvent@@@Z 000000018000604c f i umodsys_lib_libui:umodsys.mod.ui.SDL_core.obj
 0001:000051b8       ?process@RMouseController@SDL_core@ui@modules@UModSys@@QEAA_NAEAUSDL_MouseButtonEvent@@@Z 00000001800061b8 f i umodsys_lib_libui:umodsys.mod.ui.SDL_core.obj
 0001:000052e4       ?process@RMouseController@SDL_core@ui@modules@UModSys@@QEAA_NAEAUSDL_MouseWheelEvent@@@Z 00000001800062e4 f i umodsys_lib_libui:umodsys.mod.ui.SDL_core.obj
 0001:000053d4       ?mouse_unlink@RMouseController@SDL_core@ui@modules@UModSys@@UEAA_NH@Z 00000001800063d4 f i umodsys_lib_libui:umodsys.mod.ui.SDL_core.obj
 0001:000053d4       ?key_unlink@RKeyboardController@SDL_core@ui@modules@UModSys@@UEAA_NH@Z 00000001800063d4 f i umodsys_lib_libui:umodsys.mod.ui.SDL_core.obj
 0001:0000542c       ?mouse_link@RMouseController@SDL_core@ui@modules@UModSys@@UEAA_NHPEAUIRefObject@core@5@PEAUIMouseClient@libui@5@H@Z 000000018000642c f i umodsys_lib_libui:umodsys.mod.ui.SDL_core.obj
 0001:0000554c       ??_ERMouseController@SDL_core@ui@modules@UModSys@@UEAAPEAXI@Z 000000018000654c f i  CIL library: CIL module
 0001:0000554c       ??_GRMouseController@SDL_core@ui@modules@UModSys@@UEAAPEAXI@Z 000000018000654c f i umodsys_lib_libui:umodsys.mod.ui.SDL_core.obj
 0001:000055b0       ?root_get_interface_info@RKeyboardController@SDL_core@ui@modules@UModSys@@UEBAAEBUSUniquePointerInfo@core@5@XZ 00000001800065b0 f i umodsys_lib_libui:umodsys.mod.ui.SDL_core.obj
 0001:000055b8       ?root_get_interface_type@RKeyboardController@SDL_core@ui@modules@UModSys@@UEBAPEBUSUniquePointerInfo@core@5@XZ 00000001800065b8 f i umodsys_lib_libui:umodsys.mod.ui.SDL_core.obj
 0001:000055c0       ?root_get_other_interface@RKeyboardController@SDL_core@ui@modules@UModSys@@UEAAPEAUIRoot@core@5@PEBUSUniquePointerInfo@75@@Z 00000001800065c0 f i umodsys_lib_libui:umodsys.mod.ui.SDL_core.obj
 0001:000055c0       ?root_get_other_interface@RKeyboardController@SDL_core@ui@modules@UModSys@@UEBAPEBUIRoot@core@5@PEBUSUniquePointerInfo@75@@Z 00000001800065c0 f i umodsys_lib_libui:umodsys.mod.ui.SDL_core.obj
 0001:000055f0       ?root_is_interface_supported@RKeyboardController@SDL_core@ui@modules@UModSys@@UEBA_NPEBUSUniquePointerInfo@core@5@@Z 00000001800065f0 f i umodsys_lib_libui:umodsys.mod.ui.SDL_core.obj
 0001:00005620       ?suicide@RRenderDriver2D@SDL_core@ui@modules@UModSys@@UEAAXXZ 0000000180006620 f i umodsys_lib_libui:umodsys.mod.ui.SDL_core.obj
 0001:00005620       ?suicide@RMouseController@SDL_core@ui@modules@UModSys@@UEAAXXZ 0000000180006620 f i umodsys_lib_libui:umodsys.mod.ui.SDL_core.obj
 0001:00005620       ?suicide@RMultiImage2D_SDL_ttf@SDL_core@ui@modules@UModSys@@UEAAXXZ 0000000180006620 f i umodsys_lib_libui:umodsys.mod.ui.SDL_core.obj
 0001:00005620       ?suicide@RKeyboardController@SDL_core@ui@modules@UModSys@@UEAAXXZ 0000000180006620 f i umodsys_lib_libui:umodsys.mod.ui.SDL_core.obj
 0001:00005620       ?suicide@RDialog@frames@ui@modules@UModSys@@UEAAXXZ 0000000180006620 f i umodsys_lib_libui:umodsys.mod.ui.frames.obj
 0001:00005664       ?process@RKeyboardController@SDL_core@ui@modules@UModSys@@QEAA_NAEAUSDL_KeyboardEvent@@@Z 0000000180006664 f i umodsys_lib_libui:umodsys.mod.ui.SDL_core.obj
 0001:000057e0       ?map_keycode@RKeyboardController@SDL_core@ui@modules@UModSys@@QEAA?AW4eKeyCode@libui@5@H@Z 00000001800067e0 f i umodsys_lib_libui:umodsys.mod.ui.SDL_core.obj
 0001:00005d08       ?key_link@RKeyboardController@SDL_core@ui@modules@UModSys@@UEAA_NHPEAUIRefObject@core@5@PEAUIKeyboardClient@libui@5@@Z 0000000180006d08 f i umodsys_lib_libui:umodsys.mod.ui.SDL_core.obj
 0001:00005e14       ?key_setvisible@RKeyboardController@SDL_core@ui@modules@UModSys@@UEAA_N_N@Z 0000000180006e14 f i umodsys_lib_libui:umodsys.mod.ui.SDL_core.obj
 0001:00005e30       ??_GRKeyboardController@SDL_core@ui@modules@UModSys@@UEAAPEAXI@Z 0000000180006e30 f i umodsys_lib_libui:umodsys.mod.ui.SDL_core.obj
 0001:00005e30       ??_ERKeyboardController@SDL_core@ui@modules@UModSys@@UEAAPEAXI@Z 0000000180006e30 f i  CIL library: CIL module
 0001:00005e94       ?root_get_interface_info@RTerminal@SDL_core@ui@modules@UModSys@@UEBAAEBUSUniquePointerInfo@core@5@XZ 0000000180006e94 f i umodsys_lib_libui:umodsys.mod.ui.SDL_core.obj
 0001:00005e9c       ?root_get_interface_type@RTerminal@SDL_core@ui@modules@UModSys@@UEBAPEBUSUniquePointerInfo@core@5@XZ 0000000180006e9c f i umodsys_lib_libui:umodsys.mod.ui.SDL_core.obj
 0001:00005ea4       ?root_get_other_interface@RTerminal@SDL_core@ui@modules@UModSys@@UEAAPEAUIRoot@core@5@PEBUSUniquePointerInfo@75@@Z 0000000180006ea4 f i umodsys_lib_libui:umodsys.mod.ui.SDL_core.obj
 0001:00005ea4       ?root_get_other_interface@RTerminal@SDL_core@ui@modules@UModSys@@UEBAPEBUIRoot@core@5@PEBUSUniquePointerInfo@75@@Z 0000000180006ea4 f i umodsys_lib_libui:umodsys.mod.ui.SDL_core.obj
 0001:00005ed4       ?root_is_interface_supported@RTerminal@SDL_core@ui@modules@UModSys@@UEBA_NPEBUSUniquePointerInfo@core@5@@Z 0000000180006ed4 f i umodsys_lib_libui:umodsys.mod.ui.SDL_core.obj
 0001:00005f04       ?poll_events@RTerminal@SDL_core@ui@modules@UModSys@@UEAA_NH@Z 0000000180006f04 f i umodsys_lib_libui:umodsys.mod.ui.SDL_core.obj
 0001:000060fc       ?get_terminal_state@RTerminal@SDL_core@ui@modules@UModSys@@UEAA_NW4eTerminalState@libui@5@@Z 00000001800070fc f i umodsys_lib_libui:umodsys.mod.ui.SDL_core.obj
 0001:00006108       ?set_terminal_state@RTerminal@SDL_core@ui@modules@UModSys@@UEAA_NW4eTerminalState@libui@5@_N@Z 0000000180007108 f i umodsys_lib_libui:umodsys.mod.ui.SDL_core.obj
 0001:0000622c       ?get_clock@RTerminal@SDL_core@ui@modules@UModSys@@UEAANXZ 000000018000722c f i umodsys_lib_libui:umodsys.mod.ui.SDL_core.obj
 0001:00006248       ?wait@RTerminal@SDL_core@ui@modules@UModSys@@UEAA_NM@Z 0000000180007248 f i umodsys_lib_libui:umodsys.mod.ui.SDL_core.obj
 0001:00006268       ?get_count@RTerminal@SDL_core@ui@modules@UModSys@@UEBA_KPEBUSUniquePointerInfo@core@5@@Z 0000000180007268 f i umodsys_lib_libui:umodsys.mod.ui.SDL_core.obj
 0001:000062fc       ?get_handler@RTerminal@SDL_core@ui@modules@UModSys@@UEBAPEAUIRefObject@core@5@PEBUSUniquePointerInfo@75@_K@Z 00000001800072fc f i umodsys_lib_libui:umodsys.mod.ui.SDL_core.obj
 0001:0000639c       ?create_handler@RTerminal@SDL_core@ui@modules@UModSys@@UEAA_NPEBUSUniquePointerInfo@core@5@AEAU?$TRefObject@UIRefObject@core@UModSys@@U?$TRefObjectFunc@UIRefObject@core@UModSys@@@tl@3@@tl@5@PEBDPEBUSParameters@75@@Z 000000018000739c f i umodsys_lib_libui:umodsys.mod.ui.SDL_core.obj
 0001:00006784       ??_ERTerminal@SDL_core@ui@modules@UModSys@@UEAAPEAXI@Z 0000000180007784 f i  CIL library: CIL module
 0001:00006784       ??_GRTerminal@SDL_core@ui@modules@UModSys@@UEAAPEAXI@Z 0000000180007784 f i umodsys_lib_libui:umodsys.mod.ui.SDL_core.obj
 0001:00006854       ?get_terminal@RRenderDriver2D@SDL_core@ui@modules@UModSys@@UEBAPEAUITerminal@libui@5@XZ 0000000180007854 f   umodsys_lib_libui:umodsys.mod.ui.SDL_core.obj
 0001:0000685c       ?new_font@RRenderDriver2D@SDL_core@ui@modules@UModSys@@UEAA?AU?$TRefObject@UIMultiImage@lib2d@UModSys@@U?$TRefObjectFunc@UIMultiImage@lib2d@UModSys@@@tl@3@@tl@5@AEBUSParameters@core@5@AEBU?$TString@U?$TSCoreConst@D@su@tl@UModSys@@U?$TComparerBinaryHash@D@234@@75@@Z 000000018000785c f   umodsys_lib_libui:umodsys.mod.ui.SDL_core.obj
 0001:00006964       ?get_generated_names@RGenerator@SDL_core@ui@modules@UModSys@@UEBAHAEAUSUniquePtrList@core@5@@Z 0000000180007964 f i umodsys_lib_libui:umodsys.mod.ui.SDL_core.obj
 0001:00006984       ?get_generated_types@RGenerator@SDL_core@ui@modules@UModSys@@UEBAHAEAUSUniquePtrList@core@5@PEBUSUniquePointerInfo@75@@Z 0000000180007984 f i umodsys_lib_libui:umodsys.mod.ui.SDL_core.obj
 0001:000069dc       ?generate@RGenerator@SDL_core@ui@modules@UModSys@@UEAA_NAEAU?$TRefObject@UIRefObject@core@UModSys@@U?$TRefObjectFunc@UIRefObject@core@UModSys@@@tl@3@@tl@5@PEBUSUniquePointerInfo@core@5@AEBUSParameters@95@@Z 00000001800079dc f i umodsys_lib_libui:umodsys.mod.ui.SDL_core.obj
 0001:00006b20       ?root_get_interface_info@RGenerator@SDL_core@ui@modules@UModSys@@UEBAAEBUSUniquePointerInfo@core@5@XZ 0000000180007b20 f i umodsys_lib_libui:umodsys.mod.ui.SDL_core.obj
 0001:00006b28       ?root_get_interface_type@RGenerator@SDL_core@ui@modules@UModSys@@UEBAPEBUSUniquePointerInfo@core@5@XZ 0000000180007b28 f i umodsys_lib_libui:umodsys.mod.ui.SDL_core.obj
 0001:00006b30       ?root_get_other_interface@RGenerator@SDL_core@ui@modules@UModSys@@UEAAPEAUIRoot@core@5@PEBUSUniquePointerInfo@75@@Z 0000000180007b30 f i umodsys_lib_libui:umodsys.mod.ui.SDL_core.obj
 0001:00006b30       ?root_get_other_interface@RGenerator@SDL_core@ui@modules@UModSys@@UEBAPEBUIRoot@core@5@PEBUSUniquePointerInfo@75@@Z 0000000180007b30 f i umodsys_lib_libui:umodsys.mod.ui.SDL_core.obj
 0001:00006b68       ?root_is_interface_supported@RGenerator@SDL_core@ui@modules@UModSys@@UEBA_NPEBUSUniquePointerInfo@core@5@@Z 0000000180007b68 f i umodsys_lib_libui:umodsys.mod.ui.SDL_core.obj
 0001:00006ba0       ?get_uid@RGenerator@SDL_core@ui@modules@UModSys@@UEBAPEBUSUniquePointerInfo@core@5@XZ 0000000180007ba0 f i umodsys_lib_libui:umodsys.mod.ui.SDL_core.obj
 0001:00006ba8       ?do_open@RModuleReg@SDL_core@ui@modules@UModSys@@UEAA_NXZ 0000000180007ba8 f i umodsys_lib_libui:umodsys.mod.ui.SDL_core.obj
 0001:00006c1c       ?do_close@RModuleReg@SDL_core@ui@modules@UModSys@@UEAA_NXZ 0000000180007c1c f i umodsys_lib_libui:umodsys.mod.ui.SDL_core.obj
 0001:00006c6c       ?get_module@RGenerator@SDL_core@ui@modules@UModSys@@UEBAPEAUIModule@base@5@XZ 0000000180007c6c f   umodsys_lib_libui:umodsys.mod.ui.SDL_core.obj
 0001:00006c74       ?mod_inc@RGenerator@SDL_core@ui@modules@UModSys@@UEBA_NXZ 0000000180007c74 f   umodsys_lib_libui:umodsys.mod.ui.SDL_core.obj
 0001:00006c88       ?mod_dec@RGenerator@SDL_core@ui@modules@UModSys@@UEBA_NXZ 0000000180007c88 f   umodsys_lib_libui:umodsys.mod.ui.SDL_core.obj
 0001:00006c9c       ?s_holder@RGenerator@SDL_core@ui@modules@UModSys@@SAAEAU?$TTypeStaticHolder@URGenerator@SDL_core@ui@modules@UModSys@@@tl@5@XZ 0000000180007c9c f   umodsys_lib_libui:umodsys.mod.ui.SDL_core.obj
 0001:00006ce0       ??1?$TScatterArray@UGlyph@RMultiImage2D_SDL_ttf@SDL_core@ui@modules@UModSys@@HU?$TScalarCompare@H@core@6@U?$TNodeDeleter0@U?$TScatterArrayNode@UGlyph@RMultiImage2D_SDL_ttf@SDL_core@ui@modules@UModSys@@H@tl@UModSys@@@tl@6@@tl@UModSys@@QEAA@XZ 0000000180007ce0 f i umodsys_lib_libui:umodsys.mod.ui.SDL_core.obj
 0001:00006d5c       ??1?$TRefObject@URMultiImage2D_SDL_ttf@SDL_core@ui@modules@UModSys@@U?$TRefObjectWeakFunc@URMultiImage2D_SDL_ttf@SDL_core@ui@modules@UModSys@@@tl@5@@tl@UModSys@@QEAA@XZ 0000000180007d5c f i umodsys_lib_libui:umodsys.mod.ui.SDL_core.obj
 0001:00006d5c       ??1?$TRefObject@URRenderDriver2D@SDL_core@ui@modules@UModSys@@U?$TRefObjectWeakFunc@URRenderDriver2D@SDL_core@ui@modules@UModSys@@@tl@5@@tl@UModSys@@QEAA@XZ 0000000180007d5c f i umodsys_lib_libui:umodsys.mod.ui.SDL_core.obj
 0001:00006d90       ??1?$TRefObject@UIUtilities@libmedia@UModSys@@U?$TRefObjectFunc@UIUtilities@libmedia@UModSys@@@tl@3@@tl@UModSys@@QEAA@XZ 0000000180007d90 f i plugin_test1.obj
 0001:00006d90       ??1?$TRefObject@URFrame_Common@frames@ui@modules@UModSys@@U?$TRefObjectFunc@URFrame_Common@frames@ui@modules@UModSys@@@tl@5@@tl@UModSys@@QEAA@XZ 0000000180007d90 f i umodsys_lib_libui:umodsys.mod.ui.frames.obj
 0001:00006d90       ??1?$TRefObject@URKeyboardController@SDL_core@ui@modules@UModSys@@U?$TRefObjectFunc@URKeyboardController@SDL_core@ui@modules@UModSys@@@tl@5@@tl@UModSys@@QEAA@XZ 0000000180007d90 f i umodsys_lib_libui:umodsys.mod.ui.SDL_core.obj
 0001:00006d90       ??1?$TRefObject@URDialog@frames@ui@modules@UModSys@@U?$TRefObjectFunc@URDialog@frames@ui@modules@UModSys@@@tl@5@@tl@UModSys@@QEAA@XZ 0000000180007d90 f i umodsys_lib_libui:umodsys.mod.ui.frames.obj
 0001:00006d90       ??1?$TRefObject@URMultiImage@stdlib@lib2d@modules@UModSys@@U?$TRefObjectFunc@URMultiImage@stdlib@lib2d@modules@UModSys@@@tl@5@@tl@UModSys@@QEAA@XZ 0000000180007d90 f i umodsys_lib_lib2d:umodsys.mod.2d.stdlib.obj
 0001:00006d90       ??1?$TRefObject@URImage_Memory@stdlib@lib2d@modules@UModSys@@U?$TRefObjectFunc@URImage_Memory@stdlib@lib2d@modules@UModSys@@@tl@5@@tl@UModSys@@QEAA@XZ 0000000180007d90 f i umodsys_lib_lib2d:umodsys.mod.2d.stdlib.obj
 0001:00006d90       ??1?$TRefObject@UICollector@libui@UModSys@@U?$TRefObjectFunc@UICollector@libui@UModSys@@@tl@3@@tl@UModSys@@QEAA@XZ 0000000180007d90 f i plugin_test1.obj
 0001:00006d90       ??1?$TRefObject@URSerializeWriter@serialize_json@media@modules@UModSys@@U?$TRefObjectFunc@URSerializeWriter@serialize_json@media@modules@UModSys@@@tl@5@@tl@UModSys@@QEAA@XZ 0000000180007d90 f i umodsys_lib_libmedia:umodsys.mod.media.serialize_json.obj
 0001:00006d90       ??1?$TRefObject@UITerminal@libui@UModSys@@U?$TRefObjectFunc@UITerminal@libui@UModSys@@@tl@3@@tl@UModSys@@QEAA@XZ 0000000180007d90 f i plugin_test1.obj
 0001:00006d90       ??1?$TRefObject@URBinArchiveFrameClient_ZIP@zlib@media@modules@UModSys@@U?$TRefObjectFunc@URBinArchiveFrameClient_ZIP@zlib@media@modules@UModSys@@@tl@5@@tl@UModSys@@QEAA@XZ 0000000180007d90 f i umodsys_lib_libmedia:umodsys.mod.media.zlib.obj
 0001:00006d90       ??1?$TRefObject@URImageFactory_Memory@stdlib@lib2d@modules@UModSys@@U?$TRefObjectFunc@URImageFactory_Memory@stdlib@lib2d@modules@UModSys@@@tl@5@@tl@UModSys@@QEAA@XZ 0000000180007d90 f i umodsys_lib_lib2d:umodsys.mod.2d.stdlib.obj
 0001:00006d90       ??1?$TRefObject@URRenderDriver2D@SDL_core@ui@modules@UModSys@@U?$TRefObjectFunc@URRenderDriver2D@SDL_core@ui@modules@UModSys@@@tl@5@@tl@UModSys@@QEAA@XZ 0000000180007d90 f i umodsys_lib_libui:umodsys.mod.ui.SDL_core.obj
 0001:00006d90       ??1?$TRefObject@UIKeyboardController@libui@UModSys@@U?$TRefObjectFunc@UIKeyboardController@libui@UModSys@@@tl@3@@tl@UModSys@@QEAA@XZ 0000000180007d90 f i plugin_test1.obj
 0001:00006d90       ??1?$TRefObject@UIImageFactory@lib2d@UModSys@@U?$TRefObjectFunc@UIImageFactory@lib2d@UModSys@@@tl@3@@tl@UModSys@@QEAA@XZ 0000000180007d90 f i plugin_test1.obj
 0001:00006d90       ??1?$TRefObject@URCollector@frames@ui@modules@UModSys@@U?$TRefObjectFunc@URCollector@frames@ui@modules@UModSys@@@tl@5@@tl@UModSys@@QEAA@XZ 0000000180007d90 f i umodsys_lib_libui:umodsys.mod.ui.frames.obj
 0001:00006d90       ??1?$TRefObject@URMediaFilter@images_std@media@modules@UModSys@@U?$TRefObjectFunc@URMediaFilter@images_std@media@modules@UModSys@@@tl@5@@tl@UModSys@@QEAA@XZ 0000000180007d90 f i umodsys_lib_libmedia:umodsys.mod.media.images_std.obj
 0001:00006d90       ??1?$TRefObject@URMultiImage2D_SDL_ttf@SDL_core@ui@modules@UModSys@@U?$TRefObjectFunc@URMultiImage2D_SDL_ttf@SDL_core@ui@modules@UModSys@@@tl@5@@tl@UModSys@@QEAA@XZ 0000000180007d90 f i umodsys_lib_libui:umodsys.mod.ui.SDL_core.obj
 0001:00006d90       ??1?$TRefObject@UIRenderDriver@lib2d@UModSys@@U?$TRefObjectFunc@UIRenderDriver@lib2d@UModSys@@@tl@3@@tl@UModSys@@QEAA@XZ 0000000180007d90 f i plugin_test1.obj
 0001:00006d90       ??1?$TRefObject@UIStreamReader@libmedia@UModSys@@U?$TRefObjectFunc@UIStreamReader@libmedia@UModSys@@@tl@3@@tl@UModSys@@QEAA@XZ 0000000180007d90 f i plugin_test1.obj
 0001:00006d90       ??1?$TRefObject@UIImage@lib2d@UModSys@@U?$TRefObjectFunc@UIImage@lib2d@UModSys@@@tl@3@@tl@UModSys@@QEAA@XZ 0000000180007d90 f i plugin_test1.obj
 0001:00006d90       ??1?$TRefObject@URTerminal@SDL_core@ui@modules@UModSys@@U?$TRefObjectFunc@URTerminal@SDL_core@ui@modules@UModSys@@@tl@5@@tl@UModSys@@QEAA@XZ 0000000180007d90 f i umodsys_lib_libui:umodsys.mod.ui.SDL_core.obj
 0001:00006d90       ??1?$TRefObject@UIStreamWriter@libmedia@UModSys@@U?$TRefObjectFunc@UIStreamWriter@libmedia@UModSys@@@tl@3@@tl@UModSys@@QEAA@XZ 0000000180007d90 f i plugin_test1.obj
 0001:00006d90       ??1?$TRefObject@UIRefObject@core@UModSys@@U?$TRefObjectFunc@UIRefObject@core@UModSys@@@tl@3@@tl@UModSys@@QEAA@XZ 0000000180007d90 f i plugin_test1.obj
 0001:00006d90       ??1?$TRefObject@URMouseController@SDL_core@ui@modules@UModSys@@U?$TRefObjectFunc@URMouseController@SDL_core@ui@modules@UModSys@@@tl@5@@tl@UModSys@@QEAA@XZ 0000000180007d90 f i umodsys_lib_libui:umodsys.mod.ui.SDL_core.obj
 0001:00006d90       ??1?$TRefObject@UIMultiImage@lib2d@UModSys@@U?$TRefObjectFunc@UIMultiImage@lib2d@UModSys@@@tl@3@@tl@UModSys@@QEAA@XZ 0000000180007d90 f i plugin_test1.obj
 0001:00006d90       ??1?$TRefObject@UIMouseController@libui@UModSys@@U?$TRefObjectFunc@UIMouseController@libui@UModSys@@@tl@3@@tl@UModSys@@QEAA@XZ 0000000180007d90 f i plugin_test1.obj
 0001:00006d90       ??1?$TRefObject@URSerializeReader@serialize_json@media@modules@UModSys@@U?$TRefObjectFunc@URSerializeReader@serialize_json@media@modules@UModSys@@@tl@5@@tl@UModSys@@QEAA@XZ 0000000180007d90 f i umodsys_lib_libmedia:umodsys.mod.media.serialize_json.obj
 0001:00006d90       ??1?$TRefObject@UIFrame@libui@UModSys@@U?$TRefObjectFunc@UIFrame@libui@UModSys@@@tl@3@@tl@UModSys@@QEAA@XZ 0000000180007d90 f i umodsys_lib_libui:umodsys.mod.ui.frames.obj
 0001:00006db4       ?delete_node@?$TTreeHoldRBD@U?$TScatterArrayNode@U?$TRefObjectComposite@UIKeyboardClient@libui@UModSys@@UIRefObject@core@3@U?$TRefObjectFunc@UIRefObject@core@UModSys@@@tl@3@@tl@UModSys@@H@tl@UModSys@@U?$TNodeDeleter0@U?$TScatterArrayNode@U?$TRefObjectComposite@UIKeyboardClient@libui@UModSys@@UIRefObject@core@3@U?$TRefObjectFunc@UIRefObject@core@UModSys@@@tl@3@@tl@UModSys@@H@tl@UModSys@@@23@@tl@UModSys@@QEAAXPEAU?$TScatterArrayNode@U?$TRefObjectComposite@UIKeyboardClient@libui@UModSys@@UIRefObject@core@3@U?$TRefObjectFunc@UIRefObject@core@UModSys@@@tl@3@@tl@UModSys@@H@23@@Z 0000000180007db4 f i umodsys_lib_libui:umodsys.mod.ui.SDL_core.obj
 0001:00006db4       ?delete_node@?$TTreeHoldRBD@U?$TScatterArrayNode@U?$TRefObjectCompositeExtra@UIMouseClient@libui@UModSys@@HUIRefObject@core@3@U?$TRefObjectFunc@UIRefObject@core@UModSys@@@tl@3@@tl@UModSys@@H@tl@UModSys@@U?$TNodeDeleter0@U?$TScatterArrayNode@U?$TRefObjectCompositeExtra@UIMouseClient@libui@UModSys@@HUIRefObject@core@3@U?$TRefObjectFunc@UIRefObject@core@UModSys@@@tl@3@@tl@UModSys@@H@tl@UModSys@@@23@@tl@UModSys@@QEAAXPEAU?$TScatterArrayNode@U?$TRefObjectCompositeExtra@UIMouseClient@libui@UModSys@@HUIRefObject@core@3@U?$TRefObjectFunc@UIRefObject@core@UModSys@@@tl@3@@tl@UModSys@@H@23@@Z 0000000180007db4 f i umodsys_lib_libui:umodsys.mod.ui.SDL_core.obj
 0001:00006f1c       ??_GRImageFactory_Memory@stdlib@lib2d@modules@UModSys@@UEAAPEAXI@Z 0000000180007f1c f i umodsys_lib_lib2d:umodsys.mod.2d.stdlib.obj
 0001:00006f1c       ??_GRGenerator@images_std@media@modules@UModSys@@UEAAPEAXI@Z 0000000180007f1c f i umodsys_lib_libmedia:umodsys.mod.media.images_std.obj
 0001:00006f1c       ??_GRGenerator@SDL_core@ui@modules@UModSys@@UEAAPEAXI@Z 0000000180007f1c f i umodsys_lib_libui:umodsys.mod.ui.SDL_core.obj
 0001:00006f1c       ??_GRGenerator@serialize_json@media@modules@UModSys@@UEAAPEAXI@Z 0000000180007f1c f i umodsys_lib_libmedia:umodsys.mod.media.serialize_json.obj
 0001:00006f1c       ??_ERGenerator@stdlib@lib2d@modules@UModSys@@UEAAPEAXI@Z 0000000180007f1c f i  CIL library: CIL module
 0001:00006f1c       ??_ERGenerator@test1@test@modules@UModSys@@UEAAPEAXI@Z 0000000180007f1c f i  CIL library: CIL module
 0001:00006f1c       ??_ERBinArchiveFrameClient_ZIP@zlib@media@modules@UModSys@@UEAAPEAXI@Z 0000000180007f1c f i  CIL library: CIL module
 0001:00006f1c       ??_ERGenerator@SDL_core@ui@modules@UModSys@@UEAAPEAXI@Z 0000000180007f1c f i  CIL library: CIL module
 0001:00006f1c       ??_GRBinArchiveFrameClient_ZIP@zlib@media@modules@UModSys@@UEAAPEAXI@Z 0000000180007f1c f i umodsys_lib_libmedia:umodsys.mod.media.zlib.obj
 0001:00006f1c       ??_GRGenerator@zlib@media@modules@UModSys@@UEAAPEAXI@Z 0000000180007f1c f i umodsys_lib_libmedia:umodsys.mod.media.zlib.obj
 0001:00006f1c       ??_EIRoot@core@UModSys@@UEAAPEAXI@Z 0000000180007f1c f i  CIL library: CIL module
 0001:00006f1c       ??_GRGenerator@test1@test@modules@UModSys@@UEAAPEAXI@Z 0000000180007f1c f i plugin_test1.obj
 0001:00006f1c       ??_GIRoot@core@UModSys@@UEAAPEAXI@Z 0000000180007f1c f i plugin_test1.obj
 0001:00006f1c       ??_ERGenerator@serialize_json@media@modules@UModSys@@UEAAPEAXI@Z 0000000180007f1c f i  CIL library: CIL module
 0001:00006f1c       ??_ERGenerator@images_std@media@modules@UModSys@@UEAAPEAXI@Z 0000000180007f1c f i  CIL library: CIL module
 0001:00006f1c       ??_ERGenerator@frames@ui@modules@UModSys@@UEAAPEAXI@Z 0000000180007f1c f i  CIL library: CIL module
 0001:00006f1c       ??_GRGenerator@frames@ui@modules@UModSys@@UEAAPEAXI@Z 0000000180007f1c f i umodsys_lib_libui:umodsys.mod.ui.frames.obj
 0001:00006f1c       ??_GRGenerator@stdlib@lib2d@modules@UModSys@@UEAAPEAXI@Z 0000000180007f1c f i umodsys_lib_lib2d:umodsys.mod.2d.stdlib.obj
 0001:00006f1c       ??_ERGenerator@zlib@media@modules@UModSys@@UEAAPEAXI@Z 0000000180007f1c f i  CIL library: CIL module
 0001:00006f1c       ??_ERImageFactory_Memory@stdlib@lib2d@modules@UModSys@@UEAAPEAXI@Z 0000000180007f1c f i  CIL library: CIL module
 0001:00006f44       ??1?$TPair@HU?$TRefObjectCompositeExtra@UIMouseClient@libui@UModSys@@HUIRefObject@core@3@U?$TRefObjectFunc@UIRefObject@core@UModSys@@@tl@3@@tl@UModSys@@@tl@UModSys@@QEAA@XZ 0000000180007f44 f i umodsys_lib_libui:umodsys.mod.ui.SDL_core.obj
 0001:00006f44       ??1?$TPair@HU?$TRefObjectComposite@UIKeyboardClient@libui@UModSys@@UIRefObject@core@3@U?$TRefObjectFunc@UIRefObject@core@UModSys@@@tl@3@@tl@UModSys@@@tl@UModSys@@QEAA@XZ 0000000180007f44 f i umodsys_lib_libui:umodsys.mod.ui.SDL_core.obj
 0001:00006f8c       ??1?$TRefObjectComposite@UIKeyboardClient@libui@UModSys@@UIRefObject@core@3@U?$TRefObjectFunc@UIRefObject@core@UModSys@@@tl@3@@tl@UModSys@@QEAA@XZ 0000000180007f8c f i umodsys_lib_libui:umodsys.mod.ui.SDL_core.obj
 0001:00006f8c       ??1?$TRefObjectCompositeExtra@UIMouseClient@libui@UModSys@@HUIRefObject@core@3@U?$TRefObjectFunc@UIRefObject@core@UModSys@@@tl@3@@tl@UModSys@@QEAA@XZ 0000000180007f8c f i umodsys_lib_libui:umodsys.mod.ui.SDL_core.obj
 0001:00006fd4       ?remove_color@?$TTreeHoldRB@U?$TScatterArrayNode@U?$TRefObjectCompositeExtra@UIMouseClient@libui@UModSys@@HUIRefObject@core@3@U?$TRefObjectFunc@UIRefObject@core@UModSys@@@tl@3@@tl@UModSys@@H@tl@UModSys@@@tl@UModSys@@IEAAXPEAU?$TScatterArrayNode@U?$TRefObjectCompositeExtra@UIMouseClient@libui@UModSys@@HUIRefObject@core@3@U?$TRefObjectFunc@UIRefObject@core@UModSys@@@tl@3@@tl@UModSys@@H@23@0@Z 0000000180007fd4 f i umodsys_lib_libui:umodsys.mod.ui.SDL_core.obj
 0001:00006fd4       ?remove_color@?$TTreeHoldRB@U?$TScatterArrayNode@U?$TRefObjectComposite@UIKeyboardClient@libui@UModSys@@UIRefObject@core@3@U?$TRefObjectFunc@UIRefObject@core@UModSys@@@tl@3@@tl@UModSys@@H@tl@UModSys@@@tl@UModSys@@IEAAXPEAU?$TScatterArrayNode@U?$TRefObjectComposite@UIKeyboardClient@libui@UModSys@@UIRefObject@core@3@U?$TRefObjectFunc@UIRefObject@core@UModSys@@@tl@3@@tl@UModSys@@H@23@0@Z 0000000180007fd4 f i umodsys_lib_libui:umodsys.mod.ui.SDL_core.obj
 0001:00007274       ??$t_add@U?$TRefObject@URRenderDriver2D@SDL_core@ui@modules@UModSys@@U?$TRefObjectWeakFunc@URRenderDriver2D@SDL_core@ui@modules@UModSys@@@tl@5@@tl@UModSys@@URRenderDriver2D@SDL_core@ui@modules@3@@SDL_core@ui@modules@UModSys@@YA_NAEAU?$TScatterArray@U?$TRefObject@URRenderDriver2D@SDL_core@ui@modules@UModSys@@U?$TRefObjectWeakFunc@URRenderDriver2D@SDL_core@ui@modules@UModSys@@@tl@5@@tl@UModSys@@HU?$TScalarCompare@H@core@3@U?$TNodeDeleter0@U?$TScatterArrayNode@U?$TRefObject@URRenderDriver2D@SDL_core@ui@modules@UModSys@@U?$TRefObjectWeakFunc@URRenderDriver2D@SDL_core@ui@modules@UModSys@@@tl@5@@tl@UModSys@@H@tl@UModSys@@@23@@tl@3@PEAURRenderDriver2D@0123@@Z 0000000180008274 f i umodsys_lib_libui:umodsys.mod.ui.SDL_core.obj
 0001:000073f8       ?sub_insert_node@?$TTreeHoldRB@U?$TScatterArrayNode@UGlyph@RMultiImage2D_SDL_ttf@SDL_core@ui@modules@UModSys@@H@tl@UModSys@@@tl@UModSys@@QEAAXPEAU?$TScatterArrayNode@UGlyph@RMultiImage2D_SDL_ttf@SDL_core@ui@modules@UModSys@@H@23@0H@Z 00000001800083f8 f i umodsys_lib_libui:umodsys.mod.ui.SDL_core.obj
 0001:000073f8       ?sub_insert_node@?$TTreeHoldRB@U?$TScatterArrayNode@U?$TVector2@M@math3d@UModSys@@H@tl@UModSys@@@tl@UModSys@@QEAAXPEAU?$TScatterArrayNode@U?$TVector2@M@math3d@UModSys@@H@23@0H@Z 00000001800083f8 f i umodsys_lib_libui:umodsys.mod.ui.frames.obj
 0001:000073f8       ?sub_insert_node@?$TTreeHoldRB@U?$TScatterArrayNode@U?$TRefObjectComposite@UIKeyboardClient@libui@UModSys@@UIRefObject@core@3@U?$TRefObjectFunc@UIRefObject@core@UModSys@@@tl@3@@tl@UModSys@@H@tl@UModSys@@@tl@UModSys@@QEAAXPEAU?$TScatterArrayNode@U?$TRefObjectComposite@UIKeyboardClient@libui@UModSys@@UIRefObject@core@3@U?$TRefObjectFunc@UIRefObject@core@UModSys@@@tl@3@@tl@UModSys@@H@23@0H@Z 00000001800083f8 f i umodsys_lib_libui:umodsys.mod.ui.SDL_core.obj
 0001:000073f8       ?sub_insert_node@?$TTreeHoldRB@U?$TScatterArrayNode@HH@tl@UModSys@@@tl@UModSys@@QEAAXPEAU?$TScatterArrayNode@HH@23@0H@Z 00000001800083f8 f i umodsys_lib_libui:umodsys.mod.ui.frames.obj
 0001:000073f8       ?sub_insert_node@?$TTreeHoldRB@U?$TScatterArrayNode@U?$TRefObject@URRenderDriver2D@SDL_core@ui@modules@UModSys@@U?$TRefObjectWeakFunc@URRenderDriver2D@SDL_core@ui@modules@UModSys@@@tl@5@@tl@UModSys@@H@tl@UModSys@@@tl@UModSys@@QEAAXPEAU?$TScatterArrayNode@U?$TRefObject@URRenderDriver2D@SDL_core@ui@modules@UModSys@@U?$TRefObjectWeakFunc@URRenderDriver2D@SDL_core@ui@modules@UModSys@@@tl@5@@tl@UModSys@@H@23@0H@Z 00000001800083f8 f i umodsys_lib_libui:umodsys.mod.ui.SDL_core.obj
 0001:000073f8       ?sub_insert_node@?$TTreeHoldRB@U?$TScatterArrayNode@U?$TRefObjectCompositeExtra@UIMouseClient@libui@UModSys@@HUIRefObject@core@3@U?$TRefObjectFunc@UIRefObject@core@UModSys@@@tl@3@@tl@UModSys@@H@tl@UModSys@@@tl@UModSys@@QEAAXPEAU?$TScatterArrayNode@U?$TRefObjectCompositeExtra@UIMouseClient@libui@UModSys@@HUIRefObject@core@3@U?$TRefObjectFunc@UIRefObject@core@UModSys@@@tl@3@@tl@UModSys@@H@23@0H@Z 00000001800083f8 f i umodsys_lib_libui:umodsys.mod.ui.SDL_core.obj
 0001:000073f8       ?sub_insert_node@?$TTreeHoldRB@U?$TScatterArrayNode@U?$TVector4@M@math3d@UModSys@@H@tl@UModSys@@@tl@UModSys@@QEAAXPEAU?$TScatterArrayNode@U?$TVector4@M@math3d@UModSys@@H@23@0H@Z 00000001800083f8 f i umodsys_lib_libui:umodsys.mod.ui.frames.obj
 0001:000075d8       ??$process_nodes_r@U?$TNodeDeleter0@U?$TScatterArrayNode@UGlyph@RMultiImage2D_SDL_ttf@SDL_core@ui@modules@UModSys@@H@tl@UModSys@@@tl@UModSys@@@?$TTreeHoldRB@U?$TScatterArrayNode@UGlyph@RMultiImage2D_SDL_ttf@SDL_core@ui@modules@UModSys@@H@tl@UModSys@@@tl@UModSys@@KAHPEAU?$TScatterArrayNode@UGlyph@RMultiImage2D_SDL_ttf@SDL_core@ui@modules@UModSys@@H@12@AEBU?$TNodeDeleter0@U?$TScatterArrayNode@UGlyph@RMultiImage2D_SDL_ttf@SDL_core@ui@modules@UModSys@@H@tl@UModSys@@@12@@Z 00000001800085d8 f i umodsys_lib_libui:umodsys.mod.ui.SDL_core.obj
 0001:00007650       ??$process_nodes_r@U?$TNodeDeleter0@U?$TScatterArrayNode@U?$TRefObjectCompositeExtra@UIMouseClient@libui@UModSys@@HUIRefObject@core@3@U?$TRefObjectFunc@UIRefObject@core@UModSys@@@tl@3@@tl@UModSys@@H@tl@UModSys@@@tl@UModSys@@@?$TTreeHoldRB@U?$TScatterArrayNode@U?$TRefObjectCompositeExtra@UIMouseClient@libui@UModSys@@HUIRefObject@core@3@U?$TRefObjectFunc@UIRefObject@core@UModSys@@@tl@3@@tl@UModSys@@H@tl@UModSys@@@tl@UModSys@@KAHPEAU?$TScatterArrayNode@U?$TRefObjectCompositeExtra@UIMouseClient@libui@UModSys@@HUIRefObject@core@3@U?$TRefObjectFunc@UIRefObject@core@UModSys@@@tl@3@@tl@UModSys@@H@12@AEBU?$TNodeDeleter0@U?$TScatterArrayNode@U?$TRefObjectCompositeExtra@UIMouseClient@libui@UModSys@@HUIRefObject@core@3@U?$TRefObjectFunc@UIRefObject@core@UModSys@@@tl@3@@tl@UModSys@@H@tl@UModSys@@@12@@Z 0000000180008650 f i umodsys_lib_libui:umodsys.mod.ui.SDL_core.obj
 0001:00007650       ??$process_nodes_r@U?$TNodeDeleter0@U?$TScatterArrayNode@U?$TRefObjectComposite@UIKeyboardClient@libui@UModSys@@UIRefObject@core@3@U?$TRefObjectFunc@UIRefObject@core@UModSys@@@tl@3@@tl@UModSys@@H@tl@UModSys@@@tl@UModSys@@@?$TTreeHoldRB@U?$TScatterArrayNode@U?$TRefObjectComposite@UIKeyboardClient@libui@UModSys@@UIRefObject@core@3@U?$TRefObjectFunc@UIRefObject@core@UModSys@@@tl@3@@tl@UModSys@@H@tl@UModSys@@@tl@UModSys@@KAHPEAU?$TScatterArrayNode@U?$TRefObjectComposite@UIKeyboardClient@libui@UModSys@@UIRefObject@core@3@U?$TRefObjectFunc@UIRefObject@core@UModSys@@@tl@3@@tl@UModSys@@H@12@AEBU?$TNodeDeleter0@U?$TScatterArrayNode@U?$TRefObjectComposite@UIKeyboardClient@libui@UModSys@@UIRefObject@core@3@U?$TRefObjectFunc@UIRefObject@core@UModSys@@@tl@3@@tl@UModSys@@H@tl@UModSys@@@12@@Z 0000000180008650 f i umodsys_lib_libui:umodsys.mod.ui.SDL_core.obj
 0001:000076e4       ??$process_nodes_r@U?$TNodeDeleter0@U?$TScatterArrayNode@U?$TRefObject@URRenderDriver2D@SDL_core@ui@modules@UModSys@@U?$TRefObjectWeakFunc@URRenderDriver2D@SDL_core@ui@modules@UModSys@@@tl@5@@tl@UModSys@@H@tl@UModSys@@@tl@UModSys@@@?$TTreeHoldRB@U?$TScatterArrayNode@U?$TRefObject@URRenderDriver2D@SDL_core@ui@modules@UModSys@@U?$TRefObjectWeakFunc@URRenderDriver2D@SDL_core@ui@modules@UModSys@@@tl@5@@tl@UModSys@@H@tl@UModSys@@@tl@UModSys@@KAHPEAU?$TScatterArrayNode@U?$TRefObject@URRenderDriver2D@SDL_core@ui@modules@UModSys@@U?$TRefObjectWeakFunc@URRenderDriver2D@SDL_core@ui@modules@UModSys@@@tl@5@@tl@UModSys@@H@12@AEBU?$TNodeDeleter0@U?$TScatterArrayNode@U?$TRefObject@URRenderDriver2D@SDL_core@ui@modules@UModSys@@U?$TRefObjectWeakFunc@URRenderDriver2D@SDL_core@ui@modules@UModSys@@@tl@5@@tl@UModSys@@H@tl@UModSys@@@12@@Z 00000001800086e4 f i umodsys_lib_libui:umodsys.mod.ui.SDL_core.obj
 0001:00007778       ??1SController@libui@UModSys@@QEAA@XZ 0000000180008778 f i umodsys_lib_libui:umodsys.mod.ui.frames.obj
 0001:000077c0       ?db_get_i@SController@libui@UModSys@@QEAAHQEBD@Z 00000001800087c0 f i umodsys_lib_libui:umodsys.mod.ui.frames.obj
 0001:00007860       ?update_size@libui@UModSys@@YA_NAEAU?$TBoundBox2@H@math3d@2@AEBUSFrameSize@12@AEBU342@@Z 0000000180008860 f i umodsys_lib_libui:umodsys.mod.ui.frames.obj
 0001:00007998       ?command@SController@libui@UModSys@@QEAA_NHAEBUSFrameDataIn@23@@Z 0000000180008998 f i umodsys_lib_libui:umodsys.mod.ui.frames.obj
 0001:00007a0c       ?get_property@ICollectorThemeTemplate@libui@UModSys@@UEBA_NHHAEAU?$TVector4@M@math3d@3@@Z 0000000180008a0c f i umodsys_lib_libui:umodsys.mod.ui.frames.obj
 0001:00007ac0       ?get_property@ICollectorThemeTemplate@libui@UModSys@@UEBA_NHHAEAU?$TVector4@H@math3d@3@@Z 0000000180008ac0 f i umodsys_lib_libui:umodsys.mod.ui.frames.obj
 0001:00007bc4       ?get_property@ICollectorThemeTemplate@libui@UModSys@@UEBA_NHHAEAU?$TVector2@M@math3d@3@@Z 0000000180008bc4 f i umodsys_lib_libui:umodsys.mod.ui.frames.obj
 0001:00007c78       ?get_property@ICollectorThemeTemplate@libui@UModSys@@UEBA_NHHAEAU?$TVector2@H@math3d@3@@Z 0000000180008c78 f i umodsys_lib_libui:umodsys.mod.ui.frames.obj
 0001:00007d40       ?get_property@ICollectorThemeTemplate@libui@UModSys@@UEBA_NHHAEAH@Z 0000000180008d40 f i umodsys_lib_libui:umodsys.mod.ui.frames.obj
 0001:00007df0       ?set_property@ICollectorThemeTemplate@libui@UModSys@@UEAA_NHHAEBU?$TVector4@M@math3d@3@@Z 0000000180008df0 f i umodsys_lib_libui:umodsys.mod.ui.frames.obj
 0001:00007e34       ?set_property@ICollectorThemeTemplate@libui@UModSys@@UEAA_NHHAEBU?$TVector4@H@math3d@3@@Z 0000000180008e34 f i umodsys_lib_libui:umodsys.mod.ui.frames.obj
 0001:00007edc       ?set_property@ICollectorThemeTemplate@libui@UModSys@@UEAA_NHHAEBU?$TVector2@M@math3d@3@@Z 0000000180008edc f i umodsys_lib_libui:umodsys.mod.ui.frames.obj
 0001:00007f1c       ?set_property@ICollectorThemeTemplate@libui@UModSys@@UEAA_NHHAEBU?$TVector2@H@math3d@3@@Z 0000000180008f1c f i umodsys_lib_libui:umodsys.mod.ui.frames.obj
 0001:00007f78       ?set_property@ICollectorThemeTemplate@libui@UModSys@@UEAA_NHHH@Z 0000000180008f78 f i umodsys_lib_libui:umodsys.mod.ui.frames.obj
 0001:0000805c       ??1ICollectorThemeTemplate@libui@UModSys@@QEAA@XZ 000000018000905c f i umodsys_lib_libui:umodsys.mod.ui.frames.obj
 0001:00008158       ?get_group_index@RCollectorTheme@frames@ui@modules@UModSys@@UEAAHPEBD@Z 0000000180009158 f   umodsys_lib_libui:umodsys.mod.ui.frames.obj
 0001:0000822c       ?get_elem_index@RCollectorTheme@frames@ui@modules@UModSys@@UEAAHPEBD@Z 000000018000922c f   umodsys_lib_libui:umodsys.mod.ui.frames.obj
 0001:000083e8       ??1RCollectorTheme@frames@ui@modules@UModSys@@QEAA@XZ 00000001800093e8 f   umodsys_lib_libui:umodsys.mod.ui.frames.obj
 0001:000083f8       ?set_controller@RFrame_Common@frames@ui@modules@UModSys@@UEAA_NHPEAUIController@libui@5@PEAUIRefObject@core@5@@Z 00000001800093f8 f i umodsys_lib_libui:umodsys.mod.ui.frames.obj
 0001:00008484       ?get_controller@RFrame_Common@frames@ui@modules@UModSys@@UEAAPEAUIController@libui@5@XZ 0000000180009484 f i umodsys_lib_libui:umodsys.mod.ui.frames.obj
 0001:0000848c       ?get_controller_context@RFrame_Common@frames@ui@modules@UModSys@@UEAAHXZ 000000018000948c f i umodsys_lib_libui:umodsys.mod.ui.frames.obj
 0001:00008494       ?get_box@RFrame_Common@frames@ui@modules@UModSys@@UEAAAEBU?$TBoundBox2@H@math3d@5@XZ 0000000180009494 f i umodsys_lib_libui:umodsys.mod.ui.frames.obj
 0001:00008494       ?get_theme@RCollector@frames@ui@modules@UModSys@@UEAAPEAUICollectorTheme@libui@5@XZ 0000000180009494 f i umodsys_lib_libui:umodsys.mod.ui.frames.obj
 0001:0000849c       ?get_framesize@RFrame_Common@frames@ui@modules@UModSys@@UEAAAEBUSFrameSize@libui@5@XZ 000000018000949c f i umodsys_lib_libui:umodsys.mod.ui.frames.obj
 0001:000084a4       ?set_framesize@RFrame_Common@frames@ui@modules@UModSys@@UEAA_NAEBUSFrameSize@libui@5@@Z 00000001800094a4 f i umodsys_lib_libui:umodsys.mod.ui.frames.obj
 0001:000084c8       ?get_insize@RFrame_Common@frames@ui@modules@UModSys@@UEAA?AU?$TVector2@H@math3d@5@XZ 00000001800094c8 f i umodsys_lib_libui:umodsys.mod.ui.frames.obj
 0001:000084e0       ?get_theme@RFrame_Common@frames@ui@modules@UModSys@@UEAAPEAUICollectorTheme@libui@5@XZ 00000001800094e0 f i umodsys_lib_libui:umodsys.mod.ui.frames.obj
 0001:000084e8       ?draw_pre@RFrame_Common@frames@ui@modules@UModSys@@MEAA_NAEBUSDrawState@2345@@Z 00000001800094e8 f i umodsys_lib_libui:umodsys.mod.ui.frames.obj
 0001:000084e8       ?button_cmd@RFrame_Common@frames@ui@modules@UModSys@@MEAA_NPEAUSButton@2345@HH@Z 00000001800094e8 f i umodsys_lib_libui:umodsys.mod.ui.frames.obj
 0001:000084e8       ?button_draw@RFrame_Common@frames@ui@modules@UModSys@@MEAA_NPEAUSButton@2345@AEBUSDrawState@2345@H@Z 00000001800094e8 f i umodsys_lib_libui:umodsys.mod.ui.frames.obj
 0001:000084e8       ?controller_update@RFrame_Common@frames@ui@modules@UModSys@@UEAA_NXZ 00000001800094e8 f i umodsys_lib_libui:umodsys.mod.ui.frames.obj
 0001:000084e8       ?draw_post@RFrame_Common@frames@ui@modules@UModSys@@MEAA_NAEBUSDrawState@2345@@Z 00000001800094e8 f i umodsys_lib_libui:umodsys.mod.ui.frames.obj
 0001:000084ec       ?set_flag@RFrame_Common@frames@ui@modules@UModSys@@UEAA_NH_N@Z 00000001800094ec f   umodsys_lib_libui:umodsys.mod.ui.frames.obj
 0001:00008564       ?get_flag@RFrame_Common@frames@ui@modules@UModSys@@UEAA_NH@Z 0000000180009564 f   umodsys_lib_libui:umodsys.mod.ui.frames.obj
 0001:000085a0       ?get_parent@RFrame_Common@frames@ui@modules@UModSys@@UEAAPEAUIFrame@libui@5@XZ 00000001800095a0 f   umodsys_lib_libui:umodsys.mod.ui.frames.obj
 0001:000085a8       ?find_context@RFrame_Common@frames@ui@modules@UModSys@@UEAAPEAUIFrame@libui@5@HPEAUIController@75@@Z 00000001800095a8 f   umodsys_lib_libui:umodsys.mod.ui.frames.obj
 0001:00008638       ?configure@RFrame_Common@frames@ui@modules@UModSys@@UEAA_NPEBD0AEBUSParameters@core@5@@Z 0000000180009638 f   umodsys_lib_libui:umodsys.mod.ui.frames.obj
 0001:00008700       ?draw@RFrame_Common@frames@ui@modules@UModSys@@MEAA_NAEBUSDrawState@2345@@Z 0000000180009700 f   umodsys_lib_libui:umodsys.mod.ui.frames.obj
 0001:00008798       ?draw_focus@RFrame_Common@frames@ui@modules@UModSys@@MEAA_NAEBUSDrawState@2345@@Z 0000000180009798 f   umodsys_lib_libui:umodsys.mod.ui.frames.obj
 0001:00008830       ?update_size@RFrame_Common@frames@ui@modules@UModSys@@MEAA_NAEBU?$TBoundBox2@H@math3d@5@@Z 0000000180009830 f   umodsys_lib_libui:umodsys.mod.ui.frames.obj
 0001:00008864       ?set_fcp@RFrame_Common@frames@ui@modules@UModSys@@MEAA_NAEBUSFrameCreateParameters@libui@5@PEBUSParameters@core@5@@Z 0000000180009864 f   umodsys_lib_libui:umodsys.mod.ui.frames.obj
 0001:00008958       ?is_enabled@RFrame_Common@frames@ui@modules@UModSys@@MEAA_NXZ 0000000180009958 f   umodsys_lib_libui:umodsys.mod.ui.frames.obj
 0001:000089a0       ??0RFrame_Common@frames@ui@modules@UModSys@@QEAA@PEAURCollector@1234@PEAU01234@@Z 00000001800099a0 f   umodsys_lib_libui:umodsys.mod.ui.frames.obj
[...]
 0001:0001c348       ??__F?s_modreg@RModuleReg@test1@test@modules@UModSys@@2U12345@A@@YAXXZ 000000018001d348 f    CIL library: CIL module
 0001:0001c358       ??__F?s_modreg_chain@RModuleReg@test1@test@modules@UModSys@@2USModuleRegChain@base@5@A@@YAXXZ 000000018001d358 f    CIL library: CIL module
 0001:0001c364       ??__F?s_uid@RGenerator@test1@test@modules@UModSys@@2USUniquePointer@core@5@A@@YAXXZ 000000018001d364 f    CIL library: CIL module
 0001:0001c370       ??__Fh@?1??s_holder@RGenerator@test1@test@modules@UModSys@@SAAEAU?$TTypeStaticHolder@URGenerator@test1@test@modules@UModSys@@@tl@5@XZ@YAXXZ 000000018001d370 f    CIL library: CIL module
 0001:0001c398       ??__F?s_id@?$TObjectUniqueID@URGenerator@test1@test@modules@UModSys@@@tl@UModSys@@2USUniquePointer@core@3@A@@YAXXZ 000000018001d398 f    CIL library: CIL module
 0001:0001c3a4       ??__F?s_id@?$TObjectUniqueID@URTest1_Shell@test1@test@modules@UModSys@@@tl@UModSys@@2USUniquePointer@core@3@A@@YAXXZ 000000018001d3a4 f    CIL library: CIL module
 0001:0001c3b0       ??__F?s_id@?$TObjectUniqueID@URLines_Filter@test1@test@modules@UModSys@@@tl@UModSys@@2USUniquePointer@core@3@A@@YAXXZ 000000018001d3b0 f    CIL library: CIL module
 0001:0001c3bc       ??__F?s_id@?$TObjectUniqueID@URLines@test1@test@modules@UModSys@@@tl@UModSys@@2USUniquePointer@core@3@A@@YAXXZ 000000018001d3bc f    CIL library: CIL module
 0001:0001c3c8       ??__F?s_id@?$TObjectUniqueID@UILines@test1@test@modules@UModSys@@@tl@UModSys@@2USUniquePointer@core@3@A@@YAXXZ 000000018001d3c8 f    CIL library: CIL module
 0001:0001c3d4       ??__F?s_id@?$TObjectUniqueID@UIRenderDriver@lib2d@UModSys@@@tl@UModSys@@2USUniquePointer@core@3@A@@YAXXZ 000000018001d3d4 f    CIL library: CIL module
 0001:0001c3e0       ??__F?s_id@?$TObjectUniqueID@UIMultiImage@lib2d@UModSys@@@tl@UModSys@@2USUniquePointer@core@3@A@@YAXXZ 000000018001d3e0 f    CIL library: CIL module
 0001:0001c3ec       ??__F?s_id@?$TObjectUniqueID@UIImageFactory@lib2d@UModSys@@@tl@UModSys@@2USUniquePointer@core@3@A@@YAXXZ 000000018001d3ec f    CIL library: CIL module
 0001:0001c3f8       ??__F?s_id@?$TObjectUniqueID@UIImage@lib2d@UModSys@@@tl@UModSys@@2USUniquePointer@core@3@A@@YAXXZ 000000018001d3f8 f    CIL library: CIL module
 0001:0001c404       ??__F?s_id@?$TObjectUniqueID@UIDialog@libui@UModSys@@@tl@UModSys@@2USUniquePointer@core@3@A@@YAXXZ 000000018001d404 f    CIL library: CIL module
 0001:0001c410       ??__F?s_id@?$TObjectUniqueID@UIFrame@libui@UModSys@@@tl@UModSys@@2USUniquePointer@core@3@A@@YAXXZ 000000018001d410 f    CIL library: CIL module
 0001:0001c41c       ??__F?s_id@?$TObjectUniqueID@UIAsyncCollector@libui@UModSys@@@tl@UModSys@@2USUniquePointer@core@3@A@@YAXXZ 000000018001d41c f    CIL library: CIL module
 0001:0001c428       ??__F?s_id@?$TObjectUniqueID@UIAsyncController@libui@UModSys@@@tl@UModSys@@2USUniquePointer@core@3@A@@YAXXZ 000000018001d428 f    CIL library: CIL module
 0001:0001c434       ??__F?s_id@?$TObjectUniqueID@UICollector@libui@UModSys@@@tl@UModSys@@2USUniquePointer@core@3@A@@YAXXZ 000000018001d434 f    CIL library: CIL module
 0001:0001c440       ??__F?s_id@?$TObjectUniqueID@UIConsoleHelperInput_UIKey@libui@UModSys@@@tl@UModSys@@2USUniquePointer@core@3@A@@YAXXZ 000000018001d440 f    CIL library: CIL module
 0001:0001c44c       ??__F?s_id@?$TObjectUniqueID@UITerminal@libui@UModSys@@@tl@UModSys@@2USUniquePointer@core@3@A@@YAXXZ 000000018001d44c f    CIL library: CIL module
 0001:0001c458       ??__F?s_id@?$TObjectUniqueID@UIJoystickController@libui@UModSys@@@tl@UModSys@@2USUniquePointer@core@3@A@@YAXXZ 000000018001d458 f    CIL library: CIL module
 0001:0001c464       ??__F?s_id@?$TObjectUniqueID@UIMouseController@libui@UModSys@@@tl@UModSys@@2USUniquePointer@core@3@A@@YAXXZ 000000018001d464 f    CIL library: CIL module
 0001:0001c470       ??__F?s_id@?$TObjectUniqueID@UIKeyboardController@libui@UModSys@@@tl@UModSys@@2USUniquePointer@core@3@A@@YAXXZ 000000018001d470 f    CIL library: CIL module
 0001:0001c47c       ??__F?s_id@?$TObjectUniqueID@UIConsoleHelperOutputFCS@base@UModSys@@@tl@UModSys@@2USUniquePointer@core@3@A@@YAXXZ 000000018001d47c f    CIL library: CIL module
 0001:0001c488       ??__F?s_id@?$TObjectUniqueID@UIConsoleHelperOutput@base@UModSys@@@tl@UModSys@@2USUniquePointer@core@3@A@@YAXXZ 000000018001d488 f    CIL library: CIL module
 0001:0001c494       ??__F?s_id@?$TObjectUniqueID@UIConsoleHelperInput@base@UModSys@@@tl@UModSys@@2USUniquePointer@core@3@A@@YAXXZ 000000018001d494 f    CIL library: CIL module
 0001:0001c4a0       ??__F?s_id@?$TObjectUniqueID@UIConsoleHelperHistory@base@UModSys@@@tl@UModSys@@2USUniquePointer@core@3@A@@YAXXZ 000000018001d4a0 f    CIL library: CIL module
 0001:0001c4ac       ??__F?s_id@?$TObjectUniqueID@UIConsoleHelper@base@UModSys@@@tl@UModSys@@2USUniquePointer@core@3@A@@YAXXZ 000000018001d4ac f    CIL library: CIL module
 0001:0001c4b8       ??__F?s_id@?$TObjectUniqueID@UIConsoleExt@base@UModSys@@@tl@UModSys@@2USUniquePointer@core@3@A@@YAXXZ 000000018001d4b8 f    CIL library: CIL module
 0001:0001c4c4       ??__F?s_id@?$TObjectUniqueID@UISerializeWriter@libmedia@UModSys@@@tl@UModSys@@2USUniquePointer@core@3@A@@YAXXZ 000000018001d4c4 f    CIL library: CIL module
 0001:0001c4d0       ??__F?s_id@?$TObjectUniqueID@UISerializeReader@libmedia@UModSys@@@tl@UModSys@@2USUniquePointer@core@3@A@@YAXXZ 000000018001d4d0 f    CIL library: CIL module
 0001:0001c4dc       ??__F?s_id@?$TObjectUniqueID@UIClient@IBinArchiveFrame@libmedia@UModSys@@@tl@UModSys@@2USUniquePointer@core@3@A@@YAXXZ 000000018001d4dc f    CIL library: CIL module
 0001:0001c4e8       ??__F?s_id@?$TObjectUniqueID@UIBinArchiveFrame@libmedia@UModSys@@@tl@UModSys@@2USUniquePointer@core@3@A@@YAXXZ 000000018001d4e8 f    CIL library: CIL module
 0001:0001c4f4       ??__F?s_id@?$TObjectUniqueID@UILibraryLayered@libmedia@UModSys@@@tl@UModSys@@2USUniquePointer@core@3@A@@YAXXZ 000000018001d4f4 f    CIL library: CIL module
 0001:0001c500       ??__F?s_id@?$TObjectUniqueID@UILibraryObjCache@libmedia@UModSys@@@tl@UModSys@@2USUniquePointer@core@3@A@@YAXXZ 000000018001d500 f    CIL library: CIL module
 0001:0001c50c       ??__F?s_id@?$TObjectUniqueID@UILibraryObjFilter@libmedia@UModSys@@@tl@UModSys@@2USUniquePointer@core@3@A@@YAXXZ 000000018001d50c f    CIL library: CIL module
 0001:0001c518       ??__F?s_id@?$TObjectUniqueID@UILibraryBinCache@libmedia@UModSys@@@tl@UModSys@@2USUniquePointer@core@3@A@@YAXXZ 000000018001d518 f    CIL library: CIL module
 0001:0001c524       ??__F?s_id@?$TObjectUniqueID@UILibraryBinTree@libmedia@UModSys@@@tl@UModSys@@2USUniquePointer@core@3@A@@YAXXZ 000000018001d524 f    CIL library: CIL module
 0001:0001c530       ??__F?s_id@?$TObjectUniqueID@UILibrary@libmedia@UModSys@@@tl@UModSys@@2USUniquePointer@core@3@A@@YAXXZ 000000018001d530 f    CIL library: CIL module
 0001:0001c53c       ??__F?s_id@?$TObjectUniqueID@UIBinObjFilter@libmedia@UModSys@@@tl@UModSys@@2USUniquePointer@core@3@A@@YAXXZ 000000018001d53c f    CIL library: CIL module
 0001:0001c548       ??__F?s_id@?$TObjectUniqueID@UIBinArchive@libmedia@UModSys@@@tl@UModSys@@2USUniquePointer@core@3@A@@YAXXZ 000000018001d548 f    CIL library: CIL module
 0001:0001c554       ??__F?s_id@?$TObjectUniqueID@UILibObject@libmedia@UModSys@@@tl@UModSys@@2USUniquePointer@core@3@A@@YAXXZ 000000018001d554 f    CIL library: CIL module
 0001:0001c560       ??__F?s_id@?$TObjectUniqueID@UIUtilities@libmedia@UModSys@@@tl@UModSys@@2USUniquePointer@core@3@A@@YAXXZ 000000018001d560 f    CIL library: CIL module
 0001:0001c56c       ??__F?s_id@?$TObjectUniqueID@UIStreamWriter@libmedia@UModSys@@@tl@UModSys@@2USUniquePointer@core@3@A@@YAXXZ 000000018001d56c f    CIL library: CIL module
 0001:0001c578       ??__F?s_id@?$TObjectUniqueID@UIStreamReader@libmedia@UModSys@@@tl@UModSys@@2USUniquePointer@core@3@A@@YAXXZ 000000018001d578 f    CIL library: CIL module
 0001:0001c584       ??__F?s_id@?$TObjectUniqueID@UISystem@base@UModSys@@@tl@UModSys@@2USUniquePointer@core@3@A@@YAXXZ 000000018001d584 f    CIL library: CIL module
 0001:0001c590       ??__F?s_id@?$TObjectUniqueID@UIShell@base@UModSys@@@tl@UModSys@@2USUniquePointer@core@3@A@@YAXXZ 000000018001d590 f    CIL library: CIL module
 0001:0001c59c       ??__F?s_id@?$TObjectUniqueID@UIGenerator@base@UModSys@@@tl@UModSys@@2USUniquePointer@core@3@A@@YAXXZ 000000018001d59c f    CIL library: CIL module
 0001:0001c5a8       ??__F?s_id@?$TObjectUniqueID@UIModObject@base@UModSys@@@tl@UModSys@@2USUniquePointer@core@3@A@@YAXXZ 000000018001d5a8 f    CIL library: CIL module
 0001:0001c5b4       ??__F?s_id@?$TObjectUniqueID@UIModuleLibrary@base@UModSys@@@tl@UModSys@@2USUniquePointer@core@3@A@@YAXXZ 000000018001d5b4 f    CIL library: CIL module
 0001:0001c5c0       ??__F?s_id@?$TObjectUniqueID@UIModule@base@UModSys@@@tl@UModSys@@2USUniquePointer@core@3@A@@YAXXZ 000000018001d5c0 f    CIL library: CIL module
 0001:0001c5cc       ??__F?s_id@?$TObjectUniqueID@UIConsole@base@UModSys@@@tl@UModSys@@2USUniquePointer@core@3@A@@YAXXZ 000000018001d5cc f    CIL library: CIL module
 0001:0001c5d8       ??__F?s_id@?$TObjectUniqueID@UIParameters@core@UModSys@@@tl@UModSys@@2USUniquePointer@core@3@A@@YAXXZ 000000018001d5d8 f    CIL library: CIL module
 0001:0001c5e4       ??__F?s_id@?$TObjectUniqueID@UIRefObject@core@UModSys@@@tl@UModSys@@2USUniquePointer@core@3@A@@YAXXZ 000000018001d5e4 f    CIL library: CIL module
 0001:0001c5f0       ??__F?s_id@?$TObjectUniqueID@UIRoot@core@UModSys@@@tl@UModSys@@2USUniquePointer@core@3@A@@YAXXZ 000000018001d5f0 f    CIL library: CIL module
 0001:0001c5fc       ??__Fs_dbg@stdlib@lib2d@modules@UModSys@@YAXXZ 000000018001d5fc f    CIL library: CIL module
 0001:0001c620       ??__F?s_modreg@RModuleReg@stdlib@lib2d@modules@UModSys@@2U12345@A@@YAXXZ 000000018001d620 f    CIL library: CIL module
 0001:0001c630       ??__F?s_modreg_chain@RModuleReg@stdlib@lib2d@modules@UModSys@@2USModuleRegChain@base@5@A@@YAXXZ 000000018001d630 f    CIL library: CIL module
 0001:0001c63c       ??__F?s_uid@RGenerator@stdlib@lib2d@modules@UModSys@@2USUniquePointer@core@5@A@@YAXXZ 000000018001d63c f    CIL library: CIL module
 0001:0001c648       ??__Fh@?1??s_holder@RGenerator@stdlib@lib2d@modules@UModSys@@SAAEAU?$TTypeStaticHolder@URGenerator@stdlib@lib2d@modules@UModSys@@@tl@5@XZ@YAXXZ 000000018001d648 f    CIL library: CIL module
 0001:0001c670       ??__F?s_id@?$TObjectUniqueID@URGenerator@stdlib@lib2d@modules@UModSys@@@tl@UModSys@@2USUniquePointer@core@3@A@@YAXXZ 000000018001d670 f    CIL library: CIL module
 0001:0001c67c       ??__F?s_id@?$TObjectUniqueID@URMultiImage@stdlib@lib2d@modules@UModSys@@@tl@UModSys@@2USUniquePointer@core@3@A@@YAXXZ 000000018001d67c f    CIL library: CIL module
 0001:0001c688       ??__F?s_id@?$TObjectUniqueID@URImageFactory_Memory@stdlib@lib2d@modules@UModSys@@@tl@UModSys@@2USUniquePointer@core@3@A@@YAXXZ 000000018001d688 f    CIL library: CIL module
 0001:0001c694       ??__F?s_id@?$TObjectUniqueID@URImage_Memory@stdlib@lib2d@modules@UModSys@@@tl@UModSys@@2USUniquePointer@core@3@A@@YAXXZ 000000018001d694 f    CIL library: CIL module
 0001:0001c6a0       ??__Fs_dbg@SDL_core@ui@modules@UModSys@@YAXXZ 000000018001d6a0 f    CIL library: CIL module
 0001:0001c6c4       ??__F?s_modreg@RModuleReg@SDL_core@ui@modules@UModSys@@2U12345@A@@YAXXZ 000000018001d6c4 f    CIL library: CIL module
 0001:0001c6d4       ??__F?s_modreg_chain@RModuleReg@SDL_core@ui@modules@UModSys@@2USModuleRegChain@base@5@A@@YAXXZ 000000018001d6d4 f    CIL library: CIL module
 0001:0001c6e0       ??__F?s_uid@RGenerator@SDL_core@ui@modules@UModSys@@2USUniquePointer@core@5@A@@YAXXZ 000000018001d6e0 f    CIL library: CIL module
 0001:0001c6ec       ??__Fh@?1??s_holder@RGenerator@SDL_core@ui@modules@UModSys@@SAAEAU?$TTypeStaticHolder@URGenerator@SDL_core@ui@modules@UModSys@@@tl@5@XZ@YAXXZ 000000018001d6ec f    CIL library: CIL module
 0001:0001c714       ??__F?s_id@?$TObjectUniqueID@URGenerator@SDL_core@ui@modules@UModSys@@@tl@UModSys@@2USUniquePointer@core@3@A@@YAXXZ 000000018001d714 f    CIL library: CIL module
 0001:0001c720       ??__F?s_id@?$TObjectUniqueID@URTerminal@SDL_core@ui@modules@UModSys@@@tl@UModSys@@2USUniquePointer@core@3@A@@YAXXZ 000000018001d720 f    CIL library: CIL module
 0001:0001c72c       ??__F?s_id@?$TObjectUniqueID@URKeyboardController@SDL_core@ui@modules@UModSys@@@tl@UModSys@@2USUniquePointer@core@3@A@@YAXXZ 000000018001d72c f    CIL library: CIL module
 0001:0001c738       ??__F?s_id@?$TObjectUniqueID@URMouseController@SDL_core@ui@modules@UModSys@@@tl@UModSys@@2USUniquePointer@core@3@A@@YAXXZ 000000018001d738 f    CIL library: CIL module
 0001:0001c744       ??__F?s_id@?$TObjectUniqueID@URRenderDriver2D@SDL_core@ui@modules@UModSys@@@tl@UModSys@@2USUniquePointer@core@3@A@@YAXXZ 000000018001d744 f    CIL library: CIL module
 0001:0001c750       ??__F?s_id@?$TObjectUniqueID@URMultiImage2D_SDL_ttf@SDL_core@ui@modules@UModSys@@@tl@UModSys@@2USUniquePointer@core@3@A@@YAXXZ 000000018001d750 f    CIL library: CIL module
 0001:0001c75c       ??__Fs_dbg@frames@ui@modules@UModSys@@YAXXZ 000000018001d75c f    CIL library: CIL module
 0001:0001c780       ??__F?s_modreg@RModuleReg@frames@ui@modules@UModSys@@2U12345@A@@YAXXZ 000000018001d780 f    CIL library: CIL module
 0001:0001c790       ??__F?s_modreg_chain@RModuleReg@frames@ui@modules@UModSys@@2USModuleRegChain@base@5@A@@YAXXZ 000000018001d790 f    CIL library: CIL module
 0001:0001c79c       ??__F?s_uid@RGenerator@frames@ui@modules@UModSys@@2USUniquePointer@core@5@A@@YAXXZ 000000018001d79c f    CIL library: CIL module
 0001:0001c7a8       ??__Fh@?1??s_holder@RGenerator@frames@ui@modules@UModSys@@SAAEAU?$TTypeStaticHolder@URGenerator@frames@ui@modules@UModSys@@@tl@5@XZ@YAXXZ 000000018001d7a8 f    CIL library: CIL module
 0001:0001c7d0       ??__F?s_id@?$TObjectUniqueID@URGenerator@frames@ui@modules@UModSys@@@tl@UModSys@@2USUniquePointer@core@3@A@@YAXXZ 000000018001d7d0 f    CIL library: CIL module
 0001:0001c7dc       ??__F?s_id@?$TObjectUniqueID@URCollector@frames@ui@modules@UModSys@@@tl@UModSys@@2USUniquePointer@core@3@A@@YAXXZ 000000018001d7dc f    CIL library: CIL module
 0001:0001c7e8       ??__F?s_id@?$TObjectUniqueID@URFrame_List@frames@ui@modules@UModSys@@@tl@UModSys@@2USUniquePointer@core@3@A@@YAXXZ 000000018001d7e8 f    CIL library: CIL module
 0001:0001c7f4       ??__F?s_id@?$TObjectUniqueID@URFrame_Edit@frames@ui@modules@UModSys@@@tl@UModSys@@2USUniquePointer@core@3@A@@YAXXZ 000000018001d7f4 f    CIL library: CIL module
 0001:0001c800       ??__F?s_id@?$TObjectUniqueID@URFrame_Button@frames@ui@modules@UModSys@@@tl@UModSys@@2USUniquePointer@core@3@A@@YAXXZ 000000018001d800 f    CIL library: CIL module
 0001:0001c80c       ??__F?s_id@?$TObjectUniqueID@URFrame_Text@frames@ui@modules@UModSys@@@tl@UModSys@@2USUniquePointer@core@3@A@@YAXXZ 000000018001d80c f    CIL library: CIL module
 0001:0001c818       ??__F?s_id@?$TObjectUniqueID@URFrame_Image@frames@ui@modules@UModSys@@@tl@UModSys@@2USUniquePointer@core@3@A@@YAXXZ 000000018001d818 f    CIL library: CIL module
 0001:0001c824       ??__F?s_id@?$TObjectUniqueID@URFrame_Frame@frames@ui@modules@UModSys@@@tl@UModSys@@2USUniquePointer@core@3@A@@YAXXZ 000000018001d824 f    CIL library: CIL module
 0001:0001c830       ??__F?s_id@?$TObjectUniqueID@URDialog@frames@ui@modules@UModSys@@@tl@UModSys@@2USUniquePointer@core@3@A@@YAXXZ 000000018001d830 f    CIL library: CIL module
 0001:0001c83c       ??__F?s_id@?$TObjectUniqueID@URFrame_Common@frames@ui@modules@UModSys@@@tl@UModSys@@2USUniquePointer@core@3@A@@YAXXZ 000000018001d83c f    CIL library: CIL module
 0001:0001c848       ??__Fs_dbg@images_std@media@modules@UModSys@@YAXXZ 000000018001d848 f    CIL library: CIL module
 0001:0001c86c       ??__F?s_modreg@RModuleReg@images_std@media@modules@UModSys@@2U12345@A@@YAXXZ 000000018001d86c f    CIL library: CIL module
 0001:0001c87c       ??__F?s_modreg_chain@RModuleReg@images_std@media@modules@UModSys@@2USModuleRegChain@base@5@A@@YAXXZ 000000018001d87c f    CIL library: CIL module
 0001:0001c888       ??__F?s_uid@RGenerator@images_std@media@modules@UModSys@@2USUniquePointer@core@5@A@@YAXXZ 000000018001d888 f    CIL library: CIL module
 0001:0001c894       ??__Fh@?1??s_holder@RGenerator@images_std@media@modules@UModSys@@SAAEAU?$TTypeStaticHolder@URGenerator@images_std@media@modules@UModSys@@@tl@5@XZ@YAXXZ 000000018001d894 f    CIL library: CIL module
 0001:0001c8bc       ??__F?s_id@?$TObjectUniqueID@URGenerator@images_std@media@modules@UModSys@@@tl@UModSys@@2USUniquePointer@core@3@A@@YAXXZ 000000018001d8bc f    CIL library: CIL module
 0001:0001c8c8       ??__F?s_id@?$TObjectUniqueID@URMediaFilter@images_std@media@modules@UModSys@@@tl@UModSys@@2USUniquePointer@core@3@A@@YAXXZ 000000018001d8c8 f    CIL library: CIL module
 0001:0001c8d4       ??__Fs_dbg@serialize_json@media@modules@UModSys@@YAXXZ 000000018001d8d4 f    CIL library: CIL module
 0001:0001c8f8       ??__F?s_modreg@RModuleReg@serialize_json@media@modules@UModSys@@2U12345@A@@YAXXZ 000000018001d8f8 f    CIL library: CIL module
 0001:0001c908       ??__F?s_modreg_chain@RModuleReg@serialize_json@media@modules@UModSys@@2USModuleRegChain@base@5@A@@YAXXZ 000000018001d908 f    CIL library: CIL module
 0001:0001c914       ??__F?s_uid@RGenerator@serialize_json@media@modules@UModSys@@2USUniquePointer@core@5@A@@YAXXZ 000000018001d914 f    CIL library: CIL module
 0001:0001c920       ??__Fh@?1??s_holder@RGenerator@serialize_json@media@modules@UModSys@@SAAEAU?$TTypeStaticHolder@URGenerator@serialize_json@media@modules@UModSys@@@tl@5@XZ@YAXXZ 000000018001d920 f    CIL library: CIL module
 0001:0001c948       ??__F?s_id@?$TObjectUniqueID@URGenerator@serialize_json@media@modules@UModSys@@@tl@UModSys@@2USUniquePointer@core@3@A@@YAXXZ 000000018001d948 f    CIL library: CIL module
 0001:0001c954       ??__F?s_id@?$TObjectUniqueID@URSerializeWriter@serialize_json@media@modules@UModSys@@@tl@UModSys@@2USUniquePointer@core@3@A@@YAXXZ 000000018001d954 f    CIL library: CIL module
 0001:0001c960       ??__F?s_id@?$TObjectUniqueID@URSerializeReader@serialize_json@media@modules@UModSys@@@tl@UModSys@@2USUniquePointer@core@3@A@@YAXXZ 000000018001d960 f    CIL library: CIL module
 0001:0001c96c       ??__Fs_dbg@zlib@media@modules@UModSys@@YAXXZ 000000018001d96c f    CIL library: CIL module
 0001:0001c990       ??__F?s_modreg@RModuleReg@zlib@media@modules@UModSys@@2U12345@A@@YAXXZ 000000018001d990 f    CIL library: CIL module
 0001:0001c9a0       ??__F?s_modreg_chain@RModuleReg@zlib@media@modules@UModSys@@2USModuleRegChain@base@5@A@@YAXXZ 000000018001d9a0 f    CIL library: CIL module
 0001:0001c9ac       ??__F?s_uid@RGenerator@zlib@media@modules@UModSys@@2USUniquePointer@core@5@A@@YAXXZ 000000018001d9ac f    CIL library: CIL module
 0001:0001c9b8       ??__Fh@?1??s_holder@RGenerator@zlib@media@modules@UModSys@@SAAEAU?$TTypeStaticHolder@URGenerator@zlib@media@modules@UModSys@@@tl@5@XZ@YAXXZ 000000018001d9b8 f    CIL library: CIL module
 0001:0001c9e0       ??__F?s_id@?$TObjectUniqueID@URGenerator@zlib@media@modules@UModSys@@@tl@UModSys@@2USUniquePointer@core@3@A@@YAXXZ 000000018001d9e0 f    CIL library: CIL module
 0001:0001c9ec       ??__F?s_id@?$TObjectUniqueID@URBinArchiveFrameClient_ZIP@zlib@media@modules@UModSys@@@tl@UModSys@@2USUniquePointer@core@3@A@@YAXXZ 000000018001d9ec f    CIL library: CIL module
 0001:0001c9f8       ??__FM@UModSys@@YAXXZ      000000018001d9f8 f    CIL library: CIL module
 0001:0001c9fc       ??__F?root@SModuleRegChain@base@UModSys@@2U123@A@@YAXXZ 000000018001d9fc f    CIL library: CIL module
 0001:0001ca08       ??__F?s_library@RModuleLibraryReg_Chain@base@UModSys@@2U123@A@@YAXXZ 000000018001da08 f    CIL library: CIL module
 0001:0001ca18       ??__F?root@SUniquePointer@core@UModSys@@2U123@A@@YAXXZ 000000018001da18 f    CIL library: CIL module

 Exports

  ordinal    name

        1    UModSys_Plugin_Entry2
