 plugin_test1

 Timestamp is 53327d05 (Wed Mar 26 10:08:53 2014)

 Preferred load address is 0000000180000000

 Start         Length     Name                   Class
 0001:00000000 000384c0H .text                   CODE
 0001:000384c0 0000005eH .text$00                CODE
 0001:00038520 00001ebbH .text$x                 CODE
 0001:0003a3dc 00002040H .text$yc                CODE
 0001:0003c41c 000009f8H .text$yd                CODE
 0002:00000000 00000410H .idata$5                DATA
 0002:00000410 00000008H .CRT$XCA                DATA
 0002:00000418 00002910H .CRT$XCU                DATA
 0002:00002d28 00000008H .CRT$XCZ                DATA
 0002:00002d30 00000008H .CRT$XIA                DATA
 0002:00002d38 00000008H .CRT$XIAA               DATA
 0002:00002d40 00000008H .CRT$XIZ                DATA
 0002:00002d50 000114f8H .rdata                  DATA
 0002:00014250 00003b54H .rdata$r                DATA
 0002:00017da8 00000008H .rtc$IAA                DATA
 0002:00017db0 00000008H .rtc$IZZ                DATA
 0002:00017db8 00000008H .rtc$TAA                DATA
 0002:00017dc0 00000008H .rtc$TZZ                DATA
 0002:00017dc8 00003710H .xdata                  DATA
 0002:0001b4d8 00000078H .idata$2                DATA
 0002:0001b550 00000014H .idata$3                DATA
 0002:0001b568 00000410H .idata$4                DATA
 0002:0001b978 00000908H .idata$6                DATA
 0002:0001c280 00000059H .edata                  DATA
 0003:00000000 000020d0H .data                   DATA
 0003:000020d0 00002840H .bss                    DATA
 0004:00000000 00002c94H .pdata                  DATA

  Address         Publics by Value              Rva+Base               Lib:Object

 0000:00000000       ___safe_se_handler_count   0000000000000000     <absolute>
 0000:00000000       ___safe_se_handler_table   0000000000000000     <absolute>
 0000:00000000       __ImageBase                0000000180000000     <linker-defined>
 0001:00000000       ??1SCMemShared@core@UModSys@@QEAA@XZ 0000000180001000 f i plugin_test1.obj
 0001:00000000       ??1SMemShared@core@UModSys@@QEAA@XZ 0000000180001000 f i plugin_test1.obj
 0001:00000000       ??1State@RImage_Memory@stdlib@lib2d@modules@UModSys@@QEAA@XZ 0000000180001000 f i umodsys_lib_lib2d:umodsys.mod.2d.stdlib.obj
 0001:00000030       ??6SUniquePtrList@core@UModSys@@QEAAAEAU012@PEBUSUniquePointerInfo@12@@Z 0000000180001030 f i plugin_test1.obj
 0001:000000e8       ??3IRoot@core@UModSys@@SAXPEAXAEBUSIMemAlloc@12@@Z 00000001800010e8 f i plugin_test1.obj
 0001:00000114       ??_GRGenerator@SDL_core@ui@modules@UModSys@@UEAAPEAXI@Z 0000000180001114 f i umodsys_lib_libui:umodsys.mod.ui.SDL_core.obj
 0001:00000114       ??_GIRoot@core@UModSys@@UEAAPEAXI@Z 0000000180001114 f i plugin_test1.obj
 0001:00000114       ??_GRGenerator@SDL_GL@ui@modules@UModSys@@UEAAPEAXI@Z 0000000180001114 f i umodsys_lib_libui:umodsys.mod.ui.SDL_GL.obj
 0001:00000114       ??_ERGeneralObject_Camera@stdlib@lib3d@modules@UModSys@@UEAAPEAXI@Z 0000000180001114 f i  CIL library: CIL module
 0001:00000114       ??_GRGenerator@stdlib@lib2d@modules@UModSys@@UEAAPEAXI@Z 0000000180001114 f i umodsys_lib_lib2d:umodsys.mod.2d.stdlib.obj
 0001:00000114       ??_ERGenerator@zlib@media@modules@UModSys@@UEAAPEAXI@Z 0000000180001114 f i  CIL library: CIL module
 0001:00000114       ??_GRGenerator@test1@test@modules@UModSys@@UEAAPEAXI@Z 0000000180001114 f i plugin_test1.obj
 0001:00000114       ??_ERBinArchiveFrameClient_ZIP@zlib@media@modules@UModSys@@UEAAPEAXI@Z 0000000180001114 f i  CIL library: CIL module
 0001:00000114       ??_GRGenerator@zlib@media@modules@UModSys@@UEAAPEAXI@Z 0000000180001114 f i umodsys_lib_libmedia:umodsys.mod.media.zlib.obj
 0001:00000114       ??_ERGenerator@frames@ui@modules@UModSys@@UEAAPEAXI@Z 0000000180001114 f i  CIL library: CIL module
 0001:00000114       ??_GRGeneralObject_Camera@stdlib@lib3d@modules@UModSys@@UEAAPEAXI@Z 0000000180001114 f i umodsys_lib_lib3d:umodsys.mod.3d.stdlib.obj
 0001:00000114       ??_ERGenerator@serialize_json@media@modules@UModSys@@UEAAPEAXI@Z 0000000180001114 f i  CIL library: CIL module
 0001:00000114       ??_ERGenerator@stdlib@lib2d@modules@UModSys@@UEAAPEAXI@Z 0000000180001114 f i  CIL library: CIL module
 0001:00000114       ??_GRImageFactory_Memory@stdlib@lib2d@modules@UModSys@@UEAAPEAXI@Z 0000000180001114 f i umodsys_lib_lib2d:umodsys.mod.2d.stdlib.obj
 0001:00000114       ??_ERGenerator@images_std@media@modules@UModSys@@UEAAPEAXI@Z 0000000180001114 f i  CIL library: CIL module
 0001:00000114       ??_ERGenerator@SDL_core@ui@modules@UModSys@@UEAAPEAXI@Z 0000000180001114 f i  CIL library: CIL module
 0001:00000114       ??_ERImageFactory_Memory@stdlib@lib2d@modules@UModSys@@UEAAPEAXI@Z 0000000180001114 f i  CIL library: CIL module
 0001:00000114       ??_GRGenerator@serialize_json@media@modules@UModSys@@UEAAPEAXI@Z 0000000180001114 f i umodsys_lib_libmedia:umodsys.mod.media.serialize_json.obj
 0001:00000114       ??_ERGenerator@SDL_GL@ui@modules@UModSys@@UEAAPEAXI@Z 0000000180001114 f i  CIL library: CIL module
 0001:00000114       ??_GRGenerator@stdlib@lib3d@modules@UModSys@@UEAAPEAXI@Z 0000000180001114 f i umodsys_lib_lib3d:umodsys.mod.3d.stdlib.obj
 0001:00000114       ??_GRGenerator@images_std@media@modules@UModSys@@UEAAPEAXI@Z 0000000180001114 f i umodsys_lib_libmedia:umodsys.mod.media.images_std.obj
 0001:00000114       ??_EIRoot@core@UModSys@@UEAAPEAXI@Z 0000000180001114 f i  CIL library: CIL module
 0001:00000114       ??_ERGenerator@stdlib@lib3d@modules@UModSys@@UEAAPEAXI@Z 0000000180001114 f i  CIL library: CIL module
 0001:00000114       ??_GRGenerator@frames@ui@modules@UModSys@@UEAAPEAXI@Z 0000000180001114 f i umodsys_lib_libui:umodsys.mod.ui.frames.obj
 0001:00000114       ??_ERGenerator@test1@test@modules@UModSys@@UEAAPEAXI@Z 0000000180001114 f i  CIL library: CIL module
 0001:00000114       ??_GRBinArchiveFrameClient_ZIP@zlib@media@modules@UModSys@@UEAAPEAXI@Z 0000000180001114 f i umodsys_lib_libmedia:umodsys.mod.media.zlib.obj
 0001:0000013c       ??1IVisualObject_Camera@lib3d@UModSys@@UEAA@XZ 000000018000113c f i umodsys_lib_lib3d:umodsys.mod.3d.stdlib.obj
 0001:0000013c       ??1IBinObjFilter@libmedia@UModSys@@UEAA@XZ 000000018000113c f i plugin_test1.obj
 0001:00000178       ?root_get_interface_info@RTest1_Shell@test1@test@modules@UModSys@@UEBAAEBUSUniquePointerInfo@core@5@XZ 0000000180001178 f i plugin_test1.obj
 0001:00000180       ?root_get_interface_type@RTest1_Shell@test1@test@modules@UModSys@@UEBAPEBUSUniquePointerInfo@core@5@XZ 0000000180001180 f i plugin_test1.obj
 0001:00000188       ?root_get_other_interface@RTest1_Shell@test1@test@modules@UModSys@@UEAAPEAUIRoot@core@5@PEBUSUniquePointerInfo@75@@Z 0000000180001188 f i plugin_test1.obj
 0001:00000188       ?root_get_other_interface@RTest1_Shell@test1@test@modules@UModSys@@UEBAPEBUIRoot@core@5@PEBUSUniquePointerInfo@75@@Z 0000000180001188 f i plugin_test1.obj
 0001:000001b8       ?root_is_interface_supported@RTest1_Shell@test1@test@modules@UModSys@@UEBA_NPEBUSUniquePointerInfo@core@5@@Z 00000001800011b8 f i plugin_test1.obj
 0001:000001e8       ?ref_add@RTest1_Shell@test1@test@modules@UModSys@@UEBAXXZ 00000001800011e8 f i plugin_test1.obj
 0001:000001ec       ?ref_remove@RTest1_Shell@test1@test@modules@UModSys@@UEBAXXZ 00000001800011ec f i plugin_test1.obj
 0001:00000204       ?ref_links@RTest1_Shell@test1@test@modules@UModSys@@UEBAHXZ 0000000180001204 f i plugin_test1.obj
 0001:00000208       ?ref_weak@RTest1_Shell@test1@test@modules@UModSys@@UEBA_NAEAUWeakPointer@IRefObject@core@5@@Z 0000000180001208 f i plugin_test1.obj
 0001:00000228       ?suicide@RTest1_Shell@test1@test@modules@UModSys@@UEAAXXZ 0000000180001228 f i plugin_test1.obj
 0001:00000274       ??0RTest1_Shell@test1@test@modules@UModSys@@QEAA@PEAUIModObject@base@4@@Z 0000000180001274 f i plugin_test1.obj
 0001:000003c0       ?connect@RTest1_Shell@test1@test@modules@UModSys@@UEAA_NXZ 00000001800013c0 f i plugin_test1.obj
 0001:000003e4       ?disconnect@RTest1_Shell@test1@test@modules@UModSys@@UEAA_NXZ 00000001800013e4 f i plugin_test1.obj
 0001:00000408       ?process_tick@RTest1_Shell@test1@test@modules@UModSys@@UEAA_NAEBUSTimeMsec@core@5@@Z 0000000180001408 f i plugin_test1.obj
 0001:00000444       ?process_command@RTest1_Shell@test1@test@modules@UModSys@@UEAA_NHQEBU?$TString@U?$TSCoreConst@D@su@tl@UModSys@@U?$TComparerBinaryHash@D@234@@tl@5@@Z 0000000180001444 f i plugin_test1.obj
 0001:0000046c       ??_GRTest1_Shell@test1@test@modules@UModSys@@UEAAPEAXI@Z 000000018000146c f i plugin_test1.obj
 0001:0000046c       ??_ERTest1_Shell@test1@test@modules@UModSys@@UEAAPEAXI@Z 000000018000146c f i  CIL library: CIL module
 0001:00000534       ?set_value@Prop@Aux@RTest1_Shell@test1@test@modules@UModSys@@UEAA_NAEBUSPropValueR@core@7@@Z 0000000180001534 f i plugin_test1.obj
 0001:000005e0       ?set_value@PropX@Aux@RTest1_Shell@test1@test@modules@UModSys@@UEAA_NPEBUSUniquePointerInfo@core@7@AEBUSPropValueR@97@@Z 00000001800015e0 f i plugin_test1.obj
 0001:0000074c       ?aux_tests@RTest1_Shell@test1@test@modules@UModSys@@QEAAXXZ 000000018000174c f   plugin_test1.obj
 0001:00000914       ??1SParameters@core@UModSys@@QEAA@XZ 0000000180001914 f i plugin_test1.obj
 0001:00000914       ??1?$TParametersA@$0BAL@@core@UModSys@@QEAA@XZ 0000000180001914 f i umodsys_lib_lib2d:umodsys.mod.2d.stdlib.obj
 0001:00000914       ??1?$TParametersA@$0BAA@@core@UModSys@@QEAA@XZ 0000000180001914 f i umodsys_lib_libui:umodsys.mod.ui.SDL_core.obj
 0001:00000914       ??1?$TParametersA@$0EAA@@core@UModSys@@QEAA@XZ 0000000180001914 f i plugin_test1.obj
 0001:00000930       ?ui_newframes@RTest1_Shell@test1@test@modules@UModSys@@SA?AU?$TRefObject@UICollector@libui@UModSys@@U?$TRefObjectFunc@UICollector@libui@UModSys@@@tl@3@@tl@5@AEBU?$TString@U?$TSCoreConst@D@su@tl@UModSys@@U?$TComparerBinaryHash@D@234@@75@AEBUSParameters@core@5@@Z 0000000180001930 f   plugin_test1.obj
 0001:00000954       ?ui_newterm@RTest1_Shell@test1@test@modules@UModSys@@SA?AU?$TRefObject@UITerminal@libui@UModSys@@U?$TRefObjectFunc@UITerminal@libui@UModSys@@@tl@3@@tl@5@AEBU?$TString@U?$TSCoreConst@D@su@tl@UModSys@@U?$TComparerBinaryHash@D@234@@75@AEBUSParameters@core@5@@Z 0000000180001954 f   plugin_test1.obj
 0001:00000978       ?key_pressed@RTest1_Shell@test1@test@modules@UModSys@@UEAA_NAEBUSKeyboardInputRaw@libui@5@@Z 0000000180001978 f   plugin_test1.obj
 0001:000009e0       ?key_text@RTest1_Shell@test1@test@modules@UModSys@@UEAA_NAEBUSKeyboardInputText@libui@5@@Z 00000001800019e0 f   plugin_test1.obj
 0001:00000a34       ?mouse_event@RTest1_Shell@test1@test@modules@UModSys@@UEAA_NAEBUSMouseInput@libui@5@@Z 0000000180001a34 f   plugin_test1.obj
 0001:00000ad0       ?command@RTest1_Shell@test1@test@modules@UModSys@@UEAA_NAEBUSController@libui@5@HAEBUSFrameDataIn@75@@Z 0000000180001ad0 f   plugin_test1.obj
 0001:00000b20       ?db_get@RTest1_Shell@test1@test@modules@UModSys@@UEAA_NAEBUSController@libui@5@QEBDAEBUSFrameDataOut@75@@Z 0000000180001b20 f   plugin_test1.obj
 0001:00000b84       ?db_get@RTest1_Shell@test1@test@modules@UModSys@@UEAA_NAEBUSController@libui@5@QEBDHAEBUSFrameDataOut@75@@Z 0000000180001b84 f   plugin_test1.obj
 0001:00000bf0       ?on_scene_node_remove@RVisualSceneMapper_Direct@stdlib@lib3d@modules@UModSys@@UEAA_NPEAUIScene@35@PEBUISceneNode@35@@Z 0000000180001bf0 f   umodsys_lib_lib3d:umodsys.mod.3d.stdlib.obj
 0001:00000bf0       ?setup_state@RRenderDriver3D@SDL_GL@ui@modules@UModSys@@UEAA_NAEBUSRenderState@lib3d@5@@Z 0000000180001bf0 f   umodsys_lib_libui:umodsys.mod.ui.SDL_GL.obj
 0001:00000bf0       ?set_hint@RMultiImage@stdlib@lib2d@modules@UModSys@@UEAA_NPEBD0@Z 0000000180001bf0 f   umodsys_lib_lib2d:umodsys.mod.2d.stdlib.obj
 0001:00000bf0       ?node_update_all@RVisualSceneMapper_Direct@stdlib@lib3d@modules@UModSys@@UEAA_NPEAUIScene@35@@Z 0000000180001bf0 f   umodsys_lib_lib3d:umodsys.mod.3d.stdlib.obj
 0001:00000bf0       ?key_event@RFrame_Common@frames@ui@modules@UModSys@@MEAA_NAEBUSKeyboardInputRaw@libui@5@@Z 0000000180001bf0 f   umodsys_lib_libui:umodsys.mod.ui.frames.obj
 0001:00000bf0       ?setup_setlight@RRenderDriver3D@SDL_GL@ui@modules@UModSys@@UEAA_NH_N@Z 0000000180001bf0 f   umodsys_lib_libui:umodsys.mod.ui.SDL_GL.obj
 0001:00000bf0       ?queue_fill@RVisualSceneMapper_Direct@stdlib@lib3d@modules@UModSys@@UEAA_NAEAU?$TIStackSocket@PEAUIVisualObject@lib3d@UModSys@@@tl@5@H_N@Z 0000000180001bf0 f   umodsys_lib_lib3d:umodsys.mod.3d.stdlib.obj
 0001:00000bf0       ?setup_setlight@RRenderDriver3D@SDL_GL@ui@modules@UModSys@@UEAA_NHW4eLightType@lib3d@5@AEBUSLight@75@AEBU?$TMatrix44@N@math3d@5@@Z 0000000180001bf0 f   umodsys_lib_libui:umodsys.mod.ui.SDL_GL.obj
 0001:00000bf0       ?get_cell@RMultiImage2D_SDL_ttf@SDL_GL@ui@modules@UModSys@@UEBA_NIAEAUSImageCellInfo@lib2d@5@@Z 0000000180001bf0 f   umodsys_lib_libui:umodsys.mod.ui.SDL_GL.obj
 0001:00000bf0       ?set_layer_count@RMultiImage2D_SDL_ttf@SDL_GL@ui@modules@UModSys@@UEAA_NG@Z 0000000180001bf0 f   umodsys_lib_libui:umodsys.mod.ui.SDL_GL.obj
 0001:00000bf0       ?setup_fixed_cell@RMultiImage2D_SDL_ttf@SDL_GL@ui@modules@UModSys@@UEAA_NHH@Z 0000000180001bf0 f   umodsys_lib_libui:umodsys.mod.ui.SDL_GL.obj
 0001:00000bf0       ?mouse_setposition@RMouseController@SDL_core@ui@modules@UModSys@@UEAA_NHH@Z 0000000180001bf0 f   umodsys_lib_libui:umodsys.mod.ui.SDL_core.obj
 0001:00000bf0       ?logic_sync@VisualState@RGeneralObject_Camera@stdlib@lib3d@modules@UModSys@@UEAA_NXZ 0000000180001bf0 f   umodsys_lib_lib3d:umodsys.mod.3d.stdlib.obj
 0001:00000bf0       ?map_3d_to_2d@RRenderDriver3D@SDL_GL@ui@modules@UModSys@@UEAA_NAEAU?$TVector2@H@math3d@5@AEBU?$TVector3@N@75@@Z 0000000180001bf0 f   umodsys_lib_libui:umodsys.mod.ui.SDL_GL.obj
 0001:00000bf0       ?render_2d@RVisualizerScene@stdlib@lib3d@modules@UModSys@@UEAA_NPEAUIRenderDriver@35@@Z 0000000180001bf0 f   umodsys_lib_lib3d:umodsys.mod.3d.stdlib.obj
 0001:00000bf0       ?isfull@?$TRStackSocket@PEAUIVisualObject@lib3d@UModSys@@U?$TDynarrayDynamic@PEAUIVisualObject@lib3d@UModSys@@U?$TAllocator@USIMemAlloc@core@UModSys@@USCountCalcPower2@23@@tl@3@@tl@3@@tl@UModSys@@UEBA_NXZ 0000000180001bf0 f   umodsys_lib_lib3d:umodsys.mod.3d.stdlib.obj
 0001:00000bf0       ?arc_deinit@RBinArchiveFrameClient_ZIP@zlib@media@modules@UModSys@@UEAA_NPEAUIBinArchiveFrame@libmedia@5@@Z 0000000180001bf0 f   umodsys_lib_libmedia:umodsys.mod.media.zlib.obj
 0001:00000bf0       ?cast_ray@RRenderer@stdlib@lib3d@modules@UModSys@@UEBA_NPEAUIScene@35@AEBU?$TVector2@M@math3d@5@AEAU?$TVector3@N@85@2@Z 0000000180001bf0 f   umodsys_lib_lib3d:umodsys.mod.3d.stdlib.obj
 0001:00000bf0       ?get_value@RRenderer@stdlib@lib3d@modules@UModSys@@UEBA_NAEBU?$TString@U?$TSCoreConst@D@su@tl@UModSys@@U?$TComparerBinaryHash@D@234@@tl@5@AEBUSPropValueW@core@5@@Z 0000000180001bf0 f   umodsys_lib_lib3d:umodsys.mod.3d.stdlib.obj
 0001:00000bf0       ?key_event@RFrame_Common@frames@ui@modules@UModSys@@MEAA_NAEBUSKeyboardInputText@libui@5@@Z 0000000180001bf0 f   umodsys_lib_libui:umodsys.mod.ui.frames.obj
 0001:00000bf0       ?key_reset@RKeyboardController@SDL_GL@ui@modules@UModSys@@UEAA_NXZ 0000000180001bf0 f   umodsys_lib_libui:umodsys.mod.ui.SDL_GL.obj
 0001:00000bf0       ?command_draw@RTest1_Shell@test1@test@modules@UModSys@@UEAA_NAEBUSController@libui@5@PEAUIRenderDriver@lib2d@5@AEBU?$TBoundBox2@H@math3d@5@@Z 0000000180001bf0 f   plugin_test1.obj
 0001:00000bf0       ?get_cell@RMultiImage2D_SDL_ttf@SDL_GL@ui@modules@UModSys@@UEBA_NIAEAU?$TVector2@H@math3d@5@PEAU675@PEAG@Z 0000000180001bf0 f   umodsys_lib_libui:umodsys.mod.ui.SDL_GL.obj
 0001:00000bf0       ?filter_load@RMediaFilter@images_std@media@modules@UModSys@@UEAA_NAEBUSInfo@IBinObjFilter@libmedia@5@AEAU?$TRefObject@UIRefObject@core@UModSys@@U?$TRefObjectFunc@UIRefObject@core@UModSys@@@tl@3@@tl@5@@Z 0000000180001bf0 f   umodsys_lib_libmedia:umodsys.mod.media.images_std.obj
 0001:00000bf0       ?frame_remove@RCollector@frames@ui@modules@UModSys@@UEAA_NPEAUIFrame@libui@5@@Z 0000000180001bf0 f   umodsys_lib_libui:umodsys.mod.ui.frames.obj
 0001:00000bf0       ?driver_is_reset@RRenderDriver3D@SDL_GL@ui@modules@UModSys@@UEAA_NXZ 0000000180001bf0 f   umodsys_lib_libui:umodsys.mod.ui.SDL_GL.obj
 0001:00000bf0       ?setup_material@RRenderDriver3D@SDL_GL@ui@modules@UModSys@@UEAA_NPEBUSMaterial@lib3d@5@@Z 0000000180001bf0 f   umodsys_lib_libui:umodsys.mod.ui.SDL_GL.obj
 0001:00000bf0       ?set_hint@RMultiImage2D_SDL_ttf@SDL_GL@ui@modules@UModSys@@UEAA_NPEBD0@Z 0000000180001bf0 f   umodsys_lib_libui:umodsys.mod.ui.SDL_GL.obj
 0001:00000bf0       ?output_attach_3d@RCollector@frames@ui@modules@UModSys@@UEAA_NPEAUIRenderDriver@lib3d@5@H@Z 0000000180001bf0 f   umodsys_lib_libui:umodsys.mod.ui.frames.obj
 0001:00000bf0       ?key_setrepeat@RKeyboardController@SDL_GL@ui@modules@UModSys@@UEAA_NMM@Z 0000000180001bf0 f   umodsys_lib_libui:umodsys.mod.ui.SDL_GL.obj
 0001:00000bf0       ?get_cell@RMultiImage2D_SDL_ttf@SDL_core@ui@modules@UModSys@@UEBA_NIAEAU?$TVector2@H@math3d@5@PEAU675@PEAG@Z 0000000180001bf0 f   umodsys_lib_libui:umodsys.mod.ui.SDL_core.obj
 0001:00000bf0       ?key_setmodifier@RKeyboardController@SDL_GL@ui@modules@UModSys@@UEAA_NHHH@Z 0000000180001bf0 f   umodsys_lib_libui:umodsys.mod.ui.SDL_GL.obj
 0001:00000bf0       ?set_hint@RMultiImage2D_SDL_ttf@SDL_core@ui@modules@UModSys@@UEAA_NPEBD0@Z 0000000180001bf0 f   umodsys_lib_libui:umodsys.mod.ui.SDL_core.obj
 0001:00000bf0       ?get_minsize@RCollector@frames@ui@modules@UModSys@@UEAA_NAEAU?$TVector2@H@math3d@5@@Z 0000000180001bf0 f   umodsys_lib_libui:umodsys.mod.ui.frames.obj
 0001:00000bf0       ?get_maxbox@RCollector@frames@ui@modules@UModSys@@UEAA_NAEAU?$TBoundBox2@H@math3d@5@@Z 0000000180001bf0 f   umodsys_lib_libui:umodsys.mod.ui.frames.obj
 0001:00000bf0       ?setup_fixed_cell@RMultiImage2D_SDL_ttf@SDL_core@ui@modules@UModSys@@UEAA_NHH@Z 0000000180001bf0 f   umodsys_lib_libui:umodsys.mod.ui.SDL_core.obj
 0001:00000bf0       ?mouse_setposition@RMouseController@SDL_GL@ui@modules@UModSys@@UEAA_NHH@Z 0000000180001bf0 f   umodsys_lib_libui:umodsys.mod.ui.SDL_GL.obj
 0001:00000bf0       ?key_reset@RKeyboardController@SDL_core@ui@modules@UModSys@@UEAA_NXZ 0000000180001bf0 f   umodsys_lib_libui:umodsys.mod.ui.SDL_core.obj
 0001:00000bf0       ?camera_get_T@VisualState@RGeneralObject_Camera@stdlib@lib3d@modules@UModSys@@UEBA_NAEAU?$TMatrix44@N@math3d@6@@Z 0000000180001bf0 f   umodsys_lib_lib3d:umodsys.mod.3d.stdlib.obj
 0001:00000bf0       ?setup_clearlights@RRenderDriver3D@SDL_GL@ui@modules@UModSys@@UEAA_NW4eLightType@lib3d@5@_N1@Z 0000000180001bf0 f   umodsys_lib_libui:umodsys.mod.ui.SDL_GL.obj
 0001:00000bf0       ?get_cell@RMultiImage2D_SDL_ttf@SDL_core@ui@modules@UModSys@@UEBA_NIAEAUSImageCellInfo@lib2d@5@@Z 0000000180001bf0 f   umodsys_lib_libui:umodsys.mod.ui.SDL_core.obj
 0001:00000bf0       ?key_text@UI_Info@RTest1_Shell@test1@test@modules@UModSys@@UEAA_NAEBUSKeyboardInputText@libui@6@@Z 0000000180001bf0 f   plugin_test1.obj
 0001:00000bf0       ?setup_array@RRenderDriver3D@SDL_GL@ui@modules@UModSys@@UEAA_NPEAUIVertexArray@lib3d@5@W4eVertexClass@75@H@Z 0000000180001bf0 f   umodsys_lib_libui:umodsys.mod.ui.SDL_GL.obj
 0001:00000bf0       ?setup_variable_cell@RMultiImage2D_SDL_ttf@SDL_core@ui@modules@UModSys@@UEAA_NPEBUSImageCellInfo@lib2d@5@KK@Z 0000000180001bf0 f   umodsys_lib_libui:umodsys.mod.ui.SDL_core.obj
 0001:00000bf0       ?key_setmodifier@RKeyboardController@SDL_core@ui@modules@UModSys@@UEAA_NHHH@Z 0000000180001bf0 f   umodsys_lib_libui:umodsys.mod.ui.SDL_core.obj
 0001:00000bf0       ?render_extra@RRenderer@stdlib@lib3d@modules@UModSys@@UEAA_NAEBUSRenderState@35@H@Z 0000000180001bf0 f   umodsys_lib_lib3d:umodsys.mod.3d.stdlib.obj
 0001:00000bf0       ?mouse_event@RFrame_Common@frames@ui@modules@UModSys@@MEAA_NPEBUSMouseInput@libui@5@@Z 0000000180001bf0 f   umodsys_lib_libui:umodsys.mod.ui.frames.obj
 0001:00000bf0       ?set_layer_count@RMultiImage2D_SDL_ttf@SDL_core@ui@modules@UModSys@@UEAA_NG@Z 0000000180001bf0 f   umodsys_lib_libui:umodsys.mod.ui.SDL_core.obj
 0001:00000bf0       ?setup_variable_cell@RMultiImage2D_SDL_ttf@SDL_GL@ui@modules@UModSys@@UEAA_NPEBUSImageCellInfo@lib2d@5@KK@Z 0000000180001bf0 f   umodsys_lib_libui:umodsys.mod.ui.SDL_GL.obj
 0001:00000bf0       ?set_parameters@RRenderDriver2D@SDL_core@ui@modules@UModSys@@UEAA_NPEBDAEBUSParameters@core@5@@Z 0000000180001bf0 f   umodsys_lib_libui:umodsys.mod.ui.SDL_core.obj
 0001:00000bf0       ?set_parameters@RRenderDriver3D@SDL_GL@ui@modules@UModSys@@UEAA_NPEBDAEBUSParameters@core@5@@Z 0000000180001bf0 f   umodsys_lib_libui:umodsys.mod.ui.SDL_GL.obj
 0001:00000bf0       ?set_insize@RFrame_Common@frames@ui@modules@UModSys@@UEAA_NAEBU?$TVector2@H@math3d@5@@Z 0000000180001bf0 f   umodsys_lib_libui:umodsys.mod.ui.frames.obj
 0001:00000bf0       ?set_value@RRenderer@stdlib@lib3d@modules@UModSys@@UEAA_NAEBU?$TString@U?$TSCoreConst@D@su@tl@UModSys@@U?$TComparerBinaryHash@D@234@@tl@5@AEBUSPropValueR@core@5@@Z 0000000180001bf0 f   umodsys_lib_lib3d:umodsys.mod.3d.stdlib.obj
 0001:00000bf0       ?on_scene_node_add@RVisualSceneMapper_Direct@stdlib@lib3d@modules@UModSys@@UEAA_NPEAUIScene@35@PEBUISceneNode@35@@Z 0000000180001bf0 f   umodsys_lib_lib3d:umodsys.mod.3d.stdlib.obj
 0001:00000bf0       ?render_state@VisualState@RGeneralObject_Camera@stdlib@lib3d@modules@UModSys@@UEAA_NAEAUSRenderState@46@@Z 0000000180001bf0 f   umodsys_lib_lib3d:umodsys.mod.3d.stdlib.obj
 0001:00000bf0       ?renderer_set@RVisualSceneMapper_Direct@stdlib@lib3d@modules@UModSys@@UEAA_NPEAUIRenderer@35@@Z 0000000180001bf0 f   umodsys_lib_lib3d:umodsys.mod.3d.stdlib.obj
 0001:00000bf0       ?on_scene_node_change@RVisualSceneMapper_Direct@stdlib@lib3d@modules@UModSys@@UEAA_NPEAUIScene@35@PEBUISceneNode@35@@Z 0000000180001bf0 f   umodsys_lib_lib3d:umodsys.mod.3d.stdlib.obj
 0001:00000bf0       ?cast_ray@RRenderer@stdlib@lib3d@modules@UModSys@@UEBA_NPEAUIScene@35@AEBU?$TVector2@H@math3d@5@AEAU?$TVector3@N@85@2@Z 0000000180001bf0 f   umodsys_lib_lib3d:umodsys.mod.3d.stdlib.obj
 0001:00000bf0       ?set_repeater@RFrame_Common@frames@ui@modules@UModSys@@UEAA_NHH@Z 0000000180001bf0 f   umodsys_lib_libui:umodsys.mod.ui.frames.obj
 0001:00000bf0       ?map_3d_to_2d@RRenderDriver3D@SDL_GL@ui@modules@UModSys@@UEAA_NAEAU?$TVector2@H@math3d@5@AEBU?$TVector2@M@75@@Z 0000000180001bf0 f   umodsys_lib_libui:umodsys.mod.ui.SDL_GL.obj
 0001:00000bf0       ?cast_ray_center@RRenderer@stdlib@lib3d@modules@UModSys@@UEBA_NAEBU?$TVector2@H@math3d@5@AEAU?$TVector3@N@75@@Z 0000000180001bf0 f   umodsys_lib_lib3d:umodsys.mod.3d.stdlib.obj
 0001:00000bf0       ?map_2d_to_3d@RRenderDriver3D@SDL_GL@ui@modules@UModSys@@UEAA_NAEAU?$TVector3@N@math3d@5@AEBU?$TVector2@H@75@@Z 0000000180001bf0 f   umodsys_lib_libui:umodsys.mod.ui.SDL_GL.obj
 0001:00000bf0       ?setup_array_none@RRenderDriver3D@SDL_GL@ui@modules@UModSys@@UEAA_NXZ 0000000180001bf0 f   umodsys_lib_libui:umodsys.mod.ui.SDL_GL.obj
 0001:00000bf0       ?key_setrepeat@RKeyboardController@SDL_core@ui@modules@UModSys@@UEAA_NMM@Z 0000000180001bf0 f   umodsys_lib_libui:umodsys.mod.ui.SDL_core.obj
 0001:00000bf4       ?font_2d@UI_Info@RTest1_Shell@test1@test@modules@UModSys@@QEAA_NXZ 0000000180001bf4 f   plugin_test1.obj
 0001:00000dac       ?init_term@UI_Info@RTest1_Shell@test1@test@modules@UModSys@@QEAA_NPEBD@Z 0000000180001dac f   plugin_test1.obj
 0001:000011dc       ?new_frames@UI_Info@RTest1_Shell@test1@test@modules@UModSys@@QEAA_NPEAUIController@libui@6@@Z 00000001800021dc f   plugin_test1.obj
 0001:0000197c       ??1SFrameCreateParameters@libui@UModSys@@QEAA@XZ 000000018000297c f i plugin_test1.obj
 0001:000019a0       ?shutdown@UI_Info@RTest1_Shell@test1@test@modules@UModSys@@QEAAXXZ 00000001800029a0 f   plugin_test1.obj
 0001:000019f4       ?create_3d@UI_Info@RTest1_Shell@test1@test@modules@UModSys@@QEAA_NPEBD@Z 00000001800029f4 f   plugin_test1.obj
 0001:00001fe8       ?cycle3d_b@UI_Info@RTest1_Shell@test1@test@modules@UModSys@@QEAAXXZ 0000000180002fe8 f   plugin_test1.obj
 0001:00002424       ?new_va_1@UI_Info@RTest1_Shell@test1@test@modules@UModSys@@QEAA_NXZ 0000000180003424 f   plugin_test1.obj
 0001:0000296c       ?fps_move@UI_Info@RTest1_Shell@test1@test@modules@UModSys@@QEAAXNNN@Z 000000018000396c f   plugin_test1.obj
 0001:00002b98       ?fps2_move@UI_Info@RTest1_Shell@test1@test@modules@UModSys@@QEAAXHN@Z 0000000180003b98 f   plugin_test1.obj
 0001:00002c20       ?fps2_add_rot@UI_Info@RTest1_Shell@test1@test@modules@UModSys@@QEAAXNN@Z 0000000180003c20 f   plugin_test1.obj
 0001:00002da0       ?fps_add_rot@UI_Info@RTest1_Shell@test1@test@modules@UModSys@@QEAAXNN@Z 0000000180003da0 f   plugin_test1.obj
 0001:00002e88       ?key_pressed@UI_Info@RTest1_Shell@test1@test@modules@UModSys@@UEAA_NAEBUSKeyboardInputRaw@libui@6@@Z 0000000180003e88 f   plugin_test1.obj
 0001:00002f40       ?mouse_event@UI_Info@RTest1_Shell@test1@test@modules@UModSys@@UEAA_NAEBUSMouseInput@libui@6@@Z 0000000180003f40 f   plugin_test1.obj
 0001:00002fb4       ??1UI_Info@RTest1_Shell@test1@test@modules@UModSys@@QEAA@XZ 0000000180003fb4 f i plugin_test1.obj
 0001:000030ec       ?ui_test2@RTest1_Shell@test1@test@modules@UModSys@@QEAAXXZ 00000001800040ec f   plugin_test1.obj
 0001:000032b8       ?get_generated_names@RGenerator@test1@test@modules@UModSys@@UEBAHAEAUSUniquePtrList@core@5@@Z 00000001800042b8 f i plugin_test1.obj
 0001:000032d8       ?get_generated_types@RGenerator@test1@test@modules@UModSys@@UEBAHAEAUSUniquePtrList@core@5@PEBUSUniquePointerInfo@75@@Z 00000001800042d8 f i plugin_test1.obj
 0001:00003334       ?generate@RGenerator@test1@test@modules@UModSys@@UEAA_NAEAU?$TRefObject@UIRefObject@core@UModSys@@U?$TRefObjectFunc@UIRefObject@core@UModSys@@@tl@3@@tl@5@PEBUSUniquePointerInfo@core@5@AEBUSParameters@95@@Z 0000000180004334 f i plugin_test1.obj
 0001:000033f8       ?root_get_interface_info@RGenerator@test1@test@modules@UModSys@@UEBAAEBUSUniquePointerInfo@core@5@XZ 00000001800043f8 f i plugin_test1.obj
 0001:00003400       ?root_get_interface_type@RGenerator@test1@test@modules@UModSys@@UEBAPEBUSUniquePointerInfo@core@5@XZ 0000000180004400 f i plugin_test1.obj
 0001:00003408       ?root_get_other_interface@RGenerator@test1@test@modules@UModSys@@UEBAPEBUIRoot@core@5@PEBUSUniquePointerInfo@75@@Z 0000000180004408 f i plugin_test1.obj
 0001:00003408       ?root_get_other_interface@RGenerator@test1@test@modules@UModSys@@UEAAPEAUIRoot@core@5@PEBUSUniquePointerInfo@75@@Z 0000000180004408 f i plugin_test1.obj
 0001:00003440       ?root_is_interface_supported@RGenerator@test1@test@modules@UModSys@@UEBA_NPEBUSUniquePointerInfo@core@5@@Z 0000000180004440 f i plugin_test1.obj
 0001:00003478       ?get_uid@RGenerator@test1@test@modules@UModSys@@UEBAPEBUSUniquePointerInfo@core@5@XZ 0000000180004478 f i plugin_test1.obj
 0001:00003480       ?do_open@RModuleReg@test1@test@modules@UModSys@@UEAA_NXZ 0000000180004480 f i plugin_test1.obj
 0001:0000350c       ?do_close@RModuleReg@test1@test@modules@UModSys@@UEAA_NXZ 000000018000450c f i plugin_test1.obj
 0001:00003578       ?get_module@RGenerator@test1@test@modules@UModSys@@UEBAPEAUIModule@base@5@XZ 0000000180004578 f   plugin_test1.obj
 0001:00003580       ?mod_inc@RGenerator@test1@test@modules@UModSys@@UEBA_NXZ 0000000180004580 f   plugin_test1.obj
 0001:00003594       ?mod_dec@RGenerator@test1@test@modules@UModSys@@UEBA_NXZ 0000000180004594 f   plugin_test1.obj
 0001:000035a8       ?s_holder@RGenerator@test1@test@modules@UModSys@@SAAEAU?$TTypeStaticHolder@URGenerator@test1@test@modules@UModSys@@@tl@5@XZ 00000001800045a8 f   plugin_test1.obj
 0001:000035ec       ??0?$TString@U?$TSCoreConst@D@su@tl@UModSys@@U?$TComparerBinaryHash@D@234@@tl@UModSys@@QEAA@PEBD@Z 00000001800045ec f i plugin_test1.obj
 0001:0000366c       ??4?$TString@U?$TSCoreConst@D@su@tl@UModSys@@U?$TComparerBinaryHash@D@234@@tl@UModSys@@QEAAAEBU012@PEBD@Z 000000018000466c f i plugin_test1.obj
 0001:000036e4       ?normalize@?$TVector3@N@math3d@UModSys@@QEAANXZ 00000001800046e4 f i plugin_test1.obj
 0001:00003790       ??1?$TRefObject@URGeneralObject_Camera@stdlib@lib3d@modules@UModSys@@U?$TRefObjectFunc@URGeneralObject_Camera@stdlib@lib3d@modules@UModSys@@@tl@5@@tl@UModSys@@QEAA@XZ 0000000180004790 f i umodsys_lib_lib3d:umodsys.mod.3d.stdlib.obj
 0001:00003790       ??1?$TRefObject@UIKeyboardController@libui@UModSys@@U?$TRefObjectFunc@UIKeyboardController@libui@UModSys@@@tl@3@@tl@UModSys@@QEAA@XZ 0000000180004790 f i plugin_test1.obj
 0001:00003790       ??1?$TRefObject@UIScene@lib3d@UModSys@@U?$TRefObjectFunc@UIScene@lib3d@UModSys@@@tl@3@@tl@UModSys@@QEAA@XZ 0000000180004790 f i umodsys_lib_lib3d:umodsys.mod.3d.stdlib.obj
 0001:00003790       ??1?$TRefObject@URMultiImage2D_SDL_ttf@SDL_core@ui@modules@UModSys@@U?$TRefObjectFunc@URMultiImage2D_SDL_ttf@SDL_core@ui@modules@UModSys@@@tl@5@@tl@UModSys@@QEAA@XZ 0000000180004790 f i umodsys_lib_libui:umodsys.mod.ui.SDL_core.obj
 0001:00003790       ??1?$TRefObject@URFrame_Common@frames@ui@modules@UModSys@@U?$TRefObjectFunc@URFrame_Common@frames@ui@modules@UModSys@@@tl@5@@tl@UModSys@@QEAA@XZ 0000000180004790 f i umodsys_lib_libui:umodsys.mod.ui.frames.obj
 0001:00003790       ??1?$TRefObject@URDialog@frames@ui@modules@UModSys@@U?$TRefObjectFunc@URDialog@frames@ui@modules@UModSys@@@tl@5@@tl@UModSys@@QEAA@XZ 0000000180004790 f i umodsys_lib_libui:umodsys.mod.ui.frames.obj
 0001:00003790       ??1?$TRefObject@URRenderer@stdlib@lib3d@modules@UModSys@@U?$TRefObjectFunc@URRenderer@stdlib@lib3d@modules@UModSys@@@tl@5@@tl@UModSys@@QEAA@XZ 0000000180004790 f i umodsys_lib_lib3d:umodsys.mod.3d.stdlib.obj
 0001:00003790       ??1?$TRefObject@URTerminalX@SDL_GL@ui@modules@UModSys@@U?$TRefObjectFunc@URTerminalX@SDL_GL@ui@modules@UModSys@@@tl@5@@tl@UModSys@@QEAA@XZ 0000000180004790 f i umodsys_lib_libui:umodsys.mod.ui.SDL_GL.obj
 0001:00003790       ??1?$TRefObject@URCollector@frames@ui@modules@UModSys@@U?$TRefObjectFunc@URCollector@frames@ui@modules@UModSys@@@tl@5@@tl@UModSys@@QEAA@XZ 0000000180004790 f i umodsys_lib_libui:umodsys.mod.ui.frames.obj
 0001:00003790       ??1?$TRefObject@URVisualizerScene@stdlib@lib3d@modules@UModSys@@U?$TRefObjectFunc@URVisualizerScene@stdlib@lib3d@modules@UModSys@@@tl@5@@tl@UModSys@@QEAA@XZ 0000000180004790 f i umodsys_lib_lib3d:umodsys.mod.3d.stdlib.obj
 0001:00003790       ??1?$TRefObject@URRenderDriver3D@SDL_GL@ui@modules@UModSys@@U?$TRefObjectFunc@URRenderDriver3D@SDL_GL@ui@modules@UModSys@@@tl@5@@tl@UModSys@@QEAA@XZ 0000000180004790 f i umodsys_lib_libui:umodsys.mod.ui.SDL_GL.obj
 0001:00003790       ??1?$TRefObject@URMultiImage2D_SDL_ttf@SDL_GL@ui@modules@UModSys@@U?$TRefObjectFunc@URMultiImage2D_SDL_ttf@SDL_GL@ui@modules@UModSys@@@tl@5@@tl@UModSys@@QEAA@XZ 0000000180004790 f i umodsys_lib_libui:umodsys.mod.ui.SDL_GL.obj
 0001:00003790       ??1?$TRefObject@UIRenderer@lib3d@UModSys@@U?$TRefObjectFunc@UIRenderer@lib3d@UModSys@@@tl@3@@tl@UModSys@@QEAA@XZ 0000000180004790 f i plugin_test1.obj
 0001:00003790       ??1?$TRefObject@UIVisualObject@lib3d@UModSys@@U?$TRefObjectFunc@UIVisualObject@lib3d@UModSys@@@tl@3@@tl@UModSys@@QEAA@XZ 0000000180004790 f i plugin_test1.obj
 0001:00003790       ??1?$TRefObject@UIRenderDriver@lib3d@UModSys@@U?$TRefObjectFunc@UIRenderDriver@lib3d@UModSys@@@tl@3@@tl@UModSys@@QEAA@XZ 0000000180004790 f i plugin_test1.obj
 0001:00003790       ??1?$TRefObject@URTerminalX@SDL_core@ui@modules@UModSys@@U?$TRefObjectFunc@URTerminalX@SDL_core@ui@modules@UModSys@@@tl@5@@tl@UModSys@@QEAA@XZ 0000000180004790 f i umodsys_lib_libui:umodsys.mod.ui.SDL_core.obj
 0001:00003790       ??1?$TRefObject@URImage_Memory@stdlib@lib2d@modules@UModSys@@U?$TRefObjectFunc@URImage_Memory@stdlib@lib2d@modules@UModSys@@@tl@5@@tl@UModSys@@QEAA@XZ 0000000180004790 f i umodsys_lib_lib2d:umodsys.mod.2d.stdlib.obj
 0001:00003790       ??1?$TRefObject@UIStreamWriter@libmedia@UModSys@@U?$TRefObjectFunc@UIStreamWriter@libmedia@UModSys@@@tl@3@@tl@UModSys@@QEAA@XZ 0000000180004790 f i plugin_test1.obj
 0001:00003790       ??1?$TRefObject@URSerializeReader@serialize_json@media@modules@UModSys@@U?$TRefObjectFunc@URSerializeReader@serialize_json@media@modules@UModSys@@@tl@5@@tl@UModSys@@QEAA@XZ 0000000180004790 f i umodsys_lib_libmedia:umodsys.mod.media.serialize_json.obj
 0001:00003790       ??1?$TRefObject@URBinArchiveFrameClient_ZIP@zlib@media@modules@UModSys@@U?$TRefObjectFunc@URBinArchiveFrameClient_ZIP@zlib@media@modules@UModSys@@@tl@5@@tl@UModSys@@QEAA@XZ 0000000180004790 f i umodsys_lib_libmedia:umodsys.mod.media.zlib.obj
 0001:00003790       ??1?$TRefObject@UITerminal@libui@UModSys@@U?$TRefObjectFunc@UITerminal@libui@UModSys@@@tl@3@@tl@UModSys@@QEAA@XZ 0000000180004790 f i plugin_test1.obj
 0001:00003790       ??1?$TRefObject@UIVisualizerScene@lib3d@UModSys@@U?$TRefObjectFunc@UIVisualizerScene@lib3d@UModSys@@@tl@3@@tl@UModSys@@QEAA@XZ 0000000180004790 f i plugin_test1.obj
 0001:00003790       ??1?$TRefObject@URRenderDriver2D@SDL_core@ui@modules@UModSys@@U?$TRefObjectFunc@URRenderDriver2D@SDL_core@ui@modules@UModSys@@@tl@5@@tl@UModSys@@QEAA@XZ 0000000180004790 f i umodsys_lib_libui:umodsys.mod.ui.SDL_core.obj
 0001:00003790       ??1?$TRefObject@UIGeneralObject@lib3d@UModSys@@U?$TRefObjectFunc@UIGeneralObject@lib3d@UModSys@@@tl@3@@tl@UModSys@@QEAA@XZ 0000000180004790 f i plugin_test1.obj
 0001:00003790       ??1?$TRefObject@UICollector@libui@UModSys@@U?$TRefObjectFunc@UICollector@libui@UModSys@@@tl@3@@tl@UModSys@@QEAA@XZ 0000000180004790 f i plugin_test1.obj
 0001:00003790       ??1?$TRefObject@UIImageFactory@lib2d@UModSys@@U?$TRefObjectFunc@UIImageFactory@lib2d@UModSys@@@tl@3@@tl@UModSys@@QEAA@XZ 0000000180004790 f i plugin_test1.obj
 0001:00003790       ??1?$TRefObject@UIMouseController@libui@UModSys@@U?$TRefObjectFunc@UIMouseController@libui@UModSys@@@tl@3@@tl@UModSys@@QEAA@XZ 0000000180004790 f i plugin_test1.obj
 0001:00003790       ??1?$TRefObject@URVisualSceneMapper_Direct@stdlib@lib3d@modules@UModSys@@U?$TRefObjectFunc@URVisualSceneMapper_Direct@stdlib@lib3d@modules@UModSys@@@tl@5@@tl@UModSys@@QEAA@XZ 0000000180004790 f i umodsys_lib_lib3d:umodsys.mod.3d.stdlib.obj
 0001:00003790       ??1?$TRefObject@URMediaFilter@images_std@media@modules@UModSys@@U?$TRefObjectFunc@URMediaFilter@images_std@media@modules@UModSys@@@tl@5@@tl@UModSys@@QEAA@XZ 0000000180004790 f i umodsys_lib_libmedia:umodsys.mod.media.images_std.obj
 0001:00003790       ??1?$TRefObject@UIRenderDriver@lib2d@UModSys@@U?$TRefObjectFunc@UIRenderDriver@lib2d@UModSys@@@tl@3@@tl@UModSys@@QEAA@XZ 0000000180004790 f i plugin_test1.obj
 0001:00003790       ??1?$TRefObject@URSerializeWriter@serialize_json@media@modules@UModSys@@U?$TRefObjectFunc@URSerializeWriter@serialize_json@media@modules@UModSys@@@tl@5@@tl@UModSys@@QEAA@XZ 0000000180004790 f i umodsys_lib_libmedia:umodsys.mod.media.serialize_json.obj
 0001:00003790       ??1?$TRefObject@URVertexArray@SDL_GL@ui@modules@UModSys@@U?$TRefObjectFunc@URVertexArray@SDL_GL@ui@modules@UModSys@@@tl@5@@tl@UModSys@@QEAA@XZ 0000000180004790 f i umodsys_lib_libui:umodsys.mod.ui.SDL_GL.obj
 0001:00003790       ??1?$TRefObject@UIImage@lib2d@UModSys@@U?$TRefObjectFunc@UIImage@lib2d@UModSys@@@tl@3@@tl@UModSys@@QEAA@XZ 0000000180004790 f i plugin_test1.obj
 0001:00003790       ??1?$TRefObject@UISharedLibrary@lib3d@UModSys@@U?$TRefObjectFunc@UISharedLibrary@lib3d@UModSys@@@tl@3@@tl@UModSys@@QEAA@XZ 0000000180004790 f i umodsys_lib_lib3d:umodsys.mod.3d.stdlib.obj
 0001:00003790       ??1?$TRefObject@URImageFactory_Memory@stdlib@lib2d@modules@UModSys@@U?$TRefObjectFunc@URImageFactory_Memory@stdlib@lib2d@modules@UModSys@@@tl@5@@tl@UModSys@@QEAA@XZ 0000000180004790 f i umodsys_lib_lib2d:umodsys.mod.2d.stdlib.obj
 0001:00003790       ??1?$TRefObject@UIUtilities@libmedia@UModSys@@U?$TRefObjectFunc@UIUtilities@libmedia@UModSys@@@tl@3@@tl@UModSys@@QEAA@XZ 0000000180004790 f i plugin_test1.obj
 0001:00003790       ??1?$TRefObject@UIVertexArray@lib3d@UModSys@@U?$TRefObjectFunc@UIVertexArray@lib3d@UModSys@@@tl@3@@tl@UModSys@@QEAA@XZ 0000000180004790 f i plugin_test1.obj
 0001:00003790       ??1?$TRefObject@UIMultiImage@lib2d@UModSys@@U?$TRefObjectFunc@UIMultiImage@lib2d@UModSys@@@tl@3@@tl@UModSys@@QEAA@XZ 0000000180004790 f i plugin_test1.obj
 0001:00003790       ??1?$TRefObject@UIStreamReader@libmedia@UModSys@@U?$TRefObjectFunc@UIStreamReader@libmedia@UModSys@@@tl@3@@tl@UModSys@@QEAA@XZ 0000000180004790 f i plugin_test1.obj
 0001:00003790       ??1?$TRefObject@UIRefObject@core@UModSys@@U?$TRefObjectFunc@UIRefObject@core@UModSys@@@tl@3@@tl@UModSys@@QEAA@XZ 0000000180004790 f i plugin_test1.obj
 0001:00003790       ??1?$TRefObject@URMultiImage@stdlib@lib2d@modules@UModSys@@U?$TRefObjectFunc@URMultiImage@stdlib@lib2d@modules@UModSys@@@tl@5@@tl@UModSys@@QEAA@XZ 0000000180004790 f i umodsys_lib_lib2d:umodsys.mod.2d.stdlib.obj
 0001:00003790       ??1?$TRefObject@UIFrame@libui@UModSys@@U?$TRefObjectFunc@UIFrame@libui@UModSys@@@tl@3@@tl@UModSys@@QEAA@XZ 0000000180004790 f i umodsys_lib_libui:umodsys.mod.ui.frames.obj
 0001:000037b4       ?info_release@?$TSCoreShared@USIMemAlloc@core@UModSys@@D@su@tl@UModSys@@QEAAXXZ 00000001800047b4 f i plugin_test1.obj
 0001:00003888       ?info_new@?$TSCoreShared@USIMemAlloc@core@UModSys@@D@su@tl@UModSys@@QEAA_NPEBD_K@Z 0000000180004888 f i plugin_test1.obj
 0001:0000395c       ?mult3@?$TMatrix44@N@math3d@UModSys@@QEAAXAEBU123@0@Z 000000018000495c f i plugin_test1.obj
 0001:00003af4       ?set_rotate_about@?$TMatrix44@N@math3d@UModSys@@QEAAXAEBU?$TVector3@N@23@N@Z 0000000180004af4 f i plugin_test1.obj
 0001:00003d54       ?set_inversed@?$TMatrix44@N@math3d@UModSys@@QEAA_NAEBU123@@Z 0000000180004d54 f i plugin_test1.obj
 0001:00004538       ??$generate_type@UICollector@libui@UModSys@@@RTest1_Shell@test1@test@modules@UModSys@@SA?AU?$TRefObject@UICollector@libui@UModSys@@U?$TRefObjectFunc@UICollector@libui@UModSys@@@tl@3@@tl@4@AEBU?$TString@U?$TSCoreConst@D@su@tl@UModSys@@U?$TComparerBinaryHash@D@234@@64@AEBUSParameters@core@4@PEBD@Z 0000000180005538 f i plugin_test1.obj
 0001:00004734       ??$generate_type@UITerminal@libui@UModSys@@@RTest1_Shell@test1@test@modules@UModSys@@SA?AU?$TRefObject@UITerminal@libui@UModSys@@U?$TRefObjectFunc@UITerminal@libui@UModSys@@@tl@3@@tl@4@AEBU?$TString@U?$TSCoreConst@D@su@tl@UModSys@@U?$TComparerBinaryHash@D@234@@64@AEBUSParameters@core@4@PEBD@Z 0000000180005734 f i plugin_test1.obj
 0001:00004930       ??$generate_type@UIRenderer@lib3d@UModSys@@@RTest1_Shell@test1@test@modules@UModSys@@SA?AU?$TRefObject@UIRenderer@lib3d@UModSys@@U?$TRefObjectFunc@UIRenderer@lib3d@UModSys@@@tl@3@@tl@4@AEBU?$TString@U?$TSCoreConst@D@su@tl@UModSys@@U?$TComparerBinaryHash@D@234@@64@AEBUSParameters@core@4@PEBD@Z 0000000180005930 f i plugin_test1.obj
 0001:00004b2c       ??$generate_type@UIVisualizerScene@lib3d@UModSys@@@RTest1_Shell@test1@test@modules@UModSys@@SA?AU?$TRefObject@UIVisualizerScene@lib3d@UModSys@@U?$TRefObjectFunc@UIVisualizerScene@lib3d@UModSys@@@tl@3@@tl@4@AEBU?$TString@U?$TSCoreConst@D@su@tl@UModSys@@U?$TComparerBinaryHash@D@234@@64@AEBUSParameters@core@4@PEBD@Z 0000000180005b2c f i plugin_test1.obj
 0001:00004d28       ??$generate_type@UIGeneralObject@lib3d@UModSys@@@RTest1_Shell@test1@test@modules@UModSys@@SA?AU?$TRefObject@UIGeneralObject@lib3d@UModSys@@U?$TRefObjectFunc@UIGeneralObject@lib3d@UModSys@@@tl@3@@tl@4@AEBU?$TString@U?$TSCoreConst@D@su@tl@UModSys@@U?$TComparerBinaryHash@D@234@@64@AEBUSParameters@core@4@PEBD@Z 0000000180005d28 f i plugin_test1.obj
 0001:00004f24       ??1?$TRefObject@UIModObject@base@UModSys@@U?$TModObjectFunc@UIModObject@base@UModSys@@@tl@3@@tl@UModSys@@QEAA@XZ 0000000180005f24 f i plugin_test1.obj
 0001:00004f50       ?root_get_interface_info@RRenderer@stdlib@lib3d@modules@UModSys@@UEBAAEBUSUniquePointerInfo@core@5@XZ 0000000180005f50 f i umodsys_lib_lib3d:umodsys.mod.3d.stdlib.obj
 0001:00004f58       ?root_get_interface_type@RRenderer@stdlib@lib3d@modules@UModSys@@UEBAPEBUSUniquePointerInfo@core@5@XZ 0000000180005f58 f i umodsys_lib_lib3d:umodsys.mod.3d.stdlib.obj
 0001:00004f60       ?root_get_other_interface@RRenderer@stdlib@lib3d@modules@UModSys@@UEAAPEAUIRoot@core@5@PEBUSUniquePointerInfo@75@@Z 0000000180005f60 f i umodsys_lib_lib3d:umodsys.mod.3d.stdlib.obj
 0001:00004f60       ?root_get_other_interface@RRenderer@stdlib@lib3d@modules@UModSys@@UEBAPEBUIRoot@core@5@PEBUSUniquePointerInfo@75@@Z 0000000180005f60 f i umodsys_lib_lib3d:umodsys.mod.3d.stdlib.obj
 0001:00004f90       ?root_is_interface_supported@RRenderer@stdlib@lib3d@modules@UModSys@@UEBA_NPEBUSUniquePointerInfo@core@5@@Z 0000000180005f90 f i umodsys_lib_lib3d:umodsys.mod.3d.stdlib.obj
 0001:00004fc0       ?ref_add@RSerializeWriter@serialize_json@media@modules@UModSys@@UEBAXXZ 0000000180005fc0 f i umodsys_lib_libmedia:umodsys.mod.media.serialize_json.obj
 0001:00004fc0       ?ref_add@RVisualSceneMapper_Direct@stdlib@lib3d@modules@UModSys@@UEBAXXZ 0000000180005fc0 f i umodsys_lib_lib3d:umodsys.mod.3d.stdlib.obj
 0001:00004fc0       ?ref_add@RRenderer@stdlib@lib3d@modules@UModSys@@UEBAXXZ 0000000180005fc0 f i umodsys_lib_lib3d:umodsys.mod.3d.stdlib.obj
 0001:00004fc4       ?root_get_interface_info@RVisualizerScene@stdlib@lib3d@modules@UModSys@@UEBAAEBUSUniquePointerInfo@core@5@XZ 0000000180005fc4 f i umodsys_lib_lib3d:umodsys.mod.3d.stdlib.obj
 0001:00004fcc       ?root_get_interface_type@RVisualizerScene@stdlib@lib3d@modules@UModSys@@UEBAPEBUSUniquePointerInfo@core@5@XZ 0000000180005fcc f i umodsys_lib_lib3d:umodsys.mod.3d.stdlib.obj
 0001:00004fd4       ?root_get_other_interface@RVisualizerScene@stdlib@lib3d@modules@UModSys@@UEAAPEAUIRoot@core@5@PEBUSUniquePointerInfo@75@@Z 0000000180005fd4 f i umodsys_lib_lib3d:umodsys.mod.3d.stdlib.obj
 0001:00004fd4       ?root_get_other_interface@RVisualizerScene@stdlib@lib3d@modules@UModSys@@UEBAPEBUIRoot@core@5@PEBUSUniquePointerInfo@75@@Z 0000000180005fd4 f i umodsys_lib_lib3d:umodsys.mod.3d.stdlib.obj
 0001:0000500c       ?root_is_interface_supported@RVisualizerScene@stdlib@lib3d@modules@UModSys@@UEBA_NPEBUSUniquePointerInfo@core@5@@Z 000000018000600c f i umodsys_lib_lib3d:umodsys.mod.3d.stdlib.obj
 0001:00005044       ?root_get_interface_info@RVisualSceneMapper_Direct@stdlib@lib3d@modules@UModSys@@UEBAAEBUSUniquePointerInfo@core@5@XZ 0000000180006044 f i umodsys_lib_lib3d:umodsys.mod.3d.stdlib.obj
 0001:0000504c       ?root_get_interface_type@RVisualSceneMapper_Direct@stdlib@lib3d@modules@UModSys@@UEBAPEBUSUniquePointerInfo@core@5@XZ 000000018000604c f i umodsys_lib_lib3d:umodsys.mod.3d.stdlib.obj
 0001:00005054       ?root_get_other_interface@RVisualSceneMapper_Direct@stdlib@lib3d@modules@UModSys@@UEAAPEAUIRoot@core@5@PEBUSUniquePointerInfo@75@@Z 0000000180006054 f i umodsys_lib_lib3d:umodsys.mod.3d.stdlib.obj
 0001:00005054       ?root_get_other_interface@RVisualSceneMapper_Direct@stdlib@lib3d@modules@UModSys@@UEBAPEBUIRoot@core@5@PEBUSUniquePointerInfo@75@@Z 0000000180006054 f i umodsys_lib_lib3d:umodsys.mod.3d.stdlib.obj
 0001:00005084       ?root_is_interface_supported@RVisualSceneMapper_Direct@stdlib@lib3d@modules@UModSys@@UEBA_NPEBUSUniquePointerInfo@core@5@@Z 0000000180006084 f i umodsys_lib_lib3d:umodsys.mod.3d.stdlib.obj
 0001:000050b4       ?ref_remove@RSerializeWriter@serialize_json@media@modules@UModSys@@UEBAXXZ 00000001800060b4 f i umodsys_lib_libmedia:umodsys.mod.media.serialize_json.obj
 0001:000050b4       ?ref_remove@RVisualSceneMapper_Direct@stdlib@lib3d@modules@UModSys@@UEBAXXZ 00000001800060b4 f i umodsys_lib_lib3d:umodsys.mod.3d.stdlib.obj
 0001:000050b4       ?ref_remove@RRenderer@stdlib@lib3d@modules@UModSys@@UEBAXXZ 00000001800060b4 f i umodsys_lib_lib3d:umodsys.mod.3d.stdlib.obj
 0001:000050cc       ?ref_links@RSerializeWriter@serialize_json@media@modules@UModSys@@UEBAHXZ 00000001800060cc f i umodsys_lib_libmedia:umodsys.mod.media.serialize_json.obj
 0001:000050cc       ?ref_links@RVisualSceneMapper_Direct@stdlib@lib3d@modules@UModSys@@UEBAHXZ 00000001800060cc f i umodsys_lib_lib3d:umodsys.mod.3d.stdlib.obj
 0001:000050cc       ?ref_links@RRenderer@stdlib@lib3d@modules@UModSys@@UEBAHXZ 00000001800060cc f i umodsys_lib_lib3d:umodsys.mod.3d.stdlib.obj
 0001:000050d0       ?root_get_interface_info@RGeneralObject_Camera@stdlib@lib3d@modules@UModSys@@UEBAAEBUSUniquePointerInfo@core@5@XZ 00000001800060d0 f i umodsys_lib_lib3d:umodsys.mod.3d.stdlib.obj
 0001:000050d8       ?root_get_interface_type@RGeneralObject_Camera@stdlib@lib3d@modules@UModSys@@UEBAPEBUSUniquePointerInfo@core@5@XZ 00000001800060d8 f i umodsys_lib_lib3d:umodsys.mod.3d.stdlib.obj
 0001:000050e0       ?root_get_other_interface@RGeneralObject_Camera@stdlib@lib3d@modules@UModSys@@UEBAPEBUIRoot@core@5@PEBUSUniquePointerInfo@75@@Z 00000001800060e0 f i umodsys_lib_lib3d:umodsys.mod.3d.stdlib.obj
 0001:000050e0       ?root_get_other_interface@RGeneralObject_Camera@stdlib@lib3d@modules@UModSys@@UEAAPEAUIRoot@core@5@PEBUSUniquePointerInfo@75@@Z 00000001800060e0 f i umodsys_lib_lib3d:umodsys.mod.3d.stdlib.obj
 0001:00005110       ?root_is_interface_supported@RGeneralObject_Camera@stdlib@lib3d@modules@UModSys@@UEBA_NPEBUSUniquePointerInfo@core@5@@Z 0000000180006110 f i umodsys_lib_lib3d:umodsys.mod.3d.stdlib.obj
 0001:00005140       ?root_get_interface_info@VisualState@RGeneralObject_Camera@stdlib@lib3d@modules@UModSys@@UEBAAEBUSUniquePointerInfo@core@6@XZ 0000000180006140 f i umodsys_lib_lib3d:umodsys.mod.3d.stdlib.obj
 0001:00005148       ?root_get_interface_type@VisualState@RGeneralObject_Camera@stdlib@lib3d@modules@UModSys@@UEBAPEBUSUniquePointerInfo@core@6@XZ 0000000180006148 f i umodsys_lib_lib3d:umodsys.mod.3d.stdlib.obj
 0001:00005150       ?root_get_other_interface@VisualState@RGeneralObject_Camera@stdlib@lib3d@modules@UModSys@@UEBAPEBUIRoot@core@6@PEBUSUniquePointerInfo@86@@Z 0000000180006150 f i umodsys_lib_lib3d:umodsys.mod.3d.stdlib.obj
 0001:00005150       ?root_get_other_interface@VisualState@RGeneralObject_Camera@stdlib@lib3d@modules@UModSys@@UEAAPEAUIRoot@core@6@PEBUSUniquePointerInfo@86@@Z 0000000180006150 f i umodsys_lib_lib3d:umodsys.mod.3d.stdlib.obj
 0001:00005188       ?root_is_interface_supported@VisualState@RGeneralObject_Camera@stdlib@lib3d@modules@UModSys@@UEBA_NPEBUSUniquePointerInfo@core@6@@Z 0000000180006188 f i umodsys_lib_lib3d:umodsys.mod.3d.stdlib.obj
 0001:000051c0       ?ref_remove@VisualState@RGeneralObject_Camera@stdlib@lib3d@modules@UModSys@@UEBAXXZ 00000001800061c0 f i umodsys_lib_lib3d:umodsys.mod.3d.stdlib.obj
 0001:000051c0       ?ref_remove@RMediaFilter@images_std@media@modules@UModSys@@UEBAXXZ 00000001800061c0 f i umodsys_lib_libmedia:umodsys.mod.media.images_std.obj
 0001:000051d8       ?suicide@VisualState@RGeneralObject_Camera@stdlib@lib3d@modules@UModSys@@UEAAXXZ 00000001800061d8 f i umodsys_lib_lib3d:umodsys.mod.3d.stdlib.obj
 0001:0000521c       ?get_generated_names@RGenerator@stdlib@lib3d@modules@UModSys@@UEBAHAEAUSUniquePtrList@core@5@@Z 000000018000621c f i umodsys_lib_lib3d:umodsys.mod.3d.stdlib.obj
 0001:0000526c       ?get_generated_types@RGenerator@stdlib@lib3d@modules@UModSys@@UEBAHAEAUSUniquePtrList@core@5@PEBUSUniquePointerInfo@75@@Z 000000018000626c f i umodsys_lib_lib3d:umodsys.mod.3d.stdlib.obj
 0001:00005358       ?generate@RGenerator@stdlib@lib3d@modules@UModSys@@UEAA_NAEAU?$TRefObject@UIRefObject@core@UModSys@@U?$TRefObjectFunc@UIRefObject@core@UModSys@@@tl@3@@tl@5@PEBUSUniquePointerInfo@core@5@AEBUSParameters@95@@Z 0000000180006358 f i umodsys_lib_lib3d:umodsys.mod.3d.stdlib.obj
 0001:00005640       ?root_get_interface_info@RGenerator@stdlib@lib3d@modules@UModSys@@UEBAAEBUSUniquePointerInfo@core@5@XZ 0000000180006640 f i umodsys_lib_lib3d:umodsys.mod.3d.stdlib.obj
 0001:00005648       ?root_get_interface_type@RGenerator@stdlib@lib3d@modules@UModSys@@UEBAPEBUSUniquePointerInfo@core@5@XZ 0000000180006648 f i umodsys_lib_lib3d:umodsys.mod.3d.stdlib.obj
 0001:00005650       ?root_get_other_interface@RGenerator@stdlib@lib3d@modules@UModSys@@UEAAPEAUIRoot@core@5@PEBUSUniquePointerInfo@75@@Z 0000000180006650 f i umodsys_lib_lib3d:umodsys.mod.3d.stdlib.obj
 0001:00005650       ?root_get_other_interface@RGenerator@stdlib@lib3d@modules@UModSys@@UEBAPEBUIRoot@core@5@PEBUSUniquePointerInfo@75@@Z 0000000180006650 f i umodsys_lib_lib3d:umodsys.mod.3d.stdlib.obj
 0001:00005688       ?root_is_interface_supported@RGenerator@stdlib@lib3d@modules@UModSys@@UEBA_NPEBUSUniquePointerInfo@core@5@@Z 0000000180006688 f i umodsys_lib_lib3d:umodsys.mod.3d.stdlib.obj
 0001:000056c0       ?get_uid@RGenerator@stdlib@lib3d@modules@UModSys@@UEBAPEBUSUniquePointerInfo@core@5@XZ 00000001800066c0 f i umodsys_lib_lib3d:umodsys.mod.3d.stdlib.obj
 0001:000056c8       ?library_get@RRenderer@stdlib@lib3d@modules@UModSys@@UEBAPEAUISharedLibrary@35@XZ 00000001800066c8 f   umodsys_lib_lib3d:umodsys.mod.3d.stdlib.obj
 0001:000056d0       ?driver_set@RRenderer@stdlib@lib3d@modules@UModSys@@UEAA_NPEAUIRenderDriver@35@PEAUILibrary@libmedia@5@@Z 00000001800066d0 f   umodsys_lib_lib3d:umodsys.mod.3d.stdlib.obj
 0001:00005710       ?hints@RRenderer@stdlib@lib3d@modules@UModSys@@UEAAAEAUIPropNamedAdapter@core@5@XZ 0000000180006710 f   umodsys_lib_lib3d:umodsys.mod.3d.stdlib.obj
 0001:00005710       ?hints@RRenderer@stdlib@lib3d@modules@UModSys@@UEBAAEBUIPropNamedAdapter@core@5@XZ 0000000180006710 f   umodsys_lib_lib3d:umodsys.mod.3d.stdlib.obj
 0001:0000571c       ?render_begin@RRenderer@stdlib@lib3d@modules@UModSys@@UEAA_NXZ 000000018000671c f   umodsys_lib_lib3d:umodsys.mod.3d.stdlib.obj
 0001:00005740       ?render_3d@RRenderer@stdlib@lib3d@modules@UModSys@@UEAA_NPEAUIVisualizer@35@H_N@Z 0000000180006740 f   umodsys_lib_lib3d:umodsys.mod.3d.stdlib.obj
 0001:000057bc       ?render_2d@RRenderer@stdlib@lib3d@modules@UModSys@@UEAA_NPEAUIVisualizer@35@@Z 00000001800067bc f   umodsys_lib_lib3d:umodsys.mod.3d.stdlib.obj
 0001:00005814       ?render_end@RRenderer@stdlib@lib3d@modules@UModSys@@UEAA_NXZ 0000000180006814 f   umodsys_lib_lib3d:umodsys.mod.3d.stdlib.obj
 0001:00005838       ??_GRRenderer@stdlib@lib3d@modules@UModSys@@UEAAPEAXI@Z 0000000180006838 f i umodsys_lib_lib3d:umodsys.mod.3d.stdlib.obj
 0001:00005838       ??_ERRenderer@stdlib@lib3d@modules@UModSys@@UEAAPEAXI@Z 0000000180006838 f i  CIL library: CIL module
 0001:000058b8       ?renderer_get@RVisualizerScene@stdlib@lib3d@modules@UModSys@@UEBAPEAUIRenderer@35@XZ 00000001800068b8 f   umodsys_lib_lib3d:umodsys.mod.3d.stdlib.obj
 0001:000058b8       ?get_root@RDialog@frames@ui@modules@UModSys@@UEAAPEAUIFrame@libui@5@XZ 00000001800068b8 f   umodsys_lib_libui:umodsys.mod.ui.frames.obj
 0001:000058c0       ?renderer_set@RVisualizerScene@stdlib@lib3d@modules@UModSys@@UEAA_NPEAUIRenderer@35@@Z 00000001800068c0 f   umodsys_lib_lib3d:umodsys.mod.3d.stdlib.obj
 0001:00005950       ?render_3d@RVisualizerScene@stdlib@lib3d@modules@UModSys@@UEAA_NH_NPEAUIRenderDriver@35@@Z 0000000180006950 f   umodsys_lib_lib3d:umodsys.mod.3d.stdlib.obj
 0001:00005ad0       ?scene_get@RVisualizerScene@stdlib@lib3d@modules@UModSys@@UEBA?AUScene@IVisualizerScene@35@_K@Z 0000000180006ad0 f   umodsys_lib_lib3d:umodsys.mod.3d.stdlib.obj
 0001:00005b54       ?scene_index@RVisualizerScene@stdlib@lib3d@modules@UModSys@@UEBA_KAEBUScene@IVisualizerScene@35@@Z 0000000180006b54 f   umodsys_lib_lib3d:umodsys.mod.3d.stdlib.obj
 0001:00005b98       ?scene_add@RVisualizerScene@stdlib@lib3d@modules@UModSys@@UEAA_NAEBUScene@IVisualizerScene@35@@Z 0000000180006b98 f   umodsys_lib_lib3d:umodsys.mod.3d.stdlib.obj
 0001:00005cb4       ?scene_remove@RVisualizerScene@stdlib@lib3d@modules@UModSys@@UEAA_NAEBUScene@IVisualizerScene@35@@Z 0000000180006cb4 f   umodsys_lib_lib3d:umodsys.mod.3d.stdlib.obj
 0001:00005cf8       ??0RVisualizerScene@stdlib@lib3d@modules@UModSys@@QEAA@PEAUIModObject@base@4@AEBUSParameters@core@4@@Z 0000000180006cf8 f   umodsys_lib_lib3d:umodsys.mod.3d.stdlib.obj
 0001:00005db0       ??_GRVisualizerScene@stdlib@lib3d@modules@UModSys@@UEAAPEAXI@Z 0000000180006db0 f i umodsys_lib_lib3d:umodsys.mod.3d.stdlib.obj
 0001:00005db0       ??_ERVisualizerScene@stdlib@lib3d@modules@UModSys@@UEAAPEAXI@Z 0000000180006db0 f i  CIL library: CIL module
 0001:00005ef0       ??_GRVisualSceneMapper_Direct@stdlib@lib3d@modules@UModSys@@UEAAPEAXI@Z 0000000180006ef0 f i umodsys_lib_lib3d:umodsys.mod.3d.stdlib.obj
 0001:00005ef0       ??_ERVisualSceneMapper_Direct@stdlib@lib3d@modules@UModSys@@UEAAPEAXI@Z 0000000180006ef0 f i  CIL library: CIL module
 0001:00005fac       ?visual_new@RGeneralObject_Camera@stdlib@lib3d@modules@UModSys@@UEAA?AU?$TRefObject@UIVisualObject@lib3d@UModSys@@U?$TRefObjectFunc@UIVisualObject@lib3d@UModSys@@@tl@3@@tl@5@PEAUIRenderer@35@PEAUIRenderObject@35@@Z 0000000180006fac f   umodsys_lib_lib3d:umodsys.mod.3d.stdlib.obj
 0001:00006050       ?get_root@RGeneralObject_Camera@stdlib@lib3d@modules@UModSys@@UEAAPEAUIGeneralObject@35@XZ 0000000180007050 f   umodsys_lib_lib3d:umodsys.mod.3d.stdlib.obj
 0001:00006054       ??0RGeneralObject_Camera@stdlib@lib3d@modules@UModSys@@QEAA@PEAUIModObject@base@4@AEBUSParameters@core@4@@Z 0000000180007054 f   umodsys_lib_lib3d:umodsys.mod.3d.stdlib.obj
 0001:00006264       ?object_get@VisualState@RGeneralObject_Camera@stdlib@lib3d@modules@UModSys@@UEBA?AU?$TRefObject@UIGeneralObject@lib3d@UModSys@@U?$TRefObjectFunc@UIGeneralObject@lib3d@UModSys@@@tl@3@@tl@6@XZ 0000000180007264 f   umodsys_lib_lib3d:umodsys.mod.3d.stdlib.obj
 0001:0000629c       ?camera_get_fov@VisualState@RGeneralObject_Camera@stdlib@lib3d@modules@UModSys@@UEBA?AU?$TVector2@M@math3d@6@XZ 000000018000729c f   umodsys_lib_lib3d:umodsys.mod.3d.stdlib.obj
 0001:000062a8       ?camera_get_xyz@VisualState@RGeneralObject_Camera@stdlib@lib3d@modules@UModSys@@UEBA_NPEAU?$TVector3@N@math3d@6@00@Z 00000001800072a8 f   umodsys_lib_lib3d:umodsys.mod.3d.stdlib.obj
 0001:00006308       ?camera_get_planes@VisualState@RGeneralObject_Camera@stdlib@lib3d@modules@UModSys@@UEBAHPEAU?$TPlane3@N@math3d@6@@Z 0000000180007308 f   umodsys_lib_lib3d:umodsys.mod.3d.stdlib.obj
 0001:00006600       ?camera_cast_ray@VisualState@RGeneralObject_Camera@stdlib@lib3d@modules@UModSys@@UEBA_NAEBU?$TVector2@M@math3d@6@AEAU?$TVector3@N@86@1@Z 0000000180007600 f   umodsys_lib_lib3d:umodsys.mod.3d.stdlib.obj
 0001:00006770       ?camera_setup@VisualState@RGeneralObject_Camera@stdlib@lib3d@modules@UModSys@@UEAA_NPEAUIRenderDriver@46@@Z 0000000180007770 f   umodsys_lib_lib3d:umodsys.mod.3d.stdlib.obj
 0001:000067c0       ??0VisualState@RGeneralObject_Camera@stdlib@lib3d@modules@UModSys@@QEAA@PEAU12345@PEAUIRenderer@35@@Z 00000001800077c0 f   umodsys_lib_lib3d:umodsys.mod.3d.stdlib.obj
 0001:00006880       ??_EVisualState@RGeneralObject_Camera@stdlib@lib3d@modules@UModSys@@UEAAPEAXI@Z 0000000180007880 f i  CIL library: CIL module
 0001:00006880       ??_GVisualState@RGeneralObject_Camera@stdlib@lib3d@modules@UModSys@@UEAAPEAXI@Z 0000000180007880 f i umodsys_lib_lib3d:umodsys.mod.3d.stdlib.obj
 0001:000068e4       ?do_open@RModuleReg@stdlib@lib3d@modules@UModSys@@UEAA_NXZ 00000001800078e4 f i umodsys_lib_lib3d:umodsys.mod.3d.stdlib.obj
 0001:00006958       ?do_close@RModuleReg@stdlib@lib3d@modules@UModSys@@UEAA_NXZ 0000000180007958 f i umodsys_lib_lib3d:umodsys.mod.3d.stdlib.obj
 0001:000069a8       ?get_module@RGenerator@stdlib@lib3d@modules@UModSys@@UEBAPEAUIModule@base@5@XZ 00000001800079a8 f   umodsys_lib_lib3d:umodsys.mod.3d.stdlib.obj
 0001:000069b0       ?mod_inc@RGenerator@stdlib@lib3d@modules@UModSys@@UEBA_NXZ 00000001800079b0 f   umodsys_lib_lib3d:umodsys.mod.3d.stdlib.obj
 0001:000069c4       ?mod_dec@RGenerator@stdlib@lib3d@modules@UModSys@@UEBA_NXZ 00000001800079c4 f   umodsys_lib_lib3d:umodsys.mod.3d.stdlib.obj
 0001:000069d8       ?s_holder@RGenerator@stdlib@lib3d@modules@UModSys@@SAAEAU?$TTypeStaticHolder@URGenerator@stdlib@lib3d@modules@UModSys@@@tl@5@XZ 00000001800079d8 f   umodsys_lib_lib3d:umodsys.mod.3d.stdlib.obj
 0001:00006a1c       ?from_3pr@?$TPlane3@N@math3d@UModSys@@QEAAXAEBU?$TVector3@N@23@00@Z 0000000180007a1c f i umodsys_lib_lib3d:umodsys.mod.3d.stdlib.obj
 0001:00006b0c       ??1?$TDynarrayDynamic@UScene@IVisualizerScene@lib3d@UModSys@@U?$TAllocator@USIMemAlloc@core@UModSys@@USCountCalcPower2@23@@tl@4@@tl@UModSys@@QEAA@XZ 0000000180007b0c f i umodsys_lib_lib3d:umodsys.mod.3d.stdlib.obj
 0001:00006b70       ??1?$TRStackSocket@PEAUIVisualObject@lib3d@UModSys@@U?$TDynarrayDynamic@PEAUIVisualObject@lib3d@UModSys@@U?$TAllocator@USIMemAlloc@core@UModSys@@USCountCalcPower2@23@@tl@3@@tl@3@@tl@UModSys@@QEAA@XZ 0000000180007b70 f i umodsys_lib_lib3d:umodsys.mod.3d.stdlib.obj
 0001:00006b7c       ?isempty@?$TRStackSocket@PEAUIVisualObject@lib3d@UModSys@@U?$TDynarrayDynamic@PEAUIVisualObject@lib3d@UModSys@@U?$TAllocator@USIMemAlloc@core@UModSys@@USCountCalcPower2@23@@tl@3@@tl@3@@tl@UModSys@@UEBA_NXZ 0000000180007b7c f i umodsys_lib_lib3d:umodsys.mod.3d.stdlib.obj
 0001:00006b8c       ?push@?$TRStackSocket@PEAUIVisualObject@lib3d@UModSys@@U?$TDynarrayDynamic@PEAUIVisualObject@lib3d@UModSys@@U?$TAllocator@USIMemAlloc@core@UModSys@@USCountCalcPower2@23@@tl@3@@tl@3@@tl@UModSys@@UEAA_NAEBQEAUIVisualObject@lib3d@3@@Z 0000000180007b8c f i umodsys_lib_lib3d:umodsys.mod.3d.stdlib.obj
 0001:00006c38       ?pop@?$TRStackSocket@PEAUIVisualObject@lib3d@UModSys@@U?$TDynarrayDynamic@PEAUIVisualObject@lib3d@UModSys@@U?$TAllocator@USIMemAlloc@core@UModSys@@USCountCalcPower2@23@@tl@3@@tl@3@@tl@UModSys@@UEAA_NAEAPEAUIVisualObject@lib3d@3@@Z 0000000180007c38 f i umodsys_lib_lib3d:umodsys.mod.3d.stdlib.obj
 0001:00006c5c       ?ResizeRel@?$TDynarray@U?$TDynarrayHolderDynamic@UScene@IVisualizerScene@lib3d@UModSys@@U?$TAllocator@USIMemAlloc@core@UModSys@@USCountCalcPower2@23@@tl@4@@tl@UModSys@@@tl@UModSys@@QEAA_N_J@Z 0000000180007c5c f i umodsys_lib_lib3d:umodsys.mod.3d.stdlib.obj
 0001:00006d78       ?RemoveAt@?$TDynarray@U?$TDynarrayHolderDynamic@UScene@IVisualizerScene@lib3d@UModSys@@U?$TAllocator@USIMemAlloc@core@UModSys@@USCountCalcPower2@23@@tl@4@@tl@UModSys@@@tl@UModSys@@QEAA_N_K0@Z 0000000180007d78 f i umodsys_lib_lib3d:umodsys.mod.3d.stdlib.obj
 0001:00006e84       ?ResizeRel@?$TDynarray@U?$TDynarrayHolderDynamic@PEAUIVisualObject@lib3d@UModSys@@U?$TAllocator@USIMemAlloc@core@UModSys@@USCountCalcPower2@23@@tl@3@@tl@UModSys@@@tl@UModSys@@QEAA_N_J@Z 0000000180007e84 f i umodsys_lib_lib3d:umodsys.mod.3d.stdlib.obj
 0001:00006f1c       ??$t_gen_param@URVisualSceneMapper_Direct@stdlib@lib3d@modules@UModSys@@URGenerator@2345@@IGenerator@base@UModSys@@IEAA_NPEAURGenerator@stdlib@lib3d@modules@2@AEAU?$TRefObject@UIRefObject@core@UModSys@@U?$TRefObjectFunc@UIRefObject@core@UModSys@@@tl@3@@tl@2@PEBUSUniquePointerInfo@core@2@AEBUSParameters@core@2@@Z 0000000180007f1c f i umodsys_lib_lib3d:umodsys.mod.3d.stdlib.obj
 0001:0000703c       ??$process_nodes_r@U?$TNodeDeleter0@U?$TScatterArrayNode@U?$TRefObject@UIVisualObject@lib3d@UModSys@@U?$TRefObjectFunc@UIVisualObject@lib3d@UModSys@@@tl@3@@tl@UModSys@@PEBUISceneNode@lib3d@3@@tl@UModSys@@@tl@UModSys@@@?$TTreeHoldRB@U?$TScatterArrayNode@U?$TRefObject@UIVisualObject@lib3d@UModSys@@U?$TRefObjectFunc@UIVisualObject@lib3d@UModSys@@@tl@3@@tl@UModSys@@PEBUISceneNode@lib3d@3@@tl@UModSys@@@tl@UModSys@@KAHPEAU?$TScatterArrayNode@U?$TRefObject@UIVisualObject@lib3d@UModSys@@U?$TRefObjectFunc@UIVisualObject@lib3d@UModSys@@@tl@3@@tl@UModSys@@PEBUISceneNode@lib3d@3@@12@AEBU?$TNodeDeleter0@U?$TScatterArrayNode@U?$TRefObject@UIVisualObject@lib3d@UModSys@@U?$TRefObjectFunc@UIVisualObject@lib3d@UModSys@@@tl@3@@tl@UModSys@@PEBUISceneNode@lib3d@3@@tl@UModSys@@@12@@Z 000000018000803c f i umodsys_lib_lib3d:umodsys.mod.3d.stdlib.obj
 0001:000070b4       ?alloc@SMemShared@core@UModSys@@QEAA_N_KPEAUSSourceContext@23@@Z 00000001800080b4 f i umodsys_lib_lib2d:umodsys.mod.2d.stdlib.obj
 0001:00007138       ?Convert@stdlib@lib2d@modules@UModSys@@YA_NAEBU?$TBoundBox2@H@math3d@4@AEBUSImageInfo@24@AEBUSMem@core@4@01AEBUSCMem@94@@Z 0000000180008138 f i umodsys_lib_lib2d:umodsys.mod.2d.stdlib.obj
 0001:0000728c       ?root_get_interface_info@RImage_Memory@stdlib@lib2d@modules@UModSys@@UEBAAEBUSUniquePointerInfo@core@5@XZ 000000018000828c f i umodsys_lib_lib2d:umodsys.mod.2d.stdlib.obj
 0001:00007294       ?root_get_interface_type@RImage_Memory@stdlib@lib2d@modules@UModSys@@UEBAPEBUSUniquePointerInfo@core@5@XZ 0000000180008294 f i umodsys_lib_lib2d:umodsys.mod.2d.stdlib.obj
 0001:0000729c       ?root_get_other_interface@RImage_Memory@stdlib@lib2d@modules@UModSys@@UEAAPEAUIRoot@core@5@PEBUSUniquePointerInfo@75@@Z 000000018000829c f i umodsys_lib_lib2d:umodsys.mod.2d.stdlib.obj
 0001:0000729c       ?root_get_other_interface@RImage_Memory@stdlib@lib2d@modules@UModSys@@UEBAPEBUIRoot@core@5@PEBUSUniquePointerInfo@75@@Z 000000018000829c f i umodsys_lib_lib2d:umodsys.mod.2d.stdlib.obj
 0001:000072cc       ?root_is_interface_supported@RImage_Memory@stdlib@lib2d@modules@UModSys@@UEBA_NPEBUSUniquePointerInfo@core@5@@Z 00000001800082cc f i umodsys_lib_lib2d:umodsys.mod.2d.stdlib.obj
 0001:000072fc       ?root_get_interface_info@RImageFactory_Memory@stdlib@lib2d@modules@UModSys@@UEBAAEBUSUniquePointerInfo@core@5@XZ 00000001800082fc f i umodsys_lib_lib2d:umodsys.mod.2d.stdlib.obj
 0001:00007304       ?root_get_interface_type@RImageFactory_Memory@stdlib@lib2d@modules@UModSys@@UEBAPEBUSUniquePointerInfo@core@5@XZ 0000000180008304 f i umodsys_lib_lib2d:umodsys.mod.2d.stdlib.obj
 0001:0000730c       ?root_get_other_interface@RImageFactory_Memory@stdlib@lib2d@modules@UModSys@@UEBAPEBUIRoot@core@5@PEBUSUniquePointerInfo@75@@Z 000000018000830c f i umodsys_lib_lib2d:umodsys.mod.2d.stdlib.obj
 0001:0000730c       ?root_get_other_interface@RImageFactory_Memory@stdlib@lib2d@modules@UModSys@@UEAAPEAUIRoot@core@5@PEBUSUniquePointerInfo@75@@Z 000000018000830c f i umodsys_lib_lib2d:umodsys.mod.2d.stdlib.obj
 0001:0000733c       ?root_is_interface_supported@RImageFactory_Memory@stdlib@lib2d@modules@UModSys@@UEBA_NPEBUSUniquePointerInfo@core@5@@Z 000000018000833c f i umodsys_lib_lib2d:umodsys.mod.2d.stdlib.obj
 0001:0000736c       ?root_get_interface_info@RMultiImage@stdlib@lib2d@modules@UModSys@@UEBAAEBUSUniquePointerInfo@core@5@XZ 000000018000836c f i umodsys_lib_lib2d:umodsys.mod.2d.stdlib.obj
 0001:00007374       ?root_get_interface_type@RMultiImage@stdlib@lib2d@modules@UModSys@@UEBAPEBUSUniquePointerInfo@core@5@XZ 0000000180008374 f i umodsys_lib_lib2d:umodsys.mod.2d.stdlib.obj
 0001:0000737c       ?root_get_other_interface@RMultiImage@stdlib@lib2d@modules@UModSys@@UEAAPEAUIRoot@core@5@PEBUSUniquePointerInfo@75@@Z 000000018000837c f i umodsys_lib_lib2d:umodsys.mod.2d.stdlib.obj
 0001:0000737c       ?root_get_other_interface@RMultiImage@stdlib@lib2d@modules@UModSys@@UEBAPEBUIRoot@core@5@PEBUSUniquePointerInfo@75@@Z 000000018000837c f i umodsys_lib_lib2d:umodsys.mod.2d.stdlib.obj
 0001:000073ac       ?root_is_interface_supported@RMultiImage@stdlib@lib2d@modules@UModSys@@UEBA_NPEBUSUniquePointerInfo@core@5@@Z 00000001800083ac f i umodsys_lib_lib2d:umodsys.mod.2d.stdlib.obj
 0001:000073dc       ?get_generated_names@RGenerator@stdlib@lib2d@modules@UModSys@@UEBAHAEAUSUniquePtrList@core@5@@Z 00000001800083dc f i umodsys_lib_lib2d:umodsys.mod.2d.stdlib.obj
 0001:00007420       ?get_generated_types@RGenerator@stdlib@lib2d@modules@UModSys@@UEBAHAEAUSUniquePtrList@core@5@PEBUSUniquePointerInfo@75@@Z 0000000180008420 f i umodsys_lib_lib2d:umodsys.mod.2d.stdlib.obj
 0001:000074b4       ?generate@RGenerator@stdlib@lib2d@modules@UModSys@@UEAA_NAEAU?$TRefObject@UIRefObject@core@UModSys@@U?$TRefObjectFunc@UIRefObject@core@UModSys@@@tl@3@@tl@5@PEBUSUniquePointerInfo@core@5@AEBUSParameters@95@@Z 00000001800084b4 f i umodsys_lib_lib2d:umodsys.mod.2d.stdlib.obj
 0001:000075e4       ?root_get_interface_info@RGenerator@stdlib@lib2d@modules@UModSys@@UEBAAEBUSUniquePointerInfo@core@5@XZ 00000001800085e4 f i umodsys_lib_lib2d:umodsys.mod.2d.stdlib.obj
 0001:000075ec       ?root_get_interface_type@RGenerator@stdlib@lib2d@modules@UModSys@@UEBAPEBUSUniquePointerInfo@core@5@XZ 00000001800085ec f i umodsys_lib_lib2d:umodsys.mod.2d.stdlib.obj
 0001:000075f4       ?root_get_other_interface@RGenerator@stdlib@lib2d@modules@UModSys@@UEBAPEBUIRoot@core@5@PEBUSUniquePointerInfo@75@@Z 00000001800085f4 f i umodsys_lib_lib2d:umodsys.mod.2d.stdlib.obj
 0001:000075f4       ?root_get_other_interface@RGenerator@stdlib@lib2d@modules@UModSys@@UEAAPEAUIRoot@core@5@PEBUSUniquePointerInfo@75@@Z 00000001800085f4 f i umodsys_lib_lib2d:umodsys.mod.2d.stdlib.obj
 0001:0000762c       ?root_is_interface_supported@RGenerator@stdlib@lib2d@modules@UModSys@@UEBA_NPEBUSUniquePointerInfo@core@5@@Z 000000018000862c f i umodsys_lib_lib2d:umodsys.mod.2d.stdlib.obj
 0001:00007664       ?ref_remove@RGenerator@test1@test@modules@UModSys@@UEBAXXZ 0000000180008664 f i plugin_test1.obj
 0001:00007664       ?ref_remove@RGenerator@serialize_json@media@modules@UModSys@@UEBAXXZ 0000000180008664 f i umodsys_lib_libmedia:umodsys.mod.media.serialize_json.obj
 0001:00007664       ?ref_remove@RGenerator@SDL_GL@ui@modules@UModSys@@UEBAXXZ 0000000180008664 f i umodsys_lib_libui:umodsys.mod.ui.SDL_GL.obj
 0001:00007664       ?ref_remove@RGenerator@SDL_core@ui@modules@UModSys@@UEBAXXZ 0000000180008664 f i umodsys_lib_libui:umodsys.mod.ui.SDL_core.obj
 0001:00007664       ?ref_remove@RBinArchiveFrameClient_ZIP@zlib@media@modules@UModSys@@UEBAXXZ 0000000180008664 f i umodsys_lib_libmedia:umodsys.mod.media.zlib.obj
 0001:00007664       ?ref_remove@RImage_Memory@stdlib@lib2d@modules@UModSys@@UEBAXXZ 0000000180008664 f i umodsys_lib_lib2d:umodsys.mod.2d.stdlib.obj
 0001:00007664       ?ref_remove@RGenerator@stdlib@lib3d@modules@UModSys@@UEBAXXZ 0000000180008664 f i umodsys_lib_lib3d:umodsys.mod.3d.stdlib.obj
 0001:00007664       ?ref_remove@RImageFactory_Memory@stdlib@lib2d@modules@UModSys@@UEBAXXZ 0000000180008664 f i umodsys_lib_lib2d:umodsys.mod.2d.stdlib.obj
 0001:00007664       ?ref_remove@RTerminal@SDL_core@ui@modules@UModSys@@UEBAXXZ 0000000180008664 f i umodsys_lib_libui:umodsys.mod.ui.SDL_core.obj
 0001:00007664       ?ref_remove@RGenerator@zlib@media@modules@UModSys@@UEBAXXZ 0000000180008664 f i umodsys_lib_libmedia:umodsys.mod.media.zlib.obj
 0001:00007664       ?ref_remove@RGenerator@stdlib@lib2d@modules@UModSys@@UEBAXXZ 0000000180008664 f i umodsys_lib_lib2d:umodsys.mod.2d.stdlib.obj
 0001:00007664       ?ref_remove@RGenerator@frames@ui@modules@UModSys@@UEBAXXZ 0000000180008664 f i umodsys_lib_libui:umodsys.mod.ui.frames.obj
 0001:00007664       ?ref_remove@RSerializeReader@serialize_json@media@modules@UModSys@@UEBAXXZ 0000000180008664 f i umodsys_lib_libmedia:umodsys.mod.media.serialize_json.obj
 0001:00007664       ?ref_remove@RMultiImage2D_SDL_ttf@SDL_GL@ui@modules@UModSys@@UEBAXXZ 0000000180008664 f i umodsys_lib_libui:umodsys.mod.ui.SDL_GL.obj
 0001:00007664       ?ref_remove@RVisualizerScene@stdlib@lib3d@modules@UModSys@@UEBAXXZ 0000000180008664 f i umodsys_lib_lib3d:umodsys.mod.3d.stdlib.obj
 0001:00007664       ?ref_remove@RGenerator@images_std@media@modules@UModSys@@UEBAXXZ 0000000180008664 f i umodsys_lib_libmedia:umodsys.mod.media.images_std.obj
 0001:00007664       ?ref_remove@RMultiImage@stdlib@lib2d@modules@UModSys@@UEBAXXZ 0000000180008664 f i umodsys_lib_lib2d:umodsys.mod.2d.stdlib.obj
 0001:00007664       ?ref_remove@RGeneralObject_Camera@stdlib@lib3d@modules@UModSys@@UEBAXXZ 0000000180008664 f i umodsys_lib_lib3d:umodsys.mod.3d.stdlib.obj
 0001:00007664       ?ref_remove@RDialog@frames@ui@modules@UModSys@@UEBAXXZ 0000000180008664 f i umodsys_lib_libui:umodsys.mod.ui.frames.obj
 0001:00007664       ?ref_remove@RTerminal@SDL_GL@ui@modules@UModSys@@UEBAXXZ 0000000180008664 f i umodsys_lib_libui:umodsys.mod.ui.SDL_GL.obj
 0001:00007664       ?ref_remove@RMultiImage2D_SDL_ttf@SDL_core@ui@modules@UModSys@@UEBAXXZ 0000000180008664 f i umodsys_lib_libui:umodsys.mod.ui.SDL_core.obj
 0001:00007664       ?ref_remove@RVertexArray@SDL_GL@ui@modules@UModSys@@UEBAXXZ 0000000180008664 f i umodsys_lib_libui:umodsys.mod.ui.SDL_GL.obj
 0001:0000767c       ?get_uid@RGenerator@stdlib@lib2d@modules@UModSys@@UEBAPEBUSUniquePointerInfo@core@5@XZ 000000018000867c f i umodsys_lib_lib2d:umodsys.mod.2d.stdlib.obj
 0001:00007684       ?set_info@RImage_Memory@stdlib@lib2d@modules@UModSys@@UEAA_NAEBUSImagePatchInfo@35@PEBD@Z 0000000180008684 f   umodsys_lib_lib2d:umodsys.mod.2d.stdlib.obj
 0001:000078e4       ?set_data@RImage_Memory@stdlib@lib2d@modules@UModSys@@UEAA_NAEBUSImagePatchInfo@35@AEBUSCMem@core@5@H@Z 00000001800088e4 f   umodsys_lib_lib2d:umodsys.mod.2d.stdlib.obj
 0001:00007998       ?get_info@RImage_Memory@stdlib@lib2d@modules@UModSys@@UEBAAEBUSImageInfo@35@XZ 0000000180008998 f   umodsys_lib_lib2d:umodsys.mod.2d.stdlib.obj
 0001:000079a0       ?get_data@RImage_Memory@stdlib@lib2d@modules@UModSys@@UEBA_NAEBUSImagePatchInfo@35@AEBUSMem@core@5@H@Z 00000001800089a0 f   umodsys_lib_lib2d:umodsys.mod.2d.stdlib.obj
 0001:00007a70       ??0RImage_Memory@stdlib@lib2d@modules@UModSys@@QEAA@PEAUIModObject@base@4@AEBUSParameters@core@4@@Z 0000000180008a70 f   umodsys_lib_lib2d:umodsys.mod.2d.stdlib.obj
 0001:00007b18       ??_GRImage_Memory@stdlib@lib2d@modules@UModSys@@UEAAPEAXI@Z 0000000180008b18 f i umodsys_lib_lib2d:umodsys.mod.2d.stdlib.obj
 0001:00007b18       ??_ERImage_Memory@stdlib@lib2d@modules@UModSys@@UEAAPEAXI@Z 0000000180008b18 f i  CIL library: CIL module
 0001:00007b88       ?image_new@RImageFactory_Memory@stdlib@lib2d@modules@UModSys@@UEAA?AU?$TRefObject@UIImage@lib2d@UModSys@@U?$TRefObjectFunc@UIImage@lib2d@UModSys@@@tl@3@@tl@5@XZ 0000000180008b88 f   umodsys_lib_lib2d:umodsys.mod.2d.stdlib.obj
 0001:00007d0c       ?image_new@RImageFactory_Memory@stdlib@lib2d@modules@UModSys@@UEAA?AU?$TRefObject@UIImage@lib2d@UModSys@@U?$TRefObjectFunc@UIImage@lib2d@UModSys@@@tl@3@@tl@5@AEBUSImagePatchInfo@35@PEBD@Z 0000000180008d0c f   umodsys_lib_lib2d:umodsys.mod.2d.stdlib.obj
 0001:00007ee0       ?get_max_cell_size@RMultiImage@stdlib@lib2d@modules@UModSys@@UEBA?AU?$TVector2@H@math3d@5@XZ 0000000180008ee0 f   umodsys_lib_lib2d:umodsys.mod.2d.stdlib.obj
 0001:00007ee0       ?get_max_layer_size@RMultiImage@stdlib@lib2d@modules@UModSys@@UEBA?AU?$TVector2@H@math3d@5@XZ 0000000180008ee0 f   umodsys_lib_lib2d:umodsys.mod.2d.stdlib.obj
 0001:00007f0c       ?get_fixed_cell_size@RMultiImage@stdlib@lib2d@modules@UModSys@@UEBA?AU?$TVector2@H@math3d@5@XZ 0000000180008f0c f   umodsys_lib_lib2d:umodsys.mod.2d.stdlib.obj
 0001:00007f2c       ?get_layer_count@RMultiImage@stdlib@lib2d@modules@UModSys@@UEBAGXZ 0000000180008f2c f   umodsys_lib_lib2d:umodsys.mod.2d.stdlib.obj
 0001:00007f40       ?get_layer@RMultiImage@stdlib@lib2d@modules@UModSys@@UEBAPEAUIImage@35@G@Z 0000000180008f40 f   umodsys_lib_lib2d:umodsys.mod.2d.stdlib.obj
 0001:00007f64       ?get_cell_count@RMultiImage@stdlib@lib2d@modules@UModSys@@UEBAIXZ 0000000180008f64 f   umodsys_lib_lib2d:umodsys.mod.2d.stdlib.obj
 0001:00007f78       ?get_cell@RMultiImage@stdlib@lib2d@modules@UModSys@@UEBA_NIAEAU?$TVector2@H@math3d@5@PEAU675@PEAG@Z 0000000180008f78 f   umodsys_lib_lib2d:umodsys.mod.2d.stdlib.obj
 0001:00007fd0       ?get_cell@RMultiImage@stdlib@lib2d@modules@UModSys@@UEBA_NIAEAUSImageCellInfo@35@@Z 0000000180008fd0 f   umodsys_lib_lib2d:umodsys.mod.2d.stdlib.obj
 0001:00008008       ?set_layer_count@RMultiImage@stdlib@lib2d@modules@UModSys@@UEAA_NG@Z 0000000180009008 f   umodsys_lib_lib2d:umodsys.mod.2d.stdlib.obj
 0001:00008110       ?setup_fixed_cell@RMultiImage@stdlib@lib2d@modules@UModSys@@UEAA_NHH@Z 0000000180009110 f   umodsys_lib_lib2d:umodsys.mod.2d.stdlib.obj
 0001:0000812c       ?setup_variable_cell@RMultiImage@stdlib@lib2d@modules@UModSys@@UEAA_NPEBUSImageCellInfo@35@KK@Z 000000018000912c f   umodsys_lib_lib2d:umodsys.mod.2d.stdlib.obj
 0001:000081d4       ??0RMultiImage@stdlib@lib2d@modules@UModSys@@QEAA@PEAUIModObject@base@4@AEBUSParameters@core@4@@Z 00000001800091d4 f   umodsys_lib_lib2d:umodsys.mod.2d.stdlib.obj
 0001:000082f0       ??_ERMultiImage@stdlib@lib2d@modules@UModSys@@UEAAPEAXI@Z 00000001800092f0 f i  CIL library: CIL module
 0001:000082f0       ??_GRMultiImage@stdlib@lib2d@modules@UModSys@@UEAAPEAXI@Z 00000001800092f0 f i umodsys_lib_lib2d:umodsys.mod.2d.stdlib.obj
 0001:000083c8       ?do_open@RModuleReg@stdlib@lib2d@modules@UModSys@@UEAA_NXZ 00000001800093c8 f i umodsys_lib_lib2d:umodsys.mod.2d.stdlib.obj
 0001:0000843c       ?do_close@RModuleReg@stdlib@lib2d@modules@UModSys@@UEAA_NXZ 000000018000943c f i umodsys_lib_lib2d:umodsys.mod.2d.stdlib.obj
 0001:0000848c       ?get_module@RGenerator@stdlib@lib2d@modules@UModSys@@UEBAPEAUIModule@base@5@XZ 000000018000948c f   umodsys_lib_lib2d:umodsys.mod.2d.stdlib.obj
 0001:00008494       ?mod_inc@RGenerator@stdlib@lib2d@modules@UModSys@@UEBA_NXZ 0000000180009494 f   umodsys_lib_lib2d:umodsys.mod.2d.stdlib.obj
 0001:000084a8       ?mod_dec@RGenerator@stdlib@lib2d@modules@UModSys@@UEBA_NXZ 00000001800094a8 f   umodsys_lib_lib2d:umodsys.mod.2d.stdlib.obj
 0001:000084bc       ?s_holder@RGenerator@stdlib@lib2d@modules@UModSys@@SAAEAU?$TTypeStaticHolder@URGenerator@stdlib@lib2d@modules@UModSys@@@tl@5@XZ 00000001800094bc f   umodsys_lib_lib2d:umodsys.mod.2d.stdlib.obj
 0001:00008500       ??1?$TDynarrayDynamic@USImageCellInfo@lib2d@UModSys@@U?$TAllocator@USIMemAlloc@core@UModSys@@USCountCalcPower2@23@@tl@3@@tl@UModSys@@QEAA@XZ 0000000180009500 f i umodsys_lib_lib2d:umodsys.mod.2d.stdlib.obj
 0001:00008508       ?Resize@?$TDynarray@U?$TDynarrayHolderDynamic@USImageCellInfo@lib2d@UModSys@@U?$TAllocator@USIMemAlloc@core@UModSys@@USCountCalcPower2@23@@tl@3@@tl@UModSys@@@tl@UModSys@@QEAA_N_K@Z 0000000180009508 f i umodsys_lib_lib2d:umodsys.mod.2d.stdlib.obj
 0001:000085a8       ??1?$TDynarrayDynamic@U?$TRefObject@UIImage@lib2d@UModSys@@U?$TRefObjectFunc@UIImage@lib2d@UModSys@@@tl@3@@tl@UModSys@@U?$TAllocator@USIMemAlloc@core@UModSys@@USCountCalcPower2@23@@23@@tl@UModSys@@QEAA@XZ 00000001800095a8 f i umodsys_lib_lib2d:umodsys.mod.2d.stdlib.obj
 0001:00008608       ?Resize@?$TDynarray@U?$TDynarrayHolderDynamic@U?$TRefObject@UIImage@lib2d@UModSys@@U?$TRefObjectFunc@UIImage@lib2d@UModSys@@@tl@3@@tl@UModSys@@U?$TAllocator@USIMemAlloc@core@UModSys@@USCountCalcPower2@23@@23@@tl@UModSys@@@tl@UModSys@@QEAA_N_K@Z 0000000180009608 f i umodsys_lib_lib2d:umodsys.mod.2d.stdlib.obj
 0001:00008704       ??1?$TDynarray@U?$TDynarrayHolderDynamic@USImageCellInfo@lib2d@UModSys@@U?$TAllocator@USIMemAlloc@core@UModSys@@USCountCalcPower2@23@@tl@3@@tl@UModSys@@@tl@UModSys@@QEAA@XZ 0000000180009704 f i umodsys_lib_lib2d:umodsys.mod.2d.stdlib.obj
 0001:000087d0       ??$t_gen_param@URImageFactory_Memory@stdlib@lib2d@modules@UModSys@@URGenerator@2345@@IGenerator@base@UModSys@@IEAA_NPEAURGenerator@stdlib@lib2d@modules@2@AEAU?$TRefObject@UIRefObject@core@UModSys@@U?$TRefObjectFunc@UIRefObject@core@UModSys@@@tl@3@@tl@2@PEBUSUniquePointerInfo@core@2@AEBUSParameters@core@2@@Z 00000001800097d0 f i umodsys_lib_lib2d:umodsys.mod.2d.stdlib.obj
 0001:000088e0       ??$t_gen_param@URMultiImage@stdlib@lib2d@modules@UModSys@@URGenerator@2345@@IGenerator@base@UModSys@@IEAA_NPEAURGenerator@stdlib@lib2d@modules@2@AEAU?$TRefObject@UIRefObject@core@UModSys@@U?$TRefObjectFunc@UIRefObject@core@UModSys@@@tl@3@@tl@2@PEBUSUniquePointerInfo@core@2@AEBUSParameters@core@2@@Z 00000001800098e0 f i umodsys_lib_lib2d:umodsys.mod.2d.stdlib.obj
 0001:000089d8       ??$ValidateConstruction@UIImage@lib2d@UModSys@@URImage_Memory@stdlib@2modules@3@@core@UModSys@@YA_NAEAU?$TRefObject@UIImage@lib2d@UModSys@@U?$TRefObjectFunc@UIImage@lib2d@UModSys@@@tl@3@@tl@1@PEAURImage_Memory@stdlib@lib2d@modules@1@@Z 00000001800099d8 f i umodsys_lib_lib2d:umodsys.mod.2d.stdlib.obj
 0001:00008a30       ?e@SGLFuncs@SDL_GL@ui@modules@UModSys@@QEBAXXZ 0000000180009a30 f i umodsys_lib_libui:umodsys.mod.ui.SDL_GL.obj
 0001:00008ab4       ?set_composite_all@SGLFuncsLegacy@SDL_GL@ui@modules@UModSys@@QEBAXH@Z 0000000180009ab4 f i umodsys_lib_libui:umodsys.mod.ui.SDL_GL.obj
 0001:00008b74       ?crebind@STextureGL@SDL_GL@ui@modules@UModSys@@QEAAX_N@Z 0000000180009b74 f i umodsys_lib_libui:umodsys.mod.ui.SDL_GL.obj
 0001:00008bf0       ?root_get_interface_info@RKeyboardController@SDL_GL@ui@modules@UModSys@@UEBAAEBUSUniquePointerInfo@core@5@XZ 0000000180009bf0 f i umodsys_lib_libui:umodsys.mod.ui.SDL_GL.obj
 0001:00008bf8       ?root_get_interface_type@RKeyboardController@SDL_GL@ui@modules@UModSys@@UEBAPEBUSUniquePointerInfo@core@5@XZ 0000000180009bf8 f i umodsys_lib_libui:umodsys.mod.ui.SDL_GL.obj
 0001:00008c00       ?root_get_other_interface@RKeyboardController@SDL_GL@ui@modules@UModSys@@UEBAPEBUIRoot@core@5@PEBUSUniquePointerInfo@75@@Z 0000000180009c00 f i umodsys_lib_libui:umodsys.mod.ui.SDL_GL.obj
 0001:00008c00       ?root_get_other_interface@RKeyboardController@SDL_GL@ui@modules@UModSys@@UEAAPEAUIRoot@core@5@PEBUSUniquePointerInfo@75@@Z 0000000180009c00 f i umodsys_lib_libui:umodsys.mod.ui.SDL_GL.obj
 0001:00008c30       ?root_is_interface_supported@RKeyboardController@SDL_GL@ui@modules@UModSys@@UEBA_NPEBUSUniquePointerInfo@core@5@@Z 0000000180009c30 f i umodsys_lib_libui:umodsys.mod.ui.SDL_GL.obj
 0001:00008c60       ?root_get_interface_info@RMouseController@SDL_GL@ui@modules@UModSys@@UEBAAEBUSUniquePointerInfo@core@5@XZ 0000000180009c60 f i umodsys_lib_libui:umodsys.mod.ui.SDL_GL.obj
 0001:00008c68       ?root_get_interface_type@RMouseController@SDL_GL@ui@modules@UModSys@@UEBAPEBUSUniquePointerInfo@core@5@XZ 0000000180009c68 f i umodsys_lib_libui:umodsys.mod.ui.SDL_GL.obj
 0001:00008c70       ?root_get_other_interface@RMouseController@SDL_GL@ui@modules@UModSys@@UEBAPEBUIRoot@core@5@PEBUSUniquePointerInfo@75@@Z 0000000180009c70 f i umodsys_lib_libui:umodsys.mod.ui.SDL_GL.obj
 0001:00008c70       ?root_get_other_interface@RMouseController@SDL_GL@ui@modules@UModSys@@UEAAPEAUIRoot@core@5@PEBUSUniquePointerInfo@75@@Z 0000000180009c70 f i umodsys_lib_libui:umodsys.mod.ui.SDL_GL.obj
 0001:00008ca0       ?root_is_interface_supported@RMouseController@SDL_GL@ui@modules@UModSys@@UEBA_NPEBUSUniquePointerInfo@core@5@@Z 0000000180009ca0 f i umodsys_lib_libui:umodsys.mod.ui.SDL_GL.obj
 0001:00008cd0       ?ref_remove@RMouseController@SDL_GL@ui@modules@UModSys@@UEBAXXZ 0000000180009cd0 f i umodsys_lib_libui:umodsys.mod.ui.SDL_GL.obj
 0001:00008cd0       ?ref_remove@RKeyboardController@SDL_core@ui@modules@UModSys@@UEBAXXZ 0000000180009cd0 f i umodsys_lib_libui:umodsys.mod.ui.SDL_core.obj
 0001:00008cd0       ?ref_remove@RRenderDriver2D@SDL_core@ui@modules@UModSys@@UEBAXXZ 0000000180009cd0 f i umodsys_lib_libui:umodsys.mod.ui.SDL_core.obj
 0001:00008cd0       ?ref_remove@RRenderDriver3D@SDL_GL@ui@modules@UModSys@@UEBAXXZ 0000000180009cd0 f i umodsys_lib_libui:umodsys.mod.ui.SDL_GL.obj
 0001:00008cd0       ?ref_remove@RMouseController@SDL_core@ui@modules@UModSys@@UEBAXXZ 0000000180009cd0 f i umodsys_lib_libui:umodsys.mod.ui.SDL_core.obj
 0001:00008cd0       ?ref_remove@RKeyboardController@SDL_GL@ui@modules@UModSys@@UEBAXXZ 0000000180009cd0 f i umodsys_lib_libui:umodsys.mod.ui.SDL_GL.obj
 0001:00008cdc       ?root_get_interface_info@RTerminal@SDL_GL@ui@modules@UModSys@@UEBAAEBUSUniquePointerInfo@core@5@XZ 0000000180009cdc f i umodsys_lib_libui:umodsys.mod.ui.SDL_GL.obj
 0001:00008ce4       ?root_get_interface_type@RTerminal@SDL_GL@ui@modules@UModSys@@UEBAPEBUSUniquePointerInfo@core@5@XZ 0000000180009ce4 f i umodsys_lib_libui:umodsys.mod.ui.SDL_GL.obj
 0001:00008cec       ?root_get_other_interface@RTerminal@SDL_GL@ui@modules@UModSys@@UEAAPEAUIRoot@core@5@PEBUSUniquePointerInfo@75@@Z 0000000180009cec f i umodsys_lib_libui:umodsys.mod.ui.SDL_GL.obj
 0001:00008cec       ?root_get_other_interface@RTerminal@SDL_GL@ui@modules@UModSys@@UEBAPEBUIRoot@core@5@PEBUSUniquePointerInfo@75@@Z 0000000180009cec f i umodsys_lib_libui:umodsys.mod.ui.SDL_GL.obj
[...]
 0001:0003c6e8       ??__F?s_id@?$TObjectUniqueID@UISerializeReader@libmedia@UModSys@@@tl@UModSys@@2USUniquePointer@core@3@A@@YAXXZ 000000018003d6e8 f    CIL library: CIL module
 0001:0003c6f4       ??__F?s_id@?$TObjectUniqueID@UIClient@IBinArchiveFrame@libmedia@UModSys@@@tl@UModSys@@2USUniquePointer@core@3@A@@YAXXZ 000000018003d6f4 f    CIL library: CIL module
 0001:0003c700       ??__F?s_id@?$TObjectUniqueID@UIBinArchiveFrame@libmedia@UModSys@@@tl@UModSys@@2USUniquePointer@core@3@A@@YAXXZ 000000018003d700 f    CIL library: CIL module
 0001:0003c70c       ??__F?s_id@?$TObjectUniqueID@UILibraryLayered@libmedia@UModSys@@@tl@UModSys@@2USUniquePointer@core@3@A@@YAXXZ 000000018003d70c f    CIL library: CIL module
 0001:0003c718       ??__F?s_id@?$TObjectUniqueID@UILibraryObjCache@libmedia@UModSys@@@tl@UModSys@@2USUniquePointer@core@3@A@@YAXXZ 000000018003d718 f    CIL library: CIL module
 0001:0003c724       ??__F?s_id@?$TObjectUniqueID@UILibraryObjFilter@libmedia@UModSys@@@tl@UModSys@@2USUniquePointer@core@3@A@@YAXXZ 000000018003d724 f    CIL library: CIL module
 0001:0003c730       ??__F?s_id@?$TObjectUniqueID@UILibraryBinCache@libmedia@UModSys@@@tl@UModSys@@2USUniquePointer@core@3@A@@YAXXZ 000000018003d730 f    CIL library: CIL module
 0001:0003c73c       ??__F?s_id@?$TObjectUniqueID@UILibraryBinTree@libmedia@UModSys@@@tl@UModSys@@2USUniquePointer@core@3@A@@YAXXZ 000000018003d73c f    CIL library: CIL module
 0001:0003c748       ??__F?s_id@?$TObjectUniqueID@UILibrary@libmedia@UModSys@@@tl@UModSys@@2USUniquePointer@core@3@A@@YAXXZ 000000018003d748 f    CIL library: CIL module
 0001:0003c754       ??__F?s_id@?$TObjectUniqueID@UIBinObjFilter@libmedia@UModSys@@@tl@UModSys@@2USUniquePointer@core@3@A@@YAXXZ 000000018003d754 f    CIL library: CIL module
 0001:0003c760       ??__F?s_id@?$TObjectUniqueID@UIBinArchive@libmedia@UModSys@@@tl@UModSys@@2USUniquePointer@core@3@A@@YAXXZ 000000018003d760 f    CIL library: CIL module
 0001:0003c76c       ??__F?s_id@?$TObjectUniqueID@UILibObject@libmedia@UModSys@@@tl@UModSys@@2USUniquePointer@core@3@A@@YAXXZ 000000018003d76c f    CIL library: CIL module
 0001:0003c778       ??__F?s_id@?$TObjectUniqueID@UIUtilities@libmedia@UModSys@@@tl@UModSys@@2USUniquePointer@core@3@A@@YAXXZ 000000018003d778 f    CIL library: CIL module
 0001:0003c784       ??__F?s_id@?$TObjectUniqueID@UIStreamWriter@libmedia@UModSys@@@tl@UModSys@@2USUniquePointer@core@3@A@@YAXXZ 000000018003d784 f    CIL library: CIL module
 0001:0003c790       ??__F?s_id@?$TObjectUniqueID@UIStreamReader@libmedia@UModSys@@@tl@UModSys@@2USUniquePointer@core@3@A@@YAXXZ 000000018003d790 f    CIL library: CIL module
 0001:0003c79c       ??__F?s_id@?$TObjectUniqueID@UISystem@base@UModSys@@@tl@UModSys@@2USUniquePointer@core@3@A@@YAXXZ 000000018003d79c f    CIL library: CIL module
 0001:0003c7a8       ??__F?s_id@?$TObjectUniqueID@UIShell@base@UModSys@@@tl@UModSys@@2USUniquePointer@core@3@A@@YAXXZ 000000018003d7a8 f    CIL library: CIL module
 0001:0003c7b4       ??__F?s_id@?$TObjectUniqueID@UIGenerator@base@UModSys@@@tl@UModSys@@2USUniquePointer@core@3@A@@YAXXZ 000000018003d7b4 f    CIL library: CIL module
 0001:0003c7c0       ??__F?s_id@?$TObjectUniqueID@UIModObject@base@UModSys@@@tl@UModSys@@2USUniquePointer@core@3@A@@YAXXZ 000000018003d7c0 f    CIL library: CIL module
 0001:0003c7cc       ??__F?s_id@?$TObjectUniqueID@UIModuleLibrary@base@UModSys@@@tl@UModSys@@2USUniquePointer@core@3@A@@YAXXZ 000000018003d7cc f    CIL library: CIL module
 0001:0003c7d8       ??__F?s_id@?$TObjectUniqueID@UIModule@base@UModSys@@@tl@UModSys@@2USUniquePointer@core@3@A@@YAXXZ 000000018003d7d8 f    CIL library: CIL module
 0001:0003c7e4       ??__F?s_id@?$TObjectUniqueID@UIConsole@base@UModSys@@@tl@UModSys@@2USUniquePointer@core@3@A@@YAXXZ 000000018003d7e4 f    CIL library: CIL module
 0001:0003c7f0       ??__F?s_id@?$TObjectUniqueID@UIParameters@core@UModSys@@@tl@UModSys@@2USUniquePointer@core@3@A@@YAXXZ 000000018003d7f0 f    CIL library: CIL module
 0001:0003c7fc       ??__F?s_id@?$TObjectUniqueID@UIRefObject@core@UModSys@@@tl@UModSys@@2USUniquePointer@core@3@A@@YAXXZ 000000018003d7fc f    CIL library: CIL module
 0001:0003c808       ??__F?s_id@?$TObjectUniqueID@UIRoot@core@UModSys@@@tl@UModSys@@2USUniquePointer@core@3@A@@YAXXZ 000000018003d808 f    CIL library: CIL module
 0001:0003c814       ??__F?s_id@?$TDataUniqueID@F@tl@UModSys@@2USUniquePointer@core@3@A@@YAXXZ 000000018003d814 f    CIL library: CIL module
 0001:0003c820       ??__F?s_id@?$TDataUniqueID@M@tl@UModSys@@2USUniquePointer@core@3@A@@YAXXZ 000000018003d820 f    CIL library: CIL module
 0001:0003c82c       ??__F?s_id@?$TDataUniqueID@H@tl@UModSys@@2USUniquePointer@core@3@A@@YAXXZ 000000018003d82c f    CIL library: CIL module
 0001:0003c838       ??__F?s_id@?$TConstUniqueID@W4eConsoleLevels@base@UModSys@@$00@tl@UModSys@@2USUniquePointer@core@3@A@@YAXXZ 000000018003d838 f    CIL library: CIL module
 0001:0003c844       ??__Fs_dbg@stdlib@lib3d@modules@UModSys@@YAXXZ 000000018003d844 f    CIL library: CIL module
 0001:0003c868       ??__F?s_modreg@RModuleReg@stdlib@lib3d@modules@UModSys@@2U12345@A@@YAXXZ 000000018003d868 f    CIL library: CIL module
 0001:0003c878       ??__F?s_modreg_chain@RModuleReg@stdlib@lib3d@modules@UModSys@@2USModuleRegChain@base@5@A@@YAXXZ 000000018003d878 f    CIL library: CIL module
 0001:0003c884       ??__F?s_uid@RGenerator@stdlib@lib3d@modules@UModSys@@2USUniquePointer@core@5@A@@YAXXZ 000000018003d884 f    CIL library: CIL module
 0001:0003c890       ??__Fh@?1??s_holder@RGenerator@stdlib@lib3d@modules@UModSys@@SAAEAU?$TTypeStaticHolder@URGenerator@stdlib@lib3d@modules@UModSys@@@tl@5@XZ@YAXXZ 000000018003d890 f    CIL library: CIL module
 0001:0003c8b8       ??__F?s_id@?$TObjectUniqueID@URGenerator@stdlib@lib3d@modules@UModSys@@@tl@UModSys@@2USUniquePointer@core@3@A@@YAXXZ 000000018003d8b8 f    CIL library: CIL module
 0001:0003c8c4       ??__F?s_id@?$TObjectUniqueID@UVisualState@RGeneralObject_Camera@stdlib@lib3d@modules@UModSys@@@tl@UModSys@@2USUniquePointer@core@3@A@@YAXXZ 000000018003d8c4 f    CIL library: CIL module
 0001:0003c8d0       ??__F?s_id@?$TObjectUniqueID@URGeneralObject_Camera@stdlib@lib3d@modules@UModSys@@@tl@UModSys@@2USUniquePointer@core@3@A@@YAXXZ 000000018003d8d0 f    CIL library: CIL module
 0001:0003c8dc       ??__F?s_id@?$TObjectUniqueID@URGeneralObject_Primitive@stdlib@lib3d@modules@UModSys@@@tl@UModSys@@2USUniquePointer@core@3@A@@YAXXZ 000000018003d8dc f    CIL library: CIL module
 0001:0003c8e8       ??__F?s_id@?$TObjectUniqueID@URVisualSceneMapper_Direct@stdlib@lib3d@modules@UModSys@@@tl@UModSys@@2USUniquePointer@core@3@A@@YAXXZ 000000018003d8e8 f    CIL library: CIL module
 0001:0003c8f4       ??__F?s_id@?$TObjectUniqueID@URVisualizerScene@stdlib@lib3d@modules@UModSys@@@tl@UModSys@@2USUniquePointer@core@3@A@@YAXXZ 000000018003d8f4 f    CIL library: CIL module
 0001:0003c900       ??__F?s_id@?$TObjectUniqueID@URRenderer@stdlib@lib3d@modules@UModSys@@@tl@UModSys@@2USUniquePointer@core@3@A@@YAXXZ 000000018003d900 f    CIL library: CIL module
 0001:0003c90c       ??__Fs_dbg@stdlib@lib2d@modules@UModSys@@YAXXZ 000000018003d90c f    CIL library: CIL module
 0001:0003c930       ??__F?s_modreg@RModuleReg@stdlib@lib2d@modules@UModSys@@2U12345@A@@YAXXZ 000000018003d930 f    CIL library: CIL module
 0001:0003c940       ??__F?s_modreg_chain@RModuleReg@stdlib@lib2d@modules@UModSys@@2USModuleRegChain@base@5@A@@YAXXZ 000000018003d940 f    CIL library: CIL module
 0001:0003c94c       ??__F?s_uid@RGenerator@stdlib@lib2d@modules@UModSys@@2USUniquePointer@core@5@A@@YAXXZ 000000018003d94c f    CIL library: CIL module
 0001:0003c958       ??__Fh@?1??s_holder@RGenerator@stdlib@lib2d@modules@UModSys@@SAAEAU?$TTypeStaticHolder@URGenerator@stdlib@lib2d@modules@UModSys@@@tl@5@XZ@YAXXZ 000000018003d958 f    CIL library: CIL module
 0001:0003c980       ??__F?s_id@?$TObjectUniqueID@URGenerator@stdlib@lib2d@modules@UModSys@@@tl@UModSys@@2USUniquePointer@core@3@A@@YAXXZ 000000018003d980 f    CIL library: CIL module
 0001:0003c98c       ??__F?s_id@?$TObjectUniqueID@URMultiImage@stdlib@lib2d@modules@UModSys@@@tl@UModSys@@2USUniquePointer@core@3@A@@YAXXZ 000000018003d98c f    CIL library: CIL module
 0001:0003c998       ??__F?s_id@?$TObjectUniqueID@URImageFactory_Memory@stdlib@lib2d@modules@UModSys@@@tl@UModSys@@2USUniquePointer@core@3@A@@YAXXZ 000000018003d998 f    CIL library: CIL module
 0001:0003c9a4       ??__F?s_id@?$TObjectUniqueID@URImage_Memory@stdlib@lib2d@modules@UModSys@@@tl@UModSys@@2USUniquePointer@core@3@A@@YAXXZ 000000018003d9a4 f    CIL library: CIL module
 0001:0003c9b0       ??__Fs_dbg@SDL_GL@ui@modules@UModSys@@YAXXZ 000000018003d9b0 f    CIL library: CIL module
 0001:0003c9d4       ??__F?s_modreg@RModuleReg@SDL_GL@ui@modules@UModSys@@2U12345@A@@YAXXZ 000000018003d9d4 f    CIL library: CIL module
 0001:0003c9e4       ??__F?s_modreg_chain@RModuleReg@SDL_GL@ui@modules@UModSys@@2USModuleRegChain@base@5@A@@YAXXZ 000000018003d9e4 f    CIL library: CIL module
 0001:0003c9f0       ??__F?s_uid@RGenerator@SDL_GL@ui@modules@UModSys@@2USUniquePointer@core@5@A@@YAXXZ 000000018003d9f0 f    CIL library: CIL module
 0001:0003c9fc       ??__Fh@?1??s_holder@RGenerator@SDL_GL@ui@modules@UModSys@@SAAEAU?$TTypeStaticHolder@URGenerator@SDL_GL@ui@modules@UModSys@@@tl@5@XZ@YAXXZ 000000018003d9fc f    CIL library: CIL module
 0001:0003ca24       ??__F?s_id@?$TObjectUniqueID@URGenerator@SDL_GL@ui@modules@UModSys@@@tl@UModSys@@2USUniquePointer@core@3@A@@YAXXZ 000000018003da24 f    CIL library: CIL module
 0001:0003ca30       ??__F?s_id@?$TObjectUniqueID@URVertexArray@SDL_GL@ui@modules@UModSys@@@tl@UModSys@@2USUniquePointer@core@3@A@@YAXXZ 000000018003da30 f    CIL library: CIL module
 0001:0003ca3c       ??__F?s_id@?$TObjectUniqueID@URTerminalX@SDL_GL@ui@modules@UModSys@@@tl@UModSys@@2USUniquePointer@core@3@A@@YAXXZ 000000018003da3c f    CIL library: CIL module
 0001:0003ca48       ??__F?s_id@?$TObjectUniqueID@URRenderDriver3D@SDL_GL@ui@modules@UModSys@@@tl@UModSys@@2USUniquePointer@core@3@A@@YAXXZ 000000018003da48 f    CIL library: CIL module
 0001:0003ca54       ??__F?s_id@?$TObjectUniqueID@URMultiImage2D_SDL_ttf@SDL_GL@ui@modules@UModSys@@@tl@UModSys@@2USUniquePointer@core@3@A@@YAXXZ 000000018003da54 f    CIL library: CIL module
 0001:0003ca60       ??__F?s_id@?$TObjectUniqueID@URTerminal@SDL_GL@ui@modules@UModSys@@@tl@UModSys@@2USUniquePointer@core@3@A@@YAXXZ 000000018003da60 f    CIL library: CIL module
 0001:0003ca6c       ??__F?s_id@?$TObjectUniqueID@URMouseController@SDL_GL@ui@modules@UModSys@@@tl@UModSys@@2USUniquePointer@core@3@A@@YAXXZ 000000018003da6c f    CIL library: CIL module
 0001:0003ca78       ??__F?s_id@?$TObjectUniqueID@URKeyboardController@SDL_GL@ui@modules@UModSys@@@tl@UModSys@@2USUniquePointer@core@3@A@@YAXXZ 000000018003da78 f    CIL library: CIL module
 0001:0003ca84       ??__Fs_dbg@SDL_core@ui@modules@UModSys@@YAXXZ 000000018003da84 f    CIL library: CIL module
 0001:0003caa8       ??__F?s_modreg@RModuleReg@SDL_core@ui@modules@UModSys@@2U12345@A@@YAXXZ 000000018003daa8 f    CIL library: CIL module
 0001:0003cab8       ??__F?s_modreg_chain@RModuleReg@SDL_core@ui@modules@UModSys@@2USModuleRegChain@base@5@A@@YAXXZ 000000018003dab8 f    CIL library: CIL module
 0001:0003cac4       ??__F?s_uid@RGenerator@SDL_core@ui@modules@UModSys@@2USUniquePointer@core@5@A@@YAXXZ 000000018003dac4 f    CIL library: CIL module
 0001:0003cad0       ??__Fh@?1??s_holder@RGenerator@SDL_core@ui@modules@UModSys@@SAAEAU?$TTypeStaticHolder@URGenerator@SDL_core@ui@modules@UModSys@@@tl@5@XZ@YAXXZ 000000018003dad0 f    CIL library: CIL module
 0001:0003caf8       ??__F?s_id@?$TObjectUniqueID@URGenerator@SDL_core@ui@modules@UModSys@@@tl@UModSys@@2USUniquePointer@core@3@A@@YAXXZ 000000018003daf8 f    CIL library: CIL module
 0001:0003cb04       ??__F?s_id@?$TObjectUniqueID@URTerminalX@SDL_core@ui@modules@UModSys@@@tl@UModSys@@2USUniquePointer@core@3@A@@YAXXZ 000000018003db04 f    CIL library: CIL module
 0001:0003cb10       ??__F?s_id@?$TObjectUniqueID@URRenderDriver2D@SDL_core@ui@modules@UModSys@@@tl@UModSys@@2USUniquePointer@core@3@A@@YAXXZ 000000018003db10 f    CIL library: CIL module
 0001:0003cb1c       ??__F?s_id@?$TObjectUniqueID@URMultiImage2D_SDL_ttf@SDL_core@ui@modules@UModSys@@@tl@UModSys@@2USUniquePointer@core@3@A@@YAXXZ 000000018003db1c f    CIL library: CIL module
 0001:0003cb28       ??__F?s_id@?$TObjectUniqueID@URTerminal@SDL_core@ui@modules@UModSys@@@tl@UModSys@@2USUniquePointer@core@3@A@@YAXXZ 000000018003db28 f    CIL library: CIL module
 0001:0003cb34       ??__F?s_id@?$TObjectUniqueID@URMouseController@SDL_core@ui@modules@UModSys@@@tl@UModSys@@2USUniquePointer@core@3@A@@YAXXZ 000000018003db34 f    CIL library: CIL module
 0001:0003cb40       ??__F?s_id@?$TObjectUniqueID@URKeyboardController@SDL_core@ui@modules@UModSys@@@tl@UModSys@@2USUniquePointer@core@3@A@@YAXXZ 000000018003db40 f    CIL library: CIL module
 0001:0003cb4c       ??__Fs_dbg@frames@ui@modules@UModSys@@YAXXZ 000000018003db4c f    CIL library: CIL module
 0001:0003cb70       ??__F?s_modreg@RModuleReg@frames@ui@modules@UModSys@@2U12345@A@@YAXXZ 000000018003db70 f    CIL library: CIL module
 0001:0003cb80       ??__F?s_modreg_chain@RModuleReg@frames@ui@modules@UModSys@@2USModuleRegChain@base@5@A@@YAXXZ 000000018003db80 f    CIL library: CIL module
 0001:0003cb8c       ??__F?s_uid@RGenerator@frames@ui@modules@UModSys@@2USUniquePointer@core@5@A@@YAXXZ 000000018003db8c f    CIL library: CIL module
 0001:0003cb98       ??__Fh@?1??s_holder@RGenerator@frames@ui@modules@UModSys@@SAAEAU?$TTypeStaticHolder@URGenerator@frames@ui@modules@UModSys@@@tl@5@XZ@YAXXZ 000000018003db98 f    CIL library: CIL module
 0001:0003cbc0       ??__F?s_id@?$TObjectUniqueID@URGenerator@frames@ui@modules@UModSys@@@tl@UModSys@@2USUniquePointer@core@3@A@@YAXXZ 000000018003dbc0 f    CIL library: CIL module
 0001:0003cbcc       ??__F?s_id@?$TObjectUniqueID@URCollector@frames@ui@modules@UModSys@@@tl@UModSys@@2USUniquePointer@core@3@A@@YAXXZ 000000018003dbcc f    CIL library: CIL module
 0001:0003cbd8       ??__F?s_id@?$TObjectUniqueID@URFrame_List@frames@ui@modules@UModSys@@@tl@UModSys@@2USUniquePointer@core@3@A@@YAXXZ 000000018003dbd8 f    CIL library: CIL module
 0001:0003cbe4       ??__F?s_id@?$TObjectUniqueID@URFrame_Edit@frames@ui@modules@UModSys@@@tl@UModSys@@2USUniquePointer@core@3@A@@YAXXZ 000000018003dbe4 f    CIL library: CIL module
 0001:0003cbf0       ??__F?s_id@?$TObjectUniqueID@URFrame_Button@frames@ui@modules@UModSys@@@tl@UModSys@@2USUniquePointer@core@3@A@@YAXXZ 000000018003dbf0 f    CIL library: CIL module
 0001:0003cbfc       ??__F?s_id@?$TObjectUniqueID@URFrame_Text@frames@ui@modules@UModSys@@@tl@UModSys@@2USUniquePointer@core@3@A@@YAXXZ 000000018003dbfc f    CIL library: CIL module
 0001:0003cc08       ??__F?s_id@?$TObjectUniqueID@URFrame_Image@frames@ui@modules@UModSys@@@tl@UModSys@@2USUniquePointer@core@3@A@@YAXXZ 000000018003dc08 f    CIL library: CIL module
 0001:0003cc14       ??__F?s_id@?$TObjectUniqueID@URFrame_Frame@frames@ui@modules@UModSys@@@tl@UModSys@@2USUniquePointer@core@3@A@@YAXXZ 000000018003dc14 f    CIL library: CIL module
 0001:0003cc20       ??__F?s_id@?$TObjectUniqueID@URDialog@frames@ui@modules@UModSys@@@tl@UModSys@@2USUniquePointer@core@3@A@@YAXXZ 000000018003dc20 f    CIL library: CIL module
 0001:0003cc2c       ??__F?s_id@?$TObjectUniqueID@URFrame_Common@frames@ui@modules@UModSys@@@tl@UModSys@@2USUniquePointer@core@3@A@@YAXXZ 000000018003dc2c f    CIL library: CIL module
 0001:0003cc38       ??__Fs_dbg@images_std@media@modules@UModSys@@YAXXZ 000000018003dc38 f    CIL library: CIL module
 0001:0003cc5c       ??__F?s_modreg@RModuleReg@images_std@media@modules@UModSys@@2U12345@A@@YAXXZ 000000018003dc5c f    CIL library: CIL module
 0001:0003cc6c       ??__F?s_modreg_chain@RModuleReg@images_std@media@modules@UModSys@@2USModuleRegChain@base@5@A@@YAXXZ 000000018003dc6c f    CIL library: CIL module
 0001:0003cc78       ??__F?s_uid@RGenerator@images_std@media@modules@UModSys@@2USUniquePointer@core@5@A@@YAXXZ 000000018003dc78 f    CIL library: CIL module
 0001:0003cc84       ??__Fh@?1??s_holder@RGenerator@images_std@media@modules@UModSys@@SAAEAU?$TTypeStaticHolder@URGenerator@images_std@media@modules@UModSys@@@tl@5@XZ@YAXXZ 000000018003dc84 f    CIL library: CIL module
 0001:0003ccac       ??__F?s_id@?$TObjectUniqueID@URGenerator@images_std@media@modules@UModSys@@@tl@UModSys@@2USUniquePointer@core@3@A@@YAXXZ 000000018003dcac f    CIL library: CIL module
 0001:0003ccb8       ??__F?s_id@?$TObjectUniqueID@URMediaFilter@images_std@media@modules@UModSys@@@tl@UModSys@@2USUniquePointer@core@3@A@@YAXXZ 000000018003dcb8 f    CIL library: CIL module
 0001:0003ccc4       ??__Fs_dbg@serialize_json@media@modules@UModSys@@YAXXZ 000000018003dcc4 f    CIL library: CIL module
 0001:0003cce8       ??__F?s_modreg@RModuleReg@serialize_json@media@modules@UModSys@@2U12345@A@@YAXXZ 000000018003dce8 f    CIL library: CIL module
 0001:0003ccf8       ??__F?s_modreg_chain@RModuleReg@serialize_json@media@modules@UModSys@@2USModuleRegChain@base@5@A@@YAXXZ 000000018003dcf8 f    CIL library: CIL module
 0001:0003cd04       ??__F?s_uid@RGenerator@serialize_json@media@modules@UModSys@@2USUniquePointer@core@5@A@@YAXXZ 000000018003dd04 f    CIL library: CIL module
 0001:0003cd10       ??__Fh@?1??s_holder@RGenerator@serialize_json@media@modules@UModSys@@SAAEAU?$TTypeStaticHolder@URGenerator@serialize_json@media@modules@UModSys@@@tl@5@XZ@YAXXZ 000000018003dd10 f    CIL library: CIL module
 0001:0003cd38       ??__F?s_id@?$TObjectUniqueID@URGenerator@serialize_json@media@modules@UModSys@@@tl@UModSys@@2USUniquePointer@core@3@A@@YAXXZ 000000018003dd38 f    CIL library: CIL module
 0001:0003cd44       ??__F?s_id@?$TObjectUniqueID@URSerializeWriter@serialize_json@media@modules@UModSys@@@tl@UModSys@@2USUniquePointer@core@3@A@@YAXXZ 000000018003dd44 f    CIL library: CIL module
 0001:0003cd50       ??__F?s_id@?$TObjectUniqueID@URSerializeReader@serialize_json@media@modules@UModSys@@@tl@UModSys@@2USUniquePointer@core@3@A@@YAXXZ 000000018003dd50 f    CIL library: CIL module
 0001:0003cd5c       ??__Fs_dbg@zlib@media@modules@UModSys@@YAXXZ 000000018003dd5c f    CIL library: CIL module
 0001:0003cd80       ??__F?s_modreg@RModuleReg@zlib@media@modules@UModSys@@2U12345@A@@YAXXZ 000000018003dd80 f    CIL library: CIL module
 0001:0003cd90       ??__F?s_modreg_chain@RModuleReg@zlib@media@modules@UModSys@@2USModuleRegChain@base@5@A@@YAXXZ 000000018003dd90 f    CIL library: CIL module
 0001:0003cd9c       ??__F?s_uid@RGenerator@zlib@media@modules@UModSys@@2USUniquePointer@core@5@A@@YAXXZ 000000018003dd9c f    CIL library: CIL module
 0001:0003cda8       ??__Fh@?1??s_holder@RGenerator@zlib@media@modules@UModSys@@SAAEAU?$TTypeStaticHolder@URGenerator@zlib@media@modules@UModSys@@@tl@5@XZ@YAXXZ 000000018003dda8 f    CIL library: CIL module
 0001:0003cdd0       ??__F?s_id@?$TObjectUniqueID@URGenerator@zlib@media@modules@UModSys@@@tl@UModSys@@2USUniquePointer@core@3@A@@YAXXZ 000000018003ddd0 f    CIL library: CIL module
 0001:0003cddc       ??__F?s_id@?$TObjectUniqueID@URBinArchiveFrameClient_ZIP@zlib@media@modules@UModSys@@@tl@UModSys@@2USUniquePointer@core@3@A@@YAXXZ 000000018003dddc f    CIL library: CIL module
 0001:0003cde8       ??__FM@UModSys@@YAXXZ      000000018003dde8 f    CIL library: CIL module
 0001:0003cdec       ??__F?root@SModuleRegChain@base@UModSys@@2U123@A@@YAXXZ 000000018003ddec f    CIL library: CIL module
 0001:0003cdf8       ??__F?s_library@RModuleLibraryReg_Chain@base@UModSys@@2U123@A@@YAXXZ 000000018003ddf8 f    CIL library: CIL module
 0001:0003ce08       ??__F?root@SUniquePointer@core@UModSys@@2U123@A@@YAXXZ 000000018003de08 f    CIL library: CIL module

 Exports

  ordinal    name

        1    UModSys_Plugin_Entry2
