 plugin_test1

 Timestamp is 527a0926 (Wed Nov 06 12:17:26 2013)

 Preferred load address is 0000000180000000

 Start         Length     Name                   Class
 0001:00000000 00004006H .text                   CODE
 0001:00004010 0000005eH .text$00                CODE
 0001:00004070 0000040aH .text$x                 CODE
 0001:0000447c 00000b5cH .text$yc                CODE
 0001:00004fd8 000003fcH .text$yd                CODE
 0002:00000000 00000260H .idata$5                DATA
 0002:00000260 00000008H .CRT$XCA                DATA
 0002:00000268 00000690H .CRT$XCU                DATA
 0002:000008f8 00000008H .CRT$XCZ                DATA
 0002:00000900 00000008H .CRT$XIA                DATA
 0002:00000908 00000008H .CRT$XIAA               DATA
 0002:00000910 00000008H .CRT$XIZ                DATA
 0002:00000920 00001618H .rdata                  DATA
 0002:00001f38 00000c5cH .rdata$r                DATA
 0002:00002b98 00000008H .rtc$IAA                DATA
 0002:00002ba0 00000008H .rtc$IZZ                DATA
 0002:00002ba8 00000008H .rtc$TAA                DATA
 0002:00002bb0 00000008H .rtc$TZZ                DATA
 0002:00002bb8 00000798H .xdata                  DATA
 0002:00003350 00000064H .idata$2                DATA
 0002:000033b4 00000014H .idata$3                DATA
 0002:000033c8 00000260H .idata$4                DATA
 0002:00003628 00000584H .idata$6                DATA
 0002:00003bb0 00000059H .edata                  DATA
 0003:00000000 000006e0H .data                   DATA
 0003:000006e0 00000b50H .bss                    DATA
 0004:00000000 00000894H .pdata                  DATA

  Address         Publics by Value              Rva+Base               Lib:Object

 0000:00000000       ___safe_se_handler_table   0000000000000000     <absolute>
 0000:00000000       ___safe_se_handler_count   0000000000000000     <absolute>
 0000:00000000       __ImageBase                0000000180000000     <linker-defined>
 0001:00000000       ??1SMemShared@core@UModSys@@QEAA@XZ 0000000180001000 f i plugin_test1.obj
 0001:00000024       ??6SUniquePtrList@core@UModSys@@QEAAAEAU012@PEBUSUniquePointerInfo@12@@Z 0000000180001024 f i plugin_test1.obj
 0001:000000dc       ??3IRoot@core@UModSys@@SAXPEAXAEBUSIMemAlloc@12@@Z 00000001800010dc f i plugin_test1.obj
 0001:00000108       ??1SParameters@core@UModSys@@QEAA@XZ 0000000180001108 f i plugin_test1.obj
 0001:00000108       ??1?$TParametersA@$0EAA@@core@UModSys@@QEAA@XZ 0000000180001108 f i plugin_test1.obj
 0001:00000124       ?root_get_interface_info@RTest1_Shell@test1@test@modules@UModSys@@UEBAAEBUSUniquePointerInfo@core@5@XZ 0000000180001124 f i plugin_test1.obj
 0001:0000012c       ?root_get_interface_type@RTest1_Shell@test1@test@modules@UModSys@@UEBAPEBUSUniquePointerInfo@core@5@XZ 000000018000112c f i plugin_test1.obj
 0001:00000134       ?root_get_other_interface@RTest1_Shell@test1@test@modules@UModSys@@UEBAPEBUIRoot@core@5@PEBUSUniquePointerInfo@75@@Z 0000000180001134 f i plugin_test1.obj
 0001:00000134       ?root_get_other_interface@RTest1_Shell@test1@test@modules@UModSys@@UEAAPEAUIRoot@core@5@PEBUSUniquePointerInfo@75@@Z 0000000180001134 f i plugin_test1.obj
 0001:00000164       ?root_is_interface_supported@RTest1_Shell@test1@test@modules@UModSys@@UEBA_NPEBUSUniquePointerInfo@core@5@@Z 0000000180001164 f i plugin_test1.obj
 0001:00000194       ?ref_weak@RGenerator@images_std@media@modules@UModSys@@UEBA_NAEAUWeakPointer@IRefObject@core@5@@Z 0000000180001194 f i umodsys_lib_libmedia:umodsys.mod.media.images_std.obj
 0001:00000194       ?ref_weak@RGenerator@SDL_core@ui@modules@UModSys@@UEBA_NAEAUWeakPointer@IRefObject@core@5@@Z 0000000180001194 f i umodsys_lib_libui:umodsys.mod.ui.SDL_core.obj
 0001:00000194       ?ref_weak@RTest1_Shell@test1@test@modules@UModSys@@UEBA_NAEAUWeakPointer@IRefObject@core@5@@Z 0000000180001194 f i plugin_test1.obj
 0001:00000194       ?ref_weak@RTerminal_SDL_core@SDL_core@ui@modules@UModSys@@UEBA_NAEAUWeakPointer@IRefObject@core@5@@Z 0000000180001194 f i umodsys_lib_libui:umodsys.mod.ui.SDL_core.obj
 0001:00000194       ?ref_weak@RGenerator@test1@test@modules@UModSys@@UEBA_NAEAUWeakPointer@IRefObject@core@5@@Z 0000000180001194 f i plugin_test1.obj
 0001:00000194       ?ref_weak@RRenderDriver2D_SDL_core@SDL_core@ui@modules@UModSys@@UEBA_NAEAUWeakPointer@IRefObject@core@5@@Z 0000000180001194 f i umodsys_lib_libui:umodsys.mod.ui.SDL_core.obj
 0001:000001b4       ?suicide@RTest1_Shell@test1@test@modules@UModSys@@UEAAXXZ 00000001800011b4 f i plugin_test1.obj
 0001:000001b4       ?suicide@RTerminal_SDL_core@SDL_core@ui@modules@UModSys@@UEAAXXZ 00000001800011b4 f i umodsys_lib_libui:umodsys.mod.ui.SDL_core.obj
 0001:00000200       ??0RTest1_Shell@test1@test@modules@UModSys@@QEAA@PEAUIModObject@base@4@@Z 0000000180001200 f i plugin_test1.obj
 0001:0000030c       ?connect@RTest1_Shell@test1@test@modules@UModSys@@UEAA_NXZ 000000018000130c f i plugin_test1.obj
 0001:00000330       ?disconnect@RTest1_Shell@test1@test@modules@UModSys@@UEAA_NXZ 0000000180001330 f i plugin_test1.obj
 0001:00000354       ?process_tick@RTest1_Shell@test1@test@modules@UModSys@@UEAA_NAEBUSTimeMsec@core@5@@Z 0000000180001354 f i plugin_test1.obj
 0001:0000038c       ?process_command@RTest1_Shell@test1@test@modules@UModSys@@UEAA_NHQEBU?$TString@U?$TSCoreConst@D@su@tl@UModSys@@U?$TComparerBinaryHash@D@234@@tl@5@@Z 000000018000138c f i plugin_test1.obj
 0001:000003b0       ??_ERTest1_Shell@test1@test@modules@UModSys@@UEAAPEAXI@Z 00000001800013b0 f i  CIL library: CIL module
 0001:000003b0       ??_GRTest1_Shell@test1@test@modules@UModSys@@UEAAPEAXI@Z 00000001800013b0 f i plugin_test1.obj
 0001:00000448       ??1IBinObjFilter@libmedia@UModSys@@UEAA@XZ 0000000180001448 f i plugin_test1.obj
 0001:00000448       ??1ITerminal@libui@UModSys@@UEAA@XZ 0000000180001448 f i umodsys_lib_libui:umodsys.mod.ui.SDL_core.obj
 0001:00000448       ??1IRenderDriver@lib2d@UModSys@@UEAA@XZ 0000000180001448 f i umodsys_lib_libui:umodsys.mod.ui.SDL_core.obj
 0001:00000448       ??1IShell@base@UModSys@@UEAA@XZ 0000000180001448 f i plugin_test1.obj
 0001:00000454       ?ui_newterm@RTest1_Shell@test1@test@modules@UModSys@@QEAA?AU?$TRefObject@UITerminal@libui@UModSys@@U?$TRefObjectFunc@UITerminal@libui@UModSys@@@tl@3@@tl@5@AEBU?$TString@U?$TSCoreConst@D@su@tl@UModSys@@U?$TComparerBinaryHash@D@234@@75@AEBUSParameters@core@5@@Z 0000000180001454 f   plugin_test1.obj
 0001:000005d8       ?ui_test1@RTest1_Shell@test1@test@modules@UModSys@@QEAAXXZ 00000001800015d8 f   plugin_test1.obj
 0001:000009a4       ?get_generated_names@RGenerator@test1@test@modules@UModSys@@UEBAHAEAUSUniquePtrList@core@5@@Z 00000001800019a4 f i plugin_test1.obj
 0001:000009c4       ?get_generated_types@RGenerator@test1@test@modules@UModSys@@UEBAHAEAUSUniquePtrList@core@5@PEBUSUniquePointerInfo@75@@Z 00000001800019c4 f i plugin_test1.obj
 0001:00000a20       ?generate@RGenerator@test1@test@modules@UModSys@@UEAA_NAEAU?$TRefObject@UIRefObject@core@UModSys@@U?$TRefObjectFunc@UIRefObject@core@UModSys@@@tl@3@@tl@5@PEBUSUniquePointerInfo@core@5@AEBUSParameters@95@@Z 0000000180001a20 f i plugin_test1.obj
 0001:00000ae4       ?root_get_interface_info@RGenerator@test1@test@modules@UModSys@@UEBAAEBUSUniquePointerInfo@core@5@XZ 0000000180001ae4 f i plugin_test1.obj
 0001:00000aec       ?root_get_interface_type@RGenerator@test1@test@modules@UModSys@@UEBAPEBUSUniquePointerInfo@core@5@XZ 0000000180001aec f i plugin_test1.obj
 0001:00000af4       ?root_get_other_interface@RGenerator@test1@test@modules@UModSys@@UEAAPEAUIRoot@core@5@PEBUSUniquePointerInfo@75@@Z 0000000180001af4 f i plugin_test1.obj
 0001:00000af4       ?root_get_other_interface@RGenerator@test1@test@modules@UModSys@@UEBAPEBUIRoot@core@5@PEBUSUniquePointerInfo@75@@Z 0000000180001af4 f i plugin_test1.obj
 0001:00000b2c       ?root_is_interface_supported@RGenerator@test1@test@modules@UModSys@@UEBA_NPEBUSUniquePointerInfo@core@5@@Z 0000000180001b2c f i plugin_test1.obj
 0001:00000b64       ?get_uid@RGenerator@test1@test@modules@UModSys@@UEBAPEBUSUniquePointerInfo@core@5@XZ 0000000180001b64 f i plugin_test1.obj
 0001:00000b6c       ?do_open@RModuleReg@test1@test@modules@UModSys@@UEAA_NXZ 0000000180001b6c f i plugin_test1.obj
 0001:00000bf8       ?do_close@RModuleReg@test1@test@modules@UModSys@@UEAA_NXZ 0000000180001bf8 f i plugin_test1.obj
 0001:00000c60       ??_EIModuleReg@base@UModSys@@UEAAPEAXI@Z 0000000180001c60 f i  CIL library: CIL module
 0001:00000c60       ??_GRModuleReg@images_std@media@modules@UModSys@@UEAAPEAXI@Z 0000000180001c60 f i umodsys_lib_libmedia:umodsys.mod.media.images_std.obj
 0001:00000c60       ??_GRModuleReg@test1@test@modules@UModSys@@UEAAPEAXI@Z 0000000180001c60 f i plugin_test1.obj
 0001:00000c60       ??_GRModuleReg@SDL_core@ui@modules@UModSys@@UEAAPEAXI@Z 0000000180001c60 f i umodsys_lib_libui:umodsys.mod.ui.SDL_core.obj
 0001:00000c60       ??_GIModuleReg@base@UModSys@@UEAAPEAXI@Z 0000000180001c60 f i umodsys_lib_base:umodsys.base.modulereg.obj
 0001:00000c60       ??_ERModuleReg@images_std@media@modules@UModSys@@UEAAPEAXI@Z 0000000180001c60 f i  CIL library: CIL module
 0001:00000c60       ??_ERModuleReg@SDL_core@ui@modules@UModSys@@UEAAPEAXI@Z 0000000180001c60 f i  CIL library: CIL module
 0001:00000c60       ??_ERModuleReg@test1@test@modules@UModSys@@UEAAPEAXI@Z 0000000180001c60 f i  CIL library: CIL module
 0001:00000c88       ?get_module@RGenerator@test1@test@modules@UModSys@@UEBAPEAUIModule@base@5@XZ 0000000180001c88 f   plugin_test1.obj
 0001:00000c90       ?mod_inc@RGenerator@test1@test@modules@UModSys@@UEBA_NXZ 0000000180001c90 f   plugin_test1.obj
 0001:00000ca0       ?mod_dec@RGenerator@test1@test@modules@UModSys@@UEBA_NXZ 0000000180001ca0 f   plugin_test1.obj
 0001:00000cb4       ?s_holder@RGenerator@test1@test@modules@UModSys@@SAAEAU?$TTypeStaticHolder@URGenerator@test1@test@modules@UModSys@@@tl@5@XZ 0000000180001cb4 f   plugin_test1.obj
 0001:00000cf8       ??0?$TString@U?$TSCoreConst@D@su@tl@UModSys@@U?$TComparerBinaryHash@D@234@@tl@UModSys@@QEAA@PEBD@Z 0000000180001cf8 f i plugin_test1.obj
 0001:00000d64       ??1?$TRefObject@UIModObject@base@UModSys@@U?$TModObjectFunc@UIModObject@base@UModSys@@@tl@3@@tl@UModSys@@QEAA@XZ 0000000180001d64 f i plugin_test1.obj
 0001:00000d90       ?root_get_interface_info@RRenderDriver2D_SDL_core@SDL_core@ui@modules@UModSys@@UEBAAEBUSUniquePointerInfo@core@5@XZ 0000000180001d90 f i umodsys_lib_libui:umodsys.mod.ui.SDL_core.obj
 0001:00000d98       ?root_get_interface_type@RRenderDriver2D_SDL_core@SDL_core@ui@modules@UModSys@@UEBAPEBUSUniquePointerInfo@core@5@XZ 0000000180001d98 f i umodsys_lib_libui:umodsys.mod.ui.SDL_core.obj
 0001:00000da0       ?root_get_other_interface@RRenderDriver2D_SDL_core@SDL_core@ui@modules@UModSys@@UEBAPEBUIRoot@core@5@PEBUSUniquePointerInfo@75@@Z 0000000180001da0 f i umodsys_lib_libui:umodsys.mod.ui.SDL_core.obj
 0001:00000da0       ?root_get_other_interface@RRenderDriver2D_SDL_core@SDL_core@ui@modules@UModSys@@UEAAPEAUIRoot@core@5@PEBUSUniquePointerInfo@75@@Z 0000000180001da0 f i umodsys_lib_libui:umodsys.mod.ui.SDL_core.obj
 0001:00000dd0       ?root_is_interface_supported@RRenderDriver2D_SDL_core@SDL_core@ui@modules@UModSys@@UEBA_NPEBUSUniquePointerInfo@core@5@@Z 0000000180001dd0 f i umodsys_lib_libui:umodsys.mod.ui.SDL_core.obj
 0001:00000e00       ?ref_remove@RRenderDriver2D_SDL_core@SDL_core@ui@modules@UModSys@@UEBAXXZ 0000000180001e00 f i umodsys_lib_libui:umodsys.mod.ui.SDL_core.obj
 0001:00000e00       ?ref_remove@RGenerator@images_std@media@modules@UModSys@@UEBAXXZ 0000000180001e00 f i umodsys_lib_libmedia:umodsys.mod.media.images_std.obj
 0001:00000e00       ?ref_remove@RGenerator@SDL_core@ui@modules@UModSys@@UEBAXXZ 0000000180001e00 f i umodsys_lib_libui:umodsys.mod.ui.SDL_core.obj
 0001:00000e00       ?ref_remove@RTerminal_SDL_core@SDL_core@ui@modules@UModSys@@UEBAXXZ 0000000180001e00 f i umodsys_lib_libui:umodsys.mod.ui.SDL_core.obj
 0001:00000e00       ?ref_remove@RTest1_Shell@test1@test@modules@UModSys@@UEBAXXZ 0000000180001e00 f i plugin_test1.obj
 0001:00000e00       ?ref_remove@RGenerator@test1@test@modules@UModSys@@UEBAXXZ 0000000180001e00 f i plugin_test1.obj
 0001:00000e18       ?suicide@RRenderDriver2D_SDL_core@SDL_core@ui@modules@UModSys@@UEAAXXZ 0000000180001e18 f i umodsys_lib_libui:umodsys.mod.ui.SDL_core.obj
 0001:00000e5c       ??0RRenderDriver2D_SDL_core@SDL_core@ui@modules@UModSys@@QEAA@PEAURTerminal_SDL_core@1234@AEBUSParameters@core@4@@Z 0000000180001e5c f i umodsys_lib_libui:umodsys.mod.ui.SDL_core.obj
 0001:00001084       ?set_color@RRenderDriver2D_SDL_core@SDL_core@ui@modules@UModSys@@QEAAXXZ 0000000180002084 f i umodsys_lib_libui:umodsys.mod.ui.SDL_core.obj
 0001:000010f8       ?begin@RRenderDriver2D_SDL_core@SDL_core@ui@modules@UModSys@@UEAAXXZ 00000001800020f8 f i umodsys_lib_libui:umodsys.mod.ui.SDL_core.obj
 0001:00001164       ?end@RRenderDriver2D_SDL_core@SDL_core@ui@modules@UModSys@@UEAAXXZ 0000000180002164 f i umodsys_lib_libui:umodsys.mod.ui.SDL_core.obj
 0001:0000117c       ?setup_color@RRenderDriver2D_SDL_core@SDL_core@ui@modules@UModSys@@UEAAXAEBU?$TVector3@M@math3d@5@@Z 000000018000217c f i umodsys_lib_libui:umodsys.mod.ui.SDL_core.obj
 0001:000011a4       ?setup_color@RRenderDriver2D_SDL_core@SDL_core@ui@modules@UModSys@@UEAAXAEBU?$TVector3@H@math3d@5@@Z 00000001800021a4 f i umodsys_lib_libui:umodsys.mod.ui.SDL_core.obj
 0001:000011f4       ?setup_coloralpha@RRenderDriver2D_SDL_core@SDL_core@ui@modules@UModSys@@UEAAXAEBU?$TVector4@M@math3d@5@H@Z 00000001800021f4 f i umodsys_lib_libui:umodsys.mod.ui.SDL_core.obj
 0001:00001218       ?setup_coloralpha@RRenderDriver2D_SDL_core@SDL_core@ui@modules@UModSys@@UEAAXAEBU?$TVector4@H@math3d@5@H@Z 0000000180002218 f i umodsys_lib_libui:umodsys.mod.ui.SDL_core.obj
 0001:0000127c       ?setup_blendcolor@RRenderDriver2D_SDL_core@SDL_core@ui@modules@UModSys@@UEAAXAEBUSBlendColor@lib2d@5@@Z 000000018000227c f i umodsys_lib_libui:umodsys.mod.ui.SDL_core.obj
 0001:000012e4       ?setup_blendcolor@RRenderDriver2D_SDL_core@SDL_core@ui@modules@UModSys@@UEAAXAEBUSBlendColorf@lib2d@5@@Z 00000001800022e4 f i umodsys_lib_libui:umodsys.mod.ui.SDL_core.obj
 0001:00001324       ?setup_alpha@RRenderDriver2D_SDL_core@SDL_core@ui@modules@UModSys@@UEAAXHH@Z 0000000180002324 f i umodsys_lib_libui:umodsys.mod.ui.SDL_core.obj
 0001:00001354       ?setup_alpha@RRenderDriver2D_SDL_core@SDL_core@ui@modules@UModSys@@UEAAXMH@Z 0000000180002354 f i umodsys_lib_libui:umodsys.mod.ui.SDL_core.obj
 0001:00001374       ?render_box@RRenderDriver2D_SDL_core@SDL_core@ui@modules@UModSys@@UEAAXAEBU?$TVector2@H@math3d@5@0@Z 0000000180002374 f i umodsys_lib_libui:umodsys.mod.ui.SDL_core.obj
 0001:000013c0       ??3@YAXPEAX0@Z             00000001800023c0 f i plugin_test1.obj
 0001:000013c0       ?suicide@RGenerator@SDL_core@ui@modules@UModSys@@UEAAXXZ 00000001800023c0 f i umodsys_lib_libui:umodsys.mod.ui.SDL_core.obj
 0001:000013c0       ?suicide@RGenerator@images_std@media@modules@UModSys@@UEAAXXZ 00000001800023c0 f i umodsys_lib_libmedia:umodsys.mod.media.images_std.obj
 0001:000013c0       ?suicide@RGenerator@test1@test@modules@UModSys@@UEAAXXZ 00000001800023c0 f i plugin_test1.obj
 0001:000013c0       ?render_tri@RRenderDriver2D_SDL_core@SDL_core@ui@modules@UModSys@@UEAAXAEBU?$TVector2@H@math3d@5@00@Z 00000001800023c0 f i umodsys_lib_libui:umodsys.mod.ui.SDL_core.obj
 0001:000013c0       ?render_quad@RRenderDriver2D_SDL_core@SDL_core@ui@modules@UModSys@@UEAAXAEBU?$TVector2@H@math3d@5@000@Z 00000001800023c0 f i umodsys_lib_libui:umodsys.mod.ui.SDL_core.obj
 0001:000013c0       ?render_box@RRenderDriver2D_SDL_core@SDL_core@ui@modules@UModSys@@UEAAXPEAUIImage@lib2d@5@AEBU?$TVector2@H@math3d@5@1AEBU?$TVector2@M@95@2@Z 00000001800023c0 f i umodsys_lib_libui:umodsys.mod.ui.SDL_core.obj
 0001:000013c4       ?render_line@RRenderDriver2D_SDL_core@SDL_core@ui@modules@UModSys@@UEAAXAEBU?$TVector2@H@math3d@5@0@Z 00000001800023c4 f i umodsys_lib_libui:umodsys.mod.ui.SDL_core.obj
 0001:000013ec       ?render_rect@RRenderDriver2D_SDL_core@SDL_core@ui@modules@UModSys@@UEAAXAEBU?$TVector2@H@math3d@5@0@Z 00000001800023ec f i umodsys_lib_libui:umodsys.mod.ui.SDL_core.obj
 0001:00001438       ??_ERRenderDriver2D_SDL_core@SDL_core@ui@modules@UModSys@@UEAAPEAXI@Z 0000000180002438 f i  CIL library: CIL module
 0001:00001438       ??_GRRenderDriver2D_SDL_core@SDL_core@ui@modules@UModSys@@UEAAPEAXI@Z 0000000180002438 f i umodsys_lib_libui:umodsys.mod.ui.SDL_core.obj
 0001:000014a0       ?root_get_interface_info@RTerminal_SDL_core@SDL_core@ui@modules@UModSys@@UEBAAEBUSUniquePointerInfo@core@5@XZ 00000001800024a0 f i umodsys_lib_libui:umodsys.mod.ui.SDL_core.obj
 0001:000014a8       ?root_get_interface_type@RTerminal_SDL_core@SDL_core@ui@modules@UModSys@@UEBAPEBUSUniquePointerInfo@core@5@XZ 00000001800024a8 f i umodsys_lib_libui:umodsys.mod.ui.SDL_core.obj
 0001:000014b0       ?root_get_other_interface@RTerminal_SDL_core@SDL_core@ui@modules@UModSys@@UEBAPEBUIRoot@core@5@PEBUSUniquePointerInfo@75@@Z 00000001800024b0 f i umodsys_lib_libui:umodsys.mod.ui.SDL_core.obj
 0001:000014b0       ?root_get_other_interface@RTerminal_SDL_core@SDL_core@ui@modules@UModSys@@UEAAPEAUIRoot@core@5@PEBUSUniquePointerInfo@75@@Z 00000001800024b0 f i umodsys_lib_libui:umodsys.mod.ui.SDL_core.obj
 0001:000014e0       ?root_is_interface_supported@RTerminal_SDL_core@SDL_core@ui@modules@UModSys@@UEBA_NPEBUSUniquePointerInfo@core@5@@Z 00000001800024e0 f i umodsys_lib_libui:umodsys.mod.ui.SDL_core.obj
 0001:00001510       ?ref_links@RGenerator@test1@test@modules@UModSys@@UEBAHXZ 0000000180002510 f i plugin_test1.obj
 0001:00001510       ?ref_links@RTerminal_SDL_core@SDL_core@ui@modules@UModSys@@UEBAHXZ 0000000180002510 f i umodsys_lib_libui:umodsys.mod.ui.SDL_core.obj
 0001:00001510       ?ref_links@RGenerator@SDL_core@ui@modules@UModSys@@UEBAHXZ 0000000180002510 f i umodsys_lib_libui:umodsys.mod.ui.SDL_core.obj
 0001:00001510       ?ref_links@RTest1_Shell@test1@test@modules@UModSys@@UEBAHXZ 0000000180002510 f i plugin_test1.obj
 0001:00001510       ?ref_links@RRenderDriver2D_SDL_core@SDL_core@ui@modules@UModSys@@UEBAHXZ 0000000180002510 f i umodsys_lib_libui:umodsys.mod.ui.SDL_core.obj
 0001:00001510       ?ref_links@RGenerator@images_std@media@modules@UModSys@@UEBAHXZ 0000000180002510 f i umodsys_lib_libmedia:umodsys.mod.media.images_std.obj
 0001:00001514       ?poll_events@RTerminal_SDL_core@SDL_core@ui@modules@UModSys@@UEAA_NH@Z 0000000180002514 f i umodsys_lib_libui:umodsys.mod.ui.SDL_core.obj
 0001:000015a8       ?get_terminal_state@RTerminal_SDL_core@SDL_core@ui@modules@UModSys@@UEAA_NW4eTerminalState@libui@5@@Z 00000001800025a8 f i umodsys_lib_libui:umodsys.mod.ui.SDL_core.obj
 0001:000015b4       ?set_terminal_state@RTerminal_SDL_core@SDL_core@ui@modules@UModSys@@UEAA_NW4eTerminalState@libui@5@_N@Z 00000001800025b4 f i umodsys_lib_libui:umodsys.mod.ui.SDL_core.obj
 0001:000016b8       ?get_clock@RTerminal_SDL_core@SDL_core@ui@modules@UModSys@@UEAANXZ 00000001800026b8 f i umodsys_lib_libui:umodsys.mod.ui.SDL_core.obj
 0001:000016d4       ?wait@RTerminal_SDL_core@SDL_core@ui@modules@UModSys@@UEAA_NM@Z 00000001800026d4 f i umodsys_lib_libui:umodsys.mod.ui.SDL_core.obj
 0001:000016f4       ?get_count@RTerminal_SDL_core@SDL_core@ui@modules@UModSys@@UEBA_KPEBUSUniquePointerInfo@core@5@@Z 00000001800026f4 f i umodsys_lib_libui:umodsys.mod.ui.SDL_core.obj
 0001:00001760       ?get_handler@RTerminal_SDL_core@SDL_core@ui@modules@UModSys@@UEBAPEAUIRefObject@core@5@PEBUSUniquePointerInfo@75@_K@Z 0000000180002760 f i umodsys_lib_libui:umodsys.mod.ui.SDL_core.obj
 0001:000017dc       ?get_handler@RTerminal_SDL_core@SDL_core@ui@modules@UModSys@@UEBAPEAUIRefObject@core@5@PEBUSUniquePointerInfo@75@PEBD@Z 00000001800027dc f i umodsys_lib_libui:umodsys.mod.ui.SDL_core.obj
 0001:000017dc       ?get_frame_values@RRenderDriver2D_SDL_core@SDL_core@ui@modules@UModSys@@UEBAPEBUSParameters@core@5@XZ 00000001800027dc f i umodsys_lib_libui:umodsys.mod.ui.SDL_core.obj
 0001:000017dc       ?get_max_values@RRenderDriver2D_SDL_core@SDL_core@ui@modules@UModSys@@UEBAPEBUSParameters@core@5@XZ 00000001800027dc f i umodsys_lib_libui:umodsys.mod.ui.SDL_core.obj
 0001:000017dc       ?get_controller@RRenderDriver2D_SDL_core@SDL_core@ui@modules@UModSys@@UEBAPEAUIRefObject@core@5@PEBUSUniquePointerInfo@75@@Z 00000001800027dc f i umodsys_lib_libui:umodsys.mod.ui.SDL_core.obj
 0001:000017dc       ?get_friend_handler@RTerminal_SDL_core@SDL_core@ui@modules@UModSys@@UEBAPEAUIRefObject@core@5@PEBUSUniquePointerInfo@75@PEAU675@@Z 00000001800027dc f i umodsys_lib_libui:umodsys.mod.ui.SDL_core.obj
 0001:000017e0       ?create_handler@RTerminal_SDL_core@SDL_core@ui@modules@UModSys@@UEAA_NPEBUSUniquePointerInfo@core@5@AEAU?$TRefObject@UIRefObject@core@UModSys@@U?$TRefObjectFunc@UIRefObject@core@UModSys@@@tl@3@@tl@5@PEBDPEBUSParameters@75@@Z 00000001800027e0 f i umodsys_lib_libui:umodsys.mod.ui.SDL_core.obj
 0001:0000191c       ??_GRTerminal_SDL_core@SDL_core@ui@modules@UModSys@@UEAAPEAXI@Z 000000018000291c f i umodsys_lib_libui:umodsys.mod.ui.SDL_core.obj
 0001:0000191c       ??_ERTerminal_SDL_core@SDL_core@ui@modules@UModSys@@UEAAPEAXI@Z 000000018000291c f i  CIL library: CIL module
 0001:00001988       ?get_terminal@RRenderDriver2D_SDL_core@SDL_core@ui@modules@UModSys@@UEBAPEAUITerminal@libui@5@XZ 0000000180002988 f   umodsys_lib_libui:umodsys.mod.ui.SDL_core.obj
 0001:00001990       ?get_generated_names@RGenerator@SDL_core@ui@modules@UModSys@@UEBAHAEAUSUniquePtrList@core@5@@Z 0000000180002990 f i umodsys_lib_libui:umodsys.mod.ui.SDL_core.obj
 0001:000019b0       ?get_generated_types@RGenerator@SDL_core@ui@modules@UModSys@@UEBAHAEAUSUniquePtrList@core@5@PEBUSUniquePointerInfo@75@@Z 00000001800029b0 f i umodsys_lib_libui:umodsys.mod.ui.SDL_core.obj
 0001:00001a08       ?generate@RGenerator@SDL_core@ui@modules@UModSys@@UEAA_NAEAU?$TRefObject@UIRefObject@core@UModSys@@U?$TRefObjectFunc@UIRefObject@core@UModSys@@@tl@3@@tl@5@PEBUSUniquePointerInfo@core@5@AEBUSParameters@95@@Z 0000000180002a08 f i umodsys_lib_libui:umodsys.mod.ui.SDL_core.obj
 0001:00001b2c       ?root_get_interface_info@RGenerator@SDL_core@ui@modules@UModSys@@UEBAAEBUSUniquePointerInfo@core@5@XZ 0000000180002b2c f i umodsys_lib_libui:umodsys.mod.ui.SDL_core.obj
 0001:00001b34       ?root_get_interface_type@RGenerator@SDL_core@ui@modules@UModSys@@UEBAPEBUSUniquePointerInfo@core@5@XZ 0000000180002b34 f i umodsys_lib_libui:umodsys.mod.ui.SDL_core.obj
 0001:00001b3c       ?root_get_other_interface@RGenerator@SDL_core@ui@modules@UModSys@@UEBAPEBUIRoot@core@5@PEBUSUniquePointerInfo@75@@Z 0000000180002b3c f i umodsys_lib_libui:umodsys.mod.ui.SDL_core.obj
 0001:00001b3c       ?root_get_other_interface@RGenerator@SDL_core@ui@modules@UModSys@@UEAAPEAUIRoot@core@5@PEBUSUniquePointerInfo@75@@Z 0000000180002b3c f i umodsys_lib_libui:umodsys.mod.ui.SDL_core.obj
 0001:00001b74       ?root_is_interface_supported@RGenerator@SDL_core@ui@modules@UModSys@@UEBA_NPEBUSUniquePointerInfo@core@5@@Z 0000000180002b74 f i umodsys_lib_libui:umodsys.mod.ui.SDL_core.obj
 0001:00001bac       ?get_uid@RGenerator@SDL_core@ui@modules@UModSys@@UEBAPEBUSUniquePointerInfo@core@5@XZ 0000000180002bac f i umodsys_lib_libui:umodsys.mod.ui.SDL_core.obj
 0001:00001bb4       ?do_open@RModuleReg@SDL_core@ui@modules@UModSys@@UEAA_NXZ 0000000180002bb4 f i umodsys_lib_libui:umodsys.mod.ui.SDL_core.obj
 0001:00001c28       ?do_close@RModuleReg@SDL_core@ui@modules@UModSys@@UEAA_NXZ 0000000180002c28 f i umodsys_lib_libui:umodsys.mod.ui.SDL_core.obj
 0001:00001c78       ?get_module@RGenerator@SDL_core@ui@modules@UModSys@@UEBAPEAUIModule@base@5@XZ 0000000180002c78 f   umodsys_lib_libui:umodsys.mod.ui.SDL_core.obj
 0001:00001c80       ?mod_inc@RGenerator@SDL_core@ui@modules@UModSys@@UEBA_NXZ 0000000180002c80 f   umodsys_lib_libui:umodsys.mod.ui.SDL_core.obj
 0001:00001c90       ?mod_dec@RGenerator@SDL_core@ui@modules@UModSys@@UEBA_NXZ 0000000180002c90 f   umodsys_lib_libui:umodsys.mod.ui.SDL_core.obj
 0001:00001ca4       ?s_holder@RGenerator@SDL_core@ui@modules@UModSys@@SAAEAU?$TTypeStaticHolder@URGenerator@SDL_core@ui@modules@UModSys@@@tl@5@XZ 0000000180002ca4 f   umodsys_lib_libui:umodsys.mod.ui.SDL_core.obj
 0001:00001ce8       ??1?$TRefObject@UITerminal@libui@UModSys@@U?$TRefObjectFunc@UITerminal@libui@UModSys@@@tl@3@@tl@UModSys@@QEAA@XZ 0000000180002ce8 f i plugin_test1.obj
 0001:00001ce8       ??1?$TRefObject@UIRenderDriver@lib2d@UModSys@@U?$TRefObjectFunc@UIRenderDriver@lib2d@UModSys@@@tl@3@@tl@UModSys@@QEAA@XZ 0000000180002ce8 f i plugin_test1.obj
 0001:00001ce8       ??1?$TRefObject@UIRefObject@core@UModSys@@U?$TRefObjectFunc@UIRefObject@core@UModSys@@@tl@3@@tl@UModSys@@QEAA@XZ 0000000180002ce8 f i plugin_test1.obj
 0001:00001ce8       ??1?$TRefObject@URTerminal_SDL_core@SDL_core@ui@modules@UModSys@@U?$TRefObjectFunc@URTerminal_SDL_core@SDL_core@ui@modules@UModSys@@@tl@5@@tl@UModSys@@QEAA@XZ 0000000180002ce8 f i umodsys_lib_libui:umodsys.mod.ui.SDL_core.obj
 0001:00001ce8       ??1?$TRefObject@URMediaFilter@images_std@media@modules@UModSys@@U?$TRefObjectFunc@URMediaFilter@images_std@media@modules@UModSys@@@tl@5@@tl@UModSys@@QEAA@XZ 0000000180002ce8 f i umodsys_lib_libmedia:umodsys.mod.media.images_std.obj
 0001:00001ce8       ??1?$TRefObject@URRenderDriver2D_SDL_core@SDL_core@ui@modules@UModSys@@U?$TRefObjectFunc@URRenderDriver2D_SDL_core@SDL_core@ui@modules@UModSys@@@tl@5@@tl@UModSys@@QEAA@XZ 0000000180002ce8 f i umodsys_lib_libui:umodsys.mod.ui.SDL_core.obj
 0001:00001d0c       ??_GRGenerator@images_std@media@modules@UModSys@@UEAAPEAXI@Z 0000000180002d0c f i umodsys_lib_libmedia:umodsys.mod.media.images_std.obj
 0001:00001d0c       ??_GRGenerator@SDL_core@ui@modules@UModSys@@UEAAPEAXI@Z 0000000180002d0c f i umodsys_lib_libui:umodsys.mod.ui.SDL_core.obj
 0001:00001d0c       ??_ERGenerator@test1@test@modules@UModSys@@UEAAPEAXI@Z 0000000180002d0c f i  CIL library: CIL module
 0001:00001d0c       ??_ERGenerator@SDL_core@ui@modules@UModSys@@UEAAPEAXI@Z 0000000180002d0c f i  CIL library: CIL module
 0001:00001d0c       ??_GIRoot@core@UModSys@@UEAAPEAXI@Z 0000000180002d0c f i plugin_test1.obj
 0001:00001d0c       ??_EIRoot@core@UModSys@@UEAAPEAXI@Z 0000000180002d0c f i  CIL library: CIL module
 0001:00001d0c       ??_GRGenerator@test1@test@modules@UModSys@@UEAAPEAXI@Z 0000000180002d0c f i plugin_test1.obj
 0001:00001d0c       ??_ERGenerator@images_std@media@modules@UModSys@@UEAAPEAXI@Z 0000000180002d0c f i  CIL library: CIL module
 0001:00001d34       ??$t_add@U?$TRefObject@URRenderDriver2D_SDL_core@SDL_core@ui@modules@UModSys@@U?$TRefObjectWeakFunc@URRenderDriver2D_SDL_core@SDL_core@ui@modules@UModSys@@@tl@5@@tl@UModSys@@URRenderDriver2D_SDL_core@SDL_core@ui@modules@3@@SDL_core@ui@modules@UModSys@@YA_NAEAU?$TScatterArray@U?$TRefObject@URRenderDriver2D_SDL_core@SDL_core@ui@modules@UModSys@@U?$TRefObjectWeakFunc@URRenderDriver2D_SDL_core@SDL_core@ui@modules@UModSys@@@tl@5@@tl@UModSys@@HU?$TScalarCompare@H@core@3@U?$TNodeDeleter0@U?$TScatterArrayNode@U?$TRefObject@URRenderDriver2D_SDL_core@SDL_core@ui@modules@UModSys@@U?$TRefObjectWeakFunc@URRenderDriver2D_SDL_core@SDL_core@ui@modules@UModSys@@@tl@5@@tl@UModSys@@H@tl@UModSys@@@23@@tl@3@PEAURRenderDriver2D_SDL_core@0123@@Z 0000000180002d34 f i umodsys_lib_libui:umodsys.mod.ui.SDL_core.obj
 0001:00001eb8       ??$process_nodes_r@U?$TNodeDeleter0@U?$TScatterArrayNode@U?$TRefObject@URRenderDriver2D_SDL_core@SDL_core@ui@modules@UModSys@@U?$TRefObjectWeakFunc@URRenderDriver2D_SDL_core@SDL_core@ui@modules@UModSys@@@tl@5@@tl@UModSys@@H@tl@UModSys@@@tl@UModSys@@@?$TTreeHoldRB@U?$TScatterArrayNode@U?$TRefObject@URRenderDriver2D_SDL_core@SDL_core@ui@modules@UModSys@@U?$TRefObjectWeakFunc@URRenderDriver2D_SDL_core@SDL_core@ui@modules@UModSys@@@tl@5@@tl@UModSys@@H@tl@UModSys@@@tl@UModSys@@KAHPEAU?$TScatterArrayNode@U?$TRefObject@URRenderDriver2D_SDL_core@SDL_core@ui@modules@UModSys@@U?$TRefObjectWeakFunc@URRenderDriver2D_SDL_core@SDL_core@ui@modules@UModSys@@@tl@5@@tl@UModSys@@H@12@AEBU?$TNodeDeleter0@U?$TScatterArrayNode@U?$TRefObject@URRenderDriver2D_SDL_core@SDL_core@ui@modules@UModSys@@U?$TRefObjectWeakFunc@URRenderDriver2D_SDL_core@SDL_core@ui@modules@UModSys@@@tl@5@@tl@UModSys@@H@tl@UModSys@@@12@@Z 0000000180002eb8 f i umodsys_lib_libui:umodsys.mod.ui.SDL_core.obj
 0001:00001f4c       ?sub_insert_node@?$TTreeHoldRB@U?$TScatterArrayNode@U?$TRefObject@URRenderDriver2D_SDL_core@SDL_core@ui@modules@UModSys@@U?$TRefObjectWeakFunc@URRenderDriver2D_SDL_core@SDL_core@ui@modules@UModSys@@@tl@5@@tl@UModSys@@H@tl@UModSys@@@tl@UModSys@@QEAAXPEAU?$TScatterArrayNode@U?$TRefObject@URRenderDriver2D_SDL_core@SDL_core@ui@modules@UModSys@@U?$TRefObjectWeakFunc@URRenderDriver2D_SDL_core@SDL_core@ui@modules@UModSys@@@tl@5@@tl@UModSys@@H@23@0H@Z 0000000180002f4c f i umodsys_lib_libui:umodsys.mod.ui.SDL_core.obj
 0001:0000212c       ??1?$TRefObject@URRenderDriver2D_SDL_core@SDL_core@ui@modules@UModSys@@U?$TRefObjectWeakFunc@URRenderDriver2D_SDL_core@SDL_core@ui@modules@UModSys@@@tl@5@@tl@UModSys@@QEAA@XZ 000000018000312c f i umodsys_lib_libui:umodsys.mod.ui.SDL_core.obj
 0001:00002160       ?root_get_interface_info@RMediaFilter@images_std@media@modules@UModSys@@UEBAAEBUSUniquePointerInfo@core@5@XZ 0000000180003160 f i umodsys_lib_libmedia:umodsys.mod.media.images_std.obj
 0001:00002168       ?root_get_interface_type@RMediaFilter@images_std@media@modules@UModSys@@UEBAPEBUSUniquePointerInfo@core@5@XZ 0000000180003168 f i umodsys_lib_libmedia:umodsys.mod.media.images_std.obj
 0001:00002170       ?root_get_interface_types@RRenderDriver2D_SDL_core@SDL_core@ui@modules@UModSys@@UEBA_KAEAUSUniquePtrList@core@5@@Z 0000000180003170 f i umodsys_lib_libui:umodsys.mod.ui.SDL_core.obj
 0001:00002170       ?root_get_interface_types@RTerminal_SDL_core@SDL_core@ui@modules@UModSys@@UEBA_KAEAUSUniquePtrList@core@5@@Z 0000000180003170 f i umodsys_lib_libui:umodsys.mod.ui.SDL_core.obj
 0001:00002170       ?root_get_interface_types@RGenerator@SDL_core@ui@modules@UModSys@@UEBA_KAEAUSUniquePtrList@core@5@@Z 0000000180003170 f i umodsys_lib_libui:umodsys.mod.ui.SDL_core.obj
 0001:00002170       ?root_get_interface_types@RGenerator@images_std@media@modules@UModSys@@UEBA_KAEAUSUniquePtrList@core@5@@Z 0000000180003170 f i umodsys_lib_libmedia:umodsys.mod.media.images_std.obj
 0001:00002170       ?root_get_interface_types@RTest1_Shell@test1@test@modules@UModSys@@UEBA_KAEAUSUniquePtrList@core@5@@Z 0000000180003170 f i plugin_test1.obj
 0001:00002170       ?root_get_interface_types@RMediaFilter@images_std@media@modules@UModSys@@UEBA_KAEAUSUniquePtrList@core@5@@Z 0000000180003170 f i umodsys_lib_libmedia:umodsys.mod.media.images_std.obj
 0001:00002170       ?root_get_interface_types@RGenerator@test1@test@modules@UModSys@@UEBA_KAEAUSUniquePtrList@core@5@@Z 0000000180003170 f i plugin_test1.obj
 0001:00002178       ?root_get_other_interface@RMediaFilter@images_std@media@modules@UModSys@@UEAAPEAUIRoot@core@5@PEBUSUniquePointerInfo@75@@Z 0000000180003178 f i umodsys_lib_libmedia:umodsys.mod.media.images_std.obj
 0001:00002178       ?root_get_other_interface@RMediaFilter@images_std@media@modules@UModSys@@UEBAPEBUIRoot@core@5@PEBUSUniquePointerInfo@75@@Z 0000000180003178 f i umodsys_lib_libmedia:umodsys.mod.media.images_std.obj
 0001:000021a8       ?root_is_interface_supported@RMediaFilter@images_std@media@modules@UModSys@@UEBA_NPEBUSUniquePointerInfo@core@5@@Z 00000001800031a8 f i umodsys_lib_libmedia:umodsys.mod.media.images_std.obj
 0001:000021d8       ?ref_add@RMediaFilter@images_std@media@modules@UModSys@@UEBAXXZ 00000001800031d8 f i umodsys_lib_libmedia:umodsys.mod.media.images_std.obj
 0001:000021dc       ?ref_remove@RMediaFilter@images_std@media@modules@UModSys@@UEBAXXZ 00000001800031dc f i umodsys_lib_libmedia:umodsys.mod.media.images_std.obj
 0001:000021f4       ?ref_links@RMediaFilter@images_std@media@modules@UModSys@@UEBAHXZ 00000001800031f4 f i umodsys_lib_libmedia:umodsys.mod.media.images_std.obj
 0001:000021f8       ?ref_weak@RMediaFilter@images_std@media@modules@UModSys@@UEBA_NAEAUWeakPointer@IRefObject@core@5@@Z 00000001800031f8 f i umodsys_lib_libmedia:umodsys.mod.media.images_std.obj
 0001:00002218       ?suicide@RMediaFilter@images_std@media@modules@UModSys@@UEAAXXZ 0000000180003218 f i umodsys_lib_libmedia:umodsys.mod.media.images_std.obj
 0001:00002264       ?get_flag@RMediaFilter@images_std@media@modules@UModSys@@UEBA?AW4eStates@?$TFlags4State@USMediaFlagUid@libmedia@UModSys@@I@tl@5@H@Z 0000000180003264 f i umodsys_lib_libmedia:umodsys.mod.media.images_std.obj
 0001:00002274       ?get_flags_auto@RMediaFilter@images_std@media@modules@UModSys@@UEBA?AU?$TFlags4State@USMediaFlagUid@libmedia@UModSys@@I@tl@5@XZ 0000000180003274 f i umodsys_lib_libmedia:umodsys.mod.media.images_std.obj
 0001:00002280       ?set_flag@RMediaFilter@images_std@media@modules@UModSys@@UEAA?AW4eStates@?$TFlags4State@USMediaFlagUid@libmedia@UModSys@@I@tl@5@HW46785@@Z 0000000180003280 f i umodsys_lib_libmedia:umodsys.mod.media.images_std.obj
 0001:000022b4       ??0RMediaFilter@images_std@media@modules@UModSys@@QEAA@PEAUIModObject@base@4@AEBUSParameters@core@4@@Z 00000001800032b4 f i umodsys_lib_libmedia:umodsys.mod.media.images_std.obj
 0001:000023ac       ??_GRMediaFilter@images_std@media@modules@UModSys@@UEAAPEAXI@Z 00000001800033ac f i umodsys_lib_libmedia:umodsys.mod.media.images_std.obj
 0001:000023ac       ??_ERMediaFilter@images_std@media@modules@UModSys@@UEAAPEAXI@Z 00000001800033ac f i  CIL library: CIL module
 0001:0000242c       ?set_parameters@RRenderDriver2D_SDL_core@SDL_core@ui@modules@UModSys@@UEAA_NPEBDAEBUSParameters@core@5@@Z 000000018000342c f   umodsys_lib_libui:umodsys.mod.ui.SDL_core.obj
 0001:0000242c       ?filter_save@RMediaFilter@images_std@media@modules@UModSys@@UEAA_NAEAUSInfo@IBinObjFilter@libmedia@5@PEBUIRefObject@core@5@@Z 000000018000342c f   umodsys_lib_libmedia:umodsys.mod.media.images_std.obj
 0001:0000242c       ?setup_font@RRenderDriver2D_SDL_core@SDL_core@ui@modules@UModSys@@UEAA_NPEAUIMultiImage@lib2d@5@PEBU?$TVector2@M@math3d@5@@Z 000000018000342c f   umodsys_lib_libui:umodsys.mod.ui.SDL_core.obj
 0001:0000242c       ?render_text_advanced@RRenderDriver2D_SDL_core@SDL_core@ui@modules@UModSys@@UEAA_NAEAUTextInfo@IRenderDriver@lib2d@5@PEBHH@Z 000000018000342c f   umodsys_lib_libui:umodsys.mod.ui.SDL_core.obj
 0001:0000242c       ?filter_load@RMediaFilter@images_std@media@modules@UModSys@@UEAA_NAEBUSInfo@IBinObjFilter@libmedia@5@AEAU?$TRefObject@UIRefObject@core@UModSys@@U?$TRefObjectFunc@UIRefObject@core@UModSys@@@tl@3@@tl@5@@Z 000000018000342c f   umodsys_lib_libmedia:umodsys.mod.media.images_std.obj
 0001:00002430       ?filter_load@RMediaFilter@images_std@media@modules@UModSys@@UEAA_NAEBUSInfo@IBinObjFilter@libmedia@5@PEAUIRefObject@core@5@@Z 0000000180003430 f   umodsys_lib_libmedia:umodsys.mod.media.images_std.obj
 0001:000027a4       ?loader_jpeg@RMediaFilter@images_std@media@modules@UModSys@@QEAA_NPEAUIImage@lib2d@5@AEBUSInfo@IBinObjFilter@libmedia@5@AEBUSParameters@core@5@HPEBD_N@Z 00000001800037a4 f   umodsys_lib_libmedia:umodsys.mod.media.images_std.obj
 0001:00002b20       ?png_err@RMediaFilter@images_std@media@modules@UModSys@@KAXPEAUpng_struct_def@@PEBD@Z 0000000180003b20 f   umodsys_lib_libmedia:umodsys.mod.media.images_std.obj
 0001:00002b48       ?png_read@RMediaFilter@images_std@media@modules@UModSys@@KAXPEAUpng_struct_def@@PEAE_K@Z 0000000180003b48 f   umodsys_lib_libmedia:umodsys.mod.media.images_std.obj
 0001:00002bb0       ?loader_png@RMediaFilter@images_std@media@modules@UModSys@@QEAA_NPEAUIImage@lib2d@5@AEBUSInfo@IBinObjFilter@libmedia@5@AEBUSParameters@core@5@HPEBD_N@Z 0000000180003bb0 f   umodsys_lib_libmedia:umodsys.mod.media.images_std.obj
 0001:00003018       ?get_generated_names@RGenerator@images_std@media@modules@UModSys@@UEBAHAEAUSUniquePtrList@core@5@@Z 0000000180004018 f i umodsys_lib_libmedia:umodsys.mod.media.images_std.obj
 0001:00003038       ?get_generated_types@RGenerator@images_std@media@modules@UModSys@@UEBAHAEAUSUniquePtrList@core@5@PEBUSUniquePointerInfo@75@@Z 0000000180004038 f i umodsys_lib_libmedia:umodsys.mod.media.images_std.obj
 0001:00003090       ?generate@RGenerator@images_std@media@modules@UModSys@@UEAA_NAEAU?$TRefObject@UIRefObject@core@UModSys@@U?$TRefObjectFunc@UIRefObject@core@UModSys@@@tl@3@@tl@5@PEBUSUniquePointerInfo@core@5@AEBUSParameters@95@@Z 0000000180004090 f i umodsys_lib_libmedia:umodsys.mod.media.images_std.obj
 0001:00003170       ?root_get_interface_info@RGenerator@images_std@media@modules@UModSys@@UEBAAEBUSUniquePointerInfo@core@5@XZ 0000000180004170 f i umodsys_lib_libmedia:umodsys.mod.media.images_std.obj
 0001:00003178       ?root_get_interface_type@RGenerator@images_std@media@modules@UModSys@@UEBAPEBUSUniquePointerInfo@core@5@XZ 0000000180004178 f i umodsys_lib_libmedia:umodsys.mod.media.images_std.obj
 0001:00003180       ?root_get_other_interface@RGenerator@images_std@media@modules@UModSys@@UEAAPEAUIRoot@core@5@PEBUSUniquePointerInfo@75@@Z 0000000180004180 f i umodsys_lib_libmedia:umodsys.mod.media.images_std.obj
 0001:00003180       ?root_get_other_interface@RGenerator@images_std@media@modules@UModSys@@UEBAPEBUIRoot@core@5@PEBUSUniquePointerInfo@75@@Z 0000000180004180 f i umodsys_lib_libmedia:umodsys.mod.media.images_std.obj
 0001:000031b8       ?root_is_interface_supported@RGenerator@images_std@media@modules@UModSys@@UEBA_NPEBUSUniquePointerInfo@core@5@@Z 00000001800041b8 f i umodsys_lib_libmedia:umodsys.mod.media.images_std.obj
 0001:000031f0       ?ref_add@RGenerator@SDL_core@ui@modules@UModSys@@UEBAXXZ 00000001800041f0 f i umodsys_lib_libui:umodsys.mod.ui.SDL_core.obj
 0001:000031f0       ?ref_add@RGenerator@images_std@media@modules@UModSys@@UEBAXXZ 00000001800041f0 f i umodsys_lib_libmedia:umodsys.mod.media.images_std.obj
 0001:000031f0       ?ref_add@RRenderDriver2D_SDL_core@SDL_core@ui@modules@UModSys@@UEBAXXZ 00000001800041f0 f i umodsys_lib_libui:umodsys.mod.ui.SDL_core.obj
 0001:000031f0       ?ref_add@RTerminal_SDL_core@SDL_core@ui@modules@UModSys@@UEBAXXZ 00000001800041f0 f i umodsys_lib_libui:umodsys.mod.ui.SDL_core.obj
 0001:000031f0       ?ref_add@RGenerator@test1@test@modules@UModSys@@UEBAXXZ 00000001800041f0 f i plugin_test1.obj
 0001:000031f0       ?ref_add@RTest1_Shell@test1@test@modules@UModSys@@UEBAXXZ 00000001800041f0 f i plugin_test1.obj
 0001:000031f4       ?get_uid@RGenerator@images_std@media@modules@UModSys@@UEBAPEBUSUniquePointerInfo@core@5@XZ 00000001800041f4 f i umodsys_lib_libmedia:umodsys.mod.media.images_std.obj
 0001:000031fc       ?do_open@RModuleReg@images_std@media@modules@UModSys@@UEAA_NXZ 00000001800041fc f i umodsys_lib_libmedia:umodsys.mod.media.images_std.obj
 0001:00003270       ?do_close@RModuleReg@images_std@media@modules@UModSys@@UEAA_NXZ 0000000180004270 f i umodsys_lib_libmedia:umodsys.mod.media.images_std.obj
 0001:000032c0       ?get_module@RGenerator@images_std@media@modules@UModSys@@UEBAPEAUIModule@base@5@XZ 00000001800042c0 f   umodsys_lib_libmedia:umodsys.mod.media.images_std.obj
 0001:000032c8       ?mod_inc@RGenerator@images_std@media@modules@UModSys@@UEBA_NXZ 00000001800042c8 f   umodsys_lib_libmedia:umodsys.mod.media.images_std.obj
 0001:000032d8       ?mod_dec@RGenerator@images_std@media@modules@UModSys@@UEBA_NXZ 00000001800042d8 f   umodsys_lib_libmedia:umodsys.mod.media.images_std.obj
 0001:000032ec       ?s_holder@RGenerator@images_std@media@modules@UModSys@@SAAEAU?$TTypeStaticHolder@URGenerator@images_std@media@modules@UModSys@@@tl@5@XZ 00000001800042ec f   umodsys_lib_libmedia:umodsys.mod.media.images_std.obj
 0001:00003330       ?Link@SModuleContext@base@UModSys@@QEAAXPEAUISystem@23@PEAUIMemAlloc@core@3@@Z 0000000180004330 f   umodsys_lib_base:umodsys.base.modulecontext.obj
 0001:000033a4       ?mlr_count@RModuleLibraryReg_Chain@base@UModSys@@UEBA_KXZ 00000001800043a4 f   umodsys_lib_base:umodsys.base.moduleregchain.obj
 0001:000033dc       ?mlr_get@RModuleLibraryReg_Chain@base@UModSys@@UEBAPEAUIModuleReg@23@_K@Z 00000001800043dc f   umodsys_lib_base:umodsys.base.moduleregchain.obj
 0001:00003408       ?mlr_open@RModuleLibraryReg_Chain@base@UModSys@@UEAA_NPEAUISystem@23@PEAUIMemAlloc@core@3@@Z 0000000180004408 f   umodsys_lib_base:umodsys.base.moduleregchain.obj
 0001:0000348c       ?mlr_close@RModuleLibraryReg_Chain@base@UModSys@@UEAA_NXZ 000000018000448c f   umodsys_lib_base:umodsys.base.moduleregchain.obj
 0001:00003514       ?mlr_isopen@RModuleLibraryReg_Chain@base@UModSys@@UEBA_NXZ 0000000180004514 f   umodsys_lib_base:umodsys.base.moduleregchain.obj
 0001:00003524       ??_EIModuleLibraryReg@base@UModSys@@UEAAPEAXI@Z 0000000180004524 f i  CIL library: CIL module
 0001:00003524       ??_ERModuleLibraryReg_Chain@base@UModSys@@UEAAPEAXI@Z 0000000180004524 f i  CIL library: CIL module
 0001:00003524       ??_GIModuleLibraryReg@base@UModSys@@UEAAPEAXI@Z 0000000180004524 f i umodsys_lib_base:umodsys.base.modulereg.obj
 0001:00003524       ??_GRModuleLibraryReg_Chain@base@UModSys@@UEAAPEAXI@Z 0000000180004524 f i umodsys_lib_base:umodsys.base.moduleregchain.obj
 0001:0000354c       UModSys_Plugin_Entry2      000000018000454c f   umodsys_lib_base:umodsys.so_main.win32.obj
 0001:00003554       ??0IModuleReg@base@UModSys@@QEAA@PEBDHH0@Z 0000000180004554 f   umodsys_lib_base:umodsys.base.modulereg.obj
 0001:000035bc       ?mr_isopen@IModuleReg@base@UModSys@@UEBA_NXZ 00000001800045bc f   umodsys_lib_base:umodsys.base.modulereg.obj
 0001:000035c8       ?mr_open@IModuleReg@base@UModSys@@UEAA_NXZ 00000001800045c8 f   umodsys_lib_base:umodsys.base.modulereg.obj
 0001:000035ec       ?mr_close@IModuleReg@base@UModSys@@UEAA_NXZ 00000001800045ec f   umodsys_lib_base:umodsys.base.modulereg.obj
 0001:00003608       ??0SUniquePointer@core@UModSys@@QEAA@PEBD0H@Z 0000000180004608 f   umodsys_lib_core:umodsys.core.uniqueptr.obj
 0001:00003658       ??1SUniquePointer@core@UModSys@@QEAA@XZ 0000000180004658 f   umodsys_lib_core:umodsys.core.uniqueptr.obj
 0001:00003680       ?suicide@IRoot@core@UModSys@@UEAAXXZ 0000000180004680 f   umodsys_lib_core:umodsys.core.objects.obj
 0001:00003698       ??3IRoot@core@UModSys@@SAXPEAX@Z 0000000180004698 f   umodsys_lib_core:umodsys.core.objects.obj
 0001:000036c0       _onexit                    00000001800046c0 f   MSVCRT:atonexit.obj
 0001:00003770       atexit                     0000000180004770 f   MSVCRT:atonexit.obj
 0001:00003788       _purecall                  0000000180004788 f   MSVCRT:MSVCR90.dll
 0001:0000378e       ??3@YAXPEAX@Z              000000018000478e f   MSVCRT:MSVCR90.dll
 0001:00003794       ??_Etype_info@@UEAAPEAXI@Z 0000000180004794 f i MSVCRT:ti_inst.obj
 0001:00003860       _CRT_INIT                  0000000180004860 f   MSVCRT:crtdll.obj
 0001:00003bf4       _DllMainCRTStartup         0000000180004bf4 f   MSVCRT:crtdll.obj
 0001:00003c32       ??2@YAPEAX_K@Z             0000000180004c32 f   MSVCRT:MSVCR90.dll
 0001:00003c38       __C_specific_handler       0000000180004c38 f   MSVCRT:MSVCR90.dll
 0001:00003c3e       _unlock                    0000000180004c3e f   MSVCRT:MSVCR90.dll
 0001:00003c44       __dllonexit                0000000180004c44 f   MSVCRT:MSVCR90.dll
 0001:00003c4a       _lock                      0000000180004c4a f   MSVCRT:MSVCR90.dll
 0001:00003c50       ?__ArrayUnwind@@YAXPEAX_KHP6AX0@Z@Z 0000000180004c50 f   MSVCRT:ehvecdtr.obj
 0001:00003c9c       ??_M@YAXPEAX_KHP6AX0@Z@Z   0000000180004c9c f   MSVCRT:ehvecdtr.obj
 0001:00003cfc       __clean_type_info_names    0000000180004cfc f   MSVCRT:tncleanup.obj
 0001:00003d08       _RTC_Initialize            0000000180004d08 f   MSVCRT:_initsect_.obj
 0001:00003d40       _RTC_Terminate             0000000180004d40 f   MSVCRT:_initsect_.obj
 0001:00003d80       _ValidateImageBase         0000000180004d80 f   MSVCRT:pesect.obj
 0001:00003db0       _FindPESection             0000000180004db0 f   MSVCRT:pesect.obj
 0001:00003e00       _IsNonwritableInCurrentImage 0000000180004e00 f   MSVCRT:pesect.obj
 0001:00003e42       _initterm                  0000000180004e42 f   MSVCRT:MSVCR90.dll
 0001:00003e48       _initterm_e                0000000180004e48 f   MSVCRT:MSVCR90.dll
 0001:00003e4e       _amsg_exit                 0000000180004e4e f   MSVCRT:MSVCR90.dll
 0001:00003e54       __CppXcptFilter            0000000180004e54 f   MSVCRT:MSVCR90.dll
 0001:00003e5c       DllMain                    0000000180004e5c f   MSVCRT:dllmain.obj
 0001:00003e80       __security_init_cookie     0000000180004e80 f   MSVCRT:gs_support.obj
 0001:00003f34       ?terminate@@YAXXZ          0000000180004f34 f   MSVCRT:MSVCR90.dll
 0001:00003f3a       ??1type_info@@UEAA@XZ      0000000180004f3a f   MSVCRT:MSVCR90.dll
 0001:00003f3a       ?_type_info_dtor_internal_method@type_info@@QEAAXXZ 0000000180004f3a f   MSVCRT:MSVCR90.dll
 0001:00003f40       __clean_type_info_names_internal 0000000180004f40 f   MSVCRT:MSVCR90.dll
 0001:00003f46       png_get_IHDR               0000000180004f46 f   lib_libpng:lib_libpng.dll
 0001:00003f4c       png_read_info              0000000180004f4c f   lib_libpng:lib_libpng.dll
 0001:00003f52       png_sig_cmp                0000000180004f52 f   lib_libpng:lib_libpng.dll
 0001:00003f58       png_create_read_struct     0000000180004f58 f   lib_libpng:lib_libpng.dll
 0001:00003f5e       png_get_io_ptr             0000000180004f5e f   lib_libpng:lib_libpng.dll
 0001:00003f64       png_create_info_struct     0000000180004f64 f   lib_libpng:lib_libpng.dll
 0001:00003f6a       png_set_read_fn            0000000180004f6a f   lib_libpng:lib_libpng.dll
 0001:00003f70       png_read_update_info       0000000180004f70 f   lib_libpng:lib_libpng.dll
 0001:00003f76       png_set_sig_bytes          0000000180004f76 f   lib_libpng:lib_libpng.dll
 0001:00003f7c       png_read_row               0000000180004f7c f   lib_libpng:lib_libpng.dll
 0001:00003f82       png_error                  0000000180004f82 f   lib_libpng:lib_libpng.dll
 0001:00003f88       png_destroy_read_struct    0000000180004f88 f   lib_libpng:lib_libpng.dll
 0001:00003f8e       SDL_RenderDrawLine         0000000180004f8e f   lib_SDL2:lib_SDL2.dll
 0001:00003f94       SDL_Init                   0000000180004f94 f   lib_SDL2:lib_SDL2.dll
 0001:00003f9a       SDL_DestroyWindow          0000000180004f9a f   lib_SDL2:lib_SDL2.dll
 0001:00003fa0       SDL_CreateWindow           0000000180004fa0 f   lib_SDL2:lib_SDL2.dll
 0001:00003fa6       SDL_DestroyRenderer        0000000180004fa6 f   lib_SDL2:lib_SDL2.dll
 0001:00003fac       SDL_RenderPresent          0000000180004fac f   lib_SDL2:lib_SDL2.dll
 0001:00003fb2       SDL_SetRenderDrawBlendMode 0000000180004fb2 f   lib_SDL2:lib_SDL2.dll
 0001:00003fb8       SDL_SetRenderDrawColor     0000000180004fb8 f   lib_SDL2:lib_SDL2.dll
 0001:00003fbe       SDL_PumpEvents             0000000180004fbe f   lib_SDL2:lib_SDL2.dll
 0001:00003fc4       SDL_Delay                  0000000180004fc4 f   lib_SDL2:lib_SDL2.dll
 0001:00003fca       SDL_RenderClear            0000000180004fca f   lib_SDL2:lib_SDL2.dll
 0001:00003fd0       SDL_CreateRenderer         0000000180004fd0 f   lib_SDL2:lib_SDL2.dll
 0001:00003fd6       SDL_PeepEvents             0000000180004fd6 f   lib_SDL2:lib_SDL2.dll
 0001:00003fdc       SDL_GetTicks               0000000180004fdc f   lib_SDL2:lib_SDL2.dll
 0001:00003fe2       SDL_RenderFillRect         0000000180004fe2 f   lib_SDL2:lib_SDL2.dll
 0001:00003fe8       SDL_RenderDrawRect         0000000180004fe8 f   lib_SDL2:lib_SDL2.dll
 0001:00003fee       SDL_Quit                   0000000180004fee f   lib_SDL2:lib_SDL2.dll
 0001:00003ff4       memcpy                     0000000180004ff4 f   MSVCRT:MSVCR90.dll
 0001:00003ffa       __CxxFrameHandler3         0000000180004ffa f   MSVCRT:MSVCR90.dll
 0001:00004000       _setjmp                    0000000180005000 f   MSVCRT:MSVCR90.dll
 0001:00004020       __chkstk                   0000000180005020 f   MSVCRT:chkstk.obj
 0001:00004020       _alloca_probe              0000000180005020     MSVCRT:chkstk.obj
 0002:00000000       __imp_Sleep                0000000180007000     kernel32:KERNEL32.dll
 0002:00000008       __imp_QueryPerformanceCounter 0000000180007008     kernel32:KERNEL32.dll
 0002:00000010       __imp_GetTickCount         0000000180007010     kernel32:KERNEL32.dll
 0002:00000018       __imp_GetCurrentThreadId   0000000180007018     kernel32:KERNEL32.dll
 0002:00000020       __imp_GetCurrentProcessId  0000000180007020     kernel32:KERNEL32.dll
 0002:00000028       __imp_GetSystemTimeAsFileTime 0000000180007028     kernel32:KERNEL32.dll
 0002:00000030       __imp_DisableThreadLibraryCalls 0000000180007030     kernel32:KERNEL32.dll
 0002:00000038       \177KERNEL32_NULL_THUNK_DATA 0000000180007038     kernel32:KERNEL32.dll
 0002:00000040       __imp___dllonexit          0000000180007040     MSVCRT:MSVCR90.dll
 0002:00000048       __imp__encode_pointer      0000000180007048     MSVCRT:MSVCR90.dll
 0002:00000050       __imp__lock                0000000180007050     MSVCRT:MSVCR90.dll
 0002:00000058       __imp__onexit              0000000180007058     MSVCRT:MSVCR90.dll
 0002:00000060       __imp__decode_pointer      0000000180007060     MSVCRT:MSVCR90.dll
 0002:00000068       __imp__malloc_crt          0000000180007068     MSVCRT:MSVCR90.dll
 0002:00000070       __imp__initterm            0000000180007070     MSVCRT:MSVCR90.dll
 0002:00000078       __imp__initterm_e          0000000180007078     MSVCRT:MSVCR90.dll
 0002:00000080       __imp__unlock              0000000180007080     MSVCRT:MSVCR90.dll
 0002:00000088       __imp__encoded_null        0000000180007088     MSVCRT:MSVCR90.dll
 0002:00000090       __imp__amsg_exit           0000000180007090     MSVCRT:MSVCR90.dll
 0002:00000098       __imp___CppXcptFilter      0000000180007098     MSVCRT:MSVCR90.dll
 0002:000000a0       __imp_?terminate@@YAXXZ    00000001800070a0     MSVCRT:MSVCR90.dll
 0002:000000a8       __imp_?_type_info_dtor_internal_method@type_info@@QEAAXXZ 00000001800070a8     MSVCRT:MSVCR90.dll
 0002:000000b0       __imp___clean_type_info_names_internal 00000001800070b0     MSVCRT:MSVCR90.dll
 0002:000000b8       __imp___CxxFrameHandler3   00000001800070b8     MSVCRT:MSVCR90.dll
 0002:000000c0       __imp_memcpy               00000001800070c0     MSVCRT:MSVCR90.dll
 0002:000000c8       __imp___C_specific_handler 00000001800070c8     MSVCRT:MSVCR90.dll
 0002:000000d0       __imp_longjmp              00000001800070d0     MSVCRT:MSVCR90.dll
 0002:000000d8       __imp_strstr               00000001800070d8     MSVCRT:MSVCR90.dll
 0002:000000e0       __imp_??2@YAPEAX_K@Z       00000001800070e0     MSVCRT:MSVCR90.dll
 0002:000000e8       __imp_??3@YAXPEAX@Z        00000001800070e8     MSVCRT:MSVCR90.dll
 0002:000000f0       __imp__purecall            00000001800070f0     MSVCRT:MSVCR90.dll
 0002:000000f8       __imp_free                 00000001800070f8     MSVCRT:MSVCR90.dll
 0002:00000100       __imp_strncmp              0000000180007100     MSVCRT:MSVCR90.dll
 0002:00000108       __imp__setjmp              0000000180007108     MSVCRT:MSVCR90.dll
 0002:00000110       \177MSVCR90_NULL_THUNK_DATA 0000000180007110     MSVCRT:MSVCR90.dll
 0002:00000118       __imp_SDL_PumpEvents       0000000180007118     lib_SDL2:lib_SDL2.dll
 0002:00000120       __imp_SDL_RenderFillRect   0000000180007120     lib_SDL2:lib_SDL2.dll
 0002:00000128       __imp_SDL_Quit             0000000180007128     lib_SDL2:lib_SDL2.dll
 0002:00000130       __imp_SDL_GetTicks         0000000180007130     lib_SDL2:lib_SDL2.dll
 0002:00000138       __imp_SDL_PeepEvents       0000000180007138     lib_SDL2:lib_SDL2.dll
 0002:00000140       __imp_SDL_CreateRenderer   0000000180007140     lib_SDL2:lib_SDL2.dll
 0002:00000148       __imp_SDL_RenderClear      0000000180007148     lib_SDL2:lib_SDL2.dll
 0002:00000150       __imp_SDL_Delay            0000000180007150     lib_SDL2:lib_SDL2.dll
 0002:00000158       __imp_SDL_SetRenderDrawColor 0000000180007158     lib_SDL2:lib_SDL2.dll
 0002:00000160       __imp_SDL_SetRenderDrawBlendMode 0000000180007160     lib_SDL2:lib_SDL2.dll
 0002:00000168       __imp_SDL_RenderPresent    0000000180007168     lib_SDL2:lib_SDL2.dll
 0002:00000170       __imp_SDL_RenderDrawLine   0000000180007170     lib_SDL2:lib_SDL2.dll
 0002:00000178       __imp_SDL_Init             0000000180007178     lib_SDL2:lib_SDL2.dll
 0002:00000180       __imp_SDL_DestroyWindow    0000000180007180     lib_SDL2:lib_SDL2.dll
 0002:00000188       __imp_SDL_CreateWindow     0000000180007188     lib_SDL2:lib_SDL2.dll
 0002:00000190       __imp_SDL_DestroyRenderer  0000000180007190     lib_SDL2:lib_SDL2.dll
 0002:00000198       __imp_SDL_RenderDrawRect   0000000180007198     lib_SDL2:lib_SDL2.dll
 0002:000001a0       \177lib_SDL2_NULL_THUNK_DATA 00000001800071a0     lib_SDL2:lib_SDL2.dll
 0002:000001a8       __imp_jpeg_std_error       00000001800071a8     lib_jpeglib:lib_jpeglib.dll
 0002:000001b0       __imp_jpeg_read_scanlines  00000001800071b0     lib_jpeglib:lib_jpeglib.dll
 0002:000001b8       __imp_jpeg_start_decompress 00000001800071b8     lib_jpeglib:lib_jpeglib.dll
 0002:000001c0       __imp_jpeg_finish_decompress 00000001800071c0     lib_jpeglib:lib_jpeglib.dll
 0002:000001c8       __imp_jpeg_read_header     00000001800071c8     lib_jpeglib:lib_jpeglib.dll
 0002:000001d0       __imp_jpeg_resync_to_restart 00000001800071d0     lib_jpeglib:lib_jpeglib.dll
 0002:000001d8       __imp_jpeg_destroy_decompress 00000001800071d8     lib_jpeglib:lib_jpeglib.dll
 0002:000001e0       __imp_jpeg_CreateDecompress 00000001800071e0     lib_jpeglib:lib_jpeglib.dll
 0002:000001e8       __imp_jpeg_destroy         00000001800071e8     lib_jpeglib:lib_jpeglib.dll
 0002:000001f0       \177lib_jpeglib_NULL_THUNK_DATA 00000001800071f0     lib_jpeglib:lib_jpeglib.dll
 0002:000001f8       __imp_png_error            00000001800071f8     lib_libpng:lib_libpng.dll
 0002:00000200       __imp_png_read_row         0000000180007200     lib_libpng:lib_libpng.dll
 0002:00000208       __imp_png_set_sig_bytes    0000000180007208     lib_libpng:lib_libpng.dll
 0002:00000210       __imp_png_read_update_info 0000000180007210     lib_libpng:lib_libpng.dll
 0002:00000218       __imp_png_set_read_fn      0000000180007218     lib_libpng:lib_libpng.dll
 0002:00000220       __imp_png_create_info_struct 0000000180007220     lib_libpng:lib_libpng.dll
 0002:00000228       __imp_png_get_io_ptr       0000000180007228     lib_libpng:lib_libpng.dll
 0002:00000230       __imp_png_create_read_struct 0000000180007230     lib_libpng:lib_libpng.dll
 0002:00000238       __imp_png_sig_cmp          0000000180007238     lib_libpng:lib_libpng.dll
 0002:00000240       __imp_png_read_info        0000000180007240     lib_libpng:lib_libpng.dll
 0002:00000248       __imp_png_get_IHDR         0000000180007248     lib_libpng:lib_libpng.dll
 0002:00000250       __imp_png_destroy_read_struct 0000000180007250     lib_libpng:lib_libpng.dll
 0002:00000258       \177lib_libpng_NULL_THUNK_DATA 0000000180007258     lib_libpng:lib_libpng.dll
 0002:00000260       __xc_a                     0000000180007260     MSVCRT:cinitexe.obj
 0002:000008f8       __xc_z                     00000001800078f8     MSVCRT:cinitexe.obj
 0002:00000900       __xi_a                     0000000180007900     MSVCRT:cinitexe.obj
 0002:00000910       __xi_z                     0000000180007910     MSVCRT:cinitexe.obj
 0002:00000928       ??_7type_info@@6B@         0000000180007928     MSVCRT:ti_inst.obj
 0002:00000930       _pDefaultRawDllMain        0000000180007930     MSVCRT:crtdll.obj
 0002:00000930       _pRawDllMain               0000000180007930     MSVCRT:crtdll.obj
 0002:00000938       ??_C@_0P@GHFPNOJB@bad?5allocation?$AA@ 0000000180007938     plugin_test1.obj
 0002:00000948       ??_C@_0BF@OCNNAADO@UModSys?3?3core?3?3IRoot?$AA@ 0000000180007948     plugin_test1.obj
 0002:00000960       ??_C@_0BK@EMIJFOPA@UModSys?3?3core?3?3IRefObject?$AA@ 0000000180007960     plugin_test1.obj
 0002:00000980       ??_C@_0BL@IOMMHELF@UModSys?3?3core?3?3IParameters?$AA@ 0000000180007980     plugin_test1.obj
 0002:000009a0       ??_C@_0BH@LKDEEPPM@UModSys?3?3base?3?3IModule?$AA@ 00000001800079a0     plugin_test1.obj
 0002:000009b8       ??_C@_0BO@PHJOHFCB@UModSys?3?3base?3?3IModuleLibrary?$AA@ 00000001800079b8     plugin_test1.obj
 0002:000009d8       ??_C@_0BK@FDPIOPHG@UModSys?3?3base?3?3IModObject?$AA@ 00000001800079d8     plugin_test1.obj
 0002:000009f8       ??_C@_0BK@OIBKNCKJ@UModSys?3?3base?3?3IGenerator?$AA@ 00000001800079f8     plugin_test1.obj
 0002:00000a18       ??_C@_0BG@PJBGCMEC@UModSys?3?3base?3?3IShell?$AA@ 0000000180007a18     plugin_test1.obj
 0002:00000a30       ??_C@_0BI@IKAOEFAP@UModSys?3?3base?3?3IConsole?$AA@ 0000000180007a30     plugin_test1.obj
 0002:00000a48       ??_C@_0BH@PFCONEJJ@UModSys?3?3base?3?3ISystem?$AA@ 0000000180007a48     plugin_test1.obj
 0002:00000a60       ??_C@_0CB@CLGNFEGF@UModSys?3?3libmedia?3?3IStreamReader@ 0000000180007a60     plugin_test1.obj
 0002:00000a88       ??_C@_0CB@HOPFFLP@UModSys?3?3libmedia?3?3IStreamWriter@ 0000000180007a88     plugin_test1.obj
 0002:00000ab0       ??_C@_0BP@KCJMEDNO@UModSys?3?3libmedia?3?3IBinArchive?$AA@ 0000000180007ab0     plugin_test1.obj
 0002:00000ad0       ??_C@_0CB@FDEKNMGJ@UModSys?3?3libmedia?3?3IBinObjFilter@ 0000000180007ad0     plugin_test1.obj
 0002:00000af8       ??_C@_0BM@DPCMOAPM@UModSys?3?3libmedia?3?3ILibrary?$AA@ 0000000180007af8     plugin_test1.obj
 0002:00000b18       ??_C@_0CD@ELIFEGE@UModSys?3?3libmedia?3?3ILibraryBinTr@ 0000000180007b18     plugin_test1.obj
 0002:00000b40       ??_C@_0CE@EGHBJBAJ@UModSys?3?3libmedia?3?3ILibraryBinCa@ 0000000180007b40     plugin_test1.obj
 0002:00000b68       ??_C@_0CF@LBIGBLOK@UModSys?3?3libmedia?3?3ILibraryObjFi@ 0000000180007b68     plugin_test1.obj
 0002:00000b90       ??_C@_0CE@BOBLEOBL@UModSys?3?3libmedia?3?3ILibraryObjCa@ 0000000180007b90     plugin_test1.obj
 0002:00000bb8       ??_C@_0CD@LJFEJKGF@UModSys?3?3libmedia?3?3ILibraryLayer@ 0000000180007bb8     plugin_test1.obj
 0002:00000be0       ?utf_bytesFromUTF8@su@tl@UModSys@@3QBEB 0000000180007be0     umodsys_lib_core:umodsys.tl.utf.obj
 0002:00000ce0       ?utf_firstByteMark@su@tl@UModSys@@3QBEB 0000000180007ce0     umodsys_lib_core:umodsys.tl.utf.obj
 0002:00000ce8       ?utf_offsetsFromUTF8@su@tl@UModSys@@3QBHB 0000000180007ce8     umodsys_lib_core:umodsys.tl.utf.obj
 0002:00000d18       ??_C@_0BL@NMJBPMOF@UModSys?3?3base?3?3IConsoleExt?$AA@ 0000000180007d18     plugin_test1.obj
 0002:00000d38       ??_C@_0BO@CGANABBB@UModSys?3?3base?3?3IConsoleHelper?$AA@ 0000000180007d38     plugin_test1.obj
 0002:00000d58       ??_C@_0CF@NIEDAAFG@UModSys?3?3base?3?3IConsoleHelperHis@ 0000000180007d58     plugin_test1.obj
 0002:00000d80       ??_C@_0CD@FCDJONHN@UModSys?3?3base?3?3IConsoleHelperInp@ 0000000180007d80     plugin_test1.obj
 0002:00000da8       ??_C@_0CE@KMOIHDDJ@UModSys?3?3base?3?3IConsoleHelperOut@ 0000000180007da8     plugin_test1.obj
 0002:00000dd0       ??_C@_0CH@NMEMKECD@UModSys?3?3base?3?3IConsoleHelperOut@ 0000000180007dd0     plugin_test1.obj
 0002:00000df8       ??_C@_0CE@DIFILHID@UModSys?3?3libui?3?3IKeyboardControl@ 0000000180007df8     plugin_test1.obj
 0002:00000e20       ??_C@_0CB@MBIJAGJE@UModSys?3?3libui?3?3IMouseController@ 0000000180007e20     plugin_test1.obj
 0002:00000e48       ??_C@_0CE@HLKJKPC@UModSys?3?3libui?3?3IJoystickControl@ 0000000180007e48     plugin_test1.obj
 0002:00000e70       ??_C@_0BK@GJJNKGGD@UModSys?3?3libui?3?3ITerminal?$AA@ 0000000180007e70     plugin_test1.obj
 0002:00000e90       ??_C@_0CK@HENOKNKH@UModSys?3?3libui?3?3IConsoleHelperIn@ 0000000180007e90     plugin_test1.obj
 0002:00000ec0       ??_C@_0BH@JDBCAPMN@UModSys?3?3lib2d?3?3IImage?$AA@ 0000000180007ec0     plugin_test1.obj
 0002:00000ed8       ??_C@_0BM@NDCOKBPH@UModSys?3?3lib2d?3?3IMultiImage?$AA@ 0000000180007ed8     plugin_test1.obj
 0002:00000ef8       ??_C@_0BO@FFPMHFPK@UModSys?3?3lib2d?3?3IRenderDriver?$AA@ 0000000180007ef8     plugin_test1.obj
 0002:00000f18       ??_C@_0CG@DNABKNDD@UModSys?3?3modules?3?3test?3?3test1?3?3I@ 0000000180007f18     plugin_test1.obj
 0002:00000f40       ??_C@_0CG@FINIGFAH@UModSys?3?3modules?3?3test?3?3test1?3?3R@ 0000000180007f40     plugin_test1.obj
 0002:00000f68       ??_C@_0CN@EFAOPDDB@UModSys?3?3modules?3?3test?3?3test1?3?3R@ 0000000180007f68     plugin_test1.obj
 0002:00000f98       ??_C@_0CM@LNHNHIJB@UModSys?3?3modules?3?3test?3?3test1?3?3R@ 0000000180007f98     plugin_test1.obj
 0002:00000fc8       ??_C@_0BC@NIGGCDMG@RTest1_Shell?$CI?$CJ?5?$HL?6?$AA@ 0000000180007fc8     plugin_test1.obj
 0002:00000fe0       ??_C@_0DK@JIEMIEKA@UModSys?3?3modules?3?3test?3?3test1?3?3R@ 0000000180007fe0     plugin_test1.obj
 0002:00001020       ??_C@_0CK@OICDGBDJ@?4?4?2?4?4?2?4?4?2src?2plugin?2test?2plugin_@ 0000000180008020     plugin_test1.obj
 0002:00001050       ??_C@_0BF@BMCPNMPN@?$HN?5?1?1?5RTest1_Shell?$CI?$CJ?6?$AA@ 0000000180008050     plugin_test1.obj
 0002:00001068       ??_C@_0DL@OIAHAJF@UModSys?3?3modules?3?3test?3?3test1?3?3R@ 0000000180008068     plugin_test1.obj
 0002:000010a8       ??_C@_0BB@MLDFLEML@?$HORTest1_Shell?$CI?$CJ?6?$AA@ 00000001800080a8     plugin_test1.obj
 0002:000010c0       ??_C@_0BJ@CCPCJEPP@RTest1_Shell?3?3connect?$CI?$CJ?6?$AA@ 00000001800080c0     plugin_test1.obj
 0002:000010e0       ??_C@_0BM@KBDBHLN@RTest1_Shell?3?3disconnect?$CI?$CJ?6?$AA@ 00000001800080e0     plugin_test1.obj
 0002:00001100       ??_C@_0BI@PGLACHLJ@RTest1_Shell?3?3tick?$CI?$CFg?$CJ?6?$AA@ 0000000180008100     plugin_test1.obj
 0002:00001118       ??_C@_0BM@JFIEEBE@RTest1_Shell?3?3command?$CI?$CD?$CFd?$CJ?6?$AA@ 0000000180008118     plugin_test1.obj
 0002:00001138       ??_C@_0BP@CAPONCLM@?5?5found?5terminal?5?$CFs?3?5?$CFs?5?$DN?$DO?5?$CFp?6?$AA@ 0000000180008138     plugin_test1.obj
 0002:00001158       ??_C@_0BE@CKPLJHAG@?5?5fail?5terminal?5?$CFs?6?$AA@ 0000000180008158     plugin_test1.obj
 0002:00001170       ??_C@_0P@GKJLFKKG@?$CK?3?3SDL_core?3?3?$CK?$AA@ 0000000180008170     plugin_test1.obj
 0002:00001180       ??_C@_07EPLPNHLN@Test?5?$CD1?$AA@ 0000000180008180     plugin_test1.obj
 0002:00001188       ??_C@_07BANDPJOM@caption?$AA@ 0000000180008188     plugin_test1.obj
 0002:00001190       ??_C@_00CNPNBAHC@?$AA@     0000000180008190     plugin_test1.obj
 0002:00001198       ??_C@_0CE@HACAKFFL@?5?5not?5created?5lib2d?3?3IRenderDriv@ 0000000180008198     plugin_test1.obj
 0002:000011c0       ??_C@_0CK@INONFMOM@?5?5created?5lib2d?3?3IRenderDriver?3?5@ 00000001800081c0     plugin_test1.obj
 0002:000011f0       ??_C@_0CK@DEJPICLK@UModSys?3?3modules?3?3test?3?3test1?3?3R@ 00000001800081f0     plugin_test1.obj
 0002:00001220       ??_C@_0DD@HMBJLEH@UMODSYS_MODULE_NAME?$CItest?0test1?$CJ?3@ 0000000180008220     plugin_test1.obj
 0002:00001258       ??_C@_0BA@NMEBLMNE@Test?51?5?9?5module?$AA@ 0000000180008258     plugin_test1.obj
 0002:00001268       ??_C@_0N@FOCLJAHI@tests?3?3test1?$AA@ 0000000180008268     plugin_test1.obj
 0002:00001278       ??_C@_0BE@HJEBHPIG@RModuleReg?3?3open?$CI?$CJ?6?$AA@ 0000000180008278     plugin_test1.obj
 0002:00001290       ??_C@_0BF@KIBBFLP@RModuleReg?3?3close?$CI?$CJ?6?$AA@ 0000000180008290     plugin_test1.obj
 0002:000012a8       ??_C@_09JGNMLHG@modobject?$AA@ 00000001800082a8     plugin_test1.obj
 0002:000012b8       ??_C@_08FCBDOIAH@typeinfo?$AA@ 00000001800082b8     plugin_test1.obj
 0002:000012d8       ??_7IRoot@core@UModSys@@6B@ 00000001800082d8     plugin_test1.obj
 0002:00001328       ??_7RTest1_Shell@test1@test@modules@UModSys@@6B@ 0000000180008328     plugin_test1.obj
 0002:000013b8       ??_7RGenerator@test1@test@modules@UModSys@@6B@ 00000001800083b8     plugin_test1.obj
 0002:00001458       ??_7RModuleReg@test1@test@modules@UModSys@@6B@ 0000000180008458     plugin_test1.obj
 0002:00001488       ??_C@_0DJ@HHGCBBEF@UModSys?3?3modules?3?3ui?3?3SDL_core?3?3@ 0000000180008488     umodsys_lib_libui:umodsys.mod.ui.SDL_core.obj
 0002:000014c4       ??_C@_04MGOIFCEG@SDL2?$AA@ 00000001800084c4     umodsys_lib_libui:umodsys.mod.ui.SDL_core.obj
 0002:000014cc       ??_C@_01FJMABOPO@x?$AA@    00000001800084cc     umodsys_lib_libui:umodsys.mod.ui.SDL_core.obj
 0002:000014d0       ??_C@_01EANLCPLP@y?$AA@    00000001800084d0     umodsys_lib_libui:umodsys.mod.ui.SDL_core.obj
 0002:000014d4       ??_C@_02KIIGLGOP@dx?$AA@   00000001800084d4     umodsys_lib_libui:umodsys.mod.ui.SDL_core.obj
 0002:000014d8       ??_C@_02LBJNIHKO@dy?$AA@   00000001800084d8     umodsys_lib_libui:umodsys.mod.ui.SDL_core.obj
 0002:000014e0       ??_C@_0DD@HBKHIPP@UModSys?3?3modules?3?3ui?3?3SDL_core?3?3@ 00000001800084e0     umodsys_lib_libui:umodsys.mod.ui.SDL_core.obj
 0002:00001518       ??_C@_0CL@JNMIGLLO@UModSys?3?3modules?3?3ui?3?3SDL_core?3?3@ 0000000180008518     umodsys_lib_libui:umodsys.mod.ui.SDL_core.obj
 0002:00001548       ??_C@_0DE@GHIHDIMC@UMODSYS_MODULE_NAME?$CIui?0SDL_core?$CJ@ 0000000180008548     umodsys_lib_libui:umodsys.mod.ui.SDL_core.obj
 0002:00001580       ??_C@_0N@MLKEIMGM@ui?3?3SDC_core?$AA@ 0000000180008580     umodsys_lib_libui:umodsys.mod.ui.SDL_core.obj
 0002:00001598       ??_7RGenerator@SDL_core@ui@modules@UModSys@@6B@ 0000000180008598     umodsys_lib_libui:umodsys.mod.ui.SDL_core.obj
 0002:00001638       ??_7RTerminal_SDL_core@SDL_core@ui@modules@UModSys@@6B@ 0000000180008638     umodsys_lib_libui:umodsys.mod.ui.SDL_core.obj
 0002:000016f8       ??_7RRenderDriver2D_SDL_core@SDL_core@ui@modules@UModSys@@6B@ 00000001800086f8     umodsys_lib_libui:umodsys.mod.ui.SDL_core.obj
 0002:00001818       ??_7RModuleReg@SDL_core@ui@modules@UModSys@@6B@ 0000000180008818     umodsys_lib_libui:umodsys.mod.ui.SDL_core.obj
 0002:00001848       ??_C@_0DC@OJAOGACO@UModSys?3?3modules?3?3media?3?3images_@ 0000000180008848     umodsys_lib_libmedia:umodsys.mod.media.images_std.obj
 0002:00001880       ??_C@_0O@IMJFODOA@lib2d?3?3IImage?$AA@ 0000000180008880     umodsys_lib_libmedia:umodsys.mod.media.images_std.obj
 0002:00001890       ??_C@_0BH@FAPHCJAO@image_palette_alphakey?$AA@ 0000000180008890     umodsys_lib_libmedia:umodsys.mod.media.images_std.obj
 0002:000018a8       ??_C@_0L@MIOOFCJG@image_hint?$AA@ 00000001800088a8     umodsys_lib_libmedia:umodsys.mod.media.images_std.obj
 0002:000018b8       ??_C@_0M@CPFHCGMF@image_alpha?$AA@ 00000001800088b8     umodsys_lib_libmedia:umodsys.mod.media.images_std.obj
 0002:000018c4       ??_C@_04GNPKBLNA@?4jpg?$AA@ 00000001800088c4     umodsys_lib_libmedia:umodsys.mod.media.images_std.obj
 0002:000018cc       ??_C@_05KPIGABMB@?4jpeg?$AA@ 00000001800088cc     umodsys_lib_libmedia:umodsys.mod.media.images_std.obj
 0002:000018d4       ??_C@_04EEOGCCFB@?4png?$AA@ 00000001800088d4     umodsys_lib_libmedia:umodsys.mod.media.images_std.obj
 0002:000018e0       ??_C@_0CB@LKENOGAK@PNG?5FATAL?5ERROR?3?5png?5error?5?9?5?$CFs?6@ 00000001800088e0     umodsys_lib_libmedia:umodsys.mod.media.images_std.obj
 0002:00001908       ??_C@_0L@BAFDDAPG@Read?5Error?$AA@ 0000000180008908     umodsys_lib_libmedia:umodsys.mod.media.images_std.obj
 0002:00001918       ??_C@_0M@PMDCBFIO@1?47?40beta06?$AA@ 0000000180008918     umodsys_lib_libmedia:umodsys.mod.media.images_std.obj
 0002:00001928       ??_C@_0DA@GEKJILHJ@UModSys?3?3modules?3?3media?3?3images_@ 0000000180008928     umodsys_lib_libmedia:umodsys.mod.media.images_std.obj
 0002:00001958       ??_C@_0DJ@PEFKPECF@UMODSYS_MODULE_NAME?$CImedia?0images@ 0000000180008958     umodsys_lib_libmedia:umodsys.mod.media.images_std.obj
 0002:00001998       ??_C@_0BC@FLDHBKGG@media?3?3images_std?$AA@ 0000000180008998     umodsys_lib_libmedia:umodsys.mod.media.images_std.obj
 0002:000019b8       ??_7RGenerator@images_std@media@modules@UModSys@@6B@ 00000001800089b8     umodsys_lib_libmedia:umodsys.mod.media.images_std.obj
 0002:00001a58       ??_7RMediaFilter@images_std@media@modules@UModSys@@6BIRefObject@core@4@@ 0000000180008a58     umodsys_lib_libmedia:umodsys.mod.media.images_std.obj
 0002:00001ad8       ??_7RMediaFilter@images_std@media@modules@UModSys@@6BISetter@SFlags@libmedia@4@@ 0000000180008ad8     umodsys_lib_libmedia:umodsys.mod.media.images_std.obj
 0002:00001af8       ??_7RModuleReg@images_std@media@modules@UModSys@@6B@ 0000000180008af8     umodsys_lib_libmedia:umodsys.mod.media.images_std.obj
 0002:00001b30       ??_7RModuleLibraryReg_Chain@base@UModSys@@6B@ 0000000180008b30     umodsys_lib_base:umodsys.base.moduleregchain.obj
 0002:00001b68       ??_7IModuleReg@base@UModSys@@6B@ 0000000180008b68     umodsys_lib_base:umodsys.base.modulereg.obj
 0002:00001ba0       ??_7IModuleLibraryReg@base@UModSys@@6B@ 0000000180008ba0     umodsys_lib_base:umodsys.base.modulereg.obj
 0002:00001bd0       __real@447a0000            0000000180008bd0      CIL library: CIL module
 0002:00001bd4       __real@437f0000            0000000180008bd4      CIL library: CIL module
 0002:00001bd8       __real@3f50624dd2f1a9fc    0000000180008bd8      CIL library: CIL module
 0002:00001ea8       __real@3c23d70a            0000000180008ea8      CIL library: CIL module
 0002:00001eac       __real@3f800000            0000000180008eac      CIL library: CIL module
 0002:00001f38       ??_R4type_info@@6B@        0000000180008f38     MSVCRT:ti_inst.obj
 0002:00001f60       ??_R3type_info@@8          0000000180008f60     MSVCRT:ti_inst.obj
 0002:00001f78       ??_R2type_info@@8          0000000180008f78     MSVCRT:ti_inst.obj
 0002:00001f88       ??_R1A@?0A@EA@type_info@@8 0000000180008f88     MSVCRT:ti_inst.obj
 0002:00001fb0       ??_R4RModuleReg@test1@test@modules@UModSys@@6B@ 0000000180008fb0     plugin_test1.obj
 0002:00001fd8       ??_R3RModuleReg@test1@test@modules@UModSys@@8 0000000180008fd8     plugin_test1.obj
 0002:00001ff0       ??_R2RModuleReg@test1@test@modules@UModSys@@8 0000000180008ff0     plugin_test1.obj
 0002:00002008       ??_R1A@?0A@EA@IModuleReg@base@UModSys@@8 0000000180009008     plugin_test1.obj
 0002:00002030       ??_R3IModuleReg@base@UModSys@@8 0000000180009030     plugin_test1.obj
 0002:00002048       ??_R2IModuleReg@base@UModSys@@8 0000000180009048     plugin_test1.obj
 0002:00002058       ??_R1A@?0A@EA@RModuleReg@test1@test@modules@UModSys@@8 0000000180009058     plugin_test1.obj
 0002:00002080       ??_R4RGenerator@test1@test@modules@UModSys@@6B@ 0000000180009080     plugin_test1.obj
 0002:000020a8       ??_R3RGenerator@test1@test@modules@UModSys@@8 00000001800090a8     plugin_test1.obj
 0002:000020c0       ??_R2RGenerator@test1@test@modules@UModSys@@8 00000001800090c0     plugin_test1.obj
 0002:000020f0       ??_R1A@?0A@EA@RGenerator@test1@test@modules@UModSys@@8 00000001800090f0     plugin_test1.obj
 0002:00002118       ??_R4RTest1_Shell@test1@test@modules@UModSys@@6B@ 0000000180009118     plugin_test1.obj
 0002:00002140       ??_R3RTest1_Shell@test1@test@modules@UModSys@@8 0000000180009140     plugin_test1.obj
 0002:00002158       ??_R2RTest1_Shell@test1@test@modules@UModSys@@8 0000000180009158     plugin_test1.obj
 0002:00002180       ??_R1A@?0A@EA@RTest1_Shell@test1@test@modules@UModSys@@8 0000000180009180     plugin_test1.obj
 0002:000021a8       ??_R3IBinObjFilter@libmedia@UModSys@@8 00000001800091a8     plugin_test1.obj
 0002:000021c0       ??_R2IBinObjFilter@libmedia@UModSys@@8 00000001800091c0     plugin_test1.obj
 0002:000021f8       ??_R17?0A@EA@IResolver@SFlags@libmedia@UModSys@@8 00000001800091f8     plugin_test1.obj
 0002:00002220       ??_R17?0A@EA@IResolverAuto@SFlags@libmedia@UModSys@@8 0000000180009220     plugin_test1.obj
 0002:00002248       ??_R17?0A@EA@ISetter@SFlags@libmedia@UModSys@@8 0000000180009248     plugin_test1.obj
 0002:00002270       ??_R3ISetter@SFlags@libmedia@UModSys@@8 0000000180009270     plugin_test1.obj
 0002:00002288       ??_R2ISetter@SFlags@libmedia@UModSys@@8 0000000180009288     plugin_test1.obj
 0002:000022a8       ??_R1A@?0A@EA@IResolverAuto@SFlags@libmedia@UModSys@@8 00000001800092a8     plugin_test1.obj
 0002:000022d0       ??_R3IResolverAuto@SFlags@libmedia@UModSys@@8 00000001800092d0     plugin_test1.obj
 0002:000022e8       ??_R2IResolverAuto@SFlags@libmedia@UModSys@@8 00000001800092e8     plugin_test1.obj
 0002:00002300       ??_R1A@?0A@EA@IResolver@SFlags@libmedia@UModSys@@8 0000000180009300     plugin_test1.obj
 0002:00002328       ??_R3IResolver@SFlags@libmedia@UModSys@@8 0000000180009328     plugin_test1.obj
 0002:00002340       ??_R2IResolver@SFlags@libmedia@UModSys@@8 0000000180009340     plugin_test1.obj
 0002:00002350       ??_R1A@?0A@EA@ISetter@SFlags@libmedia@UModSys@@8 0000000180009350     plugin_test1.obj
 0002:00002378       ??_R1A@?0A@EA@IBinObjFilter@libmedia@UModSys@@8 0000000180009378     plugin_test1.obj
 0002:000023a0       ??_R3IShell@base@UModSys@@8 00000001800093a0     plugin_test1.obj
 0002:000023b8       ??_R2IShell@base@UModSys@@8 00000001800093b8     plugin_test1.obj
 0002:000023d8       ??_R1A@?0A@EA@IShell@base@UModSys@@8 00000001800093d8     plugin_test1.obj
 0002:00002400       ??_R3IGenerator@base@UModSys@@8 0000000180009400     plugin_test1.obj
 0002:00002418       ??_R2IGenerator@base@UModSys@@8 0000000180009418     plugin_test1.obj
 0002:00002440       ??_R1A@?0A@EA@IGenerator@base@UModSys@@8 0000000180009440     plugin_test1.obj
 0002:00002468       ??_R3IModObject@base@UModSys@@8 0000000180009468     plugin_test1.obj
 0002:00002480       ??_R2IModObject@base@UModSys@@8 0000000180009480     plugin_test1.obj
 0002:000024a0       ??_R1A@?0A@EA@IModObject@base@UModSys@@8 00000001800094a0     plugin_test1.obj
 0002:000024c8       ??_R3IRefObject@core@UModSys@@8 00000001800094c8     plugin_test1.obj
 0002:000024e0       ??_R2IRefObject@core@UModSys@@8 00000001800094e0     plugin_test1.obj
 0002:000024f8       ??_R1A@?0A@EA@IRefObject@core@UModSys@@8 00000001800094f8     plugin_test1.obj
 0002:00002520       ??_R4IRoot@core@UModSys@@6B@ 0000000180009520     plugin_test1.obj
 0002:00002548       ??_R3IRoot@core@UModSys@@8 0000000180009548     plugin_test1.obj
 0002:00002560       ??_R2IRoot@core@UModSys@@8 0000000180009560     plugin_test1.obj
 0002:00002570       ??_R1A@?0A@EA@IRoot@core@UModSys@@8 0000000180009570     plugin_test1.obj
 0002:00002598       ??_R4RModuleReg@SDL_core@ui@modules@UModSys@@6B@ 0000000180009598     umodsys_lib_libui:umodsys.mod.ui.SDL_core.obj
 0002:000025c0       ??_R3RModuleReg@SDL_core@ui@modules@UModSys@@8 00000001800095c0     umodsys_lib_libui:umodsys.mod.ui.SDL_core.obj
 0002:000025d8       ??_R2RModuleReg@SDL_core@ui@modules@UModSys@@8 00000001800095d8     umodsys_lib_libui:umodsys.mod.ui.SDL_core.obj
 0002:000025f0       ??_R1A@?0A@EA@RModuleReg@SDL_core@ui@modules@UModSys@@8 00000001800095f0     umodsys_lib_libui:umodsys.mod.ui.SDL_core.obj
 0002:00002618       ??_R4RRenderDriver2D_SDL_core@SDL_core@ui@modules@UModSys@@6B@ 0000000180009618     umodsys_lib_libui:umodsys.mod.ui.SDL_core.obj
 0002:00002640       ??_R3RRenderDriver2D_SDL_core@SDL_core@ui@modules@UModSys@@8 0000000180009640     umodsys_lib_libui:umodsys.mod.ui.SDL_core.obj
 0002:00002658       ??_R2RRenderDriver2D_SDL_core@SDL_core@ui@modules@UModSys@@8 0000000180009658     umodsys_lib_libui:umodsys.mod.ui.SDL_core.obj
 0002:00002680       ??_R1A@?0A@EA@RRenderDriver2D_SDL_core@SDL_core@ui@modules@UModSys@@8 0000000180009680     umodsys_lib_libui:umodsys.mod.ui.SDL_core.obj
 0002:000026a8       ??_R4RTerminal_SDL_core@SDL_core@ui@modules@UModSys@@6B@ 00000001800096a8     umodsys_lib_libui:umodsys.mod.ui.SDL_core.obj
 0002:000026d0       ??_R3RTerminal_SDL_core@SDL_core@ui@modules@UModSys@@8 00000001800096d0     umodsys_lib_libui:umodsys.mod.ui.SDL_core.obj
 0002:000026e8       ??_R2RTerminal_SDL_core@SDL_core@ui@modules@UModSys@@8 00000001800096e8     umodsys_lib_libui:umodsys.mod.ui.SDL_core.obj
 0002:00002710       ??_R1A@?0A@EA@RTerminal_SDL_core@SDL_core@ui@modules@UModSys@@8 0000000180009710     umodsys_lib_libui:umodsys.mod.ui.SDL_core.obj
 0002:00002738       ??_R4RGenerator@SDL_core@ui@modules@UModSys@@6B@ 0000000180009738     umodsys_lib_libui:umodsys.mod.ui.SDL_core.obj
 0002:00002760       ??_R3RGenerator@SDL_core@ui@modules@UModSys@@8 0000000180009760     umodsys_lib_libui:umodsys.mod.ui.SDL_core.obj
 0002:00002778       ??_R2RGenerator@SDL_core@ui@modules@UModSys@@8 0000000180009778     umodsys_lib_libui:umodsys.mod.ui.SDL_core.obj
 0002:000027a8       ??_R1A@?0A@EA@RGenerator@SDL_core@ui@modules@UModSys@@8 00000001800097a8     umodsys_lib_libui:umodsys.mod.ui.SDL_core.obj
 0002:000027d0       ??_R3ITerminal@libui@UModSys@@8 00000001800097d0     umodsys_lib_libui:umodsys.mod.ui.SDL_core.obj
 0002:000027e8       ??_R2ITerminal@libui@UModSys@@8 00000001800097e8     umodsys_lib_libui:umodsys.mod.ui.SDL_core.obj
 0002:00002808       ??_R1A@?0A@EA@ITerminal@libui@UModSys@@8 0000000180009808     umodsys_lib_libui:umodsys.mod.ui.SDL_core.obj
 0002:00002830       ??_R3IRenderDriver@lib2d@UModSys@@8 0000000180009830     umodsys_lib_libui:umodsys.mod.ui.SDL_core.obj
 0002:00002848       ??_R2IRenderDriver@lib2d@UModSys@@8 0000000180009848     umodsys_lib_libui:umodsys.mod.ui.SDL_core.obj
 0002:00002868       ??_R1A@?0A@EA@IRenderDriver@lib2d@UModSys@@8 0000000180009868     umodsys_lib_libui:umodsys.mod.ui.SDL_core.obj
 0002:00002890       ??_R4RModuleReg@images_std@media@modules@UModSys@@6B@ 0000000180009890     umodsys_lib_libmedia:umodsys.mod.media.images_std.obj
 0002:000028b8       ??_R3RModuleReg@images_std@media@modules@UModSys@@8 00000001800098b8     umodsys_lib_libmedia:umodsys.mod.media.images_std.obj
 0002:000028d0       ??_R2RModuleReg@images_std@media@modules@UModSys@@8 00000001800098d0     umodsys_lib_libmedia:umodsys.mod.media.images_std.obj
 0002:000028e8       ??_R1A@?0A@EA@RModuleReg@images_std@media@modules@UModSys@@8 00000001800098e8     umodsys_lib_libmedia:umodsys.mod.media.images_std.obj
 0002:00002910       ??_R4RMediaFilter@images_std@media@modules@UModSys@@6BISetter@SFlags@libmedia@4@@ 0000000180009910     umodsys_lib_libmedia:umodsys.mod.media.images_std.obj
 0002:00002938       ??_R4RMediaFilter@images_std@media@modules@UModSys@@6BIRefObject@core@4@@ 0000000180009938     umodsys_lib_libmedia:umodsys.mod.media.images_std.obj
 0002:00002960       ??_R3RMediaFilter@images_std@media@modules@UModSys@@8 0000000180009960     umodsys_lib_libmedia:umodsys.mod.media.images_std.obj
 0002:00002978       ??_R2RMediaFilter@images_std@media@modules@UModSys@@8 0000000180009978     umodsys_lib_libmedia:umodsys.mod.media.images_std.obj
 0002:000029b8       ??_R1A@?0A@EA@RMediaFilter@images_std@media@modules@UModSys@@8 00000001800099b8     umodsys_lib_libmedia:umodsys.mod.media.images_std.obj
 0002:000029e0       ??_R4RGenerator@images_std@media@modules@UModSys@@6B@ 00000001800099e0     umodsys_lib_libmedia:umodsys.mod.media.images_std.obj
 0002:00002a08       ??_R3RGenerator@images_std@media@modules@UModSys@@8 0000000180009a08     umodsys_lib_libmedia:umodsys.mod.media.images_std.obj
 0002:00002a20       ??_R2RGenerator@images_std@media@modules@UModSys@@8 0000000180009a20     umodsys_lib_libmedia:umodsys.mod.media.images_std.obj
 0002:00002a50       ??_R1A@?0A@EA@RGenerator@images_std@media@modules@UModSys@@8 0000000180009a50     umodsys_lib_libmedia:umodsys.mod.media.images_std.obj
 0002:00002a78       ??_R4RModuleLibraryReg_Chain@base@UModSys@@6B@ 0000000180009a78     umodsys_lib_base:umodsys.base.moduleregchain.obj
 0002:00002aa0       ??_R3RModuleLibraryReg_Chain@base@UModSys@@8 0000000180009aa0     umodsys_lib_base:umodsys.base.moduleregchain.obj
[...]
 0001:0000447c       ??__E?s_modreg@RModuleReg@test1@test@modules@UModSys@@2U12345@A@@YAXXZ 000000018000547c f    CIL library: CIL module
 0001:000044c8       ??__E?s_modreg_chain@RModuleReg@test1@test@modules@UModSys@@2USModuleRegChain@base@5@A@@YAXXZ 00000001800054c8 f    CIL library: CIL module
 0001:00004508       ??__E?s_uid@RGenerator@test1@test@modules@UModSys@@2USUniquePointer@core@5@A@@YAXXZ 0000000180005508 f    CIL library: CIL module
 0001:0000453c       ??__E?s_id@?$TObjectUniqueID@UIRoot@core@UModSys@@@tl@UModSys@@2USUniquePointer@core@3@A@@YAXXZ 000000018000553c f    CIL library: CIL module
 0001:00004570       ??__E?s_id@?$TObjectUniqueID@UIRefObject@core@UModSys@@@tl@UModSys@@2USUniquePointer@core@3@A@@YAXXZ 0000000180005570 f    CIL library: CIL module
 0001:000045a4       ??__E?s_id@?$TObjectUniqueID@UIParameters@core@UModSys@@@tl@UModSys@@2USUniquePointer@core@3@A@@YAXXZ 00000001800055a4 f    CIL library: CIL module
 0001:000045d8       ??__E?s_id@?$TObjectUniqueID@UIModule@base@UModSys@@@tl@UModSys@@2USUniquePointer@core@3@A@@YAXXZ 00000001800055d8 f    CIL library: CIL module
 0001:0000460c       ??__E?s_id@?$TObjectUniqueID@UIModuleLibrary@base@UModSys@@@tl@UModSys@@2USUniquePointer@core@3@A@@YAXXZ 000000018000560c f    CIL library: CIL module
 0001:00004640       ??__E?s_id@?$TObjectUniqueID@UIModObject@base@UModSys@@@tl@UModSys@@2USUniquePointer@core@3@A@@YAXXZ 0000000180005640 f    CIL library: CIL module
 0001:00004674       ??__E?s_id@?$TObjectUniqueID@UIGenerator@base@UModSys@@@tl@UModSys@@2USUniquePointer@core@3@A@@YAXXZ 0000000180005674 f    CIL library: CIL module
 0001:000046a8       ??__E?s_id@?$TObjectUniqueID@UIShell@base@UModSys@@@tl@UModSys@@2USUniquePointer@core@3@A@@YAXXZ 00000001800056a8 f    CIL library: CIL module
 0001:000046dc       ??__E?s_id@?$TObjectUniqueID@UIConsole@base@UModSys@@@tl@UModSys@@2USUniquePointer@core@3@A@@YAXXZ 00000001800056dc f    CIL library: CIL module
 0001:00004710       ??__E?s_id@?$TObjectUniqueID@UISystem@base@UModSys@@@tl@UModSys@@2USUniquePointer@core@3@A@@YAXXZ 0000000180005710 f    CIL library: CIL module
 0001:00004744       ??__E?s_id@?$TObjectUniqueID@UIStreamReader@libmedia@UModSys@@@tl@UModSys@@2USUniquePointer@core@3@A@@YAXXZ 0000000180005744 f    CIL library: CIL module
 0001:00004778       ??__E?s_id@?$TObjectUniqueID@UIStreamWriter@libmedia@UModSys@@@tl@UModSys@@2USUniquePointer@core@3@A@@YAXXZ 0000000180005778 f    CIL library: CIL module
 0001:000047ac       ??__E?s_id@?$TObjectUniqueID@UIBinArchive@libmedia@UModSys@@@tl@UModSys@@2USUniquePointer@core@3@A@@YAXXZ 00000001800057ac f    CIL library: CIL module
 0001:000047e0       ??__E?s_id@?$TObjectUniqueID@UIBinObjFilter@libmedia@UModSys@@@tl@UModSys@@2USUniquePointer@core@3@A@@YAXXZ 00000001800057e0 f    CIL library: CIL module
 0001:00004814       ??__E?s_id@?$TObjectUniqueID@UILibrary@libmedia@UModSys@@@tl@UModSys@@2USUniquePointer@core@3@A@@YAXXZ 0000000180005814 f    CIL library: CIL module
 0001:00004848       ??__E?s_id@?$TObjectUniqueID@UILibraryBinTree@libmedia@UModSys@@@tl@UModSys@@2USUniquePointer@core@3@A@@YAXXZ 0000000180005848 f    CIL library: CIL module
 0001:0000487c       ??__E?s_id@?$TObjectUniqueID@UILibraryBinCache@libmedia@UModSys@@@tl@UModSys@@2USUniquePointer@core@3@A@@YAXXZ 000000018000587c f    CIL library: CIL module
 0001:000048b0       ??__E?s_id@?$TObjectUniqueID@UILibraryObjFilter@libmedia@UModSys@@@tl@UModSys@@2USUniquePointer@core@3@A@@YAXXZ 00000001800058b0 f    CIL library: CIL module
 0001:000048e4       ??__E?s_id@?$TObjectUniqueID@UILibraryObjCache@libmedia@UModSys@@@tl@UModSys@@2USUniquePointer@core@3@A@@YAXXZ 00000001800058e4 f    CIL library: CIL module
 0001:00004918       ??__E?s_id@?$TObjectUniqueID@UILibraryLayered@libmedia@UModSys@@@tl@UModSys@@2USUniquePointer@core@3@A@@YAXXZ 0000000180005918 f    CIL library: CIL module
 0001:0000494c       ??__E?s_id@?$TObjectUniqueID@UIConsoleExt@base@UModSys@@@tl@UModSys@@2USUniquePointer@core@3@A@@YAXXZ 000000018000594c f    CIL library: CIL module
 0001:00004980       ??__E?s_id@?$TObjectUniqueID@UIConsoleHelper@base@UModSys@@@tl@UModSys@@2USUniquePointer@core@3@A@@YAXXZ 0000000180005980 f    CIL library: CIL module
 0001:000049b4       ??__E?s_id@?$TObjectUniqueID@UIConsoleHelperHistory@base@UModSys@@@tl@UModSys@@2USUniquePointer@core@3@A@@YAXXZ 00000001800059b4 f    CIL library: CIL module
 0001:000049e8       ??__E?s_id@?$TObjectUniqueID@UIConsoleHelperInput@base@UModSys@@@tl@UModSys@@2USUniquePointer@core@3@A@@YAXXZ 00000001800059e8 f    CIL library: CIL module
 0001:00004a1c       ??__E?s_id@?$TObjectUniqueID@UIConsoleHelperOutput@base@UModSys@@@tl@UModSys@@2USUniquePointer@core@3@A@@YAXXZ 0000000180005a1c f    CIL library: CIL module
 0001:00004a50       ??__E?s_id@?$TObjectUniqueID@UIConsoleHelperOutputFCS@base@UModSys@@@tl@UModSys@@2USUniquePointer@core@3@A@@YAXXZ 0000000180005a50 f    CIL library: CIL module
 0001:00004a84       ??__E?s_id@?$TObjectUniqueID@UIKeyboardController@libui@UModSys@@@tl@UModSys@@2USUniquePointer@core@3@A@@YAXXZ 0000000180005a84 f    CIL library: CIL module
 0001:00004ab8       ??__E?s_id@?$TObjectUniqueID@UIMouseController@libui@UModSys@@@tl@UModSys@@2USUniquePointer@core@3@A@@YAXXZ 0000000180005ab8 f    CIL library: CIL module
 0001:00004aec       ??__E?s_id@?$TObjectUniqueID@UIJoystickController@libui@UModSys@@@tl@UModSys@@2USUniquePointer@core@3@A@@YAXXZ 0000000180005aec f    CIL library: CIL module
 0001:00004b20       ??__E?s_id@?$TObjectUniqueID@UITerminal@libui@UModSys@@@tl@UModSys@@2USUniquePointer@core@3@A@@YAXXZ 0000000180005b20 f    CIL library: CIL module
 0001:00004b54       ??__E?s_id@?$TObjectUniqueID@UIConsoleHelperInput_UIKey@libui@UModSys@@@tl@UModSys@@2USUniquePointer@core@3@A@@YAXXZ 0000000180005b54 f    CIL library: CIL module
 0001:00004b88       ??__E?s_id@?$TObjectUniqueID@UIImage@lib2d@UModSys@@@tl@UModSys@@2USUniquePointer@core@3@A@@YAXXZ 0000000180005b88 f    CIL library: CIL module
 0001:00004bbc       ??__E?s_id@?$TObjectUniqueID@UIMultiImage@lib2d@UModSys@@@tl@UModSys@@2USUniquePointer@core@3@A@@YAXXZ 0000000180005bbc f    CIL library: CIL module
 0001:00004bf0       ??__E?s_id@?$TObjectUniqueID@UIRenderDriver@lib2d@UModSys@@@tl@UModSys@@2USUniquePointer@core@3@A@@YAXXZ 0000000180005bf0 f    CIL library: CIL module
 0001:00004c24       ??__E?s_id@?$TObjectUniqueID@UILines@test1@test@modules@UModSys@@@tl@UModSys@@2USUniquePointer@core@3@A@@YAXXZ 0000000180005c24 f    CIL library: CIL module
 0001:00004c58       ??__E?s_id@?$TObjectUniqueID@URLines@test1@test@modules@UModSys@@@tl@UModSys@@2USUniquePointer@core@3@A@@YAXXZ 0000000180005c58 f    CIL library: CIL module
 0001:00004c8c       ??__E?s_id@?$TObjectUniqueID@URLines_Filter@test1@test@modules@UModSys@@@tl@UModSys@@2USUniquePointer@core@3@A@@YAXXZ 0000000180005c8c f    CIL library: CIL module
 0001:00004cc0       ??__E?s_id@?$TObjectUniqueID@URTest1_Shell@test1@test@modules@UModSys@@@tl@UModSys@@2USUniquePointer@core@3@A@@YAXXZ 0000000180005cc0 f    CIL library: CIL module
 0001:00004cf4       ??__E?s_id@?$TObjectUniqueID@URGenerator@test1@test@modules@UModSys@@@tl@UModSys@@2USUniquePointer@core@3@A@@YAXXZ 0000000180005cf4 f    CIL library: CIL module
 0001:00004d28       ??__E?s_modreg@RModuleReg@SDL_core@ui@modules@UModSys@@2U12345@A@@YAXXZ 0000000180005d28 f    CIL library: CIL module
 0001:00004d70       ??__E?s_modreg_chain@RModuleReg@SDL_core@ui@modules@UModSys@@2USModuleRegChain@base@5@A@@YAXXZ 0000000180005d70 f    CIL library: CIL module
 0001:00004db0       ??__E?s_uid@RGenerator@SDL_core@ui@modules@UModSys@@2USUniquePointer@core@5@A@@YAXXZ 0000000180005db0 f    CIL library: CIL module
 0001:00004de4       ??__E?s_id@?$TObjectUniqueID@URRenderDriver2D_SDL_core@SDL_core@ui@modules@UModSys@@@tl@UModSys@@2USUniquePointer@core@3@A@@YAXXZ 0000000180005de4 f    CIL library: CIL module
 0001:00004e18       ??__E?s_id@?$TObjectUniqueID@URTerminal_SDL_core@SDL_core@ui@modules@UModSys@@@tl@UModSys@@2USUniquePointer@core@3@A@@YAXXZ 0000000180005e18 f    CIL library: CIL module
 0001:00004e4c       ??__E?s_id@?$TObjectUniqueID@URGenerator@SDL_core@ui@modules@UModSys@@@tl@UModSys@@2USUniquePointer@core@3@A@@YAXXZ 0000000180005e4c f    CIL library: CIL module
 0001:00004e80       ??__E?s_modreg@RModuleReg@images_std@media@modules@UModSys@@2U12345@A@@YAXXZ 0000000180005e80 f    CIL library: CIL module
 0001:00004ecc       ??__E?s_modreg_chain@RModuleReg@images_std@media@modules@UModSys@@2USModuleRegChain@base@5@A@@YAXXZ 0000000180005ecc f    CIL library: CIL module
 0001:00004f0c       ??__E?s_uid@RGenerator@images_std@media@modules@UModSys@@2USUniquePointer@core@5@A@@YAXXZ 0000000180005f0c f    CIL library: CIL module
 0001:00004f40       ??__E?s_id@?$TObjectUniqueID@URMediaFilter@images_std@media@modules@UModSys@@@tl@UModSys@@2USUniquePointer@core@3@A@@YAXXZ 0000000180005f40 f    CIL library: CIL module
 0001:00004f74       ??__E?s_id@?$TObjectUniqueID@URGenerator@images_std@media@modules@UModSys@@@tl@UModSys@@2USUniquePointer@core@3@A@@YAXXZ 0000000180005f74 f    CIL library: CIL module
 0001:00004fa8       ??__EM@UModSys@@YAXXZ      0000000180005fa8 f    CIL library: CIL module
 0001:00004fb4       ??__E?root@SModuleRegChain@base@UModSys@@2U123@A@@YAXXZ 0000000180005fb4 f    CIL library: CIL module
 0001:00004fc0       ??__E?s_library@RModuleLibraryReg_Chain@base@UModSys@@2U123@A@@YAXXZ 0000000180005fc0 f    CIL library: CIL module
 0001:00004fcc       ??__E?root@SUniquePointer@core@UModSys@@2U123@A@@YAXXZ 0000000180005fcc f    CIL library: CIL module
 0001:00004fd8       ??__F?s_modreg@RModuleReg@test1@test@modules@UModSys@@2U12345@A@@YAXXZ 0000000180005fd8 f    CIL library: CIL module
 0001:00004fe8       ??__F?s_modreg_chain@RModuleReg@test1@test@modules@UModSys@@2USModuleRegChain@base@5@A@@YAXXZ 0000000180005fe8 f    CIL library: CIL module
 0001:00005028       ??__F?s_uid@RGenerator@test1@test@modules@UModSys@@2USUniquePointer@core@5@A@@YAXXZ 0000000180006028 f    CIL library: CIL module
 0001:00005034       ??__Fh@?1??s_holder@RGenerator@test1@test@modules@UModSys@@SAAEAU?$TTypeStaticHolder@URGenerator@test1@test@modules@UModSys@@@tl@5@XZ@YAXXZ 0000000180006034 f    CIL library: CIL module
 0001:0000505c       ??__F?s_id@?$TObjectUniqueID@URGenerator@test1@test@modules@UModSys@@@tl@UModSys@@2USUniquePointer@core@3@A@@YAXXZ 000000018000605c f    CIL library: CIL module
 0001:00005068       ??__F?s_id@?$TObjectUniqueID@URTest1_Shell@test1@test@modules@UModSys@@@tl@UModSys@@2USUniquePointer@core@3@A@@YAXXZ 0000000180006068 f    CIL library: CIL module
 0001:00005074       ??__F?s_id@?$TObjectUniqueID@URLines_Filter@test1@test@modules@UModSys@@@tl@UModSys@@2USUniquePointer@core@3@A@@YAXXZ 0000000180006074 f    CIL library: CIL module
 0001:00005080       ??__F?s_id@?$TObjectUniqueID@URLines@test1@test@modules@UModSys@@@tl@UModSys@@2USUniquePointer@core@3@A@@YAXXZ 0000000180006080 f    CIL library: CIL module
 0001:0000508c       ??__F?s_id@?$TObjectUniqueID@UILines@test1@test@modules@UModSys@@@tl@UModSys@@2USUniquePointer@core@3@A@@YAXXZ 000000018000608c f    CIL library: CIL module
 0001:00005098       ??__F?s_id@?$TObjectUniqueID@UIRenderDriver@lib2d@UModSys@@@tl@UModSys@@2USUniquePointer@core@3@A@@YAXXZ 0000000180006098 f    CIL library: CIL module
 0001:000050a4       ??__F?s_id@?$TObjectUniqueID@UIMultiImage@lib2d@UModSys@@@tl@UModSys@@2USUniquePointer@core@3@A@@YAXXZ 00000001800060a4 f    CIL library: CIL module
 0001:000050b0       ??__F?s_id@?$TObjectUniqueID@UIImage@lib2d@UModSys@@@tl@UModSys@@2USUniquePointer@core@3@A@@YAXXZ 00000001800060b0 f    CIL library: CIL module
 0001:000050bc       ??__F?s_id@?$TObjectUniqueID@UIConsoleHelperInput_UIKey@libui@UModSys@@@tl@UModSys@@2USUniquePointer@core@3@A@@YAXXZ 00000001800060bc f    CIL library: CIL module
 0001:000050c8       ??__F?s_id@?$TObjectUniqueID@UITerminal@libui@UModSys@@@tl@UModSys@@2USUniquePointer@core@3@A@@YAXXZ 00000001800060c8 f    CIL library: CIL module
 0001:000050d4       ??__F?s_id@?$TObjectUniqueID@UIJoystickController@libui@UModSys@@@tl@UModSys@@2USUniquePointer@core@3@A@@YAXXZ 00000001800060d4 f    CIL library: CIL module
 0001:000050e0       ??__F?s_id@?$TObjectUniqueID@UIMouseController@libui@UModSys@@@tl@UModSys@@2USUniquePointer@core@3@A@@YAXXZ 00000001800060e0 f    CIL library: CIL module
 0001:000050ec       ??__F?s_id@?$TObjectUniqueID@UIKeyboardController@libui@UModSys@@@tl@UModSys@@2USUniquePointer@core@3@A@@YAXXZ 00000001800060ec f    CIL library: CIL module
 0001:000050f8       ??__F?s_id@?$TObjectUniqueID@UIConsoleHelperOutputFCS@base@UModSys@@@tl@UModSys@@2USUniquePointer@core@3@A@@YAXXZ 00000001800060f8 f    CIL library: CIL module
 0001:00005104       ??__F?s_id@?$TObjectUniqueID@UIConsoleHelperOutput@base@UModSys@@@tl@UModSys@@2USUniquePointer@core@3@A@@YAXXZ 0000000180006104 f    CIL library: CIL module
 0001:00005110       ??__F?s_id@?$TObjectUniqueID@UIConsoleHelperInput@base@UModSys@@@tl@UModSys@@2USUniquePointer@core@3@A@@YAXXZ 0000000180006110 f    CIL library: CIL module
 0001:0000511c       ??__F?s_id@?$TObjectUniqueID@UIConsoleHelperHistory@base@UModSys@@@tl@UModSys@@2USUniquePointer@core@3@A@@YAXXZ 000000018000611c f    CIL library: CIL module
 0001:00005128       ??__F?s_id@?$TObjectUniqueID@UIConsoleHelper@base@UModSys@@@tl@UModSys@@2USUniquePointer@core@3@A@@YAXXZ 0000000180006128 f    CIL library: CIL module
 0001:00005134       ??__F?s_id@?$TObjectUniqueID@UIConsoleExt@base@UModSys@@@tl@UModSys@@2USUniquePointer@core@3@A@@YAXXZ 0000000180006134 f    CIL library: CIL module
 0001:00005140       ??__F?s_id@?$TObjectUniqueID@UILibraryLayered@libmedia@UModSys@@@tl@UModSys@@2USUniquePointer@core@3@A@@YAXXZ 0000000180006140 f    CIL library: CIL module
 0001:0000514c       ??__F?s_id@?$TObjectUniqueID@UILibraryObjCache@libmedia@UModSys@@@tl@UModSys@@2USUniquePointer@core@3@A@@YAXXZ 000000018000614c f    CIL library: CIL module
 0001:00005158       ??__F?s_id@?$TObjectUniqueID@UILibraryObjFilter@libmedia@UModSys@@@tl@UModSys@@2USUniquePointer@core@3@A@@YAXXZ 0000000180006158 f    CIL library: CIL module
 0001:00005164       ??__F?s_id@?$TObjectUniqueID@UILibraryBinCache@libmedia@UModSys@@@tl@UModSys@@2USUniquePointer@core@3@A@@YAXXZ 0000000180006164 f    CIL library: CIL module
 0001:00005170       ??__F?s_id@?$TObjectUniqueID@UILibraryBinTree@libmedia@UModSys@@@tl@UModSys@@2USUniquePointer@core@3@A@@YAXXZ 0000000180006170 f    CIL library: CIL module
 0001:0000517c       ??__F?s_id@?$TObjectUniqueID@UILibrary@libmedia@UModSys@@@tl@UModSys@@2USUniquePointer@core@3@A@@YAXXZ 000000018000617c f    CIL library: CIL module
 0001:00005188       ??__F?s_id@?$TObjectUniqueID@UIBinObjFilter@libmedia@UModSys@@@tl@UModSys@@2USUniquePointer@core@3@A@@YAXXZ 0000000180006188 f    CIL library: CIL module
 0001:00005194       ??__F?s_id@?$TObjectUniqueID@UIBinArchive@libmedia@UModSys@@@tl@UModSys@@2USUniquePointer@core@3@A@@YAXXZ 0000000180006194 f    CIL library: CIL module
 0001:000051a0       ??__F?s_id@?$TObjectUniqueID@UIStreamWriter@libmedia@UModSys@@@tl@UModSys@@2USUniquePointer@core@3@A@@YAXXZ 00000001800061a0 f    CIL library: CIL module
 0001:000051ac       ??__F?s_id@?$TObjectUniqueID@UIStreamReader@libmedia@UModSys@@@tl@UModSys@@2USUniquePointer@core@3@A@@YAXXZ 00000001800061ac f    CIL library: CIL module
 0001:000051b8       ??__F?s_id@?$TObjectUniqueID@UISystem@base@UModSys@@@tl@UModSys@@2USUniquePointer@core@3@A@@YAXXZ 00000001800061b8 f    CIL library: CIL module
 0001:000051c4       ??__F?s_id@?$TObjectUniqueID@UIConsole@base@UModSys@@@tl@UModSys@@2USUniquePointer@core@3@A@@YAXXZ 00000001800061c4 f    CIL library: CIL module
 0001:000051d0       ??__F?s_id@?$TObjectUniqueID@UIShell@base@UModSys@@@tl@UModSys@@2USUniquePointer@core@3@A@@YAXXZ 00000001800061d0 f    CIL library: CIL module
 0001:000051dc       ??__F?s_id@?$TObjectUniqueID@UIGenerator@base@UModSys@@@tl@UModSys@@2USUniquePointer@core@3@A@@YAXXZ 00000001800061dc f    CIL library: CIL module
 0001:000051e8       ??__F?s_id@?$TObjectUniqueID@UIModObject@base@UModSys@@@tl@UModSys@@2USUniquePointer@core@3@A@@YAXXZ 00000001800061e8 f    CIL library: CIL module
 0001:000051f4       ??__F?s_id@?$TObjectUniqueID@UIModuleLibrary@base@UModSys@@@tl@UModSys@@2USUniquePointer@core@3@A@@YAXXZ 00000001800061f4 f    CIL library: CIL module
 0001:00005200       ??__F?s_id@?$TObjectUniqueID@UIModule@base@UModSys@@@tl@UModSys@@2USUniquePointer@core@3@A@@YAXXZ 0000000180006200 f    CIL library: CIL module
 0001:0000520c       ??__F?s_id@?$TObjectUniqueID@UIParameters@core@UModSys@@@tl@UModSys@@2USUniquePointer@core@3@A@@YAXXZ 000000018000620c f    CIL library: CIL module
 0001:00005218       ??__F?s_id@?$TObjectUniqueID@UIRefObject@core@UModSys@@@tl@UModSys@@2USUniquePointer@core@3@A@@YAXXZ 0000000180006218 f    CIL library: CIL module
 0001:00005224       ??__F?s_id@?$TObjectUniqueID@UIRoot@core@UModSys@@@tl@UModSys@@2USUniquePointer@core@3@A@@YAXXZ 0000000180006224 f    CIL library: CIL module
 0001:00005230       ??__F?s_modreg@RModuleReg@SDL_core@ui@modules@UModSys@@2U12345@A@@YAXXZ 0000000180006230 f    CIL library: CIL module
 0001:00005240       ??__F?s_modreg_chain@RModuleReg@SDL_core@ui@modules@UModSys@@2USModuleRegChain@base@5@A@@YAXXZ 0000000180006240 f    CIL library: CIL module
 0001:00005280       ??__F?s_uid@RGenerator@SDL_core@ui@modules@UModSys@@2USUniquePointer@core@5@A@@YAXXZ 0000000180006280 f    CIL library: CIL module
 0001:0000528c       ??__Fh@?1??s_holder@RGenerator@SDL_core@ui@modules@UModSys@@SAAEAU?$TTypeStaticHolder@URGenerator@SDL_core@ui@modules@UModSys@@@tl@5@XZ@YAXXZ 000000018000628c f    CIL library: CIL module
 0001:000052b4       ??__F?s_id@?$TObjectUniqueID@URGenerator@SDL_core@ui@modules@UModSys@@@tl@UModSys@@2USUniquePointer@core@3@A@@YAXXZ 00000001800062b4 f    CIL library: CIL module
 0001:000052c0       ??__F?s_id@?$TObjectUniqueID@URTerminal_SDL_core@SDL_core@ui@modules@UModSys@@@tl@UModSys@@2USUniquePointer@core@3@A@@YAXXZ 00000001800062c0 f    CIL library: CIL module
 0001:000052cc       ??__F?s_id@?$TObjectUniqueID@URRenderDriver2D_SDL_core@SDL_core@ui@modules@UModSys@@@tl@UModSys@@2USUniquePointer@core@3@A@@YAXXZ 00000001800062cc f    CIL library: CIL module
 0001:000052d8       ??__F?s_modreg@RModuleReg@images_std@media@modules@UModSys@@2U12345@A@@YAXXZ 00000001800062d8 f    CIL library: CIL module
 0001:000052e8       ??__F?s_modreg_chain@RModuleReg@images_std@media@modules@UModSys@@2USModuleRegChain@base@5@A@@YAXXZ 00000001800062e8 f    CIL library: CIL module
 0001:00005328       ??__F?s_uid@RGenerator@images_std@media@modules@UModSys@@2USUniquePointer@core@5@A@@YAXXZ 0000000180006328 f    CIL library: CIL module
 0001:00005334       ??__Fh@?1??s_holder@RGenerator@images_std@media@modules@UModSys@@SAAEAU?$TTypeStaticHolder@URGenerator@images_std@media@modules@UModSys@@@tl@5@XZ@YAXXZ 0000000180006334 f    CIL library: CIL module
 0001:0000535c       ??__F?s_id@?$TObjectUniqueID@URGenerator@images_std@media@modules@UModSys@@@tl@UModSys@@2USUniquePointer@core@3@A@@YAXXZ 000000018000635c f    CIL library: CIL module
 0001:00005368       ??__F?s_id@?$TObjectUniqueID@URMediaFilter@images_std@media@modules@UModSys@@@tl@UModSys@@2USUniquePointer@core@3@A@@YAXXZ 0000000180006368 f    CIL library: CIL module
 0001:00005374       ??__FM@UModSys@@YAXXZ      0000000180006374 f    CIL library: CIL module
 0001:00005378       ??__F?root@SModuleRegChain@base@UModSys@@2U123@A@@YAXXZ 0000000180006378 f    CIL library: CIL module
 0001:000053b8       ??__F?s_library@RModuleLibraryReg_Chain@base@UModSys@@2U123@A@@YAXXZ 00000001800063b8 f    CIL library: CIL module
 0001:000053c8       ??__F?root@SUniquePointer@core@UModSys@@2U123@A@@YAXXZ 00000001800063c8 f    CIL library: CIL module

 Exports

  ordinal    name

        1    UModSys_Plugin_Entry2
