 plugin_test1

 Timestamp is 53343ed3 (Thu Mar 27 18:08:03 2014)

 Preferred load address is 0000000180000000

 Start         Length     Name                   Class
 0001:00000000 000397b0H .text                   CODE
 0001:000397b0 0000005eH .text$00                CODE
 0001:00039810 00002085H .text$x                 CODE
 0001:0003b898 00002124H .text$yc                CODE
 0001:0003d9bc 00000a1cH .text$yd                CODE
 0002:00000000 00000408H .idata$5                DATA
 0002:00000408 00000008H .CRT$XCA                DATA
 0002:00000410 00002b38H .CRT$XCU                DATA
 0002:00002f48 00000008H .CRT$XCZ                DATA
 0002:00002f50 00000008H .CRT$XIA                DATA
 0002:00002f58 00000008H .CRT$XIAA               DATA
 0002:00002f60 00000008H .CRT$XIZ                DATA
 0002:00002f70 00011958H .rdata                  DATA
 0002:000148d0 00003e44H .rdata$r                DATA
 0002:00018718 00000008H .rtc$IAA                DATA
 0002:00018720 00000008H .rtc$IZZ                DATA
 0002:00018728 00000008H .rtc$TAA                DATA
 0002:00018730 00000008H .rtc$TZZ                DATA
 0002:00018738 00003a38H .xdata                  DATA
 0002:0001c170 00000078H .idata$2                DATA
 0002:0001c1e8 00000014H .idata$3                DATA
 0002:0001c200 00000408H .idata$4                DATA
 0002:0001c608 00000900H .idata$6                DATA
 0002:0001cf10 00000059H .edata                  DATA
 0003:00000000 00002240H .data                   DATA
 0003:00002240 000028e0H .bss                    DATA
 0004:00000000 00002e44H .pdata                  DATA

  Address         Publics by Value              Rva+Base               Lib:Object

 0000:00000000       ___safe_se_handler_count   0000000000000000     <absolute>
 0000:00000000       ___safe_se_handler_table   0000000000000000     <absolute>
 0000:00000000       __ImageBase                0000000180000000     <linker-defined>
 0001:00000000       ??1SMemShared@core@UModSys@@QEAA@XZ 0000000180001000 f i plugin_test1.obj
 0001:00000000       ??1State@RImage_Memory@stdlib@lib2d@modules@UModSys@@QEAA@XZ 0000000180001000 f i umodsys_lib_lib2d:umodsys.mod.2d.stdlib.obj
 0001:00000000       ??1SCMemShared@core@UModSys@@QEAA@XZ 0000000180001000 f i plugin_test1.obj
 0001:00000030       ??6SUniquePtrList@core@UModSys@@QEAAAEAU012@PEBUSUniquePointerInfo@12@@Z 0000000180001030 f i plugin_test1.obj
 0001:000000e8       ??3IRoot@core@UModSys@@SAXPEAXAEBUSIMemAlloc@12@@Z 00000001800010e8 f i plugin_test1.obj
 0001:00000114       ?root_get_interface_info@RTest1_Shell@test1@test@modules@UModSys@@UEBAAEBUSUniquePointerInfo@core@5@XZ 0000000180001114 f i plugin_test1.obj
 0001:0000011c       ?root_get_interface_type@RTest1_Shell@test1@test@modules@UModSys@@UEBAPEBUSUniquePointerInfo@core@5@XZ 000000018000111c f i plugin_test1.obj
 0001:00000124       ?root_get_other_interface@RTest1_Shell@test1@test@modules@UModSys@@UEAAPEAUIRoot@core@5@PEBUSUniquePointerInfo@75@@Z 0000000180001124 f i plugin_test1.obj
 0001:00000124       ?root_get_other_interface@RTest1_Shell@test1@test@modules@UModSys@@UEBAPEBUIRoot@core@5@PEBUSUniquePointerInfo@75@@Z 0000000180001124 f i plugin_test1.obj
 0001:00000154       ?root_is_interface_supported@RTest1_Shell@test1@test@modules@UModSys@@UEBA_NPEBUSUniquePointerInfo@core@5@@Z 0000000180001154 f i plugin_test1.obj
 0001:00000184       ?ref_add@RTest1_Shell@test1@test@modules@UModSys@@UEBAXXZ 0000000180001184 f i plugin_test1.obj
 0001:00000188       ?ref_remove@RTest1_Shell@test1@test@modules@UModSys@@UEBAXXZ 0000000180001188 f i plugin_test1.obj
 0001:000001a0       ?ref_links@RTest1_Shell@test1@test@modules@UModSys@@UEBAHXZ 00000001800011a0 f i plugin_test1.obj
 0001:000001a4       ?ref_weak@RTest1_Shell@test1@test@modules@UModSys@@UEBA_NAEAUWeakPointer@IRefObject@core@5@@Z 00000001800011a4 f i plugin_test1.obj
 0001:000001c4       ?suicide@RTest1_Shell@test1@test@modules@UModSys@@UEAAXXZ 00000001800011c4 f i plugin_test1.obj
 0001:00000210       ??0RTest1_Shell@test1@test@modules@UModSys@@QEAA@PEAUIModObject@base@4@@Z 0000000180001210 f i plugin_test1.obj
 0001:0000035c       ?connect@RTest1_Shell@test1@test@modules@UModSys@@UEAA_NXZ 000000018000135c f i plugin_test1.obj
 0001:00000380       ?disconnect@RTest1_Shell@test1@test@modules@UModSys@@UEAA_NXZ 0000000180001380 f i plugin_test1.obj
 0001:000003a4       ?process_tick@RTest1_Shell@test1@test@modules@UModSys@@UEAA_NAEBUSTimeMsec@core@5@@Z 00000001800013a4 f i plugin_test1.obj
 0001:000003e0       ?process_command@RTest1_Shell@test1@test@modules@UModSys@@UEAA_NHQEBU?$TString@U?$TSCoreConst@D@su@tl@UModSys@@U?$TComparerBinaryHash@D@234@@tl@5@@Z 00000001800013e0 f i plugin_test1.obj
 0001:00000408       ??_ERTest1_Shell@test1@test@modules@UModSys@@UEAAPEAXI@Z 0000000180001408 f i  CIL library: CIL module
 0001:00000408       ??_GRTest1_Shell@test1@test@modules@UModSys@@UEAAPEAXI@Z 0000000180001408 f i plugin_test1.obj
 0001:000004d0       ?set_value@Prop@Aux@RTest1_Shell@test1@test@modules@UModSys@@UEAA_NAEBUSPropValueR@core@7@@Z 00000001800014d0 f i plugin_test1.obj
 0001:0000057c       ?set_value@PropX@Aux@RTest1_Shell@test1@test@modules@UModSys@@UEAA_NPEBUSUniquePointerInfo@core@7@AEBUSPropValueR@97@@Z 000000018000157c f i plugin_test1.obj
 0001:000006e8       ?aux_tests@RTest1_Shell@test1@test@modules@UModSys@@QEAAXXZ 00000001800016e8 f   plugin_test1.obj
 0001:000008b0       ?ui_newframes@RTest1_Shell@test1@test@modules@UModSys@@SA?AU?$TRefObject@UICollector@libui@UModSys@@U?$TRefObjectFunc@UICollector@libui@UModSys@@@tl@3@@tl@5@AEBU?$TString@U?$TSCoreConst@D@su@tl@UModSys@@U?$TComparerBinaryHash@D@234@@75@AEBUSParameters@core@5@@Z 00000001800018b0 f   plugin_test1.obj
 0001:000008d4       ?ui_newterm@RTest1_Shell@test1@test@modules@UModSys@@SA?AU?$TRefObject@UITerminal@libui@UModSys@@U?$TRefObjectFunc@UITerminal@libui@UModSys@@@tl@3@@tl@5@AEBU?$TString@U?$TSCoreConst@D@su@tl@UModSys@@U?$TComparerBinaryHash@D@234@@75@AEBUSParameters@core@5@@Z 00000001800018d4 f   plugin_test1.obj
 0001:000008f8       ?key_pressed@RTest1_Shell@test1@test@modules@UModSys@@UEAA_NAEBUSKeyboardInputRaw@libui@5@@Z 00000001800018f8 f   plugin_test1.obj
 0001:00000960       ?key_text@RTest1_Shell@test1@test@modules@UModSys@@UEAA_NAEBUSKeyboardInputText@libui@5@@Z 0000000180001960 f   plugin_test1.obj
 0001:000009b4       ?mouse_event@RTest1_Shell@test1@test@modules@UModSys@@UEAA_NAEBUSMouseInput@libui@5@@Z 00000001800019b4 f   plugin_test1.obj
 0001:00000a50       ?command@RTest1_Shell@test1@test@modules@UModSys@@UEAA_NAEBUSController@libui@5@HAEBUSFrameDataIn@75@@Z 0000000180001a50 f   plugin_test1.obj
 0001:00000aa0       ?db_get@RTest1_Shell@test1@test@modules@UModSys@@UEAA_NAEBUSController@libui@5@QEBDAEBUSFrameDataOut@75@@Z 0000000180001aa0 f   plugin_test1.obj
 0001:00000b04       ?db_get@RTest1_Shell@test1@test@modules@UModSys@@UEAA_NAEBUSController@libui@5@QEBDHAEBUSFrameDataOut@75@@Z 0000000180001b04 f   plugin_test1.obj
 0001:00000b70       ?font_2d@UI_Info@RTest1_Shell@test1@test@modules@UModSys@@QEAA_NXZ 0000000180001b70 f   plugin_test1.obj
 0001:00000d28       ?init_term@UI_Info@RTest1_Shell@test1@test@modules@UModSys@@QEAA_NPEBD@Z 0000000180001d28 f   plugin_test1.obj
 0001:00001158       ?new_frames@UI_Info@RTest1_Shell@test1@test@modules@UModSys@@QEAA_NPEAUIController@libui@6@@Z 0000000180002158 f   plugin_test1.obj
 0001:000018f8       ??1SFrameCreateParameters@libui@UModSys@@QEAA@XZ 00000001800028f8 f i plugin_test1.obj
 0001:0000191c       ?shutdown@UI_Info@RTest1_Shell@test1@test@modules@UModSys@@QEAAXXZ 000000018000291c f   plugin_test1.obj
 0001:00001970       ?create_3d@UI_Info@RTest1_Shell@test1@test@modules@UModSys@@QEAA_NPEBD@Z 0000000180002970 f   plugin_test1.obj
 0001:000021e8       ?cycle3d_b@UI_Info@RTest1_Shell@test1@test@modules@UModSys@@QEAAXXZ 00000001800031e8 f   plugin_test1.obj
 0001:00002758       ?new_va_1@UI_Info@RTest1_Shell@test1@test@modules@UModSys@@QEAA_NXZ 0000000180003758 f   plugin_test1.obj
 0001:00002ca0       ?fps2_move@UI_Info@RTest1_Shell@test1@test@modules@UModSys@@QEAAXHN@Z 0000000180003ca0 f   plugin_test1.obj
 0001:00002d3c       ?fps2_add_rot@UI_Info@RTest1_Shell@test1@test@modules@UModSys@@QEAAXNN@Z 0000000180003d3c f   plugin_test1.obj
 0001:00002ef4       ?key_pressed@UI_Info@RTest1_Shell@test1@test@modules@UModSys@@UEAA_NAEBUSKeyboardInputRaw@libui@6@@Z 0000000180003ef4 f   plugin_test1.obj
 0001:00002fac       ?mouse_event@UI_Info@RTest1_Shell@test1@test@modules@UModSys@@UEAA_NAEBUSMouseInput@libui@6@@Z 0000000180003fac f   plugin_test1.obj
 0001:00003020       ??1UI_Info@RTest1_Shell@test1@test@modules@UModSys@@QEAA@XZ 0000000180004020 f i plugin_test1.obj
 0001:00003174       ?ui_test2@RTest1_Shell@test1@test@modules@UModSys@@QEAAXXZ 0000000180004174 f   plugin_test1.obj
 0001:00003348       ?get_generated_names@RGenerator@test1@test@modules@UModSys@@UEBAHAEAUSUniquePtrList@core@5@@Z 0000000180004348 f i plugin_test1.obj
 0001:00003368       ?get_generated_types@RGenerator@test1@test@modules@UModSys@@UEBAHAEAUSUniquePtrList@core@5@PEBUSUniquePointerInfo@75@@Z 0000000180004368 f i plugin_test1.obj
 0001:000033c4       ?generate@RGenerator@test1@test@modules@UModSys@@UEAA_NAEAU?$TRefObject@UIRefObject@core@UModSys@@U?$TRefObjectFunc@UIRefObject@core@UModSys@@@tl@3@@tl@5@PEBUSUniquePointerInfo@core@5@AEBUSParameters@95@@Z 00000001800043c4 f i plugin_test1.obj
 0001:00003488       ?root_get_interface_info@RGenerator@test1@test@modules@UModSys@@UEBAAEBUSUniquePointerInfo@core@5@XZ 0000000180004488 f i plugin_test1.obj
 0001:00003490       ?root_get_interface_type@RGenerator@test1@test@modules@UModSys@@UEBAPEBUSUniquePointerInfo@core@5@XZ 0000000180004490 f i plugin_test1.obj
 0001:00003498       ?root_get_other_interface@RGenerator@test1@test@modules@UModSys@@UEAAPEAUIRoot@core@5@PEBUSUniquePointerInfo@75@@Z 0000000180004498 f i plugin_test1.obj
 0001:00003498       ?root_get_other_interface@RGenerator@test1@test@modules@UModSys@@UEBAPEBUIRoot@core@5@PEBUSUniquePointerInfo@75@@Z 0000000180004498 f i plugin_test1.obj
 0001:000034d0       ?root_is_interface_supported@RGenerator@test1@test@modules@UModSys@@UEBA_NPEBUSUniquePointerInfo@core@5@@Z 00000001800044d0 f i plugin_test1.obj
 0001:00003508       ?ref_weak@RGenerator@SDL_GL@ui@modules@UModSys@@UEBA_NAEAUWeakPointer@IRefObject@core@5@@Z 0000000180004508 f i umodsys_lib_libui:umodsys.mod.ui.SDL_GL.obj
 0001:00003508       ?ref_weak@RVisualizerScene@stdlib@lib3d@modules@UModSys@@UEBA_NAEAUWeakPointer@IRefObject@core@5@@Z 0000000180004508 f i umodsys_lib_lib3d:umodsys.mod.3d.stdlib.obj
 0001:00003508       ?ref_weak@RMultiImage2D_SDL_ttf@SDL_core@ui@modules@UModSys@@UEBA_NAEAUWeakPointer@IRefObject@core@5@@Z 0000000180004508 f i umodsys_lib_libui:umodsys.mod.ui.SDL_core.obj
 0001:00003508       ?ref_weak@RBinArchiveFrameClient_ZIP@zlib@media@modules@UModSys@@UEBA_NAEAUWeakPointer@IRefObject@core@5@@Z 0000000180004508 f i umodsys_lib_libmedia:umodsys.mod.media.zlib.obj
 0001:00003508       ?ref_weak@RVertexArray@SDL_GL@ui@modules@UModSys@@UEBA_NAEAUWeakPointer@IRefObject@core@5@@Z 0000000180004508 f i umodsys_lib_libui:umodsys.mod.ui.SDL_GL.obj
 0001:00003508       ?ref_weak@RSerializeReader@serialize_json@media@modules@UModSys@@UEBA_NAEAUWeakPointer@IRefObject@core@5@@Z 0000000180004508 f i umodsys_lib_libmedia:umodsys.mod.media.serialize_json.obj
 0001:00003508       ?ref_weak@RGeneral@object_camera@stdlib@lib3d@modules@UModSys@@UEBA_NAEAUWeakPointer@IRefObject@core@6@@Z 0000000180004508 f i umodsys_lib_lib3d:umodsys.mod.3d.stdlib.obj
 0001:00003508       ?ref_weak@RGenerator@zlib@media@modules@UModSys@@UEBA_NAEAUWeakPointer@IRefObject@core@5@@Z 0000000180004508 f i umodsys_lib_libmedia:umodsys.mod.media.zlib.obj
 0001:00003508       ?ref_weak@RTerminal@SDL_GL@ui@modules@UModSys@@UEBA_NAEAUWeakPointer@IRefObject@core@5@@Z 0000000180004508 f i umodsys_lib_libui:umodsys.mod.ui.SDL_GL.obj
 0001:00003508       ?ref_weak@RImageFactory_Memory@stdlib@lib2d@modules@UModSys@@UEBA_NAEAUWeakPointer@IRefObject@core@5@@Z 0000000180004508 f i umodsys_lib_lib2d:umodsys.mod.2d.stdlib.obj
 0001:00003508       ?ref_weak@RGenerator@frames@ui@modules@UModSys@@UEBA_NAEAUWeakPointer@IRefObject@core@5@@Z 0000000180004508 f i umodsys_lib_libui:umodsys.mod.ui.frames.obj
 0001:00003508       ?ref_weak@RGenerator@serialize_json@media@modules@UModSys@@UEBA_NAEAUWeakPointer@IRefObject@core@5@@Z 0000000180004508 f i umodsys_lib_libmedia:umodsys.mod.media.serialize_json.obj
 0001:00003508       ?ref_weak@RTerminal@SDL_core@ui@modules@UModSys@@UEBA_NAEAUWeakPointer@IRefObject@core@5@@Z 0000000180004508 f i umodsys_lib_libui:umodsys.mod.ui.SDL_core.obj
 0001:00003508       ?ref_weak@RGeneral@object_primitive@stdlib@lib3d@modules@UModSys@@UEBA_NAEAUWeakPointer@IRefObject@core@6@@Z 0000000180004508 f i umodsys_lib_lib3d:umodsys.mod.3d.stdlib.obj
 0001:00003508       ?ref_weak@RGenerator@test1@test@modules@UModSys@@UEBA_NAEAUWeakPointer@IRefObject@core@5@@Z 0000000180004508 f i plugin_test1.obj
 0001:00003508       ?ref_weak@RGenerator@SDL_core@ui@modules@UModSys@@UEBA_NAEAUWeakPointer@IRefObject@core@5@@Z 0000000180004508 f i umodsys_lib_libui:umodsys.mod.ui.SDL_core.obj
 0001:00003508       ?ref_weak@RMultiImage2D_SDL_ttf@SDL_GL@ui@modules@UModSys@@UEBA_NAEAUWeakPointer@IRefObject@core@5@@Z 0000000180004508 f i umodsys_lib_libui:umodsys.mod.ui.SDL_GL.obj
 0001:00003508       ?ref_weak@RGenerator@images_std@media@modules@UModSys@@UEBA_NAEAUWeakPointer@IRefObject@core@5@@Z 0000000180004508 f i umodsys_lib_libmedia:umodsys.mod.media.images_std.obj
 0001:00003508       ?ref_weak@RGenerator@stdlib@lib3d@modules@UModSys@@UEBA_NAEAUWeakPointer@IRefObject@core@5@@Z 0000000180004508 f i umodsys_lib_lib3d:umodsys.mod.3d.stdlib.obj
 0001:00003508       ?ref_weak@RGenerator@stdlib@lib2d@modules@UModSys@@UEBA_NAEAUWeakPointer@IRefObject@core@5@@Z 0000000180004508 f i umodsys_lib_lib2d:umodsys.mod.2d.stdlib.obj
 0001:00003508       ?ref_weak@RMultiImage@stdlib@lib2d@modules@UModSys@@UEBA_NAEAUWeakPointer@IRefObject@core@5@@Z 0000000180004508 f i umodsys_lib_lib2d:umodsys.mod.2d.stdlib.obj
 0001:00003508       ?ref_weak@RDialog@frames@ui@modules@UModSys@@UEBA_NAEAUWeakPointer@IRefObject@core@5@@Z 0000000180004508 f i umodsys_lib_libui:umodsys.mod.ui.frames.obj
 0001:00003508       ?ref_weak@RImage_Memory@stdlib@lib2d@modules@UModSys@@UEBA_NAEAUWeakPointer@IRefObject@core@5@@Z 0000000180004508 f i umodsys_lib_lib2d:umodsys.mod.2d.stdlib.obj
 0001:00003528       ?get_uid@RGenerator@test1@test@modules@UModSys@@UEBAPEBUSUniquePointerInfo@core@5@XZ 0000000180004528 f i plugin_test1.obj
 0001:00003530       ?do_open@RModuleReg@test1@test@modules@UModSys@@UEAA_NXZ 0000000180004530 f i plugin_test1.obj
 0001:000035bc       ?do_close@RModuleReg@test1@test@modules@UModSys@@UEAA_NXZ 00000001800045bc f i plugin_test1.obj
 0001:00003628       ?get_module@RGenerator@test1@test@modules@UModSys@@UEBAPEAUIModule@base@5@XZ 0000000180004628 f   plugin_test1.obj
 0001:00003630       ?mod_inc@RGenerator@test1@test@modules@UModSys@@UEBA_NXZ 0000000180004630 f   plugin_test1.obj
 0001:00003644       ?mod_dec@RGenerator@test1@test@modules@UModSys@@UEBA_NXZ 0000000180004644 f   plugin_test1.obj
 0001:00003658       ?s_holder@RGenerator@test1@test@modules@UModSys@@SAAEAU?$TTypeStaticHolder@URGenerator@test1@test@modules@UModSys@@@tl@5@XZ 0000000180004658 f   plugin_test1.obj
 0001:0000369c       ??0?$TString@U?$TSCoreConst@D@su@tl@UModSys@@U?$TComparerBinaryHash@D@234@@tl@UModSys@@QEAA@PEBD@Z 000000018000469c f i plugin_test1.obj
 0001:0000371c       ??4?$TString@U?$TSCoreConst@D@su@tl@UModSys@@U?$TComparerBinaryHash@D@234@@tl@UModSys@@QEAAAEBU012@PEBD@Z 000000018000471c f i plugin_test1.obj
 0001:00003794       ?normalize@?$TVector3@N@math3d@UModSys@@QEAANXZ 0000000180004794 f i plugin_test1.obj
 0001:00003840       ??_ERGenerator@test1@test@modules@UModSys@@UEAAPEAXI@Z 0000000180004840 f i  CIL library: CIL module
 0001:00003840       ??_ERGenerator@SDL_core@ui@modules@UModSys@@UEAAPEAXI@Z 0000000180004840 f i  CIL library: CIL module
 0001:00003840       ??_GRGenerator@SDL_core@ui@modules@UModSys@@UEAAPEAXI@Z 0000000180004840 f i umodsys_lib_libui:umodsys.mod.ui.SDL_core.obj
 0001:00003840       ??_GRGenerator@serialize_json@media@modules@UModSys@@UEAAPEAXI@Z 0000000180004840 f i umodsys_lib_libmedia:umodsys.mod.media.serialize_json.obj
 0001:00003840       ??_GRGenerator@SDL_GL@ui@modules@UModSys@@UEAAPEAXI@Z 0000000180004840 f i umodsys_lib_libui:umodsys.mod.ui.SDL_GL.obj
 0001:00003840       ??_ERGeneral@object_primitive@stdlib@lib3d@modules@UModSys@@UEAAPEAXI@Z 0000000180004840 f i  CIL library: CIL module
 0001:00003840       ??_GRGenerator@zlib@media@modules@UModSys@@UEAAPEAXI@Z 0000000180004840 f i umodsys_lib_libmedia:umodsys.mod.media.zlib.obj
 0001:00003840       ??_ERGenerator@frames@ui@modules@UModSys@@UEAAPEAXI@Z 0000000180004840 f i  CIL library: CIL module
 0001:00003840       ??_GRBinArchiveFrameClient_ZIP@zlib@media@modules@UModSys@@UEAAPEAXI@Z 0000000180004840 f i umodsys_lib_libmedia:umodsys.mod.media.zlib.obj
 0001:00003840       ??_GIRoot@core@UModSys@@UEAAPEAXI@Z 0000000180004840 f i plugin_test1.obj
 0001:00003840       ??_ERImageFactory_Memory@stdlib@lib2d@modules@UModSys@@UEAAPEAXI@Z 0000000180004840 f i  CIL library: CIL module
 0001:00003840       ??_EIRoot@core@UModSys@@UEAAPEAXI@Z 0000000180004840 f i  CIL library: CIL module
 0001:00003840       ??_ERGeneral@object_camera@stdlib@lib3d@modules@UModSys@@UEAAPEAXI@Z 0000000180004840 f i  CIL library: CIL module
 0001:00003840       ??_GRGenerator@stdlib@lib3d@modules@UModSys@@UEAAPEAXI@Z 0000000180004840 f i umodsys_lib_lib3d:umodsys.mod.3d.stdlib.obj
 0001:00003840       ??_GRImageFactory_Memory@stdlib@lib2d@modules@UModSys@@UEAAPEAXI@Z 0000000180004840 f i umodsys_lib_lib2d:umodsys.mod.2d.stdlib.obj
 0001:00003840       ??_ERGenerator@serialize_json@media@modules@UModSys@@UEAAPEAXI@Z 0000000180004840 f i  CIL library: CIL module
 0001:00003840       ??_GRGenerator@images_std@media@modules@UModSys@@UEAAPEAXI@Z 0000000180004840 f i umodsys_lib_libmedia:umodsys.mod.media.images_std.obj
 0001:00003840       ??_ERBinArchiveFrameClient_ZIP@zlib@media@modules@UModSys@@UEAAPEAXI@Z 0000000180004840 f i  CIL library: CIL module
 0001:00003840       ??_ERGenerator@zlib@media@modules@UModSys@@UEAAPEAXI@Z 0000000180004840 f i  CIL library: CIL module
 0001:00003840       ??_GRGenerator@stdlib@lib2d@modules@UModSys@@UEAAPEAXI@Z 0000000180004840 f i umodsys_lib_lib2d:umodsys.mod.2d.stdlib.obj
 0001:00003840       ??_GRGenerator@frames@ui@modules@UModSys@@UEAAPEAXI@Z 0000000180004840 f i umodsys_lib_libui:umodsys.mod.ui.frames.obj
 0001:00003840       ??_GRGeneral@object_primitive@stdlib@lib3d@modules@UModSys@@UEAAPEAXI@Z 0000000180004840 f i umodsys_lib_lib3d:umodsys.mod.3d.stdlib.obj
 0001:00003840       ??_ERGenerator@stdlib@lib2d@modules@UModSys@@UEAAPEAXI@Z 0000000180004840 f i  CIL library: CIL module
 0001:00003840       ??_ERGenerator@stdlib@lib3d@modules@UModSys@@UEAAPEAXI@Z 0000000180004840 f i  CIL library: CIL module
 0001:00003840       ??_ERGenerator@images_std@media@modules@UModSys@@UEAAPEAXI@Z 0000000180004840 f i  CIL library: CIL module
 0001:00003840       ??_GRGeneral@object_camera@stdlib@lib3d@modules@UModSys@@UEAAPEAXI@Z 0000000180004840 f i umodsys_lib_lib3d:umodsys.mod.3d.stdlib.obj
 0001:00003840       ??_ERGenerator@SDL_GL@ui@modules@UModSys@@UEAAPEAXI@Z 0000000180004840 f i  CIL library: CIL module
 0001:00003840       ??_GRGenerator@test1@test@modules@UModSys@@UEAAPEAXI@Z 0000000180004840 f i plugin_test1.obj
 0001:00003868       ?info_release@?$TSCoreShared@USIMemAlloc@core@UModSys@@D@su@tl@UModSys@@QEAAXXZ 0000000180004868 f i plugin_test1.obj
 0001:0000393c       ?info_new@?$TSCoreShared@USIMemAlloc@core@UModSys@@D@su@tl@UModSys@@QEAA_NPEBD_K@Z 000000018000493c f i plugin_test1.obj
 0001:00003a10       ?mult3@?$TMatrix44@N@math3d@UModSys@@QEAAXAEBU123@0@Z 0000000180004a10 f i plugin_test1.obj
 0001:00003ba8       ?set_rotate_about@?$TMatrix44@N@math3d@UModSys@@QEAAXAEBU?$TVector3@N@23@N@Z 0000000180004ba8 f i plugin_test1.obj
 0001:00003e08       ?set_inversed@?$TMatrix44@N@math3d@UModSys@@QEAA_NAEBU123@@Z 0000000180004e08 f i plugin_test1.obj
 0001:000045ec       ??$generate_type@UICollector@libui@UModSys@@@RTest1_Shell@test1@test@modules@UModSys@@SA?AU?$TRefObject@UICollector@libui@UModSys@@U?$TRefObjectFunc@UICollector@libui@UModSys@@@tl@3@@tl@4@AEBU?$TString@U?$TSCoreConst@D@su@tl@UModSys@@U?$TComparerBinaryHash@D@234@@64@AEBUSParameters@core@4@PEBD@Z 00000001800055ec f i plugin_test1.obj
 0001:000047e8       ??$generate_type@UITerminal@libui@UModSys@@@RTest1_Shell@test1@test@modules@UModSys@@SA?AU?$TRefObject@UITerminal@libui@UModSys@@U?$TRefObjectFunc@UITerminal@libui@UModSys@@@tl@3@@tl@4@AEBU?$TString@U?$TSCoreConst@D@su@tl@UModSys@@U?$TComparerBinaryHash@D@234@@64@AEBUSParameters@core@4@PEBD@Z 00000001800057e8 f i plugin_test1.obj
 0001:000049e4       ??$generate_type@UIRenderer@lib3d@UModSys@@@RTest1_Shell@test1@test@modules@UModSys@@SA?AU?$TRefObject@UIRenderer@lib3d@UModSys@@U?$TRefObjectFunc@UIRenderer@lib3d@UModSys@@@tl@3@@tl@4@AEBU?$TString@U?$TSCoreConst@D@su@tl@UModSys@@U?$TComparerBinaryHash@D@234@@64@AEBUSParameters@core@4@PEBD@Z 00000001800059e4 f i plugin_test1.obj
 0001:00004be0       ??$generate_type@UIVisualizerScene@lib3d@UModSys@@@RTest1_Shell@test1@test@modules@UModSys@@SA?AU?$TRefObject@UIVisualizerScene@lib3d@UModSys@@U?$TRefObjectFunc@UIVisualizerScene@lib3d@UModSys@@@tl@3@@tl@4@AEBU?$TString@U?$TSCoreConst@D@su@tl@UModSys@@U?$TComparerBinaryHash@D@234@@64@AEBUSParameters@core@4@PEBD@Z 0000000180005be0 f i plugin_test1.obj
 0001:00004ddc       ??$generate_type@UIGeneralObject@lib3d@UModSys@@@RTest1_Shell@test1@test@modules@UModSys@@SA?AU?$TRefObject@UIGeneralObject@lib3d@UModSys@@U?$TRefObjectFunc@UIGeneralObject@lib3d@UModSys@@@tl@3@@tl@4@AEBU?$TString@U?$TSCoreConst@D@su@tl@UModSys@@U?$TComparerBinaryHash@D@234@@64@AEBUSParameters@core@4@PEBD@Z 0000000180005ddc f i plugin_test1.obj
 0001:00004fd8       ??1?$TRefObject@UIModObject@base@UModSys@@U?$TModObjectFunc@UIModObject@base@UModSys@@@tl@3@@tl@UModSys@@QEAA@XZ 0000000180005fd8 f i plugin_test1.obj
 0001:00005004       ?mult@?$TMatrix44@N@math3d@UModSys@@QEAAXAEBU123@0@Z 0000000180006004 f i plugin_test1.obj
 0001:000053cc       ?root_get_interface_info@RRenderer@stdlib@lib3d@modules@UModSys@@UEBAAEBUSUniquePointerInfo@core@5@XZ 00000001800063cc f i umodsys_lib_lib3d:umodsys.mod.3d.stdlib.obj
 0001:000053d4       ?root_get_interface_type@RRenderer@stdlib@lib3d@modules@UModSys@@UEBAPEBUSUniquePointerInfo@core@5@XZ 00000001800063d4 f i umodsys_lib_lib3d:umodsys.mod.3d.stdlib.obj
 0001:000053dc       ?root_get_other_interface@RRenderer@stdlib@lib3d@modules@UModSys@@UEBAPEBUIRoot@core@5@PEBUSUniquePointerInfo@75@@Z 00000001800063dc f i umodsys_lib_lib3d:umodsys.mod.3d.stdlib.obj
 0001:000053dc       ?root_get_other_interface@RRenderer@stdlib@lib3d@modules@UModSys@@UEAAPEAUIRoot@core@5@PEBUSUniquePointerInfo@75@@Z 00000001800063dc f i umodsys_lib_lib3d:umodsys.mod.3d.stdlib.obj
 0001:0000540c       ?root_is_interface_supported@RRenderer@stdlib@lib3d@modules@UModSys@@UEBA_NPEBUSUniquePointerInfo@core@5@@Z 000000018000640c f i umodsys_lib_lib3d:umodsys.mod.3d.stdlib.obj
 0001:0000543c       ?ref_weak@RRenderer@stdlib@lib3d@modules@UModSys@@UEBA_NAEAUWeakPointer@IRefObject@core@5@@Z 000000018000643c f i umodsys_lib_lib3d:umodsys.mod.3d.stdlib.obj
 0001:0000543c       ?ref_weak@RSerializeWriter@serialize_json@media@modules@UModSys@@UEBA_NAEAUWeakPointer@IRefObject@core@5@@Z 000000018000643c f i umodsys_lib_libmedia:umodsys.mod.media.serialize_json.obj
 0001:0000543c       ?ref_weak@RVisualSceneMapper_Direct@stdlib@lib3d@modules@UModSys@@UEBA_NAEAUWeakPointer@IRefObject@core@5@@Z 000000018000643c f i umodsys_lib_lib3d:umodsys.mod.3d.stdlib.obj
 0001:0000545c       ?root_get_interface_info@RVisualizerScene@stdlib@lib3d@modules@UModSys@@UEBAAEBUSUniquePointerInfo@core@5@XZ 000000018000645c f i umodsys_lib_lib3d:umodsys.mod.3d.stdlib.obj
 0001:00005464       ?root_get_interface_type@RVisualizerScene@stdlib@lib3d@modules@UModSys@@UEBAPEBUSUniquePointerInfo@core@5@XZ 0000000180006464 f i umodsys_lib_lib3d:umodsys.mod.3d.stdlib.obj
 0001:0000546c       ?root_get_other_interface@RVisualizerScene@stdlib@lib3d@modules@UModSys@@UEBAPEBUIRoot@core@5@PEBUSUniquePointerInfo@75@@Z 000000018000646c f i umodsys_lib_lib3d:umodsys.mod.3d.stdlib.obj
 0001:0000546c       ?root_get_other_interface@RVisualizerScene@stdlib@lib3d@modules@UModSys@@UEAAPEAUIRoot@core@5@PEBUSUniquePointerInfo@75@@Z 000000018000646c f i umodsys_lib_lib3d:umodsys.mod.3d.stdlib.obj
 0001:000054a4       ?root_is_interface_supported@RVisualizerScene@stdlib@lib3d@modules@UModSys@@UEBA_NPEBUSUniquePointerInfo@core@5@@Z 00000001800064a4 f i umodsys_lib_lib3d:umodsys.mod.3d.stdlib.obj
 0001:000054dc       ?ref_add@RGenerator@stdlib@lib3d@modules@UModSys@@UEBAXXZ 00000001800064dc f i umodsys_lib_lib3d:umodsys.mod.3d.stdlib.obj
 0001:000054dc       ?ref_add@RGenerator@SDL_GL@ui@modules@UModSys@@UEBAXXZ 00000001800064dc f i umodsys_lib_libui:umodsys.mod.ui.SDL_GL.obj
 0001:000054dc       ?ref_add@RTerminal@SDL_core@ui@modules@UModSys@@UEBAXXZ 00000001800064dc f i umodsys_lib_libui:umodsys.mod.ui.SDL_core.obj
 0001:000054dc       ?ref_add@RVisualizerScene@stdlib@lib3d@modules@UModSys@@UEBAXXZ 00000001800064dc f i umodsys_lib_lib3d:umodsys.mod.3d.stdlib.obj
 0001:000054dc       ?ref_add@RGenerator@zlib@media@modules@UModSys@@UEBAXXZ 00000001800064dc f i umodsys_lib_libmedia:umodsys.mod.media.zlib.obj
 0001:000054dc       ?ref_add@RGenerator@frames@ui@modules@UModSys@@UEBAXXZ 00000001800064dc f i umodsys_lib_libui:umodsys.mod.ui.frames.obj
 0001:000054dc       ?ref_add@RGeneral@object_primitive@stdlib@lib3d@modules@UModSys@@UEBAXXZ 00000001800064dc f i umodsys_lib_lib3d:umodsys.mod.3d.stdlib.obj
 0001:000054dc       ?ref_add@RGenerator@SDL_core@ui@modules@UModSys@@UEBAXXZ 00000001800064dc f i umodsys_lib_libui:umodsys.mod.ui.SDL_core.obj
 0001:000054dc       ?ref_add@RMultiImage2D_SDL_ttf@SDL_core@ui@modules@UModSys@@UEBAXXZ 00000001800064dc f i umodsys_lib_libui:umodsys.mod.ui.SDL_core.obj
 0001:000054dc       ?ref_add@RSerializeReader@serialize_json@media@modules@UModSys@@UEBAXXZ 00000001800064dc f i umodsys_lib_libmedia:umodsys.mod.media.serialize_json.obj
 0001:000054dc       ?ref_add@RMultiImage@stdlib@lib2d@modules@UModSys@@UEBAXXZ 00000001800064dc f i umodsys_lib_lib2d:umodsys.mod.2d.stdlib.obj
 0001:000054dc       ?ref_add@RGenerator@serialize_json@media@modules@UModSys@@UEBAXXZ 00000001800064dc f i umodsys_lib_libmedia:umodsys.mod.media.serialize_json.obj
 0001:000054dc       ?ref_add@RMultiImage2D_SDL_ttf@SDL_GL@ui@modules@UModSys@@UEBAXXZ 00000001800064dc f i umodsys_lib_libui:umodsys.mod.ui.SDL_GL.obj
 0001:000054dc       ?ref_add@RTerminal@SDL_GL@ui@modules@UModSys@@UEBAXXZ 00000001800064dc f i umodsys_lib_libui:umodsys.mod.ui.SDL_GL.obj
 0001:000054dc       ?ref_add@RDialog@frames@ui@modules@UModSys@@UEBAXXZ 00000001800064dc f i umodsys_lib_libui:umodsys.mod.ui.frames.obj
 0001:000054dc       ?ref_add@RGenerator@images_std@media@modules@UModSys@@UEBAXXZ 00000001800064dc f i umodsys_lib_libmedia:umodsys.mod.media.images_std.obj
 0001:000054dc       ?ref_add@RBinArchiveFrameClient_ZIP@zlib@media@modules@UModSys@@UEBAXXZ 00000001800064dc f i umodsys_lib_libmedia:umodsys.mod.media.zlib.obj
 0001:000054dc       ?ref_add@RVertexArray@SDL_GL@ui@modules@UModSys@@UEBAXXZ 00000001800064dc f i umodsys_lib_libui:umodsys.mod.ui.SDL_GL.obj
 0001:000054dc       ?ref_add@RImageFactory_Memory@stdlib@lib2d@modules@UModSys@@UEBAXXZ 00000001800064dc f i umodsys_lib_lib2d:umodsys.mod.2d.stdlib.obj
 0001:000054dc       ?ref_add@RImage_Memory@stdlib@lib2d@modules@UModSys@@UEBAXXZ 00000001800064dc f i umodsys_lib_lib2d:umodsys.mod.2d.stdlib.obj
 0001:000054dc       ?ref_add@RGenerator@test1@test@modules@UModSys@@UEBAXXZ 00000001800064dc f i plugin_test1.obj
 0001:000054dc       ?ref_add@RGeneral@object_camera@stdlib@lib3d@modules@UModSys@@UEBAXXZ 00000001800064dc f i umodsys_lib_lib3d:umodsys.mod.3d.stdlib.obj
 0001:000054dc       ?ref_add@RGenerator@stdlib@lib2d@modules@UModSys@@UEBAXXZ 00000001800064dc f i umodsys_lib_lib2d:umodsys.mod.2d.stdlib.obj
 0001:000054e0       ?root_get_interface_info@RVisualSceneMapper_Direct@stdlib@lib3d@modules@UModSys@@UEBAAEBUSUniquePointerInfo@core@5@XZ 00000001800064e0 f i umodsys_lib_lib3d:umodsys.mod.3d.stdlib.obj
 0001:000054e8       ?root_get_interface_type@RVisualSceneMapper_Direct@stdlib@lib3d@modules@UModSys@@UEBAPEBUSUniquePointerInfo@core@5@XZ 00000001800064e8 f i umodsys_lib_lib3d:umodsys.mod.3d.stdlib.obj
 0001:000054f0       ?root_get_other_interface@RVisualSceneMapper_Direct@stdlib@lib3d@modules@UModSys@@UEBAPEBUIRoot@core@5@PEBUSUniquePointerInfo@75@@Z 00000001800064f0 f i umodsys_lib_lib3d:umodsys.mod.3d.stdlib.obj
 0001:000054f0       ?root_get_other_interface@RVisualSceneMapper_Direct@stdlib@lib3d@modules@UModSys@@UEAAPEAUIRoot@core@5@PEBUSUniquePointerInfo@75@@Z 00000001800064f0 f i umodsys_lib_lib3d:umodsys.mod.3d.stdlib.obj
 0001:00005520       ?root_is_interface_supported@RVisualSceneMapper_Direct@stdlib@lib3d@modules@UModSys@@UEBA_NPEBUSUniquePointerInfo@core@5@@Z 0000000180006520 f i umodsys_lib_lib3d:umodsys.mod.3d.stdlib.obj
 0001:00005550       ?ref_remove@RRenderer@stdlib@lib3d@modules@UModSys@@UEBAXXZ 0000000180006550 f i umodsys_lib_lib3d:umodsys.mod.3d.stdlib.obj
 0001:00005550       ?ref_remove@RSerializeWriter@serialize_json@media@modules@UModSys@@UEBAXXZ 0000000180006550 f i umodsys_lib_libmedia:umodsys.mod.media.serialize_json.obj
 0001:00005550       ?ref_remove@RVisualSceneMapper_Direct@stdlib@lib3d@modules@UModSys@@UEBAXXZ 0000000180006550 f i umodsys_lib_lib3d:umodsys.mod.3d.stdlib.obj
 0001:00005568       ?suicide@RRenderer@stdlib@lib3d@modules@UModSys@@UEAAXXZ 0000000180006568 f i umodsys_lib_lib3d:umodsys.mod.3d.stdlib.obj
 0001:00005568       ?suicide@RSerializeWriter@serialize_json@media@modules@UModSys@@UEAAXXZ 0000000180006568 f i umodsys_lib_libmedia:umodsys.mod.media.serialize_json.obj
 0001:00005568       ?suicide@RVisualSceneMapper_Direct@stdlib@lib3d@modules@UModSys@@UEAAXXZ 0000000180006568 f i umodsys_lib_lib3d:umodsys.mod.3d.stdlib.obj
 0001:000055b4       ?root_get_interface_info@RGeneral@object_primitive@stdlib@lib3d@modules@UModSys@@UEBAAEBUSUniquePointerInfo@core@6@XZ 00000001800065b4 f i umodsys_lib_lib3d:umodsys.mod.3d.stdlib.obj
 0001:000055bc       ?root_get_interface_type@RGeneral@object_primitive@stdlib@lib3d@modules@UModSys@@UEBAPEBUSUniquePointerInfo@core@6@XZ 00000001800065bc f i umodsys_lib_lib3d:umodsys.mod.3d.stdlib.obj
 0001:000055c4       ?root_get_other_interface@RGeneral@object_primitive@stdlib@lib3d@modules@UModSys@@UEAAPEAUIRoot@core@6@PEBUSUniquePointerInfo@86@@Z 00000001800065c4 f i umodsys_lib_lib3d:umodsys.mod.3d.stdlib.obj
 0001:000055c4       ?root_get_other_interface@RGeneral@object_primitive@stdlib@lib3d@modules@UModSys@@UEBAPEBUIRoot@core@6@PEBUSUniquePointerInfo@86@@Z 00000001800065c4 f i umodsys_lib_lib3d:umodsys.mod.3d.stdlib.obj
 0001:000055f4       ?root_is_interface_supported@RGeneral@object_primitive@stdlib@lib3d@modules@UModSys@@UEBA_NPEBUSUniquePointerInfo@core@6@@Z 00000001800065f4 f i umodsys_lib_lib3d:umodsys.mod.3d.stdlib.obj
 0001:00005624       ?root_get_interface_info@RRender@object_primitive@stdlib@lib3d@modules@UModSys@@UEBAAEBUSUniquePointerInfo@core@6@XZ 0000000180006624 f i umodsys_lib_lib3d:umodsys.mod.3d.stdlib.obj
 0001:0000562c       ?root_get_interface_type@RRender@object_primitive@stdlib@lib3d@modules@UModSys@@UEBAPEBUSUniquePointerInfo@core@6@XZ 000000018000662c f i umodsys_lib_lib3d:umodsys.mod.3d.stdlib.obj
 0001:00005634       ?root_get_other_interface@RRender@object_primitive@stdlib@lib3d@modules@UModSys@@UEBAPEBUIRoot@core@6@PEBUSUniquePointerInfo@86@@Z 0000000180006634 f i umodsys_lib_lib3d:umodsys.mod.3d.stdlib.obj
 0001:00005634       ?root_get_other_interface@RRender@object_primitive@stdlib@lib3d@modules@UModSys@@UEAAPEAUIRoot@core@6@PEBUSUniquePointerInfo@86@@Z 0000000180006634 f i umodsys_lib_lib3d:umodsys.mod.3d.stdlib.obj
 0001:0000566c       ?root_is_interface_supported@RRender@object_primitive@stdlib@lib3d@modules@UModSys@@UEBA_NPEBUSUniquePointerInfo@core@6@@Z 000000018000666c f i umodsys_lib_lib3d:umodsys.mod.3d.stdlib.obj
 0001:000056a4       ?ref_remove@RMediaFilter@images_std@media@modules@UModSys@@UEBAXXZ 00000001800066a4 f i umodsys_lib_libmedia:umodsys.mod.media.images_std.obj
 0001:000056a4       ?ref_remove@RRender@object_primitive@stdlib@lib3d@modules@UModSys@@UEBAXXZ 00000001800066a4 f i umodsys_lib_lib3d:umodsys.mod.3d.stdlib.obj
 0001:000056bc       ?suicide@RRender@object_primitive@stdlib@lib3d@modules@UModSys@@UEAAXXZ 00000001800066bc f i umodsys_lib_lib3d:umodsys.mod.3d.stdlib.obj
 0001:00005700       ?root_get_interface_info@RVisual@object_primitive@stdlib@lib3d@modules@UModSys@@UEBAAEBUSUniquePointerInfo@core@6@XZ 0000000180006700 f i umodsys_lib_lib3d:umodsys.mod.3d.stdlib.obj
 0001:00005708       ?root_get_interface_type@RVisual@object_primitive@stdlib@lib3d@modules@UModSys@@UEBAPEBUSUniquePointerInfo@core@6@XZ 0000000180006708 f i umodsys_lib_lib3d:umodsys.mod.3d.stdlib.obj
 0001:00005710       ?root_get_other_interface@RVisual@object_primitive@stdlib@lib3d@modules@UModSys@@UEAAPEAUIRoot@core@6@PEBUSUniquePointerInfo@86@@Z 0000000180006710 f i umodsys_lib_lib3d:umodsys.mod.3d.stdlib.obj
 0001:00005710       ?root_get_other_interface@RVisual@object_primitive@stdlib@lib3d@modules@UModSys@@UEBAPEBUIRoot@core@6@PEBUSUniquePointerInfo@86@@Z 0000000180006710 f i umodsys_lib_lib3d:umodsys.mod.3d.stdlib.obj
 0001:00005748       ?root_is_interface_supported@RVisual@object_primitive@stdlib@lib3d@modules@UModSys@@UEBA_NPEBUSUniquePointerInfo@core@6@@Z 0000000180006748 f i umodsys_lib_lib3d:umodsys.mod.3d.stdlib.obj
 0001:00005780       ?suicide@RVisual@object_primitive@stdlib@lib3d@modules@UModSys@@UEAAXXZ 0000000180006780 f i umodsys_lib_lib3d:umodsys.mod.3d.stdlib.obj
 0001:00005780       ?suicide@RVisual@object_camera@stdlib@lib3d@modules@UModSys@@UEAAXXZ 0000000180006780 f i umodsys_lib_lib3d:umodsys.mod.3d.stdlib.obj
 0001:000057c8       ?root_get_interface_info@RGeneral@object_camera@stdlib@lib3d@modules@UModSys@@UEBAAEBUSUniquePointerInfo@core@6@XZ 00000001800067c8 f i umodsys_lib_lib3d:umodsys.mod.3d.stdlib.obj
 0001:000057d0       ?root_get_interface_type@RGeneral@object_camera@stdlib@lib3d@modules@UModSys@@UEBAPEBUSUniquePointerInfo@core@6@XZ 00000001800067d0 f i umodsys_lib_lib3d:umodsys.mod.3d.stdlib.obj
 0001:000057d8       ?root_get_other_interface@RGeneral@object_camera@stdlib@lib3d@modules@UModSys@@UEBAPEBUIRoot@core@6@PEBUSUniquePointerInfo@86@@Z 00000001800067d8 f i umodsys_lib_lib3d:umodsys.mod.3d.stdlib.obj
 0001:000057d8       ?root_get_other_interface@RGeneral@object_camera@stdlib@lib3d@modules@UModSys@@UEAAPEAUIRoot@core@6@PEBUSUniquePointerInfo@86@@Z 00000001800067d8 f i umodsys_lib_lib3d:umodsys.mod.3d.stdlib.obj
 0001:00005808       ?root_is_interface_supported@RGeneral@object_camera@stdlib@lib3d@modules@UModSys@@UEBA_NPEBUSUniquePointerInfo@core@6@@Z 0000000180006808 f i umodsys_lib_lib3d:umodsys.mod.3d.stdlib.obj
 0001:00005838       ?root_get_interface_info@RVisual@object_camera@stdlib@lib3d@modules@UModSys@@UEBAAEBUSUniquePointerInfo@core@6@XZ 0000000180006838 f i umodsys_lib_lib3d:umodsys.mod.3d.stdlib.obj
 0001:00005840       ?root_get_interface_type@RVisual@object_camera@stdlib@lib3d@modules@UModSys@@UEBAPEBUSUniquePointerInfo@core@6@XZ 0000000180006840 f i umodsys_lib_lib3d:umodsys.mod.3d.stdlib.obj
 0001:00005848       ?root_get_other_interface@RVisual@object_camera@stdlib@lib3d@modules@UModSys@@UEAAPEAUIRoot@core@6@PEBUSUniquePointerInfo@86@@Z 0000000180006848 f i umodsys_lib_lib3d:umodsys.mod.3d.stdlib.obj
 0001:00005848       ?root_get_other_interface@RVisual@object_camera@stdlib@lib3d@modules@UModSys@@UEBAPEBUIRoot@core@6@PEBUSUniquePointerInfo@86@@Z 0000000180006848 f i umodsys_lib_lib3d:umodsys.mod.3d.stdlib.obj
 0001:00005880       ?root_is_interface_supported@RVisual@object_camera@stdlib@lib3d@modules@UModSys@@UEBA_NPEBUSUniquePointerInfo@core@6@@Z 0000000180006880 f i umodsys_lib_lib3d:umodsys.mod.3d.stdlib.obj
 0001:000058b8       ?ref_add@RVisual@object_camera@stdlib@lib3d@modules@UModSys@@UEBAXXZ 00000001800068b8 f i umodsys_lib_lib3d:umodsys.mod.3d.stdlib.obj
 0001:000058b8       ?ref_add@RVisual@object_primitive@stdlib@lib3d@modules@UModSys@@UEBAXXZ 00000001800068b8 f i umodsys_lib_lib3d:umodsys.mod.3d.stdlib.obj
 0001:000058c0       ?ref_remove@RVisual@object_primitive@stdlib@lib3d@modules@UModSys@@UEBAXXZ 00000001800068c0 f i umodsys_lib_lib3d:umodsys.mod.3d.stdlib.obj
 0001:000058c0       ?ref_remove@RVisual@object_camera@stdlib@lib3d@modules@UModSys@@UEBAXXZ 00000001800068c0 f i umodsys_lib_lib3d:umodsys.mod.3d.stdlib.obj
 0001:000058d8       ?ref_links@RVisual@object_camera@stdlib@lib3d@modules@UModSys@@UEBAHXZ 00000001800068d8 f i umodsys_lib_lib3d:umodsys.mod.3d.stdlib.obj
 0001:000058d8       ?ref_links@RVisual@object_primitive@stdlib@lib3d@modules@UModSys@@UEBAHXZ 00000001800068d8 f i umodsys_lib_lib3d:umodsys.mod.3d.stdlib.obj
 0001:000058e0       ?ref_weak@RVisual@object_camera@stdlib@lib3d@modules@UModSys@@UEBA_NAEAUWeakPointer@IRefObject@core@6@@Z 00000001800068e0 f i umodsys_lib_lib3d:umodsys.mod.3d.stdlib.obj
 0001:000058e0       ?ref_weak@RVisual@object_primitive@stdlib@lib3d@modules@UModSys@@UEBA_NAEAUWeakPointer@IRefObject@core@6@@Z 00000001800068e0 f i umodsys_lib_lib3d:umodsys.mod.3d.stdlib.obj
 0001:00005904       ?get_generated_names@RGenerator@stdlib@lib3d@modules@UModSys@@UEBAHAEAUSUniquePtrList@core@5@@Z 0000000180006904 f i umodsys_lib_lib3d:umodsys.mod.3d.stdlib.obj
 0001:00005964       ?get_generated_types@RGenerator@stdlib@lib3d@modules@UModSys@@UEBAHAEAUSUniquePtrList@core@5@PEBUSUniquePointerInfo@75@@Z 0000000180006964 f i umodsys_lib_lib3d:umodsys.mod.3d.stdlib.obj
 0001:00005a5c       ?generate@RGenerator@stdlib@lib3d@modules@UModSys@@UEAA_NAEAU?$TRefObject@UIRefObject@core@UModSys@@U?$TRefObjectFunc@UIRefObject@core@UModSys@@@tl@3@@tl@5@PEBUSUniquePointerInfo@core@5@AEBUSParameters@95@@Z 0000000180006a5c f i umodsys_lib_lib3d:umodsys.mod.3d.stdlib.obj
 0001:00005e10       ?root_get_interface_info@RGenerator@stdlib@lib3d@modules@UModSys@@UEBAAEBUSUniquePointerInfo@core@5@XZ 0000000180006e10 f i umodsys_lib_lib3d:umodsys.mod.3d.stdlib.obj
 0001:00005e18       ?root_get_interface_type@RGenerator@stdlib@lib3d@modules@UModSys@@UEBAPEBUSUniquePointerInfo@core@5@XZ 0000000180006e18 f i umodsys_lib_lib3d:umodsys.mod.3d.stdlib.obj
 0001:00005e20       ?root_get_other_interface@RGenerator@stdlib@lib3d@modules@UModSys@@UEAAPEAUIRoot@core@5@PEBUSUniquePointerInfo@75@@Z 0000000180006e20 f i umodsys_lib_lib3d:umodsys.mod.3d.stdlib.obj
 0001:00005e20       ?root_get_other_interface@RGenerator@stdlib@lib3d@modules@UModSys@@UEBAPEBUIRoot@core@5@PEBUSUniquePointerInfo@75@@Z 0000000180006e20 f i umodsys_lib_lib3d:umodsys.mod.3d.stdlib.obj
 0001:00005e58       ?root_is_interface_supported@RGenerator@stdlib@lib3d@modules@UModSys@@UEBA_NPEBUSUniquePointerInfo@core@5@@Z 0000000180006e58 f i umodsys_lib_lib3d:umodsys.mod.3d.stdlib.obj
 0001:00005e90       ?get_uid@RGenerator@stdlib@lib3d@modules@UModSys@@UEBAPEBUSUniquePointerInfo@core@5@XZ 0000000180006e90 f i umodsys_lib_lib3d:umodsys.mod.3d.stdlib.obj
 0001:00005e98       ?library_get@RRenderer@stdlib@lib3d@modules@UModSys@@UEBAPEAUISharedLibrary@35@XZ 0000000180006e98 f   umodsys_lib_lib3d:umodsys.mod.3d.stdlib.obj
 0001:00005ea0       ?driver_get@RRenderer@stdlib@lib3d@modules@UModSys@@UEBAPEAUIRenderDriver@35@XZ 0000000180006ea0 f   umodsys_lib_lib3d:umodsys.mod.3d.stdlib.obj
 0001:00005ea0       ?get_focused@RDialog@frames@ui@modules@UModSys@@UEAAPEAUIFrame@libui@5@XZ 0000000180006ea0 f   umodsys_lib_libui:umodsys.mod.ui.frames.obj
 0001:00005ea8       ?driver_set@RRenderer@stdlib@lib3d@modules@UModSys@@UEAA_NPEAUIRenderDriver@35@PEAUILibrary@libmedia@5@@Z 0000000180006ea8 f   umodsys_lib_lib3d:umodsys.mod.3d.stdlib.obj
 0001:00005ee8       ?hints@RRenderer@stdlib@lib3d@modules@UModSys@@UEAAAEAUIPropNamedAdapter@core@5@XZ 0000000180006ee8 f   umodsys_lib_lib3d:umodsys.mod.3d.stdlib.obj
 0001:00005ee8       ?hints@RRenderer@stdlib@lib3d@modules@UModSys@@UEBAAEBUIPropNamedAdapter@core@5@XZ 0000000180006ee8 f   umodsys_lib_lib3d:umodsys.mod.3d.stdlib.obj
 0001:00005ef4       ?render_begin@RRenderer@stdlib@lib3d@modules@UModSys@@UEAA_NXZ 0000000180006ef4 f   umodsys_lib_lib3d:umodsys.mod.3d.stdlib.obj
 0001:00005f18       ?render_3d@RRenderer@stdlib@lib3d@modules@UModSys@@UEAA_NPEAUIVisualizer@35@H_N@Z 0000000180006f18 f   umodsys_lib_lib3d:umodsys.mod.3d.stdlib.obj
 0001:00005f94       ?render_2d@RRenderer@stdlib@lib3d@modules@UModSys@@UEAA_NPEAUIVisualizer@35@@Z 0000000180006f94 f   umodsys_lib_lib3d:umodsys.mod.3d.stdlib.obj
 0001:00005fec       ?render_extra@RRenderer@stdlib@lib3d@modules@UModSys@@UEAA_NAEBUSRenderState@35@H@Z 0000000180006fec f   umodsys_lib_lib3d:umodsys.mod.3d.stdlib.obj
 0001:000060dc       ?render_reset@RRenderer@stdlib@lib3d@modules@UModSys@@UEAA_NAEBUSRenderState@35@@Z 00000001800070dc f   umodsys_lib_lib3d:umodsys.mod.3d.stdlib.obj
 0001:00006100       ?render_end@RRenderer@stdlib@lib3d@modules@UModSys@@UEAA_NXZ 0000000180007100 f   umodsys_lib_lib3d:umodsys.mod.3d.stdlib.obj
 0001:00006124       ??_GRRenderer@stdlib@lib3d@modules@UModSys@@UEAAPEAXI@Z 0000000180007124 f i umodsys_lib_lib3d:umodsys.mod.3d.stdlib.obj
 0001:00006124       ??_ERRenderer@stdlib@lib3d@modules@UModSys@@UEAAPEAXI@Z 0000000180007124 f i  CIL library: CIL module
 0001:000061a4       ?get_root@RDialog@frames@ui@modules@UModSys@@UEAAPEAUIFrame@libui@5@XZ 00000001800071a4 f   umodsys_lib_libui:umodsys.mod.ui.frames.obj
 0001:000061a4       ?renderer_get@RVisualizerScene@stdlib@lib3d@modules@UModSys@@UEBAPEAUIRenderer@35@XZ 00000001800071a4 f   umodsys_lib_lib3d:umodsys.mod.3d.stdlib.obj
 0001:000061ac       ?renderer_set@RVisualizerScene@stdlib@lib3d@modules@UModSys@@UEAA_NPEAUIRenderer@35@@Z 00000001800071ac f   umodsys_lib_lib3d:umodsys.mod.3d.stdlib.obj
 0001:0000623c       ?render_3d@RVisualizerScene@stdlib@lib3d@modules@UModSys@@UEAA_NH_NPEAUIRenderDriver@35@@Z 000000018000723c f   umodsys_lib_lib3d:umodsys.mod.3d.stdlib.obj
 0001:00006414       ?mr_getdebug@IModuleReg@base@UModSys@@UEBAPEAUSDebug@23@XZ 0000000180007414 f   umodsys_lib_base:umodsys.base.modulereg.obj
 0001:00006414       ?scene_count@RVisualizerScene@stdlib@lib3d@modules@UModSys@@UEBA_KXZ 0000000180007414 f   umodsys_lib_lib3d:umodsys.mod.3d.stdlib.obj
 0001:0000641c       ?scene_get@RVisualizerScene@stdlib@lib3d@modules@UModSys@@UEBA?AUScene@IVisualizerScene@35@_K@Z 000000018000741c f   umodsys_lib_lib3d:umodsys.mod.3d.stdlib.obj
 0001:000064a0       ?scene_index@RVisualizerScene@stdlib@lib3d@modules@UModSys@@UEBA_KAEBUScene@IVisualizerScene@35@@Z 00000001800074a0 f   umodsys_lib_lib3d:umodsys.mod.3d.stdlib.obj
 0001:000064e4       ?scene_add@RVisualizerScene@stdlib@lib3d@modules@UModSys@@UEAA_NAEBUScene@IVisualizerScene@35@@Z 00000001800074e4 f   umodsys_lib_lib3d:umodsys.mod.3d.stdlib.obj
 0001:00006600       ?scene_remove@RVisualizerScene@stdlib@lib3d@modules@UModSys@@UEAA_NAEBUScene@IVisualizerScene@35@@Z 0000000180007600 f   umodsys_lib_lib3d:umodsys.mod.3d.stdlib.obj
 0001:00006644       ??0RVisualizerScene@stdlib@lib3d@modules@UModSys@@QEAA@PEAUIModObject@base@4@AEBUSParameters@core@4@@Z 0000000180007644 f   umodsys_lib_lib3d:umodsys.mod.3d.stdlib.obj
 0001:000066fc       ??_GRVisualizerScene@stdlib@lib3d@modules@UModSys@@UEAAPEAXI@Z 00000001800076fc f i umodsys_lib_lib3d:umodsys.mod.3d.stdlib.obj
 0001:000066fc       ??_ERVisualizerScene@stdlib@lib3d@modules@UModSys@@UEAAPEAXI@Z 00000001800076fc f i  CIL library: CIL module
 0001:0000683c       ??_GRVisualSceneMapper_Direct@stdlib@lib3d@modules@UModSys@@UEAAPEAXI@Z 000000018000783c f i umodsys_lib_lib3d:umodsys.mod.3d.stdlib.obj
 0001:0000683c       ??_ERVisualSceneMapper_Direct@stdlib@lib3d@modules@UModSys@@UEAAPEAXI@Z 000000018000783c f i  CIL library: CIL module
 0001:000068f8       ?visual_new@RGeneral@object_camera@stdlib@lib3d@modules@UModSys@@UEAA?AU?$TRefObject@UIVisualObject@lib3d@UModSys@@U?$TRefObjectFunc@UIVisualObject@lib3d@UModSys@@@tl@3@@tl@6@PEAUIRenderer@46@PEAUIRenderObject@46@@Z 00000001800078f8 f   umodsys_lib_lib3d:umodsys.mod.3d.stdlib.obj
 0001:0000699c       ?get_root@RGeneral@object_primitive@stdlib@lib3d@modules@UModSys@@UEAAPEAUIGeneralObject@46@XZ 000000018000799c f   umodsys_lib_lib3d:umodsys.mod.3d.stdlib.obj
 0001:0000699c       ?get_root@RGeneral@object_camera@stdlib@lib3d@modules@UModSys@@UEAAPEAUIGeneralObject@46@XZ 000000018000799c f   umodsys_lib_lib3d:umodsys.mod.3d.stdlib.obj
 0001:000069a0       ??0RGeneral@object_camera@stdlib@lib3d@modules@UModSys@@QEAA@PEAUIModObject@base@5@AEBUSParameters@core@5@@Z 00000001800079a0 f   umodsys_lib_lib3d:umodsys.mod.3d.stdlib.obj
 0001:00006bb0       ?object_get@RVisual@object_camera@stdlib@lib3d@modules@UModSys@@UEBA?AU?$TRefObject@UIGeneralObject@lib3d@UModSys@@U?$TRefObjectFunc@UIGeneralObject@lib3d@UModSys@@@tl@3@@tl@6@XZ 0000000180007bb0 f   umodsys_lib_lib3d:umodsys.mod.3d.stdlib.obj
 0001:00006bb0       ?render_get@RVisual@object_primitive@stdlib@lib3d@modules@UModSys@@UEBA?AU?$TRefObject@UIRenderObject@lib3d@UModSys@@U?$TRefObjectFunc@UIRenderObject@lib3d@UModSys@@@tl@3@@tl@6@XZ 0000000180007bb0 f   umodsys_lib_lib3d:umodsys.mod.3d.stdlib.obj
 0001:00006be8       ?render_new@RGeneral@object_camera@stdlib@lib3d@modules@UModSys@@UEAA?AU?$TRefObject@UIRenderObject@lib3d@UModSys@@U?$TRefObjectFunc@UIRenderObject@lib3d@UModSys@@@tl@3@@tl@6@PEAUIRenderer@46@@Z 0000000180007be8 f   umodsys_lib_lib3d:umodsys.mod.3d.stdlib.obj
 0001:00006be8       ?logic_new@RGeneral@object_camera@stdlib@lib3d@modules@UModSys@@UEAA?AU?$TRefObject@UILogicObject@lib3d@UModSys@@U?$TRefObjectFunc@UILogicObject@lib3d@UModSys@@@tl@3@@tl@6@XZ 0000000180007be8 f   umodsys_lib_lib3d:umodsys.mod.3d.stdlib.obj
 0001:00006be8       ?register_tex@RRenderDriver3D@SDL_GL@ui@modules@UModSys@@UEAA?AU?$TRefObject@UITexture@lib3d@UModSys@@U?$TRefObjectFunc@UITexture@lib3d@UModSys@@@tl@3@@tl@5@PEAUILibrary@libmedia@5@AEBU?$TString@U?$TSCoreConst@D@su@tl@UModSys@@U?$TComparerBinaryHash@D@234@@75@AEBUSRenderMapFlags@lib3d@5@@Z 0000000180007be8 f   umodsys_lib_libui:umodsys.mod.ui.SDL_GL.obj
 0001:00006be8       ?register_texcells@RRenderDriver3D@SDL_GL@ui@modules@UModSys@@UEAA?AU?$TRefObject@UITextureCells@lib3d@UModSys@@U?$TRefObjectFunc@UITextureCells@lib3d@UModSys@@@tl@3@@tl@5@PEAUILibrary@libmedia@5@AEBU?$TString@U?$TSCoreConst@D@su@tl@UModSys@@U?$TComparerBinaryHash@D@234@@75@AEBUSRenderMapFlags@lib3d@5@@Z 0000000180007be8 f   umodsys_lib_libui:umodsys.mod.ui.SDL_GL.obj
 0001:00006be8       ?register_tex@RRenderDriver3D@SDL_GL@ui@modules@UModSys@@UEAA?AU?$TRefObject@UITexture@lib3d@UModSys@@U?$TRefObjectFunc@UITexture@lib3d@UModSys@@@tl@3@@tl@5@AEBU?$TVector2@H@math3d@5@AEBUSRenderMapFlags@lib3d@5@W4eImageType@lib2d@5@@Z 0000000180007be8 f   umodsys_lib_libui:umodsys.mod.ui.SDL_GL.obj
 0001:00006be8       ?render_get@RVisual@object_camera@stdlib@lib3d@modules@UModSys@@UEBA?AU?$TRefObject@UIRenderObject@lib3d@UModSys@@U?$TRefObjectFunc@UIRenderObject@lib3d@UModSys@@@tl@3@@tl@6@XZ 0000000180007be8 f   umodsys_lib_lib3d:umodsys.mod.3d.stdlib.obj
 0001:00006be8       ?logic_new@RGeneral@object_primitive@stdlib@lib3d@modules@UModSys@@UEAA?AU?$TRefObject@UILogicObject@lib3d@UModSys@@U?$TRefObjectFunc@UILogicObject@lib3d@UModSys@@@tl@3@@tl@6@XZ 0000000180007be8 f   umodsys_lib_lib3d:umodsys.mod.3d.stdlib.obj
 0001:00006be8       ?data_writer@RBinArchiveFrameClient_ZIP@zlib@media@modules@UModSys@@UEAA?AU?$TRefObject@UIStreamWriter@libmedia@UModSys@@U?$TRefObjectFunc@UIStreamWriter@libmedia@UModSys@@@tl@3@@tl@5@PEAUIBinArchiveFrame@libmedia@5@AEBU?$TString@U?$TSCoreConst@D@su@tl@UModSys@@U?$TComparerBinaryHash@D@234@@75@AEBUSFlags@95@@Z 0000000180007be8 f   umodsys_lib_libmedia:umodsys.mod.media.zlib.obj
 0001:00006be8       ?new_picture@RRenderDriver3D@SDL_GL@ui@modules@UModSys@@UEAA?AU?$TRefObject@UIImage@lib2d@UModSys@@U?$TRefObjectFunc@UIImage@lib2d@UModSys@@@tl@3@@tl@5@AEBUSParameters@core@5@AEBU?$TString@U?$TSCoreConst@D@su@tl@UModSys@@U?$TComparerBinaryHash@D@234@@75@@Z 0000000180007be8 f   umodsys_lib_libui:umodsys.mod.ui.SDL_GL.obj
 0001:00006be8       ?new_picture@RRenderDriver2D@SDL_core@ui@modules@UModSys@@UEAA?AU?$TRefObject@UIImage@lib2d@UModSys@@U?$TRefObjectFunc@UIImage@lib2d@UModSys@@@tl@3@@tl@5@AEBUSParameters@core@5@AEBU?$TString@U?$TSCoreConst@D@su@tl@UModSys@@U?$TComparerBinaryHash@D@234@@75@@Z 0000000180007be8 f   umodsys_lib_libui:umodsys.mod.ui.SDL_core.obj
 0001:00006bf8       ?render_state@RVisual@object_camera@stdlib@lib3d@modules@UModSys@@UEAA_NAEBUSRenderState@46@@Z 0000000180007bf8 f   umodsys_lib_lib3d:umodsys.mod.3d.stdlib.obj
 0001:00006c30       ?camera_get_fov@RVisual@object_camera@stdlib@lib3d@modules@UModSys@@UEBA?AU?$TVector2@M@math3d@6@XZ 0000000180007c30 f   umodsys_lib_lib3d:umodsys.mod.3d.stdlib.obj
 0001:00006c40       ?camera_get_xyz@RVisual@object_camera@stdlib@lib3d@modules@UModSys@@UEBA_NPEAU?$TVector3@N@math3d@6@00@Z 0000000180007c40 f   umodsys_lib_lib3d:umodsys.mod.3d.stdlib.obj
 0001:00006cb4       ?camera_get_planes@RVisual@object_camera@stdlib@lib3d@modules@UModSys@@UEBAHPEAU?$TPlane3@N@math3d@6@@Z 0000000180007cb4 f   umodsys_lib_lib3d:umodsys.mod.3d.stdlib.obj
 0001:00006fb0       ?camera_cast_ray@RVisual@object_camera@stdlib@lib3d@modules@UModSys@@UEBA_NAEBU?$TVector2@M@math3d@6@AEAU?$TVector3@N@86@1@Z 0000000180007fb0 f   umodsys_lib_lib3d:umodsys.mod.3d.stdlib.obj
 0001:00007124       ?camera_setup@RVisual@object_camera@stdlib@lib3d@modules@UModSys@@UEAA_NPEAUIRenderDriver@46@@Z 0000000180008124 f   umodsys_lib_lib3d:umodsys.mod.3d.stdlib.obj
 0001:00007174       ??0RVisual@object_camera@stdlib@lib3d@modules@UModSys@@QEAA@PEAURGeneral@12345@PEAUIRenderer@35@@Z 0000000180008174 f   umodsys_lib_lib3d:umodsys.mod.3d.stdlib.obj
 0001:00007258       ??_ERVisual@object_camera@stdlib@lib3d@modules@UModSys@@UEAAPEAXI@Z 0000000180008258 f i  CIL library: CIL module
 0001:00007258       ??_GRVisual@object_camera@stdlib@lib3d@modules@UModSys@@UEAAPEAXI@Z 0000000180008258 f i umodsys_lib_lib3d:umodsys.mod.3d.stdlib.obj
 0001:000072bc       ?visual_new@RGeneral@object_primitive@stdlib@lib3d@modules@UModSys@@UEAA?AU?$TRefObject@UIVisualObject@lib3d@UModSys@@U?$TRefObjectFunc@UIVisualObject@lib3d@UModSys@@@tl@3@@tl@6@PEAUIRenderer@46@PEAUIRenderObject@46@@Z 00000001800082bc f   umodsys_lib_lib3d:umodsys.mod.3d.stdlib.obj
 0001:00007378       ?render_new@RGeneral@object_primitive@stdlib@lib3d@modules@UModSys@@UEAA?AU?$TRefObject@UIRenderObject@lib3d@UModSys@@U?$TRefObjectFunc@UIRenderObject@lib3d@UModSys@@@tl@3@@tl@6@PEAUIRenderer@46@@Z 0000000180008378 f   umodsys_lib_lib3d:umodsys.mod.3d.stdlib.obj
 0001:00007418       ??0RGeneral@object_primitive@stdlib@lib3d@modules@UModSys@@QEAA@PEAUIModObject@base@5@AEBUSParameters@core@5@@Z 0000000180008418 f   umodsys_lib_lib3d:umodsys.mod.3d.stdlib.obj
 0001:000075d8       ?render_update@RRender@object_primitive@stdlib@lib3d@modules@UModSys@@UEAA_NXZ 00000001800085d8 f   umodsys_lib_lib3d:umodsys.mod.3d.stdlib.obj
 0001:00007634       ?object_get@RRender@object_primitive@stdlib@lib3d@modules@UModSys@@UEBA?AU?$TRefObject@UIGeneralObject@lib3d@UModSys@@U?$TRefObjectFunc@UIGeneralObject@lib3d@UModSys@@@tl@3@@tl@6@XZ 0000000180008634 f   umodsys_lib_lib3d:umodsys.mod.3d.stdlib.obj
 0001:0000766c       ?visual_new@RRender@object_primitive@stdlib@lib3d@modules@UModSys@@UEAA?AU?$TRefObject@UIVisualObject@lib3d@UModSys@@U?$TRefObjectFunc@UIVisualObject@lib3d@UModSys@@@tl@3@@tl@6@XZ 000000018000866c f   umodsys_lib_lib3d:umodsys.mod.3d.stdlib.obj
 0001:00007700       ?build_cube@RRender@object_primitive@stdlib@lib3d@modules@UModSys@@QEAA_NXZ 0000000180008700 f   umodsys_lib_lib3d:umodsys.mod.3d.stdlib.obj
 0001:00007874       ??0RRender@object_primitive@stdlib@lib3d@modules@UModSys@@QEAA@PEAURGeneral@12345@PEAUIRenderer@35@@Z 0000000180008874 f   umodsys_lib_lib3d:umodsys.mod.3d.stdlib.obj
 0001:00007920       ??_ERRender@object_primitive@stdlib@lib3d@modules@UModSys@@UEAAPEAXI@Z 0000000180008920 f i  CIL library: CIL module
 0001:00007920       ??_GRRender@object_primitive@stdlib@lib3d@modules@UModSys@@UEAAPEAXI@Z 0000000180008920 f i umodsys_lib_lib3d:umodsys.mod.3d.stdlib.obj
 0001:000079ac       ??1IRenderObject_Brush@lib3d@UModSys@@UEAA@XZ 00000001800089ac f i umodsys_lib_lib3d:umodsys.mod.3d.stdlib.obj
 0001:000079e8       ?object_get@RVisual@object_primitive@stdlib@lib3d@modules@UModSys@@UEBA?AU?$TRefObject@UIGeneralObject@lib3d@UModSys@@U?$TRefObjectFunc@UIGeneralObject@lib3d@UModSys@@@tl@3@@tl@6@XZ 00000001800089e8 f   umodsys_lib_lib3d:umodsys.mod.3d.stdlib.obj
 0001:00007a0c       ?valid@RGeneral@object_primitive@stdlib@lib3d@modules@UModSys@@UEBA_NXZ 0000000180008a0c f   umodsys_lib_lib3d:umodsys.mod.3d.stdlib.obj
 0001:00007a0c       ?draw_post@RFrame_Common@frames@ui@modules@UModSys@@MEAA_NAEBUSDrawState@2345@@Z 0000000180008a0c f   umodsys_lib_libui:umodsys.mod.ui.frames.obj
 0001:00007a0c       ?controller_update@RFrame_Common@frames@ui@modules@UModSys@@UEAA_NXZ 0000000180008a0c f   umodsys_lib_libui:umodsys.mod.ui.frames.obj
 0001:00007a0c       ?draw_pre@RFrame_Common@frames@ui@modules@UModSys@@MEAA_NAEBUSDrawState@2345@@Z 0000000180008a0c f   umodsys_lib_libui:umodsys.mod.ui.frames.obj
 0001:00007a0c       ?valid@RGeneral@object_camera@stdlib@lib3d@modules@UModSys@@UEBA_NXZ 0000000180008a0c f   umodsys_lib_lib3d:umodsys.mod.3d.stdlib.obj
 0001:00007a0c       ?visual_update@RVisual@object_camera@stdlib@lib3d@modules@UModSys@@UEAA_NXZ 0000000180008a0c f   umodsys_lib_lib3d:umodsys.mod.3d.stdlib.obj
 0001:00007a0c       ?valid@RRender@object_primitive@stdlib@lib3d@modules@UModSys@@UEBA_NXZ 0000000180008a0c f   umodsys_lib_lib3d:umodsys.mod.3d.stdlib.obj
 0001:00007a0c       ?button_cmd@RFrame_Common@frames@ui@modules@UModSys@@MEAA_NPEAUSButton@2345@HH@Z 0000000180008a0c f   umodsys_lib_libui:umodsys.mod.ui.frames.obj
 0001:00007a0c       ?valid@RVisual@object_camera@stdlib@lib3d@modules@UModSys@@UEBA_NXZ 0000000180008a0c f   umodsys_lib_lib3d:umodsys.mod.3d.stdlib.obj
 0001:00007a0c       ?visual_update@RVisual@object_primitive@stdlib@lib3d@modules@UModSys@@UEAA_NXZ 0000000180008a0c f   umodsys_lib_lib3d:umodsys.mod.3d.stdlib.obj
 0001:00007a0c       ?valid@RVisual@object_primitive@stdlib@lib3d@modules@UModSys@@UEBA_NXZ 0000000180008a0c f   umodsys_lib_lib3d:umodsys.mod.3d.stdlib.obj
 0001:00007a0c       ?button_draw@RFrame_Common@frames@ui@modules@UModSys@@MEAA_NPEAUSButton@2345@AEBUSDrawState@2345@H@Z 0000000180008a0c f   umodsys_lib_libui:umodsys.mod.ui.frames.obj
 0001:00007a10       ?render_state@RVisual@object_primitive@stdlib@lib3d@modules@UModSys@@UEAA_NAEBUSRenderState@46@@Z 0000000180008a10 f   umodsys_lib_lib3d:umodsys.mod.3d.stdlib.obj
 0001:00007ae8       ??0RVisual@object_primitive@stdlib@lib3d@modules@UModSys@@QEAA@PEAURRender@12345@@Z 0000000180008ae8 f   umodsys_lib_lib3d:umodsys.mod.3d.stdlib.obj
 0001:00007b58       ??_ERVisual@object_primitive@stdlib@lib3d@modules@UModSys@@UEAAPEAXI@Z 0000000180008b58 f i  CIL library: CIL module
 0001:00007b58       ??_GRVisual@object_primitive@stdlib@lib3d@modules@UModSys@@UEAAPEAXI@Z 0000000180008b58 f i umodsys_lib_lib3d:umodsys.mod.3d.stdlib.obj
 0001:00007bbc       ??1IBinObjFilter@libmedia@UModSys@@UEAA@XZ 0000000180008bbc f i plugin_test1.obj
 0001:00007bbc       ??1IVisualObject_Brush@lib3d@UModSys@@UEAA@XZ 0000000180008bbc f i umodsys_lib_lib3d:umodsys.mod.3d.stdlib.obj
 0001:00007bbc       ??1IVisualObject_Camera@lib3d@UModSys@@UEAA@XZ 0000000180008bbc f i umodsys_lib_lib3d:umodsys.mod.3d.stdlib.obj
 0001:00007bf8       ?do_open@RModuleReg@stdlib@lib3d@modules@UModSys@@UEAA_NXZ 0000000180008bf8 f i umodsys_lib_lib3d:umodsys.mod.3d.stdlib.obj
 0001:00007c6c       ?do_close@RModuleReg@stdlib@lib3d@modules@UModSys@@UEAA_NXZ 0000000180008c6c f i umodsys_lib_lib3d:umodsys.mod.3d.stdlib.obj
 0001:00007cbc       ?get_module@RGenerator@stdlib@lib3d@modules@UModSys@@UEBAPEAUIModule@base@5@XZ 0000000180008cbc f   umodsys_lib_lib3d:umodsys.mod.3d.stdlib.obj
 0001:00007cc4       ?mod_inc@RGenerator@stdlib@lib3d@modules@UModSys@@UEBA_NXZ 0000000180008cc4 f   umodsys_lib_lib3d:umodsys.mod.3d.stdlib.obj
 0001:00007cd8       ?mod_dec@RGenerator@stdlib@lib3d@modules@UModSys@@UEBA_NXZ 0000000180008cd8 f   umodsys_lib_lib3d:umodsys.mod.3d.stdlib.obj
 0001:00007cec       ?s_holder@RGenerator@stdlib@lib3d@modules@UModSys@@SAAEAU?$TTypeStaticHolder@URGenerator@stdlib@lib3d@modules@UModSys@@@tl@5@XZ 0000000180008cec f   umodsys_lib_lib3d:umodsys.mod.3d.stdlib.obj
 0001:00007d30       ?from_3pr@?$TPlane3@N@math3d@UModSys@@QEAAXAEBU?$TVector3@N@23@00@Z 0000000180008d30 f i umodsys_lib_lib3d:umodsys.mod.3d.stdlib.obj
 0001:00007e20       ??1?$TRefObject@UIRenderDriver@lib2d@UModSys@@U?$TRefObjectFunc@UIRenderDriver@lib2d@UModSys@@@tl@3@@tl@UModSys@@QEAA@XZ 0000000180008e20 f i plugin_test1.obj
 0001:00007e20       ??1?$TRefObject@URRenderer@stdlib@lib3d@modules@UModSys@@U?$TRefObjectFunc@URRenderer@stdlib@lib3d@modules@UModSys@@@tl@5@@tl@UModSys@@QEAA@XZ 0000000180008e20 f i umodsys_lib_lib3d:umodsys.mod.3d.stdlib.obj
 0001:00007e20       ??1?$TRefObject@UIImageFactory@lib2d@UModSys@@U?$TRefObjectFunc@UIImageFactory@lib2d@UModSys@@@tl@3@@tl@UModSys@@QEAA@XZ 0000000180008e20 f i plugin_test1.obj
 0001:00007e20       ??1?$TRefObject@URGeneral@object_camera@stdlib@lib3d@modules@UModSys@@U?$TRefObjectFunc@URGeneral@object_camera@stdlib@lib3d@modules@UModSys@@@tl@6@@tl@UModSys@@QEAA@XZ 0000000180008e20 f i umodsys_lib_lib3d:umodsys.mod.3d.stdlib.obj
 0001:00007e20       ??1?$TRefObject@UISharedLibrary@lib3d@UModSys@@U?$TRefObjectFunc@UISharedLibrary@lib3d@UModSys@@@tl@3@@tl@UModSys@@QEAA@XZ 0000000180008e20 f i umodsys_lib_lib3d:umodsys.mod.3d.stdlib.obj
 0001:00007e20       ??1?$TRefObject@UIRenderer@lib3d@UModSys@@U?$TRefObjectFunc@UIRenderer@lib3d@UModSys@@@tl@3@@tl@UModSys@@QEAA@XZ 0000000180008e20 f i plugin_test1.obj
 0001:00007e20       ??1?$TRefObject@URRenderDriver2D@SDL_core@ui@modules@UModSys@@U?$TRefObjectFunc@URRenderDriver2D@SDL_core@ui@modules@UModSys@@@tl@5@@tl@UModSys@@QEAA@XZ 0000000180008e20 f i umodsys_lib_libui:umodsys.mod.ui.SDL_core.obj
 0001:00007e20       ??1?$TRefObject@URMultiImage2D_SDL_ttf@SDL_core@ui@modules@UModSys@@U?$TRefObjectFunc@URMultiImage2D_SDL_ttf@SDL_core@ui@modules@UModSys@@@tl@5@@tl@UModSys@@QEAA@XZ 0000000180008e20 f i umodsys_lib_libui:umodsys.mod.ui.SDL_core.obj
 0001:00007e20       ??1?$TRefObject@UIImage@lib2d@UModSys@@U?$TRefObjectFunc@UIImage@lib2d@UModSys@@@tl@3@@tl@UModSys@@QEAA@XZ 0000000180008e20 f i plugin_test1.obj
 0001:00007e20       ??1?$TRefObject@UIStreamReader@libmedia@UModSys@@U?$TRefObjectFunc@UIStreamReader@libmedia@UModSys@@@tl@3@@tl@UModSys@@QEAA@XZ 0000000180008e20 f i plugin_test1.obj
 0001:00007e20       ??1?$TRefObject@UIScene@lib3d@UModSys@@U?$TRefObjectFunc@UIScene@lib3d@UModSys@@@tl@3@@tl@UModSys@@QEAA@XZ 0000000180008e20 f i umodsys_lib_lib3d:umodsys.mod.3d.stdlib.obj
 0001:00007e20       ??1?$TRefObject@URMediaFilter@images_std@media@modules@UModSys@@U?$TRefObjectFunc@URMediaFilter@images_std@media@modules@UModSys@@@tl@5@@tl@UModSys@@QEAA@XZ 0000000180008e20 f i umodsys_lib_libmedia:umodsys.mod.media.images_std.obj
 0001:00007e20       ??1?$TRefObject@UIVisualObject_Camera@lib3d@UModSys@@U?$TRefObjectFunc@UIVisualObject_Camera@lib3d@UModSys@@@tl@3@@tl@UModSys@@QEAA@XZ 0000000180008e20 f i plugin_test1.obj
 0001:00007e20       ??1?$TRefObject@URGeneral@object_primitive@stdlib@lib3d@modules@UModSys@@U?$TRefObjectFunc@URGeneral@object_primitive@stdlib@lib3d@modules@UModSys@@@tl@6@@tl@UModSys@@QEAA@XZ 0000000180008e20 f i umodsys_lib_lib3d:umodsys.mod.3d.stdlib.obj
 0001:00007e20       ??1?$TRefObject@URImageFactory_Memory@stdlib@lib2d@modules@UModSys@@U?$TRefObjectFunc@URImageFactory_Memory@stdlib@lib2d@modules@UModSys@@@tl@5@@tl@UModSys@@QEAA@XZ 0000000180008e20 f i umodsys_lib_lib2d:umodsys.mod.2d.stdlib.obj
 0001:00007e20       ??1?$TRefObject@URVisualizerScene@stdlib@lib3d@modules@UModSys@@U?$TRefObjectFunc@URVisualizerScene@stdlib@lib3d@modules@UModSys@@@tl@5@@tl@UModSys@@QEAA@XZ 0000000180008e20 f i umodsys_lib_lib3d:umodsys.mod.3d.stdlib.obj
 0001:00007e20       ??1?$TRefObject@UIRenderObject@lib3d@UModSys@@U?$TRefObjectFunc@UIRenderObject@lib3d@UModSys@@@tl@3@@tl@UModSys@@QEAA@XZ 0000000180008e20 f i plugin_test1.obj
 0001:00007e20       ??1?$TRefObject@URTerminalX@SDL_GL@ui@modules@UModSys@@U?$TRefObjectFunc@URTerminalX@SDL_GL@ui@modules@UModSys@@@tl@5@@tl@UModSys@@QEAA@XZ 0000000180008e20 f i umodsys_lib_libui:umodsys.mod.ui.SDL_GL.obj
 0001:00007e20       ??1?$TRefObject@UIRenderDriver@lib3d@UModSys@@U?$TRefObjectFunc@UIRenderDriver@lib3d@UModSys@@@tl@3@@tl@UModSys@@QEAA@XZ 0000000180008e20 f i plugin_test1.obj
 0001:00007e20       ??1?$TRefObject@URImage_Memory@stdlib@lib2d@modules@UModSys@@U?$TRefObjectFunc@URImage_Memory@stdlib@lib2d@modules@UModSys@@@tl@5@@tl@UModSys@@QEAA@XZ 0000000180008e20 f i umodsys_lib_lib2d:umodsys.mod.2d.stdlib.obj
 0001:00007e20       ??1?$TRefObject@URVisualSceneMapper_Direct@stdlib@lib3d@modules@UModSys@@U?$TRefObjectFunc@URVisualSceneMapper_Direct@stdlib@lib3d@modules@UModSys@@@tl@5@@tl@UModSys@@QEAA@XZ 0000000180008e20 f i umodsys_lib_lib3d:umodsys.mod.3d.stdlib.obj
 0001:00007e20       ??1?$TRefObject@UIMultiImage@lib2d@UModSys@@U?$TRefObjectFunc@UIMultiImage@lib2d@UModSys@@@tl@3@@tl@UModSys@@QEAA@XZ 0000000180008e20 f i plugin_test1.obj
 0001:00007e20       ??1?$TRefObject@URDialog@frames@ui@modules@UModSys@@U?$TRefObjectFunc@URDialog@frames@ui@modules@UModSys@@@tl@5@@tl@UModSys@@QEAA@XZ 0000000180008e20 f i umodsys_lib_libui:umodsys.mod.ui.frames.obj
 0001:00007e20       ??1?$TRefObject@UICollector@libui@UModSys@@U?$TRefObjectFunc@UICollector@libui@UModSys@@@tl@3@@tl@UModSys@@QEAA@XZ 0000000180008e20 f i plugin_test1.obj
 0001:00007e20       ??1?$TRefObject@UIFrame@libui@UModSys@@U?$TRefObjectFunc@UIFrame@libui@UModSys@@@tl@3@@tl@UModSys@@QEAA@XZ 0000000180008e20 f i umodsys_lib_libui:umodsys.mod.ui.frames.obj
 0001:00007e20       ??1?$TRefObject@URBinArchiveFrameClient_ZIP@zlib@media@modules@UModSys@@U?$TRefObjectFunc@URBinArchiveFrameClient_ZIP@zlib@media@modules@UModSys@@@tl@5@@tl@UModSys@@QEAA@XZ 0000000180008e20 f i umodsys_lib_libmedia:umodsys.mod.media.zlib.obj
 0001:00007e20       ??1?$TRefObject@UIStreamWriter@libmedia@UModSys@@U?$TRefObjectFunc@UIStreamWriter@libmedia@UModSys@@@tl@3@@tl@UModSys@@QEAA@XZ 0000000180008e20 f i plugin_test1.obj
 0001:00007e20       ??1?$TRefObject@URRender@object_primitive@stdlib@lib3d@modules@UModSys@@U?$TRefObjectFunc@URRender@object_primitive@stdlib@lib3d@modules@UModSys@@@tl@6@@tl@UModSys@@QEAA@XZ 0000000180008e20 f i umodsys_lib_lib3d:umodsys.mod.3d.stdlib.obj
 0001:00007e20       ??1?$TRefObject@URSerializeWriter@serialize_json@media@modules@UModSys@@U?$TRefObjectFunc@URSerializeWriter@serialize_json@media@modules@UModSys@@@tl@5@@tl@UModSys@@QEAA@XZ 0000000180008e20 f i umodsys_lib_libmedia:umodsys.mod.media.serialize_json.obj
 0001:00007e20       ??1?$TRefObject@URRenderDriver3D@SDL_GL@ui@modules@UModSys@@U?$TRefObjectFunc@URRenderDriver3D@SDL_GL@ui@modules@UModSys@@@tl@5@@tl@UModSys@@QEAA@XZ 0000000180008e20 f i umodsys_lib_libui:umodsys.mod.ui.SDL_GL.obj
 0001:00007e20       ??1?$TRefObject@URVertexArray@SDL_GL@ui@modules@UModSys@@U?$TRefObjectFunc@URVertexArray@SDL_GL@ui@modules@UModSys@@@tl@5@@tl@UModSys@@QEAA@XZ 0000000180008e20 f i umodsys_lib_libui:umodsys.mod.ui.SDL_GL.obj
 0001:00007e20       ??1?$TRefObject@URTerminalX@SDL_core@ui@modules@UModSys@@U?$TRefObjectFunc@URTerminalX@SDL_core@ui@modules@UModSys@@@tl@5@@tl@UModSys@@QEAA@XZ 0000000180008e20 f i umodsys_lib_libui:umodsys.mod.ui.SDL_core.obj
 0001:00007e20       ??1?$TRefObject@URFrame_Common@frames@ui@modules@UModSys@@U?$TRefObjectFunc@URFrame_Common@frames@ui@modules@UModSys@@@tl@5@@tl@UModSys@@QEAA@XZ 0000000180008e20 f i umodsys_lib_libui:umodsys.mod.ui.frames.obj
 0001:00007e20       ??1?$TRefObject@URSerializeReader@serialize_json@media@modules@UModSys@@U?$TRefObjectFunc@URSerializeReader@serialize_json@media@modules@UModSys@@@tl@5@@tl@UModSys@@QEAA@XZ 0000000180008e20 f i umodsys_lib_libmedia:umodsys.mod.media.serialize_json.obj
 0001:00007e20       ??1?$TRefObject@UIKeyboardController@libui@UModSys@@U?$TRefObjectFunc@UIKeyboardController@libui@UModSys@@@tl@3@@tl@UModSys@@QEAA@XZ 0000000180008e20 f i plugin_test1.obj
 0001:00007e20       ??1?$TRefObject@URMultiImage@stdlib@lib2d@modules@UModSys@@U?$TRefObjectFunc@URMultiImage@stdlib@lib2d@modules@UModSys@@@tl@5@@tl@UModSys@@QEAA@XZ 0000000180008e20 f i umodsys_lib_lib2d:umodsys.mod.2d.stdlib.obj
 0001:00007e20       ??1?$TRefObject@UIVisualizerScene@lib3d@UModSys@@U?$TRefObjectFunc@UIVisualizerScene@lib3d@UModSys@@@tl@3@@tl@UModSys@@QEAA@XZ 0000000180008e20 f i plugin_test1.obj
 0001:00007e20       ??1?$TRefObject@UIVertexArray@lib3d@UModSys@@U?$TRefObjectFunc@UIVertexArray@lib3d@UModSys@@@tl@3@@tl@UModSys@@QEAA@XZ 0000000180008e20 f i plugin_test1.obj
 0001:00007e20       ??1?$TRefObject@UIMouseController@libui@UModSys@@U?$TRefObjectFunc@UIMouseController@libui@UModSys@@@tl@3@@tl@UModSys@@QEAA@XZ 0000000180008e20 f i plugin_test1.obj
 0001:00007e20       ??1?$TRefObject@UIGeneralObject@lib3d@UModSys@@U?$TRefObjectFunc@UIGeneralObject@lib3d@UModSys@@@tl@3@@tl@UModSys@@QEAA@XZ 0000000180008e20 f i plugin_test1.obj
 0001:00007e20       ??1?$TRefObject@URCollector@frames@ui@modules@UModSys@@U?$TRefObjectFunc@URCollector@frames@ui@modules@UModSys@@@tl@5@@tl@UModSys@@QEAA@XZ 0000000180008e20 f i umodsys_lib_libui:umodsys.mod.ui.frames.obj
 0001:00007e20       ??1?$TRefObject@UIVisualObject@lib3d@UModSys@@U?$TRefObjectFunc@UIVisualObject@lib3d@UModSys@@@tl@3@@tl@UModSys@@QEAA@XZ 0000000180008e20 f i plugin_test1.obj
 0001:00007e20       ??1?$TRefObject@UITerminal@libui@UModSys@@U?$TRefObjectFunc@UITerminal@libui@UModSys@@@tl@3@@tl@UModSys@@QEAA@XZ 0000000180008e20 f i plugin_test1.obj
 0001:00007e20       ??1?$TRefObject@UIUtilities@libmedia@UModSys@@U?$TRefObjectFunc@UIUtilities@libmedia@UModSys@@@tl@3@@tl@UModSys@@QEAA@XZ 0000000180008e20 f i plugin_test1.obj
 0001:00007e20       ??1?$TRefObject@URMultiImage2D_SDL_ttf@SDL_GL@ui@modules@UModSys@@U?$TRefObjectFunc@URMultiImage2D_SDL_ttf@SDL_GL@ui@modules@UModSys@@@tl@5@@tl@UModSys@@QEAA@XZ 0000000180008e20 f i umodsys_lib_libui:umodsys.mod.ui.SDL_GL.obj
 0001:00007e20       ??1?$TRefObject@UIRefObject@core@UModSys@@U?$TRefObjectFunc@UIRefObject@core@UModSys@@@tl@3@@tl@UModSys@@QEAA@XZ 0000000180008e20 f i plugin_test1.obj
 0001:00007e44       ??1?$TDynarrayDynamic@UScene@IVisualizerScene@lib3d@UModSys@@U?$TAllocator@USIMemAlloc@core@UModSys@@USCountCalcPower2@23@@tl@4@@tl@UModSys@@QEAA@XZ 0000000180008e44 f i umodsys_lib_lib3d:umodsys.mod.3d.stdlib.obj
 0001:00007ea8       ??1?$TRStackSocket@PEAUIVisualObject@lib3d@UModSys@@U?$TDynarrayDynamic@PEAUIVisualObject@lib3d@UModSys@@U?$TAllocator@USIMemAlloc@core@UModSys@@USCountCalcPower2@23@@tl@3@@tl@3@@tl@UModSys@@QEAA@XZ 0000000180008ea8 f i umodsys_lib_lib3d:umodsys.mod.3d.stdlib.obj
 0001:00007eb4       ?isempty@?$TRStackSocket@PEAUIVisualObject@lib3d@UModSys@@U?$TDynarrayDynamic@PEAUIVisualObject@lib3d@UModSys@@U?$TAllocator@USIMemAlloc@core@UModSys@@USCountCalcPower2@23@@tl@3@@tl@3@@tl@UModSys@@UEBA_NXZ 0000000180008eb4 f i umodsys_lib_lib3d:umodsys.mod.3d.stdlib.obj
 0001:00007ec4       ?push@?$TRStackSocket@PEAUIVisualObject@lib3d@UModSys@@U?$TDynarrayDynamic@PEAUIVisualObject@lib3d@UModSys@@U?$TAllocator@USIMemAlloc@core@UModSys@@USCountCalcPower2@23@@tl@3@@tl@3@@tl@UModSys@@UEAA_NAEBQEAUIVisualObject@lib3d@3@@Z 0000000180008ec4 f i umodsys_lib_lib3d:umodsys.mod.3d.stdlib.obj
 0001:00007f70       ?pop@?$TRStackSocket@PEAUIVisualObject@lib3d@UModSys@@U?$TDynarrayDynamic@PEAUIVisualObject@lib3d@UModSys@@U?$TAllocator@USIMemAlloc@core@UModSys@@USCountCalcPower2@23@@tl@3@@tl@3@@tl@UModSys@@UEAA_NAEAPEAUIVisualObject@lib3d@3@@Z 0000000180008f70 f i umodsys_lib_lib3d:umodsys.mod.3d.stdlib.obj
 0001:00007f94       ?ResizeRel@?$TDynarray@U?$TDynarrayHolderDynamic@UScene@IVisualizerScene@lib3d@UModSys@@U?$TAllocator@USIMemAlloc@core@UModSys@@USCountCalcPower2@23@@tl@4@@tl@UModSys@@@tl@UModSys@@QEAA_N_J@Z 0000000180008f94 f i umodsys_lib_lib3d:umodsys.mod.3d.stdlib.obj
 0001:000080b0       ?RemoveAt@?$TDynarray@U?$TDynarrayHolderDynamic@UScene@IVisualizerScene@lib3d@UModSys@@U?$TAllocator@USIMemAlloc@core@UModSys@@USCountCalcPower2@23@@tl@4@@tl@UModSys@@@tl@UModSys@@QEAA_N_K0@Z 00000001800090b0 f i umodsys_lib_lib3d:umodsys.mod.3d.stdlib.obj
 0001:000081bc       ?ResizeRel@?$TDynarray@U?$TDynarrayHolderDynamic@PEAUIVisualObject@lib3d@UModSys@@U?$TAllocator@USIMemAlloc@core@UModSys@@USCountCalcPower2@23@@tl@3@@tl@UModSys@@@tl@UModSys@@QEAA_N_J@Z 00000001800091bc f i umodsys_lib_lib3d:umodsys.mod.3d.stdlib.obj
 0001:00008254       ??$t_gen_param@URVisualSceneMapper_Direct@stdlib@lib3d@modules@UModSys@@URGenerator@2345@@IGenerator@base@UModSys@@IEAA_NPEAURGenerator@stdlib@lib3d@modules@2@AEAU?$TRefObject@UIRefObject@core@UModSys@@U?$TRefObjectFunc@UIRefObject@core@UModSys@@@tl@3@@tl@2@PEBUSUniquePointerInfo@core@2@AEBUSParameters@core@2@@Z 0000000180009254 f i umodsys_lib_lib3d:umodsys.mod.3d.stdlib.obj
 0001:00008374       ??$process_nodes_r@U?$TNodeDeleter0@U?$TScatterArrayNode@U?$TRefObject@UIVisualObject@lib3d@UModSys@@U?$TRefObjectFunc@UIVisualObject@lib3d@UModSys@@@tl@3@@tl@UModSys@@PEBUISceneNode@lib3d@3@@tl@UModSys@@@tl@UModSys@@@?$TTreeHoldRB@U?$TScatterArrayNode@U?$TRefObject@UIVisualObject@lib3d@UModSys@@U?$TRefObjectFunc@UIVisualObject@lib3d@UModSys@@@tl@3@@tl@UModSys@@PEBUISceneNode@lib3d@3@@tl@UModSys@@@tl@UModSys@@KAHPEAU?$TScatterArrayNode@U?$TRefObject@UIVisualObject@lib3d@UModSys@@U?$TRefObjectFunc@UIVisualObject@lib3d@UModSys@@@tl@3@@tl@UModSys@@PEBUISceneNode@lib3d@3@@12@AEBU?$TNodeDeleter0@U?$TScatterArrayNode@U?$TRefObject@UIVisualObject@lib3d@UModSys@@U?$TRefObjectFunc@UIVisualObject@lib3d@UModSys@@@tl@3@@tl@UModSys@@PEBUISceneNode@lib3d@3@@tl@UModSys@@@12@@Z 0000000180009374 f i umodsys_lib_lib3d:umodsys.mod.3d.stdlib.obj
 0001:000083ec       ?alloc@SMemShared@core@UModSys@@QEAA_N_KPEAUSSourceContext@23@@Z 00000001800093ec f i umodsys_lib_lib2d:umodsys.mod.2d.stdlib.obj
 0001:00008470       ?Convert@stdlib@lib2d@modules@UModSys@@YA_NAEBU?$TBoundBox2@H@math3d@4@AEBUSImageInfo@24@AEBUSMem@core@4@01AEBUSCMem@94@@Z 0000000180009470 f i umodsys_lib_lib2d:umodsys.mod.2d.stdlib.obj
 0001:000085c4       ?root_get_interface_info@RImage_Memory@stdlib@lib2d@modules@UModSys@@UEBAAEBUSUniquePointerInfo@core@5@XZ 00000001800095c4 f i umodsys_lib_lib2d:umodsys.mod.2d.stdlib.obj
 0001:000085cc       ?root_get_interface_type@RImage_Memory@stdlib@lib2d@modules@UModSys@@UEBAPEBUSUniquePointerInfo@core@5@XZ 00000001800095cc f i umodsys_lib_lib2d:umodsys.mod.2d.stdlib.obj
 0001:000085d4       ?root_get_other_interface@RImage_Memory@stdlib@lib2d@modules@UModSys@@UEAAPEAUIRoot@core@5@PEBUSUniquePointerInfo@75@@Z 00000001800095d4 f i umodsys_lib_lib2d:umodsys.mod.2d.stdlib.obj
 0001:000085d4       ?root_get_other_interface@RImage_Memory@stdlib@lib2d@modules@UModSys@@UEBAPEBUIRoot@core@5@PEBUSUniquePointerInfo@75@@Z 00000001800095d4 f i umodsys_lib_lib2d:umodsys.mod.2d.stdlib.obj
 0001:00008604       ?root_is_interface_supported@RImage_Memory@stdlib@lib2d@modules@UModSys@@UEBA_NPEBUSUniquePointerInfo@core@5@@Z 0000000180009604 f i umodsys_lib_lib2d:umodsys.mod.2d.stdlib.obj
 0001:00008634       ?root_get_interface_info@RImageFactory_Memory@stdlib@lib2d@modules@UModSys@@UEBAAEBUSUniquePointerInfo@core@5@XZ 0000000180009634 f i umodsys_lib_lib2d:umodsys.mod.2d.stdlib.obj
 0001:0000863c       ?root_get_interface_type@RImageFactory_Memory@stdlib@lib2d@modules@UModSys@@UEBAPEBUSUniquePointerInfo@core@5@XZ 000000018000963c f i umodsys_lib_lib2d:umodsys.mod.2d.stdlib.obj
 0001:00008644       ?root_get_other_interface@RImageFactory_Memory@stdlib@lib2d@modules@UModSys@@UEAAPEAUIRoot@core@5@PEBUSUniquePointerInfo@75@@Z 0000000180009644 f i umodsys_lib_lib2d:umodsys.mod.2d.stdlib.obj
 0001:00008644       ?root_get_other_interface@RImageFactory_Memory@stdlib@lib2d@modules@UModSys@@UEBAPEBUIRoot@core@5@PEBUSUniquePointerInfo@75@@Z 0000000180009644 f i umodsys_lib_lib2d:umodsys.mod.2d.stdlib.obj
 0001:00008674       ?root_is_interface_supported@RImageFactory_Memory@stdlib@lib2d@modules@UModSys@@UEBA_NPEBUSUniquePointerInfo@core@5@@Z 0000000180009674 f i umodsys_lib_lib2d:umodsys.mod.2d.stdlib.obj
 0001:000086a4       ?root_get_interface_info@RMultiImage@stdlib@lib2d@modules@UModSys@@UEBAAEBUSUniquePointerInfo@core@5@XZ 00000001800096a4 f i umodsys_lib_lib2d:umodsys.mod.2d.stdlib.obj
 0001:000086ac       ?root_get_interface_type@RMultiImage@stdlib@lib2d@modules@UModSys@@UEBAPEBUSUniquePointerInfo@core@5@XZ 00000001800096ac f i umodsys_lib_lib2d:umodsys.mod.2d.stdlib.obj
 0001:000086b4       ?root_get_other_interface@RMultiImage@stdlib@lib2d@modules@UModSys@@UEBAPEBUIRoot@core@5@PEBUSUniquePointerInfo@75@@Z 00000001800096b4 f i umodsys_lib_lib2d:umodsys.mod.2d.stdlib.obj
 0001:000086b4       ?root_get_other_interface@RMultiImage@stdlib@lib2d@modules@UModSys@@UEAAPEAUIRoot@core@5@PEBUSUniquePointerInfo@75@@Z 00000001800096b4 f i umodsys_lib_lib2d:umodsys.mod.2d.stdlib.obj
 0001:000086e4       ?root_is_interface_supported@RMultiImage@stdlib@lib2d@modules@UModSys@@UEBA_NPEBUSUniquePointerInfo@core@5@@Z 00000001800096e4 f i umodsys_lib_lib2d:umodsys.mod.2d.stdlib.obj
 0001:00008714       ?get_generated_names@RGenerator@stdlib@lib2d@modules@UModSys@@UEBAHAEAUSUniquePtrList@core@5@@Z 0000000180009714 f i umodsys_lib_lib2d:umodsys.mod.2d.stdlib.obj
 0001:00008758       ?get_generated_types@RGenerator@stdlib@lib2d@modules@UModSys@@UEBAHAEAUSUniquePtrList@core@5@PEBUSUniquePointerInfo@75@@Z 0000000180009758 f i umodsys_lib_lib2d:umodsys.mod.2d.stdlib.obj
 0001:000087ec       ?generate@RGenerator@stdlib@lib2d@modules@UModSys@@UEAA_NAEAU?$TRefObject@UIRefObject@core@UModSys@@U?$TRefObjectFunc@UIRefObject@core@UModSys@@@tl@3@@tl@5@PEBUSUniquePointerInfo@core@5@AEBUSParameters@95@@Z 00000001800097ec f i umodsys_lib_lib2d:umodsys.mod.2d.stdlib.obj
 0001:0000891c       ?root_get_interface_info@RGenerator@stdlib@lib2d@modules@UModSys@@UEBAAEBUSUniquePointerInfo@core@5@XZ 000000018000991c f i umodsys_lib_lib2d:umodsys.mod.2d.stdlib.obj
 0001:00008924       ?root_get_interface_type@RGenerator@stdlib@lib2d@modules@UModSys@@UEBAPEBUSUniquePointerInfo@core@5@XZ 0000000180009924 f i umodsys_lib_lib2d:umodsys.mod.2d.stdlib.obj
 0001:0000892c       ?root_get_other_interface@RGenerator@stdlib@lib2d@modules@UModSys@@UEAAPEAUIRoot@core@5@PEBUSUniquePointerInfo@75@@Z 000000018000992c f i umodsys_lib_lib2d:umodsys.mod.2d.stdlib.obj
 0001:0000892c       ?root_get_other_interface@RGenerator@stdlib@lib2d@modules@UModSys@@UEBAPEBUIRoot@core@5@PEBUSUniquePointerInfo@75@@Z 000000018000992c f i umodsys_lib_lib2d:umodsys.mod.2d.stdlib.obj
 0001:00008964       ?root_is_interface_supported@RGenerator@stdlib@lib2d@modules@UModSys@@UEBA_NPEBUSUniquePointerInfo@core@5@@Z 0000000180009964 f i umodsys_lib_lib2d:umodsys.mod.2d.stdlib.obj
 0001:0000899c       ?get_uid@RGenerator@stdlib@lib2d@modules@UModSys@@UEBAPEBUSUniquePointerInfo@core@5@XZ 000000018000999c f i umodsys_lib_lib2d:umodsys.mod.2d.stdlib.obj
 0001:000089a4       ?set_info@RImage_Memory@stdlib@lib2d@modules@UModSys@@UEAA_NAEBUSImagePatchInfo@35@PEBD@Z 00000001800099a4 f   umodsys_lib_lib2d:umodsys.mod.2d.stdlib.obj
 0001:00008c04       ?set_data@RImage_Memory@stdlib@lib2d@modules@UModSys@@UEAA_NAEBUSImagePatchInfo@35@AEBUSCMem@core@5@H@Z 0000000180009c04 f   umodsys_lib_lib2d:umodsys.mod.2d.stdlib.obj
 0001:00008cb8       ?get_info@RImage_Memory@stdlib@lib2d@modules@UModSys@@UEBAAEBUSImageInfo@35@XZ 0000000180009cb8 f   umodsys_lib_lib2d:umodsys.mod.2d.stdlib.obj
 0001:00008cc0       ?get_data@RImage_Memory@stdlib@lib2d@modules@UModSys@@UEBA_NAEBUSImagePatchInfo@35@AEBUSMem@core@5@H@Z 0000000180009cc0 f   umodsys_lib_lib2d:umodsys.mod.2d.stdlib.obj
 0001:00008d90       ??0RImage_Memory@stdlib@lib2d@modules@UModSys@@QEAA@PEAUIModObject@base@4@AEBUSParameters@core@4@@Z 0000000180009d90 f   umodsys_lib_lib2d:umodsys.mod.2d.stdlib.obj
 0001:00008e38       ??_ERImage_Memory@stdlib@lib2d@modules@UModSys@@UEAAPEAXI@Z 0000000180009e38 f i  CIL library: CIL module
 0001:00008e38       ??_GRImage_Memory@stdlib@lib2d@modules@UModSys@@UEAAPEAXI@Z 0000000180009e38 f i umodsys_lib_lib2d:umodsys.mod.2d.stdlib.obj
 0001:00008ea8       ?image_new@RImageFactory_Memory@stdlib@lib2d@modules@UModSys@@UEAA?AU?$TRefObject@UIImage@lib2d@UModSys@@U?$TRefObjectFunc@UIImage@lib2d@UModSys@@@tl@3@@tl@5@XZ 0000000180009ea8 f   umodsys_lib_lib2d:umodsys.mod.2d.stdlib.obj
 0001:0000902c       ?image_new@RImageFactory_Memory@stdlib@lib2d@modules@UModSys@@UEAA?AU?$TRefObject@UIImage@lib2d@UModSys@@U?$TRefObjectFunc@UIImage@lib2d@UModSys@@@tl@3@@tl@5@AEBUSImagePatchInfo@35@PEBD@Z 000000018000a02c f   umodsys_lib_lib2d:umodsys.mod.2d.stdlib.obj
 0001:00009200       ?get_max_layer_size@RMultiImage@stdlib@lib2d@modules@UModSys@@UEBA?AU?$TVector2@H@math3d@5@XZ 000000018000a200 f   umodsys_lib_lib2d:umodsys.mod.2d.stdlib.obj
 0001:00009200       ?get_max_cell_size@RMultiImage@stdlib@lib2d@modules@UModSys@@UEBA?AU?$TVector2@H@math3d@5@XZ 000000018000a200 f   umodsys_lib_lib2d:umodsys.mod.2d.stdlib.obj
 0001:0000922c       ?get_fixed_cell_size@RMultiImage@stdlib@lib2d@modules@UModSys@@UEBA?AU?$TVector2@H@math3d@5@XZ 000000018000a22c f   umodsys_lib_lib2d:umodsys.mod.2d.stdlib.obj
 0001:0000924c       ?get_layer_count@RMultiImage@stdlib@lib2d@modules@UModSys@@UEBAGXZ 000000018000a24c f   umodsys_lib_lib2d:umodsys.mod.2d.stdlib.obj
 0001:00009260       ?get_layer@RMultiImage@stdlib@lib2d@modules@UModSys@@UEBAPEAUIImage@35@G@Z 000000018000a260 f   umodsys_lib_lib2d:umodsys.mod.2d.stdlib.obj
 0001:00009284       ?get_cell_count@RMultiImage@stdlib@lib2d@modules@UModSys@@UEBAIXZ 000000018000a284 f   umodsys_lib_lib2d:umodsys.mod.2d.stdlib.obj
 0001:00009298       ?get_cell@RMultiImage@stdlib@lib2d@modules@UModSys@@UEBA_NIAEAU?$TVector2@H@math3d@5@PEAU675@PEAG@Z 000000018000a298 f   umodsys_lib_lib2d:umodsys.mod.2d.stdlib.obj
 0001:000092f0       ?get_cell@RMultiImage@stdlib@lib2d@modules@UModSys@@UEBA_NIAEAUSImageCellInfo@35@@Z 000000018000a2f0 f   umodsys_lib_lib2d:umodsys.mod.2d.stdlib.obj
 0001:00009328       ?set_layer_count@RMultiImage@stdlib@lib2d@modules@UModSys@@UEAA_NG@Z 000000018000a328 f   umodsys_lib_lib2d:umodsys.mod.2d.stdlib.obj
 0001:00009430       ?setup_fixed_cell@RMultiImage@stdlib@lib2d@modules@UModSys@@UEAA_NHH@Z 000000018000a430 f   umodsys_lib_lib2d:umodsys.mod.2d.stdlib.obj
 0001:0000944c       ?setup_variable_cell@RMultiImage@stdlib@lib2d@modules@UModSys@@UEAA_NPEBUSImageCellInfo@35@KK@Z 000000018000a44c f   umodsys_lib_lib2d:umodsys.mod.2d.stdlib.obj
 0001:000094f4       ??0RMultiImage@stdlib@lib2d@modules@UModSys@@QEAA@PEAUIModObject@base@4@AEBUSParameters@core@4@@Z 000000018000a4f4 f   umodsys_lib_lib2d:umodsys.mod.2d.stdlib.obj
[...]
 0001:0003dcac       ??__F?s_id@?$TObjectUniqueID@UIBinArchiveFrame@libmedia@UModSys@@@tl@UModSys@@2USUniquePointer@core@3@A@@YAXXZ 000000018003ecac f    CIL library: CIL module
 0001:0003dcb8       ??__F?s_id@?$TObjectUniqueID@UILibraryLayered@libmedia@UModSys@@@tl@UModSys@@2USUniquePointer@core@3@A@@YAXXZ 000000018003ecb8 f    CIL library: CIL module
 0001:0003dcc4       ??__F?s_id@?$TObjectUniqueID@UILibraryObjCache@libmedia@UModSys@@@tl@UModSys@@2USUniquePointer@core@3@A@@YAXXZ 000000018003ecc4 f    CIL library: CIL module
 0001:0003dcd0       ??__F?s_id@?$TObjectUniqueID@UILibraryObjFilter@libmedia@UModSys@@@tl@UModSys@@2USUniquePointer@core@3@A@@YAXXZ 000000018003ecd0 f    CIL library: CIL module
 0001:0003dcdc       ??__F?s_id@?$TObjectUniqueID@UILibraryBinCache@libmedia@UModSys@@@tl@UModSys@@2USUniquePointer@core@3@A@@YAXXZ 000000018003ecdc f    CIL library: CIL module
 0001:0003dce8       ??__F?s_id@?$TObjectUniqueID@UILibraryBinTree@libmedia@UModSys@@@tl@UModSys@@2USUniquePointer@core@3@A@@YAXXZ 000000018003ece8 f    CIL library: CIL module
 0001:0003dcf4       ??__F?s_id@?$TObjectUniqueID@UILibrary@libmedia@UModSys@@@tl@UModSys@@2USUniquePointer@core@3@A@@YAXXZ 000000018003ecf4 f    CIL library: CIL module
 0001:0003dd00       ??__F?s_id@?$TObjectUniqueID@UIBinObjFilter@libmedia@UModSys@@@tl@UModSys@@2USUniquePointer@core@3@A@@YAXXZ 000000018003ed00 f    CIL library: CIL module
 0001:0003dd0c       ??__F?s_id@?$TObjectUniqueID@UIBinArchive@libmedia@UModSys@@@tl@UModSys@@2USUniquePointer@core@3@A@@YAXXZ 000000018003ed0c f    CIL library: CIL module
 0001:0003dd18       ??__F?s_id@?$TObjectUniqueID@UILibObject@libmedia@UModSys@@@tl@UModSys@@2USUniquePointer@core@3@A@@YAXXZ 000000018003ed18 f    CIL library: CIL module
 0001:0003dd24       ??__F?s_id@?$TObjectUniqueID@UIUtilities@libmedia@UModSys@@@tl@UModSys@@2USUniquePointer@core@3@A@@YAXXZ 000000018003ed24 f    CIL library: CIL module
 0001:0003dd30       ??__F?s_id@?$TObjectUniqueID@UIStreamWriter@libmedia@UModSys@@@tl@UModSys@@2USUniquePointer@core@3@A@@YAXXZ 000000018003ed30 f    CIL library: CIL module
 0001:0003dd3c       ??__F?s_id@?$TObjectUniqueID@UIStreamReader@libmedia@UModSys@@@tl@UModSys@@2USUniquePointer@core@3@A@@YAXXZ 000000018003ed3c f    CIL library: CIL module
 0001:0003dd48       ??__F?s_id@?$TObjectUniqueID@UISystem@base@UModSys@@@tl@UModSys@@2USUniquePointer@core@3@A@@YAXXZ 000000018003ed48 f    CIL library: CIL module
 0001:0003dd54       ??__F?s_id@?$TObjectUniqueID@UIShell@base@UModSys@@@tl@UModSys@@2USUniquePointer@core@3@A@@YAXXZ 000000018003ed54 f    CIL library: CIL module
 0001:0003dd60       ??__F?s_id@?$TObjectUniqueID@UIGenerator@base@UModSys@@@tl@UModSys@@2USUniquePointer@core@3@A@@YAXXZ 000000018003ed60 f    CIL library: CIL module
 0001:0003dd6c       ??__F?s_id@?$TObjectUniqueID@UIModObject@base@UModSys@@@tl@UModSys@@2USUniquePointer@core@3@A@@YAXXZ 000000018003ed6c f    CIL library: CIL module
 0001:0003dd78       ??__F?s_id@?$TObjectUniqueID@UIModuleLibrary@base@UModSys@@@tl@UModSys@@2USUniquePointer@core@3@A@@YAXXZ 000000018003ed78 f    CIL library: CIL module
 0001:0003dd84       ??__F?s_id@?$TObjectUniqueID@UIModule@base@UModSys@@@tl@UModSys@@2USUniquePointer@core@3@A@@YAXXZ 000000018003ed84 f    CIL library: CIL module
 0001:0003dd90       ??__F?s_id@?$TObjectUniqueID@UIConsole@base@UModSys@@@tl@UModSys@@2USUniquePointer@core@3@A@@YAXXZ 000000018003ed90 f    CIL library: CIL module
 0001:0003dd9c       ??__F?s_id@?$TObjectUniqueID@UIParameters@core@UModSys@@@tl@UModSys@@2USUniquePointer@core@3@A@@YAXXZ 000000018003ed9c f    CIL library: CIL module
 0001:0003dda8       ??__F?s_id@?$TObjectUniqueID@UIRefObject@core@UModSys@@@tl@UModSys@@2USUniquePointer@core@3@A@@YAXXZ 000000018003eda8 f    CIL library: CIL module
 0001:0003ddb4       ??__F?s_id@?$TObjectUniqueID@UIRoot@core@UModSys@@@tl@UModSys@@2USUniquePointer@core@3@A@@YAXXZ 000000018003edb4 f    CIL library: CIL module
 0001:0003ddc0       ??__F?s_id@?$TDataUniqueID@F@tl@UModSys@@2USUniquePointer@core@3@A@@YAXXZ 000000018003edc0 f    CIL library: CIL module
 0001:0003ddcc       ??__F?s_id@?$TDataUniqueID@M@tl@UModSys@@2USUniquePointer@core@3@A@@YAXXZ 000000018003edcc f    CIL library: CIL module
 0001:0003ddd8       ??__F?s_id@?$TDataUniqueID@H@tl@UModSys@@2USUniquePointer@core@3@A@@YAXXZ 000000018003edd8 f    CIL library: CIL module
 0001:0003dde4       ??__F?s_id@?$TConstUniqueID@W4eConsoleLevels@base@UModSys@@$00@tl@UModSys@@2USUniquePointer@core@3@A@@YAXXZ 000000018003ede4 f    CIL library: CIL module
 0001:0003ddf0       ??__Fs_dbg@stdlib@lib3d@modules@UModSys@@YAXXZ 000000018003edf0 f    CIL library: CIL module
 0001:0003de14       ??__F?s_modreg@RModuleReg@stdlib@lib3d@modules@UModSys@@2U12345@A@@YAXXZ 000000018003ee14 f    CIL library: CIL module
 0001:0003de24       ??__F?s_modreg_chain@RModuleReg@stdlib@lib3d@modules@UModSys@@2USModuleRegChain@base@5@A@@YAXXZ 000000018003ee24 f    CIL library: CIL module
 0001:0003de30       ??__F?s_uid@RGenerator@stdlib@lib3d@modules@UModSys@@2USUniquePointer@core@5@A@@YAXXZ 000000018003ee30 f    CIL library: CIL module
 0001:0003de3c       ??__Fh@?1??s_holder@RGenerator@stdlib@lib3d@modules@UModSys@@SAAEAU?$TTypeStaticHolder@URGenerator@stdlib@lib3d@modules@UModSys@@@tl@5@XZ@YAXXZ 000000018003ee3c f    CIL library: CIL module
 0001:0003de64       ??__F?s_id@?$TObjectUniqueID@URGenerator@stdlib@lib3d@modules@UModSys@@@tl@UModSys@@2USUniquePointer@core@3@A@@YAXXZ 000000018003ee64 f    CIL library: CIL module
 0001:0003de70       ??__F?s_id@?$TObjectUniqueID@URVisual@object_camera@stdlib@lib3d@modules@UModSys@@@tl@UModSys@@2USUniquePointer@core@3@A@@YAXXZ 000000018003ee70 f    CIL library: CIL module
 0001:0003de7c       ??__F?s_id@?$TObjectUniqueID@URGeneral@object_camera@stdlib@lib3d@modules@UModSys@@@tl@UModSys@@2USUniquePointer@core@3@A@@YAXXZ 000000018003ee7c f    CIL library: CIL module
 0001:0003de88       ??__F?s_id@?$TObjectUniqueID@URVisual@object_primitive@stdlib@lib3d@modules@UModSys@@@tl@UModSys@@2USUniquePointer@core@3@A@@YAXXZ 000000018003ee88 f    CIL library: CIL module
 0001:0003de94       ??__F?s_id@?$TObjectUniqueID@URRender@object_primitive@stdlib@lib3d@modules@UModSys@@@tl@UModSys@@2USUniquePointer@core@3@A@@YAXXZ 000000018003ee94 f    CIL library: CIL module
 0001:0003dea0       ??__F?s_id@?$TObjectUniqueID@URGeneral@object_primitive@stdlib@lib3d@modules@UModSys@@@tl@UModSys@@2USUniquePointer@core@3@A@@YAXXZ 000000018003eea0 f    CIL library: CIL module
 0001:0003deac       ??__F?s_id@?$TObjectUniqueID@URVisualSceneMapper_Direct@stdlib@lib3d@modules@UModSys@@@tl@UModSys@@2USUniquePointer@core@3@A@@YAXXZ 000000018003eeac f    CIL library: CIL module
 0001:0003deb8       ??__F?s_id@?$TObjectUniqueID@URVisualizerScene@stdlib@lib3d@modules@UModSys@@@tl@UModSys@@2USUniquePointer@core@3@A@@YAXXZ 000000018003eeb8 f    CIL library: CIL module
 0001:0003dec4       ??__F?s_id@?$TObjectUniqueID@URRenderer@stdlib@lib3d@modules@UModSys@@@tl@UModSys@@2USUniquePointer@core@3@A@@YAXXZ 000000018003eec4 f    CIL library: CIL module
 0001:0003ded0       ??__Fs_dbg@stdlib@lib2d@modules@UModSys@@YAXXZ 000000018003eed0 f    CIL library: CIL module
 0001:0003def4       ??__F?s_modreg@RModuleReg@stdlib@lib2d@modules@UModSys@@2U12345@A@@YAXXZ 000000018003eef4 f    CIL library: CIL module
 0001:0003df04       ??__F?s_modreg_chain@RModuleReg@stdlib@lib2d@modules@UModSys@@2USModuleRegChain@base@5@A@@YAXXZ 000000018003ef04 f    CIL library: CIL module
 0001:0003df10       ??__F?s_uid@RGenerator@stdlib@lib2d@modules@UModSys@@2USUniquePointer@core@5@A@@YAXXZ 000000018003ef10 f    CIL library: CIL module
 0001:0003df1c       ??__Fh@?1??s_holder@RGenerator@stdlib@lib2d@modules@UModSys@@SAAEAU?$TTypeStaticHolder@URGenerator@stdlib@lib2d@modules@UModSys@@@tl@5@XZ@YAXXZ 000000018003ef1c f    CIL library: CIL module
 0001:0003df44       ??__F?s_id@?$TObjectUniqueID@URGenerator@stdlib@lib2d@modules@UModSys@@@tl@UModSys@@2USUniquePointer@core@3@A@@YAXXZ 000000018003ef44 f    CIL library: CIL module
 0001:0003df50       ??__F?s_id@?$TObjectUniqueID@URMultiImage@stdlib@lib2d@modules@UModSys@@@tl@UModSys@@2USUniquePointer@core@3@A@@YAXXZ 000000018003ef50 f    CIL library: CIL module
 0001:0003df5c       ??__F?s_id@?$TObjectUniqueID@URImageFactory_Memory@stdlib@lib2d@modules@UModSys@@@tl@UModSys@@2USUniquePointer@core@3@A@@YAXXZ 000000018003ef5c f    CIL library: CIL module
 0001:0003df68       ??__F?s_id@?$TObjectUniqueID@URImage_Memory@stdlib@lib2d@modules@UModSys@@@tl@UModSys@@2USUniquePointer@core@3@A@@YAXXZ 000000018003ef68 f    CIL library: CIL module
 0001:0003df74       ??__Fs_dbg@SDL_GL@ui@modules@UModSys@@YAXXZ 000000018003ef74 f    CIL library: CIL module
 0001:0003df98       ??__F?s_modreg@RModuleReg@SDL_GL@ui@modules@UModSys@@2U12345@A@@YAXXZ 000000018003ef98 f    CIL library: CIL module
 0001:0003dfa8       ??__F?s_modreg_chain@RModuleReg@SDL_GL@ui@modules@UModSys@@2USModuleRegChain@base@5@A@@YAXXZ 000000018003efa8 f    CIL library: CIL module
 0001:0003dfb4       ??__F?s_uid@RGenerator@SDL_GL@ui@modules@UModSys@@2USUniquePointer@core@5@A@@YAXXZ 000000018003efb4 f    CIL library: CIL module
 0001:0003dfc0       ??__Fh@?1??s_holder@RGenerator@SDL_GL@ui@modules@UModSys@@SAAEAU?$TTypeStaticHolder@URGenerator@SDL_GL@ui@modules@UModSys@@@tl@5@XZ@YAXXZ 000000018003efc0 f    CIL library: CIL module
 0001:0003dfe8       ??__F?s_id@?$TObjectUniqueID@URGenerator@SDL_GL@ui@modules@UModSys@@@tl@UModSys@@2USUniquePointer@core@3@A@@YAXXZ 000000018003efe8 f    CIL library: CIL module
 0001:0003dff4       ??__F?s_id@?$TObjectUniqueID@URVertexArray@SDL_GL@ui@modules@UModSys@@@tl@UModSys@@2USUniquePointer@core@3@A@@YAXXZ 000000018003eff4 f    CIL library: CIL module
 0001:0003e000       ??__F?s_id@?$TObjectUniqueID@URTerminalX@SDL_GL@ui@modules@UModSys@@@tl@UModSys@@2USUniquePointer@core@3@A@@YAXXZ 000000018003f000 f    CIL library: CIL module
 0001:0003e00c       ??__F?s_id@?$TObjectUniqueID@URRenderDriver3D@SDL_GL@ui@modules@UModSys@@@tl@UModSys@@2USUniquePointer@core@3@A@@YAXXZ 000000018003f00c f    CIL library: CIL module
 0001:0003e018       ??__F?s_id@?$TObjectUniqueID@URMultiImage2D_SDL_ttf@SDL_GL@ui@modules@UModSys@@@tl@UModSys@@2USUniquePointer@core@3@A@@YAXXZ 000000018003f018 f    CIL library: CIL module
 0001:0003e024       ??__F?s_id@?$TObjectUniqueID@URTerminal@SDL_GL@ui@modules@UModSys@@@tl@UModSys@@2USUniquePointer@core@3@A@@YAXXZ 000000018003f024 f    CIL library: CIL module
 0001:0003e030       ??__F?s_id@?$TObjectUniqueID@URMouseController@SDL_GL@ui@modules@UModSys@@@tl@UModSys@@2USUniquePointer@core@3@A@@YAXXZ 000000018003f030 f    CIL library: CIL module
 0001:0003e03c       ??__F?s_id@?$TObjectUniqueID@URKeyboardController@SDL_GL@ui@modules@UModSys@@@tl@UModSys@@2USUniquePointer@core@3@A@@YAXXZ 000000018003f03c f    CIL library: CIL module
 0001:0003e048       ??__Fs_dbg@SDL_core@ui@modules@UModSys@@YAXXZ 000000018003f048 f    CIL library: CIL module
 0001:0003e06c       ??__F?s_modreg@RModuleReg@SDL_core@ui@modules@UModSys@@2U12345@A@@YAXXZ 000000018003f06c f    CIL library: CIL module
 0001:0003e07c       ??__F?s_modreg_chain@RModuleReg@SDL_core@ui@modules@UModSys@@2USModuleRegChain@base@5@A@@YAXXZ 000000018003f07c f    CIL library: CIL module
 0001:0003e088       ??__F?s_uid@RGenerator@SDL_core@ui@modules@UModSys@@2USUniquePointer@core@5@A@@YAXXZ 000000018003f088 f    CIL library: CIL module
 0001:0003e094       ??__Fh@?1??s_holder@RGenerator@SDL_core@ui@modules@UModSys@@SAAEAU?$TTypeStaticHolder@URGenerator@SDL_core@ui@modules@UModSys@@@tl@5@XZ@YAXXZ 000000018003f094 f    CIL library: CIL module
 0001:0003e0bc       ??__F?s_id@?$TObjectUniqueID@URGenerator@SDL_core@ui@modules@UModSys@@@tl@UModSys@@2USUniquePointer@core@3@A@@YAXXZ 000000018003f0bc f    CIL library: CIL module
 0001:0003e0c8       ??__F?s_id@?$TObjectUniqueID@URTerminalX@SDL_core@ui@modules@UModSys@@@tl@UModSys@@2USUniquePointer@core@3@A@@YAXXZ 000000018003f0c8 f    CIL library: CIL module
 0001:0003e0d4       ??__F?s_id@?$TObjectUniqueID@URRenderDriver2D@SDL_core@ui@modules@UModSys@@@tl@UModSys@@2USUniquePointer@core@3@A@@YAXXZ 000000018003f0d4 f    CIL library: CIL module
 0001:0003e0e0       ??__F?s_id@?$TObjectUniqueID@URMultiImage2D_SDL_ttf@SDL_core@ui@modules@UModSys@@@tl@UModSys@@2USUniquePointer@core@3@A@@YAXXZ 000000018003f0e0 f    CIL library: CIL module
 0001:0003e0ec       ??__F?s_id@?$TObjectUniqueID@URTerminal@SDL_core@ui@modules@UModSys@@@tl@UModSys@@2USUniquePointer@core@3@A@@YAXXZ 000000018003f0ec f    CIL library: CIL module
 0001:0003e0f8       ??__F?s_id@?$TObjectUniqueID@URMouseController@SDL_core@ui@modules@UModSys@@@tl@UModSys@@2USUniquePointer@core@3@A@@YAXXZ 000000018003f0f8 f    CIL library: CIL module
 0001:0003e104       ??__F?s_id@?$TObjectUniqueID@URKeyboardController@SDL_core@ui@modules@UModSys@@@tl@UModSys@@2USUniquePointer@core@3@A@@YAXXZ 000000018003f104 f    CIL library: CIL module
 0001:0003e110       ??__Fs_dbg@frames@ui@modules@UModSys@@YAXXZ 000000018003f110 f    CIL library: CIL module
 0001:0003e134       ??__F?s_modreg@RModuleReg@frames@ui@modules@UModSys@@2U12345@A@@YAXXZ 000000018003f134 f    CIL library: CIL module
 0001:0003e144       ??__F?s_modreg_chain@RModuleReg@frames@ui@modules@UModSys@@2USModuleRegChain@base@5@A@@YAXXZ 000000018003f144 f    CIL library: CIL module
 0001:0003e150       ??__F?s_uid@RGenerator@frames@ui@modules@UModSys@@2USUniquePointer@core@5@A@@YAXXZ 000000018003f150 f    CIL library: CIL module
 0001:0003e15c       ??__Fh@?1??s_holder@RGenerator@frames@ui@modules@UModSys@@SAAEAU?$TTypeStaticHolder@URGenerator@frames@ui@modules@UModSys@@@tl@5@XZ@YAXXZ 000000018003f15c f    CIL library: CIL module
 0001:0003e184       ??__F?s_id@?$TObjectUniqueID@URGenerator@frames@ui@modules@UModSys@@@tl@UModSys@@2USUniquePointer@core@3@A@@YAXXZ 000000018003f184 f    CIL library: CIL module
 0001:0003e190       ??__F?s_id@?$TObjectUniqueID@URCollector@frames@ui@modules@UModSys@@@tl@UModSys@@2USUniquePointer@core@3@A@@YAXXZ 000000018003f190 f    CIL library: CIL module
 0001:0003e19c       ??__F?s_id@?$TObjectUniqueID@URFrame_List@frames@ui@modules@UModSys@@@tl@UModSys@@2USUniquePointer@core@3@A@@YAXXZ 000000018003f19c f    CIL library: CIL module
 0001:0003e1a8       ??__F?s_id@?$TObjectUniqueID@URFrame_Edit@frames@ui@modules@UModSys@@@tl@UModSys@@2USUniquePointer@core@3@A@@YAXXZ 000000018003f1a8 f    CIL library: CIL module
 0001:0003e1b4       ??__F?s_id@?$TObjectUniqueID@URFrame_Button@frames@ui@modules@UModSys@@@tl@UModSys@@2USUniquePointer@core@3@A@@YAXXZ 000000018003f1b4 f    CIL library: CIL module
 0001:0003e1c0       ??__F?s_id@?$TObjectUniqueID@URFrame_Text@frames@ui@modules@UModSys@@@tl@UModSys@@2USUniquePointer@core@3@A@@YAXXZ 000000018003f1c0 f    CIL library: CIL module
 0001:0003e1cc       ??__F?s_id@?$TObjectUniqueID@URFrame_Image@frames@ui@modules@UModSys@@@tl@UModSys@@2USUniquePointer@core@3@A@@YAXXZ 000000018003f1cc f    CIL library: CIL module
 0001:0003e1d8       ??__F?s_id@?$TObjectUniqueID@URFrame_Frame@frames@ui@modules@UModSys@@@tl@UModSys@@2USUniquePointer@core@3@A@@YAXXZ 000000018003f1d8 f    CIL library: CIL module
 0001:0003e1e4       ??__F?s_id@?$TObjectUniqueID@URDialog@frames@ui@modules@UModSys@@@tl@UModSys@@2USUniquePointer@core@3@A@@YAXXZ 000000018003f1e4 f    CIL library: CIL module
 0001:0003e1f0       ??__F?s_id@?$TObjectUniqueID@URFrame_Common@frames@ui@modules@UModSys@@@tl@UModSys@@2USUniquePointer@core@3@A@@YAXXZ 000000018003f1f0 f    CIL library: CIL module
 0001:0003e1fc       ??__Fs_dbg@images_std@media@modules@UModSys@@YAXXZ 000000018003f1fc f    CIL library: CIL module
 0001:0003e220       ??__F?s_modreg@RModuleReg@images_std@media@modules@UModSys@@2U12345@A@@YAXXZ 000000018003f220 f    CIL library: CIL module
 0001:0003e230       ??__F?s_modreg_chain@RModuleReg@images_std@media@modules@UModSys@@2USModuleRegChain@base@5@A@@YAXXZ 000000018003f230 f    CIL library: CIL module
 0001:0003e23c       ??__F?s_uid@RGenerator@images_std@media@modules@UModSys@@2USUniquePointer@core@5@A@@YAXXZ 000000018003f23c f    CIL library: CIL module
 0001:0003e248       ??__Fh@?1??s_holder@RGenerator@images_std@media@modules@UModSys@@SAAEAU?$TTypeStaticHolder@URGenerator@images_std@media@modules@UModSys@@@tl@5@XZ@YAXXZ 000000018003f248 f    CIL library: CIL module
 0001:0003e270       ??__F?s_id@?$TObjectUniqueID@URGenerator@images_std@media@modules@UModSys@@@tl@UModSys@@2USUniquePointer@core@3@A@@YAXXZ 000000018003f270 f    CIL library: CIL module
 0001:0003e27c       ??__F?s_id@?$TObjectUniqueID@URMediaFilter@images_std@media@modules@UModSys@@@tl@UModSys@@2USUniquePointer@core@3@A@@YAXXZ 000000018003f27c f    CIL library: CIL module
 0001:0003e288       ??__Fs_dbg@serialize_json@media@modules@UModSys@@YAXXZ 000000018003f288 f    CIL library: CIL module
 0001:0003e2ac       ??__F?s_modreg@RModuleReg@serialize_json@media@modules@UModSys@@2U12345@A@@YAXXZ 000000018003f2ac f    CIL library: CIL module
 0001:0003e2bc       ??__F?s_modreg_chain@RModuleReg@serialize_json@media@modules@UModSys@@2USModuleRegChain@base@5@A@@YAXXZ 000000018003f2bc f    CIL library: CIL module
 0001:0003e2c8       ??__F?s_uid@RGenerator@serialize_json@media@modules@UModSys@@2USUniquePointer@core@5@A@@YAXXZ 000000018003f2c8 f    CIL library: CIL module
 0001:0003e2d4       ??__Fh@?1??s_holder@RGenerator@serialize_json@media@modules@UModSys@@SAAEAU?$TTypeStaticHolder@URGenerator@serialize_json@media@modules@UModSys@@@tl@5@XZ@YAXXZ 000000018003f2d4 f    CIL library: CIL module
 0001:0003e2fc       ??__F?s_id@?$TObjectUniqueID@URGenerator@serialize_json@media@modules@UModSys@@@tl@UModSys@@2USUniquePointer@core@3@A@@YAXXZ 000000018003f2fc f    CIL library: CIL module
 0001:0003e308       ??__F?s_id@?$TObjectUniqueID@URSerializeWriter@serialize_json@media@modules@UModSys@@@tl@UModSys@@2USUniquePointer@core@3@A@@YAXXZ 000000018003f308 f    CIL library: CIL module
 0001:0003e314       ??__F?s_id@?$TObjectUniqueID@URSerializeReader@serialize_json@media@modules@UModSys@@@tl@UModSys@@2USUniquePointer@core@3@A@@YAXXZ 000000018003f314 f    CIL library: CIL module
 0001:0003e320       ??__Fs_dbg@zlib@media@modules@UModSys@@YAXXZ 000000018003f320 f    CIL library: CIL module
 0001:0003e344       ??__F?s_modreg@RModuleReg@zlib@media@modules@UModSys@@2U12345@A@@YAXXZ 000000018003f344 f    CIL library: CIL module
 0001:0003e354       ??__F?s_modreg_chain@RModuleReg@zlib@media@modules@UModSys@@2USModuleRegChain@base@5@A@@YAXXZ 000000018003f354 f    CIL library: CIL module
 0001:0003e360       ??__F?s_uid@RGenerator@zlib@media@modules@UModSys@@2USUniquePointer@core@5@A@@YAXXZ 000000018003f360 f    CIL library: CIL module
 0001:0003e36c       ??__Fh@?1??s_holder@RGenerator@zlib@media@modules@UModSys@@SAAEAU?$TTypeStaticHolder@URGenerator@zlib@media@modules@UModSys@@@tl@5@XZ@YAXXZ 000000018003f36c f    CIL library: CIL module
 0001:0003e394       ??__F?s_id@?$TObjectUniqueID@URGenerator@zlib@media@modules@UModSys@@@tl@UModSys@@2USUniquePointer@core@3@A@@YAXXZ 000000018003f394 f    CIL library: CIL module
 0001:0003e3a0       ??__F?s_id@?$TObjectUniqueID@URBinArchiveFrameClient_ZIP@zlib@media@modules@UModSys@@@tl@UModSys@@2USUniquePointer@core@3@A@@YAXXZ 000000018003f3a0 f    CIL library: CIL module
 0001:0003e3ac       ??__FM@UModSys@@YAXXZ      000000018003f3ac f    CIL library: CIL module
 0001:0003e3b0       ??__F?root@SModuleRegChain@base@UModSys@@2U123@A@@YAXXZ 000000018003f3b0 f    CIL library: CIL module
 0001:0003e3bc       ??__F?s_library@RModuleLibraryReg_Chain@base@UModSys@@2U123@A@@YAXXZ 000000018003f3bc f    CIL library: CIL module
 0001:0003e3cc       ??__F?root@SUniquePointer@core@UModSys@@2U123@A@@YAXXZ 000000018003f3cc f    CIL library: CIL module

 Exports

  ordinal    name

        1    UModSys_Plugin_Entry2
