 plugin_test1

 Timestamp is 52a71f0e (Tue Dec 10 17:02:54 2013)

 Preferred load address is 0000000180000000

 Start         Length     Name                   Class
 0001:00000000 00015220H .text                   CODE
 0001:00015220 0000005eH .text$00                CODE
 0001:00015280 00001463H .text$x                 CODE
 0001:000166e4 0000121cH .text$yc                CODE
 0001:00017900 000006b4H .text$yd                CODE
 0002:00000000 00000358H .idata$5                DATA
 0002:00000358 00000008H .CRT$XCA                DATA
 0002:00000360 00000f98H .CRT$XCU                DATA
 0002:000012f8 00000008H .CRT$XCZ                DATA
 0002:00001300 00000008H .CRT$XIA                DATA
 0002:00001308 00000008H .CRT$XIAA               DATA
 0002:00001310 00000008H .CRT$XIZ                DATA
 0002:00001320 00004178H .rdata                  DATA
 0002:000054a0 00002594H .rdata$r                DATA
 0002:00007a38 00000008H .rtc$IAA                DATA
 0002:00007a40 00000008H .rtc$IZZ                DATA
 0002:00007a48 00000008H .rtc$TAA                DATA
 0002:00007a50 00000008H .rtc$TZZ                DATA
 0002:00007a58 00002618H .xdata                  DATA
 0002:0000a070 00000064H .idata$2                DATA
 0002:0000a0d4 00000014H .idata$3                DATA
 0002:0000a0e8 00000358H .idata$4                DATA
 0002:0000a440 000007a2H .idata$6                DATA
 0002:0000abf0 00000059H .edata                  DATA
 0003:00000000 00001110H .data                   DATA
 0003:00001110 00001ac0H .bss                    DATA
 0004:00000000 00001c50H .pdata                  DATA

  Address         Publics by Value              Rva+Base               Lib:Object

 0000:00000000       ___safe_se_handler_count   0000000000000000     <absolute>
 0000:00000000       ___safe_se_handler_table   0000000000000000     <absolute>
 0000:00000000       __ImageBase                0000000180000000     <linker-defined>
 0001:00000000       ??6SUniquePtrList@core@UModSys@@QEAAAEAU012@PEBUSUniquePointerInfo@12@@Z 0000000180001000 f i plugin_test1.obj
 0001:000000b8       ??3IRoot@core@UModSys@@SAXPEAXAEBUSIMemAlloc@12@@Z 00000001800010b8 f i plugin_test1.obj
 0001:000000e4       ?bin_reader@ILibrary@libmedia@UModSys@@QEAA?AU?$TRefObject@UIStreamReader@libmedia@UModSys@@U?$TRefObjectFunc@UIStreamReader@libmedia@UModSys@@@tl@3@@tl@3@AEBU?$TString@U?$TSCoreConst@D@su@tl@UModSys@@U?$TComparerBinaryHash@D@234@@53@AEBU?$TFlags4State@USMediaFlagUid@libmedia@UModSys@@I@53@@Z 00000001800010e4 f i plugin_test1.obj
 0001:00000120       ?bin_writer@ILibrary@libmedia@UModSys@@QEAA?AU?$TRefObject@UIStreamWriter@libmedia@UModSys@@U?$TRefObjectFunc@UIStreamWriter@libmedia@UModSys@@@tl@3@@tl@3@AEBU?$TString@U?$TSCoreConst@D@su@tl@UModSys@@U?$TComparerBinaryHash@D@234@@53@AEBU?$TFlags4State@USMediaFlagUid@libmedia@UModSys@@I@53@@Z 0000000180001120 f i plugin_test1.obj
 0001:0000015c       ?mount_add@ILibraryBinTree@libmedia@UModSys@@QEAA_NAEBU?$TString@U?$TSCoreConst@D@su@tl@UModSys@@U?$TComparerBinaryHash@D@234@@tl@3@PEAUIBinArchive@23@H@Z 000000018000115c f i plugin_test1.obj
 0001:000001f0       ?mount_add@ILibraryBinTree@libmedia@UModSys@@QEAA_NAEBU?$TString@U?$TSCoreConst@D@su@tl@UModSys@@U?$TComparerBinaryHash@D@234@@tl@3@HPEAUIBinArchive@23@H@Z 00000001800011f0 f i plugin_test1.obj
 0001:00000288       ??1SPoint@ILibraryBinTree@libmedia@UModSys@@QEAA@XZ 0000000180001288 f i plugin_test1.obj
 0001:00000288       ??1SLayer@ILibraryLayered@libmedia@UModSys@@QEAA@XZ 0000000180001288 f i plugin_test1.obj
 0001:000002ac       ?layer_push@ILibraryLayered@libmedia@UModSys@@QEAA_NPEAUILibrary@23@HAEBU?$TString@U?$TSCoreConst@D@su@tl@UModSys@@U?$TComparerBinaryHash@D@234@@tl@3@@Z 00000001800012ac f i plugin_test1.obj
 0001:0000033c       ??1ISerializeReader@libmedia@UModSys@@UEAA@XZ 000000018000133c f i umodsys_lib_libmedia:umodsys.mod.media.serialize_json.obj
 0001:0000033c       ??1IMultiImage@lib2d@UModSys@@UEAA@XZ 000000018000133c f i umodsys_lib_libui:umodsys.mod.ui.SDL_core.obj
 0001:0000033c       ??1IFrame@libui@UModSys@@UEAA@XZ 000000018000133c f i umodsys_lib_libui:umodsys.mod.ui.frames.obj
 0001:0000033c       ??1ITerminal@libui@UModSys@@UEAA@XZ 000000018000133c f i umodsys_lib_libui:umodsys.mod.ui.SDL_core.obj
 0001:0000033c       ??1IKeyboardController@libui@UModSys@@UEAA@XZ 000000018000133c f i umodsys_lib_libui:umodsys.mod.ui.SDL_core.obj
 0001:0000033c       ??1IDialog@libui@UModSys@@UEAA@XZ 000000018000133c f i umodsys_lib_libui:umodsys.mod.ui.frames.obj
 0001:0000033c       ??1IImage@lib2d@UModSys@@UEAA@XZ 000000018000133c f i umodsys_lib_lib2d:umodsys.mod.2d.stdlib.obj
 0001:0000033c       ??1IBinObjFilter@libmedia@UModSys@@UEAA@XZ 000000018000133c f i plugin_test1.obj
 0001:0000033c       ??1IMouseController@libui@UModSys@@UEAA@XZ 000000018000133c f i umodsys_lib_libui:umodsys.mod.ui.SDL_core.obj
 0001:0000033c       ??1ISerializeWriter@libmedia@UModSys@@UEAA@XZ 000000018000133c f i umodsys_lib_libmedia:umodsys.mod.media.serialize_json.obj
 0001:0000033c       ??1IRenderDriver@lib2d@UModSys@@UEAA@XZ 000000018000133c f i umodsys_lib_libui:umodsys.mod.ui.SDL_core.obj
 0001:0000033c       ??1IShell@base@UModSys@@UEAA@XZ 000000018000133c f i plugin_test1.obj
 0001:0000033c       ??1ICollector@libui@UModSys@@UEAA@XZ 000000018000133c f i umodsys_lib_libui:umodsys.mod.ui.frames.obj
 0001:00000348       ?root_get_interface_info@RTest1_Shell@test1@test@modules@UModSys@@UEBAAEBUSUniquePointerInfo@core@5@XZ 0000000180001348 f i plugin_test1.obj
 0001:00000350       ?root_get_interface_type@RTest1_Shell@test1@test@modules@UModSys@@UEBAPEBUSUniquePointerInfo@core@5@XZ 0000000180001350 f i plugin_test1.obj
 0001:00000358       ?root_get_other_interface@RTest1_Shell@test1@test@modules@UModSys@@UEAAPEAUIRoot@core@5@PEBUSUniquePointerInfo@75@@Z 0000000180001358 f i plugin_test1.obj
 0001:00000358       ?root_get_other_interface@RTest1_Shell@test1@test@modules@UModSys@@UEBAPEBUIRoot@core@5@PEBUSUniquePointerInfo@75@@Z 0000000180001358 f i plugin_test1.obj
 0001:00000388       ?root_is_interface_supported@RTest1_Shell@test1@test@modules@UModSys@@UEBA_NPEBUSUniquePointerInfo@core@5@@Z 0000000180001388 f i plugin_test1.obj
 0001:000003b8       ?ref_add@RTest1_Shell@test1@test@modules@UModSys@@UEBAXXZ 00000001800013b8 f i plugin_test1.obj
 0001:000003bc       ?ref_remove@RTest1_Shell@test1@test@modules@UModSys@@UEBAXXZ 00000001800013bc f i plugin_test1.obj
 0001:000003d4       ?ref_links@RTest1_Shell@test1@test@modules@UModSys@@UEBAHXZ 00000001800013d4 f i plugin_test1.obj
 0001:000003d8       ?ref_weak@RTest1_Shell@test1@test@modules@UModSys@@UEBA_NAEAUWeakPointer@IRefObject@core@5@@Z 00000001800013d8 f i plugin_test1.obj
 0001:000003f8       ?suicide@RTest1_Shell@test1@test@modules@UModSys@@UEAAXXZ 00000001800013f8 f i plugin_test1.obj
 0001:00000444       ??0RTest1_Shell@test1@test@modules@UModSys@@QEAA@PEAUIModObject@base@4@@Z 0000000180001444 f i plugin_test1.obj
 0001:0000057c       ?connect@RTest1_Shell@test1@test@modules@UModSys@@UEAA_NXZ 000000018000157c f i plugin_test1.obj
 0001:000005a0       ?disconnect@RTest1_Shell@test1@test@modules@UModSys@@UEAA_NXZ 00000001800015a0 f i plugin_test1.obj
 0001:000005c4       ?process_tick@RTest1_Shell@test1@test@modules@UModSys@@UEAA_NAEBUSTimeMsec@core@5@@Z 00000001800015c4 f i plugin_test1.obj
 0001:000005fc       ?process_command@RTest1_Shell@test1@test@modules@UModSys@@UEAA_NHQEBU?$TString@U?$TSCoreConst@D@su@tl@UModSys@@U?$TComparerBinaryHash@D@234@@tl@5@@Z 00000001800015fc f i plugin_test1.obj
 0001:00000620       ??_GRTest1_Shell@test1@test@modules@UModSys@@UEAAPEAXI@Z 0000000180001620 f i plugin_test1.obj
 0001:00000620       ??_ERTest1_Shell@test1@test@modules@UModSys@@UEAAPEAXI@Z 0000000180001620 f i  CIL library: CIL module
 0001:000006e4       ?new_mem_image@RTest1_Shell@test1@test@modules@UModSys@@QEAA?AU?$TRefObject@UIImage@lib2d@UModSys@@U?$TRefObjectFunc@UIImage@lib2d@UModSys@@@tl@3@@tl@5@XZ 00000001800016e4 f   plugin_test1.obj
 0001:000007c0       ??1SParameters@core@UModSys@@QEAA@XZ 00000001800017c0 f i plugin_test1.obj
 0001:000007c0       ??1?$TParametersA@$0BAA@@core@UModSys@@QEAA@XZ 00000001800017c0 f i umodsys_lib_libui:umodsys.mod.ui.SDL_core.obj
 0001:000007c0       ??1?$TParametersA@$0EAA@@core@UModSys@@QEAA@XZ 00000001800017c0 f i plugin_test1.obj
 0001:000007dc       ?media_arch_stdio@RTest1_Shell@test1@test@modules@UModSys@@QEAA?AU?$TRefObject@UIBinArchive@libmedia@UModSys@@U?$TRefObjectFunc@UIBinArchive@libmedia@UModSys@@@tl@3@@tl@5@AEBU?$TString@U?$TSCoreConst@D@su@tl@UModSys@@U?$TComparerBinaryHash@D@234@@75@@Z 00000001800017dc f   plugin_test1.obj
 0001:000008e0       ?media_filter_new@RTest1_Shell@test1@test@modules@UModSys@@QEAA?AU?$TRefObject@UIBinObjFilter@libmedia@UModSys@@U?$TRefObjectFunc@UIBinObjFilter@libmedia@UModSys@@@tl@3@@tl@5@AEBU?$TString@U?$TSCoreConst@D@su@tl@UModSys@@U?$TComparerBinaryHash@D@234@@75@AEBUSParameters@core@5@@Z 00000001800018e0 f   plugin_test1.obj
 0001:000009bc       ?media_vfs@RTest1_Shell@test1@test@modules@UModSys@@QEAA?AU?$TRefObject@UILibraryBinTree@libmedia@UModSys@@U?$TRefObjectFunc@UILibraryBinTree@libmedia@UModSys@@@tl@3@@tl@5@XZ 00000001800019bc f   plugin_test1.obj
 0001:00000a98       ?media_flt@RTest1_Shell@test1@test@modules@UModSys@@QEAA?AU?$TRefObject@UILibraryObjFilter@libmedia@UModSys@@U?$TRefObjectFunc@UILibraryObjFilter@libmedia@UModSys@@@tl@3@@tl@5@XZ 0000000180001a98 f   plugin_test1.obj
 0001:00000b74       ?media_lay@RTest1_Shell@test1@test@modules@UModSys@@QEAA?AU?$TRefObject@UILibraryLayered@libmedia@UModSys@@U?$TRefObjectFunc@UILibraryLayered@libmedia@UModSys@@@tl@3@@tl@5@XZ 0000000180001b74 f   plugin_test1.obj
 0001:00000c50       ?media_cache@RTest1_Shell@test1@test@modules@UModSys@@QEAA?AU?$TRefObject@UILibrary@libmedia@UModSys@@U?$TRefObjectFunc@UILibrary@libmedia@UModSys@@@tl@3@@tl@5@_N@Z 0000000180001c50 f   plugin_test1.obj
 0001:00000df4       ?file_test6@RTest1_Shell@test1@test@modules@UModSys@@QEAAXXZ 0000000180001df4 f   plugin_test1.obj
 0001:00001bd0       ?key_pressed@RTest1_Shell@test1@test@modules@UModSys@@UEAA_NAEBUSKeyboardInputRaw@libui@5@@Z 0000000180002bd0 f   plugin_test1.obj
 0001:00001c30       ?key_text@RTest1_Shell@test1@test@modules@UModSys@@UEAA_NAEBUSKeyboardInputText@libui@5@@Z 0000000180002c30 f   plugin_test1.obj
 0001:00001c78       ?mouse_event@RTest1_Shell@test1@test@modules@UModSys@@UEAA_NAEBUSMouseInput@libui@5@@Z 0000000180002c78 f   plugin_test1.obj
 0001:00001d1c       ?command@RTest1_Shell@test1@test@modules@UModSys@@UEAA_NAEBUSController@libui@5@HAEBUSFrameDataIn@75@@Z 0000000180002d1c f   plugin_test1.obj
 0001:00001d6c       ?db_get@RTest1_Shell@test1@test@modules@UModSys@@UEAA_NAEBUSController@libui@5@QEBDAEBUSFrameDataOut@75@@Z 0000000180002d6c f   plugin_test1.obj
 0001:00001dd0       ?db_get@RTest1_Shell@test1@test@modules@UModSys@@UEAA_NAEBUSController@libui@5@QEBDHAEBUSFrameDataOut@75@@Z 0000000180002dd0 f   plugin_test1.obj
 0001:00001e7c       ?get_generated_names@RGenerator@test1@test@modules@UModSys@@UEBAHAEAUSUniquePtrList@core@5@@Z 0000000180002e7c f i plugin_test1.obj
 0001:00001e9c       ?get_generated_types@RGenerator@test1@test@modules@UModSys@@UEBAHAEAUSUniquePtrList@core@5@PEBUSUniquePointerInfo@75@@Z 0000000180002e9c f i plugin_test1.obj
 0001:00001ef8       ?generate@RGenerator@test1@test@modules@UModSys@@UEAA_NAEAU?$TRefObject@UIRefObject@core@UModSys@@U?$TRefObjectFunc@UIRefObject@core@UModSys@@@tl@3@@tl@5@PEBUSUniquePointerInfo@core@5@AEBUSParameters@95@@Z 0000000180002ef8 f i plugin_test1.obj
 0001:00001fbc       ?root_get_interface_info@RGenerator@test1@test@modules@UModSys@@UEBAAEBUSUniquePointerInfo@core@5@XZ 0000000180002fbc f i plugin_test1.obj
 0001:00001fc4       ?root_get_interface_type@RGenerator@test1@test@modules@UModSys@@UEBAPEBUSUniquePointerInfo@core@5@XZ 0000000180002fc4 f i plugin_test1.obj
 0001:00001fcc       ?root_get_other_interface@RGenerator@test1@test@modules@UModSys@@UEBAPEBUIRoot@core@5@PEBUSUniquePointerInfo@75@@Z 0000000180002fcc f i plugin_test1.obj
 0001:00001fcc       ?root_get_other_interface@RGenerator@test1@test@modules@UModSys@@UEAAPEAUIRoot@core@5@PEBUSUniquePointerInfo@75@@Z 0000000180002fcc f i plugin_test1.obj
 0001:00002004       ?root_is_interface_supported@RGenerator@test1@test@modules@UModSys@@UEBA_NPEBUSUniquePointerInfo@core@5@@Z 0000000180003004 f i plugin_test1.obj
 0001:0000203c       ?suicide@RGenerator@serialize_json@media@modules@UModSys@@UEAAXXZ 000000018000303c f i umodsys_lib_libmedia:umodsys.mod.media.serialize_json.obj
 0001:0000203c       ?suicide@RGenerator@stdlib@lib2d@modules@UModSys@@UEAAXXZ 000000018000303c f i umodsys_lib_lib2d:umodsys.mod.2d.stdlib.obj
 0001:0000203c       ?suicide@RGenerator@SDL_core@ui@modules@UModSys@@UEAAXXZ 000000018000303c f i umodsys_lib_libui:umodsys.mod.ui.SDL_core.obj
 0001:0000203c       ?render_box@RRenderDriver2D@SDL_core@ui@modules@UModSys@@UEAAXPEAUIImage@lib2d@5@AEBU?$TVector2@H@math3d@5@1AEBU?$TVector2@M@95@2@Z 000000018000303c f i umodsys_lib_libui:umodsys.mod.ui.SDL_core.obj
 0001:0000203c       ?suicide@RGenerator@test1@test@modules@UModSys@@UEAAXXZ 000000018000303c f i plugin_test1.obj
 0001:0000203c       ??3@YAXPEAX0@Z             000000018000303c f i plugin_test1.obj
 0001:0000203c       ?suicide@RGenerator@images_std@media@modules@UModSys@@UEAAXXZ 000000018000303c f i umodsys_lib_libmedia:umodsys.mod.media.images_std.obj
 0001:0000203c       ?suicide@RGenerator@frames@ui@modules@UModSys@@UEAAXXZ 000000018000303c f i umodsys_lib_libui:umodsys.mod.ui.frames.obj
 0001:00002040       ?get_uid@RGenerator@test1@test@modules@UModSys@@UEBAPEBUSUniquePointerInfo@core@5@XZ 0000000180003040 f i plugin_test1.obj
 0001:00002048       ?do_open@RModuleReg@test1@test@modules@UModSys@@UEAA_NXZ 0000000180003048 f i plugin_test1.obj
 0001:000020d4       ?do_close@RModuleReg@test1@test@modules@UModSys@@UEAA_NXZ 00000001800030d4 f i plugin_test1.obj
 0001:0000213c       ??_GRModuleReg@serialize_json@media@modules@UModSys@@UEAAPEAXI@Z 000000018000313c f i umodsys_lib_libmedia:umodsys.mod.media.serialize_json.obj
 0001:0000213c       ??_GRModuleReg@SDL_core@ui@modules@UModSys@@UEAAPEAXI@Z 000000018000313c f i umodsys_lib_libui:umodsys.mod.ui.SDL_core.obj
 0001:0000213c       ??_ERModuleReg@images_std@media@modules@UModSys@@UEAAPEAXI@Z 000000018000313c f i  CIL library: CIL module
 0001:0000213c       ??_EIModuleReg@base@UModSys@@UEAAPEAXI@Z 000000018000313c f i  CIL library: CIL module
 0001:0000213c       ??_ERModuleReg@test1@test@modules@UModSys@@UEAAPEAXI@Z 000000018000313c f i  CIL library: CIL module
 0001:0000213c       ??_ERModuleReg@frames@ui@modules@UModSys@@UEAAPEAXI@Z 000000018000313c f i  CIL library: CIL module
 0001:0000213c       ??_GRModuleReg@images_std@media@modules@UModSys@@UEAAPEAXI@Z 000000018000313c f i umodsys_lib_libmedia:umodsys.mod.media.images_std.obj
 0001:0000213c       ??_GIModuleReg@base@UModSys@@UEAAPEAXI@Z 000000018000313c f i umodsys_lib_base:umodsys.base.modulereg.obj
 0001:0000213c       ??_GRModuleReg@test1@test@modules@UModSys@@UEAAPEAXI@Z 000000018000313c f i plugin_test1.obj
 0001:0000213c       ??_GRModuleReg@frames@ui@modules@UModSys@@UEAAPEAXI@Z 000000018000313c f i umodsys_lib_libui:umodsys.mod.ui.frames.obj
 0001:0000213c       ??_ERModuleReg@stdlib@lib2d@modules@UModSys@@UEAAPEAXI@Z 000000018000313c f i  CIL library: CIL module
 0001:0000213c       ??_ERModuleReg@SDL_core@ui@modules@UModSys@@UEAAPEAXI@Z 000000018000313c f i  CIL library: CIL module
 0001:0000213c       ??_GRModuleReg@stdlib@lib2d@modules@UModSys@@UEAAPEAXI@Z 000000018000313c f i umodsys_lib_lib2d:umodsys.mod.2d.stdlib.obj
 0001:0000213c       ??_ERModuleReg@serialize_json@media@modules@UModSys@@UEAAPEAXI@Z 000000018000313c f i  CIL library: CIL module
 0001:00002164       ?get_module@RGenerator@test1@test@modules@UModSys@@UEBAPEAUIModule@base@5@XZ 0000000180003164 f   plugin_test1.obj
 0001:0000216c       ?mod_inc@RGenerator@test1@test@modules@UModSys@@UEBA_NXZ 000000018000316c f   plugin_test1.obj
 0001:0000217c       ?mod_dec@RGenerator@test1@test@modules@UModSys@@UEBA_NXZ 000000018000317c f   plugin_test1.obj
 0001:00002190       ?s_holder@RGenerator@test1@test@modules@UModSys@@SAAEAU?$TTypeStaticHolder@URGenerator@test1@test@modules@UModSys@@@tl@5@XZ 0000000180003190 f   plugin_test1.obj
 0001:000021d4       ??0?$TString@U?$TSCoreConst@D@su@tl@UModSys@@U?$TComparerBinaryHash@D@234@@tl@UModSys@@QEAA@PEBD@Z 00000001800031d4 f i plugin_test1.obj
 0001:00002240       ??1?$TRefObject@URTerminal@SDL_core@ui@modules@UModSys@@U?$TRefObjectFunc@URTerminal@SDL_core@ui@modules@UModSys@@@tl@5@@tl@UModSys@@QEAA@XZ 0000000180003240 f i umodsys_lib_libui:umodsys.mod.ui.SDL_core.obj
 0001:00002240       ??1?$TRefObject@URSerializeWriter@serialize_json@media@modules@UModSys@@U?$TRefObjectFunc@URSerializeWriter@serialize_json@media@modules@UModSys@@@tl@5@@tl@UModSys@@QEAA@XZ 0000000180003240 f i umodsys_lib_libmedia:umodsys.mod.media.serialize_json.obj
 0001:00002240       ??1?$TRefObject@UILibraryLayered@libmedia@UModSys@@U?$TRefObjectFunc@UILibraryLayered@libmedia@UModSys@@@tl@3@@tl@UModSys@@QEAA@XZ 0000000180003240 f i plugin_test1.obj
 0001:00002240       ??1?$TRefObject@UILibraryObjCache@libmedia@UModSys@@U?$TRefObjectFunc@UILibraryObjCache@libmedia@UModSys@@@tl@3@@tl@UModSys@@QEAA@XZ 0000000180003240 f i plugin_test1.obj
 0001:00002240       ??1?$TRefObject@UILibraryBinCache@libmedia@UModSys@@U?$TRefObjectFunc@UILibraryBinCache@libmedia@UModSys@@@tl@3@@tl@UModSys@@QEAA@XZ 0000000180003240 f i plugin_test1.obj
 0001:00002240       ??1?$TRefObject@UIStreamWriter@libmedia@UModSys@@U?$TRefObjectFunc@UIStreamWriter@libmedia@UModSys@@@tl@3@@tl@UModSys@@QEAA@XZ 0000000180003240 f i plugin_test1.obj
 0001:00002240       ??1?$TRefObject@UITerminal@libui@UModSys@@U?$TRefObjectFunc@UITerminal@libui@UModSys@@@tl@3@@tl@UModSys@@QEAA@XZ 0000000180003240 f i plugin_test1.obj
 0001:00002240       ??1?$TRefObject@URKeyboardController@SDL_core@ui@modules@UModSys@@U?$TRefObjectFunc@URKeyboardController@SDL_core@ui@modules@UModSys@@@tl@5@@tl@UModSys@@QEAA@XZ 0000000180003240 f i umodsys_lib_libui:umodsys.mod.ui.SDL_core.obj
 0001:00002240       ??1?$TRefObject@UIImage@lib2d@UModSys@@U?$TRefObjectFunc@UIImage@lib2d@UModSys@@@tl@3@@tl@UModSys@@QEAA@XZ 0000000180003240 f i plugin_test1.obj
 0001:00002240       ??1?$TRefObject@URRenderDriver2D@SDL_core@ui@modules@UModSys@@U?$TRefObjectFunc@URRenderDriver2D@SDL_core@ui@modules@UModSys@@@tl@5@@tl@UModSys@@QEAA@XZ 0000000180003240 f i umodsys_lib_libui:umodsys.mod.ui.SDL_core.obj
 0001:00002240       ??1?$TRefObject@UIFrame@libui@UModSys@@U?$TRefObjectFunc@UIFrame@libui@UModSys@@@tl@3@@tl@UModSys@@QEAA@XZ 0000000180003240 f i umodsys_lib_libui:umodsys.mod.ui.frames.obj
 0001:00002240       ??1?$TRefObject@UIRenderDriver@lib2d@UModSys@@U?$TRefObjectFunc@UIRenderDriver@lib2d@UModSys@@@tl@3@@tl@UModSys@@QEAA@XZ 0000000180003240 f i plugin_test1.obj
 0001:00002240       ??1?$TRefObject@UISerializeWriter@libmedia@UModSys@@U?$TRefObjectFunc@UISerializeWriter@libmedia@UModSys@@@tl@3@@tl@UModSys@@QEAA@XZ 0000000180003240 f i plugin_test1.obj
 0001:00002240       ??1?$TRefObject@URImage_Memory@stdlib@lib2d@modules@UModSys@@U?$TRefObjectFunc@URImage_Memory@stdlib@lib2d@modules@UModSys@@@tl@5@@tl@UModSys@@QEAA@XZ 0000000180003240 f i umodsys_lib_lib2d:umodsys.mod.2d.stdlib.obj
 0001:00002240       ??1?$TRefObject@UIKeyboardController@libui@UModSys@@U?$TRefObjectFunc@UIKeyboardController@libui@UModSys@@@tl@3@@tl@UModSys@@QEAA@XZ 0000000180003240 f i plugin_test1.obj
 0001:00002240       ??1?$TRefObject@UISerializeReader@libmedia@UModSys@@U?$TRefObjectFunc@UISerializeReader@libmedia@UModSys@@@tl@3@@tl@UModSys@@QEAA@XZ 0000000180003240 f i plugin_test1.obj
 0001:00002240       ??1?$TRefObject@UIMouseController@libui@UModSys@@U?$TRefObjectFunc@UIMouseController@libui@UModSys@@@tl@3@@tl@UModSys@@QEAA@XZ 0000000180003240 f i plugin_test1.obj
 0001:00002240       ??1?$TRefObject@UIBinArchive@libmedia@UModSys@@U?$TRefObjectFunc@UIBinArchive@libmedia@UModSys@@@tl@3@@tl@UModSys@@QEAA@XZ 0000000180003240 f i plugin_test1.obj
 0001:00002240       ??1?$TRefObject@UIMultiImage@lib2d@UModSys@@U?$TRefObjectFunc@UIMultiImage@lib2d@UModSys@@@tl@3@@tl@UModSys@@QEAA@XZ 0000000180003240 f i plugin_test1.obj
 0001:00002240       ??1?$TRefObject@UILibraryObjFilter@libmedia@UModSys@@U?$TRefObjectFunc@UILibraryObjFilter@libmedia@UModSys@@@tl@3@@tl@UModSys@@QEAA@XZ 0000000180003240 f i plugin_test1.obj
 0001:00002240       ??1?$TRefObject@URSerializeReader@serialize_json@media@modules@UModSys@@U?$TRefObjectFunc@URSerializeReader@serialize_json@media@modules@UModSys@@@tl@5@@tl@UModSys@@QEAA@XZ 0000000180003240 f i umodsys_lib_libmedia:umodsys.mod.media.serialize_json.obj
 0001:00002240       ??1?$TRefObject@URMultiImage2D_SDL_ttf@SDL_core@ui@modules@UModSys@@U?$TRefObjectFunc@URMultiImage2D_SDL_ttf@SDL_core@ui@modules@UModSys@@@tl@5@@tl@UModSys@@QEAA@XZ 0000000180003240 f i umodsys_lib_libui:umodsys.mod.ui.SDL_core.obj
 0001:00002240       ??1?$TRefObject@UILibraryBinTree@libmedia@UModSys@@U?$TRefObjectFunc@UILibraryBinTree@libmedia@UModSys@@@tl@3@@tl@UModSys@@QEAA@XZ 0000000180003240 f i plugin_test1.obj
 0001:00002240       ??1?$TRefObject@UIStreamReader@libmedia@UModSys@@U?$TRefObjectFunc@UIStreamReader@libmedia@UModSys@@@tl@3@@tl@UModSys@@QEAA@XZ 0000000180003240 f i plugin_test1.obj
 0001:00002240       ??1?$TRefObject@URCollector@frames@ui@modules@UModSys@@U?$TRefObjectFunc@URCollector@frames@ui@modules@UModSys@@@tl@5@@tl@UModSys@@QEAA@XZ 0000000180003240 f i umodsys_lib_libui:umodsys.mod.ui.frames.obj
 0001:00002240       ??1?$TRefObject@UIRefObject@core@UModSys@@U?$TRefObjectFunc@UIRefObject@core@UModSys@@@tl@3@@tl@UModSys@@QEAA@XZ 0000000180003240 f i plugin_test1.obj
 0001:00002240       ??1?$TRefObject@URMouseController@SDL_core@ui@modules@UModSys@@U?$TRefObjectFunc@URMouseController@SDL_core@ui@modules@UModSys@@@tl@5@@tl@UModSys@@QEAA@XZ 0000000180003240 f i umodsys_lib_libui:umodsys.mod.ui.SDL_core.obj
 0001:00002240       ??1?$TRefObject@UILibrary@libmedia@UModSys@@U?$TRefObjectFunc@UILibrary@libmedia@UModSys@@@tl@3@@tl@UModSys@@QEAA@XZ 0000000180003240 f i plugin_test1.obj
 0001:00002240       ??1?$TRefObject@URDialog@frames@ui@modules@UModSys@@U?$TRefObjectFunc@URDialog@frames@ui@modules@UModSys@@@tl@5@@tl@UModSys@@QEAA@XZ 0000000180003240 f i umodsys_lib_libui:umodsys.mod.ui.frames.obj
 0001:00002240       ??1?$TRefObject@URMediaFilter@images_std@media@modules@UModSys@@U?$TRefObjectFunc@URMediaFilter@images_std@media@modules@UModSys@@@tl@5@@tl@UModSys@@QEAA@XZ 0000000180003240 f i umodsys_lib_libmedia:umodsys.mod.media.images_std.obj
 0001:00002240       ??1?$TRefObject@URFrame_Common@frames@ui@modules@UModSys@@U?$TRefObjectFunc@URFrame_Common@frames@ui@modules@UModSys@@@tl@5@@tl@UModSys@@QEAA@XZ 0000000180003240 f i umodsys_lib_libui:umodsys.mod.ui.frames.obj
 0001:00002240       ??1?$TRefObject@UIBinObjFilter@libmedia@UModSys@@U?$TRefObjectFunc@UIBinObjFilter@libmedia@UModSys@@@tl@3@@tl@UModSys@@QEAA@XZ 0000000180003240 f i plugin_test1.obj
 0001:00002264       ?info_new@?$TSCoreShared@USIMemAlloc@core@UModSys@@D@su@tl@UModSys@@QEAA_NPEBD_K@Z 0000000180003264 f i plugin_test1.obj
 0001:00002324       ??$generate_type@UIImage@lib2d@UModSys@@@RTest1_Shell@test1@test@modules@UModSys@@QEAA?AU?$TRefObject@UIImage@lib2d@UModSys@@U?$TRefObjectFunc@UIImage@lib2d@UModSys@@@tl@3@@tl@4@AEBU?$TString@U?$TSCoreConst@D@su@tl@UModSys@@U?$TComparerBinaryHash@D@234@@64@AEBUSParameters@core@4@PEBD@Z 0000000180003324 f i plugin_test1.obj
 0001:0000250c       ??$generate_type@UIBinArchive@libmedia@UModSys@@@RTest1_Shell@test1@test@modules@UModSys@@QEAA?AU?$TRefObject@UIBinArchive@libmedia@UModSys@@U?$TRefObjectFunc@UIBinArchive@libmedia@UModSys@@@tl@3@@tl@4@AEBU?$TString@U?$TSCoreConst@D@su@tl@UModSys@@U?$TComparerBinaryHash@D@234@@64@AEBUSParameters@core@4@PEBD@Z 000000018000350c f i plugin_test1.obj
 0001:000026f8       ??$generate_type@UIBinObjFilter@libmedia@UModSys@@@RTest1_Shell@test1@test@modules@UModSys@@QEAA?AU?$TRefObject@UIBinObjFilter@libmedia@UModSys@@U?$TRefObjectFunc@UIBinObjFilter@libmedia@UModSys@@@tl@3@@tl@4@AEBU?$TString@U?$TSCoreConst@D@su@tl@UModSys@@U?$TComparerBinaryHash@D@234@@64@AEBUSParameters@core@4@PEBD@Z 00000001800036f8 f i plugin_test1.obj
 0001:000028e0       ??$generate_type@UILibraryBinTree@libmedia@UModSys@@@RTest1_Shell@test1@test@modules@UModSys@@QEAA?AU?$TRefObject@UILibraryBinTree@libmedia@UModSys@@U?$TRefObjectFunc@UILibraryBinTree@libmedia@UModSys@@@tl@3@@tl@4@AEBU?$TString@U?$TSCoreConst@D@su@tl@UModSys@@U?$TComparerBinaryHash@D@234@@64@AEBUSParameters@core@4@PEBD@Z 00000001800038e0 f i plugin_test1.obj
 0001:00002ac8       ??$generate_type@UILibraryObjFilter@libmedia@UModSys@@@RTest1_Shell@test1@test@modules@UModSys@@QEAA?AU?$TRefObject@UILibraryObjFilter@libmedia@UModSys@@U?$TRefObjectFunc@UILibraryObjFilter@libmedia@UModSys@@@tl@3@@tl@4@AEBU?$TString@U?$TSCoreConst@D@su@tl@UModSys@@U?$TComparerBinaryHash@D@234@@64@AEBUSParameters@core@4@PEBD@Z 0000000180003ac8 f i plugin_test1.obj
 0001:00002cb0       ??$generate_type@UILibraryLayered@libmedia@UModSys@@@RTest1_Shell@test1@test@modules@UModSys@@QEAA?AU?$TRefObject@UILibraryLayered@libmedia@UModSys@@U?$TRefObjectFunc@UILibraryLayered@libmedia@UModSys@@@tl@3@@tl@4@AEBU?$TString@U?$TSCoreConst@D@su@tl@UModSys@@U?$TComparerBinaryHash@D@234@@64@AEBUSParameters@core@4@PEBD@Z 0000000180003cb0 f i plugin_test1.obj
 0001:00002e98       ??$generate_type@UILibraryObjCache@libmedia@UModSys@@@RTest1_Shell@test1@test@modules@UModSys@@QEAA?AU?$TRefObject@UILibraryObjCache@libmedia@UModSys@@U?$TRefObjectFunc@UILibraryObjCache@libmedia@UModSys@@@tl@3@@tl@4@AEBU?$TString@U?$TSCoreConst@D@su@tl@UModSys@@U?$TComparerBinaryHash@D@234@@64@AEBUSParameters@core@4@PEBD@Z 0000000180003e98 f i plugin_test1.obj
 0001:00003080       ??$generate_type@UILibraryBinCache@libmedia@UModSys@@@RTest1_Shell@test1@test@modules@UModSys@@QEAA?AU?$TRefObject@UILibraryBinCache@libmedia@UModSys@@U?$TRefObjectFunc@UILibraryBinCache@libmedia@UModSys@@@tl@3@@tl@4@AEBU?$TString@U?$TSCoreConst@D@su@tl@UModSys@@U?$TComparerBinaryHash@D@234@@64@AEBUSParameters@core@4@PEBD@Z 0000000180004080 f i plugin_test1.obj
 0001:00003268       ??$generate_type@UISerializeWriter@libmedia@UModSys@@@RTest1_Shell@test1@test@modules@UModSys@@QEAA?AU?$TRefObject@UISerializeWriter@libmedia@UModSys@@U?$TRefObjectFunc@UISerializeWriter@libmedia@UModSys@@@tl@3@@tl@4@AEBU?$TString@U?$TSCoreConst@D@su@tl@UModSys@@U?$TComparerBinaryHash@D@234@@64@AEBUSParameters@core@4@PEBD@Z 0000000180004268 f i plugin_test1.obj
 0001:00003450       ??$generate_type@UISerializeReader@libmedia@UModSys@@@RTest1_Shell@test1@test@modules@UModSys@@QEAA?AU?$TRefObject@UISerializeReader@libmedia@UModSys@@U?$TRefObjectFunc@UISerializeReader@libmedia@UModSys@@@tl@3@@tl@4@AEBU?$TString@U?$TSCoreConst@D@su@tl@UModSys@@U?$TComparerBinaryHash@D@234@@64@AEBUSParameters@core@4@PEBD@Z 0000000180004450 f i plugin_test1.obj
 0001:00003638       ??1?$TRefObject@UIModObject@base@UModSys@@U?$TModObjectFunc@UIModObject@base@UModSys@@@tl@3@@tl@UModSys@@QEAA@XZ 0000000180004638 f i plugin_test1.obj
 0001:00003664       ?alloc@SMemShared@core@UModSys@@QEAA_N_KPEAUSSourceContext@23@@Z 0000000180004664 f i umodsys_lib_lib2d:umodsys.mod.2d.stdlib.obj
 0001:000036e8       ?Convert@stdlib@lib2d@modules@UModSys@@YA_NAEBU?$TBoundBox2@H@math3d@4@AEBUSImageInfo@24@AEBUSMem@core@4@01AEBUSCMem@94@@Z 00000001800046e8 f i umodsys_lib_lib2d:umodsys.mod.2d.stdlib.obj
 0001:0000383c       ?root_get_interface_info@RImage_Memory@stdlib@lib2d@modules@UModSys@@UEBAAEBUSUniquePointerInfo@core@5@XZ 000000018000483c f i umodsys_lib_lib2d:umodsys.mod.2d.stdlib.obj
 0001:00003844       ?root_get_interface_type@RImage_Memory@stdlib@lib2d@modules@UModSys@@UEBAPEBUSUniquePointerInfo@core@5@XZ 0000000180004844 f i umodsys_lib_lib2d:umodsys.mod.2d.stdlib.obj
 0001:0000384c       ?root_get_other_interface@RImage_Memory@stdlib@lib2d@modules@UModSys@@UEAAPEAUIRoot@core@5@PEBUSUniquePointerInfo@75@@Z 000000018000484c f i umodsys_lib_lib2d:umodsys.mod.2d.stdlib.obj
 0001:0000384c       ?root_get_other_interface@RImage_Memory@stdlib@lib2d@modules@UModSys@@UEBAPEBUIRoot@core@5@PEBUSUniquePointerInfo@75@@Z 000000018000484c f i umodsys_lib_lib2d:umodsys.mod.2d.stdlib.obj
 0001:0000387c       ?root_is_interface_supported@RImage_Memory@stdlib@lib2d@modules@UModSys@@UEBA_NPEBUSUniquePointerInfo@core@5@@Z 000000018000487c f i umodsys_lib_lib2d:umodsys.mod.2d.stdlib.obj
 0001:000038ac       ?suicide@RTerminal@SDL_core@ui@modules@UModSys@@UEAAXXZ 00000001800048ac f i umodsys_lib_libui:umodsys.mod.ui.SDL_core.obj
 0001:000038ac       ?suicide@RSerializeReader@serialize_json@media@modules@UModSys@@UEAAXXZ 00000001800048ac f i umodsys_lib_libmedia:umodsys.mod.media.serialize_json.obj
 0001:000038ac       ?suicide@RImage_Memory@stdlib@lib2d@modules@UModSys@@UEAAXXZ 00000001800048ac f i umodsys_lib_lib2d:umodsys.mod.2d.stdlib.obj
 0001:000038f8       ?set_info@RImage_Memory@stdlib@lib2d@modules@UModSys@@UEAA_NAEBUSImagePatchInfo@35@PEBD@Z 00000001800048f8 f i umodsys_lib_lib2d:umodsys.mod.2d.stdlib.obj
 0001:00003b58       ?set_data@RImage_Memory@stdlib@lib2d@modules@UModSys@@UEAA_NAEBUSImagePatchInfo@35@AEBUSCMem@core@5@H@Z 0000000180004b58 f i umodsys_lib_lib2d:umodsys.mod.2d.stdlib.obj
 0001:00003c0c       ?get_info@RImage_Memory@stdlib@lib2d@modules@UModSys@@UEBAAEBUSImageInfo@35@XZ 0000000180004c0c f i umodsys_lib_lib2d:umodsys.mod.2d.stdlib.obj
 0001:00003c14       ?get_data@RImage_Memory@stdlib@lib2d@modules@UModSys@@UEBA_NAEBUSImagePatchInfo@35@AEBUSMem@core@5@H@Z 0000000180004c14 f i umodsys_lib_lib2d:umodsys.mod.2d.stdlib.obj
 0001:00003ce4       ??1SMemShared@core@UModSys@@QEAA@XZ 0000000180004ce4 f i plugin_test1.obj
 0001:00003ce4       ??1State@RImage_Memory@stdlib@lib2d@modules@UModSys@@QEAA@XZ 0000000180004ce4 f i umodsys_lib_lib2d:umodsys.mod.2d.stdlib.obj
 0001:00003d14       ??_ERImage_Memory@stdlib@lib2d@modules@UModSys@@UEAAPEAXI@Z 0000000180004d14 f i  CIL library: CIL module
 0001:00003d14       ??_GRImage_Memory@stdlib@lib2d@modules@UModSys@@UEAAPEAXI@Z 0000000180004d14 f i umodsys_lib_lib2d:umodsys.mod.2d.stdlib.obj
 0001:00003d78       ?get_generated_names@RGenerator@stdlib@lib2d@modules@UModSys@@UEBAHAEAUSUniquePtrList@core@5@@Z 0000000180004d78 f i umodsys_lib_lib2d:umodsys.mod.2d.stdlib.obj
 0001:00003d98       ?get_generated_types@RGenerator@stdlib@lib2d@modules@UModSys@@UEBAHAEAUSUniquePtrList@core@5@PEBUSUniquePointerInfo@75@@Z 0000000180004d98 f i umodsys_lib_lib2d:umodsys.mod.2d.stdlib.obj
 0001:00003df0       ?generate@RGenerator@stdlib@lib2d@modules@UModSys@@UEAA_NAEAU?$TRefObject@UIRefObject@core@UModSys@@U?$TRefObjectFunc@UIRefObject@core@UModSys@@@tl@3@@tl@5@PEBUSUniquePointerInfo@core@5@AEBUSParameters@95@@Z 0000000180004df0 f i umodsys_lib_lib2d:umodsys.mod.2d.stdlib.obj
 0001:00003f34       ?root_get_interface_info@RGenerator@stdlib@lib2d@modules@UModSys@@UEBAAEBUSUniquePointerInfo@core@5@XZ 0000000180004f34 f i umodsys_lib_lib2d:umodsys.mod.2d.stdlib.obj
 0001:00003f3c       ?root_get_interface_type@RGenerator@stdlib@lib2d@modules@UModSys@@UEBAPEBUSUniquePointerInfo@core@5@XZ 0000000180004f3c f i umodsys_lib_lib2d:umodsys.mod.2d.stdlib.obj
 0001:00003f44       ?root_get_other_interface@RGenerator@stdlib@lib2d@modules@UModSys@@UEBAPEBUIRoot@core@5@PEBUSUniquePointerInfo@75@@Z 0000000180004f44 f i umodsys_lib_lib2d:umodsys.mod.2d.stdlib.obj
 0001:00003f44       ?root_get_other_interface@RGenerator@stdlib@lib2d@modules@UModSys@@UEAAPEAUIRoot@core@5@PEBUSUniquePointerInfo@75@@Z 0000000180004f44 f i umodsys_lib_lib2d:umodsys.mod.2d.stdlib.obj
 0001:00003f7c       ?root_is_interface_supported@RGenerator@stdlib@lib2d@modules@UModSys@@UEBA_NPEBUSUniquePointerInfo@core@5@@Z 0000000180004f7c f i umodsys_lib_lib2d:umodsys.mod.2d.stdlib.obj
 0001:00003fb4       ?ref_links@RTerminal@SDL_core@ui@modules@UModSys@@UEBAHXZ 0000000180004fb4 f i umodsys_lib_libui:umodsys.mod.ui.SDL_core.obj
 0001:00003fb4       ?ref_links@RGenerator@serialize_json@media@modules@UModSys@@UEBAHXZ 0000000180004fb4 f i umodsys_lib_libmedia:umodsys.mod.media.serialize_json.obj
 0001:00003fb4       ?ref_links@RGenerator@SDL_core@ui@modules@UModSys@@UEBAHXZ 0000000180004fb4 f i umodsys_lib_libui:umodsys.mod.ui.SDL_core.obj
 0001:00003fb4       ?ref_links@RGenerator@images_std@media@modules@UModSys@@UEBAHXZ 0000000180004fb4 f i umodsys_lib_libmedia:umodsys.mod.media.images_std.obj
 0001:00003fb4       ?ref_links@RRenderDriver2D@SDL_core@ui@modules@UModSys@@UEBAHXZ 0000000180004fb4 f i umodsys_lib_libui:umodsys.mod.ui.SDL_core.obj
 0001:00003fb4       ?ref_links@RGenerator@test1@test@modules@UModSys@@UEBAHXZ 0000000180004fb4 f i plugin_test1.obj
 0001:00003fb4       ?ref_links@RKeyboardController@SDL_core@ui@modules@UModSys@@UEBAHXZ 0000000180004fb4 f i umodsys_lib_libui:umodsys.mod.ui.SDL_core.obj
 0001:00003fb4       ?ref_links@RGenerator@stdlib@lib2d@modules@UModSys@@UEBAHXZ 0000000180004fb4 f i umodsys_lib_lib2d:umodsys.mod.2d.stdlib.obj
 0001:00003fb4       ?ref_links@RSerializeReader@serialize_json@media@modules@UModSys@@UEBAHXZ 0000000180004fb4 f i umodsys_lib_libmedia:umodsys.mod.media.serialize_json.obj
 0001:00003fb4       ?ref_links@RImage_Memory@stdlib@lib2d@modules@UModSys@@UEBAHXZ 0000000180004fb4 f i umodsys_lib_lib2d:umodsys.mod.2d.stdlib.obj
 0001:00003fb4       ?ref_links@RGenerator@frames@ui@modules@UModSys@@UEBAHXZ 0000000180004fb4 f i umodsys_lib_libui:umodsys.mod.ui.frames.obj
 0001:00003fb4       ?ref_links@RDialog@frames@ui@modules@UModSys@@UEBAHXZ 0000000180004fb4 f i umodsys_lib_libui:umodsys.mod.ui.frames.obj
 0001:00003fb4       ?ref_links@RMouseController@SDL_core@ui@modules@UModSys@@UEBAHXZ 0000000180004fb4 f i umodsys_lib_libui:umodsys.mod.ui.SDL_core.obj
 0001:00003fb4       ?ref_links@RMultiImage2D_SDL_ttf@SDL_core@ui@modules@UModSys@@UEBAHXZ 0000000180004fb4 f i umodsys_lib_libui:umodsys.mod.ui.SDL_core.obj
 0001:00003fb8       ?get_uid@RGenerator@stdlib@lib2d@modules@UModSys@@UEBAPEBUSUniquePointerInfo@core@5@XZ 0000000180004fb8 f i umodsys_lib_lib2d:umodsys.mod.2d.stdlib.obj
 0001:00003fc0       ?do_open@RModuleReg@stdlib@lib2d@modules@UModSys@@UEAA_NXZ 0000000180004fc0 f i umodsys_lib_lib2d:umodsys.mod.2d.stdlib.obj
 0001:00004034       ?do_close@RModuleReg@stdlib@lib2d@modules@UModSys@@UEAA_NXZ 0000000180005034 f i umodsys_lib_lib2d:umodsys.mod.2d.stdlib.obj
 0001:00004084       ?get_module@RGenerator@stdlib@lib2d@modules@UModSys@@UEBAPEAUIModule@base@5@XZ 0000000180005084 f   umodsys_lib_lib2d:umodsys.mod.2d.stdlib.obj
 0001:0000408c       ?mod_inc@RGenerator@stdlib@lib2d@modules@UModSys@@UEBA_NXZ 000000018000508c f   umodsys_lib_lib2d:umodsys.mod.2d.stdlib.obj
 0001:0000409c       ?mod_dec@RGenerator@stdlib@lib2d@modules@UModSys@@UEBA_NXZ 000000018000509c f   umodsys_lib_lib2d:umodsys.mod.2d.stdlib.obj
 0001:000040b0       ?s_holder@RGenerator@stdlib@lib2d@modules@UModSys@@SAAEAU?$TTypeStaticHolder@URGenerator@stdlib@lib2d@modules@UModSys@@@tl@5@XZ 00000001800050b0 f   umodsys_lib_lib2d:umodsys.mod.2d.stdlib.obj
 0001:000040f4       ?utf_8to32@su@tl@UModSys@@YA_NAEAHAEAPEBDAEA_K@Z 00000001800050f4 f i umodsys_lib_libui:umodsys.mod.ui.SDL_core.obj
 0001:00004208       ?root_get_interface_info@RMultiImage2D_SDL_ttf@SDL_core@ui@modules@UModSys@@UEBAAEBUSUniquePointerInfo@core@5@XZ 0000000180005208 f i umodsys_lib_libui:umodsys.mod.ui.SDL_core.obj
 0001:00004210       ?root_get_interface_type@RMultiImage2D_SDL_ttf@SDL_core@ui@modules@UModSys@@UEBAPEBUSUniquePointerInfo@core@5@XZ 0000000180005210 f i umodsys_lib_libui:umodsys.mod.ui.SDL_core.obj
 0001:00004218       ?root_get_other_interface@RMultiImage2D_SDL_ttf@SDL_core@ui@modules@UModSys@@UEBAPEBUIRoot@core@5@PEBUSUniquePointerInfo@75@@Z 0000000180005218 f i umodsys_lib_libui:umodsys.mod.ui.SDL_core.obj
 0001:00004218       ?root_get_other_interface@RMultiImage2D_SDL_ttf@SDL_core@ui@modules@UModSys@@UEAAPEAUIRoot@core@5@PEBUSUniquePointerInfo@75@@Z 0000000180005218 f i umodsys_lib_libui:umodsys.mod.ui.SDL_core.obj
 0001:00004248       ?root_is_interface_supported@RMultiImage2D_SDL_ttf@SDL_core@ui@modules@UModSys@@UEBA_NPEBUSUniquePointerInfo@core@5@@Z 0000000180005248 f i umodsys_lib_libui:umodsys.mod.ui.SDL_core.obj
 0001:00004278       ?suicide@RDialog@frames@ui@modules@UModSys@@UEAAXXZ 0000000180005278 f i umodsys_lib_libui:umodsys.mod.ui.frames.obj
 0001:00004278       ?suicide@RMultiImage2D_SDL_ttf@SDL_core@ui@modules@UModSys@@UEAAXXZ 0000000180005278 f i umodsys_lib_libui:umodsys.mod.ui.SDL_core.obj
 0001:00004278       ?suicide@RKeyboardController@SDL_core@ui@modules@UModSys@@UEAAXXZ 0000000180005278 f i umodsys_lib_libui:umodsys.mod.ui.SDL_core.obj
 0001:00004278       ?suicide@RRenderDriver2D@SDL_core@ui@modules@UModSys@@UEAAXXZ 0000000180005278 f i umodsys_lib_libui:umodsys.mod.ui.SDL_core.obj
 0001:00004278       ?suicide@RMouseController@SDL_core@ui@modules@UModSys@@UEAAXXZ 0000000180005278 f i umodsys_lib_libui:umodsys.mod.ui.SDL_core.obj
 0001:000042bc       ??0RMultiImage2D_SDL_ttf@SDL_core@ui@modules@UModSys@@QEAA@PEAURRenderDriver2D@1234@AEBUSParameters@core@4@@Z 00000001800052bc f i umodsys_lib_libui:umodsys.mod.ui.SDL_core.obj
 0001:00004400       ?generate_glyphs@RMultiImage2D_SDL_ttf@SDL_core@ui@modules@UModSys@@QEAA_NXZ 0000000180005400 f i umodsys_lib_libui:umodsys.mod.ui.SDL_core.obj
 0001:000045dc       ??_ERMultiImage2D_SDL_ttf@SDL_core@ui@modules@UModSys@@UEAAPEAXI@Z 00000001800055dc f i  CIL library: CIL module
 0001:000045dc       ??_GRMultiImage2D_SDL_ttf@SDL_core@ui@modules@UModSys@@UEAAPEAXI@Z 00000001800055dc f i umodsys_lib_libui:umodsys.mod.ui.SDL_core.obj
 0001:000046a0       ?root_get_interface_info@RRenderDriver2D@SDL_core@ui@modules@UModSys@@UEBAAEBUSUniquePointerInfo@core@5@XZ 00000001800056a0 f i umodsys_lib_libui:umodsys.mod.ui.SDL_core.obj
 0001:000046a8       ?root_get_interface_type@RRenderDriver2D@SDL_core@ui@modules@UModSys@@UEBAPEBUSUniquePointerInfo@core@5@XZ 00000001800056a8 f i umodsys_lib_libui:umodsys.mod.ui.SDL_core.obj
 0001:000046b0       ?root_get_other_interface@RRenderDriver2D@SDL_core@ui@modules@UModSys@@UEBAPEBUIRoot@core@5@PEBUSUniquePointerInfo@75@@Z 00000001800056b0 f i umodsys_lib_libui:umodsys.mod.ui.SDL_core.obj
 0001:000046b0       ?root_get_other_interface@RRenderDriver2D@SDL_core@ui@modules@UModSys@@UEAAPEAUIRoot@core@5@PEBUSUniquePointerInfo@75@@Z 00000001800056b0 f i umodsys_lib_libui:umodsys.mod.ui.SDL_core.obj
 0001:000046e0       ?root_is_interface_supported@RRenderDriver2D@SDL_core@ui@modules@UModSys@@UEBA_NPEBUSUniquePointerInfo@core@5@@Z 00000001800056e0 f i umodsys_lib_libui:umodsys.mod.ui.SDL_core.obj
 0001:00004710       ??0RRenderDriver2D@SDL_core@ui@modules@UModSys@@QEAA@PEAURTerminal@1234@AEBUSParameters@core@4@@Z 0000000180005710 f i umodsys_lib_libui:umodsys.mod.ui.SDL_core.obj
 0001:00004870       ?open@RRenderDriver2D@SDL_core@ui@modules@UModSys@@QEAA_NAEBUSParameters@core@5@@Z 0000000180005870 f i umodsys_lib_libui:umodsys.mod.ui.SDL_core.obj
 0001:00004a84       ?set_color@RRenderDriver2D@SDL_core@ui@modules@UModSys@@QEAAXXZ 0000000180005a84 f i umodsys_lib_libui:umodsys.mod.ui.SDL_core.obj
 0001:00004af8       ?begin@RRenderDriver2D@SDL_core@ui@modules@UModSys@@UEAAXXZ 0000000180005af8 f i umodsys_lib_libui:umodsys.mod.ui.SDL_core.obj
 0001:00004b64       ?end@RRenderDriver2D@SDL_core@ui@modules@UModSys@@UEAAXXZ 0000000180005b64 f i umodsys_lib_libui:umodsys.mod.ui.SDL_core.obj
 0001:00004b7c       ?get_max_values@RRenderDriver2D@SDL_core@ui@modules@UModSys@@UEBAPEBUSParameters@core@5@XZ 0000000180005b7c f i umodsys_lib_libui:umodsys.mod.ui.SDL_core.obj
 0001:00004b84       ?get_frame_values@RRenderDriver2D@SDL_core@ui@modules@UModSys@@UEBAPEBUSParameters@core@5@XZ 0000000180005b84 f i umodsys_lib_libui:umodsys.mod.ui.SDL_core.obj
 0001:00004b8c       ?setup_font@RRenderDriver2D@SDL_core@ui@modules@UModSys@@UEAA_NPEAUIMultiImage@lib2d@5@PEBU?$TVector2@M@math3d@5@@Z 0000000180005b8c f i umodsys_lib_libui:umodsys.mod.ui.SDL_core.obj
 0001:00004c50       ?setup_color@RRenderDriver2D@SDL_core@ui@modules@UModSys@@UEAAXAEBU?$TVector3@M@math3d@5@@Z 0000000180005c50 f i umodsys_lib_libui:umodsys.mod.ui.SDL_core.obj
 0001:00004c78       ?setup_color@RRenderDriver2D@SDL_core@ui@modules@UModSys@@UEAAXAEBU?$TVector3@H@math3d@5@@Z 0000000180005c78 f i umodsys_lib_libui:umodsys.mod.ui.SDL_core.obj
 0001:00004cc8       ?setup_coloralpha@RRenderDriver2D@SDL_core@ui@modules@UModSys@@UEAAXAEBU?$TVector4@M@math3d@5@H@Z 0000000180005cc8 f i umodsys_lib_libui:umodsys.mod.ui.SDL_core.obj
 0001:00004cec       ?setup_coloralpha@RRenderDriver2D@SDL_core@ui@modules@UModSys@@UEAAXAEBU?$TVector4@H@math3d@5@H@Z 0000000180005cec f i umodsys_lib_libui:umodsys.mod.ui.SDL_core.obj
 0001:00004d50       ?setup_blendcolor@RRenderDriver2D@SDL_core@ui@modules@UModSys@@UEAAXAEBUSBlendColor@lib2d@5@@Z 0000000180005d50 f i umodsys_lib_libui:umodsys.mod.ui.SDL_core.obj
 0001:00004db8       ?setup_blendcolor@RRenderDriver2D@SDL_core@ui@modules@UModSys@@UEAAXAEBUSBlendColorf@lib2d@5@@Z 0000000180005db8 f i umodsys_lib_libui:umodsys.mod.ui.SDL_core.obj
 0001:00004df8       ?setup_alpha@RRenderDriver2D@SDL_core@ui@modules@UModSys@@UEAAXHH@Z 0000000180005df8 f i umodsys_lib_libui:umodsys.mod.ui.SDL_core.obj
 0001:00004e28       ?setup_alpha@RRenderDriver2D@SDL_core@ui@modules@UModSys@@UEAAXMH@Z 0000000180005e28 f i umodsys_lib_libui:umodsys.mod.ui.SDL_core.obj
 0001:00004e48       ?render_text_advanced@RRenderDriver2D@SDL_core@ui@modules@UModSys@@UEAA_NAEAUTextInfo@IRenderDriver@lib2d@5@PEBHH@Z 0000000180005e48 f i umodsys_lib_libui:umodsys.mod.ui.SDL_core.obj
 0001:00005044       ?render_box@RRenderDriver2D@SDL_core@ui@modules@UModSys@@UEAAXAEBU?$TVector2@H@math3d@5@0@Z 0000000180006044 f i umodsys_lib_libui:umodsys.mod.ui.SDL_core.obj
 0001:00005090       ?render_tri@RRenderDriver2D@SDL_core@ui@modules@UModSys@@UEAAXAEBU?$TVector2@H@math3d@5@00@Z 0000000180006090 f i umodsys_lib_libui:umodsys.mod.ui.SDL_core.obj
 0001:00005108       ?render_quad@RRenderDriver2D@SDL_core@ui@modules@UModSys@@UEAAXAEBU?$TVector2@H@math3d@5@000@Z 0000000180006108 f i umodsys_lib_libui:umodsys.mod.ui.SDL_core.obj
 0001:000051b0       ?render_line@RRenderDriver2D@SDL_core@ui@modules@UModSys@@UEAAXAEBU?$TVector2@H@math3d@5@0@Z 00000001800061b0 f i umodsys_lib_libui:umodsys.mod.ui.SDL_core.obj
 0001:000051d8       ?render_rect@RRenderDriver2D@SDL_core@ui@modules@UModSys@@UEAAXAEBU?$TVector2@H@math3d@5@0@Z 00000001800061d8 f i umodsys_lib_libui:umodsys.mod.ui.SDL_core.obj
 0001:00005224       ??_ERRenderDriver2D@SDL_core@ui@modules@UModSys@@UEAAPEAXI@Z 0000000180006224 f i  CIL library: CIL module
 0001:00005224       ??_GRRenderDriver2D@SDL_core@ui@modules@UModSys@@UEAAPEAXI@Z 0000000180006224 f i umodsys_lib_libui:umodsys.mod.ui.SDL_core.obj
 0001:00005308       ?root_get_interface_info@RMouseController@SDL_core@ui@modules@UModSys@@UEBAAEBUSUniquePointerInfo@core@5@XZ 0000000180006308 f i umodsys_lib_libui:umodsys.mod.ui.SDL_core.obj
 0001:00005310       ?root_get_interface_type@RMouseController@SDL_core@ui@modules@UModSys@@UEBAPEBUSUniquePointerInfo@core@5@XZ 0000000180006310 f i umodsys_lib_libui:umodsys.mod.ui.SDL_core.obj
 0001:00005318       ?root_get_other_interface@RMouseController@SDL_core@ui@modules@UModSys@@UEAAPEAUIRoot@core@5@PEBUSUniquePointerInfo@75@@Z 0000000180006318 f i umodsys_lib_libui:umodsys.mod.ui.SDL_core.obj
 0001:00005318       ?root_get_other_interface@RMouseController@SDL_core@ui@modules@UModSys@@UEBAPEBUIRoot@core@5@PEBUSUniquePointerInfo@75@@Z 0000000180006318 f i umodsys_lib_libui:umodsys.mod.ui.SDL_core.obj
 0001:00005348       ?root_is_interface_supported@RMouseController@SDL_core@ui@modules@UModSys@@UEBA_NPEBUSUniquePointerInfo@core@5@@Z 0000000180006348 f i umodsys_lib_libui:umodsys.mod.ui.SDL_core.obj
 0001:00005378       ?process@RMouseController@SDL_core@ui@modules@UModSys@@QEAA_NAEAUSDL_MouseMotionEvent@@@Z 0000000180006378 f i umodsys_lib_libui:umodsys.mod.ui.SDL_core.obj
 0001:000054e4       ?process@RMouseController@SDL_core@ui@modules@UModSys@@QEAA_NAEAUSDL_MouseButtonEvent@@@Z 00000001800064e4 f i umodsys_lib_libui:umodsys.mod.ui.SDL_core.obj
 0001:00005610       ?process@RMouseController@SDL_core@ui@modules@UModSys@@QEAA_NAEAUSDL_MouseWheelEvent@@@Z 0000000180006610 f i umodsys_lib_libui:umodsys.mod.ui.SDL_core.obj
 0001:00005700       ?mouse_unlink@RMouseController@SDL_core@ui@modules@UModSys@@UEAA_NH@Z 0000000180006700 f i umodsys_lib_libui:umodsys.mod.ui.SDL_core.obj
 0001:00005700       ?key_unlink@RKeyboardController@SDL_core@ui@modules@UModSys@@UEAA_NH@Z 0000000180006700 f i umodsys_lib_libui:umodsys.mod.ui.SDL_core.obj
 0001:00005758       ?mouse_link@RMouseController@SDL_core@ui@modules@UModSys@@UEAA_NHPEAUIRefObject@core@5@PEAUIMouseClient@libui@5@H@Z 0000000180006758 f i umodsys_lib_libui:umodsys.mod.ui.SDL_core.obj
 0001:00005878       ??_ERMouseController@SDL_core@ui@modules@UModSys@@UEAAPEAXI@Z 0000000180006878 f i  CIL library: CIL module
 0001:00005878       ??_GRMouseController@SDL_core@ui@modules@UModSys@@UEAAPEAXI@Z 0000000180006878 f i umodsys_lib_libui:umodsys.mod.ui.SDL_core.obj
 0001:000058dc       ?root_get_interface_info@RKeyboardController@SDL_core@ui@modules@UModSys@@UEBAAEBUSUniquePointerInfo@core@5@XZ 00000001800068dc f i umodsys_lib_libui:umodsys.mod.ui.SDL_core.obj
 0001:000058e4       ?root_get_interface_type@RKeyboardController@SDL_core@ui@modules@UModSys@@UEBAPEBUSUniquePointerInfo@core@5@XZ 00000001800068e4 f i umodsys_lib_libui:umodsys.mod.ui.SDL_core.obj
 0001:000058ec       ?root_get_other_interface@RKeyboardController@SDL_core@ui@modules@UModSys@@UEAAPEAUIRoot@core@5@PEBUSUniquePointerInfo@75@@Z 00000001800068ec f i umodsys_lib_libui:umodsys.mod.ui.SDL_core.obj
 0001:000058ec       ?root_get_other_interface@RKeyboardController@SDL_core@ui@modules@UModSys@@UEBAPEBUIRoot@core@5@PEBUSUniquePointerInfo@75@@Z 00000001800068ec f i umodsys_lib_libui:umodsys.mod.ui.SDL_core.obj
 0001:0000591c       ?root_is_interface_supported@RKeyboardController@SDL_core@ui@modules@UModSys@@UEBA_NPEBUSUniquePointerInfo@core@5@@Z 000000018000691c f i umodsys_lib_libui:umodsys.mod.ui.SDL_core.obj
 0001:0000594c       ?process@RKeyboardController@SDL_core@ui@modules@UModSys@@QEAA_NAEAUSDL_KeyboardEvent@@@Z 000000018000694c f i umodsys_lib_libui:umodsys.mod.ui.SDL_core.obj
 0001:00005ac8       ?map_keycode@RKeyboardController@SDL_core@ui@modules@UModSys@@QEAA?AW4eKeyCode@libui@5@H@Z 0000000180006ac8 f i umodsys_lib_libui:umodsys.mod.ui.SDL_core.obj
 0001:00005ff0       ?key_link@RKeyboardController@SDL_core@ui@modules@UModSys@@UEAA_NHPEAUIRefObject@core@5@PEAUIKeyboardClient@libui@5@@Z 0000000180006ff0 f i umodsys_lib_libui:umodsys.mod.ui.SDL_core.obj
 0001:000060fc       ?key_setvisible@RKeyboardController@SDL_core@ui@modules@UModSys@@UEAA_N_N@Z 00000001800070fc f i umodsys_lib_libui:umodsys.mod.ui.SDL_core.obj
 0001:00006118       ??_ERKeyboardController@SDL_core@ui@modules@UModSys@@UEAAPEAXI@Z 0000000180007118 f i  CIL library: CIL module
 0001:00006118       ??_GRKeyboardController@SDL_core@ui@modules@UModSys@@UEAAPEAXI@Z 0000000180007118 f i umodsys_lib_libui:umodsys.mod.ui.SDL_core.obj
 0001:0000617c       ?root_get_interface_info@RTerminal@SDL_core@ui@modules@UModSys@@UEBAAEBUSUniquePointerInfo@core@5@XZ 000000018000717c f i umodsys_lib_libui:umodsys.mod.ui.SDL_core.obj
 0001:00006184       ?root_get_interface_type@RTerminal@SDL_core@ui@modules@UModSys@@UEBAPEBUSUniquePointerInfo@core@5@XZ 0000000180007184 f i umodsys_lib_libui:umodsys.mod.ui.SDL_core.obj
 0001:0000618c       ?root_get_other_interface@RTerminal@SDL_core@ui@modules@UModSys@@UEAAPEAUIRoot@core@5@PEBUSUniquePointerInfo@75@@Z 000000018000718c f i umodsys_lib_libui:umodsys.mod.ui.SDL_core.obj
 0001:0000618c       ?root_get_other_interface@RTerminal@SDL_core@ui@modules@UModSys@@UEBAPEBUIRoot@core@5@PEBUSUniquePointerInfo@75@@Z 000000018000718c f i umodsys_lib_libui:umodsys.mod.ui.SDL_core.obj
 0001:000061bc       ?root_is_interface_supported@RTerminal@SDL_core@ui@modules@UModSys@@UEBA_NPEBUSUniquePointerInfo@core@5@@Z 00000001800071bc f i umodsys_lib_libui:umodsys.mod.ui.SDL_core.obj
 0001:000061ec       ?poll_events@RTerminal@SDL_core@ui@modules@UModSys@@UEAA_NH@Z 00000001800071ec f i umodsys_lib_libui:umodsys.mod.ui.SDL_core.obj
 0001:000063e4       ?get_terminal_state@RTerminal@SDL_core@ui@modules@UModSys@@UEAA_NW4eTerminalState@libui@5@@Z 00000001800073e4 f i umodsys_lib_libui:umodsys.mod.ui.SDL_core.obj
 0001:000063f0       ?set_terminal_state@RTerminal@SDL_core@ui@modules@UModSys@@UEAA_NW4eTerminalState@libui@5@_N@Z 00000001800073f0 f i umodsys_lib_libui:umodsys.mod.ui.SDL_core.obj
 0001:00006514       ?get_clock@RTerminal@SDL_core@ui@modules@UModSys@@UEAANXZ 0000000180007514 f i umodsys_lib_libui:umodsys.mod.ui.SDL_core.obj
 0001:00006530       ?wait@RTerminal@SDL_core@ui@modules@UModSys@@UEAA_NM@Z 0000000180007530 f i umodsys_lib_libui:umodsys.mod.ui.SDL_core.obj
 0001:00006550       ?get_count@RTerminal@SDL_core@ui@modules@UModSys@@UEBA_KPEBUSUniquePointerInfo@core@5@@Z 0000000180007550 f i umodsys_lib_libui:umodsys.mod.ui.SDL_core.obj
 0001:000065e4       ?get_handler@RTerminal@SDL_core@ui@modules@UModSys@@UEBAPEAUIRefObject@core@5@PEBUSUniquePointerInfo@75@_K@Z 00000001800075e4 f i umodsys_lib_libui:umodsys.mod.ui.SDL_core.obj
 0001:00006684       ?create_handler@RTerminal@SDL_core@ui@modules@UModSys@@UEAA_NPEBUSUniquePointerInfo@core@5@AEAU?$TRefObject@UIRefObject@core@UModSys@@U?$TRefObjectFunc@UIRefObject@core@UModSys@@@tl@3@@tl@5@PEBDPEBUSParameters@75@@Z 0000000180007684 f i umodsys_lib_libui:umodsys.mod.ui.SDL_core.obj
 0001:00006a6c       ??_GRTerminal@SDL_core@ui@modules@UModSys@@UEAAPEAXI@Z 0000000180007a6c f i umodsys_lib_libui:umodsys.mod.ui.SDL_core.obj
 0001:00006a6c       ??_ERTerminal@SDL_core@ui@modules@UModSys@@UEAAPEAXI@Z 0000000180007a6c f i  CIL library: CIL module
 0001:00006b3c       ?get_terminal@RRenderDriver2D@SDL_core@ui@modules@UModSys@@UEBAPEAUITerminal@libui@5@XZ 0000000180007b3c f   umodsys_lib_libui:umodsys.mod.ui.SDL_core.obj
 0001:00006b44       ?new_font@RRenderDriver2D@SDL_core@ui@modules@UModSys@@UEAA?AU?$TRefObject@UIMultiImage@lib2d@UModSys@@U?$TRefObjectFunc@UIMultiImage@lib2d@UModSys@@@tl@3@@tl@5@AEBUSParameters@core@5@AEBU?$TString@U?$TSCoreConst@D@su@tl@UModSys@@U?$TComparerBinaryHash@D@234@@75@@Z 0000000180007b44 f   umodsys_lib_libui:umodsys.mod.ui.SDL_core.obj
 0001:00006c4c       ?new_picture@RRenderDriver2D@SDL_core@ui@modules@UModSys@@UEAA?AU?$TRefObject@UIImage@lib2d@UModSys@@U?$TRefObjectFunc@UIImage@lib2d@UModSys@@@tl@3@@tl@5@AEBUSParameters@core@5@AEBU?$TString@U?$TSCoreConst@D@su@tl@UModSys@@U?$TComparerBinaryHash@D@234@@75@@Z 0000000180007c4c f   umodsys_lib_libui:umodsys.mod.ui.SDL_core.obj
 0001:00006c5c       ?get_generated_names@RGenerator@SDL_core@ui@modules@UModSys@@UEBAHAEAUSUniquePtrList@core@5@@Z 0000000180007c5c f i umodsys_lib_libui:umodsys.mod.ui.SDL_core.obj
 0001:00006c7c       ?get_generated_types@RGenerator@SDL_core@ui@modules@UModSys@@UEBAHAEAUSUniquePtrList@core@5@PEBUSUniquePointerInfo@75@@Z 0000000180007c7c f i umodsys_lib_libui:umodsys.mod.ui.SDL_core.obj
 0001:00006cd4       ?generate@RGenerator@SDL_core@ui@modules@UModSys@@UEAA_NAEAU?$TRefObject@UIRefObject@core@UModSys@@U?$TRefObjectFunc@UIRefObject@core@UModSys@@@tl@3@@tl@5@PEBUSUniquePointerInfo@core@5@AEBUSParameters@95@@Z 0000000180007cd4 f i umodsys_lib_libui:umodsys.mod.ui.SDL_core.obj
 0001:00006e18       ?root_get_interface_info@RGenerator@SDL_core@ui@modules@UModSys@@UEBAAEBUSUniquePointerInfo@core@5@XZ 0000000180007e18 f i umodsys_lib_libui:umodsys.mod.ui.SDL_core.obj
 0001:00006e20       ?root_get_interface_type@RGenerator@SDL_core@ui@modules@UModSys@@UEBAPEBUSUniquePointerInfo@core@5@XZ 0000000180007e20 f i umodsys_lib_libui:umodsys.mod.ui.SDL_core.obj
 0001:00006e28       ?root_get_other_interface@RGenerator@SDL_core@ui@modules@UModSys@@UEAAPEAUIRoot@core@5@PEBUSUniquePointerInfo@75@@Z 0000000180007e28 f i umodsys_lib_libui:umodsys.mod.ui.SDL_core.obj
 0001:00006e28       ?root_get_other_interface@RGenerator@SDL_core@ui@modules@UModSys@@UEBAPEBUIRoot@core@5@PEBUSUniquePointerInfo@75@@Z 0000000180007e28 f i umodsys_lib_libui:umodsys.mod.ui.SDL_core.obj
 0001:00006e60       ?root_is_interface_supported@RGenerator@SDL_core@ui@modules@UModSys@@UEBA_NPEBUSUniquePointerInfo@core@5@@Z 0000000180007e60 f i umodsys_lib_libui:umodsys.mod.ui.SDL_core.obj
 0001:00006e98       ?ref_add@RGenerator@images_std@media@modules@UModSys@@UEBAXXZ 0000000180007e98 f i umodsys_lib_libmedia:umodsys.mod.media.images_std.obj
 0001:00006e98       ?ref_add@RGenerator@test1@test@modules@UModSys@@UEBAXXZ 0000000180007e98 f i plugin_test1.obj
 0001:00006e98       ?ref_add@RSerializeReader@serialize_json@media@modules@UModSys@@UEBAXXZ 0000000180007e98 f i umodsys_lib_libmedia:umodsys.mod.media.serialize_json.obj
 0001:00006e98       ?ref_add@RGenerator@stdlib@lib2d@modules@UModSys@@UEBAXXZ 0000000180007e98 f i umodsys_lib_lib2d:umodsys.mod.2d.stdlib.obj
 0001:00006e98       ?ref_add@RGenerator@serialize_json@media@modules@UModSys@@UEBAXXZ 0000000180007e98 f i umodsys_lib_libmedia:umodsys.mod.media.serialize_json.obj
 0001:00006e98       ?ref_add@RTerminal@SDL_core@ui@modules@UModSys@@UEBAXXZ 0000000180007e98 f i umodsys_lib_libui:umodsys.mod.ui.SDL_core.obj
 0001:00006e98       ?ref_add@RKeyboardController@SDL_core@ui@modules@UModSys@@UEBAXXZ 0000000180007e98 f i umodsys_lib_libui:umodsys.mod.ui.SDL_core.obj
 0001:00006e98       ?ref_add@RDialog@frames@ui@modules@UModSys@@UEBAXXZ 0000000180007e98 f i umodsys_lib_libui:umodsys.mod.ui.frames.obj
 0001:00006e98       ?ref_add@RRenderDriver2D@SDL_core@ui@modules@UModSys@@UEBAXXZ 0000000180007e98 f i umodsys_lib_libui:umodsys.mod.ui.SDL_core.obj
 0001:00006e98       ?ref_add@RMouseController@SDL_core@ui@modules@UModSys@@UEBAXXZ 0000000180007e98 f i umodsys_lib_libui:umodsys.mod.ui.SDL_core.obj
 0001:00006e98       ?ref_add@RGenerator@frames@ui@modules@UModSys@@UEBAXXZ 0000000180007e98 f i umodsys_lib_libui:umodsys.mod.ui.frames.obj
 0001:00006e98       ?ref_add@RMultiImage2D_SDL_ttf@SDL_core@ui@modules@UModSys@@UEBAXXZ 0000000180007e98 f i umodsys_lib_libui:umodsys.mod.ui.SDL_core.obj
 0001:00006e98       ?ref_add@RGenerator@SDL_core@ui@modules@UModSys@@UEBAXXZ 0000000180007e98 f i umodsys_lib_libui:umodsys.mod.ui.SDL_core.obj
 0001:00006e98       ?ref_add@RImage_Memory@stdlib@lib2d@modules@UModSys@@UEBAXXZ 0000000180007e98 f i umodsys_lib_lib2d:umodsys.mod.2d.stdlib.obj
 0001:00006e9c       ?get_uid@RGenerator@SDL_core@ui@modules@UModSys@@UEBAPEBUSUniquePointerInfo@core@5@XZ 0000000180007e9c f i umodsys_lib_libui:umodsys.mod.ui.SDL_core.obj
 0001:00006ea4       ?do_open@RModuleReg@SDL_core@ui@modules@UModSys@@UEAA_NXZ 0000000180007ea4 f i umodsys_lib_libui:umodsys.mod.ui.SDL_core.obj
 0001:00006f18       ?do_close@RModuleReg@SDL_core@ui@modules@UModSys@@UEAA_NXZ 0000000180007f18 f i umodsys_lib_libui:umodsys.mod.ui.SDL_core.obj
 0001:00006f68       ?get_module@RGenerator@SDL_core@ui@modules@UModSys@@UEBAPEAUIModule@base@5@XZ 0000000180007f68 f   umodsys_lib_libui:umodsys.mod.ui.SDL_core.obj
 0001:00006f70       ?mod_inc@RGenerator@SDL_core@ui@modules@UModSys@@UEBA_NXZ 0000000180007f70 f   umodsys_lib_libui:umodsys.mod.ui.SDL_core.obj
 0001:00006f80       ?mod_dec@RGenerator@SDL_core@ui@modules@UModSys@@UEBA_NXZ 0000000180007f80 f   umodsys_lib_libui:umodsys.mod.ui.SDL_core.obj
 0001:00006f94       ?s_holder@RGenerator@SDL_core@ui@modules@UModSys@@SAAEAU?$TTypeStaticHolder@URGenerator@SDL_core@ui@modules@UModSys@@@tl@5@XZ 0000000180007f94 f   umodsys_lib_libui:umodsys.mod.ui.SDL_core.obj
 0001:00006fd8       ??1?$TScatterArray@UGlyph@RMultiImage2D_SDL_ttf@SDL_core@ui@modules@UModSys@@HU?$TScalarCompare@H@core@6@U?$TNodeDeleter0@U?$TScatterArrayNode@UGlyph@RMultiImage2D_SDL_ttf@SDL_core@ui@modules@UModSys@@H@tl@UModSys@@@tl@6@@tl@UModSys@@QEAA@XZ 0000000180007fd8 f i umodsys_lib_libui:umodsys.mod.ui.SDL_core.obj
 0001:00007054       ?delete_node@?$TTreeHoldRBD@U?$TScatterArrayNode@U?$TRefObjectCompositeExtra@UIMouseClient@libui@UModSys@@HUIRefObject@core@3@U?$TRefObjectFunc@UIRefObject@core@UModSys@@@tl@3@@tl@UModSys@@H@tl@UModSys@@U?$TNodeDeleter0@U?$TScatterArrayNode@U?$TRefObjectCompositeExtra@UIMouseClient@libui@UModSys@@HUIRefObject@core@3@U?$TRefObjectFunc@UIRefObject@core@UModSys@@@tl@3@@tl@UModSys@@H@tl@UModSys@@@23@@tl@UModSys@@QEAAXPEAU?$TScatterArrayNode@U?$TRefObjectCompositeExtra@UIMouseClient@libui@UModSys@@HUIRefObject@core@3@U?$TRefObjectFunc@UIRefObject@core@UModSys@@@tl@3@@tl@UModSys@@H@23@@Z 0000000180008054 f i umodsys_lib_libui:umodsys.mod.ui.SDL_core.obj
 0001:00007054       ?delete_node@?$TTreeHoldRBD@U?$TScatterArrayNode@U?$TRefObjectComposite@UIKeyboardClient@libui@UModSys@@UIRefObject@core@3@U?$TRefObjectFunc@UIRefObject@core@UModSys@@@tl@3@@tl@UModSys@@H@tl@UModSys@@U?$TNodeDeleter0@U?$TScatterArrayNode@U?$TRefObjectComposite@UIKeyboardClient@libui@UModSys@@UIRefObject@core@3@U?$TRefObjectFunc@UIRefObject@core@UModSys@@@tl@3@@tl@UModSys@@H@tl@UModSys@@@23@@tl@UModSys@@QEAAXPEAU?$TScatterArrayNode@U?$TRefObjectComposite@UIKeyboardClient@libui@UModSys@@UIRefObject@core@3@U?$TRefObjectFunc@UIRefObject@core@UModSys@@@tl@3@@tl@UModSys@@H@23@@Z 0000000180008054 f i umodsys_lib_libui:umodsys.mod.ui.SDL_core.obj
 0001:000071bc       ??_ERGenerator@stdlib@lib2d@modules@UModSys@@UEAAPEAXI@Z 00000001800081bc f i  CIL library: CIL module
 0001:000071bc       ??_GRGenerator@images_std@media@modules@UModSys@@UEAAPEAXI@Z 00000001800081bc f i umodsys_lib_libmedia:umodsys.mod.media.images_std.obj
 0001:000071bc       ??_ERGenerator@SDL_core@ui@modules@UModSys@@UEAAPEAXI@Z 00000001800081bc f i  CIL library: CIL module
 0001:000071bc       ??_GRGenerator@SDL_core@ui@modules@UModSys@@UEAAPEAXI@Z 00000001800081bc f i umodsys_lib_libui:umodsys.mod.ui.SDL_core.obj
 0001:000071bc       ??_GRGenerator@stdlib@lib2d@modules@UModSys@@UEAAPEAXI@Z 00000001800081bc f i umodsys_lib_lib2d:umodsys.mod.2d.stdlib.obj
 0001:000071bc       ??_ERGenerator@serialize_json@media@modules@UModSys@@UEAAPEAXI@Z 00000001800081bc f i  CIL library: CIL module
 0001:000071bc       ??_ERGenerator@test1@test@modules@UModSys@@UEAAPEAXI@Z 00000001800081bc f i  CIL library: CIL module
 0001:000071bc       ??_GRGenerator@test1@test@modules@UModSys@@UEAAPEAXI@Z 00000001800081bc f i plugin_test1.obj
 0001:000071bc       ??_EIRoot@core@UModSys@@UEAAPEAXI@Z 00000001800081bc f i  CIL library: CIL module
 0001:000071bc       ??_GRGenerator@frames@ui@modules@UModSys@@UEAAPEAXI@Z 00000001800081bc f i umodsys_lib_libui:umodsys.mod.ui.frames.obj
 0001:000071bc       ??_GRGenerator@serialize_json@media@modules@UModSys@@UEAAPEAXI@Z 00000001800081bc f i umodsys_lib_libmedia:umodsys.mod.media.serialize_json.obj
 0001:000071bc       ??_GIRoot@core@UModSys@@UEAAPEAXI@Z 00000001800081bc f i plugin_test1.obj
 0001:000071bc       ??_ERGenerator@images_std@media@modules@UModSys@@UEAAPEAXI@Z 00000001800081bc f i  CIL library: CIL module
 0001:000071bc       ??_ERGenerator@frames@ui@modules@UModSys@@UEAAPEAXI@Z 00000001800081bc f i  CIL library: CIL module
 0001:000071e4       ??1?$TPair@HU?$TRefObjectComposite@UIKeyboardClient@libui@UModSys@@UIRefObject@core@3@U?$TRefObjectFunc@UIRefObject@core@UModSys@@@tl@3@@tl@UModSys@@@tl@UModSys@@QEAA@XZ 00000001800081e4 f i umodsys_lib_libui:umodsys.mod.ui.SDL_core.obj
 0001:000071e4       ??1?$TPair@HU?$TRefObjectCompositeExtra@UIMouseClient@libui@UModSys@@HUIRefObject@core@3@U?$TRefObjectFunc@UIRefObject@core@UModSys@@@tl@3@@tl@UModSys@@@tl@UModSys@@QEAA@XZ 00000001800081e4 f i umodsys_lib_libui:umodsys.mod.ui.SDL_core.obj
 0001:0000722c       ??1?$TRefObjectComposite@UIKeyboardClient@libui@UModSys@@UIRefObject@core@3@U?$TRefObjectFunc@UIRefObject@core@UModSys@@@tl@3@@tl@UModSys@@QEAA@XZ 000000018000822c f i umodsys_lib_libui:umodsys.mod.ui.SDL_core.obj
 0001:0000722c       ??1?$TRefObjectCompositeExtra@UIMouseClient@libui@UModSys@@HUIRefObject@core@3@U?$TRefObjectFunc@UIRefObject@core@UModSys@@@tl@3@@tl@UModSys@@QEAA@XZ 000000018000822c f i umodsys_lib_libui:umodsys.mod.ui.SDL_core.obj
 0001:00007274       ?remove_color@?$TTreeHoldRB@U?$TScatterArrayNode@U?$TRefObjectComposite@UIKeyboardClient@libui@UModSys@@UIRefObject@core@3@U?$TRefObjectFunc@UIRefObject@core@UModSys@@@tl@3@@tl@UModSys@@H@tl@UModSys@@@tl@UModSys@@IEAAXPEAU?$TScatterArrayNode@U?$TRefObjectComposite@UIKeyboardClient@libui@UModSys@@UIRefObject@core@3@U?$TRefObjectFunc@UIRefObject@core@UModSys@@@tl@3@@tl@UModSys@@H@23@0@Z 0000000180008274 f i umodsys_lib_libui:umodsys.mod.ui.SDL_core.obj
 0001:00007274       ?remove_color@?$TTreeHoldRB@U?$TScatterArrayNode@U?$TRefObjectCompositeExtra@UIMouseClient@libui@UModSys@@HUIRefObject@core@3@U?$TRefObjectFunc@UIRefObject@core@UModSys@@@tl@3@@tl@UModSys@@H@tl@UModSys@@@tl@UModSys@@IEAAXPEAU?$TScatterArrayNode@U?$TRefObjectCompositeExtra@UIMouseClient@libui@UModSys@@HUIRefObject@core@3@U?$TRefObjectFunc@UIRefObject@core@UModSys@@@tl@3@@tl@UModSys@@H@23@0@Z 0000000180008274 f i umodsys_lib_libui:umodsys.mod.ui.SDL_core.obj
 0001:00007514       ??$t_add@U?$TRefObject@URRenderDriver2D@SDL_core@ui@modules@UModSys@@U?$TRefObjectWeakFunc@URRenderDriver2D@SDL_core@ui@modules@UModSys@@@tl@5@@tl@UModSys@@URRenderDriver2D@SDL_core@ui@modules@3@@SDL_core@ui@modules@UModSys@@YA_NAEAU?$TScatterArray@U?$TRefObject@URRenderDriver2D@SDL_core@ui@modules@UModSys@@U?$TRefObjectWeakFunc@URRenderDriver2D@SDL_core@ui@modules@UModSys@@@tl@5@@tl@UModSys@@HU?$TScalarCompare@H@core@3@U?$TNodeDeleter0@U?$TScatterArrayNode@U?$TRefObject@URRenderDriver2D@SDL_core@ui@modules@UModSys@@U?$TRefObjectWeakFunc@URRenderDriver2D@SDL_core@ui@modules@UModSys@@@tl@5@@tl@UModSys@@H@tl@UModSys@@@23@@tl@3@PEAURRenderDriver2D@0123@@Z 0000000180008514 f i umodsys_lib_libui:umodsys.mod.ui.SDL_core.obj
 0001:00007698       ?sub_insert_node@?$TTreeHoldRB@U?$TScatterArrayNode@U?$TRefObject@URRenderDriver2D@SDL_core@ui@modules@UModSys@@U?$TRefObjectWeakFunc@URRenderDriver2D@SDL_core@ui@modules@UModSys@@@tl@5@@tl@UModSys@@H@tl@UModSys@@@tl@UModSys@@QEAAXPEAU?$TScatterArrayNode@U?$TRefObject@URRenderDriver2D@SDL_core@ui@modules@UModSys@@U?$TRefObjectWeakFunc@URRenderDriver2D@SDL_core@ui@modules@UModSys@@@tl@5@@tl@UModSys@@H@23@0H@Z 0000000180008698 f i umodsys_lib_libui:umodsys.mod.ui.SDL_core.obj
 0001:00007698       ?sub_insert_node@?$TTreeHoldRB@U?$TScatterArrayNode@HH@tl@UModSys@@@tl@UModSys@@QEAAXPEAU?$TScatterArrayNode@HH@23@0H@Z 0000000180008698 f i umodsys_lib_libui:umodsys.mod.ui.frames.obj
 0001:00007698       ?sub_insert_node@?$TTreeHoldRB@U?$TScatterArrayNode@U?$TVector2@M@math3d@UModSys@@H@tl@UModSys@@@tl@UModSys@@QEAAXPEAU?$TScatterArrayNode@U?$TVector2@M@math3d@UModSys@@H@23@0H@Z 0000000180008698 f i umodsys_lib_libui:umodsys.mod.ui.frames.obj
 0001:00007698       ?sub_insert_node@?$TTreeHoldRB@U?$TScatterArrayNode@U?$TVector4@M@math3d@UModSys@@H@tl@UModSys@@@tl@UModSys@@QEAAXPEAU?$TScatterArrayNode@U?$TVector4@M@math3d@UModSys@@H@23@0H@Z 0000000180008698 f i umodsys_lib_libui:umodsys.mod.ui.frames.obj
 0001:00007698       ?sub_insert_node@?$TTreeHoldRB@U?$TScatterArrayNode@U?$TRefObjectComposite@UIKeyboardClient@libui@UModSys@@UIRefObject@core@3@U?$TRefObjectFunc@UIRefObject@core@UModSys@@@tl@3@@tl@UModSys@@H@tl@UModSys@@@tl@UModSys@@QEAAXPEAU?$TScatterArrayNode@U?$TRefObjectComposite@UIKeyboardClient@libui@UModSys@@UIRefObject@core@3@U?$TRefObjectFunc@UIRefObject@core@UModSys@@@tl@3@@tl@UModSys@@H@23@0H@Z 0000000180008698 f i umodsys_lib_libui:umodsys.mod.ui.SDL_core.obj
 0001:00007698       ?sub_insert_node@?$TTreeHoldRB@U?$TScatterArrayNode@U?$TRefObjectCompositeExtra@UIMouseClient@libui@UModSys@@HUIRefObject@core@3@U?$TRefObjectFunc@UIRefObject@core@UModSys@@@tl@3@@tl@UModSys@@H@tl@UModSys@@@tl@UModSys@@QEAAXPEAU?$TScatterArrayNode@U?$TRefObjectCompositeExtra@UIMouseClient@libui@UModSys@@HUIRefObject@core@3@U?$TRefObjectFunc@UIRefObject@core@UModSys@@@tl@3@@tl@UModSys@@H@23@0H@Z 0000000180008698 f i umodsys_lib_libui:umodsys.mod.ui.SDL_core.obj
 0001:00007698       ?sub_insert_node@?$TTreeHoldRB@U?$TScatterArrayNode@UGlyph@RMultiImage2D_SDL_ttf@SDL_core@ui@modules@UModSys@@H@tl@UModSys@@@tl@UModSys@@QEAAXPEAU?$TScatterArrayNode@UGlyph@RMultiImage2D_SDL_ttf@SDL_core@ui@modules@UModSys@@H@23@0H@Z 0000000180008698 f i umodsys_lib_libui:umodsys.mod.ui.SDL_core.obj
 0001:00007878       ??$process_nodes_r@U?$TNodeDeleter0@U?$TScatterArrayNode@UGlyph@RMultiImage2D_SDL_ttf@SDL_core@ui@modules@UModSys@@H@tl@UModSys@@@tl@UModSys@@@?$TTreeHoldRB@U?$TScatterArrayNode@UGlyph@RMultiImage2D_SDL_ttf@SDL_core@ui@modules@UModSys@@H@tl@UModSys@@@tl@UModSys@@KAHPEAU?$TScatterArrayNode@UGlyph@RMultiImage2D_SDL_ttf@SDL_core@ui@modules@UModSys@@H@12@AEBU?$TNodeDeleter0@U?$TScatterArrayNode@UGlyph@RMultiImage2D_SDL_ttf@SDL_core@ui@modules@UModSys@@H@tl@UModSys@@@12@@Z 0000000180008878 f i umodsys_lib_libui:umodsys.mod.ui.SDL_core.obj
 0001:000078f0       ??$process_nodes_r@U?$TNodeDeleter0@U?$TScatterArrayNode@U?$TRefObjectCompositeExtra@UIMouseClient@libui@UModSys@@HUIRefObject@core@3@U?$TRefObjectFunc@UIRefObject@core@UModSys@@@tl@3@@tl@UModSys@@H@tl@UModSys@@@tl@UModSys@@@?$TTreeHoldRB@U?$TScatterArrayNode@U?$TRefObjectCompositeExtra@UIMouseClient@libui@UModSys@@HUIRefObject@core@3@U?$TRefObjectFunc@UIRefObject@core@UModSys@@@tl@3@@tl@UModSys@@H@tl@UModSys@@@tl@UModSys@@KAHPEAU?$TScatterArrayNode@U?$TRefObjectCompositeExtra@UIMouseClient@libui@UModSys@@HUIRefObject@core@3@U?$TRefObjectFunc@UIRefObject@core@UModSys@@@tl@3@@tl@UModSys@@H@12@AEBU?$TNodeDeleter0@U?$TScatterArrayNode@U?$TRefObjectCompositeExtra@UIMouseClient@libui@UModSys@@HUIRefObject@core@3@U?$TRefObjectFunc@UIRefObject@core@UModSys@@@tl@3@@tl@UModSys@@H@tl@UModSys@@@12@@Z 00000001800088f0 f i umodsys_lib_libui:umodsys.mod.ui.SDL_core.obj
 0001:000078f0       ??$process_nodes_r@U?$TNodeDeleter0@U?$TScatterArrayNode@U?$TRefObjectComposite@UIKeyboardClient@libui@UModSys@@UIRefObject@core@3@U?$TRefObjectFunc@UIRefObject@core@UModSys@@@tl@3@@tl@UModSys@@H@tl@UModSys@@@tl@UModSys@@@?$TTreeHoldRB@U?$TScatterArrayNode@U?$TRefObjectComposite@UIKeyboardClient@libui@UModSys@@UIRefObject@core@3@U?$TRefObjectFunc@UIRefObject@core@UModSys@@@tl@3@@tl@UModSys@@H@tl@UModSys@@@tl@UModSys@@KAHPEAU?$TScatterArrayNode@U?$TRefObjectComposite@UIKeyboardClient@libui@UModSys@@UIRefObject@core@3@U?$TRefObjectFunc@UIRefObject@core@UModSys@@@tl@3@@tl@UModSys@@H@12@AEBU?$TNodeDeleter0@U?$TScatterArrayNode@U?$TRefObjectComposite@UIKeyboardClient@libui@UModSys@@UIRefObject@core@3@U?$TRefObjectFunc@UIRefObject@core@UModSys@@@tl@3@@tl@UModSys@@H@tl@UModSys@@@12@@Z 00000001800088f0 f i umodsys_lib_libui:umodsys.mod.ui.SDL_core.obj
 0001:00007984       ??$process_nodes_r@U?$TNodeDeleter0@U?$TScatterArrayNode@U?$TRefObject@URRenderDriver2D@SDL_core@ui@modules@UModSys@@U?$TRefObjectWeakFunc@URRenderDriver2D@SDL_core@ui@modules@UModSys@@@tl@5@@tl@UModSys@@H@tl@UModSys@@@tl@UModSys@@@?$TTreeHoldRB@U?$TScatterArrayNode@U?$TRefObject@URRenderDriver2D@SDL_core@ui@modules@UModSys@@U?$TRefObjectWeakFunc@URRenderDriver2D@SDL_core@ui@modules@UModSys@@@tl@5@@tl@UModSys@@H@tl@UModSys@@@tl@UModSys@@KAHPEAU?$TScatterArrayNode@U?$TRefObject@URRenderDriver2D@SDL_core@ui@modules@UModSys@@U?$TRefObjectWeakFunc@URRenderDriver2D@SDL_core@ui@modules@UModSys@@@tl@5@@tl@UModSys@@H@12@AEBU?$TNodeDeleter0@U?$TScatterArrayNode@U?$TRefObject@URRenderDriver2D@SDL_core@ui@modules@UModSys@@U?$TRefObjectWeakFunc@URRenderDriver2D@SDL_core@ui@modules@UModSys@@@tl@5@@tl@UModSys@@H@tl@UModSys@@@12@@Z 0000000180008984 f i umodsys_lib_libui:umodsys.mod.ui.SDL_core.obj
 0001:00007a18       ??1?$TRefObject@URMultiImage2D_SDL_ttf@SDL_core@ui@modules@UModSys@@U?$TRefObjectWeakFunc@URMultiImage2D_SDL_ttf@SDL_core@ui@modules@UModSys@@@tl@5@@tl@UModSys@@QEAA@XZ 0000000180008a18 f i umodsys_lib_libui:umodsys.mod.ui.SDL_core.obj
 0001:00007a18       ??1?$TRefObject@URRenderDriver2D@SDL_core@ui@modules@UModSys@@U?$TRefObjectWeakFunc@URRenderDriver2D@SDL_core@ui@modules@UModSys@@@tl@5@@tl@UModSys@@QEAA@XZ 0000000180008a18 f i umodsys_lib_libui:umodsys.mod.ui.SDL_core.obj
 0001:00007a4c       ??1SController@libui@UModSys@@QEAA@XZ 0000000180008a4c f i umodsys_lib_libui:umodsys.mod.ui.frames.obj
 0001:00007a94       ?db_get_i@SController@libui@UModSys@@QEAAHQEBD@Z 0000000180008a94 f i umodsys_lib_libui:umodsys.mod.ui.frames.obj
 0001:00007b34       ?update_size@libui@UModSys@@YA_NAEAU?$TBoundBox2@H@math3d@2@AEBUSFrameSize@12@AEBU342@@Z 0000000180008b34 f i umodsys_lib_libui:umodsys.mod.ui.frames.obj
 0001:00007c6c       ?command@SController@libui@UModSys@@QEAA_NHAEBUSFrameDataIn@23@@Z 0000000180008c6c f i umodsys_lib_libui:umodsys.mod.ui.frames.obj
 0001:00007ce0       ?get_property@ICollectorThemeTemplate@libui@UModSys@@UEBA_NHHAEAU?$TVector4@M@math3d@3@@Z 0000000180008ce0 f i umodsys_lib_libui:umodsys.mod.ui.frames.obj
 0001:00007d94       ?get_property@ICollectorThemeTemplate@libui@UModSys@@UEBA_NHHAEAU?$TVector4@H@math3d@3@@Z 0000000180008d94 f i umodsys_lib_libui:umodsys.mod.ui.frames.obj
 0001:00007e98       ?get_property@ICollectorThemeTemplate@libui@UModSys@@UEBA_NHHAEAU?$TVector2@M@math3d@3@@Z 0000000180008e98 f i umodsys_lib_libui:umodsys.mod.ui.frames.obj
 0001:00007f4c       ?get_property@ICollectorThemeTemplate@libui@UModSys@@UEBA_NHHAEAU?$TVector2@H@math3d@3@@Z 0000000180008f4c f i umodsys_lib_libui:umodsys.mod.ui.frames.obj
 0001:00008014       ?get_property@ICollectorThemeTemplate@libui@UModSys@@UEBA_NHHAEAH@Z 0000000180009014 f i umodsys_lib_libui:umodsys.mod.ui.frames.obj
 0001:000080c4       ?set_property@ICollectorThemeTemplate@libui@UModSys@@UEAA_NHHAEBU?$TVector4@M@math3d@3@@Z 00000001800090c4 f i umodsys_lib_libui:umodsys.mod.ui.frames.obj
 0001:00008108       ?set_property@ICollectorThemeTemplate@libui@UModSys@@UEAA_NHHAEBU?$TVector4@H@math3d@3@@Z 0000000180009108 f i umodsys_lib_libui:umodsys.mod.ui.frames.obj
 0001:000081b0       ?set_property@ICollectorThemeTemplate@libui@UModSys@@UEAA_NHHAEBU?$TVector2@M@math3d@3@@Z 00000001800091b0 f i umodsys_lib_libui:umodsys.mod.ui.frames.obj
 0001:000081f0       ?set_property@ICollectorThemeTemplate@libui@UModSys@@UEAA_NHHAEBU?$TVector2@H@math3d@3@@Z 00000001800091f0 f i umodsys_lib_libui:umodsys.mod.ui.frames.obj
 0001:0000824c       ?set_property@ICollectorThemeTemplate@libui@UModSys@@UEAA_NHHH@Z 000000018000924c f i umodsys_lib_libui:umodsys.mod.ui.frames.obj
 0001:00008330       ??1ICollectorThemeTemplate@libui@UModSys@@QEAA@XZ 0000000180009330 f i umodsys_lib_libui:umodsys.mod.ui.frames.obj
 0001:0000842c       ?get_group_index@RCollectorTheme@frames@ui@modules@UModSys@@UEAAHPEBD@Z 000000018000942c f   umodsys_lib_libui:umodsys.mod.ui.frames.obj
 0001:00008500       ?get_elem_index@RCollectorTheme@frames@ui@modules@UModSys@@UEAAHPEBD@Z 0000000180009500 f   umodsys_lib_libui:umodsys.mod.ui.frames.obj
 0001:000086bc       ??1RCollectorTheme@frames@ui@modules@UModSys@@QEAA@XZ 00000001800096bc f   umodsys_lib_libui:umodsys.mod.ui.frames.obj
 0001:000086cc       ?set_controller@RFrame_Common@frames@ui@modules@UModSys@@UEAA_NHPEAUIController@libui@5@PEAUIRefObject@core@5@@Z 00000001800096cc f i umodsys_lib_libui:umodsys.mod.ui.frames.obj
 0001:00008758       ?get_controller@RFrame_Common@frames@ui@modules@UModSys@@UEAAPEAUIController@libui@5@XZ 0000000180009758 f i umodsys_lib_libui:umodsys.mod.ui.frames.obj
 0001:00008760       ?get_controller_context@RFrame_Common@frames@ui@modules@UModSys@@UEAAHXZ 0000000180009760 f i umodsys_lib_libui:umodsys.mod.ui.frames.obj
 0001:00008768       ?get_box@RFrame_Common@frames@ui@modules@UModSys@@UEAAAEBU?$TBoundBox2@H@math3d@5@XZ 0000000180009768 f i umodsys_lib_libui:umodsys.mod.ui.frames.obj
 0001:00008768       ?get_theme@RCollector@frames@ui@modules@UModSys@@UEAAPEAUICollectorTheme@libui@5@XZ 0000000180009768 f i umodsys_lib_libui:umodsys.mod.ui.frames.obj
 0001:00008770       ?get_framesize@RFrame_Common@frames@ui@modules@UModSys@@UEAAAEBUSFrameSize@libui@5@XZ 0000000180009770 f i umodsys_lib_libui:umodsys.mod.ui.frames.obj
 0001:00008778       ?set_framesize@RFrame_Common@frames@ui@modules@UModSys@@UEAA_NAEBUSFrameSize@libui@5@@Z 0000000180009778 f i umodsys_lib_libui:umodsys.mod.ui.frames.obj
 0001:0000879c       ?get_insize@RFrame_Common@frames@ui@modules@UModSys@@UEAA?AU?$TVector2@H@math3d@5@XZ 000000018000979c f i umodsys_lib_libui:umodsys.mod.ui.frames.obj
 0001:000087b4       ?get_theme@RFrame_Common@frames@ui@modules@UModSys@@UEAAPEAUICollectorTheme@libui@5@XZ 00000001800097b4 f i umodsys_lib_libui:umodsys.mod.ui.frames.obj
 0001:000087bc       ?set_var_cell@RMultiImage2D_SDL_ttf@SDL_core@ui@modules@UModSys@@UEAA_NPEBUSImageCellInfo@lib2d@5@HH@Z 00000001800097bc f i umodsys_lib_libui:umodsys.mod.ui.SDL_core.obj
 0001:000087bc       ?set_layer_count@RMultiImage2D_SDL_ttf@SDL_core@ui@modules@UModSys@@UEAA_NH@Z 00000001800097bc f i umodsys_lib_libui:umodsys.mod.ui.SDL_core.obj
 0001:000087bc       ?mouse_event@RFrame_Common@frames@ui@modules@UModSys@@MEAA_NPEBUSMouseInput@libui@5@@Z 00000001800097bc f i umodsys_lib_libui:umodsys.mod.ui.frames.obj
 0001:000087bc       ?key_event@RFrame_Common@frames@ui@modules@UModSys@@MEAA_NAEBUSKeyboardInputText@libui@5@@Z 00000001800097bc f i umodsys_lib_libui:umodsys.mod.ui.frames.obj
 0001:000087bc       ?key_setmodifier@RKeyboardController@SDL_core@ui@modules@UModSys@@UEAA_NHHH@Z 00000001800097bc f i umodsys_lib_libui:umodsys.mod.ui.SDL_core.obj
 0001:000087bc       ?set_insize@RFrame_Common@frames@ui@modules@UModSys@@UEAA_NAEBU?$TVector2@H@math3d@5@@Z 00000001800097bc f i umodsys_lib_libui:umodsys.mod.ui.frames.obj
 0001:000087bc       ?mouse_setposition@RMouseController@SDL_core@ui@modules@UModSys@@UEAA_NHH@Z 00000001800097bc f i umodsys_lib_libui:umodsys.mod.ui.SDL_core.obj
 0001:000087bc       ?set_repeater@RFrame_Common@frames@ui@modules@UModSys@@UEAA_NHH@Z 00000001800097bc f i umodsys_lib_libui:umodsys.mod.ui.frames.obj
 0001:000087bc       ?get_maxbox@RCollector@frames@ui@modules@UModSys@@UEAA_NAEAU?$TBoundBox2@H@math3d@5@@Z 00000001800097bc f i umodsys_lib_libui:umodsys.mod.ui.frames.obj
 0001:000087bc       ?key_setrepeat@RKeyboardController@SDL_core@ui@modules@UModSys@@UEAA_NMM@Z 00000001800097bc f i umodsys_lib_libui:umodsys.mod.ui.SDL_core.obj
 0001:000087bc       ?frame_remove@RCollector@frames@ui@modules@UModSys@@UEAA_NPEAUIFrame@libui@5@@Z 00000001800097bc f i umodsys_lib_libui:umodsys.mod.ui.frames.obj
 0001:000087bc       ?get_minsize@RCollector@frames@ui@modules@UModSys@@UEAA_NAEAU?$TVector2@H@math3d@5@@Z 00000001800097bc f i umodsys_lib_libui:umodsys.mod.ui.frames.obj
 0001:000087bc       ?get_cell_size@RMultiImage2D_SDL_ttf@SDL_core@ui@modules@UModSys@@UEAA_NHAEAU?$TVector2@H@math3d@5@PEAU675@@Z 00000001800097bc f i umodsys_lib_libui:umodsys.mod.ui.SDL_core.obj
 0001:000087bc       ?command_draw@RTest1_Shell@test1@test@modules@UModSys@@UEAA_NAEBUSController@libui@5@PEAUIRenderDriver@lib2d@5@AEBU?$TBoundBox2@H@math3d@5@@Z 00000001800097bc f i plugin_test1.obj
 0001:000087bc       ?key_event@RFrame_Common@frames@ui@modules@UModSys@@MEAA_NAEBUSKeyboardInputRaw@libui@5@@Z 00000001800097bc f i umodsys_lib_libui:umodsys.mod.ui.frames.obj
 0001:000087bc       ?mouse_reset@RMouseController@SDL_core@ui@modules@UModSys@@UEAA_NXZ 00000001800097bc f i umodsys_lib_libui:umodsys.mod.ui.SDL_core.obj
 0001:000087bc       ?set_parameters@RRenderDriver2D@SDL_core@ui@modules@UModSys@@UEAA_NPEBDAEBUSParameters@core@5@@Z 00000001800097bc f i umodsys_lib_libui:umodsys.mod.ui.SDL_core.obj
 0001:000087bc       ?mouse_setvisible@RMouseController@SDL_core@ui@modules@UModSys@@UEAA_N_N@Z 00000001800097bc f i umodsys_lib_libui:umodsys.mod.ui.SDL_core.obj
 0001:000087bc       ?key_reset@RKeyboardController@SDL_core@ui@modules@UModSys@@UEAA_NXZ 00000001800097bc f i umodsys_lib_libui:umodsys.mod.ui.SDL_core.obj
 0001:000087bc       ?output_attach_3d@RCollector@frames@ui@modules@UModSys@@UEAA_NPEAUIRenderDriver@lib3d@5@H@Z 00000001800097bc f i umodsys_lib_libui:umodsys.mod.ui.frames.obj
 0001:000087bc       ?filter_load@RMediaFilter@images_std@media@modules@UModSys@@UEAA_NAEBUSInfo@IBinObjFilter@libmedia@5@AEAU?$TRefObject@UIRefObject@core@UModSys@@U?$TRefObjectFunc@UIRefObject@core@UModSys@@@tl@3@@tl@5@@Z 00000001800097bc f i umodsys_lib_libmedia:umodsys.mod.media.images_std.obj
 0001:000087bc       ?set_fixed_cell@RMultiImage2D_SDL_ttf@SDL_core@ui@modules@UModSys@@UEAA_NHH@Z 00000001800097bc f i umodsys_lib_libui:umodsys.mod.ui.SDL_core.obj
 0001:000087bc       ?get_max_cell_size@RMultiImage2D_SDL_ttf@SDL_core@ui@modules@UModSys@@UEAA_NAEAU?$TVector2@H@math3d@5@@Z 00000001800097bc f i umodsys_lib_libui:umodsys.mod.ui.SDL_core.obj
 0001:000087bc       ?set_hint@RMultiImage2D_SDL_ttf@SDL_core@ui@modules@UModSys@@UEAA_NPEBD0@Z 00000001800097bc f i umodsys_lib_libui:umodsys.mod.ui.SDL_core.obj
 0001:000087c0       ?button_draw@RFrame_Common@frames@ui@modules@UModSys@@MEAA_NPEAUSButton@2345@AEBUSDrawState@2345@H@Z 00000001800097c0 f i umodsys_lib_libui:umodsys.mod.ui.frames.obj
 0001:000087c0       ?draw_pre@RFrame_Common@frames@ui@modules@UModSys@@MEAA_NAEBUSDrawState@2345@@Z 00000001800097c0 f i umodsys_lib_libui:umodsys.mod.ui.frames.obj
 0001:000087c0       ?button_cmd@RFrame_Common@frames@ui@modules@UModSys@@MEAA_NPEAUSButton@2345@HH@Z 00000001800097c0 f i umodsys_lib_libui:umodsys.mod.ui.frames.obj
 0001:000087c0       ?draw_post@RFrame_Common@frames@ui@modules@UModSys@@MEAA_NAEBUSDrawState@2345@@Z 00000001800097c0 f i umodsys_lib_libui:umodsys.mod.ui.frames.obj
 0001:000087c0       ?controller_update@RFrame_Common@frames@ui@modules@UModSys@@UEAA_NXZ 00000001800097c0 f i umodsys_lib_libui:umodsys.mod.ui.frames.obj
 0001:000087c4       ?set_flag@RFrame_Common@frames@ui@modules@UModSys@@UEAA_NH_N@Z 00000001800097c4 f   umodsys_lib_libui:umodsys.mod.ui.frames.obj
 0001:0000883c       ?get_flag@RFrame_Common@frames@ui@modules@UModSys@@UEAA_NH@Z 000000018000983c f   umodsys_lib_libui:umodsys.mod.ui.frames.obj
 0001:00008878       ?get_parent@RFrame_Common@frames@ui@modules@UModSys@@UEAAPEAUIFrame@libui@5@XZ 0000000180009878 f   umodsys_lib_libui:umodsys.mod.ui.frames.obj
 0001:00008880       ?find_context@RFrame_Common@frames@ui@modules@UModSys@@UEAAPEAUIFrame@libui@5@HPEAUIController@75@@Z 0000000180009880 f   umodsys_lib_libui:umodsys.mod.ui.frames.obj
 0001:00008910       ?configure@RFrame_Common@frames@ui@modules@UModSys@@UEAA_NPEBD0AEBUSParameters@core@5@@Z 0000000180009910 f   umodsys_lib_libui:umodsys.mod.ui.frames.obj
 0001:000089d8       ?draw@RFrame_Common@frames@ui@modules@UModSys@@MEAA_NAEBUSDrawState@2345@@Z 00000001800099d8 f   umodsys_lib_libui:umodsys.mod.ui.frames.obj
 0001:00008a70       ?draw_focus@RFrame_Common@frames@ui@modules@UModSys@@MEAA_NAEBUSDrawState@2345@@Z 0000000180009a70 f   umodsys_lib_libui:umodsys.mod.ui.frames.obj
 0001:00008b08       ?update_size@RFrame_Common@frames@ui@modules@UModSys@@MEAA_NAEBU?$TBoundBox2@H@math3d@5@@Z 0000000180009b08 f   umodsys_lib_libui:umodsys.mod.ui.frames.obj
 0001:00008b3c       ?set_fcp@RFrame_Common@frames@ui@modules@UModSys@@MEAA_NAEBUSFrameCreateParameters@libui@5@PEBUSParameters@core@5@@Z 0000000180009b3c f   umodsys_lib_libui:umodsys.mod.ui.frames.obj
 0001:00008c30       ?is_enabled@RFrame_Common@frames@ui@modules@UModSys@@MEAA_NXZ 0000000180009c30 f   umodsys_lib_libui:umodsys.mod.ui.frames.obj
[...]
 0001:000175e8       ??__E?s_id@?$TObjectUniqueID@URFrame_List@frames@ui@modules@UModSys@@@tl@UModSys@@2USUniquePointer@core@3@A@@YAXXZ 00000001800185e8 f    CIL library: CIL module
 0001:0001761c       ??__E?s_id@?$TObjectUniqueID@URCollector@frames@ui@modules@UModSys@@@tl@UModSys@@2USUniquePointer@core@3@A@@YAXXZ 000000018001861c f    CIL library: CIL module
 0001:00017650       ??__E?s_id@?$TObjectUniqueID@URGenerator@frames@ui@modules@UModSys@@@tl@UModSys@@2USUniquePointer@core@3@A@@YAXXZ 0000000180018650 f    CIL library: CIL module
 0001:00017684       ??__E?s_modreg@RModuleReg@images_std@media@modules@UModSys@@2U12345@A@@YAXXZ 0000000180018684 f    CIL library: CIL module
 0001:000176cc       ??__E?s_modreg_chain@RModuleReg@images_std@media@modules@UModSys@@2USModuleRegChain@base@5@A@@YAXXZ 00000001800186cc f    CIL library: CIL module
 0001:000176f4       ??__E?s_uid@RGenerator@images_std@media@modules@UModSys@@2USUniquePointer@core@5@A@@YAXXZ 00000001800186f4 f    CIL library: CIL module
 0001:00017728       ??__E?s_id@?$TObjectUniqueID@URMediaFilter@images_std@media@modules@UModSys@@@tl@UModSys@@2USUniquePointer@core@3@A@@YAXXZ 0000000180018728 f    CIL library: CIL module
 0001:0001775c       ??__E?s_id@?$TObjectUniqueID@URGenerator@images_std@media@modules@UModSys@@@tl@UModSys@@2USUniquePointer@core@3@A@@YAXXZ 000000018001875c f    CIL library: CIL module
 0001:00017790       ??__E?s_modreg@RModuleReg@serialize_json@media@modules@UModSys@@2U12345@A@@YAXXZ 0000000180018790 f    CIL library: CIL module
 0001:000177d8       ??__E?s_modreg_chain@RModuleReg@serialize_json@media@modules@UModSys@@2USModuleRegChain@base@5@A@@YAXXZ 00000001800187d8 f    CIL library: CIL module
 0001:00017800       ??__E?s_uid@RGenerator@serialize_json@media@modules@UModSys@@2USUniquePointer@core@5@A@@YAXXZ 0000000180018800 f    CIL library: CIL module
 0001:00017834       ??__E?s_id@?$TObjectUniqueID@URSerializeReader@serialize_json@media@modules@UModSys@@@tl@UModSys@@2USUniquePointer@core@3@A@@YAXXZ 0000000180018834 f    CIL library: CIL module
 0001:00017868       ??__E?s_id@?$TObjectUniqueID@URSerializeWriter@serialize_json@media@modules@UModSys@@@tl@UModSys@@2USUniquePointer@core@3@A@@YAXXZ 0000000180018868 f    CIL library: CIL module
 0001:0001789c       ??__E?s_id@?$TObjectUniqueID@URGenerator@serialize_json@media@modules@UModSys@@@tl@UModSys@@2USUniquePointer@core@3@A@@YAXXZ 000000018001889c f    CIL library: CIL module
 0001:000178d0       ??__EM@UModSys@@YAXXZ      00000001800188d0 f    CIL library: CIL module
 0001:000178dc       ??__E?root@SModuleRegChain@base@UModSys@@2U123@A@@YAXXZ 00000001800188dc f    CIL library: CIL module
 0001:000178e8       ??__E?s_library@RModuleLibraryReg_Chain@base@UModSys@@2U123@A@@YAXXZ 00000001800188e8 f    CIL library: CIL module
 0001:000178f4       ??__E?root@SUniquePointer@core@UModSys@@2U123@A@@YAXXZ 00000001800188f4 f    CIL library: CIL module
 0001:00017900       ??__F?s_modreg@RModuleReg@test1@test@modules@UModSys@@2U12345@A@@YAXXZ 0000000180018900 f    CIL library: CIL module
 0001:00017910       ??__F?s_modreg_chain@RModuleReg@test1@test@modules@UModSys@@2USModuleRegChain@base@5@A@@YAXXZ 0000000180018910 f    CIL library: CIL module
 0001:00017950       ??__F?s_uid@RGenerator@test1@test@modules@UModSys@@2USUniquePointer@core@5@A@@YAXXZ 0000000180018950 f    CIL library: CIL module
 0001:0001795c       ??__Fh@?1??s_holder@RGenerator@test1@test@modules@UModSys@@SAAEAU?$TTypeStaticHolder@URGenerator@test1@test@modules@UModSys@@@tl@5@XZ@YAXXZ 000000018001895c f    CIL library: CIL module
 0001:00017984       ??__F?s_id@?$TObjectUniqueID@URGenerator@test1@test@modules@UModSys@@@tl@UModSys@@2USUniquePointer@core@3@A@@YAXXZ 0000000180018984 f    CIL library: CIL module
 0001:00017990       ??__F?s_id@?$TObjectUniqueID@URTest1_Shell@test1@test@modules@UModSys@@@tl@UModSys@@2USUniquePointer@core@3@A@@YAXXZ 0000000180018990 f    CIL library: CIL module
 0001:0001799c       ??__F?s_id@?$TObjectUniqueID@URLines_Filter@test1@test@modules@UModSys@@@tl@UModSys@@2USUniquePointer@core@3@A@@YAXXZ 000000018001899c f    CIL library: CIL module
 0001:000179a8       ??__F?s_id@?$TObjectUniqueID@URLines@test1@test@modules@UModSys@@@tl@UModSys@@2USUniquePointer@core@3@A@@YAXXZ 00000001800189a8 f    CIL library: CIL module
 0001:000179b4       ??__F?s_id@?$TObjectUniqueID@UILines@test1@test@modules@UModSys@@@tl@UModSys@@2USUniquePointer@core@3@A@@YAXXZ 00000001800189b4 f    CIL library: CIL module
 0001:000179c0       ??__F?s_id@?$TObjectUniqueID@UIRenderDriver@lib2d@UModSys@@@tl@UModSys@@2USUniquePointer@core@3@A@@YAXXZ 00000001800189c0 f    CIL library: CIL module
 0001:000179cc       ??__F?s_id@?$TObjectUniqueID@UIMultiImage@lib2d@UModSys@@@tl@UModSys@@2USUniquePointer@core@3@A@@YAXXZ 00000001800189cc f    CIL library: CIL module
 0001:000179d8       ??__F?s_id@?$TObjectUniqueID@UIImage@lib2d@UModSys@@@tl@UModSys@@2USUniquePointer@core@3@A@@YAXXZ 00000001800189d8 f    CIL library: CIL module
 0001:000179e4       ??__F?s_id@?$TObjectUniqueID@UIDialog@libui@UModSys@@@tl@UModSys@@2USUniquePointer@core@3@A@@YAXXZ 00000001800189e4 f    CIL library: CIL module
 0001:000179f0       ??__F?s_id@?$TObjectUniqueID@UIFrame@libui@UModSys@@@tl@UModSys@@2USUniquePointer@core@3@A@@YAXXZ 00000001800189f0 f    CIL library: CIL module
 0001:000179fc       ??__F?s_id@?$TObjectUniqueID@UIAsyncCollector@libui@UModSys@@@tl@UModSys@@2USUniquePointer@core@3@A@@YAXXZ 00000001800189fc f    CIL library: CIL module
 0001:00017a08       ??__F?s_id@?$TObjectUniqueID@UIAsyncController@libui@UModSys@@@tl@UModSys@@2USUniquePointer@core@3@A@@YAXXZ 0000000180018a08 f    CIL library: CIL module
 0001:00017a14       ??__F?s_id@?$TObjectUniqueID@UICollector@libui@UModSys@@@tl@UModSys@@2USUniquePointer@core@3@A@@YAXXZ 0000000180018a14 f    CIL library: CIL module
 0001:00017a20       ??__F?s_id@?$TObjectUniqueID@UIConsoleHelperInput_UIKey@libui@UModSys@@@tl@UModSys@@2USUniquePointer@core@3@A@@YAXXZ 0000000180018a20 f    CIL library: CIL module
 0001:00017a2c       ??__F?s_id@?$TObjectUniqueID@UITerminal@libui@UModSys@@@tl@UModSys@@2USUniquePointer@core@3@A@@YAXXZ 0000000180018a2c f    CIL library: CIL module
 0001:00017a38       ??__F?s_id@?$TObjectUniqueID@UIJoystickController@libui@UModSys@@@tl@UModSys@@2USUniquePointer@core@3@A@@YAXXZ 0000000180018a38 f    CIL library: CIL module
 0001:00017a44       ??__F?s_id@?$TObjectUniqueID@UIMouseController@libui@UModSys@@@tl@UModSys@@2USUniquePointer@core@3@A@@YAXXZ 0000000180018a44 f    CIL library: CIL module
 0001:00017a50       ??__F?s_id@?$TObjectUniqueID@UIKeyboardController@libui@UModSys@@@tl@UModSys@@2USUniquePointer@core@3@A@@YAXXZ 0000000180018a50 f    CIL library: CIL module
 0001:00017a5c       ??__F?s_id@?$TObjectUniqueID@UIConsoleHelperOutputFCS@base@UModSys@@@tl@UModSys@@2USUniquePointer@core@3@A@@YAXXZ 0000000180018a5c f    CIL library: CIL module
 0001:00017a68       ??__F?s_id@?$TObjectUniqueID@UIConsoleHelperOutput@base@UModSys@@@tl@UModSys@@2USUniquePointer@core@3@A@@YAXXZ 0000000180018a68 f    CIL library: CIL module
 0001:00017a74       ??__F?s_id@?$TObjectUniqueID@UIConsoleHelperInput@base@UModSys@@@tl@UModSys@@2USUniquePointer@core@3@A@@YAXXZ 0000000180018a74 f    CIL library: CIL module
 0001:00017a80       ??__F?s_id@?$TObjectUniqueID@UIConsoleHelperHistory@base@UModSys@@@tl@UModSys@@2USUniquePointer@core@3@A@@YAXXZ 0000000180018a80 f    CIL library: CIL module
 0001:00017a8c       ??__F?s_id@?$TObjectUniqueID@UIConsoleHelper@base@UModSys@@@tl@UModSys@@2USUniquePointer@core@3@A@@YAXXZ 0000000180018a8c f    CIL library: CIL module
 0001:00017a98       ??__F?s_id@?$TObjectUniqueID@UIConsoleExt@base@UModSys@@@tl@UModSys@@2USUniquePointer@core@3@A@@YAXXZ 0000000180018a98 f    CIL library: CIL module
 0001:00017aa4       ??__F?s_id@?$TObjectUniqueID@UISerializeWriter@libmedia@UModSys@@@tl@UModSys@@2USUniquePointer@core@3@A@@YAXXZ 0000000180018aa4 f    CIL library: CIL module
 0001:00017ab0       ??__F?s_id@?$TObjectUniqueID@UISerializeReader@libmedia@UModSys@@@tl@UModSys@@2USUniquePointer@core@3@A@@YAXXZ 0000000180018ab0 f    CIL library: CIL module
 0001:00017abc       ??__F?s_id@?$TObjectUniqueID@UILibraryLayered@libmedia@UModSys@@@tl@UModSys@@2USUniquePointer@core@3@A@@YAXXZ 0000000180018abc f    CIL library: CIL module
 0001:00017ac8       ??__F?s_id@?$TObjectUniqueID@UILibraryObjCache@libmedia@UModSys@@@tl@UModSys@@2USUniquePointer@core@3@A@@YAXXZ 0000000180018ac8 f    CIL library: CIL module
 0001:00017ad4       ??__F?s_id@?$TObjectUniqueID@UILibraryObjFilter@libmedia@UModSys@@@tl@UModSys@@2USUniquePointer@core@3@A@@YAXXZ 0000000180018ad4 f    CIL library: CIL module
 0001:00017ae0       ??__F?s_id@?$TObjectUniqueID@UILibraryBinCache@libmedia@UModSys@@@tl@UModSys@@2USUniquePointer@core@3@A@@YAXXZ 0000000180018ae0 f    CIL library: CIL module
 0001:00017aec       ??__F?s_id@?$TObjectUniqueID@UILibraryBinTree@libmedia@UModSys@@@tl@UModSys@@2USUniquePointer@core@3@A@@YAXXZ 0000000180018aec f    CIL library: CIL module
 0001:00017af8       ??__F?s_id@?$TObjectUniqueID@UILibrary@libmedia@UModSys@@@tl@UModSys@@2USUniquePointer@core@3@A@@YAXXZ 0000000180018af8 f    CIL library: CIL module
 0001:00017b04       ??__F?s_id@?$TObjectUniqueID@UIBinObjFilter@libmedia@UModSys@@@tl@UModSys@@2USUniquePointer@core@3@A@@YAXXZ 0000000180018b04 f    CIL library: CIL module
 0001:00017b10       ??__F?s_id@?$TObjectUniqueID@UIBinArchive@libmedia@UModSys@@@tl@UModSys@@2USUniquePointer@core@3@A@@YAXXZ 0000000180018b10 f    CIL library: CIL module
 0001:00017b1c       ??__F?s_id@?$TObjectUniqueID@UIStreamWriter@libmedia@UModSys@@@tl@UModSys@@2USUniquePointer@core@3@A@@YAXXZ 0000000180018b1c f    CIL library: CIL module
 0001:00017b28       ??__F?s_id@?$TObjectUniqueID@UIStreamReader@libmedia@UModSys@@@tl@UModSys@@2USUniquePointer@core@3@A@@YAXXZ 0000000180018b28 f    CIL library: CIL module
 0001:00017b34       ??__F?s_id@?$TObjectUniqueID@UISystem@base@UModSys@@@tl@UModSys@@2USUniquePointer@core@3@A@@YAXXZ 0000000180018b34 f    CIL library: CIL module
 0001:00017b40       ??__F?s_id@?$TObjectUniqueID@UIConsole@base@UModSys@@@tl@UModSys@@2USUniquePointer@core@3@A@@YAXXZ 0000000180018b40 f    CIL library: CIL module
 0001:00017b4c       ??__F?s_id@?$TObjectUniqueID@UIShell@base@UModSys@@@tl@UModSys@@2USUniquePointer@core@3@A@@YAXXZ 0000000180018b4c f    CIL library: CIL module
 0001:00017b58       ??__F?s_id@?$TObjectUniqueID@UIGenerator@base@UModSys@@@tl@UModSys@@2USUniquePointer@core@3@A@@YAXXZ 0000000180018b58 f    CIL library: CIL module
 0001:00017b64       ??__F?s_id@?$TObjectUniqueID@UIModObject@base@UModSys@@@tl@UModSys@@2USUniquePointer@core@3@A@@YAXXZ 0000000180018b64 f    CIL library: CIL module
 0001:00017b70       ??__F?s_id@?$TObjectUniqueID@UIModuleLibrary@base@UModSys@@@tl@UModSys@@2USUniquePointer@core@3@A@@YAXXZ 0000000180018b70 f    CIL library: CIL module
 0001:00017b7c       ??__F?s_id@?$TObjectUniqueID@UIModule@base@UModSys@@@tl@UModSys@@2USUniquePointer@core@3@A@@YAXXZ 0000000180018b7c f    CIL library: CIL module
 0001:00017b88       ??__F?s_id@?$TObjectUniqueID@UIParameters@core@UModSys@@@tl@UModSys@@2USUniquePointer@core@3@A@@YAXXZ 0000000180018b88 f    CIL library: CIL module
 0001:00017b94       ??__F?s_id@?$TObjectUniqueID@UIRefObject@core@UModSys@@@tl@UModSys@@2USUniquePointer@core@3@A@@YAXXZ 0000000180018b94 f    CIL library: CIL module
 0001:00017ba0       ??__F?s_id@?$TObjectUniqueID@UIRoot@core@UModSys@@@tl@UModSys@@2USUniquePointer@core@3@A@@YAXXZ 0000000180018ba0 f    CIL library: CIL module
 0001:00017bac       ??__F?s_modreg@RModuleReg@stdlib@lib2d@modules@UModSys@@2U12345@A@@YAXXZ 0000000180018bac f    CIL library: CIL module
 0001:00017bbc       ??__F?s_modreg_chain@RModuleReg@stdlib@lib2d@modules@UModSys@@2USModuleRegChain@base@5@A@@YAXXZ 0000000180018bbc f    CIL library: CIL module
 0001:00017bfc       ??__F?s_uid@RGenerator@stdlib@lib2d@modules@UModSys@@2USUniquePointer@core@5@A@@YAXXZ 0000000180018bfc f    CIL library: CIL module
 0001:00017c08       ??__Fh@?1??s_holder@RGenerator@stdlib@lib2d@modules@UModSys@@SAAEAU?$TTypeStaticHolder@URGenerator@stdlib@lib2d@modules@UModSys@@@tl@5@XZ@YAXXZ 0000000180018c08 f    CIL library: CIL module
 0001:00017c30       ??__F?s_id@?$TObjectUniqueID@URGenerator@stdlib@lib2d@modules@UModSys@@@tl@UModSys@@2USUniquePointer@core@3@A@@YAXXZ 0000000180018c30 f    CIL library: CIL module
 0001:00017c3c       ??__F?s_id@?$TObjectUniqueID@URImage_Memory@stdlib@lib2d@modules@UModSys@@@tl@UModSys@@2USUniquePointer@core@3@A@@YAXXZ 0000000180018c3c f    CIL library: CIL module
 0001:00017c48       ??__F?s_modreg@RModuleReg@SDL_core@ui@modules@UModSys@@2U12345@A@@YAXXZ 0000000180018c48 f    CIL library: CIL module
 0001:00017c58       ??__F?s_modreg_chain@RModuleReg@SDL_core@ui@modules@UModSys@@2USModuleRegChain@base@5@A@@YAXXZ 0000000180018c58 f    CIL library: CIL module
 0001:00017c98       ??__F?s_uid@RGenerator@SDL_core@ui@modules@UModSys@@2USUniquePointer@core@5@A@@YAXXZ 0000000180018c98 f    CIL library: CIL module
 0001:00017ca4       ??__Fh@?1??s_holder@RGenerator@SDL_core@ui@modules@UModSys@@SAAEAU?$TTypeStaticHolder@URGenerator@SDL_core@ui@modules@UModSys@@@tl@5@XZ@YAXXZ 0000000180018ca4 f    CIL library: CIL module
 0001:00017ccc       ??__F?s_id@?$TObjectUniqueID@URGenerator@SDL_core@ui@modules@UModSys@@@tl@UModSys@@2USUniquePointer@core@3@A@@YAXXZ 0000000180018ccc f    CIL library: CIL module
 0001:00017cd8       ??__F?s_id@?$TObjectUniqueID@URTerminal@SDL_core@ui@modules@UModSys@@@tl@UModSys@@2USUniquePointer@core@3@A@@YAXXZ 0000000180018cd8 f    CIL library: CIL module
 0001:00017ce4       ??__F?s_id@?$TObjectUniqueID@URKeyboardController@SDL_core@ui@modules@UModSys@@@tl@UModSys@@2USUniquePointer@core@3@A@@YAXXZ 0000000180018ce4 f    CIL library: CIL module
 0001:00017cf0       ??__F?s_id@?$TObjectUniqueID@URMouseController@SDL_core@ui@modules@UModSys@@@tl@UModSys@@2USUniquePointer@core@3@A@@YAXXZ 0000000180018cf0 f    CIL library: CIL module
 0001:00017cfc       ??__F?s_id@?$TObjectUniqueID@URRenderDriver2D@SDL_core@ui@modules@UModSys@@@tl@UModSys@@2USUniquePointer@core@3@A@@YAXXZ 0000000180018cfc f    CIL library: CIL module
 0001:00017d08       ??__F?s_id@?$TObjectUniqueID@URMultiImage2D_SDL_ttf@SDL_core@ui@modules@UModSys@@@tl@UModSys@@2USUniquePointer@core@3@A@@YAXXZ 0000000180018d08 f    CIL library: CIL module
 0001:00017d14       ??__F?s_modreg@RModuleReg@frames@ui@modules@UModSys@@2U12345@A@@YAXXZ 0000000180018d14 f    CIL library: CIL module
 0001:00017d24       ??__F?s_modreg_chain@RModuleReg@frames@ui@modules@UModSys@@2USModuleRegChain@base@5@A@@YAXXZ 0000000180018d24 f    CIL library: CIL module
 0001:00017d64       ??__F?s_uid@RGenerator@frames@ui@modules@UModSys@@2USUniquePointer@core@5@A@@YAXXZ 0000000180018d64 f    CIL library: CIL module
 0001:00017d70       ??__Fh@?1??s_holder@RGenerator@frames@ui@modules@UModSys@@SAAEAU?$TTypeStaticHolder@URGenerator@frames@ui@modules@UModSys@@@tl@5@XZ@YAXXZ 0000000180018d70 f    CIL library: CIL module
 0001:00017d98       ??__F?s_id@?$TObjectUniqueID@URGenerator@frames@ui@modules@UModSys@@@tl@UModSys@@2USUniquePointer@core@3@A@@YAXXZ 0000000180018d98 f    CIL library: CIL module
 0001:00017da4       ??__F?s_id@?$TObjectUniqueID@URCollector@frames@ui@modules@UModSys@@@tl@UModSys@@2USUniquePointer@core@3@A@@YAXXZ 0000000180018da4 f    CIL library: CIL module
 0001:00017db0       ??__F?s_id@?$TObjectUniqueID@URFrame_List@frames@ui@modules@UModSys@@@tl@UModSys@@2USUniquePointer@core@3@A@@YAXXZ 0000000180018db0 f    CIL library: CIL module
 0001:00017dbc       ??__F?s_id@?$TObjectUniqueID@URFrame_Edit@frames@ui@modules@UModSys@@@tl@UModSys@@2USUniquePointer@core@3@A@@YAXXZ 0000000180018dbc f    CIL library: CIL module
 0001:00017dc8       ??__F?s_id@?$TObjectUniqueID@URFrame_Button@frames@ui@modules@UModSys@@@tl@UModSys@@2USUniquePointer@core@3@A@@YAXXZ 0000000180018dc8 f    CIL library: CIL module
 0001:00017dd4       ??__F?s_id@?$TObjectUniqueID@URFrame_Text@frames@ui@modules@UModSys@@@tl@UModSys@@2USUniquePointer@core@3@A@@YAXXZ 0000000180018dd4 f    CIL library: CIL module
 0001:00017de0       ??__F?s_id@?$TObjectUniqueID@URFrame_Image@frames@ui@modules@UModSys@@@tl@UModSys@@2USUniquePointer@core@3@A@@YAXXZ 0000000180018de0 f    CIL library: CIL module
 0001:00017dec       ??__F?s_id@?$TObjectUniqueID@URFrame_Frame@frames@ui@modules@UModSys@@@tl@UModSys@@2USUniquePointer@core@3@A@@YAXXZ 0000000180018dec f    CIL library: CIL module
 0001:00017df8       ??__F?s_id@?$TObjectUniqueID@URDialog@frames@ui@modules@UModSys@@@tl@UModSys@@2USUniquePointer@core@3@A@@YAXXZ 0000000180018df8 f    CIL library: CIL module
 0001:00017e04       ??__F?s_id@?$TObjectUniqueID@URFrame_Common@frames@ui@modules@UModSys@@@tl@UModSys@@2USUniquePointer@core@3@A@@YAXXZ 0000000180018e04 f    CIL library: CIL module
 0001:00017e10       ??__F?s_modreg@RModuleReg@images_std@media@modules@UModSys@@2U12345@A@@YAXXZ 0000000180018e10 f    CIL library: CIL module
 0001:00017e20       ??__F?s_modreg_chain@RModuleReg@images_std@media@modules@UModSys@@2USModuleRegChain@base@5@A@@YAXXZ 0000000180018e20 f    CIL library: CIL module
 0001:00017e60       ??__F?s_uid@RGenerator@images_std@media@modules@UModSys@@2USUniquePointer@core@5@A@@YAXXZ 0000000180018e60 f    CIL library: CIL module
 0001:00017e6c       ??__Fh@?1??s_holder@RGenerator@images_std@media@modules@UModSys@@SAAEAU?$TTypeStaticHolder@URGenerator@images_std@media@modules@UModSys@@@tl@5@XZ@YAXXZ 0000000180018e6c f    CIL library: CIL module
 0001:00017e94       ??__F?s_id@?$TObjectUniqueID@URGenerator@images_std@media@modules@UModSys@@@tl@UModSys@@2USUniquePointer@core@3@A@@YAXXZ 0000000180018e94 f    CIL library: CIL module
 0001:00017ea0       ??__F?s_id@?$TObjectUniqueID@URMediaFilter@images_std@media@modules@UModSys@@@tl@UModSys@@2USUniquePointer@core@3@A@@YAXXZ 0000000180018ea0 f    CIL library: CIL module
 0001:00017eac       ??__F?s_modreg@RModuleReg@serialize_json@media@modules@UModSys@@2U12345@A@@YAXXZ 0000000180018eac f    CIL library: CIL module
 0001:00017ebc       ??__F?s_modreg_chain@RModuleReg@serialize_json@media@modules@UModSys@@2USModuleRegChain@base@5@A@@YAXXZ 0000000180018ebc f    CIL library: CIL module
 0001:00017efc       ??__F?s_uid@RGenerator@serialize_json@media@modules@UModSys@@2USUniquePointer@core@5@A@@YAXXZ 0000000180018efc f    CIL library: CIL module
 0001:00017f08       ??__Fh@?1??s_holder@RGenerator@serialize_json@media@modules@UModSys@@SAAEAU?$TTypeStaticHolder@URGenerator@serialize_json@media@modules@UModSys@@@tl@5@XZ@YAXXZ 0000000180018f08 f    CIL library: CIL module
 0001:00017f30       ??__F?s_id@?$TObjectUniqueID@URGenerator@serialize_json@media@modules@UModSys@@@tl@UModSys@@2USUniquePointer@core@3@A@@YAXXZ 0000000180018f30 f    CIL library: CIL module
 0001:00017f3c       ??__F?s_id@?$TObjectUniqueID@URSerializeWriter@serialize_json@media@modules@UModSys@@@tl@UModSys@@2USUniquePointer@core@3@A@@YAXXZ 0000000180018f3c f    CIL library: CIL module
 0001:00017f48       ??__F?s_id@?$TObjectUniqueID@URSerializeReader@serialize_json@media@modules@UModSys@@@tl@UModSys@@2USUniquePointer@core@3@A@@YAXXZ 0000000180018f48 f    CIL library: CIL module
 0001:00017f54       ??__FM@UModSys@@YAXXZ      0000000180018f54 f    CIL library: CIL module
 0001:00017f58       ??__F?root@SModuleRegChain@base@UModSys@@2U123@A@@YAXXZ 0000000180018f58 f    CIL library: CIL module
 0001:00017f98       ??__F?s_library@RModuleLibraryReg_Chain@base@UModSys@@2U123@A@@YAXXZ 0000000180018f98 f    CIL library: CIL module
 0001:00017fa8       ??__F?root@SUniquePointer@core@UModSys@@2U123@A@@YAXXZ 0000000180018fa8 f    CIL library: CIL module

 Exports

  ordinal    name

        1    UModSys_Plugin_Entry2
