 plugin_test1

 Timestamp is 5280aaa3 (Mon Nov 11 13:00:03 2013)

 Preferred load address is 0000000180000000

 Start         Length     Name                   Class
 0001:00000000 00006e56H .text                   CODE
 0001:00006e60 0000005eH .text$00                CODE
 0001:00006ec0 00000848H .text$x                 CODE
 0001:00007708 00000bf8H .text$yc                CODE
 0001:00008300 00000420H .text$yd                CODE
 0002:00000000 000002d8H .idata$5                DATA
 0002:000002d8 00000008H .CRT$XCA                DATA
 0002:000002e0 00000738H .CRT$XCU                DATA
 0002:00000a18 00000008H .CRT$XCZ                DATA
 0002:00000a20 00000008H .CRT$XIA                DATA
 0002:00000a28 00000008H .CRT$XIAA               DATA
 0002:00000a30 00000008H .CRT$XIZ                DATA
 0002:00000a40 00001c68H .rdata                  DATA
 0002:000026a8 0000107cH .rdata$r                DATA
 0002:00003728 00000008H .rtc$IAA                DATA
 0002:00003730 00000008H .rtc$IZZ                DATA
 0002:00003738 00000008H .rtc$TAA                DATA
 0002:00003740 00000008H .rtc$TZZ                DATA
 0002:00003748 00000df8H .xdata                  DATA
 0002:00004540 00000064H .idata$2                DATA
 0002:000045a4 00000014H .idata$3                DATA
 0002:000045b8 000002d8H .idata$4                DATA
 0002:00004890 000006a8H .idata$6                DATA
 0002:00004f40 00000059H .edata                  DATA
 0003:00000000 000008d0H .data                   DATA
 0003:000008d0 00000be0H .bss                    DATA
 0004:00000000 00000bb8H .pdata                  DATA

  Address         Publics by Value              Rva+Base               Lib:Object

 0000:00000000       ___safe_se_handler_table   0000000000000000     <absolute>
 0000:00000000       ___safe_se_handler_count   0000000000000000     <absolute>
 0000:00000000       __ImageBase                0000000180000000     <linker-defined>
 0001:00000000       ??1SMemShared@core@UModSys@@QEAA@XZ 0000000180001000 f i plugin_test1.obj
 0001:00000024       ??6SUniquePtrList@core@UModSys@@QEAAAEAU012@PEBUSUniquePointerInfo@12@@Z 0000000180001024 f i plugin_test1.obj
 0001:000000dc       ??3IRoot@core@UModSys@@SAXPEAXAEBUSIMemAlloc@12@@Z 00000001800010dc f i plugin_test1.obj
 0001:00000108       ??1IBinObjFilter@libmedia@UModSys@@UEAA@XZ 0000000180001108 f i plugin_test1.obj
 0001:00000108       ??1ITerminal@libui@UModSys@@UEAA@XZ 0000000180001108 f i umodsys_lib_libui:umodsys.mod.ui.SDL_core.obj
 0001:00000108       ??1IMouseController@libui@UModSys@@UEAA@XZ 0000000180001108 f i umodsys_lib_libui:umodsys.mod.ui.SDL_core.obj
 0001:00000108       ??1IKeyboardController@libui@UModSys@@UEAA@XZ 0000000180001108 f i umodsys_lib_libui:umodsys.mod.ui.SDL_core.obj
 0001:00000108       ??1IShell@base@UModSys@@UEAA@XZ 0000000180001108 f i plugin_test1.obj
 0001:00000108       ??1IMultiImage@lib2d@UModSys@@UEAA@XZ 0000000180001108 f i umodsys_lib_libui:umodsys.mod.ui.SDL_core.obj
 0001:00000108       ??1IRenderDriver@lib2d@UModSys@@UEAA@XZ 0000000180001108 f i umodsys_lib_libui:umodsys.mod.ui.SDL_core.obj
 0001:00000114       ?root_get_interface_info@RTest1_Shell@test1@test@modules@UModSys@@UEBAAEBUSUniquePointerInfo@core@5@XZ 0000000180001114 f i plugin_test1.obj
 0001:0000011c       ?root_get_interface_type@RTest1_Shell@test1@test@modules@UModSys@@UEBAPEBUSUniquePointerInfo@core@5@XZ 000000018000111c f i plugin_test1.obj
 0001:00000124       ?root_get_other_interface@RTest1_Shell@test1@test@modules@UModSys@@UEBAPEBUIRoot@core@5@PEBUSUniquePointerInfo@75@@Z 0000000180001124 f i plugin_test1.obj
 0001:00000124       ?root_get_other_interface@RTest1_Shell@test1@test@modules@UModSys@@UEAAPEAUIRoot@core@5@PEBUSUniquePointerInfo@75@@Z 0000000180001124 f i plugin_test1.obj
 0001:00000154       ?root_is_interface_supported@RTest1_Shell@test1@test@modules@UModSys@@UEBA_NPEBUSUniquePointerInfo@core@5@@Z 0000000180001154 f i plugin_test1.obj
 0001:00000184       ?ref_add@RTest1_Shell@test1@test@modules@UModSys@@UEBAXXZ 0000000180001184 f i plugin_test1.obj
 0001:00000188       ?ref_remove@RTest1_Shell@test1@test@modules@UModSys@@UEBAXXZ 0000000180001188 f i plugin_test1.obj
 0001:000001a0       ?ref_links@RTest1_Shell@test1@test@modules@UModSys@@UEBAHXZ 00000001800011a0 f i plugin_test1.obj
 0001:000001a4       ?ref_weak@RTest1_Shell@test1@test@modules@UModSys@@UEBA_NAEAUWeakPointer@IRefObject@core@5@@Z 00000001800011a4 f i plugin_test1.obj
 0001:000001c4       ?suicide@RTest1_Shell@test1@test@modules@UModSys@@UEAAXXZ 00000001800011c4 f i plugin_test1.obj
 0001:00000210       ??0RTest1_Shell@test1@test@modules@UModSys@@QEAA@PEAUIModObject@base@4@@Z 0000000180001210 f i plugin_test1.obj
 0001:00000334       ?connect@RTest1_Shell@test1@test@modules@UModSys@@UEAA_NXZ 0000000180001334 f i plugin_test1.obj
 0001:00000358       ?disconnect@RTest1_Shell@test1@test@modules@UModSys@@UEAA_NXZ 0000000180001358 f i plugin_test1.obj
 0001:0000037c       ?process_tick@RTest1_Shell@test1@test@modules@UModSys@@UEAA_NAEBUSTimeMsec@core@5@@Z 000000018000137c f i plugin_test1.obj
 0001:000003b4       ?process_command@RTest1_Shell@test1@test@modules@UModSys@@UEAA_NHQEBU?$TString@U?$TSCoreConst@D@su@tl@UModSys@@U?$TComparerBinaryHash@D@234@@tl@5@@Z 00000001800013b4 f i plugin_test1.obj
 0001:000003d8       ??_ERTest1_Shell@test1@test@modules@UModSys@@UEAAPEAXI@Z 00000001800013d8 f i  CIL library: CIL module
 0001:000003d8       ??_GRTest1_Shell@test1@test@modules@UModSys@@UEAAPEAXI@Z 00000001800013d8 f i plugin_test1.obj
 0001:00000488       ??1?$TParametersA@$0EAA@@core@UModSys@@QEAA@XZ 0000000180001488 f i plugin_test1.obj
 0001:00000488       ??1SParameters@core@UModSys@@QEAA@XZ 0000000180001488 f i plugin_test1.obj
 0001:000004a4       ?ui_newterm@RTest1_Shell@test1@test@modules@UModSys@@QEAA?AU?$TRefObject@UITerminal@libui@UModSys@@U?$TRefObjectFunc@UITerminal@libui@UModSys@@@tl@3@@tl@5@AEBU?$TString@U?$TSCoreConst@D@su@tl@UModSys@@U?$TComparerBinaryHash@D@234@@75@AEBUSParameters@core@5@@Z 00000001800014a4 f   plugin_test1.obj
 0001:00000628       ?key_pressed@RTest1_Shell@test1@test@modules@UModSys@@UEAA_NAEBUSKeyboardInputRaw@libui@5@@Z 0000000180001628 f   plugin_test1.obj
 0001:00000688       ?key_text@RTest1_Shell@test1@test@modules@UModSys@@UEAA_NAEBUSKeyboardInputText@libui@5@@Z 0000000180001688 f   plugin_test1.obj
 0001:0000070c       ?mouse_event@RTest1_Shell@test1@test@modules@UModSys@@UEAA_NAEBUSMouseInput@libui@5@@Z 000000018000170c f   plugin_test1.obj
 0001:000007b0       ?ui_test1@RTest1_Shell@test1@test@modules@UModSys@@QEAAXXZ 00000001800017b0 f   plugin_test1.obj
 0001:0000129c       ?get_generated_names@RGenerator@test1@test@modules@UModSys@@UEBAHAEAUSUniquePtrList@core@5@@Z 000000018000229c f i plugin_test1.obj
 0001:000012bc       ?get_generated_types@RGenerator@test1@test@modules@UModSys@@UEBAHAEAUSUniquePtrList@core@5@PEBUSUniquePointerInfo@75@@Z 00000001800022bc f i plugin_test1.obj
 0001:00001318       ?generate@RGenerator@test1@test@modules@UModSys@@UEAA_NAEAU?$TRefObject@UIRefObject@core@UModSys@@U?$TRefObjectFunc@UIRefObject@core@UModSys@@@tl@3@@tl@5@PEBUSUniquePointerInfo@core@5@AEBUSParameters@95@@Z 0000000180002318 f i plugin_test1.obj
 0001:000013dc       ?root_get_interface_info@RGenerator@test1@test@modules@UModSys@@UEBAAEBUSUniquePointerInfo@core@5@XZ 00000001800023dc f i plugin_test1.obj
 0001:000013e4       ?root_get_interface_type@RGenerator@test1@test@modules@UModSys@@UEBAPEBUSUniquePointerInfo@core@5@XZ 00000001800023e4 f i plugin_test1.obj
 0001:000013ec       ?root_get_other_interface@RGenerator@test1@test@modules@UModSys@@UEAAPEAUIRoot@core@5@PEBUSUniquePointerInfo@75@@Z 00000001800023ec f i plugin_test1.obj
 0001:000013ec       ?root_get_other_interface@RGenerator@test1@test@modules@UModSys@@UEBAPEBUIRoot@core@5@PEBUSUniquePointerInfo@75@@Z 00000001800023ec f i plugin_test1.obj
 0001:00001424       ?root_is_interface_supported@RGenerator@test1@test@modules@UModSys@@UEBA_NPEBUSUniquePointerInfo@core@5@@Z 0000000180002424 f i plugin_test1.obj
 0001:0000145c       ?get_uid@RGenerator@test1@test@modules@UModSys@@UEBAPEBUSUniquePointerInfo@core@5@XZ 000000018000245c f i plugin_test1.obj
 0001:00001464       ?do_open@RModuleReg@test1@test@modules@UModSys@@UEAA_NXZ 0000000180002464 f i plugin_test1.obj
 0001:000014f0       ?do_close@RModuleReg@test1@test@modules@UModSys@@UEAA_NXZ 00000001800024f0 f i plugin_test1.obj
 0001:00001558       ??_GRModuleReg@SDL_core@ui@modules@UModSys@@UEAAPEAXI@Z 0000000180002558 f i umodsys_lib_libui:umodsys.mod.ui.SDL_core.obj
 0001:00001558       ??_ERModuleReg@SDL_core@ui@modules@UModSys@@UEAAPEAXI@Z 0000000180002558 f i  CIL library: CIL module
 0001:00001558       ??_EIModuleReg@base@UModSys@@UEAAPEAXI@Z 0000000180002558 f i  CIL library: CIL module
 0001:00001558       ??_GIModuleReg@base@UModSys@@UEAAPEAXI@Z 0000000180002558 f i umodsys_lib_base:umodsys.base.modulereg.obj
 0001:00001558       ??_GRModuleReg@test1@test@modules@UModSys@@UEAAPEAXI@Z 0000000180002558 f i plugin_test1.obj
 0001:00001558       ??_GRModuleReg@images_std@media@modules@UModSys@@UEAAPEAXI@Z 0000000180002558 f i umodsys_lib_libmedia:umodsys.mod.media.images_std.obj
 0001:00001558       ??_ERModuleReg@images_std@media@modules@UModSys@@UEAAPEAXI@Z 0000000180002558 f i  CIL library: CIL module
 0001:00001558       ??_ERModuleReg@test1@test@modules@UModSys@@UEAAPEAXI@Z 0000000180002558 f i  CIL library: CIL module
 0001:00001580       ?get_module@RGenerator@test1@test@modules@UModSys@@UEBAPEAUIModule@base@5@XZ 0000000180002580 f   plugin_test1.obj
 0001:00001588       ?mod_inc@RGenerator@test1@test@modules@UModSys@@UEBA_NXZ 0000000180002588 f   plugin_test1.obj
 0001:00001598       ?mod_dec@RGenerator@test1@test@modules@UModSys@@UEBA_NXZ 0000000180002598 f   plugin_test1.obj
 0001:000015ac       ?s_holder@RGenerator@test1@test@modules@UModSys@@SAAEAU?$TTypeStaticHolder@URGenerator@test1@test@modules@UModSys@@@tl@5@XZ 00000001800025ac f   plugin_test1.obj
 0001:000015f0       ??0?$TString@U?$TSCoreConst@D@su@tl@UModSys@@U?$TComparerBinaryHash@D@234@@tl@UModSys@@QEAA@PEBD@Z 00000001800025f0 f i plugin_test1.obj
 0001:0000165c       ??1?$TRefObject@URKeyboardController@SDL_core@ui@modules@UModSys@@U?$TRefObjectFunc@URKeyboardController@SDL_core@ui@modules@UModSys@@@tl@5@@tl@UModSys@@QEAA@XZ 000000018000265c f i umodsys_lib_libui:umodsys.mod.ui.SDL_core.obj
 0001:0000165c       ??1?$TRefObject@URMediaFilter@images_std@media@modules@UModSys@@U?$TRefObjectFunc@URMediaFilter@images_std@media@modules@UModSys@@@tl@5@@tl@UModSys@@QEAA@XZ 000000018000265c f i umodsys_lib_libmedia:umodsys.mod.media.images_std.obj
 0001:0000165c       ??1?$TRefObject@UIRefObject@core@UModSys@@U?$TRefObjectFunc@UIRefObject@core@UModSys@@@tl@3@@tl@UModSys@@QEAA@XZ 000000018000265c f i plugin_test1.obj
 0001:0000165c       ??1?$TRefObject@UIKeyboardController@libui@UModSys@@U?$TRefObjectFunc@UIKeyboardController@libui@UModSys@@@tl@3@@tl@UModSys@@QEAA@XZ 000000018000265c f i plugin_test1.obj
 0001:0000165c       ??1?$TRefObject@URMultiImage2D_SDL_ttf@SDL_core@ui@modules@UModSys@@U?$TRefObjectFunc@URMultiImage2D_SDL_ttf@SDL_core@ui@modules@UModSys@@@tl@5@@tl@UModSys@@QEAA@XZ 000000018000265c f i umodsys_lib_libui:umodsys.mod.ui.SDL_core.obj
 0001:0000165c       ??1?$TRefObject@UIMultiImage@lib2d@UModSys@@U?$TRefObjectFunc@UIMultiImage@lib2d@UModSys@@@tl@3@@tl@UModSys@@QEAA@XZ 000000018000265c f i plugin_test1.obj
 0001:0000165c       ??1?$TRefObject@URMouseController@SDL_core@ui@modules@UModSys@@U?$TRefObjectFunc@URMouseController@SDL_core@ui@modules@UModSys@@@tl@5@@tl@UModSys@@QEAA@XZ 000000018000265c f i umodsys_lib_libui:umodsys.mod.ui.SDL_core.obj
 0001:0000165c       ??1?$TRefObject@UITerminal@libui@UModSys@@U?$TRefObjectFunc@UITerminal@libui@UModSys@@@tl@3@@tl@UModSys@@QEAA@XZ 000000018000265c f i plugin_test1.obj
 0001:0000165c       ??1?$TRefObject@URRenderDriver2D@SDL_core@ui@modules@UModSys@@U?$TRefObjectFunc@URRenderDriver2D@SDL_core@ui@modules@UModSys@@@tl@5@@tl@UModSys@@QEAA@XZ 000000018000265c f i umodsys_lib_libui:umodsys.mod.ui.SDL_core.obj
 0001:0000165c       ??1?$TRefObject@UIRenderDriver@lib2d@UModSys@@U?$TRefObjectFunc@UIRenderDriver@lib2d@UModSys@@@tl@3@@tl@UModSys@@QEAA@XZ 000000018000265c f i plugin_test1.obj
 0001:0000165c       ??1?$TRefObject@URTerminal@SDL_core@ui@modules@UModSys@@U?$TRefObjectFunc@URTerminal@SDL_core@ui@modules@UModSys@@@tl@5@@tl@UModSys@@QEAA@XZ 000000018000265c f i umodsys_lib_libui:umodsys.mod.ui.SDL_core.obj
 0001:0000165c       ??1?$TRefObject@UIMouseController@libui@UModSys@@U?$TRefObjectFunc@UIMouseController@libui@UModSys@@@tl@3@@tl@UModSys@@QEAA@XZ 000000018000265c f i plugin_test1.obj
 0001:00001680       ??_GRGenerator@images_std@media@modules@UModSys@@UEAAPEAXI@Z 0000000180002680 f i umodsys_lib_libmedia:umodsys.mod.media.images_std.obj
 0001:00001680       ??_ERGenerator@images_std@media@modules@UModSys@@UEAAPEAXI@Z 0000000180002680 f i  CIL library: CIL module
 0001:00001680       ??_GRGenerator@SDL_core@ui@modules@UModSys@@UEAAPEAXI@Z 0000000180002680 f i umodsys_lib_libui:umodsys.mod.ui.SDL_core.obj
 0001:00001680       ??_GIRoot@core@UModSys@@UEAAPEAXI@Z 0000000180002680 f i plugin_test1.obj
 0001:00001680       ??_ERGenerator@test1@test@modules@UModSys@@UEAAPEAXI@Z 0000000180002680 f i  CIL library: CIL module
 0001:00001680       ??_EIRoot@core@UModSys@@UEAAPEAXI@Z 0000000180002680 f i  CIL library: CIL module
 0001:00001680       ??_ERGenerator@SDL_core@ui@modules@UModSys@@UEAAPEAXI@Z 0000000180002680 f i  CIL library: CIL module
 0001:00001680       ??_GRGenerator@test1@test@modules@UModSys@@UEAAPEAXI@Z 0000000180002680 f i plugin_test1.obj
 0001:000016a8       ??1?$TRefObject@UIModObject@base@UModSys@@U?$TModObjectFunc@UIModObject@base@UModSys@@@tl@3@@tl@UModSys@@QEAA@XZ 00000001800026a8 f i plugin_test1.obj
 0001:000016d4       ?utf_8to32@su@tl@UModSys@@YA_NAEAHAEAPEBDAEA_K@Z 00000001800026d4 f i umodsys_lib_libui:umodsys.mod.ui.SDL_core.obj
 0001:000017e8       ?root_get_interface_info@RMultiImage2D_SDL_ttf@SDL_core@ui@modules@UModSys@@UEBAAEBUSUniquePointerInfo@core@5@XZ 00000001800027e8 f i umodsys_lib_libui:umodsys.mod.ui.SDL_core.obj
 0001:000017f0       ?root_get_interface_type@RMultiImage2D_SDL_ttf@SDL_core@ui@modules@UModSys@@UEBAPEBUSUniquePointerInfo@core@5@XZ 00000001800027f0 f i umodsys_lib_libui:umodsys.mod.ui.SDL_core.obj
 0001:000017f8       ?root_get_other_interface@RMultiImage2D_SDL_ttf@SDL_core@ui@modules@UModSys@@UEAAPEAUIRoot@core@5@PEBUSUniquePointerInfo@75@@Z 00000001800027f8 f i umodsys_lib_libui:umodsys.mod.ui.SDL_core.obj
 0001:000017f8       ?root_get_other_interface@RMultiImage2D_SDL_ttf@SDL_core@ui@modules@UModSys@@UEBAPEBUIRoot@core@5@PEBUSUniquePointerInfo@75@@Z 00000001800027f8 f i umodsys_lib_libui:umodsys.mod.ui.SDL_core.obj
 0001:00001828       ?root_is_interface_supported@RMultiImage2D_SDL_ttf@SDL_core@ui@modules@UModSys@@UEBA_NPEBUSUniquePointerInfo@core@5@@Z 0000000180002828 f i umodsys_lib_libui:umodsys.mod.ui.SDL_core.obj
 0001:00001858       ??0RMultiImage2D_SDL_ttf@SDL_core@ui@modules@UModSys@@QEAA@PEAURRenderDriver2D@1234@AEBUSParameters@core@4@@Z 0000000180002858 f i umodsys_lib_libui:umodsys.mod.ui.SDL_core.obj
 0001:0000199c       ?generate_glyphs@RMultiImage2D_SDL_ttf@SDL_core@ui@modules@UModSys@@QEAA_NXZ 000000018000299c f i umodsys_lib_libui:umodsys.mod.ui.SDL_core.obj
 0001:00001b78       ?get_frame_values@RRenderDriver2D@SDL_core@ui@modules@UModSys@@UEBAPEBUSParameters@core@5@XZ 0000000180002b78 f i umodsys_lib_libui:umodsys.mod.ui.SDL_core.obj
 0001:00001b78       ?get_max_values@RRenderDriver2D@SDL_core@ui@modules@UModSys@@UEBAPEBUSParameters@core@5@XZ 0000000180002b78 f i umodsys_lib_libui:umodsys.mod.ui.SDL_core.obj
 0001:00001b78       ?get_handler@RTerminal@SDL_core@ui@modules@UModSys@@UEBAPEAUIRefObject@core@5@PEBUSUniquePointerInfo@75@PEBD@Z 0000000180002b78 f i umodsys_lib_libui:umodsys.mod.ui.SDL_core.obj
 0001:00001b78       ?get_friend_handler@RTerminal@SDL_core@ui@modules@UModSys@@UEBAPEAUIRefObject@core@5@PEBUSUniquePointerInfo@75@PEAU675@@Z 0000000180002b78 f i umodsys_lib_libui:umodsys.mod.ui.SDL_core.obj
 0001:00001b78       ?get_layer@RMultiImage2D_SDL_ttf@SDL_core@ui@modules@UModSys@@UEAAPEAUIImage@lib2d@5@H@Z 0000000180002b78 f i umodsys_lib_libui:umodsys.mod.ui.SDL_core.obj
 0001:00001b78       ?get_controller@RRenderDriver2D@SDL_core@ui@modules@UModSys@@UEBAPEAUIRefObject@core@5@PEBUSUniquePointerInfo@75@@Z 0000000180002b78 f i umodsys_lib_libui:umodsys.mod.ui.SDL_core.obj
 0001:00001b7c       ??_GRMultiImage2D_SDL_ttf@SDL_core@ui@modules@UModSys@@UEAAPEAXI@Z 0000000180002b7c f i umodsys_lib_libui:umodsys.mod.ui.SDL_core.obj
 0001:00001b7c       ??_ERMultiImage2D_SDL_ttf@SDL_core@ui@modules@UModSys@@UEAAPEAXI@Z 0000000180002b7c f i  CIL library: CIL module
 0001:00001c40       ?root_get_interface_info@RRenderDriver2D@SDL_core@ui@modules@UModSys@@UEBAAEBUSUniquePointerInfo@core@5@XZ 0000000180002c40 f i umodsys_lib_libui:umodsys.mod.ui.SDL_core.obj
 0001:00001c48       ?root_get_interface_type@RRenderDriver2D@SDL_core@ui@modules@UModSys@@UEBAPEBUSUniquePointerInfo@core@5@XZ 0000000180002c48 f i umodsys_lib_libui:umodsys.mod.ui.SDL_core.obj
 0001:00001c50       ?root_get_other_interface@RRenderDriver2D@SDL_core@ui@modules@UModSys@@UEBAPEBUIRoot@core@5@PEBUSUniquePointerInfo@75@@Z 0000000180002c50 f i umodsys_lib_libui:umodsys.mod.ui.SDL_core.obj
 0001:00001c50       ?root_get_other_interface@RRenderDriver2D@SDL_core@ui@modules@UModSys@@UEAAPEAUIRoot@core@5@PEBUSUniquePointerInfo@75@@Z 0000000180002c50 f i umodsys_lib_libui:umodsys.mod.ui.SDL_core.obj
 0001:00001c80       ?root_is_interface_supported@RRenderDriver2D@SDL_core@ui@modules@UModSys@@UEBA_NPEBUSUniquePointerInfo@core@5@@Z 0000000180002c80 f i umodsys_lib_libui:umodsys.mod.ui.SDL_core.obj
 0001:00001cb0       ??0RRenderDriver2D@SDL_core@ui@modules@UModSys@@QEAA@PEAURTerminal@1234@AEBUSParameters@core@4@@Z 0000000180002cb0 f i umodsys_lib_libui:umodsys.mod.ui.SDL_core.obj
 0001:00001ee4       ?set_color@RRenderDriver2D@SDL_core@ui@modules@UModSys@@QEAAXXZ 0000000180002ee4 f i umodsys_lib_libui:umodsys.mod.ui.SDL_core.obj
 0001:00001f58       ?begin@RRenderDriver2D@SDL_core@ui@modules@UModSys@@UEAAXXZ 0000000180002f58 f i umodsys_lib_libui:umodsys.mod.ui.SDL_core.obj
 0001:00001fc4       ?end@RRenderDriver2D@SDL_core@ui@modules@UModSys@@UEAAXXZ 0000000180002fc4 f i umodsys_lib_libui:umodsys.mod.ui.SDL_core.obj
 0001:00001fdc       ?get_cell_size@RMultiImage2D_SDL_ttf@SDL_core@ui@modules@UModSys@@UEAA_NHAEAU?$TVector2@H@math3d@5@PEAU675@@Z 0000000180002fdc f i umodsys_lib_libui:umodsys.mod.ui.SDL_core.obj
 0001:00001fdc       ?set_parameters@RRenderDriver2D@SDL_core@ui@modules@UModSys@@UEAA_NPEBDAEBUSParameters@core@5@@Z 0000000180002fdc f i umodsys_lib_libui:umodsys.mod.ui.SDL_core.obj
 0001:00001fdc       ?mouse_setvisible@RMouseController@SDL_core@ui@modules@UModSys@@UEAA_N_N@Z 0000000180002fdc f i umodsys_lib_libui:umodsys.mod.ui.SDL_core.obj
 0001:00001fdc       ?get_max_cell_size@RMultiImage2D_SDL_ttf@SDL_core@ui@modules@UModSys@@UEAA_NAEAU?$TVector2@H@math3d@5@@Z 0000000180002fdc f i umodsys_lib_libui:umodsys.mod.ui.SDL_core.obj
 0001:00001fdc       ?set_var_cell@RMultiImage2D_SDL_ttf@SDL_core@ui@modules@UModSys@@UEAA_NPEBUSImageCellInfo@lib2d@5@HH@Z 0000000180002fdc f i umodsys_lib_libui:umodsys.mod.ui.SDL_core.obj
 0001:00001fdc       ?key_setrepeat@RKeyboardController@SDL_core@ui@modules@UModSys@@UEAA_NMM@Z 0000000180002fdc f i umodsys_lib_libui:umodsys.mod.ui.SDL_core.obj
 0001:00001fdc       ?mouse_reset@RMouseController@SDL_core@ui@modules@UModSys@@UEAA_NXZ 0000000180002fdc f i umodsys_lib_libui:umodsys.mod.ui.SDL_core.obj
 0001:00001fdc       ?set_fixed_cell@RMultiImage2D_SDL_ttf@SDL_core@ui@modules@UModSys@@UEAA_NHH@Z 0000000180002fdc f i umodsys_lib_libui:umodsys.mod.ui.SDL_core.obj
 0001:00001fdc       ?set_layer_count@RMultiImage2D_SDL_ttf@SDL_core@ui@modules@UModSys@@UEAA_NH@Z 0000000180002fdc f i umodsys_lib_libui:umodsys.mod.ui.SDL_core.obj
 0001:00001fdc       ?key_setmodifier@RKeyboardController@SDL_core@ui@modules@UModSys@@UEAA_NHHH@Z 0000000180002fdc f i umodsys_lib_libui:umodsys.mod.ui.SDL_core.obj
 0001:00001fdc       ?mouse_setposition@RMouseController@SDL_core@ui@modules@UModSys@@UEAA_NHH@Z 0000000180002fdc f i umodsys_lib_libui:umodsys.mod.ui.SDL_core.obj
 0001:00001fdc       ?filter_load@RMediaFilter@images_std@media@modules@UModSys@@UEAA_NAEBUSInfo@IBinObjFilter@libmedia@5@AEAU?$TRefObject@UIRefObject@core@UModSys@@U?$TRefObjectFunc@UIRefObject@core@UModSys@@@tl@3@@tl@5@@Z 0000000180002fdc f i umodsys_lib_libmedia:umodsys.mod.media.images_std.obj
 0001:00001fdc       ?filter_save@RMediaFilter@images_std@media@modules@UModSys@@UEAA_NAEAUSInfo@IBinObjFilter@libmedia@5@PEBUIRefObject@core@5@@Z 0000000180002fdc f i umodsys_lib_libmedia:umodsys.mod.media.images_std.obj
 0001:00001fdc       ?key_reset@RKeyboardController@SDL_core@ui@modules@UModSys@@UEAA_NXZ 0000000180002fdc f i umodsys_lib_libui:umodsys.mod.ui.SDL_core.obj
 0001:00001fdc       ?set_hint@RMultiImage2D_SDL_ttf@SDL_core@ui@modules@UModSys@@UEAA_NPEBD0@Z 0000000180002fdc f i umodsys_lib_libui:umodsys.mod.ui.SDL_core.obj
 0001:00001fe0       ?setup_font@RRenderDriver2D@SDL_core@ui@modules@UModSys@@UEAA_NPEAUIMultiImage@lib2d@5@PEBU?$TVector2@M@math3d@5@@Z 0000000180002fe0 f i umodsys_lib_libui:umodsys.mod.ui.SDL_core.obj
 0001:000020a0       ?setup_color@RRenderDriver2D@SDL_core@ui@modules@UModSys@@UEAAXAEBU?$TVector3@M@math3d@5@@Z 00000001800030a0 f i umodsys_lib_libui:umodsys.mod.ui.SDL_core.obj
 0001:000020c8       ?setup_color@RRenderDriver2D@SDL_core@ui@modules@UModSys@@UEAAXAEBU?$TVector3@H@math3d@5@@Z 00000001800030c8 f i umodsys_lib_libui:umodsys.mod.ui.SDL_core.obj
 0001:00002118       ?setup_coloralpha@RRenderDriver2D@SDL_core@ui@modules@UModSys@@UEAAXAEBU?$TVector4@M@math3d@5@H@Z 0000000180003118 f i umodsys_lib_libui:umodsys.mod.ui.SDL_core.obj
 0001:0000213c       ?setup_coloralpha@RRenderDriver2D@SDL_core@ui@modules@UModSys@@UEAAXAEBU?$TVector4@H@math3d@5@H@Z 000000018000313c f i umodsys_lib_libui:umodsys.mod.ui.SDL_core.obj
 0001:000021a0       ?setup_blendcolor@RRenderDriver2D@SDL_core@ui@modules@UModSys@@UEAAXAEBUSBlendColor@lib2d@5@@Z 00000001800031a0 f i umodsys_lib_libui:umodsys.mod.ui.SDL_core.obj
 0001:00002208       ?setup_blendcolor@RRenderDriver2D@SDL_core@ui@modules@UModSys@@UEAAXAEBUSBlendColorf@lib2d@5@@Z 0000000180003208 f i umodsys_lib_libui:umodsys.mod.ui.SDL_core.obj
 0001:00002248       ?setup_alpha@RRenderDriver2D@SDL_core@ui@modules@UModSys@@UEAAXHH@Z 0000000180003248 f i umodsys_lib_libui:umodsys.mod.ui.SDL_core.obj
 0001:00002278       ?setup_alpha@RRenderDriver2D@SDL_core@ui@modules@UModSys@@UEAAXMH@Z 0000000180003278 f i umodsys_lib_libui:umodsys.mod.ui.SDL_core.obj
 0001:00002298       ?render_text_advanced@RRenderDriver2D@SDL_core@ui@modules@UModSys@@UEAA_NAEAUTextInfo@IRenderDriver@lib2d@5@PEBHH@Z 0000000180003298 f i umodsys_lib_libui:umodsys.mod.ui.SDL_core.obj
 0001:00002424       ?render_box@RRenderDriver2D@SDL_core@ui@modules@UModSys@@UEAAXAEBU?$TVector2@H@math3d@5@0@Z 0000000180003424 f i umodsys_lib_libui:umodsys.mod.ui.SDL_core.obj
 0001:00002470       ?render_tri@RRenderDriver2D@SDL_core@ui@modules@UModSys@@UEAAXAEBU?$TVector2@H@math3d@5@00@Z 0000000180003470 f i umodsys_lib_libui:umodsys.mod.ui.SDL_core.obj
 0001:000024e8       ?render_quad@RRenderDriver2D@SDL_core@ui@modules@UModSys@@UEAAXAEBU?$TVector2@H@math3d@5@000@Z 00000001800034e8 f i umodsys_lib_libui:umodsys.mod.ui.SDL_core.obj
 0001:00002590       ?render_line@RRenderDriver2D@SDL_core@ui@modules@UModSys@@UEAAXAEBU?$TVector2@H@math3d@5@0@Z 0000000180003590 f i umodsys_lib_libui:umodsys.mod.ui.SDL_core.obj
 0001:000025b8       ?render_rect@RRenderDriver2D@SDL_core@ui@modules@UModSys@@UEAAXAEBU?$TVector2@H@math3d@5@0@Z 00000001800035b8 f i umodsys_lib_libui:umodsys.mod.ui.SDL_core.obj
 0001:00002604       ??_ERRenderDriver2D@SDL_core@ui@modules@UModSys@@UEAAPEAXI@Z 0000000180003604 f i  CIL library: CIL module
 0001:00002604       ??_GRRenderDriver2D@SDL_core@ui@modules@UModSys@@UEAAPEAXI@Z 0000000180003604 f i umodsys_lib_libui:umodsys.mod.ui.SDL_core.obj
 0001:0000269c       ?root_get_interface_info@RMouseController@SDL_core@ui@modules@UModSys@@UEBAAEBUSUniquePointerInfo@core@5@XZ 000000018000369c f i umodsys_lib_libui:umodsys.mod.ui.SDL_core.obj
 0001:000026a4       ?root_get_interface_type@RMouseController@SDL_core@ui@modules@UModSys@@UEBAPEBUSUniquePointerInfo@core@5@XZ 00000001800036a4 f i umodsys_lib_libui:umodsys.mod.ui.SDL_core.obj
 0001:000026ac       ?root_get_other_interface@RMouseController@SDL_core@ui@modules@UModSys@@UEAAPEAUIRoot@core@5@PEBUSUniquePointerInfo@75@@Z 00000001800036ac f i umodsys_lib_libui:umodsys.mod.ui.SDL_core.obj
 0001:000026ac       ?root_get_other_interface@RMouseController@SDL_core@ui@modules@UModSys@@UEBAPEBUIRoot@core@5@PEBUSUniquePointerInfo@75@@Z 00000001800036ac f i umodsys_lib_libui:umodsys.mod.ui.SDL_core.obj
 0001:000026dc       ?root_is_interface_supported@RMouseController@SDL_core@ui@modules@UModSys@@UEBA_NPEBUSUniquePointerInfo@core@5@@Z 00000001800036dc f i umodsys_lib_libui:umodsys.mod.ui.SDL_core.obj
 0001:0000270c       ?process@RMouseController@SDL_core@ui@modules@UModSys@@QEAA_NAEAUSDL_MouseMotionEvent@@@Z 000000018000370c f i umodsys_lib_libui:umodsys.mod.ui.SDL_core.obj
 0001:00002878       ?process@RMouseController@SDL_core@ui@modules@UModSys@@QEAA_NAEAUSDL_MouseButtonEvent@@@Z 0000000180003878 f i umodsys_lib_libui:umodsys.mod.ui.SDL_core.obj
 0001:000029a4       ?process@RMouseController@SDL_core@ui@modules@UModSys@@QEAA_NAEAUSDL_MouseWheelEvent@@@Z 00000001800039a4 f i umodsys_lib_libui:umodsys.mod.ui.SDL_core.obj
 0001:00002a94       ?key_unlink@RKeyboardController@SDL_core@ui@modules@UModSys@@UEAA_NH@Z 0000000180003a94 f i umodsys_lib_libui:umodsys.mod.ui.SDL_core.obj
 0001:00002a94       ?mouse_unlink@RMouseController@SDL_core@ui@modules@UModSys@@UEAA_NH@Z 0000000180003a94 f i umodsys_lib_libui:umodsys.mod.ui.SDL_core.obj
 0001:00002aec       ?mouse_link@RMouseController@SDL_core@ui@modules@UModSys@@UEAA_NHPEAUIRefObject@core@5@PEAUIMouseClient@libui@5@H@Z 0000000180003aec f i umodsys_lib_libui:umodsys.mod.ui.SDL_core.obj
 0001:00002c0c       ??_ERMouseController@SDL_core@ui@modules@UModSys@@UEAAPEAXI@Z 0000000180003c0c f i  CIL library: CIL module
 0001:00002c0c       ??_GRMouseController@SDL_core@ui@modules@UModSys@@UEAAPEAXI@Z 0000000180003c0c f i umodsys_lib_libui:umodsys.mod.ui.SDL_core.obj
 0001:00002c70       ?root_get_interface_info@RKeyboardController@SDL_core@ui@modules@UModSys@@UEBAAEBUSUniquePointerInfo@core@5@XZ 0000000180003c70 f i umodsys_lib_libui:umodsys.mod.ui.SDL_core.obj
 0001:00002c78       ?root_get_interface_type@RKeyboardController@SDL_core@ui@modules@UModSys@@UEBAPEBUSUniquePointerInfo@core@5@XZ 0000000180003c78 f i umodsys_lib_libui:umodsys.mod.ui.SDL_core.obj
 0001:00002c80       ?root_get_interface_types@RRenderDriver2D@SDL_core@ui@modules@UModSys@@UEBA_KAEAUSUniquePtrList@core@5@@Z 0000000180003c80 f i umodsys_lib_libui:umodsys.mod.ui.SDL_core.obj
 0001:00002c80       ?root_get_interface_types@RKeyboardController@SDL_core@ui@modules@UModSys@@UEBA_KAEAUSUniquePtrList@core@5@@Z 0000000180003c80 f i umodsys_lib_libui:umodsys.mod.ui.SDL_core.obj
 0001:00002c80       ?root_get_interface_types@RTest1_Shell@test1@test@modules@UModSys@@UEBA_KAEAUSUniquePtrList@core@5@@Z 0000000180003c80 f i plugin_test1.obj
 0001:00002c80       ?root_get_interface_types@RMediaFilter@images_std@media@modules@UModSys@@UEBA_KAEAUSUniquePtrList@core@5@@Z 0000000180003c80 f i umodsys_lib_libmedia:umodsys.mod.media.images_std.obj
 0001:00002c80       ?root_get_interface_types@RGenerator@test1@test@modules@UModSys@@UEBA_KAEAUSUniquePtrList@core@5@@Z 0000000180003c80 f i plugin_test1.obj
 0001:00002c80       ?root_get_interface_types@RMouseController@SDL_core@ui@modules@UModSys@@UEBA_KAEAUSUniquePtrList@core@5@@Z 0000000180003c80 f i umodsys_lib_libui:umodsys.mod.ui.SDL_core.obj
 0001:00002c80       ?root_get_interface_types@RTerminal@SDL_core@ui@modules@UModSys@@UEBA_KAEAUSUniquePtrList@core@5@@Z 0000000180003c80 f i umodsys_lib_libui:umodsys.mod.ui.SDL_core.obj
 0001:00002c80       ?root_get_interface_types@RGenerator@images_std@media@modules@UModSys@@UEBA_KAEAUSUniquePtrList@core@5@@Z 0000000180003c80 f i umodsys_lib_libmedia:umodsys.mod.media.images_std.obj
 0001:00002c80       ?root_get_interface_types@RGenerator@SDL_core@ui@modules@UModSys@@UEBA_KAEAUSUniquePtrList@core@5@@Z 0000000180003c80 f i umodsys_lib_libui:umodsys.mod.ui.SDL_core.obj
 0001:00002c80       ?root_get_interface_types@RMultiImage2D_SDL_ttf@SDL_core@ui@modules@UModSys@@UEBA_KAEAUSUniquePtrList@core@5@@Z 0000000180003c80 f i umodsys_lib_libui:umodsys.mod.ui.SDL_core.obj
 0001:00002c88       ?root_get_other_interface@RKeyboardController@SDL_core@ui@modules@UModSys@@UEBAPEBUIRoot@core@5@PEBUSUniquePointerInfo@75@@Z 0000000180003c88 f i umodsys_lib_libui:umodsys.mod.ui.SDL_core.obj
 0001:00002c88       ?root_get_other_interface@RKeyboardController@SDL_core@ui@modules@UModSys@@UEAAPEAUIRoot@core@5@PEBUSUniquePointerInfo@75@@Z 0000000180003c88 f i umodsys_lib_libui:umodsys.mod.ui.SDL_core.obj
 0001:00002cb8       ?root_is_interface_supported@RKeyboardController@SDL_core@ui@modules@UModSys@@UEBA_NPEBUSUniquePointerInfo@core@5@@Z 0000000180003cb8 f i umodsys_lib_libui:umodsys.mod.ui.SDL_core.obj
 0001:00002ce8       ?suicide@RRenderDriver2D@SDL_core@ui@modules@UModSys@@UEAAXXZ 0000000180003ce8 f i umodsys_lib_libui:umodsys.mod.ui.SDL_core.obj
 0001:00002ce8       ?suicide@RMultiImage2D_SDL_ttf@SDL_core@ui@modules@UModSys@@UEAAXXZ 0000000180003ce8 f i umodsys_lib_libui:umodsys.mod.ui.SDL_core.obj
 0001:00002ce8       ?suicide@RMouseController@SDL_core@ui@modules@UModSys@@UEAAXXZ 0000000180003ce8 f i umodsys_lib_libui:umodsys.mod.ui.SDL_core.obj
 0001:00002ce8       ?suicide@RKeyboardController@SDL_core@ui@modules@UModSys@@UEAAXXZ 0000000180003ce8 f i umodsys_lib_libui:umodsys.mod.ui.SDL_core.obj
 0001:00002d2c       ?process@RKeyboardController@SDL_core@ui@modules@UModSys@@QEAA_NAEAUSDL_KeyboardEvent@@@Z 0000000180003d2c f i umodsys_lib_libui:umodsys.mod.ui.SDL_core.obj
 0001:00002ea4       ?map_keycode@RKeyboardController@SDL_core@ui@modules@UModSys@@QEAA?AW4eKeyCode@libui@5@H@Z 0000000180003ea4 f i umodsys_lib_libui:umodsys.mod.ui.SDL_core.obj
 0001:000033cc       ?key_link@RKeyboardController@SDL_core@ui@modules@UModSys@@UEAA_NHPEAUIRefObject@core@5@PEAUIKeyboardClient@libui@5@@Z 00000001800043cc f i umodsys_lib_libui:umodsys.mod.ui.SDL_core.obj
 0001:000034d8       ??_GRKeyboardController@SDL_core@ui@modules@UModSys@@UEAAPEAXI@Z 00000001800044d8 f i umodsys_lib_libui:umodsys.mod.ui.SDL_core.obj
 0001:000034d8       ??_ERKeyboardController@SDL_core@ui@modules@UModSys@@UEAAPEAXI@Z 00000001800044d8 f i  CIL library: CIL module
 0001:0000353c       ?root_get_interface_info@RTerminal@SDL_core@ui@modules@UModSys@@UEBAAEBUSUniquePointerInfo@core@5@XZ 000000018000453c f i umodsys_lib_libui:umodsys.mod.ui.SDL_core.obj
 0001:00003544       ?root_get_interface_type@RTerminal@SDL_core@ui@modules@UModSys@@UEBAPEBUSUniquePointerInfo@core@5@XZ 0000000180004544 f i umodsys_lib_libui:umodsys.mod.ui.SDL_core.obj
 0001:0000354c       ?root_get_other_interface@RTerminal@SDL_core@ui@modules@UModSys@@UEAAPEAUIRoot@core@5@PEBUSUniquePointerInfo@75@@Z 000000018000454c f i umodsys_lib_libui:umodsys.mod.ui.SDL_core.obj
 0001:0000354c       ?root_get_other_interface@RTerminal@SDL_core@ui@modules@UModSys@@UEBAPEBUIRoot@core@5@PEBUSUniquePointerInfo@75@@Z 000000018000454c f i umodsys_lib_libui:umodsys.mod.ui.SDL_core.obj
 0001:0000357c       ?root_is_interface_supported@RTerminal@SDL_core@ui@modules@UModSys@@UEBA_NPEBUSUniquePointerInfo@core@5@@Z 000000018000457c f i umodsys_lib_libui:umodsys.mod.ui.SDL_core.obj
 0001:000035ac       ?ref_add@RKeyboardController@SDL_core@ui@modules@UModSys@@UEBAXXZ 00000001800045ac f i umodsys_lib_libui:umodsys.mod.ui.SDL_core.obj
 0001:000035ac       ?ref_add@RRenderDriver2D@SDL_core@ui@modules@UModSys@@UEBAXXZ 00000001800045ac f i umodsys_lib_libui:umodsys.mod.ui.SDL_core.obj
 0001:000035ac       ?ref_add@RMultiImage2D_SDL_ttf@SDL_core@ui@modules@UModSys@@UEBAXXZ 00000001800045ac f i umodsys_lib_libui:umodsys.mod.ui.SDL_core.obj
 0001:000035ac       ?ref_add@RMouseController@SDL_core@ui@modules@UModSys@@UEBAXXZ 00000001800045ac f i umodsys_lib_libui:umodsys.mod.ui.SDL_core.obj
 0001:000035ac       ?ref_add@RGenerator@images_std@media@modules@UModSys@@UEBAXXZ 00000001800045ac f i umodsys_lib_libmedia:umodsys.mod.media.images_std.obj
 0001:000035ac       ?ref_add@RTerminal@SDL_core@ui@modules@UModSys@@UEBAXXZ 00000001800045ac f i umodsys_lib_libui:umodsys.mod.ui.SDL_core.obj
 0001:000035ac       ?ref_add@RGenerator@SDL_core@ui@modules@UModSys@@UEBAXXZ 00000001800045ac f i umodsys_lib_libui:umodsys.mod.ui.SDL_core.obj
 0001:000035ac       ?ref_add@RGenerator@test1@test@modules@UModSys@@UEBAXXZ 00000001800045ac f i plugin_test1.obj
 0001:000035b0       ?ref_remove@RMultiImage2D_SDL_ttf@SDL_core@ui@modules@UModSys@@UEBAXXZ 00000001800045b0 f i umodsys_lib_libui:umodsys.mod.ui.SDL_core.obj
 0001:000035b0       ?ref_remove@RGenerator@SDL_core@ui@modules@UModSys@@UEBAXXZ 00000001800045b0 f i umodsys_lib_libui:umodsys.mod.ui.SDL_core.obj
 0001:000035b0       ?ref_remove@RTerminal@SDL_core@ui@modules@UModSys@@UEBAXXZ 00000001800045b0 f i umodsys_lib_libui:umodsys.mod.ui.SDL_core.obj
 0001:000035b0       ?ref_remove@RRenderDriver2D@SDL_core@ui@modules@UModSys@@UEBAXXZ 00000001800045b0 f i umodsys_lib_libui:umodsys.mod.ui.SDL_core.obj
 0001:000035b0       ?ref_remove@RKeyboardController@SDL_core@ui@modules@UModSys@@UEBAXXZ 00000001800045b0 f i umodsys_lib_libui:umodsys.mod.ui.SDL_core.obj
 0001:000035b0       ?ref_remove@RGenerator@images_std@media@modules@UModSys@@UEBAXXZ 00000001800045b0 f i umodsys_lib_libmedia:umodsys.mod.media.images_std.obj
 0001:000035b0       ?ref_remove@RMouseController@SDL_core@ui@modules@UModSys@@UEBAXXZ 00000001800045b0 f i umodsys_lib_libui:umodsys.mod.ui.SDL_core.obj
 0001:000035b0       ?ref_remove@RGenerator@test1@test@modules@UModSys@@UEBAXXZ 00000001800045b0 f i plugin_test1.obj
 0001:000035c8       ?suicide@RTerminal@SDL_core@ui@modules@UModSys@@UEAAXXZ 00000001800045c8 f i umodsys_lib_libui:umodsys.mod.ui.SDL_core.obj
 0001:00003614       ?poll_events@RTerminal@SDL_core@ui@modules@UModSys@@UEAA_NH@Z 0000000180004614 f i umodsys_lib_libui:umodsys.mod.ui.SDL_core.obj
 0001:0000380c       ?get_terminal_state@RTerminal@SDL_core@ui@modules@UModSys@@UEAA_NW4eTerminalState@libui@5@@Z 000000018000480c f i umodsys_lib_libui:umodsys.mod.ui.SDL_core.obj
 0001:00003818       ?set_terminal_state@RTerminal@SDL_core@ui@modules@UModSys@@UEAA_NW4eTerminalState@libui@5@_N@Z 0000000180004818 f i umodsys_lib_libui:umodsys.mod.ui.SDL_core.obj
 0001:0000393c       ?get_clock@RTerminal@SDL_core@ui@modules@UModSys@@UEAANXZ 000000018000493c f i umodsys_lib_libui:umodsys.mod.ui.SDL_core.obj
 0001:00003958       ?wait@RTerminal@SDL_core@ui@modules@UModSys@@UEAA_NM@Z 0000000180004958 f i umodsys_lib_libui:umodsys.mod.ui.SDL_core.obj
 0001:00003978       ?get_count@RTerminal@SDL_core@ui@modules@UModSys@@UEBA_KPEBUSUniquePointerInfo@core@5@@Z 0000000180004978 f i umodsys_lib_libui:umodsys.mod.ui.SDL_core.obj
 0001:00003a0c       ?get_handler@RTerminal@SDL_core@ui@modules@UModSys@@UEBAPEAUIRefObject@core@5@PEBUSUniquePointerInfo@75@_K@Z 0000000180004a0c f i umodsys_lib_libui:umodsys.mod.ui.SDL_core.obj
 0001:00003aac       ?create_handler@RTerminal@SDL_core@ui@modules@UModSys@@UEAA_NPEBUSUniquePointerInfo@core@5@AEAU?$TRefObject@UIRefObject@core@UModSys@@U?$TRefObjectFunc@UIRefObject@core@UModSys@@@tl@3@@tl@5@PEBDPEBUSParameters@75@@Z 0000000180004aac f i umodsys_lib_libui:umodsys.mod.ui.SDL_core.obj
 0001:00003e94       ??_ERTerminal@SDL_core@ui@modules@UModSys@@UEAAPEAXI@Z 0000000180004e94 f i  CIL library: CIL module
 0001:00003e94       ??_GRTerminal@SDL_core@ui@modules@UModSys@@UEAAPEAXI@Z 0000000180004e94 f i umodsys_lib_libui:umodsys.mod.ui.SDL_core.obj
 0001:00003f64       ?get_terminal@RRenderDriver2D@SDL_core@ui@modules@UModSys@@UEBAPEAUITerminal@libui@5@XZ 0000000180004f64 f   umodsys_lib_libui:umodsys.mod.ui.SDL_core.obj
 0001:00003f6c       ?new_font@RRenderDriver2D@SDL_core@ui@modules@UModSys@@UEAA?AU?$TRefObject@UIMultiImage@lib2d@UModSys@@U?$TRefObjectFunc@UIMultiImage@lib2d@UModSys@@@tl@3@@tl@5@AEBUSParameters@core@5@AEBU?$TString@U?$TSCoreConst@D@su@tl@UModSys@@U?$TComparerBinaryHash@D@234@@75@@Z 0000000180004f6c f   umodsys_lib_libui:umodsys.mod.ui.SDL_core.obj
 0001:00004074       ?new_picture@RRenderDriver2D@SDL_core@ui@modules@UModSys@@UEAA?AU?$TRefObject@UIImage@lib2d@UModSys@@U?$TRefObjectFunc@UIImage@lib2d@UModSys@@@tl@3@@tl@5@AEBUSParameters@core@5@AEBU?$TString@U?$TSCoreConst@D@su@tl@UModSys@@U?$TComparerBinaryHash@D@234@@75@@Z 0000000180005074 f   umodsys_lib_libui:umodsys.mod.ui.SDL_core.obj
 0001:00004084       ?get_generated_names@RGenerator@SDL_core@ui@modules@UModSys@@UEBAHAEAUSUniquePtrList@core@5@@Z 0000000180005084 f i umodsys_lib_libui:umodsys.mod.ui.SDL_core.obj
 0001:000040a4       ?get_generated_types@RGenerator@SDL_core@ui@modules@UModSys@@UEBAHAEAUSUniquePtrList@core@5@PEBUSUniquePointerInfo@75@@Z 00000001800050a4 f i umodsys_lib_libui:umodsys.mod.ui.SDL_core.obj
 0001:000040fc       ?generate@RGenerator@SDL_core@ui@modules@UModSys@@UEAA_NAEAU?$TRefObject@UIRefObject@core@UModSys@@U?$TRefObjectFunc@UIRefObject@core@UModSys@@@tl@3@@tl@5@PEBUSUniquePointerInfo@core@5@AEBUSParameters@95@@Z 00000001800050fc f i umodsys_lib_libui:umodsys.mod.ui.SDL_core.obj
 0001:00004240       ?root_get_interface_info@RGenerator@SDL_core@ui@modules@UModSys@@UEBAAEBUSUniquePointerInfo@core@5@XZ 0000000180005240 f i umodsys_lib_libui:umodsys.mod.ui.SDL_core.obj
 0001:00004248       ?root_get_interface_type@RGenerator@SDL_core@ui@modules@UModSys@@UEBAPEBUSUniquePointerInfo@core@5@XZ 0000000180005248 f i umodsys_lib_libui:umodsys.mod.ui.SDL_core.obj
 0001:00004250       ?root_get_other_interface@RGenerator@SDL_core@ui@modules@UModSys@@UEBAPEBUIRoot@core@5@PEBUSUniquePointerInfo@75@@Z 0000000180005250 f i umodsys_lib_libui:umodsys.mod.ui.SDL_core.obj
 0001:00004250       ?root_get_other_interface@RGenerator@SDL_core@ui@modules@UModSys@@UEAAPEAUIRoot@core@5@PEBUSUniquePointerInfo@75@@Z 0000000180005250 f i umodsys_lib_libui:umodsys.mod.ui.SDL_core.obj
 0001:00004288       ?root_is_interface_supported@RGenerator@SDL_core@ui@modules@UModSys@@UEBA_NPEBUSUniquePointerInfo@core@5@@Z 0000000180005288 f i umodsys_lib_libui:umodsys.mod.ui.SDL_core.obj
 0001:000042c0       ?ref_links@RMultiImage2D_SDL_ttf@SDL_core@ui@modules@UModSys@@UEBAHXZ 00000001800052c0 f i umodsys_lib_libui:umodsys.mod.ui.SDL_core.obj
 0001:000042c0       ?ref_links@RRenderDriver2D@SDL_core@ui@modules@UModSys@@UEBAHXZ 00000001800052c0 f i umodsys_lib_libui:umodsys.mod.ui.SDL_core.obj
 0001:000042c0       ?ref_links@RTerminal@SDL_core@ui@modules@UModSys@@UEBAHXZ 00000001800052c0 f i umodsys_lib_libui:umodsys.mod.ui.SDL_core.obj
 0001:000042c0       ?ref_links@RMouseController@SDL_core@ui@modules@UModSys@@UEBAHXZ 00000001800052c0 f i umodsys_lib_libui:umodsys.mod.ui.SDL_core.obj
 0001:000042c0       ?ref_links@RGenerator@SDL_core@ui@modules@UModSys@@UEBAHXZ 00000001800052c0 f i umodsys_lib_libui:umodsys.mod.ui.SDL_core.obj
 0001:000042c0       ?ref_links@RGenerator@images_std@media@modules@UModSys@@UEBAHXZ 00000001800052c0 f i umodsys_lib_libmedia:umodsys.mod.media.images_std.obj
 0001:000042c0       ?ref_links@RGenerator@test1@test@modules@UModSys@@UEBAHXZ 00000001800052c0 f i plugin_test1.obj
 0001:000042c0       ?ref_links@RKeyboardController@SDL_core@ui@modules@UModSys@@UEBAHXZ 00000001800052c0 f i umodsys_lib_libui:umodsys.mod.ui.SDL_core.obj
 0001:000042c4       ?ref_weak@RMultiImage2D_SDL_ttf@SDL_core@ui@modules@UModSys@@UEBA_NAEAUWeakPointer@IRefObject@core@5@@Z 00000001800052c4 f i umodsys_lib_libui:umodsys.mod.ui.SDL_core.obj
 0001:000042c4       ?ref_weak@RGenerator@test1@test@modules@UModSys@@UEBA_NAEAUWeakPointer@IRefObject@core@5@@Z 00000001800052c4 f i plugin_test1.obj
 0001:000042c4       ?ref_weak@RGenerator@images_std@media@modules@UModSys@@UEBA_NAEAUWeakPointer@IRefObject@core@5@@Z 00000001800052c4 f i umodsys_lib_libmedia:umodsys.mod.media.images_std.obj
 0001:000042c4       ?ref_weak@RGenerator@SDL_core@ui@modules@UModSys@@UEBA_NAEAUWeakPointer@IRefObject@core@5@@Z 00000001800052c4 f i umodsys_lib_libui:umodsys.mod.ui.SDL_core.obj
 0001:000042c4       ?ref_weak@RMouseController@SDL_core@ui@modules@UModSys@@UEBA_NAEAUWeakPointer@IRefObject@core@5@@Z 00000001800052c4 f i umodsys_lib_libui:umodsys.mod.ui.SDL_core.obj
 0001:000042c4       ?ref_weak@RRenderDriver2D@SDL_core@ui@modules@UModSys@@UEBA_NAEAUWeakPointer@IRefObject@core@5@@Z 00000001800052c4 f i umodsys_lib_libui:umodsys.mod.ui.SDL_core.obj
 0001:000042c4       ?ref_weak@RKeyboardController@SDL_core@ui@modules@UModSys@@UEBA_NAEAUWeakPointer@IRefObject@core@5@@Z 00000001800052c4 f i umodsys_lib_libui:umodsys.mod.ui.SDL_core.obj
 0001:000042c4       ?ref_weak@RTerminal@SDL_core@ui@modules@UModSys@@UEBA_NAEAUWeakPointer@IRefObject@core@5@@Z 00000001800052c4 f i umodsys_lib_libui:umodsys.mod.ui.SDL_core.obj
 0001:000042e4       ?get_uid@RGenerator@SDL_core@ui@modules@UModSys@@UEBAPEBUSUniquePointerInfo@core@5@XZ 00000001800052e4 f i umodsys_lib_libui:umodsys.mod.ui.SDL_core.obj
 0001:000042ec       ?do_open@RModuleReg@SDL_core@ui@modules@UModSys@@UEAA_NXZ 00000001800052ec f i umodsys_lib_libui:umodsys.mod.ui.SDL_core.obj
 0001:00004360       ?do_close@RModuleReg@SDL_core@ui@modules@UModSys@@UEAA_NXZ 0000000180005360 f i umodsys_lib_libui:umodsys.mod.ui.SDL_core.obj
 0001:000043b0       ?get_module@RGenerator@SDL_core@ui@modules@UModSys@@UEBAPEAUIModule@base@5@XZ 00000001800053b0 f   umodsys_lib_libui:umodsys.mod.ui.SDL_core.obj
 0001:000043b8       ?mod_inc@RGenerator@SDL_core@ui@modules@UModSys@@UEBA_NXZ 00000001800053b8 f   umodsys_lib_libui:umodsys.mod.ui.SDL_core.obj
 0001:000043c8       ?mod_dec@RGenerator@SDL_core@ui@modules@UModSys@@UEBA_NXZ 00000001800053c8 f   umodsys_lib_libui:umodsys.mod.ui.SDL_core.obj
 0001:000043dc       ?s_holder@RGenerator@SDL_core@ui@modules@UModSys@@SAAEAU?$TTypeStaticHolder@URGenerator@SDL_core@ui@modules@UModSys@@@tl@5@XZ 00000001800053dc f   umodsys_lib_libui:umodsys.mod.ui.SDL_core.obj
 0001:00004420       ??1?$TScatterArray@UGlyph@RMultiImage2D_SDL_ttf@SDL_core@ui@modules@UModSys@@HU?$TScalarCompare@H@core@6@U?$TNodeDeleter0@U?$TScatterArrayNode@UGlyph@RMultiImage2D_SDL_ttf@SDL_core@ui@modules@UModSys@@H@tl@UModSys@@@tl@6@@tl@UModSys@@QEAA@XZ 0000000180005420 f i umodsys_lib_libui:umodsys.mod.ui.SDL_core.obj
 0001:0000449c       ??1?$TRefObject@URRenderDriver2D@SDL_core@ui@modules@UModSys@@U?$TRefObjectWeakFunc@URRenderDriver2D@SDL_core@ui@modules@UModSys@@@tl@5@@tl@UModSys@@QEAA@XZ 000000018000549c f i umodsys_lib_libui:umodsys.mod.ui.SDL_core.obj
 0001:0000449c       ??1?$TRefObject@URMultiImage2D_SDL_ttf@SDL_core@ui@modules@UModSys@@U?$TRefObjectWeakFunc@URMultiImage2D_SDL_ttf@SDL_core@ui@modules@UModSys@@@tl@5@@tl@UModSys@@QEAA@XZ 000000018000549c f i umodsys_lib_libui:umodsys.mod.ui.SDL_core.obj
 0001:000044d0       ?delete_node@?$TTreeHoldRBD@U?$TScatterArrayNode@U?$TRefObjectCompositeExtra@UIMouseClient@libui@UModSys@@HUIRefObject@core@3@U?$TRefObjectFunc@UIRefObject@core@UModSys@@@tl@3@@tl@UModSys@@H@tl@UModSys@@U?$TNodeDeleter0@U?$TScatterArrayNode@U?$TRefObjectCompositeExtra@UIMouseClient@libui@UModSys@@HUIRefObject@core@3@U?$TRefObjectFunc@UIRefObject@core@UModSys@@@tl@3@@tl@UModSys@@H@tl@UModSys@@@23@@tl@UModSys@@QEAAXPEAU?$TScatterArrayNode@U?$TRefObjectCompositeExtra@UIMouseClient@libui@UModSys@@HUIRefObject@core@3@U?$TRefObjectFunc@UIRefObject@core@UModSys@@@tl@3@@tl@UModSys@@H@23@@Z 00000001800054d0 f i umodsys_lib_libui:umodsys.mod.ui.SDL_core.obj
 0001:000044d0       ?delete_node@?$TTreeHoldRBD@U?$TScatterArrayNode@U?$TRefObjectComposite@UIKeyboardClient@libui@UModSys@@UIRefObject@core@3@U?$TRefObjectFunc@UIRefObject@core@UModSys@@@tl@3@@tl@UModSys@@H@tl@UModSys@@U?$TNodeDeleter0@U?$TScatterArrayNode@U?$TRefObjectComposite@UIKeyboardClient@libui@UModSys@@UIRefObject@core@3@U?$TRefObjectFunc@UIRefObject@core@UModSys@@@tl@3@@tl@UModSys@@H@tl@UModSys@@@23@@tl@UModSys@@QEAAXPEAU?$TScatterArrayNode@U?$TRefObjectComposite@UIKeyboardClient@libui@UModSys@@UIRefObject@core@3@U?$TRefObjectFunc@UIRefObject@core@UModSys@@@tl@3@@tl@UModSys@@H@23@@Z 00000001800054d0 f i umodsys_lib_libui:umodsys.mod.ui.SDL_core.obj
 0001:00004638       ??1?$TPair@HU?$TRefObjectComposite@UIKeyboardClient@libui@UModSys@@UIRefObject@core@3@U?$TRefObjectFunc@UIRefObject@core@UModSys@@@tl@3@@tl@UModSys@@@tl@UModSys@@QEAA@XZ 0000000180005638 f i umodsys_lib_libui:umodsys.mod.ui.SDL_core.obj
 0001:00004638       ??1?$TPair@HU?$TRefObjectCompositeExtra@UIMouseClient@libui@UModSys@@HUIRefObject@core@3@U?$TRefObjectFunc@UIRefObject@core@UModSys@@@tl@3@@tl@UModSys@@@tl@UModSys@@QEAA@XZ 0000000180005638 f i umodsys_lib_libui:umodsys.mod.ui.SDL_core.obj
 0001:00004680       ??1?$TRefObjectComposite@UIKeyboardClient@libui@UModSys@@UIRefObject@core@3@U?$TRefObjectFunc@UIRefObject@core@UModSys@@@tl@3@@tl@UModSys@@QEAA@XZ 0000000180005680 f i umodsys_lib_libui:umodsys.mod.ui.SDL_core.obj
 0001:00004680       ??1?$TRefObjectCompositeExtra@UIMouseClient@libui@UModSys@@HUIRefObject@core@3@U?$TRefObjectFunc@UIRefObject@core@UModSys@@@tl@3@@tl@UModSys@@QEAA@XZ 0000000180005680 f i umodsys_lib_libui:umodsys.mod.ui.SDL_core.obj
 0001:000046c8       ?remove_color@?$TTreeHoldRB@U?$TScatterArrayNode@U?$TRefObjectCompositeExtra@UIMouseClient@libui@UModSys@@HUIRefObject@core@3@U?$TRefObjectFunc@UIRefObject@core@UModSys@@@tl@3@@tl@UModSys@@H@tl@UModSys@@@tl@UModSys@@IEAAXPEAU?$TScatterArrayNode@U?$TRefObjectCompositeExtra@UIMouseClient@libui@UModSys@@HUIRefObject@core@3@U?$TRefObjectFunc@UIRefObject@core@UModSys@@@tl@3@@tl@UModSys@@H@23@0@Z 00000001800056c8 f i umodsys_lib_libui:umodsys.mod.ui.SDL_core.obj
 0001:000046c8       ?remove_color@?$TTreeHoldRB@U?$TScatterArrayNode@U?$TRefObjectComposite@UIKeyboardClient@libui@UModSys@@UIRefObject@core@3@U?$TRefObjectFunc@UIRefObject@core@UModSys@@@tl@3@@tl@UModSys@@H@tl@UModSys@@@tl@UModSys@@IEAAXPEAU?$TScatterArrayNode@U?$TRefObjectComposite@UIKeyboardClient@libui@UModSys@@UIRefObject@core@3@U?$TRefObjectFunc@UIRefObject@core@UModSys@@@tl@3@@tl@UModSys@@H@23@0@Z 00000001800056c8 f i umodsys_lib_libui:umodsys.mod.ui.SDL_core.obj
 0001:00004968       ??$t_add@U?$TRefObject@URRenderDriver2D@SDL_core@ui@modules@UModSys@@U?$TRefObjectWeakFunc@URRenderDriver2D@SDL_core@ui@modules@UModSys@@@tl@5@@tl@UModSys@@URRenderDriver2D@SDL_core@ui@modules@3@@SDL_core@ui@modules@UModSys@@YA_NAEAU?$TScatterArray@U?$TRefObject@URRenderDriver2D@SDL_core@ui@modules@UModSys@@U?$TRefObjectWeakFunc@URRenderDriver2D@SDL_core@ui@modules@UModSys@@@tl@5@@tl@UModSys@@HU?$TScalarCompare@H@core@3@U?$TNodeDeleter0@U?$TScatterArrayNode@U?$TRefObject@URRenderDriver2D@SDL_core@ui@modules@UModSys@@U?$TRefObjectWeakFunc@URRenderDriver2D@SDL_core@ui@modules@UModSys@@@tl@5@@tl@UModSys@@H@tl@UModSys@@@23@@tl@3@PEAURRenderDriver2D@0123@@Z 0000000180005968 f i umodsys_lib_libui:umodsys.mod.ui.SDL_core.obj
 0001:00004aec       ??$process_nodes_r@U?$TNodeDeleter0@U?$TScatterArrayNode@UGlyph@RMultiImage2D_SDL_ttf@SDL_core@ui@modules@UModSys@@H@tl@UModSys@@@tl@UModSys@@@?$TTreeHoldRB@U?$TScatterArrayNode@UGlyph@RMultiImage2D_SDL_ttf@SDL_core@ui@modules@UModSys@@H@tl@UModSys@@@tl@UModSys@@KAHPEAU?$TScatterArrayNode@UGlyph@RMultiImage2D_SDL_ttf@SDL_core@ui@modules@UModSys@@H@12@AEBU?$TNodeDeleter0@U?$TScatterArrayNode@UGlyph@RMultiImage2D_SDL_ttf@SDL_core@ui@modules@UModSys@@H@tl@UModSys@@@12@@Z 0000000180005aec f i umodsys_lib_libui:umodsys.mod.ui.SDL_core.obj
 0001:00004b64       ??$process_nodes_r@U?$TNodeDeleter0@U?$TScatterArrayNode@U?$TRefObjectCompositeExtra@UIMouseClient@libui@UModSys@@HUIRefObject@core@3@U?$TRefObjectFunc@UIRefObject@core@UModSys@@@tl@3@@tl@UModSys@@H@tl@UModSys@@@tl@UModSys@@@?$TTreeHoldRB@U?$TScatterArrayNode@U?$TRefObjectCompositeExtra@UIMouseClient@libui@UModSys@@HUIRefObject@core@3@U?$TRefObjectFunc@UIRefObject@core@UModSys@@@tl@3@@tl@UModSys@@H@tl@UModSys@@@tl@UModSys@@KAHPEAU?$TScatterArrayNode@U?$TRefObjectCompositeExtra@UIMouseClient@libui@UModSys@@HUIRefObject@core@3@U?$TRefObjectFunc@UIRefObject@core@UModSys@@@tl@3@@tl@UModSys@@H@12@AEBU?$TNodeDeleter0@U?$TScatterArrayNode@U?$TRefObjectCompositeExtra@UIMouseClient@libui@UModSys@@HUIRefObject@core@3@U?$TRefObjectFunc@UIRefObject@core@UModSys@@@tl@3@@tl@UModSys@@H@tl@UModSys@@@12@@Z 0000000180005b64 f i umodsys_lib_libui:umodsys.mod.ui.SDL_core.obj
 0001:00004b64       ??$process_nodes_r@U?$TNodeDeleter0@U?$TScatterArrayNode@U?$TRefObjectComposite@UIKeyboardClient@libui@UModSys@@UIRefObject@core@3@U?$TRefObjectFunc@UIRefObject@core@UModSys@@@tl@3@@tl@UModSys@@H@tl@UModSys@@@tl@UModSys@@@?$TTreeHoldRB@U?$TScatterArrayNode@U?$TRefObjectComposite@UIKeyboardClient@libui@UModSys@@UIRefObject@core@3@U?$TRefObjectFunc@UIRefObject@core@UModSys@@@tl@3@@tl@UModSys@@H@tl@UModSys@@@tl@UModSys@@KAHPEAU?$TScatterArrayNode@U?$TRefObjectComposite@UIKeyboardClient@libui@UModSys@@UIRefObject@core@3@U?$TRefObjectFunc@UIRefObject@core@UModSys@@@tl@3@@tl@UModSys@@H@12@AEBU?$TNodeDeleter0@U?$TScatterArrayNode@U?$TRefObjectComposite@UIKeyboardClient@libui@UModSys@@UIRefObject@core@3@U?$TRefObjectFunc@UIRefObject@core@UModSys@@@tl@3@@tl@UModSys@@H@tl@UModSys@@@12@@Z 0000000180005b64 f i umodsys_lib_libui:umodsys.mod.ui.SDL_core.obj
 0001:00004bf8       ??$process_nodes_r@U?$TNodeDeleter0@U?$TScatterArrayNode@U?$TRefObject@URRenderDriver2D@SDL_core@ui@modules@UModSys@@U?$TRefObjectWeakFunc@URRenderDriver2D@SDL_core@ui@modules@UModSys@@@tl@5@@tl@UModSys@@H@tl@UModSys@@@tl@UModSys@@@?$TTreeHoldRB@U?$TScatterArrayNode@U?$TRefObject@URRenderDriver2D@SDL_core@ui@modules@UModSys@@U?$TRefObjectWeakFunc@URRenderDriver2D@SDL_core@ui@modules@UModSys@@@tl@5@@tl@UModSys@@H@tl@UModSys@@@tl@UModSys@@KAHPEAU?$TScatterArrayNode@U?$TRefObject@URRenderDriver2D@SDL_core@ui@modules@UModSys@@U?$TRefObjectWeakFunc@URRenderDriver2D@SDL_core@ui@modules@UModSys@@@tl@5@@tl@UModSys@@H@12@AEBU?$TNodeDeleter0@U?$TScatterArrayNode@U?$TRefObject@URRenderDriver2D@SDL_core@ui@modules@UModSys@@U?$TRefObjectWeakFunc@URRenderDriver2D@SDL_core@ui@modules@UModSys@@@tl@5@@tl@UModSys@@H@tl@UModSys@@@12@@Z 0000000180005bf8 f i umodsys_lib_libui:umodsys.mod.ui.SDL_core.obj
 0001:00004c8c       ?sub_insert_node@?$TTreeHoldRB@U?$TScatterArrayNode@UGlyph@RMultiImage2D_SDL_ttf@SDL_core@ui@modules@UModSys@@H@tl@UModSys@@@tl@UModSys@@QEAAXPEAU?$TScatterArrayNode@UGlyph@RMultiImage2D_SDL_ttf@SDL_core@ui@modules@UModSys@@H@23@0H@Z 0000000180005c8c f i umodsys_lib_libui:umodsys.mod.ui.SDL_core.obj
 0001:00004c8c       ?sub_insert_node@?$TTreeHoldRB@U?$TScatterArrayNode@U?$TRefObjectComposite@UIKeyboardClient@libui@UModSys@@UIRefObject@core@3@U?$TRefObjectFunc@UIRefObject@core@UModSys@@@tl@3@@tl@UModSys@@H@tl@UModSys@@@tl@UModSys@@QEAAXPEAU?$TScatterArrayNode@U?$TRefObjectComposite@UIKeyboardClient@libui@UModSys@@UIRefObject@core@3@U?$TRefObjectFunc@UIRefObject@core@UModSys@@@tl@3@@tl@UModSys@@H@23@0H@Z 0000000180005c8c f i umodsys_lib_libui:umodsys.mod.ui.SDL_core.obj
 0001:00004c8c       ?sub_insert_node@?$TTreeHoldRB@U?$TScatterArrayNode@U?$TRefObject@URRenderDriver2D@SDL_core@ui@modules@UModSys@@U?$TRefObjectWeakFunc@URRenderDriver2D@SDL_core@ui@modules@UModSys@@@tl@5@@tl@UModSys@@H@tl@UModSys@@@tl@UModSys@@QEAAXPEAU?$TScatterArrayNode@U?$TRefObject@URRenderDriver2D@SDL_core@ui@modules@UModSys@@U?$TRefObjectWeakFunc@URRenderDriver2D@SDL_core@ui@modules@UModSys@@@tl@5@@tl@UModSys@@H@23@0H@Z 0000000180005c8c f i umodsys_lib_libui:umodsys.mod.ui.SDL_core.obj
 0001:00004c8c       ?sub_insert_node@?$TTreeHoldRB@U?$TScatterArrayNode@U?$TRefObjectCompositeExtra@UIMouseClient@libui@UModSys@@HUIRefObject@core@3@U?$TRefObjectFunc@UIRefObject@core@UModSys@@@tl@3@@tl@UModSys@@H@tl@UModSys@@@tl@UModSys@@QEAAXPEAU?$TScatterArrayNode@U?$TRefObjectCompositeExtra@UIMouseClient@libui@UModSys@@HUIRefObject@core@3@U?$TRefObjectFunc@UIRefObject@core@UModSys@@@tl@3@@tl@UModSys@@H@23@0H@Z 0000000180005c8c f i umodsys_lib_libui:umodsys.mod.ui.SDL_core.obj
 0001:00004e6c       ?root_get_interface_info@RMediaFilter@images_std@media@modules@UModSys@@UEBAAEBUSUniquePointerInfo@core@5@XZ 0000000180005e6c f i umodsys_lib_libmedia:umodsys.mod.media.images_std.obj
 0001:00004e74       ?root_get_interface_type@RMediaFilter@images_std@media@modules@UModSys@@UEBAPEBUSUniquePointerInfo@core@5@XZ 0000000180005e74 f i umodsys_lib_libmedia:umodsys.mod.media.images_std.obj
 0001:00004e7c       ?root_get_other_interface@RMediaFilter@images_std@media@modules@UModSys@@UEAAPEAUIRoot@core@5@PEBUSUniquePointerInfo@75@@Z 0000000180005e7c f i umodsys_lib_libmedia:umodsys.mod.media.images_std.obj
 0001:00004e7c       ?root_get_other_interface@RMediaFilter@images_std@media@modules@UModSys@@UEBAPEBUIRoot@core@5@PEBUSUniquePointerInfo@75@@Z 0000000180005e7c f i umodsys_lib_libmedia:umodsys.mod.media.images_std.obj
 0001:00004eac       ?root_is_interface_supported@RMediaFilter@images_std@media@modules@UModSys@@UEBA_NPEBUSUniquePointerInfo@core@5@@Z 0000000180005eac f i umodsys_lib_libmedia:umodsys.mod.media.images_std.obj
 0001:00004edc       ?ref_add@RMediaFilter@images_std@media@modules@UModSys@@UEBAXXZ 0000000180005edc f i umodsys_lib_libmedia:umodsys.mod.media.images_std.obj
 0001:00004ee0       ?ref_remove@RMediaFilter@images_std@media@modules@UModSys@@UEBAXXZ 0000000180005ee0 f i umodsys_lib_libmedia:umodsys.mod.media.images_std.obj
 0001:00004ef8       ?ref_links@RMediaFilter@images_std@media@modules@UModSys@@UEBAHXZ 0000000180005ef8 f i umodsys_lib_libmedia:umodsys.mod.media.images_std.obj
 0001:00004efc       ?ref_weak@RMediaFilter@images_std@media@modules@UModSys@@UEBA_NAEAUWeakPointer@IRefObject@core@5@@Z 0000000180005efc f i umodsys_lib_libmedia:umodsys.mod.media.images_std.obj
 0001:00004f1c       ?suicide@RMediaFilter@images_std@media@modules@UModSys@@UEAAXXZ 0000000180005f1c f i umodsys_lib_libmedia:umodsys.mod.media.images_std.obj
 0001:00004f68       ?get_flag@RMediaFilter@images_std@media@modules@UModSys@@UEBA?AW4eStates@?$TFlags4State@USMediaFlagUid@libmedia@UModSys@@I@tl@5@H@Z 0000000180005f68 f i umodsys_lib_libmedia:umodsys.mod.media.images_std.obj
 0001:00004f78       ?get_flags_auto@RMediaFilter@images_std@media@modules@UModSys@@UEBA?AU?$TFlags4State@USMediaFlagUid@libmedia@UModSys@@I@tl@5@XZ 0000000180005f78 f i umodsys_lib_libmedia:umodsys.mod.media.images_std.obj
 0001:00004f84       ?set_flag@RMediaFilter@images_std@media@modules@UModSys@@UEAA?AW4eStates@?$TFlags4State@USMediaFlagUid@libmedia@UModSys@@I@tl@5@HW46785@@Z 0000000180005f84 f i umodsys_lib_libmedia:umodsys.mod.media.images_std.obj
 0001:00004fb8       ??0RMediaFilter@images_std@media@modules@UModSys@@QEAA@PEAUIModObject@base@4@AEBUSParameters@core@4@@Z 0000000180005fb8 f i umodsys_lib_libmedia:umodsys.mod.media.images_std.obj
 0001:000050b0       ??_ERMediaFilter@images_std@media@modules@UModSys@@UEAAPEAXI@Z 00000001800060b0 f i  CIL library: CIL module
 0001:000050b0       ??_GRMediaFilter@images_std@media@modules@UModSys@@UEAAPEAXI@Z 00000001800060b0 f i umodsys_lib_libmedia:umodsys.mod.media.images_std.obj
 0001:00005130       ?filter_load@RMediaFilter@images_std@media@modules@UModSys@@UEAA_NAEBUSInfo@IBinObjFilter@libmedia@5@PEAUIRefObject@core@5@@Z 0000000180006130 f   umodsys_lib_libmedia:umodsys.mod.media.images_std.obj
 0001:000054a4       ?render_box@RRenderDriver2D@SDL_core@ui@modules@UModSys@@UEAAXPEAUIImage@lib2d@5@AEBU?$TVector2@H@math3d@5@1AEBU?$TVector2@M@95@2@Z 00000001800064a4 f   umodsys_lib_libui:umodsys.mod.ui.SDL_core.obj
 0001:000054a4       ?suicide@RGenerator@test1@test@modules@UModSys@@UEAAXXZ 00000001800064a4 f   plugin_test1.obj
 0001:000054a4       ?suicide@RGenerator@SDL_core@ui@modules@UModSys@@UEAAXXZ 00000001800064a4 f   umodsys_lib_libui:umodsys.mod.ui.SDL_core.obj
 0001:000054a4       ?suicide@RGenerator@images_std@media@modules@UModSys@@UEAAXXZ 00000001800064a4 f   umodsys_lib_libmedia:umodsys.mod.media.images_std.obj
 0001:000054a4       ??3@YAXPEAX0@Z             00000001800064a4 f   plugin_test1.obj
 0001:000054a8       ?loader_jpeg@RMediaFilter@images_std@media@modules@UModSys@@QEAA_NPEAUIImage@lib2d@5@AEBUSInfo@IBinObjFilter@libmedia@5@AEBUSParameters@core@5@HPEBD_N@Z 00000001800064a8 f   umodsys_lib_libmedia:umodsys.mod.media.images_std.obj
 0001:00005824       ?png_err@RMediaFilter@images_std@media@modules@UModSys@@KAXPEAUpng_struct_def@@PEBD@Z 0000000180006824 f   umodsys_lib_libmedia:umodsys.mod.media.images_std.obj
 0001:0000584c       ?png_read@RMediaFilter@images_std@media@modules@UModSys@@KAXPEAUpng_struct_def@@PEAE_K@Z 000000018000684c f   umodsys_lib_libmedia:umodsys.mod.media.images_std.obj
 0001:000058b4       ?loader_png@RMediaFilter@images_std@media@modules@UModSys@@QEAA_NPEAUIImage@lib2d@5@AEBUSInfo@IBinObjFilter@libmedia@5@AEBUSParameters@core@5@HPEBD_N@Z 00000001800068b4 f   umodsys_lib_libmedia:umodsys.mod.media.images_std.obj
 0001:00005d1c       ?get_generated_names@RGenerator@images_std@media@modules@UModSys@@UEBAHAEAUSUniquePtrList@core@5@@Z 0000000180006d1c f i umodsys_lib_libmedia:umodsys.mod.media.images_std.obj
 0001:00005d3c       ?get_generated_types@RGenerator@images_std@media@modules@UModSys@@UEBAHAEAUSUniquePtrList@core@5@PEBUSUniquePointerInfo@75@@Z 0000000180006d3c f i umodsys_lib_libmedia:umodsys.mod.media.images_std.obj
 0001:00005d94       ?generate@RGenerator@images_std@media@modules@UModSys@@UEAA_NAEAU?$TRefObject@UIRefObject@core@UModSys@@U?$TRefObjectFunc@UIRefObject@core@UModSys@@@tl@3@@tl@5@PEBUSUniquePointerInfo@core@5@AEBUSParameters@95@@Z 0000000180006d94 f i umodsys_lib_libmedia:umodsys.mod.media.images_std.obj
 0001:00005e74       ?root_get_interface_info@RGenerator@images_std@media@modules@UModSys@@UEBAAEBUSUniquePointerInfo@core@5@XZ 0000000180006e74 f i umodsys_lib_libmedia:umodsys.mod.media.images_std.obj
 0001:00005e7c       ?root_get_interface_type@RGenerator@images_std@media@modules@UModSys@@UEBAPEBUSUniquePointerInfo@core@5@XZ 0000000180006e7c f i umodsys_lib_libmedia:umodsys.mod.media.images_std.obj
 0001:00005e84       ?root_get_other_interface@RGenerator@images_std@media@modules@UModSys@@UEAAPEAUIRoot@core@5@PEBUSUniquePointerInfo@75@@Z 0000000180006e84 f i umodsys_lib_libmedia:umodsys.mod.media.images_std.obj
 0001:00005e84       ?root_get_other_interface@RGenerator@images_std@media@modules@UModSys@@UEBAPEBUIRoot@core@5@PEBUSUniquePointerInfo@75@@Z 0000000180006e84 f i umodsys_lib_libmedia:umodsys.mod.media.images_std.obj
 0001:00005ebc       ?root_is_interface_supported@RGenerator@images_std@media@modules@UModSys@@UEBA_NPEBUSUniquePointerInfo@core@5@@Z 0000000180006ebc f i umodsys_lib_libmedia:umodsys.mod.media.images_std.obj
 0001:00005ef4       ?get_uid@RGenerator@images_std@media@modules@UModSys@@UEBAPEBUSUniquePointerInfo@core@5@XZ 0000000180006ef4 f i umodsys_lib_libmedia:umodsys.mod.media.images_std.obj
 0001:00005efc       ?do_open@RModuleReg@images_std@media@modules@UModSys@@UEAA_NXZ 0000000180006efc f i umodsys_lib_libmedia:umodsys.mod.media.images_std.obj
 0001:00005f70       ?do_close@RModuleReg@images_std@media@modules@UModSys@@UEAA_NXZ 0000000180006f70 f i umodsys_lib_libmedia:umodsys.mod.media.images_std.obj
 0001:00005fc0       ?get_module@RGenerator@images_std@media@modules@UModSys@@UEBAPEAUIModule@base@5@XZ 0000000180006fc0 f   umodsys_lib_libmedia:umodsys.mod.media.images_std.obj
 0001:00005fc8       ?mod_inc@RGenerator@images_std@media@modules@UModSys@@UEBA_NXZ 0000000180006fc8 f   umodsys_lib_libmedia:umodsys.mod.media.images_std.obj
 0001:00005fd8       ?mod_dec@RGenerator@images_std@media@modules@UModSys@@UEBA_NXZ 0000000180006fd8 f   umodsys_lib_libmedia:umodsys.mod.media.images_std.obj
 0001:00005fec       ?s_holder@RGenerator@images_std@media@modules@UModSys@@SAAEAU?$TTypeStaticHolder@URGenerator@images_std@media@modules@UModSys@@@tl@5@XZ 0000000180006fec f   umodsys_lib_libmedia:umodsys.mod.media.images_std.obj
 0001:00006030       ?Link@SModuleContext@base@UModSys@@QEAAXPEAUISystem@23@PEAUIMemAlloc@core@3@@Z 0000000180007030 f   umodsys_lib_base:umodsys.base.modulecontext.obj
 0001:000060a4       ?mlr_count@RModuleLibraryReg_Chain@base@UModSys@@UEBA_KXZ 00000001800070a4 f   umodsys_lib_base:umodsys.base.moduleregchain.obj
 0001:000060dc       ?mlr_get@RModuleLibraryReg_Chain@base@UModSys@@UEBAPEAUIModuleReg@23@_K@Z 00000001800070dc f   umodsys_lib_base:umodsys.base.moduleregchain.obj
 0001:00006108       ?mlr_open@RModuleLibraryReg_Chain@base@UModSys@@UEAA_NPEAUISystem@23@PEAUIMemAlloc@core@3@@Z 0000000180007108 f   umodsys_lib_base:umodsys.base.moduleregchain.obj
 0001:0000618c       ?mlr_close@RModuleLibraryReg_Chain@base@UModSys@@UEAA_NXZ 000000018000718c f   umodsys_lib_base:umodsys.base.moduleregchain.obj
 0001:00006214       ?mlr_isopen@RModuleLibraryReg_Chain@base@UModSys@@UEBA_NXZ 0000000180007214 f   umodsys_lib_base:umodsys.base.moduleregchain.obj
 0001:00006224       UModSys_Plugin_Entry2      0000000180007224 f   umodsys_lib_base:umodsys.so_main.win32.obj
 0001:0000622c       ??0IModuleReg@base@UModSys@@QEAA@PEBDHH0@Z 000000018000722c f   umodsys_lib_base:umodsys.base.modulereg.obj
 0001:00006294       ?mr_isopen@IModuleReg@base@UModSys@@UEBA_NXZ 0000000180007294 f   umodsys_lib_base:umodsys.base.modulereg.obj
 0001:000062a0       ?mr_open@IModuleReg@base@UModSys@@UEAA_NXZ 00000001800072a0 f   umodsys_lib_base:umodsys.base.modulereg.obj
 0001:000062c4       ?mr_close@IModuleReg@base@UModSys@@UEAA_NXZ 00000001800072c4 f   umodsys_lib_base:umodsys.base.modulereg.obj
 0001:000062e0       ??_GIModuleLibraryReg@base@UModSys@@UEAAPEAXI@Z 00000001800072e0 f i umodsys_lib_base:umodsys.base.modulereg.obj
 0001:000062e0       ??_GRModuleLibraryReg_Chain@base@UModSys@@UEAAPEAXI@Z 00000001800072e0 f i umodsys_lib_base:umodsys.base.moduleregchain.obj
 0001:000062e0       ??_EIModuleLibraryReg@base@UModSys@@UEAAPEAXI@Z 00000001800072e0 f i  CIL library: CIL module
 0001:000062e0       ??_ERModuleLibraryReg_Chain@base@UModSys@@UEAAPEAXI@Z 00000001800072e0 f i  CIL library: CIL module
 0001:00006308       ?utf_32to8@su@tl@UModSys@@YA_KPEAD_KH@Z 0000000180007308 f i umodsys_lib_core:umodsys.tl.utf.obj
 0001:000063fc       ??0SUniquePointer@core@UModSys@@QEAA@PEBD0H@Z 00000001800073fc f   umodsys_lib_core:umodsys.core.uniqueptr.obj
 0001:0000644c       ??1SUniquePointer@core@UModSys@@QEAA@XZ 000000018000744c f   umodsys_lib_core:umodsys.core.uniqueptr.obj
 0001:00006474       ?suicide@IRoot@core@UModSys@@UEAAXXZ 0000000180007474 f   umodsys_lib_core:umodsys.core.objects.obj
 0001:0000648c       ??3IRoot@core@UModSys@@SAXPEAX@Z 000000018000748c f   umodsys_lib_core:umodsys.core.objects.obj
 0001:000064b4       _onexit                    00000001800074b4 f   MSVCRT:atonexit.obj
 0001:00006564       atexit                     0000000180007564 f   MSVCRT:atonexit.obj
 0001:0000657c       _purecall                  000000018000757c f   MSVCRT:MSVCR90.dll
 0001:00006582       ??3@YAXPEAX@Z              0000000180007582 f   MSVCRT:MSVCR90.dll
 0001:00006588       ??_Etype_info@@UEAAPEAXI@Z 0000000180007588 f i MSVCRT:ti_inst.obj
 0001:00006654       _CRT_INIT                  0000000180007654 f   MSVCRT:crtdll.obj
 0001:000069e8       _DllMainCRTStartup         00000001800079e8 f   MSVCRT:crtdll.obj
 0001:00006a26       ??2@YAPEAX_K@Z             0000000180007a26 f   MSVCRT:MSVCR90.dll
 0001:00006a2c       __C_specific_handler       0000000180007a2c f   MSVCRT:MSVCR90.dll
 0001:00006a32       _unlock                    0000000180007a32 f   MSVCRT:MSVCR90.dll
 0001:00006a38       __dllonexit                0000000180007a38 f   MSVCRT:MSVCR90.dll
 0001:00006a3e       _lock                      0000000180007a3e f   MSVCRT:MSVCR90.dll
 0001:00006a44       ?__ArrayUnwind@@YAXPEAX_KHP6AX0@Z@Z 0000000180007a44 f   MSVCRT:ehvecdtr.obj
 0001:00006a90       ??_M@YAXPEAX_KHP6AX0@Z@Z   0000000180007a90 f   MSVCRT:ehvecdtr.obj
 0001:00006af0       __clean_type_info_names    0000000180007af0 f   MSVCRT:tncleanup.obj
 0001:00006afc       _RTC_Initialize            0000000180007afc f   MSVCRT:_initsect_.obj
 0001:00006b34       _RTC_Terminate             0000000180007b34 f   MSVCRT:_initsect_.obj
 0001:00006b70       _ValidateImageBase         0000000180007b70 f   MSVCRT:pesect.obj
 0001:00006ba0       _FindPESection             0000000180007ba0 f   MSVCRT:pesect.obj
 0001:00006bf0       _IsNonwritableInCurrentImage 0000000180007bf0 f   MSVCRT:pesect.obj
 0001:00006c32       _initterm                  0000000180007c32 f   MSVCRT:MSVCR90.dll
 0001:00006c38       _initterm_e                0000000180007c38 f   MSVCRT:MSVCR90.dll
 0001:00006c3e       _amsg_exit                 0000000180007c3e f   MSVCRT:MSVCR90.dll
 0001:00006c44       __CppXcptFilter            0000000180007c44 f   MSVCRT:MSVCR90.dll
 0001:00006c4c       DllMain                    0000000180007c4c f   MSVCRT:dllmain.obj
 0001:00006c70       __security_init_cookie     0000000180007c70 f   MSVCRT:gs_support.obj
 0001:00006d24       ?terminate@@YAXXZ          0000000180007d24 f   MSVCRT:MSVCR90.dll
 0001:00006d2a       ??1type_info@@UEAA@XZ      0000000180007d2a f   MSVCRT:MSVCR90.dll
 0001:00006d2a       ?_type_info_dtor_internal_method@type_info@@QEAAXXZ 0000000180007d2a f   MSVCRT:MSVCR90.dll
 0001:00006d30       __clean_type_info_names_internal 0000000180007d30 f   MSVCRT:MSVCR90.dll
 0001:00006d36       png_get_IHDR               0000000180007d36 f   lib_libpng:lib_libpng.dll
 0001:00006d3c       png_read_info              0000000180007d3c f   lib_libpng:lib_libpng.dll
 0001:00006d42       png_sig_cmp                0000000180007d42 f   lib_libpng:lib_libpng.dll
 0001:00006d48       png_create_read_struct     0000000180007d48 f   lib_libpng:lib_libpng.dll
 0001:00006d4e       png_get_io_ptr             0000000180007d4e f   lib_libpng:lib_libpng.dll
 0001:00006d54       png_create_info_struct     0000000180007d54 f   lib_libpng:lib_libpng.dll
 0001:00006d5a       png_set_read_fn            0000000180007d5a f   lib_libpng:lib_libpng.dll
 0001:00006d60       png_read_update_info       0000000180007d60 f   lib_libpng:lib_libpng.dll
 0001:00006d66       png_set_sig_bytes          0000000180007d66 f   lib_libpng:lib_libpng.dll
 0001:00006d6c       png_read_row               0000000180007d6c f   lib_libpng:lib_libpng.dll
 0001:00006d72       png_error                  0000000180007d72 f   lib_libpng:lib_libpng.dll
 0001:00006d78       png_destroy_read_struct    0000000180007d78 f   lib_libpng:lib_libpng.dll
 0001:00006d7e       SDL_StopTextInput          0000000180007d7e f   lib_SDL2:lib_SDL2.dll
 0001:00006d84       SDL_RenderDrawLine         0000000180007d84 f   lib_SDL2:lib_SDL2.dll
 0001:00006d8a       SDL_RenderDrawLines        0000000180007d8a f   lib_SDL2:lib_SDL2.dll
 0001:00006d90       SDL_Init                   0000000180007d90 f   lib_SDL2:lib_SDL2.dll
 0001:00006d96       SDL_DestroyWindow          0000000180007d96 f   lib_SDL2:lib_SDL2.dll
 0001:00006d9c       TTF_GlyphMetrics           0000000180007d9c f   lib_SDL2:lib_SDL2.dll
 0001:00006da2       SDL_CreateWindow           0000000180007da2 f   lib_SDL2:lib_SDL2.dll
 0001:00006da8       SDL_RenderCopy             0000000180007da8 f   lib_SDL2:lib_SDL2.dll
 0001:00006dae       SDL_DestroyRenderer        0000000180007dae f   lib_SDL2:lib_SDL2.dll
 0001:00006db4       SDL_DestroyTexture         0000000180007db4 f   lib_SDL2:lib_SDL2.dll
 0001:00006dba       SDL_CreateTextureFromSurface 0000000180007dba f   lib_SDL2:lib_SDL2.dll
 0001:00006dc0       SDL_RenderPresent          0000000180007dc0 f   lib_SDL2:lib_SDL2.dll
 0001:00006dc6       SDL_SetRenderDrawBlendMode 0000000180007dc6 f   lib_SDL2:lib_SDL2.dll
 0001:00006dcc       SDL_SetRenderDrawColor     0000000180007dcc f   lib_SDL2:lib_SDL2.dll
 0001:00006dd2       TTF_OpenFont               0000000180007dd2 f   lib_SDL2:lib_SDL2.dll
 0001:00006dd8       TTF_CloseFont              0000000180007dd8 f   lib_SDL2:lib_SDL2.dll
 0001:00006dde       TTF_Init                   0000000180007dde f   lib_SDL2:lib_SDL2.dll
 0001:00006de4       SDL_PumpEvents             0000000180007de4 f   lib_SDL2:lib_SDL2.dll
 0001:00006dea       TTF_RenderGlyph_Shaded     0000000180007dea f   lib_SDL2:lib_SDL2.dll
 0001:00006df0       SDL_Delay                  0000000180007df0 f   lib_SDL2:lib_SDL2.dll
 0001:00006df6       SDL_RenderClear            0000000180007df6 f   lib_SDL2:lib_SDL2.dll
 0001:00006dfc       SDL_CreateRenderer         0000000180007dfc f   lib_SDL2:lib_SDL2.dll
 0001:00006e02       SDL_SetTextureColorMod     0000000180007e02 f   lib_SDL2:lib_SDL2.dll
 0001:00006e08       SDL_StartTextInput         0000000180007e08 f   lib_SDL2:lib_SDL2.dll
 0001:00006e0e       SDL_PeepEvents             0000000180007e0e f   lib_SDL2:lib_SDL2.dll
 0001:00006e14       SDL_GetTicks               0000000180007e14 f   lib_SDL2:lib_SDL2.dll
 0001:00006e1a       SDL_RenderFillRect         0000000180007e1a f   lib_SDL2:lib_SDL2.dll
 0001:00006e20       SDL_RenderDrawRect         0000000180007e20 f   lib_SDL2:lib_SDL2.dll
 0001:00006e26       TTF_Quit                   0000000180007e26 f   lib_SDL2:lib_SDL2.dll
 0001:00006e2c       SDL_Quit                   0000000180007e2c f   lib_SDL2:lib_SDL2.dll
 0001:00006e32       SDL_FreeSurface            0000000180007e32 f   lib_SDL2:lib_SDL2.dll
 0001:00006e38       memcpy                     0000000180007e38 f   MSVCRT:MSVCR90.dll
 0001:00006e3e       __CxxFrameHandler3         0000000180007e3e f   MSVCRT:MSVCR90.dll
 0001:00006e44       memset                     0000000180007e44 f   MSVCRT:MSVCR90.dll
 0001:00006e50       _setjmp                    0000000180007e50 f   MSVCRT:MSVCR90.dll
 0001:00006e70       _alloca_probe              0000000180007e70     MSVCRT:chkstk.obj
 0001:00006e70       __chkstk                   0000000180007e70 f   MSVCRT:chkstk.obj
 0002:00000000       __imp_Sleep                000000018000a000     kernel32:KERNEL32.dll
 0002:00000008       __imp_QueryPerformanceCounter 000000018000a008     kernel32:KERNEL32.dll
 0002:00000010       __imp_GetTickCount         000000018000a010     kernel32:KERNEL32.dll
 0002:00000018       __imp_GetCurrentThreadId   000000018000a018     kernel32:KERNEL32.dll
 0002:00000020       __imp_GetCurrentProcessId  000000018000a020     kernel32:KERNEL32.dll
 0002:00000028       __imp_GetSystemTimeAsFileTime 000000018000a028     kernel32:KERNEL32.dll
 0002:00000030       __imp_DisableThreadLibraryCalls 000000018000a030     kernel32:KERNEL32.dll
 0002:00000038       \177KERNEL32_NULL_THUNK_DATA 000000018000a038     kernel32:KERNEL32.dll
 0002:00000040       __imp___dllonexit          000000018000a040     MSVCRT:MSVCR90.dll
 0002:00000048       __imp__encode_pointer      000000018000a048     MSVCRT:MSVCR90.dll
 0002:00000050       __imp__lock                000000018000a050     MSVCRT:MSVCR90.dll
 0002:00000058       __imp__onexit              000000018000a058     MSVCRT:MSVCR90.dll
 0002:00000060       __imp__decode_pointer      000000018000a060     MSVCRT:MSVCR90.dll
 0002:00000068       __imp__malloc_crt          000000018000a068     MSVCRT:MSVCR90.dll
 0002:00000070       __imp__initterm            000000018000a070     MSVCRT:MSVCR90.dll
 0002:00000078       __imp__initterm_e          000000018000a078     MSVCRT:MSVCR90.dll
 0002:00000080       __imp_free                 000000018000a080     MSVCRT:MSVCR90.dll
 0002:00000088       __imp__unlock              000000018000a088     MSVCRT:MSVCR90.dll
 0002:00000090       __imp__amsg_exit           000000018000a090     MSVCRT:MSVCR90.dll
 0002:00000098       __imp___CppXcptFilter      000000018000a098     MSVCRT:MSVCR90.dll
 0002:000000a0       __imp_?terminate@@YAXXZ    000000018000a0a0     MSVCRT:MSVCR90.dll
 0002:000000a8       __imp_?_type_info_dtor_internal_method@type_info@@QEAAXXZ 000000018000a0a8     MSVCRT:MSVCR90.dll
 0002:000000b0       __imp___clean_type_info_names_internal 000000018000a0b0     MSVCRT:MSVCR90.dll
 0002:000000b8       __imp_memset               000000018000a0b8     MSVCRT:MSVCR90.dll
 0002:000000c0       __imp___CxxFrameHandler3   000000018000a0c0     MSVCRT:MSVCR90.dll
 0002:000000c8       __imp_memcpy               000000018000a0c8     MSVCRT:MSVCR90.dll
 0002:000000d0       __imp___C_specific_handler 000000018000a0d0     MSVCRT:MSVCR90.dll
 0002:000000d8       __imp_longjmp              000000018000a0d8     MSVCRT:MSVCR90.dll
 0002:000000e0       __imp_strstr               000000018000a0e0     MSVCRT:MSVCR90.dll
 0002:000000e8       __imp_??2@YAPEAX_K@Z       000000018000a0e8     MSVCRT:MSVCR90.dll
 0002:000000f0       __imp_??3@YAXPEAX@Z        000000018000a0f0     MSVCRT:MSVCR90.dll
 0002:000000f8       __imp__purecall            000000018000a0f8     MSVCRT:MSVCR90.dll
 0002:00000100       __imp__encoded_null        000000018000a100     MSVCRT:MSVCR90.dll
 0002:00000108       __imp_strncmp              000000018000a108     MSVCRT:MSVCR90.dll
 0002:00000110       __imp__setjmp              000000018000a110     MSVCRT:MSVCR90.dll
 0002:00000118       \177MSVCR90_NULL_THUNK_DATA 000000018000a118     MSVCRT:MSVCR90.dll
 0002:00000120       __imp_TTF_Init             000000018000a120     lib_SDL2:lib_SDL2.dll
 0002:00000128       __imp_SDL_Quit             000000018000a128     lib_SDL2:lib_SDL2.dll
 0002:00000130       __imp_TTF_Quit             000000018000a130     lib_SDL2:lib_SDL2.dll
 0002:00000138       __imp_SDL_RenderDrawRect   000000018000a138     lib_SDL2:lib_SDL2.dll
 0002:00000140       __imp_SDL_RenderFillRect   000000018000a140     lib_SDL2:lib_SDL2.dll
 0002:00000148       __imp_SDL_GetTicks         000000018000a148     lib_SDL2:lib_SDL2.dll
 0002:00000150       __imp_SDL_PeepEvents       000000018000a150     lib_SDL2:lib_SDL2.dll
 0002:00000158       __imp_SDL_StartTextInput   000000018000a158     lib_SDL2:lib_SDL2.dll
 0002:00000160       __imp_SDL_SetTextureColorMod 000000018000a160     lib_SDL2:lib_SDL2.dll
 0002:00000168       __imp_SDL_CreateRenderer   000000018000a168     lib_SDL2:lib_SDL2.dll
 0002:00000170       __imp_SDL_StopTextInput    000000018000a170     lib_SDL2:lib_SDL2.dll
 0002:00000178       __imp_SDL_RenderDrawLine   000000018000a178     lib_SDL2:lib_SDL2.dll
 0002:00000180       __imp_SDL_RenderDrawLines  000000018000a180     lib_SDL2:lib_SDL2.dll
 0002:00000188       __imp_SDL_Init             000000018000a188     lib_SDL2:lib_SDL2.dll
 0002:00000190       __imp_SDL_DestroyWindow    000000018000a190     lib_SDL2:lib_SDL2.dll
 0002:00000198       __imp_TTF_GlyphMetrics     000000018000a198     lib_SDL2:lib_SDL2.dll
 0002:000001a0       __imp_SDL_CreateWindow     000000018000a1a0     lib_SDL2:lib_SDL2.dll
 0002:000001a8       __imp_SDL_RenderCopy       000000018000a1a8     lib_SDL2:lib_SDL2.dll
 0002:000001b0       __imp_SDL_DestroyRenderer  000000018000a1b0     lib_SDL2:lib_SDL2.dll
 0002:000001b8       __imp_SDL_DestroyTexture   000000018000a1b8     lib_SDL2:lib_SDL2.dll
 0002:000001c0       __imp_SDL_CreateTextureFromSurface 000000018000a1c0     lib_SDL2:lib_SDL2.dll
 0002:000001c8       __imp_SDL_RenderPresent    000000018000a1c8     lib_SDL2:lib_SDL2.dll
 0002:000001d0       __imp_SDL_SetRenderDrawBlendMode 000000018000a1d0     lib_SDL2:lib_SDL2.dll
 0002:000001d8       __imp_SDL_SetRenderDrawColor 000000018000a1d8     lib_SDL2:lib_SDL2.dll
 0002:000001e0       __imp_TTF_OpenFont         000000018000a1e0     lib_SDL2:lib_SDL2.dll
 0002:000001e8       __imp_TTF_CloseFont        000000018000a1e8     lib_SDL2:lib_SDL2.dll
 0002:000001f0       __imp_SDL_RenderClear      000000018000a1f0     lib_SDL2:lib_SDL2.dll
 0002:000001f8       __imp_SDL_PumpEvents       000000018000a1f8     lib_SDL2:lib_SDL2.dll
 0002:00000200       __imp_TTF_RenderGlyph_Shaded 000000018000a200     lib_SDL2:lib_SDL2.dll
 0002:00000208       __imp_SDL_Delay            000000018000a208     lib_SDL2:lib_SDL2.dll
 0002:00000210       __imp_SDL_FreeSurface      000000018000a210     lib_SDL2:lib_SDL2.dll
 0002:00000218       \177lib_SDL2_NULL_THUNK_DATA 000000018000a218     lib_SDL2:lib_SDL2.dll
 0002:00000220       __imp_jpeg_read_scanlines  000000018000a220     lib_jpeglib:lib_jpeglib.dll
 0002:00000228       __imp_jpeg_finish_decompress 000000018000a228     lib_jpeglib:lib_jpeglib.dll
 0002:00000230       __imp_jpeg_read_header     000000018000a230     lib_jpeglib:lib_jpeglib.dll
 0002:00000238       __imp_jpeg_resync_to_restart 000000018000a238     lib_jpeglib:lib_jpeglib.dll
 0002:00000240       __imp_jpeg_destroy_decompress 000000018000a240     lib_jpeglib:lib_jpeglib.dll
 0002:00000248       __imp_jpeg_CreateDecompress 000000018000a248     lib_jpeglib:lib_jpeglib.dll
 0002:00000250       __imp_jpeg_start_decompress 000000018000a250     lib_jpeglib:lib_jpeglib.dll
 0002:00000258       __imp_jpeg_destroy         000000018000a258     lib_jpeglib:lib_jpeglib.dll
 0002:00000260       __imp_jpeg_std_error       000000018000a260     lib_jpeglib:lib_jpeglib.dll
 0002:00000268       \177lib_jpeglib_NULL_THUNK_DATA 000000018000a268     lib_jpeglib:lib_jpeglib.dll
 0002:00000270       __imp_png_destroy_read_struct 000000018000a270     lib_libpng:lib_libpng.dll
 0002:00000278       __imp_png_error            000000018000a278     lib_libpng:lib_libpng.dll
 0002:00000280       __imp_png_read_row         000000018000a280     lib_libpng:lib_libpng.dll
 0002:00000288       __imp_png_set_sig_bytes    000000018000a288     lib_libpng:lib_libpng.dll
 0002:00000290       __imp_png_read_update_info 000000018000a290     lib_libpng:lib_libpng.dll
 0002:00000298       __imp_png_set_read_fn      000000018000a298     lib_libpng:lib_libpng.dll
 0002:000002a0       __imp_png_create_info_struct 000000018000a2a0     lib_libpng:lib_libpng.dll
 0002:000002a8       __imp_png_get_io_ptr       000000018000a2a8     lib_libpng:lib_libpng.dll
 0002:000002b0       __imp_png_create_read_struct 000000018000a2b0     lib_libpng:lib_libpng.dll
 0002:000002b8       __imp_png_sig_cmp          000000018000a2b8     lib_libpng:lib_libpng.dll
 0002:000002c0       __imp_png_read_info        000000018000a2c0     lib_libpng:lib_libpng.dll
 0002:000002c8       __imp_png_get_IHDR         000000018000a2c8     lib_libpng:lib_libpng.dll
 0002:000002d0       \177lib_libpng_NULL_THUNK_DATA 000000018000a2d0     lib_libpng:lib_libpng.dll
 0002:000002d8       __xc_a                     000000018000a2d8     MSVCRT:cinitexe.obj
 0002:00000a18       __xc_z                     000000018000aa18     MSVCRT:cinitexe.obj
 0002:00000a20       __xi_a                     000000018000aa20     MSVCRT:cinitexe.obj
 0002:00000a30       __xi_z                     000000018000aa30     MSVCRT:cinitexe.obj
 0002:00000a48       ??_7type_info@@6B@         000000018000aa48     MSVCRT:ti_inst.obj
 0002:00000a50       _pRawDllMain               000000018000aa50     MSVCRT:crtdll.obj
 0002:00000a50       _pDefaultRawDllMain        000000018000aa50     MSVCRT:crtdll.obj
 0002:00000a58       ??_C@_0P@GHFPNOJB@bad?5allocation?$AA@ 000000018000aa58     plugin_test1.obj
[...]
 0001:00007898       ??__E?s_id@?$TObjectUniqueID@UIModuleLibrary@base@UModSys@@@tl@UModSys@@2USUniquePointer@core@3@A@@YAXXZ 0000000180008898 f    CIL library: CIL module
 0001:000078cc       ??__E?s_id@?$TObjectUniqueID@UIModObject@base@UModSys@@@tl@UModSys@@2USUniquePointer@core@3@A@@YAXXZ 00000001800088cc f    CIL library: CIL module
 0001:00007900       ??__E?s_id@?$TObjectUniqueID@UIGenerator@base@UModSys@@@tl@UModSys@@2USUniquePointer@core@3@A@@YAXXZ 0000000180008900 f    CIL library: CIL module
 0001:00007934       ??__E?s_id@?$TObjectUniqueID@UIShell@base@UModSys@@@tl@UModSys@@2USUniquePointer@core@3@A@@YAXXZ 0000000180008934 f    CIL library: CIL module
 0001:00007968       ??__E?s_id@?$TObjectUniqueID@UIConsole@base@UModSys@@@tl@UModSys@@2USUniquePointer@core@3@A@@YAXXZ 0000000180008968 f    CIL library: CIL module
 0001:0000799c       ??__E?s_id@?$TObjectUniqueID@UISystem@base@UModSys@@@tl@UModSys@@2USUniquePointer@core@3@A@@YAXXZ 000000018000899c f    CIL library: CIL module
 0001:000079d0       ??__E?s_id@?$TObjectUniqueID@UIStreamReader@libmedia@UModSys@@@tl@UModSys@@2USUniquePointer@core@3@A@@YAXXZ 00000001800089d0 f    CIL library: CIL module
 0001:00007a04       ??__E?s_id@?$TObjectUniqueID@UIStreamWriter@libmedia@UModSys@@@tl@UModSys@@2USUniquePointer@core@3@A@@YAXXZ 0000000180008a04 f    CIL library: CIL module
 0001:00007a38       ??__E?s_id@?$TObjectUniqueID@UIBinArchive@libmedia@UModSys@@@tl@UModSys@@2USUniquePointer@core@3@A@@YAXXZ 0000000180008a38 f    CIL library: CIL module
 0001:00007a6c       ??__E?s_id@?$TObjectUniqueID@UIBinObjFilter@libmedia@UModSys@@@tl@UModSys@@2USUniquePointer@core@3@A@@YAXXZ 0000000180008a6c f    CIL library: CIL module
 0001:00007aa0       ??__E?s_id@?$TObjectUniqueID@UILibrary@libmedia@UModSys@@@tl@UModSys@@2USUniquePointer@core@3@A@@YAXXZ 0000000180008aa0 f    CIL library: CIL module
 0001:00007ad4       ??__E?s_id@?$TObjectUniqueID@UILibraryBinTree@libmedia@UModSys@@@tl@UModSys@@2USUniquePointer@core@3@A@@YAXXZ 0000000180008ad4 f    CIL library: CIL module
 0001:00007b08       ??__E?s_id@?$TObjectUniqueID@UILibraryBinCache@libmedia@UModSys@@@tl@UModSys@@2USUniquePointer@core@3@A@@YAXXZ 0000000180008b08 f    CIL library: CIL module
 0001:00007b3c       ??__E?s_id@?$TObjectUniqueID@UILibraryObjFilter@libmedia@UModSys@@@tl@UModSys@@2USUniquePointer@core@3@A@@YAXXZ 0000000180008b3c f    CIL library: CIL module
 0001:00007b70       ??__E?s_id@?$TObjectUniqueID@UILibraryObjCache@libmedia@UModSys@@@tl@UModSys@@2USUniquePointer@core@3@A@@YAXXZ 0000000180008b70 f    CIL library: CIL module
 0001:00007ba4       ??__E?s_id@?$TObjectUniqueID@UILibraryLayered@libmedia@UModSys@@@tl@UModSys@@2USUniquePointer@core@3@A@@YAXXZ 0000000180008ba4 f    CIL library: CIL module
 0001:00007bd8       ??__E?s_id@?$TObjectUniqueID@UIConsoleExt@base@UModSys@@@tl@UModSys@@2USUniquePointer@core@3@A@@YAXXZ 0000000180008bd8 f    CIL library: CIL module
 0001:00007c0c       ??__E?s_id@?$TObjectUniqueID@UIConsoleHelper@base@UModSys@@@tl@UModSys@@2USUniquePointer@core@3@A@@YAXXZ 0000000180008c0c f    CIL library: CIL module
 0001:00007c40       ??__E?s_id@?$TObjectUniqueID@UIConsoleHelperHistory@base@UModSys@@@tl@UModSys@@2USUniquePointer@core@3@A@@YAXXZ 0000000180008c40 f    CIL library: CIL module
 0001:00007c74       ??__E?s_id@?$TObjectUniqueID@UIConsoleHelperInput@base@UModSys@@@tl@UModSys@@2USUniquePointer@core@3@A@@YAXXZ 0000000180008c74 f    CIL library: CIL module
 0001:00007ca8       ??__E?s_id@?$TObjectUniqueID@UIConsoleHelperOutput@base@UModSys@@@tl@UModSys@@2USUniquePointer@core@3@A@@YAXXZ 0000000180008ca8 f    CIL library: CIL module
 0001:00007cdc       ??__E?s_id@?$TObjectUniqueID@UIConsoleHelperOutputFCS@base@UModSys@@@tl@UModSys@@2USUniquePointer@core@3@A@@YAXXZ 0000000180008cdc f    CIL library: CIL module
 0001:00007d10       ??__E?s_id@?$TObjectUniqueID@UIKeyboardController@libui@UModSys@@@tl@UModSys@@2USUniquePointer@core@3@A@@YAXXZ 0000000180008d10 f    CIL library: CIL module
 0001:00007d44       ??__E?s_id@?$TObjectUniqueID@UIMouseController@libui@UModSys@@@tl@UModSys@@2USUniquePointer@core@3@A@@YAXXZ 0000000180008d44 f    CIL library: CIL module
 0001:00007d78       ??__E?s_id@?$TObjectUniqueID@UIJoystickController@libui@UModSys@@@tl@UModSys@@2USUniquePointer@core@3@A@@YAXXZ 0000000180008d78 f    CIL library: CIL module
 0001:00007dac       ??__E?s_id@?$TObjectUniqueID@UITerminal@libui@UModSys@@@tl@UModSys@@2USUniquePointer@core@3@A@@YAXXZ 0000000180008dac f    CIL library: CIL module
 0001:00007de0       ??__E?s_id@?$TObjectUniqueID@UIConsoleHelperInput_UIKey@libui@UModSys@@@tl@UModSys@@2USUniquePointer@core@3@A@@YAXXZ 0000000180008de0 f    CIL library: CIL module
 0001:00007e14       ??__E?s_id@?$TObjectUniqueID@UIImage@lib2d@UModSys@@@tl@UModSys@@2USUniquePointer@core@3@A@@YAXXZ 0000000180008e14 f    CIL library: CIL module
 0001:00007e48       ??__E?s_id@?$TObjectUniqueID@UIMultiImage@lib2d@UModSys@@@tl@UModSys@@2USUniquePointer@core@3@A@@YAXXZ 0000000180008e48 f    CIL library: CIL module
 0001:00007e7c       ??__E?s_id@?$TObjectUniqueID@UIRenderDriver@lib2d@UModSys@@@tl@UModSys@@2USUniquePointer@core@3@A@@YAXXZ 0000000180008e7c f    CIL library: CIL module
 0001:00007eb0       ??__E?s_id@?$TObjectUniqueID@UILines@test1@test@modules@UModSys@@@tl@UModSys@@2USUniquePointer@core@3@A@@YAXXZ 0000000180008eb0 f    CIL library: CIL module
 0001:00007ee4       ??__E?s_id@?$TObjectUniqueID@URLines@test1@test@modules@UModSys@@@tl@UModSys@@2USUniquePointer@core@3@A@@YAXXZ 0000000180008ee4 f    CIL library: CIL module
 0001:00007f18       ??__E?s_id@?$TObjectUniqueID@URLines_Filter@test1@test@modules@UModSys@@@tl@UModSys@@2USUniquePointer@core@3@A@@YAXXZ 0000000180008f18 f    CIL library: CIL module
 0001:00007f4c       ??__E?s_id@?$TObjectUniqueID@URTest1_Shell@test1@test@modules@UModSys@@@tl@UModSys@@2USUniquePointer@core@3@A@@YAXXZ 0000000180008f4c f    CIL library: CIL module
 0001:00007f80       ??__E?s_id@?$TObjectUniqueID@URGenerator@test1@test@modules@UModSys@@@tl@UModSys@@2USUniquePointer@core@3@A@@YAXXZ 0000000180008f80 f    CIL library: CIL module
 0001:00007fb4       ??__E?s_modreg@RModuleReg@SDL_core@ui@modules@UModSys@@2U12345@A@@YAXXZ 0000000180008fb4 f    CIL library: CIL module
 0001:00007ffc       ??__E?s_modreg_chain@RModuleReg@SDL_core@ui@modules@UModSys@@2USModuleRegChain@base@5@A@@YAXXZ 0000000180008ffc f    CIL library: CIL module
 0001:0000803c       ??__E?s_uid@RGenerator@SDL_core@ui@modules@UModSys@@2USUniquePointer@core@5@A@@YAXXZ 000000018000903c f    CIL library: CIL module
 0001:00008070       ??__E?s_id@?$TObjectUniqueID@URMultiImage2D_SDL_ttf@SDL_core@ui@modules@UModSys@@@tl@UModSys@@2USUniquePointer@core@3@A@@YAXXZ 0000000180009070 f    CIL library: CIL module
 0001:000080a4       ??__E?s_id@?$TObjectUniqueID@URRenderDriver2D@SDL_core@ui@modules@UModSys@@@tl@UModSys@@2USUniquePointer@core@3@A@@YAXXZ 00000001800090a4 f    CIL library: CIL module
 0001:000080d8       ??__E?s_id@?$TObjectUniqueID@URMouseController@SDL_core@ui@modules@UModSys@@@tl@UModSys@@2USUniquePointer@core@3@A@@YAXXZ 00000001800090d8 f    CIL library: CIL module
 0001:0000810c       ??__E?s_id@?$TObjectUniqueID@URKeyboardController@SDL_core@ui@modules@UModSys@@@tl@UModSys@@2USUniquePointer@core@3@A@@YAXXZ 000000018000910c f    CIL library: CIL module
 0001:00008140       ??__E?s_id@?$TObjectUniqueID@URTerminal@SDL_core@ui@modules@UModSys@@@tl@UModSys@@2USUniquePointer@core@3@A@@YAXXZ 0000000180009140 f    CIL library: CIL module
 0001:00008174       ??__E?s_id@?$TObjectUniqueID@URGenerator@SDL_core@ui@modules@UModSys@@@tl@UModSys@@2USUniquePointer@core@3@A@@YAXXZ 0000000180009174 f    CIL library: CIL module
 0001:000081a8       ??__E?s_modreg@RModuleReg@images_std@media@modules@UModSys@@2U12345@A@@YAXXZ 00000001800091a8 f    CIL library: CIL module
 0001:000081f4       ??__E?s_modreg_chain@RModuleReg@images_std@media@modules@UModSys@@2USModuleRegChain@base@5@A@@YAXXZ 00000001800091f4 f    CIL library: CIL module
 0001:00008234       ??__E?s_uid@RGenerator@images_std@media@modules@UModSys@@2USUniquePointer@core@5@A@@YAXXZ 0000000180009234 f    CIL library: CIL module
 0001:00008268       ??__E?s_id@?$TObjectUniqueID@URMediaFilter@images_std@media@modules@UModSys@@@tl@UModSys@@2USUniquePointer@core@3@A@@YAXXZ 0000000180009268 f    CIL library: CIL module
 0001:0000829c       ??__E?s_id@?$TObjectUniqueID@URGenerator@images_std@media@modules@UModSys@@@tl@UModSys@@2USUniquePointer@core@3@A@@YAXXZ 000000018000929c f    CIL library: CIL module
 0001:000082d0       ??__EM@UModSys@@YAXXZ      00000001800092d0 f    CIL library: CIL module
 0001:000082dc       ??__E?root@SModuleRegChain@base@UModSys@@2U123@A@@YAXXZ 00000001800092dc f    CIL library: CIL module
 0001:000082e8       ??__E?s_library@RModuleLibraryReg_Chain@base@UModSys@@2U123@A@@YAXXZ 00000001800092e8 f    CIL library: CIL module
 0001:000082f4       ??__E?root@SUniquePointer@core@UModSys@@2U123@A@@YAXXZ 00000001800092f4 f    CIL library: CIL module
 0001:00008300       ??__F?s_modreg@RModuleReg@test1@test@modules@UModSys@@2U12345@A@@YAXXZ 0000000180009300 f    CIL library: CIL module
 0001:00008310       ??__F?s_modreg_chain@RModuleReg@test1@test@modules@UModSys@@2USModuleRegChain@base@5@A@@YAXXZ 0000000180009310 f    CIL library: CIL module
 0001:00008350       ??__F?s_uid@RGenerator@test1@test@modules@UModSys@@2USUniquePointer@core@5@A@@YAXXZ 0000000180009350 f    CIL library: CIL module
 0001:0000835c       ??__Fh@?1??s_holder@RGenerator@test1@test@modules@UModSys@@SAAEAU?$TTypeStaticHolder@URGenerator@test1@test@modules@UModSys@@@tl@5@XZ@YAXXZ 000000018000935c f    CIL library: CIL module
 0001:00008384       ??__F?s_id@?$TObjectUniqueID@URGenerator@test1@test@modules@UModSys@@@tl@UModSys@@2USUniquePointer@core@3@A@@YAXXZ 0000000180009384 f    CIL library: CIL module
 0001:00008390       ??__F?s_id@?$TObjectUniqueID@URTest1_Shell@test1@test@modules@UModSys@@@tl@UModSys@@2USUniquePointer@core@3@A@@YAXXZ 0000000180009390 f    CIL library: CIL module
 0001:0000839c       ??__F?s_id@?$TObjectUniqueID@URLines_Filter@test1@test@modules@UModSys@@@tl@UModSys@@2USUniquePointer@core@3@A@@YAXXZ 000000018000939c f    CIL library: CIL module
 0001:000083a8       ??__F?s_id@?$TObjectUniqueID@URLines@test1@test@modules@UModSys@@@tl@UModSys@@2USUniquePointer@core@3@A@@YAXXZ 00000001800093a8 f    CIL library: CIL module
 0001:000083b4       ??__F?s_id@?$TObjectUniqueID@UILines@test1@test@modules@UModSys@@@tl@UModSys@@2USUniquePointer@core@3@A@@YAXXZ 00000001800093b4 f    CIL library: CIL module
 0001:000083c0       ??__F?s_id@?$TObjectUniqueID@UIRenderDriver@lib2d@UModSys@@@tl@UModSys@@2USUniquePointer@core@3@A@@YAXXZ 00000001800093c0 f    CIL library: CIL module
 0001:000083cc       ??__F?s_id@?$TObjectUniqueID@UIMultiImage@lib2d@UModSys@@@tl@UModSys@@2USUniquePointer@core@3@A@@YAXXZ 00000001800093cc f    CIL library: CIL module
 0001:000083d8       ??__F?s_id@?$TObjectUniqueID@UIImage@lib2d@UModSys@@@tl@UModSys@@2USUniquePointer@core@3@A@@YAXXZ 00000001800093d8 f    CIL library: CIL module
 0001:000083e4       ??__F?s_id@?$TObjectUniqueID@UIConsoleHelperInput_UIKey@libui@UModSys@@@tl@UModSys@@2USUniquePointer@core@3@A@@YAXXZ 00000001800093e4 f    CIL library: CIL module
 0001:000083f0       ??__F?s_id@?$TObjectUniqueID@UITerminal@libui@UModSys@@@tl@UModSys@@2USUniquePointer@core@3@A@@YAXXZ 00000001800093f0 f    CIL library: CIL module
 0001:000083fc       ??__F?s_id@?$TObjectUniqueID@UIJoystickController@libui@UModSys@@@tl@UModSys@@2USUniquePointer@core@3@A@@YAXXZ 00000001800093fc f    CIL library: CIL module
 0001:00008408       ??__F?s_id@?$TObjectUniqueID@UIMouseController@libui@UModSys@@@tl@UModSys@@2USUniquePointer@core@3@A@@YAXXZ 0000000180009408 f    CIL library: CIL module
 0001:00008414       ??__F?s_id@?$TObjectUniqueID@UIKeyboardController@libui@UModSys@@@tl@UModSys@@2USUniquePointer@core@3@A@@YAXXZ 0000000180009414 f    CIL library: CIL module
 0001:00008420       ??__F?s_id@?$TObjectUniqueID@UIConsoleHelperOutputFCS@base@UModSys@@@tl@UModSys@@2USUniquePointer@core@3@A@@YAXXZ 0000000180009420 f    CIL library: CIL module
 0001:0000842c       ??__F?s_id@?$TObjectUniqueID@UIConsoleHelperOutput@base@UModSys@@@tl@UModSys@@2USUniquePointer@core@3@A@@YAXXZ 000000018000942c f    CIL library: CIL module
 0001:00008438       ??__F?s_id@?$TObjectUniqueID@UIConsoleHelperInput@base@UModSys@@@tl@UModSys@@2USUniquePointer@core@3@A@@YAXXZ 0000000180009438 f    CIL library: CIL module
 0001:00008444       ??__F?s_id@?$TObjectUniqueID@UIConsoleHelperHistory@base@UModSys@@@tl@UModSys@@2USUniquePointer@core@3@A@@YAXXZ 0000000180009444 f    CIL library: CIL module
 0001:00008450       ??__F?s_id@?$TObjectUniqueID@UIConsoleHelper@base@UModSys@@@tl@UModSys@@2USUniquePointer@core@3@A@@YAXXZ 0000000180009450 f    CIL library: CIL module
 0001:0000845c       ??__F?s_id@?$TObjectUniqueID@UIConsoleExt@base@UModSys@@@tl@UModSys@@2USUniquePointer@core@3@A@@YAXXZ 000000018000945c f    CIL library: CIL module
 0001:00008468       ??__F?s_id@?$TObjectUniqueID@UILibraryLayered@libmedia@UModSys@@@tl@UModSys@@2USUniquePointer@core@3@A@@YAXXZ 0000000180009468 f    CIL library: CIL module
 0001:00008474       ??__F?s_id@?$TObjectUniqueID@UILibraryObjCache@libmedia@UModSys@@@tl@UModSys@@2USUniquePointer@core@3@A@@YAXXZ 0000000180009474 f    CIL library: CIL module
 0001:00008480       ??__F?s_id@?$TObjectUniqueID@UILibraryObjFilter@libmedia@UModSys@@@tl@UModSys@@2USUniquePointer@core@3@A@@YAXXZ 0000000180009480 f    CIL library: CIL module
 0001:0000848c       ??__F?s_id@?$TObjectUniqueID@UILibraryBinCache@libmedia@UModSys@@@tl@UModSys@@2USUniquePointer@core@3@A@@YAXXZ 000000018000948c f    CIL library: CIL module
 0001:00008498       ??__F?s_id@?$TObjectUniqueID@UILibraryBinTree@libmedia@UModSys@@@tl@UModSys@@2USUniquePointer@core@3@A@@YAXXZ 0000000180009498 f    CIL library: CIL module
 0001:000084a4       ??__F?s_id@?$TObjectUniqueID@UILibrary@libmedia@UModSys@@@tl@UModSys@@2USUniquePointer@core@3@A@@YAXXZ 00000001800094a4 f    CIL library: CIL module
 0001:000084b0       ??__F?s_id@?$TObjectUniqueID@UIBinObjFilter@libmedia@UModSys@@@tl@UModSys@@2USUniquePointer@core@3@A@@YAXXZ 00000001800094b0 f    CIL library: CIL module
 0001:000084bc       ??__F?s_id@?$TObjectUniqueID@UIBinArchive@libmedia@UModSys@@@tl@UModSys@@2USUniquePointer@core@3@A@@YAXXZ 00000001800094bc f    CIL library: CIL module
 0001:000084c8       ??__F?s_id@?$TObjectUniqueID@UIStreamWriter@libmedia@UModSys@@@tl@UModSys@@2USUniquePointer@core@3@A@@YAXXZ 00000001800094c8 f    CIL library: CIL module
 0001:000084d4       ??__F?s_id@?$TObjectUniqueID@UIStreamReader@libmedia@UModSys@@@tl@UModSys@@2USUniquePointer@core@3@A@@YAXXZ 00000001800094d4 f    CIL library: CIL module
 0001:000084e0       ??__F?s_id@?$TObjectUniqueID@UISystem@base@UModSys@@@tl@UModSys@@2USUniquePointer@core@3@A@@YAXXZ 00000001800094e0 f    CIL library: CIL module
 0001:000084ec       ??__F?s_id@?$TObjectUniqueID@UIConsole@base@UModSys@@@tl@UModSys@@2USUniquePointer@core@3@A@@YAXXZ 00000001800094ec f    CIL library: CIL module
 0001:000084f8       ??__F?s_id@?$TObjectUniqueID@UIShell@base@UModSys@@@tl@UModSys@@2USUniquePointer@core@3@A@@YAXXZ 00000001800094f8 f    CIL library: CIL module
 0001:00008504       ??__F?s_id@?$TObjectUniqueID@UIGenerator@base@UModSys@@@tl@UModSys@@2USUniquePointer@core@3@A@@YAXXZ 0000000180009504 f    CIL library: CIL module
 0001:00008510       ??__F?s_id@?$TObjectUniqueID@UIModObject@base@UModSys@@@tl@UModSys@@2USUniquePointer@core@3@A@@YAXXZ 0000000180009510 f    CIL library: CIL module
 0001:0000851c       ??__F?s_id@?$TObjectUniqueID@UIModuleLibrary@base@UModSys@@@tl@UModSys@@2USUniquePointer@core@3@A@@YAXXZ 000000018000951c f    CIL library: CIL module
 0001:00008528       ??__F?s_id@?$TObjectUniqueID@UIModule@base@UModSys@@@tl@UModSys@@2USUniquePointer@core@3@A@@YAXXZ 0000000180009528 f    CIL library: CIL module
 0001:00008534       ??__F?s_id@?$TObjectUniqueID@UIParameters@core@UModSys@@@tl@UModSys@@2USUniquePointer@core@3@A@@YAXXZ 0000000180009534 f    CIL library: CIL module
 0001:00008540       ??__F?s_id@?$TObjectUniqueID@UIRefObject@core@UModSys@@@tl@UModSys@@2USUniquePointer@core@3@A@@YAXXZ 0000000180009540 f    CIL library: CIL module
 0001:0000854c       ??__F?s_id@?$TObjectUniqueID@UIRoot@core@UModSys@@@tl@UModSys@@2USUniquePointer@core@3@A@@YAXXZ 000000018000954c f    CIL library: CIL module
 0001:00008558       ??__F?s_modreg@RModuleReg@SDL_core@ui@modules@UModSys@@2U12345@A@@YAXXZ 0000000180009558 f    CIL library: CIL module
 0001:00008568       ??__F?s_modreg_chain@RModuleReg@SDL_core@ui@modules@UModSys@@2USModuleRegChain@base@5@A@@YAXXZ 0000000180009568 f    CIL library: CIL module
 0001:000085a8       ??__F?s_uid@RGenerator@SDL_core@ui@modules@UModSys@@2USUniquePointer@core@5@A@@YAXXZ 00000001800095a8 f    CIL library: CIL module
 0001:000085b4       ??__Fh@?1??s_holder@RGenerator@SDL_core@ui@modules@UModSys@@SAAEAU?$TTypeStaticHolder@URGenerator@SDL_core@ui@modules@UModSys@@@tl@5@XZ@YAXXZ 00000001800095b4 f    CIL library: CIL module
 0001:000085dc       ??__F?s_id@?$TObjectUniqueID@URGenerator@SDL_core@ui@modules@UModSys@@@tl@UModSys@@2USUniquePointer@core@3@A@@YAXXZ 00000001800095dc f    CIL library: CIL module
 0001:000085e8       ??__F?s_id@?$TObjectUniqueID@URTerminal@SDL_core@ui@modules@UModSys@@@tl@UModSys@@2USUniquePointer@core@3@A@@YAXXZ 00000001800095e8 f    CIL library: CIL module
 0001:000085f4       ??__F?s_id@?$TObjectUniqueID@URKeyboardController@SDL_core@ui@modules@UModSys@@@tl@UModSys@@2USUniquePointer@core@3@A@@YAXXZ 00000001800095f4 f    CIL library: CIL module
 0001:00008600       ??__F?s_id@?$TObjectUniqueID@URMouseController@SDL_core@ui@modules@UModSys@@@tl@UModSys@@2USUniquePointer@core@3@A@@YAXXZ 0000000180009600 f    CIL library: CIL module
 0001:0000860c       ??__F?s_id@?$TObjectUniqueID@URRenderDriver2D@SDL_core@ui@modules@UModSys@@@tl@UModSys@@2USUniquePointer@core@3@A@@YAXXZ 000000018000960c f    CIL library: CIL module
 0001:00008618       ??__F?s_id@?$TObjectUniqueID@URMultiImage2D_SDL_ttf@SDL_core@ui@modules@UModSys@@@tl@UModSys@@2USUniquePointer@core@3@A@@YAXXZ 0000000180009618 f    CIL library: CIL module
 0001:00008624       ??__F?s_modreg@RModuleReg@images_std@media@modules@UModSys@@2U12345@A@@YAXXZ 0000000180009624 f    CIL library: CIL module
 0001:00008634       ??__F?s_modreg_chain@RModuleReg@images_std@media@modules@UModSys@@2USModuleRegChain@base@5@A@@YAXXZ 0000000180009634 f    CIL library: CIL module
 0001:00008674       ??__F?s_uid@RGenerator@images_std@media@modules@UModSys@@2USUniquePointer@core@5@A@@YAXXZ 0000000180009674 f    CIL library: CIL module
 0001:00008680       ??__Fh@?1??s_holder@RGenerator@images_std@media@modules@UModSys@@SAAEAU?$TTypeStaticHolder@URGenerator@images_std@media@modules@UModSys@@@tl@5@XZ@YAXXZ 0000000180009680 f    CIL library: CIL module
 0001:000086a8       ??__F?s_id@?$TObjectUniqueID@URGenerator@images_std@media@modules@UModSys@@@tl@UModSys@@2USUniquePointer@core@3@A@@YAXXZ 00000001800096a8 f    CIL library: CIL module
 0001:000086b4       ??__F?s_id@?$TObjectUniqueID@URMediaFilter@images_std@media@modules@UModSys@@@tl@UModSys@@2USUniquePointer@core@3@A@@YAXXZ 00000001800096b4 f    CIL library: CIL module
 0001:000086c0       ??__FM@UModSys@@YAXXZ      00000001800096c0 f    CIL library: CIL module
 0001:000086c4       ??__F?root@SModuleRegChain@base@UModSys@@2U123@A@@YAXXZ 00000001800096c4 f    CIL library: CIL module
 0001:00008704       ??__F?s_library@RModuleLibraryReg_Chain@base@UModSys@@2U123@A@@YAXXZ 0000000180009704 f    CIL library: CIL module
 0001:00008714       ??__F?root@SUniquePointer@core@UModSys@@2U123@A@@YAXXZ 0000000180009714 f    CIL library: CIL module

 Exports

  ordinal    name

        1    UModSys_Plugin_Entry2
