 plugin_test1

 Timestamp is 526e64a2 (Mon Oct 28 16:20:34 2013)

 Preferred load address is 0000000180000000

 Start         Length     Name                   Class
 0001:00000000 000049a2H .text                   CODE
 0001:000049b0 000007c1H .text$x                 CODE
 0001:00005174 00000708H .text$yc                CODE
 0001:0000587c 00000210H .text$yd                CODE
 0002:00000000 000000f8H .idata$5                DATA
 0002:000000f8 00000008H .CRT$XCA                DATA
 0002:00000100 00000358H .CRT$XCU                DATA
 0002:00000458 00000008H .CRT$XCZ                DATA
 0002:00000460 00000008H .CRT$XIA                DATA
 0002:00000468 00000008H .CRT$XIAA               DATA
 0002:00000470 00000008H .CRT$XIZ                DATA
 0002:00000480 00001170H .rdata                  DATA
 0002:000015f0 00000964H .rdata$r                DATA
 0002:00001f58 00000008H .rtc$IAA                DATA
 0002:00001f60 00000008H .rtc$IZZ                DATA
 0002:00001f68 00000008H .rtc$TAA                DATA
 0002:00001f70 00000008H .rtc$TZZ                DATA
 0002:00001f78 00000ba4H .xdata                  DATA
 0002:00002b1c 00000028H .idata$2                DATA
 0002:00002b44 00000014H .idata$3                DATA
 0002:00002b58 000000f8H .idata$4                DATA
 0002:00002c50 00000228H .idata$6                DATA
 0002:00002e80 00000059H .edata                  DATA
 0003:00000000 00000518H .data                   DATA
 0003:00000518 000005d0H .bss                    DATA
 0004:00000000 000007c8H .pdata                  DATA

  Address         Publics by Value              Rva+Base               Lib:Object

 0000:00000000       ___safe_se_handler_count   0000000000000000     <absolute>
 0000:00000000       ___safe_se_handler_table   0000000000000000     <absolute>
 0000:00000000       __ImageBase                0000000180000000     <linker-defined>
 0001:00000000       ??1SCMemShared@core@UModSys@@QEAA@XZ 0000000180001000 f i plugin_test1.obj
 0001:00000000       ??1SMemShared@core@UModSys@@QEAA@XZ 0000000180001000 f i plugin_test1.obj
 0001:00000024       ??6SUniquePtrList@core@UModSys@@QEAAAEAU012@PEBUSUniquePointerInfo@12@@Z 0000000180001024 f i plugin_test1.obj
 0001:000000dc       ??3IRoot@core@UModSys@@SAXPEAXAEBUSIMemAlloc@12@@Z 00000001800010dc f i plugin_test1.obj
 0001:00000108       ?layer_push@ILibraryLayered@libmedia@UModSys@@QEAA_NPEAUILibrary@23@HAEBU?$TString@U?$TSCoreConst@D@su@tl@UModSys@@U?$TComparerBinaryHash@D@234@@tl@3@@Z 0000000180001108 f i plugin_test1.obj
 0001:00000198       ??1SLayer@ILibraryLayered@libmedia@UModSys@@QEAA@XZ 0000000180001198 f i plugin_test1.obj
 0001:00000198       ??1SPoint@ILibraryBinTree@libmedia@UModSys@@QEAA@XZ 0000000180001198 f i plugin_test1.obj
 0001:000001bc       ?root_get_interface_info@RLines@test1@test@modules@UModSys@@UEBAAEBUSUniquePointerInfo@core@5@XZ 00000001800011bc f i plugin_test1.obj
 0001:000001c4       ?root_get_interface_type@RLines@test1@test@modules@UModSys@@UEBAPEBUSUniquePointerInfo@core@5@XZ 00000001800011c4 f i plugin_test1.obj
 0001:000001cc       ?root_get_other_interface@RLines@test1@test@modules@UModSys@@UEBAPEBUIRoot@core@5@PEBUSUniquePointerInfo@75@@Z 00000001800011cc f i plugin_test1.obj
 0001:000001cc       ?root_get_other_interface@RLines@test1@test@modules@UModSys@@UEAAPEAUIRoot@core@5@PEBUSUniquePointerInfo@75@@Z 00000001800011cc f i plugin_test1.obj
 0001:000001fc       ?root_is_interface_supported@RLines@test1@test@modules@UModSys@@UEBA_NPEBUSUniquePointerInfo@core@5@@Z 00000001800011fc f i plugin_test1.obj
 0001:0000022c       ?ref_add@RLines@test1@test@modules@UModSys@@UEBAXXZ 000000018000122c f i plugin_test1.obj
 0001:00000230       ?ref_remove@RLines@test1@test@modules@UModSys@@UEBAXXZ 0000000180001230 f i plugin_test1.obj
 0001:00000248       ?ref_links@RLines@test1@test@modules@UModSys@@UEBAHXZ 0000000180001248 f i plugin_test1.obj
 0001:0000024c       ?ref_weak@RLines@test1@test@modules@UModSys@@UEBA_NAEAUWeakPointer@IRefObject@core@5@@Z 000000018000124c f i plugin_test1.obj
 0001:0000026c       ?suicide@RLines@test1@test@modules@UModSys@@UEAAXXZ 000000018000126c f i plugin_test1.obj
 0001:000002b8       ??_GRLines@test1@test@modules@UModSys@@UEAAPEAXI@Z 00000001800012b8 f i plugin_test1.obj
 0001:000002b8       ??_ERLines@test1@test@modules@UModSys@@UEAAPEAXI@Z 00000001800012b8 f i  CIL library: CIL module
 0001:000002f4       ??1ILines@test1@test@modules@UModSys@@UEAA@XZ 00000001800012f4 f i plugin_test1.obj
 0001:00000370       ??_EILines@test1@test@modules@UModSys@@UEAAPEAXI@Z 0000000180001370 f i  CIL library: CIL module
 0001:00000370       ??_GILines@test1@test@modules@UModSys@@UEAAPEAXI@Z 0000000180001370 f i plugin_test1.obj
 0001:000003a0       ??_ERGenerator@test1@test@modules@UModSys@@UEAAPEAXI@Z 00000001800013a0 f i  CIL library: CIL module
 0001:000003a0       ??_EIRoot@core@UModSys@@UEAAPEAXI@Z 00000001800013a0 f i  CIL library: CIL module
 0001:000003a0       ??_GIRoot@core@UModSys@@UEAAPEAXI@Z 00000001800013a0 f i plugin_test1.obj
 0001:000003a0       ??_GRGenerator@test1@test@modules@UModSys@@UEAAPEAXI@Z 00000001800013a0 f i plugin_test1.obj
 0001:000003c8       ?root_get_interface_info@RLines_Filter@test1@test@modules@UModSys@@UEBAAEBUSUniquePointerInfo@core@5@XZ 00000001800013c8 f i plugin_test1.obj
 0001:000003d0       ?root_get_interface_type@RLines_Filter@test1@test@modules@UModSys@@UEBAPEBUSUniquePointerInfo@core@5@XZ 00000001800013d0 f i plugin_test1.obj
 0001:000003d8       ?root_get_other_interface@RLines_Filter@test1@test@modules@UModSys@@UEAAPEAUIRoot@core@5@PEBUSUniquePointerInfo@75@@Z 00000001800013d8 f i plugin_test1.obj
 0001:000003d8       ?root_get_other_interface@RLines_Filter@test1@test@modules@UModSys@@UEBAPEBUIRoot@core@5@PEBUSUniquePointerInfo@75@@Z 00000001800013d8 f i plugin_test1.obj
 0001:00000408       ?root_is_interface_supported@RLines_Filter@test1@test@modules@UModSys@@UEBA_NPEBUSUniquePointerInfo@core@5@@Z 0000000180001408 f i plugin_test1.obj
 0001:00000438       ?ref_add@RLines_Filter@test1@test@modules@UModSys@@UEBAXXZ 0000000180001438 f i plugin_test1.obj
 0001:0000043c       ?ref_remove@RLines_Filter@test1@test@modules@UModSys@@UEBAXXZ 000000018000143c f i plugin_test1.obj
 0001:00000454       ?ref_links@RLines_Filter@test1@test@modules@UModSys@@UEBAHXZ 0000000180001454 f i plugin_test1.obj
 0001:00000458       ?ref_weak@RLines_Filter@test1@test@modules@UModSys@@UEBA_NAEAUWeakPointer@IRefObject@core@5@@Z 0000000180001458 f i plugin_test1.obj
 0001:00000478       ?suicide@RLines_Filter@test1@test@modules@UModSys@@UEAAXXZ 0000000180001478 f i plugin_test1.obj
 0001:000004c4       ?get_flag@RLines_Filter@test1@test@modules@UModSys@@UEBA?AW4eStates@?$TFlags4State@USMediaFlagUid@libmedia@UModSys@@I@tl@5@H@Z 00000001800014c4 f i plugin_test1.obj
 0001:000004d0       ?get_flags_auto@RLines_Filter@test1@test@modules@UModSys@@UEBA?AU?$TFlags4State@USMediaFlagUid@libmedia@UModSys@@I@tl@5@XZ 00000001800014d0 f i plugin_test1.obj
 0001:000004dc       ?set_flag@RLines_Filter@test1@test@modules@UModSys@@UEAA?AW4eStates@?$TFlags4State@USMediaFlagUid@libmedia@UModSys@@I@tl@5@HW46785@@Z 00000001800014dc f i plugin_test1.obj
 0001:00000504       ?filter_load@RLines_Filter@test1@test@modules@UModSys@@UEAA_NAEBUSInfo@IBinObjFilter@libmedia@5@AEAU?$TRefObject@UIRefObject@core@UModSys@@U?$TRefObjectFunc@UIRefObject@core@UModSys@@@tl@3@@tl@5@@Z 0000000180001504 f i plugin_test1.obj
 0001:00000690       ?filter_load@RLines_Filter@test1@test@modules@UModSys@@UEAA_NAEBUSInfo@IBinObjFilter@libmedia@5@PEAUIRefObject@core@5@@Z 0000000180001690 f i plugin_test1.obj
 0001:000007fc       ?filter_save@RLines_Filter@test1@test@modules@UModSys@@UEAA_NAEAUSInfo@IBinObjFilter@libmedia@5@PEBUIRefObject@core@5@@Z 00000001800017fc f i plugin_test1.obj
 0001:00000980       ??_GRLines_Filter@test1@test@modules@UModSys@@UEAAPEAXI@Z 0000000180001980 f i plugin_test1.obj
 0001:00000980       ??_ERLines_Filter@test1@test@modules@UModSys@@UEAAPEAXI@Z 0000000180001980 f i  CIL library: CIL module
 0001:000009b4       ??1IShell@base@UModSys@@UEAA@XZ 00000001800019b4 f i plugin_test1.obj
 0001:000009b4       ??1IBinObjFilter@libmedia@UModSys@@UEAA@XZ 00000001800019b4 f i plugin_test1.obj
 0001:000009c0       ?root_get_interface_info@RTest1_Shell@test1@test@modules@UModSys@@UEBAAEBUSUniquePointerInfo@core@5@XZ 00000001800019c0 f i plugin_test1.obj
 0001:000009c8       ?root_get_interface_type@RTest1_Shell@test1@test@modules@UModSys@@UEBAPEBUSUniquePointerInfo@core@5@XZ 00000001800019c8 f i plugin_test1.obj
 0001:000009d0       ?root_get_other_interface@RTest1_Shell@test1@test@modules@UModSys@@UEBAPEBUIRoot@core@5@PEBUSUniquePointerInfo@75@@Z 00000001800019d0 f i plugin_test1.obj
 0001:000009d0       ?root_get_other_interface@RTest1_Shell@test1@test@modules@UModSys@@UEAAPEAUIRoot@core@5@PEBUSUniquePointerInfo@75@@Z 00000001800019d0 f i plugin_test1.obj
 0001:00000a00       ?root_is_interface_supported@RTest1_Shell@test1@test@modules@UModSys@@UEBA_NPEBUSUniquePointerInfo@core@5@@Z 0000000180001a00 f i plugin_test1.obj
 0001:00000a30       ?ref_add@RTest1_Shell@test1@test@modules@UModSys@@UEBAXXZ 0000000180001a30 f i plugin_test1.obj
 0001:00000a30       ?ref_add@RGenerator@test1@test@modules@UModSys@@UEBAXXZ 0000000180001a30 f i plugin_test1.obj
 0001:00000a34       ?ref_remove@RTest1_Shell@test1@test@modules@UModSys@@UEBAXXZ 0000000180001a34 f i plugin_test1.obj
 0001:00000a34       ?ref_remove@RGenerator@test1@test@modules@UModSys@@UEBAXXZ 0000000180001a34 f i plugin_test1.obj
 0001:00000a4c       ?ref_links@RGenerator@test1@test@modules@UModSys@@UEBAHXZ 0000000180001a4c f i plugin_test1.obj
 0001:00000a4c       ?ref_links@RTest1_Shell@test1@test@modules@UModSys@@UEBAHXZ 0000000180001a4c f i plugin_test1.obj
 0001:00000a50       ?ref_weak@RTest1_Shell@test1@test@modules@UModSys@@UEBA_NAEAUWeakPointer@IRefObject@core@5@@Z 0000000180001a50 f i plugin_test1.obj
 0001:00000a50       ?ref_weak@RGenerator@test1@test@modules@UModSys@@UEBA_NAEAUWeakPointer@IRefObject@core@5@@Z 0000000180001a50 f i plugin_test1.obj
 0001:00000a70       ?suicide@RTest1_Shell@test1@test@modules@UModSys@@UEAAXXZ 0000000180001a70 f i plugin_test1.obj
 0001:00000abc       ??0RTest1_Shell@test1@test@modules@UModSys@@QEAA@PEAUIModObject@base@4@@Z 0000000180001abc f i plugin_test1.obj
 0001:00000be4       ?connect@RTest1_Shell@test1@test@modules@UModSys@@UEAA_NXZ 0000000180001be4 f i plugin_test1.obj
 0001:00000c08       ?disconnect@RTest1_Shell@test1@test@modules@UModSys@@UEAA_NXZ 0000000180001c08 f i plugin_test1.obj
 0001:00000c2c       ?process_tick@RTest1_Shell@test1@test@modules@UModSys@@UEAA_NAEBUSTimeMsec@core@5@@Z 0000000180001c2c f i plugin_test1.obj
 0001:00000c64       ?process_command@RTest1_Shell@test1@test@modules@UModSys@@UEAA_NHQEBU?$TString@U?$TSCoreConst@D@su@tl@UModSys@@U?$TComparerBinaryHash@D@234@@tl@5@@Z 0000000180001c64 f i plugin_test1.obj
 0001:00000c88       ??_GRTest1_Shell@test1@test@modules@UModSys@@UEAAPEAXI@Z 0000000180001c88 f i plugin_test1.obj
 0001:00000c88       ??_ERTest1_Shell@test1@test@modules@UModSys@@UEAAPEAXI@Z 0000000180001c88 f i  CIL library: CIL module
 0001:00000d20       ?dump_str@RTest1_Shell@test1@test@modules@UModSys@@QEAAXPEBD_K@Z 0000000180001d20 f   plugin_test1.obj
 0001:00001050       ?media_arch_stdio@RTest1_Shell@test1@test@modules@UModSys@@QEAA?AU?$TRefObject@UIBinArchive@libmedia@UModSys@@U?$TRefObjectFunc@UIBinArchive@libmedia@UModSys@@@tl@3@@tl@5@AEBU?$TString@U?$TSCoreConst@D@su@tl@UModSys@@U?$TComparerBinaryHash@D@234@@75@@Z 0000000180002050 f   plugin_test1.obj
 0001:000012a8       ??1?$TParametersA@$0EAA@@core@UModSys@@QEAA@XZ 00000001800022a8 f i plugin_test1.obj
 0001:000012c4       ?media_vfs@RTest1_Shell@test1@test@modules@UModSys@@QEAA?AU?$TRefObject@UILibraryBinTree@libmedia@UModSys@@U?$TRefObjectFunc@UILibraryBinTree@libmedia@UModSys@@@tl@3@@tl@5@XZ 00000001800022c4 f   plugin_test1.obj
 0001:000014c4       ?media_flt@RTest1_Shell@test1@test@modules@UModSys@@QEAA?AU?$TRefObject@UILibraryObjFilter@libmedia@UModSys@@U?$TRefObjectFunc@UILibraryObjFilter@libmedia@UModSys@@@tl@3@@tl@5@XZ 00000001800024c4 f   plugin_test1.obj
 0001:000016c4       ?media_lay@RTest1_Shell@test1@test@modules@UModSys@@QEAA?AU?$TRefObject@UILibraryLayered@libmedia@UModSys@@U?$TRefObjectFunc@UILibraryLayered@libmedia@UModSys@@@tl@3@@tl@5@XZ 00000001800026c4 f   plugin_test1.obj
 0001:000018c4       ?media_cache@RTest1_Shell@test1@test@modules@UModSys@@QEAA?AU?$TRefObject@UILibrary@libmedia@UModSys@@U?$TRefObjectFunc@UILibrary@libmedia@UModSys@@@tl@3@@tl@5@_N@Z 00000001800028c4 f   plugin_test1.obj
 0001:00001c80       ?test_op_file@RTest1_Shell@test1@test@modules@UModSys@@QEAAX_NAEBU?$TString@U?$TSCoreConst@D@su@tl@UModSys@@U?$TComparerBinaryHash@D@234@@tl@5@AEAUSCMemShared@core@5@0@Z 0000000180002c80 f   plugin_test1.obj
 0001:00001d64       ?file_test1@RTest1_Shell@test1@test@modules@UModSys@@QEAAXXZ 0000000180002d64 f   plugin_test1.obj
 0001:000021f4       ?file_test2@RTest1_Shell@test1@test@modules@UModSys@@QEAAXXZ 00000001800031f4 f   plugin_test1.obj
 0001:000024bc       ?file_test3@RTest1_Shell@test1@test@modules@UModSys@@QEAAXXZ 00000001800034bc f   plugin_test1.obj
 0001:0000267c       ?file_test4@RTest1_Shell@test1@test@modules@UModSys@@QEAAXXZ 000000018000367c f   plugin_test1.obj
 0001:00002af0       ?file_test5@RTest1_Shell@test1@test@modules@UModSys@@QEAAXXZ 0000000180003af0 f   plugin_test1.obj
 0001:00003510       ?get_generated_names@RGenerator@test1@test@modules@UModSys@@UEBAHAEAUSUniquePtrList@core@5@@Z 0000000180004510 f i plugin_test1.obj
 0001:00003530       ?get_generated_types@RGenerator@test1@test@modules@UModSys@@UEBAHAEAUSUniquePtrList@core@5@PEBUSUniquePointerInfo@75@@Z 0000000180004530 f i plugin_test1.obj
 0001:0000358c       ?generate@RGenerator@test1@test@modules@UModSys@@UEAA_NAEAU?$TRefObject@UIRefObject@core@UModSys@@U?$TRefObjectFunc@UIRefObject@core@UModSys@@@tl@3@@tl@5@PEBUSUniquePointerInfo@core@5@AEBUSParameters@95@@Z 000000018000458c f i plugin_test1.obj
 0001:00003650       ?root_get_interface_info@RGenerator@test1@test@modules@UModSys@@UEBAAEBUSUniquePointerInfo@core@5@XZ 0000000180004650 f i plugin_test1.obj
 0001:00003658       ?root_get_interface_type@RGenerator@test1@test@modules@UModSys@@UEBAPEBUSUniquePointerInfo@core@5@XZ 0000000180004658 f i plugin_test1.obj
 0001:00003660       ?root_get_interface_types@RLines@test1@test@modules@UModSys@@UEBA_KAEAUSUniquePtrList@core@5@@Z 0000000180004660 f i plugin_test1.obj
 0001:00003660       ?root_get_interface_types@RGenerator@test1@test@modules@UModSys@@UEBA_KAEAUSUniquePtrList@core@5@@Z 0000000180004660 f i plugin_test1.obj
 0001:00003660       ?root_get_interface_types@RTest1_Shell@test1@test@modules@UModSys@@UEBA_KAEAUSUniquePtrList@core@5@@Z 0000000180004660 f i plugin_test1.obj
 0001:00003660       ?root_get_interface_types@RLines_Filter@test1@test@modules@UModSys@@UEBA_KAEAUSUniquePtrList@core@5@@Z 0000000180004660 f i plugin_test1.obj
 0001:00003668       ?root_get_other_interface@RGenerator@test1@test@modules@UModSys@@UEBAPEBUIRoot@core@5@PEBUSUniquePointerInfo@75@@Z 0000000180004668 f i plugin_test1.obj
 0001:00003668       ?root_get_other_interface@RGenerator@test1@test@modules@UModSys@@UEAAPEAUIRoot@core@5@PEBUSUniquePointerInfo@75@@Z 0000000180004668 f i plugin_test1.obj
 0001:000036a0       ?root_is_interface_supported@RGenerator@test1@test@modules@UModSys@@UEBA_NPEBUSUniquePointerInfo@core@5@@Z 00000001800046a0 f i plugin_test1.obj
 0001:000036d8       ?suicide@RGenerator@test1@test@modules@UModSys@@UEAAXXZ 00000001800046d8 f i plugin_test1.obj
 0001:000036dc       ?get_uid@RGenerator@test1@test@modules@UModSys@@UEBAPEBUSUniquePointerInfo@core@5@XZ 00000001800046dc f i plugin_test1.obj
 0001:000036e4       ?do_open@RModuleReg@test1@test@modules@UModSys@@UEAA_NXZ 00000001800046e4 f i plugin_test1.obj
 0001:00003768       ?do_close@RModuleReg@test1@test@modules@UModSys@@UEAA_NXZ 0000000180004768 f i plugin_test1.obj
 0001:000037d0       ??_EIModuleReg@base@UModSys@@UEAAPEAXI@Z 00000001800047d0 f i  CIL library: CIL module
 0001:000037d0       ??_ERModuleReg@test1@test@modules@UModSys@@UEAAPEAXI@Z 00000001800047d0 f i  CIL library: CIL module
 0001:000037d0       ??_GIModuleReg@base@UModSys@@UEAAPEAXI@Z 00000001800047d0 f i umodsys_lib_base:umodsys.base.modulereg.obj
 0001:000037d0       ??_GRModuleReg@test1@test@modules@UModSys@@UEAAPEAXI@Z 00000001800047d0 f i plugin_test1.obj
 0001:000037f8       ?get_module@RGenerator@test1@test@modules@UModSys@@UEBAPEAUIModule@base@5@XZ 00000001800047f8 f   plugin_test1.obj
 0001:00003800       ?mod_inc@RGenerator@test1@test@modules@UModSys@@UEBA_NXZ 0000000180004800 f   plugin_test1.obj
 0001:00003810       ?mod_dec@RGenerator@test1@test@modules@UModSys@@UEBA_NXZ 0000000180004810 f   plugin_test1.obj
 0001:00003824       ?s_holder@RGenerator@test1@test@modules@UModSys@@SAAEAU?$TTypeStaticHolder@URGenerator@test1@test@modules@UModSys@@@tl@5@XZ 0000000180004824 f   plugin_test1.obj
 0001:00003868       ??0?$TString@U?$TSCoreConst@D@su@tl@UModSys@@U?$TComparerBinaryHash@D@234@@tl@UModSys@@QEAA@PEBD@Z 0000000180004868 f i plugin_test1.obj
 0001:000038d4       ??0?$TString@U?$TSCoreShared@USIMemAlloc@core@UModSys@@D@su@tl@UModSys@@U?$TComparerBinaryHash@D@234@@tl@UModSys@@QEAA@PEBD_K@Z 00000001800048d4 f i plugin_test1.obj
 0001:000039e8       ??1?$TSCoreShared@USIMemAlloc@core@UModSys@@D@su@tl@UModSys@@QEAA@XZ 00000001800049e8 f i plugin_test1.obj
 0001:00003a38       ??1?$TRefObject@UILibraryObjFilter@libmedia@UModSys@@U?$TRefObjectFunc@UILibraryObjFilter@libmedia@UModSys@@@tl@3@@tl@UModSys@@QEAA@XZ 0000000180004a38 f i plugin_test1.obj
 0001:00003a38       ??1?$TRefObject@UILines@test1@test@modules@UModSys@@U?$TRefObjectFunc@UILines@test1@test@modules@UModSys@@@tl@5@@tl@UModSys@@QEAA@XZ 0000000180004a38 f i plugin_test1.obj
 0001:00003a38       ??1?$TRefObject@UILibraryBinCache@libmedia@UModSys@@U?$TRefObjectFunc@UILibraryBinCache@libmedia@UModSys@@@tl@3@@tl@UModSys@@QEAA@XZ 0000000180004a38 f i plugin_test1.obj
 0001:00003a38       ??1?$TRefObject@UIStreamReader@libmedia@UModSys@@U?$TRefObjectFunc@UIStreamReader@libmedia@UModSys@@@tl@3@@tl@UModSys@@QEAA@XZ 0000000180004a38 f i plugin_test1.obj
 0001:00003a38       ??1?$TRefObject@UILibraryObjCache@libmedia@UModSys@@U?$TRefObjectFunc@UILibraryObjCache@libmedia@UModSys@@@tl@3@@tl@UModSys@@QEAA@XZ 0000000180004a38 f i plugin_test1.obj
 0001:00003a38       ??1?$TRefObject@UIBinObjFilter@libmedia@UModSys@@U?$TRefObjectFunc@UIBinObjFilter@libmedia@UModSys@@@tl@3@@tl@UModSys@@QEAA@XZ 0000000180004a38 f i plugin_test1.obj
 0001:00003a38       ??1?$TRefObject@UILibraryBinTree@libmedia@UModSys@@U?$TRefObjectFunc@UILibraryBinTree@libmedia@UModSys@@@tl@3@@tl@UModSys@@QEAA@XZ 0000000180004a38 f i plugin_test1.obj
 0001:00003a38       ??1?$TRefObject@UIRefObject@core@UModSys@@U?$TRefObjectFunc@UIRefObject@core@UModSys@@@tl@3@@tl@UModSys@@QEAA@XZ 0000000180004a38 f i plugin_test1.obj
 0001:00003a38       ??1?$TRefObject@UILibraryLayered@libmedia@UModSys@@U?$TRefObjectFunc@UILibraryLayered@libmedia@UModSys@@@tl@3@@tl@UModSys@@QEAA@XZ 0000000180004a38 f i plugin_test1.obj
 0001:00003a38       ??1?$TRefObject@UILibrary@libmedia@UModSys@@U?$TRefObjectFunc@UILibrary@libmedia@UModSys@@@tl@3@@tl@UModSys@@QEAA@XZ 0000000180004a38 f i plugin_test1.obj
 0001:00003a38       ??1?$TRefObject@UIBinArchive@libmedia@UModSys@@U?$TRefObjectFunc@UIBinArchive@libmedia@UModSys@@@tl@3@@tl@UModSys@@QEAA@XZ 0000000180004a38 f i plugin_test1.obj
 0001:00003a38       ??1?$TRefObject@UIStreamWriter@libmedia@UModSys@@U?$TRefObjectFunc@UIStreamWriter@libmedia@UModSys@@@tl@3@@tl@UModSys@@QEAA@XZ 0000000180004a38 f i plugin_test1.obj
 0001:00003a5c       ?Push@?$TDynarray@U?$TDynarrayHolderDynamic@U?$TString@U?$TSCoreShared@USIMemAlloc@core@UModSys@@D@su@tl@UModSys@@U?$TComparerBinaryHash@D@234@@tl@UModSys@@U?$TAllocator@USIMemAlloc@core@UModSys@@USCountCalcPower2@23@@23@@tl@UModSys@@@tl@UModSys@@QEAA_NAEBU?$TString@U?$TSCoreShared@USIMemAlloc@core@UModSys@@D@su@tl@UModSys@@U?$TComparerBinaryHash@D@234@@23@@Z 0000000180004a5c f i plugin_test1.obj
 0001:00003b68       ?ResizeRel@?$TDynarray@U?$TDynarrayHolderDynamic@U?$TString@U?$TSCoreShared@USIMemAlloc@core@UModSys@@D@su@tl@UModSys@@U?$TComparerBinaryHash@D@234@@tl@UModSys@@U?$TAllocator@USIMemAlloc@core@UModSys@@USCountCalcPower2@23@@23@@tl@UModSys@@@tl@UModSys@@QEAA_N_J@Z 0000000180004b68 f i plugin_test1.obj
 0001:00003cb8       ??$t_obj_get@UILines@test1@test@modules@UModSys@@@ILibrary@libmedia@UModSys@@QEAA_NAEBU?$TString@U?$TSCoreConst@D@su@tl@UModSys@@U?$TComparerBinaryHash@D@234@@tl@2@AEAU?$TRefObject@UILines@test1@test@modules@UModSys@@U?$TRefObjectFunc@UILines@test1@test@modules@UModSys@@@tl@5@@42@U?$TFlags4State@USMediaFlagUid@libmedia@UModSys@@I@42@PEBUSParameters@core@2@0@Z 0000000180004cb8 f i plugin_test1.obj
 0001:00003dbc       ??1?$TRefObject@UIModObject@base@UModSys@@U?$TModObjectFunc@UIModObject@base@UModSys@@@tl@3@@tl@UModSys@@QEAA@XZ 0000000180004dbc f i plugin_test1.obj
 0001:00003de8       ?Link@SModuleContext@base@UModSys@@QEAAXPEAUISystem@23@PEAUIMemAlloc@core@3@@Z 0000000180004de8 f   umodsys_lib_base:umodsys.base.modulecontext.obj
 0001:00003e5c       ?mlr_count@RModuleLibraryReg_Chain@base@UModSys@@UEBA_KXZ 0000000180004e5c f   umodsys_lib_base:umodsys.base.moduleregchain.obj
 0001:00003e94       ?mlr_get@RModuleLibraryReg_Chain@base@UModSys@@UEBAPEAUIModuleReg@23@_K@Z 0000000180004e94 f   umodsys_lib_base:umodsys.base.moduleregchain.obj
 0001:00003ec0       ?mlr_open@RModuleLibraryReg_Chain@base@UModSys@@UEAA_NPEAUISystem@23@PEAUIMemAlloc@core@3@@Z 0000000180004ec0 f   umodsys_lib_base:umodsys.base.moduleregchain.obj
 0001:00003f44       ?mlr_close@RModuleLibraryReg_Chain@base@UModSys@@UEAA_NXZ 0000000180004f44 f   umodsys_lib_base:umodsys.base.moduleregchain.obj
 0001:00003fcc       ?mlr_isopen@RModuleLibraryReg_Chain@base@UModSys@@UEBA_NXZ 0000000180004fcc f   umodsys_lib_base:umodsys.base.moduleregchain.obj
 0001:00003fdc       UModSys_Plugin_Entry2      0000000180004fdc f   umodsys_lib_base:umodsys.so_main.win32.obj
 0001:00003fe4       ?mr_isopen@IModuleReg@base@UModSys@@UEBA_NXZ 0000000180004fe4 f   umodsys_lib_base:umodsys.base.modulereg.obj
 0001:00003ff0       ?mr_open@IModuleReg@base@UModSys@@UEAA_NXZ 0000000180004ff0 f   umodsys_lib_base:umodsys.base.modulereg.obj
 0001:00004014       ?mr_close@IModuleReg@base@UModSys@@UEAA_NXZ 0000000180005014 f   umodsys_lib_base:umodsys.base.modulereg.obj
 0001:00004030       ??_EIModuleLibraryReg@base@UModSys@@UEAAPEAXI@Z 0000000180005030 f i  CIL library: CIL module
 0001:00004030       ??_GIModuleLibraryReg@base@UModSys@@UEAAPEAXI@Z 0000000180005030 f i umodsys_lib_base:umodsys.base.modulereg.obj
 0001:00004030       ??_GRModuleLibraryReg_Chain@base@UModSys@@UEAAPEAXI@Z 0000000180005030 f i umodsys_lib_base:umodsys.base.moduleregchain.obj
 0001:00004030       ??_ERModuleLibraryReg_Chain@base@UModSys@@UEAAPEAXI@Z 0000000180005030 f i  CIL library: CIL module
 0001:00004058       ??0SUniquePointer@core@UModSys@@QEAA@PEBD0H@Z 0000000180005058 f   umodsys_lib_core:umodsys.core.uniqueptr.obj
 0001:000040a8       ??1SUniquePointer@core@UModSys@@QEAA@XZ 00000001800050a8 f   umodsys_lib_core:umodsys.core.uniqueptr.obj
 0001:000040d0       ?suicide@IRoot@core@UModSys@@UEAAXXZ 00000001800050d0 f   umodsys_lib_core:umodsys.core.objects.obj
 0001:000040e8       ??3IRoot@core@UModSys@@SAXPEAX@Z 00000001800050e8 f   umodsys_lib_core:umodsys.core.objects.obj
 0001:00004110       _onexit                    0000000180005110 f   MSVCRT:atonexit.obj
 0001:000041c0       atexit                     00000001800051c0 f   MSVCRT:atonexit.obj
 0001:000041d8       _purecall                  00000001800051d8 f   MSVCRT:MSVCR90.dll
 0001:000041de       ??3@YAXPEAX@Z              00000001800051de f   MSVCRT:MSVCR90.dll
 0001:000041e4       ??_Etype_info@@UEAAPEAXI@Z 00000001800051e4 f i MSVCRT:ti_inst.obj
 0001:000042b0       _CRT_INIT                  00000001800052b0 f   MSVCRT:crtdll.obj
 0001:00004644       _DllMainCRTStartup         0000000180005644 f   MSVCRT:crtdll.obj
 0001:00004682       __C_specific_handler       0000000180005682 f   MSVCRT:MSVCR90.dll
 0001:00004688       _unlock                    0000000180005688 f   MSVCRT:MSVCR90.dll
 0001:0000468e       __dllonexit                000000018000568e f   MSVCRT:MSVCR90.dll
 0001:00004694       _lock                      0000000180005694 f   MSVCRT:MSVCR90.dll
 0001:0000469c       ?__ArrayUnwind@@YAXPEAX_KHP6AX0@Z@Z 000000018000569c f   MSVCRT:ehvecdtr.obj
 0001:000046e8       ??_M@YAXPEAX_KHP6AX0@Z@Z   00000001800056e8 f   MSVCRT:ehvecdtr.obj
 0001:00004748       __clean_type_info_names    0000000180005748 f   MSVCRT:tncleanup.obj
 0001:00004754       _RTC_Initialize            0000000180005754 f   MSVCRT:_initsect_.obj
 0001:0000478c       _RTC_Terminate             000000018000578c f   MSVCRT:_initsect_.obj
 0001:000047d0       _ValidateImageBase         00000001800057d0 f   MSVCRT:pesect.obj
 0001:00004800       _FindPESection             0000000180005800 f   MSVCRT:pesect.obj
 0001:00004850       _IsNonwritableInCurrentImage 0000000180005850 f   MSVCRT:pesect.obj
 0001:00004892       _initterm                  0000000180005892 f   MSVCRT:MSVCR90.dll
 0001:00004898       _initterm_e                0000000180005898 f   MSVCRT:MSVCR90.dll
 0001:0000489e       _amsg_exit                 000000018000589e f   MSVCRT:MSVCR90.dll
 0001:000048a4       __CppXcptFilter            00000001800058a4 f   MSVCRT:MSVCR90.dll
 0001:000048ac       DllMain                    00000001800058ac f   MSVCRT:dllmain.obj
 0001:000048d0       __security_init_cookie     00000001800058d0 f   MSVCRT:gs_support.obj
 0001:00004984       ?terminate@@YAXXZ          0000000180005984 f   MSVCRT:MSVCR90.dll
 0001:0000498a       ?_type_info_dtor_internal_method@type_info@@QEAAXXZ 000000018000598a f   MSVCRT:MSVCR90.dll
 0001:0000498a       ??1type_info@@UEAA@XZ      000000018000598a f   MSVCRT:MSVCR90.dll
 0001:00004990       __clean_type_info_names_internal 0000000180005990 f   MSVCRT:MSVCR90.dll
 0001:00004996       memcpy                     0000000180005996 f   MSVCRT:MSVCR90.dll
 0001:0000499c       __CxxFrameHandler3         000000018000599c f   MSVCRT:MSVCR90.dll
 0002:00000000       __imp_GetCurrentProcessId  0000000180007000     kernel32:KERNEL32.dll
 0002:00000008       __imp_GetCurrentThreadId   0000000180007008     kernel32:KERNEL32.dll
 0002:00000010       __imp_GetTickCount         0000000180007010     kernel32:KERNEL32.dll
 0002:00000018       __imp_QueryPerformanceCounter 0000000180007018     kernel32:KERNEL32.dll
 0002:00000020       __imp_DisableThreadLibraryCalls 0000000180007020     kernel32:KERNEL32.dll
 0002:00000028       __imp_Sleep                0000000180007028     kernel32:KERNEL32.dll
 0002:00000030       __imp_GetSystemTimeAsFileTime 0000000180007030     kernel32:KERNEL32.dll
 0002:00000038       \177KERNEL32_NULL_THUNK_DATA 0000000180007038     kernel32:KERNEL32.dll
 0002:00000040       __imp__onexit              0000000180007040     MSVCRT:MSVCR90.dll
 0002:00000048       __imp__decode_pointer      0000000180007048     MSVCRT:MSVCR90.dll
 0002:00000050       __imp__malloc_crt          0000000180007050     MSVCRT:MSVCR90.dll
 0002:00000058       __imp__initterm            0000000180007058     MSVCRT:MSVCR90.dll
 0002:00000060       __imp__initterm_e          0000000180007060     MSVCRT:MSVCR90.dll
 0002:00000068       __imp_free                 0000000180007068     MSVCRT:MSVCR90.dll
 0002:00000070       __imp__lock                0000000180007070     MSVCRT:MSVCR90.dll
 0002:00000078       __imp__amsg_exit           0000000180007078     MSVCRT:MSVCR90.dll
 0002:00000080       __imp___CppXcptFilter      0000000180007080     MSVCRT:MSVCR90.dll
 0002:00000088       __imp_?terminate@@YAXXZ    0000000180007088     MSVCRT:MSVCR90.dll
 0002:00000090       __imp_?_type_info_dtor_internal_method@type_info@@QEAAXXZ 0000000180007090     MSVCRT:MSVCR90.dll
 0002:00000098       __imp___clean_type_info_names_internal 0000000180007098     MSVCRT:MSVCR90.dll
 0002:000000a0       __imp__encode_pointer      00000001800070a0     MSVCRT:MSVCR90.dll
 0002:000000a8       __imp___dllonexit          00000001800070a8     MSVCRT:MSVCR90.dll
 0002:000000b0       __imp__unlock              00000001800070b0     MSVCRT:MSVCR90.dll
 0002:000000b8       __imp___C_specific_handler 00000001800070b8     MSVCRT:MSVCR90.dll
 0002:000000c0       __imp_??3@YAXPEAX@Z        00000001800070c0     MSVCRT:MSVCR90.dll
 0002:000000c8       __imp__purecall            00000001800070c8     MSVCRT:MSVCR90.dll
 0002:000000d0       __imp__encoded_null        00000001800070d0     MSVCRT:MSVCR90.dll
 0002:000000d8       __imp_strncmp              00000001800070d8     MSVCRT:MSVCR90.dll
 0002:000000e0       __imp_memcpy               00000001800070e0     MSVCRT:MSVCR90.dll
 0002:000000e8       __imp___CxxFrameHandler3   00000001800070e8     MSVCRT:MSVCR90.dll
 0002:000000f0       \177MSVCR90_NULL_THUNK_DATA 00000001800070f0     MSVCRT:MSVCR90.dll
 0002:000000f8       __xc_a                     00000001800070f8     MSVCRT:cinitexe.obj
 0002:00000458       __xc_z                     0000000180007458     MSVCRT:cinitexe.obj
 0002:00000460       __xi_a                     0000000180007460     MSVCRT:cinitexe.obj
 0002:00000470       __xi_z                     0000000180007470     MSVCRT:cinitexe.obj
 0002:00000488       ??_7type_info@@6B@         0000000180007488     MSVCRT:ti_inst.obj
 0002:00000490       _pRawDllMain               0000000180007490     MSVCRT:crtdll.obj
 0002:00000490       _pDefaultRawDllMain        0000000180007490     MSVCRT:crtdll.obj
 0002:00000498       ??_C@_0P@GHFPNOJB@bad?5allocation?$AA@ 0000000180007498     plugin_test1.obj
 0002:000004a8       ??_C@_0BF@OCNNAADO@UModSys?3?3core?3?3IRoot?$AA@ 00000001800074a8     plugin_test1.obj
 0002:000004c0       ??_C@_0BK@EMIJFOPA@UModSys?3?3core?3?3IRefObject?$AA@ 00000001800074c0     plugin_test1.obj
 0002:000004e0       ??_C@_0BL@IOMMHELF@UModSys?3?3core?3?3IParameters?$AA@ 00000001800074e0     plugin_test1.obj
 0002:00000500       ??_C@_0BH@LKDEEPPM@UModSys?3?3base?3?3IModule?$AA@ 0000000180007500     plugin_test1.obj
 0002:00000518       ??_C@_0BO@PHJOHFCB@UModSys?3?3base?3?3IModuleLibrary?$AA@ 0000000180007518     plugin_test1.obj
 0002:00000538       ??_C@_0BK@FDPIOPHG@UModSys?3?3base?3?3IModObject?$AA@ 0000000180007538     plugin_test1.obj
 0002:00000558       ??_C@_0BK@OIBKNCKJ@UModSys?3?3base?3?3IGenerator?$AA@ 0000000180007558     plugin_test1.obj
 0002:00000578       ??_C@_0BG@PJBGCMEC@UModSys?3?3base?3?3IShell?$AA@ 0000000180007578     plugin_test1.obj
 0002:00000590       ??_C@_0BI@IKAOEFAP@UModSys?3?3base?3?3IConsole?$AA@ 0000000180007590     plugin_test1.obj
 0002:000005a8       ??_C@_0BH@PFCONEJJ@UModSys?3?3base?3?3ISystem?$AA@ 00000001800075a8     plugin_test1.obj
 0002:000005c0       ??_C@_0CB@CLGNFEGF@UModSys?3?3libmedia?3?3IStreamReader@ 00000001800075c0     plugin_test1.obj
 0002:000005e8       ??_C@_0CB@HOPFFLP@UModSys?3?3libmedia?3?3IStreamWriter@ 00000001800075e8     plugin_test1.obj
 0002:00000610       ??_C@_0BP@KCJMEDNO@UModSys?3?3libmedia?3?3IBinArchive?$AA@ 0000000180007610     plugin_test1.obj
 0002:00000630       ??_C@_0CB@FDEKNMGJ@UModSys?3?3libmedia?3?3IBinObjFilter@ 0000000180007630     plugin_test1.obj
 0002:00000658       ??_C@_0BM@DPCMOAPM@UModSys?3?3libmedia?3?3ILibrary?$AA@ 0000000180007658     plugin_test1.obj
 0002:00000678       ??_C@_0CD@ELIFEGE@UModSys?3?3libmedia?3?3ILibraryBinTr@ 0000000180007678     plugin_test1.obj
 0002:000006a0       ??_C@_0CE@EGHBJBAJ@UModSys?3?3libmedia?3?3ILibraryBinCa@ 00000001800076a0     plugin_test1.obj
 0002:000006c8       ??_C@_0CF@LBIGBLOK@UModSys?3?3libmedia?3?3ILibraryObjFi@ 00000001800076c8     plugin_test1.obj
 0002:000006f0       ??_C@_0CE@BOBLEOBL@UModSys?3?3libmedia?3?3ILibraryObjCa@ 00000001800076f0     plugin_test1.obj
 0002:00000718       ??_C@_0CD@LJFEJKGF@UModSys?3?3libmedia?3?3ILibraryLayer@ 0000000180007718     plugin_test1.obj
 0002:00000740       ??_C@_0CG@DNABKNDD@UModSys?3?3modules?3?3test?3?3test1?3?3I@ 0000000180007740     plugin_test1.obj
 0002:00000768       ??_C@_0CG@FINIGFAH@UModSys?3?3modules?3?3test?3?3test1?3?3R@ 0000000180007768     plugin_test1.obj
 0002:00000790       ??_C@_0CN@EFAOPDDB@UModSys?3?3modules?3?3test?3?3test1?3?3R@ 0000000180007790     plugin_test1.obj
 0002:000007c0       ??_C@_0O@FHILABOO@test1?3?3ILines?$AA@ 00000001800077c0     plugin_test1.obj
 0002:000007d0       ??_C@_0CM@LNHNHIJB@UModSys?3?3modules?3?3test?3?3test1?3?3R@ 00000001800077d0     plugin_test1.obj
 0002:00000800       ??_C@_0BC@NIGGCDMG@RTest1_Shell?$CI?$CJ?5?$HL?6?$AA@ 0000000180007800     plugin_test1.obj
 0002:00000818       ??_C@_0DK@JIEMIEKA@UModSys?3?3modules?3?3test?3?3test1?3?3R@ 0000000180007818     plugin_test1.obj
 0002:00000858       ??_C@_0CK@OICDGBDJ@?4?4?2?4?4?2?4?4?2src?2plugin?2test?2plugin_@ 0000000180007858     plugin_test1.obj
 0002:00000888       ??_C@_0BF@BMCPNMPN@?$HN?5?1?1?5RTest1_Shell?$CI?$CJ?6?$AA@ 0000000180007888     plugin_test1.obj
 0002:000008a0       ??_C@_0DL@OIAHAJF@UModSys?3?3modules?3?3test?3?3test1?3?3R@ 00000001800078a0     plugin_test1.obj
 0002:000008e0       ??_C@_0BB@MLDFLEML@?$HORTest1_Shell?$CI?$CJ?6?$AA@ 00000001800078e0     plugin_test1.obj
 0002:000008f8       ??_C@_0BJ@CCPCJEPP@RTest1_Shell?3?3connect?$CI?$CJ?6?$AA@ 00000001800078f8     plugin_test1.obj
 0002:00000918       ??_C@_0BM@KBDBHLN@RTest1_Shell?3?3disconnect?$CI?$CJ?6?$AA@ 0000000180007918     plugin_test1.obj
 0002:00000938       ??_C@_0BI@PGLACHLJ@RTest1_Shell?3?3tick?$CI?$CFg?$CJ?6?$AA@ 0000000180007938     plugin_test1.obj
 0002:00000950       ??_C@_0BM@JFIEEBE@RTest1_Shell?3?3command?$CI?$CD?$CFd?$CJ?6?$AA@ 0000000180007950     plugin_test1.obj
 0002:0000096c       ??_C@_06FIJELGDL@?2x?$CF02x?$AA@ 000000018000796c     plugin_test1.obj
 0002:00000974       ??_C@_01KICIPPFI@?2?$AA@   0000000180007974     plugin_test1.obj
 0002:00000978       ??_C@_02HAOIJKIC@?$CFc?$AA@ 0000000180007978     plugin_test1.obj
 0002:0000097c       ??_C@_02DKCKIIND@?$CFs?$AA@ 000000018000797c     plugin_test1.obj
 0002:00000980       ??_C@_0M@LAGNAJEJ@?$CK?3?3stdio?3?3?$CK?$AA@ 0000000180007980     plugin_test1.obj
 0002:00000990       ??_C@_08PEIJGPHF@pathname?$AA@ 0000000180007990     plugin_test1.obj
 0002:000009a0       ??_C@_0CE@DDDCOPAP@?5?5found?5sys?5archive?5?$HL?$CFs?$HN?3?5?$CFs?5?$DN?$DO?5@ 00000001800079a0     plugin_test1.obj
 0002:000009c8       ??_C@_0BJ@IMDALNCM@?5?5fail?5sys?5archive?5?$HL?$CFs?$HN?6?$AA@ 00000001800079c8     plugin_test1.obj
 0002:000009e8       ??_C@_09BDJIOBCO@?$CK?3?3std?3?3?$CK?$AA@ 00000001800079e8     plugin_test1.obj
 0002:000009f8       ??_C@_0CB@FNBGJIKO@?5?5found?5lib?$CIbin?9tree?$CJ?3?5?$CFs?5?$DN?$DO?5?$CFp?6@ 00000001800079f8     plugin_test1.obj
 0002:00000a20       ??_C@_0BG@PJBMFLKD@?5?5fail?5lib?$CIbin?9tree?$CJ?6?$AA@ 0000000180007a20     plugin_test1.obj
 0002:00000a38       ??_C@_0CD@CHNIFODL@?5?5found?5lib?$CIobj?9filter?$CJ?3?5?$CFs?5?$DN?$DO?5?$CF@ 0000000180007a38     plugin_test1.obj
 0002:00000a60       ??_C@_0BI@PPPKFCAB@?5?5fail?5lib?$CIobj?9filter?$CJ?6?$AA@ 0000000180007a60     plugin_test1.obj
 0002:00000a78       ??_C@_0CA@BADNNAAP@?5?5found?5lib?$CIlayered?$CJ?3?5?$CFs?5?$DN?$DO?5?$CFp?6?$AA@ 0000000180007a78     plugin_test1.obj
 0002:00000a98       ??_C@_0BF@JKNGHICK@?5?5fail?5lib?$CIlayered?$CJ?6?$AA@ 0000000180007a98     plugin_test1.obj
 0002:00000ab0       ??_C@_0CC@IFDNAANN@?5?5found?5lib?$CIobj?9cache?$CJ?3?5?$CFs?5?$DN?$DO?5?$CFp@ 0000000180007ab0     plugin_test1.obj
 0002:00000ad8       ??_C@_0BH@OEOEKGKC@?5?5fail?5lib?$CIobj?9cache?$CJ?6?$AA@ 0000000180007ad8     plugin_test1.obj
 0002:00000af0       ??_C@_0CC@GHPGLBNB@?5?5found?5lib?$CIbin?9cache?$CJ?3?5?$CFs?5?$DN?$DO?5?$CFp@ 0000000180007af0     plugin_test1.obj
 0002:00000b18       ??_C@_0BH@FAIBIAHC@?5?5fail?5lib?$CIbin?9cache?$CJ?6?$AA@ 0000000180007b18     plugin_test1.obj
 0002:00000b30       ??_C@_0BD@PBBJPCDE@?5?5?$CFs?5file?5?$HL?$CFs?$HN?5ok?6?$AA@ 0000000180007b30     plugin_test1.obj
 0002:00000b48       ??_C@_0BG@CIDNJACF@?5?5ERROR?5?$CFs?5file?5?$HL?$CFs?$HN?6?$AA@ 0000000180007b48     plugin_test1.obj
 0002:00000b60       ??_C@_0BP@NKNCNOOM@?5?5load?5file?5?$HL?$CFs?$HN?5ok?0?5size?3?$CFu?5?$HL?$AA@ 0000000180007b60     plugin_test1.obj
 0002:00000b80       ??_C@_02KGHIDFGE@?$HN?6?$AA@ 0000000180007b80     plugin_test1.obj
 0002:00000b88       ??_C@_0BI@FELDDFOD@?5?5ERROR?5load?5file?5?$HL?$CFs?$HN?6?$AA@ 0000000180007b88     plugin_test1.obj
 0002:00000ba0       ??_C@_0BO@KBOCKJIB@?5?5save?5file?5?$HL?$CFs?$HN?5ok?0?5size?3?$CFu?6?$AA@ 0000000180007ba0     plugin_test1.obj
 0002:00000bc0       ??_C@_0BI@POEDLBL@?5?5ERROR?5save?5file?5?$HL?$CFs?$HN?6?$AA@ 0000000180007bc0     plugin_test1.obj
 0002:00000bd8       ??_C@_0BG@GBKKPOOO@?$CK?$CK?$CK?$CK?$CK?$CK?$CK?$CK?5file?5test?51?6?$AA@ 0000000180007bd8     plugin_test1.obj
 0002:00000bf0       ??_C@_0O@CMKKEPPD@read?9test?4txt?$AA@ 0000000180007bf0     plugin_test1.obj
 0002:00000c00       ??_C@_08BABJIOEM@filename?$AA@ 0000000180007c00     plugin_test1.obj
 0002:00000c10       ??_C@_0BK@JMHCEPK@?5?5found?5reader?3?5?$CFs?5?$DN?$DO?5?$CFp?6?$AA@ 0000000180007c10     plugin_test1.obj
 0002:00000c30       ??_C@_0P@HIBABMLC@write?9test?4txt?$AA@ 0000000180007c30     plugin_test1.obj
 0002:00000c40       ??_C@_04FAOFCKOL@safe?$AA@ 0000000180007c40     plugin_test1.obj
 0002:00000c48       ??_C@_0BK@ONIPKACL@?5?5found?5writer?3?5?$CFs?5?$DN?$DO?5?$CFp?6?$AA@ 0000000180007c48     plugin_test1.obj
 0002:00000c68       ??_C@_09CCCIBADP@?5?5read?3?5?$HL?$AA@ 0000000180007c68     plugin_test1.obj
 0002:00000c78       ??_C@_0L@BBJPPDJK@?5?5written?6?$AA@ 0000000180007c78     plugin_test1.obj
 0002:00000c88       ??_C@_0BG@GDOMEALH@?$CK?$CK?$CK?$CK?$CK?$CK?$CK?$CK?5file?5test?52?6?$AA@ 0000000180007c88     plugin_test1.obj
 0002:00000ca0       ??_C@_01LFCBOECM@?4?$AA@   0000000180007ca0     plugin_test1.obj
 0002:00000ca8       ??_C@_0BC@MCEOIEIN@?5?5gen?5reader?3?5?$CFp?6?$AA@ 0000000180007ca8     plugin_test1.obj
 0002:00000cc0       ??_C@_0BC@GCDHCAFA@?5?5gen?5writer?3?5?$CFp?6?$AA@ 0000000180007cc0     plugin_test1.obj
 0002:00000cd8       ??_C@_0BG@GCCOCKIA@?$CK?$CK?$CK?$CK?$CK?$CK?$CK?$CK?5file?5test?53?6?$AA@ 0000000180007cd8     plugin_test1.obj
 0002:00000cf0       ??_C@_0BG@GHGBDMAF@?$CK?$CK?$CK?$CK?$CK?$CK?$CK?$CK?5file?5test?54?6?$AA@ 0000000180007cf0     plugin_test1.obj
 0002:00000d08       ??_C@_01KMDKNFGN@?1?$AA@   0000000180007d08     plugin_test1.obj
 0002:00000d10       ??_C@_0M@PCCOIOKO@?4?1write?9dir?$AA@ 0000000180007d10     plugin_test1.obj
 0002:00000d20       ??_C@_0P@PGIPMINA@?1read?9test?4txt?$AA@ 0000000180007d20     plugin_test1.obj
 0002:00000d30       ??_C@_0BA@NKKNEIEH@?1write?9test?4txt?$AA@ 0000000180007d30     plugin_test1.obj
 0002:00000d40       ??_C@_0BG@GGKDFGDC@?$CK?$CK?$CK?$CK?$CK?$CK?$CK?$CK?5file?5test?55?6?$AA@ 0000000180007d40     plugin_test1.obj
 0002:00000d58       ??_C@_0BE@MCKHKGMO@new?5object?5?$FLILines?$FN?$AA@ 0000000180007d58     plugin_test1.obj
 0002:00000d70       ??_C@_0BA@HKKFMIEN@?5?5ILines?3?5?$CFp?5?$HL?6?$AA@ 0000000180007d70     plugin_test1.obj
 0002:00000d80       ??_C@_0BB@IMFADNOI@?5?5?5?5line?5?$CFu?3?5?$CFs?6?$AA@ 0000000180007d80     plugin_test1.obj
 0002:00000d98       ??_C@_0BB@EMFEGJMB@?5?5?$HN?5ILines?3?5?$CFp?5?6?$AA@ 0000000180007d98     plugin_test1.obj
 0002:00000db0       ??_C@_0BF@DIFJPKPH@save?5object?5?$FLILines?$FN?$AA@ 0000000180007db0     plugin_test1.obj
 0002:00000dc8       ??_C@_0BC@IJDEIGFA@?1write?9test?92?4txt?$AA@ 0000000180007dc8     plugin_test1.obj
 0002:00000de0       ??_C@_0CK@DEJPICLK@UModSys?3?3modules?3?3test?3?3test1?3?3R@ 0000000180007de0     plugin_test1.obj
 0002:00000e10       ??_C@_0DD@HMBJLEH@UMODSYS_MODULE_NAME?$CItest?0test1?$CJ?3@ 0000000180007e10     plugin_test1.obj
 0002:00000e43       ??_C@_00CNPNBAHC@?$AA@     0000000180007e43     plugin_test1.obj
 0002:00000e48       ??_C@_0N@FOCLJAHI@tests?3?3test1?$AA@ 0000000180007e48     plugin_test1.obj
 0002:00000e58       ??_C@_0BA@NMEBLMNE@Test?51?5?9?5module?$AA@ 0000000180007e58     plugin_test1.obj
 0002:00000e68       ??_C@_05GENPCEMM@Test1?$AA@ 0000000180007e68     plugin_test1.obj
 0002:00000e70       ??_C@_0BE@HJEBHPIG@RModuleReg?3?3open?$CI?$CJ?6?$AA@ 0000000180007e70     plugin_test1.obj
 0002:00000e88       ??_C@_0BF@KIBBFLP@RModuleReg?3?3close?$CI?$CJ?6?$AA@ 0000000180007e88     plugin_test1.obj
 0002:00000ea0       ??_C@_09JGNMLHG@modobject?$AA@ 0000000180007ea0     plugin_test1.obj
 0002:00000eb0       ??_C@_08FCBDOIAH@typeinfo?$AA@ 0000000180007eb0     plugin_test1.obj
 0002:00000ec8       ??_7IRoot@core@UModSys@@6B@ 0000000180007ec8     plugin_test1.obj
 0002:00000f18       ??_7ILines@test1@test@modules@UModSys@@6B@ 0000000180007f18     plugin_test1.obj
 0002:00000f88       ??_7RLines@test1@test@modules@UModSys@@6B@ 0000000180007f88     plugin_test1.obj
 0002:00000ff8       ??_7RLines_Filter@test1@test@modules@UModSys@@6BIRefObject@core@4@@ 0000000180007ff8     plugin_test1.obj
 0002:00001078       ??_7RLines_Filter@test1@test@modules@UModSys@@6BISetter@SFlags@libmedia@4@@ 0000000180008078     plugin_test1.obj
 0002:00001098       ??_7RTest1_Shell@test1@test@modules@UModSys@@6B@ 0000000180008098     plugin_test1.obj
 0002:00001128       ??_7RGenerator@test1@test@modules@UModSys@@6B@ 0000000180008128     plugin_test1.obj
 0002:000011c8       ??_7RModuleReg@test1@test@modules@UModSys@@6B@ 00000001800081c8     plugin_test1.obj
 0002:00001200       ??_7RModuleLibraryReg_Chain@base@UModSys@@6B@ 0000000180008200     umodsys_lib_base:umodsys.base.moduleregchain.obj
 0002:00001238       ??_7IModuleReg@base@UModSys@@6B@ 0000000180008238     umodsys_lib_base:umodsys.base.modulereg.obj
 0002:00001270       ??_7IModuleLibraryReg@base@UModSys@@6B@ 0000000180008270     umodsys_lib_base:umodsys.base.modulereg.obj
 0002:000012a0       __real@3f50624dd2f1a9fc    00000001800082a0      CIL library: CIL module
 0002:000015f0       ??_R4type_info@@6B@        00000001800085f0     MSVCRT:ti_inst.obj
 0002:00001618       ??_R3type_info@@8          0000000180008618     MSVCRT:ti_inst.obj
 0002:00001630       ??_R2type_info@@8          0000000180008630     MSVCRT:ti_inst.obj
 0002:00001640       ??_R1A@?0A@EA@type_info@@8 0000000180008640     MSVCRT:ti_inst.obj
 0002:00001668       ??_R4RModuleReg@test1@test@modules@UModSys@@6B@ 0000000180008668     plugin_test1.obj
 0002:00001690       ??_R3RModuleReg@test1@test@modules@UModSys@@8 0000000180008690     plugin_test1.obj
 0002:000016a8       ??_R2RModuleReg@test1@test@modules@UModSys@@8 00000001800086a8     plugin_test1.obj
 0002:000016c0       ??_R1A@?0A@EA@IModuleReg@base@UModSys@@8 00000001800086c0     plugin_test1.obj
 0002:000016e8       ??_R3IModuleReg@base@UModSys@@8 00000001800086e8     plugin_test1.obj
 0002:00001700       ??_R2IModuleReg@base@UModSys@@8 0000000180008700     plugin_test1.obj
 0002:00001710       ??_R1A@?0A@EA@RModuleReg@test1@test@modules@UModSys@@8 0000000180008710     plugin_test1.obj
 0002:00001738       ??_R4RGenerator@test1@test@modules@UModSys@@6B@ 0000000180008738     plugin_test1.obj
 0002:00001760       ??_R3RGenerator@test1@test@modules@UModSys@@8 0000000180008760     plugin_test1.obj
 0002:00001778       ??_R2RGenerator@test1@test@modules@UModSys@@8 0000000180008778     plugin_test1.obj
 0002:000017a8       ??_R1A@?0A@EA@RGenerator@test1@test@modules@UModSys@@8 00000001800087a8     plugin_test1.obj
 0002:000017d0       ??_R4RTest1_Shell@test1@test@modules@UModSys@@6B@ 00000001800087d0     plugin_test1.obj
 0002:000017f8       ??_R3RTest1_Shell@test1@test@modules@UModSys@@8 00000001800087f8     plugin_test1.obj
 0002:00001810       ??_R2RTest1_Shell@test1@test@modules@UModSys@@8 0000000180008810     plugin_test1.obj
 0002:00001838       ??_R1A@?0A@EA@RTest1_Shell@test1@test@modules@UModSys@@8 0000000180008838     plugin_test1.obj
 0002:00001860       ??_R4RLines_Filter@test1@test@modules@UModSys@@6BISetter@SFlags@libmedia@4@@ 0000000180008860     plugin_test1.obj
 0002:00001888       ??_R4RLines_Filter@test1@test@modules@UModSys@@6BIRefObject@core@4@@ 0000000180008888     plugin_test1.obj
 0002:000018b0       ??_R3RLines_Filter@test1@test@modules@UModSys@@8 00000001800088b0     plugin_test1.obj
 0002:000018c8       ??_R2RLines_Filter@test1@test@modules@UModSys@@8 00000001800088c8     plugin_test1.obj
 0002:00001908       ??_R1A@?0A@EA@RLines_Filter@test1@test@modules@UModSys@@8 0000000180008908     plugin_test1.obj
 0002:00001930       ??_R4RLines@test1@test@modules@UModSys@@6B@ 0000000180008930     plugin_test1.obj
 0002:00001958       ??_R3RLines@test1@test@modules@UModSys@@8 0000000180008958     plugin_test1.obj
 0002:00001970       ??_R2RLines@test1@test@modules@UModSys@@8 0000000180008970     plugin_test1.obj
 0002:00001998       ??_R1A@?0A@EA@RLines@test1@test@modules@UModSys@@8 0000000180008998     plugin_test1.obj
 0002:000019c0       ??_R4ILines@test1@test@modules@UModSys@@6B@ 00000001800089c0     plugin_test1.obj
 0002:000019e8       ??_R3ILines@test1@test@modules@UModSys@@8 00000001800089e8     plugin_test1.obj
 0002:00001a00       ??_R2ILines@test1@test@modules@UModSys@@8 0000000180008a00     plugin_test1.obj
 0002:00001a20       ??_R1A@?0A@EA@ILines@test1@test@modules@UModSys@@8 0000000180008a20     plugin_test1.obj
 0002:00001a48       ??_R3IBinObjFilter@libmedia@UModSys@@8 0000000180008a48     plugin_test1.obj
 0002:00001a60       ??_R2IBinObjFilter@libmedia@UModSys@@8 0000000180008a60     plugin_test1.obj
 0002:00001a98       ??_R17?0A@EA@IResolver@SFlags@libmedia@UModSys@@8 0000000180008a98     plugin_test1.obj
 0002:00001ac0       ??_R17?0A@EA@IResolverAuto@SFlags@libmedia@UModSys@@8 0000000180008ac0     plugin_test1.obj
 0002:00001ae8       ??_R17?0A@EA@ISetter@SFlags@libmedia@UModSys@@8 0000000180008ae8     plugin_test1.obj
 0002:00001b10       ??_R3ISetter@SFlags@libmedia@UModSys@@8 0000000180008b10     plugin_test1.obj
 0002:00001b28       ??_R2ISetter@SFlags@libmedia@UModSys@@8 0000000180008b28     plugin_test1.obj
 0002:00001b48       ??_R1A@?0A@EA@IResolverAuto@SFlags@libmedia@UModSys@@8 0000000180008b48     plugin_test1.obj
 0002:00001b70       ??_R3IResolverAuto@SFlags@libmedia@UModSys@@8 0000000180008b70     plugin_test1.obj
 0002:00001b88       ??_R2IResolverAuto@SFlags@libmedia@UModSys@@8 0000000180008b88     plugin_test1.obj
 0002:00001ba0       ??_R1A@?0A@EA@IResolver@SFlags@libmedia@UModSys@@8 0000000180008ba0     plugin_test1.obj
 0002:00001bc8       ??_R3IResolver@SFlags@libmedia@UModSys@@8 0000000180008bc8     plugin_test1.obj
 0002:00001be0       ??_R2IResolver@SFlags@libmedia@UModSys@@8 0000000180008be0     plugin_test1.obj
 0002:00001bf0       ??_R1A@?0A@EA@ISetter@SFlags@libmedia@UModSys@@8 0000000180008bf0     plugin_test1.obj
 0002:00001c18       ??_R1A@?0A@EA@IBinObjFilter@libmedia@UModSys@@8 0000000180008c18     plugin_test1.obj
 0002:00001c40       ??_R3IShell@base@UModSys@@8 0000000180008c40     plugin_test1.obj
 0002:00001c58       ??_R2IShell@base@UModSys@@8 0000000180008c58     plugin_test1.obj
 0002:00001c78       ??_R1A@?0A@EA@IShell@base@UModSys@@8 0000000180008c78     plugin_test1.obj
 0002:00001ca0       ??_R3IGenerator@base@UModSys@@8 0000000180008ca0     plugin_test1.obj
 0002:00001cb8       ??_R2IGenerator@base@UModSys@@8 0000000180008cb8     plugin_test1.obj
 0002:00001ce0       ??_R1A@?0A@EA@IGenerator@base@UModSys@@8 0000000180008ce0     plugin_test1.obj
 0002:00001d08       ??_R3IModObject@base@UModSys@@8 0000000180008d08     plugin_test1.obj
 0002:00001d20       ??_R2IModObject@base@UModSys@@8 0000000180008d20     plugin_test1.obj
 0002:00001d40       ??_R1A@?0A@EA@IModObject@base@UModSys@@8 0000000180008d40     plugin_test1.obj
 0002:00001d68       ??_R3IRefObject@core@UModSys@@8 0000000180008d68     plugin_test1.obj
 0002:00001d80       ??_R2IRefObject@core@UModSys@@8 0000000180008d80     plugin_test1.obj
 0002:00001d98       ??_R1A@?0A@EA@IRefObject@core@UModSys@@8 0000000180008d98     plugin_test1.obj
 0002:00001dc0       ??_R4IRoot@core@UModSys@@6B@ 0000000180008dc0     plugin_test1.obj
 0002:00001de8       ??_R3IRoot@core@UModSys@@8 0000000180008de8     plugin_test1.obj
 0002:00001e00       ??_R2IRoot@core@UModSys@@8 0000000180008e00     plugin_test1.obj
 0002:00001e10       ??_R1A@?0A@EA@IRoot@core@UModSys@@8 0000000180008e10     plugin_test1.obj
 0002:00001e38       ??_R4RModuleLibraryReg_Chain@base@UModSys@@6B@ 0000000180008e38     umodsys_lib_base:umodsys.base.moduleregchain.obj
 0002:00001e60       ??_R3RModuleLibraryReg_Chain@base@UModSys@@8 0000000180008e60     umodsys_lib_base:umodsys.base.moduleregchain.obj
 0002:00001e78       ??_R2RModuleLibraryReg_Chain@base@UModSys@@8 0000000180008e78     umodsys_lib_base:umodsys.base.moduleregchain.obj
 0002:00001e90       ??_R1A@?0A@EA@IModuleLibraryReg@base@UModSys@@8 0000000180008e90     umodsys_lib_base:umodsys.base.moduleregchain.obj
 0002:00001eb8       ??_R3IModuleLibraryReg@base@UModSys@@8 0000000180008eb8     umodsys_lib_base:umodsys.base.moduleregchain.obj
 0002:00001ed0       ??_R2IModuleLibraryReg@base@UModSys@@8 0000000180008ed0     umodsys_lib_base:umodsys.base.moduleregchain.obj
 0002:00001ee0       ??_R1A@?0A@EA@RModuleLibraryReg_Chain@base@UModSys@@8 0000000180008ee0     umodsys_lib_base:umodsys.base.moduleregchain.obj
 0002:00001f08       ??_R4IModuleLibraryReg@base@UModSys@@6B@ 0000000180008f08     umodsys_lib_base:umodsys.base.modulereg.obj
 0002:00001f30       ??_R4IModuleReg@base@UModSys@@6B@ 0000000180008f30     umodsys_lib_base:umodsys.base.modulereg.obj
 0002:00001f58       __rtc_iaa                  0000000180008f58     MSVCRT:_initsect_.obj
 0002:00001f60       __rtc_izz                  0000000180008f60     MSVCRT:_initsect_.obj
 0002:00001f68       __rtc_taa                  0000000180008f68     MSVCRT:_initsect_.obj
 0002:00001f70       __rtc_tzz                  0000000180008f70     MSVCRT:_initsect_.obj
 0002:00002b1c       __IMPORT_DESCRIPTOR_MSVCR90 0000000180009b1c     MSVCRT:MSVCR90.dll
 0002:00002b30       __IMPORT_DESCRIPTOR_KERNEL32 0000000180009b30     kernel32:KERNEL32.dll
 0002:00002b44       __NULL_IMPORT_DESCRIPTOR   0000000180009b44     MSVCRT:MSVCR90.dll
 0003:00000000       ??_R0?AVtype_info@@@8      000000018000a000     MSVCRT:ti_inst.obj
 0003:00000020       __native_dllmain_reason    000000018000a020     MSVCRT:natstart.obj
 0003:00000024       __native_vcclrit_reason    000000018000a024     MSVCRT:natstart.obj
 0003:00000028       __security_cookie          000000018000a028     MSVCRT:gs_cookie.obj
 0003:00000030       __security_cookie_complement 000000018000a030     MSVCRT:gs_cookie.obj
 0003:00000038       ??_R0?AUIModuleReg@base@UModSys@@@8 000000018000a038     plugin_test1.obj
 0003:00000068       ??_R0?AURModuleReg@test1@test@modules@UModSys@@@8 000000018000a068     plugin_test1.obj
 0003:000000a8       ??_R0?AURGenerator@test1@test@modules@UModSys@@@8 000000018000a0a8     plugin_test1.obj
 0003:000000e8       ??_R0?AURTest1_Shell@test1@test@modules@UModSys@@@8 000000018000a0e8     plugin_test1.obj
 0003:00000128       ??_R0?AURLines_Filter@test1@test@modules@UModSys@@@8 000000018000a128     plugin_test1.obj
 0003:00000168       ??_R0?AURLines@test1@test@modules@UModSys@@@8 000000018000a168     plugin_test1.obj
 0003:000001a0       ??_R0?AUILines@test1@test@modules@UModSys@@@8 000000018000a1a0     plugin_test1.obj
 0003:000001d8       ??_R0?AUIResolver@SFlags@libmedia@UModSys@@@8 000000018000a1d8     plugin_test1.obj
 0003:00000210       ??_R0?AUIResolverAuto@SFlags@libmedia@UModSys@@@8 000000018000a210     plugin_test1.obj
 0003:00000250       ??_R0?AUISetter@SFlags@libmedia@UModSys@@@8 000000018000a250     plugin_test1.obj
 0003:00000288       ??_R0?AUIBinObjFilter@libmedia@UModSys@@@8 000000018000a288     plugin_test1.obj
 0003:000002c0       ??_R0?AUIShell@base@UModSys@@@8 000000018000a2c0     plugin_test1.obj
 0003:000002f0       ??_R0?AUIGenerator@base@UModSys@@@8 000000018000a2f0     plugin_test1.obj
 0003:00000320       ??_R0?AUIModObject@base@UModSys@@@8 000000018000a320     plugin_test1.obj
 0003:00000350       ??_R0?AUIRefObject@core@UModSys@@@8 000000018000a350     plugin_test1.obj
 0003:00000380       ??_R0?AUIRoot@core@UModSys@@@8 000000018000a380     plugin_test1.obj
 0003:000003e0       ?so_entry_enabled_flag@base@UModSys@@3HA 000000018000a3e0     umodsys_lib_base:umodsys.so_main.win32.obj
 0003:00000408       ?auto_flags@RLines_Filter@test1@test@modules@UModSys@@2U?$TFlags4State@USMediaFlagUid@libmedia@UModSys@@I@tl@5@A 000000018000a408     plugin_test1.obj
 0003:00000410       ?s_modreg@RModuleReg@test1@test@modules@UModSys@@2U12345@A 000000018000a410     plugin_test1.obj
 0003:00000460       ?s_modreg_chain@RModuleReg@test1@test@modules@UModSys@@2USModuleRegChain@base@5@A 000000018000a460     plugin_test1.obj
 0003:00000478       ?s_library@RModuleLibraryReg_Chain@base@UModSys@@2U123@A 000000018000a478     umodsys_lib_base:umodsys.base.moduleregchain.obj
 0003:00000480       ?s_null@?1??get_null@?$TSCoreShared@USIMemAlloc@core@UModSys@@D@su@tl@UModSys@@SAPEAU?$TSharedStringInfo@D@345@XZ@4U6345@A 000000018000a480     plugin_test1.obj
 0003:000004a0       ??_R0?AUIModuleLibraryReg@base@UModSys@@@8 000000018000a4a0     umodsys_lib_base:umodsys.base.moduleregchain.obj
 0003:000004d8       ??_R0?AURModuleLibraryReg_Chain@base@UModSys@@@8 000000018000a4d8     umodsys_lib_base:umodsys.base.moduleregchain.obj
 0003:00000514       _fltused                   000000018000a514     MSVCRT:dllsupp.obj
 0003:0000051c       _forceCRTManifestRTM       000000018000a51c     MSVCRT:crtmanifestrtm.obj
 0003:00000520       ?__type_info_root_node@@3U__type_info_node@@A 000000018000a520     MSVCRT:tncleanup.obj
 0003:00000570       ?s_id@?$TObjectUniqueID@UIBinObjFilter@libmedia@UModSys@@@tl@UModSys@@2USUniquePointer@core@3@A 000000018000a570     plugin_test1.obj
 0003:000005a0       ?s_id@?$TObjectUniqueID@UILibraryBinTree@libmedia@UModSys@@@tl@UModSys@@2USUniquePointer@core@3@A 000000018000a5a0     plugin_test1.obj
 0003:000005d0       ?s_id@?$TObjectUniqueID@UIModObject@base@UModSys@@@tl@UModSys@@2USUniquePointer@core@3@A 000000018000a5d0     plugin_test1.obj
 0003:00000600       ?s_id@?$TObjectUniqueID@UILines@test1@test@modules@UModSys@@@tl@UModSys@@2USUniquePointer@core@3@A 000000018000a600     plugin_test1.obj
 0003:00000630       ?s_id@?$TObjectUniqueID@URLines_Filter@test1@test@modules@UModSys@@@tl@UModSys@@2USUniquePointer@core@3@A 000000018000a630     plugin_test1.obj
 0003:00000660       ?s_id@?$TObjectUniqueID@UIGenerator@base@UModSys@@@tl@UModSys@@2USUniquePointer@core@3@A 000000018000a660     plugin_test1.obj
 0003:00000690       ?s_id@?$TObjectUniqueID@UIModule@base@UModSys@@@tl@UModSys@@2USUniquePointer@core@3@A 000000018000a690     plugin_test1.obj
 0003:000006c0       ?s_id@?$TObjectUniqueID@UIBinArchive@libmedia@UModSys@@@tl@UModSys@@2USUniquePointer@core@3@A 000000018000a6c0     plugin_test1.obj
 0003:000006f0       ?s_id@?$TObjectUniqueID@UIRoot@core@UModSys@@@tl@UModSys@@2USUniquePointer@core@3@A 000000018000a6f0     plugin_test1.obj
 0003:00000720       ?s_id@?$TObjectUniqueID@UILibraryObjCache@libmedia@UModSys@@@tl@UModSys@@2USUniquePointer@core@3@A 000000018000a720     plugin_test1.obj
 0003:00000750       ?s_id@?$TObjectUniqueID@UIStreamWriter@libmedia@UModSys@@@tl@UModSys@@2USUniquePointer@core@3@A 000000018000a750     plugin_test1.obj
 0003:00000780       ?s_id@?$TObjectUniqueID@UISystem@base@UModSys@@@tl@UModSys@@2USUniquePointer@core@3@A 000000018000a780     plugin_test1.obj
 0003:000007b0       ?s_id@?$TObjectUniqueID@URTest1_Shell@test1@test@modules@UModSys@@@tl@UModSys@@2USUniquePointer@core@3@A 000000018000a7b0     plugin_test1.obj
 0003:000007e0       ?s_id@?$TObjectUniqueID@UIRefObject@core@UModSys@@@tl@UModSys@@2USUniquePointer@core@3@A 000000018000a7e0     plugin_test1.obj
 0003:00000810       ?s_id@?$TObjectUniqueID@UILibraryLayered@libmedia@UModSys@@@tl@UModSys@@2USUniquePointer@core@3@A 000000018000a810     plugin_test1.obj
 0003:00000840       ?s_id@?$TObjectUniqueID@UIShell@base@UModSys@@@tl@UModSys@@2USUniquePointer@core@3@A 000000018000a840     plugin_test1.obj
 0003:00000870       ?s_id@?$TObjectUniqueID@URLines@test1@test@modules@UModSys@@@tl@UModSys@@2USUniquePointer@core@3@A 000000018000a870     plugin_test1.obj
 0003:000008a0       ?s_id@?$TObjectUniqueID@UILibraryBinCache@libmedia@UModSys@@@tl@UModSys@@2USUniquePointer@core@3@A 000000018000a8a0     plugin_test1.obj
 0003:000008d0       ?s_id@?$TObjectUniqueID@UIConsole@base@UModSys@@@tl@UModSys@@2USUniquePointer@core@3@A 000000018000a8d0     plugin_test1.obj
 0003:00000900       ?s_id@?$TObjectUniqueID@URGenerator@test1@test@modules@UModSys@@@tl@UModSys@@2USUniquePointer@core@3@A 000000018000a900     plugin_test1.obj
 0003:00000930       ?s_uid@RGenerator@test1@test@modules@UModSys@@2USUniquePointer@core@5@A 000000018000a930     plugin_test1.obj
 0003:00000960       ?M@UModSys@@3USModuleContext@base@1@A 000000018000a960     umodsys_lib_base:umodsys.base.modulecontext.obj
 0003:00000988       ?root@SModuleRegChain@base@UModSys@@2U123@A 000000018000a988     umodsys_lib_base:umodsys.base.moduleregchain.obj
 0003:000009a0       ?root@SUniquePointer@core@UModSys@@2U123@A 000000018000a9a0     umodsys_lib_core:umodsys.core.uniqueptr.obj
 0003:000009d0       ?s_id@?$TObjectUniqueID@UIModuleLibrary@base@UModSys@@@tl@UModSys@@2USUniquePointer@core@3@A 000000018000a9d0     plugin_test1.obj
 0003:00000a00       ?s_id@?$TObjectUniqueID@UILibraryObjFilter@libmedia@UModSys@@@tl@UModSys@@2USUniquePointer@core@3@A 000000018000aa00     plugin_test1.obj
 0003:00000a30       ?s_id@?$TObjectUniqueID@UILibrary@libmedia@UModSys@@@tl@UModSys@@2USUniquePointer@core@3@A 000000018000aa30     plugin_test1.obj
 0003:00000a60       ?s_id@?$TObjectUniqueID@UIStreamReader@libmedia@UModSys@@@tl@UModSys@@2USUniquePointer@core@3@A 000000018000aa60     plugin_test1.obj
 0003:00000a90       ?s_id@?$TObjectUniqueID@UIParameters@core@UModSys@@@tl@UModSys@@2USUniquePointer@core@3@A 000000018000aa90     plugin_test1.obj
 0003:00000ac0       __native_startup_state     000000018000aac0     <common>
 0003:00000ac8       __native_startup_lock      000000018000aac8     <common>
 0003:00000ad0       __dyn_tls_init_callback    000000018000aad0     <common>
 0003:00000ad8       __onexitend                000000018000aad8     <common>
 0003:00000ae0       __onexitbegin              000000018000aae0     <common>

 entry point at        0001:00004644

 Static symbols

 0001:00004250       pre_c_init                 0000000180005250 f   MSVCRT:crtdll.obj
 0001:0000450c       __DllMainCRTStartup        000000018000550c f   MSVCRT:crtdll.obj
 0001:000049b0       _onexit$fin$0              00000001800059b0 f   MSVCRT:atonexit.obj
 0001:000049c9       __DllMainCRTStartup$filt$0 00000001800059c9 f   MSVCRT:crtdll.obj
 0001:000049f9       __DllMainCRTStartup$fin$1  00000001800059f9 f   MSVCRT:crtdll.obj
 0001:00004a12       ?filt$0@?0??__ArrayUnwind@@YAXPEAX_KHP6AX0@Z@Z@4HA 0000000180005a12 f   MSVCRT:ehvecdtr.obj
 0001:00004a51       ?fin$0@?0???_M@YAXPEAX_KHP6AX0@Z@Z@4HA 0000000180005a51 f   MSVCRT:ehvecdtr.obj
 0001:00004a80       _IsNonwritableInCurrentImage$filt$0 0000000180005a80 f   MSVCRT:pesect.obj
 0001:00004aa1       ?dtor$0@?0??suicide@RLines_Filter@test1@test@modules@UModSys@@UEAAXXZ@4HA 0000000180005aa1 f    CIL library: CIL module
 0001:00004aa1       ?dtor$0@?0??suicide@RLines@test1@test@modules@UModSys@@UEAAXXZ@4HA 0000000180005aa1 f    CIL library: CIL module
 0001:00004aa1       ?dtor$0@?0??suicide@RTest1_Shell@test1@test@modules@UModSys@@UEAAXXZ@4HA 0000000180005aa1 f    CIL library: CIL module
 0001:00004ab9       ?dtor$0@?0??layer_push@ILibraryLayered@libmedia@UModSys@@QEAA_NPEAUILibrary@23@HAEBU?$TString@U?$TSCoreConst@D@su@tl@UModSys@@U?$TComparerBinaryHash@D@234@@tl@3@@Z@4HA 0000000180005ab9 f    CIL library: CIL module
 0001:00004ad1       ?dtor$0@?0???$t_obj_get@UILines@test1@test@modules@UModSys@@@ILibrary@libmedia@UModSys@@QEAA_NAEBU?$TString@U?$TSCoreConst@D@su@tl@UModSys@@U?$TComparerBinaryHash@D@234@@tl@2@AEAU?$TRefObject@UILines@test1@test@modules@UModSys@@U?$TRefObjectFunc@UILines@test1@test@modules@UModSys@@@tl@5@@42@U?$TFlags4State@USMediaFlagUid@libmedia@UModSys@@I@42@PEBUSParameters@core@2@0@Z@4HA 0000000180005ad1 f    CIL library: CIL module
 0001:00004ae9       ?dtor$0@?0???0?$TString@U?$TSCoreShared@USIMemAlloc@core@UModSys@@D@su@tl@UModSys@@U?$TComparerBinaryHash@D@234@@tl@UModSys@@QEAA@PEBD_K@Z@4HA 0000000180005ae9 f    CIL library: CIL module
 0001:00004b01       ?dtor$0@?0??filter_save@RLines_Filter@test1@test@modules@UModSys@@UEAA_NAEAUSInfo@IBinObjFilter@libmedia@5@PEBUIRefObject@core@5@@Z@4HA 0000000180005b01 f    CIL library: CIL module
 0001:00004b19       ?dtor$0@?0??file_test1@RTest1_Shell@test1@test@modules@UModSys@@QEAAXXZ@4HA 0000000180005b19 f    CIL library: CIL module
 0001:00004b39       ?dtor$1@?0??file_test1@RTest1_Shell@test1@test@modules@UModSys@@QEAAXXZ@4HA 0000000180005b39 f    CIL library: CIL module
 0001:00004b59       ?dtor$2@?0??file_test1@RTest1_Shell@test1@test@modules@UModSys@@QEAAXXZ@4HA 0000000180005b59 f    CIL library: CIL module
 0001:00004b79       ?dtor$5@?0??file_test1@RTest1_Shell@test1@test@modules@UModSys@@QEAAXXZ@4HA 0000000180005b79 f    CIL library: CIL module
 0001:00004b99       ?dtor$3@?0??file_test1@RTest1_Shell@test1@test@modules@UModSys@@QEAAXXZ@4HA 0000000180005b99 f    CIL library: CIL module
 0001:00004bb9       ?dtor$8@?0??file_test1@RTest1_Shell@test1@test@modules@UModSys@@QEAAXXZ@4HA 0000000180005bb9 f    CIL library: CIL module
 0001:00004bd4       ?dtor$0@?0??media_cache@RTest1_Shell@test1@test@modules@UModSys@@QEAA?AU?$TRefObject@UILibrary@libmedia@UModSys@@U?$TRefObjectFunc@UILibrary@libmedia@UModSys@@@tl@3@@tl@5@_N@Z@4HA 0000000180005bd4 f    CIL library: CIL module
 0001:00004bf4       ?dtor$1@?0??media_cache@RTest1_Shell@test1@test@modules@UModSys@@QEAA?AU?$TRefObject@UILibrary@libmedia@UModSys@@U?$TRefObjectFunc@UILibrary@libmedia@UModSys@@@tl@3@@tl@5@_N@Z@4HA 0000000180005bf4 f    CIL library: CIL module
 0001:00004c14       ?dtor$6@?0??media_cache@RTest1_Shell@test1@test@modules@UModSys@@QEAA?AU?$TRefObject@UILibrary@libmedia@UModSys@@U?$TRefObjectFunc@UILibrary@libmedia@UModSys@@@tl@3@@tl@5@_N@Z@4HA 0000000180005c14 f    CIL library: CIL module
 0001:00004c34       ?dtor$3@?0??media_cache@RTest1_Shell@test1@test@modules@UModSys@@QEAA?AU?$TRefObject@UILibrary@libmedia@UModSys@@U?$TRefObjectFunc@UILibrary@libmedia@UModSys@@@tl@3@@tl@5@_N@Z@4HA 0000000180005c34 f    CIL library: CIL module
 0001:00004c54       ?dtor$4@?0??media_cache@RTest1_Shell@test1@test@modules@UModSys@@QEAA?AU?$TRefObject@UILibrary@libmedia@UModSys@@U?$TRefObjectFunc@UILibrary@libmedia@UModSys@@@tl@3@@tl@5@_N@Z@4HA 0000000180005c54 f    CIL library: CIL module
 0001:00004c74       ?dtor$10@?0??media_cache@RTest1_Shell@test1@test@modules@UModSys@@QEAA?AU?$TRefObject@UILibrary@libmedia@UModSys@@U?$TRefObjectFunc@UILibrary@libmedia@UModSys@@@tl@3@@tl@5@_N@Z@4HA 0000000180005c74 f    CIL library: CIL module
 0001:00004c8f       ?dtor$0@?0??media_vfs@RTest1_Shell@test1@test@modules@UModSys@@QEAA?AU?$TRefObject@UILibraryBinTree@libmedia@UModSys@@U?$TRefObjectFunc@UILibraryBinTree@libmedia@UModSys@@@tl@3@@tl@5@XZ@4HA 0000000180005c8f f    CIL library: CIL module
 0001:00004c8f       ?dtor$0@?0??media_lay@RTest1_Shell@test1@test@modules@UModSys@@QEAA?AU?$TRefObject@UILibraryLayered@libmedia@UModSys@@U?$TRefObjectFunc@UILibraryLayered@libmedia@UModSys@@@tl@3@@tl@5@XZ@4HA 0000000180005c8f f    CIL library: CIL module
 0001:00004c8f       ?dtor$0@?0??media_flt@RTest1_Shell@test1@test@modules@UModSys@@QEAA?AU?$TRefObject@UILibraryObjFilter@libmedia@UModSys@@U?$TRefObjectFunc@UILibraryObjFilter@libmedia@UModSys@@@tl@3@@tl@5@XZ@4HA 0000000180005c8f f    CIL library: CIL module
 0001:00004caf       ?dtor$1@?0??media_lay@RTest1_Shell@test1@test@modules@UModSys@@QEAA?AU?$TRefObject@UILibraryLayered@libmedia@UModSys@@U?$TRefObjectFunc@UILibraryLayered@libmedia@UModSys@@@tl@3@@tl@5@XZ@4HA 0000000180005caf f    CIL library: CIL module
 0001:00004caf       ?dtor$1@?0??media_vfs@RTest1_Shell@test1@test@modules@UModSys@@QEAA?AU?$TRefObject@UILibraryBinTree@libmedia@UModSys@@U?$TRefObjectFunc@UILibraryBinTree@libmedia@UModSys@@@tl@3@@tl@5@XZ@4HA 0000000180005caf f    CIL library: CIL module
 0001:00004caf       ?dtor$1@?0??media_flt@RTest1_Shell@test1@test@modules@UModSys@@QEAA?AU?$TRefObject@UILibraryObjFilter@libmedia@UModSys@@U?$TRefObjectFunc@UILibraryObjFilter@libmedia@UModSys@@@tl@3@@tl@5@XZ@4HA 0000000180005caf f    CIL library: CIL module
 0001:00004ccf       ?dtor$4@?0??media_lay@RTest1_Shell@test1@test@modules@UModSys@@QEAA?AU?$TRefObject@UILibraryLayered@libmedia@UModSys@@U?$TRefObjectFunc@UILibraryLayered@libmedia@UModSys@@@tl@3@@tl@5@XZ@4HA 0000000180005ccf f    CIL library: CIL module
 0001:00004ccf       ?dtor$4@?0??media_flt@RTest1_Shell@test1@test@modules@UModSys@@QEAA?AU?$TRefObject@UILibraryObjFilter@libmedia@UModSys@@U?$TRefObjectFunc@UILibraryObjFilter@libmedia@UModSys@@@tl@3@@tl@5@XZ@4HA 0000000180005ccf f    CIL library: CIL module
 0001:00004ccf       ?dtor$4@?0??media_vfs@RTest1_Shell@test1@test@modules@UModSys@@QEAA?AU?$TRefObject@UILibraryBinTree@libmedia@UModSys@@U?$TRefObjectFunc@UILibraryBinTree@libmedia@UModSys@@@tl@3@@tl@5@XZ@4HA 0000000180005ccf f    CIL library: CIL module
 0001:00004cef       ?dtor$2@?0??media_flt@RTest1_Shell@test1@test@modules@UModSys@@QEAA?AU?$TRefObject@UILibraryObjFilter@libmedia@UModSys@@U?$TRefObjectFunc@UILibraryObjFilter@libmedia@UModSys@@@tl@3@@tl@5@XZ@4HA 0000000180005cef f    CIL library: CIL module
 0001:00004cef       ?dtor$2@?0??media_lay@RTest1_Shell@test1@test@modules@UModSys@@QEAA?AU?$TRefObject@UILibraryLayered@libmedia@UModSys@@U?$TRefObjectFunc@UILibraryLayered@libmedia@UModSys@@@tl@3@@tl@5@XZ@4HA 0000000180005cef f    CIL library: CIL module
 0001:00004cef       ?dtor$2@?0??media_vfs@RTest1_Shell@test1@test@modules@UModSys@@QEAA?AU?$TRefObject@UILibraryBinTree@libmedia@UModSys@@U?$TRefObjectFunc@UILibraryBinTree@libmedia@UModSys@@@tl@3@@tl@5@XZ@4HA 0000000180005cef f    CIL library: CIL module
 0001:00004d1e       ?dtor$0@?0??media_arch_stdio@RTest1_Shell@test1@test@modules@UModSys@@QEAA?AU?$TRefObject@UIBinArchive@libmedia@UModSys@@U?$TRefObjectFunc@UIBinArchive@libmedia@UModSys@@@tl@3@@tl@5@AEBU?$TString@U?$TSCoreConst@D@su@tl@UModSys@@U?$TComparerBinaryHash@D@234@@75@@Z@4HA 0000000180005d1e f    CIL library: CIL module
 0001:00004d3e       ?dtor$1@?0??media_arch_stdio@RTest1_Shell@test1@test@modules@UModSys@@QEAA?AU?$TRefObject@UIBinArchive@libmedia@UModSys@@U?$TRefObjectFunc@UIBinArchive@libmedia@UModSys@@@tl@3@@tl@5@AEBU?$TString@U?$TSCoreConst@D@su@tl@UModSys@@U?$TComparerBinaryHash@D@234@@75@@Z@4HA 0000000180005d3e f    CIL library: CIL module
 0001:00004d5e       ?dtor$4@?0??media_arch_stdio@RTest1_Shell@test1@test@modules@UModSys@@QEAA?AU?$TRefObject@UIBinArchive@libmedia@UModSys@@U?$TRefObjectFunc@UIBinArchive@libmedia@UModSys@@@tl@3@@tl@5@AEBU?$TString@U?$TSCoreConst@D@su@tl@UModSys@@U?$TComparerBinaryHash@D@234@@75@@Z@4HA 0000000180005d5e f    CIL library: CIL module
 0001:00004d79       ?dtor$0@?0??filter_load@RLines_Filter@test1@test@modules@UModSys@@UEAA_NAEBUSInfo@IBinObjFilter@libmedia@5@AEAU?$TRefObject@UIRefObject@core@UModSys@@U?$TRefObjectFunc@UIRefObject@core@UModSys@@@tl@3@@tl@5@@Z@4HA 0000000180005d79 f    CIL library: CIL module
 0001:00004d99       ?dtor$2@?0??filter_load@RLines_Filter@test1@test@modules@UModSys@@UEAA_NAEBUSInfo@IBinObjFilter@libmedia@5@AEAU?$TRefObject@UIRefObject@core@UModSys@@U?$TRefObjectFunc@UIRefObject@core@UModSys@@@tl@3@@tl@5@@Z@4HA 0000000180005d99 f    CIL library: CIL module
 0001:00004db9       ?dtor$1@?0??filter_load@RLines_Filter@test1@test@modules@UModSys@@UEAA_NAEBUSInfo@IBinObjFilter@libmedia@5@AEAU?$TRefObject@UIRefObject@core@UModSys@@U?$TRefObjectFunc@UIRefObject@core@UModSys@@@tl@3@@tl@5@@Z@4HA 0000000180005db9 f    CIL library: CIL module
 0001:00004dd1       ?dtor$0@?0??file_test5@RTest1_Shell@test1@test@modules@UModSys@@QEAAXXZ@4HA 0000000180005dd1 f    CIL library: CIL module
 0001:00004df1       ?dtor$1@?0??file_test5@RTest1_Shell@test1@test@modules@UModSys@@QEAAXXZ@4HA 0000000180005df1 f    CIL library: CIL module
 0001:00004e11       ?dtor$2@?0??file_test5@RTest1_Shell@test1@test@modules@UModSys@@QEAAXXZ@4HA 0000000180005e11 f    CIL library: CIL module
 0001:00004e31       ?dtor$15@?0??file_test5@RTest1_Shell@test1@test@modules@UModSys@@QEAAXXZ@4HA 0000000180005e31 f    CIL library: CIL module
 0001:00004e51       ?dtor$3@?0??file_test5@RTest1_Shell@test1@test@modules@UModSys@@QEAAXXZ@4HA 0000000180005e51 f    CIL library: CIL module
 0001:00004e71       ?dtor$18@?0??file_test5@RTest1_Shell@test1@test@modules@UModSys@@QEAAXXZ@4HA 0000000180005e71 f    CIL library: CIL module
 0001:00004e91       ?dtor$4@?0??file_test5@RTest1_Shell@test1@test@modules@UModSys@@QEAAXXZ@4HA 0000000180005e91 f    CIL library: CIL module
 0001:00004eb1       ?dtor$5@?0??file_test5@RTest1_Shell@test1@test@modules@UModSys@@QEAAXXZ@4HA 0000000180005eb1 f    CIL library: CIL module
 0001:00004ed1       ?dtor$6@?0??file_test5@RTest1_Shell@test1@test@modules@UModSys@@QEAAXXZ@4HA 0000000180005ed1 f    CIL library: CIL module
 0001:00004ef1       ?dtor$22@?0??file_test5@RTest1_Shell@test1@test@modules@UModSys@@QEAAXXZ@4HA 0000000180005ef1 f    CIL library: CIL module
 0001:00004f11       ?dtor$7@?0??file_test5@RTest1_Shell@test1@test@modules@UModSys@@QEAAXXZ@4HA 0000000180005f11 f    CIL library: CIL module
 0001:00004f31       ?dtor$9@?0??file_test5@RTest1_Shell@test1@test@modules@UModSys@@QEAAXXZ@4HA 0000000180005f31 f    CIL library: CIL module
 0001:00004f51       ?dtor$10@?0??file_test5@RTest1_Shell@test1@test@modules@UModSys@@QEAAXXZ@4HA 0000000180005f51 f    CIL library: CIL module
 0001:00004f71       ?dtor$11@?0??file_test5@RTest1_Shell@test1@test@modules@UModSys@@QEAAXXZ@4HA 0000000180005f71 f    CIL library: CIL module
 0001:00004f91       ?dtor$13@?0??file_test5@RTest1_Shell@test1@test@modules@UModSys@@QEAAXXZ@4HA 0000000180005f91 f    CIL library: CIL module
 0001:00004fb1       ?dtor$14@?0??file_test5@RTest1_Shell@test1@test@modules@UModSys@@QEAAXXZ@4HA 0000000180005fb1 f    CIL library: CIL module
 0001:00004fcc       ?dtor$0@?0??file_test4@RTest1_Shell@test1@test@modules@UModSys@@QEAAXXZ@4HA 0000000180005fcc f    CIL library: CIL module
 0001:00004fec       ?dtor$1@?0??file_test4@RTest1_Shell@test1@test@modules@UModSys@@QEAAXXZ@4HA 0000000180005fec f    CIL library: CIL module
 0001:0000500c       ?dtor$2@?0??file_test4@RTest1_Shell@test1@test@modules@UModSys@@QEAAXXZ@4HA 000000018000600c f    CIL library: CIL module
 0001:0000502c       ?dtor$3@?0??file_test4@RTest1_Shell@test1@test@modules@UModSys@@QEAAXXZ@4HA 000000018000602c f    CIL library: CIL module
 0001:0000504c       ?dtor$4@?0??file_test4@RTest1_Shell@test1@test@modules@UModSys@@QEAAXXZ@4HA 000000018000604c f    CIL library: CIL module
 0001:0000506c       ?dtor$5@?0??file_test4@RTest1_Shell@test1@test@modules@UModSys@@QEAAXXZ@4HA 000000018000606c f    CIL library: CIL module
 0001:0000508c       ?dtor$7@?0??file_test4@RTest1_Shell@test1@test@modules@UModSys@@QEAAXXZ@4HA 000000018000608c f    CIL library: CIL module
 0001:000050a7       ?dtor$0@?0??file_test3@RTest1_Shell@test1@test@modules@UModSys@@QEAAXXZ@4HA 00000001800060a7 f    CIL library: CIL module
 0001:000050c7       ?dtor$1@?0??file_test3@RTest1_Shell@test1@test@modules@UModSys@@QEAAXXZ@4HA 00000001800060c7 f    CIL library: CIL module
 0001:000050e2       ?dtor$0@?0??file_test2@RTest1_Shell@test1@test@modules@UModSys@@QEAAXXZ@4HA 00000001800060e2 f    CIL library: CIL module
 0001:00005102       ?dtor$1@?0??file_test2@RTest1_Shell@test1@test@modules@UModSys@@QEAAXXZ@4HA 0000000180006102 f    CIL library: CIL module
 0001:00005122       ?dtor$2@?0??file_test2@RTest1_Shell@test1@test@modules@UModSys@@QEAAXXZ@4HA 0000000180006122 f    CIL library: CIL module
 0001:0000513d       ?dtor$0@?0???_GRTest1_Shell@test1@test@modules@UModSys@@UEAAPEAXI@Z@4HA 000000018000613d f    CIL library: CIL module
 0001:0000513d       ?dtor$0@?0???0RTest1_Shell@test1@test@modules@UModSys@@QEAA@PEAUIModObject@base@4@@Z@4HA 000000018000613d f    CIL library: CIL module
 0001:00005155       ?dtor$0@?0??generate@RGenerator@test1@test@modules@UModSys@@UEAA_NAEAU?$TRefObject@UIRefObject@core@UModSys@@U?$TRefObjectFunc@UIRefObject@core@UModSys@@@tl@3@@tl@5@PEBUSUniquePointerInfo@core@5@AEBUSParameters@95@@Z@4HA 0000000180006155 f    CIL library: CIL module
 0001:00005174       ??__E?s_modreg@RModuleReg@test1@test@modules@UModSys@@2U12345@A@@YAXXZ 0000000180006174 f    CIL library: CIL module
 0001:000052c4       ??__E?s_modreg_chain@RModuleReg@test1@test@modules@UModSys@@2USModuleRegChain@base@5@A@@YAXXZ 00000001800062c4 f    CIL library: CIL module
 0001:00005304       ??__E?s_uid@RGenerator@test1@test@modules@UModSys@@2USUniquePointer@core@5@A@@YAXXZ 0000000180006304 f    CIL library: CIL module
 0001:00005338       ??__E?s_id@?$TObjectUniqueID@UIRoot@core@UModSys@@@tl@UModSys@@2USUniquePointer@core@3@A@@YAXXZ 0000000180006338 f    CIL library: CIL module
 0001:0000536c       ??__E?s_id@?$TObjectUniqueID@UIRefObject@core@UModSys@@@tl@UModSys@@2USUniquePointer@core@3@A@@YAXXZ 000000018000636c f    CIL library: CIL module
 0001:000053a0       ??__E?s_id@?$TObjectUniqueID@UIParameters@core@UModSys@@@tl@UModSys@@2USUniquePointer@core@3@A@@YAXXZ 00000001800063a0 f    CIL library: CIL module
 0001:000053d4       ??__E?s_id@?$TObjectUniqueID@UIModule@base@UModSys@@@tl@UModSys@@2USUniquePointer@core@3@A@@YAXXZ 00000001800063d4 f    CIL library: CIL module
 0001:00005408       ??__E?s_id@?$TObjectUniqueID@UIModuleLibrary@base@UModSys@@@tl@UModSys@@2USUniquePointer@core@3@A@@YAXXZ 0000000180006408 f    CIL library: CIL module
 0001:0000543c       ??__E?s_id@?$TObjectUniqueID@UIModObject@base@UModSys@@@tl@UModSys@@2USUniquePointer@core@3@A@@YAXXZ 000000018000643c f    CIL library: CIL module
 0001:00005470       ??__E?s_id@?$TObjectUniqueID@UIGenerator@base@UModSys@@@tl@UModSys@@2USUniquePointer@core@3@A@@YAXXZ 0000000180006470 f    CIL library: CIL module
 0001:000054a4       ??__E?s_id@?$TObjectUniqueID@UIShell@base@UModSys@@@tl@UModSys@@2USUniquePointer@core@3@A@@YAXXZ 00000001800064a4 f    CIL library: CIL module
 0001:000054d8       ??__E?s_id@?$TObjectUniqueID@UIConsole@base@UModSys@@@tl@UModSys@@2USUniquePointer@core@3@A@@YAXXZ 00000001800064d8 f    CIL library: CIL module
 0001:0000550c       ??__E?s_id@?$TObjectUniqueID@UISystem@base@UModSys@@@tl@UModSys@@2USUniquePointer@core@3@A@@YAXXZ 000000018000650c f    CIL library: CIL module
 0001:00005540       ??__E?s_id@?$TObjectUniqueID@UIStreamReader@libmedia@UModSys@@@tl@UModSys@@2USUniquePointer@core@3@A@@YAXXZ 0000000180006540 f    CIL library: CIL module
 0001:00005574       ??__E?s_id@?$TObjectUniqueID@UIStreamWriter@libmedia@UModSys@@@tl@UModSys@@2USUniquePointer@core@3@A@@YAXXZ 0000000180006574 f    CIL library: CIL module
 0001:000055a8       ??__E?s_id@?$TObjectUniqueID@UIBinArchive@libmedia@UModSys@@@tl@UModSys@@2USUniquePointer@core@3@A@@YAXXZ 00000001800065a8 f    CIL library: CIL module
 0001:000055dc       ??__E?s_id@?$TObjectUniqueID@UIBinObjFilter@libmedia@UModSys@@@tl@UModSys@@2USUniquePointer@core@3@A@@YAXXZ 00000001800065dc f    CIL library: CIL module
 0001:00005610       ??__E?s_id@?$TObjectUniqueID@UILibrary@libmedia@UModSys@@@tl@UModSys@@2USUniquePointer@core@3@A@@YAXXZ 0000000180006610 f    CIL library: CIL module
 0001:00005644       ??__E?s_id@?$TObjectUniqueID@UILibraryBinTree@libmedia@UModSys@@@tl@UModSys@@2USUniquePointer@core@3@A@@YAXXZ 0000000180006644 f    CIL library: CIL module
 0001:00005678       ??__E?s_id@?$TObjectUniqueID@UILibraryBinCache@libmedia@UModSys@@@tl@UModSys@@2USUniquePointer@core@3@A@@YAXXZ 0000000180006678 f    CIL library: CIL module
 0001:000056ac       ??__E?s_id@?$TObjectUniqueID@UILibraryObjFilter@libmedia@UModSys@@@tl@UModSys@@2USUniquePointer@core@3@A@@YAXXZ 00000001800066ac f    CIL library: CIL module
 0001:000056e0       ??__E?s_id@?$TObjectUniqueID@UILibraryObjCache@libmedia@UModSys@@@tl@UModSys@@2USUniquePointer@core@3@A@@YAXXZ 00000001800066e0 f    CIL library: CIL module
 0001:00005714       ??__E?s_id@?$TObjectUniqueID@UILibraryLayered@libmedia@UModSys@@@tl@UModSys@@2USUniquePointer@core@3@A@@YAXXZ 0000000180006714 f    CIL library: CIL module
 0001:00005748       ??__E?s_id@?$TObjectUniqueID@UILines@test1@test@modules@UModSys@@@tl@UModSys@@2USUniquePointer@core@3@A@@YAXXZ 0000000180006748 f    CIL library: CIL module
 0001:0000577c       ??__E?s_id@?$TObjectUniqueID@URLines@test1@test@modules@UModSys@@@tl@UModSys@@2USUniquePointer@core@3@A@@YAXXZ 000000018000677c f    CIL library: CIL module
 0001:000057b0       ??__E?s_id@?$TObjectUniqueID@URLines_Filter@test1@test@modules@UModSys@@@tl@UModSys@@2USUniquePointer@core@3@A@@YAXXZ 00000001800067b0 f    CIL library: CIL module
 0001:000057e4       ??__E?s_id@?$TObjectUniqueID@URTest1_Shell@test1@test@modules@UModSys@@@tl@UModSys@@2USUniquePointer@core@3@A@@YAXXZ 00000001800067e4 f    CIL library: CIL module
 0001:00005818       ??__E?s_id@?$TObjectUniqueID@URGenerator@test1@test@modules@UModSys@@@tl@UModSys@@2USUniquePointer@core@3@A@@YAXXZ 0000000180006818 f    CIL library: CIL module
 0001:0000584c       ??__EM@UModSys@@YAXXZ      000000018000684c f    CIL library: CIL module
 0001:00005858       ??__E?root@SModuleRegChain@base@UModSys@@2U123@A@@YAXXZ 0000000180006858 f    CIL library: CIL module
 0001:00005864       ??__E?s_library@RModuleLibraryReg_Chain@base@UModSys@@2U123@A@@YAXXZ 0000000180006864 f    CIL library: CIL module
 0001:00005870       ??__E?root@SUniquePointer@core@UModSys@@2U123@A@@YAXXZ 0000000180006870 f    CIL library: CIL module
 0001:0000587c       ??__F?s_modreg@RModuleReg@test1@test@modules@UModSys@@2U12345@A@@YAXXZ 000000018000687c f    CIL library: CIL module
 0001:0000588c       ??__F?s_modreg_chain@RModuleReg@test1@test@modules@UModSys@@2USModuleRegChain@base@5@A@@YAXXZ 000000018000688c f    CIL library: CIL module
 0001:000058cc       ??__F?s_uid@RGenerator@test1@test@modules@UModSys@@2USUniquePointer@core@5@A@@YAXXZ 00000001800068cc f    CIL library: CIL module
 0001:000058d8       ??__Fh@?1??s_holder@RGenerator@test1@test@modules@UModSys@@SAAEAU?$TTypeStaticHolder@URGenerator@test1@test@modules@UModSys@@@tl@5@XZ@YAXXZ 00000001800068d8 f    CIL library: CIL module
 0001:00005900       ??__F?s_id@?$TObjectUniqueID@URGenerator@test1@test@modules@UModSys@@@tl@UModSys@@2USUniquePointer@core@3@A@@YAXXZ 0000000180006900 f    CIL library: CIL module
 0001:0000590c       ??__F?s_id@?$TObjectUniqueID@URTest1_Shell@test1@test@modules@UModSys@@@tl@UModSys@@2USUniquePointer@core@3@A@@YAXXZ 000000018000690c f    CIL library: CIL module
 0001:00005918       ??__F?s_id@?$TObjectUniqueID@URLines_Filter@test1@test@modules@UModSys@@@tl@UModSys@@2USUniquePointer@core@3@A@@YAXXZ 0000000180006918 f    CIL library: CIL module
 0001:00005924       ??__F?s_id@?$TObjectUniqueID@URLines@test1@test@modules@UModSys@@@tl@UModSys@@2USUniquePointer@core@3@A@@YAXXZ 0000000180006924 f    CIL library: CIL module
 0001:00005930       ??__F?s_id@?$TObjectUniqueID@UILines@test1@test@modules@UModSys@@@tl@UModSys@@2USUniquePointer@core@3@A@@YAXXZ 0000000180006930 f    CIL library: CIL module
 0001:0000593c       ??__F?s_id@?$TObjectUniqueID@UILibraryLayered@libmedia@UModSys@@@tl@UModSys@@2USUniquePointer@core@3@A@@YAXXZ 000000018000693c f    CIL library: CIL module
 0001:00005948       ??__F?s_id@?$TObjectUniqueID@UILibraryObjCache@libmedia@UModSys@@@tl@UModSys@@2USUniquePointer@core@3@A@@YAXXZ 0000000180006948 f    CIL library: CIL module
 0001:00005954       ??__F?s_id@?$TObjectUniqueID@UILibraryObjFilter@libmedia@UModSys@@@tl@UModSys@@2USUniquePointer@core@3@A@@YAXXZ 0000000180006954 f    CIL library: CIL module
 0001:00005960       ??__F?s_id@?$TObjectUniqueID@UILibraryBinCache@libmedia@UModSys@@@tl@UModSys@@2USUniquePointer@core@3@A@@YAXXZ 0000000180006960 f    CIL library: CIL module
 0001:0000596c       ??__F?s_id@?$TObjectUniqueID@UILibraryBinTree@libmedia@UModSys@@@tl@UModSys@@2USUniquePointer@core@3@A@@YAXXZ 000000018000696c f    CIL library: CIL module
 0001:00005978       ??__F?s_id@?$TObjectUniqueID@UILibrary@libmedia@UModSys@@@tl@UModSys@@2USUniquePointer@core@3@A@@YAXXZ 0000000180006978 f    CIL library: CIL module
 0001:00005984       ??__F?s_id@?$TObjectUniqueID@UIBinObjFilter@libmedia@UModSys@@@tl@UModSys@@2USUniquePointer@core@3@A@@YAXXZ 0000000180006984 f    CIL library: CIL module
 0001:00005990       ??__F?s_id@?$TObjectUniqueID@UIBinArchive@libmedia@UModSys@@@tl@UModSys@@2USUniquePointer@core@3@A@@YAXXZ 0000000180006990 f    CIL library: CIL module
 0001:0000599c       ??__F?s_id@?$TObjectUniqueID@UIStreamWriter@libmedia@UModSys@@@tl@UModSys@@2USUniquePointer@core@3@A@@YAXXZ 000000018000699c f    CIL library: CIL module
 0001:000059a8       ??__F?s_id@?$TObjectUniqueID@UIStreamReader@libmedia@UModSys@@@tl@UModSys@@2USUniquePointer@core@3@A@@YAXXZ 00000001800069a8 f    CIL library: CIL module
 0001:000059b4       ??__F?s_id@?$TObjectUniqueID@UISystem@base@UModSys@@@tl@UModSys@@2USUniquePointer@core@3@A@@YAXXZ 00000001800069b4 f    CIL library: CIL module
 0001:000059c0       ??__F?s_id@?$TObjectUniqueID@UIConsole@base@UModSys@@@tl@UModSys@@2USUniquePointer@core@3@A@@YAXXZ 00000001800069c0 f    CIL library: CIL module
 0001:000059cc       ??__F?s_id@?$TObjectUniqueID@UIShell@base@UModSys@@@tl@UModSys@@2USUniquePointer@core@3@A@@YAXXZ 00000001800069cc f    CIL library: CIL module
 0001:000059d8       ??__F?s_id@?$TObjectUniqueID@UIGenerator@base@UModSys@@@tl@UModSys@@2USUniquePointer@core@3@A@@YAXXZ 00000001800069d8 f    CIL library: CIL module
 0001:000059e4       ??__F?s_id@?$TObjectUniqueID@UIModObject@base@UModSys@@@tl@UModSys@@2USUniquePointer@core@3@A@@YAXXZ 00000001800069e4 f    CIL library: CIL module
 0001:000059f0       ??__F?s_id@?$TObjectUniqueID@UIModuleLibrary@base@UModSys@@@tl@UModSys@@2USUniquePointer@core@3@A@@YAXXZ 00000001800069f0 f    CIL library: CIL module
 0001:000059fc       ??__F?s_id@?$TObjectUniqueID@UIModule@base@UModSys@@@tl@UModSys@@2USUniquePointer@core@3@A@@YAXXZ 00000001800069fc f    CIL library: CIL module
 0001:00005a08       ??__F?s_id@?$TObjectUniqueID@UIParameters@core@UModSys@@@tl@UModSys@@2USUniquePointer@core@3@A@@YAXXZ 0000000180006a08 f    CIL library: CIL module
 0001:00005a14       ??__F?s_id@?$TObjectUniqueID@UIRefObject@core@UModSys@@@tl@UModSys@@2USUniquePointer@core@3@A@@YAXXZ 0000000180006a14 f    CIL library: CIL module
 0001:00005a20       ??__F?s_id@?$TObjectUniqueID@UIRoot@core@UModSys@@@tl@UModSys@@2USUniquePointer@core@3@A@@YAXXZ 0000000180006a20 f    CIL library: CIL module
 0001:00005a2c       ??__FM@UModSys@@YAXXZ      0000000180006a2c f    CIL library: CIL module
 0001:00005a30       ??__F?root@SModuleRegChain@base@UModSys@@2U123@A@@YAXXZ 0000000180006a30 f    CIL library: CIL module
 0001:00005a70       ??__F?s_library@RModuleLibraryReg_Chain@base@UModSys@@2U123@A@@YAXXZ 0000000180006a70 f    CIL library: CIL module
 0001:00005a80       ??__F?root@SUniquePointer@core@UModSys@@2U123@A@@YAXXZ 0000000180006a80 f    CIL library: CIL module

 Exports

  ordinal    name

        1    UModSys_Plugin_Entry2
