 plugin_test1

 Timestamp is 52b29b56 (Thu Dec 19 10:08:06 2013)

 Preferred load address is 0000000180000000

 Start         Length     Name                   Class
 0001:00000000 000195a0H .text                   CODE
 0001:000195a0 0000005eH .text$00                CODE
 0001:00019600 0000161cH .text$x                 CODE
 0001:0001ac1c 0000146cH .text$yc                CODE
 0001:0001c088 000005e0H .text$yd                CODE
 0002:00000000 00000398H .idata$5                DATA
 0002:00000398 00000008H .CRT$XCA                DATA
 0002:000003a0 00001190H .CRT$XCU                DATA
 0002:00001530 00000008H .CRT$XCZ                DATA
 0002:00001538 00000008H .CRT$XIA                DATA
 0002:00001540 00000008H .CRT$XIAA               DATA
 0002:00001548 00000008H .CRT$XIZ                DATA
 0002:00001550 000045d8H .rdata                  DATA
 0002:00005b30 00002824H .rdata$r                DATA
 0002:00008358 00000008H .rtc$IAA                DATA
 0002:00008360 00000008H .rtc$IZZ                DATA
 0002:00008368 00000008H .rtc$TAA                DATA
 0002:00008370 00000008H .rtc$TZZ                DATA
 0002:00008378 00002ab0H .xdata                  DATA
 0002:0000ae28 00000078H .idata$2                DATA
 0002:0000aea0 00000014H .idata$3                DATA
 0002:0000aeb8 00000398H .idata$4                DATA
 0002:0000b250 00000808H .idata$6                DATA
 0002:0000ba60 00000059H .edata                  DATA
 0003:00000000 00001260H .data                   DATA
 0003:00001260 00001d30H .bss                    DATA
 0004:00000000 00001e9cH .pdata                  DATA

  Address         Publics by Value              Rva+Base               Lib:Object

 0000:00000000       ___safe_se_handler_table   0000000000000000     <absolute>
 0000:00000000       ___safe_se_handler_count   0000000000000000     <absolute>
 0000:00000000       __ImageBase                0000000180000000     <linker-defined>
 0001:00000000       ??1SMemShared@core@UModSys@@QEAA@XZ 0000000180001000 f i plugin_test1.obj
 0001:00000000       ??1SCMemShared@core@UModSys@@QEAA@XZ 0000000180001000 f i plugin_test1.obj
 0001:00000000       ??1State@RImage_Memory@stdlib@lib2d@modules@UModSys@@QEAA@XZ 0000000180001000 f i umodsys_lib_lib2d:umodsys.mod.2d.stdlib.obj
 0001:00000030       ??6SUniquePtrList@core@UModSys@@QEAAAEAU012@PEBUSUniquePointerInfo@12@@Z 0000000180001030 f i plugin_test1.obj
 0001:000000e8       ??3IRoot@core@UModSys@@SAXPEAXAEBUSIMemAlloc@12@@Z 00000001800010e8 f i plugin_test1.obj
 0001:00000114       ?mount_add@ILibraryBinTree@libmedia@UModSys@@QEAA_NAEBU?$TString@U?$TSCoreConst@D@su@tl@UModSys@@U?$TComparerBinaryHash@D@234@@tl@3@PEAUIBinArchive@23@H@Z 0000000180001114 f i plugin_test1.obj
 0001:000001ac       ?mount_add@ILibraryBinTree@libmedia@UModSys@@QEAA_NAEBU?$TString@U?$TSCoreConst@D@su@tl@UModSys@@U?$TComparerBinaryHash@D@234@@tl@3@HPEAUIBinArchive@23@H@Z 00000001800011ac f i plugin_test1.obj
 0001:00000254       ??1SLayer@ILibraryLayered@libmedia@UModSys@@QEAA@XZ 0000000180001254 f i plugin_test1.obj
 0001:00000254       ??1SPoint@ILibraryBinTree@libmedia@UModSys@@QEAA@XZ 0000000180001254 f i plugin_test1.obj
 0001:00000278       ?layer_push@ILibraryLayered@libmedia@UModSys@@QEAA_NPEAUILibrary@23@HAEBU?$TString@U?$TSCoreConst@D@su@tl@UModSys@@U?$TComparerBinaryHash@D@234@@tl@3@@Z 0000000180001278 f i plugin_test1.obj
 0001:00000308       ??1IBinObjFilter@libmedia@UModSys@@UEAA@XZ 0000000180001308 f i plugin_test1.obj
 0001:00000344       ?root_get_interface_info@RTest1_Shell@test1@test@modules@UModSys@@UEBAAEBUSUniquePointerInfo@core@5@XZ 0000000180001344 f i plugin_test1.obj
 0001:0000034c       ?root_get_interface_type@RTest1_Shell@test1@test@modules@UModSys@@UEBAPEBUSUniquePointerInfo@core@5@XZ 000000018000134c f i plugin_test1.obj
 0001:00000354       ?root_get_other_interface@RTest1_Shell@test1@test@modules@UModSys@@UEBAPEBUIRoot@core@5@PEBUSUniquePointerInfo@75@@Z 0000000180001354 f i plugin_test1.obj
 0001:00000354       ?root_get_other_interface@RTest1_Shell@test1@test@modules@UModSys@@UEAAPEAUIRoot@core@5@PEBUSUniquePointerInfo@75@@Z 0000000180001354 f i plugin_test1.obj
 0001:00000384       ?root_is_interface_supported@RTest1_Shell@test1@test@modules@UModSys@@UEBA_NPEBUSUniquePointerInfo@core@5@@Z 0000000180001384 f i plugin_test1.obj
 0001:000003b4       ?ref_add@RTest1_Shell@test1@test@modules@UModSys@@UEBAXXZ 00000001800013b4 f i plugin_test1.obj
 0001:000003b8       ?ref_remove@RTest1_Shell@test1@test@modules@UModSys@@UEBAXXZ 00000001800013b8 f i plugin_test1.obj
 0001:000003d0       ?ref_links@RTest1_Shell@test1@test@modules@UModSys@@UEBAHXZ 00000001800013d0 f i plugin_test1.obj
 0001:000003d4       ?ref_weak@RTest1_Shell@test1@test@modules@UModSys@@UEBA_NAEAUWeakPointer@IRefObject@core@5@@Z 00000001800013d4 f i plugin_test1.obj
 0001:000003f4       ?suicide@RTest1_Shell@test1@test@modules@UModSys@@UEAAXXZ 00000001800013f4 f i plugin_test1.obj
 0001:00000440       ??0RTest1_Shell@test1@test@modules@UModSys@@QEAA@PEAUIModObject@base@4@@Z 0000000180001440 f i plugin_test1.obj
 0001:00000578       ?connect@RTest1_Shell@test1@test@modules@UModSys@@UEAA_NXZ 0000000180001578 f i plugin_test1.obj
 0001:0000059c       ?disconnect@RTest1_Shell@test1@test@modules@UModSys@@UEAA_NXZ 000000018000159c f i plugin_test1.obj
 0001:000005c0       ?process_tick@RTest1_Shell@test1@test@modules@UModSys@@UEAA_NAEBUSTimeMsec@core@5@@Z 00000001800015c0 f i plugin_test1.obj
 0001:000005f8       ?process_command@RTest1_Shell@test1@test@modules@UModSys@@UEAA_NHQEBU?$TString@U?$TSCoreConst@D@su@tl@UModSys@@U?$TComparerBinaryHash@D@234@@tl@5@@Z 00000001800015f8 f i plugin_test1.obj
 0001:0000061c       ??_ERTest1_Shell@test1@test@modules@UModSys@@UEAAPEAXI@Z 000000018000161c f i  CIL library: CIL module
 0001:0000061c       ??_GRTest1_Shell@test1@test@modules@UModSys@@UEAAPEAXI@Z 000000018000161c f i plugin_test1.obj
 0001:000006e0       ?new_mem_image@RTest1_Shell@test1@test@modules@UModSys@@QEAA?AU?$TRefObject@UIImage@lib2d@UModSys@@U?$TRefObjectFunc@UIImage@lib2d@UModSys@@@tl@3@@tl@5@XZ 00000001800016e0 f   plugin_test1.obj
 0001:000007bc       ??1?$TParametersA@$0EAA@@core@UModSys@@QEAA@XZ 00000001800017bc f i plugin_test1.obj
 0001:000007bc       ??1?$TParametersA@$0BAA@@core@UModSys@@QEAA@XZ 00000001800017bc f i umodsys_lib_libui:umodsys.mod.ui.SDL_core.obj
 0001:000007bc       ??1SParameters@core@UModSys@@QEAA@XZ 00000001800017bc f i plugin_test1.obj
 0001:000007d8       ?media_arch_stdio@RTest1_Shell@test1@test@modules@UModSys@@QEAA?AU?$TRefObject@UIBinArchive@libmedia@UModSys@@U?$TRefObjectFunc@UIBinArchive@libmedia@UModSys@@@tl@3@@tl@5@AEBU?$TString@U?$TSCoreConst@D@su@tl@UModSys@@U?$TComparerBinaryHash@D@234@@75@@Z 00000001800017d8 f   plugin_test1.obj
 0001:000008dc       ?media_arch_zip@RTest1_Shell@test1@test@modules@UModSys@@QEAA?AU?$TRefObject@UIBinArchive@libmedia@UModSys@@U?$TRefObjectFunc@UIBinArchive@libmedia@UModSys@@@tl@3@@tl@5@PEAUILibrary@libmedia@5@PEAUIUtilities@95@AEBU?$TString@U?$TSCoreConst@D@su@tl@UModSys@@U?$TComparerBinaryHash@D@234@@75@_N@Z 00000001800018dc f   plugin_test1.obj
 0001:00000b84       ?media_filter_new@RTest1_Shell@test1@test@modules@UModSys@@QEAA?AU?$TRefObject@UIBinObjFilter@libmedia@UModSys@@U?$TRefObjectFunc@UIBinObjFilter@libmedia@UModSys@@@tl@3@@tl@5@AEBU?$TString@U?$TSCoreConst@D@su@tl@UModSys@@U?$TComparerBinaryHash@D@234@@75@AEBUSParameters@core@5@@Z 0000000180001b84 f   plugin_test1.obj
 0001:00000c60       ?media_utils@RTest1_Shell@test1@test@modules@UModSys@@QEAA?AU?$TRefObject@UIUtilities@libmedia@UModSys@@U?$TRefObjectFunc@UIUtilities@libmedia@UModSys@@@tl@3@@tl@5@XZ 0000000180001c60 f   plugin_test1.obj
 0001:00000d3c       ?media_vfs@RTest1_Shell@test1@test@modules@UModSys@@QEAA?AU?$TRefObject@UILibraryBinTree@libmedia@UModSys@@U?$TRefObjectFunc@UILibraryBinTree@libmedia@UModSys@@@tl@3@@tl@5@XZ 0000000180001d3c f   plugin_test1.obj
 0001:00000e18       ?media_flt@RTest1_Shell@test1@test@modules@UModSys@@QEAA?AU?$TRefObject@UILibraryObjFilter@libmedia@UModSys@@U?$TRefObjectFunc@UILibraryObjFilter@libmedia@UModSys@@@tl@3@@tl@5@XZ 0000000180001e18 f   plugin_test1.obj
 0001:00000ef4       ?media_lay@RTest1_Shell@test1@test@modules@UModSys@@QEAA?AU?$TRefObject@UILibraryLayered@libmedia@UModSys@@U?$TRefObjectFunc@UILibraryLayered@libmedia@UModSys@@@tl@3@@tl@5@XZ 0000000180001ef4 f   plugin_test1.obj
 0001:00000fd0       ?media_cache@RTest1_Shell@test1@test@modules@UModSys@@QEAA?AU?$TRefObject@UILibrary@libmedia@UModSys@@U?$TRefObjectFunc@UILibrary@libmedia@UModSys@@@tl@3@@tl@5@_N@Z 0000000180001fd0 f   plugin_test1.obj
 0001:00001174       ?file_test7@RTest1_Shell@test1@test@modules@UModSys@@QEAAXXZ 0000000180002174 f   plugin_test1.obj
 0001:00001738       ?key_pressed@RTest1_Shell@test1@test@modules@UModSys@@UEAA_NAEBUSKeyboardInputRaw@libui@5@@Z 0000000180002738 f   plugin_test1.obj
 0001:00001798       ?key_text@RTest1_Shell@test1@test@modules@UModSys@@UEAA_NAEBUSKeyboardInputText@libui@5@@Z 0000000180002798 f   plugin_test1.obj
 0001:000017e0       ?mouse_event@RTest1_Shell@test1@test@modules@UModSys@@UEAA_NAEBUSMouseInput@libui@5@@Z 00000001800027e0 f   plugin_test1.obj
 0001:00001884       ?command@RTest1_Shell@test1@test@modules@UModSys@@UEAA_NAEBUSController@libui@5@HAEBUSFrameDataIn@75@@Z 0000000180002884 f   plugin_test1.obj
 0001:000018d4       ?db_get@RTest1_Shell@test1@test@modules@UModSys@@UEAA_NAEBUSController@libui@5@QEBDAEBUSFrameDataOut@75@@Z 00000001800028d4 f   plugin_test1.obj
 0001:00001938       ?db_get@RTest1_Shell@test1@test@modules@UModSys@@UEAA_NAEBUSController@libui@5@QEBDHAEBUSFrameDataOut@75@@Z 0000000180002938 f   plugin_test1.obj
 0001:000019a4       ?get_generated_names@RGenerator@test1@test@modules@UModSys@@UEBAHAEAUSUniquePtrList@core@5@@Z 00000001800029a4 f i plugin_test1.obj
 0001:000019c4       ?get_generated_types@RGenerator@test1@test@modules@UModSys@@UEBAHAEAUSUniquePtrList@core@5@PEBUSUniquePointerInfo@75@@Z 00000001800029c4 f i plugin_test1.obj
 0001:00001a20       ?generate@RGenerator@test1@test@modules@UModSys@@UEAA_NAEAU?$TRefObject@UIRefObject@core@UModSys@@U?$TRefObjectFunc@UIRefObject@core@UModSys@@@tl@3@@tl@5@PEBUSUniquePointerInfo@core@5@AEBUSParameters@95@@Z 0000000180002a20 f i plugin_test1.obj
 0001:00001ae4       ?root_get_interface_info@RGenerator@test1@test@modules@UModSys@@UEBAAEBUSUniquePointerInfo@core@5@XZ 0000000180002ae4 f i plugin_test1.obj
 0001:00001aec       ?root_get_interface_type@RGenerator@test1@test@modules@UModSys@@UEBAPEBUSUniquePointerInfo@core@5@XZ 0000000180002aec f i plugin_test1.obj
 0001:00001af4       ?root_get_other_interface@RGenerator@test1@test@modules@UModSys@@UEAAPEAUIRoot@core@5@PEBUSUniquePointerInfo@75@@Z 0000000180002af4 f i plugin_test1.obj
 0001:00001af4       ?root_get_other_interface@RGenerator@test1@test@modules@UModSys@@UEBAPEBUIRoot@core@5@PEBUSUniquePointerInfo@75@@Z 0000000180002af4 f i plugin_test1.obj
 0001:00001b2c       ?root_is_interface_supported@RGenerator@test1@test@modules@UModSys@@UEBA_NPEBUSUniquePointerInfo@core@5@@Z 0000000180002b2c f i plugin_test1.obj
 0001:00001b64       ?get_uid@RGenerator@test1@test@modules@UModSys@@UEBAPEBUSUniquePointerInfo@core@5@XZ 0000000180002b64 f i plugin_test1.obj
 0001:00001b6c       ?do_open@RModuleReg@test1@test@modules@UModSys@@UEAA_NXZ 0000000180002b6c f i plugin_test1.obj
 0001:00001bf8       ?do_close@RModuleReg@test1@test@modules@UModSys@@UEAA_NXZ 0000000180002bf8 f i plugin_test1.obj
 0001:00001c60       ?get_module@RGenerator@test1@test@modules@UModSys@@UEBAPEAUIModule@base@5@XZ 0000000180002c60 f   plugin_test1.obj
 0001:00001c68       ?mod_inc@RGenerator@test1@test@modules@UModSys@@UEBA_NXZ 0000000180002c68 f   plugin_test1.obj
 0001:00001c78       ?mod_dec@RGenerator@test1@test@modules@UModSys@@UEBA_NXZ 0000000180002c78 f   plugin_test1.obj
 0001:00001c8c       ?s_holder@RGenerator@test1@test@modules@UModSys@@SAAEAU?$TTypeStaticHolder@URGenerator@test1@test@modules@UModSys@@@tl@5@XZ 0000000180002c8c f   plugin_test1.obj
 0001:00001cd0       ??0?$TString@U?$TSCoreConst@D@su@tl@UModSys@@U?$TComparerBinaryHash@D@234@@tl@UModSys@@QEAA@PEBD@Z 0000000180002cd0 f i plugin_test1.obj
 0001:00001d50       ??4?$TString@U?$TSCoreConst@D@su@tl@UModSys@@U?$TComparerBinaryHash@D@234@@tl@UModSys@@QEAAAEBU012@PEBD@Z 0000000180002d50 f i plugin_test1.obj
 0001:00001dc8       ??1?$TRefObject@URSerializeReader@serialize_json@media@modules@UModSys@@U?$TRefObjectFunc@URSerializeReader@serialize_json@media@modules@UModSys@@@tl@5@@tl@UModSys@@QEAA@XZ 0000000180002dc8 f i umodsys_lib_libmedia:umodsys.mod.media.serialize_json.obj
 0001:00001dc8       ??1?$TRefObject@UIRenderDriver@lib2d@UModSys@@U?$TRefObjectFunc@UIRenderDriver@lib2d@UModSys@@@tl@3@@tl@UModSys@@QEAA@XZ 0000000180002dc8 f i plugin_test1.obj
 0001:00001dc8       ??1?$TRefObject@UIMultiImage@lib2d@UModSys@@U?$TRefObjectFunc@UIMultiImage@lib2d@UModSys@@@tl@3@@tl@UModSys@@QEAA@XZ 0000000180002dc8 f i plugin_test1.obj
 0001:00001dc8       ??1?$TRefObject@UILibrary@libmedia@UModSys@@U?$TRefObjectFunc@UILibrary@libmedia@UModSys@@@tl@3@@tl@UModSys@@QEAA@XZ 0000000180002dc8 f i plugin_test1.obj
 0001:00001dc8       ??1?$TRefObject@UIBinArchiveFrame@libmedia@UModSys@@U?$TRefObjectFunc@UIBinArchiveFrame@libmedia@UModSys@@@tl@3@@tl@UModSys@@QEAA@XZ 0000000180002dc8 f i plugin_test1.obj
 0001:00001dc8       ??1?$TRefObject@URMultiImage2D_SDL_ttf@SDL_core@ui@modules@UModSys@@U?$TRefObjectFunc@URMultiImage2D_SDL_ttf@SDL_core@ui@modules@UModSys@@@tl@5@@tl@UModSys@@QEAA@XZ 0000000180002dc8 f i umodsys_lib_libui:umodsys.mod.ui.SDL_core.obj
 0001:00001dc8       ??1?$TRefObject@URBinArchiveFrameClient_ZIP@zlib@media@modules@UModSys@@U?$TRefObjectFunc@URBinArchiveFrameClient_ZIP@zlib@media@modules@UModSys@@@tl@5@@tl@UModSys@@QEAA@XZ 0000000180002dc8 f i umodsys_lib_libmedia:umodsys.mod.media.zlib.obj
 0001:00001dc8       ??1?$TRefObject@URKeyboardController@SDL_core@ui@modules@UModSys@@U?$TRefObjectFunc@URKeyboardController@SDL_core@ui@modules@UModSys@@@tl@5@@tl@UModSys@@QEAA@XZ 0000000180002dc8 f i umodsys_lib_libui:umodsys.mod.ui.SDL_core.obj
 0001:00001dc8       ??1?$TRefObject@URCollector@frames@ui@modules@UModSys@@U?$TRefObjectFunc@URCollector@frames@ui@modules@UModSys@@@tl@5@@tl@UModSys@@QEAA@XZ 0000000180002dc8 f i umodsys_lib_libui:umodsys.mod.ui.frames.obj
 0001:00001dc8       ??1?$TRefObject@UIImage@lib2d@UModSys@@U?$TRefObjectFunc@UIImage@lib2d@UModSys@@@tl@3@@tl@UModSys@@QEAA@XZ 0000000180002dc8 f i plugin_test1.obj
 0001:00001dc8       ??1?$TRefObject@UIBinArchive@libmedia@UModSys@@U?$TRefObjectFunc@UIBinArchive@libmedia@UModSys@@@tl@3@@tl@UModSys@@QEAA@XZ 0000000180002dc8 f i plugin_test1.obj
 0001:00001dc8       ??1?$TRefObject@UIRefObject@core@UModSys@@U?$TRefObjectFunc@UIRefObject@core@UModSys@@@tl@3@@tl@UModSys@@QEAA@XZ 0000000180002dc8 f i plugin_test1.obj
 0001:00001dc8       ??1?$TRefObject@UIStreamWriter@libmedia@UModSys@@U?$TRefObjectFunc@UIStreamWriter@libmedia@UModSys@@@tl@3@@tl@UModSys@@QEAA@XZ 0000000180002dc8 f i plugin_test1.obj
 0001:00001dc8       ??1?$TRefObject@UILibraryObjCache@libmedia@UModSys@@U?$TRefObjectFunc@UILibraryObjCache@libmedia@UModSys@@@tl@3@@tl@UModSys@@QEAA@XZ 0000000180002dc8 f i plugin_test1.obj
 0001:00001dc8       ??1?$TRefObject@UILibraryLayered@libmedia@UModSys@@U?$TRefObjectFunc@UILibraryLayered@libmedia@UModSys@@@tl@3@@tl@UModSys@@QEAA@XZ 0000000180002dc8 f i plugin_test1.obj
 0001:00001dc8       ??1?$TRefObject@UIKeyboardController@libui@UModSys@@U?$TRefObjectFunc@UIKeyboardController@libui@UModSys@@@tl@3@@tl@UModSys@@QEAA@XZ 0000000180002dc8 f i plugin_test1.obj
 0001:00001dc8       ??1?$TRefObject@UILibraryBinCache@libmedia@UModSys@@U?$TRefObjectFunc@UILibraryBinCache@libmedia@UModSys@@@tl@3@@tl@UModSys@@QEAA@XZ 0000000180002dc8 f i plugin_test1.obj
 0001:00001dc8       ??1?$TRefObject@URDialog@frames@ui@modules@UModSys@@U?$TRefObjectFunc@URDialog@frames@ui@modules@UModSys@@@tl@5@@tl@UModSys@@QEAA@XZ 0000000180002dc8 f i umodsys_lib_libui:umodsys.mod.ui.frames.obj
 0001:00001dc8       ??1?$TRefObject@UIStreamReader@libmedia@UModSys@@U?$TRefObjectFunc@UIStreamReader@libmedia@UModSys@@@tl@3@@tl@UModSys@@QEAA@XZ 0000000180002dc8 f i plugin_test1.obj
 0001:00001dc8       ??1?$TRefObject@URFrame_Common@frames@ui@modules@UModSys@@U?$TRefObjectFunc@URFrame_Common@frames@ui@modules@UModSys@@@tl@5@@tl@UModSys@@QEAA@XZ 0000000180002dc8 f i umodsys_lib_libui:umodsys.mod.ui.frames.obj
 0001:00001dc8       ??1?$TRefObject@URMediaFilter@images_std@media@modules@UModSys@@U?$TRefObjectFunc@URMediaFilter@images_std@media@modules@UModSys@@@tl@5@@tl@UModSys@@QEAA@XZ 0000000180002dc8 f i umodsys_lib_libmedia:umodsys.mod.media.images_std.obj
 0001:00001dc8       ??1?$TRefObject@UIFrame@libui@UModSys@@U?$TRefObjectFunc@UIFrame@libui@UModSys@@@tl@3@@tl@UModSys@@QEAA@XZ 0000000180002dc8 f i umodsys_lib_libui:umodsys.mod.ui.frames.obj
 0001:00001dc8       ??1?$TRefObject@URSerializeWriter@serialize_json@media@modules@UModSys@@U?$TRefObjectFunc@URSerializeWriter@serialize_json@media@modules@UModSys@@@tl@5@@tl@UModSys@@QEAA@XZ 0000000180002dc8 f i umodsys_lib_libmedia:umodsys.mod.media.serialize_json.obj
 0001:00001dc8       ??1?$TRefObject@UILibraryObjFilter@libmedia@UModSys@@U?$TRefObjectFunc@UILibraryObjFilter@libmedia@UModSys@@@tl@3@@tl@UModSys@@QEAA@XZ 0000000180002dc8 f i plugin_test1.obj
 0001:00001dc8       ??1?$TRefObject@UIBinObjFilter@libmedia@UModSys@@U?$TRefObjectFunc@UIBinObjFilter@libmedia@UModSys@@@tl@3@@tl@UModSys@@QEAA@XZ 0000000180002dc8 f i plugin_test1.obj
 0001:00001dc8       ??1?$TRefObject@URRenderDriver2D@SDL_core@ui@modules@UModSys@@U?$TRefObjectFunc@URRenderDriver2D@SDL_core@ui@modules@UModSys@@@tl@5@@tl@UModSys@@QEAA@XZ 0000000180002dc8 f i umodsys_lib_libui:umodsys.mod.ui.SDL_core.obj
 0001:00001dc8       ??1?$TRefObject@UIUtilities@libmedia@UModSys@@U?$TRefObjectFunc@UIUtilities@libmedia@UModSys@@@tl@3@@tl@UModSys@@QEAA@XZ 0000000180002dc8 f i plugin_test1.obj
 0001:00001dc8       ??1?$TRefObject@URTerminal@SDL_core@ui@modules@UModSys@@U?$TRefObjectFunc@URTerminal@SDL_core@ui@modules@UModSys@@@tl@5@@tl@UModSys@@QEAA@XZ 0000000180002dc8 f i umodsys_lib_libui:umodsys.mod.ui.SDL_core.obj
 0001:00001dc8       ??1?$TRefObject@URImage_Memory@stdlib@lib2d@modules@UModSys@@U?$TRefObjectFunc@URImage_Memory@stdlib@lib2d@modules@UModSys@@@tl@5@@tl@UModSys@@QEAA@XZ 0000000180002dc8 f i umodsys_lib_lib2d:umodsys.mod.2d.stdlib.obj
 0001:00001dc8       ??1?$TRefObject@UIClient@IBinArchiveFrame@libmedia@UModSys@@U?$TRefObjectFunc@UIClient@IBinArchiveFrame@libmedia@UModSys@@@tl@4@@tl@UModSys@@QEAA@XZ 0000000180002dc8 f i plugin_test1.obj
 0001:00001dc8       ??1?$TRefObject@URMouseController@SDL_core@ui@modules@UModSys@@U?$TRefObjectFunc@URMouseController@SDL_core@ui@modules@UModSys@@@tl@5@@tl@UModSys@@QEAA@XZ 0000000180002dc8 f i umodsys_lib_libui:umodsys.mod.ui.SDL_core.obj
 0001:00001dc8       ??1?$TRefObject@UILibraryBinTree@libmedia@UModSys@@U?$TRefObjectFunc@UILibraryBinTree@libmedia@UModSys@@@tl@3@@tl@UModSys@@QEAA@XZ 0000000180002dc8 f i plugin_test1.obj
 0001:00001dc8       ??1?$TRefObject@UIMouseController@libui@UModSys@@U?$TRefObjectFunc@UIMouseController@libui@UModSys@@@tl@3@@tl@UModSys@@QEAA@XZ 0000000180002dc8 f i plugin_test1.obj
 0001:00001dc8       ??1?$TRefObject@UITerminal@libui@UModSys@@U?$TRefObjectFunc@UITerminal@libui@UModSys@@@tl@3@@tl@UModSys@@QEAA@XZ 0000000180002dc8 f i plugin_test1.obj
 0001:00001dec       ?info_new@?$TSCoreShared@USIMemAlloc@core@UModSys@@D@su@tl@UModSys@@QEAA_NPEBD_K@Z 0000000180002dec f i plugin_test1.obj
 0001:00001eac       ??$generate_type@UIImage@lib2d@UModSys@@@RTest1_Shell@test1@test@modules@UModSys@@QEAA?AU?$TRefObject@UIImage@lib2d@UModSys@@U?$TRefObjectFunc@UIImage@lib2d@UModSys@@@tl@3@@tl@4@AEBU?$TString@U?$TSCoreConst@D@su@tl@UModSys@@U?$TComparerBinaryHash@D@234@@64@AEBUSParameters@core@4@PEBD@Z 0000000180002eac f i plugin_test1.obj
 0001:00002094       ??$generate_type@UIBinArchive@libmedia@UModSys@@@RTest1_Shell@test1@test@modules@UModSys@@QEAA?AU?$TRefObject@UIBinArchive@libmedia@UModSys@@U?$TRefObjectFunc@UIBinArchive@libmedia@UModSys@@@tl@3@@tl@4@AEBU?$TString@U?$TSCoreConst@D@su@tl@UModSys@@U?$TComparerBinaryHash@D@234@@64@AEBUSParameters@core@4@PEBD@Z 0000000180003094 f i plugin_test1.obj
 0001:00002280       ??$generate_type@UIClient@IBinArchiveFrame@libmedia@UModSys@@@RTest1_Shell@test1@test@modules@UModSys@@QEAA?AU?$TRefObject@UIClient@IBinArchiveFrame@libmedia@UModSys@@U?$TRefObjectFunc@UIClient@IBinArchiveFrame@libmedia@UModSys@@@tl@4@@tl@4@AEBU?$TString@U?$TSCoreConst@D@su@tl@UModSys@@U?$TComparerBinaryHash@D@234@@64@AEBUSParameters@core@4@PEBD@Z 0000000180003280 f i plugin_test1.obj
 0001:00002468       ??$generate_type@UIBinArchiveFrame@libmedia@UModSys@@@RTest1_Shell@test1@test@modules@UModSys@@QEAA?AU?$TRefObject@UIBinArchiveFrame@libmedia@UModSys@@U?$TRefObjectFunc@UIBinArchiveFrame@libmedia@UModSys@@@tl@3@@tl@4@AEBU?$TString@U?$TSCoreConst@D@su@tl@UModSys@@U?$TComparerBinaryHash@D@234@@64@AEBUSParameters@core@4@PEBD@Z 0000000180003468 f i plugin_test1.obj
 0001:00002654       ??$generate_type@UIBinObjFilter@libmedia@UModSys@@@RTest1_Shell@test1@test@modules@UModSys@@QEAA?AU?$TRefObject@UIBinObjFilter@libmedia@UModSys@@U?$TRefObjectFunc@UIBinObjFilter@libmedia@UModSys@@@tl@3@@tl@4@AEBU?$TString@U?$TSCoreConst@D@su@tl@UModSys@@U?$TComparerBinaryHash@D@234@@64@AEBUSParameters@core@4@PEBD@Z 0000000180003654 f i plugin_test1.obj
 0001:0000283c       ??$generate_type@UIUtilities@libmedia@UModSys@@@RTest1_Shell@test1@test@modules@UModSys@@QEAA?AU?$TRefObject@UIUtilities@libmedia@UModSys@@U?$TRefObjectFunc@UIUtilities@libmedia@UModSys@@@tl@3@@tl@4@AEBU?$TString@U?$TSCoreConst@D@su@tl@UModSys@@U?$TComparerBinaryHash@D@234@@64@AEBUSParameters@core@4@PEBD@Z 000000018000383c f i plugin_test1.obj
 0001:00002a24       ??$generate_type@UILibraryBinTree@libmedia@UModSys@@@RTest1_Shell@test1@test@modules@UModSys@@QEAA?AU?$TRefObject@UILibraryBinTree@libmedia@UModSys@@U?$TRefObjectFunc@UILibraryBinTree@libmedia@UModSys@@@tl@3@@tl@4@AEBU?$TString@U?$TSCoreConst@D@su@tl@UModSys@@U?$TComparerBinaryHash@D@234@@64@AEBUSParameters@core@4@PEBD@Z 0000000180003a24 f i plugin_test1.obj
 0001:00002c0c       ??$generate_type@UILibraryObjFilter@libmedia@UModSys@@@RTest1_Shell@test1@test@modules@UModSys@@QEAA?AU?$TRefObject@UILibraryObjFilter@libmedia@UModSys@@U?$TRefObjectFunc@UILibraryObjFilter@libmedia@UModSys@@@tl@3@@tl@4@AEBU?$TString@U?$TSCoreConst@D@su@tl@UModSys@@U?$TComparerBinaryHash@D@234@@64@AEBUSParameters@core@4@PEBD@Z 0000000180003c0c f i plugin_test1.obj
 0001:00002df4       ??$generate_type@UILibraryLayered@libmedia@UModSys@@@RTest1_Shell@test1@test@modules@UModSys@@QEAA?AU?$TRefObject@UILibraryLayered@libmedia@UModSys@@U?$TRefObjectFunc@UILibraryLayered@libmedia@UModSys@@@tl@3@@tl@4@AEBU?$TString@U?$TSCoreConst@D@su@tl@UModSys@@U?$TComparerBinaryHash@D@234@@64@AEBUSParameters@core@4@PEBD@Z 0000000180003df4 f i plugin_test1.obj
 0001:00002fdc       ??$generate_type@UILibraryObjCache@libmedia@UModSys@@@RTest1_Shell@test1@test@modules@UModSys@@QEAA?AU?$TRefObject@UILibraryObjCache@libmedia@UModSys@@U?$TRefObjectFunc@UILibraryObjCache@libmedia@UModSys@@@tl@3@@tl@4@AEBU?$TString@U?$TSCoreConst@D@su@tl@UModSys@@U?$TComparerBinaryHash@D@234@@64@AEBUSParameters@core@4@PEBD@Z 0000000180003fdc f i plugin_test1.obj
 0001:000031c4       ??$generate_type@UILibraryBinCache@libmedia@UModSys@@@RTest1_Shell@test1@test@modules@UModSys@@QEAA?AU?$TRefObject@UILibraryBinCache@libmedia@UModSys@@U?$TRefObjectFunc@UILibraryBinCache@libmedia@UModSys@@@tl@3@@tl@4@AEBU?$TString@U?$TSCoreConst@D@su@tl@UModSys@@U?$TComparerBinaryHash@D@234@@64@AEBUSParameters@core@4@PEBD@Z 00000001800041c4 f i plugin_test1.obj
 0001:000033ac       ??1?$TRefObject@UIModObject@base@UModSys@@U?$TModObjectFunc@UIModObject@base@UModSys@@@tl@3@@tl@UModSys@@QEAA@XZ 00000001800043ac f i plugin_test1.obj
 0001:000033d8       ?alloc@SMemShared@core@UModSys@@QEAA_N_KPEAUSSourceContext@23@@Z 00000001800043d8 f i umodsys_lib_lib2d:umodsys.mod.2d.stdlib.obj
 0001:0000345c       ?Convert@stdlib@lib2d@modules@UModSys@@YA_NAEBU?$TBoundBox2@H@math3d@4@AEBUSImageInfo@24@AEBUSMem@core@4@01AEBUSCMem@94@@Z 000000018000445c f i umodsys_lib_lib2d:umodsys.mod.2d.stdlib.obj
 0001:000035b0       ?root_get_interface_info@RImage_Memory@stdlib@lib2d@modules@UModSys@@UEBAAEBUSUniquePointerInfo@core@5@XZ 00000001800045b0 f i umodsys_lib_lib2d:umodsys.mod.2d.stdlib.obj
 0001:000035b8       ?root_get_interface_type@RImage_Memory@stdlib@lib2d@modules@UModSys@@UEBAPEBUSUniquePointerInfo@core@5@XZ 00000001800045b8 f i umodsys_lib_lib2d:umodsys.mod.2d.stdlib.obj
 0001:000035c0       ?root_get_other_interface@RImage_Memory@stdlib@lib2d@modules@UModSys@@UEBAPEBUIRoot@core@5@PEBUSUniquePointerInfo@75@@Z 00000001800045c0 f i umodsys_lib_lib2d:umodsys.mod.2d.stdlib.obj
 0001:000035c0       ?root_get_other_interface@RImage_Memory@stdlib@lib2d@modules@UModSys@@UEAAPEAUIRoot@core@5@PEBUSUniquePointerInfo@75@@Z 00000001800045c0 f i umodsys_lib_lib2d:umodsys.mod.2d.stdlib.obj
 0001:000035f0       ?root_is_interface_supported@RImage_Memory@stdlib@lib2d@modules@UModSys@@UEBA_NPEBUSUniquePointerInfo@core@5@@Z 00000001800045f0 f i umodsys_lib_lib2d:umodsys.mod.2d.stdlib.obj
 0001:00003620       ?suicide@RBinArchiveFrameClient_ZIP@zlib@media@modules@UModSys@@UEAAXXZ 0000000180004620 f i umodsys_lib_libmedia:umodsys.mod.media.zlib.obj
 0001:00003620       ?suicide@RImage_Memory@stdlib@lib2d@modules@UModSys@@UEAAXXZ 0000000180004620 f i umodsys_lib_lib2d:umodsys.mod.2d.stdlib.obj
 0001:00003620       ?suicide@RTerminal@SDL_core@ui@modules@UModSys@@UEAAXXZ 0000000180004620 f i umodsys_lib_libui:umodsys.mod.ui.SDL_core.obj
 0001:00003620       ?suicide@RSerializeReader@serialize_json@media@modules@UModSys@@UEAAXXZ 0000000180004620 f i umodsys_lib_libmedia:umodsys.mod.media.serialize_json.obj
 0001:0000366c       ?set_info@RImage_Memory@stdlib@lib2d@modules@UModSys@@UEAA_NAEBUSImagePatchInfo@35@PEBD@Z 000000018000466c f i umodsys_lib_lib2d:umodsys.mod.2d.stdlib.obj
 0001:000038cc       ?set_data@RImage_Memory@stdlib@lib2d@modules@UModSys@@UEAA_NAEBUSImagePatchInfo@35@AEBUSCMem@core@5@H@Z 00000001800048cc f i umodsys_lib_lib2d:umodsys.mod.2d.stdlib.obj
 0001:00003980       ?get_info@RImage_Memory@stdlib@lib2d@modules@UModSys@@UEBAAEBUSImageInfo@35@XZ 0000000180004980 f i umodsys_lib_lib2d:umodsys.mod.2d.stdlib.obj
 0001:00003988       ?get_data@RImage_Memory@stdlib@lib2d@modules@UModSys@@UEBA_NAEBUSImagePatchInfo@35@AEBUSMem@core@5@H@Z 0000000180004988 f i umodsys_lib_lib2d:umodsys.mod.2d.stdlib.obj
 0001:00003a58       ??_ERImage_Memory@stdlib@lib2d@modules@UModSys@@UEAAPEAXI@Z 0000000180004a58 f i  CIL library: CIL module
 0001:00003a58       ??_GRImage_Memory@stdlib@lib2d@modules@UModSys@@UEAAPEAXI@Z 0000000180004a58 f i umodsys_lib_lib2d:umodsys.mod.2d.stdlib.obj
 0001:00003abc       ?get_generated_names@RGenerator@stdlib@lib2d@modules@UModSys@@UEBAHAEAUSUniquePtrList@core@5@@Z 0000000180004abc f i umodsys_lib_lib2d:umodsys.mod.2d.stdlib.obj
 0001:00003adc       ?get_generated_types@RGenerator@stdlib@lib2d@modules@UModSys@@UEBAHAEAUSUniquePtrList@core@5@PEBUSUniquePointerInfo@75@@Z 0000000180004adc f i umodsys_lib_lib2d:umodsys.mod.2d.stdlib.obj
 0001:00003b34       ?generate@RGenerator@stdlib@lib2d@modules@UModSys@@UEAA_NAEAU?$TRefObject@UIRefObject@core@UModSys@@U?$TRefObjectFunc@UIRefObject@core@UModSys@@@tl@3@@tl@5@PEBUSUniquePointerInfo@core@5@AEBUSParameters@95@@Z 0000000180004b34 f i umodsys_lib_lib2d:umodsys.mod.2d.stdlib.obj
 0001:00003c78       ?root_get_interface_info@RGenerator@stdlib@lib2d@modules@UModSys@@UEBAAEBUSUniquePointerInfo@core@5@XZ 0000000180004c78 f i umodsys_lib_lib2d:umodsys.mod.2d.stdlib.obj
 0001:00003c80       ?root_get_interface_type@RGenerator@stdlib@lib2d@modules@UModSys@@UEBAPEBUSUniquePointerInfo@core@5@XZ 0000000180004c80 f i umodsys_lib_lib2d:umodsys.mod.2d.stdlib.obj
 0001:00003c88       ?root_get_other_interface@RGenerator@stdlib@lib2d@modules@UModSys@@UEAAPEAUIRoot@core@5@PEBUSUniquePointerInfo@75@@Z 0000000180004c88 f i umodsys_lib_lib2d:umodsys.mod.2d.stdlib.obj
 0001:00003c88       ?root_get_other_interface@RGenerator@stdlib@lib2d@modules@UModSys@@UEBAPEBUIRoot@core@5@PEBUSUniquePointerInfo@75@@Z 0000000180004c88 f i umodsys_lib_lib2d:umodsys.mod.2d.stdlib.obj
 0001:00003cc0       ?root_is_interface_supported@RGenerator@stdlib@lib2d@modules@UModSys@@UEBA_NPEBUSUniquePointerInfo@core@5@@Z 0000000180004cc0 f i umodsys_lib_lib2d:umodsys.mod.2d.stdlib.obj
 0001:00003cf8       ?ref_remove@RKeyboardController@SDL_core@ui@modules@UModSys@@UEBAXXZ 0000000180004cf8 f i umodsys_lib_libui:umodsys.mod.ui.SDL_core.obj
 0001:00003cf8       ?ref_remove@RGenerator@serialize_json@media@modules@UModSys@@UEBAXXZ 0000000180004cf8 f i umodsys_lib_libmedia:umodsys.mod.media.serialize_json.obj
 0001:00003cf8       ?ref_remove@RGenerator@frames@ui@modules@UModSys@@UEBAXXZ 0000000180004cf8 f i umodsys_lib_libui:umodsys.mod.ui.frames.obj
 0001:00003cf8       ?ref_remove@RMouseController@SDL_core@ui@modules@UModSys@@UEBAXXZ 0000000180004cf8 f i umodsys_lib_libui:umodsys.mod.ui.SDL_core.obj
 0001:00003cf8       ?ref_remove@RTerminal@SDL_core@ui@modules@UModSys@@UEBAXXZ 0000000180004cf8 f i umodsys_lib_libui:umodsys.mod.ui.SDL_core.obj
 0001:00003cf8       ?ref_remove@RRenderDriver2D@SDL_core@ui@modules@UModSys@@UEBAXXZ 0000000180004cf8 f i umodsys_lib_libui:umodsys.mod.ui.SDL_core.obj
 0001:00003cf8       ?ref_remove@RGenerator@test1@test@modules@UModSys@@UEBAXXZ 0000000180004cf8 f i plugin_test1.obj
 0001:00003cf8       ?ref_remove@RDialog@frames@ui@modules@UModSys@@UEBAXXZ 0000000180004cf8 f i umodsys_lib_libui:umodsys.mod.ui.frames.obj
 0001:00003cf8       ?ref_remove@RGenerator@images_std@media@modules@UModSys@@UEBAXXZ 0000000180004cf8 f i umodsys_lib_libmedia:umodsys.mod.media.images_std.obj
 0001:00003cf8       ?ref_remove@RMultiImage2D_SDL_ttf@SDL_core@ui@modules@UModSys@@UEBAXXZ 0000000180004cf8 f i umodsys_lib_libui:umodsys.mod.ui.SDL_core.obj
 0001:00003cf8       ?ref_remove@RGenerator@SDL_core@ui@modules@UModSys@@UEBAXXZ 0000000180004cf8 f i umodsys_lib_libui:umodsys.mod.ui.SDL_core.obj
 0001:00003cf8       ?ref_remove@RImage_Memory@stdlib@lib2d@modules@UModSys@@UEBAXXZ 0000000180004cf8 f i umodsys_lib_lib2d:umodsys.mod.2d.stdlib.obj
 0001:00003cf8       ?ref_remove@RGenerator@stdlib@lib2d@modules@UModSys@@UEBAXXZ 0000000180004cf8 f i umodsys_lib_lib2d:umodsys.mod.2d.stdlib.obj
 0001:00003cf8       ?ref_remove@RBinArchiveFrameClient_ZIP@zlib@media@modules@UModSys@@UEBAXXZ 0000000180004cf8 f i umodsys_lib_libmedia:umodsys.mod.media.zlib.obj
 0001:00003cf8       ?ref_remove@RSerializeReader@serialize_json@media@modules@UModSys@@UEBAXXZ 0000000180004cf8 f i umodsys_lib_libmedia:umodsys.mod.media.serialize_json.obj
 0001:00003cf8       ?ref_remove@RGenerator@zlib@media@modules@UModSys@@UEBAXXZ 0000000180004cf8 f i umodsys_lib_libmedia:umodsys.mod.media.zlib.obj
 0001:00003d10       ?render_box@RRenderDriver2D@SDL_core@ui@modules@UModSys@@UEAAXPEAUIImage@lib2d@5@AEBU?$TVector2@H@math3d@5@1AEBU?$TVector2@M@95@2@Z 0000000180004d10 f i umodsys_lib_libui:umodsys.mod.ui.SDL_core.obj
 0001:00003d10       ?suicide@RGenerator@SDL_core@ui@modules@UModSys@@UEAAXXZ 0000000180004d10 f i umodsys_lib_libui:umodsys.mod.ui.SDL_core.obj
 0001:00003d10       ?suicide@RGenerator@zlib@media@modules@UModSys@@UEAAXXZ 0000000180004d10 f i umodsys_lib_libmedia:umodsys.mod.media.zlib.obj
 0001:00003d10       ?suicide@RGenerator@serialize_json@media@modules@UModSys@@UEAAXXZ 0000000180004d10 f i umodsys_lib_libmedia:umodsys.mod.media.serialize_json.obj
 0001:00003d10       ?suicide@RGenerator@frames@ui@modules@UModSys@@UEAAXXZ 0000000180004d10 f i umodsys_lib_libui:umodsys.mod.ui.frames.obj
 0001:00003d10       ?suicide@RGenerator@test1@test@modules@UModSys@@UEAAXXZ 0000000180004d10 f i plugin_test1.obj
 0001:00003d10       ?suicide@RGenerator@images_std@media@modules@UModSys@@UEAAXXZ 0000000180004d10 f i umodsys_lib_libmedia:umodsys.mod.media.images_std.obj
 0001:00003d10       ??3@YAXPEAX0@Z             0000000180004d10 f i plugin_test1.obj
 0001:00003d10       ?suicide@RGenerator@stdlib@lib2d@modules@UModSys@@UEAAXXZ 0000000180004d10 f i umodsys_lib_lib2d:umodsys.mod.2d.stdlib.obj
 0001:00003d14       ?get_uid@RGenerator@stdlib@lib2d@modules@UModSys@@UEBAPEBUSUniquePointerInfo@core@5@XZ 0000000180004d14 f i umodsys_lib_lib2d:umodsys.mod.2d.stdlib.obj
 0001:00003d1c       ?do_open@RModuleReg@stdlib@lib2d@modules@UModSys@@UEAA_NXZ 0000000180004d1c f i umodsys_lib_lib2d:umodsys.mod.2d.stdlib.obj
 0001:00003d90       ?do_close@RModuleReg@stdlib@lib2d@modules@UModSys@@UEAA_NXZ 0000000180004d90 f i umodsys_lib_lib2d:umodsys.mod.2d.stdlib.obj
 0001:00003de0       ?get_module@RGenerator@stdlib@lib2d@modules@UModSys@@UEBAPEAUIModule@base@5@XZ 0000000180004de0 f   umodsys_lib_lib2d:umodsys.mod.2d.stdlib.obj
 0001:00003de8       ?mod_inc@RGenerator@stdlib@lib2d@modules@UModSys@@UEBA_NXZ 0000000180004de8 f   umodsys_lib_lib2d:umodsys.mod.2d.stdlib.obj
 0001:00003df8       ?mod_dec@RGenerator@stdlib@lib2d@modules@UModSys@@UEBA_NXZ 0000000180004df8 f   umodsys_lib_lib2d:umodsys.mod.2d.stdlib.obj
 0001:00003e0c       ?s_holder@RGenerator@stdlib@lib2d@modules@UModSys@@SAAEAU?$TTypeStaticHolder@URGenerator@stdlib@lib2d@modules@UModSys@@@tl@5@XZ 0000000180004e0c f   umodsys_lib_lib2d:umodsys.mod.2d.stdlib.obj
 0001:00003e50       ?root_get_interface_info@RMultiImage2D_SDL_ttf@SDL_core@ui@modules@UModSys@@UEBAAEBUSUniquePointerInfo@core@5@XZ 0000000180004e50 f i umodsys_lib_libui:umodsys.mod.ui.SDL_core.obj
 0001:00003e58       ?root_get_interface_type@RMultiImage2D_SDL_ttf@SDL_core@ui@modules@UModSys@@UEBAPEBUSUniquePointerInfo@core@5@XZ 0000000180004e58 f i umodsys_lib_libui:umodsys.mod.ui.SDL_core.obj
 0001:00003e60       ?root_get_other_interface@RMultiImage2D_SDL_ttf@SDL_core@ui@modules@UModSys@@UEBAPEBUIRoot@core@5@PEBUSUniquePointerInfo@75@@Z 0000000180004e60 f i umodsys_lib_libui:umodsys.mod.ui.SDL_core.obj
 0001:00003e60       ?root_get_other_interface@RMultiImage2D_SDL_ttf@SDL_core@ui@modules@UModSys@@UEAAPEAUIRoot@core@5@PEBUSUniquePointerInfo@75@@Z 0000000180004e60 f i umodsys_lib_libui:umodsys.mod.ui.SDL_core.obj
 0001:00003e90       ?root_is_interface_supported@RMultiImage2D_SDL_ttf@SDL_core@ui@modules@UModSys@@UEBA_NPEBUSUniquePointerInfo@core@5@@Z 0000000180004e90 f i umodsys_lib_libui:umodsys.mod.ui.SDL_core.obj
 0001:00003ec0       ??0RMultiImage2D_SDL_ttf@SDL_core@ui@modules@UModSys@@QEAA@PEAURRenderDriver2D@1234@AEBUSParameters@core@4@@Z 0000000180004ec0 f i umodsys_lib_libui:umodsys.mod.ui.SDL_core.obj
 0001:00004004       ?generate_glyphs@RMultiImage2D_SDL_ttf@SDL_core@ui@modules@UModSys@@QEAA_NXZ 0000000180005004 f i umodsys_lib_libui:umodsys.mod.ui.SDL_core.obj
 0001:000041e0       ??_GRMultiImage2D_SDL_ttf@SDL_core@ui@modules@UModSys@@UEAAPEAXI@Z 00000001800051e0 f i umodsys_lib_libui:umodsys.mod.ui.SDL_core.obj
 0001:000041e0       ??_ERMultiImage2D_SDL_ttf@SDL_core@ui@modules@UModSys@@UEAAPEAXI@Z 00000001800051e0 f i  CIL library: CIL module
 0001:000042a4       ?root_get_interface_info@RRenderDriver2D@SDL_core@ui@modules@UModSys@@UEBAAEBUSUniquePointerInfo@core@5@XZ 00000001800052a4 f i umodsys_lib_libui:umodsys.mod.ui.SDL_core.obj
 0001:000042ac       ?root_get_interface_type@RRenderDriver2D@SDL_core@ui@modules@UModSys@@UEBAPEBUSUniquePointerInfo@core@5@XZ 00000001800052ac f i umodsys_lib_libui:umodsys.mod.ui.SDL_core.obj
 0001:000042b4       ?root_get_other_interface@RRenderDriver2D@SDL_core@ui@modules@UModSys@@UEBAPEBUIRoot@core@5@PEBUSUniquePointerInfo@75@@Z 00000001800052b4 f i umodsys_lib_libui:umodsys.mod.ui.SDL_core.obj
 0001:000042b4       ?root_get_other_interface@RRenderDriver2D@SDL_core@ui@modules@UModSys@@UEAAPEAUIRoot@core@5@PEBUSUniquePointerInfo@75@@Z 00000001800052b4 f i umodsys_lib_libui:umodsys.mod.ui.SDL_core.obj
 0001:000042e4       ?root_is_interface_supported@RRenderDriver2D@SDL_core@ui@modules@UModSys@@UEBA_NPEBUSUniquePointerInfo@core@5@@Z 00000001800052e4 f i umodsys_lib_libui:umodsys.mod.ui.SDL_core.obj
 0001:00004314       ??0RRenderDriver2D@SDL_core@ui@modules@UModSys@@QEAA@PEAURTerminal@1234@AEBUSParameters@core@4@@Z 0000000180005314 f i umodsys_lib_libui:umodsys.mod.ui.SDL_core.obj
 0001:00004474       ?open@RRenderDriver2D@SDL_core@ui@modules@UModSys@@QEAA_NAEBUSParameters@core@5@@Z 0000000180005474 f i umodsys_lib_libui:umodsys.mod.ui.SDL_core.obj
 0001:00004688       ?set_color@RRenderDriver2D@SDL_core@ui@modules@UModSys@@QEAAXXZ 0000000180005688 f i umodsys_lib_libui:umodsys.mod.ui.SDL_core.obj
 0001:000046fc       ?begin@RRenderDriver2D@SDL_core@ui@modules@UModSys@@UEAAXXZ 00000001800056fc f i umodsys_lib_libui:umodsys.mod.ui.SDL_core.obj
 0001:00004768       ?end@RRenderDriver2D@SDL_core@ui@modules@UModSys@@UEAAXXZ 0000000180005768 f i umodsys_lib_libui:umodsys.mod.ui.SDL_core.obj
 0001:00004780       ?get_max_values@RRenderDriver2D@SDL_core@ui@modules@UModSys@@UEBAPEBUSParameters@core@5@XZ 0000000180005780 f i umodsys_lib_libui:umodsys.mod.ui.SDL_core.obj
 0001:00004788       ?get_frame_values@RRenderDriver2D@SDL_core@ui@modules@UModSys@@UEBAPEBUSParameters@core@5@XZ 0000000180005788 f i umodsys_lib_libui:umodsys.mod.ui.SDL_core.obj
 0001:00004790       ?setup_font@RRenderDriver2D@SDL_core@ui@modules@UModSys@@UEAA_NPEAUIMultiImage@lib2d@5@PEBU?$TVector2@M@math3d@5@@Z 0000000180005790 f i umodsys_lib_libui:umodsys.mod.ui.SDL_core.obj
 0001:00004854       ?setup_color@RRenderDriver2D@SDL_core@ui@modules@UModSys@@UEAAXAEBU?$TVector3@M@math3d@5@@Z 0000000180005854 f i umodsys_lib_libui:umodsys.mod.ui.SDL_core.obj
 0001:0000487c       ?setup_color@RRenderDriver2D@SDL_core@ui@modules@UModSys@@UEAAXAEBU?$TVector3@H@math3d@5@@Z 000000018000587c f i umodsys_lib_libui:umodsys.mod.ui.SDL_core.obj
 0001:000048cc       ?setup_coloralpha@RRenderDriver2D@SDL_core@ui@modules@UModSys@@UEAAXAEBU?$TVector4@M@math3d@5@H@Z 00000001800058cc f i umodsys_lib_libui:umodsys.mod.ui.SDL_core.obj
 0001:000048f0       ?setup_coloralpha@RRenderDriver2D@SDL_core@ui@modules@UModSys@@UEAAXAEBU?$TVector4@H@math3d@5@H@Z 00000001800058f0 f i umodsys_lib_libui:umodsys.mod.ui.SDL_core.obj
 0001:00004954       ?setup_blendcolor@RRenderDriver2D@SDL_core@ui@modules@UModSys@@UEAAXAEBUSBlendColor@lib2d@5@@Z 0000000180005954 f i umodsys_lib_libui:umodsys.mod.ui.SDL_core.obj
 0001:000049bc       ?setup_blendcolor@RRenderDriver2D@SDL_core@ui@modules@UModSys@@UEAAXAEBUSBlendColorf@lib2d@5@@Z 00000001800059bc f i umodsys_lib_libui:umodsys.mod.ui.SDL_core.obj
 0001:000049fc       ?setup_alpha@RRenderDriver2D@SDL_core@ui@modules@UModSys@@UEAAXHH@Z 00000001800059fc f i umodsys_lib_libui:umodsys.mod.ui.SDL_core.obj
 0001:00004a2c       ?setup_alpha@RRenderDriver2D@SDL_core@ui@modules@UModSys@@UEAAXMH@Z 0000000180005a2c f i umodsys_lib_libui:umodsys.mod.ui.SDL_core.obj
 0001:00004a4c       ?render_text_advanced@RRenderDriver2D@SDL_core@ui@modules@UModSys@@UEAA_NAEAUTextInfo@IRenderDriver@lib2d@5@PEBHH@Z 0000000180005a4c f i umodsys_lib_libui:umodsys.mod.ui.SDL_core.obj
 0001:00004c48       ?render_box@RRenderDriver2D@SDL_core@ui@modules@UModSys@@UEAAXAEBU?$TVector2@H@math3d@5@0@Z 0000000180005c48 f i umodsys_lib_libui:umodsys.mod.ui.SDL_core.obj
 0001:00004c94       ?render_tri@RRenderDriver2D@SDL_core@ui@modules@UModSys@@UEAAXAEBU?$TVector2@H@math3d@5@00@Z 0000000180005c94 f i umodsys_lib_libui:umodsys.mod.ui.SDL_core.obj
 0001:00004d0c       ?render_quad@RRenderDriver2D@SDL_core@ui@modules@UModSys@@UEAAXAEBU?$TVector2@H@math3d@5@000@Z 0000000180005d0c f i umodsys_lib_libui:umodsys.mod.ui.SDL_core.obj
 0001:00004db4       ?render_line@RRenderDriver2D@SDL_core@ui@modules@UModSys@@UEAAXAEBU?$TVector2@H@math3d@5@0@Z 0000000180005db4 f i umodsys_lib_libui:umodsys.mod.ui.SDL_core.obj
 0001:00004ddc       ?render_rect@RRenderDriver2D@SDL_core@ui@modules@UModSys@@UEAAXAEBU?$TVector2@H@math3d@5@0@Z 0000000180005ddc f i umodsys_lib_libui:umodsys.mod.ui.SDL_core.obj
 0001:00004e28       ??_ERRenderDriver2D@SDL_core@ui@modules@UModSys@@UEAAPEAXI@Z 0000000180005e28 f i  CIL library: CIL module
 0001:00004e28       ??_GRRenderDriver2D@SDL_core@ui@modules@UModSys@@UEAAPEAXI@Z 0000000180005e28 f i umodsys_lib_libui:umodsys.mod.ui.SDL_core.obj
 0001:00004f0c       ?root_get_interface_info@RMouseController@SDL_core@ui@modules@UModSys@@UEBAAEBUSUniquePointerInfo@core@5@XZ 0000000180005f0c f i umodsys_lib_libui:umodsys.mod.ui.SDL_core.obj
 0001:00004f14       ?root_get_interface_type@RMouseController@SDL_core@ui@modules@UModSys@@UEBAPEBUSUniquePointerInfo@core@5@XZ 0000000180005f14 f i umodsys_lib_libui:umodsys.mod.ui.SDL_core.obj
 0001:00004f1c       ?root_get_other_interface@RMouseController@SDL_core@ui@modules@UModSys@@UEBAPEBUIRoot@core@5@PEBUSUniquePointerInfo@75@@Z 0000000180005f1c f i umodsys_lib_libui:umodsys.mod.ui.SDL_core.obj
 0001:00004f1c       ?root_get_other_interface@RMouseController@SDL_core@ui@modules@UModSys@@UEAAPEAUIRoot@core@5@PEBUSUniquePointerInfo@75@@Z 0000000180005f1c f i umodsys_lib_libui:umodsys.mod.ui.SDL_core.obj
 0001:00004f4c       ?root_is_interface_supported@RMouseController@SDL_core@ui@modules@UModSys@@UEBA_NPEBUSUniquePointerInfo@core@5@@Z 0000000180005f4c f i umodsys_lib_libui:umodsys.mod.ui.SDL_core.obj
 0001:00004f7c       ?suicide@RKeyboardController@SDL_core@ui@modules@UModSys@@UEAAXXZ 0000000180005f7c f i umodsys_lib_libui:umodsys.mod.ui.SDL_core.obj
 0001:00004f7c       ?suicide@RMultiImage2D_SDL_ttf@SDL_core@ui@modules@UModSys@@UEAAXXZ 0000000180005f7c f i umodsys_lib_libui:umodsys.mod.ui.SDL_core.obj
 0001:00004f7c       ?suicide@RDialog@frames@ui@modules@UModSys@@UEAAXXZ 0000000180005f7c f i umodsys_lib_libui:umodsys.mod.ui.frames.obj
 0001:00004f7c       ?suicide@RRenderDriver2D@SDL_core@ui@modules@UModSys@@UEAAXXZ 0000000180005f7c f i umodsys_lib_libui:umodsys.mod.ui.SDL_core.obj
 0001:00004f7c       ?suicide@RMouseController@SDL_core@ui@modules@UModSys@@UEAAXXZ 0000000180005f7c f i umodsys_lib_libui:umodsys.mod.ui.SDL_core.obj
 0001:00004fc0       ?process@RMouseController@SDL_core@ui@modules@UModSys@@QEAA_NAEAUSDL_MouseMotionEvent@@@Z 0000000180005fc0 f i umodsys_lib_libui:umodsys.mod.ui.SDL_core.obj
 0001:0000512c       ?process@RMouseController@SDL_core@ui@modules@UModSys@@QEAA_NAEAUSDL_MouseButtonEvent@@@Z 000000018000612c f i umodsys_lib_libui:umodsys.mod.ui.SDL_core.obj
 0001:00005258       ?process@RMouseController@SDL_core@ui@modules@UModSys@@QEAA_NAEAUSDL_MouseWheelEvent@@@Z 0000000180006258 f i umodsys_lib_libui:umodsys.mod.ui.SDL_core.obj
 0001:00005348       ?mouse_unlink@RMouseController@SDL_core@ui@modules@UModSys@@UEAA_NH@Z 0000000180006348 f i umodsys_lib_libui:umodsys.mod.ui.SDL_core.obj
 0001:00005348       ?key_unlink@RKeyboardController@SDL_core@ui@modules@UModSys@@UEAA_NH@Z 0000000180006348 f i umodsys_lib_libui:umodsys.mod.ui.SDL_core.obj
 0001:000053a0       ?mouse_link@RMouseController@SDL_core@ui@modules@UModSys@@UEAA_NHPEAUIRefObject@core@5@PEAUIMouseClient@libui@5@H@Z 00000001800063a0 f i umodsys_lib_libui:umodsys.mod.ui.SDL_core.obj
 0001:000054c0       ??_GRMouseController@SDL_core@ui@modules@UModSys@@UEAAPEAXI@Z 00000001800064c0 f i umodsys_lib_libui:umodsys.mod.ui.SDL_core.obj
 0001:000054c0       ??_ERMouseController@SDL_core@ui@modules@UModSys@@UEAAPEAXI@Z 00000001800064c0 f i  CIL library: CIL module
 0001:00005524       ?root_get_interface_info@RKeyboardController@SDL_core@ui@modules@UModSys@@UEBAAEBUSUniquePointerInfo@core@5@XZ 0000000180006524 f i umodsys_lib_libui:umodsys.mod.ui.SDL_core.obj
 0001:0000552c       ?root_get_interface_type@RKeyboardController@SDL_core@ui@modules@UModSys@@UEBAPEBUSUniquePointerInfo@core@5@XZ 000000018000652c f i umodsys_lib_libui:umodsys.mod.ui.SDL_core.obj
 0001:00005534       ?root_get_other_interface@RKeyboardController@SDL_core@ui@modules@UModSys@@UEAAPEAUIRoot@core@5@PEBUSUniquePointerInfo@75@@Z 0000000180006534 f i umodsys_lib_libui:umodsys.mod.ui.SDL_core.obj
 0001:00005534       ?root_get_other_interface@RKeyboardController@SDL_core@ui@modules@UModSys@@UEBAPEBUIRoot@core@5@PEBUSUniquePointerInfo@75@@Z 0000000180006534 f i umodsys_lib_libui:umodsys.mod.ui.SDL_core.obj
 0001:00005564       ?root_is_interface_supported@RKeyboardController@SDL_core@ui@modules@UModSys@@UEBA_NPEBUSUniquePointerInfo@core@5@@Z 0000000180006564 f i umodsys_lib_libui:umodsys.mod.ui.SDL_core.obj
 0001:00005594       ?ref_add@RGenerator@stdlib@lib2d@modules@UModSys@@UEBAXXZ 0000000180006594 f i umodsys_lib_lib2d:umodsys.mod.2d.stdlib.obj
 0001:00005594       ?ref_add@RGenerator@serialize_json@media@modules@UModSys@@UEBAXXZ 0000000180006594 f i umodsys_lib_libmedia:umodsys.mod.media.serialize_json.obj
 0001:00005594       ?ref_add@RTerminal@SDL_core@ui@modules@UModSys@@UEBAXXZ 0000000180006594 f i umodsys_lib_libui:umodsys.mod.ui.SDL_core.obj
 0001:00005594       ?ref_add@RGenerator@frames@ui@modules@UModSys@@UEBAXXZ 0000000180006594 f i umodsys_lib_libui:umodsys.mod.ui.frames.obj
 0001:00005594       ?ref_add@RBinArchiveFrameClient_ZIP@zlib@media@modules@UModSys@@UEBAXXZ 0000000180006594 f i umodsys_lib_libmedia:umodsys.mod.media.zlib.obj
 0001:00005594       ?ref_add@RRenderDriver2D@SDL_core@ui@modules@UModSys@@UEBAXXZ 0000000180006594 f i umodsys_lib_libui:umodsys.mod.ui.SDL_core.obj
 0001:00005594       ?ref_add@RGenerator@test1@test@modules@UModSys@@UEBAXXZ 0000000180006594 f i plugin_test1.obj
 0001:00005594       ?ref_add@RSerializeReader@serialize_json@media@modules@UModSys@@UEBAXXZ 0000000180006594 f i umodsys_lib_libmedia:umodsys.mod.media.serialize_json.obj
 0001:00005594       ?ref_add@RMultiImage2D_SDL_ttf@SDL_core@ui@modules@UModSys@@UEBAXXZ 0000000180006594 f i umodsys_lib_libui:umodsys.mod.ui.SDL_core.obj
 0001:00005594       ?ref_add@RGenerator@zlib@media@modules@UModSys@@UEBAXXZ 0000000180006594 f i umodsys_lib_libmedia:umodsys.mod.media.zlib.obj
 0001:00005594       ?ref_add@RDialog@frames@ui@modules@UModSys@@UEBAXXZ 0000000180006594 f i umodsys_lib_libui:umodsys.mod.ui.frames.obj
 0001:00005594       ?ref_add@RGenerator@images_std@media@modules@UModSys@@UEBAXXZ 0000000180006594 f i umodsys_lib_libmedia:umodsys.mod.media.images_std.obj
 0001:00005594       ?ref_add@RKeyboardController@SDL_core@ui@modules@UModSys@@UEBAXXZ 0000000180006594 f i umodsys_lib_libui:umodsys.mod.ui.SDL_core.obj
 0001:00005594       ?ref_add@RGenerator@SDL_core@ui@modules@UModSys@@UEBAXXZ 0000000180006594 f i umodsys_lib_libui:umodsys.mod.ui.SDL_core.obj
 0001:00005594       ?ref_add@RMouseController@SDL_core@ui@modules@UModSys@@UEBAXXZ 0000000180006594 f i umodsys_lib_libui:umodsys.mod.ui.SDL_core.obj
 0001:00005594       ?ref_add@RImage_Memory@stdlib@lib2d@modules@UModSys@@UEBAXXZ 0000000180006594 f i umodsys_lib_lib2d:umodsys.mod.2d.stdlib.obj
 0001:00005598       ?process@RKeyboardController@SDL_core@ui@modules@UModSys@@QEAA_NAEAUSDL_KeyboardEvent@@@Z 0000000180006598 f i umodsys_lib_libui:umodsys.mod.ui.SDL_core.obj
 0001:00005714       ?map_keycode@RKeyboardController@SDL_core@ui@modules@UModSys@@QEAA?AW4eKeyCode@libui@5@H@Z 0000000180006714 f i umodsys_lib_libui:umodsys.mod.ui.SDL_core.obj
 0001:00005c3c       ?key_link@RKeyboardController@SDL_core@ui@modules@UModSys@@UEAA_NHPEAUIRefObject@core@5@PEAUIKeyboardClient@libui@5@@Z 0000000180006c3c f i umodsys_lib_libui:umodsys.mod.ui.SDL_core.obj
 0001:00005d48       ?key_setvisible@RKeyboardController@SDL_core@ui@modules@UModSys@@UEAA_N_N@Z 0000000180006d48 f i umodsys_lib_libui:umodsys.mod.ui.SDL_core.obj
 0001:00005d64       ??_GRKeyboardController@SDL_core@ui@modules@UModSys@@UEAAPEAXI@Z 0000000180006d64 f i umodsys_lib_libui:umodsys.mod.ui.SDL_core.obj
 0001:00005d64       ??_ERKeyboardController@SDL_core@ui@modules@UModSys@@UEAAPEAXI@Z 0000000180006d64 f i  CIL library: CIL module
 0001:00005dc8       ?root_get_interface_info@RTerminal@SDL_core@ui@modules@UModSys@@UEBAAEBUSUniquePointerInfo@core@5@XZ 0000000180006dc8 f i umodsys_lib_libui:umodsys.mod.ui.SDL_core.obj
 0001:00005dd0       ?root_get_interface_type@RTerminal@SDL_core@ui@modules@UModSys@@UEBAPEBUSUniquePointerInfo@core@5@XZ 0000000180006dd0 f i umodsys_lib_libui:umodsys.mod.ui.SDL_core.obj
 0001:00005dd8       ?root_get_other_interface@RTerminal@SDL_core@ui@modules@UModSys@@UEAAPEAUIRoot@core@5@PEBUSUniquePointerInfo@75@@Z 0000000180006dd8 f i umodsys_lib_libui:umodsys.mod.ui.SDL_core.obj
 0001:00005dd8       ?root_get_other_interface@RTerminal@SDL_core@ui@modules@UModSys@@UEBAPEBUIRoot@core@5@PEBUSUniquePointerInfo@75@@Z 0000000180006dd8 f i umodsys_lib_libui:umodsys.mod.ui.SDL_core.obj
 0001:00005e08       ?root_is_interface_supported@RTerminal@SDL_core@ui@modules@UModSys@@UEBA_NPEBUSUniquePointerInfo@core@5@@Z 0000000180006e08 f i umodsys_lib_libui:umodsys.mod.ui.SDL_core.obj
 0001:00005e38       ?poll_events@RTerminal@SDL_core@ui@modules@UModSys@@UEAA_NH@Z 0000000180006e38 f i umodsys_lib_libui:umodsys.mod.ui.SDL_core.obj
 0001:00006030       ?get_terminal_state@RTerminal@SDL_core@ui@modules@UModSys@@UEAA_NW4eTerminalState@libui@5@@Z 0000000180007030 f i umodsys_lib_libui:umodsys.mod.ui.SDL_core.obj
 0001:0000603c       ?set_terminal_state@RTerminal@SDL_core@ui@modules@UModSys@@UEAA_NW4eTerminalState@libui@5@_N@Z 000000018000703c f i umodsys_lib_libui:umodsys.mod.ui.SDL_core.obj
 0001:00006160       ?get_clock@RTerminal@SDL_core@ui@modules@UModSys@@UEAANXZ 0000000180007160 f i umodsys_lib_libui:umodsys.mod.ui.SDL_core.obj
 0001:0000617c       ?wait@RTerminal@SDL_core@ui@modules@UModSys@@UEAA_NM@Z 000000018000717c f i umodsys_lib_libui:umodsys.mod.ui.SDL_core.obj
 0001:0000619c       ?get_count@RTerminal@SDL_core@ui@modules@UModSys@@UEBA_KPEBUSUniquePointerInfo@core@5@@Z 000000018000719c f i umodsys_lib_libui:umodsys.mod.ui.SDL_core.obj
 0001:00006230       ?get_handler@RTerminal@SDL_core@ui@modules@UModSys@@UEBAPEAUIRefObject@core@5@PEBUSUniquePointerInfo@75@_K@Z 0000000180007230 f i umodsys_lib_libui:umodsys.mod.ui.SDL_core.obj
 0001:000062d0       ?create_handler@RTerminal@SDL_core@ui@modules@UModSys@@UEAA_NPEBUSUniquePointerInfo@core@5@AEAU?$TRefObject@UIRefObject@core@UModSys@@U?$TRefObjectFunc@UIRefObject@core@UModSys@@@tl@3@@tl@5@PEBDPEBUSParameters@75@@Z 00000001800072d0 f i umodsys_lib_libui:umodsys.mod.ui.SDL_core.obj
 0001:000066b8       ??_ERTerminal@SDL_core@ui@modules@UModSys@@UEAAPEAXI@Z 00000001800076b8 f i  CIL library: CIL module
 0001:000066b8       ??_GRTerminal@SDL_core@ui@modules@UModSys@@UEAAPEAXI@Z 00000001800076b8 f i umodsys_lib_libui:umodsys.mod.ui.SDL_core.obj
 0001:00006788       ?get_terminal@RRenderDriver2D@SDL_core@ui@modules@UModSys@@UEBAPEAUITerminal@libui@5@XZ 0000000180007788 f   umodsys_lib_libui:umodsys.mod.ui.SDL_core.obj
 0001:00006790       ?new_font@RRenderDriver2D@SDL_core@ui@modules@UModSys@@UEAA?AU?$TRefObject@UIMultiImage@lib2d@UModSys@@U?$TRefObjectFunc@UIMultiImage@lib2d@UModSys@@@tl@3@@tl@5@AEBUSParameters@core@5@AEBU?$TString@U?$TSCoreConst@D@su@tl@UModSys@@U?$TComparerBinaryHash@D@234@@75@@Z 0000000180007790 f   umodsys_lib_libui:umodsys.mod.ui.SDL_core.obj
 0001:00006898       ?new_picture@RRenderDriver2D@SDL_core@ui@modules@UModSys@@UEAA?AU?$TRefObject@UIImage@lib2d@UModSys@@U?$TRefObjectFunc@UIImage@lib2d@UModSys@@@tl@3@@tl@5@AEBUSParameters@core@5@AEBU?$TString@U?$TSCoreConst@D@su@tl@UModSys@@U?$TComparerBinaryHash@D@234@@75@@Z 0000000180007898 f   umodsys_lib_libui:umodsys.mod.ui.SDL_core.obj
 0001:00006898       ?data_writer@RBinArchiveFrameClient_ZIP@zlib@media@modules@UModSys@@UEAA?AU?$TRefObject@UIStreamWriter@libmedia@UModSys@@U?$TRefObjectFunc@UIStreamWriter@libmedia@UModSys@@@tl@3@@tl@5@PEAUIBinArchiveFrame@libmedia@5@AEBU?$TString@U?$TSCoreConst@D@su@tl@UModSys@@U?$TComparerBinaryHash@D@234@@75@AEBUSFlags@95@@Z 0000000180007898 f   umodsys_lib_libmedia:umodsys.mod.media.zlib.obj
 0001:000068a8       ?get_generated_names@RGenerator@SDL_core@ui@modules@UModSys@@UEBAHAEAUSUniquePtrList@core@5@@Z 00000001800078a8 f i umodsys_lib_libui:umodsys.mod.ui.SDL_core.obj
 0001:000068c8       ?get_generated_types@RGenerator@SDL_core@ui@modules@UModSys@@UEBAHAEAUSUniquePtrList@core@5@PEBUSUniquePointerInfo@75@@Z 00000001800078c8 f i umodsys_lib_libui:umodsys.mod.ui.SDL_core.obj
 0001:00006920       ?generate@RGenerator@SDL_core@ui@modules@UModSys@@UEAA_NAEAU?$TRefObject@UIRefObject@core@UModSys@@U?$TRefObjectFunc@UIRefObject@core@UModSys@@@tl@3@@tl@5@PEBUSUniquePointerInfo@core@5@AEBUSParameters@95@@Z 0000000180007920 f i umodsys_lib_libui:umodsys.mod.ui.SDL_core.obj
 0001:00006a64       ?root_get_interface_info@RGenerator@SDL_core@ui@modules@UModSys@@UEBAAEBUSUniquePointerInfo@core@5@XZ 0000000180007a64 f i umodsys_lib_libui:umodsys.mod.ui.SDL_core.obj
 0001:00006a6c       ?root_get_interface_type@RGenerator@SDL_core@ui@modules@UModSys@@UEBAPEBUSUniquePointerInfo@core@5@XZ 0000000180007a6c f i umodsys_lib_libui:umodsys.mod.ui.SDL_core.obj
 0001:00006a74       ?root_get_other_interface@RGenerator@SDL_core@ui@modules@UModSys@@UEBAPEBUIRoot@core@5@PEBUSUniquePointerInfo@75@@Z 0000000180007a74 f i umodsys_lib_libui:umodsys.mod.ui.SDL_core.obj
 0001:00006a74       ?root_get_other_interface@RGenerator@SDL_core@ui@modules@UModSys@@UEAAPEAUIRoot@core@5@PEBUSUniquePointerInfo@75@@Z 0000000180007a74 f i umodsys_lib_libui:umodsys.mod.ui.SDL_core.obj
 0001:00006aac       ?root_is_interface_supported@RGenerator@SDL_core@ui@modules@UModSys@@UEBA_NPEBUSUniquePointerInfo@core@5@@Z 0000000180007aac f i umodsys_lib_libui:umodsys.mod.ui.SDL_core.obj
 0001:00006ae4       ?get_uid@RGenerator@SDL_core@ui@modules@UModSys@@UEBAPEBUSUniquePointerInfo@core@5@XZ 0000000180007ae4 f i umodsys_lib_libui:umodsys.mod.ui.SDL_core.obj
 0001:00006aec       ?do_open@RModuleReg@SDL_core@ui@modules@UModSys@@UEAA_NXZ 0000000180007aec f i umodsys_lib_libui:umodsys.mod.ui.SDL_core.obj
 0001:00006b60       ?do_close@RModuleReg@SDL_core@ui@modules@UModSys@@UEAA_NXZ 0000000180007b60 f i umodsys_lib_libui:umodsys.mod.ui.SDL_core.obj
 0001:00006bb0       ??_EIModuleReg@base@UModSys@@UEAAPEAXI@Z 0000000180007bb0 f i  CIL library: CIL module
 0001:00006bb0       ??_ERModuleReg@serialize_json@media@modules@UModSys@@UEAAPEAXI@Z 0000000180007bb0 f i  CIL library: CIL module
 0001:00006bb0       ??_ERModuleReg@stdlib@lib2d@modules@UModSys@@UEAAPEAXI@Z 0000000180007bb0 f i  CIL library: CIL module
 0001:00006bb0       ??_GRModuleReg@test1@test@modules@UModSys@@UEAAPEAXI@Z 0000000180007bb0 f i plugin_test1.obj
 0001:00006bb0       ??_GRModuleReg@stdlib@lib2d@modules@UModSys@@UEAAPEAXI@Z 0000000180007bb0 f i umodsys_lib_lib2d:umodsys.mod.2d.stdlib.obj
 0001:00006bb0       ??_ERModuleReg@zlib@media@modules@UModSys@@UEAAPEAXI@Z 0000000180007bb0 f i  CIL library: CIL module
 0001:00006bb0       ??_ERModuleReg@images_std@media@modules@UModSys@@UEAAPEAXI@Z 0000000180007bb0 f i  CIL library: CIL module
 0001:00006bb0       ??_GRModuleReg@zlib@media@modules@UModSys@@UEAAPEAXI@Z 0000000180007bb0 f i umodsys_lib_libmedia:umodsys.mod.media.zlib.obj
 0001:00006bb0       ??_GRModuleReg@serialize_json@media@modules@UModSys@@UEAAPEAXI@Z 0000000180007bb0 f i umodsys_lib_libmedia:umodsys.mod.media.serialize_json.obj
 0001:00006bb0       ??_ERModuleReg@SDL_core@ui@modules@UModSys@@UEAAPEAXI@Z 0000000180007bb0 f i  CIL library: CIL module
 0001:00006bb0       ??_ERModuleReg@test1@test@modules@UModSys@@UEAAPEAXI@Z 0000000180007bb0 f i  CIL library: CIL module
 0001:00006bb0       ??_GRModuleReg@frames@ui@modules@UModSys@@UEAAPEAXI@Z 0000000180007bb0 f i umodsys_lib_libui:umodsys.mod.ui.frames.obj
 0001:00006bb0       ??_ERModuleReg@frames@ui@modules@UModSys@@UEAAPEAXI@Z 0000000180007bb0 f i  CIL library: CIL module
 0001:00006bb0       ??_GRModuleReg@SDL_core@ui@modules@UModSys@@UEAAPEAXI@Z 0000000180007bb0 f i umodsys_lib_libui:umodsys.mod.ui.SDL_core.obj
 0001:00006bb0       ??_GIModuleReg@base@UModSys@@UEAAPEAXI@Z 0000000180007bb0 f i umodsys_lib_base:umodsys.base.modulereg.obj
 0001:00006bb0       ??_GRModuleReg@images_std@media@modules@UModSys@@UEAAPEAXI@Z 0000000180007bb0 f i umodsys_lib_libmedia:umodsys.mod.media.images_std.obj
 0001:00006bd8       ?get_module@RGenerator@SDL_core@ui@modules@UModSys@@UEBAPEAUIModule@base@5@XZ 0000000180007bd8 f   umodsys_lib_libui:umodsys.mod.ui.SDL_core.obj
 0001:00006be0       ?mod_inc@RGenerator@SDL_core@ui@modules@UModSys@@UEBA_NXZ 0000000180007be0 f   umodsys_lib_libui:umodsys.mod.ui.SDL_core.obj
 0001:00006bf0       ?mod_dec@RGenerator@SDL_core@ui@modules@UModSys@@UEBA_NXZ 0000000180007bf0 f   umodsys_lib_libui:umodsys.mod.ui.SDL_core.obj
 0001:00006c04       ?s_holder@RGenerator@SDL_core@ui@modules@UModSys@@SAAEAU?$TTypeStaticHolder@URGenerator@SDL_core@ui@modules@UModSys@@@tl@5@XZ 0000000180007c04 f   umodsys_lib_libui:umodsys.mod.ui.SDL_core.obj
 0001:00006c48       ??1?$TScatterArray@UGlyph@RMultiImage2D_SDL_ttf@SDL_core@ui@modules@UModSys@@HU?$TScalarCompare@H@core@6@U?$TNodeDeleter0@U?$TScatterArrayNode@UGlyph@RMultiImage2D_SDL_ttf@SDL_core@ui@modules@UModSys@@H@tl@UModSys@@@tl@6@@tl@UModSys@@QEAA@XZ 0000000180007c48 f i umodsys_lib_libui:umodsys.mod.ui.SDL_core.obj
 0001:00006cc4       ?delete_node@?$TTreeHoldRBD@U?$TScatterArrayNode@U?$TRefObjectCompositeExtra@UIMouseClient@libui@UModSys@@HUIRefObject@core@3@U?$TRefObjectFunc@UIRefObject@core@UModSys@@@tl@3@@tl@UModSys@@H@tl@UModSys@@U?$TNodeDeleter0@U?$TScatterArrayNode@U?$TRefObjectCompositeExtra@UIMouseClient@libui@UModSys@@HUIRefObject@core@3@U?$TRefObjectFunc@UIRefObject@core@UModSys@@@tl@3@@tl@UModSys@@H@tl@UModSys@@@23@@tl@UModSys@@QEAAXPEAU?$TScatterArrayNode@U?$TRefObjectCompositeExtra@UIMouseClient@libui@UModSys@@HUIRefObject@core@3@U?$TRefObjectFunc@UIRefObject@core@UModSys@@@tl@3@@tl@UModSys@@H@23@@Z 0000000180007cc4 f i umodsys_lib_libui:umodsys.mod.ui.SDL_core.obj
 0001:00006cc4       ?delete_node@?$TTreeHoldRBD@U?$TScatterArrayNode@U?$TRefObjectComposite@UIKeyboardClient@libui@UModSys@@UIRefObject@core@3@U?$TRefObjectFunc@UIRefObject@core@UModSys@@@tl@3@@tl@UModSys@@H@tl@UModSys@@U?$TNodeDeleter0@U?$TScatterArrayNode@U?$TRefObjectComposite@UIKeyboardClient@libui@UModSys@@UIRefObject@core@3@U?$TRefObjectFunc@UIRefObject@core@UModSys@@@tl@3@@tl@UModSys@@H@tl@UModSys@@@23@@tl@UModSys@@QEAAXPEAU?$TScatterArrayNode@U?$TRefObjectComposite@UIKeyboardClient@libui@UModSys@@UIRefObject@core@3@U?$TRefObjectFunc@UIRefObject@core@UModSys@@@tl@3@@tl@UModSys@@H@23@@Z 0000000180007cc4 f i umodsys_lib_libui:umodsys.mod.ui.SDL_core.obj
 0001:00006e2c       ??1?$TPair@HU?$TRefObjectCompositeExtra@UIMouseClient@libui@UModSys@@HUIRefObject@core@3@U?$TRefObjectFunc@UIRefObject@core@UModSys@@@tl@3@@tl@UModSys@@@tl@UModSys@@QEAA@XZ 0000000180007e2c f i umodsys_lib_libui:umodsys.mod.ui.SDL_core.obj
 0001:00006e2c       ??1?$TPair@HU?$TRefObjectComposite@UIKeyboardClient@libui@UModSys@@UIRefObject@core@3@U?$TRefObjectFunc@UIRefObject@core@UModSys@@@tl@3@@tl@UModSys@@@tl@UModSys@@QEAA@XZ 0000000180007e2c f i umodsys_lib_libui:umodsys.mod.ui.SDL_core.obj
 0001:00006e74       ??1?$TRefObjectComposite@UIKeyboardClient@libui@UModSys@@UIRefObject@core@3@U?$TRefObjectFunc@UIRefObject@core@UModSys@@@tl@3@@tl@UModSys@@QEAA@XZ 0000000180007e74 f i umodsys_lib_libui:umodsys.mod.ui.SDL_core.obj
 0001:00006e74       ??1?$TRefObjectCompositeExtra@UIMouseClient@libui@UModSys@@HUIRefObject@core@3@U?$TRefObjectFunc@UIRefObject@core@UModSys@@@tl@3@@tl@UModSys@@QEAA@XZ 0000000180007e74 f i umodsys_lib_libui:umodsys.mod.ui.SDL_core.obj
 0001:00006ebc       ?remove_color@?$TTreeHoldRB@U?$TScatterArrayNode@U?$TRefObjectComposite@UIKeyboardClient@libui@UModSys@@UIRefObject@core@3@U?$TRefObjectFunc@UIRefObject@core@UModSys@@@tl@3@@tl@UModSys@@H@tl@UModSys@@@tl@UModSys@@IEAAXPEAU?$TScatterArrayNode@U?$TRefObjectComposite@UIKeyboardClient@libui@UModSys@@UIRefObject@core@3@U?$TRefObjectFunc@UIRefObject@core@UModSys@@@tl@3@@tl@UModSys@@H@23@0@Z 0000000180007ebc f i umodsys_lib_libui:umodsys.mod.ui.SDL_core.obj
 0001:00006ebc       ?remove_color@?$TTreeHoldRB@U?$TScatterArrayNode@U?$TRefObjectCompositeExtra@UIMouseClient@libui@UModSys@@HUIRefObject@core@3@U?$TRefObjectFunc@UIRefObject@core@UModSys@@@tl@3@@tl@UModSys@@H@tl@UModSys@@@tl@UModSys@@IEAAXPEAU?$TScatterArrayNode@U?$TRefObjectCompositeExtra@UIMouseClient@libui@UModSys@@HUIRefObject@core@3@U?$TRefObjectFunc@UIRefObject@core@UModSys@@@tl@3@@tl@UModSys@@H@23@0@Z 0000000180007ebc f i umodsys_lib_libui:umodsys.mod.ui.SDL_core.obj
 0001:0000715c       ??$t_add@U?$TRefObject@URRenderDriver2D@SDL_core@ui@modules@UModSys@@U?$TRefObjectWeakFunc@URRenderDriver2D@SDL_core@ui@modules@UModSys@@@tl@5@@tl@UModSys@@URRenderDriver2D@SDL_core@ui@modules@3@@SDL_core@ui@modules@UModSys@@YA_NAEAU?$TScatterArray@U?$TRefObject@URRenderDriver2D@SDL_core@ui@modules@UModSys@@U?$TRefObjectWeakFunc@URRenderDriver2D@SDL_core@ui@modules@UModSys@@@tl@5@@tl@UModSys@@HU?$TScalarCompare@H@core@3@U?$TNodeDeleter0@U?$TScatterArrayNode@U?$TRefObject@URRenderDriver2D@SDL_core@ui@modules@UModSys@@U?$TRefObjectWeakFunc@URRenderDriver2D@SDL_core@ui@modules@UModSys@@@tl@5@@tl@UModSys@@H@tl@UModSys@@@23@@tl@3@PEAURRenderDriver2D@0123@@Z 000000018000815c f i umodsys_lib_libui:umodsys.mod.ui.SDL_core.obj
 0001:000072e0       ?sub_insert_node@?$TTreeHoldRB@U?$TScatterArrayNode@U?$TVector2@M@math3d@UModSys@@H@tl@UModSys@@@tl@UModSys@@QEAAXPEAU?$TScatterArrayNode@U?$TVector2@M@math3d@UModSys@@H@23@0H@Z 00000001800082e0 f i umodsys_lib_libui:umodsys.mod.ui.frames.obj
 0001:000072e0       ?sub_insert_node@?$TTreeHoldRB@U?$TScatterArrayNode@U?$TRefObjectComposite@UIKeyboardClient@libui@UModSys@@UIRefObject@core@3@U?$TRefObjectFunc@UIRefObject@core@UModSys@@@tl@3@@tl@UModSys@@H@tl@UModSys@@@tl@UModSys@@QEAAXPEAU?$TScatterArrayNode@U?$TRefObjectComposite@UIKeyboardClient@libui@UModSys@@UIRefObject@core@3@U?$TRefObjectFunc@UIRefObject@core@UModSys@@@tl@3@@tl@UModSys@@H@23@0H@Z 00000001800082e0 f i umodsys_lib_libui:umodsys.mod.ui.SDL_core.obj
 0001:000072e0       ?sub_insert_node@?$TTreeHoldRB@U?$TScatterArrayNode@HH@tl@UModSys@@@tl@UModSys@@QEAAXPEAU?$TScatterArrayNode@HH@23@0H@Z 00000001800082e0 f i umodsys_lib_libui:umodsys.mod.ui.frames.obj
 0001:000072e0       ?sub_insert_node@?$TTreeHoldRB@U?$TScatterArrayNode@U?$TRefObject@URRenderDriver2D@SDL_core@ui@modules@UModSys@@U?$TRefObjectWeakFunc@URRenderDriver2D@SDL_core@ui@modules@UModSys@@@tl@5@@tl@UModSys@@H@tl@UModSys@@@tl@UModSys@@QEAAXPEAU?$TScatterArrayNode@U?$TRefObject@URRenderDriver2D@SDL_core@ui@modules@UModSys@@U?$TRefObjectWeakFunc@URRenderDriver2D@SDL_core@ui@modules@UModSys@@@tl@5@@tl@UModSys@@H@23@0H@Z 00000001800082e0 f i umodsys_lib_libui:umodsys.mod.ui.SDL_core.obj
 0001:000072e0       ?sub_insert_node@?$TTreeHoldRB@U?$TScatterArrayNode@U?$TRefObjectCompositeExtra@UIMouseClient@libui@UModSys@@HUIRefObject@core@3@U?$TRefObjectFunc@UIRefObject@core@UModSys@@@tl@3@@tl@UModSys@@H@tl@UModSys@@@tl@UModSys@@QEAAXPEAU?$TScatterArrayNode@U?$TRefObjectCompositeExtra@UIMouseClient@libui@UModSys@@HUIRefObject@core@3@U?$TRefObjectFunc@UIRefObject@core@UModSys@@@tl@3@@tl@UModSys@@H@23@0H@Z 00000001800082e0 f i umodsys_lib_libui:umodsys.mod.ui.SDL_core.obj
 0001:000072e0       ?sub_insert_node@?$TTreeHoldRB@U?$TScatterArrayNode@UGlyph@RMultiImage2D_SDL_ttf@SDL_core@ui@modules@UModSys@@H@tl@UModSys@@@tl@UModSys@@QEAAXPEAU?$TScatterArrayNode@UGlyph@RMultiImage2D_SDL_ttf@SDL_core@ui@modules@UModSys@@H@23@0H@Z 00000001800082e0 f i umodsys_lib_libui:umodsys.mod.ui.SDL_core.obj
 0001:000072e0       ?sub_insert_node@?$TTreeHoldRB@U?$TScatterArrayNode@U?$TVector4@M@math3d@UModSys@@H@tl@UModSys@@@tl@UModSys@@QEAAXPEAU?$TScatterArrayNode@U?$TVector4@M@math3d@UModSys@@H@23@0H@Z 00000001800082e0 f i umodsys_lib_libui:umodsys.mod.ui.frames.obj
 0001:000074c0       ??$process_nodes_r@U?$TNodeDeleter0@U?$TScatterArrayNode@UGlyph@RMultiImage2D_SDL_ttf@SDL_core@ui@modules@UModSys@@H@tl@UModSys@@@tl@UModSys@@@?$TTreeHoldRB@U?$TScatterArrayNode@UGlyph@RMultiImage2D_SDL_ttf@SDL_core@ui@modules@UModSys@@H@tl@UModSys@@@tl@UModSys@@KAHPEAU?$TScatterArrayNode@UGlyph@RMultiImage2D_SDL_ttf@SDL_core@ui@modules@UModSys@@H@12@AEBU?$TNodeDeleter0@U?$TScatterArrayNode@UGlyph@RMultiImage2D_SDL_ttf@SDL_core@ui@modules@UModSys@@H@tl@UModSys@@@12@@Z 00000001800084c0 f i umodsys_lib_libui:umodsys.mod.ui.SDL_core.obj
 0001:00007538       ??$process_nodes_r@U?$TNodeDeleter0@U?$TScatterArrayNode@U?$TRefObjectCompositeExtra@UIMouseClient@libui@UModSys@@HUIRefObject@core@3@U?$TRefObjectFunc@UIRefObject@core@UModSys@@@tl@3@@tl@UModSys@@H@tl@UModSys@@@tl@UModSys@@@?$TTreeHoldRB@U?$TScatterArrayNode@U?$TRefObjectCompositeExtra@UIMouseClient@libui@UModSys@@HUIRefObject@core@3@U?$TRefObjectFunc@UIRefObject@core@UModSys@@@tl@3@@tl@UModSys@@H@tl@UModSys@@@tl@UModSys@@KAHPEAU?$TScatterArrayNode@U?$TRefObjectCompositeExtra@UIMouseClient@libui@UModSys@@HUIRefObject@core@3@U?$TRefObjectFunc@UIRefObject@core@UModSys@@@tl@3@@tl@UModSys@@H@12@AEBU?$TNodeDeleter0@U?$TScatterArrayNode@U?$TRefObjectCompositeExtra@UIMouseClient@libui@UModSys@@HUIRefObject@core@3@U?$TRefObjectFunc@UIRefObject@core@UModSys@@@tl@3@@tl@UModSys@@H@tl@UModSys@@@12@@Z 0000000180008538 f i umodsys_lib_libui:umodsys.mod.ui.SDL_core.obj
 0001:00007538       ??$process_nodes_r@U?$TNodeDeleter0@U?$TScatterArrayNode@U?$TRefObjectComposite@UIKeyboardClient@libui@UModSys@@UIRefObject@core@3@U?$TRefObjectFunc@UIRefObject@core@UModSys@@@tl@3@@tl@UModSys@@H@tl@UModSys@@@tl@UModSys@@@?$TTreeHoldRB@U?$TScatterArrayNode@U?$TRefObjectComposite@UIKeyboardClient@libui@UModSys@@UIRefObject@core@3@U?$TRefObjectFunc@UIRefObject@core@UModSys@@@tl@3@@tl@UModSys@@H@tl@UModSys@@@tl@UModSys@@KAHPEAU?$TScatterArrayNode@U?$TRefObjectComposite@UIKeyboardClient@libui@UModSys@@UIRefObject@core@3@U?$TRefObjectFunc@UIRefObject@core@UModSys@@@tl@3@@tl@UModSys@@H@12@AEBU?$TNodeDeleter0@U?$TScatterArrayNode@U?$TRefObjectComposite@UIKeyboardClient@libui@UModSys@@UIRefObject@core@3@U?$TRefObjectFunc@UIRefObject@core@UModSys@@@tl@3@@tl@UModSys@@H@tl@UModSys@@@12@@Z 0000000180008538 f i umodsys_lib_libui:umodsys.mod.ui.SDL_core.obj
 0001:000075cc       ??$process_nodes_r@U?$TNodeDeleter0@U?$TScatterArrayNode@U?$TRefObject@URRenderDriver2D@SDL_core@ui@modules@UModSys@@U?$TRefObjectWeakFunc@URRenderDriver2D@SDL_core@ui@modules@UModSys@@@tl@5@@tl@UModSys@@H@tl@UModSys@@@tl@UModSys@@@?$TTreeHoldRB@U?$TScatterArrayNode@U?$TRefObject@URRenderDriver2D@SDL_core@ui@modules@UModSys@@U?$TRefObjectWeakFunc@URRenderDriver2D@SDL_core@ui@modules@UModSys@@@tl@5@@tl@UModSys@@H@tl@UModSys@@@tl@UModSys@@KAHPEAU?$TScatterArrayNode@U?$TRefObject@URRenderDriver2D@SDL_core@ui@modules@UModSys@@U?$TRefObjectWeakFunc@URRenderDriver2D@SDL_core@ui@modules@UModSys@@@tl@5@@tl@UModSys@@H@12@AEBU?$TNodeDeleter0@U?$TScatterArrayNode@U?$TRefObject@URRenderDriver2D@SDL_core@ui@modules@UModSys@@U?$TRefObjectWeakFunc@URRenderDriver2D@SDL_core@ui@modules@UModSys@@@tl@5@@tl@UModSys@@H@tl@UModSys@@@12@@Z 00000001800085cc f i umodsys_lib_libui:umodsys.mod.ui.SDL_core.obj
 0001:00007660       ??1?$TRefObject@URRenderDriver2D@SDL_core@ui@modules@UModSys@@U?$TRefObjectWeakFunc@URRenderDriver2D@SDL_core@ui@modules@UModSys@@@tl@5@@tl@UModSys@@QEAA@XZ 0000000180008660 f i umodsys_lib_libui:umodsys.mod.ui.SDL_core.obj
 0001:00007660       ??1?$TRefObject@URMultiImage2D_SDL_ttf@SDL_core@ui@modules@UModSys@@U?$TRefObjectWeakFunc@URMultiImage2D_SDL_ttf@SDL_core@ui@modules@UModSys@@@tl@5@@tl@UModSys@@QEAA@XZ 0000000180008660 f i umodsys_lib_libui:umodsys.mod.ui.SDL_core.obj
 0001:00007694       ??1SController@libui@UModSys@@QEAA@XZ 0000000180008694 f i umodsys_lib_libui:umodsys.mod.ui.frames.obj
 0001:000076dc       ?db_get_i@SController@libui@UModSys@@QEAAHQEBD@Z 00000001800086dc f i umodsys_lib_libui:umodsys.mod.ui.frames.obj
 0001:0000777c       ?update_size@libui@UModSys@@YA_NAEAU?$TBoundBox2@H@math3d@2@AEBUSFrameSize@12@AEBU342@@Z 000000018000877c f i umodsys_lib_libui:umodsys.mod.ui.frames.obj
 0001:000078b4       ?command@SController@libui@UModSys@@QEAA_NHAEBUSFrameDataIn@23@@Z 00000001800088b4 f i umodsys_lib_libui:umodsys.mod.ui.frames.obj
 0001:00007928       ?get_property@ICollectorThemeTemplate@libui@UModSys@@UEBA_NHHAEAU?$TVector4@M@math3d@3@@Z 0000000180008928 f i umodsys_lib_libui:umodsys.mod.ui.frames.obj
 0001:000079dc       ?get_property@ICollectorThemeTemplate@libui@UModSys@@UEBA_NHHAEAU?$TVector4@H@math3d@3@@Z 00000001800089dc f i umodsys_lib_libui:umodsys.mod.ui.frames.obj
 0001:00007ae0       ?get_property@ICollectorThemeTemplate@libui@UModSys@@UEBA_NHHAEAU?$TVector2@M@math3d@3@@Z 0000000180008ae0 f i umodsys_lib_libui:umodsys.mod.ui.frames.obj
 0001:00007b94       ?get_property@ICollectorThemeTemplate@libui@UModSys@@UEBA_NHHAEAU?$TVector2@H@math3d@3@@Z 0000000180008b94 f i umodsys_lib_libui:umodsys.mod.ui.frames.obj
 0001:00007c5c       ?get_property@ICollectorThemeTemplate@libui@UModSys@@UEBA_NHHAEAH@Z 0000000180008c5c f i umodsys_lib_libui:umodsys.mod.ui.frames.obj
 0001:00007d0c       ?set_property@ICollectorThemeTemplate@libui@UModSys@@UEAA_NHHAEBU?$TVector4@M@math3d@3@@Z 0000000180008d0c f i umodsys_lib_libui:umodsys.mod.ui.frames.obj
 0001:00007d50       ?set_property@ICollectorThemeTemplate@libui@UModSys@@UEAA_NHHAEBU?$TVector4@H@math3d@3@@Z 0000000180008d50 f i umodsys_lib_libui:umodsys.mod.ui.frames.obj
 0001:00007df8       ?set_property@ICollectorThemeTemplate@libui@UModSys@@UEAA_NHHAEBU?$TVector2@M@math3d@3@@Z 0000000180008df8 f i umodsys_lib_libui:umodsys.mod.ui.frames.obj
 0001:00007e38       ?set_property@ICollectorThemeTemplate@libui@UModSys@@UEAA_NHHAEBU?$TVector2@H@math3d@3@@Z 0000000180008e38 f i umodsys_lib_libui:umodsys.mod.ui.frames.obj
 0001:00007e94       ?set_property@ICollectorThemeTemplate@libui@UModSys@@UEAA_NHHH@Z 0000000180008e94 f i umodsys_lib_libui:umodsys.mod.ui.frames.obj
 0001:00007f78       ??1ICollectorThemeTemplate@libui@UModSys@@QEAA@XZ 0000000180008f78 f i umodsys_lib_libui:umodsys.mod.ui.frames.obj
 0001:00008074       ?get_group_index@RCollectorTheme@frames@ui@modules@UModSys@@UEAAHPEBD@Z 0000000180009074 f   umodsys_lib_libui:umodsys.mod.ui.frames.obj
 0001:00008148       ?get_elem_index@RCollectorTheme@frames@ui@modules@UModSys@@UEAAHPEBD@Z 0000000180009148 f   umodsys_lib_libui:umodsys.mod.ui.frames.obj
 0001:00008304       ??1RCollectorTheme@frames@ui@modules@UModSys@@QEAA@XZ 0000000180009304 f   umodsys_lib_libui:umodsys.mod.ui.frames.obj
 0001:00008314       ?set_controller@RFrame_Common@frames@ui@modules@UModSys@@UEAA_NHPEAUIController@libui@5@PEAUIRefObject@core@5@@Z 0000000180009314 f i umodsys_lib_libui:umodsys.mod.ui.frames.obj
 0001:000083a0       ?get_controller@RFrame_Common@frames@ui@modules@UModSys@@UEAAPEAUIController@libui@5@XZ 00000001800093a0 f i umodsys_lib_libui:umodsys.mod.ui.frames.obj
 0001:000083a8       ?get_controller_context@RFrame_Common@frames@ui@modules@UModSys@@UEAAHXZ 00000001800093a8 f i umodsys_lib_libui:umodsys.mod.ui.frames.obj
 0001:000083b0       ?get_theme@RCollector@frames@ui@modules@UModSys@@UEAAPEAUICollectorTheme@libui@5@XZ 00000001800093b0 f i umodsys_lib_libui:umodsys.mod.ui.frames.obj
 0001:000083b0       ?get_box@RFrame_Common@frames@ui@modules@UModSys@@UEAAAEBU?$TBoundBox2@H@math3d@5@XZ 00000001800093b0 f i umodsys_lib_libui:umodsys.mod.ui.frames.obj
 0001:000083b8       ?get_framesize@RFrame_Common@frames@ui@modules@UModSys@@UEAAAEBUSFrameSize@libui@5@XZ 00000001800093b8 f i umodsys_lib_libui:umodsys.mod.ui.frames.obj
 0001:000083c0       ?set_framesize@RFrame_Common@frames@ui@modules@UModSys@@UEAA_NAEBUSFrameSize@libui@5@@Z 00000001800093c0 f i umodsys_lib_libui:umodsys.mod.ui.frames.obj
 0001:000083e4       ?get_insize@RFrame_Common@frames@ui@modules@UModSys@@UEAA?AU?$TVector2@H@math3d@5@XZ 00000001800093e4 f i umodsys_lib_libui:umodsys.mod.ui.frames.obj
 0001:000083fc       ?get_theme@RFrame_Common@frames@ui@modules@UModSys@@UEAAPEAUICollectorTheme@libui@5@XZ 00000001800093fc f i umodsys_lib_libui:umodsys.mod.ui.frames.obj
 0001:00008404       ?button_draw@RFrame_Common@frames@ui@modules@UModSys@@MEAA_NPEAUSButton@2345@AEBUSDrawState@2345@H@Z 0000000180009404 f i umodsys_lib_libui:umodsys.mod.ui.frames.obj
 0001:00008404       ?controller_update@RFrame_Common@frames@ui@modules@UModSys@@UEAA_NXZ 0000000180009404 f i umodsys_lib_libui:umodsys.mod.ui.frames.obj
 0001:00008404       ?button_cmd@RFrame_Common@frames@ui@modules@UModSys@@MEAA_NPEAUSButton@2345@HH@Z 0000000180009404 f i umodsys_lib_libui:umodsys.mod.ui.frames.obj
 0001:00008404       ?draw_pre@RFrame_Common@frames@ui@modules@UModSys@@MEAA_NAEBUSDrawState@2345@@Z 0000000180009404 f i umodsys_lib_libui:umodsys.mod.ui.frames.obj
 0001:00008404       ?draw_post@RFrame_Common@frames@ui@modules@UModSys@@MEAA_NAEBUSDrawState@2345@@Z 0000000180009404 f i umodsys_lib_libui:umodsys.mod.ui.frames.obj
 0001:00008408       ?set_flag@RFrame_Common@frames@ui@modules@UModSys@@UEAA_NH_N@Z 0000000180009408 f   umodsys_lib_libui:umodsys.mod.ui.frames.obj
 0001:00008480       ?get_flag@RFrame_Common@frames@ui@modules@UModSys@@UEAA_NH@Z 0000000180009480 f   umodsys_lib_libui:umodsys.mod.ui.frames.obj
 0001:000084bc       ?get_maxbox@RCollector@frames@ui@modules@UModSys@@UEAA_NAEAU?$TBoundBox2@H@math3d@5@@Z 00000001800094bc f   umodsys_lib_libui:umodsys.mod.ui.frames.obj
 0001:000084bc       ?get_minsize@RCollector@frames@ui@modules@UModSys@@UEAA_NAEAU?$TVector2@H@math3d@5@@Z 00000001800094bc f   umodsys_lib_libui:umodsys.mod.ui.frames.obj
 0001:000084bc       ?key_event@RFrame_Common@frames@ui@modules@UModSys@@MEAA_NAEBUSKeyboardInputRaw@libui@5@@Z 00000001800094bc f   umodsys_lib_libui:umodsys.mod.ui.frames.obj
 0001:000084bc       ?key_setmodifier@RKeyboardController@SDL_core@ui@modules@UModSys@@UEAA_NHHH@Z 00000001800094bc f   umodsys_lib_libui:umodsys.mod.ui.SDL_core.obj
 0001:000084bc       ?arc_deinit@RBinArchiveFrameClient_ZIP@zlib@media@modules@UModSys@@UEAA_NPEAUIBinArchiveFrame@libmedia@5@@Z 00000001800094bc f   umodsys_lib_libmedia:umodsys.mod.media.zlib.obj
 0001:000084bc       ?set_fixed_cell@RMultiImage2D_SDL_ttf@SDL_core@ui@modules@UModSys@@UEAA_NHH@Z 00000001800094bc f   umodsys_lib_libui:umodsys.mod.ui.SDL_core.obj
 0001:000084bc       ?mouse_setvisible@RMouseController@SDL_core@ui@modules@UModSys@@UEAA_N_N@Z 00000001800094bc f   umodsys_lib_libui:umodsys.mod.ui.SDL_core.obj
 0001:000084bc       ?set_hint@RMultiImage2D_SDL_ttf@SDL_core@ui@modules@UModSys@@UEAA_NPEBD0@Z 00000001800094bc f   umodsys_lib_libui:umodsys.mod.ui.SDL_core.obj
 0001:000084bc       ?set_repeater@RFrame_Common@frames@ui@modules@UModSys@@UEAA_NHH@Z 00000001800094bc f   umodsys_lib_libui:umodsys.mod.ui.frames.obj
 0001:000084bc       ?set_parameters@RRenderDriver2D@SDL_core@ui@modules@UModSys@@UEAA_NPEBDAEBUSParameters@core@5@@Z 00000001800094bc f   umodsys_lib_libui:umodsys.mod.ui.SDL_core.obj
 0001:000084bc       ?set_var_cell@RMultiImage2D_SDL_ttf@SDL_core@ui@modules@UModSys@@UEAA_NPEBUSImageCellInfo@lib2d@5@HH@Z 00000001800094bc f   umodsys_lib_libui:umodsys.mod.ui.SDL_core.obj
 0001:000084bc       ?frame_remove@RCollector@frames@ui@modules@UModSys@@UEAA_NPEAUIFrame@libui@5@@Z 00000001800094bc f   umodsys_lib_libui:umodsys.mod.ui.frames.obj
 0001:000084bc       ?mouse_event@RFrame_Common@frames@ui@modules@UModSys@@MEAA_NPEBUSMouseInput@libui@5@@Z 00000001800094bc f   umodsys_lib_libui:umodsys.mod.ui.frames.obj
 0001:000084bc       ?key_setrepeat@RKeyboardController@SDL_core@ui@modules@UModSys@@UEAA_NMM@Z 00000001800094bc f   umodsys_lib_libui:umodsys.mod.ui.SDL_core.obj
 0001:000084bc       ?filter_load@RMediaFilter@images_std@media@modules@UModSys@@UEAA_NAEBUSInfo@IBinObjFilter@libmedia@5@AEAU?$TRefObject@UIRefObject@core@UModSys@@U?$TRefObjectFunc@UIRefObject@core@UModSys@@@tl@3@@tl@5@@Z 00000001800094bc f   umodsys_lib_libmedia:umodsys.mod.media.images_std.obj
 0001:000084bc       ?get_cell_size@RMultiImage2D_SDL_ttf@SDL_core@ui@modules@UModSys@@UEAA_NHAEAU?$TVector2@H@math3d@5@PEAU675@@Z 00000001800094bc f   umodsys_lib_libui:umodsys.mod.ui.SDL_core.obj
 0001:000084bc       ?mouse_setposition@RMouseController@SDL_core@ui@modules@UModSys@@UEAA_NHH@Z 00000001800094bc f   umodsys_lib_libui:umodsys.mod.ui.SDL_core.obj
 0001:000084bc       ?command_draw@RTest1_Shell@test1@test@modules@UModSys@@UEAA_NAEBUSController@libui@5@PEAUIRenderDriver@lib2d@5@AEBU?$TBoundBox2@H@math3d@5@@Z 00000001800094bc f   plugin_test1.obj
 0001:000084bc       ?set_layer_count@RMultiImage2D_SDL_ttf@SDL_core@ui@modules@UModSys@@UEAA_NH@Z 00000001800094bc f   umodsys_lib_libui:umodsys.mod.ui.SDL_core.obj
 0001:000084bc       ?output_attach_3d@RCollector@frames@ui@modules@UModSys@@UEAA_NPEAUIRenderDriver@lib3d@5@H@Z 00000001800094bc f   umodsys_lib_libui:umodsys.mod.ui.frames.obj
 0001:000084bc       ?mouse_reset@RMouseController@SDL_core@ui@modules@UModSys@@UEAA_NXZ 00000001800094bc f   umodsys_lib_libui:umodsys.mod.ui.SDL_core.obj
 0001:000084bc       ?key_event@RFrame_Common@frames@ui@modules@UModSys@@MEAA_NAEBUSKeyboardInputText@libui@5@@Z 00000001800094bc f   umodsys_lib_libui:umodsys.mod.ui.frames.obj
 0001:000084bc       ?set_insize@RFrame_Common@frames@ui@modules@UModSys@@UEAA_NAEBU?$TVector2@H@math3d@5@@Z 00000001800094bc f   umodsys_lib_libui:umodsys.mod.ui.frames.obj
 0001:000084bc       ?get_max_cell_size@RMultiImage2D_SDL_ttf@SDL_core@ui@modules@UModSys@@UEAA_NAEAU?$TVector2@H@math3d@5@@Z 00000001800094bc f   umodsys_lib_libui:umodsys.mod.ui.SDL_core.obj
 0001:000084bc       ?key_reset@RKeyboardController@SDL_core@ui@modules@UModSys@@UEAA_NXZ 00000001800094bc f   umodsys_lib_libui:umodsys.mod.ui.SDL_core.obj
 0001:000084c0       ?get_parent@RFrame_Common@frames@ui@modules@UModSys@@UEAAPEAUIFrame@libui@5@XZ 00000001800094c0 f   umodsys_lib_libui:umodsys.mod.ui.frames.obj
 0001:000084c8       ?get_list@RFrame_Image@frames@ui@modules@UModSys@@UEAAPEAUIFrameList@libui@5@XZ 00000001800094c8 f   umodsys_lib_libui:umodsys.mod.ui.frames.obj
 0001:000084c8       ?get_hwinfo@RImage_Memory@stdlib@lib2d@modules@UModSys@@UEAAPEAXPEBUSUniquePointerInfo@core@5@@Z 00000001800094c8 f   umodsys_lib_lib2d:umodsys.mod.2d.stdlib.obj
 0001:000084c8       ?get_data@RFrame_Frame@frames@ui@modules@UModSys@@UEAAPEAUIFrameData@libui@5@XZ 00000001800094c8 f   umodsys_lib_libui:umodsys.mod.ui.frames.obj
 0001:000084c8       ?get_ctrldata@RFrame_Image@frames@ui@modules@UModSys@@UEAAPEAUIControllerData@libui@5@XZ 00000001800094c8 f   umodsys_lib_libui:umodsys.mod.ui.frames.obj
 0001:000084c8       ?get_handler@RTerminal@SDL_core@ui@modules@UModSys@@UEBAPEAUIRefObject@core@5@PEBUSUniquePointerInfo@75@PEBD@Z 00000001800094c8 f   umodsys_lib_libui:umodsys.mod.ui.SDL_core.obj
 0001:000084c8       ?get_ctrldata@RFrame_Edit@frames@ui@modules@UModSys@@UEAAPEAUIControllerData@libui@5@XZ 00000001800094c8 f   umodsys_lib_libui:umodsys.mod.ui.frames.obj
 0001:000084c8       ?get_ctrldata@RFrame_Text@frames@ui@modules@UModSys@@UEAAPEAUIControllerData@libui@5@XZ 00000001800094c8 f   umodsys_lib_libui:umodsys.mod.ui.frames.obj
 0001:000084c8       ?get_ctrldata@RFrame_List@frames@ui@modules@UModSys@@UEAAPEAUIControllerData@libui@5@XZ 00000001800094c8 f   umodsys_lib_libui:umodsys.mod.ui.frames.obj
 0001:000084c8       ?get_data@RFrame_Image@frames@ui@modules@UModSys@@UEAAPEAUIFrameData@libui@5@XZ 00000001800094c8 f   umodsys_lib_libui:umodsys.mod.ui.frames.obj
 0001:000084c8       ?get_list@RFrame_Text@frames@ui@modules@UModSys@@UEAAPEAUIFrameList@libui@5@XZ 00000001800094c8 f   umodsys_lib_libui:umodsys.mod.ui.frames.obj
[...]
 0001:0001bf94       ??__E?s_modreg_chain@RModuleReg@zlib@media@modules@UModSys@@2USModuleRegChain@base@5@A@@YAXXZ 000000018001cf94 f    CIL library: CIL module
 0001:0001bfbc       ??__E?s_uid@RGenerator@zlib@media@modules@UModSys@@2USUniquePointer@core@5@A@@YAXXZ 000000018001cfbc f    CIL library: CIL module
 0001:0001bff0       ??__E?s_id@?$TObjectUniqueID@URBinArchiveFrameClient_ZIP@zlib@media@modules@UModSys@@@tl@UModSys@@2USUniquePointer@core@3@A@@YAXXZ 000000018001cff0 f    CIL library: CIL module
 0001:0001c024       ??__E?s_id@?$TObjectUniqueID@URGenerator@zlib@media@modules@UModSys@@@tl@UModSys@@2USUniquePointer@core@3@A@@YAXXZ 000000018001d024 f    CIL library: CIL module
 0001:0001c058       ??__EM@UModSys@@YAXXZ      000000018001d058 f    CIL library: CIL module
 0001:0001c064       ??__E?root@SModuleRegChain@base@UModSys@@2U123@A@@YAXXZ 000000018001d064 f    CIL library: CIL module
 0001:0001c070       ??__E?s_library@RModuleLibraryReg_Chain@base@UModSys@@2U123@A@@YAXXZ 000000018001d070 f    CIL library: CIL module
 0001:0001c07c       ??__E?root@SUniquePointer@core@UModSys@@2U123@A@@YAXXZ 000000018001d07c f    CIL library: CIL module
 0001:0001c088       ??__F?s_modreg@RModuleReg@test1@test@modules@UModSys@@2U12345@A@@YAXXZ 000000018001d088 f    CIL library: CIL module
 0001:0001c098       ??__F?s_modreg_chain@RModuleReg@test1@test@modules@UModSys@@2USModuleRegChain@base@5@A@@YAXXZ 000000018001d098 f    CIL library: CIL module
 0001:0001c0a4       ??__F?s_uid@RGenerator@test1@test@modules@UModSys@@2USUniquePointer@core@5@A@@YAXXZ 000000018001d0a4 f    CIL library: CIL module
 0001:0001c0b0       ??__Fh@?1??s_holder@RGenerator@test1@test@modules@UModSys@@SAAEAU?$TTypeStaticHolder@URGenerator@test1@test@modules@UModSys@@@tl@5@XZ@YAXXZ 000000018001d0b0 f    CIL library: CIL module
 0001:0001c0d8       ??__F?s_id@?$TObjectUniqueID@URGenerator@test1@test@modules@UModSys@@@tl@UModSys@@2USUniquePointer@core@3@A@@YAXXZ 000000018001d0d8 f    CIL library: CIL module
 0001:0001c0e4       ??__F?s_id@?$TObjectUniqueID@URTest1_Shell@test1@test@modules@UModSys@@@tl@UModSys@@2USUniquePointer@core@3@A@@YAXXZ 000000018001d0e4 f    CIL library: CIL module
 0001:0001c0f0       ??__F?s_id@?$TObjectUniqueID@URLines_Filter@test1@test@modules@UModSys@@@tl@UModSys@@2USUniquePointer@core@3@A@@YAXXZ 000000018001d0f0 f    CIL library: CIL module
 0001:0001c0fc       ??__F?s_id@?$TObjectUniqueID@URLines@test1@test@modules@UModSys@@@tl@UModSys@@2USUniquePointer@core@3@A@@YAXXZ 000000018001d0fc f    CIL library: CIL module
 0001:0001c108       ??__F?s_id@?$TObjectUniqueID@UILines@test1@test@modules@UModSys@@@tl@UModSys@@2USUniquePointer@core@3@A@@YAXXZ 000000018001d108 f    CIL library: CIL module
 0001:0001c114       ??__F?s_id@?$TObjectUniqueID@UIRenderDriver@lib2d@UModSys@@@tl@UModSys@@2USUniquePointer@core@3@A@@YAXXZ 000000018001d114 f    CIL library: CIL module
 0001:0001c120       ??__F?s_id@?$TObjectUniqueID@UIMultiImage@lib2d@UModSys@@@tl@UModSys@@2USUniquePointer@core@3@A@@YAXXZ 000000018001d120 f    CIL library: CIL module
 0001:0001c12c       ??__F?s_id@?$TObjectUniqueID@UIImage@lib2d@UModSys@@@tl@UModSys@@2USUniquePointer@core@3@A@@YAXXZ 000000018001d12c f    CIL library: CIL module
 0001:0001c138       ??__F?s_id@?$TObjectUniqueID@UIDialog@libui@UModSys@@@tl@UModSys@@2USUniquePointer@core@3@A@@YAXXZ 000000018001d138 f    CIL library: CIL module
 0001:0001c144       ??__F?s_id@?$TObjectUniqueID@UIFrame@libui@UModSys@@@tl@UModSys@@2USUniquePointer@core@3@A@@YAXXZ 000000018001d144 f    CIL library: CIL module
 0001:0001c150       ??__F?s_id@?$TObjectUniqueID@UIAsyncCollector@libui@UModSys@@@tl@UModSys@@2USUniquePointer@core@3@A@@YAXXZ 000000018001d150 f    CIL library: CIL module
 0001:0001c15c       ??__F?s_id@?$TObjectUniqueID@UIAsyncController@libui@UModSys@@@tl@UModSys@@2USUniquePointer@core@3@A@@YAXXZ 000000018001d15c f    CIL library: CIL module
 0001:0001c168       ??__F?s_id@?$TObjectUniqueID@UICollector@libui@UModSys@@@tl@UModSys@@2USUniquePointer@core@3@A@@YAXXZ 000000018001d168 f    CIL library: CIL module
 0001:0001c174       ??__F?s_id@?$TObjectUniqueID@UIConsoleHelperInput_UIKey@libui@UModSys@@@tl@UModSys@@2USUniquePointer@core@3@A@@YAXXZ 000000018001d174 f    CIL library: CIL module
 0001:0001c180       ??__F?s_id@?$TObjectUniqueID@UITerminal@libui@UModSys@@@tl@UModSys@@2USUniquePointer@core@3@A@@YAXXZ 000000018001d180 f    CIL library: CIL module
 0001:0001c18c       ??__F?s_id@?$TObjectUniqueID@UIJoystickController@libui@UModSys@@@tl@UModSys@@2USUniquePointer@core@3@A@@YAXXZ 000000018001d18c f    CIL library: CIL module
 0001:0001c198       ??__F?s_id@?$TObjectUniqueID@UIMouseController@libui@UModSys@@@tl@UModSys@@2USUniquePointer@core@3@A@@YAXXZ 000000018001d198 f    CIL library: CIL module
 0001:0001c1a4       ??__F?s_id@?$TObjectUniqueID@UIKeyboardController@libui@UModSys@@@tl@UModSys@@2USUniquePointer@core@3@A@@YAXXZ 000000018001d1a4 f    CIL library: CIL module
 0001:0001c1b0       ??__F?s_id@?$TObjectUniqueID@UIConsoleHelperOutputFCS@base@UModSys@@@tl@UModSys@@2USUniquePointer@core@3@A@@YAXXZ 000000018001d1b0 f    CIL library: CIL module
 0001:0001c1bc       ??__F?s_id@?$TObjectUniqueID@UIConsoleHelperOutput@base@UModSys@@@tl@UModSys@@2USUniquePointer@core@3@A@@YAXXZ 000000018001d1bc f    CIL library: CIL module
 0001:0001c1c8       ??__F?s_id@?$TObjectUniqueID@UIConsoleHelperInput@base@UModSys@@@tl@UModSys@@2USUniquePointer@core@3@A@@YAXXZ 000000018001d1c8 f    CIL library: CIL module
 0001:0001c1d4       ??__F?s_id@?$TObjectUniqueID@UIConsoleHelperHistory@base@UModSys@@@tl@UModSys@@2USUniquePointer@core@3@A@@YAXXZ 000000018001d1d4 f    CIL library: CIL module
 0001:0001c1e0       ??__F?s_id@?$TObjectUniqueID@UIConsoleHelper@base@UModSys@@@tl@UModSys@@2USUniquePointer@core@3@A@@YAXXZ 000000018001d1e0 f    CIL library: CIL module
 0001:0001c1ec       ??__F?s_id@?$TObjectUniqueID@UIConsoleExt@base@UModSys@@@tl@UModSys@@2USUniquePointer@core@3@A@@YAXXZ 000000018001d1ec f    CIL library: CIL module
 0001:0001c1f8       ??__F?s_id@?$TObjectUniqueID@UISerializeWriter@libmedia@UModSys@@@tl@UModSys@@2USUniquePointer@core@3@A@@YAXXZ 000000018001d1f8 f    CIL library: CIL module
 0001:0001c204       ??__F?s_id@?$TObjectUniqueID@UISerializeReader@libmedia@UModSys@@@tl@UModSys@@2USUniquePointer@core@3@A@@YAXXZ 000000018001d204 f    CIL library: CIL module
 0001:0001c210       ??__F?s_id@?$TObjectUniqueID@UIClient@IBinArchiveFrame@libmedia@UModSys@@@tl@UModSys@@2USUniquePointer@core@3@A@@YAXXZ 000000018001d210 f    CIL library: CIL module
 0001:0001c21c       ??__F?s_id@?$TObjectUniqueID@UIBinArchiveFrame@libmedia@UModSys@@@tl@UModSys@@2USUniquePointer@core@3@A@@YAXXZ 000000018001d21c f    CIL library: CIL module
 0001:0001c228       ??__F?s_id@?$TObjectUniqueID@UILibraryLayered@libmedia@UModSys@@@tl@UModSys@@2USUniquePointer@core@3@A@@YAXXZ 000000018001d228 f    CIL library: CIL module
 0001:0001c234       ??__F?s_id@?$TObjectUniqueID@UILibraryObjCache@libmedia@UModSys@@@tl@UModSys@@2USUniquePointer@core@3@A@@YAXXZ 000000018001d234 f    CIL library: CIL module
 0001:0001c240       ??__F?s_id@?$TObjectUniqueID@UILibraryObjFilter@libmedia@UModSys@@@tl@UModSys@@2USUniquePointer@core@3@A@@YAXXZ 000000018001d240 f    CIL library: CIL module
 0001:0001c24c       ??__F?s_id@?$TObjectUniqueID@UILibraryBinCache@libmedia@UModSys@@@tl@UModSys@@2USUniquePointer@core@3@A@@YAXXZ 000000018001d24c f    CIL library: CIL module
 0001:0001c258       ??__F?s_id@?$TObjectUniqueID@UILibraryBinTree@libmedia@UModSys@@@tl@UModSys@@2USUniquePointer@core@3@A@@YAXXZ 000000018001d258 f    CIL library: CIL module
 0001:0001c264       ??__F?s_id@?$TObjectUniqueID@UILibrary@libmedia@UModSys@@@tl@UModSys@@2USUniquePointer@core@3@A@@YAXXZ 000000018001d264 f    CIL library: CIL module
 0001:0001c270       ??__F?s_id@?$TObjectUniqueID@UIBinObjFilter@libmedia@UModSys@@@tl@UModSys@@2USUniquePointer@core@3@A@@YAXXZ 000000018001d270 f    CIL library: CIL module
 0001:0001c27c       ??__F?s_id@?$TObjectUniqueID@UIBinArchive@libmedia@UModSys@@@tl@UModSys@@2USUniquePointer@core@3@A@@YAXXZ 000000018001d27c f    CIL library: CIL module
 0001:0001c288       ??__F?s_id@?$TObjectUniqueID@UILibObject@libmedia@UModSys@@@tl@UModSys@@2USUniquePointer@core@3@A@@YAXXZ 000000018001d288 f    CIL library: CIL module
 0001:0001c294       ??__F?s_id@?$TObjectUniqueID@UIUtilities@libmedia@UModSys@@@tl@UModSys@@2USUniquePointer@core@3@A@@YAXXZ 000000018001d294 f    CIL library: CIL module
 0001:0001c2a0       ??__F?s_id@?$TObjectUniqueID@UIStreamWriter@libmedia@UModSys@@@tl@UModSys@@2USUniquePointer@core@3@A@@YAXXZ 000000018001d2a0 f    CIL library: CIL module
 0001:0001c2ac       ??__F?s_id@?$TObjectUniqueID@UIStreamReader@libmedia@UModSys@@@tl@UModSys@@2USUniquePointer@core@3@A@@YAXXZ 000000018001d2ac f    CIL library: CIL module
 0001:0001c2b8       ??__F?s_id@?$TObjectUniqueID@UISystem@base@UModSys@@@tl@UModSys@@2USUniquePointer@core@3@A@@YAXXZ 000000018001d2b8 f    CIL library: CIL module
 0001:0001c2c4       ??__F?s_id@?$TObjectUniqueID@UIConsole@base@UModSys@@@tl@UModSys@@2USUniquePointer@core@3@A@@YAXXZ 000000018001d2c4 f    CIL library: CIL module
 0001:0001c2d0       ??__F?s_id@?$TObjectUniqueID@UIShell@base@UModSys@@@tl@UModSys@@2USUniquePointer@core@3@A@@YAXXZ 000000018001d2d0 f    CIL library: CIL module
 0001:0001c2dc       ??__F?s_id@?$TObjectUniqueID@UIGenerator@base@UModSys@@@tl@UModSys@@2USUniquePointer@core@3@A@@YAXXZ 000000018001d2dc f    CIL library: CIL module
 0001:0001c2e8       ??__F?s_id@?$TObjectUniqueID@UIModObject@base@UModSys@@@tl@UModSys@@2USUniquePointer@core@3@A@@YAXXZ 000000018001d2e8 f    CIL library: CIL module
 0001:0001c2f4       ??__F?s_id@?$TObjectUniqueID@UIModuleLibrary@base@UModSys@@@tl@UModSys@@2USUniquePointer@core@3@A@@YAXXZ 000000018001d2f4 f    CIL library: CIL module
 0001:0001c300       ??__F?s_id@?$TObjectUniqueID@UIModule@base@UModSys@@@tl@UModSys@@2USUniquePointer@core@3@A@@YAXXZ 000000018001d300 f    CIL library: CIL module
 0001:0001c30c       ??__F?s_id@?$TObjectUniqueID@UIParameters@core@UModSys@@@tl@UModSys@@2USUniquePointer@core@3@A@@YAXXZ 000000018001d30c f    CIL library: CIL module
 0001:0001c318       ??__F?s_id@?$TObjectUniqueID@UIRefObject@core@UModSys@@@tl@UModSys@@2USUniquePointer@core@3@A@@YAXXZ 000000018001d318 f    CIL library: CIL module
 0001:0001c324       ??__F?s_id@?$TObjectUniqueID@UIRoot@core@UModSys@@@tl@UModSys@@2USUniquePointer@core@3@A@@YAXXZ 000000018001d324 f    CIL library: CIL module
 0001:0001c330       ??__F?s_modreg@RModuleReg@stdlib@lib2d@modules@UModSys@@2U12345@A@@YAXXZ 000000018001d330 f    CIL library: CIL module
 0001:0001c340       ??__F?s_modreg_chain@RModuleReg@stdlib@lib2d@modules@UModSys@@2USModuleRegChain@base@5@A@@YAXXZ 000000018001d340 f    CIL library: CIL module
 0001:0001c34c       ??__F?s_uid@RGenerator@stdlib@lib2d@modules@UModSys@@2USUniquePointer@core@5@A@@YAXXZ 000000018001d34c f    CIL library: CIL module
 0001:0001c358       ??__Fh@?1??s_holder@RGenerator@stdlib@lib2d@modules@UModSys@@SAAEAU?$TTypeStaticHolder@URGenerator@stdlib@lib2d@modules@UModSys@@@tl@5@XZ@YAXXZ 000000018001d358 f    CIL library: CIL module
 0001:0001c380       ??__F?s_id@?$TObjectUniqueID@URGenerator@stdlib@lib2d@modules@UModSys@@@tl@UModSys@@2USUniquePointer@core@3@A@@YAXXZ 000000018001d380 f    CIL library: CIL module
 0001:0001c38c       ??__F?s_id@?$TObjectUniqueID@URImage_Memory@stdlib@lib2d@modules@UModSys@@@tl@UModSys@@2USUniquePointer@core@3@A@@YAXXZ 000000018001d38c f    CIL library: CIL module
 0001:0001c398       ??__F?s_modreg@RModuleReg@SDL_core@ui@modules@UModSys@@2U12345@A@@YAXXZ 000000018001d398 f    CIL library: CIL module
 0001:0001c3a8       ??__F?s_modreg_chain@RModuleReg@SDL_core@ui@modules@UModSys@@2USModuleRegChain@base@5@A@@YAXXZ 000000018001d3a8 f    CIL library: CIL module
 0001:0001c3b4       ??__F?s_uid@RGenerator@SDL_core@ui@modules@UModSys@@2USUniquePointer@core@5@A@@YAXXZ 000000018001d3b4 f    CIL library: CIL module
 0001:0001c3c0       ??__Fh@?1??s_holder@RGenerator@SDL_core@ui@modules@UModSys@@SAAEAU?$TTypeStaticHolder@URGenerator@SDL_core@ui@modules@UModSys@@@tl@5@XZ@YAXXZ 000000018001d3c0 f    CIL library: CIL module
 0001:0001c3e8       ??__F?s_id@?$TObjectUniqueID@URGenerator@SDL_core@ui@modules@UModSys@@@tl@UModSys@@2USUniquePointer@core@3@A@@YAXXZ 000000018001d3e8 f    CIL library: CIL module
 0001:0001c3f4       ??__F?s_id@?$TObjectUniqueID@URTerminal@SDL_core@ui@modules@UModSys@@@tl@UModSys@@2USUniquePointer@core@3@A@@YAXXZ 000000018001d3f4 f    CIL library: CIL module
 0001:0001c400       ??__F?s_id@?$TObjectUniqueID@URKeyboardController@SDL_core@ui@modules@UModSys@@@tl@UModSys@@2USUniquePointer@core@3@A@@YAXXZ 000000018001d400 f    CIL library: CIL module
 0001:0001c40c       ??__F?s_id@?$TObjectUniqueID@URMouseController@SDL_core@ui@modules@UModSys@@@tl@UModSys@@2USUniquePointer@core@3@A@@YAXXZ 000000018001d40c f    CIL library: CIL module
 0001:0001c418       ??__F?s_id@?$TObjectUniqueID@URRenderDriver2D@SDL_core@ui@modules@UModSys@@@tl@UModSys@@2USUniquePointer@core@3@A@@YAXXZ 000000018001d418 f    CIL library: CIL module
 0001:0001c424       ??__F?s_id@?$TObjectUniqueID@URMultiImage2D_SDL_ttf@SDL_core@ui@modules@UModSys@@@tl@UModSys@@2USUniquePointer@core@3@A@@YAXXZ 000000018001d424 f    CIL library: CIL module
 0001:0001c430       ??__F?s_modreg@RModuleReg@frames@ui@modules@UModSys@@2U12345@A@@YAXXZ 000000018001d430 f    CIL library: CIL module
 0001:0001c440       ??__F?s_modreg_chain@RModuleReg@frames@ui@modules@UModSys@@2USModuleRegChain@base@5@A@@YAXXZ 000000018001d440 f    CIL library: CIL module
 0001:0001c44c       ??__F?s_uid@RGenerator@frames@ui@modules@UModSys@@2USUniquePointer@core@5@A@@YAXXZ 000000018001d44c f    CIL library: CIL module
 0001:0001c458       ??__Fh@?1??s_holder@RGenerator@frames@ui@modules@UModSys@@SAAEAU?$TTypeStaticHolder@URGenerator@frames@ui@modules@UModSys@@@tl@5@XZ@YAXXZ 000000018001d458 f    CIL library: CIL module
 0001:0001c480       ??__F?s_id@?$TObjectUniqueID@URGenerator@frames@ui@modules@UModSys@@@tl@UModSys@@2USUniquePointer@core@3@A@@YAXXZ 000000018001d480 f    CIL library: CIL module
 0001:0001c48c       ??__F?s_id@?$TObjectUniqueID@URCollector@frames@ui@modules@UModSys@@@tl@UModSys@@2USUniquePointer@core@3@A@@YAXXZ 000000018001d48c f    CIL library: CIL module
 0001:0001c498       ??__F?s_id@?$TObjectUniqueID@URFrame_List@frames@ui@modules@UModSys@@@tl@UModSys@@2USUniquePointer@core@3@A@@YAXXZ 000000018001d498 f    CIL library: CIL module
 0001:0001c4a4       ??__F?s_id@?$TObjectUniqueID@URFrame_Edit@frames@ui@modules@UModSys@@@tl@UModSys@@2USUniquePointer@core@3@A@@YAXXZ 000000018001d4a4 f    CIL library: CIL module
 0001:0001c4b0       ??__F?s_id@?$TObjectUniqueID@URFrame_Button@frames@ui@modules@UModSys@@@tl@UModSys@@2USUniquePointer@core@3@A@@YAXXZ 000000018001d4b0 f    CIL library: CIL module
 0001:0001c4bc       ??__F?s_id@?$TObjectUniqueID@URFrame_Text@frames@ui@modules@UModSys@@@tl@UModSys@@2USUniquePointer@core@3@A@@YAXXZ 000000018001d4bc f    CIL library: CIL module
 0001:0001c4c8       ??__F?s_id@?$TObjectUniqueID@URFrame_Image@frames@ui@modules@UModSys@@@tl@UModSys@@2USUniquePointer@core@3@A@@YAXXZ 000000018001d4c8 f    CIL library: CIL module
 0001:0001c4d4       ??__F?s_id@?$TObjectUniqueID@URFrame_Frame@frames@ui@modules@UModSys@@@tl@UModSys@@2USUniquePointer@core@3@A@@YAXXZ 000000018001d4d4 f    CIL library: CIL module
 0001:0001c4e0       ??__F?s_id@?$TObjectUniqueID@URDialog@frames@ui@modules@UModSys@@@tl@UModSys@@2USUniquePointer@core@3@A@@YAXXZ 000000018001d4e0 f    CIL library: CIL module
 0001:0001c4ec       ??__F?s_id@?$TObjectUniqueID@URFrame_Common@frames@ui@modules@UModSys@@@tl@UModSys@@2USUniquePointer@core@3@A@@YAXXZ 000000018001d4ec f    CIL library: CIL module
 0001:0001c4f8       ??__F?s_modreg@RModuleReg@images_std@media@modules@UModSys@@2U12345@A@@YAXXZ 000000018001d4f8 f    CIL library: CIL module
 0001:0001c508       ??__F?s_modreg_chain@RModuleReg@images_std@media@modules@UModSys@@2USModuleRegChain@base@5@A@@YAXXZ 000000018001d508 f    CIL library: CIL module
 0001:0001c514       ??__F?s_uid@RGenerator@images_std@media@modules@UModSys@@2USUniquePointer@core@5@A@@YAXXZ 000000018001d514 f    CIL library: CIL module
 0001:0001c520       ??__Fh@?1??s_holder@RGenerator@images_std@media@modules@UModSys@@SAAEAU?$TTypeStaticHolder@URGenerator@images_std@media@modules@UModSys@@@tl@5@XZ@YAXXZ 000000018001d520 f    CIL library: CIL module
 0001:0001c548       ??__F?s_id@?$TObjectUniqueID@URGenerator@images_std@media@modules@UModSys@@@tl@UModSys@@2USUniquePointer@core@3@A@@YAXXZ 000000018001d548 f    CIL library: CIL module
 0001:0001c554       ??__F?s_id@?$TObjectUniqueID@URMediaFilter@images_std@media@modules@UModSys@@@tl@UModSys@@2USUniquePointer@core@3@A@@YAXXZ 000000018001d554 f    CIL library: CIL module
 0001:0001c560       ??__F?s_modreg@RModuleReg@serialize_json@media@modules@UModSys@@2U12345@A@@YAXXZ 000000018001d560 f    CIL library: CIL module
 0001:0001c570       ??__F?s_modreg_chain@RModuleReg@serialize_json@media@modules@UModSys@@2USModuleRegChain@base@5@A@@YAXXZ 000000018001d570 f    CIL library: CIL module
 0001:0001c57c       ??__F?s_uid@RGenerator@serialize_json@media@modules@UModSys@@2USUniquePointer@core@5@A@@YAXXZ 000000018001d57c f    CIL library: CIL module
 0001:0001c588       ??__Fh@?1??s_holder@RGenerator@serialize_json@media@modules@UModSys@@SAAEAU?$TTypeStaticHolder@URGenerator@serialize_json@media@modules@UModSys@@@tl@5@XZ@YAXXZ 000000018001d588 f    CIL library: CIL module
 0001:0001c5b0       ??__F?s_id@?$TObjectUniqueID@URGenerator@serialize_json@media@modules@UModSys@@@tl@UModSys@@2USUniquePointer@core@3@A@@YAXXZ 000000018001d5b0 f    CIL library: CIL module
 0001:0001c5bc       ??__F?s_id@?$TObjectUniqueID@URSerializeWriter@serialize_json@media@modules@UModSys@@@tl@UModSys@@2USUniquePointer@core@3@A@@YAXXZ 000000018001d5bc f    CIL library: CIL module
 0001:0001c5c8       ??__F?s_id@?$TObjectUniqueID@URSerializeReader@serialize_json@media@modules@UModSys@@@tl@UModSys@@2USUniquePointer@core@3@A@@YAXXZ 000000018001d5c8 f    CIL library: CIL module
 0001:0001c5d4       ??__F?s_modreg@RModuleReg@zlib@media@modules@UModSys@@2U12345@A@@YAXXZ 000000018001d5d4 f    CIL library: CIL module
 0001:0001c5e4       ??__F?s_modreg_chain@RModuleReg@zlib@media@modules@UModSys@@2USModuleRegChain@base@5@A@@YAXXZ 000000018001d5e4 f    CIL library: CIL module
 0001:0001c5f0       ??__F?s_uid@RGenerator@zlib@media@modules@UModSys@@2USUniquePointer@core@5@A@@YAXXZ 000000018001d5f0 f    CIL library: CIL module
 0001:0001c5fc       ??__Fh@?1??s_holder@RGenerator@zlib@media@modules@UModSys@@SAAEAU?$TTypeStaticHolder@URGenerator@zlib@media@modules@UModSys@@@tl@5@XZ@YAXXZ 000000018001d5fc f    CIL library: CIL module
 0001:0001c624       ??__F?s_id@?$TObjectUniqueID@URGenerator@zlib@media@modules@UModSys@@@tl@UModSys@@2USUniquePointer@core@3@A@@YAXXZ 000000018001d624 f    CIL library: CIL module
 0001:0001c630       ??__F?s_id@?$TObjectUniqueID@URBinArchiveFrameClient_ZIP@zlib@media@modules@UModSys@@@tl@UModSys@@2USUniquePointer@core@3@A@@YAXXZ 000000018001d630 f    CIL library: CIL module
 0001:0001c63c       ??__FM@UModSys@@YAXXZ      000000018001d63c f    CIL library: CIL module
 0001:0001c640       ??__F?root@SModuleRegChain@base@UModSys@@2U123@A@@YAXXZ 000000018001d640 f    CIL library: CIL module
 0001:0001c64c       ??__F?s_library@RModuleLibraryReg_Chain@base@UModSys@@2U123@A@@YAXXZ 000000018001d64c f    CIL library: CIL module
 0001:0001c65c       ??__F?root@SUniquePointer@core@UModSys@@2U123@A@@YAXXZ 000000018001d65c f    CIL library: CIL module

 Exports

  ordinal    name

        1    UModSys_Plugin_Entry2
