 plugin_test1

 Timestamp is 53304032 (Mon Mar 24 17:24:50 2014)

 Preferred load address is 0000000180000000

 Start         Length     Name                   Class
 0001:00000000 00035980H .text                   CODE
 0001:00035980 0000005eH .text$00                CODE
 0001:000359e0 00001b68H .text$x                 CODE
 0001:00037548 00001d00H .text$yc                CODE
 0001:00039248 000008f4H .text$yd                CODE
 0002:00000000 00000410H .idata$5                DATA
 0002:00000410 00000008H .CRT$XCA                DATA
 0002:00000418 000021b0H .CRT$XCU                DATA
 0002:000025c8 00000008H .CRT$XCZ                DATA
 0002:000025d0 00000008H .CRT$XIA                DATA
 0002:000025d8 00000008H .CRT$XIAA               DATA
 0002:000025e0 00000008H .CRT$XIZ                DATA
 0002:000025f0 000109e8H .rdata                  DATA
 0002:00012fe0 00003284H .rdata$r                DATA
 0002:00016268 00000008H .rtc$IAA                DATA
 0002:00016270 00000008H .rtc$IZZ                DATA
 0002:00016278 00000008H .rtc$TAA                DATA
 0002:00016280 00000008H .rtc$TZZ                DATA
 0002:00016288 000030e0H .xdata                  DATA
 0002:00019368 00000078H .idata$2                DATA
 0002:000193e0 00000014H .idata$3                DATA
 0002:000193f8 00000410H .idata$4                DATA
 0002:00019808 00000908H .idata$6                DATA
 0002:0001a110 00000059H .edata                  DATA
 0003:00000000 00001b50H .data                   DATA
 0003:00001b50 00002510H .bss                    DATA
 0004:00000000 0000288cH .pdata                  DATA

  Address         Publics by Value              Rva+Base               Lib:Object

 0000:00000000       ___safe_se_handler_count   0000000000000000     <absolute>
 0000:00000000       ___safe_se_handler_table   0000000000000000     <absolute>
 0000:00000000       __ImageBase                0000000180000000     <linker-defined>
 0001:00000000       ??1State@RImage_Memory@stdlib@lib2d@modules@UModSys@@QEAA@XZ 0000000180001000 f i umodsys_lib_lib2d:umodsys.mod.2d.stdlib.obj
 0001:00000000       ??1SCMemShared@core@UModSys@@QEAA@XZ 0000000180001000 f i plugin_test1.obj
 0001:00000000       ??1SMemShared@core@UModSys@@QEAA@XZ 0000000180001000 f i plugin_test1.obj
 0001:00000030       ??6SUniquePtrList@core@UModSys@@QEAAAEAU012@PEBUSUniquePointerInfo@12@@Z 0000000180001030 f i plugin_test1.obj
 0001:000000e8       ??3IRoot@core@UModSys@@SAXPEAXAEBUSIMemAlloc@12@@Z 00000001800010e8 f i plugin_test1.obj
 0001:00000114       ??1?$TParametersA@$0BAL@@core@UModSys@@QEAA@XZ 0000000180001114 f i umodsys_lib_lib2d:umodsys.mod.2d.stdlib.obj
 0001:00000114       ??1?$TParametersA@$0BAA@@core@UModSys@@QEAA@XZ 0000000180001114 f i umodsys_lib_libui:umodsys.mod.ui.SDL_core.obj
 0001:00000114       ??1SParameters@core@UModSys@@QEAA@XZ 0000000180001114 f i plugin_test1.obj
 0001:00000114       ??1?$TParametersA@$0EAA@@core@UModSys@@QEAA@XZ 0000000180001114 f i plugin_test1.obj
 0001:00000130       ??1IBinObjFilter@libmedia@UModSys@@UEAA@XZ 0000000180001130 f i plugin_test1.obj
 0001:0000016c       ?root_get_interface_info@RTest1_Shell@test1@test@modules@UModSys@@UEBAAEBUSUniquePointerInfo@core@5@XZ 000000018000116c f i plugin_test1.obj
 0001:00000174       ?root_get_interface_type@RTest1_Shell@test1@test@modules@UModSys@@UEBAPEBUSUniquePointerInfo@core@5@XZ 0000000180001174 f i plugin_test1.obj
 0001:0000017c       ?root_get_other_interface@RTest1_Shell@test1@test@modules@UModSys@@UEAAPEAUIRoot@core@5@PEBUSUniquePointerInfo@75@@Z 000000018000117c f i plugin_test1.obj
 0001:0000017c       ?root_get_other_interface@RTest1_Shell@test1@test@modules@UModSys@@UEBAPEBUIRoot@core@5@PEBUSUniquePointerInfo@75@@Z 000000018000117c f i plugin_test1.obj
 0001:000001ac       ?root_is_interface_supported@RTest1_Shell@test1@test@modules@UModSys@@UEBA_NPEBUSUniquePointerInfo@core@5@@Z 00000001800011ac f i plugin_test1.obj
 0001:000001dc       ?ref_add@RTest1_Shell@test1@test@modules@UModSys@@UEBAXXZ 00000001800011dc f i plugin_test1.obj
 0001:000001e0       ?ref_remove@RTest1_Shell@test1@test@modules@UModSys@@UEBAXXZ 00000001800011e0 f i plugin_test1.obj
 0001:000001f8       ?ref_links@RTest1_Shell@test1@test@modules@UModSys@@UEBAHXZ 00000001800011f8 f i plugin_test1.obj
 0001:000001fc       ?ref_weak@RTest1_Shell@test1@test@modules@UModSys@@UEBA_NAEAUWeakPointer@IRefObject@core@5@@Z 00000001800011fc f i plugin_test1.obj
 0001:0000021c       ?suicide@RTest1_Shell@test1@test@modules@UModSys@@UEAAXXZ 000000018000121c f i plugin_test1.obj
 0001:00000268       ??0RTest1_Shell@test1@test@modules@UModSys@@QEAA@PEAUIModObject@base@4@@Z 0000000180001268 f i plugin_test1.obj
 0001:000003b4       ?connect@RTest1_Shell@test1@test@modules@UModSys@@UEAA_NXZ 00000001800013b4 f i plugin_test1.obj
 0001:000003d8       ?disconnect@RTest1_Shell@test1@test@modules@UModSys@@UEAA_NXZ 00000001800013d8 f i plugin_test1.obj
 0001:000003fc       ?process_tick@RTest1_Shell@test1@test@modules@UModSys@@UEAA_NAEBUSTimeMsec@core@5@@Z 00000001800013fc f i plugin_test1.obj
 0001:00000438       ?process_command@RTest1_Shell@test1@test@modules@UModSys@@UEAA_NHQEBU?$TString@U?$TSCoreConst@D@su@tl@UModSys@@U?$TComparerBinaryHash@D@234@@tl@5@@Z 0000000180001438 f i plugin_test1.obj
 0001:00000460       ??_ERTest1_Shell@test1@test@modules@UModSys@@UEAAPEAXI@Z 0000000180001460 f i  CIL library: CIL module
 0001:00000460       ??_GRTest1_Shell@test1@test@modules@UModSys@@UEAAPEAXI@Z 0000000180001460 f i plugin_test1.obj
 0001:00000528       ?set_value@Prop@Aux@RTest1_Shell@test1@test@modules@UModSys@@UEAA_NAEBUSPropValueR@core@7@@Z 0000000180001528 f i plugin_test1.obj
 0001:000005d4       ?set_value@PropX@Aux@RTest1_Shell@test1@test@modules@UModSys@@UEAA_NPEBUSUniquePointerInfo@core@7@AEBUSPropValueR@97@@Z 00000001800015d4 f i plugin_test1.obj
 0001:00000740       ?aux_tests@RTest1_Shell@test1@test@modules@UModSys@@QEAAXXZ 0000000180001740 f   plugin_test1.obj
 0001:00000908       ?ui_newframes@RTest1_Shell@test1@test@modules@UModSys@@SA?AU?$TRefObject@UICollector@libui@UModSys@@U?$TRefObjectFunc@UICollector@libui@UModSys@@@tl@3@@tl@5@AEBU?$TString@U?$TSCoreConst@D@su@tl@UModSys@@U?$TComparerBinaryHash@D@234@@75@AEBUSParameters@core@5@@Z 0000000180001908 f   plugin_test1.obj
 0001:0000092c       ?ui_newterm@RTest1_Shell@test1@test@modules@UModSys@@SA?AU?$TRefObject@UITerminal@libui@UModSys@@U?$TRefObjectFunc@UITerminal@libui@UModSys@@@tl@3@@tl@5@AEBU?$TString@U?$TSCoreConst@D@su@tl@UModSys@@U?$TComparerBinaryHash@D@234@@75@AEBUSParameters@core@5@@Z 000000018000192c f   plugin_test1.obj
 0001:00000950       ?key_pressed@RTest1_Shell@test1@test@modules@UModSys@@UEAA_NAEBUSKeyboardInputRaw@libui@5@@Z 0000000180001950 f   plugin_test1.obj
 0001:000009b8       ?key_text@RTest1_Shell@test1@test@modules@UModSys@@UEAA_NAEBUSKeyboardInputText@libui@5@@Z 00000001800019b8 f   plugin_test1.obj
 0001:00000a0c       ?mouse_event@RTest1_Shell@test1@test@modules@UModSys@@UEAA_NAEBUSMouseInput@libui@5@@Z 0000000180001a0c f   plugin_test1.obj
 0001:00000aa8       ?command@RTest1_Shell@test1@test@modules@UModSys@@UEAA_NAEBUSController@libui@5@HAEBUSFrameDataIn@75@@Z 0000000180001aa8 f   plugin_test1.obj
 0001:00000af8       ?db_get@RTest1_Shell@test1@test@modules@UModSys@@UEAA_NAEBUSController@libui@5@QEBDAEBUSFrameDataOut@75@@Z 0000000180001af8 f   plugin_test1.obj
 0001:00000b5c       ?db_get@RTest1_Shell@test1@test@modules@UModSys@@UEAA_NAEBUSController@libui@5@QEBDHAEBUSFrameDataOut@75@@Z 0000000180001b5c f   plugin_test1.obj
 0001:00000bc8       ?font_2d@UI_Info@RTest1_Shell@test1@test@modules@UModSys@@QEAA_NXZ 0000000180001bc8 f   plugin_test1.obj
 0001:00000d80       ?init_term@UI_Info@RTest1_Shell@test1@test@modules@UModSys@@QEAA_NPEBD@Z 0000000180001d80 f   plugin_test1.obj
 0001:000011b0       ?create_3d@UI_Info@RTest1_Shell@test1@test@modules@UModSys@@QEAA_NPEBD@Z 00000001800021b0 f   plugin_test1.obj
 0001:0000138c       ?new_frames@UI_Info@RTest1_Shell@test1@test@modules@UModSys@@QEAA_NPEAUIController@libui@6@@Z 000000018000238c f   plugin_test1.obj
 0001:00001b2c       ??1SFrameCreateParameters@libui@UModSys@@QEAA@XZ 0000000180002b2c f i plugin_test1.obj
 0001:00001b50       ?shutdown@UI_Info@RTest1_Shell@test1@test@modules@UModSys@@QEAAXXZ 0000000180002b50 f   plugin_test1.obj
 0001:00001ba4       ?new_va_1@UI_Info@RTest1_Shell@test1@test@modules@UModSys@@QEAA_NXZ 0000000180002ba4 f   plugin_test1.obj
 0001:000020ec       ?fps_move@UI_Info@RTest1_Shell@test1@test@modules@UModSys@@QEAAXNNN@Z 00000001800030ec f   plugin_test1.obj
 0001:0000230c       ?fps2_move@UI_Info@RTest1_Shell@test1@test@modules@UModSys@@QEAAXHN@Z 000000018000330c f   plugin_test1.obj
 0001:00002394       ?fps2_add_rot@UI_Info@RTest1_Shell@test1@test@modules@UModSys@@QEAAXNN@Z 0000000180003394 f   plugin_test1.obj
 0001:00002514       ?key_pressed@UI_Info@RTest1_Shell@test1@test@modules@UModSys@@UEAA_NAEBUSKeyboardInputRaw@libui@6@@Z 0000000180003514 f   plugin_test1.obj
 0001:000025c4       ?mouse_event@UI_Info@RTest1_Shell@test1@test@modules@UModSys@@UEAA_NAEBUSMouseInput@libui@6@@Z 00000001800035c4 f   plugin_test1.obj
 0001:00002634       ?cycle3d@UI_Info@RTest1_Shell@test1@test@modules@UModSys@@QEAAXXZ 0000000180003634 f   plugin_test1.obj
 0001:00002bb4       ??1UI_Info@RTest1_Shell@test1@test@modules@UModSys@@QEAA@XZ 0000000180003bb4 f i plugin_test1.obj
 0001:00002cac       ?ui_test2@RTest1_Shell@test1@test@modules@UModSys@@QEAAXXZ 0000000180003cac f   plugin_test1.obj
 0001:00002e68       ?get_generated_names@RGenerator@test1@test@modules@UModSys@@UEBAHAEAUSUniquePtrList@core@5@@Z 0000000180003e68 f i plugin_test1.obj
 0001:00002e88       ?get_generated_types@RGenerator@test1@test@modules@UModSys@@UEBAHAEAUSUniquePtrList@core@5@PEBUSUniquePointerInfo@75@@Z 0000000180003e88 f i plugin_test1.obj
 0001:00002ee4       ?generate@RGenerator@test1@test@modules@UModSys@@UEAA_NAEAU?$TRefObject@UIRefObject@core@UModSys@@U?$TRefObjectFunc@UIRefObject@core@UModSys@@@tl@3@@tl@5@PEBUSUniquePointerInfo@core@5@AEBUSParameters@95@@Z 0000000180003ee4 f i plugin_test1.obj
 0001:00002fa8       ?root_get_interface_info@RGenerator@test1@test@modules@UModSys@@UEBAAEBUSUniquePointerInfo@core@5@XZ 0000000180003fa8 f i plugin_test1.obj
 0001:00002fb0       ?root_get_interface_type@RGenerator@test1@test@modules@UModSys@@UEBAPEBUSUniquePointerInfo@core@5@XZ 0000000180003fb0 f i plugin_test1.obj
 0001:00002fb8       ?root_get_other_interface@RGenerator@test1@test@modules@UModSys@@UEAAPEAUIRoot@core@5@PEBUSUniquePointerInfo@75@@Z 0000000180003fb8 f i plugin_test1.obj
 0001:00002fb8       ?root_get_other_interface@RGenerator@test1@test@modules@UModSys@@UEBAPEBUIRoot@core@5@PEBUSUniquePointerInfo@75@@Z 0000000180003fb8 f i plugin_test1.obj
 0001:00002ff0       ?root_is_interface_supported@RGenerator@test1@test@modules@UModSys@@UEBA_NPEBUSUniquePointerInfo@core@5@@Z 0000000180003ff0 f i plugin_test1.obj
 0001:00003028       ?get_uid@RGenerator@test1@test@modules@UModSys@@UEBAPEBUSUniquePointerInfo@core@5@XZ 0000000180004028 f i plugin_test1.obj
 0001:00003030       ?do_open@RModuleReg@test1@test@modules@UModSys@@UEAA_NXZ 0000000180004030 f i plugin_test1.obj
 0001:000030bc       ?do_close@RModuleReg@test1@test@modules@UModSys@@UEAA_NXZ 00000001800040bc f i plugin_test1.obj
 0001:00003128       ?get_module@RGenerator@test1@test@modules@UModSys@@UEBAPEAUIModule@base@5@XZ 0000000180004128 f   plugin_test1.obj
 0001:00003130       ?mod_inc@RGenerator@test1@test@modules@UModSys@@UEBA_NXZ 0000000180004130 f   plugin_test1.obj
 0001:00003144       ?mod_dec@RGenerator@test1@test@modules@UModSys@@UEBA_NXZ 0000000180004144 f   plugin_test1.obj
 0001:00003158       ?s_holder@RGenerator@test1@test@modules@UModSys@@SAAEAU?$TTypeStaticHolder@URGenerator@test1@test@modules@UModSys@@@tl@5@XZ 0000000180004158 f   plugin_test1.obj
 0001:0000319c       ??0?$TString@U?$TSCoreConst@D@su@tl@UModSys@@U?$TComparerBinaryHash@D@234@@tl@UModSys@@QEAA@PEBD@Z 000000018000419c f i plugin_test1.obj
 0001:0000321c       ??4?$TString@U?$TSCoreConst@D@su@tl@UModSys@@U?$TComparerBinaryHash@D@234@@tl@UModSys@@QEAAAEBU012@PEBD@Z 000000018000421c f i plugin_test1.obj
 0001:00003294       ?normalize@?$TVector3@N@math3d@UModSys@@QEAANXZ 0000000180004294 f i plugin_test1.obj
 0001:00003340       ?info_release@?$TSCoreShared@USIMemAlloc@core@UModSys@@D@su@tl@UModSys@@QEAAXXZ 0000000180004340 f i plugin_test1.obj
 0001:00003414       ?info_new@?$TSCoreShared@USIMemAlloc@core@UModSys@@D@su@tl@UModSys@@QEAA_NPEBD_K@Z 0000000180004414 f i plugin_test1.obj
 0001:000034e8       ?mult3@?$TMatrix44@N@math3d@UModSys@@QEAAXAEBU123@0@Z 00000001800044e8 f i plugin_test1.obj
 0001:00003680       ?set_rotate_about@?$TMatrix44@N@math3d@UModSys@@QEAAXAEBU?$TVector3@N@23@N@Z 0000000180004680 f i plugin_test1.obj
 0001:000038e0       ?set_inversed@?$TMatrix44@N@math3d@UModSys@@QEAA_NAEBU123@@Z 00000001800048e0 f i plugin_test1.obj
 0001:000040c4       ??$generate_type@UICollector@libui@UModSys@@@RTest1_Shell@test1@test@modules@UModSys@@SA?AU?$TRefObject@UICollector@libui@UModSys@@U?$TRefObjectFunc@UICollector@libui@UModSys@@@tl@3@@tl@4@AEBU?$TString@U?$TSCoreConst@D@su@tl@UModSys@@U?$TComparerBinaryHash@D@234@@64@AEBUSParameters@core@4@PEBD@Z 00000001800050c4 f i plugin_test1.obj
 0001:000042c0       ??$generate_type@UITerminal@libui@UModSys@@@RTest1_Shell@test1@test@modules@UModSys@@SA?AU?$TRefObject@UITerminal@libui@UModSys@@U?$TRefObjectFunc@UITerminal@libui@UModSys@@@tl@3@@tl@4@AEBU?$TString@U?$TSCoreConst@D@su@tl@UModSys@@U?$TComparerBinaryHash@D@234@@64@AEBUSParameters@core@4@PEBD@Z 00000001800052c0 f i plugin_test1.obj
 0001:000044bc       ??1?$TRefObject@UIModObject@base@UModSys@@U?$TModObjectFunc@UIModObject@base@UModSys@@@tl@3@@tl@UModSys@@QEAA@XZ 00000001800054bc f i plugin_test1.obj
 0001:000044e8       ?alloc@SMemShared@core@UModSys@@QEAA_N_KPEAUSSourceContext@23@@Z 00000001800054e8 f i umodsys_lib_lib2d:umodsys.mod.2d.stdlib.obj
 0001:0000456c       ?Convert@stdlib@lib2d@modules@UModSys@@YA_NAEBU?$TBoundBox2@H@math3d@4@AEBUSImageInfo@24@AEBUSMem@core@4@01AEBUSCMem@94@@Z 000000018000556c f i umodsys_lib_lib2d:umodsys.mod.2d.stdlib.obj
 0001:000046c0       ?root_get_interface_info@RImage_Memory@stdlib@lib2d@modules@UModSys@@UEBAAEBUSUniquePointerInfo@core@5@XZ 00000001800056c0 f i umodsys_lib_lib2d:umodsys.mod.2d.stdlib.obj
 0001:000046c8       ?root_get_interface_type@RImage_Memory@stdlib@lib2d@modules@UModSys@@UEBAPEBUSUniquePointerInfo@core@5@XZ 00000001800056c8 f i umodsys_lib_lib2d:umodsys.mod.2d.stdlib.obj
 0001:000046d0       ?root_get_other_interface@RImage_Memory@stdlib@lib2d@modules@UModSys@@UEAAPEAUIRoot@core@5@PEBUSUniquePointerInfo@75@@Z 00000001800056d0 f i umodsys_lib_lib2d:umodsys.mod.2d.stdlib.obj
 0001:000046d0       ?root_get_other_interface@RImage_Memory@stdlib@lib2d@modules@UModSys@@UEBAPEBUIRoot@core@5@PEBUSUniquePointerInfo@75@@Z 00000001800056d0 f i umodsys_lib_lib2d:umodsys.mod.2d.stdlib.obj
 0001:00004700       ?root_is_interface_supported@RImage_Memory@stdlib@lib2d@modules@UModSys@@UEBA_NPEBUSUniquePointerInfo@core@5@@Z 0000000180005700 f i umodsys_lib_lib2d:umodsys.mod.2d.stdlib.obj
 0001:00004730       ?root_get_interface_info@RImageFactory_Memory@stdlib@lib2d@modules@UModSys@@UEBAAEBUSUniquePointerInfo@core@5@XZ 0000000180005730 f i umodsys_lib_lib2d:umodsys.mod.2d.stdlib.obj
 0001:00004738       ?root_get_interface_type@RImageFactory_Memory@stdlib@lib2d@modules@UModSys@@UEBAPEBUSUniquePointerInfo@core@5@XZ 0000000180005738 f i umodsys_lib_lib2d:umodsys.mod.2d.stdlib.obj
 0001:00004740       ?root_get_other_interface@RImageFactory_Memory@stdlib@lib2d@modules@UModSys@@UEAAPEAUIRoot@core@5@PEBUSUniquePointerInfo@75@@Z 0000000180005740 f i umodsys_lib_lib2d:umodsys.mod.2d.stdlib.obj
 0001:00004740       ?root_get_other_interface@RImageFactory_Memory@stdlib@lib2d@modules@UModSys@@UEBAPEBUIRoot@core@5@PEBUSUniquePointerInfo@75@@Z 0000000180005740 f i umodsys_lib_lib2d:umodsys.mod.2d.stdlib.obj
 0001:00004770       ?root_is_interface_supported@RImageFactory_Memory@stdlib@lib2d@modules@UModSys@@UEBA_NPEBUSUniquePointerInfo@core@5@@Z 0000000180005770 f i umodsys_lib_lib2d:umodsys.mod.2d.stdlib.obj
 0001:000047a0       ?root_get_interface_info@RMultiImage@stdlib@lib2d@modules@UModSys@@UEBAAEBUSUniquePointerInfo@core@5@XZ 00000001800057a0 f i umodsys_lib_lib2d:umodsys.mod.2d.stdlib.obj
 0001:000047a8       ?root_get_interface_type@RMultiImage@stdlib@lib2d@modules@UModSys@@UEBAPEBUSUniquePointerInfo@core@5@XZ 00000001800057a8 f i umodsys_lib_lib2d:umodsys.mod.2d.stdlib.obj
 0001:000047b0       ?root_get_other_interface@RMultiImage@stdlib@lib2d@modules@UModSys@@UEBAPEBUIRoot@core@5@PEBUSUniquePointerInfo@75@@Z 00000001800057b0 f i umodsys_lib_lib2d:umodsys.mod.2d.stdlib.obj
 0001:000047b0       ?root_get_other_interface@RMultiImage@stdlib@lib2d@modules@UModSys@@UEAAPEAUIRoot@core@5@PEBUSUniquePointerInfo@75@@Z 00000001800057b0 f i umodsys_lib_lib2d:umodsys.mod.2d.stdlib.obj
 0001:000047e0       ?root_is_interface_supported@RMultiImage@stdlib@lib2d@modules@UModSys@@UEBA_NPEBUSUniquePointerInfo@core@5@@Z 00000001800057e0 f i umodsys_lib_lib2d:umodsys.mod.2d.stdlib.obj
 0001:00004810       ?get_generated_names@RGenerator@stdlib@lib2d@modules@UModSys@@UEBAHAEAUSUniquePtrList@core@5@@Z 0000000180005810 f i umodsys_lib_lib2d:umodsys.mod.2d.stdlib.obj
 0001:00004854       ?get_generated_types@RGenerator@stdlib@lib2d@modules@UModSys@@UEBAHAEAUSUniquePtrList@core@5@PEBUSUniquePointerInfo@75@@Z 0000000180005854 f i umodsys_lib_lib2d:umodsys.mod.2d.stdlib.obj
 0001:000048e8       ?generate@RGenerator@stdlib@lib2d@modules@UModSys@@UEAA_NAEAU?$TRefObject@UIRefObject@core@UModSys@@U?$TRefObjectFunc@UIRefObject@core@UModSys@@@tl@3@@tl@5@PEBUSUniquePointerInfo@core@5@AEBUSParameters@95@@Z 00000001800058e8 f i umodsys_lib_lib2d:umodsys.mod.2d.stdlib.obj
 0001:00004a18       ?root_get_interface_info@RGenerator@stdlib@lib2d@modules@UModSys@@UEBAAEBUSUniquePointerInfo@core@5@XZ 0000000180005a18 f i umodsys_lib_lib2d:umodsys.mod.2d.stdlib.obj
 0001:00004a20       ?root_get_interface_type@RGenerator@stdlib@lib2d@modules@UModSys@@UEBAPEBUSUniquePointerInfo@core@5@XZ 0000000180005a20 f i umodsys_lib_lib2d:umodsys.mod.2d.stdlib.obj
 0001:00004a28       ?root_get_other_interface@RGenerator@stdlib@lib2d@modules@UModSys@@UEAAPEAUIRoot@core@5@PEBUSUniquePointerInfo@75@@Z 0000000180005a28 f i umodsys_lib_lib2d:umodsys.mod.2d.stdlib.obj
 0001:00004a28       ?root_get_other_interface@RGenerator@stdlib@lib2d@modules@UModSys@@UEBAPEBUIRoot@core@5@PEBUSUniquePointerInfo@75@@Z 0000000180005a28 f i umodsys_lib_lib2d:umodsys.mod.2d.stdlib.obj
 0001:00004a60       ?root_is_interface_supported@RGenerator@stdlib@lib2d@modules@UModSys@@UEBA_NPEBUSUniquePointerInfo@core@5@@Z 0000000180005a60 f i umodsys_lib_lib2d:umodsys.mod.2d.stdlib.obj
 0001:00004a98       ?get_uid@RGenerator@stdlib@lib2d@modules@UModSys@@UEBAPEBUSUniquePointerInfo@core@5@XZ 0000000180005a98 f i umodsys_lib_lib2d:umodsys.mod.2d.stdlib.obj
 0001:00004aa0       ?set_info@RImage_Memory@stdlib@lib2d@modules@UModSys@@UEAA_NAEBUSImagePatchInfo@35@PEBD@Z 0000000180005aa0 f   umodsys_lib_lib2d:umodsys.mod.2d.stdlib.obj
 0001:00004d00       ?set_data@RImage_Memory@stdlib@lib2d@modules@UModSys@@UEAA_NAEBUSImagePatchInfo@35@AEBUSCMem@core@5@H@Z 0000000180005d00 f   umodsys_lib_lib2d:umodsys.mod.2d.stdlib.obj
 0001:00004db4       ?get_info@RImage_Memory@stdlib@lib2d@modules@UModSys@@UEBAAEBUSImageInfo@35@XZ 0000000180005db4 f   umodsys_lib_lib2d:umodsys.mod.2d.stdlib.obj
 0001:00004dbc       ?get_data@RImage_Memory@stdlib@lib2d@modules@UModSys@@UEBA_NAEBUSImagePatchInfo@35@AEBUSMem@core@5@H@Z 0000000180005dbc f   umodsys_lib_lib2d:umodsys.mod.2d.stdlib.obj
 0001:00004e8c       ??0RImage_Memory@stdlib@lib2d@modules@UModSys@@QEAA@PEAUIModObject@base@4@AEBUSParameters@core@4@@Z 0000000180005e8c f   umodsys_lib_lib2d:umodsys.mod.2d.stdlib.obj
 0001:00004f34       ??_GRImage_Memory@stdlib@lib2d@modules@UModSys@@UEAAPEAXI@Z 0000000180005f34 f i umodsys_lib_lib2d:umodsys.mod.2d.stdlib.obj
 0001:00004f34       ??_ERImage_Memory@stdlib@lib2d@modules@UModSys@@UEAAPEAXI@Z 0000000180005f34 f i  CIL library: CIL module
 0001:00004fa4       ?image_new@RImageFactory_Memory@stdlib@lib2d@modules@UModSys@@UEAA?AU?$TRefObject@UIImage@lib2d@UModSys@@U?$TRefObjectFunc@UIImage@lib2d@UModSys@@@tl@3@@tl@5@XZ 0000000180005fa4 f   umodsys_lib_lib2d:umodsys.mod.2d.stdlib.obj
 0001:00005128       ?image_new@RImageFactory_Memory@stdlib@lib2d@modules@UModSys@@UEAA?AU?$TRefObject@UIImage@lib2d@UModSys@@U?$TRefObjectFunc@UIImage@lib2d@UModSys@@@tl@3@@tl@5@AEBUSImagePatchInfo@35@PEBD@Z 0000000180006128 f   umodsys_lib_lib2d:umodsys.mod.2d.stdlib.obj
 0001:000052fc       ?get_max_layer_size@RMultiImage@stdlib@lib2d@modules@UModSys@@UEBA?AU?$TVector2@H@math3d@5@XZ 00000001800062fc f   umodsys_lib_lib2d:umodsys.mod.2d.stdlib.obj
 0001:000052fc       ?get_max_cell_size@RMultiImage@stdlib@lib2d@modules@UModSys@@UEBA?AU?$TVector2@H@math3d@5@XZ 00000001800062fc f   umodsys_lib_lib2d:umodsys.mod.2d.stdlib.obj
 0001:00005328       ?get_fixed_cell_size@RMultiImage@stdlib@lib2d@modules@UModSys@@UEBA?AU?$TVector2@H@math3d@5@XZ 0000000180006328 f   umodsys_lib_lib2d:umodsys.mod.2d.stdlib.obj
 0001:00005348       ?get_layer_count@RMultiImage@stdlib@lib2d@modules@UModSys@@UEBAGXZ 0000000180006348 f   umodsys_lib_lib2d:umodsys.mod.2d.stdlib.obj
 0001:0000535c       ?get_layer@RMultiImage@stdlib@lib2d@modules@UModSys@@UEBAPEAUIImage@35@G@Z 000000018000635c f   umodsys_lib_lib2d:umodsys.mod.2d.stdlib.obj
 0001:00005380       ?get_cell_count@RMultiImage@stdlib@lib2d@modules@UModSys@@UEBAIXZ 0000000180006380 f   umodsys_lib_lib2d:umodsys.mod.2d.stdlib.obj
 0001:00005394       ?get_cell@RMultiImage@stdlib@lib2d@modules@UModSys@@UEBA_NIAEAU?$TVector2@H@math3d@5@PEAU675@PEAG@Z 0000000180006394 f   umodsys_lib_lib2d:umodsys.mod.2d.stdlib.obj
 0001:000053ec       ?get_cell@RMultiImage@stdlib@lib2d@modules@UModSys@@UEBA_NIAEAUSImageCellInfo@35@@Z 00000001800063ec f   umodsys_lib_lib2d:umodsys.mod.2d.stdlib.obj
 0001:00005424       ?set_layer_count@RMultiImage@stdlib@lib2d@modules@UModSys@@UEAA_NG@Z 0000000180006424 f   umodsys_lib_lib2d:umodsys.mod.2d.stdlib.obj
 0001:0000552c       ?setup_fixed_cell@RMultiImage@stdlib@lib2d@modules@UModSys@@UEAA_NHH@Z 000000018000652c f   umodsys_lib_lib2d:umodsys.mod.2d.stdlib.obj
 0001:00005548       ?setup_variable_cell@RMultiImage@stdlib@lib2d@modules@UModSys@@UEAA_NPEBUSImageCellInfo@35@KK@Z 0000000180006548 f   umodsys_lib_lib2d:umodsys.mod.2d.stdlib.obj
 0001:000055f0       ??0RMultiImage@stdlib@lib2d@modules@UModSys@@QEAA@PEAUIModObject@base@4@AEBUSParameters@core@4@@Z 00000001800065f0 f   umodsys_lib_lib2d:umodsys.mod.2d.stdlib.obj
 0001:0000570c       ??_ERMultiImage@stdlib@lib2d@modules@UModSys@@UEAAPEAXI@Z 000000018000670c f i  CIL library: CIL module
 0001:0000570c       ??_GRMultiImage@stdlib@lib2d@modules@UModSys@@UEAAPEAXI@Z 000000018000670c f i umodsys_lib_lib2d:umodsys.mod.2d.stdlib.obj
 0001:000057e4       ?do_open@RModuleReg@stdlib@lib2d@modules@UModSys@@UEAA_NXZ 00000001800067e4 f i umodsys_lib_lib2d:umodsys.mod.2d.stdlib.obj
 0001:00005858       ?do_close@RModuleReg@stdlib@lib2d@modules@UModSys@@UEAA_NXZ 0000000180006858 f i umodsys_lib_lib2d:umodsys.mod.2d.stdlib.obj
 0001:000058a8       ?get_module@RGenerator@stdlib@lib2d@modules@UModSys@@UEBAPEAUIModule@base@5@XZ 00000001800068a8 f   umodsys_lib_lib2d:umodsys.mod.2d.stdlib.obj
 0001:000058b0       ?mod_inc@RGenerator@stdlib@lib2d@modules@UModSys@@UEBA_NXZ 00000001800068b0 f   umodsys_lib_lib2d:umodsys.mod.2d.stdlib.obj
 0001:000058c4       ?mod_dec@RGenerator@stdlib@lib2d@modules@UModSys@@UEBA_NXZ 00000001800068c4 f   umodsys_lib_lib2d:umodsys.mod.2d.stdlib.obj
 0001:000058d8       ?s_holder@RGenerator@stdlib@lib2d@modules@UModSys@@SAAEAU?$TTypeStaticHolder@URGenerator@stdlib@lib2d@modules@UModSys@@@tl@5@XZ 00000001800068d8 f   umodsys_lib_lib2d:umodsys.mod.2d.stdlib.obj
 0001:0000591c       ??1?$TDynarrayDynamic@USImageCellInfo@lib2d@UModSys@@U?$TAllocator@USIMemAlloc@core@UModSys@@USCountCalcPower2@23@@tl@3@@tl@UModSys@@QEAA@XZ 000000018000691c f i umodsys_lib_lib2d:umodsys.mod.2d.stdlib.obj
 0001:00005924       ?Resize@?$TDynarray@U?$TDynarrayHolderDynamic@USImageCellInfo@lib2d@UModSys@@U?$TAllocator@USIMemAlloc@core@UModSys@@USCountCalcPower2@23@@tl@3@@tl@UModSys@@@tl@UModSys@@QEAA_N_K@Z 0000000180006924 f i umodsys_lib_lib2d:umodsys.mod.2d.stdlib.obj
 0001:000059c4       ??1?$TDynarrayDynamic@U?$TRefObject@UIImage@lib2d@UModSys@@U?$TRefObjectFunc@UIImage@lib2d@UModSys@@@tl@3@@tl@UModSys@@U?$TAllocator@USIMemAlloc@core@UModSys@@USCountCalcPower2@23@@23@@tl@UModSys@@QEAA@XZ 00000001800069c4 f i umodsys_lib_lib2d:umodsys.mod.2d.stdlib.obj
 0001:00005a24       ?Resize@?$TDynarray@U?$TDynarrayHolderDynamic@U?$TRefObject@UIImage@lib2d@UModSys@@U?$TRefObjectFunc@UIImage@lib2d@UModSys@@@tl@3@@tl@UModSys@@U?$TAllocator@USIMemAlloc@core@UModSys@@USCountCalcPower2@23@@23@@tl@UModSys@@@tl@UModSys@@QEAA_N_K@Z 0000000180006a24 f i umodsys_lib_lib2d:umodsys.mod.2d.stdlib.obj
 0001:00005b20       ??1?$TDynarray@U?$TDynarrayHolderDynamic@USImageCellInfo@lib2d@UModSys@@U?$TAllocator@USIMemAlloc@core@UModSys@@USCountCalcPower2@23@@tl@3@@tl@UModSys@@@tl@UModSys@@QEAA@XZ 0000000180006b20 f i umodsys_lib_lib2d:umodsys.mod.2d.stdlib.obj
 0001:00005bec       ??$t_gen_param@URImageFactory_Memory@stdlib@lib2d@modules@UModSys@@URGenerator@2345@@IGenerator@base@UModSys@@IEAA_NPEAURGenerator@stdlib@lib2d@modules@2@AEAU?$TRefObject@UIRefObject@core@UModSys@@U?$TRefObjectFunc@UIRefObject@core@UModSys@@@tl@3@@tl@2@PEBUSUniquePointerInfo@core@2@AEBUSParameters@core@2@@Z 0000000180006bec f i umodsys_lib_lib2d:umodsys.mod.2d.stdlib.obj
 0001:00005cfc       ??$t_gen_param@URMultiImage@stdlib@lib2d@modules@UModSys@@URGenerator@2345@@IGenerator@base@UModSys@@IEAA_NPEAURGenerator@stdlib@lib2d@modules@2@AEAU?$TRefObject@UIRefObject@core@UModSys@@U?$TRefObjectFunc@UIRefObject@core@UModSys@@@tl@3@@tl@2@PEBUSUniquePointerInfo@core@2@AEBUSParameters@core@2@@Z 0000000180006cfc f i umodsys_lib_lib2d:umodsys.mod.2d.stdlib.obj
 0001:00005df4       ??$ValidateConstruction@UIImage@lib2d@UModSys@@URImage_Memory@stdlib@2modules@3@@core@UModSys@@YA_NAEAU?$TRefObject@UIImage@lib2d@UModSys@@U?$TRefObjectFunc@UIImage@lib2d@UModSys@@@tl@3@@tl@1@PEAURImage_Memory@stdlib@lib2d@modules@1@@Z 0000000180006df4 f i umodsys_lib_lib2d:umodsys.mod.2d.stdlib.obj
 0001:00005e4c       ?e@SGLFuncs@SDL_GL@ui@modules@UModSys@@QEBAXXZ 0000000180006e4c f i umodsys_lib_libui:umodsys.mod.ui.SDL_GL.obj
 0001:00005ed0       ?set_composite_all@SGLFuncsLegacy@SDL_GL@ui@modules@UModSys@@QEBAXH@Z 0000000180006ed0 f i umodsys_lib_libui:umodsys.mod.ui.SDL_GL.obj
 0001:00005f90       ?crebind@STextureGL@SDL_GL@ui@modules@UModSys@@QEAAX_N@Z 0000000180006f90 f i umodsys_lib_libui:umodsys.mod.ui.SDL_GL.obj
 0001:0000600c       ?root_get_interface_info@RKeyboardController@SDL_GL@ui@modules@UModSys@@UEBAAEBUSUniquePointerInfo@core@5@XZ 000000018000700c f i umodsys_lib_libui:umodsys.mod.ui.SDL_GL.obj
 0001:00006014       ?root_get_interface_type@RKeyboardController@SDL_GL@ui@modules@UModSys@@UEBAPEBUSUniquePointerInfo@core@5@XZ 0000000180007014 f i umodsys_lib_libui:umodsys.mod.ui.SDL_GL.obj
 0001:0000601c       ?root_get_other_interface@RKeyboardController@SDL_GL@ui@modules@UModSys@@UEBAPEBUIRoot@core@5@PEBUSUniquePointerInfo@75@@Z 000000018000701c f i umodsys_lib_libui:umodsys.mod.ui.SDL_GL.obj
 0001:0000601c       ?root_get_other_interface@RKeyboardController@SDL_GL@ui@modules@UModSys@@UEAAPEAUIRoot@core@5@PEBUSUniquePointerInfo@75@@Z 000000018000701c f i umodsys_lib_libui:umodsys.mod.ui.SDL_GL.obj
 0001:0000604c       ?root_is_interface_supported@RKeyboardController@SDL_GL@ui@modules@UModSys@@UEBA_NPEBUSUniquePointerInfo@core@5@@Z 000000018000704c f i umodsys_lib_libui:umodsys.mod.ui.SDL_GL.obj
 0001:0000607c       ?ref_remove@RMouseController@SDL_core@ui@modules@UModSys@@UEBAXXZ 000000018000707c f i umodsys_lib_libui:umodsys.mod.ui.SDL_core.obj
 0001:0000607c       ?ref_remove@RKeyboardController@SDL_GL@ui@modules@UModSys@@UEBAXXZ 000000018000707c f i umodsys_lib_libui:umodsys.mod.ui.SDL_GL.obj
 0001:0000607c       ?ref_remove@RRenderDriver2D@SDL_core@ui@modules@UModSys@@UEBAXXZ 000000018000707c f i umodsys_lib_libui:umodsys.mod.ui.SDL_core.obj
 0001:0000607c       ?ref_remove@RRenderDriver3D@SDL_GL@ui@modules@UModSys@@UEBAXXZ 000000018000707c f i umodsys_lib_libui:umodsys.mod.ui.SDL_GL.obj
 0001:0000607c       ?ref_remove@RMouseController@SDL_GL@ui@modules@UModSys@@UEBAXXZ 000000018000707c f i umodsys_lib_libui:umodsys.mod.ui.SDL_GL.obj
 0001:0000607c       ?ref_remove@RKeyboardController@SDL_core@ui@modules@UModSys@@UEBAXXZ 000000018000707c f i umodsys_lib_libui:umodsys.mod.ui.SDL_core.obj
 0001:00006088       ?root_get_interface_info@RMouseController@SDL_GL@ui@modules@UModSys@@UEBAAEBUSUniquePointerInfo@core@5@XZ 0000000180007088 f i umodsys_lib_libui:umodsys.mod.ui.SDL_GL.obj
 0001:00006090       ?root_get_interface_type@RMouseController@SDL_GL@ui@modules@UModSys@@UEBAPEBUSUniquePointerInfo@core@5@XZ 0000000180007090 f i umodsys_lib_libui:umodsys.mod.ui.SDL_GL.obj
 0001:00006098       ?root_get_other_interface@RMouseController@SDL_GL@ui@modules@UModSys@@UEBAPEBUIRoot@core@5@PEBUSUniquePointerInfo@75@@Z 0000000180007098 f i umodsys_lib_libui:umodsys.mod.ui.SDL_GL.obj
 0001:00006098       ?root_get_other_interface@RMouseController@SDL_GL@ui@modules@UModSys@@UEAAPEAUIRoot@core@5@PEBUSUniquePointerInfo@75@@Z 0000000180007098 f i umodsys_lib_libui:umodsys.mod.ui.SDL_GL.obj
 0001:000060c8       ?root_is_interface_supported@RMouseController@SDL_GL@ui@modules@UModSys@@UEBA_NPEBUSUniquePointerInfo@core@5@@Z 00000001800070c8 f i umodsys_lib_libui:umodsys.mod.ui.SDL_GL.obj
 0001:000060f8       ?ref_add@RRenderDriver3D@SDL_GL@ui@modules@UModSys@@UEBAXXZ 00000001800070f8 f i umodsys_lib_libui:umodsys.mod.ui.SDL_GL.obj
 0001:000060f8       ?ref_add@RKeyboardController@SDL_core@ui@modules@UModSys@@UEBAXXZ 00000001800070f8 f i umodsys_lib_libui:umodsys.mod.ui.SDL_core.obj
 0001:000060f8       ?ref_add@RKeyboardController@SDL_GL@ui@modules@UModSys@@UEBAXXZ 00000001800070f8 f i umodsys_lib_libui:umodsys.mod.ui.SDL_GL.obj
 0001:000060f8       ?ref_add@RMouseController@SDL_core@ui@modules@UModSys@@UEBAXXZ 00000001800070f8 f i umodsys_lib_libui:umodsys.mod.ui.SDL_core.obj
 0001:000060f8       ?ref_add@RRenderDriver2D@SDL_core@ui@modules@UModSys@@UEBAXXZ 00000001800070f8 f i umodsys_lib_libui:umodsys.mod.ui.SDL_core.obj
 0001:000060f8       ?ref_add@RMouseController@SDL_GL@ui@modules@UModSys@@UEBAXXZ 00000001800070f8 f i umodsys_lib_libui:umodsys.mod.ui.SDL_GL.obj
 0001:00006104       ?ref_weak@RRenderDriver3D@SDL_GL@ui@modules@UModSys@@UEBA_NAEAUWeakPointer@IRefObject@core@5@@Z 0000000180007104 f i umodsys_lib_libui:umodsys.mod.ui.SDL_GL.obj
 0001:00006104       ?ref_weak@RMouseController@SDL_GL@ui@modules@UModSys@@UEBA_NAEAUWeakPointer@IRefObject@core@5@@Z 0000000180007104 f i umodsys_lib_libui:umodsys.mod.ui.SDL_GL.obj
 0001:00006104       ?ref_weak@RRenderDriver2D@SDL_core@ui@modules@UModSys@@UEBA_NAEAUWeakPointer@IRefObject@core@5@@Z 0000000180007104 f i umodsys_lib_libui:umodsys.mod.ui.SDL_core.obj
 0001:00006104       ?ref_weak@RMouseController@SDL_core@ui@modules@UModSys@@UEBA_NAEAUWeakPointer@IRefObject@core@5@@Z 0000000180007104 f i umodsys_lib_libui:umodsys.mod.ui.SDL_core.obj
 0001:00006104       ?ref_weak@RKeyboardController@SDL_GL@ui@modules@UModSys@@UEBA_NAEAUWeakPointer@IRefObject@core@5@@Z 0000000180007104 f i umodsys_lib_libui:umodsys.mod.ui.SDL_GL.obj
 0001:00006104       ?ref_weak@RKeyboardController@SDL_core@ui@modules@UModSys@@UEBA_NAEAUWeakPointer@IRefObject@core@5@@Z 0000000180007104 f i umodsys_lib_libui:umodsys.mod.ui.SDL_core.obj
 0001:00006124       ?suicide@RMouseController@SDL_core@ui@modules@UModSys@@UEAAXXZ 0000000180007124 f i umodsys_lib_libui:umodsys.mod.ui.SDL_core.obj
 0001:00006124       ?suicide@RMouseController@SDL_GL@ui@modules@UModSys@@UEAAXXZ 0000000180007124 f i umodsys_lib_libui:umodsys.mod.ui.SDL_GL.obj
 0001:00006124       ?suicide@RKeyboardController@SDL_GL@ui@modules@UModSys@@UEAAXXZ 0000000180007124 f i umodsys_lib_libui:umodsys.mod.ui.SDL_GL.obj
 0001:00006124       ?suicide@IRoot@core@UModSys@@UEAAXXZ 0000000180007124 f i umodsys_lib_core:umodsys.core.objects.obj
 0001:00006124       ?suicide@RRenderDriver3D@SDL_GL@ui@modules@UModSys@@UEAAXXZ 0000000180007124 f i umodsys_lib_libui:umodsys.mod.ui.SDL_GL.obj
 0001:00006124       ?suicide@RKeyboardController@SDL_core@ui@modules@UModSys@@UEAAXXZ 0000000180007124 f i umodsys_lib_libui:umodsys.mod.ui.SDL_core.obj
 0001:00006124       ?suicide@RRenderDriver2D@SDL_core@ui@modules@UModSys@@UEAAXXZ 0000000180007124 f i umodsys_lib_libui:umodsys.mod.ui.SDL_core.obj
 0001:0000613c       ?root_get_interface_info@RTerminal@SDL_GL@ui@modules@UModSys@@UEBAAEBUSUniquePointerInfo@core@5@XZ 000000018000713c f i umodsys_lib_libui:umodsys.mod.ui.SDL_GL.obj
 0001:00006144       ?root_get_interface_type@RTerminal@SDL_GL@ui@modules@UModSys@@UEBAPEBUSUniquePointerInfo@core@5@XZ 0000000180007144 f i umodsys_lib_libui:umodsys.mod.ui.SDL_GL.obj
 0001:0000614c       ?root_get_other_interface@RTerminal@SDL_GL@ui@modules@UModSys@@UEAAPEAUIRoot@core@5@PEBUSUniquePointerInfo@75@@Z 000000018000714c f i umodsys_lib_libui:umodsys.mod.ui.SDL_GL.obj
 0001:0000614c       ?root_get_other_interface@RTerminal@SDL_GL@ui@modules@UModSys@@UEBAPEBUIRoot@core@5@PEBUSUniquePointerInfo@75@@Z 000000018000714c f i umodsys_lib_libui:umodsys.mod.ui.SDL_GL.obj
 0001:0000617c       ?root_is_interface_supported@RTerminal@SDL_GL@ui@modules@UModSys@@UEBA_NPEBUSUniquePointerInfo@core@5@@Z 000000018000717c f i umodsys_lib_libui:umodsys.mod.ui.SDL_GL.obj
 0001:000061ac       ?suicide@RBinArchiveFrameClient_ZIP@zlib@media@modules@UModSys@@UEAAXXZ 00000001800071ac f i umodsys_lib_libmedia:umodsys.mod.media.zlib.obj
 0001:000061ac       ?suicide@RImage_Memory@stdlib@lib2d@modules@UModSys@@UEAAXXZ 00000001800071ac f i umodsys_lib_lib2d:umodsys.mod.2d.stdlib.obj
 0001:000061ac       ?suicide@RSerializeReader@serialize_json@media@modules@UModSys@@UEAAXXZ 00000001800071ac f i umodsys_lib_libmedia:umodsys.mod.media.serialize_json.obj
 0001:000061ac       ?suicide@RMultiImage@stdlib@lib2d@modules@UModSys@@UEAAXXZ 00000001800071ac f i umodsys_lib_lib2d:umodsys.mod.2d.stdlib.obj
 0001:000061ac       ?suicide@RTerminal@SDL_core@ui@modules@UModSys@@UEAAXXZ 00000001800071ac f i umodsys_lib_libui:umodsys.mod.ui.SDL_core.obj
 0001:000061ac       ?suicide@RTerminal@SDL_GL@ui@modules@UModSys@@UEAAXXZ 00000001800071ac f i umodsys_lib_libui:umodsys.mod.ui.SDL_GL.obj
 0001:000061ac       ?suicide@RImageFactory_Memory@stdlib@lib2d@modules@UModSys@@UEAAXXZ 00000001800071ac f i umodsys_lib_lib2d:umodsys.mod.2d.stdlib.obj
 0001:000061f8       ?root_get_interface_info@RMultiImage2D_SDL_ttf@SDL_GL@ui@modules@UModSys@@UEBAAEBUSUniquePointerInfo@core@5@XZ 00000001800071f8 f i umodsys_lib_libui:umodsys.mod.ui.SDL_GL.obj
 0001:00006200       ?root_get_interface_type@RMultiImage2D_SDL_ttf@SDL_GL@ui@modules@UModSys@@UEBAPEBUSUniquePointerInfo@core@5@XZ 0000000180007200 f i umodsys_lib_libui:umodsys.mod.ui.SDL_GL.obj
 0001:00006208       ?root_get_other_interface@RMultiImage2D_SDL_ttf@SDL_GL@ui@modules@UModSys@@UEBAPEBUIRoot@core@5@PEBUSUniquePointerInfo@75@@Z 0000000180007208 f i umodsys_lib_libui:umodsys.mod.ui.SDL_GL.obj
 0001:00006208       ?root_get_other_interface@RMultiImage2D_SDL_ttf@SDL_GL@ui@modules@UModSys@@UEAAPEAUIRoot@core@5@PEBUSUniquePointerInfo@75@@Z 0000000180007208 f i umodsys_lib_libui:umodsys.mod.ui.SDL_GL.obj
 0001:00006238       ?root_is_interface_supported@RMultiImage2D_SDL_ttf@SDL_GL@ui@modules@UModSys@@UEBA_NPEBUSUniquePointerInfo@core@5@@Z 0000000180007238 f i umodsys_lib_libui:umodsys.mod.ui.SDL_GL.obj
 0001:00006268       ?ref_add@RDialog@frames@ui@modules@UModSys@@UEBAXXZ 0000000180007268 f i umodsys_lib_libui:umodsys.mod.ui.frames.obj
 0001:00006268       ?ref_add@RImageFactory_Memory@stdlib@lib2d@modules@UModSys@@UEBAXXZ 0000000180007268 f i umodsys_lib_lib2d:umodsys.mod.2d.stdlib.obj
 0001:00006268       ?ref_add@RMultiImage@stdlib@lib2d@modules@UModSys@@UEBAXXZ 0000000180007268 f i umodsys_lib_lib2d:umodsys.mod.2d.stdlib.obj
 0001:00006268       ?ref_add@RGenerator@stdlib@lib2d@modules@UModSys@@UEBAXXZ 0000000180007268 f i umodsys_lib_lib2d:umodsys.mod.2d.stdlib.obj
 0001:00006268       ?ref_add@RGenerator@zlib@media@modules@UModSys@@UEBAXXZ 0000000180007268 f i umodsys_lib_libmedia:umodsys.mod.media.zlib.obj
 0001:00006268       ?ref_add@RTerminal@SDL_core@ui@modules@UModSys@@UEBAXXZ 0000000180007268 f i umodsys_lib_libui:umodsys.mod.ui.SDL_core.obj
 0001:00006268       ?ref_add@RGenerator@SDL_GL@ui@modules@UModSys@@UEBAXXZ 0000000180007268 f i umodsys_lib_libui:umodsys.mod.ui.SDL_GL.obj
 0001:00006268       ?ref_add@RGenerator@SDL_core@ui@modules@UModSys@@UEBAXXZ 0000000180007268 f i umodsys_lib_libui:umodsys.mod.ui.SDL_core.obj
 0001:00006268       ?ref_add@RTerminal@SDL_GL@ui@modules@UModSys@@UEBAXXZ 0000000180007268 f i umodsys_lib_libui:umodsys.mod.ui.SDL_GL.obj
 0001:00006268       ?ref_add@RSerializeReader@serialize_json@media@modules@UModSys@@UEBAXXZ 0000000180007268 f i umodsys_lib_libmedia:umodsys.mod.media.serialize_json.obj
 0001:00006268       ?ref_add@RGenerator@images_std@media@modules@UModSys@@UEBAXXZ 0000000180007268 f i umodsys_lib_libmedia:umodsys.mod.media.images_std.obj
 0001:00006268       ?ref_add@RMultiImage2D_SDL_ttf@SDL_core@ui@modules@UModSys@@UEBAXXZ 0000000180007268 f i umodsys_lib_libui:umodsys.mod.ui.SDL_core.obj
 0001:00006268       ?ref_add@RVertexArray@SDL_GL@ui@modules@UModSys@@UEBAXXZ 0000000180007268 f i umodsys_lib_libui:umodsys.mod.ui.SDL_GL.obj
 0001:00006268       ?ref_add@RGenerator@serialize_json@media@modules@UModSys@@UEBAXXZ 0000000180007268 f i umodsys_lib_libmedia:umodsys.mod.media.serialize_json.obj
 0001:00006268       ?ref_add@RBinArchiveFrameClient_ZIP@zlib@media@modules@UModSys@@UEBAXXZ 0000000180007268 f i umodsys_lib_libmedia:umodsys.mod.media.zlib.obj
 0001:00006268       ?ref_add@RMultiImage2D_SDL_ttf@SDL_GL@ui@modules@UModSys@@UEBAXXZ 0000000180007268 f i umodsys_lib_libui:umodsys.mod.ui.SDL_GL.obj
 0001:00006268       ?ref_add@RGenerator@test1@test@modules@UModSys@@UEBAXXZ 0000000180007268 f i plugin_test1.obj
 0001:00006268       ?ref_add@RImage_Memory@stdlib@lib2d@modules@UModSys@@UEBAXXZ 0000000180007268 f i umodsys_lib_lib2d:umodsys.mod.2d.stdlib.obj
 0001:00006268       ?ref_add@RGenerator@frames@ui@modules@UModSys@@UEBAXXZ 0000000180007268 f i umodsys_lib_libui:umodsys.mod.ui.frames.obj
 0001:0000626c       ??1Glyph@RMultiImage2D_SDL_ttf@SDL_GL@ui@modules@UModSys@@QEAA@XZ 000000018000726c f i umodsys_lib_libui:umodsys.mod.ui.SDL_GL.obj
 0001:000062bc       ?setup_array@RRenderDriver3D@SDL_GL@ui@modules@UModSys@@UEAA_NPEAUIVertexArray@lib3d@5@W4eVertexClass@75@H@Z 00000001800072bc f i umodsys_lib_libui:umodsys.mod.ui.SDL_GL.obj
 0001:000062bc       ?key_reset@RKeyboardController@SDL_GL@ui@modules@UModSys@@UEAA_NXZ 00000001800072bc f i umodsys_lib_libui:umodsys.mod.ui.SDL_GL.obj
 0001:000062bc       ?set_parameters@RRenderDriver2D@SDL_core@ui@modules@UModSys@@UEAA_NPEBDAEBUSParameters@core@5@@Z 00000001800072bc f i umodsys_lib_libui:umodsys.mod.ui.SDL_core.obj
 0001:000062bc       ?set_parameters@RRenderDriver3D@SDL_GL@ui@modules@UModSys@@UEAA_NPEBDAEBUSParameters@core@5@@Z 00000001800072bc f i umodsys_lib_libui:umodsys.mod.ui.SDL_GL.obj
 0001:000062bc       ?setup_variable_cell@RMultiImage2D_SDL_ttf@SDL_GL@ui@modules@UModSys@@UEAA_NPEBUSImageCellInfo@lib2d@5@KK@Z 00000001800072bc f i umodsys_lib_libui:umodsys.mod.ui.SDL_GL.obj
 0001:000062bc       ?key_event@RFrame_Common@frames@ui@modules@UModSys@@MEAA_NAEBUSKeyboardInputRaw@libui@5@@Z 00000001800072bc f i umodsys_lib_libui:umodsys.mod.ui.frames.obj
 0001:000062bc       ?setup_fixed_cell@RMultiImage2D_SDL_ttf@SDL_GL@ui@modules@UModSys@@UEAA_NHH@Z 00000001800072bc f i umodsys_lib_libui:umodsys.mod.ui.SDL_GL.obj
 0001:000062bc       ?set_hint@RMultiImage@stdlib@lib2d@modules@UModSys@@UEAA_NPEBD0@Z 00000001800072bc f i umodsys_lib_lib2d:umodsys.mod.2d.stdlib.obj
 0001:000062bc       ?key_text@UI_Info@RTest1_Shell@test1@test@modules@UModSys@@UEAA_NAEBUSKeyboardInputText@libui@6@@Z 00000001800072bc f i plugin_test1.obj
 0001:000062bc       ?mouse_setposition@RMouseController@SDL_GL@ui@modules@UModSys@@UEAA_NHH@Z 00000001800072bc f i umodsys_lib_libui:umodsys.mod.ui.SDL_GL.obj
 0001:000062bc       ?get_cell@RMultiImage2D_SDL_ttf@SDL_core@ui@modules@UModSys@@UEBA_NIAEAUSImageCellInfo@lib2d@5@@Z 00000001800072bc f i umodsys_lib_libui:umodsys.mod.ui.SDL_core.obj
 0001:000062bc       ?key_setrepeat@RKeyboardController@SDL_GL@ui@modules@UModSys@@UEAA_NMM@Z 00000001800072bc f i umodsys_lib_libui:umodsys.mod.ui.SDL_GL.obj
 0001:000062bc       ?setup_setlight@RRenderDriver3D@SDL_GL@ui@modules@UModSys@@UEAA_NHW4eLightType@lib3d@5@AEBUSLight@75@AEBU?$TMatrix44@N@math3d@5@@Z 00000001800072bc f i umodsys_lib_libui:umodsys.mod.ui.SDL_GL.obj
 0001:000062bc       ?key_reset@RKeyboardController@SDL_core@ui@modules@UModSys@@UEAA_NXZ 00000001800072bc f i umodsys_lib_libui:umodsys.mod.ui.SDL_core.obj
 0001:000062bc       ?get_minsize@RCollector@frames@ui@modules@UModSys@@UEAA_NAEAU?$TVector2@H@math3d@5@@Z 00000001800072bc f i umodsys_lib_libui:umodsys.mod.ui.frames.obj
 0001:000062bc       ?set_hint@RMultiImage2D_SDL_ttf@SDL_core@ui@modules@UModSys@@UEAA_NPEBD0@Z 00000001800072bc f i umodsys_lib_libui:umodsys.mod.ui.SDL_core.obj
 0001:000062bc       ?key_event@RFrame_Common@frames@ui@modules@UModSys@@MEAA_NAEBUSKeyboardInputText@libui@5@@Z 00000001800072bc f i umodsys_lib_libui:umodsys.mod.ui.frames.obj
 0001:000062bc       ?arc_deinit@RBinArchiveFrameClient_ZIP@zlib@media@modules@UModSys@@UEAA_NPEAUIBinArchiveFrame@libmedia@5@@Z 00000001800072bc f i umodsys_lib_libmedia:umodsys.mod.media.zlib.obj
 0001:000062bc       ?setup_clearlights@RRenderDriver3D@SDL_GL@ui@modules@UModSys@@UEAA_NW4eLightType@lib3d@5@_N1@Z 00000001800072bc f i umodsys_lib_libui:umodsys.mod.ui.SDL_GL.obj
 0001:000062bc       ?setup_fixed_cell@RMultiImage2D_SDL_ttf@SDL_core@ui@modules@UModSys@@UEAA_NHH@Z 00000001800072bc f i umodsys_lib_libui:umodsys.mod.ui.SDL_core.obj
 0001:000062bc       ?setup_setlight@RRenderDriver3D@SDL_GL@ui@modules@UModSys@@UEAA_NH_N@Z 00000001800072bc f i umodsys_lib_libui:umodsys.mod.ui.SDL_GL.obj
 0001:000062bc       ?map_3d_to_2d@RRenderDriver3D@SDL_GL@ui@modules@UModSys@@UEAA_NAEAU?$TVector2@H@math3d@5@AEBU?$TVector2@M@75@@Z 00000001800072bc f i umodsys_lib_libui:umodsys.mod.ui.SDL_GL.obj
 0001:000062bc       ?set_layer_count@RMultiImage2D_SDL_ttf@SDL_GL@ui@modules@UModSys@@UEAA_NG@Z 00000001800072bc f i umodsys_lib_libui:umodsys.mod.ui.SDL_GL.obj
 0001:000062bc       ?map_2d_to_3d@RRenderDriver3D@SDL_GL@ui@modules@UModSys@@UEAA_NAEAU?$TVector3@N@math3d@5@AEBU?$TVector2@H@75@@Z 00000001800072bc f i umodsys_lib_libui:umodsys.mod.ui.SDL_GL.obj
 0001:000062bc       ?driver_is_reset@RRenderDriver3D@SDL_GL@ui@modules@UModSys@@UEAA_NXZ 00000001800072bc f i umodsys_lib_libui:umodsys.mod.ui.SDL_GL.obj
 0001:000062bc       ?get_cell@RMultiImage2D_SDL_ttf@SDL_GL@ui@modules@UModSys@@UEBA_NIAEAUSImageCellInfo@lib2d@5@@Z 00000001800072bc f i umodsys_lib_libui:umodsys.mod.ui.SDL_GL.obj
 0001:000062bc       ?get_maxbox@RCollector@frames@ui@modules@UModSys@@UEAA_NAEAU?$TBoundBox2@H@math3d@5@@Z 00000001800072bc f i umodsys_lib_libui:umodsys.mod.ui.frames.obj
 0001:000062bc       ?command_draw@RTest1_Shell@test1@test@modules@UModSys@@UEAA_NAEBUSController@libui@5@PEAUIRenderDriver@lib2d@5@AEBU?$TBoundBox2@H@math3d@5@@Z 00000001800072bc f i plugin_test1.obj
 0001:000062bc       ?set_repeater@RFrame_Common@frames@ui@modules@UModSys@@UEAA_NHH@Z 00000001800072bc f i umodsys_lib_libui:umodsys.mod.ui.frames.obj
 0001:000062bc       ?map_3d_to_2d@RRenderDriver3D@SDL_GL@ui@modules@UModSys@@UEAA_NAEAU?$TVector2@H@math3d@5@AEBU?$TVector3@N@75@@Z 00000001800072bc f i umodsys_lib_libui:umodsys.mod.ui.SDL_GL.obj
 0001:000062bc       ?mouse_setposition@RMouseController@SDL_core@ui@modules@UModSys@@UEAA_NHH@Z 00000001800072bc f i umodsys_lib_libui:umodsys.mod.ui.SDL_core.obj
 0001:000062bc       ?key_setmodifier@RKeyboardController@SDL_GL@ui@modules@UModSys@@UEAA_NHHH@Z 00000001800072bc f i umodsys_lib_libui:umodsys.mod.ui.SDL_GL.obj
 0001:000062bc       ?key_setmodifier@RKeyboardController@SDL_core@ui@modules@UModSys@@UEAA_NHHH@Z 00000001800072bc f i umodsys_lib_libui:umodsys.mod.ui.SDL_core.obj
 0001:000062bc       ?key_setrepeat@RKeyboardController@SDL_core@ui@modules@UModSys@@UEAA_NMM@Z 00000001800072bc f i umodsys_lib_libui:umodsys.mod.ui.SDL_core.obj
 0001:000062bc       ?filter_load@RMediaFilter@images_std@media@modules@UModSys@@UEAA_NAEBUSInfo@IBinObjFilter@libmedia@5@AEAU?$TRefObject@UIRefObject@core@UModSys@@U?$TRefObjectFunc@UIRefObject@core@UModSys@@@tl@3@@tl@5@@Z 00000001800072bc f i umodsys_lib_libmedia:umodsys.mod.media.images_std.obj
 0001:000062bc       ?output_attach_3d@RCollector@frames@ui@modules@UModSys@@UEAA_NPEAUIRenderDriver@lib3d@5@H@Z 00000001800072bc f i umodsys_lib_libui:umodsys.mod.ui.frames.obj
 0001:000062bc       ?set_insize@RFrame_Common@frames@ui@modules@UModSys@@UEAA_NAEBU?$TVector2@H@math3d@5@@Z 00000001800072bc f i umodsys_lib_libui:umodsys.mod.ui.frames.obj
 0001:000062bc       ?get_cell@RMultiImage2D_SDL_ttf@SDL_GL@ui@modules@UModSys@@UEBA_NIAEAU?$TVector2@H@math3d@5@PEAU675@PEAG@Z 00000001800072bc f i umodsys_lib_libui:umodsys.mod.ui.SDL_GL.obj
 0001:000062bc       ?set_hint@RMultiImage2D_SDL_ttf@SDL_GL@ui@modules@UModSys@@UEAA_NPEBD0@Z 00000001800072bc f i umodsys_lib_libui:umodsys.mod.ui.SDL_GL.obj
 0001:000062bc       ?setup_material@RRenderDriver3D@SDL_GL@ui@modules@UModSys@@UEAA_NPEBUSMaterial@lib3d@5@@Z 00000001800072bc f i umodsys_lib_libui:umodsys.mod.ui.SDL_GL.obj
 0001:000062bc       ?set_layer_count@RMultiImage2D_SDL_ttf@SDL_core@ui@modules@UModSys@@UEAA_NG@Z 00000001800072bc f i umodsys_lib_libui:umodsys.mod.ui.SDL_core.obj
 0001:000062bc       ?frame_remove@RCollector@frames@ui@modules@UModSys@@UEAA_NPEAUIFrame@libui@5@@Z 00000001800072bc f i umodsys_lib_libui:umodsys.mod.ui.frames.obj
 0001:000062bc       ?setup_array_none@RRenderDriver3D@SDL_GL@ui@modules@UModSys@@UEAA_NXZ 00000001800072bc f i umodsys_lib_libui:umodsys.mod.ui.SDL_GL.obj
 0001:000062bc       ?setup_variable_cell@RMultiImage2D_SDL_ttf@SDL_core@ui@modules@UModSys@@UEAA_NPEBUSImageCellInfo@lib2d@5@KK@Z 00000001800072bc f i umodsys_lib_libui:umodsys.mod.ui.SDL_core.obj
 0001:000062bc       ?setup_state@RRenderDriver3D@SDL_GL@ui@modules@UModSys@@UEAA_NAEBUSRenderState@lib3d@5@@Z 00000001800072bc f i umodsys_lib_libui:umodsys.mod.ui.SDL_GL.obj
 0001:000062bc       ?get_cell@RMultiImage2D_SDL_ttf@SDL_core@ui@modules@UModSys@@UEBA_NIAEAU?$TVector2@H@math3d@5@PEAU675@PEAG@Z 00000001800072bc f i umodsys_lib_libui:umodsys.mod.ui.SDL_core.obj
 0001:000062bc       ?mouse_event@RFrame_Common@frames@ui@modules@UModSys@@MEAA_NPEBUSMouseInput@libui@5@@Z 00000001800072bc f i umodsys_lib_libui:umodsys.mod.ui.frames.obj
 0001:000062c0       ?root_get_interface_info@RRenderDriver3D@SDL_GL@ui@modules@UModSys@@UEBAAEBUSUniquePointerInfo@core@5@XZ 00000001800072c0 f i umodsys_lib_libui:umodsys.mod.ui.SDL_GL.obj
 0001:000062c8       ?root_get_interface_type@RRenderDriver3D@SDL_GL@ui@modules@UModSys@@UEBAPEBUSUniquePointerInfo@core@5@XZ 00000001800072c8 f i umodsys_lib_libui:umodsys.mod.ui.SDL_GL.obj
 0001:000062d0       ?root_get_other_interface@RRenderDriver3D@SDL_GL@ui@modules@UModSys@@UEBAPEBUIRoot@core@5@PEBUSUniquePointerInfo@75@@Z 00000001800072d0 f i umodsys_lib_libui:umodsys.mod.ui.SDL_GL.obj
 0001:000062d0       ?root_get_other_interface@RRenderDriver3D@SDL_GL@ui@modules@UModSys@@UEAAPEAUIRoot@core@5@PEBUSUniquePointerInfo@75@@Z 00000001800072d0 f i umodsys_lib_libui:umodsys.mod.ui.SDL_GL.obj
 0001:00006308       ?root_is_interface_supported@RRenderDriver3D@SDL_GL@ui@modules@UModSys@@UEBA_NPEBUSUniquePointerInfo@core@5@@Z 0000000180007308 f i umodsys_lib_libui:umodsys.mod.ui.SDL_GL.obj
 0001:00006340       ?NextPhmV@RRenderDriver3D@SDL_GL@ui@modules@UModSys@@QEAA_NW4ePhaseMode@2345@@Z 0000000180007340 f i umodsys_lib_libui:umodsys.mod.ui.SDL_GL.obj
 0001:000063cc       ?root_get_interface_info@RTerminalX@SDL_GL@ui@modules@UModSys@@UEBAAEBUSUniquePointerInfo@core@5@XZ 00000001800073cc f i umodsys_lib_libui:umodsys.mod.ui.SDL_GL.obj
 0001:000063d4       ?root_get_interface_type@RTerminalX@SDL_GL@ui@modules@UModSys@@UEBAPEBUSUniquePointerInfo@core@5@XZ 00000001800073d4 f i umodsys_lib_libui:umodsys.mod.ui.SDL_GL.obj
 0001:000063dc       ?root_get_other_interface@RTerminalX@SDL_GL@ui@modules@UModSys@@UEAAPEAUIRoot@core@5@PEBUSUniquePointerInfo@75@@Z 00000001800073dc f i umodsys_lib_libui:umodsys.mod.ui.SDL_GL.obj
 0001:000063dc       ?root_get_other_interface@RTerminalX@SDL_GL@ui@modules@UModSys@@UEBAPEBUIRoot@core@5@PEBUSUniquePointerInfo@75@@Z 00000001800073dc f i umodsys_lib_libui:umodsys.mod.ui.SDL_GL.obj
 0001:0000640c       ?root_is_interface_supported@RTerminalX@SDL_GL@ui@modules@UModSys@@UEBA_NPEBUSUniquePointerInfo@core@5@@Z 000000018000740c f i umodsys_lib_libui:umodsys.mod.ui.SDL_GL.obj
 0001:00006444       ?root_get_interface_info@RVertexArray@SDL_GL@ui@modules@UModSys@@UEBAAEBUSUniquePointerInfo@core@5@XZ 0000000180007444 f i umodsys_lib_libui:umodsys.mod.ui.SDL_GL.obj
 0001:0000644c       ?root_get_interface_type@RVertexArray@SDL_GL@ui@modules@UModSys@@UEBAPEBUSUniquePointerInfo@core@5@XZ 000000018000744c f i umodsys_lib_libui:umodsys.mod.ui.SDL_GL.obj
 0001:00006454       ?root_get_other_interface@RVertexArray@SDL_GL@ui@modules@UModSys@@UEAAPEAUIRoot@core@5@PEBUSUniquePointerInfo@75@@Z 0000000180007454 f i umodsys_lib_libui:umodsys.mod.ui.SDL_GL.obj
 0001:00006454       ?root_get_other_interface@RVertexArray@SDL_GL@ui@modules@UModSys@@UEBAPEBUIRoot@core@5@PEBUSUniquePointerInfo@75@@Z 0000000180007454 f i umodsys_lib_libui:umodsys.mod.ui.SDL_GL.obj
 0001:00006484       ?root_is_interface_supported@RVertexArray@SDL_GL@ui@modules@UModSys@@UEBA_NPEBUSUniquePointerInfo@core@5@@Z 0000000180007484 f i umodsys_lib_libui:umodsys.mod.ui.SDL_GL.obj
 0001:000064b4       ?get_generated_names@RGenerator@SDL_GL@ui@modules@UModSys@@UEBAHAEAUSUniquePtrList@core@5@@Z 00000001800074b4 f i umodsys_lib_libui:umodsys.mod.ui.SDL_GL.obj
 0001:000064d4       ?get_generated_types@RGenerator@SDL_GL@ui@modules@UModSys@@UEBAHAEAUSUniquePtrList@core@5@PEBUSUniquePointerInfo@75@@Z 00000001800074d4 f i umodsys_lib_libui:umodsys.mod.ui.SDL_GL.obj
 0001:0000653c       ?generate@RGenerator@SDL_GL@ui@modules@UModSys@@UEAA_NAEAU?$TRefObject@UIRefObject@core@UModSys@@U?$TRefObjectFunc@UIRefObject@core@UModSys@@@tl@3@@tl@5@PEBUSUniquePointerInfo@core@5@AEBUSParameters@95@@Z 000000018000753c f i umodsys_lib_libui:umodsys.mod.ui.SDL_GL.obj
 0001:0000661c       ?root_get_interface_info@RGenerator@SDL_GL@ui@modules@UModSys@@UEBAAEBUSUniquePointerInfo@core@5@XZ 000000018000761c f i umodsys_lib_libui:umodsys.mod.ui.SDL_GL.obj
 0001:00006624       ?root_get_interface_type@RGenerator@SDL_GL@ui@modules@UModSys@@UEBAPEBUSUniquePointerInfo@core@5@XZ 0000000180007624 f i umodsys_lib_libui:umodsys.mod.ui.SDL_GL.obj
 0001:0000662c       ?root_get_other_interface@RGenerator@SDL_GL@ui@modules@UModSys@@UEBAPEBUIRoot@core@5@PEBUSUniquePointerInfo@75@@Z 000000018000762c f i umodsys_lib_libui:umodsys.mod.ui.SDL_GL.obj
 0001:0000662c       ?root_get_other_interface@RGenerator@SDL_GL@ui@modules@UModSys@@UEAAPEAUIRoot@core@5@PEBUSUniquePointerInfo@75@@Z 000000018000762c f i umodsys_lib_libui:umodsys.mod.ui.SDL_GL.obj
 0001:00006664       ?root_is_interface_supported@RGenerator@SDL_GL@ui@modules@UModSys@@UEBA_NPEBUSUniquePointerInfo@core@5@@Z 0000000180007664 f i umodsys_lib_libui:umodsys.mod.ui.SDL_GL.obj
 0001:0000669c       ?get_uid@RGenerator@SDL_GL@ui@modules@UModSys@@UEBAPEBUSUniquePointerInfo@core@5@XZ 000000018000769c f i umodsys_lib_libui:umodsys.mod.ui.SDL_GL.obj
 0001:000066a4       ??1SWindow@SDL_core@ui@modules@UModSys@@QEAA@XZ 00000001800076a4 f   umodsys_lib_libui:umodsys.mod.ui.SDL_core.obj
 0001:000066a4       ??1SWindow@SDL_GL@ui@modules@UModSys@@QEAA@XZ 00000001800076a4 f   umodsys_lib_libui:umodsys.mod.ui.SDL_GL.obj
 0001:000066c8       ??_GRKeyboardController@SDL_GL@ui@modules@UModSys@@UEAAPEAXI@Z 00000001800076c8 f i umodsys_lib_libui:umodsys.mod.ui.SDL_GL.obj
 0001:000066c8       ??_ERKeyboardController@SDL_GL@ui@modules@UModSys@@UEAAPEAXI@Z 00000001800076c8 f i  CIL library: CIL module
 0001:000066f8       ??1RKeyboardController@SDL_GL@ui@modules@UModSys@@UEAA@XZ 00000001800076f8 f   umodsys_lib_libui:umodsys.mod.ui.SDL_GL.obj
 0001:00006740       ?process@RKeyboardController@SDL_GL@ui@modules@UModSys@@QEAA_NAEAUSDL_KeyboardEvent@@@Z 0000000180007740 f   umodsys_lib_libui:umodsys.mod.ui.SDL_GL.obj
 0001:00006740       ?process@RKeyboardController@SDL_core@ui@modules@UModSys@@QEAA_NAEAUSDL_KeyboardEvent@@@Z 0000000180007740 f   umodsys_lib_libui:umodsys.mod.ui.SDL_core.obj
 0001:000068b8       ?process@RKeyboardController@SDL_core@ui@modules@UModSys@@QEAA_NAEAUSDL_TextInputEvent@@@Z 00000001800078b8 f   umodsys_lib_libui:umodsys.mod.ui.SDL_core.obj
 0001:000068b8       ?process@RKeyboardController@SDL_GL@ui@modules@UModSys@@QEAA_NAEAUSDL_TextInputEvent@@@Z 00000001800078b8 f   umodsys_lib_libui:umodsys.mod.ui.SDL_GL.obj
 0001:0000698c       ?map_keycode@RKeyboardController@SDL_GL@ui@modules@UModSys@@QEAA?AW4eKeyCode@libui@5@H@Z 000000018000798c f   umodsys_lib_libui:umodsys.mod.ui.SDL_GL.obj
 0001:0000698c       ?map_keycode@RKeyboardController@SDL_core@ui@modules@UModSys@@QEAA?AW4eKeyCode@libui@5@H@Z 000000018000798c f   umodsys_lib_libui:umodsys.mod.ui.SDL_core.obj
 0001:00006eb4       ??_ERMouseController@SDL_GL@ui@modules@UModSys@@UEAAPEAXI@Z 0000000180007eb4 f i  CIL library: CIL module
 0001:00006eb4       ??_GRMouseController@SDL_GL@ui@modules@UModSys@@UEAAPEAXI@Z 0000000180007eb4 f i umodsys_lib_libui:umodsys.mod.ui.SDL_GL.obj
 0001:00006ee4       ??1IMouseController@libui@UModSys@@UEAA@XZ 0000000180007ee4 f i umodsys_lib_libui:umodsys.mod.ui.SDL_GL.obj
 0001:00006ee4       ??1IRenderDriver@lib3d@UModSys@@UEAA@XZ 0000000180007ee4 f i umodsys_lib_libui:umodsys.mod.ui.SDL_GL.obj
 0001:00006ee4       ??1ICollector@libui@UModSys@@UEAA@XZ 0000000180007ee4 f i umodsys_lib_libui:umodsys.mod.ui.frames.obj
 0001:00006ee4       ??1IRenderDriver@lib2d@UModSys@@UEAA@XZ 0000000180007ee4 f i umodsys_lib_libui:umodsys.mod.ui.SDL_GL.obj
 0001:00006ee4       ??1ISerializeWriter@libmedia@UModSys@@UEAA@XZ 0000000180007ee4 f i umodsys_lib_libmedia:umodsys.mod.media.serialize_json.obj
 0001:00006ee4       ??1IShell@base@UModSys@@UEAA@XZ 0000000180007ee4 f i plugin_test1.obj
 0001:00006ee4       ??1ISerializeReader@libmedia@UModSys@@UEAA@XZ 0000000180007ee4 f i umodsys_lib_libmedia:umodsys.mod.media.serialize_json.obj
 0001:00006ee4       ??1IImage@lib2d@UModSys@@UEAA@XZ 0000000180007ee4 f i umodsys_lib_lib2d:umodsys.mod.2d.stdlib.obj
 0001:00006ee4       ??1IVertexArray@lib3d@UModSys@@UEAA@XZ 0000000180007ee4 f i umodsys_lib_libui:umodsys.mod.ui.SDL_GL.obj
 0001:00006ee4       ??1IRefObject@core@UModSys@@UEAA@XZ 0000000180007ee4 f i umodsys_lib_core:umodsys.core.objects.obj
 0001:00006ee4       ??1IClient@IBinArchiveFrame@libmedia@UModSys@@UEAA@XZ 0000000180007ee4 f i umodsys_lib_libmedia:umodsys.mod.media.zlib.obj
 0001:00006ee4       ??1IFrame@libui@UModSys@@UEAA@XZ 0000000180007ee4 f i umodsys_lib_libui:umodsys.mod.ui.frames.obj
 0001:00006ee4       ??1IImageFactory@lib2d@UModSys@@UEAA@XZ 0000000180007ee4 f i umodsys_lib_lib2d:umodsys.mod.2d.stdlib.obj
 0001:00006ee4       ??1ITerminal@libui@UModSys@@UEAA@XZ 0000000180007ee4 f i umodsys_lib_libui:umodsys.mod.ui.SDL_GL.obj
 0001:00006ee4       ??1IKeyboardController@libui@UModSys@@UEAA@XZ 0000000180007ee4 f i umodsys_lib_libui:umodsys.mod.ui.SDL_GL.obj
 0001:00006ee4       ??1IMultiImage@lib2d@UModSys@@UEAA@XZ 0000000180007ee4 f i umodsys_lib_lib2d:umodsys.mod.2d.stdlib.obj
 0001:00006ee4       ??1IDialog@libui@UModSys@@UEAA@XZ 0000000180007ee4 f i umodsys_lib_libui:umodsys.mod.ui.frames.obj
 0001:00006ef0       ??1RMouseController@SDL_GL@ui@modules@UModSys@@UEAA@XZ 0000000180007ef0 f   umodsys_lib_libui:umodsys.mod.ui.SDL_GL.obj
 0001:00006f38       ?process@RMouseController@SDL_core@ui@modules@UModSys@@QEAA_NAEAUSDL_MouseMotionEvent@@@Z 0000000180007f38 f   umodsys_lib_libui:umodsys.mod.ui.SDL_core.obj
 0001:00006f38       ?process@RMouseController@SDL_GL@ui@modules@UModSys@@QEAA_NAEAUSDL_MouseMotionEvent@@@Z 0000000180007f38 f   umodsys_lib_libui:umodsys.mod.ui.SDL_GL.obj
 0001:000070a4       ?process@RMouseController@SDL_GL@ui@modules@UModSys@@QEAA_NAEAUSDL_MouseWheelEvent@@@Z 00000001800080a4 f   umodsys_lib_libui:umodsys.mod.ui.SDL_GL.obj
 0001:000070a4       ?process@RMouseController@SDL_core@ui@modules@UModSys@@QEAA_NAEAUSDL_MouseWheelEvent@@@Z 00000001800080a4 f   umodsys_lib_libui:umodsys.mod.ui.SDL_core.obj
 0001:00007194       ??_GRTerminal@SDL_GL@ui@modules@UModSys@@UEAAPEAXI@Z 0000000180008194 f i umodsys_lib_libui:umodsys.mod.ui.SDL_GL.obj
 0001:00007194       ??_ERTerminal@SDL_GL@ui@modules@UModSys@@UEAAPEAXI@Z 0000000180008194 f i  CIL library: CIL module
 0001:000071c4       ??1RTerminal@SDL_GL@ui@modules@UModSys@@UEAA@XZ 00000001800081c4 f   umodsys_lib_libui:umodsys.mod.ui.SDL_GL.obj
 0001:00007214       ?get_terminal_state@RTerminal@SDL_GL@ui@modules@UModSys@@UEAA_NW4eTerminalState@libui@5@@Z 0000000180008214 f   umodsys_lib_libui:umodsys.mod.ui.SDL_GL.obj
 0001:00007214       ?get_terminal_state@RTerminal@SDL_core@ui@modules@UModSys@@UEAA_NW4eTerminalState@libui@5@@Z 0000000180008214 f   umodsys_lib_libui:umodsys.mod.ui.SDL_core.obj
 0001:00007224       ?wait@RTerminal@SDL_core@ui@modules@UModSys@@UEAA_NM@Z 0000000180008224 f   umodsys_lib_libui:umodsys.mod.ui.SDL_core.obj
 0001:00007224       ?wait@RTerminal@SDL_GL@ui@modules@UModSys@@UEAA_NM@Z 0000000180008224 f   umodsys_lib_libui:umodsys.mod.ui.SDL_GL.obj
 0001:00007244       ?get_handler@RTerminal@SDL_core@ui@modules@UModSys@@UEBAPEAUIRefObject@core@5@PEBUSUniquePointerInfo@75@_K@Z 0000000180008244 f   umodsys_lib_libui:umodsys.mod.ui.SDL_core.obj
 0001:00007244       ?get_handler@RTerminal@SDL_GL@ui@modules@UModSys@@UEBAPEAUIRefObject@core@5@PEBUSUniquePointerInfo@75@_K@Z 0000000180008244 f   umodsys_lib_libui:umodsys.mod.ui.SDL_GL.obj
 0001:000072bc       ??0RMultiImage2D_SDL_ttf@SDL_GL@ui@modules@UModSys@@QEAA@PEAURRenderDriver3D@1234@AEBUSParameters@core@4@@Z 00000001800082bc f   umodsys_lib_libui:umodsys.mod.ui.SDL_GL.obj
 0001:00007400       ??_GRMultiImage2D_SDL_ttf@SDL_GL@ui@modules@UModSys@@UEAAPEAXI@Z 0000000180008400 f i umodsys_lib_libui:umodsys.mod.ui.SDL_GL.obj
 0001:00007400       ??_ERMultiImage2D_SDL_ttf@SDL_GL@ui@modules@UModSys@@UEAAPEAXI@Z 0000000180008400 f i  CIL library: CIL module
 0001:00007478       ?generate_glyphs@RMultiImage2D_SDL_ttf@SDL_GL@ui@modules@UModSys@@QEAA_NXZ 0000000180008478 f   umodsys_lib_libui:umodsys.mod.ui.SDL_GL.obj
 0001:00007638       ?set_flags@SGLFuncs@SDL_GL@ui@modules@UModSys@@QEBAXPEBUTextureInfo@12345@AEBUSRenderMapFlags@lib3d@5@@Z 0000000180008638 f i umodsys_lib_libui:umodsys.mod.ui.SDL_GL.obj
 0001:0000772c       ??1STextureGL@SDL_GL@ui@modules@UModSys@@QEAA@XZ 000000018000872c f   umodsys_lib_libui:umodsys.mod.ui.SDL_GL.obj
 0001:000077b4       ?gen@STextureGL@SDL_GL@ui@modules@UModSys@@QEAA_NXZ 00000001800087b4 f   umodsys_lib_libui:umodsys.mod.ui.SDL_GL.obj
 0001:00007810       ?set_size@STextureGL@SDL_GL@ui@modules@UModSys@@QEAAXHH@Z 0000000180008810 f   umodsys_lib_libui:umodsys.mod.ui.SDL_GL.obj
 0001:000078e4       ?reupload@STextureGL@SDL_GL@ui@modules@UModSys@@QEAA_NXZ 00000001800088e4 f   umodsys_lib_libui:umodsys.mod.ui.SDL_GL.obj
 0001:000079a0       ?upload@STextureGL@SDL_GL@ui@modules@UModSys@@QEAA_NXZ 00000001800089a0 f   umodsys_lib_libui:umodsys.mod.ui.SDL_GL.obj
 0001:00007b14       ?set_reallocate@STextureGL@SDL_GL@ui@modules@UModSys@@QEAA_NW4eImageType@lib2d@5@HHPEBD@Z 0000000180008b14 f   umodsys_lib_libui:umodsys.mod.ui.SDL_GL.obj
 0001:00007c10       ?new_texture@RMultiImage2D_SDL_ttf@SDL_GL@ui@modules@UModSys@@SA_NAEAUSTextureGL@2345@PEAUSDL_Surface@@PEAURRenderDriver3D@2345@@Z 0000000180008c10 f   umodsys_lib_libui:umodsys.mod.ui.SDL_GL.obj
 0001:00007cd0       ??0RRenderDriver3D@SDL_GL@ui@modules@UModSys@@QEAA@PEAURTerminalX@1234@@Z 0000000180008cd0 f   umodsys_lib_libui:umodsys.mod.ui.SDL_GL.obj
 0001:00007ec4       ??_ERRenderDriver3D@SDL_GL@ui@modules@UModSys@@UEAAPEAXI@Z 0000000180008ec4 f i  CIL library: CIL module
 0001:00007ec4       ??_GRRenderDriver3D@SDL_GL@ui@modules@UModSys@@UEAAPEAXI@Z 0000000180008ec4 f i umodsys_lib_libui:umodsys.mod.ui.SDL_GL.obj
 0001:00007ef4       ??1RRenderDriver3D@SDL_GL@ui@modules@UModSys@@UEAA@XZ 0000000180008ef4 f   umodsys_lib_libui:umodsys.mod.ui.SDL_GL.obj
 0001:00007fac       ?Close@RRenderDriver3D@SDL_GL@ui@modules@UModSys@@QEAAXXZ 0000000180008fac f   umodsys_lib_libui:umodsys.mod.ui.SDL_GL.obj
 0001:00007fe8       ?Open@RRenderDriver3D@SDL_GL@ui@modules@UModSys@@QEAA_NAEBUSParameters@core@5@@Z 0000000180008fe8 f   umodsys_lib_libui:umodsys.mod.ui.SDL_GL.obj
 0001:00008224       ?new_font@RRenderDriver3D@SDL_GL@ui@modules@UModSys@@UEAA?AU?$TRefObject@UIMultiImage@lib2d@UModSys@@U?$TRefObjectFunc@UIMultiImage@lib2d@UModSys@@@tl@3@@tl@5@AEBUSParameters@core@5@AEBU?$TString@U?$TSCoreConst@D@su@tl@UModSys@@U?$TComparerBinaryHash@D@234@@75@@Z 0000000180009224 f   umodsys_lib_libui:umodsys.mod.ui.SDL_GL.obj
 0001:000083ac       ?get_max_values@RRenderDriver3D@SDL_GL@ui@modules@UModSys@@UEBAPEBUSParameters@core@5@XZ 00000001800093ac f   umodsys_lib_libui:umodsys.mod.ui.SDL_GL.obj
 0001:000083b4       ?get_frame_values@RRenderDriver3D@SDL_GL@ui@modules@UModSys@@UEBAPEBUSParameters@core@5@XZ 00000001800093b4 f   umodsys_lib_libui:umodsys.mod.ui.SDL_GL.obj
 0001:000083bc       ?setup_font@RRenderDriver3D@SDL_GL@ui@modules@UModSys@@UEAA_NPEAUIMultiImage@lib2d@5@PEBU?$TVector2@M@math3d@5@@Z 00000001800093bc f   umodsys_lib_libui:umodsys.mod.ui.SDL_GL.obj
 0001:00008480       ?setup_color@RRenderDriver3D@SDL_GL@ui@modules@UModSys@@UEAAXAEBU?$TVector3@M@math3d@5@@Z 0000000180009480 f   umodsys_lib_libui:umodsys.mod.ui.SDL_GL.obj
 0001:000084b0       ?setup_color@RRenderDriver3D@SDL_GL@ui@modules@UModSys@@UEAAXAEBU?$TVector3@H@math3d@5@@Z 00000001800094b0 f   umodsys_lib_libui:umodsys.mod.ui.SDL_GL.obj
 0001:00008508       ?setup_coloralpha@RRenderDriver3D@SDL_GL@ui@modules@UModSys@@UEAAXAEBU?$TVector4@M@math3d@5@H@Z 0000000180009508 f   umodsys_lib_libui:umodsys.mod.ui.SDL_GL.obj
 0001:00008534       ?setup_coloralpha@RRenderDriver3D@SDL_GL@ui@modules@UModSys@@UEAAXAEBU?$TVector4@H@math3d@5@H@Z 0000000180009534 f   umodsys_lib_libui:umodsys.mod.ui.SDL_GL.obj
 0001:000085a0       ?setup_blendcolor@RRenderDriver3D@SDL_GL@ui@modules@UModSys@@UEAAXAEBUSBlendColor@lib2d@5@@Z 00000001800095a0 f   umodsys_lib_libui:umodsys.mod.ui.SDL_GL.obj
 0001:00008610       ?setup_blendcolor@RRenderDriver3D@SDL_GL@ui@modules@UModSys@@UEAAXAEBUSBlendColorf@lib2d@5@@Z 0000000180009610 f   umodsys_lib_libui:umodsys.mod.ui.SDL_GL.obj
 0001:0000865c       ?setup_alpha@RRenderDriver3D@SDL_GL@ui@modules@UModSys@@UEAAXHH@Z 000000018000965c f   umodsys_lib_libui:umodsys.mod.ui.SDL_GL.obj
 0001:00008694       ?setup_alpha@RRenderDriver3D@SDL_GL@ui@modules@UModSys@@UEAAXMH@Z 0000000180009694 f   umodsys_lib_libui:umodsys.mod.ui.SDL_GL.obj
 0001:000086bc       ?render_text_advanced@RRenderDriver3D@SDL_GL@ui@modules@UModSys@@UEAA_NAEAUTextInfo@IRenderDriver@lib2d@5@PEBHH@Z 00000001800096bc f   umodsys_lib_libui:umodsys.mod.ui.SDL_GL.obj
 0001:000089a8       ?render_box@RRenderDriver3D@SDL_GL@ui@modules@UModSys@@UEAAXAEBU?$TVector2@H@math3d@5@0@Z 00000001800099a8 f   umodsys_lib_libui:umodsys.mod.ui.SDL_GL.obj
 0001:00008a60       ?render_tri@RRenderDriver3D@SDL_GL@ui@modules@UModSys@@UEAAXAEBU?$TVector2@H@math3d@5@00@Z 0000000180009a60 f   umodsys_lib_libui:umodsys.mod.ui.SDL_GL.obj
 0001:00008b14       ?render_quad@RRenderDriver3D@SDL_GL@ui@modules@UModSys@@UEAAXAEBU?$TVector2@H@math3d@5@000@Z 0000000180009b14 f   umodsys_lib_libui:umodsys.mod.ui.SDL_GL.obj
 0001:00008be0       ?render_box@RRenderDriver3D@SDL_GL@ui@modules@UModSys@@UEAAXPEAUIImage@lib2d@5@AEBU?$TVector2@H@math3d@5@1AEBU?$TVector2@M@95@2@Z 0000000180009be0 f   umodsys_lib_libui:umodsys.mod.ui.SDL_GL.obj
 0001:00008c34       ?render_line@RRenderDriver3D@SDL_GL@ui@modules@UModSys@@UEAAXAEBU?$TVector2@H@math3d@5@0@Z 0000000180009c34 f   umodsys_lib_libui:umodsys.mod.ui.SDL_GL.obj
 0001:00008cd0       ?render_rect@RRenderDriver3D@SDL_GL@ui@modules@UModSys@@UEAAXAEBU?$TVector2@H@math3d@5@0@Z 0000000180009cd0 f   umodsys_lib_libui:umodsys.mod.ui.SDL_GL.obj
 0001:00008db4       ?begin@RRenderDriver3D@SDL_GL@ui@modules@UModSys@@UEAAXXZ 0000000180009db4 f   umodsys_lib_libui:umodsys.mod.ui.SDL_GL.obj
 0001:00008fe8       ?end@RRenderDriver3D@SDL_GL@ui@modules@UModSys@@UEAAXXZ 0000000180009fe8 f   umodsys_lib_libui:umodsys.mod.ui.SDL_GL.obj
 0001:00009050       ?Mode_2d_begin@RRenderDriver3D@SDL_GL@ui@modules@UModSys@@QEAA_NXZ 000000018000a050 f   umodsys_lib_libui:umodsys.mod.ui.SDL_GL.obj
 0001:000091f4       ?Mode_2d_end@RRenderDriver3D@SDL_GL@ui@modules@UModSys@@QEAA_NXZ 000000018000a1f4 f   umodsys_lib_libui:umodsys.mod.ui.SDL_GL.obj
 0001:00009230       ?new_picture@RRenderDriver3D@SDL_GL@ui@modules@UModSys@@UEAA?AU?$TRefObject@UIImage@lib2d@UModSys@@U?$TRefObjectFunc@UIImage@lib2d@UModSys@@@tl@3@@tl@5@AEBUSParameters@core@5@AEBU?$TString@U?$TSCoreConst@D@su@tl@UModSys@@U?$TComparerBinaryHash@D@234@@75@@Z 000000018000a230 f   umodsys_lib_libui:umodsys.mod.ui.SDL_GL.obj
 0001:00009230       ?new_picture@RRenderDriver2D@SDL_core@ui@modules@UModSys@@UEAA?AU?$TRefObject@UIImage@lib2d@UModSys@@U?$TRefObjectFunc@UIImage@lib2d@UModSys@@@tl@3@@tl@5@AEBUSParameters@core@5@AEBU?$TString@U?$TSCoreConst@D@su@tl@UModSys@@U?$TComparerBinaryHash@D@234@@75@@Z 000000018000a230 f   umodsys_lib_libui:umodsys.mod.ui.SDL_core.obj
 0001:00009230       ?data_writer@RBinArchiveFrameClient_ZIP@zlib@media@modules@UModSys@@UEAA?AU?$TRefObject@UIStreamWriter@libmedia@UModSys@@U?$TRefObjectFunc@UIStreamWriter@libmedia@UModSys@@@tl@3@@tl@5@PEAUIBinArchiveFrame@libmedia@5@AEBU?$TString@U?$TSCoreConst@D@su@tl@UModSys@@U?$TComparerBinaryHash@D@234@@75@AEBUSFlags@95@@Z 000000018000a230 f   umodsys_lib_libmedia:umodsys.mod.media.zlib.obj
 0001:00009230       ?register_tex@RRenderDriver3D@SDL_GL@ui@modules@UModSys@@UEAA?AU?$TRefObject@UITexture@lib3d@UModSys@@U?$TRefObjectFunc@UITexture@lib3d@UModSys@@@tl@3@@tl@5@PEAUILibrary@libmedia@5@AEBU?$TString@U?$TSCoreConst@D@su@tl@UModSys@@U?$TComparerBinaryHash@D@234@@75@AEBUSRenderMapFlags@lib3d@5@@Z 000000018000a230 f   umodsys_lib_libui:umodsys.mod.ui.SDL_GL.obj
 0001:00009230       ?register_tex@RRenderDriver3D@SDL_GL@ui@modules@UModSys@@UEAA?AU?$TRefObject@UITexture@lib3d@UModSys@@U?$TRefObjectFunc@UITexture@lib3d@UModSys@@@tl@3@@tl@5@AEBU?$TVector2@H@math3d@5@AEBUSRenderMapFlags@lib3d@5@W4eImageType@lib2d@5@@Z 000000018000a230 f   umodsys_lib_libui:umodsys.mod.ui.SDL_GL.obj
 0001:00009230       ?register_texcells@RRenderDriver3D@SDL_GL@ui@modules@UModSys@@UEAA?AU?$TRefObject@UITextureCells@lib3d@UModSys@@U?$TRefObjectFunc@UITextureCells@lib3d@UModSys@@@tl@3@@tl@5@PEAUILibrary@libmedia@5@AEBU?$TString@U?$TSCoreConst@D@su@tl@UModSys@@U?$TComparerBinaryHash@D@234@@75@AEBUSRenderMapFlags@lib3d@5@@Z 000000018000a230 f   umodsys_lib_libui:umodsys.mod.ui.SDL_GL.obj
 0001:00009240       ?create_array@RRenderDriver3D@SDL_GL@ui@modules@UModSys@@UEAA?AU?$TRefObject@UIVertexArray@lib3d@UModSys@@U?$TRefObjectFunc@UIVertexArray@lib3d@UModSys@@@tl@3@@tl@5@HQEBUSVertexElemInfo@lib3d@5@H@Z 000000018000a240 f   umodsys_lib_libui:umodsys.mod.ui.SDL_GL.obj
 0001:00009374       ?create_array@RRenderDriver3D@SDL_GL@ui@modules@UModSys@@UEAA?AU?$TRefObject@UIVertexArray@lib3d@UModSys@@U?$TRefObjectFunc@UIVertexArray@lib3d@UModSys@@@tl@3@@tl@5@HQEBUSVertexElemInfo@lib3d@5@HPEBX_K@Z 000000018000a374 f   umodsys_lib_libui:umodsys.mod.ui.SDL_GL.obj
 0001:0000954c       ?map_2d_to_3d@RRenderDriver3D@SDL_GL@ui@modules@UModSys@@UEAA_NAEAU?$TVector2@M@math3d@5@AEBU?$TVector2@H@75@@Z 000000018000a54c f   umodsys_lib_libui:umodsys.mod.ui.SDL_GL.obj
 0001:00009604       ?SetT@RRenderDriver3D@SDL_GL@ui@modules@UModSys@@QEAAXAEBU?$TMatrix44@N@math3d@5@_N@Z 000000018000a604 f   umodsys_lib_libui:umodsys.mod.ui.SDL_GL.obj
 0001:000097fc       ?SetFrustum@RRenderDriver3D@SDL_GL@ui@modules@UModSys@@QEAA_NAEBU?$TVector3@N@math3d@5@NNNN_N@Z 000000018000a7fc f   umodsys_lib_libui:umodsys.mod.ui.SDL_GL.obj
 0001:00009928       ?camera_ortho@RRenderDriver3D@SDL_GL@ui@modules@UModSys@@UEAA_NAEBU?$TVector3@N@math3d@5@0@Z 000000018000a928 f   umodsys_lib_libui:umodsys.mod.ui.SDL_GL.obj
 0001:00009a00       ?camera_frustum@RRenderDriver3D@SDL_GL@ui@modules@UModSys@@UEAA_NAEBU?$TVector3@N@math3d@5@0@Z 000000018000aa00 f   umodsys_lib_libui:umodsys.mod.ui.SDL_GL.obj
 0001:00009a50       ?camera_frustum@RRenderDriver3D@SDL_GL@ui@modules@UModSys@@UEAA_NAEBU?$TVector3@N@math3d@5@AEBU?$TVector2@M@75@NN@Z 000000018000aa50 f   umodsys_lib_libui:umodsys.mod.ui.SDL_GL.obj
 0001:00009b64       ?setup_addlight@RRenderDriver3D@SDL_GL@ui@modules@UModSys@@UEAAHW4eLightType@lib3d@5@AEBUSLight@75@AEBU?$TMatrix44@N@math3d@5@@Z 000000018000ab64 f   umodsys_lib_libui:umodsys.mod.ui.SDL_GL.obj
 0001:00009b68       ?setup_T@RRenderDriver3D@SDL_GL@ui@modules@UModSys@@UEAAXAEBU?$TMatrix44@N@math3d@5@@Z 000000018000ab68 f   umodsys_lib_libui:umodsys.mod.ui.SDL_GL.obj
 0001:00009bcc       ?setup_array@RRenderDriver3D@SDL_GL@ui@modules@UModSys@@UEAA_NPEAUIVertexArray@lib3d@5@HH@Z 000000018000abcc f   umodsys_lib_libui:umodsys.mod.ui.SDL_GL.obj
 0001:00009ca8       ?render_primitive@RRenderDriver3D@SDL_GL@ui@modules@UModSys@@UEAA_NW4eRenderPrimitiveType@lib3d@5@HH@Z 000000018000aca8 f   umodsys_lib_libui:umodsys.mod.ui.SDL_GL.obj
 0001:00009d70       ?phase_start@RRenderDriver3D@SDL_GL@ui@modules@UModSys@@UEAAXHH@Z 000000018000ad70 f   umodsys_lib_libui:umodsys.mod.ui.SDL_GL.obj
 0001:00009ed8       ?phase_2d@RRenderDriver3D@SDL_GL@ui@modules@UModSys@@UEAAX_N@Z 000000018000aed8 f   umodsys_lib_libui:umodsys.mod.ui.SDL_GL.obj
 0001:00009f24       ?render_start@RRenderDriver3D@SDL_GL@ui@modules@UModSys@@UEAAXXZ 000000018000af24 f   umodsys_lib_libui:umodsys.mod.ui.SDL_GL.obj
 0001:0000a0bc       ?render_stop@RRenderDriver3D@SDL_GL@ui@modules@UModSys@@UEAAXXZ 000000018000b0bc f   umodsys_lib_libui:umodsys.mod.ui.SDL_GL.obj
 0001:0000a22c       ?setup_2d@RRenderDriver3D@SDL_GL@ui@modules@UModSys@@UEAA_NPEBU?$TVector2@H@math3d@5@0PEBU?$TVector2@M@75@1@Z 000000018000b22c f   umodsys_lib_libui:umodsys.mod.ui.SDL_GL.obj
 0001:0000a2d0       ??0RVertexArray@SDL_GL@ui@modules@UModSys@@QEAA@PEAURRenderDriver3D@1234@_N1@Z 000000018000b2d0 f   umodsys_lib_libui:umodsys.mod.ui.SDL_GL.obj
 0001:0000a3cc       ??_ERVertexArray@SDL_GL@ui@modules@UModSys@@UEAAPEAXI@Z 000000018000b3cc f i  CIL library: CIL module
 0001:0000a3cc       ??_GRVertexArray@SDL_GL@ui@modules@UModSys@@UEAAPEAXI@Z 000000018000b3cc f i umodsys_lib_libui:umodsys.mod.ui.SDL_GL.obj
 0001:0000a480       ?Free@RVertexArray@SDL_GL@ui@modules@UModSys@@QEAA_NXZ 000000018000b480 f   umodsys_lib_libui:umodsys.mod.ui.SDL_GL.obj
 0001:0000a510       ?Alloc@RVertexArray@SDL_GL@ui@modules@UModSys@@QEAA_NQEBUSVertexElemInfo@lib3d@5@HH_N@Z 000000018000b510 f   umodsys_lib_libui:umodsys.mod.ui.SDL_GL.obj
 0001:0000a8b4       ?Use@RVertexArray@SDL_GL@ui@modules@UModSys@@QEAA_NI@Z 000000018000b8b4 f   umodsys_lib_libui:umodsys.mod.ui.SDL_GL.obj
 0001:0000aba0       ?is_valid@RVertexArray@SDL_GL@ui@modules@UModSys@@UEBA_NXZ 000000018000bba0 f   umodsys_lib_libui:umodsys.mod.ui.SDL_GL.obj
 0001:0000abac       ?get_array_count@RVertexArray@SDL_GL@ui@modules@UModSys@@UEBAHXZ 000000018000bbac f   umodsys_lib_libui:umodsys.mod.ui.SDL_GL.obj
 0001:0000abb0       ?get_layer_count@RVertexArray@SDL_GL@ui@modules@UModSys@@UEBAHXZ 000000018000bbb0 f   umodsys_lib_libui:umodsys.mod.ui.SDL_GL.obj
 0001:0000abb4       ?get_layer_info@RVertexArray@SDL_GL@ui@modules@UModSys@@UEBA?AUSVertexElemInfo@lib3d@5@H@Z 000000018000bbb4 f   umodsys_lib_libui:umodsys.mod.ui.SDL_GL.obj
 0001:0000abf4       ?get_layer_vdata@RVertexArray@SDL_GL@ui@modules@UModSys@@UEBA_NW4eVertexAType@lib3d@5@PEAXHHH@Z 000000018000bbf4 f   umodsys_lib_libui:umodsys.mod.ui.SDL_GL.obj
 0001:0000ac30       ?set_layer_vdata@RVertexArray@SDL_GL@ui@modules@UModSys@@UEAA_NW4eVertexAType@lib3d@5@PEBXHHH@Z 000000018000bc30 f   umodsys_lib_libui:umodsys.mod.ui.SDL_GL.obj
 0001:0000ad88       ??0RTerminalX@SDL_GL@ui@modules@UModSys@@QEAA@PEAUIModObject@base@4@AEBUSParameters@core@4@@Z 000000018000bd88 f   umodsys_lib_libui:umodsys.mod.ui.SDL_GL.obj
 0001:0000ae7c       ??_ERTerminalX@SDL_GL@ui@modules@UModSys@@UEAAPEAXI@Z 000000018000be7c f i  CIL library: CIL module
 0001:0000ae7c       ??_GRTerminalX@SDL_GL@ui@modules@UModSys@@UEAAPEAXI@Z 000000018000be7c f i umodsys_lib_libui:umodsys.mod.ui.SDL_GL.obj
 0001:0000aed4       ?get_drv2d@RTerminalX@SDL_core@ui@modules@UModSys@@UEBAPEAUIRenderDriver@lib2d@5@XZ 000000018000bed4 f   umodsys_lib_libui:umodsys.mod.ui.SDL_core.obj
 0001:0000aed4       ?get_drv3d@RTerminalX@SDL_GL@ui@modules@UModSys@@UEBAPEAUIRenderDriver@lib3d@5@XZ 000000018000bed4 f   umodsys_lib_libui:umodsys.mod.ui.SDL_GL.obj
 0001:0000aed4       ?get_drv2d@RTerminalX@SDL_GL@ui@modules@UModSys@@UEBAPEAUIRenderDriver@lib2d@5@XZ 000000018000bed4 f   umodsys_lib_libui:umodsys.mod.ui.SDL_GL.obj
 0001:0000aedc       ?open_drv2d@RTerminalX@SDL_GL@ui@modules@UModSys@@UEAAPEAUIRenderDriver@lib2d@5@PEBUSParameters@core@5@@Z 000000018000bedc f   umodsys_lib_libui:umodsys.mod.ui.SDL_GL.obj
 0001:0000aedc       ?open_drv3d@RTerminalX@SDL_GL@ui@modules@UModSys@@UEAAPEAUIRenderDriver@lib3d@5@PEBUSParameters@core@5@@Z 000000018000bedc f   umodsys_lib_libui:umodsys.mod.ui.SDL_GL.obj
 0001:0000af00       ?close_drvxd@RTerminalX@SDL_GL@ui@modules@UModSys@@UEAA_NXZ 000000018000bf00 f   umodsys_lib_libui:umodsys.mod.ui.SDL_GL.obj
 0001:0000af18       ?clear_min@SGLFuncs@SDL_GL@ui@modules@UModSys@@QEAAXXZ 000000018000bf18 f   umodsys_lib_libui:umodsys.mod.ui.SDL_GL.obj
 0001:0000e88c       ?load@SGLFuncs@SDL_GL@ui@modules@UModSys@@QEAA_NXZ 000000018000f88c f   umodsys_lib_libui:umodsys.mod.ui.SDL_GL.obj
 0001:0001bb64       ?check_base@SGLFuncs@SDL_GL@ui@modules@UModSys@@QEAA_NPEBD@Z 000000018001cb64 f   umodsys_lib_libui:umodsys.mod.ui.SDL_GL.obj
 0001:0001bc04       ?clear_min@SGLFuncsLegacy@SDL_GL@ui@modules@UModSys@@QEAAXXZ 000000018001cc04 f   umodsys_lib_libui:umodsys.mod.ui.SDL_GL.obj
 0001:0001c894       ?load@SGLFuncsLegacy@SDL_GL@ui@modules@UModSys@@QEAA_N_N@Z 000000018001d894 f   umodsys_lib_libui:umodsys.mod.ui.SDL_GL.obj
 0001:00020678       ?image_hint_format@SGLFuncs@SDL_GL@ui@modules@UModSys@@SAHAEBU?$TString@U?$TSCoreConst@D@su@tl@UModSys@@U?$TComparerBinaryHash@D@234@@tl@5@H@Z 0000000180021678 f   umodsys_lib_libui:umodsys.mod.ui.SDL_GL.obj
 0001:00020ba0       ?h_DeleteTextures@SGLFuncs@SDL_GL@ui@modules@UModSys@@UEBAXHPEBI@Z 0000000180021ba0 f   umodsys_lib_libui:umodsys.mod.ui.SDL_GL.obj
 0001:00020c10       ?h_glColor4fv@SGLFuncs@SDL_GL@ui@modules@UModSys@@UEBAXQEBM@Z 0000000180021c10 f   umodsys_lib_libui:umodsys.mod.ui.SDL_GL.obj
 0001:00020c20       ?do_open@RModuleReg@SDL_GL@ui@modules@UModSys@@UEAA_NXZ 0000000180021c20 f i umodsys_lib_libui:umodsys.mod.ui.SDL_GL.obj
 0001:00020c94       ?do_close@RModuleReg@SDL_GL@ui@modules@UModSys@@UEAA_NXZ 0000000180021c94 f i umodsys_lib_libui:umodsys.mod.ui.SDL_GL.obj
 0001:00020ce4       ?get_module@RGenerator@SDL_GL@ui@modules@UModSys@@UEBAPEAUIModule@base@5@XZ 0000000180021ce4 f   umodsys_lib_libui:umodsys.mod.ui.SDL_GL.obj
 0001:00020cec       ?mod_inc@RGenerator@SDL_GL@ui@modules@UModSys@@UEBA_NXZ 0000000180021cec f   umodsys_lib_libui:umodsys.mod.ui.SDL_GL.obj
 0001:00020d00       ?mod_dec@RGenerator@SDL_GL@ui@modules@UModSys@@UEBA_NXZ 0000000180021d00 f   umodsys_lib_libui:umodsys.mod.ui.SDL_GL.obj
 0001:00020d14       ?s_holder@RGenerator@SDL_GL@ui@modules@UModSys@@SAAEAU?$TTypeStaticHolder@URGenerator@SDL_GL@ui@modules@UModSys@@@tl@5@XZ 0000000180021d14 f   umodsys_lib_libui:umodsys.mod.ui.SDL_GL.obj
 0001:00020d58       ??R?$TScatterArray@U?$TRefObjectComposite@UIKeyboardClient@libui@UModSys@@UIRefObject@core@3@U?$TRefObjectFunc@UIRefObject@core@UModSys@@@tl@3@@tl@UModSys@@HU?$TScalarCompare@H@core@3@U?$TNodeDeleter0@U?$TScatterArrayNode@U?$TRefObjectComposite@UIKeyboardClient@libui@UModSys@@UIRefObject@core@3@U?$TRefObjectFunc@UIRefObject@core@UModSys@@@tl@3@@tl@UModSys@@H@tl@UModSys@@@23@@tl@UModSys@@QEAAPEAU?$TRefObjectComposite@UIKeyboardClient@libui@UModSys@@UIRefObject@core@3@U?$TRefObjectFunc@UIRefObject@core@UModSys@@@tl@3@@12@AEBHPEAUVoid@core@2@@Z 0000000180021d58 f i umodsys_lib_libui:umodsys.mod.ui.SDL_GL.obj
 0001:00020e30       ??R?$TScatterArray@U?$TRefObjectCompositeExtra@UIMouseClient@libui@UModSys@@HUIRefObject@core@3@U?$TRefObjectFunc@UIRefObject@core@UModSys@@@tl@3@@tl@UModSys@@HU?$TScalarCompare@H@core@3@U?$TNodeDeleter0@U?$TScatterArrayNode@U?$TRefObjectCompositeExtra@UIMouseClient@libui@UModSys@@HUIRefObject@core@3@U?$TRefObjectFunc@UIRefObject@core@UModSys@@@tl@3@@tl@UModSys@@H@tl@UModSys@@@23@@tl@UModSys@@QEAAPEAU?$TRefObjectCompositeExtra@UIMouseClient@libui@UModSys@@HUIRefObject@core@3@U?$TRefObjectFunc@UIRefObject@core@UModSys@@@tl@3@@12@AEBHPEAUVoid@core@2@@Z 0000000180021e30 f i umodsys_lib_libui:umodsys.mod.ui.SDL_GL.obj
 0001:00020f10       ??1?$TScatterArray@UGlyph@RMultiImage2D_SDL_ttf@SDL_GL@ui@modules@UModSys@@HU?$TScalarCompare@H@core@6@U?$TNodeDeleter0@U?$TScatterArrayNode@UGlyph@RMultiImage2D_SDL_ttf@SDL_GL@ui@modules@UModSys@@H@tl@UModSys@@@tl@6@@tl@UModSys@@QEAA@XZ 0000000180021f10 f i umodsys_lib_libui:umodsys.mod.ui.SDL_GL.obj
 0001:00020f34       ??1?$TDynarrayDynamic@USLayInfo@RVertexArray@SDL_GL@ui@modules@UModSys@@U?$TAllocator@USIMemAlloc@core@UModSys@@USCountCalcExact@23@@tl@6@@tl@UModSys@@QEAA@XZ 0000000180021f34 f i umodsys_lib_libui:umodsys.mod.ui.SDL_GL.obj
 0001:00020f94       ?Resize@?$TDynarray@U?$TDynarrayHolderDynamic@USLayInfo@RVertexArray@SDL_GL@ui@modules@UModSys@@U?$TAllocator@USIMemAlloc@core@UModSys@@USCountCalcExact@23@@tl@6@@tl@UModSys@@@tl@UModSys@@QEAA_N_K@Z 0000000180021f94 f i umodsys_lib_libui:umodsys.mod.ui.SDL_GL.obj
 0001:00021068       ?delete_node@?$TTreeHoldRBD@U?$TScatterArrayNode@U?$TRefObjectComposite@UIKeyboardClient@libui@UModSys@@UIRefObject@core@3@U?$TRefObjectFunc@UIRefObject@core@UModSys@@@tl@3@@tl@UModSys@@H@tl@UModSys@@U?$TNodeDeleter0@U?$TScatterArrayNode@U?$TRefObjectComposite@UIKeyboardClient@libui@UModSys@@UIRefObject@core@3@U?$TRefObjectFunc@UIRefObject@core@UModSys@@@tl@3@@tl@UModSys@@H@tl@UModSys@@@23@@tl@UModSys@@QEAAXPEAU?$TScatterArrayNode@U?$TRefObjectComposite@UIKeyboardClient@libui@UModSys@@UIRefObject@core@3@U?$TRefObjectFunc@UIRefObject@core@UModSys@@@tl@3@@tl@UModSys@@H@23@@Z 0000000180022068 f i umodsys_lib_libui:umodsys.mod.ui.SDL_GL.obj
[...]
 0001:00039448       ??__F?s_id@?$TObjectUniqueID@UIConsoleHelperHistory@base@UModSys@@@tl@UModSys@@2USUniquePointer@core@3@A@@YAXXZ 000000018003a448 f    CIL library: CIL module
 0001:00039454       ??__F?s_id@?$TObjectUniqueID@UIConsoleHelper@base@UModSys@@@tl@UModSys@@2USUniquePointer@core@3@A@@YAXXZ 000000018003a454 f    CIL library: CIL module
 0001:00039460       ??__F?s_id@?$TObjectUniqueID@UIConsoleExt@base@UModSys@@@tl@UModSys@@2USUniquePointer@core@3@A@@YAXXZ 000000018003a460 f    CIL library: CIL module
 0001:0003946c       ??__F?s_id@?$TObjectUniqueID@UISerializeWriter@libmedia@UModSys@@@tl@UModSys@@2USUniquePointer@core@3@A@@YAXXZ 000000018003a46c f    CIL library: CIL module
 0001:00039478       ??__F?s_id@?$TObjectUniqueID@UISerializeReader@libmedia@UModSys@@@tl@UModSys@@2USUniquePointer@core@3@A@@YAXXZ 000000018003a478 f    CIL library: CIL module
 0001:00039484       ??__F?s_id@?$TObjectUniqueID@UIClient@IBinArchiveFrame@libmedia@UModSys@@@tl@UModSys@@2USUniquePointer@core@3@A@@YAXXZ 000000018003a484 f    CIL library: CIL module
 0001:00039490       ??__F?s_id@?$TObjectUniqueID@UIBinArchiveFrame@libmedia@UModSys@@@tl@UModSys@@2USUniquePointer@core@3@A@@YAXXZ 000000018003a490 f    CIL library: CIL module
 0001:0003949c       ??__F?s_id@?$TObjectUniqueID@UILibraryLayered@libmedia@UModSys@@@tl@UModSys@@2USUniquePointer@core@3@A@@YAXXZ 000000018003a49c f    CIL library: CIL module
 0001:000394a8       ??__F?s_id@?$TObjectUniqueID@UILibraryObjCache@libmedia@UModSys@@@tl@UModSys@@2USUniquePointer@core@3@A@@YAXXZ 000000018003a4a8 f    CIL library: CIL module
 0001:000394b4       ??__F?s_id@?$TObjectUniqueID@UILibraryObjFilter@libmedia@UModSys@@@tl@UModSys@@2USUniquePointer@core@3@A@@YAXXZ 000000018003a4b4 f    CIL library: CIL module
 0001:000394c0       ??__F?s_id@?$TObjectUniqueID@UILibraryBinCache@libmedia@UModSys@@@tl@UModSys@@2USUniquePointer@core@3@A@@YAXXZ 000000018003a4c0 f    CIL library: CIL module
 0001:000394cc       ??__F?s_id@?$TObjectUniqueID@UILibraryBinTree@libmedia@UModSys@@@tl@UModSys@@2USUniquePointer@core@3@A@@YAXXZ 000000018003a4cc f    CIL library: CIL module
 0001:000394d8       ??__F?s_id@?$TObjectUniqueID@UILibrary@libmedia@UModSys@@@tl@UModSys@@2USUniquePointer@core@3@A@@YAXXZ 000000018003a4d8 f    CIL library: CIL module
 0001:000394e4       ??__F?s_id@?$TObjectUniqueID@UIBinObjFilter@libmedia@UModSys@@@tl@UModSys@@2USUniquePointer@core@3@A@@YAXXZ 000000018003a4e4 f    CIL library: CIL module
 0001:000394f0       ??__F?s_id@?$TObjectUniqueID@UIBinArchive@libmedia@UModSys@@@tl@UModSys@@2USUniquePointer@core@3@A@@YAXXZ 000000018003a4f0 f    CIL library: CIL module
 0001:000394fc       ??__F?s_id@?$TObjectUniqueID@UILibObject@libmedia@UModSys@@@tl@UModSys@@2USUniquePointer@core@3@A@@YAXXZ 000000018003a4fc f    CIL library: CIL module
 0001:00039508       ??__F?s_id@?$TObjectUniqueID@UIUtilities@libmedia@UModSys@@@tl@UModSys@@2USUniquePointer@core@3@A@@YAXXZ 000000018003a508 f    CIL library: CIL module
 0001:00039514       ??__F?s_id@?$TObjectUniqueID@UIStreamWriter@libmedia@UModSys@@@tl@UModSys@@2USUniquePointer@core@3@A@@YAXXZ 000000018003a514 f    CIL library: CIL module
 0001:00039520       ??__F?s_id@?$TObjectUniqueID@UIStreamReader@libmedia@UModSys@@@tl@UModSys@@2USUniquePointer@core@3@A@@YAXXZ 000000018003a520 f    CIL library: CIL module
 0001:0003952c       ??__F?s_id@?$TObjectUniqueID@UISystem@base@UModSys@@@tl@UModSys@@2USUniquePointer@core@3@A@@YAXXZ 000000018003a52c f    CIL library: CIL module
 0001:00039538       ??__F?s_id@?$TObjectUniqueID@UIShell@base@UModSys@@@tl@UModSys@@2USUniquePointer@core@3@A@@YAXXZ 000000018003a538 f    CIL library: CIL module
 0001:00039544       ??__F?s_id@?$TObjectUniqueID@UIGenerator@base@UModSys@@@tl@UModSys@@2USUniquePointer@core@3@A@@YAXXZ 000000018003a544 f    CIL library: CIL module
 0001:00039550       ??__F?s_id@?$TObjectUniqueID@UIModObject@base@UModSys@@@tl@UModSys@@2USUniquePointer@core@3@A@@YAXXZ 000000018003a550 f    CIL library: CIL module
 0001:0003955c       ??__F?s_id@?$TObjectUniqueID@UIModuleLibrary@base@UModSys@@@tl@UModSys@@2USUniquePointer@core@3@A@@YAXXZ 000000018003a55c f    CIL library: CIL module
 0001:00039568       ??__F?s_id@?$TObjectUniqueID@UIModule@base@UModSys@@@tl@UModSys@@2USUniquePointer@core@3@A@@YAXXZ 000000018003a568 f    CIL library: CIL module
 0001:00039574       ??__F?s_id@?$TObjectUniqueID@UIConsole@base@UModSys@@@tl@UModSys@@2USUniquePointer@core@3@A@@YAXXZ 000000018003a574 f    CIL library: CIL module
 0001:00039580       ??__F?s_id@?$TObjectUniqueID@UIParameters@core@UModSys@@@tl@UModSys@@2USUniquePointer@core@3@A@@YAXXZ 000000018003a580 f    CIL library: CIL module
 0001:0003958c       ??__F?s_id@?$TObjectUniqueID@UIRefObject@core@UModSys@@@tl@UModSys@@2USUniquePointer@core@3@A@@YAXXZ 000000018003a58c f    CIL library: CIL module
 0001:00039598       ??__F?s_id@?$TObjectUniqueID@UIRoot@core@UModSys@@@tl@UModSys@@2USUniquePointer@core@3@A@@YAXXZ 000000018003a598 f    CIL library: CIL module
 0001:000395a4       ??__F?s_id@?$TDataUniqueID@M@tl@UModSys@@2USUniquePointer@core@3@A@@YAXXZ 000000018003a5a4 f    CIL library: CIL module
 0001:000395b0       ??__F?s_id@?$TDataUniqueID@F@tl@UModSys@@2USUniquePointer@core@3@A@@YAXXZ 000000018003a5b0 f    CIL library: CIL module
 0001:000395bc       ??__F?s_id@?$TDataUniqueID@H@tl@UModSys@@2USUniquePointer@core@3@A@@YAXXZ 000000018003a5bc f    CIL library: CIL module
 0001:000395c8       ??__F?s_id@?$TConstUniqueID@W4eConsoleLevels@base@UModSys@@$00@tl@UModSys@@2USUniquePointer@core@3@A@@YAXXZ 000000018003a5c8 f    CIL library: CIL module
 0001:000395d4       ??__F?s_id@?$TObjectUniqueID@UINodeObject_Light@lib3d@UModSys@@@tl@UModSys@@2USUniquePointer@core@3@A@@YAXXZ 000000018003a5d4 f    CIL library: CIL module
 0001:000395e0       ??__F?s_id@?$TObjectUniqueID@UINodeObject_Camera@lib3d@UModSys@@@tl@UModSys@@2USUniquePointer@core@3@A@@YAXXZ 000000018003a5e0 f    CIL library: CIL module
 0001:000395ec       ??__F?s_id@?$TObjectUniqueID@UINodeObject_Particles@lib3d@UModSys@@@tl@UModSys@@2USUniquePointer@core@3@A@@YAXXZ 000000018003a5ec f    CIL library: CIL module
 0001:000395f8       ??__F?s_id@?$TObjectUniqueID@UINodeObject_Picture@lib3d@UModSys@@@tl@UModSys@@2USUniquePointer@core@3@A@@YAXXZ 000000018003a5f8 f    CIL library: CIL module
 0001:00039604       ??__F?s_id@?$TObjectUniqueID@UINodeObject_Mesh@lib3d@UModSys@@@tl@UModSys@@2USUniquePointer@core@3@A@@YAXXZ 000000018003a604 f    CIL library: CIL module
 0001:00039610       ??__F?s_id@?$TObjectUniqueID@UINodeObject_Brush@lib3d@UModSys@@@tl@UModSys@@2USUniquePointer@core@3@A@@YAXXZ 000000018003a610 f    CIL library: CIL module
 0001:0003961c       ??__F?s_id@?$TObjectUniqueID@UIScene@lib3d@UModSys@@@tl@UModSys@@2USUniquePointer@core@3@A@@YAXXZ 000000018003a61c f    CIL library: CIL module
 0001:00039628       ??__F?s_id@?$TObjectUniqueID@UISceneController@lib3d@UModSys@@@tl@UModSys@@2USUniquePointer@core@3@A@@YAXXZ 000000018003a628 f    CIL library: CIL module
 0001:00039634       ??__Fs_dbg@stdlib@lib2d@modules@UModSys@@YAXXZ 000000018003a634 f    CIL library: CIL module
 0001:00039658       ??__F?s_modreg@RModuleReg@stdlib@lib2d@modules@UModSys@@2U12345@A@@YAXXZ 000000018003a658 f    CIL library: CIL module
 0001:00039668       ??__F?s_modreg_chain@RModuleReg@stdlib@lib2d@modules@UModSys@@2USModuleRegChain@base@5@A@@YAXXZ 000000018003a668 f    CIL library: CIL module
 0001:00039674       ??__F?s_uid@RGenerator@stdlib@lib2d@modules@UModSys@@2USUniquePointer@core@5@A@@YAXXZ 000000018003a674 f    CIL library: CIL module
 0001:00039680       ??__Fh@?1??s_holder@RGenerator@stdlib@lib2d@modules@UModSys@@SAAEAU?$TTypeStaticHolder@URGenerator@stdlib@lib2d@modules@UModSys@@@tl@5@XZ@YAXXZ 000000018003a680 f    CIL library: CIL module
 0001:000396a8       ??__F?s_id@?$TObjectUniqueID@URGenerator@stdlib@lib2d@modules@UModSys@@@tl@UModSys@@2USUniquePointer@core@3@A@@YAXXZ 000000018003a6a8 f    CIL library: CIL module
 0001:000396b4       ??__F?s_id@?$TObjectUniqueID@URMultiImage@stdlib@lib2d@modules@UModSys@@@tl@UModSys@@2USUniquePointer@core@3@A@@YAXXZ 000000018003a6b4 f    CIL library: CIL module
 0001:000396c0       ??__F?s_id@?$TObjectUniqueID@URImageFactory_Memory@stdlib@lib2d@modules@UModSys@@@tl@UModSys@@2USUniquePointer@core@3@A@@YAXXZ 000000018003a6c0 f    CIL library: CIL module
 0001:000396cc       ??__F?s_id@?$TObjectUniqueID@URImage_Memory@stdlib@lib2d@modules@UModSys@@@tl@UModSys@@2USUniquePointer@core@3@A@@YAXXZ 000000018003a6cc f    CIL library: CIL module
 0001:000396d8       ??__Fs_dbg@SDL_GL@ui@modules@UModSys@@YAXXZ 000000018003a6d8 f    CIL library: CIL module
 0001:000396fc       ??__F?s_modreg@RModuleReg@SDL_GL@ui@modules@UModSys@@2U12345@A@@YAXXZ 000000018003a6fc f    CIL library: CIL module
 0001:0003970c       ??__F?s_modreg_chain@RModuleReg@SDL_GL@ui@modules@UModSys@@2USModuleRegChain@base@5@A@@YAXXZ 000000018003a70c f    CIL library: CIL module
 0001:00039718       ??__F?s_uid@RGenerator@SDL_GL@ui@modules@UModSys@@2USUniquePointer@core@5@A@@YAXXZ 000000018003a718 f    CIL library: CIL module
 0001:00039724       ??__Fh@?1??s_holder@RGenerator@SDL_GL@ui@modules@UModSys@@SAAEAU?$TTypeStaticHolder@URGenerator@SDL_GL@ui@modules@UModSys@@@tl@5@XZ@YAXXZ 000000018003a724 f    CIL library: CIL module
 0001:0003974c       ??__F?s_id@?$TObjectUniqueID@URGenerator@SDL_GL@ui@modules@UModSys@@@tl@UModSys@@2USUniquePointer@core@3@A@@YAXXZ 000000018003a74c f    CIL library: CIL module
 0001:00039758       ??__F?s_id@?$TObjectUniqueID@URVertexArray@SDL_GL@ui@modules@UModSys@@@tl@UModSys@@2USUniquePointer@core@3@A@@YAXXZ 000000018003a758 f    CIL library: CIL module
 0001:00039764       ??__F?s_id@?$TObjectUniqueID@URTerminalX@SDL_GL@ui@modules@UModSys@@@tl@UModSys@@2USUniquePointer@core@3@A@@YAXXZ 000000018003a764 f    CIL library: CIL module
 0001:00039770       ??__F?s_id@?$TObjectUniqueID@URRenderDriver3D@SDL_GL@ui@modules@UModSys@@@tl@UModSys@@2USUniquePointer@core@3@A@@YAXXZ 000000018003a770 f    CIL library: CIL module
 0001:0003977c       ??__F?s_id@?$TObjectUniqueID@URMultiImage2D_SDL_ttf@SDL_GL@ui@modules@UModSys@@@tl@UModSys@@2USUniquePointer@core@3@A@@YAXXZ 000000018003a77c f    CIL library: CIL module
 0001:00039788       ??__F?s_id@?$TObjectUniqueID@URTerminal@SDL_GL@ui@modules@UModSys@@@tl@UModSys@@2USUniquePointer@core@3@A@@YAXXZ 000000018003a788 f    CIL library: CIL module
 0001:00039794       ??__F?s_id@?$TObjectUniqueID@URMouseController@SDL_GL@ui@modules@UModSys@@@tl@UModSys@@2USUniquePointer@core@3@A@@YAXXZ 000000018003a794 f    CIL library: CIL module
 0001:000397a0       ??__F?s_id@?$TObjectUniqueID@URKeyboardController@SDL_GL@ui@modules@UModSys@@@tl@UModSys@@2USUniquePointer@core@3@A@@YAXXZ 000000018003a7a0 f    CIL library: CIL module
 0001:000397ac       ??__Fs_dbg@SDL_core@ui@modules@UModSys@@YAXXZ 000000018003a7ac f    CIL library: CIL module
 0001:000397d0       ??__F?s_modreg@RModuleReg@SDL_core@ui@modules@UModSys@@2U12345@A@@YAXXZ 000000018003a7d0 f    CIL library: CIL module
 0001:000397e0       ??__F?s_modreg_chain@RModuleReg@SDL_core@ui@modules@UModSys@@2USModuleRegChain@base@5@A@@YAXXZ 000000018003a7e0 f    CIL library: CIL module
 0001:000397ec       ??__F?s_uid@RGenerator@SDL_core@ui@modules@UModSys@@2USUniquePointer@core@5@A@@YAXXZ 000000018003a7ec f    CIL library: CIL module
 0001:000397f8       ??__Fh@?1??s_holder@RGenerator@SDL_core@ui@modules@UModSys@@SAAEAU?$TTypeStaticHolder@URGenerator@SDL_core@ui@modules@UModSys@@@tl@5@XZ@YAXXZ 000000018003a7f8 f    CIL library: CIL module
 0001:00039820       ??__F?s_id@?$TObjectUniqueID@URGenerator@SDL_core@ui@modules@UModSys@@@tl@UModSys@@2USUniquePointer@core@3@A@@YAXXZ 000000018003a820 f    CIL library: CIL module
 0001:0003982c       ??__F?s_id@?$TObjectUniqueID@URTerminalX@SDL_core@ui@modules@UModSys@@@tl@UModSys@@2USUniquePointer@core@3@A@@YAXXZ 000000018003a82c f    CIL library: CIL module
 0001:00039838       ??__F?s_id@?$TObjectUniqueID@URRenderDriver2D@SDL_core@ui@modules@UModSys@@@tl@UModSys@@2USUniquePointer@core@3@A@@YAXXZ 000000018003a838 f    CIL library: CIL module
 0001:00039844       ??__F?s_id@?$TObjectUniqueID@URMultiImage2D_SDL_ttf@SDL_core@ui@modules@UModSys@@@tl@UModSys@@2USUniquePointer@core@3@A@@YAXXZ 000000018003a844 f    CIL library: CIL module
 0001:00039850       ??__F?s_id@?$TObjectUniqueID@URTerminal@SDL_core@ui@modules@UModSys@@@tl@UModSys@@2USUniquePointer@core@3@A@@YAXXZ 000000018003a850 f    CIL library: CIL module
 0001:0003985c       ??__F?s_id@?$TObjectUniqueID@URMouseController@SDL_core@ui@modules@UModSys@@@tl@UModSys@@2USUniquePointer@core@3@A@@YAXXZ 000000018003a85c f    CIL library: CIL module
 0001:00039868       ??__F?s_id@?$TObjectUniqueID@URKeyboardController@SDL_core@ui@modules@UModSys@@@tl@UModSys@@2USUniquePointer@core@3@A@@YAXXZ 000000018003a868 f    CIL library: CIL module
 0001:00039874       ??__Fs_dbg@frames@ui@modules@UModSys@@YAXXZ 000000018003a874 f    CIL library: CIL module
 0001:00039898       ??__F?s_modreg@RModuleReg@frames@ui@modules@UModSys@@2U12345@A@@YAXXZ 000000018003a898 f    CIL library: CIL module
 0001:000398a8       ??__F?s_modreg_chain@RModuleReg@frames@ui@modules@UModSys@@2USModuleRegChain@base@5@A@@YAXXZ 000000018003a8a8 f    CIL library: CIL module
 0001:000398b4       ??__F?s_uid@RGenerator@frames@ui@modules@UModSys@@2USUniquePointer@core@5@A@@YAXXZ 000000018003a8b4 f    CIL library: CIL module
 0001:000398c0       ??__Fh@?1??s_holder@RGenerator@frames@ui@modules@UModSys@@SAAEAU?$TTypeStaticHolder@URGenerator@frames@ui@modules@UModSys@@@tl@5@XZ@YAXXZ 000000018003a8c0 f    CIL library: CIL module
 0001:000398e8       ??__F?s_id@?$TObjectUniqueID@URGenerator@frames@ui@modules@UModSys@@@tl@UModSys@@2USUniquePointer@core@3@A@@YAXXZ 000000018003a8e8 f    CIL library: CIL module
 0001:000398f4       ??__F?s_id@?$TObjectUniqueID@URCollector@frames@ui@modules@UModSys@@@tl@UModSys@@2USUniquePointer@core@3@A@@YAXXZ 000000018003a8f4 f    CIL library: CIL module
 0001:00039900       ??__F?s_id@?$TObjectUniqueID@URFrame_List@frames@ui@modules@UModSys@@@tl@UModSys@@2USUniquePointer@core@3@A@@YAXXZ 000000018003a900 f    CIL library: CIL module
 0001:0003990c       ??__F?s_id@?$TObjectUniqueID@URFrame_Edit@frames@ui@modules@UModSys@@@tl@UModSys@@2USUniquePointer@core@3@A@@YAXXZ 000000018003a90c f    CIL library: CIL module
 0001:00039918       ??__F?s_id@?$TObjectUniqueID@URFrame_Button@frames@ui@modules@UModSys@@@tl@UModSys@@2USUniquePointer@core@3@A@@YAXXZ 000000018003a918 f    CIL library: CIL module
 0001:00039924       ??__F?s_id@?$TObjectUniqueID@URFrame_Text@frames@ui@modules@UModSys@@@tl@UModSys@@2USUniquePointer@core@3@A@@YAXXZ 000000018003a924 f    CIL library: CIL module
 0001:00039930       ??__F?s_id@?$TObjectUniqueID@URFrame_Image@frames@ui@modules@UModSys@@@tl@UModSys@@2USUniquePointer@core@3@A@@YAXXZ 000000018003a930 f    CIL library: CIL module
 0001:0003993c       ??__F?s_id@?$TObjectUniqueID@URFrame_Frame@frames@ui@modules@UModSys@@@tl@UModSys@@2USUniquePointer@core@3@A@@YAXXZ 000000018003a93c f    CIL library: CIL module
 0001:00039948       ??__F?s_id@?$TObjectUniqueID@URDialog@frames@ui@modules@UModSys@@@tl@UModSys@@2USUniquePointer@core@3@A@@YAXXZ 000000018003a948 f    CIL library: CIL module
 0001:00039954       ??__F?s_id@?$TObjectUniqueID@URFrame_Common@frames@ui@modules@UModSys@@@tl@UModSys@@2USUniquePointer@core@3@A@@YAXXZ 000000018003a954 f    CIL library: CIL module
 0001:00039960       ??__Fs_dbg@images_std@media@modules@UModSys@@YAXXZ 000000018003a960 f    CIL library: CIL module
 0001:00039984       ??__F?s_modreg@RModuleReg@images_std@media@modules@UModSys@@2U12345@A@@YAXXZ 000000018003a984 f    CIL library: CIL module
 0001:00039994       ??__F?s_modreg_chain@RModuleReg@images_std@media@modules@UModSys@@2USModuleRegChain@base@5@A@@YAXXZ 000000018003a994 f    CIL library: CIL module
 0001:000399a0       ??__F?s_uid@RGenerator@images_std@media@modules@UModSys@@2USUniquePointer@core@5@A@@YAXXZ 000000018003a9a0 f    CIL library: CIL module
 0001:000399ac       ??__Fh@?1??s_holder@RGenerator@images_std@media@modules@UModSys@@SAAEAU?$TTypeStaticHolder@URGenerator@images_std@media@modules@UModSys@@@tl@5@XZ@YAXXZ 000000018003a9ac f    CIL library: CIL module
 0001:000399d4       ??__F?s_id@?$TObjectUniqueID@URGenerator@images_std@media@modules@UModSys@@@tl@UModSys@@2USUniquePointer@core@3@A@@YAXXZ 000000018003a9d4 f    CIL library: CIL module
 0001:000399e0       ??__F?s_id@?$TObjectUniqueID@URMediaFilter@images_std@media@modules@UModSys@@@tl@UModSys@@2USUniquePointer@core@3@A@@YAXXZ 000000018003a9e0 f    CIL library: CIL module
 0001:000399ec       ??__Fs_dbg@serialize_json@media@modules@UModSys@@YAXXZ 000000018003a9ec f    CIL library: CIL module
 0001:00039a10       ??__F?s_modreg@RModuleReg@serialize_json@media@modules@UModSys@@2U12345@A@@YAXXZ 000000018003aa10 f    CIL library: CIL module
 0001:00039a20       ??__F?s_modreg_chain@RModuleReg@serialize_json@media@modules@UModSys@@2USModuleRegChain@base@5@A@@YAXXZ 000000018003aa20 f    CIL library: CIL module
 0001:00039a2c       ??__F?s_uid@RGenerator@serialize_json@media@modules@UModSys@@2USUniquePointer@core@5@A@@YAXXZ 000000018003aa2c f    CIL library: CIL module
 0001:00039a38       ??__Fh@?1??s_holder@RGenerator@serialize_json@media@modules@UModSys@@SAAEAU?$TTypeStaticHolder@URGenerator@serialize_json@media@modules@UModSys@@@tl@5@XZ@YAXXZ 000000018003aa38 f    CIL library: CIL module
 0001:00039a60       ??__F?s_id@?$TObjectUniqueID@URGenerator@serialize_json@media@modules@UModSys@@@tl@UModSys@@2USUniquePointer@core@3@A@@YAXXZ 000000018003aa60 f    CIL library: CIL module
 0001:00039a6c       ??__F?s_id@?$TObjectUniqueID@URSerializeWriter@serialize_json@media@modules@UModSys@@@tl@UModSys@@2USUniquePointer@core@3@A@@YAXXZ 000000018003aa6c f    CIL library: CIL module
 0001:00039a78       ??__F?s_id@?$TObjectUniqueID@URSerializeReader@serialize_json@media@modules@UModSys@@@tl@UModSys@@2USUniquePointer@core@3@A@@YAXXZ 000000018003aa78 f    CIL library: CIL module
 0001:00039a84       ??__Fs_dbg@zlib@media@modules@UModSys@@YAXXZ 000000018003aa84 f    CIL library: CIL module
 0001:00039aa8       ??__F?s_modreg@RModuleReg@zlib@media@modules@UModSys@@2U12345@A@@YAXXZ 000000018003aaa8 f    CIL library: CIL module
 0001:00039ab8       ??__F?s_modreg_chain@RModuleReg@zlib@media@modules@UModSys@@2USModuleRegChain@base@5@A@@YAXXZ 000000018003aab8 f    CIL library: CIL module
 0001:00039ac4       ??__F?s_uid@RGenerator@zlib@media@modules@UModSys@@2USUniquePointer@core@5@A@@YAXXZ 000000018003aac4 f    CIL library: CIL module
 0001:00039ad0       ??__Fh@?1??s_holder@RGenerator@zlib@media@modules@UModSys@@SAAEAU?$TTypeStaticHolder@URGenerator@zlib@media@modules@UModSys@@@tl@5@XZ@YAXXZ 000000018003aad0 f    CIL library: CIL module
 0001:00039af8       ??__F?s_id@?$TObjectUniqueID@URGenerator@zlib@media@modules@UModSys@@@tl@UModSys@@2USUniquePointer@core@3@A@@YAXXZ 000000018003aaf8 f    CIL library: CIL module
 0001:00039b04       ??__F?s_id@?$TObjectUniqueID@URBinArchiveFrameClient_ZIP@zlib@media@modules@UModSys@@@tl@UModSys@@2USUniquePointer@core@3@A@@YAXXZ 000000018003ab04 f    CIL library: CIL module
 0001:00039b10       ??__FM@UModSys@@YAXXZ      000000018003ab10 f    CIL library: CIL module
 0001:00039b14       ??__F?root@SModuleRegChain@base@UModSys@@2U123@A@@YAXXZ 000000018003ab14 f    CIL library: CIL module
 0001:00039b20       ??__F?s_library@RModuleLibraryReg_Chain@base@UModSys@@2U123@A@@YAXXZ 000000018003ab20 f    CIL library: CIL module
 0001:00039b30       ??__F?root@SUniquePointer@core@UModSys@@2U123@A@@YAXXZ 000000018003ab30 f    CIL library: CIL module

 Exports

  ordinal    name

        1    UModSys_Plugin_Entry2
