 plugin_test1

 Timestamp is 52d69296 (Wed Jan 15 16:52:22 2014)

 Preferred load address is 0000000180000000

 Start         Length     Name                   Class
 0001:00000000 00019e50H .text                   CODE
 0001:00019e50 0000005eH .text$00                CODE
 0001:00019eb0 00001827H .text$x                 CODE
 0001:0001b6d8 000018f0H .text$yc                CODE
 0001:0001cfc8 00000804H .text$yd                CODE
 0002:00000000 00000398H .idata$5                DATA
 0002:00000398 00000008H .CRT$XCA                DATA
 0002:000003a0 00001f50H .CRT$XCU                DATA
 0002:000022f0 00000008H .CRT$XCZ                DATA
 0002:000022f8 00000008H .CRT$XIA                DATA
 0002:00002300 00000008H .CRT$XIAA               DATA
 0002:00002308 00000008H .CRT$XIZ                DATA
 0002:00002310 00005148H .rdata                  DATA
 0002:00007460 00002ea4H .rdata$r                DATA
 0002:0000a308 00000008H .rtc$IAA                DATA
 0002:0000a310 00000008H .rtc$IZZ                DATA
 0002:0000a318 00000008H .rtc$TAA                DATA
 0002:0000a320 00000008H .rtc$TZZ                DATA
 0002:0000a328 00002980H .xdata                  DATA
 0002:0000cca8 00000078H .idata$2                DATA
 0002:0000cd20 00000014H .idata$3                DATA
 0002:0000cd38 00000398H .idata$4                DATA
 0002:0000d0d0 00000808H .idata$6                DATA
 0002:0000d8e0 00000059H .edata                  DATA
 0003:00000000 00001600H .data                   DATA
 0003:00001600 00002150H .bss                    DATA
 0004:00000000 00002214H .pdata                  DATA

  Address         Publics by Value              Rva+Base               Lib:Object

 0000:00000000       ___safe_se_handler_table   0000000000000000     <absolute>
 0000:00000000       ___safe_se_handler_count   0000000000000000     <absolute>
 0000:00000000       __ImageBase                0000000180000000     <linker-defined>
 0001:00000000       ??1SMemShared@core@UModSys@@QEAA@XZ 0000000180001000 f i plugin_test1.obj
 0001:00000000       ??1State@RImage_Memory@stdlib@lib2d@modules@UModSys@@QEAA@XZ 0000000180001000 f i umodsys_lib_lib2d:umodsys.mod.2d.stdlib.obj
 0001:00000000       ??1SCMemShared@core@UModSys@@QEAA@XZ 0000000180001000 f i plugin_test1.obj
 0001:00000030       ??6SUniquePtrList@core@UModSys@@QEAAAEAU012@PEBUSUniquePointerInfo@12@@Z 0000000180001030 f i plugin_test1.obj
 0001:000000e8       ??3IRoot@core@UModSys@@SAXPEAXAEBUSIMemAlloc@12@@Z 00000001800010e8 f i plugin_test1.obj
 0001:00000114       ??1IBinObjFilter@libmedia@UModSys@@UEAA@XZ 0000000180001114 f i plugin_test1.obj
 0001:00000150       ?root_get_interface_info@RTest1_Shell@test1@test@modules@UModSys@@UEBAAEBUSUniquePointerInfo@core@5@XZ 0000000180001150 f i plugin_test1.obj
 0001:00000158       ?root_get_interface_type@RTest1_Shell@test1@test@modules@UModSys@@UEBAPEBUSUniquePointerInfo@core@5@XZ 0000000180001158 f i plugin_test1.obj
 0001:00000160       ?root_get_other_interface@RTest1_Shell@test1@test@modules@UModSys@@UEBAPEBUIRoot@core@5@PEBUSUniquePointerInfo@75@@Z 0000000180001160 f i plugin_test1.obj
 0001:00000160       ?root_get_other_interface@RTest1_Shell@test1@test@modules@UModSys@@UEAAPEAUIRoot@core@5@PEBUSUniquePointerInfo@75@@Z 0000000180001160 f i plugin_test1.obj
 0001:00000190       ?root_is_interface_supported@RTest1_Shell@test1@test@modules@UModSys@@UEBA_NPEBUSUniquePointerInfo@core@5@@Z 0000000180001190 f i plugin_test1.obj
 0001:000001c0       ?ref_add@RTest1_Shell@test1@test@modules@UModSys@@UEBAXXZ 00000001800011c0 f i plugin_test1.obj
 0001:000001c4       ?ref_remove@RTest1_Shell@test1@test@modules@UModSys@@UEBAXXZ 00000001800011c4 f i plugin_test1.obj
 0001:000001dc       ?ref_links@RTest1_Shell@test1@test@modules@UModSys@@UEBAHXZ 00000001800011dc f i plugin_test1.obj
 0001:000001e0       ?ref_weak@RTest1_Shell@test1@test@modules@UModSys@@UEBA_NAEAUWeakPointer@IRefObject@core@5@@Z 00000001800011e0 f i plugin_test1.obj
 0001:00000200       ?suicide@RTest1_Shell@test1@test@modules@UModSys@@UEAAXXZ 0000000180001200 f i plugin_test1.obj
 0001:0000024c       ??0RTest1_Shell@test1@test@modules@UModSys@@QEAA@PEAUIModObject@base@4@@Z 000000018000124c f i plugin_test1.obj
 0001:00000390       ?connect@RTest1_Shell@test1@test@modules@UModSys@@UEAA_NXZ 0000000180001390 f i plugin_test1.obj
 0001:000003b4       ?disconnect@RTest1_Shell@test1@test@modules@UModSys@@UEAA_NXZ 00000001800013b4 f i plugin_test1.obj
 0001:000003d8       ?process_tick@RTest1_Shell@test1@test@modules@UModSys@@UEAA_NAEBUSTimeMsec@core@5@@Z 00000001800013d8 f i plugin_test1.obj
 0001:00000414       ?process_command@RTest1_Shell@test1@test@modules@UModSys@@UEAA_NHQEBU?$TString@U?$TSCoreConst@D@su@tl@UModSys@@U?$TComparerBinaryHash@D@234@@tl@5@@Z 0000000180001414 f i plugin_test1.obj
 0001:0000043c       ??_ERTest1_Shell@test1@test@modules@UModSys@@UEAAPEAXI@Z 000000018000143c f i  CIL library: CIL module
 0001:0000043c       ??_GRTest1_Shell@test1@test@modules@UModSys@@UEAAPEAXI@Z 000000018000143c f i plugin_test1.obj
 0001:00000504       ??1?$TParametersA@$0BAA@@core@UModSys@@QEAA@XZ 0000000180001504 f i umodsys_lib_libui:umodsys.mod.ui.SDL_core.obj
 0001:00000504       ??1SParameters@core@UModSys@@QEAA@XZ 0000000180001504 f i plugin_test1.obj
 0001:00000504       ??1?$TParametersA@$0BAL@@core@UModSys@@QEAA@XZ 0000000180001504 f i umodsys_lib_lib2d:umodsys.mod.2d.stdlib.obj
 0001:00000504       ??1?$TParametersA@$0EAA@@core@UModSys@@QEAA@XZ 0000000180001504 f i plugin_test1.obj
 0001:00000520       ?ui_newframes@RTest1_Shell@test1@test@modules@UModSys@@QEAA?AU?$TRefObject@UICollector@libui@UModSys@@U?$TRefObjectFunc@UICollector@libui@UModSys@@@tl@3@@tl@5@AEBU?$TString@U?$TSCoreConst@D@su@tl@UModSys@@U?$TComparerBinaryHash@D@234@@75@AEBUSParameters@core@5@@Z 0000000180001520 f   plugin_test1.obj
 0001:00000548       ?ui_newterm@RTest1_Shell@test1@test@modules@UModSys@@QEAA?AU?$TRefObject@UITerminal@libui@UModSys@@U?$TRefObjectFunc@UITerminal@libui@UModSys@@@tl@3@@tl@5@AEBU?$TString@U?$TSCoreConst@D@su@tl@UModSys@@U?$TComparerBinaryHash@D@234@@75@AEBUSParameters@core@5@@Z 0000000180001548 f   plugin_test1.obj
 0001:00000570       ?key_pressed@RTest1_Shell@test1@test@modules@UModSys@@UEAA_NAEBUSKeyboardInputRaw@libui@5@@Z 0000000180001570 f   plugin_test1.obj
 0001:000005d8       ?key_text@RTest1_Shell@test1@test@modules@UModSys@@UEAA_NAEBUSKeyboardInputText@libui@5@@Z 00000001800015d8 f   plugin_test1.obj
 0001:0000062c       ?mouse_event@RTest1_Shell@test1@test@modules@UModSys@@UEAA_NAEBUSMouseInput@libui@5@@Z 000000018000162c f   plugin_test1.obj
 0001:000006c8       ?command@RTest1_Shell@test1@test@modules@UModSys@@UEAA_NAEBUSController@libui@5@HAEBUSFrameDataIn@75@@Z 00000001800016c8 f   plugin_test1.obj
 0001:00000718       ?db_get@RTest1_Shell@test1@test@modules@UModSys@@UEAA_NAEBUSController@libui@5@QEBDAEBUSFrameDataOut@75@@Z 0000000180001718 f   plugin_test1.obj
 0001:0000077c       ?db_get@RTest1_Shell@test1@test@modules@UModSys@@UEAA_NAEBUSController@libui@5@QEBDHAEBUSFrameDataOut@75@@Z 000000018000177c f   plugin_test1.obj
 0001:000007e8       ?ui_test1@RTest1_Shell@test1@test@modules@UModSys@@QEAAXXZ 00000001800017e8 f   plugin_test1.obj
 0001:00001b1c       ??1SFrameCreateParameters@libui@UModSys@@QEAA@XZ 0000000180002b1c f i plugin_test1.obj
 0001:00001b40       ?get_generated_names@RGenerator@test1@test@modules@UModSys@@UEBAHAEAUSUniquePtrList@core@5@@Z 0000000180002b40 f i plugin_test1.obj
 0001:00001b60       ?get_generated_types@RGenerator@test1@test@modules@UModSys@@UEBAHAEAUSUniquePtrList@core@5@PEBUSUniquePointerInfo@75@@Z 0000000180002b60 f i plugin_test1.obj
 0001:00001bbc       ?generate@RGenerator@test1@test@modules@UModSys@@UEAA_NAEAU?$TRefObject@UIRefObject@core@UModSys@@U?$TRefObjectFunc@UIRefObject@core@UModSys@@@tl@3@@tl@5@PEBUSUniquePointerInfo@core@5@AEBUSParameters@95@@Z 0000000180002bbc f i plugin_test1.obj
 0001:00001c80       ?root_get_interface_info@RGenerator@test1@test@modules@UModSys@@UEBAAEBUSUniquePointerInfo@core@5@XZ 0000000180002c80 f i plugin_test1.obj
 0001:00001c88       ?root_get_interface_type@RGenerator@test1@test@modules@UModSys@@UEBAPEBUSUniquePointerInfo@core@5@XZ 0000000180002c88 f i plugin_test1.obj
 0001:00001c90       ?root_get_other_interface@RGenerator@test1@test@modules@UModSys@@UEAAPEAUIRoot@core@5@PEBUSUniquePointerInfo@75@@Z 0000000180002c90 f i plugin_test1.obj
 0001:00001c90       ?root_get_other_interface@RGenerator@test1@test@modules@UModSys@@UEBAPEBUIRoot@core@5@PEBUSUniquePointerInfo@75@@Z 0000000180002c90 f i plugin_test1.obj
 0001:00001cc8       ?root_is_interface_supported@RGenerator@test1@test@modules@UModSys@@UEBA_NPEBUSUniquePointerInfo@core@5@@Z 0000000180002cc8 f i plugin_test1.obj
 0001:00001d00       ?render_box@RRenderDriver3D@SDL_GL@ui@modules@UModSys@@UEAAXPEAUIImage@lib2d@5@AEBU?$TVector2@H@math3d@5@1AEBU?$TVector2@M@95@2@Z 0000000180002d00 f i umodsys_lib_libui:umodsys.mod.ui.SDL_GL.obj
 0001:00001d00       ?begin@RRenderDriver3D@SDL_GL@ui@modules@UModSys@@UEAAXXZ 0000000180002d00 f i umodsys_lib_libui:umodsys.mod.ui.SDL_GL.obj
 0001:00001d00       ?suicide@RGenerator@frames@ui@modules@UModSys@@UEAAXXZ 0000000180002d00 f i umodsys_lib_libui:umodsys.mod.ui.frames.obj
 0001:00001d00       ?render_tri@RRenderDriver3D@SDL_GL@ui@modules@UModSys@@UEAAXAEBU?$TVector2@H@math3d@5@00@Z 0000000180002d00 f i umodsys_lib_libui:umodsys.mod.ui.SDL_GL.obj
 0001:00001d00       ?alloc_colors@RRenderDriver3D@SDL_GL@ui@modules@UModSys@@UEAAXPEBU?$TVector3@M@math3d@5@H@Z 0000000180002d00 f i umodsys_lib_libui:umodsys.mod.ui.SDL_GL.obj
 0001:00001d00       ?render_start@RRenderDriver3D@SDL_GL@ui@modules@UModSys@@UEAAXXZ 0000000180002d00 f i umodsys_lib_libui:umodsys.mod.ui.SDL_GL.obj
 0001:00001d00       ?alloc_coloralphas@RRenderDriver3D@SDL_GL@ui@modules@UModSys@@UEAAXPEBU?$TVector4@M@math3d@5@H@Z 0000000180002d00 f i umodsys_lib_libui:umodsys.mod.ui.SDL_GL.obj
 0001:00001d00       ?render_quad@RRenderDriver3D@SDL_GL@ui@modules@UModSys@@UEAAXAEBU?$TVector2@H@math3d@5@000@Z 0000000180002d00 f i umodsys_lib_libui:umodsys.mod.ui.SDL_GL.obj
 0001:00001d00       ?alloc_points@RRenderDriver3D@SDL_GL@ui@modules@UModSys@@UEAAXPEBU?$TVector3@N@math3d@5@H@Z 0000000180002d00 f i umodsys_lib_libui:umodsys.mod.ui.SDL_GL.obj
 0001:00001d00       ?render_picture@RRenderDriver3D@SDL_GL@ui@modules@UModSys@@UEAAXAEBUSPicture@lib3d@5@0M@Z 0000000180002d00 f i umodsys_lib_libui:umodsys.mod.ui.SDL_GL.obj
 0001:00001d00       ?suicide@RGenerator@SDL_core@ui@modules@UModSys@@UEAAXXZ 0000000180002d00 f i umodsys_lib_libui:umodsys.mod.ui.SDL_core.obj
 0001:00001d00       ?phase_2d@RRenderDriver3D@SDL_GL@ui@modules@UModSys@@UEAAX_N@Z 0000000180002d00 f i umodsys_lib_libui:umodsys.mod.ui.SDL_GL.obj
 0001:00001d00       ?phase_start@RRenderDriver3D@SDL_GL@ui@modules@UModSys@@UEAAXHH@Z 0000000180002d00 f i umodsys_lib_libui:umodsys.mod.ui.SDL_GL.obj
 0001:00001d00       ?render_picture@RRenderDriver3D@SDL_GL@ui@modules@UModSys@@UEAAXAEBUSPicture@lib3d@5@@Z 0000000180002d00 f i umodsys_lib_libui:umodsys.mod.ui.SDL_GL.obj
 0001:00001d00       ?suicide@RGenerator@SDL_GL@ui@modules@UModSys@@UEAAXXZ 0000000180002d00 f i umodsys_lib_libui:umodsys.mod.ui.SDL_GL.obj
 0001:00001d00       ?end@RRenderDriver3D@SDL_GL@ui@modules@UModSys@@UEAAXXZ 0000000180002d00 f i umodsys_lib_libui:umodsys.mod.ui.SDL_GL.obj
 0001:00001d00       ?suicide@RGenerator@stdlib@lib2d@modules@UModSys@@UEAAXXZ 0000000180002d00 f i umodsys_lib_lib2d:umodsys.mod.2d.stdlib.obj
 0001:00001d00       ?suicide@RGenerator@test1@test@modules@UModSys@@UEAAXXZ 0000000180002d00 f i plugin_test1.obj
 0001:00001d00       ?suicide@RGenerator@serialize_json@media@modules@UModSys@@UEAAXXZ 0000000180002d00 f i umodsys_lib_libmedia:umodsys.mod.media.serialize_json.obj
 0001:00001d00       ?alloc_texpoints@RRenderDriver3D@SDL_GL@ui@modules@UModSys@@UEAAXPEBU?$TVector2@M@math3d@5@HH@Z 0000000180002d00 f i umodsys_lib_libui:umodsys.mod.ui.SDL_GL.obj
 0001:00001d00       ?render_stop@RRenderDriver3D@SDL_GL@ui@modules@UModSys@@UEAAXXZ 0000000180002d00 f i umodsys_lib_libui:umodsys.mod.ui.SDL_GL.obj
 0001:00001d00       ?suicide@RGenerator@images_std@media@modules@UModSys@@UEAAXXZ 0000000180002d00 f i umodsys_lib_libmedia:umodsys.mod.media.images_std.obj
 0001:00001d00       ?render_text_3d@RRenderDriver3D@SDL_GL@ui@modules@UModSys@@UEAAXPEBHH@Z 0000000180002d00 f i umodsys_lib_libui:umodsys.mod.ui.SDL_GL.obj
 0001:00001d00       ?render_particles@RRenderDriver3D@SDL_GL@ui@modules@UModSys@@UEAAXPEBUSObjectParticle@lib3d@5@@Z 0000000180002d00 f i umodsys_lib_libui:umodsys.mod.ui.SDL_GL.obj
 0001:00001d00       ??3@YAXPEAX0@Z             0000000180002d00 f i plugin_test1.obj
 0001:00001d00       ?render_rect@RRenderDriver3D@SDL_GL@ui@modules@UModSys@@UEAAXAEBU?$TVector2@H@math3d@5@0@Z 0000000180002d00 f i umodsys_lib_libui:umodsys.mod.ui.SDL_GL.obj
 0001:00001d00       ?render_line@RRenderDriver3D@SDL_GL@ui@modules@UModSys@@UEAAXAEBU?$TVector2@H@math3d@5@0@Z 0000000180002d00 f i umodsys_lib_libui:umodsys.mod.ui.SDL_GL.obj
 0001:00001d00       ?render_box@RRenderDriver2D@SDL_core@ui@modules@UModSys@@UEAAXPEAUIImage@lib2d@5@AEBU?$TVector2@H@math3d@5@1AEBU?$TVector2@M@95@2@Z 0000000180002d00 f i umodsys_lib_libui:umodsys.mod.ui.SDL_core.obj
 0001:00001d00       ?setup_T@RRenderDriver3D@SDL_GL@ui@modules@UModSys@@UEAAXAEBU?$TMatrix44@N@math3d@5@@Z 0000000180002d00 f i umodsys_lib_libui:umodsys.mod.ui.SDL_GL.obj
 0001:00001d00       ?suicide@RGenerator@zlib@media@modules@UModSys@@UEAAXXZ 0000000180002d00 f i umodsys_lib_libmedia:umodsys.mod.media.zlib.obj
 0001:00001d00       ?alloc_normals@RRenderDriver3D@SDL_GL@ui@modules@UModSys@@UEAAXPEBU?$TVector3@M@math3d@5@H@Z 0000000180002d00 f i umodsys_lib_libui:umodsys.mod.ui.SDL_GL.obj
 0001:00001d00       ?render_box@RRenderDriver3D@SDL_GL@ui@modules@UModSys@@UEAAXAEBU?$TVector2@H@math3d@5@0@Z 0000000180002d00 f i umodsys_lib_libui:umodsys.mod.ui.SDL_GL.obj
 0001:00001d04       ?get_uid@RGenerator@test1@test@modules@UModSys@@UEBAPEBUSUniquePointerInfo@core@5@XZ 0000000180002d04 f i plugin_test1.obj
 0001:00001d0c       ?do_open@RModuleReg@test1@test@modules@UModSys@@UEAA_NXZ 0000000180002d0c f i plugin_test1.obj
 0001:00001d98       ?do_close@RModuleReg@test1@test@modules@UModSys@@UEAA_NXZ 0000000180002d98 f i plugin_test1.obj
 0001:00001e04       ?get_module@RGenerator@test1@test@modules@UModSys@@UEBAPEAUIModule@base@5@XZ 0000000180002e04 f   plugin_test1.obj
 0001:00001e0c       ?mod_inc@RGenerator@test1@test@modules@UModSys@@UEBA_NXZ 0000000180002e0c f   plugin_test1.obj
 0001:00001e20       ?mod_dec@RGenerator@test1@test@modules@UModSys@@UEBA_NXZ 0000000180002e20 f   plugin_test1.obj
 0001:00001e34       ?s_holder@RGenerator@test1@test@modules@UModSys@@SAAEAU?$TTypeStaticHolder@URGenerator@test1@test@modules@UModSys@@@tl@5@XZ 0000000180002e34 f   plugin_test1.obj
 0001:00001e78       ??0?$TString@U?$TSCoreConst@D@su@tl@UModSys@@U?$TComparerBinaryHash@D@234@@tl@UModSys@@QEAA@PEBD@Z 0000000180002e78 f i plugin_test1.obj
 0001:00001ef8       ??4?$TString@U?$TSCoreConst@D@su@tl@UModSys@@U?$TComparerBinaryHash@D@234@@tl@UModSys@@QEAAAEBU012@PEBD@Z 0000000180002ef8 f i plugin_test1.obj
 0001:00001f70       ??1?$TRefObject@URMultiImage@stdlib@lib2d@modules@UModSys@@U?$TRefObjectFunc@URMultiImage@stdlib@lib2d@modules@UModSys@@@tl@5@@tl@UModSys@@QEAA@XZ 0000000180002f70 f i umodsys_lib_lib2d:umodsys.mod.2d.stdlib.obj
 0001:00001f70       ??1?$TRefObject@URCollector@frames@ui@modules@UModSys@@U?$TRefObjectFunc@URCollector@frames@ui@modules@UModSys@@@tl@5@@tl@UModSys@@QEAA@XZ 0000000180002f70 f i umodsys_lib_libui:umodsys.mod.ui.frames.obj
 0001:00001f70       ??1?$TRefObject@UIMultiImage@lib2d@UModSys@@U?$TRefObjectFunc@UIMultiImage@lib2d@UModSys@@@tl@3@@tl@UModSys@@QEAA@XZ 0000000180002f70 f i plugin_test1.obj
 0001:00001f70       ??1?$TRefObject@UIRefObject@core@UModSys@@U?$TRefObjectFunc@UIRefObject@core@UModSys@@@tl@3@@tl@UModSys@@QEAA@XZ 0000000180002f70 f i plugin_test1.obj
 0001:00001f70       ??1?$TRefObject@UIUtilities@libmedia@UModSys@@U?$TRefObjectFunc@UIUtilities@libmedia@UModSys@@@tl@3@@tl@UModSys@@QEAA@XZ 0000000180002f70 f i plugin_test1.obj
 0001:00001f70       ??1?$TRefObject@URBinArchiveFrameClient_ZIP@zlib@media@modules@UModSys@@U?$TRefObjectFunc@URBinArchiveFrameClient_ZIP@zlib@media@modules@UModSys@@@tl@5@@tl@UModSys@@QEAA@XZ 0000000180002f70 f i umodsys_lib_libmedia:umodsys.mod.media.zlib.obj
 0001:00001f70       ??1?$TRefObject@URSerializeReader@serialize_json@media@modules@UModSys@@U?$TRefObjectFunc@URSerializeReader@serialize_json@media@modules@UModSys@@@tl@5@@tl@UModSys@@QEAA@XZ 0000000180002f70 f i umodsys_lib_libmedia:umodsys.mod.media.serialize_json.obj
 0001:00001f70       ??1?$TRefObject@URDialog@frames@ui@modules@UModSys@@U?$TRefObjectFunc@URDialog@frames@ui@modules@UModSys@@@tl@5@@tl@UModSys@@QEAA@XZ 0000000180002f70 f i umodsys_lib_libui:umodsys.mod.ui.frames.obj
 0001:00001f70       ??1?$TRefObject@UIImage@lib2d@UModSys@@U?$TRefObjectFunc@UIImage@lib2d@UModSys@@@tl@3@@tl@UModSys@@QEAA@XZ 0000000180002f70 f i plugin_test1.obj
 0001:00001f70       ??1?$TRefObject@URTerminalX@SDL_GL@ui@modules@UModSys@@U?$TRefObjectFunc@URTerminalX@SDL_GL@ui@modules@UModSys@@@tl@5@@tl@UModSys@@QEAA@XZ 0000000180002f70 f i umodsys_lib_libui:umodsys.mod.ui.SDL_GL.obj
 0001:00001f70       ??1?$TRefObject@UIStreamReader@libmedia@UModSys@@U?$TRefObjectFunc@UIStreamReader@libmedia@UModSys@@@tl@3@@tl@UModSys@@QEAA@XZ 0000000180002f70 f i plugin_test1.obj
 0001:00001f70       ??1?$TRefObject@UIRenderDriver@lib2d@UModSys@@U?$TRefObjectFunc@UIRenderDriver@lib2d@UModSys@@@tl@3@@tl@UModSys@@QEAA@XZ 0000000180002f70 f i plugin_test1.obj
 0001:00001f70       ??1?$TRefObject@URMediaFilter@images_std@media@modules@UModSys@@U?$TRefObjectFunc@URMediaFilter@images_std@media@modules@UModSys@@@tl@5@@tl@UModSys@@QEAA@XZ 0000000180002f70 f i umodsys_lib_libmedia:umodsys.mod.media.images_std.obj
 0001:00001f70       ??1?$TRefObject@URFrame_Common@frames@ui@modules@UModSys@@U?$TRefObjectFunc@URFrame_Common@frames@ui@modules@UModSys@@@tl@5@@tl@UModSys@@QEAA@XZ 0000000180002f70 f i umodsys_lib_libui:umodsys.mod.ui.frames.obj
 0001:00001f70       ??1?$TRefObject@UIStreamWriter@libmedia@UModSys@@U?$TRefObjectFunc@UIStreamWriter@libmedia@UModSys@@@tl@3@@tl@UModSys@@QEAA@XZ 0000000180002f70 f i plugin_test1.obj
 0001:00001f70       ??1?$TRefObject@UICollector@libui@UModSys@@U?$TRefObjectFunc@UICollector@libui@UModSys@@@tl@3@@tl@UModSys@@QEAA@XZ 0000000180002f70 f i plugin_test1.obj
 0001:00001f70       ??1?$TRefObject@UIMouseController@libui@UModSys@@U?$TRefObjectFunc@UIMouseController@libui@UModSys@@@tl@3@@tl@UModSys@@QEAA@XZ 0000000180002f70 f i plugin_test1.obj
 0001:00001f70       ??1?$TRefObject@URSerializeWriter@serialize_json@media@modules@UModSys@@U?$TRefObjectFunc@URSerializeWriter@serialize_json@media@modules@UModSys@@@tl@5@@tl@UModSys@@QEAA@XZ 0000000180002f70 f i umodsys_lib_libmedia:umodsys.mod.media.serialize_json.obj
 0001:00001f70       ??1?$TRefObject@URRenderDriver2D@SDL_core@ui@modules@UModSys@@U?$TRefObjectFunc@URRenderDriver2D@SDL_core@ui@modules@UModSys@@@tl@5@@tl@UModSys@@QEAA@XZ 0000000180002f70 f i umodsys_lib_libui:umodsys.mod.ui.SDL_core.obj
 0001:00001f70       ??1?$TRefObject@URImageFactory_Memory@stdlib@lib2d@modules@UModSys@@U?$TRefObjectFunc@URImageFactory_Memory@stdlib@lib2d@modules@UModSys@@@tl@5@@tl@UModSys@@QEAA@XZ 0000000180002f70 f i umodsys_lib_lib2d:umodsys.mod.2d.stdlib.obj
 0001:00001f70       ??1?$TRefObject@UITerminal@libui@UModSys@@U?$TRefObjectFunc@UITerminal@libui@UModSys@@@tl@3@@tl@UModSys@@QEAA@XZ 0000000180002f70 f i plugin_test1.obj
 0001:00001f70       ??1?$TRefObject@UIFrame@libui@UModSys@@U?$TRefObjectFunc@UIFrame@libui@UModSys@@@tl@3@@tl@UModSys@@QEAA@XZ 0000000180002f70 f i umodsys_lib_libui:umodsys.mod.ui.frames.obj
 0001:00001f70       ??1?$TRefObject@URMultiImage2D_SDL_ttf@SDL_core@ui@modules@UModSys@@U?$TRefObjectFunc@URMultiImage2D_SDL_ttf@SDL_core@ui@modules@UModSys@@@tl@5@@tl@UModSys@@QEAA@XZ 0000000180002f70 f i umodsys_lib_libui:umodsys.mod.ui.SDL_core.obj
 0001:00001f70       ??1?$TRefObject@URTerminalX@SDL_core@ui@modules@UModSys@@U?$TRefObjectFunc@URTerminalX@SDL_core@ui@modules@UModSys@@@tl@5@@tl@UModSys@@QEAA@XZ 0000000180002f70 f i umodsys_lib_libui:umodsys.mod.ui.SDL_core.obj
 0001:00001f70       ??1?$TRefObject@URImage_Memory@stdlib@lib2d@modules@UModSys@@U?$TRefObjectFunc@URImage_Memory@stdlib@lib2d@modules@UModSys@@@tl@5@@tl@UModSys@@QEAA@XZ 0000000180002f70 f i umodsys_lib_lib2d:umodsys.mod.2d.stdlib.obj
 0001:00001f70       ??1?$TRefObject@UIKeyboardController@libui@UModSys@@U?$TRefObjectFunc@UIKeyboardController@libui@UModSys@@@tl@3@@tl@UModSys@@QEAA@XZ 0000000180002f70 f i plugin_test1.obj
 0001:00001f70       ??1?$TRefObject@UIImageFactory@lib2d@UModSys@@U?$TRefObjectFunc@UIImageFactory@lib2d@UModSys@@@tl@3@@tl@UModSys@@QEAA@XZ 0000000180002f70 f i plugin_test1.obj
 0001:00001f94       ?info_release@?$TSCoreShared@USIMemAlloc@core@UModSys@@D@su@tl@UModSys@@QEAAXXZ 0000000180002f94 f i plugin_test1.obj
 0001:00002068       ?info_new@?$TSCoreShared@USIMemAlloc@core@UModSys@@D@su@tl@UModSys@@QEAA_NPEBD_K@Z 0000000180003068 f i plugin_test1.obj
 0001:0000213c       ??$generate_type@UICollector@libui@UModSys@@@RTest1_Shell@test1@test@modules@UModSys@@QEAA?AU?$TRefObject@UICollector@libui@UModSys@@U?$TRefObjectFunc@UICollector@libui@UModSys@@@tl@3@@tl@4@AEBU?$TString@U?$TSCoreConst@D@su@tl@UModSys@@U?$TComparerBinaryHash@D@234@@64@AEBUSParameters@core@4@PEBD@Z 000000018000313c f i plugin_test1.obj
 0001:00002340       ??$generate_type@UITerminal@libui@UModSys@@@RTest1_Shell@test1@test@modules@UModSys@@QEAA?AU?$TRefObject@UITerminal@libui@UModSys@@U?$TRefObjectFunc@UITerminal@libui@UModSys@@@tl@3@@tl@4@AEBU?$TString@U?$TSCoreConst@D@su@tl@UModSys@@U?$TComparerBinaryHash@D@234@@64@AEBUSParameters@core@4@PEBD@Z 0000000180003340 f i plugin_test1.obj
 0001:00002544       ??1?$TRefObject@UIModObject@base@UModSys@@U?$TModObjectFunc@UIModObject@base@UModSys@@@tl@3@@tl@UModSys@@QEAA@XZ 0000000180003544 f i plugin_test1.obj
 0001:00002570       ?alloc@SMemShared@core@UModSys@@QEAA_N_KPEAUSSourceContext@23@@Z 0000000180003570 f i umodsys_lib_lib2d:umodsys.mod.2d.stdlib.obj
 0001:000025f4       ?Convert@stdlib@lib2d@modules@UModSys@@YA_NAEBU?$TBoundBox2@H@math3d@4@AEBUSImageInfo@24@AEBUSMem@core@4@01AEBUSCMem@94@@Z 00000001800035f4 f i umodsys_lib_lib2d:umodsys.mod.2d.stdlib.obj
 0001:00002748       ?root_get_interface_info@RImage_Memory@stdlib@lib2d@modules@UModSys@@UEBAAEBUSUniquePointerInfo@core@5@XZ 0000000180003748 f i umodsys_lib_lib2d:umodsys.mod.2d.stdlib.obj
 0001:00002750       ?root_get_interface_type@RImage_Memory@stdlib@lib2d@modules@UModSys@@UEBAPEBUSUniquePointerInfo@core@5@XZ 0000000180003750 f i umodsys_lib_lib2d:umodsys.mod.2d.stdlib.obj
 0001:00002758       ?root_get_other_interface@RImage_Memory@stdlib@lib2d@modules@UModSys@@UEBAPEBUIRoot@core@5@PEBUSUniquePointerInfo@75@@Z 0000000180003758 f i umodsys_lib_lib2d:umodsys.mod.2d.stdlib.obj
 0001:00002758       ?root_get_other_interface@RImage_Memory@stdlib@lib2d@modules@UModSys@@UEAAPEAUIRoot@core@5@PEBUSUniquePointerInfo@75@@Z 0000000180003758 f i umodsys_lib_lib2d:umodsys.mod.2d.stdlib.obj
 0001:00002788       ?root_is_interface_supported@RImage_Memory@stdlib@lib2d@modules@UModSys@@UEBA_NPEBUSUniquePointerInfo@core@5@@Z 0000000180003788 f i umodsys_lib_lib2d:umodsys.mod.2d.stdlib.obj
 0001:000027b8       ?ref_weak@RTerminal@SDL_GL@ui@modules@UModSys@@UEBA_NAEAUWeakPointer@IRefObject@core@5@@Z 00000001800037b8 f i umodsys_lib_libui:umodsys.mod.ui.SDL_GL.obj
 0001:000027b8       ?ref_weak@RGenerator@stdlib@lib2d@modules@UModSys@@UEBA_NAEAUWeakPointer@IRefObject@core@5@@Z 00000001800037b8 f i umodsys_lib_lib2d:umodsys.mod.2d.stdlib.obj
 0001:000027b8       ?ref_weak@RImage_Memory@stdlib@lib2d@modules@UModSys@@UEBA_NAEAUWeakPointer@IRefObject@core@5@@Z 00000001800037b8 f i umodsys_lib_lib2d:umodsys.mod.2d.stdlib.obj
 0001:000027b8       ?ref_weak@RDialog@frames@ui@modules@UModSys@@UEBA_NAEAUWeakPointer@IRefObject@core@5@@Z 00000001800037b8 f i umodsys_lib_libui:umodsys.mod.ui.frames.obj
 0001:000027b8       ?ref_weak@RGenerator@test1@test@modules@UModSys@@UEBA_NAEAUWeakPointer@IRefObject@core@5@@Z 00000001800037b8 f i plugin_test1.obj
 0001:000027b8       ?ref_weak@RGenerator@serialize_json@media@modules@UModSys@@UEBA_NAEAUWeakPointer@IRefObject@core@5@@Z 00000001800037b8 f i umodsys_lib_libmedia:umodsys.mod.media.serialize_json.obj
 0001:000027b8       ?ref_weak@RGenerator@SDL_core@ui@modules@UModSys@@UEBA_NAEAUWeakPointer@IRefObject@core@5@@Z 00000001800037b8 f i umodsys_lib_libui:umodsys.mod.ui.SDL_core.obj
 0001:000027b8       ?ref_weak@RGenerator@images_std@media@modules@UModSys@@UEBA_NAEAUWeakPointer@IRefObject@core@5@@Z 00000001800037b8 f i umodsys_lib_libmedia:umodsys.mod.media.images_std.obj
 0001:000027b8       ?ref_weak@RImageFactory_Memory@stdlib@lib2d@modules@UModSys@@UEBA_NAEAUWeakPointer@IRefObject@core@5@@Z 00000001800037b8 f i umodsys_lib_lib2d:umodsys.mod.2d.stdlib.obj
 0001:000027b8       ?ref_weak@RGenerator@frames@ui@modules@UModSys@@UEBA_NAEAUWeakPointer@IRefObject@core@5@@Z 00000001800037b8 f i umodsys_lib_libui:umodsys.mod.ui.frames.obj
 0001:000027b8       ?ref_weak@RBinArchiveFrameClient_ZIP@zlib@media@modules@UModSys@@UEBA_NAEAUWeakPointer@IRefObject@core@5@@Z 00000001800037b8 f i umodsys_lib_libmedia:umodsys.mod.media.zlib.obj
 0001:000027b8       ?ref_weak@RMultiImage@stdlib@lib2d@modules@UModSys@@UEBA_NAEAUWeakPointer@IRefObject@core@5@@Z 00000001800037b8 f i umodsys_lib_lib2d:umodsys.mod.2d.stdlib.obj
 0001:000027b8       ?ref_weak@RGenerator@SDL_GL@ui@modules@UModSys@@UEBA_NAEAUWeakPointer@IRefObject@core@5@@Z 00000001800037b8 f i umodsys_lib_libui:umodsys.mod.ui.SDL_GL.obj
 0001:000027b8       ?ref_weak@RMultiImage2D_SDL_ttf@SDL_core@ui@modules@UModSys@@UEBA_NAEAUWeakPointer@IRefObject@core@5@@Z 00000001800037b8 f i umodsys_lib_libui:umodsys.mod.ui.SDL_core.obj
 0001:000027b8       ?ref_weak@RTerminal@SDL_core@ui@modules@UModSys@@UEBA_NAEAUWeakPointer@IRefObject@core@5@@Z 00000001800037b8 f i umodsys_lib_libui:umodsys.mod.ui.SDL_core.obj
 0001:000027b8       ?ref_weak@RGenerator@zlib@media@modules@UModSys@@UEBA_NAEAUWeakPointer@IRefObject@core@5@@Z 00000001800037b8 f i umodsys_lib_libmedia:umodsys.mod.media.zlib.obj
 0001:000027b8       ?ref_weak@RSerializeReader@serialize_json@media@modules@UModSys@@UEBA_NAEAUWeakPointer@IRefObject@core@5@@Z 00000001800037b8 f i umodsys_lib_libmedia:umodsys.mod.media.serialize_json.obj
 0001:000027d8       ?root_get_interface_info@RImageFactory_Memory@stdlib@lib2d@modules@UModSys@@UEBAAEBUSUniquePointerInfo@core@5@XZ 00000001800037d8 f i umodsys_lib_lib2d:umodsys.mod.2d.stdlib.obj
 0001:000027e0       ?root_get_interface_type@RImageFactory_Memory@stdlib@lib2d@modules@UModSys@@UEBAPEBUSUniquePointerInfo@core@5@XZ 00000001800037e0 f i umodsys_lib_lib2d:umodsys.mod.2d.stdlib.obj
 0001:000027e8       ?root_get_other_interface@RImageFactory_Memory@stdlib@lib2d@modules@UModSys@@UEBAPEBUIRoot@core@5@PEBUSUniquePointerInfo@75@@Z 00000001800037e8 f i umodsys_lib_lib2d:umodsys.mod.2d.stdlib.obj
 0001:000027e8       ?root_get_other_interface@RImageFactory_Memory@stdlib@lib2d@modules@UModSys@@UEAAPEAUIRoot@core@5@PEBUSUniquePointerInfo@75@@Z 00000001800037e8 f i umodsys_lib_lib2d:umodsys.mod.2d.stdlib.obj
 0001:00002818       ?root_is_interface_supported@RImageFactory_Memory@stdlib@lib2d@modules@UModSys@@UEBA_NPEBUSUniquePointerInfo@core@5@@Z 0000000180003818 f i umodsys_lib_lib2d:umodsys.mod.2d.stdlib.obj
 0001:00002848       ?suicide@RTerminal@SDL_core@ui@modules@UModSys@@UEAAXXZ 0000000180003848 f i umodsys_lib_libui:umodsys.mod.ui.SDL_core.obj
 0001:00002848       ?suicide@RSerializeReader@serialize_json@media@modules@UModSys@@UEAAXXZ 0000000180003848 f i umodsys_lib_libmedia:umodsys.mod.media.serialize_json.obj
 0001:00002848       ?suicide@RMultiImage@stdlib@lib2d@modules@UModSys@@UEAAXXZ 0000000180003848 f i umodsys_lib_lib2d:umodsys.mod.2d.stdlib.obj
 0001:00002848       ?suicide@RBinArchiveFrameClient_ZIP@zlib@media@modules@UModSys@@UEAAXXZ 0000000180003848 f i umodsys_lib_libmedia:umodsys.mod.media.zlib.obj
 0001:00002848       ?suicide@RTerminal@SDL_GL@ui@modules@UModSys@@UEAAXXZ 0000000180003848 f i umodsys_lib_libui:umodsys.mod.ui.SDL_GL.obj
 0001:00002848       ?suicide@RImageFactory_Memory@stdlib@lib2d@modules@UModSys@@UEAAXXZ 0000000180003848 f i umodsys_lib_lib2d:umodsys.mod.2d.stdlib.obj
 0001:00002848       ?suicide@RImage_Memory@stdlib@lib2d@modules@UModSys@@UEAAXXZ 0000000180003848 f i umodsys_lib_lib2d:umodsys.mod.2d.stdlib.obj
 0001:00002894       ?root_get_interface_info@RMultiImage@stdlib@lib2d@modules@UModSys@@UEBAAEBUSUniquePointerInfo@core@5@XZ 0000000180003894 f i umodsys_lib_lib2d:umodsys.mod.2d.stdlib.obj
 0001:0000289c       ?root_get_interface_type@RMultiImage@stdlib@lib2d@modules@UModSys@@UEBAPEBUSUniquePointerInfo@core@5@XZ 000000018000389c f i umodsys_lib_lib2d:umodsys.mod.2d.stdlib.obj
 0001:000028a4       ?root_get_other_interface@RMultiImage@stdlib@lib2d@modules@UModSys@@UEAAPEAUIRoot@core@5@PEBUSUniquePointerInfo@75@@Z 00000001800038a4 f i umodsys_lib_lib2d:umodsys.mod.2d.stdlib.obj
 0001:000028a4       ?root_get_other_interface@RMultiImage@stdlib@lib2d@modules@UModSys@@UEBAPEBUIRoot@core@5@PEBUSUniquePointerInfo@75@@Z 00000001800038a4 f i umodsys_lib_lib2d:umodsys.mod.2d.stdlib.obj
 0001:000028d4       ?root_is_interface_supported@RMultiImage@stdlib@lib2d@modules@UModSys@@UEBA_NPEBUSUniquePointerInfo@core@5@@Z 00000001800038d4 f i umodsys_lib_lib2d:umodsys.mod.2d.stdlib.obj
 0001:00002904       ?get_generated_names@RGenerator@stdlib@lib2d@modules@UModSys@@UEBAHAEAUSUniquePtrList@core@5@@Z 0000000180003904 f i umodsys_lib_lib2d:umodsys.mod.2d.stdlib.obj
 0001:00002948       ?get_generated_types@RGenerator@stdlib@lib2d@modules@UModSys@@UEBAHAEAUSUniquePtrList@core@5@PEBUSUniquePointerInfo@75@@Z 0000000180003948 f i umodsys_lib_lib2d:umodsys.mod.2d.stdlib.obj
 0001:000029dc       ?generate@RGenerator@stdlib@lib2d@modules@UModSys@@UEAA_NAEAU?$TRefObject@UIRefObject@core@UModSys@@U?$TRefObjectFunc@UIRefObject@core@UModSys@@@tl@3@@tl@5@PEBUSUniquePointerInfo@core@5@AEBUSParameters@95@@Z 00000001800039dc f i umodsys_lib_lib2d:umodsys.mod.2d.stdlib.obj
 0001:00002b0c       ?root_get_interface_info@RGenerator@stdlib@lib2d@modules@UModSys@@UEBAAEBUSUniquePointerInfo@core@5@XZ 0000000180003b0c f i umodsys_lib_lib2d:umodsys.mod.2d.stdlib.obj
 0001:00002b14       ?root_get_interface_type@RGenerator@stdlib@lib2d@modules@UModSys@@UEBAPEBUSUniquePointerInfo@core@5@XZ 0000000180003b14 f i umodsys_lib_lib2d:umodsys.mod.2d.stdlib.obj
 0001:00002b1c       ?root_get_other_interface@RGenerator@stdlib@lib2d@modules@UModSys@@UEAAPEAUIRoot@core@5@PEBUSUniquePointerInfo@75@@Z 0000000180003b1c f i umodsys_lib_lib2d:umodsys.mod.2d.stdlib.obj
 0001:00002b1c       ?root_get_other_interface@RGenerator@stdlib@lib2d@modules@UModSys@@UEBAPEBUIRoot@core@5@PEBUSUniquePointerInfo@75@@Z 0000000180003b1c f i umodsys_lib_lib2d:umodsys.mod.2d.stdlib.obj
 0001:00002b54       ?root_is_interface_supported@RGenerator@stdlib@lib2d@modules@UModSys@@UEBA_NPEBUSUniquePointerInfo@core@5@@Z 0000000180003b54 f i umodsys_lib_lib2d:umodsys.mod.2d.stdlib.obj
 0001:00002b8c       ?get_uid@RGenerator@stdlib@lib2d@modules@UModSys@@UEBAPEBUSUniquePointerInfo@core@5@XZ 0000000180003b8c f i umodsys_lib_lib2d:umodsys.mod.2d.stdlib.obj
 0001:00002b94       ?set_info@RImage_Memory@stdlib@lib2d@modules@UModSys@@UEAA_NAEBUSImagePatchInfo@35@PEBD@Z 0000000180003b94 f   umodsys_lib_lib2d:umodsys.mod.2d.stdlib.obj
 0001:00002df4       ?set_data@RImage_Memory@stdlib@lib2d@modules@UModSys@@UEAA_NAEBUSImagePatchInfo@35@AEBUSCMem@core@5@H@Z 0000000180003df4 f   umodsys_lib_lib2d:umodsys.mod.2d.stdlib.obj
 0001:00002ea8       ?get_info@RImage_Memory@stdlib@lib2d@modules@UModSys@@UEBAAEBUSImageInfo@35@XZ 0000000180003ea8 f   umodsys_lib_lib2d:umodsys.mod.2d.stdlib.obj
 0001:00002eb0       ?get_data@RImage_Memory@stdlib@lib2d@modules@UModSys@@UEBA_NAEBUSImagePatchInfo@35@AEBUSMem@core@5@H@Z 0000000180003eb0 f   umodsys_lib_lib2d:umodsys.mod.2d.stdlib.obj
 0001:00002f80       ??0RImage_Memory@stdlib@lib2d@modules@UModSys@@QEAA@PEAUIModObject@base@4@AEBUSParameters@core@4@@Z 0000000180003f80 f   umodsys_lib_lib2d:umodsys.mod.2d.stdlib.obj
 0001:00003028       ??_ERImage_Memory@stdlib@lib2d@modules@UModSys@@UEAAPEAXI@Z 0000000180004028 f i  CIL library: CIL module
 0001:00003028       ??_GRImage_Memory@stdlib@lib2d@modules@UModSys@@UEAAPEAXI@Z 0000000180004028 f i umodsys_lib_lib2d:umodsys.mod.2d.stdlib.obj
 0001:00003098       ?image_new@RImageFactory_Memory@stdlib@lib2d@modules@UModSys@@UEAA?AU?$TRefObject@UIImage@lib2d@UModSys@@U?$TRefObjectFunc@UIImage@lib2d@UModSys@@@tl@3@@tl@5@XZ 0000000180004098 f   umodsys_lib_lib2d:umodsys.mod.2d.stdlib.obj
 0001:0000321c       ?image_new@RImageFactory_Memory@stdlib@lib2d@modules@UModSys@@UEAA?AU?$TRefObject@UIImage@lib2d@UModSys@@U?$TRefObjectFunc@UIImage@lib2d@UModSys@@@tl@3@@tl@5@AEBUSImagePatchInfo@35@PEBD@Z 000000018000421c f   umodsys_lib_lib2d:umodsys.mod.2d.stdlib.obj
 0001:000033f0       ??_GRGenerator@serialize_json@media@modules@UModSys@@UEAAPEAXI@Z 00000001800043f0 f i umodsys_lib_libmedia:umodsys.mod.media.serialize_json.obj
 0001:000033f0       ??_GRGenerator@frames@ui@modules@UModSys@@UEAAPEAXI@Z 00000001800043f0 f i umodsys_lib_libui:umodsys.mod.ui.frames.obj
 0001:000033f0       ??_ERGenerator@stdlib@lib2d@modules@UModSys@@UEAAPEAXI@Z 00000001800043f0 f i  CIL library: CIL module
 0001:000033f0       ??_GRGenerator@images_std@media@modules@UModSys@@UEAAPEAXI@Z 00000001800043f0 f i umodsys_lib_libmedia:umodsys.mod.media.images_std.obj
 0001:000033f0       ??_EIRoot@core@UModSys@@UEAAPEAXI@Z 00000001800043f0 f i  CIL library: CIL module
 0001:000033f0       ??_GRGenerator@stdlib@lib2d@modules@UModSys@@UEAAPEAXI@Z 00000001800043f0 f i umodsys_lib_lib2d:umodsys.mod.2d.stdlib.obj
 0001:000033f0       ??_ERGenerator@SDL_core@ui@modules@UModSys@@UEAAPEAXI@Z 00000001800043f0 f i  CIL library: CIL module
 0001:000033f0       ??_ERGenerator@test1@test@modules@UModSys@@UEAAPEAXI@Z 00000001800043f0 f i  CIL library: CIL module
 0001:000033f0       ??_GRBinArchiveFrameClient_ZIP@zlib@media@modules@UModSys@@UEAAPEAXI@Z 00000001800043f0 f i umodsys_lib_libmedia:umodsys.mod.media.zlib.obj
 0001:000033f0       ??_ERGenerator@frames@ui@modules@UModSys@@UEAAPEAXI@Z 00000001800043f0 f i  CIL library: CIL module
 0001:000033f0       ??_GIRoot@core@UModSys@@UEAAPEAXI@Z 00000001800043f0 f i plugin_test1.obj
 0001:000033f0       ??_GRImageFactory_Memory@stdlib@lib2d@modules@UModSys@@UEAAPEAXI@Z 00000001800043f0 f i umodsys_lib_lib2d:umodsys.mod.2d.stdlib.obj
 0001:000033f0       ??_ERGenerator@images_std@media@modules@UModSys@@UEAAPEAXI@Z 00000001800043f0 f i  CIL library: CIL module
 0001:000033f0       ??_GRGenerator@SDL_core@ui@modules@UModSys@@UEAAPEAXI@Z 00000001800043f0 f i umodsys_lib_libui:umodsys.mod.ui.SDL_core.obj
 0001:000033f0       ??_ERGenerator@SDL_GL@ui@modules@UModSys@@UEAAPEAXI@Z 00000001800043f0 f i  CIL library: CIL module
 0001:000033f0       ??_ERGenerator@serialize_json@media@modules@UModSys@@UEAAPEAXI@Z 00000001800043f0 f i  CIL library: CIL module
 0001:000033f0       ??_ERGenerator@zlib@media@modules@UModSys@@UEAAPEAXI@Z 00000001800043f0 f i  CIL library: CIL module
 0001:000033f0       ??_ERImageFactory_Memory@stdlib@lib2d@modules@UModSys@@UEAAPEAXI@Z 00000001800043f0 f i  CIL library: CIL module
 0001:000033f0       ??_ERBinArchiveFrameClient_ZIP@zlib@media@modules@UModSys@@UEAAPEAXI@Z 00000001800043f0 f i  CIL library: CIL module
 0001:000033f0       ??_GRGenerator@SDL_GL@ui@modules@UModSys@@UEAAPEAXI@Z 00000001800043f0 f i umodsys_lib_libui:umodsys.mod.ui.SDL_GL.obj
 0001:000033f0       ??_GRGenerator@zlib@media@modules@UModSys@@UEAAPEAXI@Z 00000001800043f0 f i umodsys_lib_libmedia:umodsys.mod.media.zlib.obj
 0001:000033f0       ??_GRGenerator@test1@test@modules@UModSys@@UEAAPEAXI@Z 00000001800043f0 f i plugin_test1.obj
 0001:00003418       ?get_max_cell_size@RMultiImage@stdlib@lib2d@modules@UModSys@@UEBA?AU?$TVector2@H@math3d@5@XZ 0000000180004418 f   umodsys_lib_lib2d:umodsys.mod.2d.stdlib.obj
 0001:00003418       ?get_max_layer_size@RMultiImage@stdlib@lib2d@modules@UModSys@@UEBA?AU?$TVector2@H@math3d@5@XZ 0000000180004418 f   umodsys_lib_lib2d:umodsys.mod.2d.stdlib.obj
 0001:00003444       ?get_fixed_cell_size@RMultiImage@stdlib@lib2d@modules@UModSys@@UEBA?AU?$TVector2@H@math3d@5@XZ 0000000180004444 f   umodsys_lib_lib2d:umodsys.mod.2d.stdlib.obj
 0001:00003464       ?get_layer_count@RMultiImage@stdlib@lib2d@modules@UModSys@@UEBAGXZ 0000000180004464 f   umodsys_lib_lib2d:umodsys.mod.2d.stdlib.obj
 0001:00003478       ?get_layer@RMultiImage@stdlib@lib2d@modules@UModSys@@UEBAPEAUIImage@35@G@Z 0000000180004478 f   umodsys_lib_lib2d:umodsys.mod.2d.stdlib.obj
 0001:0000349c       ?get_cell_count@RMultiImage@stdlib@lib2d@modules@UModSys@@UEBAIXZ 000000018000449c f   umodsys_lib_lib2d:umodsys.mod.2d.stdlib.obj
 0001:000034b0       ?get_cell@RMultiImage@stdlib@lib2d@modules@UModSys@@UEBA_NIAEAU?$TVector2@H@math3d@5@PEAU675@PEAG@Z 00000001800044b0 f   umodsys_lib_lib2d:umodsys.mod.2d.stdlib.obj
 0001:00003508       ?get_cell@RMultiImage@stdlib@lib2d@modules@UModSys@@UEBA_NIAEAUSImageCellInfo@35@@Z 0000000180004508 f   umodsys_lib_lib2d:umodsys.mod.2d.stdlib.obj
 0001:00003540       ?set_layer_count@RMultiImage@stdlib@lib2d@modules@UModSys@@UEAA_NG@Z 0000000180004540 f   umodsys_lib_lib2d:umodsys.mod.2d.stdlib.obj
 0001:00003648       ?setup_fixed_cell@RMultiImage@stdlib@lib2d@modules@UModSys@@UEAA_NHH@Z 0000000180004648 f   umodsys_lib_lib2d:umodsys.mod.2d.stdlib.obj
 0001:00003664       ?setup_variable_cell@RMultiImage@stdlib@lib2d@modules@UModSys@@UEAA_NPEBUSImageCellInfo@35@KK@Z 0000000180004664 f   umodsys_lib_lib2d:umodsys.mod.2d.stdlib.obj
 0001:0000370c       ??0RMultiImage@stdlib@lib2d@modules@UModSys@@QEAA@PEAUIModObject@base@4@AEBUSParameters@core@4@@Z 000000018000470c f   umodsys_lib_lib2d:umodsys.mod.2d.stdlib.obj
 0001:00003828       ??_GRMultiImage@stdlib@lib2d@modules@UModSys@@UEAAPEAXI@Z 0000000180004828 f i umodsys_lib_lib2d:umodsys.mod.2d.stdlib.obj
 0001:00003828       ??_ERMultiImage@stdlib@lib2d@modules@UModSys@@UEAAPEAXI@Z 0000000180004828 f i  CIL library: CIL module
 0001:00003900       ?do_open@RModuleReg@stdlib@lib2d@modules@UModSys@@UEAA_NXZ 0000000180004900 f i umodsys_lib_lib2d:umodsys.mod.2d.stdlib.obj
 0001:00003974       ?do_close@RModuleReg@stdlib@lib2d@modules@UModSys@@UEAA_NXZ 0000000180004974 f i umodsys_lib_lib2d:umodsys.mod.2d.stdlib.obj
 0001:000039c4       ?get_module@RGenerator@stdlib@lib2d@modules@UModSys@@UEBAPEAUIModule@base@5@XZ 00000001800049c4 f   umodsys_lib_lib2d:umodsys.mod.2d.stdlib.obj
 0001:000039cc       ?mod_inc@RGenerator@stdlib@lib2d@modules@UModSys@@UEBA_NXZ 00000001800049cc f   umodsys_lib_lib2d:umodsys.mod.2d.stdlib.obj
 0001:000039e0       ?mod_dec@RGenerator@stdlib@lib2d@modules@UModSys@@UEBA_NXZ 00000001800049e0 f   umodsys_lib_lib2d:umodsys.mod.2d.stdlib.obj
 0001:000039f4       ?s_holder@RGenerator@stdlib@lib2d@modules@UModSys@@SAAEAU?$TTypeStaticHolder@URGenerator@stdlib@lib2d@modules@UModSys@@@tl@5@XZ 00000001800049f4 f   umodsys_lib_lib2d:umodsys.mod.2d.stdlib.obj
 0001:00003a38       ??1?$TDynarrayDynamic@USImageCellInfo@lib2d@UModSys@@U?$TAllocator@USIMemAlloc@core@UModSys@@USCountCalcPower2@23@@tl@3@@tl@UModSys@@QEAA@XZ 0000000180004a38 f i umodsys_lib_lib2d:umodsys.mod.2d.stdlib.obj
 0001:00003a40       ?Resize@?$TDynarray@U?$TDynarrayHolderDynamic@USImageCellInfo@lib2d@UModSys@@U?$TAllocator@USIMemAlloc@core@UModSys@@USCountCalcPower2@23@@tl@3@@tl@UModSys@@@tl@UModSys@@QEAA_N_K@Z 0000000180004a40 f i umodsys_lib_lib2d:umodsys.mod.2d.stdlib.obj
 0001:00003ae0       ??1?$TDynarrayDynamic@U?$TRefObject@UIImage@lib2d@UModSys@@U?$TRefObjectFunc@UIImage@lib2d@UModSys@@@tl@3@@tl@UModSys@@U?$TAllocator@USIMemAlloc@core@UModSys@@USCountCalcPower2@23@@23@@tl@UModSys@@QEAA@XZ 0000000180004ae0 f i umodsys_lib_lib2d:umodsys.mod.2d.stdlib.obj
 0001:00003b40       ?Resize@?$TDynarray@U?$TDynarrayHolderDynamic@U?$TRefObject@UIImage@lib2d@UModSys@@U?$TRefObjectFunc@UIImage@lib2d@UModSys@@@tl@3@@tl@UModSys@@U?$TAllocator@USIMemAlloc@core@UModSys@@USCountCalcPower2@23@@23@@tl@UModSys@@@tl@UModSys@@QEAA_N_K@Z 0000000180004b40 f i umodsys_lib_lib2d:umodsys.mod.2d.stdlib.obj
 0001:00003c3c       ??1?$TDynarray@U?$TDynarrayHolderDynamic@USImageCellInfo@lib2d@UModSys@@U?$TAllocator@USIMemAlloc@core@UModSys@@USCountCalcPower2@23@@tl@3@@tl@UModSys@@@tl@UModSys@@QEAA@XZ 0000000180004c3c f i umodsys_lib_lib2d:umodsys.mod.2d.stdlib.obj
 0001:00003d08       ??$t_gen_param@URImageFactory_Memory@stdlib@lib2d@modules@UModSys@@URGenerator@2345@@IGenerator@base@UModSys@@IEAA_NPEAURGenerator@stdlib@lib2d@modules@2@AEAU?$TRefObject@UIRefObject@core@UModSys@@U?$TRefObjectFunc@UIRefObject@core@UModSys@@@tl@3@@tl@2@PEBUSUniquePointerInfo@core@2@AEBUSParameters@core@2@@Z 0000000180004d08 f i umodsys_lib_lib2d:umodsys.mod.2d.stdlib.obj
 0001:00003e18       ??$t_gen_param@URMultiImage@stdlib@lib2d@modules@UModSys@@URGenerator@2345@@IGenerator@base@UModSys@@IEAA_NPEAURGenerator@stdlib@lib2d@modules@2@AEAU?$TRefObject@UIRefObject@core@UModSys@@U?$TRefObjectFunc@UIRefObject@core@UModSys@@@tl@3@@tl@2@PEBUSUniquePointerInfo@core@2@AEBUSParameters@core@2@@Z 0000000180004e18 f i umodsys_lib_lib2d:umodsys.mod.2d.stdlib.obj
 0001:00003f10       ??$ValidateConstruction@UIImage@lib2d@UModSys@@URImage_Memory@stdlib@2modules@3@@core@UModSys@@YA_NAEAU?$TRefObject@UIImage@lib2d@UModSys@@U?$TRefObjectFunc@UIImage@lib2d@UModSys@@@tl@3@@tl@1@PEAURImage_Memory@stdlib@lib2d@modules@1@@Z 0000000180004f10 f i umodsys_lib_lib2d:umodsys.mod.2d.stdlib.obj
 0001:00003f68       ?root_get_interface_info@RKeyboardController@SDL_GL@ui@modules@UModSys@@UEBAAEBUSUniquePointerInfo@core@5@XZ 0000000180004f68 f i umodsys_lib_libui:umodsys.mod.ui.SDL_GL.obj
 0001:00003f70       ?root_get_interface_type@RKeyboardController@SDL_GL@ui@modules@UModSys@@UEBAPEBUSUniquePointerInfo@core@5@XZ 0000000180004f70 f i umodsys_lib_libui:umodsys.mod.ui.SDL_GL.obj
 0001:00003f78       ?root_get_other_interface@RKeyboardController@SDL_GL@ui@modules@UModSys@@UEAAPEAUIRoot@core@5@PEBUSUniquePointerInfo@75@@Z 0000000180004f78 f i umodsys_lib_libui:umodsys.mod.ui.SDL_GL.obj
 0001:00003f78       ?root_get_other_interface@RKeyboardController@SDL_GL@ui@modules@UModSys@@UEBAPEBUIRoot@core@5@PEBUSUniquePointerInfo@75@@Z 0000000180004f78 f i umodsys_lib_libui:umodsys.mod.ui.SDL_GL.obj
 0001:00003fa8       ?root_is_interface_supported@RKeyboardController@SDL_GL@ui@modules@UModSys@@UEBA_NPEBUSUniquePointerInfo@core@5@@Z 0000000180004fa8 f i umodsys_lib_libui:umodsys.mod.ui.SDL_GL.obj
 0001:00003fd8       ?ref_remove@RKeyboardController@SDL_core@ui@modules@UModSys@@UEBAXXZ 0000000180004fd8 f i umodsys_lib_libui:umodsys.mod.ui.SDL_core.obj
 0001:00003fd8       ?ref_remove@RRenderDriver2D@SDL_core@ui@modules@UModSys@@UEBAXXZ 0000000180004fd8 f i umodsys_lib_libui:umodsys.mod.ui.SDL_core.obj
 0001:00003fd8       ?ref_remove@RMouseController@SDL_GL@ui@modules@UModSys@@UEBAXXZ 0000000180004fd8 f i umodsys_lib_libui:umodsys.mod.ui.SDL_GL.obj
 0001:00003fd8       ?ref_remove@RRenderDriver3D@SDL_GL@ui@modules@UModSys@@UEBAXXZ 0000000180004fd8 f i umodsys_lib_libui:umodsys.mod.ui.SDL_GL.obj
 0001:00003fd8       ?ref_remove@RMouseController@SDL_core@ui@modules@UModSys@@UEBAXXZ 0000000180004fd8 f i umodsys_lib_libui:umodsys.mod.ui.SDL_core.obj
 0001:00003fd8       ?ref_remove@RKeyboardController@SDL_GL@ui@modules@UModSys@@UEBAXXZ 0000000180004fd8 f i umodsys_lib_libui:umodsys.mod.ui.SDL_GL.obj
 0001:00003fe4       ?root_get_interface_info@RMouseController@SDL_GL@ui@modules@UModSys@@UEBAAEBUSUniquePointerInfo@core@5@XZ 0000000180004fe4 f i umodsys_lib_libui:umodsys.mod.ui.SDL_GL.obj
 0001:00003fec       ?root_get_interface_type@RMouseController@SDL_GL@ui@modules@UModSys@@UEBAPEBUSUniquePointerInfo@core@5@XZ 0000000180004fec f i umodsys_lib_libui:umodsys.mod.ui.SDL_GL.obj
 0001:00003ff4       ?root_get_other_interface@RMouseController@SDL_GL@ui@modules@UModSys@@UEAAPEAUIRoot@core@5@PEBUSUniquePointerInfo@75@@Z 0000000180004ff4 f i umodsys_lib_libui:umodsys.mod.ui.SDL_GL.obj
 0001:00003ff4       ?root_get_other_interface@RMouseController@SDL_GL@ui@modules@UModSys@@UEBAPEBUIRoot@core@5@PEBUSUniquePointerInfo@75@@Z 0000000180004ff4 f i umodsys_lib_libui:umodsys.mod.ui.SDL_GL.obj
 0001:00004024       ?root_is_interface_supported@RMouseController@SDL_GL@ui@modules@UModSys@@UEBA_NPEBUSUniquePointerInfo@core@5@@Z 0000000180005024 f i umodsys_lib_libui:umodsys.mod.ui.SDL_GL.obj
 0001:00004054       ?ref_weak@RKeyboardController@SDL_GL@ui@modules@UModSys@@UEBA_NAEAUWeakPointer@IRefObject@core@5@@Z 0000000180005054 f i umodsys_lib_libui:umodsys.mod.ui.SDL_GL.obj
 0001:00004054       ?ref_weak@RKeyboardController@SDL_core@ui@modules@UModSys@@UEBA_NAEAUWeakPointer@IRefObject@core@5@@Z 0000000180005054 f i umodsys_lib_libui:umodsys.mod.ui.SDL_core.obj
 0001:00004054       ?ref_weak@RRenderDriver3D@SDL_GL@ui@modules@UModSys@@UEBA_NAEAUWeakPointer@IRefObject@core@5@@Z 0000000180005054 f i umodsys_lib_libui:umodsys.mod.ui.SDL_GL.obj
 0001:00004054       ?ref_weak@RMouseController@SDL_GL@ui@modules@UModSys@@UEBA_NAEAUWeakPointer@IRefObject@core@5@@Z 0000000180005054 f i umodsys_lib_libui:umodsys.mod.ui.SDL_GL.obj
 0001:00004054       ?ref_weak@RMouseController@SDL_core@ui@modules@UModSys@@UEBA_NAEAUWeakPointer@IRefObject@core@5@@Z 0000000180005054 f i umodsys_lib_libui:umodsys.mod.ui.SDL_core.obj
 0001:00004054       ?ref_weak@RRenderDriver2D@SDL_core@ui@modules@UModSys@@UEBA_NAEAUWeakPointer@IRefObject@core@5@@Z 0000000180005054 f i umodsys_lib_libui:umodsys.mod.ui.SDL_core.obj
 0001:00004074       ?suicide@IRoot@core@UModSys@@UEAAXXZ 0000000180005074 f i umodsys_lib_core:umodsys.core.objects.obj
 0001:00004074       ?suicide@RRenderDriver3D@SDL_GL@ui@modules@UModSys@@UEAAXXZ 0000000180005074 f i umodsys_lib_libui:umodsys.mod.ui.SDL_GL.obj
 0001:00004074       ?suicide@RMouseController@SDL_GL@ui@modules@UModSys@@UEAAXXZ 0000000180005074 f i umodsys_lib_libui:umodsys.mod.ui.SDL_GL.obj
 0001:00004074       ?suicide@RKeyboardController@SDL_GL@ui@modules@UModSys@@UEAAXXZ 0000000180005074 f i umodsys_lib_libui:umodsys.mod.ui.SDL_GL.obj
 0001:00004074       ?suicide@RKeyboardController@SDL_core@ui@modules@UModSys@@UEAAXXZ 0000000180005074 f i umodsys_lib_libui:umodsys.mod.ui.SDL_core.obj
 0001:00004074       ?suicide@RRenderDriver2D@SDL_core@ui@modules@UModSys@@UEAAXXZ 0000000180005074 f i umodsys_lib_libui:umodsys.mod.ui.SDL_core.obj
 0001:00004074       ?suicide@RMouseController@SDL_core@ui@modules@UModSys@@UEAAXXZ 0000000180005074 f i umodsys_lib_libui:umodsys.mod.ui.SDL_core.obj
 0001:0000408c       ?root_get_interface_info@RTerminal@SDL_GL@ui@modules@UModSys@@UEBAAEBUSUniquePointerInfo@core@5@XZ 000000018000508c f i umodsys_lib_libui:umodsys.mod.ui.SDL_GL.obj
 0001:00004094       ?root_get_interface_type@RTerminal@SDL_GL@ui@modules@UModSys@@UEBAPEBUSUniquePointerInfo@core@5@XZ 0000000180005094 f i umodsys_lib_libui:umodsys.mod.ui.SDL_GL.obj
 0001:0000409c       ?root_get_other_interface@RTerminal@SDL_GL@ui@modules@UModSys@@UEAAPEAUIRoot@core@5@PEBUSUniquePointerInfo@75@@Z 000000018000509c f i umodsys_lib_libui:umodsys.mod.ui.SDL_GL.obj
 0001:0000409c       ?root_get_other_interface@RTerminal@SDL_GL@ui@modules@UModSys@@UEBAPEBUIRoot@core@5@PEBUSUniquePointerInfo@75@@Z 000000018000509c f i umodsys_lib_libui:umodsys.mod.ui.SDL_GL.obj
 0001:000040cc       ?root_is_interface_supported@RTerminal@SDL_GL@ui@modules@UModSys@@UEBA_NPEBUSUniquePointerInfo@core@5@@Z 00000001800050cc f i umodsys_lib_libui:umodsys.mod.ui.SDL_GL.obj
 0001:000040fc       ?ref_add@RDialog@frames@ui@modules@UModSys@@UEBAXXZ 00000001800050fc f i umodsys_lib_libui:umodsys.mod.ui.frames.obj
 0001:000040fc       ?ref_add@RImage_Memory@stdlib@lib2d@modules@UModSys@@UEBAXXZ 00000001800050fc f i umodsys_lib_lib2d:umodsys.mod.2d.stdlib.obj
 0001:000040fc       ?ref_add@RGenerator@zlib@media@modules@UModSys@@UEBAXXZ 00000001800050fc f i umodsys_lib_libmedia:umodsys.mod.media.zlib.obj
 0001:000040fc       ?ref_add@RGenerator@images_std@media@modules@UModSys@@UEBAXXZ 00000001800050fc f i umodsys_lib_libmedia:umodsys.mod.media.images_std.obj
 0001:000040fc       ?ref_add@RImageFactory_Memory@stdlib@lib2d@modules@UModSys@@UEBAXXZ 00000001800050fc f i umodsys_lib_lib2d:umodsys.mod.2d.stdlib.obj
 0001:000040fc       ?ref_add@RSerializeReader@serialize_json@media@modules@UModSys@@UEBAXXZ 00000001800050fc f i umodsys_lib_libmedia:umodsys.mod.media.serialize_json.obj
 0001:000040fc       ?ref_add@RGenerator@serialize_json@media@modules@UModSys@@UEBAXXZ 00000001800050fc f i umodsys_lib_libmedia:umodsys.mod.media.serialize_json.obj
 0001:000040fc       ?ref_add@RGenerator@frames@ui@modules@UModSys@@UEBAXXZ 00000001800050fc f i umodsys_lib_libui:umodsys.mod.ui.frames.obj
 0001:000040fc       ?ref_add@RTerminal@SDL_core@ui@modules@UModSys@@UEBAXXZ 00000001800050fc f i umodsys_lib_libui:umodsys.mod.ui.SDL_core.obj
 0001:000040fc       ?ref_add@RGenerator@SDL_GL@ui@modules@UModSys@@UEBAXXZ 00000001800050fc f i umodsys_lib_libui:umodsys.mod.ui.SDL_GL.obj
 0001:000040fc       ?ref_add@RGenerator@test1@test@modules@UModSys@@UEBAXXZ 00000001800050fc f i plugin_test1.obj
 0001:000040fc       ?ref_add@RMultiImage@stdlib@lib2d@modules@UModSys@@UEBAXXZ 00000001800050fc f i umodsys_lib_lib2d:umodsys.mod.2d.stdlib.obj
 0001:000040fc       ?ref_add@RGenerator@SDL_core@ui@modules@UModSys@@UEBAXXZ 00000001800050fc f i umodsys_lib_libui:umodsys.mod.ui.SDL_core.obj
 0001:000040fc       ?ref_add@RMultiImage2D_SDL_ttf@SDL_core@ui@modules@UModSys@@UEBAXXZ 00000001800050fc f i umodsys_lib_libui:umodsys.mod.ui.SDL_core.obj
 0001:000040fc       ?ref_add@RBinArchiveFrameClient_ZIP@zlib@media@modules@UModSys@@UEBAXXZ 00000001800050fc f i umodsys_lib_libmedia:umodsys.mod.media.zlib.obj
 0001:000040fc       ?ref_add@RTerminal@SDL_GL@ui@modules@UModSys@@UEBAXXZ 00000001800050fc f i umodsys_lib_libui:umodsys.mod.ui.SDL_GL.obj
 0001:000040fc       ?ref_add@RGenerator@stdlib@lib2d@modules@UModSys@@UEBAXXZ 00000001800050fc f i umodsys_lib_lib2d:umodsys.mod.2d.stdlib.obj
 0001:00004100       ?root_get_interface_info@RRenderDriver3D@SDL_GL@ui@modules@UModSys@@UEBAAEBUSUniquePointerInfo@core@5@XZ 0000000180005100 f i umodsys_lib_libui:umodsys.mod.ui.SDL_GL.obj
 0001:00004108       ?root_get_interface_type@RRenderDriver3D@SDL_GL@ui@modules@UModSys@@UEBAPEBUSUniquePointerInfo@core@5@XZ 0000000180005108 f i umodsys_lib_libui:umodsys.mod.ui.SDL_GL.obj
 0001:00004110       ?root_get_other_interface@RRenderDriver3D@SDL_GL@ui@modules@UModSys@@UEBAPEBUIRoot@core@5@PEBUSUniquePointerInfo@75@@Z 0000000180005110 f i umodsys_lib_libui:umodsys.mod.ui.SDL_GL.obj
 0001:00004110       ?root_get_other_interface@RRenderDriver3D@SDL_GL@ui@modules@UModSys@@UEAAPEAUIRoot@core@5@PEBUSUniquePointerInfo@75@@Z 0000000180005110 f i umodsys_lib_libui:umodsys.mod.ui.SDL_GL.obj
 0001:00004148       ?root_is_interface_supported@RRenderDriver3D@SDL_GL@ui@modules@UModSys@@UEBA_NPEBUSUniquePointerInfo@core@5@@Z 0000000180005148 f i umodsys_lib_libui:umodsys.mod.ui.SDL_GL.obj
 0001:00004180       ?root_get_interface_info@RTerminalX@SDL_GL@ui@modules@UModSys@@UEBAAEBUSUniquePointerInfo@core@5@XZ 0000000180005180 f i umodsys_lib_libui:umodsys.mod.ui.SDL_GL.obj
 0001:00004188       ?root_get_interface_type@RTerminalX@SDL_GL@ui@modules@UModSys@@UEBAPEBUSUniquePointerInfo@core@5@XZ 0000000180005188 f i umodsys_lib_libui:umodsys.mod.ui.SDL_GL.obj
 0001:00004190       ?root_get_other_interface@RTerminalX@SDL_GL@ui@modules@UModSys@@UEAAPEAUIRoot@core@5@PEBUSUniquePointerInfo@75@@Z 0000000180005190 f i umodsys_lib_libui:umodsys.mod.ui.SDL_GL.obj
 0001:00004190       ?root_get_other_interface@RTerminalX@SDL_GL@ui@modules@UModSys@@UEBAPEBUIRoot@core@5@PEBUSUniquePointerInfo@75@@Z 0000000180005190 f i umodsys_lib_libui:umodsys.mod.ui.SDL_GL.obj
 0001:000041c0       ?root_is_interface_supported@RTerminalX@SDL_GL@ui@modules@UModSys@@UEBA_NPEBUSUniquePointerInfo@core@5@@Z 00000001800051c0 f i umodsys_lib_libui:umodsys.mod.ui.SDL_GL.obj
 0001:000041f8       ?get_generated_names@RGenerator@SDL_GL@ui@modules@UModSys@@UEBAHAEAUSUniquePtrList@core@5@@Z 00000001800051f8 f i umodsys_lib_libui:umodsys.mod.ui.SDL_GL.obj
 0001:00004218       ?get_generated_types@RGenerator@SDL_GL@ui@modules@UModSys@@UEBAHAEAUSUniquePtrList@core@5@PEBUSUniquePointerInfo@75@@Z 0000000180005218 f i umodsys_lib_libui:umodsys.mod.ui.SDL_GL.obj
 0001:00004280       ?generate@RGenerator@SDL_GL@ui@modules@UModSys@@UEAA_NAEAU?$TRefObject@UIRefObject@core@UModSys@@U?$TRefObjectFunc@UIRefObject@core@UModSys@@@tl@3@@tl@5@PEBUSUniquePointerInfo@core@5@AEBUSParameters@95@@Z 0000000180005280 f i umodsys_lib_libui:umodsys.mod.ui.SDL_GL.obj
 0001:00004360       ?root_get_interface_info@RGenerator@SDL_GL@ui@modules@UModSys@@UEBAAEBUSUniquePointerInfo@core@5@XZ 0000000180005360 f i umodsys_lib_libui:umodsys.mod.ui.SDL_GL.obj
 0001:00004368       ?root_get_interface_type@RGenerator@SDL_GL@ui@modules@UModSys@@UEBAPEBUSUniquePointerInfo@core@5@XZ 0000000180005368 f i umodsys_lib_libui:umodsys.mod.ui.SDL_GL.obj
 0001:00004370       ?root_get_other_interface@RGenerator@SDL_GL@ui@modules@UModSys@@UEAAPEAUIRoot@core@5@PEBUSUniquePointerInfo@75@@Z 0000000180005370 f i umodsys_lib_libui:umodsys.mod.ui.SDL_GL.obj
 0001:00004370       ?root_get_other_interface@RGenerator@SDL_GL@ui@modules@UModSys@@UEBAPEBUIRoot@core@5@PEBUSUniquePointerInfo@75@@Z 0000000180005370 f i umodsys_lib_libui:umodsys.mod.ui.SDL_GL.obj
 0001:000043a8       ?root_is_interface_supported@RGenerator@SDL_GL@ui@modules@UModSys@@UEBA_NPEBUSUniquePointerInfo@core@5@@Z 00000001800053a8 f i umodsys_lib_libui:umodsys.mod.ui.SDL_GL.obj
 0001:000043e0       ?get_uid@RGenerator@SDL_GL@ui@modules@UModSys@@UEBAPEBUSUniquePointerInfo@core@5@XZ 00000001800053e0 f i umodsys_lib_libui:umodsys.mod.ui.SDL_GL.obj
 0001:000043e8       ??1SWindow@SDL_core@ui@modules@UModSys@@QEAA@XZ 00000001800053e8 f   umodsys_lib_libui:umodsys.mod.ui.SDL_core.obj
 0001:000043e8       ??1SWindow@SDL_GL@ui@modules@UModSys@@QEAA@XZ 00000001800053e8 f   umodsys_lib_libui:umodsys.mod.ui.SDL_GL.obj
 0001:0000440c       ??_ERKeyboardController@SDL_GL@ui@modules@UModSys@@UEAAPEAXI@Z 000000018000540c f i  CIL library: CIL module
 0001:0000440c       ??_GRKeyboardController@SDL_GL@ui@modules@UModSys@@UEAAPEAXI@Z 000000018000540c f i umodsys_lib_libui:umodsys.mod.ui.SDL_GL.obj
 0001:0000443c       ??1RKeyboardController@SDL_GL@ui@modules@UModSys@@UEAA@XZ 000000018000543c f   umodsys_lib_libui:umodsys.mod.ui.SDL_GL.obj
 0001:00004484       ?process@RKeyboardController@SDL_GL@ui@modules@UModSys@@QEAA_NAEAUSDL_KeyboardEvent@@@Z 0000000180005484 f   umodsys_lib_libui:umodsys.mod.ui.SDL_GL.obj
 0001:00004484       ?process@RKeyboardController@SDL_core@ui@modules@UModSys@@QEAA_NAEAUSDL_KeyboardEvent@@@Z 0000000180005484 f   umodsys_lib_libui:umodsys.mod.ui.SDL_core.obj
 0001:000045fc       ?map_keycode@RKeyboardController@SDL_core@ui@modules@UModSys@@QEAA?AW4eKeyCode@libui@5@H@Z 00000001800055fc f   umodsys_lib_libui:umodsys.mod.ui.SDL_core.obj
 0001:000045fc       ?map_keycode@RKeyboardController@SDL_GL@ui@modules@UModSys@@QEAA?AW4eKeyCode@libui@5@H@Z 00000001800055fc f   umodsys_lib_libui:umodsys.mod.ui.SDL_GL.obj
 0001:00004b24       ?key_link@RKeyboardController@SDL_GL@ui@modules@UModSys@@UEAA_NHPEAUIRefObject@core@5@PEAUIKeyboardClient@libui@5@@Z 0000000180005b24 f   umodsys_lib_libui:umodsys.mod.ui.SDL_GL.obj
 0001:00004b24       ?key_link@RKeyboardController@SDL_core@ui@modules@UModSys@@UEAA_NHPEAUIRefObject@core@5@PEAUIKeyboardClient@libui@5@@Z 0000000180005b24 f   umodsys_lib_libui:umodsys.mod.ui.SDL_core.obj
 0001:00004b8c       ??_GRMouseController@SDL_GL@ui@modules@UModSys@@UEAAPEAXI@Z 0000000180005b8c f i umodsys_lib_libui:umodsys.mod.ui.SDL_GL.obj
 0001:00004b8c       ??_ERMouseController@SDL_GL@ui@modules@UModSys@@UEAAPEAXI@Z 0000000180005b8c f i  CIL library: CIL module
 0001:00004bbc       ??1RMouseController@SDL_GL@ui@modules@UModSys@@UEAA@XZ 0000000180005bbc f   umodsys_lib_libui:umodsys.mod.ui.SDL_GL.obj
 0001:00004c04       ?process@RMouseController@SDL_GL@ui@modules@UModSys@@QEAA_NAEAUSDL_MouseMotionEvent@@@Z 0000000180005c04 f   umodsys_lib_libui:umodsys.mod.ui.SDL_GL.obj
 0001:00004c04       ?process@RMouseController@SDL_core@ui@modules@UModSys@@QEAA_NAEAUSDL_MouseMotionEvent@@@Z 0000000180005c04 f   umodsys_lib_libui:umodsys.mod.ui.SDL_core.obj
 0001:00004d70       ?process@RMouseController@SDL_core@ui@modules@UModSys@@QEAA_NAEAUSDL_MouseButtonEvent@@@Z 0000000180005d70 f   umodsys_lib_libui:umodsys.mod.ui.SDL_core.obj
 0001:00004d70       ?process@RMouseController@SDL_GL@ui@modules@UModSys@@QEAA_NAEAUSDL_MouseButtonEvent@@@Z 0000000180005d70 f   umodsys_lib_libui:umodsys.mod.ui.SDL_GL.obj
 0001:00004e9c       ?mouse_unlink@RMouseController@SDL_GL@ui@modules@UModSys@@UEAA_NH@Z 0000000180005e9c f   umodsys_lib_libui:umodsys.mod.ui.SDL_GL.obj
 0001:00004e9c       ?mouse_unlink@RMouseController@SDL_core@ui@modules@UModSys@@UEAA_NH@Z 0000000180005e9c f   umodsys_lib_libui:umodsys.mod.ui.SDL_core.obj
 0001:00004e9c       ?key_unlink@RKeyboardController@SDL_core@ui@modules@UModSys@@UEAA_NH@Z 0000000180005e9c f   umodsys_lib_libui:umodsys.mod.ui.SDL_core.obj
 0001:00004e9c       ?key_unlink@RKeyboardController@SDL_GL@ui@modules@UModSys@@UEAA_NH@Z 0000000180005e9c f   umodsys_lib_libui:umodsys.mod.ui.SDL_GL.obj
 0001:00004ef4       ?mouse_link@RMouseController@SDL_GL@ui@modules@UModSys@@UEAA_NHPEAUIRefObject@core@5@PEAUIMouseClient@libui@5@H@Z 0000000180005ef4 f   umodsys_lib_libui:umodsys.mod.ui.SDL_GL.obj
 0001:00004ef4       ?mouse_link@RMouseController@SDL_core@ui@modules@UModSys@@UEAA_NHPEAUIRefObject@core@5@PEAUIMouseClient@libui@5@H@Z 0000000180005ef4 f   umodsys_lib_libui:umodsys.mod.ui.SDL_core.obj
 0001:00004f64       ??_GRTerminal@SDL_GL@ui@modules@UModSys@@UEAAPEAXI@Z 0000000180005f64 f i umodsys_lib_libui:umodsys.mod.ui.SDL_GL.obj
 0001:00004f64       ??_ERTerminal@SDL_GL@ui@modules@UModSys@@UEAAPEAXI@Z 0000000180005f64 f i  CIL library: CIL module
 0001:00004f94       ??1RTerminal@SDL_GL@ui@modules@UModSys@@UEAA@XZ 0000000180005f94 f   umodsys_lib_libui:umodsys.mod.ui.SDL_GL.obj
 0001:00004fe4       ?poll_events@RTerminal@SDL_core@ui@modules@UModSys@@UEAA_NH@Z 0000000180005fe4 f   umodsys_lib_libui:umodsys.mod.ui.SDL_core.obj
 0001:00004fe4       ?poll_events@RTerminal@SDL_GL@ui@modules@UModSys@@UEAA_NH@Z 0000000180005fe4 f   umodsys_lib_libui:umodsys.mod.ui.SDL_GL.obj
 0001:00005114       ?get_terminal_state@RTerminal@SDL_GL@ui@modules@UModSys@@UEAA_NW4eTerminalState@libui@5@@Z 0000000180006114 f   umodsys_lib_libui:umodsys.mod.ui.SDL_GL.obj
 0001:00005114       ?get_terminal_state@RTerminal@SDL_core@ui@modules@UModSys@@UEAA_NW4eTerminalState@libui@5@@Z 0000000180006114 f   umodsys_lib_libui:umodsys.mod.ui.SDL_core.obj
 0001:00005124       ?set_terminal_state@RTerminal@SDL_GL@ui@modules@UModSys@@UEAA_NW4eTerminalState@libui@5@_N@Z 0000000180006124 f   umodsys_lib_libui:umodsys.mod.ui.SDL_GL.obj
 0001:00005124       ?set_terminal_state@RTerminal@SDL_core@ui@modules@UModSys@@UEAA_NW4eTerminalState@libui@5@_N@Z 0000000180006124 f   umodsys_lib_libui:umodsys.mod.ui.SDL_core.obj
 0001:00005198       ?wait@RTerminal@SDL_core@ui@modules@UModSys@@UEAA_NM@Z 0000000180006198 f   umodsys_lib_libui:umodsys.mod.ui.SDL_core.obj
 0001:00005198       ?wait@RTerminal@SDL_GL@ui@modules@UModSys@@UEAA_NM@Z 0000000180006198 f   umodsys_lib_libui:umodsys.mod.ui.SDL_GL.obj
 0001:000051b8       ?create_handler@RTerminal@SDL_GL@ui@modules@UModSys@@UEAA_NPEBUSUniquePointerInfo@core@5@AEAU?$TRefObject@UIRefObject@core@UModSys@@U?$TRefObjectFunc@UIRefObject@core@UModSys@@@tl@3@@tl@5@PEBDPEBUSParameters@75@@Z 00000001800061b8 f   umodsys_lib_libui:umodsys.mod.ui.SDL_GL.obj
 0001:000051b8       ?create_handler@RTerminal@SDL_core@ui@modules@UModSys@@UEAA_NPEBUSUniquePointerInfo@core@5@AEAU?$TRefObject@UIRefObject@core@UModSys@@U?$TRefObjectFunc@UIRefObject@core@UModSys@@@tl@3@@tl@5@PEBDPEBUSParameters@75@@Z 00000001800061b8 f   umodsys_lib_libui:umodsys.mod.ui.SDL_core.obj
 0001:00005250       ??_ERRenderDriver3D@SDL_GL@ui@modules@UModSys@@UEAAPEAXI@Z 0000000180006250 f i  CIL library: CIL module
 0001:00005250       ??_GRRenderDriver3D@SDL_GL@ui@modules@UModSys@@UEAAPEAXI@Z 0000000180006250 f i umodsys_lib_libui:umodsys.mod.ui.SDL_GL.obj
 0001:00005280       ??1RRenderDriver3D@SDL_GL@ui@modules@UModSys@@UEAA@XZ 0000000180006280 f   umodsys_lib_libui:umodsys.mod.ui.SDL_GL.obj
 0001:00005300       ?open@RRenderDriver3D@SDL_GL@ui@modules@UModSys@@QEAA_NAEBUSParameters@core@5@@Z 0000000180006300 f   umodsys_lib_libui:umodsys.mod.ui.SDL_GL.obj
 0001:000054ac       ?get_max_values@RRenderDriver3D@SDL_GL@ui@modules@UModSys@@UEBAPEBUSParameters@core@5@XZ 00000001800064ac f   umodsys_lib_libui:umodsys.mod.ui.SDL_GL.obj
 0001:000054b4       ?get_frame_values@RRenderDriver3D@SDL_GL@ui@modules@UModSys@@UEBAPEBUSParameters@core@5@XZ 00000001800064b4 f   umodsys_lib_libui:umodsys.mod.ui.SDL_GL.obj
 0001:000054bc       ?setup_setlight@RRenderDriver3D@SDL_GL@ui@modules@UModSys@@UEAA_NHW4eLightType@lib3d@5@AEBUSLight@75@AEBU?$TMatrix44@N@math3d@5@@Z 00000001800064bc f   umodsys_lib_libui:umodsys.mod.ui.SDL_GL.obj
 0001:000054bc       ?get_maxbox@RCollector@frames@ui@modules@UModSys@@UEAA_NAEAU?$TBoundBox2@H@math3d@5@@Z 00000001800064bc f   umodsys_lib_libui:umodsys.mod.ui.frames.obj
 0001:000054bc       ?key_setrepeat@RKeyboardController@SDL_GL@ui@modules@UModSys@@UEAA_NMM@Z 00000001800064bc f   umodsys_lib_libui:umodsys.mod.ui.SDL_GL.obj
 0001:000054bc       ?get_cell@RMultiImage2D_SDL_ttf@SDL_core@ui@modules@UModSys@@UEBA_NIAEAUSImageCellInfo@lib2d@5@@Z 00000001800064bc f   umodsys_lib_libui:umodsys.mod.ui.SDL_core.obj
 0001:000054bc       ?set_parameters@RRenderDriver2D@SDL_core@ui@modules@UModSys@@UEAA_NPEBDAEBUSParameters@core@5@@Z 00000001800064bc f   umodsys_lib_libui:umodsys.mod.ui.SDL_core.obj
 0001:000054bc       ?setup_setlight@RRenderDriver3D@SDL_GL@ui@modules@UModSys@@UEAA_NH_N@Z 00000001800064bc f   umodsys_lib_libui:umodsys.mod.ui.SDL_GL.obj
 0001:000054bc       ?set_parameters@RRenderDriver3D@SDL_GL@ui@modules@UModSys@@UEAA_NPEBDAEBUSParameters@core@5@@Z 00000001800064bc f   umodsys_lib_libui:umodsys.mod.ui.SDL_GL.obj
 0001:000054bc       ?get_minsize@RCollector@frames@ui@modules@UModSys@@UEAA_NAEAU?$TVector2@H@math3d@5@@Z 00000001800064bc f   umodsys_lib_libui:umodsys.mod.ui.frames.obj
 0001:000054bc       ?setup_lists2@RRenderDriver3D@SDL_GL@ui@modules@UModSys@@UEAA_NHHPEBHZZ 00000001800064bc f   umodsys_lib_libui:umodsys.mod.ui.SDL_GL.obj
 0001:000054bc       ?key_setmodifier@RKeyboardController@SDL_GL@ui@modules@UModSys@@UEAA_NHHH@Z 00000001800064bc f   umodsys_lib_libui:umodsys.mod.ui.SDL_GL.obj
 0001:000054bc       ?key_setmodifier@RKeyboardController@SDL_core@ui@modules@UModSys@@UEAA_NHHH@Z 00000001800064bc f   umodsys_lib_libui:umodsys.mod.ui.SDL_core.obj
 0001:000054bc       ?key_event@RFrame_Common@frames@ui@modules@UModSys@@MEAA_NAEBUSKeyboardInputText@libui@5@@Z 00000001800064bc f   umodsys_lib_libui:umodsys.mod.ui.frames.obj
 0001:000054bc       ?map_2d_to_3d@RRenderDriver3D@SDL_GL@ui@modules@UModSys@@UEAA_NAEAU?$TVector2@M@math3d@5@AEBU?$TVector2@H@75@@Z 00000001800064bc f   umodsys_lib_libui:umodsys.mod.ui.SDL_GL.obj
 0001:000054bc       ?key_setrepeat@RKeyboardController@SDL_core@ui@modules@UModSys@@UEAA_NMM@Z 00000001800064bc f   umodsys_lib_libui:umodsys.mod.ui.SDL_core.obj
 0001:000054bc       ?get_cell@RMultiImage2D_SDL_ttf@SDL_core@ui@modules@UModSys@@UEBA_NIAEAU?$TVector2@H@math3d@5@PEAU675@PEAG@Z 00000001800064bc f   umodsys_lib_libui:umodsys.mod.ui.SDL_core.obj
 0001:000054bc       ?setup_2d@RRenderDriver3D@SDL_GL@ui@modules@UModSys@@UEAA_NPEBU?$TVector2@H@math3d@5@0PEBU?$TVector2@M@75@1@Z 00000001800064bc f   umodsys_lib_libui:umodsys.mod.ui.SDL_GL.obj
 0001:000054bc       ?setup_font@RRenderDriver3D@SDL_GL@ui@modules@UModSys@@UEAA_NPEAUIMultiImage@lib2d@5@PEBU?$TVector2@M@math3d@5@@Z 00000001800064bc f   umodsys_lib_libui:umodsys.mod.ui.SDL_GL.obj
 0001:000054bc       ?filter_load@RMediaFilter@images_std@media@modules@UModSys@@UEAA_NAEBUSInfo@IBinObjFilter@libmedia@5@AEAU?$TRefObject@UIRefObject@core@UModSys@@U?$TRefObjectFunc@UIRefObject@core@UModSys@@@tl@3@@tl@5@@Z 00000001800064bc f   umodsys_lib_libmedia:umodsys.mod.media.images_std.obj
 0001:000054bc       ?map_3d_to_2d@RRenderDriver3D@SDL_GL@ui@modules@UModSys@@UEAA_NAEAU?$TVector2@H@math3d@5@AEBU?$TVector3@N@75@@Z 00000001800064bc f   umodsys_lib_libui:umodsys.mod.ui.SDL_GL.obj
 0001:000054bc       ?map_2d_to_3d@RRenderDriver3D@SDL_GL@ui@modules@UModSys@@UEAA_NAEAU?$TVector3@N@math3d@5@AEBU?$TVector2@H@75@@Z 00000001800064bc f   umodsys_lib_libui:umodsys.mod.ui.SDL_GL.obj
 0001:000054bc       ?mouse_setposition@RMouseController@SDL_GL@ui@modules@UModSys@@UEAA_NHH@Z 00000001800064bc f   umodsys_lib_libui:umodsys.mod.ui.SDL_GL.obj
 0001:000054bc       ?set_layer_count@RMultiImage2D_SDL_ttf@SDL_core@ui@modules@UModSys@@UEAA_NG@Z 00000001800064bc f   umodsys_lib_libui:umodsys.mod.ui.SDL_core.obj
 0001:000054bc       ?arc_deinit@RBinArchiveFrameClient_ZIP@zlib@media@modules@UModSys@@UEAA_NPEAUIBinArchiveFrame@libmedia@5@@Z 00000001800064bc f   umodsys_lib_libmedia:umodsys.mod.media.zlib.obj
 0001:000054bc       ?render_primitive@RRenderDriver3D@SDL_GL@ui@modules@UModSys@@UEAA_NW4eRenderPrimitiveType@lib3d@5@HHZZ 00000001800064bc f   umodsys_lib_libui:umodsys.mod.ui.SDL_GL.obj
 0001:000054bc       ?driver_is_reset@RRenderDriver3D@SDL_GL@ui@modules@UModSys@@UEAA_NXZ 00000001800064bc f   umodsys_lib_libui:umodsys.mod.ui.SDL_GL.obj
 0001:000054bc       ?mouse_setposition@RMouseController@SDL_core@ui@modules@UModSys@@UEAA_NHH@Z 00000001800064bc f   umodsys_lib_libui:umodsys.mod.ui.SDL_core.obj
 0001:000054bc       ?command_draw@RTest1_Shell@test1@test@modules@UModSys@@UEAA_NAEBUSController@libui@5@PEAUIRenderDriver@lib2d@5@AEBU?$TBoundBox2@H@math3d@5@@Z 00000001800064bc f   plugin_test1.obj
 0001:000054bc       ?key_reset@RKeyboardController@SDL_core@ui@modules@UModSys@@UEAA_NXZ 00000001800064bc f   umodsys_lib_libui:umodsys.mod.ui.SDL_core.obj
 0001:000054bc       ?setup_material@RRenderDriver3D@SDL_GL@ui@modules@UModSys@@UEAA_NPEBUSMaterial@lib3d@5@@Z 00000001800064bc f   umodsys_lib_libui:umodsys.mod.ui.SDL_GL.obj
 0001:000054bc       ?setup_fixed_cell@RMultiImage2D_SDL_ttf@SDL_core@ui@modules@UModSys@@UEAA_NHH@Z 00000001800064bc f   umodsys_lib_libui:umodsys.mod.ui.SDL_core.obj
 0001:000054bc       ?map_3d_to_2d@RRenderDriver3D@SDL_GL@ui@modules@UModSys@@UEAA_NAEAU?$TVector2@H@math3d@5@AEBU?$TVector2@M@75@@Z 00000001800064bc f   umodsys_lib_libui:umodsys.mod.ui.SDL_GL.obj
 0001:000054bc       ?setup_clearlights@RRenderDriver3D@SDL_GL@ui@modules@UModSys@@UEAA_NW4eLightType@lib3d@5@_N1@Z 00000001800064bc f   umodsys_lib_libui:umodsys.mod.ui.SDL_GL.obj
 0001:000054bc       ?camera_frustum@RRenderDriver3D@SDL_GL@ui@modules@UModSys@@UEAA_NAEBU?$TVector3@N@math3d@5@0@Z 00000001800064bc f   umodsys_lib_libui:umodsys.mod.ui.SDL_GL.obj
 0001:000054bc       ?key_reset@RKeyboardController@SDL_GL@ui@modules@UModSys@@UEAA_NXZ 00000001800064bc f   umodsys_lib_libui:umodsys.mod.ui.SDL_GL.obj
 0001:000054bc       ?output_attach_3d@RCollector@frames@ui@modules@UModSys@@UEAA_NPEAUIRenderDriver@lib3d@5@H@Z 00000001800064bc f   umodsys_lib_libui:umodsys.mod.ui.frames.obj
 0001:000054bc       ?camera_frustum@RRenderDriver3D@SDL_GL@ui@modules@UModSys@@UEAA_NAEBU?$TVector3@N@math3d@5@AEBU?$TVector2@M@75@NN@Z 00000001800064bc f   umodsys_lib_libui:umodsys.mod.ui.SDL_GL.obj
 0001:000054bc       ?render_text_advanced@RRenderDriver3D@SDL_GL@ui@modules@UModSys@@UEAA_NAEAUTextInfo@IRenderDriver@lib2d@5@PEBHH@Z 00000001800064bc f   umodsys_lib_libui:umodsys.mod.ui.SDL_GL.obj
 0001:000054bc       ?camera_ortho@RRenderDriver3D@SDL_GL@ui@modules@UModSys@@UEAA_NAEBU?$TVector3@N@math3d@5@0@Z 00000001800064bc f   umodsys_lib_libui:umodsys.mod.ui.SDL_GL.obj
 0001:000054bc       ?set_repeater@RFrame_Common@frames@ui@modules@UModSys@@UEAA_NHH@Z 00000001800064bc f   umodsys_lib_libui:umodsys.mod.ui.frames.obj
 0001:000054bc       ?setup_state@RRenderDriver3D@SDL_GL@ui@modules@UModSys@@UEAA_NAEBUSRenderState@lib3d@5@@Z 00000001800064bc f   umodsys_lib_libui:umodsys.mod.ui.SDL_GL.obj
 0001:000054bc       ?mouse_reset@RMouseController@SDL_GL@ui@modules@UModSys@@UEAA_NXZ 00000001800064bc f   umodsys_lib_libui:umodsys.mod.ui.SDL_GL.obj
 0001:000054bc       ?set_hint@RMultiImage@stdlib@lib2d@modules@UModSys@@UEAA_NPEBD0@Z 00000001800064bc f   umodsys_lib_lib2d:umodsys.mod.2d.stdlib.obj
 0001:000054bc       ?mouse_setvisible@RMouseController@SDL_GL@ui@modules@UModSys@@UEAA_N_N@Z 00000001800064bc f   umodsys_lib_libui:umodsys.mod.ui.SDL_GL.obj
 0001:000054bc       ?frame_remove@RCollector@frames@ui@modules@UModSys@@UEAA_NPEAUIFrame@libui@5@@Z 00000001800064bc f   umodsys_lib_libui:umodsys.mod.ui.frames.obj
 0001:000054bc       ?setup_lists@RRenderDriver3D@SDL_GL@ui@modules@UModSys@@UEAA_NHPEBHH@Z 00000001800064bc f   umodsys_lib_libui:umodsys.mod.ui.SDL_GL.obj
 0001:000054bc       ?mouse_setvisible@RMouseController@SDL_core@ui@modules@UModSys@@UEAA_N_N@Z 00000001800064bc f   umodsys_lib_libui:umodsys.mod.ui.SDL_core.obj
 0001:000054bc       ?set_insize@RFrame_Common@frames@ui@modules@UModSys@@UEAA_NAEBU?$TVector2@H@math3d@5@@Z 00000001800064bc f   umodsys_lib_libui:umodsys.mod.ui.frames.obj
 0001:000054bc       ?set_hint@RMultiImage2D_SDL_ttf@SDL_core@ui@modules@UModSys@@UEAA_NPEBD0@Z 00000001800064bc f   umodsys_lib_libui:umodsys.mod.ui.SDL_core.obj
 0001:000054bc       ?mouse_event@RFrame_Common@frames@ui@modules@UModSys@@MEAA_NPEBUSMouseInput@libui@5@@Z 00000001800064bc f   umodsys_lib_libui:umodsys.mod.ui.frames.obj
 0001:000054bc       ?key_event@RFrame_Common@frames@ui@modules@UModSys@@MEAA_NAEBUSKeyboardInputRaw@libui@5@@Z 00000001800064bc f   umodsys_lib_libui:umodsys.mod.ui.frames.obj
 0001:000054bc       ?mouse_reset@RMouseController@SDL_core@ui@modules@UModSys@@UEAA_NXZ 00000001800064bc f   umodsys_lib_libui:umodsys.mod.ui.SDL_core.obj
 0001:000054bc       ?setup_variable_cell@RMultiImage2D_SDL_ttf@SDL_core@ui@modules@UModSys@@UEAA_NPEBUSImageCellInfo@lib2d@5@KK@Z 00000001800064bc f   umodsys_lib_libui:umodsys.mod.ui.SDL_core.obj
 0001:000054bc       ?render_primitive@RRenderDriver3D@SDL_GL@ui@modules@UModSys@@UEAA_NW4eRenderPrimitiveType@lib3d@5@HPEBH@Z 00000001800064bc f   umodsys_lib_libui:umodsys.mod.ui.SDL_GL.obj
 0001:000054c0       ?setup_color@RRenderDriver3D@SDL_GL@ui@modules@UModSys@@UEAAXAEBU?$TVector3@M@math3d@5@@Z 00000001800064c0 f   umodsys_lib_libui:umodsys.mod.ui.SDL_GL.obj
 0001:000054dc       ?setup_color@RRenderDriver3D@SDL_GL@ui@modules@UModSys@@UEAAXAEBU?$TVector3@H@math3d@5@@Z 00000001800064dc f   umodsys_lib_libui:umodsys.mod.ui.SDL_GL.obj
 0001:00005520       ?setup_coloralpha@RRenderDriver3D@SDL_GL@ui@modules@UModSys@@UEAAXAEBU?$TVector4@M@math3d@5@H@Z 0000000180006520 f   umodsys_lib_libui:umodsys.mod.ui.SDL_GL.obj
 0001:00005538       ?setup_coloralpha@RRenderDriver3D@SDL_GL@ui@modules@UModSys@@UEAAXAEBU?$TVector4@H@math3d@5@H@Z 0000000180006538 f   umodsys_lib_libui:umodsys.mod.ui.SDL_GL.obj
 0001:00005590       ?setup_blendcolor@RRenderDriver3D@SDL_GL@ui@modules@UModSys@@UEAAXAEBUSBlendColor@lib2d@5@@Z 0000000180006590 f   umodsys_lib_libui:umodsys.mod.ui.SDL_GL.obj
 0001:000055ec       ?setup_blendcolor@RRenderDriver3D@SDL_GL@ui@modules@UModSys@@UEAAXAEBUSBlendColorf@lib2d@5@@Z 00000001800065ec f   umodsys_lib_libui:umodsys.mod.ui.SDL_GL.obj
 0001:00005628       ?setup_alpha@RRenderDriver3D@SDL_GL@ui@modules@UModSys@@UEAAXHH@Z 0000000180006628 f   umodsys_lib_libui:umodsys.mod.ui.SDL_GL.obj
 0001:00005648       ?setup_alpha@RRenderDriver3D@SDL_GL@ui@modules@UModSys@@UEAAXMH@Z 0000000180006648 f   umodsys_lib_libui:umodsys.mod.ui.SDL_GL.obj
 0001:0000565c       ?register_tex@RRenderDriver3D@SDL_GL@ui@modules@UModSys@@UEAA?AU?$TRefObject@UITexture@lib3d@UModSys@@U?$TRefObjectFunc@UITexture@lib3d@UModSys@@@tl@3@@tl@5@PEAUILibrary@libmedia@5@AEBU?$TString@U?$TSCoreConst@D@su@tl@UModSys@@U?$TComparerBinaryHash@D@234@@75@AEBUSRenderMapFlags@lib3d@5@@Z 000000018000665c f   umodsys_lib_libui:umodsys.mod.ui.SDL_GL.obj
 0001:0000565c       ?register_tex@RRenderDriver3D@SDL_GL@ui@modules@UModSys@@UEAA?AU?$TRefObject@UITexture@lib3d@UModSys@@U?$TRefObjectFunc@UITexture@lib3d@UModSys@@@tl@3@@tl@5@AEBU?$TVector2@H@math3d@5@AEBUSRenderMapFlags@lib3d@5@W4eImageType@lib2d@5@@Z 000000018000665c f   umodsys_lib_libui:umodsys.mod.ui.SDL_GL.obj
 0001:0000565c       ?data_writer@RBinArchiveFrameClient_ZIP@zlib@media@modules@UModSys@@UEAA?AU?$TRefObject@UIStreamWriter@libmedia@UModSys@@U?$TRefObjectFunc@UIStreamWriter@libmedia@UModSys@@@tl@3@@tl@5@PEAUIBinArchiveFrame@libmedia@5@AEBU?$TString@U?$TSCoreConst@D@su@tl@UModSys@@U?$TComparerBinaryHash@D@234@@75@AEBUSFlags@95@@Z 000000018000665c f   umodsys_lib_libmedia:umodsys.mod.media.zlib.obj
 0001:0000565c       ?new_picture@RRenderDriver3D@SDL_GL@ui@modules@UModSys@@UEAA?AU?$TRefObject@UIImage@lib2d@UModSys@@U?$TRefObjectFunc@UIImage@lib2d@UModSys@@@tl@3@@tl@5@AEBUSParameters@core@5@AEBU?$TString@U?$TSCoreConst@D@su@tl@UModSys@@U?$TComparerBinaryHash@D@234@@75@@Z 000000018000665c f   umodsys_lib_libui:umodsys.mod.ui.SDL_GL.obj
 0001:0000565c       ?register_texcells@RRenderDriver3D@SDL_GL@ui@modules@UModSys@@UEAA?AU?$TRefObject@UITextureCells@lib3d@UModSys@@U?$TRefObjectFunc@UITextureCells@lib3d@UModSys@@@tl@3@@tl@5@PEAUILibrary@libmedia@5@AEBU?$TString@U?$TSCoreConst@D@su@tl@UModSys@@U?$TComparerBinaryHash@D@234@@75@AEBUSRenderMapFlags@lib3d@5@@Z 000000018000665c f   umodsys_lib_libui:umodsys.mod.ui.SDL_GL.obj
 0001:0000565c       ?new_font@RRenderDriver3D@SDL_GL@ui@modules@UModSys@@UEAA?AU?$TRefObject@UIMultiImage@lib2d@UModSys@@U?$TRefObjectFunc@UIMultiImage@lib2d@UModSys@@@tl@3@@tl@5@AEBUSParameters@core@5@AEBU?$TString@U?$TSCoreConst@D@su@tl@UModSys@@U?$TComparerBinaryHash@D@234@@75@@Z 000000018000665c f   umodsys_lib_libui:umodsys.mod.ui.SDL_GL.obj
 0001:0000565c       ?new_picture@RRenderDriver2D@SDL_core@ui@modules@UModSys@@UEAA?AU?$TRefObject@UIImage@lib2d@UModSys@@U?$TRefObjectFunc@UIImage@lib2d@UModSys@@@tl@3@@tl@5@AEBUSParameters@core@5@AEBU?$TString@U?$TSCoreConst@D@su@tl@UModSys@@U?$TComparerBinaryHash@D@234@@75@@Z 000000018000665c f   umodsys_lib_libui:umodsys.mod.ui.SDL_core.obj
 0001:0000566c       ?setup_addlight@RRenderDriver3D@SDL_GL@ui@modules@UModSys@@UEAAHW4eLightType@lib3d@5@AEBUSLight@75@AEBU?$TMatrix44@N@math3d@5@@Z 000000018000666c f   umodsys_lib_libui:umodsys.mod.ui.SDL_GL.obj
 0001:00005670       ??0RTerminalX@SDL_GL@ui@modules@UModSys@@QEAA@PEAUIModObject@base@4@AEBUSParameters@core@4@@Z 0000000180006670 f   umodsys_lib_libui:umodsys.mod.ui.SDL_GL.obj
 0001:00005860       ??_ERTerminalX@SDL_GL@ui@modules@UModSys@@UEAAPEAXI@Z 0000000180006860 f i  CIL library: CIL module
 0001:00005860       ??_GRTerminalX@SDL_GL@ui@modules@UModSys@@UEAAPEAXI@Z 0000000180006860 f i umodsys_lib_libui:umodsys.mod.ui.SDL_GL.obj
 0001:000058b8       ?get_drv3d@RTerminalX@SDL_GL@ui@modules@UModSys@@UEBAPEAUIRenderDriver@lib3d@5@XZ 00000001800068b8 f   umodsys_lib_libui:umodsys.mod.ui.SDL_GL.obj
 0001:000058b8       ?get_drv2d@RTerminalX@SDL_GL@ui@modules@UModSys@@UEBAPEAUIRenderDriver@lib2d@5@XZ 00000001800068b8 f   umodsys_lib_libui:umodsys.mod.ui.SDL_GL.obj
 0001:000058b8       ?get_drv2d@RTerminalX@SDL_core@ui@modules@UModSys@@UEBAPEAUIRenderDriver@lib2d@5@XZ 00000001800068b8 f   umodsys_lib_libui:umodsys.mod.ui.SDL_core.obj
 0001:000058c0       ?open_drv2d@RTerminalX@SDL_GL@ui@modules@UModSys@@UEAAPEAUIRenderDriver@lib2d@5@PEBUSParameters@core@5@@Z 00000001800068c0 f   umodsys_lib_libui:umodsys.mod.ui.SDL_GL.obj
 0001:000058c0       ?open_drv3d@RTerminalX@SDL_GL@ui@modules@UModSys@@UEAAPEAUIRenderDriver@lib3d@5@PEBUSParameters@core@5@@Z 00000001800068c0 f   umodsys_lib_libui:umodsys.mod.ui.SDL_GL.obj
 0001:000058e4       ?close_drvxd@RTerminalX@SDL_GL@ui@modules@UModSys@@UEAA_NXZ 00000001800068e4 f   umodsys_lib_libui:umodsys.mod.ui.SDL_GL.obj
 0001:00005910       ?do_open@RModuleReg@SDL_GL@ui@modules@UModSys@@UEAA_NXZ 0000000180006910 f i umodsys_lib_libui:umodsys.mod.ui.SDL_GL.obj
 0001:00005984       ?do_close@RModuleReg@SDL_GL@ui@modules@UModSys@@UEAA_NXZ 0000000180006984 f i umodsys_lib_libui:umodsys.mod.ui.SDL_GL.obj
 0001:000059d4       ??_GRModuleReg@test1@test@modules@UModSys@@UEAAPEAXI@Z 00000001800069d4 f i plugin_test1.obj
 0001:000059d4       ??_ERModuleReg@SDL_GL@ui@modules@UModSys@@UEAAPEAXI@Z 00000001800069d4 f i  CIL library: CIL module
 0001:000059d4       ??_GRModuleReg@zlib@media@modules@UModSys@@UEAAPEAXI@Z 00000001800069d4 f i umodsys_lib_libmedia:umodsys.mod.media.zlib.obj
 0001:000059d4       ??_GIModuleReg@base@UModSys@@UEAAPEAXI@Z 00000001800069d4 f i umodsys_lib_base:umodsys.base.modulereg.obj
 0001:000059d4       ??_GRModuleReg@SDL_GL@ui@modules@UModSys@@UEAAPEAXI@Z 00000001800069d4 f i umodsys_lib_libui:umodsys.mod.ui.SDL_GL.obj
 0001:000059d4       ??_ERModuleReg@zlib@media@modules@UModSys@@UEAAPEAXI@Z 00000001800069d4 f i  CIL library: CIL module
 0001:000059d4       ??_GRModuleReg@SDL_core@ui@modules@UModSys@@UEAAPEAXI@Z 00000001800069d4 f i umodsys_lib_libui:umodsys.mod.ui.SDL_core.obj
 0001:000059d4       ??_ERModuleReg@stdlib@lib2d@modules@UModSys@@UEAAPEAXI@Z 00000001800069d4 f i  CIL library: CIL module
 0001:000059d4       ??_ERModuleReg@test1@test@modules@UModSys@@UEAAPEAXI@Z 00000001800069d4 f i  CIL library: CIL module
 0001:000059d4       ??_GRModuleReg@serialize_json@media@modules@UModSys@@UEAAPEAXI@Z 00000001800069d4 f i umodsys_lib_libmedia:umodsys.mod.media.serialize_json.obj
 0001:000059d4       ??_ERModuleReg@serialize_json@media@modules@UModSys@@UEAAPEAXI@Z 00000001800069d4 f i  CIL library: CIL module
 0001:000059d4       ??_ERModuleReg@frames@ui@modules@UModSys@@UEAAPEAXI@Z 00000001800069d4 f i  CIL library: CIL module
 0001:000059d4       ??_GRModuleReg@stdlib@lib2d@modules@UModSys@@UEAAPEAXI@Z 00000001800069d4 f i umodsys_lib_lib2d:umodsys.mod.2d.stdlib.obj
 0001:000059d4       ??_ERModuleReg@SDL_core@ui@modules@UModSys@@UEAAPEAXI@Z 00000001800069d4 f i  CIL library: CIL module
 0001:000059d4       ??_EIModuleReg@base@UModSys@@UEAAPEAXI@Z 00000001800069d4 f i  CIL library: CIL module
 0001:000059d4       ??_GRModuleReg@frames@ui@modules@UModSys@@UEAAPEAXI@Z 00000001800069d4 f i umodsys_lib_libui:umodsys.mod.ui.frames.obj
 0001:000059d4       ??_ERModuleReg@images_std@media@modules@UModSys@@UEAAPEAXI@Z 00000001800069d4 f i  CIL library: CIL module
 0001:000059d4       ??_GRModuleReg@images_std@media@modules@UModSys@@UEAAPEAXI@Z 00000001800069d4 f i umodsys_lib_libmedia:umodsys.mod.media.images_std.obj
 0001:000059fc       ?get_module@RGenerator@SDL_GL@ui@modules@UModSys@@UEBAPEAUIModule@base@5@XZ 00000001800069fc f   umodsys_lib_libui:umodsys.mod.ui.SDL_GL.obj
 0001:00005a04       ?mod_inc@RGenerator@SDL_GL@ui@modules@UModSys@@UEBA_NXZ 0000000180006a04 f   umodsys_lib_libui:umodsys.mod.ui.SDL_GL.obj
[...]
 0001:0001d0d8       ??__F?s_id@?$TObjectUniqueID@UICollector@libui@UModSys@@@tl@UModSys@@2USUniquePointer@core@3@A@@YAXXZ 000000018001e0d8 f    CIL library: CIL module
 0001:0001d0e4       ??__F?s_id@?$TObjectUniqueID@UIConsoleHelperInput_UIKey@libui@UModSys@@@tl@UModSys@@2USUniquePointer@core@3@A@@YAXXZ 000000018001e0e4 f    CIL library: CIL module
 0001:0001d0f0       ??__F?s_id@?$TObjectUniqueID@UITerminal@libui@UModSys@@@tl@UModSys@@2USUniquePointer@core@3@A@@YAXXZ 000000018001e0f0 f    CIL library: CIL module
 0001:0001d0fc       ??__F?s_id@?$TObjectUniqueID@UIJoystickController@libui@UModSys@@@tl@UModSys@@2USUniquePointer@core@3@A@@YAXXZ 000000018001e0fc f    CIL library: CIL module
 0001:0001d108       ??__F?s_id@?$TObjectUniqueID@UIMouseController@libui@UModSys@@@tl@UModSys@@2USUniquePointer@core@3@A@@YAXXZ 000000018001e108 f    CIL library: CIL module
 0001:0001d114       ??__F?s_id@?$TObjectUniqueID@UIKeyboardController@libui@UModSys@@@tl@UModSys@@2USUniquePointer@core@3@A@@YAXXZ 000000018001e114 f    CIL library: CIL module
 0001:0001d120       ??__F?s_id@?$TObjectUniqueID@UIConsoleHelperOutputFCS@base@UModSys@@@tl@UModSys@@2USUniquePointer@core@3@A@@YAXXZ 000000018001e120 f    CIL library: CIL module
 0001:0001d12c       ??__F?s_id@?$TObjectUniqueID@UIConsoleHelperOutput@base@UModSys@@@tl@UModSys@@2USUniquePointer@core@3@A@@YAXXZ 000000018001e12c f    CIL library: CIL module
 0001:0001d138       ??__F?s_id@?$TObjectUniqueID@UIConsoleHelperInput@base@UModSys@@@tl@UModSys@@2USUniquePointer@core@3@A@@YAXXZ 000000018001e138 f    CIL library: CIL module
 0001:0001d144       ??__F?s_id@?$TObjectUniqueID@UIConsoleHelperHistory@base@UModSys@@@tl@UModSys@@2USUniquePointer@core@3@A@@YAXXZ 000000018001e144 f    CIL library: CIL module
 0001:0001d150       ??__F?s_id@?$TObjectUniqueID@UIConsoleHelper@base@UModSys@@@tl@UModSys@@2USUniquePointer@core@3@A@@YAXXZ 000000018001e150 f    CIL library: CIL module
 0001:0001d15c       ??__F?s_id@?$TObjectUniqueID@UIConsoleExt@base@UModSys@@@tl@UModSys@@2USUniquePointer@core@3@A@@YAXXZ 000000018001e15c f    CIL library: CIL module
 0001:0001d168       ??__F?s_id@?$TObjectUniqueID@UISerializeWriter@libmedia@UModSys@@@tl@UModSys@@2USUniquePointer@core@3@A@@YAXXZ 000000018001e168 f    CIL library: CIL module
 0001:0001d174       ??__F?s_id@?$TObjectUniqueID@UISerializeReader@libmedia@UModSys@@@tl@UModSys@@2USUniquePointer@core@3@A@@YAXXZ 000000018001e174 f    CIL library: CIL module
 0001:0001d180       ??__F?s_id@?$TObjectUniqueID@UIClient@IBinArchiveFrame@libmedia@UModSys@@@tl@UModSys@@2USUniquePointer@core@3@A@@YAXXZ 000000018001e180 f    CIL library: CIL module
 0001:0001d18c       ??__F?s_id@?$TObjectUniqueID@UIBinArchiveFrame@libmedia@UModSys@@@tl@UModSys@@2USUniquePointer@core@3@A@@YAXXZ 000000018001e18c f    CIL library: CIL module
 0001:0001d198       ??__F?s_id@?$TObjectUniqueID@UILibraryLayered@libmedia@UModSys@@@tl@UModSys@@2USUniquePointer@core@3@A@@YAXXZ 000000018001e198 f    CIL library: CIL module
 0001:0001d1a4       ??__F?s_id@?$TObjectUniqueID@UILibraryObjCache@libmedia@UModSys@@@tl@UModSys@@2USUniquePointer@core@3@A@@YAXXZ 000000018001e1a4 f    CIL library: CIL module
 0001:0001d1b0       ??__F?s_id@?$TObjectUniqueID@UILibraryObjFilter@libmedia@UModSys@@@tl@UModSys@@2USUniquePointer@core@3@A@@YAXXZ 000000018001e1b0 f    CIL library: CIL module
 0001:0001d1bc       ??__F?s_id@?$TObjectUniqueID@UILibraryBinCache@libmedia@UModSys@@@tl@UModSys@@2USUniquePointer@core@3@A@@YAXXZ 000000018001e1bc f    CIL library: CIL module
 0001:0001d1c8       ??__F?s_id@?$TObjectUniqueID@UILibraryBinTree@libmedia@UModSys@@@tl@UModSys@@2USUniquePointer@core@3@A@@YAXXZ 000000018001e1c8 f    CIL library: CIL module
 0001:0001d1d4       ??__F?s_id@?$TObjectUniqueID@UILibrary@libmedia@UModSys@@@tl@UModSys@@2USUniquePointer@core@3@A@@YAXXZ 000000018001e1d4 f    CIL library: CIL module
 0001:0001d1e0       ??__F?s_id@?$TObjectUniqueID@UIBinObjFilter@libmedia@UModSys@@@tl@UModSys@@2USUniquePointer@core@3@A@@YAXXZ 000000018001e1e0 f    CIL library: CIL module
 0001:0001d1ec       ??__F?s_id@?$TObjectUniqueID@UIBinArchive@libmedia@UModSys@@@tl@UModSys@@2USUniquePointer@core@3@A@@YAXXZ 000000018001e1ec f    CIL library: CIL module
 0001:0001d1f8       ??__F?s_id@?$TObjectUniqueID@UILibObject@libmedia@UModSys@@@tl@UModSys@@2USUniquePointer@core@3@A@@YAXXZ 000000018001e1f8 f    CIL library: CIL module
 0001:0001d204       ??__F?s_id@?$TObjectUniqueID@UIUtilities@libmedia@UModSys@@@tl@UModSys@@2USUniquePointer@core@3@A@@YAXXZ 000000018001e204 f    CIL library: CIL module
 0001:0001d210       ??__F?s_id@?$TObjectUniqueID@UIStreamWriter@libmedia@UModSys@@@tl@UModSys@@2USUniquePointer@core@3@A@@YAXXZ 000000018001e210 f    CIL library: CIL module
 0001:0001d21c       ??__F?s_id@?$TObjectUniqueID@UIStreamReader@libmedia@UModSys@@@tl@UModSys@@2USUniquePointer@core@3@A@@YAXXZ 000000018001e21c f    CIL library: CIL module
 0001:0001d228       ??__F?s_id@?$TObjectUniqueID@UISystem@base@UModSys@@@tl@UModSys@@2USUniquePointer@core@3@A@@YAXXZ 000000018001e228 f    CIL library: CIL module
 0001:0001d234       ??__F?s_id@?$TObjectUniqueID@UIShell@base@UModSys@@@tl@UModSys@@2USUniquePointer@core@3@A@@YAXXZ 000000018001e234 f    CIL library: CIL module
 0001:0001d240       ??__F?s_id@?$TObjectUniqueID@UIGenerator@base@UModSys@@@tl@UModSys@@2USUniquePointer@core@3@A@@YAXXZ 000000018001e240 f    CIL library: CIL module
 0001:0001d24c       ??__F?s_id@?$TObjectUniqueID@UIModObject@base@UModSys@@@tl@UModSys@@2USUniquePointer@core@3@A@@YAXXZ 000000018001e24c f    CIL library: CIL module
 0001:0001d258       ??__F?s_id@?$TObjectUniqueID@UIModuleLibrary@base@UModSys@@@tl@UModSys@@2USUniquePointer@core@3@A@@YAXXZ 000000018001e258 f    CIL library: CIL module
 0001:0001d264       ??__F?s_id@?$TObjectUniqueID@UIModule@base@UModSys@@@tl@UModSys@@2USUniquePointer@core@3@A@@YAXXZ 000000018001e264 f    CIL library: CIL module
 0001:0001d270       ??__F?s_id@?$TObjectUniqueID@UIConsole@base@UModSys@@@tl@UModSys@@2USUniquePointer@core@3@A@@YAXXZ 000000018001e270 f    CIL library: CIL module
 0001:0001d27c       ??__F?s_id@?$TObjectUniqueID@UIParameters@core@UModSys@@@tl@UModSys@@2USUniquePointer@core@3@A@@YAXXZ 000000018001e27c f    CIL library: CIL module
 0001:0001d288       ??__F?s_id@?$TObjectUniqueID@UIRefObject@core@UModSys@@@tl@UModSys@@2USUniquePointer@core@3@A@@YAXXZ 000000018001e288 f    CIL library: CIL module
 0001:0001d294       ??__F?s_id@?$TObjectUniqueID@UIRoot@core@UModSys@@@tl@UModSys@@2USUniquePointer@core@3@A@@YAXXZ 000000018001e294 f    CIL library: CIL module
 0001:0001d2a0       ??__Fs_dbg@stdlib@lib2d@modules@UModSys@@YAXXZ 000000018001e2a0 f    CIL library: CIL module
 0001:0001d2c4       ??__F?s_modreg@RModuleReg@stdlib@lib2d@modules@UModSys@@2U12345@A@@YAXXZ 000000018001e2c4 f    CIL library: CIL module
 0001:0001d2d4       ??__F?s_modreg_chain@RModuleReg@stdlib@lib2d@modules@UModSys@@2USModuleRegChain@base@5@A@@YAXXZ 000000018001e2d4 f    CIL library: CIL module
 0001:0001d2e0       ??__F?s_uid@RGenerator@stdlib@lib2d@modules@UModSys@@2USUniquePointer@core@5@A@@YAXXZ 000000018001e2e0 f    CIL library: CIL module
 0001:0001d2ec       ??__Fh@?1??s_holder@RGenerator@stdlib@lib2d@modules@UModSys@@SAAEAU?$TTypeStaticHolder@URGenerator@stdlib@lib2d@modules@UModSys@@@tl@5@XZ@YAXXZ 000000018001e2ec f    CIL library: CIL module
 0001:0001d314       ??__F?s_id@?$TObjectUniqueID@URGenerator@stdlib@lib2d@modules@UModSys@@@tl@UModSys@@2USUniquePointer@core@3@A@@YAXXZ 000000018001e314 f    CIL library: CIL module
 0001:0001d320       ??__F?s_id@?$TObjectUniqueID@URMultiImage@stdlib@lib2d@modules@UModSys@@@tl@UModSys@@2USUniquePointer@core@3@A@@YAXXZ 000000018001e320 f    CIL library: CIL module
 0001:0001d32c       ??__F?s_id@?$TObjectUniqueID@URImageFactory_Memory@stdlib@lib2d@modules@UModSys@@@tl@UModSys@@2USUniquePointer@core@3@A@@YAXXZ 000000018001e32c f    CIL library: CIL module
 0001:0001d338       ??__F?s_id@?$TObjectUniqueID@URImage_Memory@stdlib@lib2d@modules@UModSys@@@tl@UModSys@@2USUniquePointer@core@3@A@@YAXXZ 000000018001e338 f    CIL library: CIL module
 0001:0001d344       ??__Fs_dbg@SDL_GL@ui@modules@UModSys@@YAXXZ 000000018001e344 f    CIL library: CIL module
 0001:0001d368       ??__F?s_modreg@RModuleReg@SDL_GL@ui@modules@UModSys@@2U12345@A@@YAXXZ 000000018001e368 f    CIL library: CIL module
 0001:0001d378       ??__F?s_modreg_chain@RModuleReg@SDL_GL@ui@modules@UModSys@@2USModuleRegChain@base@5@A@@YAXXZ 000000018001e378 f    CIL library: CIL module
 0001:0001d384       ??__F?s_uid@RGenerator@SDL_GL@ui@modules@UModSys@@2USUniquePointer@core@5@A@@YAXXZ 000000018001e384 f    CIL library: CIL module
 0001:0001d390       ??__Fh@?1??s_holder@RGenerator@SDL_GL@ui@modules@UModSys@@SAAEAU?$TTypeStaticHolder@URGenerator@SDL_GL@ui@modules@UModSys@@@tl@5@XZ@YAXXZ 000000018001e390 f    CIL library: CIL module
 0001:0001d3b8       ??__F?s_id@?$TObjectUniqueID@URGenerator@SDL_GL@ui@modules@UModSys@@@tl@UModSys@@2USUniquePointer@core@3@A@@YAXXZ 000000018001e3b8 f    CIL library: CIL module
 0001:0001d3c4       ??__F?s_id@?$TObjectUniqueID@URTerminalX@SDL_GL@ui@modules@UModSys@@@tl@UModSys@@2USUniquePointer@core@3@A@@YAXXZ 000000018001e3c4 f    CIL library: CIL module
 0001:0001d3d0       ??__F?s_id@?$TObjectUniqueID@URRenderDriver3D@SDL_GL@ui@modules@UModSys@@@tl@UModSys@@2USUniquePointer@core@3@A@@YAXXZ 000000018001e3d0 f    CIL library: CIL module
 0001:0001d3dc       ??__F?s_id@?$TObjectUniqueID@URTerminal@SDL_GL@ui@modules@UModSys@@@tl@UModSys@@2USUniquePointer@core@3@A@@YAXXZ 000000018001e3dc f    CIL library: CIL module
 0001:0001d3e8       ??__F?s_id@?$TObjectUniqueID@URMouseController@SDL_GL@ui@modules@UModSys@@@tl@UModSys@@2USUniquePointer@core@3@A@@YAXXZ 000000018001e3e8 f    CIL library: CIL module
 0001:0001d3f4       ??__F?s_id@?$TObjectUniqueID@URKeyboardController@SDL_GL@ui@modules@UModSys@@@tl@UModSys@@2USUniquePointer@core@3@A@@YAXXZ 000000018001e3f4 f    CIL library: CIL module
 0001:0001d400       ??__F?s_id@?$TObjectUniqueID@UIRenderDriver@lib3d@UModSys@@@tl@UModSys@@2USUniquePointer@core@3@A@@YAXXZ 000000018001e400 f    CIL library: CIL module
 0001:0001d40c       ??__F?s_id@?$TObjectUniqueID@UITextureCells@lib3d@UModSys@@@tl@UModSys@@2USUniquePointer@core@3@A@@YAXXZ 000000018001e40c f    CIL library: CIL module
 0001:0001d418       ??__F?s_id@?$TObjectUniqueID@UITexture@lib3d@UModSys@@@tl@UModSys@@2USUniquePointer@core@3@A@@YAXXZ 000000018001e418 f    CIL library: CIL module
 0001:0001d424       ??__F?s_id@?$TObjectUniqueID@UIRenderer@lib3d@UModSys@@@tl@UModSys@@2USUniquePointer@core@3@A@@YAXXZ 000000018001e424 f    CIL library: CIL module
 0001:0001d430       ??__F?s_id@?$TObjectUniqueID@UISharedLibrary@lib3d@UModSys@@@tl@UModSys@@2USUniquePointer@core@3@A@@YAXXZ 000000018001e430 f    CIL library: CIL module
 0001:0001d43c       ??__Fs_dbg@SDL_core@ui@modules@UModSys@@YAXXZ 000000018001e43c f    CIL library: CIL module
 0001:0001d460       ??__F?s_modreg@RModuleReg@SDL_core@ui@modules@UModSys@@2U12345@A@@YAXXZ 000000018001e460 f    CIL library: CIL module
 0001:0001d470       ??__F?s_modreg_chain@RModuleReg@SDL_core@ui@modules@UModSys@@2USModuleRegChain@base@5@A@@YAXXZ 000000018001e470 f    CIL library: CIL module
 0001:0001d47c       ??__F?s_uid@RGenerator@SDL_core@ui@modules@UModSys@@2USUniquePointer@core@5@A@@YAXXZ 000000018001e47c f    CIL library: CIL module
 0001:0001d488       ??__Fh@?1??s_holder@RGenerator@SDL_core@ui@modules@UModSys@@SAAEAU?$TTypeStaticHolder@URGenerator@SDL_core@ui@modules@UModSys@@@tl@5@XZ@YAXXZ 000000018001e488 f    CIL library: CIL module
 0001:0001d4b0       ??__F?s_id@?$TObjectUniqueID@URGenerator@SDL_core@ui@modules@UModSys@@@tl@UModSys@@2USUniquePointer@core@3@A@@YAXXZ 000000018001e4b0 f    CIL library: CIL module
 0001:0001d4bc       ??__F?s_id@?$TObjectUniqueID@URTerminalX@SDL_core@ui@modules@UModSys@@@tl@UModSys@@2USUniquePointer@core@3@A@@YAXXZ 000000018001e4bc f    CIL library: CIL module
 0001:0001d4c8       ??__F?s_id@?$TObjectUniqueID@URRenderDriver2D@SDL_core@ui@modules@UModSys@@@tl@UModSys@@2USUniquePointer@core@3@A@@YAXXZ 000000018001e4c8 f    CIL library: CIL module
 0001:0001d4d4       ??__F?s_id@?$TObjectUniqueID@URMultiImage2D_SDL_ttf@SDL_core@ui@modules@UModSys@@@tl@UModSys@@2USUniquePointer@core@3@A@@YAXXZ 000000018001e4d4 f    CIL library: CIL module
 0001:0001d4e0       ??__F?s_id@?$TObjectUniqueID@URTerminal@SDL_core@ui@modules@UModSys@@@tl@UModSys@@2USUniquePointer@core@3@A@@YAXXZ 000000018001e4e0 f    CIL library: CIL module
 0001:0001d4ec       ??__F?s_id@?$TObjectUniqueID@URMouseController@SDL_core@ui@modules@UModSys@@@tl@UModSys@@2USUniquePointer@core@3@A@@YAXXZ 000000018001e4ec f    CIL library: CIL module
 0001:0001d4f8       ??__F?s_id@?$TObjectUniqueID@URKeyboardController@SDL_core@ui@modules@UModSys@@@tl@UModSys@@2USUniquePointer@core@3@A@@YAXXZ 000000018001e4f8 f    CIL library: CIL module
 0001:0001d504       ??__Fs_dbg@frames@ui@modules@UModSys@@YAXXZ 000000018001e504 f    CIL library: CIL module
 0001:0001d528       ??__F?s_modreg@RModuleReg@frames@ui@modules@UModSys@@2U12345@A@@YAXXZ 000000018001e528 f    CIL library: CIL module
 0001:0001d538       ??__F?s_modreg_chain@RModuleReg@frames@ui@modules@UModSys@@2USModuleRegChain@base@5@A@@YAXXZ 000000018001e538 f    CIL library: CIL module
 0001:0001d544       ??__F?s_uid@RGenerator@frames@ui@modules@UModSys@@2USUniquePointer@core@5@A@@YAXXZ 000000018001e544 f    CIL library: CIL module
 0001:0001d550       ??__Fh@?1??s_holder@RGenerator@frames@ui@modules@UModSys@@SAAEAU?$TTypeStaticHolder@URGenerator@frames@ui@modules@UModSys@@@tl@5@XZ@YAXXZ 000000018001e550 f    CIL library: CIL module
 0001:0001d578       ??__F?s_id@?$TObjectUniqueID@URGenerator@frames@ui@modules@UModSys@@@tl@UModSys@@2USUniquePointer@core@3@A@@YAXXZ 000000018001e578 f    CIL library: CIL module
 0001:0001d584       ??__F?s_id@?$TObjectUniqueID@URCollector@frames@ui@modules@UModSys@@@tl@UModSys@@2USUniquePointer@core@3@A@@YAXXZ 000000018001e584 f    CIL library: CIL module
 0001:0001d590       ??__F?s_id@?$TObjectUniqueID@URFrame_List@frames@ui@modules@UModSys@@@tl@UModSys@@2USUniquePointer@core@3@A@@YAXXZ 000000018001e590 f    CIL library: CIL module
 0001:0001d59c       ??__F?s_id@?$TObjectUniqueID@URFrame_Edit@frames@ui@modules@UModSys@@@tl@UModSys@@2USUniquePointer@core@3@A@@YAXXZ 000000018001e59c f    CIL library: CIL module
 0001:0001d5a8       ??__F?s_id@?$TObjectUniqueID@URFrame_Button@frames@ui@modules@UModSys@@@tl@UModSys@@2USUniquePointer@core@3@A@@YAXXZ 000000018001e5a8 f    CIL library: CIL module
 0001:0001d5b4       ??__F?s_id@?$TObjectUniqueID@URFrame_Text@frames@ui@modules@UModSys@@@tl@UModSys@@2USUniquePointer@core@3@A@@YAXXZ 000000018001e5b4 f    CIL library: CIL module
 0001:0001d5c0       ??__F?s_id@?$TObjectUniqueID@URFrame_Image@frames@ui@modules@UModSys@@@tl@UModSys@@2USUniquePointer@core@3@A@@YAXXZ 000000018001e5c0 f    CIL library: CIL module
 0001:0001d5cc       ??__F?s_id@?$TObjectUniqueID@URFrame_Frame@frames@ui@modules@UModSys@@@tl@UModSys@@2USUniquePointer@core@3@A@@YAXXZ 000000018001e5cc f    CIL library: CIL module
 0001:0001d5d8       ??__F?s_id@?$TObjectUniqueID@URDialog@frames@ui@modules@UModSys@@@tl@UModSys@@2USUniquePointer@core@3@A@@YAXXZ 000000018001e5d8 f    CIL library: CIL module
 0001:0001d5e4       ??__F?s_id@?$TObjectUniqueID@URFrame_Common@frames@ui@modules@UModSys@@@tl@UModSys@@2USUniquePointer@core@3@A@@YAXXZ 000000018001e5e4 f    CIL library: CIL module
 0001:0001d5f0       ??__Fs_dbg@images_std@media@modules@UModSys@@YAXXZ 000000018001e5f0 f    CIL library: CIL module
 0001:0001d614       ??__F?s_modreg@RModuleReg@images_std@media@modules@UModSys@@2U12345@A@@YAXXZ 000000018001e614 f    CIL library: CIL module
 0001:0001d624       ??__F?s_modreg_chain@RModuleReg@images_std@media@modules@UModSys@@2USModuleRegChain@base@5@A@@YAXXZ 000000018001e624 f    CIL library: CIL module
 0001:0001d630       ??__F?s_uid@RGenerator@images_std@media@modules@UModSys@@2USUniquePointer@core@5@A@@YAXXZ 000000018001e630 f    CIL library: CIL module
 0001:0001d63c       ??__Fh@?1??s_holder@RGenerator@images_std@media@modules@UModSys@@SAAEAU?$TTypeStaticHolder@URGenerator@images_std@media@modules@UModSys@@@tl@5@XZ@YAXXZ 000000018001e63c f    CIL library: CIL module
 0001:0001d664       ??__F?s_id@?$TObjectUniqueID@URGenerator@images_std@media@modules@UModSys@@@tl@UModSys@@2USUniquePointer@core@3@A@@YAXXZ 000000018001e664 f    CIL library: CIL module
 0001:0001d670       ??__F?s_id@?$TObjectUniqueID@URMediaFilter@images_std@media@modules@UModSys@@@tl@UModSys@@2USUniquePointer@core@3@A@@YAXXZ 000000018001e670 f    CIL library: CIL module
 0001:0001d67c       ??__Fs_dbg@serialize_json@media@modules@UModSys@@YAXXZ 000000018001e67c f    CIL library: CIL module
 0001:0001d6a0       ??__F?s_modreg@RModuleReg@serialize_json@media@modules@UModSys@@2U12345@A@@YAXXZ 000000018001e6a0 f    CIL library: CIL module
 0001:0001d6b0       ??__F?s_modreg_chain@RModuleReg@serialize_json@media@modules@UModSys@@2USModuleRegChain@base@5@A@@YAXXZ 000000018001e6b0 f    CIL library: CIL module
 0001:0001d6bc       ??__F?s_uid@RGenerator@serialize_json@media@modules@UModSys@@2USUniquePointer@core@5@A@@YAXXZ 000000018001e6bc f    CIL library: CIL module
 0001:0001d6c8       ??__Fh@?1??s_holder@RGenerator@serialize_json@media@modules@UModSys@@SAAEAU?$TTypeStaticHolder@URGenerator@serialize_json@media@modules@UModSys@@@tl@5@XZ@YAXXZ 000000018001e6c8 f    CIL library: CIL module
 0001:0001d6f0       ??__F?s_id@?$TObjectUniqueID@URGenerator@serialize_json@media@modules@UModSys@@@tl@UModSys@@2USUniquePointer@core@3@A@@YAXXZ 000000018001e6f0 f    CIL library: CIL module
 0001:0001d6fc       ??__F?s_id@?$TObjectUniqueID@URSerializeWriter@serialize_json@media@modules@UModSys@@@tl@UModSys@@2USUniquePointer@core@3@A@@YAXXZ 000000018001e6fc f    CIL library: CIL module
 0001:0001d708       ??__F?s_id@?$TObjectUniqueID@URSerializeReader@serialize_json@media@modules@UModSys@@@tl@UModSys@@2USUniquePointer@core@3@A@@YAXXZ 000000018001e708 f    CIL library: CIL module
 0001:0001d714       ??__Fs_dbg@zlib@media@modules@UModSys@@YAXXZ 000000018001e714 f    CIL library: CIL module
 0001:0001d738       ??__F?s_modreg@RModuleReg@zlib@media@modules@UModSys@@2U12345@A@@YAXXZ 000000018001e738 f    CIL library: CIL module
 0001:0001d748       ??__F?s_modreg_chain@RModuleReg@zlib@media@modules@UModSys@@2USModuleRegChain@base@5@A@@YAXXZ 000000018001e748 f    CIL library: CIL module
 0001:0001d754       ??__F?s_uid@RGenerator@zlib@media@modules@UModSys@@2USUniquePointer@core@5@A@@YAXXZ 000000018001e754 f    CIL library: CIL module
 0001:0001d760       ??__Fh@?1??s_holder@RGenerator@zlib@media@modules@UModSys@@SAAEAU?$TTypeStaticHolder@URGenerator@zlib@media@modules@UModSys@@@tl@5@XZ@YAXXZ 000000018001e760 f    CIL library: CIL module
 0001:0001d788       ??__F?s_id@?$TObjectUniqueID@URGenerator@zlib@media@modules@UModSys@@@tl@UModSys@@2USUniquePointer@core@3@A@@YAXXZ 000000018001e788 f    CIL library: CIL module
 0001:0001d794       ??__F?s_id@?$TObjectUniqueID@URBinArchiveFrameClient_ZIP@zlib@media@modules@UModSys@@@tl@UModSys@@2USUniquePointer@core@3@A@@YAXXZ 000000018001e794 f    CIL library: CIL module
 0001:0001d7a0       ??__FM@UModSys@@YAXXZ      000000018001e7a0 f    CIL library: CIL module
 0001:0001d7a4       ??__F?root@SModuleRegChain@base@UModSys@@2U123@A@@YAXXZ 000000018001e7a4 f    CIL library: CIL module
 0001:0001d7b0       ??__F?s_library@RModuleLibraryReg_Chain@base@UModSys@@2U123@A@@YAXXZ 000000018001e7b0 f    CIL library: CIL module
 0001:0001d7c0       ??__F?root@SUniquePointer@core@UModSys@@2U123@A@@YAXXZ 000000018001e7c0 f    CIL library: CIL module

 Exports

  ordinal    name

        1    UModSys_Plugin_Entry2
