 plugin_test1

 Timestamp is 52b2f60c (Thu Dec 19 16:35:08 2013)

 Preferred load address is 0000000180000000

 Start         Length     Name                   Class
 0001:00000000 00019c30H .text                   CODE
 0001:00019c30 0000005eH .text$00                CODE
 0001:00019c90 0000165cH .text$x                 CODE
 0001:0001b2ec 0000146cH .text$yc                CODE
 0001:0001c758 000005e0H .text$yd                CODE
 0002:00000000 00000398H .idata$5                DATA
 0002:00000398 00000008H .CRT$XCA                DATA
 0002:000003a0 00001190H .CRT$XCU                DATA
 0002:00001530 00000008H .CRT$XCZ                DATA
 0002:00001538 00000008H .CRT$XIA                DATA
 0002:00001540 00000008H .CRT$XIAA               DATA
 0002:00001548 00000008H .CRT$XIZ                DATA
 0002:00001550 00004638H .rdata                  DATA
 0002:00005b90 000028f4H .rdata$r                DATA
 0002:00008488 00000008H .rtc$IAA                DATA
 0002:00008490 00000008H .rtc$IZZ                DATA
 0002:00008498 00000008H .rtc$TAA                DATA
 0002:000084a0 00000008H .rtc$TZZ                DATA
 0002:000084a8 00002ad8H .xdata                  DATA
 0002:0000af80 00000078H .idata$2                DATA
 0002:0000aff8 00000014H .idata$3                DATA
 0002:0000b010 00000398H .idata$4                DATA
 0002:0000b3a8 00000808H .idata$6                DATA
 0002:0000bbb0 00000059H .edata                  DATA
 0003:00000000 00001370H .data                   DATA
 0003:00001370 00001d60H .bss                    DATA
 0004:00000000 00001efcH .pdata                  DATA

  Address         Publics by Value              Rva+Base               Lib:Object

 0000:00000000       ___safe_se_handler_table   0000000000000000     <absolute>
 0000:00000000       ___safe_se_handler_count   0000000000000000     <absolute>
 0000:00000000       __ImageBase                0000000180000000     <linker-defined>
 0001:00000000       ??1State@RImage_Memory@stdlib@lib2d@modules@UModSys@@QEAA@XZ 0000000180001000 f i umodsys_lib_lib2d:umodsys.mod.2d.stdlib.obj
 0001:00000000       ??1SCMemShared@core@UModSys@@QEAA@XZ 0000000180001000 f i plugin_test1.obj
 0001:00000000       ??1SMemShared@core@UModSys@@QEAA@XZ 0000000180001000 f i plugin_test1.obj
 0001:00000030       ??6SUniquePtrList@core@UModSys@@QEAAAEAU012@PEBUSUniquePointerInfo@12@@Z 0000000180001030 f i plugin_test1.obj
 0001:000000e8       ??3IRoot@core@UModSys@@SAXPEAXAEBUSIMemAlloc@12@@Z 00000001800010e8 f i plugin_test1.obj
 0001:00000114       ??1?$TParametersA@$0EAA@@core@UModSys@@QEAA@XZ 0000000180001114 f i plugin_test1.obj
 0001:00000114       ??1SParameters@core@UModSys@@QEAA@XZ 0000000180001114 f i plugin_test1.obj
 0001:00000114       ??1?$TParametersA@$0BAA@@core@UModSys@@QEAA@XZ 0000000180001114 f i umodsys_lib_libui:umodsys.mod.ui.SDL_core.obj
 0001:00000130       ??4SFileInfo@libmedia@UModSys@@QEAAAEBU012@AEBU012@@Z 0000000180001130 f i plugin_test1.obj
 0001:000001e8       ?mount_add@ILibraryBinTree@libmedia@UModSys@@QEAA_NAEBU?$TString@U?$TSCoreConst@D@su@tl@UModSys@@U?$TComparerBinaryHash@D@234@@tl@3@PEAUIBinArchive@23@H@Z 00000001800011e8 f i plugin_test1.obj
 0001:00000280       ?mount_add@ILibraryBinTree@libmedia@UModSys@@QEAA_NAEBU?$TString@U?$TSCoreConst@D@su@tl@UModSys@@U?$TComparerBinaryHash@D@234@@tl@3@HPEAUIBinArchive@23@H@Z 0000000180001280 f i plugin_test1.obj
 0001:00000328       ?layer_push@ILibraryLayered@libmedia@UModSys@@QEAA_NPEAUILibrary@23@HAEBU?$TString@U?$TSCoreConst@D@su@tl@UModSys@@U?$TComparerBinaryHash@D@234@@tl@3@@Z 0000000180001328 f i plugin_test1.obj
 0001:000003b8       ??1SLayer@ILibraryLayered@libmedia@UModSys@@QEAA@XZ 00000001800013b8 f i plugin_test1.obj
 0001:000003b8       ??1SPoint@ILibraryBinTree@libmedia@UModSys@@QEAA@XZ 00000001800013b8 f i plugin_test1.obj
 0001:000003dc       ??1IBinObjFilter@libmedia@UModSys@@UEAA@XZ 00000001800013dc f i plugin_test1.obj
 0001:00000418       ?root_get_interface_info@RTest1_Shell@test1@test@modules@UModSys@@UEBAAEBUSUniquePointerInfo@core@5@XZ 0000000180001418 f i plugin_test1.obj
 0001:00000420       ?root_get_interface_type@RTest1_Shell@test1@test@modules@UModSys@@UEBAPEBUSUniquePointerInfo@core@5@XZ 0000000180001420 f i plugin_test1.obj
 0001:00000428       ?root_get_other_interface@RTest1_Shell@test1@test@modules@UModSys@@UEAAPEAUIRoot@core@5@PEBUSUniquePointerInfo@75@@Z 0000000180001428 f i plugin_test1.obj
 0001:00000428       ?root_get_other_interface@RTest1_Shell@test1@test@modules@UModSys@@UEBAPEBUIRoot@core@5@PEBUSUniquePointerInfo@75@@Z 0000000180001428 f i plugin_test1.obj
 0001:00000458       ?root_is_interface_supported@RTest1_Shell@test1@test@modules@UModSys@@UEBA_NPEBUSUniquePointerInfo@core@5@@Z 0000000180001458 f i plugin_test1.obj
 0001:00000488       ?ref_add@RTest1_Shell@test1@test@modules@UModSys@@UEBAXXZ 0000000180001488 f i plugin_test1.obj
 0001:0000048c       ?ref_remove@RTest1_Shell@test1@test@modules@UModSys@@UEBAXXZ 000000018000148c f i plugin_test1.obj
 0001:000004a4       ?ref_links@RTest1_Shell@test1@test@modules@UModSys@@UEBAHXZ 00000001800014a4 f i plugin_test1.obj
 0001:000004a8       ?ref_weak@RTest1_Shell@test1@test@modules@UModSys@@UEBA_NAEAUWeakPointer@IRefObject@core@5@@Z 00000001800014a8 f i plugin_test1.obj
 0001:000004c8       ?suicide@RTest1_Shell@test1@test@modules@UModSys@@UEAAXXZ 00000001800014c8 f i plugin_test1.obj
 0001:00000514       ??0RTest1_Shell@test1@test@modules@UModSys@@QEAA@PEAUIModObject@base@4@@Z 0000000180001514 f i plugin_test1.obj
 0001:0000064c       ?connect@RTest1_Shell@test1@test@modules@UModSys@@UEAA_NXZ 000000018000164c f i plugin_test1.obj
 0001:00000670       ?disconnect@RTest1_Shell@test1@test@modules@UModSys@@UEAA_NXZ 0000000180001670 f i plugin_test1.obj
 0001:00000694       ?process_tick@RTest1_Shell@test1@test@modules@UModSys@@UEAA_NAEBUSTimeMsec@core@5@@Z 0000000180001694 f i plugin_test1.obj
 0001:000006cc       ?process_command@RTest1_Shell@test1@test@modules@UModSys@@UEAA_NHQEBU?$TString@U?$TSCoreConst@D@su@tl@UModSys@@U?$TComparerBinaryHash@D@234@@tl@5@@Z 00000001800016cc f i plugin_test1.obj
 0001:000006f0       ??_GRTest1_Shell@test1@test@modules@UModSys@@UEAAPEAXI@Z 00000001800016f0 f i plugin_test1.obj
 0001:000006f0       ??_ERTest1_Shell@test1@test@modules@UModSys@@UEAAPEAXI@Z 00000001800016f0 f i  CIL library: CIL module
 0001:000007b4       ?new_mem_image@RTest1_Shell@test1@test@modules@UModSys@@QEAA?AU?$TRefObject@UIImage@lib2d@UModSys@@U?$TRefObjectFunc@UIImage@lib2d@UModSys@@@tl@3@@tl@5@XZ 00000001800017b4 f   plugin_test1.obj
 0001:00000890       ?media_arch_stdio@RTest1_Shell@test1@test@modules@UModSys@@QEAA?AU?$TRefObject@UIBinArchive@libmedia@UModSys@@U?$TRefObjectFunc@UIBinArchive@libmedia@UModSys@@@tl@3@@tl@5@AEBU?$TString@U?$TSCoreConst@D@su@tl@UModSys@@U?$TComparerBinaryHash@D@234@@75@@Z 0000000180001890 f   plugin_test1.obj
 0001:00000994       ?media_arch_zip@RTest1_Shell@test1@test@modules@UModSys@@QEAA?AU?$TRefObject@UIBinArchive@libmedia@UModSys@@U?$TRefObjectFunc@UIBinArchive@libmedia@UModSys@@@tl@3@@tl@5@PEAUILibrary@libmedia@5@PEAUIUtilities@95@AEBU?$TString@U?$TSCoreConst@D@su@tl@UModSys@@U?$TComparerBinaryHash@D@234@@75@_N@Z 0000000180001994 f   plugin_test1.obj
 0001:00000c3c       ?media_filter_new@RTest1_Shell@test1@test@modules@UModSys@@QEAA?AU?$TRefObject@UIBinObjFilter@libmedia@UModSys@@U?$TRefObjectFunc@UIBinObjFilter@libmedia@UModSys@@@tl@3@@tl@5@AEBU?$TString@U?$TSCoreConst@D@su@tl@UModSys@@U?$TComparerBinaryHash@D@234@@75@AEBUSParameters@core@5@@Z 0000000180001c3c f   plugin_test1.obj
 0001:00000d18       ?media_utils@RTest1_Shell@test1@test@modules@UModSys@@QEAA?AU?$TRefObject@UIUtilities@libmedia@UModSys@@U?$TRefObjectFunc@UIUtilities@libmedia@UModSys@@@tl@3@@tl@5@XZ 0000000180001d18 f   plugin_test1.obj
 0001:00000df4       ?media_vfs@RTest1_Shell@test1@test@modules@UModSys@@QEAA?AU?$TRefObject@UILibraryBinTree@libmedia@UModSys@@U?$TRefObjectFunc@UILibraryBinTree@libmedia@UModSys@@@tl@3@@tl@5@XZ 0000000180001df4 f   plugin_test1.obj
 0001:00000ed0       ?media_flt@RTest1_Shell@test1@test@modules@UModSys@@QEAA?AU?$TRefObject@UILibraryObjFilter@libmedia@UModSys@@U?$TRefObjectFunc@UILibraryObjFilter@libmedia@UModSys@@@tl@3@@tl@5@XZ 0000000180001ed0 f   plugin_test1.obj
 0001:00000fac       ?media_lay@RTest1_Shell@test1@test@modules@UModSys@@QEAA?AU?$TRefObject@UILibraryLayered@libmedia@UModSys@@U?$TRefObjectFunc@UILibraryLayered@libmedia@UModSys@@@tl@3@@tl@5@XZ 0000000180001fac f   plugin_test1.obj
 0001:00001088       ?media_cache@RTest1_Shell@test1@test@modules@UModSys@@QEAA?AU?$TRefObject@UILibrary@libmedia@UModSys@@U?$TRefObjectFunc@UILibrary@libmedia@UModSys@@@tl@3@@tl@5@_N@Z 0000000180002088 f   plugin_test1.obj
 0001:0000122c       ?file_test7@RTest1_Shell@test1@test@modules@UModSys@@QEAAXXZ 000000018000222c f   plugin_test1.obj
 0001:00001958       ?key_pressed@RTest1_Shell@test1@test@modules@UModSys@@UEAA_NAEBUSKeyboardInputRaw@libui@5@@Z 0000000180002958 f   plugin_test1.obj
 0001:000019b8       ?key_text@RTest1_Shell@test1@test@modules@UModSys@@UEAA_NAEBUSKeyboardInputText@libui@5@@Z 00000001800029b8 f   plugin_test1.obj
 0001:00001a00       ?mouse_event@RTest1_Shell@test1@test@modules@UModSys@@UEAA_NAEBUSMouseInput@libui@5@@Z 0000000180002a00 f   plugin_test1.obj
 0001:00001aa4       ?command@RTest1_Shell@test1@test@modules@UModSys@@UEAA_NAEBUSController@libui@5@HAEBUSFrameDataIn@75@@Z 0000000180002aa4 f   plugin_test1.obj
 0001:00001af4       ?db_get@RTest1_Shell@test1@test@modules@UModSys@@UEAA_NAEBUSController@libui@5@QEBDAEBUSFrameDataOut@75@@Z 0000000180002af4 f   plugin_test1.obj
 0001:00001b58       ?db_get@RTest1_Shell@test1@test@modules@UModSys@@UEAA_NAEBUSController@libui@5@QEBDHAEBUSFrameDataOut@75@@Z 0000000180002b58 f   plugin_test1.obj
 0001:00001bc4       ?get_generated_names@RGenerator@test1@test@modules@UModSys@@UEBAHAEAUSUniquePtrList@core@5@@Z 0000000180002bc4 f i plugin_test1.obj
 0001:00001be4       ?get_generated_types@RGenerator@test1@test@modules@UModSys@@UEBAHAEAUSUniquePtrList@core@5@PEBUSUniquePointerInfo@75@@Z 0000000180002be4 f i plugin_test1.obj
 0001:00001c40       ?generate@RGenerator@test1@test@modules@UModSys@@UEAA_NAEAU?$TRefObject@UIRefObject@core@UModSys@@U?$TRefObjectFunc@UIRefObject@core@UModSys@@@tl@3@@tl@5@PEBUSUniquePointerInfo@core@5@AEBUSParameters@95@@Z 0000000180002c40 f i plugin_test1.obj
 0001:00001d04       ?root_get_interface_info@RGenerator@test1@test@modules@UModSys@@UEBAAEBUSUniquePointerInfo@core@5@XZ 0000000180002d04 f i plugin_test1.obj
 0001:00001d0c       ?root_get_interface_type@RGenerator@test1@test@modules@UModSys@@UEBAPEBUSUniquePointerInfo@core@5@XZ 0000000180002d0c f i plugin_test1.obj
 0001:00001d14       ?root_get_other_interface@RGenerator@test1@test@modules@UModSys@@UEAAPEAUIRoot@core@5@PEBUSUniquePointerInfo@75@@Z 0000000180002d14 f i plugin_test1.obj
 0001:00001d14       ?root_get_other_interface@RGenerator@test1@test@modules@UModSys@@UEBAPEBUIRoot@core@5@PEBUSUniquePointerInfo@75@@Z 0000000180002d14 f i plugin_test1.obj
 0001:00001d4c       ?root_is_interface_supported@RGenerator@test1@test@modules@UModSys@@UEBA_NPEBUSUniquePointerInfo@core@5@@Z 0000000180002d4c f i plugin_test1.obj
 0001:00001d84       ?get_uid@RGenerator@test1@test@modules@UModSys@@UEBAPEBUSUniquePointerInfo@core@5@XZ 0000000180002d84 f i plugin_test1.obj
 0001:00001d8c       ?do_open@RModuleReg@test1@test@modules@UModSys@@UEAA_NXZ 0000000180002d8c f i plugin_test1.obj
 0001:00001e18       ?do_close@RModuleReg@test1@test@modules@UModSys@@UEAA_NXZ 0000000180002e18 f i plugin_test1.obj
 0001:00001e80       ??_ERModuleReg@stdlib@lib2d@modules@UModSys@@UEAAPEAXI@Z 0000000180002e80 f i  CIL library: CIL module
 0001:00001e80       ??_EIModuleReg@base@UModSys@@UEAAPEAXI@Z 0000000180002e80 f i  CIL library: CIL module
 0001:00001e80       ??_GRModuleReg@frames@ui@modules@UModSys@@UEAAPEAXI@Z 0000000180002e80 f i umodsys_lib_libui:umodsys.mod.ui.frames.obj
 0001:00001e80       ??_GRModuleReg@stdlib@lib2d@modules@UModSys@@UEAAPEAXI@Z 0000000180002e80 f i umodsys_lib_lib2d:umodsys.mod.2d.stdlib.obj
 0001:00001e80       ??_GIModuleReg@base@UModSys@@UEAAPEAXI@Z 0000000180002e80 f i umodsys_lib_base:umodsys.base.modulereg.obj
 0001:00001e80       ??_GRModuleReg@SDL_core@ui@modules@UModSys@@UEAAPEAXI@Z 0000000180002e80 f i umodsys_lib_libui:umodsys.mod.ui.SDL_core.obj
 0001:00001e80       ??_ERModuleReg@SDL_core@ui@modules@UModSys@@UEAAPEAXI@Z 0000000180002e80 f i  CIL library: CIL module
 0001:00001e80       ??_GRModuleReg@test1@test@modules@UModSys@@UEAAPEAXI@Z 0000000180002e80 f i plugin_test1.obj
 0001:00001e80       ??_ERModuleReg@serialize_json@media@modules@UModSys@@UEAAPEAXI@Z 0000000180002e80 f i  CIL library: CIL module
 0001:00001e80       ??_GRModuleReg@images_std@media@modules@UModSys@@UEAAPEAXI@Z 0000000180002e80 f i umodsys_lib_libmedia:umodsys.mod.media.images_std.obj
 0001:00001e80       ??_ERModuleReg@images_std@media@modules@UModSys@@UEAAPEAXI@Z 0000000180002e80 f i  CIL library: CIL module
 0001:00001e80       ??_GRModuleReg@serialize_json@media@modules@UModSys@@UEAAPEAXI@Z 0000000180002e80 f i umodsys_lib_libmedia:umodsys.mod.media.serialize_json.obj
 0001:00001e80       ??_ERModuleReg@test1@test@modules@UModSys@@UEAAPEAXI@Z 0000000180002e80 f i  CIL library: CIL module
 0001:00001e80       ??_ERModuleReg@frames@ui@modules@UModSys@@UEAAPEAXI@Z 0000000180002e80 f i  CIL library: CIL module
 0001:00001e80       ??_ERModuleReg@zlib@media@modules@UModSys@@UEAAPEAXI@Z 0000000180002e80 f i  CIL library: CIL module
 0001:00001e80       ??_GRModuleReg@zlib@media@modules@UModSys@@UEAAPEAXI@Z 0000000180002e80 f i umodsys_lib_libmedia:umodsys.mod.media.zlib.obj
 0001:00001ea8       ?get_module@RGenerator@test1@test@modules@UModSys@@UEBAPEAUIModule@base@5@XZ 0000000180002ea8 f   plugin_test1.obj
 0001:00001eb0       ?mod_inc@RGenerator@test1@test@modules@UModSys@@UEBA_NXZ 0000000180002eb0 f   plugin_test1.obj
 0001:00001ec0       ?mod_dec@RGenerator@test1@test@modules@UModSys@@UEBA_NXZ 0000000180002ec0 f   plugin_test1.obj
 0001:00001ed4       ?s_holder@RGenerator@test1@test@modules@UModSys@@SAAEAU?$TTypeStaticHolder@URGenerator@test1@test@modules@UModSys@@@tl@5@XZ 0000000180002ed4 f   plugin_test1.obj
 0001:00001f18       ??0?$TString@U?$TSCoreConst@D@su@tl@UModSys@@U?$TComparerBinaryHash@D@234@@tl@UModSys@@QEAA@PEBD@Z 0000000180002f18 f i plugin_test1.obj
 0001:00001f98       ??4?$TString@U?$TSCoreConst@D@su@tl@UModSys@@U?$TComparerBinaryHash@D@234@@tl@UModSys@@QEAAAEBU012@PEBD@Z 0000000180002f98 f i plugin_test1.obj
 0001:00002010       ??1?$TRefObject@UILibrary@libmedia@UModSys@@U?$TRefObjectFunc@UILibrary@libmedia@UModSys@@@tl@3@@tl@UModSys@@QEAA@XZ 0000000180003010 f i plugin_test1.obj
 0001:00002010       ??1?$TRefObject@UIImage@lib2d@UModSys@@U?$TRefObjectFunc@UIImage@lib2d@UModSys@@@tl@3@@tl@UModSys@@QEAA@XZ 0000000180003010 f i plugin_test1.obj
 0001:00002010       ??1?$TRefObject@UILibraryBinTree@libmedia@UModSys@@U?$TRefObjectFunc@UILibraryBinTree@libmedia@UModSys@@@tl@3@@tl@UModSys@@QEAA@XZ 0000000180003010 f i plugin_test1.obj
 0001:00002010       ??1?$TRefObject@URKeyboardController@SDL_core@ui@modules@UModSys@@U?$TRefObjectFunc@URKeyboardController@SDL_core@ui@modules@UModSys@@@tl@5@@tl@UModSys@@QEAA@XZ 0000000180003010 f i umodsys_lib_libui:umodsys.mod.ui.SDL_core.obj
 0001:00002010       ??1?$TRefObject@URMouseController@SDL_core@ui@modules@UModSys@@U?$TRefObjectFunc@URMouseController@SDL_core@ui@modules@UModSys@@@tl@5@@tl@UModSys@@QEAA@XZ 0000000180003010 f i umodsys_lib_libui:umodsys.mod.ui.SDL_core.obj
 0001:00002010       ??1?$TRefObject@URSerializeReader@serialize_json@media@modules@UModSys@@U?$TRefObjectFunc@URSerializeReader@serialize_json@media@modules@UModSys@@@tl@5@@tl@UModSys@@QEAA@XZ 0000000180003010 f i umodsys_lib_libmedia:umodsys.mod.media.serialize_json.obj
 0001:00002010       ??1?$TRefObject@UIStreamReader@libmedia@UModSys@@U?$TRefObjectFunc@UIStreamReader@libmedia@UModSys@@@tl@3@@tl@UModSys@@QEAA@XZ 0000000180003010 f i plugin_test1.obj
 0001:00002010       ??1?$TRefObject@URImage_Memory@stdlib@lib2d@modules@UModSys@@U?$TRefObjectFunc@URImage_Memory@stdlib@lib2d@modules@UModSys@@@tl@5@@tl@UModSys@@QEAA@XZ 0000000180003010 f i umodsys_lib_lib2d:umodsys.mod.2d.stdlib.obj
 0001:00002010       ??1?$TRefObject@UITerminal@libui@UModSys@@U?$TRefObjectFunc@UITerminal@libui@UModSys@@@tl@3@@tl@UModSys@@QEAA@XZ 0000000180003010 f i plugin_test1.obj
 0001:00002010       ??1?$TRefObject@URMediaFilter@images_std@media@modules@UModSys@@U?$TRefObjectFunc@URMediaFilter@images_std@media@modules@UModSys@@@tl@5@@tl@UModSys@@QEAA@XZ 0000000180003010 f i umodsys_lib_libmedia:umodsys.mod.media.images_std.obj
 0001:00002010       ??1?$TRefObject@URDialog@frames@ui@modules@UModSys@@U?$TRefObjectFunc@URDialog@frames@ui@modules@UModSys@@@tl@5@@tl@UModSys@@QEAA@XZ 0000000180003010 f i umodsys_lib_libui:umodsys.mod.ui.frames.obj
 0001:00002010       ??1?$TRefObject@UIBinArchive@libmedia@UModSys@@U?$TRefObjectFunc@UIBinArchive@libmedia@UModSys@@@tl@3@@tl@UModSys@@QEAA@XZ 0000000180003010 f i plugin_test1.obj
 0001:00002010       ??1?$TRefObject@URSerializeWriter@serialize_json@media@modules@UModSys@@U?$TRefObjectFunc@URSerializeWriter@serialize_json@media@modules@UModSys@@@tl@5@@tl@UModSys@@QEAA@XZ 0000000180003010 f i umodsys_lib_libmedia:umodsys.mod.media.serialize_json.obj
 0001:00002010       ??1?$TRefObject@URTerminal@SDL_core@ui@modules@UModSys@@U?$TRefObjectFunc@URTerminal@SDL_core@ui@modules@UModSys@@@tl@5@@tl@UModSys@@QEAA@XZ 0000000180003010 f i umodsys_lib_libui:umodsys.mod.ui.SDL_core.obj
 0001:00002010       ??1?$TRefObject@UILibraryLayered@libmedia@UModSys@@U?$TRefObjectFunc@UILibraryLayered@libmedia@UModSys@@@tl@3@@tl@UModSys@@QEAA@XZ 0000000180003010 f i plugin_test1.obj
 0001:00002010       ??1?$TRefObject@URMultiImage2D_SDL_ttf@SDL_core@ui@modules@UModSys@@U?$TRefObjectFunc@URMultiImage2D_SDL_ttf@SDL_core@ui@modules@UModSys@@@tl@5@@tl@UModSys@@QEAA@XZ 0000000180003010 f i umodsys_lib_libui:umodsys.mod.ui.SDL_core.obj
 0001:00002010       ??1?$TRefObject@UIRenderDriver@lib2d@UModSys@@U?$TRefObjectFunc@UIRenderDriver@lib2d@UModSys@@@tl@3@@tl@UModSys@@QEAA@XZ 0000000180003010 f i plugin_test1.obj
 0001:00002010       ??1?$TRefObject@UIBinObjFilter@libmedia@UModSys@@U?$TRefObjectFunc@UIBinObjFilter@libmedia@UModSys@@@tl@3@@tl@UModSys@@QEAA@XZ 0000000180003010 f i plugin_test1.obj
 0001:00002010       ??1?$TRefObject@UILibraryBinCache@libmedia@UModSys@@U?$TRefObjectFunc@UILibraryBinCache@libmedia@UModSys@@@tl@3@@tl@UModSys@@QEAA@XZ 0000000180003010 f i plugin_test1.obj
 0001:00002010       ??1?$TRefObject@URFrame_Common@frames@ui@modules@UModSys@@U?$TRefObjectFunc@URFrame_Common@frames@ui@modules@UModSys@@@tl@5@@tl@UModSys@@QEAA@XZ 0000000180003010 f i umodsys_lib_libui:umodsys.mod.ui.frames.obj
 0001:00002010       ??1?$TRefObject@UIFrame@libui@UModSys@@U?$TRefObjectFunc@UIFrame@libui@UModSys@@@tl@3@@tl@UModSys@@QEAA@XZ 0000000180003010 f i umodsys_lib_libui:umodsys.mod.ui.frames.obj
 0001:00002010       ??1?$TRefObject@UILibraryObjFilter@libmedia@UModSys@@U?$TRefObjectFunc@UILibraryObjFilter@libmedia@UModSys@@@tl@3@@tl@UModSys@@QEAA@XZ 0000000180003010 f i plugin_test1.obj
 0001:00002010       ??1?$TRefObject@UIClient@IBinArchiveFrame@libmedia@UModSys@@U?$TRefObjectFunc@UIClient@IBinArchiveFrame@libmedia@UModSys@@@tl@4@@tl@UModSys@@QEAA@XZ 0000000180003010 f i plugin_test1.obj
 0001:00002010       ??1?$TRefObject@UIRefObject@core@UModSys@@U?$TRefObjectFunc@UIRefObject@core@UModSys@@@tl@3@@tl@UModSys@@QEAA@XZ 0000000180003010 f i plugin_test1.obj
 0001:00002010       ??1?$TRefObject@UIMouseController@libui@UModSys@@U?$TRefObjectFunc@UIMouseController@libui@UModSys@@@tl@3@@tl@UModSys@@QEAA@XZ 0000000180003010 f i plugin_test1.obj
 0001:00002010       ??1?$TRefObject@URBinArchiveFrameClient_ZIP@zlib@media@modules@UModSys@@U?$TRefObjectFunc@URBinArchiveFrameClient_ZIP@zlib@media@modules@UModSys@@@tl@5@@tl@UModSys@@QEAA@XZ 0000000180003010 f i umodsys_lib_libmedia:umodsys.mod.media.zlib.obj
 0001:00002010       ??1?$TRefObject@URCollector@frames@ui@modules@UModSys@@U?$TRefObjectFunc@URCollector@frames@ui@modules@UModSys@@@tl@5@@tl@UModSys@@QEAA@XZ 0000000180003010 f i umodsys_lib_libui:umodsys.mod.ui.frames.obj
 0001:00002010       ??1?$TRefObject@URRenderDriver2D@SDL_core@ui@modules@UModSys@@U?$TRefObjectFunc@URRenderDriver2D@SDL_core@ui@modules@UModSys@@@tl@5@@tl@UModSys@@QEAA@XZ 0000000180003010 f i umodsys_lib_libui:umodsys.mod.ui.SDL_core.obj
 0001:00002010       ??1?$TRefObject@UIStreamWriter@libmedia@UModSys@@U?$TRefObjectFunc@UIStreamWriter@libmedia@UModSys@@@tl@3@@tl@UModSys@@QEAA@XZ 0000000180003010 f i plugin_test1.obj
 0001:00002010       ??1?$TRefObject@UILibraryObjCache@libmedia@UModSys@@U?$TRefObjectFunc@UILibraryObjCache@libmedia@UModSys@@@tl@3@@tl@UModSys@@QEAA@XZ 0000000180003010 f i plugin_test1.obj
 0001:00002010       ??1?$TRefObject@UIMultiImage@lib2d@UModSys@@U?$TRefObjectFunc@UIMultiImage@lib2d@UModSys@@@tl@3@@tl@UModSys@@QEAA@XZ 0000000180003010 f i plugin_test1.obj
 0001:00002010       ??1?$TRefObject@UIUtilities@libmedia@UModSys@@U?$TRefObjectFunc@UIUtilities@libmedia@UModSys@@@tl@3@@tl@UModSys@@QEAA@XZ 0000000180003010 f i plugin_test1.obj
 0001:00002010       ??1?$TRefObject@UIBinArchiveFrame@libmedia@UModSys@@U?$TRefObjectFunc@UIBinArchiveFrame@libmedia@UModSys@@@tl@3@@tl@UModSys@@QEAA@XZ 0000000180003010 f i plugin_test1.obj
 0001:00002010       ??1?$TRefObject@UIKeyboardController@libui@UModSys@@U?$TRefObjectFunc@UIKeyboardController@libui@UModSys@@@tl@3@@tl@UModSys@@QEAA@XZ 0000000180003010 f i plugin_test1.obj
 0001:00002034       ??1?$TDynarrayDynamic@USFileInfo@libmedia@UModSys@@U?$TAllocator@USIMemAlloc@core@UModSys@@USCountCalcPower2@23@@tl@3@@tl@UModSys@@QEAA@XZ 0000000180003034 f i plugin_test1.obj
 0001:0000209c       ??1?$TRStackSocket@USFileInfo@libmedia@UModSys@@U?$TDynarrayDynamic@USFileInfo@libmedia@UModSys@@U?$TAllocator@USIMemAlloc@core@UModSys@@USCountCalcPower2@23@@tl@3@@tl@3@@tl@UModSys@@QEAA@XZ 000000018000309c f i plugin_test1.obj
 0001:000020a8       ?isempty@?$TRStackSocket@USFileInfo@libmedia@UModSys@@U?$TDynarrayDynamic@USFileInfo@libmedia@UModSys@@U?$TAllocator@USIMemAlloc@core@UModSys@@USCountCalcPower2@23@@tl@3@@tl@3@@tl@UModSys@@UEBA_NXZ 00000001800030a8 f i plugin_test1.obj
 0001:000020b8       ?push@?$TRStackSocket@USFileInfo@libmedia@UModSys@@U?$TDynarrayDynamic@USFileInfo@libmedia@UModSys@@U?$TAllocator@USIMemAlloc@core@UModSys@@USCountCalcPower2@23@@tl@3@@tl@3@@tl@UModSys@@UEAA_NAEBUSFileInfo@libmedia@3@@Z 00000001800030b8 f i plugin_test1.obj
 0001:0000222c       ?pop@?$TRStackSocket@USFileInfo@libmedia@UModSys@@U?$TDynarrayDynamic@USFileInfo@libmedia@UModSys@@U?$TAllocator@USIMemAlloc@core@UModSys@@USCountCalcPower2@23@@tl@3@@tl@3@@tl@UModSys@@UEAA_NAEAUSFileInfo@libmedia@3@@Z 000000018000322c f i plugin_test1.obj
 0001:000022bc       ??_GRGenerator@serialize_json@media@modules@UModSys@@UEAAPEAXI@Z 00000001800032bc f i umodsys_lib_libmedia:umodsys.mod.media.serialize_json.obj
 0001:000022bc       ??_EIRoot@core@UModSys@@UEAAPEAXI@Z 00000001800032bc f i  CIL library: CIL module
 0001:000022bc       ??_ERGenerator@frames@ui@modules@UModSys@@UEAAPEAXI@Z 00000001800032bc f i  CIL library: CIL module
 0001:000022bc       ??_GRGenerator@images_std@media@modules@UModSys@@UEAAPEAXI@Z 00000001800032bc f i umodsys_lib_libmedia:umodsys.mod.media.images_std.obj
 0001:000022bc       ??_ERGenerator@stdlib@lib2d@modules@UModSys@@UEAAPEAXI@Z 00000001800032bc f i  CIL library: CIL module
 0001:000022bc       ??_GRBinArchiveFrameClient_ZIP@zlib@media@modules@UModSys@@UEAAPEAXI@Z 00000001800032bc f i umodsys_lib_libmedia:umodsys.mod.media.zlib.obj
 0001:000022bc       ??_GRGenerator@zlib@media@modules@UModSys@@UEAAPEAXI@Z 00000001800032bc f i umodsys_lib_libmedia:umodsys.mod.media.zlib.obj
 0001:000022bc       ??_ERGenerator@test1@test@modules@UModSys@@UEAAPEAXI@Z 00000001800032bc f i  CIL library: CIL module
 0001:000022bc       ??_GRGenerator@stdlib@lib2d@modules@UModSys@@UEAAPEAXI@Z 00000001800032bc f i umodsys_lib_lib2d:umodsys.mod.2d.stdlib.obj
 0001:000022bc       ??_ERGenerator@serialize_json@media@modules@UModSys@@UEAAPEAXI@Z 00000001800032bc f i  CIL library: CIL module
 0001:000022bc       ??_GIRoot@core@UModSys@@UEAAPEAXI@Z 00000001800032bc f i plugin_test1.obj
 0001:000022bc       ??_ERGenerator@images_std@media@modules@UModSys@@UEAAPEAXI@Z 00000001800032bc f i  CIL library: CIL module
 0001:000022bc       ??_GRGenerator@test1@test@modules@UModSys@@UEAAPEAXI@Z 00000001800032bc f i plugin_test1.obj
 0001:000022bc       ??_ERGenerator@SDL_core@ui@modules@UModSys@@UEAAPEAXI@Z 00000001800032bc f i  CIL library: CIL module
 0001:000022bc       ??_ERGenerator@zlib@media@modules@UModSys@@UEAAPEAXI@Z 00000001800032bc f i  CIL library: CIL module
 0001:000022bc       ??_GRGenerator@SDL_core@ui@modules@UModSys@@UEAAPEAXI@Z 00000001800032bc f i umodsys_lib_libui:umodsys.mod.ui.SDL_core.obj
 0001:000022bc       ??_GRGenerator@frames@ui@modules@UModSys@@UEAAPEAXI@Z 00000001800032bc f i umodsys_lib_libui:umodsys.mod.ui.frames.obj
 0001:000022bc       ??_ERBinArchiveFrameClient_ZIP@zlib@media@modules@UModSys@@UEAAPEAXI@Z 00000001800032bc f i  CIL library: CIL module
 0001:000022e4       ?info_release@?$TSCoreShared@USIMemAlloc@core@UModSys@@D@su@tl@UModSys@@QEAAXXZ 00000001800032e4 f i plugin_test1.obj
 0001:000023b8       ?info_new@?$TSCoreShared@USIMemAlloc@core@UModSys@@D@su@tl@UModSys@@QEAA_NPEBD_K@Z 00000001800033b8 f i plugin_test1.obj
 0001:0000248c       ??$generate_type@UIImage@lib2d@UModSys@@@RTest1_Shell@test1@test@modules@UModSys@@QEAA?AU?$TRefObject@UIImage@lib2d@UModSys@@U?$TRefObjectFunc@UIImage@lib2d@UModSys@@@tl@3@@tl@4@AEBU?$TString@U?$TSCoreConst@D@su@tl@UModSys@@U?$TComparerBinaryHash@D@234@@64@AEBUSParameters@core@4@PEBD@Z 000000018000348c f i plugin_test1.obj
 0001:00002674       ??$generate_type@UIBinArchive@libmedia@UModSys@@@RTest1_Shell@test1@test@modules@UModSys@@QEAA?AU?$TRefObject@UIBinArchive@libmedia@UModSys@@U?$TRefObjectFunc@UIBinArchive@libmedia@UModSys@@@tl@3@@tl@4@AEBU?$TString@U?$TSCoreConst@D@su@tl@UModSys@@U?$TComparerBinaryHash@D@234@@64@AEBUSParameters@core@4@PEBD@Z 0000000180003674 f i plugin_test1.obj
 0001:00002860       ??$generate_type@UIClient@IBinArchiveFrame@libmedia@UModSys@@@RTest1_Shell@test1@test@modules@UModSys@@QEAA?AU?$TRefObject@UIClient@IBinArchiveFrame@libmedia@UModSys@@U?$TRefObjectFunc@UIClient@IBinArchiveFrame@libmedia@UModSys@@@tl@4@@tl@4@AEBU?$TString@U?$TSCoreConst@D@su@tl@UModSys@@U?$TComparerBinaryHash@D@234@@64@AEBUSParameters@core@4@PEBD@Z 0000000180003860 f i plugin_test1.obj
 0001:00002a48       ??$generate_type@UIBinArchiveFrame@libmedia@UModSys@@@RTest1_Shell@test1@test@modules@UModSys@@QEAA?AU?$TRefObject@UIBinArchiveFrame@libmedia@UModSys@@U?$TRefObjectFunc@UIBinArchiveFrame@libmedia@UModSys@@@tl@3@@tl@4@AEBU?$TString@U?$TSCoreConst@D@su@tl@UModSys@@U?$TComparerBinaryHash@D@234@@64@AEBUSParameters@core@4@PEBD@Z 0000000180003a48 f i plugin_test1.obj
 0001:00002c34       ??$generate_type@UIBinObjFilter@libmedia@UModSys@@@RTest1_Shell@test1@test@modules@UModSys@@QEAA?AU?$TRefObject@UIBinObjFilter@libmedia@UModSys@@U?$TRefObjectFunc@UIBinObjFilter@libmedia@UModSys@@@tl@3@@tl@4@AEBU?$TString@U?$TSCoreConst@D@su@tl@UModSys@@U?$TComparerBinaryHash@D@234@@64@AEBUSParameters@core@4@PEBD@Z 0000000180003c34 f i plugin_test1.obj
 0001:00002e1c       ??$generate_type@UIUtilities@libmedia@UModSys@@@RTest1_Shell@test1@test@modules@UModSys@@QEAA?AU?$TRefObject@UIUtilities@libmedia@UModSys@@U?$TRefObjectFunc@UIUtilities@libmedia@UModSys@@@tl@3@@tl@4@AEBU?$TString@U?$TSCoreConst@D@su@tl@UModSys@@U?$TComparerBinaryHash@D@234@@64@AEBUSParameters@core@4@PEBD@Z 0000000180003e1c f i plugin_test1.obj
 0001:00003004       ??$generate_type@UILibraryBinTree@libmedia@UModSys@@@RTest1_Shell@test1@test@modules@UModSys@@QEAA?AU?$TRefObject@UILibraryBinTree@libmedia@UModSys@@U?$TRefObjectFunc@UILibraryBinTree@libmedia@UModSys@@@tl@3@@tl@4@AEBU?$TString@U?$TSCoreConst@D@su@tl@UModSys@@U?$TComparerBinaryHash@D@234@@64@AEBUSParameters@core@4@PEBD@Z 0000000180004004 f i plugin_test1.obj
 0001:000031ec       ??$generate_type@UILibraryObjFilter@libmedia@UModSys@@@RTest1_Shell@test1@test@modules@UModSys@@QEAA?AU?$TRefObject@UILibraryObjFilter@libmedia@UModSys@@U?$TRefObjectFunc@UILibraryObjFilter@libmedia@UModSys@@@tl@3@@tl@4@AEBU?$TString@U?$TSCoreConst@D@su@tl@UModSys@@U?$TComparerBinaryHash@D@234@@64@AEBUSParameters@core@4@PEBD@Z 00000001800041ec f i plugin_test1.obj
 0001:000033d4       ??$generate_type@UILibraryLayered@libmedia@UModSys@@@RTest1_Shell@test1@test@modules@UModSys@@QEAA?AU?$TRefObject@UILibraryLayered@libmedia@UModSys@@U?$TRefObjectFunc@UILibraryLayered@libmedia@UModSys@@@tl@3@@tl@4@AEBU?$TString@U?$TSCoreConst@D@su@tl@UModSys@@U?$TComparerBinaryHash@D@234@@64@AEBUSParameters@core@4@PEBD@Z 00000001800043d4 f i plugin_test1.obj
 0001:000035bc       ??$generate_type@UILibraryObjCache@libmedia@UModSys@@@RTest1_Shell@test1@test@modules@UModSys@@QEAA?AU?$TRefObject@UILibraryObjCache@libmedia@UModSys@@U?$TRefObjectFunc@UILibraryObjCache@libmedia@UModSys@@@tl@3@@tl@4@AEBU?$TString@U?$TSCoreConst@D@su@tl@UModSys@@U?$TComparerBinaryHash@D@234@@64@AEBUSParameters@core@4@PEBD@Z 00000001800045bc f i plugin_test1.obj
 0001:000037a4       ??$generate_type@UILibraryBinCache@libmedia@UModSys@@@RTest1_Shell@test1@test@modules@UModSys@@QEAA?AU?$TRefObject@UILibraryBinCache@libmedia@UModSys@@U?$TRefObjectFunc@UILibraryBinCache@libmedia@UModSys@@@tl@3@@tl@4@AEBU?$TString@U?$TSCoreConst@D@su@tl@UModSys@@U?$TComparerBinaryHash@D@234@@64@AEBUSParameters@core@4@PEBD@Z 00000001800047a4 f i plugin_test1.obj
 0001:0000398c       ?ResizeRel@?$TDynarray@U?$TDynarrayHolderDynamic@USFileInfo@libmedia@UModSys@@U?$TAllocator@USIMemAlloc@core@UModSys@@USCountCalcPower2@23@@tl@3@@tl@UModSys@@@tl@UModSys@@QEAA_N_J@Z 000000018000498c f i plugin_test1.obj
 0001:00003a80       ?items_construct@?$TDynarray@U?$TDynarrayHolderDynamic@USFileInfo@libmedia@UModSys@@U?$TAllocator@USIMemAlloc@core@UModSys@@USCountCalcPower2@23@@tl@3@@tl@UModSys@@@tl@UModSys@@IEAAX_K0@Z 0000000180004a80 f i plugin_test1.obj
 0001:00003b7c       ??1?$TRefObject@UIModObject@base@UModSys@@U?$TModObjectFunc@UIModObject@base@UModSys@@@tl@3@@tl@UModSys@@QEAA@XZ 0000000180004b7c f i plugin_test1.obj
 0001:00003ba8       ?alloc@SMemShared@core@UModSys@@QEAA_N_KPEAUSSourceContext@23@@Z 0000000180004ba8 f i umodsys_lib_lib2d:umodsys.mod.2d.stdlib.obj
 0001:00003c2c       ?Convert@stdlib@lib2d@modules@UModSys@@YA_NAEBU?$TBoundBox2@H@math3d@4@AEBUSImageInfo@24@AEBUSMem@core@4@01AEBUSCMem@94@@Z 0000000180004c2c f i umodsys_lib_lib2d:umodsys.mod.2d.stdlib.obj
 0001:00003d80       ?root_get_interface_info@RImage_Memory@stdlib@lib2d@modules@UModSys@@UEBAAEBUSUniquePointerInfo@core@5@XZ 0000000180004d80 f i umodsys_lib_lib2d:umodsys.mod.2d.stdlib.obj
 0001:00003d88       ?root_get_interface_type@RImage_Memory@stdlib@lib2d@modules@UModSys@@UEBAPEBUSUniquePointerInfo@core@5@XZ 0000000180004d88 f i umodsys_lib_lib2d:umodsys.mod.2d.stdlib.obj
 0001:00003d90       ?root_get_other_interface@RImage_Memory@stdlib@lib2d@modules@UModSys@@UEBAPEBUIRoot@core@5@PEBUSUniquePointerInfo@75@@Z 0000000180004d90 f i umodsys_lib_lib2d:umodsys.mod.2d.stdlib.obj
 0001:00003d90       ?root_get_other_interface@RImage_Memory@stdlib@lib2d@modules@UModSys@@UEAAPEAUIRoot@core@5@PEBUSUniquePointerInfo@75@@Z 0000000180004d90 f i umodsys_lib_lib2d:umodsys.mod.2d.stdlib.obj
 0001:00003dc0       ?root_is_interface_supported@RImage_Memory@stdlib@lib2d@modules@UModSys@@UEBA_NPEBUSUniquePointerInfo@core@5@@Z 0000000180004dc0 f i umodsys_lib_lib2d:umodsys.mod.2d.stdlib.obj
 0001:00003df0       ?suicide@RSerializeReader@serialize_json@media@modules@UModSys@@UEAAXXZ 0000000180004df0 f i umodsys_lib_libmedia:umodsys.mod.media.serialize_json.obj
 0001:00003df0       ?suicide@RBinArchiveFrameClient_ZIP@zlib@media@modules@UModSys@@UEAAXXZ 0000000180004df0 f i umodsys_lib_libmedia:umodsys.mod.media.zlib.obj
 0001:00003df0       ?suicide@RTerminal@SDL_core@ui@modules@UModSys@@UEAAXXZ 0000000180004df0 f i umodsys_lib_libui:umodsys.mod.ui.SDL_core.obj
 0001:00003df0       ?suicide@RImage_Memory@stdlib@lib2d@modules@UModSys@@UEAAXXZ 0000000180004df0 f i umodsys_lib_lib2d:umodsys.mod.2d.stdlib.obj
 0001:00003e3c       ?set_info@RImage_Memory@stdlib@lib2d@modules@UModSys@@UEAA_NAEBUSImagePatchInfo@35@PEBD@Z 0000000180004e3c f i umodsys_lib_lib2d:umodsys.mod.2d.stdlib.obj
 0001:0000409c       ?set_data@RImage_Memory@stdlib@lib2d@modules@UModSys@@UEAA_NAEBUSImagePatchInfo@35@AEBUSCMem@core@5@H@Z 000000018000509c f i umodsys_lib_lib2d:umodsys.mod.2d.stdlib.obj
 0001:00004150       ?get_info@RImage_Memory@stdlib@lib2d@modules@UModSys@@UEBAAEBUSImageInfo@35@XZ 0000000180005150 f i umodsys_lib_lib2d:umodsys.mod.2d.stdlib.obj
 0001:00004158       ?get_data@RImage_Memory@stdlib@lib2d@modules@UModSys@@UEBA_NAEBUSImagePatchInfo@35@AEBUSMem@core@5@H@Z 0000000180005158 f i umodsys_lib_lib2d:umodsys.mod.2d.stdlib.obj
 0001:00004228       ??_ERImage_Memory@stdlib@lib2d@modules@UModSys@@UEAAPEAXI@Z 0000000180005228 f i  CIL library: CIL module
 0001:00004228       ??_GRImage_Memory@stdlib@lib2d@modules@UModSys@@UEAAPEAXI@Z 0000000180005228 f i umodsys_lib_lib2d:umodsys.mod.2d.stdlib.obj
 0001:0000428c       ?get_generated_names@RGenerator@stdlib@lib2d@modules@UModSys@@UEBAHAEAUSUniquePtrList@core@5@@Z 000000018000528c f i umodsys_lib_lib2d:umodsys.mod.2d.stdlib.obj
 0001:000042ac       ?get_generated_types@RGenerator@stdlib@lib2d@modules@UModSys@@UEBAHAEAUSUniquePtrList@core@5@PEBUSUniquePointerInfo@75@@Z 00000001800052ac f i umodsys_lib_lib2d:umodsys.mod.2d.stdlib.obj
 0001:00004304       ?generate@RGenerator@stdlib@lib2d@modules@UModSys@@UEAA_NAEAU?$TRefObject@UIRefObject@core@UModSys@@U?$TRefObjectFunc@UIRefObject@core@UModSys@@@tl@3@@tl@5@PEBUSUniquePointerInfo@core@5@AEBUSParameters@95@@Z 0000000180005304 f i umodsys_lib_lib2d:umodsys.mod.2d.stdlib.obj
 0001:00004448       ?root_get_interface_info@RGenerator@stdlib@lib2d@modules@UModSys@@UEBAAEBUSUniquePointerInfo@core@5@XZ 0000000180005448 f i umodsys_lib_lib2d:umodsys.mod.2d.stdlib.obj
 0001:00004450       ?root_get_interface_type@RGenerator@stdlib@lib2d@modules@UModSys@@UEBAPEBUSUniquePointerInfo@core@5@XZ 0000000180005450 f i umodsys_lib_lib2d:umodsys.mod.2d.stdlib.obj
 0001:00004458       ?root_get_other_interface@RGenerator@stdlib@lib2d@modules@UModSys@@UEAAPEAUIRoot@core@5@PEBUSUniquePointerInfo@75@@Z 0000000180005458 f i umodsys_lib_lib2d:umodsys.mod.2d.stdlib.obj
 0001:00004458       ?root_get_other_interface@RGenerator@stdlib@lib2d@modules@UModSys@@UEBAPEBUIRoot@core@5@PEBUSUniquePointerInfo@75@@Z 0000000180005458 f i umodsys_lib_lib2d:umodsys.mod.2d.stdlib.obj
 0001:00004490       ?root_is_interface_supported@RGenerator@stdlib@lib2d@modules@UModSys@@UEBA_NPEBUSUniquePointerInfo@core@5@@Z 0000000180005490 f i umodsys_lib_lib2d:umodsys.mod.2d.stdlib.obj
 0001:000044c8       ?ref_links@RGenerator@zlib@media@modules@UModSys@@UEBAHXZ 00000001800054c8 f i umodsys_lib_libmedia:umodsys.mod.media.zlib.obj
 0001:000044c8       ?ref_links@RTerminal@SDL_core@ui@modules@UModSys@@UEBAHXZ 00000001800054c8 f i umodsys_lib_libui:umodsys.mod.ui.SDL_core.obj
 0001:000044c8       ?ref_links@RGenerator@stdlib@lib2d@modules@UModSys@@UEBAHXZ 00000001800054c8 f i umodsys_lib_lib2d:umodsys.mod.2d.stdlib.obj
 0001:000044c8       ?ref_links@RGenerator@test1@test@modules@UModSys@@UEBAHXZ 00000001800054c8 f i plugin_test1.obj
 0001:000044c8       ?ref_links@RMultiImage2D_SDL_ttf@SDL_core@ui@modules@UModSys@@UEBAHXZ 00000001800054c8 f i umodsys_lib_libui:umodsys.mod.ui.SDL_core.obj
 0001:000044c8       ?ref_links@RSerializeReader@serialize_json@media@modules@UModSys@@UEBAHXZ 00000001800054c8 f i umodsys_lib_libmedia:umodsys.mod.media.serialize_json.obj
 0001:000044c8       ?ref_links@RDialog@frames@ui@modules@UModSys@@UEBAHXZ 00000001800054c8 f i umodsys_lib_libui:umodsys.mod.ui.frames.obj
 0001:000044c8       ?ref_links@RGenerator@SDL_core@ui@modules@UModSys@@UEBAHXZ 00000001800054c8 f i umodsys_lib_libui:umodsys.mod.ui.SDL_core.obj
 0001:000044c8       ?ref_links@RImage_Memory@stdlib@lib2d@modules@UModSys@@UEBAHXZ 00000001800054c8 f i umodsys_lib_lib2d:umodsys.mod.2d.stdlib.obj
 0001:000044c8       ?ref_links@RGenerator@frames@ui@modules@UModSys@@UEBAHXZ 00000001800054c8 f i umodsys_lib_libui:umodsys.mod.ui.frames.obj
 0001:000044c8       ?ref_links@RRenderDriver2D@SDL_core@ui@modules@UModSys@@UEBAHXZ 00000001800054c8 f i umodsys_lib_libui:umodsys.mod.ui.SDL_core.obj
 0001:000044c8       ?ref_links@RGenerator@serialize_json@media@modules@UModSys@@UEBAHXZ 00000001800054c8 f i umodsys_lib_libmedia:umodsys.mod.media.serialize_json.obj
 0001:000044c8       ?ref_links@RMouseController@SDL_core@ui@modules@UModSys@@UEBAHXZ 00000001800054c8 f i umodsys_lib_libui:umodsys.mod.ui.SDL_core.obj
 0001:000044c8       ?ref_links@RGenerator@images_std@media@modules@UModSys@@UEBAHXZ 00000001800054c8 f i umodsys_lib_libmedia:umodsys.mod.media.images_std.obj
 0001:000044c8       ?ref_links@RKeyboardController@SDL_core@ui@modules@UModSys@@UEBAHXZ 00000001800054c8 f i umodsys_lib_libui:umodsys.mod.ui.SDL_core.obj
 0001:000044c8       ?ref_links@RBinArchiveFrameClient_ZIP@zlib@media@modules@UModSys@@UEBAHXZ 00000001800054c8 f i umodsys_lib_libmedia:umodsys.mod.media.zlib.obj
 0001:000044cc       ?get_uid@RGenerator@stdlib@lib2d@modules@UModSys@@UEBAPEBUSUniquePointerInfo@core@5@XZ 00000001800054cc f i umodsys_lib_lib2d:umodsys.mod.2d.stdlib.obj
 0001:000044d4       ?do_open@RModuleReg@stdlib@lib2d@modules@UModSys@@UEAA_NXZ 00000001800054d4 f i umodsys_lib_lib2d:umodsys.mod.2d.stdlib.obj
 0001:00004548       ?do_close@RModuleReg@stdlib@lib2d@modules@UModSys@@UEAA_NXZ 0000000180005548 f i umodsys_lib_lib2d:umodsys.mod.2d.stdlib.obj
 0001:00004598       ?get_module@RGenerator@stdlib@lib2d@modules@UModSys@@UEBAPEAUIModule@base@5@XZ 0000000180005598 f   umodsys_lib_lib2d:umodsys.mod.2d.stdlib.obj
 0001:000045a0       ?mod_inc@RGenerator@stdlib@lib2d@modules@UModSys@@UEBA_NXZ 00000001800055a0 f   umodsys_lib_lib2d:umodsys.mod.2d.stdlib.obj
 0001:000045b0       ?mod_dec@RGenerator@stdlib@lib2d@modules@UModSys@@UEBA_NXZ 00000001800055b0 f   umodsys_lib_lib2d:umodsys.mod.2d.stdlib.obj
 0001:000045c4       ?s_holder@RGenerator@stdlib@lib2d@modules@UModSys@@SAAEAU?$TTypeStaticHolder@URGenerator@stdlib@lib2d@modules@UModSys@@@tl@5@XZ 00000001800055c4 f   umodsys_lib_lib2d:umodsys.mod.2d.stdlib.obj
 0001:00004608       ?root_get_interface_info@RMultiImage2D_SDL_ttf@SDL_core@ui@modules@UModSys@@UEBAAEBUSUniquePointerInfo@core@5@XZ 0000000180005608 f i umodsys_lib_libui:umodsys.mod.ui.SDL_core.obj
 0001:00004610       ?root_get_interface_type@RMultiImage2D_SDL_ttf@SDL_core@ui@modules@UModSys@@UEBAPEBUSUniquePointerInfo@core@5@XZ 0000000180005610 f i umodsys_lib_libui:umodsys.mod.ui.SDL_core.obj
 0001:00004618       ?root_get_other_interface@RMultiImage2D_SDL_ttf@SDL_core@ui@modules@UModSys@@UEAAPEAUIRoot@core@5@PEBUSUniquePointerInfo@75@@Z 0000000180005618 f i umodsys_lib_libui:umodsys.mod.ui.SDL_core.obj
 0001:00004618       ?root_get_other_interface@RMultiImage2D_SDL_ttf@SDL_core@ui@modules@UModSys@@UEBAPEBUIRoot@core@5@PEBUSUniquePointerInfo@75@@Z 0000000180005618 f i umodsys_lib_libui:umodsys.mod.ui.SDL_core.obj
 0001:00004648       ?root_is_interface_supported@RMultiImage2D_SDL_ttf@SDL_core@ui@modules@UModSys@@UEBA_NPEBUSUniquePointerInfo@core@5@@Z 0000000180005648 f i umodsys_lib_libui:umodsys.mod.ui.SDL_core.obj
 0001:00004678       ?suicide@RDialog@frames@ui@modules@UModSys@@UEAAXXZ 0000000180005678 f i umodsys_lib_libui:umodsys.mod.ui.frames.obj
 0001:00004678       ?suicide@RMultiImage2D_SDL_ttf@SDL_core@ui@modules@UModSys@@UEAAXXZ 0000000180005678 f i umodsys_lib_libui:umodsys.mod.ui.SDL_core.obj
 0001:00004678       ?suicide@RKeyboardController@SDL_core@ui@modules@UModSys@@UEAAXXZ 0000000180005678 f i umodsys_lib_libui:umodsys.mod.ui.SDL_core.obj
 0001:00004678       ?suicide@RMouseController@SDL_core@ui@modules@UModSys@@UEAAXXZ 0000000180005678 f i umodsys_lib_libui:umodsys.mod.ui.SDL_core.obj
 0001:00004678       ?suicide@RRenderDriver2D@SDL_core@ui@modules@UModSys@@UEAAXXZ 0000000180005678 f i umodsys_lib_libui:umodsys.mod.ui.SDL_core.obj
 0001:000046bc       ??0RMultiImage2D_SDL_ttf@SDL_core@ui@modules@UModSys@@QEAA@PEAURRenderDriver2D@1234@AEBUSParameters@core@4@@Z 00000001800056bc f i umodsys_lib_libui:umodsys.mod.ui.SDL_core.obj
 0001:00004800       ?generate_glyphs@RMultiImage2D_SDL_ttf@SDL_core@ui@modules@UModSys@@QEAA_NXZ 0000000180005800 f i umodsys_lib_libui:umodsys.mod.ui.SDL_core.obj
 0001:000049dc       ?get_max_cell_size@RMultiImage2D_SDL_ttf@SDL_core@ui@modules@UModSys@@UEAA_NAEAU?$TVector2@H@math3d@5@@Z 00000001800059dc f i umodsys_lib_libui:umodsys.mod.ui.SDL_core.obj
 0001:000049dc       ?isfull@?$TRStackSocket@USFileInfo@libmedia@UModSys@@U?$TDynarrayDynamic@USFileInfo@libmedia@UModSys@@U?$TAllocator@USIMemAlloc@core@UModSys@@USCountCalcPower2@23@@tl@3@@tl@3@@tl@UModSys@@UEBA_NXZ 00000001800059dc f i plugin_test1.obj
 0001:000049dc       ?set_hint@RMultiImage2D_SDL_ttf@SDL_core@ui@modules@UModSys@@UEAA_NPEBD0@Z 00000001800059dc f i umodsys_lib_libui:umodsys.mod.ui.SDL_core.obj
 0001:000049dc       ?output_attach_3d@RCollector@frames@ui@modules@UModSys@@UEAA_NPEAUIRenderDriver@lib3d@5@H@Z 00000001800059dc f i umodsys_lib_libui:umodsys.mod.ui.frames.obj
 0001:000049dc       ?key_reset@RKeyboardController@SDL_core@ui@modules@UModSys@@UEAA_NXZ 00000001800059dc f i umodsys_lib_libui:umodsys.mod.ui.SDL_core.obj
 0001:000049dc       ?mouse_setvisible@RMouseController@SDL_core@ui@modules@UModSys@@UEAA_N_N@Z 00000001800059dc f i umodsys_lib_libui:umodsys.mod.ui.SDL_core.obj
 0001:000049dc       ?mouse_event@RFrame_Common@frames@ui@modules@UModSys@@MEAA_NPEBUSMouseInput@libui@5@@Z 00000001800059dc f i umodsys_lib_libui:umodsys.mod.ui.frames.obj
 0001:000049dc       ?get_minsize@RCollector@frames@ui@modules@UModSys@@UEAA_NAEAU?$TVector2@H@math3d@5@@Z 00000001800059dc f i umodsys_lib_libui:umodsys.mod.ui.frames.obj
 0001:000049dc       ?get_maxbox@RCollector@frames@ui@modules@UModSys@@UEAA_NAEAU?$TBoundBox2@H@math3d@5@@Z 00000001800059dc f i umodsys_lib_libui:umodsys.mod.ui.frames.obj
 0001:000049dc       ?mouse_reset@RMouseController@SDL_core@ui@modules@UModSys@@UEAA_NXZ 00000001800059dc f i umodsys_lib_libui:umodsys.mod.ui.SDL_core.obj
 0001:000049dc       ?set_insize@RFrame_Common@frames@ui@modules@UModSys@@UEAA_NAEBU?$TVector2@H@math3d@5@@Z 00000001800059dc f i umodsys_lib_libui:umodsys.mod.ui.frames.obj
 0001:000049dc       ?command_draw@RTest1_Shell@test1@test@modules@UModSys@@UEAA_NAEBUSController@libui@5@PEAUIRenderDriver@lib2d@5@AEBU?$TBoundBox2@H@math3d@5@@Z 00000001800059dc f i plugin_test1.obj
 0001:000049dc       ?arc_deinit@RBinArchiveFrameClient_ZIP@zlib@media@modules@UModSys@@UEAA_NPEAUIBinArchiveFrame@libmedia@5@@Z 00000001800059dc f i umodsys_lib_libmedia:umodsys.mod.media.zlib.obj
 0001:000049dc       ?key_event@RFrame_Common@frames@ui@modules@UModSys@@MEAA_NAEBUSKeyboardInputText@libui@5@@Z 00000001800059dc f i umodsys_lib_libui:umodsys.mod.ui.frames.obj
 0001:000049dc       ?filter_load@RMediaFilter@images_std@media@modules@UModSys@@UEAA_NAEBUSInfo@IBinObjFilter@libmedia@5@AEAU?$TRefObject@UIRefObject@core@UModSys@@U?$TRefObjectFunc@UIRefObject@core@UModSys@@@tl@3@@tl@5@@Z 00000001800059dc f i umodsys_lib_libmedia:umodsys.mod.media.images_std.obj
 0001:000049dc       ?set_layer_count@RMultiImage2D_SDL_ttf@SDL_core@ui@modules@UModSys@@UEAA_NH@Z 00000001800059dc f i umodsys_lib_libui:umodsys.mod.ui.SDL_core.obj
 0001:000049dc       ?key_event@RFrame_Common@frames@ui@modules@UModSys@@MEAA_NAEBUSKeyboardInputRaw@libui@5@@Z 00000001800059dc f i umodsys_lib_libui:umodsys.mod.ui.frames.obj
 0001:000049dc       ?set_fixed_cell@RMultiImage2D_SDL_ttf@SDL_core@ui@modules@UModSys@@UEAA_NHH@Z 00000001800059dc f i umodsys_lib_libui:umodsys.mod.ui.SDL_core.obj
 0001:000049dc       ?frame_remove@RCollector@frames@ui@modules@UModSys@@UEAA_NPEAUIFrame@libui@5@@Z 00000001800059dc f i umodsys_lib_libui:umodsys.mod.ui.frames.obj
 0001:000049dc       ?mouse_setposition@RMouseController@SDL_core@ui@modules@UModSys@@UEAA_NHH@Z 00000001800059dc f i umodsys_lib_libui:umodsys.mod.ui.SDL_core.obj
 0001:000049dc       ?get_cell_size@RMultiImage2D_SDL_ttf@SDL_core@ui@modules@UModSys@@UEAA_NHAEAU?$TVector2@H@math3d@5@PEAU675@@Z 00000001800059dc f i umodsys_lib_libui:umodsys.mod.ui.SDL_core.obj
 0001:000049dc       ?set_parameters@RRenderDriver2D@SDL_core@ui@modules@UModSys@@UEAA_NPEBDAEBUSParameters@core@5@@Z 00000001800059dc f i umodsys_lib_libui:umodsys.mod.ui.SDL_core.obj
 0001:000049dc       ?set_repeater@RFrame_Common@frames@ui@modules@UModSys@@UEAA_NHH@Z 00000001800059dc f i umodsys_lib_libui:umodsys.mod.ui.frames.obj
 0001:000049dc       ?set_var_cell@RMultiImage2D_SDL_ttf@SDL_core@ui@modules@UModSys@@UEAA_NPEBUSImageCellInfo@lib2d@5@HH@Z 00000001800059dc f i umodsys_lib_libui:umodsys.mod.ui.SDL_core.obj
 0001:000049dc       ?key_setrepeat@RKeyboardController@SDL_core@ui@modules@UModSys@@UEAA_NMM@Z 00000001800059dc f i umodsys_lib_libui:umodsys.mod.ui.SDL_core.obj
 0001:000049dc       ?key_setmodifier@RKeyboardController@SDL_core@ui@modules@UModSys@@UEAA_NHHH@Z 00000001800059dc f i umodsys_lib_libui:umodsys.mod.ui.SDL_core.obj
 0001:000049e0       ??_GRMultiImage2D_SDL_ttf@SDL_core@ui@modules@UModSys@@UEAAPEAXI@Z 00000001800059e0 f i umodsys_lib_libui:umodsys.mod.ui.SDL_core.obj
 0001:000049e0       ??_ERMultiImage2D_SDL_ttf@SDL_core@ui@modules@UModSys@@UEAAPEAXI@Z 00000001800059e0 f i  CIL library: CIL module
 0001:00004aa4       ?root_get_interface_info@RRenderDriver2D@SDL_core@ui@modules@UModSys@@UEBAAEBUSUniquePointerInfo@core@5@XZ 0000000180005aa4 f i umodsys_lib_libui:umodsys.mod.ui.SDL_core.obj
 0001:00004aac       ?root_get_interface_type@RRenderDriver2D@SDL_core@ui@modules@UModSys@@UEBAPEBUSUniquePointerInfo@core@5@XZ 0000000180005aac f i umodsys_lib_libui:umodsys.mod.ui.SDL_core.obj
 0001:00004ab4       ?root_get_other_interface@RRenderDriver2D@SDL_core@ui@modules@UModSys@@UEAAPEAUIRoot@core@5@PEBUSUniquePointerInfo@75@@Z 0000000180005ab4 f i umodsys_lib_libui:umodsys.mod.ui.SDL_core.obj
 0001:00004ab4       ?root_get_other_interface@RRenderDriver2D@SDL_core@ui@modules@UModSys@@UEBAPEBUIRoot@core@5@PEBUSUniquePointerInfo@75@@Z 0000000180005ab4 f i umodsys_lib_libui:umodsys.mod.ui.SDL_core.obj
 0001:00004ae4       ?root_is_interface_supported@RRenderDriver2D@SDL_core@ui@modules@UModSys@@UEBA_NPEBUSUniquePointerInfo@core@5@@Z 0000000180005ae4 f i umodsys_lib_libui:umodsys.mod.ui.SDL_core.obj
 0001:00004b14       ??0RRenderDriver2D@SDL_core@ui@modules@UModSys@@QEAA@PEAURTerminal@1234@AEBUSParameters@core@4@@Z 0000000180005b14 f i umodsys_lib_libui:umodsys.mod.ui.SDL_core.obj
 0001:00004c74       ?open@RRenderDriver2D@SDL_core@ui@modules@UModSys@@QEAA_NAEBUSParameters@core@5@@Z 0000000180005c74 f i umodsys_lib_libui:umodsys.mod.ui.SDL_core.obj
 0001:00004e88       ?set_color@RRenderDriver2D@SDL_core@ui@modules@UModSys@@QEAAXXZ 0000000180005e88 f i umodsys_lib_libui:umodsys.mod.ui.SDL_core.obj
 0001:00004efc       ?begin@RRenderDriver2D@SDL_core@ui@modules@UModSys@@UEAAXXZ 0000000180005efc f i umodsys_lib_libui:umodsys.mod.ui.SDL_core.obj
 0001:00004f68       ?end@RRenderDriver2D@SDL_core@ui@modules@UModSys@@UEAAXXZ 0000000180005f68 f i umodsys_lib_libui:umodsys.mod.ui.SDL_core.obj
 0001:00004f80       ?get_max_values@RRenderDriver2D@SDL_core@ui@modules@UModSys@@UEBAPEBUSParameters@core@5@XZ 0000000180005f80 f i umodsys_lib_libui:umodsys.mod.ui.SDL_core.obj
 0001:00004f88       ?get_frame_values@RRenderDriver2D@SDL_core@ui@modules@UModSys@@UEBAPEBUSParameters@core@5@XZ 0000000180005f88 f i umodsys_lib_libui:umodsys.mod.ui.SDL_core.obj
 0001:00004f90       ?setup_font@RRenderDriver2D@SDL_core@ui@modules@UModSys@@UEAA_NPEAUIMultiImage@lib2d@5@PEBU?$TVector2@M@math3d@5@@Z 0000000180005f90 f i umodsys_lib_libui:umodsys.mod.ui.SDL_core.obj
 0001:00005054       ?setup_color@RRenderDriver2D@SDL_core@ui@modules@UModSys@@UEAAXAEBU?$TVector3@M@math3d@5@@Z 0000000180006054 f i umodsys_lib_libui:umodsys.mod.ui.SDL_core.obj
 0001:0000507c       ?setup_color@RRenderDriver2D@SDL_core@ui@modules@UModSys@@UEAAXAEBU?$TVector3@H@math3d@5@@Z 000000018000607c f i umodsys_lib_libui:umodsys.mod.ui.SDL_core.obj
 0001:000050cc       ?setup_coloralpha@RRenderDriver2D@SDL_core@ui@modules@UModSys@@UEAAXAEBU?$TVector4@M@math3d@5@H@Z 00000001800060cc f i umodsys_lib_libui:umodsys.mod.ui.SDL_core.obj
 0001:000050f0       ?setup_coloralpha@RRenderDriver2D@SDL_core@ui@modules@UModSys@@UEAAXAEBU?$TVector4@H@math3d@5@H@Z 00000001800060f0 f i umodsys_lib_libui:umodsys.mod.ui.SDL_core.obj
 0001:00005154       ?setup_blendcolor@RRenderDriver2D@SDL_core@ui@modules@UModSys@@UEAAXAEBUSBlendColor@lib2d@5@@Z 0000000180006154 f i umodsys_lib_libui:umodsys.mod.ui.SDL_core.obj
 0001:000051bc       ?setup_blendcolor@RRenderDriver2D@SDL_core@ui@modules@UModSys@@UEAAXAEBUSBlendColorf@lib2d@5@@Z 00000001800061bc f i umodsys_lib_libui:umodsys.mod.ui.SDL_core.obj
 0001:000051fc       ?setup_alpha@RRenderDriver2D@SDL_core@ui@modules@UModSys@@UEAAXHH@Z 00000001800061fc f i umodsys_lib_libui:umodsys.mod.ui.SDL_core.obj
 0001:0000522c       ?setup_alpha@RRenderDriver2D@SDL_core@ui@modules@UModSys@@UEAAXMH@Z 000000018000622c f i umodsys_lib_libui:umodsys.mod.ui.SDL_core.obj
 0001:0000524c       ?render_text_advanced@RRenderDriver2D@SDL_core@ui@modules@UModSys@@UEAA_NAEAUTextInfo@IRenderDriver@lib2d@5@PEBHH@Z 000000018000624c f i umodsys_lib_libui:umodsys.mod.ui.SDL_core.obj
 0001:00005448       ?render_box@RRenderDriver2D@SDL_core@ui@modules@UModSys@@UEAAXAEBU?$TVector2@H@math3d@5@0@Z 0000000180006448 f i umodsys_lib_libui:umodsys.mod.ui.SDL_core.obj
 0001:00005494       ?render_tri@RRenderDriver2D@SDL_core@ui@modules@UModSys@@UEAAXAEBU?$TVector2@H@math3d@5@00@Z 0000000180006494 f i umodsys_lib_libui:umodsys.mod.ui.SDL_core.obj
 0001:0000550c       ?render_quad@RRenderDriver2D@SDL_core@ui@modules@UModSys@@UEAAXAEBU?$TVector2@H@math3d@5@000@Z 000000018000650c f i umodsys_lib_libui:umodsys.mod.ui.SDL_core.obj
 0001:000055b4       ?render_line@RRenderDriver2D@SDL_core@ui@modules@UModSys@@UEAAXAEBU?$TVector2@H@math3d@5@0@Z 00000001800065b4 f i umodsys_lib_libui:umodsys.mod.ui.SDL_core.obj
 0001:000055dc       ?render_rect@RRenderDriver2D@SDL_core@ui@modules@UModSys@@UEAAXAEBU?$TVector2@H@math3d@5@0@Z 00000001800065dc f i umodsys_lib_libui:umodsys.mod.ui.SDL_core.obj
 0001:00005628       ??_GRRenderDriver2D@SDL_core@ui@modules@UModSys@@UEAAPEAXI@Z 0000000180006628 f i umodsys_lib_libui:umodsys.mod.ui.SDL_core.obj
 0001:00005628       ??_ERRenderDriver2D@SDL_core@ui@modules@UModSys@@UEAAPEAXI@Z 0000000180006628 f i  CIL library: CIL module
 0001:0000570c       ??1ISerializeWriter@libmedia@UModSys@@UEAA@XZ 000000018000670c f i umodsys_lib_libmedia:umodsys.mod.media.serialize_json.obj
 0001:0000570c       ??1IImage@lib2d@UModSys@@UEAA@XZ 000000018000670c f i umodsys_lib_lib2d:umodsys.mod.2d.stdlib.obj
 0001:0000570c       ??1IDialog@libui@UModSys@@UEAA@XZ 000000018000670c f i umodsys_lib_libui:umodsys.mod.ui.frames.obj
 0001:0000570c       ??1IRenderDriver@lib2d@UModSys@@UEAA@XZ 000000018000670c f i umodsys_lib_libui:umodsys.mod.ui.SDL_core.obj
 0001:0000570c       ??1IFrame@libui@UModSys@@UEAA@XZ 000000018000670c f i umodsys_lib_libui:umodsys.mod.ui.frames.obj
 0001:0000570c       ??1IShell@base@UModSys@@UEAA@XZ 000000018000670c f i plugin_test1.obj
 0001:0000570c       ??1ISerializeReader@libmedia@UModSys@@UEAA@XZ 000000018000670c f i umodsys_lib_libmedia:umodsys.mod.media.serialize_json.obj
 0001:0000570c       ??1ICollector@libui@UModSys@@UEAA@XZ 000000018000670c f i umodsys_lib_libui:umodsys.mod.ui.frames.obj
 0001:0000570c       ??1IClient@IBinArchiveFrame@libmedia@UModSys@@UEAA@XZ 000000018000670c f i umodsys_lib_libmedia:umodsys.mod.media.zlib.obj
 0001:0000570c       ??1ITerminal@libui@UModSys@@UEAA@XZ 000000018000670c f i umodsys_lib_libui:umodsys.mod.ui.SDL_core.obj
 0001:0000570c       ??1IKeyboardController@libui@UModSys@@UEAA@XZ 000000018000670c f i umodsys_lib_libui:umodsys.mod.ui.SDL_core.obj
 0001:0000570c       ??1IMouseController@libui@UModSys@@UEAA@XZ 000000018000670c f i umodsys_lib_libui:umodsys.mod.ui.SDL_core.obj
 0001:0000570c       ??1IMultiImage@lib2d@UModSys@@UEAA@XZ 000000018000670c f i umodsys_lib_libui:umodsys.mod.ui.SDL_core.obj
 0001:0000570c       ??1IRefObject@core@UModSys@@UEAA@XZ 000000018000670c f i umodsys_lib_core:umodsys.core.objects.obj
 0001:00005718       ?root_get_interface_info@RMouseController@SDL_core@ui@modules@UModSys@@UEBAAEBUSUniquePointerInfo@core@5@XZ 0000000180006718 f i umodsys_lib_libui:umodsys.mod.ui.SDL_core.obj
 0001:00005720       ?root_get_interface_type@RMouseController@SDL_core@ui@modules@UModSys@@UEBAPEBUSUniquePointerInfo@core@5@XZ 0000000180006720 f i umodsys_lib_libui:umodsys.mod.ui.SDL_core.obj
 0001:00005728       ?root_get_other_interface@RMouseController@SDL_core@ui@modules@UModSys@@UEBAPEBUIRoot@core@5@PEBUSUniquePointerInfo@75@@Z 0000000180006728 f i umodsys_lib_libui:umodsys.mod.ui.SDL_core.obj
 0001:00005728       ?root_get_other_interface@RMouseController@SDL_core@ui@modules@UModSys@@UEAAPEAUIRoot@core@5@PEBUSUniquePointerInfo@75@@Z 0000000180006728 f i umodsys_lib_libui:umodsys.mod.ui.SDL_core.obj
 0001:00005758       ?root_is_interface_supported@RMouseController@SDL_core@ui@modules@UModSys@@UEBA_NPEBUSUniquePointerInfo@core@5@@Z 0000000180006758 f i umodsys_lib_libui:umodsys.mod.ui.SDL_core.obj
 0001:00005788       ?process@RMouseController@SDL_core@ui@modules@UModSys@@QEAA_NAEAUSDL_MouseMotionEvent@@@Z 0000000180006788 f i umodsys_lib_libui:umodsys.mod.ui.SDL_core.obj
 0001:000058f4       ?process@RMouseController@SDL_core@ui@modules@UModSys@@QEAA_NAEAUSDL_MouseButtonEvent@@@Z 00000001800068f4 f i umodsys_lib_libui:umodsys.mod.ui.SDL_core.obj
 0001:00005a20       ?process@RMouseController@SDL_core@ui@modules@UModSys@@QEAA_NAEAUSDL_MouseWheelEvent@@@Z 0000000180006a20 f i umodsys_lib_libui:umodsys.mod.ui.SDL_core.obj
 0001:00005b10       ?key_unlink@RKeyboardController@SDL_core@ui@modules@UModSys@@UEAA_NH@Z 0000000180006b10 f i umodsys_lib_libui:umodsys.mod.ui.SDL_core.obj
 0001:00005b10       ?mouse_unlink@RMouseController@SDL_core@ui@modules@UModSys@@UEAA_NH@Z 0000000180006b10 f i umodsys_lib_libui:umodsys.mod.ui.SDL_core.obj
 0001:00005b68       ?mouse_link@RMouseController@SDL_core@ui@modules@UModSys@@UEAA_NHPEAUIRefObject@core@5@PEAUIMouseClient@libui@5@H@Z 0000000180006b68 f i umodsys_lib_libui:umodsys.mod.ui.SDL_core.obj
 0001:00005c88       ??_GRMouseController@SDL_core@ui@modules@UModSys@@UEAAPEAXI@Z 0000000180006c88 f i umodsys_lib_libui:umodsys.mod.ui.SDL_core.obj
 0001:00005c88       ??_ERMouseController@SDL_core@ui@modules@UModSys@@UEAAPEAXI@Z 0000000180006c88 f i  CIL library: CIL module
 0001:00005cec       ?root_get_interface_info@RKeyboardController@SDL_core@ui@modules@UModSys@@UEBAAEBUSUniquePointerInfo@core@5@XZ 0000000180006cec f i umodsys_lib_libui:umodsys.mod.ui.SDL_core.obj
 0001:00005cf4       ?root_get_interface_type@RKeyboardController@SDL_core@ui@modules@UModSys@@UEBAPEBUSUniquePointerInfo@core@5@XZ 0000000180006cf4 f i umodsys_lib_libui:umodsys.mod.ui.SDL_core.obj
 0001:00005cfc       ?root_get_other_interface@RKeyboardController@SDL_core@ui@modules@UModSys@@UEBAPEBUIRoot@core@5@PEBUSUniquePointerInfo@75@@Z 0000000180006cfc f i umodsys_lib_libui:umodsys.mod.ui.SDL_core.obj
 0001:00005cfc       ?root_get_other_interface@RKeyboardController@SDL_core@ui@modules@UModSys@@UEAAPEAUIRoot@core@5@PEBUSUniquePointerInfo@75@@Z 0000000180006cfc f i umodsys_lib_libui:umodsys.mod.ui.SDL_core.obj
 0001:00005d2c       ?root_is_interface_supported@RKeyboardController@SDL_core@ui@modules@UModSys@@UEBA_NPEBUSUniquePointerInfo@core@5@@Z 0000000180006d2c f i umodsys_lib_libui:umodsys.mod.ui.SDL_core.obj
 0001:00005d5c       ?process@RKeyboardController@SDL_core@ui@modules@UModSys@@QEAA_NAEAUSDL_KeyboardEvent@@@Z 0000000180006d5c f i umodsys_lib_libui:umodsys.mod.ui.SDL_core.obj
 0001:00005ed8       ?map_keycode@RKeyboardController@SDL_core@ui@modules@UModSys@@QEAA?AW4eKeyCode@libui@5@H@Z 0000000180006ed8 f i umodsys_lib_libui:umodsys.mod.ui.SDL_core.obj
 0001:00006400       ?key_link@RKeyboardController@SDL_core@ui@modules@UModSys@@UEAA_NHPEAUIRefObject@core@5@PEAUIKeyboardClient@libui@5@@Z 0000000180007400 f i umodsys_lib_libui:umodsys.mod.ui.SDL_core.obj
 0001:0000650c       ?key_setvisible@RKeyboardController@SDL_core@ui@modules@UModSys@@UEAA_N_N@Z 000000018000750c f i umodsys_lib_libui:umodsys.mod.ui.SDL_core.obj
 0001:00006528       ??_GRKeyboardController@SDL_core@ui@modules@UModSys@@UEAAPEAXI@Z 0000000180007528 f i umodsys_lib_libui:umodsys.mod.ui.SDL_core.obj
 0001:00006528       ??_ERKeyboardController@SDL_core@ui@modules@UModSys@@UEAAPEAXI@Z 0000000180007528 f i  CIL library: CIL module
 0001:0000658c       ?root_get_interface_info@RTerminal@SDL_core@ui@modules@UModSys@@UEBAAEBUSUniquePointerInfo@core@5@XZ 000000018000758c f i umodsys_lib_libui:umodsys.mod.ui.SDL_core.obj
 0001:00006594       ?root_get_interface_type@RTerminal@SDL_core@ui@modules@UModSys@@UEBAPEBUSUniquePointerInfo@core@5@XZ 0000000180007594 f i umodsys_lib_libui:umodsys.mod.ui.SDL_core.obj
 0001:0000659c       ?root_get_other_interface@RTerminal@SDL_core@ui@modules@UModSys@@UEBAPEBUIRoot@core@5@PEBUSUniquePointerInfo@75@@Z 000000018000759c f i umodsys_lib_libui:umodsys.mod.ui.SDL_core.obj
 0001:0000659c       ?root_get_other_interface@RTerminal@SDL_core@ui@modules@UModSys@@UEAAPEAUIRoot@core@5@PEBUSUniquePointerInfo@75@@Z 000000018000759c f i umodsys_lib_libui:umodsys.mod.ui.SDL_core.obj
 0001:000065cc       ?root_is_interface_supported@RTerminal@SDL_core@ui@modules@UModSys@@UEBA_NPEBUSUniquePointerInfo@core@5@@Z 00000001800075cc f i umodsys_lib_libui:umodsys.mod.ui.SDL_core.obj
 0001:000065fc       ?poll_events@RTerminal@SDL_core@ui@modules@UModSys@@UEAA_NH@Z 00000001800075fc f i umodsys_lib_libui:umodsys.mod.ui.SDL_core.obj
 0001:000067f4       ?get_terminal_state@RTerminal@SDL_core@ui@modules@UModSys@@UEAA_NW4eTerminalState@libui@5@@Z 00000001800077f4 f i umodsys_lib_libui:umodsys.mod.ui.SDL_core.obj
 0001:00006800       ?set_terminal_state@RTerminal@SDL_core@ui@modules@UModSys@@UEAA_NW4eTerminalState@libui@5@_N@Z 0000000180007800 f i umodsys_lib_libui:umodsys.mod.ui.SDL_core.obj
 0001:00006924       ?get_clock@RTerminal@SDL_core@ui@modules@UModSys@@UEAANXZ 0000000180007924 f i umodsys_lib_libui:umodsys.mod.ui.SDL_core.obj
 0001:00006940       ?wait@RTerminal@SDL_core@ui@modules@UModSys@@UEAA_NM@Z 0000000180007940 f i umodsys_lib_libui:umodsys.mod.ui.SDL_core.obj
 0001:00006960       ?get_count@RTerminal@SDL_core@ui@modules@UModSys@@UEBA_KPEBUSUniquePointerInfo@core@5@@Z 0000000180007960 f i umodsys_lib_libui:umodsys.mod.ui.SDL_core.obj
 0001:000069f4       ?get_handler@RTerminal@SDL_core@ui@modules@UModSys@@UEBAPEAUIRefObject@core@5@PEBUSUniquePointerInfo@75@_K@Z 00000001800079f4 f i umodsys_lib_libui:umodsys.mod.ui.SDL_core.obj
 0001:00006a94       ?create_handler@RTerminal@SDL_core@ui@modules@UModSys@@UEAA_NPEBUSUniquePointerInfo@core@5@AEAU?$TRefObject@UIRefObject@core@UModSys@@U?$TRefObjectFunc@UIRefObject@core@UModSys@@@tl@3@@tl@5@PEBDPEBUSParameters@75@@Z 0000000180007a94 f i umodsys_lib_libui:umodsys.mod.ui.SDL_core.obj
 0001:00006e7c       ??_ERTerminal@SDL_core@ui@modules@UModSys@@UEAAPEAXI@Z 0000000180007e7c f i  CIL library: CIL module
 0001:00006e7c       ??_GRTerminal@SDL_core@ui@modules@UModSys@@UEAAPEAXI@Z 0000000180007e7c f i umodsys_lib_libui:umodsys.mod.ui.SDL_core.obj
 0001:00006f4c       ?get_terminal@RRenderDriver2D@SDL_core@ui@modules@UModSys@@UEBAPEAUITerminal@libui@5@XZ 0000000180007f4c f   umodsys_lib_libui:umodsys.mod.ui.SDL_core.obj
 0001:00006f54       ?new_font@RRenderDriver2D@SDL_core@ui@modules@UModSys@@UEAA?AU?$TRefObject@UIMultiImage@lib2d@UModSys@@U?$TRefObjectFunc@UIMultiImage@lib2d@UModSys@@@tl@3@@tl@5@AEBUSParameters@core@5@AEBU?$TString@U?$TSCoreConst@D@su@tl@UModSys@@U?$TComparerBinaryHash@D@234@@75@@Z 0000000180007f54 f   umodsys_lib_libui:umodsys.mod.ui.SDL_core.obj
 0001:0000705c       ?data_writer@RBinArchiveFrameClient_ZIP@zlib@media@modules@UModSys@@UEAA?AU?$TRefObject@UIStreamWriter@libmedia@UModSys@@U?$TRefObjectFunc@UIStreamWriter@libmedia@UModSys@@@tl@3@@tl@5@PEAUIBinArchiveFrame@libmedia@5@AEBU?$TString@U?$TSCoreConst@D@su@tl@UModSys@@U?$TComparerBinaryHash@D@234@@75@AEBUSFlags@95@@Z 000000018000805c f   umodsys_lib_libmedia:umodsys.mod.media.zlib.obj
 0001:0000705c       ?new_picture@RRenderDriver2D@SDL_core@ui@modules@UModSys@@UEAA?AU?$TRefObject@UIImage@lib2d@UModSys@@U?$TRefObjectFunc@UIImage@lib2d@UModSys@@@tl@3@@tl@5@AEBUSParameters@core@5@AEBU?$TString@U?$TSCoreConst@D@su@tl@UModSys@@U?$TComparerBinaryHash@D@234@@75@@Z 000000018000805c f   umodsys_lib_libui:umodsys.mod.ui.SDL_core.obj
 0001:0000706c       ?get_generated_names@RGenerator@SDL_core@ui@modules@UModSys@@UEBAHAEAUSUniquePtrList@core@5@@Z 000000018000806c f i umodsys_lib_libui:umodsys.mod.ui.SDL_core.obj
 0001:0000708c       ?get_generated_types@RGenerator@SDL_core@ui@modules@UModSys@@UEBAHAEAUSUniquePtrList@core@5@PEBUSUniquePointerInfo@75@@Z 000000018000808c f i umodsys_lib_libui:umodsys.mod.ui.SDL_core.obj
 0001:000070e4       ?generate@RGenerator@SDL_core@ui@modules@UModSys@@UEAA_NAEAU?$TRefObject@UIRefObject@core@UModSys@@U?$TRefObjectFunc@UIRefObject@core@UModSys@@@tl@3@@tl@5@PEBUSUniquePointerInfo@core@5@AEBUSParameters@95@@Z 00000001800080e4 f i umodsys_lib_libui:umodsys.mod.ui.SDL_core.obj
 0001:00007228       ?root_get_interface_info@RGenerator@SDL_core@ui@modules@UModSys@@UEBAAEBUSUniquePointerInfo@core@5@XZ 0000000180008228 f i umodsys_lib_libui:umodsys.mod.ui.SDL_core.obj
 0001:00007230       ?root_get_interface_type@RGenerator@SDL_core@ui@modules@UModSys@@UEBAPEBUSUniquePointerInfo@core@5@XZ 0000000180008230 f i umodsys_lib_libui:umodsys.mod.ui.SDL_core.obj
 0001:00007238       ?root_get_other_interface@RGenerator@SDL_core@ui@modules@UModSys@@UEAAPEAUIRoot@core@5@PEBUSUniquePointerInfo@75@@Z 0000000180008238 f i umodsys_lib_libui:umodsys.mod.ui.SDL_core.obj
 0001:00007238       ?root_get_other_interface@RGenerator@SDL_core@ui@modules@UModSys@@UEBAPEBUIRoot@core@5@PEBUSUniquePointerInfo@75@@Z 0000000180008238 f i umodsys_lib_libui:umodsys.mod.ui.SDL_core.obj
 0001:00007270       ?root_is_interface_supported@RGenerator@SDL_core@ui@modules@UModSys@@UEBA_NPEBUSUniquePointerInfo@core@5@@Z 0000000180008270 f i umodsys_lib_libui:umodsys.mod.ui.SDL_core.obj
 0001:000072a8       ?suicide@RGenerator@zlib@media@modules@UModSys@@UEAAXXZ 00000001800082a8 f i umodsys_lib_libmedia:umodsys.mod.media.zlib.obj
 0001:000072a8       ?suicide@RGenerator@SDL_core@ui@modules@UModSys@@UEAAXXZ 00000001800082a8 f i umodsys_lib_libui:umodsys.mod.ui.SDL_core.obj
 0001:000072a8       ?suicide@RGenerator@serialize_json@media@modules@UModSys@@UEAAXXZ 00000001800082a8 f i umodsys_lib_libmedia:umodsys.mod.media.serialize_json.obj
 0001:000072a8       ?suicide@RGenerator@test1@test@modules@UModSys@@UEAAXXZ 00000001800082a8 f i plugin_test1.obj
 0001:000072a8       ?suicide@RGenerator@stdlib@lib2d@modules@UModSys@@UEAAXXZ 00000001800082a8 f i umodsys_lib_lib2d:umodsys.mod.2d.stdlib.obj
 0001:000072a8       ??3@YAXPEAX0@Z             00000001800082a8 f i plugin_test1.obj
 0001:000072a8       ?suicide@RGenerator@frames@ui@modules@UModSys@@UEAAXXZ 00000001800082a8 f i umodsys_lib_libui:umodsys.mod.ui.frames.obj
 0001:000072a8       ?render_box@RRenderDriver2D@SDL_core@ui@modules@UModSys@@UEAAXPEAUIImage@lib2d@5@AEBU?$TVector2@H@math3d@5@1AEBU?$TVector2@M@95@2@Z 00000001800082a8 f i umodsys_lib_libui:umodsys.mod.ui.SDL_core.obj
 0001:000072a8       ?suicide@RGenerator@images_std@media@modules@UModSys@@UEAAXXZ 00000001800082a8 f i umodsys_lib_libmedia:umodsys.mod.media.images_std.obj
 0001:000072ac       ?get_uid@RGenerator@SDL_core@ui@modules@UModSys@@UEBAPEBUSUniquePointerInfo@core@5@XZ 00000001800082ac f i umodsys_lib_libui:umodsys.mod.ui.SDL_core.obj
 0001:000072b4       ?do_open@RModuleReg@SDL_core@ui@modules@UModSys@@UEAA_NXZ 00000001800082b4 f i umodsys_lib_libui:umodsys.mod.ui.SDL_core.obj
 0001:00007328       ?do_close@RModuleReg@SDL_core@ui@modules@UModSys@@UEAA_NXZ 0000000180008328 f i umodsys_lib_libui:umodsys.mod.ui.SDL_core.obj
 0001:00007378       ?get_module@RGenerator@SDL_core@ui@modules@UModSys@@UEBAPEAUIModule@base@5@XZ 0000000180008378 f   umodsys_lib_libui:umodsys.mod.ui.SDL_core.obj
 0001:00007380       ?mod_inc@RGenerator@SDL_core@ui@modules@UModSys@@UEBA_NXZ 0000000180008380 f   umodsys_lib_libui:umodsys.mod.ui.SDL_core.obj
 0001:00007390       ?mod_dec@RGenerator@SDL_core@ui@modules@UModSys@@UEBA_NXZ 0000000180008390 f   umodsys_lib_libui:umodsys.mod.ui.SDL_core.obj
 0001:000073a4       ?s_holder@RGenerator@SDL_core@ui@modules@UModSys@@SAAEAU?$TTypeStaticHolder@URGenerator@SDL_core@ui@modules@UModSys@@@tl@5@XZ 00000001800083a4 f   umodsys_lib_libui:umodsys.mod.ui.SDL_core.obj
 0001:000073e8       ??1?$TScatterArray@UGlyph@RMultiImage2D_SDL_ttf@SDL_core@ui@modules@UModSys@@HU?$TScalarCompare@H@core@6@U?$TNodeDeleter0@U?$TScatterArrayNode@UGlyph@RMultiImage2D_SDL_ttf@SDL_core@ui@modules@UModSys@@H@tl@UModSys@@@tl@6@@tl@UModSys@@QEAA@XZ 00000001800083e8 f i umodsys_lib_libui:umodsys.mod.ui.SDL_core.obj
 0001:00007464       ?delete_node@?$TTreeHoldRBD@U?$TScatterArrayNode@U?$TRefObjectComposite@UIKeyboardClient@libui@UModSys@@UIRefObject@core@3@U?$TRefObjectFunc@UIRefObject@core@UModSys@@@tl@3@@tl@UModSys@@H@tl@UModSys@@U?$TNodeDeleter0@U?$TScatterArrayNode@U?$TRefObjectComposite@UIKeyboardClient@libui@UModSys@@UIRefObject@core@3@U?$TRefObjectFunc@UIRefObject@core@UModSys@@@tl@3@@tl@UModSys@@H@tl@UModSys@@@23@@tl@UModSys@@QEAAXPEAU?$TScatterArrayNode@U?$TRefObjectComposite@UIKeyboardClient@libui@UModSys@@UIRefObject@core@3@U?$TRefObjectFunc@UIRefObject@core@UModSys@@@tl@3@@tl@UModSys@@H@23@@Z 0000000180008464 f i umodsys_lib_libui:umodsys.mod.ui.SDL_core.obj
 0001:00007464       ?delete_node@?$TTreeHoldRBD@U?$TScatterArrayNode@U?$TRefObjectCompositeExtra@UIMouseClient@libui@UModSys@@HUIRefObject@core@3@U?$TRefObjectFunc@UIRefObject@core@UModSys@@@tl@3@@tl@UModSys@@H@tl@UModSys@@U?$TNodeDeleter0@U?$TScatterArrayNode@U?$TRefObjectCompositeExtra@UIMouseClient@libui@UModSys@@HUIRefObject@core@3@U?$TRefObjectFunc@UIRefObject@core@UModSys@@@tl@3@@tl@UModSys@@H@tl@UModSys@@@23@@tl@UModSys@@QEAAXPEAU?$TScatterArrayNode@U?$TRefObjectCompositeExtra@UIMouseClient@libui@UModSys@@HUIRefObject@core@3@U?$TRefObjectFunc@UIRefObject@core@UModSys@@@tl@3@@tl@UModSys@@H@23@@Z 0000000180008464 f i umodsys_lib_libui:umodsys.mod.ui.SDL_core.obj
 0001:000075cc       ??1?$TPair@HU?$TRefObjectCompositeExtra@UIMouseClient@libui@UModSys@@HUIRefObject@core@3@U?$TRefObjectFunc@UIRefObject@core@UModSys@@@tl@3@@tl@UModSys@@@tl@UModSys@@QEAA@XZ 00000001800085cc f i umodsys_lib_libui:umodsys.mod.ui.SDL_core.obj
 0001:000075cc       ??1?$TPair@HU?$TRefObjectComposite@UIKeyboardClient@libui@UModSys@@UIRefObject@core@3@U?$TRefObjectFunc@UIRefObject@core@UModSys@@@tl@3@@tl@UModSys@@@tl@UModSys@@QEAA@XZ 00000001800085cc f i umodsys_lib_libui:umodsys.mod.ui.SDL_core.obj
 0001:00007614       ??1?$TRefObjectCompositeExtra@UIMouseClient@libui@UModSys@@HUIRefObject@core@3@U?$TRefObjectFunc@UIRefObject@core@UModSys@@@tl@3@@tl@UModSys@@QEAA@XZ 0000000180008614 f i umodsys_lib_libui:umodsys.mod.ui.SDL_core.obj
 0001:00007614       ??1?$TRefObjectComposite@UIKeyboardClient@libui@UModSys@@UIRefObject@core@3@U?$TRefObjectFunc@UIRefObject@core@UModSys@@@tl@3@@tl@UModSys@@QEAA@XZ 0000000180008614 f i umodsys_lib_libui:umodsys.mod.ui.SDL_core.obj
 0001:0000765c       ?remove_color@?$TTreeHoldRB@U?$TScatterArrayNode@U?$TRefObjectCompositeExtra@UIMouseClient@libui@UModSys@@HUIRefObject@core@3@U?$TRefObjectFunc@UIRefObject@core@UModSys@@@tl@3@@tl@UModSys@@H@tl@UModSys@@@tl@UModSys@@IEAAXPEAU?$TScatterArrayNode@U?$TRefObjectCompositeExtra@UIMouseClient@libui@UModSys@@HUIRefObject@core@3@U?$TRefObjectFunc@UIRefObject@core@UModSys@@@tl@3@@tl@UModSys@@H@23@0@Z 000000018000865c f i umodsys_lib_libui:umodsys.mod.ui.SDL_core.obj
 0001:0000765c       ?remove_color@?$TTreeHoldRB@U?$TScatterArrayNode@U?$TRefObjectComposite@UIKeyboardClient@libui@UModSys@@UIRefObject@core@3@U?$TRefObjectFunc@UIRefObject@core@UModSys@@@tl@3@@tl@UModSys@@H@tl@UModSys@@@tl@UModSys@@IEAAXPEAU?$TScatterArrayNode@U?$TRefObjectComposite@UIKeyboardClient@libui@UModSys@@UIRefObject@core@3@U?$TRefObjectFunc@UIRefObject@core@UModSys@@@tl@3@@tl@UModSys@@H@23@0@Z 000000018000865c f i umodsys_lib_libui:umodsys.mod.ui.SDL_core.obj
 0001:000078fc       ??$t_add@U?$TRefObject@URRenderDriver2D@SDL_core@ui@modules@UModSys@@U?$TRefObjectWeakFunc@URRenderDriver2D@SDL_core@ui@modules@UModSys@@@tl@5@@tl@UModSys@@URRenderDriver2D@SDL_core@ui@modules@3@@SDL_core@ui@modules@UModSys@@YA_NAEAU?$TScatterArray@U?$TRefObject@URRenderDriver2D@SDL_core@ui@modules@UModSys@@U?$TRefObjectWeakFunc@URRenderDriver2D@SDL_core@ui@modules@UModSys@@@tl@5@@tl@UModSys@@HU?$TScalarCompare@H@core@3@U?$TNodeDeleter0@U?$TScatterArrayNode@U?$TRefObject@URRenderDriver2D@SDL_core@ui@modules@UModSys@@U?$TRefObjectWeakFunc@URRenderDriver2D@SDL_core@ui@modules@UModSys@@@tl@5@@tl@UModSys@@H@tl@UModSys@@@23@@tl@3@PEAURRenderDriver2D@0123@@Z 00000001800088fc f i umodsys_lib_libui:umodsys.mod.ui.SDL_core.obj
 0001:00007a80       ??$process_nodes_r@U?$TNodeDeleter0@U?$TScatterArrayNode@UGlyph@RMultiImage2D_SDL_ttf@SDL_core@ui@modules@UModSys@@H@tl@UModSys@@@tl@UModSys@@@?$TTreeHoldRB@U?$TScatterArrayNode@UGlyph@RMultiImage2D_SDL_ttf@SDL_core@ui@modules@UModSys@@H@tl@UModSys@@@tl@UModSys@@KAHPEAU?$TScatterArrayNode@UGlyph@RMultiImage2D_SDL_ttf@SDL_core@ui@modules@UModSys@@H@12@AEBU?$TNodeDeleter0@U?$TScatterArrayNode@UGlyph@RMultiImage2D_SDL_ttf@SDL_core@ui@modules@UModSys@@H@tl@UModSys@@@12@@Z 0000000180008a80 f i umodsys_lib_libui:umodsys.mod.ui.SDL_core.obj
 0001:00007af8       ??$process_nodes_r@U?$TNodeDeleter0@U?$TScatterArrayNode@U?$TRefObjectCompositeExtra@UIMouseClient@libui@UModSys@@HUIRefObject@core@3@U?$TRefObjectFunc@UIRefObject@core@UModSys@@@tl@3@@tl@UModSys@@H@tl@UModSys@@@tl@UModSys@@@?$TTreeHoldRB@U?$TScatterArrayNode@U?$TRefObjectCompositeExtra@UIMouseClient@libui@UModSys@@HUIRefObject@core@3@U?$TRefObjectFunc@UIRefObject@core@UModSys@@@tl@3@@tl@UModSys@@H@tl@UModSys@@@tl@UModSys@@KAHPEAU?$TScatterArrayNode@U?$TRefObjectCompositeExtra@UIMouseClient@libui@UModSys@@HUIRefObject@core@3@U?$TRefObjectFunc@UIRefObject@core@UModSys@@@tl@3@@tl@UModSys@@H@12@AEBU?$TNodeDeleter0@U?$TScatterArrayNode@U?$TRefObjectCompositeExtra@UIMouseClient@libui@UModSys@@HUIRefObject@core@3@U?$TRefObjectFunc@UIRefObject@core@UModSys@@@tl@3@@tl@UModSys@@H@tl@UModSys@@@12@@Z 0000000180008af8 f i umodsys_lib_libui:umodsys.mod.ui.SDL_core.obj
 0001:00007af8       ??$process_nodes_r@U?$TNodeDeleter0@U?$TScatterArrayNode@U?$TRefObjectComposite@UIKeyboardClient@libui@UModSys@@UIRefObject@core@3@U?$TRefObjectFunc@UIRefObject@core@UModSys@@@tl@3@@tl@UModSys@@H@tl@UModSys@@@tl@UModSys@@@?$TTreeHoldRB@U?$TScatterArrayNode@U?$TRefObjectComposite@UIKeyboardClient@libui@UModSys@@UIRefObject@core@3@U?$TRefObjectFunc@UIRefObject@core@UModSys@@@tl@3@@tl@UModSys@@H@tl@UModSys@@@tl@UModSys@@KAHPEAU?$TScatterArrayNode@U?$TRefObjectComposite@UIKeyboardClient@libui@UModSys@@UIRefObject@core@3@U?$TRefObjectFunc@UIRefObject@core@UModSys@@@tl@3@@tl@UModSys@@H@12@AEBU?$TNodeDeleter0@U?$TScatterArrayNode@U?$TRefObjectComposite@UIKeyboardClient@libui@UModSys@@UIRefObject@core@3@U?$TRefObjectFunc@UIRefObject@core@UModSys@@@tl@3@@tl@UModSys@@H@tl@UModSys@@@12@@Z 0000000180008af8 f i umodsys_lib_libui:umodsys.mod.ui.SDL_core.obj
 0001:00007b8c       ??$process_nodes_r@U?$TNodeDeleter0@U?$TScatterArrayNode@U?$TRefObject@URRenderDriver2D@SDL_core@ui@modules@UModSys@@U?$TRefObjectWeakFunc@URRenderDriver2D@SDL_core@ui@modules@UModSys@@@tl@5@@tl@UModSys@@H@tl@UModSys@@@tl@UModSys@@@?$TTreeHoldRB@U?$TScatterArrayNode@U?$TRefObject@URRenderDriver2D@SDL_core@ui@modules@UModSys@@U?$TRefObjectWeakFunc@URRenderDriver2D@SDL_core@ui@modules@UModSys@@@tl@5@@tl@UModSys@@H@tl@UModSys@@@tl@UModSys@@KAHPEAU?$TScatterArrayNode@U?$TRefObject@URRenderDriver2D@SDL_core@ui@modules@UModSys@@U?$TRefObjectWeakFunc@URRenderDriver2D@SDL_core@ui@modules@UModSys@@@tl@5@@tl@UModSys@@H@12@AEBU?$TNodeDeleter0@U?$TScatterArrayNode@U?$TRefObject@URRenderDriver2D@SDL_core@ui@modules@UModSys@@U?$TRefObjectWeakFunc@URRenderDriver2D@SDL_core@ui@modules@UModSys@@@tl@5@@tl@UModSys@@H@tl@UModSys@@@12@@Z 0000000180008b8c f i umodsys_lib_libui:umodsys.mod.ui.SDL_core.obj
 0001:00007c20       ?sub_insert_node@?$TTreeHoldRB@U?$TScatterArrayNode@U?$TRefObjectCompositeExtra@UIMouseClient@libui@UModSys@@HUIRefObject@core@3@U?$TRefObjectFunc@UIRefObject@core@UModSys@@@tl@3@@tl@UModSys@@H@tl@UModSys@@@tl@UModSys@@QEAAXPEAU?$TScatterArrayNode@U?$TRefObjectCompositeExtra@UIMouseClient@libui@UModSys@@HUIRefObject@core@3@U?$TRefObjectFunc@UIRefObject@core@UModSys@@@tl@3@@tl@UModSys@@H@23@0H@Z 0000000180008c20 f i umodsys_lib_libui:umodsys.mod.ui.SDL_core.obj
 0001:00007c20       ?sub_insert_node@?$TTreeHoldRB@U?$TScatterArrayNode@U?$TVector4@M@math3d@UModSys@@H@tl@UModSys@@@tl@UModSys@@QEAAXPEAU?$TScatterArrayNode@U?$TVector4@M@math3d@UModSys@@H@23@0H@Z 0000000180008c20 f i umodsys_lib_libui:umodsys.mod.ui.frames.obj
 0001:00007c20       ?sub_insert_node@?$TTreeHoldRB@U?$TScatterArrayNode@U?$TRefObjectComposite@UIKeyboardClient@libui@UModSys@@UIRefObject@core@3@U?$TRefObjectFunc@UIRefObject@core@UModSys@@@tl@3@@tl@UModSys@@H@tl@UModSys@@@tl@UModSys@@QEAAXPEAU?$TScatterArrayNode@U?$TRefObjectComposite@UIKeyboardClient@libui@UModSys@@UIRefObject@core@3@U?$TRefObjectFunc@UIRefObject@core@UModSys@@@tl@3@@tl@UModSys@@H@23@0H@Z 0000000180008c20 f i umodsys_lib_libui:umodsys.mod.ui.SDL_core.obj
 0001:00007c20       ?sub_insert_node@?$TTreeHoldRB@U?$TScatterArrayNode@U?$TRefObject@URRenderDriver2D@SDL_core@ui@modules@UModSys@@U?$TRefObjectWeakFunc@URRenderDriver2D@SDL_core@ui@modules@UModSys@@@tl@5@@tl@UModSys@@H@tl@UModSys@@@tl@UModSys@@QEAAXPEAU?$TScatterArrayNode@U?$TRefObject@URRenderDriver2D@SDL_core@ui@modules@UModSys@@U?$TRefObjectWeakFunc@URRenderDriver2D@SDL_core@ui@modules@UModSys@@@tl@5@@tl@UModSys@@H@23@0H@Z 0000000180008c20 f i umodsys_lib_libui:umodsys.mod.ui.SDL_core.obj
 0001:00007c20       ?sub_insert_node@?$TTreeHoldRB@U?$TScatterArrayNode@UGlyph@RMultiImage2D_SDL_ttf@SDL_core@ui@modules@UModSys@@H@tl@UModSys@@@tl@UModSys@@QEAAXPEAU?$TScatterArrayNode@UGlyph@RMultiImage2D_SDL_ttf@SDL_core@ui@modules@UModSys@@H@23@0H@Z 0000000180008c20 f i umodsys_lib_libui:umodsys.mod.ui.SDL_core.obj
 0001:00007c20       ?sub_insert_node@?$TTreeHoldRB@U?$TScatterArrayNode@HH@tl@UModSys@@@tl@UModSys@@QEAAXPEAU?$TScatterArrayNode@HH@23@0H@Z 0000000180008c20 f i umodsys_lib_libui:umodsys.mod.ui.frames.obj
 0001:00007c20       ?sub_insert_node@?$TTreeHoldRB@U?$TScatterArrayNode@U?$TVector2@M@math3d@UModSys@@H@tl@UModSys@@@tl@UModSys@@QEAAXPEAU?$TScatterArrayNode@U?$TVector2@M@math3d@UModSys@@H@23@0H@Z 0000000180008c20 f i umodsys_lib_libui:umodsys.mod.ui.frames.obj
 0001:00007e00       ??1?$TRefObject@URRenderDriver2D@SDL_core@ui@modules@UModSys@@U?$TRefObjectWeakFunc@URRenderDriver2D@SDL_core@ui@modules@UModSys@@@tl@5@@tl@UModSys@@QEAA@XZ 0000000180008e00 f i umodsys_lib_libui:umodsys.mod.ui.SDL_core.obj
 0001:00007e00       ??1?$TRefObject@URMultiImage2D_SDL_ttf@SDL_core@ui@modules@UModSys@@U?$TRefObjectWeakFunc@URMultiImage2D_SDL_ttf@SDL_core@ui@modules@UModSys@@@tl@5@@tl@UModSys@@QEAA@XZ 0000000180008e00 f i umodsys_lib_libui:umodsys.mod.ui.SDL_core.obj
 0001:00007e34       ??1SController@libui@UModSys@@QEAA@XZ 0000000180008e34 f i umodsys_lib_libui:umodsys.mod.ui.frames.obj
 0001:00007e7c       ?db_get_i@SController@libui@UModSys@@QEAAHQEBD@Z 0000000180008e7c f i umodsys_lib_libui:umodsys.mod.ui.frames.obj
 0001:00007f1c       ?update_size@libui@UModSys@@YA_NAEAU?$TBoundBox2@H@math3d@2@AEBUSFrameSize@12@AEBU342@@Z 0000000180008f1c f i umodsys_lib_libui:umodsys.mod.ui.frames.obj
 0001:00008054       ?command@SController@libui@UModSys@@QEAA_NHAEBUSFrameDataIn@23@@Z 0000000180009054 f i umodsys_lib_libui:umodsys.mod.ui.frames.obj
 0001:000080c8       ?get_property@ICollectorThemeTemplate@libui@UModSys@@UEBA_NHHAEAU?$TVector4@M@math3d@3@@Z 00000001800090c8 f i umodsys_lib_libui:umodsys.mod.ui.frames.obj
 0001:0000817c       ?get_property@ICollectorThemeTemplate@libui@UModSys@@UEBA_NHHAEAU?$TVector4@H@math3d@3@@Z 000000018000917c f i umodsys_lib_libui:umodsys.mod.ui.frames.obj
 0001:00008280       ?get_property@ICollectorThemeTemplate@libui@UModSys@@UEBA_NHHAEAU?$TVector2@M@math3d@3@@Z 0000000180009280 f i umodsys_lib_libui:umodsys.mod.ui.frames.obj
 0001:00008334       ?get_property@ICollectorThemeTemplate@libui@UModSys@@UEBA_NHHAEAU?$TVector2@H@math3d@3@@Z 0000000180009334 f i umodsys_lib_libui:umodsys.mod.ui.frames.obj
 0001:000083fc       ?get_property@ICollectorThemeTemplate@libui@UModSys@@UEBA_NHHAEAH@Z 00000001800093fc f i umodsys_lib_libui:umodsys.mod.ui.frames.obj
 0001:000084ac       ?set_property@ICollectorThemeTemplate@libui@UModSys@@UEAA_NHHAEBU?$TVector4@M@math3d@3@@Z 00000001800094ac f i umodsys_lib_libui:umodsys.mod.ui.frames.obj
 0001:000084f0       ?set_property@ICollectorThemeTemplate@libui@UModSys@@UEAA_NHHAEBU?$TVector4@H@math3d@3@@Z 00000001800094f0 f i umodsys_lib_libui:umodsys.mod.ui.frames.obj
 0001:00008598       ?set_property@ICollectorThemeTemplate@libui@UModSys@@UEAA_NHHAEBU?$TVector2@M@math3d@3@@Z 0000000180009598 f i umodsys_lib_libui:umodsys.mod.ui.frames.obj
 0001:000085d8       ?set_property@ICollectorThemeTemplate@libui@UModSys@@UEAA_NHHAEBU?$TVector2@H@math3d@3@@Z 00000001800095d8 f i umodsys_lib_libui:umodsys.mod.ui.frames.obj
 0001:00008634       ?set_property@ICollectorThemeTemplate@libui@UModSys@@UEAA_NHHH@Z 0000000180009634 f i umodsys_lib_libui:umodsys.mod.ui.frames.obj
 0001:00008718       ??1ICollectorThemeTemplate@libui@UModSys@@QEAA@XZ 0000000180009718 f i umodsys_lib_libui:umodsys.mod.ui.frames.obj
 0001:00008814       ?get_group_index@RCollectorTheme@frames@ui@modules@UModSys@@UEAAHPEBD@Z 0000000180009814 f   umodsys_lib_libui:umodsys.mod.ui.frames.obj
 0001:000088e8       ?get_elem_index@RCollectorTheme@frames@ui@modules@UModSys@@UEAAHPEBD@Z 00000001800098e8 f   umodsys_lib_libui:umodsys.mod.ui.frames.obj
 0001:00008aa4       ??1RCollectorTheme@frames@ui@modules@UModSys@@QEAA@XZ 0000000180009aa4 f   umodsys_lib_libui:umodsys.mod.ui.frames.obj
 0001:00008ab4       ?set_controller@RFrame_Common@frames@ui@modules@UModSys@@UEAA_NHPEAUIController@libui@5@PEAUIRefObject@core@5@@Z 0000000180009ab4 f i umodsys_lib_libui:umodsys.mod.ui.frames.obj
 0001:00008b40       ?get_controller@RFrame_Common@frames@ui@modules@UModSys@@UEAAPEAUIController@libui@5@XZ 0000000180009b40 f i umodsys_lib_libui:umodsys.mod.ui.frames.obj
 0001:00008b48       ?get_controller_context@RFrame_Common@frames@ui@modules@UModSys@@UEAAHXZ 0000000180009b48 f i umodsys_lib_libui:umodsys.mod.ui.frames.obj
 0001:00008b50       ?get_theme@RCollector@frames@ui@modules@UModSys@@UEAAPEAUICollectorTheme@libui@5@XZ 0000000180009b50 f i umodsys_lib_libui:umodsys.mod.ui.frames.obj
[...]
 0001:0001c664       ??__E?s_modreg_chain@RModuleReg@zlib@media@modules@UModSys@@2USModuleRegChain@base@5@A@@YAXXZ 000000018001d664 f    CIL library: CIL module
 0001:0001c68c       ??__E?s_uid@RGenerator@zlib@media@modules@UModSys@@2USUniquePointer@core@5@A@@YAXXZ 000000018001d68c f    CIL library: CIL module
 0001:0001c6c0       ??__E?s_id@?$TObjectUniqueID@URBinArchiveFrameClient_ZIP@zlib@media@modules@UModSys@@@tl@UModSys@@2USUniquePointer@core@3@A@@YAXXZ 000000018001d6c0 f    CIL library: CIL module
 0001:0001c6f4       ??__E?s_id@?$TObjectUniqueID@URGenerator@zlib@media@modules@UModSys@@@tl@UModSys@@2USUniquePointer@core@3@A@@YAXXZ 000000018001d6f4 f    CIL library: CIL module
 0001:0001c728       ??__EM@UModSys@@YAXXZ      000000018001d728 f    CIL library: CIL module
 0001:0001c734       ??__E?root@SModuleRegChain@base@UModSys@@2U123@A@@YAXXZ 000000018001d734 f    CIL library: CIL module
 0001:0001c740       ??__E?s_library@RModuleLibraryReg_Chain@base@UModSys@@2U123@A@@YAXXZ 000000018001d740 f    CIL library: CIL module
 0001:0001c74c       ??__E?root@SUniquePointer@core@UModSys@@2U123@A@@YAXXZ 000000018001d74c f    CIL library: CIL module
 0001:0001c758       ??__F?s_modreg@RModuleReg@test1@test@modules@UModSys@@2U12345@A@@YAXXZ 000000018001d758 f    CIL library: CIL module
 0001:0001c768       ??__F?s_modreg_chain@RModuleReg@test1@test@modules@UModSys@@2USModuleRegChain@base@5@A@@YAXXZ 000000018001d768 f    CIL library: CIL module
 0001:0001c774       ??__F?s_uid@RGenerator@test1@test@modules@UModSys@@2USUniquePointer@core@5@A@@YAXXZ 000000018001d774 f    CIL library: CIL module
 0001:0001c780       ??__Fh@?1??s_holder@RGenerator@test1@test@modules@UModSys@@SAAEAU?$TTypeStaticHolder@URGenerator@test1@test@modules@UModSys@@@tl@5@XZ@YAXXZ 000000018001d780 f    CIL library: CIL module
 0001:0001c7a8       ??__F?s_id@?$TObjectUniqueID@URGenerator@test1@test@modules@UModSys@@@tl@UModSys@@2USUniquePointer@core@3@A@@YAXXZ 000000018001d7a8 f    CIL library: CIL module
 0001:0001c7b4       ??__F?s_id@?$TObjectUniqueID@URTest1_Shell@test1@test@modules@UModSys@@@tl@UModSys@@2USUniquePointer@core@3@A@@YAXXZ 000000018001d7b4 f    CIL library: CIL module
 0001:0001c7c0       ??__F?s_id@?$TObjectUniqueID@URLines_Filter@test1@test@modules@UModSys@@@tl@UModSys@@2USUniquePointer@core@3@A@@YAXXZ 000000018001d7c0 f    CIL library: CIL module
 0001:0001c7cc       ??__F?s_id@?$TObjectUniqueID@URLines@test1@test@modules@UModSys@@@tl@UModSys@@2USUniquePointer@core@3@A@@YAXXZ 000000018001d7cc f    CIL library: CIL module
 0001:0001c7d8       ??__F?s_id@?$TObjectUniqueID@UILines@test1@test@modules@UModSys@@@tl@UModSys@@2USUniquePointer@core@3@A@@YAXXZ 000000018001d7d8 f    CIL library: CIL module
 0001:0001c7e4       ??__F?s_id@?$TObjectUniqueID@UIRenderDriver@lib2d@UModSys@@@tl@UModSys@@2USUniquePointer@core@3@A@@YAXXZ 000000018001d7e4 f    CIL library: CIL module
 0001:0001c7f0       ??__F?s_id@?$TObjectUniqueID@UIMultiImage@lib2d@UModSys@@@tl@UModSys@@2USUniquePointer@core@3@A@@YAXXZ 000000018001d7f0 f    CIL library: CIL module
 0001:0001c7fc       ??__F?s_id@?$TObjectUniqueID@UIImage@lib2d@UModSys@@@tl@UModSys@@2USUniquePointer@core@3@A@@YAXXZ 000000018001d7fc f    CIL library: CIL module
 0001:0001c808       ??__F?s_id@?$TObjectUniqueID@UIDialog@libui@UModSys@@@tl@UModSys@@2USUniquePointer@core@3@A@@YAXXZ 000000018001d808 f    CIL library: CIL module
 0001:0001c814       ??__F?s_id@?$TObjectUniqueID@UIFrame@libui@UModSys@@@tl@UModSys@@2USUniquePointer@core@3@A@@YAXXZ 000000018001d814 f    CIL library: CIL module
 0001:0001c820       ??__F?s_id@?$TObjectUniqueID@UIAsyncCollector@libui@UModSys@@@tl@UModSys@@2USUniquePointer@core@3@A@@YAXXZ 000000018001d820 f    CIL library: CIL module
 0001:0001c82c       ??__F?s_id@?$TObjectUniqueID@UIAsyncController@libui@UModSys@@@tl@UModSys@@2USUniquePointer@core@3@A@@YAXXZ 000000018001d82c f    CIL library: CIL module
 0001:0001c838       ??__F?s_id@?$TObjectUniqueID@UICollector@libui@UModSys@@@tl@UModSys@@2USUniquePointer@core@3@A@@YAXXZ 000000018001d838 f    CIL library: CIL module
 0001:0001c844       ??__F?s_id@?$TObjectUniqueID@UIConsoleHelperInput_UIKey@libui@UModSys@@@tl@UModSys@@2USUniquePointer@core@3@A@@YAXXZ 000000018001d844 f    CIL library: CIL module
 0001:0001c850       ??__F?s_id@?$TObjectUniqueID@UITerminal@libui@UModSys@@@tl@UModSys@@2USUniquePointer@core@3@A@@YAXXZ 000000018001d850 f    CIL library: CIL module
 0001:0001c85c       ??__F?s_id@?$TObjectUniqueID@UIJoystickController@libui@UModSys@@@tl@UModSys@@2USUniquePointer@core@3@A@@YAXXZ 000000018001d85c f    CIL library: CIL module
 0001:0001c868       ??__F?s_id@?$TObjectUniqueID@UIMouseController@libui@UModSys@@@tl@UModSys@@2USUniquePointer@core@3@A@@YAXXZ 000000018001d868 f    CIL library: CIL module
 0001:0001c874       ??__F?s_id@?$TObjectUniqueID@UIKeyboardController@libui@UModSys@@@tl@UModSys@@2USUniquePointer@core@3@A@@YAXXZ 000000018001d874 f    CIL library: CIL module
 0001:0001c880       ??__F?s_id@?$TObjectUniqueID@UIConsoleHelperOutputFCS@base@UModSys@@@tl@UModSys@@2USUniquePointer@core@3@A@@YAXXZ 000000018001d880 f    CIL library: CIL module
 0001:0001c88c       ??__F?s_id@?$TObjectUniqueID@UIConsoleHelperOutput@base@UModSys@@@tl@UModSys@@2USUniquePointer@core@3@A@@YAXXZ 000000018001d88c f    CIL library: CIL module
 0001:0001c898       ??__F?s_id@?$TObjectUniqueID@UIConsoleHelperInput@base@UModSys@@@tl@UModSys@@2USUniquePointer@core@3@A@@YAXXZ 000000018001d898 f    CIL library: CIL module
 0001:0001c8a4       ??__F?s_id@?$TObjectUniqueID@UIConsoleHelperHistory@base@UModSys@@@tl@UModSys@@2USUniquePointer@core@3@A@@YAXXZ 000000018001d8a4 f    CIL library: CIL module
 0001:0001c8b0       ??__F?s_id@?$TObjectUniqueID@UIConsoleHelper@base@UModSys@@@tl@UModSys@@2USUniquePointer@core@3@A@@YAXXZ 000000018001d8b0 f    CIL library: CIL module
 0001:0001c8bc       ??__F?s_id@?$TObjectUniqueID@UIConsoleExt@base@UModSys@@@tl@UModSys@@2USUniquePointer@core@3@A@@YAXXZ 000000018001d8bc f    CIL library: CIL module
 0001:0001c8c8       ??__F?s_id@?$TObjectUniqueID@UISerializeWriter@libmedia@UModSys@@@tl@UModSys@@2USUniquePointer@core@3@A@@YAXXZ 000000018001d8c8 f    CIL library: CIL module
 0001:0001c8d4       ??__F?s_id@?$TObjectUniqueID@UISerializeReader@libmedia@UModSys@@@tl@UModSys@@2USUniquePointer@core@3@A@@YAXXZ 000000018001d8d4 f    CIL library: CIL module
 0001:0001c8e0       ??__F?s_id@?$TObjectUniqueID@UIClient@IBinArchiveFrame@libmedia@UModSys@@@tl@UModSys@@2USUniquePointer@core@3@A@@YAXXZ 000000018001d8e0 f    CIL library: CIL module
 0001:0001c8ec       ??__F?s_id@?$TObjectUniqueID@UIBinArchiveFrame@libmedia@UModSys@@@tl@UModSys@@2USUniquePointer@core@3@A@@YAXXZ 000000018001d8ec f    CIL library: CIL module
 0001:0001c8f8       ??__F?s_id@?$TObjectUniqueID@UILibraryLayered@libmedia@UModSys@@@tl@UModSys@@2USUniquePointer@core@3@A@@YAXXZ 000000018001d8f8 f    CIL library: CIL module
 0001:0001c904       ??__F?s_id@?$TObjectUniqueID@UILibraryObjCache@libmedia@UModSys@@@tl@UModSys@@2USUniquePointer@core@3@A@@YAXXZ 000000018001d904 f    CIL library: CIL module
 0001:0001c910       ??__F?s_id@?$TObjectUniqueID@UILibraryObjFilter@libmedia@UModSys@@@tl@UModSys@@2USUniquePointer@core@3@A@@YAXXZ 000000018001d910 f    CIL library: CIL module
 0001:0001c91c       ??__F?s_id@?$TObjectUniqueID@UILibraryBinCache@libmedia@UModSys@@@tl@UModSys@@2USUniquePointer@core@3@A@@YAXXZ 000000018001d91c f    CIL library: CIL module
 0001:0001c928       ??__F?s_id@?$TObjectUniqueID@UILibraryBinTree@libmedia@UModSys@@@tl@UModSys@@2USUniquePointer@core@3@A@@YAXXZ 000000018001d928 f    CIL library: CIL module
 0001:0001c934       ??__F?s_id@?$TObjectUniqueID@UILibrary@libmedia@UModSys@@@tl@UModSys@@2USUniquePointer@core@3@A@@YAXXZ 000000018001d934 f    CIL library: CIL module
 0001:0001c940       ??__F?s_id@?$TObjectUniqueID@UIBinObjFilter@libmedia@UModSys@@@tl@UModSys@@2USUniquePointer@core@3@A@@YAXXZ 000000018001d940 f    CIL library: CIL module
 0001:0001c94c       ??__F?s_id@?$TObjectUniqueID@UIBinArchive@libmedia@UModSys@@@tl@UModSys@@2USUniquePointer@core@3@A@@YAXXZ 000000018001d94c f    CIL library: CIL module
 0001:0001c958       ??__F?s_id@?$TObjectUniqueID@UILibObject@libmedia@UModSys@@@tl@UModSys@@2USUniquePointer@core@3@A@@YAXXZ 000000018001d958 f    CIL library: CIL module
 0001:0001c964       ??__F?s_id@?$TObjectUniqueID@UIUtilities@libmedia@UModSys@@@tl@UModSys@@2USUniquePointer@core@3@A@@YAXXZ 000000018001d964 f    CIL library: CIL module
 0001:0001c970       ??__F?s_id@?$TObjectUniqueID@UIStreamWriter@libmedia@UModSys@@@tl@UModSys@@2USUniquePointer@core@3@A@@YAXXZ 000000018001d970 f    CIL library: CIL module
 0001:0001c97c       ??__F?s_id@?$TObjectUniqueID@UIStreamReader@libmedia@UModSys@@@tl@UModSys@@2USUniquePointer@core@3@A@@YAXXZ 000000018001d97c f    CIL library: CIL module
 0001:0001c988       ??__F?s_id@?$TObjectUniqueID@UISystem@base@UModSys@@@tl@UModSys@@2USUniquePointer@core@3@A@@YAXXZ 000000018001d988 f    CIL library: CIL module
 0001:0001c994       ??__F?s_id@?$TObjectUniqueID@UIConsole@base@UModSys@@@tl@UModSys@@2USUniquePointer@core@3@A@@YAXXZ 000000018001d994 f    CIL library: CIL module
 0001:0001c9a0       ??__F?s_id@?$TObjectUniqueID@UIShell@base@UModSys@@@tl@UModSys@@2USUniquePointer@core@3@A@@YAXXZ 000000018001d9a0 f    CIL library: CIL module
 0001:0001c9ac       ??__F?s_id@?$TObjectUniqueID@UIGenerator@base@UModSys@@@tl@UModSys@@2USUniquePointer@core@3@A@@YAXXZ 000000018001d9ac f    CIL library: CIL module
 0001:0001c9b8       ??__F?s_id@?$TObjectUniqueID@UIModObject@base@UModSys@@@tl@UModSys@@2USUniquePointer@core@3@A@@YAXXZ 000000018001d9b8 f    CIL library: CIL module
 0001:0001c9c4       ??__F?s_id@?$TObjectUniqueID@UIModuleLibrary@base@UModSys@@@tl@UModSys@@2USUniquePointer@core@3@A@@YAXXZ 000000018001d9c4 f    CIL library: CIL module
 0001:0001c9d0       ??__F?s_id@?$TObjectUniqueID@UIModule@base@UModSys@@@tl@UModSys@@2USUniquePointer@core@3@A@@YAXXZ 000000018001d9d0 f    CIL library: CIL module
 0001:0001c9dc       ??__F?s_id@?$TObjectUniqueID@UIParameters@core@UModSys@@@tl@UModSys@@2USUniquePointer@core@3@A@@YAXXZ 000000018001d9dc f    CIL library: CIL module
 0001:0001c9e8       ??__F?s_id@?$TObjectUniqueID@UIRefObject@core@UModSys@@@tl@UModSys@@2USUniquePointer@core@3@A@@YAXXZ 000000018001d9e8 f    CIL library: CIL module
 0001:0001c9f4       ??__F?s_id@?$TObjectUniqueID@UIRoot@core@UModSys@@@tl@UModSys@@2USUniquePointer@core@3@A@@YAXXZ 000000018001d9f4 f    CIL library: CIL module
 0001:0001ca00       ??__F?s_modreg@RModuleReg@stdlib@lib2d@modules@UModSys@@2U12345@A@@YAXXZ 000000018001da00 f    CIL library: CIL module
 0001:0001ca10       ??__F?s_modreg_chain@RModuleReg@stdlib@lib2d@modules@UModSys@@2USModuleRegChain@base@5@A@@YAXXZ 000000018001da10 f    CIL library: CIL module
 0001:0001ca1c       ??__F?s_uid@RGenerator@stdlib@lib2d@modules@UModSys@@2USUniquePointer@core@5@A@@YAXXZ 000000018001da1c f    CIL library: CIL module
 0001:0001ca28       ??__Fh@?1??s_holder@RGenerator@stdlib@lib2d@modules@UModSys@@SAAEAU?$TTypeStaticHolder@URGenerator@stdlib@lib2d@modules@UModSys@@@tl@5@XZ@YAXXZ 000000018001da28 f    CIL library: CIL module
 0001:0001ca50       ??__F?s_id@?$TObjectUniqueID@URGenerator@stdlib@lib2d@modules@UModSys@@@tl@UModSys@@2USUniquePointer@core@3@A@@YAXXZ 000000018001da50 f    CIL library: CIL module
 0001:0001ca5c       ??__F?s_id@?$TObjectUniqueID@URImage_Memory@stdlib@lib2d@modules@UModSys@@@tl@UModSys@@2USUniquePointer@core@3@A@@YAXXZ 000000018001da5c f    CIL library: CIL module
 0001:0001ca68       ??__F?s_modreg@RModuleReg@SDL_core@ui@modules@UModSys@@2U12345@A@@YAXXZ 000000018001da68 f    CIL library: CIL module
 0001:0001ca78       ??__F?s_modreg_chain@RModuleReg@SDL_core@ui@modules@UModSys@@2USModuleRegChain@base@5@A@@YAXXZ 000000018001da78 f    CIL library: CIL module
 0001:0001ca84       ??__F?s_uid@RGenerator@SDL_core@ui@modules@UModSys@@2USUniquePointer@core@5@A@@YAXXZ 000000018001da84 f    CIL library: CIL module
 0001:0001ca90       ??__Fh@?1??s_holder@RGenerator@SDL_core@ui@modules@UModSys@@SAAEAU?$TTypeStaticHolder@URGenerator@SDL_core@ui@modules@UModSys@@@tl@5@XZ@YAXXZ 000000018001da90 f    CIL library: CIL module
 0001:0001cab8       ??__F?s_id@?$TObjectUniqueID@URGenerator@SDL_core@ui@modules@UModSys@@@tl@UModSys@@2USUniquePointer@core@3@A@@YAXXZ 000000018001dab8 f    CIL library: CIL module
 0001:0001cac4       ??__F?s_id@?$TObjectUniqueID@URTerminal@SDL_core@ui@modules@UModSys@@@tl@UModSys@@2USUniquePointer@core@3@A@@YAXXZ 000000018001dac4 f    CIL library: CIL module
 0001:0001cad0       ??__F?s_id@?$TObjectUniqueID@URKeyboardController@SDL_core@ui@modules@UModSys@@@tl@UModSys@@2USUniquePointer@core@3@A@@YAXXZ 000000018001dad0 f    CIL library: CIL module
 0001:0001cadc       ??__F?s_id@?$TObjectUniqueID@URMouseController@SDL_core@ui@modules@UModSys@@@tl@UModSys@@2USUniquePointer@core@3@A@@YAXXZ 000000018001dadc f    CIL library: CIL module
 0001:0001cae8       ??__F?s_id@?$TObjectUniqueID@URRenderDriver2D@SDL_core@ui@modules@UModSys@@@tl@UModSys@@2USUniquePointer@core@3@A@@YAXXZ 000000018001dae8 f    CIL library: CIL module
 0001:0001caf4       ??__F?s_id@?$TObjectUniqueID@URMultiImage2D_SDL_ttf@SDL_core@ui@modules@UModSys@@@tl@UModSys@@2USUniquePointer@core@3@A@@YAXXZ 000000018001daf4 f    CIL library: CIL module
 0001:0001cb00       ??__F?s_modreg@RModuleReg@frames@ui@modules@UModSys@@2U12345@A@@YAXXZ 000000018001db00 f    CIL library: CIL module
 0001:0001cb10       ??__F?s_modreg_chain@RModuleReg@frames@ui@modules@UModSys@@2USModuleRegChain@base@5@A@@YAXXZ 000000018001db10 f    CIL library: CIL module
 0001:0001cb1c       ??__F?s_uid@RGenerator@frames@ui@modules@UModSys@@2USUniquePointer@core@5@A@@YAXXZ 000000018001db1c f    CIL library: CIL module
 0001:0001cb28       ??__Fh@?1??s_holder@RGenerator@frames@ui@modules@UModSys@@SAAEAU?$TTypeStaticHolder@URGenerator@frames@ui@modules@UModSys@@@tl@5@XZ@YAXXZ 000000018001db28 f    CIL library: CIL module
 0001:0001cb50       ??__F?s_id@?$TObjectUniqueID@URGenerator@frames@ui@modules@UModSys@@@tl@UModSys@@2USUniquePointer@core@3@A@@YAXXZ 000000018001db50 f    CIL library: CIL module
 0001:0001cb5c       ??__F?s_id@?$TObjectUniqueID@URCollector@frames@ui@modules@UModSys@@@tl@UModSys@@2USUniquePointer@core@3@A@@YAXXZ 000000018001db5c f    CIL library: CIL module
 0001:0001cb68       ??__F?s_id@?$TObjectUniqueID@URFrame_List@frames@ui@modules@UModSys@@@tl@UModSys@@2USUniquePointer@core@3@A@@YAXXZ 000000018001db68 f    CIL library: CIL module
 0001:0001cb74       ??__F?s_id@?$TObjectUniqueID@URFrame_Edit@frames@ui@modules@UModSys@@@tl@UModSys@@2USUniquePointer@core@3@A@@YAXXZ 000000018001db74 f    CIL library: CIL module
 0001:0001cb80       ??__F?s_id@?$TObjectUniqueID@URFrame_Button@frames@ui@modules@UModSys@@@tl@UModSys@@2USUniquePointer@core@3@A@@YAXXZ 000000018001db80 f    CIL library: CIL module
 0001:0001cb8c       ??__F?s_id@?$TObjectUniqueID@URFrame_Text@frames@ui@modules@UModSys@@@tl@UModSys@@2USUniquePointer@core@3@A@@YAXXZ 000000018001db8c f    CIL library: CIL module
 0001:0001cb98       ??__F?s_id@?$TObjectUniqueID@URFrame_Image@frames@ui@modules@UModSys@@@tl@UModSys@@2USUniquePointer@core@3@A@@YAXXZ 000000018001db98 f    CIL library: CIL module
 0001:0001cba4       ??__F?s_id@?$TObjectUniqueID@URFrame_Frame@frames@ui@modules@UModSys@@@tl@UModSys@@2USUniquePointer@core@3@A@@YAXXZ 000000018001dba4 f    CIL library: CIL module
 0001:0001cbb0       ??__F?s_id@?$TObjectUniqueID@URDialog@frames@ui@modules@UModSys@@@tl@UModSys@@2USUniquePointer@core@3@A@@YAXXZ 000000018001dbb0 f    CIL library: CIL module
 0001:0001cbbc       ??__F?s_id@?$TObjectUniqueID@URFrame_Common@frames@ui@modules@UModSys@@@tl@UModSys@@2USUniquePointer@core@3@A@@YAXXZ 000000018001dbbc f    CIL library: CIL module
 0001:0001cbc8       ??__F?s_modreg@RModuleReg@images_std@media@modules@UModSys@@2U12345@A@@YAXXZ 000000018001dbc8 f    CIL library: CIL module
 0001:0001cbd8       ??__F?s_modreg_chain@RModuleReg@images_std@media@modules@UModSys@@2USModuleRegChain@base@5@A@@YAXXZ 000000018001dbd8 f    CIL library: CIL module
 0001:0001cbe4       ??__F?s_uid@RGenerator@images_std@media@modules@UModSys@@2USUniquePointer@core@5@A@@YAXXZ 000000018001dbe4 f    CIL library: CIL module
 0001:0001cbf0       ??__Fh@?1??s_holder@RGenerator@images_std@media@modules@UModSys@@SAAEAU?$TTypeStaticHolder@URGenerator@images_std@media@modules@UModSys@@@tl@5@XZ@YAXXZ 000000018001dbf0 f    CIL library: CIL module
 0001:0001cc18       ??__F?s_id@?$TObjectUniqueID@URGenerator@images_std@media@modules@UModSys@@@tl@UModSys@@2USUniquePointer@core@3@A@@YAXXZ 000000018001dc18 f    CIL library: CIL module
 0001:0001cc24       ??__F?s_id@?$TObjectUniqueID@URMediaFilter@images_std@media@modules@UModSys@@@tl@UModSys@@2USUniquePointer@core@3@A@@YAXXZ 000000018001dc24 f    CIL library: CIL module
 0001:0001cc30       ??__F?s_modreg@RModuleReg@serialize_json@media@modules@UModSys@@2U12345@A@@YAXXZ 000000018001dc30 f    CIL library: CIL module
 0001:0001cc40       ??__F?s_modreg_chain@RModuleReg@serialize_json@media@modules@UModSys@@2USModuleRegChain@base@5@A@@YAXXZ 000000018001dc40 f    CIL library: CIL module
 0001:0001cc4c       ??__F?s_uid@RGenerator@serialize_json@media@modules@UModSys@@2USUniquePointer@core@5@A@@YAXXZ 000000018001dc4c f    CIL library: CIL module
 0001:0001cc58       ??__Fh@?1??s_holder@RGenerator@serialize_json@media@modules@UModSys@@SAAEAU?$TTypeStaticHolder@URGenerator@serialize_json@media@modules@UModSys@@@tl@5@XZ@YAXXZ 000000018001dc58 f    CIL library: CIL module
 0001:0001cc80       ??__F?s_id@?$TObjectUniqueID@URGenerator@serialize_json@media@modules@UModSys@@@tl@UModSys@@2USUniquePointer@core@3@A@@YAXXZ 000000018001dc80 f    CIL library: CIL module
 0001:0001cc8c       ??__F?s_id@?$TObjectUniqueID@URSerializeWriter@serialize_json@media@modules@UModSys@@@tl@UModSys@@2USUniquePointer@core@3@A@@YAXXZ 000000018001dc8c f    CIL library: CIL module
 0001:0001cc98       ??__F?s_id@?$TObjectUniqueID@URSerializeReader@serialize_json@media@modules@UModSys@@@tl@UModSys@@2USUniquePointer@core@3@A@@YAXXZ 000000018001dc98 f    CIL library: CIL module
 0001:0001cca4       ??__F?s_modreg@RModuleReg@zlib@media@modules@UModSys@@2U12345@A@@YAXXZ 000000018001dca4 f    CIL library: CIL module
 0001:0001ccb4       ??__F?s_modreg_chain@RModuleReg@zlib@media@modules@UModSys@@2USModuleRegChain@base@5@A@@YAXXZ 000000018001dcb4 f    CIL library: CIL module
 0001:0001ccc0       ??__F?s_uid@RGenerator@zlib@media@modules@UModSys@@2USUniquePointer@core@5@A@@YAXXZ 000000018001dcc0 f    CIL library: CIL module
 0001:0001cccc       ??__Fh@?1??s_holder@RGenerator@zlib@media@modules@UModSys@@SAAEAU?$TTypeStaticHolder@URGenerator@zlib@media@modules@UModSys@@@tl@5@XZ@YAXXZ 000000018001dccc f    CIL library: CIL module
 0001:0001ccf4       ??__F?s_id@?$TObjectUniqueID@URGenerator@zlib@media@modules@UModSys@@@tl@UModSys@@2USUniquePointer@core@3@A@@YAXXZ 000000018001dcf4 f    CIL library: CIL module
 0001:0001cd00       ??__F?s_id@?$TObjectUniqueID@URBinArchiveFrameClient_ZIP@zlib@media@modules@UModSys@@@tl@UModSys@@2USUniquePointer@core@3@A@@YAXXZ 000000018001dd00 f    CIL library: CIL module
 0001:0001cd0c       ??__FM@UModSys@@YAXXZ      000000018001dd0c f    CIL library: CIL module
 0001:0001cd10       ??__F?root@SModuleRegChain@base@UModSys@@2U123@A@@YAXXZ 000000018001dd10 f    CIL library: CIL module
 0001:0001cd1c       ??__F?s_library@RModuleLibraryReg_Chain@base@UModSys@@2U123@A@@YAXXZ 000000018001dd1c f    CIL library: CIL module
 0001:0001cd2c       ??__F?root@SUniquePointer@core@UModSys@@2U123@A@@YAXXZ 000000018001dd2c f    CIL library: CIL module

 Exports

  ordinal    name

        1    UModSys_Plugin_Entry2
