 plugin_test1

 Timestamp is 5257f04b (Fri Oct 11 15:34:19 2013)

 Preferred load address is 0000000180000000

 Start         Length     Name                   Class
 0001:00000000 0000161cH .text                   CODE
 0001:00001620 00000214H .text$x                 CODE
 0001:00001834 0000043cH .text$yc                CODE
 0001:00001c70 00000198H .text$yd                CODE
 0002:00000000 000000e8H .idata$5                DATA
 0002:000000e8 00000008H .CRT$XCA                DATA
 0002:000000f0 00000218H .CRT$XCU                DATA
 0002:00000308 00000008H .CRT$XCZ                DATA
 0002:00000310 00000008H .CRT$XIA                DATA
 0002:00000318 00000008H .CRT$XIAA               DATA
 0002:00000320 00000008H .CRT$XIZ                DATA
 0002:00000330 000007a8H .rdata                  DATA
 0002:00000ad8 00000584H .rdata$r                DATA
 0002:00001060 00000008H .rtc$IAA                DATA
 0002:00001068 00000008H .rtc$IZZ                DATA
 0002:00001070 00000008H .rtc$TAA                DATA
 0002:00001078 00000008H .rtc$TZZ                DATA
 0002:00001080 000002b4H .xdata                  DATA
 0002:00001334 00000028H .idata$2                DATA
 0002:0000135c 00000014H .idata$3                DATA
 0002:00001370 000000e8H .idata$4                DATA
 0002:00001458 00000214H .idata$6                DATA
 0002:00001670 00000059H .edata                  DATA
 0003:00000000 00000368H .data                   DATA
 0003:00000368 000003d8H .bss                    DATA
 0004:00000000 00000354H .pdata                  DATA

  Address         Publics by Value              Rva+Base               Lib:Object

 0000:00000000       ___safe_se_handler_count   0000000000000000     <absolute>
 0000:00000000       ___safe_se_handler_table   0000000000000000     <absolute>
 0000:00000000       __ImageBase                0000000180000000     <linker-defined>
 0001:00000000       ??6SUniquePtrList@core@UModSys@@QEAAAEAU012@PEBUSUniquePointerInfo@12@@Z 0000000180001000 f i plugin_test1.obj
 0001:000000b8       ?get_interface_info@RTest1_Shell@test1@test@modules@UModSys@@UEBAAEBUSUniquePointerInfo@core@5@XZ 00000001800010b8 f i plugin_test1.obj
 0001:000000c0       ?get_interface_type@RTest1_Shell@test1@test@modules@UModSys@@UEBAPEBUSUniquePointerInfo@core@5@XZ 00000001800010c0 f i plugin_test1.obj
 0001:000000c8       ?get_interface_types@RTest1_Shell@test1@test@modules@UModSys@@UEBA_KAEAUSUniquePtrList@core@5@@Z 00000001800010c8 f i plugin_test1.obj
 0001:000000c8       ?get_interface_types@RGenerator@test1@test@modules@UModSys@@UEBA_KAEAUSUniquePtrList@core@5@@Z 00000001800010c8 f i plugin_test1.obj
 0001:000000d0       ?get_other_interface@RTest1_Shell@test1@test@modules@UModSys@@UEAAPEAUIRoot@core@5@PEBUSUniquePointerInfo@75@@Z 00000001800010d0 f i plugin_test1.obj
 0001:000000d0       ?get_other_interface@RTest1_Shell@test1@test@modules@UModSys@@UEBAPEBUIRoot@core@5@PEBUSUniquePointerInfo@75@@Z 00000001800010d0 f i plugin_test1.obj
 0001:00000100       ?ref_remove@RTest1_Shell@test1@test@modules@UModSys@@UEBAXXZ 0000000180001100 f i plugin_test1.obj
 0001:00000100       ?ref_remove@RGenerator@test1@test@modules@UModSys@@UEBAXXZ 0000000180001100 f i plugin_test1.obj
 0001:00000118       ?ref_links@RGenerator@test1@test@modules@UModSys@@UEBAHXZ 0000000180001118 f i plugin_test1.obj
 0001:00000118       ?ref_links@RTest1_Shell@test1@test@modules@UModSys@@UEBAHXZ 0000000180001118 f i plugin_test1.obj
 0001:0000011c       ?suicide@RTest1_Shell@test1@test@modules@UModSys@@UEAAXXZ 000000018000111c f i plugin_test1.obj
 0001:00000178       ?file_test@RTest1_Shell@test1@test@modules@UModSys@@QEAAXXZ 0000000180001178 f i plugin_test1.obj
 0001:000005a0       ?connect@RTest1_Shell@test1@test@modules@UModSys@@UEAA_NXZ 00000001800015a0 f i plugin_test1.obj
 0001:000005c4       ?disconnect@RTest1_Shell@test1@test@modules@UModSys@@UEAA_NXZ 00000001800015c4 f i plugin_test1.obj
 0001:000005e8       ?process_tick@RTest1_Shell@test1@test@modules@UModSys@@UEAA_NAEBUSTimeMsec@core@5@@Z 00000001800015e8 f i plugin_test1.obj
 0001:00000620       ?process_command@RTest1_Shell@test1@test@modules@UModSys@@UEAA_NHQEBU?$TString@U?$TSCoreConst@D@su@tl@UModSys@@U?$TComparerBinaryHash@D@234@@tl@5@@Z 0000000180001620 f i plugin_test1.obj
 0001:00000644       ??1?$TParametersA@$0EAA@@core@UModSys@@QEAA@XZ 0000000180001644 f i plugin_test1.obj
 0001:00000660       ??_ERTest1_Shell@test1@test@modules@UModSys@@UEAAPEAXI@Z 0000000180001660 f i  CIL library: CIL module
 0001:00000660       ??_GRTest1_Shell@test1@test@modules@UModSys@@UEAAPEAXI@Z 0000000180001660 f i plugin_test1.obj
 0001:000006e0       ??1IShell@base@UModSys@@UEAA@XZ 00000001800016e0 f i plugin_test1.obj
 0001:000006ec       ??_EIRoot@core@UModSys@@UEAAPEAXI@Z 00000001800016ec f i  CIL library: CIL module
 0001:000006ec       ??_ERGenerator@test1@test@modules@UModSys@@UEAAPEAXI@Z 00000001800016ec f i  CIL library: CIL module
 0001:000006ec       ??_GRGenerator@test1@test@modules@UModSys@@UEAAPEAXI@Z 00000001800016ec f i plugin_test1.obj
 0001:000006ec       ??_GIRoot@core@UModSys@@UEAAPEAXI@Z 00000001800016ec f i plugin_test1.obj
 0001:000006fc       ?get_generated_names@RGenerator@test1@test@modules@UModSys@@UEBAHAEAUSUniquePtrList@core@5@@Z 00000001800016fc f i plugin_test1.obj
 0001:0000071c       ?get_generated_types@RGenerator@test1@test@modules@UModSys@@UEBAHAEAUSUniquePtrList@core@5@PEBUSUniquePointerInfo@75@@Z 000000018000171c f i plugin_test1.obj
 0001:00000778       ?generate@RGenerator@test1@test@modules@UModSys@@UEAA_NAEAU?$TRefObject@UIRefObject@core@UModSys@@@tl@5@PEBUSUniquePointerInfo@core@5@AEBUSParameters@95@@Z 0000000180001778 f i plugin_test1.obj
 0001:000008bc       ?get_interface_info@RGenerator@test1@test@modules@UModSys@@UEBAAEBUSUniquePointerInfo@core@5@XZ 00000001800018bc f i plugin_test1.obj
 0001:000008c4       ?get_interface_type@RGenerator@test1@test@modules@UModSys@@UEBAPEBUSUniquePointerInfo@core@5@XZ 00000001800018c4 f i plugin_test1.obj
 0001:000008cc       ?get_other_interface@RGenerator@test1@test@modules@UModSys@@UEBAPEBUIRoot@core@5@PEBUSUniquePointerInfo@75@@Z 00000001800018cc f i plugin_test1.obj
 0001:000008cc       ?get_other_interface@RGenerator@test1@test@modules@UModSys@@UEAAPEAUIRoot@core@5@PEBUSUniquePointerInfo@75@@Z 00000001800018cc f i plugin_test1.obj
 0001:00000904       ?ref_add@RTest1_Shell@test1@test@modules@UModSys@@UEBAXXZ 0000000180001904 f i plugin_test1.obj
 0001:00000904       ?ref_add@RGenerator@test1@test@modules@UModSys@@UEBAXXZ 0000000180001904 f i plugin_test1.obj
 0001:00000908       ?suicide@RGenerator@test1@test@modules@UModSys@@UEAAXXZ 0000000180001908 f i plugin_test1.obj
 0001:00000908       ?suicide@IRoot@core@UModSys@@UEAAXXZ 0000000180001908 f i umodsys_lib_core:umodsys.core.objects.obj
 0001:0000090c       ?get_uid@RGenerator@test1@test@modules@UModSys@@UEBAPEBUSUniquePointerInfo@core@5@XZ 000000018000190c f i plugin_test1.obj
 0001:00000914       ?do_open@RModuleReg@test1@test@modules@UModSys@@UEAA_NXZ 0000000180001914 f i plugin_test1.obj
 0001:00000998       ?do_close@RModuleReg@test1@test@modules@UModSys@@UEAA_NXZ 0000000180001998 f i plugin_test1.obj
 0001:00000a10       ??_GIModuleReg@base@UModSys@@UEAAPEAXI@Z 0000000180001a10 f i umodsys_lib_base:umodsys.base.modulereg.obj
 0001:00000a10       ??_ERModuleReg@test1@test@modules@UModSys@@UEAAPEAXI@Z 0000000180001a10 f i  CIL library: CIL module
 0001:00000a10       ??_GRModuleReg@test1@test@modules@UModSys@@UEAAPEAXI@Z 0000000180001a10 f i plugin_test1.obj
 0001:00000a10       ??_EIModuleReg@base@UModSys@@UEAAPEAXI@Z 0000000180001a10 f i  CIL library: CIL module
 0001:00000a38       ?get_module@RGenerator@test1@test@modules@UModSys@@UEBAPEAUIModule@base@5@XZ 0000000180001a38 f   plugin_test1.obj
 0001:00000a40       ?mod_inc@RGenerator@test1@test@modules@UModSys@@UEBA_NXZ 0000000180001a40 f   plugin_test1.obj
 0001:00000a50       ?mod_dec@RGenerator@test1@test@modules@UModSys@@UEBA_NXZ 0000000180001a50 f   plugin_test1.obj
 0001:00000a60       ?s_holder@RGenerator@test1@test@modules@UModSys@@SAAEAU?$TTypeStaticHolder@URGenerator@test1@test@modules@UModSys@@@tl@5@XZ 0000000180001a60 f   plugin_test1.obj
 0001:00000aa4       ??1?$TRefObject@UIModObject@base@UModSys@@@tl@UModSys@@QEAA@XZ 0000000180001aa4 f i plugin_test1.obj
 0001:00000aa4       ??1?$TRefObject@UIStreamReader@libmedia@UModSys@@@tl@UModSys@@QEAA@XZ 0000000180001aa4 f i plugin_test1.obj
 0001:00000aa4       ??1?$TRefObject@UIStreamWriter@libmedia@UModSys@@@tl@UModSys@@QEAA@XZ 0000000180001aa4 f i plugin_test1.obj
 0001:00000aa4       ??1?$TRefObject@UIRefObject@core@UModSys@@@tl@UModSys@@QEAA@XZ 0000000180001aa4 f i plugin_test1.obj
 0001:00000ac8       ?Link@SModuleContext@base@UModSys@@QEAAXPEAUISystem@23@PEAUIMemAlloc@core@3@@Z 0000000180001ac8 f   umodsys_lib_base:umodsys.base.modulecontext.obj
 0001:00000b20       ?mlr_count@RModuleLibraryReg_Chain@base@UModSys@@UEBA_KXZ 0000000180001b20 f   umodsys_lib_base:umodsys.base.moduleregchain.obj
 0001:00000b58       ?mlr_get@RModuleLibraryReg_Chain@base@UModSys@@UEBAPEAUIModuleReg@23@_K@Z 0000000180001b58 f   umodsys_lib_base:umodsys.base.moduleregchain.obj
 0001:00000b84       ?mlr_open@RModuleLibraryReg_Chain@base@UModSys@@UEAA_NPEAUISystem@23@PEAUIMemAlloc@core@3@@Z 0000000180001b84 f   umodsys_lib_base:umodsys.base.moduleregchain.obj
 0001:00000c08       ?mlr_close@RModuleLibraryReg_Chain@base@UModSys@@UEAA_NXZ 0000000180001c08 f   umodsys_lib_base:umodsys.base.moduleregchain.obj
 0001:00000c88       ?mlr_isopen@RModuleLibraryReg_Chain@base@UModSys@@UEBA_NXZ 0000000180001c88 f   umodsys_lib_base:umodsys.base.moduleregchain.obj
 0001:00000c98       ??_EIModuleLibraryReg@base@UModSys@@UEAAPEAXI@Z 0000000180001c98 f i  CIL library: CIL module
 0001:00000c98       ??_GIModuleLibraryReg@base@UModSys@@UEAAPEAXI@Z 0000000180001c98 f i umodsys_lib_base:umodsys.base.modulereg.obj
 0001:00000c98       ??_GRModuleLibraryReg_Chain@base@UModSys@@UEAAPEAXI@Z 0000000180001c98 f i umodsys_lib_base:umodsys.base.moduleregchain.obj
 0001:00000c98       ??_ERModuleLibraryReg_Chain@base@UModSys@@UEAAPEAXI@Z 0000000180001c98 f i  CIL library: CIL module
 0001:00000cc0       UModSys_Plugin_Entry2      0000000180001cc0 f   umodsys_lib_base:umodsys.so_main.win32.obj
 0001:00000cc8       ?mr_isopen@IModuleReg@base@UModSys@@UEBA_NXZ 0000000180001cc8 f   umodsys_lib_base:umodsys.base.modulereg.obj
 0001:00000cd4       ?mr_open@IModuleReg@base@UModSys@@UEAA_NXZ 0000000180001cd4 f   umodsys_lib_base:umodsys.base.modulereg.obj
 0001:00000cf8       ?mr_close@IModuleReg@base@UModSys@@UEAA_NXZ 0000000180001cf8 f   umodsys_lib_base:umodsys.base.modulereg.obj
 0001:00000d14       ??0SUniquePointer@core@UModSys@@QEAA@PEBD0H@Z 0000000180001d14 f   umodsys_lib_core:umodsys.core.uniqueptr.obj
 0001:00000d60       ??1SUniquePointer@core@UModSys@@QEAA@XZ 0000000180001d60 f   umodsys_lib_core:umodsys.core.uniqueptr.obj
 0001:00000d88       ??3IRoot@core@UModSys@@SAXPEAXAEBUSIMemAlloc@12@@Z 0000000180001d88 f   umodsys_lib_core:umodsys.core.objects.obj
 0001:00000d9c       _onexit                    0000000180001d9c f   MSVCRT:atonexit.obj
 0001:00000e4c       atexit                     0000000180001e4c f   MSVCRT:atonexit.obj
 0001:00000e64       _purecall                  0000000180001e64 f   MSVCRT:MSVCR90.dll
 0001:00000e6a       ??3@YAXPEAX@Z              0000000180001e6a f   MSVCRT:MSVCR90.dll
 0001:00000e70       ??_Etype_info@@UEAAPEAXI@Z 0000000180001e70 f i MSVCRT:ti_inst.obj
 0001:00000f3c       _CRT_INIT                  0000000180001f3c f   MSVCRT:crtdll.obj
 0001:000012d0       _DllMainCRTStartup         00000001800022d0 f   MSVCRT:crtdll.obj
 0001:0000130e       __C_specific_handler       000000018000230e f   MSVCRT:MSVCR90.dll
 0001:00001314       _unlock                    0000000180002314 f   MSVCRT:MSVCR90.dll
 0001:0000131a       __dllonexit                000000018000231a f   MSVCRT:MSVCR90.dll
 0001:00001320       _lock                      0000000180002320 f   MSVCRT:MSVCR90.dll
 0001:00001328       ?__ArrayUnwind@@YAXPEAX_KHP6AX0@Z@Z 0000000180002328 f   MSVCRT:ehvecdtr.obj
 0001:00001374       ??_M@YAXPEAX_KHP6AX0@Z@Z   0000000180002374 f   MSVCRT:ehvecdtr.obj
 0001:000013d4       __clean_type_info_names    00000001800023d4 f   MSVCRT:tncleanup.obj
 0001:000013e0       _RTC_Initialize            00000001800023e0 f   MSVCRT:_initsect_.obj
 0001:00001418       _RTC_Terminate             0000000180002418 f   MSVCRT:_initsect_.obj
 0001:00001450       _ValidateImageBase         0000000180002450 f   MSVCRT:pesect.obj
 0001:00001480       _FindPESection             0000000180002480 f   MSVCRT:pesect.obj
 0001:000014d0       _IsNonwritableInCurrentImage 00000001800024d0 f   MSVCRT:pesect.obj
 0001:00001512       _initterm                  0000000180002512 f   MSVCRT:MSVCR90.dll
 0001:00001518       _initterm_e                0000000180002518 f   MSVCRT:MSVCR90.dll
 0001:0000151e       _amsg_exit                 000000018000251e f   MSVCRT:MSVCR90.dll
 0001:00001524       __CppXcptFilter            0000000180002524 f   MSVCRT:MSVCR90.dll
 0001:0000152c       DllMain                    000000018000252c f   MSVCRT:dllmain.obj
 0001:00001550       __security_init_cookie     0000000180002550 f   MSVCRT:gs_support.obj
 0001:00001604       ?terminate@@YAXXZ          0000000180002604 f   MSVCRT:MSVCR90.dll
 0001:0000160a       ?_type_info_dtor_internal_method@type_info@@QEAAXXZ 000000018000260a f   MSVCRT:MSVCR90.dll
 0001:0000160a       ??1type_info@@UEAA@XZ      000000018000260a f   MSVCRT:MSVCR90.dll
 0001:00001610       __clean_type_info_names_internal 0000000180002610 f   MSVCRT:MSVCR90.dll
 0001:00001616       __CxxFrameHandler3         0000000180002616 f   MSVCRT:MSVCR90.dll
 0002:00000000       __imp_GetCurrentProcessId  0000000180003000     kernel32:KERNEL32.dll
 0002:00000008       __imp_GetCurrentThreadId   0000000180003008     kernel32:KERNEL32.dll
 0002:00000010       __imp_GetTickCount         0000000180003010     kernel32:KERNEL32.dll
 0002:00000018       __imp_QueryPerformanceCounter 0000000180003018     kernel32:KERNEL32.dll
 0002:00000020       __imp_DisableThreadLibraryCalls 0000000180003020     kernel32:KERNEL32.dll
 0002:00000028       __imp_Sleep                0000000180003028     kernel32:KERNEL32.dll
 0002:00000030       __imp_GetSystemTimeAsFileTime 0000000180003030     kernel32:KERNEL32.dll
 0002:00000038       \177KERNEL32_NULL_THUNK_DATA 0000000180003038     kernel32:KERNEL32.dll
 0002:00000040       __imp__lock                0000000180003040     MSVCRT:MSVCR90.dll
 0002:00000048       __imp__onexit              0000000180003048     MSVCRT:MSVCR90.dll
 0002:00000050       __imp__decode_pointer      0000000180003050     MSVCRT:MSVCR90.dll
 0002:00000058       __imp__malloc_crt          0000000180003058     MSVCRT:MSVCR90.dll
 0002:00000060       __imp__initterm            0000000180003060     MSVCRT:MSVCR90.dll
 0002:00000068       __imp__initterm_e          0000000180003068     MSVCRT:MSVCR90.dll
 0002:00000070       __imp__encode_pointer      0000000180003070     MSVCRT:MSVCR90.dll
 0002:00000078       __imp__amsg_exit           0000000180003078     MSVCRT:MSVCR90.dll
 0002:00000080       __imp___CppXcptFilter      0000000180003080     MSVCRT:MSVCR90.dll
 0002:00000088       __imp_?terminate@@YAXXZ    0000000180003088     MSVCRT:MSVCR90.dll
 0002:00000090       __imp_?_type_info_dtor_internal_method@type_info@@QEAAXXZ 0000000180003090     MSVCRT:MSVCR90.dll
 0002:00000098       __imp___clean_type_info_names_internal 0000000180003098     MSVCRT:MSVCR90.dll
 0002:000000a0       __imp___dllonexit          00000001800030a0     MSVCRT:MSVCR90.dll
 0002:000000a8       __imp__unlock              00000001800030a8     MSVCRT:MSVCR90.dll
 0002:000000b0       __imp___C_specific_handler 00000001800030b0     MSVCRT:MSVCR90.dll
 0002:000000b8       __imp_free                 00000001800030b8     MSVCRT:MSVCR90.dll
 0002:000000c0       __imp_??3@YAXPEAX@Z        00000001800030c0     MSVCRT:MSVCR90.dll
 0002:000000c8       __imp__encoded_null        00000001800030c8     MSVCRT:MSVCR90.dll
 0002:000000d0       __imp__purecall            00000001800030d0     MSVCRT:MSVCR90.dll
 0002:000000d8       __imp___CxxFrameHandler3   00000001800030d8     MSVCRT:MSVCR90.dll
 0002:000000e0       \177MSVCR90_NULL_THUNK_DATA 00000001800030e0     MSVCRT:MSVCR90.dll
 0002:000000e8       __xc_a                     00000001800030e8     MSVCRT:cinitexe.obj
 0002:00000308       __xc_z                     0000000180003308     MSVCRT:cinitexe.obj
 0002:00000310       __xi_a                     0000000180003310     MSVCRT:cinitexe.obj
 0002:00000320       __xi_z                     0000000180003320     MSVCRT:cinitexe.obj
 0002:00000338       ??_7type_info@@6B@         0000000180003338     MSVCRT:ti_inst.obj
 0002:00000340       _pRawDllMain               0000000180003340     MSVCRT:crtdll.obj
 0002:00000340       _pDefaultRawDllMain        0000000180003340     MSVCRT:crtdll.obj
 0002:00000348       ??_C@_0P@GHFPNOJB@bad?5allocation?$AA@ 0000000180003348     plugin_test1.obj
 0002:00000358       ??_C@_0BF@OCNNAADO@UModSys?3?3core?3?3IRoot?$AA@ 0000000180003358     plugin_test1.obj
 0002:00000370       ??_C@_0BK@EMIJFOPA@UModSys?3?3core?3?3IRefObject?$AA@ 0000000180003370     plugin_test1.obj
 0002:00000390       ??_C@_0BL@IOMMHELF@UModSys?3?3core?3?3IParameters?$AA@ 0000000180003390     plugin_test1.obj
 0002:000003b0       ??_C@_0BH@LKDEEPPM@UModSys?3?3base?3?3IModule?$AA@ 00000001800033b0     plugin_test1.obj
 0002:000003c8       ??_C@_0BO@PHJOHFCB@UModSys?3?3base?3?3IModuleLibrary?$AA@ 00000001800033c8     plugin_test1.obj
 0002:000003e8       ??_C@_0BK@FDPIOPHG@UModSys?3?3base?3?3IModObject?$AA@ 00000001800033e8     plugin_test1.obj
 0002:00000408       ??_C@_0BK@OIBKNCKJ@UModSys?3?3base?3?3IGenerator?$AA@ 0000000180003408     plugin_test1.obj
 0002:00000428       ??_C@_0BG@PJBGCMEC@UModSys?3?3base?3?3IShell?$AA@ 0000000180003428     plugin_test1.obj
 0002:00000440       ??_C@_0BI@IKAOEFAP@UModSys?3?3base?3?3IConsole?$AA@ 0000000180003440     plugin_test1.obj
 0002:00000458       ??_C@_0BH@PFCONEJJ@UModSys?3?3base?3?3ISystem?$AA@ 0000000180003458     plugin_test1.obj
 0002:00000470       ??_C@_0CB@CLGNFEGF@UModSys?3?3libmedia?3?3IStreamReader@ 0000000180003470     plugin_test1.obj
 0002:00000498       ??_C@_0CB@HOPFFLP@UModSys?3?3libmedia?3?3IStreamWriter@ 0000000180003498     plugin_test1.obj
 0002:000004c0       ??_C@_0CA@BFJGGLCC@UModSys?3?3libmedia?3?3IDataArchive?$AA@ 00000001800034c0     plugin_test1.obj
 0002:000004e0       ??_C@_0CM@LNHNHIJB@UModSys?3?3modules?3?3test?3?3test1?3?3R@ 00000001800034e0     plugin_test1.obj
 0002:00000510       ??_C@_0M@LAGNAJEJ@?$CK?3?3stdio?3?3?$CK?$AA@ 0000000180003510     plugin_test1.obj
 0002:00000520       ??_C@_0O@CMKKEPPD@read?9test?4txt?$AA@ 0000000180003520     plugin_test1.obj
 0002:00000530       ??_C@_08BABJIOEM@filename?$AA@ 0000000180003530     plugin_test1.obj
 0002:00000540       ??_C@_0BK@JMHCEPK@?5?5found?5reader?3?5?$CFs?5?$DN?$DO?5?$CFp?6?$AA@ 0000000180003540     plugin_test1.obj
 0002:00000560       ??_C@_0P@HIBABMLC@write?9test?4txt?$AA@ 0000000180003560     plugin_test1.obj
 0002:00000570       ??_C@_04FAOFCKOL@safe?$AA@ 0000000180003570     plugin_test1.obj
 0002:00000578       ??_C@_0BK@ONIPKACL@?5?5found?5writer?3?5?$CFs?5?$DN?$DO?5?$CFp?6?$AA@ 0000000180003578     plugin_test1.obj
 0002:00000598       ??_C@_0O@OKDOBIEG@?5?5read?3?5?$HL?$CFs?$HN?6?$AA@ 0000000180003598     plugin_test1.obj
 0002:000005a8       ??_C@_0L@BBJPPDJK@?5?5written?6?$AA@ 00000001800035a8     plugin_test1.obj
 0002:000005b8       ??_C@_0BC@NIGGCDMG@RTest1_Shell?$CI?$CJ?5?$HL?6?$AA@ 00000001800035b8     plugin_test1.obj
 0002:000005d0       ??_C@_0DK@JIEMIEKA@UModSys?3?3modules?3?3test?3?3test1?3?3R@ 00000001800035d0     plugin_test1.obj
 0002:00000610       ??_C@_0CK@OICDGBDJ@?4?4?2?4?4?2?4?4?2src?2plugin?2test?2plugin_@ 0000000180003610     plugin_test1.obj
 0002:00000640       ??_C@_0BF@BMCPNMPN@?$HN?5?1?1?5RTest1_Shell?$CI?$CJ?6?$AA@ 0000000180003640     plugin_test1.obj
 0002:00000658       ??_C@_0DL@OIAHAJF@UModSys?3?3modules?3?3test?3?3test1?3?3R@ 0000000180003658     plugin_test1.obj
 0002:00000698       ??_C@_0BB@MLDFLEML@?$HORTest1_Shell?$CI?$CJ?6?$AA@ 0000000180003698     plugin_test1.obj
 0002:000006b0       ??_C@_0BJ@CCPCJEPP@RTest1_Shell?3?3connect?$CI?$CJ?6?$AA@ 00000001800036b0     plugin_test1.obj
 0002:000006d0       ??_C@_0BM@KBDBHLN@RTest1_Shell?3?3disconnect?$CI?$CJ?6?$AA@ 00000001800036d0     plugin_test1.obj
 0002:000006f0       ??_C@_0BI@PGLACHLJ@RTest1_Shell?3?3tick?$CI?$CFg?$CJ?6?$AA@ 00000001800036f0     plugin_test1.obj
 0002:00000708       ??_C@_0BM@JFIEEBE@RTest1_Shell?3?3command?$CI?$CD?$CFd?$CJ?6?$AA@ 0000000180003708     plugin_test1.obj
 0002:00000728       ??_C@_0CK@DEJPICLK@UModSys?3?3modules?3?3test?3?3test1?3?3R@ 0000000180003728     plugin_test1.obj
 0002:00000758       ??_C@_0DD@HMBJLEH@UMODSYS_MODULE_NAME?$CItest?0test1?$CJ?3@ 0000000180003758     plugin_test1.obj
 0002:00000790       ??_C@_0BA@NMEBLMNE@Test?51?5?9?5module?$AA@ 0000000180003790     plugin_test1.obj
 0002:000007a0       ??_C@_05GENPCEMM@Test1?$AA@ 00000001800037a0     plugin_test1.obj
 0002:000007a8       ??_C@_0BE@HJEBHPIG@RModuleReg?3?3open?$CI?$CJ?6?$AA@ 00000001800037a8     plugin_test1.obj
 0002:000007c0       ??_C@_0BF@KIBBFLP@RModuleReg?3?3close?$CI?$CJ?6?$AA@ 00000001800037c0     plugin_test1.obj
 0002:000007d8       ??_C@_09JGNMLHG@modobject?$AA@ 00000001800037d8     plugin_test1.obj
 0002:000007e8       ??_C@_08FCBDOIAH@typeinfo?$AA@ 00000001800037e8     plugin_test1.obj
 0002:00000808       ??_7IRoot@core@UModSys@@6B@ 0000000180003808     plugin_test1.obj
 0002:00000848       ??_7RTest1_Shell@test1@test@modules@UModSys@@6B@ 0000000180003848     plugin_test1.obj
 0002:000008c8       ??_7RGenerator@test1@test@modules@UModSys@@6B@ 00000001800038c8     plugin_test1.obj
 0002:00000958       ??_7RModuleReg@test1@test@modules@UModSys@@6B@ 0000000180003958     plugin_test1.obj
 0002:00000990       ??_7RModuleLibraryReg_Chain@base@UModSys@@6B@ 0000000180003990     umodsys_lib_base:umodsys.base.moduleregchain.obj
 0002:000009c8       ??_7IModuleReg@base@UModSys@@6B@ 00000001800039c8     umodsys_lib_base:umodsys.base.modulereg.obj
 0002:00000a00       ??_7IModuleLibraryReg@base@UModSys@@6B@ 0000000180003a00     umodsys_lib_base:umodsys.base.modulereg.obj
 0002:00000a30       __real@3f50624dd2f1a9fc    0000000180003a30      CIL library: CIL module
 0002:00000ad8       ??_R4type_info@@6B@        0000000180003ad8     MSVCRT:ti_inst.obj
 0002:00000b00       ??_R3type_info@@8          0000000180003b00     MSVCRT:ti_inst.obj
 0002:00000b18       ??_R2type_info@@8          0000000180003b18     MSVCRT:ti_inst.obj
 0002:00000b28       ??_R1A@?0A@EA@type_info@@8 0000000180003b28     MSVCRT:ti_inst.obj
 0002:00000b50       ??_R4RModuleReg@test1@test@modules@UModSys@@6B@ 0000000180003b50     plugin_test1.obj
 0002:00000b78       ??_R3RModuleReg@test1@test@modules@UModSys@@8 0000000180003b78     plugin_test1.obj
 0002:00000b90       ??_R2RModuleReg@test1@test@modules@UModSys@@8 0000000180003b90     plugin_test1.obj
 0002:00000ba8       ??_R1A@?0A@EA@IModuleReg@base@UModSys@@8 0000000180003ba8     plugin_test1.obj
 0002:00000bd0       ??_R3IModuleReg@base@UModSys@@8 0000000180003bd0     plugin_test1.obj
 0002:00000be8       ??_R2IModuleReg@base@UModSys@@8 0000000180003be8     plugin_test1.obj
 0002:00000bf8       ??_R1A@?0A@EA@RModuleReg@test1@test@modules@UModSys@@8 0000000180003bf8     plugin_test1.obj
 0002:00000c20       ??_R4RGenerator@test1@test@modules@UModSys@@6B@ 0000000180003c20     plugin_test1.obj
 0002:00000c48       ??_R3RGenerator@test1@test@modules@UModSys@@8 0000000180003c48     plugin_test1.obj
 0002:00000c60       ??_R2RGenerator@test1@test@modules@UModSys@@8 0000000180003c60     plugin_test1.obj
 0002:00000c90       ??_R1A@?0A@EA@RGenerator@test1@test@modules@UModSys@@8 0000000180003c90     plugin_test1.obj
 0002:00000cb8       ??_R4RTest1_Shell@test1@test@modules@UModSys@@6B@ 0000000180003cb8     plugin_test1.obj
 0002:00000ce0       ??_R3RTest1_Shell@test1@test@modules@UModSys@@8 0000000180003ce0     plugin_test1.obj
 0002:00000cf8       ??_R2RTest1_Shell@test1@test@modules@UModSys@@8 0000000180003cf8     plugin_test1.obj
 0002:00000d20       ??_R1A@?0A@EA@RTest1_Shell@test1@test@modules@UModSys@@8 0000000180003d20     plugin_test1.obj
 0002:00000d48       ??_R3IShell@base@UModSys@@8 0000000180003d48     plugin_test1.obj
 0002:00000d60       ??_R2IShell@base@UModSys@@8 0000000180003d60     plugin_test1.obj
 0002:00000d80       ??_R1A@?0A@EA@IShell@base@UModSys@@8 0000000180003d80     plugin_test1.obj
 0002:00000da8       ??_R3IGenerator@base@UModSys@@8 0000000180003da8     plugin_test1.obj
 0002:00000dc0       ??_R2IGenerator@base@UModSys@@8 0000000180003dc0     plugin_test1.obj
 0002:00000de8       ??_R1A@?0A@EA@IGenerator@base@UModSys@@8 0000000180003de8     plugin_test1.obj
 0002:00000e10       ??_R3IModObject@base@UModSys@@8 0000000180003e10     plugin_test1.obj
 0002:00000e28       ??_R2IModObject@base@UModSys@@8 0000000180003e28     plugin_test1.obj
 0002:00000e48       ??_R1A@?0A@EA@IModObject@base@UModSys@@8 0000000180003e48     plugin_test1.obj
 0002:00000e70       ??_R3IRefObject@core@UModSys@@8 0000000180003e70     plugin_test1.obj
 0002:00000e88       ??_R2IRefObject@core@UModSys@@8 0000000180003e88     plugin_test1.obj
 0002:00000ea0       ??_R1A@?0A@EA@IRefObject@core@UModSys@@8 0000000180003ea0     plugin_test1.obj
 0002:00000ec8       ??_R4IRoot@core@UModSys@@6B@ 0000000180003ec8     plugin_test1.obj
 0002:00000ef0       ??_R3IRoot@core@UModSys@@8 0000000180003ef0     plugin_test1.obj
 0002:00000f08       ??_R2IRoot@core@UModSys@@8 0000000180003f08     plugin_test1.obj
 0002:00000f18       ??_R1A@?0A@EA@IRoot@core@UModSys@@8 0000000180003f18     plugin_test1.obj
 0002:00000f40       ??_R4RModuleLibraryReg_Chain@base@UModSys@@6B@ 0000000180003f40     umodsys_lib_base:umodsys.base.moduleregchain.obj
 0002:00000f68       ??_R3RModuleLibraryReg_Chain@base@UModSys@@8 0000000180003f68     umodsys_lib_base:umodsys.base.moduleregchain.obj
 0002:00000f80       ??_R2RModuleLibraryReg_Chain@base@UModSys@@8 0000000180003f80     umodsys_lib_base:umodsys.base.moduleregchain.obj
 0002:00000f98       ??_R1A@?0A@EA@IModuleLibraryReg@base@UModSys@@8 0000000180003f98     umodsys_lib_base:umodsys.base.moduleregchain.obj
 0002:00000fc0       ??_R3IModuleLibraryReg@base@UModSys@@8 0000000180003fc0     umodsys_lib_base:umodsys.base.moduleregchain.obj
 0002:00000fd8       ??_R2IModuleLibraryReg@base@UModSys@@8 0000000180003fd8     umodsys_lib_base:umodsys.base.moduleregchain.obj
 0002:00000fe8       ??_R1A@?0A@EA@RModuleLibraryReg_Chain@base@UModSys@@8 0000000180003fe8     umodsys_lib_base:umodsys.base.moduleregchain.obj
 0002:00001010       ??_R4IModuleLibraryReg@base@UModSys@@6B@ 0000000180004010     umodsys_lib_base:umodsys.base.modulereg.obj
 0002:00001038       ??_R4IModuleReg@base@UModSys@@6B@ 0000000180004038     umodsys_lib_base:umodsys.base.modulereg.obj
 0002:00001060       __rtc_iaa                  0000000180004060     MSVCRT:_initsect_.obj
 0002:00001068       __rtc_izz                  0000000180004068     MSVCRT:_initsect_.obj
 0002:00001070       __rtc_taa                  0000000180004070     MSVCRT:_initsect_.obj
 0002:00001078       __rtc_tzz                  0000000180004078     MSVCRT:_initsect_.obj
 0002:00001334       __IMPORT_DESCRIPTOR_MSVCR90 0000000180004334     MSVCRT:MSVCR90.dll
 0002:00001348       __IMPORT_DESCRIPTOR_KERNEL32 0000000180004348     kernel32:KERNEL32.dll
 0002:0000135c       __NULL_IMPORT_DESCRIPTOR   000000018000435c     MSVCRT:MSVCR90.dll
 0003:00000000       ??_R0?AVtype_info@@@8      0000000180005000     MSVCRT:ti_inst.obj
 0003:00000020       __native_dllmain_reason    0000000180005020     MSVCRT:natstart.obj
 0003:00000024       __native_vcclrit_reason    0000000180005024     MSVCRT:natstart.obj
 0003:00000028       __security_cookie          0000000180005028     MSVCRT:gs_cookie.obj
 0003:00000030       __security_cookie_complement 0000000180005030     MSVCRT:gs_cookie.obj
 0003:00000038       ??_R0?AUIModuleReg@base@UModSys@@@8 0000000180005038     plugin_test1.obj
 0003:00000068       ??_R0?AURModuleReg@test1@test@modules@UModSys@@@8 0000000180005068     plugin_test1.obj
 0003:000000a8       ??_R0?AURGenerator@test1@test@modules@UModSys@@@8 00000001800050a8     plugin_test1.obj
 0003:000000e8       ??_R0?AURTest1_Shell@test1@test@modules@UModSys@@@8 00000001800050e8     plugin_test1.obj
 0003:00000128       ??_R0?AUIShell@base@UModSys@@@8 0000000180005128     plugin_test1.obj
 0003:00000158       ??_R0?AUIGenerator@base@UModSys@@@8 0000000180005158     plugin_test1.obj
 0003:00000188       ??_R0?AUIModObject@base@UModSys@@@8 0000000180005188     plugin_test1.obj
 0003:000001b8       ??_R0?AUIRefObject@core@UModSys@@@8 00000001800051b8     plugin_test1.obj
 0003:000001e8       ??_R0?AUIRoot@core@UModSys@@@8 00000001800051e8     plugin_test1.obj
 0003:00000250       ?so_entry_enabled_flag@base@UModSys@@3HA 0000000180005250     umodsys_lib_base:umodsys.so_main.win32.obj
 0003:00000280       ?s_modreg@RModuleReg@test1@test@modules@UModSys@@2U12345@A 0000000180005280     plugin_test1.obj
 0003:000002d0       ?s_modreg_chain@RModuleReg@test1@test@modules@UModSys@@2USModuleRegChain@base@5@A 00000001800052d0     plugin_test1.obj
 0003:000002e8       ?s_library@RModuleLibraryReg_Chain@base@UModSys@@2U123@A 00000001800052e8     umodsys_lib_base:umodsys.base.moduleregchain.obj
 0003:000002f0       ??_R0?AUIModuleLibraryReg@base@UModSys@@@8 00000001800052f0     umodsys_lib_base:umodsys.base.moduleregchain.obj
 0003:00000328       ??_R0?AURModuleLibraryReg_Chain@base@UModSys@@@8 0000000180005328     umodsys_lib_base:umodsys.base.moduleregchain.obj
 0003:00000364       _fltused                   0000000180005364     MSVCRT:dllsupp.obj
 0003:0000036c       _forceCRTManifestRTM       000000018000536c     MSVCRT:crtmanifestrtm.obj
 0003:00000370       ?__type_info_root_node@@3U__type_info_node@@A 0000000180005370     MSVCRT:tncleanup.obj
 0003:000003b0       ?s_id@?$TObjectUniqueID@UIModObject@base@UModSys@@@tl@UModSys@@2USUniquePointer@core@3@A 00000001800053b0     plugin_test1.obj
 0003:000003e0       ?s_id@?$TObjectUniqueID@UIGenerator@base@UModSys@@@tl@UModSys@@2USUniquePointer@core@3@A 00000001800053e0     plugin_test1.obj
 0003:00000410       ?s_id@?$TObjectUniqueID@UIModule@base@UModSys@@@tl@UModSys@@2USUniquePointer@core@3@A 0000000180005410     plugin_test1.obj
 0003:00000440       ?s_id@?$TObjectUniqueID@UIRoot@core@UModSys@@@tl@UModSys@@2USUniquePointer@core@3@A 0000000180005440     plugin_test1.obj
 0003:00000470       ?s_id@?$TObjectUniqueID@UIStreamWriter@libmedia@UModSys@@@tl@UModSys@@2USUniquePointer@core@3@A 0000000180005470     plugin_test1.obj
 0003:000004a0       ?s_id@?$TObjectUniqueID@UISystem@base@UModSys@@@tl@UModSys@@2USUniquePointer@core@3@A 00000001800054a0     plugin_test1.obj
 0003:000004d0       ?s_id@?$TObjectUniqueID@URTest1_Shell@test1@test@modules@UModSys@@@tl@UModSys@@2USUniquePointer@core@3@A 00000001800054d0     plugin_test1.obj
 0003:00000500       ?s_id@?$TObjectUniqueID@UIRefObject@core@UModSys@@@tl@UModSys@@2USUniquePointer@core@3@A 0000000180005500     plugin_test1.obj
 0003:00000530       ?s_id@?$TObjectUniqueID@UIShell@base@UModSys@@@tl@UModSys@@2USUniquePointer@core@3@A 0000000180005530     plugin_test1.obj
 0003:00000560       ?s_id@?$TObjectUniqueID@UIConsole@base@UModSys@@@tl@UModSys@@2USUniquePointer@core@3@A 0000000180005560     plugin_test1.obj
 0003:00000590       ?s_id@?$TObjectUniqueID@UIDataArchive@libmedia@UModSys@@@tl@UModSys@@2USUniquePointer@core@3@A 0000000180005590     plugin_test1.obj
 0003:000005c0       ?s_id@?$TObjectUniqueID@URGenerator@test1@test@modules@UModSys@@@tl@UModSys@@2USUniquePointer@core@3@A 00000001800055c0     plugin_test1.obj
 0003:000005f0       ?s_uid@RGenerator@test1@test@modules@UModSys@@2USUniquePointer@core@5@A 00000001800055f0     plugin_test1.obj
 0003:00000620       ?M@UModSys@@3USModuleContext@base@1@A 0000000180005620     umodsys_lib_base:umodsys.base.modulecontext.obj
 0003:00000640       ?root@SModuleRegChain@base@UModSys@@2U123@A 0000000180005640     umodsys_lib_base:umodsys.base.moduleregchain.obj
 0003:00000658       ?root@SUniquePointer@core@UModSys@@2U123@A 0000000180005658     umodsys_lib_core:umodsys.core.uniqueptr.obj
 0003:00000688       ?s_id@?$TObjectUniqueID@UIModuleLibrary@base@UModSys@@@tl@UModSys@@2USUniquePointer@core@3@A 0000000180005688     plugin_test1.obj
 0003:000006b8       ?s_id@?$TObjectUniqueID@UIStreamReader@libmedia@UModSys@@@tl@UModSys@@2USUniquePointer@core@3@A 00000001800056b8     plugin_test1.obj
 0003:000006e8       ?s_id@?$TObjectUniqueID@UIParameters@core@UModSys@@@tl@UModSys@@2USUniquePointer@core@3@A 00000001800056e8     plugin_test1.obj
 0003:00000718       __native_startup_state     0000000180005718     <common>
 0003:00000720       __native_startup_lock      0000000180005720     <common>
 0003:00000728       __dyn_tls_init_callback    0000000180005728     <common>
 0003:00000730       __onexitend                0000000180005730     <common>
 0003:00000738       __onexitbegin              0000000180005738     <common>

 entry point at        0001:000012d0

 Static symbols

 0001:00000edc       pre_c_init                 0000000180001edc f   MSVCRT:crtdll.obj
 0001:00001198       __DllMainCRTStartup        0000000180002198 f   MSVCRT:crtdll.obj
 0001:00001620       _onexit$fin$0              0000000180002620 f   MSVCRT:atonexit.obj
 0001:00001639       __DllMainCRTStartup$filt$0 0000000180002639 f   MSVCRT:crtdll.obj
 0001:00001669       __DllMainCRTStartup$fin$1  0000000180002669 f   MSVCRT:crtdll.obj
 0001:00001682       ?filt$0@?0??__ArrayUnwind@@YAXPEAX_KHP6AX0@Z@Z@4HA 0000000180002682 f   MSVCRT:ehvecdtr.obj
 0001:000016c1       ?fin$0@?0???_M@YAXPEAX_KHP6AX0@Z@Z@4HA 00000001800026c1 f   MSVCRT:ehvecdtr.obj
 0001:000016f0       _IsNonwritableInCurrentImage$filt$0 00000001800026f0 f   MSVCRT:pesect.obj
 0001:00001711       ?dtor$0@?0???_GRTest1_Shell@test1@test@modules@UModSys@@UEAAPEAXI@Z@4HA 0000000180002711 f    CIL library: CIL module
 0001:00001729       ?dtor$0@?0??suicide@RTest1_Shell@test1@test@modules@UModSys@@UEAAXXZ@4HA 0000000180002729 f    CIL library: CIL module
 0001:00001741       ?dtor$0@?0??file_test@RTest1_Shell@test1@test@modules@UModSys@@QEAAXXZ@4HA 0000000180002741 f    CIL library: CIL module
 0001:00001761       ?dtor$1@?0??file_test@RTest1_Shell@test1@test@modules@UModSys@@QEAAXXZ@4HA 0000000180002761 f    CIL library: CIL module
 0001:00001781       ?dtor$2@?0??file_test@RTest1_Shell@test1@test@modules@UModSys@@QEAAXXZ@4HA 0000000180002781 f    CIL library: CIL module
 0001:000017a1       ?dtor$5@?0??file_test@RTest1_Shell@test1@test@modules@UModSys@@QEAAXXZ@4HA 00000001800027a1 f    CIL library: CIL module
 0001:000017c1       ?dtor$3@?0??file_test@RTest1_Shell@test1@test@modules@UModSys@@QEAAXXZ@4HA 00000001800027c1 f    CIL library: CIL module
 0001:000017e1       ?dtor$8@?0??file_test@RTest1_Shell@test1@test@modules@UModSys@@QEAAXXZ@4HA 00000001800027e1 f    CIL library: CIL module
 0001:000017fc       ?dtor$0@?0??generate@RGenerator@test1@test@modules@UModSys@@UEAA_NAEAU?$TRefObject@UIRefObject@core@UModSys@@@tl@5@PEBUSUniquePointerInfo@core@5@AEBUSParameters@95@@Z@4HA 00000001800027fc f    CIL library: CIL module
 0001:0000181c       ?dtor$1@?0??generate@RGenerator@test1@test@modules@UModSys@@UEAA_NAEAU?$TRefObject@UIRefObject@core@UModSys@@@tl@5@PEBUSUniquePointerInfo@core@5@AEBUSParameters@95@@Z@4HA 000000018000281c f    CIL library: CIL module
 0001:00001834       ??__E?s_modreg@RModuleReg@test1@test@modules@UModSys@@2U12345@A@@YAXXZ 0000000180002834 f    CIL library: CIL module
 0001:000018c4       ??__E?s_modreg_chain@RModuleReg@test1@test@modules@UModSys@@2USModuleRegChain@base@5@A@@YAXXZ 00000001800028c4 f    CIL library: CIL module
 0001:00001900       ??__E?s_uid@RGenerator@test1@test@modules@UModSys@@2USUniquePointer@core@5@A@@YAXXZ 0000000180002900 f    CIL library: CIL module
 0001:00001934       ??__E?s_id@?$TObjectUniqueID@UIRoot@core@UModSys@@@tl@UModSys@@2USUniquePointer@core@3@A@@YAXXZ 0000000180002934 f    CIL library: CIL module
 0001:00001968       ??__E?s_id@?$TObjectUniqueID@UIRefObject@core@UModSys@@@tl@UModSys@@2USUniquePointer@core@3@A@@YAXXZ 0000000180002968 f    CIL library: CIL module
 0001:0000199c       ??__E?s_id@?$TObjectUniqueID@UIParameters@core@UModSys@@@tl@UModSys@@2USUniquePointer@core@3@A@@YAXXZ 000000018000299c f    CIL library: CIL module
 0001:000019d0       ??__E?s_id@?$TObjectUniqueID@UIModule@base@UModSys@@@tl@UModSys@@2USUniquePointer@core@3@A@@YAXXZ 00000001800029d0 f    CIL library: CIL module
 0001:00001a04       ??__E?s_id@?$TObjectUniqueID@UIModuleLibrary@base@UModSys@@@tl@UModSys@@2USUniquePointer@core@3@A@@YAXXZ 0000000180002a04 f    CIL library: CIL module
 0001:00001a38       ??__E?s_id@?$TObjectUniqueID@UIModObject@base@UModSys@@@tl@UModSys@@2USUniquePointer@core@3@A@@YAXXZ 0000000180002a38 f    CIL library: CIL module
 0001:00001a6c       ??__E?s_id@?$TObjectUniqueID@UIGenerator@base@UModSys@@@tl@UModSys@@2USUniquePointer@core@3@A@@YAXXZ 0000000180002a6c f    CIL library: CIL module
 0001:00001aa0       ??__E?s_id@?$TObjectUniqueID@UIShell@base@UModSys@@@tl@UModSys@@2USUniquePointer@core@3@A@@YAXXZ 0000000180002aa0 f    CIL library: CIL module
 0001:00001ad4       ??__E?s_id@?$TObjectUniqueID@UIConsole@base@UModSys@@@tl@UModSys@@2USUniquePointer@core@3@A@@YAXXZ 0000000180002ad4 f    CIL library: CIL module
 0001:00001b08       ??__E?s_id@?$TObjectUniqueID@UISystem@base@UModSys@@@tl@UModSys@@2USUniquePointer@core@3@A@@YAXXZ 0000000180002b08 f    CIL library: CIL module
 0001:00001b3c       ??__E?s_id@?$TObjectUniqueID@UIStreamReader@libmedia@UModSys@@@tl@UModSys@@2USUniquePointer@core@3@A@@YAXXZ 0000000180002b3c f    CIL library: CIL module
 0001:00001b70       ??__E?s_id@?$TObjectUniqueID@UIStreamWriter@libmedia@UModSys@@@tl@UModSys@@2USUniquePointer@core@3@A@@YAXXZ 0000000180002b70 f    CIL library: CIL module
 0001:00001ba4       ??__E?s_id@?$TObjectUniqueID@UIDataArchive@libmedia@UModSys@@@tl@UModSys@@2USUniquePointer@core@3@A@@YAXXZ 0000000180002ba4 f    CIL library: CIL module
 0001:00001bd8       ??__E?s_id@?$TObjectUniqueID@URTest1_Shell@test1@test@modules@UModSys@@@tl@UModSys@@2USUniquePointer@core@3@A@@YAXXZ 0000000180002bd8 f    CIL library: CIL module
 0001:00001c0c       ??__E?s_id@?$TObjectUniqueID@URGenerator@test1@test@modules@UModSys@@@tl@UModSys@@2USUniquePointer@core@3@A@@YAXXZ 0000000180002c0c f    CIL library: CIL module
 0001:00001c40       ??__EM@UModSys@@YAXXZ      0000000180002c40 f    CIL library: CIL module
 0001:00001c4c       ??__E?root@SModuleRegChain@base@UModSys@@2U123@A@@YAXXZ 0000000180002c4c f    CIL library: CIL module
 0001:00001c58       ??__E?s_library@RModuleLibraryReg_Chain@base@UModSys@@2U123@A@@YAXXZ 0000000180002c58 f    CIL library: CIL module
 0001:00001c64       ??__E?root@SUniquePointer@core@UModSys@@2U123@A@@YAXXZ 0000000180002c64 f    CIL library: CIL module
 0001:00001c70       ??__F?s_modreg@RModuleReg@test1@test@modules@UModSys@@2U12345@A@@YAXXZ 0000000180002c70 f    CIL library: CIL module
 0001:00001c80       ??__F?s_modreg_chain@RModuleReg@test1@test@modules@UModSys@@2USModuleRegChain@base@5@A@@YAXXZ 0000000180002c80 f    CIL library: CIL module
 0001:00001cc0       ??__F?s_uid@RGenerator@test1@test@modules@UModSys@@2USUniquePointer@core@5@A@@YAXXZ 0000000180002cc0 f    CIL library: CIL module
 0001:00001ccc       ??__Fh@?1??s_holder@RGenerator@test1@test@modules@UModSys@@SAAEAU?$TTypeStaticHolder@URGenerator@test1@test@modules@UModSys@@@tl@5@XZ@YAXXZ 0000000180002ccc f    CIL library: CIL module
 0001:00001cf4       ??__F?s_id@?$TObjectUniqueID@URGenerator@test1@test@modules@UModSys@@@tl@UModSys@@2USUniquePointer@core@3@A@@YAXXZ 0000000180002cf4 f    CIL library: CIL module
 0001:00001d00       ??__F?s_id@?$TObjectUniqueID@URTest1_Shell@test1@test@modules@UModSys@@@tl@UModSys@@2USUniquePointer@core@3@A@@YAXXZ 0000000180002d00 f    CIL library: CIL module
 0001:00001d0c       ??__F?s_id@?$TObjectUniqueID@UIDataArchive@libmedia@UModSys@@@tl@UModSys@@2USUniquePointer@core@3@A@@YAXXZ 0000000180002d0c f    CIL library: CIL module
 0001:00001d18       ??__F?s_id@?$TObjectUniqueID@UIStreamWriter@libmedia@UModSys@@@tl@UModSys@@2USUniquePointer@core@3@A@@YAXXZ 0000000180002d18 f    CIL library: CIL module
 0001:00001d24       ??__F?s_id@?$TObjectUniqueID@UIStreamReader@libmedia@UModSys@@@tl@UModSys@@2USUniquePointer@core@3@A@@YAXXZ 0000000180002d24 f    CIL library: CIL module
 0001:00001d30       ??__F?s_id@?$TObjectUniqueID@UISystem@base@UModSys@@@tl@UModSys@@2USUniquePointer@core@3@A@@YAXXZ 0000000180002d30 f    CIL library: CIL module
 0001:00001d3c       ??__F?s_id@?$TObjectUniqueID@UIConsole@base@UModSys@@@tl@UModSys@@2USUniquePointer@core@3@A@@YAXXZ 0000000180002d3c f    CIL library: CIL module
 0001:00001d48       ??__F?s_id@?$TObjectUniqueID@UIShell@base@UModSys@@@tl@UModSys@@2USUniquePointer@core@3@A@@YAXXZ 0000000180002d48 f    CIL library: CIL module
 0001:00001d54       ??__F?s_id@?$TObjectUniqueID@UIGenerator@base@UModSys@@@tl@UModSys@@2USUniquePointer@core@3@A@@YAXXZ 0000000180002d54 f    CIL library: CIL module
 0001:00001d60       ??__F?s_id@?$TObjectUniqueID@UIModObject@base@UModSys@@@tl@UModSys@@2USUniquePointer@core@3@A@@YAXXZ 0000000180002d60 f    CIL library: CIL module
 0001:00001d6c       ??__F?s_id@?$TObjectUniqueID@UIModuleLibrary@base@UModSys@@@tl@UModSys@@2USUniquePointer@core@3@A@@YAXXZ 0000000180002d6c f    CIL library: CIL module
 0001:00001d78       ??__F?s_id@?$TObjectUniqueID@UIModule@base@UModSys@@@tl@UModSys@@2USUniquePointer@core@3@A@@YAXXZ 0000000180002d78 f    CIL library: CIL module
 0001:00001d84       ??__F?s_id@?$TObjectUniqueID@UIParameters@core@UModSys@@@tl@UModSys@@2USUniquePointer@core@3@A@@YAXXZ 0000000180002d84 f    CIL library: CIL module
 0001:00001d90       ??__F?s_id@?$TObjectUniqueID@UIRefObject@core@UModSys@@@tl@UModSys@@2USUniquePointer@core@3@A@@YAXXZ 0000000180002d90 f    CIL library: CIL module
 0001:00001d9c       ??__F?s_id@?$TObjectUniqueID@UIRoot@core@UModSys@@@tl@UModSys@@2USUniquePointer@core@3@A@@YAXXZ 0000000180002d9c f    CIL library: CIL module
 0001:00001da8       ??__FM@UModSys@@YAXXZ      0000000180002da8 f    CIL library: CIL module
 0001:00001dac       ??__F?root@SModuleRegChain@base@UModSys@@2U123@A@@YAXXZ 0000000180002dac f    CIL library: CIL module
 0001:00001dec       ??__F?s_library@RModuleLibraryReg_Chain@base@UModSys@@2U123@A@@YAXXZ 0000000180002dec f    CIL library: CIL module
 0001:00001dfc       ??__F?root@SUniquePointer@core@UModSys@@2U123@A@@YAXXZ 0000000180002dfc f    CIL library: CIL module

 Exports

  ordinal    name

        1    UModSys_Plugin_Entry2
