 plugin_test2

 Timestamp is 525d63d5 (Tue Oct 15 18:48:37 2013)

 Preferred load address is 0000000180000000

 Start         Length     Name                   Class
 0001:00000000 00000bc6H .text                   CODE
 0001:00000bd0 000000f1H .text$x                 CODE
 0001:00000cc4 00000308H .text$yc                CODE
 0001:00000fcc 00000128H .text$yd                CODE
 0002:00000000 000000e0H .idata$5                DATA
 0002:000000e0 00000008H .CRT$XCA                DATA
 0002:000000e8 00000120H .CRT$XCU                DATA
 0002:00000208 00000008H .CRT$XCZ                DATA
 0002:00000210 00000008H .CRT$XIA                DATA
 0002:00000218 00000008H .CRT$XIAA               DATA
 0002:00000220 00000008H .CRT$XIZ                DATA
 0002:00000228 00000288H .rdata                  DATA
 0002:000004b0 00000264H .rdata$r                DATA
 0002:00000718 00000008H .rtc$IAA                DATA
 0002:00000720 00000008H .rtc$IZZ                DATA
 0002:00000728 00000008H .rtc$TAA                DATA
 0002:00000730 00000008H .rtc$TZZ                DATA
 0002:00000738 00000138H .xdata                  DATA
 0002:00000870 00000028H .idata$2                DATA
 0002:00000898 00000014H .idata$3                DATA
 0002:000008b0 000000e0H .idata$4                DATA
 0002:00000990 000001feH .idata$6                DATA
 0002:00000b90 00000059H .edata                  DATA
 0003:00000000 000001d3H .data                   DATA
 0003:000001d8 00000288H .bss                    DATA
 0004:00000000 000001d4H .pdata                  DATA

  Address         Publics by Value              Rva+Base               Lib:Object

 0000:00000000       ___safe_se_handler_count   0000000000000000     <absolute>
 0000:00000000       ___safe_se_handler_table   0000000000000000     <absolute>
 0000:00000000       __ImageBase                0000000180000000     <linker-defined>
 0001:00000000       ?do_open@RTest2_ModuleReg@test2@UModSys@@UEAA_NXZ 0000000180001000 f i plugin_test2.obj
 0001:00000024       ?do_close@RTest2_ModuleReg@test2@UModSys@@UEAA_NXZ 0000000180001024 f i plugin_test2.obj
 0001:00000048       ?Link@SModuleContext@base@UModSys@@QEAAXPEAUISystem@23@PEAUIMemAlloc@core@3@@Z 0000000180001048 f   umodsys_lib_base:umodsys.base.modulecontext.obj
 0001:000000a0       ?mlr_count@RModuleLibraryReg_Chain@base@UModSys@@UEBA_KXZ 00000001800010a0 f   umodsys_lib_base:umodsys.base.moduleregchain.obj
 0001:000000d8       ?mlr_get@RModuleLibraryReg_Chain@base@UModSys@@UEBAPEAUIModuleReg@23@_K@Z 00000001800010d8 f   umodsys_lib_base:umodsys.base.moduleregchain.obj
 0001:00000104       ?mlr_open@RModuleLibraryReg_Chain@base@UModSys@@UEAA_NPEAUISystem@23@PEAUIMemAlloc@core@3@@Z 0000000180001104 f   umodsys_lib_base:umodsys.base.moduleregchain.obj
 0001:00000188       ?mlr_close@RModuleLibraryReg_Chain@base@UModSys@@UEAA_NXZ 0000000180001188 f   umodsys_lib_base:umodsys.base.moduleregchain.obj
 0001:00000208       ?mlr_isopen@RModuleLibraryReg_Chain@base@UModSys@@UEBA_NXZ 0000000180001208 f   umodsys_lib_base:umodsys.base.moduleregchain.obj
 0001:00000218       UModSys_Plugin_Entry2      0000000180001218 f   umodsys_lib_base:umodsys.so_main.win32.obj
 0001:00000220       ??_GIModuleReg@base@UModSys@@UEAAPEAXI@Z 0000000180001220 f i umodsys_lib_base:umodsys.base.modulereg.obj
 0001:00000220       ??_GRTest2_ModuleReg@test2@UModSys@@UEAAPEAXI@Z 0000000180001220 f i plugin_test2.obj
 0001:00000220       ??_ERTest2_ModuleReg@test2@UModSys@@UEAAPEAXI@Z 0000000180001220 f i  CIL library: CIL module
 0001:00000220       ??_EIModuleReg@base@UModSys@@UEAAPEAXI@Z 0000000180001220 f i  CIL library: CIL module
 0001:00000248       ?mr_isopen@IModuleReg@base@UModSys@@UEBA_NXZ 0000000180001248 f   umodsys_lib_base:umodsys.base.modulereg.obj
 0001:00000254       ?mr_open@IModuleReg@base@UModSys@@UEAA_NXZ 0000000180001254 f   umodsys_lib_base:umodsys.base.modulereg.obj
 0001:00000278       ?mr_close@IModuleReg@base@UModSys@@UEAA_NXZ 0000000180001278 f   umodsys_lib_base:umodsys.base.modulereg.obj
 0001:00000294       ??_EIModuleLibraryReg@base@UModSys@@UEAAPEAXI@Z 0000000180001294 f i  CIL library: CIL module
 0001:00000294       ??_GRModuleLibraryReg_Chain@base@UModSys@@UEAAPEAXI@Z 0000000180001294 f i umodsys_lib_base:umodsys.base.moduleregchain.obj
 0001:00000294       ??_ERModuleLibraryReg_Chain@base@UModSys@@UEAAPEAXI@Z 0000000180001294 f i  CIL library: CIL module
 0001:00000294       ??_GIModuleLibraryReg@base@UModSys@@UEAAPEAXI@Z 0000000180001294 f i umodsys_lib_base:umodsys.base.modulereg.obj
 0001:000002bc       ??0SUniquePointer@core@UModSys@@QEAA@PEBD0H@Z 00000001800012bc f   umodsys_lib_core:umodsys.core.uniqueptr.obj
 0001:00000318       ??1SUniquePointer@core@UModSys@@QEAA@XZ 0000000180001318 f   umodsys_lib_core:umodsys.core.uniqueptr.obj
 0001:00000340       _onexit                    0000000180001340 f   MSVCRT:atonexit.obj
 0001:000003f0       atexit                     00000001800013f0 f   MSVCRT:atonexit.obj
 0001:00000408       ??3@YAXPEAX@Z              0000000180001408 f   MSVCRT:MSVCR90.dll
 0001:00000410       ??_Etype_info@@UEAAPEAXI@Z 0000000180001410 f i MSVCRT:ti_inst.obj
 0001:000004dc       _CRT_INIT                  00000001800014dc f   MSVCRT:crtdll.obj
 0001:00000870       _DllMainCRTStartup         0000000180001870 f   MSVCRT:crtdll.obj
 0001:000008ae       _purecall                  00000001800018ae f   MSVCRT:MSVCR90.dll
 0001:000008b4       __C_specific_handler       00000001800018b4 f   MSVCRT:MSVCR90.dll
 0001:000008ba       _unlock                    00000001800018ba f   MSVCRT:MSVCR90.dll
 0001:000008c0       __dllonexit                00000001800018c0 f   MSVCRT:MSVCR90.dll
 0001:000008c6       _lock                      00000001800018c6 f   MSVCRT:MSVCR90.dll
 0001:000008cc       ?__ArrayUnwind@@YAXPEAX_KHP6AX0@Z@Z 00000001800018cc f   MSVCRT:ehvecdtr.obj
 0001:00000918       ??_M@YAXPEAX_KHP6AX0@Z@Z   0000000180001918 f   MSVCRT:ehvecdtr.obj
 0001:00000978       __clean_type_info_names    0000000180001978 f   MSVCRT:tncleanup.obj
 0001:00000984       _RTC_Initialize            0000000180001984 f   MSVCRT:_initsect_.obj
 0001:000009bc       _RTC_Terminate             00000001800019bc f   MSVCRT:_initsect_.obj
 0001:00000a00       _ValidateImageBase         0000000180001a00 f   MSVCRT:pesect.obj
 0001:00000a30       _FindPESection             0000000180001a30 f   MSVCRT:pesect.obj
 0001:00000a80       _IsNonwritableInCurrentImage 0000000180001a80 f   MSVCRT:pesect.obj
 0001:00000ac2       _initterm                  0000000180001ac2 f   MSVCRT:MSVCR90.dll
 0001:00000ac8       _initterm_e                0000000180001ac8 f   MSVCRT:MSVCR90.dll
 0001:00000ace       _amsg_exit                 0000000180001ace f   MSVCRT:MSVCR90.dll
 0001:00000ad4       __CppXcptFilter            0000000180001ad4 f   MSVCRT:MSVCR90.dll
 0001:00000adc       DllMain                    0000000180001adc f   MSVCRT:dllmain.obj
 0001:00000b00       __security_init_cookie     0000000180001b00 f   MSVCRT:gs_support.obj
 0001:00000bb4       ?terminate@@YAXXZ          0000000180001bb4 f   MSVCRT:MSVCR90.dll
 0001:00000bba       ??1type_info@@UEAA@XZ      0000000180001bba f   MSVCRT:MSVCR90.dll
 0001:00000bba       ?_type_info_dtor_internal_method@type_info@@QEAAXXZ 0000000180001bba f   MSVCRT:MSVCR90.dll
 0001:00000bc0       __clean_type_info_names_internal 0000000180001bc0 f   MSVCRT:MSVCR90.dll
 0002:00000000       __imp_GetCurrentProcessId  0000000180003000     kernel32:KERNEL32.dll
 0002:00000008       __imp_GetCurrentThreadId   0000000180003008     kernel32:KERNEL32.dll
 0002:00000010       __imp_GetTickCount         0000000180003010     kernel32:KERNEL32.dll
 0002:00000018       __imp_QueryPerformanceCounter 0000000180003018     kernel32:KERNEL32.dll
 0002:00000020       __imp_DisableThreadLibraryCalls 0000000180003020     kernel32:KERNEL32.dll
 0002:00000028       __imp_Sleep                0000000180003028     kernel32:KERNEL32.dll
 0002:00000030       __imp_GetSystemTimeAsFileTime 0000000180003030     kernel32:KERNEL32.dll
 0002:00000038       \177KERNEL32_NULL_THUNK_DATA 0000000180003038     kernel32:KERNEL32.dll
 0002:00000040       __imp__decode_pointer      0000000180003040     MSVCRT:MSVCR90.dll
 0002:00000048       __imp__malloc_crt          0000000180003048     MSVCRT:MSVCR90.dll
 0002:00000050       __imp__initterm            0000000180003050     MSVCRT:MSVCR90.dll
 0002:00000058       __imp__initterm_e          0000000180003058     MSVCRT:MSVCR90.dll
 0002:00000060       __imp_free                 0000000180003060     MSVCRT:MSVCR90.dll
 0002:00000068       __imp__onexit              0000000180003068     MSVCRT:MSVCR90.dll
 0002:00000070       __imp__amsg_exit           0000000180003070     MSVCRT:MSVCR90.dll
 0002:00000078       __imp___CppXcptFilter      0000000180003078     MSVCRT:MSVCR90.dll
 0002:00000080       __imp_?terminate@@YAXXZ    0000000180003080     MSVCRT:MSVCR90.dll
 0002:00000088       __imp_?_type_info_dtor_internal_method@type_info@@QEAAXXZ 0000000180003088     MSVCRT:MSVCR90.dll
 0002:00000090       __imp___clean_type_info_names_internal 0000000180003090     MSVCRT:MSVCR90.dll
 0002:00000098       __imp__lock                0000000180003098     MSVCRT:MSVCR90.dll
 0002:000000a0       __imp__encode_pointer      00000001800030a0     MSVCRT:MSVCR90.dll
 0002:000000a8       __imp___dllonexit          00000001800030a8     MSVCRT:MSVCR90.dll
 0002:000000b0       __imp__unlock              00000001800030b0     MSVCRT:MSVCR90.dll
 0002:000000b8       __imp___C_specific_handler 00000001800030b8     MSVCRT:MSVCR90.dll
 0002:000000c0       __imp__purecall            00000001800030c0     MSVCRT:MSVCR90.dll
 0002:000000c8       __imp__encoded_null        00000001800030c8     MSVCRT:MSVCR90.dll
 0002:000000d0       __imp_??3@YAXPEAX@Z        00000001800030d0     MSVCRT:MSVCR90.dll
 0002:000000d8       \177MSVCR90_NULL_THUNK_DATA 00000001800030d8     MSVCRT:MSVCR90.dll
 0002:000000e0       __xc_a                     00000001800030e0     MSVCRT:cinitexe.obj
 0002:00000208       __xc_z                     0000000180003208     MSVCRT:cinitexe.obj
 0002:00000210       __xi_a                     0000000180003210     MSVCRT:cinitexe.obj
 0002:00000220       __xi_z                     0000000180003220     MSVCRT:cinitexe.obj
 0002:00000230       ??_7type_info@@6B@         0000000180003230     MSVCRT:ti_inst.obj
 0002:00000238       _pRawDllMain               0000000180003238     MSVCRT:crtdll.obj
 0002:00000238       _pDefaultRawDllMain        0000000180003238     MSVCRT:crtdll.obj
 0002:00000240       ??_C@_0P@GHFPNOJB@bad?5allocation?$AA@ 0000000180003240     plugin_test2.obj
 0002:00000250       ??_C@_0BF@OCNNAADO@UModSys?3?3core?3?3IRoot?$AA@ 0000000180003250     plugin_test2.obj
 0002:00000268       ??_C@_0BK@EMIJFOPA@UModSys?3?3core?3?3IRefObject?$AA@ 0000000180003268     plugin_test2.obj
 0002:00000288       ??_C@_0BL@IOMMHELF@UModSys?3?3core?3?3IParameters?$AA@ 0000000180003288     plugin_test2.obj
 0002:000002a8       ??_C@_0BI@IKAOEFAP@UModSys?3?3base?3?3IConsole?$AA@ 00000001800032a8     plugin_test2.obj
 0002:000002c0       ??_C@_0BH@LKDEEPPM@UModSys?3?3base?3?3IModule?$AA@ 00000001800032c0     plugin_test2.obj
 0002:000002d8       ??_C@_0BO@PHJOHFCB@UModSys?3?3base?3?3IModuleLibrary?$AA@ 00000001800032d8     plugin_test2.obj
 0002:000002f8       ??_C@_0BH@PFCONEJJ@UModSys?3?3base?3?3ISystem?$AA@ 00000001800032f8     plugin_test2.obj
 0002:00000310       ??_C@_0BK@FDPIOPHG@UModSys?3?3base?3?3IModObject?$AA@ 0000000180003310     plugin_test2.obj
 0002:00000330       ??_C@_0BK@OIBKNCKJ@UModSys?3?3base?3?3IGenerator?$AA@ 0000000180003330     plugin_test2.obj
 0002:00000350       ??_C@_0BG@PJBGCMEC@UModSys?3?3base?3?3IShell?$AA@ 0000000180003350     plugin_test2.obj
 0002:00000368       ??_C@_0BA@EFKDNKNF@Test?52?5?9?5module?$AA@ 0000000180003368     plugin_test2.obj
 0002:00000378       ??_C@_05EPPCHHAP@Test2?$AA@ 0000000180003378     plugin_test2.obj
 0002:00000380       ??_C@_0BK@MDJCNGKO@RTest2_ModuleReg?3?3open?$CI?$CJ?6?$AA@ 0000000180003380     plugin_test2.obj
 0002:000003a0       ??_C@_0BL@DPIOGOOM@RTest2_ModuleReg?3?3close?$CI?$CJ?6?$AA@ 00000001800033a0     plugin_test2.obj
 0002:000003c0       ??_C@_08FCBDOIAH@typeinfo?$AA@ 00000001800033c0     plugin_test2.obj
 0002:000003d8       ??_7RTest2_ModuleReg@test2@UModSys@@6B@ 00000001800033d8     plugin_test2.obj
 0002:00000410       ??_7RModuleLibraryReg_Chain@base@UModSys@@6B@ 0000000180003410     umodsys_lib_base:umodsys.base.moduleregchain.obj
 0002:00000448       ??_7IModuleReg@base@UModSys@@6B@ 0000000180003448     umodsys_lib_base:umodsys.base.modulereg.obj
 0002:00000480       ??_7IModuleLibraryReg@base@UModSys@@6B@ 0000000180003480     umodsys_lib_base:umodsys.base.modulereg.obj
 0002:000004b0       ??_R4type_info@@6B@        00000001800034b0     MSVCRT:ti_inst.obj
 0002:000004d8       ??_R3type_info@@8          00000001800034d8     MSVCRT:ti_inst.obj
 0002:000004f0       ??_R2type_info@@8          00000001800034f0     MSVCRT:ti_inst.obj
 0002:00000500       ??_R1A@?0A@EA@type_info@@8 0000000180003500     MSVCRT:ti_inst.obj
 0002:00000528       ??_R4RTest2_ModuleReg@test2@UModSys@@6B@ 0000000180003528     plugin_test2.obj
 0002:00000550       ??_R3RTest2_ModuleReg@test2@UModSys@@8 0000000180003550     plugin_test2.obj
 0002:00000568       ??_R2RTest2_ModuleReg@test2@UModSys@@8 0000000180003568     plugin_test2.obj
 0002:00000580       ??_R1A@?0A@EA@IModuleReg@base@UModSys@@8 0000000180003580     plugin_test2.obj
 0002:000005a8       ??_R3IModuleReg@base@UModSys@@8 00000001800035a8     plugin_test2.obj
 0002:000005c0       ??_R2IModuleReg@base@UModSys@@8 00000001800035c0     plugin_test2.obj
 0002:000005d0       ??_R1A@?0A@EA@RTest2_ModuleReg@test2@UModSys@@8 00000001800035d0     plugin_test2.obj
 0002:000005f8       ??_R4RModuleLibraryReg_Chain@base@UModSys@@6B@ 00000001800035f8     umodsys_lib_base:umodsys.base.moduleregchain.obj
 0002:00000620       ??_R3RModuleLibraryReg_Chain@base@UModSys@@8 0000000180003620     umodsys_lib_base:umodsys.base.moduleregchain.obj
 0002:00000638       ??_R2RModuleLibraryReg_Chain@base@UModSys@@8 0000000180003638     umodsys_lib_base:umodsys.base.moduleregchain.obj
 0002:00000650       ??_R1A@?0A@EA@IModuleLibraryReg@base@UModSys@@8 0000000180003650     umodsys_lib_base:umodsys.base.moduleregchain.obj
 0002:00000678       ??_R3IModuleLibraryReg@base@UModSys@@8 0000000180003678     umodsys_lib_base:umodsys.base.moduleregchain.obj
 0002:00000690       ??_R2IModuleLibraryReg@base@UModSys@@8 0000000180003690     umodsys_lib_base:umodsys.base.moduleregchain.obj
 0002:000006a0       ??_R1A@?0A@EA@RModuleLibraryReg_Chain@base@UModSys@@8 00000001800036a0     umodsys_lib_base:umodsys.base.moduleregchain.obj
 0002:000006c8       ??_R4IModuleLibraryReg@base@UModSys@@6B@ 00000001800036c8     umodsys_lib_base:umodsys.base.modulereg.obj
 0002:000006f0       ??_R4IModuleReg@base@UModSys@@6B@ 00000001800036f0     umodsys_lib_base:umodsys.base.modulereg.obj
 0002:00000718       __rtc_iaa                  0000000180003718     MSVCRT:_initsect_.obj
 0002:00000720       __rtc_izz                  0000000180003720     MSVCRT:_initsect_.obj
 0002:00000728       __rtc_taa                  0000000180003728     MSVCRT:_initsect_.obj
 0002:00000730       __rtc_tzz                  0000000180003730     MSVCRT:_initsect_.obj
 0002:00000870       __IMPORT_DESCRIPTOR_MSVCR90 0000000180003870     MSVCRT:MSVCR90.dll
 0002:00000884       __IMPORT_DESCRIPTOR_KERNEL32 0000000180003884     kernel32:KERNEL32.dll
 0002:00000898       __NULL_IMPORT_DESCRIPTOR   0000000180003898     MSVCRT:MSVCR90.dll
 0003:00000000       ??_R0?AVtype_info@@@8      0000000180004000     MSVCRT:ti_inst.obj
 0003:00000020       __native_dllmain_reason    0000000180004020     MSVCRT:natstart.obj
 0003:00000024       __native_vcclrit_reason    0000000180004024     MSVCRT:natstart.obj
 0003:00000028       __security_cookie          0000000180004028     MSVCRT:gs_cookie.obj
 0003:00000030       __security_cookie_complement 0000000180004030     MSVCRT:gs_cookie.obj
 0003:00000038       ??_R0?AUIModuleReg@base@UModSys@@@8 0000000180004038     plugin_test2.obj
 0003:00000068       ??_R0?AURTest2_ModuleReg@test2@UModSys@@@8 0000000180004068     plugin_test2.obj
 0003:000000c0       ?so_entry_enabled_flag@base@UModSys@@3HA 00000001800040c0     umodsys_lib_base:umodsys.so_main.win32.obj
 0003:000000f0       ?s_modreg@RTest2_ModuleReg@test2@UModSys@@2U123@A 00000001800040f0     plugin_test2.obj
 0003:00000140       ?s_modreg_chain@RTest2_ModuleReg@test2@UModSys@@2USModuleRegChain@base@3@A 0000000180004140     plugin_test2.obj
 0003:00000158       ?s_library@RModuleLibraryReg_Chain@base@UModSys@@2U123@A 0000000180004158     umodsys_lib_base:umodsys.base.moduleregchain.obj
 0003:00000160       ??_R0?AUIModuleLibraryReg@base@UModSys@@@8 0000000180004160     umodsys_lib_base:umodsys.base.moduleregchain.obj
 0003:00000198       ??_R0?AURModuleLibraryReg_Chain@base@UModSys@@@8 0000000180004198     umodsys_lib_base:umodsys.base.moduleregchain.obj
 0003:000001dc       _forceCRTManifestRTM       00000001800041dc     MSVCRT:crtmanifestrtm.obj
 0003:000001e0       ?__type_info_root_node@@3U__type_info_node@@A 00000001800041e0     MSVCRT:tncleanup.obj
 0003:000001f0       ?s_id@?$TObjectUniqueID@UIModObject@base@UModSys@@@tl@UModSys@@2USUniquePointer@core@3@A 00000001800041f0     plugin_test2.obj
 0003:00000220       ?s_id@?$TObjectUniqueID@UIGenerator@base@UModSys@@@tl@UModSys@@2USUniquePointer@core@3@A 0000000180004220     plugin_test2.obj
 0003:00000250       ?s_id@?$TObjectUniqueID@UIModule@base@UModSys@@@tl@UModSys@@2USUniquePointer@core@3@A 0000000180004250     plugin_test2.obj
 0003:00000280       ?s_id@?$TObjectUniqueID@UIRoot@core@UModSys@@@tl@UModSys@@2USUniquePointer@core@3@A 0000000180004280     plugin_test2.obj
 0003:000002b0       ?s_id@?$TObjectUniqueID@UISystem@base@UModSys@@@tl@UModSys@@2USUniquePointer@core@3@A 00000001800042b0     plugin_test2.obj
 0003:000002e0       ?s_id@?$TObjectUniqueID@UIRefObject@core@UModSys@@@tl@UModSys@@2USUniquePointer@core@3@A 00000001800042e0     plugin_test2.obj
 0003:00000310       ?s_id@?$TObjectUniqueID@UIShell@base@UModSys@@@tl@UModSys@@2USUniquePointer@core@3@A 0000000180004310     plugin_test2.obj
 0003:00000340       ?s_id@?$TObjectUniqueID@UIConsole@base@UModSys@@@tl@UModSys@@2USUniquePointer@core@3@A 0000000180004340     plugin_test2.obj
 0003:00000370       ?s_id@?$TObjectUniqueID@UIModuleLibrary@base@UModSys@@@tl@UModSys@@2USUniquePointer@core@3@A 0000000180004370     plugin_test2.obj
 0003:000003a0       ?s_id@?$TObjectUniqueID@UIParameters@core@UModSys@@@tl@UModSys@@2USUniquePointer@core@3@A 00000001800043a0     plugin_test2.obj
 0003:000003d0       ?M@UModSys@@3USModuleContext@base@1@A 00000001800043d0     umodsys_lib_base:umodsys.base.modulecontext.obj
 0003:000003f0       ?root@SModuleRegChain@base@UModSys@@2U123@A 00000001800043f0     umodsys_lib_base:umodsys.base.moduleregchain.obj
 0003:00000408       ?root@SUniquePointer@core@UModSys@@2U123@A 0000000180004408     umodsys_lib_core:umodsys.core.uniqueptr.obj
 0003:00000438       __native_startup_state     0000000180004438     <common>
 0003:00000440       __native_startup_lock      0000000180004440     <common>
 0003:00000448       __dyn_tls_init_callback    0000000180004448     <common>
 0003:00000450       __onexitend                0000000180004450     <common>
 0003:00000458       __onexitbegin              0000000180004458     <common>

 entry point at        0001:00000870

 Static symbols

 0001:0000047c       pre_c_init                 000000018000147c f   MSVCRT:crtdll.obj
 0001:00000738       __DllMainCRTStartup        0000000180001738 f   MSVCRT:crtdll.obj
 0001:00000bd0       _onexit$fin$0              0000000180001bd0 f   MSVCRT:atonexit.obj
 0001:00000be9       __DllMainCRTStartup$filt$0 0000000180001be9 f   MSVCRT:crtdll.obj
 0001:00000c19       __DllMainCRTStartup$fin$1  0000000180001c19 f   MSVCRT:crtdll.obj
 0001:00000c32       ?filt$0@?0??__ArrayUnwind@@YAXPEAX_KHP6AX0@Z@Z@4HA 0000000180001c32 f   MSVCRT:ehvecdtr.obj
 0001:00000c71       ?fin$0@?0???_M@YAXPEAX_KHP6AX0@Z@Z@4HA 0000000180001c71 f   MSVCRT:ehvecdtr.obj
 0001:00000ca0       _IsNonwritableInCurrentImage$filt$0 0000000180001ca0 f   MSVCRT:pesect.obj
 0001:00000cc4       ??__E?s_modreg@RTest2_ModuleReg@test2@UModSys@@2U123@A@@YAXXZ 0000000180001cc4 f    CIL library: CIL module
 0001:00000d54       ??__E?s_modreg_chain@RTest2_ModuleReg@test2@UModSys@@2USModuleRegChain@base@3@A@@YAXXZ 0000000180001d54 f    CIL library: CIL module
 0001:00000d94       ??__E?s_id@?$TObjectUniqueID@UIRoot@core@UModSys@@@tl@UModSys@@2USUniquePointer@core@3@A@@YAXXZ 0000000180001d94 f    CIL library: CIL module
 0001:00000dc8       ??__E?s_id@?$TObjectUniqueID@UIRefObject@core@UModSys@@@tl@UModSys@@2USUniquePointer@core@3@A@@YAXXZ 0000000180001dc8 f    CIL library: CIL module
 0001:00000dfc       ??__E?s_id@?$TObjectUniqueID@UIParameters@core@UModSys@@@tl@UModSys@@2USUniquePointer@core@3@A@@YAXXZ 0000000180001dfc f    CIL library: CIL module
 0001:00000e30       ??__E?s_id@?$TObjectUniqueID@UIConsole@base@UModSys@@@tl@UModSys@@2USUniquePointer@core@3@A@@YAXXZ 0000000180001e30 f    CIL library: CIL module
 0001:00000e64       ??__E?s_id@?$TObjectUniqueID@UIModule@base@UModSys@@@tl@UModSys@@2USUniquePointer@core@3@A@@YAXXZ 0000000180001e64 f    CIL library: CIL module
 0001:00000e98       ??__E?s_id@?$TObjectUniqueID@UIModuleLibrary@base@UModSys@@@tl@UModSys@@2USUniquePointer@core@3@A@@YAXXZ 0000000180001e98 f    CIL library: CIL module
 0001:00000ecc       ??__E?s_id@?$TObjectUniqueID@UISystem@base@UModSys@@@tl@UModSys@@2USUniquePointer@core@3@A@@YAXXZ 0000000180001ecc f    CIL library: CIL module
 0001:00000f00       ??__E?s_id@?$TObjectUniqueID@UIModObject@base@UModSys@@@tl@UModSys@@2USUniquePointer@core@3@A@@YAXXZ 0000000180001f00 f    CIL library: CIL module
 0001:00000f34       ??__E?s_id@?$TObjectUniqueID@UIGenerator@base@UModSys@@@tl@UModSys@@2USUniquePointer@core@3@A@@YAXXZ 0000000180001f34 f    CIL library: CIL module
 0001:00000f68       ??__E?s_id@?$TObjectUniqueID@UIShell@base@UModSys@@@tl@UModSys@@2USUniquePointer@core@3@A@@YAXXZ 0000000180001f68 f    CIL library: CIL module
 0001:00000f9c       ??__EM@UModSys@@YAXXZ      0000000180001f9c f    CIL library: CIL module
 0001:00000fa8       ??__E?root@SModuleRegChain@base@UModSys@@2U123@A@@YAXXZ 0000000180001fa8 f    CIL library: CIL module
 0001:00000fb4       ??__E?s_library@RModuleLibraryReg_Chain@base@UModSys@@2U123@A@@YAXXZ 0000000180001fb4 f    CIL library: CIL module
 0001:00000fc0       ??__E?root@SUniquePointer@core@UModSys@@2U123@A@@YAXXZ 0000000180001fc0 f    CIL library: CIL module
 0001:00000fcc       ??__F?s_modreg@RTest2_ModuleReg@test2@UModSys@@2U123@A@@YAXXZ 0000000180001fcc f    CIL library: CIL module
 0001:00000fdc       ??__F?s_modreg_chain@RTest2_ModuleReg@test2@UModSys@@2USModuleRegChain@base@3@A@@YAXXZ 0000000180001fdc f    CIL library: CIL module
 0001:0000101c       ??__F?s_id@?$TObjectUniqueID@UIShell@base@UModSys@@@tl@UModSys@@2USUniquePointer@core@3@A@@YAXXZ 000000018000201c f    CIL library: CIL module
 0001:00001028       ??__F?s_id@?$TObjectUniqueID@UIGenerator@base@UModSys@@@tl@UModSys@@2USUniquePointer@core@3@A@@YAXXZ 0000000180002028 f    CIL library: CIL module
 0001:00001034       ??__F?s_id@?$TObjectUniqueID@UIModObject@base@UModSys@@@tl@UModSys@@2USUniquePointer@core@3@A@@YAXXZ 0000000180002034 f    CIL library: CIL module
 0001:00001040       ??__F?s_id@?$TObjectUniqueID@UISystem@base@UModSys@@@tl@UModSys@@2USUniquePointer@core@3@A@@YAXXZ 0000000180002040 f    CIL library: CIL module
 0001:0000104c       ??__F?s_id@?$TObjectUniqueID@UIModuleLibrary@base@UModSys@@@tl@UModSys@@2USUniquePointer@core@3@A@@YAXXZ 000000018000204c f    CIL library: CIL module
 0001:00001058       ??__F?s_id@?$TObjectUniqueID@UIModule@base@UModSys@@@tl@UModSys@@2USUniquePointer@core@3@A@@YAXXZ 0000000180002058 f    CIL library: CIL module
 0001:00001064       ??__F?s_id@?$TObjectUniqueID@UIConsole@base@UModSys@@@tl@UModSys@@2USUniquePointer@core@3@A@@YAXXZ 0000000180002064 f    CIL library: CIL module
 0001:00001070       ??__F?s_id@?$TObjectUniqueID@UIParameters@core@UModSys@@@tl@UModSys@@2USUniquePointer@core@3@A@@YAXXZ 0000000180002070 f    CIL library: CIL module
 0001:0000107c       ??__F?s_id@?$TObjectUniqueID@UIRefObject@core@UModSys@@@tl@UModSys@@2USUniquePointer@core@3@A@@YAXXZ 000000018000207c f    CIL library: CIL module
 0001:00001088       ??__F?s_id@?$TObjectUniqueID@UIRoot@core@UModSys@@@tl@UModSys@@2USUniquePointer@core@3@A@@YAXXZ 0000000180002088 f    CIL library: CIL module
 0001:00001094       ??__FM@UModSys@@YAXXZ      0000000180002094 f    CIL library: CIL module
 0001:00001098       ??__F?root@SModuleRegChain@base@UModSys@@2U123@A@@YAXXZ 0000000180002098 f    CIL library: CIL module
 0001:000010d8       ??__F?s_library@RModuleLibraryReg_Chain@base@UModSys@@2U123@A@@YAXXZ 00000001800020d8 f    CIL library: CIL module
 0001:000010e8       ??__F?root@SUniquePointer@core@UModSys@@2U123@A@@YAXXZ 00000001800020e8 f    CIL library: CIL module

 Exports

  ordinal    name

        1    UModSys_Plugin_Entry2
