 plugin_test1

 Timestamp is 52a1f34a (Fri Dec 06 18:54:50 2013)

 Preferred load address is 0000000180000000

 Start         Length     Name                   Class
 0001:00000000 00011a10H .text                   CODE
 0001:00011a10 0000005eH .text$00                CODE
 0001:00011a70 000010c6H .text$x                 CODE
 0001:00012b38 00001074H .text$yc                CODE
 0001:00013bac 000005f4H .text$yd                CODE
 0002:00000000 00000330H .idata$5                DATA
 0002:00000330 00000008H .CRT$XCA                DATA
 0002:00000338 00000d78H .CRT$XCU                DATA
 0002:000010b0 00000008H .CRT$XCZ                DATA
 0002:000010b8 00000008H .CRT$XIA                DATA
 0002:000010c0 00000008H .CRT$XIAA               DATA
 0002:000010c8 00000008H .CRT$XIZ                DATA
 0002:000010d0 00003b08H .rdata                  DATA
 0002:00004be0 000021ecH .rdata$r                DATA
 0002:00006dd0 00000008H .rtc$IAA                DATA
 0002:00006dd8 00000008H .rtc$IZZ                DATA
 0002:00006de0 00000008H .rtc$TAA                DATA
 0002:00006de8 00000008H .rtc$TZZ                DATA
 0002:00006df0 00001f68H .xdata                  DATA
 0002:00008d58 00000064H .idata$2                DATA
 0002:00008dbc 00000014H .idata$3                DATA
 0002:00008dd0 00000330H .idata$4                DATA
 0002:00009100 0000076aH .idata$6                DATA
 0002:00009870 00000059H .edata                  DATA
 0003:00000000 00000f10H .data                   DATA
 0003:00000f10 00001100H .bss                    DATA
 0004:00000000 000018c0H .pdata                  DATA

  Address         Publics by Value              Rva+Base               Lib:Object

 0000:00000000       ___safe_se_handler_count   0000000000000000     <absolute>
 0000:00000000       ___safe_se_handler_table   0000000000000000     <absolute>
 0000:00000000       __ImageBase                0000000180000000     <linker-defined>
 0001:00000000       ??6SUniquePtrList@core@UModSys@@QEAAAEAU012@PEBUSUniquePointerInfo@12@@Z 0000000180001000 f i plugin_test1.obj
 0001:000000b8       ??3IRoot@core@UModSys@@SAXPEAXAEBUSIMemAlloc@12@@Z 00000001800010b8 f i plugin_test1.obj
 0001:000000e4       ?mount_add@ILibraryBinTree@libmedia@UModSys@@QEAA_NAEBU?$TString@U?$TSCoreConst@D@su@tl@UModSys@@U?$TComparerBinaryHash@D@234@@tl@3@PEAUIBinArchive@23@H@Z 00000001800010e4 f i plugin_test1.obj
 0001:00000178       ?mount_add@ILibraryBinTree@libmedia@UModSys@@QEAA_NAEBU?$TString@U?$TSCoreConst@D@su@tl@UModSys@@U?$TComparerBinaryHash@D@234@@tl@3@HPEAUIBinArchive@23@H@Z 0000000180001178 f i plugin_test1.obj
 0001:00000210       ?layer_push@ILibraryLayered@libmedia@UModSys@@QEAA_NPEAUILibrary@23@HAEBU?$TString@U?$TSCoreConst@D@su@tl@UModSys@@U?$TComparerBinaryHash@D@234@@tl@3@@Z 0000000180001210 f i plugin_test1.obj
 0001:000002a0       ??1SPoint@ILibraryBinTree@libmedia@UModSys@@QEAA@XZ 00000001800012a0 f i plugin_test1.obj
 0001:000002a0       ??1SLayer@ILibraryLayered@libmedia@UModSys@@QEAA@XZ 00000001800012a0 f i plugin_test1.obj
 0001:000002c4       ??_GRGenerator@stdlib@lib2d@modules@UModSys@@UEAAPEAXI@Z 00000001800012c4 f i umodsys_lib_lib2d:umodsys.mod.2d.stdlib.obj
 0001:000002c4       ??_ERGenerator@images_std@media@modules@UModSys@@UEAAPEAXI@Z 00000001800012c4 f i  CIL library: CIL module
 0001:000002c4       ??_GRGenerator@frames@ui@modules@UModSys@@UEAAPEAXI@Z 00000001800012c4 f i umodsys_lib_libui:umodsys.mod.ui.frames.obj
 0001:000002c4       ??_ERGenerator@frames@ui@modules@UModSys@@UEAAPEAXI@Z 00000001800012c4 f i  CIL library: CIL module
 0001:000002c4       ??_ERGenerator@SDL_core@ui@modules@UModSys@@UEAAPEAXI@Z 00000001800012c4 f i  CIL library: CIL module
 0001:000002c4       ??_ERGenerator@stdlib@lib2d@modules@UModSys@@UEAAPEAXI@Z 00000001800012c4 f i  CIL library: CIL module
 0001:000002c4       ??_GRGenerator@SDL_core@ui@modules@UModSys@@UEAAPEAXI@Z 00000001800012c4 f i umodsys_lib_libui:umodsys.mod.ui.SDL_core.obj
 0001:000002c4       ??_ERGenerator@test1@test@modules@UModSys@@UEAAPEAXI@Z 00000001800012c4 f i  CIL library: CIL module
 0001:000002c4       ??_GRGenerator@test1@test@modules@UModSys@@UEAAPEAXI@Z 00000001800012c4 f i plugin_test1.obj
 0001:000002c4       ??_EIRoot@core@UModSys@@UEAAPEAXI@Z 00000001800012c4 f i  CIL library: CIL module
 0001:000002c4       ??_GRGenerator@images_std@media@modules@UModSys@@UEAAPEAXI@Z 00000001800012c4 f i umodsys_lib_libmedia:umodsys.mod.media.images_std.obj
 0001:000002c4       ??_GIRoot@core@UModSys@@UEAAPEAXI@Z 00000001800012c4 f i plugin_test1.obj
 0001:000002ec       ?root_get_interface_info@RTest1_Shell@test1@test@modules@UModSys@@UEBAAEBUSUniquePointerInfo@core@5@XZ 00000001800012ec f i plugin_test1.obj
 0001:000002f4       ?root_get_interface_type@RTest1_Shell@test1@test@modules@UModSys@@UEBAPEBUSUniquePointerInfo@core@5@XZ 00000001800012f4 f i plugin_test1.obj
 0001:000002fc       ?root_get_other_interface@RTest1_Shell@test1@test@modules@UModSys@@UEBAPEBUIRoot@core@5@PEBUSUniquePointerInfo@75@@Z 00000001800012fc f i plugin_test1.obj
 0001:000002fc       ?root_get_other_interface@RTest1_Shell@test1@test@modules@UModSys@@UEAAPEAUIRoot@core@5@PEBUSUniquePointerInfo@75@@Z 00000001800012fc f i plugin_test1.obj
 0001:0000032c       ?root_is_interface_supported@RTest1_Shell@test1@test@modules@UModSys@@UEBA_NPEBUSUniquePointerInfo@core@5@@Z 000000018000132c f i plugin_test1.obj
 0001:0000035c       ?ref_add@RTest1_Shell@test1@test@modules@UModSys@@UEBAXXZ 000000018000135c f i plugin_test1.obj
 0001:00000360       ?ref_remove@RTest1_Shell@test1@test@modules@UModSys@@UEBAXXZ 0000000180001360 f i plugin_test1.obj
 0001:00000378       ?ref_links@RTest1_Shell@test1@test@modules@UModSys@@UEBAHXZ 0000000180001378 f i plugin_test1.obj
 0001:0000037c       ?ref_weak@RTest1_Shell@test1@test@modules@UModSys@@UEBA_NAEAUWeakPointer@IRefObject@core@5@@Z 000000018000137c f i plugin_test1.obj
 0001:0000039c       ?suicide@RTest1_Shell@test1@test@modules@UModSys@@UEAAXXZ 000000018000139c f i plugin_test1.obj
 0001:000003e8       ??0RTest1_Shell@test1@test@modules@UModSys@@QEAA@PEAUIModObject@base@4@@Z 00000001800013e8 f i plugin_test1.obj
 0001:00000520       ?connect@RTest1_Shell@test1@test@modules@UModSys@@UEAA_NXZ 0000000180001520 f i plugin_test1.obj
 0001:00000544       ?disconnect@RTest1_Shell@test1@test@modules@UModSys@@UEAA_NXZ 0000000180001544 f i plugin_test1.obj
 0001:00000568       ?process_tick@RTest1_Shell@test1@test@modules@UModSys@@UEAA_NAEBUSTimeMsec@core@5@@Z 0000000180001568 f i plugin_test1.obj
 0001:000005a0       ?process_command@RTest1_Shell@test1@test@modules@UModSys@@UEAA_NHQEBU?$TString@U?$TSCoreConst@D@su@tl@UModSys@@U?$TComparerBinaryHash@D@234@@tl@5@@Z 00000001800015a0 f i plugin_test1.obj
 0001:000005c4       ??_ERTest1_Shell@test1@test@modules@UModSys@@UEAAPEAXI@Z 00000001800015c4 f i  CIL library: CIL module
 0001:000005c4       ??_GRTest1_Shell@test1@test@modules@UModSys@@UEAAPEAXI@Z 00000001800015c4 f i plugin_test1.obj
 0001:00000688       ?new_mem_image@RTest1_Shell@test1@test@modules@UModSys@@QEAA?AU?$TRefObject@UIImage@lib2d@UModSys@@U?$TRefObjectFunc@UIImage@lib2d@UModSys@@@tl@3@@tl@5@XZ 0000000180001688 f   plugin_test1.obj
 0001:00000764       ?media_arch_stdio@RTest1_Shell@test1@test@modules@UModSys@@QEAA?AU?$TRefObject@UIBinArchive@libmedia@UModSys@@U?$TRefObjectFunc@UIBinArchive@libmedia@UModSys@@@tl@3@@tl@5@AEBU?$TString@U?$TSCoreConst@D@su@tl@UModSys@@U?$TComparerBinaryHash@D@234@@75@@Z 0000000180001764 f   plugin_test1.obj
 0001:00000868       ?media_filter_new@RTest1_Shell@test1@test@modules@UModSys@@QEAA?AU?$TRefObject@UIBinObjFilter@libmedia@UModSys@@U?$TRefObjectFunc@UIBinObjFilter@libmedia@UModSys@@@tl@3@@tl@5@AEBU?$TString@U?$TSCoreConst@D@su@tl@UModSys@@U?$TComparerBinaryHash@D@234@@75@AEBUSParameters@core@5@@Z 0000000180001868 f   plugin_test1.obj
 0001:00000944       ?media_vfs@RTest1_Shell@test1@test@modules@UModSys@@QEAA?AU?$TRefObject@UILibraryBinTree@libmedia@UModSys@@U?$TRefObjectFunc@UILibraryBinTree@libmedia@UModSys@@@tl@3@@tl@5@XZ 0000000180001944 f   plugin_test1.obj
 0001:00000a20       ?media_flt@RTest1_Shell@test1@test@modules@UModSys@@QEAA?AU?$TRefObject@UILibraryObjFilter@libmedia@UModSys@@U?$TRefObjectFunc@UILibraryObjFilter@libmedia@UModSys@@@tl@3@@tl@5@XZ 0000000180001a20 f   plugin_test1.obj
 0001:00000afc       ?media_lay@RTest1_Shell@test1@test@modules@UModSys@@QEAA?AU?$TRefObject@UILibraryLayered@libmedia@UModSys@@U?$TRefObjectFunc@UILibraryLayered@libmedia@UModSys@@@tl@3@@tl@5@XZ 0000000180001afc f   plugin_test1.obj
 0001:00000bd8       ?media_cache@RTest1_Shell@test1@test@modules@UModSys@@QEAA?AU?$TRefObject@UILibrary@libmedia@UModSys@@U?$TRefObjectFunc@UILibrary@libmedia@UModSys@@@tl@3@@tl@5@_N@Z 0000000180001bd8 f   plugin_test1.obj
 0001:00000d7c       ?file_test6@RTest1_Shell@test1@test@modules@UModSys@@QEAAXXZ 0000000180001d7c f   plugin_test1.obj
 0001:000012d0       ?key_pressed@RTest1_Shell@test1@test@modules@UModSys@@UEAA_NAEBUSKeyboardInputRaw@libui@5@@Z 00000001800022d0 f   plugin_test1.obj
 0001:00001330       ?key_text@RTest1_Shell@test1@test@modules@UModSys@@UEAA_NAEBUSKeyboardInputText@libui@5@@Z 0000000180002330 f   plugin_test1.obj
 0001:00001378       ?mouse_event@RTest1_Shell@test1@test@modules@UModSys@@UEAA_NAEBUSMouseInput@libui@5@@Z 0000000180002378 f   plugin_test1.obj
 0001:0000141c       ?command@RTest1_Shell@test1@test@modules@UModSys@@UEAA_NAEBUSController@libui@5@HAEBUSFrameDataIn@75@@Z 000000018000241c f   plugin_test1.obj
 0001:0000146c       ?db_get@RTest1_Shell@test1@test@modules@UModSys@@UEAA_NAEBUSController@libui@5@QEBDAEBUSFrameDataOut@75@@Z 000000018000246c f   plugin_test1.obj
 0001:000014d0       ?db_get@RTest1_Shell@test1@test@modules@UModSys@@UEAA_NAEBUSController@libui@5@QEBDHAEBUSFrameDataOut@75@@Z 00000001800024d0 f   plugin_test1.obj
 0001:0000157c       ?get_generated_names@RGenerator@test1@test@modules@UModSys@@UEBAHAEAUSUniquePtrList@core@5@@Z 000000018000257c f i plugin_test1.obj
 0001:0000159c       ?get_generated_types@RGenerator@test1@test@modules@UModSys@@UEBAHAEAUSUniquePtrList@core@5@PEBUSUniquePointerInfo@75@@Z 000000018000259c f i plugin_test1.obj
 0001:000015f8       ?generate@RGenerator@test1@test@modules@UModSys@@UEAA_NAEAU?$TRefObject@UIRefObject@core@UModSys@@U?$TRefObjectFunc@UIRefObject@core@UModSys@@@tl@3@@tl@5@PEBUSUniquePointerInfo@core@5@AEBUSParameters@95@@Z 00000001800025f8 f i plugin_test1.obj
 0001:000016bc       ?root_get_interface_info@RGenerator@test1@test@modules@UModSys@@UEBAAEBUSUniquePointerInfo@core@5@XZ 00000001800026bc f i plugin_test1.obj
 0001:000016c4       ?root_get_interface_type@RGenerator@test1@test@modules@UModSys@@UEBAPEBUSUniquePointerInfo@core@5@XZ 00000001800026c4 f i plugin_test1.obj
 0001:000016cc       ?root_get_other_interface@RGenerator@test1@test@modules@UModSys@@UEBAPEBUIRoot@core@5@PEBUSUniquePointerInfo@75@@Z 00000001800026cc f i plugin_test1.obj
 0001:000016cc       ?root_get_other_interface@RGenerator@test1@test@modules@UModSys@@UEAAPEAUIRoot@core@5@PEBUSUniquePointerInfo@75@@Z 00000001800026cc f i plugin_test1.obj
 0001:00001704       ?root_is_interface_supported@RGenerator@test1@test@modules@UModSys@@UEBA_NPEBUSUniquePointerInfo@core@5@@Z 0000000180002704 f i plugin_test1.obj
 0001:0000173c       ?get_uid@RGenerator@test1@test@modules@UModSys@@UEBAPEBUSUniquePointerInfo@core@5@XZ 000000018000273c f i plugin_test1.obj
 0001:00001744       ?do_open@RModuleReg@test1@test@modules@UModSys@@UEAA_NXZ 0000000180002744 f i plugin_test1.obj
 0001:000017d0       ?do_close@RModuleReg@test1@test@modules@UModSys@@UEAA_NXZ 00000001800027d0 f i plugin_test1.obj
 0001:00001838       ??_ERModuleReg@stdlib@lib2d@modules@UModSys@@UEAAPEAXI@Z 0000000180002838 f i  CIL library: CIL module
 0001:00001838       ??_ERModuleReg@SDL_core@ui@modules@UModSys@@UEAAPEAXI@Z 0000000180002838 f i  CIL library: CIL module
 0001:00001838       ??_ERModuleReg@frames@ui@modules@UModSys@@UEAAPEAXI@Z 0000000180002838 f i  CIL library: CIL module
 0001:00001838       ??_EIModuleReg@base@UModSys@@UEAAPEAXI@Z 0000000180002838 f i  CIL library: CIL module
 0001:00001838       ??_GRModuleReg@frames@ui@modules@UModSys@@UEAAPEAXI@Z 0000000180002838 f i umodsys_lib_libui:umodsys.mod.ui.frames.obj
 0001:00001838       ??_GRModuleReg@images_std@media@modules@UModSys@@UEAAPEAXI@Z 0000000180002838 f i umodsys_lib_libmedia:umodsys.mod.media.images_std.obj
 0001:00001838       ??_ERModuleReg@images_std@media@modules@UModSys@@UEAAPEAXI@Z 0000000180002838 f i  CIL library: CIL module
 0001:00001838       ??_GRModuleReg@SDL_core@ui@modules@UModSys@@UEAAPEAXI@Z 0000000180002838 f i umodsys_lib_libui:umodsys.mod.ui.SDL_core.obj
 0001:00001838       ??_GIModuleReg@base@UModSys@@UEAAPEAXI@Z 0000000180002838 f i umodsys_lib_base:umodsys.base.modulereg.obj
 0001:00001838       ??_GRModuleReg@test1@test@modules@UModSys@@UEAAPEAXI@Z 0000000180002838 f i plugin_test1.obj
 0001:00001838       ??_ERModuleReg@test1@test@modules@UModSys@@UEAAPEAXI@Z 0000000180002838 f i  CIL library: CIL module
 0001:00001838       ??_GRModuleReg@stdlib@lib2d@modules@UModSys@@UEAAPEAXI@Z 0000000180002838 f i umodsys_lib_lib2d:umodsys.mod.2d.stdlib.obj
 0001:00001860       ?get_module@RGenerator@test1@test@modules@UModSys@@UEBAPEAUIModule@base@5@XZ 0000000180002860 f   plugin_test1.obj
 0001:00001868       ?mod_inc@RGenerator@test1@test@modules@UModSys@@UEBA_NXZ 0000000180002868 f   plugin_test1.obj
 0001:00001878       ?mod_dec@RGenerator@test1@test@modules@UModSys@@UEBA_NXZ 0000000180002878 f   plugin_test1.obj
 0001:0000188c       ?s_holder@RGenerator@test1@test@modules@UModSys@@SAAEAU?$TTypeStaticHolder@URGenerator@test1@test@modules@UModSys@@@tl@5@XZ 000000018000288c f   plugin_test1.obj
 0001:000018d0       ??0?$TString@U?$TSCoreConst@D@su@tl@UModSys@@U?$TComparerBinaryHash@D@234@@tl@UModSys@@QEAA@PEBD@Z 00000001800028d0 f i plugin_test1.obj
 0001:0000193c       ??1?$TRefObject@UIBinObjFilter@libmedia@UModSys@@U?$TRefObjectFunc@UIBinObjFilter@libmedia@UModSys@@@tl@3@@tl@UModSys@@QEAA@XZ 000000018000293c f i plugin_test1.obj
 0001:0000193c       ??1?$TRefObject@UILibraryBinTree@libmedia@UModSys@@U?$TRefObjectFunc@UILibraryBinTree@libmedia@UModSys@@@tl@3@@tl@UModSys@@QEAA@XZ 000000018000293c f i plugin_test1.obj
 0001:0000193c       ??1?$TRefObject@URRenderDriver2D@SDL_core@ui@modules@UModSys@@U?$TRefObjectFunc@URRenderDriver2D@SDL_core@ui@modules@UModSys@@@tl@5@@tl@UModSys@@QEAA@XZ 000000018000293c f i umodsys_lib_libui:umodsys.mod.ui.SDL_core.obj
 0001:0000193c       ??1?$TRefObject@UITerminal@libui@UModSys@@U?$TRefObjectFunc@UITerminal@libui@UModSys@@@tl@3@@tl@UModSys@@QEAA@XZ 000000018000293c f i plugin_test1.obj
 0001:0000193c       ??1?$TRefObject@URMultiImage2D_SDL_ttf@SDL_core@ui@modules@UModSys@@U?$TRefObjectFunc@URMultiImage2D_SDL_ttf@SDL_core@ui@modules@UModSys@@@tl@5@@tl@UModSys@@QEAA@XZ 000000018000293c f i umodsys_lib_libui:umodsys.mod.ui.SDL_core.obj
 0001:0000193c       ??1?$TRefObject@URTerminal@SDL_core@ui@modules@UModSys@@U?$TRefObjectFunc@URTerminal@SDL_core@ui@modules@UModSys@@@tl@5@@tl@UModSys@@QEAA@XZ 000000018000293c f i umodsys_lib_libui:umodsys.mod.ui.SDL_core.obj
 0001:0000193c       ??1?$TRefObject@UILibrary@libmedia@UModSys@@U?$TRefObjectFunc@UILibrary@libmedia@UModSys@@@tl@3@@tl@UModSys@@QEAA@XZ 000000018000293c f i plugin_test1.obj
 0001:0000193c       ??1?$TRefObject@URImage_Memory@stdlib@lib2d@modules@UModSys@@U?$TRefObjectFunc@URImage_Memory@stdlib@lib2d@modules@UModSys@@@tl@5@@tl@UModSys@@QEAA@XZ 000000018000293c f i umodsys_lib_lib2d:umodsys.mod.2d.stdlib.obj
 0001:0000193c       ??1?$TRefObject@UILibraryObjFilter@libmedia@UModSys@@U?$TRefObjectFunc@UILibraryObjFilter@libmedia@UModSys@@@tl@3@@tl@UModSys@@QEAA@XZ 000000018000293c f i plugin_test1.obj
 0001:0000193c       ??1?$TRefObject@UIRenderDriver@lib2d@UModSys@@U?$TRefObjectFunc@UIRenderDriver@lib2d@UModSys@@@tl@3@@tl@UModSys@@QEAA@XZ 000000018000293c f i plugin_test1.obj
 0001:0000193c       ??1?$TRefObject@UIMultiImage@lib2d@UModSys@@U?$TRefObjectFunc@UIMultiImage@lib2d@UModSys@@@tl@3@@tl@UModSys@@QEAA@XZ 000000018000293c f i plugin_test1.obj
 0001:0000193c       ??1?$TRefObject@UILibraryBinCache@libmedia@UModSys@@U?$TRefObjectFunc@UILibraryBinCache@libmedia@UModSys@@@tl@3@@tl@UModSys@@QEAA@XZ 000000018000293c f i plugin_test1.obj
 0001:0000193c       ??1?$TRefObject@UIImage@lib2d@UModSys@@U?$TRefObjectFunc@UIImage@lib2d@UModSys@@@tl@3@@tl@UModSys@@QEAA@XZ 000000018000293c f i plugin_test1.obj
 0001:0000193c       ??1?$TRefObject@URDialog@frames@ui@modules@UModSys@@U?$TRefObjectFunc@URDialog@frames@ui@modules@UModSys@@@tl@5@@tl@UModSys@@QEAA@XZ 000000018000293c f i umodsys_lib_libui:umodsys.mod.ui.frames.obj
 0001:0000193c       ??1?$TRefObject@UIFrame@libui@UModSys@@U?$TRefObjectFunc@UIFrame@libui@UModSys@@@tl@3@@tl@UModSys@@QEAA@XZ 000000018000293c f i umodsys_lib_libui:umodsys.mod.ui.frames.obj
 0001:0000193c       ??1?$TRefObject@URKeyboardController@SDL_core@ui@modules@UModSys@@U?$TRefObjectFunc@URKeyboardController@SDL_core@ui@modules@UModSys@@@tl@5@@tl@UModSys@@QEAA@XZ 000000018000293c f i umodsys_lib_libui:umodsys.mod.ui.SDL_core.obj
 0001:0000193c       ??1?$TRefObject@URCollector@frames@ui@modules@UModSys@@U?$TRefObjectFunc@URCollector@frames@ui@modules@UModSys@@@tl@5@@tl@UModSys@@QEAA@XZ 000000018000293c f i umodsys_lib_libui:umodsys.mod.ui.frames.obj
 0001:0000193c       ??1?$TRefObject@UIBinArchive@libmedia@UModSys@@U?$TRefObjectFunc@UIBinArchive@libmedia@UModSys@@@tl@3@@tl@UModSys@@QEAA@XZ 000000018000293c f i plugin_test1.obj
 0001:0000193c       ??1?$TRefObject@UIKeyboardController@libui@UModSys@@U?$TRefObjectFunc@UIKeyboardController@libui@UModSys@@@tl@3@@tl@UModSys@@QEAA@XZ 000000018000293c f i plugin_test1.obj
 0001:0000193c       ??1?$TRefObject@URFrame_Common@frames@ui@modules@UModSys@@U?$TRefObjectFunc@URFrame_Common@frames@ui@modules@UModSys@@@tl@5@@tl@UModSys@@QEAA@XZ 000000018000293c f i umodsys_lib_libui:umodsys.mod.ui.frames.obj
 0001:0000193c       ??1?$TRefObject@UIMouseController@libui@UModSys@@U?$TRefObjectFunc@UIMouseController@libui@UModSys@@@tl@3@@tl@UModSys@@QEAA@XZ 000000018000293c f i plugin_test1.obj
 0001:0000193c       ??1?$TRefObject@URMouseController@SDL_core@ui@modules@UModSys@@U?$TRefObjectFunc@URMouseController@SDL_core@ui@modules@UModSys@@@tl@5@@tl@UModSys@@QEAA@XZ 000000018000293c f i umodsys_lib_libui:umodsys.mod.ui.SDL_core.obj
 0001:0000193c       ??1?$TRefObject@UILibraryLayered@libmedia@UModSys@@U?$TRefObjectFunc@UILibraryLayered@libmedia@UModSys@@@tl@3@@tl@UModSys@@QEAA@XZ 000000018000293c f i plugin_test1.obj
 0001:0000193c       ??1?$TRefObject@UILibraryObjCache@libmedia@UModSys@@U?$TRefObjectFunc@UILibraryObjCache@libmedia@UModSys@@@tl@3@@tl@UModSys@@QEAA@XZ 000000018000293c f i plugin_test1.obj
 0001:0000193c       ??1?$TRefObject@URMediaFilter@images_std@media@modules@UModSys@@U?$TRefObjectFunc@URMediaFilter@images_std@media@modules@UModSys@@@tl@5@@tl@UModSys@@QEAA@XZ 000000018000293c f i umodsys_lib_libmedia:umodsys.mod.media.images_std.obj
 0001:0000193c       ??1?$TRefObject@UIRefObject@core@UModSys@@U?$TRefObjectFunc@UIRefObject@core@UModSys@@@tl@3@@tl@UModSys@@QEAA@XZ 000000018000293c f i plugin_test1.obj
 0001:00001960       ?info_new@?$TSCoreShared@USIMemAlloc@core@UModSys@@D@su@tl@UModSys@@QEAA_NPEBD_K@Z 0000000180002960 f i plugin_test1.obj
 0001:00001a20       ??$generate_type@UIImage@lib2d@UModSys@@@RTest1_Shell@test1@test@modules@UModSys@@QEAA?AU?$TRefObject@UIImage@lib2d@UModSys@@U?$TRefObjectFunc@UIImage@lib2d@UModSys@@@tl@3@@tl@4@AEBU?$TString@U?$TSCoreConst@D@su@tl@UModSys@@U?$TComparerBinaryHash@D@234@@64@AEBUSParameters@core@4@PEBD@Z 0000000180002a20 f i plugin_test1.obj
 0001:00001c08       ??$generate_type@UIBinArchive@libmedia@UModSys@@@RTest1_Shell@test1@test@modules@UModSys@@QEAA?AU?$TRefObject@UIBinArchive@libmedia@UModSys@@U?$TRefObjectFunc@UIBinArchive@libmedia@UModSys@@@tl@3@@tl@4@AEBU?$TString@U?$TSCoreConst@D@su@tl@UModSys@@U?$TComparerBinaryHash@D@234@@64@AEBUSParameters@core@4@PEBD@Z 0000000180002c08 f i plugin_test1.obj
 0001:00001df4       ??$generate_type@UIBinObjFilter@libmedia@UModSys@@@RTest1_Shell@test1@test@modules@UModSys@@QEAA?AU?$TRefObject@UIBinObjFilter@libmedia@UModSys@@U?$TRefObjectFunc@UIBinObjFilter@libmedia@UModSys@@@tl@3@@tl@4@AEBU?$TString@U?$TSCoreConst@D@su@tl@UModSys@@U?$TComparerBinaryHash@D@234@@64@AEBUSParameters@core@4@PEBD@Z 0000000180002df4 f i plugin_test1.obj
 0001:00001fdc       ??$generate_type@UILibraryBinTree@libmedia@UModSys@@@RTest1_Shell@test1@test@modules@UModSys@@QEAA?AU?$TRefObject@UILibraryBinTree@libmedia@UModSys@@U?$TRefObjectFunc@UILibraryBinTree@libmedia@UModSys@@@tl@3@@tl@4@AEBU?$TString@U?$TSCoreConst@D@su@tl@UModSys@@U?$TComparerBinaryHash@D@234@@64@AEBUSParameters@core@4@PEBD@Z 0000000180002fdc f i plugin_test1.obj
 0001:000021c4       ??$generate_type@UILibraryObjFilter@libmedia@UModSys@@@RTest1_Shell@test1@test@modules@UModSys@@QEAA?AU?$TRefObject@UILibraryObjFilter@libmedia@UModSys@@U?$TRefObjectFunc@UILibraryObjFilter@libmedia@UModSys@@@tl@3@@tl@4@AEBU?$TString@U?$TSCoreConst@D@su@tl@UModSys@@U?$TComparerBinaryHash@D@234@@64@AEBUSParameters@core@4@PEBD@Z 00000001800031c4 f i plugin_test1.obj
 0001:000023ac       ??$generate_type@UILibraryLayered@libmedia@UModSys@@@RTest1_Shell@test1@test@modules@UModSys@@QEAA?AU?$TRefObject@UILibraryLayered@libmedia@UModSys@@U?$TRefObjectFunc@UILibraryLayered@libmedia@UModSys@@@tl@3@@tl@4@AEBU?$TString@U?$TSCoreConst@D@su@tl@UModSys@@U?$TComparerBinaryHash@D@234@@64@AEBUSParameters@core@4@PEBD@Z 00000001800033ac f i plugin_test1.obj
 0001:00002594       ??$generate_type@UILibraryObjCache@libmedia@UModSys@@@RTest1_Shell@test1@test@modules@UModSys@@QEAA?AU?$TRefObject@UILibraryObjCache@libmedia@UModSys@@U?$TRefObjectFunc@UILibraryObjCache@libmedia@UModSys@@@tl@3@@tl@4@AEBU?$TString@U?$TSCoreConst@D@su@tl@UModSys@@U?$TComparerBinaryHash@D@234@@64@AEBUSParameters@core@4@PEBD@Z 0000000180003594 f i plugin_test1.obj
 0001:0000277c       ??$generate_type@UILibraryBinCache@libmedia@UModSys@@@RTest1_Shell@test1@test@modules@UModSys@@QEAA?AU?$TRefObject@UILibraryBinCache@libmedia@UModSys@@U?$TRefObjectFunc@UILibraryBinCache@libmedia@UModSys@@@tl@3@@tl@4@AEBU?$TString@U?$TSCoreConst@D@su@tl@UModSys@@U?$TComparerBinaryHash@D@234@@64@AEBUSParameters@core@4@PEBD@Z 000000018000377c f i plugin_test1.obj
 0001:00002964       ??1?$TRefObject@UIModObject@base@UModSys@@U?$TModObjectFunc@UIModObject@base@UModSys@@@tl@3@@tl@UModSys@@QEAA@XZ 0000000180003964 f i plugin_test1.obj
 0001:00002990       ?alloc@SMemShared@core@UModSys@@QEAA_N_KPEAUSSourceContext@23@@Z 0000000180003990 f i umodsys_lib_lib2d:umodsys.mod.2d.stdlib.obj
 0001:00002a14       ?Convert@stdlib@lib2d@modules@UModSys@@YA_NAEBU?$TBoundBox2@H@math3d@4@AEBUSImageInfo@24@AEBUSMem@core@4@01AEBUSCMem@94@@Z 0000000180003a14 f i umodsys_lib_lib2d:umodsys.mod.2d.stdlib.obj
 0001:00002b68       ?root_get_interface_info@RImage_Memory@stdlib@lib2d@modules@UModSys@@UEBAAEBUSUniquePointerInfo@core@5@XZ 0000000180003b68 f i umodsys_lib_lib2d:umodsys.mod.2d.stdlib.obj
 0001:00002b70       ?root_get_interface_type@RImage_Memory@stdlib@lib2d@modules@UModSys@@UEBAPEBUSUniquePointerInfo@core@5@XZ 0000000180003b70 f i umodsys_lib_lib2d:umodsys.mod.2d.stdlib.obj
 0001:00002b78       ?root_get_other_interface@RImage_Memory@stdlib@lib2d@modules@UModSys@@UEAAPEAUIRoot@core@5@PEBUSUniquePointerInfo@75@@Z 0000000180003b78 f i umodsys_lib_lib2d:umodsys.mod.2d.stdlib.obj
 0001:00002b78       ?root_get_other_interface@RImage_Memory@stdlib@lib2d@modules@UModSys@@UEBAPEBUIRoot@core@5@PEBUSUniquePointerInfo@75@@Z 0000000180003b78 f i umodsys_lib_lib2d:umodsys.mod.2d.stdlib.obj
 0001:00002ba8       ?root_is_interface_supported@RImage_Memory@stdlib@lib2d@modules@UModSys@@UEBA_NPEBUSUniquePointerInfo@core@5@@Z 0000000180003ba8 f i umodsys_lib_lib2d:umodsys.mod.2d.stdlib.obj
 0001:00002bd8       ?ref_links@RGenerator@stdlib@lib2d@modules@UModSys@@UEBAHXZ 0000000180003bd8 f i umodsys_lib_lib2d:umodsys.mod.2d.stdlib.obj
 0001:00002bd8       ?ref_links@RTerminal@SDL_core@ui@modules@UModSys@@UEBAHXZ 0000000180003bd8 f i umodsys_lib_libui:umodsys.mod.ui.SDL_core.obj
 0001:00002bd8       ?ref_links@RDialog@frames@ui@modules@UModSys@@UEBAHXZ 0000000180003bd8 f i umodsys_lib_libui:umodsys.mod.ui.frames.obj
 0001:00002bd8       ?ref_links@RGenerator@test1@test@modules@UModSys@@UEBAHXZ 0000000180003bd8 f i plugin_test1.obj
 0001:00002bd8       ?ref_links@RGenerator@frames@ui@modules@UModSys@@UEBAHXZ 0000000180003bd8 f i umodsys_lib_libui:umodsys.mod.ui.frames.obj
 0001:00002bd8       ?ref_links@RGenerator@images_std@media@modules@UModSys@@UEBAHXZ 0000000180003bd8 f i umodsys_lib_libmedia:umodsys.mod.media.images_std.obj
 0001:00002bd8       ?ref_links@RRenderDriver2D@SDL_core@ui@modules@UModSys@@UEBAHXZ 0000000180003bd8 f i umodsys_lib_libui:umodsys.mod.ui.SDL_core.obj
 0001:00002bd8       ?ref_links@RMouseController@SDL_core@ui@modules@UModSys@@UEBAHXZ 0000000180003bd8 f i umodsys_lib_libui:umodsys.mod.ui.SDL_core.obj
 0001:00002bd8       ?ref_links@RMultiImage2D_SDL_ttf@SDL_core@ui@modules@UModSys@@UEBAHXZ 0000000180003bd8 f i umodsys_lib_libui:umodsys.mod.ui.SDL_core.obj
 0001:00002bd8       ?ref_links@RGenerator@SDL_core@ui@modules@UModSys@@UEBAHXZ 0000000180003bd8 f i umodsys_lib_libui:umodsys.mod.ui.SDL_core.obj
 0001:00002bd8       ?ref_links@RKeyboardController@SDL_core@ui@modules@UModSys@@UEBAHXZ 0000000180003bd8 f i umodsys_lib_libui:umodsys.mod.ui.SDL_core.obj
 0001:00002bd8       ?ref_links@RImage_Memory@stdlib@lib2d@modules@UModSys@@UEBAHXZ 0000000180003bd8 f i umodsys_lib_lib2d:umodsys.mod.2d.stdlib.obj
 0001:00002bdc       ?set_info@RImage_Memory@stdlib@lib2d@modules@UModSys@@UEAA_NAEBUSImagePatchInfo@35@PEBD@Z 0000000180003bdc f i umodsys_lib_lib2d:umodsys.mod.2d.stdlib.obj
 0001:00002e3c       ?set_data@RImage_Memory@stdlib@lib2d@modules@UModSys@@UEAA_NAEBUSImagePatchInfo@35@AEBUSCMem@core@5@H@Z 0000000180003e3c f i umodsys_lib_lib2d:umodsys.mod.2d.stdlib.obj
 0001:00002ef0       ?get_info@RImage_Memory@stdlib@lib2d@modules@UModSys@@UEBAAEBUSImageInfo@35@XZ 0000000180003ef0 f i umodsys_lib_lib2d:umodsys.mod.2d.stdlib.obj
 0001:00002ef8       ?get_data@RImage_Memory@stdlib@lib2d@modules@UModSys@@UEBA_NAEBUSImagePatchInfo@35@AEBUSMem@core@5@H@Z 0000000180003ef8 f i umodsys_lib_lib2d:umodsys.mod.2d.stdlib.obj
 0001:00002fc8       ??1State@RImage_Memory@stdlib@lib2d@modules@UModSys@@QEAA@XZ 0000000180003fc8 f i umodsys_lib_lib2d:umodsys.mod.2d.stdlib.obj
 0001:00002fc8       ??1SMemShared@core@UModSys@@QEAA@XZ 0000000180003fc8 f i plugin_test1.obj
 0001:00002ff8       ??_GRImage_Memory@stdlib@lib2d@modules@UModSys@@UEAAPEAXI@Z 0000000180003ff8 f i umodsys_lib_lib2d:umodsys.mod.2d.stdlib.obj
 0001:00002ff8       ??_ERImage_Memory@stdlib@lib2d@modules@UModSys@@UEAAPEAXI@Z 0000000180003ff8 f i  CIL library: CIL module
 0001:0000305c       ?get_generated_names@RGenerator@stdlib@lib2d@modules@UModSys@@UEBAHAEAUSUniquePtrList@core@5@@Z 000000018000405c f i umodsys_lib_lib2d:umodsys.mod.2d.stdlib.obj
 0001:0000307c       ?get_generated_types@RGenerator@stdlib@lib2d@modules@UModSys@@UEBAHAEAUSUniquePtrList@core@5@PEBUSUniquePointerInfo@75@@Z 000000018000407c f i umodsys_lib_lib2d:umodsys.mod.2d.stdlib.obj
 0001:000030d4       ?generate@RGenerator@stdlib@lib2d@modules@UModSys@@UEAA_NAEAU?$TRefObject@UIRefObject@core@UModSys@@U?$TRefObjectFunc@UIRefObject@core@UModSys@@@tl@3@@tl@5@PEBUSUniquePointerInfo@core@5@AEBUSParameters@95@@Z 00000001800040d4 f i umodsys_lib_lib2d:umodsys.mod.2d.stdlib.obj
 0001:00003218       ?root_get_interface_info@RGenerator@stdlib@lib2d@modules@UModSys@@UEBAAEBUSUniquePointerInfo@core@5@XZ 0000000180004218 f i umodsys_lib_lib2d:umodsys.mod.2d.stdlib.obj
 0001:00003220       ?root_get_interface_type@RGenerator@stdlib@lib2d@modules@UModSys@@UEBAPEBUSUniquePointerInfo@core@5@XZ 0000000180004220 f i umodsys_lib_lib2d:umodsys.mod.2d.stdlib.obj
 0001:00003228       ?root_get_other_interface@RGenerator@stdlib@lib2d@modules@UModSys@@UEBAPEBUIRoot@core@5@PEBUSUniquePointerInfo@75@@Z 0000000180004228 f i umodsys_lib_lib2d:umodsys.mod.2d.stdlib.obj
 0001:00003228       ?root_get_other_interface@RGenerator@stdlib@lib2d@modules@UModSys@@UEAAPEAUIRoot@core@5@PEBUSUniquePointerInfo@75@@Z 0000000180004228 f i umodsys_lib_lib2d:umodsys.mod.2d.stdlib.obj
 0001:00003260       ?root_is_interface_supported@RGenerator@stdlib@lib2d@modules@UModSys@@UEBA_NPEBUSUniquePointerInfo@core@5@@Z 0000000180004260 f i umodsys_lib_lib2d:umodsys.mod.2d.stdlib.obj
 0001:00003298       ?ref_remove@RGenerator@SDL_core@ui@modules@UModSys@@UEBAXXZ 0000000180004298 f i umodsys_lib_libui:umodsys.mod.ui.SDL_core.obj
 0001:00003298       ?ref_remove@RGenerator@stdlib@lib2d@modules@UModSys@@UEBAXXZ 0000000180004298 f i umodsys_lib_lib2d:umodsys.mod.2d.stdlib.obj
 0001:00003298       ?ref_remove@RRenderDriver2D@SDL_core@ui@modules@UModSys@@UEBAXXZ 0000000180004298 f i umodsys_lib_libui:umodsys.mod.ui.SDL_core.obj
 0001:00003298       ?ref_remove@RGenerator@test1@test@modules@UModSys@@UEBAXXZ 0000000180004298 f i plugin_test1.obj
 0001:00003298       ?ref_remove@RMultiImage2D_SDL_ttf@SDL_core@ui@modules@UModSys@@UEBAXXZ 0000000180004298 f i umodsys_lib_libui:umodsys.mod.ui.SDL_core.obj
 0001:00003298       ?ref_remove@RDialog@frames@ui@modules@UModSys@@UEBAXXZ 0000000180004298 f i umodsys_lib_libui:umodsys.mod.ui.frames.obj
 0001:00003298       ?ref_remove@RKeyboardController@SDL_core@ui@modules@UModSys@@UEBAXXZ 0000000180004298 f i umodsys_lib_libui:umodsys.mod.ui.SDL_core.obj
 0001:00003298       ?ref_remove@RMouseController@SDL_core@ui@modules@UModSys@@UEBAXXZ 0000000180004298 f i umodsys_lib_libui:umodsys.mod.ui.SDL_core.obj
 0001:00003298       ?ref_remove@RGenerator@images_std@media@modules@UModSys@@UEBAXXZ 0000000180004298 f i umodsys_lib_libmedia:umodsys.mod.media.images_std.obj
 0001:00003298       ?ref_remove@RGenerator@frames@ui@modules@UModSys@@UEBAXXZ 0000000180004298 f i umodsys_lib_libui:umodsys.mod.ui.frames.obj
 0001:00003298       ?ref_remove@RImage_Memory@stdlib@lib2d@modules@UModSys@@UEBAXXZ 0000000180004298 f i umodsys_lib_lib2d:umodsys.mod.2d.stdlib.obj
 0001:00003298       ?ref_remove@RTerminal@SDL_core@ui@modules@UModSys@@UEBAXXZ 0000000180004298 f i umodsys_lib_libui:umodsys.mod.ui.SDL_core.obj
 0001:000032b0       ?get_uid@RGenerator@stdlib@lib2d@modules@UModSys@@UEBAPEBUSUniquePointerInfo@core@5@XZ 00000001800042b0 f i umodsys_lib_lib2d:umodsys.mod.2d.stdlib.obj
 0001:000032b8       ?do_open@RModuleReg@stdlib@lib2d@modules@UModSys@@UEAA_NXZ 00000001800042b8 f i umodsys_lib_lib2d:umodsys.mod.2d.stdlib.obj
 0001:0000332c       ?do_close@RModuleReg@stdlib@lib2d@modules@UModSys@@UEAA_NXZ 000000018000432c f i umodsys_lib_lib2d:umodsys.mod.2d.stdlib.obj
 0001:0000337c       ?get_module@RGenerator@stdlib@lib2d@modules@UModSys@@UEBAPEAUIModule@base@5@XZ 000000018000437c f   umodsys_lib_lib2d:umodsys.mod.2d.stdlib.obj
 0001:00003384       ?mod_inc@RGenerator@stdlib@lib2d@modules@UModSys@@UEBA_NXZ 0000000180004384 f   umodsys_lib_lib2d:umodsys.mod.2d.stdlib.obj
 0001:00003394       ?mod_dec@RGenerator@stdlib@lib2d@modules@UModSys@@UEBA_NXZ 0000000180004394 f   umodsys_lib_lib2d:umodsys.mod.2d.stdlib.obj
 0001:000033a8       ?s_holder@RGenerator@stdlib@lib2d@modules@UModSys@@SAAEAU?$TTypeStaticHolder@URGenerator@stdlib@lib2d@modules@UModSys@@@tl@5@XZ 00000001800043a8 f   umodsys_lib_lib2d:umodsys.mod.2d.stdlib.obj
 0001:000033ec       ?utf_8to32@su@tl@UModSys@@YA_NAEAHAEAPEBDAEA_K@Z 00000001800043ec f i umodsys_lib_libui:umodsys.mod.ui.SDL_core.obj
 0001:00003500       ?root_get_interface_info@RMultiImage2D_SDL_ttf@SDL_core@ui@modules@UModSys@@UEBAAEBUSUniquePointerInfo@core@5@XZ 0000000180004500 f i umodsys_lib_libui:umodsys.mod.ui.SDL_core.obj
 0001:00003508       ?root_get_interface_type@RMultiImage2D_SDL_ttf@SDL_core@ui@modules@UModSys@@UEBAPEBUSUniquePointerInfo@core@5@XZ 0000000180004508 f i umodsys_lib_libui:umodsys.mod.ui.SDL_core.obj
 0001:00003510       ?root_get_other_interface@RMultiImage2D_SDL_ttf@SDL_core@ui@modules@UModSys@@UEAAPEAUIRoot@core@5@PEBUSUniquePointerInfo@75@@Z 0000000180004510 f i umodsys_lib_libui:umodsys.mod.ui.SDL_core.obj
 0001:00003510       ?root_get_other_interface@RMultiImage2D_SDL_ttf@SDL_core@ui@modules@UModSys@@UEBAPEBUIRoot@core@5@PEBUSUniquePointerInfo@75@@Z 0000000180004510 f i umodsys_lib_libui:umodsys.mod.ui.SDL_core.obj
 0001:00003540       ?root_is_interface_supported@RMultiImage2D_SDL_ttf@SDL_core@ui@modules@UModSys@@UEBA_NPEBUSUniquePointerInfo@core@5@@Z 0000000180004540 f i umodsys_lib_libui:umodsys.mod.ui.SDL_core.obj
 0001:00003570       ??0RMultiImage2D_SDL_ttf@SDL_core@ui@modules@UModSys@@QEAA@PEAURRenderDriver2D@1234@AEBUSParameters@core@4@@Z 0000000180004570 f i umodsys_lib_libui:umodsys.mod.ui.SDL_core.obj
 0001:000036b4       ?generate_glyphs@RMultiImage2D_SDL_ttf@SDL_core@ui@modules@UModSys@@QEAA_NXZ 00000001800046b4 f i umodsys_lib_libui:umodsys.mod.ui.SDL_core.obj
 0001:00003890       ??_ERMultiImage2D_SDL_ttf@SDL_core@ui@modules@UModSys@@UEAAPEAXI@Z 0000000180004890 f i  CIL library: CIL module
 0001:00003890       ??_GRMultiImage2D_SDL_ttf@SDL_core@ui@modules@UModSys@@UEAAPEAXI@Z 0000000180004890 f i umodsys_lib_libui:umodsys.mod.ui.SDL_core.obj
 0001:00003954       ?root_get_interface_info@RRenderDriver2D@SDL_core@ui@modules@UModSys@@UEBAAEBUSUniquePointerInfo@core@5@XZ 0000000180004954 f i umodsys_lib_libui:umodsys.mod.ui.SDL_core.obj
 0001:0000395c       ?root_get_interface_type@RRenderDriver2D@SDL_core@ui@modules@UModSys@@UEBAPEBUSUniquePointerInfo@core@5@XZ 000000018000495c f i umodsys_lib_libui:umodsys.mod.ui.SDL_core.obj
 0001:00003964       ?root_get_other_interface@RRenderDriver2D@SDL_core@ui@modules@UModSys@@UEBAPEBUIRoot@core@5@PEBUSUniquePointerInfo@75@@Z 0000000180004964 f i umodsys_lib_libui:umodsys.mod.ui.SDL_core.obj
 0001:00003964       ?root_get_other_interface@RRenderDriver2D@SDL_core@ui@modules@UModSys@@UEAAPEAUIRoot@core@5@PEBUSUniquePointerInfo@75@@Z 0000000180004964 f i umodsys_lib_libui:umodsys.mod.ui.SDL_core.obj
 0001:00003994       ?root_is_interface_supported@RRenderDriver2D@SDL_core@ui@modules@UModSys@@UEBA_NPEBUSUniquePointerInfo@core@5@@Z 0000000180004994 f i umodsys_lib_libui:umodsys.mod.ui.SDL_core.obj
 0001:000039c4       ?ref_add@RGenerator@frames@ui@modules@UModSys@@UEBAXXZ 00000001800049c4 f i umodsys_lib_libui:umodsys.mod.ui.frames.obj
 0001:000039c4       ?ref_add@RKeyboardController@SDL_core@ui@modules@UModSys@@UEBAXXZ 00000001800049c4 f i umodsys_lib_libui:umodsys.mod.ui.SDL_core.obj
 0001:000039c4       ?ref_add@RGenerator@images_std@media@modules@UModSys@@UEBAXXZ 00000001800049c4 f i umodsys_lib_libmedia:umodsys.mod.media.images_std.obj
 0001:000039c4       ?ref_add@RRenderDriver2D@SDL_core@ui@modules@UModSys@@UEBAXXZ 00000001800049c4 f i umodsys_lib_libui:umodsys.mod.ui.SDL_core.obj
 0001:000039c4       ?ref_add@RMultiImage2D_SDL_ttf@SDL_core@ui@modules@UModSys@@UEBAXXZ 00000001800049c4 f i umodsys_lib_libui:umodsys.mod.ui.SDL_core.obj
 0001:000039c4       ?ref_add@RTerminal@SDL_core@ui@modules@UModSys@@UEBAXXZ 00000001800049c4 f i umodsys_lib_libui:umodsys.mod.ui.SDL_core.obj
 0001:000039c4       ?ref_add@RGenerator@stdlib@lib2d@modules@UModSys@@UEBAXXZ 00000001800049c4 f i umodsys_lib_lib2d:umodsys.mod.2d.stdlib.obj
 0001:000039c4       ?ref_add@RImage_Memory@stdlib@lib2d@modules@UModSys@@UEBAXXZ 00000001800049c4 f i umodsys_lib_lib2d:umodsys.mod.2d.stdlib.obj
 0001:000039c4       ?ref_add@RMouseController@SDL_core@ui@modules@UModSys@@UEBAXXZ 00000001800049c4 f i umodsys_lib_libui:umodsys.mod.ui.SDL_core.obj
 0001:000039c4       ?ref_add@RGenerator@SDL_core@ui@modules@UModSys@@UEBAXXZ 00000001800049c4 f i umodsys_lib_libui:umodsys.mod.ui.SDL_core.obj
 0001:000039c4       ?ref_add@RDialog@frames@ui@modules@UModSys@@UEBAXXZ 00000001800049c4 f i umodsys_lib_libui:umodsys.mod.ui.frames.obj
 0001:000039c4       ?ref_add@RGenerator@test1@test@modules@UModSys@@UEBAXXZ 00000001800049c4 f i plugin_test1.obj
 0001:000039c8       ??0RRenderDriver2D@SDL_core@ui@modules@UModSys@@QEAA@PEAURTerminal@1234@AEBUSParameters@core@4@@Z 00000001800049c8 f i umodsys_lib_libui:umodsys.mod.ui.SDL_core.obj
 0001:00003b28       ?open@RRenderDriver2D@SDL_core@ui@modules@UModSys@@QEAA_NAEBUSParameters@core@5@@Z 0000000180004b28 f i umodsys_lib_libui:umodsys.mod.ui.SDL_core.obj
 0001:00003d3c       ?set_color@RRenderDriver2D@SDL_core@ui@modules@UModSys@@QEAAXXZ 0000000180004d3c f i umodsys_lib_libui:umodsys.mod.ui.SDL_core.obj
 0001:00003db0       ?begin@RRenderDriver2D@SDL_core@ui@modules@UModSys@@UEAAXXZ 0000000180004db0 f i umodsys_lib_libui:umodsys.mod.ui.SDL_core.obj
 0001:00003e1c       ?end@RRenderDriver2D@SDL_core@ui@modules@UModSys@@UEAAXXZ 0000000180004e1c f i umodsys_lib_libui:umodsys.mod.ui.SDL_core.obj
 0001:00003e34       ?get_max_values@RRenderDriver2D@SDL_core@ui@modules@UModSys@@UEBAPEBUSParameters@core@5@XZ 0000000180004e34 f i umodsys_lib_libui:umodsys.mod.ui.SDL_core.obj
 0001:00003e3c       ?get_frame_values@RRenderDriver2D@SDL_core@ui@modules@UModSys@@UEBAPEBUSParameters@core@5@XZ 0000000180004e3c f i umodsys_lib_libui:umodsys.mod.ui.SDL_core.obj
 0001:00003e44       ?setup_font@RRenderDriver2D@SDL_core@ui@modules@UModSys@@UEAA_NPEAUIMultiImage@lib2d@5@PEBU?$TVector2@M@math3d@5@@Z 0000000180004e44 f i umodsys_lib_libui:umodsys.mod.ui.SDL_core.obj
 0001:00003f08       ?setup_color@RRenderDriver2D@SDL_core@ui@modules@UModSys@@UEAAXAEBU?$TVector3@M@math3d@5@@Z 0000000180004f08 f i umodsys_lib_libui:umodsys.mod.ui.SDL_core.obj
 0001:00003f30       ?setup_color@RRenderDriver2D@SDL_core@ui@modules@UModSys@@UEAAXAEBU?$TVector3@H@math3d@5@@Z 0000000180004f30 f i umodsys_lib_libui:umodsys.mod.ui.SDL_core.obj
 0001:00003f80       ?setup_coloralpha@RRenderDriver2D@SDL_core@ui@modules@UModSys@@UEAAXAEBU?$TVector4@M@math3d@5@H@Z 0000000180004f80 f i umodsys_lib_libui:umodsys.mod.ui.SDL_core.obj
 0001:00003fa4       ?setup_coloralpha@RRenderDriver2D@SDL_core@ui@modules@UModSys@@UEAAXAEBU?$TVector4@H@math3d@5@H@Z 0000000180004fa4 f i umodsys_lib_libui:umodsys.mod.ui.SDL_core.obj
 0001:00004008       ?setup_blendcolor@RRenderDriver2D@SDL_core@ui@modules@UModSys@@UEAAXAEBUSBlendColor@lib2d@5@@Z 0000000180005008 f i umodsys_lib_libui:umodsys.mod.ui.SDL_core.obj
 0001:00004070       ?setup_blendcolor@RRenderDriver2D@SDL_core@ui@modules@UModSys@@UEAAXAEBUSBlendColorf@lib2d@5@@Z 0000000180005070 f i umodsys_lib_libui:umodsys.mod.ui.SDL_core.obj
 0001:000040b0       ?setup_alpha@RRenderDriver2D@SDL_core@ui@modules@UModSys@@UEAAXHH@Z 00000001800050b0 f i umodsys_lib_libui:umodsys.mod.ui.SDL_core.obj
 0001:000040e0       ?setup_alpha@RRenderDriver2D@SDL_core@ui@modules@UModSys@@UEAAXMH@Z 00000001800050e0 f i umodsys_lib_libui:umodsys.mod.ui.SDL_core.obj
 0001:00004100       ?render_text_advanced@RRenderDriver2D@SDL_core@ui@modules@UModSys@@UEAA_NAEAUTextInfo@IRenderDriver@lib2d@5@PEBHH@Z 0000000180005100 f i umodsys_lib_libui:umodsys.mod.ui.SDL_core.obj
 0001:000042fc       ?render_box@RRenderDriver2D@SDL_core@ui@modules@UModSys@@UEAAXAEBU?$TVector2@H@math3d@5@0@Z 00000001800052fc f i umodsys_lib_libui:umodsys.mod.ui.SDL_core.obj
 0001:00004348       ?render_tri@RRenderDriver2D@SDL_core@ui@modules@UModSys@@UEAAXAEBU?$TVector2@H@math3d@5@00@Z 0000000180005348 f i umodsys_lib_libui:umodsys.mod.ui.SDL_core.obj
 0001:000043c0       ?render_quad@RRenderDriver2D@SDL_core@ui@modules@UModSys@@UEAAXAEBU?$TVector2@H@math3d@5@000@Z 00000001800053c0 f i umodsys_lib_libui:umodsys.mod.ui.SDL_core.obj
 0001:00004468       ?suicide@RGenerator@images_std@media@modules@UModSys@@UEAAXXZ 0000000180005468 f i umodsys_lib_libmedia:umodsys.mod.media.images_std.obj
 0001:00004468       ?suicide@RGenerator@SDL_core@ui@modules@UModSys@@UEAAXXZ 0000000180005468 f i umodsys_lib_libui:umodsys.mod.ui.SDL_core.obj
 0001:00004468       ?render_box@RRenderDriver2D@SDL_core@ui@modules@UModSys@@UEAAXPEAUIImage@lib2d@5@AEBU?$TVector2@H@math3d@5@1AEBU?$TVector2@M@95@2@Z 0000000180005468 f i umodsys_lib_libui:umodsys.mod.ui.SDL_core.obj
 0001:00004468       ?suicide@RGenerator@test1@test@modules@UModSys@@UEAAXXZ 0000000180005468 f i plugin_test1.obj
 0001:00004468       ??3@YAXPEAX0@Z             0000000180005468 f i plugin_test1.obj
 0001:00004468       ?suicide@RGenerator@frames@ui@modules@UModSys@@UEAAXXZ 0000000180005468 f i umodsys_lib_libui:umodsys.mod.ui.frames.obj
 0001:00004468       ?suicide@RGenerator@stdlib@lib2d@modules@UModSys@@UEAAXXZ 0000000180005468 f i umodsys_lib_lib2d:umodsys.mod.2d.stdlib.obj
 0001:0000446c       ?render_line@RRenderDriver2D@SDL_core@ui@modules@UModSys@@UEAAXAEBU?$TVector2@H@math3d@5@0@Z 000000018000546c f i umodsys_lib_libui:umodsys.mod.ui.SDL_core.obj
 0001:00004494       ?render_rect@RRenderDriver2D@SDL_core@ui@modules@UModSys@@UEAAXAEBU?$TVector2@H@math3d@5@0@Z 0000000180005494 f i umodsys_lib_libui:umodsys.mod.ui.SDL_core.obj
 0001:000044e0       ??_ERRenderDriver2D@SDL_core@ui@modules@UModSys@@UEAAPEAXI@Z 00000001800054e0 f i  CIL library: CIL module
 0001:000044e0       ??_GRRenderDriver2D@SDL_core@ui@modules@UModSys@@UEAAPEAXI@Z 00000001800054e0 f i umodsys_lib_libui:umodsys.mod.ui.SDL_core.obj
 0001:000045c4       ??1?$TParametersA@$0EAA@@core@UModSys@@QEAA@XZ 00000001800055c4 f i plugin_test1.obj
 0001:000045c4       ??1?$TParametersA@$0BAA@@core@UModSys@@QEAA@XZ 00000001800055c4 f i umodsys_lib_libui:umodsys.mod.ui.SDL_core.obj
 0001:000045c4       ??1SParameters@core@UModSys@@QEAA@XZ 00000001800055c4 f i plugin_test1.obj
 0001:000045e0       ?root_get_interface_info@RMouseController@SDL_core@ui@modules@UModSys@@UEBAAEBUSUniquePointerInfo@core@5@XZ 00000001800055e0 f i umodsys_lib_libui:umodsys.mod.ui.SDL_core.obj
 0001:000045e8       ?root_get_interface_type@RMouseController@SDL_core@ui@modules@UModSys@@UEBAPEBUSUniquePointerInfo@core@5@XZ 00000001800055e8 f i umodsys_lib_libui:umodsys.mod.ui.SDL_core.obj
 0001:000045f0       ?root_get_other_interface@RMouseController@SDL_core@ui@modules@UModSys@@UEBAPEBUIRoot@core@5@PEBUSUniquePointerInfo@75@@Z 00000001800055f0 f i umodsys_lib_libui:umodsys.mod.ui.SDL_core.obj
 0001:000045f0       ?root_get_other_interface@RMouseController@SDL_core@ui@modules@UModSys@@UEAAPEAUIRoot@core@5@PEBUSUniquePointerInfo@75@@Z 00000001800055f0 f i umodsys_lib_libui:umodsys.mod.ui.SDL_core.obj
 0001:00004620       ?root_is_interface_supported@RMouseController@SDL_core@ui@modules@UModSys@@UEBA_NPEBUSUniquePointerInfo@core@5@@Z 0000000180005620 f i umodsys_lib_libui:umodsys.mod.ui.SDL_core.obj
 0001:00004650       ?process@RMouseController@SDL_core@ui@modules@UModSys@@QEAA_NAEAUSDL_MouseMotionEvent@@@Z 0000000180005650 f i umodsys_lib_libui:umodsys.mod.ui.SDL_core.obj
 0001:000047bc       ?process@RMouseController@SDL_core@ui@modules@UModSys@@QEAA_NAEAUSDL_MouseButtonEvent@@@Z 00000001800057bc f i umodsys_lib_libui:umodsys.mod.ui.SDL_core.obj
 0001:000048e8       ?process@RMouseController@SDL_core@ui@modules@UModSys@@QEAA_NAEAUSDL_MouseWheelEvent@@@Z 00000001800058e8 f i umodsys_lib_libui:umodsys.mod.ui.SDL_core.obj
 0001:000049d8       ?mouse_link@RMouseController@SDL_core@ui@modules@UModSys@@UEAA_NHPEAUIRefObject@core@5@PEAUIMouseClient@libui@5@H@Z 00000001800059d8 f i umodsys_lib_libui:umodsys.mod.ui.SDL_core.obj
 0001:00004af8       ??_ERMouseController@SDL_core@ui@modules@UModSys@@UEAAPEAXI@Z 0000000180005af8 f i  CIL library: CIL module
 0001:00004af8       ??_GRMouseController@SDL_core@ui@modules@UModSys@@UEAAPEAXI@Z 0000000180005af8 f i umodsys_lib_libui:umodsys.mod.ui.SDL_core.obj
 0001:00004b5c       ??1IMultiImage@lib2d@UModSys@@UEAA@XZ 0000000180005b5c f i umodsys_lib_libui:umodsys.mod.ui.SDL_core.obj
 0001:00004b5c       ??1IBinObjFilter@libmedia@UModSys@@UEAA@XZ 0000000180005b5c f i plugin_test1.obj
 0001:00004b5c       ??1IRenderDriver@lib2d@UModSys@@UEAA@XZ 0000000180005b5c f i umodsys_lib_libui:umodsys.mod.ui.SDL_core.obj
 0001:00004b5c       ??1IFrame@libui@UModSys@@UEAA@XZ 0000000180005b5c f i umodsys_lib_libui:umodsys.mod.ui.frames.obj
 0001:00004b5c       ??1IShell@base@UModSys@@UEAA@XZ 0000000180005b5c f i plugin_test1.obj
 0001:00004b5c       ??1IKeyboardController@libui@UModSys@@UEAA@XZ 0000000180005b5c f i umodsys_lib_libui:umodsys.mod.ui.SDL_core.obj
 0001:00004b5c       ??1IDialog@libui@UModSys@@UEAA@XZ 0000000180005b5c f i umodsys_lib_libui:umodsys.mod.ui.frames.obj
 0001:00004b5c       ??1ICollector@libui@UModSys@@UEAA@XZ 0000000180005b5c f i umodsys_lib_libui:umodsys.mod.ui.frames.obj
 0001:00004b5c       ??1ITerminal@libui@UModSys@@UEAA@XZ 0000000180005b5c f i umodsys_lib_libui:umodsys.mod.ui.SDL_core.obj
 0001:00004b5c       ??1IImage@lib2d@UModSys@@UEAA@XZ 0000000180005b5c f i umodsys_lib_lib2d:umodsys.mod.2d.stdlib.obj
 0001:00004b5c       ??1IMouseController@libui@UModSys@@UEAA@XZ 0000000180005b5c f i umodsys_lib_libui:umodsys.mod.ui.SDL_core.obj
 0001:00004b68       ?root_get_interface_info@RKeyboardController@SDL_core@ui@modules@UModSys@@UEBAAEBUSUniquePointerInfo@core@5@XZ 0000000180005b68 f i umodsys_lib_libui:umodsys.mod.ui.SDL_core.obj
 0001:00004b70       ?root_get_interface_type@RKeyboardController@SDL_core@ui@modules@UModSys@@UEBAPEBUSUniquePointerInfo@core@5@XZ 0000000180005b70 f i umodsys_lib_libui:umodsys.mod.ui.SDL_core.obj
 0001:00004b78       ?root_get_other_interface@RKeyboardController@SDL_core@ui@modules@UModSys@@UEAAPEAUIRoot@core@5@PEBUSUniquePointerInfo@75@@Z 0000000180005b78 f i umodsys_lib_libui:umodsys.mod.ui.SDL_core.obj
 0001:00004b78       ?root_get_other_interface@RKeyboardController@SDL_core@ui@modules@UModSys@@UEBAPEBUIRoot@core@5@PEBUSUniquePointerInfo@75@@Z 0000000180005b78 f i umodsys_lib_libui:umodsys.mod.ui.SDL_core.obj
 0001:00004ba8       ?root_is_interface_supported@RKeyboardController@SDL_core@ui@modules@UModSys@@UEBA_NPEBUSUniquePointerInfo@core@5@@Z 0000000180005ba8 f i umodsys_lib_libui:umodsys.mod.ui.SDL_core.obj
 0001:00004bd8       ?suicide@RMouseController@SDL_core@ui@modules@UModSys@@UEAAXXZ 0000000180005bd8 f i umodsys_lib_libui:umodsys.mod.ui.SDL_core.obj
 0001:00004bd8       ?suicide@RRenderDriver2D@SDL_core@ui@modules@UModSys@@UEAAXXZ 0000000180005bd8 f i umodsys_lib_libui:umodsys.mod.ui.SDL_core.obj
 0001:00004bd8       ?suicide@RDialog@frames@ui@modules@UModSys@@UEAAXXZ 0000000180005bd8 f i umodsys_lib_libui:umodsys.mod.ui.frames.obj
 0001:00004bd8       ?suicide@RKeyboardController@SDL_core@ui@modules@UModSys@@UEAAXXZ 0000000180005bd8 f i umodsys_lib_libui:umodsys.mod.ui.SDL_core.obj
 0001:00004bd8       ?suicide@RMultiImage2D_SDL_ttf@SDL_core@ui@modules@UModSys@@UEAAXXZ 0000000180005bd8 f i umodsys_lib_libui:umodsys.mod.ui.SDL_core.obj
 0001:00004c1c       ?process@RKeyboardController@SDL_core@ui@modules@UModSys@@QEAA_NAEAUSDL_KeyboardEvent@@@Z 0000000180005c1c f i umodsys_lib_libui:umodsys.mod.ui.SDL_core.obj
 0001:00004d98       ?map_keycode@RKeyboardController@SDL_core@ui@modules@UModSys@@QEAA?AW4eKeyCode@libui@5@H@Z 0000000180005d98 f i umodsys_lib_libui:umodsys.mod.ui.SDL_core.obj
 0001:000052c0       ?key_unlink@RKeyboardController@SDL_core@ui@modules@UModSys@@UEAA_NH@Z 00000001800062c0 f i umodsys_lib_libui:umodsys.mod.ui.SDL_core.obj
 0001:000052c0       ?mouse_unlink@RMouseController@SDL_core@ui@modules@UModSys@@UEAA_NH@Z 00000001800062c0 f i umodsys_lib_libui:umodsys.mod.ui.SDL_core.obj
 0001:00005318       ?key_link@RKeyboardController@SDL_core@ui@modules@UModSys@@UEAA_NHPEAUIRefObject@core@5@PEAUIKeyboardClient@libui@5@@Z 0000000180006318 f i umodsys_lib_libui:umodsys.mod.ui.SDL_core.obj
 0001:00005424       ?key_setvisible@RKeyboardController@SDL_core@ui@modules@UModSys@@UEAA_N_N@Z 0000000180006424 f i umodsys_lib_libui:umodsys.mod.ui.SDL_core.obj
 0001:00005440       ??_GRKeyboardController@SDL_core@ui@modules@UModSys@@UEAAPEAXI@Z 0000000180006440 f i umodsys_lib_libui:umodsys.mod.ui.SDL_core.obj
 0001:00005440       ??_ERKeyboardController@SDL_core@ui@modules@UModSys@@UEAAPEAXI@Z 0000000180006440 f i  CIL library: CIL module
 0001:000054a4       ?root_get_interface_info@RTerminal@SDL_core@ui@modules@UModSys@@UEBAAEBUSUniquePointerInfo@core@5@XZ 00000001800064a4 f i umodsys_lib_libui:umodsys.mod.ui.SDL_core.obj
 0001:000054ac       ?root_get_interface_type@RTerminal@SDL_core@ui@modules@UModSys@@UEBAPEBUSUniquePointerInfo@core@5@XZ 00000001800064ac f i umodsys_lib_libui:umodsys.mod.ui.SDL_core.obj
 0001:000054b4       ?root_get_other_interface@RTerminal@SDL_core@ui@modules@UModSys@@UEBAPEBUIRoot@core@5@PEBUSUniquePointerInfo@75@@Z 00000001800064b4 f i umodsys_lib_libui:umodsys.mod.ui.SDL_core.obj
 0001:000054b4       ?root_get_other_interface@RTerminal@SDL_core@ui@modules@UModSys@@UEAAPEAUIRoot@core@5@PEBUSUniquePointerInfo@75@@Z 00000001800064b4 f i umodsys_lib_libui:umodsys.mod.ui.SDL_core.obj
 0001:000054e4       ?root_is_interface_supported@RTerminal@SDL_core@ui@modules@UModSys@@UEBA_NPEBUSUniquePointerInfo@core@5@@Z 00000001800064e4 f i umodsys_lib_libui:umodsys.mod.ui.SDL_core.obj
 0001:00005514       ?suicide@RTerminal@SDL_core@ui@modules@UModSys@@UEAAXXZ 0000000180006514 f i umodsys_lib_libui:umodsys.mod.ui.SDL_core.obj
 0001:00005514       ?suicide@RImage_Memory@stdlib@lib2d@modules@UModSys@@UEAAXXZ 0000000180006514 f i umodsys_lib_lib2d:umodsys.mod.2d.stdlib.obj
 0001:00005560       ?poll_events@RTerminal@SDL_core@ui@modules@UModSys@@UEAA_NH@Z 0000000180006560 f i umodsys_lib_libui:umodsys.mod.ui.SDL_core.obj
 0001:00005758       ?get_terminal_state@RTerminal@SDL_core@ui@modules@UModSys@@UEAA_NW4eTerminalState@libui@5@@Z 0000000180006758 f i umodsys_lib_libui:umodsys.mod.ui.SDL_core.obj
 0001:00005764       ?set_terminal_state@RTerminal@SDL_core@ui@modules@UModSys@@UEAA_NW4eTerminalState@libui@5@_N@Z 0000000180006764 f i umodsys_lib_libui:umodsys.mod.ui.SDL_core.obj
 0001:00005888       ?get_clock@RTerminal@SDL_core@ui@modules@UModSys@@UEAANXZ 0000000180006888 f i umodsys_lib_libui:umodsys.mod.ui.SDL_core.obj
 0001:000058a4       ?wait@RTerminal@SDL_core@ui@modules@UModSys@@UEAA_NM@Z 00000001800068a4 f i umodsys_lib_libui:umodsys.mod.ui.SDL_core.obj
 0001:000058c4       ?get_count@RTerminal@SDL_core@ui@modules@UModSys@@UEBA_KPEBUSUniquePointerInfo@core@5@@Z 00000001800068c4 f i umodsys_lib_libui:umodsys.mod.ui.SDL_core.obj
 0001:00005958       ?get_handler@RTerminal@SDL_core@ui@modules@UModSys@@UEBAPEAUIRefObject@core@5@PEBUSUniquePointerInfo@75@_K@Z 0000000180006958 f i umodsys_lib_libui:umodsys.mod.ui.SDL_core.obj
 0001:000059f8       ?get_ctrldata@RFrame_Image@frames@ui@modules@UModSys@@UEAAPEAUIControllerData@libui@5@XZ 00000001800069f8 f i umodsys_lib_libui:umodsys.mod.ui.frames.obj
 0001:000059f8       ?get_list@RFrame_Button@frames@ui@modules@UModSys@@UEAAPEAUIFrameList@libui@5@XZ 00000001800069f8 f i umodsys_lib_libui:umodsys.mod.ui.frames.obj
 0001:000059f8       ?get_ctrlcmd@RFrame_Button@frames@ui@modules@UModSys@@UEAAPEAUIControllerCommand@libui@5@XZ 00000001800069f8 f i umodsys_lib_libui:umodsys.mod.ui.frames.obj
 0001:000059f8       ?get_hwinfo@RImage_Memory@stdlib@lib2d@modules@UModSys@@UEAAPEAXPEBUSUniquePointerInfo@core@5@@Z 00000001800069f8 f i umodsys_lib_lib2d:umodsys.mod.2d.stdlib.obj
 0001:000059f8       ?get_ctrlcmd@RFrame_List@frames@ui@modules@UModSys@@UEAAPEAUIControllerCommand@libui@5@XZ 00000001800069f8 f i umodsys_lib_libui:umodsys.mod.ui.frames.obj
 0001:000059f8       ?get_up_theme@RCollector@frames@ui@modules@UModSys@@UEAAPEAUICollectorTheme@libui@5@XZ 00000001800069f8 f i umodsys_lib_libui:umodsys.mod.ui.frames.obj
 0001:000059f8       ?get_list@RFrame_Text@frames@ui@modules@UModSys@@UEAAPEAUIFrameList@libui@5@XZ 00000001800069f8 f i umodsys_lib_libui:umodsys.mod.ui.frames.obj
 0001:000059f8       ?get_ctrldata@RFrame_Edit@frames@ui@modules@UModSys@@UEAAPEAUIControllerData@libui@5@XZ 00000001800069f8 f i umodsys_lib_libui:umodsys.mod.ui.frames.obj
 0001:000059f8       ?get_list@RFrame_Image@frames@ui@modules@UModSys@@UEAAPEAUIFrameList@libui@5@XZ 00000001800069f8 f i umodsys_lib_libui:umodsys.mod.ui.frames.obj
 0001:000059f8       ?get_layer@RMultiImage2D_SDL_ttf@SDL_core@ui@modules@UModSys@@UEAAPEAUIImage@lib2d@5@H@Z 00000001800069f8 f i umodsys_lib_libui:umodsys.mod.ui.SDL_core.obj
 0001:000059f8       ?get_ctrldata@RFrame_Text@frames@ui@modules@UModSys@@UEAAPEAUIControllerData@libui@5@XZ 00000001800069f8 f i umodsys_lib_libui:umodsys.mod.ui.frames.obj
 0001:000059f8       ?get_hwcinfo@RImage_Memory@stdlib@lib2d@modules@UModSys@@UEBAPEBXPEBUSUniquePointerInfo@core@5@@Z 00000001800069f8 f i umodsys_lib_lib2d:umodsys.mod.2d.stdlib.obj
 0001:000059f8       ?get_ctrldata@RFrame_Frame@frames@ui@modules@UModSys@@UEAAPEAUIControllerData@libui@5@XZ 00000001800069f8 f i umodsys_lib_libui:umodsys.mod.ui.frames.obj
 0001:000059f8       ?get_friend_handler@RTerminal@SDL_core@ui@modules@UModSys@@UEBAPEAUIRefObject@core@5@PEBUSUniquePointerInfo@75@PEAU675@@Z 00000001800069f8 f i umodsys_lib_libui:umodsys.mod.ui.SDL_core.obj
 0001:000059f8       ?get_ctrlcmd@RFrame_Image@frames@ui@modules@UModSys@@UEAAPEAUIControllerCommand@libui@5@XZ 00000001800069f8 f i umodsys_lib_libui:umodsys.mod.ui.frames.obj
 0001:000059f8       ?get_list@RFrame_Edit@frames@ui@modules@UModSys@@UEAAPEAUIFrameList@libui@5@XZ 00000001800069f8 f i umodsys_lib_libui:umodsys.mod.ui.frames.obj
 0001:000059f8       ?get_data@RFrame_Frame@frames@ui@modules@UModSys@@UEAAPEAUIFrameData@libui@5@XZ 00000001800069f8 f i umodsys_lib_libui:umodsys.mod.ui.frames.obj
 0001:000059f8       ?get_data@RFrame_Button@frames@ui@modules@UModSys@@UEAAPEAUIFrameData@libui@5@XZ 00000001800069f8 f i umodsys_lib_libui:umodsys.mod.ui.frames.obj
 0001:000059f8       ?get_handler@RTerminal@SDL_core@ui@modules@UModSys@@UEBAPEAUIRefObject@core@5@PEBUSUniquePointerInfo@75@PEBD@Z 00000001800069f8 f i umodsys_lib_libui:umodsys.mod.ui.SDL_core.obj
 0001:000059f8       ?get_controller@RRenderDriver2D@SDL_core@ui@modules@UModSys@@UEBAPEAUIRefObject@core@5@PEBUSUniquePointerInfo@75@@Z 00000001800069f8 f i umodsys_lib_libui:umodsys.mod.ui.SDL_core.obj
 0001:000059f8       ?get_data@RFrame_Image@frames@ui@modules@UModSys@@UEAAPEAUIFrameData@libui@5@XZ 00000001800069f8 f i umodsys_lib_libui:umodsys.mod.ui.frames.obj
 0001:000059f8       ?get_ctrlcmd@RFrame_Frame@frames@ui@modules@UModSys@@UEAAPEAUIControllerCommand@libui@5@XZ 00000001800069f8 f i umodsys_lib_libui:umodsys.mod.ui.frames.obj
 0001:000059f8       ?get_list@RFrame_Frame@frames@ui@modules@UModSys@@UEAAPEAUIFrameList@libui@5@XZ 00000001800069f8 f i umodsys_lib_libui:umodsys.mod.ui.frames.obj
 0001:000059f8       ?get_ctrldata@RFrame_Button@frames@ui@modules@UModSys@@UEAAPEAUIControllerData@libui@5@XZ 00000001800069f8 f i umodsys_lib_libui:umodsys.mod.ui.frames.obj
 0001:000059f8       ?get_ctrlcmd@RFrame_Text@frames@ui@modules@UModSys@@UEAAPEAUIControllerCommand@libui@5@XZ 00000001800069f8 f i umodsys_lib_libui:umodsys.mod.ui.frames.obj
 0001:000059f8       ?get_ctrldata@RFrame_List@frames@ui@modules@UModSys@@UEAAPEAUIControllerData@libui@5@XZ 00000001800069f8 f i umodsys_lib_libui:umodsys.mod.ui.frames.obj
 0001:000059f8       ?get_sub@RFrame_Common@frames@ui@modules@UModSys@@UEAAPEAUIFrame@libui@5@PEAU675@H@Z 00000001800069f8 f i umodsys_lib_libui:umodsys.mod.ui.frames.obj
 0001:000059f8       ?get_ctrlcmd@RFrame_Edit@frames@ui@modules@UModSys@@UEAAPEAUIControllerCommand@libui@5@XZ 00000001800069f8 f i umodsys_lib_libui:umodsys.mod.ui.frames.obj
 0001:000059fc       ?create_handler@RTerminal@SDL_core@ui@modules@UModSys@@UEAA_NPEBUSUniquePointerInfo@core@5@AEAU?$TRefObject@UIRefObject@core@UModSys@@U?$TRefObjectFunc@UIRefObject@core@UModSys@@@tl@3@@tl@5@PEBDPEBUSParameters@75@@Z 00000001800069fc f i umodsys_lib_libui:umodsys.mod.ui.SDL_core.obj
 0001:00005de4       ??_GRTerminal@SDL_core@ui@modules@UModSys@@UEAAPEAXI@Z 0000000180006de4 f i umodsys_lib_libui:umodsys.mod.ui.SDL_core.obj
 0001:00005de4       ??_ERTerminal@SDL_core@ui@modules@UModSys@@UEAAPEAXI@Z 0000000180006de4 f i  CIL library: CIL module
 0001:00005eb4       ?get_terminal@RRenderDriver2D@SDL_core@ui@modules@UModSys@@UEBAPEAUITerminal@libui@5@XZ 0000000180006eb4 f   umodsys_lib_libui:umodsys.mod.ui.SDL_core.obj
 0001:00005ebc       ?new_font@RRenderDriver2D@SDL_core@ui@modules@UModSys@@UEAA?AU?$TRefObject@UIMultiImage@lib2d@UModSys@@U?$TRefObjectFunc@UIMultiImage@lib2d@UModSys@@@tl@3@@tl@5@AEBUSParameters@core@5@AEBU?$TString@U?$TSCoreConst@D@su@tl@UModSys@@U?$TComparerBinaryHash@D@234@@75@@Z 0000000180006ebc f   umodsys_lib_libui:umodsys.mod.ui.SDL_core.obj
 0001:00005fc4       ?new_picture@RRenderDriver2D@SDL_core@ui@modules@UModSys@@UEAA?AU?$TRefObject@UIImage@lib2d@UModSys@@U?$TRefObjectFunc@UIImage@lib2d@UModSys@@@tl@3@@tl@5@AEBUSParameters@core@5@AEBU?$TString@U?$TSCoreConst@D@su@tl@UModSys@@U?$TComparerBinaryHash@D@234@@75@@Z 0000000180006fc4 f   umodsys_lib_libui:umodsys.mod.ui.SDL_core.obj
 0001:00005fd4       ?get_generated_names@RGenerator@SDL_core@ui@modules@UModSys@@UEBAHAEAUSUniquePtrList@core@5@@Z 0000000180006fd4 f i umodsys_lib_libui:umodsys.mod.ui.SDL_core.obj
 0001:00005ff4       ?get_generated_types@RGenerator@SDL_core@ui@modules@UModSys@@UEBAHAEAUSUniquePtrList@core@5@PEBUSUniquePointerInfo@75@@Z 0000000180006ff4 f i umodsys_lib_libui:umodsys.mod.ui.SDL_core.obj
 0001:0000604c       ?generate@RGenerator@SDL_core@ui@modules@UModSys@@UEAA_NAEAU?$TRefObject@UIRefObject@core@UModSys@@U?$TRefObjectFunc@UIRefObject@core@UModSys@@@tl@3@@tl@5@PEBUSUniquePointerInfo@core@5@AEBUSParameters@95@@Z 000000018000704c f i umodsys_lib_libui:umodsys.mod.ui.SDL_core.obj
 0001:00006190       ?root_get_interface_info@RGenerator@SDL_core@ui@modules@UModSys@@UEBAAEBUSUniquePointerInfo@core@5@XZ 0000000180007190 f i umodsys_lib_libui:umodsys.mod.ui.SDL_core.obj
 0001:00006198       ?root_get_interface_type@RGenerator@SDL_core@ui@modules@UModSys@@UEBAPEBUSUniquePointerInfo@core@5@XZ 0000000180007198 f i umodsys_lib_libui:umodsys.mod.ui.SDL_core.obj
 0001:000061a0       ?root_get_other_interface@RGenerator@SDL_core@ui@modules@UModSys@@UEAAPEAUIRoot@core@5@PEBUSUniquePointerInfo@75@@Z 00000001800071a0 f i umodsys_lib_libui:umodsys.mod.ui.SDL_core.obj
 0001:000061a0       ?root_get_other_interface@RGenerator@SDL_core@ui@modules@UModSys@@UEBAPEBUIRoot@core@5@PEBUSUniquePointerInfo@75@@Z 00000001800071a0 f i umodsys_lib_libui:umodsys.mod.ui.SDL_core.obj
 0001:000061d8       ?root_is_interface_supported@RGenerator@SDL_core@ui@modules@UModSys@@UEBA_NPEBUSUniquePointerInfo@core@5@@Z 00000001800071d8 f i umodsys_lib_libui:umodsys.mod.ui.SDL_core.obj
 0001:00006210       ?get_uid@RGenerator@SDL_core@ui@modules@UModSys@@UEBAPEBUSUniquePointerInfo@core@5@XZ 0000000180007210 f i umodsys_lib_libui:umodsys.mod.ui.SDL_core.obj
 0001:00006218       ?do_open@RModuleReg@SDL_core@ui@modules@UModSys@@UEAA_NXZ 0000000180007218 f i umodsys_lib_libui:umodsys.mod.ui.SDL_core.obj
 0001:0000628c       ?do_close@RModuleReg@SDL_core@ui@modules@UModSys@@UEAA_NXZ 000000018000728c f i umodsys_lib_libui:umodsys.mod.ui.SDL_core.obj
 0001:000062dc       ?get_module@RGenerator@SDL_core@ui@modules@UModSys@@UEBAPEAUIModule@base@5@XZ 00000001800072dc f   umodsys_lib_libui:umodsys.mod.ui.SDL_core.obj
 0001:000062e4       ?mod_inc@RGenerator@SDL_core@ui@modules@UModSys@@UEBA_NXZ 00000001800072e4 f   umodsys_lib_libui:umodsys.mod.ui.SDL_core.obj
 0001:000062f4       ?mod_dec@RGenerator@SDL_core@ui@modules@UModSys@@UEBA_NXZ 00000001800072f4 f   umodsys_lib_libui:umodsys.mod.ui.SDL_core.obj
 0001:00006308       ?s_holder@RGenerator@SDL_core@ui@modules@UModSys@@SAAEAU?$TTypeStaticHolder@URGenerator@SDL_core@ui@modules@UModSys@@@tl@5@XZ 0000000180007308 f   umodsys_lib_libui:umodsys.mod.ui.SDL_core.obj
 0001:0000634c       ??1?$TScatterArray@UGlyph@RMultiImage2D_SDL_ttf@SDL_core@ui@modules@UModSys@@HU?$TScalarCompare@H@core@6@U?$TNodeDeleter0@U?$TScatterArrayNode@UGlyph@RMultiImage2D_SDL_ttf@SDL_core@ui@modules@UModSys@@H@tl@UModSys@@@tl@6@@tl@UModSys@@QEAA@XZ 000000018000734c f i umodsys_lib_libui:umodsys.mod.ui.SDL_core.obj
 0001:000063c8       ?delete_node@?$TTreeHoldRBD@U?$TScatterArrayNode@U?$TRefObjectComposite@UIKeyboardClient@libui@UModSys@@UIRefObject@core@3@U?$TRefObjectFunc@UIRefObject@core@UModSys@@@tl@3@@tl@UModSys@@H@tl@UModSys@@U?$TNodeDeleter0@U?$TScatterArrayNode@U?$TRefObjectComposite@UIKeyboardClient@libui@UModSys@@UIRefObject@core@3@U?$TRefObjectFunc@UIRefObject@core@UModSys@@@tl@3@@tl@UModSys@@H@tl@UModSys@@@23@@tl@UModSys@@QEAAXPEAU?$TScatterArrayNode@U?$TRefObjectComposite@UIKeyboardClient@libui@UModSys@@UIRefObject@core@3@U?$TRefObjectFunc@UIRefObject@core@UModSys@@@tl@3@@tl@UModSys@@H@23@@Z 00000001800073c8 f i umodsys_lib_libui:umodsys.mod.ui.SDL_core.obj
 0001:000063c8       ?delete_node@?$TTreeHoldRBD@U?$TScatterArrayNode@U?$TRefObjectCompositeExtra@UIMouseClient@libui@UModSys@@HUIRefObject@core@3@U?$TRefObjectFunc@UIRefObject@core@UModSys@@@tl@3@@tl@UModSys@@H@tl@UModSys@@U?$TNodeDeleter0@U?$TScatterArrayNode@U?$TRefObjectCompositeExtra@UIMouseClient@libui@UModSys@@HUIRefObject@core@3@U?$TRefObjectFunc@UIRefObject@core@UModSys@@@tl@3@@tl@UModSys@@H@tl@UModSys@@@23@@tl@UModSys@@QEAAXPEAU?$TScatterArrayNode@U?$TRefObjectCompositeExtra@UIMouseClient@libui@UModSys@@HUIRefObject@core@3@U?$TRefObjectFunc@UIRefObject@core@UModSys@@@tl@3@@tl@UModSys@@H@23@@Z 00000001800073c8 f i umodsys_lib_libui:umodsys.mod.ui.SDL_core.obj
 0001:00006530       ??1?$TPair@HU?$TRefObjectComposite@UIKeyboardClient@libui@UModSys@@UIRefObject@core@3@U?$TRefObjectFunc@UIRefObject@core@UModSys@@@tl@3@@tl@UModSys@@@tl@UModSys@@QEAA@XZ 0000000180007530 f i umodsys_lib_libui:umodsys.mod.ui.SDL_core.obj
 0001:00006530       ??1?$TPair@HU?$TRefObjectCompositeExtra@UIMouseClient@libui@UModSys@@HUIRefObject@core@3@U?$TRefObjectFunc@UIRefObject@core@UModSys@@@tl@3@@tl@UModSys@@@tl@UModSys@@QEAA@XZ 0000000180007530 f i umodsys_lib_libui:umodsys.mod.ui.SDL_core.obj
 0001:00006578       ??1?$TRefObjectCompositeExtra@UIMouseClient@libui@UModSys@@HUIRefObject@core@3@U?$TRefObjectFunc@UIRefObject@core@UModSys@@@tl@3@@tl@UModSys@@QEAA@XZ 0000000180007578 f i umodsys_lib_libui:umodsys.mod.ui.SDL_core.obj
 0001:00006578       ??1?$TRefObjectComposite@UIKeyboardClient@libui@UModSys@@UIRefObject@core@3@U?$TRefObjectFunc@UIRefObject@core@UModSys@@@tl@3@@tl@UModSys@@QEAA@XZ 0000000180007578 f i umodsys_lib_libui:umodsys.mod.ui.SDL_core.obj
 0001:000065c0       ?remove_color@?$TTreeHoldRB@U?$TScatterArrayNode@U?$TRefObjectComposite@UIKeyboardClient@libui@UModSys@@UIRefObject@core@3@U?$TRefObjectFunc@UIRefObject@core@UModSys@@@tl@3@@tl@UModSys@@H@tl@UModSys@@@tl@UModSys@@IEAAXPEAU?$TScatterArrayNode@U?$TRefObjectComposite@UIKeyboardClient@libui@UModSys@@UIRefObject@core@3@U?$TRefObjectFunc@UIRefObject@core@UModSys@@@tl@3@@tl@UModSys@@H@23@0@Z 00000001800075c0 f i umodsys_lib_libui:umodsys.mod.ui.SDL_core.obj
 0001:000065c0       ?remove_color@?$TTreeHoldRB@U?$TScatterArrayNode@U?$TRefObjectCompositeExtra@UIMouseClient@libui@UModSys@@HUIRefObject@core@3@U?$TRefObjectFunc@UIRefObject@core@UModSys@@@tl@3@@tl@UModSys@@H@tl@UModSys@@@tl@UModSys@@IEAAXPEAU?$TScatterArrayNode@U?$TRefObjectCompositeExtra@UIMouseClient@libui@UModSys@@HUIRefObject@core@3@U?$TRefObjectFunc@UIRefObject@core@UModSys@@@tl@3@@tl@UModSys@@H@23@0@Z 00000001800075c0 f i umodsys_lib_libui:umodsys.mod.ui.SDL_core.obj
 0001:00006860       ??$t_add@U?$TRefObject@URRenderDriver2D@SDL_core@ui@modules@UModSys@@U?$TRefObjectWeakFunc@URRenderDriver2D@SDL_core@ui@modules@UModSys@@@tl@5@@tl@UModSys@@URRenderDriver2D@SDL_core@ui@modules@3@@SDL_core@ui@modules@UModSys@@YA_NAEAU?$TScatterArray@U?$TRefObject@URRenderDriver2D@SDL_core@ui@modules@UModSys@@U?$TRefObjectWeakFunc@URRenderDriver2D@SDL_core@ui@modules@UModSys@@@tl@5@@tl@UModSys@@HU?$TScalarCompare@H@core@3@U?$TNodeDeleter0@U?$TScatterArrayNode@U?$TRefObject@URRenderDriver2D@SDL_core@ui@modules@UModSys@@U?$TRefObjectWeakFunc@URRenderDriver2D@SDL_core@ui@modules@UModSys@@@tl@5@@tl@UModSys@@H@tl@UModSys@@@23@@tl@3@PEAURRenderDriver2D@0123@@Z 0000000180007860 f i umodsys_lib_libui:umodsys.mod.ui.SDL_core.obj
 0001:000069e4       ?sub_insert_node@?$TTreeHoldRB@U?$TScatterArrayNode@U?$TRefObject@URRenderDriver2D@SDL_core@ui@modules@UModSys@@U?$TRefObjectWeakFunc@URRenderDriver2D@SDL_core@ui@modules@UModSys@@@tl@5@@tl@UModSys@@H@tl@UModSys@@@tl@UModSys@@QEAAXPEAU?$TScatterArrayNode@U?$TRefObject@URRenderDriver2D@SDL_core@ui@modules@UModSys@@U?$TRefObjectWeakFunc@URRenderDriver2D@SDL_core@ui@modules@UModSys@@@tl@5@@tl@UModSys@@H@23@0H@Z 00000001800079e4 f i umodsys_lib_libui:umodsys.mod.ui.SDL_core.obj
 0001:000069e4       ?sub_insert_node@?$TTreeHoldRB@U?$TScatterArrayNode@HH@tl@UModSys@@@tl@UModSys@@QEAAXPEAU?$TScatterArrayNode@HH@23@0H@Z 00000001800079e4 f i umodsys_lib_libui:umodsys.mod.ui.frames.obj
 0001:000069e4       ?sub_insert_node@?$TTreeHoldRB@U?$TScatterArrayNode@U?$TRefObjectComposite@UIKeyboardClient@libui@UModSys@@UIRefObject@core@3@U?$TRefObjectFunc@UIRefObject@core@UModSys@@@tl@3@@tl@UModSys@@H@tl@UModSys@@@tl@UModSys@@QEAAXPEAU?$TScatterArrayNode@U?$TRefObjectComposite@UIKeyboardClient@libui@UModSys@@UIRefObject@core@3@U?$TRefObjectFunc@UIRefObject@core@UModSys@@@tl@3@@tl@UModSys@@H@23@0H@Z 00000001800079e4 f i umodsys_lib_libui:umodsys.mod.ui.SDL_core.obj
 0001:000069e4       ?sub_insert_node@?$TTreeHoldRB@U?$TScatterArrayNode@U?$TVector2@M@math3d@UModSys@@H@tl@UModSys@@@tl@UModSys@@QEAAXPEAU?$TScatterArrayNode@U?$TVector2@M@math3d@UModSys@@H@23@0H@Z 00000001800079e4 f i umodsys_lib_libui:umodsys.mod.ui.frames.obj
 0001:000069e4       ?sub_insert_node@?$TTreeHoldRB@U?$TScatterArrayNode@UGlyph@RMultiImage2D_SDL_ttf@SDL_core@ui@modules@UModSys@@H@tl@UModSys@@@tl@UModSys@@QEAAXPEAU?$TScatterArrayNode@UGlyph@RMultiImage2D_SDL_ttf@SDL_core@ui@modules@UModSys@@H@23@0H@Z 00000001800079e4 f i umodsys_lib_libui:umodsys.mod.ui.SDL_core.obj
 0001:000069e4       ?sub_insert_node@?$TTreeHoldRB@U?$TScatterArrayNode@U?$TVector4@M@math3d@UModSys@@H@tl@UModSys@@@tl@UModSys@@QEAAXPEAU?$TScatterArrayNode@U?$TVector4@M@math3d@UModSys@@H@23@0H@Z 00000001800079e4 f i umodsys_lib_libui:umodsys.mod.ui.frames.obj
 0001:000069e4       ?sub_insert_node@?$TTreeHoldRB@U?$TScatterArrayNode@U?$TRefObjectCompositeExtra@UIMouseClient@libui@UModSys@@HUIRefObject@core@3@U?$TRefObjectFunc@UIRefObject@core@UModSys@@@tl@3@@tl@UModSys@@H@tl@UModSys@@@tl@UModSys@@QEAAXPEAU?$TScatterArrayNode@U?$TRefObjectCompositeExtra@UIMouseClient@libui@UModSys@@HUIRefObject@core@3@U?$TRefObjectFunc@UIRefObject@core@UModSys@@@tl@3@@tl@UModSys@@H@23@0H@Z 00000001800079e4 f i umodsys_lib_libui:umodsys.mod.ui.SDL_core.obj
 0001:00006bc4       ??$process_nodes_r@U?$TNodeDeleter0@U?$TScatterArrayNode@UGlyph@RMultiImage2D_SDL_ttf@SDL_core@ui@modules@UModSys@@H@tl@UModSys@@@tl@UModSys@@@?$TTreeHoldRB@U?$TScatterArrayNode@UGlyph@RMultiImage2D_SDL_ttf@SDL_core@ui@modules@UModSys@@H@tl@UModSys@@@tl@UModSys@@KAHPEAU?$TScatterArrayNode@UGlyph@RMultiImage2D_SDL_ttf@SDL_core@ui@modules@UModSys@@H@12@AEBU?$TNodeDeleter0@U?$TScatterArrayNode@UGlyph@RMultiImage2D_SDL_ttf@SDL_core@ui@modules@UModSys@@H@tl@UModSys@@@12@@Z 0000000180007bc4 f i umodsys_lib_libui:umodsys.mod.ui.SDL_core.obj
 0001:00006c3c       ??$process_nodes_r@U?$TNodeDeleter0@U?$TScatterArrayNode@U?$TRefObjectComposite@UIKeyboardClient@libui@UModSys@@UIRefObject@core@3@U?$TRefObjectFunc@UIRefObject@core@UModSys@@@tl@3@@tl@UModSys@@H@tl@UModSys@@@tl@UModSys@@@?$TTreeHoldRB@U?$TScatterArrayNode@U?$TRefObjectComposite@UIKeyboardClient@libui@UModSys@@UIRefObject@core@3@U?$TRefObjectFunc@UIRefObject@core@UModSys@@@tl@3@@tl@UModSys@@H@tl@UModSys@@@tl@UModSys@@KAHPEAU?$TScatterArrayNode@U?$TRefObjectComposite@UIKeyboardClient@libui@UModSys@@UIRefObject@core@3@U?$TRefObjectFunc@UIRefObject@core@UModSys@@@tl@3@@tl@UModSys@@H@12@AEBU?$TNodeDeleter0@U?$TScatterArrayNode@U?$TRefObjectComposite@UIKeyboardClient@libui@UModSys@@UIRefObject@core@3@U?$TRefObjectFunc@UIRefObject@core@UModSys@@@tl@3@@tl@UModSys@@H@tl@UModSys@@@12@@Z 0000000180007c3c f i umodsys_lib_libui:umodsys.mod.ui.SDL_core.obj
 0001:00006c3c       ??$process_nodes_r@U?$TNodeDeleter0@U?$TScatterArrayNode@U?$TRefObjectCompositeExtra@UIMouseClient@libui@UModSys@@HUIRefObject@core@3@U?$TRefObjectFunc@UIRefObject@core@UModSys@@@tl@3@@tl@UModSys@@H@tl@UModSys@@@tl@UModSys@@@?$TTreeHoldRB@U?$TScatterArrayNode@U?$TRefObjectCompositeExtra@UIMouseClient@libui@UModSys@@HUIRefObject@core@3@U?$TRefObjectFunc@UIRefObject@core@UModSys@@@tl@3@@tl@UModSys@@H@tl@UModSys@@@tl@UModSys@@KAHPEAU?$TScatterArrayNode@U?$TRefObjectCompositeExtra@UIMouseClient@libui@UModSys@@HUIRefObject@core@3@U?$TRefObjectFunc@UIRefObject@core@UModSys@@@tl@3@@tl@UModSys@@H@12@AEBU?$TNodeDeleter0@U?$TScatterArrayNode@U?$TRefObjectCompositeExtra@UIMouseClient@libui@UModSys@@HUIRefObject@core@3@U?$TRefObjectFunc@UIRefObject@core@UModSys@@@tl@3@@tl@UModSys@@H@tl@UModSys@@@12@@Z 0000000180007c3c f i umodsys_lib_libui:umodsys.mod.ui.SDL_core.obj
 0001:00006cd0       ??$process_nodes_r@U?$TNodeDeleter0@U?$TScatterArrayNode@U?$TRefObject@URRenderDriver2D@SDL_core@ui@modules@UModSys@@U?$TRefObjectWeakFunc@URRenderDriver2D@SDL_core@ui@modules@UModSys@@@tl@5@@tl@UModSys@@H@tl@UModSys@@@tl@UModSys@@@?$TTreeHoldRB@U?$TScatterArrayNode@U?$TRefObject@URRenderDriver2D@SDL_core@ui@modules@UModSys@@U?$TRefObjectWeakFunc@URRenderDriver2D@SDL_core@ui@modules@UModSys@@@tl@5@@tl@UModSys@@H@tl@UModSys@@@tl@UModSys@@KAHPEAU?$TScatterArrayNode@U?$TRefObject@URRenderDriver2D@SDL_core@ui@modules@UModSys@@U?$TRefObjectWeakFunc@URRenderDriver2D@SDL_core@ui@modules@UModSys@@@tl@5@@tl@UModSys@@H@12@AEBU?$TNodeDeleter0@U?$TScatterArrayNode@U?$TRefObject@URRenderDriver2D@SDL_core@ui@modules@UModSys@@U?$TRefObjectWeakFunc@URRenderDriver2D@SDL_core@ui@modules@UModSys@@@tl@5@@tl@UModSys@@H@tl@UModSys@@@12@@Z 0000000180007cd0 f i umodsys_lib_libui:umodsys.mod.ui.SDL_core.obj
 0001:00006d64       ??1?$TRefObject@URRenderDriver2D@SDL_core@ui@modules@UModSys@@U?$TRefObjectWeakFunc@URRenderDriver2D@SDL_core@ui@modules@UModSys@@@tl@5@@tl@UModSys@@QEAA@XZ 0000000180007d64 f i umodsys_lib_libui:umodsys.mod.ui.SDL_core.obj
 0001:00006d64       ??1?$TRefObject@URMultiImage2D_SDL_ttf@SDL_core@ui@modules@UModSys@@U?$TRefObjectWeakFunc@URMultiImage2D_SDL_ttf@SDL_core@ui@modules@UModSys@@@tl@5@@tl@UModSys@@QEAA@XZ 0000000180007d64 f i umodsys_lib_libui:umodsys.mod.ui.SDL_core.obj
 0001:00006d98       ??1SController@libui@UModSys@@QEAA@XZ 0000000180007d98 f i umodsys_lib_libui:umodsys.mod.ui.frames.obj
 0001:00006de0       ?db_get_i@SController@libui@UModSys@@QEAAHQEBD@Z 0000000180007de0 f i umodsys_lib_libui:umodsys.mod.ui.frames.obj
 0001:00006e80       ?update_size@libui@UModSys@@YA_NAEAU?$TBoundBox2@H@math3d@2@AEBUSFrameSize@12@AEBU342@@Z 0000000180007e80 f i umodsys_lib_libui:umodsys.mod.ui.frames.obj
 0001:00006fb8       ?command@SController@libui@UModSys@@QEAA_NHAEBUSFrameDataIn@23@@Z 0000000180007fb8 f i umodsys_lib_libui:umodsys.mod.ui.frames.obj
 0001:0000702c       ?get_property@ICollectorThemeTemplate@libui@UModSys@@UEBA_NHHAEAU?$TVector4@M@math3d@3@@Z 000000018000802c f i umodsys_lib_libui:umodsys.mod.ui.frames.obj
 0001:000070e0       ?get_property@ICollectorThemeTemplate@libui@UModSys@@UEBA_NHHAEAU?$TVector4@H@math3d@3@@Z 00000001800080e0 f i umodsys_lib_libui:umodsys.mod.ui.frames.obj
 0001:000071e4       ?get_property@ICollectorThemeTemplate@libui@UModSys@@UEBA_NHHAEAU?$TVector2@M@math3d@3@@Z 00000001800081e4 f i umodsys_lib_libui:umodsys.mod.ui.frames.obj
 0001:00007298       ?get_property@ICollectorThemeTemplate@libui@UModSys@@UEBA_NHHAEAU?$TVector2@H@math3d@3@@Z 0000000180008298 f i umodsys_lib_libui:umodsys.mod.ui.frames.obj
 0001:00007360       ?get_property@ICollectorThemeTemplate@libui@UModSys@@UEBA_NHHAEAH@Z 0000000180008360 f i umodsys_lib_libui:umodsys.mod.ui.frames.obj
 0001:00007410       ?set_property@ICollectorThemeTemplate@libui@UModSys@@UEAA_NHHAEBU?$TVector4@M@math3d@3@@Z 0000000180008410 f i umodsys_lib_libui:umodsys.mod.ui.frames.obj
 0001:00007454       ?set_property@ICollectorThemeTemplate@libui@UModSys@@UEAA_NHHAEBU?$TVector4@H@math3d@3@@Z 0000000180008454 f i umodsys_lib_libui:umodsys.mod.ui.frames.obj
 0001:000074fc       ?set_property@ICollectorThemeTemplate@libui@UModSys@@UEAA_NHHAEBU?$TVector2@M@math3d@3@@Z 00000001800084fc f i umodsys_lib_libui:umodsys.mod.ui.frames.obj
 0001:0000753c       ?set_property@ICollectorThemeTemplate@libui@UModSys@@UEAA_NHHAEBU?$TVector2@H@math3d@3@@Z 000000018000853c f i umodsys_lib_libui:umodsys.mod.ui.frames.obj
 0001:00007598       ?set_property@ICollectorThemeTemplate@libui@UModSys@@UEAA_NHHH@Z 0000000180008598 f i umodsys_lib_libui:umodsys.mod.ui.frames.obj
 0001:0000767c       ??1ICollectorThemeTemplate@libui@UModSys@@QEAA@XZ 000000018000867c f i umodsys_lib_libui:umodsys.mod.ui.frames.obj
 0001:00007778       ?get_group_index@RCollectorTheme@frames@ui@modules@UModSys@@UEAAHPEBD@Z 0000000180008778 f   umodsys_lib_libui:umodsys.mod.ui.frames.obj
 0001:0000784c       ?get_elem_index@RCollectorTheme@frames@ui@modules@UModSys@@UEAAHPEBD@Z 000000018000884c f   umodsys_lib_libui:umodsys.mod.ui.frames.obj
 0001:00007a08       ??1RCollectorTheme@frames@ui@modules@UModSys@@QEAA@XZ 0000000180008a08 f   umodsys_lib_libui:umodsys.mod.ui.frames.obj
 0001:00007a18       ?set_controller@RFrame_Common@frames@ui@modules@UModSys@@UEAA_NHPEAUIController@libui@5@PEAUIRefObject@core@5@@Z 0000000180008a18 f i umodsys_lib_libui:umodsys.mod.ui.frames.obj
 0001:00007aa4       ?get_controller@RFrame_Common@frames@ui@modules@UModSys@@UEAAPEAUIController@libui@5@XZ 0000000180008aa4 f i umodsys_lib_libui:umodsys.mod.ui.frames.obj
 0001:00007aac       ?get_controller_context@RFrame_Common@frames@ui@modules@UModSys@@UEAAHXZ 0000000180008aac f i umodsys_lib_libui:umodsys.mod.ui.frames.obj
 0001:00007ab4       ?get_framesize@RFrame_Common@frames@ui@modules@UModSys@@UEAAAEBUSFrameSize@libui@5@XZ 0000000180008ab4 f i umodsys_lib_libui:umodsys.mod.ui.frames.obj
 0001:00007abc       ?set_framesize@RFrame_Common@frames@ui@modules@UModSys@@UEAA_NAEBUSFrameSize@libui@5@@Z 0000000180008abc f i umodsys_lib_libui:umodsys.mod.ui.frames.obj
 0001:00007ae0       ?get_insize@RFrame_Common@frames@ui@modules@UModSys@@UEAA?AU?$TVector2@H@math3d@5@XZ 0000000180008ae0 f i umodsys_lib_libui:umodsys.mod.ui.frames.obj
 0001:00007af8       ?get_theme@RFrame_Common@frames@ui@modules@UModSys@@UEAAPEAUICollectorTheme@libui@5@XZ 0000000180008af8 f i umodsys_lib_libui:umodsys.mod.ui.frames.obj
 0001:00007b00       ?get_max_cell_size@RMultiImage2D_SDL_ttf@SDL_core@ui@modules@UModSys@@UEAA_NAEAU?$TVector2@H@math3d@5@@Z 0000000180008b00 f i umodsys_lib_libui:umodsys.mod.ui.SDL_core.obj
 0001:00007b00       ?set_repeater@RFrame_Common@frames@ui@modules@UModSys@@UEAA_NHH@Z 0000000180008b00 f i umodsys_lib_libui:umodsys.mod.ui.frames.obj
 0001:00007b00       ?set_fixed_cell@RMultiImage2D_SDL_ttf@SDL_core@ui@modules@UModSys@@UEAA_NHH@Z 0000000180008b00 f i umodsys_lib_libui:umodsys.mod.ui.SDL_core.obj
 0001:00007b00       ?set_insize@RFrame_Common@frames@ui@modules@UModSys@@UEAA_NAEBU?$TVector2@H@math3d@5@@Z 0000000180008b00 f i umodsys_lib_libui:umodsys.mod.ui.frames.obj
 0001:00007b00       ?key_reset@RKeyboardController@SDL_core@ui@modules@UModSys@@UEAA_NXZ 0000000180008b00 f i umodsys_lib_libui:umodsys.mod.ui.SDL_core.obj
 0001:00007b00       ?get_cell_size@RMultiImage2D_SDL_ttf@SDL_core@ui@modules@UModSys@@UEAA_NHAEAU?$TVector2@H@math3d@5@PEAU675@@Z 0000000180008b00 f i umodsys_lib_libui:umodsys.mod.ui.SDL_core.obj
 0001:00007b00       ?key_event@RFrame_Common@frames@ui@modules@UModSys@@MEAA_NAEBUSKeyboardInputRaw@libui@5@@Z 0000000180008b00 f i umodsys_lib_libui:umodsys.mod.ui.frames.obj
 0001:00007b00       ?set_var_cell@RMultiImage2D_SDL_ttf@SDL_core@ui@modules@UModSys@@UEAA_NPEBUSImageCellInfo@lib2d@5@HH@Z 0000000180008b00 f i umodsys_lib_libui:umodsys.mod.ui.SDL_core.obj
 0001:00007b00       ?set_parameters@RRenderDriver2D@SDL_core@ui@modules@UModSys@@UEAA_NPEBDAEBUSParameters@core@5@@Z 0000000180008b00 f i umodsys_lib_libui:umodsys.mod.ui.SDL_core.obj
 0001:00007b00       ?frame_remove@RCollector@frames@ui@modules@UModSys@@UEAA_NPEAUIFrame@libui@5@@Z 0000000180008b00 f i umodsys_lib_libui:umodsys.mod.ui.frames.obj
 0001:00007b00       ?key_setmodifier@RKeyboardController@SDL_core@ui@modules@UModSys@@UEAA_NHHH@Z 0000000180008b00 f i umodsys_lib_libui:umodsys.mod.ui.SDL_core.obj
 0001:00007b00       ?set_layer_count@RMultiImage2D_SDL_ttf@SDL_core@ui@modules@UModSys@@UEAA_NH@Z 0000000180008b00 f i umodsys_lib_libui:umodsys.mod.ui.SDL_core.obj
 0001:00007b00       ?get_minsize@RCollector@frames@ui@modules@UModSys@@UEAA_NAEAU?$TVector2@H@math3d@5@@Z 0000000180008b00 f i umodsys_lib_libui:umodsys.mod.ui.frames.obj
 0001:00007b00       ?output_attach_3d@RCollector@frames@ui@modules@UModSys@@UEAA_NPEAUIRenderDriver@lib3d@5@H@Z 0000000180008b00 f i umodsys_lib_libui:umodsys.mod.ui.frames.obj
 0001:00007b00       ?filter_load@RMediaFilter@images_std@media@modules@UModSys@@UEAA_NAEBUSInfo@IBinObjFilter@libmedia@5@AEAU?$TRefObject@UIRefObject@core@UModSys@@U?$TRefObjectFunc@UIRefObject@core@UModSys@@@tl@3@@tl@5@@Z 0000000180008b00 f i umodsys_lib_libmedia:umodsys.mod.media.images_std.obj
 0001:00007b00       ?mouse_reset@RMouseController@SDL_core@ui@modules@UModSys@@UEAA_NXZ 0000000180008b00 f i umodsys_lib_libui:umodsys.mod.ui.SDL_core.obj
 0001:00007b00       ?mouse_setvisible@RMouseController@SDL_core@ui@modules@UModSys@@UEAA_N_N@Z 0000000180008b00 f i umodsys_lib_libui:umodsys.mod.ui.SDL_core.obj
 0001:00007b00       ?command_draw@RTest1_Shell@test1@test@modules@UModSys@@UEAA_NAEBUSController@libui@5@PEAUIRenderDriver@lib2d@5@AEBU?$TBoundBox2@H@math3d@5@@Z 0000000180008b00 f i plugin_test1.obj
 0001:00007b00       ?mouse_event@RFrame_Common@frames@ui@modules@UModSys@@MEAA_NPEBUSMouseInput@libui@5@@Z 0000000180008b00 f i umodsys_lib_libui:umodsys.mod.ui.frames.obj
 0001:00007b00       ?key_setrepeat@RKeyboardController@SDL_core@ui@modules@UModSys@@UEAA_NMM@Z 0000000180008b00 f i umodsys_lib_libui:umodsys.mod.ui.SDL_core.obj
 0001:00007b00       ?get_maxbox@RCollector@frames@ui@modules@UModSys@@UEAA_NAEAU?$TBoundBox2@H@math3d@5@@Z 0000000180008b00 f i umodsys_lib_libui:umodsys.mod.ui.frames.obj
 0001:00007b00       ?mouse_setposition@RMouseController@SDL_core@ui@modules@UModSys@@UEAA_NHH@Z 0000000180008b00 f i umodsys_lib_libui:umodsys.mod.ui.SDL_core.obj
 0001:00007b00       ?key_event@RFrame_Common@frames@ui@modules@UModSys@@MEAA_NAEBUSKeyboardInputText@libui@5@@Z 0000000180008b00 f i umodsys_lib_libui:umodsys.mod.ui.frames.obj
 0001:00007b00       ?set_hint@RMultiImage2D_SDL_ttf@SDL_core@ui@modules@UModSys@@UEAA_NPEBD0@Z 0000000180008b00 f i umodsys_lib_libui:umodsys.mod.ui.SDL_core.obj
 0001:00007b04       ?set_flag@RFrame_Common@frames@ui@modules@UModSys@@UEAA_NH_N@Z 0000000180008b04 f   umodsys_lib_libui:umodsys.mod.ui.frames.obj
 0001:00007b7c       ?get_flag@RFrame_Common@frames@ui@modules@UModSys@@UEAA_NH@Z 0000000180008b7c f   umodsys_lib_libui:umodsys.mod.ui.frames.obj
 0001:00007bb8       ?get_parent@RFrame_Common@frames@ui@modules@UModSys@@UEAAPEAUIFrame@libui@5@XZ 0000000180008bb8 f   umodsys_lib_libui:umodsys.mod.ui.frames.obj
 0001:00007bc0       ?find_context@RFrame_Common@frames@ui@modules@UModSys@@UEAAPEAUIFrame@libui@5@HPEAUIController@75@@Z 0000000180008bc0 f   umodsys_lib_libui:umodsys.mod.ui.frames.obj
 0001:00007c50       ?configure@RFrame_Common@frames@ui@modules@UModSys@@UEAA_NPEBD0AEBUSParameters@core@5@@Z 0000000180008c50 f   umodsys_lib_libui:umodsys.mod.ui.frames.obj
[...]
 0001:000136bc       ??__E?s_id@?$TObjectUniqueID@URRenderDriver2D@SDL_core@ui@modules@UModSys@@@tl@UModSys@@2USUniquePointer@core@3@A@@YAXXZ 00000001800146bc f    CIL library: CIL module
 0001:000136f0       ??__E?s_id@?$TObjectUniqueID@URMouseController@SDL_core@ui@modules@UModSys@@@tl@UModSys@@2USUniquePointer@core@3@A@@YAXXZ 00000001800146f0 f    CIL library: CIL module
 0001:00013724       ??__E?s_id@?$TObjectUniqueID@URKeyboardController@SDL_core@ui@modules@UModSys@@@tl@UModSys@@2USUniquePointer@core@3@A@@YAXXZ 0000000180014724 f    CIL library: CIL module
 0001:00013758       ??__E?s_id@?$TObjectUniqueID@URTerminal@SDL_core@ui@modules@UModSys@@@tl@UModSys@@2USUniquePointer@core@3@A@@YAXXZ 0000000180014758 f    CIL library: CIL module
 0001:0001378c       ??__E?s_id@?$TObjectUniqueID@URGenerator@SDL_core@ui@modules@UModSys@@@tl@UModSys@@2USUniquePointer@core@3@A@@YAXXZ 000000018001478c f    CIL library: CIL module
 0001:000137c0       ??__E?s_modreg@RModuleReg@frames@ui@modules@UModSys@@2U12345@A@@YAXXZ 00000001800147c0 f    CIL library: CIL module
 0001:0001380c       ??__E?s_modreg_chain@RModuleReg@frames@ui@modules@UModSys@@2USModuleRegChain@base@5@A@@YAXXZ 000000018001480c f    CIL library: CIL module
 0001:00013834       ??__E?s_uid@RGenerator@frames@ui@modules@UModSys@@2USUniquePointer@core@5@A@@YAXXZ 0000000180014834 f    CIL library: CIL module
 0001:00013868       ??__E?s_id@?$TObjectUniqueID@URFrame_Common@frames@ui@modules@UModSys@@@tl@UModSys@@2USUniquePointer@core@3@A@@YAXXZ 0000000180014868 f    CIL library: CIL module
 0001:0001389c       ??__E?s_id@?$TObjectUniqueID@URDialog@frames@ui@modules@UModSys@@@tl@UModSys@@2USUniquePointer@core@3@A@@YAXXZ 000000018001489c f    CIL library: CIL module
 0001:000138d0       ??__E?s_id@?$TObjectUniqueID@URFrame_Frame@frames@ui@modules@UModSys@@@tl@UModSys@@2USUniquePointer@core@3@A@@YAXXZ 00000001800148d0 f    CIL library: CIL module
 0001:00013904       ??__E?s_id@?$TObjectUniqueID@URFrame_Image@frames@ui@modules@UModSys@@@tl@UModSys@@2USUniquePointer@core@3@A@@YAXXZ 0000000180014904 f    CIL library: CIL module
 0001:00013938       ??__E?s_id@?$TObjectUniqueID@URFrame_Text@frames@ui@modules@UModSys@@@tl@UModSys@@2USUniquePointer@core@3@A@@YAXXZ 0000000180014938 f    CIL library: CIL module
 0001:0001396c       ??__E?s_id@?$TObjectUniqueID@URFrame_Button@frames@ui@modules@UModSys@@@tl@UModSys@@2USUniquePointer@core@3@A@@YAXXZ 000000018001496c f    CIL library: CIL module
 0001:000139a0       ??__E?s_id@?$TObjectUniqueID@URFrame_Edit@frames@ui@modules@UModSys@@@tl@UModSys@@2USUniquePointer@core@3@A@@YAXXZ 00000001800149a0 f    CIL library: CIL module
 0001:000139d4       ??__E?s_id@?$TObjectUniqueID@URFrame_List@frames@ui@modules@UModSys@@@tl@UModSys@@2USUniquePointer@core@3@A@@YAXXZ 00000001800149d4 f    CIL library: CIL module
 0001:00013a08       ??__E?s_id@?$TObjectUniqueID@URCollector@frames@ui@modules@UModSys@@@tl@UModSys@@2USUniquePointer@core@3@A@@YAXXZ 0000000180014a08 f    CIL library: CIL module
 0001:00013a3c       ??__E?s_id@?$TObjectUniqueID@URGenerator@frames@ui@modules@UModSys@@@tl@UModSys@@2USUniquePointer@core@3@A@@YAXXZ 0000000180014a3c f    CIL library: CIL module
 0001:00013a70       ??__E?s_modreg@RModuleReg@images_std@media@modules@UModSys@@2U12345@A@@YAXXZ 0000000180014a70 f    CIL library: CIL module
 0001:00013ab8       ??__E?s_modreg_chain@RModuleReg@images_std@media@modules@UModSys@@2USModuleRegChain@base@5@A@@YAXXZ 0000000180014ab8 f    CIL library: CIL module
 0001:00013ae0       ??__E?s_uid@RGenerator@images_std@media@modules@UModSys@@2USUniquePointer@core@5@A@@YAXXZ 0000000180014ae0 f    CIL library: CIL module
 0001:00013b14       ??__E?s_id@?$TObjectUniqueID@URMediaFilter@images_std@media@modules@UModSys@@@tl@UModSys@@2USUniquePointer@core@3@A@@YAXXZ 0000000180014b14 f    CIL library: CIL module
 0001:00013b48       ??__E?s_id@?$TObjectUniqueID@URGenerator@images_std@media@modules@UModSys@@@tl@UModSys@@2USUniquePointer@core@3@A@@YAXXZ 0000000180014b48 f    CIL library: CIL module
 0001:00013b7c       ??__EM@UModSys@@YAXXZ      0000000180014b7c f    CIL library: CIL module
 0001:00013b88       ??__E?root@SModuleRegChain@base@UModSys@@2U123@A@@YAXXZ 0000000180014b88 f    CIL library: CIL module
 0001:00013b94       ??__E?s_library@RModuleLibraryReg_Chain@base@UModSys@@2U123@A@@YAXXZ 0000000180014b94 f    CIL library: CIL module
 0001:00013ba0       ??__E?root@SUniquePointer@core@UModSys@@2U123@A@@YAXXZ 0000000180014ba0 f    CIL library: CIL module
 0001:00013bac       ??__F?s_modreg@RModuleReg@test1@test@modules@UModSys@@2U12345@A@@YAXXZ 0000000180014bac f    CIL library: CIL module
 0001:00013bbc       ??__F?s_modreg_chain@RModuleReg@test1@test@modules@UModSys@@2USModuleRegChain@base@5@A@@YAXXZ 0000000180014bbc f    CIL library: CIL module
 0001:00013bfc       ??__F?s_uid@RGenerator@test1@test@modules@UModSys@@2USUniquePointer@core@5@A@@YAXXZ 0000000180014bfc f    CIL library: CIL module
 0001:00013c08       ??__Fh@?1??s_holder@RGenerator@test1@test@modules@UModSys@@SAAEAU?$TTypeStaticHolder@URGenerator@test1@test@modules@UModSys@@@tl@5@XZ@YAXXZ 0000000180014c08 f    CIL library: CIL module
 0001:00013c30       ??__F?s_id@?$TObjectUniqueID@URGenerator@test1@test@modules@UModSys@@@tl@UModSys@@2USUniquePointer@core@3@A@@YAXXZ 0000000180014c30 f    CIL library: CIL module
 0001:00013c3c       ??__F?s_id@?$TObjectUniqueID@URTest1_Shell@test1@test@modules@UModSys@@@tl@UModSys@@2USUniquePointer@core@3@A@@YAXXZ 0000000180014c3c f    CIL library: CIL module
 0001:00013c48       ??__F?s_id@?$TObjectUniqueID@URLines_Filter@test1@test@modules@UModSys@@@tl@UModSys@@2USUniquePointer@core@3@A@@YAXXZ 0000000180014c48 f    CIL library: CIL module
 0001:00013c54       ??__F?s_id@?$TObjectUniqueID@URLines@test1@test@modules@UModSys@@@tl@UModSys@@2USUniquePointer@core@3@A@@YAXXZ 0000000180014c54 f    CIL library: CIL module
 0001:00013c60       ??__F?s_id@?$TObjectUniqueID@UILines@test1@test@modules@UModSys@@@tl@UModSys@@2USUniquePointer@core@3@A@@YAXXZ 0000000180014c60 f    CIL library: CIL module
 0001:00013c6c       ??__F?s_id@?$TObjectUniqueID@UIRenderDriver@lib2d@UModSys@@@tl@UModSys@@2USUniquePointer@core@3@A@@YAXXZ 0000000180014c6c f    CIL library: CIL module
 0001:00013c78       ??__F?s_id@?$TObjectUniqueID@UIMultiImage@lib2d@UModSys@@@tl@UModSys@@2USUniquePointer@core@3@A@@YAXXZ 0000000180014c78 f    CIL library: CIL module
 0001:00013c84       ??__F?s_id@?$TObjectUniqueID@UIImage@lib2d@UModSys@@@tl@UModSys@@2USUniquePointer@core@3@A@@YAXXZ 0000000180014c84 f    CIL library: CIL module
 0001:00013c90       ??__F?s_id@?$TObjectUniqueID@UIDialog@libui@UModSys@@@tl@UModSys@@2USUniquePointer@core@3@A@@YAXXZ 0000000180014c90 f    CIL library: CIL module
 0001:00013c9c       ??__F?s_id@?$TObjectUniqueID@UIFrame@libui@UModSys@@@tl@UModSys@@2USUniquePointer@core@3@A@@YAXXZ 0000000180014c9c f    CIL library: CIL module
 0001:00013ca8       ??__F?s_id@?$TObjectUniqueID@UIAsyncCollector@libui@UModSys@@@tl@UModSys@@2USUniquePointer@core@3@A@@YAXXZ 0000000180014ca8 f    CIL library: CIL module
 0001:00013cb4       ??__F?s_id@?$TObjectUniqueID@UIAsyncController@libui@UModSys@@@tl@UModSys@@2USUniquePointer@core@3@A@@YAXXZ 0000000180014cb4 f    CIL library: CIL module
 0001:00013cc0       ??__F?s_id@?$TObjectUniqueID@UICollector@libui@UModSys@@@tl@UModSys@@2USUniquePointer@core@3@A@@YAXXZ 0000000180014cc0 f    CIL library: CIL module
 0001:00013ccc       ??__F?s_id@?$TObjectUniqueID@UIConsoleHelperInput_UIKey@libui@UModSys@@@tl@UModSys@@2USUniquePointer@core@3@A@@YAXXZ 0000000180014ccc f    CIL library: CIL module
 0001:00013cd8       ??__F?s_id@?$TObjectUniqueID@UITerminal@libui@UModSys@@@tl@UModSys@@2USUniquePointer@core@3@A@@YAXXZ 0000000180014cd8 f    CIL library: CIL module
 0001:00013ce4       ??__F?s_id@?$TObjectUniqueID@UIJoystickController@libui@UModSys@@@tl@UModSys@@2USUniquePointer@core@3@A@@YAXXZ 0000000180014ce4 f    CIL library: CIL module
 0001:00013cf0       ??__F?s_id@?$TObjectUniqueID@UIMouseController@libui@UModSys@@@tl@UModSys@@2USUniquePointer@core@3@A@@YAXXZ 0000000180014cf0 f    CIL library: CIL module
 0001:00013cfc       ??__F?s_id@?$TObjectUniqueID@UIKeyboardController@libui@UModSys@@@tl@UModSys@@2USUniquePointer@core@3@A@@YAXXZ 0000000180014cfc f    CIL library: CIL module
 0001:00013d08       ??__F?s_id@?$TObjectUniqueID@UIConsoleHelperOutputFCS@base@UModSys@@@tl@UModSys@@2USUniquePointer@core@3@A@@YAXXZ 0000000180014d08 f    CIL library: CIL module
 0001:00013d14       ??__F?s_id@?$TObjectUniqueID@UIConsoleHelperOutput@base@UModSys@@@tl@UModSys@@2USUniquePointer@core@3@A@@YAXXZ 0000000180014d14 f    CIL library: CIL module
 0001:00013d20       ??__F?s_id@?$TObjectUniqueID@UIConsoleHelperInput@base@UModSys@@@tl@UModSys@@2USUniquePointer@core@3@A@@YAXXZ 0000000180014d20 f    CIL library: CIL module
 0001:00013d2c       ??__F?s_id@?$TObjectUniqueID@UIConsoleHelperHistory@base@UModSys@@@tl@UModSys@@2USUniquePointer@core@3@A@@YAXXZ 0000000180014d2c f    CIL library: CIL module
 0001:00013d38       ??__F?s_id@?$TObjectUniqueID@UIConsoleHelper@base@UModSys@@@tl@UModSys@@2USUniquePointer@core@3@A@@YAXXZ 0000000180014d38 f    CIL library: CIL module
 0001:00013d44       ??__F?s_id@?$TObjectUniqueID@UIConsoleExt@base@UModSys@@@tl@UModSys@@2USUniquePointer@core@3@A@@YAXXZ 0000000180014d44 f    CIL library: CIL module
 0001:00013d50       ??__F?s_id@?$TObjectUniqueID@UILibraryLayered@libmedia@UModSys@@@tl@UModSys@@2USUniquePointer@core@3@A@@YAXXZ 0000000180014d50 f    CIL library: CIL module
 0001:00013d5c       ??__F?s_id@?$TObjectUniqueID@UILibraryObjCache@libmedia@UModSys@@@tl@UModSys@@2USUniquePointer@core@3@A@@YAXXZ 0000000180014d5c f    CIL library: CIL module
 0001:00013d68       ??__F?s_id@?$TObjectUniqueID@UILibraryObjFilter@libmedia@UModSys@@@tl@UModSys@@2USUniquePointer@core@3@A@@YAXXZ 0000000180014d68 f    CIL library: CIL module
 0001:00013d74       ??__F?s_id@?$TObjectUniqueID@UILibraryBinCache@libmedia@UModSys@@@tl@UModSys@@2USUniquePointer@core@3@A@@YAXXZ 0000000180014d74 f    CIL library: CIL module
 0001:00013d80       ??__F?s_id@?$TObjectUniqueID@UILibraryBinTree@libmedia@UModSys@@@tl@UModSys@@2USUniquePointer@core@3@A@@YAXXZ 0000000180014d80 f    CIL library: CIL module
 0001:00013d8c       ??__F?s_id@?$TObjectUniqueID@UILibrary@libmedia@UModSys@@@tl@UModSys@@2USUniquePointer@core@3@A@@YAXXZ 0000000180014d8c f    CIL library: CIL module
 0001:00013d98       ??__F?s_id@?$TObjectUniqueID@UIBinObjFilter@libmedia@UModSys@@@tl@UModSys@@2USUniquePointer@core@3@A@@YAXXZ 0000000180014d98 f    CIL library: CIL module
 0001:00013da4       ??__F?s_id@?$TObjectUniqueID@UIBinArchive@libmedia@UModSys@@@tl@UModSys@@2USUniquePointer@core@3@A@@YAXXZ 0000000180014da4 f    CIL library: CIL module
 0001:00013db0       ??__F?s_id@?$TObjectUniqueID@UIStreamWriter@libmedia@UModSys@@@tl@UModSys@@2USUniquePointer@core@3@A@@YAXXZ 0000000180014db0 f    CIL library: CIL module
 0001:00013dbc       ??__F?s_id@?$TObjectUniqueID@UIStreamReader@libmedia@UModSys@@@tl@UModSys@@2USUniquePointer@core@3@A@@YAXXZ 0000000180014dbc f    CIL library: CIL module
 0001:00013dc8       ??__F?s_id@?$TObjectUniqueID@UISystem@base@UModSys@@@tl@UModSys@@2USUniquePointer@core@3@A@@YAXXZ 0000000180014dc8 f    CIL library: CIL module
 0001:00013dd4       ??__F?s_id@?$TObjectUniqueID@UIConsole@base@UModSys@@@tl@UModSys@@2USUniquePointer@core@3@A@@YAXXZ 0000000180014dd4 f    CIL library: CIL module
 0001:00013de0       ??__F?s_id@?$TObjectUniqueID@UIShell@base@UModSys@@@tl@UModSys@@2USUniquePointer@core@3@A@@YAXXZ 0000000180014de0 f    CIL library: CIL module
 0001:00013dec       ??__F?s_id@?$TObjectUniqueID@UIGenerator@base@UModSys@@@tl@UModSys@@2USUniquePointer@core@3@A@@YAXXZ 0000000180014dec f    CIL library: CIL module
 0001:00013df8       ??__F?s_id@?$TObjectUniqueID@UIModObject@base@UModSys@@@tl@UModSys@@2USUniquePointer@core@3@A@@YAXXZ 0000000180014df8 f    CIL library: CIL module
 0001:00013e04       ??__F?s_id@?$TObjectUniqueID@UIModuleLibrary@base@UModSys@@@tl@UModSys@@2USUniquePointer@core@3@A@@YAXXZ 0000000180014e04 f    CIL library: CIL module
 0001:00013e10       ??__F?s_id@?$TObjectUniqueID@UIModule@base@UModSys@@@tl@UModSys@@2USUniquePointer@core@3@A@@YAXXZ 0000000180014e10 f    CIL library: CIL module
 0001:00013e1c       ??__F?s_id@?$TObjectUniqueID@UIParameters@core@UModSys@@@tl@UModSys@@2USUniquePointer@core@3@A@@YAXXZ 0000000180014e1c f    CIL library: CIL module
 0001:00013e28       ??__F?s_id@?$TObjectUniqueID@UIRefObject@core@UModSys@@@tl@UModSys@@2USUniquePointer@core@3@A@@YAXXZ 0000000180014e28 f    CIL library: CIL module
 0001:00013e34       ??__F?s_id@?$TObjectUniqueID@UIRoot@core@UModSys@@@tl@UModSys@@2USUniquePointer@core@3@A@@YAXXZ 0000000180014e34 f    CIL library: CIL module
 0001:00013e40       ??__F?s_modreg@RModuleReg@stdlib@lib2d@modules@UModSys@@2U12345@A@@YAXXZ 0000000180014e40 f    CIL library: CIL module
 0001:00013e50       ??__F?s_modreg_chain@RModuleReg@stdlib@lib2d@modules@UModSys@@2USModuleRegChain@base@5@A@@YAXXZ 0000000180014e50 f    CIL library: CIL module
 0001:00013e90       ??__F?s_uid@RGenerator@stdlib@lib2d@modules@UModSys@@2USUniquePointer@core@5@A@@YAXXZ 0000000180014e90 f    CIL library: CIL module
 0001:00013e9c       ??__Fh@?1??s_holder@RGenerator@stdlib@lib2d@modules@UModSys@@SAAEAU?$TTypeStaticHolder@URGenerator@stdlib@lib2d@modules@UModSys@@@tl@5@XZ@YAXXZ 0000000180014e9c f    CIL library: CIL module
 0001:00013ec4       ??__F?s_id@?$TObjectUniqueID@URGenerator@stdlib@lib2d@modules@UModSys@@@tl@UModSys@@2USUniquePointer@core@3@A@@YAXXZ 0000000180014ec4 f    CIL library: CIL module
 0001:00013ed0       ??__F?s_id@?$TObjectUniqueID@URImage_Memory@stdlib@lib2d@modules@UModSys@@@tl@UModSys@@2USUniquePointer@core@3@A@@YAXXZ 0000000180014ed0 f    CIL library: CIL module
 0001:00013edc       ??__F?s_modreg@RModuleReg@SDL_core@ui@modules@UModSys@@2U12345@A@@YAXXZ 0000000180014edc f    CIL library: CIL module
 0001:00013eec       ??__F?s_modreg_chain@RModuleReg@SDL_core@ui@modules@UModSys@@2USModuleRegChain@base@5@A@@YAXXZ 0000000180014eec f    CIL library: CIL module
 0001:00013f2c       ??__F?s_uid@RGenerator@SDL_core@ui@modules@UModSys@@2USUniquePointer@core@5@A@@YAXXZ 0000000180014f2c f    CIL library: CIL module
 0001:00013f38       ??__Fh@?1??s_holder@RGenerator@SDL_core@ui@modules@UModSys@@SAAEAU?$TTypeStaticHolder@URGenerator@SDL_core@ui@modules@UModSys@@@tl@5@XZ@YAXXZ 0000000180014f38 f    CIL library: CIL module
 0001:00013f60       ??__F?s_id@?$TObjectUniqueID@URGenerator@SDL_core@ui@modules@UModSys@@@tl@UModSys@@2USUniquePointer@core@3@A@@YAXXZ 0000000180014f60 f    CIL library: CIL module
 0001:00013f6c       ??__F?s_id@?$TObjectUniqueID@URTerminal@SDL_core@ui@modules@UModSys@@@tl@UModSys@@2USUniquePointer@core@3@A@@YAXXZ 0000000180014f6c f    CIL library: CIL module
 0001:00013f78       ??__F?s_id@?$TObjectUniqueID@URKeyboardController@SDL_core@ui@modules@UModSys@@@tl@UModSys@@2USUniquePointer@core@3@A@@YAXXZ 0000000180014f78 f    CIL library: CIL module
 0001:00013f84       ??__F?s_id@?$TObjectUniqueID@URMouseController@SDL_core@ui@modules@UModSys@@@tl@UModSys@@2USUniquePointer@core@3@A@@YAXXZ 0000000180014f84 f    CIL library: CIL module
 0001:00013f90       ??__F?s_id@?$TObjectUniqueID@URRenderDriver2D@SDL_core@ui@modules@UModSys@@@tl@UModSys@@2USUniquePointer@core@3@A@@YAXXZ 0000000180014f90 f    CIL library: CIL module
 0001:00013f9c       ??__F?s_id@?$TObjectUniqueID@URMultiImage2D_SDL_ttf@SDL_core@ui@modules@UModSys@@@tl@UModSys@@2USUniquePointer@core@3@A@@YAXXZ 0000000180014f9c f    CIL library: CIL module
 0001:00013fa8       ??__F?s_modreg@RModuleReg@frames@ui@modules@UModSys@@2U12345@A@@YAXXZ 0000000180014fa8 f    CIL library: CIL module
 0001:00013fb8       ??__F?s_modreg_chain@RModuleReg@frames@ui@modules@UModSys@@2USModuleRegChain@base@5@A@@YAXXZ 0000000180014fb8 f    CIL library: CIL module
 0001:00013ff8       ??__F?s_uid@RGenerator@frames@ui@modules@UModSys@@2USUniquePointer@core@5@A@@YAXXZ 0000000180014ff8 f    CIL library: CIL module
 0001:00014004       ??__Fh@?1??s_holder@RGenerator@frames@ui@modules@UModSys@@SAAEAU?$TTypeStaticHolder@URGenerator@frames@ui@modules@UModSys@@@tl@5@XZ@YAXXZ 0000000180015004 f    CIL library: CIL module
 0001:0001402c       ??__F?s_id@?$TObjectUniqueID@URGenerator@frames@ui@modules@UModSys@@@tl@UModSys@@2USUniquePointer@core@3@A@@YAXXZ 000000018001502c f    CIL library: CIL module
 0001:00014038       ??__F?s_id@?$TObjectUniqueID@URCollector@frames@ui@modules@UModSys@@@tl@UModSys@@2USUniquePointer@core@3@A@@YAXXZ 0000000180015038 f    CIL library: CIL module
 0001:00014044       ??__F?s_id@?$TObjectUniqueID@URFrame_List@frames@ui@modules@UModSys@@@tl@UModSys@@2USUniquePointer@core@3@A@@YAXXZ 0000000180015044 f    CIL library: CIL module
 0001:00014050       ??__F?s_id@?$TObjectUniqueID@URFrame_Edit@frames@ui@modules@UModSys@@@tl@UModSys@@2USUniquePointer@core@3@A@@YAXXZ 0000000180015050 f    CIL library: CIL module
 0001:0001405c       ??__F?s_id@?$TObjectUniqueID@URFrame_Button@frames@ui@modules@UModSys@@@tl@UModSys@@2USUniquePointer@core@3@A@@YAXXZ 000000018001505c f    CIL library: CIL module
 0001:00014068       ??__F?s_id@?$TObjectUniqueID@URFrame_Text@frames@ui@modules@UModSys@@@tl@UModSys@@2USUniquePointer@core@3@A@@YAXXZ 0000000180015068 f    CIL library: CIL module
 0001:00014074       ??__F?s_id@?$TObjectUniqueID@URFrame_Image@frames@ui@modules@UModSys@@@tl@UModSys@@2USUniquePointer@core@3@A@@YAXXZ 0000000180015074 f    CIL library: CIL module
 0001:00014080       ??__F?s_id@?$TObjectUniqueID@URFrame_Frame@frames@ui@modules@UModSys@@@tl@UModSys@@2USUniquePointer@core@3@A@@YAXXZ 0000000180015080 f    CIL library: CIL module
 0001:0001408c       ??__F?s_id@?$TObjectUniqueID@URDialog@frames@ui@modules@UModSys@@@tl@UModSys@@2USUniquePointer@core@3@A@@YAXXZ 000000018001508c f    CIL library: CIL module
 0001:00014098       ??__F?s_id@?$TObjectUniqueID@URFrame_Common@frames@ui@modules@UModSys@@@tl@UModSys@@2USUniquePointer@core@3@A@@YAXXZ 0000000180015098 f    CIL library: CIL module
 0001:000140a4       ??__F?s_modreg@RModuleReg@images_std@media@modules@UModSys@@2U12345@A@@YAXXZ 00000001800150a4 f    CIL library: CIL module
 0001:000140b4       ??__F?s_modreg_chain@RModuleReg@images_std@media@modules@UModSys@@2USModuleRegChain@base@5@A@@YAXXZ 00000001800150b4 f    CIL library: CIL module
 0001:000140f4       ??__F?s_uid@RGenerator@images_std@media@modules@UModSys@@2USUniquePointer@core@5@A@@YAXXZ 00000001800150f4 f    CIL library: CIL module
 0001:00014100       ??__Fh@?1??s_holder@RGenerator@images_std@media@modules@UModSys@@SAAEAU?$TTypeStaticHolder@URGenerator@images_std@media@modules@UModSys@@@tl@5@XZ@YAXXZ 0000000180015100 f    CIL library: CIL module
 0001:00014128       ??__F?s_id@?$TObjectUniqueID@URGenerator@images_std@media@modules@UModSys@@@tl@UModSys@@2USUniquePointer@core@3@A@@YAXXZ 0000000180015128 f    CIL library: CIL module
 0001:00014134       ??__F?s_id@?$TObjectUniqueID@URMediaFilter@images_std@media@modules@UModSys@@@tl@UModSys@@2USUniquePointer@core@3@A@@YAXXZ 0000000180015134 f    CIL library: CIL module
 0001:00014140       ??__FM@UModSys@@YAXXZ      0000000180015140 f    CIL library: CIL module
 0001:00014144       ??__F?root@SModuleRegChain@base@UModSys@@2U123@A@@YAXXZ 0000000180015144 f    CIL library: CIL module
 0001:00014184       ??__F?s_library@RModuleLibraryReg_Chain@base@UModSys@@2U123@A@@YAXXZ 0000000180015184 f    CIL library: CIL module
 0001:00014194       ??__F?root@SUniquePointer@core@UModSys@@2U123@A@@YAXXZ 0000000180015194 f    CIL library: CIL module

 Exports

  ordinal    name

        1    UModSys_Plugin_Entry2
