 plugin_test1

 Timestamp is 532c2006 (Fri Mar 21 14:18:30 2014)

 Preferred load address is 0000000180000000

 Start         Length     Name                   Class
 0001:00000000 00035900H .text                   CODE
 0001:00035900 0000005eH .text$00                CODE
 0001:00035960 00001bc3H .text$x                 CODE
 0001:00037524 00001bc8H .text$yc                CODE
 0001:000390ec 000008acH .text$yd                CODE
 0002:00000000 000003f8H .idata$5                DATA
 0002:000003f8 00000008H .CRT$XCA                DATA
 0002:00000400 000020c0H .CRT$XCU                DATA
 0002:000024c0 00000008H .CRT$XCZ                DATA
 0002:000024c8 00000008H .CRT$XIA                DATA
 0002:000024d0 00000008H .CRT$XIAA               DATA
 0002:000024d8 00000008H .CRT$XIZ                DATA
 0002:000024e0 00010808H .rdata                  DATA
 0002:00012cf0 000031a4H .rdata$r                DATA
 0002:00015e98 00000008H .rtc$IAA                DATA
 0002:00015ea0 00000008H .rtc$IZZ                DATA
 0002:00015ea8 00000008H .rtc$TAA                DATA
 0002:00015eb0 00000008H .rtc$TZZ                DATA
 0002:00015eb8 00003110H .xdata                  DATA
 0002:00018fc8 0000008cH .idata$2                DATA
 0002:00019054 00000014H .idata$3                DATA
 0002:00019068 000003f8H .idata$4                DATA
 0002:00019460 000008deH .idata$6                DATA
 0002:00019d40 00000059H .edata                  DATA
 0003:00000000 00001b00H .data                   DATA
 0003:00001b00 000023f0H .bss                    DATA
 0004:00000000 00002808H .pdata                  DATA

  Address         Publics by Value              Rva+Base               Lib:Object

 0000:00000000       ___safe_se_handler_count   0000000000000000     <absolute>
 0000:00000000       ___safe_se_handler_table   0000000000000000     <absolute>
 0000:00000000       __ImageBase                0000000180000000     <linker-defined>
 0001:00000000       ??6SUniquePtrList@core@UModSys@@QEAAAEAU012@PEBUSUniquePointerInfo@12@@Z 0000000180001000 f i plugin_test1.obj
 0001:000000b8       ??3IRoot@core@UModSys@@SAXPEAXAEBUSIMemAlloc@12@@Z 00000001800010b8 f i plugin_test1.obj
 0001:000000e4       ??1IBinObjFilter@libmedia@UModSys@@UEAA@XZ 00000001800010e4 f i plugin_test1.obj
 0001:00000120       ?root_get_interface_info@RTest1_Shell@test1@test@modules@UModSys@@UEBAAEBUSUniquePointerInfo@core@5@XZ 0000000180001120 f i plugin_test1.obj
 0001:00000128       ?root_get_interface_type@RTest1_Shell@test1@test@modules@UModSys@@UEBAPEBUSUniquePointerInfo@core@5@XZ 0000000180001128 f i plugin_test1.obj
 0001:00000130       ?root_get_other_interface@RTest1_Shell@test1@test@modules@UModSys@@UEBAPEBUIRoot@core@5@PEBUSUniquePointerInfo@75@@Z 0000000180001130 f i plugin_test1.obj
 0001:00000130       ?root_get_other_interface@RTest1_Shell@test1@test@modules@UModSys@@UEAAPEAUIRoot@core@5@PEBUSUniquePointerInfo@75@@Z 0000000180001130 f i plugin_test1.obj
 0001:00000160       ?root_is_interface_supported@RTest1_Shell@test1@test@modules@UModSys@@UEBA_NPEBUSUniquePointerInfo@core@5@@Z 0000000180001160 f i plugin_test1.obj
 0001:00000190       ?ref_add@RTest1_Shell@test1@test@modules@UModSys@@UEBAXXZ 0000000180001190 f i plugin_test1.obj
 0001:00000194       ?ref_remove@RTest1_Shell@test1@test@modules@UModSys@@UEBAXXZ 0000000180001194 f i plugin_test1.obj
 0001:000001ac       ?ref_links@RTest1_Shell@test1@test@modules@UModSys@@UEBAHXZ 00000001800011ac f i plugin_test1.obj
 0001:000001b0       ?ref_weak@RTest1_Shell@test1@test@modules@UModSys@@UEBA_NAEAUWeakPointer@IRefObject@core@5@@Z 00000001800011b0 f i plugin_test1.obj
 0001:000001d0       ?suicide@RTest1_Shell@test1@test@modules@UModSys@@UEAAXXZ 00000001800011d0 f i plugin_test1.obj
 0001:0000021c       ??0RTest1_Shell@test1@test@modules@UModSys@@QEAA@PEAUIModObject@base@4@@Z 000000018000121c f i plugin_test1.obj
 0001:000004d0       ?connect@RTest1_Shell@test1@test@modules@UModSys@@UEAA_NXZ 00000001800014d0 f i plugin_test1.obj
 0001:000004f4       ?disconnect@RTest1_Shell@test1@test@modules@UModSys@@UEAA_NXZ 00000001800014f4 f i plugin_test1.obj
 0001:00000518       ?process_tick@RTest1_Shell@test1@test@modules@UModSys@@UEAA_NAEBUSTimeMsec@core@5@@Z 0000000180001518 f i plugin_test1.obj
 0001:00000554       ?process_command@RTest1_Shell@test1@test@modules@UModSys@@UEAA_NHQEBU?$TString@U?$TSCoreConst@D@su@tl@UModSys@@U?$TComparerBinaryHash@D@234@@tl@5@@Z 0000000180001554 f i plugin_test1.obj
 0001:0000057c       ??_GRTest1_Shell@test1@test@modules@UModSys@@UEAAPEAXI@Z 000000018000157c f i plugin_test1.obj
 0001:0000057c       ??_ERTest1_Shell@test1@test@modules@UModSys@@UEAAPEAXI@Z 000000018000157c f i  CIL library: CIL module
 0001:00000644       ??1?$TParametersA@$0BAA@@core@UModSys@@QEAA@XZ 0000000180001644 f i umodsys_lib_libui:umodsys.mod.ui.SDL_core.obj
 0001:00000644       ??1?$TParametersA@$0EAA@@core@UModSys@@QEAA@XZ 0000000180001644 f i plugin_test1.obj
 0001:00000644       ??1SParameters@core@UModSys@@QEAA@XZ 0000000180001644 f i plugin_test1.obj
 0001:00000644       ??1?$TParametersA@$0BAL@@core@UModSys@@QEAA@XZ 0000000180001644 f i umodsys_lib_lib2d:umodsys.mod.2d.stdlib.obj
 0001:00000660       ?ui_newframes@RTest1_Shell@test1@test@modules@UModSys@@SA?AU?$TRefObject@UICollector@libui@UModSys@@U?$TRefObjectFunc@UICollector@libui@UModSys@@@tl@3@@tl@5@AEBU?$TString@U?$TSCoreConst@D@su@tl@UModSys@@U?$TComparerBinaryHash@D@234@@75@AEBUSParameters@core@5@@Z 0000000180001660 f   plugin_test1.obj
 0001:00000684       ?ui_newterm@RTest1_Shell@test1@test@modules@UModSys@@SA?AU?$TRefObject@UITerminal@libui@UModSys@@U?$TRefObjectFunc@UITerminal@libui@UModSys@@@tl@3@@tl@5@AEBU?$TString@U?$TSCoreConst@D@su@tl@UModSys@@U?$TComparerBinaryHash@D@234@@75@AEBUSParameters@core@5@@Z 0000000180001684 f   plugin_test1.obj
 0001:000006a8       ?key_pressed@RTest1_Shell@test1@test@modules@UModSys@@UEAA_NAEBUSKeyboardInputRaw@libui@5@@Z 00000001800016a8 f   plugin_test1.obj
 0001:00000710       ?key_text@RTest1_Shell@test1@test@modules@UModSys@@UEAA_NAEBUSKeyboardInputText@libui@5@@Z 0000000180001710 f   plugin_test1.obj
 0001:00000764       ?mouse_event@RTest1_Shell@test1@test@modules@UModSys@@UEAA_NAEBUSMouseInput@libui@5@@Z 0000000180001764 f   plugin_test1.obj
 0001:00000800       ?command@RTest1_Shell@test1@test@modules@UModSys@@UEAA_NAEBUSController@libui@5@HAEBUSFrameDataIn@75@@Z 0000000180001800 f   plugin_test1.obj
 0001:00000850       ?db_get@RTest1_Shell@test1@test@modules@UModSys@@UEAA_NAEBUSController@libui@5@QEBDAEBUSFrameDataOut@75@@Z 0000000180001850 f   plugin_test1.obj
 0001:000008b4       ?db_get@RTest1_Shell@test1@test@modules@UModSys@@UEAA_NAEBUSController@libui@5@QEBDHAEBUSFrameDataOut@75@@Z 00000001800018b4 f   plugin_test1.obj
 0001:00000920       ?font_2d@UI_Info@RTest1_Shell@test1@test@modules@UModSys@@QEAA_NXZ 0000000180001920 f   plugin_test1.obj
 0001:00000ad8       ?init_term@UI_Info@RTest1_Shell@test1@test@modules@UModSys@@QEAA_NPEBD@Z 0000000180001ad8 f   plugin_test1.obj
 0001:00000f08       ?create_3d@UI_Info@RTest1_Shell@test1@test@modules@UModSys@@QEAA_NPEBD@Z 0000000180001f08 f   plugin_test1.obj
 0001:000010e4       ?new_frames@UI_Info@RTest1_Shell@test1@test@modules@UModSys@@QEAA_NPEAUIController@libui@6@@Z 00000001800020e4 f   plugin_test1.obj
 0001:00001884       ??1SFrameCreateParameters@libui@UModSys@@QEAA@XZ 0000000180002884 f i plugin_test1.obj
 0001:000018a8       ?shutdown@UI_Info@RTest1_Shell@test1@test@modules@UModSys@@QEAAXXZ 00000001800028a8 f   plugin_test1.obj
 0001:000018fc       ?new_va_1@UI_Info@RTest1_Shell@test1@test@modules@UModSys@@QEAA_NXZ 00000001800028fc f   plugin_test1.obj
 0001:00001e44       ?new_va_qc@UI_Info@RTest1_Shell@test1@test@modules@UModSys@@QEAA_NXZ 0000000180002e44 f   plugin_test1.obj
 0001:00002488       ?cycle3d@UI_Info@RTest1_Shell@test1@test@modules@UModSys@@QEAAXXZ 0000000180003488 f   plugin_test1.obj
 0001:0000297c       ??1UI_Info@RTest1_Shell@test1@test@modules@UModSys@@QEAA@XZ 000000018000397c f i plugin_test1.obj
 0001:00002a74       ?get_generated_names@RGenerator@test1@test@modules@UModSys@@UEBAHAEAUSUniquePtrList@core@5@@Z 0000000180003a74 f i plugin_test1.obj
 0001:00002a94       ?get_generated_types@RGenerator@test1@test@modules@UModSys@@UEBAHAEAUSUniquePtrList@core@5@PEBUSUniquePointerInfo@75@@Z 0000000180003a94 f i plugin_test1.obj
 0001:00002af0       ?generate@RGenerator@test1@test@modules@UModSys@@UEAA_NAEAU?$TRefObject@UIRefObject@core@UModSys@@U?$TRefObjectFunc@UIRefObject@core@UModSys@@@tl@3@@tl@5@PEBUSUniquePointerInfo@core@5@AEBUSParameters@95@@Z 0000000180003af0 f i plugin_test1.obj
 0001:00002bb4       ?root_get_interface_info@RGenerator@test1@test@modules@UModSys@@UEBAAEBUSUniquePointerInfo@core@5@XZ 0000000180003bb4 f i plugin_test1.obj
 0001:00002bbc       ?root_get_interface_type@RGenerator@test1@test@modules@UModSys@@UEBAPEBUSUniquePointerInfo@core@5@XZ 0000000180003bbc f i plugin_test1.obj
 0001:00002bc4       ?root_get_other_interface@RGenerator@test1@test@modules@UModSys@@UEBAPEBUIRoot@core@5@PEBUSUniquePointerInfo@75@@Z 0000000180003bc4 f i plugin_test1.obj
 0001:00002bc4       ?root_get_other_interface@RGenerator@test1@test@modules@UModSys@@UEAAPEAUIRoot@core@5@PEBUSUniquePointerInfo@75@@Z 0000000180003bc4 f i plugin_test1.obj
 0001:00002bfc       ?root_is_interface_supported@RGenerator@test1@test@modules@UModSys@@UEBA_NPEBUSUniquePointerInfo@core@5@@Z 0000000180003bfc f i plugin_test1.obj
 0001:00002c34       ?get_uid@RGenerator@test1@test@modules@UModSys@@UEBAPEBUSUniquePointerInfo@core@5@XZ 0000000180003c34 f i plugin_test1.obj
 0001:00002c3c       ?do_open@RModuleReg@test1@test@modules@UModSys@@UEAA_NXZ 0000000180003c3c f i plugin_test1.obj
 0001:00002cc8       ?do_close@RModuleReg@test1@test@modules@UModSys@@UEAA_NXZ 0000000180003cc8 f i plugin_test1.obj
 0001:00002d34       ?get_module@RGenerator@test1@test@modules@UModSys@@UEBAPEAUIModule@base@5@XZ 0000000180003d34 f   plugin_test1.obj
 0001:00002d3c       ?mod_inc@RGenerator@test1@test@modules@UModSys@@UEBA_NXZ 0000000180003d3c f   plugin_test1.obj
 0001:00002d50       ?mod_dec@RGenerator@test1@test@modules@UModSys@@UEBA_NXZ 0000000180003d50 f   plugin_test1.obj
 0001:00002d64       ?s_holder@RGenerator@test1@test@modules@UModSys@@SAAEAU?$TTypeStaticHolder@URGenerator@test1@test@modules@UModSys@@@tl@5@XZ 0000000180003d64 f   plugin_test1.obj
 0001:00002da8       ??0?$TString@U?$TSCoreConst@D@su@tl@UModSys@@U?$TComparerBinaryHash@D@234@@tl@UModSys@@QEAA@PEBD@Z 0000000180003da8 f i plugin_test1.obj
 0001:00002e28       ??4?$TString@U?$TSCoreConst@D@su@tl@UModSys@@U?$TComparerBinaryHash@D@234@@tl@UModSys@@QEAAAEBU012@PEBD@Z 0000000180003e28 f i plugin_test1.obj
 0001:00002ea0       ??1?$TDynarrayDynamic@UVertexPC@UI_Info@RTest1_Shell@test1@test@modules@UModSys@@U?$TAllocator@USIMemAlloc@core@UModSys@@USCountCalcPower2@23@@tl@7@@tl@UModSys@@QEAA@XZ 0000000180003ea0 f i plugin_test1.obj
 0001:00002f08       ?info_release@?$TSCoreShared@USIMemAlloc@core@UModSys@@D@su@tl@UModSys@@QEAAXXZ 0000000180003f08 f i plugin_test1.obj
 0001:00002fdc       ?info_new@?$TSCoreShared@USIMemAlloc@core@UModSys@@D@su@tl@UModSys@@QEAA_NPEBD_K@Z 0000000180003fdc f i plugin_test1.obj
 0001:000030b0       ?set_look_at@?$TMatrix44@N@math3d@UModSys@@QEAA_NAEBU?$TVector3@N@23@00@Z 00000001800040b0 f i plugin_test1.obj
 0001:00003384       ?set_inversed@?$TMatrix44@N@math3d@UModSys@@QEAA_NAEBU123@@Z 0000000180004384 f i plugin_test1.obj
 0001:00003b68       ??$generate_type@UICollector@libui@UModSys@@@RTest1_Shell@test1@test@modules@UModSys@@SA?AU?$TRefObject@UICollector@libui@UModSys@@U?$TRefObjectFunc@UICollector@libui@UModSys@@@tl@3@@tl@4@AEBU?$TString@U?$TSCoreConst@D@su@tl@UModSys@@U?$TComparerBinaryHash@D@234@@64@AEBUSParameters@core@4@PEBD@Z 0000000180004b68 f i plugin_test1.obj
 0001:00003d64       ??$generate_type@UITerminal@libui@UModSys@@@RTest1_Shell@test1@test@modules@UModSys@@SA?AU?$TRefObject@UITerminal@libui@UModSys@@U?$TRefObjectFunc@UITerminal@libui@UModSys@@@tl@3@@tl@4@AEBU?$TString@U?$TSCoreConst@D@su@tl@UModSys@@U?$TComparerBinaryHash@D@234@@64@AEBUSParameters@core@4@PEBD@Z 0000000180004d64 f i plugin_test1.obj
 0001:00003f60       ?ResizeRel@?$TDynarray@U?$TDynarrayHolderDynamic@UVertexPC@UI_Info@RTest1_Shell@test1@test@modules@UModSys@@U?$TAllocator@USIMemAlloc@core@UModSys@@USCountCalcPower2@23@@tl@7@@tl@UModSys@@@tl@UModSys@@QEAA_N_J@Z 0000000180004f60 f i plugin_test1.obj
 0001:00003ff8       ?normalize@?$TVector3@N@math3d@UModSys@@QEAANXZ 0000000180004ff8 f i plugin_test1.obj
 0001:000040a4       ??1?$TRefObject@UIModObject@base@UModSys@@U?$TModObjectFunc@UIModObject@base@UModSys@@@tl@3@@tl@UModSys@@QEAA@XZ 00000001800050a4 f i plugin_test1.obj
 0001:000040d0       ?mult@?$TMatrix44@N@math3d@UModSys@@QEAAXAEBU123@0@Z 00000001800050d0 f i plugin_test1.obj
 0001:00004498       ?alloc@SMemShared@core@UModSys@@QEAA_N_KPEAUSSourceContext@23@@Z 0000000180005498 f i umodsys_lib_lib2d:umodsys.mod.2d.stdlib.obj
 0001:0000451c       ?Convert@stdlib@lib2d@modules@UModSys@@YA_NAEBU?$TBoundBox2@H@math3d@4@AEBUSImageInfo@24@AEBUSMem@core@4@01AEBUSCMem@94@@Z 000000018000551c f i umodsys_lib_lib2d:umodsys.mod.2d.stdlib.obj
 0001:00004670       ?root_get_interface_info@RImage_Memory@stdlib@lib2d@modules@UModSys@@UEBAAEBUSUniquePointerInfo@core@5@XZ 0000000180005670 f i umodsys_lib_lib2d:umodsys.mod.2d.stdlib.obj
 0001:00004678       ?root_get_interface_type@RImage_Memory@stdlib@lib2d@modules@UModSys@@UEBAPEBUSUniquePointerInfo@core@5@XZ 0000000180005678 f i umodsys_lib_lib2d:umodsys.mod.2d.stdlib.obj
 0001:00004680       ?root_get_other_interface@RImage_Memory@stdlib@lib2d@modules@UModSys@@UEAAPEAUIRoot@core@5@PEBUSUniquePointerInfo@75@@Z 0000000180005680 f i umodsys_lib_lib2d:umodsys.mod.2d.stdlib.obj
 0001:00004680       ?root_get_other_interface@RImage_Memory@stdlib@lib2d@modules@UModSys@@UEBAPEBUIRoot@core@5@PEBUSUniquePointerInfo@75@@Z 0000000180005680 f i umodsys_lib_lib2d:umodsys.mod.2d.stdlib.obj
 0001:000046b0       ?root_is_interface_supported@RImage_Memory@stdlib@lib2d@modules@UModSys@@UEBA_NPEBUSUniquePointerInfo@core@5@@Z 00000001800056b0 f i umodsys_lib_lib2d:umodsys.mod.2d.stdlib.obj
 0001:000046e0       ?ref_links@RBinArchiveFrameClient_ZIP@zlib@media@modules@UModSys@@UEBAHXZ 00000001800056e0 f i umodsys_lib_libmedia:umodsys.mod.media.zlib.obj
 0001:000046e0       ?ref_links@RImage_Memory@stdlib@lib2d@modules@UModSys@@UEBAHXZ 00000001800056e0 f i umodsys_lib_lib2d:umodsys.mod.2d.stdlib.obj
 0001:000046e0       ?ref_links@RTerminal@SDL_GL@ui@modules@UModSys@@UEBAHXZ 00000001800056e0 f i umodsys_lib_libui:umodsys.mod.ui.SDL_GL.obj
 0001:000046e0       ?ref_links@RGenerator@SDL_GL@ui@modules@UModSys@@UEBAHXZ 00000001800056e0 f i umodsys_lib_libui:umodsys.mod.ui.SDL_GL.obj
 0001:000046e0       ?ref_links@RGenerator@zlib@media@modules@UModSys@@UEBAHXZ 00000001800056e0 f i umodsys_lib_libmedia:umodsys.mod.media.zlib.obj
 0001:000046e0       ?ref_links@RMultiImage2D_SDL_ttf@SDL_GL@ui@modules@UModSys@@UEBAHXZ 00000001800056e0 f i umodsys_lib_libui:umodsys.mod.ui.SDL_GL.obj
 0001:000046e0       ?ref_links@RGenerator@serialize_json@media@modules@UModSys@@UEBAHXZ 00000001800056e0 f i umodsys_lib_libmedia:umodsys.mod.media.serialize_json.obj
 0001:000046e0       ?ref_links@RGenerator@stdlib@lib2d@modules@UModSys@@UEBAHXZ 00000001800056e0 f i umodsys_lib_lib2d:umodsys.mod.2d.stdlib.obj
 0001:000046e0       ?ref_links@RMultiImage2D_SDL_ttf@SDL_core@ui@modules@UModSys@@UEBAHXZ 00000001800056e0 f i umodsys_lib_libui:umodsys.mod.ui.SDL_core.obj
 0001:000046e0       ?ref_links@RVertexArray@SDL_GL@ui@modules@UModSys@@UEBAHXZ 00000001800056e0 f i umodsys_lib_libui:umodsys.mod.ui.SDL_GL.obj
 0001:000046e0       ?ref_links@RDialog@frames@ui@modules@UModSys@@UEBAHXZ 00000001800056e0 f i umodsys_lib_libui:umodsys.mod.ui.frames.obj
 0001:000046e0       ?ref_links@RGenerator@frames@ui@modules@UModSys@@UEBAHXZ 00000001800056e0 f i umodsys_lib_libui:umodsys.mod.ui.frames.obj
 0001:000046e0       ?ref_links@RGenerator@test1@test@modules@UModSys@@UEBAHXZ 00000001800056e0 f i plugin_test1.obj
 0001:000046e0       ?ref_links@RTerminal@SDL_core@ui@modules@UModSys@@UEBAHXZ 00000001800056e0 f i umodsys_lib_libui:umodsys.mod.ui.SDL_core.obj
 0001:000046e0       ?ref_links@RSerializeReader@serialize_json@media@modules@UModSys@@UEBAHXZ 00000001800056e0 f i umodsys_lib_libmedia:umodsys.mod.media.serialize_json.obj
 0001:000046e0       ?ref_links@RImageFactory_Memory@stdlib@lib2d@modules@UModSys@@UEBAHXZ 00000001800056e0 f i umodsys_lib_lib2d:umodsys.mod.2d.stdlib.obj
 0001:000046e0       ?ref_links@RMultiImage@stdlib@lib2d@modules@UModSys@@UEBAHXZ 00000001800056e0 f i umodsys_lib_lib2d:umodsys.mod.2d.stdlib.obj
 0001:000046e0       ?ref_links@RGenerator@SDL_core@ui@modules@UModSys@@UEBAHXZ 00000001800056e0 f i umodsys_lib_libui:umodsys.mod.ui.SDL_core.obj
 0001:000046e0       ?ref_links@RGenerator@images_std@media@modules@UModSys@@UEBAHXZ 00000001800056e0 f i umodsys_lib_libmedia:umodsys.mod.media.images_std.obj
 0001:000046e4       ?root_get_interface_info@RImageFactory_Memory@stdlib@lib2d@modules@UModSys@@UEBAAEBUSUniquePointerInfo@core@5@XZ 00000001800056e4 f i umodsys_lib_lib2d:umodsys.mod.2d.stdlib.obj
 0001:000046ec       ?root_get_interface_type@RImageFactory_Memory@stdlib@lib2d@modules@UModSys@@UEBAPEBUSUniquePointerInfo@core@5@XZ 00000001800056ec f i umodsys_lib_lib2d:umodsys.mod.2d.stdlib.obj
 0001:000046f4       ?root_get_interface_types@RRenderDriver2D@SDL_core@ui@modules@UModSys@@UEBA_KAEAUSUniquePtrList@core@5@@Z 00000001800056f4 f i umodsys_lib_libui:umodsys.mod.ui.SDL_core.obj
 0001:000046f4       ?root_get_interface_types@RTerminal@SDL_core@ui@modules@UModSys@@UEBA_KAEAUSUniquePtrList@core@5@@Z 00000001800056f4 f i umodsys_lib_libui:umodsys.mod.ui.SDL_core.obj
 0001:000046f4       ?root_get_interface_types@RGenerator@frames@ui@modules@UModSys@@UEBA_KAEAUSUniquePtrList@core@5@@Z 00000001800056f4 f i umodsys_lib_libui:umodsys.mod.ui.frames.obj
 0001:000046f4       ?root_get_interface_types@RFrame_Button@frames@ui@modules@UModSys@@UEBA_KAEAUSUniquePtrList@core@5@@Z 00000001800056f4 f i umodsys_lib_libui:umodsys.mod.ui.frames.obj
 0001:000046f4       ?root_get_interface_types@RGenerator@test1@test@modules@UModSys@@UEBA_KAEAUSUniquePtrList@core@5@@Z 00000001800056f4 f i plugin_test1.obj
 0001:000046f4       ?root_get_interface_types@RImage_Memory@stdlib@lib2d@modules@UModSys@@UEBA_KAEAUSUniquePtrList@core@5@@Z 00000001800056f4 f i umodsys_lib_lib2d:umodsys.mod.2d.stdlib.obj
 0001:000046f4       ?root_get_interface_types@RBinArchiveFrameClient_ZIP@zlib@media@modules@UModSys@@UEBA_KAEAUSUniquePtrList@core@5@@Z 00000001800056f4 f i umodsys_lib_libmedia:umodsys.mod.media.zlib.obj
 0001:000046f4       ?root_get_interface_types@RKeyboardController@SDL_core@ui@modules@UModSys@@UEBA_KAEAUSUniquePtrList@core@5@@Z 00000001800056f4 f i umodsys_lib_libui:umodsys.mod.ui.SDL_core.obj
 0001:000046f4       ?root_get_interface_types@RFrame_Edit@frames@ui@modules@UModSys@@UEBA_KAEAUSUniquePtrList@core@5@@Z 00000001800056f4 f i umodsys_lib_libui:umodsys.mod.ui.frames.obj
 0001:000046f4       ?root_get_interface_types@RTerminalX@SDL_core@ui@modules@UModSys@@UEBA_KAEAUSUniquePtrList@core@5@@Z 00000001800056f4 f i umodsys_lib_libui:umodsys.mod.ui.SDL_core.obj
 0001:000046f4       ?root_get_interface_types@RGenerator@images_std@media@modules@UModSys@@UEBA_KAEAUSUniquePtrList@core@5@@Z 00000001800056f4 f i umodsys_lib_libmedia:umodsys.mod.media.images_std.obj
 0001:000046f4       ?root_get_interface_types@RImageFactory_Memory@stdlib@lib2d@modules@UModSys@@UEBA_KAEAUSUniquePtrList@core@5@@Z 00000001800056f4 f i umodsys_lib_lib2d:umodsys.mod.2d.stdlib.obj
 0001:000046f4       ?root_get_interface_types@RRenderDriver3D@SDL_GL@ui@modules@UModSys@@UEBA_KAEAUSUniquePtrList@core@5@@Z 00000001800056f4 f i umodsys_lib_libui:umodsys.mod.ui.SDL_GL.obj
 0001:000046f4       ?root_get_interface_types@RSerializeReader@serialize_json@media@modules@UModSys@@UEBA_KAEAUSUniquePtrList@core@5@@Z 00000001800056f4 f i umodsys_lib_libmedia:umodsys.mod.media.serialize_json.obj
 0001:000046f4       ?root_get_interface_types@RMultiImage2D_SDL_ttf@SDL_GL@ui@modules@UModSys@@UEBA_KAEAUSUniquePtrList@core@5@@Z 00000001800056f4 f i umodsys_lib_libui:umodsys.mod.ui.SDL_GL.obj
 0001:000046f4       ?root_get_interface_types@RTerminalX@SDL_GL@ui@modules@UModSys@@UEBA_KAEAUSUniquePtrList@core@5@@Z 00000001800056f4 f i umodsys_lib_libui:umodsys.mod.ui.SDL_GL.obj
 0001:000046f4       ?root_get_interface_types@RMultiImage@stdlib@lib2d@modules@UModSys@@UEBA_KAEAUSUniquePtrList@core@5@@Z 00000001800056f4 f i umodsys_lib_lib2d:umodsys.mod.2d.stdlib.obj
 0001:000046f4       ?root_get_interface_types@RDialog@frames@ui@modules@UModSys@@UEBA_KAEAUSUniquePtrList@core@5@@Z 00000001800056f4 f i umodsys_lib_libui:umodsys.mod.ui.frames.obj
 0001:000046f4       ?root_get_interface_types@RGenerator@SDL_core@ui@modules@UModSys@@UEBA_KAEAUSUniquePtrList@core@5@@Z 00000001800056f4 f i umodsys_lib_libui:umodsys.mod.ui.SDL_core.obj
 0001:000046f4       ?root_get_interface_types@RVertexArray@SDL_GL@ui@modules@UModSys@@UEBA_KAEAUSUniquePtrList@core@5@@Z 00000001800056f4 f i umodsys_lib_libui:umodsys.mod.ui.SDL_GL.obj
 0001:000046f4       ?root_get_interface_types@RGenerator@zlib@media@modules@UModSys@@UEBA_KAEAUSUniquePtrList@core@5@@Z 00000001800056f4 f i umodsys_lib_libmedia:umodsys.mod.media.zlib.obj
 0001:000046f4       ?root_get_interface_types@RFrame_List@frames@ui@modules@UModSys@@UEBA_KAEAUSUniquePtrList@core@5@@Z 00000001800056f4 f i umodsys_lib_libui:umodsys.mod.ui.frames.obj
 0001:000046f4       ?root_get_interface_types@RMouseController@SDL_core@ui@modules@UModSys@@UEBA_KAEAUSUniquePtrList@core@5@@Z 00000001800056f4 f i umodsys_lib_libui:umodsys.mod.ui.SDL_core.obj
 0001:000046f4       ?root_get_interface_types@RGenerator@stdlib@lib2d@modules@UModSys@@UEBA_KAEAUSUniquePtrList@core@5@@Z 00000001800056f4 f i umodsys_lib_lib2d:umodsys.mod.2d.stdlib.obj
 0001:000046f4       ?root_get_interface_types@RTerminal@SDL_GL@ui@modules@UModSys@@UEBA_KAEAUSUniquePtrList@core@5@@Z 00000001800056f4 f i umodsys_lib_libui:umodsys.mod.ui.SDL_GL.obj
 0001:000046f4       ?root_get_interface_types@RGenerator@serialize_json@media@modules@UModSys@@UEBA_KAEAUSUniquePtrList@core@5@@Z 00000001800056f4 f i umodsys_lib_libmedia:umodsys.mod.media.serialize_json.obj
 0001:000046f4       ?root_get_interface_types@RFrame_Frame@frames@ui@modules@UModSys@@UEBA_KAEAUSUniquePtrList@core@5@@Z 00000001800056f4 f i umodsys_lib_libui:umodsys.mod.ui.frames.obj
 0001:000046f4       ?root_get_interface_types@RKeyboardController@SDL_GL@ui@modules@UModSys@@UEBA_KAEAUSUniquePtrList@core@5@@Z 00000001800056f4 f i umodsys_lib_libui:umodsys.mod.ui.SDL_GL.obj
 0001:000046f4       ?root_get_interface_types@RSerializeWriter@serialize_json@media@modules@UModSys@@UEBA_KAEAUSUniquePtrList@core@5@@Z 00000001800056f4 f i umodsys_lib_libmedia:umodsys.mod.media.serialize_json.obj
 0001:000046f4       ?root_get_interface_types@RCollector@frames@ui@modules@UModSys@@UEBA_KAEAUSUniquePtrList@core@5@@Z 00000001800056f4 f i umodsys_lib_libui:umodsys.mod.ui.frames.obj
 0001:000046f4       ?root_get_interface_types@RMultiImage2D_SDL_ttf@SDL_core@ui@modules@UModSys@@UEBA_KAEAUSUniquePtrList@core@5@@Z 00000001800056f4 f i umodsys_lib_libui:umodsys.mod.ui.SDL_core.obj
 0001:000046f4       ?root_get_interface_types@RTest1_Shell@test1@test@modules@UModSys@@UEBA_KAEAUSUniquePtrList@core@5@@Z 00000001800056f4 f i plugin_test1.obj
 0001:000046f4       ?root_get_interface_types@RGenerator@SDL_GL@ui@modules@UModSys@@UEBA_KAEAUSUniquePtrList@core@5@@Z 00000001800056f4 f i umodsys_lib_libui:umodsys.mod.ui.SDL_GL.obj
 0001:000046f4       ?root_get_interface_types@RFrame_Image@frames@ui@modules@UModSys@@UEBA_KAEAUSUniquePtrList@core@5@@Z 00000001800056f4 f i umodsys_lib_libui:umodsys.mod.ui.frames.obj
 0001:000046f4       ?root_get_interface_types@RFrame_Text@frames@ui@modules@UModSys@@UEBA_KAEAUSUniquePtrList@core@5@@Z 00000001800056f4 f i umodsys_lib_libui:umodsys.mod.ui.frames.obj
 0001:000046f4       ?root_get_interface_types@RMediaFilter@images_std@media@modules@UModSys@@UEBA_KAEAUSUniquePtrList@core@5@@Z 00000001800056f4 f i umodsys_lib_libmedia:umodsys.mod.media.images_std.obj
 0001:000046f4       ?root_get_interface_types@RMouseController@SDL_GL@ui@modules@UModSys@@UEBA_KAEAUSUniquePtrList@core@5@@Z 00000001800056f4 f i umodsys_lib_libui:umodsys.mod.ui.SDL_GL.obj
 0001:000046fc       ?root_get_other_interface@RImageFactory_Memory@stdlib@lib2d@modules@UModSys@@UEAAPEAUIRoot@core@5@PEBUSUniquePointerInfo@75@@Z 00000001800056fc f i umodsys_lib_lib2d:umodsys.mod.2d.stdlib.obj
 0001:000046fc       ?root_get_other_interface@RImageFactory_Memory@stdlib@lib2d@modules@UModSys@@UEBAPEBUIRoot@core@5@PEBUSUniquePointerInfo@75@@Z 00000001800056fc f i umodsys_lib_lib2d:umodsys.mod.2d.stdlib.obj
 0001:0000472c       ?root_is_interface_supported@RImageFactory_Memory@stdlib@lib2d@modules@UModSys@@UEBA_NPEBUSUniquePointerInfo@core@5@@Z 000000018000572c f i umodsys_lib_lib2d:umodsys.mod.2d.stdlib.obj
 0001:0000475c       ?root_get_interface_info@RMultiImage@stdlib@lib2d@modules@UModSys@@UEBAAEBUSUniquePointerInfo@core@5@XZ 000000018000575c f i umodsys_lib_lib2d:umodsys.mod.2d.stdlib.obj
 0001:00004764       ?root_get_interface_type@RMultiImage@stdlib@lib2d@modules@UModSys@@UEBAPEBUSUniquePointerInfo@core@5@XZ 0000000180005764 f i umodsys_lib_lib2d:umodsys.mod.2d.stdlib.obj
 0001:0000476c       ?root_get_other_interface@RMultiImage@stdlib@lib2d@modules@UModSys@@UEAAPEAUIRoot@core@5@PEBUSUniquePointerInfo@75@@Z 000000018000576c f i umodsys_lib_lib2d:umodsys.mod.2d.stdlib.obj
 0001:0000476c       ?root_get_other_interface@RMultiImage@stdlib@lib2d@modules@UModSys@@UEBAPEBUIRoot@core@5@PEBUSUniquePointerInfo@75@@Z 000000018000576c f i umodsys_lib_lib2d:umodsys.mod.2d.stdlib.obj
 0001:0000479c       ?root_is_interface_supported@RMultiImage@stdlib@lib2d@modules@UModSys@@UEBA_NPEBUSUniquePointerInfo@core@5@@Z 000000018000579c f i umodsys_lib_lib2d:umodsys.mod.2d.stdlib.obj
 0001:000047cc       ?suicide@RSerializeReader@serialize_json@media@modules@UModSys@@UEAAXXZ 00000001800057cc f i umodsys_lib_libmedia:umodsys.mod.media.serialize_json.obj
 0001:000047cc       ?suicide@RImageFactory_Memory@stdlib@lib2d@modules@UModSys@@UEAAXXZ 00000001800057cc f i umodsys_lib_lib2d:umodsys.mod.2d.stdlib.obj
 0001:000047cc       ?suicide@RTerminal@SDL_GL@ui@modules@UModSys@@UEAAXXZ 00000001800057cc f i umodsys_lib_libui:umodsys.mod.ui.SDL_GL.obj
 0001:000047cc       ?suicide@RImage_Memory@stdlib@lib2d@modules@UModSys@@UEAAXXZ 00000001800057cc f i umodsys_lib_lib2d:umodsys.mod.2d.stdlib.obj
 0001:000047cc       ?suicide@RBinArchiveFrameClient_ZIP@zlib@media@modules@UModSys@@UEAAXXZ 00000001800057cc f i umodsys_lib_libmedia:umodsys.mod.media.zlib.obj
 0001:000047cc       ?suicide@RMultiImage@stdlib@lib2d@modules@UModSys@@UEAAXXZ 00000001800057cc f i umodsys_lib_lib2d:umodsys.mod.2d.stdlib.obj
 0001:000047cc       ?suicide@RTerminal@SDL_core@ui@modules@UModSys@@UEAAXXZ 00000001800057cc f i umodsys_lib_libui:umodsys.mod.ui.SDL_core.obj
 0001:00004818       ?get_generated_names@RGenerator@stdlib@lib2d@modules@UModSys@@UEBAHAEAUSUniquePtrList@core@5@@Z 0000000180005818 f i umodsys_lib_lib2d:umodsys.mod.2d.stdlib.obj
 0001:0000485c       ?get_generated_types@RGenerator@stdlib@lib2d@modules@UModSys@@UEBAHAEAUSUniquePtrList@core@5@PEBUSUniquePointerInfo@75@@Z 000000018000585c f i umodsys_lib_lib2d:umodsys.mod.2d.stdlib.obj
 0001:000048f0       ?generate@RGenerator@stdlib@lib2d@modules@UModSys@@UEAA_NAEAU?$TRefObject@UIRefObject@core@UModSys@@U?$TRefObjectFunc@UIRefObject@core@UModSys@@@tl@3@@tl@5@PEBUSUniquePointerInfo@core@5@AEBUSParameters@95@@Z 00000001800058f0 f i umodsys_lib_lib2d:umodsys.mod.2d.stdlib.obj
 0001:00004a20       ?root_get_interface_info@RGenerator@stdlib@lib2d@modules@UModSys@@UEBAAEBUSUniquePointerInfo@core@5@XZ 0000000180005a20 f i umodsys_lib_lib2d:umodsys.mod.2d.stdlib.obj
 0001:00004a28       ?root_get_interface_type@RGenerator@stdlib@lib2d@modules@UModSys@@UEBAPEBUSUniquePointerInfo@core@5@XZ 0000000180005a28 f i umodsys_lib_lib2d:umodsys.mod.2d.stdlib.obj
 0001:00004a30       ?root_get_other_interface@RGenerator@stdlib@lib2d@modules@UModSys@@UEBAPEBUIRoot@core@5@PEBUSUniquePointerInfo@75@@Z 0000000180005a30 f i umodsys_lib_lib2d:umodsys.mod.2d.stdlib.obj
 0001:00004a30       ?root_get_other_interface@RGenerator@stdlib@lib2d@modules@UModSys@@UEAAPEAUIRoot@core@5@PEBUSUniquePointerInfo@75@@Z 0000000180005a30 f i umodsys_lib_lib2d:umodsys.mod.2d.stdlib.obj
 0001:00004a68       ?root_is_interface_supported@RGenerator@stdlib@lib2d@modules@UModSys@@UEBA_NPEBUSUniquePointerInfo@core@5@@Z 0000000180005a68 f i umodsys_lib_lib2d:umodsys.mod.2d.stdlib.obj
 0001:00004aa0       ?get_uid@RGenerator@stdlib@lib2d@modules@UModSys@@UEBAPEBUSUniquePointerInfo@core@5@XZ 0000000180005aa0 f i umodsys_lib_lib2d:umodsys.mod.2d.stdlib.obj
 0001:00004aa8       ?set_info@RImage_Memory@stdlib@lib2d@modules@UModSys@@UEAA_NAEBUSImagePatchInfo@35@PEBD@Z 0000000180005aa8 f   umodsys_lib_lib2d:umodsys.mod.2d.stdlib.obj
 0001:00004d08       ??1SMemShared@core@UModSys@@QEAA@XZ 0000000180005d08 f i plugin_test1.obj
 0001:00004d08       ??1SCMemShared@core@UModSys@@QEAA@XZ 0000000180005d08 f i plugin_test1.obj
 0001:00004d08       ??1State@RImage_Memory@stdlib@lib2d@modules@UModSys@@QEAA@XZ 0000000180005d08 f i umodsys_lib_lib2d:umodsys.mod.2d.stdlib.obj
 0001:00004d38       ?set_data@RImage_Memory@stdlib@lib2d@modules@UModSys@@UEAA_NAEBUSImagePatchInfo@35@AEBUSCMem@core@5@H@Z 0000000180005d38 f   umodsys_lib_lib2d:umodsys.mod.2d.stdlib.obj
 0001:00004dec       ?get_info@RImage_Memory@stdlib@lib2d@modules@UModSys@@UEBAAEBUSImageInfo@35@XZ 0000000180005dec f   umodsys_lib_lib2d:umodsys.mod.2d.stdlib.obj
 0001:00004df4       ?get_data@RImage_Memory@stdlib@lib2d@modules@UModSys@@UEBA_NAEBUSImagePatchInfo@35@AEBUSMem@core@5@H@Z 0000000180005df4 f   umodsys_lib_lib2d:umodsys.mod.2d.stdlib.obj
 0001:00004ec4       ??0RImage_Memory@stdlib@lib2d@modules@UModSys@@QEAA@PEAUIModObject@base@4@AEBUSParameters@core@4@@Z 0000000180005ec4 f   umodsys_lib_lib2d:umodsys.mod.2d.stdlib.obj
 0001:00004f6c       ??_GRImage_Memory@stdlib@lib2d@modules@UModSys@@UEAAPEAXI@Z 0000000180005f6c f i umodsys_lib_lib2d:umodsys.mod.2d.stdlib.obj
 0001:00004f6c       ??_ERImage_Memory@stdlib@lib2d@modules@UModSys@@UEAAPEAXI@Z 0000000180005f6c f i  CIL library: CIL module
 0001:00004fdc       ?image_new@RImageFactory_Memory@stdlib@lib2d@modules@UModSys@@UEAA?AU?$TRefObject@UIImage@lib2d@UModSys@@U?$TRefObjectFunc@UIImage@lib2d@UModSys@@@tl@3@@tl@5@XZ 0000000180005fdc f   umodsys_lib_lib2d:umodsys.mod.2d.stdlib.obj
 0001:00005160       ?image_new@RImageFactory_Memory@stdlib@lib2d@modules@UModSys@@UEAA?AU?$TRefObject@UIImage@lib2d@UModSys@@U?$TRefObjectFunc@UIImage@lib2d@UModSys@@@tl@3@@tl@5@AEBUSImagePatchInfo@35@PEBD@Z 0000000180006160 f   umodsys_lib_lib2d:umodsys.mod.2d.stdlib.obj
 0001:00005334       ?get_max_layer_size@RMultiImage@stdlib@lib2d@modules@UModSys@@UEBA?AU?$TVector2@H@math3d@5@XZ 0000000180006334 f   umodsys_lib_lib2d:umodsys.mod.2d.stdlib.obj
 0001:00005334       ?get_max_cell_size@RMultiImage@stdlib@lib2d@modules@UModSys@@UEBA?AU?$TVector2@H@math3d@5@XZ 0000000180006334 f   umodsys_lib_lib2d:umodsys.mod.2d.stdlib.obj
 0001:00005360       ?get_fixed_cell_size@RMultiImage@stdlib@lib2d@modules@UModSys@@UEBA?AU?$TVector2@H@math3d@5@XZ 0000000180006360 f   umodsys_lib_lib2d:umodsys.mod.2d.stdlib.obj
 0001:00005380       ?get_layer_count@RMultiImage@stdlib@lib2d@modules@UModSys@@UEBAGXZ 0000000180006380 f   umodsys_lib_lib2d:umodsys.mod.2d.stdlib.obj
 0001:00005394       ?get_layer@RMultiImage@stdlib@lib2d@modules@UModSys@@UEBAPEAUIImage@35@G@Z 0000000180006394 f   umodsys_lib_lib2d:umodsys.mod.2d.stdlib.obj
 0001:000053b8       ?get_cell_count@RMultiImage@stdlib@lib2d@modules@UModSys@@UEBAIXZ 00000001800063b8 f   umodsys_lib_lib2d:umodsys.mod.2d.stdlib.obj
 0001:000053cc       ?get_cell@RMultiImage@stdlib@lib2d@modules@UModSys@@UEBA_NIAEAU?$TVector2@H@math3d@5@PEAU675@PEAG@Z 00000001800063cc f   umodsys_lib_lib2d:umodsys.mod.2d.stdlib.obj
 0001:00005424       ?get_cell@RMultiImage@stdlib@lib2d@modules@UModSys@@UEBA_NIAEAUSImageCellInfo@35@@Z 0000000180006424 f   umodsys_lib_lib2d:umodsys.mod.2d.stdlib.obj
 0001:0000545c       ?set_layer_count@RMultiImage@stdlib@lib2d@modules@UModSys@@UEAA_NG@Z 000000018000645c f   umodsys_lib_lib2d:umodsys.mod.2d.stdlib.obj
 0001:00005564       ?setup_fixed_cell@RMultiImage@stdlib@lib2d@modules@UModSys@@UEAA_NHH@Z 0000000180006564 f   umodsys_lib_lib2d:umodsys.mod.2d.stdlib.obj
 0001:00005580       ?setup_variable_cell@RMultiImage@stdlib@lib2d@modules@UModSys@@UEAA_NPEBUSImageCellInfo@35@KK@Z 0000000180006580 f   umodsys_lib_lib2d:umodsys.mod.2d.stdlib.obj
 0001:00005628       ??0RMultiImage@stdlib@lib2d@modules@UModSys@@QEAA@PEAUIModObject@base@4@AEBUSParameters@core@4@@Z 0000000180006628 f   umodsys_lib_lib2d:umodsys.mod.2d.stdlib.obj
 0001:00005744       ??_GRMultiImage@stdlib@lib2d@modules@UModSys@@UEAAPEAXI@Z 0000000180006744 f i umodsys_lib_lib2d:umodsys.mod.2d.stdlib.obj
 0001:00005744       ??_ERMultiImage@stdlib@lib2d@modules@UModSys@@UEAAPEAXI@Z 0000000180006744 f i  CIL library: CIL module
 0001:0000581c       ?do_open@RModuleReg@stdlib@lib2d@modules@UModSys@@UEAA_NXZ 000000018000681c f i umodsys_lib_lib2d:umodsys.mod.2d.stdlib.obj
 0001:00005890       ?do_close@RModuleReg@stdlib@lib2d@modules@UModSys@@UEAA_NXZ 0000000180006890 f i umodsys_lib_lib2d:umodsys.mod.2d.stdlib.obj
 0001:000058e0       ?get_module@RGenerator@stdlib@lib2d@modules@UModSys@@UEBAPEAUIModule@base@5@XZ 00000001800068e0 f   umodsys_lib_lib2d:umodsys.mod.2d.stdlib.obj
 0001:000058e8       ?mod_inc@RGenerator@stdlib@lib2d@modules@UModSys@@UEBA_NXZ 00000001800068e8 f   umodsys_lib_lib2d:umodsys.mod.2d.stdlib.obj
 0001:000058fc       ?mod_dec@RGenerator@stdlib@lib2d@modules@UModSys@@UEBA_NXZ 00000001800068fc f   umodsys_lib_lib2d:umodsys.mod.2d.stdlib.obj
 0001:00005910       ?s_holder@RGenerator@stdlib@lib2d@modules@UModSys@@SAAEAU?$TTypeStaticHolder@URGenerator@stdlib@lib2d@modules@UModSys@@@tl@5@XZ 0000000180006910 f   umodsys_lib_lib2d:umodsys.mod.2d.stdlib.obj
 0001:00005954       ??1?$TDynarrayDynamic@USImageCellInfo@lib2d@UModSys@@U?$TAllocator@USIMemAlloc@core@UModSys@@USCountCalcPower2@23@@tl@3@@tl@UModSys@@QEAA@XZ 0000000180006954 f i umodsys_lib_lib2d:umodsys.mod.2d.stdlib.obj
 0001:0000595c       ?Resize@?$TDynarray@U?$TDynarrayHolderDynamic@USImageCellInfo@lib2d@UModSys@@U?$TAllocator@USIMemAlloc@core@UModSys@@USCountCalcPower2@23@@tl@3@@tl@UModSys@@@tl@UModSys@@QEAA_N_K@Z 000000018000695c f i umodsys_lib_lib2d:umodsys.mod.2d.stdlib.obj
 0001:000059fc       ??1?$TDynarrayDynamic@U?$TRefObject@UIImage@lib2d@UModSys@@U?$TRefObjectFunc@UIImage@lib2d@UModSys@@@tl@3@@tl@UModSys@@U?$TAllocator@USIMemAlloc@core@UModSys@@USCountCalcPower2@23@@23@@tl@UModSys@@QEAA@XZ 00000001800069fc f i umodsys_lib_lib2d:umodsys.mod.2d.stdlib.obj
 0001:00005a5c       ?Resize@?$TDynarray@U?$TDynarrayHolderDynamic@U?$TRefObject@UIImage@lib2d@UModSys@@U?$TRefObjectFunc@UIImage@lib2d@UModSys@@@tl@3@@tl@UModSys@@U?$TAllocator@USIMemAlloc@core@UModSys@@USCountCalcPower2@23@@23@@tl@UModSys@@@tl@UModSys@@QEAA_N_K@Z 0000000180006a5c f i umodsys_lib_lib2d:umodsys.mod.2d.stdlib.obj
 0001:00005b58       ??1?$TDynarray@U?$TDynarrayHolderDynamic@USImageCellInfo@lib2d@UModSys@@U?$TAllocator@USIMemAlloc@core@UModSys@@USCountCalcPower2@23@@tl@3@@tl@UModSys@@@tl@UModSys@@QEAA@XZ 0000000180006b58 f i umodsys_lib_lib2d:umodsys.mod.2d.stdlib.obj
 0001:00005c24       ??$t_gen_param@URImageFactory_Memory@stdlib@lib2d@modules@UModSys@@URGenerator@2345@@IGenerator@base@UModSys@@IEAA_NPEAURGenerator@stdlib@lib2d@modules@2@AEAU?$TRefObject@UIRefObject@core@UModSys@@U?$TRefObjectFunc@UIRefObject@core@UModSys@@@tl@3@@tl@2@PEBUSUniquePointerInfo@core@2@AEBUSParameters@core@2@@Z 0000000180006c24 f i umodsys_lib_lib2d:umodsys.mod.2d.stdlib.obj
 0001:00005d34       ??$t_gen_param@URMultiImage@stdlib@lib2d@modules@UModSys@@URGenerator@2345@@IGenerator@base@UModSys@@IEAA_NPEAURGenerator@stdlib@lib2d@modules@2@AEAU?$TRefObject@UIRefObject@core@UModSys@@U?$TRefObjectFunc@UIRefObject@core@UModSys@@@tl@3@@tl@2@PEBUSUniquePointerInfo@core@2@AEBUSParameters@core@2@@Z 0000000180006d34 f i umodsys_lib_lib2d:umodsys.mod.2d.stdlib.obj
 0001:00005e2c       ??$ValidateConstruction@UIImage@lib2d@UModSys@@URImage_Memory@stdlib@2modules@3@@core@UModSys@@YA_NAEAU?$TRefObject@UIImage@lib2d@UModSys@@U?$TRefObjectFunc@UIImage@lib2d@UModSys@@@tl@3@@tl@1@PEAURImage_Memory@stdlib@lib2d@modules@1@@Z 0000000180006e2c f i umodsys_lib_lib2d:umodsys.mod.2d.stdlib.obj
 0001:00005e84       ??1?$TRefObject@UIRefObject@core@UModSys@@U?$TRefObjectFunc@UIRefObject@core@UModSys@@@tl@3@@tl@UModSys@@QEAA@XZ 0000000180006e84 f i plugin_test1.obj
 0001:00005e84       ??1?$TRefObject@UIFrame@libui@UModSys@@U?$TRefObjectFunc@UIFrame@libui@UModSys@@@tl@3@@tl@UModSys@@QEAA@XZ 0000000180006e84 f i umodsys_lib_libui:umodsys.mod.ui.frames.obj
 0001:00005e84       ??1?$TRefObject@UICollector@libui@UModSys@@U?$TRefObjectFunc@UICollector@libui@UModSys@@@tl@3@@tl@UModSys@@QEAA@XZ 0000000180006e84 f i plugin_test1.obj
 0001:00005e84       ??1?$TRefObject@UIRenderDriver@lib3d@UModSys@@U?$TRefObjectFunc@UIRenderDriver@lib3d@UModSys@@@tl@3@@tl@UModSys@@QEAA@XZ 0000000180006e84 f i plugin_test1.obj
 0001:00005e84       ??1?$TRefObject@UIImage@lib2d@UModSys@@U?$TRefObjectFunc@UIImage@lib2d@UModSys@@@tl@3@@tl@UModSys@@QEAA@XZ 0000000180006e84 f i plugin_test1.obj
 0001:00005e84       ??1?$TRefObject@URSerializeReader@serialize_json@media@modules@UModSys@@U?$TRefObjectFunc@URSerializeReader@serialize_json@media@modules@UModSys@@@tl@5@@tl@UModSys@@QEAA@XZ 0000000180006e84 f i umodsys_lib_libmedia:umodsys.mod.media.serialize_json.obj
 0001:00005e84       ??1?$TRefObject@URDialog@frames@ui@modules@UModSys@@U?$TRefObjectFunc@URDialog@frames@ui@modules@UModSys@@@tl@5@@tl@UModSys@@QEAA@XZ 0000000180006e84 f i umodsys_lib_libui:umodsys.mod.ui.frames.obj
 0001:00005e84       ??1?$TRefObject@UIImageFactory@lib2d@UModSys@@U?$TRefObjectFunc@UIImageFactory@lib2d@UModSys@@@tl@3@@tl@UModSys@@QEAA@XZ 0000000180006e84 f i plugin_test1.obj
 0001:00005e84       ??1?$TRefObject@URMultiImage2D_SDL_ttf@SDL_core@ui@modules@UModSys@@U?$TRefObjectFunc@URMultiImage2D_SDL_ttf@SDL_core@ui@modules@UModSys@@@tl@5@@tl@UModSys@@QEAA@XZ 0000000180006e84 f i umodsys_lib_libui:umodsys.mod.ui.SDL_core.obj
 0001:00005e84       ??1?$TRefObject@URCollector@frames@ui@modules@UModSys@@U?$TRefObjectFunc@URCollector@frames@ui@modules@UModSys@@@tl@5@@tl@UModSys@@QEAA@XZ 0000000180006e84 f i umodsys_lib_libui:umodsys.mod.ui.frames.obj
 0001:00005e84       ??1?$TRefObject@URRenderDriver3D@SDL_GL@ui@modules@UModSys@@U?$TRefObjectFunc@URRenderDriver3D@SDL_GL@ui@modules@UModSys@@@tl@5@@tl@UModSys@@QEAA@XZ 0000000180006e84 f i umodsys_lib_libui:umodsys.mod.ui.SDL_GL.obj
 0001:00005e84       ??1?$TRefObject@URRenderDriver2D@SDL_core@ui@modules@UModSys@@U?$TRefObjectFunc@URRenderDriver2D@SDL_core@ui@modules@UModSys@@@tl@5@@tl@UModSys@@QEAA@XZ 0000000180006e84 f i umodsys_lib_libui:umodsys.mod.ui.SDL_core.obj
 0001:00005e84       ??1?$TRefObject@URBinArchiveFrameClient_ZIP@zlib@media@modules@UModSys@@U?$TRefObjectFunc@URBinArchiveFrameClient_ZIP@zlib@media@modules@UModSys@@@tl@5@@tl@UModSys@@QEAA@XZ 0000000180006e84 f i umodsys_lib_libmedia:umodsys.mod.media.zlib.obj
 0001:00005e84       ??1?$TRefObject@URImage_Memory@stdlib@lib2d@modules@UModSys@@U?$TRefObjectFunc@URImage_Memory@stdlib@lib2d@modules@UModSys@@@tl@5@@tl@UModSys@@QEAA@XZ 0000000180006e84 f i umodsys_lib_lib2d:umodsys.mod.2d.stdlib.obj
 0001:00005e84       ??1?$TRefObject@URTerminalX@SDL_core@ui@modules@UModSys@@U?$TRefObjectFunc@URTerminalX@SDL_core@ui@modules@UModSys@@@tl@5@@tl@UModSys@@QEAA@XZ 0000000180006e84 f i umodsys_lib_libui:umodsys.mod.ui.SDL_core.obj
 0001:00005e84       ??1?$TRefObject@UIStreamReader@libmedia@UModSys@@U?$TRefObjectFunc@UIStreamReader@libmedia@UModSys@@@tl@3@@tl@UModSys@@QEAA@XZ 0000000180006e84 f i plugin_test1.obj
 0001:00005e84       ??1?$TRefObject@UIUtilities@libmedia@UModSys@@U?$TRefObjectFunc@UIUtilities@libmedia@UModSys@@@tl@3@@tl@UModSys@@QEAA@XZ 0000000180006e84 f i plugin_test1.obj
 0001:00005e84       ??1?$TRefObject@UITerminal@libui@UModSys@@U?$TRefObjectFunc@UITerminal@libui@UModSys@@@tl@3@@tl@UModSys@@QEAA@XZ 0000000180006e84 f i plugin_test1.obj
 0001:00005e84       ??1?$TRefObject@UIMultiImage@lib2d@UModSys@@U?$TRefObjectFunc@UIMultiImage@lib2d@UModSys@@@tl@3@@tl@UModSys@@QEAA@XZ 0000000180006e84 f i plugin_test1.obj
 0001:00005e84       ??1?$TRefObject@URMultiImage@stdlib@lib2d@modules@UModSys@@U?$TRefObjectFunc@URMultiImage@stdlib@lib2d@modules@UModSys@@@tl@5@@tl@UModSys@@QEAA@XZ 0000000180006e84 f i umodsys_lib_lib2d:umodsys.mod.2d.stdlib.obj
 0001:00005e84       ??1?$TRefObject@URFrame_Common@frames@ui@modules@UModSys@@U?$TRefObjectFunc@URFrame_Common@frames@ui@modules@UModSys@@@tl@5@@tl@UModSys@@QEAA@XZ 0000000180006e84 f i umodsys_lib_libui:umodsys.mod.ui.frames.obj
 0001:00005e84       ??1?$TRefObject@URMediaFilter@images_std@media@modules@UModSys@@U?$TRefObjectFunc@URMediaFilter@images_std@media@modules@UModSys@@@tl@5@@tl@UModSys@@QEAA@XZ 0000000180006e84 f i umodsys_lib_libmedia:umodsys.mod.media.images_std.obj
 0001:00005e84       ??1?$TRefObject@UIMouseController@libui@UModSys@@U?$TRefObjectFunc@UIMouseController@libui@UModSys@@@tl@3@@tl@UModSys@@QEAA@XZ 0000000180006e84 f i plugin_test1.obj
 0001:00005e84       ??1?$TRefObject@URSerializeWriter@serialize_json@media@modules@UModSys@@U?$TRefObjectFunc@URSerializeWriter@serialize_json@media@modules@UModSys@@@tl@5@@tl@UModSys@@QEAA@XZ 0000000180006e84 f i umodsys_lib_libmedia:umodsys.mod.media.serialize_json.obj
 0001:00005e84       ??1?$TRefObject@UIStreamWriter@libmedia@UModSys@@U?$TRefObjectFunc@UIStreamWriter@libmedia@UModSys@@@tl@3@@tl@UModSys@@QEAA@XZ 0000000180006e84 f i plugin_test1.obj
 0001:00005e84       ??1?$TRefObject@URTerminalX@SDL_GL@ui@modules@UModSys@@U?$TRefObjectFunc@URTerminalX@SDL_GL@ui@modules@UModSys@@@tl@5@@tl@UModSys@@QEAA@XZ 0000000180006e84 f i umodsys_lib_libui:umodsys.mod.ui.SDL_GL.obj
 0001:00005e84       ??1?$TRefObject@UIKeyboardController@libui@UModSys@@U?$TRefObjectFunc@UIKeyboardController@libui@UModSys@@@tl@3@@tl@UModSys@@QEAA@XZ 0000000180006e84 f i plugin_test1.obj
 0001:00005e84       ??1?$TRefObject@UIVertexArray@lib3d@UModSys@@U?$TRefObjectFunc@UIVertexArray@lib3d@UModSys@@@tl@3@@tl@UModSys@@QEAA@XZ 0000000180006e84 f i plugin_test1.obj
 0001:00005e84       ??1?$TRefObject@URVertexArray@SDL_GL@ui@modules@UModSys@@U?$TRefObjectFunc@URVertexArray@SDL_GL@ui@modules@UModSys@@@tl@5@@tl@UModSys@@QEAA@XZ 0000000180006e84 f i umodsys_lib_libui:umodsys.mod.ui.SDL_GL.obj
 0001:00005e84       ??1?$TRefObject@UIRenderDriver@lib2d@UModSys@@U?$TRefObjectFunc@UIRenderDriver@lib2d@UModSys@@@tl@3@@tl@UModSys@@QEAA@XZ 0000000180006e84 f i plugin_test1.obj
 0001:00005e84       ??1?$TRefObject@URMultiImage2D_SDL_ttf@SDL_GL@ui@modules@UModSys@@U?$TRefObjectFunc@URMultiImage2D_SDL_ttf@SDL_GL@ui@modules@UModSys@@@tl@5@@tl@UModSys@@QEAA@XZ 0000000180006e84 f i umodsys_lib_libui:umodsys.mod.ui.SDL_GL.obj
 0001:00005e84       ??1?$TRefObject@URImageFactory_Memory@stdlib@lib2d@modules@UModSys@@U?$TRefObjectFunc@URImageFactory_Memory@stdlib@lib2d@modules@UModSys@@@tl@5@@tl@UModSys@@QEAA@XZ 0000000180006e84 f i umodsys_lib_lib2d:umodsys.mod.2d.stdlib.obj
 0001:00005ea8       ?e@SGLFuncs@SDL_GL@ui@modules@UModSys@@QEBAXXZ 0000000180006ea8 f i umodsys_lib_libui:umodsys.mod.ui.SDL_GL.obj
 0001:00005f2c       ?set_composite_all@SGLFuncsLegacy@SDL_GL@ui@modules@UModSys@@QEBAXH@Z 0000000180006f2c f i umodsys_lib_libui:umodsys.mod.ui.SDL_GL.obj
 0001:00005fec       ?crebind@STextureGL@SDL_GL@ui@modules@UModSys@@QEAAX_N@Z 0000000180006fec f i umodsys_lib_libui:umodsys.mod.ui.SDL_GL.obj
 0001:00006068       ?root_get_interface_info@RKeyboardController@SDL_GL@ui@modules@UModSys@@UEBAAEBUSUniquePointerInfo@core@5@XZ 0000000180007068 f i umodsys_lib_libui:umodsys.mod.ui.SDL_GL.obj
 0001:00006070       ?root_get_interface_type@RKeyboardController@SDL_GL@ui@modules@UModSys@@UEBAPEBUSUniquePointerInfo@core@5@XZ 0000000180007070 f i umodsys_lib_libui:umodsys.mod.ui.SDL_GL.obj
 0001:00006078       ?root_get_other_interface@RKeyboardController@SDL_GL@ui@modules@UModSys@@UEBAPEBUIRoot@core@5@PEBUSUniquePointerInfo@75@@Z 0000000180007078 f i umodsys_lib_libui:umodsys.mod.ui.SDL_GL.obj
 0001:00006078       ?root_get_other_interface@RKeyboardController@SDL_GL@ui@modules@UModSys@@UEAAPEAUIRoot@core@5@PEBUSUniquePointerInfo@75@@Z 0000000180007078 f i umodsys_lib_libui:umodsys.mod.ui.SDL_GL.obj
 0001:000060a8       ?root_is_interface_supported@RKeyboardController@SDL_GL@ui@modules@UModSys@@UEBA_NPEBUSUniquePointerInfo@core@5@@Z 00000001800070a8 f i umodsys_lib_libui:umodsys.mod.ui.SDL_GL.obj
 0001:000060d8       ?ref_links@RMouseController@SDL_core@ui@modules@UModSys@@UEBAHXZ 00000001800070d8 f i umodsys_lib_libui:umodsys.mod.ui.SDL_core.obj
 0001:000060d8       ?ref_links@RRenderDriver3D@SDL_GL@ui@modules@UModSys@@UEBAHXZ 00000001800070d8 f i umodsys_lib_libui:umodsys.mod.ui.SDL_GL.obj
 0001:000060d8       ?ref_links@RRenderDriver2D@SDL_core@ui@modules@UModSys@@UEBAHXZ 00000001800070d8 f i umodsys_lib_libui:umodsys.mod.ui.SDL_core.obj
 0001:000060d8       ?ref_links@RMouseController@SDL_GL@ui@modules@UModSys@@UEBAHXZ 00000001800070d8 f i umodsys_lib_libui:umodsys.mod.ui.SDL_GL.obj
 0001:000060d8       ?ref_links@RKeyboardController@SDL_GL@ui@modules@UModSys@@UEBAHXZ 00000001800070d8 f i umodsys_lib_libui:umodsys.mod.ui.SDL_GL.obj
 0001:000060d8       ?ref_links@RKeyboardController@SDL_core@ui@modules@UModSys@@UEBAHXZ 00000001800070d8 f i umodsys_lib_libui:umodsys.mod.ui.SDL_core.obj
 0001:000060e4       ?ref_weak@RRenderDriver2D@SDL_core@ui@modules@UModSys@@UEBA_NAEAUWeakPointer@IRefObject@core@5@@Z 00000001800070e4 f i umodsys_lib_libui:umodsys.mod.ui.SDL_core.obj
 0001:000060e4       ?ref_weak@RKeyboardController@SDL_GL@ui@modules@UModSys@@UEBA_NAEAUWeakPointer@IRefObject@core@5@@Z 00000001800070e4 f i umodsys_lib_libui:umodsys.mod.ui.SDL_GL.obj
 0001:000060e4       ?ref_weak@RMouseController@SDL_core@ui@modules@UModSys@@UEBA_NAEAUWeakPointer@IRefObject@core@5@@Z 00000001800070e4 f i umodsys_lib_libui:umodsys.mod.ui.SDL_core.obj
 0001:000060e4       ?ref_weak@RMouseController@SDL_GL@ui@modules@UModSys@@UEBA_NAEAUWeakPointer@IRefObject@core@5@@Z 00000001800070e4 f i umodsys_lib_libui:umodsys.mod.ui.SDL_GL.obj
 0001:000060e4       ?ref_weak@RRenderDriver3D@SDL_GL@ui@modules@UModSys@@UEBA_NAEAUWeakPointer@IRefObject@core@5@@Z 00000001800070e4 f i umodsys_lib_libui:umodsys.mod.ui.SDL_GL.obj
 0001:000060e4       ?ref_weak@RKeyboardController@SDL_core@ui@modules@UModSys@@UEBA_NAEAUWeakPointer@IRefObject@core@5@@Z 00000001800070e4 f i umodsys_lib_libui:umodsys.mod.ui.SDL_core.obj
 0001:00006104       ?root_get_interface_info@RMouseController@SDL_GL@ui@modules@UModSys@@UEBAAEBUSUniquePointerInfo@core@5@XZ 0000000180007104 f i umodsys_lib_libui:umodsys.mod.ui.SDL_GL.obj
 0001:0000610c       ?root_get_interface_type@RMouseController@SDL_GL@ui@modules@UModSys@@UEBAPEBUSUniquePointerInfo@core@5@XZ 000000018000710c f i umodsys_lib_libui:umodsys.mod.ui.SDL_GL.obj
 0001:00006114       ?root_get_other_interface@RMouseController@SDL_GL@ui@modules@UModSys@@UEAAPEAUIRoot@core@5@PEBUSUniquePointerInfo@75@@Z 0000000180007114 f i umodsys_lib_libui:umodsys.mod.ui.SDL_GL.obj
 0001:00006114       ?root_get_other_interface@RMouseController@SDL_GL@ui@modules@UModSys@@UEBAPEBUIRoot@core@5@PEBUSUniquePointerInfo@75@@Z 0000000180007114 f i umodsys_lib_libui:umodsys.mod.ui.SDL_GL.obj
 0001:00006144       ?root_is_interface_supported@RMouseController@SDL_GL@ui@modules@UModSys@@UEBA_NPEBUSUniquePointerInfo@core@5@@Z 0000000180007144 f i umodsys_lib_libui:umodsys.mod.ui.SDL_GL.obj
 0001:00006174       ?root_get_interface_info@RTerminal@SDL_GL@ui@modules@UModSys@@UEBAAEBUSUniquePointerInfo@core@5@XZ 0000000180007174 f i umodsys_lib_libui:umodsys.mod.ui.SDL_GL.obj
 0001:0000617c       ?root_get_interface_type@RTerminal@SDL_GL@ui@modules@UModSys@@UEBAPEBUSUniquePointerInfo@core@5@XZ 000000018000717c f i umodsys_lib_libui:umodsys.mod.ui.SDL_GL.obj
 0001:00006184       ?root_get_other_interface@RTerminal@SDL_GL@ui@modules@UModSys@@UEBAPEBUIRoot@core@5@PEBUSUniquePointerInfo@75@@Z 0000000180007184 f i umodsys_lib_libui:umodsys.mod.ui.SDL_GL.obj
 0001:00006184       ?root_get_other_interface@RTerminal@SDL_GL@ui@modules@UModSys@@UEAAPEAUIRoot@core@5@PEBUSUniquePointerInfo@75@@Z 0000000180007184 f i umodsys_lib_libui:umodsys.mod.ui.SDL_GL.obj
 0001:000061b4       ?root_is_interface_supported@RTerminal@SDL_GL@ui@modules@UModSys@@UEBA_NPEBUSUniquePointerInfo@core@5@@Z 00000001800071b4 f i umodsys_lib_libui:umodsys.mod.ui.SDL_GL.obj
 0001:000061e4       ?ref_add@RGenerator@serialize_json@media@modules@UModSys@@UEBAXXZ 00000001800071e4 f i umodsys_lib_libmedia:umodsys.mod.media.serialize_json.obj
 0001:000061e4       ?ref_add@RGenerator@test1@test@modules@UModSys@@UEBAXXZ 00000001800071e4 f i plugin_test1.obj
 0001:000061e4       ?ref_add@RVertexArray@SDL_GL@ui@modules@UModSys@@UEBAXXZ 00000001800071e4 f i umodsys_lib_libui:umodsys.mod.ui.SDL_GL.obj
 0001:000061e4       ?ref_add@RBinArchiveFrameClient_ZIP@zlib@media@modules@UModSys@@UEBAXXZ 00000001800071e4 f i umodsys_lib_libmedia:umodsys.mod.media.zlib.obj
 0001:000061e4       ?ref_add@RImage_Memory@stdlib@lib2d@modules@UModSys@@UEBAXXZ 00000001800071e4 f i umodsys_lib_lib2d:umodsys.mod.2d.stdlib.obj
 0001:000061e4       ?ref_add@RGenerator@SDL_GL@ui@modules@UModSys@@UEBAXXZ 00000001800071e4 f i umodsys_lib_libui:umodsys.mod.ui.SDL_GL.obj
 0001:000061e4       ?ref_add@RTerminal@SDL_GL@ui@modules@UModSys@@UEBAXXZ 00000001800071e4 f i umodsys_lib_libui:umodsys.mod.ui.SDL_GL.obj
 0001:000061e4       ?ref_add@RSerializeReader@serialize_json@media@modules@UModSys@@UEBAXXZ 00000001800071e4 f i umodsys_lib_libmedia:umodsys.mod.media.serialize_json.obj
 0001:000061e4       ?ref_add@RGenerator@images_std@media@modules@UModSys@@UEBAXXZ 00000001800071e4 f i umodsys_lib_libmedia:umodsys.mod.media.images_std.obj
 0001:000061e4       ?ref_add@RMultiImage2D_SDL_ttf@SDL_core@ui@modules@UModSys@@UEBAXXZ 00000001800071e4 f i umodsys_lib_libui:umodsys.mod.ui.SDL_core.obj
 0001:000061e4       ?ref_add@RGenerator@zlib@media@modules@UModSys@@UEBAXXZ 00000001800071e4 f i umodsys_lib_libmedia:umodsys.mod.media.zlib.obj
 0001:000061e4       ?ref_add@RMultiImage2D_SDL_ttf@SDL_GL@ui@modules@UModSys@@UEBAXXZ 00000001800071e4 f i umodsys_lib_libui:umodsys.mod.ui.SDL_GL.obj
 0001:000061e4       ?ref_add@RDialog@frames@ui@modules@UModSys@@UEBAXXZ 00000001800071e4 f i umodsys_lib_libui:umodsys.mod.ui.frames.obj
 0001:000061e4       ?ref_add@RMultiImage@stdlib@lib2d@modules@UModSys@@UEBAXXZ 00000001800071e4 f i umodsys_lib_lib2d:umodsys.mod.2d.stdlib.obj
 0001:000061e4       ?ref_add@RImageFactory_Memory@stdlib@lib2d@modules@UModSys@@UEBAXXZ 00000001800071e4 f i umodsys_lib_lib2d:umodsys.mod.2d.stdlib.obj
 0001:000061e4       ?ref_add@RGenerator@stdlib@lib2d@modules@UModSys@@UEBAXXZ 00000001800071e4 f i umodsys_lib_lib2d:umodsys.mod.2d.stdlib.obj
 0001:000061e4       ?ref_add@RTerminal@SDL_core@ui@modules@UModSys@@UEBAXXZ 00000001800071e4 f i umodsys_lib_libui:umodsys.mod.ui.SDL_core.obj
 0001:000061e4       ?ref_add@RGenerator@SDL_core@ui@modules@UModSys@@UEBAXXZ 00000001800071e4 f i umodsys_lib_libui:umodsys.mod.ui.SDL_core.obj
 0001:000061e4       ?ref_add@RGenerator@frames@ui@modules@UModSys@@UEBAXXZ 00000001800071e4 f i umodsys_lib_libui:umodsys.mod.ui.frames.obj
 0001:000061e8       ?root_get_interface_info@RMultiImage2D_SDL_ttf@SDL_GL@ui@modules@UModSys@@UEBAAEBUSUniquePointerInfo@core@5@XZ 00000001800071e8 f i umodsys_lib_libui:umodsys.mod.ui.SDL_GL.obj
 0001:000061f0       ?root_get_interface_type@RMultiImage2D_SDL_ttf@SDL_GL@ui@modules@UModSys@@UEBAPEBUSUniquePointerInfo@core@5@XZ 00000001800071f0 f i umodsys_lib_libui:umodsys.mod.ui.SDL_GL.obj
 0001:000061f8       ?root_get_other_interface@RMultiImage2D_SDL_ttf@SDL_GL@ui@modules@UModSys@@UEBAPEBUIRoot@core@5@PEBUSUniquePointerInfo@75@@Z 00000001800071f8 f i umodsys_lib_libui:umodsys.mod.ui.SDL_GL.obj
 0001:000061f8       ?root_get_other_interface@RMultiImage2D_SDL_ttf@SDL_GL@ui@modules@UModSys@@UEAAPEAUIRoot@core@5@PEBUSUniquePointerInfo@75@@Z 00000001800071f8 f i umodsys_lib_libui:umodsys.mod.ui.SDL_GL.obj
 0001:00006228       ?root_is_interface_supported@RMultiImage2D_SDL_ttf@SDL_GL@ui@modules@UModSys@@UEBA_NPEBUSUniquePointerInfo@core@5@@Z 0000000180007228 f i umodsys_lib_libui:umodsys.mod.ui.SDL_GL.obj
 0001:00006258       ??1Glyph@RMultiImage2D_SDL_ttf@SDL_GL@ui@modules@UModSys@@QEAA@XZ 0000000180007258 f i umodsys_lib_libui:umodsys.mod.ui.SDL_GL.obj
 0001:000062a8       ?get_fixed_cell_size@RMultiImage2D_SDL_ttf@SDL_GL@ui@modules@UModSys@@UEBA?AU?$TVector2@H@math3d@5@XZ 00000001800072a8 f i umodsys_lib_libui:umodsys.mod.ui.SDL_GL.obj
 0001:000062a8       ?get_max_layer_size@RMultiImage2D_SDL_ttf@SDL_core@ui@modules@UModSys@@UEBA?AU?$TVector2@H@math3d@5@XZ 00000001800072a8 f i umodsys_lib_libui:umodsys.mod.ui.SDL_core.obj
 0001:000062a8       ?get_fixed_cell_size@RMultiImage2D_SDL_ttf@SDL_core@ui@modules@UModSys@@UEBA?AU?$TVector2@H@math3d@5@XZ 00000001800072a8 f i umodsys_lib_libui:umodsys.mod.ui.SDL_core.obj
 0001:000062a8       ?get_max_layer_size@RMultiImage2D_SDL_ttf@SDL_GL@ui@modules@UModSys@@UEBA?AU?$TVector2@H@math3d@5@XZ 00000001800072a8 f i umodsys_lib_libui:umodsys.mod.ui.SDL_GL.obj
 0001:000062a8       ?image_get_maxsize@RImageFactory_Memory@stdlib@lib2d@modules@UModSys@@UEBA?AU?$TVector2@H@math3d@5@XZ 00000001800072a8 f i umodsys_lib_lib2d:umodsys.mod.2d.stdlib.obj
 0001:000062a8       ?get_max_cell_size@RMultiImage2D_SDL_ttf@SDL_core@ui@modules@UModSys@@UEBA?AU?$TVector2@H@math3d@5@XZ 00000001800072a8 f i umodsys_lib_libui:umodsys.mod.ui.SDL_core.obj
 0001:000062a8       ?get_max_cell_size@RMultiImage2D_SDL_ttf@SDL_GL@ui@modules@UModSys@@UEBA?AU?$TVector2@H@math3d@5@XZ 00000001800072a8 f i umodsys_lib_libui:umodsys.mod.ui.SDL_GL.obj
 0001:000062b4       ?root_get_interface_info@RRenderDriver3D@SDL_GL@ui@modules@UModSys@@UEBAAEBUSUniquePointerInfo@core@5@XZ 00000001800072b4 f i umodsys_lib_libui:umodsys.mod.ui.SDL_GL.obj
 0001:000062bc       ?root_get_interface_type@RRenderDriver3D@SDL_GL@ui@modules@UModSys@@UEBAPEBUSUniquePointerInfo@core@5@XZ 00000001800072bc f i umodsys_lib_libui:umodsys.mod.ui.SDL_GL.obj
 0001:000062c4       ?root_get_other_interface@RRenderDriver3D@SDL_GL@ui@modules@UModSys@@UEBAPEBUIRoot@core@5@PEBUSUniquePointerInfo@75@@Z 00000001800072c4 f i umodsys_lib_libui:umodsys.mod.ui.SDL_GL.obj
 0001:000062c4       ?root_get_other_interface@RRenderDriver3D@SDL_GL@ui@modules@UModSys@@UEAAPEAUIRoot@core@5@PEBUSUniquePointerInfo@75@@Z 00000001800072c4 f i umodsys_lib_libui:umodsys.mod.ui.SDL_GL.obj
 0001:000062fc       ?root_is_interface_supported@RRenderDriver3D@SDL_GL@ui@modules@UModSys@@UEBA_NPEBUSUniquePointerInfo@core@5@@Z 00000001800072fc f i umodsys_lib_libui:umodsys.mod.ui.SDL_GL.obj
 0001:00006334       ?ref_remove@RKeyboardController@SDL_GL@ui@modules@UModSys@@UEBAXXZ 0000000180007334 f i umodsys_lib_libui:umodsys.mod.ui.SDL_GL.obj
 0001:00006334       ?ref_remove@RRenderDriver3D@SDL_GL@ui@modules@UModSys@@UEBAXXZ 0000000180007334 f i umodsys_lib_libui:umodsys.mod.ui.SDL_GL.obj
 0001:00006334       ?ref_remove@RKeyboardController@SDL_core@ui@modules@UModSys@@UEBAXXZ 0000000180007334 f i umodsys_lib_libui:umodsys.mod.ui.SDL_core.obj
 0001:00006334       ?ref_remove@RMouseController@SDL_GL@ui@modules@UModSys@@UEBAXXZ 0000000180007334 f i umodsys_lib_libui:umodsys.mod.ui.SDL_GL.obj
 0001:00006334       ?ref_remove@RMouseController@SDL_core@ui@modules@UModSys@@UEBAXXZ 0000000180007334 f i umodsys_lib_libui:umodsys.mod.ui.SDL_core.obj
 0001:00006334       ?ref_remove@RRenderDriver2D@SDL_core@ui@modules@UModSys@@UEBAXXZ 0000000180007334 f i umodsys_lib_libui:umodsys.mod.ui.SDL_core.obj
 0001:00006340       ?NextPhmV@RRenderDriver3D@SDL_GL@ui@modules@UModSys@@QEAA_NW4ePhaseMode@2345@@Z 0000000180007340 f i umodsys_lib_libui:umodsys.mod.ui.SDL_GL.obj
 0001:000063cc       ?root_get_interface_info@RTerminalX@SDL_GL@ui@modules@UModSys@@UEBAAEBUSUniquePointerInfo@core@5@XZ 00000001800073cc f i umodsys_lib_libui:umodsys.mod.ui.SDL_GL.obj
 0001:000063d4       ?root_get_interface_type@RTerminalX@SDL_GL@ui@modules@UModSys@@UEBAPEBUSUniquePointerInfo@core@5@XZ 00000001800073d4 f i umodsys_lib_libui:umodsys.mod.ui.SDL_GL.obj
 0001:000063dc       ?root_get_other_interface@RTerminalX@SDL_GL@ui@modules@UModSys@@UEAAPEAUIRoot@core@5@PEBUSUniquePointerInfo@75@@Z 00000001800073dc f i umodsys_lib_libui:umodsys.mod.ui.SDL_GL.obj
 0001:000063dc       ?root_get_other_interface@RTerminalX@SDL_GL@ui@modules@UModSys@@UEBAPEBUIRoot@core@5@PEBUSUniquePointerInfo@75@@Z 00000001800073dc f i umodsys_lib_libui:umodsys.mod.ui.SDL_GL.obj
 0001:0000640c       ?root_is_interface_supported@RTerminalX@SDL_GL@ui@modules@UModSys@@UEBA_NPEBUSUniquePointerInfo@core@5@@Z 000000018000740c f i umodsys_lib_libui:umodsys.mod.ui.SDL_GL.obj
 0001:00006444       ?root_get_interface_info@RVertexArray@SDL_GL@ui@modules@UModSys@@UEBAAEBUSUniquePointerInfo@core@5@XZ 0000000180007444 f i umodsys_lib_libui:umodsys.mod.ui.SDL_GL.obj
 0001:0000644c       ?root_get_interface_type@RVertexArray@SDL_GL@ui@modules@UModSys@@UEBAPEBUSUniquePointerInfo@core@5@XZ 000000018000744c f i umodsys_lib_libui:umodsys.mod.ui.SDL_GL.obj
 0001:00006454       ?root_get_other_interface@RVertexArray@SDL_GL@ui@modules@UModSys@@UEBAPEBUIRoot@core@5@PEBUSUniquePointerInfo@75@@Z 0000000180007454 f i umodsys_lib_libui:umodsys.mod.ui.SDL_GL.obj
 0001:00006454       ?root_get_other_interface@RVertexArray@SDL_GL@ui@modules@UModSys@@UEAAPEAUIRoot@core@5@PEBUSUniquePointerInfo@75@@Z 0000000180007454 f i umodsys_lib_libui:umodsys.mod.ui.SDL_GL.obj
 0001:00006484       ?root_is_interface_supported@RVertexArray@SDL_GL@ui@modules@UModSys@@UEBA_NPEBUSUniquePointerInfo@core@5@@Z 0000000180007484 f i umodsys_lib_libui:umodsys.mod.ui.SDL_GL.obj
 0001:000064b4       ?suicide@RVertexArray@SDL_GL@ui@modules@UModSys@@UEAAXXZ 00000001800074b4 f i umodsys_lib_libui:umodsys.mod.ui.SDL_GL.obj
 0001:000064b4       ?suicide@RDialog@frames@ui@modules@UModSys@@UEAAXXZ 00000001800074b4 f i umodsys_lib_libui:umodsys.mod.ui.frames.obj
 0001:000064b4       ?suicide@RMultiImage2D_SDL_ttf@SDL_core@ui@modules@UModSys@@UEAAXXZ 00000001800074b4 f i umodsys_lib_libui:umodsys.mod.ui.SDL_core.obj
 0001:000064b4       ?suicide@RMultiImage2D_SDL_ttf@SDL_GL@ui@modules@UModSys@@UEAAXXZ 00000001800074b4 f i umodsys_lib_libui:umodsys.mod.ui.SDL_GL.obj
 0001:000064f8       ?get_generated_names@RGenerator@SDL_GL@ui@modules@UModSys@@UEBAHAEAUSUniquePtrList@core@5@@Z 00000001800074f8 f i umodsys_lib_libui:umodsys.mod.ui.SDL_GL.obj
 0001:00006518       ?get_generated_types@RGenerator@SDL_GL@ui@modules@UModSys@@UEBAHAEAUSUniquePtrList@core@5@PEBUSUniquePointerInfo@75@@Z 0000000180007518 f i umodsys_lib_libui:umodsys.mod.ui.SDL_GL.obj
 0001:00006580       ?generate@RGenerator@SDL_GL@ui@modules@UModSys@@UEAA_NAEAU?$TRefObject@UIRefObject@core@UModSys@@U?$TRefObjectFunc@UIRefObject@core@UModSys@@@tl@3@@tl@5@PEBUSUniquePointerInfo@core@5@AEBUSParameters@95@@Z 0000000180007580 f i umodsys_lib_libui:umodsys.mod.ui.SDL_GL.obj
 0001:00006660       ?root_get_interface_info@RGenerator@SDL_GL@ui@modules@UModSys@@UEBAAEBUSUniquePointerInfo@core@5@XZ 0000000180007660 f i umodsys_lib_libui:umodsys.mod.ui.SDL_GL.obj
 0001:00006668       ?root_get_interface_type@RGenerator@SDL_GL@ui@modules@UModSys@@UEBAPEBUSUniquePointerInfo@core@5@XZ 0000000180007668 f i umodsys_lib_libui:umodsys.mod.ui.SDL_GL.obj
 0001:00006670       ?root_get_other_interface@RGenerator@SDL_GL@ui@modules@UModSys@@UEBAPEBUIRoot@core@5@PEBUSUniquePointerInfo@75@@Z 0000000180007670 f i umodsys_lib_libui:umodsys.mod.ui.SDL_GL.obj
 0001:00006670       ?root_get_other_interface@RGenerator@SDL_GL@ui@modules@UModSys@@UEAAPEAUIRoot@core@5@PEBUSUniquePointerInfo@75@@Z 0000000180007670 f i umodsys_lib_libui:umodsys.mod.ui.SDL_GL.obj
 0001:000066a8       ?root_is_interface_supported@RGenerator@SDL_GL@ui@modules@UModSys@@UEBA_NPEBUSUniquePointerInfo@core@5@@Z 00000001800076a8 f i umodsys_lib_libui:umodsys.mod.ui.SDL_GL.obj
 0001:000066e0       ?get_uid@RGenerator@SDL_GL@ui@modules@UModSys@@UEBAPEBUSUniquePointerInfo@core@5@XZ 00000001800076e0 f i umodsys_lib_libui:umodsys.mod.ui.SDL_GL.obj
 0001:000066e8       ??_GRKeyboardController@SDL_GL@ui@modules@UModSys@@UEAAPEAXI@Z 00000001800076e8 f i umodsys_lib_libui:umodsys.mod.ui.SDL_GL.obj
 0001:000066e8       ??_ERKeyboardController@SDL_GL@ui@modules@UModSys@@UEAAPEAXI@Z 00000001800076e8 f i  CIL library: CIL module
 0001:00006718       ??1RKeyboardController@SDL_GL@ui@modules@UModSys@@UEAA@XZ 0000000180007718 f   umodsys_lib_libui:umodsys.mod.ui.SDL_GL.obj
 0001:00006760       ?process@RKeyboardController@SDL_GL@ui@modules@UModSys@@QEAA_NAEAUSDL_KeyboardEvent@@@Z 0000000180007760 f   umodsys_lib_libui:umodsys.mod.ui.SDL_GL.obj
 0001:00006760       ?process@RKeyboardController@SDL_core@ui@modules@UModSys@@QEAA_NAEAUSDL_KeyboardEvent@@@Z 0000000180007760 f   umodsys_lib_libui:umodsys.mod.ui.SDL_core.obj
 0001:000068d8       ?process@RKeyboardController@SDL_GL@ui@modules@UModSys@@QEAA_NAEAUSDL_TextInputEvent@@@Z 00000001800078d8 f   umodsys_lib_libui:umodsys.mod.ui.SDL_GL.obj
 0001:000068d8       ?process@RKeyboardController@SDL_core@ui@modules@UModSys@@QEAA_NAEAUSDL_TextInputEvent@@@Z 00000001800078d8 f   umodsys_lib_libui:umodsys.mod.ui.SDL_core.obj
 0001:000069ac       ?map_keycode@RKeyboardController@SDL_core@ui@modules@UModSys@@QEAA?AW4eKeyCode@libui@5@H@Z 00000001800079ac f   umodsys_lib_libui:umodsys.mod.ui.SDL_core.obj
 0001:000069ac       ?map_keycode@RKeyboardController@SDL_GL@ui@modules@UModSys@@QEAA?AW4eKeyCode@libui@5@H@Z 00000001800079ac f   umodsys_lib_libui:umodsys.mod.ui.SDL_GL.obj
 0001:00006ed4       ??_ERMouseController@SDL_GL@ui@modules@UModSys@@UEAAPEAXI@Z 0000000180007ed4 f i  CIL library: CIL module
 0001:00006ed4       ??_GRMouseController@SDL_GL@ui@modules@UModSys@@UEAAPEAXI@Z 0000000180007ed4 f i umodsys_lib_libui:umodsys.mod.ui.SDL_GL.obj
 0001:00006f04       ??1ISerializeWriter@libmedia@UModSys@@UEAA@XZ 0000000180007f04 f i umodsys_lib_libmedia:umodsys.mod.media.serialize_json.obj
 0001:00006f04       ??1IRenderDriver@lib3d@UModSys@@UEAA@XZ 0000000180007f04 f i umodsys_lib_libui:umodsys.mod.ui.SDL_GL.obj
 0001:00006f04       ??1IImage@lib2d@UModSys@@UEAA@XZ 0000000180007f04 f i umodsys_lib_lib2d:umodsys.mod.2d.stdlib.obj
 0001:00006f04       ??1IShell@base@UModSys@@UEAA@XZ 0000000180007f04 f i plugin_test1.obj
 0001:00006f04       ??1IRenderDriver@lib2d@UModSys@@UEAA@XZ 0000000180007f04 f i umodsys_lib_libui:umodsys.mod.ui.SDL_GL.obj
 0001:00006f04       ??1IKeyboardController@libui@UModSys@@UEAA@XZ 0000000180007f04 f i umodsys_lib_libui:umodsys.mod.ui.SDL_GL.obj
 0001:00006f04       ??1ISerializeReader@libmedia@UModSys@@UEAA@XZ 0000000180007f04 f i umodsys_lib_libmedia:umodsys.mod.media.serialize_json.obj
 0001:00006f04       ??1ITerminal@libui@UModSys@@UEAA@XZ 0000000180007f04 f i umodsys_lib_libui:umodsys.mod.ui.SDL_GL.obj
 0001:00006f04       ??1ICollector@libui@UModSys@@UEAA@XZ 0000000180007f04 f i umodsys_lib_libui:umodsys.mod.ui.frames.obj
 0001:00006f04       ??1IClient@IBinArchiveFrame@libmedia@UModSys@@UEAA@XZ 0000000180007f04 f i umodsys_lib_libmedia:umodsys.mod.media.zlib.obj
 0001:00006f04       ??1IImageFactory@lib2d@UModSys@@UEAA@XZ 0000000180007f04 f i umodsys_lib_lib2d:umodsys.mod.2d.stdlib.obj
 0001:00006f04       ??1IVertexArray@lib3d@UModSys@@UEAA@XZ 0000000180007f04 f i umodsys_lib_libui:umodsys.mod.ui.SDL_GL.obj
 0001:00006f04       ??1IMouseController@libui@UModSys@@UEAA@XZ 0000000180007f04 f i umodsys_lib_libui:umodsys.mod.ui.SDL_GL.obj
 0001:00006f04       ??1IFrame@libui@UModSys@@UEAA@XZ 0000000180007f04 f i umodsys_lib_libui:umodsys.mod.ui.frames.obj
 0001:00006f04       ??1IRefObject@core@UModSys@@UEAA@XZ 0000000180007f04 f i umodsys_lib_core:umodsys.core.objects.obj
 0001:00006f04       ??1IDialog@libui@UModSys@@UEAA@XZ 0000000180007f04 f i umodsys_lib_libui:umodsys.mod.ui.frames.obj
 0001:00006f04       ??1IMultiImage@lib2d@UModSys@@UEAA@XZ 0000000180007f04 f i umodsys_lib_lib2d:umodsys.mod.2d.stdlib.obj
 0001:00006f10       ??1RMouseController@SDL_GL@ui@modules@UModSys@@UEAA@XZ 0000000180007f10 f   umodsys_lib_libui:umodsys.mod.ui.SDL_GL.obj
 0001:00006f58       ?process@RMouseController@SDL_core@ui@modules@UModSys@@QEAA_NAEAUSDL_MouseWheelEvent@@@Z 0000000180007f58 f   umodsys_lib_libui:umodsys.mod.ui.SDL_core.obj
 0001:00006f58       ?process@RMouseController@SDL_GL@ui@modules@UModSys@@QEAA_NAEAUSDL_MouseWheelEvent@@@Z 0000000180007f58 f   umodsys_lib_libui:umodsys.mod.ui.SDL_GL.obj
 0001:00007048       ?key_unlink@RKeyboardController@SDL_GL@ui@modules@UModSys@@UEAA_NH@Z 0000000180008048 f   umodsys_lib_libui:umodsys.mod.ui.SDL_GL.obj
 0001:00007048       ?mouse_unlink@RMouseController@SDL_GL@ui@modules@UModSys@@UEAA_NH@Z 0000000180008048 f   umodsys_lib_libui:umodsys.mod.ui.SDL_GL.obj
 0001:00007048       ?mouse_unlink@RMouseController@SDL_core@ui@modules@UModSys@@UEAA_NH@Z 0000000180008048 f   umodsys_lib_libui:umodsys.mod.ui.SDL_core.obj
 0001:00007048       ?key_unlink@RKeyboardController@SDL_core@ui@modules@UModSys@@UEAA_NH@Z 0000000180008048 f   umodsys_lib_libui:umodsys.mod.ui.SDL_core.obj
 0001:000070a0       ?mouse_link@RMouseController@SDL_GL@ui@modules@UModSys@@UEAA_NHPEAUIRefObject@core@5@PEAUIMouseClient@libui@5@H@Z 00000001800080a0 f   umodsys_lib_libui:umodsys.mod.ui.SDL_GL.obj
 0001:000070a0       ?mouse_link@RMouseController@SDL_core@ui@modules@UModSys@@UEAA_NHPEAUIRefObject@core@5@PEAUIMouseClient@libui@5@H@Z 00000001800080a0 f   umodsys_lib_libui:umodsys.mod.ui.SDL_core.obj
 0001:00007110       ??_ERTerminal@SDL_GL@ui@modules@UModSys@@UEAAPEAXI@Z 0000000180008110 f i  CIL library: CIL module
 0001:00007110       ??_GRTerminal@SDL_GL@ui@modules@UModSys@@UEAAPEAXI@Z 0000000180008110 f i umodsys_lib_libui:umodsys.mod.ui.SDL_GL.obj
 0001:00007140       ??1RTerminal@SDL_GL@ui@modules@UModSys@@UEAA@XZ 0000000180008140 f   umodsys_lib_libui:umodsys.mod.ui.SDL_GL.obj
 0001:00007190       ?set_terminal_state@RTerminal@SDL_GL@ui@modules@UModSys@@UEAA_NW4eTerminalState@libui@5@_N@Z 0000000180008190 f   umodsys_lib_libui:umodsys.mod.ui.SDL_GL.obj
 0001:00007190       ?set_terminal_state@RTerminal@SDL_core@ui@modules@UModSys@@UEAA_NW4eTerminalState@libui@5@_N@Z 0000000180008190 f   umodsys_lib_libui:umodsys.mod.ui.SDL_core.obj
 0001:00007204       ?wait@RTerminal@SDL_GL@ui@modules@UModSys@@UEAA_NM@Z 0000000180008204 f   umodsys_lib_libui:umodsys.mod.ui.SDL_GL.obj
 0001:00007204       ?wait@RTerminal@SDL_core@ui@modules@UModSys@@UEAA_NM@Z 0000000180008204 f   umodsys_lib_libui:umodsys.mod.ui.SDL_core.obj
 0001:00007224       ??0RMultiImage2D_SDL_ttf@SDL_GL@ui@modules@UModSys@@QEAA@PEAURRenderDriver3D@1234@AEBUSParameters@core@4@@Z 0000000180008224 f   umodsys_lib_libui:umodsys.mod.ui.SDL_GL.obj
 0001:00007368       ??_GRMultiImage2D_SDL_ttf@SDL_GL@ui@modules@UModSys@@UEAAPEAXI@Z 0000000180008368 f i umodsys_lib_libui:umodsys.mod.ui.SDL_GL.obj
 0001:00007368       ??_ERMultiImage2D_SDL_ttf@SDL_GL@ui@modules@UModSys@@UEAAPEAXI@Z 0000000180008368 f i  CIL library: CIL module
 0001:000073e0       ?generate_glyphs@RMultiImage2D_SDL_ttf@SDL_GL@ui@modules@UModSys@@QEAA_NXZ 00000001800083e0 f   umodsys_lib_libui:umodsys.mod.ui.SDL_GL.obj
 0001:000075a0       ?set_flags@SGLFuncs@SDL_GL@ui@modules@UModSys@@QEBAXPEBUTextureInfo@12345@AEBUSRenderMapFlags@lib3d@5@@Z 00000001800085a0 f i umodsys_lib_libui:umodsys.mod.ui.SDL_GL.obj
 0001:00007694       ??1STextureGL@SDL_GL@ui@modules@UModSys@@QEAA@XZ 0000000180008694 f   umodsys_lib_libui:umodsys.mod.ui.SDL_GL.obj
 0001:0000771c       ?gen@STextureGL@SDL_GL@ui@modules@UModSys@@QEAA_NXZ 000000018000871c f   umodsys_lib_libui:umodsys.mod.ui.SDL_GL.obj
 0001:00007778       ?set_size@STextureGL@SDL_GL@ui@modules@UModSys@@QEAAXHH@Z 0000000180008778 f   umodsys_lib_libui:umodsys.mod.ui.SDL_GL.obj
 0001:0000784c       ?reupload@STextureGL@SDL_GL@ui@modules@UModSys@@QEAA_NXZ 000000018000884c f   umodsys_lib_libui:umodsys.mod.ui.SDL_GL.obj
 0001:00007908       ?upload@STextureGL@SDL_GL@ui@modules@UModSys@@QEAA_NXZ 0000000180008908 f   umodsys_lib_libui:umodsys.mod.ui.SDL_GL.obj
 0001:00007a7c       ?set_reallocate@STextureGL@SDL_GL@ui@modules@UModSys@@QEAA_NW4eImageType@lib2d@5@HHPEBD@Z 0000000180008a7c f   umodsys_lib_libui:umodsys.mod.ui.SDL_GL.obj
 0001:00007b78       ?new_texture@RMultiImage2D_SDL_ttf@SDL_GL@ui@modules@UModSys@@SA_NAEAUSTextureGL@2345@PEAUSDL_Surface@@PEAURRenderDriver3D@2345@@Z 0000000180008b78 f   umodsys_lib_libui:umodsys.mod.ui.SDL_GL.obj
 0001:00007c38       ??0RRenderDriver3D@SDL_GL@ui@modules@UModSys@@QEAA@PEAURTerminalX@1234@@Z 0000000180008c38 f   umodsys_lib_libui:umodsys.mod.ui.SDL_GL.obj
 0001:00007e2c       ??_ERRenderDriver3D@SDL_GL@ui@modules@UModSys@@UEAAPEAXI@Z 0000000180008e2c f i  CIL library: CIL module
 0001:00007e2c       ??_GRRenderDriver3D@SDL_GL@ui@modules@UModSys@@UEAAPEAXI@Z 0000000180008e2c f i umodsys_lib_libui:umodsys.mod.ui.SDL_GL.obj
 0001:00007e5c       ??1RRenderDriver3D@SDL_GL@ui@modules@UModSys@@UEAA@XZ 0000000180008e5c f   umodsys_lib_libui:umodsys.mod.ui.SDL_GL.obj
 0001:00007f14       ?Close@RRenderDriver3D@SDL_GL@ui@modules@UModSys@@QEAAXXZ 0000000180008f14 f   umodsys_lib_libui:umodsys.mod.ui.SDL_GL.obj
 0001:00007f50       ?Open@RRenderDriver3D@SDL_GL@ui@modules@UModSys@@QEAA_NAEBUSParameters@core@5@@Z 0000000180008f50 f   umodsys_lib_libui:umodsys.mod.ui.SDL_GL.obj
 0001:0000818c       ?new_font@RRenderDriver3D@SDL_GL@ui@modules@UModSys@@UEAA?AU?$TRefObject@UIMultiImage@lib2d@UModSys@@U?$TRefObjectFunc@UIMultiImage@lib2d@UModSys@@@tl@3@@tl@5@AEBUSParameters@core@5@AEBU?$TString@U?$TSCoreConst@D@su@tl@UModSys@@U?$TComparerBinaryHash@D@234@@75@@Z 000000018000918c f   umodsys_lib_libui:umodsys.mod.ui.SDL_GL.obj
 0001:00008314       ?register_tex@RRenderDriver3D@SDL_GL@ui@modules@UModSys@@UEAA?AU?$TRefObject@UITexture@lib3d@UModSys@@U?$TRefObjectFunc@UITexture@lib3d@UModSys@@@tl@3@@tl@5@PEAUILibrary@libmedia@5@AEBU?$TString@U?$TSCoreConst@D@su@tl@UModSys@@U?$TComparerBinaryHash@D@234@@75@AEBUSRenderMapFlags@lib3d@5@@Z 0000000180009314 f   umodsys_lib_libui:umodsys.mod.ui.SDL_GL.obj
 0001:00008314       ?register_tex@RRenderDriver3D@SDL_GL@ui@modules@UModSys@@UEAA?AU?$TRefObject@UITexture@lib3d@UModSys@@U?$TRefObjectFunc@UITexture@lib3d@UModSys@@@tl@3@@tl@5@AEBU?$TVector2@H@math3d@5@AEBUSRenderMapFlags@lib3d@5@W4eImageType@lib2d@5@@Z 0000000180009314 f   umodsys_lib_libui:umodsys.mod.ui.SDL_GL.obj
 0001:00008314       ?data_writer@RBinArchiveFrameClient_ZIP@zlib@media@modules@UModSys@@UEAA?AU?$TRefObject@UIStreamWriter@libmedia@UModSys@@U?$TRefObjectFunc@UIStreamWriter@libmedia@UModSys@@@tl@3@@tl@5@PEAUIBinArchiveFrame@libmedia@5@AEBU?$TString@U?$TSCoreConst@D@su@tl@UModSys@@U?$TComparerBinaryHash@D@234@@75@AEBUSFlags@95@@Z 0000000180009314 f   umodsys_lib_libmedia:umodsys.mod.media.zlib.obj
 0001:00008314       ?new_picture@RRenderDriver3D@SDL_GL@ui@modules@UModSys@@UEAA?AU?$TRefObject@UIImage@lib2d@UModSys@@U?$TRefObjectFunc@UIImage@lib2d@UModSys@@@tl@3@@tl@5@AEBUSParameters@core@5@AEBU?$TString@U?$TSCoreConst@D@su@tl@UModSys@@U?$TComparerBinaryHash@D@234@@75@@Z 0000000180009314 f   umodsys_lib_libui:umodsys.mod.ui.SDL_GL.obj
 0001:00008314       ?register_texcells@RRenderDriver3D@SDL_GL@ui@modules@UModSys@@UEAA?AU?$TRefObject@UITextureCells@lib3d@UModSys@@U?$TRefObjectFunc@UITextureCells@lib3d@UModSys@@@tl@3@@tl@5@PEAUILibrary@libmedia@5@AEBU?$TString@U?$TSCoreConst@D@su@tl@UModSys@@U?$TComparerBinaryHash@D@234@@75@AEBUSRenderMapFlags@lib3d@5@@Z 0000000180009314 f   umodsys_lib_libui:umodsys.mod.ui.SDL_GL.obj
 0001:00008314       ?new_picture@RRenderDriver2D@SDL_core@ui@modules@UModSys@@UEAA?AU?$TRefObject@UIImage@lib2d@UModSys@@U?$TRefObjectFunc@UIImage@lib2d@UModSys@@@tl@3@@tl@5@AEBUSParameters@core@5@AEBU?$TString@U?$TSCoreConst@D@su@tl@UModSys@@U?$TComparerBinaryHash@D@234@@75@@Z 0000000180009314 f   umodsys_lib_libui:umodsys.mod.ui.SDL_core.obj
 0001:00008324       ?get_max_values@RRenderDriver3D@SDL_GL@ui@modules@UModSys@@UEBAPEBUSParameters@core@5@XZ 0000000180009324 f   umodsys_lib_libui:umodsys.mod.ui.SDL_GL.obj
 0001:0000832c       ?get_frame_values@RRenderDriver3D@SDL_GL@ui@modules@UModSys@@UEBAPEBUSParameters@core@5@XZ 000000018000932c f   umodsys_lib_libui:umodsys.mod.ui.SDL_GL.obj
 0001:00008334       ?set_layer_count@RMultiImage2D_SDL_ttf@SDL_core@ui@modules@UModSys@@UEAA_NG@Z 0000000180009334 f   umodsys_lib_libui:umodsys.mod.ui.SDL_core.obj
 0001:00008334       ?setup_material@RRenderDriver3D@SDL_GL@ui@modules@UModSys@@UEAA_NPEBUSMaterial@lib3d@5@@Z 0000000180009334 f   umodsys_lib_libui:umodsys.mod.ui.SDL_GL.obj
 0001:00008334       ?key_setmodifier@RKeyboardController@SDL_core@ui@modules@UModSys@@UEAA_NHHH@Z 0000000180009334 f   umodsys_lib_libui:umodsys.mod.ui.SDL_core.obj
 0001:00008334       ?setup_state@RRenderDriver3D@SDL_GL@ui@modules@UModSys@@UEAA_NAEBUSRenderState@lib3d@5@@Z 0000000180009334 f   umodsys_lib_libui:umodsys.mod.ui.SDL_GL.obj
 0001:00008334       ?setup_clearlights@RRenderDriver3D@SDL_GL@ui@modules@UModSys@@UEAA_NW4eLightType@lib3d@5@_N1@Z 0000000180009334 f   umodsys_lib_libui:umodsys.mod.ui.SDL_GL.obj
 0001:00008334       ?setup_array@RRenderDriver3D@SDL_GL@ui@modules@UModSys@@UEAA_NPEAUIVertexArray@lib3d@5@W4eVertexClass@75@H@Z 0000000180009334 f   umodsys_lib_libui:umodsys.mod.ui.SDL_GL.obj
 0001:00008334       ?key_reset@RKeyboardController@SDL_core@ui@modules@UModSys@@UEAA_NXZ 0000000180009334 f   umodsys_lib_libui:umodsys.mod.ui.SDL_core.obj
 0001:00008334       ?mouse_event@RFrame_Common@frames@ui@modules@UModSys@@MEAA_NPEBUSMouseInput@libui@5@@Z 0000000180009334 f   umodsys_lib_libui:umodsys.mod.ui.frames.obj
 0001:00008334       ?mouse_setposition@RMouseController@SDL_GL@ui@modules@UModSys@@UEAA_NHH@Z 0000000180009334 f   umodsys_lib_libui:umodsys.mod.ui.SDL_GL.obj
 0001:00008334       ?output_attach_3d@RCollector@frames@ui@modules@UModSys@@UEAA_NPEAUIRenderDriver@lib3d@5@H@Z 0000000180009334 f   umodsys_lib_libui:umodsys.mod.ui.frames.obj
 0001:00008334       ?setup_variable_cell@RMultiImage2D_SDL_ttf@SDL_GL@ui@modules@UModSys@@UEAA_NPEBUSImageCellInfo@lib2d@5@KK@Z 0000000180009334 f   umodsys_lib_libui:umodsys.mod.ui.SDL_GL.obj
 0001:00008334       ?frame_remove@RCollector@frames@ui@modules@UModSys@@UEAA_NPEAUIFrame@libui@5@@Z 0000000180009334 f   umodsys_lib_libui:umodsys.mod.ui.frames.obj
 0001:00008334       ?set_layer_count@RMultiImage2D_SDL_ttf@SDL_GL@ui@modules@UModSys@@UEAA_NG@Z 0000000180009334 f   umodsys_lib_libui:umodsys.mod.ui.SDL_GL.obj
 0001:00008334       ?key_setrepeat@RKeyboardController@SDL_GL@ui@modules@UModSys@@UEAA_NMM@Z 0000000180009334 f   umodsys_lib_libui:umodsys.mod.ui.SDL_GL.obj
 0001:00008334       ?set_hint@RMultiImage2D_SDL_ttf@SDL_core@ui@modules@UModSys@@UEAA_NPEBD0@Z 0000000180009334 f   umodsys_lib_libui:umodsys.mod.ui.SDL_core.obj
 0001:00008334       ?driver_is_reset@RRenderDriver3D@SDL_GL@ui@modules@UModSys@@UEAA_NXZ 0000000180009334 f   umodsys_lib_libui:umodsys.mod.ui.SDL_GL.obj
 0001:00008334       ?set_insize@RFrame_Common@frames@ui@modules@UModSys@@UEAA_NAEBU?$TVector2@H@math3d@5@@Z 0000000180009334 f   umodsys_lib_libui:umodsys.mod.ui.frames.obj
 0001:00008334       ?get_cell@RMultiImage2D_SDL_ttf@SDL_GL@ui@modules@UModSys@@UEBA_NIAEAU?$TVector2@H@math3d@5@PEAU675@PEAG@Z 0000000180009334 f   umodsys_lib_libui:umodsys.mod.ui.SDL_GL.obj
 0001:00008334       ?set_hint@RMultiImage@stdlib@lib2d@modules@UModSys@@UEAA_NPEBD0@Z 0000000180009334 f   umodsys_lib_lib2d:umodsys.mod.2d.stdlib.obj
 0001:00008334       ?get_minsize@RCollector@frames@ui@modules@UModSys@@UEAA_NAEAU?$TVector2@H@math3d@5@@Z 0000000180009334 f   umodsys_lib_libui:umodsys.mod.ui.frames.obj
 0001:00008334       ?set_repeater@RFrame_Common@frames@ui@modules@UModSys@@UEAA_NHH@Z 0000000180009334 f   umodsys_lib_libui:umodsys.mod.ui.frames.obj
 0001:00008334       ?key_reset@RKeyboardController@SDL_GL@ui@modules@UModSys@@UEAA_NXZ 0000000180009334 f   umodsys_lib_libui:umodsys.mod.ui.SDL_GL.obj
 0001:00008334       ?key_setmodifier@RKeyboardController@SDL_GL@ui@modules@UModSys@@UEAA_NHHH@Z 0000000180009334 f   umodsys_lib_libui:umodsys.mod.ui.SDL_GL.obj
 0001:00008334       ?get_maxbox@RCollector@frames@ui@modules@UModSys@@UEAA_NAEAU?$TBoundBox2@H@math3d@5@@Z 0000000180009334 f   umodsys_lib_libui:umodsys.mod.ui.frames.obj
 0001:00008334       ?map_2d_to_3d@RRenderDriver3D@SDL_GL@ui@modules@UModSys@@UEAA_NAEAU?$TVector3@N@math3d@5@AEBU?$TVector2@H@75@@Z 0000000180009334 f   umodsys_lib_libui:umodsys.mod.ui.SDL_GL.obj
 0001:00008334       ?key_event@RFrame_Common@frames@ui@modules@UModSys@@MEAA_NAEBUSKeyboardInputText@libui@5@@Z 0000000180009334 f   umodsys_lib_libui:umodsys.mod.ui.frames.obj
 0001:00008334       ?map_3d_to_2d@RRenderDriver3D@SDL_GL@ui@modules@UModSys@@UEAA_NAEAU?$TVector2@H@math3d@5@AEBU?$TVector2@M@75@@Z 0000000180009334 f   umodsys_lib_libui:umodsys.mod.ui.SDL_GL.obj
 0001:00008334       ?mouse_setposition@RMouseController@SDL_core@ui@modules@UModSys@@UEAA_NHH@Z 0000000180009334 f   umodsys_lib_libui:umodsys.mod.ui.SDL_core.obj
 0001:00008334       ?command_draw@RTest1_Shell@test1@test@modules@UModSys@@UEAA_NAEBUSController@libui@5@PEAUIRenderDriver@lib2d@5@AEBU?$TBoundBox2@H@math3d@5@@Z 0000000180009334 f   plugin_test1.obj
 0001:00008334       ?set_parameters@RRenderDriver3D@SDL_GL@ui@modules@UModSys@@UEAA_NPEBDAEBUSParameters@core@5@@Z 0000000180009334 f   umodsys_lib_libui:umodsys.mod.ui.SDL_GL.obj
 0001:00008334       ?get_cell@RMultiImage2D_SDL_ttf@SDL_GL@ui@modules@UModSys@@UEBA_NIAEAUSImageCellInfo@lib2d@5@@Z 0000000180009334 f   umodsys_lib_libui:umodsys.mod.ui.SDL_GL.obj
 0001:00008334       ?mouse_reset@RMouseController@SDL_GL@ui@modules@UModSys@@UEAA_NXZ 0000000180009334 f   umodsys_lib_libui:umodsys.mod.ui.SDL_GL.obj
 0001:00008334       ?key_setrepeat@RKeyboardController@SDL_core@ui@modules@UModSys@@UEAA_NMM@Z 0000000180009334 f   umodsys_lib_libui:umodsys.mod.ui.SDL_core.obj
 0001:00008334       ?mouse_setvisible@RMouseController@SDL_core@ui@modules@UModSys@@UEAA_N_N@Z 0000000180009334 f   umodsys_lib_libui:umodsys.mod.ui.SDL_core.obj
 0001:00008334       ?set_parameters@RRenderDriver2D@SDL_core@ui@modules@UModSys@@UEAA_NPEBDAEBUSParameters@core@5@@Z 0000000180009334 f   umodsys_lib_libui:umodsys.mod.ui.SDL_core.obj
 0001:00008334       ?get_cell@RMultiImage2D_SDL_ttf@SDL_core@ui@modules@UModSys@@UEBA_NIAEAUSImageCellInfo@lib2d@5@@Z 0000000180009334 f   umodsys_lib_libui:umodsys.mod.ui.SDL_core.obj
 0001:00008334       ?get_cell@RMultiImage2D_SDL_ttf@SDL_core@ui@modules@UModSys@@UEBA_NIAEAU?$TVector2@H@math3d@5@PEAU675@PEAG@Z 0000000180009334 f   umodsys_lib_libui:umodsys.mod.ui.SDL_core.obj
 0001:00008334       ?setup_setlight@RRenderDriver3D@SDL_GL@ui@modules@UModSys@@UEAA_NH_N@Z 0000000180009334 f   umodsys_lib_libui:umodsys.mod.ui.SDL_GL.obj
[...]
 0001:000392a4       ??__F?s_id@?$TObjectUniqueID@UIKeyboardController@libui@UModSys@@@tl@UModSys@@2USUniquePointer@core@3@A@@YAXXZ 000000018003a2a4 f    CIL library: CIL module
 0001:000392b0       ??__F?s_id@?$TObjectUniqueID@UIConsoleHelperOutputFCS@base@UModSys@@@tl@UModSys@@2USUniquePointer@core@3@A@@YAXXZ 000000018003a2b0 f    CIL library: CIL module
 0001:000392bc       ??__F?s_id@?$TObjectUniqueID@UIConsoleHelperOutput@base@UModSys@@@tl@UModSys@@2USUniquePointer@core@3@A@@YAXXZ 000000018003a2bc f    CIL library: CIL module
 0001:000392c8       ??__F?s_id@?$TObjectUniqueID@UIConsoleHelperInput@base@UModSys@@@tl@UModSys@@2USUniquePointer@core@3@A@@YAXXZ 000000018003a2c8 f    CIL library: CIL module
 0001:000392d4       ??__F?s_id@?$TObjectUniqueID@UIConsoleHelperHistory@base@UModSys@@@tl@UModSys@@2USUniquePointer@core@3@A@@YAXXZ 000000018003a2d4 f    CIL library: CIL module
 0001:000392e0       ??__F?s_id@?$TObjectUniqueID@UIConsoleHelper@base@UModSys@@@tl@UModSys@@2USUniquePointer@core@3@A@@YAXXZ 000000018003a2e0 f    CIL library: CIL module
 0001:000392ec       ??__F?s_id@?$TObjectUniqueID@UIConsoleExt@base@UModSys@@@tl@UModSys@@2USUniquePointer@core@3@A@@YAXXZ 000000018003a2ec f    CIL library: CIL module
 0001:000392f8       ??__F?s_id@?$TObjectUniqueID@UISerializeWriter@libmedia@UModSys@@@tl@UModSys@@2USUniquePointer@core@3@A@@YAXXZ 000000018003a2f8 f    CIL library: CIL module
 0001:00039304       ??__F?s_id@?$TObjectUniqueID@UISerializeReader@libmedia@UModSys@@@tl@UModSys@@2USUniquePointer@core@3@A@@YAXXZ 000000018003a304 f    CIL library: CIL module
 0001:00039310       ??__F?s_id@?$TObjectUniqueID@UIClient@IBinArchiveFrame@libmedia@UModSys@@@tl@UModSys@@2USUniquePointer@core@3@A@@YAXXZ 000000018003a310 f    CIL library: CIL module
 0001:0003931c       ??__F?s_id@?$TObjectUniqueID@UIBinArchiveFrame@libmedia@UModSys@@@tl@UModSys@@2USUniquePointer@core@3@A@@YAXXZ 000000018003a31c f    CIL library: CIL module
 0001:00039328       ??__F?s_id@?$TObjectUniqueID@UILibraryLayered@libmedia@UModSys@@@tl@UModSys@@2USUniquePointer@core@3@A@@YAXXZ 000000018003a328 f    CIL library: CIL module
 0001:00039334       ??__F?s_id@?$TObjectUniqueID@UILibraryObjCache@libmedia@UModSys@@@tl@UModSys@@2USUniquePointer@core@3@A@@YAXXZ 000000018003a334 f    CIL library: CIL module
 0001:00039340       ??__F?s_id@?$TObjectUniqueID@UILibraryObjFilter@libmedia@UModSys@@@tl@UModSys@@2USUniquePointer@core@3@A@@YAXXZ 000000018003a340 f    CIL library: CIL module
 0001:0003934c       ??__F?s_id@?$TObjectUniqueID@UILibraryBinCache@libmedia@UModSys@@@tl@UModSys@@2USUniquePointer@core@3@A@@YAXXZ 000000018003a34c f    CIL library: CIL module
 0001:00039358       ??__F?s_id@?$TObjectUniqueID@UILibraryBinTree@libmedia@UModSys@@@tl@UModSys@@2USUniquePointer@core@3@A@@YAXXZ 000000018003a358 f    CIL library: CIL module
 0001:00039364       ??__F?s_id@?$TObjectUniqueID@UILibrary@libmedia@UModSys@@@tl@UModSys@@2USUniquePointer@core@3@A@@YAXXZ 000000018003a364 f    CIL library: CIL module
 0001:00039370       ??__F?s_id@?$TObjectUniqueID@UIBinObjFilter@libmedia@UModSys@@@tl@UModSys@@2USUniquePointer@core@3@A@@YAXXZ 000000018003a370 f    CIL library: CIL module
 0001:0003937c       ??__F?s_id@?$TObjectUniqueID@UIBinArchive@libmedia@UModSys@@@tl@UModSys@@2USUniquePointer@core@3@A@@YAXXZ 000000018003a37c f    CIL library: CIL module
 0001:00039388       ??__F?s_id@?$TObjectUniqueID@UILibObject@libmedia@UModSys@@@tl@UModSys@@2USUniquePointer@core@3@A@@YAXXZ 000000018003a388 f    CIL library: CIL module
 0001:00039394       ??__F?s_id@?$TObjectUniqueID@UIUtilities@libmedia@UModSys@@@tl@UModSys@@2USUniquePointer@core@3@A@@YAXXZ 000000018003a394 f    CIL library: CIL module
 0001:000393a0       ??__F?s_id@?$TObjectUniqueID@UIStreamWriter@libmedia@UModSys@@@tl@UModSys@@2USUniquePointer@core@3@A@@YAXXZ 000000018003a3a0 f    CIL library: CIL module
 0001:000393ac       ??__F?s_id@?$TObjectUniqueID@UIStreamReader@libmedia@UModSys@@@tl@UModSys@@2USUniquePointer@core@3@A@@YAXXZ 000000018003a3ac f    CIL library: CIL module
 0001:000393b8       ??__F?s_id@?$TObjectUniqueID@UISystem@base@UModSys@@@tl@UModSys@@2USUniquePointer@core@3@A@@YAXXZ 000000018003a3b8 f    CIL library: CIL module
 0001:000393c4       ??__F?s_id@?$TObjectUniqueID@UIShell@base@UModSys@@@tl@UModSys@@2USUniquePointer@core@3@A@@YAXXZ 000000018003a3c4 f    CIL library: CIL module
 0001:000393d0       ??__F?s_id@?$TObjectUniqueID@UIGenerator@base@UModSys@@@tl@UModSys@@2USUniquePointer@core@3@A@@YAXXZ 000000018003a3d0 f    CIL library: CIL module
 0001:000393dc       ??__F?s_id@?$TObjectUniqueID@UIModObject@base@UModSys@@@tl@UModSys@@2USUniquePointer@core@3@A@@YAXXZ 000000018003a3dc f    CIL library: CIL module
 0001:000393e8       ??__F?s_id@?$TObjectUniqueID@UIModuleLibrary@base@UModSys@@@tl@UModSys@@2USUniquePointer@core@3@A@@YAXXZ 000000018003a3e8 f    CIL library: CIL module
 0001:000393f4       ??__F?s_id@?$TObjectUniqueID@UIModule@base@UModSys@@@tl@UModSys@@2USUniquePointer@core@3@A@@YAXXZ 000000018003a3f4 f    CIL library: CIL module
 0001:00039400       ??__F?s_id@?$TObjectUniqueID@UIConsole@base@UModSys@@@tl@UModSys@@2USUniquePointer@core@3@A@@YAXXZ 000000018003a400 f    CIL library: CIL module
 0001:0003940c       ??__F?s_id@?$TObjectUniqueID@UIParameters@core@UModSys@@@tl@UModSys@@2USUniquePointer@core@3@A@@YAXXZ 000000018003a40c f    CIL library: CIL module
 0001:00039418       ??__F?s_id@?$TObjectUniqueID@UIRefObject@core@UModSys@@@tl@UModSys@@2USUniquePointer@core@3@A@@YAXXZ 000000018003a418 f    CIL library: CIL module
 0001:00039424       ??__F?s_id@?$TObjectUniqueID@UIRoot@core@UModSys@@@tl@UModSys@@2USUniquePointer@core@3@A@@YAXXZ 000000018003a424 f    CIL library: CIL module
 0001:00039430       ??__F?s_id@?$TObjectUniqueID@UIScene@lib3d@UModSys@@@tl@UModSys@@2USUniquePointer@core@3@A@@YAXXZ 000000018003a430 f    CIL library: CIL module
 0001:0003943c       ??__F?s_id@?$TObjectUniqueID@UISceneController@lib3d@UModSys@@@tl@UModSys@@2USUniquePointer@core@3@A@@YAXXZ 000000018003a43c f    CIL library: CIL module
 0001:00039448       ??__F?s_id@?$TObjectUniqueID@UINodeObject_Light@lib3d@UModSys@@@tl@UModSys@@2USUniquePointer@core@3@A@@YAXXZ 000000018003a448 f    CIL library: CIL module
 0001:00039454       ??__F?s_id@?$TObjectUniqueID@UINodeObject_Camera@lib3d@UModSys@@@tl@UModSys@@2USUniquePointer@core@3@A@@YAXXZ 000000018003a454 f    CIL library: CIL module
 0001:00039460       ??__F?s_id@?$TObjectUniqueID@UINodeObject_Particles@lib3d@UModSys@@@tl@UModSys@@2USUniquePointer@core@3@A@@YAXXZ 000000018003a460 f    CIL library: CIL module
 0001:0003946c       ??__F?s_id@?$TObjectUniqueID@UINodeObject_Picture@lib3d@UModSys@@@tl@UModSys@@2USUniquePointer@core@3@A@@YAXXZ 000000018003a46c f    CIL library: CIL module
 0001:00039478       ??__F?s_id@?$TObjectUniqueID@UINodeObject_Mesh@lib3d@UModSys@@@tl@UModSys@@2USUniquePointer@core@3@A@@YAXXZ 000000018003a478 f    CIL library: CIL module
 0001:00039484       ??__F?s_id@?$TObjectUniqueID@UINodeObject_Brush@lib3d@UModSys@@@tl@UModSys@@2USUniquePointer@core@3@A@@YAXXZ 000000018003a484 f    CIL library: CIL module
 0001:00039490       ??__Fs_dbg@stdlib@lib2d@modules@UModSys@@YAXXZ 000000018003a490 f    CIL library: CIL module
 0001:000394b4       ??__F?s_modreg@RModuleReg@stdlib@lib2d@modules@UModSys@@2U12345@A@@YAXXZ 000000018003a4b4 f    CIL library: CIL module
 0001:000394c4       ??__F?s_modreg_chain@RModuleReg@stdlib@lib2d@modules@UModSys@@2USModuleRegChain@base@5@A@@YAXXZ 000000018003a4c4 f    CIL library: CIL module
 0001:000394d0       ??__F?s_uid@RGenerator@stdlib@lib2d@modules@UModSys@@2USUniquePointer@core@5@A@@YAXXZ 000000018003a4d0 f    CIL library: CIL module
 0001:000394dc       ??__Fh@?1??s_holder@RGenerator@stdlib@lib2d@modules@UModSys@@SAAEAU?$TTypeStaticHolder@URGenerator@stdlib@lib2d@modules@UModSys@@@tl@5@XZ@YAXXZ 000000018003a4dc f    CIL library: CIL module
 0001:00039504       ??__F?s_id@?$TObjectUniqueID@URGenerator@stdlib@lib2d@modules@UModSys@@@tl@UModSys@@2USUniquePointer@core@3@A@@YAXXZ 000000018003a504 f    CIL library: CIL module
 0001:00039510       ??__F?s_id@?$TObjectUniqueID@URMultiImage@stdlib@lib2d@modules@UModSys@@@tl@UModSys@@2USUniquePointer@core@3@A@@YAXXZ 000000018003a510 f    CIL library: CIL module
 0001:0003951c       ??__F?s_id@?$TObjectUniqueID@URImageFactory_Memory@stdlib@lib2d@modules@UModSys@@@tl@UModSys@@2USUniquePointer@core@3@A@@YAXXZ 000000018003a51c f    CIL library: CIL module
 0001:00039528       ??__F?s_id@?$TObjectUniqueID@URImage_Memory@stdlib@lib2d@modules@UModSys@@@tl@UModSys@@2USUniquePointer@core@3@A@@YAXXZ 000000018003a528 f    CIL library: CIL module
 0001:00039534       ??__Fs_dbg@SDL_GL@ui@modules@UModSys@@YAXXZ 000000018003a534 f    CIL library: CIL module
 0001:00039558       ??__F?s_modreg@RModuleReg@SDL_GL@ui@modules@UModSys@@2U12345@A@@YAXXZ 000000018003a558 f    CIL library: CIL module
 0001:00039568       ??__F?s_modreg_chain@RModuleReg@SDL_GL@ui@modules@UModSys@@2USModuleRegChain@base@5@A@@YAXXZ 000000018003a568 f    CIL library: CIL module
 0001:00039574       ??__F?s_uid@RGenerator@SDL_GL@ui@modules@UModSys@@2USUniquePointer@core@5@A@@YAXXZ 000000018003a574 f    CIL library: CIL module
 0001:00039580       ??__Fh@?1??s_holder@RGenerator@SDL_GL@ui@modules@UModSys@@SAAEAU?$TTypeStaticHolder@URGenerator@SDL_GL@ui@modules@UModSys@@@tl@5@XZ@YAXXZ 000000018003a580 f    CIL library: CIL module
 0001:000395a8       ??__F?s_id@?$TObjectUniqueID@URGenerator@SDL_GL@ui@modules@UModSys@@@tl@UModSys@@2USUniquePointer@core@3@A@@YAXXZ 000000018003a5a8 f    CIL library: CIL module
 0001:000395b4       ??__F?s_id@?$TObjectUniqueID@URVertexArray@SDL_GL@ui@modules@UModSys@@@tl@UModSys@@2USUniquePointer@core@3@A@@YAXXZ 000000018003a5b4 f    CIL library: CIL module
 0001:000395c0       ??__F?s_id@?$TObjectUniqueID@URTerminalX@SDL_GL@ui@modules@UModSys@@@tl@UModSys@@2USUniquePointer@core@3@A@@YAXXZ 000000018003a5c0 f    CIL library: CIL module
 0001:000395cc       ??__F?s_id@?$TObjectUniqueID@URRenderDriver3D@SDL_GL@ui@modules@UModSys@@@tl@UModSys@@2USUniquePointer@core@3@A@@YAXXZ 000000018003a5cc f    CIL library: CIL module
 0001:000395d8       ??__F?s_id@?$TObjectUniqueID@URMultiImage2D_SDL_ttf@SDL_GL@ui@modules@UModSys@@@tl@UModSys@@2USUniquePointer@core@3@A@@YAXXZ 000000018003a5d8 f    CIL library: CIL module
 0001:000395e4       ??__F?s_id@?$TObjectUniqueID@URTerminal@SDL_GL@ui@modules@UModSys@@@tl@UModSys@@2USUniquePointer@core@3@A@@YAXXZ 000000018003a5e4 f    CIL library: CIL module
 0001:000395f0       ??__F?s_id@?$TObjectUniqueID@URMouseController@SDL_GL@ui@modules@UModSys@@@tl@UModSys@@2USUniquePointer@core@3@A@@YAXXZ 000000018003a5f0 f    CIL library: CIL module
 0001:000395fc       ??__F?s_id@?$TObjectUniqueID@URKeyboardController@SDL_GL@ui@modules@UModSys@@@tl@UModSys@@2USUniquePointer@core@3@A@@YAXXZ 000000018003a5fc f    CIL library: CIL module
 0001:00039608       ??__Fs_dbg@SDL_core@ui@modules@UModSys@@YAXXZ 000000018003a608 f    CIL library: CIL module
 0001:0003962c       ??__F?s_modreg@RModuleReg@SDL_core@ui@modules@UModSys@@2U12345@A@@YAXXZ 000000018003a62c f    CIL library: CIL module
 0001:0003963c       ??__F?s_modreg_chain@RModuleReg@SDL_core@ui@modules@UModSys@@2USModuleRegChain@base@5@A@@YAXXZ 000000018003a63c f    CIL library: CIL module
 0001:00039648       ??__F?s_uid@RGenerator@SDL_core@ui@modules@UModSys@@2USUniquePointer@core@5@A@@YAXXZ 000000018003a648 f    CIL library: CIL module
 0001:00039654       ??__Fh@?1??s_holder@RGenerator@SDL_core@ui@modules@UModSys@@SAAEAU?$TTypeStaticHolder@URGenerator@SDL_core@ui@modules@UModSys@@@tl@5@XZ@YAXXZ 000000018003a654 f    CIL library: CIL module
 0001:0003967c       ??__F?s_id@?$TObjectUniqueID@URGenerator@SDL_core@ui@modules@UModSys@@@tl@UModSys@@2USUniquePointer@core@3@A@@YAXXZ 000000018003a67c f    CIL library: CIL module
 0001:00039688       ??__F?s_id@?$TObjectUniqueID@URTerminalX@SDL_core@ui@modules@UModSys@@@tl@UModSys@@2USUniquePointer@core@3@A@@YAXXZ 000000018003a688 f    CIL library: CIL module
 0001:00039694       ??__F?s_id@?$TObjectUniqueID@URRenderDriver2D@SDL_core@ui@modules@UModSys@@@tl@UModSys@@2USUniquePointer@core@3@A@@YAXXZ 000000018003a694 f    CIL library: CIL module
 0001:000396a0       ??__F?s_id@?$TObjectUniqueID@URMultiImage2D_SDL_ttf@SDL_core@ui@modules@UModSys@@@tl@UModSys@@2USUniquePointer@core@3@A@@YAXXZ 000000018003a6a0 f    CIL library: CIL module
 0001:000396ac       ??__F?s_id@?$TObjectUniqueID@URTerminal@SDL_core@ui@modules@UModSys@@@tl@UModSys@@2USUniquePointer@core@3@A@@YAXXZ 000000018003a6ac f    CIL library: CIL module
 0001:000396b8       ??__F?s_id@?$TObjectUniqueID@URMouseController@SDL_core@ui@modules@UModSys@@@tl@UModSys@@2USUniquePointer@core@3@A@@YAXXZ 000000018003a6b8 f    CIL library: CIL module
 0001:000396c4       ??__F?s_id@?$TObjectUniqueID@URKeyboardController@SDL_core@ui@modules@UModSys@@@tl@UModSys@@2USUniquePointer@core@3@A@@YAXXZ 000000018003a6c4 f    CIL library: CIL module
 0001:000396d0       ??__Fs_dbg@frames@ui@modules@UModSys@@YAXXZ 000000018003a6d0 f    CIL library: CIL module
 0001:000396f4       ??__F?s_modreg@RModuleReg@frames@ui@modules@UModSys@@2U12345@A@@YAXXZ 000000018003a6f4 f    CIL library: CIL module
 0001:00039704       ??__F?s_modreg_chain@RModuleReg@frames@ui@modules@UModSys@@2USModuleRegChain@base@5@A@@YAXXZ 000000018003a704 f    CIL library: CIL module
 0001:00039710       ??__F?s_uid@RGenerator@frames@ui@modules@UModSys@@2USUniquePointer@core@5@A@@YAXXZ 000000018003a710 f    CIL library: CIL module
 0001:0003971c       ??__Fh@?1??s_holder@RGenerator@frames@ui@modules@UModSys@@SAAEAU?$TTypeStaticHolder@URGenerator@frames@ui@modules@UModSys@@@tl@5@XZ@YAXXZ 000000018003a71c f    CIL library: CIL module
 0001:00039744       ??__F?s_id@?$TObjectUniqueID@URGenerator@frames@ui@modules@UModSys@@@tl@UModSys@@2USUniquePointer@core@3@A@@YAXXZ 000000018003a744 f    CIL library: CIL module
 0001:00039750       ??__F?s_id@?$TObjectUniqueID@URCollector@frames@ui@modules@UModSys@@@tl@UModSys@@2USUniquePointer@core@3@A@@YAXXZ 000000018003a750 f    CIL library: CIL module
 0001:0003975c       ??__F?s_id@?$TObjectUniqueID@URFrame_List@frames@ui@modules@UModSys@@@tl@UModSys@@2USUniquePointer@core@3@A@@YAXXZ 000000018003a75c f    CIL library: CIL module
 0001:00039768       ??__F?s_id@?$TObjectUniqueID@URFrame_Edit@frames@ui@modules@UModSys@@@tl@UModSys@@2USUniquePointer@core@3@A@@YAXXZ 000000018003a768 f    CIL library: CIL module
 0001:00039774       ??__F?s_id@?$TObjectUniqueID@URFrame_Button@frames@ui@modules@UModSys@@@tl@UModSys@@2USUniquePointer@core@3@A@@YAXXZ 000000018003a774 f    CIL library: CIL module
 0001:00039780       ??__F?s_id@?$TObjectUniqueID@URFrame_Text@frames@ui@modules@UModSys@@@tl@UModSys@@2USUniquePointer@core@3@A@@YAXXZ 000000018003a780 f    CIL library: CIL module
 0001:0003978c       ??__F?s_id@?$TObjectUniqueID@URFrame_Image@frames@ui@modules@UModSys@@@tl@UModSys@@2USUniquePointer@core@3@A@@YAXXZ 000000018003a78c f    CIL library: CIL module
 0001:00039798       ??__F?s_id@?$TObjectUniqueID@URFrame_Frame@frames@ui@modules@UModSys@@@tl@UModSys@@2USUniquePointer@core@3@A@@YAXXZ 000000018003a798 f    CIL library: CIL module
 0001:000397a4       ??__F?s_id@?$TObjectUniqueID@URDialog@frames@ui@modules@UModSys@@@tl@UModSys@@2USUniquePointer@core@3@A@@YAXXZ 000000018003a7a4 f    CIL library: CIL module
 0001:000397b0       ??__F?s_id@?$TObjectUniqueID@URFrame_Common@frames@ui@modules@UModSys@@@tl@UModSys@@2USUniquePointer@core@3@A@@YAXXZ 000000018003a7b0 f    CIL library: CIL module
 0001:000397bc       ??__Fs_dbg@images_std@media@modules@UModSys@@YAXXZ 000000018003a7bc f    CIL library: CIL module
 0001:000397e0       ??__F?s_modreg@RModuleReg@images_std@media@modules@UModSys@@2U12345@A@@YAXXZ 000000018003a7e0 f    CIL library: CIL module
 0001:000397f0       ??__F?s_modreg_chain@RModuleReg@images_std@media@modules@UModSys@@2USModuleRegChain@base@5@A@@YAXXZ 000000018003a7f0 f    CIL library: CIL module
 0001:000397fc       ??__F?s_uid@RGenerator@images_std@media@modules@UModSys@@2USUniquePointer@core@5@A@@YAXXZ 000000018003a7fc f    CIL library: CIL module
 0001:00039808       ??__Fh@?1??s_holder@RGenerator@images_std@media@modules@UModSys@@SAAEAU?$TTypeStaticHolder@URGenerator@images_std@media@modules@UModSys@@@tl@5@XZ@YAXXZ 000000018003a808 f    CIL library: CIL module
 0001:00039830       ??__F?s_id@?$TObjectUniqueID@URGenerator@images_std@media@modules@UModSys@@@tl@UModSys@@2USUniquePointer@core@3@A@@YAXXZ 000000018003a830 f    CIL library: CIL module
 0001:0003983c       ??__F?s_id@?$TObjectUniqueID@URMediaFilter@images_std@media@modules@UModSys@@@tl@UModSys@@2USUniquePointer@core@3@A@@YAXXZ 000000018003a83c f    CIL library: CIL module
 0001:00039848       ??__Fs_dbg@serialize_json@media@modules@UModSys@@YAXXZ 000000018003a848 f    CIL library: CIL module
 0001:0003986c       ??__F?s_modreg@RModuleReg@serialize_json@media@modules@UModSys@@2U12345@A@@YAXXZ 000000018003a86c f    CIL library: CIL module
 0001:0003987c       ??__F?s_modreg_chain@RModuleReg@serialize_json@media@modules@UModSys@@2USModuleRegChain@base@5@A@@YAXXZ 000000018003a87c f    CIL library: CIL module
 0001:00039888       ??__F?s_uid@RGenerator@serialize_json@media@modules@UModSys@@2USUniquePointer@core@5@A@@YAXXZ 000000018003a888 f    CIL library: CIL module
 0001:00039894       ??__Fh@?1??s_holder@RGenerator@serialize_json@media@modules@UModSys@@SAAEAU?$TTypeStaticHolder@URGenerator@serialize_json@media@modules@UModSys@@@tl@5@XZ@YAXXZ 000000018003a894 f    CIL library: CIL module
 0001:000398bc       ??__F?s_id@?$TObjectUniqueID@URGenerator@serialize_json@media@modules@UModSys@@@tl@UModSys@@2USUniquePointer@core@3@A@@YAXXZ 000000018003a8bc f    CIL library: CIL module
 0001:000398c8       ??__F?s_id@?$TObjectUniqueID@URSerializeWriter@serialize_json@media@modules@UModSys@@@tl@UModSys@@2USUniquePointer@core@3@A@@YAXXZ 000000018003a8c8 f    CIL library: CIL module
 0001:000398d4       ??__F?s_id@?$TObjectUniqueID@URSerializeReader@serialize_json@media@modules@UModSys@@@tl@UModSys@@2USUniquePointer@core@3@A@@YAXXZ 000000018003a8d4 f    CIL library: CIL module
 0001:000398e0       ??__Fs_dbg@zlib@media@modules@UModSys@@YAXXZ 000000018003a8e0 f    CIL library: CIL module
 0001:00039904       ??__F?s_modreg@RModuleReg@zlib@media@modules@UModSys@@2U12345@A@@YAXXZ 000000018003a904 f    CIL library: CIL module
 0001:00039914       ??__F?s_modreg_chain@RModuleReg@zlib@media@modules@UModSys@@2USModuleRegChain@base@5@A@@YAXXZ 000000018003a914 f    CIL library: CIL module
 0001:00039920       ??__F?s_uid@RGenerator@zlib@media@modules@UModSys@@2USUniquePointer@core@5@A@@YAXXZ 000000018003a920 f    CIL library: CIL module
 0001:0003992c       ??__Fh@?1??s_holder@RGenerator@zlib@media@modules@UModSys@@SAAEAU?$TTypeStaticHolder@URGenerator@zlib@media@modules@UModSys@@@tl@5@XZ@YAXXZ 000000018003a92c f    CIL library: CIL module
 0001:00039954       ??__F?s_id@?$TObjectUniqueID@URGenerator@zlib@media@modules@UModSys@@@tl@UModSys@@2USUniquePointer@core@3@A@@YAXXZ 000000018003a954 f    CIL library: CIL module
 0001:00039960       ??__F?s_id@?$TObjectUniqueID@URBinArchiveFrameClient_ZIP@zlib@media@modules@UModSys@@@tl@UModSys@@2USUniquePointer@core@3@A@@YAXXZ 000000018003a960 f    CIL library: CIL module
 0001:0003996c       ??__FM@UModSys@@YAXXZ      000000018003a96c f    CIL library: CIL module
 0001:00039970       ??__F?root@SModuleRegChain@base@UModSys@@2U123@A@@YAXXZ 000000018003a970 f    CIL library: CIL module
 0001:0003997c       ??__F?s_library@RModuleLibraryReg_Chain@base@UModSys@@2U123@A@@YAXXZ 000000018003a97c f    CIL library: CIL module
 0001:0003998c       ??__F?root@SUniquePointer@core@UModSys@@2U123@A@@YAXXZ 000000018003a98c f    CIL library: CIL module

 Exports

  ordinal    name

        1    UModSys_Plugin_Entry2
