 plugin_test1

 Timestamp is 5280f50d (Mon Nov 11 18:17:33 2013)

 Preferred load address is 0000000180000000

 Start         Length     Name                   Class
 0001:00000000 000101e6H .text                   CODE
 0001:000101f0 0000005eH .text$00                CODE
 0001:00010250 00001066H .text$x                 CODE
 0001:000112b8 00000f68H .text$yc                CODE
 0001:00012220 00000558H .text$yd                CODE
 0002:00000000 000002f0H .idata$5                DATA
 0002:000002f0 00000008H .CRT$XCA                DATA
 0002:000002f8 00000b40H .CRT$XCU                DATA
 0002:00000e38 00000008H .CRT$XCZ                DATA
 0002:00000e40 00000008H .CRT$XIA                DATA
 0002:00000e48 00000008H .CRT$XIAA               DATA
 0002:00000e50 00000008H .CRT$XIZ                DATA
 0002:00000e60 00003708H .rdata                  DATA
 0002:00004570 00001fecH .rdata$r                DATA
 0002:00006560 00000008H .rtc$IAA                DATA
 0002:00006568 00000008H .rtc$IZZ                DATA
 0002:00006570 00000008H .rtc$TAA                DATA
 0002:00006578 00000008H .rtc$TZZ                DATA
 0002:00006580 00001b10H .xdata                  DATA
 0002:00008090 00000064H .idata$2                DATA
 0002:000080f4 00000014H .idata$3                DATA
 0002:00008108 000002f0H .idata$4                DATA
 0002:000083f8 000006c6H .idata$6                DATA
 0002:00008ac0 00000059H .edata                  DATA
 0003:00000000 00000e00H .data                   DATA
 0003:00000e00 00000fd0H .bss                    DATA
 0004:00000000 000016f8H .pdata                  DATA

  Address         Publics by Value              Rva+Base               Lib:Object

 0000:00000000       ___safe_se_handler_count   0000000000000000     <absolute>
 0000:00000000       ___safe_se_handler_table   0000000000000000     <absolute>
 0000:00000000       __ImageBase                0000000180000000     <linker-defined>
 0001:00000000       ??1SMemShared@core@UModSys@@QEAA@XZ 0000000180001000 f i plugin_test1.obj
 0001:00000024       ??6SUniquePtrList@core@UModSys@@QEAAAEAU012@PEBUSUniquePointerInfo@12@@Z 0000000180001024 f i plugin_test1.obj
 0001:000000dc       ??3IRoot@core@UModSys@@SAXPEAXAEBUSIMemAlloc@12@@Z 00000001800010dc f i plugin_test1.obj
 0001:00000108       ??_ERGenerator@frames@ui@modules@UModSys@@UEAAPEAXI@Z 0000000180001108 f i  CIL library: CIL module
 0001:00000108       ??_GRGenerator@frames@ui@modules@UModSys@@UEAAPEAXI@Z 0000000180001108 f i umodsys_lib_libui:umodsys.mod.ui.frames.obj
 0001:00000108       ??_EIRoot@core@UModSys@@UEAAPEAXI@Z 0000000180001108 f i  CIL library: CIL module
 0001:00000108       ??_ERGenerator@test1@test@modules@UModSys@@UEAAPEAXI@Z 0000000180001108 f i  CIL library: CIL module
 0001:00000108       ??_GRGenerator@images_std@media@modules@UModSys@@UEAAPEAXI@Z 0000000180001108 f i umodsys_lib_libmedia:umodsys.mod.media.images_std.obj
 0001:00000108       ??_GIRoot@core@UModSys@@UEAAPEAXI@Z 0000000180001108 f i plugin_test1.obj
 0001:00000108       ??_GRGenerator@test1@test@modules@UModSys@@UEAAPEAXI@Z 0000000180001108 f i plugin_test1.obj
 0001:00000108       ??_ERGenerator@SDL_core@ui@modules@UModSys@@UEAAPEAXI@Z 0000000180001108 f i  CIL library: CIL module
 0001:00000108       ??_ERGenerator@images_std@media@modules@UModSys@@UEAAPEAXI@Z 0000000180001108 f i  CIL library: CIL module
 0001:00000108       ??_GRGenerator@SDL_core@ui@modules@UModSys@@UEAAPEAXI@Z 0000000180001108 f i umodsys_lib_libui:umodsys.mod.ui.SDL_core.obj
 0001:00000130       ?root_get_interface_info@RTest1_Shell@test1@test@modules@UModSys@@UEBAAEBUSUniquePointerInfo@core@5@XZ 0000000180001130 f i plugin_test1.obj
 0001:00000138       ?root_get_interface_type@RTest1_Shell@test1@test@modules@UModSys@@UEBAPEBUSUniquePointerInfo@core@5@XZ 0000000180001138 f i plugin_test1.obj
 0001:00000140       ?root_get_other_interface@RTest1_Shell@test1@test@modules@UModSys@@UEAAPEAUIRoot@core@5@PEBUSUniquePointerInfo@75@@Z 0000000180001140 f i plugin_test1.obj
 0001:00000140       ?root_get_other_interface@RTest1_Shell@test1@test@modules@UModSys@@UEBAPEBUIRoot@core@5@PEBUSUniquePointerInfo@75@@Z 0000000180001140 f i plugin_test1.obj
 0001:00000170       ?root_is_interface_supported@RTest1_Shell@test1@test@modules@UModSys@@UEBA_NPEBUSUniquePointerInfo@core@5@@Z 0000000180001170 f i plugin_test1.obj
 0001:000001a0       ?ref_add@RTest1_Shell@test1@test@modules@UModSys@@UEBAXXZ 00000001800011a0 f i plugin_test1.obj
 0001:000001a4       ?ref_remove@RTest1_Shell@test1@test@modules@UModSys@@UEBAXXZ 00000001800011a4 f i plugin_test1.obj
 0001:000001bc       ?ref_links@RTest1_Shell@test1@test@modules@UModSys@@UEBAHXZ 00000001800011bc f i plugin_test1.obj
 0001:000001c0       ?ref_weak@RTest1_Shell@test1@test@modules@UModSys@@UEBA_NAEAUWeakPointer@IRefObject@core@5@@Z 00000001800011c0 f i plugin_test1.obj
 0001:000001e0       ?suicide@RTest1_Shell@test1@test@modules@UModSys@@UEAAXXZ 00000001800011e0 f i plugin_test1.obj
 0001:0000022c       ??0RTest1_Shell@test1@test@modules@UModSys@@QEAA@PEAUIModObject@base@4@@Z 000000018000122c f i plugin_test1.obj
 0001:00000364       ?connect@RTest1_Shell@test1@test@modules@UModSys@@UEAA_NXZ 0000000180001364 f i plugin_test1.obj
 0001:00000388       ?disconnect@RTest1_Shell@test1@test@modules@UModSys@@UEAA_NXZ 0000000180001388 f i plugin_test1.obj
 0001:000003ac       ?process_tick@RTest1_Shell@test1@test@modules@UModSys@@UEAA_NAEBUSTimeMsec@core@5@@Z 00000001800013ac f i plugin_test1.obj
 0001:000003e4       ?process_command@RTest1_Shell@test1@test@modules@UModSys@@UEAA_NHQEBU?$TString@U?$TSCoreConst@D@su@tl@UModSys@@U?$TComparerBinaryHash@D@234@@tl@5@@Z 00000001800013e4 f i plugin_test1.obj
 0001:00000408       ??_ERTest1_Shell@test1@test@modules@UModSys@@UEAAPEAXI@Z 0000000180001408 f i  CIL library: CIL module
 0001:00000408       ??_GRTest1_Shell@test1@test@modules@UModSys@@UEAAPEAXI@Z 0000000180001408 f i plugin_test1.obj
 0001:000004cc       ?ui_newframes@RTest1_Shell@test1@test@modules@UModSys@@QEAA?AU?$TRefObject@UICollector@libui@UModSys@@U?$TRefObjectFunc@UICollector@libui@UModSys@@@tl@3@@tl@5@AEBU?$TString@U?$TSCoreConst@D@su@tl@UModSys@@U?$TComparerBinaryHash@D@234@@75@AEBUSParameters@core@5@@Z 00000001800014cc f   plugin_test1.obj
 0001:00000650       ?ui_newterm@RTest1_Shell@test1@test@modules@UModSys@@QEAA?AU?$TRefObject@UITerminal@libui@UModSys@@U?$TRefObjectFunc@UITerminal@libui@UModSys@@@tl@3@@tl@5@AEBU?$TString@U?$TSCoreConst@D@su@tl@UModSys@@U?$TComparerBinaryHash@D@234@@75@AEBUSParameters@core@5@@Z 0000000180001650 f   plugin_test1.obj
 0001:000007d4       ?key_pressed@RTest1_Shell@test1@test@modules@UModSys@@UEAA_NAEBUSKeyboardInputRaw@libui@5@@Z 00000001800017d4 f   plugin_test1.obj
 0001:00000834       ?key_text@RTest1_Shell@test1@test@modules@UModSys@@UEAA_NAEBUSKeyboardInputText@libui@5@@Z 0000000180001834 f   plugin_test1.obj
 0001:0000087c       ?mouse_event@RTest1_Shell@test1@test@modules@UModSys@@UEAA_NAEBUSMouseInput@libui@5@@Z 000000018000187c f   plugin_test1.obj
 0001:00000920       ?command@RTest1_Shell@test1@test@modules@UModSys@@UEAA_NAEBUSController@libui@5@HAEBUSFrameDataIn@75@@Z 0000000180001920 f   plugin_test1.obj
 0001:00000970       ?db_get@RTest1_Shell@test1@test@modules@UModSys@@UEAA_NAEBUSController@libui@5@QEBDAEBUSFrameDataOut@75@@Z 0000000180001970 f   plugin_test1.obj
 0001:000009d4       ?db_get@RTest1_Shell@test1@test@modules@UModSys@@UEAA_NAEBUSController@libui@5@QEBDHAEBUSFrameDataOut@75@@Z 00000001800019d4 f   plugin_test1.obj
 0001:00000a80       ?ui_test1@RTest1_Shell@test1@test@modules@UModSys@@QEAAXXZ 0000000180001a80 f   plugin_test1.obj
 0001:00001e98       ??1SFrameCreateParameters@libui@UModSys@@QEAA@XZ 0000000180002e98 f i plugin_test1.obj
 0001:00001ebc       ?get_generated_names@RGenerator@test1@test@modules@UModSys@@UEBAHAEAUSUniquePtrList@core@5@@Z 0000000180002ebc f i plugin_test1.obj
 0001:00001edc       ?get_generated_types@RGenerator@test1@test@modules@UModSys@@UEBAHAEAUSUniquePtrList@core@5@PEBUSUniquePointerInfo@75@@Z 0000000180002edc f i plugin_test1.obj
 0001:00001f38       ?generate@RGenerator@test1@test@modules@UModSys@@UEAA_NAEAU?$TRefObject@UIRefObject@core@UModSys@@U?$TRefObjectFunc@UIRefObject@core@UModSys@@@tl@3@@tl@5@PEBUSUniquePointerInfo@core@5@AEBUSParameters@95@@Z 0000000180002f38 f i plugin_test1.obj
 0001:00001ffc       ?root_get_interface_info@RGenerator@test1@test@modules@UModSys@@UEBAAEBUSUniquePointerInfo@core@5@XZ 0000000180002ffc f i plugin_test1.obj
 0001:00002004       ?root_get_interface_type@RGenerator@test1@test@modules@UModSys@@UEBAPEBUSUniquePointerInfo@core@5@XZ 0000000180003004 f i plugin_test1.obj
 0001:0000200c       ?root_get_other_interface@RGenerator@test1@test@modules@UModSys@@UEBAPEBUIRoot@core@5@PEBUSUniquePointerInfo@75@@Z 000000018000300c f i plugin_test1.obj
 0001:0000200c       ?root_get_other_interface@RGenerator@test1@test@modules@UModSys@@UEAAPEAUIRoot@core@5@PEBUSUniquePointerInfo@75@@Z 000000018000300c f i plugin_test1.obj
 0001:00002044       ?root_is_interface_supported@RGenerator@test1@test@modules@UModSys@@UEBA_NPEBUSUniquePointerInfo@core@5@@Z 0000000180003044 f i plugin_test1.obj
 0001:0000207c       ?ref_add@RDialog@frames@ui@modules@UModSys@@UEBAXXZ 000000018000307c f i umodsys_lib_libui:umodsys.mod.ui.frames.obj
 0001:0000207c       ?ref_add@RGenerator@images_std@media@modules@UModSys@@UEBAXXZ 000000018000307c f i umodsys_lib_libmedia:umodsys.mod.media.images_std.obj
 0001:0000207c       ?ref_add@RGenerator@SDL_core@ui@modules@UModSys@@UEBAXXZ 000000018000307c f i umodsys_lib_libui:umodsys.mod.ui.SDL_core.obj
 0001:0000207c       ?ref_add@RGenerator@test1@test@modules@UModSys@@UEBAXXZ 000000018000307c f i plugin_test1.obj
 0001:0000207c       ?ref_add@RMultiImage2D_SDL_ttf@SDL_core@ui@modules@UModSys@@UEBAXXZ 000000018000307c f i umodsys_lib_libui:umodsys.mod.ui.SDL_core.obj
 0001:0000207c       ?ref_add@RMouseController@SDL_core@ui@modules@UModSys@@UEBAXXZ 000000018000307c f i umodsys_lib_libui:umodsys.mod.ui.SDL_core.obj
 0001:0000207c       ?ref_add@RRenderDriver2D@SDL_core@ui@modules@UModSys@@UEBAXXZ 000000018000307c f i umodsys_lib_libui:umodsys.mod.ui.SDL_core.obj
 0001:0000207c       ?ref_add@RGenerator@frames@ui@modules@UModSys@@UEBAXXZ 000000018000307c f i umodsys_lib_libui:umodsys.mod.ui.frames.obj
 0001:0000207c       ?ref_add@RKeyboardController@SDL_core@ui@modules@UModSys@@UEBAXXZ 000000018000307c f i umodsys_lib_libui:umodsys.mod.ui.SDL_core.obj
 0001:0000207c       ?ref_add@RTerminal@SDL_core@ui@modules@UModSys@@UEBAXXZ 000000018000307c f i umodsys_lib_libui:umodsys.mod.ui.SDL_core.obj
 0001:00002080       ?get_uid@RGenerator@test1@test@modules@UModSys@@UEBAPEBUSUniquePointerInfo@core@5@XZ 0000000180003080 f i plugin_test1.obj
 0001:00002088       ?do_open@RModuleReg@test1@test@modules@UModSys@@UEAA_NXZ 0000000180003088 f i plugin_test1.obj
 0001:00002114       ?do_close@RModuleReg@test1@test@modules@UModSys@@UEAA_NXZ 0000000180003114 f i plugin_test1.obj
 0001:0000217c       ?get_module@RGenerator@test1@test@modules@UModSys@@UEBAPEAUIModule@base@5@XZ 000000018000317c f   plugin_test1.obj
 0001:00002184       ?mod_inc@RGenerator@test1@test@modules@UModSys@@UEBA_NXZ 0000000180003184 f   plugin_test1.obj
 0001:00002194       ?mod_dec@RGenerator@test1@test@modules@UModSys@@UEBA_NXZ 0000000180003194 f   plugin_test1.obj
 0001:000021a8       ?s_holder@RGenerator@test1@test@modules@UModSys@@SAAEAU?$TTypeStaticHolder@URGenerator@test1@test@modules@UModSys@@@tl@5@XZ 00000001800031a8 f   plugin_test1.obj
 0001:000021ec       ??0?$TString@U?$TSCoreConst@D@su@tl@UModSys@@U?$TComparerBinaryHash@D@234@@tl@UModSys@@QEAA@PEBD@Z 00000001800031ec f i plugin_test1.obj
 0001:00002258       ?info_new@?$TSCoreShared@USIMemAlloc@core@UModSys@@D@su@tl@UModSys@@QEAA_NPEBD_K@Z 0000000180003258 f i plugin_test1.obj
 0001:00002318       ??1?$TRefObject@UIModObject@base@UModSys@@U?$TModObjectFunc@UIModObject@base@UModSys@@@tl@3@@tl@UModSys@@QEAA@XZ 0000000180003318 f i plugin_test1.obj
 0001:00002344       ?utf_8to32@su@tl@UModSys@@YA_NAEAHAEAPEBDAEA_K@Z 0000000180003344 f i umodsys_lib_libui:umodsys.mod.ui.SDL_core.obj
 0001:00002458       ?root_get_interface_info@RMultiImage2D_SDL_ttf@SDL_core@ui@modules@UModSys@@UEBAAEBUSUniquePointerInfo@core@5@XZ 0000000180003458 f i umodsys_lib_libui:umodsys.mod.ui.SDL_core.obj
 0001:00002460       ?root_get_interface_type@RMultiImage2D_SDL_ttf@SDL_core@ui@modules@UModSys@@UEBAPEBUSUniquePointerInfo@core@5@XZ 0000000180003460 f i umodsys_lib_libui:umodsys.mod.ui.SDL_core.obj
 0001:00002468       ?root_get_other_interface@RMultiImage2D_SDL_ttf@SDL_core@ui@modules@UModSys@@UEBAPEBUIRoot@core@5@PEBUSUniquePointerInfo@75@@Z 0000000180003468 f i umodsys_lib_libui:umodsys.mod.ui.SDL_core.obj
 0001:00002468       ?root_get_other_interface@RMultiImage2D_SDL_ttf@SDL_core@ui@modules@UModSys@@UEAAPEAUIRoot@core@5@PEBUSUniquePointerInfo@75@@Z 0000000180003468 f i umodsys_lib_libui:umodsys.mod.ui.SDL_core.obj
 0001:00002498       ?root_is_interface_supported@RMultiImage2D_SDL_ttf@SDL_core@ui@modules@UModSys@@UEBA_NPEBUSUniquePointerInfo@core@5@@Z 0000000180003498 f i umodsys_lib_libui:umodsys.mod.ui.SDL_core.obj
 0001:000024c8       ??0RMultiImage2D_SDL_ttf@SDL_core@ui@modules@UModSys@@QEAA@PEAURRenderDriver2D@1234@AEBUSParameters@core@4@@Z 00000001800034c8 f i umodsys_lib_libui:umodsys.mod.ui.SDL_core.obj
 0001:0000260c       ?generate_glyphs@RMultiImage2D_SDL_ttf@SDL_core@ui@modules@UModSys@@QEAA_NXZ 000000018000360c f i umodsys_lib_libui:umodsys.mod.ui.SDL_core.obj
 0001:000027e8       ??_ERMultiImage2D_SDL_ttf@SDL_core@ui@modules@UModSys@@UEAAPEAXI@Z 00000001800037e8 f i  CIL library: CIL module
 0001:000027e8       ??_GRMultiImage2D_SDL_ttf@SDL_core@ui@modules@UModSys@@UEAAPEAXI@Z 00000001800037e8 f i umodsys_lib_libui:umodsys.mod.ui.SDL_core.obj
 0001:000028ac       ?root_get_interface_info@RRenderDriver2D@SDL_core@ui@modules@UModSys@@UEBAAEBUSUniquePointerInfo@core@5@XZ 00000001800038ac f i umodsys_lib_libui:umodsys.mod.ui.SDL_core.obj
 0001:000028b4       ?root_get_interface_type@RRenderDriver2D@SDL_core@ui@modules@UModSys@@UEBAPEBUSUniquePointerInfo@core@5@XZ 00000001800038b4 f i umodsys_lib_libui:umodsys.mod.ui.SDL_core.obj
 0001:000028bc       ?root_get_other_interface@RRenderDriver2D@SDL_core@ui@modules@UModSys@@UEBAPEBUIRoot@core@5@PEBUSUniquePointerInfo@75@@Z 00000001800038bc f i umodsys_lib_libui:umodsys.mod.ui.SDL_core.obj
 0001:000028bc       ?root_get_other_interface@RRenderDriver2D@SDL_core@ui@modules@UModSys@@UEAAPEAUIRoot@core@5@PEBUSUniquePointerInfo@75@@Z 00000001800038bc f i umodsys_lib_libui:umodsys.mod.ui.SDL_core.obj
 0001:000028ec       ?root_is_interface_supported@RRenderDriver2D@SDL_core@ui@modules@UModSys@@UEBA_NPEBUSUniquePointerInfo@core@5@@Z 00000001800038ec f i umodsys_lib_libui:umodsys.mod.ui.SDL_core.obj
 0001:0000291c       ??0RRenderDriver2D@SDL_core@ui@modules@UModSys@@QEAA@PEAURTerminal@1234@AEBUSParameters@core@4@@Z 000000018000391c f i umodsys_lib_libui:umodsys.mod.ui.SDL_core.obj
 0001:00002a7c       ?open@RRenderDriver2D@SDL_core@ui@modules@UModSys@@QEAA_NAEBUSParameters@core@5@@Z 0000000180003a7c f i umodsys_lib_libui:umodsys.mod.ui.SDL_core.obj
 0001:00002c90       ?set_color@RRenderDriver2D@SDL_core@ui@modules@UModSys@@QEAAXXZ 0000000180003c90 f i umodsys_lib_libui:umodsys.mod.ui.SDL_core.obj
 0001:00002d04       ?begin@RRenderDriver2D@SDL_core@ui@modules@UModSys@@UEAAXXZ 0000000180003d04 f i umodsys_lib_libui:umodsys.mod.ui.SDL_core.obj
 0001:00002d70       ?end@RRenderDriver2D@SDL_core@ui@modules@UModSys@@UEAAXXZ 0000000180003d70 f i umodsys_lib_libui:umodsys.mod.ui.SDL_core.obj
 0001:00002d88       ?get_max_values@RRenderDriver2D@SDL_core@ui@modules@UModSys@@UEBAPEBUSParameters@core@5@XZ 0000000180003d88 f i umodsys_lib_libui:umodsys.mod.ui.SDL_core.obj
 0001:00002d90       ?get_frame_values@RRenderDriver2D@SDL_core@ui@modules@UModSys@@UEBAPEBUSParameters@core@5@XZ 0000000180003d90 f i umodsys_lib_libui:umodsys.mod.ui.SDL_core.obj
 0001:00002d98       ?setup_font@RRenderDriver2D@SDL_core@ui@modules@UModSys@@UEAA_NPEAUIMultiImage@lib2d@5@PEBU?$TVector2@M@math3d@5@@Z 0000000180003d98 f i umodsys_lib_libui:umodsys.mod.ui.SDL_core.obj
 0001:00002e5c       ?setup_color@RRenderDriver2D@SDL_core@ui@modules@UModSys@@UEAAXAEBU?$TVector3@M@math3d@5@@Z 0000000180003e5c f i umodsys_lib_libui:umodsys.mod.ui.SDL_core.obj
 0001:00002e84       ?setup_color@RRenderDriver2D@SDL_core@ui@modules@UModSys@@UEAAXAEBU?$TVector3@H@math3d@5@@Z 0000000180003e84 f i umodsys_lib_libui:umodsys.mod.ui.SDL_core.obj
 0001:00002ed4       ?setup_coloralpha@RRenderDriver2D@SDL_core@ui@modules@UModSys@@UEAAXAEBU?$TVector4@M@math3d@5@H@Z 0000000180003ed4 f i umodsys_lib_libui:umodsys.mod.ui.SDL_core.obj
 0001:00002ef8       ?setup_coloralpha@RRenderDriver2D@SDL_core@ui@modules@UModSys@@UEAAXAEBU?$TVector4@H@math3d@5@H@Z 0000000180003ef8 f i umodsys_lib_libui:umodsys.mod.ui.SDL_core.obj
 0001:00002f5c       ?setup_blendcolor@RRenderDriver2D@SDL_core@ui@modules@UModSys@@UEAAXAEBUSBlendColor@lib2d@5@@Z 0000000180003f5c f i umodsys_lib_libui:umodsys.mod.ui.SDL_core.obj
 0001:00002fc4       ?setup_blendcolor@RRenderDriver2D@SDL_core@ui@modules@UModSys@@UEAAXAEBUSBlendColorf@lib2d@5@@Z 0000000180003fc4 f i umodsys_lib_libui:umodsys.mod.ui.SDL_core.obj
 0001:00003004       ?setup_alpha@RRenderDriver2D@SDL_core@ui@modules@UModSys@@UEAAXHH@Z 0000000180004004 f i umodsys_lib_libui:umodsys.mod.ui.SDL_core.obj
 0001:00003034       ?setup_alpha@RRenderDriver2D@SDL_core@ui@modules@UModSys@@UEAAXMH@Z 0000000180004034 f i umodsys_lib_libui:umodsys.mod.ui.SDL_core.obj
 0001:00003054       ?render_text_advanced@RRenderDriver2D@SDL_core@ui@modules@UModSys@@UEAA_NAEAUTextInfo@IRenderDriver@lib2d@5@PEBHH@Z 0000000180004054 f i umodsys_lib_libui:umodsys.mod.ui.SDL_core.obj
 0001:00003250       ?render_box@RRenderDriver2D@SDL_core@ui@modules@UModSys@@UEAAXAEBU?$TVector2@H@math3d@5@0@Z 0000000180004250 f i umodsys_lib_libui:umodsys.mod.ui.SDL_core.obj
 0001:0000329c       ?render_tri@RRenderDriver2D@SDL_core@ui@modules@UModSys@@UEAAXAEBU?$TVector2@H@math3d@5@00@Z 000000018000429c f i umodsys_lib_libui:umodsys.mod.ui.SDL_core.obj
 0001:00003314       ?render_quad@RRenderDriver2D@SDL_core@ui@modules@UModSys@@UEAAXAEBU?$TVector2@H@math3d@5@000@Z 0000000180004314 f i umodsys_lib_libui:umodsys.mod.ui.SDL_core.obj
 0001:000033bc       ?render_line@RRenderDriver2D@SDL_core@ui@modules@UModSys@@UEAAXAEBU?$TVector2@H@math3d@5@0@Z 00000001800043bc f i umodsys_lib_libui:umodsys.mod.ui.SDL_core.obj
 0001:000033e4       ?render_rect@RRenderDriver2D@SDL_core@ui@modules@UModSys@@UEAAXAEBU?$TVector2@H@math3d@5@0@Z 00000001800043e4 f i umodsys_lib_libui:umodsys.mod.ui.SDL_core.obj
 0001:00003430       ??_GRRenderDriver2D@SDL_core@ui@modules@UModSys@@UEAAPEAXI@Z 0000000180004430 f i umodsys_lib_libui:umodsys.mod.ui.SDL_core.obj
 0001:00003430       ??_ERRenderDriver2D@SDL_core@ui@modules@UModSys@@UEAAPEAXI@Z 0000000180004430 f i  CIL library: CIL module
 0001:00003514       ??1SParameters@core@UModSys@@QEAA@XZ 0000000180004514 f i plugin_test1.obj
 0001:00003514       ??1?$TParametersA@$0BAA@@core@UModSys@@QEAA@XZ 0000000180004514 f i umodsys_lib_libui:umodsys.mod.ui.SDL_core.obj
 0001:00003514       ??1?$TParametersA@$0EAA@@core@UModSys@@QEAA@XZ 0000000180004514 f i plugin_test1.obj
 0001:00003530       ?root_get_interface_info@RMouseController@SDL_core@ui@modules@UModSys@@UEBAAEBUSUniquePointerInfo@core@5@XZ 0000000180004530 f i umodsys_lib_libui:umodsys.mod.ui.SDL_core.obj
 0001:00003538       ?root_get_interface_type@RMouseController@SDL_core@ui@modules@UModSys@@UEBAPEBUSUniquePointerInfo@core@5@XZ 0000000180004538 f i umodsys_lib_libui:umodsys.mod.ui.SDL_core.obj
 0001:00003540       ?root_get_other_interface@RMouseController@SDL_core@ui@modules@UModSys@@UEBAPEBUIRoot@core@5@PEBUSUniquePointerInfo@75@@Z 0000000180004540 f i umodsys_lib_libui:umodsys.mod.ui.SDL_core.obj
 0001:00003540       ?root_get_other_interface@RMouseController@SDL_core@ui@modules@UModSys@@UEAAPEAUIRoot@core@5@PEBUSUniquePointerInfo@75@@Z 0000000180004540 f i umodsys_lib_libui:umodsys.mod.ui.SDL_core.obj
 0001:00003570       ?root_is_interface_supported@RMouseController@SDL_core@ui@modules@UModSys@@UEBA_NPEBUSUniquePointerInfo@core@5@@Z 0000000180004570 f i umodsys_lib_libui:umodsys.mod.ui.SDL_core.obj
 0001:000035a0       ?process@RMouseController@SDL_core@ui@modules@UModSys@@QEAA_NAEAUSDL_MouseMotionEvent@@@Z 00000001800045a0 f i umodsys_lib_libui:umodsys.mod.ui.SDL_core.obj
 0001:0000370c       ?process@RMouseController@SDL_core@ui@modules@UModSys@@QEAA_NAEAUSDL_MouseButtonEvent@@@Z 000000018000470c f i umodsys_lib_libui:umodsys.mod.ui.SDL_core.obj
 0001:00003838       ?process@RMouseController@SDL_core@ui@modules@UModSys@@QEAA_NAEAUSDL_MouseWheelEvent@@@Z 0000000180004838 f i umodsys_lib_libui:umodsys.mod.ui.SDL_core.obj
 0001:00003928       ?mouse_link@RMouseController@SDL_core@ui@modules@UModSys@@UEAA_NHPEAUIRefObject@core@5@PEAUIMouseClient@libui@5@H@Z 0000000180004928 f i umodsys_lib_libui:umodsys.mod.ui.SDL_core.obj
 0001:00003a48       ??_ERMouseController@SDL_core@ui@modules@UModSys@@UEAAPEAXI@Z 0000000180004a48 f i  CIL library: CIL module
 0001:00003a48       ??_GRMouseController@SDL_core@ui@modules@UModSys@@UEAAPEAXI@Z 0000000180004a48 f i umodsys_lib_libui:umodsys.mod.ui.SDL_core.obj
 0001:00003aac       ?root_get_interface_info@RKeyboardController@SDL_core@ui@modules@UModSys@@UEBAAEBUSUniquePointerInfo@core@5@XZ 0000000180004aac f i umodsys_lib_libui:umodsys.mod.ui.SDL_core.obj
 0001:00003ab4       ?root_get_interface_type@RKeyboardController@SDL_core@ui@modules@UModSys@@UEBAPEBUSUniquePointerInfo@core@5@XZ 0000000180004ab4 f i umodsys_lib_libui:umodsys.mod.ui.SDL_core.obj
 0001:00003abc       ?root_get_other_interface@RKeyboardController@SDL_core@ui@modules@UModSys@@UEAAPEAUIRoot@core@5@PEBUSUniquePointerInfo@75@@Z 0000000180004abc f i umodsys_lib_libui:umodsys.mod.ui.SDL_core.obj
 0001:00003abc       ?root_get_other_interface@RKeyboardController@SDL_core@ui@modules@UModSys@@UEBAPEBUIRoot@core@5@PEBUSUniquePointerInfo@75@@Z 0000000180004abc f i umodsys_lib_libui:umodsys.mod.ui.SDL_core.obj
 0001:00003aec       ?root_is_interface_supported@RKeyboardController@SDL_core@ui@modules@UModSys@@UEBA_NPEBUSUniquePointerInfo@core@5@@Z 0000000180004aec f i umodsys_lib_libui:umodsys.mod.ui.SDL_core.obj
 0001:00003b1c       ?process@RKeyboardController@SDL_core@ui@modules@UModSys@@QEAA_NAEAUSDL_KeyboardEvent@@@Z 0000000180004b1c f i umodsys_lib_libui:umodsys.mod.ui.SDL_core.obj
 0001:00003c98       ?map_keycode@RKeyboardController@SDL_core@ui@modules@UModSys@@QEAA?AW4eKeyCode@libui@5@H@Z 0000000180004c98 f i umodsys_lib_libui:umodsys.mod.ui.SDL_core.obj
 0001:000041c0       ?key_unlink@RKeyboardController@SDL_core@ui@modules@UModSys@@UEAA_NH@Z 00000001800051c0 f i umodsys_lib_libui:umodsys.mod.ui.SDL_core.obj
 0001:000041c0       ?mouse_unlink@RMouseController@SDL_core@ui@modules@UModSys@@UEAA_NH@Z 00000001800051c0 f i umodsys_lib_libui:umodsys.mod.ui.SDL_core.obj
 0001:00004218       ?key_link@RKeyboardController@SDL_core@ui@modules@UModSys@@UEAA_NHPEAUIRefObject@core@5@PEAUIKeyboardClient@libui@5@@Z 0000000180005218 f i umodsys_lib_libui:umodsys.mod.ui.SDL_core.obj
 0001:00004324       ?key_setvisible@RKeyboardController@SDL_core@ui@modules@UModSys@@UEAA_N_N@Z 0000000180005324 f i umodsys_lib_libui:umodsys.mod.ui.SDL_core.obj
 0001:00004340       ??_ERKeyboardController@SDL_core@ui@modules@UModSys@@UEAAPEAXI@Z 0000000180005340 f i  CIL library: CIL module
 0001:00004340       ??_GRKeyboardController@SDL_core@ui@modules@UModSys@@UEAAPEAXI@Z 0000000180005340 f i umodsys_lib_libui:umodsys.mod.ui.SDL_core.obj
 0001:000043a4       ?root_get_interface_info@RTerminal@SDL_core@ui@modules@UModSys@@UEBAAEBUSUniquePointerInfo@core@5@XZ 00000001800053a4 f i umodsys_lib_libui:umodsys.mod.ui.SDL_core.obj
 0001:000043ac       ?root_get_interface_type@RTerminal@SDL_core@ui@modules@UModSys@@UEBAPEBUSUniquePointerInfo@core@5@XZ 00000001800053ac f i umodsys_lib_libui:umodsys.mod.ui.SDL_core.obj
 0001:000043b4       ?root_get_other_interface@RTerminal@SDL_core@ui@modules@UModSys@@UEAAPEAUIRoot@core@5@PEBUSUniquePointerInfo@75@@Z 00000001800053b4 f i umodsys_lib_libui:umodsys.mod.ui.SDL_core.obj
 0001:000043b4       ?root_get_other_interface@RTerminal@SDL_core@ui@modules@UModSys@@UEBAPEBUIRoot@core@5@PEBUSUniquePointerInfo@75@@Z 00000001800053b4 f i umodsys_lib_libui:umodsys.mod.ui.SDL_core.obj
 0001:000043e4       ?root_is_interface_supported@RTerminal@SDL_core@ui@modules@UModSys@@UEBA_NPEBUSUniquePointerInfo@core@5@@Z 00000001800053e4 f i umodsys_lib_libui:umodsys.mod.ui.SDL_core.obj
 0001:00004414       ?ref_remove@RGenerator@images_std@media@modules@UModSys@@UEBAXXZ 0000000180005414 f i umodsys_lib_libmedia:umodsys.mod.media.images_std.obj
 0001:00004414       ?ref_remove@RMouseController@SDL_core@ui@modules@UModSys@@UEBAXXZ 0000000180005414 f i umodsys_lib_libui:umodsys.mod.ui.SDL_core.obj
 0001:00004414       ?ref_remove@RGenerator@frames@ui@modules@UModSys@@UEBAXXZ 0000000180005414 f i umodsys_lib_libui:umodsys.mod.ui.frames.obj
 0001:00004414       ?ref_remove@RMultiImage2D_SDL_ttf@SDL_core@ui@modules@UModSys@@UEBAXXZ 0000000180005414 f i umodsys_lib_libui:umodsys.mod.ui.SDL_core.obj
 0001:00004414       ?ref_remove@RGenerator@test1@test@modules@UModSys@@UEBAXXZ 0000000180005414 f i plugin_test1.obj
 0001:00004414       ?ref_remove@RGenerator@SDL_core@ui@modules@UModSys@@UEBAXXZ 0000000180005414 f i umodsys_lib_libui:umodsys.mod.ui.SDL_core.obj
 0001:00004414       ?ref_remove@RTerminal@SDL_core@ui@modules@UModSys@@UEBAXXZ 0000000180005414 f i umodsys_lib_libui:umodsys.mod.ui.SDL_core.obj
 0001:00004414       ?ref_remove@RRenderDriver2D@SDL_core@ui@modules@UModSys@@UEBAXXZ 0000000180005414 f i umodsys_lib_libui:umodsys.mod.ui.SDL_core.obj
 0001:00004414       ?ref_remove@RKeyboardController@SDL_core@ui@modules@UModSys@@UEBAXXZ 0000000180005414 f i umodsys_lib_libui:umodsys.mod.ui.SDL_core.obj
 0001:00004414       ?ref_remove@RDialog@frames@ui@modules@UModSys@@UEBAXXZ 0000000180005414 f i umodsys_lib_libui:umodsys.mod.ui.frames.obj
 0001:0000442c       ?suicide@RTerminal@SDL_core@ui@modules@UModSys@@UEAAXXZ 000000018000542c f i umodsys_lib_libui:umodsys.mod.ui.SDL_core.obj
 0001:00004478       ?poll_events@RTerminal@SDL_core@ui@modules@UModSys@@UEAA_NH@Z 0000000180005478 f i umodsys_lib_libui:umodsys.mod.ui.SDL_core.obj
 0001:00004670       ?get_terminal_state@RTerminal@SDL_core@ui@modules@UModSys@@UEAA_NW4eTerminalState@libui@5@@Z 0000000180005670 f i umodsys_lib_libui:umodsys.mod.ui.SDL_core.obj
 0001:0000467c       ?set_terminal_state@RTerminal@SDL_core@ui@modules@UModSys@@UEAA_NW4eTerminalState@libui@5@_N@Z 000000018000567c f i umodsys_lib_libui:umodsys.mod.ui.SDL_core.obj
 0001:000047a0       ?get_clock@RTerminal@SDL_core@ui@modules@UModSys@@UEAANXZ 00000001800057a0 f i umodsys_lib_libui:umodsys.mod.ui.SDL_core.obj
 0001:000047bc       ?wait@RTerminal@SDL_core@ui@modules@UModSys@@UEAA_NM@Z 00000001800057bc f i umodsys_lib_libui:umodsys.mod.ui.SDL_core.obj
 0001:000047dc       ?get_count@RTerminal@SDL_core@ui@modules@UModSys@@UEBA_KPEBUSUniquePointerInfo@core@5@@Z 00000001800057dc f i umodsys_lib_libui:umodsys.mod.ui.SDL_core.obj
 0001:00004870       ?get_handler@RTerminal@SDL_core@ui@modules@UModSys@@UEBAPEAUIRefObject@core@5@PEBUSUniquePointerInfo@75@_K@Z 0000000180005870 f i umodsys_lib_libui:umodsys.mod.ui.SDL_core.obj
 0001:00004910       ?create_handler@RTerminal@SDL_core@ui@modules@UModSys@@UEAA_NPEBUSUniquePointerInfo@core@5@AEAU?$TRefObject@UIRefObject@core@UModSys@@U?$TRefObjectFunc@UIRefObject@core@UModSys@@@tl@3@@tl@5@PEBDPEBUSParameters@75@@Z 0000000180005910 f i umodsys_lib_libui:umodsys.mod.ui.SDL_core.obj
 0001:00004cf8       ??_GRTerminal@SDL_core@ui@modules@UModSys@@UEAAPEAXI@Z 0000000180005cf8 f i umodsys_lib_libui:umodsys.mod.ui.SDL_core.obj
 0001:00004cf8       ??_ERTerminal@SDL_core@ui@modules@UModSys@@UEAAPEAXI@Z 0000000180005cf8 f i  CIL library: CIL module
 0001:00004dc8       ??1IMultiImage@lib2d@UModSys@@UEAA@XZ 0000000180005dc8 f i umodsys_lib_libui:umodsys.mod.ui.SDL_core.obj
 0001:00004dc8       ??1ICollector@libui@UModSys@@UEAA@XZ 0000000180005dc8 f i umodsys_lib_libui:umodsys.mod.ui.frames.obj
 0001:00004dc8       ??1IDialog@libui@UModSys@@UEAA@XZ 0000000180005dc8 f i umodsys_lib_libui:umodsys.mod.ui.frames.obj
 0001:00004dc8       ??1IBinObjFilter@libmedia@UModSys@@UEAA@XZ 0000000180005dc8 f i plugin_test1.obj
 0001:00004dc8       ??1IKeyboardController@libui@UModSys@@UEAA@XZ 0000000180005dc8 f i umodsys_lib_libui:umodsys.mod.ui.SDL_core.obj
 0001:00004dc8       ??1ITerminal@libui@UModSys@@UEAA@XZ 0000000180005dc8 f i umodsys_lib_libui:umodsys.mod.ui.SDL_core.obj
 0001:00004dc8       ??1IFrame@libui@UModSys@@UEAA@XZ 0000000180005dc8 f i umodsys_lib_libui:umodsys.mod.ui.frames.obj
 0001:00004dc8       ??1IShell@base@UModSys@@UEAA@XZ 0000000180005dc8 f i plugin_test1.obj
 0001:00004dc8       ??1IRenderDriver@lib2d@UModSys@@UEAA@XZ 0000000180005dc8 f i umodsys_lib_libui:umodsys.mod.ui.SDL_core.obj
 0001:00004dc8       ??1IMouseController@libui@UModSys@@UEAA@XZ 0000000180005dc8 f i umodsys_lib_libui:umodsys.mod.ui.SDL_core.obj
 0001:00004dd4       ?get_terminal@RRenderDriver2D@SDL_core@ui@modules@UModSys@@UEBAPEAUITerminal@libui@5@XZ 0000000180005dd4 f   umodsys_lib_libui:umodsys.mod.ui.SDL_core.obj
 0001:00004ddc       ?new_font@RRenderDriver2D@SDL_core@ui@modules@UModSys@@UEAA?AU?$TRefObject@UIMultiImage@lib2d@UModSys@@U?$TRefObjectFunc@UIMultiImage@lib2d@UModSys@@@tl@3@@tl@5@AEBUSParameters@core@5@AEBU?$TString@U?$TSCoreConst@D@su@tl@UModSys@@U?$TComparerBinaryHash@D@234@@75@@Z 0000000180005ddc f   umodsys_lib_libui:umodsys.mod.ui.SDL_core.obj
 0001:00004ee4       ?new_picture@RRenderDriver2D@SDL_core@ui@modules@UModSys@@UEAA?AU?$TRefObject@UIImage@lib2d@UModSys@@U?$TRefObjectFunc@UIImage@lib2d@UModSys@@@tl@3@@tl@5@AEBUSParameters@core@5@AEBU?$TString@U?$TSCoreConst@D@su@tl@UModSys@@U?$TComparerBinaryHash@D@234@@75@@Z 0000000180005ee4 f   umodsys_lib_libui:umodsys.mod.ui.SDL_core.obj
 0001:00004ef4       ?get_generated_names@RGenerator@SDL_core@ui@modules@UModSys@@UEBAHAEAUSUniquePtrList@core@5@@Z 0000000180005ef4 f i umodsys_lib_libui:umodsys.mod.ui.SDL_core.obj
 0001:00004f14       ?get_generated_types@RGenerator@SDL_core@ui@modules@UModSys@@UEBAHAEAUSUniquePtrList@core@5@PEBUSUniquePointerInfo@75@@Z 0000000180005f14 f i umodsys_lib_libui:umodsys.mod.ui.SDL_core.obj
 0001:00004f6c       ?generate@RGenerator@SDL_core@ui@modules@UModSys@@UEAA_NAEAU?$TRefObject@UIRefObject@core@UModSys@@U?$TRefObjectFunc@UIRefObject@core@UModSys@@@tl@3@@tl@5@PEBUSUniquePointerInfo@core@5@AEBUSParameters@95@@Z 0000000180005f6c f i umodsys_lib_libui:umodsys.mod.ui.SDL_core.obj
 0001:000050b0       ?root_get_interface_info@RGenerator@SDL_core@ui@modules@UModSys@@UEBAAEBUSUniquePointerInfo@core@5@XZ 00000001800060b0 f i umodsys_lib_libui:umodsys.mod.ui.SDL_core.obj
 0001:000050b8       ?root_get_interface_type@RGenerator@SDL_core@ui@modules@UModSys@@UEBAPEBUSUniquePointerInfo@core@5@XZ 00000001800060b8 f i umodsys_lib_libui:umodsys.mod.ui.SDL_core.obj
 0001:000050c0       ?root_get_other_interface@RGenerator@SDL_core@ui@modules@UModSys@@UEAAPEAUIRoot@core@5@PEBUSUniquePointerInfo@75@@Z 00000001800060c0 f i umodsys_lib_libui:umodsys.mod.ui.SDL_core.obj
 0001:000050c0       ?root_get_other_interface@RGenerator@SDL_core@ui@modules@UModSys@@UEBAPEBUIRoot@core@5@PEBUSUniquePointerInfo@75@@Z 00000001800060c0 f i umodsys_lib_libui:umodsys.mod.ui.SDL_core.obj
 0001:000050f8       ?root_is_interface_supported@RGenerator@SDL_core@ui@modules@UModSys@@UEBA_NPEBUSUniquePointerInfo@core@5@@Z 00000001800060f8 f i umodsys_lib_libui:umodsys.mod.ui.SDL_core.obj
 0001:00005130       ?get_uid@RGenerator@SDL_core@ui@modules@UModSys@@UEBAPEBUSUniquePointerInfo@core@5@XZ 0000000180006130 f i umodsys_lib_libui:umodsys.mod.ui.SDL_core.obj
 0001:00005138       ?do_open@RModuleReg@SDL_core@ui@modules@UModSys@@UEAA_NXZ 0000000180006138 f i umodsys_lib_libui:umodsys.mod.ui.SDL_core.obj
 0001:000051ac       ?do_close@RModuleReg@SDL_core@ui@modules@UModSys@@UEAA_NXZ 00000001800061ac f i umodsys_lib_libui:umodsys.mod.ui.SDL_core.obj
 0001:000051fc       ?get_module@RGenerator@SDL_core@ui@modules@UModSys@@UEBAPEAUIModule@base@5@XZ 00000001800061fc f   umodsys_lib_libui:umodsys.mod.ui.SDL_core.obj
 0001:00005204       ?mod_inc@RGenerator@SDL_core@ui@modules@UModSys@@UEBA_NXZ 0000000180006204 f   umodsys_lib_libui:umodsys.mod.ui.SDL_core.obj
 0001:00005214       ?mod_dec@RGenerator@SDL_core@ui@modules@UModSys@@UEBA_NXZ 0000000180006214 f   umodsys_lib_libui:umodsys.mod.ui.SDL_core.obj
 0001:00005228       ?s_holder@RGenerator@SDL_core@ui@modules@UModSys@@SAAEAU?$TTypeStaticHolder@URGenerator@SDL_core@ui@modules@UModSys@@@tl@5@XZ 0000000180006228 f   umodsys_lib_libui:umodsys.mod.ui.SDL_core.obj
 0001:0000526c       ??1?$TScatterArray@UGlyph@RMultiImage2D_SDL_ttf@SDL_core@ui@modules@UModSys@@HU?$TScalarCompare@H@core@6@U?$TNodeDeleter0@U?$TScatterArrayNode@UGlyph@RMultiImage2D_SDL_ttf@SDL_core@ui@modules@UModSys@@H@tl@UModSys@@@tl@6@@tl@UModSys@@QEAA@XZ 000000018000626c f i umodsys_lib_libui:umodsys.mod.ui.SDL_core.obj
 0001:000052e8       ??1?$TRefObject@URMultiImage2D_SDL_ttf@SDL_core@ui@modules@UModSys@@U?$TRefObjectWeakFunc@URMultiImage2D_SDL_ttf@SDL_core@ui@modules@UModSys@@@tl@5@@tl@UModSys@@QEAA@XZ 00000001800062e8 f i umodsys_lib_libui:umodsys.mod.ui.SDL_core.obj
 0001:000052e8       ??1?$TRefObject@URRenderDriver2D@SDL_core@ui@modules@UModSys@@U?$TRefObjectWeakFunc@URRenderDriver2D@SDL_core@ui@modules@UModSys@@@tl@5@@tl@UModSys@@QEAA@XZ 00000001800062e8 f i umodsys_lib_libui:umodsys.mod.ui.SDL_core.obj
 0001:0000531c       ?delete_node@?$TTreeHoldRBD@U?$TScatterArrayNode@U?$TRefObjectComposite@UIKeyboardClient@libui@UModSys@@UIRefObject@core@3@U?$TRefObjectFunc@UIRefObject@core@UModSys@@@tl@3@@tl@UModSys@@H@tl@UModSys@@U?$TNodeDeleter0@U?$TScatterArrayNode@U?$TRefObjectComposite@UIKeyboardClient@libui@UModSys@@UIRefObject@core@3@U?$TRefObjectFunc@UIRefObject@core@UModSys@@@tl@3@@tl@UModSys@@H@tl@UModSys@@@23@@tl@UModSys@@QEAAXPEAU?$TScatterArrayNode@U?$TRefObjectComposite@UIKeyboardClient@libui@UModSys@@UIRefObject@core@3@U?$TRefObjectFunc@UIRefObject@core@UModSys@@@tl@3@@tl@UModSys@@H@23@@Z 000000018000631c f i umodsys_lib_libui:umodsys.mod.ui.SDL_core.obj
 0001:0000531c       ?delete_node@?$TTreeHoldRBD@U?$TScatterArrayNode@U?$TRefObjectCompositeExtra@UIMouseClient@libui@UModSys@@HUIRefObject@core@3@U?$TRefObjectFunc@UIRefObject@core@UModSys@@@tl@3@@tl@UModSys@@H@tl@UModSys@@U?$TNodeDeleter0@U?$TScatterArrayNode@U?$TRefObjectCompositeExtra@UIMouseClient@libui@UModSys@@HUIRefObject@core@3@U?$TRefObjectFunc@UIRefObject@core@UModSys@@@tl@3@@tl@UModSys@@H@tl@UModSys@@@23@@tl@UModSys@@QEAAXPEAU?$TScatterArrayNode@U?$TRefObjectCompositeExtra@UIMouseClient@libui@UModSys@@HUIRefObject@core@3@U?$TRefObjectFunc@UIRefObject@core@UModSys@@@tl@3@@tl@UModSys@@H@23@@Z 000000018000631c f i umodsys_lib_libui:umodsys.mod.ui.SDL_core.obj
 0001:00005484       ??1?$TPair@HU?$TRefObjectComposite@UIKeyboardClient@libui@UModSys@@UIRefObject@core@3@U?$TRefObjectFunc@UIRefObject@core@UModSys@@@tl@3@@tl@UModSys@@@tl@UModSys@@QEAA@XZ 0000000180006484 f i umodsys_lib_libui:umodsys.mod.ui.SDL_core.obj
 0001:00005484       ??1?$TPair@HU?$TRefObjectCompositeExtra@UIMouseClient@libui@UModSys@@HUIRefObject@core@3@U?$TRefObjectFunc@UIRefObject@core@UModSys@@@tl@3@@tl@UModSys@@@tl@UModSys@@QEAA@XZ 0000000180006484 f i umodsys_lib_libui:umodsys.mod.ui.SDL_core.obj
 0001:000054cc       ??1?$TRefObjectComposite@UIKeyboardClient@libui@UModSys@@UIRefObject@core@3@U?$TRefObjectFunc@UIRefObject@core@UModSys@@@tl@3@@tl@UModSys@@QEAA@XZ 00000001800064cc f i umodsys_lib_libui:umodsys.mod.ui.SDL_core.obj
 0001:000054cc       ??1?$TRefObjectCompositeExtra@UIMouseClient@libui@UModSys@@HUIRefObject@core@3@U?$TRefObjectFunc@UIRefObject@core@UModSys@@@tl@3@@tl@UModSys@@QEAA@XZ 00000001800064cc f i umodsys_lib_libui:umodsys.mod.ui.SDL_core.obj
 0001:00005514       ?remove_color@?$TTreeHoldRB@U?$TScatterArrayNode@U?$TRefObjectCompositeExtra@UIMouseClient@libui@UModSys@@HUIRefObject@core@3@U?$TRefObjectFunc@UIRefObject@core@UModSys@@@tl@3@@tl@UModSys@@H@tl@UModSys@@@tl@UModSys@@IEAAXPEAU?$TScatterArrayNode@U?$TRefObjectCompositeExtra@UIMouseClient@libui@UModSys@@HUIRefObject@core@3@U?$TRefObjectFunc@UIRefObject@core@UModSys@@@tl@3@@tl@UModSys@@H@23@0@Z 0000000180006514 f i umodsys_lib_libui:umodsys.mod.ui.SDL_core.obj
 0001:00005514       ?remove_color@?$TTreeHoldRB@U?$TScatterArrayNode@U?$TRefObjectComposite@UIKeyboardClient@libui@UModSys@@UIRefObject@core@3@U?$TRefObjectFunc@UIRefObject@core@UModSys@@@tl@3@@tl@UModSys@@H@tl@UModSys@@@tl@UModSys@@IEAAXPEAU?$TScatterArrayNode@U?$TRefObjectComposite@UIKeyboardClient@libui@UModSys@@UIRefObject@core@3@U?$TRefObjectFunc@UIRefObject@core@UModSys@@@tl@3@@tl@UModSys@@H@23@0@Z 0000000180006514 f i umodsys_lib_libui:umodsys.mod.ui.SDL_core.obj
 0001:000057b4       ??$t_add@U?$TRefObject@URRenderDriver2D@SDL_core@ui@modules@UModSys@@U?$TRefObjectWeakFunc@URRenderDriver2D@SDL_core@ui@modules@UModSys@@@tl@5@@tl@UModSys@@URRenderDriver2D@SDL_core@ui@modules@3@@SDL_core@ui@modules@UModSys@@YA_NAEAU?$TScatterArray@U?$TRefObject@URRenderDriver2D@SDL_core@ui@modules@UModSys@@U?$TRefObjectWeakFunc@URRenderDriver2D@SDL_core@ui@modules@UModSys@@@tl@5@@tl@UModSys@@HU?$TScalarCompare@H@core@3@U?$TNodeDeleter0@U?$TScatterArrayNode@U?$TRefObject@URRenderDriver2D@SDL_core@ui@modules@UModSys@@U?$TRefObjectWeakFunc@URRenderDriver2D@SDL_core@ui@modules@UModSys@@@tl@5@@tl@UModSys@@H@tl@UModSys@@@23@@tl@3@PEAURRenderDriver2D@0123@@Z 00000001800067b4 f i umodsys_lib_libui:umodsys.mod.ui.SDL_core.obj
 0001:00005938       ??1?$TRefObject@URMediaFilter@images_std@media@modules@UModSys@@U?$TRefObjectFunc@URMediaFilter@images_std@media@modules@UModSys@@@tl@5@@tl@UModSys@@QEAA@XZ 0000000180006938 f i umodsys_lib_libmedia:umodsys.mod.media.images_std.obj
 0001:00005938       ??1?$TRefObject@UIMouseController@libui@UModSys@@U?$TRefObjectFunc@UIMouseController@libui@UModSys@@@tl@3@@tl@UModSys@@QEAA@XZ 0000000180006938 f i plugin_test1.obj
 0001:00005938       ??1?$TRefObject@URMouseController@SDL_core@ui@modules@UModSys@@U?$TRefObjectFunc@URMouseController@SDL_core@ui@modules@UModSys@@@tl@5@@tl@UModSys@@QEAA@XZ 0000000180006938 f i umodsys_lib_libui:umodsys.mod.ui.SDL_core.obj
 0001:00005938       ??1?$TRefObject@URFrame_Common@frames@ui@modules@UModSys@@U?$TRefObjectFunc@URFrame_Common@frames@ui@modules@UModSys@@@tl@5@@tl@UModSys@@QEAA@XZ 0000000180006938 f i umodsys_lib_libui:umodsys.mod.ui.frames.obj
 0001:00005938       ??1?$TRefObject@UIFrame@libui@UModSys@@U?$TRefObjectFunc@UIFrame@libui@UModSys@@@tl@3@@tl@UModSys@@QEAA@XZ 0000000180006938 f i umodsys_lib_libui:umodsys.mod.ui.frames.obj
 0001:00005938       ??1?$TRefObject@URDialog@frames@ui@modules@UModSys@@U?$TRefObjectFunc@URDialog@frames@ui@modules@UModSys@@@tl@5@@tl@UModSys@@QEAA@XZ 0000000180006938 f i umodsys_lib_libui:umodsys.mod.ui.frames.obj
 0001:00005938       ??1?$TRefObject@UIMultiImage@lib2d@UModSys@@U?$TRefObjectFunc@UIMultiImage@lib2d@UModSys@@@tl@3@@tl@UModSys@@QEAA@XZ 0000000180006938 f i plugin_test1.obj
 0001:00005938       ??1?$TRefObject@URTerminal@SDL_core@ui@modules@UModSys@@U?$TRefObjectFunc@URTerminal@SDL_core@ui@modules@UModSys@@@tl@5@@tl@UModSys@@QEAA@XZ 0000000180006938 f i umodsys_lib_libui:umodsys.mod.ui.SDL_core.obj
 0001:00005938       ??1?$TRefObject@UITerminal@libui@UModSys@@U?$TRefObjectFunc@UITerminal@libui@UModSys@@@tl@3@@tl@UModSys@@QEAA@XZ 0000000180006938 f i plugin_test1.obj
 0001:00005938       ??1?$TRefObject@UIKeyboardController@libui@UModSys@@U?$TRefObjectFunc@UIKeyboardController@libui@UModSys@@@tl@3@@tl@UModSys@@QEAA@XZ 0000000180006938 f i plugin_test1.obj
 0001:00005938       ??1?$TRefObject@URMultiImage2D_SDL_ttf@SDL_core@ui@modules@UModSys@@U?$TRefObjectFunc@URMultiImage2D_SDL_ttf@SDL_core@ui@modules@UModSys@@@tl@5@@tl@UModSys@@QEAA@XZ 0000000180006938 f i umodsys_lib_libui:umodsys.mod.ui.SDL_core.obj
 0001:00005938       ??1?$TRefObject@UIRefObject@core@UModSys@@U?$TRefObjectFunc@UIRefObject@core@UModSys@@@tl@3@@tl@UModSys@@QEAA@XZ 0000000180006938 f i plugin_test1.obj
 0001:00005938       ??1?$TRefObject@URKeyboardController@SDL_core@ui@modules@UModSys@@U?$TRefObjectFunc@URKeyboardController@SDL_core@ui@modules@UModSys@@@tl@5@@tl@UModSys@@QEAA@XZ 0000000180006938 f i umodsys_lib_libui:umodsys.mod.ui.SDL_core.obj
 0001:00005938       ??1?$TRefObject@URRenderDriver2D@SDL_core@ui@modules@UModSys@@U?$TRefObjectFunc@URRenderDriver2D@SDL_core@ui@modules@UModSys@@@tl@5@@tl@UModSys@@QEAA@XZ 0000000180006938 f i umodsys_lib_libui:umodsys.mod.ui.SDL_core.obj
 0001:00005938       ??1?$TRefObject@UIRenderDriver@lib2d@UModSys@@U?$TRefObjectFunc@UIRenderDriver@lib2d@UModSys@@@tl@3@@tl@UModSys@@QEAA@XZ 0000000180006938 f i plugin_test1.obj
 0001:00005938       ??1?$TRefObject@UICollector@libui@UModSys@@U?$TRefObjectFunc@UICollector@libui@UModSys@@@tl@3@@tl@UModSys@@QEAA@XZ 0000000180006938 f i plugin_test1.obj
 0001:00005938       ??1?$TRefObject@URCollector@frames@ui@modules@UModSys@@U?$TRefObjectFunc@URCollector@frames@ui@modules@UModSys@@@tl@5@@tl@UModSys@@QEAA@XZ 0000000180006938 f i umodsys_lib_libui:umodsys.mod.ui.frames.obj
 0001:0000595c       ??$process_nodes_r@U?$TNodeDeleter0@U?$TScatterArrayNode@UGlyph@RMultiImage2D_SDL_ttf@SDL_core@ui@modules@UModSys@@H@tl@UModSys@@@tl@UModSys@@@?$TTreeHoldRB@U?$TScatterArrayNode@UGlyph@RMultiImage2D_SDL_ttf@SDL_core@ui@modules@UModSys@@H@tl@UModSys@@@tl@UModSys@@KAHPEAU?$TScatterArrayNode@UGlyph@RMultiImage2D_SDL_ttf@SDL_core@ui@modules@UModSys@@H@12@AEBU?$TNodeDeleter0@U?$TScatterArrayNode@UGlyph@RMultiImage2D_SDL_ttf@SDL_core@ui@modules@UModSys@@H@tl@UModSys@@@12@@Z 000000018000695c f i umodsys_lib_libui:umodsys.mod.ui.SDL_core.obj
 0001:000059d4       ??$process_nodes_r@U?$TNodeDeleter0@U?$TScatterArrayNode@U?$TRefObjectComposite@UIKeyboardClient@libui@UModSys@@UIRefObject@core@3@U?$TRefObjectFunc@UIRefObject@core@UModSys@@@tl@3@@tl@UModSys@@H@tl@UModSys@@@tl@UModSys@@@?$TTreeHoldRB@U?$TScatterArrayNode@U?$TRefObjectComposite@UIKeyboardClient@libui@UModSys@@UIRefObject@core@3@U?$TRefObjectFunc@UIRefObject@core@UModSys@@@tl@3@@tl@UModSys@@H@tl@UModSys@@@tl@UModSys@@KAHPEAU?$TScatterArrayNode@U?$TRefObjectComposite@UIKeyboardClient@libui@UModSys@@UIRefObject@core@3@U?$TRefObjectFunc@UIRefObject@core@UModSys@@@tl@3@@tl@UModSys@@H@12@AEBU?$TNodeDeleter0@U?$TScatterArrayNode@U?$TRefObjectComposite@UIKeyboardClient@libui@UModSys@@UIRefObject@core@3@U?$TRefObjectFunc@UIRefObject@core@UModSys@@@tl@3@@tl@UModSys@@H@tl@UModSys@@@12@@Z 00000001800069d4 f i umodsys_lib_libui:umodsys.mod.ui.SDL_core.obj
 0001:000059d4       ??$process_nodes_r@U?$TNodeDeleter0@U?$TScatterArrayNode@U?$TRefObjectCompositeExtra@UIMouseClient@libui@UModSys@@HUIRefObject@core@3@U?$TRefObjectFunc@UIRefObject@core@UModSys@@@tl@3@@tl@UModSys@@H@tl@UModSys@@@tl@UModSys@@@?$TTreeHoldRB@U?$TScatterArrayNode@U?$TRefObjectCompositeExtra@UIMouseClient@libui@UModSys@@HUIRefObject@core@3@U?$TRefObjectFunc@UIRefObject@core@UModSys@@@tl@3@@tl@UModSys@@H@tl@UModSys@@@tl@UModSys@@KAHPEAU?$TScatterArrayNode@U?$TRefObjectCompositeExtra@UIMouseClient@libui@UModSys@@HUIRefObject@core@3@U?$TRefObjectFunc@UIRefObject@core@UModSys@@@tl@3@@tl@UModSys@@H@12@AEBU?$TNodeDeleter0@U?$TScatterArrayNode@U?$TRefObjectCompositeExtra@UIMouseClient@libui@UModSys@@HUIRefObject@core@3@U?$TRefObjectFunc@UIRefObject@core@UModSys@@@tl@3@@tl@UModSys@@H@tl@UModSys@@@12@@Z 00000001800069d4 f i umodsys_lib_libui:umodsys.mod.ui.SDL_core.obj
 0001:00005a68       ??$process_nodes_r@U?$TNodeDeleter0@U?$TScatterArrayNode@U?$TRefObject@URRenderDriver2D@SDL_core@ui@modules@UModSys@@U?$TRefObjectWeakFunc@URRenderDriver2D@SDL_core@ui@modules@UModSys@@@tl@5@@tl@UModSys@@H@tl@UModSys@@@tl@UModSys@@@?$TTreeHoldRB@U?$TScatterArrayNode@U?$TRefObject@URRenderDriver2D@SDL_core@ui@modules@UModSys@@U?$TRefObjectWeakFunc@URRenderDriver2D@SDL_core@ui@modules@UModSys@@@tl@5@@tl@UModSys@@H@tl@UModSys@@@tl@UModSys@@KAHPEAU?$TScatterArrayNode@U?$TRefObject@URRenderDriver2D@SDL_core@ui@modules@UModSys@@U?$TRefObjectWeakFunc@URRenderDriver2D@SDL_core@ui@modules@UModSys@@@tl@5@@tl@UModSys@@H@12@AEBU?$TNodeDeleter0@U?$TScatterArrayNode@U?$TRefObject@URRenderDriver2D@SDL_core@ui@modules@UModSys@@U?$TRefObjectWeakFunc@URRenderDriver2D@SDL_core@ui@modules@UModSys@@@tl@5@@tl@UModSys@@H@tl@UModSys@@@12@@Z 0000000180006a68 f i umodsys_lib_libui:umodsys.mod.ui.SDL_core.obj
 0001:00005afc       ?alloc@SMemShared@core@UModSys@@QEAA_N_KPEAUSSourceContext@23@@Z 0000000180006afc f i umodsys_lib_libui:umodsys.mod.ui.frames.obj
 0001:00005b80       ??1SController@libui@UModSys@@QEAA@XZ 0000000180006b80 f i umodsys_lib_libui:umodsys.mod.ui.frames.obj
 0001:00005bc8       ?db_get_i@SController@libui@UModSys@@QEAAHQEBD@Z 0000000180006bc8 f i umodsys_lib_libui:umodsys.mod.ui.frames.obj
 0001:00005c68       ?update_size@libui@UModSys@@YA_NAEAU?$TBoundBox2@H@math3d@2@AEBUSFrameSize@12@AEBU342@@Z 0000000180006c68 f i umodsys_lib_libui:umodsys.mod.ui.frames.obj
 0001:00005da0       ?command@SController@libui@UModSys@@QEAA_NHAEBUSFrameDataIn@23@@Z 0000000180006da0 f i umodsys_lib_libui:umodsys.mod.ui.frames.obj
 0001:00005e14       ?get_property@ICollectorThemeTemplate@libui@UModSys@@UEBA_NHHAEAU?$TVector4@M@math3d@3@@Z 0000000180006e14 f i umodsys_lib_libui:umodsys.mod.ui.frames.obj
 0001:00005ec8       ?get_property@ICollectorThemeTemplate@libui@UModSys@@UEBA_NHHAEAU?$TVector4@H@math3d@3@@Z 0000000180006ec8 f i umodsys_lib_libui:umodsys.mod.ui.frames.obj
 0001:00005fcc       ?get_property@ICollectorThemeTemplate@libui@UModSys@@UEBA_NHHAEAU?$TVector2@M@math3d@3@@Z 0000000180006fcc f i umodsys_lib_libui:umodsys.mod.ui.frames.obj
 0001:00006080       ?get_property@ICollectorThemeTemplate@libui@UModSys@@UEBA_NHHAEAU?$TVector2@H@math3d@3@@Z 0000000180007080 f i umodsys_lib_libui:umodsys.mod.ui.frames.obj
 0001:00006148       ?get_property@ICollectorThemeTemplate@libui@UModSys@@UEBA_NHHAEAH@Z 0000000180007148 f i umodsys_lib_libui:umodsys.mod.ui.frames.obj
 0001:000061f8       ?set_property@ICollectorThemeTemplate@libui@UModSys@@UEAA_NHHAEBU?$TVector4@M@math3d@3@@Z 00000001800071f8 f i umodsys_lib_libui:umodsys.mod.ui.frames.obj
 0001:0000623c       ?set_property@ICollectorThemeTemplate@libui@UModSys@@UEAA_NHHAEBU?$TVector4@H@math3d@3@@Z 000000018000723c f i umodsys_lib_libui:umodsys.mod.ui.frames.obj
 0001:000062e4       ?set_property@ICollectorThemeTemplate@libui@UModSys@@UEAA_NHHAEBU?$TVector2@M@math3d@3@@Z 00000001800072e4 f i umodsys_lib_libui:umodsys.mod.ui.frames.obj
 0001:00006324       ?set_property@ICollectorThemeTemplate@libui@UModSys@@UEAA_NHHAEBU?$TVector2@H@math3d@3@@Z 0000000180007324 f i umodsys_lib_libui:umodsys.mod.ui.frames.obj
 0001:00006380       ?set_property@ICollectorThemeTemplate@libui@UModSys@@UEAA_NHHH@Z 0000000180007380 f i umodsys_lib_libui:umodsys.mod.ui.frames.obj
 0001:00006464       ??1ICollectorThemeTemplate@libui@UModSys@@QEAA@XZ 0000000180007464 f i umodsys_lib_libui:umodsys.mod.ui.frames.obj
 0001:00006560       ?get_group_index@RCollectorTheme@frames@ui@modules@UModSys@@UEAAHPEBD@Z 0000000180007560 f   umodsys_lib_libui:umodsys.mod.ui.frames.obj
 0001:00006634       ?get_elem_index@RCollectorTheme@frames@ui@modules@UModSys@@UEAAHPEBD@Z 0000000180007634 f   umodsys_lib_libui:umodsys.mod.ui.frames.obj
 0001:000067f0       ??1RCollectorTheme@frames@ui@modules@UModSys@@QEAA@XZ 00000001800077f0 f   umodsys_lib_libui:umodsys.mod.ui.frames.obj
 0001:00006800       ?set_controller@RFrame_Common@frames@ui@modules@UModSys@@UEAA_NHPEAUIController@libui@5@PEAUIRefObject@core@5@@Z 0000000180007800 f i umodsys_lib_libui:umodsys.mod.ui.frames.obj
 0001:0000688c       ?get_controller@RFrame_Common@frames@ui@modules@UModSys@@UEAAPEAUIController@libui@5@XZ 000000018000788c f i umodsys_lib_libui:umodsys.mod.ui.frames.obj
 0001:00006894       ?get_controller_context@RFrame_Common@frames@ui@modules@UModSys@@UEAAHXZ 0000000180007894 f i umodsys_lib_libui:umodsys.mod.ui.frames.obj
 0001:0000689c       ?get_framesize@RFrame_Common@frames@ui@modules@UModSys@@UEAAAEBUSFrameSize@libui@5@XZ 000000018000789c f i umodsys_lib_libui:umodsys.mod.ui.frames.obj
 0001:000068a4       ?set_framesize@RFrame_Common@frames@ui@modules@UModSys@@UEAA_NAEBUSFrameSize@libui@5@@Z 00000001800078a4 f i umodsys_lib_libui:umodsys.mod.ui.frames.obj
 0001:000068c8       ?get_insize@RFrame_Common@frames@ui@modules@UModSys@@UEAA?AU?$TVector2@H@math3d@5@XZ 00000001800078c8 f i umodsys_lib_libui:umodsys.mod.ui.frames.obj
 0001:000068e0       ?get_theme@RFrame_Common@frames@ui@modules@UModSys@@UEAAPEAUICollectorTheme@libui@5@XZ 00000001800078e0 f i umodsys_lib_libui:umodsys.mod.ui.frames.obj
 0001:000068e8       ?draw_pre@RFrame_Common@frames@ui@modules@UModSys@@MEAA_NAEBUSDrawState@2345@@Z 00000001800078e8 f i umodsys_lib_libui:umodsys.mod.ui.frames.obj
 0001:000068e8       ?button_cmd@RFrame_Common@frames@ui@modules@UModSys@@MEAA_NPEAUSButton@2345@HH@Z 00000001800078e8 f i umodsys_lib_libui:umodsys.mod.ui.frames.obj
 0001:000068e8       ?draw_post@RFrame_Common@frames@ui@modules@UModSys@@MEAA_NAEBUSDrawState@2345@@Z 00000001800078e8 f i umodsys_lib_libui:umodsys.mod.ui.frames.obj
 0001:000068e8       ?button_draw@RFrame_Common@frames@ui@modules@UModSys@@MEAA_NPEAUSButton@2345@AEBUSDrawState@2345@H@Z 00000001800078e8 f i umodsys_lib_libui:umodsys.mod.ui.frames.obj
 0001:000068e8       ?controller_update@RFrame_Common@frames@ui@modules@UModSys@@UEAA_NXZ 00000001800078e8 f i umodsys_lib_libui:umodsys.mod.ui.frames.obj
 0001:000068ec       ?set_flag@RFrame_Common@frames@ui@modules@UModSys@@UEAA_NH_N@Z 00000001800078ec f   umodsys_lib_libui:umodsys.mod.ui.frames.obj
 0001:00006964       ?get_flag@RFrame_Common@frames@ui@modules@UModSys@@UEAA_NH@Z 0000000180007964 f   umodsys_lib_libui:umodsys.mod.ui.frames.obj
 0001:000069a0       ?get_maxbox@RCollector@frames@ui@modules@UModSys@@UEAA_NAEAU?$TBoundBox2@H@math3d@5@@Z 00000001800079a0 f   umodsys_lib_libui:umodsys.mod.ui.frames.obj
 0001:000069a0       ?key_setmodifier@RKeyboardController@SDL_core@ui@modules@UModSys@@UEAA_NHHH@Z 00000001800079a0 f   umodsys_lib_libui:umodsys.mod.ui.SDL_core.obj
 0001:000069a0       ?mouse_setvisible@RMouseController@SDL_core@ui@modules@UModSys@@UEAA_N_N@Z 00000001800079a0 f   umodsys_lib_libui:umodsys.mod.ui.SDL_core.obj
 0001:000069a0       ?get_minsize@RCollector@frames@ui@modules@UModSys@@UEAA_NAEAU?$TVector2@H@math3d@5@@Z 00000001800079a0 f   umodsys_lib_libui:umodsys.mod.ui.frames.obj
 0001:000069a0       ?filter_save@RMediaFilter@images_std@media@modules@UModSys@@UEAA_NAEAUSInfo@IBinObjFilter@libmedia@5@PEBUIRefObject@core@5@@Z 00000001800079a0 f   umodsys_lib_libmedia:umodsys.mod.media.images_std.obj
 0001:000069a0       ?output_attach_3d@RCollector@frames@ui@modules@UModSys@@UEAA_NPEAUIRenderDriver@lib3d@5@H@Z 00000001800079a0 f   umodsys_lib_libui:umodsys.mod.ui.frames.obj
 0001:000069a0       ?mouse_event@RFrame_Common@frames@ui@modules@UModSys@@MEAA_NPEBUSMouseInput@libui@5@@Z 00000001800079a0 f   umodsys_lib_libui:umodsys.mod.ui.frames.obj
 0001:000069a0       ?set_insize@RFrame_Common@frames@ui@modules@UModSys@@UEAA_NAEBU?$TVector2@H@math3d@5@@Z 00000001800079a0 f   umodsys_lib_libui:umodsys.mod.ui.frames.obj
 0001:000069a0       ?key_event@RFrame_Common@frames@ui@modules@UModSys@@MEAA_NAEBUSKeyboardInputRaw@libui@5@@Z 00000001800079a0 f   umodsys_lib_libui:umodsys.mod.ui.frames.obj
 0001:000069a0       ?command_draw@RTest1_Shell@test1@test@modules@UModSys@@UEAA_NAEBUSController@libui@5@PEAUIRenderDriver@lib2d@5@AEBU?$TBoundBox2@H@math3d@5@@Z 00000001800079a0 f   plugin_test1.obj
 0001:000069a0       ?set_layer_count@RMultiImage2D_SDL_ttf@SDL_core@ui@modules@UModSys@@UEAA_NH@Z 00000001800079a0 f   umodsys_lib_libui:umodsys.mod.ui.SDL_core.obj
 0001:000069a0       ?filter_load@RMediaFilter@images_std@media@modules@UModSys@@UEAA_NAEBUSInfo@IBinObjFilter@libmedia@5@AEAU?$TRefObject@UIRefObject@core@UModSys@@U?$TRefObjectFunc@UIRefObject@core@UModSys@@@tl@3@@tl@5@@Z 00000001800079a0 f   umodsys_lib_libmedia:umodsys.mod.media.images_std.obj
 0001:000069a0       ?set_parameters@RRenderDriver2D@SDL_core@ui@modules@UModSys@@UEAA_NPEBDAEBUSParameters@core@5@@Z 00000001800079a0 f   umodsys_lib_libui:umodsys.mod.ui.SDL_core.obj
 0001:000069a0       ?set_repeater@RFrame_Common@frames@ui@modules@UModSys@@UEAA_NHH@Z 00000001800079a0 f   umodsys_lib_libui:umodsys.mod.ui.frames.obj
 0001:000069a0       ?set_var_cell@RMultiImage2D_SDL_ttf@SDL_core@ui@modules@UModSys@@UEAA_NPEBUSImageCellInfo@lib2d@5@HH@Z 00000001800079a0 f   umodsys_lib_libui:umodsys.mod.ui.SDL_core.obj
 0001:000069a0       ?get_max_cell_size@RMultiImage2D_SDL_ttf@SDL_core@ui@modules@UModSys@@UEAA_NAEAU?$TVector2@H@math3d@5@@Z 00000001800079a0 f   umodsys_lib_libui:umodsys.mod.ui.SDL_core.obj
 0001:000069a0       ?key_setrepeat@RKeyboardController@SDL_core@ui@modules@UModSys@@UEAA_NMM@Z 00000001800079a0 f   umodsys_lib_libui:umodsys.mod.ui.SDL_core.obj
 0001:000069a0       ?key_reset@RKeyboardController@SDL_core@ui@modules@UModSys@@UEAA_NXZ 00000001800079a0 f   umodsys_lib_libui:umodsys.mod.ui.SDL_core.obj
 0001:000069a0       ?frame_remove@RCollector@frames@ui@modules@UModSys@@UEAA_NPEAUIFrame@libui@5@@Z 00000001800079a0 f   umodsys_lib_libui:umodsys.mod.ui.frames.obj
 0001:000069a0       ?key_event@RFrame_Common@frames@ui@modules@UModSys@@MEAA_NAEBUSKeyboardInputText@libui@5@@Z 00000001800079a0 f   umodsys_lib_libui:umodsys.mod.ui.frames.obj
 0001:000069a0       ?mouse_setposition@RMouseController@SDL_core@ui@modules@UModSys@@UEAA_NHH@Z 00000001800079a0 f   umodsys_lib_libui:umodsys.mod.ui.SDL_core.obj
 0001:000069a0       ?mouse_reset@RMouseController@SDL_core@ui@modules@UModSys@@UEAA_NXZ 00000001800079a0 f   umodsys_lib_libui:umodsys.mod.ui.SDL_core.obj
 0001:000069a0       ?set_fixed_cell@RMultiImage2D_SDL_ttf@SDL_core@ui@modules@UModSys@@UEAA_NHH@Z 00000001800079a0 f   umodsys_lib_libui:umodsys.mod.ui.SDL_core.obj
 0001:000069a0       ?get_cell_size@RMultiImage2D_SDL_ttf@SDL_core@ui@modules@UModSys@@UEAA_NHAEAU?$TVector2@H@math3d@5@PEAU675@@Z 00000001800079a0 f   umodsys_lib_libui:umodsys.mod.ui.SDL_core.obj
 0001:000069a0       ?set_hint@RMultiImage2D_SDL_ttf@SDL_core@ui@modules@UModSys@@UEAA_NPEBD0@Z 00000001800079a0 f   umodsys_lib_libui:umodsys.mod.ui.SDL_core.obj
 0001:000069a4       ?get_parent@RFrame_Common@frames@ui@modules@UModSys@@UEAAPEAUIFrame@libui@5@XZ 00000001800079a4 f   umodsys_lib_libui:umodsys.mod.ui.frames.obj
 0001:000069ac       ?find_context@RFrame_Common@frames@ui@modules@UModSys@@UEAAPEAUIFrame@libui@5@HPEAUIController@75@@Z 00000001800079ac f   umodsys_lib_libui:umodsys.mod.ui.frames.obj
 0001:00006a3c       ?configure@RFrame_Common@frames@ui@modules@UModSys@@UEAA_NPEBD0AEBUSParameters@core@5@@Z 0000000180007a3c f   umodsys_lib_libui:umodsys.mod.ui.frames.obj
 0001:00006b04       ?draw@RFrame_Common@frames@ui@modules@UModSys@@MEAA_NAEBUSDrawState@2345@@Z 0000000180007b04 f   umodsys_lib_libui:umodsys.mod.ui.frames.obj
 0001:00006b9c       ?draw_focus@RFrame_Common@frames@ui@modules@UModSys@@MEAA_NAEBUSDrawState@2345@@Z 0000000180007b9c f   umodsys_lib_libui:umodsys.mod.ui.frames.obj
 0001:00006c34       ?update_size@RFrame_Common@frames@ui@modules@UModSys@@MEAA_NAEBU?$TBoundBox2@H@math3d@5@@Z 0000000180007c34 f   umodsys_lib_libui:umodsys.mod.ui.frames.obj
 0001:00006c68       ?set_fcp@RFrame_Common@frames@ui@modules@UModSys@@MEAA_NAEBUSFrameCreateParameters@libui@5@PEBUSParameters@core@5@@Z 0000000180007c68 f   umodsys_lib_libui:umodsys.mod.ui.frames.obj
 0001:00006d5c       ?is_enabled@RFrame_Common@frames@ui@modules@UModSys@@MEAA_NXZ 0000000180007d5c f   umodsys_lib_libui:umodsys.mod.ui.frames.obj
 0001:00006da4       ??0RFrame_Common@frames@ui@modules@UModSys@@QEAA@PEAURCollector@1234@PEAU01234@@Z 0000000180007da4 f   umodsys_lib_libui:umodsys.mod.ui.frames.obj
 0001:00006ec4       ??_GRFrame_Common@frames@ui@modules@UModSys@@UEAAPEAXI@Z 0000000180007ec4 f i umodsys_lib_libui:umodsys.mod.ui.frames.obj
 0001:00006ec4       ??_ERFrame_Common@frames@ui@modules@UModSys@@UEAAPEAXI@Z 0000000180007ec4 f i  CIL library: CIL module
 0001:00006ef4       ??1RFrame_Common@frames@ui@modules@UModSys@@UEAA@XZ 0000000180007ef4 f   umodsys_lib_libui:umodsys.mod.ui.frames.obj
 0001:00007024       ?root_get_interface_info@RDialog@frames@ui@modules@UModSys@@UEBAAEBUSUniquePointerInfo@core@5@XZ 0000000180008024 f i umodsys_lib_libui:umodsys.mod.ui.frames.obj
 0001:0000702c       ?root_get_interface_type@RDialog@frames@ui@modules@UModSys@@UEBAPEBUSUniquePointerInfo@core@5@XZ 000000018000802c f i umodsys_lib_libui:umodsys.mod.ui.frames.obj
 0001:00007034       ?root_get_other_interface@RDialog@frames@ui@modules@UModSys@@UEBAPEBUIRoot@core@5@PEBUSUniquePointerInfo@75@@Z 0000000180008034 f i umodsys_lib_libui:umodsys.mod.ui.frames.obj
 0001:00007034       ?root_get_other_interface@RDialog@frames@ui@modules@UModSys@@UEAAPEAUIRoot@core@5@PEBUSUniquePointerInfo@75@@Z 0000000180008034 f i umodsys_lib_libui:umodsys.mod.ui.frames.obj
 0001:00007064       ?root_is_interface_supported@RDialog@frames@ui@modules@UModSys@@UEBA_NPEBUSUniquePointerInfo@core@5@@Z 0000000180008064 f i umodsys_lib_libui:umodsys.mod.ui.frames.obj
 0001:00007094       ?ref_weak@RRenderDriver2D@SDL_core@ui@modules@UModSys@@UEBA_NAEAUWeakPointer@IRefObject@core@5@@Z 0000000180008094 f i umodsys_lib_libui:umodsys.mod.ui.SDL_core.obj
 0001:00007094       ?ref_weak@RDialog@frames@ui@modules@UModSys@@UEBA_NAEAUWeakPointer@IRefObject@core@5@@Z 0000000180008094 f i umodsys_lib_libui:umodsys.mod.ui.frames.obj
 0001:00007094       ?ref_weak@RTerminal@SDL_core@ui@modules@UModSys@@UEBA_NAEAUWeakPointer@IRefObject@core@5@@Z 0000000180008094 f i umodsys_lib_libui:umodsys.mod.ui.SDL_core.obj
 0001:00007094       ?ref_weak@RKeyboardController@SDL_core@ui@modules@UModSys@@UEBA_NAEAUWeakPointer@IRefObject@core@5@@Z 0000000180008094 f i umodsys_lib_libui:umodsys.mod.ui.SDL_core.obj
 0001:00007094       ?ref_weak@RMultiImage2D_SDL_ttf@SDL_core@ui@modules@UModSys@@UEBA_NAEAUWeakPointer@IRefObject@core@5@@Z 0000000180008094 f i umodsys_lib_libui:umodsys.mod.ui.SDL_core.obj
 0001:00007094       ?ref_weak@RGenerator@SDL_core@ui@modules@UModSys@@UEBA_NAEAUWeakPointer@IRefObject@core@5@@Z 0000000180008094 f i umodsys_lib_libui:umodsys.mod.ui.SDL_core.obj
 0001:00007094       ?ref_weak@RGenerator@frames@ui@modules@UModSys@@UEBA_NAEAUWeakPointer@IRefObject@core@5@@Z 0000000180008094 f i umodsys_lib_libui:umodsys.mod.ui.frames.obj
 0001:00007094       ?ref_weak@RMouseController@SDL_core@ui@modules@UModSys@@UEBA_NAEAUWeakPointer@IRefObject@core@5@@Z 0000000180008094 f i umodsys_lib_libui:umodsys.mod.ui.SDL_core.obj
 0001:00007094       ?ref_weak@RGenerator@images_std@media@modules@UModSys@@UEBA_NAEAUWeakPointer@IRefObject@core@5@@Z 0000000180008094 f i umodsys_lib_libmedia:umodsys.mod.media.images_std.obj
 0001:00007094       ?ref_weak@RGenerator@test1@test@modules@UModSys@@UEBA_NAEAUWeakPointer@IRefObject@core@5@@Z 0000000180008094 f i plugin_test1.obj
 0001:000070b4       ?suicide@RDialog@frames@ui@modules@UModSys@@UEAAXXZ 00000001800080b4 f i umodsys_lib_libui:umodsys.mod.ui.frames.obj
 0001:000070b4       ?suicide@RRenderDriver2D@SDL_core@ui@modules@UModSys@@UEAAXXZ 00000001800080b4 f i umodsys_lib_libui:umodsys.mod.ui.SDL_core.obj
 0001:000070b4       ?suicide@RKeyboardController@SDL_core@ui@modules@UModSys@@UEAAXXZ 00000001800080b4 f i umodsys_lib_libui:umodsys.mod.ui.SDL_core.obj
 0001:000070b4       ?suicide@RMultiImage2D_SDL_ttf@SDL_core@ui@modules@UModSys@@UEAAXXZ 00000001800080b4 f i umodsys_lib_libui:umodsys.mod.ui.SDL_core.obj
 0001:000070b4       ?suicide@RMouseController@SDL_core@ui@modules@UModSys@@UEAAXXZ 00000001800080b4 f i umodsys_lib_libui:umodsys.mod.ui.SDL_core.obj
 0001:000070f8       ?get_root@RDialog@frames@ui@modules@UModSys@@UEAAPEAUIFrame@libui@5@XZ 00000001800080f8 f   umodsys_lib_libui:umodsys.mod.ui.frames.obj
 0001:00007100       ?get_focused@RDialog@frames@ui@modules@UModSys@@UEAAPEAUIFrame@libui@5@XZ 0000000180008100 f   umodsys_lib_libui:umodsys.mod.ui.frames.obj
 0001:00007108       ?set_focused@RDialog@frames@ui@modules@UModSys@@UEAA_NPEAUIFrame@libui@5@@Z 0000000180008108 f   umodsys_lib_libui:umodsys.mod.ui.frames.obj
 0001:00007180       ??_ERDialog@frames@ui@modules@UModSys@@UEAAPEAXI@Z 0000000180008180 f i  CIL library: CIL module
 0001:00007180       ??_GRDialog@frames@ui@modules@UModSys@@UEAAPEAXI@Z 0000000180008180 f i umodsys_lib_libui:umodsys.mod.ui.frames.obj
 0001:00007204       ?root_get_interface_info@RFrame_Frame@frames@ui@modules@UModSys@@UEBAAEBUSUniquePointerInfo@core@5@XZ 0000000180008204 f i umodsys_lib_libui:umodsys.mod.ui.frames.obj
 0001:0000720c       ?root_get_interface_type@RFrame_Frame@frames@ui@modules@UModSys@@UEBAPEBUSUniquePointerInfo@core@5@XZ 000000018000820c f i umodsys_lib_libui:umodsys.mod.ui.frames.obj
 0001:00007214       ?root_get_other_interface@RFrame_Frame@frames@ui@modules@UModSys@@UEAAPEAUIRoot@core@5@PEBUSUniquePointerInfo@75@@Z 0000000180008214 f i umodsys_lib_libui:umodsys.mod.ui.frames.obj
 0001:00007214       ?root_get_other_interface@RFrame_Frame@frames@ui@modules@UModSys@@UEBAPEBUIRoot@core@5@PEBUSUniquePointerInfo@75@@Z 0000000180008214 f i umodsys_lib_libui:umodsys.mod.ui.frames.obj
 0001:0000724c       ?root_is_interface_supported@RFrame_Frame@frames@ui@modules@UModSys@@UEBA_NPEBUSUniquePointerInfo@core@5@@Z 000000018000824c f i umodsys_lib_libui:umodsys.mod.ui.frames.obj
 0001:00007284       ?ref_add@RFrame_Image@frames@ui@modules@UModSys@@UEBAXXZ 0000000180008284 f i umodsys_lib_libui:umodsys.mod.ui.frames.obj
 0001:00007284       ?ref_add@RFrame_Button@frames@ui@modules@UModSys@@UEBAXXZ 0000000180008284 f i umodsys_lib_libui:umodsys.mod.ui.frames.obj
 0001:00007284       ?ref_add@RFrame_Frame@frames@ui@modules@UModSys@@UEBAXXZ 0000000180008284 f i umodsys_lib_libui:umodsys.mod.ui.frames.obj
 0001:0000728c       ?ref_remove@RFrame_Frame@frames@ui@modules@UModSys@@UEBAXXZ 000000018000828c f i umodsys_lib_libui:umodsys.mod.ui.frames.obj
 0001:0000728c       ?ref_remove@RFrame_Button@frames@ui@modules@UModSys@@UEBAXXZ 000000018000828c f i umodsys_lib_libui:umodsys.mod.ui.frames.obj
 0001:0000728c       ?ref_remove@RFrame_Image@frames@ui@modules@UModSys@@UEBAXXZ 000000018000828c f i umodsys_lib_libui:umodsys.mod.ui.frames.obj
 0001:000072a4       ?suicide@RFrame_Button@frames@ui@modules@UModSys@@UEAAXXZ 00000001800082a4 f i umodsys_lib_libui:umodsys.mod.ui.frames.obj
 0001:000072a4       ?suicide@RFrame_Frame@frames@ui@modules@UModSys@@UEAAXXZ 00000001800082a4 f i umodsys_lib_libui:umodsys.mod.ui.frames.obj
 0001:000072a4       ?suicide@RFrame_Image@frames@ui@modules@UModSys@@UEAAXXZ 00000001800082a4 f i umodsys_lib_libui:umodsys.mod.ui.frames.obj
 0001:000072ec       ?get_cids@RFrame_Frame@frames@ui@modules@UModSys@@UEAA?AU?$TString@U?$TSCoreConst@D@su@tl@UModSys@@U?$TComparerBinaryHash@D@234@@tl@5@XZ 00000001800082ec f i umodsys_lib_libui:umodsys.mod.ui.frames.obj
 0001:00007310       ?get_cidn@RFrame_Frame@frames@ui@modules@UModSys@@UEAAHXZ 0000000180008310 f i umodsys_lib_libui:umodsys.mod.ui.frames.obj
 0001:00007318       ?root_get_interface_info@RFrame_Image@frames@ui@modules@UModSys@@UEBAAEBUSUniquePointerInfo@core@5@XZ 0000000180008318 f i umodsys_lib_libui:umodsys.mod.ui.frames.obj
 0001:00007320       ?root_get_interface_type@RFrame_Image@frames@ui@modules@UModSys@@UEBAPEBUSUniquePointerInfo@core@5@XZ 0000000180008320 f i umodsys_lib_libui:umodsys.mod.ui.frames.obj
 0001:00007328       ?root_get_other_interface@RFrame_Image@frames@ui@modules@UModSys@@UEAAPEAUIRoot@core@5@PEBUSUniquePointerInfo@75@@Z 0000000180008328 f i umodsys_lib_libui:umodsys.mod.ui.frames.obj
 0001:00007328       ?root_get_other_interface@RFrame_Image@frames@ui@modules@UModSys@@UEBAPEBUIRoot@core@5@PEBUSUniquePointerInfo@75@@Z 0000000180008328 f i umodsys_lib_libui:umodsys.mod.ui.frames.obj
 0001:00007360       ?root_is_interface_supported@RFrame_Image@frames@ui@modules@UModSys@@UEBA_NPEBUSUniquePointerInfo@core@5@@Z 0000000180008360 f i umodsys_lib_libui:umodsys.mod.ui.frames.obj
 0001:00007398       ?ref_weak@RFrame_Image@frames@ui@modules@UModSys@@UEBA_NAEAUWeakPointer@IRefObject@core@5@@Z 0000000180008398 f i umodsys_lib_libui:umodsys.mod.ui.frames.obj
 0001:00007398       ?ref_weak@RFrame_Button@frames@ui@modules@UModSys@@UEBA_NAEAUWeakPointer@IRefObject@core@5@@Z 0000000180008398 f i umodsys_lib_libui:umodsys.mod.ui.frames.obj
 0001:00007398       ?ref_weak@RFrame_Frame@frames@ui@modules@UModSys@@UEBA_NAEAUWeakPointer@IRefObject@core@5@@Z 0000000180008398 f i umodsys_lib_libui:umodsys.mod.ui.frames.obj
 0001:000073bc       ?get_cids@RFrame_Image@frames@ui@modules@UModSys@@UEAA?AU?$TString@U?$TSCoreConst@D@su@tl@UModSys@@U?$TComparerBinaryHash@D@234@@tl@5@XZ 00000001800083bc f i umodsys_lib_libui:umodsys.mod.ui.frames.obj
 0001:000073e0       ?get_cidn@RFrame_Image@frames@ui@modules@UModSys@@UEAAHXZ 00000001800083e0 f i umodsys_lib_libui:umodsys.mod.ui.frames.obj
 0001:000073e8       ?root_get_interface_info@RFrame_Text@frames@ui@modules@UModSys@@UEBAAEBUSUniquePointerInfo@core@5@XZ 00000001800083e8 f i umodsys_lib_libui:umodsys.mod.ui.frames.obj
 0001:000073f0       ?root_get_interface_type@RFrame_Text@frames@ui@modules@UModSys@@UEBAPEBUSUniquePointerInfo@core@5@XZ 00000001800083f0 f i umodsys_lib_libui:umodsys.mod.ui.frames.obj
 0001:000073f8       ?root_get_other_interface@RFrame_Text@frames@ui@modules@UModSys@@UEBAPEBUIRoot@core@5@PEBUSUniquePointerInfo@75@@Z 00000001800083f8 f i umodsys_lib_libui:umodsys.mod.ui.frames.obj
 0001:000073f8       ?root_get_other_interface@RFrame_Text@frames@ui@modules@UModSys@@UEAAPEAUIRoot@core@5@PEBUSUniquePointerInfo@75@@Z 00000001800083f8 f i umodsys_lib_libui:umodsys.mod.ui.frames.obj
 0001:00007430       ?root_is_interface_supported@RFrame_Text@frames@ui@modules@UModSys@@UEBA_NPEBUSUniquePointerInfo@core@5@@Z 0000000180008430 f i umodsys_lib_libui:umodsys.mod.ui.frames.obj
 0001:00007468       ?ref_add@RFrame_Text@frames@ui@modules@UModSys@@UEBAXXZ 0000000180008468 f i umodsys_lib_libui:umodsys.mod.ui.frames.obj
 0001:00007468       ?ref_add@RFrame_Edit@frames@ui@modules@UModSys@@UEBAXXZ 0000000180008468 f i umodsys_lib_libui:umodsys.mod.ui.frames.obj
 0001:00007470       ?ref_links@RFrame_Text@frames@ui@modules@UModSys@@UEBAHXZ 0000000180008470 f i umodsys_lib_libui:umodsys.mod.ui.frames.obj
 0001:00007470       ?ref_links@RFrame_Edit@frames@ui@modules@UModSys@@UEBAHXZ 0000000180008470 f i umodsys_lib_libui:umodsys.mod.ui.frames.obj
 0001:00007478       ?suicide@RFrame_Edit@frames@ui@modules@UModSys@@UEAAXXZ 0000000180008478 f i umodsys_lib_libui:umodsys.mod.ui.frames.obj
 0001:00007478       ?suicide@RFrame_Text@frames@ui@modules@UModSys@@UEAAXXZ 0000000180008478 f i umodsys_lib_libui:umodsys.mod.ui.frames.obj
 0001:000074c0       ?get_cids@RFrame_Text@frames@ui@modules@UModSys@@UEAA?AU?$TString@U?$TSCoreConst@D@su@tl@UModSys@@U?$TComparerBinaryHash@D@234@@tl@5@XZ 00000001800084c0 f i umodsys_lib_libui:umodsys.mod.ui.frames.obj
 0001:000074c0       ?get_cids@RFrame_List@frames@ui@modules@UModSys@@UEAA?AU?$TString@U?$TSCoreConst@D@su@tl@UModSys@@U?$TComparerBinaryHash@D@234@@tl@5@XZ 00000001800084c0 f i umodsys_lib_libui:umodsys.mod.ui.frames.obj
 0001:000074c0       ?get_cids@RFrame_Button@frames@ui@modules@UModSys@@UEAA?AU?$TString@U?$TSCoreConst@D@su@tl@UModSys@@U?$TComparerBinaryHash@D@234@@tl@5@XZ 00000001800084c0 f i umodsys_lib_libui:umodsys.mod.ui.frames.obj
 0001:000074e4       ?get_ctrldata@RFrame_Button@frames@ui@modules@UModSys@@UEAAPEAUIControllerData@libui@5@XZ 00000001800084e4 f i umodsys_lib_libui:umodsys.mod.ui.frames.obj
 0001:000074e4       ?get_list@RFrame_Frame@frames@ui@modules@UModSys@@UEAAPEAUIFrameList@libui@5@XZ 00000001800084e4 f i umodsys_lib_libui:umodsys.mod.ui.frames.obj
 0001:000074e4       ?get_ctrldata@RFrame_Edit@frames@ui@modules@UModSys@@UEAAPEAUIControllerData@libui@5@XZ 00000001800084e4 f i umodsys_lib_libui:umodsys.mod.ui.frames.obj
 0001:000074e4       ?get_sub@RFrame_Common@frames@ui@modules@UModSys@@UEAAPEAUIFrame@libui@5@PEAU675@H@Z 00000001800084e4 f i umodsys_lib_libui:umodsys.mod.ui.frames.obj
 0001:000074e4       ?get_controller@RRenderDriver2D@SDL_core@ui@modules@UModSys@@UEBAPEAUIRefObject@core@5@PEBUSUniquePointerInfo@75@@Z 00000001800084e4 f i umodsys_lib_libui:umodsys.mod.ui.SDL_core.obj
 0001:000074e4       ?get_up_theme@RCollector@frames@ui@modules@UModSys@@UEAAPEAUICollectorTheme@libui@5@XZ 00000001800084e4 f i umodsys_lib_libui:umodsys.mod.ui.frames.obj
 0001:000074e4       ?get_ctrldata@RFrame_Frame@frames@ui@modules@UModSys@@UEAAPEAUIControllerData@libui@5@XZ 00000001800084e4 f i umodsys_lib_libui:umodsys.mod.ui.frames.obj
 0001:000074e4       ?get_ctrlcmd@RFrame_List@frames@ui@modules@UModSys@@UEAAPEAUIControllerCommand@libui@5@XZ 00000001800084e4 f i umodsys_lib_libui:umodsys.mod.ui.frames.obj
 0001:000074e4       ?get_data@RFrame_Frame@frames@ui@modules@UModSys@@UEAAPEAUIFrameData@libui@5@XZ 00000001800084e4 f i umodsys_lib_libui:umodsys.mod.ui.frames.obj
 0001:000074e4       ?get_ctrlcmd@RFrame_Button@frames@ui@modules@UModSys@@UEAAPEAUIControllerCommand@libui@5@XZ 00000001800084e4 f i umodsys_lib_libui:umodsys.mod.ui.frames.obj
 0001:000074e4       ?get_ctrldata@RFrame_Text@frames@ui@modules@UModSys@@UEAAPEAUIControllerData@libui@5@XZ 00000001800084e4 f i umodsys_lib_libui:umodsys.mod.ui.frames.obj
 0001:000074e4       ?get_ctrlcmd@RFrame_Image@frames@ui@modules@UModSys@@UEAAPEAUIControllerCommand@libui@5@XZ 00000001800084e4 f i umodsys_lib_libui:umodsys.mod.ui.frames.obj
 0001:000074e4       ?get_ctrldata@RFrame_Image@frames@ui@modules@UModSys@@UEAAPEAUIControllerData@libui@5@XZ 00000001800084e4 f i umodsys_lib_libui:umodsys.mod.ui.frames.obj
 0001:000074e4       ?get_handler@RTerminal@SDL_core@ui@modules@UModSys@@UEBAPEAUIRefObject@core@5@PEBUSUniquePointerInfo@75@PEBD@Z 00000001800084e4 f i umodsys_lib_libui:umodsys.mod.ui.SDL_core.obj
 0001:000074e4       ?get_list@RFrame_Text@frames@ui@modules@UModSys@@UEAAPEAUIFrameList@libui@5@XZ 00000001800084e4 f i umodsys_lib_libui:umodsys.mod.ui.frames.obj
 0001:000074e4       ?get_ctrlcmd@RFrame_Frame@frames@ui@modules@UModSys@@UEAAPEAUIControllerCommand@libui@5@XZ 00000001800084e4 f i umodsys_lib_libui:umodsys.mod.ui.frames.obj
 0001:000074e4       ?get_data@RFrame_Image@frames@ui@modules@UModSys@@UEAAPEAUIFrameData@libui@5@XZ 00000001800084e4 f i umodsys_lib_libui:umodsys.mod.ui.frames.obj
 0001:000074e4       ?get_layer@RMultiImage2D_SDL_ttf@SDL_core@ui@modules@UModSys@@UEAAPEAUIImage@lib2d@5@H@Z 00000001800084e4 f i umodsys_lib_libui:umodsys.mod.ui.SDL_core.obj
 0001:000074e4       ?get_ctrldata@RFrame_List@frames@ui@modules@UModSys@@UEAAPEAUIControllerData@libui@5@XZ 00000001800084e4 f i umodsys_lib_libui:umodsys.mod.ui.frames.obj
 0001:000074e4       ?get_list@RFrame_Image@frames@ui@modules@UModSys@@UEAAPEAUIFrameList@libui@5@XZ 00000001800084e4 f i umodsys_lib_libui:umodsys.mod.ui.frames.obj
 0001:000074e4       ?get_list@RFrame_Button@frames@ui@modules@UModSys@@UEAAPEAUIFrameList@libui@5@XZ 00000001800084e4 f i umodsys_lib_libui:umodsys.mod.ui.frames.obj
 0001:000074e4       ?get_ctrlcmd@RFrame_Edit@frames@ui@modules@UModSys@@UEAAPEAUIControllerCommand@libui@5@XZ 00000001800084e4 f i umodsys_lib_libui:umodsys.mod.ui.frames.obj
 0001:000074e4       ?get_friend_handler@RTerminal@SDL_core@ui@modules@UModSys@@UEBAPEAUIRefObject@core@5@PEBUSUniquePointerInfo@75@PEAU675@@Z 00000001800084e4 f i umodsys_lib_libui:umodsys.mod.ui.SDL_core.obj
 0001:000074e4       ?get_data@RFrame_Button@frames@ui@modules@UModSys@@UEAAPEAUIFrameData@libui@5@XZ 00000001800084e4 f i umodsys_lib_libui:umodsys.mod.ui.frames.obj
 0001:000074e4       ?get_list@RFrame_Edit@frames@ui@modules@UModSys@@UEAAPEAUIFrameList@libui@5@XZ 00000001800084e4 f i umodsys_lib_libui:umodsys.mod.ui.frames.obj
 0001:000074e4       ?get_ctrlcmd@RFrame_Text@frames@ui@modules@UModSys@@UEAAPEAUIControllerCommand@libui@5@XZ 00000001800084e4 f i umodsys_lib_libui:umodsys.mod.ui.frames.obj
 0001:000074e8       ??0RFrame_Frame@frames@ui@modules@UModSys@@QEAA@PEAURCollector@1234@PEAURFrame_Common@1234@@Z 00000001800084e8 f   umodsys_lib_libui:umodsys.mod.ui.frames.obj
 0001:00007568       ??_GRFrame_Frame@frames@ui@modules@UModSys@@UEAAPEAXI@Z 0000000180008568 f i umodsys_lib_libui:umodsys.mod.ui.frames.obj
 0001:00007568       ??_ERFrame_Frame@frames@ui@modules@UModSys@@UEAAPEAXI@Z 0000000180008568 f i  CIL library: CIL module
 0001:000075ac       ?draw_post@RFrame_Text@frames@ui@modules@UModSys@@MEAA_NAEBUSDrawState@2345@@Z 00000001800085ac f   umodsys_lib_libui:umodsys.mod.ui.frames.obj
 0001:00007804       ?set_fcp@RFrame_Text@frames@ui@modules@UModSys@@MEAA_NAEBUSFrameCreateParameters@libui@5@PEBUSParameters@core@5@@Z 0000000180008804 f   umodsys_lib_libui:umodsys.mod.ui.frames.obj
 0001:000078cc       ?set_value@RFrame_Text@frames@ui@modules@UModSys@@UEAA_NHAEBUSFrameDataIn@libui@5@@Z 00000001800088cc f   umodsys_lib_libui:umodsys.mod.ui.frames.obj
 0001:000079a8       ?get_value@RFrame_Text@frames@ui@modules@UModSys@@UEAA_NHAEBUSFrameDataOut@libui@5@@Z 00000001800089a8 f   umodsys_lib_libui:umodsys.mod.ui.frames.obj
 0001:00007aa0       ??0RFrame_Text@frames@ui@modules@UModSys@@QEAA@PEAURCollector@1234@PEAURFrame_Common@1234@@Z 0000000180008aa0 f   umodsys_lib_libui:umodsys.mod.ui.frames.obj
 0001:00007b5c       ??_GRFrame_Text@frames@ui@modules@UModSys@@UEAAPEAXI@Z 0000000180008b5c f i umodsys_lib_libui:umodsys.mod.ui.frames.obj
 0001:00007b5c       ??_ERFrame_Text@frames@ui@modules@UModSys@@UEAAPEAXI@Z 0000000180008b5c f i  CIL library: CIL module
 0001:00007c0c       ?set_fcp@RFrame_Image@frames@ui@modules@UModSys@@MEAA_NAEBUSFrameCreateParameters@libui@5@PEBUSParameters@core@5@@Z 0000000180008c0c f   umodsys_lib_libui:umodsys.mod.ui.frames.obj
 0001:00007c9c       ?draw_pre@RFrame_Image@frames@ui@modules@UModSys@@MEAA_NAEBUSDrawState@2345@@Z 0000000180008c9c f   umodsys_lib_libui:umodsys.mod.ui.frames.obj
 0001:00007de0       ??0RFrame_Image@frames@ui@modules@UModSys@@QEAA@PEAURCollector@1234@PEAURFrame_Common@1234@@Z 0000000180008de0 f   umodsys_lib_libui:umodsys.mod.ui.frames.obj
 0001:00007e70       ??_GRFrame_Image@frames@ui@modules@UModSys@@UEAAPEAXI@Z 0000000180008e70 f i umodsys_lib_libui:umodsys.mod.ui.frames.obj
 0001:00007e70       ??_ERFrame_Image@frames@ui@modules@UModSys@@UEAAPEAXI@Z 0000000180008e70 f i  CIL library: CIL module
 0001:00007ee0       ?root_get_interface_info@RFrame_Button@frames@ui@modules@UModSys@@UEBAAEBUSUniquePointerInfo@core@5@XZ 0000000180008ee0 f i umodsys_lib_libui:umodsys.mod.ui.frames.obj
 0001:00007ee8       ?root_get_interface_type@RFrame_Button@frames@ui@modules@UModSys@@UEBAPEBUSUniquePointerInfo@core@5@XZ 0000000180008ee8 f i umodsys_lib_libui:umodsys.mod.ui.frames.obj
 0001:00007ef0       ?root_get_interface_types@RGenerator@SDL_core@ui@modules@UModSys@@UEBA_KAEAUSUniquePtrList@core@5@@Z 0000000180008ef0 f i umodsys_lib_libui:umodsys.mod.ui.SDL_core.obj
 0001:00007ef0       ?root_get_interface_types@RMultiImage2D_SDL_ttf@SDL_core@ui@modules@UModSys@@UEBA_KAEAUSUniquePtrList@core@5@@Z 0000000180008ef0 f i umodsys_lib_libui:umodsys.mod.ui.SDL_core.obj
 0001:00007ef0       ?root_get_interface_types@RGenerator@images_std@media@modules@UModSys@@UEBA_KAEAUSUniquePtrList@core@5@@Z 0000000180008ef0 f i umodsys_lib_libmedia:umodsys.mod.media.images_std.obj
 0001:00007ef0       ?root_get_interface_types@RGenerator@test1@test@modules@UModSys@@UEBA_KAEAUSUniquePtrList@core@5@@Z 0000000180008ef0 f i plugin_test1.obj
 0001:00007ef0       ?root_get_interface_types@RFrame_Image@frames@ui@modules@UModSys@@UEBA_KAEAUSUniquePtrList@core@5@@Z 0000000180008ef0 f i umodsys_lib_libui:umodsys.mod.ui.frames.obj
 0001:00007ef0       ?root_get_interface_types@RFrame_Text@frames@ui@modules@UModSys@@UEBA_KAEAUSUniquePtrList@core@5@@Z 0000000180008ef0 f i umodsys_lib_libui:umodsys.mod.ui.frames.obj
 0001:00007ef0       ?root_get_interface_types@RGenerator@frames@ui@modules@UModSys@@UEBA_KAEAUSUniquePtrList@core@5@@Z 0000000180008ef0 f i umodsys_lib_libui:umodsys.mod.ui.frames.obj
 0001:00007ef0       ?root_get_interface_types@RTest1_Shell@test1@test@modules@UModSys@@UEBA_KAEAUSUniquePtrList@core@5@@Z 0000000180008ef0 f i plugin_test1.obj
 0001:00007ef0       ?root_get_interface_types@RKeyboardController@SDL_core@ui@modules@UModSys@@UEBA_KAEAUSUniquePtrList@core@5@@Z 0000000180008ef0 f i umodsys_lib_libui:umodsys.mod.ui.SDL_core.obj
 0001:00007ef0       ?root_get_interface_types@RFrame_Edit@frames@ui@modules@UModSys@@UEBA_KAEAUSUniquePtrList@core@5@@Z 0000000180008ef0 f i umodsys_lib_libui:umodsys.mod.ui.frames.obj
 0001:00007ef0       ?root_get_interface_types@RCollector@frames@ui@modules@UModSys@@UEBA_KAEAUSUniquePtrList@core@5@@Z 0000000180008ef0 f i umodsys_lib_libui:umodsys.mod.ui.frames.obj
 0001:00007ef0       ?root_get_interface_types@RDialog@frames@ui@modules@UModSys@@UEBA_KAEAUSUniquePtrList@core@5@@Z 0000000180008ef0 f i umodsys_lib_libui:umodsys.mod.ui.frames.obj
 0001:00007ef0       ?root_get_interface_types@RFrame_Button@frames@ui@modules@UModSys@@UEBA_KAEAUSUniquePtrList@core@5@@Z 0000000180008ef0 f i umodsys_lib_libui:umodsys.mod.ui.frames.obj
 0001:00007ef0       ?root_get_interface_types@RRenderDriver2D@SDL_core@ui@modules@UModSys@@UEBA_KAEAUSUniquePtrList@core@5@@Z 0000000180008ef0 f i umodsys_lib_libui:umodsys.mod.ui.SDL_core.obj
 0001:00007ef0       ?root_get_interface_types@RFrame_List@frames@ui@modules@UModSys@@UEBA_KAEAUSUniquePtrList@core@5@@Z 0000000180008ef0 f i umodsys_lib_libui:umodsys.mod.ui.frames.obj
 0001:00007ef0       ?root_get_interface_types@RTerminal@SDL_core@ui@modules@UModSys@@UEBA_KAEAUSUniquePtrList@core@5@@Z 0000000180008ef0 f i umodsys_lib_libui:umodsys.mod.ui.SDL_core.obj
 0001:00007ef0       ?root_get_interface_types@RMediaFilter@images_std@media@modules@UModSys@@UEBA_KAEAUSUniquePtrList@core@5@@Z 0000000180008ef0 f i umodsys_lib_libmedia:umodsys.mod.media.images_std.obj
 0001:00007ef0       ?root_get_interface_types@RFrame_Frame@frames@ui@modules@UModSys@@UEBA_KAEAUSUniquePtrList@core@5@@Z 0000000180008ef0 f i umodsys_lib_libui:umodsys.mod.ui.frames.obj
 0001:00007ef0       ?root_get_interface_types@RMouseController@SDL_core@ui@modules@UModSys@@UEBA_KAEAUSUniquePtrList@core@5@@Z 0000000180008ef0 f i umodsys_lib_libui:umodsys.mod.ui.SDL_core.obj
 0001:00007ef8       ?root_get_other_interface@RFrame_Button@frames@ui@modules@UModSys@@UEBAPEBUIRoot@core@5@PEBUSUniquePointerInfo@75@@Z 0000000180008ef8 f i umodsys_lib_libui:umodsys.mod.ui.frames.obj
 0001:00007ef8       ?root_get_other_interface@RFrame_Button@frames@ui@modules@UModSys@@UEAAPEAUIRoot@core@5@PEBUSUniquePointerInfo@75@@Z 0000000180008ef8 f i umodsys_lib_libui:umodsys.mod.ui.frames.obj
 0001:00007f30       ?root_is_interface_supported@RFrame_Button@frames@ui@modules@UModSys@@UEBA_NPEBUSUniquePointerInfo@core@5@@Z 0000000180008f30 f i umodsys_lib_libui:umodsys.mod.ui.frames.obj
 0001:00007f68       ?ref_links@RFrame_Frame@frames@ui@modules@UModSys@@UEBAHXZ 0000000180008f68 f i umodsys_lib_libui:umodsys.mod.ui.frames.obj
[...]
 0001:00011bb4       ??__E?s_id@?$TObjectUniqueID@URLines_Filter@test1@test@modules@UModSys@@@tl@UModSys@@2USUniquePointer@core@3@A@@YAXXZ 0000000180012bb4 f    CIL library: CIL module
 0001:00011be8       ??__E?s_id@?$TObjectUniqueID@URTest1_Shell@test1@test@modules@UModSys@@@tl@UModSys@@2USUniquePointer@core@3@A@@YAXXZ 0000000180012be8 f    CIL library: CIL module
 0001:00011c1c       ??__E?s_id@?$TObjectUniqueID@URGenerator@test1@test@modules@UModSys@@@tl@UModSys@@2USUniquePointer@core@3@A@@YAXXZ 0000000180012c1c f    CIL library: CIL module
 0001:00011c50       ??__E?s_modreg@RModuleReg@SDL_core@ui@modules@UModSys@@2U12345@A@@YAXXZ 0000000180012c50 f    CIL library: CIL module
 0001:00011c9c       ??__E?s_modreg_chain@RModuleReg@SDL_core@ui@modules@UModSys@@2USModuleRegChain@base@5@A@@YAXXZ 0000000180012c9c f    CIL library: CIL module
 0001:00011cc4       ??__E?s_uid@RGenerator@SDL_core@ui@modules@UModSys@@2USUniquePointer@core@5@A@@YAXXZ 0000000180012cc4 f    CIL library: CIL module
 0001:00011cf8       ??__E?s_id@?$TObjectUniqueID@URMultiImage2D_SDL_ttf@SDL_core@ui@modules@UModSys@@@tl@UModSys@@2USUniquePointer@core@3@A@@YAXXZ 0000000180012cf8 f    CIL library: CIL module
 0001:00011d2c       ??__E?s_id@?$TObjectUniqueID@URRenderDriver2D@SDL_core@ui@modules@UModSys@@@tl@UModSys@@2USUniquePointer@core@3@A@@YAXXZ 0000000180012d2c f    CIL library: CIL module
 0001:00011d60       ??__E?s_id@?$TObjectUniqueID@URMouseController@SDL_core@ui@modules@UModSys@@@tl@UModSys@@2USUniquePointer@core@3@A@@YAXXZ 0000000180012d60 f    CIL library: CIL module
 0001:00011d94       ??__E?s_id@?$TObjectUniqueID@URKeyboardController@SDL_core@ui@modules@UModSys@@@tl@UModSys@@2USUniquePointer@core@3@A@@YAXXZ 0000000180012d94 f    CIL library: CIL module
 0001:00011dc8       ??__E?s_id@?$TObjectUniqueID@URTerminal@SDL_core@ui@modules@UModSys@@@tl@UModSys@@2USUniquePointer@core@3@A@@YAXXZ 0000000180012dc8 f    CIL library: CIL module
 0001:00011dfc       ??__E?s_id@?$TObjectUniqueID@URGenerator@SDL_core@ui@modules@UModSys@@@tl@UModSys@@2USUniquePointer@core@3@A@@YAXXZ 0000000180012dfc f    CIL library: CIL module
 0001:00011e30       ??__E?s_modreg@RModuleReg@frames@ui@modules@UModSys@@2U12345@A@@YAXXZ 0000000180012e30 f    CIL library: CIL module
 0001:00011e7c       ??__E?s_modreg_chain@RModuleReg@frames@ui@modules@UModSys@@2USModuleRegChain@base@5@A@@YAXXZ 0000000180012e7c f    CIL library: CIL module
 0001:00011ea4       ??__E?s_uid@RGenerator@frames@ui@modules@UModSys@@2USUniquePointer@core@5@A@@YAXXZ 0000000180012ea4 f    CIL library: CIL module
 0001:00011ed8       ??__E?s_id@?$TObjectUniqueID@URFrame_Common@frames@ui@modules@UModSys@@@tl@UModSys@@2USUniquePointer@core@3@A@@YAXXZ 0000000180012ed8 f    CIL library: CIL module
 0001:00011f0c       ??__E?s_id@?$TObjectUniqueID@URDialog@frames@ui@modules@UModSys@@@tl@UModSys@@2USUniquePointer@core@3@A@@YAXXZ 0000000180012f0c f    CIL library: CIL module
 0001:00011f40       ??__E?s_id@?$TObjectUniqueID@URFrame_Frame@frames@ui@modules@UModSys@@@tl@UModSys@@2USUniquePointer@core@3@A@@YAXXZ 0000000180012f40 f    CIL library: CIL module
 0001:00011f74       ??__E?s_id@?$TObjectUniqueID@URFrame_Image@frames@ui@modules@UModSys@@@tl@UModSys@@2USUniquePointer@core@3@A@@YAXXZ 0000000180012f74 f    CIL library: CIL module
 0001:00011fa8       ??__E?s_id@?$TObjectUniqueID@URFrame_Text@frames@ui@modules@UModSys@@@tl@UModSys@@2USUniquePointer@core@3@A@@YAXXZ 0000000180012fa8 f    CIL library: CIL module
 0001:00011fdc       ??__E?s_id@?$TObjectUniqueID@URFrame_Button@frames@ui@modules@UModSys@@@tl@UModSys@@2USUniquePointer@core@3@A@@YAXXZ 0000000180012fdc f    CIL library: CIL module
 0001:00012010       ??__E?s_id@?$TObjectUniqueID@URFrame_Edit@frames@ui@modules@UModSys@@@tl@UModSys@@2USUniquePointer@core@3@A@@YAXXZ 0000000180013010 f    CIL library: CIL module
 0001:00012044       ??__E?s_id@?$TObjectUniqueID@URFrame_List@frames@ui@modules@UModSys@@@tl@UModSys@@2USUniquePointer@core@3@A@@YAXXZ 0000000180013044 f    CIL library: CIL module
 0001:00012078       ??__E?s_id@?$TObjectUniqueID@URCollector@frames@ui@modules@UModSys@@@tl@UModSys@@2USUniquePointer@core@3@A@@YAXXZ 0000000180013078 f    CIL library: CIL module
 0001:000120ac       ??__E?s_id@?$TObjectUniqueID@URGenerator@frames@ui@modules@UModSys@@@tl@UModSys@@2USUniquePointer@core@3@A@@YAXXZ 00000001800130ac f    CIL library: CIL module
 0001:000120e0       ??__E?s_modreg@RModuleReg@images_std@media@modules@UModSys@@2U12345@A@@YAXXZ 00000001800130e0 f    CIL library: CIL module
 0001:0001212c       ??__E?s_modreg_chain@RModuleReg@images_std@media@modules@UModSys@@2USModuleRegChain@base@5@A@@YAXXZ 000000018001312c f    CIL library: CIL module
 0001:00012154       ??__E?s_uid@RGenerator@images_std@media@modules@UModSys@@2USUniquePointer@core@5@A@@YAXXZ 0000000180013154 f    CIL library: CIL module
 0001:00012188       ??__E?s_id@?$TObjectUniqueID@URMediaFilter@images_std@media@modules@UModSys@@@tl@UModSys@@2USUniquePointer@core@3@A@@YAXXZ 0000000180013188 f    CIL library: CIL module
 0001:000121bc       ??__E?s_id@?$TObjectUniqueID@URGenerator@images_std@media@modules@UModSys@@@tl@UModSys@@2USUniquePointer@core@3@A@@YAXXZ 00000001800131bc f    CIL library: CIL module
 0001:000121f0       ??__EM@UModSys@@YAXXZ      00000001800131f0 f    CIL library: CIL module
 0001:000121fc       ??__E?root@SModuleRegChain@base@UModSys@@2U123@A@@YAXXZ 00000001800131fc f    CIL library: CIL module
 0001:00012208       ??__E?s_library@RModuleLibraryReg_Chain@base@UModSys@@2U123@A@@YAXXZ 0000000180013208 f    CIL library: CIL module
 0001:00012214       ??__E?root@SUniquePointer@core@UModSys@@2U123@A@@YAXXZ 0000000180013214 f    CIL library: CIL module
 0001:00012220       ??__F?s_modreg@RModuleReg@test1@test@modules@UModSys@@2U12345@A@@YAXXZ 0000000180013220 f    CIL library: CIL module
 0001:00012230       ??__F?s_modreg_chain@RModuleReg@test1@test@modules@UModSys@@2USModuleRegChain@base@5@A@@YAXXZ 0000000180013230 f    CIL library: CIL module
 0001:00012270       ??__F?s_uid@RGenerator@test1@test@modules@UModSys@@2USUniquePointer@core@5@A@@YAXXZ 0000000180013270 f    CIL library: CIL module
 0001:0001227c       ??__Fh@?1??s_holder@RGenerator@test1@test@modules@UModSys@@SAAEAU?$TTypeStaticHolder@URGenerator@test1@test@modules@UModSys@@@tl@5@XZ@YAXXZ 000000018001327c f    CIL library: CIL module
 0001:000122a4       ??__F?s_id@?$TObjectUniqueID@URGenerator@test1@test@modules@UModSys@@@tl@UModSys@@2USUniquePointer@core@3@A@@YAXXZ 00000001800132a4 f    CIL library: CIL module
 0001:000122b0       ??__F?s_id@?$TObjectUniqueID@URTest1_Shell@test1@test@modules@UModSys@@@tl@UModSys@@2USUniquePointer@core@3@A@@YAXXZ 00000001800132b0 f    CIL library: CIL module
 0001:000122bc       ??__F?s_id@?$TObjectUniqueID@URLines_Filter@test1@test@modules@UModSys@@@tl@UModSys@@2USUniquePointer@core@3@A@@YAXXZ 00000001800132bc f    CIL library: CIL module
 0001:000122c8       ??__F?s_id@?$TObjectUniqueID@URLines@test1@test@modules@UModSys@@@tl@UModSys@@2USUniquePointer@core@3@A@@YAXXZ 00000001800132c8 f    CIL library: CIL module
 0001:000122d4       ??__F?s_id@?$TObjectUniqueID@UILines@test1@test@modules@UModSys@@@tl@UModSys@@2USUniquePointer@core@3@A@@YAXXZ 00000001800132d4 f    CIL library: CIL module
 0001:000122e0       ??__F?s_id@?$TObjectUniqueID@UIRenderDriver@lib2d@UModSys@@@tl@UModSys@@2USUniquePointer@core@3@A@@YAXXZ 00000001800132e0 f    CIL library: CIL module
 0001:000122ec       ??__F?s_id@?$TObjectUniqueID@UIMultiImage@lib2d@UModSys@@@tl@UModSys@@2USUniquePointer@core@3@A@@YAXXZ 00000001800132ec f    CIL library: CIL module
 0001:000122f8       ??__F?s_id@?$TObjectUniqueID@UIImage@lib2d@UModSys@@@tl@UModSys@@2USUniquePointer@core@3@A@@YAXXZ 00000001800132f8 f    CIL library: CIL module
 0001:00012304       ??__F?s_id@?$TObjectUniqueID@UIDialog@libui@UModSys@@@tl@UModSys@@2USUniquePointer@core@3@A@@YAXXZ 0000000180013304 f    CIL library: CIL module
 0001:00012310       ??__F?s_id@?$TObjectUniqueID@UIFrame@libui@UModSys@@@tl@UModSys@@2USUniquePointer@core@3@A@@YAXXZ 0000000180013310 f    CIL library: CIL module
 0001:0001231c       ??__F?s_id@?$TObjectUniqueID@UIAsyncCollector@libui@UModSys@@@tl@UModSys@@2USUniquePointer@core@3@A@@YAXXZ 000000018001331c f    CIL library: CIL module
 0001:00012328       ??__F?s_id@?$TObjectUniqueID@UIAsyncController@libui@UModSys@@@tl@UModSys@@2USUniquePointer@core@3@A@@YAXXZ 0000000180013328 f    CIL library: CIL module
 0001:00012334       ??__F?s_id@?$TObjectUniqueID@UICollector@libui@UModSys@@@tl@UModSys@@2USUniquePointer@core@3@A@@YAXXZ 0000000180013334 f    CIL library: CIL module
 0001:00012340       ??__F?s_id@?$TObjectUniqueID@UIConsoleHelperInput_UIKey@libui@UModSys@@@tl@UModSys@@2USUniquePointer@core@3@A@@YAXXZ 0000000180013340 f    CIL library: CIL module
 0001:0001234c       ??__F?s_id@?$TObjectUniqueID@UITerminal@libui@UModSys@@@tl@UModSys@@2USUniquePointer@core@3@A@@YAXXZ 000000018001334c f    CIL library: CIL module
 0001:00012358       ??__F?s_id@?$TObjectUniqueID@UIJoystickController@libui@UModSys@@@tl@UModSys@@2USUniquePointer@core@3@A@@YAXXZ 0000000180013358 f    CIL library: CIL module
 0001:00012364       ??__F?s_id@?$TObjectUniqueID@UIMouseController@libui@UModSys@@@tl@UModSys@@2USUniquePointer@core@3@A@@YAXXZ 0000000180013364 f    CIL library: CIL module
 0001:00012370       ??__F?s_id@?$TObjectUniqueID@UIKeyboardController@libui@UModSys@@@tl@UModSys@@2USUniquePointer@core@3@A@@YAXXZ 0000000180013370 f    CIL library: CIL module
 0001:0001237c       ??__F?s_id@?$TObjectUniqueID@UIConsoleHelperOutputFCS@base@UModSys@@@tl@UModSys@@2USUniquePointer@core@3@A@@YAXXZ 000000018001337c f    CIL library: CIL module
 0001:00012388       ??__F?s_id@?$TObjectUniqueID@UIConsoleHelperOutput@base@UModSys@@@tl@UModSys@@2USUniquePointer@core@3@A@@YAXXZ 0000000180013388 f    CIL library: CIL module
 0001:00012394       ??__F?s_id@?$TObjectUniqueID@UIConsoleHelperInput@base@UModSys@@@tl@UModSys@@2USUniquePointer@core@3@A@@YAXXZ 0000000180013394 f    CIL library: CIL module
 0001:000123a0       ??__F?s_id@?$TObjectUniqueID@UIConsoleHelperHistory@base@UModSys@@@tl@UModSys@@2USUniquePointer@core@3@A@@YAXXZ 00000001800133a0 f    CIL library: CIL module
 0001:000123ac       ??__F?s_id@?$TObjectUniqueID@UIConsoleHelper@base@UModSys@@@tl@UModSys@@2USUniquePointer@core@3@A@@YAXXZ 00000001800133ac f    CIL library: CIL module
 0001:000123b8       ??__F?s_id@?$TObjectUniqueID@UIConsoleExt@base@UModSys@@@tl@UModSys@@2USUniquePointer@core@3@A@@YAXXZ 00000001800133b8 f    CIL library: CIL module
 0001:000123c4       ??__F?s_id@?$TObjectUniqueID@UILibraryLayered@libmedia@UModSys@@@tl@UModSys@@2USUniquePointer@core@3@A@@YAXXZ 00000001800133c4 f    CIL library: CIL module
 0001:000123d0       ??__F?s_id@?$TObjectUniqueID@UILibraryObjCache@libmedia@UModSys@@@tl@UModSys@@2USUniquePointer@core@3@A@@YAXXZ 00000001800133d0 f    CIL library: CIL module
 0001:000123dc       ??__F?s_id@?$TObjectUniqueID@UILibraryObjFilter@libmedia@UModSys@@@tl@UModSys@@2USUniquePointer@core@3@A@@YAXXZ 00000001800133dc f    CIL library: CIL module
 0001:000123e8       ??__F?s_id@?$TObjectUniqueID@UILibraryBinCache@libmedia@UModSys@@@tl@UModSys@@2USUniquePointer@core@3@A@@YAXXZ 00000001800133e8 f    CIL library: CIL module
 0001:000123f4       ??__F?s_id@?$TObjectUniqueID@UILibraryBinTree@libmedia@UModSys@@@tl@UModSys@@2USUniquePointer@core@3@A@@YAXXZ 00000001800133f4 f    CIL library: CIL module
 0001:00012400       ??__F?s_id@?$TObjectUniqueID@UILibrary@libmedia@UModSys@@@tl@UModSys@@2USUniquePointer@core@3@A@@YAXXZ 0000000180013400 f    CIL library: CIL module
 0001:0001240c       ??__F?s_id@?$TObjectUniqueID@UIBinObjFilter@libmedia@UModSys@@@tl@UModSys@@2USUniquePointer@core@3@A@@YAXXZ 000000018001340c f    CIL library: CIL module
 0001:00012418       ??__F?s_id@?$TObjectUniqueID@UIBinArchive@libmedia@UModSys@@@tl@UModSys@@2USUniquePointer@core@3@A@@YAXXZ 0000000180013418 f    CIL library: CIL module
 0001:00012424       ??__F?s_id@?$TObjectUniqueID@UIStreamWriter@libmedia@UModSys@@@tl@UModSys@@2USUniquePointer@core@3@A@@YAXXZ 0000000180013424 f    CIL library: CIL module
 0001:00012430       ??__F?s_id@?$TObjectUniqueID@UIStreamReader@libmedia@UModSys@@@tl@UModSys@@2USUniquePointer@core@3@A@@YAXXZ 0000000180013430 f    CIL library: CIL module
 0001:0001243c       ??__F?s_id@?$TObjectUniqueID@UISystem@base@UModSys@@@tl@UModSys@@2USUniquePointer@core@3@A@@YAXXZ 000000018001343c f    CIL library: CIL module
 0001:00012448       ??__F?s_id@?$TObjectUniqueID@UIConsole@base@UModSys@@@tl@UModSys@@2USUniquePointer@core@3@A@@YAXXZ 0000000180013448 f    CIL library: CIL module
 0001:00012454       ??__F?s_id@?$TObjectUniqueID@UIShell@base@UModSys@@@tl@UModSys@@2USUniquePointer@core@3@A@@YAXXZ 0000000180013454 f    CIL library: CIL module
 0001:00012460       ??__F?s_id@?$TObjectUniqueID@UIGenerator@base@UModSys@@@tl@UModSys@@2USUniquePointer@core@3@A@@YAXXZ 0000000180013460 f    CIL library: CIL module
 0001:0001246c       ??__F?s_id@?$TObjectUniqueID@UIModObject@base@UModSys@@@tl@UModSys@@2USUniquePointer@core@3@A@@YAXXZ 000000018001346c f    CIL library: CIL module
 0001:00012478       ??__F?s_id@?$TObjectUniqueID@UIModuleLibrary@base@UModSys@@@tl@UModSys@@2USUniquePointer@core@3@A@@YAXXZ 0000000180013478 f    CIL library: CIL module
 0001:00012484       ??__F?s_id@?$TObjectUniqueID@UIModule@base@UModSys@@@tl@UModSys@@2USUniquePointer@core@3@A@@YAXXZ 0000000180013484 f    CIL library: CIL module
 0001:00012490       ??__F?s_id@?$TObjectUniqueID@UIParameters@core@UModSys@@@tl@UModSys@@2USUniquePointer@core@3@A@@YAXXZ 0000000180013490 f    CIL library: CIL module
 0001:0001249c       ??__F?s_id@?$TObjectUniqueID@UIRefObject@core@UModSys@@@tl@UModSys@@2USUniquePointer@core@3@A@@YAXXZ 000000018001349c f    CIL library: CIL module
 0001:000124a8       ??__F?s_id@?$TObjectUniqueID@UIRoot@core@UModSys@@@tl@UModSys@@2USUniquePointer@core@3@A@@YAXXZ 00000001800134a8 f    CIL library: CIL module
 0001:000124b4       ??__F?s_modreg@RModuleReg@SDL_core@ui@modules@UModSys@@2U12345@A@@YAXXZ 00000001800134b4 f    CIL library: CIL module
 0001:000124c4       ??__F?s_modreg_chain@RModuleReg@SDL_core@ui@modules@UModSys@@2USModuleRegChain@base@5@A@@YAXXZ 00000001800134c4 f    CIL library: CIL module
 0001:00012504       ??__F?s_uid@RGenerator@SDL_core@ui@modules@UModSys@@2USUniquePointer@core@5@A@@YAXXZ 0000000180013504 f    CIL library: CIL module
 0001:00012510       ??__Fh@?1??s_holder@RGenerator@SDL_core@ui@modules@UModSys@@SAAEAU?$TTypeStaticHolder@URGenerator@SDL_core@ui@modules@UModSys@@@tl@5@XZ@YAXXZ 0000000180013510 f    CIL library: CIL module
 0001:00012538       ??__F?s_id@?$TObjectUniqueID@URGenerator@SDL_core@ui@modules@UModSys@@@tl@UModSys@@2USUniquePointer@core@3@A@@YAXXZ 0000000180013538 f    CIL library: CIL module
 0001:00012544       ??__F?s_id@?$TObjectUniqueID@URTerminal@SDL_core@ui@modules@UModSys@@@tl@UModSys@@2USUniquePointer@core@3@A@@YAXXZ 0000000180013544 f    CIL library: CIL module
 0001:00012550       ??__F?s_id@?$TObjectUniqueID@URKeyboardController@SDL_core@ui@modules@UModSys@@@tl@UModSys@@2USUniquePointer@core@3@A@@YAXXZ 0000000180013550 f    CIL library: CIL module
 0001:0001255c       ??__F?s_id@?$TObjectUniqueID@URMouseController@SDL_core@ui@modules@UModSys@@@tl@UModSys@@2USUniquePointer@core@3@A@@YAXXZ 000000018001355c f    CIL library: CIL module
 0001:00012568       ??__F?s_id@?$TObjectUniqueID@URRenderDriver2D@SDL_core@ui@modules@UModSys@@@tl@UModSys@@2USUniquePointer@core@3@A@@YAXXZ 0000000180013568 f    CIL library: CIL module
 0001:00012574       ??__F?s_id@?$TObjectUniqueID@URMultiImage2D_SDL_ttf@SDL_core@ui@modules@UModSys@@@tl@UModSys@@2USUniquePointer@core@3@A@@YAXXZ 0000000180013574 f    CIL library: CIL module
 0001:00012580       ??__F?s_modreg@RModuleReg@frames@ui@modules@UModSys@@2U12345@A@@YAXXZ 0000000180013580 f    CIL library: CIL module
 0001:00012590       ??__F?s_modreg_chain@RModuleReg@frames@ui@modules@UModSys@@2USModuleRegChain@base@5@A@@YAXXZ 0000000180013590 f    CIL library: CIL module
 0001:000125d0       ??__F?s_uid@RGenerator@frames@ui@modules@UModSys@@2USUniquePointer@core@5@A@@YAXXZ 00000001800135d0 f    CIL library: CIL module
 0001:000125dc       ??__Fh@?1??s_holder@RGenerator@frames@ui@modules@UModSys@@SAAEAU?$TTypeStaticHolder@URGenerator@frames@ui@modules@UModSys@@@tl@5@XZ@YAXXZ 00000001800135dc f    CIL library: CIL module
 0001:00012604       ??__F?s_id@?$TObjectUniqueID@URGenerator@frames@ui@modules@UModSys@@@tl@UModSys@@2USUniquePointer@core@3@A@@YAXXZ 0000000180013604 f    CIL library: CIL module
 0001:00012610       ??__F?s_id@?$TObjectUniqueID@URCollector@frames@ui@modules@UModSys@@@tl@UModSys@@2USUniquePointer@core@3@A@@YAXXZ 0000000180013610 f    CIL library: CIL module
 0001:0001261c       ??__F?s_id@?$TObjectUniqueID@URFrame_List@frames@ui@modules@UModSys@@@tl@UModSys@@2USUniquePointer@core@3@A@@YAXXZ 000000018001361c f    CIL library: CIL module
 0001:00012628       ??__F?s_id@?$TObjectUniqueID@URFrame_Edit@frames@ui@modules@UModSys@@@tl@UModSys@@2USUniquePointer@core@3@A@@YAXXZ 0000000180013628 f    CIL library: CIL module
 0001:00012634       ??__F?s_id@?$TObjectUniqueID@URFrame_Button@frames@ui@modules@UModSys@@@tl@UModSys@@2USUniquePointer@core@3@A@@YAXXZ 0000000180013634 f    CIL library: CIL module
 0001:00012640       ??__F?s_id@?$TObjectUniqueID@URFrame_Text@frames@ui@modules@UModSys@@@tl@UModSys@@2USUniquePointer@core@3@A@@YAXXZ 0000000180013640 f    CIL library: CIL module
 0001:0001264c       ??__F?s_id@?$TObjectUniqueID@URFrame_Image@frames@ui@modules@UModSys@@@tl@UModSys@@2USUniquePointer@core@3@A@@YAXXZ 000000018001364c f    CIL library: CIL module
 0001:00012658       ??__F?s_id@?$TObjectUniqueID@URFrame_Frame@frames@ui@modules@UModSys@@@tl@UModSys@@2USUniquePointer@core@3@A@@YAXXZ 0000000180013658 f    CIL library: CIL module
 0001:00012664       ??__F?s_id@?$TObjectUniqueID@URDialog@frames@ui@modules@UModSys@@@tl@UModSys@@2USUniquePointer@core@3@A@@YAXXZ 0000000180013664 f    CIL library: CIL module
 0001:00012670       ??__F?s_id@?$TObjectUniqueID@URFrame_Common@frames@ui@modules@UModSys@@@tl@UModSys@@2USUniquePointer@core@3@A@@YAXXZ 0000000180013670 f    CIL library: CIL module
 0001:0001267c       ??__F?s_modreg@RModuleReg@images_std@media@modules@UModSys@@2U12345@A@@YAXXZ 000000018001367c f    CIL library: CIL module
 0001:0001268c       ??__F?s_modreg_chain@RModuleReg@images_std@media@modules@UModSys@@2USModuleRegChain@base@5@A@@YAXXZ 000000018001368c f    CIL library: CIL module
 0001:000126cc       ??__F?s_uid@RGenerator@images_std@media@modules@UModSys@@2USUniquePointer@core@5@A@@YAXXZ 00000001800136cc f    CIL library: CIL module
 0001:000126d8       ??__Fh@?1??s_holder@RGenerator@images_std@media@modules@UModSys@@SAAEAU?$TTypeStaticHolder@URGenerator@images_std@media@modules@UModSys@@@tl@5@XZ@YAXXZ 00000001800136d8 f    CIL library: CIL module
 0001:00012700       ??__F?s_id@?$TObjectUniqueID@URGenerator@images_std@media@modules@UModSys@@@tl@UModSys@@2USUniquePointer@core@3@A@@YAXXZ 0000000180013700 f    CIL library: CIL module
 0001:0001270c       ??__F?s_id@?$TObjectUniqueID@URMediaFilter@images_std@media@modules@UModSys@@@tl@UModSys@@2USUniquePointer@core@3@A@@YAXXZ 000000018001370c f    CIL library: CIL module
 0001:00012718       ??__FM@UModSys@@YAXXZ      0000000180013718 f    CIL library: CIL module
 0001:0001271c       ??__F?root@SModuleRegChain@base@UModSys@@2U123@A@@YAXXZ 000000018001371c f    CIL library: CIL module
 0001:0001275c       ??__F?s_library@RModuleLibraryReg_Chain@base@UModSys@@2U123@A@@YAXXZ 000000018001375c f    CIL library: CIL module
 0001:0001276c       ??__F?root@SUniquePointer@core@UModSys@@2U123@A@@YAXXZ 000000018001376c f    CIL library: CIL module

 Exports

  ordinal    name

        1    UModSys_Plugin_Entry2
