 plugin_test1

 Timestamp is 52494152 (Mon Sep 30 12:16:02 2013)

 Preferred load address is 0000000180000000

 Start         Length     Name                   Class
 0001:00000000 0000111cH .text                   CODE
 0001:00001120 00000159H .text$x                 CODE
 0001:0000127c 000003a0H .text$yc                CODE
 0001:0000161c 00000174H .text$yd                CODE
 0002:00000000 000000f0H .idata$5                DATA
 0002:000000f0 00000008H .CRT$XCA                DATA
 0002:000000f8 000001b8H .CRT$XCU                DATA
 0002:000002b0 00000008H .CRT$XCZ                DATA
 0002:000002b8 00000008H .CRT$XIA                DATA
 0002:000002c0 00000008H .CRT$XIAA               DATA
 0002:000002c8 00000008H .CRT$XIZ                DATA
 0002:000002d0 00000568H .rdata                  DATA
 0002:00000838 00000584H .rdata$r                DATA
 0002:00000dc0 00000008H .rtc$IAA                DATA
 0002:00000dc8 00000008H .rtc$IZZ                DATA
 0002:00000dd0 00000008H .rtc$TAA                DATA
 0002:00000dd8 00000008H .rtc$TZZ                DATA
 0002:00000de0 000001f0H .xdata                  DATA
 0002:00000fd0 00000028H .idata$2                DATA
 0002:00000ff8 00000014H .idata$3                DATA
 0002:00001010 000000f0H .idata$4                DATA
 0002:00001100 00000226H .idata$6                DATA
 0002:00001330 00000059H .edata                  DATA
 0003:00000000 00000338H .data                   DATA
 0003:00000338 00000338H .bss                    DATA
 0004:00000000 000002c4H .pdata                  DATA

  Address         Publics by Value              Rva+Base               Lib:Object

 0000:00000000       ___safe_se_handler_count   0000000000000000     <absolute>
 0000:00000000       ___safe_se_handler_table   0000000000000000     <absolute>
 0000:00000000       __ImageBase                0000000180000000     <linker-defined>
 0001:00000000       ?_get_interface_types@RTest1_Shell@test1@UModSys@@SA_KAEAUSUniquePtrList@core@3@@Z 0000000180001000 f i plugin_test1.obj
 0001:00000100       ?get_interface_info@RTest1_Shell@test1@UModSys@@UEBAAEBUSUniquePointerInfo@core@3@XZ 0000000180001100 f i plugin_test1.obj
 0001:00000108       ?get_interface_type@RTest1_Shell@test1@UModSys@@UEBAPEBUSUniquePointerInfo@core@3@XZ 0000000180001108 f i plugin_test1.obj
 0001:00000110       ?get_other_interface@RTest1_Shell@test1@UModSys@@UEAAPEAUIRoot@core@3@PEBUSUniquePointerInfo@53@@Z 0000000180001110 f i plugin_test1.obj
 0001:00000110       ?get_other_interface@RTest1_Shell@test1@UModSys@@UEBAPEBUIRoot@core@3@PEBUSUniquePointerInfo@53@@Z 0000000180001110 f i plugin_test1.obj
 0001:00000140       ?ref_remove@RTest1_Shell@test1@UModSys@@UEBAXXZ 0000000180001140 f i plugin_test1.obj
 0001:00000158       ?ref_links@RTest1_Shell@test1@UModSys@@UEBAHXZ 0000000180001158 f i plugin_test1.obj
 0001:00000158       ?ref_links@RTest1_Generator@test1@UModSys@@UEBAHXZ 0000000180001158 f i plugin_test1.obj
 0001:0000015c       ?suicide@RTest1_Shell@test1@UModSys@@UEAAXXZ 000000018000115c f i plugin_test1.obj
 0001:000001a0       ?connect@RTest1_Shell@test1@UModSys@@UEAA_NXZ 00000001800011a0 f i plugin_test1.obj
 0001:000001c4       ?disconnect@RTest1_Shell@test1@UModSys@@UEAA_NXZ 00000001800011c4 f i plugin_test1.obj
 0001:000001e8       ?process_tick@RTest1_Shell@test1@UModSys@@UEAA_NAEBUSTimeMsec@core@3@@Z 00000001800011e8 f i plugin_test1.obj
 0001:00000220       ?process_command@RTest1_Shell@test1@UModSys@@UEAA_NHQEBU?$TString@U?$TSCoreConst@D@su@tl@UModSys@@U?$TComparerBinaryHash@D@234@@tl@3@@Z 0000000180001220 f i plugin_test1.obj
 0001:00000244       ??_ERTest1_Shell@test1@UModSys@@UEAAPEAXI@Z 0000000180001244 f i  CIL library: CIL module
 0001:00000244       ??_GRTest1_Shell@test1@UModSys@@UEAAPEAXI@Z 0000000180001244 f i plugin_test1.obj
 0001:000002a8       ??1IShell@base@UModSys@@UEAA@XZ 00000001800012a8 f i plugin_test1.obj
 0001:000002b4       ??_EIRoot@core@UModSys@@UEAAPEAXI@Z 00000001800012b4 f i  CIL library: CIL module
 0001:000002b4       ??_ERTest1_Generator@test1@UModSys@@UEAAPEAXI@Z 00000001800012b4 f i  CIL library: CIL module
 0001:000002b4       ??_GRTest1_Generator@test1@UModSys@@UEAAPEAXI@Z 00000001800012b4 f i plugin_test1.obj
 0001:000002b4       ??_GIRoot@core@UModSys@@UEAAPEAXI@Z 00000001800012b4 f i plugin_test1.obj
 0001:000002dc       ?get_generated_names@RTest1_Generator@test1@UModSys@@UEBAHAEAUSUniquePtrList@core@3@@Z 00000001800012dc f i plugin_test1.obj
 0001:00000320       ?get_generated_types@RTest1_Generator@test1@UModSys@@UEBAHAEAUSUniquePtrList@core@3@PEBUSUniquePointerInfo@53@@Z 0000000180001320 f i plugin_test1.obj
 0001:00000340       ?generate@RTest1_Generator@test1@UModSys@@UEAA_NAEAU?$TRefObject@UIRefObject@core@UModSys@@@tl@3@PEBUSUniquePointerInfo@core@3@AEBUSParameters@73@@Z 0000000180001340 f i plugin_test1.obj
 0001:000003fc       ?get_interface_info@RTest1_Generator@test1@UModSys@@UEBAAEBUSUniquePointerInfo@core@3@XZ 00000001800013fc f i plugin_test1.obj
 0001:00000404       ?get_interface_type@RTest1_Generator@test1@UModSys@@UEBAPEBUSUniquePointerInfo@core@3@XZ 0000000180001404 f i plugin_test1.obj
 0001:0000040c       ?get_interface_types@RTest1_Shell@test1@UModSys@@UEBA_KAEAUSUniquePtrList@core@3@@Z 000000018000140c f i plugin_test1.obj
 0001:0000040c       ?get_interface_types@RTest1_Generator@test1@UModSys@@UEBA_KAEAUSUniquePtrList@core@3@@Z 000000018000140c f i plugin_test1.obj
 0001:00000414       ?get_other_interface@RTest1_Generator@test1@UModSys@@UEBAPEBUIRoot@core@3@PEBUSUniquePointerInfo@53@@Z 0000000180001414 f i plugin_test1.obj
 0001:00000414       ?get_other_interface@RTest1_Generator@test1@UModSys@@UEAAPEAUIRoot@core@3@PEBUSUniquePointerInfo@53@@Z 0000000180001414 f i plugin_test1.obj
 0001:0000044c       ?ref_add@RTest1_Shell@test1@UModSys@@UEBAXXZ 000000018000144c f i plugin_test1.obj
 0001:0000044c       ?ref_add@RTest1_Generator@test1@UModSys@@UEBAXXZ 000000018000144c f i plugin_test1.obj
 0001:00000450       ?ref_remove@RTest1_Generator@test1@UModSys@@UEBAXXZ 0000000180001450 f i plugin_test1.obj
 0001:00000468       ?suicide@RTest1_Generator@test1@UModSys@@UEAAXXZ 0000000180001468 f i plugin_test1.obj
 0001:0000046c       ?get_uid@RTest1_Generator@test1@UModSys@@UEBAPEBUSUniquePointerInfo@core@3@XZ 000000018000146c f i plugin_test1.obj
 0001:00000474       ?do_open@RTest1_ModuleReg@test1@UModSys@@UEAA_NXZ 0000000180001474 f i plugin_test1.obj
 0001:000004e4       ?do_close@RTest1_ModuleReg@test1@UModSys@@UEAA_NXZ 00000001800014e4 f i plugin_test1.obj
 0001:0000054c       ??_GRTest1_ModuleReg@test1@UModSys@@UEAAPEAXI@Z 000000018000154c f i plugin_test1.obj
 0001:0000054c       ??_GIModuleReg@base@UModSys@@UEAAPEAXI@Z 000000018000154c f i umodsys_lib_base:umodsys.base.modulereg.obj
 0001:0000054c       ??_EIModuleReg@base@UModSys@@UEAAPEAXI@Z 000000018000154c f i  CIL library: CIL module
 0001:0000054c       ??_ERTest1_ModuleReg@test1@UModSys@@UEAAPEAXI@Z 000000018000154c f i  CIL library: CIL module
 0001:00000574       ?get_module@RTest1_Generator@test1@UModSys@@UEBAPEAUIModule@base@3@XZ 0000000180001574 f   plugin_test1.obj
 0001:0000057c       ?mod_inc@RTest1_Generator@test1@UModSys@@UEBA_NXZ 000000018000157c f   plugin_test1.obj
 0001:0000058c       ?mod_dec@RTest1_Generator@test1@UModSys@@UEBA_NXZ 000000018000158c f   plugin_test1.obj
 0001:0000059c       ?s_holder@RTest1_Generator@test1@UModSys@@SAAEAU?$TTypeStaticHolder@URTest1_Generator@test1@UModSys@@@tl@3@XZ 000000018000159c f   plugin_test1.obj
 0001:000005e0       ??1?$TRefObject@UIModObject@base@UModSys@@@tl@UModSys@@QEAA@XZ 00000001800015e0 f i plugin_test1.obj
 0001:00000604       ?mlr_count@RModuleLibraryReg_Chain@base@UModSys@@UEBA_KXZ 0000000180001604 f   umodsys_lib_base:umodsys.base.moduleregchain.obj
 0001:0000063c       ?mlr_get@RModuleLibraryReg_Chain@base@UModSys@@UEBAPEAUIModuleReg@23@_K@Z 000000018000163c f   umodsys_lib_base:umodsys.base.moduleregchain.obj
 0001:00000668       ?mlr_open@RModuleLibraryReg_Chain@base@UModSys@@UEAA_NPEAUISystem@23@PEAUIMemAlloc@core@3@@Z 0000000180001668 f   umodsys_lib_base:umodsys.base.moduleregchain.obj
 0001:00000714       ?mlr_close@RModuleLibraryReg_Chain@base@UModSys@@UEAA_NXZ 0000000180001714 f   umodsys_lib_base:umodsys.base.moduleregchain.obj
 0001:0000078c       ?mlr_isopen@RModuleLibraryReg_Chain@base@UModSys@@UEBA_NXZ 000000018000178c f   umodsys_lib_base:umodsys.base.moduleregchain.obj
 0001:0000079c       UModSys_Plugin_Entry2      000000018000179c f   umodsys_lib_base:umodsys.so_main.win32.obj
 0001:000007a4       ?mr_isopen@IModuleReg@base@UModSys@@UEBA_NXZ 00000001800017a4 f   umodsys_lib_base:umodsys.base.modulereg.obj
 0001:000007b0       ?mr_open@IModuleReg@base@UModSys@@UEAA_NXZ 00000001800017b0 f   umodsys_lib_base:umodsys.base.modulereg.obj
 0001:000007d4       ?mr_close@IModuleReg@base@UModSys@@UEAA_NXZ 00000001800017d4 f   umodsys_lib_base:umodsys.base.modulereg.obj
 0001:000007f0       ??_GRModuleLibraryReg_Chain@base@UModSys@@UEAAPEAXI@Z 00000001800017f0 f i umodsys_lib_base:umodsys.base.moduleregchain.obj
 0001:000007f0       ??_EIModuleLibraryReg@base@UModSys@@UEAAPEAXI@Z 00000001800017f0 f i  CIL library: CIL module
 0001:000007f0       ??_GIModuleLibraryReg@base@UModSys@@UEAAPEAXI@Z 00000001800017f0 f i umodsys_lib_base:umodsys.base.modulereg.obj
 0001:000007f0       ??_ERModuleLibraryReg_Chain@base@UModSys@@UEAAPEAXI@Z 00000001800017f0 f i  CIL library: CIL module
 0001:00000818       ??0SUniquePointer@core@UModSys@@QEAA@PEBD0H@Z 0000000180001818 f   umodsys_lib_core:umodsys.core.uniqueptr.obj
 0001:00000864       ??1SUniquePointer@core@UModSys@@QEAA@XZ 0000000180001864 f   umodsys_lib_core:umodsys.core.uniqueptr.obj
 0001:0000088c       _onexit                    000000018000188c f   MSVCRT:atonexit.obj
 0001:0000093c       atexit                     000000018000193c f   MSVCRT:atonexit.obj
 0001:00000954       _purecall                  0000000180001954 f   MSVCRT:MSVCR90.dll
 0001:0000095a       ??3@YAXPEAX@Z              000000018000195a f   MSVCRT:MSVCR90.dll
 0001:00000960       ??_Etype_info@@UEAAPEAXI@Z 0000000180001960 f i MSVCRT:ti_inst.obj
 0001:000009ca       ??2@YAPEAX_K@Z             00000001800019ca f   MSVCRT:MSVCR90.dll
 0001:00000a30       _CRT_INIT                  0000000180001a30 f   MSVCRT:crtdll.obj
 0001:00000dc4       _DllMainCRTStartup         0000000180001dc4 f   MSVCRT:crtdll.obj
 0001:00000e02       __C_specific_handler       0000000180001e02 f   MSVCRT:MSVCR90.dll
 0001:00000e08       _unlock                    0000000180001e08 f   MSVCRT:MSVCR90.dll
 0001:00000e0e       __dllonexit                0000000180001e0e f   MSVCRT:MSVCR90.dll
 0001:00000e14       _lock                      0000000180001e14 f   MSVCRT:MSVCR90.dll
 0001:00000e1c       ?__ArrayUnwind@@YAXPEAX_KHP6AX0@Z@Z 0000000180001e1c f   MSVCRT:ehvecdtr.obj
 0001:00000e68       ??_M@YAXPEAX_KHP6AX0@Z@Z   0000000180001e68 f   MSVCRT:ehvecdtr.obj
 0001:00000ec8       __clean_type_info_names    0000000180001ec8 f   MSVCRT:tncleanup.obj
 0001:00000ed4       _RTC_Initialize            0000000180001ed4 f   MSVCRT:_initsect_.obj
 0001:00000f0c       _RTC_Terminate             0000000180001f0c f   MSVCRT:_initsect_.obj
 0001:00000f50       _ValidateImageBase         0000000180001f50 f   MSVCRT:pesect.obj
 0001:00000f80       _FindPESection             0000000180001f80 f   MSVCRT:pesect.obj
 0001:00000fd0       _IsNonwritableInCurrentImage 0000000180001fd0 f   MSVCRT:pesect.obj
 0001:00001012       _initterm                  0000000180002012 f   MSVCRT:MSVCR90.dll
 0001:00001018       _initterm_e                0000000180002018 f   MSVCRT:MSVCR90.dll
 0001:0000101e       _amsg_exit                 000000018000201e f   MSVCRT:MSVCR90.dll
 0001:00001024       __CppXcptFilter            0000000180002024 f   MSVCRT:MSVCR90.dll
 0001:0000102c       DllMain                    000000018000202c f   MSVCRT:dllmain.obj
 0001:00001050       __security_init_cookie     0000000180002050 f   MSVCRT:gs_support.obj
 0001:00001104       ?terminate@@YAXXZ          0000000180002104 f   MSVCRT:MSVCR90.dll
 0001:0000110a       ?_type_info_dtor_internal_method@type_info@@QEAAXXZ 000000018000210a f   MSVCRT:MSVCR90.dll
 0001:0000110a       ??1type_info@@UEAA@XZ      000000018000210a f   MSVCRT:MSVCR90.dll
 0001:00001110       __clean_type_info_names_internal 0000000180002110 f   MSVCRT:MSVCR90.dll
 0001:00001116       __CxxFrameHandler3         0000000180002116 f   MSVCRT:MSVCR90.dll
 0002:00000000       __imp_GetCurrentProcessId  0000000180003000     kernel32:KERNEL32.dll
 0002:00000008       __imp_GetCurrentThreadId   0000000180003008     kernel32:KERNEL32.dll
 0002:00000010       __imp_GetTickCount         0000000180003010     kernel32:KERNEL32.dll
 0002:00000018       __imp_QueryPerformanceCounter 0000000180003018     kernel32:KERNEL32.dll
 0002:00000020       __imp_DisableThreadLibraryCalls 0000000180003020     kernel32:KERNEL32.dll
 0002:00000028       __imp_Sleep                0000000180003028     kernel32:KERNEL32.dll
 0002:00000030       __imp_GetSystemTimeAsFileTime 0000000180003030     kernel32:KERNEL32.dll
 0002:00000038       \177KERNEL32_NULL_THUNK_DATA 0000000180003038     kernel32:KERNEL32.dll
 0002:00000040       __imp__onexit              0000000180003040     MSVCRT:MSVCR90.dll
 0002:00000048       __imp__decode_pointer      0000000180003048     MSVCRT:MSVCR90.dll
 0002:00000050       __imp__malloc_crt          0000000180003050     MSVCRT:MSVCR90.dll
 0002:00000058       __imp__initterm            0000000180003058     MSVCRT:MSVCR90.dll
 0002:00000060       __imp__initterm_e          0000000180003060     MSVCRT:MSVCR90.dll
 0002:00000068       __imp_free                 0000000180003068     MSVCRT:MSVCR90.dll
 0002:00000070       __imp__lock                0000000180003070     MSVCRT:MSVCR90.dll
 0002:00000078       __imp__amsg_exit           0000000180003078     MSVCRT:MSVCR90.dll
 0002:00000080       __imp___CppXcptFilter      0000000180003080     MSVCRT:MSVCR90.dll
 0002:00000088       __imp_?terminate@@YAXXZ    0000000180003088     MSVCRT:MSVCR90.dll
 0002:00000090       __imp_?_type_info_dtor_internal_method@type_info@@QEAAXXZ 0000000180003090     MSVCRT:MSVCR90.dll
 0002:00000098       __imp___clean_type_info_names_internal 0000000180003098     MSVCRT:MSVCR90.dll
 0002:000000a0       __imp__encode_pointer      00000001800030a0     MSVCRT:MSVCR90.dll
 0002:000000a8       __imp___dllonexit          00000001800030a8     MSVCRT:MSVCR90.dll
 0002:000000b0       __imp__unlock              00000001800030b0     MSVCRT:MSVCR90.dll
 0002:000000b8       __imp___C_specific_handler 00000001800030b8     MSVCRT:MSVCR90.dll
 0002:000000c0       __imp_??2@YAPEAX_K@Z       00000001800030c0     MSVCRT:MSVCR90.dll
 0002:000000c8       __imp_??3@YAXPEAX@Z        00000001800030c8     MSVCRT:MSVCR90.dll
 0002:000000d0       __imp__encoded_null        00000001800030d0     MSVCRT:MSVCR90.dll
 0002:000000d8       __imp__purecall            00000001800030d8     MSVCRT:MSVCR90.dll
 0002:000000e0       __imp___CxxFrameHandler3   00000001800030e0     MSVCRT:MSVCR90.dll
 0002:000000e8       \177MSVCR90_NULL_THUNK_DATA 00000001800030e8     MSVCRT:MSVCR90.dll
 0002:000000f0       __xc_a                     00000001800030f0     MSVCRT:cinitexe.obj
 0002:000002b0       __xc_z                     00000001800032b0     MSVCRT:cinitexe.obj
 0002:000002b8       __xi_a                     00000001800032b8     MSVCRT:cinitexe.obj
 0002:000002c8       __xi_z                     00000001800032c8     MSVCRT:cinitexe.obj
 0002:000002d8       ??_7type_info@@6B@         00000001800032d8     MSVCRT:ti_inst.obj
 0002:000002e0       _pRawDllMain               00000001800032e0     MSVCRT:crtdll.obj
 0002:000002e0       _pDefaultRawDllMain        00000001800032e0     MSVCRT:crtdll.obj
 0002:000002e8       ??_C@_0P@GHFPNOJB@bad?5allocation?$AA@ 00000001800032e8     plugin_test1.obj
 0002:000002f8       ??_C@_0BF@OCNNAADO@UModSys?3?3core?3?3IRoot?$AA@ 00000001800032f8     plugin_test1.obj
 0002:00000310       ??_C@_0BK@EMIJFOPA@UModSys?3?3core?3?3IRefObject?$AA@ 0000000180003310     plugin_test1.obj
 0002:00000330       ??_C@_0BL@IOMMHELF@UModSys?3?3core?3?3IParameters?$AA@ 0000000180003330     plugin_test1.obj
 0002:00000350       ??_C@_0BI@IKAOEFAP@UModSys?3?3base?3?3IConsole?$AA@ 0000000180003350     plugin_test1.obj
 0002:00000368       ??_C@_0BH@LKDEEPPM@UModSys?3?3base?3?3IModule?$AA@ 0000000180003368     plugin_test1.obj
 0002:00000380       ??_C@_0BO@PHJOHFCB@UModSys?3?3base?3?3IModuleLibrary?$AA@ 0000000180003380     plugin_test1.obj
 0002:000003a0       ??_C@_0O@OKKJDILE@base?3?3ISystem?$AA@ 00000001800033a0     plugin_test1.obj
 0002:000003b0       ??_C@_0BK@FDPIOPHG@UModSys?3?3base?3?3IModObject?$AA@ 00000001800033b0     plugin_test1.obj
 0002:000003d0       ??_C@_0BK@OIBKNCKJ@UModSys?3?3base?3?3IGenerator?$AA@ 00000001800033d0     plugin_test1.obj
 0002:000003f0       ??_C@_0BG@PJBGCMEC@UModSys?3?3base?3?3IShell?$AA@ 00000001800033f0     plugin_test1.obj
 0002:00000408       ??_C@_0BN@FAEMELKH@UModSys?3?3test1?3?3RTest1_Shell?$AA@ 0000000180003408     plugin_test1.obj
 0002:00000428       ??_C@_0BA@MLPBDIMG@RTest1_Shell?$CI?$CJ?6?$AA@ 0000000180003428     plugin_test1.obj
 0002:00000438       ??_C@_0BB@MLDFLEML@?$HORTest1_Shell?$CI?$CJ?6?$AA@ 0000000180003438     plugin_test1.obj
 0002:00000450       ??_C@_0BJ@CCPCJEPP@RTest1_Shell?3?3connect?$CI?$CJ?6?$AA@ 0000000180003450     plugin_test1.obj
 0002:00000470       ??_C@_0BM@KBDBHLN@RTest1_Shell?3?3disconnect?$CI?$CJ?6?$AA@ 0000000180003470     plugin_test1.obj
 0002:00000490       ??_C@_0BI@PGLACHLJ@RTest1_Shell?3?3tick?$CI?$CFg?$CJ?6?$AA@ 0000000180003490     plugin_test1.obj
 0002:000004a8       ??_C@_0BM@JFIEEBE@RTest1_Shell?3?3command?$CI?$CD?$CFd?$CJ?6?$AA@ 00000001800034a8     plugin_test1.obj
 0002:000004c8       ??_C@_0CB@KLHNBAJE@UModSys?3?3test1?3?3RTest1_Generator@ 00000001800034c8     plugin_test1.obj
 0002:000004f0       ??_C@_0CI@BGMLNDEB@UModSys?3?3test1?3?3RTest1_Generator@ 00000001800034f0     plugin_test1.obj
 0002:00000518       ??_C@_0BA@NMEBLMNE@Test?51?5?9?5module?$AA@ 0000000180003518     plugin_test1.obj
 0002:00000528       ??_C@_05GENPCEMM@Test1?$AA@ 0000000180003528     plugin_test1.obj
 0002:00000530       ??_C@_0BK@LIIMFEEN@RTest1_ModuleReg?3?3open?$CI?$CJ?6?$AA@ 0000000180003530     plugin_test1.obj
 0002:00000550       ??_C@_0BL@GPGMDKM@RTest1_ModuleReg?3?3close?$CI?$CJ?6?$AA@ 0000000180003550     plugin_test1.obj
 0002:00000570       ??_C@_09JGNMLHG@modobject?$AA@ 0000000180003570     plugin_test1.obj
 0002:00000580       ??_C@_08FCBDOIAH@typeinfo?$AA@ 0000000180003580     plugin_test1.obj
 0002:00000598       ??_7IRoot@core@UModSys@@6B@ 0000000180003598     plugin_test1.obj
 0002:000005d8       ??_7RTest1_Generator@test1@UModSys@@6B@ 00000001800035d8     plugin_test1.obj
 0002:00000668       ??_7RTest1_Shell@test1@UModSys@@6B@ 0000000180003668     plugin_test1.obj
 0002:000006e0       ??_7RTest1_ModuleReg@test1@UModSys@@6B@ 00000001800036e0     plugin_test1.obj
 0002:00000718       ??_7RModuleLibraryReg_Chain@base@UModSys@@6B@ 0000000180003718     umodsys_lib_base:umodsys.base.moduleregchain.obj
 0002:00000750       ??_7IModuleReg@base@UModSys@@6B@ 0000000180003750     umodsys_lib_base:umodsys.base.modulereg.obj
 0002:00000788       ??_7IModuleLibraryReg@base@UModSys@@6B@ 0000000180003788     umodsys_lib_base:umodsys.base.modulereg.obj
 0002:000007b8       __real@3f50624dd2f1a9fc    00000001800037b8      CIL library: CIL module
 0002:00000838       ??_R4type_info@@6B@        0000000180003838     MSVCRT:ti_inst.obj
 0002:00000860       ??_R3type_info@@8          0000000180003860     MSVCRT:ti_inst.obj
 0002:00000878       ??_R2type_info@@8          0000000180003878     MSVCRT:ti_inst.obj
 0002:00000888       ??_R1A@?0A@EA@type_info@@8 0000000180003888     MSVCRT:ti_inst.obj
 0002:000008b0       ??_R4RTest1_ModuleReg@test1@UModSys@@6B@ 00000001800038b0     plugin_test1.obj
 0002:000008d8       ??_R3RTest1_ModuleReg@test1@UModSys@@8 00000001800038d8     plugin_test1.obj
 0002:000008f0       ??_R2RTest1_ModuleReg@test1@UModSys@@8 00000001800038f0     plugin_test1.obj
 0002:00000908       ??_R1A@?0A@EA@IModuleReg@base@UModSys@@8 0000000180003908     plugin_test1.obj
 0002:00000930       ??_R3IModuleReg@base@UModSys@@8 0000000180003930     plugin_test1.obj
 0002:00000948       ??_R2IModuleReg@base@UModSys@@8 0000000180003948     plugin_test1.obj
 0002:00000958       ??_R1A@?0A@EA@RTest1_ModuleReg@test1@UModSys@@8 0000000180003958     plugin_test1.obj
 0002:00000980       ??_R4RTest1_Shell@test1@UModSys@@6B@ 0000000180003980     plugin_test1.obj
 0002:000009a8       ??_R3RTest1_Shell@test1@UModSys@@8 00000001800039a8     plugin_test1.obj
 0002:000009c0       ??_R2RTest1_Shell@test1@UModSys@@8 00000001800039c0     plugin_test1.obj
 0002:000009e8       ??_R1A@?0A@EA@RTest1_Shell@test1@UModSys@@8 00000001800039e8     plugin_test1.obj
 0002:00000a10       ??_R4RTest1_Generator@test1@UModSys@@6B@ 0000000180003a10     plugin_test1.obj
 0002:00000a38       ??_R3RTest1_Generator@test1@UModSys@@8 0000000180003a38     plugin_test1.obj
 0002:00000a50       ??_R2RTest1_Generator@test1@UModSys@@8 0000000180003a50     plugin_test1.obj
 0002:00000a80       ??_R1A@?0A@EA@RTest1_Generator@test1@UModSys@@8 0000000180003a80     plugin_test1.obj
 0002:00000aa8       ??_R3IShell@base@UModSys@@8 0000000180003aa8     plugin_test1.obj
 0002:00000ac0       ??_R2IShell@base@UModSys@@8 0000000180003ac0     plugin_test1.obj
 0002:00000ae0       ??_R1A@?0A@EA@IShell@base@UModSys@@8 0000000180003ae0     plugin_test1.obj
 0002:00000b08       ??_R3IGenerator@base@UModSys@@8 0000000180003b08     plugin_test1.obj
 0002:00000b20       ??_R2IGenerator@base@UModSys@@8 0000000180003b20     plugin_test1.obj
 0002:00000b48       ??_R1A@?0A@EA@IGenerator@base@UModSys@@8 0000000180003b48     plugin_test1.obj
 0002:00000b70       ??_R3IModObject@base@UModSys@@8 0000000180003b70     plugin_test1.obj
 0002:00000b88       ??_R2IModObject@base@UModSys@@8 0000000180003b88     plugin_test1.obj
 0002:00000ba8       ??_R1A@?0A@EA@IModObject@base@UModSys@@8 0000000180003ba8     plugin_test1.obj
 0002:00000bd0       ??_R3IRefObject@core@UModSys@@8 0000000180003bd0     plugin_test1.obj
 0002:00000be8       ??_R2IRefObject@core@UModSys@@8 0000000180003be8     plugin_test1.obj
 0002:00000c00       ??_R1A@?0A@EA@IRefObject@core@UModSys@@8 0000000180003c00     plugin_test1.obj
 0002:00000c28       ??_R4IRoot@core@UModSys@@6B@ 0000000180003c28     plugin_test1.obj
 0002:00000c50       ??_R3IRoot@core@UModSys@@8 0000000180003c50     plugin_test1.obj
 0002:00000c68       ??_R2IRoot@core@UModSys@@8 0000000180003c68     plugin_test1.obj
 0002:00000c78       ??_R1A@?0A@EA@IRoot@core@UModSys@@8 0000000180003c78     plugin_test1.obj
 0002:00000ca0       ??_R4RModuleLibraryReg_Chain@base@UModSys@@6B@ 0000000180003ca0     umodsys_lib_base:umodsys.base.moduleregchain.obj
 0002:00000cc8       ??_R3RModuleLibraryReg_Chain@base@UModSys@@8 0000000180003cc8     umodsys_lib_base:umodsys.base.moduleregchain.obj
 0002:00000ce0       ??_R2RModuleLibraryReg_Chain@base@UModSys@@8 0000000180003ce0     umodsys_lib_base:umodsys.base.moduleregchain.obj
 0002:00000cf8       ??_R1A@?0A@EA@IModuleLibraryReg@base@UModSys@@8 0000000180003cf8     umodsys_lib_base:umodsys.base.moduleregchain.obj
 0002:00000d20       ??_R3IModuleLibraryReg@base@UModSys@@8 0000000180003d20     umodsys_lib_base:umodsys.base.moduleregchain.obj
 0002:00000d38       ??_R2IModuleLibraryReg@base@UModSys@@8 0000000180003d38     umodsys_lib_base:umodsys.base.moduleregchain.obj
 0002:00000d48       ??_R1A@?0A@EA@RModuleLibraryReg_Chain@base@UModSys@@8 0000000180003d48     umodsys_lib_base:umodsys.base.moduleregchain.obj
 0002:00000d70       ??_R4IModuleLibraryReg@base@UModSys@@6B@ 0000000180003d70     umodsys_lib_base:umodsys.base.modulereg.obj
 0002:00000d98       ??_R4IModuleReg@base@UModSys@@6B@ 0000000180003d98     umodsys_lib_base:umodsys.base.modulereg.obj
 0002:00000dc0       __rtc_iaa                  0000000180003dc0     MSVCRT:_initsect_.obj
 0002:00000dc8       __rtc_izz                  0000000180003dc8     MSVCRT:_initsect_.obj
 0002:00000dd0       __rtc_taa                  0000000180003dd0     MSVCRT:_initsect_.obj
 0002:00000dd8       __rtc_tzz                  0000000180003dd8     MSVCRT:_initsect_.obj
 0002:00000fd0       __IMPORT_DESCRIPTOR_MSVCR90 0000000180003fd0     MSVCRT:MSVCR90.dll
 0002:00000fe4       __IMPORT_DESCRIPTOR_KERNEL32 0000000180003fe4     kernel32:KERNEL32.dll
 0002:00000ff8       __NULL_IMPORT_DESCRIPTOR   0000000180003ff8     MSVCRT:MSVCR90.dll
 0003:00000000       ??_R0?AVtype_info@@@8      0000000180005000     MSVCRT:ti_inst.obj
 0003:00000020       __native_dllmain_reason    0000000180005020     MSVCRT:natstart.obj
 0003:00000024       __native_vcclrit_reason    0000000180005024     MSVCRT:natstart.obj
 0003:00000028       __security_cookie          0000000180005028     MSVCRT:gs_cookie.obj
 0003:00000030       __security_cookie_complement 0000000180005030     MSVCRT:gs_cookie.obj
 0003:00000038       ??_R0?AUIModuleReg@base@UModSys@@@8 0000000180005038     plugin_test1.obj
 0003:00000068       ??_R0?AURTest1_ModuleReg@test1@UModSys@@@8 0000000180005068     plugin_test1.obj
 0003:000000a0       ??_R0?AURTest1_Shell@test1@UModSys@@@8 00000001800050a0     plugin_test1.obj
 0003:000000d8       ??_R0?AURTest1_Generator@test1@UModSys@@@8 00000001800050d8     plugin_test1.obj
 0003:00000110       ??_R0?AUIShell@base@UModSys@@@8 0000000180005110     plugin_test1.obj
 0003:00000140       ??_R0?AUIGenerator@base@UModSys@@@8 0000000180005140     plugin_test1.obj
 0003:00000170       ??_R0?AUIModObject@base@UModSys@@@8 0000000180005170     plugin_test1.obj
 0003:000001a0       ??_R0?AUIRefObject@core@UModSys@@@8 00000001800051a0     plugin_test1.obj
 0003:000001d0       ??_R0?AUIRoot@core@UModSys@@@8 00000001800051d0     plugin_test1.obj
 0003:00000228       ?so_entry_enabled_flag@base@UModSys@@3HA 0000000180005228     umodsys_lib_base:umodsys.so_main.win32.obj
 0003:00000250       ?s_modreg@RTest1_ModuleReg@test1@UModSys@@2U123@A 0000000180005250     plugin_test1.obj
 0003:000002a0       ?s_modreg_chain@RTest1_ModuleReg@test1@UModSys@@2USModuleRegChain@base@3@A 00000001800052a0     plugin_test1.obj
 0003:000002b8       ?s_library@RModuleLibraryReg_Chain@base@UModSys@@2U123@A 00000001800052b8     umodsys_lib_base:umodsys.base.moduleregchain.obj
 0003:000002c0       ??_R0?AUIModuleLibraryReg@base@UModSys@@@8 00000001800052c0     umodsys_lib_base:umodsys.base.moduleregchain.obj
 0003:000002f8       ??_R0?AURModuleLibraryReg_Chain@base@UModSys@@@8 00000001800052f8     umodsys_lib_base:umodsys.base.moduleregchain.obj
 0003:00000334       _fltused                   0000000180005334     MSVCRT:dllsupp.obj
 0003:0000033c       _forceCRTManifestRTM       000000018000533c     MSVCRT:crtmanifestrtm.obj
 0003:00000340       ?__type_info_root_node@@3U__type_info_node@@A 0000000180005340     MSVCRT:tncleanup.obj
 0003:00000378       ?s_uid@RTest1_Generator@test1@UModSys@@2USUniquePointer@core@3@A 0000000180005378     plugin_test1.obj
 0003:000003a8       ?M@UModSys@@3USModuleContext@base@1@A 00000001800053a8     umodsys_lib_base:umodsys.base.modulecontext.obj
 0003:000003c0       ?root@SModuleRegChain@base@UModSys@@2U123@A 00000001800053c0     umodsys_lib_base:umodsys.base.moduleregchain.obj
 0003:000003d8       ?root@SUniquePointer@core@UModSys@@2U123@A 00000001800053d8     umodsys_lib_core:umodsys.core.uniqueptr.obj
 0003:00000408       ?s_id@?$TObjectUniqueID@UIModObject@base@UModSys@@@tl@UModSys@@2USUniquePointer@core@3@A 0000000180005408     plugin_test1.obj
 0003:00000438       ?s_id@?$TObjectUniqueID@UIGenerator@base@UModSys@@@tl@UModSys@@2USUniquePointer@core@3@A 0000000180005438     plugin_test1.obj
 0003:00000468       ?s_id@?$TObjectUniqueID@UIModule@base@UModSys@@@tl@UModSys@@2USUniquePointer@core@3@A 0000000180005468     plugin_test1.obj
 0003:00000498       ?s_id@?$TObjectUniqueID@UIRoot@core@UModSys@@@tl@UModSys@@2USUniquePointer@core@3@A 0000000180005498     plugin_test1.obj
 0003:000004c8       ?s_id@?$TObjectUniqueID@UISystem@base@UModSys@@@tl@UModSys@@2USUniquePointer@core@3@A 00000001800054c8     plugin_test1.obj
 0003:000004f8       ?s_id@?$TObjectUniqueID@UIRefObject@core@UModSys@@@tl@UModSys@@2USUniquePointer@core@3@A 00000001800054f8     plugin_test1.obj
 0003:00000528       ?s_id@?$TObjectUniqueID@UIShell@base@UModSys@@@tl@UModSys@@2USUniquePointer@core@3@A 0000000180005528     plugin_test1.obj
 0003:00000558       ?s_id@?$TObjectUniqueID@UIConsole@base@UModSys@@@tl@UModSys@@2USUniquePointer@core@3@A 0000000180005558     plugin_test1.obj
 0003:00000588       ?s_id@?$TObjectUniqueID@URTest1_Generator@test1@UModSys@@@tl@UModSys@@2USUniquePointer@core@3@A 0000000180005588     plugin_test1.obj
 0003:000005b8       ?s_id@?$TObjectUniqueID@UIModuleLibrary@base@UModSys@@@tl@UModSys@@2USUniquePointer@core@3@A 00000001800055b8     plugin_test1.obj
 0003:000005e8       ?s_id@?$TObjectUniqueID@URTest1_Shell@test1@UModSys@@@tl@UModSys@@2USUniquePointer@core@3@A 00000001800055e8     plugin_test1.obj
 0003:00000618       ?s_id@?$TObjectUniqueID@UIParameters@core@UModSys@@@tl@UModSys@@2USUniquePointer@core@3@A 0000000180005618     plugin_test1.obj
 0003:00000648       __native_startup_state     0000000180005648     <common>
 0003:00000650       __native_startup_lock      0000000180005650     <common>
 0003:00000658       __dyn_tls_init_callback    0000000180005658     <common>
 0003:00000660       __onexitend                0000000180005660     <common>
 0003:00000668       __onexitbegin              0000000180005668     <common>

 entry point at        0001:00000dc4

 Static symbols

 0001:000009d0       pre_c_init                 00000001800019d0 f   MSVCRT:crtdll.obj
 0001:00000c8c       __DllMainCRTStartup        0000000180001c8c f   MSVCRT:crtdll.obj
 0001:00001120       _onexit$fin$0              0000000180002120 f   MSVCRT:atonexit.obj
 0001:00001139       __DllMainCRTStartup$filt$0 0000000180002139 f   MSVCRT:crtdll.obj
 0001:00001169       __DllMainCRTStartup$fin$1  0000000180002169 f   MSVCRT:crtdll.obj
 0001:00001182       ?filt$0@?0??__ArrayUnwind@@YAXPEAX_KHP6AX0@Z@Z@4HA 0000000180002182 f   MSVCRT:ehvecdtr.obj
 0001:000011c1       ?fin$0@?0???_M@YAXPEAX_KHP6AX0@Z@Z@4HA 00000001800021c1 f   MSVCRT:ehvecdtr.obj
 0001:000011f0       _IsNonwritableInCurrentImage$filt$0 00000001800021f0 f   MSVCRT:pesect.obj
 0001:00001211       ?dtor$0@?0??suicide@RTest1_Shell@test1@UModSys@@UEAAXXZ@4HA 0000000180002211 f    CIL library: CIL module
 0001:00001229       ?dtor$0@?0??generate@RTest1_Generator@test1@UModSys@@UEAA_NAEAU?$TRefObject@UIRefObject@core@UModSys@@@tl@3@PEBUSUniquePointerInfo@core@3@AEBUSParameters@73@@Z@4HA 0000000180002229 f    CIL library: CIL module
 0001:00001249       ?dtor$1@?0??generate@RTest1_Generator@test1@UModSys@@UEAA_NAEAU?$TRefObject@UIRefObject@core@UModSys@@@tl@3@PEBUSUniquePointerInfo@core@3@AEBUSParameters@73@@Z@4HA 0000000180002249 f    CIL library: CIL module
 0001:00001261       ?dtor$0@?0???_GRTest1_Shell@test1@UModSys@@UEAAPEAXI@Z@4HA 0000000180002261 f    CIL library: CIL module
 0001:0000127c       ??__E?s_modreg@RTest1_ModuleReg@test1@UModSys@@2U123@A@@YAXXZ 000000018000227c f    CIL library: CIL module
 0001:0000130c       ??__E?s_modreg_chain@RTest1_ModuleReg@test1@UModSys@@2USModuleRegChain@base@3@A@@YAXXZ 000000018000230c f    CIL library: CIL module
 0001:00001348       ??__E?s_uid@RTest1_Generator@test1@UModSys@@2USUniquePointer@core@3@A@@YAXXZ 0000000180002348 f    CIL library: CIL module
 0001:0000137c       ??__E?s_id@?$TObjectUniqueID@UIRoot@core@UModSys@@@tl@UModSys@@2USUniquePointer@core@3@A@@YAXXZ 000000018000237c f    CIL library: CIL module
 0001:000013b0       ??__E?s_id@?$TObjectUniqueID@UIRefObject@core@UModSys@@@tl@UModSys@@2USUniquePointer@core@3@A@@YAXXZ 00000001800023b0 f    CIL library: CIL module
 0001:000013e4       ??__E?s_id@?$TObjectUniqueID@UIParameters@core@UModSys@@@tl@UModSys@@2USUniquePointer@core@3@A@@YAXXZ 00000001800023e4 f    CIL library: CIL module
 0001:00001418       ??__E?s_id@?$TObjectUniqueID@UIConsole@base@UModSys@@@tl@UModSys@@2USUniquePointer@core@3@A@@YAXXZ 0000000180002418 f    CIL library: CIL module
 0001:0000144c       ??__E?s_id@?$TObjectUniqueID@UIModule@base@UModSys@@@tl@UModSys@@2USUniquePointer@core@3@A@@YAXXZ 000000018000244c f    CIL library: CIL module
 0001:00001480       ??__E?s_id@?$TObjectUniqueID@UIModuleLibrary@base@UModSys@@@tl@UModSys@@2USUniquePointer@core@3@A@@YAXXZ 0000000180002480 f    CIL library: CIL module
 0001:000014b4       ??__E?s_id@?$TObjectUniqueID@UISystem@base@UModSys@@@tl@UModSys@@2USUniquePointer@core@3@A@@YAXXZ 00000001800024b4 f    CIL library: CIL module
 0001:000014e8       ??__E?s_id@?$TObjectUniqueID@UIModObject@base@UModSys@@@tl@UModSys@@2USUniquePointer@core@3@A@@YAXXZ 00000001800024e8 f    CIL library: CIL module
 0001:0000151c       ??__E?s_id@?$TObjectUniqueID@UIGenerator@base@UModSys@@@tl@UModSys@@2USUniquePointer@core@3@A@@YAXXZ 000000018000251c f    CIL library: CIL module
 0001:00001550       ??__E?s_id@?$TObjectUniqueID@UIShell@base@UModSys@@@tl@UModSys@@2USUniquePointer@core@3@A@@YAXXZ 0000000180002550 f    CIL library: CIL module
 0001:00001584       ??__E?s_id@?$TObjectUniqueID@URTest1_Shell@test1@UModSys@@@tl@UModSys@@2USUniquePointer@core@3@A@@YAXXZ 0000000180002584 f    CIL library: CIL module
 0001:000015b8       ??__E?s_id@?$TObjectUniqueID@URTest1_Generator@test1@UModSys@@@tl@UModSys@@2USUniquePointer@core@3@A@@YAXXZ 00000001800025b8 f    CIL library: CIL module
 0001:000015ec       ??__EM@UModSys@@YAXXZ      00000001800025ec f    CIL library: CIL module
 0001:000015f8       ??__E?root@SModuleRegChain@base@UModSys@@2U123@A@@YAXXZ 00000001800025f8 f    CIL library: CIL module
 0001:00001604       ??__E?s_library@RModuleLibraryReg_Chain@base@UModSys@@2U123@A@@YAXXZ 0000000180002604 f    CIL library: CIL module
 0001:00001610       ??__E?root@SUniquePointer@core@UModSys@@2U123@A@@YAXXZ 0000000180002610 f    CIL library: CIL module
 0001:0000161c       ??__F?s_modreg@RTest1_ModuleReg@test1@UModSys@@2U123@A@@YAXXZ 000000018000261c f    CIL library: CIL module
 0001:0000162c       ??__F?s_modreg_chain@RTest1_ModuleReg@test1@UModSys@@2USModuleRegChain@base@3@A@@YAXXZ 000000018000262c f    CIL library: CIL module
 0001:0000166c       ??__F?s_uid@RTest1_Generator@test1@UModSys@@2USUniquePointer@core@3@A@@YAXXZ 000000018000266c f    CIL library: CIL module
 0001:00001678       ??__Fh@?1??s_holder@RTest1_Generator@test1@UModSys@@SAAEAU?$TTypeStaticHolder@URTest1_Generator@test1@UModSys@@@tl@3@XZ@YAXXZ 0000000180002678 f    CIL library: CIL module
 0001:000016a0       ??__F?s_id@?$TObjectUniqueID@URTest1_Generator@test1@UModSys@@@tl@UModSys@@2USUniquePointer@core@3@A@@YAXXZ 00000001800026a0 f    CIL library: CIL module
 0001:000016ac       ??__F?s_id@?$TObjectUniqueID@URTest1_Shell@test1@UModSys@@@tl@UModSys@@2USUniquePointer@core@3@A@@YAXXZ 00000001800026ac f    CIL library: CIL module
 0001:000016b8       ??__F?s_id@?$TObjectUniqueID@UIShell@base@UModSys@@@tl@UModSys@@2USUniquePointer@core@3@A@@YAXXZ 00000001800026b8 f    CIL library: CIL module
 0001:000016c4       ??__F?s_id@?$TObjectUniqueID@UIGenerator@base@UModSys@@@tl@UModSys@@2USUniquePointer@core@3@A@@YAXXZ 00000001800026c4 f    CIL library: CIL module
 0001:000016d0       ??__F?s_id@?$TObjectUniqueID@UIModObject@base@UModSys@@@tl@UModSys@@2USUniquePointer@core@3@A@@YAXXZ 00000001800026d0 f    CIL library: CIL module
 0001:000016dc       ??__F?s_id@?$TObjectUniqueID@UISystem@base@UModSys@@@tl@UModSys@@2USUniquePointer@core@3@A@@YAXXZ 00000001800026dc f    CIL library: CIL module
 0001:000016e8       ??__F?s_id@?$TObjectUniqueID@UIModuleLibrary@base@UModSys@@@tl@UModSys@@2USUniquePointer@core@3@A@@YAXXZ 00000001800026e8 f    CIL library: CIL module
 0001:000016f4       ??__F?s_id@?$TObjectUniqueID@UIModule@base@UModSys@@@tl@UModSys@@2USUniquePointer@core@3@A@@YAXXZ 00000001800026f4 f    CIL library: CIL module
 0001:00001700       ??__F?s_id@?$TObjectUniqueID@UIConsole@base@UModSys@@@tl@UModSys@@2USUniquePointer@core@3@A@@YAXXZ 0000000180002700 f    CIL library: CIL module
 0001:0000170c       ??__F?s_id@?$TObjectUniqueID@UIParameters@core@UModSys@@@tl@UModSys@@2USUniquePointer@core@3@A@@YAXXZ 000000018000270c f    CIL library: CIL module
 0001:00001718       ??__F?s_id@?$TObjectUniqueID@UIRefObject@core@UModSys@@@tl@UModSys@@2USUniquePointer@core@3@A@@YAXXZ 0000000180002718 f    CIL library: CIL module
 0001:00001724       ??__F?s_id@?$TObjectUniqueID@UIRoot@core@UModSys@@@tl@UModSys@@2USUniquePointer@core@3@A@@YAXXZ 0000000180002724 f    CIL library: CIL module
 0001:00001730       ??__FM@UModSys@@YAXXZ      0000000180002730 f    CIL library: CIL module
 0001:00001734       ??__F?root@SModuleRegChain@base@UModSys@@2U123@A@@YAXXZ 0000000180002734 f    CIL library: CIL module
 0001:00001774       ??__F?s_library@RModuleLibraryReg_Chain@base@UModSys@@2U123@A@@YAXXZ 0000000180002774 f    CIL library: CIL module
 0001:00001784       ??__F?root@SUniquePointer@core@UModSys@@2U123@A@@YAXXZ 0000000180002784 f    CIL library: CIL module

 Exports

  ordinal    name

        1    UModSys_Plugin_Entry2
