 plugin_test1

 Timestamp is 52bc3968 (Thu Dec 26 17:12:56 2013)

 Preferred load address is 0000000180000000

 Start         Length     Name                   Class
 0001:00000000 0001b6e0H .text                   CODE
 0001:0001b6e0 0000005eH .text$00                CODE
 0001:0001b740 00001a0dH .text$x                 CODE
 0001:0001d150 00001508H .text$yc                CODE
 0001:0001e658 00000604H .text$yd                CODE
 0002:00000000 00000398H .idata$5                DATA
 0002:00000398 00000008H .CRT$XCA                DATA
 0002:000003a0 00001220H .CRT$XCU                DATA
 0002:000015c0 00000008H .CRT$XCZ                DATA
 0002:000015c8 00000008H .CRT$XIA                DATA
 0002:000015d0 00000008H .CRT$XIAA               DATA
 0002:000015d8 00000008H .CRT$XIZ                DATA
 0002:000015e0 00004b18H .rdata                  DATA
 0002:00006100 00002a74H .rdata$r                DATA
 0002:00008b78 00000008H .rtc$IAA                DATA
 0002:00008b80 00000008H .rtc$IZZ                DATA
 0002:00008b88 00000008H .rtc$TAA                DATA
 0002:00008b90 00000008H .rtc$TZZ                DATA
 0002:00008b98 00002ff0H .xdata                  DATA
 0002:0000bb88 00000078H .idata$2                DATA
 0002:0000bc00 00000014H .idata$3                DATA
 0002:0000bc18 00000398H .idata$4                DATA
 0002:0000bfb0 00000808H .idata$6                DATA
 0002:0000c7c0 00000059H .edata                  DATA
 0003:00000000 00001450H .data                   DATA
 0003:00001450 00001df0H .bss                    DATA
 0004:00000000 0000216cH .pdata                  DATA

  Address         Publics by Value              Rva+Base               Lib:Object

 0000:00000000       ___safe_se_handler_table   0000000000000000     <absolute>
 0000:00000000       ___safe_se_handler_count   0000000000000000     <absolute>
 0000:00000000       __ImageBase                0000000180000000     <linker-defined>
 0001:00000000       ?suicide@RGenerator@stdlib@lib2d@modules@UModSys@@UEAAXXZ 0000000180001000 f i umodsys_lib_lib2d:umodsys.mod.2d.stdlib.obj
 0001:00000000       ?suicide@RGenerator@test1@test@modules@UModSys@@UEAAXXZ 0000000180001000 f i plugin_test1.obj
 0001:00000000       ?suicide@RGenerator@images_std@media@modules@UModSys@@UEAAXXZ 0000000180001000 f i umodsys_lib_libmedia:umodsys.mod.media.images_std.obj
 0001:00000000       ?suicide@RGenerator@SDL_core@ui@modules@UModSys@@UEAAXXZ 0000000180001000 f i umodsys_lib_libui:umodsys.mod.ui.SDL_core.obj
 0001:00000000       ?suicide@RGenerator@frames@ui@modules@UModSys@@UEAAXXZ 0000000180001000 f i umodsys_lib_libui:umodsys.mod.ui.frames.obj
 0001:00000000       ?render_box@RRenderDriver2D@SDL_core@ui@modules@UModSys@@UEAAXPEAUIImage@lib2d@5@AEBU?$TVector2@H@math3d@5@1AEBU?$TVector2@M@95@2@Z 0000000180001000 f i umodsys_lib_libui:umodsys.mod.ui.SDL_core.obj
 0001:00000000       ?suicide@RGenerator@zlib@media@modules@UModSys@@UEAAXXZ 0000000180001000 f i umodsys_lib_libmedia:umodsys.mod.media.zlib.obj
 0001:00000000       ??3@YAXPEAX0@Z             0000000180001000 f i plugin_test1.obj
 0001:00000000       ?suicide@RGenerator@serialize_json@media@modules@UModSys@@UEAAXXZ 0000000180001000 f i umodsys_lib_libmedia:umodsys.mod.media.serialize_json.obj
 0001:00000004       ??6SUniquePtrList@core@UModSys@@QEAAAEAU012@PEBUSUniquePointerInfo@12@@Z 0000000180001004 f i plugin_test1.obj
 0001:000000bc       ??3IRoot@core@UModSys@@SAXPEAXAEBUSIMemAlloc@12@@Z 00000001800010bc f i plugin_test1.obj
 0001:000000e8       ??1SParameters@core@UModSys@@QEAA@XZ 00000001800010e8 f i plugin_test1.obj
 0001:000000e8       ??1?$TParametersA@$0BAA@@core@UModSys@@QEAA@XZ 00000001800010e8 f i umodsys_lib_libui:umodsys.mod.ui.SDL_core.obj
 0001:000000e8       ??1?$TParametersA@$0EAA@@core@UModSys@@QEAA@XZ 00000001800010e8 f i plugin_test1.obj
 0001:000000e8       ??1?$TParametersA@$0BAL@@core@UModSys@@QEAA@XZ 00000001800010e8 f i umodsys_lib_lib2d:umodsys.mod.2d.stdlib.obj
 0001:00000104       ??4SFileInfo@libmedia@UModSys@@QEAAAEBU012@AEBU012@@Z 0000000180001104 f i plugin_test1.obj
 0001:000001bc       ?mount_add@ILibraryBinTree@libmedia@UModSys@@QEAA_NAEBU?$TString@U?$TSCoreConst@D@su@tl@UModSys@@U?$TComparerBinaryHash@D@234@@tl@3@PEAUIBinArchive@23@H@Z 00000001800011bc f i plugin_test1.obj
 0001:00000254       ?mount_add@ILibraryBinTree@libmedia@UModSys@@QEAA_NAEBU?$TString@U?$TSCoreConst@D@su@tl@UModSys@@U?$TComparerBinaryHash@D@234@@tl@3@HPEAUIBinArchive@23@H@Z 0000000180001254 f i plugin_test1.obj
 0001:000002fc       ??1SPoint@ILibraryBinTree@libmedia@UModSys@@QEAA@XZ 00000001800012fc f i plugin_test1.obj
 0001:000002fc       ??1SLayer@ILibraryLayered@libmedia@UModSys@@QEAA@XZ 00000001800012fc f i plugin_test1.obj
 0001:00000320       ?layer_push@ILibraryLayered@libmedia@UModSys@@QEAA_NPEAUILibrary@23@HAEBU?$TString@U?$TSCoreConst@D@su@tl@UModSys@@U?$TComparerBinaryHash@D@234@@tl@3@@Z 0000000180001320 f i plugin_test1.obj
 0001:000003b0       ??1IBinObjFilter@libmedia@UModSys@@UEAA@XZ 00000001800013b0 f i plugin_test1.obj
 0001:000003ec       ?root_get_interface_info@RTest1_Shell@test1@test@modules@UModSys@@UEBAAEBUSUniquePointerInfo@core@5@XZ 00000001800013ec f i plugin_test1.obj
 0001:000003f4       ?root_get_interface_type@RTest1_Shell@test1@test@modules@UModSys@@UEBAPEBUSUniquePointerInfo@core@5@XZ 00000001800013f4 f i plugin_test1.obj
 0001:000003fc       ?root_get_other_interface@RTest1_Shell@test1@test@modules@UModSys@@UEAAPEAUIRoot@core@5@PEBUSUniquePointerInfo@75@@Z 00000001800013fc f i plugin_test1.obj
 0001:000003fc       ?root_get_other_interface@RTest1_Shell@test1@test@modules@UModSys@@UEBAPEBUIRoot@core@5@PEBUSUniquePointerInfo@75@@Z 00000001800013fc f i plugin_test1.obj
 0001:0000042c       ?root_is_interface_supported@RTest1_Shell@test1@test@modules@UModSys@@UEBA_NPEBUSUniquePointerInfo@core@5@@Z 000000018000142c f i plugin_test1.obj
 0001:0000045c       ?ref_add@RTest1_Shell@test1@test@modules@UModSys@@UEBAXXZ 000000018000145c f i plugin_test1.obj
 0001:00000460       ?ref_remove@RTest1_Shell@test1@test@modules@UModSys@@UEBAXXZ 0000000180001460 f i plugin_test1.obj
 0001:00000478       ?ref_links@RTest1_Shell@test1@test@modules@UModSys@@UEBAHXZ 0000000180001478 f i plugin_test1.obj
 0001:0000047c       ?ref_weak@RTest1_Shell@test1@test@modules@UModSys@@UEBA_NAEAUWeakPointer@IRefObject@core@5@@Z 000000018000147c f i plugin_test1.obj
 0001:0000049c       ?suicide@RTest1_Shell@test1@test@modules@UModSys@@UEAAXXZ 000000018000149c f i plugin_test1.obj
 0001:000004e8       ??0RTest1_Shell@test1@test@modules@UModSys@@QEAA@PEAUIModObject@base@4@@Z 00000001800014e8 f i plugin_test1.obj
 0001:00000620       ?connect@RTest1_Shell@test1@test@modules@UModSys@@UEAA_NXZ 0000000180001620 f i plugin_test1.obj
 0001:00000644       ?disconnect@RTest1_Shell@test1@test@modules@UModSys@@UEAA_NXZ 0000000180001644 f i plugin_test1.obj
 0001:00000668       ?process_tick@RTest1_Shell@test1@test@modules@UModSys@@UEAA_NAEBUSTimeMsec@core@5@@Z 0000000180001668 f i plugin_test1.obj
 0001:000006a0       ?process_command@RTest1_Shell@test1@test@modules@UModSys@@UEAA_NHQEBU?$TString@U?$TSCoreConst@D@su@tl@UModSys@@U?$TComparerBinaryHash@D@234@@tl@5@@Z 00000001800016a0 f i plugin_test1.obj
 0001:000006c4       ??_ERTest1_Shell@test1@test@modules@UModSys@@UEAAPEAXI@Z 00000001800016c4 f i  CIL library: CIL module
 0001:000006c4       ??_GRTest1_Shell@test1@test@modules@UModSys@@UEAAPEAXI@Z 00000001800016c4 f i plugin_test1.obj
 0001:00000788       ?new_mem_imagefactory@RTest1_Shell@test1@test@modules@UModSys@@QEAA?AU?$TRefObject@UIImageFactory@lib2d@UModSys@@U?$TRefObjectFunc@UIImageFactory@lib2d@UModSys@@@tl@3@@tl@5@XZ 0000000180001788 f   plugin_test1.obj
 0001:00000864       ?new_mem_multiimage@RTest1_Shell@test1@test@modules@UModSys@@QEAA?AU?$TRefObject@UIMultiImage@lib2d@UModSys@@U?$TRefObjectFunc@UIMultiImage@lib2d@UModSys@@@tl@3@@tl@5@PEAUIImageFactory@lib2d@5@@Z 0000000180001864 f   plugin_test1.obj
 0001:0000096c       ?media_arch_stdio@RTest1_Shell@test1@test@modules@UModSys@@QEAA?AU?$TRefObject@UIBinArchive@libmedia@UModSys@@U?$TRefObjectFunc@UIBinArchive@libmedia@UModSys@@@tl@3@@tl@5@AEBU?$TString@U?$TSCoreConst@D@su@tl@UModSys@@U?$TComparerBinaryHash@D@234@@75@@Z 000000018000196c f   plugin_test1.obj
 0001:00000a70       ?media_arch_zip@RTest1_Shell@test1@test@modules@UModSys@@QEAA?AU?$TRefObject@UIBinArchive@libmedia@UModSys@@U?$TRefObjectFunc@UIBinArchive@libmedia@UModSys@@@tl@3@@tl@5@PEAUILibrary@libmedia@5@PEAUIUtilities@95@AEBU?$TString@U?$TSCoreConst@D@su@tl@UModSys@@U?$TComparerBinaryHash@D@234@@75@_N@Z 0000000180001a70 f   plugin_test1.obj
 0001:00000d18       ?media_filter_new@RTest1_Shell@test1@test@modules@UModSys@@QEAA?AU?$TRefObject@UIBinObjFilter@libmedia@UModSys@@U?$TRefObjectFunc@UIBinObjFilter@libmedia@UModSys@@@tl@3@@tl@5@AEBU?$TString@U?$TSCoreConst@D@su@tl@UModSys@@U?$TComparerBinaryHash@D@234@@75@AEBUSParameters@core@5@@Z 0000000180001d18 f   plugin_test1.obj
 0001:00000df4       ?media_utils@RTest1_Shell@test1@test@modules@UModSys@@QEAA?AU?$TRefObject@UIUtilities@libmedia@UModSys@@U?$TRefObjectFunc@UIUtilities@libmedia@UModSys@@@tl@3@@tl@5@XZ 0000000180001df4 f   plugin_test1.obj
 0001:00000ed0       ?media_vfs@RTest1_Shell@test1@test@modules@UModSys@@QEAA?AU?$TRefObject@UILibraryBinTree@libmedia@UModSys@@U?$TRefObjectFunc@UILibraryBinTree@libmedia@UModSys@@@tl@3@@tl@5@XZ 0000000180001ed0 f   plugin_test1.obj
 0001:00000fac       ?media_flt@RTest1_Shell@test1@test@modules@UModSys@@QEAA?AU?$TRefObject@UILibraryObjFilter@libmedia@UModSys@@U?$TRefObjectFunc@UILibraryObjFilter@libmedia@UModSys@@@tl@3@@tl@5@XZ 0000000180001fac f   plugin_test1.obj
 0001:00001088       ?media_lay@RTest1_Shell@test1@test@modules@UModSys@@QEAA?AU?$TRefObject@UILibraryLayered@libmedia@UModSys@@U?$TRefObjectFunc@UILibraryLayered@libmedia@UModSys@@@tl@3@@tl@5@XZ 0000000180002088 f   plugin_test1.obj
 0001:00001164       ?media_cache@RTest1_Shell@test1@test@modules@UModSys@@QEAA?AU?$TRefObject@UILibrary@libmedia@UModSys@@U?$TRefObjectFunc@UILibrary@libmedia@UModSys@@@tl@3@@tl@5@_N@Z 0000000180002164 f   plugin_test1.obj
 0001:00001308       ?file_test7@RTest1_Shell@test1@test@modules@UModSys@@QEAAXXZ 0000000180002308 f   plugin_test1.obj
 0001:000021f4       ?key_pressed@RTest1_Shell@test1@test@modules@UModSys@@UEAA_NAEBUSKeyboardInputRaw@libui@5@@Z 00000001800031f4 f   plugin_test1.obj
 0001:00002254       ?key_text@RTest1_Shell@test1@test@modules@UModSys@@UEAA_NAEBUSKeyboardInputText@libui@5@@Z 0000000180003254 f   plugin_test1.obj
 0001:0000229c       ?mouse_event@RTest1_Shell@test1@test@modules@UModSys@@UEAA_NAEBUSMouseInput@libui@5@@Z 000000018000329c f   plugin_test1.obj
 0001:00002340       ?command@RTest1_Shell@test1@test@modules@UModSys@@UEAA_NAEBUSController@libui@5@HAEBUSFrameDataIn@75@@Z 0000000180003340 f   plugin_test1.obj
 0001:00002390       ?db_get@RTest1_Shell@test1@test@modules@UModSys@@UEAA_NAEBUSController@libui@5@QEBDAEBUSFrameDataOut@75@@Z 0000000180003390 f   plugin_test1.obj
 0001:000023f4       ?db_get@RTest1_Shell@test1@test@modules@UModSys@@UEAA_NAEBUSController@libui@5@QEBDHAEBUSFrameDataOut@75@@Z 00000001800033f4 f   plugin_test1.obj
 0001:00002460       ?get_generated_names@RGenerator@test1@test@modules@UModSys@@UEBAHAEAUSUniquePtrList@core@5@@Z 0000000180003460 f i plugin_test1.obj
 0001:00002480       ?get_generated_types@RGenerator@test1@test@modules@UModSys@@UEBAHAEAUSUniquePtrList@core@5@PEBUSUniquePointerInfo@75@@Z 0000000180003480 f i plugin_test1.obj
 0001:000024dc       ?generate@RGenerator@test1@test@modules@UModSys@@UEAA_NAEAU?$TRefObject@UIRefObject@core@UModSys@@U?$TRefObjectFunc@UIRefObject@core@UModSys@@@tl@3@@tl@5@PEBUSUniquePointerInfo@core@5@AEBUSParameters@95@@Z 00000001800034dc f i plugin_test1.obj
 0001:000025a0       ?root_get_interface_info@RGenerator@test1@test@modules@UModSys@@UEBAAEBUSUniquePointerInfo@core@5@XZ 00000001800035a0 f i plugin_test1.obj
 0001:000025a8       ?root_get_interface_type@RGenerator@test1@test@modules@UModSys@@UEBAPEBUSUniquePointerInfo@core@5@XZ 00000001800035a8 f i plugin_test1.obj
 0001:000025b0       ?root_get_other_interface@RGenerator@test1@test@modules@UModSys@@UEBAPEBUIRoot@core@5@PEBUSUniquePointerInfo@75@@Z 00000001800035b0 f i plugin_test1.obj
 0001:000025b0       ?root_get_other_interface@RGenerator@test1@test@modules@UModSys@@UEAAPEAUIRoot@core@5@PEBUSUniquePointerInfo@75@@Z 00000001800035b0 f i plugin_test1.obj
 0001:000025e8       ?root_is_interface_supported@RGenerator@test1@test@modules@UModSys@@UEBA_NPEBUSUniquePointerInfo@core@5@@Z 00000001800035e8 f i plugin_test1.obj
 0001:00002620       ?ref_add@RBinArchiveFrameClient_ZIP@zlib@media@modules@UModSys@@UEBAXXZ 0000000180003620 f i umodsys_lib_libmedia:umodsys.mod.media.zlib.obj
 0001:00002620       ?ref_add@RKeyboardController@SDL_core@ui@modules@UModSys@@UEBAXXZ 0000000180003620 f i umodsys_lib_libui:umodsys.mod.ui.SDL_core.obj
 0001:00002620       ?ref_add@RGenerator@zlib@media@modules@UModSys@@UEBAXXZ 0000000180003620 f i umodsys_lib_libmedia:umodsys.mod.media.zlib.obj
 0001:00002620       ?ref_add@RTerminal@SDL_core@ui@modules@UModSys@@UEBAXXZ 0000000180003620 f i umodsys_lib_libui:umodsys.mod.ui.SDL_core.obj
 0001:00002620       ?ref_add@RImageFactory_Memory@stdlib@lib2d@modules@UModSys@@UEBAXXZ 0000000180003620 f i umodsys_lib_lib2d:umodsys.mod.2d.stdlib.obj
 0001:00002620       ?ref_add@RMouseController@SDL_core@ui@modules@UModSys@@UEBAXXZ 0000000180003620 f i umodsys_lib_libui:umodsys.mod.ui.SDL_core.obj
 0001:00002620       ?ref_add@RRenderDriver2D@SDL_core@ui@modules@UModSys@@UEBAXXZ 0000000180003620 f i umodsys_lib_libui:umodsys.mod.ui.SDL_core.obj
 0001:00002620       ?ref_add@RGenerator@serialize_json@media@modules@UModSys@@UEBAXXZ 0000000180003620 f i umodsys_lib_libmedia:umodsys.mod.media.serialize_json.obj
 0001:00002620       ?ref_add@RSerializeReader@serialize_json@media@modules@UModSys@@UEBAXXZ 0000000180003620 f i umodsys_lib_libmedia:umodsys.mod.media.serialize_json.obj
 0001:00002620       ?ref_add@RGenerator@stdlib@lib2d@modules@UModSys@@UEBAXXZ 0000000180003620 f i umodsys_lib_lib2d:umodsys.mod.2d.stdlib.obj
 0001:00002620       ?ref_add@RMultiImage2D_SDL_ttf@SDL_core@ui@modules@UModSys@@UEBAXXZ 0000000180003620 f i umodsys_lib_libui:umodsys.mod.ui.SDL_core.obj
 0001:00002620       ?ref_add@RGenerator@SDL_core@ui@modules@UModSys@@UEBAXXZ 0000000180003620 f i umodsys_lib_libui:umodsys.mod.ui.SDL_core.obj
 0001:00002620       ?ref_add@RGenerator@images_std@media@modules@UModSys@@UEBAXXZ 0000000180003620 f i umodsys_lib_libmedia:umodsys.mod.media.images_std.obj
 0001:00002620       ?ref_add@RGenerator@frames@ui@modules@UModSys@@UEBAXXZ 0000000180003620 f i umodsys_lib_libui:umodsys.mod.ui.frames.obj
 0001:00002620       ?ref_add@RMultiImage@stdlib@lib2d@modules@UModSys@@UEBAXXZ 0000000180003620 f i umodsys_lib_lib2d:umodsys.mod.2d.stdlib.obj
 0001:00002620       ?ref_add@RImage_Memory@stdlib@lib2d@modules@UModSys@@UEBAXXZ 0000000180003620 f i umodsys_lib_lib2d:umodsys.mod.2d.stdlib.obj
 0001:00002620       ?ref_add@RDialog@frames@ui@modules@UModSys@@UEBAXXZ 0000000180003620 f i umodsys_lib_libui:umodsys.mod.ui.frames.obj
 0001:00002620       ?ref_add@RGenerator@test1@test@modules@UModSys@@UEBAXXZ 0000000180003620 f i plugin_test1.obj
 0001:00002624       ?get_uid@RGenerator@test1@test@modules@UModSys@@UEBAPEBUSUniquePointerInfo@core@5@XZ 0000000180003624 f i plugin_test1.obj
 0001:0000262c       ?do_open@RModuleReg@test1@test@modules@UModSys@@UEAA_NXZ 000000018000362c f i plugin_test1.obj
 0001:000026b8       ?do_close@RModuleReg@test1@test@modules@UModSys@@UEAA_NXZ 00000001800036b8 f i plugin_test1.obj
 0001:00002720       ?get_module@RGenerator@test1@test@modules@UModSys@@UEBAPEAUIModule@base@5@XZ 0000000180003720 f   plugin_test1.obj
 0001:00002728       ?mod_inc@RGenerator@test1@test@modules@UModSys@@UEBA_NXZ 0000000180003728 f   plugin_test1.obj
 0001:00002738       ?mod_dec@RGenerator@test1@test@modules@UModSys@@UEBA_NXZ 0000000180003738 f   plugin_test1.obj
 0001:0000274c       ?s_holder@RGenerator@test1@test@modules@UModSys@@SAAEAU?$TTypeStaticHolder@URGenerator@test1@test@modules@UModSys@@@tl@5@XZ 000000018000374c f   plugin_test1.obj
 0001:00002790       ??0?$TString@U?$TSCoreConst@D@su@tl@UModSys@@U?$TComparerBinaryHash@D@234@@tl@UModSys@@QEAA@PEBD@Z 0000000180003790 f i plugin_test1.obj
 0001:00002810       ??4?$TString@U?$TSCoreConst@D@su@tl@UModSys@@U?$TComparerBinaryHash@D@234@@tl@UModSys@@QEAAAEBU012@PEBD@Z 0000000180003810 f i plugin_test1.obj
 0001:00002888       ??1?$TDynarrayDynamic@USFileInfo@libmedia@UModSys@@U?$TAllocator@USIMemAlloc@core@UModSys@@USCountCalcPower2@23@@tl@3@@tl@UModSys@@QEAA@XZ 0000000180003888 f i plugin_test1.obj
 0001:000028f0       ??1?$TRStackSocket@USFileInfo@libmedia@UModSys@@U?$TDynarrayDynamic@USFileInfo@libmedia@UModSys@@U?$TAllocator@USIMemAlloc@core@UModSys@@USCountCalcPower2@23@@tl@3@@tl@3@@tl@UModSys@@QEAA@XZ 00000001800038f0 f i plugin_test1.obj
 0001:000028fc       ?isempty@?$TRStackSocket@USFileInfo@libmedia@UModSys@@U?$TDynarrayDynamic@USFileInfo@libmedia@UModSys@@U?$TAllocator@USIMemAlloc@core@UModSys@@USCountCalcPower2@23@@tl@3@@tl@3@@tl@UModSys@@UEBA_NXZ 00000001800038fc f i plugin_test1.obj
 0001:0000290c       ?push@?$TRStackSocket@USFileInfo@libmedia@UModSys@@U?$TDynarrayDynamic@USFileInfo@libmedia@UModSys@@U?$TAllocator@USIMemAlloc@core@UModSys@@USCountCalcPower2@23@@tl@3@@tl@3@@tl@UModSys@@UEAA_NAEBUSFileInfo@libmedia@3@@Z 000000018000390c f i plugin_test1.obj
 0001:00002a80       ?pop@?$TRStackSocket@USFileInfo@libmedia@UModSys@@U?$TDynarrayDynamic@USFileInfo@libmedia@UModSys@@U?$TAllocator@USIMemAlloc@core@UModSys@@USCountCalcPower2@23@@tl@3@@tl@3@@tl@UModSys@@UEAA_NAEAUSFileInfo@libmedia@3@@Z 0000000180003a80 f i plugin_test1.obj
 0001:00002b10       ?info_release@?$TSCoreShared@USIMemAlloc@core@UModSys@@D@su@tl@UModSys@@QEAAXXZ 0000000180003b10 f i plugin_test1.obj
 0001:00002be4       ?info_new@?$TSCoreShared@USIMemAlloc@core@UModSys@@D@su@tl@UModSys@@QEAA_NPEBD_K@Z 0000000180003be4 f i plugin_test1.obj
 0001:00002cb8       ??$generate_type@UIImageFactory@lib2d@UModSys@@@RTest1_Shell@test1@test@modules@UModSys@@QEAA?AU?$TRefObject@UIImageFactory@lib2d@UModSys@@U?$TRefObjectFunc@UIImageFactory@lib2d@UModSys@@@tl@3@@tl@4@AEBU?$TString@U?$TSCoreConst@D@su@tl@UModSys@@U?$TComparerBinaryHash@D@234@@64@AEBUSParameters@core@4@PEBD@Z 0000000180003cb8 f i plugin_test1.obj
 0001:00002ea0       ??$generate_type@UIMultiImage@lib2d@UModSys@@@RTest1_Shell@test1@test@modules@UModSys@@QEAA?AU?$TRefObject@UIMultiImage@lib2d@UModSys@@U?$TRefObjectFunc@UIMultiImage@lib2d@UModSys@@@tl@3@@tl@4@AEBU?$TString@U?$TSCoreConst@D@su@tl@UModSys@@U?$TComparerBinaryHash@D@234@@64@AEBUSParameters@core@4@PEBD@Z 0000000180003ea0 f i plugin_test1.obj
 0001:0000302c       ??$generate_type@UIBinArchive@libmedia@UModSys@@@RTest1_Shell@test1@test@modules@UModSys@@QEAA?AU?$TRefObject@UIBinArchive@libmedia@UModSys@@U?$TRefObjectFunc@UIBinArchive@libmedia@UModSys@@@tl@3@@tl@4@AEBU?$TString@U?$TSCoreConst@D@su@tl@UModSys@@U?$TComparerBinaryHash@D@234@@64@AEBUSParameters@core@4@PEBD@Z 000000018000402c f i plugin_test1.obj
 0001:00003218       ??$generate_type@UIClient@IBinArchiveFrame@libmedia@UModSys@@@RTest1_Shell@test1@test@modules@UModSys@@QEAA?AU?$TRefObject@UIClient@IBinArchiveFrame@libmedia@UModSys@@U?$TRefObjectFunc@UIClient@IBinArchiveFrame@libmedia@UModSys@@@tl@4@@tl@4@AEBU?$TString@U?$TSCoreConst@D@su@tl@UModSys@@U?$TComparerBinaryHash@D@234@@64@AEBUSParameters@core@4@PEBD@Z 0000000180004218 f i plugin_test1.obj
 0001:00003400       ??$generate_type@UIBinArchiveFrame@libmedia@UModSys@@@RTest1_Shell@test1@test@modules@UModSys@@QEAA?AU?$TRefObject@UIBinArchiveFrame@libmedia@UModSys@@U?$TRefObjectFunc@UIBinArchiveFrame@libmedia@UModSys@@@tl@3@@tl@4@AEBU?$TString@U?$TSCoreConst@D@su@tl@UModSys@@U?$TComparerBinaryHash@D@234@@64@AEBUSParameters@core@4@PEBD@Z 0000000180004400 f i plugin_test1.obj
 0001:000035ec       ??$generate_type@UIBinObjFilter@libmedia@UModSys@@@RTest1_Shell@test1@test@modules@UModSys@@QEAA?AU?$TRefObject@UIBinObjFilter@libmedia@UModSys@@U?$TRefObjectFunc@UIBinObjFilter@libmedia@UModSys@@@tl@3@@tl@4@AEBU?$TString@U?$TSCoreConst@D@su@tl@UModSys@@U?$TComparerBinaryHash@D@234@@64@AEBUSParameters@core@4@PEBD@Z 00000001800045ec f i plugin_test1.obj
 0001:000037d4       ??$generate_type@UIUtilities@libmedia@UModSys@@@RTest1_Shell@test1@test@modules@UModSys@@QEAA?AU?$TRefObject@UIUtilities@libmedia@UModSys@@U?$TRefObjectFunc@UIUtilities@libmedia@UModSys@@@tl@3@@tl@4@AEBU?$TString@U?$TSCoreConst@D@su@tl@UModSys@@U?$TComparerBinaryHash@D@234@@64@AEBUSParameters@core@4@PEBD@Z 00000001800047d4 f i plugin_test1.obj
 0001:000039bc       ??$generate_type@UILibraryBinTree@libmedia@UModSys@@@RTest1_Shell@test1@test@modules@UModSys@@QEAA?AU?$TRefObject@UILibraryBinTree@libmedia@UModSys@@U?$TRefObjectFunc@UILibraryBinTree@libmedia@UModSys@@@tl@3@@tl@4@AEBU?$TString@U?$TSCoreConst@D@su@tl@UModSys@@U?$TComparerBinaryHash@D@234@@64@AEBUSParameters@core@4@PEBD@Z 00000001800049bc f i plugin_test1.obj
 0001:00003ba4       ??$generate_type@UILibraryObjFilter@libmedia@UModSys@@@RTest1_Shell@test1@test@modules@UModSys@@QEAA?AU?$TRefObject@UILibraryObjFilter@libmedia@UModSys@@U?$TRefObjectFunc@UILibraryObjFilter@libmedia@UModSys@@@tl@3@@tl@4@AEBU?$TString@U?$TSCoreConst@D@su@tl@UModSys@@U?$TComparerBinaryHash@D@234@@64@AEBUSParameters@core@4@PEBD@Z 0000000180004ba4 f i plugin_test1.obj
 0001:00003d8c       ??$generate_type@UILibraryLayered@libmedia@UModSys@@@RTest1_Shell@test1@test@modules@UModSys@@QEAA?AU?$TRefObject@UILibraryLayered@libmedia@UModSys@@U?$TRefObjectFunc@UILibraryLayered@libmedia@UModSys@@@tl@3@@tl@4@AEBU?$TString@U?$TSCoreConst@D@su@tl@UModSys@@U?$TComparerBinaryHash@D@234@@64@AEBUSParameters@core@4@PEBD@Z 0000000180004d8c f i plugin_test1.obj
 0001:00003f74       ??$generate_type@UILibraryObjCache@libmedia@UModSys@@@RTest1_Shell@test1@test@modules@UModSys@@QEAA?AU?$TRefObject@UILibraryObjCache@libmedia@UModSys@@U?$TRefObjectFunc@UILibraryObjCache@libmedia@UModSys@@@tl@3@@tl@4@AEBU?$TString@U?$TSCoreConst@D@su@tl@UModSys@@U?$TComparerBinaryHash@D@234@@64@AEBUSParameters@core@4@PEBD@Z 0000000180004f74 f i plugin_test1.obj
 0001:0000415c       ??$generate_type@UILibraryBinCache@libmedia@UModSys@@@RTest1_Shell@test1@test@modules@UModSys@@QEAA?AU?$TRefObject@UILibraryBinCache@libmedia@UModSys@@U?$TRefObjectFunc@UILibraryBinCache@libmedia@UModSys@@@tl@3@@tl@4@AEBU?$TString@U?$TSCoreConst@D@su@tl@UModSys@@U?$TComparerBinaryHash@D@234@@64@AEBUSParameters@core@4@PEBD@Z 000000018000515c f i plugin_test1.obj
 0001:00004344       ?ResizeRel@?$TDynarray@U?$TDynarrayHolderDynamic@USFileInfo@libmedia@UModSys@@U?$TAllocator@USIMemAlloc@core@UModSys@@USCountCalcPower2@23@@tl@3@@tl@UModSys@@@tl@UModSys@@QEAA_N_J@Z 0000000180005344 f i plugin_test1.obj
 0001:00004438       ??$t_generate@UIMultiImage@lib2d@UModSys@@@SModuleContext@base@UModSys@@QEAA_NAEAU?$TRefObject@UIMultiImage@lib2d@UModSys@@U?$TRefObjectFunc@UIMultiImage@lib2d@UModSys@@@tl@3@@tl@2@PEBUSUniquePointerInfo@core@2@AEBUSParameters@62@@Z 0000000180005438 f i plugin_test1.obj
 0001:000044fc       ?items_construct@?$TDynarray@U?$TDynarrayHolderDynamic@USFileInfo@libmedia@UModSys@@U?$TAllocator@USIMemAlloc@core@UModSys@@USCountCalcPower2@23@@tl@3@@tl@UModSys@@@tl@UModSys@@IEAAX_K0@Z 00000001800054fc f i plugin_test1.obj
 0001:000045f8       ??1?$TRefObject@UIModObject@base@UModSys@@U?$TModObjectFunc@UIModObject@base@UModSys@@@tl@3@@tl@UModSys@@QEAA@XZ 00000001800055f8 f i plugin_test1.obj
 0001:00004624       ?alloc@SMemShared@core@UModSys@@QEAA_N_KPEAUSSourceContext@23@@Z 0000000180005624 f i umodsys_lib_lib2d:umodsys.mod.2d.stdlib.obj
 0001:000046a8       ?Convert@stdlib@lib2d@modules@UModSys@@YA_NAEBU?$TBoundBox2@H@math3d@4@AEBUSImageInfo@24@AEBUSMem@core@4@01AEBUSCMem@94@@Z 00000001800056a8 f i umodsys_lib_lib2d:umodsys.mod.2d.stdlib.obj
 0001:000047fc       ?root_get_interface_info@RImage_Memory@stdlib@lib2d@modules@UModSys@@UEBAAEBUSUniquePointerInfo@core@5@XZ 00000001800057fc f i umodsys_lib_lib2d:umodsys.mod.2d.stdlib.obj
 0001:00004804       ?root_get_interface_type@RImage_Memory@stdlib@lib2d@modules@UModSys@@UEBAPEBUSUniquePointerInfo@core@5@XZ 0000000180005804 f i umodsys_lib_lib2d:umodsys.mod.2d.stdlib.obj
 0001:0000480c       ?root_get_interface_types@RTest1_Shell@test1@test@modules@UModSys@@UEBA_KAEAUSUniquePtrList@core@5@@Z 000000018000580c f i plugin_test1.obj
 0001:0000480c       ?root_get_interface_types@RGenerator@zlib@media@modules@UModSys@@UEBA_KAEAUSUniquePtrList@core@5@@Z 000000018000580c f i umodsys_lib_libmedia:umodsys.mod.media.zlib.obj
 0001:0000480c       ?root_get_interface_types@RImage_Memory@stdlib@lib2d@modules@UModSys@@UEBA_KAEAUSUniquePtrList@core@5@@Z 000000018000580c f i umodsys_lib_lib2d:umodsys.mod.2d.stdlib.obj
 0001:0000480c       ?root_get_interface_types@RGenerator@frames@ui@modules@UModSys@@UEBA_KAEAUSUniquePtrList@core@5@@Z 000000018000580c f i umodsys_lib_libui:umodsys.mod.ui.frames.obj
 0001:0000480c       ?root_get_interface_types@RGenerator@stdlib@lib2d@modules@UModSys@@UEBA_KAEAUSUniquePtrList@core@5@@Z 000000018000580c f i umodsys_lib_lib2d:umodsys.mod.2d.stdlib.obj
 0001:0000480c       ?root_get_interface_types@RMediaFilter@images_std@media@modules@UModSys@@UEBA_KAEAUSUniquePtrList@core@5@@Z 000000018000580c f i umodsys_lib_libmedia:umodsys.mod.media.images_std.obj
 0001:0000480c       ?root_get_interface_types@RGenerator@images_std@media@modules@UModSys@@UEBA_KAEAUSUniquePtrList@core@5@@Z 000000018000580c f i umodsys_lib_libmedia:umodsys.mod.media.images_std.obj
 0001:0000480c       ?root_get_interface_types@RSerializeReader@serialize_json@media@modules@UModSys@@UEBA_KAEAUSUniquePtrList@core@5@@Z 000000018000580c f i umodsys_lib_libmedia:umodsys.mod.media.serialize_json.obj
 0001:0000480c       ?root_get_interface_types@RDialog@frames@ui@modules@UModSys@@UEBA_KAEAUSUniquePtrList@core@5@@Z 000000018000580c f i umodsys_lib_libui:umodsys.mod.ui.frames.obj
 0001:0000480c       ?root_get_interface_types@RMultiImage@stdlib@lib2d@modules@UModSys@@UEBA_KAEAUSUniquePtrList@core@5@@Z 000000018000580c f i umodsys_lib_lib2d:umodsys.mod.2d.stdlib.obj
 0001:0000480c       ?root_get_interface_types@RFrame_Text@frames@ui@modules@UModSys@@UEBA_KAEAUSUniquePtrList@core@5@@Z 000000018000580c f i umodsys_lib_libui:umodsys.mod.ui.frames.obj
 0001:0000480c       ?root_get_interface_types@RImageFactory_Memory@stdlib@lib2d@modules@UModSys@@UEBA_KAEAUSUniquePtrList@core@5@@Z 000000018000580c f i umodsys_lib_lib2d:umodsys.mod.2d.stdlib.obj
 0001:0000480c       ?root_get_interface_types@RFrame_Edit@frames@ui@modules@UModSys@@UEBA_KAEAUSUniquePtrList@core@5@@Z 000000018000580c f i umodsys_lib_libui:umodsys.mod.ui.frames.obj
 0001:0000480c       ?root_get_interface_types@RFrame_Image@frames@ui@modules@UModSys@@UEBA_KAEAUSUniquePtrList@core@5@@Z 000000018000580c f i umodsys_lib_libui:umodsys.mod.ui.frames.obj
 0001:0000480c       ?root_get_interface_types@RBinArchiveFrameClient_ZIP@zlib@media@modules@UModSys@@UEBA_KAEAUSUniquePtrList@core@5@@Z 000000018000580c f i umodsys_lib_libmedia:umodsys.mod.media.zlib.obj
 0001:0000480c       ?root_get_interface_types@RMultiImage2D_SDL_ttf@SDL_core@ui@modules@UModSys@@UEBA_KAEAUSUniquePtrList@core@5@@Z 000000018000580c f i umodsys_lib_libui:umodsys.mod.ui.SDL_core.obj
 0001:0000480c       ?root_get_interface_types@RGenerator@serialize_json@media@modules@UModSys@@UEBA_KAEAUSUniquePtrList@core@5@@Z 000000018000580c f i umodsys_lib_libmedia:umodsys.mod.media.serialize_json.obj
 0001:0000480c       ?root_get_interface_types@RCollector@frames@ui@modules@UModSys@@UEBA_KAEAUSUniquePtrList@core@5@@Z 000000018000580c f i umodsys_lib_libui:umodsys.mod.ui.frames.obj
 0001:0000480c       ?root_get_interface_types@RKeyboardController@SDL_core@ui@modules@UModSys@@UEBA_KAEAUSUniquePtrList@core@5@@Z 000000018000580c f i umodsys_lib_libui:umodsys.mod.ui.SDL_core.obj
 0001:0000480c       ?root_get_interface_types@RSerializeWriter@serialize_json@media@modules@UModSys@@UEBA_KAEAUSUniquePtrList@core@5@@Z 000000018000580c f i umodsys_lib_libmedia:umodsys.mod.media.serialize_json.obj
 0001:0000480c       ?root_get_interface_types@RFrame_List@frames@ui@modules@UModSys@@UEBA_KAEAUSUniquePtrList@core@5@@Z 000000018000580c f i umodsys_lib_libui:umodsys.mod.ui.frames.obj
 0001:0000480c       ?root_get_interface_types@RFrame_Frame@frames@ui@modules@UModSys@@UEBA_KAEAUSUniquePtrList@core@5@@Z 000000018000580c f i umodsys_lib_libui:umodsys.mod.ui.frames.obj
 0001:0000480c       ?root_get_interface_types@RMouseController@SDL_core@ui@modules@UModSys@@UEBA_KAEAUSUniquePtrList@core@5@@Z 000000018000580c f i umodsys_lib_libui:umodsys.mod.ui.SDL_core.obj
 0001:0000480c       ?root_get_interface_types@RGenerator@SDL_core@ui@modules@UModSys@@UEBA_KAEAUSUniquePtrList@core@5@@Z 000000018000580c f i umodsys_lib_libui:umodsys.mod.ui.SDL_core.obj
 0001:0000480c       ?root_get_interface_types@RGenerator@test1@test@modules@UModSys@@UEBA_KAEAUSUniquePtrList@core@5@@Z 000000018000580c f i plugin_test1.obj
 0001:0000480c       ?root_get_interface_types@RRenderDriver2D@SDL_core@ui@modules@UModSys@@UEBA_KAEAUSUniquePtrList@core@5@@Z 000000018000580c f i umodsys_lib_libui:umodsys.mod.ui.SDL_core.obj
 0001:0000480c       ?root_get_interface_types@RFrame_Button@frames@ui@modules@UModSys@@UEBA_KAEAUSUniquePtrList@core@5@@Z 000000018000580c f i umodsys_lib_libui:umodsys.mod.ui.frames.obj
 0001:0000480c       ?root_get_interface_types@RTerminal@SDL_core@ui@modules@UModSys@@UEBA_KAEAUSUniquePtrList@core@5@@Z 000000018000580c f i umodsys_lib_libui:umodsys.mod.ui.SDL_core.obj
 0001:00004814       ?root_get_other_interface@RImage_Memory@stdlib@lib2d@modules@UModSys@@UEBAPEBUIRoot@core@5@PEBUSUniquePointerInfo@75@@Z 0000000180005814 f i umodsys_lib_lib2d:umodsys.mod.2d.stdlib.obj
 0001:00004814       ?root_get_other_interface@RImage_Memory@stdlib@lib2d@modules@UModSys@@UEAAPEAUIRoot@core@5@PEBUSUniquePointerInfo@75@@Z 0000000180005814 f i umodsys_lib_lib2d:umodsys.mod.2d.stdlib.obj
 0001:00004844       ?root_is_interface_supported@RImage_Memory@stdlib@lib2d@modules@UModSys@@UEBA_NPEBUSUniquePointerInfo@core@5@@Z 0000000180005844 f i umodsys_lib_lib2d:umodsys.mod.2d.stdlib.obj
 0001:00004874       ?root_get_interface_info@RImageFactory_Memory@stdlib@lib2d@modules@UModSys@@UEBAAEBUSUniquePointerInfo@core@5@XZ 0000000180005874 f i umodsys_lib_lib2d:umodsys.mod.2d.stdlib.obj
 0001:0000487c       ?root_get_interface_type@RImageFactory_Memory@stdlib@lib2d@modules@UModSys@@UEBAPEBUSUniquePointerInfo@core@5@XZ 000000018000587c f i umodsys_lib_lib2d:umodsys.mod.2d.stdlib.obj
 0001:00004884       ?root_get_other_interface@RImageFactory_Memory@stdlib@lib2d@modules@UModSys@@UEBAPEBUIRoot@core@5@PEBUSUniquePointerInfo@75@@Z 0000000180005884 f i umodsys_lib_lib2d:umodsys.mod.2d.stdlib.obj
 0001:00004884       ?root_get_other_interface@RImageFactory_Memory@stdlib@lib2d@modules@UModSys@@UEAAPEAUIRoot@core@5@PEBUSUniquePointerInfo@75@@Z 0000000180005884 f i umodsys_lib_lib2d:umodsys.mod.2d.stdlib.obj
 0001:000048b4       ?root_is_interface_supported@RImageFactory_Memory@stdlib@lib2d@modules@UModSys@@UEBA_NPEBUSUniquePointerInfo@core@5@@Z 00000001800058b4 f i umodsys_lib_lib2d:umodsys.mod.2d.stdlib.obj
 0001:000048e4       ?suicide@RTerminal@SDL_core@ui@modules@UModSys@@UEAAXXZ 00000001800058e4 f i umodsys_lib_libui:umodsys.mod.ui.SDL_core.obj
 0001:000048e4       ?suicide@RMultiImage@stdlib@lib2d@modules@UModSys@@UEAAXXZ 00000001800058e4 f i umodsys_lib_lib2d:umodsys.mod.2d.stdlib.obj
 0001:000048e4       ?suicide@RSerializeReader@serialize_json@media@modules@UModSys@@UEAAXXZ 00000001800058e4 f i umodsys_lib_libmedia:umodsys.mod.media.serialize_json.obj
 0001:000048e4       ?suicide@RImage_Memory@stdlib@lib2d@modules@UModSys@@UEAAXXZ 00000001800058e4 f i umodsys_lib_lib2d:umodsys.mod.2d.stdlib.obj
 0001:000048e4       ?suicide@RImageFactory_Memory@stdlib@lib2d@modules@UModSys@@UEAAXXZ 00000001800058e4 f i umodsys_lib_lib2d:umodsys.mod.2d.stdlib.obj
 0001:000048e4       ?suicide@RBinArchiveFrameClient_ZIP@zlib@media@modules@UModSys@@UEAAXXZ 00000001800058e4 f i umodsys_lib_libmedia:umodsys.mod.media.zlib.obj
 0001:00004930       ?root_get_interface_info@RMultiImage@stdlib@lib2d@modules@UModSys@@UEBAAEBUSUniquePointerInfo@core@5@XZ 0000000180005930 f i umodsys_lib_lib2d:umodsys.mod.2d.stdlib.obj
 0001:00004938       ?root_get_interface_type@RMultiImage@stdlib@lib2d@modules@UModSys@@UEBAPEBUSUniquePointerInfo@core@5@XZ 0000000180005938 f i umodsys_lib_lib2d:umodsys.mod.2d.stdlib.obj
 0001:00004940       ?root_get_other_interface@RMultiImage@stdlib@lib2d@modules@UModSys@@UEAAPEAUIRoot@core@5@PEBUSUniquePointerInfo@75@@Z 0000000180005940 f i umodsys_lib_lib2d:umodsys.mod.2d.stdlib.obj
 0001:00004940       ?root_get_other_interface@RMultiImage@stdlib@lib2d@modules@UModSys@@UEBAPEBUIRoot@core@5@PEBUSUniquePointerInfo@75@@Z 0000000180005940 f i umodsys_lib_lib2d:umodsys.mod.2d.stdlib.obj
 0001:00004970       ?root_is_interface_supported@RMultiImage@stdlib@lib2d@modules@UModSys@@UEBA_NPEBUSUniquePointerInfo@core@5@@Z 0000000180005970 f i umodsys_lib_lib2d:umodsys.mod.2d.stdlib.obj
 0001:000049a0       ?get_generated_names@RGenerator@stdlib@lib2d@modules@UModSys@@UEBAHAEAUSUniquePtrList@core@5@@Z 00000001800059a0 f i umodsys_lib_lib2d:umodsys.mod.2d.stdlib.obj
 0001:000049e4       ?get_generated_types@RGenerator@stdlib@lib2d@modules@UModSys@@UEBAHAEAUSUniquePtrList@core@5@PEBUSUniquePointerInfo@75@@Z 00000001800059e4 f i umodsys_lib_lib2d:umodsys.mod.2d.stdlib.obj
 0001:00004a78       ?generate@RGenerator@stdlib@lib2d@modules@UModSys@@UEAA_NAEAU?$TRefObject@UIRefObject@core@UModSys@@U?$TRefObjectFunc@UIRefObject@core@UModSys@@@tl@3@@tl@5@PEBUSUniquePointerInfo@core@5@AEBUSParameters@95@@Z 0000000180005a78 f i umodsys_lib_lib2d:umodsys.mod.2d.stdlib.obj
 0001:00004ba8       ?root_get_interface_info@RGenerator@stdlib@lib2d@modules@UModSys@@UEBAAEBUSUniquePointerInfo@core@5@XZ 0000000180005ba8 f i umodsys_lib_lib2d:umodsys.mod.2d.stdlib.obj
 0001:00004bb0       ?root_get_interface_type@RGenerator@stdlib@lib2d@modules@UModSys@@UEBAPEBUSUniquePointerInfo@core@5@XZ 0000000180005bb0 f i umodsys_lib_lib2d:umodsys.mod.2d.stdlib.obj
 0001:00004bb8       ?root_get_other_interface@RGenerator@stdlib@lib2d@modules@UModSys@@UEAAPEAUIRoot@core@5@PEBUSUniquePointerInfo@75@@Z 0000000180005bb8 f i umodsys_lib_lib2d:umodsys.mod.2d.stdlib.obj
 0001:00004bb8       ?root_get_other_interface@RGenerator@stdlib@lib2d@modules@UModSys@@UEBAPEBUIRoot@core@5@PEBUSUniquePointerInfo@75@@Z 0000000180005bb8 f i umodsys_lib_lib2d:umodsys.mod.2d.stdlib.obj
 0001:00004bf0       ?root_is_interface_supported@RGenerator@stdlib@lib2d@modules@UModSys@@UEBA_NPEBUSUniquePointerInfo@core@5@@Z 0000000180005bf0 f i umodsys_lib_lib2d:umodsys.mod.2d.stdlib.obj
 0001:00004c28       ?get_uid@RGenerator@stdlib@lib2d@modules@UModSys@@UEBAPEBUSUniquePointerInfo@core@5@XZ 0000000180005c28 f i umodsys_lib_lib2d:umodsys.mod.2d.stdlib.obj
 0001:00004c30       ?set_info@RImage_Memory@stdlib@lib2d@modules@UModSys@@UEAA_NAEBUSImagePatchInfo@35@PEBD@Z 0000000180005c30 f   umodsys_lib_lib2d:umodsys.mod.2d.stdlib.obj
 0001:00004e90       ??1State@RImage_Memory@stdlib@lib2d@modules@UModSys@@QEAA@XZ 0000000180005e90 f i umodsys_lib_lib2d:umodsys.mod.2d.stdlib.obj
 0001:00004e90       ??1SCMemShared@core@UModSys@@QEAA@XZ 0000000180005e90 f i plugin_test1.obj
 0001:00004e90       ??1SMemShared@core@UModSys@@QEAA@XZ 0000000180005e90 f i plugin_test1.obj
 0001:00004ec0       ?set_data@RImage_Memory@stdlib@lib2d@modules@UModSys@@UEAA_NAEBUSImagePatchInfo@35@AEBUSCMem@core@5@H@Z 0000000180005ec0 f   umodsys_lib_lib2d:umodsys.mod.2d.stdlib.obj
 0001:00004f74       ?get_info@RImage_Memory@stdlib@lib2d@modules@UModSys@@UEBAAEBUSImageInfo@35@XZ 0000000180005f74 f   umodsys_lib_lib2d:umodsys.mod.2d.stdlib.obj
 0001:00004f7c       ?get_data@RImage_Memory@stdlib@lib2d@modules@UModSys@@UEBA_NAEBUSImagePatchInfo@35@AEBUSMem@core@5@H@Z 0000000180005f7c f   umodsys_lib_lib2d:umodsys.mod.2d.stdlib.obj
 0001:0000504c       ??0RImage_Memory@stdlib@lib2d@modules@UModSys@@QEAA@PEAUIModObject@base@4@AEBUSParameters@core@4@@Z 000000018000604c f   umodsys_lib_lib2d:umodsys.mod.2d.stdlib.obj
 0001:000050f4       ??_GRImage_Memory@stdlib@lib2d@modules@UModSys@@UEAAPEAXI@Z 00000001800060f4 f i umodsys_lib_lib2d:umodsys.mod.2d.stdlib.obj
 0001:000050f4       ??_ERImage_Memory@stdlib@lib2d@modules@UModSys@@UEAAPEAXI@Z 00000001800060f4 f i  CIL library: CIL module
 0001:00005164       ?image_new@RImageFactory_Memory@stdlib@lib2d@modules@UModSys@@UEAA?AU?$TRefObject@UIImage@lib2d@UModSys@@U?$TRefObjectFunc@UIImage@lib2d@UModSys@@@tl@3@@tl@5@XZ 0000000180006164 f   umodsys_lib_lib2d:umodsys.mod.2d.stdlib.obj
 0001:000052e8       ?image_new@RImageFactory_Memory@stdlib@lib2d@modules@UModSys@@UEAA?AU?$TRefObject@UIImage@lib2d@UModSys@@U?$TRefObjectFunc@UIImage@lib2d@UModSys@@@tl@3@@tl@5@AEBUSImagePatchInfo@35@PEBD@Z 00000001800062e8 f   umodsys_lib_lib2d:umodsys.mod.2d.stdlib.obj
 0001:000054bc       ?get_max_cell_size@RMultiImage@stdlib@lib2d@modules@UModSys@@UEBA?AU?$TVector2@H@math3d@5@XZ 00000001800064bc f   umodsys_lib_lib2d:umodsys.mod.2d.stdlib.obj
 0001:000054bc       ?get_max_layer_size@RMultiImage@stdlib@lib2d@modules@UModSys@@UEBA?AU?$TVector2@H@math3d@5@XZ 00000001800064bc f   umodsys_lib_lib2d:umodsys.mod.2d.stdlib.obj
 0001:000054e8       ?get_fixed_cell_size@RMultiImage@stdlib@lib2d@modules@UModSys@@UEBA?AU?$TVector2@H@math3d@5@XZ 00000001800064e8 f   umodsys_lib_lib2d:umodsys.mod.2d.stdlib.obj
 0001:00005508       ?get_layer_count@RMultiImage@stdlib@lib2d@modules@UModSys@@UEBAGXZ 0000000180006508 f   umodsys_lib_lib2d:umodsys.mod.2d.stdlib.obj
 0001:0000551c       ?get_layer@RMultiImage@stdlib@lib2d@modules@UModSys@@UEBAPEAUIImage@35@G@Z 000000018000651c f   umodsys_lib_lib2d:umodsys.mod.2d.stdlib.obj
 0001:00005584       ?get_cell_count@RMultiImage@stdlib@lib2d@modules@UModSys@@UEBAIXZ 0000000180006584 f   umodsys_lib_lib2d:umodsys.mod.2d.stdlib.obj
 0001:00005598       ?get_cell@RMultiImage@stdlib@lib2d@modules@UModSys@@UEBA_NIAEAU?$TVector2@H@math3d@5@PEAU675@PEAG@Z 0000000180006598 f   umodsys_lib_lib2d:umodsys.mod.2d.stdlib.obj
 0001:000055f0       ?get_cell@RMultiImage@stdlib@lib2d@modules@UModSys@@UEBA_NIAEAUSImageCellInfo@35@@Z 00000001800065f0 f   umodsys_lib_lib2d:umodsys.mod.2d.stdlib.obj
 0001:00005628       ?set_layer_count@RMultiImage@stdlib@lib2d@modules@UModSys@@UEAA_NG@Z 0000000180006628 f   umodsys_lib_lib2d:umodsys.mod.2d.stdlib.obj
 0001:00005730       ?get_maxbox@RCollector@frames@ui@modules@UModSys@@UEAA_NAEAU?$TBoundBox2@H@math3d@5@@Z 0000000180006730 f   umodsys_lib_libui:umodsys.mod.ui.frames.obj
 0001:00005730       ?key_event@RFrame_Common@frames@ui@modules@UModSys@@MEAA_NAEBUSKeyboardInputRaw@libui@5@@Z 0000000180006730 f   umodsys_lib_libui:umodsys.mod.ui.frames.obj
 0001:00005730       ?frame_remove@RCollector@frames@ui@modules@UModSys@@UEAA_NPEAUIFrame@libui@5@@Z 0000000180006730 f   umodsys_lib_libui:umodsys.mod.ui.frames.obj
 0001:00005730       ?set_parameters@RRenderDriver2D@SDL_core@ui@modules@UModSys@@UEAA_NPEBDAEBUSParameters@core@5@@Z 0000000180006730 f   umodsys_lib_libui:umodsys.mod.ui.SDL_core.obj
 0001:00005730       ?set_hint@RMultiImage@stdlib@lib2d@modules@UModSys@@UEAA_NPEBD0@Z 0000000180006730 f   umodsys_lib_lib2d:umodsys.mod.2d.stdlib.obj
 0001:00005730       ?mouse_setposition@RMouseController@SDL_core@ui@modules@UModSys@@UEAA_NHH@Z 0000000180006730 f   umodsys_lib_libui:umodsys.mod.ui.SDL_core.obj
 0001:00005730       ?command_draw@RTest1_Shell@test1@test@modules@UModSys@@UEAA_NAEBUSController@libui@5@PEAUIRenderDriver@lib2d@5@AEBU?$TBoundBox2@H@math3d@5@@Z 0000000180006730 f   plugin_test1.obj
 0001:00005730       ?get_cell@RMultiImage2D_SDL_ttf@SDL_core@ui@modules@UModSys@@UEBA_NIAEAU?$TVector2@H@math3d@5@PEAU675@PEAG@Z 0000000180006730 f   umodsys_lib_libui:umodsys.mod.ui.SDL_core.obj
 0001:00005730       ?setup_variable_cell@RMultiImage2D_SDL_ttf@SDL_core@ui@modules@UModSys@@UEAA_NPEBUSImageCellInfo@lib2d@5@KK@Z 0000000180006730 f   umodsys_lib_libui:umodsys.mod.ui.SDL_core.obj
 0001:00005730       ?key_setmodifier@RKeyboardController@SDL_core@ui@modules@UModSys@@UEAA_NHHH@Z 0000000180006730 f   umodsys_lib_libui:umodsys.mod.ui.SDL_core.obj
 0001:00005730       ?key_reset@RKeyboardController@SDL_core@ui@modules@UModSys@@UEAA_NXZ 0000000180006730 f   umodsys_lib_libui:umodsys.mod.ui.SDL_core.obj
 0001:00005730       ?key_setrepeat@RKeyboardController@SDL_core@ui@modules@UModSys@@UEAA_NMM@Z 0000000180006730 f   umodsys_lib_libui:umodsys.mod.ui.SDL_core.obj
 0001:00005730       ?arc_deinit@RBinArchiveFrameClient_ZIP@zlib@media@modules@UModSys@@UEAA_NPEAUIBinArchiveFrame@libmedia@5@@Z 0000000180006730 f   umodsys_lib_libmedia:umodsys.mod.media.zlib.obj
 0001:00005730       ?output_attach_3d@RCollector@frames@ui@modules@UModSys@@UEAA_NPEAUIRenderDriver@lib3d@5@H@Z 0000000180006730 f   umodsys_lib_libui:umodsys.mod.ui.frames.obj
 0001:00005730       ?set_hint@RMultiImage2D_SDL_ttf@SDL_core@ui@modules@UModSys@@UEAA_NPEBD0@Z 0000000180006730 f   umodsys_lib_libui:umodsys.mod.ui.SDL_core.obj
 0001:00005730       ?set_repeater@RFrame_Common@frames@ui@modules@UModSys@@UEAA_NHH@Z 0000000180006730 f   umodsys_lib_libui:umodsys.mod.ui.frames.obj
 0001:00005730       ?set_insize@RFrame_Common@frames@ui@modules@UModSys@@UEAA_NAEBU?$TVector2@H@math3d@5@@Z 0000000180006730 f   umodsys_lib_libui:umodsys.mod.ui.frames.obj
 0001:00005730       ?key_event@RFrame_Common@frames@ui@modules@UModSys@@MEAA_NAEBUSKeyboardInputText@libui@5@@Z 0000000180006730 f   umodsys_lib_libui:umodsys.mod.ui.frames.obj
 0001:00005730       ?get_cell@RMultiImage2D_SDL_ttf@SDL_core@ui@modules@UModSys@@UEBA_NIAEAUSImageCellInfo@lib2d@5@@Z 0000000180006730 f   umodsys_lib_libui:umodsys.mod.ui.SDL_core.obj
 0001:00005730       ?get_minsize@RCollector@frames@ui@modules@UModSys@@UEAA_NAEAU?$TVector2@H@math3d@5@@Z 0000000180006730 f   umodsys_lib_libui:umodsys.mod.ui.frames.obj
 0001:00005730       ?mouse_reset@RMouseController@SDL_core@ui@modules@UModSys@@UEAA_NXZ 0000000180006730 f   umodsys_lib_libui:umodsys.mod.ui.SDL_core.obj
 0001:00005730       ?set_layer_count@RMultiImage2D_SDL_ttf@SDL_core@ui@modules@UModSys@@UEAA_NG@Z 0000000180006730 f   umodsys_lib_libui:umodsys.mod.ui.SDL_core.obj
 0001:00005730       ?setup_fixed_cell@RMultiImage2D_SDL_ttf@SDL_core@ui@modules@UModSys@@UEAA_NHH@Z 0000000180006730 f   umodsys_lib_libui:umodsys.mod.ui.SDL_core.obj
 0001:00005730       ?filter_load@RMediaFilter@images_std@media@modules@UModSys@@UEAA_NAEBUSInfo@IBinObjFilter@libmedia@5@AEAU?$TRefObject@UIRefObject@core@UModSys@@U?$TRefObjectFunc@UIRefObject@core@UModSys@@@tl@3@@tl@5@@Z 0000000180006730 f   umodsys_lib_libmedia:umodsys.mod.media.images_std.obj
 0001:00005730       ?isfull@?$TRStackSocket@USFileInfo@libmedia@UModSys@@U?$TDynarrayDynamic@USFileInfo@libmedia@UModSys@@U?$TAllocator@USIMemAlloc@core@UModSys@@USCountCalcPower2@23@@tl@3@@tl@3@@tl@UModSys@@UEBA_NXZ 0000000180006730 f   plugin_test1.obj
 0001:00005730       ?mouse_event@RFrame_Common@frames@ui@modules@UModSys@@MEAA_NPEBUSMouseInput@libui@5@@Z 0000000180006730 f   umodsys_lib_libui:umodsys.mod.ui.frames.obj
 0001:00005730       ?mouse_setvisible@RMouseController@SDL_core@ui@modules@UModSys@@UEAA_N_N@Z 0000000180006730 f   umodsys_lib_libui:umodsys.mod.ui.SDL_core.obj
 0001:00005734       ?setup_fixed_cell@RMultiImage@stdlib@lib2d@modules@UModSys@@UEAA_NHH@Z 0000000180006734 f   umodsys_lib_lib2d:umodsys.mod.2d.stdlib.obj
 0001:00005750       ?setup_variable_cell@RMultiImage@stdlib@lib2d@modules@UModSys@@UEAA_NPEBUSImageCellInfo@35@KK@Z 0000000180006750 f   umodsys_lib_lib2d:umodsys.mod.2d.stdlib.obj
 0001:000057f8       ??0RMultiImage@stdlib@lib2d@modules@UModSys@@QEAA@PEAUIModObject@base@4@AEBUSParameters@core@4@@Z 00000001800067f8 f   umodsys_lib_lib2d:umodsys.mod.2d.stdlib.obj
 0001:00005914       ??_ERMultiImage@stdlib@lib2d@modules@UModSys@@UEAAPEAXI@Z 0000000180006914 f i  CIL library: CIL module
 0001:00005914       ??_GRMultiImage@stdlib@lib2d@modules@UModSys@@UEAAPEAXI@Z 0000000180006914 f i umodsys_lib_lib2d:umodsys.mod.2d.stdlib.obj
 0001:000059ec       ?do_open@RModuleReg@stdlib@lib2d@modules@UModSys@@UEAA_NXZ 00000001800069ec f i umodsys_lib_lib2d:umodsys.mod.2d.stdlib.obj
 0001:00005a60       ?do_close@RModuleReg@stdlib@lib2d@modules@UModSys@@UEAA_NXZ 0000000180006a60 f i umodsys_lib_lib2d:umodsys.mod.2d.stdlib.obj
 0001:00005ab0       ?get_module@RGenerator@stdlib@lib2d@modules@UModSys@@UEBAPEAUIModule@base@5@XZ 0000000180006ab0 f   umodsys_lib_lib2d:umodsys.mod.2d.stdlib.obj
 0001:00005ab8       ?mod_inc@RGenerator@stdlib@lib2d@modules@UModSys@@UEBA_NXZ 0000000180006ab8 f   umodsys_lib_lib2d:umodsys.mod.2d.stdlib.obj
 0001:00005ac8       ?mod_dec@RGenerator@stdlib@lib2d@modules@UModSys@@UEBA_NXZ 0000000180006ac8 f   umodsys_lib_lib2d:umodsys.mod.2d.stdlib.obj
 0001:00005adc       ?s_holder@RGenerator@stdlib@lib2d@modules@UModSys@@SAAEAU?$TTypeStaticHolder@URGenerator@stdlib@lib2d@modules@UModSys@@@tl@5@XZ 0000000180006adc f   umodsys_lib_lib2d:umodsys.mod.2d.stdlib.obj
 0001:00005b20       ??1?$TDynarrayDynamic@USImageCellInfo@lib2d@UModSys@@U?$TAllocator@USIMemAlloc@core@UModSys@@USCountCalcPower2@23@@tl@3@@tl@UModSys@@QEAA@XZ 0000000180006b20 f i umodsys_lib_lib2d:umodsys.mod.2d.stdlib.obj
 0001:00005b28       ?Resize@?$TDynarray@U?$TDynarrayHolderDynamic@USImageCellInfo@lib2d@UModSys@@U?$TAllocator@USIMemAlloc@core@UModSys@@USCountCalcPower2@23@@tl@3@@tl@UModSys@@@tl@UModSys@@QEAA_N_K@Z 0000000180006b28 f i umodsys_lib_lib2d:umodsys.mod.2d.stdlib.obj
 0001:00005bc8       ??1?$TDynarrayDynamic@U?$TRefObject@UIImage@lib2d@UModSys@@U?$TRefObjectFunc@UIImage@lib2d@UModSys@@@tl@3@@tl@UModSys@@U?$TAllocator@USIMemAlloc@core@UModSys@@USCountCalcPower2@23@@23@@tl@UModSys@@QEAA@XZ 0000000180006bc8 f i umodsys_lib_lib2d:umodsys.mod.2d.stdlib.obj
 0001:00005c28       ?Resize@?$TDynarray@U?$TDynarrayHolderDynamic@U?$TRefObject@UIImage@lib2d@UModSys@@U?$TRefObjectFunc@UIImage@lib2d@UModSys@@@tl@3@@tl@UModSys@@U?$TAllocator@USIMemAlloc@core@UModSys@@USCountCalcPower2@23@@23@@tl@UModSys@@@tl@UModSys@@QEAA_N_K@Z 0000000180006c28 f i umodsys_lib_lib2d:umodsys.mod.2d.stdlib.obj
 0001:00005d24       ??1?$TDynarray@U?$TDynarrayHolderDynamic@USImageCellInfo@lib2d@UModSys@@U?$TAllocator@USIMemAlloc@core@UModSys@@USCountCalcPower2@23@@tl@3@@tl@UModSys@@@tl@UModSys@@QEAA@XZ 0000000180006d24 f i umodsys_lib_lib2d:umodsys.mod.2d.stdlib.obj
 0001:00005df0       ??$t_gen_param@URImageFactory_Memory@stdlib@lib2d@modules@UModSys@@URGenerator@2345@@IGenerator@base@UModSys@@IEAA_NPEAURGenerator@stdlib@lib2d@modules@2@AEAU?$TRefObject@UIRefObject@core@UModSys@@U?$TRefObjectFunc@UIRefObject@core@UModSys@@@tl@3@@tl@2@PEBUSUniquePointerInfo@core@2@AEBUSParameters@core@2@@Z 0000000180006df0 f i umodsys_lib_lib2d:umodsys.mod.2d.stdlib.obj
 0001:00005f00       ??$t_gen_param@URMultiImage@stdlib@lib2d@modules@UModSys@@URGenerator@2345@@IGenerator@base@UModSys@@IEAA_NPEAURGenerator@stdlib@lib2d@modules@2@AEAU?$TRefObject@UIRefObject@core@UModSys@@U?$TRefObjectFunc@UIRefObject@core@UModSys@@@tl@3@@tl@2@PEBUSUniquePointerInfo@core@2@AEBUSParameters@core@2@@Z 0000000180006f00 f i umodsys_lib_lib2d:umodsys.mod.2d.stdlib.obj
 0001:00005ff8       ??$ValidateConstruction@UIImage@lib2d@UModSys@@URImage_Memory@stdlib@2modules@3@@core@UModSys@@YA_NAEAU?$TRefObject@UIImage@lib2d@UModSys@@U?$TRefObjectFunc@UIImage@lib2d@UModSys@@@tl@3@@tl@1@PEAURImage_Memory@stdlib@lib2d@modules@1@@Z 0000000180006ff8 f i umodsys_lib_lib2d:umodsys.mod.2d.stdlib.obj
 0001:00006050       ??1?$TRefObject@UIBinObjFilter@libmedia@UModSys@@U?$TRefObjectFunc@UIBinObjFilter@libmedia@UModSys@@@tl@3@@tl@UModSys@@QEAA@XZ 0000000180007050 f i plugin_test1.obj
 0001:00006050       ??1?$TRefObject@UIBinArchiveFrame@libmedia@UModSys@@U?$TRefObjectFunc@UIBinArchiveFrame@libmedia@UModSys@@@tl@3@@tl@UModSys@@QEAA@XZ 0000000180007050 f i plugin_test1.obj
 0001:00006050       ??1?$TRefObject@UILibraryObjCache@libmedia@UModSys@@U?$TRefObjectFunc@UILibraryObjCache@libmedia@UModSys@@@tl@3@@tl@UModSys@@QEAA@XZ 0000000180007050 f i plugin_test1.obj
 0001:00006050       ??1?$TRefObject@UIClient@IBinArchiveFrame@libmedia@UModSys@@U?$TRefObjectFunc@UIClient@IBinArchiveFrame@libmedia@UModSys@@@tl@4@@tl@UModSys@@QEAA@XZ 0000000180007050 f i plugin_test1.obj
 0001:00006050       ??1?$TRefObject@UIStreamReader@libmedia@UModSys@@U?$TRefObjectFunc@UIStreamReader@libmedia@UModSys@@@tl@3@@tl@UModSys@@QEAA@XZ 0000000180007050 f i plugin_test1.obj
 0001:00006050       ??1?$TRefObject@UILibraryObjFilter@libmedia@UModSys@@U?$TRefObjectFunc@UILibraryObjFilter@libmedia@UModSys@@@tl@3@@tl@UModSys@@QEAA@XZ 0000000180007050 f i plugin_test1.obj
 0001:00006050       ??1?$TRefObject@URSerializeWriter@serialize_json@media@modules@UModSys@@U?$TRefObjectFunc@URSerializeWriter@serialize_json@media@modules@UModSys@@@tl@5@@tl@UModSys@@QEAA@XZ 0000000180007050 f i umodsys_lib_libmedia:umodsys.mod.media.serialize_json.obj
 0001:00006050       ??1?$TRefObject@URImage_Memory@stdlib@lib2d@modules@UModSys@@U?$TRefObjectFunc@URImage_Memory@stdlib@lib2d@modules@UModSys@@@tl@5@@tl@UModSys@@QEAA@XZ 0000000180007050 f i umodsys_lib_lib2d:umodsys.mod.2d.stdlib.obj
 0001:00006050       ??1?$TRefObject@UIMouseController@libui@UModSys@@U?$TRefObjectFunc@UIMouseController@libui@UModSys@@@tl@3@@tl@UModSys@@QEAA@XZ 0000000180007050 f i plugin_test1.obj
 0001:00006050       ??1?$TRefObject@URKeyboardController@SDL_core@ui@modules@UModSys@@U?$TRefObjectFunc@URKeyboardController@SDL_core@ui@modules@UModSys@@@tl@5@@tl@UModSys@@QEAA@XZ 0000000180007050 f i umodsys_lib_libui:umodsys.mod.ui.SDL_core.obj
 0001:00006050       ??1?$TRefObject@URImageFactory_Memory@stdlib@lib2d@modules@UModSys@@U?$TRefObjectFunc@URImageFactory_Memory@stdlib@lib2d@modules@UModSys@@@tl@5@@tl@UModSys@@QEAA@XZ 0000000180007050 f i umodsys_lib_lib2d:umodsys.mod.2d.stdlib.obj
 0001:00006050       ??1?$TRefObject@UIRenderDriver@lib2d@UModSys@@U?$TRefObjectFunc@UIRenderDriver@lib2d@UModSys@@@tl@3@@tl@UModSys@@QEAA@XZ 0000000180007050 f i plugin_test1.obj
 0001:00006050       ??1?$TRefObject@UIRefObject@core@UModSys@@U?$TRefObjectFunc@UIRefObject@core@UModSys@@@tl@3@@tl@UModSys@@QEAA@XZ 0000000180007050 f i plugin_test1.obj
 0001:00006050       ??1?$TRefObject@URFrame_Common@frames@ui@modules@UModSys@@U?$TRefObjectFunc@URFrame_Common@frames@ui@modules@UModSys@@@tl@5@@tl@UModSys@@QEAA@XZ 0000000180007050 f i umodsys_lib_libui:umodsys.mod.ui.frames.obj
 0001:00006050       ??1?$TRefObject@UILibraryBinTree@libmedia@UModSys@@U?$TRefObjectFunc@UILibraryBinTree@libmedia@UModSys@@@tl@3@@tl@UModSys@@QEAA@XZ 0000000180007050 f i plugin_test1.obj
 0001:00006050       ??1?$TRefObject@UILibraryLayered@libmedia@UModSys@@U?$TRefObjectFunc@UILibraryLayered@libmedia@UModSys@@@tl@3@@tl@UModSys@@QEAA@XZ 0000000180007050 f i plugin_test1.obj
 0001:00006050       ??1?$TRefObject@UILibrary@libmedia@UModSys@@U?$TRefObjectFunc@UILibrary@libmedia@UModSys@@@tl@3@@tl@UModSys@@QEAA@XZ 0000000180007050 f i plugin_test1.obj
 0001:00006050       ??1?$TRefObject@UITerminal@libui@UModSys@@U?$TRefObjectFunc@UITerminal@libui@UModSys@@@tl@3@@tl@UModSys@@QEAA@XZ 0000000180007050 f i plugin_test1.obj
 0001:00006050       ??1?$TRefObject@UIImage@lib2d@UModSys@@U?$TRefObjectFunc@UIImage@lib2d@UModSys@@@tl@3@@tl@UModSys@@QEAA@XZ 0000000180007050 f i plugin_test1.obj
 0001:00006050       ??1?$TRefObject@UIKeyboardController@libui@UModSys@@U?$TRefObjectFunc@UIKeyboardController@libui@UModSys@@@tl@3@@tl@UModSys@@QEAA@XZ 0000000180007050 f i plugin_test1.obj
 0001:00006050       ??1?$TRefObject@URDialog@frames@ui@modules@UModSys@@U?$TRefObjectFunc@URDialog@frames@ui@modules@UModSys@@@tl@5@@tl@UModSys@@QEAA@XZ 0000000180007050 f i umodsys_lib_libui:umodsys.mod.ui.frames.obj
 0001:00006050       ??1?$TRefObject@UIUtilities@libmedia@UModSys@@U?$TRefObjectFunc@UIUtilities@libmedia@UModSys@@@tl@3@@tl@UModSys@@QEAA@XZ 0000000180007050 f i plugin_test1.obj
 0001:00006050       ??1?$TRefObject@URMultiImage@stdlib@lib2d@modules@UModSys@@U?$TRefObjectFunc@URMultiImage@stdlib@lib2d@modules@UModSys@@@tl@5@@tl@UModSys@@QEAA@XZ 0000000180007050 f i umodsys_lib_lib2d:umodsys.mod.2d.stdlib.obj
 0001:00006050       ??1?$TRefObject@URSerializeReader@serialize_json@media@modules@UModSys@@U?$TRefObjectFunc@URSerializeReader@serialize_json@media@modules@UModSys@@@tl@5@@tl@UModSys@@QEAA@XZ 0000000180007050 f i umodsys_lib_libmedia:umodsys.mod.media.serialize_json.obj
 0001:00006050       ??1?$TRefObject@URMouseController@SDL_core@ui@modules@UModSys@@U?$TRefObjectFunc@URMouseController@SDL_core@ui@modules@UModSys@@@tl@5@@tl@UModSys@@QEAA@XZ 0000000180007050 f i umodsys_lib_libui:umodsys.mod.ui.SDL_core.obj
 0001:00006050       ??1?$TRefObject@URRenderDriver2D@SDL_core@ui@modules@UModSys@@U?$TRefObjectFunc@URRenderDriver2D@SDL_core@ui@modules@UModSys@@@tl@5@@tl@UModSys@@QEAA@XZ 0000000180007050 f i umodsys_lib_libui:umodsys.mod.ui.SDL_core.obj
 0001:00006050       ??1?$TRefObject@URMediaFilter@images_std@media@modules@UModSys@@U?$TRefObjectFunc@URMediaFilter@images_std@media@modules@UModSys@@@tl@5@@tl@UModSys@@QEAA@XZ 0000000180007050 f i umodsys_lib_libmedia:umodsys.mod.media.images_std.obj
 0001:00006050       ??1?$TRefObject@UIMultiImage@lib2d@UModSys@@U?$TRefObjectFunc@UIMultiImage@lib2d@UModSys@@@tl@3@@tl@UModSys@@QEAA@XZ 0000000180007050 f i plugin_test1.obj
 0001:00006050       ??1?$TRefObject@UIStreamWriter@libmedia@UModSys@@U?$TRefObjectFunc@UIStreamWriter@libmedia@UModSys@@@tl@3@@tl@UModSys@@QEAA@XZ 0000000180007050 f i plugin_test1.obj
 0001:00006050       ??1?$TRefObject@UIImageFactory@lib2d@UModSys@@U?$TRefObjectFunc@UIImageFactory@lib2d@UModSys@@@tl@3@@tl@UModSys@@QEAA@XZ 0000000180007050 f i plugin_test1.obj
 0001:00006050       ??1?$TRefObject@UILibraryBinCache@libmedia@UModSys@@U?$TRefObjectFunc@UILibraryBinCache@libmedia@UModSys@@@tl@3@@tl@UModSys@@QEAA@XZ 0000000180007050 f i plugin_test1.obj
 0001:00006050       ??1?$TRefObject@UIBinArchive@libmedia@UModSys@@U?$TRefObjectFunc@UIBinArchive@libmedia@UModSys@@@tl@3@@tl@UModSys@@QEAA@XZ 0000000180007050 f i plugin_test1.obj
 0001:00006050       ??1?$TRefObject@URCollector@frames@ui@modules@UModSys@@U?$TRefObjectFunc@URCollector@frames@ui@modules@UModSys@@@tl@5@@tl@UModSys@@QEAA@XZ 0000000180007050 f i umodsys_lib_libui:umodsys.mod.ui.frames.obj
 0001:00006050       ??1?$TRefObject@URTerminal@SDL_core@ui@modules@UModSys@@U?$TRefObjectFunc@URTerminal@SDL_core@ui@modules@UModSys@@@tl@5@@tl@UModSys@@QEAA@XZ 0000000180007050 f i umodsys_lib_libui:umodsys.mod.ui.SDL_core.obj
 0001:00006050       ??1?$TRefObject@UIFrame@libui@UModSys@@U?$TRefObjectFunc@UIFrame@libui@UModSys@@@tl@3@@tl@UModSys@@QEAA@XZ 0000000180007050 f i umodsys_lib_libui:umodsys.mod.ui.frames.obj
 0001:00006050       ??1?$TRefObject@URBinArchiveFrameClient_ZIP@zlib@media@modules@UModSys@@U?$TRefObjectFunc@URBinArchiveFrameClient_ZIP@zlib@media@modules@UModSys@@@tl@5@@tl@UModSys@@QEAA@XZ 0000000180007050 f i umodsys_lib_libmedia:umodsys.mod.media.zlib.obj
 0001:00006050       ??1?$TRefObject@URMultiImage2D_SDL_ttf@SDL_core@ui@modules@UModSys@@U?$TRefObjectFunc@URMultiImage2D_SDL_ttf@SDL_core@ui@modules@UModSys@@@tl@5@@tl@UModSys@@QEAA@XZ 0000000180007050 f i umodsys_lib_libui:umodsys.mod.ui.SDL_core.obj
 0001:00006074       ?root_get_interface_info@RMultiImage2D_SDL_ttf@SDL_core@ui@modules@UModSys@@UEBAAEBUSUniquePointerInfo@core@5@XZ 0000000180007074 f i umodsys_lib_libui:umodsys.mod.ui.SDL_core.obj
 0001:0000607c       ?root_get_interface_type@RMultiImage2D_SDL_ttf@SDL_core@ui@modules@UModSys@@UEBAPEBUSUniquePointerInfo@core@5@XZ 000000018000707c f i umodsys_lib_libui:umodsys.mod.ui.SDL_core.obj
 0001:00006084       ?root_get_other_interface@RMultiImage2D_SDL_ttf@SDL_core@ui@modules@UModSys@@UEAAPEAUIRoot@core@5@PEBUSUniquePointerInfo@75@@Z 0000000180007084 f i umodsys_lib_libui:umodsys.mod.ui.SDL_core.obj
 0001:00006084       ?root_get_other_interface@RMultiImage2D_SDL_ttf@SDL_core@ui@modules@UModSys@@UEBAPEBUIRoot@core@5@PEBUSUniquePointerInfo@75@@Z 0000000180007084 f i umodsys_lib_libui:umodsys.mod.ui.SDL_core.obj
 0001:000060b4       ?root_is_interface_supported@RMultiImage2D_SDL_ttf@SDL_core@ui@modules@UModSys@@UEBA_NPEBUSUniquePointerInfo@core@5@@Z 00000001800070b4 f i umodsys_lib_libui:umodsys.mod.ui.SDL_core.obj
 0001:000060e4       ??0RMultiImage2D_SDL_ttf@SDL_core@ui@modules@UModSys@@QEAA@PEAURRenderDriver2D@1234@AEBUSParameters@core@4@@Z 00000001800070e4 f i umodsys_lib_libui:umodsys.mod.ui.SDL_core.obj
 0001:00006228       ?generate_glyphs@RMultiImage2D_SDL_ttf@SDL_core@ui@modules@UModSys@@QEAA_NXZ 0000000180007228 f i umodsys_lib_libui:umodsys.mod.ui.SDL_core.obj
 0001:00006404       ?get_max_layer_size@RMultiImage2D_SDL_ttf@SDL_core@ui@modules@UModSys@@UEBA?AU?$TVector2@H@math3d@5@XZ 0000000180007404 f i umodsys_lib_libui:umodsys.mod.ui.SDL_core.obj
 0001:00006404       ?get_max_cell_size@RMultiImage2D_SDL_ttf@SDL_core@ui@modules@UModSys@@UEBA?AU?$TVector2@H@math3d@5@XZ 0000000180007404 f i umodsys_lib_libui:umodsys.mod.ui.SDL_core.obj
 0001:00006404       ?image_get_maxsize@RImageFactory_Memory@stdlib@lib2d@modules@UModSys@@UEBA?AU?$TVector2@H@math3d@5@XZ 0000000180007404 f i umodsys_lib_lib2d:umodsys.mod.2d.stdlib.obj
 0001:00006404       ?get_fixed_cell_size@RMultiImage2D_SDL_ttf@SDL_core@ui@modules@UModSys@@UEBA?AU?$TVector2@H@math3d@5@XZ 0000000180007404 f i umodsys_lib_libui:umodsys.mod.ui.SDL_core.obj
 0001:00006410       ??_ERMultiImage2D_SDL_ttf@SDL_core@ui@modules@UModSys@@UEAAPEAXI@Z 0000000180007410 f i  CIL library: CIL module
 0001:00006410       ??_GRMultiImage2D_SDL_ttf@SDL_core@ui@modules@UModSys@@UEAAPEAXI@Z 0000000180007410 f i umodsys_lib_libui:umodsys.mod.ui.SDL_core.obj
 0001:000064d4       ?root_get_interface_info@RRenderDriver2D@SDL_core@ui@modules@UModSys@@UEBAAEBUSUniquePointerInfo@core@5@XZ 00000001800074d4 f i umodsys_lib_libui:umodsys.mod.ui.SDL_core.obj
 0001:000064dc       ?root_get_interface_type@RRenderDriver2D@SDL_core@ui@modules@UModSys@@UEBAPEBUSUniquePointerInfo@core@5@XZ 00000001800074dc f i umodsys_lib_libui:umodsys.mod.ui.SDL_core.obj
 0001:000064e4       ?root_get_other_interface@RRenderDriver2D@SDL_core@ui@modules@UModSys@@UEAAPEAUIRoot@core@5@PEBUSUniquePointerInfo@75@@Z 00000001800074e4 f i umodsys_lib_libui:umodsys.mod.ui.SDL_core.obj
 0001:000064e4       ?root_get_other_interface@RRenderDriver2D@SDL_core@ui@modules@UModSys@@UEBAPEBUIRoot@core@5@PEBUSUniquePointerInfo@75@@Z 00000001800074e4 f i umodsys_lib_libui:umodsys.mod.ui.SDL_core.obj
 0001:00006514       ?root_is_interface_supported@RRenderDriver2D@SDL_core@ui@modules@UModSys@@UEBA_NPEBUSUniquePointerInfo@core@5@@Z 0000000180007514 f i umodsys_lib_libui:umodsys.mod.ui.SDL_core.obj
 0001:00006544       ?suicide@RMouseController@SDL_core@ui@modules@UModSys@@UEAAXXZ 0000000180007544 f i umodsys_lib_libui:umodsys.mod.ui.SDL_core.obj
 0001:00006544       ?suicide@RRenderDriver2D@SDL_core@ui@modules@UModSys@@UEAAXXZ 0000000180007544 f i umodsys_lib_libui:umodsys.mod.ui.SDL_core.obj
 0001:00006544       ?suicide@RDialog@frames@ui@modules@UModSys@@UEAAXXZ 0000000180007544 f i umodsys_lib_libui:umodsys.mod.ui.frames.obj
 0001:00006544       ?suicide@RKeyboardController@SDL_core@ui@modules@UModSys@@UEAAXXZ 0000000180007544 f i umodsys_lib_libui:umodsys.mod.ui.SDL_core.obj
 0001:00006544       ?suicide@RMultiImage2D_SDL_ttf@SDL_core@ui@modules@UModSys@@UEAAXXZ 0000000180007544 f i umodsys_lib_libui:umodsys.mod.ui.SDL_core.obj
 0001:00006588       ??0RRenderDriver2D@SDL_core@ui@modules@UModSys@@QEAA@PEAURTerminal@1234@AEBUSParameters@core@4@@Z 0000000180007588 f i umodsys_lib_libui:umodsys.mod.ui.SDL_core.obj
 0001:000066e8       ?open@RRenderDriver2D@SDL_core@ui@modules@UModSys@@QEAA_NAEBUSParameters@core@5@@Z 00000001800076e8 f i umodsys_lib_libui:umodsys.mod.ui.SDL_core.obj
 0001:000068fc       ?set_color@RRenderDriver2D@SDL_core@ui@modules@UModSys@@QEAAXXZ 00000001800078fc f i umodsys_lib_libui:umodsys.mod.ui.SDL_core.obj
 0001:00006970       ?get_list@RFrame_Text@frames@ui@modules@UModSys@@UEAAPEAUIFrameList@libui@5@XZ 0000000180007970 f i umodsys_lib_libui:umodsys.mod.ui.frames.obj
 0001:00006970       ?get_data@RFrame_Button@frames@ui@modules@UModSys@@UEAAPEAUIFrameData@libui@5@XZ 0000000180007970 f i umodsys_lib_libui:umodsys.mod.ui.frames.obj
 0001:00006970       ?get_layer_count@RMultiImage2D_SDL_ttf@SDL_core@ui@modules@UModSys@@UEBAGXZ 0000000180007970 f i umodsys_lib_libui:umodsys.mod.ui.SDL_core.obj
 0001:00006970       ?get_ctrlcmd@RFrame_Button@frames@ui@modules@UModSys@@UEAAPEAUIControllerCommand@libui@5@XZ 0000000180007970 f i umodsys_lib_libui:umodsys.mod.ui.frames.obj
 0001:00006970       ?get_ctrldata@RFrame_Button@frames@ui@modules@UModSys@@UEAAPEAUIControllerData@libui@5@XZ 0000000180007970 f i umodsys_lib_libui:umodsys.mod.ui.frames.obj
 0001:00006970       ?get_ctrldata@RFrame_Frame@frames@ui@modules@UModSys@@UEAAPEAUIControllerData@libui@5@XZ 0000000180007970 f i umodsys_lib_libui:umodsys.mod.ui.frames.obj
 0001:00006970       ?get_ctrldata@RFrame_Edit@frames@ui@modules@UModSys@@UEAAPEAUIControllerData@libui@5@XZ 0000000180007970 f i umodsys_lib_libui:umodsys.mod.ui.frames.obj
 0001:00006970       ?get_layer@RMultiImage2D_SDL_ttf@SDL_core@ui@modules@UModSys@@UEBAPEAUIImage@lib2d@5@G@Z 0000000180007970 f i umodsys_lib_libui:umodsys.mod.ui.SDL_core.obj
 0001:00006970       ?get_ctrldata@RFrame_Text@frames@ui@modules@UModSys@@UEAAPEAUIControllerData@libui@5@XZ 0000000180007970 f i umodsys_lib_libui:umodsys.mod.ui.frames.obj
 0001:00006970       ?get_hwcinfo@RImage_Memory@stdlib@lib2d@modules@UModSys@@UEBAPEBXPEBUSUniquePointerInfo@core@5@@Z 0000000180007970 f i umodsys_lib_lib2d:umodsys.mod.2d.stdlib.obj
 0001:00006970       ?get_ctrlcmd@RFrame_Frame@frames@ui@modules@UModSys@@UEAAPEAUIControllerCommand@libui@5@XZ 0000000180007970 f i umodsys_lib_libui:umodsys.mod.ui.frames.obj
 0001:00006970       ?get_handler@RTerminal@SDL_core@ui@modules@UModSys@@UEBAPEAUIRefObject@core@5@PEBUSUniquePointerInfo@75@PEBD@Z 0000000180007970 f i umodsys_lib_libui:umodsys.mod.ui.SDL_core.obj
 0001:00006970       ?get_list@RFrame_Edit@frames@ui@modules@UModSys@@UEAAPEAUIFrameList@libui@5@XZ 0000000180007970 f i umodsys_lib_libui:umodsys.mod.ui.frames.obj
 0001:00006970       ?get_ctrlcmd@RFrame_Edit@frames@ui@modules@UModSys@@UEAAPEAUIControllerCommand@libui@5@XZ 0000000180007970 f i umodsys_lib_libui:umodsys.mod.ui.frames.obj
 0001:00006970       ?get_ctrlcmd@RFrame_Text@frames@ui@modules@UModSys@@UEAAPEAUIControllerCommand@libui@5@XZ 0000000180007970 f i umodsys_lib_libui:umodsys.mod.ui.frames.obj
 0001:00006970       ?get_ctrldata@RFrame_List@frames@ui@modules@UModSys@@UEAAPEAUIControllerData@libui@5@XZ 0000000180007970 f i umodsys_lib_libui:umodsys.mod.ui.frames.obj
 0001:00006970       ?get_ctrlcmd@RFrame_List@frames@ui@modules@UModSys@@UEAAPEAUIControllerCommand@libui@5@XZ 0000000180007970 f i umodsys_lib_libui:umodsys.mod.ui.frames.obj
 0001:00006970       ?get_list@RFrame_Button@frames@ui@modules@UModSys@@UEAAPEAUIFrameList@libui@5@XZ 0000000180007970 f i umodsys_lib_libui:umodsys.mod.ui.frames.obj
 0001:00006970       ?get_ctrldata@RFrame_Image@frames@ui@modules@UModSys@@UEAAPEAUIControllerData@libui@5@XZ 0000000180007970 f i umodsys_lib_libui:umodsys.mod.ui.frames.obj
 0001:00006970       ?get_cell_count@RMultiImage2D_SDL_ttf@SDL_core@ui@modules@UModSys@@UEBAIXZ 0000000180007970 f i umodsys_lib_libui:umodsys.mod.ui.SDL_core.obj
 0001:00006970       ?get_up_theme@RCollector@frames@ui@modules@UModSys@@UEAAPEAUICollectorTheme@libui@5@XZ 0000000180007970 f i umodsys_lib_libui:umodsys.mod.ui.frames.obj
 0001:00006970       ?get_data@RFrame_Image@frames@ui@modules@UModSys@@UEAAPEAUIFrameData@libui@5@XZ 0000000180007970 f i umodsys_lib_libui:umodsys.mod.ui.frames.obj
 0001:00006970       ?get_friend_handler@RTerminal@SDL_core@ui@modules@UModSys@@UEBAPEAUIRefObject@core@5@PEBUSUniquePointerInfo@75@PEAU675@@Z 0000000180007970 f i umodsys_lib_libui:umodsys.mod.ui.SDL_core.obj
 0001:00006970       ?get_ctrlcmd@RFrame_Image@frames@ui@modules@UModSys@@UEAAPEAUIControllerCommand@libui@5@XZ 0000000180007970 f i umodsys_lib_libui:umodsys.mod.ui.frames.obj
 0001:00006970       ?get_hwinfo@RImage_Memory@stdlib@lib2d@modules@UModSys@@UEAAPEAXPEBUSUniquePointerInfo@core@5@@Z 0000000180007970 f i umodsys_lib_lib2d:umodsys.mod.2d.stdlib.obj
 0001:00006970       ?get_sub@RFrame_Common@frames@ui@modules@UModSys@@UEAAPEAUIFrame@libui@5@PEAU675@H@Z 0000000180007970 f i umodsys_lib_libui:umodsys.mod.ui.frames.obj
 0001:00006970       ?get_list@RFrame_Image@frames@ui@modules@UModSys@@UEAAPEAUIFrameList@libui@5@XZ 0000000180007970 f i umodsys_lib_libui:umodsys.mod.ui.frames.obj
 0001:00006970       ?get_list@RFrame_Frame@frames@ui@modules@UModSys@@UEAAPEAUIFrameList@libui@5@XZ 0000000180007970 f i umodsys_lib_libui:umodsys.mod.ui.frames.obj
 0001:00006970       ?get_data@RFrame_Frame@frames@ui@modules@UModSys@@UEAAPEAUIFrameData@libui@5@XZ 0000000180007970 f i umodsys_lib_libui:umodsys.mod.ui.frames.obj
 0001:00006970       ?get_controller@RRenderDriver2D@SDL_core@ui@modules@UModSys@@UEBAPEAUIRefObject@core@5@PEBUSUniquePointerInfo@75@@Z 0000000180007970 f i umodsys_lib_libui:umodsys.mod.ui.SDL_core.obj
 0001:00006974       ?begin@RRenderDriver2D@SDL_core@ui@modules@UModSys@@UEAAXXZ 0000000180007974 f i umodsys_lib_libui:umodsys.mod.ui.SDL_core.obj
 0001:000069e0       ?end@RRenderDriver2D@SDL_core@ui@modules@UModSys@@UEAAXXZ 00000001800079e0 f i umodsys_lib_libui:umodsys.mod.ui.SDL_core.obj
 0001:000069f8       ?get_max_values@RRenderDriver2D@SDL_core@ui@modules@UModSys@@UEBAPEBUSParameters@core@5@XZ 00000001800079f8 f i umodsys_lib_libui:umodsys.mod.ui.SDL_core.obj
 0001:00006a00       ?get_frame_values@RRenderDriver2D@SDL_core@ui@modules@UModSys@@UEBAPEBUSParameters@core@5@XZ 0000000180007a00 f i umodsys_lib_libui:umodsys.mod.ui.SDL_core.obj
 0001:00006a08       ?setup_font@RRenderDriver2D@SDL_core@ui@modules@UModSys@@UEAA_NPEAUIMultiImage@lib2d@5@PEBU?$TVector2@M@math3d@5@@Z 0000000180007a08 f i umodsys_lib_libui:umodsys.mod.ui.SDL_core.obj
 0001:00006acc       ?setup_color@RRenderDriver2D@SDL_core@ui@modules@UModSys@@UEAAXAEBU?$TVector3@M@math3d@5@@Z 0000000180007acc f i umodsys_lib_libui:umodsys.mod.ui.SDL_core.obj
 0001:00006af4       ?setup_color@RRenderDriver2D@SDL_core@ui@modules@UModSys@@UEAAXAEBU?$TVector3@H@math3d@5@@Z 0000000180007af4 f i umodsys_lib_libui:umodsys.mod.ui.SDL_core.obj
 0001:00006b44       ?setup_coloralpha@RRenderDriver2D@SDL_core@ui@modules@UModSys@@UEAAXAEBU?$TVector4@M@math3d@5@H@Z 0000000180007b44 f i umodsys_lib_libui:umodsys.mod.ui.SDL_core.obj
 0001:00006b68       ?setup_coloralpha@RRenderDriver2D@SDL_core@ui@modules@UModSys@@UEAAXAEBU?$TVector4@H@math3d@5@H@Z 0000000180007b68 f i umodsys_lib_libui:umodsys.mod.ui.SDL_core.obj
 0001:00006bcc       ?setup_blendcolor@RRenderDriver2D@SDL_core@ui@modules@UModSys@@UEAAXAEBUSBlendColor@lib2d@5@@Z 0000000180007bcc f i umodsys_lib_libui:umodsys.mod.ui.SDL_core.obj
 0001:00006c34       ?setup_blendcolor@RRenderDriver2D@SDL_core@ui@modules@UModSys@@UEAAXAEBUSBlendColorf@lib2d@5@@Z 0000000180007c34 f i umodsys_lib_libui:umodsys.mod.ui.SDL_core.obj
 0001:00006c74       ?setup_alpha@RRenderDriver2D@SDL_core@ui@modules@UModSys@@UEAAXHH@Z 0000000180007c74 f i umodsys_lib_libui:umodsys.mod.ui.SDL_core.obj
 0001:00006ca4       ?setup_alpha@RRenderDriver2D@SDL_core@ui@modules@UModSys@@UEAAXMH@Z 0000000180007ca4 f i umodsys_lib_libui:umodsys.mod.ui.SDL_core.obj
 0001:00006cc4       ?render_text_advanced@RRenderDriver2D@SDL_core@ui@modules@UModSys@@UEAA_NAEAUTextInfo@IRenderDriver@lib2d@5@PEBHH@Z 0000000180007cc4 f i umodsys_lib_libui:umodsys.mod.ui.SDL_core.obj
 0001:00006ec0       ?render_box@RRenderDriver2D@SDL_core@ui@modules@UModSys@@UEAAXAEBU?$TVector2@H@math3d@5@0@Z 0000000180007ec0 f i umodsys_lib_libui:umodsys.mod.ui.SDL_core.obj
 0001:00006f0c       ?render_tri@RRenderDriver2D@SDL_core@ui@modules@UModSys@@UEAAXAEBU?$TVector2@H@math3d@5@00@Z 0000000180007f0c f i umodsys_lib_libui:umodsys.mod.ui.SDL_core.obj
 0001:00006f84       ?render_quad@RRenderDriver2D@SDL_core@ui@modules@UModSys@@UEAAXAEBU?$TVector2@H@math3d@5@000@Z 0000000180007f84 f i umodsys_lib_libui:umodsys.mod.ui.SDL_core.obj
 0001:0000702c       ?render_line@RRenderDriver2D@SDL_core@ui@modules@UModSys@@UEAAXAEBU?$TVector2@H@math3d@5@0@Z 000000018000802c f i umodsys_lib_libui:umodsys.mod.ui.SDL_core.obj
 0001:00007054       ?render_rect@RRenderDriver2D@SDL_core@ui@modules@UModSys@@UEAAXAEBU?$TVector2@H@math3d@5@0@Z 0000000180008054 f i umodsys_lib_libui:umodsys.mod.ui.SDL_core.obj
 0001:000070a0       ??_ERRenderDriver2D@SDL_core@ui@modules@UModSys@@UEAAPEAXI@Z 00000001800080a0 f i  CIL library: CIL module
 0001:000070a0       ??_GRRenderDriver2D@SDL_core@ui@modules@UModSys@@UEAAPEAXI@Z 00000001800080a0 f i umodsys_lib_libui:umodsys.mod.ui.SDL_core.obj
 0001:00007184       ?root_get_interface_info@RMouseController@SDL_core@ui@modules@UModSys@@UEBAAEBUSUniquePointerInfo@core@5@XZ 0000000180008184 f i umodsys_lib_libui:umodsys.mod.ui.SDL_core.obj
 0001:0000718c       ?root_get_interface_type@RMouseController@SDL_core@ui@modules@UModSys@@UEBAPEBUSUniquePointerInfo@core@5@XZ 000000018000818c f i umodsys_lib_libui:umodsys.mod.ui.SDL_core.obj
 0001:00007194       ?root_get_other_interface@RMouseController@SDL_core@ui@modules@UModSys@@UEBAPEBUIRoot@core@5@PEBUSUniquePointerInfo@75@@Z 0000000180008194 f i umodsys_lib_libui:umodsys.mod.ui.SDL_core.obj
 0001:00007194       ?root_get_other_interface@RMouseController@SDL_core@ui@modules@UModSys@@UEAAPEAUIRoot@core@5@PEBUSUniquePointerInfo@75@@Z 0000000180008194 f i umodsys_lib_libui:umodsys.mod.ui.SDL_core.obj
 0001:000071c4       ?root_is_interface_supported@RMouseController@SDL_core@ui@modules@UModSys@@UEBA_NPEBUSUniquePointerInfo@core@5@@Z 00000001800081c4 f i umodsys_lib_libui:umodsys.mod.ui.SDL_core.obj
 0001:000071f4       ?process@RMouseController@SDL_core@ui@modules@UModSys@@QEAA_NAEAUSDL_MouseMotionEvent@@@Z 00000001800081f4 f i umodsys_lib_libui:umodsys.mod.ui.SDL_core.obj
 0001:00007360       ?process@RMouseController@SDL_core@ui@modules@UModSys@@QEAA_NAEAUSDL_MouseButtonEvent@@@Z 0000000180008360 f i umodsys_lib_libui:umodsys.mod.ui.SDL_core.obj
 0001:0000748c       ?process@RMouseController@SDL_core@ui@modules@UModSys@@QEAA_NAEAUSDL_MouseWheelEvent@@@Z 000000018000848c f i umodsys_lib_libui:umodsys.mod.ui.SDL_core.obj
 0001:0000757c       ?mouse_unlink@RMouseController@SDL_core@ui@modules@UModSys@@UEAA_NH@Z 000000018000857c f i umodsys_lib_libui:umodsys.mod.ui.SDL_core.obj
 0001:0000757c       ?key_unlink@RKeyboardController@SDL_core@ui@modules@UModSys@@UEAA_NH@Z 000000018000857c f i umodsys_lib_libui:umodsys.mod.ui.SDL_core.obj
 0001:000075d4       ?mouse_link@RMouseController@SDL_core@ui@modules@UModSys@@UEAA_NHPEAUIRefObject@core@5@PEAUIMouseClient@libui@5@H@Z 00000001800085d4 f i umodsys_lib_libui:umodsys.mod.ui.SDL_core.obj
 0001:000076f4       ??_GRMouseController@SDL_core@ui@modules@UModSys@@UEAAPEAXI@Z 00000001800086f4 f i umodsys_lib_libui:umodsys.mod.ui.SDL_core.obj
 0001:000076f4       ??_ERMouseController@SDL_core@ui@modules@UModSys@@UEAAPEAXI@Z 00000001800086f4 f i  CIL library: CIL module
 0001:00007758       ?root_get_interface_info@RKeyboardController@SDL_core@ui@modules@UModSys@@UEBAAEBUSUniquePointerInfo@core@5@XZ 0000000180008758 f i umodsys_lib_libui:umodsys.mod.ui.SDL_core.obj
 0001:00007760       ?root_get_interface_type@RKeyboardController@SDL_core@ui@modules@UModSys@@UEBAPEBUSUniquePointerInfo@core@5@XZ 0000000180008760 f i umodsys_lib_libui:umodsys.mod.ui.SDL_core.obj
 0001:00007768       ?root_get_other_interface@RKeyboardController@SDL_core@ui@modules@UModSys@@UEAAPEAUIRoot@core@5@PEBUSUniquePointerInfo@75@@Z 0000000180008768 f i umodsys_lib_libui:umodsys.mod.ui.SDL_core.obj
 0001:00007768       ?root_get_other_interface@RKeyboardController@SDL_core@ui@modules@UModSys@@UEBAPEBUIRoot@core@5@PEBUSUniquePointerInfo@75@@Z 0000000180008768 f i umodsys_lib_libui:umodsys.mod.ui.SDL_core.obj
 0001:00007798       ?root_is_interface_supported@RKeyboardController@SDL_core@ui@modules@UModSys@@UEBA_NPEBUSUniquePointerInfo@core@5@@Z 0000000180008798 f i umodsys_lib_libui:umodsys.mod.ui.SDL_core.obj
 0001:000077c8       ?ref_weak@RImage_Memory@stdlib@lib2d@modules@UModSys@@UEBA_NAEAUWeakPointer@IRefObject@core@5@@Z 00000001800087c8 f i umodsys_lib_lib2d:umodsys.mod.2d.stdlib.obj
 0001:000077c8       ?ref_weak@RMultiImage@stdlib@lib2d@modules@UModSys@@UEBA_NAEAUWeakPointer@IRefObject@core@5@@Z 00000001800087c8 f i umodsys_lib_lib2d:umodsys.mod.2d.stdlib.obj
 0001:000077c8       ?ref_weak@RGenerator@serialize_json@media@modules@UModSys@@UEBA_NAEAUWeakPointer@IRefObject@core@5@@Z 00000001800087c8 f i umodsys_lib_libmedia:umodsys.mod.media.serialize_json.obj
 0001:000077c8       ?ref_weak@RKeyboardController@SDL_core@ui@modules@UModSys@@UEBA_NAEAUWeakPointer@IRefObject@core@5@@Z 00000001800087c8 f i umodsys_lib_libui:umodsys.mod.ui.SDL_core.obj
 0001:000077c8       ?ref_weak@RRenderDriver2D@SDL_core@ui@modules@UModSys@@UEBA_NAEAUWeakPointer@IRefObject@core@5@@Z 00000001800087c8 f i umodsys_lib_libui:umodsys.mod.ui.SDL_core.obj
 0001:000077c8       ?ref_weak@RMouseController@SDL_core@ui@modules@UModSys@@UEBA_NAEAUWeakPointer@IRefObject@core@5@@Z 00000001800087c8 f i umodsys_lib_libui:umodsys.mod.ui.SDL_core.obj
 0001:000077c8       ?ref_weak@RGenerator@images_std@media@modules@UModSys@@UEBA_NAEAUWeakPointer@IRefObject@core@5@@Z 00000001800087c8 f i umodsys_lib_libmedia:umodsys.mod.media.images_std.obj
 0001:000077c8       ?ref_weak@RGenerator@stdlib@lib2d@modules@UModSys@@UEBA_NAEAUWeakPointer@IRefObject@core@5@@Z 00000001800087c8 f i umodsys_lib_lib2d:umodsys.mod.2d.stdlib.obj
 0001:000077c8       ?ref_weak@RGenerator@test1@test@modules@UModSys@@UEBA_NAEAUWeakPointer@IRefObject@core@5@@Z 00000001800087c8 f i plugin_test1.obj
 0001:000077c8       ?ref_weak@RSerializeReader@serialize_json@media@modules@UModSys@@UEBA_NAEAUWeakPointer@IRefObject@core@5@@Z 00000001800087c8 f i umodsys_lib_libmedia:umodsys.mod.media.serialize_json.obj
 0001:000077c8       ?ref_weak@RGenerator@frames@ui@modules@UModSys@@UEBA_NAEAUWeakPointer@IRefObject@core@5@@Z 00000001800087c8 f i umodsys_lib_libui:umodsys.mod.ui.frames.obj
 0001:000077c8       ?ref_weak@RDialog@frames@ui@modules@UModSys@@UEBA_NAEAUWeakPointer@IRefObject@core@5@@Z 00000001800087c8 f i umodsys_lib_libui:umodsys.mod.ui.frames.obj
 0001:000077c8       ?ref_weak@RGenerator@zlib@media@modules@UModSys@@UEBA_NAEAUWeakPointer@IRefObject@core@5@@Z 00000001800087c8 f i umodsys_lib_libmedia:umodsys.mod.media.zlib.obj
 0001:000077c8       ?ref_weak@RBinArchiveFrameClient_ZIP@zlib@media@modules@UModSys@@UEBA_NAEAUWeakPointer@IRefObject@core@5@@Z 00000001800087c8 f i umodsys_lib_libmedia:umodsys.mod.media.zlib.obj
 0001:000077c8       ?ref_weak@RTerminal@SDL_core@ui@modules@UModSys@@UEBA_NAEAUWeakPointer@IRefObject@core@5@@Z 00000001800087c8 f i umodsys_lib_libui:umodsys.mod.ui.SDL_core.obj
 0001:000077c8       ?ref_weak@RGenerator@SDL_core@ui@modules@UModSys@@UEBA_NAEAUWeakPointer@IRefObject@core@5@@Z 00000001800087c8 f i umodsys_lib_libui:umodsys.mod.ui.SDL_core.obj
 0001:000077c8       ?ref_weak@RMultiImage2D_SDL_ttf@SDL_core@ui@modules@UModSys@@UEBA_NAEAUWeakPointer@IRefObject@core@5@@Z 00000001800087c8 f i umodsys_lib_libui:umodsys.mod.ui.SDL_core.obj
 0001:000077c8       ?ref_weak@RImageFactory_Memory@stdlib@lib2d@modules@UModSys@@UEBA_NAEAUWeakPointer@IRefObject@core@5@@Z 00000001800087c8 f i umodsys_lib_lib2d:umodsys.mod.2d.stdlib.obj
 0001:000077e8       ?process@RKeyboardController@SDL_core@ui@modules@UModSys@@QEAA_NAEAUSDL_KeyboardEvent@@@Z 00000001800087e8 f i umodsys_lib_libui:umodsys.mod.ui.SDL_core.obj
 0001:00007964       ?map_keycode@RKeyboardController@SDL_core@ui@modules@UModSys@@QEAA?AW4eKeyCode@libui@5@H@Z 0000000180008964 f i umodsys_lib_libui:umodsys.mod.ui.SDL_core.obj
 0001:00007e8c       ?key_link@RKeyboardController@SDL_core@ui@modules@UModSys@@UEAA_NHPEAUIRefObject@core@5@PEAUIKeyboardClient@libui@5@@Z 0000000180008e8c f i umodsys_lib_libui:umodsys.mod.ui.SDL_core.obj
 0001:00007f98       ?key_setvisible@RKeyboardController@SDL_core@ui@modules@UModSys@@UEAA_N_N@Z 0000000180008f98 f i umodsys_lib_libui:umodsys.mod.ui.SDL_core.obj
 0001:00007fb4       ??_ERKeyboardController@SDL_core@ui@modules@UModSys@@UEAAPEAXI@Z 0000000180008fb4 f i  CIL library: CIL module
 0001:00007fb4       ??_GRKeyboardController@SDL_core@ui@modules@UModSys@@UEAAPEAXI@Z 0000000180008fb4 f i umodsys_lib_libui:umodsys.mod.ui.SDL_core.obj
 0001:00008018       ?root_get_interface_info@RTerminal@SDL_core@ui@modules@UModSys@@UEBAAEBUSUniquePointerInfo@core@5@XZ 0000000180009018 f i umodsys_lib_libui:umodsys.mod.ui.SDL_core.obj
 0001:00008020       ?root_get_interface_type@RTerminal@SDL_core@ui@modules@UModSys@@UEBAPEBUSUniquePointerInfo@core@5@XZ 0000000180009020 f i umodsys_lib_libui:umodsys.mod.ui.SDL_core.obj
 0001:00008028       ?root_get_other_interface@RTerminal@SDL_core@ui@modules@UModSys@@UEBAPEBUIRoot@core@5@PEBUSUniquePointerInfo@75@@Z 0000000180009028 f i umodsys_lib_libui:umodsys.mod.ui.SDL_core.obj
 0001:00008028       ?root_get_other_interface@RTerminal@SDL_core@ui@modules@UModSys@@UEAAPEAUIRoot@core@5@PEBUSUniquePointerInfo@75@@Z 0000000180009028 f i umodsys_lib_libui:umodsys.mod.ui.SDL_core.obj
 0001:00008058       ?root_is_interface_supported@RTerminal@SDL_core@ui@modules@UModSys@@UEBA_NPEBUSUniquePointerInfo@core@5@@Z 0000000180009058 f i umodsys_lib_libui:umodsys.mod.ui.SDL_core.obj
 0001:00008088       ?poll_events@RTerminal@SDL_core@ui@modules@UModSys@@UEAA_NH@Z 0000000180009088 f i umodsys_lib_libui:umodsys.mod.ui.SDL_core.obj
 0001:00008280       ?get_terminal_state@RTerminal@SDL_core@ui@modules@UModSys@@UEAA_NW4eTerminalState@libui@5@@Z 0000000180009280 f i umodsys_lib_libui:umodsys.mod.ui.SDL_core.obj
 0001:0000828c       ?set_terminal_state@RTerminal@SDL_core@ui@modules@UModSys@@UEAA_NW4eTerminalState@libui@5@_N@Z 000000018000928c f i umodsys_lib_libui:umodsys.mod.ui.SDL_core.obj
 0001:000083b0       ?get_clock@RTerminal@SDL_core@ui@modules@UModSys@@UEAANXZ 00000001800093b0 f i umodsys_lib_libui:umodsys.mod.ui.SDL_core.obj
 0001:000083cc       ?wait@RTerminal@SDL_core@ui@modules@UModSys@@UEAA_NM@Z 00000001800093cc f i umodsys_lib_libui:umodsys.mod.ui.SDL_core.obj
 0001:000083ec       ?get_count@RTerminal@SDL_core@ui@modules@UModSys@@UEBA_KPEBUSUniquePointerInfo@core@5@@Z 00000001800093ec f i umodsys_lib_libui:umodsys.mod.ui.SDL_core.obj
 0001:00008480       ?get_handler@RTerminal@SDL_core@ui@modules@UModSys@@UEBAPEAUIRefObject@core@5@PEBUSUniquePointerInfo@75@_K@Z 0000000180009480 f i umodsys_lib_libui:umodsys.mod.ui.SDL_core.obj
 0001:00008520       ?create_handler@RTerminal@SDL_core@ui@modules@UModSys@@UEAA_NPEBUSUniquePointerInfo@core@5@AEAU?$TRefObject@UIRefObject@core@UModSys@@U?$TRefObjectFunc@UIRefObject@core@UModSys@@@tl@3@@tl@5@PEBDPEBUSParameters@75@@Z 0000000180009520 f i umodsys_lib_libui:umodsys.mod.ui.SDL_core.obj
 0001:00008908       ??_GRTerminal@SDL_core@ui@modules@UModSys@@UEAAPEAXI@Z 0000000180009908 f i umodsys_lib_libui:umodsys.mod.ui.SDL_core.obj
[...]
 0001:0001e5f4       ??__E?s_id@?$TObjectUniqueID@URGenerator@zlib@media@modules@UModSys@@@tl@UModSys@@2USUniquePointer@core@3@A@@YAXXZ 000000018001f5f4 f    CIL library: CIL module
 0001:0001e628       ??__EM@UModSys@@YAXXZ      000000018001f628 f    CIL library: CIL module
 0001:0001e634       ??__E?root@SModuleRegChain@base@UModSys@@2U123@A@@YAXXZ 000000018001f634 f    CIL library: CIL module
 0001:0001e640       ??__E?s_library@RModuleLibraryReg_Chain@base@UModSys@@2U123@A@@YAXXZ 000000018001f640 f    CIL library: CIL module
 0001:0001e64c       ??__E?root@SUniquePointer@core@UModSys@@2U123@A@@YAXXZ 000000018001f64c f    CIL library: CIL module
 0001:0001e658       ??__F?s_modreg@RModuleReg@test1@test@modules@UModSys@@2U12345@A@@YAXXZ 000000018001f658 f    CIL library: CIL module
 0001:0001e668       ??__F?s_modreg_chain@RModuleReg@test1@test@modules@UModSys@@2USModuleRegChain@base@5@A@@YAXXZ 000000018001f668 f    CIL library: CIL module
 0001:0001e674       ??__F?s_uid@RGenerator@test1@test@modules@UModSys@@2USUniquePointer@core@5@A@@YAXXZ 000000018001f674 f    CIL library: CIL module
 0001:0001e680       ??__Fh@?1??s_holder@RGenerator@test1@test@modules@UModSys@@SAAEAU?$TTypeStaticHolder@URGenerator@test1@test@modules@UModSys@@@tl@5@XZ@YAXXZ 000000018001f680 f    CIL library: CIL module
 0001:0001e6a8       ??__F?s_id@?$TObjectUniqueID@URGenerator@test1@test@modules@UModSys@@@tl@UModSys@@2USUniquePointer@core@3@A@@YAXXZ 000000018001f6a8 f    CIL library: CIL module
 0001:0001e6b4       ??__F?s_id@?$TObjectUniqueID@URTest1_Shell@test1@test@modules@UModSys@@@tl@UModSys@@2USUniquePointer@core@3@A@@YAXXZ 000000018001f6b4 f    CIL library: CIL module
 0001:0001e6c0       ??__F?s_id@?$TObjectUniqueID@URLines_Filter@test1@test@modules@UModSys@@@tl@UModSys@@2USUniquePointer@core@3@A@@YAXXZ 000000018001f6c0 f    CIL library: CIL module
 0001:0001e6cc       ??__F?s_id@?$TObjectUniqueID@URLines@test1@test@modules@UModSys@@@tl@UModSys@@2USUniquePointer@core@3@A@@YAXXZ 000000018001f6cc f    CIL library: CIL module
 0001:0001e6d8       ??__F?s_id@?$TObjectUniqueID@UILines@test1@test@modules@UModSys@@@tl@UModSys@@2USUniquePointer@core@3@A@@YAXXZ 000000018001f6d8 f    CIL library: CIL module
 0001:0001e6e4       ??__F?s_id@?$TObjectUniqueID@UIRenderDriver@lib2d@UModSys@@@tl@UModSys@@2USUniquePointer@core@3@A@@YAXXZ 000000018001f6e4 f    CIL library: CIL module
 0001:0001e6f0       ??__F?s_id@?$TObjectUniqueID@UIMultiImage@lib2d@UModSys@@@tl@UModSys@@2USUniquePointer@core@3@A@@YAXXZ 000000018001f6f0 f    CIL library: CIL module
 0001:0001e6fc       ??__F?s_id@?$TObjectUniqueID@UIImageFactory@lib2d@UModSys@@@tl@UModSys@@2USUniquePointer@core@3@A@@YAXXZ 000000018001f6fc f    CIL library: CIL module
 0001:0001e708       ??__F?s_id@?$TObjectUniqueID@UIImage@lib2d@UModSys@@@tl@UModSys@@2USUniquePointer@core@3@A@@YAXXZ 000000018001f708 f    CIL library: CIL module
 0001:0001e714       ??__F?s_id@?$TObjectUniqueID@UIDialog@libui@UModSys@@@tl@UModSys@@2USUniquePointer@core@3@A@@YAXXZ 000000018001f714 f    CIL library: CIL module
 0001:0001e720       ??__F?s_id@?$TObjectUniqueID@UIFrame@libui@UModSys@@@tl@UModSys@@2USUniquePointer@core@3@A@@YAXXZ 000000018001f720 f    CIL library: CIL module
 0001:0001e72c       ??__F?s_id@?$TObjectUniqueID@UIAsyncCollector@libui@UModSys@@@tl@UModSys@@2USUniquePointer@core@3@A@@YAXXZ 000000018001f72c f    CIL library: CIL module
 0001:0001e738       ??__F?s_id@?$TObjectUniqueID@UIAsyncController@libui@UModSys@@@tl@UModSys@@2USUniquePointer@core@3@A@@YAXXZ 000000018001f738 f    CIL library: CIL module
 0001:0001e744       ??__F?s_id@?$TObjectUniqueID@UICollector@libui@UModSys@@@tl@UModSys@@2USUniquePointer@core@3@A@@YAXXZ 000000018001f744 f    CIL library: CIL module
 0001:0001e750       ??__F?s_id@?$TObjectUniqueID@UIConsoleHelperInput_UIKey@libui@UModSys@@@tl@UModSys@@2USUniquePointer@core@3@A@@YAXXZ 000000018001f750 f    CIL library: CIL module
 0001:0001e75c       ??__F?s_id@?$TObjectUniqueID@UITerminal@libui@UModSys@@@tl@UModSys@@2USUniquePointer@core@3@A@@YAXXZ 000000018001f75c f    CIL library: CIL module
 0001:0001e768       ??__F?s_id@?$TObjectUniqueID@UIJoystickController@libui@UModSys@@@tl@UModSys@@2USUniquePointer@core@3@A@@YAXXZ 000000018001f768 f    CIL library: CIL module
 0001:0001e774       ??__F?s_id@?$TObjectUniqueID@UIMouseController@libui@UModSys@@@tl@UModSys@@2USUniquePointer@core@3@A@@YAXXZ 000000018001f774 f    CIL library: CIL module
 0001:0001e780       ??__F?s_id@?$TObjectUniqueID@UIKeyboardController@libui@UModSys@@@tl@UModSys@@2USUniquePointer@core@3@A@@YAXXZ 000000018001f780 f    CIL library: CIL module
 0001:0001e78c       ??__F?s_id@?$TObjectUniqueID@UIConsoleHelperOutputFCS@base@UModSys@@@tl@UModSys@@2USUniquePointer@core@3@A@@YAXXZ 000000018001f78c f    CIL library: CIL module
 0001:0001e798       ??__F?s_id@?$TObjectUniqueID@UIConsoleHelperOutput@base@UModSys@@@tl@UModSys@@2USUniquePointer@core@3@A@@YAXXZ 000000018001f798 f    CIL library: CIL module
 0001:0001e7a4       ??__F?s_id@?$TObjectUniqueID@UIConsoleHelperInput@base@UModSys@@@tl@UModSys@@2USUniquePointer@core@3@A@@YAXXZ 000000018001f7a4 f    CIL library: CIL module
 0001:0001e7b0       ??__F?s_id@?$TObjectUniqueID@UIConsoleHelperHistory@base@UModSys@@@tl@UModSys@@2USUniquePointer@core@3@A@@YAXXZ 000000018001f7b0 f    CIL library: CIL module
 0001:0001e7bc       ??__F?s_id@?$TObjectUniqueID@UIConsoleHelper@base@UModSys@@@tl@UModSys@@2USUniquePointer@core@3@A@@YAXXZ 000000018001f7bc f    CIL library: CIL module
 0001:0001e7c8       ??__F?s_id@?$TObjectUniqueID@UIConsoleExt@base@UModSys@@@tl@UModSys@@2USUniquePointer@core@3@A@@YAXXZ 000000018001f7c8 f    CIL library: CIL module
 0001:0001e7d4       ??__F?s_id@?$TObjectUniqueID@UISerializeWriter@libmedia@UModSys@@@tl@UModSys@@2USUniquePointer@core@3@A@@YAXXZ 000000018001f7d4 f    CIL library: CIL module
 0001:0001e7e0       ??__F?s_id@?$TObjectUniqueID@UISerializeReader@libmedia@UModSys@@@tl@UModSys@@2USUniquePointer@core@3@A@@YAXXZ 000000018001f7e0 f    CIL library: CIL module
 0001:0001e7ec       ??__F?s_id@?$TObjectUniqueID@UIClient@IBinArchiveFrame@libmedia@UModSys@@@tl@UModSys@@2USUniquePointer@core@3@A@@YAXXZ 000000018001f7ec f    CIL library: CIL module
 0001:0001e7f8       ??__F?s_id@?$TObjectUniqueID@UIBinArchiveFrame@libmedia@UModSys@@@tl@UModSys@@2USUniquePointer@core@3@A@@YAXXZ 000000018001f7f8 f    CIL library: CIL module
 0001:0001e804       ??__F?s_id@?$TObjectUniqueID@UILibraryLayered@libmedia@UModSys@@@tl@UModSys@@2USUniquePointer@core@3@A@@YAXXZ 000000018001f804 f    CIL library: CIL module
 0001:0001e810       ??__F?s_id@?$TObjectUniqueID@UILibraryObjCache@libmedia@UModSys@@@tl@UModSys@@2USUniquePointer@core@3@A@@YAXXZ 000000018001f810 f    CIL library: CIL module
 0001:0001e81c       ??__F?s_id@?$TObjectUniqueID@UILibraryObjFilter@libmedia@UModSys@@@tl@UModSys@@2USUniquePointer@core@3@A@@YAXXZ 000000018001f81c f    CIL library: CIL module
 0001:0001e828       ??__F?s_id@?$TObjectUniqueID@UILibraryBinCache@libmedia@UModSys@@@tl@UModSys@@2USUniquePointer@core@3@A@@YAXXZ 000000018001f828 f    CIL library: CIL module
 0001:0001e834       ??__F?s_id@?$TObjectUniqueID@UILibraryBinTree@libmedia@UModSys@@@tl@UModSys@@2USUniquePointer@core@3@A@@YAXXZ 000000018001f834 f    CIL library: CIL module
 0001:0001e840       ??__F?s_id@?$TObjectUniqueID@UILibrary@libmedia@UModSys@@@tl@UModSys@@2USUniquePointer@core@3@A@@YAXXZ 000000018001f840 f    CIL library: CIL module
 0001:0001e84c       ??__F?s_id@?$TObjectUniqueID@UIBinObjFilter@libmedia@UModSys@@@tl@UModSys@@2USUniquePointer@core@3@A@@YAXXZ 000000018001f84c f    CIL library: CIL module
 0001:0001e858       ??__F?s_id@?$TObjectUniqueID@UIBinArchive@libmedia@UModSys@@@tl@UModSys@@2USUniquePointer@core@3@A@@YAXXZ 000000018001f858 f    CIL library: CIL module
 0001:0001e864       ??__F?s_id@?$TObjectUniqueID@UILibObject@libmedia@UModSys@@@tl@UModSys@@2USUniquePointer@core@3@A@@YAXXZ 000000018001f864 f    CIL library: CIL module
 0001:0001e870       ??__F?s_id@?$TObjectUniqueID@UIUtilities@libmedia@UModSys@@@tl@UModSys@@2USUniquePointer@core@3@A@@YAXXZ 000000018001f870 f    CIL library: CIL module
 0001:0001e87c       ??__F?s_id@?$TObjectUniqueID@UIStreamWriter@libmedia@UModSys@@@tl@UModSys@@2USUniquePointer@core@3@A@@YAXXZ 000000018001f87c f    CIL library: CIL module
 0001:0001e888       ??__F?s_id@?$TObjectUniqueID@UIStreamReader@libmedia@UModSys@@@tl@UModSys@@2USUniquePointer@core@3@A@@YAXXZ 000000018001f888 f    CIL library: CIL module
 0001:0001e894       ??__F?s_id@?$TObjectUniqueID@UISystem@base@UModSys@@@tl@UModSys@@2USUniquePointer@core@3@A@@YAXXZ 000000018001f894 f    CIL library: CIL module
 0001:0001e8a0       ??__F?s_id@?$TObjectUniqueID@UIConsole@base@UModSys@@@tl@UModSys@@2USUniquePointer@core@3@A@@YAXXZ 000000018001f8a0 f    CIL library: CIL module
 0001:0001e8ac       ??__F?s_id@?$TObjectUniqueID@UIShell@base@UModSys@@@tl@UModSys@@2USUniquePointer@core@3@A@@YAXXZ 000000018001f8ac f    CIL library: CIL module
 0001:0001e8b8       ??__F?s_id@?$TObjectUniqueID@UIGenerator@base@UModSys@@@tl@UModSys@@2USUniquePointer@core@3@A@@YAXXZ 000000018001f8b8 f    CIL library: CIL module
 0001:0001e8c4       ??__F?s_id@?$TObjectUniqueID@UIModObject@base@UModSys@@@tl@UModSys@@2USUniquePointer@core@3@A@@YAXXZ 000000018001f8c4 f    CIL library: CIL module
 0001:0001e8d0       ??__F?s_id@?$TObjectUniqueID@UIModuleLibrary@base@UModSys@@@tl@UModSys@@2USUniquePointer@core@3@A@@YAXXZ 000000018001f8d0 f    CIL library: CIL module
 0001:0001e8dc       ??__F?s_id@?$TObjectUniqueID@UIModule@base@UModSys@@@tl@UModSys@@2USUniquePointer@core@3@A@@YAXXZ 000000018001f8dc f    CIL library: CIL module
 0001:0001e8e8       ??__F?s_id@?$TObjectUniqueID@UIParameters@core@UModSys@@@tl@UModSys@@2USUniquePointer@core@3@A@@YAXXZ 000000018001f8e8 f    CIL library: CIL module
 0001:0001e8f4       ??__F?s_id@?$TObjectUniqueID@UIRefObject@core@UModSys@@@tl@UModSys@@2USUniquePointer@core@3@A@@YAXXZ 000000018001f8f4 f    CIL library: CIL module
 0001:0001e900       ??__F?s_id@?$TObjectUniqueID@UIRoot@core@UModSys@@@tl@UModSys@@2USUniquePointer@core@3@A@@YAXXZ 000000018001f900 f    CIL library: CIL module
 0001:0001e90c       ??__F?s_modreg@RModuleReg@stdlib@lib2d@modules@UModSys@@2U12345@A@@YAXXZ 000000018001f90c f    CIL library: CIL module
 0001:0001e91c       ??__F?s_modreg_chain@RModuleReg@stdlib@lib2d@modules@UModSys@@2USModuleRegChain@base@5@A@@YAXXZ 000000018001f91c f    CIL library: CIL module
 0001:0001e928       ??__F?s_uid@RGenerator@stdlib@lib2d@modules@UModSys@@2USUniquePointer@core@5@A@@YAXXZ 000000018001f928 f    CIL library: CIL module
 0001:0001e934       ??__Fh@?1??s_holder@RGenerator@stdlib@lib2d@modules@UModSys@@SAAEAU?$TTypeStaticHolder@URGenerator@stdlib@lib2d@modules@UModSys@@@tl@5@XZ@YAXXZ 000000018001f934 f    CIL library: CIL module
 0001:0001e95c       ??__F?s_id@?$TObjectUniqueID@URGenerator@stdlib@lib2d@modules@UModSys@@@tl@UModSys@@2USUniquePointer@core@3@A@@YAXXZ 000000018001f95c f    CIL library: CIL module
 0001:0001e968       ??__F?s_id@?$TObjectUniqueID@URMultiImage@stdlib@lib2d@modules@UModSys@@@tl@UModSys@@2USUniquePointer@core@3@A@@YAXXZ 000000018001f968 f    CIL library: CIL module
 0001:0001e974       ??__F?s_id@?$TObjectUniqueID@URImageFactory_Memory@stdlib@lib2d@modules@UModSys@@@tl@UModSys@@2USUniquePointer@core@3@A@@YAXXZ 000000018001f974 f    CIL library: CIL module
 0001:0001e980       ??__F?s_id@?$TObjectUniqueID@URImage_Memory@stdlib@lib2d@modules@UModSys@@@tl@UModSys@@2USUniquePointer@core@3@A@@YAXXZ 000000018001f980 f    CIL library: CIL module
 0001:0001e98c       ??__F?s_modreg@RModuleReg@SDL_core@ui@modules@UModSys@@2U12345@A@@YAXXZ 000000018001f98c f    CIL library: CIL module
 0001:0001e99c       ??__F?s_modreg_chain@RModuleReg@SDL_core@ui@modules@UModSys@@2USModuleRegChain@base@5@A@@YAXXZ 000000018001f99c f    CIL library: CIL module
 0001:0001e9a8       ??__F?s_uid@RGenerator@SDL_core@ui@modules@UModSys@@2USUniquePointer@core@5@A@@YAXXZ 000000018001f9a8 f    CIL library: CIL module
 0001:0001e9b4       ??__Fh@?1??s_holder@RGenerator@SDL_core@ui@modules@UModSys@@SAAEAU?$TTypeStaticHolder@URGenerator@SDL_core@ui@modules@UModSys@@@tl@5@XZ@YAXXZ 000000018001f9b4 f    CIL library: CIL module
 0001:0001e9dc       ??__F?s_id@?$TObjectUniqueID@URGenerator@SDL_core@ui@modules@UModSys@@@tl@UModSys@@2USUniquePointer@core@3@A@@YAXXZ 000000018001f9dc f    CIL library: CIL module
 0001:0001e9e8       ??__F?s_id@?$TObjectUniqueID@URTerminal@SDL_core@ui@modules@UModSys@@@tl@UModSys@@2USUniquePointer@core@3@A@@YAXXZ 000000018001f9e8 f    CIL library: CIL module
 0001:0001e9f4       ??__F?s_id@?$TObjectUniqueID@URKeyboardController@SDL_core@ui@modules@UModSys@@@tl@UModSys@@2USUniquePointer@core@3@A@@YAXXZ 000000018001f9f4 f    CIL library: CIL module
 0001:0001ea00       ??__F?s_id@?$TObjectUniqueID@URMouseController@SDL_core@ui@modules@UModSys@@@tl@UModSys@@2USUniquePointer@core@3@A@@YAXXZ 000000018001fa00 f    CIL library: CIL module
 0001:0001ea0c       ??__F?s_id@?$TObjectUniqueID@URRenderDriver2D@SDL_core@ui@modules@UModSys@@@tl@UModSys@@2USUniquePointer@core@3@A@@YAXXZ 000000018001fa0c f    CIL library: CIL module
 0001:0001ea18       ??__F?s_id@?$TObjectUniqueID@URMultiImage2D_SDL_ttf@SDL_core@ui@modules@UModSys@@@tl@UModSys@@2USUniquePointer@core@3@A@@YAXXZ 000000018001fa18 f    CIL library: CIL module
 0001:0001ea24       ??__F?s_modreg@RModuleReg@frames@ui@modules@UModSys@@2U12345@A@@YAXXZ 000000018001fa24 f    CIL library: CIL module
 0001:0001ea34       ??__F?s_modreg_chain@RModuleReg@frames@ui@modules@UModSys@@2USModuleRegChain@base@5@A@@YAXXZ 000000018001fa34 f    CIL library: CIL module
 0001:0001ea40       ??__F?s_uid@RGenerator@frames@ui@modules@UModSys@@2USUniquePointer@core@5@A@@YAXXZ 000000018001fa40 f    CIL library: CIL module
 0001:0001ea4c       ??__Fh@?1??s_holder@RGenerator@frames@ui@modules@UModSys@@SAAEAU?$TTypeStaticHolder@URGenerator@frames@ui@modules@UModSys@@@tl@5@XZ@YAXXZ 000000018001fa4c f    CIL library: CIL module
 0001:0001ea74       ??__F?s_id@?$TObjectUniqueID@URGenerator@frames@ui@modules@UModSys@@@tl@UModSys@@2USUniquePointer@core@3@A@@YAXXZ 000000018001fa74 f    CIL library: CIL module
 0001:0001ea80       ??__F?s_id@?$TObjectUniqueID@URCollector@frames@ui@modules@UModSys@@@tl@UModSys@@2USUniquePointer@core@3@A@@YAXXZ 000000018001fa80 f    CIL library: CIL module
 0001:0001ea8c       ??__F?s_id@?$TObjectUniqueID@URFrame_List@frames@ui@modules@UModSys@@@tl@UModSys@@2USUniquePointer@core@3@A@@YAXXZ 000000018001fa8c f    CIL library: CIL module
 0001:0001ea98       ??__F?s_id@?$TObjectUniqueID@URFrame_Edit@frames@ui@modules@UModSys@@@tl@UModSys@@2USUniquePointer@core@3@A@@YAXXZ 000000018001fa98 f    CIL library: CIL module
 0001:0001eaa4       ??__F?s_id@?$TObjectUniqueID@URFrame_Button@frames@ui@modules@UModSys@@@tl@UModSys@@2USUniquePointer@core@3@A@@YAXXZ 000000018001faa4 f    CIL library: CIL module
 0001:0001eab0       ??__F?s_id@?$TObjectUniqueID@URFrame_Text@frames@ui@modules@UModSys@@@tl@UModSys@@2USUniquePointer@core@3@A@@YAXXZ 000000018001fab0 f    CIL library: CIL module
 0001:0001eabc       ??__F?s_id@?$TObjectUniqueID@URFrame_Image@frames@ui@modules@UModSys@@@tl@UModSys@@2USUniquePointer@core@3@A@@YAXXZ 000000018001fabc f    CIL library: CIL module
 0001:0001eac8       ??__F?s_id@?$TObjectUniqueID@URFrame_Frame@frames@ui@modules@UModSys@@@tl@UModSys@@2USUniquePointer@core@3@A@@YAXXZ 000000018001fac8 f    CIL library: CIL module
 0001:0001ead4       ??__F?s_id@?$TObjectUniqueID@URDialog@frames@ui@modules@UModSys@@@tl@UModSys@@2USUniquePointer@core@3@A@@YAXXZ 000000018001fad4 f    CIL library: CIL module
 0001:0001eae0       ??__F?s_id@?$TObjectUniqueID@URFrame_Common@frames@ui@modules@UModSys@@@tl@UModSys@@2USUniquePointer@core@3@A@@YAXXZ 000000018001fae0 f    CIL library: CIL module
 0001:0001eaec       ??__F?s_modreg@RModuleReg@images_std@media@modules@UModSys@@2U12345@A@@YAXXZ 000000018001faec f    CIL library: CIL module
 0001:0001eafc       ??__F?s_modreg_chain@RModuleReg@images_std@media@modules@UModSys@@2USModuleRegChain@base@5@A@@YAXXZ 000000018001fafc f    CIL library: CIL module
 0001:0001eb08       ??__F?s_uid@RGenerator@images_std@media@modules@UModSys@@2USUniquePointer@core@5@A@@YAXXZ 000000018001fb08 f    CIL library: CIL module
 0001:0001eb14       ??__Fh@?1??s_holder@RGenerator@images_std@media@modules@UModSys@@SAAEAU?$TTypeStaticHolder@URGenerator@images_std@media@modules@UModSys@@@tl@5@XZ@YAXXZ 000000018001fb14 f    CIL library: CIL module
 0001:0001eb3c       ??__F?s_id@?$TObjectUniqueID@URGenerator@images_std@media@modules@UModSys@@@tl@UModSys@@2USUniquePointer@core@3@A@@YAXXZ 000000018001fb3c f    CIL library: CIL module
 0001:0001eb48       ??__F?s_id@?$TObjectUniqueID@URMediaFilter@images_std@media@modules@UModSys@@@tl@UModSys@@2USUniquePointer@core@3@A@@YAXXZ 000000018001fb48 f    CIL library: CIL module
 0001:0001eb54       ??__F?s_modreg@RModuleReg@serialize_json@media@modules@UModSys@@2U12345@A@@YAXXZ 000000018001fb54 f    CIL library: CIL module
 0001:0001eb64       ??__F?s_modreg_chain@RModuleReg@serialize_json@media@modules@UModSys@@2USModuleRegChain@base@5@A@@YAXXZ 000000018001fb64 f    CIL library: CIL module
 0001:0001eb70       ??__F?s_uid@RGenerator@serialize_json@media@modules@UModSys@@2USUniquePointer@core@5@A@@YAXXZ 000000018001fb70 f    CIL library: CIL module
 0001:0001eb7c       ??__Fh@?1??s_holder@RGenerator@serialize_json@media@modules@UModSys@@SAAEAU?$TTypeStaticHolder@URGenerator@serialize_json@media@modules@UModSys@@@tl@5@XZ@YAXXZ 000000018001fb7c f    CIL library: CIL module
 0001:0001eba4       ??__F?s_id@?$TObjectUniqueID@URGenerator@serialize_json@media@modules@UModSys@@@tl@UModSys@@2USUniquePointer@core@3@A@@YAXXZ 000000018001fba4 f    CIL library: CIL module
 0001:0001ebb0       ??__F?s_id@?$TObjectUniqueID@URSerializeWriter@serialize_json@media@modules@UModSys@@@tl@UModSys@@2USUniquePointer@core@3@A@@YAXXZ 000000018001fbb0 f    CIL library: CIL module
 0001:0001ebbc       ??__F?s_id@?$TObjectUniqueID@URSerializeReader@serialize_json@media@modules@UModSys@@@tl@UModSys@@2USUniquePointer@core@3@A@@YAXXZ 000000018001fbbc f    CIL library: CIL module
 0001:0001ebc8       ??__F?s_modreg@RModuleReg@zlib@media@modules@UModSys@@2U12345@A@@YAXXZ 000000018001fbc8 f    CIL library: CIL module
 0001:0001ebd8       ??__F?s_modreg_chain@RModuleReg@zlib@media@modules@UModSys@@2USModuleRegChain@base@5@A@@YAXXZ 000000018001fbd8 f    CIL library: CIL module
 0001:0001ebe4       ??__F?s_uid@RGenerator@zlib@media@modules@UModSys@@2USUniquePointer@core@5@A@@YAXXZ 000000018001fbe4 f    CIL library: CIL module
 0001:0001ebf0       ??__Fh@?1??s_holder@RGenerator@zlib@media@modules@UModSys@@SAAEAU?$TTypeStaticHolder@URGenerator@zlib@media@modules@UModSys@@@tl@5@XZ@YAXXZ 000000018001fbf0 f    CIL library: CIL module
 0001:0001ec18       ??__F?s_id@?$TObjectUniqueID@URGenerator@zlib@media@modules@UModSys@@@tl@UModSys@@2USUniquePointer@core@3@A@@YAXXZ 000000018001fc18 f    CIL library: CIL module
 0001:0001ec24       ??__F?s_id@?$TObjectUniqueID@URBinArchiveFrameClient_ZIP@zlib@media@modules@UModSys@@@tl@UModSys@@2USUniquePointer@core@3@A@@YAXXZ 000000018001fc24 f    CIL library: CIL module
 0001:0001ec30       ??__FM@UModSys@@YAXXZ      000000018001fc30 f    CIL library: CIL module
 0001:0001ec34       ??__F?root@SModuleRegChain@base@UModSys@@2U123@A@@YAXXZ 000000018001fc34 f    CIL library: CIL module
 0001:0001ec40       ??__F?s_library@RModuleLibraryReg_Chain@base@UModSys@@2U123@A@@YAXXZ 000000018001fc40 f    CIL library: CIL module
 0001:0001ec50       ??__F?root@SUniquePointer@core@UModSys@@2U123@A@@YAXXZ 000000018001fc50 f    CIL library: CIL module

 Exports

  ordinal    name

        1    UModSys_Plugin_Entry2
