 plugin_test1

 Timestamp is 532ff04c (Mon Mar 24 11:43:56 2014)

 Preferred load address is 0000000180000000

 Start         Length     Name                   Class
 0001:00000000 000355a0H .text                   CODE
 0001:000355a0 0000005eH .text$00                CODE
 0001:00035600 00001b68H .text$x                 CODE
 0001:00037168 00001bc8H .text$yc                CODE
 0001:00038d30 000008acH .text$yd                CODE
 0002:00000000 00000410H .idata$5                DATA
 0002:00000410 00000008H .CRT$XCA                DATA
 0002:00000418 000020c0H .CRT$XCU                DATA
 0002:000024d8 00000008H .CRT$XCZ                DATA
 0002:000024e0 00000008H .CRT$XIA                DATA
 0002:000024e8 00000008H .CRT$XIAA               DATA
 0002:000024f0 00000008H .CRT$XIZ                DATA
 0002:00002500 00010808H .rdata                  DATA
 0002:00012d10 00003284H .rdata$r                DATA
 0002:00015f98 00000008H .rtc$IAA                DATA
 0002:00015fa0 00000008H .rtc$IZZ                DATA
 0002:00015fa8 00000008H .rtc$TAA                DATA
 0002:00015fb0 00000008H .rtc$TZZ                DATA
 0002:00015fb8 000030d0H .xdata                  DATA
 0002:00019088 00000078H .idata$2                DATA
 0002:00019100 00000014H .idata$3                DATA
 0002:00019118 00000410H .idata$4                DATA
 0002:00019528 00000908H .idata$6                DATA
 0002:00019e30 00000059H .edata                  DATA
 0003:00000000 00001b50H .data                   DATA
 0003:00001b50 000023f0H .bss                    DATA
 0004:00000000 00002820H .pdata                  DATA

  Address         Publics by Value              Rva+Base               Lib:Object

 0000:00000000       ___safe_se_handler_count   0000000000000000     <absolute>
 0000:00000000       ___safe_se_handler_table   0000000000000000     <absolute>
 0000:00000000       __ImageBase                0000000180000000     <linker-defined>
 0001:00000000       ??1State@RImage_Memory@stdlib@lib2d@modules@UModSys@@QEAA@XZ 0000000180001000 f i umodsys_lib_lib2d:umodsys.mod.2d.stdlib.obj
 0001:00000000       ??1SCMemShared@core@UModSys@@QEAA@XZ 0000000180001000 f i plugin_test1.obj
 0001:00000000       ??1SMemShared@core@UModSys@@QEAA@XZ 0000000180001000 f i plugin_test1.obj
 0001:00000030       ??6SUniquePtrList@core@UModSys@@QEAAAEAU012@PEBUSUniquePointerInfo@12@@Z 0000000180001030 f i plugin_test1.obj
 0001:000000e8       ??3IRoot@core@UModSys@@SAXPEAXAEBUSIMemAlloc@12@@Z 00000001800010e8 f i plugin_test1.obj
 0001:00000114       ??1IBinObjFilter@libmedia@UModSys@@UEAA@XZ 0000000180001114 f i plugin_test1.obj
 0001:00000150       ?root_get_interface_info@RTest1_Shell@test1@test@modules@UModSys@@UEBAAEBUSUniquePointerInfo@core@5@XZ 0000000180001150 f i plugin_test1.obj
 0001:00000158       ?root_get_interface_type@RTest1_Shell@test1@test@modules@UModSys@@UEBAPEBUSUniquePointerInfo@core@5@XZ 0000000180001158 f i plugin_test1.obj
 0001:00000160       ?root_get_other_interface@RTest1_Shell@test1@test@modules@UModSys@@UEAAPEAUIRoot@core@5@PEBUSUniquePointerInfo@75@@Z 0000000180001160 f i plugin_test1.obj
 0001:00000160       ?root_get_other_interface@RTest1_Shell@test1@test@modules@UModSys@@UEBAPEBUIRoot@core@5@PEBUSUniquePointerInfo@75@@Z 0000000180001160 f i plugin_test1.obj
 0001:00000190       ?root_is_interface_supported@RTest1_Shell@test1@test@modules@UModSys@@UEBA_NPEBUSUniquePointerInfo@core@5@@Z 0000000180001190 f i plugin_test1.obj
 0001:000001c0       ?ref_add@RTest1_Shell@test1@test@modules@UModSys@@UEBAXXZ 00000001800011c0 f i plugin_test1.obj
 0001:000001c4       ?ref_remove@RTest1_Shell@test1@test@modules@UModSys@@UEBAXXZ 00000001800011c4 f i plugin_test1.obj
 0001:000001dc       ?ref_links@RTest1_Shell@test1@test@modules@UModSys@@UEBAHXZ 00000001800011dc f i plugin_test1.obj
 0001:000001e0       ?ref_weak@RTest1_Shell@test1@test@modules@UModSys@@UEBA_NAEAUWeakPointer@IRefObject@core@5@@Z 00000001800011e0 f i plugin_test1.obj
 0001:00000200       ?suicide@RTest1_Shell@test1@test@modules@UModSys@@UEAAXXZ 0000000180001200 f i plugin_test1.obj
 0001:0000024c       ??0RTest1_Shell@test1@test@modules@UModSys@@QEAA@PEAUIModObject@base@4@@Z 000000018000124c f i plugin_test1.obj
 0001:00000390       ?connect@RTest1_Shell@test1@test@modules@UModSys@@UEAA_NXZ 0000000180001390 f i plugin_test1.obj
 0001:000003b4       ?disconnect@RTest1_Shell@test1@test@modules@UModSys@@UEAA_NXZ 00000001800013b4 f i plugin_test1.obj
 0001:000003d8       ?process_tick@RTest1_Shell@test1@test@modules@UModSys@@UEAA_NAEBUSTimeMsec@core@5@@Z 00000001800013d8 f i plugin_test1.obj
 0001:00000414       ?process_command@RTest1_Shell@test1@test@modules@UModSys@@UEAA_NHQEBU?$TString@U?$TSCoreConst@D@su@tl@UModSys@@U?$TComparerBinaryHash@D@234@@tl@5@@Z 0000000180001414 f i plugin_test1.obj
 0001:0000043c       ??_GRTest1_Shell@test1@test@modules@UModSys@@UEAAPEAXI@Z 000000018000143c f i plugin_test1.obj
 0001:0000043c       ??_ERTest1_Shell@test1@test@modules@UModSys@@UEAAPEAXI@Z 000000018000143c f i  CIL library: CIL module
 0001:00000504       ?ui_newframes@RTest1_Shell@test1@test@modules@UModSys@@SA?AU?$TRefObject@UICollector@libui@UModSys@@U?$TRefObjectFunc@UICollector@libui@UModSys@@@tl@3@@tl@5@AEBU?$TString@U?$TSCoreConst@D@su@tl@UModSys@@U?$TComparerBinaryHash@D@234@@75@AEBUSParameters@core@5@@Z 0000000180001504 f   plugin_test1.obj
 0001:00000528       ?ui_newterm@RTest1_Shell@test1@test@modules@UModSys@@SA?AU?$TRefObject@UITerminal@libui@UModSys@@U?$TRefObjectFunc@UITerminal@libui@UModSys@@@tl@3@@tl@5@AEBU?$TString@U?$TSCoreConst@D@su@tl@UModSys@@U?$TComparerBinaryHash@D@234@@75@AEBUSParameters@core@5@@Z 0000000180001528 f   plugin_test1.obj
 0001:0000054c       ?key_pressed@RTest1_Shell@test1@test@modules@UModSys@@UEAA_NAEBUSKeyboardInputRaw@libui@5@@Z 000000018000154c f   plugin_test1.obj
 0001:000005b4       ?key_text@RTest1_Shell@test1@test@modules@UModSys@@UEAA_NAEBUSKeyboardInputText@libui@5@@Z 00000001800015b4 f   plugin_test1.obj
 0001:00000608       ?mouse_event@RTest1_Shell@test1@test@modules@UModSys@@UEAA_NAEBUSMouseInput@libui@5@@Z 0000000180001608 f   plugin_test1.obj
 0001:000006a4       ?command@RTest1_Shell@test1@test@modules@UModSys@@UEAA_NAEBUSController@libui@5@HAEBUSFrameDataIn@75@@Z 00000001800016a4 f   plugin_test1.obj
 0001:000006f4       ?db_get@RTest1_Shell@test1@test@modules@UModSys@@UEAA_NAEBUSController@libui@5@QEBDAEBUSFrameDataOut@75@@Z 00000001800016f4 f   plugin_test1.obj
 0001:00000758       ?db_get@RTest1_Shell@test1@test@modules@UModSys@@UEAA_NAEBUSController@libui@5@QEBDHAEBUSFrameDataOut@75@@Z 0000000180001758 f   plugin_test1.obj
 0001:000007c4       ?font_2d@UI_Info@RTest1_Shell@test1@test@modules@UModSys@@QEAA_NXZ 00000001800017c4 f   plugin_test1.obj
 0001:0000097c       ?init_term@UI_Info@RTest1_Shell@test1@test@modules@UModSys@@QEAA_NPEBD@Z 000000018000197c f   plugin_test1.obj
 0001:00000dac       ?create_3d@UI_Info@RTest1_Shell@test1@test@modules@UModSys@@QEAA_NPEBD@Z 0000000180001dac f   plugin_test1.obj
 0001:00000f88       ?new_frames@UI_Info@RTest1_Shell@test1@test@modules@UModSys@@QEAA_NPEAUIController@libui@6@@Z 0000000180001f88 f   plugin_test1.obj
 0001:00001728       ??1SFrameCreateParameters@libui@UModSys@@QEAA@XZ 0000000180002728 f i plugin_test1.obj
 0001:0000174c       ?shutdown@UI_Info@RTest1_Shell@test1@test@modules@UModSys@@QEAAXXZ 000000018000274c f   plugin_test1.obj
 0001:000017a0       ?new_va_1@UI_Info@RTest1_Shell@test1@test@modules@UModSys@@QEAA_NXZ 00000001800027a0 f   plugin_test1.obj
 0001:00001ce8       ?fps_move@UI_Info@RTest1_Shell@test1@test@modules@UModSys@@QEAAXNNN@Z 0000000180002ce8 f   plugin_test1.obj
 0001:00001f08       ?fps2_move@UI_Info@RTest1_Shell@test1@test@modules@UModSys@@QEAAXHN@Z 0000000180002f08 f   plugin_test1.obj
 0001:00001f90       ?fps2_add_rot@UI_Info@RTest1_Shell@test1@test@modules@UModSys@@QEAAXNN@Z 0000000180002f90 f   plugin_test1.obj
 0001:00002110       ?key_pressed@UI_Info@RTest1_Shell@test1@test@modules@UModSys@@UEAA_NAEBUSKeyboardInputRaw@libui@6@@Z 0000000180003110 f   plugin_test1.obj
 0001:000021c0       ?mouse_event@UI_Info@RTest1_Shell@test1@test@modules@UModSys@@UEAA_NAEBUSMouseInput@libui@6@@Z 00000001800031c0 f   plugin_test1.obj
 0001:00002230       ?cycle3d@UI_Info@RTest1_Shell@test1@test@modules@UModSys@@QEAAXXZ 0000000180003230 f   plugin_test1.obj
 0001:000027b0       ??1UI_Info@RTest1_Shell@test1@test@modules@UModSys@@QEAA@XZ 00000001800037b0 f i plugin_test1.obj
 0001:000028a8       ?ui_test2@RTest1_Shell@test1@test@modules@UModSys@@QEAAXXZ 00000001800038a8 f   plugin_test1.obj
 0001:00002a64       ?get_generated_names@RGenerator@test1@test@modules@UModSys@@UEBAHAEAUSUniquePtrList@core@5@@Z 0000000180003a64 f i plugin_test1.obj
 0001:00002a84       ?get_generated_types@RGenerator@test1@test@modules@UModSys@@UEBAHAEAUSUniquePtrList@core@5@PEBUSUniquePointerInfo@75@@Z 0000000180003a84 f i plugin_test1.obj
 0001:00002ae0       ?generate@RGenerator@test1@test@modules@UModSys@@UEAA_NAEAU?$TRefObject@UIRefObject@core@UModSys@@U?$TRefObjectFunc@UIRefObject@core@UModSys@@@tl@3@@tl@5@PEBUSUniquePointerInfo@core@5@AEBUSParameters@95@@Z 0000000180003ae0 f i plugin_test1.obj
 0001:00002ba4       ?root_get_interface_info@RGenerator@test1@test@modules@UModSys@@UEBAAEBUSUniquePointerInfo@core@5@XZ 0000000180003ba4 f i plugin_test1.obj
 0001:00002bac       ?root_get_interface_type@RGenerator@test1@test@modules@UModSys@@UEBAPEBUSUniquePointerInfo@core@5@XZ 0000000180003bac f i plugin_test1.obj
 0001:00002bb4       ?root_get_other_interface@RGenerator@test1@test@modules@UModSys@@UEAAPEAUIRoot@core@5@PEBUSUniquePointerInfo@75@@Z 0000000180003bb4 f i plugin_test1.obj
 0001:00002bb4       ?root_get_other_interface@RGenerator@test1@test@modules@UModSys@@UEBAPEBUIRoot@core@5@PEBUSUniquePointerInfo@75@@Z 0000000180003bb4 f i plugin_test1.obj
 0001:00002bec       ?root_is_interface_supported@RGenerator@test1@test@modules@UModSys@@UEBA_NPEBUSUniquePointerInfo@core@5@@Z 0000000180003bec f i plugin_test1.obj
 0001:00002c24       ?ref_add@RSerializeReader@serialize_json@media@modules@UModSys@@UEBAXXZ 0000000180003c24 f i umodsys_lib_libmedia:umodsys.mod.media.serialize_json.obj
 0001:00002c24       ?ref_add@RTerminal@SDL_GL@ui@modules@UModSys@@UEBAXXZ 0000000180003c24 f i umodsys_lib_libui:umodsys.mod.ui.SDL_GL.obj
 0001:00002c24       ?ref_add@RMultiImage2D_SDL_ttf@SDL_core@ui@modules@UModSys@@UEBAXXZ 0000000180003c24 f i umodsys_lib_libui:umodsys.mod.ui.SDL_core.obj
 0001:00002c24       ?ref_add@RGenerator@test1@test@modules@UModSys@@UEBAXXZ 0000000180003c24 f i plugin_test1.obj
 0001:00002c24       ?ref_add@RGenerator@SDL_core@ui@modules@UModSys@@UEBAXXZ 0000000180003c24 f i umodsys_lib_libui:umodsys.mod.ui.SDL_core.obj
 0001:00002c24       ?ref_add@RImageFactory_Memory@stdlib@lib2d@modules@UModSys@@UEBAXXZ 0000000180003c24 f i umodsys_lib_lib2d:umodsys.mod.2d.stdlib.obj
 0001:00002c24       ?ref_add@RDialog@frames@ui@modules@UModSys@@UEBAXXZ 0000000180003c24 f i umodsys_lib_libui:umodsys.mod.ui.frames.obj
 0001:00002c24       ?ref_add@RTerminal@SDL_core@ui@modules@UModSys@@UEBAXXZ 0000000180003c24 f i umodsys_lib_libui:umodsys.mod.ui.SDL_core.obj
 0001:00002c24       ?ref_add@RBinArchiveFrameClient_ZIP@zlib@media@modules@UModSys@@UEBAXXZ 0000000180003c24 f i umodsys_lib_libmedia:umodsys.mod.media.zlib.obj
 0001:00002c24       ?ref_add@RGenerator@serialize_json@media@modules@UModSys@@UEBAXXZ 0000000180003c24 f i umodsys_lib_libmedia:umodsys.mod.media.serialize_json.obj
 0001:00002c24       ?ref_add@RMultiImage@stdlib@lib2d@modules@UModSys@@UEBAXXZ 0000000180003c24 f i umodsys_lib_lib2d:umodsys.mod.2d.stdlib.obj
 0001:00002c24       ?ref_add@RGenerator@images_std@media@modules@UModSys@@UEBAXXZ 0000000180003c24 f i umodsys_lib_libmedia:umodsys.mod.media.images_std.obj
 0001:00002c24       ?ref_add@RMultiImage2D_SDL_ttf@SDL_GL@ui@modules@UModSys@@UEBAXXZ 0000000180003c24 f i umodsys_lib_libui:umodsys.mod.ui.SDL_GL.obj
 0001:00002c24       ?ref_add@RGenerator@zlib@media@modules@UModSys@@UEBAXXZ 0000000180003c24 f i umodsys_lib_libmedia:umodsys.mod.media.zlib.obj
 0001:00002c24       ?ref_add@RImage_Memory@stdlib@lib2d@modules@UModSys@@UEBAXXZ 0000000180003c24 f i umodsys_lib_lib2d:umodsys.mod.2d.stdlib.obj
 0001:00002c24       ?ref_add@RVertexArray@SDL_GL@ui@modules@UModSys@@UEBAXXZ 0000000180003c24 f i umodsys_lib_libui:umodsys.mod.ui.SDL_GL.obj
 0001:00002c24       ?ref_add@RGenerator@frames@ui@modules@UModSys@@UEBAXXZ 0000000180003c24 f i umodsys_lib_libui:umodsys.mod.ui.frames.obj
 0001:00002c24       ?ref_add@RGenerator@SDL_GL@ui@modules@UModSys@@UEBAXXZ 0000000180003c24 f i umodsys_lib_libui:umodsys.mod.ui.SDL_GL.obj
 0001:00002c24       ?ref_add@RGenerator@stdlib@lib2d@modules@UModSys@@UEBAXXZ 0000000180003c24 f i umodsys_lib_lib2d:umodsys.mod.2d.stdlib.obj
 0001:00002c28       ?ref_weak@RGenerator@serialize_json@media@modules@UModSys@@UEBA_NAEAUWeakPointer@IRefObject@core@5@@Z 0000000180003c28 f i umodsys_lib_libmedia:umodsys.mod.media.serialize_json.obj
 0001:00002c28       ?ref_weak@RGenerator@SDL_core@ui@modules@UModSys@@UEBA_NAEAUWeakPointer@IRefObject@core@5@@Z 0000000180003c28 f i umodsys_lib_libui:umodsys.mod.ui.SDL_core.obj
 0001:00002c28       ?ref_weak@RVertexArray@SDL_GL@ui@modules@UModSys@@UEBA_NAEAUWeakPointer@IRefObject@core@5@@Z 0000000180003c28 f i umodsys_lib_libui:umodsys.mod.ui.SDL_GL.obj
 0001:00002c28       ?ref_weak@RMultiImage@stdlib@lib2d@modules@UModSys@@UEBA_NAEAUWeakPointer@IRefObject@core@5@@Z 0000000180003c28 f i umodsys_lib_lib2d:umodsys.mod.2d.stdlib.obj
 0001:00002c28       ?ref_weak@RGenerator@frames@ui@modules@UModSys@@UEBA_NAEAUWeakPointer@IRefObject@core@5@@Z 0000000180003c28 f i umodsys_lib_libui:umodsys.mod.ui.frames.obj
 0001:00002c28       ?ref_weak@RTerminal@SDL_core@ui@modules@UModSys@@UEBA_NAEAUWeakPointer@IRefObject@core@5@@Z 0000000180003c28 f i umodsys_lib_libui:umodsys.mod.ui.SDL_core.obj
 0001:00002c28       ?ref_weak@RGenerator@SDL_GL@ui@modules@UModSys@@UEBA_NAEAUWeakPointer@IRefObject@core@5@@Z 0000000180003c28 f i umodsys_lib_libui:umodsys.mod.ui.SDL_GL.obj
 0001:00002c28       ?ref_weak@RGenerator@test1@test@modules@UModSys@@UEBA_NAEAUWeakPointer@IRefObject@core@5@@Z 0000000180003c28 f i plugin_test1.obj
 0001:00002c28       ?ref_weak@RImageFactory_Memory@stdlib@lib2d@modules@UModSys@@UEBA_NAEAUWeakPointer@IRefObject@core@5@@Z 0000000180003c28 f i umodsys_lib_lib2d:umodsys.mod.2d.stdlib.obj
 0001:00002c28       ?ref_weak@RGenerator@zlib@media@modules@UModSys@@UEBA_NAEAUWeakPointer@IRefObject@core@5@@Z 0000000180003c28 f i umodsys_lib_libmedia:umodsys.mod.media.zlib.obj
 0001:00002c28       ?ref_weak@RTerminal@SDL_GL@ui@modules@UModSys@@UEBA_NAEAUWeakPointer@IRefObject@core@5@@Z 0000000180003c28 f i umodsys_lib_libui:umodsys.mod.ui.SDL_GL.obj
 0001:00002c28       ?ref_weak@RMultiImage2D_SDL_ttf@SDL_core@ui@modules@UModSys@@UEBA_NAEAUWeakPointer@IRefObject@core@5@@Z 0000000180003c28 f i umodsys_lib_libui:umodsys.mod.ui.SDL_core.obj
 0001:00002c28       ?ref_weak@RSerializeReader@serialize_json@media@modules@UModSys@@UEBA_NAEAUWeakPointer@IRefObject@core@5@@Z 0000000180003c28 f i umodsys_lib_libmedia:umodsys.mod.media.serialize_json.obj
 0001:00002c28       ?ref_weak@RMultiImage2D_SDL_ttf@SDL_GL@ui@modules@UModSys@@UEBA_NAEAUWeakPointer@IRefObject@core@5@@Z 0000000180003c28 f i umodsys_lib_libui:umodsys.mod.ui.SDL_GL.obj
 0001:00002c28       ?ref_weak@RGenerator@images_std@media@modules@UModSys@@UEBA_NAEAUWeakPointer@IRefObject@core@5@@Z 0000000180003c28 f i umodsys_lib_libmedia:umodsys.mod.media.images_std.obj
 0001:00002c28       ?ref_weak@RImage_Memory@stdlib@lib2d@modules@UModSys@@UEBA_NAEAUWeakPointer@IRefObject@core@5@@Z 0000000180003c28 f i umodsys_lib_lib2d:umodsys.mod.2d.stdlib.obj
 0001:00002c28       ?ref_weak@RBinArchiveFrameClient_ZIP@zlib@media@modules@UModSys@@UEBA_NAEAUWeakPointer@IRefObject@core@5@@Z 0000000180003c28 f i umodsys_lib_libmedia:umodsys.mod.media.zlib.obj
 0001:00002c28       ?ref_weak@RDialog@frames@ui@modules@UModSys@@UEBA_NAEAUWeakPointer@IRefObject@core@5@@Z 0000000180003c28 f i umodsys_lib_libui:umodsys.mod.ui.frames.obj
 0001:00002c28       ?ref_weak@RGenerator@stdlib@lib2d@modules@UModSys@@UEBA_NAEAUWeakPointer@IRefObject@core@5@@Z 0000000180003c28 f i umodsys_lib_lib2d:umodsys.mod.2d.stdlib.obj
 0001:00002c48       ?get_uid@RGenerator@test1@test@modules@UModSys@@UEBAPEBUSUniquePointerInfo@core@5@XZ 0000000180003c48 f i plugin_test1.obj
 0001:00002c50       ?do_open@RModuleReg@test1@test@modules@UModSys@@UEAA_NXZ 0000000180003c50 f i plugin_test1.obj
 0001:00002cdc       ?do_close@RModuleReg@test1@test@modules@UModSys@@UEAA_NXZ 0000000180003cdc f i plugin_test1.obj
 0001:00002d48       ??_GRModuleReg@images_std@media@modules@UModSys@@UEAAPEAXI@Z 0000000180003d48 f i umodsys_lib_libmedia:umodsys.mod.media.images_std.obj
 0001:00002d48       ??_ERModuleReg@images_std@media@modules@UModSys@@UEAAPEAXI@Z 0000000180003d48 f i  CIL library: CIL module
 0001:00002d48       ??_GRModuleReg@zlib@media@modules@UModSys@@UEAAPEAXI@Z 0000000180003d48 f i umodsys_lib_libmedia:umodsys.mod.media.zlib.obj
 0001:00002d48       ??_GRModuleReg@SDL_core@ui@modules@UModSys@@UEAAPEAXI@Z 0000000180003d48 f i umodsys_lib_libui:umodsys.mod.ui.SDL_core.obj
 0001:00002d48       ??_ERModuleReg@serialize_json@media@modules@UModSys@@UEAAPEAXI@Z 0000000180003d48 f i  CIL library: CIL module
 0001:00002d48       ??_GRModuleReg@test1@test@modules@UModSys@@UEAAPEAXI@Z 0000000180003d48 f i plugin_test1.obj
 0001:00002d48       ??_GRModuleReg@frames@ui@modules@UModSys@@UEAAPEAXI@Z 0000000180003d48 f i umodsys_lib_libui:umodsys.mod.ui.frames.obj
 0001:00002d48       ??_ERModuleReg@test1@test@modules@UModSys@@UEAAPEAXI@Z 0000000180003d48 f i  CIL library: CIL module
 0001:00002d48       ??_EIModuleReg@base@UModSys@@UEAAPEAXI@Z 0000000180003d48 f i  CIL library: CIL module
 0001:00002d48       ??_ERModuleReg@frames@ui@modules@UModSys@@UEAAPEAXI@Z 0000000180003d48 f i  CIL library: CIL module
 0001:00002d48       ??_ERModuleReg@SDL_GL@ui@modules@UModSys@@UEAAPEAXI@Z 0000000180003d48 f i  CIL library: CIL module
 0001:00002d48       ??_GRModuleReg@SDL_GL@ui@modules@UModSys@@UEAAPEAXI@Z 0000000180003d48 f i umodsys_lib_libui:umodsys.mod.ui.SDL_GL.obj
 0001:00002d48       ??_GRModuleReg@stdlib@lib2d@modules@UModSys@@UEAAPEAXI@Z 0000000180003d48 f i umodsys_lib_lib2d:umodsys.mod.2d.stdlib.obj
 0001:00002d48       ??_ERModuleReg@stdlib@lib2d@modules@UModSys@@UEAAPEAXI@Z 0000000180003d48 f i  CIL library: CIL module
 0001:00002d48       ??_GRModuleReg@serialize_json@media@modules@UModSys@@UEAAPEAXI@Z 0000000180003d48 f i umodsys_lib_libmedia:umodsys.mod.media.serialize_json.obj
 0001:00002d48       ??_ERModuleReg@zlib@media@modules@UModSys@@UEAAPEAXI@Z 0000000180003d48 f i  CIL library: CIL module
 0001:00002d48       ??_GIModuleReg@base@UModSys@@UEAAPEAXI@Z 0000000180003d48 f i umodsys_lib_base:umodsys.base.modulereg.obj
 0001:00002d48       ??_ERModuleReg@SDL_core@ui@modules@UModSys@@UEAAPEAXI@Z 0000000180003d48 f i  CIL library: CIL module
 0001:00002d70       ?get_module@RGenerator@test1@test@modules@UModSys@@UEBAPEAUIModule@base@5@XZ 0000000180003d70 f   plugin_test1.obj
 0001:00002d78       ?mod_inc@RGenerator@test1@test@modules@UModSys@@UEBA_NXZ 0000000180003d78 f   plugin_test1.obj
 0001:00002d8c       ?mod_dec@RGenerator@test1@test@modules@UModSys@@UEBA_NXZ 0000000180003d8c f   plugin_test1.obj
 0001:00002da0       ?s_holder@RGenerator@test1@test@modules@UModSys@@SAAEAU?$TTypeStaticHolder@URGenerator@test1@test@modules@UModSys@@@tl@5@XZ 0000000180003da0 f   plugin_test1.obj
 0001:00002de4       ??0?$TString@U?$TSCoreConst@D@su@tl@UModSys@@U?$TComparerBinaryHash@D@234@@tl@UModSys@@QEAA@PEBD@Z 0000000180003de4 f i plugin_test1.obj
 0001:00002e64       ??4?$TString@U?$TSCoreConst@D@su@tl@UModSys@@U?$TComparerBinaryHash@D@234@@tl@UModSys@@QEAAAEBU012@PEBD@Z 0000000180003e64 f i plugin_test1.obj
 0001:00002edc       ?normalize@?$TVector3@N@math3d@UModSys@@QEAANXZ 0000000180003edc f i plugin_test1.obj
 0001:00002f88       ?info_release@?$TSCoreShared@USIMemAlloc@core@UModSys@@D@su@tl@UModSys@@QEAAXXZ 0000000180003f88 f i plugin_test1.obj
 0001:0000305c       ?info_new@?$TSCoreShared@USIMemAlloc@core@UModSys@@D@su@tl@UModSys@@QEAA_NPEBD_K@Z 000000018000405c f i plugin_test1.obj
 0001:00003130       ?mult3@?$TMatrix44@N@math3d@UModSys@@QEAAXAEBU123@0@Z 0000000180004130 f i plugin_test1.obj
 0001:000032c8       ?set_rotate_about@?$TMatrix44@N@math3d@UModSys@@QEAAXAEBU?$TVector3@N@23@N@Z 00000001800042c8 f i plugin_test1.obj
 0001:00003528       ?set_inversed@?$TMatrix44@N@math3d@UModSys@@QEAA_NAEBU123@@Z 0000000180004528 f i plugin_test1.obj
 0001:00003d0c       ??$generate_type@UICollector@libui@UModSys@@@RTest1_Shell@test1@test@modules@UModSys@@SA?AU?$TRefObject@UICollector@libui@UModSys@@U?$TRefObjectFunc@UICollector@libui@UModSys@@@tl@3@@tl@4@AEBU?$TString@U?$TSCoreConst@D@su@tl@UModSys@@U?$TComparerBinaryHash@D@234@@64@AEBUSParameters@core@4@PEBD@Z 0000000180004d0c f i plugin_test1.obj
 0001:00003f08       ??$generate_type@UITerminal@libui@UModSys@@@RTest1_Shell@test1@test@modules@UModSys@@SA?AU?$TRefObject@UITerminal@libui@UModSys@@U?$TRefObjectFunc@UITerminal@libui@UModSys@@@tl@3@@tl@4@AEBU?$TString@U?$TSCoreConst@D@su@tl@UModSys@@U?$TComparerBinaryHash@D@234@@64@AEBUSParameters@core@4@PEBD@Z 0000000180004f08 f i plugin_test1.obj
 0001:00004104       ??1?$TRefObject@UIModObject@base@UModSys@@U?$TModObjectFunc@UIModObject@base@UModSys@@@tl@3@@tl@UModSys@@QEAA@XZ 0000000180005104 f i plugin_test1.obj
 0001:00004130       ?alloc@SMemShared@core@UModSys@@QEAA_N_KPEAUSSourceContext@23@@Z 0000000180005130 f i umodsys_lib_lib2d:umodsys.mod.2d.stdlib.obj
 0001:000041b4       ?Convert@stdlib@lib2d@modules@UModSys@@YA_NAEBU?$TBoundBox2@H@math3d@4@AEBUSImageInfo@24@AEBUSMem@core@4@01AEBUSCMem@94@@Z 00000001800051b4 f i umodsys_lib_lib2d:umodsys.mod.2d.stdlib.obj
 0001:00004308       ?root_get_interface_info@RImage_Memory@stdlib@lib2d@modules@UModSys@@UEBAAEBUSUniquePointerInfo@core@5@XZ 0000000180005308 f i umodsys_lib_lib2d:umodsys.mod.2d.stdlib.obj
 0001:00004310       ?root_get_interface_type@RImage_Memory@stdlib@lib2d@modules@UModSys@@UEBAPEBUSUniquePointerInfo@core@5@XZ 0000000180005310 f i umodsys_lib_lib2d:umodsys.mod.2d.stdlib.obj
 0001:00004318       ?root_get_other_interface@RImage_Memory@stdlib@lib2d@modules@UModSys@@UEAAPEAUIRoot@core@5@PEBUSUniquePointerInfo@75@@Z 0000000180005318 f i umodsys_lib_lib2d:umodsys.mod.2d.stdlib.obj
 0001:00004318       ?root_get_other_interface@RImage_Memory@stdlib@lib2d@modules@UModSys@@UEBAPEBUIRoot@core@5@PEBUSUniquePointerInfo@75@@Z 0000000180005318 f i umodsys_lib_lib2d:umodsys.mod.2d.stdlib.obj
 0001:00004348       ?root_is_interface_supported@RImage_Memory@stdlib@lib2d@modules@UModSys@@UEBA_NPEBUSUniquePointerInfo@core@5@@Z 0000000180005348 f i umodsys_lib_lib2d:umodsys.mod.2d.stdlib.obj
 0001:00004378       ?root_get_interface_info@RImageFactory_Memory@stdlib@lib2d@modules@UModSys@@UEBAAEBUSUniquePointerInfo@core@5@XZ 0000000180005378 f i umodsys_lib_lib2d:umodsys.mod.2d.stdlib.obj
 0001:00004380       ?root_get_interface_type@RImageFactory_Memory@stdlib@lib2d@modules@UModSys@@UEBAPEBUSUniquePointerInfo@core@5@XZ 0000000180005380 f i umodsys_lib_lib2d:umodsys.mod.2d.stdlib.obj
 0001:00004388       ?root_get_other_interface@RImageFactory_Memory@stdlib@lib2d@modules@UModSys@@UEAAPEAUIRoot@core@5@PEBUSUniquePointerInfo@75@@Z 0000000180005388 f i umodsys_lib_lib2d:umodsys.mod.2d.stdlib.obj
 0001:00004388       ?root_get_other_interface@RImageFactory_Memory@stdlib@lib2d@modules@UModSys@@UEBAPEBUIRoot@core@5@PEBUSUniquePointerInfo@75@@Z 0000000180005388 f i umodsys_lib_lib2d:umodsys.mod.2d.stdlib.obj
 0001:000043b8       ?root_is_interface_supported@RImageFactory_Memory@stdlib@lib2d@modules@UModSys@@UEBA_NPEBUSUniquePointerInfo@core@5@@Z 00000001800053b8 f i umodsys_lib_lib2d:umodsys.mod.2d.stdlib.obj
 0001:000043e8       ?root_get_interface_info@RMultiImage@stdlib@lib2d@modules@UModSys@@UEBAAEBUSUniquePointerInfo@core@5@XZ 00000001800053e8 f i umodsys_lib_lib2d:umodsys.mod.2d.stdlib.obj
 0001:000043f0       ?root_get_interface_type@RMultiImage@stdlib@lib2d@modules@UModSys@@UEBAPEBUSUniquePointerInfo@core@5@XZ 00000001800053f0 f i umodsys_lib_lib2d:umodsys.mod.2d.stdlib.obj
 0001:000043f8       ?root_get_other_interface@RMultiImage@stdlib@lib2d@modules@UModSys@@UEBAPEBUIRoot@core@5@PEBUSUniquePointerInfo@75@@Z 00000001800053f8 f i umodsys_lib_lib2d:umodsys.mod.2d.stdlib.obj
 0001:000043f8       ?root_get_other_interface@RMultiImage@stdlib@lib2d@modules@UModSys@@UEAAPEAUIRoot@core@5@PEBUSUniquePointerInfo@75@@Z 00000001800053f8 f i umodsys_lib_lib2d:umodsys.mod.2d.stdlib.obj
 0001:00004428       ?root_is_interface_supported@RMultiImage@stdlib@lib2d@modules@UModSys@@UEBA_NPEBUSUniquePointerInfo@core@5@@Z 0000000180005428 f i umodsys_lib_lib2d:umodsys.mod.2d.stdlib.obj
 0001:00004458       ?suicide@RMultiImage@stdlib@lib2d@modules@UModSys@@UEAAXXZ 0000000180005458 f i umodsys_lib_lib2d:umodsys.mod.2d.stdlib.obj
 0001:00004458       ?suicide@RImage_Memory@stdlib@lib2d@modules@UModSys@@UEAAXXZ 0000000180005458 f i umodsys_lib_lib2d:umodsys.mod.2d.stdlib.obj
 0001:00004458       ?suicide@RBinArchiveFrameClient_ZIP@zlib@media@modules@UModSys@@UEAAXXZ 0000000180005458 f i umodsys_lib_libmedia:umodsys.mod.media.zlib.obj
 0001:00004458       ?suicide@RImageFactory_Memory@stdlib@lib2d@modules@UModSys@@UEAAXXZ 0000000180005458 f i umodsys_lib_lib2d:umodsys.mod.2d.stdlib.obj
 0001:00004458       ?suicide@RTerminal@SDL_GL@ui@modules@UModSys@@UEAAXXZ 0000000180005458 f i umodsys_lib_libui:umodsys.mod.ui.SDL_GL.obj
 0001:00004458       ?suicide@RTerminal@SDL_core@ui@modules@UModSys@@UEAAXXZ 0000000180005458 f i umodsys_lib_libui:umodsys.mod.ui.SDL_core.obj
 0001:00004458       ?suicide@RSerializeReader@serialize_json@media@modules@UModSys@@UEAAXXZ 0000000180005458 f i umodsys_lib_libmedia:umodsys.mod.media.serialize_json.obj
 0001:000044a4       ?get_generated_names@RGenerator@stdlib@lib2d@modules@UModSys@@UEBAHAEAUSUniquePtrList@core@5@@Z 00000001800054a4 f i umodsys_lib_lib2d:umodsys.mod.2d.stdlib.obj
 0001:000044e8       ?get_generated_types@RGenerator@stdlib@lib2d@modules@UModSys@@UEBAHAEAUSUniquePtrList@core@5@PEBUSUniquePointerInfo@75@@Z 00000001800054e8 f i umodsys_lib_lib2d:umodsys.mod.2d.stdlib.obj
 0001:0000457c       ?generate@RGenerator@stdlib@lib2d@modules@UModSys@@UEAA_NAEAU?$TRefObject@UIRefObject@core@UModSys@@U?$TRefObjectFunc@UIRefObject@core@UModSys@@@tl@3@@tl@5@PEBUSUniquePointerInfo@core@5@AEBUSParameters@95@@Z 000000018000557c f i umodsys_lib_lib2d:umodsys.mod.2d.stdlib.obj
 0001:000046ac       ?root_get_interface_info@RGenerator@stdlib@lib2d@modules@UModSys@@UEBAAEBUSUniquePointerInfo@core@5@XZ 00000001800056ac f i umodsys_lib_lib2d:umodsys.mod.2d.stdlib.obj
 0001:000046b4       ?root_get_interface_type@RGenerator@stdlib@lib2d@modules@UModSys@@UEBAPEBUSUniquePointerInfo@core@5@XZ 00000001800056b4 f i umodsys_lib_lib2d:umodsys.mod.2d.stdlib.obj
 0001:000046bc       ?root_get_other_interface@RGenerator@stdlib@lib2d@modules@UModSys@@UEAAPEAUIRoot@core@5@PEBUSUniquePointerInfo@75@@Z 00000001800056bc f i umodsys_lib_lib2d:umodsys.mod.2d.stdlib.obj
 0001:000046bc       ?root_get_other_interface@RGenerator@stdlib@lib2d@modules@UModSys@@UEBAPEBUIRoot@core@5@PEBUSUniquePointerInfo@75@@Z 00000001800056bc f i umodsys_lib_lib2d:umodsys.mod.2d.stdlib.obj
 0001:000046f4       ?root_is_interface_supported@RGenerator@stdlib@lib2d@modules@UModSys@@UEBA_NPEBUSUniquePointerInfo@core@5@@Z 00000001800056f4 f i umodsys_lib_lib2d:umodsys.mod.2d.stdlib.obj
 0001:0000472c       ?get_uid@RGenerator@stdlib@lib2d@modules@UModSys@@UEBAPEBUSUniquePointerInfo@core@5@XZ 000000018000572c f i umodsys_lib_lib2d:umodsys.mod.2d.stdlib.obj
 0001:00004734       ?set_info@RImage_Memory@stdlib@lib2d@modules@UModSys@@UEAA_NAEBUSImagePatchInfo@35@PEBD@Z 0000000180005734 f   umodsys_lib_lib2d:umodsys.mod.2d.stdlib.obj
 0001:00004994       ?set_data@RImage_Memory@stdlib@lib2d@modules@UModSys@@UEAA_NAEBUSImagePatchInfo@35@AEBUSCMem@core@5@H@Z 0000000180005994 f   umodsys_lib_lib2d:umodsys.mod.2d.stdlib.obj
 0001:00004a48       ?get_info@RImage_Memory@stdlib@lib2d@modules@UModSys@@UEBAAEBUSImageInfo@35@XZ 0000000180005a48 f   umodsys_lib_lib2d:umodsys.mod.2d.stdlib.obj
 0001:00004a50       ?get_data@RImage_Memory@stdlib@lib2d@modules@UModSys@@UEBA_NAEBUSImagePatchInfo@35@AEBUSMem@core@5@H@Z 0000000180005a50 f   umodsys_lib_lib2d:umodsys.mod.2d.stdlib.obj
 0001:00004b20       ??0RImage_Memory@stdlib@lib2d@modules@UModSys@@QEAA@PEAUIModObject@base@4@AEBUSParameters@core@4@@Z 0000000180005b20 f   umodsys_lib_lib2d:umodsys.mod.2d.stdlib.obj
 0001:00004bc8       ??_GRImage_Memory@stdlib@lib2d@modules@UModSys@@UEAAPEAXI@Z 0000000180005bc8 f i umodsys_lib_lib2d:umodsys.mod.2d.stdlib.obj
 0001:00004bc8       ??_ERImage_Memory@stdlib@lib2d@modules@UModSys@@UEAAPEAXI@Z 0000000180005bc8 f i  CIL library: CIL module
 0001:00004c38       ?image_new@RImageFactory_Memory@stdlib@lib2d@modules@UModSys@@UEAA?AU?$TRefObject@UIImage@lib2d@UModSys@@U?$TRefObjectFunc@UIImage@lib2d@UModSys@@@tl@3@@tl@5@XZ 0000000180005c38 f   umodsys_lib_lib2d:umodsys.mod.2d.stdlib.obj
 0001:00004dbc       ?image_new@RImageFactory_Memory@stdlib@lib2d@modules@UModSys@@UEAA?AU?$TRefObject@UIImage@lib2d@UModSys@@U?$TRefObjectFunc@UIImage@lib2d@UModSys@@@tl@3@@tl@5@AEBUSImagePatchInfo@35@PEBD@Z 0000000180005dbc f   umodsys_lib_lib2d:umodsys.mod.2d.stdlib.obj
 0001:00004f90       ?get_max_cell_size@RMultiImage@stdlib@lib2d@modules@UModSys@@UEBA?AU?$TVector2@H@math3d@5@XZ 0000000180005f90 f   umodsys_lib_lib2d:umodsys.mod.2d.stdlib.obj
 0001:00004f90       ?get_max_layer_size@RMultiImage@stdlib@lib2d@modules@UModSys@@UEBA?AU?$TVector2@H@math3d@5@XZ 0000000180005f90 f   umodsys_lib_lib2d:umodsys.mod.2d.stdlib.obj
 0001:00004fbc       ?get_fixed_cell_size@RMultiImage@stdlib@lib2d@modules@UModSys@@UEBA?AU?$TVector2@H@math3d@5@XZ 0000000180005fbc f   umodsys_lib_lib2d:umodsys.mod.2d.stdlib.obj
 0001:00004fdc       ?get_layer_count@RMultiImage@stdlib@lib2d@modules@UModSys@@UEBAGXZ 0000000180005fdc f   umodsys_lib_lib2d:umodsys.mod.2d.stdlib.obj
 0001:00004ff0       ?get_layer@RMultiImage@stdlib@lib2d@modules@UModSys@@UEBAPEAUIImage@35@G@Z 0000000180005ff0 f   umodsys_lib_lib2d:umodsys.mod.2d.stdlib.obj
 0001:00005014       ?get_cell_count@RMultiImage@stdlib@lib2d@modules@UModSys@@UEBAIXZ 0000000180006014 f   umodsys_lib_lib2d:umodsys.mod.2d.stdlib.obj
 0001:00005028       ?get_cell@RMultiImage@stdlib@lib2d@modules@UModSys@@UEBA_NIAEAU?$TVector2@H@math3d@5@PEAU675@PEAG@Z 0000000180006028 f   umodsys_lib_lib2d:umodsys.mod.2d.stdlib.obj
 0001:00005080       ?get_cell@RMultiImage@stdlib@lib2d@modules@UModSys@@UEBA_NIAEAUSImageCellInfo@35@@Z 0000000180006080 f   umodsys_lib_lib2d:umodsys.mod.2d.stdlib.obj
 0001:000050b8       ?set_layer_count@RMultiImage@stdlib@lib2d@modules@UModSys@@UEAA_NG@Z 00000001800060b8 f   umodsys_lib_lib2d:umodsys.mod.2d.stdlib.obj
 0001:000051c0       ?setup_fixed_cell@RMultiImage@stdlib@lib2d@modules@UModSys@@UEAA_NHH@Z 00000001800061c0 f   umodsys_lib_lib2d:umodsys.mod.2d.stdlib.obj
 0001:000051dc       ?setup_variable_cell@RMultiImage@stdlib@lib2d@modules@UModSys@@UEAA_NPEBUSImageCellInfo@35@KK@Z 00000001800061dc f   umodsys_lib_lib2d:umodsys.mod.2d.stdlib.obj
 0001:00005284       ??0RMultiImage@stdlib@lib2d@modules@UModSys@@QEAA@PEAUIModObject@base@4@AEBUSParameters@core@4@@Z 0000000180006284 f   umodsys_lib_lib2d:umodsys.mod.2d.stdlib.obj
 0001:000053a0       ??_GRMultiImage@stdlib@lib2d@modules@UModSys@@UEAAPEAXI@Z 00000001800063a0 f i umodsys_lib_lib2d:umodsys.mod.2d.stdlib.obj
 0001:000053a0       ??_ERMultiImage@stdlib@lib2d@modules@UModSys@@UEAAPEAXI@Z 00000001800063a0 f i  CIL library: CIL module
 0001:00005478       ?do_open@RModuleReg@stdlib@lib2d@modules@UModSys@@UEAA_NXZ 0000000180006478 f i umodsys_lib_lib2d:umodsys.mod.2d.stdlib.obj
 0001:000054ec       ?do_close@RModuleReg@stdlib@lib2d@modules@UModSys@@UEAA_NXZ 00000001800064ec f i umodsys_lib_lib2d:umodsys.mod.2d.stdlib.obj
 0001:0000553c       ?get_module@RGenerator@stdlib@lib2d@modules@UModSys@@UEBAPEAUIModule@base@5@XZ 000000018000653c f   umodsys_lib_lib2d:umodsys.mod.2d.stdlib.obj
 0001:00005544       ?mod_inc@RGenerator@stdlib@lib2d@modules@UModSys@@UEBA_NXZ 0000000180006544 f   umodsys_lib_lib2d:umodsys.mod.2d.stdlib.obj
 0001:00005558       ?mod_dec@RGenerator@stdlib@lib2d@modules@UModSys@@UEBA_NXZ 0000000180006558 f   umodsys_lib_lib2d:umodsys.mod.2d.stdlib.obj
 0001:0000556c       ?s_holder@RGenerator@stdlib@lib2d@modules@UModSys@@SAAEAU?$TTypeStaticHolder@URGenerator@stdlib@lib2d@modules@UModSys@@@tl@5@XZ 000000018000656c f   umodsys_lib_lib2d:umodsys.mod.2d.stdlib.obj
 0001:000055b0       ??1?$TDynarrayDynamic@USImageCellInfo@lib2d@UModSys@@U?$TAllocator@USIMemAlloc@core@UModSys@@USCountCalcPower2@23@@tl@3@@tl@UModSys@@QEAA@XZ 00000001800065b0 f i umodsys_lib_lib2d:umodsys.mod.2d.stdlib.obj
 0001:000055b8       ?Resize@?$TDynarray@U?$TDynarrayHolderDynamic@USImageCellInfo@lib2d@UModSys@@U?$TAllocator@USIMemAlloc@core@UModSys@@USCountCalcPower2@23@@tl@3@@tl@UModSys@@@tl@UModSys@@QEAA_N_K@Z 00000001800065b8 f i umodsys_lib_lib2d:umodsys.mod.2d.stdlib.obj
 0001:00005658       ??1?$TDynarrayDynamic@U?$TRefObject@UIImage@lib2d@UModSys@@U?$TRefObjectFunc@UIImage@lib2d@UModSys@@@tl@3@@tl@UModSys@@U?$TAllocator@USIMemAlloc@core@UModSys@@USCountCalcPower2@23@@23@@tl@UModSys@@QEAA@XZ 0000000180006658 f i umodsys_lib_lib2d:umodsys.mod.2d.stdlib.obj
 0001:000056b8       ?Resize@?$TDynarray@U?$TDynarrayHolderDynamic@U?$TRefObject@UIImage@lib2d@UModSys@@U?$TRefObjectFunc@UIImage@lib2d@UModSys@@@tl@3@@tl@UModSys@@U?$TAllocator@USIMemAlloc@core@UModSys@@USCountCalcPower2@23@@23@@tl@UModSys@@@tl@UModSys@@QEAA_N_K@Z 00000001800066b8 f i umodsys_lib_lib2d:umodsys.mod.2d.stdlib.obj
 0001:000057b4       ??1?$TDynarray@U?$TDynarrayHolderDynamic@USImageCellInfo@lib2d@UModSys@@U?$TAllocator@USIMemAlloc@core@UModSys@@USCountCalcPower2@23@@tl@3@@tl@UModSys@@@tl@UModSys@@QEAA@XZ 00000001800067b4 f i umodsys_lib_lib2d:umodsys.mod.2d.stdlib.obj
 0001:00005880       ??$t_gen_param@URImageFactory_Memory@stdlib@lib2d@modules@UModSys@@URGenerator@2345@@IGenerator@base@UModSys@@IEAA_NPEAURGenerator@stdlib@lib2d@modules@2@AEAU?$TRefObject@UIRefObject@core@UModSys@@U?$TRefObjectFunc@UIRefObject@core@UModSys@@@tl@3@@tl@2@PEBUSUniquePointerInfo@core@2@AEBUSParameters@core@2@@Z 0000000180006880 f i umodsys_lib_lib2d:umodsys.mod.2d.stdlib.obj
 0001:00005990       ??$t_gen_param@URMultiImage@stdlib@lib2d@modules@UModSys@@URGenerator@2345@@IGenerator@base@UModSys@@IEAA_NPEAURGenerator@stdlib@lib2d@modules@2@AEAU?$TRefObject@UIRefObject@core@UModSys@@U?$TRefObjectFunc@UIRefObject@core@UModSys@@@tl@3@@tl@2@PEBUSUniquePointerInfo@core@2@AEBUSParameters@core@2@@Z 0000000180006990 f i umodsys_lib_lib2d:umodsys.mod.2d.stdlib.obj
 0001:00005a88       ??$ValidateConstruction@UIImage@lib2d@UModSys@@URImage_Memory@stdlib@2modules@3@@core@UModSys@@YA_NAEAU?$TRefObject@UIImage@lib2d@UModSys@@U?$TRefObjectFunc@UIImage@lib2d@UModSys@@@tl@3@@tl@1@PEAURImage_Memory@stdlib@lib2d@modules@1@@Z 0000000180006a88 f i umodsys_lib_lib2d:umodsys.mod.2d.stdlib.obj
 0001:00005ae0       ?e@SGLFuncs@SDL_GL@ui@modules@UModSys@@QEBAXXZ 0000000180006ae0 f i umodsys_lib_libui:umodsys.mod.ui.SDL_GL.obj
 0001:00005b64       ?set_composite_all@SGLFuncsLegacy@SDL_GL@ui@modules@UModSys@@QEBAXH@Z 0000000180006b64 f i umodsys_lib_libui:umodsys.mod.ui.SDL_GL.obj
 0001:00005c24       ?crebind@STextureGL@SDL_GL@ui@modules@UModSys@@QEAAX_N@Z 0000000180006c24 f i umodsys_lib_libui:umodsys.mod.ui.SDL_GL.obj
 0001:00005ca0       ?root_get_interface_info@RKeyboardController@SDL_GL@ui@modules@UModSys@@UEBAAEBUSUniquePointerInfo@core@5@XZ 0000000180006ca0 f i umodsys_lib_libui:umodsys.mod.ui.SDL_GL.obj
 0001:00005ca8       ?root_get_interface_type@RKeyboardController@SDL_GL@ui@modules@UModSys@@UEBAPEBUSUniquePointerInfo@core@5@XZ 0000000180006ca8 f i umodsys_lib_libui:umodsys.mod.ui.SDL_GL.obj
 0001:00005cb0       ?root_get_other_interface@RKeyboardController@SDL_GL@ui@modules@UModSys@@UEBAPEBUIRoot@core@5@PEBUSUniquePointerInfo@75@@Z 0000000180006cb0 f i umodsys_lib_libui:umodsys.mod.ui.SDL_GL.obj
 0001:00005cb0       ?root_get_other_interface@RKeyboardController@SDL_GL@ui@modules@UModSys@@UEAAPEAUIRoot@core@5@PEBUSUniquePointerInfo@75@@Z 0000000180006cb0 f i umodsys_lib_libui:umodsys.mod.ui.SDL_GL.obj
 0001:00005ce0       ?root_is_interface_supported@RKeyboardController@SDL_GL@ui@modules@UModSys@@UEBA_NPEBUSUniquePointerInfo@core@5@@Z 0000000180006ce0 f i umodsys_lib_libui:umodsys.mod.ui.SDL_GL.obj
 0001:00005d10       ?root_get_interface_info@RMouseController@SDL_GL@ui@modules@UModSys@@UEBAAEBUSUniquePointerInfo@core@5@XZ 0000000180006d10 f i umodsys_lib_libui:umodsys.mod.ui.SDL_GL.obj
 0001:00005d18       ?root_get_interface_type@RMouseController@SDL_GL@ui@modules@UModSys@@UEBAPEBUSUniquePointerInfo@core@5@XZ 0000000180006d18 f i umodsys_lib_libui:umodsys.mod.ui.SDL_GL.obj
 0001:00005d20       ?root_get_other_interface@RMouseController@SDL_GL@ui@modules@UModSys@@UEAAPEAUIRoot@core@5@PEBUSUniquePointerInfo@75@@Z 0000000180006d20 f i umodsys_lib_libui:umodsys.mod.ui.SDL_GL.obj
 0001:00005d20       ?root_get_other_interface@RMouseController@SDL_GL@ui@modules@UModSys@@UEBAPEBUIRoot@core@5@PEBUSUniquePointerInfo@75@@Z 0000000180006d20 f i umodsys_lib_libui:umodsys.mod.ui.SDL_GL.obj
 0001:00005d50       ?root_is_interface_supported@RMouseController@SDL_GL@ui@modules@UModSys@@UEBA_NPEBUSUniquePointerInfo@core@5@@Z 0000000180006d50 f i umodsys_lib_libui:umodsys.mod.ui.SDL_GL.obj
 0001:00005d80       ?root_get_interface_info@RTerminal@SDL_GL@ui@modules@UModSys@@UEBAAEBUSUniquePointerInfo@core@5@XZ 0000000180006d80 f i umodsys_lib_libui:umodsys.mod.ui.SDL_GL.obj
 0001:00005d88       ?root_get_interface_type@RTerminal@SDL_GL@ui@modules@UModSys@@UEBAPEBUSUniquePointerInfo@core@5@XZ 0000000180006d88 f i umodsys_lib_libui:umodsys.mod.ui.SDL_GL.obj
 0001:00005d90       ?root_get_other_interface@RTerminal@SDL_GL@ui@modules@UModSys@@UEBAPEBUIRoot@core@5@PEBUSUniquePointerInfo@75@@Z 0000000180006d90 f i umodsys_lib_libui:umodsys.mod.ui.SDL_GL.obj
 0001:00005d90       ?root_get_other_interface@RTerminal@SDL_GL@ui@modules@UModSys@@UEAAPEAUIRoot@core@5@PEBUSUniquePointerInfo@75@@Z 0000000180006d90 f i umodsys_lib_libui:umodsys.mod.ui.SDL_GL.obj
 0001:00005dc0       ?root_is_interface_supported@RTerminal@SDL_GL@ui@modules@UModSys@@UEBA_NPEBUSUniquePointerInfo@core@5@@Z 0000000180006dc0 f i umodsys_lib_libui:umodsys.mod.ui.SDL_GL.obj
 0001:00005df0       ?root_get_interface_info@RMultiImage2D_SDL_ttf@SDL_GL@ui@modules@UModSys@@UEBAAEBUSUniquePointerInfo@core@5@XZ 0000000180006df0 f i umodsys_lib_libui:umodsys.mod.ui.SDL_GL.obj
 0001:00005df8       ?root_get_interface_type@RMultiImage2D_SDL_ttf@SDL_GL@ui@modules@UModSys@@UEBAPEBUSUniquePointerInfo@core@5@XZ 0000000180006df8 f i umodsys_lib_libui:umodsys.mod.ui.SDL_GL.obj
 0001:00005e00       ?root_get_other_interface@RMultiImage2D_SDL_ttf@SDL_GL@ui@modules@UModSys@@UEAAPEAUIRoot@core@5@PEBUSUniquePointerInfo@75@@Z 0000000180006e00 f i umodsys_lib_libui:umodsys.mod.ui.SDL_GL.obj
 0001:00005e00       ?root_get_other_interface@RMultiImage2D_SDL_ttf@SDL_GL@ui@modules@UModSys@@UEBAPEBUIRoot@core@5@PEBUSUniquePointerInfo@75@@Z 0000000180006e00 f i umodsys_lib_libui:umodsys.mod.ui.SDL_GL.obj
 0001:00005e30       ?root_is_interface_supported@RMultiImage2D_SDL_ttf@SDL_GL@ui@modules@UModSys@@UEBA_NPEBUSUniquePointerInfo@core@5@@Z 0000000180006e30 f i umodsys_lib_libui:umodsys.mod.ui.SDL_GL.obj
 0001:00005e60       ?ref_remove@RTerminal@SDL_core@ui@modules@UModSys@@UEBAXXZ 0000000180006e60 f i umodsys_lib_libui:umodsys.mod.ui.SDL_core.obj
 0001:00005e60       ?ref_remove@RMultiImage@stdlib@lib2d@modules@UModSys@@UEBAXXZ 0000000180006e60 f i umodsys_lib_lib2d:umodsys.mod.2d.stdlib.obj
 0001:00005e60       ?ref_remove@RImageFactory_Memory@stdlib@lib2d@modules@UModSys@@UEBAXXZ 0000000180006e60 f i umodsys_lib_lib2d:umodsys.mod.2d.stdlib.obj
 0001:00005e60       ?ref_remove@RGenerator@serialize_json@media@modules@UModSys@@UEBAXXZ 0000000180006e60 f i umodsys_lib_libmedia:umodsys.mod.media.serialize_json.obj
 0001:00005e60       ?ref_remove@RBinArchiveFrameClient_ZIP@zlib@media@modules@UModSys@@UEBAXXZ 0000000180006e60 f i umodsys_lib_libmedia:umodsys.mod.media.zlib.obj
 0001:00005e60       ?ref_remove@RImage_Memory@stdlib@lib2d@modules@UModSys@@UEBAXXZ 0000000180006e60 f i umodsys_lib_lib2d:umodsys.mod.2d.stdlib.obj
 0001:00005e60       ?ref_remove@RMultiImage2D_SDL_ttf@SDL_GL@ui@modules@UModSys@@UEBAXXZ 0000000180006e60 f i umodsys_lib_libui:umodsys.mod.ui.SDL_GL.obj
 0001:00005e60       ?ref_remove@RVertexArray@SDL_GL@ui@modules@UModSys@@UEBAXXZ 0000000180006e60 f i umodsys_lib_libui:umodsys.mod.ui.SDL_GL.obj
 0001:00005e60       ?ref_remove@RGenerator@zlib@media@modules@UModSys@@UEBAXXZ 0000000180006e60 f i umodsys_lib_libmedia:umodsys.mod.media.zlib.obj
 0001:00005e60       ?ref_remove@RGenerator@frames@ui@modules@UModSys@@UEBAXXZ 0000000180006e60 f i umodsys_lib_libui:umodsys.mod.ui.frames.obj
 0001:00005e60       ?ref_remove@RTerminal@SDL_GL@ui@modules@UModSys@@UEBAXXZ 0000000180006e60 f i umodsys_lib_libui:umodsys.mod.ui.SDL_GL.obj
 0001:00005e60       ?ref_remove@RMultiImage2D_SDL_ttf@SDL_core@ui@modules@UModSys@@UEBAXXZ 0000000180006e60 f i umodsys_lib_libui:umodsys.mod.ui.SDL_core.obj
 0001:00005e60       ?ref_remove@RSerializeReader@serialize_json@media@modules@UModSys@@UEBAXXZ 0000000180006e60 f i umodsys_lib_libmedia:umodsys.mod.media.serialize_json.obj
 0001:00005e60       ?ref_remove@RGenerator@SDL_GL@ui@modules@UModSys@@UEBAXXZ 0000000180006e60 f i umodsys_lib_libui:umodsys.mod.ui.SDL_GL.obj
 0001:00005e60       ?ref_remove@RDialog@frames@ui@modules@UModSys@@UEBAXXZ 0000000180006e60 f i umodsys_lib_libui:umodsys.mod.ui.frames.obj
 0001:00005e60       ?ref_remove@RGenerator@stdlib@lib2d@modules@UModSys@@UEBAXXZ 0000000180006e60 f i umodsys_lib_lib2d:umodsys.mod.2d.stdlib.obj
 0001:00005e60       ?ref_remove@RGenerator@images_std@media@modules@UModSys@@UEBAXXZ 0000000180006e60 f i umodsys_lib_libmedia:umodsys.mod.media.images_std.obj
 0001:00005e60       ?ref_remove@RGenerator@test1@test@modules@UModSys@@UEBAXXZ 0000000180006e60 f i plugin_test1.obj
 0001:00005e60       ?ref_remove@RGenerator@SDL_core@ui@modules@UModSys@@UEBAXXZ 0000000180006e60 f i umodsys_lib_libui:umodsys.mod.ui.SDL_core.obj
 0001:00005e78       ??1Glyph@RMultiImage2D_SDL_ttf@SDL_GL@ui@modules@UModSys@@QEAA@XZ 0000000180006e78 f i umodsys_lib_libui:umodsys.mod.ui.SDL_GL.obj
 0001:00005ec8       ?get_fixed_cell_size@RMultiImage2D_SDL_ttf@SDL_core@ui@modules@UModSys@@UEBA?AU?$TVector2@H@math3d@5@XZ 0000000180006ec8 f i umodsys_lib_libui:umodsys.mod.ui.SDL_core.obj
 0001:00005ec8       ?get_max_cell_size@RMultiImage2D_SDL_ttf@SDL_core@ui@modules@UModSys@@UEBA?AU?$TVector2@H@math3d@5@XZ 0000000180006ec8 f i umodsys_lib_libui:umodsys.mod.ui.SDL_core.obj
 0001:00005ec8       ?get_max_layer_size@RMultiImage2D_SDL_ttf@SDL_core@ui@modules@UModSys@@UEBA?AU?$TVector2@H@math3d@5@XZ 0000000180006ec8 f i umodsys_lib_libui:umodsys.mod.ui.SDL_core.obj
 0001:00005ec8       ?get_fixed_cell_size@RMultiImage2D_SDL_ttf@SDL_GL@ui@modules@UModSys@@UEBA?AU?$TVector2@H@math3d@5@XZ 0000000180006ec8 f i umodsys_lib_libui:umodsys.mod.ui.SDL_GL.obj
 0001:00005ec8       ?get_max_cell_size@RMultiImage2D_SDL_ttf@SDL_GL@ui@modules@UModSys@@UEBA?AU?$TVector2@H@math3d@5@XZ 0000000180006ec8 f i umodsys_lib_libui:umodsys.mod.ui.SDL_GL.obj
 0001:00005ec8       ?image_get_maxsize@RImageFactory_Memory@stdlib@lib2d@modules@UModSys@@UEBA?AU?$TVector2@H@math3d@5@XZ 0000000180006ec8 f i umodsys_lib_lib2d:umodsys.mod.2d.stdlib.obj
 0001:00005ec8       ?get_max_layer_size@RMultiImage2D_SDL_ttf@SDL_GL@ui@modules@UModSys@@UEBA?AU?$TVector2@H@math3d@5@XZ 0000000180006ec8 f i umodsys_lib_libui:umodsys.mod.ui.SDL_GL.obj
 0001:00005ed4       ?set_parameters@RRenderDriver3D@SDL_GL@ui@modules@UModSys@@UEAA_NPEBDAEBUSParameters@core@5@@Z 0000000180006ed4 f i umodsys_lib_libui:umodsys.mod.ui.SDL_GL.obj
 0001:00005ed4       ?get_cell@RMultiImage2D_SDL_ttf@SDL_core@ui@modules@UModSys@@UEBA_NIAEAU?$TVector2@H@math3d@5@PEAU675@PEAG@Z 0000000180006ed4 f i umodsys_lib_libui:umodsys.mod.ui.SDL_core.obj
 0001:00005ed4       ?map_3d_to_2d@RRenderDriver3D@SDL_GL@ui@modules@UModSys@@UEAA_NAEAU?$TVector2@H@math3d@5@AEBU?$TVector3@N@75@@Z 0000000180006ed4 f i umodsys_lib_libui:umodsys.mod.ui.SDL_GL.obj
 0001:00005ed4       ?set_parameters@RRenderDriver2D@SDL_core@ui@modules@UModSys@@UEAA_NPEBDAEBUSParameters@core@5@@Z 0000000180006ed4 f i umodsys_lib_libui:umodsys.mod.ui.SDL_core.obj
 0001:00005ed4       ?key_event@RFrame_Common@frames@ui@modules@UModSys@@MEAA_NAEBUSKeyboardInputText@libui@5@@Z 0000000180006ed4 f i umodsys_lib_libui:umodsys.mod.ui.frames.obj
 0001:00005ed4       ?setup_setlight@RRenderDriver3D@SDL_GL@ui@modules@UModSys@@UEAA_NH_N@Z 0000000180006ed4 f i umodsys_lib_libui:umodsys.mod.ui.SDL_GL.obj
 0001:00005ed4       ?key_reset@RKeyboardController@SDL_GL@ui@modules@UModSys@@UEAA_NXZ 0000000180006ed4 f i umodsys_lib_libui:umodsys.mod.ui.SDL_GL.obj
 0001:00005ed4       ?setup_setlight@RRenderDriver3D@SDL_GL@ui@modules@UModSys@@UEAA_NHW4eLightType@lib3d@5@AEBUSLight@75@AEBU?$TMatrix44@N@math3d@5@@Z 0000000180006ed4 f i umodsys_lib_libui:umodsys.mod.ui.SDL_GL.obj
 0001:00005ed4       ?output_attach_3d@RCollector@frames@ui@modules@UModSys@@UEAA_NPEAUIRenderDriver@lib3d@5@H@Z 0000000180006ed4 f i umodsys_lib_libui:umodsys.mod.ui.frames.obj
 0001:00005ed4       ?key_setmodifier@RKeyboardController@SDL_GL@ui@modules@UModSys@@UEAA_NHHH@Z 0000000180006ed4 f i umodsys_lib_libui:umodsys.mod.ui.SDL_GL.obj
 0001:00005ed4       ?set_hint@RMultiImage@stdlib@lib2d@modules@UModSys@@UEAA_NPEBD0@Z 0000000180006ed4 f i umodsys_lib_lib2d:umodsys.mod.2d.stdlib.obj
 0001:00005ed4       ?set_layer_count@RMultiImage2D_SDL_ttf@SDL_core@ui@modules@UModSys@@UEAA_NG@Z 0000000180006ed4 f i umodsys_lib_libui:umodsys.mod.ui.SDL_core.obj
 0001:00005ed4       ?set_layer_count@RMultiImage2D_SDL_ttf@SDL_GL@ui@modules@UModSys@@UEAA_NG@Z 0000000180006ed4 f i umodsys_lib_libui:umodsys.mod.ui.SDL_GL.obj
 0001:00005ed4       ?get_cell@RMultiImage2D_SDL_ttf@SDL_GL@ui@modules@UModSys@@UEBA_NIAEAU?$TVector2@H@math3d@5@PEAU675@PEAG@Z 0000000180006ed4 f i umodsys_lib_libui:umodsys.mod.ui.SDL_GL.obj
 0001:00005ed4       ?setup_variable_cell@RMultiImage2D_SDL_ttf@SDL_core@ui@modules@UModSys@@UEAA_NPEBUSImageCellInfo@lib2d@5@KK@Z 0000000180006ed4 f i umodsys_lib_libui:umodsys.mod.ui.SDL_core.obj
 0001:00005ed4       ?get_cell@RMultiImage2D_SDL_ttf@SDL_GL@ui@modules@UModSys@@UEBA_NIAEAUSImageCellInfo@lib2d@5@@Z 0000000180006ed4 f i umodsys_lib_libui:umodsys.mod.ui.SDL_GL.obj
 0001:00005ed4       ?setup_fixed_cell@RMultiImage2D_SDL_ttf@SDL_GL@ui@modules@UModSys@@UEAA_NHH@Z 0000000180006ed4 f i umodsys_lib_libui:umodsys.mod.ui.SDL_GL.obj
 0001:00005ed4       ?get_minsize@RCollector@frames@ui@modules@UModSys@@UEAA_NAEAU?$TVector2@H@math3d@5@@Z 0000000180006ed4 f i umodsys_lib_libui:umodsys.mod.ui.frames.obj
 0001:00005ed4       ?map_2d_to_3d@RRenderDriver3D@SDL_GL@ui@modules@UModSys@@UEAA_NAEAU?$TVector3@N@math3d@5@AEBU?$TVector2@H@75@@Z 0000000180006ed4 f i umodsys_lib_libui:umodsys.mod.ui.SDL_GL.obj
 0001:00005ed4       ?frame_remove@RCollector@frames@ui@modules@UModSys@@UEAA_NPEAUIFrame@libui@5@@Z 0000000180006ed4 f i umodsys_lib_libui:umodsys.mod.ui.frames.obj
 0001:00005ed4       ?command_draw@RTest1_Shell@test1@test@modules@UModSys@@UEAA_NAEBUSController@libui@5@PEAUIRenderDriver@lib2d@5@AEBU?$TBoundBox2@H@math3d@5@@Z 0000000180006ed4 f i plugin_test1.obj
 0001:00005ed4       ?filter_load@RMediaFilter@images_std@media@modules@UModSys@@UEAA_NAEBUSInfo@IBinObjFilter@libmedia@5@AEAU?$TRefObject@UIRefObject@core@UModSys@@U?$TRefObjectFunc@UIRefObject@core@UModSys@@@tl@3@@tl@5@@Z 0000000180006ed4 f i umodsys_lib_libmedia:umodsys.mod.media.images_std.obj
 0001:00005ed4       ?arc_deinit@RBinArchiveFrameClient_ZIP@zlib@media@modules@UModSys@@UEAA_NPEAUIBinArchiveFrame@libmedia@5@@Z 0000000180006ed4 f i umodsys_lib_libmedia:umodsys.mod.media.zlib.obj
 0001:00005ed4       ?get_maxbox@RCollector@frames@ui@modules@UModSys@@UEAA_NAEAU?$TBoundBox2@H@math3d@5@@Z 0000000180006ed4 f i umodsys_lib_libui:umodsys.mod.ui.frames.obj
 0001:00005ed4       ?driver_is_reset@RRenderDriver3D@SDL_GL@ui@modules@UModSys@@UEAA_NXZ 0000000180006ed4 f i umodsys_lib_libui:umodsys.mod.ui.SDL_GL.obj
 0001:00005ed4       ?key_text@UI_Info@RTest1_Shell@test1@test@modules@UModSys@@UEAA_NAEBUSKeyboardInputText@libui@6@@Z 0000000180006ed4 f i plugin_test1.obj
 0001:00005ed4       ?setup_variable_cell@RMultiImage2D_SDL_ttf@SDL_GL@ui@modules@UModSys@@UEAA_NPEBUSImageCellInfo@lib2d@5@KK@Z 0000000180006ed4 f i umodsys_lib_libui:umodsys.mod.ui.SDL_GL.obj
 0001:00005ed4       ?set_repeater@RFrame_Common@frames@ui@modules@UModSys@@UEAA_NHH@Z 0000000180006ed4 f i umodsys_lib_libui:umodsys.mod.ui.frames.obj
 0001:00005ed4       ?setup_array@RRenderDriver3D@SDL_GL@ui@modules@UModSys@@UEAA_NPEAUIVertexArray@lib3d@5@W4eVertexClass@75@H@Z 0000000180006ed4 f i umodsys_lib_libui:umodsys.mod.ui.SDL_GL.obj
 0001:00005ed4       ?set_insize@RFrame_Common@frames@ui@modules@UModSys@@UEAA_NAEBU?$TVector2@H@math3d@5@@Z 0000000180006ed4 f i umodsys_lib_libui:umodsys.mod.ui.frames.obj
 0001:00005ed4       ?mouse_event@RFrame_Common@frames@ui@modules@UModSys@@MEAA_NPEBUSMouseInput@libui@5@@Z 0000000180006ed4 f i umodsys_lib_libui:umodsys.mod.ui.frames.obj
 0001:00005ed4       ?mouse_setposition@RMouseController@SDL_core@ui@modules@UModSys@@UEAA_NHH@Z 0000000180006ed4 f i umodsys_lib_libui:umodsys.mod.ui.SDL_core.obj
 0001:00005ed4       ?map_3d_to_2d@RRenderDriver3D@SDL_GL@ui@modules@UModSys@@UEAA_NAEAU?$TVector2@H@math3d@5@AEBU?$TVector2@M@75@@Z 0000000180006ed4 f i umodsys_lib_libui:umodsys.mod.ui.SDL_GL.obj
 0001:00005ed4       ?key_setmodifier@RKeyboardController@SDL_core@ui@modules@UModSys@@UEAA_NHHH@Z 0000000180006ed4 f i umodsys_lib_libui:umodsys.mod.ui.SDL_core.obj
 0001:00005ed4       ?setup_material@RRenderDriver3D@SDL_GL@ui@modules@UModSys@@UEAA_NPEBUSMaterial@lib3d@5@@Z 0000000180006ed4 f i umodsys_lib_libui:umodsys.mod.ui.SDL_GL.obj
 0001:00005ed4       ?key_setrepeat@RKeyboardController@SDL_core@ui@modules@UModSys@@UEAA_NMM@Z 0000000180006ed4 f i umodsys_lib_libui:umodsys.mod.ui.SDL_core.obj
 0001:00005ed4       ?setup_fixed_cell@RMultiImage2D_SDL_ttf@SDL_core@ui@modules@UModSys@@UEAA_NHH@Z 0000000180006ed4 f i umodsys_lib_libui:umodsys.mod.ui.SDL_core.obj
 0001:00005ed4       ?mouse_setposition@RMouseController@SDL_GL@ui@modules@UModSys@@UEAA_NHH@Z 0000000180006ed4 f i umodsys_lib_libui:umodsys.mod.ui.SDL_GL.obj
 0001:00005ed4       ?key_reset@RKeyboardController@SDL_core@ui@modules@UModSys@@UEAA_NXZ 0000000180006ed4 f i umodsys_lib_libui:umodsys.mod.ui.SDL_core.obj
 0001:00005ed4       ?key_event@RFrame_Common@frames@ui@modules@UModSys@@MEAA_NAEBUSKeyboardInputRaw@libui@5@@Z 0000000180006ed4 f i umodsys_lib_libui:umodsys.mod.ui.frames.obj
 0001:00005ed4       ?setup_clearlights@RRenderDriver3D@SDL_GL@ui@modules@UModSys@@UEAA_NW4eLightType@lib3d@5@_N1@Z 0000000180006ed4 f i umodsys_lib_libui:umodsys.mod.ui.SDL_GL.obj
 0001:00005ed4       ?get_cell@RMultiImage2D_SDL_ttf@SDL_core@ui@modules@UModSys@@UEBA_NIAEAUSImageCellInfo@lib2d@5@@Z 0000000180006ed4 f i umodsys_lib_libui:umodsys.mod.ui.SDL_core.obj
 0001:00005ed4       ?set_hint@RMultiImage2D_SDL_ttf@SDL_GL@ui@modules@UModSys@@UEAA_NPEBD0@Z 0000000180006ed4 f i umodsys_lib_libui:umodsys.mod.ui.SDL_GL.obj
 0001:00005ed4       ?set_hint@RMultiImage2D_SDL_ttf@SDL_core@ui@modules@UModSys@@UEAA_NPEBD0@Z 0000000180006ed4 f i umodsys_lib_libui:umodsys.mod.ui.SDL_core.obj
 0001:00005ed4       ?setup_state@RRenderDriver3D@SDL_GL@ui@modules@UModSys@@UEAA_NAEBUSRenderState@lib3d@5@@Z 0000000180006ed4 f i umodsys_lib_libui:umodsys.mod.ui.SDL_GL.obj
 0001:00005ed4       ?setup_array_none@RRenderDriver3D@SDL_GL@ui@modules@UModSys@@UEAA_NXZ 0000000180006ed4 f i umodsys_lib_libui:umodsys.mod.ui.SDL_GL.obj
 0001:00005ed4       ?key_setrepeat@RKeyboardController@SDL_GL@ui@modules@UModSys@@UEAA_NMM@Z 0000000180006ed4 f i umodsys_lib_libui:umodsys.mod.ui.SDL_GL.obj
 0001:00005ed8       ?root_get_interface_info@RRenderDriver3D@SDL_GL@ui@modules@UModSys@@UEBAAEBUSUniquePointerInfo@core@5@XZ 0000000180006ed8 f i umodsys_lib_libui:umodsys.mod.ui.SDL_GL.obj
 0001:00005ee0       ?root_get_interface_type@RRenderDriver3D@SDL_GL@ui@modules@UModSys@@UEBAPEBUSUniquePointerInfo@core@5@XZ 0000000180006ee0 f i umodsys_lib_libui:umodsys.mod.ui.SDL_GL.obj
 0001:00005ee8       ?root_get_other_interface@RRenderDriver3D@SDL_GL@ui@modules@UModSys@@UEAAPEAUIRoot@core@5@PEBUSUniquePointerInfo@75@@Z 0000000180006ee8 f i umodsys_lib_libui:umodsys.mod.ui.SDL_GL.obj
 0001:00005ee8       ?root_get_other_interface@RRenderDriver3D@SDL_GL@ui@modules@UModSys@@UEBAPEBUIRoot@core@5@PEBUSUniquePointerInfo@75@@Z 0000000180006ee8 f i umodsys_lib_libui:umodsys.mod.ui.SDL_GL.obj
 0001:00005f20       ?root_is_interface_supported@RRenderDriver3D@SDL_GL@ui@modules@UModSys@@UEBA_NPEBUSUniquePointerInfo@core@5@@Z 0000000180006f20 f i umodsys_lib_libui:umodsys.mod.ui.SDL_GL.obj
 0001:00005f58       ?ref_add@RKeyboardController@SDL_GL@ui@modules@UModSys@@UEBAXXZ 0000000180006f58 f i umodsys_lib_libui:umodsys.mod.ui.SDL_GL.obj
 0001:00005f58       ?ref_add@RRenderDriver3D@SDL_GL@ui@modules@UModSys@@UEBAXXZ 0000000180006f58 f i umodsys_lib_libui:umodsys.mod.ui.SDL_GL.obj
 0001:00005f58       ?ref_add@RRenderDriver2D@SDL_core@ui@modules@UModSys@@UEBAXXZ 0000000180006f58 f i umodsys_lib_libui:umodsys.mod.ui.SDL_core.obj
 0001:00005f58       ?ref_add@RMouseController@SDL_GL@ui@modules@UModSys@@UEBAXXZ 0000000180006f58 f i umodsys_lib_libui:umodsys.mod.ui.SDL_GL.obj
 0001:00005f58       ?ref_add@RMouseController@SDL_core@ui@modules@UModSys@@UEBAXXZ 0000000180006f58 f i umodsys_lib_libui:umodsys.mod.ui.SDL_core.obj
 0001:00005f58       ?ref_add@RKeyboardController@SDL_core@ui@modules@UModSys@@UEBAXXZ 0000000180006f58 f i umodsys_lib_libui:umodsys.mod.ui.SDL_core.obj
 0001:00005f64       ?ref_remove@RRenderDriver2D@SDL_core@ui@modules@UModSys@@UEBAXXZ 0000000180006f64 f i umodsys_lib_libui:umodsys.mod.ui.SDL_core.obj
 0001:00005f64       ?ref_remove@RKeyboardController@SDL_GL@ui@modules@UModSys@@UEBAXXZ 0000000180006f64 f i umodsys_lib_libui:umodsys.mod.ui.SDL_GL.obj
 0001:00005f64       ?ref_remove@RKeyboardController@SDL_core@ui@modules@UModSys@@UEBAXXZ 0000000180006f64 f i umodsys_lib_libui:umodsys.mod.ui.SDL_core.obj
 0001:00005f64       ?ref_remove@RMouseController@SDL_core@ui@modules@UModSys@@UEBAXXZ 0000000180006f64 f i umodsys_lib_libui:umodsys.mod.ui.SDL_core.obj
 0001:00005f64       ?ref_remove@RMouseController@SDL_GL@ui@modules@UModSys@@UEBAXXZ 0000000180006f64 f i umodsys_lib_libui:umodsys.mod.ui.SDL_GL.obj
 0001:00005f64       ?ref_remove@RRenderDriver3D@SDL_GL@ui@modules@UModSys@@UEBAXXZ 0000000180006f64 f i umodsys_lib_libui:umodsys.mod.ui.SDL_GL.obj
 0001:00005f70       ?NextPhmV@RRenderDriver3D@SDL_GL@ui@modules@UModSys@@QEAA_NW4ePhaseMode@2345@@Z 0000000180006f70 f i umodsys_lib_libui:umodsys.mod.ui.SDL_GL.obj
 0001:00005ffc       ?root_get_interface_info@RTerminalX@SDL_GL@ui@modules@UModSys@@UEBAAEBUSUniquePointerInfo@core@5@XZ 0000000180006ffc f i umodsys_lib_libui:umodsys.mod.ui.SDL_GL.obj
 0001:00006004       ?root_get_interface_type@RTerminalX@SDL_GL@ui@modules@UModSys@@UEBAPEBUSUniquePointerInfo@core@5@XZ 0000000180007004 f i umodsys_lib_libui:umodsys.mod.ui.SDL_GL.obj
 0001:0000600c       ?root_get_other_interface@RTerminalX@SDL_GL@ui@modules@UModSys@@UEAAPEAUIRoot@core@5@PEBUSUniquePointerInfo@75@@Z 000000018000700c f i umodsys_lib_libui:umodsys.mod.ui.SDL_GL.obj
 0001:0000600c       ?root_get_other_interface@RTerminalX@SDL_GL@ui@modules@UModSys@@UEBAPEBUIRoot@core@5@PEBUSUniquePointerInfo@75@@Z 000000018000700c f i umodsys_lib_libui:umodsys.mod.ui.SDL_GL.obj
 0001:0000603c       ?root_is_interface_supported@RTerminalX@SDL_GL@ui@modules@UModSys@@UEBA_NPEBUSUniquePointerInfo@core@5@@Z 000000018000703c f i umodsys_lib_libui:umodsys.mod.ui.SDL_GL.obj
 0001:00006074       ?root_get_interface_info@RVertexArray@SDL_GL@ui@modules@UModSys@@UEBAAEBUSUniquePointerInfo@core@5@XZ 0000000180007074 f i umodsys_lib_libui:umodsys.mod.ui.SDL_GL.obj
 0001:0000607c       ?root_get_interface_type@RVertexArray@SDL_GL@ui@modules@UModSys@@UEBAPEBUSUniquePointerInfo@core@5@XZ 000000018000707c f i umodsys_lib_libui:umodsys.mod.ui.SDL_GL.obj
 0001:00006084       ?root_get_other_interface@RVertexArray@SDL_GL@ui@modules@UModSys@@UEAAPEAUIRoot@core@5@PEBUSUniquePointerInfo@75@@Z 0000000180007084 f i umodsys_lib_libui:umodsys.mod.ui.SDL_GL.obj
 0001:00006084       ?root_get_other_interface@RVertexArray@SDL_GL@ui@modules@UModSys@@UEBAPEBUIRoot@core@5@PEBUSUniquePointerInfo@75@@Z 0000000180007084 f i umodsys_lib_libui:umodsys.mod.ui.SDL_GL.obj
 0001:000060b4       ?root_is_interface_supported@RVertexArray@SDL_GL@ui@modules@UModSys@@UEBA_NPEBUSUniquePointerInfo@core@5@@Z 00000001800070b4 f i umodsys_lib_libui:umodsys.mod.ui.SDL_GL.obj
 0001:000060e4       ?get_generated_names@RGenerator@SDL_GL@ui@modules@UModSys@@UEBAHAEAUSUniquePtrList@core@5@@Z 00000001800070e4 f i umodsys_lib_libui:umodsys.mod.ui.SDL_GL.obj
 0001:00006104       ?get_generated_types@RGenerator@SDL_GL@ui@modules@UModSys@@UEBAHAEAUSUniquePtrList@core@5@PEBUSUniquePointerInfo@75@@Z 0000000180007104 f i umodsys_lib_libui:umodsys.mod.ui.SDL_GL.obj
 0001:0000616c       ?generate@RGenerator@SDL_GL@ui@modules@UModSys@@UEAA_NAEAU?$TRefObject@UIRefObject@core@UModSys@@U?$TRefObjectFunc@UIRefObject@core@UModSys@@@tl@3@@tl@5@PEBUSUniquePointerInfo@core@5@AEBUSParameters@95@@Z 000000018000716c f i umodsys_lib_libui:umodsys.mod.ui.SDL_GL.obj
 0001:0000624c       ?root_get_interface_info@RGenerator@SDL_GL@ui@modules@UModSys@@UEBAAEBUSUniquePointerInfo@core@5@XZ 000000018000724c f i umodsys_lib_libui:umodsys.mod.ui.SDL_GL.obj
 0001:00006254       ?root_get_interface_type@RGenerator@SDL_GL@ui@modules@UModSys@@UEBAPEBUSUniquePointerInfo@core@5@XZ 0000000180007254 f i umodsys_lib_libui:umodsys.mod.ui.SDL_GL.obj
 0001:0000625c       ?root_get_other_interface@RGenerator@SDL_GL@ui@modules@UModSys@@UEAAPEAUIRoot@core@5@PEBUSUniquePointerInfo@75@@Z 000000018000725c f i umodsys_lib_libui:umodsys.mod.ui.SDL_GL.obj
 0001:0000625c       ?root_get_other_interface@RGenerator@SDL_GL@ui@modules@UModSys@@UEBAPEBUIRoot@core@5@PEBUSUniquePointerInfo@75@@Z 000000018000725c f i umodsys_lib_libui:umodsys.mod.ui.SDL_GL.obj
 0001:00006294       ?root_is_interface_supported@RGenerator@SDL_GL@ui@modules@UModSys@@UEBA_NPEBUSUniquePointerInfo@core@5@@Z 0000000180007294 f i umodsys_lib_libui:umodsys.mod.ui.SDL_GL.obj
 0001:000062cc       ?get_uid@RGenerator@SDL_GL@ui@modules@UModSys@@UEBAPEBUSUniquePointerInfo@core@5@XZ 00000001800072cc f i umodsys_lib_libui:umodsys.mod.ui.SDL_GL.obj
 0001:000062d4       ??1SWindow@SDL_core@ui@modules@UModSys@@QEAA@XZ 00000001800072d4 f   umodsys_lib_libui:umodsys.mod.ui.SDL_core.obj
 0001:000062d4       ??1SWindow@SDL_GL@ui@modules@UModSys@@QEAA@XZ 00000001800072d4 f   umodsys_lib_libui:umodsys.mod.ui.SDL_GL.obj
 0001:000062f8       ??_ERKeyboardController@SDL_GL@ui@modules@UModSys@@UEAAPEAXI@Z 00000001800072f8 f i  CIL library: CIL module
 0001:000062f8       ??_GRKeyboardController@SDL_GL@ui@modules@UModSys@@UEAAPEAXI@Z 00000001800072f8 f i umodsys_lib_libui:umodsys.mod.ui.SDL_GL.obj
 0001:00006328       ??1RKeyboardController@SDL_GL@ui@modules@UModSys@@UEAA@XZ 0000000180007328 f   umodsys_lib_libui:umodsys.mod.ui.SDL_GL.obj
 0001:00006370       ?process@RKeyboardController@SDL_core@ui@modules@UModSys@@QEAA_NAEAUSDL_TextInputEvent@@@Z 0000000180007370 f   umodsys_lib_libui:umodsys.mod.ui.SDL_core.obj
 0001:00006370       ?process@RKeyboardController@SDL_GL@ui@modules@UModSys@@QEAA_NAEAUSDL_TextInputEvent@@@Z 0000000180007370 f   umodsys_lib_libui:umodsys.mod.ui.SDL_GL.obj
 0001:00006444       ?mouse_unlink@RMouseController@SDL_GL@ui@modules@UModSys@@UEAA_NH@Z 0000000180007444 f   umodsys_lib_libui:umodsys.mod.ui.SDL_GL.obj
 0001:00006444       ?key_unlink@RKeyboardController@SDL_GL@ui@modules@UModSys@@UEAA_NH@Z 0000000180007444 f   umodsys_lib_libui:umodsys.mod.ui.SDL_GL.obj
 0001:00006444       ?mouse_unlink@RMouseController@SDL_core@ui@modules@UModSys@@UEAA_NH@Z 0000000180007444 f   umodsys_lib_libui:umodsys.mod.ui.SDL_core.obj
 0001:00006444       ?key_unlink@RKeyboardController@SDL_core@ui@modules@UModSys@@UEAA_NH@Z 0000000180007444 f   umodsys_lib_libui:umodsys.mod.ui.SDL_core.obj
 0001:0000649c       ?key_link@RKeyboardController@SDL_GL@ui@modules@UModSys@@UEAA_NHPEAUIRefObject@core@5@PEAUIKeyboardClient@libui@5@@Z 000000018000749c f   umodsys_lib_libui:umodsys.mod.ui.SDL_GL.obj
 0001:0000649c       ?key_link@RKeyboardController@SDL_core@ui@modules@UModSys@@UEAA_NHPEAUIRefObject@core@5@PEAUIKeyboardClient@libui@5@@Z 000000018000749c f   umodsys_lib_libui:umodsys.mod.ui.SDL_core.obj
 0001:00006504       ??_ERMouseController@SDL_GL@ui@modules@UModSys@@UEAAPEAXI@Z 0000000180007504 f i  CIL library: CIL module
 0001:00006504       ??_GRMouseController@SDL_GL@ui@modules@UModSys@@UEAAPEAXI@Z 0000000180007504 f i umodsys_lib_libui:umodsys.mod.ui.SDL_GL.obj
 0001:00006534       ??1RMouseController@SDL_GL@ui@modules@UModSys@@UEAA@XZ 0000000180007534 f   umodsys_lib_libui:umodsys.mod.ui.SDL_GL.obj
 0001:0000657c       ?process@RMouseController@SDL_core@ui@modules@UModSys@@QEAA_NAEAUSDL_MouseWheelEvent@@@Z 000000018000757c f   umodsys_lib_libui:umodsys.mod.ui.SDL_core.obj
 0001:0000657c       ?process@RMouseController@SDL_GL@ui@modules@UModSys@@QEAA_NAEAUSDL_MouseWheelEvent@@@Z 000000018000757c f   umodsys_lib_libui:umodsys.mod.ui.SDL_GL.obj
 0001:0000666c       ?mouse_link@RMouseController@SDL_core@ui@modules@UModSys@@UEAA_NHPEAUIRefObject@core@5@PEAUIMouseClient@libui@5@H@Z 000000018000766c f   umodsys_lib_libui:umodsys.mod.ui.SDL_core.obj
 0001:0000666c       ?mouse_link@RMouseController@SDL_GL@ui@modules@UModSys@@UEAA_NHPEAUIRefObject@core@5@PEAUIMouseClient@libui@5@H@Z 000000018000766c f   umodsys_lib_libui:umodsys.mod.ui.SDL_GL.obj
 0001:000066dc       ?mouse_setvisible@RMouseController@SDL_core@ui@modules@UModSys@@UEAA_N_N@Z 00000001800076dc f   umodsys_lib_libui:umodsys.mod.ui.SDL_core.obj
 0001:000066dc       ?mouse_setvisible@RMouseController@SDL_GL@ui@modules@UModSys@@UEAA_N_N@Z 00000001800076dc f   umodsys_lib_libui:umodsys.mod.ui.SDL_GL.obj
 0001:0000670c       ??_GRTerminal@SDL_GL@ui@modules@UModSys@@UEAAPEAXI@Z 000000018000770c f i umodsys_lib_libui:umodsys.mod.ui.SDL_GL.obj
 0001:0000670c       ??_ERTerminal@SDL_GL@ui@modules@UModSys@@UEAAPEAXI@Z 000000018000770c f i  CIL library: CIL module
 0001:0000673c       ??1RTerminal@SDL_GL@ui@modules@UModSys@@UEAA@XZ 000000018000773c f   umodsys_lib_libui:umodsys.mod.ui.SDL_GL.obj
 0001:0000678c       ?poll_events@RTerminal@SDL_GL@ui@modules@UModSys@@UEAA_NH@Z 000000018000778c f   umodsys_lib_libui:umodsys.mod.ui.SDL_GL.obj
 0001:0000678c       ?poll_events@RTerminal@SDL_core@ui@modules@UModSys@@UEAA_NH@Z 000000018000778c f   umodsys_lib_libui:umodsys.mod.ui.SDL_core.obj
 0001:000068bc       ?get_terminal_state@RTerminal@SDL_core@ui@modules@UModSys@@UEAA_NW4eTerminalState@libui@5@@Z 00000001800078bc f   umodsys_lib_libui:umodsys.mod.ui.SDL_core.obj
 0001:000068bc       ?get_terminal_state@RTerminal@SDL_GL@ui@modules@UModSys@@UEAA_NW4eTerminalState@libui@5@@Z 00000001800078bc f   umodsys_lib_libui:umodsys.mod.ui.SDL_GL.obj
 0001:000068cc       ?set_terminal_state@RTerminal@SDL_GL@ui@modules@UModSys@@UEAA_NW4eTerminalState@libui@5@_N@Z 00000001800078cc f   umodsys_lib_libui:umodsys.mod.ui.SDL_GL.obj
 0001:000068cc       ?set_terminal_state@RTerminal@SDL_core@ui@modules@UModSys@@UEAA_NW4eTerminalState@libui@5@_N@Z 00000001800078cc f   umodsys_lib_libui:umodsys.mod.ui.SDL_core.obj
 0001:00006940       ?get_clock@RTerminal@SDL_GL@ui@modules@UModSys@@UEAANXZ 0000000180007940 f   umodsys_lib_libui:umodsys.mod.ui.SDL_GL.obj
 0001:00006940       ?get_clock@RTerminal@SDL_core@ui@modules@UModSys@@UEAANXZ 0000000180007940 f   umodsys_lib_libui:umodsys.mod.ui.SDL_core.obj
 0001:0000695c       ?create_handler@RTerminal@SDL_GL@ui@modules@UModSys@@UEAA_NPEBUSUniquePointerInfo@core@5@AEAU?$TRefObject@UIRefObject@core@UModSys@@U?$TRefObjectFunc@UIRefObject@core@UModSys@@@tl@3@@tl@5@PEBDPEBUSParameters@75@@Z 000000018000795c f   umodsys_lib_libui:umodsys.mod.ui.SDL_GL.obj
 0001:0000695c       ?create_handler@RTerminal@SDL_core@ui@modules@UModSys@@UEAA_NPEBUSUniquePointerInfo@core@5@AEAU?$TRefObject@UIRefObject@core@UModSys@@U?$TRefObjectFunc@UIRefObject@core@UModSys@@@tl@3@@tl@5@PEBDPEBUSParameters@75@@Z 000000018000795c f   umodsys_lib_libui:umodsys.mod.ui.SDL_core.obj
 0001:000069f4       ??0RMultiImage2D_SDL_ttf@SDL_GL@ui@modules@UModSys@@QEAA@PEAURRenderDriver3D@1234@AEBUSParameters@core@4@@Z 00000001800079f4 f   umodsys_lib_libui:umodsys.mod.ui.SDL_GL.obj
 0001:00006b38       ??_GRMultiImage2D_SDL_ttf@SDL_GL@ui@modules@UModSys@@UEAAPEAXI@Z 0000000180007b38 f i umodsys_lib_libui:umodsys.mod.ui.SDL_GL.obj
 0001:00006b38       ??_ERMultiImage2D_SDL_ttf@SDL_GL@ui@modules@UModSys@@UEAAPEAXI@Z 0000000180007b38 f i  CIL library: CIL module
 0001:00006bb0       ?generate_glyphs@RMultiImage2D_SDL_ttf@SDL_GL@ui@modules@UModSys@@QEAA_NXZ 0000000180007bb0 f   umodsys_lib_libui:umodsys.mod.ui.SDL_GL.obj
 0001:00006d70       ?set_flags@SGLFuncs@SDL_GL@ui@modules@UModSys@@QEBAXPEBUTextureInfo@12345@AEBUSRenderMapFlags@lib3d@5@@Z 0000000180007d70 f i umodsys_lib_libui:umodsys.mod.ui.SDL_GL.obj
 0001:00006e64       ??1STextureGL@SDL_GL@ui@modules@UModSys@@QEAA@XZ 0000000180007e64 f   umodsys_lib_libui:umodsys.mod.ui.SDL_GL.obj
 0001:00006eec       ?gen@STextureGL@SDL_GL@ui@modules@UModSys@@QEAA_NXZ 0000000180007eec f   umodsys_lib_libui:umodsys.mod.ui.SDL_GL.obj
 0001:00006f48       ?set_size@STextureGL@SDL_GL@ui@modules@UModSys@@QEAAXHH@Z 0000000180007f48 f   umodsys_lib_libui:umodsys.mod.ui.SDL_GL.obj
 0001:0000701c       ?reupload@STextureGL@SDL_GL@ui@modules@UModSys@@QEAA_NXZ 000000018000801c f   umodsys_lib_libui:umodsys.mod.ui.SDL_GL.obj
 0001:000070d8       ?upload@STextureGL@SDL_GL@ui@modules@UModSys@@QEAA_NXZ 00000001800080d8 f   umodsys_lib_libui:umodsys.mod.ui.SDL_GL.obj
 0001:0000724c       ?set_reallocate@STextureGL@SDL_GL@ui@modules@UModSys@@QEAA_NW4eImageType@lib2d@5@HHPEBD@Z 000000018000824c f   umodsys_lib_libui:umodsys.mod.ui.SDL_GL.obj
 0001:00007348       ?new_texture@RMultiImage2D_SDL_ttf@SDL_GL@ui@modules@UModSys@@SA_NAEAUSTextureGL@2345@PEAUSDL_Surface@@PEAURRenderDriver3D@2345@@Z 0000000180008348 f   umodsys_lib_libui:umodsys.mod.ui.SDL_GL.obj
 0001:00007408       ??0RRenderDriver3D@SDL_GL@ui@modules@UModSys@@QEAA@PEAURTerminalX@1234@@Z 0000000180008408 f   umodsys_lib_libui:umodsys.mod.ui.SDL_GL.obj
 0001:000075fc       ??_GRRenderDriver3D@SDL_GL@ui@modules@UModSys@@UEAAPEAXI@Z 00000001800085fc f i umodsys_lib_libui:umodsys.mod.ui.SDL_GL.obj
 0001:000075fc       ??_ERRenderDriver3D@SDL_GL@ui@modules@UModSys@@UEAAPEAXI@Z 00000001800085fc f i  CIL library: CIL module
 0001:0000762c       ??1RRenderDriver3D@SDL_GL@ui@modules@UModSys@@UEAA@XZ 000000018000862c f   umodsys_lib_libui:umodsys.mod.ui.SDL_GL.obj
 0001:000076e4       ?Close@RRenderDriver3D@SDL_GL@ui@modules@UModSys@@QEAAXXZ 00000001800086e4 f   umodsys_lib_libui:umodsys.mod.ui.SDL_GL.obj
 0001:00007720       ?Open@RRenderDriver3D@SDL_GL@ui@modules@UModSys@@QEAA_NAEBUSParameters@core@5@@Z 0000000180008720 f   umodsys_lib_libui:umodsys.mod.ui.SDL_GL.obj
 0001:0000795c       ?new_font@RRenderDriver3D@SDL_GL@ui@modules@UModSys@@UEAA?AU?$TRefObject@UIMultiImage@lib2d@UModSys@@U?$TRefObjectFunc@UIMultiImage@lib2d@UModSys@@@tl@3@@tl@5@AEBUSParameters@core@5@AEBU?$TString@U?$TSCoreConst@D@su@tl@UModSys@@U?$TComparerBinaryHash@D@234@@75@@Z 000000018000895c f   umodsys_lib_libui:umodsys.mod.ui.SDL_GL.obj
 0001:00007ae4       ?get_max_values@RRenderDriver3D@SDL_GL@ui@modules@UModSys@@UEBAPEBUSParameters@core@5@XZ 0000000180008ae4 f   umodsys_lib_libui:umodsys.mod.ui.SDL_GL.obj
 0001:00007aec       ?get_frame_values@RRenderDriver3D@SDL_GL@ui@modules@UModSys@@UEBAPEBUSParameters@core@5@XZ 0000000180008aec f   umodsys_lib_libui:umodsys.mod.ui.SDL_GL.obj
 0001:00007af4       ?setup_font@RRenderDriver3D@SDL_GL@ui@modules@UModSys@@UEAA_NPEAUIMultiImage@lib2d@5@PEBU?$TVector2@M@math3d@5@@Z 0000000180008af4 f   umodsys_lib_libui:umodsys.mod.ui.SDL_GL.obj
 0001:00007bb8       ?setup_color@RRenderDriver3D@SDL_GL@ui@modules@UModSys@@UEAAXAEBU?$TVector3@M@math3d@5@@Z 0000000180008bb8 f   umodsys_lib_libui:umodsys.mod.ui.SDL_GL.obj
 0001:00007be8       ?setup_color@RRenderDriver3D@SDL_GL@ui@modules@UModSys@@UEAAXAEBU?$TVector3@H@math3d@5@@Z 0000000180008be8 f   umodsys_lib_libui:umodsys.mod.ui.SDL_GL.obj
 0001:00007c40       ?setup_coloralpha@RRenderDriver3D@SDL_GL@ui@modules@UModSys@@UEAAXAEBU?$TVector4@M@math3d@5@H@Z 0000000180008c40 f   umodsys_lib_libui:umodsys.mod.ui.SDL_GL.obj
 0001:00007c6c       ?setup_coloralpha@RRenderDriver3D@SDL_GL@ui@modules@UModSys@@UEAAXAEBU?$TVector4@H@math3d@5@H@Z 0000000180008c6c f   umodsys_lib_libui:umodsys.mod.ui.SDL_GL.obj
 0001:00007cd8       ?setup_blendcolor@RRenderDriver3D@SDL_GL@ui@modules@UModSys@@UEAAXAEBUSBlendColor@lib2d@5@@Z 0000000180008cd8 f   umodsys_lib_libui:umodsys.mod.ui.SDL_GL.obj
 0001:00007d48       ?setup_blendcolor@RRenderDriver3D@SDL_GL@ui@modules@UModSys@@UEAAXAEBUSBlendColorf@lib2d@5@@Z 0000000180008d48 f   umodsys_lib_libui:umodsys.mod.ui.SDL_GL.obj
 0001:00007d94       ?setup_alpha@RRenderDriver3D@SDL_GL@ui@modules@UModSys@@UEAAXHH@Z 0000000180008d94 f   umodsys_lib_libui:umodsys.mod.ui.SDL_GL.obj
 0001:00007dcc       ?setup_alpha@RRenderDriver3D@SDL_GL@ui@modules@UModSys@@UEAAXMH@Z 0000000180008dcc f   umodsys_lib_libui:umodsys.mod.ui.SDL_GL.obj
 0001:00007df4       ?render_text_advanced@RRenderDriver3D@SDL_GL@ui@modules@UModSys@@UEAA_NAEAUTextInfo@IRenderDriver@lib2d@5@PEBHH@Z 0000000180008df4 f   umodsys_lib_libui:umodsys.mod.ui.SDL_GL.obj
 0001:000080e0       ?render_box@RRenderDriver3D@SDL_GL@ui@modules@UModSys@@UEAAXAEBU?$TVector2@H@math3d@5@0@Z 00000001800090e0 f   umodsys_lib_libui:umodsys.mod.ui.SDL_GL.obj
 0001:00008198       ?render_tri@RRenderDriver3D@SDL_GL@ui@modules@UModSys@@UEAAXAEBU?$TVector2@H@math3d@5@00@Z 0000000180009198 f   umodsys_lib_libui:umodsys.mod.ui.SDL_GL.obj
 0001:0000824c       ?render_quad@RRenderDriver3D@SDL_GL@ui@modules@UModSys@@UEAAXAEBU?$TVector2@H@math3d@5@000@Z 000000018000924c f   umodsys_lib_libui:umodsys.mod.ui.SDL_GL.obj
 0001:00008318       ?render_box@RRenderDriver3D@SDL_GL@ui@modules@UModSys@@UEAAXPEAUIImage@lib2d@5@AEBU?$TVector2@H@math3d@5@1AEBU?$TVector2@M@95@2@Z 0000000180009318 f   umodsys_lib_libui:umodsys.mod.ui.SDL_GL.obj
 0001:0000836c       ?render_line@RRenderDriver3D@SDL_GL@ui@modules@UModSys@@UEAAXAEBU?$TVector2@H@math3d@5@0@Z 000000018000936c f   umodsys_lib_libui:umodsys.mod.ui.SDL_GL.obj
 0001:00008408       ?render_rect@RRenderDriver3D@SDL_GL@ui@modules@UModSys@@UEAAXAEBU?$TVector2@H@math3d@5@0@Z 0000000180009408 f   umodsys_lib_libui:umodsys.mod.ui.SDL_GL.obj
 0001:000084ec       ?begin@RRenderDriver3D@SDL_GL@ui@modules@UModSys@@UEAAXXZ 00000001800094ec f   umodsys_lib_libui:umodsys.mod.ui.SDL_GL.obj
 0001:00008720       ?end@RRenderDriver3D@SDL_GL@ui@modules@UModSys@@UEAAXXZ 0000000180009720 f   umodsys_lib_libui:umodsys.mod.ui.SDL_GL.obj
 0001:00008788       ?Mode_2d_begin@RRenderDriver3D@SDL_GL@ui@modules@UModSys@@QEAA_NXZ 0000000180009788 f   umodsys_lib_libui:umodsys.mod.ui.SDL_GL.obj
 0001:0000892c       ?Mode_2d_end@RRenderDriver3D@SDL_GL@ui@modules@UModSys@@QEAA_NXZ 000000018000992c f   umodsys_lib_libui:umodsys.mod.ui.SDL_GL.obj
 0001:00008968       ?create_array@RRenderDriver3D@SDL_GL@ui@modules@UModSys@@UEAA?AU?$TRefObject@UIVertexArray@lib3d@UModSys@@U?$TRefObjectFunc@UIVertexArray@lib3d@UModSys@@@tl@3@@tl@5@HQEBUSVertexElemInfo@lib3d@5@H@Z 0000000180009968 f   umodsys_lib_libui:umodsys.mod.ui.SDL_GL.obj
 0001:00008a9c       ?create_array@RRenderDriver3D@SDL_GL@ui@modules@UModSys@@UEAA?AU?$TRefObject@UIVertexArray@lib3d@UModSys@@U?$TRefObjectFunc@UIVertexArray@lib3d@UModSys@@@tl@3@@tl@5@HQEBUSVertexElemInfo@lib3d@5@HPEBX_K@Z 0000000180009a9c f   umodsys_lib_libui:umodsys.mod.ui.SDL_GL.obj
 0001:00008c74       ?map_2d_to_3d@RRenderDriver3D@SDL_GL@ui@modules@UModSys@@UEAA_NAEAU?$TVector2@M@math3d@5@AEBU?$TVector2@H@75@@Z 0000000180009c74 f   umodsys_lib_libui:umodsys.mod.ui.SDL_GL.obj
 0001:00008d2c       ?SetT@RRenderDriver3D@SDL_GL@ui@modules@UModSys@@QEAAXAEBU?$TMatrix44@N@math3d@5@_N@Z 0000000180009d2c f   umodsys_lib_libui:umodsys.mod.ui.SDL_GL.obj
 0001:00008f24       ?SetFrustum@RRenderDriver3D@SDL_GL@ui@modules@UModSys@@QEAA_NAEBU?$TVector3@N@math3d@5@NNNN_N@Z 0000000180009f24 f   umodsys_lib_libui:umodsys.mod.ui.SDL_GL.obj
 0001:00009050       ?camera_ortho@RRenderDriver3D@SDL_GL@ui@modules@UModSys@@UEAA_NAEBU?$TVector3@N@math3d@5@0@Z 000000018000a050 f   umodsys_lib_libui:umodsys.mod.ui.SDL_GL.obj
 0001:00009128       ?camera_frustum@RRenderDriver3D@SDL_GL@ui@modules@UModSys@@UEAA_NAEBU?$TVector3@N@math3d@5@0@Z 000000018000a128 f   umodsys_lib_libui:umodsys.mod.ui.SDL_GL.obj
 0001:00009178       ?camera_frustum@RRenderDriver3D@SDL_GL@ui@modules@UModSys@@UEAA_NAEBU?$TVector3@N@math3d@5@AEBU?$TVector2@M@75@NN@Z 000000018000a178 f   umodsys_lib_libui:umodsys.mod.ui.SDL_GL.obj
 0001:0000928c       ?setup_addlight@RRenderDriver3D@SDL_GL@ui@modules@UModSys@@UEAAHW4eLightType@lib3d@5@AEBUSLight@75@AEBU?$TMatrix44@N@math3d@5@@Z 000000018000a28c f   umodsys_lib_libui:umodsys.mod.ui.SDL_GL.obj
 0001:00009290       ?setup_T@RRenderDriver3D@SDL_GL@ui@modules@UModSys@@UEAAXAEBU?$TMatrix44@N@math3d@5@@Z 000000018000a290 f   umodsys_lib_libui:umodsys.mod.ui.SDL_GL.obj
 0001:000092f4       ?setup_array@RRenderDriver3D@SDL_GL@ui@modules@UModSys@@UEAA_NPEAUIVertexArray@lib3d@5@HH@Z 000000018000a2f4 f   umodsys_lib_libui:umodsys.mod.ui.SDL_GL.obj
 0001:000093d0       ?render_primitive@RRenderDriver3D@SDL_GL@ui@modules@UModSys@@UEAA_NW4eRenderPrimitiveType@lib3d@5@HH@Z 000000018000a3d0 f   umodsys_lib_libui:umodsys.mod.ui.SDL_GL.obj
 0001:00009498       ?render_particles@RRenderDriver3D@SDL_GL@ui@modules@UModSys@@UEAAXPEBUSObjectParticle@lib3d@5@@Z 000000018000a498 f   umodsys_lib_libui:umodsys.mod.ui.SDL_GL.obj
 0001:00009498       ?suicide@RGenerator@frames@ui@modules@UModSys@@UEAAXXZ 000000018000a498 f   umodsys_lib_libui:umodsys.mod.ui.frames.obj
 0001:00009498       ?h_glClientActiveTexture@SGLFuncs@SDL_GL@ui@modules@UModSys@@UEBAXH@Z 000000018000a498 f   umodsys_lib_libui:umodsys.mod.ui.SDL_GL.obj
 0001:00009498       ?suicide@RGenerator@SDL_core@ui@modules@UModSys@@UEAAXXZ 000000018000a498 f   umodsys_lib_libui:umodsys.mod.ui.SDL_core.obj
 0001:00009498       ?render_box@RRenderDriver2D@SDL_core@ui@modules@UModSys@@UEAAXPEAUIImage@lib2d@5@AEBU?$TVector2@H@math3d@5@1AEBU?$TVector2@M@95@2@Z 000000018000a498 f   umodsys_lib_libui:umodsys.mod.ui.SDL_core.obj
 0001:00009498       ?render_text_3d@RRenderDriver3D@SDL_GL@ui@modules@UModSys@@UEAAXPEBHH@Z 000000018000a498 f   umodsys_lib_libui:umodsys.mod.ui.SDL_GL.obj
 0001:00009498       ??3@YAXPEAX0@Z             000000018000a498 f   plugin_test1.obj
 0001:00009498       ?suicide@RGenerator@stdlib@lib2d@modules@UModSys@@UEAAXXZ 000000018000a498 f   umodsys_lib_lib2d:umodsys.mod.2d.stdlib.obj
 0001:00009498       ?suicide@RGenerator@images_std@media@modules@UModSys@@UEAAXXZ 000000018000a498 f   umodsys_lib_libmedia:umodsys.mod.media.images_std.obj
 0001:00009498       ?suicide@RGenerator@zlib@media@modules@UModSys@@UEAAXXZ 000000018000a498 f   umodsys_lib_libmedia:umodsys.mod.media.zlib.obj
 0001:00009498       ?suicide@RGenerator@serialize_json@media@modules@UModSys@@UEAAXXZ 000000018000a498 f   umodsys_lib_libmedia:umodsys.mod.media.serialize_json.obj
 0001:00009498       ?h_Rect@SGLFuncs@SDL_GL@ui@modules@UModSys@@UEBAXHHHH@Z 000000018000a498 f   umodsys_lib_libui:umodsys.mod.ui.SDL_GL.obj
 0001:00009498       ?render_picture@RRenderDriver3D@SDL_GL@ui@modules@UModSys@@UEAAXAEBUSPicture@lib3d@5@@Z 000000018000a498 f   umodsys_lib_libui:umodsys.mod.ui.SDL_GL.obj
 0001:00009498       ?suicide@RGenerator@SDL_GL@ui@modules@UModSys@@UEAAXXZ 000000018000a498 f   umodsys_lib_libui:umodsys.mod.ui.SDL_GL.obj
 0001:00009498       ?suicide@RGenerator@test1@test@modules@UModSys@@UEAAXXZ 000000018000a498 f   plugin_test1.obj
 0001:00009498       ?render_picture@RRenderDriver3D@SDL_GL@ui@modules@UModSys@@UEAAXAEBUSPicture@lib3d@5@0M@Z 000000018000a498 f   umodsys_lib_libui:umodsys.mod.ui.SDL_GL.obj
 0001:0000949c       ?phase_start@RRenderDriver3D@SDL_GL@ui@modules@UModSys@@UEAAXHH@Z 000000018000a49c f   umodsys_lib_libui:umodsys.mod.ui.SDL_GL.obj
 0001:00009604       ?phase_2d@RRenderDriver3D@SDL_GL@ui@modules@UModSys@@UEAAX_N@Z 000000018000a604 f   umodsys_lib_libui:umodsys.mod.ui.SDL_GL.obj
 0001:00009650       ?render_start@RRenderDriver3D@SDL_GL@ui@modules@UModSys@@UEAAXXZ 000000018000a650 f   umodsys_lib_libui:umodsys.mod.ui.SDL_GL.obj
 0001:000097e8       ?render_stop@RRenderDriver3D@SDL_GL@ui@modules@UModSys@@UEAAXXZ 000000018000a7e8 f   umodsys_lib_libui:umodsys.mod.ui.SDL_GL.obj
 0001:00009958       ?setup_2d@RRenderDriver3D@SDL_GL@ui@modules@UModSys@@UEAA_NPEBU?$TVector2@H@math3d@5@0PEBU?$TVector2@M@75@1@Z 000000018000a958 f   umodsys_lib_libui:umodsys.mod.ui.SDL_GL.obj
 0001:000099fc       ??0RVertexArray@SDL_GL@ui@modules@UModSys@@QEAA@PEAURRenderDriver3D@1234@_N1@Z 000000018000a9fc f   umodsys_lib_libui:umodsys.mod.ui.SDL_GL.obj
 0001:00009af8       ??_GRVertexArray@SDL_GL@ui@modules@UModSys@@UEAAPEAXI@Z 000000018000aaf8 f i umodsys_lib_libui:umodsys.mod.ui.SDL_GL.obj
 0001:00009af8       ??_ERVertexArray@SDL_GL@ui@modules@UModSys@@UEAAPEAXI@Z 000000018000aaf8 f i  CIL library: CIL module
 0001:00009bac       ?Free@RVertexArray@SDL_GL@ui@modules@UModSys@@QEAA_NXZ 000000018000abac f   umodsys_lib_libui:umodsys.mod.ui.SDL_GL.obj
 0001:00009c3c       ?Alloc@RVertexArray@SDL_GL@ui@modules@UModSys@@QEAA_NQEBUSVertexElemInfo@lib3d@5@HH_N@Z 000000018000ac3c f   umodsys_lib_libui:umodsys.mod.ui.SDL_GL.obj
 0001:00009fe0       ?Use@RVertexArray@SDL_GL@ui@modules@UModSys@@QEAA_NI@Z 000000018000afe0 f   umodsys_lib_libui:umodsys.mod.ui.SDL_GL.obj
 0001:0000a2cc       ?is_valid@RVertexArray@SDL_GL@ui@modules@UModSys@@UEBA_NXZ 000000018000b2cc f   umodsys_lib_libui:umodsys.mod.ui.SDL_GL.obj
 0001:0000a2d8       ?get_array_count@RVertexArray@SDL_GL@ui@modules@UModSys@@UEBAHXZ 000000018000b2d8 f   umodsys_lib_libui:umodsys.mod.ui.SDL_GL.obj
 0001:0000a2dc       ?get_layer_count@RVertexArray@SDL_GL@ui@modules@UModSys@@UEBAHXZ 000000018000b2dc f   umodsys_lib_libui:umodsys.mod.ui.SDL_GL.obj
 0001:0000a2e0       ?get_layer_info@RVertexArray@SDL_GL@ui@modules@UModSys@@UEBA?AUSVertexElemInfo@lib3d@5@H@Z 000000018000b2e0 f   umodsys_lib_libui:umodsys.mod.ui.SDL_GL.obj
 0001:0000a320       ?get_layer_vdata@RVertexArray@SDL_GL@ui@modules@UModSys@@UEBA_NW4eVertexAType@lib3d@5@PEAXHHH@Z 000000018000b320 f   umodsys_lib_libui:umodsys.mod.ui.SDL_GL.obj
[...]
 0001:00038ee8       ??__F?s_id@?$TObjectUniqueID@UIKeyboardController@libui@UModSys@@@tl@UModSys@@2USUniquePointer@core@3@A@@YAXXZ 0000000180039ee8 f    CIL library: CIL module
 0001:00038ef4       ??__F?s_id@?$TObjectUniqueID@UIConsoleHelperOutputFCS@base@UModSys@@@tl@UModSys@@2USUniquePointer@core@3@A@@YAXXZ 0000000180039ef4 f    CIL library: CIL module
 0001:00038f00       ??__F?s_id@?$TObjectUniqueID@UIConsoleHelperOutput@base@UModSys@@@tl@UModSys@@2USUniquePointer@core@3@A@@YAXXZ 0000000180039f00 f    CIL library: CIL module
 0001:00038f0c       ??__F?s_id@?$TObjectUniqueID@UIConsoleHelperInput@base@UModSys@@@tl@UModSys@@2USUniquePointer@core@3@A@@YAXXZ 0000000180039f0c f    CIL library: CIL module
 0001:00038f18       ??__F?s_id@?$TObjectUniqueID@UIConsoleHelperHistory@base@UModSys@@@tl@UModSys@@2USUniquePointer@core@3@A@@YAXXZ 0000000180039f18 f    CIL library: CIL module
 0001:00038f24       ??__F?s_id@?$TObjectUniqueID@UIConsoleHelper@base@UModSys@@@tl@UModSys@@2USUniquePointer@core@3@A@@YAXXZ 0000000180039f24 f    CIL library: CIL module
 0001:00038f30       ??__F?s_id@?$TObjectUniqueID@UIConsoleExt@base@UModSys@@@tl@UModSys@@2USUniquePointer@core@3@A@@YAXXZ 0000000180039f30 f    CIL library: CIL module
 0001:00038f3c       ??__F?s_id@?$TObjectUniqueID@UISerializeWriter@libmedia@UModSys@@@tl@UModSys@@2USUniquePointer@core@3@A@@YAXXZ 0000000180039f3c f    CIL library: CIL module
 0001:00038f48       ??__F?s_id@?$TObjectUniqueID@UISerializeReader@libmedia@UModSys@@@tl@UModSys@@2USUniquePointer@core@3@A@@YAXXZ 0000000180039f48 f    CIL library: CIL module
 0001:00038f54       ??__F?s_id@?$TObjectUniqueID@UIClient@IBinArchiveFrame@libmedia@UModSys@@@tl@UModSys@@2USUniquePointer@core@3@A@@YAXXZ 0000000180039f54 f    CIL library: CIL module
 0001:00038f60       ??__F?s_id@?$TObjectUniqueID@UIBinArchiveFrame@libmedia@UModSys@@@tl@UModSys@@2USUniquePointer@core@3@A@@YAXXZ 0000000180039f60 f    CIL library: CIL module
 0001:00038f6c       ??__F?s_id@?$TObjectUniqueID@UILibraryLayered@libmedia@UModSys@@@tl@UModSys@@2USUniquePointer@core@3@A@@YAXXZ 0000000180039f6c f    CIL library: CIL module
 0001:00038f78       ??__F?s_id@?$TObjectUniqueID@UILibraryObjCache@libmedia@UModSys@@@tl@UModSys@@2USUniquePointer@core@3@A@@YAXXZ 0000000180039f78 f    CIL library: CIL module
 0001:00038f84       ??__F?s_id@?$TObjectUniqueID@UILibraryObjFilter@libmedia@UModSys@@@tl@UModSys@@2USUniquePointer@core@3@A@@YAXXZ 0000000180039f84 f    CIL library: CIL module
 0001:00038f90       ??__F?s_id@?$TObjectUniqueID@UILibraryBinCache@libmedia@UModSys@@@tl@UModSys@@2USUniquePointer@core@3@A@@YAXXZ 0000000180039f90 f    CIL library: CIL module
 0001:00038f9c       ??__F?s_id@?$TObjectUniqueID@UILibraryBinTree@libmedia@UModSys@@@tl@UModSys@@2USUniquePointer@core@3@A@@YAXXZ 0000000180039f9c f    CIL library: CIL module
 0001:00038fa8       ??__F?s_id@?$TObjectUniqueID@UILibrary@libmedia@UModSys@@@tl@UModSys@@2USUniquePointer@core@3@A@@YAXXZ 0000000180039fa8 f    CIL library: CIL module
 0001:00038fb4       ??__F?s_id@?$TObjectUniqueID@UIBinObjFilter@libmedia@UModSys@@@tl@UModSys@@2USUniquePointer@core@3@A@@YAXXZ 0000000180039fb4 f    CIL library: CIL module
 0001:00038fc0       ??__F?s_id@?$TObjectUniqueID@UIBinArchive@libmedia@UModSys@@@tl@UModSys@@2USUniquePointer@core@3@A@@YAXXZ 0000000180039fc0 f    CIL library: CIL module
 0001:00038fcc       ??__F?s_id@?$TObjectUniqueID@UILibObject@libmedia@UModSys@@@tl@UModSys@@2USUniquePointer@core@3@A@@YAXXZ 0000000180039fcc f    CIL library: CIL module
 0001:00038fd8       ??__F?s_id@?$TObjectUniqueID@UIUtilities@libmedia@UModSys@@@tl@UModSys@@2USUniquePointer@core@3@A@@YAXXZ 0000000180039fd8 f    CIL library: CIL module
 0001:00038fe4       ??__F?s_id@?$TObjectUniqueID@UIStreamWriter@libmedia@UModSys@@@tl@UModSys@@2USUniquePointer@core@3@A@@YAXXZ 0000000180039fe4 f    CIL library: CIL module
 0001:00038ff0       ??__F?s_id@?$TObjectUniqueID@UIStreamReader@libmedia@UModSys@@@tl@UModSys@@2USUniquePointer@core@3@A@@YAXXZ 0000000180039ff0 f    CIL library: CIL module
 0001:00038ffc       ??__F?s_id@?$TObjectUniqueID@UISystem@base@UModSys@@@tl@UModSys@@2USUniquePointer@core@3@A@@YAXXZ 0000000180039ffc f    CIL library: CIL module
 0001:00039008       ??__F?s_id@?$TObjectUniqueID@UIShell@base@UModSys@@@tl@UModSys@@2USUniquePointer@core@3@A@@YAXXZ 000000018003a008 f    CIL library: CIL module
 0001:00039014       ??__F?s_id@?$TObjectUniqueID@UIGenerator@base@UModSys@@@tl@UModSys@@2USUniquePointer@core@3@A@@YAXXZ 000000018003a014 f    CIL library: CIL module
 0001:00039020       ??__F?s_id@?$TObjectUniqueID@UIModObject@base@UModSys@@@tl@UModSys@@2USUniquePointer@core@3@A@@YAXXZ 000000018003a020 f    CIL library: CIL module
 0001:0003902c       ??__F?s_id@?$TObjectUniqueID@UIModuleLibrary@base@UModSys@@@tl@UModSys@@2USUniquePointer@core@3@A@@YAXXZ 000000018003a02c f    CIL library: CIL module
 0001:00039038       ??__F?s_id@?$TObjectUniqueID@UIModule@base@UModSys@@@tl@UModSys@@2USUniquePointer@core@3@A@@YAXXZ 000000018003a038 f    CIL library: CIL module
 0001:00039044       ??__F?s_id@?$TObjectUniqueID@UIConsole@base@UModSys@@@tl@UModSys@@2USUniquePointer@core@3@A@@YAXXZ 000000018003a044 f    CIL library: CIL module
 0001:00039050       ??__F?s_id@?$TObjectUniqueID@UIParameters@core@UModSys@@@tl@UModSys@@2USUniquePointer@core@3@A@@YAXXZ 000000018003a050 f    CIL library: CIL module
 0001:0003905c       ??__F?s_id@?$TObjectUniqueID@UIRefObject@core@UModSys@@@tl@UModSys@@2USUniquePointer@core@3@A@@YAXXZ 000000018003a05c f    CIL library: CIL module
 0001:00039068       ??__F?s_id@?$TObjectUniqueID@UIRoot@core@UModSys@@@tl@UModSys@@2USUniquePointer@core@3@A@@YAXXZ 000000018003a068 f    CIL library: CIL module
 0001:00039074       ??__F?s_id@?$TObjectUniqueID@UIScene@lib3d@UModSys@@@tl@UModSys@@2USUniquePointer@core@3@A@@YAXXZ 000000018003a074 f    CIL library: CIL module
 0001:00039080       ??__F?s_id@?$TObjectUniqueID@UISceneController@lib3d@UModSys@@@tl@UModSys@@2USUniquePointer@core@3@A@@YAXXZ 000000018003a080 f    CIL library: CIL module
 0001:0003908c       ??__F?s_id@?$TObjectUniqueID@UINodeObject_Light@lib3d@UModSys@@@tl@UModSys@@2USUniquePointer@core@3@A@@YAXXZ 000000018003a08c f    CIL library: CIL module
 0001:00039098       ??__F?s_id@?$TObjectUniqueID@UINodeObject_Camera@lib3d@UModSys@@@tl@UModSys@@2USUniquePointer@core@3@A@@YAXXZ 000000018003a098 f    CIL library: CIL module
 0001:000390a4       ??__F?s_id@?$TObjectUniqueID@UINodeObject_Particles@lib3d@UModSys@@@tl@UModSys@@2USUniquePointer@core@3@A@@YAXXZ 000000018003a0a4 f    CIL library: CIL module
 0001:000390b0       ??__F?s_id@?$TObjectUniqueID@UINodeObject_Picture@lib3d@UModSys@@@tl@UModSys@@2USUniquePointer@core@3@A@@YAXXZ 000000018003a0b0 f    CIL library: CIL module
 0001:000390bc       ??__F?s_id@?$TObjectUniqueID@UINodeObject_Mesh@lib3d@UModSys@@@tl@UModSys@@2USUniquePointer@core@3@A@@YAXXZ 000000018003a0bc f    CIL library: CIL module
 0001:000390c8       ??__F?s_id@?$TObjectUniqueID@UINodeObject_Brush@lib3d@UModSys@@@tl@UModSys@@2USUniquePointer@core@3@A@@YAXXZ 000000018003a0c8 f    CIL library: CIL module
 0001:000390d4       ??__Fs_dbg@stdlib@lib2d@modules@UModSys@@YAXXZ 000000018003a0d4 f    CIL library: CIL module
 0001:000390f8       ??__F?s_modreg@RModuleReg@stdlib@lib2d@modules@UModSys@@2U12345@A@@YAXXZ 000000018003a0f8 f    CIL library: CIL module
 0001:00039108       ??__F?s_modreg_chain@RModuleReg@stdlib@lib2d@modules@UModSys@@2USModuleRegChain@base@5@A@@YAXXZ 000000018003a108 f    CIL library: CIL module
 0001:00039114       ??__F?s_uid@RGenerator@stdlib@lib2d@modules@UModSys@@2USUniquePointer@core@5@A@@YAXXZ 000000018003a114 f    CIL library: CIL module
 0001:00039120       ??__Fh@?1??s_holder@RGenerator@stdlib@lib2d@modules@UModSys@@SAAEAU?$TTypeStaticHolder@URGenerator@stdlib@lib2d@modules@UModSys@@@tl@5@XZ@YAXXZ 000000018003a120 f    CIL library: CIL module
 0001:00039148       ??__F?s_id@?$TObjectUniqueID@URGenerator@stdlib@lib2d@modules@UModSys@@@tl@UModSys@@2USUniquePointer@core@3@A@@YAXXZ 000000018003a148 f    CIL library: CIL module
 0001:00039154       ??__F?s_id@?$TObjectUniqueID@URMultiImage@stdlib@lib2d@modules@UModSys@@@tl@UModSys@@2USUniquePointer@core@3@A@@YAXXZ 000000018003a154 f    CIL library: CIL module
 0001:00039160       ??__F?s_id@?$TObjectUniqueID@URImageFactory_Memory@stdlib@lib2d@modules@UModSys@@@tl@UModSys@@2USUniquePointer@core@3@A@@YAXXZ 000000018003a160 f    CIL library: CIL module
 0001:0003916c       ??__F?s_id@?$TObjectUniqueID@URImage_Memory@stdlib@lib2d@modules@UModSys@@@tl@UModSys@@2USUniquePointer@core@3@A@@YAXXZ 000000018003a16c f    CIL library: CIL module
 0001:00039178       ??__Fs_dbg@SDL_GL@ui@modules@UModSys@@YAXXZ 000000018003a178 f    CIL library: CIL module
 0001:0003919c       ??__F?s_modreg@RModuleReg@SDL_GL@ui@modules@UModSys@@2U12345@A@@YAXXZ 000000018003a19c f    CIL library: CIL module
 0001:000391ac       ??__F?s_modreg_chain@RModuleReg@SDL_GL@ui@modules@UModSys@@2USModuleRegChain@base@5@A@@YAXXZ 000000018003a1ac f    CIL library: CIL module
 0001:000391b8       ??__F?s_uid@RGenerator@SDL_GL@ui@modules@UModSys@@2USUniquePointer@core@5@A@@YAXXZ 000000018003a1b8 f    CIL library: CIL module
 0001:000391c4       ??__Fh@?1??s_holder@RGenerator@SDL_GL@ui@modules@UModSys@@SAAEAU?$TTypeStaticHolder@URGenerator@SDL_GL@ui@modules@UModSys@@@tl@5@XZ@YAXXZ 000000018003a1c4 f    CIL library: CIL module
 0001:000391ec       ??__F?s_id@?$TObjectUniqueID@URGenerator@SDL_GL@ui@modules@UModSys@@@tl@UModSys@@2USUniquePointer@core@3@A@@YAXXZ 000000018003a1ec f    CIL library: CIL module
 0001:000391f8       ??__F?s_id@?$TObjectUniqueID@URVertexArray@SDL_GL@ui@modules@UModSys@@@tl@UModSys@@2USUniquePointer@core@3@A@@YAXXZ 000000018003a1f8 f    CIL library: CIL module
 0001:00039204       ??__F?s_id@?$TObjectUniqueID@URTerminalX@SDL_GL@ui@modules@UModSys@@@tl@UModSys@@2USUniquePointer@core@3@A@@YAXXZ 000000018003a204 f    CIL library: CIL module
 0001:00039210       ??__F?s_id@?$TObjectUniqueID@URRenderDriver3D@SDL_GL@ui@modules@UModSys@@@tl@UModSys@@2USUniquePointer@core@3@A@@YAXXZ 000000018003a210 f    CIL library: CIL module
 0001:0003921c       ??__F?s_id@?$TObjectUniqueID@URMultiImage2D_SDL_ttf@SDL_GL@ui@modules@UModSys@@@tl@UModSys@@2USUniquePointer@core@3@A@@YAXXZ 000000018003a21c f    CIL library: CIL module
 0001:00039228       ??__F?s_id@?$TObjectUniqueID@URTerminal@SDL_GL@ui@modules@UModSys@@@tl@UModSys@@2USUniquePointer@core@3@A@@YAXXZ 000000018003a228 f    CIL library: CIL module
 0001:00039234       ??__F?s_id@?$TObjectUniqueID@URMouseController@SDL_GL@ui@modules@UModSys@@@tl@UModSys@@2USUniquePointer@core@3@A@@YAXXZ 000000018003a234 f    CIL library: CIL module
 0001:00039240       ??__F?s_id@?$TObjectUniqueID@URKeyboardController@SDL_GL@ui@modules@UModSys@@@tl@UModSys@@2USUniquePointer@core@3@A@@YAXXZ 000000018003a240 f    CIL library: CIL module
 0001:0003924c       ??__Fs_dbg@SDL_core@ui@modules@UModSys@@YAXXZ 000000018003a24c f    CIL library: CIL module
 0001:00039270       ??__F?s_modreg@RModuleReg@SDL_core@ui@modules@UModSys@@2U12345@A@@YAXXZ 000000018003a270 f    CIL library: CIL module
 0001:00039280       ??__F?s_modreg_chain@RModuleReg@SDL_core@ui@modules@UModSys@@2USModuleRegChain@base@5@A@@YAXXZ 000000018003a280 f    CIL library: CIL module
 0001:0003928c       ??__F?s_uid@RGenerator@SDL_core@ui@modules@UModSys@@2USUniquePointer@core@5@A@@YAXXZ 000000018003a28c f    CIL library: CIL module
 0001:00039298       ??__Fh@?1??s_holder@RGenerator@SDL_core@ui@modules@UModSys@@SAAEAU?$TTypeStaticHolder@URGenerator@SDL_core@ui@modules@UModSys@@@tl@5@XZ@YAXXZ 000000018003a298 f    CIL library: CIL module
 0001:000392c0       ??__F?s_id@?$TObjectUniqueID@URGenerator@SDL_core@ui@modules@UModSys@@@tl@UModSys@@2USUniquePointer@core@3@A@@YAXXZ 000000018003a2c0 f    CIL library: CIL module
 0001:000392cc       ??__F?s_id@?$TObjectUniqueID@URTerminalX@SDL_core@ui@modules@UModSys@@@tl@UModSys@@2USUniquePointer@core@3@A@@YAXXZ 000000018003a2cc f    CIL library: CIL module
 0001:000392d8       ??__F?s_id@?$TObjectUniqueID@URRenderDriver2D@SDL_core@ui@modules@UModSys@@@tl@UModSys@@2USUniquePointer@core@3@A@@YAXXZ 000000018003a2d8 f    CIL library: CIL module
 0001:000392e4       ??__F?s_id@?$TObjectUniqueID@URMultiImage2D_SDL_ttf@SDL_core@ui@modules@UModSys@@@tl@UModSys@@2USUniquePointer@core@3@A@@YAXXZ 000000018003a2e4 f    CIL library: CIL module
 0001:000392f0       ??__F?s_id@?$TObjectUniqueID@URTerminal@SDL_core@ui@modules@UModSys@@@tl@UModSys@@2USUniquePointer@core@3@A@@YAXXZ 000000018003a2f0 f    CIL library: CIL module
 0001:000392fc       ??__F?s_id@?$TObjectUniqueID@URMouseController@SDL_core@ui@modules@UModSys@@@tl@UModSys@@2USUniquePointer@core@3@A@@YAXXZ 000000018003a2fc f    CIL library: CIL module
 0001:00039308       ??__F?s_id@?$TObjectUniqueID@URKeyboardController@SDL_core@ui@modules@UModSys@@@tl@UModSys@@2USUniquePointer@core@3@A@@YAXXZ 000000018003a308 f    CIL library: CIL module
 0001:00039314       ??__Fs_dbg@frames@ui@modules@UModSys@@YAXXZ 000000018003a314 f    CIL library: CIL module
 0001:00039338       ??__F?s_modreg@RModuleReg@frames@ui@modules@UModSys@@2U12345@A@@YAXXZ 000000018003a338 f    CIL library: CIL module
 0001:00039348       ??__F?s_modreg_chain@RModuleReg@frames@ui@modules@UModSys@@2USModuleRegChain@base@5@A@@YAXXZ 000000018003a348 f    CIL library: CIL module
 0001:00039354       ??__F?s_uid@RGenerator@frames@ui@modules@UModSys@@2USUniquePointer@core@5@A@@YAXXZ 000000018003a354 f    CIL library: CIL module
 0001:00039360       ??__Fh@?1??s_holder@RGenerator@frames@ui@modules@UModSys@@SAAEAU?$TTypeStaticHolder@URGenerator@frames@ui@modules@UModSys@@@tl@5@XZ@YAXXZ 000000018003a360 f    CIL library: CIL module
 0001:00039388       ??__F?s_id@?$TObjectUniqueID@URGenerator@frames@ui@modules@UModSys@@@tl@UModSys@@2USUniquePointer@core@3@A@@YAXXZ 000000018003a388 f    CIL library: CIL module
 0001:00039394       ??__F?s_id@?$TObjectUniqueID@URCollector@frames@ui@modules@UModSys@@@tl@UModSys@@2USUniquePointer@core@3@A@@YAXXZ 000000018003a394 f    CIL library: CIL module
 0001:000393a0       ??__F?s_id@?$TObjectUniqueID@URFrame_List@frames@ui@modules@UModSys@@@tl@UModSys@@2USUniquePointer@core@3@A@@YAXXZ 000000018003a3a0 f    CIL library: CIL module
 0001:000393ac       ??__F?s_id@?$TObjectUniqueID@URFrame_Edit@frames@ui@modules@UModSys@@@tl@UModSys@@2USUniquePointer@core@3@A@@YAXXZ 000000018003a3ac f    CIL library: CIL module
 0001:000393b8       ??__F?s_id@?$TObjectUniqueID@URFrame_Button@frames@ui@modules@UModSys@@@tl@UModSys@@2USUniquePointer@core@3@A@@YAXXZ 000000018003a3b8 f    CIL library: CIL module
 0001:000393c4       ??__F?s_id@?$TObjectUniqueID@URFrame_Text@frames@ui@modules@UModSys@@@tl@UModSys@@2USUniquePointer@core@3@A@@YAXXZ 000000018003a3c4 f    CIL library: CIL module
 0001:000393d0       ??__F?s_id@?$TObjectUniqueID@URFrame_Image@frames@ui@modules@UModSys@@@tl@UModSys@@2USUniquePointer@core@3@A@@YAXXZ 000000018003a3d0 f    CIL library: CIL module
 0001:000393dc       ??__F?s_id@?$TObjectUniqueID@URFrame_Frame@frames@ui@modules@UModSys@@@tl@UModSys@@2USUniquePointer@core@3@A@@YAXXZ 000000018003a3dc f    CIL library: CIL module
 0001:000393e8       ??__F?s_id@?$TObjectUniqueID@URDialog@frames@ui@modules@UModSys@@@tl@UModSys@@2USUniquePointer@core@3@A@@YAXXZ 000000018003a3e8 f    CIL library: CIL module
 0001:000393f4       ??__F?s_id@?$TObjectUniqueID@URFrame_Common@frames@ui@modules@UModSys@@@tl@UModSys@@2USUniquePointer@core@3@A@@YAXXZ 000000018003a3f4 f    CIL library: CIL module
 0001:00039400       ??__Fs_dbg@images_std@media@modules@UModSys@@YAXXZ 000000018003a400 f    CIL library: CIL module
 0001:00039424       ??__F?s_modreg@RModuleReg@images_std@media@modules@UModSys@@2U12345@A@@YAXXZ 000000018003a424 f    CIL library: CIL module
 0001:00039434       ??__F?s_modreg_chain@RModuleReg@images_std@media@modules@UModSys@@2USModuleRegChain@base@5@A@@YAXXZ 000000018003a434 f    CIL library: CIL module
 0001:00039440       ??__F?s_uid@RGenerator@images_std@media@modules@UModSys@@2USUniquePointer@core@5@A@@YAXXZ 000000018003a440 f    CIL library: CIL module
 0001:0003944c       ??__Fh@?1??s_holder@RGenerator@images_std@media@modules@UModSys@@SAAEAU?$TTypeStaticHolder@URGenerator@images_std@media@modules@UModSys@@@tl@5@XZ@YAXXZ 000000018003a44c f    CIL library: CIL module
 0001:00039474       ??__F?s_id@?$TObjectUniqueID@URGenerator@images_std@media@modules@UModSys@@@tl@UModSys@@2USUniquePointer@core@3@A@@YAXXZ 000000018003a474 f    CIL library: CIL module
 0001:00039480       ??__F?s_id@?$TObjectUniqueID@URMediaFilter@images_std@media@modules@UModSys@@@tl@UModSys@@2USUniquePointer@core@3@A@@YAXXZ 000000018003a480 f    CIL library: CIL module
 0001:0003948c       ??__Fs_dbg@serialize_json@media@modules@UModSys@@YAXXZ 000000018003a48c f    CIL library: CIL module
 0001:000394b0       ??__F?s_modreg@RModuleReg@serialize_json@media@modules@UModSys@@2U12345@A@@YAXXZ 000000018003a4b0 f    CIL library: CIL module
 0001:000394c0       ??__F?s_modreg_chain@RModuleReg@serialize_json@media@modules@UModSys@@2USModuleRegChain@base@5@A@@YAXXZ 000000018003a4c0 f    CIL library: CIL module
 0001:000394cc       ??__F?s_uid@RGenerator@serialize_json@media@modules@UModSys@@2USUniquePointer@core@5@A@@YAXXZ 000000018003a4cc f    CIL library: CIL module
 0001:000394d8       ??__Fh@?1??s_holder@RGenerator@serialize_json@media@modules@UModSys@@SAAEAU?$TTypeStaticHolder@URGenerator@serialize_json@media@modules@UModSys@@@tl@5@XZ@YAXXZ 000000018003a4d8 f    CIL library: CIL module
 0001:00039500       ??__F?s_id@?$TObjectUniqueID@URGenerator@serialize_json@media@modules@UModSys@@@tl@UModSys@@2USUniquePointer@core@3@A@@YAXXZ 000000018003a500 f    CIL library: CIL module
 0001:0003950c       ??__F?s_id@?$TObjectUniqueID@URSerializeWriter@serialize_json@media@modules@UModSys@@@tl@UModSys@@2USUniquePointer@core@3@A@@YAXXZ 000000018003a50c f    CIL library: CIL module
 0001:00039518       ??__F?s_id@?$TObjectUniqueID@URSerializeReader@serialize_json@media@modules@UModSys@@@tl@UModSys@@2USUniquePointer@core@3@A@@YAXXZ 000000018003a518 f    CIL library: CIL module
 0001:00039524       ??__Fs_dbg@zlib@media@modules@UModSys@@YAXXZ 000000018003a524 f    CIL library: CIL module
 0001:00039548       ??__F?s_modreg@RModuleReg@zlib@media@modules@UModSys@@2U12345@A@@YAXXZ 000000018003a548 f    CIL library: CIL module
 0001:00039558       ??__F?s_modreg_chain@RModuleReg@zlib@media@modules@UModSys@@2USModuleRegChain@base@5@A@@YAXXZ 000000018003a558 f    CIL library: CIL module
 0001:00039564       ??__F?s_uid@RGenerator@zlib@media@modules@UModSys@@2USUniquePointer@core@5@A@@YAXXZ 000000018003a564 f    CIL library: CIL module
 0001:00039570       ??__Fh@?1??s_holder@RGenerator@zlib@media@modules@UModSys@@SAAEAU?$TTypeStaticHolder@URGenerator@zlib@media@modules@UModSys@@@tl@5@XZ@YAXXZ 000000018003a570 f    CIL library: CIL module
 0001:00039598       ??__F?s_id@?$TObjectUniqueID@URGenerator@zlib@media@modules@UModSys@@@tl@UModSys@@2USUniquePointer@core@3@A@@YAXXZ 000000018003a598 f    CIL library: CIL module
 0001:000395a4       ??__F?s_id@?$TObjectUniqueID@URBinArchiveFrameClient_ZIP@zlib@media@modules@UModSys@@@tl@UModSys@@2USUniquePointer@core@3@A@@YAXXZ 000000018003a5a4 f    CIL library: CIL module
 0001:000395b0       ??__FM@UModSys@@YAXXZ      000000018003a5b0 f    CIL library: CIL module
 0001:000395b4       ??__F?root@SModuleRegChain@base@UModSys@@2U123@A@@YAXXZ 000000018003a5b4 f    CIL library: CIL module
 0001:000395c0       ??__F?s_library@RModuleLibraryReg_Chain@base@UModSys@@2U123@A@@YAXXZ 000000018003a5c0 f    CIL library: CIL module
 0001:000395d0       ??__F?root@SUniquePointer@core@UModSys@@2U123@A@@YAXXZ 000000018003a5d0 f    CIL library: CIL module

 Exports

  ordinal    name

        1    UModSys_Plugin_Entry2
