 plugin_test1

 Timestamp is 52cffca1 (Fri Jan 10 16:58:57 2014)

 Preferred load address is 0000000180000000

 Start         Length     Name                   Class
 0001:00000000 0001b560H .text                   CODE
 0001:0001b560 0000005eH .text$00                CODE
 0001:0001b5c0 000019cfH .text$x                 CODE
 0001:0001cf90 00001508H .text$yc                CODE
 0001:0001e498 00000604H .text$yd                CODE
 0002:00000000 00000398H .idata$5                DATA
 0002:00000398 00000008H .CRT$XCA                DATA
 0002:000003a0 00001220H .CRT$XCU                DATA
 0002:000015c0 00000008H .CRT$XCZ                DATA
 0002:000015c8 00000008H .CRT$XIA                DATA
 0002:000015d0 00000008H .CRT$XIAA               DATA
 0002:000015d8 00000008H .CRT$XIZ                DATA
 0002:000015e0 00004ae8H .rdata                  DATA
 0002:000060d0 00002a74H .rdata$r                DATA
 0002:00008b48 00000008H .rtc$IAA                DATA
 0002:00008b50 00000008H .rtc$IZZ                DATA
 0002:00008b58 00000008H .rtc$TAA                DATA
 0002:00008b60 00000008H .rtc$TZZ                DATA
 0002:00008b68 00002fb0H .xdata                  DATA
 0002:0000bb18 00000078H .idata$2                DATA
 0002:0000bb90 00000014H .idata$3                DATA
 0002:0000bba8 00000398H .idata$4                DATA
 0002:0000bf40 00000808H .idata$6                DATA
 0002:0000c750 00000059H .edata                  DATA
 0003:00000000 00001450H .data                   DATA
 0003:00001450 00001df0H .bss                    DATA
 0004:00000000 0000213cH .pdata                  DATA

  Address         Publics by Value              Rva+Base               Lib:Object

 0000:00000000       ___safe_se_handler_table   0000000000000000     <absolute>
 0000:00000000       ___safe_se_handler_count   0000000000000000     <absolute>
 0000:00000000       __ImageBase                0000000180000000     <linker-defined>
 0001:00000000       ??1SCMemShared@core@UModSys@@QEAA@XZ 0000000180001000 f i plugin_test1.obj
 0001:00000000       ??1State@RImage_Memory@stdlib@lib2d@modules@UModSys@@QEAA@XZ 0000000180001000 f i umodsys_lib_lib2d:umodsys.mod.2d.stdlib.obj
 0001:00000000       ??1SMemShared@core@UModSys@@QEAA@XZ 0000000180001000 f i plugin_test1.obj
 0001:00000030       ??6SUniquePtrList@core@UModSys@@QEAAAEAU012@PEBUSUniquePointerInfo@12@@Z 0000000180001030 f i plugin_test1.obj
 0001:000000e8       ??3IRoot@core@UModSys@@SAXPEAXAEBUSIMemAlloc@12@@Z 00000001800010e8 f i plugin_test1.obj
 0001:00000114       ??4SFileInfo@libmedia@UModSys@@QEAAAEBU012@AEBU012@@Z 0000000180001114 f i plugin_test1.obj
 0001:000001cc       ?mount_add@ILibraryBinTree@libmedia@UModSys@@QEAA_NAEBU?$TString@U?$TSCoreConst@D@su@tl@UModSys@@U?$TComparerBinaryHash@D@234@@tl@3@PEAUIBinArchive@23@H@Z 00000001800011cc f i plugin_test1.obj
 0001:00000264       ?mount_add@ILibraryBinTree@libmedia@UModSys@@QEAA_NAEBU?$TString@U?$TSCoreConst@D@su@tl@UModSys@@U?$TComparerBinaryHash@D@234@@tl@3@HPEAUIBinArchive@23@H@Z 0000000180001264 f i plugin_test1.obj
 0001:0000030c       ?layer_push@ILibraryLayered@libmedia@UModSys@@QEAA_NPEAUILibrary@23@HAEBU?$TString@U?$TSCoreConst@D@su@tl@UModSys@@U?$TComparerBinaryHash@D@234@@tl@3@@Z 000000018000130c f i plugin_test1.obj
 0001:0000039c       ??1SLayer@ILibraryLayered@libmedia@UModSys@@QEAA@XZ 000000018000139c f i plugin_test1.obj
 0001:0000039c       ??1SPoint@ILibraryBinTree@libmedia@UModSys@@QEAA@XZ 000000018000139c f i plugin_test1.obj
 0001:000003c0       ??1IBinObjFilter@libmedia@UModSys@@UEAA@XZ 00000001800013c0 f i plugin_test1.obj
 0001:000003fc       ?root_get_interface_info@RTest1_Shell@test1@test@modules@UModSys@@UEBAAEBUSUniquePointerInfo@core@5@XZ 00000001800013fc f i plugin_test1.obj
 0001:00000404       ?root_get_interface_type@RTest1_Shell@test1@test@modules@UModSys@@UEBAPEBUSUniquePointerInfo@core@5@XZ 0000000180001404 f i plugin_test1.obj
 0001:0000040c       ?root_get_other_interface@RTest1_Shell@test1@test@modules@UModSys@@UEBAPEBUIRoot@core@5@PEBUSUniquePointerInfo@75@@Z 000000018000140c f i plugin_test1.obj
 0001:0000040c       ?root_get_other_interface@RTest1_Shell@test1@test@modules@UModSys@@UEAAPEAUIRoot@core@5@PEBUSUniquePointerInfo@75@@Z 000000018000140c f i plugin_test1.obj
 0001:0000043c       ?root_is_interface_supported@RTest1_Shell@test1@test@modules@UModSys@@UEBA_NPEBUSUniquePointerInfo@core@5@@Z 000000018000143c f i plugin_test1.obj
 0001:0000046c       ?ref_add@RTest1_Shell@test1@test@modules@UModSys@@UEBAXXZ 000000018000146c f i plugin_test1.obj
 0001:00000470       ?ref_remove@RTest1_Shell@test1@test@modules@UModSys@@UEBAXXZ 0000000180001470 f i plugin_test1.obj
 0001:00000488       ?ref_links@RTest1_Shell@test1@test@modules@UModSys@@UEBAHXZ 0000000180001488 f i plugin_test1.obj
 0001:0000048c       ?ref_weak@RTest1_Shell@test1@test@modules@UModSys@@UEBA_NAEAUWeakPointer@IRefObject@core@5@@Z 000000018000148c f i plugin_test1.obj
 0001:000004ac       ?suicide@RTest1_Shell@test1@test@modules@UModSys@@UEAAXXZ 00000001800014ac f i plugin_test1.obj
 0001:000004f8       ??0RTest1_Shell@test1@test@modules@UModSys@@QEAA@PEAUIModObject@base@4@@Z 00000001800014f8 f i plugin_test1.obj
 0001:00000630       ?connect@RTest1_Shell@test1@test@modules@UModSys@@UEAA_NXZ 0000000180001630 f i plugin_test1.obj
 0001:00000654       ?disconnect@RTest1_Shell@test1@test@modules@UModSys@@UEAA_NXZ 0000000180001654 f i plugin_test1.obj
 0001:00000678       ?process_tick@RTest1_Shell@test1@test@modules@UModSys@@UEAA_NAEBUSTimeMsec@core@5@@Z 0000000180001678 f i plugin_test1.obj
 0001:000006b0       ?process_command@RTest1_Shell@test1@test@modules@UModSys@@UEAA_NHQEBU?$TString@U?$TSCoreConst@D@su@tl@UModSys@@U?$TComparerBinaryHash@D@234@@tl@5@@Z 00000001800016b0 f i plugin_test1.obj
 0001:000006d4       ??_ERTest1_Shell@test1@test@modules@UModSys@@UEAAPEAXI@Z 00000001800016d4 f i  CIL library: CIL module
 0001:000006d4       ??_GRTest1_Shell@test1@test@modules@UModSys@@UEAAPEAXI@Z 00000001800016d4 f i plugin_test1.obj
 0001:00000798       ??1SParameters@core@UModSys@@QEAA@XZ 0000000180001798 f i plugin_test1.obj
 0001:00000798       ??1?$TParametersA@$0BAA@@core@UModSys@@QEAA@XZ 0000000180001798 f i umodsys_lib_libui:umodsys.mod.ui.SDL_core.obj
 0001:00000798       ??1?$TParametersA@$0BAL@@core@UModSys@@QEAA@XZ 0000000180001798 f i umodsys_lib_lib2d:umodsys.mod.2d.stdlib.obj
 0001:00000798       ??1?$TParametersA@$0EAA@@core@UModSys@@QEAA@XZ 0000000180001798 f i plugin_test1.obj
 0001:000007b4       ?new_mem_imagefactory@RTest1_Shell@test1@test@modules@UModSys@@QEAA?AU?$TRefObject@UIImageFactory@lib2d@UModSys@@U?$TRefObjectFunc@UIImageFactory@lib2d@UModSys@@@tl@3@@tl@5@XZ 00000001800017b4 f   plugin_test1.obj
 0001:00000890       ?new_mem_multiimage@RTest1_Shell@test1@test@modules@UModSys@@QEAA?AU?$TRefObject@UIMultiImage@lib2d@UModSys@@U?$TRefObjectFunc@UIMultiImage@lib2d@UModSys@@@tl@3@@tl@5@PEAUIImageFactory@lib2d@5@@Z 0000000180001890 f   plugin_test1.obj
 0001:00000998       ?media_arch_stdio@RTest1_Shell@test1@test@modules@UModSys@@QEAA?AU?$TRefObject@UIBinArchive@libmedia@UModSys@@U?$TRefObjectFunc@UIBinArchive@libmedia@UModSys@@@tl@3@@tl@5@AEBU?$TString@U?$TSCoreConst@D@su@tl@UModSys@@U?$TComparerBinaryHash@D@234@@75@@Z 0000000180001998 f   plugin_test1.obj
 0001:00000a9c       ?media_arch_zip@RTest1_Shell@test1@test@modules@UModSys@@QEAA?AU?$TRefObject@UIBinArchive@libmedia@UModSys@@U?$TRefObjectFunc@UIBinArchive@libmedia@UModSys@@@tl@3@@tl@5@PEAUILibrary@libmedia@5@PEAUIUtilities@95@AEBU?$TString@U?$TSCoreConst@D@su@tl@UModSys@@U?$TComparerBinaryHash@D@234@@75@_N@Z 0000000180001a9c f   plugin_test1.obj
 0001:00000d44       ?media_filter_new@RTest1_Shell@test1@test@modules@UModSys@@QEAA?AU?$TRefObject@UIBinObjFilter@libmedia@UModSys@@U?$TRefObjectFunc@UIBinObjFilter@libmedia@UModSys@@@tl@3@@tl@5@AEBU?$TString@U?$TSCoreConst@D@su@tl@UModSys@@U?$TComparerBinaryHash@D@234@@75@AEBUSParameters@core@5@@Z 0000000180001d44 f   plugin_test1.obj
 0001:00000e20       ?media_utils@RTest1_Shell@test1@test@modules@UModSys@@QEAA?AU?$TRefObject@UIUtilities@libmedia@UModSys@@U?$TRefObjectFunc@UIUtilities@libmedia@UModSys@@@tl@3@@tl@5@XZ 0000000180001e20 f   plugin_test1.obj
 0001:00000efc       ?media_vfs@RTest1_Shell@test1@test@modules@UModSys@@QEAA?AU?$TRefObject@UILibraryBinTree@libmedia@UModSys@@U?$TRefObjectFunc@UILibraryBinTree@libmedia@UModSys@@@tl@3@@tl@5@XZ 0000000180001efc f   plugin_test1.obj
 0001:00000fd8       ?media_flt@RTest1_Shell@test1@test@modules@UModSys@@QEAA?AU?$TRefObject@UILibraryObjFilter@libmedia@UModSys@@U?$TRefObjectFunc@UILibraryObjFilter@libmedia@UModSys@@@tl@3@@tl@5@XZ 0000000180001fd8 f   plugin_test1.obj
 0001:000010b4       ?media_lay@RTest1_Shell@test1@test@modules@UModSys@@QEAA?AU?$TRefObject@UILibraryLayered@libmedia@UModSys@@U?$TRefObjectFunc@UILibraryLayered@libmedia@UModSys@@@tl@3@@tl@5@XZ 00000001800020b4 f   plugin_test1.obj
 0001:00001190       ?media_cache@RTest1_Shell@test1@test@modules@UModSys@@QEAA?AU?$TRefObject@UILibrary@libmedia@UModSys@@U?$TRefObjectFunc@UILibrary@libmedia@UModSys@@@tl@3@@tl@5@_N@Z 0000000180002190 f   plugin_test1.obj
 0001:00001334       ?file_test7@RTest1_Shell@test1@test@modules@UModSys@@QEAAXXZ 0000000180002334 f   plugin_test1.obj
 0001:00002220       ?key_pressed@RTest1_Shell@test1@test@modules@UModSys@@UEAA_NAEBUSKeyboardInputRaw@libui@5@@Z 0000000180003220 f   plugin_test1.obj
 0001:00002280       ?key_text@RTest1_Shell@test1@test@modules@UModSys@@UEAA_NAEBUSKeyboardInputText@libui@5@@Z 0000000180003280 f   plugin_test1.obj
 0001:000022c8       ?mouse_event@RTest1_Shell@test1@test@modules@UModSys@@UEAA_NAEBUSMouseInput@libui@5@@Z 00000001800032c8 f   plugin_test1.obj
 0001:0000236c       ?command@RTest1_Shell@test1@test@modules@UModSys@@UEAA_NAEBUSController@libui@5@HAEBUSFrameDataIn@75@@Z 000000018000336c f   plugin_test1.obj
 0001:000023bc       ?db_get@RTest1_Shell@test1@test@modules@UModSys@@UEAA_NAEBUSController@libui@5@QEBDAEBUSFrameDataOut@75@@Z 00000001800033bc f   plugin_test1.obj
 0001:00002420       ?db_get@RTest1_Shell@test1@test@modules@UModSys@@UEAA_NAEBUSController@libui@5@QEBDHAEBUSFrameDataOut@75@@Z 0000000180003420 f   plugin_test1.obj
 0001:0000248c       ?get_generated_names@RGenerator@test1@test@modules@UModSys@@UEBAHAEAUSUniquePtrList@core@5@@Z 000000018000348c f i plugin_test1.obj
 0001:000024ac       ?get_generated_types@RGenerator@test1@test@modules@UModSys@@UEBAHAEAUSUniquePtrList@core@5@PEBUSUniquePointerInfo@75@@Z 00000001800034ac f i plugin_test1.obj
 0001:00002508       ?generate@RGenerator@test1@test@modules@UModSys@@UEAA_NAEAU?$TRefObject@UIRefObject@core@UModSys@@U?$TRefObjectFunc@UIRefObject@core@UModSys@@@tl@3@@tl@5@PEBUSUniquePointerInfo@core@5@AEBUSParameters@95@@Z 0000000180003508 f i plugin_test1.obj
 0001:000025cc       ?root_get_interface_info@RGenerator@test1@test@modules@UModSys@@UEBAAEBUSUniquePointerInfo@core@5@XZ 00000001800035cc f i plugin_test1.obj
 0001:000025d4       ?root_get_interface_type@RGenerator@test1@test@modules@UModSys@@UEBAPEBUSUniquePointerInfo@core@5@XZ 00000001800035d4 f i plugin_test1.obj
 0001:000025dc       ?root_get_other_interface@RGenerator@test1@test@modules@UModSys@@UEAAPEAUIRoot@core@5@PEBUSUniquePointerInfo@75@@Z 00000001800035dc f i plugin_test1.obj
 0001:000025dc       ?root_get_other_interface@RGenerator@test1@test@modules@UModSys@@UEBAPEBUIRoot@core@5@PEBUSUniquePointerInfo@75@@Z 00000001800035dc f i plugin_test1.obj
 0001:00002614       ?root_is_interface_supported@RGenerator@test1@test@modules@UModSys@@UEBA_NPEBUSUniquePointerInfo@core@5@@Z 0000000180003614 f i plugin_test1.obj
 0001:0000264c       ?get_uid@RGenerator@test1@test@modules@UModSys@@UEBAPEBUSUniquePointerInfo@core@5@XZ 000000018000364c f i plugin_test1.obj
 0001:00002654       ?do_open@RModuleReg@test1@test@modules@UModSys@@UEAA_NXZ 0000000180003654 f i plugin_test1.obj
 0001:000026e0       ?do_close@RModuleReg@test1@test@modules@UModSys@@UEAA_NXZ 00000001800036e0 f i plugin_test1.obj
 0001:00002748       ?get_module@RGenerator@test1@test@modules@UModSys@@UEBAPEAUIModule@base@5@XZ 0000000180003748 f   plugin_test1.obj
 0001:00002750       ?mod_inc@RGenerator@test1@test@modules@UModSys@@UEBA_NXZ 0000000180003750 f   plugin_test1.obj
 0001:00002760       ?mod_dec@RGenerator@test1@test@modules@UModSys@@UEBA_NXZ 0000000180003760 f   plugin_test1.obj
 0001:00002774       ?s_holder@RGenerator@test1@test@modules@UModSys@@SAAEAU?$TTypeStaticHolder@URGenerator@test1@test@modules@UModSys@@@tl@5@XZ 0000000180003774 f   plugin_test1.obj
 0001:000027b8       ??0?$TString@U?$TSCoreConst@D@su@tl@UModSys@@U?$TComparerBinaryHash@D@234@@tl@UModSys@@QEAA@PEBD@Z 00000001800037b8 f i plugin_test1.obj
 0001:00002838       ??4?$TString@U?$TSCoreConst@D@su@tl@UModSys@@U?$TComparerBinaryHash@D@234@@tl@UModSys@@QEAAAEBU012@PEBD@Z 0000000180003838 f i plugin_test1.obj
 0001:000028b0       ??1?$TRefObject@UIUtilities@libmedia@UModSys@@U?$TRefObjectFunc@UIUtilities@libmedia@UModSys@@@tl@3@@tl@UModSys@@QEAA@XZ 00000001800038b0 f i plugin_test1.obj
 0001:000028b0       ??1?$TRefObject@UIKeyboardController@libui@UModSys@@U?$TRefObjectFunc@UIKeyboardController@libui@UModSys@@@tl@3@@tl@UModSys@@QEAA@XZ 00000001800038b0 f i plugin_test1.obj
 0001:000028b0       ??1?$TRefObject@URMultiImage2D_SDL_ttf@SDL_core@ui@modules@UModSys@@U?$TRefObjectFunc@URMultiImage2D_SDL_ttf@SDL_core@ui@modules@UModSys@@@tl@5@@tl@UModSys@@QEAA@XZ 00000001800038b0 f i umodsys_lib_libui:umodsys.mod.ui.SDL_core.obj
 0001:000028b0       ??1?$TRefObject@UILibraryLayered@libmedia@UModSys@@U?$TRefObjectFunc@UILibraryLayered@libmedia@UModSys@@@tl@3@@tl@UModSys@@QEAA@XZ 00000001800038b0 f i plugin_test1.obj
 0001:000028b0       ??1?$TRefObject@URSerializeWriter@serialize_json@media@modules@UModSys@@U?$TRefObjectFunc@URSerializeWriter@serialize_json@media@modules@UModSys@@@tl@5@@tl@UModSys@@QEAA@XZ 00000001800038b0 f i umodsys_lib_libmedia:umodsys.mod.media.serialize_json.obj
 0001:000028b0       ??1?$TRefObject@URKeyboardController@SDL_core@ui@modules@UModSys@@U?$TRefObjectFunc@URKeyboardController@SDL_core@ui@modules@UModSys@@@tl@5@@tl@UModSys@@QEAA@XZ 00000001800038b0 f i umodsys_lib_libui:umodsys.mod.ui.SDL_core.obj
 0001:000028b0       ??1?$TRefObject@URBinArchiveFrameClient_ZIP@zlib@media@modules@UModSys@@U?$TRefObjectFunc@URBinArchiveFrameClient_ZIP@zlib@media@modules@UModSys@@@tl@5@@tl@UModSys@@QEAA@XZ 00000001800038b0 f i umodsys_lib_libmedia:umodsys.mod.media.zlib.obj
 0001:000028b0       ??1?$TRefObject@URFrame_Common@frames@ui@modules@UModSys@@U?$TRefObjectFunc@URFrame_Common@frames@ui@modules@UModSys@@@tl@5@@tl@UModSys@@QEAA@XZ 00000001800038b0 f i umodsys_lib_libui:umodsys.mod.ui.frames.obj
 0001:000028b0       ??1?$TRefObject@UIStreamReader@libmedia@UModSys@@U?$TRefObjectFunc@UIStreamReader@libmedia@UModSys@@@tl@3@@tl@UModSys@@QEAA@XZ 00000001800038b0 f i plugin_test1.obj
 0001:000028b0       ??1?$TRefObject@UIImageFactory@lib2d@UModSys@@U?$TRefObjectFunc@UIImageFactory@lib2d@UModSys@@@tl@3@@tl@UModSys@@QEAA@XZ 00000001800038b0 f i plugin_test1.obj
 0001:000028b0       ??1?$TRefObject@URMediaFilter@images_std@media@modules@UModSys@@U?$TRefObjectFunc@URMediaFilter@images_std@media@modules@UModSys@@@tl@5@@tl@UModSys@@QEAA@XZ 00000001800038b0 f i umodsys_lib_libmedia:umodsys.mod.media.images_std.obj
 0001:000028b0       ??1?$TRefObject@UITerminal@libui@UModSys@@U?$TRefObjectFunc@UITerminal@libui@UModSys@@@tl@3@@tl@UModSys@@QEAA@XZ 00000001800038b0 f i plugin_test1.obj
 0001:000028b0       ??1?$TRefObject@UILibraryObjCache@libmedia@UModSys@@U?$TRefObjectFunc@UILibraryObjCache@libmedia@UModSys@@@tl@3@@tl@UModSys@@QEAA@XZ 00000001800038b0 f i plugin_test1.obj
 0001:000028b0       ??1?$TRefObject@URSerializeReader@serialize_json@media@modules@UModSys@@U?$TRefObjectFunc@URSerializeReader@serialize_json@media@modules@UModSys@@@tl@5@@tl@UModSys@@QEAA@XZ 00000001800038b0 f i umodsys_lib_libmedia:umodsys.mod.media.serialize_json.obj
 0001:000028b0       ??1?$TRefObject@UILibraryObjFilter@libmedia@UModSys@@U?$TRefObjectFunc@UILibraryObjFilter@libmedia@UModSys@@@tl@3@@tl@UModSys@@QEAA@XZ 00000001800038b0 f i plugin_test1.obj
 0001:000028b0       ??1?$TRefObject@URCollector@frames@ui@modules@UModSys@@U?$TRefObjectFunc@URCollector@frames@ui@modules@UModSys@@@tl@5@@tl@UModSys@@QEAA@XZ 00000001800038b0 f i umodsys_lib_libui:umodsys.mod.ui.frames.obj
 0001:000028b0       ??1?$TRefObject@URTerminal@SDL_core@ui@modules@UModSys@@U?$TRefObjectFunc@URTerminal@SDL_core@ui@modules@UModSys@@@tl@5@@tl@UModSys@@QEAA@XZ 00000001800038b0 f i umodsys_lib_libui:umodsys.mod.ui.SDL_core.obj
 0001:000028b0       ??1?$TRefObject@UIClient@IBinArchiveFrame@libmedia@UModSys@@U?$TRefObjectFunc@UIClient@IBinArchiveFrame@libmedia@UModSys@@@tl@4@@tl@UModSys@@QEAA@XZ 00000001800038b0 f i plugin_test1.obj
 0001:000028b0       ??1?$TRefObject@UIRenderDriver@lib2d@UModSys@@U?$TRefObjectFunc@UIRenderDriver@lib2d@UModSys@@@tl@3@@tl@UModSys@@QEAA@XZ 00000001800038b0 f i plugin_test1.obj
 0001:000028b0       ??1?$TRefObject@UILibraryBinCache@libmedia@UModSys@@U?$TRefObjectFunc@UILibraryBinCache@libmedia@UModSys@@@tl@3@@tl@UModSys@@QEAA@XZ 00000001800038b0 f i plugin_test1.obj
 0001:000028b0       ??1?$TRefObject@URDialog@frames@ui@modules@UModSys@@U?$TRefObjectFunc@URDialog@frames@ui@modules@UModSys@@@tl@5@@tl@UModSys@@QEAA@XZ 00000001800038b0 f i umodsys_lib_libui:umodsys.mod.ui.frames.obj
 0001:000028b0       ??1?$TRefObject@URRenderDriver2D@SDL_core@ui@modules@UModSys@@U?$TRefObjectFunc@URRenderDriver2D@SDL_core@ui@modules@UModSys@@@tl@5@@tl@UModSys@@QEAA@XZ 00000001800038b0 f i umodsys_lib_libui:umodsys.mod.ui.SDL_core.obj
 0001:000028b0       ??1?$TRefObject@UILibraryBinTree@libmedia@UModSys@@U?$TRefObjectFunc@UILibraryBinTree@libmedia@UModSys@@@tl@3@@tl@UModSys@@QEAA@XZ 00000001800038b0 f i plugin_test1.obj
 0001:000028b0       ??1?$TRefObject@UIBinArchive@libmedia@UModSys@@U?$TRefObjectFunc@UIBinArchive@libmedia@UModSys@@@tl@3@@tl@UModSys@@QEAA@XZ 00000001800038b0 f i plugin_test1.obj
 0001:000028b0       ??1?$TRefObject@UIRefObject@core@UModSys@@U?$TRefObjectFunc@UIRefObject@core@UModSys@@@tl@3@@tl@UModSys@@QEAA@XZ 00000001800038b0 f i plugin_test1.obj
 0001:000028b0       ??1?$TRefObject@UIBinArchiveFrame@libmedia@UModSys@@U?$TRefObjectFunc@UIBinArchiveFrame@libmedia@UModSys@@@tl@3@@tl@UModSys@@QEAA@XZ 00000001800038b0 f i plugin_test1.obj
 0001:000028b0       ??1?$TRefObject@URImageFactory_Memory@stdlib@lib2d@modules@UModSys@@U?$TRefObjectFunc@URImageFactory_Memory@stdlib@lib2d@modules@UModSys@@@tl@5@@tl@UModSys@@QEAA@XZ 00000001800038b0 f i umodsys_lib_lib2d:umodsys.mod.2d.stdlib.obj
 0001:000028b0       ??1?$TRefObject@UIMouseController@libui@UModSys@@U?$TRefObjectFunc@UIMouseController@libui@UModSys@@@tl@3@@tl@UModSys@@QEAA@XZ 00000001800038b0 f i plugin_test1.obj
 0001:000028b0       ??1?$TRefObject@URMouseController@SDL_core@ui@modules@UModSys@@U?$TRefObjectFunc@URMouseController@SDL_core@ui@modules@UModSys@@@tl@5@@tl@UModSys@@QEAA@XZ 00000001800038b0 f i umodsys_lib_libui:umodsys.mod.ui.SDL_core.obj
 0001:000028b0       ??1?$TRefObject@UIFrame@libui@UModSys@@U?$TRefObjectFunc@UIFrame@libui@UModSys@@@tl@3@@tl@UModSys@@QEAA@XZ 00000001800038b0 f i umodsys_lib_libui:umodsys.mod.ui.frames.obj
 0001:000028b0       ??1?$TRefObject@URImage_Memory@stdlib@lib2d@modules@UModSys@@U?$TRefObjectFunc@URImage_Memory@stdlib@lib2d@modules@UModSys@@@tl@5@@tl@UModSys@@QEAA@XZ 00000001800038b0 f i umodsys_lib_lib2d:umodsys.mod.2d.stdlib.obj
 0001:000028b0       ??1?$TRefObject@UIMultiImage@lib2d@UModSys@@U?$TRefObjectFunc@UIMultiImage@lib2d@UModSys@@@tl@3@@tl@UModSys@@QEAA@XZ 00000001800038b0 f i plugin_test1.obj
 0001:000028b0       ??1?$TRefObject@UIStreamWriter@libmedia@UModSys@@U?$TRefObjectFunc@UIStreamWriter@libmedia@UModSys@@@tl@3@@tl@UModSys@@QEAA@XZ 00000001800038b0 f i plugin_test1.obj
 0001:000028b0       ??1?$TRefObject@URMultiImage@stdlib@lib2d@modules@UModSys@@U?$TRefObjectFunc@URMultiImage@stdlib@lib2d@modules@UModSys@@@tl@5@@tl@UModSys@@QEAA@XZ 00000001800038b0 f i umodsys_lib_lib2d:umodsys.mod.2d.stdlib.obj
 0001:000028b0       ??1?$TRefObject@UIBinObjFilter@libmedia@UModSys@@U?$TRefObjectFunc@UIBinObjFilter@libmedia@UModSys@@@tl@3@@tl@UModSys@@QEAA@XZ 00000001800038b0 f i plugin_test1.obj
 0001:000028b0       ??1?$TRefObject@UIImage@lib2d@UModSys@@U?$TRefObjectFunc@UIImage@lib2d@UModSys@@@tl@3@@tl@UModSys@@QEAA@XZ 00000001800038b0 f i plugin_test1.obj
 0001:000028b0       ??1?$TRefObject@UILibrary@libmedia@UModSys@@U?$TRefObjectFunc@UILibrary@libmedia@UModSys@@@tl@3@@tl@UModSys@@QEAA@XZ 00000001800038b0 f i plugin_test1.obj
 0001:000028d4       ??1?$TDynarrayDynamic@USFileInfo@libmedia@UModSys@@U?$TAllocator@USIMemAlloc@core@UModSys@@USCountCalcPower2@23@@tl@3@@tl@UModSys@@QEAA@XZ 00000001800038d4 f i plugin_test1.obj
 0001:0000293c       ??1?$TRStackSocket@USFileInfo@libmedia@UModSys@@U?$TDynarrayDynamic@USFileInfo@libmedia@UModSys@@U?$TAllocator@USIMemAlloc@core@UModSys@@USCountCalcPower2@23@@tl@3@@tl@3@@tl@UModSys@@QEAA@XZ 000000018000393c f i plugin_test1.obj
 0001:00002948       ?isempty@?$TRStackSocket@USFileInfo@libmedia@UModSys@@U?$TDynarrayDynamic@USFileInfo@libmedia@UModSys@@U?$TAllocator@USIMemAlloc@core@UModSys@@USCountCalcPower2@23@@tl@3@@tl@3@@tl@UModSys@@UEBA_NXZ 0000000180003948 f i plugin_test1.obj
 0001:00002958       ?push@?$TRStackSocket@USFileInfo@libmedia@UModSys@@U?$TDynarrayDynamic@USFileInfo@libmedia@UModSys@@U?$TAllocator@USIMemAlloc@core@UModSys@@USCountCalcPower2@23@@tl@3@@tl@3@@tl@UModSys@@UEAA_NAEBUSFileInfo@libmedia@3@@Z 0000000180003958 f i plugin_test1.obj
 0001:00002acc       ?pop@?$TRStackSocket@USFileInfo@libmedia@UModSys@@U?$TDynarrayDynamic@USFileInfo@libmedia@UModSys@@U?$TAllocator@USIMemAlloc@core@UModSys@@USCountCalcPower2@23@@tl@3@@tl@3@@tl@UModSys@@UEAA_NAEAUSFileInfo@libmedia@3@@Z 0000000180003acc f i plugin_test1.obj
 0001:00002b5c       ?info_release@?$TSCoreShared@USIMemAlloc@core@UModSys@@D@su@tl@UModSys@@QEAAXXZ 0000000180003b5c f i plugin_test1.obj
 0001:00002c30       ?info_new@?$TSCoreShared@USIMemAlloc@core@UModSys@@D@su@tl@UModSys@@QEAA_NPEBD_K@Z 0000000180003c30 f i plugin_test1.obj
 0001:00002d04       ??$generate_type@UIImageFactory@lib2d@UModSys@@@RTest1_Shell@test1@test@modules@UModSys@@QEAA?AU?$TRefObject@UIImageFactory@lib2d@UModSys@@U?$TRefObjectFunc@UIImageFactory@lib2d@UModSys@@@tl@3@@tl@4@AEBU?$TString@U?$TSCoreConst@D@su@tl@UModSys@@U?$TComparerBinaryHash@D@234@@64@AEBUSParameters@core@4@PEBD@Z 0000000180003d04 f i plugin_test1.obj
 0001:00002eec       ??$generate_type@UIMultiImage@lib2d@UModSys@@@RTest1_Shell@test1@test@modules@UModSys@@QEAA?AU?$TRefObject@UIMultiImage@lib2d@UModSys@@U?$TRefObjectFunc@UIMultiImage@lib2d@UModSys@@@tl@3@@tl@4@AEBU?$TString@U?$TSCoreConst@D@su@tl@UModSys@@U?$TComparerBinaryHash@D@234@@64@AEBUSParameters@core@4@PEBD@Z 0000000180003eec f i plugin_test1.obj
 0001:00003078       ??$generate_type@UIBinArchive@libmedia@UModSys@@@RTest1_Shell@test1@test@modules@UModSys@@QEAA?AU?$TRefObject@UIBinArchive@libmedia@UModSys@@U?$TRefObjectFunc@UIBinArchive@libmedia@UModSys@@@tl@3@@tl@4@AEBU?$TString@U?$TSCoreConst@D@su@tl@UModSys@@U?$TComparerBinaryHash@D@234@@64@AEBUSParameters@core@4@PEBD@Z 0000000180004078 f i plugin_test1.obj
 0001:00003264       ??$generate_type@UIClient@IBinArchiveFrame@libmedia@UModSys@@@RTest1_Shell@test1@test@modules@UModSys@@QEAA?AU?$TRefObject@UIClient@IBinArchiveFrame@libmedia@UModSys@@U?$TRefObjectFunc@UIClient@IBinArchiveFrame@libmedia@UModSys@@@tl@4@@tl@4@AEBU?$TString@U?$TSCoreConst@D@su@tl@UModSys@@U?$TComparerBinaryHash@D@234@@64@AEBUSParameters@core@4@PEBD@Z 0000000180004264 f i plugin_test1.obj
 0001:0000344c       ??$generate_type@UIBinArchiveFrame@libmedia@UModSys@@@RTest1_Shell@test1@test@modules@UModSys@@QEAA?AU?$TRefObject@UIBinArchiveFrame@libmedia@UModSys@@U?$TRefObjectFunc@UIBinArchiveFrame@libmedia@UModSys@@@tl@3@@tl@4@AEBU?$TString@U?$TSCoreConst@D@su@tl@UModSys@@U?$TComparerBinaryHash@D@234@@64@AEBUSParameters@core@4@PEBD@Z 000000018000444c f i plugin_test1.obj
 0001:00003638       ??$generate_type@UIBinObjFilter@libmedia@UModSys@@@RTest1_Shell@test1@test@modules@UModSys@@QEAA?AU?$TRefObject@UIBinObjFilter@libmedia@UModSys@@U?$TRefObjectFunc@UIBinObjFilter@libmedia@UModSys@@@tl@3@@tl@4@AEBU?$TString@U?$TSCoreConst@D@su@tl@UModSys@@U?$TComparerBinaryHash@D@234@@64@AEBUSParameters@core@4@PEBD@Z 0000000180004638 f i plugin_test1.obj
 0001:00003820       ??$generate_type@UIUtilities@libmedia@UModSys@@@RTest1_Shell@test1@test@modules@UModSys@@QEAA?AU?$TRefObject@UIUtilities@libmedia@UModSys@@U?$TRefObjectFunc@UIUtilities@libmedia@UModSys@@@tl@3@@tl@4@AEBU?$TString@U?$TSCoreConst@D@su@tl@UModSys@@U?$TComparerBinaryHash@D@234@@64@AEBUSParameters@core@4@PEBD@Z 0000000180004820 f i plugin_test1.obj
 0001:00003a08       ??$generate_type@UILibraryBinTree@libmedia@UModSys@@@RTest1_Shell@test1@test@modules@UModSys@@QEAA?AU?$TRefObject@UILibraryBinTree@libmedia@UModSys@@U?$TRefObjectFunc@UILibraryBinTree@libmedia@UModSys@@@tl@3@@tl@4@AEBU?$TString@U?$TSCoreConst@D@su@tl@UModSys@@U?$TComparerBinaryHash@D@234@@64@AEBUSParameters@core@4@PEBD@Z 0000000180004a08 f i plugin_test1.obj
 0001:00003bf0       ??$generate_type@UILibraryObjFilter@libmedia@UModSys@@@RTest1_Shell@test1@test@modules@UModSys@@QEAA?AU?$TRefObject@UILibraryObjFilter@libmedia@UModSys@@U?$TRefObjectFunc@UILibraryObjFilter@libmedia@UModSys@@@tl@3@@tl@4@AEBU?$TString@U?$TSCoreConst@D@su@tl@UModSys@@U?$TComparerBinaryHash@D@234@@64@AEBUSParameters@core@4@PEBD@Z 0000000180004bf0 f i plugin_test1.obj
 0001:00003dd8       ??$generate_type@UILibraryLayered@libmedia@UModSys@@@RTest1_Shell@test1@test@modules@UModSys@@QEAA?AU?$TRefObject@UILibraryLayered@libmedia@UModSys@@U?$TRefObjectFunc@UILibraryLayered@libmedia@UModSys@@@tl@3@@tl@4@AEBU?$TString@U?$TSCoreConst@D@su@tl@UModSys@@U?$TComparerBinaryHash@D@234@@64@AEBUSParameters@core@4@PEBD@Z 0000000180004dd8 f i plugin_test1.obj
 0001:00003fc0       ??$generate_type@UILibraryObjCache@libmedia@UModSys@@@RTest1_Shell@test1@test@modules@UModSys@@QEAA?AU?$TRefObject@UILibraryObjCache@libmedia@UModSys@@U?$TRefObjectFunc@UILibraryObjCache@libmedia@UModSys@@@tl@3@@tl@4@AEBU?$TString@U?$TSCoreConst@D@su@tl@UModSys@@U?$TComparerBinaryHash@D@234@@64@AEBUSParameters@core@4@PEBD@Z 0000000180004fc0 f i plugin_test1.obj
 0001:000041a8       ??$generate_type@UILibraryBinCache@libmedia@UModSys@@@RTest1_Shell@test1@test@modules@UModSys@@QEAA?AU?$TRefObject@UILibraryBinCache@libmedia@UModSys@@U?$TRefObjectFunc@UILibraryBinCache@libmedia@UModSys@@@tl@3@@tl@4@AEBU?$TString@U?$TSCoreConst@D@su@tl@UModSys@@U?$TComparerBinaryHash@D@234@@64@AEBUSParameters@core@4@PEBD@Z 00000001800051a8 f i plugin_test1.obj
 0001:00004390       ?ResizeRel@?$TDynarray@U?$TDynarrayHolderDynamic@USFileInfo@libmedia@UModSys@@U?$TAllocator@USIMemAlloc@core@UModSys@@USCountCalcPower2@23@@tl@3@@tl@UModSys@@@tl@UModSys@@QEAA_N_J@Z 0000000180005390 f i plugin_test1.obj
 0001:00004484       ??$t_generate@UIMultiImage@lib2d@UModSys@@@SModuleContext@base@UModSys@@QEAA_NAEAU?$TRefObject@UIMultiImage@lib2d@UModSys@@U?$TRefObjectFunc@UIMultiImage@lib2d@UModSys@@@tl@3@@tl@2@PEBUSUniquePointerInfo@core@2@AEBUSParameters@62@@Z 0000000180005484 f i plugin_test1.obj
 0001:00004548       ?items_construct@?$TDynarray@U?$TDynarrayHolderDynamic@USFileInfo@libmedia@UModSys@@U?$TAllocator@USIMemAlloc@core@UModSys@@USCountCalcPower2@23@@tl@3@@tl@UModSys@@@tl@UModSys@@IEAAX_K0@Z 0000000180005548 f i plugin_test1.obj
 0001:00004644       ??1?$TRefObject@UIModObject@base@UModSys@@U?$TModObjectFunc@UIModObject@base@UModSys@@@tl@3@@tl@UModSys@@QEAA@XZ 0000000180005644 f i plugin_test1.obj
 0001:00004670       ?alloc@SMemShared@core@UModSys@@QEAA_N_KPEAUSSourceContext@23@@Z 0000000180005670 f i umodsys_lib_lib2d:umodsys.mod.2d.stdlib.obj
 0001:000046f4       ?Convert@stdlib@lib2d@modules@UModSys@@YA_NAEBU?$TBoundBox2@H@math3d@4@AEBUSImageInfo@24@AEBUSMem@core@4@01AEBUSCMem@94@@Z 00000001800056f4 f i umodsys_lib_lib2d:umodsys.mod.2d.stdlib.obj
 0001:00004848       ?root_get_interface_info@RImage_Memory@stdlib@lib2d@modules@UModSys@@UEBAAEBUSUniquePointerInfo@core@5@XZ 0000000180005848 f i umodsys_lib_lib2d:umodsys.mod.2d.stdlib.obj
 0001:00004850       ?root_get_interface_type@RImage_Memory@stdlib@lib2d@modules@UModSys@@UEBAPEBUSUniquePointerInfo@core@5@XZ 0000000180005850 f i umodsys_lib_lib2d:umodsys.mod.2d.stdlib.obj
 0001:00004858       ?root_get_other_interface@RImage_Memory@stdlib@lib2d@modules@UModSys@@UEBAPEBUIRoot@core@5@PEBUSUniquePointerInfo@75@@Z 0000000180005858 f i umodsys_lib_lib2d:umodsys.mod.2d.stdlib.obj
 0001:00004858       ?root_get_other_interface@RImage_Memory@stdlib@lib2d@modules@UModSys@@UEAAPEAUIRoot@core@5@PEBUSUniquePointerInfo@75@@Z 0000000180005858 f i umodsys_lib_lib2d:umodsys.mod.2d.stdlib.obj
 0001:00004888       ?root_is_interface_supported@RImage_Memory@stdlib@lib2d@modules@UModSys@@UEBA_NPEBUSUniquePointerInfo@core@5@@Z 0000000180005888 f i umodsys_lib_lib2d:umodsys.mod.2d.stdlib.obj
 0001:000048b8       ?root_get_interface_info@RImageFactory_Memory@stdlib@lib2d@modules@UModSys@@UEBAAEBUSUniquePointerInfo@core@5@XZ 00000001800058b8 f i umodsys_lib_lib2d:umodsys.mod.2d.stdlib.obj
 0001:000048c0       ?root_get_interface_type@RImageFactory_Memory@stdlib@lib2d@modules@UModSys@@UEBAPEBUSUniquePointerInfo@core@5@XZ 00000001800058c0 f i umodsys_lib_lib2d:umodsys.mod.2d.stdlib.obj
 0001:000048c8       ?root_get_other_interface@RImageFactory_Memory@stdlib@lib2d@modules@UModSys@@UEAAPEAUIRoot@core@5@PEBUSUniquePointerInfo@75@@Z 00000001800058c8 f i umodsys_lib_lib2d:umodsys.mod.2d.stdlib.obj
 0001:000048c8       ?root_get_other_interface@RImageFactory_Memory@stdlib@lib2d@modules@UModSys@@UEBAPEBUIRoot@core@5@PEBUSUniquePointerInfo@75@@Z 00000001800058c8 f i umodsys_lib_lib2d:umodsys.mod.2d.stdlib.obj
 0001:000048f8       ?root_is_interface_supported@RImageFactory_Memory@stdlib@lib2d@modules@UModSys@@UEBA_NPEBUSUniquePointerInfo@core@5@@Z 00000001800058f8 f i umodsys_lib_lib2d:umodsys.mod.2d.stdlib.obj
 0001:00004928       ?suicide@RSerializeReader@serialize_json@media@modules@UModSys@@UEAAXXZ 0000000180005928 f i umodsys_lib_libmedia:umodsys.mod.media.serialize_json.obj
 0001:00004928       ?suicide@RMultiImage@stdlib@lib2d@modules@UModSys@@UEAAXXZ 0000000180005928 f i umodsys_lib_lib2d:umodsys.mod.2d.stdlib.obj
 0001:00004928       ?suicide@RBinArchiveFrameClient_ZIP@zlib@media@modules@UModSys@@UEAAXXZ 0000000180005928 f i umodsys_lib_libmedia:umodsys.mod.media.zlib.obj
 0001:00004928       ?suicide@RImage_Memory@stdlib@lib2d@modules@UModSys@@UEAAXXZ 0000000180005928 f i umodsys_lib_lib2d:umodsys.mod.2d.stdlib.obj
 0001:00004928       ?suicide@RTerminal@SDL_core@ui@modules@UModSys@@UEAAXXZ 0000000180005928 f i umodsys_lib_libui:umodsys.mod.ui.SDL_core.obj
 0001:00004928       ?suicide@RImageFactory_Memory@stdlib@lib2d@modules@UModSys@@UEAAXXZ 0000000180005928 f i umodsys_lib_lib2d:umodsys.mod.2d.stdlib.obj
 0001:00004974       ?root_get_interface_info@RMultiImage@stdlib@lib2d@modules@UModSys@@UEBAAEBUSUniquePointerInfo@core@5@XZ 0000000180005974 f i umodsys_lib_lib2d:umodsys.mod.2d.stdlib.obj
 0001:0000497c       ?root_get_interface_type@RMultiImage@stdlib@lib2d@modules@UModSys@@UEBAPEBUSUniquePointerInfo@core@5@XZ 000000018000597c f i umodsys_lib_lib2d:umodsys.mod.2d.stdlib.obj
 0001:00004984       ?root_get_other_interface@RMultiImage@stdlib@lib2d@modules@UModSys@@UEAAPEAUIRoot@core@5@PEBUSUniquePointerInfo@75@@Z 0000000180005984 f i umodsys_lib_lib2d:umodsys.mod.2d.stdlib.obj
 0001:00004984       ?root_get_other_interface@RMultiImage@stdlib@lib2d@modules@UModSys@@UEBAPEBUIRoot@core@5@PEBUSUniquePointerInfo@75@@Z 0000000180005984 f i umodsys_lib_lib2d:umodsys.mod.2d.stdlib.obj
 0001:000049b4       ?root_is_interface_supported@RMultiImage@stdlib@lib2d@modules@UModSys@@UEBA_NPEBUSUniquePointerInfo@core@5@@Z 00000001800059b4 f i umodsys_lib_lib2d:umodsys.mod.2d.stdlib.obj
 0001:000049e4       ?get_generated_names@RGenerator@stdlib@lib2d@modules@UModSys@@UEBAHAEAUSUniquePtrList@core@5@@Z 00000001800059e4 f i umodsys_lib_lib2d:umodsys.mod.2d.stdlib.obj
 0001:00004a28       ?get_generated_types@RGenerator@stdlib@lib2d@modules@UModSys@@UEBAHAEAUSUniquePtrList@core@5@PEBUSUniquePointerInfo@75@@Z 0000000180005a28 f i umodsys_lib_lib2d:umodsys.mod.2d.stdlib.obj
 0001:00004abc       ?generate@RGenerator@stdlib@lib2d@modules@UModSys@@UEAA_NAEAU?$TRefObject@UIRefObject@core@UModSys@@U?$TRefObjectFunc@UIRefObject@core@UModSys@@@tl@3@@tl@5@PEBUSUniquePointerInfo@core@5@AEBUSParameters@95@@Z 0000000180005abc f i umodsys_lib_lib2d:umodsys.mod.2d.stdlib.obj
 0001:00004bec       ?root_get_interface_info@RGenerator@stdlib@lib2d@modules@UModSys@@UEBAAEBUSUniquePointerInfo@core@5@XZ 0000000180005bec f i umodsys_lib_lib2d:umodsys.mod.2d.stdlib.obj
 0001:00004bf4       ?root_get_interface_type@RGenerator@stdlib@lib2d@modules@UModSys@@UEBAPEBUSUniquePointerInfo@core@5@XZ 0000000180005bf4 f i umodsys_lib_lib2d:umodsys.mod.2d.stdlib.obj
 0001:00004bfc       ?root_get_other_interface@RGenerator@stdlib@lib2d@modules@UModSys@@UEBAPEBUIRoot@core@5@PEBUSUniquePointerInfo@75@@Z 0000000180005bfc f i umodsys_lib_lib2d:umodsys.mod.2d.stdlib.obj
 0001:00004bfc       ?root_get_other_interface@RGenerator@stdlib@lib2d@modules@UModSys@@UEAAPEAUIRoot@core@5@PEBUSUniquePointerInfo@75@@Z 0000000180005bfc f i umodsys_lib_lib2d:umodsys.mod.2d.stdlib.obj
 0001:00004c34       ?root_is_interface_supported@RGenerator@stdlib@lib2d@modules@UModSys@@UEBA_NPEBUSUniquePointerInfo@core@5@@Z 0000000180005c34 f i umodsys_lib_lib2d:umodsys.mod.2d.stdlib.obj
 0001:00004c6c       ?get_uid@RGenerator@stdlib@lib2d@modules@UModSys@@UEBAPEBUSUniquePointerInfo@core@5@XZ 0000000180005c6c f i umodsys_lib_lib2d:umodsys.mod.2d.stdlib.obj
 0001:00004c74       ?set_info@RImage_Memory@stdlib@lib2d@modules@UModSys@@UEAA_NAEBUSImagePatchInfo@35@PEBD@Z 0000000180005c74 f   umodsys_lib_lib2d:umodsys.mod.2d.stdlib.obj
 0001:00004ed4       ?set_data@RImage_Memory@stdlib@lib2d@modules@UModSys@@UEAA_NAEBUSImagePatchInfo@35@AEBUSCMem@core@5@H@Z 0000000180005ed4 f   umodsys_lib_lib2d:umodsys.mod.2d.stdlib.obj
 0001:00004f88       ?get_info@RImage_Memory@stdlib@lib2d@modules@UModSys@@UEBAAEBUSImageInfo@35@XZ 0000000180005f88 f   umodsys_lib_lib2d:umodsys.mod.2d.stdlib.obj
 0001:00004f90       ?get_data@RImage_Memory@stdlib@lib2d@modules@UModSys@@UEBA_NAEBUSImagePatchInfo@35@AEBUSMem@core@5@H@Z 0000000180005f90 f   umodsys_lib_lib2d:umodsys.mod.2d.stdlib.obj
 0001:00005060       ??0RImage_Memory@stdlib@lib2d@modules@UModSys@@QEAA@PEAUIModObject@base@4@AEBUSParameters@core@4@@Z 0000000180006060 f   umodsys_lib_lib2d:umodsys.mod.2d.stdlib.obj
 0001:00005108       ??_GRImage_Memory@stdlib@lib2d@modules@UModSys@@UEAAPEAXI@Z 0000000180006108 f i umodsys_lib_lib2d:umodsys.mod.2d.stdlib.obj
 0001:00005108       ??_ERImage_Memory@stdlib@lib2d@modules@UModSys@@UEAAPEAXI@Z 0000000180006108 f i  CIL library: CIL module
 0001:00005178       ?image_new@RImageFactory_Memory@stdlib@lib2d@modules@UModSys@@UEAA?AU?$TRefObject@UIImage@lib2d@UModSys@@U?$TRefObjectFunc@UIImage@lib2d@UModSys@@@tl@3@@tl@5@XZ 0000000180006178 f   umodsys_lib_lib2d:umodsys.mod.2d.stdlib.obj
 0001:000052fc       ?image_new@RImageFactory_Memory@stdlib@lib2d@modules@UModSys@@UEAA?AU?$TRefObject@UIImage@lib2d@UModSys@@U?$TRefObjectFunc@UIImage@lib2d@UModSys@@@tl@3@@tl@5@AEBUSImagePatchInfo@35@PEBD@Z 00000001800062fc f   umodsys_lib_lib2d:umodsys.mod.2d.stdlib.obj
 0001:000054d0       ?get_max_cell_size@RMultiImage@stdlib@lib2d@modules@UModSys@@UEBA?AU?$TVector2@H@math3d@5@XZ 00000001800064d0 f   umodsys_lib_lib2d:umodsys.mod.2d.stdlib.obj
 0001:000054d0       ?get_max_layer_size@RMultiImage@stdlib@lib2d@modules@UModSys@@UEBA?AU?$TVector2@H@math3d@5@XZ 00000001800064d0 f   umodsys_lib_lib2d:umodsys.mod.2d.stdlib.obj
 0001:000054fc       ?get_fixed_cell_size@RMultiImage@stdlib@lib2d@modules@UModSys@@UEBA?AU?$TVector2@H@math3d@5@XZ 00000001800064fc f   umodsys_lib_lib2d:umodsys.mod.2d.stdlib.obj
 0001:0000551c       ?get_layer_count@RMultiImage@stdlib@lib2d@modules@UModSys@@UEBAGXZ 000000018000651c f   umodsys_lib_lib2d:umodsys.mod.2d.stdlib.obj
 0001:00005530       ?get_layer@RMultiImage@stdlib@lib2d@modules@UModSys@@UEBAPEAUIImage@35@G@Z 0000000180006530 f   umodsys_lib_lib2d:umodsys.mod.2d.stdlib.obj
 0001:00005554       ?get_cell_count@RMultiImage@stdlib@lib2d@modules@UModSys@@UEBAIXZ 0000000180006554 f   umodsys_lib_lib2d:umodsys.mod.2d.stdlib.obj
 0001:00005568       ?get_cell@RMultiImage@stdlib@lib2d@modules@UModSys@@UEBA_NIAEAU?$TVector2@H@math3d@5@PEAU675@PEAG@Z 0000000180006568 f   umodsys_lib_lib2d:umodsys.mod.2d.stdlib.obj
 0001:000055c0       ?get_cell@RMultiImage@stdlib@lib2d@modules@UModSys@@UEBA_NIAEAUSImageCellInfo@35@@Z 00000001800065c0 f   umodsys_lib_lib2d:umodsys.mod.2d.stdlib.obj
 0001:000055f8       ?set_layer_count@RMultiImage@stdlib@lib2d@modules@UModSys@@UEAA_NG@Z 00000001800065f8 f   umodsys_lib_lib2d:umodsys.mod.2d.stdlib.obj
 0001:00005700       ?setup_fixed_cell@RMultiImage@stdlib@lib2d@modules@UModSys@@UEAA_NHH@Z 0000000180006700 f   umodsys_lib_lib2d:umodsys.mod.2d.stdlib.obj
 0001:0000571c       ?setup_variable_cell@RMultiImage@stdlib@lib2d@modules@UModSys@@UEAA_NPEBUSImageCellInfo@35@KK@Z 000000018000671c f   umodsys_lib_lib2d:umodsys.mod.2d.stdlib.obj
 0001:000057c4       ??0RMultiImage@stdlib@lib2d@modules@UModSys@@QEAA@PEAUIModObject@base@4@AEBUSParameters@core@4@@Z 00000001800067c4 f   umodsys_lib_lib2d:umodsys.mod.2d.stdlib.obj
 0001:000058e0       ??_GRMultiImage@stdlib@lib2d@modules@UModSys@@UEAAPEAXI@Z 00000001800068e0 f i umodsys_lib_lib2d:umodsys.mod.2d.stdlib.obj
 0001:000058e0       ??_ERMultiImage@stdlib@lib2d@modules@UModSys@@UEAAPEAXI@Z 00000001800068e0 f i  CIL library: CIL module
 0001:000059b8       ?do_open@RModuleReg@stdlib@lib2d@modules@UModSys@@UEAA_NXZ 00000001800069b8 f i umodsys_lib_lib2d:umodsys.mod.2d.stdlib.obj
 0001:00005a2c       ?do_close@RModuleReg@stdlib@lib2d@modules@UModSys@@UEAA_NXZ 0000000180006a2c f i umodsys_lib_lib2d:umodsys.mod.2d.stdlib.obj
 0001:00005a7c       ?get_module@RGenerator@stdlib@lib2d@modules@UModSys@@UEBAPEAUIModule@base@5@XZ 0000000180006a7c f   umodsys_lib_lib2d:umodsys.mod.2d.stdlib.obj
 0001:00005a84       ?mod_inc@RGenerator@stdlib@lib2d@modules@UModSys@@UEBA_NXZ 0000000180006a84 f   umodsys_lib_lib2d:umodsys.mod.2d.stdlib.obj
 0001:00005a94       ?mod_dec@RGenerator@stdlib@lib2d@modules@UModSys@@UEBA_NXZ 0000000180006a94 f   umodsys_lib_lib2d:umodsys.mod.2d.stdlib.obj
 0001:00005aa8       ?s_holder@RGenerator@stdlib@lib2d@modules@UModSys@@SAAEAU?$TTypeStaticHolder@URGenerator@stdlib@lib2d@modules@UModSys@@@tl@5@XZ 0000000180006aa8 f   umodsys_lib_lib2d:umodsys.mod.2d.stdlib.obj
 0001:00005aec       ??1?$TDynarrayDynamic@USImageCellInfo@lib2d@UModSys@@U?$TAllocator@USIMemAlloc@core@UModSys@@USCountCalcPower2@23@@tl@3@@tl@UModSys@@QEAA@XZ 0000000180006aec f i umodsys_lib_lib2d:umodsys.mod.2d.stdlib.obj
 0001:00005af4       ?Resize@?$TDynarray@U?$TDynarrayHolderDynamic@USImageCellInfo@lib2d@UModSys@@U?$TAllocator@USIMemAlloc@core@UModSys@@USCountCalcPower2@23@@tl@3@@tl@UModSys@@@tl@UModSys@@QEAA_N_K@Z 0000000180006af4 f i umodsys_lib_lib2d:umodsys.mod.2d.stdlib.obj
 0001:00005b94       ??1?$TDynarrayDynamic@U?$TRefObject@UIImage@lib2d@UModSys@@U?$TRefObjectFunc@UIImage@lib2d@UModSys@@@tl@3@@tl@UModSys@@U?$TAllocator@USIMemAlloc@core@UModSys@@USCountCalcPower2@23@@23@@tl@UModSys@@QEAA@XZ 0000000180006b94 f i umodsys_lib_lib2d:umodsys.mod.2d.stdlib.obj
 0001:00005bf4       ?Resize@?$TDynarray@U?$TDynarrayHolderDynamic@U?$TRefObject@UIImage@lib2d@UModSys@@U?$TRefObjectFunc@UIImage@lib2d@UModSys@@@tl@3@@tl@UModSys@@U?$TAllocator@USIMemAlloc@core@UModSys@@USCountCalcPower2@23@@23@@tl@UModSys@@@tl@UModSys@@QEAA_N_K@Z 0000000180006bf4 f i umodsys_lib_lib2d:umodsys.mod.2d.stdlib.obj
 0001:00005cf0       ??1?$TDynarray@U?$TDynarrayHolderDynamic@USImageCellInfo@lib2d@UModSys@@U?$TAllocator@USIMemAlloc@core@UModSys@@USCountCalcPower2@23@@tl@3@@tl@UModSys@@@tl@UModSys@@QEAA@XZ 0000000180006cf0 f i umodsys_lib_lib2d:umodsys.mod.2d.stdlib.obj
 0001:00005dbc       ??$t_gen_param@URImageFactory_Memory@stdlib@lib2d@modules@UModSys@@URGenerator@2345@@IGenerator@base@UModSys@@IEAA_NPEAURGenerator@stdlib@lib2d@modules@2@AEAU?$TRefObject@UIRefObject@core@UModSys@@U?$TRefObjectFunc@UIRefObject@core@UModSys@@@tl@3@@tl@2@PEBUSUniquePointerInfo@core@2@AEBUSParameters@core@2@@Z 0000000180006dbc f i umodsys_lib_lib2d:umodsys.mod.2d.stdlib.obj
 0001:00005ecc       ??$t_gen_param@URMultiImage@stdlib@lib2d@modules@UModSys@@URGenerator@2345@@IGenerator@base@UModSys@@IEAA_NPEAURGenerator@stdlib@lib2d@modules@2@AEAU?$TRefObject@UIRefObject@core@UModSys@@U?$TRefObjectFunc@UIRefObject@core@UModSys@@@tl@3@@tl@2@PEBUSUniquePointerInfo@core@2@AEBUSParameters@core@2@@Z 0000000180006ecc f i umodsys_lib_lib2d:umodsys.mod.2d.stdlib.obj
 0001:00005fc4       ??$ValidateConstruction@UIImage@lib2d@UModSys@@URImage_Memory@stdlib@2modules@3@@core@UModSys@@YA_NAEAU?$TRefObject@UIImage@lib2d@UModSys@@U?$TRefObjectFunc@UIImage@lib2d@UModSys@@@tl@3@@tl@1@PEAURImage_Memory@stdlib@lib2d@modules@1@@Z 0000000180006fc4 f i umodsys_lib_lib2d:umodsys.mod.2d.stdlib.obj
 0001:0000601c       ?root_get_interface_info@RMultiImage2D_SDL_ttf@SDL_core@ui@modules@UModSys@@UEBAAEBUSUniquePointerInfo@core@5@XZ 000000018000701c f i umodsys_lib_libui:umodsys.mod.ui.SDL_core.obj
 0001:00006024       ?root_get_interface_type@RMultiImage2D_SDL_ttf@SDL_core@ui@modules@UModSys@@UEBAPEBUSUniquePointerInfo@core@5@XZ 0000000180007024 f i umodsys_lib_libui:umodsys.mod.ui.SDL_core.obj
 0001:0000602c       ?root_get_other_interface@RMultiImage2D_SDL_ttf@SDL_core@ui@modules@UModSys@@UEAAPEAUIRoot@core@5@PEBUSUniquePointerInfo@75@@Z 000000018000702c f i umodsys_lib_libui:umodsys.mod.ui.SDL_core.obj
 0001:0000602c       ?root_get_other_interface@RMultiImage2D_SDL_ttf@SDL_core@ui@modules@UModSys@@UEBAPEBUIRoot@core@5@PEBUSUniquePointerInfo@75@@Z 000000018000702c f i umodsys_lib_libui:umodsys.mod.ui.SDL_core.obj
 0001:0000605c       ?root_is_interface_supported@RMultiImage2D_SDL_ttf@SDL_core@ui@modules@UModSys@@UEBA_NPEBUSUniquePointerInfo@core@5@@Z 000000018000705c f i umodsys_lib_libui:umodsys.mod.ui.SDL_core.obj
 0001:0000608c       ?ref_weak@RGenerator@frames@ui@modules@UModSys@@UEBA_NAEAUWeakPointer@IRefObject@core@5@@Z 000000018000708c f i umodsys_lib_libui:umodsys.mod.ui.frames.obj
 0001:0000608c       ?ref_weak@RSerializeReader@serialize_json@media@modules@UModSys@@UEBA_NAEAUWeakPointer@IRefObject@core@5@@Z 000000018000708c f i umodsys_lib_libmedia:umodsys.mod.media.serialize_json.obj
 0001:0000608c       ?ref_weak@RMultiImage@stdlib@lib2d@modules@UModSys@@UEBA_NAEAUWeakPointer@IRefObject@core@5@@Z 000000018000708c f i umodsys_lib_lib2d:umodsys.mod.2d.stdlib.obj
 0001:0000608c       ?ref_weak@RImage_Memory@stdlib@lib2d@modules@UModSys@@UEBA_NAEAUWeakPointer@IRefObject@core@5@@Z 000000018000708c f i umodsys_lib_lib2d:umodsys.mod.2d.stdlib.obj
 0001:0000608c       ?ref_weak@RTerminal@SDL_core@ui@modules@UModSys@@UEBA_NAEAUWeakPointer@IRefObject@core@5@@Z 000000018000708c f i umodsys_lib_libui:umodsys.mod.ui.SDL_core.obj
 0001:0000608c       ?ref_weak@RBinArchiveFrameClient_ZIP@zlib@media@modules@UModSys@@UEBA_NAEAUWeakPointer@IRefObject@core@5@@Z 000000018000708c f i umodsys_lib_libmedia:umodsys.mod.media.zlib.obj
 0001:0000608c       ?ref_weak@RMouseController@SDL_core@ui@modules@UModSys@@UEBA_NAEAUWeakPointer@IRefObject@core@5@@Z 000000018000708c f i umodsys_lib_libui:umodsys.mod.ui.SDL_core.obj
 0001:0000608c       ?ref_weak@RMultiImage2D_SDL_ttf@SDL_core@ui@modules@UModSys@@UEBA_NAEAUWeakPointer@IRefObject@core@5@@Z 000000018000708c f i umodsys_lib_libui:umodsys.mod.ui.SDL_core.obj
 0001:0000608c       ?ref_weak@RGenerator@SDL_core@ui@modules@UModSys@@UEBA_NAEAUWeakPointer@IRefObject@core@5@@Z 000000018000708c f i umodsys_lib_libui:umodsys.mod.ui.SDL_core.obj
 0001:0000608c       ?ref_weak@RKeyboardController@SDL_core@ui@modules@UModSys@@UEBA_NAEAUWeakPointer@IRefObject@core@5@@Z 000000018000708c f i umodsys_lib_libui:umodsys.mod.ui.SDL_core.obj
 0001:0000608c       ?ref_weak@RGenerator@zlib@media@modules@UModSys@@UEBA_NAEAUWeakPointer@IRefObject@core@5@@Z 000000018000708c f i umodsys_lib_libmedia:umodsys.mod.media.zlib.obj
 0001:0000608c       ?ref_weak@RRenderDriver2D@SDL_core@ui@modules@UModSys@@UEBA_NAEAUWeakPointer@IRefObject@core@5@@Z 000000018000708c f i umodsys_lib_libui:umodsys.mod.ui.SDL_core.obj
 0001:0000608c       ?ref_weak@RDialog@frames@ui@modules@UModSys@@UEBA_NAEAUWeakPointer@IRefObject@core@5@@Z 000000018000708c f i umodsys_lib_libui:umodsys.mod.ui.frames.obj
 0001:0000608c       ?ref_weak@RGenerator@serialize_json@media@modules@UModSys@@UEBA_NAEAUWeakPointer@IRefObject@core@5@@Z 000000018000708c f i umodsys_lib_libmedia:umodsys.mod.media.serialize_json.obj
 0001:0000608c       ?ref_weak@RGenerator@stdlib@lib2d@modules@UModSys@@UEBA_NAEAUWeakPointer@IRefObject@core@5@@Z 000000018000708c f i umodsys_lib_lib2d:umodsys.mod.2d.stdlib.obj
 0001:0000608c       ?ref_weak@RGenerator@images_std@media@modules@UModSys@@UEBA_NAEAUWeakPointer@IRefObject@core@5@@Z 000000018000708c f i umodsys_lib_libmedia:umodsys.mod.media.images_std.obj
 0001:0000608c       ?ref_weak@RGenerator@test1@test@modules@UModSys@@UEBA_NAEAUWeakPointer@IRefObject@core@5@@Z 000000018000708c f i plugin_test1.obj
 0001:0000608c       ?ref_weak@RImageFactory_Memory@stdlib@lib2d@modules@UModSys@@UEBA_NAEAUWeakPointer@IRefObject@core@5@@Z 000000018000708c f i umodsys_lib_lib2d:umodsys.mod.2d.stdlib.obj
 0001:000060ac       ??0RMultiImage2D_SDL_ttf@SDL_core@ui@modules@UModSys@@QEAA@PEAURRenderDriver2D@1234@AEBUSParameters@core@4@@Z 00000001800070ac f i umodsys_lib_libui:umodsys.mod.ui.SDL_core.obj
 0001:000061f0       ?generate_glyphs@RMultiImage2D_SDL_ttf@SDL_core@ui@modules@UModSys@@QEAA_NXZ 00000001800071f0 f i umodsys_lib_libui:umodsys.mod.ui.SDL_core.obj
 0001:000063cc       ?get_max_cell_size@RMultiImage2D_SDL_ttf@SDL_core@ui@modules@UModSys@@UEBA?AU?$TVector2@H@math3d@5@XZ 00000001800073cc f i umodsys_lib_libui:umodsys.mod.ui.SDL_core.obj
 0001:000063cc       ?get_max_layer_size@RMultiImage2D_SDL_ttf@SDL_core@ui@modules@UModSys@@UEBA?AU?$TVector2@H@math3d@5@XZ 00000001800073cc f i umodsys_lib_libui:umodsys.mod.ui.SDL_core.obj
 0001:000063cc       ?image_get_maxsize@RImageFactory_Memory@stdlib@lib2d@modules@UModSys@@UEBA?AU?$TVector2@H@math3d@5@XZ 00000001800073cc f i umodsys_lib_lib2d:umodsys.mod.2d.stdlib.obj
 0001:000063cc       ?get_fixed_cell_size@RMultiImage2D_SDL_ttf@SDL_core@ui@modules@UModSys@@UEBA?AU?$TVector2@H@math3d@5@XZ 00000001800073cc f i umodsys_lib_libui:umodsys.mod.ui.SDL_core.obj
 0001:000063d8       ?setup_variable_cell@RMultiImage2D_SDL_ttf@SDL_core@ui@modules@UModSys@@UEAA_NPEBUSImageCellInfo@lib2d@5@KK@Z 00000001800073d8 f i umodsys_lib_libui:umodsys.mod.ui.SDL_core.obj
 0001:000063d8       ?key_setrepeat@RKeyboardController@SDL_core@ui@modules@UModSys@@UEAA_NMM@Z 00000001800073d8 f i umodsys_lib_libui:umodsys.mod.ui.SDL_core.obj
 0001:000063d8       ?get_minsize@RCollector@frames@ui@modules@UModSys@@UEAA_NAEAU?$TVector2@H@math3d@5@@Z 00000001800073d8 f i umodsys_lib_libui:umodsys.mod.ui.frames.obj
 0001:000063d8       ?mouse_reset@RMouseController@SDL_core@ui@modules@UModSys@@UEAA_NXZ 00000001800073d8 f i umodsys_lib_libui:umodsys.mod.ui.SDL_core.obj
 0001:000063d8       ?isfull@?$TRStackSocket@USFileInfo@libmedia@UModSys@@U?$TDynarrayDynamic@USFileInfo@libmedia@UModSys@@U?$TAllocator@USIMemAlloc@core@UModSys@@USCountCalcPower2@23@@tl@3@@tl@3@@tl@UModSys@@UEBA_NXZ 00000001800073d8 f i plugin_test1.obj
 0001:000063d8       ?get_cell@RMultiImage2D_SDL_ttf@SDL_core@ui@modules@UModSys@@UEBA_NIAEAU?$TVector2@H@math3d@5@PEAU675@PEAG@Z 00000001800073d8 f i umodsys_lib_libui:umodsys.mod.ui.SDL_core.obj
 0001:000063d8       ?set_hint@RMultiImage@stdlib@lib2d@modules@UModSys@@UEAA_NPEBD0@Z 00000001800073d8 f i umodsys_lib_lib2d:umodsys.mod.2d.stdlib.obj
 0001:000063d8       ?set_parameters@RRenderDriver2D@SDL_core@ui@modules@UModSys@@UEAA_NPEBDAEBUSParameters@core@5@@Z 00000001800073d8 f i umodsys_lib_libui:umodsys.mod.ui.SDL_core.obj
 0001:000063d8       ?set_hint@RMultiImage2D_SDL_ttf@SDL_core@ui@modules@UModSys@@UEAA_NPEBD0@Z 00000001800073d8 f i umodsys_lib_libui:umodsys.mod.ui.SDL_core.obj
 0001:000063d8       ?key_reset@RKeyboardController@SDL_core@ui@modules@UModSys@@UEAA_NXZ 00000001800073d8 f i umodsys_lib_libui:umodsys.mod.ui.SDL_core.obj
 0001:000063d8       ?set_repeater@RFrame_Common@frames@ui@modules@UModSys@@UEAA_NHH@Z 00000001800073d8 f i umodsys_lib_libui:umodsys.mod.ui.frames.obj
 0001:000063d8       ?mouse_event@RFrame_Common@frames@ui@modules@UModSys@@MEAA_NPEBUSMouseInput@libui@5@@Z 00000001800073d8 f i umodsys_lib_libui:umodsys.mod.ui.frames.obj
 0001:000063d8       ?mouse_setvisible@RMouseController@SDL_core@ui@modules@UModSys@@UEAA_N_N@Z 00000001800073d8 f i umodsys_lib_libui:umodsys.mod.ui.SDL_core.obj
 0001:000063d8       ?set_insize@RFrame_Common@frames@ui@modules@UModSys@@UEAA_NAEBU?$TVector2@H@math3d@5@@Z 00000001800073d8 f i umodsys_lib_libui:umodsys.mod.ui.frames.obj
 0001:000063d8       ?frame_remove@RCollector@frames@ui@modules@UModSys@@UEAA_NPEAUIFrame@libui@5@@Z 00000001800073d8 f i umodsys_lib_libui:umodsys.mod.ui.frames.obj
 0001:000063d8       ?mouse_setposition@RMouseController@SDL_core@ui@modules@UModSys@@UEAA_NHH@Z 00000001800073d8 f i umodsys_lib_libui:umodsys.mod.ui.SDL_core.obj
 0001:000063d8       ?arc_deinit@RBinArchiveFrameClient_ZIP@zlib@media@modules@UModSys@@UEAA_NPEAUIBinArchiveFrame@libmedia@5@@Z 00000001800073d8 f i umodsys_lib_libmedia:umodsys.mod.media.zlib.obj
 0001:000063d8       ?key_event@RFrame_Common@frames@ui@modules@UModSys@@MEAA_NAEBUSKeyboardInputText@libui@5@@Z 00000001800073d8 f i umodsys_lib_libui:umodsys.mod.ui.frames.obj
 0001:000063d8       ?output_attach_3d@RCollector@frames@ui@modules@UModSys@@UEAA_NPEAUIRenderDriver@lib3d@5@H@Z 00000001800073d8 f i umodsys_lib_libui:umodsys.mod.ui.frames.obj
 0001:000063d8       ?command_draw@RTest1_Shell@test1@test@modules@UModSys@@UEAA_NAEBUSController@libui@5@PEAUIRenderDriver@lib2d@5@AEBU?$TBoundBox2@H@math3d@5@@Z 00000001800073d8 f i plugin_test1.obj
 0001:000063d8       ?filter_load@RMediaFilter@images_std@media@modules@UModSys@@UEAA_NAEBUSInfo@IBinObjFilter@libmedia@5@AEAU?$TRefObject@UIRefObject@core@UModSys@@U?$TRefObjectFunc@UIRefObject@core@UModSys@@@tl@3@@tl@5@@Z 00000001800073d8 f i umodsys_lib_libmedia:umodsys.mod.media.images_std.obj
 0001:000063d8       ?set_layer_count@RMultiImage2D_SDL_ttf@SDL_core@ui@modules@UModSys@@UEAA_NG@Z 00000001800073d8 f i umodsys_lib_libui:umodsys.mod.ui.SDL_core.obj
 0001:000063d8       ?get_maxbox@RCollector@frames@ui@modules@UModSys@@UEAA_NAEAU?$TBoundBox2@H@math3d@5@@Z 00000001800073d8 f i umodsys_lib_libui:umodsys.mod.ui.frames.obj
 0001:000063d8       ?key_event@RFrame_Common@frames@ui@modules@UModSys@@MEAA_NAEBUSKeyboardInputRaw@libui@5@@Z 00000001800073d8 f i umodsys_lib_libui:umodsys.mod.ui.frames.obj
 0001:000063d8       ?setup_fixed_cell@RMultiImage2D_SDL_ttf@SDL_core@ui@modules@UModSys@@UEAA_NHH@Z 00000001800073d8 f i umodsys_lib_libui:umodsys.mod.ui.SDL_core.obj
 0001:000063d8       ?get_cell@RMultiImage2D_SDL_ttf@SDL_core@ui@modules@UModSys@@UEBA_NIAEAUSImageCellInfo@lib2d@5@@Z 00000001800073d8 f i umodsys_lib_libui:umodsys.mod.ui.SDL_core.obj
 0001:000063d8       ?key_setmodifier@RKeyboardController@SDL_core@ui@modules@UModSys@@UEAA_NHHH@Z 00000001800073d8 f i umodsys_lib_libui:umodsys.mod.ui.SDL_core.obj
 0001:000063dc       ??_ERMultiImage2D_SDL_ttf@SDL_core@ui@modules@UModSys@@UEAAPEAXI@Z 00000001800073dc f i  CIL library: CIL module
 0001:000063dc       ??_GRMultiImage2D_SDL_ttf@SDL_core@ui@modules@UModSys@@UEAAPEAXI@Z 00000001800073dc f i umodsys_lib_libui:umodsys.mod.ui.SDL_core.obj
 0001:000064a0       ?root_get_interface_info@RRenderDriver2D@SDL_core@ui@modules@UModSys@@UEBAAEBUSUniquePointerInfo@core@5@XZ 00000001800074a0 f i umodsys_lib_libui:umodsys.mod.ui.SDL_core.obj
 0001:000064a8       ?root_get_interface_type@RRenderDriver2D@SDL_core@ui@modules@UModSys@@UEBAPEBUSUniquePointerInfo@core@5@XZ 00000001800074a8 f i umodsys_lib_libui:umodsys.mod.ui.SDL_core.obj
 0001:000064b0       ?root_get_other_interface@RRenderDriver2D@SDL_core@ui@modules@UModSys@@UEAAPEAUIRoot@core@5@PEBUSUniquePointerInfo@75@@Z 00000001800074b0 f i umodsys_lib_libui:umodsys.mod.ui.SDL_core.obj
 0001:000064b0       ?root_get_other_interface@RRenderDriver2D@SDL_core@ui@modules@UModSys@@UEBAPEBUIRoot@core@5@PEBUSUniquePointerInfo@75@@Z 00000001800074b0 f i umodsys_lib_libui:umodsys.mod.ui.SDL_core.obj
 0001:000064e0       ?root_is_interface_supported@RRenderDriver2D@SDL_core@ui@modules@UModSys@@UEBA_NPEBUSUniquePointerInfo@core@5@@Z 00000001800074e0 f i umodsys_lib_libui:umodsys.mod.ui.SDL_core.obj
 0001:00006510       ??0RRenderDriver2D@SDL_core@ui@modules@UModSys@@QEAA@PEAURTerminal@1234@AEBUSParameters@core@4@@Z 0000000180007510 f i umodsys_lib_libui:umodsys.mod.ui.SDL_core.obj
 0001:00006670       ?open@RRenderDriver2D@SDL_core@ui@modules@UModSys@@QEAA_NAEBUSParameters@core@5@@Z 0000000180007670 f i umodsys_lib_libui:umodsys.mod.ui.SDL_core.obj
 0001:00006884       ?set_color@RRenderDriver2D@SDL_core@ui@modules@UModSys@@QEAAXXZ 0000000180007884 f i umodsys_lib_libui:umodsys.mod.ui.SDL_core.obj
 0001:000068f8       ?get_hwinfo@RImage_Memory@stdlib@lib2d@modules@UModSys@@UEAAPEAXPEBUSUniquePointerInfo@core@5@@Z 00000001800078f8 f i umodsys_lib_lib2d:umodsys.mod.2d.stdlib.obj
 0001:000068f8       ?get_sub@RFrame_Common@frames@ui@modules@UModSys@@UEAAPEAUIFrame@libui@5@PEAU675@H@Z 00000001800078f8 f i umodsys_lib_libui:umodsys.mod.ui.frames.obj
 0001:000068f8       ?get_data@RFrame_Button@frames@ui@modules@UModSys@@UEAAPEAUIFrameData@libui@5@XZ 00000001800078f8 f i umodsys_lib_libui:umodsys.mod.ui.frames.obj
 0001:000068f8       ?get_list@RFrame_Edit@frames@ui@modules@UModSys@@UEAAPEAUIFrameList@libui@5@XZ 00000001800078f8 f i umodsys_lib_libui:umodsys.mod.ui.frames.obj
 0001:000068f8       ?get_data@RFrame_Image@frames@ui@modules@UModSys@@UEAAPEAUIFrameData@libui@5@XZ 00000001800078f8 f i umodsys_lib_libui:umodsys.mod.ui.frames.obj
 0001:000068f8       ?get_ctrlcmd@RFrame_Image@frames@ui@modules@UModSys@@UEAAPEAUIControllerCommand@libui@5@XZ 00000001800078f8 f i umodsys_lib_libui:umodsys.mod.ui.frames.obj
 0001:000068f8       ?get_list@RFrame_Button@frames@ui@modules@UModSys@@UEAAPEAUIFrameList@libui@5@XZ 00000001800078f8 f i umodsys_lib_libui:umodsys.mod.ui.frames.obj
 0001:000068f8       ?get_ctrldata@RFrame_Button@frames@ui@modules@UModSys@@UEAAPEAUIControllerData@libui@5@XZ 00000001800078f8 f i umodsys_lib_libui:umodsys.mod.ui.frames.obj
 0001:000068f8       ?get_hwcinfo@RImage_Memory@stdlib@lib2d@modules@UModSys@@UEBAPEBXPEBUSUniquePointerInfo@core@5@@Z 00000001800078f8 f i umodsys_lib_lib2d:umodsys.mod.2d.stdlib.obj
 0001:000068f8       ?get_list@RFrame_Text@frames@ui@modules@UModSys@@UEAAPEAUIFrameList@libui@5@XZ 00000001800078f8 f i umodsys_lib_libui:umodsys.mod.ui.frames.obj
 0001:000068f8       ?get_ctrlcmd@RFrame_Button@frames@ui@modules@UModSys@@UEAAPEAUIControllerCommand@libui@5@XZ 00000001800078f8 f i umodsys_lib_libui:umodsys.mod.ui.frames.obj
 0001:000068f8       ?get_ctrlcmd@RFrame_List@frames@ui@modules@UModSys@@UEAAPEAUIControllerCommand@libui@5@XZ 00000001800078f8 f i umodsys_lib_libui:umodsys.mod.ui.frames.obj
 0001:000068f8       ?get_ctrldata@RFrame_Edit@frames@ui@modules@UModSys@@UEAAPEAUIControllerData@libui@5@XZ 00000001800078f8 f i umodsys_lib_libui:umodsys.mod.ui.frames.obj
 0001:000068f8       ?get_ctrlcmd@RFrame_Edit@frames@ui@modules@UModSys@@UEAAPEAUIControllerCommand@libui@5@XZ 00000001800078f8 f i umodsys_lib_libui:umodsys.mod.ui.frames.obj
 0001:000068f8       ?get_controller@RRenderDriver2D@SDL_core@ui@modules@UModSys@@UEBAPEAUIRefObject@core@5@PEBUSUniquePointerInfo@75@@Z 00000001800078f8 f i umodsys_lib_libui:umodsys.mod.ui.SDL_core.obj
 0001:000068f8       ?get_ctrldata@RFrame_Frame@frames@ui@modules@UModSys@@UEAAPEAUIControllerData@libui@5@XZ 00000001800078f8 f i umodsys_lib_libui:umodsys.mod.ui.frames.obj
 0001:000068f8       ?get_ctrldata@RFrame_Text@frames@ui@modules@UModSys@@UEAAPEAUIControllerData@libui@5@XZ 00000001800078f8 f i umodsys_lib_libui:umodsys.mod.ui.frames.obj
 0001:000068f8       ?get_ctrlcmd@RFrame_Frame@frames@ui@modules@UModSys@@UEAAPEAUIControllerCommand@libui@5@XZ 00000001800078f8 f i umodsys_lib_libui:umodsys.mod.ui.frames.obj
 0001:000068f8       ?get_ctrldata@RFrame_Image@frames@ui@modules@UModSys@@UEAAPEAUIControllerData@libui@5@XZ 00000001800078f8 f i umodsys_lib_libui:umodsys.mod.ui.frames.obj
 0001:000068f8       ?get_cell_count@RMultiImage2D_SDL_ttf@SDL_core@ui@modules@UModSys@@UEBAIXZ 00000001800078f8 f i umodsys_lib_libui:umodsys.mod.ui.SDL_core.obj
 0001:000068f8       ?get_friend_handler@RTerminal@SDL_core@ui@modules@UModSys@@UEBAPEAUIRefObject@core@5@PEBUSUniquePointerInfo@75@PEAU675@@Z 00000001800078f8 f i umodsys_lib_libui:umodsys.mod.ui.SDL_core.obj
 0001:000068f8       ?get_up_theme@RCollector@frames@ui@modules@UModSys@@UEAAPEAUICollectorTheme@libui@5@XZ 00000001800078f8 f i umodsys_lib_libui:umodsys.mod.ui.frames.obj
 0001:000068f8       ?get_layer_count@RMultiImage2D_SDL_ttf@SDL_core@ui@modules@UModSys@@UEBAGXZ 00000001800078f8 f i umodsys_lib_libui:umodsys.mod.ui.SDL_core.obj
 0001:000068f8       ?get_list@RFrame_Frame@frames@ui@modules@UModSys@@UEAAPEAUIFrameList@libui@5@XZ 00000001800078f8 f i umodsys_lib_libui:umodsys.mod.ui.frames.obj
 0001:000068f8       ?get_layer@RMultiImage2D_SDL_ttf@SDL_core@ui@modules@UModSys@@UEBAPEAUIImage@lib2d@5@G@Z 00000001800078f8 f i umodsys_lib_libui:umodsys.mod.ui.SDL_core.obj
 0001:000068f8       ?get_handler@RTerminal@SDL_core@ui@modules@UModSys@@UEBAPEAUIRefObject@core@5@PEBUSUniquePointerInfo@75@PEBD@Z 00000001800078f8 f i umodsys_lib_libui:umodsys.mod.ui.SDL_core.obj
 0001:000068f8       ?get_data@RFrame_Frame@frames@ui@modules@UModSys@@UEAAPEAUIFrameData@libui@5@XZ 00000001800078f8 f i umodsys_lib_libui:umodsys.mod.ui.frames.obj
 0001:000068f8       ?get_list@RFrame_Image@frames@ui@modules@UModSys@@UEAAPEAUIFrameList@libui@5@XZ 00000001800078f8 f i umodsys_lib_libui:umodsys.mod.ui.frames.obj
 0001:000068f8       ?get_ctrldata@RFrame_List@frames@ui@modules@UModSys@@UEAAPEAUIControllerData@libui@5@XZ 00000001800078f8 f i umodsys_lib_libui:umodsys.mod.ui.frames.obj
 0001:000068f8       ?get_ctrlcmd@RFrame_Text@frames@ui@modules@UModSys@@UEAAPEAUIControllerCommand@libui@5@XZ 00000001800078f8 f i umodsys_lib_libui:umodsys.mod.ui.frames.obj
 0001:000068fc       ?begin@RRenderDriver2D@SDL_core@ui@modules@UModSys@@UEAAXXZ 00000001800078fc f i umodsys_lib_libui:umodsys.mod.ui.SDL_core.obj
 0001:00006968       ?end@RRenderDriver2D@SDL_core@ui@modules@UModSys@@UEAAXXZ 0000000180007968 f i umodsys_lib_libui:umodsys.mod.ui.SDL_core.obj
 0001:00006980       ?get_max_values@RRenderDriver2D@SDL_core@ui@modules@UModSys@@UEBAPEBUSParameters@core@5@XZ 0000000180007980 f i umodsys_lib_libui:umodsys.mod.ui.SDL_core.obj
 0001:00006988       ?get_frame_values@RRenderDriver2D@SDL_core@ui@modules@UModSys@@UEBAPEBUSParameters@core@5@XZ 0000000180007988 f i umodsys_lib_libui:umodsys.mod.ui.SDL_core.obj
 0001:00006990       ?setup_font@RRenderDriver2D@SDL_core@ui@modules@UModSys@@UEAA_NPEAUIMultiImage@lib2d@5@PEBU?$TVector2@M@math3d@5@@Z 0000000180007990 f i umodsys_lib_libui:umodsys.mod.ui.SDL_core.obj
 0001:00006a54       ?setup_color@RRenderDriver2D@SDL_core@ui@modules@UModSys@@UEAAXAEBU?$TVector3@M@math3d@5@@Z 0000000180007a54 f i umodsys_lib_libui:umodsys.mod.ui.SDL_core.obj
 0001:00006a7c       ?setup_color@RRenderDriver2D@SDL_core@ui@modules@UModSys@@UEAAXAEBU?$TVector3@H@math3d@5@@Z 0000000180007a7c f i umodsys_lib_libui:umodsys.mod.ui.SDL_core.obj
 0001:00006acc       ?setup_coloralpha@RRenderDriver2D@SDL_core@ui@modules@UModSys@@UEAAXAEBU?$TVector4@M@math3d@5@H@Z 0000000180007acc f i umodsys_lib_libui:umodsys.mod.ui.SDL_core.obj
 0001:00006af0       ?setup_coloralpha@RRenderDriver2D@SDL_core@ui@modules@UModSys@@UEAAXAEBU?$TVector4@H@math3d@5@H@Z 0000000180007af0 f i umodsys_lib_libui:umodsys.mod.ui.SDL_core.obj
 0001:00006b54       ?setup_blendcolor@RRenderDriver2D@SDL_core@ui@modules@UModSys@@UEAAXAEBUSBlendColor@lib2d@5@@Z 0000000180007b54 f i umodsys_lib_libui:umodsys.mod.ui.SDL_core.obj
 0001:00006bbc       ?setup_blendcolor@RRenderDriver2D@SDL_core@ui@modules@UModSys@@UEAAXAEBUSBlendColorf@lib2d@5@@Z 0000000180007bbc f i umodsys_lib_libui:umodsys.mod.ui.SDL_core.obj
 0001:00006bfc       ?setup_alpha@RRenderDriver2D@SDL_core@ui@modules@UModSys@@UEAAXHH@Z 0000000180007bfc f i umodsys_lib_libui:umodsys.mod.ui.SDL_core.obj
 0001:00006c2c       ?setup_alpha@RRenderDriver2D@SDL_core@ui@modules@UModSys@@UEAAXMH@Z 0000000180007c2c f i umodsys_lib_libui:umodsys.mod.ui.SDL_core.obj
 0001:00006c4c       ?render_text_advanced@RRenderDriver2D@SDL_core@ui@modules@UModSys@@UEAA_NAEAUTextInfo@IRenderDriver@lib2d@5@PEBHH@Z 0000000180007c4c f i umodsys_lib_libui:umodsys.mod.ui.SDL_core.obj
 0001:00006e24       ?render_box@RRenderDriver2D@SDL_core@ui@modules@UModSys@@UEAAXAEBU?$TVector2@H@math3d@5@0@Z 0000000180007e24 f i umodsys_lib_libui:umodsys.mod.ui.SDL_core.obj
 0001:00006e64       ?render_tri@RRenderDriver2D@SDL_core@ui@modules@UModSys@@UEAAXAEBU?$TVector2@H@math3d@5@00@Z 0000000180007e64 f i umodsys_lib_libui:umodsys.mod.ui.SDL_core.obj
 0001:00006edc       ?render_quad@RRenderDriver2D@SDL_core@ui@modules@UModSys@@UEAAXAEBU?$TVector2@H@math3d@5@000@Z 0000000180007edc f i umodsys_lib_libui:umodsys.mod.ui.SDL_core.obj
 0001:00006f84       ?suicide@RGenerator@stdlib@lib2d@modules@UModSys@@UEAAXXZ 0000000180007f84 f i umodsys_lib_lib2d:umodsys.mod.2d.stdlib.obj
 0001:00006f84       ?render_box@RRenderDriver2D@SDL_core@ui@modules@UModSys@@UEAAXPEAUIImage@lib2d@5@AEBU?$TVector2@H@math3d@5@1AEBU?$TVector2@M@95@2@Z 0000000180007f84 f i umodsys_lib_libui:umodsys.mod.ui.SDL_core.obj
 0001:00006f84       ?suicide@RGenerator@serialize_json@media@modules@UModSys@@UEAAXXZ 0000000180007f84 f i umodsys_lib_libmedia:umodsys.mod.media.serialize_json.obj
 0001:00006f84       ?suicide@RGenerator@test1@test@modules@UModSys@@UEAAXXZ 0000000180007f84 f i plugin_test1.obj
 0001:00006f84       ??3@YAXPEAX0@Z             0000000180007f84 f i plugin_test1.obj
 0001:00006f84       ?suicide@RGenerator@frames@ui@modules@UModSys@@UEAAXXZ 0000000180007f84 f i umodsys_lib_libui:umodsys.mod.ui.frames.obj
 0001:00006f84       ?suicide@RGenerator@zlib@media@modules@UModSys@@UEAAXXZ 0000000180007f84 f i umodsys_lib_libmedia:umodsys.mod.media.zlib.obj
 0001:00006f84       ?suicide@RGenerator@SDL_core@ui@modules@UModSys@@UEAAXXZ 0000000180007f84 f i umodsys_lib_libui:umodsys.mod.ui.SDL_core.obj
 0001:00006f84       ?suicide@RGenerator@images_std@media@modules@UModSys@@UEAAXXZ 0000000180007f84 f i umodsys_lib_libmedia:umodsys.mod.media.images_std.obj
 0001:00006f88       ?render_line@RRenderDriver2D@SDL_core@ui@modules@UModSys@@UEAAXAEBU?$TVector2@H@math3d@5@0@Z 0000000180007f88 f i umodsys_lib_libui:umodsys.mod.ui.SDL_core.obj
 0001:00006fb0       ?render_rect@RRenderDriver2D@SDL_core@ui@modules@UModSys@@UEAAXAEBU?$TVector2@H@math3d@5@0@Z 0000000180007fb0 f i umodsys_lib_libui:umodsys.mod.ui.SDL_core.obj
 0001:00006ff0       ??_GRRenderDriver2D@SDL_core@ui@modules@UModSys@@UEAAPEAXI@Z 0000000180007ff0 f i umodsys_lib_libui:umodsys.mod.ui.SDL_core.obj
 0001:00006ff0       ??_ERRenderDriver2D@SDL_core@ui@modules@UModSys@@UEAAPEAXI@Z 0000000180007ff0 f i  CIL library: CIL module
 0001:000070d4       ?root_get_interface_info@RMouseController@SDL_core@ui@modules@UModSys@@UEBAAEBUSUniquePointerInfo@core@5@XZ 00000001800080d4 f i umodsys_lib_libui:umodsys.mod.ui.SDL_core.obj
 0001:000070dc       ?root_get_interface_type@RMouseController@SDL_core@ui@modules@UModSys@@UEBAPEBUSUniquePointerInfo@core@5@XZ 00000001800080dc f i umodsys_lib_libui:umodsys.mod.ui.SDL_core.obj
 0001:000070e4       ?root_get_other_interface@RMouseController@SDL_core@ui@modules@UModSys@@UEBAPEBUIRoot@core@5@PEBUSUniquePointerInfo@75@@Z 00000001800080e4 f i umodsys_lib_libui:umodsys.mod.ui.SDL_core.obj
 0001:000070e4       ?root_get_other_interface@RMouseController@SDL_core@ui@modules@UModSys@@UEAAPEAUIRoot@core@5@PEBUSUniquePointerInfo@75@@Z 00000001800080e4 f i umodsys_lib_libui:umodsys.mod.ui.SDL_core.obj
 0001:00007114       ?root_is_interface_supported@RMouseController@SDL_core@ui@modules@UModSys@@UEBA_NPEBUSUniquePointerInfo@core@5@@Z 0000000180008114 f i umodsys_lib_libui:umodsys.mod.ui.SDL_core.obj
 0001:00007144       ?process@RMouseController@SDL_core@ui@modules@UModSys@@QEAA_NAEAUSDL_MouseMotionEvent@@@Z 0000000180008144 f i umodsys_lib_libui:umodsys.mod.ui.SDL_core.obj
 0001:000072b0       ?process@RMouseController@SDL_core@ui@modules@UModSys@@QEAA_NAEAUSDL_MouseButtonEvent@@@Z 00000001800082b0 f i umodsys_lib_libui:umodsys.mod.ui.SDL_core.obj
 0001:000073dc       ?process@RMouseController@SDL_core@ui@modules@UModSys@@QEAA_NAEAUSDL_MouseWheelEvent@@@Z 00000001800083dc f i umodsys_lib_libui:umodsys.mod.ui.SDL_core.obj
 0001:000074cc       ?mouse_unlink@RMouseController@SDL_core@ui@modules@UModSys@@UEAA_NH@Z 00000001800084cc f i umodsys_lib_libui:umodsys.mod.ui.SDL_core.obj
 0001:000074cc       ?key_unlink@RKeyboardController@SDL_core@ui@modules@UModSys@@UEAA_NH@Z 00000001800084cc f i umodsys_lib_libui:umodsys.mod.ui.SDL_core.obj
 0001:00007524       ?mouse_link@RMouseController@SDL_core@ui@modules@UModSys@@UEAA_NHPEAUIRefObject@core@5@PEAUIMouseClient@libui@5@H@Z 0000000180008524 f i umodsys_lib_libui:umodsys.mod.ui.SDL_core.obj
 0001:00007644       ??_GRMouseController@SDL_core@ui@modules@UModSys@@UEAAPEAXI@Z 0000000180008644 f i umodsys_lib_libui:umodsys.mod.ui.SDL_core.obj
 0001:00007644       ??_ERMouseController@SDL_core@ui@modules@UModSys@@UEAAPEAXI@Z 0000000180008644 f i  CIL library: CIL module
 0001:000076a8       ?root_get_interface_info@RKeyboardController@SDL_core@ui@modules@UModSys@@UEBAAEBUSUniquePointerInfo@core@5@XZ 00000001800086a8 f i umodsys_lib_libui:umodsys.mod.ui.SDL_core.obj
 0001:000076b0       ?root_get_interface_type@RKeyboardController@SDL_core@ui@modules@UModSys@@UEBAPEBUSUniquePointerInfo@core@5@XZ 00000001800086b0 f i umodsys_lib_libui:umodsys.mod.ui.SDL_core.obj
 0001:000076b8       ?root_get_other_interface@RKeyboardController@SDL_core@ui@modules@UModSys@@UEAAPEAUIRoot@core@5@PEBUSUniquePointerInfo@75@@Z 00000001800086b8 f i umodsys_lib_libui:umodsys.mod.ui.SDL_core.obj
 0001:000076b8       ?root_get_other_interface@RKeyboardController@SDL_core@ui@modules@UModSys@@UEBAPEBUIRoot@core@5@PEBUSUniquePointerInfo@75@@Z 00000001800086b8 f i umodsys_lib_libui:umodsys.mod.ui.SDL_core.obj
 0001:000076e8       ?root_is_interface_supported@RKeyboardController@SDL_core@ui@modules@UModSys@@UEBA_NPEBUSUniquePointerInfo@core@5@@Z 00000001800086e8 f i umodsys_lib_libui:umodsys.mod.ui.SDL_core.obj
 0001:00007718       ?process@RKeyboardController@SDL_core@ui@modules@UModSys@@QEAA_NAEAUSDL_KeyboardEvent@@@Z 0000000180008718 f i umodsys_lib_libui:umodsys.mod.ui.SDL_core.obj
 0001:00007894       ?map_keycode@RKeyboardController@SDL_core@ui@modules@UModSys@@QEAA?AW4eKeyCode@libui@5@H@Z 0000000180008894 f i umodsys_lib_libui:umodsys.mod.ui.SDL_core.obj
 0001:00007dbc       ?key_link@RKeyboardController@SDL_core@ui@modules@UModSys@@UEAA_NHPEAUIRefObject@core@5@PEAUIKeyboardClient@libui@5@@Z 0000000180008dbc f i umodsys_lib_libui:umodsys.mod.ui.SDL_core.obj
 0001:00007ec8       ?key_setvisible@RKeyboardController@SDL_core@ui@modules@UModSys@@UEAA_N_N@Z 0000000180008ec8 f i umodsys_lib_libui:umodsys.mod.ui.SDL_core.obj
 0001:00007ee4       ??_GRKeyboardController@SDL_core@ui@modules@UModSys@@UEAAPEAXI@Z 0000000180008ee4 f i umodsys_lib_libui:umodsys.mod.ui.SDL_core.obj
 0001:00007ee4       ??_ERKeyboardController@SDL_core@ui@modules@UModSys@@UEAAPEAXI@Z 0000000180008ee4 f i  CIL library: CIL module
 0001:00007f48       ?root_get_interface_info@RTerminal@SDL_core@ui@modules@UModSys@@UEBAAEBUSUniquePointerInfo@core@5@XZ 0000000180008f48 f i umodsys_lib_libui:umodsys.mod.ui.SDL_core.obj
 0001:00007f50       ?root_get_interface_type@RTerminal@SDL_core@ui@modules@UModSys@@UEBAPEBUSUniquePointerInfo@core@5@XZ 0000000180008f50 f i umodsys_lib_libui:umodsys.mod.ui.SDL_core.obj
 0001:00007f58       ?root_get_other_interface@RTerminal@SDL_core@ui@modules@UModSys@@UEBAPEBUIRoot@core@5@PEBUSUniquePointerInfo@75@@Z 0000000180008f58 f i umodsys_lib_libui:umodsys.mod.ui.SDL_core.obj
 0001:00007f58       ?root_get_other_interface@RTerminal@SDL_core@ui@modules@UModSys@@UEAAPEAUIRoot@core@5@PEBUSUniquePointerInfo@75@@Z 0000000180008f58 f i umodsys_lib_libui:umodsys.mod.ui.SDL_core.obj
 0001:00007f88       ?root_is_interface_supported@RTerminal@SDL_core@ui@modules@UModSys@@UEBA_NPEBUSUniquePointerInfo@core@5@@Z 0000000180008f88 f i umodsys_lib_libui:umodsys.mod.ui.SDL_core.obj
 0001:00007fb8       ?poll_events@RTerminal@SDL_core@ui@modules@UModSys@@UEAA_NH@Z 0000000180008fb8 f i umodsys_lib_libui:umodsys.mod.ui.SDL_core.obj
 0001:000081b0       ?get_terminal_state@RTerminal@SDL_core@ui@modules@UModSys@@UEAA_NW4eTerminalState@libui@5@@Z 00000001800091b0 f i umodsys_lib_libui:umodsys.mod.ui.SDL_core.obj
 0001:000081bc       ?set_terminal_state@RTerminal@SDL_core@ui@modules@UModSys@@UEAA_NW4eTerminalState@libui@5@_N@Z 00000001800091bc f i umodsys_lib_libui:umodsys.mod.ui.SDL_core.obj
 0001:000082e0       ?get_clock@RTerminal@SDL_core@ui@modules@UModSys@@UEAANXZ 00000001800092e0 f i umodsys_lib_libui:umodsys.mod.ui.SDL_core.obj
 0001:000082fc       ?wait@RTerminal@SDL_core@ui@modules@UModSys@@UEAA_NM@Z 00000001800092fc f i umodsys_lib_libui:umodsys.mod.ui.SDL_core.obj
 0001:0000831c       ?get_count@RTerminal@SDL_core@ui@modules@UModSys@@UEBA_KPEBUSUniquePointerInfo@core@5@@Z 000000018000931c f i umodsys_lib_libui:umodsys.mod.ui.SDL_core.obj
 0001:000083b0       ?get_handler@RTerminal@SDL_core@ui@modules@UModSys@@UEBAPEAUIRefObject@core@5@PEBUSUniquePointerInfo@75@_K@Z 00000001800093b0 f i umodsys_lib_libui:umodsys.mod.ui.SDL_core.obj
 0001:00008450       ?create_handler@RTerminal@SDL_core@ui@modules@UModSys@@UEAA_NPEBUSUniquePointerInfo@core@5@AEAU?$TRefObject@UIRefObject@core@UModSys@@U?$TRefObjectFunc@UIRefObject@core@UModSys@@@tl@3@@tl@5@PEBDPEBUSParameters@75@@Z 0000000180009450 f i umodsys_lib_libui:umodsys.mod.ui.SDL_core.obj
 0001:00008838       ??_GRTerminal@SDL_core@ui@modules@UModSys@@UEAAPEAXI@Z 0000000180009838 f i umodsys_lib_libui:umodsys.mod.ui.SDL_core.obj
 0001:00008838       ??_ERTerminal@SDL_core@ui@modules@UModSys@@UEAAPEAXI@Z 0000000180009838 f i  CIL library: CIL module
 0001:00008908       ?get_terminal@RRenderDriver2D@SDL_core@ui@modules@UModSys@@UEBAPEAUITerminal@libui@5@XZ 0000000180009908 f   umodsys_lib_libui:umodsys.mod.ui.SDL_core.obj
 0001:00008910       ?new_font@RRenderDriver2D@SDL_core@ui@modules@UModSys@@UEAA?AU?$TRefObject@UIMultiImage@lib2d@UModSys@@U?$TRefObjectFunc@UIMultiImage@lib2d@UModSys@@@tl@3@@tl@5@AEBUSParameters@core@5@AEBU?$TString@U?$TSCoreConst@D@su@tl@UModSys@@U?$TComparerBinaryHash@D@234@@75@@Z 0000000180009910 f   umodsys_lib_libui:umodsys.mod.ui.SDL_core.obj
 0001:00008a18       ?data_writer@RBinArchiveFrameClient_ZIP@zlib@media@modules@UModSys@@UEAA?AU?$TRefObject@UIStreamWriter@libmedia@UModSys@@U?$TRefObjectFunc@UIStreamWriter@libmedia@UModSys@@@tl@3@@tl@5@PEAUIBinArchiveFrame@libmedia@5@AEBU?$TString@U?$TSCoreConst@D@su@tl@UModSys@@U?$TComparerBinaryHash@D@234@@75@AEBUSFlags@95@@Z 0000000180009a18 f   umodsys_lib_libmedia:umodsys.mod.media.zlib.obj
 0001:00008a18       ?new_picture@RRenderDriver2D@SDL_core@ui@modules@UModSys@@UEAA?AU?$TRefObject@UIImage@lib2d@UModSys@@U?$TRefObjectFunc@UIImage@lib2d@UModSys@@@tl@3@@tl@5@AEBUSParameters@core@5@AEBU?$TString@U?$TSCoreConst@D@su@tl@UModSys@@U?$TComparerBinaryHash@D@234@@75@@Z 0000000180009a18 f   umodsys_lib_libui:umodsys.mod.ui.SDL_core.obj
 0001:00008a28       ?get_generated_names@RGenerator@SDL_core@ui@modules@UModSys@@UEBAHAEAUSUniquePtrList@core@5@@Z 0000000180009a28 f i umodsys_lib_libui:umodsys.mod.ui.SDL_core.obj
 0001:00008a48       ?get_generated_types@RGenerator@SDL_core@ui@modules@UModSys@@UEBAHAEAUSUniquePtrList@core@5@PEBUSUniquePointerInfo@75@@Z 0000000180009a48 f i umodsys_lib_libui:umodsys.mod.ui.SDL_core.obj
 0001:00008aa0       ?generate@RGenerator@SDL_core@ui@modules@UModSys@@UEAA_NAEAU?$TRefObject@UIRefObject@core@UModSys@@U?$TRefObjectFunc@UIRefObject@core@UModSys@@@tl@3@@tl@5@PEBUSUniquePointerInfo@core@5@AEBUSParameters@95@@Z 0000000180009aa0 f i umodsys_lib_libui:umodsys.mod.ui.SDL_core.obj
 0001:00008be4       ?root_get_interface_info@RGenerator@SDL_core@ui@modules@UModSys@@UEBAAEBUSUniquePointerInfo@core@5@XZ 0000000180009be4 f i umodsys_lib_libui:umodsys.mod.ui.SDL_core.obj
 0001:00008bec       ?root_get_interface_type@RGenerator@SDL_core@ui@modules@UModSys@@UEBAPEBUSUniquePointerInfo@core@5@XZ 0000000180009bec f i umodsys_lib_libui:umodsys.mod.ui.SDL_core.obj
 0001:00008bf4       ?root_get_other_interface@RGenerator@SDL_core@ui@modules@UModSys@@UEBAPEBUIRoot@core@5@PEBUSUniquePointerInfo@75@@Z 0000000180009bf4 f i umodsys_lib_libui:umodsys.mod.ui.SDL_core.obj
 0001:00008bf4       ?root_get_other_interface@RGenerator@SDL_core@ui@modules@UModSys@@UEAAPEAUIRoot@core@5@PEBUSUniquePointerInfo@75@@Z 0000000180009bf4 f i umodsys_lib_libui:umodsys.mod.ui.SDL_core.obj
 0001:00008c2c       ?root_is_interface_supported@RGenerator@SDL_core@ui@modules@UModSys@@UEBA_NPEBUSUniquePointerInfo@core@5@@Z 0000000180009c2c f i umodsys_lib_libui:umodsys.mod.ui.SDL_core.obj
 0001:00008c64       ?ref_links@RMouseController@SDL_core@ui@modules@UModSys@@UEBAHXZ 0000000180009c64 f i umodsys_lib_libui:umodsys.mod.ui.SDL_core.obj
 0001:00008c64       ?ref_links@RGenerator@frames@ui@modules@UModSys@@UEBAHXZ 0000000180009c64 f i umodsys_lib_libui:umodsys.mod.ui.frames.obj
 0001:00008c64       ?ref_links@RTerminal@SDL_core@ui@modules@UModSys@@UEBAHXZ 0000000180009c64 f i umodsys_lib_libui:umodsys.mod.ui.SDL_core.obj
 0001:00008c64       ?ref_links@RDialog@frames@ui@modules@UModSys@@UEBAHXZ 0000000180009c64 f i umodsys_lib_libui:umodsys.mod.ui.frames.obj
 0001:00008c64       ?ref_links@RBinArchiveFrameClient_ZIP@zlib@media@modules@UModSys@@UEBAHXZ 0000000180009c64 f i umodsys_lib_libmedia:umodsys.mod.media.zlib.obj
 0001:00008c64       ?ref_links@RKeyboardController@SDL_core@ui@modules@UModSys@@UEBAHXZ 0000000180009c64 f i umodsys_lib_libui:umodsys.mod.ui.SDL_core.obj
 0001:00008c64       ?ref_links@RImageFactory_Memory@stdlib@lib2d@modules@UModSys@@UEBAHXZ 0000000180009c64 f i umodsys_lib_lib2d:umodsys.mod.2d.stdlib.obj
 0001:00008c64       ?ref_links@RMultiImage2D_SDL_ttf@SDL_core@ui@modules@UModSys@@UEBAHXZ 0000000180009c64 f i umodsys_lib_libui:umodsys.mod.ui.SDL_core.obj
 0001:00008c64       ?ref_links@RGenerator@stdlib@lib2d@modules@UModSys@@UEBAHXZ 0000000180009c64 f i umodsys_lib_lib2d:umodsys.mod.2d.stdlib.obj
 0001:00008c64       ?ref_links@RGenerator@SDL_core@ui@modules@UModSys@@UEBAHXZ 0000000180009c64 f i umodsys_lib_libui:umodsys.mod.ui.SDL_core.obj
 0001:00008c64       ?ref_links@RGenerator@test1@test@modules@UModSys@@UEBAHXZ 0000000180009c64 f i plugin_test1.obj
 0001:00008c64       ?ref_links@RSerializeReader@serialize_json@media@modules@UModSys@@UEBAHXZ 0000000180009c64 f i umodsys_lib_libmedia:umodsys.mod.media.serialize_json.obj
 0001:00008c64       ?ref_links@RMultiImage@stdlib@lib2d@modules@UModSys@@UEBAHXZ 0000000180009c64 f i umodsys_lib_lib2d:umodsys.mod.2d.stdlib.obj
 0001:00008c64       ?ref_links@RGenerator@serialize_json@media@modules@UModSys@@UEBAHXZ 0000000180009c64 f i umodsys_lib_libmedia:umodsys.mod.media.serialize_json.obj
 0001:00008c64       ?ref_links@RImage_Memory@stdlib@lib2d@modules@UModSys@@UEBAHXZ 0000000180009c64 f i umodsys_lib_lib2d:umodsys.mod.2d.stdlib.obj
 0001:00008c64       ?ref_links@RRenderDriver2D@SDL_core@ui@modules@UModSys@@UEBAHXZ 0000000180009c64 f i umodsys_lib_libui:umodsys.mod.ui.SDL_core.obj
 0001:00008c64       ?ref_links@RGenerator@zlib@media@modules@UModSys@@UEBAHXZ 0000000180009c64 f i umodsys_lib_libmedia:umodsys.mod.media.zlib.obj
 0001:00008c64       ?ref_links@RGenerator@images_std@media@modules@UModSys@@UEBAHXZ 0000000180009c64 f i umodsys_lib_libmedia:umodsys.mod.media.images_std.obj
 0001:00008c68       ?get_uid@RGenerator@SDL_core@ui@modules@UModSys@@UEBAPEBUSUniquePointerInfo@core@5@XZ 0000000180009c68 f i umodsys_lib_libui:umodsys.mod.ui.SDL_core.obj
 0001:00008c70       ?do_open@RModuleReg@SDL_core@ui@modules@UModSys@@UEAA_NXZ 0000000180009c70 f i umodsys_lib_libui:umodsys.mod.ui.SDL_core.obj
 0001:00008ce4       ?do_close@RModuleReg@SDL_core@ui@modules@UModSys@@UEAA_NXZ 0000000180009ce4 f i umodsys_lib_libui:umodsys.mod.ui.SDL_core.obj
 0001:00008d34       ?get_module@RGenerator@SDL_core@ui@modules@UModSys@@UEBAPEAUIModule@base@5@XZ 0000000180009d34 f   umodsys_lib_libui:umodsys.mod.ui.SDL_core.obj
 0001:00008d3c       ?mod_inc@RGenerator@SDL_core@ui@modules@UModSys@@UEBA_NXZ 0000000180009d3c f   umodsys_lib_libui:umodsys.mod.ui.SDL_core.obj
 0001:00008d4c       ?mod_dec@RGenerator@SDL_core@ui@modules@UModSys@@UEBA_NXZ 0000000180009d4c f   umodsys_lib_libui:umodsys.mod.ui.SDL_core.obj
 0001:00008d60       ?s_holder@RGenerator@SDL_core@ui@modules@UModSys@@SAAEAU?$TTypeStaticHolder@URGenerator@SDL_core@ui@modules@UModSys@@@tl@5@XZ 0000000180009d60 f   umodsys_lib_libui:umodsys.mod.ui.SDL_core.obj
 0001:00008da4       ??1?$TScatterArray@UGlyph@RMultiImage2D_SDL_ttf@SDL_core@ui@modules@UModSys@@HU?$TScalarCompare@H@core@6@U?$TNodeDeleter0@U?$TScatterArrayNode@UGlyph@RMultiImage2D_SDL_ttf@SDL_core@ui@modules@UModSys@@H@tl@UModSys@@@tl@6@@tl@UModSys@@QEAA@XZ 0000000180009da4 f i umodsys_lib_libui:umodsys.mod.ui.SDL_core.obj
 0001:00008e20       ??1?$TRefObject@URRenderDriver2D@SDL_core@ui@modules@UModSys@@U?$TRefObjectWeakFunc@URRenderDriver2D@SDL_core@ui@modules@UModSys@@@tl@5@@tl@UModSys@@QEAA@XZ 0000000180009e20 f i umodsys_lib_libui:umodsys.mod.ui.SDL_core.obj
 0001:00008e20       ??1?$TRefObject@URMultiImage2D_SDL_ttf@SDL_core@ui@modules@UModSys@@U?$TRefObjectWeakFunc@URMultiImage2D_SDL_ttf@SDL_core@ui@modules@UModSys@@@tl@5@@tl@UModSys@@QEAA@XZ 0000000180009e20 f i umodsys_lib_libui:umodsys.mod.ui.SDL_core.obj
 0001:00008e54       ?delete_node@?$TTreeHoldRBD@U?$TScatterArrayNode@U?$TRefObjectCompositeExtra@UIMouseClient@libui@UModSys@@HUIRefObject@core@3@U?$TRefObjectFunc@UIRefObject@core@UModSys@@@tl@3@@tl@UModSys@@H@tl@UModSys@@U?$TNodeDeleter0@U?$TScatterArrayNode@U?$TRefObjectCompositeExtra@UIMouseClient@libui@UModSys@@HUIRefObject@core@3@U?$TRefObjectFunc@UIRefObject@core@UModSys@@@tl@3@@tl@UModSys@@H@tl@UModSys@@@23@@tl@UModSys@@QEAAXPEAU?$TScatterArrayNode@U?$TRefObjectCompositeExtra@UIMouseClient@libui@UModSys@@HUIRefObject@core@3@U?$TRefObjectFunc@UIRefObject@core@UModSys@@@tl@3@@tl@UModSys@@H@23@@Z 0000000180009e54 f i umodsys_lib_libui:umodsys.mod.ui.SDL_core.obj
[...]
 0001:0001e434       ??__E?s_id@?$TObjectUniqueID@URGenerator@zlib@media@modules@UModSys@@@tl@UModSys@@2USUniquePointer@core@3@A@@YAXXZ 000000018001f434 f    CIL library: CIL module
 0001:0001e468       ??__EM@UModSys@@YAXXZ      000000018001f468 f    CIL library: CIL module
 0001:0001e474       ??__E?root@SModuleRegChain@base@UModSys@@2U123@A@@YAXXZ 000000018001f474 f    CIL library: CIL module
 0001:0001e480       ??__E?s_library@RModuleLibraryReg_Chain@base@UModSys@@2U123@A@@YAXXZ 000000018001f480 f    CIL library: CIL module
 0001:0001e48c       ??__E?root@SUniquePointer@core@UModSys@@2U123@A@@YAXXZ 000000018001f48c f    CIL library: CIL module
 0001:0001e498       ??__F?s_modreg@RModuleReg@test1@test@modules@UModSys@@2U12345@A@@YAXXZ 000000018001f498 f    CIL library: CIL module
 0001:0001e4a8       ??__F?s_modreg_chain@RModuleReg@test1@test@modules@UModSys@@2USModuleRegChain@base@5@A@@YAXXZ 000000018001f4a8 f    CIL library: CIL module
 0001:0001e4b4       ??__F?s_uid@RGenerator@test1@test@modules@UModSys@@2USUniquePointer@core@5@A@@YAXXZ 000000018001f4b4 f    CIL library: CIL module
 0001:0001e4c0       ??__Fh@?1??s_holder@RGenerator@test1@test@modules@UModSys@@SAAEAU?$TTypeStaticHolder@URGenerator@test1@test@modules@UModSys@@@tl@5@XZ@YAXXZ 000000018001f4c0 f    CIL library: CIL module
 0001:0001e4e8       ??__F?s_id@?$TObjectUniqueID@URGenerator@test1@test@modules@UModSys@@@tl@UModSys@@2USUniquePointer@core@3@A@@YAXXZ 000000018001f4e8 f    CIL library: CIL module
 0001:0001e4f4       ??__F?s_id@?$TObjectUniqueID@URTest1_Shell@test1@test@modules@UModSys@@@tl@UModSys@@2USUniquePointer@core@3@A@@YAXXZ 000000018001f4f4 f    CIL library: CIL module
 0001:0001e500       ??__F?s_id@?$TObjectUniqueID@URLines_Filter@test1@test@modules@UModSys@@@tl@UModSys@@2USUniquePointer@core@3@A@@YAXXZ 000000018001f500 f    CIL library: CIL module
 0001:0001e50c       ??__F?s_id@?$TObjectUniqueID@URLines@test1@test@modules@UModSys@@@tl@UModSys@@2USUniquePointer@core@3@A@@YAXXZ 000000018001f50c f    CIL library: CIL module
 0001:0001e518       ??__F?s_id@?$TObjectUniqueID@UILines@test1@test@modules@UModSys@@@tl@UModSys@@2USUniquePointer@core@3@A@@YAXXZ 000000018001f518 f    CIL library: CIL module
 0001:0001e524       ??__F?s_id@?$TObjectUniqueID@UIRenderDriver@lib2d@UModSys@@@tl@UModSys@@2USUniquePointer@core@3@A@@YAXXZ 000000018001f524 f    CIL library: CIL module
 0001:0001e530       ??__F?s_id@?$TObjectUniqueID@UIMultiImage@lib2d@UModSys@@@tl@UModSys@@2USUniquePointer@core@3@A@@YAXXZ 000000018001f530 f    CIL library: CIL module
 0001:0001e53c       ??__F?s_id@?$TObjectUniqueID@UIImageFactory@lib2d@UModSys@@@tl@UModSys@@2USUniquePointer@core@3@A@@YAXXZ 000000018001f53c f    CIL library: CIL module
 0001:0001e548       ??__F?s_id@?$TObjectUniqueID@UIImage@lib2d@UModSys@@@tl@UModSys@@2USUniquePointer@core@3@A@@YAXXZ 000000018001f548 f    CIL library: CIL module
 0001:0001e554       ??__F?s_id@?$TObjectUniqueID@UIDialog@libui@UModSys@@@tl@UModSys@@2USUniquePointer@core@3@A@@YAXXZ 000000018001f554 f    CIL library: CIL module
 0001:0001e560       ??__F?s_id@?$TObjectUniqueID@UIFrame@libui@UModSys@@@tl@UModSys@@2USUniquePointer@core@3@A@@YAXXZ 000000018001f560 f    CIL library: CIL module
 0001:0001e56c       ??__F?s_id@?$TObjectUniqueID@UIAsyncCollector@libui@UModSys@@@tl@UModSys@@2USUniquePointer@core@3@A@@YAXXZ 000000018001f56c f    CIL library: CIL module
 0001:0001e578       ??__F?s_id@?$TObjectUniqueID@UIAsyncController@libui@UModSys@@@tl@UModSys@@2USUniquePointer@core@3@A@@YAXXZ 000000018001f578 f    CIL library: CIL module
 0001:0001e584       ??__F?s_id@?$TObjectUniqueID@UICollector@libui@UModSys@@@tl@UModSys@@2USUniquePointer@core@3@A@@YAXXZ 000000018001f584 f    CIL library: CIL module
 0001:0001e590       ??__F?s_id@?$TObjectUniqueID@UIConsoleHelperInput_UIKey@libui@UModSys@@@tl@UModSys@@2USUniquePointer@core@3@A@@YAXXZ 000000018001f590 f    CIL library: CIL module
 0001:0001e59c       ??__F?s_id@?$TObjectUniqueID@UITerminal@libui@UModSys@@@tl@UModSys@@2USUniquePointer@core@3@A@@YAXXZ 000000018001f59c f    CIL library: CIL module
 0001:0001e5a8       ??__F?s_id@?$TObjectUniqueID@UIJoystickController@libui@UModSys@@@tl@UModSys@@2USUniquePointer@core@3@A@@YAXXZ 000000018001f5a8 f    CIL library: CIL module
 0001:0001e5b4       ??__F?s_id@?$TObjectUniqueID@UIMouseController@libui@UModSys@@@tl@UModSys@@2USUniquePointer@core@3@A@@YAXXZ 000000018001f5b4 f    CIL library: CIL module
 0001:0001e5c0       ??__F?s_id@?$TObjectUniqueID@UIKeyboardController@libui@UModSys@@@tl@UModSys@@2USUniquePointer@core@3@A@@YAXXZ 000000018001f5c0 f    CIL library: CIL module
 0001:0001e5cc       ??__F?s_id@?$TObjectUniqueID@UIConsoleHelperOutputFCS@base@UModSys@@@tl@UModSys@@2USUniquePointer@core@3@A@@YAXXZ 000000018001f5cc f    CIL library: CIL module
 0001:0001e5d8       ??__F?s_id@?$TObjectUniqueID@UIConsoleHelperOutput@base@UModSys@@@tl@UModSys@@2USUniquePointer@core@3@A@@YAXXZ 000000018001f5d8 f    CIL library: CIL module
 0001:0001e5e4       ??__F?s_id@?$TObjectUniqueID@UIConsoleHelperInput@base@UModSys@@@tl@UModSys@@2USUniquePointer@core@3@A@@YAXXZ 000000018001f5e4 f    CIL library: CIL module
 0001:0001e5f0       ??__F?s_id@?$TObjectUniqueID@UIConsoleHelperHistory@base@UModSys@@@tl@UModSys@@2USUniquePointer@core@3@A@@YAXXZ 000000018001f5f0 f    CIL library: CIL module
 0001:0001e5fc       ??__F?s_id@?$TObjectUniqueID@UIConsoleHelper@base@UModSys@@@tl@UModSys@@2USUniquePointer@core@3@A@@YAXXZ 000000018001f5fc f    CIL library: CIL module
 0001:0001e608       ??__F?s_id@?$TObjectUniqueID@UIConsoleExt@base@UModSys@@@tl@UModSys@@2USUniquePointer@core@3@A@@YAXXZ 000000018001f608 f    CIL library: CIL module
 0001:0001e614       ??__F?s_id@?$TObjectUniqueID@UISerializeWriter@libmedia@UModSys@@@tl@UModSys@@2USUniquePointer@core@3@A@@YAXXZ 000000018001f614 f    CIL library: CIL module
 0001:0001e620       ??__F?s_id@?$TObjectUniqueID@UISerializeReader@libmedia@UModSys@@@tl@UModSys@@2USUniquePointer@core@3@A@@YAXXZ 000000018001f620 f    CIL library: CIL module
 0001:0001e62c       ??__F?s_id@?$TObjectUniqueID@UIClient@IBinArchiveFrame@libmedia@UModSys@@@tl@UModSys@@2USUniquePointer@core@3@A@@YAXXZ 000000018001f62c f    CIL library: CIL module
 0001:0001e638       ??__F?s_id@?$TObjectUniqueID@UIBinArchiveFrame@libmedia@UModSys@@@tl@UModSys@@2USUniquePointer@core@3@A@@YAXXZ 000000018001f638 f    CIL library: CIL module
 0001:0001e644       ??__F?s_id@?$TObjectUniqueID@UILibraryLayered@libmedia@UModSys@@@tl@UModSys@@2USUniquePointer@core@3@A@@YAXXZ 000000018001f644 f    CIL library: CIL module
 0001:0001e650       ??__F?s_id@?$TObjectUniqueID@UILibraryObjCache@libmedia@UModSys@@@tl@UModSys@@2USUniquePointer@core@3@A@@YAXXZ 000000018001f650 f    CIL library: CIL module
 0001:0001e65c       ??__F?s_id@?$TObjectUniqueID@UILibraryObjFilter@libmedia@UModSys@@@tl@UModSys@@2USUniquePointer@core@3@A@@YAXXZ 000000018001f65c f    CIL library: CIL module
 0001:0001e668       ??__F?s_id@?$TObjectUniqueID@UILibraryBinCache@libmedia@UModSys@@@tl@UModSys@@2USUniquePointer@core@3@A@@YAXXZ 000000018001f668 f    CIL library: CIL module
 0001:0001e674       ??__F?s_id@?$TObjectUniqueID@UILibraryBinTree@libmedia@UModSys@@@tl@UModSys@@2USUniquePointer@core@3@A@@YAXXZ 000000018001f674 f    CIL library: CIL module
 0001:0001e680       ??__F?s_id@?$TObjectUniqueID@UILibrary@libmedia@UModSys@@@tl@UModSys@@2USUniquePointer@core@3@A@@YAXXZ 000000018001f680 f    CIL library: CIL module
 0001:0001e68c       ??__F?s_id@?$TObjectUniqueID@UIBinObjFilter@libmedia@UModSys@@@tl@UModSys@@2USUniquePointer@core@3@A@@YAXXZ 000000018001f68c f    CIL library: CIL module
 0001:0001e698       ??__F?s_id@?$TObjectUniqueID@UIBinArchive@libmedia@UModSys@@@tl@UModSys@@2USUniquePointer@core@3@A@@YAXXZ 000000018001f698 f    CIL library: CIL module
 0001:0001e6a4       ??__F?s_id@?$TObjectUniqueID@UILibObject@libmedia@UModSys@@@tl@UModSys@@2USUniquePointer@core@3@A@@YAXXZ 000000018001f6a4 f    CIL library: CIL module
 0001:0001e6b0       ??__F?s_id@?$TObjectUniqueID@UIUtilities@libmedia@UModSys@@@tl@UModSys@@2USUniquePointer@core@3@A@@YAXXZ 000000018001f6b0 f    CIL library: CIL module
 0001:0001e6bc       ??__F?s_id@?$TObjectUniqueID@UIStreamWriter@libmedia@UModSys@@@tl@UModSys@@2USUniquePointer@core@3@A@@YAXXZ 000000018001f6bc f    CIL library: CIL module
 0001:0001e6c8       ??__F?s_id@?$TObjectUniqueID@UIStreamReader@libmedia@UModSys@@@tl@UModSys@@2USUniquePointer@core@3@A@@YAXXZ 000000018001f6c8 f    CIL library: CIL module
 0001:0001e6d4       ??__F?s_id@?$TObjectUniqueID@UISystem@base@UModSys@@@tl@UModSys@@2USUniquePointer@core@3@A@@YAXXZ 000000018001f6d4 f    CIL library: CIL module
 0001:0001e6e0       ??__F?s_id@?$TObjectUniqueID@UIConsole@base@UModSys@@@tl@UModSys@@2USUniquePointer@core@3@A@@YAXXZ 000000018001f6e0 f    CIL library: CIL module
 0001:0001e6ec       ??__F?s_id@?$TObjectUniqueID@UIShell@base@UModSys@@@tl@UModSys@@2USUniquePointer@core@3@A@@YAXXZ 000000018001f6ec f    CIL library: CIL module
 0001:0001e6f8       ??__F?s_id@?$TObjectUniqueID@UIGenerator@base@UModSys@@@tl@UModSys@@2USUniquePointer@core@3@A@@YAXXZ 000000018001f6f8 f    CIL library: CIL module
 0001:0001e704       ??__F?s_id@?$TObjectUniqueID@UIModObject@base@UModSys@@@tl@UModSys@@2USUniquePointer@core@3@A@@YAXXZ 000000018001f704 f    CIL library: CIL module
 0001:0001e710       ??__F?s_id@?$TObjectUniqueID@UIModuleLibrary@base@UModSys@@@tl@UModSys@@2USUniquePointer@core@3@A@@YAXXZ 000000018001f710 f    CIL library: CIL module
 0001:0001e71c       ??__F?s_id@?$TObjectUniqueID@UIModule@base@UModSys@@@tl@UModSys@@2USUniquePointer@core@3@A@@YAXXZ 000000018001f71c f    CIL library: CIL module
 0001:0001e728       ??__F?s_id@?$TObjectUniqueID@UIParameters@core@UModSys@@@tl@UModSys@@2USUniquePointer@core@3@A@@YAXXZ 000000018001f728 f    CIL library: CIL module
 0001:0001e734       ??__F?s_id@?$TObjectUniqueID@UIRefObject@core@UModSys@@@tl@UModSys@@2USUniquePointer@core@3@A@@YAXXZ 000000018001f734 f    CIL library: CIL module
 0001:0001e740       ??__F?s_id@?$TObjectUniqueID@UIRoot@core@UModSys@@@tl@UModSys@@2USUniquePointer@core@3@A@@YAXXZ 000000018001f740 f    CIL library: CIL module
 0001:0001e74c       ??__F?s_modreg@RModuleReg@stdlib@lib2d@modules@UModSys@@2U12345@A@@YAXXZ 000000018001f74c f    CIL library: CIL module
 0001:0001e75c       ??__F?s_modreg_chain@RModuleReg@stdlib@lib2d@modules@UModSys@@2USModuleRegChain@base@5@A@@YAXXZ 000000018001f75c f    CIL library: CIL module
 0001:0001e768       ??__F?s_uid@RGenerator@stdlib@lib2d@modules@UModSys@@2USUniquePointer@core@5@A@@YAXXZ 000000018001f768 f    CIL library: CIL module
 0001:0001e774       ??__Fh@?1??s_holder@RGenerator@stdlib@lib2d@modules@UModSys@@SAAEAU?$TTypeStaticHolder@URGenerator@stdlib@lib2d@modules@UModSys@@@tl@5@XZ@YAXXZ 000000018001f774 f    CIL library: CIL module
 0001:0001e79c       ??__F?s_id@?$TObjectUniqueID@URGenerator@stdlib@lib2d@modules@UModSys@@@tl@UModSys@@2USUniquePointer@core@3@A@@YAXXZ 000000018001f79c f    CIL library: CIL module
 0001:0001e7a8       ??__F?s_id@?$TObjectUniqueID@URMultiImage@stdlib@lib2d@modules@UModSys@@@tl@UModSys@@2USUniquePointer@core@3@A@@YAXXZ 000000018001f7a8 f    CIL library: CIL module
 0001:0001e7b4       ??__F?s_id@?$TObjectUniqueID@URImageFactory_Memory@stdlib@lib2d@modules@UModSys@@@tl@UModSys@@2USUniquePointer@core@3@A@@YAXXZ 000000018001f7b4 f    CIL library: CIL module
 0001:0001e7c0       ??__F?s_id@?$TObjectUniqueID@URImage_Memory@stdlib@lib2d@modules@UModSys@@@tl@UModSys@@2USUniquePointer@core@3@A@@YAXXZ 000000018001f7c0 f    CIL library: CIL module
 0001:0001e7cc       ??__F?s_modreg@RModuleReg@SDL_core@ui@modules@UModSys@@2U12345@A@@YAXXZ 000000018001f7cc f    CIL library: CIL module
 0001:0001e7dc       ??__F?s_modreg_chain@RModuleReg@SDL_core@ui@modules@UModSys@@2USModuleRegChain@base@5@A@@YAXXZ 000000018001f7dc f    CIL library: CIL module
 0001:0001e7e8       ??__F?s_uid@RGenerator@SDL_core@ui@modules@UModSys@@2USUniquePointer@core@5@A@@YAXXZ 000000018001f7e8 f    CIL library: CIL module
 0001:0001e7f4       ??__Fh@?1??s_holder@RGenerator@SDL_core@ui@modules@UModSys@@SAAEAU?$TTypeStaticHolder@URGenerator@SDL_core@ui@modules@UModSys@@@tl@5@XZ@YAXXZ 000000018001f7f4 f    CIL library: CIL module
 0001:0001e81c       ??__F?s_id@?$TObjectUniqueID@URGenerator@SDL_core@ui@modules@UModSys@@@tl@UModSys@@2USUniquePointer@core@3@A@@YAXXZ 000000018001f81c f    CIL library: CIL module
 0001:0001e828       ??__F?s_id@?$TObjectUniqueID@URTerminal@SDL_core@ui@modules@UModSys@@@tl@UModSys@@2USUniquePointer@core@3@A@@YAXXZ 000000018001f828 f    CIL library: CIL module
 0001:0001e834       ??__F?s_id@?$TObjectUniqueID@URKeyboardController@SDL_core@ui@modules@UModSys@@@tl@UModSys@@2USUniquePointer@core@3@A@@YAXXZ 000000018001f834 f    CIL library: CIL module
 0001:0001e840       ??__F?s_id@?$TObjectUniqueID@URMouseController@SDL_core@ui@modules@UModSys@@@tl@UModSys@@2USUniquePointer@core@3@A@@YAXXZ 000000018001f840 f    CIL library: CIL module
 0001:0001e84c       ??__F?s_id@?$TObjectUniqueID@URRenderDriver2D@SDL_core@ui@modules@UModSys@@@tl@UModSys@@2USUniquePointer@core@3@A@@YAXXZ 000000018001f84c f    CIL library: CIL module
 0001:0001e858       ??__F?s_id@?$TObjectUniqueID@URMultiImage2D_SDL_ttf@SDL_core@ui@modules@UModSys@@@tl@UModSys@@2USUniquePointer@core@3@A@@YAXXZ 000000018001f858 f    CIL library: CIL module
 0001:0001e864       ??__F?s_modreg@RModuleReg@frames@ui@modules@UModSys@@2U12345@A@@YAXXZ 000000018001f864 f    CIL library: CIL module
 0001:0001e874       ??__F?s_modreg_chain@RModuleReg@frames@ui@modules@UModSys@@2USModuleRegChain@base@5@A@@YAXXZ 000000018001f874 f    CIL library: CIL module
 0001:0001e880       ??__F?s_uid@RGenerator@frames@ui@modules@UModSys@@2USUniquePointer@core@5@A@@YAXXZ 000000018001f880 f    CIL library: CIL module
 0001:0001e88c       ??__Fh@?1??s_holder@RGenerator@frames@ui@modules@UModSys@@SAAEAU?$TTypeStaticHolder@URGenerator@frames@ui@modules@UModSys@@@tl@5@XZ@YAXXZ 000000018001f88c f    CIL library: CIL module
 0001:0001e8b4       ??__F?s_id@?$TObjectUniqueID@URGenerator@frames@ui@modules@UModSys@@@tl@UModSys@@2USUniquePointer@core@3@A@@YAXXZ 000000018001f8b4 f    CIL library: CIL module
 0001:0001e8c0       ??__F?s_id@?$TObjectUniqueID@URCollector@frames@ui@modules@UModSys@@@tl@UModSys@@2USUniquePointer@core@3@A@@YAXXZ 000000018001f8c0 f    CIL library: CIL module
 0001:0001e8cc       ??__F?s_id@?$TObjectUniqueID@URFrame_List@frames@ui@modules@UModSys@@@tl@UModSys@@2USUniquePointer@core@3@A@@YAXXZ 000000018001f8cc f    CIL library: CIL module
 0001:0001e8d8       ??__F?s_id@?$TObjectUniqueID@URFrame_Edit@frames@ui@modules@UModSys@@@tl@UModSys@@2USUniquePointer@core@3@A@@YAXXZ 000000018001f8d8 f    CIL library: CIL module
 0001:0001e8e4       ??__F?s_id@?$TObjectUniqueID@URFrame_Button@frames@ui@modules@UModSys@@@tl@UModSys@@2USUniquePointer@core@3@A@@YAXXZ 000000018001f8e4 f    CIL library: CIL module
 0001:0001e8f0       ??__F?s_id@?$TObjectUniqueID@URFrame_Text@frames@ui@modules@UModSys@@@tl@UModSys@@2USUniquePointer@core@3@A@@YAXXZ 000000018001f8f0 f    CIL library: CIL module
 0001:0001e8fc       ??__F?s_id@?$TObjectUniqueID@URFrame_Image@frames@ui@modules@UModSys@@@tl@UModSys@@2USUniquePointer@core@3@A@@YAXXZ 000000018001f8fc f    CIL library: CIL module
 0001:0001e908       ??__F?s_id@?$TObjectUniqueID@URFrame_Frame@frames@ui@modules@UModSys@@@tl@UModSys@@2USUniquePointer@core@3@A@@YAXXZ 000000018001f908 f    CIL library: CIL module
 0001:0001e914       ??__F?s_id@?$TObjectUniqueID@URDialog@frames@ui@modules@UModSys@@@tl@UModSys@@2USUniquePointer@core@3@A@@YAXXZ 000000018001f914 f    CIL library: CIL module
 0001:0001e920       ??__F?s_id@?$TObjectUniqueID@URFrame_Common@frames@ui@modules@UModSys@@@tl@UModSys@@2USUniquePointer@core@3@A@@YAXXZ 000000018001f920 f    CIL library: CIL module
 0001:0001e92c       ??__F?s_modreg@RModuleReg@images_std@media@modules@UModSys@@2U12345@A@@YAXXZ 000000018001f92c f    CIL library: CIL module
 0001:0001e93c       ??__F?s_modreg_chain@RModuleReg@images_std@media@modules@UModSys@@2USModuleRegChain@base@5@A@@YAXXZ 000000018001f93c f    CIL library: CIL module
 0001:0001e948       ??__F?s_uid@RGenerator@images_std@media@modules@UModSys@@2USUniquePointer@core@5@A@@YAXXZ 000000018001f948 f    CIL library: CIL module
 0001:0001e954       ??__Fh@?1??s_holder@RGenerator@images_std@media@modules@UModSys@@SAAEAU?$TTypeStaticHolder@URGenerator@images_std@media@modules@UModSys@@@tl@5@XZ@YAXXZ 000000018001f954 f    CIL library: CIL module
 0001:0001e97c       ??__F?s_id@?$TObjectUniqueID@URGenerator@images_std@media@modules@UModSys@@@tl@UModSys@@2USUniquePointer@core@3@A@@YAXXZ 000000018001f97c f    CIL library: CIL module
 0001:0001e988       ??__F?s_id@?$TObjectUniqueID@URMediaFilter@images_std@media@modules@UModSys@@@tl@UModSys@@2USUniquePointer@core@3@A@@YAXXZ 000000018001f988 f    CIL library: CIL module
 0001:0001e994       ??__F?s_modreg@RModuleReg@serialize_json@media@modules@UModSys@@2U12345@A@@YAXXZ 000000018001f994 f    CIL library: CIL module
 0001:0001e9a4       ??__F?s_modreg_chain@RModuleReg@serialize_json@media@modules@UModSys@@2USModuleRegChain@base@5@A@@YAXXZ 000000018001f9a4 f    CIL library: CIL module
 0001:0001e9b0       ??__F?s_uid@RGenerator@serialize_json@media@modules@UModSys@@2USUniquePointer@core@5@A@@YAXXZ 000000018001f9b0 f    CIL library: CIL module
 0001:0001e9bc       ??__Fh@?1??s_holder@RGenerator@serialize_json@media@modules@UModSys@@SAAEAU?$TTypeStaticHolder@URGenerator@serialize_json@media@modules@UModSys@@@tl@5@XZ@YAXXZ 000000018001f9bc f    CIL library: CIL module
 0001:0001e9e4       ??__F?s_id@?$TObjectUniqueID@URGenerator@serialize_json@media@modules@UModSys@@@tl@UModSys@@2USUniquePointer@core@3@A@@YAXXZ 000000018001f9e4 f    CIL library: CIL module
 0001:0001e9f0       ??__F?s_id@?$TObjectUniqueID@URSerializeWriter@serialize_json@media@modules@UModSys@@@tl@UModSys@@2USUniquePointer@core@3@A@@YAXXZ 000000018001f9f0 f    CIL library: CIL module
 0001:0001e9fc       ??__F?s_id@?$TObjectUniqueID@URSerializeReader@serialize_json@media@modules@UModSys@@@tl@UModSys@@2USUniquePointer@core@3@A@@YAXXZ 000000018001f9fc f    CIL library: CIL module
 0001:0001ea08       ??__F?s_modreg@RModuleReg@zlib@media@modules@UModSys@@2U12345@A@@YAXXZ 000000018001fa08 f    CIL library: CIL module
 0001:0001ea18       ??__F?s_modreg_chain@RModuleReg@zlib@media@modules@UModSys@@2USModuleRegChain@base@5@A@@YAXXZ 000000018001fa18 f    CIL library: CIL module
 0001:0001ea24       ??__F?s_uid@RGenerator@zlib@media@modules@UModSys@@2USUniquePointer@core@5@A@@YAXXZ 000000018001fa24 f    CIL library: CIL module
 0001:0001ea30       ??__Fh@?1??s_holder@RGenerator@zlib@media@modules@UModSys@@SAAEAU?$TTypeStaticHolder@URGenerator@zlib@media@modules@UModSys@@@tl@5@XZ@YAXXZ 000000018001fa30 f    CIL library: CIL module
 0001:0001ea58       ??__F?s_id@?$TObjectUniqueID@URGenerator@zlib@media@modules@UModSys@@@tl@UModSys@@2USUniquePointer@core@3@A@@YAXXZ 000000018001fa58 f    CIL library: CIL module
 0001:0001ea64       ??__F?s_id@?$TObjectUniqueID@URBinArchiveFrameClient_ZIP@zlib@media@modules@UModSys@@@tl@UModSys@@2USUniquePointer@core@3@A@@YAXXZ 000000018001fa64 f    CIL library: CIL module
 0001:0001ea70       ??__FM@UModSys@@YAXXZ      000000018001fa70 f    CIL library: CIL module
 0001:0001ea74       ??__F?root@SModuleRegChain@base@UModSys@@2U123@A@@YAXXZ 000000018001fa74 f    CIL library: CIL module
 0001:0001ea80       ??__F?s_library@RModuleLibraryReg_Chain@base@UModSys@@2U123@A@@YAXXZ 000000018001fa80 f    CIL library: CIL module
 0001:0001ea90       ??__F?root@SUniquePointer@core@UModSys@@2U123@A@@YAXXZ 000000018001fa90 f    CIL library: CIL module

 Exports

  ordinal    name

        1    UModSys_Plugin_Entry2
