 plugin_test1

 Timestamp is 525821c3 (Fri Oct 11 19:05:23 2013)

 Preferred load address is 0000000180000000

 Start         Length     Name                   Class
 0001:00000000 000015ccH .text                   CODE
 0001:000015d0 00000234H .text$x                 CODE
 0001:00001804 0000043cH .text$yc                CODE
 0001:00001c40 00000198H .text$yd                CODE
 0002:00000000 000000e8H .idata$5                DATA
 0002:000000e8 00000008H .CRT$XCA                DATA
 0002:000000f0 00000218H .CRT$XCU                DATA
 0002:00000308 00000008H .CRT$XCZ                DATA
 0002:00000310 00000008H .CRT$XIA                DATA
 0002:00000318 00000008H .CRT$XIAA               DATA
 0002:00000320 00000008H .CRT$XIZ                DATA
 0002:00000330 000007a8H .rdata                  DATA
 0002:00000ad8 00000584H .rdata$r                DATA
 0002:00001060 00000008H .rtc$IAA                DATA
 0002:00001068 00000008H .rtc$IZZ                DATA
 0002:00001070 00000008H .rtc$TAA                DATA
 0002:00001078 00000008H .rtc$TZZ                DATA
 0002:00001080 000002ccH .xdata                  DATA
 0002:0000134c 00000028H .idata$2                DATA
 0002:00001374 00000014H .idata$3                DATA
 0002:00001388 000000e8H .idata$4                DATA
 0002:00001470 00000214H .idata$6                DATA
 0002:00001690 00000059H .edata                  DATA
 0003:00000000 00000368H .data                   DATA
 0003:00000368 000003d8H .bss                    DATA
 0004:00000000 00000360H .pdata                  DATA

  Address         Publics by Value              Rva+Base               Lib:Object

 0000:00000000       ___safe_se_handler_table   0000000000000000     <absolute>
 0000:00000000       ___safe_se_handler_count   0000000000000000     <absolute>
 0000:00000000       __ImageBase                0000000180000000     <linker-defined>
 0001:00000000       ??6SUniquePtrList@core@UModSys@@QEAAAEAU012@PEBUSUniquePointerInfo@12@@Z 0000000180001000 f i plugin_test1.obj
 0001:000000b8       ?get_interface_info@RTest1_Shell@test1@test@modules@UModSys@@UEBAAEBUSUniquePointerInfo@core@5@XZ 00000001800010b8 f i plugin_test1.obj
 0001:000000c0       ?get_interface_type@RTest1_Shell@test1@test@modules@UModSys@@UEBAPEBUSUniquePointerInfo@core@5@XZ 00000001800010c0 f i plugin_test1.obj
 0001:000000c8       ?get_interface_types@RGenerator@test1@test@modules@UModSys@@UEBA_KAEAUSUniquePtrList@core@5@@Z 00000001800010c8 f i plugin_test1.obj
 0001:000000c8       ?get_interface_types@RTest1_Shell@test1@test@modules@UModSys@@UEBA_KAEAUSUniquePtrList@core@5@@Z 00000001800010c8 f i plugin_test1.obj
 0001:000000d0       ?get_other_interface@RTest1_Shell@test1@test@modules@UModSys@@UEBAPEBUIRoot@core@5@PEBUSUniquePointerInfo@75@@Z 00000001800010d0 f i plugin_test1.obj
 0001:000000d0       ?get_other_interface@RTest1_Shell@test1@test@modules@UModSys@@UEAAPEAUIRoot@core@5@PEBUSUniquePointerInfo@75@@Z 00000001800010d0 f i plugin_test1.obj
 0001:00000100       ?suicide@RTest1_Shell@test1@test@modules@UModSys@@UEAAXXZ 0000000180001100 f i plugin_test1.obj
 0001:0000015c       ?file_test2@RTest1_Shell@test1@test@modules@UModSys@@QEAAXXZ 000000018000115c f i plugin_test1.obj
 0001:00000528       ?connect@RTest1_Shell@test1@test@modules@UModSys@@UEAA_NXZ 0000000180001528 f i plugin_test1.obj
 0001:0000054c       ?disconnect@RTest1_Shell@test1@test@modules@UModSys@@UEAA_NXZ 000000018000154c f i plugin_test1.obj
 0001:00000570       ?process_tick@RTest1_Shell@test1@test@modules@UModSys@@UEAA_NAEBUSTimeMsec@core@5@@Z 0000000180001570 f i plugin_test1.obj
 0001:000005a8       ?process_command@RTest1_Shell@test1@test@modules@UModSys@@UEAA_NHQEBU?$TString@U?$TSCoreConst@D@su@tl@UModSys@@U?$TComparerBinaryHash@D@234@@tl@5@@Z 00000001800015a8 f i plugin_test1.obj
 0001:000005cc       ??1?$TParametersA@$0EAA@@core@UModSys@@QEAA@XZ 00000001800015cc f i plugin_test1.obj
 0001:000005e8       ??_ERTest1_Shell@test1@test@modules@UModSys@@UEAAPEAXI@Z 00000001800015e8 f i  CIL library: CIL module
 0001:000005e8       ??_GRTest1_Shell@test1@test@modules@UModSys@@UEAAPEAXI@Z 00000001800015e8 f i plugin_test1.obj
 0001:00000668       ??1IShell@base@UModSys@@UEAA@XZ 0000000180001668 f i plugin_test1.obj
 0001:00000674       ??_GRGenerator@test1@test@modules@UModSys@@UEAAPEAXI@Z 0000000180001674 f i plugin_test1.obj
 0001:00000674       ??_GIRoot@core@UModSys@@UEAAPEAXI@Z 0000000180001674 f i plugin_test1.obj
 0001:00000674       ??_EIRoot@core@UModSys@@UEAAPEAXI@Z 0000000180001674 f i  CIL library: CIL module
 0001:00000674       ??_ERGenerator@test1@test@modules@UModSys@@UEAAPEAXI@Z 0000000180001674 f i  CIL library: CIL module
 0001:00000684       ?get_generated_names@RGenerator@test1@test@modules@UModSys@@UEBAHAEAUSUniquePtrList@core@5@@Z 0000000180001684 f i plugin_test1.obj
 0001:000006a4       ?get_generated_types@RGenerator@test1@test@modules@UModSys@@UEBAHAEAUSUniquePtrList@core@5@PEBUSUniquePointerInfo@75@@Z 00000001800016a4 f i plugin_test1.obj
 0001:00000700       ?generate@RGenerator@test1@test@modules@UModSys@@UEAA_NAEAU?$TRefObject@UIRefObject@core@UModSys@@@tl@5@PEBUSUniquePointerInfo@core@5@AEBUSParameters@95@@Z 0000000180001700 f i plugin_test1.obj
 0001:00000844       ?get_interface_info@RGenerator@test1@test@modules@UModSys@@UEBAAEBUSUniquePointerInfo@core@5@XZ 0000000180001844 f i plugin_test1.obj
 0001:0000084c       ?get_interface_type@RGenerator@test1@test@modules@UModSys@@UEBAPEBUSUniquePointerInfo@core@5@XZ 000000018000184c f i plugin_test1.obj
 0001:00000854       ?get_other_interface@RGenerator@test1@test@modules@UModSys@@UEAAPEAUIRoot@core@5@PEBUSUniquePointerInfo@75@@Z 0000000180001854 f i plugin_test1.obj
 0001:00000854       ?get_other_interface@RGenerator@test1@test@modules@UModSys@@UEBAPEBUIRoot@core@5@PEBUSUniquePointerInfo@75@@Z 0000000180001854 f i plugin_test1.obj
 0001:0000088c       ?ref_add@RTest1_Shell@test1@test@modules@UModSys@@UEBAXXZ 000000018000188c f i plugin_test1.obj
 0001:0000088c       ?ref_add@RGenerator@test1@test@modules@UModSys@@UEBAXXZ 000000018000188c f i plugin_test1.obj
 0001:00000890       ?ref_remove@RGenerator@test1@test@modules@UModSys@@UEBAXXZ 0000000180001890 f i plugin_test1.obj
 0001:00000890       ?ref_remove@RTest1_Shell@test1@test@modules@UModSys@@UEBAXXZ 0000000180001890 f i plugin_test1.obj
 0001:000008a8       ?ref_links@RGenerator@test1@test@modules@UModSys@@UEBAHXZ 00000001800018a8 f i plugin_test1.obj
 0001:000008a8       ?ref_links@RTest1_Shell@test1@test@modules@UModSys@@UEBAHXZ 00000001800018a8 f i plugin_test1.obj
 0001:000008ac       ?get_uid@RGenerator@test1@test@modules@UModSys@@UEBAPEBUSUniquePointerInfo@core@5@XZ 00000001800018ac f i plugin_test1.obj
 0001:000008b4       ?do_open@RModuleReg@test1@test@modules@UModSys@@UEAA_NXZ 00000001800018b4 f i plugin_test1.obj
 0001:00000938       ?do_close@RModuleReg@test1@test@modules@UModSys@@UEAA_NXZ 0000000180001938 f i plugin_test1.obj
 0001:000009b0       ?get_module@RGenerator@test1@test@modules@UModSys@@UEBAPEAUIModule@base@5@XZ 00000001800019b0 f   plugin_test1.obj
 0001:000009b8       ?mod_inc@RGenerator@test1@test@modules@UModSys@@UEBA_NXZ 00000001800019b8 f   plugin_test1.obj
 0001:000009c8       ?mod_dec@RGenerator@test1@test@modules@UModSys@@UEBA_NXZ 00000001800019c8 f   plugin_test1.obj
 0001:000009d8       ?s_holder@RGenerator@test1@test@modules@UModSys@@SAAEAU?$TTypeStaticHolder@URGenerator@test1@test@modules@UModSys@@@tl@5@XZ 00000001800019d8 f   plugin_test1.obj
 0001:00000a1c       ??1?$TRefObject@UIStreamWriter@libmedia@UModSys@@@tl@UModSys@@QEAA@XZ 0000000180001a1c f i plugin_test1.obj
 0001:00000a1c       ??1?$TRefObject@UIRefObject@core@UModSys@@@tl@UModSys@@QEAA@XZ 0000000180001a1c f i plugin_test1.obj
 0001:00000a1c       ??1?$TRefObject@UIDataArchive@libmedia@UModSys@@@tl@UModSys@@QEAA@XZ 0000000180001a1c f i plugin_test1.obj
 0001:00000a1c       ??1?$TRefObject@UIModObject@base@UModSys@@@tl@UModSys@@QEAA@XZ 0000000180001a1c f i plugin_test1.obj
 0001:00000a1c       ??1?$TRefObject@UIStreamReader@libmedia@UModSys@@@tl@UModSys@@QEAA@XZ 0000000180001a1c f i plugin_test1.obj
 0001:00000a40       ?Link@SModuleContext@base@UModSys@@QEAAXPEAUISystem@23@PEAUIMemAlloc@core@3@@Z 0000000180001a40 f   umodsys_lib_base:umodsys.base.modulecontext.obj
 0001:00000a98       ?mlr_count@RModuleLibraryReg_Chain@base@UModSys@@UEBA_KXZ 0000000180001a98 f   umodsys_lib_base:umodsys.base.moduleregchain.obj
 0001:00000ad0       ?mlr_get@RModuleLibraryReg_Chain@base@UModSys@@UEBAPEAUIModuleReg@23@_K@Z 0000000180001ad0 f   umodsys_lib_base:umodsys.base.moduleregchain.obj
 0001:00000afc       ?mlr_open@RModuleLibraryReg_Chain@base@UModSys@@UEAA_NPEAUISystem@23@PEAUIMemAlloc@core@3@@Z 0000000180001afc f   umodsys_lib_base:umodsys.base.moduleregchain.obj
 0001:00000b80       ?mlr_close@RModuleLibraryReg_Chain@base@UModSys@@UEAA_NXZ 0000000180001b80 f   umodsys_lib_base:umodsys.base.moduleregchain.obj
 0001:00000c00       ?mlr_isopen@RModuleLibraryReg_Chain@base@UModSys@@UEBA_NXZ 0000000180001c00 f   umodsys_lib_base:umodsys.base.moduleregchain.obj
 0001:00000c10       ??_ERModuleLibraryReg_Chain@base@UModSys@@UEAAPEAXI@Z 0000000180001c10 f i  CIL library: CIL module
 0001:00000c10       ??_GRModuleLibraryReg_Chain@base@UModSys@@UEAAPEAXI@Z 0000000180001c10 f i umodsys_lib_base:umodsys.base.moduleregchain.obj
 0001:00000c10       ??_GIModuleLibraryReg@base@UModSys@@UEAAPEAXI@Z 0000000180001c10 f i umodsys_lib_base:umodsys.base.modulereg.obj
 0001:00000c10       ??_EIModuleLibraryReg@base@UModSys@@UEAAPEAXI@Z 0000000180001c10 f i  CIL library: CIL module
 0001:00000c38       UModSys_Plugin_Entry2      0000000180001c38 f   umodsys_lib_base:umodsys.so_main.win32.obj
 0001:00000c40       ??_GIModuleReg@base@UModSys@@UEAAPEAXI@Z 0000000180001c40 f i umodsys_lib_base:umodsys.base.modulereg.obj
 0001:00000c40       ??_ERModuleReg@test1@test@modules@UModSys@@UEAAPEAXI@Z 0000000180001c40 f i  CIL library: CIL module
 0001:00000c40       ??_GRModuleReg@test1@test@modules@UModSys@@UEAAPEAXI@Z 0000000180001c40 f i plugin_test1.obj
 0001:00000c40       ??_EIModuleReg@base@UModSys@@UEAAPEAXI@Z 0000000180001c40 f i  CIL library: CIL module
 0001:00000c68       ?mr_isopen@IModuleReg@base@UModSys@@UEBA_NXZ 0000000180001c68 f   umodsys_lib_base:umodsys.base.modulereg.obj
 0001:00000c74       ?mr_open@IModuleReg@base@UModSys@@UEAA_NXZ 0000000180001c74 f   umodsys_lib_base:umodsys.base.modulereg.obj
 0001:00000c98       ?mr_close@IModuleReg@base@UModSys@@UEAA_NXZ 0000000180001c98 f   umodsys_lib_base:umodsys.base.modulereg.obj
 0001:00000cb4       ??0SUniquePointer@core@UModSys@@QEAA@PEBD0H@Z 0000000180001cb4 f   umodsys_lib_core:umodsys.core.uniqueptr.obj
 0001:00000d00       ??1SUniquePointer@core@UModSys@@QEAA@XZ 0000000180001d00 f   umodsys_lib_core:umodsys.core.uniqueptr.obj
 0001:00000d28       ?suicide@IRoot@core@UModSys@@UEAAXXZ 0000000180001d28 f   umodsys_lib_core:umodsys.core.objects.obj
 0001:00000d28       ?suicide@RGenerator@test1@test@modules@UModSys@@UEAAXXZ 0000000180001d28 f   plugin_test1.obj
 0001:00000d2c       ??3IRoot@core@UModSys@@SAXPEAXAEBUSIMemAlloc@12@@Z 0000000180001d2c f   umodsys_lib_core:umodsys.core.objects.obj
 0001:00000d40       _onexit                    0000000180001d40 f   MSVCRT:atonexit.obj
 0001:00000df0       atexit                     0000000180001df0 f   MSVCRT:atonexit.obj
 0001:00000e08       _purecall                  0000000180001e08 f   MSVCRT:MSVCR90.dll
 0001:00000e0e       ??3@YAXPEAX@Z              0000000180001e0e f   MSVCRT:MSVCR90.dll
 0001:00000e14       ??_Etype_info@@UEAAPEAXI@Z 0000000180001e14 f i MSVCRT:ti_inst.obj
 0001:00000ee0       _CRT_INIT                  0000000180001ee0 f   MSVCRT:crtdll.obj
 0001:00001274       _DllMainCRTStartup         0000000180002274 f   MSVCRT:crtdll.obj
 0001:000012b2       __C_specific_handler       00000001800022b2 f   MSVCRT:MSVCR90.dll
 0001:000012b8       _unlock                    00000001800022b8 f   MSVCRT:MSVCR90.dll
 0001:000012be       __dllonexit                00000001800022be f   MSVCRT:MSVCR90.dll
 0001:000012c4       _lock                      00000001800022c4 f   MSVCRT:MSVCR90.dll
 0001:000012cc       ?__ArrayUnwind@@YAXPEAX_KHP6AX0@Z@Z 00000001800022cc f   MSVCRT:ehvecdtr.obj
 0001:00001318       ??_M@YAXPEAX_KHP6AX0@Z@Z   0000000180002318 f   MSVCRT:ehvecdtr.obj
 0001:00001378       __clean_type_info_names    0000000180002378 f   MSVCRT:tncleanup.obj
 0001:00001384       _RTC_Initialize            0000000180002384 f   MSVCRT:_initsect_.obj
 0001:000013bc       _RTC_Terminate             00000001800023bc f   MSVCRT:_initsect_.obj
 0001:00001400       _ValidateImageBase         0000000180002400 f   MSVCRT:pesect.obj
 0001:00001430       _FindPESection             0000000180002430 f   MSVCRT:pesect.obj
 0001:00001480       _IsNonwritableInCurrentImage 0000000180002480 f   MSVCRT:pesect.obj
 0001:000014c2       _initterm                  00000001800024c2 f   MSVCRT:MSVCR90.dll
 0001:000014c8       _initterm_e                00000001800024c8 f   MSVCRT:MSVCR90.dll
 0001:000014ce       _amsg_exit                 00000001800024ce f   MSVCRT:MSVCR90.dll
 0001:000014d4       __CppXcptFilter            00000001800024d4 f   MSVCRT:MSVCR90.dll
 0001:000014dc       DllMain                    00000001800024dc f   MSVCRT:dllmain.obj
 0001:00001500       __security_init_cookie     0000000180002500 f   MSVCRT:gs_support.obj
 0001:000015b4       ?terminate@@YAXXZ          00000001800025b4 f   MSVCRT:MSVCR90.dll
 0001:000015ba       ??1type_info@@UEAA@XZ      00000001800025ba f   MSVCRT:MSVCR90.dll
 0001:000015ba       ?_type_info_dtor_internal_method@type_info@@QEAAXXZ 00000001800025ba f   MSVCRT:MSVCR90.dll
 0001:000015c0       __clean_type_info_names_internal 00000001800025c0 f   MSVCRT:MSVCR90.dll
 0001:000015c6       __CxxFrameHandler3         00000001800025c6 f   MSVCRT:MSVCR90.dll
 0002:00000000       __imp_GetCurrentProcessId  0000000180003000     kernel32:KERNEL32.dll
 0002:00000008       __imp_GetCurrentThreadId   0000000180003008     kernel32:KERNEL32.dll
 0002:00000010       __imp_GetTickCount         0000000180003010     kernel32:KERNEL32.dll
 0002:00000018       __imp_QueryPerformanceCounter 0000000180003018     kernel32:KERNEL32.dll
 0002:00000020       __imp_DisableThreadLibraryCalls 0000000180003020     kernel32:KERNEL32.dll
 0002:00000028       __imp_Sleep                0000000180003028     kernel32:KERNEL32.dll
 0002:00000030       __imp_GetSystemTimeAsFileTime 0000000180003030     kernel32:KERNEL32.dll
 0002:00000038       \177KERNEL32_NULL_THUNK_DATA 0000000180003038     kernel32:KERNEL32.dll
 0002:00000040       __imp__lock                0000000180003040     MSVCRT:MSVCR90.dll
 0002:00000048       __imp__onexit              0000000180003048     MSVCRT:MSVCR90.dll
 0002:00000050       __imp__decode_pointer      0000000180003050     MSVCRT:MSVCR90.dll
 0002:00000058       __imp__malloc_crt          0000000180003058     MSVCRT:MSVCR90.dll
 0002:00000060       __imp__initterm            0000000180003060     MSVCRT:MSVCR90.dll
 0002:00000068       __imp__initterm_e          0000000180003068     MSVCRT:MSVCR90.dll
 0002:00000070       __imp__encode_pointer      0000000180003070     MSVCRT:MSVCR90.dll
 0002:00000078       __imp__amsg_exit           0000000180003078     MSVCRT:MSVCR90.dll
 0002:00000080       __imp___CppXcptFilter      0000000180003080     MSVCRT:MSVCR90.dll
 0002:00000088       __imp_?terminate@@YAXXZ    0000000180003088     MSVCRT:MSVCR90.dll
 0002:00000090       __imp_?_type_info_dtor_internal_method@type_info@@QEAAXXZ 0000000180003090     MSVCRT:MSVCR90.dll
 0002:00000098       __imp___clean_type_info_names_internal 0000000180003098     MSVCRT:MSVCR90.dll
 0002:000000a0       __imp___dllonexit          00000001800030a0     MSVCRT:MSVCR90.dll
 0002:000000a8       __imp__unlock              00000001800030a8     MSVCRT:MSVCR90.dll
 0002:000000b0       __imp___C_specific_handler 00000001800030b0     MSVCRT:MSVCR90.dll
 0002:000000b8       __imp_free                 00000001800030b8     MSVCRT:MSVCR90.dll
 0002:000000c0       __imp_??3@YAXPEAX@Z        00000001800030c0     MSVCRT:MSVCR90.dll
 0002:000000c8       __imp__encoded_null        00000001800030c8     MSVCRT:MSVCR90.dll
 0002:000000d0       __imp__purecall            00000001800030d0     MSVCRT:MSVCR90.dll
 0002:000000d8       __imp___CxxFrameHandler3   00000001800030d8     MSVCRT:MSVCR90.dll
 0002:000000e0       \177MSVCR90_NULL_THUNK_DATA 00000001800030e0     MSVCRT:MSVCR90.dll
 0002:000000e8       __xc_a                     00000001800030e8     MSVCRT:cinitexe.obj
 0002:00000308       __xc_z                     0000000180003308     MSVCRT:cinitexe.obj
 0002:00000310       __xi_a                     0000000180003310     MSVCRT:cinitexe.obj
 0002:00000320       __xi_z                     0000000180003320     MSVCRT:cinitexe.obj
 0002:00000338       ??_7type_info@@6B@         0000000180003338     MSVCRT:ti_inst.obj
 0002:00000340       _pRawDllMain               0000000180003340     MSVCRT:crtdll.obj
 0002:00000340       _pDefaultRawDllMain        0000000180003340     MSVCRT:crtdll.obj
 0002:00000348       ??_C@_0P@GHFPNOJB@bad?5allocation?$AA@ 0000000180003348     plugin_test1.obj
 0002:00000358       ??_C@_0BF@OCNNAADO@UModSys?3?3core?3?3IRoot?$AA@ 0000000180003358     plugin_test1.obj
 0002:00000370       ??_C@_0BK@EMIJFOPA@UModSys?3?3core?3?3IRefObject?$AA@ 0000000180003370     plugin_test1.obj
 0002:00000390       ??_C@_0BL@IOMMHELF@UModSys?3?3core?3?3IParameters?$AA@ 0000000180003390     plugin_test1.obj
 0002:000003b0       ??_C@_0BH@LKDEEPPM@UModSys?3?3base?3?3IModule?$AA@ 00000001800033b0     plugin_test1.obj
 0002:000003c8       ??_C@_0BO@PHJOHFCB@UModSys?3?3base?3?3IModuleLibrary?$AA@ 00000001800033c8     plugin_test1.obj
 0002:000003e8       ??_C@_0BK@FDPIOPHG@UModSys?3?3base?3?3IModObject?$AA@ 00000001800033e8     plugin_test1.obj
 0002:00000408       ??_C@_0BK@OIBKNCKJ@UModSys?3?3base?3?3IGenerator?$AA@ 0000000180003408     plugin_test1.obj
 0002:00000428       ??_C@_0BG@PJBGCMEC@UModSys?3?3base?3?3IShell?$AA@ 0000000180003428     plugin_test1.obj
 0002:00000440       ??_C@_0BI@IKAOEFAP@UModSys?3?3base?3?3IConsole?$AA@ 0000000180003440     plugin_test1.obj
 0002:00000458       ??_C@_0BH@PFCONEJJ@UModSys?3?3base?3?3ISystem?$AA@ 0000000180003458     plugin_test1.obj
 0002:00000470       ??_C@_0CB@CLGNFEGF@UModSys?3?3libmedia?3?3IStreamReader@ 0000000180003470     plugin_test1.obj
 0002:00000498       ??_C@_0CB@HOPFFLP@UModSys?3?3libmedia?3?3IStreamWriter@ 0000000180003498     plugin_test1.obj
 0002:000004c0       ??_C@_0CA@BFJGGLCC@UModSys?3?3libmedia?3?3IDataArchive?$AA@ 00000001800034c0     plugin_test1.obj
 0002:000004e0       ??_C@_0CM@LNHNHIJB@UModSys?3?3modules?3?3test?3?3test1?3?3R@ 00000001800034e0     plugin_test1.obj
 0002:00000510       ??_C@_0M@LAGNAJEJ@?$CK?3?3stdio?3?3?$CK?$AA@ 0000000180003510     plugin_test1.obj
 0002:00000520       ??_C@_0O@CMKKEPPD@read?9test?4txt?$AA@ 0000000180003520     plugin_test1.obj
 0002:00000530       ??_C@_0P@HIBABMLC@write?9test?4txt?$AA@ 0000000180003530     plugin_test1.obj
 0002:00000540       ??_C@_0O@OKDOBIEG@?5?5read?3?5?$HL?$CFs?$HN?6?$AA@ 0000000180003540     plugin_test1.obj
 0002:00000550       ??_C@_0L@BBJPPDJK@?5?5written?6?$AA@ 0000000180003550     plugin_test1.obj
 0002:0000055c       ??_C@_01LFCBOECM@?4?$AA@   000000018000355c     plugin_test1.obj
 0002:00000560       ??_C@_08PEIJGPHF@pathname?$AA@ 0000000180003560     plugin_test1.obj
 0002:00000570       ??_C@_0BL@DDNILKEO@?5?5found?5archive?3?5?$CFs?5?$DN?$DO?5?$CFp?6?$AA@ 0000000180003570     plugin_test1.obj
 0002:00000590       ??_C@_0BC@MCEOIEIN@?5?5gen?5reader?3?5?$CFp?6?$AA@ 0000000180003590     plugin_test1.obj
 0002:000005a8       ??_C@_0BC@GCDHCAFA@?5?5gen?5writer?3?5?$CFp?6?$AA@ 00000001800035a8     plugin_test1.obj
 0002:000005c0       ??_C@_0BC@NIGGCDMG@RTest1_Shell?$CI?$CJ?5?$HL?6?$AA@ 00000001800035c0     plugin_test1.obj
 0002:000005d8       ??_C@_0DK@JIEMIEKA@UModSys?3?3modules?3?3test?3?3test1?3?3R@ 00000001800035d8     plugin_test1.obj
 0002:00000618       ??_C@_0CK@OICDGBDJ@?4?4?2?4?4?2?4?4?2src?2plugin?2test?2plugin_@ 0000000180003618     plugin_test1.obj
 0002:00000648       ??_C@_0BF@BMCPNMPN@?$HN?5?1?1?5RTest1_Shell?$CI?$CJ?6?$AA@ 0000000180003648     plugin_test1.obj
 0002:00000660       ??_C@_0DL@OIAHAJF@UModSys?3?3modules?3?3test?3?3test1?3?3R@ 0000000180003660     plugin_test1.obj
 0002:000006a0       ??_C@_0BB@MLDFLEML@?$HORTest1_Shell?$CI?$CJ?6?$AA@ 00000001800036a0     plugin_test1.obj
 0002:000006b8       ??_C@_0BJ@CCPCJEPP@RTest1_Shell?3?3connect?$CI?$CJ?6?$AA@ 00000001800036b8     plugin_test1.obj
 0002:000006d8       ??_C@_0BM@KBDBHLN@RTest1_Shell?3?3disconnect?$CI?$CJ?6?$AA@ 00000001800036d8     plugin_test1.obj
 0002:000006f8       ??_C@_0BI@PGLACHLJ@RTest1_Shell?3?3tick?$CI?$CFg?$CJ?6?$AA@ 00000001800036f8     plugin_test1.obj
 0002:00000710       ??_C@_0BM@JFIEEBE@RTest1_Shell?3?3command?$CI?$CD?$CFd?$CJ?6?$AA@ 0000000180003710     plugin_test1.obj
 0002:00000730       ??_C@_0CK@DEJPICLK@UModSys?3?3modules?3?3test?3?3test1?3?3R@ 0000000180003730     plugin_test1.obj
 0002:00000760       ??_C@_0DD@HMBJLEH@UMODSYS_MODULE_NAME?$CItest?0test1?$CJ?3@ 0000000180003760     plugin_test1.obj
 0002:00000798       ??_C@_0BA@NMEBLMNE@Test?51?5?9?5module?$AA@ 0000000180003798     plugin_test1.obj
 0002:000007a8       ??_C@_05GENPCEMM@Test1?$AA@ 00000001800037a8     plugin_test1.obj
 0002:000007b0       ??_C@_0BE@HJEBHPIG@RModuleReg?3?3open?$CI?$CJ?6?$AA@ 00000001800037b0     plugin_test1.obj
 0002:000007c8       ??_C@_0BF@KIBBFLP@RModuleReg?3?3close?$CI?$CJ?6?$AA@ 00000001800037c8     plugin_test1.obj
 0002:000007e0       ??_C@_09JGNMLHG@modobject?$AA@ 00000001800037e0     plugin_test1.obj
 0002:000007f0       ??_C@_08FCBDOIAH@typeinfo?$AA@ 00000001800037f0     plugin_test1.obj
 0002:00000808       ??_7IRoot@core@UModSys@@6B@ 0000000180003808     plugin_test1.obj
 0002:00000848       ??_7RTest1_Shell@test1@test@modules@UModSys@@6B@ 0000000180003848     plugin_test1.obj
 0002:000008c8       ??_7RGenerator@test1@test@modules@UModSys@@6B@ 00000001800038c8     plugin_test1.obj
 0002:00000958       ??_7RModuleReg@test1@test@modules@UModSys@@6B@ 0000000180003958     plugin_test1.obj
 0002:00000990       ??_7RModuleLibraryReg_Chain@base@UModSys@@6B@ 0000000180003990     umodsys_lib_base:umodsys.base.moduleregchain.obj
 0002:000009c8       ??_7IModuleReg@base@UModSys@@6B@ 00000001800039c8     umodsys_lib_base:umodsys.base.modulereg.obj
 0002:00000a00       ??_7IModuleLibraryReg@base@UModSys@@6B@ 0000000180003a00     umodsys_lib_base:umodsys.base.modulereg.obj
 0002:00000a30       __real@3f50624dd2f1a9fc    0000000180003a30      CIL library: CIL module
 0002:00000ad8       ??_R4type_info@@6B@        0000000180003ad8     MSVCRT:ti_inst.obj
 0002:00000b00       ??_R3type_info@@8          0000000180003b00     MSVCRT:ti_inst.obj
 0002:00000b18       ??_R2type_info@@8          0000000180003b18     MSVCRT:ti_inst.obj
 0002:00000b28       ??_R1A@?0A@EA@type_info@@8 0000000180003b28     MSVCRT:ti_inst.obj
 0002:00000b50       ??_R4RModuleReg@test1@test@modules@UModSys@@6B@ 0000000180003b50     plugin_test1.obj
 0002:00000b78       ??_R3RModuleReg@test1@test@modules@UModSys@@8 0000000180003b78     plugin_test1.obj
 0002:00000b90       ??_R2RModuleReg@test1@test@modules@UModSys@@8 0000000180003b90     plugin_test1.obj
 0002:00000ba8       ??_R1A@?0A@EA@IModuleReg@base@UModSys@@8 0000000180003ba8     plugin_test1.obj
 0002:00000bd0       ??_R3IModuleReg@base@UModSys@@8 0000000180003bd0     plugin_test1.obj
 0002:00000be8       ??_R2IModuleReg@base@UModSys@@8 0000000180003be8     plugin_test1.obj
 0002:00000bf8       ??_R1A@?0A@EA@RModuleReg@test1@test@modules@UModSys@@8 0000000180003bf8     plugin_test1.obj
 0002:00000c20       ??_R4RGenerator@test1@test@modules@UModSys@@6B@ 0000000180003c20     plugin_test1.obj
 0002:00000c48       ??_R3RGenerator@test1@test@modules@UModSys@@8 0000000180003c48     plugin_test1.obj
 0002:00000c60       ??_R2RGenerator@test1@test@modules@UModSys@@8 0000000180003c60     plugin_test1.obj
 0002:00000c90       ??_R1A@?0A@EA@RGenerator@test1@test@modules@UModSys@@8 0000000180003c90     plugin_test1.obj
 0002:00000cb8       ??_R4RTest1_Shell@test1@test@modules@UModSys@@6B@ 0000000180003cb8     plugin_test1.obj
 0002:00000ce0       ??_R3RTest1_Shell@test1@test@modules@UModSys@@8 0000000180003ce0     plugin_test1.obj
 0002:00000cf8       ??_R2RTest1_Shell@test1@test@modules@UModSys@@8 0000000180003cf8     plugin_test1.obj
 0002:00000d20       ??_R1A@?0A@EA@RTest1_Shell@test1@test@modules@UModSys@@8 0000000180003d20     plugin_test1.obj
 0002:00000d48       ??_R3IShell@base@UModSys@@8 0000000180003d48     plugin_test1.obj
 0002:00000d60       ??_R2IShell@base@UModSys@@8 0000000180003d60     plugin_test1.obj
 0002:00000d80       ??_R1A@?0A@EA@IShell@base@UModSys@@8 0000000180003d80     plugin_test1.obj
 0002:00000da8       ??_R3IGenerator@base@UModSys@@8 0000000180003da8     plugin_test1.obj
 0002:00000dc0       ??_R2IGenerator@base@UModSys@@8 0000000180003dc0     plugin_test1.obj
 0002:00000de8       ??_R1A@?0A@EA@IGenerator@base@UModSys@@8 0000000180003de8     plugin_test1.obj
 0002:00000e10       ??_R3IModObject@base@UModSys@@8 0000000180003e10     plugin_test1.obj
 0002:00000e28       ??_R2IModObject@base@UModSys@@8 0000000180003e28     plugin_test1.obj
 0002:00000e48       ??_R1A@?0A@EA@IModObject@base@UModSys@@8 0000000180003e48     plugin_test1.obj
 0002:00000e70       ??_R3IRefObject@core@UModSys@@8 0000000180003e70     plugin_test1.obj
 0002:00000e88       ??_R2IRefObject@core@UModSys@@8 0000000180003e88     plugin_test1.obj
 0002:00000ea0       ??_R1A@?0A@EA@IRefObject@core@UModSys@@8 0000000180003ea0     plugin_test1.obj
 0002:00000ec8       ??_R4IRoot@core@UModSys@@6B@ 0000000180003ec8     plugin_test1.obj
 0002:00000ef0       ??_R3IRoot@core@UModSys@@8 0000000180003ef0     plugin_test1.obj
 0002:00000f08       ??_R2IRoot@core@UModSys@@8 0000000180003f08     plugin_test1.obj
 0002:00000f18       ??_R1A@?0A@EA@IRoot@core@UModSys@@8 0000000180003f18     plugin_test1.obj
 0002:00000f40       ??_R4RModuleLibraryReg_Chain@base@UModSys@@6B@ 0000000180003f40     umodsys_lib_base:umodsys.base.moduleregchain.obj
 0002:00000f68       ??_R3RModuleLibraryReg_Chain@base@UModSys@@8 0000000180003f68     umodsys_lib_base:umodsys.base.moduleregchain.obj
 0002:00000f80       ??_R2RModuleLibraryReg_Chain@base@UModSys@@8 0000000180003f80     umodsys_lib_base:umodsys.base.moduleregchain.obj
 0002:00000f98       ??_R1A@?0A@EA@IModuleLibraryReg@base@UModSys@@8 0000000180003f98     umodsys_lib_base:umodsys.base.moduleregchain.obj
 0002:00000fc0       ??_R3IModuleLibraryReg@base@UModSys@@8 0000000180003fc0     umodsys_lib_base:umodsys.base.moduleregchain.obj
 0002:00000fd8       ??_R2IModuleLibraryReg@base@UModSys@@8 0000000180003fd8     umodsys_lib_base:umodsys.base.moduleregchain.obj
 0002:00000fe8       ??_R1A@?0A@EA@RModuleLibraryReg_Chain@base@UModSys@@8 0000000180003fe8     umodsys_lib_base:umodsys.base.moduleregchain.obj
 0002:00001010       ??_R4IModuleLibraryReg@base@UModSys@@6B@ 0000000180004010     umodsys_lib_base:umodsys.base.modulereg.obj
 0002:00001038       ??_R4IModuleReg@base@UModSys@@6B@ 0000000180004038     umodsys_lib_base:umodsys.base.modulereg.obj
 0002:00001060       __rtc_iaa                  0000000180004060     MSVCRT:_initsect_.obj
 0002:00001068       __rtc_izz                  0000000180004068     MSVCRT:_initsect_.obj
 0002:00001070       __rtc_taa                  0000000180004070     MSVCRT:_initsect_.obj
 0002:00001078       __rtc_tzz                  0000000180004078     MSVCRT:_initsect_.obj
 0002:0000134c       __IMPORT_DESCRIPTOR_MSVCR90 000000018000434c     MSVCRT:MSVCR90.dll
 0002:00001360       __IMPORT_DESCRIPTOR_KERNEL32 0000000180004360     kernel32:KERNEL32.dll
 0002:00001374       __NULL_IMPORT_DESCRIPTOR   0000000180004374     MSVCRT:MSVCR90.dll
 0003:00000000       ??_R0?AVtype_info@@@8      0000000180005000     MSVCRT:ti_inst.obj
 0003:00000020       __native_dllmain_reason    0000000180005020     MSVCRT:natstart.obj
 0003:00000024       __native_vcclrit_reason    0000000180005024     MSVCRT:natstart.obj
 0003:00000028       __security_cookie          0000000180005028     MSVCRT:gs_cookie.obj
 0003:00000030       __security_cookie_complement 0000000180005030     MSVCRT:gs_cookie.obj
 0003:00000038       ??_R0?AUIModuleReg@base@UModSys@@@8 0000000180005038     plugin_test1.obj
 0003:00000068       ??_R0?AURModuleReg@test1@test@modules@UModSys@@@8 0000000180005068     plugin_test1.obj
 0003:000000a8       ??_R0?AURGenerator@test1@test@modules@UModSys@@@8 00000001800050a8     plugin_test1.obj
 0003:000000e8       ??_R0?AURTest1_Shell@test1@test@modules@UModSys@@@8 00000001800050e8     plugin_test1.obj
 0003:00000128       ??_R0?AUIShell@base@UModSys@@@8 0000000180005128     plugin_test1.obj
 0003:00000158       ??_R0?AUIGenerator@base@UModSys@@@8 0000000180005158     plugin_test1.obj
 0003:00000188       ??_R0?AUIModObject@base@UModSys@@@8 0000000180005188     plugin_test1.obj
 0003:000001b8       ??_R0?AUIRefObject@core@UModSys@@@8 00000001800051b8     plugin_test1.obj
 0003:000001e8       ??_R0?AUIRoot@core@UModSys@@@8 00000001800051e8     plugin_test1.obj
 0003:00000250       ?so_entry_enabled_flag@base@UModSys@@3HA 0000000180005250     umodsys_lib_base:umodsys.so_main.win32.obj
 0003:00000280       ?s_modreg@RModuleReg@test1@test@modules@UModSys@@2U12345@A 0000000180005280     plugin_test1.obj
 0003:000002d0       ?s_modreg_chain@RModuleReg@test1@test@modules@UModSys@@2USModuleRegChain@base@5@A 00000001800052d0     plugin_test1.obj
 0003:000002e8       ?s_library@RModuleLibraryReg_Chain@base@UModSys@@2U123@A 00000001800052e8     umodsys_lib_base:umodsys.base.moduleregchain.obj
 0003:000002f0       ??_R0?AUIModuleLibraryReg@base@UModSys@@@8 00000001800052f0     umodsys_lib_base:umodsys.base.moduleregchain.obj
 0003:00000328       ??_R0?AURModuleLibraryReg_Chain@base@UModSys@@@8 0000000180005328     umodsys_lib_base:umodsys.base.moduleregchain.obj
 0003:00000364       _fltused                   0000000180005364     MSVCRT:dllsupp.obj
 0003:0000036c       _forceCRTManifestRTM       000000018000536c     MSVCRT:crtmanifestrtm.obj
 0003:00000370       ?__type_info_root_node@@3U__type_info_node@@A 0000000180005370     MSVCRT:tncleanup.obj
 0003:000003b0       ?s_id@?$TObjectUniqueID@UIModObject@base@UModSys@@@tl@UModSys@@2USUniquePointer@core@3@A 00000001800053b0     plugin_test1.obj
 0003:000003e0       ?s_id@?$TObjectUniqueID@UIGenerator@base@UModSys@@@tl@UModSys@@2USUniquePointer@core@3@A 00000001800053e0     plugin_test1.obj
 0003:00000410       ?s_id@?$TObjectUniqueID@UIModule@base@UModSys@@@tl@UModSys@@2USUniquePointer@core@3@A 0000000180005410     plugin_test1.obj
 0003:00000440       ?s_id@?$TObjectUniqueID@UIRoot@core@UModSys@@@tl@UModSys@@2USUniquePointer@core@3@A 0000000180005440     plugin_test1.obj
 0003:00000470       ?s_id@?$TObjectUniqueID@UIStreamWriter@libmedia@UModSys@@@tl@UModSys@@2USUniquePointer@core@3@A 0000000180005470     plugin_test1.obj
 0003:000004a0       ?s_id@?$TObjectUniqueID@UISystem@base@UModSys@@@tl@UModSys@@2USUniquePointer@core@3@A 00000001800054a0     plugin_test1.obj
 0003:000004d0       ?s_id@?$TObjectUniqueID@URTest1_Shell@test1@test@modules@UModSys@@@tl@UModSys@@2USUniquePointer@core@3@A 00000001800054d0     plugin_test1.obj
 0003:00000500       ?s_id@?$TObjectUniqueID@UIRefObject@core@UModSys@@@tl@UModSys@@2USUniquePointer@core@3@A 0000000180005500     plugin_test1.obj
 0003:00000530       ?s_id@?$TObjectUniqueID@UIShell@base@UModSys@@@tl@UModSys@@2USUniquePointer@core@3@A 0000000180005530     plugin_test1.obj
 0003:00000560       ?s_id@?$TObjectUniqueID@UIConsole@base@UModSys@@@tl@UModSys@@2USUniquePointer@core@3@A 0000000180005560     plugin_test1.obj
 0003:00000590       ?s_id@?$TObjectUniqueID@UIDataArchive@libmedia@UModSys@@@tl@UModSys@@2USUniquePointer@core@3@A 0000000180005590     plugin_test1.obj
 0003:000005c0       ?s_id@?$TObjectUniqueID@URGenerator@test1@test@modules@UModSys@@@tl@UModSys@@2USUniquePointer@core@3@A 00000001800055c0     plugin_test1.obj
 0003:000005f0       ?s_uid@RGenerator@test1@test@modules@UModSys@@2USUniquePointer@core@5@A 00000001800055f0     plugin_test1.obj
 0003:00000620       ?M@UModSys@@3USModuleContext@base@1@A 0000000180005620     umodsys_lib_base:umodsys.base.modulecontext.obj
 0003:00000640       ?root@SModuleRegChain@base@UModSys@@2U123@A 0000000180005640     umodsys_lib_base:umodsys.base.moduleregchain.obj
 0003:00000658       ?root@SUniquePointer@core@UModSys@@2U123@A 0000000180005658     umodsys_lib_core:umodsys.core.uniqueptr.obj
 0003:00000688       ?s_id@?$TObjectUniqueID@UIModuleLibrary@base@UModSys@@@tl@UModSys@@2USUniquePointer@core@3@A 0000000180005688     plugin_test1.obj
 0003:000006b8       ?s_id@?$TObjectUniqueID@UIStreamReader@libmedia@UModSys@@@tl@UModSys@@2USUniquePointer@core@3@A 00000001800056b8     plugin_test1.obj
 0003:000006e8       ?s_id@?$TObjectUniqueID@UIParameters@core@UModSys@@@tl@UModSys@@2USUniquePointer@core@3@A 00000001800056e8     plugin_test1.obj
 0003:00000718       __native_startup_state     0000000180005718     <common>
 0003:00000720       __native_startup_lock      0000000180005720     <common>
 0003:00000728       __dyn_tls_init_callback    0000000180005728     <common>
 0003:00000730       __onexitend                0000000180005730     <common>
 0003:00000738       __onexitbegin              0000000180005738     <common>

 entry point at        0001:00001274

 Static symbols

 0001:00000e80       pre_c_init                 0000000180001e80 f   MSVCRT:crtdll.obj
 0001:0000113c       __DllMainCRTStartup        000000018000213c f   MSVCRT:crtdll.obj
 0001:000015d0       _onexit$fin$0              00000001800025d0 f   MSVCRT:atonexit.obj
 0001:000015e9       __DllMainCRTStartup$filt$0 00000001800025e9 f   MSVCRT:crtdll.obj
 0001:00001619       __DllMainCRTStartup$fin$1  0000000180002619 f   MSVCRT:crtdll.obj
 0001:00001632       ?filt$0@?0??__ArrayUnwind@@YAXPEAX_KHP6AX0@Z@Z@4HA 0000000180002632 f   MSVCRT:ehvecdtr.obj
 0001:00001671       ?fin$0@?0???_M@YAXPEAX_KHP6AX0@Z@Z@4HA 0000000180002671 f   MSVCRT:ehvecdtr.obj
 0001:000016a0       _IsNonwritableInCurrentImage$filt$0 00000001800026a0 f   MSVCRT:pesect.obj
 0001:000016c1       ?dtor$0@?0???_GRTest1_Shell@test1@test@modules@UModSys@@UEAAPEAXI@Z@4HA 00000001800026c1 f    CIL library: CIL module
 0001:000016d9       ?dtor$0@?0??suicide@RTest1_Shell@test1@test@modules@UModSys@@UEAAXXZ@4HA 00000001800026d9 f    CIL library: CIL module
 0001:000016f1       ?dtor$0@?0??file_test2@RTest1_Shell@test1@test@modules@UModSys@@QEAAXXZ@4HA 00000001800026f1 f    CIL library: CIL module
 0001:00001711       ?dtor$1@?0??file_test2@RTest1_Shell@test1@test@modules@UModSys@@QEAAXXZ@4HA 0000000180002711 f    CIL library: CIL module
 0001:00001731       ?dtor$2@?0??file_test2@RTest1_Shell@test1@test@modules@UModSys@@QEAAXXZ@4HA 0000000180002731 f    CIL library: CIL module
 0001:00001751       ?dtor$3@?0??file_test2@RTest1_Shell@test1@test@modules@UModSys@@QEAAXXZ@4HA 0000000180002751 f    CIL library: CIL module
 0001:00001771       ?dtor$7@?0??file_test2@RTest1_Shell@test1@test@modules@UModSys@@QEAAXXZ@4HA 0000000180002771 f    CIL library: CIL module
 0001:00001791       ?dtor$4@?0??file_test2@RTest1_Shell@test1@test@modules@UModSys@@QEAAXXZ@4HA 0000000180002791 f    CIL library: CIL module
 0001:000017b1       ?dtor$5@?0??file_test2@RTest1_Shell@test1@test@modules@UModSys@@QEAAXXZ@4HA 00000001800027b1 f    CIL library: CIL module
 0001:000017cc       ?dtor$0@?0??generate@RGenerator@test1@test@modules@UModSys@@UEAA_NAEAU?$TRefObject@UIRefObject@core@UModSys@@@tl@5@PEBUSUniquePointerInfo@core@5@AEBUSParameters@95@@Z@4HA 00000001800027cc f    CIL library: CIL module
 0001:000017ec       ?dtor$1@?0??generate@RGenerator@test1@test@modules@UModSys@@UEAA_NAEAU?$TRefObject@UIRefObject@core@UModSys@@@tl@5@PEBUSUniquePointerInfo@core@5@AEBUSParameters@95@@Z@4HA 00000001800027ec f    CIL library: CIL module
 0001:00001804       ??__E?s_modreg@RModuleReg@test1@test@modules@UModSys@@2U12345@A@@YAXXZ 0000000180002804 f    CIL library: CIL module
 0001:00001894       ??__E?s_modreg_chain@RModuleReg@test1@test@modules@UModSys@@2USModuleRegChain@base@5@A@@YAXXZ 0000000180002894 f    CIL library: CIL module
 0001:000018d0       ??__E?s_uid@RGenerator@test1@test@modules@UModSys@@2USUniquePointer@core@5@A@@YAXXZ 00000001800028d0 f    CIL library: CIL module
 0001:00001904       ??__E?s_id@?$TObjectUniqueID@UIRoot@core@UModSys@@@tl@UModSys@@2USUniquePointer@core@3@A@@YAXXZ 0000000180002904 f    CIL library: CIL module
 0001:00001938       ??__E?s_id@?$TObjectUniqueID@UIRefObject@core@UModSys@@@tl@UModSys@@2USUniquePointer@core@3@A@@YAXXZ 0000000180002938 f    CIL library: CIL module
 0001:0000196c       ??__E?s_id@?$TObjectUniqueID@UIParameters@core@UModSys@@@tl@UModSys@@2USUniquePointer@core@3@A@@YAXXZ 000000018000296c f    CIL library: CIL module
 0001:000019a0       ??__E?s_id@?$TObjectUniqueID@UIModule@base@UModSys@@@tl@UModSys@@2USUniquePointer@core@3@A@@YAXXZ 00000001800029a0 f    CIL library: CIL module
 0001:000019d4       ??__E?s_id@?$TObjectUniqueID@UIModuleLibrary@base@UModSys@@@tl@UModSys@@2USUniquePointer@core@3@A@@YAXXZ 00000001800029d4 f    CIL library: CIL module
 0001:00001a08       ??__E?s_id@?$TObjectUniqueID@UIModObject@base@UModSys@@@tl@UModSys@@2USUniquePointer@core@3@A@@YAXXZ 0000000180002a08 f    CIL library: CIL module
 0001:00001a3c       ??__E?s_id@?$TObjectUniqueID@UIGenerator@base@UModSys@@@tl@UModSys@@2USUniquePointer@core@3@A@@YAXXZ 0000000180002a3c f    CIL library: CIL module
 0001:00001a70       ??__E?s_id@?$TObjectUniqueID@UIShell@base@UModSys@@@tl@UModSys@@2USUniquePointer@core@3@A@@YAXXZ 0000000180002a70 f    CIL library: CIL module
 0001:00001aa4       ??__E?s_id@?$TObjectUniqueID@UIConsole@base@UModSys@@@tl@UModSys@@2USUniquePointer@core@3@A@@YAXXZ 0000000180002aa4 f    CIL library: CIL module
 0001:00001ad8       ??__E?s_id@?$TObjectUniqueID@UISystem@base@UModSys@@@tl@UModSys@@2USUniquePointer@core@3@A@@YAXXZ 0000000180002ad8 f    CIL library: CIL module
 0001:00001b0c       ??__E?s_id@?$TObjectUniqueID@UIStreamReader@libmedia@UModSys@@@tl@UModSys@@2USUniquePointer@core@3@A@@YAXXZ 0000000180002b0c f    CIL library: CIL module
 0001:00001b40       ??__E?s_id@?$TObjectUniqueID@UIStreamWriter@libmedia@UModSys@@@tl@UModSys@@2USUniquePointer@core@3@A@@YAXXZ 0000000180002b40 f    CIL library: CIL module
 0001:00001b74       ??__E?s_id@?$TObjectUniqueID@UIDataArchive@libmedia@UModSys@@@tl@UModSys@@2USUniquePointer@core@3@A@@YAXXZ 0000000180002b74 f    CIL library: CIL module
 0001:00001ba8       ??__E?s_id@?$TObjectUniqueID@URTest1_Shell@test1@test@modules@UModSys@@@tl@UModSys@@2USUniquePointer@core@3@A@@YAXXZ 0000000180002ba8 f    CIL library: CIL module
 0001:00001bdc       ??__E?s_id@?$TObjectUniqueID@URGenerator@test1@test@modules@UModSys@@@tl@UModSys@@2USUniquePointer@core@3@A@@YAXXZ 0000000180002bdc f    CIL library: CIL module
 0001:00001c10       ??__EM@UModSys@@YAXXZ      0000000180002c10 f    CIL library: CIL module
 0001:00001c1c       ??__E?root@SModuleRegChain@base@UModSys@@2U123@A@@YAXXZ 0000000180002c1c f    CIL library: CIL module
 0001:00001c28       ??__E?s_library@RModuleLibraryReg_Chain@base@UModSys@@2U123@A@@YAXXZ 0000000180002c28 f    CIL library: CIL module
 0001:00001c34       ??__E?root@SUniquePointer@core@UModSys@@2U123@A@@YAXXZ 0000000180002c34 f    CIL library: CIL module
 0001:00001c40       ??__F?s_modreg@RModuleReg@test1@test@modules@UModSys@@2U12345@A@@YAXXZ 0000000180002c40 f    CIL library: CIL module
 0001:00001c50       ??__F?s_modreg_chain@RModuleReg@test1@test@modules@UModSys@@2USModuleRegChain@base@5@A@@YAXXZ 0000000180002c50 f    CIL library: CIL module
 0001:00001c90       ??__F?s_uid@RGenerator@test1@test@modules@UModSys@@2USUniquePointer@core@5@A@@YAXXZ 0000000180002c90 f    CIL library: CIL module
 0001:00001c9c       ??__Fh@?1??s_holder@RGenerator@test1@test@modules@UModSys@@SAAEAU?$TTypeStaticHolder@URGenerator@test1@test@modules@UModSys@@@tl@5@XZ@YAXXZ 0000000180002c9c f    CIL library: CIL module
 0001:00001cc4       ??__F?s_id@?$TObjectUniqueID@URGenerator@test1@test@modules@UModSys@@@tl@UModSys@@2USUniquePointer@core@3@A@@YAXXZ 0000000180002cc4 f    CIL library: CIL module
 0001:00001cd0       ??__F?s_id@?$TObjectUniqueID@URTest1_Shell@test1@test@modules@UModSys@@@tl@UModSys@@2USUniquePointer@core@3@A@@YAXXZ 0000000180002cd0 f    CIL library: CIL module
 0001:00001cdc       ??__F?s_id@?$TObjectUniqueID@UIDataArchive@libmedia@UModSys@@@tl@UModSys@@2USUniquePointer@core@3@A@@YAXXZ 0000000180002cdc f    CIL library: CIL module
 0001:00001ce8       ??__F?s_id@?$TObjectUniqueID@UIStreamWriter@libmedia@UModSys@@@tl@UModSys@@2USUniquePointer@core@3@A@@YAXXZ 0000000180002ce8 f    CIL library: CIL module
 0001:00001cf4       ??__F?s_id@?$TObjectUniqueID@UIStreamReader@libmedia@UModSys@@@tl@UModSys@@2USUniquePointer@core@3@A@@YAXXZ 0000000180002cf4 f    CIL library: CIL module
 0001:00001d00       ??__F?s_id@?$TObjectUniqueID@UISystem@base@UModSys@@@tl@UModSys@@2USUniquePointer@core@3@A@@YAXXZ 0000000180002d00 f    CIL library: CIL module
 0001:00001d0c       ??__F?s_id@?$TObjectUniqueID@UIConsole@base@UModSys@@@tl@UModSys@@2USUniquePointer@core@3@A@@YAXXZ 0000000180002d0c f    CIL library: CIL module
 0001:00001d18       ??__F?s_id@?$TObjectUniqueID@UIShell@base@UModSys@@@tl@UModSys@@2USUniquePointer@core@3@A@@YAXXZ 0000000180002d18 f    CIL library: CIL module
 0001:00001d24       ??__F?s_id@?$TObjectUniqueID@UIGenerator@base@UModSys@@@tl@UModSys@@2USUniquePointer@core@3@A@@YAXXZ 0000000180002d24 f    CIL library: CIL module
 0001:00001d30       ??__F?s_id@?$TObjectUniqueID@UIModObject@base@UModSys@@@tl@UModSys@@2USUniquePointer@core@3@A@@YAXXZ 0000000180002d30 f    CIL library: CIL module
 0001:00001d3c       ??__F?s_id@?$TObjectUniqueID@UIModuleLibrary@base@UModSys@@@tl@UModSys@@2USUniquePointer@core@3@A@@YAXXZ 0000000180002d3c f    CIL library: CIL module
 0001:00001d48       ??__F?s_id@?$TObjectUniqueID@UIModule@base@UModSys@@@tl@UModSys@@2USUniquePointer@core@3@A@@YAXXZ 0000000180002d48 f    CIL library: CIL module
 0001:00001d54       ??__F?s_id@?$TObjectUniqueID@UIParameters@core@UModSys@@@tl@UModSys@@2USUniquePointer@core@3@A@@YAXXZ 0000000180002d54 f    CIL library: CIL module
 0001:00001d60       ??__F?s_id@?$TObjectUniqueID@UIRefObject@core@UModSys@@@tl@UModSys@@2USUniquePointer@core@3@A@@YAXXZ 0000000180002d60 f    CIL library: CIL module
 0001:00001d6c       ??__F?s_id@?$TObjectUniqueID@UIRoot@core@UModSys@@@tl@UModSys@@2USUniquePointer@core@3@A@@YAXXZ 0000000180002d6c f    CIL library: CIL module
 0001:00001d78       ??__FM@UModSys@@YAXXZ      0000000180002d78 f    CIL library: CIL module
 0001:00001d7c       ??__F?root@SModuleRegChain@base@UModSys@@2U123@A@@YAXXZ 0000000180002d7c f    CIL library: CIL module
 0001:00001dbc       ??__F?s_library@RModuleLibraryReg_Chain@base@UModSys@@2U123@A@@YAXXZ 0000000180002dbc f    CIL library: CIL module
 0001:00001dcc       ??__F?root@SUniquePointer@core@UModSys@@2U123@A@@YAXXZ 0000000180002dcc f    CIL library: CIL module

 Exports

  ordinal    name

        1    UModSys_Plugin_Entry2
