 plugin_test1

 Timestamp is 52a1ba13 (Fri Dec 06 14:50:43 2013)

 Preferred load address is 0000000180000000

 Start         Length     Name                   Class
 0001:00000000 000118c0H .text                   CODE
 0001:000118c0 0000005eH .text$00                CODE
 0001:00011920 000010a6H .text$x                 CODE
 0001:000129c8 00001078H .text$yc                CODE
 0001:00013a40 000005f4H .text$yd                CODE
 0002:00000000 00000330H .idata$5                DATA
 0002:00000330 00000008H .CRT$XCA                DATA
 0002:00000338 00000d78H .CRT$XCU                DATA
 0002:000010b0 00000008H .CRT$XCZ                DATA
 0002:000010b8 00000008H .CRT$XIA                DATA
 0002:000010c0 00000008H .CRT$XIAA               DATA
 0002:000010c8 00000008H .CRT$XIZ                DATA
 0002:000010d0 00003ab8H .rdata                  DATA
 0002:00004b90 000021ecH .rdata$r                DATA
 0002:00006d80 00000008H .rtc$IAA                DATA
 0002:00006d88 00000008H .rtc$IZZ                DATA
 0002:00006d90 00000008H .rtc$TAA                DATA
 0002:00006d98 00000008H .rtc$TZZ                DATA
 0002:00006da0 00001f50H .xdata                  DATA
 0002:00008cf0 00000064H .idata$2                DATA
 0002:00008d54 00000014H .idata$3                DATA
 0002:00008d68 00000330H .idata$4                DATA
 0002:00009098 0000076aH .idata$6                DATA
 0002:00009810 00000059H .edata                  DATA
 0003:00000000 00000f10H .data                   DATA
 0003:00000f10 00001100H .bss                    DATA
 0004:00000000 000018b4H .pdata                  DATA

  Address         Publics by Value              Rva+Base               Lib:Object

 0000:00000000       ___safe_se_handler_count   0000000000000000     <absolute>
 0000:00000000       ___safe_se_handler_table   0000000000000000     <absolute>
 0000:00000000       __ImageBase                0000000180000000     <linker-defined>
 0001:00000000       ??6SUniquePtrList@core@UModSys@@QEAAAEAU012@PEBUSUniquePointerInfo@12@@Z 0000000180001000 f i plugin_test1.obj
 0001:000000b8       ??3IRoot@core@UModSys@@SAXPEAXAEBUSIMemAlloc@12@@Z 00000001800010b8 f i plugin_test1.obj
 0001:000000e4       ?mount_add@ILibraryBinTree@libmedia@UModSys@@QEAA_NAEBU?$TString@U?$TSCoreConst@D@su@tl@UModSys@@U?$TComparerBinaryHash@D@234@@tl@3@PEAUIBinArchive@23@H@Z 00000001800010e4 f i plugin_test1.obj
 0001:00000178       ?mount_add@ILibraryBinTree@libmedia@UModSys@@QEAA_NAEBU?$TString@U?$TSCoreConst@D@su@tl@UModSys@@U?$TComparerBinaryHash@D@234@@tl@3@HPEAUIBinArchive@23@H@Z 0000000180001178 f i plugin_test1.obj
 0001:00000210       ?layer_push@ILibraryLayered@libmedia@UModSys@@QEAA_NPEAUILibrary@23@HAEBU?$TString@U?$TSCoreConst@D@su@tl@UModSys@@U?$TComparerBinaryHash@D@234@@tl@3@@Z 0000000180001210 f i plugin_test1.obj
 0001:000002a0       ??1SPoint@ILibraryBinTree@libmedia@UModSys@@QEAA@XZ 00000001800012a0 f i plugin_test1.obj
 0001:000002a0       ??1SLayer@ILibraryLayered@libmedia@UModSys@@QEAA@XZ 00000001800012a0 f i plugin_test1.obj
 0001:000002c4       ?root_get_interface_info@RTest1_Shell@test1@test@modules@UModSys@@UEBAAEBUSUniquePointerInfo@core@5@XZ 00000001800012c4 f i plugin_test1.obj
 0001:000002cc       ?root_get_interface_type@RTest1_Shell@test1@test@modules@UModSys@@UEBAPEBUSUniquePointerInfo@core@5@XZ 00000001800012cc f i plugin_test1.obj
 0001:000002d4       ?root_get_other_interface@RTest1_Shell@test1@test@modules@UModSys@@UEAAPEAUIRoot@core@5@PEBUSUniquePointerInfo@75@@Z 00000001800012d4 f i plugin_test1.obj
 0001:000002d4       ?root_get_other_interface@RTest1_Shell@test1@test@modules@UModSys@@UEBAPEBUIRoot@core@5@PEBUSUniquePointerInfo@75@@Z 00000001800012d4 f i plugin_test1.obj
 0001:00000304       ?root_is_interface_supported@RTest1_Shell@test1@test@modules@UModSys@@UEBA_NPEBUSUniquePointerInfo@core@5@@Z 0000000180001304 f i plugin_test1.obj
 0001:00000334       ?ref_add@RTest1_Shell@test1@test@modules@UModSys@@UEBAXXZ 0000000180001334 f i plugin_test1.obj
 0001:00000338       ?ref_remove@RTest1_Shell@test1@test@modules@UModSys@@UEBAXXZ 0000000180001338 f i plugin_test1.obj
 0001:00000350       ?ref_links@RTest1_Shell@test1@test@modules@UModSys@@UEBAHXZ 0000000180001350 f i plugin_test1.obj
 0001:00000354       ?ref_weak@RTest1_Shell@test1@test@modules@UModSys@@UEBA_NAEAUWeakPointer@IRefObject@core@5@@Z 0000000180001354 f i plugin_test1.obj
 0001:00000374       ?suicide@RTest1_Shell@test1@test@modules@UModSys@@UEAAXXZ 0000000180001374 f i plugin_test1.obj
 0001:000003c0       ??0RTest1_Shell@test1@test@modules@UModSys@@QEAA@PEAUIModObject@base@4@@Z 00000001800013c0 f i plugin_test1.obj
 0001:000004f8       ?connect@RTest1_Shell@test1@test@modules@UModSys@@UEAA_NXZ 00000001800014f8 f i plugin_test1.obj
 0001:0000051c       ?disconnect@RTest1_Shell@test1@test@modules@UModSys@@UEAA_NXZ 000000018000151c f i plugin_test1.obj
 0001:00000540       ?process_tick@RTest1_Shell@test1@test@modules@UModSys@@UEAA_NAEBUSTimeMsec@core@5@@Z 0000000180001540 f i plugin_test1.obj
 0001:00000578       ?process_command@RTest1_Shell@test1@test@modules@UModSys@@UEAA_NHQEBU?$TString@U?$TSCoreConst@D@su@tl@UModSys@@U?$TComparerBinaryHash@D@234@@tl@5@@Z 0000000180001578 f i plugin_test1.obj
 0001:0000059c       ??_ERTest1_Shell@test1@test@modules@UModSys@@UEAAPEAXI@Z 000000018000159c f i  CIL library: CIL module
 0001:0000059c       ??_GRTest1_Shell@test1@test@modules@UModSys@@UEAAPEAXI@Z 000000018000159c f i plugin_test1.obj
 0001:00000660       ?new_mem_image@RTest1_Shell@test1@test@modules@UModSys@@QEAA?AU?$TRefObject@UIImage@lib2d@UModSys@@U?$TRefObjectFunc@UIImage@lib2d@UModSys@@@tl@3@@tl@5@XZ 0000000180001660 f   plugin_test1.obj
 0001:0000073c       ?media_arch_stdio@RTest1_Shell@test1@test@modules@UModSys@@QEAA?AU?$TRefObject@UIBinArchive@libmedia@UModSys@@U?$TRefObjectFunc@UIBinArchive@libmedia@UModSys@@@tl@3@@tl@5@AEBU?$TString@U?$TSCoreConst@D@su@tl@UModSys@@U?$TComparerBinaryHash@D@234@@75@@Z 000000018000173c f   plugin_test1.obj
 0001:00000840       ?media_filter_new@RTest1_Shell@test1@test@modules@UModSys@@QEAA?AU?$TRefObject@UIBinObjFilter@libmedia@UModSys@@U?$TRefObjectFunc@UIBinObjFilter@libmedia@UModSys@@@tl@3@@tl@5@AEBU?$TString@U?$TSCoreConst@D@su@tl@UModSys@@U?$TComparerBinaryHash@D@234@@75@AEBUSParameters@core@5@@Z 0000000180001840 f   plugin_test1.obj
 0001:0000091c       ?media_vfs@RTest1_Shell@test1@test@modules@UModSys@@QEAA?AU?$TRefObject@UILibraryBinTree@libmedia@UModSys@@U?$TRefObjectFunc@UILibraryBinTree@libmedia@UModSys@@@tl@3@@tl@5@XZ 000000018000191c f   plugin_test1.obj
 0001:000009f8       ?media_flt@RTest1_Shell@test1@test@modules@UModSys@@QEAA?AU?$TRefObject@UILibraryObjFilter@libmedia@UModSys@@U?$TRefObjectFunc@UILibraryObjFilter@libmedia@UModSys@@@tl@3@@tl@5@XZ 00000001800019f8 f   plugin_test1.obj
 0001:00000ad4       ?media_lay@RTest1_Shell@test1@test@modules@UModSys@@QEAA?AU?$TRefObject@UILibraryLayered@libmedia@UModSys@@U?$TRefObjectFunc@UILibraryLayered@libmedia@UModSys@@@tl@3@@tl@5@XZ 0000000180001ad4 f   plugin_test1.obj
 0001:00000bb0       ?media_cache@RTest1_Shell@test1@test@modules@UModSys@@QEAA?AU?$TRefObject@UILibrary@libmedia@UModSys@@U?$TRefObjectFunc@UILibrary@libmedia@UModSys@@@tl@3@@tl@5@_N@Z 0000000180001bb0 f   plugin_test1.obj
 0001:00000d54       ?file_test6@RTest1_Shell@test1@test@modules@UModSys@@QEAAXXZ 0000000180001d54 f   plugin_test1.obj
 0001:0000115c       ?key_pressed@RTest1_Shell@test1@test@modules@UModSys@@UEAA_NAEBUSKeyboardInputRaw@libui@5@@Z 000000018000215c f   plugin_test1.obj
 0001:000011bc       ?key_text@RTest1_Shell@test1@test@modules@UModSys@@UEAA_NAEBUSKeyboardInputText@libui@5@@Z 00000001800021bc f   plugin_test1.obj
 0001:00001204       ?mouse_event@RTest1_Shell@test1@test@modules@UModSys@@UEAA_NAEBUSMouseInput@libui@5@@Z 0000000180002204 f   plugin_test1.obj
 0001:000012a8       ?command@RTest1_Shell@test1@test@modules@UModSys@@UEAA_NAEBUSController@libui@5@HAEBUSFrameDataIn@75@@Z 00000001800022a8 f   plugin_test1.obj
 0001:000012f8       ?db_get@RTest1_Shell@test1@test@modules@UModSys@@UEAA_NAEBUSController@libui@5@QEBDAEBUSFrameDataOut@75@@Z 00000001800022f8 f   plugin_test1.obj
 0001:0000135c       ?db_get@RTest1_Shell@test1@test@modules@UModSys@@UEAA_NAEBUSController@libui@5@QEBDHAEBUSFrameDataOut@75@@Z 000000018000235c f   plugin_test1.obj
 0001:00001408       ?get_generated_names@RGenerator@test1@test@modules@UModSys@@UEBAHAEAUSUniquePtrList@core@5@@Z 0000000180002408 f i plugin_test1.obj
 0001:00001428       ?get_generated_types@RGenerator@test1@test@modules@UModSys@@UEBAHAEAUSUniquePtrList@core@5@PEBUSUniquePointerInfo@75@@Z 0000000180002428 f i plugin_test1.obj
 0001:00001484       ?generate@RGenerator@test1@test@modules@UModSys@@UEAA_NAEAU?$TRefObject@UIRefObject@core@UModSys@@U?$TRefObjectFunc@UIRefObject@core@UModSys@@@tl@3@@tl@5@PEBUSUniquePointerInfo@core@5@AEBUSParameters@95@@Z 0000000180002484 f i plugin_test1.obj
 0001:00001548       ?root_get_interface_info@RGenerator@test1@test@modules@UModSys@@UEBAAEBUSUniquePointerInfo@core@5@XZ 0000000180002548 f i plugin_test1.obj
 0001:00001550       ?root_get_interface_type@RGenerator@test1@test@modules@UModSys@@UEBAPEBUSUniquePointerInfo@core@5@XZ 0000000180002550 f i plugin_test1.obj
 0001:00001558       ?root_get_other_interface@RGenerator@test1@test@modules@UModSys@@UEBAPEBUIRoot@core@5@PEBUSUniquePointerInfo@75@@Z 0000000180002558 f i plugin_test1.obj
 0001:00001558       ?root_get_other_interface@RGenerator@test1@test@modules@UModSys@@UEAAPEAUIRoot@core@5@PEBUSUniquePointerInfo@75@@Z 0000000180002558 f i plugin_test1.obj
 0001:00001590       ?root_is_interface_supported@RGenerator@test1@test@modules@UModSys@@UEBA_NPEBUSUniquePointerInfo@core@5@@Z 0000000180002590 f i plugin_test1.obj
 0001:000015c8       ?get_uid@RGenerator@test1@test@modules@UModSys@@UEBAPEBUSUniquePointerInfo@core@5@XZ 00000001800025c8 f i plugin_test1.obj
 0001:000015d0       ?do_open@RModuleReg@test1@test@modules@UModSys@@UEAA_NXZ 00000001800025d0 f i plugin_test1.obj
 0001:0000165c       ?do_close@RModuleReg@test1@test@modules@UModSys@@UEAA_NXZ 000000018000265c f i plugin_test1.obj
 0001:000016c4       ??_ERModuleReg@SDL_core@ui@modules@UModSys@@UEAAPEAXI@Z 00000001800026c4 f i  CIL library: CIL module
 0001:000016c4       ??_ERModuleReg@frames@ui@modules@UModSys@@UEAAPEAXI@Z 00000001800026c4 f i  CIL library: CIL module
 0001:000016c4       ??_GIModuleReg@base@UModSys@@UEAAPEAXI@Z 00000001800026c4 f i umodsys_lib_base:umodsys.base.modulereg.obj
 0001:000016c4       ??_GRModuleReg@frames@ui@modules@UModSys@@UEAAPEAXI@Z 00000001800026c4 f i umodsys_lib_libui:umodsys.mod.ui.frames.obj
 0001:000016c4       ??_GRModuleReg@SDL_core@ui@modules@UModSys@@UEAAPEAXI@Z 00000001800026c4 f i umodsys_lib_libui:umodsys.mod.ui.SDL_core.obj
 0001:000016c4       ??_GRModuleReg@stdlib@lib2d@modules@UModSys@@UEAAPEAXI@Z 00000001800026c4 f i umodsys_lib_lib2d:umodsys.mod.2d.stdlib.obj
 0001:000016c4       ??_ERModuleReg@test1@test@modules@UModSys@@UEAAPEAXI@Z 00000001800026c4 f i  CIL library: CIL module
 0001:000016c4       ??_ERModuleReg@stdlib@lib2d@modules@UModSys@@UEAAPEAXI@Z 00000001800026c4 f i  CIL library: CIL module
 0001:000016c4       ??_GRModuleReg@test1@test@modules@UModSys@@UEAAPEAXI@Z 00000001800026c4 f i plugin_test1.obj
 0001:000016c4       ??_GRModuleReg@images_std@media@modules@UModSys@@UEAAPEAXI@Z 00000001800026c4 f i umodsys_lib_libmedia:umodsys.mod.media.images_std.obj
 0001:000016c4       ??_ERModuleReg@images_std@media@modules@UModSys@@UEAAPEAXI@Z 00000001800026c4 f i  CIL library: CIL module
 0001:000016c4       ??_EIModuleReg@base@UModSys@@UEAAPEAXI@Z 00000001800026c4 f i  CIL library: CIL module
 0001:000016ec       ?get_module@RGenerator@test1@test@modules@UModSys@@UEBAPEAUIModule@base@5@XZ 00000001800026ec f   plugin_test1.obj
 0001:000016f4       ?mod_inc@RGenerator@test1@test@modules@UModSys@@UEBA_NXZ 00000001800026f4 f   plugin_test1.obj
 0001:00001704       ?mod_dec@RGenerator@test1@test@modules@UModSys@@UEBA_NXZ 0000000180002704 f   plugin_test1.obj
 0001:00001718       ?s_holder@RGenerator@test1@test@modules@UModSys@@SAAEAU?$TTypeStaticHolder@URGenerator@test1@test@modules@UModSys@@@tl@5@XZ 0000000180002718 f   plugin_test1.obj
 0001:0000175c       ??0?$TString@U?$TSCoreConst@D@su@tl@UModSys@@U?$TComparerBinaryHash@D@234@@tl@UModSys@@QEAA@PEBD@Z 000000018000275c f i plugin_test1.obj
 0001:000017c8       ??1?$TRefObject@UILibraryLayered@libmedia@UModSys@@U?$TRefObjectFunc@UILibraryLayered@libmedia@UModSys@@@tl@3@@tl@UModSys@@QEAA@XZ 00000001800027c8 f i plugin_test1.obj
 0001:000017c8       ??1?$TRefObject@UILibraryObjFilter@libmedia@UModSys@@U?$TRefObjectFunc@UILibraryObjFilter@libmedia@UModSys@@@tl@3@@tl@UModSys@@QEAA@XZ 00000001800027c8 f i plugin_test1.obj
 0001:000017c8       ??1?$TRefObject@URRenderDriver2D@SDL_core@ui@modules@UModSys@@U?$TRefObjectFunc@URRenderDriver2D@SDL_core@ui@modules@UModSys@@@tl@5@@tl@UModSys@@QEAA@XZ 00000001800027c8 f i umodsys_lib_libui:umodsys.mod.ui.SDL_core.obj
 0001:000017c8       ??1?$TRefObject@UILibraryBinTree@libmedia@UModSys@@U?$TRefObjectFunc@UILibraryBinTree@libmedia@UModSys@@@tl@3@@tl@UModSys@@QEAA@XZ 00000001800027c8 f i plugin_test1.obj
 0001:000017c8       ??1?$TRefObject@UIBinObjFilter@libmedia@UModSys@@U?$TRefObjectFunc@UIBinObjFilter@libmedia@UModSys@@@tl@3@@tl@UModSys@@QEAA@XZ 00000001800027c8 f i plugin_test1.obj
 0001:000017c8       ??1?$TRefObject@URCollector@frames@ui@modules@UModSys@@U?$TRefObjectFunc@URCollector@frames@ui@modules@UModSys@@@tl@5@@tl@UModSys@@QEAA@XZ 00000001800027c8 f i umodsys_lib_libui:umodsys.mod.ui.frames.obj
 0001:000017c8       ??1?$TRefObject@URMultiImage2D_SDL_ttf@SDL_core@ui@modules@UModSys@@U?$TRefObjectFunc@URMultiImage2D_SDL_ttf@SDL_core@ui@modules@UModSys@@@tl@5@@tl@UModSys@@QEAA@XZ 00000001800027c8 f i umodsys_lib_libui:umodsys.mod.ui.SDL_core.obj
 0001:000017c8       ??1?$TRefObject@URFrame_Common@frames@ui@modules@UModSys@@U?$TRefObjectFunc@URFrame_Common@frames@ui@modules@UModSys@@@tl@5@@tl@UModSys@@QEAA@XZ 00000001800027c8 f i umodsys_lib_libui:umodsys.mod.ui.frames.obj
 0001:000017c8       ??1?$TRefObject@UIMultiImage@lib2d@UModSys@@U?$TRefObjectFunc@UIMultiImage@lib2d@UModSys@@@tl@3@@tl@UModSys@@QEAA@XZ 00000001800027c8 f i plugin_test1.obj
 0001:000017c8       ??1?$TRefObject@URDialog@frames@ui@modules@UModSys@@U?$TRefObjectFunc@URDialog@frames@ui@modules@UModSys@@@tl@5@@tl@UModSys@@QEAA@XZ 00000001800027c8 f i umodsys_lib_libui:umodsys.mod.ui.frames.obj
 0001:000017c8       ??1?$TRefObject@URTerminal@SDL_core@ui@modules@UModSys@@U?$TRefObjectFunc@URTerminal@SDL_core@ui@modules@UModSys@@@tl@5@@tl@UModSys@@QEAA@XZ 00000001800027c8 f i umodsys_lib_libui:umodsys.mod.ui.SDL_core.obj
 0001:000017c8       ??1?$TRefObject@UIMouseController@libui@UModSys@@U?$TRefObjectFunc@UIMouseController@libui@UModSys@@@tl@3@@tl@UModSys@@QEAA@XZ 00000001800027c8 f i plugin_test1.obj
 0001:000017c8       ??1?$TRefObject@UIBinArchive@libmedia@UModSys@@U?$TRefObjectFunc@UIBinArchive@libmedia@UModSys@@@tl@3@@tl@UModSys@@QEAA@XZ 00000001800027c8 f i plugin_test1.obj
 0001:000017c8       ??1?$TRefObject@URKeyboardController@SDL_core@ui@modules@UModSys@@U?$TRefObjectFunc@URKeyboardController@SDL_core@ui@modules@UModSys@@@tl@5@@tl@UModSys@@QEAA@XZ 00000001800027c8 f i umodsys_lib_libui:umodsys.mod.ui.SDL_core.obj
 0001:000017c8       ??1?$TRefObject@UITerminal@libui@UModSys@@U?$TRefObjectFunc@UITerminal@libui@UModSys@@@tl@3@@tl@UModSys@@QEAA@XZ 00000001800027c8 f i plugin_test1.obj
 0001:000017c8       ??1?$TRefObject@UIRefObject@core@UModSys@@U?$TRefObjectFunc@UIRefObject@core@UModSys@@@tl@3@@tl@UModSys@@QEAA@XZ 00000001800027c8 f i plugin_test1.obj
 0001:000017c8       ??1?$TRefObject@UILibraryObjCache@libmedia@UModSys@@U?$TRefObjectFunc@UILibraryObjCache@libmedia@UModSys@@@tl@3@@tl@UModSys@@QEAA@XZ 00000001800027c8 f i plugin_test1.obj
 0001:000017c8       ??1?$TRefObject@UILibraryBinCache@libmedia@UModSys@@U?$TRefObjectFunc@UILibraryBinCache@libmedia@UModSys@@@tl@3@@tl@UModSys@@QEAA@XZ 00000001800027c8 f i plugin_test1.obj
 0001:000017c8       ??1?$TRefObject@URMouseController@SDL_core@ui@modules@UModSys@@U?$TRefObjectFunc@URMouseController@SDL_core@ui@modules@UModSys@@@tl@5@@tl@UModSys@@QEAA@XZ 00000001800027c8 f i umodsys_lib_libui:umodsys.mod.ui.SDL_core.obj
 0001:000017c8       ??1?$TRefObject@UIFrame@libui@UModSys@@U?$TRefObjectFunc@UIFrame@libui@UModSys@@@tl@3@@tl@UModSys@@QEAA@XZ 00000001800027c8 f i umodsys_lib_libui:umodsys.mod.ui.frames.obj
 0001:000017c8       ??1?$TRefObject@UIImage@lib2d@UModSys@@U?$TRefObjectFunc@UIImage@lib2d@UModSys@@@tl@3@@tl@UModSys@@QEAA@XZ 00000001800027c8 f i plugin_test1.obj
 0001:000017c8       ??1?$TRefObject@UILibrary@libmedia@UModSys@@U?$TRefObjectFunc@UILibrary@libmedia@UModSys@@@tl@3@@tl@UModSys@@QEAA@XZ 00000001800027c8 f i plugin_test1.obj
 0001:000017c8       ??1?$TRefObject@UIKeyboardController@libui@UModSys@@U?$TRefObjectFunc@UIKeyboardController@libui@UModSys@@@tl@3@@tl@UModSys@@QEAA@XZ 00000001800027c8 f i plugin_test1.obj
 0001:000017c8       ??1?$TRefObject@URImage_Memory@stdlib@lib2d@modules@UModSys@@U?$TRefObjectFunc@URImage_Memory@stdlib@lib2d@modules@UModSys@@@tl@5@@tl@UModSys@@QEAA@XZ 00000001800027c8 f i umodsys_lib_lib2d:umodsys.mod.2d.stdlib.obj
 0001:000017c8       ??1?$TRefObject@UIRenderDriver@lib2d@UModSys@@U?$TRefObjectFunc@UIRenderDriver@lib2d@UModSys@@@tl@3@@tl@UModSys@@QEAA@XZ 00000001800027c8 f i plugin_test1.obj
 0001:000017c8       ??1?$TRefObject@URMediaFilter@images_std@media@modules@UModSys@@U?$TRefObjectFunc@URMediaFilter@images_std@media@modules@UModSys@@@tl@5@@tl@UModSys@@QEAA@XZ 00000001800027c8 f i umodsys_lib_libmedia:umodsys.mod.media.images_std.obj
 0001:000017ec       ?info_new@?$TSCoreShared@USIMemAlloc@core@UModSys@@D@su@tl@UModSys@@QEAA_NPEBD_K@Z 00000001800027ec f i plugin_test1.obj
 0001:000018ac       ??$generate_type@UIImage@lib2d@UModSys@@@RTest1_Shell@test1@test@modules@UModSys@@QEAA?AU?$TRefObject@UIImage@lib2d@UModSys@@U?$TRefObjectFunc@UIImage@lib2d@UModSys@@@tl@3@@tl@4@AEBU?$TString@U?$TSCoreConst@D@su@tl@UModSys@@U?$TComparerBinaryHash@D@234@@64@AEBUSParameters@core@4@PEBD@Z 00000001800028ac f i plugin_test1.obj
 0001:00001a94       ??$generate_type@UIBinArchive@libmedia@UModSys@@@RTest1_Shell@test1@test@modules@UModSys@@QEAA?AU?$TRefObject@UIBinArchive@libmedia@UModSys@@U?$TRefObjectFunc@UIBinArchive@libmedia@UModSys@@@tl@3@@tl@4@AEBU?$TString@U?$TSCoreConst@D@su@tl@UModSys@@U?$TComparerBinaryHash@D@234@@64@AEBUSParameters@core@4@PEBD@Z 0000000180002a94 f i plugin_test1.obj
 0001:00001c80       ??$generate_type@UIBinObjFilter@libmedia@UModSys@@@RTest1_Shell@test1@test@modules@UModSys@@QEAA?AU?$TRefObject@UIBinObjFilter@libmedia@UModSys@@U?$TRefObjectFunc@UIBinObjFilter@libmedia@UModSys@@@tl@3@@tl@4@AEBU?$TString@U?$TSCoreConst@D@su@tl@UModSys@@U?$TComparerBinaryHash@D@234@@64@AEBUSParameters@core@4@PEBD@Z 0000000180002c80 f i plugin_test1.obj
 0001:00001e68       ??$generate_type@UILibraryBinTree@libmedia@UModSys@@@RTest1_Shell@test1@test@modules@UModSys@@QEAA?AU?$TRefObject@UILibraryBinTree@libmedia@UModSys@@U?$TRefObjectFunc@UILibraryBinTree@libmedia@UModSys@@@tl@3@@tl@4@AEBU?$TString@U?$TSCoreConst@D@su@tl@UModSys@@U?$TComparerBinaryHash@D@234@@64@AEBUSParameters@core@4@PEBD@Z 0000000180002e68 f i plugin_test1.obj
 0001:00002050       ??$generate_type@UILibraryObjFilter@libmedia@UModSys@@@RTest1_Shell@test1@test@modules@UModSys@@QEAA?AU?$TRefObject@UILibraryObjFilter@libmedia@UModSys@@U?$TRefObjectFunc@UILibraryObjFilter@libmedia@UModSys@@@tl@3@@tl@4@AEBU?$TString@U?$TSCoreConst@D@su@tl@UModSys@@U?$TComparerBinaryHash@D@234@@64@AEBUSParameters@core@4@PEBD@Z 0000000180003050 f i plugin_test1.obj
 0001:00002238       ??$generate_type@UILibraryLayered@libmedia@UModSys@@@RTest1_Shell@test1@test@modules@UModSys@@QEAA?AU?$TRefObject@UILibraryLayered@libmedia@UModSys@@U?$TRefObjectFunc@UILibraryLayered@libmedia@UModSys@@@tl@3@@tl@4@AEBU?$TString@U?$TSCoreConst@D@su@tl@UModSys@@U?$TComparerBinaryHash@D@234@@64@AEBUSParameters@core@4@PEBD@Z 0000000180003238 f i plugin_test1.obj
 0001:00002420       ??$generate_type@UILibraryObjCache@libmedia@UModSys@@@RTest1_Shell@test1@test@modules@UModSys@@QEAA?AU?$TRefObject@UILibraryObjCache@libmedia@UModSys@@U?$TRefObjectFunc@UILibraryObjCache@libmedia@UModSys@@@tl@3@@tl@4@AEBU?$TString@U?$TSCoreConst@D@su@tl@UModSys@@U?$TComparerBinaryHash@D@234@@64@AEBUSParameters@core@4@PEBD@Z 0000000180003420 f i plugin_test1.obj
 0001:00002608       ??$generate_type@UILibraryBinCache@libmedia@UModSys@@@RTest1_Shell@test1@test@modules@UModSys@@QEAA?AU?$TRefObject@UILibraryBinCache@libmedia@UModSys@@U?$TRefObjectFunc@UILibraryBinCache@libmedia@UModSys@@@tl@3@@tl@4@AEBU?$TString@U?$TSCoreConst@D@su@tl@UModSys@@U?$TComparerBinaryHash@D@234@@64@AEBUSParameters@core@4@PEBD@Z 0000000180003608 f i plugin_test1.obj
 0001:000027f0       ??1?$TRefObject@UIModObject@base@UModSys@@U?$TModObjectFunc@UIModObject@base@UModSys@@@tl@3@@tl@UModSys@@QEAA@XZ 00000001800037f0 f i plugin_test1.obj
 0001:0000281c       ?alloc@SMemShared@core@UModSys@@QEAA_N_KPEAUSSourceContext@23@@Z 000000018000381c f i umodsys_lib_lib2d:umodsys.mod.2d.stdlib.obj
 0001:000028a0       ?Convert@stdlib@lib2d@modules@UModSys@@YA_NAEBU?$TBoundBox2@H@math3d@4@AEBUSImageInfo@24@AEBUSMem@core@4@01AEBUSCMem@94@@Z 00000001800038a0 f i umodsys_lib_lib2d:umodsys.mod.2d.stdlib.obj
 0001:000029f4       ?root_get_interface_info@RImage_Memory@stdlib@lib2d@modules@UModSys@@UEBAAEBUSUniquePointerInfo@core@5@XZ 00000001800039f4 f i umodsys_lib_lib2d:umodsys.mod.2d.stdlib.obj
 0001:000029fc       ?root_get_interface_type@RImage_Memory@stdlib@lib2d@modules@UModSys@@UEBAPEBUSUniquePointerInfo@core@5@XZ 00000001800039fc f i umodsys_lib_lib2d:umodsys.mod.2d.stdlib.obj
 0001:00002a04       ?root_get_other_interface@RImage_Memory@stdlib@lib2d@modules@UModSys@@UEAAPEAUIRoot@core@5@PEBUSUniquePointerInfo@75@@Z 0000000180003a04 f i umodsys_lib_lib2d:umodsys.mod.2d.stdlib.obj
 0001:00002a04       ?root_get_other_interface@RImage_Memory@stdlib@lib2d@modules@UModSys@@UEBAPEBUIRoot@core@5@PEBUSUniquePointerInfo@75@@Z 0000000180003a04 f i umodsys_lib_lib2d:umodsys.mod.2d.stdlib.obj
 0001:00002a34       ?root_is_interface_supported@RImage_Memory@stdlib@lib2d@modules@UModSys@@UEBA_NPEBUSUniquePointerInfo@core@5@@Z 0000000180003a34 f i umodsys_lib_lib2d:umodsys.mod.2d.stdlib.obj
 0001:00002a64       ?ref_links@RGenerator@images_std@media@modules@UModSys@@UEBAHXZ 0000000180003a64 f i umodsys_lib_libmedia:umodsys.mod.media.images_std.obj
 0001:00002a64       ?ref_links@RDialog@frames@ui@modules@UModSys@@UEBAHXZ 0000000180003a64 f i umodsys_lib_libui:umodsys.mod.ui.frames.obj
 0001:00002a64       ?ref_links@RGenerator@test1@test@modules@UModSys@@UEBAHXZ 0000000180003a64 f i plugin_test1.obj
 0001:00002a64       ?ref_links@RRenderDriver2D@SDL_core@ui@modules@UModSys@@UEBAHXZ 0000000180003a64 f i umodsys_lib_libui:umodsys.mod.ui.SDL_core.obj
 0001:00002a64       ?ref_links@RGenerator@frames@ui@modules@UModSys@@UEBAHXZ 0000000180003a64 f i umodsys_lib_libui:umodsys.mod.ui.frames.obj
 0001:00002a64       ?ref_links@RMultiImage2D_SDL_ttf@SDL_core@ui@modules@UModSys@@UEBAHXZ 0000000180003a64 f i umodsys_lib_libui:umodsys.mod.ui.SDL_core.obj
 0001:00002a64       ?ref_links@RTerminal@SDL_core@ui@modules@UModSys@@UEBAHXZ 0000000180003a64 f i umodsys_lib_libui:umodsys.mod.ui.SDL_core.obj
 0001:00002a64       ?ref_links@RGenerator@SDL_core@ui@modules@UModSys@@UEBAHXZ 0000000180003a64 f i umodsys_lib_libui:umodsys.mod.ui.SDL_core.obj
 0001:00002a64       ?ref_links@RMouseController@SDL_core@ui@modules@UModSys@@UEBAHXZ 0000000180003a64 f i umodsys_lib_libui:umodsys.mod.ui.SDL_core.obj
 0001:00002a64       ?ref_links@RKeyboardController@SDL_core@ui@modules@UModSys@@UEBAHXZ 0000000180003a64 f i umodsys_lib_libui:umodsys.mod.ui.SDL_core.obj
 0001:00002a64       ?ref_links@RImage_Memory@stdlib@lib2d@modules@UModSys@@UEBAHXZ 0000000180003a64 f i umodsys_lib_lib2d:umodsys.mod.2d.stdlib.obj
 0001:00002a64       ?ref_links@RGenerator@stdlib@lib2d@modules@UModSys@@UEBAHXZ 0000000180003a64 f i umodsys_lib_lib2d:umodsys.mod.2d.stdlib.obj
 0001:00002a68       ?suicide@RImage_Memory@stdlib@lib2d@modules@UModSys@@UEAAXXZ 0000000180003a68 f i umodsys_lib_lib2d:umodsys.mod.2d.stdlib.obj
 0001:00002a68       ?suicide@RTerminal@SDL_core@ui@modules@UModSys@@UEAAXXZ 0000000180003a68 f i umodsys_lib_libui:umodsys.mod.ui.SDL_core.obj
 0001:00002ab4       ?set_info@RImage_Memory@stdlib@lib2d@modules@UModSys@@UEAA_NAEBUSImagePatchInfo@35@PEBD@Z 0000000180003ab4 f i umodsys_lib_lib2d:umodsys.mod.2d.stdlib.obj
 0001:00002d14       ?set_data@RImage_Memory@stdlib@lib2d@modules@UModSys@@UEAA_NAEBUSImagePatchInfo@35@AEBUSCMem@core@5@H@Z 0000000180003d14 f i umodsys_lib_lib2d:umodsys.mod.2d.stdlib.obj
 0001:00002dc8       ?get_info@RImage_Memory@stdlib@lib2d@modules@UModSys@@UEBAAEBUSImageInfo@35@XZ 0000000180003dc8 f i umodsys_lib_lib2d:umodsys.mod.2d.stdlib.obj
 0001:00002dd0       ?get_data@RImage_Memory@stdlib@lib2d@modules@UModSys@@UEBA_NAEBUSImagePatchInfo@35@AEBUSMem@core@5@H@Z 0000000180003dd0 f i umodsys_lib_lib2d:umodsys.mod.2d.stdlib.obj
 0001:00002ea0       ??1SMemShared@core@UModSys@@QEAA@XZ 0000000180003ea0 f i plugin_test1.obj
 0001:00002ea0       ??1State@RImage_Memory@stdlib@lib2d@modules@UModSys@@QEAA@XZ 0000000180003ea0 f i umodsys_lib_lib2d:umodsys.mod.2d.stdlib.obj
 0001:00002ed0       ??_GRImage_Memory@stdlib@lib2d@modules@UModSys@@UEAAPEAXI@Z 0000000180003ed0 f i umodsys_lib_lib2d:umodsys.mod.2d.stdlib.obj
 0001:00002ed0       ??_ERImage_Memory@stdlib@lib2d@modules@UModSys@@UEAAPEAXI@Z 0000000180003ed0 f i  CIL library: CIL module
 0001:00002f34       ?get_generated_names@RGenerator@stdlib@lib2d@modules@UModSys@@UEBAHAEAUSUniquePtrList@core@5@@Z 0000000180003f34 f i umodsys_lib_lib2d:umodsys.mod.2d.stdlib.obj
 0001:00002f54       ?get_generated_types@RGenerator@stdlib@lib2d@modules@UModSys@@UEBAHAEAUSUniquePtrList@core@5@PEBUSUniquePointerInfo@75@@Z 0000000180003f54 f i umodsys_lib_lib2d:umodsys.mod.2d.stdlib.obj
 0001:00002fac       ?generate@RGenerator@stdlib@lib2d@modules@UModSys@@UEAA_NAEAU?$TRefObject@UIRefObject@core@UModSys@@U?$TRefObjectFunc@UIRefObject@core@UModSys@@@tl@3@@tl@5@PEBUSUniquePointerInfo@core@5@AEBUSParameters@95@@Z 0000000180003fac f i umodsys_lib_lib2d:umodsys.mod.2d.stdlib.obj
 0001:000030f0       ?root_get_interface_info@RGenerator@stdlib@lib2d@modules@UModSys@@UEBAAEBUSUniquePointerInfo@core@5@XZ 00000001800040f0 f i umodsys_lib_lib2d:umodsys.mod.2d.stdlib.obj
 0001:000030f8       ?root_get_interface_type@RGenerator@stdlib@lib2d@modules@UModSys@@UEBAPEBUSUniquePointerInfo@core@5@XZ 00000001800040f8 f i umodsys_lib_lib2d:umodsys.mod.2d.stdlib.obj
 0001:00003100       ?root_get_other_interface@RGenerator@stdlib@lib2d@modules@UModSys@@UEBAPEBUIRoot@core@5@PEBUSUniquePointerInfo@75@@Z 0000000180004100 f i umodsys_lib_lib2d:umodsys.mod.2d.stdlib.obj
 0001:00003100       ?root_get_other_interface@RGenerator@stdlib@lib2d@modules@UModSys@@UEAAPEAUIRoot@core@5@PEBUSUniquePointerInfo@75@@Z 0000000180004100 f i umodsys_lib_lib2d:umodsys.mod.2d.stdlib.obj
 0001:00003138       ?root_is_interface_supported@RGenerator@stdlib@lib2d@modules@UModSys@@UEBA_NPEBUSUniquePointerInfo@core@5@@Z 0000000180004138 f i umodsys_lib_lib2d:umodsys.mod.2d.stdlib.obj
 0001:00003170       ?ref_weak@RRenderDriver2D@SDL_core@ui@modules@UModSys@@UEBA_NAEAUWeakPointer@IRefObject@core@5@@Z 0000000180004170 f i umodsys_lib_libui:umodsys.mod.ui.SDL_core.obj
 0001:00003170       ?ref_weak@RMultiImage2D_SDL_ttf@SDL_core@ui@modules@UModSys@@UEBA_NAEAUWeakPointer@IRefObject@core@5@@Z 0000000180004170 f i umodsys_lib_libui:umodsys.mod.ui.SDL_core.obj
 0001:00003170       ?ref_weak@RTerminal@SDL_core@ui@modules@UModSys@@UEBA_NAEAUWeakPointer@IRefObject@core@5@@Z 0000000180004170 f i umodsys_lib_libui:umodsys.mod.ui.SDL_core.obj
 0001:00003170       ?ref_weak@RGenerator@SDL_core@ui@modules@UModSys@@UEBA_NAEAUWeakPointer@IRefObject@core@5@@Z 0000000180004170 f i umodsys_lib_libui:umodsys.mod.ui.SDL_core.obj
 0001:00003170       ?ref_weak@RKeyboardController@SDL_core@ui@modules@UModSys@@UEBA_NAEAUWeakPointer@IRefObject@core@5@@Z 0000000180004170 f i umodsys_lib_libui:umodsys.mod.ui.SDL_core.obj
 0001:00003170       ?ref_weak@RGenerator@test1@test@modules@UModSys@@UEBA_NAEAUWeakPointer@IRefObject@core@5@@Z 0000000180004170 f i plugin_test1.obj
 0001:00003170       ?ref_weak@RDialog@frames@ui@modules@UModSys@@UEBA_NAEAUWeakPointer@IRefObject@core@5@@Z 0000000180004170 f i umodsys_lib_libui:umodsys.mod.ui.frames.obj
 0001:00003170       ?ref_weak@RGenerator@frames@ui@modules@UModSys@@UEBA_NAEAUWeakPointer@IRefObject@core@5@@Z 0000000180004170 f i umodsys_lib_libui:umodsys.mod.ui.frames.obj
 0001:00003170       ?ref_weak@RImage_Memory@stdlib@lib2d@modules@UModSys@@UEBA_NAEAUWeakPointer@IRefObject@core@5@@Z 0000000180004170 f i umodsys_lib_lib2d:umodsys.mod.2d.stdlib.obj
 0001:00003170       ?ref_weak@RGenerator@images_std@media@modules@UModSys@@UEBA_NAEAUWeakPointer@IRefObject@core@5@@Z 0000000180004170 f i umodsys_lib_libmedia:umodsys.mod.media.images_std.obj
 0001:00003170       ?ref_weak@RMouseController@SDL_core@ui@modules@UModSys@@UEBA_NAEAUWeakPointer@IRefObject@core@5@@Z 0000000180004170 f i umodsys_lib_libui:umodsys.mod.ui.SDL_core.obj
 0001:00003170       ?ref_weak@RGenerator@stdlib@lib2d@modules@UModSys@@UEBA_NAEAUWeakPointer@IRefObject@core@5@@Z 0000000180004170 f i umodsys_lib_lib2d:umodsys.mod.2d.stdlib.obj
 0001:00003190       ?suicide@RGenerator@stdlib@lib2d@modules@UModSys@@UEAAXXZ 0000000180004190 f i umodsys_lib_lib2d:umodsys.mod.2d.stdlib.obj
 0001:00003190       ?suicide@RGenerator@images_std@media@modules@UModSys@@UEAAXXZ 0000000180004190 f i umodsys_lib_libmedia:umodsys.mod.media.images_std.obj
 0001:00003190       ?suicide@RGenerator@frames@ui@modules@UModSys@@UEAAXXZ 0000000180004190 f i umodsys_lib_libui:umodsys.mod.ui.frames.obj
 0001:00003190       ??3@YAXPEAX0@Z             0000000180004190 f i plugin_test1.obj
 0001:00003190       ?render_box@RRenderDriver2D@SDL_core@ui@modules@UModSys@@UEAAXPEAUIImage@lib2d@5@AEBU?$TVector2@H@math3d@5@1AEBU?$TVector2@M@95@2@Z 0000000180004190 f i umodsys_lib_libui:umodsys.mod.ui.SDL_core.obj
 0001:00003190       ?suicide@RGenerator@test1@test@modules@UModSys@@UEAAXXZ 0000000180004190 f i plugin_test1.obj
 0001:00003190       ?suicide@RGenerator@SDL_core@ui@modules@UModSys@@UEAAXXZ 0000000180004190 f i umodsys_lib_libui:umodsys.mod.ui.SDL_core.obj
 0001:00003194       ?get_uid@RGenerator@stdlib@lib2d@modules@UModSys@@UEBAPEBUSUniquePointerInfo@core@5@XZ 0000000180004194 f i umodsys_lib_lib2d:umodsys.mod.2d.stdlib.obj
 0001:0000319c       ?do_open@RModuleReg@stdlib@lib2d@modules@UModSys@@UEAA_NXZ 000000018000419c f i umodsys_lib_lib2d:umodsys.mod.2d.stdlib.obj
 0001:00003210       ?do_close@RModuleReg@stdlib@lib2d@modules@UModSys@@UEAA_NXZ 0000000180004210 f i umodsys_lib_lib2d:umodsys.mod.2d.stdlib.obj
 0001:00003260       ?get_module@RGenerator@stdlib@lib2d@modules@UModSys@@UEBAPEAUIModule@base@5@XZ 0000000180004260 f   umodsys_lib_lib2d:umodsys.mod.2d.stdlib.obj
 0001:00003268       ?mod_inc@RGenerator@stdlib@lib2d@modules@UModSys@@UEBA_NXZ 0000000180004268 f   umodsys_lib_lib2d:umodsys.mod.2d.stdlib.obj
 0001:00003278       ?mod_dec@RGenerator@stdlib@lib2d@modules@UModSys@@UEBA_NXZ 0000000180004278 f   umodsys_lib_lib2d:umodsys.mod.2d.stdlib.obj
 0001:0000328c       ?s_holder@RGenerator@stdlib@lib2d@modules@UModSys@@SAAEAU?$TTypeStaticHolder@URGenerator@stdlib@lib2d@modules@UModSys@@@tl@5@XZ 000000018000428c f   umodsys_lib_lib2d:umodsys.mod.2d.stdlib.obj
 0001:000032d0       ?utf_8to32@su@tl@UModSys@@YA_NAEAHAEAPEBDAEA_K@Z 00000001800042d0 f i umodsys_lib_libui:umodsys.mod.ui.SDL_core.obj
 0001:000033e4       ?root_get_interface_info@RMultiImage2D_SDL_ttf@SDL_core@ui@modules@UModSys@@UEBAAEBUSUniquePointerInfo@core@5@XZ 00000001800043e4 f i umodsys_lib_libui:umodsys.mod.ui.SDL_core.obj
 0001:000033ec       ?root_get_interface_type@RMultiImage2D_SDL_ttf@SDL_core@ui@modules@UModSys@@UEBAPEBUSUniquePointerInfo@core@5@XZ 00000001800043ec f i umodsys_lib_libui:umodsys.mod.ui.SDL_core.obj
 0001:000033f4       ?root_get_other_interface@RMultiImage2D_SDL_ttf@SDL_core@ui@modules@UModSys@@UEBAPEBUIRoot@core@5@PEBUSUniquePointerInfo@75@@Z 00000001800043f4 f i umodsys_lib_libui:umodsys.mod.ui.SDL_core.obj
 0001:000033f4       ?root_get_other_interface@RMultiImage2D_SDL_ttf@SDL_core@ui@modules@UModSys@@UEAAPEAUIRoot@core@5@PEBUSUniquePointerInfo@75@@Z 00000001800043f4 f i umodsys_lib_libui:umodsys.mod.ui.SDL_core.obj
 0001:00003424       ?root_is_interface_supported@RMultiImage2D_SDL_ttf@SDL_core@ui@modules@UModSys@@UEBA_NPEBUSUniquePointerInfo@core@5@@Z 0000000180004424 f i umodsys_lib_libui:umodsys.mod.ui.SDL_core.obj
 0001:00003454       ??0RMultiImage2D_SDL_ttf@SDL_core@ui@modules@UModSys@@QEAA@PEAURRenderDriver2D@1234@AEBUSParameters@core@4@@Z 0000000180004454 f i umodsys_lib_libui:umodsys.mod.ui.SDL_core.obj
 0001:00003598       ?generate_glyphs@RMultiImage2D_SDL_ttf@SDL_core@ui@modules@UModSys@@QEAA_NXZ 0000000180004598 f i umodsys_lib_libui:umodsys.mod.ui.SDL_core.obj
 0001:00003774       ??_GRMultiImage2D_SDL_ttf@SDL_core@ui@modules@UModSys@@UEAAPEAXI@Z 0000000180004774 f i umodsys_lib_libui:umodsys.mod.ui.SDL_core.obj
 0001:00003774       ??_ERMultiImage2D_SDL_ttf@SDL_core@ui@modules@UModSys@@UEAAPEAXI@Z 0000000180004774 f i  CIL library: CIL module
 0001:00003838       ?root_get_interface_info@RRenderDriver2D@SDL_core@ui@modules@UModSys@@UEBAAEBUSUniquePointerInfo@core@5@XZ 0000000180004838 f i umodsys_lib_libui:umodsys.mod.ui.SDL_core.obj
 0001:00003840       ?root_get_interface_type@RRenderDriver2D@SDL_core@ui@modules@UModSys@@UEBAPEBUSUniquePointerInfo@core@5@XZ 0000000180004840 f i umodsys_lib_libui:umodsys.mod.ui.SDL_core.obj
 0001:00003848       ?root_get_interface_types@RFrame_List@frames@ui@modules@UModSys@@UEBA_KAEAUSUniquePtrList@core@5@@Z 0000000180004848 f i umodsys_lib_libui:umodsys.mod.ui.frames.obj
 0001:00003848       ?root_get_interface_types@RFrame_Frame@frames@ui@modules@UModSys@@UEBA_KAEAUSUniquePtrList@core@5@@Z 0000000180004848 f i umodsys_lib_libui:umodsys.mod.ui.frames.obj
 0001:00003848       ?root_get_interface_types@RImage_Memory@stdlib@lib2d@modules@UModSys@@UEBA_KAEAUSUniquePtrList@core@5@@Z 0000000180004848 f i umodsys_lib_lib2d:umodsys.mod.2d.stdlib.obj
 0001:00003848       ?root_get_interface_types@RGenerator@images_std@media@modules@UModSys@@UEBA_KAEAUSUniquePtrList@core@5@@Z 0000000180004848 f i umodsys_lib_libmedia:umodsys.mod.media.images_std.obj
 0001:00003848       ?root_get_interface_types@RTerminal@SDL_core@ui@modules@UModSys@@UEBA_KAEAUSUniquePtrList@core@5@@Z 0000000180004848 f i umodsys_lib_libui:umodsys.mod.ui.SDL_core.obj
 0001:00003848       ?root_get_interface_types@RGenerator@frames@ui@modules@UModSys@@UEBA_KAEAUSUniquePtrList@core@5@@Z 0000000180004848 f i umodsys_lib_libui:umodsys.mod.ui.frames.obj
 0001:00003848       ?root_get_interface_types@RFrame_Text@frames@ui@modules@UModSys@@UEBA_KAEAUSUniquePtrList@core@5@@Z 0000000180004848 f i umodsys_lib_libui:umodsys.mod.ui.frames.obj
 0001:00003848       ?root_get_interface_types@RMouseController@SDL_core@ui@modules@UModSys@@UEBA_KAEAUSUniquePtrList@core@5@@Z 0000000180004848 f i umodsys_lib_libui:umodsys.mod.ui.SDL_core.obj
 0001:00003848       ?root_get_interface_types@RFrame_Image@frames@ui@modules@UModSys@@UEBA_KAEAUSUniquePtrList@core@5@@Z 0000000180004848 f i umodsys_lib_libui:umodsys.mod.ui.frames.obj
 0001:00003848       ?root_get_interface_types@RMediaFilter@images_std@media@modules@UModSys@@UEBA_KAEAUSUniquePtrList@core@5@@Z 0000000180004848 f i umodsys_lib_libmedia:umodsys.mod.media.images_std.obj
 0001:00003848       ?root_get_interface_types@RGenerator@test1@test@modules@UModSys@@UEBA_KAEAUSUniquePtrList@core@5@@Z 0000000180004848 f i plugin_test1.obj
 0001:00003848       ?root_get_interface_types@RKeyboardController@SDL_core@ui@modules@UModSys@@UEBA_KAEAUSUniquePtrList@core@5@@Z 0000000180004848 f i umodsys_lib_libui:umodsys.mod.ui.SDL_core.obj
 0001:00003848       ?root_get_interface_types@RTest1_Shell@test1@test@modules@UModSys@@UEBA_KAEAUSUniquePtrList@core@5@@Z 0000000180004848 f i plugin_test1.obj
 0001:00003848       ?root_get_interface_types@RMultiImage2D_SDL_ttf@SDL_core@ui@modules@UModSys@@UEBA_KAEAUSUniquePtrList@core@5@@Z 0000000180004848 f i umodsys_lib_libui:umodsys.mod.ui.SDL_core.obj
 0001:00003848       ?root_get_interface_types@RGenerator@stdlib@lib2d@modules@UModSys@@UEBA_KAEAUSUniquePtrList@core@5@@Z 0000000180004848 f i umodsys_lib_lib2d:umodsys.mod.2d.stdlib.obj
 0001:00003848       ?root_get_interface_types@RFrame_Edit@frames@ui@modules@UModSys@@UEBA_KAEAUSUniquePtrList@core@5@@Z 0000000180004848 f i umodsys_lib_libui:umodsys.mod.ui.frames.obj
 0001:00003848       ?root_get_interface_types@RRenderDriver2D@SDL_core@ui@modules@UModSys@@UEBA_KAEAUSUniquePtrList@core@5@@Z 0000000180004848 f i umodsys_lib_libui:umodsys.mod.ui.SDL_core.obj
 0001:00003848       ?root_get_interface_types@RFrame_Button@frames@ui@modules@UModSys@@UEBA_KAEAUSUniquePtrList@core@5@@Z 0000000180004848 f i umodsys_lib_libui:umodsys.mod.ui.frames.obj
 0001:00003848       ?root_get_interface_types@RDialog@frames@ui@modules@UModSys@@UEBA_KAEAUSUniquePtrList@core@5@@Z 0000000180004848 f i umodsys_lib_libui:umodsys.mod.ui.frames.obj
 0001:00003848       ?root_get_interface_types@RCollector@frames@ui@modules@UModSys@@UEBA_KAEAUSUniquePtrList@core@5@@Z 0000000180004848 f i umodsys_lib_libui:umodsys.mod.ui.frames.obj
 0001:00003848       ?root_get_interface_types@RGenerator@SDL_core@ui@modules@UModSys@@UEBA_KAEAUSUniquePtrList@core@5@@Z 0000000180004848 f i umodsys_lib_libui:umodsys.mod.ui.SDL_core.obj
 0001:00003850       ?root_get_other_interface@RRenderDriver2D@SDL_core@ui@modules@UModSys@@UEAAPEAUIRoot@core@5@PEBUSUniquePointerInfo@75@@Z 0000000180004850 f i umodsys_lib_libui:umodsys.mod.ui.SDL_core.obj
 0001:00003850       ?root_get_other_interface@RRenderDriver2D@SDL_core@ui@modules@UModSys@@UEBAPEBUIRoot@core@5@PEBUSUniquePointerInfo@75@@Z 0000000180004850 f i umodsys_lib_libui:umodsys.mod.ui.SDL_core.obj
 0001:00003880       ?root_is_interface_supported@RRenderDriver2D@SDL_core@ui@modules@UModSys@@UEBA_NPEBUSUniquePointerInfo@core@5@@Z 0000000180004880 f i umodsys_lib_libui:umodsys.mod.ui.SDL_core.obj
 0001:000038b0       ??0RRenderDriver2D@SDL_core@ui@modules@UModSys@@QEAA@PEAURTerminal@1234@AEBUSParameters@core@4@@Z 00000001800048b0 f i umodsys_lib_libui:umodsys.mod.ui.SDL_core.obj
 0001:00003a10       ?open@RRenderDriver2D@SDL_core@ui@modules@UModSys@@QEAA_NAEBUSParameters@core@5@@Z 0000000180004a10 f i umodsys_lib_libui:umodsys.mod.ui.SDL_core.obj
 0001:00003c24       ?set_color@RRenderDriver2D@SDL_core@ui@modules@UModSys@@QEAAXXZ 0000000180004c24 f i umodsys_lib_libui:umodsys.mod.ui.SDL_core.obj
 0001:00003c98       ?begin@RRenderDriver2D@SDL_core@ui@modules@UModSys@@UEAAXXZ 0000000180004c98 f i umodsys_lib_libui:umodsys.mod.ui.SDL_core.obj
 0001:00003d04       ?end@RRenderDriver2D@SDL_core@ui@modules@UModSys@@UEAAXXZ 0000000180004d04 f i umodsys_lib_libui:umodsys.mod.ui.SDL_core.obj
 0001:00003d1c       ?get_max_values@RRenderDriver2D@SDL_core@ui@modules@UModSys@@UEBAPEBUSParameters@core@5@XZ 0000000180004d1c f i umodsys_lib_libui:umodsys.mod.ui.SDL_core.obj
 0001:00003d24       ?get_frame_values@RRenderDriver2D@SDL_core@ui@modules@UModSys@@UEBAPEBUSParameters@core@5@XZ 0000000180004d24 f i umodsys_lib_libui:umodsys.mod.ui.SDL_core.obj
 0001:00003d2c       ?setup_font@RRenderDriver2D@SDL_core@ui@modules@UModSys@@UEAA_NPEAUIMultiImage@lib2d@5@PEBU?$TVector2@M@math3d@5@@Z 0000000180004d2c f i umodsys_lib_libui:umodsys.mod.ui.SDL_core.obj
 0001:00003df0       ?setup_color@RRenderDriver2D@SDL_core@ui@modules@UModSys@@UEAAXAEBU?$TVector3@M@math3d@5@@Z 0000000180004df0 f i umodsys_lib_libui:umodsys.mod.ui.SDL_core.obj
 0001:00003e18       ?setup_color@RRenderDriver2D@SDL_core@ui@modules@UModSys@@UEAAXAEBU?$TVector3@H@math3d@5@@Z 0000000180004e18 f i umodsys_lib_libui:umodsys.mod.ui.SDL_core.obj
 0001:00003e68       ?setup_coloralpha@RRenderDriver2D@SDL_core@ui@modules@UModSys@@UEAAXAEBU?$TVector4@M@math3d@5@H@Z 0000000180004e68 f i umodsys_lib_libui:umodsys.mod.ui.SDL_core.obj
 0001:00003e8c       ?setup_coloralpha@RRenderDriver2D@SDL_core@ui@modules@UModSys@@UEAAXAEBU?$TVector4@H@math3d@5@H@Z 0000000180004e8c f i umodsys_lib_libui:umodsys.mod.ui.SDL_core.obj
 0001:00003ef0       ?setup_blendcolor@RRenderDriver2D@SDL_core@ui@modules@UModSys@@UEAAXAEBUSBlendColor@lib2d@5@@Z 0000000180004ef0 f i umodsys_lib_libui:umodsys.mod.ui.SDL_core.obj
 0001:00003f58       ?setup_blendcolor@RRenderDriver2D@SDL_core@ui@modules@UModSys@@UEAAXAEBUSBlendColorf@lib2d@5@@Z 0000000180004f58 f i umodsys_lib_libui:umodsys.mod.ui.SDL_core.obj
 0001:00003f98       ?setup_alpha@RRenderDriver2D@SDL_core@ui@modules@UModSys@@UEAAXHH@Z 0000000180004f98 f i umodsys_lib_libui:umodsys.mod.ui.SDL_core.obj
 0001:00003fc8       ?setup_alpha@RRenderDriver2D@SDL_core@ui@modules@UModSys@@UEAAXMH@Z 0000000180004fc8 f i umodsys_lib_libui:umodsys.mod.ui.SDL_core.obj
 0001:00003fe8       ?render_text_advanced@RRenderDriver2D@SDL_core@ui@modules@UModSys@@UEAA_NAEAUTextInfo@IRenderDriver@lib2d@5@PEBHH@Z 0000000180004fe8 f i umodsys_lib_libui:umodsys.mod.ui.SDL_core.obj
 0001:000041e4       ?render_box@RRenderDriver2D@SDL_core@ui@modules@UModSys@@UEAAXAEBU?$TVector2@H@math3d@5@0@Z 00000001800051e4 f i umodsys_lib_libui:umodsys.mod.ui.SDL_core.obj
 0001:00004230       ?render_tri@RRenderDriver2D@SDL_core@ui@modules@UModSys@@UEAAXAEBU?$TVector2@H@math3d@5@00@Z 0000000180005230 f i umodsys_lib_libui:umodsys.mod.ui.SDL_core.obj
 0001:000042a8       ?render_quad@RRenderDriver2D@SDL_core@ui@modules@UModSys@@UEAAXAEBU?$TVector2@H@math3d@5@000@Z 00000001800052a8 f i umodsys_lib_libui:umodsys.mod.ui.SDL_core.obj
 0001:00004350       ?render_line@RRenderDriver2D@SDL_core@ui@modules@UModSys@@UEAAXAEBU?$TVector2@H@math3d@5@0@Z 0000000180005350 f i umodsys_lib_libui:umodsys.mod.ui.SDL_core.obj
 0001:00004378       ?render_rect@RRenderDriver2D@SDL_core@ui@modules@UModSys@@UEAAXAEBU?$TVector2@H@math3d@5@0@Z 0000000180005378 f i umodsys_lib_libui:umodsys.mod.ui.SDL_core.obj
 0001:000043c4       ??_GRRenderDriver2D@SDL_core@ui@modules@UModSys@@UEAAPEAXI@Z 00000001800053c4 f i umodsys_lib_libui:umodsys.mod.ui.SDL_core.obj
 0001:000043c4       ??_ERRenderDriver2D@SDL_core@ui@modules@UModSys@@UEAAPEAXI@Z 00000001800053c4 f i  CIL library: CIL module
 0001:000044a8       ??1SParameters@core@UModSys@@QEAA@XZ 00000001800054a8 f i plugin_test1.obj
 0001:000044a8       ??1?$TParametersA@$0BAA@@core@UModSys@@QEAA@XZ 00000001800054a8 f i umodsys_lib_libui:umodsys.mod.ui.SDL_core.obj
 0001:000044a8       ??1?$TParametersA@$0EAA@@core@UModSys@@QEAA@XZ 00000001800054a8 f i plugin_test1.obj
 0001:000044c4       ?root_get_interface_info@RMouseController@SDL_core@ui@modules@UModSys@@UEBAAEBUSUniquePointerInfo@core@5@XZ 00000001800054c4 f i umodsys_lib_libui:umodsys.mod.ui.SDL_core.obj
 0001:000044cc       ?root_get_interface_type@RMouseController@SDL_core@ui@modules@UModSys@@UEBAPEBUSUniquePointerInfo@core@5@XZ 00000001800054cc f i umodsys_lib_libui:umodsys.mod.ui.SDL_core.obj
 0001:000044d4       ?root_get_other_interface@RMouseController@SDL_core@ui@modules@UModSys@@UEBAPEBUIRoot@core@5@PEBUSUniquePointerInfo@75@@Z 00000001800054d4 f i umodsys_lib_libui:umodsys.mod.ui.SDL_core.obj
 0001:000044d4       ?root_get_other_interface@RMouseController@SDL_core@ui@modules@UModSys@@UEAAPEAUIRoot@core@5@PEBUSUniquePointerInfo@75@@Z 00000001800054d4 f i umodsys_lib_libui:umodsys.mod.ui.SDL_core.obj
 0001:00004504       ?root_is_interface_supported@RMouseController@SDL_core@ui@modules@UModSys@@UEBA_NPEBUSUniquePointerInfo@core@5@@Z 0000000180005504 f i umodsys_lib_libui:umodsys.mod.ui.SDL_core.obj
 0001:00004534       ?process@RMouseController@SDL_core@ui@modules@UModSys@@QEAA_NAEAUSDL_MouseMotionEvent@@@Z 0000000180005534 f i umodsys_lib_libui:umodsys.mod.ui.SDL_core.obj
 0001:000046a0       ?process@RMouseController@SDL_core@ui@modules@UModSys@@QEAA_NAEAUSDL_MouseButtonEvent@@@Z 00000001800056a0 f i umodsys_lib_libui:umodsys.mod.ui.SDL_core.obj
 0001:000047cc       ?process@RMouseController@SDL_core@ui@modules@UModSys@@QEAA_NAEAUSDL_MouseWheelEvent@@@Z 00000001800057cc f i umodsys_lib_libui:umodsys.mod.ui.SDL_core.obj
 0001:000048bc       ?mouse_unlink@RMouseController@SDL_core@ui@modules@UModSys@@UEAA_NH@Z 00000001800058bc f i umodsys_lib_libui:umodsys.mod.ui.SDL_core.obj
 0001:000048bc       ?key_unlink@RKeyboardController@SDL_core@ui@modules@UModSys@@UEAA_NH@Z 00000001800058bc f i umodsys_lib_libui:umodsys.mod.ui.SDL_core.obj
 0001:00004914       ?mouse_link@RMouseController@SDL_core@ui@modules@UModSys@@UEAA_NHPEAUIRefObject@core@5@PEAUIMouseClient@libui@5@H@Z 0000000180005914 f i umodsys_lib_libui:umodsys.mod.ui.SDL_core.obj
 0001:00004a34       ??_GRMouseController@SDL_core@ui@modules@UModSys@@UEAAPEAXI@Z 0000000180005a34 f i umodsys_lib_libui:umodsys.mod.ui.SDL_core.obj
 0001:00004a34       ??_ERMouseController@SDL_core@ui@modules@UModSys@@UEAAPEAXI@Z 0000000180005a34 f i  CIL library: CIL module
 0001:00004a98       ?root_get_interface_info@RKeyboardController@SDL_core@ui@modules@UModSys@@UEBAAEBUSUniquePointerInfo@core@5@XZ 0000000180005a98 f i umodsys_lib_libui:umodsys.mod.ui.SDL_core.obj
 0001:00004aa0       ?root_get_interface_type@RKeyboardController@SDL_core@ui@modules@UModSys@@UEBAPEBUSUniquePointerInfo@core@5@XZ 0000000180005aa0 f i umodsys_lib_libui:umodsys.mod.ui.SDL_core.obj
 0001:00004aa8       ?root_get_other_interface@RKeyboardController@SDL_core@ui@modules@UModSys@@UEAAPEAUIRoot@core@5@PEBUSUniquePointerInfo@75@@Z 0000000180005aa8 f i umodsys_lib_libui:umodsys.mod.ui.SDL_core.obj
 0001:00004aa8       ?root_get_other_interface@RKeyboardController@SDL_core@ui@modules@UModSys@@UEBAPEBUIRoot@core@5@PEBUSUniquePointerInfo@75@@Z 0000000180005aa8 f i umodsys_lib_libui:umodsys.mod.ui.SDL_core.obj
 0001:00004ad8       ?root_is_interface_supported@RKeyboardController@SDL_core@ui@modules@UModSys@@UEBA_NPEBUSUniquePointerInfo@core@5@@Z 0000000180005ad8 f i umodsys_lib_libui:umodsys.mod.ui.SDL_core.obj
 0001:00004b08       ?ref_remove@RGenerator@frames@ui@modules@UModSys@@UEBAXXZ 0000000180005b08 f i umodsys_lib_libui:umodsys.mod.ui.frames.obj
 0001:00004b08       ?ref_remove@RKeyboardController@SDL_core@ui@modules@UModSys@@UEBAXXZ 0000000180005b08 f i umodsys_lib_libui:umodsys.mod.ui.SDL_core.obj
 0001:00004b08       ?ref_remove@RMouseController@SDL_core@ui@modules@UModSys@@UEBAXXZ 0000000180005b08 f i umodsys_lib_libui:umodsys.mod.ui.SDL_core.obj
 0001:00004b08       ?ref_remove@RDialog@frames@ui@modules@UModSys@@UEBAXXZ 0000000180005b08 f i umodsys_lib_libui:umodsys.mod.ui.frames.obj
 0001:00004b08       ?ref_remove@RMultiImage2D_SDL_ttf@SDL_core@ui@modules@UModSys@@UEBAXXZ 0000000180005b08 f i umodsys_lib_libui:umodsys.mod.ui.SDL_core.obj
 0001:00004b08       ?ref_remove@RGenerator@images_std@media@modules@UModSys@@UEBAXXZ 0000000180005b08 f i umodsys_lib_libmedia:umodsys.mod.media.images_std.obj
 0001:00004b08       ?ref_remove@RImage_Memory@stdlib@lib2d@modules@UModSys@@UEBAXXZ 0000000180005b08 f i umodsys_lib_lib2d:umodsys.mod.2d.stdlib.obj
 0001:00004b08       ?ref_remove@RGenerator@stdlib@lib2d@modules@UModSys@@UEBAXXZ 0000000180005b08 f i umodsys_lib_lib2d:umodsys.mod.2d.stdlib.obj
 0001:00004b08       ?ref_remove@RTerminal@SDL_core@ui@modules@UModSys@@UEBAXXZ 0000000180005b08 f i umodsys_lib_libui:umodsys.mod.ui.SDL_core.obj
 0001:00004b08       ?ref_remove@RGenerator@SDL_core@ui@modules@UModSys@@UEBAXXZ 0000000180005b08 f i umodsys_lib_libui:umodsys.mod.ui.SDL_core.obj
 0001:00004b08       ?ref_remove@RGenerator@test1@test@modules@UModSys@@UEBAXXZ 0000000180005b08 f i plugin_test1.obj
 0001:00004b08       ?ref_remove@RRenderDriver2D@SDL_core@ui@modules@UModSys@@UEBAXXZ 0000000180005b08 f i umodsys_lib_libui:umodsys.mod.ui.SDL_core.obj
 0001:00004b20       ?process@RKeyboardController@SDL_core@ui@modules@UModSys@@QEAA_NAEAUSDL_KeyboardEvent@@@Z 0000000180005b20 f i umodsys_lib_libui:umodsys.mod.ui.SDL_core.obj
 0001:00004c9c       ?map_keycode@RKeyboardController@SDL_core@ui@modules@UModSys@@QEAA?AW4eKeyCode@libui@5@H@Z 0000000180005c9c f i umodsys_lib_libui:umodsys.mod.ui.SDL_core.obj
 0001:000051c4       ?key_link@RKeyboardController@SDL_core@ui@modules@UModSys@@UEAA_NHPEAUIRefObject@core@5@PEAUIKeyboardClient@libui@5@@Z 00000001800061c4 f i umodsys_lib_libui:umodsys.mod.ui.SDL_core.obj
 0001:000052d0       ?key_setvisible@RKeyboardController@SDL_core@ui@modules@UModSys@@UEAA_N_N@Z 00000001800062d0 f i umodsys_lib_libui:umodsys.mod.ui.SDL_core.obj
 0001:000052ec       ??_ERKeyboardController@SDL_core@ui@modules@UModSys@@UEAAPEAXI@Z 00000001800062ec f i  CIL library: CIL module
 0001:000052ec       ??_GRKeyboardController@SDL_core@ui@modules@UModSys@@UEAAPEAXI@Z 00000001800062ec f i umodsys_lib_libui:umodsys.mod.ui.SDL_core.obj
 0001:00005350       ??1IKeyboardController@libui@UModSys@@UEAA@XZ 0000000180006350 f i umodsys_lib_libui:umodsys.mod.ui.SDL_core.obj
 0001:00005350       ??1IMultiImage@lib2d@UModSys@@UEAA@XZ 0000000180006350 f i umodsys_lib_libui:umodsys.mod.ui.SDL_core.obj
 0001:00005350       ??1IMouseController@libui@UModSys@@UEAA@XZ 0000000180006350 f i umodsys_lib_libui:umodsys.mod.ui.SDL_core.obj
 0001:00005350       ??1IBinObjFilter@libmedia@UModSys@@UEAA@XZ 0000000180006350 f i plugin_test1.obj
 0001:00005350       ??1IImage@lib2d@UModSys@@UEAA@XZ 0000000180006350 f i umodsys_lib_lib2d:umodsys.mod.2d.stdlib.obj
 0001:00005350       ??1IRenderDriver@lib2d@UModSys@@UEAA@XZ 0000000180006350 f i umodsys_lib_libui:umodsys.mod.ui.SDL_core.obj
 0001:00005350       ??1IFrame@libui@UModSys@@UEAA@XZ 0000000180006350 f i umodsys_lib_libui:umodsys.mod.ui.frames.obj
 0001:00005350       ??1IShell@base@UModSys@@UEAA@XZ 0000000180006350 f i plugin_test1.obj
 0001:00005350       ??1ICollector@libui@UModSys@@UEAA@XZ 0000000180006350 f i umodsys_lib_libui:umodsys.mod.ui.frames.obj
 0001:00005350       ??1IDialog@libui@UModSys@@UEAA@XZ 0000000180006350 f i umodsys_lib_libui:umodsys.mod.ui.frames.obj
 0001:00005350       ??1ITerminal@libui@UModSys@@UEAA@XZ 0000000180006350 f i umodsys_lib_libui:umodsys.mod.ui.SDL_core.obj
 0001:0000535c       ?root_get_interface_info@RTerminal@SDL_core@ui@modules@UModSys@@UEBAAEBUSUniquePointerInfo@core@5@XZ 000000018000635c f i umodsys_lib_libui:umodsys.mod.ui.SDL_core.obj
 0001:00005364       ?root_get_interface_type@RTerminal@SDL_core@ui@modules@UModSys@@UEBAPEBUSUniquePointerInfo@core@5@XZ 0000000180006364 f i umodsys_lib_libui:umodsys.mod.ui.SDL_core.obj
 0001:0000536c       ?root_get_other_interface@RTerminal@SDL_core@ui@modules@UModSys@@UEAAPEAUIRoot@core@5@PEBUSUniquePointerInfo@75@@Z 000000018000636c f i umodsys_lib_libui:umodsys.mod.ui.SDL_core.obj
 0001:0000536c       ?root_get_other_interface@RTerminal@SDL_core@ui@modules@UModSys@@UEBAPEBUIRoot@core@5@PEBUSUniquePointerInfo@75@@Z 000000018000636c f i umodsys_lib_libui:umodsys.mod.ui.SDL_core.obj
 0001:0000539c       ?root_is_interface_supported@RTerminal@SDL_core@ui@modules@UModSys@@UEBA_NPEBUSUniquePointerInfo@core@5@@Z 000000018000639c f i umodsys_lib_libui:umodsys.mod.ui.SDL_core.obj
 0001:000053cc       ?poll_events@RTerminal@SDL_core@ui@modules@UModSys@@UEAA_NH@Z 00000001800063cc f i umodsys_lib_libui:umodsys.mod.ui.SDL_core.obj
 0001:000055c4       ?get_terminal_state@RTerminal@SDL_core@ui@modules@UModSys@@UEAA_NW4eTerminalState@libui@5@@Z 00000001800065c4 f i umodsys_lib_libui:umodsys.mod.ui.SDL_core.obj
 0001:000055d0       ?set_terminal_state@RTerminal@SDL_core@ui@modules@UModSys@@UEAA_NW4eTerminalState@libui@5@_N@Z 00000001800065d0 f i umodsys_lib_libui:umodsys.mod.ui.SDL_core.obj
 0001:000056f4       ?get_clock@RTerminal@SDL_core@ui@modules@UModSys@@UEAANXZ 00000001800066f4 f i umodsys_lib_libui:umodsys.mod.ui.SDL_core.obj
 0001:00005710       ?wait@RTerminal@SDL_core@ui@modules@UModSys@@UEAA_NM@Z 0000000180006710 f i umodsys_lib_libui:umodsys.mod.ui.SDL_core.obj
 0001:00005730       ?get_count@RTerminal@SDL_core@ui@modules@UModSys@@UEBA_KPEBUSUniquePointerInfo@core@5@@Z 0000000180006730 f i umodsys_lib_libui:umodsys.mod.ui.SDL_core.obj
 0001:000057c4       ?get_handler@RTerminal@SDL_core@ui@modules@UModSys@@UEBAPEAUIRefObject@core@5@PEBUSUniquePointerInfo@75@_K@Z 00000001800067c4 f i umodsys_lib_libui:umodsys.mod.ui.SDL_core.obj
 0001:00005864       ?create_handler@RTerminal@SDL_core@ui@modules@UModSys@@UEAA_NPEBUSUniquePointerInfo@core@5@AEAU?$TRefObject@UIRefObject@core@UModSys@@U?$TRefObjectFunc@UIRefObject@core@UModSys@@@tl@3@@tl@5@PEBDPEBUSParameters@75@@Z 0000000180006864 f i umodsys_lib_libui:umodsys.mod.ui.SDL_core.obj
 0001:00005c4c       ??_ERTerminal@SDL_core@ui@modules@UModSys@@UEAAPEAXI@Z 0000000180006c4c f i  CIL library: CIL module
 0001:00005c4c       ??_GRTerminal@SDL_core@ui@modules@UModSys@@UEAAPEAXI@Z 0000000180006c4c f i umodsys_lib_libui:umodsys.mod.ui.SDL_core.obj
 0001:00005d1c       ?get_terminal@RRenderDriver2D@SDL_core@ui@modules@UModSys@@UEBAPEAUITerminal@libui@5@XZ 0000000180006d1c f   umodsys_lib_libui:umodsys.mod.ui.SDL_core.obj
 0001:00005d24       ?new_font@RRenderDriver2D@SDL_core@ui@modules@UModSys@@UEAA?AU?$TRefObject@UIMultiImage@lib2d@UModSys@@U?$TRefObjectFunc@UIMultiImage@lib2d@UModSys@@@tl@3@@tl@5@AEBUSParameters@core@5@AEBU?$TString@U?$TSCoreConst@D@su@tl@UModSys@@U?$TComparerBinaryHash@D@234@@75@@Z 0000000180006d24 f   umodsys_lib_libui:umodsys.mod.ui.SDL_core.obj
 0001:00005e2c       ?new_picture@RRenderDriver2D@SDL_core@ui@modules@UModSys@@UEAA?AU?$TRefObject@UIImage@lib2d@UModSys@@U?$TRefObjectFunc@UIImage@lib2d@UModSys@@@tl@3@@tl@5@AEBUSParameters@core@5@AEBU?$TString@U?$TSCoreConst@D@su@tl@UModSys@@U?$TComparerBinaryHash@D@234@@75@@Z 0000000180006e2c f   umodsys_lib_libui:umodsys.mod.ui.SDL_core.obj
 0001:00005e3c       ?get_generated_names@RGenerator@SDL_core@ui@modules@UModSys@@UEBAHAEAUSUniquePtrList@core@5@@Z 0000000180006e3c f i umodsys_lib_libui:umodsys.mod.ui.SDL_core.obj
 0001:00005e5c       ?get_generated_types@RGenerator@SDL_core@ui@modules@UModSys@@UEBAHAEAUSUniquePtrList@core@5@PEBUSUniquePointerInfo@75@@Z 0000000180006e5c f i umodsys_lib_libui:umodsys.mod.ui.SDL_core.obj
 0001:00005eb4       ?generate@RGenerator@SDL_core@ui@modules@UModSys@@UEAA_NAEAU?$TRefObject@UIRefObject@core@UModSys@@U?$TRefObjectFunc@UIRefObject@core@UModSys@@@tl@3@@tl@5@PEBUSUniquePointerInfo@core@5@AEBUSParameters@95@@Z 0000000180006eb4 f i umodsys_lib_libui:umodsys.mod.ui.SDL_core.obj
 0001:00005ff8       ?root_get_interface_info@RGenerator@SDL_core@ui@modules@UModSys@@UEBAAEBUSUniquePointerInfo@core@5@XZ 0000000180006ff8 f i umodsys_lib_libui:umodsys.mod.ui.SDL_core.obj
 0001:00006000       ?root_get_interface_type@RGenerator@SDL_core@ui@modules@UModSys@@UEBAPEBUSUniquePointerInfo@core@5@XZ 0000000180007000 f i umodsys_lib_libui:umodsys.mod.ui.SDL_core.obj
 0001:00006008       ?root_get_other_interface@RGenerator@SDL_core@ui@modules@UModSys@@UEBAPEBUIRoot@core@5@PEBUSUniquePointerInfo@75@@Z 0000000180007008 f i umodsys_lib_libui:umodsys.mod.ui.SDL_core.obj
 0001:00006008       ?root_get_other_interface@RGenerator@SDL_core@ui@modules@UModSys@@UEAAPEAUIRoot@core@5@PEBUSUniquePointerInfo@75@@Z 0000000180007008 f i umodsys_lib_libui:umodsys.mod.ui.SDL_core.obj
 0001:00006040       ?root_is_interface_supported@RGenerator@SDL_core@ui@modules@UModSys@@UEBA_NPEBUSUniquePointerInfo@core@5@@Z 0000000180007040 f i umodsys_lib_libui:umodsys.mod.ui.SDL_core.obj
 0001:00006078       ?ref_add@RRenderDriver2D@SDL_core@ui@modules@UModSys@@UEBAXXZ 0000000180007078 f i umodsys_lib_libui:umodsys.mod.ui.SDL_core.obj
 0001:00006078       ?ref_add@RMultiImage2D_SDL_ttf@SDL_core@ui@modules@UModSys@@UEBAXXZ 0000000180007078 f i umodsys_lib_libui:umodsys.mod.ui.SDL_core.obj
 0001:00006078       ?ref_add@RImage_Memory@stdlib@lib2d@modules@UModSys@@UEBAXXZ 0000000180007078 f i umodsys_lib_lib2d:umodsys.mod.2d.stdlib.obj
 0001:00006078       ?ref_add@RKeyboardController@SDL_core@ui@modules@UModSys@@UEBAXXZ 0000000180007078 f i umodsys_lib_libui:umodsys.mod.ui.SDL_core.obj
 0001:00006078       ?ref_add@RTerminal@SDL_core@ui@modules@UModSys@@UEBAXXZ 0000000180007078 f i umodsys_lib_libui:umodsys.mod.ui.SDL_core.obj
 0001:00006078       ?ref_add@RMouseController@SDL_core@ui@modules@UModSys@@UEBAXXZ 0000000180007078 f i umodsys_lib_libui:umodsys.mod.ui.SDL_core.obj
 0001:00006078       ?ref_add@RGenerator@images_std@media@modules@UModSys@@UEBAXXZ 0000000180007078 f i umodsys_lib_libmedia:umodsys.mod.media.images_std.obj
 0001:00006078       ?ref_add@RGenerator@test1@test@modules@UModSys@@UEBAXXZ 0000000180007078 f i plugin_test1.obj
 0001:00006078       ?ref_add@RDialog@frames@ui@modules@UModSys@@UEBAXXZ 0000000180007078 f i umodsys_lib_libui:umodsys.mod.ui.frames.obj
 0001:00006078       ?ref_add@RGenerator@frames@ui@modules@UModSys@@UEBAXXZ 0000000180007078 f i umodsys_lib_libui:umodsys.mod.ui.frames.obj
 0001:00006078       ?ref_add@RGenerator@stdlib@lib2d@modules@UModSys@@UEBAXXZ 0000000180007078 f i umodsys_lib_lib2d:umodsys.mod.2d.stdlib.obj
 0001:00006078       ?ref_add@RGenerator@SDL_core@ui@modules@UModSys@@UEBAXXZ 0000000180007078 f i umodsys_lib_libui:umodsys.mod.ui.SDL_core.obj
 0001:0000607c       ?get_uid@RGenerator@SDL_core@ui@modules@UModSys@@UEBAPEBUSUniquePointerInfo@core@5@XZ 000000018000707c f i umodsys_lib_libui:umodsys.mod.ui.SDL_core.obj
 0001:00006084       ?do_open@RModuleReg@SDL_core@ui@modules@UModSys@@UEAA_NXZ 0000000180007084 f i umodsys_lib_libui:umodsys.mod.ui.SDL_core.obj
 0001:000060f8       ?do_close@RModuleReg@SDL_core@ui@modules@UModSys@@UEAA_NXZ 00000001800070f8 f i umodsys_lib_libui:umodsys.mod.ui.SDL_core.obj
 0001:00006148       ?get_module@RGenerator@SDL_core@ui@modules@UModSys@@UEBAPEAUIModule@base@5@XZ 0000000180007148 f   umodsys_lib_libui:umodsys.mod.ui.SDL_core.obj
 0001:00006150       ?mod_inc@RGenerator@SDL_core@ui@modules@UModSys@@UEBA_NXZ 0000000180007150 f   umodsys_lib_libui:umodsys.mod.ui.SDL_core.obj
 0001:00006160       ?mod_dec@RGenerator@SDL_core@ui@modules@UModSys@@UEBA_NXZ 0000000180007160 f   umodsys_lib_libui:umodsys.mod.ui.SDL_core.obj
 0001:00006174       ?s_holder@RGenerator@SDL_core@ui@modules@UModSys@@SAAEAU?$TTypeStaticHolder@URGenerator@SDL_core@ui@modules@UModSys@@@tl@5@XZ 0000000180007174 f   umodsys_lib_libui:umodsys.mod.ui.SDL_core.obj
 0001:000061b8       ??1?$TScatterArray@UGlyph@RMultiImage2D_SDL_ttf@SDL_core@ui@modules@UModSys@@HU?$TScalarCompare@H@core@6@U?$TNodeDeleter0@U?$TScatterArrayNode@UGlyph@RMultiImage2D_SDL_ttf@SDL_core@ui@modules@UModSys@@H@tl@UModSys@@@tl@6@@tl@UModSys@@QEAA@XZ 00000001800071b8 f i umodsys_lib_libui:umodsys.mod.ui.SDL_core.obj
 0001:00006234       ??1?$TRefObject@URRenderDriver2D@SDL_core@ui@modules@UModSys@@U?$TRefObjectWeakFunc@URRenderDriver2D@SDL_core@ui@modules@UModSys@@@tl@5@@tl@UModSys@@QEAA@XZ 0000000180007234 f i umodsys_lib_libui:umodsys.mod.ui.SDL_core.obj
 0001:00006234       ??1?$TRefObject@URMultiImage2D_SDL_ttf@SDL_core@ui@modules@UModSys@@U?$TRefObjectWeakFunc@URMultiImage2D_SDL_ttf@SDL_core@ui@modules@UModSys@@@tl@5@@tl@UModSys@@QEAA@XZ 0000000180007234 f i umodsys_lib_libui:umodsys.mod.ui.SDL_core.obj
 0001:00006268       ?delete_node@?$TTreeHoldRBD@U?$TScatterArrayNode@U?$TRefObjectCompositeExtra@UIMouseClient@libui@UModSys@@HUIRefObject@core@3@U?$TRefObjectFunc@UIRefObject@core@UModSys@@@tl@3@@tl@UModSys@@H@tl@UModSys@@U?$TNodeDeleter0@U?$TScatterArrayNode@U?$TRefObjectCompositeExtra@UIMouseClient@libui@UModSys@@HUIRefObject@core@3@U?$TRefObjectFunc@UIRefObject@core@UModSys@@@tl@3@@tl@UModSys@@H@tl@UModSys@@@23@@tl@UModSys@@QEAAXPEAU?$TScatterArrayNode@U?$TRefObjectCompositeExtra@UIMouseClient@libui@UModSys@@HUIRefObject@core@3@U?$TRefObjectFunc@UIRefObject@core@UModSys@@@tl@3@@tl@UModSys@@H@23@@Z 0000000180007268 f i umodsys_lib_libui:umodsys.mod.ui.SDL_core.obj
 0001:00006268       ?delete_node@?$TTreeHoldRBD@U?$TScatterArrayNode@U?$TRefObjectComposite@UIKeyboardClient@libui@UModSys@@UIRefObject@core@3@U?$TRefObjectFunc@UIRefObject@core@UModSys@@@tl@3@@tl@UModSys@@H@tl@UModSys@@U?$TNodeDeleter0@U?$TScatterArrayNode@U?$TRefObjectComposite@UIKeyboardClient@libui@UModSys@@UIRefObject@core@3@U?$TRefObjectFunc@UIRefObject@core@UModSys@@@tl@3@@tl@UModSys@@H@tl@UModSys@@@23@@tl@UModSys@@QEAAXPEAU?$TScatterArrayNode@U?$TRefObjectComposite@UIKeyboardClient@libui@UModSys@@UIRefObject@core@3@U?$TRefObjectFunc@UIRefObject@core@UModSys@@@tl@3@@tl@UModSys@@H@23@@Z 0000000180007268 f i umodsys_lib_libui:umodsys.mod.ui.SDL_core.obj
 0001:000063d0       ??_GRGenerator@test1@test@modules@UModSys@@UEAAPEAXI@Z 00000001800073d0 f i plugin_test1.obj
 0001:000063d0       ??_ERGenerator@SDL_core@ui@modules@UModSys@@UEAAPEAXI@Z 00000001800073d0 f i  CIL library: CIL module
 0001:000063d0       ??_GRGenerator@stdlib@lib2d@modules@UModSys@@UEAAPEAXI@Z 00000001800073d0 f i umodsys_lib_lib2d:umodsys.mod.2d.stdlib.obj
 0001:000063d0       ??_GIRoot@core@UModSys@@UEAAPEAXI@Z 00000001800073d0 f i plugin_test1.obj
 0001:000063d0       ??_ERGenerator@stdlib@lib2d@modules@UModSys@@UEAAPEAXI@Z 00000001800073d0 f i  CIL library: CIL module
 0001:000063d0       ??_GRGenerator@images_std@media@modules@UModSys@@UEAAPEAXI@Z 00000001800073d0 f i umodsys_lib_libmedia:umodsys.mod.media.images_std.obj
 0001:000063d0       ??_ERGenerator@images_std@media@modules@UModSys@@UEAAPEAXI@Z 00000001800073d0 f i  CIL library: CIL module
 0001:000063d0       ??_EIRoot@core@UModSys@@UEAAPEAXI@Z 00000001800073d0 f i  CIL library: CIL module
 0001:000063d0       ??_GRGenerator@SDL_core@ui@modules@UModSys@@UEAAPEAXI@Z 00000001800073d0 f i umodsys_lib_libui:umodsys.mod.ui.SDL_core.obj
 0001:000063d0       ??_GRGenerator@frames@ui@modules@UModSys@@UEAAPEAXI@Z 00000001800073d0 f i umodsys_lib_libui:umodsys.mod.ui.frames.obj
 0001:000063d0       ??_ERGenerator@frames@ui@modules@UModSys@@UEAAPEAXI@Z 00000001800073d0 f i  CIL library: CIL module
 0001:000063d0       ??_ERGenerator@test1@test@modules@UModSys@@UEAAPEAXI@Z 00000001800073d0 f i  CIL library: CIL module
 0001:000063f8       ??1?$TPair@HU?$TRefObjectComposite@UIKeyboardClient@libui@UModSys@@UIRefObject@core@3@U?$TRefObjectFunc@UIRefObject@core@UModSys@@@tl@3@@tl@UModSys@@@tl@UModSys@@QEAA@XZ 00000001800073f8 f i umodsys_lib_libui:umodsys.mod.ui.SDL_core.obj
 0001:000063f8       ??1?$TPair@HU?$TRefObjectCompositeExtra@UIMouseClient@libui@UModSys@@HUIRefObject@core@3@U?$TRefObjectFunc@UIRefObject@core@UModSys@@@tl@3@@tl@UModSys@@@tl@UModSys@@QEAA@XZ 00000001800073f8 f i umodsys_lib_libui:umodsys.mod.ui.SDL_core.obj
 0001:00006440       ??1?$TRefObjectCompositeExtra@UIMouseClient@libui@UModSys@@HUIRefObject@core@3@U?$TRefObjectFunc@UIRefObject@core@UModSys@@@tl@3@@tl@UModSys@@QEAA@XZ 0000000180007440 f i umodsys_lib_libui:umodsys.mod.ui.SDL_core.obj
 0001:00006440       ??1?$TRefObjectComposite@UIKeyboardClient@libui@UModSys@@UIRefObject@core@3@U?$TRefObjectFunc@UIRefObject@core@UModSys@@@tl@3@@tl@UModSys@@QEAA@XZ 0000000180007440 f i umodsys_lib_libui:umodsys.mod.ui.SDL_core.obj
 0001:00006488       ?remove_color@?$TTreeHoldRB@U?$TScatterArrayNode@U?$TRefObjectCompositeExtra@UIMouseClient@libui@UModSys@@HUIRefObject@core@3@U?$TRefObjectFunc@UIRefObject@core@UModSys@@@tl@3@@tl@UModSys@@H@tl@UModSys@@@tl@UModSys@@IEAAXPEAU?$TScatterArrayNode@U?$TRefObjectCompositeExtra@UIMouseClient@libui@UModSys@@HUIRefObject@core@3@U?$TRefObjectFunc@UIRefObject@core@UModSys@@@tl@3@@tl@UModSys@@H@23@0@Z 0000000180007488 f i umodsys_lib_libui:umodsys.mod.ui.SDL_core.obj
 0001:00006488       ?remove_color@?$TTreeHoldRB@U?$TScatterArrayNode@U?$TRefObjectComposite@UIKeyboardClient@libui@UModSys@@UIRefObject@core@3@U?$TRefObjectFunc@UIRefObject@core@UModSys@@@tl@3@@tl@UModSys@@H@tl@UModSys@@@tl@UModSys@@IEAAXPEAU?$TScatterArrayNode@U?$TRefObjectComposite@UIKeyboardClient@libui@UModSys@@UIRefObject@core@3@U?$TRefObjectFunc@UIRefObject@core@UModSys@@@tl@3@@tl@UModSys@@H@23@0@Z 0000000180007488 f i umodsys_lib_libui:umodsys.mod.ui.SDL_core.obj
 0001:00006728       ??$t_add@U?$TRefObject@URRenderDriver2D@SDL_core@ui@modules@UModSys@@U?$TRefObjectWeakFunc@URRenderDriver2D@SDL_core@ui@modules@UModSys@@@tl@5@@tl@UModSys@@URRenderDriver2D@SDL_core@ui@modules@3@@SDL_core@ui@modules@UModSys@@YA_NAEAU?$TScatterArray@U?$TRefObject@URRenderDriver2D@SDL_core@ui@modules@UModSys@@U?$TRefObjectWeakFunc@URRenderDriver2D@SDL_core@ui@modules@UModSys@@@tl@5@@tl@UModSys@@HU?$TScalarCompare@H@core@3@U?$TNodeDeleter0@U?$TScatterArrayNode@U?$TRefObject@URRenderDriver2D@SDL_core@ui@modules@UModSys@@U?$TRefObjectWeakFunc@URRenderDriver2D@SDL_core@ui@modules@UModSys@@@tl@5@@tl@UModSys@@H@tl@UModSys@@@23@@tl@3@PEAURRenderDriver2D@0123@@Z 0000000180007728 f i umodsys_lib_libui:umodsys.mod.ui.SDL_core.obj
 0001:000068ac       ?sub_insert_node@?$TTreeHoldRB@U?$TScatterArrayNode@U?$TVector4@M@math3d@UModSys@@H@tl@UModSys@@@tl@UModSys@@QEAAXPEAU?$TScatterArrayNode@U?$TVector4@M@math3d@UModSys@@H@23@0H@Z 00000001800078ac f i umodsys_lib_libui:umodsys.mod.ui.frames.obj
 0001:000068ac       ?sub_insert_node@?$TTreeHoldRB@U?$TScatterArrayNode@HH@tl@UModSys@@@tl@UModSys@@QEAAXPEAU?$TScatterArrayNode@HH@23@0H@Z 00000001800078ac f i umodsys_lib_libui:umodsys.mod.ui.frames.obj
 0001:000068ac       ?sub_insert_node@?$TTreeHoldRB@U?$TScatterArrayNode@UGlyph@RMultiImage2D_SDL_ttf@SDL_core@ui@modules@UModSys@@H@tl@UModSys@@@tl@UModSys@@QEAAXPEAU?$TScatterArrayNode@UGlyph@RMultiImage2D_SDL_ttf@SDL_core@ui@modules@UModSys@@H@23@0H@Z 00000001800078ac f i umodsys_lib_libui:umodsys.mod.ui.SDL_core.obj
 0001:000068ac       ?sub_insert_node@?$TTreeHoldRB@U?$TScatterArrayNode@U?$TRefObject@URRenderDriver2D@SDL_core@ui@modules@UModSys@@U?$TRefObjectWeakFunc@URRenderDriver2D@SDL_core@ui@modules@UModSys@@@tl@5@@tl@UModSys@@H@tl@UModSys@@@tl@UModSys@@QEAAXPEAU?$TScatterArrayNode@U?$TRefObject@URRenderDriver2D@SDL_core@ui@modules@UModSys@@U?$TRefObjectWeakFunc@URRenderDriver2D@SDL_core@ui@modules@UModSys@@@tl@5@@tl@UModSys@@H@23@0H@Z 00000001800078ac f i umodsys_lib_libui:umodsys.mod.ui.SDL_core.obj
 0001:000068ac       ?sub_insert_node@?$TTreeHoldRB@U?$TScatterArrayNode@U?$TVector2@M@math3d@UModSys@@H@tl@UModSys@@@tl@UModSys@@QEAAXPEAU?$TScatterArrayNode@U?$TVector2@M@math3d@UModSys@@H@23@0H@Z 00000001800078ac f i umodsys_lib_libui:umodsys.mod.ui.frames.obj
 0001:000068ac       ?sub_insert_node@?$TTreeHoldRB@U?$TScatterArrayNode@U?$TRefObjectComposite@UIKeyboardClient@libui@UModSys@@UIRefObject@core@3@U?$TRefObjectFunc@UIRefObject@core@UModSys@@@tl@3@@tl@UModSys@@H@tl@UModSys@@@tl@UModSys@@QEAAXPEAU?$TScatterArrayNode@U?$TRefObjectComposite@UIKeyboardClient@libui@UModSys@@UIRefObject@core@3@U?$TRefObjectFunc@UIRefObject@core@UModSys@@@tl@3@@tl@UModSys@@H@23@0H@Z 00000001800078ac f i umodsys_lib_libui:umodsys.mod.ui.SDL_core.obj
 0001:000068ac       ?sub_insert_node@?$TTreeHoldRB@U?$TScatterArrayNode@U?$TRefObjectCompositeExtra@UIMouseClient@libui@UModSys@@HUIRefObject@core@3@U?$TRefObjectFunc@UIRefObject@core@UModSys@@@tl@3@@tl@UModSys@@H@tl@UModSys@@@tl@UModSys@@QEAAXPEAU?$TScatterArrayNode@U?$TRefObjectCompositeExtra@UIMouseClient@libui@UModSys@@HUIRefObject@core@3@U?$TRefObjectFunc@UIRefObject@core@UModSys@@@tl@3@@tl@UModSys@@H@23@0H@Z 00000001800078ac f i umodsys_lib_libui:umodsys.mod.ui.SDL_core.obj
 0001:00006a8c       ??$process_nodes_r@U?$TNodeDeleter0@U?$TScatterArrayNode@UGlyph@RMultiImage2D_SDL_ttf@SDL_core@ui@modules@UModSys@@H@tl@UModSys@@@tl@UModSys@@@?$TTreeHoldRB@U?$TScatterArrayNode@UGlyph@RMultiImage2D_SDL_ttf@SDL_core@ui@modules@UModSys@@H@tl@UModSys@@@tl@UModSys@@KAHPEAU?$TScatterArrayNode@UGlyph@RMultiImage2D_SDL_ttf@SDL_core@ui@modules@UModSys@@H@12@AEBU?$TNodeDeleter0@U?$TScatterArrayNode@UGlyph@RMultiImage2D_SDL_ttf@SDL_core@ui@modules@UModSys@@H@tl@UModSys@@@12@@Z 0000000180007a8c f i umodsys_lib_libui:umodsys.mod.ui.SDL_core.obj
 0001:00006b04       ??$process_nodes_r@U?$TNodeDeleter0@U?$TScatterArrayNode@U?$TRefObjectCompositeExtra@UIMouseClient@libui@UModSys@@HUIRefObject@core@3@U?$TRefObjectFunc@UIRefObject@core@UModSys@@@tl@3@@tl@UModSys@@H@tl@UModSys@@@tl@UModSys@@@?$TTreeHoldRB@U?$TScatterArrayNode@U?$TRefObjectCompositeExtra@UIMouseClient@libui@UModSys@@HUIRefObject@core@3@U?$TRefObjectFunc@UIRefObject@core@UModSys@@@tl@3@@tl@UModSys@@H@tl@UModSys@@@tl@UModSys@@KAHPEAU?$TScatterArrayNode@U?$TRefObjectCompositeExtra@UIMouseClient@libui@UModSys@@HUIRefObject@core@3@U?$TRefObjectFunc@UIRefObject@core@UModSys@@@tl@3@@tl@UModSys@@H@12@AEBU?$TNodeDeleter0@U?$TScatterArrayNode@U?$TRefObjectCompositeExtra@UIMouseClient@libui@UModSys@@HUIRefObject@core@3@U?$TRefObjectFunc@UIRefObject@core@UModSys@@@tl@3@@tl@UModSys@@H@tl@UModSys@@@12@@Z 0000000180007b04 f i umodsys_lib_libui:umodsys.mod.ui.SDL_core.obj
 0001:00006b04       ??$process_nodes_r@U?$TNodeDeleter0@U?$TScatterArrayNode@U?$TRefObjectComposite@UIKeyboardClient@libui@UModSys@@UIRefObject@core@3@U?$TRefObjectFunc@UIRefObject@core@UModSys@@@tl@3@@tl@UModSys@@H@tl@UModSys@@@tl@UModSys@@@?$TTreeHoldRB@U?$TScatterArrayNode@U?$TRefObjectComposite@UIKeyboardClient@libui@UModSys@@UIRefObject@core@3@U?$TRefObjectFunc@UIRefObject@core@UModSys@@@tl@3@@tl@UModSys@@H@tl@UModSys@@@tl@UModSys@@KAHPEAU?$TScatterArrayNode@U?$TRefObjectComposite@UIKeyboardClient@libui@UModSys@@UIRefObject@core@3@U?$TRefObjectFunc@UIRefObject@core@UModSys@@@tl@3@@tl@UModSys@@H@12@AEBU?$TNodeDeleter0@U?$TScatterArrayNode@U?$TRefObjectComposite@UIKeyboardClient@libui@UModSys@@UIRefObject@core@3@U?$TRefObjectFunc@UIRefObject@core@UModSys@@@tl@3@@tl@UModSys@@H@tl@UModSys@@@12@@Z 0000000180007b04 f i umodsys_lib_libui:umodsys.mod.ui.SDL_core.obj
 0001:00006b98       ??$process_nodes_r@U?$TNodeDeleter0@U?$TScatterArrayNode@U?$TRefObject@URRenderDriver2D@SDL_core@ui@modules@UModSys@@U?$TRefObjectWeakFunc@URRenderDriver2D@SDL_core@ui@modules@UModSys@@@tl@5@@tl@UModSys@@H@tl@UModSys@@@tl@UModSys@@@?$TTreeHoldRB@U?$TScatterArrayNode@U?$TRefObject@URRenderDriver2D@SDL_core@ui@modules@UModSys@@U?$TRefObjectWeakFunc@URRenderDriver2D@SDL_core@ui@modules@UModSys@@@tl@5@@tl@UModSys@@H@tl@UModSys@@@tl@UModSys@@KAHPEAU?$TScatterArrayNode@U?$TRefObject@URRenderDriver2D@SDL_core@ui@modules@UModSys@@U?$TRefObjectWeakFunc@URRenderDriver2D@SDL_core@ui@modules@UModSys@@@tl@5@@tl@UModSys@@H@12@AEBU?$TNodeDeleter0@U?$TScatterArrayNode@U?$TRefObject@URRenderDriver2D@SDL_core@ui@modules@UModSys@@U?$TRefObjectWeakFunc@URRenderDriver2D@SDL_core@ui@modules@UModSys@@@tl@5@@tl@UModSys@@H@tl@UModSys@@@12@@Z 0000000180007b98 f i umodsys_lib_libui:umodsys.mod.ui.SDL_core.obj
 0001:00006c2c       ??1SController@libui@UModSys@@QEAA@XZ 0000000180007c2c f i umodsys_lib_libui:umodsys.mod.ui.frames.obj
 0001:00006c74       ?db_get_i@SController@libui@UModSys@@QEAAHQEBD@Z 0000000180007c74 f i umodsys_lib_libui:umodsys.mod.ui.frames.obj
 0001:00006d14       ?update_size@libui@UModSys@@YA_NAEAU?$TBoundBox2@H@math3d@2@AEBUSFrameSize@12@AEBU342@@Z 0000000180007d14 f i umodsys_lib_libui:umodsys.mod.ui.frames.obj
 0001:00006e4c       ?command@SController@libui@UModSys@@QEAA_NHAEBUSFrameDataIn@23@@Z 0000000180007e4c f i umodsys_lib_libui:umodsys.mod.ui.frames.obj
 0001:00006ec0       ?get_property@ICollectorThemeTemplate@libui@UModSys@@UEBA_NHHAEAU?$TVector4@M@math3d@3@@Z 0000000180007ec0 f i umodsys_lib_libui:umodsys.mod.ui.frames.obj
 0001:00006f74       ?get_property@ICollectorThemeTemplate@libui@UModSys@@UEBA_NHHAEAU?$TVector4@H@math3d@3@@Z 0000000180007f74 f i umodsys_lib_libui:umodsys.mod.ui.frames.obj
 0001:00007078       ?get_property@ICollectorThemeTemplate@libui@UModSys@@UEBA_NHHAEAU?$TVector2@M@math3d@3@@Z 0000000180008078 f i umodsys_lib_libui:umodsys.mod.ui.frames.obj
 0001:0000712c       ?get_property@ICollectorThemeTemplate@libui@UModSys@@UEBA_NHHAEAU?$TVector2@H@math3d@3@@Z 000000018000812c f i umodsys_lib_libui:umodsys.mod.ui.frames.obj
 0001:000071f4       ?get_property@ICollectorThemeTemplate@libui@UModSys@@UEBA_NHHAEAH@Z 00000001800081f4 f i umodsys_lib_libui:umodsys.mod.ui.frames.obj
 0001:000072a4       ?set_property@ICollectorThemeTemplate@libui@UModSys@@UEAA_NHHAEBU?$TVector4@M@math3d@3@@Z 00000001800082a4 f i umodsys_lib_libui:umodsys.mod.ui.frames.obj
 0001:000072e8       ?set_property@ICollectorThemeTemplate@libui@UModSys@@UEAA_NHHAEBU?$TVector4@H@math3d@3@@Z 00000001800082e8 f i umodsys_lib_libui:umodsys.mod.ui.frames.obj
 0001:00007390       ?set_property@ICollectorThemeTemplate@libui@UModSys@@UEAA_NHHAEBU?$TVector2@M@math3d@3@@Z 0000000180008390 f i umodsys_lib_libui:umodsys.mod.ui.frames.obj
 0001:000073d0       ?set_property@ICollectorThemeTemplate@libui@UModSys@@UEAA_NHHAEBU?$TVector2@H@math3d@3@@Z 00000001800083d0 f i umodsys_lib_libui:umodsys.mod.ui.frames.obj
 0001:0000742c       ?set_property@ICollectorThemeTemplate@libui@UModSys@@UEAA_NHHH@Z 000000018000842c f i umodsys_lib_libui:umodsys.mod.ui.frames.obj
 0001:00007510       ??1ICollectorThemeTemplate@libui@UModSys@@QEAA@XZ 0000000180008510 f i umodsys_lib_libui:umodsys.mod.ui.frames.obj
 0001:0000760c       ?get_group_index@RCollectorTheme@frames@ui@modules@UModSys@@UEAAHPEBD@Z 000000018000860c f   umodsys_lib_libui:umodsys.mod.ui.frames.obj
 0001:000076e0       ?get_elem_index@RCollectorTheme@frames@ui@modules@UModSys@@UEAAHPEBD@Z 00000001800086e0 f   umodsys_lib_libui:umodsys.mod.ui.frames.obj
 0001:0000789c       ??1RCollectorTheme@frames@ui@modules@UModSys@@QEAA@XZ 000000018000889c f   umodsys_lib_libui:umodsys.mod.ui.frames.obj
 0001:000078ac       ?set_controller@RFrame_Common@frames@ui@modules@UModSys@@UEAA_NHPEAUIController@libui@5@PEAUIRefObject@core@5@@Z 00000001800088ac f i umodsys_lib_libui:umodsys.mod.ui.frames.obj
 0001:00007938       ?get_controller@RFrame_Common@frames@ui@modules@UModSys@@UEAAPEAUIController@libui@5@XZ 0000000180008938 f i umodsys_lib_libui:umodsys.mod.ui.frames.obj
 0001:00007940       ?get_controller_context@RFrame_Common@frames@ui@modules@UModSys@@UEAAHXZ 0000000180008940 f i umodsys_lib_libui:umodsys.mod.ui.frames.obj
 0001:00007948       ?get_theme@RCollector@frames@ui@modules@UModSys@@UEAAPEAUICollectorTheme@libui@5@XZ 0000000180008948 f i umodsys_lib_libui:umodsys.mod.ui.frames.obj
 0001:00007948       ?get_box@RFrame_Common@frames@ui@modules@UModSys@@UEAAAEBU?$TBoundBox2@H@math3d@5@XZ 0000000180008948 f i umodsys_lib_libui:umodsys.mod.ui.frames.obj
 0001:00007950       ?get_framesize@RFrame_Common@frames@ui@modules@UModSys@@UEAAAEBUSFrameSize@libui@5@XZ 0000000180008950 f i umodsys_lib_libui:umodsys.mod.ui.frames.obj
 0001:00007958       ?set_framesize@RFrame_Common@frames@ui@modules@UModSys@@UEAA_NAEBUSFrameSize@libui@5@@Z 0000000180008958 f i umodsys_lib_libui:umodsys.mod.ui.frames.obj
 0001:0000797c       ?get_insize@RFrame_Common@frames@ui@modules@UModSys@@UEAA?AU?$TVector2@H@math3d@5@XZ 000000018000897c f i umodsys_lib_libui:umodsys.mod.ui.frames.obj
 0001:00007994       ?get_theme@RFrame_Common@frames@ui@modules@UModSys@@UEAAPEAUICollectorTheme@libui@5@XZ 0000000180008994 f i umodsys_lib_libui:umodsys.mod.ui.frames.obj
 0001:0000799c       ?button_draw@RFrame_Common@frames@ui@modules@UModSys@@MEAA_NPEAUSButton@2345@AEBUSDrawState@2345@H@Z 000000018000899c f i umodsys_lib_libui:umodsys.mod.ui.frames.obj
 0001:0000799c       ?controller_update@RFrame_Common@frames@ui@modules@UModSys@@UEAA_NXZ 000000018000899c f i umodsys_lib_libui:umodsys.mod.ui.frames.obj
 0001:0000799c       ?draw_pre@RFrame_Common@frames@ui@modules@UModSys@@MEAA_NAEBUSDrawState@2345@@Z 000000018000899c f i umodsys_lib_libui:umodsys.mod.ui.frames.obj
 0001:0000799c       ?draw_post@RFrame_Common@frames@ui@modules@UModSys@@MEAA_NAEBUSDrawState@2345@@Z 000000018000899c f i umodsys_lib_libui:umodsys.mod.ui.frames.obj
 0001:0000799c       ?button_cmd@RFrame_Common@frames@ui@modules@UModSys@@MEAA_NPEAUSButton@2345@HH@Z 000000018000899c f i umodsys_lib_libui:umodsys.mod.ui.frames.obj
 0001:000079a0       ?set_flag@RFrame_Common@frames@ui@modules@UModSys@@UEAA_NH_N@Z 00000001800089a0 f   umodsys_lib_libui:umodsys.mod.ui.frames.obj
 0001:00007a18       ?get_flag@RFrame_Common@frames@ui@modules@UModSys@@UEAA_NH@Z 0000000180008a18 f   umodsys_lib_libui:umodsys.mod.ui.frames.obj
 0001:00007a54       ?get_parent@RFrame_Common@frames@ui@modules@UModSys@@UEAAPEAUIFrame@libui@5@XZ 0000000180008a54 f   umodsys_lib_libui:umodsys.mod.ui.frames.obj
 0001:00007a5c       ?find_context@RFrame_Common@frames@ui@modules@UModSys@@UEAAPEAUIFrame@libui@5@HPEAUIController@75@@Z 0000000180008a5c f   umodsys_lib_libui:umodsys.mod.ui.frames.obj
 0001:00007aec       ?configure@RFrame_Common@frames@ui@modules@UModSys@@UEAA_NPEBD0AEBUSParameters@core@5@@Z 0000000180008aec f   umodsys_lib_libui:umodsys.mod.ui.frames.obj
 0001:00007bb4       ?draw@RFrame_Common@frames@ui@modules@UModSys@@MEAA_NAEBUSDrawState@2345@@Z 0000000180008bb4 f   umodsys_lib_libui:umodsys.mod.ui.frames.obj
 0001:00007c4c       ?draw_focus@RFrame_Common@frames@ui@modules@UModSys@@MEAA_NAEBUSDrawState@2345@@Z 0000000180008c4c f   umodsys_lib_libui:umodsys.mod.ui.frames.obj
 0001:00007ce4       ?update_size@RFrame_Common@frames@ui@modules@UModSys@@MEAA_NAEBU?$TBoundBox2@H@math3d@5@@Z 0000000180008ce4 f   umodsys_lib_libui:umodsys.mod.ui.frames.obj
 0001:00007d18       ?set_fcp@RFrame_Common@frames@ui@modules@UModSys@@MEAA_NAEBUSFrameCreateParameters@libui@5@PEBUSParameters@core@5@@Z 0000000180008d18 f   umodsys_lib_libui:umodsys.mod.ui.frames.obj
 0001:00007e0c       ?is_enabled@RFrame_Common@frames@ui@modules@UModSys@@MEAA_NXZ 0000000180008e0c f   umodsys_lib_libui:umodsys.mod.ui.frames.obj
 0001:00007e54       ??0RFrame_Common@frames@ui@modules@UModSys@@QEAA@PEAURCollector@1234@PEAU01234@@Z 0000000180008e54 f   umodsys_lib_libui:umodsys.mod.ui.frames.obj
 0001:00007f74       ??_GRFrame_Common@frames@ui@modules@UModSys@@UEAAPEAXI@Z 0000000180008f74 f i umodsys_lib_libui:umodsys.mod.ui.frames.obj
 0001:00007f74       ??_ERFrame_Common@frames@ui@modules@UModSys@@UEAAPEAXI@Z 0000000180008f74 f i  CIL library: CIL module
 0001:00007fa4       ??1RFrame_Common@frames@ui@modules@UModSys@@UEAA@XZ 0000000180008fa4 f   umodsys_lib_libui:umodsys.mod.ui.frames.obj
 0001:000080d4       ?root_get_interface_info@RDialog@frames@ui@modules@UModSys@@UEBAAEBUSUniquePointerInfo@core@5@XZ 00000001800090d4 f i umodsys_lib_libui:umodsys.mod.ui.frames.obj
 0001:000080dc       ?root_get_interface_type@RDialog@frames@ui@modules@UModSys@@UEBAPEBUSUniquePointerInfo@core@5@XZ 00000001800090dc f i umodsys_lib_libui:umodsys.mod.ui.frames.obj
 0001:000080e4       ?root_get_other_interface@RDialog@frames@ui@modules@UModSys@@UEBAPEBUIRoot@core@5@PEBUSUniquePointerInfo@75@@Z 00000001800090e4 f i umodsys_lib_libui:umodsys.mod.ui.frames.obj
 0001:000080e4       ?root_get_other_interface@RDialog@frames@ui@modules@UModSys@@UEAAPEAUIRoot@core@5@PEBUSUniquePointerInfo@75@@Z 00000001800090e4 f i umodsys_lib_libui:umodsys.mod.ui.frames.obj
 0001:00008114       ?root_is_interface_supported@RDialog@frames@ui@modules@UModSys@@UEBA_NPEBUSUniquePointerInfo@core@5@@Z 0000000180009114 f i umodsys_lib_libui:umodsys.mod.ui.frames.obj
 0001:00008144       ?suicide@RRenderDriver2D@SDL_core@ui@modules@UModSys@@UEAAXXZ 0000000180009144 f i umodsys_lib_libui:umodsys.mod.ui.SDL_core.obj
[...]
 0001:0001354c       ??__E?s_id@?$TObjectUniqueID@URRenderDriver2D@SDL_core@ui@modules@UModSys@@@tl@UModSys@@2USUniquePointer@core@3@A@@YAXXZ 000000018001454c f    CIL library: CIL module
 0001:00013580       ??__E?s_id@?$TObjectUniqueID@URMouseController@SDL_core@ui@modules@UModSys@@@tl@UModSys@@2USUniquePointer@core@3@A@@YAXXZ 0000000180014580 f    CIL library: CIL module
 0001:000135b4       ??__E?s_id@?$TObjectUniqueID@URKeyboardController@SDL_core@ui@modules@UModSys@@@tl@UModSys@@2USUniquePointer@core@3@A@@YAXXZ 00000001800145b4 f    CIL library: CIL module
 0001:000135e8       ??__E?s_id@?$TObjectUniqueID@URTerminal@SDL_core@ui@modules@UModSys@@@tl@UModSys@@2USUniquePointer@core@3@A@@YAXXZ 00000001800145e8 f    CIL library: CIL module
 0001:0001361c       ??__E?s_id@?$TObjectUniqueID@URGenerator@SDL_core@ui@modules@UModSys@@@tl@UModSys@@2USUniquePointer@core@3@A@@YAXXZ 000000018001461c f    CIL library: CIL module
 0001:00013650       ??__E?s_modreg@RModuleReg@frames@ui@modules@UModSys@@2U12345@A@@YAXXZ 0000000180014650 f    CIL library: CIL module
 0001:0001369c       ??__E?s_modreg_chain@RModuleReg@frames@ui@modules@UModSys@@2USModuleRegChain@base@5@A@@YAXXZ 000000018001469c f    CIL library: CIL module
 0001:000136c4       ??__E?s_uid@RGenerator@frames@ui@modules@UModSys@@2USUniquePointer@core@5@A@@YAXXZ 00000001800146c4 f    CIL library: CIL module
 0001:000136f8       ??__E?s_id@?$TObjectUniqueID@URFrame_Common@frames@ui@modules@UModSys@@@tl@UModSys@@2USUniquePointer@core@3@A@@YAXXZ 00000001800146f8 f    CIL library: CIL module
 0001:0001372c       ??__E?s_id@?$TObjectUniqueID@URDialog@frames@ui@modules@UModSys@@@tl@UModSys@@2USUniquePointer@core@3@A@@YAXXZ 000000018001472c f    CIL library: CIL module
 0001:00013760       ??__E?s_id@?$TObjectUniqueID@URFrame_Frame@frames@ui@modules@UModSys@@@tl@UModSys@@2USUniquePointer@core@3@A@@YAXXZ 0000000180014760 f    CIL library: CIL module
 0001:00013794       ??__E?s_id@?$TObjectUniqueID@URFrame_Image@frames@ui@modules@UModSys@@@tl@UModSys@@2USUniquePointer@core@3@A@@YAXXZ 0000000180014794 f    CIL library: CIL module
 0001:000137c8       ??__E?s_id@?$TObjectUniqueID@URFrame_Text@frames@ui@modules@UModSys@@@tl@UModSys@@2USUniquePointer@core@3@A@@YAXXZ 00000001800147c8 f    CIL library: CIL module
 0001:000137fc       ??__E?s_id@?$TObjectUniqueID@URFrame_Button@frames@ui@modules@UModSys@@@tl@UModSys@@2USUniquePointer@core@3@A@@YAXXZ 00000001800147fc f    CIL library: CIL module
 0001:00013830       ??__E?s_id@?$TObjectUniqueID@URFrame_Edit@frames@ui@modules@UModSys@@@tl@UModSys@@2USUniquePointer@core@3@A@@YAXXZ 0000000180014830 f    CIL library: CIL module
 0001:00013864       ??__E?s_id@?$TObjectUniqueID@URFrame_List@frames@ui@modules@UModSys@@@tl@UModSys@@2USUniquePointer@core@3@A@@YAXXZ 0000000180014864 f    CIL library: CIL module
 0001:00013898       ??__E?s_id@?$TObjectUniqueID@URCollector@frames@ui@modules@UModSys@@@tl@UModSys@@2USUniquePointer@core@3@A@@YAXXZ 0000000180014898 f    CIL library: CIL module
 0001:000138cc       ??__E?s_id@?$TObjectUniqueID@URGenerator@frames@ui@modules@UModSys@@@tl@UModSys@@2USUniquePointer@core@3@A@@YAXXZ 00000001800148cc f    CIL library: CIL module
 0001:00013900       ??__E?s_modreg@RModuleReg@images_std@media@modules@UModSys@@2U12345@A@@YAXXZ 0000000180014900 f    CIL library: CIL module
 0001:0001394c       ??__E?s_modreg_chain@RModuleReg@images_std@media@modules@UModSys@@2USModuleRegChain@base@5@A@@YAXXZ 000000018001494c f    CIL library: CIL module
 0001:00013974       ??__E?s_uid@RGenerator@images_std@media@modules@UModSys@@2USUniquePointer@core@5@A@@YAXXZ 0000000180014974 f    CIL library: CIL module
 0001:000139a8       ??__E?s_id@?$TObjectUniqueID@URMediaFilter@images_std@media@modules@UModSys@@@tl@UModSys@@2USUniquePointer@core@3@A@@YAXXZ 00000001800149a8 f    CIL library: CIL module
 0001:000139dc       ??__E?s_id@?$TObjectUniqueID@URGenerator@images_std@media@modules@UModSys@@@tl@UModSys@@2USUniquePointer@core@3@A@@YAXXZ 00000001800149dc f    CIL library: CIL module
 0001:00013a10       ??__EM@UModSys@@YAXXZ      0000000180014a10 f    CIL library: CIL module
 0001:00013a1c       ??__E?root@SModuleRegChain@base@UModSys@@2U123@A@@YAXXZ 0000000180014a1c f    CIL library: CIL module
 0001:00013a28       ??__E?s_library@RModuleLibraryReg_Chain@base@UModSys@@2U123@A@@YAXXZ 0000000180014a28 f    CIL library: CIL module
 0001:00013a34       ??__E?root@SUniquePointer@core@UModSys@@2U123@A@@YAXXZ 0000000180014a34 f    CIL library: CIL module
 0001:00013a40       ??__F?s_modreg@RModuleReg@test1@test@modules@UModSys@@2U12345@A@@YAXXZ 0000000180014a40 f    CIL library: CIL module
 0001:00013a50       ??__F?s_modreg_chain@RModuleReg@test1@test@modules@UModSys@@2USModuleRegChain@base@5@A@@YAXXZ 0000000180014a50 f    CIL library: CIL module
 0001:00013a90       ??__F?s_uid@RGenerator@test1@test@modules@UModSys@@2USUniquePointer@core@5@A@@YAXXZ 0000000180014a90 f    CIL library: CIL module
 0001:00013a9c       ??__Fh@?1??s_holder@RGenerator@test1@test@modules@UModSys@@SAAEAU?$TTypeStaticHolder@URGenerator@test1@test@modules@UModSys@@@tl@5@XZ@YAXXZ 0000000180014a9c f    CIL library: CIL module
 0001:00013ac4       ??__F?s_id@?$TObjectUniqueID@URGenerator@test1@test@modules@UModSys@@@tl@UModSys@@2USUniquePointer@core@3@A@@YAXXZ 0000000180014ac4 f    CIL library: CIL module
 0001:00013ad0       ??__F?s_id@?$TObjectUniqueID@URTest1_Shell@test1@test@modules@UModSys@@@tl@UModSys@@2USUniquePointer@core@3@A@@YAXXZ 0000000180014ad0 f    CIL library: CIL module
 0001:00013adc       ??__F?s_id@?$TObjectUniqueID@URLines_Filter@test1@test@modules@UModSys@@@tl@UModSys@@2USUniquePointer@core@3@A@@YAXXZ 0000000180014adc f    CIL library: CIL module
 0001:00013ae8       ??__F?s_id@?$TObjectUniqueID@URLines@test1@test@modules@UModSys@@@tl@UModSys@@2USUniquePointer@core@3@A@@YAXXZ 0000000180014ae8 f    CIL library: CIL module
 0001:00013af4       ??__F?s_id@?$TObjectUniqueID@UILines@test1@test@modules@UModSys@@@tl@UModSys@@2USUniquePointer@core@3@A@@YAXXZ 0000000180014af4 f    CIL library: CIL module
 0001:00013b00       ??__F?s_id@?$TObjectUniqueID@UIRenderDriver@lib2d@UModSys@@@tl@UModSys@@2USUniquePointer@core@3@A@@YAXXZ 0000000180014b00 f    CIL library: CIL module
 0001:00013b0c       ??__F?s_id@?$TObjectUniqueID@UIMultiImage@lib2d@UModSys@@@tl@UModSys@@2USUniquePointer@core@3@A@@YAXXZ 0000000180014b0c f    CIL library: CIL module
 0001:00013b18       ??__F?s_id@?$TObjectUniqueID@UIImage@lib2d@UModSys@@@tl@UModSys@@2USUniquePointer@core@3@A@@YAXXZ 0000000180014b18 f    CIL library: CIL module
 0001:00013b24       ??__F?s_id@?$TObjectUniqueID@UIDialog@libui@UModSys@@@tl@UModSys@@2USUniquePointer@core@3@A@@YAXXZ 0000000180014b24 f    CIL library: CIL module
 0001:00013b30       ??__F?s_id@?$TObjectUniqueID@UIFrame@libui@UModSys@@@tl@UModSys@@2USUniquePointer@core@3@A@@YAXXZ 0000000180014b30 f    CIL library: CIL module
 0001:00013b3c       ??__F?s_id@?$TObjectUniqueID@UIAsyncCollector@libui@UModSys@@@tl@UModSys@@2USUniquePointer@core@3@A@@YAXXZ 0000000180014b3c f    CIL library: CIL module
 0001:00013b48       ??__F?s_id@?$TObjectUniqueID@UIAsyncController@libui@UModSys@@@tl@UModSys@@2USUniquePointer@core@3@A@@YAXXZ 0000000180014b48 f    CIL library: CIL module
 0001:00013b54       ??__F?s_id@?$TObjectUniqueID@UICollector@libui@UModSys@@@tl@UModSys@@2USUniquePointer@core@3@A@@YAXXZ 0000000180014b54 f    CIL library: CIL module
 0001:00013b60       ??__F?s_id@?$TObjectUniqueID@UIConsoleHelperInput_UIKey@libui@UModSys@@@tl@UModSys@@2USUniquePointer@core@3@A@@YAXXZ 0000000180014b60 f    CIL library: CIL module
 0001:00013b6c       ??__F?s_id@?$TObjectUniqueID@UITerminal@libui@UModSys@@@tl@UModSys@@2USUniquePointer@core@3@A@@YAXXZ 0000000180014b6c f    CIL library: CIL module
 0001:00013b78       ??__F?s_id@?$TObjectUniqueID@UIJoystickController@libui@UModSys@@@tl@UModSys@@2USUniquePointer@core@3@A@@YAXXZ 0000000180014b78 f    CIL library: CIL module
 0001:00013b84       ??__F?s_id@?$TObjectUniqueID@UIMouseController@libui@UModSys@@@tl@UModSys@@2USUniquePointer@core@3@A@@YAXXZ 0000000180014b84 f    CIL library: CIL module
 0001:00013b90       ??__F?s_id@?$TObjectUniqueID@UIKeyboardController@libui@UModSys@@@tl@UModSys@@2USUniquePointer@core@3@A@@YAXXZ 0000000180014b90 f    CIL library: CIL module
 0001:00013b9c       ??__F?s_id@?$TObjectUniqueID@UIConsoleHelperOutputFCS@base@UModSys@@@tl@UModSys@@2USUniquePointer@core@3@A@@YAXXZ 0000000180014b9c f    CIL library: CIL module
 0001:00013ba8       ??__F?s_id@?$TObjectUniqueID@UIConsoleHelperOutput@base@UModSys@@@tl@UModSys@@2USUniquePointer@core@3@A@@YAXXZ 0000000180014ba8 f    CIL library: CIL module
 0001:00013bb4       ??__F?s_id@?$TObjectUniqueID@UIConsoleHelperInput@base@UModSys@@@tl@UModSys@@2USUniquePointer@core@3@A@@YAXXZ 0000000180014bb4 f    CIL library: CIL module
 0001:00013bc0       ??__F?s_id@?$TObjectUniqueID@UIConsoleHelperHistory@base@UModSys@@@tl@UModSys@@2USUniquePointer@core@3@A@@YAXXZ 0000000180014bc0 f    CIL library: CIL module
 0001:00013bcc       ??__F?s_id@?$TObjectUniqueID@UIConsoleHelper@base@UModSys@@@tl@UModSys@@2USUniquePointer@core@3@A@@YAXXZ 0000000180014bcc f    CIL library: CIL module
 0001:00013bd8       ??__F?s_id@?$TObjectUniqueID@UIConsoleExt@base@UModSys@@@tl@UModSys@@2USUniquePointer@core@3@A@@YAXXZ 0000000180014bd8 f    CIL library: CIL module
 0001:00013be4       ??__F?s_id@?$TObjectUniqueID@UILibraryLayered@libmedia@UModSys@@@tl@UModSys@@2USUniquePointer@core@3@A@@YAXXZ 0000000180014be4 f    CIL library: CIL module
 0001:00013bf0       ??__F?s_id@?$TObjectUniqueID@UILibraryObjCache@libmedia@UModSys@@@tl@UModSys@@2USUniquePointer@core@3@A@@YAXXZ 0000000180014bf0 f    CIL library: CIL module
 0001:00013bfc       ??__F?s_id@?$TObjectUniqueID@UILibraryObjFilter@libmedia@UModSys@@@tl@UModSys@@2USUniquePointer@core@3@A@@YAXXZ 0000000180014bfc f    CIL library: CIL module
 0001:00013c08       ??__F?s_id@?$TObjectUniqueID@UILibraryBinCache@libmedia@UModSys@@@tl@UModSys@@2USUniquePointer@core@3@A@@YAXXZ 0000000180014c08 f    CIL library: CIL module
 0001:00013c14       ??__F?s_id@?$TObjectUniqueID@UILibraryBinTree@libmedia@UModSys@@@tl@UModSys@@2USUniquePointer@core@3@A@@YAXXZ 0000000180014c14 f    CIL library: CIL module
 0001:00013c20       ??__F?s_id@?$TObjectUniqueID@UILibrary@libmedia@UModSys@@@tl@UModSys@@2USUniquePointer@core@3@A@@YAXXZ 0000000180014c20 f    CIL library: CIL module
 0001:00013c2c       ??__F?s_id@?$TObjectUniqueID@UIBinObjFilter@libmedia@UModSys@@@tl@UModSys@@2USUniquePointer@core@3@A@@YAXXZ 0000000180014c2c f    CIL library: CIL module
 0001:00013c38       ??__F?s_id@?$TObjectUniqueID@UIBinArchive@libmedia@UModSys@@@tl@UModSys@@2USUniquePointer@core@3@A@@YAXXZ 0000000180014c38 f    CIL library: CIL module
 0001:00013c44       ??__F?s_id@?$TObjectUniqueID@UIStreamWriter@libmedia@UModSys@@@tl@UModSys@@2USUniquePointer@core@3@A@@YAXXZ 0000000180014c44 f    CIL library: CIL module
 0001:00013c50       ??__F?s_id@?$TObjectUniqueID@UIStreamReader@libmedia@UModSys@@@tl@UModSys@@2USUniquePointer@core@3@A@@YAXXZ 0000000180014c50 f    CIL library: CIL module
 0001:00013c5c       ??__F?s_id@?$TObjectUniqueID@UISystem@base@UModSys@@@tl@UModSys@@2USUniquePointer@core@3@A@@YAXXZ 0000000180014c5c f    CIL library: CIL module
 0001:00013c68       ??__F?s_id@?$TObjectUniqueID@UIConsole@base@UModSys@@@tl@UModSys@@2USUniquePointer@core@3@A@@YAXXZ 0000000180014c68 f    CIL library: CIL module
 0001:00013c74       ??__F?s_id@?$TObjectUniqueID@UIShell@base@UModSys@@@tl@UModSys@@2USUniquePointer@core@3@A@@YAXXZ 0000000180014c74 f    CIL library: CIL module
 0001:00013c80       ??__F?s_id@?$TObjectUniqueID@UIGenerator@base@UModSys@@@tl@UModSys@@2USUniquePointer@core@3@A@@YAXXZ 0000000180014c80 f    CIL library: CIL module
 0001:00013c8c       ??__F?s_id@?$TObjectUniqueID@UIModObject@base@UModSys@@@tl@UModSys@@2USUniquePointer@core@3@A@@YAXXZ 0000000180014c8c f    CIL library: CIL module
 0001:00013c98       ??__F?s_id@?$TObjectUniqueID@UIModuleLibrary@base@UModSys@@@tl@UModSys@@2USUniquePointer@core@3@A@@YAXXZ 0000000180014c98 f    CIL library: CIL module
 0001:00013ca4       ??__F?s_id@?$TObjectUniqueID@UIModule@base@UModSys@@@tl@UModSys@@2USUniquePointer@core@3@A@@YAXXZ 0000000180014ca4 f    CIL library: CIL module
 0001:00013cb0       ??__F?s_id@?$TObjectUniqueID@UIParameters@core@UModSys@@@tl@UModSys@@2USUniquePointer@core@3@A@@YAXXZ 0000000180014cb0 f    CIL library: CIL module
 0001:00013cbc       ??__F?s_id@?$TObjectUniqueID@UIRefObject@core@UModSys@@@tl@UModSys@@2USUniquePointer@core@3@A@@YAXXZ 0000000180014cbc f    CIL library: CIL module
 0001:00013cc8       ??__F?s_id@?$TObjectUniqueID@UIRoot@core@UModSys@@@tl@UModSys@@2USUniquePointer@core@3@A@@YAXXZ 0000000180014cc8 f    CIL library: CIL module
 0001:00013cd4       ??__F?s_modreg@RModuleReg@stdlib@lib2d@modules@UModSys@@2U12345@A@@YAXXZ 0000000180014cd4 f    CIL library: CIL module
 0001:00013ce4       ??__F?s_modreg_chain@RModuleReg@stdlib@lib2d@modules@UModSys@@2USModuleRegChain@base@5@A@@YAXXZ 0000000180014ce4 f    CIL library: CIL module
 0001:00013d24       ??__F?s_uid@RGenerator@stdlib@lib2d@modules@UModSys@@2USUniquePointer@core@5@A@@YAXXZ 0000000180014d24 f    CIL library: CIL module
 0001:00013d30       ??__Fh@?1??s_holder@RGenerator@stdlib@lib2d@modules@UModSys@@SAAEAU?$TTypeStaticHolder@URGenerator@stdlib@lib2d@modules@UModSys@@@tl@5@XZ@YAXXZ 0000000180014d30 f    CIL library: CIL module
 0001:00013d58       ??__F?s_id@?$TObjectUniqueID@URGenerator@stdlib@lib2d@modules@UModSys@@@tl@UModSys@@2USUniquePointer@core@3@A@@YAXXZ 0000000180014d58 f    CIL library: CIL module
 0001:00013d64       ??__F?s_id@?$TObjectUniqueID@URImage_Memory@stdlib@lib2d@modules@UModSys@@@tl@UModSys@@2USUniquePointer@core@3@A@@YAXXZ 0000000180014d64 f    CIL library: CIL module
 0001:00013d70       ??__F?s_modreg@RModuleReg@SDL_core@ui@modules@UModSys@@2U12345@A@@YAXXZ 0000000180014d70 f    CIL library: CIL module
 0001:00013d80       ??__F?s_modreg_chain@RModuleReg@SDL_core@ui@modules@UModSys@@2USModuleRegChain@base@5@A@@YAXXZ 0000000180014d80 f    CIL library: CIL module
 0001:00013dc0       ??__F?s_uid@RGenerator@SDL_core@ui@modules@UModSys@@2USUniquePointer@core@5@A@@YAXXZ 0000000180014dc0 f    CIL library: CIL module
 0001:00013dcc       ??__Fh@?1??s_holder@RGenerator@SDL_core@ui@modules@UModSys@@SAAEAU?$TTypeStaticHolder@URGenerator@SDL_core@ui@modules@UModSys@@@tl@5@XZ@YAXXZ 0000000180014dcc f    CIL library: CIL module
 0001:00013df4       ??__F?s_id@?$TObjectUniqueID@URGenerator@SDL_core@ui@modules@UModSys@@@tl@UModSys@@2USUniquePointer@core@3@A@@YAXXZ 0000000180014df4 f    CIL library: CIL module
 0001:00013e00       ??__F?s_id@?$TObjectUniqueID@URTerminal@SDL_core@ui@modules@UModSys@@@tl@UModSys@@2USUniquePointer@core@3@A@@YAXXZ 0000000180014e00 f    CIL library: CIL module
 0001:00013e0c       ??__F?s_id@?$TObjectUniqueID@URKeyboardController@SDL_core@ui@modules@UModSys@@@tl@UModSys@@2USUniquePointer@core@3@A@@YAXXZ 0000000180014e0c f    CIL library: CIL module
 0001:00013e18       ??__F?s_id@?$TObjectUniqueID@URMouseController@SDL_core@ui@modules@UModSys@@@tl@UModSys@@2USUniquePointer@core@3@A@@YAXXZ 0000000180014e18 f    CIL library: CIL module
 0001:00013e24       ??__F?s_id@?$TObjectUniqueID@URRenderDriver2D@SDL_core@ui@modules@UModSys@@@tl@UModSys@@2USUniquePointer@core@3@A@@YAXXZ 0000000180014e24 f    CIL library: CIL module
 0001:00013e30       ??__F?s_id@?$TObjectUniqueID@URMultiImage2D_SDL_ttf@SDL_core@ui@modules@UModSys@@@tl@UModSys@@2USUniquePointer@core@3@A@@YAXXZ 0000000180014e30 f    CIL library: CIL module
 0001:00013e3c       ??__F?s_modreg@RModuleReg@frames@ui@modules@UModSys@@2U12345@A@@YAXXZ 0000000180014e3c f    CIL library: CIL module
 0001:00013e4c       ??__F?s_modreg_chain@RModuleReg@frames@ui@modules@UModSys@@2USModuleRegChain@base@5@A@@YAXXZ 0000000180014e4c f    CIL library: CIL module
 0001:00013e8c       ??__F?s_uid@RGenerator@frames@ui@modules@UModSys@@2USUniquePointer@core@5@A@@YAXXZ 0000000180014e8c f    CIL library: CIL module
 0001:00013e98       ??__Fh@?1??s_holder@RGenerator@frames@ui@modules@UModSys@@SAAEAU?$TTypeStaticHolder@URGenerator@frames@ui@modules@UModSys@@@tl@5@XZ@YAXXZ 0000000180014e98 f    CIL library: CIL module
 0001:00013ec0       ??__F?s_id@?$TObjectUniqueID@URGenerator@frames@ui@modules@UModSys@@@tl@UModSys@@2USUniquePointer@core@3@A@@YAXXZ 0000000180014ec0 f    CIL library: CIL module
 0001:00013ecc       ??__F?s_id@?$TObjectUniqueID@URCollector@frames@ui@modules@UModSys@@@tl@UModSys@@2USUniquePointer@core@3@A@@YAXXZ 0000000180014ecc f    CIL library: CIL module
 0001:00013ed8       ??__F?s_id@?$TObjectUniqueID@URFrame_List@frames@ui@modules@UModSys@@@tl@UModSys@@2USUniquePointer@core@3@A@@YAXXZ 0000000180014ed8 f    CIL library: CIL module
 0001:00013ee4       ??__F?s_id@?$TObjectUniqueID@URFrame_Edit@frames@ui@modules@UModSys@@@tl@UModSys@@2USUniquePointer@core@3@A@@YAXXZ 0000000180014ee4 f    CIL library: CIL module
 0001:00013ef0       ??__F?s_id@?$TObjectUniqueID@URFrame_Button@frames@ui@modules@UModSys@@@tl@UModSys@@2USUniquePointer@core@3@A@@YAXXZ 0000000180014ef0 f    CIL library: CIL module
 0001:00013efc       ??__F?s_id@?$TObjectUniqueID@URFrame_Text@frames@ui@modules@UModSys@@@tl@UModSys@@2USUniquePointer@core@3@A@@YAXXZ 0000000180014efc f    CIL library: CIL module
 0001:00013f08       ??__F?s_id@?$TObjectUniqueID@URFrame_Image@frames@ui@modules@UModSys@@@tl@UModSys@@2USUniquePointer@core@3@A@@YAXXZ 0000000180014f08 f    CIL library: CIL module
 0001:00013f14       ??__F?s_id@?$TObjectUniqueID@URFrame_Frame@frames@ui@modules@UModSys@@@tl@UModSys@@2USUniquePointer@core@3@A@@YAXXZ 0000000180014f14 f    CIL library: CIL module
 0001:00013f20       ??__F?s_id@?$TObjectUniqueID@URDialog@frames@ui@modules@UModSys@@@tl@UModSys@@2USUniquePointer@core@3@A@@YAXXZ 0000000180014f20 f    CIL library: CIL module
 0001:00013f2c       ??__F?s_id@?$TObjectUniqueID@URFrame_Common@frames@ui@modules@UModSys@@@tl@UModSys@@2USUniquePointer@core@3@A@@YAXXZ 0000000180014f2c f    CIL library: CIL module
 0001:00013f38       ??__F?s_modreg@RModuleReg@images_std@media@modules@UModSys@@2U12345@A@@YAXXZ 0000000180014f38 f    CIL library: CIL module
 0001:00013f48       ??__F?s_modreg_chain@RModuleReg@images_std@media@modules@UModSys@@2USModuleRegChain@base@5@A@@YAXXZ 0000000180014f48 f    CIL library: CIL module
 0001:00013f88       ??__F?s_uid@RGenerator@images_std@media@modules@UModSys@@2USUniquePointer@core@5@A@@YAXXZ 0000000180014f88 f    CIL library: CIL module
 0001:00013f94       ??__Fh@?1??s_holder@RGenerator@images_std@media@modules@UModSys@@SAAEAU?$TTypeStaticHolder@URGenerator@images_std@media@modules@UModSys@@@tl@5@XZ@YAXXZ 0000000180014f94 f    CIL library: CIL module
 0001:00013fbc       ??__F?s_id@?$TObjectUniqueID@URGenerator@images_std@media@modules@UModSys@@@tl@UModSys@@2USUniquePointer@core@3@A@@YAXXZ 0000000180014fbc f    CIL library: CIL module
 0001:00013fc8       ??__F?s_id@?$TObjectUniqueID@URMediaFilter@images_std@media@modules@UModSys@@@tl@UModSys@@2USUniquePointer@core@3@A@@YAXXZ 0000000180014fc8 f    CIL library: CIL module
 0001:00013fd4       ??__FM@UModSys@@YAXXZ      0000000180014fd4 f    CIL library: CIL module
 0001:00013fd8       ??__F?root@SModuleRegChain@base@UModSys@@2U123@A@@YAXXZ 0000000180014fd8 f    CIL library: CIL module
 0001:00014018       ??__F?s_library@RModuleLibraryReg_Chain@base@UModSys@@2U123@A@@YAXXZ 0000000180015018 f    CIL library: CIL module
 0001:00014028       ??__F?root@SUniquePointer@core@UModSys@@2U123@A@@YAXXZ 0000000180015028 f    CIL library: CIL module

 Exports

  ordinal    name

        1    UModSys_Plugin_Entry2
