 plugin_test1

 Timestamp is 532c0651 (Fri Mar 21 12:28:49 2014)

 Preferred load address is 0000000180000000

 Start         Length     Name                   Class
 0001:00000000 00035770H .text                   CODE
 0001:00035770 0000005eH .text$00                CODE
 0001:000357d0 00001ba0H .text$x                 CODE
 0001:00037370 00001bc8H .text$yc                CODE
 0001:00038f38 000008acH .text$yd                CODE
 0002:00000000 000003f8H .idata$5                DATA
 0002:000003f8 00000008H .CRT$XCA                DATA
 0002:00000400 000020c0H .CRT$XCU                DATA
 0002:000024c0 00000008H .CRT$XCZ                DATA
 0002:000024c8 00000008H .CRT$XIA                DATA
 0002:000024d0 00000008H .CRT$XIAA               DATA
 0002:000024d8 00000008H .CRT$XIZ                DATA
 0002:000024e0 000107f8H .rdata                  DATA
 0002:00012ce0 000031a4H .rdata$r                DATA
 0002:00015e88 00000008H .rtc$IAA                DATA
 0002:00015e90 00000008H .rtc$IZZ                DATA
 0002:00015e98 00000008H .rtc$TAA                DATA
 0002:00015ea0 00000008H .rtc$TZZ                DATA
 0002:00015ea8 000030e0H .xdata                  DATA
 0002:00018f88 0000008cH .idata$2                DATA
 0002:00019014 00000014H .idata$3                DATA
 0002:00019028 000003f8H .idata$4                DATA
 0002:00019420 000008deH .idata$6                DATA
 0002:00019d00 00000059H .edata                  DATA
 0003:00000000 00001b00H .data                   DATA
 0003:00001b00 000023f0H .bss                    DATA
 0004:00000000 000027fcH .pdata                  DATA

  Address         Publics by Value              Rva+Base               Lib:Object

 0000:00000000       ___safe_se_handler_count   0000000000000000     <absolute>
 0000:00000000       ___safe_se_handler_table   0000000000000000     <absolute>
 0000:00000000       __ImageBase                0000000180000000     <linker-defined>
 0001:00000000       ??1SCMemShared@core@UModSys@@QEAA@XZ 0000000180001000 f i plugin_test1.obj
 0001:00000000       ??1State@RImage_Memory@stdlib@lib2d@modules@UModSys@@QEAA@XZ 0000000180001000 f i umodsys_lib_lib2d:umodsys.mod.2d.stdlib.obj
 0001:00000000       ??1SMemShared@core@UModSys@@QEAA@XZ 0000000180001000 f i plugin_test1.obj
 0001:00000030       ??6SUniquePtrList@core@UModSys@@QEAAAEAU012@PEBUSUniquePointerInfo@12@@Z 0000000180001030 f i plugin_test1.obj
 0001:000000e8       ??3IRoot@core@UModSys@@SAXPEAXAEBUSIMemAlloc@12@@Z 00000001800010e8 f i plugin_test1.obj
 0001:00000114       ??1IBinObjFilter@libmedia@UModSys@@UEAA@XZ 0000000180001114 f i plugin_test1.obj
 0001:00000150       ?root_get_interface_info@RTest1_Shell@test1@test@modules@UModSys@@UEBAAEBUSUniquePointerInfo@core@5@XZ 0000000180001150 f i plugin_test1.obj
 0001:00000158       ?root_get_interface_type@RTest1_Shell@test1@test@modules@UModSys@@UEBAPEBUSUniquePointerInfo@core@5@XZ 0000000180001158 f i plugin_test1.obj
 0001:00000160       ?root_get_other_interface@RTest1_Shell@test1@test@modules@UModSys@@UEAAPEAUIRoot@core@5@PEBUSUniquePointerInfo@75@@Z 0000000180001160 f i plugin_test1.obj
 0001:00000160       ?root_get_other_interface@RTest1_Shell@test1@test@modules@UModSys@@UEBAPEBUIRoot@core@5@PEBUSUniquePointerInfo@75@@Z 0000000180001160 f i plugin_test1.obj
 0001:00000190       ?root_is_interface_supported@RTest1_Shell@test1@test@modules@UModSys@@UEBA_NPEBUSUniquePointerInfo@core@5@@Z 0000000180001190 f i plugin_test1.obj
 0001:000001c0       ?ref_add@RTest1_Shell@test1@test@modules@UModSys@@UEBAXXZ 00000001800011c0 f i plugin_test1.obj
 0001:000001c4       ?ref_remove@RTest1_Shell@test1@test@modules@UModSys@@UEBAXXZ 00000001800011c4 f i plugin_test1.obj
 0001:000001dc       ?ref_links@RTest1_Shell@test1@test@modules@UModSys@@UEBAHXZ 00000001800011dc f i plugin_test1.obj
 0001:000001e0       ?ref_weak@RTest1_Shell@test1@test@modules@UModSys@@UEBA_NAEAUWeakPointer@IRefObject@core@5@@Z 00000001800011e0 f i plugin_test1.obj
 0001:00000200       ?suicide@RTest1_Shell@test1@test@modules@UModSys@@UEAAXXZ 0000000180001200 f i plugin_test1.obj
 0001:0000024c       ??0RTest1_Shell@test1@test@modules@UModSys@@QEAA@PEAUIModObject@base@4@@Z 000000018000124c f i plugin_test1.obj
 0001:00000500       ?connect@RTest1_Shell@test1@test@modules@UModSys@@UEAA_NXZ 0000000180001500 f i plugin_test1.obj
 0001:00000524       ?disconnect@RTest1_Shell@test1@test@modules@UModSys@@UEAA_NXZ 0000000180001524 f i plugin_test1.obj
 0001:00000548       ?process_tick@RTest1_Shell@test1@test@modules@UModSys@@UEAA_NAEBUSTimeMsec@core@5@@Z 0000000180001548 f i plugin_test1.obj
 0001:00000584       ?process_command@RTest1_Shell@test1@test@modules@UModSys@@UEAA_NHQEBU?$TString@U?$TSCoreConst@D@su@tl@UModSys@@U?$TComparerBinaryHash@D@234@@tl@5@@Z 0000000180001584 f i plugin_test1.obj
 0001:000005ac       ??_GRTest1_Shell@test1@test@modules@UModSys@@UEAAPEAXI@Z 00000001800015ac f i plugin_test1.obj
 0001:000005ac       ??_ERTest1_Shell@test1@test@modules@UModSys@@UEAAPEAXI@Z 00000001800015ac f i  CIL library: CIL module
 0001:00000674       ?ui_newframes@RTest1_Shell@test1@test@modules@UModSys@@SA?AU?$TRefObject@UICollector@libui@UModSys@@U?$TRefObjectFunc@UICollector@libui@UModSys@@@tl@3@@tl@5@AEBU?$TString@U?$TSCoreConst@D@su@tl@UModSys@@U?$TComparerBinaryHash@D@234@@75@AEBUSParameters@core@5@@Z 0000000180001674 f   plugin_test1.obj
 0001:00000698       ?ui_newterm@RTest1_Shell@test1@test@modules@UModSys@@SA?AU?$TRefObject@UITerminal@libui@UModSys@@U?$TRefObjectFunc@UITerminal@libui@UModSys@@@tl@3@@tl@5@AEBU?$TString@U?$TSCoreConst@D@su@tl@UModSys@@U?$TComparerBinaryHash@D@234@@75@AEBUSParameters@core@5@@Z 0000000180001698 f   plugin_test1.obj
 0001:000006bc       ?key_pressed@RTest1_Shell@test1@test@modules@UModSys@@UEAA_NAEBUSKeyboardInputRaw@libui@5@@Z 00000001800016bc f   plugin_test1.obj
 0001:00000724       ?key_text@RTest1_Shell@test1@test@modules@UModSys@@UEAA_NAEBUSKeyboardInputText@libui@5@@Z 0000000180001724 f   plugin_test1.obj
 0001:00000778       ?mouse_event@RTest1_Shell@test1@test@modules@UModSys@@UEAA_NAEBUSMouseInput@libui@5@@Z 0000000180001778 f   plugin_test1.obj
 0001:00000814       ?command@RTest1_Shell@test1@test@modules@UModSys@@UEAA_NAEBUSController@libui@5@HAEBUSFrameDataIn@75@@Z 0000000180001814 f   plugin_test1.obj
 0001:00000864       ?db_get@RTest1_Shell@test1@test@modules@UModSys@@UEAA_NAEBUSController@libui@5@QEBDAEBUSFrameDataOut@75@@Z 0000000180001864 f   plugin_test1.obj
 0001:000008c8       ?db_get@RTest1_Shell@test1@test@modules@UModSys@@UEAA_NAEBUSController@libui@5@QEBDHAEBUSFrameDataOut@75@@Z 00000001800018c8 f   plugin_test1.obj
 0001:00000934       ?font_2d@UI_Info@RTest1_Shell@test1@test@modules@UModSys@@QEAA_NXZ 0000000180001934 f   plugin_test1.obj
 0001:00000aec       ?init_term@UI_Info@RTest1_Shell@test1@test@modules@UModSys@@QEAA_NPEBD@Z 0000000180001aec f   plugin_test1.obj
 0001:00000f1c       ?create_3d@UI_Info@RTest1_Shell@test1@test@modules@UModSys@@QEAA_NPEBD@Z 0000000180001f1c f   plugin_test1.obj
 0001:000010f8       ?new_frames@UI_Info@RTest1_Shell@test1@test@modules@UModSys@@QEAA_NPEAUIController@libui@6@@Z 00000001800020f8 f   plugin_test1.obj
 0001:00001898       ??1SFrameCreateParameters@libui@UModSys@@QEAA@XZ 0000000180002898 f i plugin_test1.obj
 0001:000018bc       ?shutdown@UI_Info@RTest1_Shell@test1@test@modules@UModSys@@QEAAXXZ 00000001800028bc f   plugin_test1.obj
 0001:00001910       ?new_va_1@UI_Info@RTest1_Shell@test1@test@modules@UModSys@@QEAA_NXZ 0000000180002910 f   plugin_test1.obj
 0001:00001e58       ?new_va_qc@UI_Info@RTest1_Shell@test1@test@modules@UModSys@@QEAA_NXZ 0000000180002e58 f   plugin_test1.obj
 0001:0000230c       ?cycle3d@UI_Info@RTest1_Shell@test1@test@modules@UModSys@@QEAAXXZ 000000018000330c f   plugin_test1.obj
 0001:00002800       ??1UI_Info@RTest1_Shell@test1@test@modules@UModSys@@QEAA@XZ 0000000180003800 f i plugin_test1.obj
 0001:000028f8       ?get_generated_names@RGenerator@test1@test@modules@UModSys@@UEBAHAEAUSUniquePtrList@core@5@@Z 00000001800038f8 f i plugin_test1.obj
 0001:00002918       ?get_generated_types@RGenerator@test1@test@modules@UModSys@@UEBAHAEAUSUniquePtrList@core@5@PEBUSUniquePointerInfo@75@@Z 0000000180003918 f i plugin_test1.obj
 0001:00002974       ?generate@RGenerator@test1@test@modules@UModSys@@UEAA_NAEAU?$TRefObject@UIRefObject@core@UModSys@@U?$TRefObjectFunc@UIRefObject@core@UModSys@@@tl@3@@tl@5@PEBUSUniquePointerInfo@core@5@AEBUSParameters@95@@Z 0000000180003974 f i plugin_test1.obj
 0001:00002a38       ?root_get_interface_info@RGenerator@test1@test@modules@UModSys@@UEBAAEBUSUniquePointerInfo@core@5@XZ 0000000180003a38 f i plugin_test1.obj
 0001:00002a40       ?root_get_interface_type@RGenerator@test1@test@modules@UModSys@@UEBAPEBUSUniquePointerInfo@core@5@XZ 0000000180003a40 f i plugin_test1.obj
 0001:00002a48       ?root_get_other_interface@RGenerator@test1@test@modules@UModSys@@UEBAPEBUIRoot@core@5@PEBUSUniquePointerInfo@75@@Z 0000000180003a48 f i plugin_test1.obj
 0001:00002a48       ?root_get_other_interface@RGenerator@test1@test@modules@UModSys@@UEAAPEAUIRoot@core@5@PEBUSUniquePointerInfo@75@@Z 0000000180003a48 f i plugin_test1.obj
 0001:00002a80       ?root_is_interface_supported@RGenerator@test1@test@modules@UModSys@@UEBA_NPEBUSUniquePointerInfo@core@5@@Z 0000000180003a80 f i plugin_test1.obj
 0001:00002ab8       ?get_uid@RGenerator@test1@test@modules@UModSys@@UEBAPEBUSUniquePointerInfo@core@5@XZ 0000000180003ab8 f i plugin_test1.obj
 0001:00002ac0       ?do_open@RModuleReg@test1@test@modules@UModSys@@UEAA_NXZ 0000000180003ac0 f i plugin_test1.obj
 0001:00002b4c       ?do_close@RModuleReg@test1@test@modules@UModSys@@UEAA_NXZ 0000000180003b4c f i plugin_test1.obj
 0001:00002bb8       ?get_module@RGenerator@test1@test@modules@UModSys@@UEBAPEAUIModule@base@5@XZ 0000000180003bb8 f   plugin_test1.obj
 0001:00002bc0       ?mod_inc@RGenerator@test1@test@modules@UModSys@@UEBA_NXZ 0000000180003bc0 f   plugin_test1.obj
 0001:00002bd4       ?mod_dec@RGenerator@test1@test@modules@UModSys@@UEBA_NXZ 0000000180003bd4 f   plugin_test1.obj
 0001:00002be8       ?s_holder@RGenerator@test1@test@modules@UModSys@@SAAEAU?$TTypeStaticHolder@URGenerator@test1@test@modules@UModSys@@@tl@5@XZ 0000000180003be8 f   plugin_test1.obj
 0001:00002c2c       ??0?$TString@U?$TSCoreConst@D@su@tl@UModSys@@U?$TComparerBinaryHash@D@234@@tl@UModSys@@QEAA@PEBD@Z 0000000180003c2c f i plugin_test1.obj
 0001:00002cac       ??4?$TString@U?$TSCoreConst@D@su@tl@UModSys@@U?$TComparerBinaryHash@D@234@@tl@UModSys@@QEAAAEBU012@PEBD@Z 0000000180003cac f i plugin_test1.obj
 0001:00002d24       ??1?$TDynarrayDynamic@UVertexPC@UI_Info@RTest1_Shell@test1@test@modules@UModSys@@U?$TAllocator@USIMemAlloc@core@UModSys@@USCountCalcPower2@23@@tl@7@@tl@UModSys@@QEAA@XZ 0000000180003d24 f i plugin_test1.obj
 0001:00002d8c       ?info_release@?$TSCoreShared@USIMemAlloc@core@UModSys@@D@su@tl@UModSys@@QEAAXXZ 0000000180003d8c f i plugin_test1.obj
 0001:00002e60       ?info_new@?$TSCoreShared@USIMemAlloc@core@UModSys@@D@su@tl@UModSys@@QEAA_NPEBD_K@Z 0000000180003e60 f i plugin_test1.obj
 0001:00002f34       ?set_look_at@?$TMatrix44@N@math3d@UModSys@@QEAA_NAEBU?$TVector3@N@23@00@Z 0000000180003f34 f i plugin_test1.obj
 0001:00003208       ?set_inversed@?$TMatrix44@N@math3d@UModSys@@QEAA_NAEBU123@@Z 0000000180004208 f i plugin_test1.obj
 0001:000039ec       ??$generate_type@UICollector@libui@UModSys@@@RTest1_Shell@test1@test@modules@UModSys@@SA?AU?$TRefObject@UICollector@libui@UModSys@@U?$TRefObjectFunc@UICollector@libui@UModSys@@@tl@3@@tl@4@AEBU?$TString@U?$TSCoreConst@D@su@tl@UModSys@@U?$TComparerBinaryHash@D@234@@64@AEBUSParameters@core@4@PEBD@Z 00000001800049ec f i plugin_test1.obj
 0001:00003be8       ??$generate_type@UITerminal@libui@UModSys@@@RTest1_Shell@test1@test@modules@UModSys@@SA?AU?$TRefObject@UITerminal@libui@UModSys@@U?$TRefObjectFunc@UITerminal@libui@UModSys@@@tl@3@@tl@4@AEBU?$TString@U?$TSCoreConst@D@su@tl@UModSys@@U?$TComparerBinaryHash@D@234@@64@AEBUSParameters@core@4@PEBD@Z 0000000180004be8 f i plugin_test1.obj
 0001:00003de4       ?ResizeRel@?$TDynarray@U?$TDynarrayHolderDynamic@UVertexPC@UI_Info@RTest1_Shell@test1@test@modules@UModSys@@U?$TAllocator@USIMemAlloc@core@UModSys@@USCountCalcPower2@23@@tl@7@@tl@UModSys@@@tl@UModSys@@QEAA_N_J@Z 0000000180004de4 f i plugin_test1.obj
 0001:00003e7c       ?normalize@?$TVector3@N@math3d@UModSys@@QEAANXZ 0000000180004e7c f i plugin_test1.obj
 0001:00003f28       ??1?$TRefObject@UIModObject@base@UModSys@@U?$TModObjectFunc@UIModObject@base@UModSys@@@tl@3@@tl@UModSys@@QEAA@XZ 0000000180004f28 f i plugin_test1.obj
 0001:00003f54       ?mult@?$TMatrix44@N@math3d@UModSys@@QEAAXAEBU123@0@Z 0000000180004f54 f i plugin_test1.obj
 0001:0000431c       ?alloc@SMemShared@core@UModSys@@QEAA_N_KPEAUSSourceContext@23@@Z 000000018000531c f i umodsys_lib_lib2d:umodsys.mod.2d.stdlib.obj
 0001:000043a0       ?Convert@stdlib@lib2d@modules@UModSys@@YA_NAEBU?$TBoundBox2@H@math3d@4@AEBUSImageInfo@24@AEBUSMem@core@4@01AEBUSCMem@94@@Z 00000001800053a0 f i umodsys_lib_lib2d:umodsys.mod.2d.stdlib.obj
 0001:000044f4       ?root_get_interface_info@RImage_Memory@stdlib@lib2d@modules@UModSys@@UEBAAEBUSUniquePointerInfo@core@5@XZ 00000001800054f4 f i umodsys_lib_lib2d:umodsys.mod.2d.stdlib.obj
 0001:000044fc       ?root_get_interface_type@RImage_Memory@stdlib@lib2d@modules@UModSys@@UEBAPEBUSUniquePointerInfo@core@5@XZ 00000001800054fc f i umodsys_lib_lib2d:umodsys.mod.2d.stdlib.obj
 0001:00004504       ?root_get_other_interface@RImage_Memory@stdlib@lib2d@modules@UModSys@@UEAAPEAUIRoot@core@5@PEBUSUniquePointerInfo@75@@Z 0000000180005504 f i umodsys_lib_lib2d:umodsys.mod.2d.stdlib.obj
 0001:00004504       ?root_get_other_interface@RImage_Memory@stdlib@lib2d@modules@UModSys@@UEBAPEBUIRoot@core@5@PEBUSUniquePointerInfo@75@@Z 0000000180005504 f i umodsys_lib_lib2d:umodsys.mod.2d.stdlib.obj
 0001:00004534       ?root_is_interface_supported@RImage_Memory@stdlib@lib2d@modules@UModSys@@UEBA_NPEBUSUniquePointerInfo@core@5@@Z 0000000180005534 f i umodsys_lib_lib2d:umodsys.mod.2d.stdlib.obj
 0001:00004564       ?ref_links@RVertexArray@SDL_GL@ui@modules@UModSys@@UEBAHXZ 0000000180005564 f i umodsys_lib_libui:umodsys.mod.ui.SDL_GL.obj
 0001:00004564       ?ref_links@RGenerator@zlib@media@modules@UModSys@@UEBAHXZ 0000000180005564 f i umodsys_lib_libmedia:umodsys.mod.media.zlib.obj
 0001:00004564       ?ref_links@RGenerator@SDL_GL@ui@modules@UModSys@@UEBAHXZ 0000000180005564 f i umodsys_lib_libui:umodsys.mod.ui.SDL_GL.obj
 0001:00004564       ?ref_links@RMultiImage2D_SDL_ttf@SDL_core@ui@modules@UModSys@@UEBAHXZ 0000000180005564 f i umodsys_lib_libui:umodsys.mod.ui.SDL_core.obj
 0001:00004564       ?ref_links@RGenerator@frames@ui@modules@UModSys@@UEBAHXZ 0000000180005564 f i umodsys_lib_libui:umodsys.mod.ui.frames.obj
 0001:00004564       ?ref_links@RGenerator@images_std@media@modules@UModSys@@UEBAHXZ 0000000180005564 f i umodsys_lib_libmedia:umodsys.mod.media.images_std.obj
 0001:00004564       ?ref_links@RImage_Memory@stdlib@lib2d@modules@UModSys@@UEBAHXZ 0000000180005564 f i umodsys_lib_lib2d:umodsys.mod.2d.stdlib.obj
 0001:00004564       ?ref_links@RGenerator@SDL_core@ui@modules@UModSys@@UEBAHXZ 0000000180005564 f i umodsys_lib_libui:umodsys.mod.ui.SDL_core.obj
 0001:00004564       ?ref_links@RSerializeReader@serialize_json@media@modules@UModSys@@UEBAHXZ 0000000180005564 f i umodsys_lib_libmedia:umodsys.mod.media.serialize_json.obj
 0001:00004564       ?ref_links@RTerminal@SDL_GL@ui@modules@UModSys@@UEBAHXZ 0000000180005564 f i umodsys_lib_libui:umodsys.mod.ui.SDL_GL.obj
 0001:00004564       ?ref_links@RImageFactory_Memory@stdlib@lib2d@modules@UModSys@@UEBAHXZ 0000000180005564 f i umodsys_lib_lib2d:umodsys.mod.2d.stdlib.obj
 0001:00004564       ?ref_links@RBinArchiveFrameClient_ZIP@zlib@media@modules@UModSys@@UEBAHXZ 0000000180005564 f i umodsys_lib_libmedia:umodsys.mod.media.zlib.obj
 0001:00004564       ?ref_links@RTerminal@SDL_core@ui@modules@UModSys@@UEBAHXZ 0000000180005564 f i umodsys_lib_libui:umodsys.mod.ui.SDL_core.obj
 0001:00004564       ?ref_links@RGenerator@test1@test@modules@UModSys@@UEBAHXZ 0000000180005564 f i plugin_test1.obj
 0001:00004564       ?ref_links@RDialog@frames@ui@modules@UModSys@@UEBAHXZ 0000000180005564 f i umodsys_lib_libui:umodsys.mod.ui.frames.obj
 0001:00004564       ?ref_links@RGenerator@serialize_json@media@modules@UModSys@@UEBAHXZ 0000000180005564 f i umodsys_lib_libmedia:umodsys.mod.media.serialize_json.obj
 0001:00004564       ?ref_links@RMultiImage2D_SDL_ttf@SDL_GL@ui@modules@UModSys@@UEBAHXZ 0000000180005564 f i umodsys_lib_libui:umodsys.mod.ui.SDL_GL.obj
 0001:00004564       ?ref_links@RMultiImage@stdlib@lib2d@modules@UModSys@@UEBAHXZ 0000000180005564 f i umodsys_lib_lib2d:umodsys.mod.2d.stdlib.obj
 0001:00004564       ?ref_links@RGenerator@stdlib@lib2d@modules@UModSys@@UEBAHXZ 0000000180005564 f i umodsys_lib_lib2d:umodsys.mod.2d.stdlib.obj
 0001:00004568       ?suicide@RImageFactory_Memory@stdlib@lib2d@modules@UModSys@@UEAAXXZ 0000000180005568 f i umodsys_lib_lib2d:umodsys.mod.2d.stdlib.obj
 0001:00004568       ?suicide@RSerializeReader@serialize_json@media@modules@UModSys@@UEAAXXZ 0000000180005568 f i umodsys_lib_libmedia:umodsys.mod.media.serialize_json.obj
 0001:00004568       ?suicide@RTerminal@SDL_core@ui@modules@UModSys@@UEAAXXZ 0000000180005568 f i umodsys_lib_libui:umodsys.mod.ui.SDL_core.obj
 0001:00004568       ?suicide@RImage_Memory@stdlib@lib2d@modules@UModSys@@UEAAXXZ 0000000180005568 f i umodsys_lib_lib2d:umodsys.mod.2d.stdlib.obj
 0001:00004568       ?suicide@RTerminal@SDL_GL@ui@modules@UModSys@@UEAAXXZ 0000000180005568 f i umodsys_lib_libui:umodsys.mod.ui.SDL_GL.obj
 0001:00004568       ?suicide@RBinArchiveFrameClient_ZIP@zlib@media@modules@UModSys@@UEAAXXZ 0000000180005568 f i umodsys_lib_libmedia:umodsys.mod.media.zlib.obj
 0001:00004568       ?suicide@RMultiImage@stdlib@lib2d@modules@UModSys@@UEAAXXZ 0000000180005568 f i umodsys_lib_lib2d:umodsys.mod.2d.stdlib.obj
 0001:000045b4       ?root_get_interface_info@RImageFactory_Memory@stdlib@lib2d@modules@UModSys@@UEBAAEBUSUniquePointerInfo@core@5@XZ 00000001800055b4 f i umodsys_lib_lib2d:umodsys.mod.2d.stdlib.obj
 0001:000045bc       ?root_get_interface_type@RImageFactory_Memory@stdlib@lib2d@modules@UModSys@@UEBAPEBUSUniquePointerInfo@core@5@XZ 00000001800055bc f i umodsys_lib_lib2d:umodsys.mod.2d.stdlib.obj
 0001:000045c4       ?root_get_other_interface@RImageFactory_Memory@stdlib@lib2d@modules@UModSys@@UEAAPEAUIRoot@core@5@PEBUSUniquePointerInfo@75@@Z 00000001800055c4 f i umodsys_lib_lib2d:umodsys.mod.2d.stdlib.obj
 0001:000045c4       ?root_get_other_interface@RImageFactory_Memory@stdlib@lib2d@modules@UModSys@@UEBAPEBUIRoot@core@5@PEBUSUniquePointerInfo@75@@Z 00000001800055c4 f i umodsys_lib_lib2d:umodsys.mod.2d.stdlib.obj
 0001:000045f4       ?root_is_interface_supported@RImageFactory_Memory@stdlib@lib2d@modules@UModSys@@UEBA_NPEBUSUniquePointerInfo@core@5@@Z 00000001800055f4 f i umodsys_lib_lib2d:umodsys.mod.2d.stdlib.obj
 0001:00004624       ?root_get_interface_info@RMultiImage@stdlib@lib2d@modules@UModSys@@UEBAAEBUSUniquePointerInfo@core@5@XZ 0000000180005624 f i umodsys_lib_lib2d:umodsys.mod.2d.stdlib.obj
 0001:0000462c       ?root_get_interface_type@RMultiImage@stdlib@lib2d@modules@UModSys@@UEBAPEBUSUniquePointerInfo@core@5@XZ 000000018000562c f i umodsys_lib_lib2d:umodsys.mod.2d.stdlib.obj
 0001:00004634       ?root_get_other_interface@RMultiImage@stdlib@lib2d@modules@UModSys@@UEBAPEBUIRoot@core@5@PEBUSUniquePointerInfo@75@@Z 0000000180005634 f i umodsys_lib_lib2d:umodsys.mod.2d.stdlib.obj
 0001:00004634       ?root_get_other_interface@RMultiImage@stdlib@lib2d@modules@UModSys@@UEAAPEAUIRoot@core@5@PEBUSUniquePointerInfo@75@@Z 0000000180005634 f i umodsys_lib_lib2d:umodsys.mod.2d.stdlib.obj
 0001:00004664       ?root_is_interface_supported@RMultiImage@stdlib@lib2d@modules@UModSys@@UEBA_NPEBUSUniquePointerInfo@core@5@@Z 0000000180005664 f i umodsys_lib_lib2d:umodsys.mod.2d.stdlib.obj
 0001:00004694       ?get_generated_names@RGenerator@stdlib@lib2d@modules@UModSys@@UEBAHAEAUSUniquePtrList@core@5@@Z 0000000180005694 f i umodsys_lib_lib2d:umodsys.mod.2d.stdlib.obj
 0001:000046d8       ?get_generated_types@RGenerator@stdlib@lib2d@modules@UModSys@@UEBAHAEAUSUniquePtrList@core@5@PEBUSUniquePointerInfo@75@@Z 00000001800056d8 f i umodsys_lib_lib2d:umodsys.mod.2d.stdlib.obj
 0001:0000476c       ?generate@RGenerator@stdlib@lib2d@modules@UModSys@@UEAA_NAEAU?$TRefObject@UIRefObject@core@UModSys@@U?$TRefObjectFunc@UIRefObject@core@UModSys@@@tl@3@@tl@5@PEBUSUniquePointerInfo@core@5@AEBUSParameters@95@@Z 000000018000576c f i umodsys_lib_lib2d:umodsys.mod.2d.stdlib.obj
 0001:0000489c       ?root_get_interface_info@RGenerator@stdlib@lib2d@modules@UModSys@@UEBAAEBUSUniquePointerInfo@core@5@XZ 000000018000589c f i umodsys_lib_lib2d:umodsys.mod.2d.stdlib.obj
 0001:000048a4       ?root_get_interface_type@RGenerator@stdlib@lib2d@modules@UModSys@@UEBAPEBUSUniquePointerInfo@core@5@XZ 00000001800058a4 f i umodsys_lib_lib2d:umodsys.mod.2d.stdlib.obj
 0001:000048ac       ?root_get_other_interface@RGenerator@stdlib@lib2d@modules@UModSys@@UEAAPEAUIRoot@core@5@PEBUSUniquePointerInfo@75@@Z 00000001800058ac f i umodsys_lib_lib2d:umodsys.mod.2d.stdlib.obj
 0001:000048ac       ?root_get_other_interface@RGenerator@stdlib@lib2d@modules@UModSys@@UEBAPEBUIRoot@core@5@PEBUSUniquePointerInfo@75@@Z 00000001800058ac f i umodsys_lib_lib2d:umodsys.mod.2d.stdlib.obj
 0001:000048e4       ?root_is_interface_supported@RGenerator@stdlib@lib2d@modules@UModSys@@UEBA_NPEBUSUniquePointerInfo@core@5@@Z 00000001800058e4 f i umodsys_lib_lib2d:umodsys.mod.2d.stdlib.obj
 0001:0000491c       ?get_uid@RGenerator@stdlib@lib2d@modules@UModSys@@UEBAPEBUSUniquePointerInfo@core@5@XZ 000000018000591c f i umodsys_lib_lib2d:umodsys.mod.2d.stdlib.obj
 0001:00004924       ?set_info@RImage_Memory@stdlib@lib2d@modules@UModSys@@UEAA_NAEBUSImagePatchInfo@35@PEBD@Z 0000000180005924 f   umodsys_lib_lib2d:umodsys.mod.2d.stdlib.obj
 0001:00004b84       ?set_data@RImage_Memory@stdlib@lib2d@modules@UModSys@@UEAA_NAEBUSImagePatchInfo@35@AEBUSCMem@core@5@H@Z 0000000180005b84 f   umodsys_lib_lib2d:umodsys.mod.2d.stdlib.obj
 0001:00004c38       ?get_info@RImage_Memory@stdlib@lib2d@modules@UModSys@@UEBAAEBUSImageInfo@35@XZ 0000000180005c38 f   umodsys_lib_lib2d:umodsys.mod.2d.stdlib.obj
 0001:00004c40       ?get_data@RImage_Memory@stdlib@lib2d@modules@UModSys@@UEBA_NAEBUSImagePatchInfo@35@AEBUSMem@core@5@H@Z 0000000180005c40 f   umodsys_lib_lib2d:umodsys.mod.2d.stdlib.obj
 0001:00004d10       ??0RImage_Memory@stdlib@lib2d@modules@UModSys@@QEAA@PEAUIModObject@base@4@AEBUSParameters@core@4@@Z 0000000180005d10 f   umodsys_lib_lib2d:umodsys.mod.2d.stdlib.obj
 0001:00004db8       ??_GRImage_Memory@stdlib@lib2d@modules@UModSys@@UEAAPEAXI@Z 0000000180005db8 f i umodsys_lib_lib2d:umodsys.mod.2d.stdlib.obj
 0001:00004db8       ??_ERImage_Memory@stdlib@lib2d@modules@UModSys@@UEAAPEAXI@Z 0000000180005db8 f i  CIL library: CIL module
 0001:00004e28       ?image_new@RImageFactory_Memory@stdlib@lib2d@modules@UModSys@@UEAA?AU?$TRefObject@UIImage@lib2d@UModSys@@U?$TRefObjectFunc@UIImage@lib2d@UModSys@@@tl@3@@tl@5@XZ 0000000180005e28 f   umodsys_lib_lib2d:umodsys.mod.2d.stdlib.obj
 0001:00004fac       ??1?$TParametersA@$0EAA@@core@UModSys@@QEAA@XZ 0000000180005fac f i plugin_test1.obj
 0001:00004fac       ??1SParameters@core@UModSys@@QEAA@XZ 0000000180005fac f i plugin_test1.obj
 0001:00004fac       ??1?$TParametersA@$0BAL@@core@UModSys@@QEAA@XZ 0000000180005fac f i umodsys_lib_lib2d:umodsys.mod.2d.stdlib.obj
 0001:00004fac       ??1?$TParametersA@$0BAA@@core@UModSys@@QEAA@XZ 0000000180005fac f i umodsys_lib_libui:umodsys.mod.ui.SDL_core.obj
 0001:00004fc8       ?image_new@RImageFactory_Memory@stdlib@lib2d@modules@UModSys@@UEAA?AU?$TRefObject@UIImage@lib2d@UModSys@@U?$TRefObjectFunc@UIImage@lib2d@UModSys@@@tl@3@@tl@5@AEBUSImagePatchInfo@35@PEBD@Z 0000000180005fc8 f   umodsys_lib_lib2d:umodsys.mod.2d.stdlib.obj
 0001:0000519c       ??_ERGenerator@stdlib@lib2d@modules@UModSys@@UEAAPEAXI@Z 000000018000619c f i  CIL library: CIL module
 0001:0000519c       ??_GRGenerator@zlib@media@modules@UModSys@@UEAAPEAXI@Z 000000018000619c f i umodsys_lib_libmedia:umodsys.mod.media.zlib.obj
 0001:0000519c       ??_ERGenerator@images_std@media@modules@UModSys@@UEAAPEAXI@Z 000000018000619c f i  CIL library: CIL module
 0001:0000519c       ??_ERGenerator@test1@test@modules@UModSys@@UEAAPEAXI@Z 000000018000619c f i  CIL library: CIL module
 0001:0000519c       ??_GRImageFactory_Memory@stdlib@lib2d@modules@UModSys@@UEAAPEAXI@Z 000000018000619c f i umodsys_lib_lib2d:umodsys.mod.2d.stdlib.obj
 0001:0000519c       ??_EIRoot@core@UModSys@@UEAAPEAXI@Z 000000018000619c f i  CIL library: CIL module
 0001:0000519c       ??_ERBinArchiveFrameClient_ZIP@zlib@media@modules@UModSys@@UEAAPEAXI@Z 000000018000619c f i  CIL library: CIL module
 0001:0000519c       ??_ERGenerator@SDL_core@ui@modules@UModSys@@UEAAPEAXI@Z 000000018000619c f i  CIL library: CIL module
 0001:0000519c       ??_ERImageFactory_Memory@stdlib@lib2d@modules@UModSys@@UEAAPEAXI@Z 000000018000619c f i  CIL library: CIL module
 0001:0000519c       ??_GRGenerator@SDL_core@ui@modules@UModSys@@UEAAPEAXI@Z 000000018000619c f i umodsys_lib_libui:umodsys.mod.ui.SDL_core.obj
 0001:0000519c       ??_ERGenerator@frames@ui@modules@UModSys@@UEAAPEAXI@Z 000000018000619c f i  CIL library: CIL module
 0001:0000519c       ??_GRGenerator@SDL_GL@ui@modules@UModSys@@UEAAPEAXI@Z 000000018000619c f i umodsys_lib_libui:umodsys.mod.ui.SDL_GL.obj
 0001:0000519c       ??_GRGenerator@images_std@media@modules@UModSys@@UEAAPEAXI@Z 000000018000619c f i umodsys_lib_libmedia:umodsys.mod.media.images_std.obj
 0001:0000519c       ??_ERGenerator@SDL_GL@ui@modules@UModSys@@UEAAPEAXI@Z 000000018000619c f i  CIL library: CIL module
 0001:0000519c       ??_ERGenerator@serialize_json@media@modules@UModSys@@UEAAPEAXI@Z 000000018000619c f i  CIL library: CIL module
 0001:0000519c       ??_GRGenerator@serialize_json@media@modules@UModSys@@UEAAPEAXI@Z 000000018000619c f i umodsys_lib_libmedia:umodsys.mod.media.serialize_json.obj
 0001:0000519c       ??_GRGenerator@test1@test@modules@UModSys@@UEAAPEAXI@Z 000000018000619c f i plugin_test1.obj
 0001:0000519c       ??_GRBinArchiveFrameClient_ZIP@zlib@media@modules@UModSys@@UEAAPEAXI@Z 000000018000619c f i umodsys_lib_libmedia:umodsys.mod.media.zlib.obj
 0001:0000519c       ??_GIRoot@core@UModSys@@UEAAPEAXI@Z 000000018000619c f i plugin_test1.obj
 0001:0000519c       ??_GRGenerator@frames@ui@modules@UModSys@@UEAAPEAXI@Z 000000018000619c f i umodsys_lib_libui:umodsys.mod.ui.frames.obj
 0001:0000519c       ??_ERGenerator@zlib@media@modules@UModSys@@UEAAPEAXI@Z 000000018000619c f i  CIL library: CIL module
 0001:0000519c       ??_GRGenerator@stdlib@lib2d@modules@UModSys@@UEAAPEAXI@Z 000000018000619c f i umodsys_lib_lib2d:umodsys.mod.2d.stdlib.obj
 0001:000051c4       ?get_max_cell_size@RMultiImage@stdlib@lib2d@modules@UModSys@@UEBA?AU?$TVector2@H@math3d@5@XZ 00000001800061c4 f   umodsys_lib_lib2d:umodsys.mod.2d.stdlib.obj
 0001:000051c4       ?get_max_layer_size@RMultiImage@stdlib@lib2d@modules@UModSys@@UEBA?AU?$TVector2@H@math3d@5@XZ 00000001800061c4 f   umodsys_lib_lib2d:umodsys.mod.2d.stdlib.obj
 0001:000051f0       ?get_fixed_cell_size@RMultiImage@stdlib@lib2d@modules@UModSys@@UEBA?AU?$TVector2@H@math3d@5@XZ 00000001800061f0 f   umodsys_lib_lib2d:umodsys.mod.2d.stdlib.obj
 0001:00005210       ?get_layer_count@RMultiImage@stdlib@lib2d@modules@UModSys@@UEBAGXZ 0000000180006210 f   umodsys_lib_lib2d:umodsys.mod.2d.stdlib.obj
 0001:00005224       ?get_layer@RMultiImage@stdlib@lib2d@modules@UModSys@@UEBAPEAUIImage@35@G@Z 0000000180006224 f   umodsys_lib_lib2d:umodsys.mod.2d.stdlib.obj
 0001:00005248       ?get_cell_count@RMultiImage@stdlib@lib2d@modules@UModSys@@UEBAIXZ 0000000180006248 f   umodsys_lib_lib2d:umodsys.mod.2d.stdlib.obj
 0001:0000525c       ?get_cell@RMultiImage@stdlib@lib2d@modules@UModSys@@UEBA_NIAEAU?$TVector2@H@math3d@5@PEAU675@PEAG@Z 000000018000625c f   umodsys_lib_lib2d:umodsys.mod.2d.stdlib.obj
 0001:000052b4       ?get_cell@RMultiImage@stdlib@lib2d@modules@UModSys@@UEBA_NIAEAUSImageCellInfo@35@@Z 00000001800062b4 f   umodsys_lib_lib2d:umodsys.mod.2d.stdlib.obj
 0001:000052ec       ?set_layer_count@RMultiImage@stdlib@lib2d@modules@UModSys@@UEAA_NG@Z 00000001800062ec f   umodsys_lib_lib2d:umodsys.mod.2d.stdlib.obj
 0001:000053f4       ?setup_fixed_cell@RMultiImage@stdlib@lib2d@modules@UModSys@@UEAA_NHH@Z 00000001800063f4 f   umodsys_lib_lib2d:umodsys.mod.2d.stdlib.obj
 0001:00005410       ?setup_variable_cell@RMultiImage@stdlib@lib2d@modules@UModSys@@UEAA_NPEBUSImageCellInfo@35@KK@Z 0000000180006410 f   umodsys_lib_lib2d:umodsys.mod.2d.stdlib.obj
 0001:000054b8       ??0RMultiImage@stdlib@lib2d@modules@UModSys@@QEAA@PEAUIModObject@base@4@AEBUSParameters@core@4@@Z 00000001800064b8 f   umodsys_lib_lib2d:umodsys.mod.2d.stdlib.obj
 0001:000055d4       ??_GRMultiImage@stdlib@lib2d@modules@UModSys@@UEAAPEAXI@Z 00000001800065d4 f i umodsys_lib_lib2d:umodsys.mod.2d.stdlib.obj
 0001:000055d4       ??_ERMultiImage@stdlib@lib2d@modules@UModSys@@UEAAPEAXI@Z 00000001800065d4 f i  CIL library: CIL module
 0001:000056ac       ?do_open@RModuleReg@stdlib@lib2d@modules@UModSys@@UEAA_NXZ 00000001800066ac f i umodsys_lib_lib2d:umodsys.mod.2d.stdlib.obj
 0001:00005720       ?do_close@RModuleReg@stdlib@lib2d@modules@UModSys@@UEAA_NXZ 0000000180006720 f i umodsys_lib_lib2d:umodsys.mod.2d.stdlib.obj
 0001:00005770       ?get_module@RGenerator@stdlib@lib2d@modules@UModSys@@UEBAPEAUIModule@base@5@XZ 0000000180006770 f   umodsys_lib_lib2d:umodsys.mod.2d.stdlib.obj
 0001:00005778       ?mod_inc@RGenerator@stdlib@lib2d@modules@UModSys@@UEBA_NXZ 0000000180006778 f   umodsys_lib_lib2d:umodsys.mod.2d.stdlib.obj
 0001:0000578c       ?mod_dec@RGenerator@stdlib@lib2d@modules@UModSys@@UEBA_NXZ 000000018000678c f   umodsys_lib_lib2d:umodsys.mod.2d.stdlib.obj
 0001:000057a0       ?s_holder@RGenerator@stdlib@lib2d@modules@UModSys@@SAAEAU?$TTypeStaticHolder@URGenerator@stdlib@lib2d@modules@UModSys@@@tl@5@XZ 00000001800067a0 f   umodsys_lib_lib2d:umodsys.mod.2d.stdlib.obj
 0001:000057e4       ??1?$TDynarrayDynamic@USImageCellInfo@lib2d@UModSys@@U?$TAllocator@USIMemAlloc@core@UModSys@@USCountCalcPower2@23@@tl@3@@tl@UModSys@@QEAA@XZ 00000001800067e4 f i umodsys_lib_lib2d:umodsys.mod.2d.stdlib.obj
 0001:000057ec       ?Resize@?$TDynarray@U?$TDynarrayHolderDynamic@USImageCellInfo@lib2d@UModSys@@U?$TAllocator@USIMemAlloc@core@UModSys@@USCountCalcPower2@23@@tl@3@@tl@UModSys@@@tl@UModSys@@QEAA_N_K@Z 00000001800067ec f i umodsys_lib_lib2d:umodsys.mod.2d.stdlib.obj
 0001:0000588c       ??1?$TDynarrayDynamic@U?$TRefObject@UIImage@lib2d@UModSys@@U?$TRefObjectFunc@UIImage@lib2d@UModSys@@@tl@3@@tl@UModSys@@U?$TAllocator@USIMemAlloc@core@UModSys@@USCountCalcPower2@23@@23@@tl@UModSys@@QEAA@XZ 000000018000688c f i umodsys_lib_lib2d:umodsys.mod.2d.stdlib.obj
 0001:000058ec       ?Resize@?$TDynarray@U?$TDynarrayHolderDynamic@U?$TRefObject@UIImage@lib2d@UModSys@@U?$TRefObjectFunc@UIImage@lib2d@UModSys@@@tl@3@@tl@UModSys@@U?$TAllocator@USIMemAlloc@core@UModSys@@USCountCalcPower2@23@@23@@tl@UModSys@@@tl@UModSys@@QEAA_N_K@Z 00000001800068ec f i umodsys_lib_lib2d:umodsys.mod.2d.stdlib.obj
 0001:000059e8       ??1?$TDynarray@U?$TDynarrayHolderDynamic@USImageCellInfo@lib2d@UModSys@@U?$TAllocator@USIMemAlloc@core@UModSys@@USCountCalcPower2@23@@tl@3@@tl@UModSys@@@tl@UModSys@@QEAA@XZ 00000001800069e8 f i umodsys_lib_lib2d:umodsys.mod.2d.stdlib.obj
 0001:00005ab4       ??$t_gen_param@URImageFactory_Memory@stdlib@lib2d@modules@UModSys@@URGenerator@2345@@IGenerator@base@UModSys@@IEAA_NPEAURGenerator@stdlib@lib2d@modules@2@AEAU?$TRefObject@UIRefObject@core@UModSys@@U?$TRefObjectFunc@UIRefObject@core@UModSys@@@tl@3@@tl@2@PEBUSUniquePointerInfo@core@2@AEBUSParameters@core@2@@Z 0000000180006ab4 f i umodsys_lib_lib2d:umodsys.mod.2d.stdlib.obj
 0001:00005bc4       ??$t_gen_param@URMultiImage@stdlib@lib2d@modules@UModSys@@URGenerator@2345@@IGenerator@base@UModSys@@IEAA_NPEAURGenerator@stdlib@lib2d@modules@2@AEAU?$TRefObject@UIRefObject@core@UModSys@@U?$TRefObjectFunc@UIRefObject@core@UModSys@@@tl@3@@tl@2@PEBUSUniquePointerInfo@core@2@AEBUSParameters@core@2@@Z 0000000180006bc4 f i umodsys_lib_lib2d:umodsys.mod.2d.stdlib.obj
 0001:00005cbc       ??$ValidateConstruction@UIImage@lib2d@UModSys@@URImage_Memory@stdlib@2modules@3@@core@UModSys@@YA_NAEAU?$TRefObject@UIImage@lib2d@UModSys@@U?$TRefObjectFunc@UIImage@lib2d@UModSys@@@tl@3@@tl@1@PEAURImage_Memory@stdlib@lib2d@modules@1@@Z 0000000180006cbc f i umodsys_lib_lib2d:umodsys.mod.2d.stdlib.obj
 0001:00005d14       ?e@SGLFuncs@SDL_GL@ui@modules@UModSys@@QEBAXXZ 0000000180006d14 f i umodsys_lib_libui:umodsys.mod.ui.SDL_GL.obj
 0001:00005d98       ?set_composite_all@SGLFuncsLegacy@SDL_GL@ui@modules@UModSys@@QEBAXH@Z 0000000180006d98 f i umodsys_lib_libui:umodsys.mod.ui.SDL_GL.obj
 0001:00005e58       ?crebind@STextureGL@SDL_GL@ui@modules@UModSys@@QEAAX_N@Z 0000000180006e58 f i umodsys_lib_libui:umodsys.mod.ui.SDL_GL.obj
 0001:00005ed4       ?root_get_interface_info@RKeyboardController@SDL_GL@ui@modules@UModSys@@UEBAAEBUSUniquePointerInfo@core@5@XZ 0000000180006ed4 f i umodsys_lib_libui:umodsys.mod.ui.SDL_GL.obj
 0001:00005edc       ?root_get_interface_type@RKeyboardController@SDL_GL@ui@modules@UModSys@@UEBAPEBUSUniquePointerInfo@core@5@XZ 0000000180006edc f i umodsys_lib_libui:umodsys.mod.ui.SDL_GL.obj
 0001:00005ee4       ?root_get_other_interface@RKeyboardController@SDL_GL@ui@modules@UModSys@@UEAAPEAUIRoot@core@5@PEBUSUniquePointerInfo@75@@Z 0000000180006ee4 f i umodsys_lib_libui:umodsys.mod.ui.SDL_GL.obj
 0001:00005ee4       ?root_get_other_interface@RKeyboardController@SDL_GL@ui@modules@UModSys@@UEBAPEBUIRoot@core@5@PEBUSUniquePointerInfo@75@@Z 0000000180006ee4 f i umodsys_lib_libui:umodsys.mod.ui.SDL_GL.obj
 0001:00005f14       ?root_is_interface_supported@RKeyboardController@SDL_GL@ui@modules@UModSys@@UEBA_NPEBUSUniquePointerInfo@core@5@@Z 0000000180006f14 f i umodsys_lib_libui:umodsys.mod.ui.SDL_GL.obj
 0001:00005f44       ?ref_links@RMouseController@SDL_core@ui@modules@UModSys@@UEBAHXZ 0000000180006f44 f i umodsys_lib_libui:umodsys.mod.ui.SDL_core.obj
 0001:00005f44       ?ref_links@RKeyboardController@SDL_GL@ui@modules@UModSys@@UEBAHXZ 0000000180006f44 f i umodsys_lib_libui:umodsys.mod.ui.SDL_GL.obj
 0001:00005f44       ?ref_links@RRenderDriver3D@SDL_GL@ui@modules@UModSys@@UEBAHXZ 0000000180006f44 f i umodsys_lib_libui:umodsys.mod.ui.SDL_GL.obj
 0001:00005f44       ?ref_links@RKeyboardController@SDL_core@ui@modules@UModSys@@UEBAHXZ 0000000180006f44 f i umodsys_lib_libui:umodsys.mod.ui.SDL_core.obj
 0001:00005f44       ?ref_links@RMouseController@SDL_GL@ui@modules@UModSys@@UEBAHXZ 0000000180006f44 f i umodsys_lib_libui:umodsys.mod.ui.SDL_GL.obj
 0001:00005f44       ?ref_links@RRenderDriver2D@SDL_core@ui@modules@UModSys@@UEBAHXZ 0000000180006f44 f i umodsys_lib_libui:umodsys.mod.ui.SDL_core.obj
 0001:00005f50       ?ref_weak@RMouseController@SDL_core@ui@modules@UModSys@@UEBA_NAEAUWeakPointer@IRefObject@core@5@@Z 0000000180006f50 f i umodsys_lib_libui:umodsys.mod.ui.SDL_core.obj
 0001:00005f50       ?ref_weak@RRenderDriver2D@SDL_core@ui@modules@UModSys@@UEBA_NAEAUWeakPointer@IRefObject@core@5@@Z 0000000180006f50 f i umodsys_lib_libui:umodsys.mod.ui.SDL_core.obj
 0001:00005f50       ?ref_weak@RRenderDriver3D@SDL_GL@ui@modules@UModSys@@UEBA_NAEAUWeakPointer@IRefObject@core@5@@Z 0000000180006f50 f i umodsys_lib_libui:umodsys.mod.ui.SDL_GL.obj
 0001:00005f50       ?ref_weak@RKeyboardController@SDL_GL@ui@modules@UModSys@@UEBA_NAEAUWeakPointer@IRefObject@core@5@@Z 0000000180006f50 f i umodsys_lib_libui:umodsys.mod.ui.SDL_GL.obj
 0001:00005f50       ?ref_weak@RKeyboardController@SDL_core@ui@modules@UModSys@@UEBA_NAEAUWeakPointer@IRefObject@core@5@@Z 0000000180006f50 f i umodsys_lib_libui:umodsys.mod.ui.SDL_core.obj
 0001:00005f50       ?ref_weak@RMouseController@SDL_GL@ui@modules@UModSys@@UEBA_NAEAUWeakPointer@IRefObject@core@5@@Z 0000000180006f50 f i umodsys_lib_libui:umodsys.mod.ui.SDL_GL.obj
 0001:00005f70       ?root_get_interface_info@RMouseController@SDL_GL@ui@modules@UModSys@@UEBAAEBUSUniquePointerInfo@core@5@XZ 0000000180006f70 f i umodsys_lib_libui:umodsys.mod.ui.SDL_GL.obj
 0001:00005f78       ?root_get_interface_type@RMouseController@SDL_GL@ui@modules@UModSys@@UEBAPEBUSUniquePointerInfo@core@5@XZ 0000000180006f78 f i umodsys_lib_libui:umodsys.mod.ui.SDL_GL.obj
 0001:00005f80       ?root_get_other_interface@RMouseController@SDL_GL@ui@modules@UModSys@@UEAAPEAUIRoot@core@5@PEBUSUniquePointerInfo@75@@Z 0000000180006f80 f i umodsys_lib_libui:umodsys.mod.ui.SDL_GL.obj
 0001:00005f80       ?root_get_other_interface@RMouseController@SDL_GL@ui@modules@UModSys@@UEBAPEBUIRoot@core@5@PEBUSUniquePointerInfo@75@@Z 0000000180006f80 f i umodsys_lib_libui:umodsys.mod.ui.SDL_GL.obj
 0001:00005fb0       ?root_is_interface_supported@RMouseController@SDL_GL@ui@modules@UModSys@@UEBA_NPEBUSUniquePointerInfo@core@5@@Z 0000000180006fb0 f i umodsys_lib_libui:umodsys.mod.ui.SDL_GL.obj
 0001:00005fe0       ?root_get_interface_info@RTerminal@SDL_GL@ui@modules@UModSys@@UEBAAEBUSUniquePointerInfo@core@5@XZ 0000000180006fe0 f i umodsys_lib_libui:umodsys.mod.ui.SDL_GL.obj
 0001:00005fe8       ?root_get_interface_type@RTerminal@SDL_GL@ui@modules@UModSys@@UEBAPEBUSUniquePointerInfo@core@5@XZ 0000000180006fe8 f i umodsys_lib_libui:umodsys.mod.ui.SDL_GL.obj
 0001:00005ff0       ?root_get_other_interface@RTerminal@SDL_GL@ui@modules@UModSys@@UEBAPEBUIRoot@core@5@PEBUSUniquePointerInfo@75@@Z 0000000180006ff0 f i umodsys_lib_libui:umodsys.mod.ui.SDL_GL.obj
 0001:00005ff0       ?root_get_other_interface@RTerminal@SDL_GL@ui@modules@UModSys@@UEAAPEAUIRoot@core@5@PEBUSUniquePointerInfo@75@@Z 0000000180006ff0 f i umodsys_lib_libui:umodsys.mod.ui.SDL_GL.obj
 0001:00006020       ?root_is_interface_supported@RTerminal@SDL_GL@ui@modules@UModSys@@UEBA_NPEBUSUniquePointerInfo@core@5@@Z 0000000180007020 f i umodsys_lib_libui:umodsys.mod.ui.SDL_GL.obj
 0001:00006050       ?ref_add@RGenerator@zlib@media@modules@UModSys@@UEBAXXZ 0000000180007050 f i umodsys_lib_libmedia:umodsys.mod.media.zlib.obj
 0001:00006050       ?ref_add@RTerminal@SDL_GL@ui@modules@UModSys@@UEBAXXZ 0000000180007050 f i umodsys_lib_libui:umodsys.mod.ui.SDL_GL.obj
 0001:00006050       ?ref_add@RDialog@frames@ui@modules@UModSys@@UEBAXXZ 0000000180007050 f i umodsys_lib_libui:umodsys.mod.ui.frames.obj
 0001:00006050       ?ref_add@RGenerator@stdlib@lib2d@modules@UModSys@@UEBAXXZ 0000000180007050 f i umodsys_lib_lib2d:umodsys.mod.2d.stdlib.obj
 0001:00006050       ?ref_add@RVertexArray@SDL_GL@ui@modules@UModSys@@UEBAXXZ 0000000180007050 f i umodsys_lib_libui:umodsys.mod.ui.SDL_GL.obj
 0001:00006050       ?ref_add@RImageFactory_Memory@stdlib@lib2d@modules@UModSys@@UEBAXXZ 0000000180007050 f i umodsys_lib_lib2d:umodsys.mod.2d.stdlib.obj
 0001:00006050       ?ref_add@RGenerator@images_std@media@modules@UModSys@@UEBAXXZ 0000000180007050 f i umodsys_lib_libmedia:umodsys.mod.media.images_std.obj
 0001:00006050       ?ref_add@RBinArchiveFrameClient_ZIP@zlib@media@modules@UModSys@@UEBAXXZ 0000000180007050 f i umodsys_lib_libmedia:umodsys.mod.media.zlib.obj
 0001:00006050       ?ref_add@RGenerator@SDL_core@ui@modules@UModSys@@UEBAXXZ 0000000180007050 f i umodsys_lib_libui:umodsys.mod.ui.SDL_core.obj
 0001:00006050       ?ref_add@RSerializeReader@serialize_json@media@modules@UModSys@@UEBAXXZ 0000000180007050 f i umodsys_lib_libmedia:umodsys.mod.media.serialize_json.obj
 0001:00006050       ?ref_add@RGenerator@frames@ui@modules@UModSys@@UEBAXXZ 0000000180007050 f i umodsys_lib_libui:umodsys.mod.ui.frames.obj
 0001:00006050       ?ref_add@RImage_Memory@stdlib@lib2d@modules@UModSys@@UEBAXXZ 0000000180007050 f i umodsys_lib_lib2d:umodsys.mod.2d.stdlib.obj
 0001:00006050       ?ref_add@RGenerator@serialize_json@media@modules@UModSys@@UEBAXXZ 0000000180007050 f i umodsys_lib_libmedia:umodsys.mod.media.serialize_json.obj
 0001:00006050       ?ref_add@RTerminal@SDL_core@ui@modules@UModSys@@UEBAXXZ 0000000180007050 f i umodsys_lib_libui:umodsys.mod.ui.SDL_core.obj
 0001:00006050       ?ref_add@RMultiImage2D_SDL_ttf@SDL_GL@ui@modules@UModSys@@UEBAXXZ 0000000180007050 f i umodsys_lib_libui:umodsys.mod.ui.SDL_GL.obj
 0001:00006050       ?ref_add@RGenerator@SDL_GL@ui@modules@UModSys@@UEBAXXZ 0000000180007050 f i umodsys_lib_libui:umodsys.mod.ui.SDL_GL.obj
 0001:00006050       ?ref_add@RMultiImage@stdlib@lib2d@modules@UModSys@@UEBAXXZ 0000000180007050 f i umodsys_lib_lib2d:umodsys.mod.2d.stdlib.obj
 0001:00006050       ?ref_add@RMultiImage2D_SDL_ttf@SDL_core@ui@modules@UModSys@@UEBAXXZ 0000000180007050 f i umodsys_lib_libui:umodsys.mod.ui.SDL_core.obj
 0001:00006050       ?ref_add@RGenerator@test1@test@modules@UModSys@@UEBAXXZ 0000000180007050 f i plugin_test1.obj
 0001:00006054       ?root_get_interface_info@RMultiImage2D_SDL_ttf@SDL_GL@ui@modules@UModSys@@UEBAAEBUSUniquePointerInfo@core@5@XZ 0000000180007054 f i umodsys_lib_libui:umodsys.mod.ui.SDL_GL.obj
 0001:0000605c       ?root_get_interface_type@RMultiImage2D_SDL_ttf@SDL_GL@ui@modules@UModSys@@UEBAPEBUSUniquePointerInfo@core@5@XZ 000000018000705c f i umodsys_lib_libui:umodsys.mod.ui.SDL_GL.obj
 0001:00006064       ?root_get_other_interface@RMultiImage2D_SDL_ttf@SDL_GL@ui@modules@UModSys@@UEAAPEAUIRoot@core@5@PEBUSUniquePointerInfo@75@@Z 0000000180007064 f i umodsys_lib_libui:umodsys.mod.ui.SDL_GL.obj
 0001:00006064       ?root_get_other_interface@RMultiImage2D_SDL_ttf@SDL_GL@ui@modules@UModSys@@UEBAPEBUIRoot@core@5@PEBUSUniquePointerInfo@75@@Z 0000000180007064 f i umodsys_lib_libui:umodsys.mod.ui.SDL_GL.obj
 0001:00006094       ?root_is_interface_supported@RMultiImage2D_SDL_ttf@SDL_GL@ui@modules@UModSys@@UEBA_NPEBUSUniquePointerInfo@core@5@@Z 0000000180007094 f i umodsys_lib_libui:umodsys.mod.ui.SDL_GL.obj
 0001:000060c4       ??1Glyph@RMultiImage2D_SDL_ttf@SDL_GL@ui@modules@UModSys@@QEAA@XZ 00000001800070c4 f i umodsys_lib_libui:umodsys.mod.ui.SDL_GL.obj
 0001:00006114       ?get_max_cell_size@RMultiImage2D_SDL_ttf@SDL_core@ui@modules@UModSys@@UEBA?AU?$TVector2@H@math3d@5@XZ 0000000180007114 f i umodsys_lib_libui:umodsys.mod.ui.SDL_core.obj
 0001:00006114       ?get_fixed_cell_size@RMultiImage2D_SDL_ttf@SDL_GL@ui@modules@UModSys@@UEBA?AU?$TVector2@H@math3d@5@XZ 0000000180007114 f i umodsys_lib_libui:umodsys.mod.ui.SDL_GL.obj
 0001:00006114       ?get_fixed_cell_size@RMultiImage2D_SDL_ttf@SDL_core@ui@modules@UModSys@@UEBA?AU?$TVector2@H@math3d@5@XZ 0000000180007114 f i umodsys_lib_libui:umodsys.mod.ui.SDL_core.obj
 0001:00006114       ?get_max_layer_size@RMultiImage2D_SDL_ttf@SDL_core@ui@modules@UModSys@@UEBA?AU?$TVector2@H@math3d@5@XZ 0000000180007114 f i umodsys_lib_libui:umodsys.mod.ui.SDL_core.obj
 0001:00006114       ?get_max_cell_size@RMultiImage2D_SDL_ttf@SDL_GL@ui@modules@UModSys@@UEBA?AU?$TVector2@H@math3d@5@XZ 0000000180007114 f i umodsys_lib_libui:umodsys.mod.ui.SDL_GL.obj
 0001:00006114       ?get_max_layer_size@RMultiImage2D_SDL_ttf@SDL_GL@ui@modules@UModSys@@UEBA?AU?$TVector2@H@math3d@5@XZ 0000000180007114 f i umodsys_lib_libui:umodsys.mod.ui.SDL_GL.obj
 0001:00006114       ?image_get_maxsize@RImageFactory_Memory@stdlib@lib2d@modules@UModSys@@UEBA?AU?$TVector2@H@math3d@5@XZ 0000000180007114 f i umodsys_lib_lib2d:umodsys.mod.2d.stdlib.obj
 0001:00006120       ?root_get_interface_info@RRenderDriver3D@SDL_GL@ui@modules@UModSys@@UEBAAEBUSUniquePointerInfo@core@5@XZ 0000000180007120 f i umodsys_lib_libui:umodsys.mod.ui.SDL_GL.obj
 0001:00006128       ?root_get_interface_type@RRenderDriver3D@SDL_GL@ui@modules@UModSys@@UEBAPEBUSUniquePointerInfo@core@5@XZ 0000000180007128 f i umodsys_lib_libui:umodsys.mod.ui.SDL_GL.obj
 0001:00006130       ?root_get_other_interface@RRenderDriver3D@SDL_GL@ui@modules@UModSys@@UEBAPEBUIRoot@core@5@PEBUSUniquePointerInfo@75@@Z 0000000180007130 f i umodsys_lib_libui:umodsys.mod.ui.SDL_GL.obj
 0001:00006130       ?root_get_other_interface@RRenderDriver3D@SDL_GL@ui@modules@UModSys@@UEAAPEAUIRoot@core@5@PEBUSUniquePointerInfo@75@@Z 0000000180007130 f i umodsys_lib_libui:umodsys.mod.ui.SDL_GL.obj
 0001:00006168       ?root_is_interface_supported@RRenderDriver3D@SDL_GL@ui@modules@UModSys@@UEBA_NPEBUSUniquePointerInfo@core@5@@Z 0000000180007168 f i umodsys_lib_libui:umodsys.mod.ui.SDL_GL.obj
 0001:000061a0       ?ref_remove@RRenderDriver2D@SDL_core@ui@modules@UModSys@@UEBAXXZ 00000001800071a0 f i umodsys_lib_libui:umodsys.mod.ui.SDL_core.obj
 0001:000061a0       ?ref_remove@RMouseController@SDL_core@ui@modules@UModSys@@UEBAXXZ 00000001800071a0 f i umodsys_lib_libui:umodsys.mod.ui.SDL_core.obj
 0001:000061a0       ?ref_remove@RMouseController@SDL_GL@ui@modules@UModSys@@UEBAXXZ 00000001800071a0 f i umodsys_lib_libui:umodsys.mod.ui.SDL_GL.obj
 0001:000061a0       ?ref_remove@RKeyboardController@SDL_GL@ui@modules@UModSys@@UEBAXXZ 00000001800071a0 f i umodsys_lib_libui:umodsys.mod.ui.SDL_GL.obj
 0001:000061a0       ?ref_remove@RRenderDriver3D@SDL_GL@ui@modules@UModSys@@UEBAXXZ 00000001800071a0 f i umodsys_lib_libui:umodsys.mod.ui.SDL_GL.obj
 0001:000061a0       ?ref_remove@RKeyboardController@SDL_core@ui@modules@UModSys@@UEBAXXZ 00000001800071a0 f i umodsys_lib_libui:umodsys.mod.ui.SDL_core.obj
 0001:000061ac       ?NextPhmV@RRenderDriver3D@SDL_GL@ui@modules@UModSys@@QEAA_NW4ePhaseMode@2345@@Z 00000001800071ac f i umodsys_lib_libui:umodsys.mod.ui.SDL_GL.obj
 0001:00006238       ?root_get_interface_info@RTerminalX@SDL_GL@ui@modules@UModSys@@UEBAAEBUSUniquePointerInfo@core@5@XZ 0000000180007238 f i umodsys_lib_libui:umodsys.mod.ui.SDL_GL.obj
 0001:00006240       ?root_get_interface_type@RTerminalX@SDL_GL@ui@modules@UModSys@@UEBAPEBUSUniquePointerInfo@core@5@XZ 0000000180007240 f i umodsys_lib_libui:umodsys.mod.ui.SDL_GL.obj
 0001:00006248       ?root_get_other_interface@RTerminalX@SDL_GL@ui@modules@UModSys@@UEAAPEAUIRoot@core@5@PEBUSUniquePointerInfo@75@@Z 0000000180007248 f i umodsys_lib_libui:umodsys.mod.ui.SDL_GL.obj
 0001:00006248       ?root_get_other_interface@RTerminalX@SDL_GL@ui@modules@UModSys@@UEBAPEBUIRoot@core@5@PEBUSUniquePointerInfo@75@@Z 0000000180007248 f i umodsys_lib_libui:umodsys.mod.ui.SDL_GL.obj
 0001:00006278       ?root_is_interface_supported@RTerminalX@SDL_GL@ui@modules@UModSys@@UEBA_NPEBUSUniquePointerInfo@core@5@@Z 0000000180007278 f i umodsys_lib_libui:umodsys.mod.ui.SDL_GL.obj
 0001:000062b0       ?root_get_interface_info@RVertexArray@SDL_GL@ui@modules@UModSys@@UEBAAEBUSUniquePointerInfo@core@5@XZ 00000001800072b0 f i umodsys_lib_libui:umodsys.mod.ui.SDL_GL.obj
 0001:000062b8       ?root_get_interface_type@RVertexArray@SDL_GL@ui@modules@UModSys@@UEBAPEBUSUniquePointerInfo@core@5@XZ 00000001800072b8 f i umodsys_lib_libui:umodsys.mod.ui.SDL_GL.obj
 0001:000062c0       ?root_get_other_interface@RVertexArray@SDL_GL@ui@modules@UModSys@@UEAAPEAUIRoot@core@5@PEBUSUniquePointerInfo@75@@Z 00000001800072c0 f i umodsys_lib_libui:umodsys.mod.ui.SDL_GL.obj
 0001:000062c0       ?root_get_other_interface@RVertexArray@SDL_GL@ui@modules@UModSys@@UEBAPEBUIRoot@core@5@PEBUSUniquePointerInfo@75@@Z 00000001800072c0 f i umodsys_lib_libui:umodsys.mod.ui.SDL_GL.obj
 0001:000062f0       ?root_is_interface_supported@RVertexArray@SDL_GL@ui@modules@UModSys@@UEBA_NPEBUSUniquePointerInfo@core@5@@Z 00000001800072f0 f i umodsys_lib_libui:umodsys.mod.ui.SDL_GL.obj
 0001:00006320       ?suicide@RDialog@frames@ui@modules@UModSys@@UEAAXXZ 0000000180007320 f i umodsys_lib_libui:umodsys.mod.ui.frames.obj
 0001:00006320       ?suicide@RVertexArray@SDL_GL@ui@modules@UModSys@@UEAAXXZ 0000000180007320 f i umodsys_lib_libui:umodsys.mod.ui.SDL_GL.obj
 0001:00006320       ?suicide@RMultiImage2D_SDL_ttf@SDL_core@ui@modules@UModSys@@UEAAXXZ 0000000180007320 f i umodsys_lib_libui:umodsys.mod.ui.SDL_core.obj
 0001:00006320       ?suicide@RMultiImage2D_SDL_ttf@SDL_GL@ui@modules@UModSys@@UEAAXXZ 0000000180007320 f i umodsys_lib_libui:umodsys.mod.ui.SDL_GL.obj
 0001:00006364       ?get_generated_names@RGenerator@SDL_GL@ui@modules@UModSys@@UEBAHAEAUSUniquePtrList@core@5@@Z 0000000180007364 f i umodsys_lib_libui:umodsys.mod.ui.SDL_GL.obj
 0001:00006384       ?get_generated_types@RGenerator@SDL_GL@ui@modules@UModSys@@UEBAHAEAUSUniquePtrList@core@5@PEBUSUniquePointerInfo@75@@Z 0000000180007384 f i umodsys_lib_libui:umodsys.mod.ui.SDL_GL.obj
 0001:000063ec       ?generate@RGenerator@SDL_GL@ui@modules@UModSys@@UEAA_NAEAU?$TRefObject@UIRefObject@core@UModSys@@U?$TRefObjectFunc@UIRefObject@core@UModSys@@@tl@3@@tl@5@PEBUSUniquePointerInfo@core@5@AEBUSParameters@95@@Z 00000001800073ec f i umodsys_lib_libui:umodsys.mod.ui.SDL_GL.obj
 0001:000064cc       ?root_get_interface_info@RGenerator@SDL_GL@ui@modules@UModSys@@UEBAAEBUSUniquePointerInfo@core@5@XZ 00000001800074cc f i umodsys_lib_libui:umodsys.mod.ui.SDL_GL.obj
 0001:000064d4       ?root_get_interface_type@RGenerator@SDL_GL@ui@modules@UModSys@@UEBAPEBUSUniquePointerInfo@core@5@XZ 00000001800074d4 f i umodsys_lib_libui:umodsys.mod.ui.SDL_GL.obj
 0001:000064dc       ?root_get_other_interface@RGenerator@SDL_GL@ui@modules@UModSys@@UEAAPEAUIRoot@core@5@PEBUSUniquePointerInfo@75@@Z 00000001800074dc f i umodsys_lib_libui:umodsys.mod.ui.SDL_GL.obj
 0001:000064dc       ?root_get_other_interface@RGenerator@SDL_GL@ui@modules@UModSys@@UEBAPEBUIRoot@core@5@PEBUSUniquePointerInfo@75@@Z 00000001800074dc f i umodsys_lib_libui:umodsys.mod.ui.SDL_GL.obj
 0001:00006514       ?root_is_interface_supported@RGenerator@SDL_GL@ui@modules@UModSys@@UEBA_NPEBUSUniquePointerInfo@core@5@@Z 0000000180007514 f i umodsys_lib_libui:umodsys.mod.ui.SDL_GL.obj
 0001:0000654c       ?get_uid@RGenerator@SDL_GL@ui@modules@UModSys@@UEBAPEBUSUniquePointerInfo@core@5@XZ 000000018000754c f i umodsys_lib_libui:umodsys.mod.ui.SDL_GL.obj
 0001:00006554       ??1SWindow@SDL_GL@ui@modules@UModSys@@QEAA@XZ 0000000180007554 f   umodsys_lib_libui:umodsys.mod.ui.SDL_GL.obj
 0001:00006554       ??1SWindow@SDL_core@ui@modules@UModSys@@QEAA@XZ 0000000180007554 f   umodsys_lib_libui:umodsys.mod.ui.SDL_core.obj
 0001:00006578       ??_ERKeyboardController@SDL_GL@ui@modules@UModSys@@UEAAPEAXI@Z 0000000180007578 f i  CIL library: CIL module
 0001:00006578       ??_GRKeyboardController@SDL_GL@ui@modules@UModSys@@UEAAPEAXI@Z 0000000180007578 f i umodsys_lib_libui:umodsys.mod.ui.SDL_GL.obj
 0001:000065a8       ??1RKeyboardController@SDL_GL@ui@modules@UModSys@@UEAA@XZ 00000001800075a8 f   umodsys_lib_libui:umodsys.mod.ui.SDL_GL.obj
 0001:000065f0       ?process@RKeyboardController@SDL_core@ui@modules@UModSys@@QEAA_NAEAUSDL_TextInputEvent@@@Z 00000001800075f0 f   umodsys_lib_libui:umodsys.mod.ui.SDL_core.obj
 0001:000065f0       ?process@RKeyboardController@SDL_GL@ui@modules@UModSys@@QEAA_NAEAUSDL_TextInputEvent@@@Z 00000001800075f0 f   umodsys_lib_libui:umodsys.mod.ui.SDL_GL.obj
 0001:000066c4       ?key_link@RKeyboardController@SDL_GL@ui@modules@UModSys@@UEAA_NHPEAUIRefObject@core@5@PEAUIKeyboardClient@libui@5@@Z 00000001800076c4 f   umodsys_lib_libui:umodsys.mod.ui.SDL_GL.obj
 0001:000066c4       ?key_link@RKeyboardController@SDL_core@ui@modules@UModSys@@UEAA_NHPEAUIRefObject@core@5@PEAUIKeyboardClient@libui@5@@Z 00000001800076c4 f   umodsys_lib_libui:umodsys.mod.ui.SDL_core.obj
 0001:0000672c       ?key_setvisible@RKeyboardController@SDL_core@ui@modules@UModSys@@UEAA_N_N@Z 000000018000772c f   umodsys_lib_libui:umodsys.mod.ui.SDL_core.obj
 0001:0000672c       ?key_setvisible@RKeyboardController@SDL_GL@ui@modules@UModSys@@UEAA_N_N@Z 000000018000772c f   umodsys_lib_libui:umodsys.mod.ui.SDL_GL.obj
 0001:00006748       ??_ERMouseController@SDL_GL@ui@modules@UModSys@@UEAAPEAXI@Z 0000000180007748 f i  CIL library: CIL module
 0001:00006748       ??_GRMouseController@SDL_GL@ui@modules@UModSys@@UEAAPEAXI@Z 0000000180007748 f i umodsys_lib_libui:umodsys.mod.ui.SDL_GL.obj
 0001:00006778       ??1ICollector@libui@UModSys@@UEAA@XZ 0000000180007778 f i umodsys_lib_libui:umodsys.mod.ui.frames.obj
 0001:00006778       ??1IDialog@libui@UModSys@@UEAA@XZ 0000000180007778 f i umodsys_lib_libui:umodsys.mod.ui.frames.obj
 0001:00006778       ??1IImageFactory@lib2d@UModSys@@UEAA@XZ 0000000180007778 f i umodsys_lib_lib2d:umodsys.mod.2d.stdlib.obj
 0001:00006778       ??1IFrame@libui@UModSys@@UEAA@XZ 0000000180007778 f i umodsys_lib_libui:umodsys.mod.ui.frames.obj
 0001:00006778       ??1IRenderDriver@lib3d@UModSys@@UEAA@XZ 0000000180007778 f i umodsys_lib_libui:umodsys.mod.ui.SDL_GL.obj
 0001:00006778       ??1IKeyboardController@libui@UModSys@@UEAA@XZ 0000000180007778 f i umodsys_lib_libui:umodsys.mod.ui.SDL_GL.obj
 0001:00006778       ??1IMouseController@libui@UModSys@@UEAA@XZ 0000000180007778 f i umodsys_lib_libui:umodsys.mod.ui.SDL_GL.obj
 0001:00006778       ??1IClient@IBinArchiveFrame@libmedia@UModSys@@UEAA@XZ 0000000180007778 f i umodsys_lib_libmedia:umodsys.mod.media.zlib.obj
 0001:00006778       ??1ISerializeReader@libmedia@UModSys@@UEAA@XZ 0000000180007778 f i umodsys_lib_libmedia:umodsys.mod.media.serialize_json.obj
 0001:00006778       ??1IRefObject@core@UModSys@@UEAA@XZ 0000000180007778 f i umodsys_lib_core:umodsys.core.objects.obj
 0001:00006778       ??1ITerminal@libui@UModSys@@UEAA@XZ 0000000180007778 f i umodsys_lib_libui:umodsys.mod.ui.SDL_GL.obj
 0001:00006778       ??1IImage@lib2d@UModSys@@UEAA@XZ 0000000180007778 f i umodsys_lib_lib2d:umodsys.mod.2d.stdlib.obj
 0001:00006778       ??1IRenderDriver@lib2d@UModSys@@UEAA@XZ 0000000180007778 f i umodsys_lib_libui:umodsys.mod.ui.SDL_GL.obj
 0001:00006778       ??1ISerializeWriter@libmedia@UModSys@@UEAA@XZ 0000000180007778 f i umodsys_lib_libmedia:umodsys.mod.media.serialize_json.obj
 0001:00006778       ??1IVertexArray@lib3d@UModSys@@UEAA@XZ 0000000180007778 f i umodsys_lib_libui:umodsys.mod.ui.SDL_GL.obj
 0001:00006778       ??1IShell@base@UModSys@@UEAA@XZ 0000000180007778 f i plugin_test1.obj
 0001:00006778       ??1IMultiImage@lib2d@UModSys@@UEAA@XZ 0000000180007778 f i umodsys_lib_lib2d:umodsys.mod.2d.stdlib.obj
 0001:00006784       ??1RMouseController@SDL_GL@ui@modules@UModSys@@UEAA@XZ 0000000180007784 f   umodsys_lib_libui:umodsys.mod.ui.SDL_GL.obj
 0001:000067cc       ?process@RMouseController@SDL_core@ui@modules@UModSys@@QEAA_NAEAUSDL_MouseButtonEvent@@@Z 00000001800077cc f   umodsys_lib_libui:umodsys.mod.ui.SDL_core.obj
 0001:000067cc       ?process@RMouseController@SDL_GL@ui@modules@UModSys@@QEAA_NAEAUSDL_MouseButtonEvent@@@Z 00000001800077cc f   umodsys_lib_libui:umodsys.mod.ui.SDL_GL.obj
 0001:000068f8       ?process@RMouseController@SDL_core@ui@modules@UModSys@@QEAA_NAEAUSDL_MouseWheelEvent@@@Z 00000001800078f8 f   umodsys_lib_libui:umodsys.mod.ui.SDL_core.obj
 0001:000068f8       ?process@RMouseController@SDL_GL@ui@modules@UModSys@@QEAA_NAEAUSDL_MouseWheelEvent@@@Z 00000001800078f8 f   umodsys_lib_libui:umodsys.mod.ui.SDL_GL.obj
 0001:000069e8       ?mouse_link@RMouseController@SDL_core@ui@modules@UModSys@@UEAA_NHPEAUIRefObject@core@5@PEAUIMouseClient@libui@5@H@Z 00000001800079e8 f   umodsys_lib_libui:umodsys.mod.ui.SDL_core.obj
 0001:000069e8       ?mouse_link@RMouseController@SDL_GL@ui@modules@UModSys@@UEAA_NHPEAUIRefObject@core@5@PEAUIMouseClient@libui@5@H@Z 00000001800079e8 f   umodsys_lib_libui:umodsys.mod.ui.SDL_GL.obj
 0001:00006a58       ??_ERTerminal@SDL_GL@ui@modules@UModSys@@UEAAPEAXI@Z 0000000180007a58 f i  CIL library: CIL module
 0001:00006a58       ??_GRTerminal@SDL_GL@ui@modules@UModSys@@UEAAPEAXI@Z 0000000180007a58 f i umodsys_lib_libui:umodsys.mod.ui.SDL_GL.obj
 0001:00006a88       ??1RTerminal@SDL_GL@ui@modules@UModSys@@UEAA@XZ 0000000180007a88 f   umodsys_lib_libui:umodsys.mod.ui.SDL_GL.obj
 0001:00006ad8       ?get_clock@RTerminal@SDL_core@ui@modules@UModSys@@UEAANXZ 0000000180007ad8 f   umodsys_lib_libui:umodsys.mod.ui.SDL_core.obj
 0001:00006ad8       ?get_clock@RTerminal@SDL_GL@ui@modules@UModSys@@UEAANXZ 0000000180007ad8 f   umodsys_lib_libui:umodsys.mod.ui.SDL_GL.obj
 0001:00006af4       ?create_handler@RTerminal@SDL_core@ui@modules@UModSys@@UEAA_NPEBUSUniquePointerInfo@core@5@AEAU?$TRefObject@UIRefObject@core@UModSys@@U?$TRefObjectFunc@UIRefObject@core@UModSys@@@tl@3@@tl@5@PEBDPEBUSParameters@75@@Z 0000000180007af4 f   umodsys_lib_libui:umodsys.mod.ui.SDL_core.obj
 0001:00006af4       ?create_handler@RTerminal@SDL_GL@ui@modules@UModSys@@UEAA_NPEBUSUniquePointerInfo@core@5@AEAU?$TRefObject@UIRefObject@core@UModSys@@U?$TRefObjectFunc@UIRefObject@core@UModSys@@@tl@3@@tl@5@PEBDPEBUSParameters@75@@Z 0000000180007af4 f   umodsys_lib_libui:umodsys.mod.ui.SDL_GL.obj
 0001:00006b8c       ??0RMultiImage2D_SDL_ttf@SDL_GL@ui@modules@UModSys@@QEAA@PEAURRenderDriver3D@1234@AEBUSParameters@core@4@@Z 0000000180007b8c f   umodsys_lib_libui:umodsys.mod.ui.SDL_GL.obj
 0001:00006cd0       ??_GRMultiImage2D_SDL_ttf@SDL_GL@ui@modules@UModSys@@UEAAPEAXI@Z 0000000180007cd0 f i umodsys_lib_libui:umodsys.mod.ui.SDL_GL.obj
 0001:00006cd0       ??_ERMultiImage2D_SDL_ttf@SDL_GL@ui@modules@UModSys@@UEAAPEAXI@Z 0000000180007cd0 f i  CIL library: CIL module
 0001:00006d48       ?generate_glyphs@RMultiImage2D_SDL_ttf@SDL_GL@ui@modules@UModSys@@QEAA_NXZ 0000000180007d48 f   umodsys_lib_libui:umodsys.mod.ui.SDL_GL.obj
 0001:00006f08       ?set_flags@SGLFuncs@SDL_GL@ui@modules@UModSys@@QEBAXPEBUTextureInfo@12345@AEBUSRenderMapFlags@lib3d@5@@Z 0000000180007f08 f i umodsys_lib_libui:umodsys.mod.ui.SDL_GL.obj
 0001:00006ffc       ??1STextureGL@SDL_GL@ui@modules@UModSys@@QEAA@XZ 0000000180007ffc f   umodsys_lib_libui:umodsys.mod.ui.SDL_GL.obj
 0001:00007084       ?gen@STextureGL@SDL_GL@ui@modules@UModSys@@QEAA_NXZ 0000000180008084 f   umodsys_lib_libui:umodsys.mod.ui.SDL_GL.obj
 0001:000070e0       ?set_size@STextureGL@SDL_GL@ui@modules@UModSys@@QEAAXHH@Z 00000001800080e0 f   umodsys_lib_libui:umodsys.mod.ui.SDL_GL.obj
 0001:000071b4       ?reupload@STextureGL@SDL_GL@ui@modules@UModSys@@QEAA_NXZ 00000001800081b4 f   umodsys_lib_libui:umodsys.mod.ui.SDL_GL.obj
 0001:00007270       ?upload@STextureGL@SDL_GL@ui@modules@UModSys@@QEAA_NXZ 0000000180008270 f   umodsys_lib_libui:umodsys.mod.ui.SDL_GL.obj
 0001:000073e4       ?set_reallocate@STextureGL@SDL_GL@ui@modules@UModSys@@QEAA_NW4eImageType@lib2d@5@HHPEBD@Z 00000001800083e4 f   umodsys_lib_libui:umodsys.mod.ui.SDL_GL.obj
 0001:000074e0       ?new_texture@RMultiImage2D_SDL_ttf@SDL_GL@ui@modules@UModSys@@SA_NAEAUSTextureGL@2345@PEAUSDL_Surface@@PEAURRenderDriver3D@2345@@Z 00000001800084e0 f   umodsys_lib_libui:umodsys.mod.ui.SDL_GL.obj
 0001:000075a0       ??0RRenderDriver3D@SDL_GL@ui@modules@UModSys@@QEAA@PEAURTerminalX@1234@@Z 00000001800085a0 f   umodsys_lib_libui:umodsys.mod.ui.SDL_GL.obj
 0001:00007794       ??_ERRenderDriver3D@SDL_GL@ui@modules@UModSys@@UEAAPEAXI@Z 0000000180008794 f i  CIL library: CIL module
 0001:00007794       ??_GRRenderDriver3D@SDL_GL@ui@modules@UModSys@@UEAAPEAXI@Z 0000000180008794 f i umodsys_lib_libui:umodsys.mod.ui.SDL_GL.obj
 0001:000077c4       ??1RRenderDriver3D@SDL_GL@ui@modules@UModSys@@UEAA@XZ 00000001800087c4 f   umodsys_lib_libui:umodsys.mod.ui.SDL_GL.obj
 0001:0000787c       ?Close@RRenderDriver3D@SDL_GL@ui@modules@UModSys@@QEAAXXZ 000000018000887c f   umodsys_lib_libui:umodsys.mod.ui.SDL_GL.obj
 0001:000078b8       ?Open@RRenderDriver3D@SDL_GL@ui@modules@UModSys@@QEAA_NAEBUSParameters@core@5@@Z 00000001800088b8 f   umodsys_lib_libui:umodsys.mod.ui.SDL_GL.obj
 0001:00007af4       ?new_font@RRenderDriver3D@SDL_GL@ui@modules@UModSys@@UEAA?AU?$TRefObject@UIMultiImage@lib2d@UModSys@@U?$TRefObjectFunc@UIMultiImage@lib2d@UModSys@@@tl@3@@tl@5@AEBUSParameters@core@5@AEBU?$TString@U?$TSCoreConst@D@su@tl@UModSys@@U?$TComparerBinaryHash@D@234@@75@@Z 0000000180008af4 f   umodsys_lib_libui:umodsys.mod.ui.SDL_GL.obj
 0001:00007c7c       ?register_tex@RRenderDriver3D@SDL_GL@ui@modules@UModSys@@UEAA?AU?$TRefObject@UITexture@lib3d@UModSys@@U?$TRefObjectFunc@UITexture@lib3d@UModSys@@@tl@3@@tl@5@PEAUILibrary@libmedia@5@AEBU?$TString@U?$TSCoreConst@D@su@tl@UModSys@@U?$TComparerBinaryHash@D@234@@75@AEBUSRenderMapFlags@lib3d@5@@Z 0000000180008c7c f   umodsys_lib_libui:umodsys.mod.ui.SDL_GL.obj
 0001:00007c7c       ?register_tex@RRenderDriver3D@SDL_GL@ui@modules@UModSys@@UEAA?AU?$TRefObject@UITexture@lib3d@UModSys@@U?$TRefObjectFunc@UITexture@lib3d@UModSys@@@tl@3@@tl@5@AEBU?$TVector2@H@math3d@5@AEBUSRenderMapFlags@lib3d@5@W4eImageType@lib2d@5@@Z 0000000180008c7c f   umodsys_lib_libui:umodsys.mod.ui.SDL_GL.obj
 0001:00007c7c       ?data_writer@RBinArchiveFrameClient_ZIP@zlib@media@modules@UModSys@@UEAA?AU?$TRefObject@UIStreamWriter@libmedia@UModSys@@U?$TRefObjectFunc@UIStreamWriter@libmedia@UModSys@@@tl@3@@tl@5@PEAUIBinArchiveFrame@libmedia@5@AEBU?$TString@U?$TSCoreConst@D@su@tl@UModSys@@U?$TComparerBinaryHash@D@234@@75@AEBUSFlags@95@@Z 0000000180008c7c f   umodsys_lib_libmedia:umodsys.mod.media.zlib.obj
 0001:00007c7c       ?new_picture@RRenderDriver3D@SDL_GL@ui@modules@UModSys@@UEAA?AU?$TRefObject@UIImage@lib2d@UModSys@@U?$TRefObjectFunc@UIImage@lib2d@UModSys@@@tl@3@@tl@5@AEBUSParameters@core@5@AEBU?$TString@U?$TSCoreConst@D@su@tl@UModSys@@U?$TComparerBinaryHash@D@234@@75@@Z 0000000180008c7c f   umodsys_lib_libui:umodsys.mod.ui.SDL_GL.obj
 0001:00007c7c       ?register_texcells@RRenderDriver3D@SDL_GL@ui@modules@UModSys@@UEAA?AU?$TRefObject@UITextureCells@lib3d@UModSys@@U?$TRefObjectFunc@UITextureCells@lib3d@UModSys@@@tl@3@@tl@5@PEAUILibrary@libmedia@5@AEBU?$TString@U?$TSCoreConst@D@su@tl@UModSys@@U?$TComparerBinaryHash@D@234@@75@AEBUSRenderMapFlags@lib3d@5@@Z 0000000180008c7c f   umodsys_lib_libui:umodsys.mod.ui.SDL_GL.obj
 0001:00007c7c       ?new_picture@RRenderDriver2D@SDL_core@ui@modules@UModSys@@UEAA?AU?$TRefObject@UIImage@lib2d@UModSys@@U?$TRefObjectFunc@UIImage@lib2d@UModSys@@@tl@3@@tl@5@AEBUSParameters@core@5@AEBU?$TString@U?$TSCoreConst@D@su@tl@UModSys@@U?$TComparerBinaryHash@D@234@@75@@Z 0000000180008c7c f   umodsys_lib_libui:umodsys.mod.ui.SDL_core.obj
 0001:00007c8c       ?get_max_values@RRenderDriver3D@SDL_GL@ui@modules@UModSys@@UEBAPEBUSParameters@core@5@XZ 0000000180008c8c f   umodsys_lib_libui:umodsys.mod.ui.SDL_GL.obj
 0001:00007c94       ?get_frame_values@RRenderDriver3D@SDL_GL@ui@modules@UModSys@@UEBAPEBUSParameters@core@5@XZ 0000000180008c94 f   umodsys_lib_libui:umodsys.mod.ui.SDL_GL.obj
 0001:00007c9c       ?key_setmodifier@RKeyboardController@SDL_GL@ui@modules@UModSys@@UEAA_NHHH@Z 0000000180008c9c f   umodsys_lib_libui:umodsys.mod.ui.SDL_GL.obj
 0001:00007c9c       ?set_parameters@RRenderDriver3D@SDL_GL@ui@modules@UModSys@@UEAA_NPEBDAEBUSParameters@core@5@@Z 0000000180008c9c f   umodsys_lib_libui:umodsys.mod.ui.SDL_GL.obj
 0001:00007c9c       ?set_parameters@RRenderDriver2D@SDL_core@ui@modules@UModSys@@UEAA_NPEBDAEBUSParameters@core@5@@Z 0000000180008c9c f   umodsys_lib_libui:umodsys.mod.ui.SDL_core.obj
 0001:00007c9c       ?driver_is_reset@RRenderDriver3D@SDL_GL@ui@modules@UModSys@@UEAA_NXZ 0000000180008c9c f   umodsys_lib_libui:umodsys.mod.ui.SDL_GL.obj
 0001:00007c9c       ?filter_load@RMediaFilter@images_std@media@modules@UModSys@@UEAA_NAEBUSInfo@IBinObjFilter@libmedia@5@AEAU?$TRefObject@UIRefObject@core@UModSys@@U?$TRefObjectFunc@UIRefObject@core@UModSys@@@tl@3@@tl@5@@Z 0000000180008c9c f   umodsys_lib_libmedia:umodsys.mod.media.images_std.obj
 0001:00007c9c       ?mouse_reset@RMouseController@SDL_core@ui@modules@UModSys@@UEAA_NXZ 0000000180008c9c f   umodsys_lib_libui:umodsys.mod.ui.SDL_core.obj
 0001:00007c9c       ?get_cell@RMultiImage2D_SDL_ttf@SDL_core@ui@modules@UModSys@@UEBA_NIAEAUSImageCellInfo@lib2d@5@@Z 0000000180008c9c f   umodsys_lib_libui:umodsys.mod.ui.SDL_core.obj
 0001:00007c9c       ?set_hint@RMultiImage2D_SDL_ttf@SDL_GL@ui@modules@UModSys@@UEAA_NPEBD0@Z 0000000180008c9c f   umodsys_lib_libui:umodsys.mod.ui.SDL_GL.obj
 0001:00007c9c       ?map_2d_to_3d@RRenderDriver3D@SDL_GL@ui@modules@UModSys@@UEAA_NAEAU?$TVector3@N@math3d@5@AEBU?$TVector2@H@75@@Z 0000000180008c9c f   umodsys_lib_libui:umodsys.mod.ui.SDL_GL.obj
 0001:00007c9c       ?mouse_setposition@RMouseController@SDL_core@ui@modules@UModSys@@UEAA_NHH@Z 0000000180008c9c f   umodsys_lib_libui:umodsys.mod.ui.SDL_core.obj
 0001:00007c9c       ?key_reset@RKeyboardController@SDL_GL@ui@modules@UModSys@@UEAA_NXZ 0000000180008c9c f   umodsys_lib_libui:umodsys.mod.ui.SDL_GL.obj
 0001:00007c9c       ?key_setrepeat@RKeyboardController@SDL_core@ui@modules@UModSys@@UEAA_NMM@Z 0000000180008c9c f   umodsys_lib_libui:umodsys.mod.ui.SDL_core.obj
 0001:00007c9c       ?command_draw@RTest1_Shell@test1@test@modules@UModSys@@UEAA_NAEBUSController@libui@5@PEAUIRenderDriver@lib2d@5@AEBU?$TBoundBox2@H@math3d@5@@Z 0000000180008c9c f   plugin_test1.obj
 0001:00007c9c       ?set_hint@RMultiImage@stdlib@lib2d@modules@UModSys@@UEAA_NPEBD0@Z 0000000180008c9c f   umodsys_lib_lib2d:umodsys.mod.2d.stdlib.obj
 0001:00007c9c       ?output_attach_3d@RCollector@frames@ui@modules@UModSys@@UEAA_NPEAUIRenderDriver@lib3d@5@H@Z 0000000180008c9c f   umodsys_lib_libui:umodsys.mod.ui.frames.obj
 0001:00007c9c       ?get_minsize@RCollector@frames@ui@modules@UModSys@@UEAA_NAEAU?$TVector2@H@math3d@5@@Z 0000000180008c9c f   umodsys_lib_libui:umodsys.mod.ui.frames.obj
 0001:00007c9c       ?set_repeater@RFrame_Common@frames@ui@modules@UModSys@@UEAA_NHH@Z 0000000180008c9c f   umodsys_lib_libui:umodsys.mod.ui.frames.obj
 0001:00007c9c       ?mouse_event@RFrame_Common@frames@ui@modules@UModSys@@MEAA_NPEBUSMouseInput@libui@5@@Z 0000000180008c9c f   umodsys_lib_libui:umodsys.mod.ui.frames.obj
 0001:00007c9c       ?setup_state@RRenderDriver3D@SDL_GL@ui@modules@UModSys@@UEAA_NAEBUSRenderState@lib3d@5@@Z 0000000180008c9c f   umodsys_lib_libui:umodsys.mod.ui.SDL_GL.obj
 0001:00007c9c       ?set_insize@RFrame_Common@frames@ui@modules@UModSys@@UEAA_NAEBU?$TVector2@H@math3d@5@@Z 0000000180008c9c f   umodsys_lib_libui:umodsys.mod.ui.frames.obj
 0001:00007c9c       ?map_3d_to_2d@RRenderDriver3D@SDL_GL@ui@modules@UModSys@@UEAA_NAEAU?$TVector2@H@math3d@5@AEBU?$TVector3@N@75@@Z 0000000180008c9c f   umodsys_lib_libui:umodsys.mod.ui.SDL_GL.obj
 0001:00007c9c       ?key_setmodifier@RKeyboardController@SDL_core@ui@modules@UModSys@@UEAA_NHHH@Z 0000000180008c9c f   umodsys_lib_libui:umodsys.mod.ui.SDL_core.obj
 0001:00007c9c       ?arc_deinit@RBinArchiveFrameClient_ZIP@zlib@media@modules@UModSys@@UEAA_NPEAUIBinArchiveFrame@libmedia@5@@Z 0000000180008c9c f   umodsys_lib_libmedia:umodsys.mod.media.zlib.obj
 0001:00007c9c       ?map_3d_to_2d@RRenderDriver3D@SDL_GL@ui@modules@UModSys@@UEAA_NAEAU?$TVector2@H@math3d@5@AEBU?$TVector2@M@75@@Z 0000000180008c9c f   umodsys_lib_libui:umodsys.mod.ui.SDL_GL.obj
 0001:00007c9c       ?setup_array_none@RRenderDriver3D@SDL_GL@ui@modules@UModSys@@UEAA_NXZ 0000000180008c9c f   umodsys_lib_libui:umodsys.mod.ui.SDL_GL.obj
 0001:00007c9c       ?get_maxbox@RCollector@frames@ui@modules@UModSys@@UEAA_NAEAU?$TBoundBox2@H@math3d@5@@Z 0000000180008c9c f   umodsys_lib_libui:umodsys.mod.ui.frames.obj
 0001:00007c9c       ?key_setrepeat@RKeyboardController@SDL_GL@ui@modules@UModSys@@UEAA_NMM@Z 0000000180008c9c f   umodsys_lib_libui:umodsys.mod.ui.SDL_GL.obj
 0001:00007c9c       ?mouse_setvisible@RMouseController@SDL_GL@ui@modules@UModSys@@UEAA_N_N@Z 0000000180008c9c f   umodsys_lib_libui:umodsys.mod.ui.SDL_GL.obj
 0001:00007c9c       ?set_layer_count@RMultiImage2D_SDL_ttf@SDL_core@ui@modules@UModSys@@UEAA_NG@Z 0000000180008c9c f   umodsys_lib_libui:umodsys.mod.ui.SDL_core.obj
 0001:00007c9c       ?setup_setlight@RRenderDriver3D@SDL_GL@ui@modules@UModSys@@UEAA_NHW4eLightType@lib3d@5@AEBUSLight@75@AEBU?$TMatrix44@N@math3d@5@@Z 0000000180008c9c f   umodsys_lib_libui:umodsys.mod.ui.SDL_GL.obj
 0001:00007c9c       ?setup_fixed_cell@RMultiImage2D_SDL_ttf@SDL_GL@ui@modules@UModSys@@UEAA_NHH@Z 0000000180008c9c f   umodsys_lib_libui:umodsys.mod.ui.SDL_GL.obj
 0001:00007c9c       ?key_event@RFrame_Common@frames@ui@modules@UModSys@@MEAA_NAEBUSKeyboardInputRaw@libui@5@@Z 0000000180008c9c f   umodsys_lib_libui:umodsys.mod.ui.frames.obj
 0001:00007c9c       ?set_layer_count@RMultiImage2D_SDL_ttf@SDL_GL@ui@modules@UModSys@@UEAA_NG@Z 0000000180008c9c f   umodsys_lib_libui:umodsys.mod.ui.SDL_GL.obj
 0001:00007c9c       ?setup_variable_cell@RMultiImage2D_SDL_ttf@SDL_GL@ui@modules@UModSys@@UEAA_NPEBUSImageCellInfo@lib2d@5@KK@Z 0000000180008c9c f   umodsys_lib_libui:umodsys.mod.ui.SDL_GL.obj
 0001:00007c9c       ?get_cell@RMultiImage2D_SDL_ttf@SDL_GL@ui@modules@UModSys@@UEBA_NIAEAU?$TVector2@H@math3d@5@PEAU675@PEAG@Z 0000000180008c9c f   umodsys_lib_libui:umodsys.mod.ui.SDL_GL.obj
 0001:00007c9c       ?setup_fixed_cell@RMultiImage2D_SDL_ttf@SDL_core@ui@modules@UModSys@@UEAA_NHH@Z 0000000180008c9c f   umodsys_lib_libui:umodsys.mod.ui.SDL_core.obj
 0001:00007c9c       ?setup_clearlights@RRenderDriver3D@SDL_GL@ui@modules@UModSys@@UEAA_NW4eLightType@lib3d@5@_N1@Z 0000000180008c9c f   umodsys_lib_libui:umodsys.mod.ui.SDL_GL.obj
 0001:00007c9c       ?get_cell@RMultiImage2D_SDL_ttf@SDL_GL@ui@modules@UModSys@@UEBA_NIAEAUSImageCellInfo@lib2d@5@@Z 0000000180008c9c f   umodsys_lib_libui:umodsys.mod.ui.SDL_GL.obj
 0001:00007c9c       ?mouse_setvisible@RMouseController@SDL_core@ui@modules@UModSys@@UEAA_N_N@Z 0000000180008c9c f   umodsys_lib_libui:umodsys.mod.ui.SDL_core.obj
 0001:00007c9c       ?key_event@RFrame_Common@frames@ui@modules@UModSys@@MEAA_NAEBUSKeyboardInputText@libui@5@@Z 0000000180008c9c f   umodsys_lib_libui:umodsys.mod.ui.frames.obj
 0001:00007c9c       ?frame_remove@RCollector@frames@ui@modules@UModSys@@UEAA_NPEAUIFrame@libui@5@@Z 0000000180008c9c f   umodsys_lib_libui:umodsys.mod.ui.frames.obj
 0001:00007c9c       ?set_hint@RMultiImage2D_SDL_ttf@SDL_core@ui@modules@UModSys@@UEAA_NPEBD0@Z 0000000180008c9c f   umodsys_lib_libui:umodsys.mod.ui.SDL_core.obj
 0001:00007c9c       ?setup_variable_cell@RMultiImage2D_SDL_ttf@SDL_core@ui@modules@UModSys@@UEAA_NPEBUSImageCellInfo@lib2d@5@KK@Z 0000000180008c9c f   umodsys_lib_libui:umodsys.mod.ui.SDL_core.obj
 0001:00007c9c       ?mouse_setposition@RMouseController@SDL_GL@ui@modules@UModSys@@UEAA_NHH@Z 0000000180008c9c f   umodsys_lib_libui:umodsys.mod.ui.SDL_GL.obj
 0001:00007c9c       ?setup_material@RRenderDriver3D@SDL_GL@ui@modules@UModSys@@UEAA_NPEBUSMaterial@lib3d@5@@Z 0000000180008c9c f   umodsys_lib_libui:umodsys.mod.ui.SDL_GL.obj
 0001:00007c9c       ?key_reset@RKeyboardController@SDL_core@ui@modules@UModSys@@UEAA_NXZ 0000000180008c9c f   umodsys_lib_libui:umodsys.mod.ui.SDL_core.obj
 0001:00007c9c       ?setup_setlight@RRenderDriver3D@SDL_GL@ui@modules@UModSys@@UEAA_NH_N@Z 0000000180008c9c f   umodsys_lib_libui:umodsys.mod.ui.SDL_GL.obj
 0001:00007c9c       ?mouse_reset@RMouseController@SDL_GL@ui@modules@UModSys@@UEAA_NXZ 0000000180008c9c f   umodsys_lib_libui:umodsys.mod.ui.SDL_GL.obj
 0001:00007c9c       ?setup_array@RRenderDriver3D@SDL_GL@ui@modules@UModSys@@UEAA_NPEAUIVertexArray@lib3d@5@W4eVertexClass@75@H@Z 0000000180008c9c f   umodsys_lib_libui:umodsys.mod.ui.SDL_GL.obj
 0001:00007c9c       ?get_cell@RMultiImage2D_SDL_ttf@SDL_core@ui@modules@UModSys@@UEBA_NIAEAU?$TVector2@H@math3d@5@PEAU675@PEAG@Z 0000000180008c9c f   umodsys_lib_libui:umodsys.mod.ui.SDL_core.obj
 0001:00007ca0       ?setup_font@RRenderDriver3D@SDL_GL@ui@modules@UModSys@@UEAA_NPEAUIMultiImage@lib2d@5@PEBU?$TVector2@M@math3d@5@@Z 0000000180008ca0 f   umodsys_lib_libui:umodsys.mod.ui.SDL_GL.obj
 0001:00007d64       ?setup_color@RRenderDriver3D@SDL_GL@ui@modules@UModSys@@UEAAXAEBU?$TVector3@M@math3d@5@@Z 0000000180008d64 f   umodsys_lib_libui:umodsys.mod.ui.SDL_GL.obj
 0001:00007d94       ?setup_color@RRenderDriver3D@SDL_GL@ui@modules@UModSys@@UEAAXAEBU?$TVector3@H@math3d@5@@Z 0000000180008d94 f   umodsys_lib_libui:umodsys.mod.ui.SDL_GL.obj
 0001:00007dec       ?setup_coloralpha@RRenderDriver3D@SDL_GL@ui@modules@UModSys@@UEAAXAEBU?$TVector4@M@math3d@5@H@Z 0000000180008dec f   umodsys_lib_libui:umodsys.mod.ui.SDL_GL.obj
 0001:00007e18       ?setup_coloralpha@RRenderDriver3D@SDL_GL@ui@modules@UModSys@@UEAAXAEBU?$TVector4@H@math3d@5@H@Z 0000000180008e18 f   umodsys_lib_libui:umodsys.mod.ui.SDL_GL.obj
 0001:00007e84       ?setup_blendcolor@RRenderDriver3D@SDL_GL@ui@modules@UModSys@@UEAAXAEBUSBlendColor@lib2d@5@@Z 0000000180008e84 f   umodsys_lib_libui:umodsys.mod.ui.SDL_GL.obj
 0001:00007ef4       ?setup_blendcolor@RRenderDriver3D@SDL_GL@ui@modules@UModSys@@UEAAXAEBUSBlendColorf@lib2d@5@@Z 0000000180008ef4 f   umodsys_lib_libui:umodsys.mod.ui.SDL_GL.obj
 0001:00007f40       ?setup_alpha@RRenderDriver3D@SDL_GL@ui@modules@UModSys@@UEAAXHH@Z 0000000180008f40 f   umodsys_lib_libui:umodsys.mod.ui.SDL_GL.obj
 0001:00007f78       ?setup_alpha@RRenderDriver3D@SDL_GL@ui@modules@UModSys@@UEAAXMH@Z 0000000180008f78 f   umodsys_lib_libui:umodsys.mod.ui.SDL_GL.obj
 0001:00007fa0       ?render_text_advanced@RRenderDriver3D@SDL_GL@ui@modules@UModSys@@UEAA_NAEAUTextInfo@IRenderDriver@lib2d@5@PEBHH@Z 0000000180008fa0 f   umodsys_lib_libui:umodsys.mod.ui.SDL_GL.obj
 0001:0000828c       ?render_box@RRenderDriver3D@SDL_GL@ui@modules@UModSys@@UEAAXAEBU?$TVector2@H@math3d@5@0@Z 000000018000928c f   umodsys_lib_libui:umodsys.mod.ui.SDL_GL.obj
 0001:00008344       ?render_tri@RRenderDriver3D@SDL_GL@ui@modules@UModSys@@UEAAXAEBU?$TVector2@H@math3d@5@00@Z 0000000180009344 f   umodsys_lib_libui:umodsys.mod.ui.SDL_GL.obj
 0001:000083f8       ?render_quad@RRenderDriver3D@SDL_GL@ui@modules@UModSys@@UEAAXAEBU?$TVector2@H@math3d@5@000@Z 00000001800093f8 f   umodsys_lib_libui:umodsys.mod.ui.SDL_GL.obj
 0001:000084c4       ?render_box@RRenderDriver3D@SDL_GL@ui@modules@UModSys@@UEAAXPEAUIImage@lib2d@5@AEBU?$TVector2@H@math3d@5@1AEBU?$TVector2@M@95@2@Z 00000001800094c4 f   umodsys_lib_libui:umodsys.mod.ui.SDL_GL.obj
 0001:00008518       ?render_line@RRenderDriver3D@SDL_GL@ui@modules@UModSys@@UEAAXAEBU?$TVector2@H@math3d@5@0@Z 0000000180009518 f   umodsys_lib_libui:umodsys.mod.ui.SDL_GL.obj
 0001:000085b4       ?render_rect@RRenderDriver3D@SDL_GL@ui@modules@UModSys@@UEAAXAEBU?$TVector2@H@math3d@5@0@Z 00000001800095b4 f   umodsys_lib_libui:umodsys.mod.ui.SDL_GL.obj
 0001:00008698       ?begin@RRenderDriver3D@SDL_GL@ui@modules@UModSys@@UEAAXXZ 0000000180009698 f   umodsys_lib_libui:umodsys.mod.ui.SDL_GL.obj
 0001:000088cc       ?end@RRenderDriver3D@SDL_GL@ui@modules@UModSys@@UEAAXXZ 00000001800098cc f   umodsys_lib_libui:umodsys.mod.ui.SDL_GL.obj
 0001:00008934       ?Mode_2d_begin@RRenderDriver3D@SDL_GL@ui@modules@UModSys@@QEAA_NXZ 0000000180009934 f   umodsys_lib_libui:umodsys.mod.ui.SDL_GL.obj
 0001:00008ad8       ?Mode_2d_end@RRenderDriver3D@SDL_GL@ui@modules@UModSys@@QEAA_NXZ 0000000180009ad8 f   umodsys_lib_libui:umodsys.mod.ui.SDL_GL.obj
 0001:00008b14       ?create_array@RRenderDriver3D@SDL_GL@ui@modules@UModSys@@UEAA?AU?$TRefObject@UIVertexArray@lib3d@UModSys@@U?$TRefObjectFunc@UIVertexArray@lib3d@UModSys@@@tl@3@@tl@5@HQEBUSVertexElemInfo@lib3d@5@H@Z 0000000180009b14 f   umodsys_lib_libui:umodsys.mod.ui.SDL_GL.obj
 0001:00008c48       ?create_array@RRenderDriver3D@SDL_GL@ui@modules@UModSys@@UEAA?AU?$TRefObject@UIVertexArray@lib3d@UModSys@@U?$TRefObjectFunc@UIVertexArray@lib3d@UModSys@@@tl@3@@tl@5@HQEBUSVertexElemInfo@lib3d@5@HPEBX_K@Z 0000000180009c48 f   umodsys_lib_libui:umodsys.mod.ui.SDL_GL.obj
 0001:00008e20       ?map_2d_to_3d@RRenderDriver3D@SDL_GL@ui@modules@UModSys@@UEAA_NAEAU?$TVector2@M@math3d@5@AEBU?$TVector2@H@75@@Z 0000000180009e20 f   umodsys_lib_libui:umodsys.mod.ui.SDL_GL.obj
 0001:00008ed8       ?SetT@RRenderDriver3D@SDL_GL@ui@modules@UModSys@@QEAAXAEBU?$TMatrix44@N@math3d@5@_N@Z 0000000180009ed8 f   umodsys_lib_libui:umodsys.mod.ui.SDL_GL.obj
 0001:000090d0       ?SetFrustum@RRenderDriver3D@SDL_GL@ui@modules@UModSys@@QEAA_NAEBU?$TVector3@N@math3d@5@NNNN_N@Z 000000018000a0d0 f   umodsys_lib_libui:umodsys.mod.ui.SDL_GL.obj
 0001:000091fc       ?camera_ortho@RRenderDriver3D@SDL_GL@ui@modules@UModSys@@UEAA_NAEBU?$TVector3@N@math3d@5@0@Z 000000018000a1fc f   umodsys_lib_libui:umodsys.mod.ui.SDL_GL.obj
 0001:000092d4       ?camera_frustum@RRenderDriver3D@SDL_GL@ui@modules@UModSys@@UEAA_NAEBU?$TVector3@N@math3d@5@0@Z 000000018000a2d4 f   umodsys_lib_libui:umodsys.mod.ui.SDL_GL.obj
 0001:00009324       ?camera_frustum@RRenderDriver3D@SDL_GL@ui@modules@UModSys@@UEAA_NAEBU?$TVector3@N@math3d@5@AEBU?$TVector2@M@75@NN@Z 000000018000a324 f   umodsys_lib_libui:umodsys.mod.ui.SDL_GL.obj
 0001:00009438       ?setup_addlight@RRenderDriver3D@SDL_GL@ui@modules@UModSys@@UEAAHW4eLightType@lib3d@5@AEBUSLight@75@AEBU?$TMatrix44@N@math3d@5@@Z 000000018000a438 f   umodsys_lib_libui:umodsys.mod.ui.SDL_GL.obj
 0001:0000943c       ?setup_T@RRenderDriver3D@SDL_GL@ui@modules@UModSys@@UEAAXAEBU?$TMatrix44@N@math3d@5@@Z 000000018000a43c f   umodsys_lib_libui:umodsys.mod.ui.SDL_GL.obj
 0001:000094a0       ?setup_array@RRenderDriver3D@SDL_GL@ui@modules@UModSys@@UEAA_NPEAUIVertexArray@lib3d@5@HH@Z 000000018000a4a0 f   umodsys_lib_libui:umodsys.mod.ui.SDL_GL.obj
 0001:0000957c       ?render_primitive@RRenderDriver3D@SDL_GL@ui@modules@UModSys@@UEAA_NW4eRenderPrimitiveType@lib3d@5@HH@Z 000000018000a57c f   umodsys_lib_libui:umodsys.mod.ui.SDL_GL.obj
 0001:00009644       ?phase_start@RRenderDriver3D@SDL_GL@ui@modules@UModSys@@UEAAXHH@Z 000000018000a644 f   umodsys_lib_libui:umodsys.mod.ui.SDL_GL.obj
 0001:000097ac       ?phase_2d@RRenderDriver3D@SDL_GL@ui@modules@UModSys@@UEAAX_N@Z 000000018000a7ac f   umodsys_lib_libui:umodsys.mod.ui.SDL_GL.obj
 0001:000097f8       ?render_start@RRenderDriver3D@SDL_GL@ui@modules@UModSys@@UEAAXXZ 000000018000a7f8 f   umodsys_lib_libui:umodsys.mod.ui.SDL_GL.obj
 0001:00009990       ?render_stop@RRenderDriver3D@SDL_GL@ui@modules@UModSys@@UEAAXXZ 000000018000a990 f   umodsys_lib_libui:umodsys.mod.ui.SDL_GL.obj
 0001:00009b00       ?setup_2d@RRenderDriver3D@SDL_GL@ui@modules@UModSys@@UEAA_NPEBU?$TVector2@H@math3d@5@0PEBU?$TVector2@M@75@1@Z 000000018000ab00 f   umodsys_lib_libui:umodsys.mod.ui.SDL_GL.obj
 0001:00009ba4       ??0RVertexArray@SDL_GL@ui@modules@UModSys@@QEAA@PEAURRenderDriver3D@1234@_N1@Z 000000018000aba4 f   umodsys_lib_libui:umodsys.mod.ui.SDL_GL.obj
 0001:00009ca0       ??_ERVertexArray@SDL_GL@ui@modules@UModSys@@UEAAPEAXI@Z 000000018000aca0 f i  CIL library: CIL module
 0001:00009ca0       ??_GRVertexArray@SDL_GL@ui@modules@UModSys@@UEAAPEAXI@Z 000000018000aca0 f i umodsys_lib_libui:umodsys.mod.ui.SDL_GL.obj
 0001:00009d54       ?Free@RVertexArray@SDL_GL@ui@modules@UModSys@@QEAA_NXZ 000000018000ad54 f   umodsys_lib_libui:umodsys.mod.ui.SDL_GL.obj
 0001:00009de4       ?Alloc@RVertexArray@SDL_GL@ui@modules@UModSys@@QEAA_NQEBUSVertexElemInfo@lib3d@5@HH_N@Z 000000018000ade4 f   umodsys_lib_libui:umodsys.mod.ui.SDL_GL.obj
 0001:0000a188       ?Use@RVertexArray@SDL_GL@ui@modules@UModSys@@QEAA_NI@Z 000000018000b188 f   umodsys_lib_libui:umodsys.mod.ui.SDL_GL.obj
 0001:0000a474       ?is_valid@RVertexArray@SDL_GL@ui@modules@UModSys@@UEBA_NXZ 000000018000b474 f   umodsys_lib_libui:umodsys.mod.ui.SDL_GL.obj
 0001:0000a480       ?get_array_count@RVertexArray@SDL_GL@ui@modules@UModSys@@UEBAHXZ 000000018000b480 f   umodsys_lib_libui:umodsys.mod.ui.SDL_GL.obj
 0001:0000a484       ?get_layer_count@RVertexArray@SDL_GL@ui@modules@UModSys@@UEBAHXZ 000000018000b484 f   umodsys_lib_libui:umodsys.mod.ui.SDL_GL.obj
 0001:0000a488       ?get_layer_info@RVertexArray@SDL_GL@ui@modules@UModSys@@UEBA?AUSVertexElemInfo@lib3d@5@H@Z 000000018000b488 f   umodsys_lib_libui:umodsys.mod.ui.SDL_GL.obj
 0001:0000a4c8       ?get_layer_vdata@RVertexArray@SDL_GL@ui@modules@UModSys@@UEBA_NW4eVertexAType@lib3d@5@PEAXHHH@Z 000000018000b4c8 f   umodsys_lib_libui:umodsys.mod.ui.SDL_GL.obj
[...]
 0001:000390f0       ??__F?s_id@?$TObjectUniqueID@UIKeyboardController@libui@UModSys@@@tl@UModSys@@2USUniquePointer@core@3@A@@YAXXZ 000000018003a0f0 f    CIL library: CIL module
 0001:000390fc       ??__F?s_id@?$TObjectUniqueID@UIConsoleHelperOutputFCS@base@UModSys@@@tl@UModSys@@2USUniquePointer@core@3@A@@YAXXZ 000000018003a0fc f    CIL library: CIL module
 0001:00039108       ??__F?s_id@?$TObjectUniqueID@UIConsoleHelperOutput@base@UModSys@@@tl@UModSys@@2USUniquePointer@core@3@A@@YAXXZ 000000018003a108 f    CIL library: CIL module
 0001:00039114       ??__F?s_id@?$TObjectUniqueID@UIConsoleHelperInput@base@UModSys@@@tl@UModSys@@2USUniquePointer@core@3@A@@YAXXZ 000000018003a114 f    CIL library: CIL module
 0001:00039120       ??__F?s_id@?$TObjectUniqueID@UIConsoleHelperHistory@base@UModSys@@@tl@UModSys@@2USUniquePointer@core@3@A@@YAXXZ 000000018003a120 f    CIL library: CIL module
 0001:0003912c       ??__F?s_id@?$TObjectUniqueID@UIConsoleHelper@base@UModSys@@@tl@UModSys@@2USUniquePointer@core@3@A@@YAXXZ 000000018003a12c f    CIL library: CIL module
 0001:00039138       ??__F?s_id@?$TObjectUniqueID@UIConsoleExt@base@UModSys@@@tl@UModSys@@2USUniquePointer@core@3@A@@YAXXZ 000000018003a138 f    CIL library: CIL module
 0001:00039144       ??__F?s_id@?$TObjectUniqueID@UISerializeWriter@libmedia@UModSys@@@tl@UModSys@@2USUniquePointer@core@3@A@@YAXXZ 000000018003a144 f    CIL library: CIL module
 0001:00039150       ??__F?s_id@?$TObjectUniqueID@UISerializeReader@libmedia@UModSys@@@tl@UModSys@@2USUniquePointer@core@3@A@@YAXXZ 000000018003a150 f    CIL library: CIL module
 0001:0003915c       ??__F?s_id@?$TObjectUniqueID@UIClient@IBinArchiveFrame@libmedia@UModSys@@@tl@UModSys@@2USUniquePointer@core@3@A@@YAXXZ 000000018003a15c f    CIL library: CIL module
 0001:00039168       ??__F?s_id@?$TObjectUniqueID@UIBinArchiveFrame@libmedia@UModSys@@@tl@UModSys@@2USUniquePointer@core@3@A@@YAXXZ 000000018003a168 f    CIL library: CIL module
 0001:00039174       ??__F?s_id@?$TObjectUniqueID@UILibraryLayered@libmedia@UModSys@@@tl@UModSys@@2USUniquePointer@core@3@A@@YAXXZ 000000018003a174 f    CIL library: CIL module
 0001:00039180       ??__F?s_id@?$TObjectUniqueID@UILibraryObjCache@libmedia@UModSys@@@tl@UModSys@@2USUniquePointer@core@3@A@@YAXXZ 000000018003a180 f    CIL library: CIL module
 0001:0003918c       ??__F?s_id@?$TObjectUniqueID@UILibraryObjFilter@libmedia@UModSys@@@tl@UModSys@@2USUniquePointer@core@3@A@@YAXXZ 000000018003a18c f    CIL library: CIL module
 0001:00039198       ??__F?s_id@?$TObjectUniqueID@UILibraryBinCache@libmedia@UModSys@@@tl@UModSys@@2USUniquePointer@core@3@A@@YAXXZ 000000018003a198 f    CIL library: CIL module
 0001:000391a4       ??__F?s_id@?$TObjectUniqueID@UILibraryBinTree@libmedia@UModSys@@@tl@UModSys@@2USUniquePointer@core@3@A@@YAXXZ 000000018003a1a4 f    CIL library: CIL module
 0001:000391b0       ??__F?s_id@?$TObjectUniqueID@UILibrary@libmedia@UModSys@@@tl@UModSys@@2USUniquePointer@core@3@A@@YAXXZ 000000018003a1b0 f    CIL library: CIL module
 0001:000391bc       ??__F?s_id@?$TObjectUniqueID@UIBinObjFilter@libmedia@UModSys@@@tl@UModSys@@2USUniquePointer@core@3@A@@YAXXZ 000000018003a1bc f    CIL library: CIL module
 0001:000391c8       ??__F?s_id@?$TObjectUniqueID@UIBinArchive@libmedia@UModSys@@@tl@UModSys@@2USUniquePointer@core@3@A@@YAXXZ 000000018003a1c8 f    CIL library: CIL module
 0001:000391d4       ??__F?s_id@?$TObjectUniqueID@UILibObject@libmedia@UModSys@@@tl@UModSys@@2USUniquePointer@core@3@A@@YAXXZ 000000018003a1d4 f    CIL library: CIL module
 0001:000391e0       ??__F?s_id@?$TObjectUniqueID@UIUtilities@libmedia@UModSys@@@tl@UModSys@@2USUniquePointer@core@3@A@@YAXXZ 000000018003a1e0 f    CIL library: CIL module
 0001:000391ec       ??__F?s_id@?$TObjectUniqueID@UIStreamWriter@libmedia@UModSys@@@tl@UModSys@@2USUniquePointer@core@3@A@@YAXXZ 000000018003a1ec f    CIL library: CIL module
 0001:000391f8       ??__F?s_id@?$TObjectUniqueID@UIStreamReader@libmedia@UModSys@@@tl@UModSys@@2USUniquePointer@core@3@A@@YAXXZ 000000018003a1f8 f    CIL library: CIL module
 0001:00039204       ??__F?s_id@?$TObjectUniqueID@UISystem@base@UModSys@@@tl@UModSys@@2USUniquePointer@core@3@A@@YAXXZ 000000018003a204 f    CIL library: CIL module
 0001:00039210       ??__F?s_id@?$TObjectUniqueID@UIShell@base@UModSys@@@tl@UModSys@@2USUniquePointer@core@3@A@@YAXXZ 000000018003a210 f    CIL library: CIL module
 0001:0003921c       ??__F?s_id@?$TObjectUniqueID@UIGenerator@base@UModSys@@@tl@UModSys@@2USUniquePointer@core@3@A@@YAXXZ 000000018003a21c f    CIL library: CIL module
 0001:00039228       ??__F?s_id@?$TObjectUniqueID@UIModObject@base@UModSys@@@tl@UModSys@@2USUniquePointer@core@3@A@@YAXXZ 000000018003a228 f    CIL library: CIL module
 0001:00039234       ??__F?s_id@?$TObjectUniqueID@UIModuleLibrary@base@UModSys@@@tl@UModSys@@2USUniquePointer@core@3@A@@YAXXZ 000000018003a234 f    CIL library: CIL module
 0001:00039240       ??__F?s_id@?$TObjectUniqueID@UIModule@base@UModSys@@@tl@UModSys@@2USUniquePointer@core@3@A@@YAXXZ 000000018003a240 f    CIL library: CIL module
 0001:0003924c       ??__F?s_id@?$TObjectUniqueID@UIConsole@base@UModSys@@@tl@UModSys@@2USUniquePointer@core@3@A@@YAXXZ 000000018003a24c f    CIL library: CIL module
 0001:00039258       ??__F?s_id@?$TObjectUniqueID@UIParameters@core@UModSys@@@tl@UModSys@@2USUniquePointer@core@3@A@@YAXXZ 000000018003a258 f    CIL library: CIL module
 0001:00039264       ??__F?s_id@?$TObjectUniqueID@UIRefObject@core@UModSys@@@tl@UModSys@@2USUniquePointer@core@3@A@@YAXXZ 000000018003a264 f    CIL library: CIL module
 0001:00039270       ??__F?s_id@?$TObjectUniqueID@UIRoot@core@UModSys@@@tl@UModSys@@2USUniquePointer@core@3@A@@YAXXZ 000000018003a270 f    CIL library: CIL module
 0001:0003927c       ??__F?s_id@?$TObjectUniqueID@UIScene@lib3d@UModSys@@@tl@UModSys@@2USUniquePointer@core@3@A@@YAXXZ 000000018003a27c f    CIL library: CIL module
 0001:00039288       ??__F?s_id@?$TObjectUniqueID@UISceneController@lib3d@UModSys@@@tl@UModSys@@2USUniquePointer@core@3@A@@YAXXZ 000000018003a288 f    CIL library: CIL module
 0001:00039294       ??__F?s_id@?$TObjectUniqueID@UINodeObject_Light@lib3d@UModSys@@@tl@UModSys@@2USUniquePointer@core@3@A@@YAXXZ 000000018003a294 f    CIL library: CIL module
 0001:000392a0       ??__F?s_id@?$TObjectUniqueID@UINodeObject_Camera@lib3d@UModSys@@@tl@UModSys@@2USUniquePointer@core@3@A@@YAXXZ 000000018003a2a0 f    CIL library: CIL module
 0001:000392ac       ??__F?s_id@?$TObjectUniqueID@UINodeObject_Particles@lib3d@UModSys@@@tl@UModSys@@2USUniquePointer@core@3@A@@YAXXZ 000000018003a2ac f    CIL library: CIL module
 0001:000392b8       ??__F?s_id@?$TObjectUniqueID@UINodeObject_Picture@lib3d@UModSys@@@tl@UModSys@@2USUniquePointer@core@3@A@@YAXXZ 000000018003a2b8 f    CIL library: CIL module
 0001:000392c4       ??__F?s_id@?$TObjectUniqueID@UINodeObject_Mesh@lib3d@UModSys@@@tl@UModSys@@2USUniquePointer@core@3@A@@YAXXZ 000000018003a2c4 f    CIL library: CIL module
 0001:000392d0       ??__F?s_id@?$TObjectUniqueID@UINodeObject_Brush@lib3d@UModSys@@@tl@UModSys@@2USUniquePointer@core@3@A@@YAXXZ 000000018003a2d0 f    CIL library: CIL module
 0001:000392dc       ??__Fs_dbg@stdlib@lib2d@modules@UModSys@@YAXXZ 000000018003a2dc f    CIL library: CIL module
 0001:00039300       ??__F?s_modreg@RModuleReg@stdlib@lib2d@modules@UModSys@@2U12345@A@@YAXXZ 000000018003a300 f    CIL library: CIL module
 0001:00039310       ??__F?s_modreg_chain@RModuleReg@stdlib@lib2d@modules@UModSys@@2USModuleRegChain@base@5@A@@YAXXZ 000000018003a310 f    CIL library: CIL module
 0001:0003931c       ??__F?s_uid@RGenerator@stdlib@lib2d@modules@UModSys@@2USUniquePointer@core@5@A@@YAXXZ 000000018003a31c f    CIL library: CIL module
 0001:00039328       ??__Fh@?1??s_holder@RGenerator@stdlib@lib2d@modules@UModSys@@SAAEAU?$TTypeStaticHolder@URGenerator@stdlib@lib2d@modules@UModSys@@@tl@5@XZ@YAXXZ 000000018003a328 f    CIL library: CIL module
 0001:00039350       ??__F?s_id@?$TObjectUniqueID@URGenerator@stdlib@lib2d@modules@UModSys@@@tl@UModSys@@2USUniquePointer@core@3@A@@YAXXZ 000000018003a350 f    CIL library: CIL module
 0001:0003935c       ??__F?s_id@?$TObjectUniqueID@URMultiImage@stdlib@lib2d@modules@UModSys@@@tl@UModSys@@2USUniquePointer@core@3@A@@YAXXZ 000000018003a35c f    CIL library: CIL module
 0001:00039368       ??__F?s_id@?$TObjectUniqueID@URImageFactory_Memory@stdlib@lib2d@modules@UModSys@@@tl@UModSys@@2USUniquePointer@core@3@A@@YAXXZ 000000018003a368 f    CIL library: CIL module
 0001:00039374       ??__F?s_id@?$TObjectUniqueID@URImage_Memory@stdlib@lib2d@modules@UModSys@@@tl@UModSys@@2USUniquePointer@core@3@A@@YAXXZ 000000018003a374 f    CIL library: CIL module
 0001:00039380       ??__Fs_dbg@SDL_GL@ui@modules@UModSys@@YAXXZ 000000018003a380 f    CIL library: CIL module
 0001:000393a4       ??__F?s_modreg@RModuleReg@SDL_GL@ui@modules@UModSys@@2U12345@A@@YAXXZ 000000018003a3a4 f    CIL library: CIL module
 0001:000393b4       ??__F?s_modreg_chain@RModuleReg@SDL_GL@ui@modules@UModSys@@2USModuleRegChain@base@5@A@@YAXXZ 000000018003a3b4 f    CIL library: CIL module
 0001:000393c0       ??__F?s_uid@RGenerator@SDL_GL@ui@modules@UModSys@@2USUniquePointer@core@5@A@@YAXXZ 000000018003a3c0 f    CIL library: CIL module
 0001:000393cc       ??__Fh@?1??s_holder@RGenerator@SDL_GL@ui@modules@UModSys@@SAAEAU?$TTypeStaticHolder@URGenerator@SDL_GL@ui@modules@UModSys@@@tl@5@XZ@YAXXZ 000000018003a3cc f    CIL library: CIL module
 0001:000393f4       ??__F?s_id@?$TObjectUniqueID@URGenerator@SDL_GL@ui@modules@UModSys@@@tl@UModSys@@2USUniquePointer@core@3@A@@YAXXZ 000000018003a3f4 f    CIL library: CIL module
 0001:00039400       ??__F?s_id@?$TObjectUniqueID@URVertexArray@SDL_GL@ui@modules@UModSys@@@tl@UModSys@@2USUniquePointer@core@3@A@@YAXXZ 000000018003a400 f    CIL library: CIL module
 0001:0003940c       ??__F?s_id@?$TObjectUniqueID@URTerminalX@SDL_GL@ui@modules@UModSys@@@tl@UModSys@@2USUniquePointer@core@3@A@@YAXXZ 000000018003a40c f    CIL library: CIL module
 0001:00039418       ??__F?s_id@?$TObjectUniqueID@URRenderDriver3D@SDL_GL@ui@modules@UModSys@@@tl@UModSys@@2USUniquePointer@core@3@A@@YAXXZ 000000018003a418 f    CIL library: CIL module
 0001:00039424       ??__F?s_id@?$TObjectUniqueID@URMultiImage2D_SDL_ttf@SDL_GL@ui@modules@UModSys@@@tl@UModSys@@2USUniquePointer@core@3@A@@YAXXZ 000000018003a424 f    CIL library: CIL module
 0001:00039430       ??__F?s_id@?$TObjectUniqueID@URTerminal@SDL_GL@ui@modules@UModSys@@@tl@UModSys@@2USUniquePointer@core@3@A@@YAXXZ 000000018003a430 f    CIL library: CIL module
 0001:0003943c       ??__F?s_id@?$TObjectUniqueID@URMouseController@SDL_GL@ui@modules@UModSys@@@tl@UModSys@@2USUniquePointer@core@3@A@@YAXXZ 000000018003a43c f    CIL library: CIL module
 0001:00039448       ??__F?s_id@?$TObjectUniqueID@URKeyboardController@SDL_GL@ui@modules@UModSys@@@tl@UModSys@@2USUniquePointer@core@3@A@@YAXXZ 000000018003a448 f    CIL library: CIL module
 0001:00039454       ??__Fs_dbg@SDL_core@ui@modules@UModSys@@YAXXZ 000000018003a454 f    CIL library: CIL module
 0001:00039478       ??__F?s_modreg@RModuleReg@SDL_core@ui@modules@UModSys@@2U12345@A@@YAXXZ 000000018003a478 f    CIL library: CIL module
 0001:00039488       ??__F?s_modreg_chain@RModuleReg@SDL_core@ui@modules@UModSys@@2USModuleRegChain@base@5@A@@YAXXZ 000000018003a488 f    CIL library: CIL module
 0001:00039494       ??__F?s_uid@RGenerator@SDL_core@ui@modules@UModSys@@2USUniquePointer@core@5@A@@YAXXZ 000000018003a494 f    CIL library: CIL module
 0001:000394a0       ??__Fh@?1??s_holder@RGenerator@SDL_core@ui@modules@UModSys@@SAAEAU?$TTypeStaticHolder@URGenerator@SDL_core@ui@modules@UModSys@@@tl@5@XZ@YAXXZ 000000018003a4a0 f    CIL library: CIL module
 0001:000394c8       ??__F?s_id@?$TObjectUniqueID@URGenerator@SDL_core@ui@modules@UModSys@@@tl@UModSys@@2USUniquePointer@core@3@A@@YAXXZ 000000018003a4c8 f    CIL library: CIL module
 0001:000394d4       ??__F?s_id@?$TObjectUniqueID@URTerminalX@SDL_core@ui@modules@UModSys@@@tl@UModSys@@2USUniquePointer@core@3@A@@YAXXZ 000000018003a4d4 f    CIL library: CIL module
 0001:000394e0       ??__F?s_id@?$TObjectUniqueID@URRenderDriver2D@SDL_core@ui@modules@UModSys@@@tl@UModSys@@2USUniquePointer@core@3@A@@YAXXZ 000000018003a4e0 f    CIL library: CIL module
 0001:000394ec       ??__F?s_id@?$TObjectUniqueID@URMultiImage2D_SDL_ttf@SDL_core@ui@modules@UModSys@@@tl@UModSys@@2USUniquePointer@core@3@A@@YAXXZ 000000018003a4ec f    CIL library: CIL module
 0001:000394f8       ??__F?s_id@?$TObjectUniqueID@URTerminal@SDL_core@ui@modules@UModSys@@@tl@UModSys@@2USUniquePointer@core@3@A@@YAXXZ 000000018003a4f8 f    CIL library: CIL module
 0001:00039504       ??__F?s_id@?$TObjectUniqueID@URMouseController@SDL_core@ui@modules@UModSys@@@tl@UModSys@@2USUniquePointer@core@3@A@@YAXXZ 000000018003a504 f    CIL library: CIL module
 0001:00039510       ??__F?s_id@?$TObjectUniqueID@URKeyboardController@SDL_core@ui@modules@UModSys@@@tl@UModSys@@2USUniquePointer@core@3@A@@YAXXZ 000000018003a510 f    CIL library: CIL module
 0001:0003951c       ??__Fs_dbg@frames@ui@modules@UModSys@@YAXXZ 000000018003a51c f    CIL library: CIL module
 0001:00039540       ??__F?s_modreg@RModuleReg@frames@ui@modules@UModSys@@2U12345@A@@YAXXZ 000000018003a540 f    CIL library: CIL module
 0001:00039550       ??__F?s_modreg_chain@RModuleReg@frames@ui@modules@UModSys@@2USModuleRegChain@base@5@A@@YAXXZ 000000018003a550 f    CIL library: CIL module
 0001:0003955c       ??__F?s_uid@RGenerator@frames@ui@modules@UModSys@@2USUniquePointer@core@5@A@@YAXXZ 000000018003a55c f    CIL library: CIL module
 0001:00039568       ??__Fh@?1??s_holder@RGenerator@frames@ui@modules@UModSys@@SAAEAU?$TTypeStaticHolder@URGenerator@frames@ui@modules@UModSys@@@tl@5@XZ@YAXXZ 000000018003a568 f    CIL library: CIL module
 0001:00039590       ??__F?s_id@?$TObjectUniqueID@URGenerator@frames@ui@modules@UModSys@@@tl@UModSys@@2USUniquePointer@core@3@A@@YAXXZ 000000018003a590 f    CIL library: CIL module
 0001:0003959c       ??__F?s_id@?$TObjectUniqueID@URCollector@frames@ui@modules@UModSys@@@tl@UModSys@@2USUniquePointer@core@3@A@@YAXXZ 000000018003a59c f    CIL library: CIL module
 0001:000395a8       ??__F?s_id@?$TObjectUniqueID@URFrame_List@frames@ui@modules@UModSys@@@tl@UModSys@@2USUniquePointer@core@3@A@@YAXXZ 000000018003a5a8 f    CIL library: CIL module
 0001:000395b4       ??__F?s_id@?$TObjectUniqueID@URFrame_Edit@frames@ui@modules@UModSys@@@tl@UModSys@@2USUniquePointer@core@3@A@@YAXXZ 000000018003a5b4 f    CIL library: CIL module
 0001:000395c0       ??__F?s_id@?$TObjectUniqueID@URFrame_Button@frames@ui@modules@UModSys@@@tl@UModSys@@2USUniquePointer@core@3@A@@YAXXZ 000000018003a5c0 f    CIL library: CIL module
 0001:000395cc       ??__F?s_id@?$TObjectUniqueID@URFrame_Text@frames@ui@modules@UModSys@@@tl@UModSys@@2USUniquePointer@core@3@A@@YAXXZ 000000018003a5cc f    CIL library: CIL module
 0001:000395d8       ??__F?s_id@?$TObjectUniqueID@URFrame_Image@frames@ui@modules@UModSys@@@tl@UModSys@@2USUniquePointer@core@3@A@@YAXXZ 000000018003a5d8 f    CIL library: CIL module
 0001:000395e4       ??__F?s_id@?$TObjectUniqueID@URFrame_Frame@frames@ui@modules@UModSys@@@tl@UModSys@@2USUniquePointer@core@3@A@@YAXXZ 000000018003a5e4 f    CIL library: CIL module
 0001:000395f0       ??__F?s_id@?$TObjectUniqueID@URDialog@frames@ui@modules@UModSys@@@tl@UModSys@@2USUniquePointer@core@3@A@@YAXXZ 000000018003a5f0 f    CIL library: CIL module
 0001:000395fc       ??__F?s_id@?$TObjectUniqueID@URFrame_Common@frames@ui@modules@UModSys@@@tl@UModSys@@2USUniquePointer@core@3@A@@YAXXZ 000000018003a5fc f    CIL library: CIL module
 0001:00039608       ??__Fs_dbg@images_std@media@modules@UModSys@@YAXXZ 000000018003a608 f    CIL library: CIL module
 0001:0003962c       ??__F?s_modreg@RModuleReg@images_std@media@modules@UModSys@@2U12345@A@@YAXXZ 000000018003a62c f    CIL library: CIL module
 0001:0003963c       ??__F?s_modreg_chain@RModuleReg@images_std@media@modules@UModSys@@2USModuleRegChain@base@5@A@@YAXXZ 000000018003a63c f    CIL library: CIL module
 0001:00039648       ??__F?s_uid@RGenerator@images_std@media@modules@UModSys@@2USUniquePointer@core@5@A@@YAXXZ 000000018003a648 f    CIL library: CIL module
 0001:00039654       ??__Fh@?1??s_holder@RGenerator@images_std@media@modules@UModSys@@SAAEAU?$TTypeStaticHolder@URGenerator@images_std@media@modules@UModSys@@@tl@5@XZ@YAXXZ 000000018003a654 f    CIL library: CIL module
 0001:0003967c       ??__F?s_id@?$TObjectUniqueID@URGenerator@images_std@media@modules@UModSys@@@tl@UModSys@@2USUniquePointer@core@3@A@@YAXXZ 000000018003a67c f    CIL library: CIL module
 0001:00039688       ??__F?s_id@?$TObjectUniqueID@URMediaFilter@images_std@media@modules@UModSys@@@tl@UModSys@@2USUniquePointer@core@3@A@@YAXXZ 000000018003a688 f    CIL library: CIL module
 0001:00039694       ??__Fs_dbg@serialize_json@media@modules@UModSys@@YAXXZ 000000018003a694 f    CIL library: CIL module
 0001:000396b8       ??__F?s_modreg@RModuleReg@serialize_json@media@modules@UModSys@@2U12345@A@@YAXXZ 000000018003a6b8 f    CIL library: CIL module
 0001:000396c8       ??__F?s_modreg_chain@RModuleReg@serialize_json@media@modules@UModSys@@2USModuleRegChain@base@5@A@@YAXXZ 000000018003a6c8 f    CIL library: CIL module
 0001:000396d4       ??__F?s_uid@RGenerator@serialize_json@media@modules@UModSys@@2USUniquePointer@core@5@A@@YAXXZ 000000018003a6d4 f    CIL library: CIL module
 0001:000396e0       ??__Fh@?1??s_holder@RGenerator@serialize_json@media@modules@UModSys@@SAAEAU?$TTypeStaticHolder@URGenerator@serialize_json@media@modules@UModSys@@@tl@5@XZ@YAXXZ 000000018003a6e0 f    CIL library: CIL module
 0001:00039708       ??__F?s_id@?$TObjectUniqueID@URGenerator@serialize_json@media@modules@UModSys@@@tl@UModSys@@2USUniquePointer@core@3@A@@YAXXZ 000000018003a708 f    CIL library: CIL module
 0001:00039714       ??__F?s_id@?$TObjectUniqueID@URSerializeWriter@serialize_json@media@modules@UModSys@@@tl@UModSys@@2USUniquePointer@core@3@A@@YAXXZ 000000018003a714 f    CIL library: CIL module
 0001:00039720       ??__F?s_id@?$TObjectUniqueID@URSerializeReader@serialize_json@media@modules@UModSys@@@tl@UModSys@@2USUniquePointer@core@3@A@@YAXXZ 000000018003a720 f    CIL library: CIL module
 0001:0003972c       ??__Fs_dbg@zlib@media@modules@UModSys@@YAXXZ 000000018003a72c f    CIL library: CIL module
 0001:00039750       ??__F?s_modreg@RModuleReg@zlib@media@modules@UModSys@@2U12345@A@@YAXXZ 000000018003a750 f    CIL library: CIL module
 0001:00039760       ??__F?s_modreg_chain@RModuleReg@zlib@media@modules@UModSys@@2USModuleRegChain@base@5@A@@YAXXZ 000000018003a760 f    CIL library: CIL module
 0001:0003976c       ??__F?s_uid@RGenerator@zlib@media@modules@UModSys@@2USUniquePointer@core@5@A@@YAXXZ 000000018003a76c f    CIL library: CIL module
 0001:00039778       ??__Fh@?1??s_holder@RGenerator@zlib@media@modules@UModSys@@SAAEAU?$TTypeStaticHolder@URGenerator@zlib@media@modules@UModSys@@@tl@5@XZ@YAXXZ 000000018003a778 f    CIL library: CIL module
 0001:000397a0       ??__F?s_id@?$TObjectUniqueID@URGenerator@zlib@media@modules@UModSys@@@tl@UModSys@@2USUniquePointer@core@3@A@@YAXXZ 000000018003a7a0 f    CIL library: CIL module
 0001:000397ac       ??__F?s_id@?$TObjectUniqueID@URBinArchiveFrameClient_ZIP@zlib@media@modules@UModSys@@@tl@UModSys@@2USUniquePointer@core@3@A@@YAXXZ 000000018003a7ac f    CIL library: CIL module
 0001:000397b8       ??__FM@UModSys@@YAXXZ      000000018003a7b8 f    CIL library: CIL module
 0001:000397bc       ??__F?root@SModuleRegChain@base@UModSys@@2U123@A@@YAXXZ 000000018003a7bc f    CIL library: CIL module
 0001:000397c8       ??__F?s_library@RModuleLibraryReg_Chain@base@UModSys@@2U123@A@@YAXXZ 000000018003a7c8 f    CIL library: CIL module
 0001:000397d8       ??__F?root@SUniquePointer@core@UModSys@@2U123@A@@YAXXZ 000000018003a7d8 f    CIL library: CIL module

 Exports

  ordinal    name

        1    UModSys_Plugin_Entry2
