 plugin_test1

 Timestamp is 525421ba (Tue Oct 08 18:16:10 2013)

 Preferred load address is 0000000180000000

 Start         Length     Name                   Class
 0001:00000000 000011bcH .text                   CODE
 0001:000011c0 00000159H .text$x                 CODE
 0001:0000131c 000003a0H .text$yc                CODE
 0001:000016bc 00000174H .text$yd                CODE
 0002:00000000 000000e8H .idata$5                DATA
 0002:000000e8 00000008H .CRT$XCA                DATA
 0002:000000f0 000001b8H .CRT$XCU                DATA
 0002:000002a8 00000008H .CRT$XCZ                DATA
 0002:000002b0 00000008H .CRT$XIA                DATA
 0002:000002b8 00000008H .CRT$XIAA               DATA
 0002:000002c0 00000008H .CRT$XIZ                DATA
 0002:000002d0 00000608H .rdata                  DATA
 0002:000008d8 00000584H .rdata$r                DATA
 0002:00000e60 00000008H .rtc$IAA                DATA
 0002:00000e68 00000008H .rtc$IZZ                DATA
 0002:00000e70 00000008H .rtc$TAA                DATA
 0002:00000e78 00000008H .rtc$TZZ                DATA
 0002:00000e80 000001f0H .xdata                  DATA
 0002:00001070 00000028H .idata$2                DATA
 0002:00001098 00000014H .idata$3                DATA
 0002:000010b0 000000e8H .idata$4                DATA
 0002:00001198 00000214H .idata$6                DATA
 0002:000013b0 00000059H .edata                  DATA
 0003:00000000 00000338H .data                   DATA
 0003:00000338 00000340H .bss                    DATA
 0004:00000000 000002acH .pdata                  DATA

  Address         Publics by Value              Rva+Base               Lib:Object

 0000:00000000       ___safe_se_handler_count   0000000000000000     <absolute>
 0000:00000000       ___safe_se_handler_table   0000000000000000     <absolute>
 0000:00000000       __ImageBase                0000000180000000     <linker-defined>
 0001:00000000       ?_get_interface_types@RTest1_Shell@test1@UModSys@@SA_KAEAUSUniquePtrList@core@3@@Z 0000000180001000 f i plugin_test1.obj
 0001:00000100       ?get_interface_info@RTest1_Shell@test1@UModSys@@UEBAAEBUSUniquePointerInfo@core@3@XZ 0000000180001100 f i plugin_test1.obj
 0001:00000108       ?get_interface_type@RTest1_Shell@test1@UModSys@@UEBAPEBUSUniquePointerInfo@core@3@XZ 0000000180001108 f i plugin_test1.obj
 0001:00000110       ?get_other_interface@RTest1_Shell@test1@UModSys@@UEAAPEAUIRoot@core@3@PEBUSUniquePointerInfo@53@@Z 0000000180001110 f i plugin_test1.obj
 0001:00000110       ?get_other_interface@RTest1_Shell@test1@UModSys@@UEBAPEBUIRoot@core@3@PEBUSUniquePointerInfo@53@@Z 0000000180001110 f i plugin_test1.obj
 0001:00000140       ?suicide@RTest1_Shell@test1@UModSys@@UEAAXXZ 0000000180001140 f i plugin_test1.obj
 0001:0000019c       ?connect@RTest1_Shell@test1@UModSys@@UEAA_NXZ 000000018000119c f i plugin_test1.obj
 0001:000001c0       ?disconnect@RTest1_Shell@test1@UModSys@@UEAA_NXZ 00000001800011c0 f i plugin_test1.obj
 0001:000001e4       ?process_tick@RTest1_Shell@test1@UModSys@@UEAA_NAEBUSTimeMsec@core@3@@Z 00000001800011e4 f i plugin_test1.obj
 0001:0000021c       ?process_command@RTest1_Shell@test1@UModSys@@UEAA_NHQEBU?$TString@U?$TSCoreConst@D@su@tl@UModSys@@U?$TComparerBinaryHash@D@234@@tl@3@@Z 000000018000121c f i plugin_test1.obj
 0001:00000240       ??_GRTest1_Shell@test1@UModSys@@UEAAPEAXI@Z 0000000180001240 f i plugin_test1.obj
 0001:00000240       ??_ERTest1_Shell@test1@UModSys@@UEAAPEAXI@Z 0000000180001240 f i  CIL library: CIL module
 0001:000002c0       ??1IShell@base@UModSys@@UEAA@XZ 00000001800012c0 f i plugin_test1.obj
 0001:000002cc       ?get_generated_names@RTest1_Generator@test1@UModSys@@UEBAHAEAUSUniquePtrList@core@3@@Z 00000001800012cc f i plugin_test1.obj
 0001:00000310       ?get_generated_types@RTest1_Generator@test1@UModSys@@UEBAHAEAUSUniquePtrList@core@3@PEBUSUniquePointerInfo@53@@Z 0000000180001310 f i plugin_test1.obj
 0001:00000330       ?generate@RTest1_Generator@test1@UModSys@@UEAA_NAEAU?$TRefObject@UIRefObject@core@UModSys@@@tl@3@PEBUSUniquePointerInfo@core@3@AEBUSParameters@73@@Z 0000000180001330 f i plugin_test1.obj
 0001:00000454       ?get_interface_info@RTest1_Generator@test1@UModSys@@UEBAAEBUSUniquePointerInfo@core@3@XZ 0000000180001454 f i plugin_test1.obj
 0001:0000045c       ?get_interface_type@RTest1_Generator@test1@UModSys@@UEBAPEBUSUniquePointerInfo@core@3@XZ 000000018000145c f i plugin_test1.obj
 0001:00000464       ?get_interface_types@RTest1_Generator@test1@UModSys@@UEBA_KAEAUSUniquePtrList@core@3@@Z 0000000180001464 f i plugin_test1.obj
 0001:00000464       ?get_interface_types@RTest1_Shell@test1@UModSys@@UEBA_KAEAUSUniquePtrList@core@3@@Z 0000000180001464 f i plugin_test1.obj
 0001:0000046c       ?get_other_interface@RTest1_Generator@test1@UModSys@@UEBAPEBUIRoot@core@3@PEBUSUniquePointerInfo@53@@Z 000000018000146c f i plugin_test1.obj
 0001:0000046c       ?get_other_interface@RTest1_Generator@test1@UModSys@@UEAAPEAUIRoot@core@3@PEBUSUniquePointerInfo@53@@Z 000000018000146c f i plugin_test1.obj
 0001:000004a4       ?ref_add@RTest1_Generator@test1@UModSys@@UEBAXXZ 00000001800014a4 f i plugin_test1.obj
 0001:000004a4       ?ref_add@RTest1_Shell@test1@UModSys@@UEBAXXZ 00000001800014a4 f i plugin_test1.obj
 0001:000004a8       ?ref_remove@RTest1_Shell@test1@UModSys@@UEBAXXZ 00000001800014a8 f i plugin_test1.obj
 0001:000004a8       ?ref_remove@RTest1_Generator@test1@UModSys@@UEBAXXZ 00000001800014a8 f i plugin_test1.obj
 0001:000004c0       ?ref_links@RTest1_Shell@test1@UModSys@@UEBAHXZ 00000001800014c0 f i plugin_test1.obj
 0001:000004c0       ?ref_links@RTest1_Generator@test1@UModSys@@UEBAHXZ 00000001800014c0 f i plugin_test1.obj
 0001:000004c4       ?suicide@RTest1_Generator@test1@UModSys@@UEAAXXZ 00000001800014c4 f i plugin_test1.obj
 0001:000004c4       ?suicide@IRoot@core@UModSys@@UEAAXXZ 00000001800014c4 f i umodsys_lib_core:umodsys.core.objects.obj
 0001:000004c8       ?get_uid@RTest1_Generator@test1@UModSys@@UEBAPEBUSUniquePointerInfo@core@3@XZ 00000001800014c8 f i plugin_test1.obj
 0001:000004d0       ?do_open@RTest1_ModuleReg@test1@UModSys@@UEAA_NXZ 00000001800014d0 f i plugin_test1.obj
 0001:00000554       ?do_close@RTest1_ModuleReg@test1@UModSys@@UEAA_NXZ 0000000180001554 f i plugin_test1.obj
 0001:000005cc       ?get_module@RTest1_Generator@test1@UModSys@@UEBAPEAUIModule@base@3@XZ 00000001800015cc f   plugin_test1.obj
 0001:000005d4       ?mod_inc@RTest1_Generator@test1@UModSys@@UEBA_NXZ 00000001800015d4 f   plugin_test1.obj
 0001:000005e4       ?mod_dec@RTest1_Generator@test1@UModSys@@UEBA_NXZ 00000001800015e4 f   plugin_test1.obj
 0001:000005f4       ?s_holder@RTest1_Generator@test1@UModSys@@SAAEAU?$TTypeStaticHolder@URTest1_Generator@test1@UModSys@@@tl@3@XZ 00000001800015f4 f   plugin_test1.obj
 0001:00000638       ??1?$TRefObject@UIModObject@base@UModSys@@@tl@UModSys@@QEAA@XZ 0000000180001638 f i plugin_test1.obj
 0001:0000065c       ??_EIRoot@core@UModSys@@UEAAPEAXI@Z 000000018000165c f i  CIL library: CIL module
 0001:0000065c       ??_GRTest1_Generator@test1@UModSys@@UEAAPEAXI@Z 000000018000165c f i plugin_test1.obj
 0001:0000065c       ??_ERTest1_Generator@test1@UModSys@@UEAAPEAXI@Z 000000018000165c f i  CIL library: CIL module
 0001:0000065c       ??_GIRoot@core@UModSys@@UEAAPEAXI@Z 000000018000165c f i plugin_test1.obj
 0001:0000066c       ?mlr_count@RModuleLibraryReg_Chain@base@UModSys@@UEBA_KXZ 000000018000166c f   umodsys_lib_base:umodsys.base.moduleregchain.obj
 0001:000006a4       ?mlr_get@RModuleLibraryReg_Chain@base@UModSys@@UEBAPEAUIModuleReg@23@_K@Z 00000001800016a4 f   umodsys_lib_base:umodsys.base.moduleregchain.obj
 0001:000006d0       ?mlr_open@RModuleLibraryReg_Chain@base@UModSys@@UEAA_NPEAUISystem@23@PEAUIMemAlloc@core@3@@Z 00000001800016d0 f   umodsys_lib_base:umodsys.base.moduleregchain.obj
 0001:0000077c       ?mlr_close@RModuleLibraryReg_Chain@base@UModSys@@UEAA_NXZ 000000018000177c f   umodsys_lib_base:umodsys.base.moduleregchain.obj
 0001:000007f4       ?mlr_isopen@RModuleLibraryReg_Chain@base@UModSys@@UEBA_NXZ 00000001800017f4 f   umodsys_lib_base:umodsys.base.moduleregchain.obj
 0001:00000804       ??_ERModuleLibraryReg_Chain@base@UModSys@@UEAAPEAXI@Z 0000000180001804 f i  CIL library: CIL module
 0001:00000804       ??_EIModuleLibraryReg@base@UModSys@@UEAAPEAXI@Z 0000000180001804 f i  CIL library: CIL module
 0001:00000804       ??_GIModuleLibraryReg@base@UModSys@@UEAAPEAXI@Z 0000000180001804 f i umodsys_lib_base:umodsys.base.modulereg.obj
 0001:00000804       ??_GRModuleLibraryReg_Chain@base@UModSys@@UEAAPEAXI@Z 0000000180001804 f i umodsys_lib_base:umodsys.base.moduleregchain.obj
 0001:0000082c       UModSys_Plugin_Entry2      000000018000182c f   umodsys_lib_base:umodsys.so_main.win32.obj
 0001:00000834       ??_GRTest1_ModuleReg@test1@UModSys@@UEAAPEAXI@Z 0000000180001834 f i plugin_test1.obj
 0001:00000834       ??_EIModuleReg@base@UModSys@@UEAAPEAXI@Z 0000000180001834 f i  CIL library: CIL module
 0001:00000834       ??_ERTest1_ModuleReg@test1@UModSys@@UEAAPEAXI@Z 0000000180001834 f i  CIL library: CIL module
 0001:00000834       ??_GIModuleReg@base@UModSys@@UEAAPEAXI@Z 0000000180001834 f i umodsys_lib_base:umodsys.base.modulereg.obj
 0001:0000085c       ?mr_isopen@IModuleReg@base@UModSys@@UEBA_NXZ 000000018000185c f   umodsys_lib_base:umodsys.base.modulereg.obj
 0001:00000868       ?mr_open@IModuleReg@base@UModSys@@UEAA_NXZ 0000000180001868 f   umodsys_lib_base:umodsys.base.modulereg.obj
 0001:0000088c       ?mr_close@IModuleReg@base@UModSys@@UEAA_NXZ 000000018000188c f   umodsys_lib_base:umodsys.base.modulereg.obj
 0001:000008a8       ??0SUniquePointer@core@UModSys@@QEAA@PEBD0H@Z 00000001800018a8 f   umodsys_lib_core:umodsys.core.uniqueptr.obj
 0001:000008f4       ??1SUniquePointer@core@UModSys@@QEAA@XZ 00000001800018f4 f   umodsys_lib_core:umodsys.core.uniqueptr.obj
 0001:0000091c       ??3IRoot@core@UModSys@@SAXPEAXAEBUSIMemAlloc@12@@Z 000000018000191c f   umodsys_lib_core:umodsys.core.objects.obj
 0001:00000930       _onexit                    0000000180001930 f   MSVCRT:atonexit.obj
 0001:000009e0       atexit                     00000001800019e0 f   MSVCRT:atonexit.obj
 0001:000009f8       _purecall                  00000001800019f8 f   MSVCRT:MSVCR90.dll
 0001:000009fe       ??3@YAXPEAX@Z              00000001800019fe f   MSVCRT:MSVCR90.dll
 0001:00000a04       ??_Etype_info@@UEAAPEAXI@Z 0000000180001a04 f i MSVCRT:ti_inst.obj
 0001:00000ad0       _CRT_INIT                  0000000180001ad0 f   MSVCRT:crtdll.obj
 0001:00000e64       _DllMainCRTStartup         0000000180001e64 f   MSVCRT:crtdll.obj
 0001:00000ea2       __C_specific_handler       0000000180001ea2 f   MSVCRT:MSVCR90.dll
 0001:00000ea8       _unlock                    0000000180001ea8 f   MSVCRT:MSVCR90.dll
 0001:00000eae       __dllonexit                0000000180001eae f   MSVCRT:MSVCR90.dll
 0001:00000eb4       _lock                      0000000180001eb4 f   MSVCRT:MSVCR90.dll
 0001:00000ebc       ?__ArrayUnwind@@YAXPEAX_KHP6AX0@Z@Z 0000000180001ebc f   MSVCRT:ehvecdtr.obj
 0001:00000f08       ??_M@YAXPEAX_KHP6AX0@Z@Z   0000000180001f08 f   MSVCRT:ehvecdtr.obj
 0001:00000f68       __clean_type_info_names    0000000180001f68 f   MSVCRT:tncleanup.obj
 0001:00000f74       _RTC_Initialize            0000000180001f74 f   MSVCRT:_initsect_.obj
 0001:00000fac       _RTC_Terminate             0000000180001fac f   MSVCRT:_initsect_.obj
 0001:00000ff0       _ValidateImageBase         0000000180001ff0 f   MSVCRT:pesect.obj
 0001:00001020       _FindPESection             0000000180002020 f   MSVCRT:pesect.obj
 0001:00001070       _IsNonwritableInCurrentImage 0000000180002070 f   MSVCRT:pesect.obj
 0001:000010b2       _initterm                  00000001800020b2 f   MSVCRT:MSVCR90.dll
 0001:000010b8       _initterm_e                00000001800020b8 f   MSVCRT:MSVCR90.dll
 0001:000010be       _amsg_exit                 00000001800020be f   MSVCRT:MSVCR90.dll
 0001:000010c4       __CppXcptFilter            00000001800020c4 f   MSVCRT:MSVCR90.dll
 0001:000010cc       DllMain                    00000001800020cc f   MSVCRT:dllmain.obj
 0001:000010f0       __security_init_cookie     00000001800020f0 f   MSVCRT:gs_support.obj
 0001:000011a4       ?terminate@@YAXXZ          00000001800021a4 f   MSVCRT:MSVCR90.dll
 0001:000011aa       ??1type_info@@UEAA@XZ      00000001800021aa f   MSVCRT:MSVCR90.dll
 0001:000011aa       ?_type_info_dtor_internal_method@type_info@@QEAAXXZ 00000001800021aa f   MSVCRT:MSVCR90.dll
 0001:000011b0       __clean_type_info_names_internal 00000001800021b0 f   MSVCRT:MSVCR90.dll
 0001:000011b6       __CxxFrameHandler3         00000001800021b6 f   MSVCRT:MSVCR90.dll
 0002:00000000       __imp_GetCurrentProcessId  0000000180003000     kernel32:KERNEL32.dll
 0002:00000008       __imp_GetCurrentThreadId   0000000180003008     kernel32:KERNEL32.dll
 0002:00000010       __imp_GetTickCount         0000000180003010     kernel32:KERNEL32.dll
 0002:00000018       __imp_QueryPerformanceCounter 0000000180003018     kernel32:KERNEL32.dll
 0002:00000020       __imp_DisableThreadLibraryCalls 0000000180003020     kernel32:KERNEL32.dll
 0002:00000028       __imp_Sleep                0000000180003028     kernel32:KERNEL32.dll
 0002:00000030       __imp_GetSystemTimeAsFileTime 0000000180003030     kernel32:KERNEL32.dll
 0002:00000038       \177KERNEL32_NULL_THUNK_DATA 0000000180003038     kernel32:KERNEL32.dll
 0002:00000040       __imp__lock                0000000180003040     MSVCRT:MSVCR90.dll
 0002:00000048       __imp__onexit              0000000180003048     MSVCRT:MSVCR90.dll
 0002:00000050       __imp__decode_pointer      0000000180003050     MSVCRT:MSVCR90.dll
 0002:00000058       __imp__malloc_crt          0000000180003058     MSVCRT:MSVCR90.dll
 0002:00000060       __imp__initterm            0000000180003060     MSVCRT:MSVCR90.dll
 0002:00000068       __imp__initterm_e          0000000180003068     MSVCRT:MSVCR90.dll
 0002:00000070       __imp__encode_pointer      0000000180003070     MSVCRT:MSVCR90.dll
 0002:00000078       __imp__amsg_exit           0000000180003078     MSVCRT:MSVCR90.dll
 0002:00000080       __imp___CppXcptFilter      0000000180003080     MSVCRT:MSVCR90.dll
 0002:00000088       __imp_?terminate@@YAXXZ    0000000180003088     MSVCRT:MSVCR90.dll
 0002:00000090       __imp_?_type_info_dtor_internal_method@type_info@@QEAAXXZ 0000000180003090     MSVCRT:MSVCR90.dll
 0002:00000098       __imp___clean_type_info_names_internal 0000000180003098     MSVCRT:MSVCR90.dll
 0002:000000a0       __imp___dllonexit          00000001800030a0     MSVCRT:MSVCR90.dll
 0002:000000a8       __imp__unlock              00000001800030a8     MSVCRT:MSVCR90.dll
 0002:000000b0       __imp___C_specific_handler 00000001800030b0     MSVCRT:MSVCR90.dll
 0002:000000b8       __imp_free                 00000001800030b8     MSVCRT:MSVCR90.dll
 0002:000000c0       __imp_??3@YAXPEAX@Z        00000001800030c0     MSVCRT:MSVCR90.dll
 0002:000000c8       __imp__encoded_null        00000001800030c8     MSVCRT:MSVCR90.dll
 0002:000000d0       __imp__purecall            00000001800030d0     MSVCRT:MSVCR90.dll
 0002:000000d8       __imp___CxxFrameHandler3   00000001800030d8     MSVCRT:MSVCR90.dll
 0002:000000e0       \177MSVCR90_NULL_THUNK_DATA 00000001800030e0     MSVCRT:MSVCR90.dll
 0002:000000e8       __xc_a                     00000001800030e8     MSVCRT:cinitexe.obj
 0002:000002a8       __xc_z                     00000001800032a8     MSVCRT:cinitexe.obj
 0002:000002b0       __xi_a                     00000001800032b0     MSVCRT:cinitexe.obj
 0002:000002c0       __xi_z                     00000001800032c0     MSVCRT:cinitexe.obj
 0002:000002d8       ??_7type_info@@6B@         00000001800032d8     MSVCRT:ti_inst.obj
 0002:000002e0       _pRawDllMain               00000001800032e0     MSVCRT:crtdll.obj
 0002:000002e0       _pDefaultRawDllMain        00000001800032e0     MSVCRT:crtdll.obj
 0002:000002e8       ??_C@_0P@GHFPNOJB@bad?5allocation?$AA@ 00000001800032e8     plugin_test1.obj
 0002:000002f8       ??_C@_0BF@OCNNAADO@UModSys?3?3core?3?3IRoot?$AA@ 00000001800032f8     plugin_test1.obj
 0002:00000310       ??_C@_0BK@EMIJFOPA@UModSys?3?3core?3?3IRefObject?$AA@ 0000000180003310     plugin_test1.obj
 0002:00000330       ??_C@_0BL@IOMMHELF@UModSys?3?3core?3?3IParameters?$AA@ 0000000180003330     plugin_test1.obj
 0002:00000350       ??_C@_0BI@IKAOEFAP@UModSys?3?3base?3?3IConsole?$AA@ 0000000180003350     plugin_test1.obj
 0002:00000368       ??_C@_0BH@LKDEEPPM@UModSys?3?3base?3?3IModule?$AA@ 0000000180003368     plugin_test1.obj
 0002:00000380       ??_C@_0BO@PHJOHFCB@UModSys?3?3base?3?3IModuleLibrary?$AA@ 0000000180003380     plugin_test1.obj
 0002:000003a0       ??_C@_0BH@PFCONEJJ@UModSys?3?3base?3?3ISystem?$AA@ 00000001800033a0     plugin_test1.obj
 0002:000003b8       ??_C@_0BK@FDPIOPHG@UModSys?3?3base?3?3IModObject?$AA@ 00000001800033b8     plugin_test1.obj
 0002:000003d8       ??_C@_0BK@OIBKNCKJ@UModSys?3?3base?3?3IGenerator?$AA@ 00000001800033d8     plugin_test1.obj
 0002:000003f8       ??_C@_0BG@PJBGCMEC@UModSys?3?3base?3?3IShell?$AA@ 00000001800033f8     plugin_test1.obj
 0002:00000410       ??_C@_0BN@FAEMELKH@UModSys?3?3test1?3?3RTest1_Shell?$AA@ 0000000180003410     plugin_test1.obj
 0002:00000430       ??_C@_0BA@MLPBDIMG@RTest1_Shell?$CI?$CJ?6?$AA@ 0000000180003430     plugin_test1.obj
 0002:00000440       ??_C@_0CL@BCMGJOII@UModSys?3?3test1?3?3RTest1_Shell?3?3RT@ 0000000180003440     plugin_test1.obj
 0002:00000470       ??_C@_0CK@OICDGBDJ@?4?4?2?4?4?2?4?4?2src?2plugin?2test?2plugin_@ 0000000180003470     plugin_test1.obj
 0002:000004a0       ??_C@_0CM@DLLPFCHF@UModSys?3?3test1?3?3RTest1_Shell?3?3?$HOR@ 00000001800034a0     plugin_test1.obj
 0002:000004d0       ??_C@_0BB@MLDFLEML@?$HORTest1_Shell?$CI?$CJ?6?$AA@ 00000001800034d0     plugin_test1.obj
 0002:000004e8       ??_C@_0BJ@CCPCJEPP@RTest1_Shell?3?3connect?$CI?$CJ?6?$AA@ 00000001800034e8     plugin_test1.obj
 0002:00000508       ??_C@_0BM@KBDBHLN@RTest1_Shell?3?3disconnect?$CI?$CJ?6?$AA@ 0000000180003508     plugin_test1.obj
 0002:00000528       ??_C@_0BI@PGLACHLJ@RTest1_Shell?3?3tick?$CI?$CFg?$CJ?6?$AA@ 0000000180003528     plugin_test1.obj
 0002:00000540       ??_C@_0BM@JFIEEBE@RTest1_Shell?3?3command?$CI?$CD?$CFd?$CJ?6?$AA@ 0000000180003540     plugin_test1.obj
 0002:00000560       ??_C@_0CB@KLHNBAJE@UModSys?3?3test1?3?3RTest1_Generator@ 0000000180003560     plugin_test1.obj
 0002:00000588       ??_C@_0CI@BGMLNDEB@UModSys?3?3test1?3?3RTest1_Generator@ 0000000180003588     plugin_test1.obj
 0002:000005b0       ??_C@_0BA@NMEBLMNE@Test?51?5?9?5module?$AA@ 00000001800035b0     plugin_test1.obj
 0002:000005c0       ??_C@_05GENPCEMM@Test1?$AA@ 00000001800035c0     plugin_test1.obj
 0002:000005c8       ??_C@_0BK@LIIMFEEN@RTest1_ModuleReg?3?3open?$CI?$CJ?6?$AA@ 00000001800035c8     plugin_test1.obj
 0002:000005e8       ??_C@_0BL@GPGMDKM@RTest1_ModuleReg?3?3close?$CI?$CJ?6?$AA@ 00000001800035e8     plugin_test1.obj
 0002:00000608       ??_C@_09JGNMLHG@modobject?$AA@ 0000000180003608     plugin_test1.obj
 0002:00000618       ??_C@_08FCBDOIAH@typeinfo?$AA@ 0000000180003618     plugin_test1.obj
 0002:00000638       ??_7IRoot@core@UModSys@@6B@ 0000000180003638     plugin_test1.obj
 0002:00000678       ??_7RTest1_Generator@test1@UModSys@@6B@ 0000000180003678     plugin_test1.obj
 0002:00000708       ??_7RTest1_Shell@test1@UModSys@@6B@ 0000000180003708     plugin_test1.obj
 0002:00000780       ??_7RTest1_ModuleReg@test1@UModSys@@6B@ 0000000180003780     plugin_test1.obj
 0002:000007b8       ??_7RModuleLibraryReg_Chain@base@UModSys@@6B@ 00000001800037b8     umodsys_lib_base:umodsys.base.moduleregchain.obj
 0002:000007f0       ??_7IModuleReg@base@UModSys@@6B@ 00000001800037f0     umodsys_lib_base:umodsys.base.modulereg.obj
 0002:00000828       ??_7IModuleLibraryReg@base@UModSys@@6B@ 0000000180003828     umodsys_lib_base:umodsys.base.modulereg.obj
 0002:00000858       __real@3f50624dd2f1a9fc    0000000180003858      CIL library: CIL module
 0002:000008d8       ??_R4type_info@@6B@        00000001800038d8     MSVCRT:ti_inst.obj
 0002:00000900       ??_R3type_info@@8          0000000180003900     MSVCRT:ti_inst.obj
 0002:00000918       ??_R2type_info@@8          0000000180003918     MSVCRT:ti_inst.obj
 0002:00000928       ??_R1A@?0A@EA@type_info@@8 0000000180003928     MSVCRT:ti_inst.obj
 0002:00000950       ??_R4RTest1_ModuleReg@test1@UModSys@@6B@ 0000000180003950     plugin_test1.obj
 0002:00000978       ??_R3RTest1_ModuleReg@test1@UModSys@@8 0000000180003978     plugin_test1.obj
 0002:00000990       ??_R2RTest1_ModuleReg@test1@UModSys@@8 0000000180003990     plugin_test1.obj
 0002:000009a8       ??_R1A@?0A@EA@IModuleReg@base@UModSys@@8 00000001800039a8     plugin_test1.obj
 0002:000009d0       ??_R3IModuleReg@base@UModSys@@8 00000001800039d0     plugin_test1.obj
 0002:000009e8       ??_R2IModuleReg@base@UModSys@@8 00000001800039e8     plugin_test1.obj
 0002:000009f8       ??_R1A@?0A@EA@RTest1_ModuleReg@test1@UModSys@@8 00000001800039f8     plugin_test1.obj
 0002:00000a20       ??_R4RTest1_Shell@test1@UModSys@@6B@ 0000000180003a20     plugin_test1.obj
 0002:00000a48       ??_R3RTest1_Shell@test1@UModSys@@8 0000000180003a48     plugin_test1.obj
 0002:00000a60       ??_R2RTest1_Shell@test1@UModSys@@8 0000000180003a60     plugin_test1.obj
 0002:00000a88       ??_R1A@?0A@EA@RTest1_Shell@test1@UModSys@@8 0000000180003a88     plugin_test1.obj
 0002:00000ab0       ??_R4RTest1_Generator@test1@UModSys@@6B@ 0000000180003ab0     plugin_test1.obj
 0002:00000ad8       ??_R3RTest1_Generator@test1@UModSys@@8 0000000180003ad8     plugin_test1.obj
 0002:00000af0       ??_R2RTest1_Generator@test1@UModSys@@8 0000000180003af0     plugin_test1.obj
 0002:00000b20       ??_R1A@?0A@EA@RTest1_Generator@test1@UModSys@@8 0000000180003b20     plugin_test1.obj
 0002:00000b48       ??_R3IShell@base@UModSys@@8 0000000180003b48     plugin_test1.obj
 0002:00000b60       ??_R2IShell@base@UModSys@@8 0000000180003b60     plugin_test1.obj
 0002:00000b80       ??_R1A@?0A@EA@IShell@base@UModSys@@8 0000000180003b80     plugin_test1.obj
 0002:00000ba8       ??_R3IGenerator@base@UModSys@@8 0000000180003ba8     plugin_test1.obj
 0002:00000bc0       ??_R2IGenerator@base@UModSys@@8 0000000180003bc0     plugin_test1.obj
 0002:00000be8       ??_R1A@?0A@EA@IGenerator@base@UModSys@@8 0000000180003be8     plugin_test1.obj
 0002:00000c10       ??_R3IModObject@base@UModSys@@8 0000000180003c10     plugin_test1.obj
 0002:00000c28       ??_R2IModObject@base@UModSys@@8 0000000180003c28     plugin_test1.obj
 0002:00000c48       ??_R1A@?0A@EA@IModObject@base@UModSys@@8 0000000180003c48     plugin_test1.obj
 0002:00000c70       ??_R3IRefObject@core@UModSys@@8 0000000180003c70     plugin_test1.obj
 0002:00000c88       ??_R2IRefObject@core@UModSys@@8 0000000180003c88     plugin_test1.obj
 0002:00000ca0       ??_R1A@?0A@EA@IRefObject@core@UModSys@@8 0000000180003ca0     plugin_test1.obj
 0002:00000cc8       ??_R4IRoot@core@UModSys@@6B@ 0000000180003cc8     plugin_test1.obj
 0002:00000cf0       ??_R3IRoot@core@UModSys@@8 0000000180003cf0     plugin_test1.obj
 0002:00000d08       ??_R2IRoot@core@UModSys@@8 0000000180003d08     plugin_test1.obj
 0002:00000d18       ??_R1A@?0A@EA@IRoot@core@UModSys@@8 0000000180003d18     plugin_test1.obj
 0002:00000d40       ??_R4RModuleLibraryReg_Chain@base@UModSys@@6B@ 0000000180003d40     umodsys_lib_base:umodsys.base.moduleregchain.obj
 0002:00000d68       ??_R3RModuleLibraryReg_Chain@base@UModSys@@8 0000000180003d68     umodsys_lib_base:umodsys.base.moduleregchain.obj
 0002:00000d80       ??_R2RModuleLibraryReg_Chain@base@UModSys@@8 0000000180003d80     umodsys_lib_base:umodsys.base.moduleregchain.obj
 0002:00000d98       ??_R1A@?0A@EA@IModuleLibraryReg@base@UModSys@@8 0000000180003d98     umodsys_lib_base:umodsys.base.moduleregchain.obj
 0002:00000dc0       ??_R3IModuleLibraryReg@base@UModSys@@8 0000000180003dc0     umodsys_lib_base:umodsys.base.moduleregchain.obj
 0002:00000dd8       ??_R2IModuleLibraryReg@base@UModSys@@8 0000000180003dd8     umodsys_lib_base:umodsys.base.moduleregchain.obj
 0002:00000de8       ??_R1A@?0A@EA@RModuleLibraryReg_Chain@base@UModSys@@8 0000000180003de8     umodsys_lib_base:umodsys.base.moduleregchain.obj
 0002:00000e10       ??_R4IModuleLibraryReg@base@UModSys@@6B@ 0000000180003e10     umodsys_lib_base:umodsys.base.modulereg.obj
 0002:00000e38       ??_R4IModuleReg@base@UModSys@@6B@ 0000000180003e38     umodsys_lib_base:umodsys.base.modulereg.obj
 0002:00000e60       __rtc_iaa                  0000000180003e60     MSVCRT:_initsect_.obj
 0002:00000e68       __rtc_izz                  0000000180003e68     MSVCRT:_initsect_.obj
 0002:00000e70       __rtc_taa                  0000000180003e70     MSVCRT:_initsect_.obj
 0002:00000e78       __rtc_tzz                  0000000180003e78     MSVCRT:_initsect_.obj
 0002:00001070       __IMPORT_DESCRIPTOR_MSVCR90 0000000180004070     MSVCRT:MSVCR90.dll
 0002:00001084       __IMPORT_DESCRIPTOR_KERNEL32 0000000180004084     kernel32:KERNEL32.dll
 0002:00001098       __NULL_IMPORT_DESCRIPTOR   0000000180004098     MSVCRT:MSVCR90.dll
 0003:00000000       ??_R0?AVtype_info@@@8      0000000180005000     MSVCRT:ti_inst.obj
 0003:00000020       __native_dllmain_reason    0000000180005020     MSVCRT:natstart.obj
 0003:00000024       __native_vcclrit_reason    0000000180005024     MSVCRT:natstart.obj
 0003:00000028       __security_cookie          0000000180005028     MSVCRT:gs_cookie.obj
 0003:00000030       __security_cookie_complement 0000000180005030     MSVCRT:gs_cookie.obj
 0003:00000038       ??_R0?AUIModuleReg@base@UModSys@@@8 0000000180005038     plugin_test1.obj
 0003:00000068       ??_R0?AURTest1_ModuleReg@test1@UModSys@@@8 0000000180005068     plugin_test1.obj
 0003:000000a0       ??_R0?AURTest1_Shell@test1@UModSys@@@8 00000001800050a0     plugin_test1.obj
 0003:000000d8       ??_R0?AURTest1_Generator@test1@UModSys@@@8 00000001800050d8     plugin_test1.obj
 0003:00000110       ??_R0?AUIShell@base@UModSys@@@8 0000000180005110     plugin_test1.obj
 0003:00000140       ??_R0?AUIGenerator@base@UModSys@@@8 0000000180005140     plugin_test1.obj
 0003:00000170       ??_R0?AUIModObject@base@UModSys@@@8 0000000180005170     plugin_test1.obj
 0003:000001a0       ??_R0?AUIRefObject@core@UModSys@@@8 00000001800051a0     plugin_test1.obj
 0003:000001d0       ??_R0?AUIRoot@core@UModSys@@@8 00000001800051d0     plugin_test1.obj
 0003:00000228       ?so_entry_enabled_flag@base@UModSys@@3HA 0000000180005228     umodsys_lib_base:umodsys.so_main.win32.obj
 0003:00000250       ?s_modreg@RTest1_ModuleReg@test1@UModSys@@2U123@A 0000000180005250     plugin_test1.obj
 0003:000002a0       ?s_modreg_chain@RTest1_ModuleReg@test1@UModSys@@2USModuleRegChain@base@3@A 00000001800052a0     plugin_test1.obj
 0003:000002b8       ?s_library@RModuleLibraryReg_Chain@base@UModSys@@2U123@A 00000001800052b8     umodsys_lib_base:umodsys.base.moduleregchain.obj
 0003:000002c0       ??_R0?AUIModuleLibraryReg@base@UModSys@@@8 00000001800052c0     umodsys_lib_base:umodsys.base.moduleregchain.obj
 0003:000002f8       ??_R0?AURModuleLibraryReg_Chain@base@UModSys@@@8 00000001800052f8     umodsys_lib_base:umodsys.base.moduleregchain.obj
 0003:00000334       _fltused                   0000000180005334     MSVCRT:dllsupp.obj
 0003:0000033c       _forceCRTManifestRTM       000000018000533c     MSVCRT:crtmanifestrtm.obj
 0003:00000340       ?__type_info_root_node@@3U__type_info_node@@A 0000000180005340     MSVCRT:tncleanup.obj
 0003:00000380       ?s_uid@RTest1_Generator@test1@UModSys@@2USUniquePointer@core@3@A 0000000180005380     plugin_test1.obj
 0003:000003b0       ?M@UModSys@@3USModuleContext@base@1@A 00000001800053b0     umodsys_lib_base:umodsys.base.modulecontext.obj
 0003:000003c8       ?root@SModuleRegChain@base@UModSys@@2U123@A 00000001800053c8     umodsys_lib_base:umodsys.base.moduleregchain.obj
 0003:000003e0       ?root@SUniquePointer@core@UModSys@@2U123@A 00000001800053e0     umodsys_lib_core:umodsys.core.uniqueptr.obj
 0003:00000410       ?s_id@?$TObjectUniqueID@UIModObject@base@UModSys@@@tl@UModSys@@2USUniquePointer@core@3@A 0000000180005410     plugin_test1.obj
 0003:00000440       ?s_id@?$TObjectUniqueID@UIGenerator@base@UModSys@@@tl@UModSys@@2USUniquePointer@core@3@A 0000000180005440     plugin_test1.obj
 0003:00000470       ?s_id@?$TObjectUniqueID@UIModule@base@UModSys@@@tl@UModSys@@2USUniquePointer@core@3@A 0000000180005470     plugin_test1.obj
 0003:000004a0       ?s_id@?$TObjectUniqueID@UIRoot@core@UModSys@@@tl@UModSys@@2USUniquePointer@core@3@A 00000001800054a0     plugin_test1.obj
 0003:000004d0       ?s_id@?$TObjectUniqueID@UISystem@base@UModSys@@@tl@UModSys@@2USUniquePointer@core@3@A 00000001800054d0     plugin_test1.obj
 0003:00000500       ?s_id@?$TObjectUniqueID@UIRefObject@core@UModSys@@@tl@UModSys@@2USUniquePointer@core@3@A 0000000180005500     plugin_test1.obj
 0003:00000530       ?s_id@?$TObjectUniqueID@UIShell@base@UModSys@@@tl@UModSys@@2USUniquePointer@core@3@A 0000000180005530     plugin_test1.obj
 0003:00000560       ?s_id@?$TObjectUniqueID@UIConsole@base@UModSys@@@tl@UModSys@@2USUniquePointer@core@3@A 0000000180005560     plugin_test1.obj
 0003:00000590       ?s_id@?$TObjectUniqueID@URTest1_Generator@test1@UModSys@@@tl@UModSys@@2USUniquePointer@core@3@A 0000000180005590     plugin_test1.obj
 0003:000005c0       ?s_id@?$TObjectUniqueID@UIModuleLibrary@base@UModSys@@@tl@UModSys@@2USUniquePointer@core@3@A 00000001800055c0     plugin_test1.obj
 0003:000005f0       ?s_id@?$TObjectUniqueID@URTest1_Shell@test1@UModSys@@@tl@UModSys@@2USUniquePointer@core@3@A 00000001800055f0     plugin_test1.obj
 0003:00000620       ?s_id@?$TObjectUniqueID@UIParameters@core@UModSys@@@tl@UModSys@@2USUniquePointer@core@3@A 0000000180005620     plugin_test1.obj
 0003:00000650       __native_startup_state     0000000180005650     <common>
 0003:00000658       __native_startup_lock      0000000180005658     <common>
 0003:00000660       __dyn_tls_init_callback    0000000180005660     <common>
 0003:00000668       __onexitend                0000000180005668     <common>
 0003:00000670       __onexitbegin              0000000180005670     <common>

 entry point at        0001:00000e64

 Static symbols

 0001:00000a70       pre_c_init                 0000000180001a70 f   MSVCRT:crtdll.obj
 0001:00000d2c       __DllMainCRTStartup        0000000180001d2c f   MSVCRT:crtdll.obj
 0001:000011c0       _onexit$fin$0              00000001800021c0 f   MSVCRT:atonexit.obj
 0001:000011d9       __DllMainCRTStartup$filt$0 00000001800021d9 f   MSVCRT:crtdll.obj
 0001:00001209       __DllMainCRTStartup$fin$1  0000000180002209 f   MSVCRT:crtdll.obj
 0001:00001222       ?filt$0@?0??__ArrayUnwind@@YAXPEAX_KHP6AX0@Z@Z@4HA 0000000180002222 f   MSVCRT:ehvecdtr.obj
 0001:00001261       ?fin$0@?0???_M@YAXPEAX_KHP6AX0@Z@Z@4HA 0000000180002261 f   MSVCRT:ehvecdtr.obj
 0001:00001290       _IsNonwritableInCurrentImage$filt$0 0000000180002290 f   MSVCRT:pesect.obj
 0001:000012b1       ?dtor$0@?0???_GRTest1_Shell@test1@UModSys@@UEAAPEAXI@Z@4HA 00000001800022b1 f    CIL library: CIL module
 0001:000012c9       ?dtor$0@?0??generate@RTest1_Generator@test1@UModSys@@UEAA_NAEAU?$TRefObject@UIRefObject@core@UModSys@@@tl@3@PEBUSUniquePointerInfo@core@3@AEBUSParameters@73@@Z@4HA 00000001800022c9 f    CIL library: CIL module
 0001:000012e9       ?dtor$1@?0??generate@RTest1_Generator@test1@UModSys@@UEAA_NAEAU?$TRefObject@UIRefObject@core@UModSys@@@tl@3@PEBUSUniquePointerInfo@core@3@AEBUSParameters@73@@Z@4HA 00000001800022e9 f    CIL library: CIL module
 0001:00001301       ?dtor$0@?0??suicide@RTest1_Shell@test1@UModSys@@UEAAXXZ@4HA 0000000180002301 f    CIL library: CIL module
 0001:0000131c       ??__E?s_modreg@RTest1_ModuleReg@test1@UModSys@@2U123@A@@YAXXZ 000000018000231c f    CIL library: CIL module
 0001:000013ac       ??__E?s_modreg_chain@RTest1_ModuleReg@test1@UModSys@@2USModuleRegChain@base@3@A@@YAXXZ 00000001800023ac f    CIL library: CIL module
 0001:000013e8       ??__E?s_uid@RTest1_Generator@test1@UModSys@@2USUniquePointer@core@3@A@@YAXXZ 00000001800023e8 f    CIL library: CIL module
 0001:0000141c       ??__E?s_id@?$TObjectUniqueID@UIRoot@core@UModSys@@@tl@UModSys@@2USUniquePointer@core@3@A@@YAXXZ 000000018000241c f    CIL library: CIL module
 0001:00001450       ??__E?s_id@?$TObjectUniqueID@UIRefObject@core@UModSys@@@tl@UModSys@@2USUniquePointer@core@3@A@@YAXXZ 0000000180002450 f    CIL library: CIL module
 0001:00001484       ??__E?s_id@?$TObjectUniqueID@UIParameters@core@UModSys@@@tl@UModSys@@2USUniquePointer@core@3@A@@YAXXZ 0000000180002484 f    CIL library: CIL module
 0001:000014b8       ??__E?s_id@?$TObjectUniqueID@UIConsole@base@UModSys@@@tl@UModSys@@2USUniquePointer@core@3@A@@YAXXZ 00000001800024b8 f    CIL library: CIL module
 0001:000014ec       ??__E?s_id@?$TObjectUniqueID@UIModule@base@UModSys@@@tl@UModSys@@2USUniquePointer@core@3@A@@YAXXZ 00000001800024ec f    CIL library: CIL module
 0001:00001520       ??__E?s_id@?$TObjectUniqueID@UIModuleLibrary@base@UModSys@@@tl@UModSys@@2USUniquePointer@core@3@A@@YAXXZ 0000000180002520 f    CIL library: CIL module
 0001:00001554       ??__E?s_id@?$TObjectUniqueID@UISystem@base@UModSys@@@tl@UModSys@@2USUniquePointer@core@3@A@@YAXXZ 0000000180002554 f    CIL library: CIL module
 0001:00001588       ??__E?s_id@?$TObjectUniqueID@UIModObject@base@UModSys@@@tl@UModSys@@2USUniquePointer@core@3@A@@YAXXZ 0000000180002588 f    CIL library: CIL module
 0001:000015bc       ??__E?s_id@?$TObjectUniqueID@UIGenerator@base@UModSys@@@tl@UModSys@@2USUniquePointer@core@3@A@@YAXXZ 00000001800025bc f    CIL library: CIL module
 0001:000015f0       ??__E?s_id@?$TObjectUniqueID@UIShell@base@UModSys@@@tl@UModSys@@2USUniquePointer@core@3@A@@YAXXZ 00000001800025f0 f    CIL library: CIL module
 0001:00001624       ??__E?s_id@?$TObjectUniqueID@URTest1_Shell@test1@UModSys@@@tl@UModSys@@2USUniquePointer@core@3@A@@YAXXZ 0000000180002624 f    CIL library: CIL module
 0001:00001658       ??__E?s_id@?$TObjectUniqueID@URTest1_Generator@test1@UModSys@@@tl@UModSys@@2USUniquePointer@core@3@A@@YAXXZ 0000000180002658 f    CIL library: CIL module
 0001:0000168c       ??__EM@UModSys@@YAXXZ      000000018000268c f    CIL library: CIL module
 0001:00001698       ??__E?root@SModuleRegChain@base@UModSys@@2U123@A@@YAXXZ 0000000180002698 f    CIL library: CIL module
 0001:000016a4       ??__E?s_library@RModuleLibraryReg_Chain@base@UModSys@@2U123@A@@YAXXZ 00000001800026a4 f    CIL library: CIL module
 0001:000016b0       ??__E?root@SUniquePointer@core@UModSys@@2U123@A@@YAXXZ 00000001800026b0 f    CIL library: CIL module
 0001:000016bc       ??__F?s_modreg@RTest1_ModuleReg@test1@UModSys@@2U123@A@@YAXXZ 00000001800026bc f    CIL library: CIL module
 0001:000016cc       ??__F?s_modreg_chain@RTest1_ModuleReg@test1@UModSys@@2USModuleRegChain@base@3@A@@YAXXZ 00000001800026cc f    CIL library: CIL module
 0001:0000170c       ??__F?s_uid@RTest1_Generator@test1@UModSys@@2USUniquePointer@core@3@A@@YAXXZ 000000018000270c f    CIL library: CIL module
 0001:00001718       ??__Fh@?1??s_holder@RTest1_Generator@test1@UModSys@@SAAEAU?$TTypeStaticHolder@URTest1_Generator@test1@UModSys@@@tl@3@XZ@YAXXZ 0000000180002718 f    CIL library: CIL module
 0001:00001740       ??__F?s_id@?$TObjectUniqueID@URTest1_Generator@test1@UModSys@@@tl@UModSys@@2USUniquePointer@core@3@A@@YAXXZ 0000000180002740 f    CIL library: CIL module
 0001:0000174c       ??__F?s_id@?$TObjectUniqueID@URTest1_Shell@test1@UModSys@@@tl@UModSys@@2USUniquePointer@core@3@A@@YAXXZ 000000018000274c f    CIL library: CIL module
 0001:00001758       ??__F?s_id@?$TObjectUniqueID@UIShell@base@UModSys@@@tl@UModSys@@2USUniquePointer@core@3@A@@YAXXZ 0000000180002758 f    CIL library: CIL module
 0001:00001764       ??__F?s_id@?$TObjectUniqueID@UIGenerator@base@UModSys@@@tl@UModSys@@2USUniquePointer@core@3@A@@YAXXZ 0000000180002764 f    CIL library: CIL module
 0001:00001770       ??__F?s_id@?$TObjectUniqueID@UIModObject@base@UModSys@@@tl@UModSys@@2USUniquePointer@core@3@A@@YAXXZ 0000000180002770 f    CIL library: CIL module
 0001:0000177c       ??__F?s_id@?$TObjectUniqueID@UISystem@base@UModSys@@@tl@UModSys@@2USUniquePointer@core@3@A@@YAXXZ 000000018000277c f    CIL library: CIL module
 0001:00001788       ??__F?s_id@?$TObjectUniqueID@UIModuleLibrary@base@UModSys@@@tl@UModSys@@2USUniquePointer@core@3@A@@YAXXZ 0000000180002788 f    CIL library: CIL module
 0001:00001794       ??__F?s_id@?$TObjectUniqueID@UIModule@base@UModSys@@@tl@UModSys@@2USUniquePointer@core@3@A@@YAXXZ 0000000180002794 f    CIL library: CIL module
 0001:000017a0       ??__F?s_id@?$TObjectUniqueID@UIConsole@base@UModSys@@@tl@UModSys@@2USUniquePointer@core@3@A@@YAXXZ 00000001800027a0 f    CIL library: CIL module
 0001:000017ac       ??__F?s_id@?$TObjectUniqueID@UIParameters@core@UModSys@@@tl@UModSys@@2USUniquePointer@core@3@A@@YAXXZ 00000001800027ac f    CIL library: CIL module
 0001:000017b8       ??__F?s_id@?$TObjectUniqueID@UIRefObject@core@UModSys@@@tl@UModSys@@2USUniquePointer@core@3@A@@YAXXZ 00000001800027b8 f    CIL library: CIL module
 0001:000017c4       ??__F?s_id@?$TObjectUniqueID@UIRoot@core@UModSys@@@tl@UModSys@@2USUniquePointer@core@3@A@@YAXXZ 00000001800027c4 f    CIL library: CIL module
 0001:000017d0       ??__FM@UModSys@@YAXXZ      00000001800027d0 f    CIL library: CIL module
 0001:000017d4       ??__F?root@SModuleRegChain@base@UModSys@@2U123@A@@YAXXZ 00000001800027d4 f    CIL library: CIL module
 0001:00001814       ??__F?s_library@RModuleLibraryReg_Chain@base@UModSys@@2U123@A@@YAXXZ 0000000180002814 f    CIL library: CIL module
 0001:00001824       ??__F?root@SUniquePointer@core@UModSys@@2U123@A@@YAXXZ 0000000180002824 f    CIL library: CIL module

 Exports

  ordinal    name

        1    UModSys_Plugin_Entry2
