 plugin_test1

 Timestamp is 533590e0 (Fri Mar 28 18:10:24 2014)

 Preferred load address is 0000000180000000

 Start         Length     Name                   Class
 0001:00000000 00039f10H .text                   CODE
 0001:00039f10 0000005eH .text$00                CODE
 0001:00039f70 000020c0H .text$x                 CODE
 0001:0003c030 00002124H .text$yc                CODE
 0001:0003e154 00000a1cH .text$yd                CODE
 0002:00000000 00000418H .idata$5                DATA
 0002:00000418 00000008H .CRT$XCA                DATA
 0002:00000420 00002b38H .CRT$XCU                DATA
 0002:00002f58 00000008H .CRT$XCZ                DATA
 0002:00002f60 00000008H .CRT$XIA                DATA
 0002:00002f68 00000008H .CRT$XIAA               DATA
 0002:00002f70 00000008H .CRT$XIZ                DATA
 0002:00002f80 00011a18H .rdata                  DATA
 0002:000149a0 00003e44H .rdata$r                DATA
 0002:000187e8 00000008H .rtc$IAA                DATA
 0002:000187f0 00000008H .rtc$IZZ                DATA
 0002:000187f8 00000008H .rtc$TAA                DATA
 0002:00018800 00000008H .rtc$TZZ                DATA
 0002:00018808 00003ac8H .xdata                  DATA
 0002:0001c2d0 0000008cH .idata$2                DATA
 0002:0001c35c 00000014H .idata$3                DATA
 0002:0001c370 00000418H .idata$4                DATA
 0002:0001c788 00000918H .idata$6                DATA
 0002:0001d0a0 00000059H .edata                  DATA
 0003:00000000 00002240H .data                   DATA
 0003:00002240 000028e0H .bss                    DATA
 0004:00000000 00002e80H .pdata                  DATA

  Address         Publics by Value              Rva+Base               Lib:Object

 0000:00000000       ___safe_se_handler_count   0000000000000000     <absolute>
 0000:00000000       ___safe_se_handler_table   0000000000000000     <absolute>
 0000:00000000       __ImageBase                0000000180000000     <linker-defined>
 0001:00000000       ??1SMemShared@core@UModSys@@QEAA@XZ 0000000180001000 f i plugin_test1.obj
 0001:00000000       ??1SCMemShared@core@UModSys@@QEAA@XZ 0000000180001000 f i plugin_test1.obj
 0001:00000000       ??1State@RImage_Memory@stdlib@lib2d@modules@UModSys@@QEAA@XZ 0000000180001000 f i umodsys_lib_lib2d:umodsys.mod.2d.stdlib.obj
 0001:00000030       ??6SUniquePtrList@core@UModSys@@QEAAAEAU012@PEBUSUniquePointerInfo@12@@Z 0000000180001030 f i plugin_test1.obj
 0001:000000e8       ??3IRoot@core@UModSys@@SAXPEAXAEBUSIMemAlloc@12@@Z 00000001800010e8 f i plugin_test1.obj
 0001:00000114       ??1IVisualObject_Camera@lib3d@UModSys@@UEAA@XZ 0000000180001114 f i umodsys_lib_lib3d:umodsys.mod.3d.stdlib.obj
 0001:00000114       ??1IBinObjFilter@libmedia@UModSys@@UEAA@XZ 0000000180001114 f i plugin_test1.obj
 0001:00000114       ??1IVisualObject_Brush@lib3d@UModSys@@UEAA@XZ 0000000180001114 f i umodsys_lib_lib3d:umodsys.mod.3d.stdlib.obj
 0001:00000150       ?root_get_interface_info@RTest1_Shell@test1@test@modules@UModSys@@UEBAAEBUSUniquePointerInfo@core@5@XZ 0000000180001150 f i plugin_test1.obj
 0001:00000158       ?root_get_interface_type@RTest1_Shell@test1@test@modules@UModSys@@UEBAPEBUSUniquePointerInfo@core@5@XZ 0000000180001158 f i plugin_test1.obj
 0001:00000160       ?root_get_other_interface@RTest1_Shell@test1@test@modules@UModSys@@UEAAPEAUIRoot@core@5@PEBUSUniquePointerInfo@75@@Z 0000000180001160 f i plugin_test1.obj
 0001:00000160       ?root_get_other_interface@RTest1_Shell@test1@test@modules@UModSys@@UEBAPEBUIRoot@core@5@PEBUSUniquePointerInfo@75@@Z 0000000180001160 f i plugin_test1.obj
 0001:00000190       ?root_is_interface_supported@RTest1_Shell@test1@test@modules@UModSys@@UEBA_NPEBUSUniquePointerInfo@core@5@@Z 0000000180001190 f i plugin_test1.obj
 0001:000001c0       ?ref_add@RTest1_Shell@test1@test@modules@UModSys@@UEBAXXZ 00000001800011c0 f i plugin_test1.obj
 0001:000001c4       ?ref_remove@RTest1_Shell@test1@test@modules@UModSys@@UEBAXXZ 00000001800011c4 f i plugin_test1.obj
 0001:000001dc       ?ref_links@RTest1_Shell@test1@test@modules@UModSys@@UEBAHXZ 00000001800011dc f i plugin_test1.obj
 0001:000001e0       ?ref_weak@RTest1_Shell@test1@test@modules@UModSys@@UEBA_NAEAUWeakPointer@IRefObject@core@5@@Z 00000001800011e0 f i plugin_test1.obj
 0001:00000200       ?suicide@RTest1_Shell@test1@test@modules@UModSys@@UEAAXXZ 0000000180001200 f i plugin_test1.obj
 0001:0000024c       ??0RTest1_Shell@test1@test@modules@UModSys@@QEAA@PEAUIModObject@base@4@@Z 000000018000124c f i plugin_test1.obj
 0001:00000398       ?connect@RTest1_Shell@test1@test@modules@UModSys@@UEAA_NXZ 0000000180001398 f i plugin_test1.obj
 0001:000003bc       ?disconnect@RTest1_Shell@test1@test@modules@UModSys@@UEAA_NXZ 00000001800013bc f i plugin_test1.obj
 0001:000003e0       ?process_tick@RTest1_Shell@test1@test@modules@UModSys@@UEAA_NAEBUSTimeMsec@core@5@@Z 00000001800013e0 f i plugin_test1.obj
 0001:0000041c       ?process_command@RTest1_Shell@test1@test@modules@UModSys@@UEAA_NHQEBU?$TString@U?$TSCoreConst@D@su@tl@UModSys@@U?$TComparerBinaryHash@D@234@@tl@5@@Z 000000018000141c f i plugin_test1.obj
 0001:00000444       ??_GRTest1_Shell@test1@test@modules@UModSys@@UEAAPEAXI@Z 0000000180001444 f i plugin_test1.obj
 0001:00000444       ??_ERTest1_Shell@test1@test@modules@UModSys@@UEAAPEAXI@Z 0000000180001444 f i  CIL library: CIL module
 0001:0000050c       ?set_value@Prop@Aux@RTest1_Shell@test1@test@modules@UModSys@@UEAA_NAEBUSPropValueR@core@7@@Z 000000018000150c f i plugin_test1.obj
 0001:000005b8       ?set_value@PropX@Aux@RTest1_Shell@test1@test@modules@UModSys@@UEAA_NPEBUSUniquePointerInfo@core@7@AEBUSPropValueR@97@@Z 00000001800015b8 f i plugin_test1.obj
 0001:00000724       ?aux_tests@RTest1_Shell@test1@test@modules@UModSys@@QEAAXXZ 0000000180001724 f   plugin_test1.obj
 0001:000008ec       ??1?$TParametersA@$0BAL@@core@UModSys@@QEAA@XZ 00000001800018ec f i umodsys_lib_lib2d:umodsys.mod.2d.stdlib.obj
 0001:000008ec       ??1?$TParametersA@$0BAA@@core@UModSys@@QEAA@XZ 00000001800018ec f i umodsys_lib_libui:umodsys.mod.ui.SDL_core.obj
 0001:000008ec       ??1?$TParametersA@$0EAA@@core@UModSys@@QEAA@XZ 00000001800018ec f i plugin_test1.obj
 0001:000008ec       ??1SParameters@core@UModSys@@QEAA@XZ 00000001800018ec f i plugin_test1.obj
 0001:00000908       ?ui_newframes@RTest1_Shell@test1@test@modules@UModSys@@SA?AU?$TRefObject@UICollector@libui@UModSys@@U?$TRefObjectFunc@UICollector@libui@UModSys@@@tl@3@@tl@5@AEBU?$TString@U?$TSCoreConst@D@su@tl@UModSys@@U?$TComparerBinaryHash@D@234@@75@AEBUSParameters@core@5@@Z 0000000180001908 f   plugin_test1.obj
 0001:0000092c       ?ui_newterm@RTest1_Shell@test1@test@modules@UModSys@@SA?AU?$TRefObject@UITerminal@libui@UModSys@@U?$TRefObjectFunc@UITerminal@libui@UModSys@@@tl@3@@tl@5@AEBU?$TString@U?$TSCoreConst@D@su@tl@UModSys@@U?$TComparerBinaryHash@D@234@@75@AEBUSParameters@core@5@@Z 000000018000192c f   plugin_test1.obj
 0001:00000950       ?key_pressed@RTest1_Shell@test1@test@modules@UModSys@@UEAA_NAEBUSKeyboardInputRaw@libui@5@@Z 0000000180001950 f   plugin_test1.obj
 0001:000009b8       ?key_text@RTest1_Shell@test1@test@modules@UModSys@@UEAA_NAEBUSKeyboardInputText@libui@5@@Z 00000001800019b8 f   plugin_test1.obj
 0001:00000a0c       ?mouse_event@RTest1_Shell@test1@test@modules@UModSys@@UEAA_NAEBUSMouseInput@libui@5@@Z 0000000180001a0c f   plugin_test1.obj
 0001:00000aa8       ?command@RTest1_Shell@test1@test@modules@UModSys@@UEAA_NAEBUSController@libui@5@HAEBUSFrameDataIn@75@@Z 0000000180001aa8 f   plugin_test1.obj
 0001:00000af8       ?db_get@RTest1_Shell@test1@test@modules@UModSys@@UEAA_NAEBUSController@libui@5@QEBDAEBUSFrameDataOut@75@@Z 0000000180001af8 f   plugin_test1.obj
 0001:00000b5c       ?db_get@RTest1_Shell@test1@test@modules@UModSys@@UEAA_NAEBUSController@libui@5@QEBDHAEBUSFrameDataOut@75@@Z 0000000180001b5c f   plugin_test1.obj
 0001:00000bc8       ?font_2d@UI_Info@RTest1_Shell@test1@test@modules@UModSys@@QEAA_NXZ 0000000180001bc8 f   plugin_test1.obj
 0001:00000d80       ?init_term@UI_Info@RTest1_Shell@test1@test@modules@UModSys@@QEAA_NPEBD@Z 0000000180001d80 f   plugin_test1.obj
 0001:000011b0       ?new_frames@UI_Info@RTest1_Shell@test1@test@modules@UModSys@@QEAA_NPEAUIController@libui@6@@Z 00000001800021b0 f   plugin_test1.obj
 0001:00001950       ??1SFrameCreateParameters@libui@UModSys@@QEAA@XZ 0000000180002950 f i plugin_test1.obj
 0001:00001974       ?shutdown@UI_Info@RTest1_Shell@test1@test@modules@UModSys@@QEAAXXZ 0000000180002974 f   plugin_test1.obj
 0001:000019c8       ?create_3d@UI_Info@RTest1_Shell@test1@test@modules@UModSys@@QEAA_NPEBD@Z 00000001800029c8 f   plugin_test1.obj
 0001:00002240       ?cycle3d_b@UI_Info@RTest1_Shell@test1@test@modules@UModSys@@QEAAXXZ 0000000180003240 f   plugin_test1.obj
 0001:000027c0       ?new_va_1@UI_Info@RTest1_Shell@test1@test@modules@UModSys@@QEAA_NXZ 00000001800037c0 f   plugin_test1.obj
 0001:00002d08       ?new_va_qc@UI_Info@RTest1_Shell@test1@test@modules@UModSys@@QEAA_NXZ 0000000180003d08 f   plugin_test1.obj
 0001:0000334c       ?fps2_move@UI_Info@RTest1_Shell@test1@test@modules@UModSys@@QEAAXHN@Z 000000018000434c f   plugin_test1.obj
 0001:000033e8       ?fps2_add_rot@UI_Info@RTest1_Shell@test1@test@modules@UModSys@@QEAAXNN@Z 00000001800043e8 f   plugin_test1.obj
 0001:000035a0       ?key_pressed@UI_Info@RTest1_Shell@test1@test@modules@UModSys@@UEAA_NAEBUSKeyboardInputRaw@libui@6@@Z 00000001800045a0 f   plugin_test1.obj
 0001:00003658       ?mouse_event@UI_Info@RTest1_Shell@test1@test@modules@UModSys@@UEAA_NAEBUSMouseInput@libui@6@@Z 0000000180004658 f   plugin_test1.obj
 0001:000036cc       ??1UI_Info@RTest1_Shell@test1@test@modules@UModSys@@QEAA@XZ 00000001800046cc f i plugin_test1.obj
 0001:00003820       ?ui_test2@RTest1_Shell@test1@test@modules@UModSys@@QEAAXXZ 0000000180004820 f   plugin_test1.obj
 0001:000039f4       ?get_generated_names@RGenerator@test1@test@modules@UModSys@@UEBAHAEAUSUniquePtrList@core@5@@Z 00000001800049f4 f i plugin_test1.obj
 0001:00003a14       ?get_generated_types@RGenerator@test1@test@modules@UModSys@@UEBAHAEAUSUniquePtrList@core@5@PEBUSUniquePointerInfo@75@@Z 0000000180004a14 f i plugin_test1.obj
 0001:00003a70       ?generate@RGenerator@test1@test@modules@UModSys@@UEAA_NAEAU?$TRefObject@UIRefObject@core@UModSys@@U?$TRefObjectFunc@UIRefObject@core@UModSys@@@tl@3@@tl@5@PEBUSUniquePointerInfo@core@5@AEBUSParameters@95@@Z 0000000180004a70 f i plugin_test1.obj
 0001:00003b34       ?root_get_interface_info@RGenerator@test1@test@modules@UModSys@@UEBAAEBUSUniquePointerInfo@core@5@XZ 0000000180004b34 f i plugin_test1.obj
 0001:00003b3c       ?root_get_interface_type@RGenerator@test1@test@modules@UModSys@@UEBAPEBUSUniquePointerInfo@core@5@XZ 0000000180004b3c f i plugin_test1.obj
 0001:00003b44       ?root_get_other_interface@RGenerator@test1@test@modules@UModSys@@UEAAPEAUIRoot@core@5@PEBUSUniquePointerInfo@75@@Z 0000000180004b44 f i plugin_test1.obj
 0001:00003b44       ?root_get_other_interface@RGenerator@test1@test@modules@UModSys@@UEBAPEBUIRoot@core@5@PEBUSUniquePointerInfo@75@@Z 0000000180004b44 f i plugin_test1.obj
 0001:00003b7c       ?root_is_interface_supported@RGenerator@test1@test@modules@UModSys@@UEBA_NPEBUSUniquePointerInfo@core@5@@Z 0000000180004b7c f i plugin_test1.obj
 0001:00003bb4       ?get_uid@RGenerator@test1@test@modules@UModSys@@UEBAPEBUSUniquePointerInfo@core@5@XZ 0000000180004bb4 f i plugin_test1.obj
 0001:00003bbc       ?do_open@RModuleReg@test1@test@modules@UModSys@@UEAA_NXZ 0000000180004bbc f i plugin_test1.obj
 0001:00003c48       ?do_close@RModuleReg@test1@test@modules@UModSys@@UEAA_NXZ 0000000180004c48 f i plugin_test1.obj
 0001:00003cb4       ?get_module@RGenerator@test1@test@modules@UModSys@@UEBAPEAUIModule@base@5@XZ 0000000180004cb4 f   plugin_test1.obj
 0001:00003cbc       ?mod_inc@RGenerator@test1@test@modules@UModSys@@UEBA_NXZ 0000000180004cbc f   plugin_test1.obj
 0001:00003cd0       ?mod_dec@RGenerator@test1@test@modules@UModSys@@UEBA_NXZ 0000000180004cd0 f   plugin_test1.obj
 0001:00003ce4       ?s_holder@RGenerator@test1@test@modules@UModSys@@SAAEAU?$TTypeStaticHolder@URGenerator@test1@test@modules@UModSys@@@tl@5@XZ 0000000180004ce4 f   plugin_test1.obj
 0001:00003d28       ??0?$TString@U?$TSCoreConst@D@su@tl@UModSys@@U?$TComparerBinaryHash@D@234@@tl@UModSys@@QEAA@PEBD@Z 0000000180004d28 f i plugin_test1.obj
 0001:00003da8       ??4?$TString@U?$TSCoreConst@D@su@tl@UModSys@@U?$TComparerBinaryHash@D@234@@tl@UModSys@@QEAAAEBU012@PEBD@Z 0000000180004da8 f i plugin_test1.obj
 0001:00003e20       ?normalize@?$TVector3@N@math3d@UModSys@@QEAANXZ 0000000180004e20 f i plugin_test1.obj
 0001:00003ecc       ??1?$TDynarrayDynamic@UVertexPC@UI_Info@RTest1_Shell@test1@test@modules@UModSys@@U?$TAllocator@USIMemAlloc@core@UModSys@@USCountCalcPower2@23@@tl@7@@tl@UModSys@@QEAA@XZ 0000000180004ecc f i plugin_test1.obj
 0001:00003f34       ?info_release@?$TSCoreShared@USIMemAlloc@core@UModSys@@D@su@tl@UModSys@@QEAAXXZ 0000000180004f34 f i plugin_test1.obj
 0001:00004008       ?info_new@?$TSCoreShared@USIMemAlloc@core@UModSys@@D@su@tl@UModSys@@QEAA_NPEBD_K@Z 0000000180005008 f i plugin_test1.obj
 0001:000040dc       ?mult3@?$TMatrix44@N@math3d@UModSys@@QEAAXAEBU123@0@Z 00000001800050dc f i plugin_test1.obj
 0001:00004274       ?set_rotate_about@?$TMatrix44@N@math3d@UModSys@@QEAAXAEBU?$TVector3@N@23@N@Z 0000000180005274 f i plugin_test1.obj
 0001:000044d4       ?set_inversed@?$TMatrix44@N@math3d@UModSys@@QEAA_NAEBU123@@Z 00000001800054d4 f i plugin_test1.obj
 0001:00004cb8       ??$generate_type@UICollector@libui@UModSys@@@RTest1_Shell@test1@test@modules@UModSys@@SA?AU?$TRefObject@UICollector@libui@UModSys@@U?$TRefObjectFunc@UICollector@libui@UModSys@@@tl@3@@tl@4@AEBU?$TString@U?$TSCoreConst@D@su@tl@UModSys@@U?$TComparerBinaryHash@D@234@@64@AEBUSParameters@core@4@PEBD@Z 0000000180005cb8 f i plugin_test1.obj
 0001:00004eb4       ??$generate_type@UITerminal@libui@UModSys@@@RTest1_Shell@test1@test@modules@UModSys@@SA?AU?$TRefObject@UITerminal@libui@UModSys@@U?$TRefObjectFunc@UITerminal@libui@UModSys@@@tl@3@@tl@4@AEBU?$TString@U?$TSCoreConst@D@su@tl@UModSys@@U?$TComparerBinaryHash@D@234@@64@AEBUSParameters@core@4@PEBD@Z 0000000180005eb4 f i plugin_test1.obj
 0001:000050b0       ??$generate_type@UIRenderer@lib3d@UModSys@@@RTest1_Shell@test1@test@modules@UModSys@@SA?AU?$TRefObject@UIRenderer@lib3d@UModSys@@U?$TRefObjectFunc@UIRenderer@lib3d@UModSys@@@tl@3@@tl@4@AEBU?$TString@U?$TSCoreConst@D@su@tl@UModSys@@U?$TComparerBinaryHash@D@234@@64@AEBUSParameters@core@4@PEBD@Z 00000001800060b0 f i plugin_test1.obj
 0001:000052ac       ??$generate_type@UIVisualizerScene@lib3d@UModSys@@@RTest1_Shell@test1@test@modules@UModSys@@SA?AU?$TRefObject@UIVisualizerScene@lib3d@UModSys@@U?$TRefObjectFunc@UIVisualizerScene@lib3d@UModSys@@@tl@3@@tl@4@AEBU?$TString@U?$TSCoreConst@D@su@tl@UModSys@@U?$TComparerBinaryHash@D@234@@64@AEBUSParameters@core@4@PEBD@Z 00000001800062ac f i plugin_test1.obj
 0001:000054a8       ??$generate_type@UIGeneralObject@lib3d@UModSys@@@RTest1_Shell@test1@test@modules@UModSys@@SA?AU?$TRefObject@UIGeneralObject@lib3d@UModSys@@U?$TRefObjectFunc@UIGeneralObject@lib3d@UModSys@@@tl@3@@tl@4@AEBU?$TString@U?$TSCoreConst@D@su@tl@UModSys@@U?$TComparerBinaryHash@D@234@@64@AEBUSParameters@core@4@PEBD@Z 00000001800064a8 f i plugin_test1.obj
 0001:000056a4       ?ResizeRel@?$TDynarray@U?$TDynarrayHolderDynamic@UVertexPC@UI_Info@RTest1_Shell@test1@test@modules@UModSys@@U?$TAllocator@USIMemAlloc@core@UModSys@@USCountCalcPower2@23@@tl@7@@tl@UModSys@@@tl@UModSys@@QEAA_N_J@Z 00000001800066a4 f i plugin_test1.obj
 0001:0000573c       ??1?$TRefObject@UIModObject@base@UModSys@@U?$TModObjectFunc@UIModObject@base@UModSys@@@tl@3@@tl@UModSys@@QEAA@XZ 000000018000673c f i plugin_test1.obj
 0001:00005768       ?mult@?$TMatrix44@N@math3d@UModSys@@QEAAXAEBU123@0@Z 0000000180006768 f i plugin_test1.obj
 0001:00005b30       ?root_get_interface_info@RRenderer@stdlib@lib3d@modules@UModSys@@UEBAAEBUSUniquePointerInfo@core@5@XZ 0000000180006b30 f i umodsys_lib_lib3d:umodsys.mod.3d.stdlib.obj
 0001:00005b38       ?root_get_interface_type@RRenderer@stdlib@lib3d@modules@UModSys@@UEBAPEBUSUniquePointerInfo@core@5@XZ 0000000180006b38 f i umodsys_lib_lib3d:umodsys.mod.3d.stdlib.obj
 0001:00005b40       ?root_get_other_interface@RRenderer@stdlib@lib3d@modules@UModSys@@UEAAPEAUIRoot@core@5@PEBUSUniquePointerInfo@75@@Z 0000000180006b40 f i umodsys_lib_lib3d:umodsys.mod.3d.stdlib.obj
 0001:00005b40       ?root_get_other_interface@RRenderer@stdlib@lib3d@modules@UModSys@@UEBAPEBUIRoot@core@5@PEBUSUniquePointerInfo@75@@Z 0000000180006b40 f i umodsys_lib_lib3d:umodsys.mod.3d.stdlib.obj
 0001:00005b70       ?root_is_interface_supported@RRenderer@stdlib@lib3d@modules@UModSys@@UEBA_NPEBUSUniquePointerInfo@core@5@@Z 0000000180006b70 f i umodsys_lib_lib3d:umodsys.mod.3d.stdlib.obj
 0001:00005ba0       ?ref_remove@RVisualSceneMapper_Direct@stdlib@lib3d@modules@UModSys@@UEBAXXZ 0000000180006ba0 f i umodsys_lib_lib3d:umodsys.mod.3d.stdlib.obj
 0001:00005ba0       ?ref_remove@RRenderer@stdlib@lib3d@modules@UModSys@@UEBAXXZ 0000000180006ba0 f i umodsys_lib_lib3d:umodsys.mod.3d.stdlib.obj
 0001:00005ba0       ?ref_remove@RSerializeWriter@serialize_json@media@modules@UModSys@@UEBAXXZ 0000000180006ba0 f i umodsys_lib_libmedia:umodsys.mod.media.serialize_json.obj
 0001:00005bb8       ?suicide@RVisualSceneMapper_Direct@stdlib@lib3d@modules@UModSys@@UEAAXXZ 0000000180006bb8 f i umodsys_lib_lib3d:umodsys.mod.3d.stdlib.obj
 0001:00005bb8       ?suicide@RRenderer@stdlib@lib3d@modules@UModSys@@UEAAXXZ 0000000180006bb8 f i umodsys_lib_lib3d:umodsys.mod.3d.stdlib.obj
 0001:00005bb8       ?suicide@RSerializeWriter@serialize_json@media@modules@UModSys@@UEAAXXZ 0000000180006bb8 f i umodsys_lib_libmedia:umodsys.mod.media.serialize_json.obj
 0001:00005c04       ?root_get_interface_info@RVisualizerScene@stdlib@lib3d@modules@UModSys@@UEBAAEBUSUniquePointerInfo@core@5@XZ 0000000180006c04 f i umodsys_lib_lib3d:umodsys.mod.3d.stdlib.obj
 0001:00005c0c       ?root_get_interface_type@RVisualizerScene@stdlib@lib3d@modules@UModSys@@UEBAPEBUSUniquePointerInfo@core@5@XZ 0000000180006c0c f i umodsys_lib_lib3d:umodsys.mod.3d.stdlib.obj
 0001:00005c14       ?root_get_interface_types@RFrame_Edit@frames@ui@modules@UModSys@@UEBA_KAEAUSUniquePtrList@core@5@@Z 0000000180006c14 f i umodsys_lib_libui:umodsys.mod.ui.frames.obj
 0001:00005c14       ?root_get_interface_types@RFrame_Text@frames@ui@modules@UModSys@@UEBA_KAEAUSUniquePtrList@core@5@@Z 0000000180006c14 f i umodsys_lib_libui:umodsys.mod.ui.frames.obj
 0001:00005c14       ?root_get_interface_types@RKeyboardController@SDL_core@ui@modules@UModSys@@UEBA_KAEAUSUniquePtrList@core@5@@Z 0000000180006c14 f i umodsys_lib_libui:umodsys.mod.ui.SDL_core.obj
 0001:00005c14       ?root_get_interface_types@RSerializeWriter@serialize_json@media@modules@UModSys@@UEBA_KAEAUSUniquePtrList@core@5@@Z 0000000180006c14 f i umodsys_lib_libmedia:umodsys.mod.media.serialize_json.obj
 0001:00005c14       ?root_get_interface_types@RVisual@object_primitive@stdlib@lib3d@modules@UModSys@@UEBA_KAEAUSUniquePtrList@core@6@@Z 0000000180006c14 f i umodsys_lib_lib3d:umodsys.mod.3d.stdlib.obj
 0001:00005c14       ?root_get_interface_types@RTest1_Shell@test1@test@modules@UModSys@@UEBA_KAEAUSUniquePtrList@core@5@@Z 0000000180006c14 f i plugin_test1.obj
 0001:00005c14       ?root_get_interface_types@RMultiImage2D_SDL_ttf@SDL_GL@ui@modules@UModSys@@UEBA_KAEAUSUniquePtrList@core@5@@Z 0000000180006c14 f i umodsys_lib_libui:umodsys.mod.ui.SDL_GL.obj
 0001:00005c14       ?root_get_interface_types@RGenerator@stdlib@lib2d@modules@UModSys@@UEBA_KAEAUSUniquePtrList@core@5@@Z 0000000180006c14 f i umodsys_lib_lib2d:umodsys.mod.2d.stdlib.obj
 0001:00005c14       ?root_get_interface_types@RRender@object_primitive@stdlib@lib3d@modules@UModSys@@UEBA_KAEAUSUniquePtrList@core@6@@Z 0000000180006c14 f i umodsys_lib_lib3d:umodsys.mod.3d.stdlib.obj
 0001:00005c14       ?root_get_interface_types@RRenderDriver3D@SDL_GL@ui@modules@UModSys@@UEBA_KAEAUSUniquePtrList@core@5@@Z 0000000180006c14 f i umodsys_lib_libui:umodsys.mod.ui.SDL_GL.obj
 0001:00005c14       ?root_get_interface_types@RDialog@frames@ui@modules@UModSys@@UEBA_KAEAUSUniquePtrList@core@5@@Z 0000000180006c14 f i umodsys_lib_libui:umodsys.mod.ui.frames.obj
 0001:00005c14       ?root_get_interface_types@RGenerator@SDL_core@ui@modules@UModSys@@UEBA_KAEAUSUniquePtrList@core@5@@Z 0000000180006c14 f i umodsys_lib_libui:umodsys.mod.ui.SDL_core.obj
 0001:00005c14       ?root_get_interface_types@RRenderDriver2D@SDL_core@ui@modules@UModSys@@UEBA_KAEAUSUniquePtrList@core@5@@Z 0000000180006c14 f i umodsys_lib_libui:umodsys.mod.ui.SDL_core.obj
 0001:00005c14       ?root_get_interface_types@RGenerator@zlib@media@modules@UModSys@@UEBA_KAEAUSUniquePtrList@core@5@@Z 0000000180006c14 f i umodsys_lib_libmedia:umodsys.mod.media.zlib.obj
 0001:00005c14       ?root_get_interface_types@RMediaFilter@images_std@media@modules@UModSys@@UEBA_KAEAUSUniquePtrList@core@5@@Z 0000000180006c14 f i umodsys_lib_libmedia:umodsys.mod.media.images_std.obj
 0001:00005c14       ?root_get_interface_types@RTerminalX@SDL_GL@ui@modules@UModSys@@UEBA_KAEAUSUniquePtrList@core@5@@Z 0000000180006c14 f i umodsys_lib_libui:umodsys.mod.ui.SDL_GL.obj
 0001:00005c14       ?root_get_interface_types@RGenerator@SDL_GL@ui@modules@UModSys@@UEBA_KAEAUSUniquePtrList@core@5@@Z 0000000180006c14 f i umodsys_lib_libui:umodsys.mod.ui.SDL_GL.obj
 0001:00005c14       ?root_get_interface_types@RMouseController@SDL_GL@ui@modules@UModSys@@UEBA_KAEAUSUniquePtrList@core@5@@Z 0000000180006c14 f i umodsys_lib_libui:umodsys.mod.ui.SDL_GL.obj
 0001:00005c14       ?root_get_interface_types@RGenerator@stdlib@lib3d@modules@UModSys@@UEBA_KAEAUSUniquePtrList@core@5@@Z 0000000180006c14 f i umodsys_lib_lib3d:umodsys.mod.3d.stdlib.obj
 0001:00005c14       ?root_get_interface_types@RFrame_Image@frames@ui@modules@UModSys@@UEBA_KAEAUSUniquePtrList@core@5@@Z 0000000180006c14 f i umodsys_lib_libui:umodsys.mod.ui.frames.obj
 0001:00005c14       ?root_get_interface_types@RMultiImage@stdlib@lib2d@modules@UModSys@@UEBA_KAEAUSUniquePtrList@core@5@@Z 0000000180006c14 f i umodsys_lib_lib2d:umodsys.mod.2d.stdlib.obj
 0001:00005c14       ?root_get_interface_types@RGenerator@test1@test@modules@UModSys@@UEBA_KAEAUSUniquePtrList@core@5@@Z 0000000180006c14 f i plugin_test1.obj
 0001:00005c14       ?root_get_interface_types@RMultiImage2D_SDL_ttf@SDL_core@ui@modules@UModSys@@UEBA_KAEAUSUniquePtrList@core@5@@Z 0000000180006c14 f i umodsys_lib_libui:umodsys.mod.ui.SDL_core.obj
 0001:00005c14       ?root_get_interface_types@RImage_Memory@stdlib@lib2d@modules@UModSys@@UEBA_KAEAUSUniquePtrList@core@5@@Z 0000000180006c14 f i umodsys_lib_lib2d:umodsys.mod.2d.stdlib.obj
 0001:00005c14       ?root_get_interface_types@RFrame_List@frames@ui@modules@UModSys@@UEBA_KAEAUSUniquePtrList@core@5@@Z 0000000180006c14 f i umodsys_lib_libui:umodsys.mod.ui.frames.obj
 0001:00005c14       ?root_get_interface_types@RGenerator@serialize_json@media@modules@UModSys@@UEBA_KAEAUSUniquePtrList@core@5@@Z 0000000180006c14 f i umodsys_lib_libmedia:umodsys.mod.media.serialize_json.obj
 0001:00005c14       ?root_get_interface_types@RGenerator@frames@ui@modules@UModSys@@UEBA_KAEAUSUniquePtrList@core@5@@Z 0000000180006c14 f i umodsys_lib_libui:umodsys.mod.ui.frames.obj
 0001:00005c14       ?root_get_interface_types@RGeneral@object_primitive@stdlib@lib3d@modules@UModSys@@UEBA_KAEAUSUniquePtrList@core@6@@Z 0000000180006c14 f i umodsys_lib_lib3d:umodsys.mod.3d.stdlib.obj
 0001:00005c14       ?root_get_interface_types@RGenerator@images_std@media@modules@UModSys@@UEBA_KAEAUSUniquePtrList@core@5@@Z 0000000180006c14 f i umodsys_lib_libmedia:umodsys.mod.media.images_std.obj
 0001:00005c14       ?root_get_interface_types@RTerminal@SDL_GL@ui@modules@UModSys@@UEBA_KAEAUSUniquePtrList@core@5@@Z 0000000180006c14 f i umodsys_lib_libui:umodsys.mod.ui.SDL_GL.obj
 0001:00005c14       ?root_get_interface_types@RFrame_Frame@frames@ui@modules@UModSys@@UEBA_KAEAUSUniquePtrList@core@5@@Z 0000000180006c14 f i umodsys_lib_libui:umodsys.mod.ui.frames.obj
 0001:00005c14       ?root_get_interface_types@RSerializeReader@serialize_json@media@modules@UModSys@@UEBA_KAEAUSUniquePtrList@core@5@@Z 0000000180006c14 f i umodsys_lib_libmedia:umodsys.mod.media.serialize_json.obj
 0001:00005c14       ?root_get_interface_types@RTerminal@SDL_core@ui@modules@UModSys@@UEBA_KAEAUSUniquePtrList@core@5@@Z 0000000180006c14 f i umodsys_lib_libui:umodsys.mod.ui.SDL_core.obj
 0001:00005c14       ?root_get_interface_types@RVisualizerScene@stdlib@lib3d@modules@UModSys@@UEBA_KAEAUSUniquePtrList@core@5@@Z 0000000180006c14 f i umodsys_lib_lib3d:umodsys.mod.3d.stdlib.obj
 0001:00005c14       ?root_get_interface_types@RKeyboardController@SDL_GL@ui@modules@UModSys@@UEBA_KAEAUSUniquePtrList@core@5@@Z 0000000180006c14 f i umodsys_lib_libui:umodsys.mod.ui.SDL_GL.obj
 0001:00005c14       ?root_get_interface_types@RTerminalX@SDL_core@ui@modules@UModSys@@UEBA_KAEAUSUniquePtrList@core@5@@Z 0000000180006c14 f i umodsys_lib_libui:umodsys.mod.ui.SDL_core.obj
 0001:00005c14       ?root_get_interface_types@RVisualSceneMapper_Direct@stdlib@lib3d@modules@UModSys@@UEBA_KAEAUSUniquePtrList@core@5@@Z 0000000180006c14 f i umodsys_lib_lib3d:umodsys.mod.3d.stdlib.obj
 0001:00005c14       ?root_get_interface_types@RFrame_Button@frames@ui@modules@UModSys@@UEBA_KAEAUSUniquePtrList@core@5@@Z 0000000180006c14 f i umodsys_lib_libui:umodsys.mod.ui.frames.obj
 0001:00005c14       ?root_get_interface_types@RGeneral@object_camera@stdlib@lib3d@modules@UModSys@@UEBA_KAEAUSUniquePtrList@core@6@@Z 0000000180006c14 f i umodsys_lib_lib3d:umodsys.mod.3d.stdlib.obj
 0001:00005c14       ?root_get_interface_types@RImageFactory_Memory@stdlib@lib2d@modules@UModSys@@UEBA_KAEAUSUniquePtrList@core@5@@Z 0000000180006c14 f i umodsys_lib_lib2d:umodsys.mod.2d.stdlib.obj
 0001:00005c14       ?root_get_interface_types@RMouseController@SDL_core@ui@modules@UModSys@@UEBA_KAEAUSUniquePtrList@core@5@@Z 0000000180006c14 f i umodsys_lib_libui:umodsys.mod.ui.SDL_core.obj
 0001:00005c14       ?root_get_interface_types@RVertexArray@SDL_GL@ui@modules@UModSys@@UEBA_KAEAUSUniquePtrList@core@5@@Z 0000000180006c14 f i umodsys_lib_libui:umodsys.mod.ui.SDL_GL.obj
 0001:00005c14       ?root_get_interface_types@RVisual@object_camera@stdlib@lib3d@modules@UModSys@@UEBA_KAEAUSUniquePtrList@core@6@@Z 0000000180006c14 f i umodsys_lib_lib3d:umodsys.mod.3d.stdlib.obj
 0001:00005c14       ?root_get_interface_types@RCollector@frames@ui@modules@UModSys@@UEBA_KAEAUSUniquePtrList@core@5@@Z 0000000180006c14 f i umodsys_lib_libui:umodsys.mod.ui.frames.obj
 0001:00005c14       ?root_get_interface_types@RRenderer@stdlib@lib3d@modules@UModSys@@UEBA_KAEAUSUniquePtrList@core@5@@Z 0000000180006c14 f i umodsys_lib_lib3d:umodsys.mod.3d.stdlib.obj
 0001:00005c14       ?root_get_interface_types@RBinArchiveFrameClient_ZIP@zlib@media@modules@UModSys@@UEBA_KAEAUSUniquePtrList@core@5@@Z 0000000180006c14 f i umodsys_lib_libmedia:umodsys.mod.media.zlib.obj
 0001:00005c1c       ?root_get_other_interface@RVisualizerScene@stdlib@lib3d@modules@UModSys@@UEBAPEBUIRoot@core@5@PEBUSUniquePointerInfo@75@@Z 0000000180006c1c f i umodsys_lib_lib3d:umodsys.mod.3d.stdlib.obj
 0001:00005c1c       ?root_get_other_interface@RVisualizerScene@stdlib@lib3d@modules@UModSys@@UEAAPEAUIRoot@core@5@PEBUSUniquePointerInfo@75@@Z 0000000180006c1c f i umodsys_lib_lib3d:umodsys.mod.3d.stdlib.obj
 0001:00005c54       ?root_is_interface_supported@RVisualizerScene@stdlib@lib3d@modules@UModSys@@UEBA_NPEBUSUniquePointerInfo@core@5@@Z 0000000180006c54 f i umodsys_lib_lib3d:umodsys.mod.3d.stdlib.obj
 0001:00005c8c       ?root_get_interface_info@RVisualSceneMapper_Direct@stdlib@lib3d@modules@UModSys@@UEBAAEBUSUniquePointerInfo@core@5@XZ 0000000180006c8c f i umodsys_lib_lib3d:umodsys.mod.3d.stdlib.obj
 0001:00005c94       ?root_get_interface_type@RVisualSceneMapper_Direct@stdlib@lib3d@modules@UModSys@@UEBAPEBUSUniquePointerInfo@core@5@XZ 0000000180006c94 f i umodsys_lib_lib3d:umodsys.mod.3d.stdlib.obj
 0001:00005c9c       ?root_get_other_interface@RVisualSceneMapper_Direct@stdlib@lib3d@modules@UModSys@@UEAAPEAUIRoot@core@5@PEBUSUniquePointerInfo@75@@Z 0000000180006c9c f i umodsys_lib_lib3d:umodsys.mod.3d.stdlib.obj
 0001:00005c9c       ?root_get_other_interface@RVisualSceneMapper_Direct@stdlib@lib3d@modules@UModSys@@UEBAPEBUIRoot@core@5@PEBUSUniquePointerInfo@75@@Z 0000000180006c9c f i umodsys_lib_lib3d:umodsys.mod.3d.stdlib.obj
 0001:00005ccc       ?root_is_interface_supported@RVisualSceneMapper_Direct@stdlib@lib3d@modules@UModSys@@UEBA_NPEBUSUniquePointerInfo@core@5@@Z 0000000180006ccc f i umodsys_lib_lib3d:umodsys.mod.3d.stdlib.obj
 0001:00005cfc       ?ref_links@RSerializeWriter@serialize_json@media@modules@UModSys@@UEBAHXZ 0000000180006cfc f i umodsys_lib_libmedia:umodsys.mod.media.serialize_json.obj
 0001:00005cfc       ?ref_links@RVisualSceneMapper_Direct@stdlib@lib3d@modules@UModSys@@UEBAHXZ 0000000180006cfc f i umodsys_lib_lib3d:umodsys.mod.3d.stdlib.obj
 0001:00005cfc       ?ref_links@RRenderer@stdlib@lib3d@modules@UModSys@@UEBAHXZ 0000000180006cfc f i umodsys_lib_lib3d:umodsys.mod.3d.stdlib.obj
 0001:00005d00       ?root_get_interface_info@RGeneral@object_primitive@stdlib@lib3d@modules@UModSys@@UEBAAEBUSUniquePointerInfo@core@6@XZ 0000000180006d00 f i umodsys_lib_lib3d:umodsys.mod.3d.stdlib.obj
 0001:00005d08       ?root_get_interface_type@RGeneral@object_primitive@stdlib@lib3d@modules@UModSys@@UEBAPEBUSUniquePointerInfo@core@6@XZ 0000000180006d08 f i umodsys_lib_lib3d:umodsys.mod.3d.stdlib.obj
 0001:00005d10       ?root_get_other_interface@RGeneral@object_primitive@stdlib@lib3d@modules@UModSys@@UEAAPEAUIRoot@core@6@PEBUSUniquePointerInfo@86@@Z 0000000180006d10 f i umodsys_lib_lib3d:umodsys.mod.3d.stdlib.obj
 0001:00005d10       ?root_get_other_interface@RGeneral@object_primitive@stdlib@lib3d@modules@UModSys@@UEBAPEBUIRoot@core@6@PEBUSUniquePointerInfo@86@@Z 0000000180006d10 f i umodsys_lib_lib3d:umodsys.mod.3d.stdlib.obj
 0001:00005d40       ?root_is_interface_supported@RGeneral@object_primitive@stdlib@lib3d@modules@UModSys@@UEBA_NPEBUSUniquePointerInfo@core@6@@Z 0000000180006d40 f i umodsys_lib_lib3d:umodsys.mod.3d.stdlib.obj
 0001:00005d70       ?root_get_interface_info@RRender@object_primitive@stdlib@lib3d@modules@UModSys@@UEBAAEBUSUniquePointerInfo@core@6@XZ 0000000180006d70 f i umodsys_lib_lib3d:umodsys.mod.3d.stdlib.obj
 0001:00005d78       ?root_get_interface_type@RRender@object_primitive@stdlib@lib3d@modules@UModSys@@UEBAPEBUSUniquePointerInfo@core@6@XZ 0000000180006d78 f i umodsys_lib_lib3d:umodsys.mod.3d.stdlib.obj
 0001:00005d80       ?root_get_other_interface@RRender@object_primitive@stdlib@lib3d@modules@UModSys@@UEAAPEAUIRoot@core@6@PEBUSUniquePointerInfo@86@@Z 0000000180006d80 f i umodsys_lib_lib3d:umodsys.mod.3d.stdlib.obj
 0001:00005d80       ?root_get_other_interface@RRender@object_primitive@stdlib@lib3d@modules@UModSys@@UEBAPEBUIRoot@core@6@PEBUSUniquePointerInfo@86@@Z 0000000180006d80 f i umodsys_lib_lib3d:umodsys.mod.3d.stdlib.obj
 0001:00005db8       ?root_is_interface_supported@RRender@object_primitive@stdlib@lib3d@modules@UModSys@@UEBA_NPEBUSUniquePointerInfo@core@6@@Z 0000000180006db8 f i umodsys_lib_lib3d:umodsys.mod.3d.stdlib.obj
 0001:00005df0       ?ref_add@RMediaFilter@images_std@media@modules@UModSys@@UEBAXXZ 0000000180006df0 f i umodsys_lib_libmedia:umodsys.mod.media.images_std.obj
 0001:00005df0       ?ref_add@RRender@object_primitive@stdlib@lib3d@modules@UModSys@@UEBAXXZ 0000000180006df0 f i umodsys_lib_lib3d:umodsys.mod.3d.stdlib.obj
 0001:00005df4       ?ref_weak@RRender@object_primitive@stdlib@lib3d@modules@UModSys@@UEBA_NAEAUWeakPointer@IRefObject@core@6@@Z 0000000180006df4 f i umodsys_lib_lib3d:umodsys.mod.3d.stdlib.obj
 0001:00005df4       ?ref_weak@RMediaFilter@images_std@media@modules@UModSys@@UEBA_NAEAUWeakPointer@IRefObject@core@5@@Z 0000000180006df4 f i umodsys_lib_libmedia:umodsys.mod.media.images_std.obj
 0001:00005e14       ?suicide@RRender@object_primitive@stdlib@lib3d@modules@UModSys@@UEAAXXZ 0000000180006e14 f i umodsys_lib_lib3d:umodsys.mod.3d.stdlib.obj
 0001:00005e58       ?root_get_interface_info@RVisual@object_primitive@stdlib@lib3d@modules@UModSys@@UEBAAEBUSUniquePointerInfo@core@6@XZ 0000000180006e58 f i umodsys_lib_lib3d:umodsys.mod.3d.stdlib.obj
 0001:00005e60       ?root_get_interface_type@RVisual@object_primitive@stdlib@lib3d@modules@UModSys@@UEBAPEBUSUniquePointerInfo@core@6@XZ 0000000180006e60 f i umodsys_lib_lib3d:umodsys.mod.3d.stdlib.obj
 0001:00005e68       ?root_get_other_interface@RVisual@object_primitive@stdlib@lib3d@modules@UModSys@@UEAAPEAUIRoot@core@6@PEBUSUniquePointerInfo@86@@Z 0000000180006e68 f i umodsys_lib_lib3d:umodsys.mod.3d.stdlib.obj
 0001:00005e68       ?root_get_other_interface@RVisual@object_primitive@stdlib@lib3d@modules@UModSys@@UEBAPEBUIRoot@core@6@PEBUSUniquePointerInfo@86@@Z 0000000180006e68 f i umodsys_lib_lib3d:umodsys.mod.3d.stdlib.obj
 0001:00005ea0       ?root_is_interface_supported@RVisual@object_primitive@stdlib@lib3d@modules@UModSys@@UEBA_NPEBUSUniquePointerInfo@core@6@@Z 0000000180006ea0 f i umodsys_lib_lib3d:umodsys.mod.3d.stdlib.obj
 0001:00005ed8       ?ref_remove@RVisual@object_primitive@stdlib@lib3d@modules@UModSys@@UEBAXXZ 0000000180006ed8 f i umodsys_lib_lib3d:umodsys.mod.3d.stdlib.obj
 0001:00005ed8       ?ref_remove@RVisual@object_camera@stdlib@lib3d@modules@UModSys@@UEBAXXZ 0000000180006ed8 f i umodsys_lib_lib3d:umodsys.mod.3d.stdlib.obj
 0001:00005ef0       ?ref_links@RVisual@object_camera@stdlib@lib3d@modules@UModSys@@UEBAHXZ 0000000180006ef0 f i umodsys_lib_lib3d:umodsys.mod.3d.stdlib.obj
 0001:00005ef0       ?ref_links@RVisual@object_primitive@stdlib@lib3d@modules@UModSys@@UEBAHXZ 0000000180006ef0 f i umodsys_lib_lib3d:umodsys.mod.3d.stdlib.obj
 0001:00005ef8       ?ref_weak@RVisual@object_camera@stdlib@lib3d@modules@UModSys@@UEBA_NAEAUWeakPointer@IRefObject@core@6@@Z 0000000180006ef8 f i umodsys_lib_lib3d:umodsys.mod.3d.stdlib.obj
 0001:00005ef8       ?ref_weak@RVisual@object_primitive@stdlib@lib3d@modules@UModSys@@UEBA_NAEAUWeakPointer@IRefObject@core@6@@Z 0000000180006ef8 f i umodsys_lib_lib3d:umodsys.mod.3d.stdlib.obj
 0001:00005f1c       ?root_get_interface_info@RGeneral@object_camera@stdlib@lib3d@modules@UModSys@@UEBAAEBUSUniquePointerInfo@core@6@XZ 0000000180006f1c f i umodsys_lib_lib3d:umodsys.mod.3d.stdlib.obj
 0001:00005f24       ?root_get_interface_type@RGeneral@object_camera@stdlib@lib3d@modules@UModSys@@UEBAPEBUSUniquePointerInfo@core@6@XZ 0000000180006f24 f i umodsys_lib_lib3d:umodsys.mod.3d.stdlib.obj
 0001:00005f2c       ?root_get_other_interface@RGeneral@object_camera@stdlib@lib3d@modules@UModSys@@UEAAPEAUIRoot@core@6@PEBUSUniquePointerInfo@86@@Z 0000000180006f2c f i umodsys_lib_lib3d:umodsys.mod.3d.stdlib.obj
 0001:00005f2c       ?root_get_other_interface@RGeneral@object_camera@stdlib@lib3d@modules@UModSys@@UEBAPEBUIRoot@core@6@PEBUSUniquePointerInfo@86@@Z 0000000180006f2c f i umodsys_lib_lib3d:umodsys.mod.3d.stdlib.obj
 0001:00005f5c       ?root_is_interface_supported@RGeneral@object_camera@stdlib@lib3d@modules@UModSys@@UEBA_NPEBUSUniquePointerInfo@core@6@@Z 0000000180006f5c f i umodsys_lib_lib3d:umodsys.mod.3d.stdlib.obj
 0001:00005f8c       ?suicide@RGeneral@object_camera@stdlib@lib3d@modules@UModSys@@UEAAXXZ 0000000180006f8c f i umodsys_lib_lib3d:umodsys.mod.3d.stdlib.obj
 0001:00005f8c       ?suicide@RBinArchiveFrameClient_ZIP@zlib@media@modules@UModSys@@UEAAXXZ 0000000180006f8c f i umodsys_lib_libmedia:umodsys.mod.media.zlib.obj
 0001:00005f8c       ?suicide@RMultiImage@stdlib@lib2d@modules@UModSys@@UEAAXXZ 0000000180006f8c f i umodsys_lib_lib2d:umodsys.mod.2d.stdlib.obj
 0001:00005f8c       ?suicide@RSerializeReader@serialize_json@media@modules@UModSys@@UEAAXXZ 0000000180006f8c f i umodsys_lib_libmedia:umodsys.mod.media.serialize_json.obj
 0001:00005f8c       ?suicide@RImage_Memory@stdlib@lib2d@modules@UModSys@@UEAAXXZ 0000000180006f8c f i umodsys_lib_lib2d:umodsys.mod.2d.stdlib.obj
 0001:00005f8c       ?suicide@RVisualizerScene@stdlib@lib3d@modules@UModSys@@UEAAXXZ 0000000180006f8c f i umodsys_lib_lib3d:umodsys.mod.3d.stdlib.obj
 0001:00005f8c       ?suicide@RTerminal@SDL_GL@ui@modules@UModSys@@UEAAXXZ 0000000180006f8c f i umodsys_lib_libui:umodsys.mod.ui.SDL_GL.obj
 0001:00005f8c       ?suicide@RImageFactory_Memory@stdlib@lib2d@modules@UModSys@@UEAAXXZ 0000000180006f8c f i umodsys_lib_lib2d:umodsys.mod.2d.stdlib.obj
 0001:00005f8c       ?suicide@RTerminal@SDL_core@ui@modules@UModSys@@UEAAXXZ 0000000180006f8c f i umodsys_lib_libui:umodsys.mod.ui.SDL_core.obj
 0001:00005f8c       ?suicide@RGeneral@object_primitive@stdlib@lib3d@modules@UModSys@@UEAAXXZ 0000000180006f8c f i umodsys_lib_lib3d:umodsys.mod.3d.stdlib.obj
 0001:00005fd8       ?root_get_interface_info@RVisual@object_camera@stdlib@lib3d@modules@UModSys@@UEBAAEBUSUniquePointerInfo@core@6@XZ 0000000180006fd8 f i umodsys_lib_lib3d:umodsys.mod.3d.stdlib.obj
 0001:00005fe0       ?root_get_interface_type@RVisual@object_camera@stdlib@lib3d@modules@UModSys@@UEBAPEBUSUniquePointerInfo@core@6@XZ 0000000180006fe0 f i umodsys_lib_lib3d:umodsys.mod.3d.stdlib.obj
 0001:00005fe8       ?root_get_other_interface@RVisual@object_camera@stdlib@lib3d@modules@UModSys@@UEBAPEBUIRoot@core@6@PEBUSUniquePointerInfo@86@@Z 0000000180006fe8 f i umodsys_lib_lib3d:umodsys.mod.3d.stdlib.obj
 0001:00005fe8       ?root_get_other_interface@RVisual@object_camera@stdlib@lib3d@modules@UModSys@@UEAAPEAUIRoot@core@6@PEBUSUniquePointerInfo@86@@Z 0000000180006fe8 f i umodsys_lib_lib3d:umodsys.mod.3d.stdlib.obj
 0001:00006020       ?root_is_interface_supported@RVisual@object_camera@stdlib@lib3d@modules@UModSys@@UEBA_NPEBUSUniquePointerInfo@core@6@@Z 0000000180007020 f i umodsys_lib_lib3d:umodsys.mod.3d.stdlib.obj
 0001:00006058       ?ref_add@RVisual@object_primitive@stdlib@lib3d@modules@UModSys@@UEBAXXZ 0000000180007058 f i umodsys_lib_lib3d:umodsys.mod.3d.stdlib.obj
 0001:00006058       ?ref_add@RVisual@object_camera@stdlib@lib3d@modules@UModSys@@UEBAXXZ 0000000180007058 f i umodsys_lib_lib3d:umodsys.mod.3d.stdlib.obj
 0001:00006060       ?suicide@RVisual@object_primitive@stdlib@lib3d@modules@UModSys@@UEAAXXZ 0000000180007060 f i umodsys_lib_lib3d:umodsys.mod.3d.stdlib.obj
 0001:00006060       ?suicide@RVisual@object_camera@stdlib@lib3d@modules@UModSys@@UEAAXXZ 0000000180007060 f i umodsys_lib_lib3d:umodsys.mod.3d.stdlib.obj
 0001:000060a8       ?get_generated_names@RGenerator@stdlib@lib3d@modules@UModSys@@UEBAHAEAUSUniquePtrList@core@5@@Z 00000001800070a8 f i umodsys_lib_lib3d:umodsys.mod.3d.stdlib.obj
 0001:00006108       ?get_generated_types@RGenerator@stdlib@lib3d@modules@UModSys@@UEBAHAEAUSUniquePtrList@core@5@PEBUSUniquePointerInfo@75@@Z 0000000180007108 f i umodsys_lib_lib3d:umodsys.mod.3d.stdlib.obj
 0001:00006200       ?generate@RGenerator@stdlib@lib3d@modules@UModSys@@UEAA_NAEAU?$TRefObject@UIRefObject@core@UModSys@@U?$TRefObjectFunc@UIRefObject@core@UModSys@@@tl@3@@tl@5@PEBUSUniquePointerInfo@core@5@AEBUSParameters@95@@Z 0000000180007200 f i umodsys_lib_lib3d:umodsys.mod.3d.stdlib.obj
 0001:000065b4       ?root_get_interface_info@RGenerator@stdlib@lib3d@modules@UModSys@@UEBAAEBUSUniquePointerInfo@core@5@XZ 00000001800075b4 f i umodsys_lib_lib3d:umodsys.mod.3d.stdlib.obj
 0001:000065bc       ?root_get_interface_type@RGenerator@stdlib@lib3d@modules@UModSys@@UEBAPEBUSUniquePointerInfo@core@5@XZ 00000001800075bc f i umodsys_lib_lib3d:umodsys.mod.3d.stdlib.obj
 0001:000065c4       ?root_get_other_interface@RGenerator@stdlib@lib3d@modules@UModSys@@UEBAPEBUIRoot@core@5@PEBUSUniquePointerInfo@75@@Z 00000001800075c4 f i umodsys_lib_lib3d:umodsys.mod.3d.stdlib.obj
 0001:000065c4       ?root_get_other_interface@RGenerator@stdlib@lib3d@modules@UModSys@@UEAAPEAUIRoot@core@5@PEBUSUniquePointerInfo@75@@Z 00000001800075c4 f i umodsys_lib_lib3d:umodsys.mod.3d.stdlib.obj
 0001:000065fc       ?root_is_interface_supported@RGenerator@stdlib@lib3d@modules@UModSys@@UEBA_NPEBUSUniquePointerInfo@core@5@@Z 00000001800075fc f i umodsys_lib_lib3d:umodsys.mod.3d.stdlib.obj
 0001:00006634       ?get_uid@RGenerator@stdlib@lib3d@modules@UModSys@@UEBAPEBUSUniquePointerInfo@core@5@XZ 0000000180007634 f i umodsys_lib_lib3d:umodsys.mod.3d.stdlib.obj
 0001:0000663c       ?library_get@RRenderer@stdlib@lib3d@modules@UModSys@@UEBAPEAUISharedLibrary@35@XZ 000000018000763c f   umodsys_lib_lib3d:umodsys.mod.3d.stdlib.obj
 0001:00006644       ?driver_set@RRenderer@stdlib@lib3d@modules@UModSys@@UEAA_NPEAUIRenderDriver@35@PEAUILibrary@libmedia@5@@Z 0000000180007644 f   umodsys_lib_lib3d:umodsys.mod.3d.stdlib.obj
 0001:00006684       ?hints@RRenderer@stdlib@lib3d@modules@UModSys@@UEBAAEBUIPropNamedAdapter@core@5@XZ 0000000180007684 f   umodsys_lib_lib3d:umodsys.mod.3d.stdlib.obj
 0001:00006684       ?hints@RRenderer@stdlib@lib3d@modules@UModSys@@UEAAAEAUIPropNamedAdapter@core@5@XZ 0000000180007684 f   umodsys_lib_lib3d:umodsys.mod.3d.stdlib.obj
 0001:00006690       ?render_begin@RRenderer@stdlib@lib3d@modules@UModSys@@UEAA_NXZ 0000000180007690 f   umodsys_lib_lib3d:umodsys.mod.3d.stdlib.obj
 0001:000066b4       ?render_3d@RRenderer@stdlib@lib3d@modules@UModSys@@UEAA_NPEAUIVisualizer@35@H_N@Z 00000001800076b4 f   umodsys_lib_lib3d:umodsys.mod.3d.stdlib.obj
 0001:00006730       ?render_2d@RRenderer@stdlib@lib3d@modules@UModSys@@UEAA_NPEAUIVisualizer@35@@Z 0000000180007730 f   umodsys_lib_lib3d:umodsys.mod.3d.stdlib.obj
 0001:00006788       ?render_extra@RRenderer@stdlib@lib3d@modules@UModSys@@UEAA_NAEBUSRenderState@35@H@Z 0000000180007788 f   umodsys_lib_lib3d:umodsys.mod.3d.stdlib.obj
 0001:00006878       ?render_reset@RRenderer@stdlib@lib3d@modules@UModSys@@UEAA_NAEBUSRenderState@35@@Z 0000000180007878 f   umodsys_lib_lib3d:umodsys.mod.3d.stdlib.obj
 0001:0000689c       ?render_end@RRenderer@stdlib@lib3d@modules@UModSys@@UEAA_NXZ 000000018000789c f   umodsys_lib_lib3d:umodsys.mod.3d.stdlib.obj
 0001:000068c0       ??_GRRenderer@stdlib@lib3d@modules@UModSys@@UEAAPEAXI@Z 00000001800078c0 f i umodsys_lib_lib3d:umodsys.mod.3d.stdlib.obj
 0001:000068c0       ??_ERRenderer@stdlib@lib3d@modules@UModSys@@UEAAPEAXI@Z 00000001800078c0 f i  CIL library: CIL module
 0001:00006940       ?get_root@RDialog@frames@ui@modules@UModSys@@UEAAPEAUIFrame@libui@5@XZ 0000000180007940 f   umodsys_lib_libui:umodsys.mod.ui.frames.obj
 0001:00006940       ?renderer_get@RVisualizerScene@stdlib@lib3d@modules@UModSys@@UEBAPEAUIRenderer@35@XZ 0000000180007940 f   umodsys_lib_lib3d:umodsys.mod.3d.stdlib.obj
 0001:00006948       ?renderer_set@RVisualizerScene@stdlib@lib3d@modules@UModSys@@UEAA_NPEAUIRenderer@35@@Z 0000000180007948 f   umodsys_lib_lib3d:umodsys.mod.3d.stdlib.obj
 0001:000069d8       ?render_3d@RVisualizerScene@stdlib@lib3d@modules@UModSys@@UEAA_NH_NPEAUIRenderDriver@35@@Z 00000001800079d8 f   umodsys_lib_lib3d:umodsys.mod.3d.stdlib.obj
 0001:00006bb0       ?scene_get@RVisualizerScene@stdlib@lib3d@modules@UModSys@@UEBA?AUScene@IVisualizerScene@35@_K@Z 0000000180007bb0 f   umodsys_lib_lib3d:umodsys.mod.3d.stdlib.obj
 0001:00006c34       ?scene_index@RVisualizerScene@stdlib@lib3d@modules@UModSys@@UEBA_KAEBUScene@IVisualizerScene@35@@Z 0000000180007c34 f   umodsys_lib_lib3d:umodsys.mod.3d.stdlib.obj
 0001:00006c78       ?scene_add@RVisualizerScene@stdlib@lib3d@modules@UModSys@@UEAA_NAEBUScene@IVisualizerScene@35@@Z 0000000180007c78 f   umodsys_lib_lib3d:umodsys.mod.3d.stdlib.obj
 0001:00006d94       ?scene_remove@RVisualizerScene@stdlib@lib3d@modules@UModSys@@UEAA_NAEBUScene@IVisualizerScene@35@@Z 0000000180007d94 f   umodsys_lib_lib3d:umodsys.mod.3d.stdlib.obj
 0001:00006dd8       ??0RVisualizerScene@stdlib@lib3d@modules@UModSys@@QEAA@PEAUIModObject@base@4@AEBUSParameters@core@4@@Z 0000000180007dd8 f   umodsys_lib_lib3d:umodsys.mod.3d.stdlib.obj
 0001:00006e90       ??_GRVisualizerScene@stdlib@lib3d@modules@UModSys@@UEAAPEAXI@Z 0000000180007e90 f i umodsys_lib_lib3d:umodsys.mod.3d.stdlib.obj
 0001:00006e90       ??_ERVisualizerScene@stdlib@lib3d@modules@UModSys@@UEAAPEAXI@Z 0000000180007e90 f i  CIL library: CIL module
 0001:00006fd0       ??_ERVisualSceneMapper_Direct@stdlib@lib3d@modules@UModSys@@UEAAPEAXI@Z 0000000180007fd0 f i  CIL library: CIL module
 0001:00006fd0       ??_GRVisualSceneMapper_Direct@stdlib@lib3d@modules@UModSys@@UEAAPEAXI@Z 0000000180007fd0 f i umodsys_lib_lib3d:umodsys.mod.3d.stdlib.obj
 0001:0000708c       ?visual_new@RGeneral@object_camera@stdlib@lib3d@modules@UModSys@@UEAA?AU?$TRefObject@UIVisualObject@lib3d@UModSys@@U?$TRefObjectFunc@UIVisualObject@lib3d@UModSys@@@tl@3@@tl@6@PEAUIRenderer@46@PEAUIRenderObject@46@@Z 000000018000808c f   umodsys_lib_lib3d:umodsys.mod.3d.stdlib.obj
 0001:00007130       ?get_root@RGeneral@object_primitive@stdlib@lib3d@modules@UModSys@@UEAAPEAUIGeneralObject@46@XZ 0000000180008130 f   umodsys_lib_lib3d:umodsys.mod.3d.stdlib.obj
 0001:00007130       ?get_root@RGeneral@object_camera@stdlib@lib3d@modules@UModSys@@UEAAPEAUIGeneralObject@46@XZ 0000000180008130 f   umodsys_lib_lib3d:umodsys.mod.3d.stdlib.obj
 0001:00007134       ??0RGeneral@object_camera@stdlib@lib3d@modules@UModSys@@QEAA@PEAUIModObject@base@5@AEBUSParameters@core@5@@Z 0000000180008134 f   umodsys_lib_lib3d:umodsys.mod.3d.stdlib.obj
 0001:00007344       ?render_get@RVisual@object_primitive@stdlib@lib3d@modules@UModSys@@UEBA?AU?$TRefObject@UIRenderObject@lib3d@UModSys@@U?$TRefObjectFunc@UIRenderObject@lib3d@UModSys@@@tl@3@@tl@6@XZ 0000000180008344 f   umodsys_lib_lib3d:umodsys.mod.3d.stdlib.obj
 0001:00007344       ?object_get@RVisual@object_camera@stdlib@lib3d@modules@UModSys@@UEBA?AU?$TRefObject@UIGeneralObject@lib3d@UModSys@@U?$TRefObjectFunc@UIGeneralObject@lib3d@UModSys@@@tl@3@@tl@6@XZ 0000000180008344 f   umodsys_lib_lib3d:umodsys.mod.3d.stdlib.obj
 0001:0000737c       ?render_state@RVisual@object_camera@stdlib@lib3d@modules@UModSys@@UEAA_NAEBUSRenderState@46@@Z 000000018000837c f   umodsys_lib_lib3d:umodsys.mod.3d.stdlib.obj
 0001:000073b4       ?camera_get_fov@RVisual@object_camera@stdlib@lib3d@modules@UModSys@@UEBA?AU?$TVector2@M@math3d@6@XZ 00000001800083b4 f   umodsys_lib_lib3d:umodsys.mod.3d.stdlib.obj
 0001:000073c4       ?camera_get_xyz@RVisual@object_camera@stdlib@lib3d@modules@UModSys@@UEBA_NPEAU?$TVector3@N@math3d@6@00@Z 00000001800083c4 f   umodsys_lib_lib3d:umodsys.mod.3d.stdlib.obj
 0001:00007438       ?camera_get_planes@RVisual@object_camera@stdlib@lib3d@modules@UModSys@@UEBAHPEAU?$TPlane3@N@math3d@6@@Z 0000000180008438 f   umodsys_lib_lib3d:umodsys.mod.3d.stdlib.obj
 0001:00007734       ?camera_cast_ray@RVisual@object_camera@stdlib@lib3d@modules@UModSys@@UEBA_NAEBU?$TVector2@M@math3d@6@AEAU?$TVector3@N@86@1@Z 0000000180008734 f   umodsys_lib_lib3d:umodsys.mod.3d.stdlib.obj
 0001:000078a8       ?camera_setup@RVisual@object_camera@stdlib@lib3d@modules@UModSys@@UEAA_NPEAUIRenderDriver@46@@Z 00000001800088a8 f   umodsys_lib_lib3d:umodsys.mod.3d.stdlib.obj
 0001:000078f8       ??0RVisual@object_camera@stdlib@lib3d@modules@UModSys@@QEAA@PEAURGeneral@12345@PEAUIRenderer@35@@Z 00000001800088f8 f   umodsys_lib_lib3d:umodsys.mod.3d.stdlib.obj
 0001:000079dc       ??_GRVisual@object_camera@stdlib@lib3d@modules@UModSys@@UEAAPEAXI@Z 00000001800089dc f i umodsys_lib_lib3d:umodsys.mod.3d.stdlib.obj
 0001:000079dc       ??_ERVisual@object_camera@stdlib@lib3d@modules@UModSys@@UEAAPEAXI@Z 00000001800089dc f i  CIL library: CIL module
 0001:00007a40       ?visual_new@RGeneral@object_primitive@stdlib@lib3d@modules@UModSys@@UEAA?AU?$TRefObject@UIVisualObject@lib3d@UModSys@@U?$TRefObjectFunc@UIVisualObject@lib3d@UModSys@@@tl@3@@tl@6@PEAUIRenderer@46@PEAUIRenderObject@46@@Z 0000000180008a40 f   umodsys_lib_lib3d:umodsys.mod.3d.stdlib.obj
 0001:00007afc       ?render_new@RGeneral@object_primitive@stdlib@lib3d@modules@UModSys@@UEAA?AU?$TRefObject@UIRenderObject@lib3d@UModSys@@U?$TRefObjectFunc@UIRenderObject@lib3d@UModSys@@@tl@3@@tl@6@PEAUIRenderer@46@@Z 0000000180008afc f   umodsys_lib_lib3d:umodsys.mod.3d.stdlib.obj
 0001:00007b9c       ??0RGeneral@object_primitive@stdlib@lib3d@modules@UModSys@@QEAA@PEAUIModObject@base@5@AEBUSParameters@core@5@@Z 0000000180008b9c f   umodsys_lib_lib3d:umodsys.mod.3d.stdlib.obj
 0001:00007d5c       ?render_update@RRender@object_primitive@stdlib@lib3d@modules@UModSys@@UEAA_NXZ 0000000180008d5c f   umodsys_lib_lib3d:umodsys.mod.3d.stdlib.obj
 0001:00007db8       ?object_get@RRender@object_primitive@stdlib@lib3d@modules@UModSys@@UEBA?AU?$TRefObject@UIGeneralObject@lib3d@UModSys@@U?$TRefObjectFunc@UIGeneralObject@lib3d@UModSys@@@tl@3@@tl@6@XZ 0000000180008db8 f   umodsys_lib_lib3d:umodsys.mod.3d.stdlib.obj
 0001:00007df0       ?visual_new@RRender@object_primitive@stdlib@lib3d@modules@UModSys@@UEAA?AU?$TRefObject@UIVisualObject@lib3d@UModSys@@U?$TRefObjectFunc@UIVisualObject@lib3d@UModSys@@@tl@3@@tl@6@XZ 0000000180008df0 f   umodsys_lib_lib3d:umodsys.mod.3d.stdlib.obj
 0001:00007e84       ?build_cube@RRender@object_primitive@stdlib@lib3d@modules@UModSys@@QEAA_NXZ 0000000180008e84 f   umodsys_lib_lib3d:umodsys.mod.3d.stdlib.obj
 0001:00007ff8       ??0RRender@object_primitive@stdlib@lib3d@modules@UModSys@@QEAA@PEAURGeneral@12345@PEAUIRenderer@35@@Z 0000000180008ff8 f   umodsys_lib_lib3d:umodsys.mod.3d.stdlib.obj
 0001:000080a4       ??_GRRender@object_primitive@stdlib@lib3d@modules@UModSys@@UEAAPEAXI@Z 00000001800090a4 f i umodsys_lib_lib3d:umodsys.mod.3d.stdlib.obj
 0001:000080a4       ??_ERRender@object_primitive@stdlib@lib3d@modules@UModSys@@UEAAPEAXI@Z 00000001800090a4 f i  CIL library: CIL module
 0001:00008130       ??1IRenderObject_Brush@lib3d@UModSys@@UEAA@XZ 0000000180009130 f i umodsys_lib_lib3d:umodsys.mod.3d.stdlib.obj
 0001:0000816c       ?object_get@RVisual@object_primitive@stdlib@lib3d@modules@UModSys@@UEBA?AU?$TRefObject@UIGeneralObject@lib3d@UModSys@@U?$TRefObjectFunc@UIGeneralObject@lib3d@UModSys@@@tl@3@@tl@6@XZ 000000018000916c f   umodsys_lib_lib3d:umodsys.mod.3d.stdlib.obj
 0001:00008190       ?valid@RRender@object_primitive@stdlib@lib3d@modules@UModSys@@UEBA_NXZ 0000000180009190 f   umodsys_lib_lib3d:umodsys.mod.3d.stdlib.obj
 0001:00008190       ?draw_post@RFrame_Common@frames@ui@modules@UModSys@@MEAA_NAEBUSDrawState@2345@@Z 0000000180009190 f   umodsys_lib_libui:umodsys.mod.ui.frames.obj
 0001:00008190       ?controller_update@RFrame_Common@frames@ui@modules@UModSys@@UEAA_NXZ 0000000180009190 f   umodsys_lib_libui:umodsys.mod.ui.frames.obj
 0001:00008190       ?valid@RGeneral@object_primitive@stdlib@lib3d@modules@UModSys@@UEBA_NXZ 0000000180009190 f   umodsys_lib_lib3d:umodsys.mod.3d.stdlib.obj
 0001:00008190       ?valid@RGeneral@object_camera@stdlib@lib3d@modules@UModSys@@UEBA_NXZ 0000000180009190 f   umodsys_lib_lib3d:umodsys.mod.3d.stdlib.obj
 0001:00008190       ?visual_update@RVisual@object_primitive@stdlib@lib3d@modules@UModSys@@UEAA_NXZ 0000000180009190 f   umodsys_lib_lib3d:umodsys.mod.3d.stdlib.obj
 0001:00008190       ?button_cmd@RFrame_Common@frames@ui@modules@UModSys@@MEAA_NPEAUSButton@2345@HH@Z 0000000180009190 f   umodsys_lib_libui:umodsys.mod.ui.frames.obj
 0001:00008190       ?visual_update@RVisual@object_camera@stdlib@lib3d@modules@UModSys@@UEAA_NXZ 0000000180009190 f   umodsys_lib_lib3d:umodsys.mod.3d.stdlib.obj
 0001:00008190       ?valid@RVisual@object_camera@stdlib@lib3d@modules@UModSys@@UEBA_NXZ 0000000180009190 f   umodsys_lib_lib3d:umodsys.mod.3d.stdlib.obj
 0001:00008190       ?draw_pre@RFrame_Common@frames@ui@modules@UModSys@@MEAA_NAEBUSDrawState@2345@@Z 0000000180009190 f   umodsys_lib_libui:umodsys.mod.ui.frames.obj
 0001:00008190       ?valid@RVisual@object_primitive@stdlib@lib3d@modules@UModSys@@UEBA_NXZ 0000000180009190 f   umodsys_lib_lib3d:umodsys.mod.3d.stdlib.obj
 0001:00008190       ?button_draw@RFrame_Common@frames@ui@modules@UModSys@@MEAA_NPEAUSButton@2345@AEBUSDrawState@2345@H@Z 0000000180009190 f   umodsys_lib_libui:umodsys.mod.ui.frames.obj
 0001:00008194       ?render_state@RVisual@object_primitive@stdlib@lib3d@modules@UModSys@@UEAA_NAEBUSRenderState@46@@Z 0000000180009194 f   umodsys_lib_lib3d:umodsys.mod.3d.stdlib.obj
 0001:0000826c       ??0RVisual@object_primitive@stdlib@lib3d@modules@UModSys@@QEAA@PEAURRender@12345@@Z 000000018000926c f   umodsys_lib_lib3d:umodsys.mod.3d.stdlib.obj
 0001:000082dc       ??_GRVisual@object_primitive@stdlib@lib3d@modules@UModSys@@UEAAPEAXI@Z 00000001800092dc f i umodsys_lib_lib3d:umodsys.mod.3d.stdlib.obj
 0001:000082dc       ??_ERVisual@object_primitive@stdlib@lib3d@modules@UModSys@@UEAAPEAXI@Z 00000001800092dc f i  CIL library: CIL module
 0001:00008340       ?do_open@RModuleReg@stdlib@lib3d@modules@UModSys@@UEAA_NXZ 0000000180009340 f i umodsys_lib_lib3d:umodsys.mod.3d.stdlib.obj
 0001:000083b4       ?do_close@RModuleReg@stdlib@lib3d@modules@UModSys@@UEAA_NXZ 00000001800093b4 f i umodsys_lib_lib3d:umodsys.mod.3d.stdlib.obj
 0001:00008404       ?get_module@RGenerator@stdlib@lib3d@modules@UModSys@@UEBAPEAUIModule@base@5@XZ 0000000180009404 f   umodsys_lib_lib3d:umodsys.mod.3d.stdlib.obj
 0001:0000840c       ?mod_inc@RGenerator@stdlib@lib3d@modules@UModSys@@UEBA_NXZ 000000018000940c f   umodsys_lib_lib3d:umodsys.mod.3d.stdlib.obj
 0001:00008420       ?mod_dec@RGenerator@stdlib@lib3d@modules@UModSys@@UEBA_NXZ 0000000180009420 f   umodsys_lib_lib3d:umodsys.mod.3d.stdlib.obj
 0001:00008434       ?s_holder@RGenerator@stdlib@lib3d@modules@UModSys@@SAAEAU?$TTypeStaticHolder@URGenerator@stdlib@lib3d@modules@UModSys@@@tl@5@XZ 0000000180009434 f   umodsys_lib_lib3d:umodsys.mod.3d.stdlib.obj
 0001:00008478       ?from_3pr@?$TPlane3@N@math3d@UModSys@@QEAAXAEBU?$TVector3@N@23@00@Z 0000000180009478 f i umodsys_lib_lib3d:umodsys.mod.3d.stdlib.obj
 0001:00008568       ??1?$TDynarrayDynamic@UScene@IVisualizerScene@lib3d@UModSys@@U?$TAllocator@USIMemAlloc@core@UModSys@@USCountCalcPower2@23@@tl@4@@tl@UModSys@@QEAA@XZ 0000000180009568 f i umodsys_lib_lib3d:umodsys.mod.3d.stdlib.obj
 0001:000085cc       ??1?$TRStackSocket@PEAUIVisualObject@lib3d@UModSys@@U?$TDynarrayDynamic@PEAUIVisualObject@lib3d@UModSys@@U?$TAllocator@USIMemAlloc@core@UModSys@@USCountCalcPower2@23@@tl@3@@tl@3@@tl@UModSys@@QEAA@XZ 00000001800095cc f i umodsys_lib_lib3d:umodsys.mod.3d.stdlib.obj
 0001:000085d8       ?isempty@?$TRStackSocket@PEAUIVisualObject@lib3d@UModSys@@U?$TDynarrayDynamic@PEAUIVisualObject@lib3d@UModSys@@U?$TAllocator@USIMemAlloc@core@UModSys@@USCountCalcPower2@23@@tl@3@@tl@3@@tl@UModSys@@UEBA_NXZ 00000001800095d8 f i umodsys_lib_lib3d:umodsys.mod.3d.stdlib.obj
 0001:000085e8       ?push@?$TRStackSocket@PEAUIVisualObject@lib3d@UModSys@@U?$TDynarrayDynamic@PEAUIVisualObject@lib3d@UModSys@@U?$TAllocator@USIMemAlloc@core@UModSys@@USCountCalcPower2@23@@tl@3@@tl@3@@tl@UModSys@@UEAA_NAEBQEAUIVisualObject@lib3d@3@@Z 00000001800095e8 f i umodsys_lib_lib3d:umodsys.mod.3d.stdlib.obj
 0001:00008694       ?pop@?$TRStackSocket@PEAUIVisualObject@lib3d@UModSys@@U?$TDynarrayDynamic@PEAUIVisualObject@lib3d@UModSys@@U?$TAllocator@USIMemAlloc@core@UModSys@@USCountCalcPower2@23@@tl@3@@tl@3@@tl@UModSys@@UEAA_NAEAPEAUIVisualObject@lib3d@3@@Z 0000000180009694 f i umodsys_lib_lib3d:umodsys.mod.3d.stdlib.obj
 0001:000086b8       ?ResizeRel@?$TDynarray@U?$TDynarrayHolderDynamic@UScene@IVisualizerScene@lib3d@UModSys@@U?$TAllocator@USIMemAlloc@core@UModSys@@USCountCalcPower2@23@@tl@4@@tl@UModSys@@@tl@UModSys@@QEAA_N_J@Z 00000001800096b8 f i umodsys_lib_lib3d:umodsys.mod.3d.stdlib.obj
 0001:000087d4       ?RemoveAt@?$TDynarray@U?$TDynarrayHolderDynamic@UScene@IVisualizerScene@lib3d@UModSys@@U?$TAllocator@USIMemAlloc@core@UModSys@@USCountCalcPower2@23@@tl@4@@tl@UModSys@@@tl@UModSys@@QEAA_N_K0@Z 00000001800097d4 f i umodsys_lib_lib3d:umodsys.mod.3d.stdlib.obj
 0001:000088e0       ?ResizeRel@?$TDynarray@U?$TDynarrayHolderDynamic@PEAUIVisualObject@lib3d@UModSys@@U?$TAllocator@USIMemAlloc@core@UModSys@@USCountCalcPower2@23@@tl@3@@tl@UModSys@@@tl@UModSys@@QEAA_N_J@Z 00000001800098e0 f i umodsys_lib_lib3d:umodsys.mod.3d.stdlib.obj
 0001:00008978       ??$t_gen_param@URVisualSceneMapper_Direct@stdlib@lib3d@modules@UModSys@@URGenerator@2345@@IGenerator@base@UModSys@@IEAA_NPEAURGenerator@stdlib@lib3d@modules@2@AEAU?$TRefObject@UIRefObject@core@UModSys@@U?$TRefObjectFunc@UIRefObject@core@UModSys@@@tl@3@@tl@2@PEBUSUniquePointerInfo@core@2@AEBUSParameters@core@2@@Z 0000000180009978 f i umodsys_lib_lib3d:umodsys.mod.3d.stdlib.obj
 0001:00008a98       ??$process_nodes_r@U?$TNodeDeleter0@U?$TScatterArrayNode@U?$TRefObject@UIVisualObject@lib3d@UModSys@@U?$TRefObjectFunc@UIVisualObject@lib3d@UModSys@@@tl@3@@tl@UModSys@@PEBUISceneNode@lib3d@3@@tl@UModSys@@@tl@UModSys@@@?$TTreeHoldRB@U?$TScatterArrayNode@U?$TRefObject@UIVisualObject@lib3d@UModSys@@U?$TRefObjectFunc@UIVisualObject@lib3d@UModSys@@@tl@3@@tl@UModSys@@PEBUISceneNode@lib3d@3@@tl@UModSys@@@tl@UModSys@@KAHPEAU?$TScatterArrayNode@U?$TRefObject@UIVisualObject@lib3d@UModSys@@U?$TRefObjectFunc@UIVisualObject@lib3d@UModSys@@@tl@3@@tl@UModSys@@PEBUISceneNode@lib3d@3@@12@AEBU?$TNodeDeleter0@U?$TScatterArrayNode@U?$TRefObject@UIVisualObject@lib3d@UModSys@@U?$TRefObjectFunc@UIVisualObject@lib3d@UModSys@@@tl@3@@tl@UModSys@@PEBUISceneNode@lib3d@3@@tl@UModSys@@@12@@Z 0000000180009a98 f i umodsys_lib_lib3d:umodsys.mod.3d.stdlib.obj
 0001:00008b10       ?alloc@SMemShared@core@UModSys@@QEAA_N_KPEAUSSourceContext@23@@Z 0000000180009b10 f i umodsys_lib_lib2d:umodsys.mod.2d.stdlib.obj
 0001:00008b94       ?Convert@stdlib@lib2d@modules@UModSys@@YA_NAEBU?$TBoundBox2@H@math3d@4@AEBUSImageInfo@24@AEBUSMem@core@4@01AEBUSCMem@94@@Z 0000000180009b94 f i umodsys_lib_lib2d:umodsys.mod.2d.stdlib.obj
 0001:00008ce8       ?root_get_interface_info@RImage_Memory@stdlib@lib2d@modules@UModSys@@UEBAAEBUSUniquePointerInfo@core@5@XZ 0000000180009ce8 f i umodsys_lib_lib2d:umodsys.mod.2d.stdlib.obj
 0001:00008cf0       ?root_get_interface_type@RImage_Memory@stdlib@lib2d@modules@UModSys@@UEBAPEBUSUniquePointerInfo@core@5@XZ 0000000180009cf0 f i umodsys_lib_lib2d:umodsys.mod.2d.stdlib.obj
 0001:00008cf8       ?root_get_other_interface@RImage_Memory@stdlib@lib2d@modules@UModSys@@UEAAPEAUIRoot@core@5@PEBUSUniquePointerInfo@75@@Z 0000000180009cf8 f i umodsys_lib_lib2d:umodsys.mod.2d.stdlib.obj
 0001:00008cf8       ?root_get_other_interface@RImage_Memory@stdlib@lib2d@modules@UModSys@@UEBAPEBUIRoot@core@5@PEBUSUniquePointerInfo@75@@Z 0000000180009cf8 f i umodsys_lib_lib2d:umodsys.mod.2d.stdlib.obj
 0001:00008d28       ?root_is_interface_supported@RImage_Memory@stdlib@lib2d@modules@UModSys@@UEBA_NPEBUSUniquePointerInfo@core@5@@Z 0000000180009d28 f i umodsys_lib_lib2d:umodsys.mod.2d.stdlib.obj
 0001:00008d58       ?root_get_interface_info@RImageFactory_Memory@stdlib@lib2d@modules@UModSys@@UEBAAEBUSUniquePointerInfo@core@5@XZ 0000000180009d58 f i umodsys_lib_lib2d:umodsys.mod.2d.stdlib.obj
 0001:00008d60       ?root_get_interface_type@RImageFactory_Memory@stdlib@lib2d@modules@UModSys@@UEBAPEBUSUniquePointerInfo@core@5@XZ 0000000180009d60 f i umodsys_lib_lib2d:umodsys.mod.2d.stdlib.obj
 0001:00008d68       ?root_get_other_interface@RImageFactory_Memory@stdlib@lib2d@modules@UModSys@@UEAAPEAUIRoot@core@5@PEBUSUniquePointerInfo@75@@Z 0000000180009d68 f i umodsys_lib_lib2d:umodsys.mod.2d.stdlib.obj
 0001:00008d68       ?root_get_other_interface@RImageFactory_Memory@stdlib@lib2d@modules@UModSys@@UEBAPEBUIRoot@core@5@PEBUSUniquePointerInfo@75@@Z 0000000180009d68 f i umodsys_lib_lib2d:umodsys.mod.2d.stdlib.obj
 0001:00008d98       ?root_is_interface_supported@RImageFactory_Memory@stdlib@lib2d@modules@UModSys@@UEBA_NPEBUSUniquePointerInfo@core@5@@Z 0000000180009d98 f i umodsys_lib_lib2d:umodsys.mod.2d.stdlib.obj
 0001:00008dc8       ?root_get_interface_info@RMultiImage@stdlib@lib2d@modules@UModSys@@UEBAAEBUSUniquePointerInfo@core@5@XZ 0000000180009dc8 f i umodsys_lib_lib2d:umodsys.mod.2d.stdlib.obj
 0001:00008dd0       ?root_get_interface_type@RMultiImage@stdlib@lib2d@modules@UModSys@@UEBAPEBUSUniquePointerInfo@core@5@XZ 0000000180009dd0 f i umodsys_lib_lib2d:umodsys.mod.2d.stdlib.obj
 0001:00008dd8       ?root_get_other_interface@RMultiImage@stdlib@lib2d@modules@UModSys@@UEAAPEAUIRoot@core@5@PEBUSUniquePointerInfo@75@@Z 0000000180009dd8 f i umodsys_lib_lib2d:umodsys.mod.2d.stdlib.obj
 0001:00008dd8       ?root_get_other_interface@RMultiImage@stdlib@lib2d@modules@UModSys@@UEBAPEBUIRoot@core@5@PEBUSUniquePointerInfo@75@@Z 0000000180009dd8 f i umodsys_lib_lib2d:umodsys.mod.2d.stdlib.obj
 0001:00008e08       ?root_is_interface_supported@RMultiImage@stdlib@lib2d@modules@UModSys@@UEBA_NPEBUSUniquePointerInfo@core@5@@Z 0000000180009e08 f i umodsys_lib_lib2d:umodsys.mod.2d.stdlib.obj
 0001:00008e38       ?get_generated_names@RGenerator@stdlib@lib2d@modules@UModSys@@UEBAHAEAUSUniquePtrList@core@5@@Z 0000000180009e38 f i umodsys_lib_lib2d:umodsys.mod.2d.stdlib.obj
 0001:00008e7c       ?get_generated_types@RGenerator@stdlib@lib2d@modules@UModSys@@UEBAHAEAUSUniquePtrList@core@5@PEBUSUniquePointerInfo@75@@Z 0000000180009e7c f i umodsys_lib_lib2d:umodsys.mod.2d.stdlib.obj
 0001:00008f10       ?generate@RGenerator@stdlib@lib2d@modules@UModSys@@UEAA_NAEAU?$TRefObject@UIRefObject@core@UModSys@@U?$TRefObjectFunc@UIRefObject@core@UModSys@@@tl@3@@tl@5@PEBUSUniquePointerInfo@core@5@AEBUSParameters@95@@Z 0000000180009f10 f i umodsys_lib_lib2d:umodsys.mod.2d.stdlib.obj
 0001:00009040       ?root_get_interface_info@RGenerator@stdlib@lib2d@modules@UModSys@@UEBAAEBUSUniquePointerInfo@core@5@XZ 000000018000a040 f i umodsys_lib_lib2d:umodsys.mod.2d.stdlib.obj
 0001:00009048       ?root_get_interface_type@RGenerator@stdlib@lib2d@modules@UModSys@@UEBAPEBUSUniquePointerInfo@core@5@XZ 000000018000a048 f i umodsys_lib_lib2d:umodsys.mod.2d.stdlib.obj
 0001:00009050       ?root_get_other_interface@RGenerator@stdlib@lib2d@modules@UModSys@@UEAAPEAUIRoot@core@5@PEBUSUniquePointerInfo@75@@Z 000000018000a050 f i umodsys_lib_lib2d:umodsys.mod.2d.stdlib.obj
 0001:00009050       ?root_get_other_interface@RGenerator@stdlib@lib2d@modules@UModSys@@UEBAPEBUIRoot@core@5@PEBUSUniquePointerInfo@75@@Z 000000018000a050 f i umodsys_lib_lib2d:umodsys.mod.2d.stdlib.obj
 0001:00009088       ?root_is_interface_supported@RGenerator@stdlib@lib2d@modules@UModSys@@UEBA_NPEBUSUniquePointerInfo@core@5@@Z 000000018000a088 f i umodsys_lib_lib2d:umodsys.mod.2d.stdlib.obj
 0001:000090c0       ?get_uid@RGenerator@stdlib@lib2d@modules@UModSys@@UEBAPEBUSUniquePointerInfo@core@5@XZ 000000018000a0c0 f i umodsys_lib_lib2d:umodsys.mod.2d.stdlib.obj
 0001:000090c8       ?set_info@RImage_Memory@stdlib@lib2d@modules@UModSys@@UEAA_NAEBUSImagePatchInfo@35@PEBD@Z 000000018000a0c8 f   umodsys_lib_lib2d:umodsys.mod.2d.stdlib.obj
 0001:00009328       ?set_data@RImage_Memory@stdlib@lib2d@modules@UModSys@@UEAA_NAEBUSImagePatchInfo@35@AEBUSCMem@core@5@H@Z 000000018000a328 f   umodsys_lib_lib2d:umodsys.mod.2d.stdlib.obj
 0001:000093dc       ?get_info@RImage_Memory@stdlib@lib2d@modules@UModSys@@UEBAAEBUSImageInfo@35@XZ 000000018000a3dc f   umodsys_lib_lib2d:umodsys.mod.2d.stdlib.obj
 0001:000093e4       ?get_data@RImage_Memory@stdlib@lib2d@modules@UModSys@@UEBA_NAEBUSImagePatchInfo@35@AEBUSMem@core@5@H@Z 000000018000a3e4 f   umodsys_lib_lib2d:umodsys.mod.2d.stdlib.obj
 0001:000094b4       ??0RImage_Memory@stdlib@lib2d@modules@UModSys@@QEAA@PEAUIModObject@base@4@AEBUSParameters@core@4@@Z 000000018000a4b4 f   umodsys_lib_lib2d:umodsys.mod.2d.stdlib.obj
 0001:0000955c       ??_ERImage_Memory@stdlib@lib2d@modules@UModSys@@UEAAPEAXI@Z 000000018000a55c f i  CIL library: CIL module
 0001:0000955c       ??_GRImage_Memory@stdlib@lib2d@modules@UModSys@@UEAAPEAXI@Z 000000018000a55c f i umodsys_lib_lib2d:umodsys.mod.2d.stdlib.obj
 0001:000095cc       ?get_max_layer_size@RMultiImage2D_SDL_ttf@SDL_GL@ui@modules@UModSys@@UEBA?AU?$TVector2@H@math3d@5@XZ 000000018000a5cc f   umodsys_lib_libui:umodsys.mod.ui.SDL_GL.obj
 0001:000095cc       ?image_get_maxsize@RImageFactory_Memory@stdlib@lib2d@modules@UModSys@@UEBA?AU?$TVector2@H@math3d@5@XZ 000000018000a5cc f   umodsys_lib_lib2d:umodsys.mod.2d.stdlib.obj
 0001:000095cc       ?get_max_cell_size@RMultiImage2D_SDL_ttf@SDL_GL@ui@modules@UModSys@@UEBA?AU?$TVector2@H@math3d@5@XZ 000000018000a5cc f   umodsys_lib_libui:umodsys.mod.ui.SDL_GL.obj
 0001:000095cc       ?get_max_layer_size@RMultiImage2D_SDL_ttf@SDL_core@ui@modules@UModSys@@UEBA?AU?$TVector2@H@math3d@5@XZ 000000018000a5cc f   umodsys_lib_libui:umodsys.mod.ui.SDL_core.obj
 0001:000095cc       ?get_fixed_cell_size@RMultiImage2D_SDL_ttf@SDL_core@ui@modules@UModSys@@UEBA?AU?$TVector2@H@math3d@5@XZ 000000018000a5cc f   umodsys_lib_libui:umodsys.mod.ui.SDL_core.obj
 0001:000095cc       ?get_fixed_cell_size@RMultiImage2D_SDL_ttf@SDL_GL@ui@modules@UModSys@@UEBA?AU?$TVector2@H@math3d@5@XZ 000000018000a5cc f   umodsys_lib_libui:umodsys.mod.ui.SDL_GL.obj
 0001:000095cc       ?get_max_cell_size@RMultiImage2D_SDL_ttf@SDL_core@ui@modules@UModSys@@UEBA?AU?$TVector2@H@math3d@5@XZ 000000018000a5cc f   umodsys_lib_libui:umodsys.mod.ui.SDL_core.obj
 0001:000095d8       ?image_new@RImageFactory_Memory@stdlib@lib2d@modules@UModSys@@UEAA?AU?$TRefObject@UIImage@lib2d@UModSys@@U?$TRefObjectFunc@UIImage@lib2d@UModSys@@@tl@3@@tl@5@XZ 000000018000a5d8 f   umodsys_lib_lib2d:umodsys.mod.2d.stdlib.obj
 0001:0000975c       ?image_new@RImageFactory_Memory@stdlib@lib2d@modules@UModSys@@UEAA?AU?$TRefObject@UIImage@lib2d@UModSys@@U?$TRefObjectFunc@UIImage@lib2d@UModSys@@@tl@3@@tl@5@AEBUSImagePatchInfo@35@PEBD@Z 000000018000a75c f   umodsys_lib_lib2d:umodsys.mod.2d.stdlib.obj
 0001:00009930       ?get_max_layer_size@RMultiImage@stdlib@lib2d@modules@UModSys@@UEBA?AU?$TVector2@H@math3d@5@XZ 000000018000a930 f   umodsys_lib_lib2d:umodsys.mod.2d.stdlib.obj
 0001:00009930       ?get_max_cell_size@RMultiImage@stdlib@lib2d@modules@UModSys@@UEBA?AU?$TVector2@H@math3d@5@XZ 000000018000a930 f   umodsys_lib_lib2d:umodsys.mod.2d.stdlib.obj
 0001:0000995c       ?get_fixed_cell_size@RMultiImage@stdlib@lib2d@modules@UModSys@@UEBA?AU?$TVector2@H@math3d@5@XZ 000000018000a95c f   umodsys_lib_lib2d:umodsys.mod.2d.stdlib.obj
 0001:0000997c       ?get_layer_count@RMultiImage@stdlib@lib2d@modules@UModSys@@UEBAGXZ 000000018000a97c f   umodsys_lib_lib2d:umodsys.mod.2d.stdlib.obj
 0001:00009990       ?get_layer@RMultiImage@stdlib@lib2d@modules@UModSys@@UEBAPEAUIImage@35@G@Z 000000018000a990 f   umodsys_lib_lib2d:umodsys.mod.2d.stdlib.obj
 0001:000099b4       ?get_cell_count@RMultiImage@stdlib@lib2d@modules@UModSys@@UEBAIXZ 000000018000a9b4 f   umodsys_lib_lib2d:umodsys.mod.2d.stdlib.obj
 0001:000099c8       ?get_cell@RMultiImage@stdlib@lib2d@modules@UModSys@@UEBA_NIAEAU?$TVector2@H@math3d@5@PEAU675@PEAG@Z 000000018000a9c8 f   umodsys_lib_lib2d:umodsys.mod.2d.stdlib.obj
 0001:00009a20       ?get_cell@RMultiImage@stdlib@lib2d@modules@UModSys@@UEBA_NIAEAUSImageCellInfo@35@@Z 000000018000aa20 f   umodsys_lib_lib2d:umodsys.mod.2d.stdlib.obj
 0001:00009a58       ?set_layer_count@RMultiImage@stdlib@lib2d@modules@UModSys@@UEAA_NG@Z 000000018000aa58 f   umodsys_lib_lib2d:umodsys.mod.2d.stdlib.obj
 0001:00009b60       ?setup_fixed_cell@RMultiImage@stdlib@lib2d@modules@UModSys@@UEAA_NHH@Z 000000018000ab60 f   umodsys_lib_lib2d:umodsys.mod.2d.stdlib.obj
 0001:00009b7c       ?setup_variable_cell@RMultiImage@stdlib@lib2d@modules@UModSys@@UEAA_NPEBUSImageCellInfo@35@KK@Z 000000018000ab7c f   umodsys_lib_lib2d:umodsys.mod.2d.stdlib.obj
 0001:00009c24       ??0RMultiImage@stdlib@lib2d@modules@UModSys@@QEAA@PEAUIModObject@base@4@AEBUSParameters@core@4@@Z 000000018000ac24 f   umodsys_lib_lib2d:umodsys.mod.2d.stdlib.obj
 0001:00009d40       ??_GRMultiImage@stdlib@lib2d@modules@UModSys@@UEAAPEAXI@Z 000000018000ad40 f i umodsys_lib_lib2d:umodsys.mod.2d.stdlib.obj
 0001:00009d40       ??_ERMultiImage@stdlib@lib2d@modules@UModSys@@UEAAPEAXI@Z 000000018000ad40 f i  CIL library: CIL module
 0001:00009e18       ?do_open@RModuleReg@stdlib@lib2d@modules@UModSys@@UEAA_NXZ 000000018000ae18 f i umodsys_lib_lib2d:umodsys.mod.2d.stdlib.obj
 0001:00009e8c       ?do_close@RModuleReg@stdlib@lib2d@modules@UModSys@@UEAA_NXZ 000000018000ae8c f i umodsys_lib_lib2d:umodsys.mod.2d.stdlib.obj
 0001:00009edc       ?get_module@RGenerator@stdlib@lib2d@modules@UModSys@@UEBAPEAUIModule@base@5@XZ 000000018000aedc f   umodsys_lib_lib2d:umodsys.mod.2d.stdlib.obj
 0001:00009ee4       ?mod_inc@RGenerator@stdlib@lib2d@modules@UModSys@@UEBA_NXZ 000000018000aee4 f   umodsys_lib_lib2d:umodsys.mod.2d.stdlib.obj
 0001:00009ef8       ?mod_dec@RGenerator@stdlib@lib2d@modules@UModSys@@UEBA_NXZ 000000018000aef8 f   umodsys_lib_lib2d:umodsys.mod.2d.stdlib.obj
 0001:00009f0c       ?s_holder@RGenerator@stdlib@lib2d@modules@UModSys@@SAAEAU?$TTypeStaticHolder@URGenerator@stdlib@lib2d@modules@UModSys@@@tl@5@XZ 000000018000af0c f   umodsys_lib_lib2d:umodsys.mod.2d.stdlib.obj
 0001:00009f50       ??1?$TDynarrayDynamic@USImageCellInfo@lib2d@UModSys@@U?$TAllocator@USIMemAlloc@core@UModSys@@USCountCalcPower2@23@@tl@3@@tl@UModSys@@QEAA@XZ 000000018000af50 f i umodsys_lib_lib2d:umodsys.mod.2d.stdlib.obj
 0001:00009f58       ?Resize@?$TDynarray@U?$TDynarrayHolderDynamic@USImageCellInfo@lib2d@UModSys@@U?$TAllocator@USIMemAlloc@core@UModSys@@USCountCalcPower2@23@@tl@3@@tl@UModSys@@@tl@UModSys@@QEAA_N_K@Z 000000018000af58 f i umodsys_lib_lib2d:umodsys.mod.2d.stdlib.obj
 0001:00009ff8       ??1?$TDynarrayDynamic@U?$TRefObject@UIImage@lib2d@UModSys@@U?$TRefObjectFunc@UIImage@lib2d@UModSys@@@tl@3@@tl@UModSys@@U?$TAllocator@USIMemAlloc@core@UModSys@@USCountCalcPower2@23@@23@@tl@UModSys@@QEAA@XZ 000000018000aff8 f i umodsys_lib_lib2d:umodsys.mod.2d.stdlib.obj
 0001:0000a058       ?Resize@?$TDynarray@U?$TDynarrayHolderDynamic@U?$TRefObject@UIImage@lib2d@UModSys@@U?$TRefObjectFunc@UIImage@lib2d@UModSys@@@tl@3@@tl@UModSys@@U?$TAllocator@USIMemAlloc@core@UModSys@@USCountCalcPower2@23@@23@@tl@UModSys@@@tl@UModSys@@QEAA_N_K@Z 000000018000b058 f i umodsys_lib_lib2d:umodsys.mod.2d.stdlib.obj
 0001:0000a154       ??1?$TDynarray@U?$TDynarrayHolderDynamic@USImageCellInfo@lib2d@UModSys@@U?$TAllocator@USIMemAlloc@core@UModSys@@USCountCalcPower2@23@@tl@3@@tl@UModSys@@@tl@UModSys@@QEAA@XZ 000000018000b154 f i umodsys_lib_lib2d:umodsys.mod.2d.stdlib.obj
 0001:0000a220       ??$t_gen_param@URImageFactory_Memory@stdlib@lib2d@modules@UModSys@@URGenerator@2345@@IGenerator@base@UModSys@@IEAA_NPEAURGenerator@stdlib@lib2d@modules@2@AEAU?$TRefObject@UIRefObject@core@UModSys@@U?$TRefObjectFunc@UIRefObject@core@UModSys@@@tl@3@@tl@2@PEBUSUniquePointerInfo@core@2@AEBUSParameters@core@2@@Z 000000018000b220 f i umodsys_lib_lib2d:umodsys.mod.2d.stdlib.obj
 0001:0000a330       ??$t_gen_param@URMultiImage@stdlib@lib2d@modules@UModSys@@URGenerator@2345@@IGenerator@base@UModSys@@IEAA_NPEAURGenerator@stdlib@lib2d@modules@2@AEAU?$TRefObject@UIRefObject@core@UModSys@@U?$TRefObjectFunc@UIRefObject@core@UModSys@@@tl@3@@tl@2@PEBUSUniquePointerInfo@core@2@AEBUSParameters@core@2@@Z 000000018000b330 f i umodsys_lib_lib2d:umodsys.mod.2d.stdlib.obj
 0001:0000a428       ??$ValidateConstruction@UIImage@lib2d@UModSys@@URImage_Memory@stdlib@2modules@3@@core@UModSys@@YA_NAEAU?$TRefObject@UIImage@lib2d@UModSys@@U?$TRefObjectFunc@UIImage@lib2d@UModSys@@@tl@3@@tl@1@PEAURImage_Memory@stdlib@lib2d@modules@1@@Z 000000018000b428 f i umodsys_lib_lib2d:umodsys.mod.2d.stdlib.obj
 0001:0000a480       ?e@SGLFuncs@SDL_GL@ui@modules@UModSys@@QEBAXXZ 000000018000b480 f i umodsys_lib_libui:umodsys.mod.ui.SDL_GL.obj
 0001:0000a504       ?set_composite_all@SGLFuncsLegacy@SDL_GL@ui@modules@UModSys@@QEBAXH@Z 000000018000b504 f i umodsys_lib_libui:umodsys.mod.ui.SDL_GL.obj
 0001:0000a5c4       ?crebind@STextureGL@SDL_GL@ui@modules@UModSys@@QEAAX_N@Z 000000018000b5c4 f i umodsys_lib_libui:umodsys.mod.ui.SDL_GL.obj
 0001:0000a640       ?root_get_interface_info@RKeyboardController@SDL_GL@ui@modules@UModSys@@UEBAAEBUSUniquePointerInfo@core@5@XZ 000000018000b640 f i umodsys_lib_libui:umodsys.mod.ui.SDL_GL.obj
 0001:0000a648       ?root_get_interface_type@RKeyboardController@SDL_GL@ui@modules@UModSys@@UEBAPEBUSUniquePointerInfo@core@5@XZ 000000018000b648 f i umodsys_lib_libui:umodsys.mod.ui.SDL_GL.obj
 0001:0000a650       ?root_get_other_interface@RKeyboardController@SDL_GL@ui@modules@UModSys@@UEAAPEAUIRoot@core@5@PEBUSUniquePointerInfo@75@@Z 000000018000b650 f i umodsys_lib_libui:umodsys.mod.ui.SDL_GL.obj
 0001:0000a650       ?root_get_other_interface@RKeyboardController@SDL_GL@ui@modules@UModSys@@UEBAPEBUIRoot@core@5@PEBUSUniquePointerInfo@75@@Z 000000018000b650 f i umodsys_lib_libui:umodsys.mod.ui.SDL_GL.obj
 0001:0000a680       ?root_is_interface_supported@RKeyboardController@SDL_GL@ui@modules@UModSys@@UEBA_NPEBUSUniquePointerInfo@core@5@@Z 000000018000b680 f i umodsys_lib_libui:umodsys.mod.ui.SDL_GL.obj
 0001:0000a6b0       ?root_get_interface_info@RMouseController@SDL_GL@ui@modules@UModSys@@UEBAAEBUSUniquePointerInfo@core@5@XZ 000000018000b6b0 f i umodsys_lib_libui:umodsys.mod.ui.SDL_GL.obj
 0001:0000a6b8       ?root_get_interface_type@RMouseController@SDL_GL@ui@modules@UModSys@@UEBAPEBUSUniquePointerInfo@core@5@XZ 000000018000b6b8 f i umodsys_lib_libui:umodsys.mod.ui.SDL_GL.obj
 0001:0000a6c0       ?root_get_other_interface@RMouseController@SDL_GL@ui@modules@UModSys@@UEAAPEAUIRoot@core@5@PEBUSUniquePointerInfo@75@@Z 000000018000b6c0 f i umodsys_lib_libui:umodsys.mod.ui.SDL_GL.obj
 0001:0000a6c0       ?root_get_other_interface@RMouseController@SDL_GL@ui@modules@UModSys@@UEBAPEBUIRoot@core@5@PEBUSUniquePointerInfo@75@@Z 000000018000b6c0 f i umodsys_lib_libui:umodsys.mod.ui.SDL_GL.obj
 0001:0000a6f0       ?root_is_interface_supported@RMouseController@SDL_GL@ui@modules@UModSys@@UEBA_NPEBUSUniquePointerInfo@core@5@@Z 000000018000b6f0 f i umodsys_lib_libui:umodsys.mod.ui.SDL_GL.obj
 0001:0000a720       ?ref_remove@RMouseController@SDL_core@ui@modules@UModSys@@UEBAXXZ 000000018000b720 f i umodsys_lib_libui:umodsys.mod.ui.SDL_core.obj
 0001:0000a720       ?ref_remove@RKeyboardController@SDL_GL@ui@modules@UModSys@@UEBAXXZ 000000018000b720 f i umodsys_lib_libui:umodsys.mod.ui.SDL_GL.obj
 0001:0000a720       ?ref_remove@RKeyboardController@SDL_core@ui@modules@UModSys@@UEBAXXZ 000000018000b720 f i umodsys_lib_libui:umodsys.mod.ui.SDL_core.obj
 0001:0000a720       ?ref_remove@RMouseController@SDL_GL@ui@modules@UModSys@@UEBAXXZ 000000018000b720 f i umodsys_lib_libui:umodsys.mod.ui.SDL_GL.obj
 0001:0000a720       ?ref_remove@RRenderDriver3D@SDL_GL@ui@modules@UModSys@@UEBAXXZ 000000018000b720 f i umodsys_lib_libui:umodsys.mod.ui.SDL_GL.obj
 0001:0000a720       ?ref_remove@RRenderDriver2D@SDL_core@ui@modules@UModSys@@UEBAXXZ 000000018000b720 f i umodsys_lib_libui:umodsys.mod.ui.SDL_core.obj
 0001:0000a72c       ?ref_links@RRenderDriver2D@SDL_core@ui@modules@UModSys@@UEBAHXZ 000000018000b72c f i umodsys_lib_libui:umodsys.mod.ui.SDL_core.obj
 0001:0000a72c       ?ref_links@RRenderDriver3D@SDL_GL@ui@modules@UModSys@@UEBAHXZ 000000018000b72c f i umodsys_lib_libui:umodsys.mod.ui.SDL_GL.obj
 0001:0000a72c       ?ref_links@RMouseController@SDL_core@ui@modules@UModSys@@UEBAHXZ 000000018000b72c f i umodsys_lib_libui:umodsys.mod.ui.SDL_core.obj
 0001:0000a72c       ?ref_links@RMouseController@SDL_GL@ui@modules@UModSys@@UEBAHXZ 000000018000b72c f i umodsys_lib_libui:umodsys.mod.ui.SDL_GL.obj
 0001:0000a72c       ?ref_links@RKeyboardController@SDL_GL@ui@modules@UModSys@@UEBAHXZ 000000018000b72c f i umodsys_lib_libui:umodsys.mod.ui.SDL_GL.obj
 0001:0000a72c       ?ref_links@RKeyboardController@SDL_core@ui@modules@UModSys@@UEBAHXZ 000000018000b72c f i umodsys_lib_libui:umodsys.mod.ui.SDL_core.obj
 0001:0000a738       ?root_get_interface_info@RTerminal@SDL_GL@ui@modules@UModSys@@UEBAAEBUSUniquePointerInfo@core@5@XZ 000000018000b738 f i umodsys_lib_libui:umodsys.mod.ui.SDL_GL.obj
 0001:0000a740       ?root_get_interface_type@RTerminal@SDL_GL@ui@modules@UModSys@@UEBAPEBUSUniquePointerInfo@core@5@XZ 000000018000b740 f i umodsys_lib_libui:umodsys.mod.ui.SDL_GL.obj
 0001:0000a748       ?root_get_other_interface@RTerminal@SDL_GL@ui@modules@UModSys@@UEAAPEAUIRoot@core@5@PEBUSUniquePointerInfo@75@@Z 000000018000b748 f i umodsys_lib_libui:umodsys.mod.ui.SDL_GL.obj
 0001:0000a748       ?root_get_other_interface@RTerminal@SDL_GL@ui@modules@UModSys@@UEBAPEBUIRoot@core@5@PEBUSUniquePointerInfo@75@@Z 000000018000b748 f i umodsys_lib_libui:umodsys.mod.ui.SDL_GL.obj
 0001:0000a778       ?root_is_interface_supported@RTerminal@SDL_GL@ui@modules@UModSys@@UEBA_NPEBUSUniquePointerInfo@core@5@@Z 000000018000b778 f i umodsys_lib_libui:umodsys.mod.ui.SDL_GL.obj
 0001:0000a7a8       ?root_get_interface_info@RMultiImage2D_SDL_ttf@SDL_GL@ui@modules@UModSys@@UEBAAEBUSUniquePointerInfo@core@5@XZ 000000018000b7a8 f i umodsys_lib_libui:umodsys.mod.ui.SDL_GL.obj
 0001:0000a7b0       ?root_get_interface_type@RMultiImage2D_SDL_ttf@SDL_GL@ui@modules@UModSys@@UEBAPEBUSUniquePointerInfo@core@5@XZ 000000018000b7b0 f i umodsys_lib_libui:umodsys.mod.ui.SDL_GL.obj
 0001:0000a7b8       ?root_get_other_interface@RMultiImage2D_SDL_ttf@SDL_GL@ui@modules@UModSys@@UEAAPEAUIRoot@core@5@PEBUSUniquePointerInfo@75@@Z 000000018000b7b8 f i umodsys_lib_libui:umodsys.mod.ui.SDL_GL.obj
 0001:0000a7b8       ?root_get_other_interface@RMultiImage2D_SDL_ttf@SDL_GL@ui@modules@UModSys@@UEBAPEBUIRoot@core@5@PEBUSUniquePointerInfo@75@@Z 000000018000b7b8 f i umodsys_lib_libui:umodsys.mod.ui.SDL_GL.obj
 0001:0000a7e8       ?root_is_interface_supported@RMultiImage2D_SDL_ttf@SDL_GL@ui@modules@UModSys@@UEBA_NPEBUSUniquePointerInfo@core@5@@Z 000000018000b7e8 f i umodsys_lib_libui:umodsys.mod.ui.SDL_GL.obj
 0001:0000a818       ??1Glyph@RMultiImage2D_SDL_ttf@SDL_GL@ui@modules@UModSys@@QEAA@XZ 000000018000b818 f i umodsys_lib_libui:umodsys.mod.ui.SDL_GL.obj
 0001:0000a868       ?root_get_interface_info@RRenderDriver3D@SDL_GL@ui@modules@UModSys@@UEBAAEBUSUniquePointerInfo@core@5@XZ 000000018000b868 f i umodsys_lib_libui:umodsys.mod.ui.SDL_GL.obj
 0001:0000a870       ?root_get_interface_type@RRenderDriver3D@SDL_GL@ui@modules@UModSys@@UEBAPEBUSUniquePointerInfo@core@5@XZ 000000018000b870 f i umodsys_lib_libui:umodsys.mod.ui.SDL_GL.obj
 0001:0000a878       ?root_get_other_interface@RRenderDriver3D@SDL_GL@ui@modules@UModSys@@UEAAPEAUIRoot@core@5@PEBUSUniquePointerInfo@75@@Z 000000018000b878 f i umodsys_lib_libui:umodsys.mod.ui.SDL_GL.obj
 0001:0000a878       ?root_get_other_interface@RRenderDriver3D@SDL_GL@ui@modules@UModSys@@UEBAPEBUIRoot@core@5@PEBUSUniquePointerInfo@75@@Z 000000018000b878 f i umodsys_lib_libui:umodsys.mod.ui.SDL_GL.obj
 0001:0000a8b0       ?root_is_interface_supported@RRenderDriver3D@SDL_GL@ui@modules@UModSys@@UEBA_NPEBUSUniquePointerInfo@core@5@@Z 000000018000b8b0 f i umodsys_lib_libui:umodsys.mod.ui.SDL_GL.obj
 0001:0000a8e8       ?NextPhmV@RRenderDriver3D@SDL_GL@ui@modules@UModSys@@QEAA_NW4ePhaseMode@2345@@Z 000000018000b8e8 f i umodsys_lib_libui:umodsys.mod.ui.SDL_GL.obj
 0001:0000a974       ?root_get_interface_info@RTerminalX@SDL_GL@ui@modules@UModSys@@UEBAAEBUSUniquePointerInfo@core@5@XZ 000000018000b974 f i umodsys_lib_libui:umodsys.mod.ui.SDL_GL.obj
 0001:0000a97c       ?root_get_interface_type@RTerminalX@SDL_GL@ui@modules@UModSys@@UEBAPEBUSUniquePointerInfo@core@5@XZ 000000018000b97c f i umodsys_lib_libui:umodsys.mod.ui.SDL_GL.obj
 0001:0000a984       ?root_get_other_interface@RTerminalX@SDL_GL@ui@modules@UModSys@@UEBAPEBUIRoot@core@5@PEBUSUniquePointerInfo@75@@Z 000000018000b984 f i umodsys_lib_libui:umodsys.mod.ui.SDL_GL.obj
 0001:0000a984       ?root_get_other_interface@RTerminalX@SDL_GL@ui@modules@UModSys@@UEAAPEAUIRoot@core@5@PEBUSUniquePointerInfo@75@@Z 000000018000b984 f i umodsys_lib_libui:umodsys.mod.ui.SDL_GL.obj
[...]
 0001:0003e444       ??__F?s_id@?$TObjectUniqueID@UIBinArchiveFrame@libmedia@UModSys@@@tl@UModSys@@2USUniquePointer@core@3@A@@YAXXZ 000000018003f444 f    CIL library: CIL module
 0001:0003e450       ??__F?s_id@?$TObjectUniqueID@UILibraryLayered@libmedia@UModSys@@@tl@UModSys@@2USUniquePointer@core@3@A@@YAXXZ 000000018003f450 f    CIL library: CIL module
 0001:0003e45c       ??__F?s_id@?$TObjectUniqueID@UILibraryObjCache@libmedia@UModSys@@@tl@UModSys@@2USUniquePointer@core@3@A@@YAXXZ 000000018003f45c f    CIL library: CIL module
 0001:0003e468       ??__F?s_id@?$TObjectUniqueID@UILibraryObjFilter@libmedia@UModSys@@@tl@UModSys@@2USUniquePointer@core@3@A@@YAXXZ 000000018003f468 f    CIL library: CIL module
 0001:0003e474       ??__F?s_id@?$TObjectUniqueID@UILibraryBinCache@libmedia@UModSys@@@tl@UModSys@@2USUniquePointer@core@3@A@@YAXXZ 000000018003f474 f    CIL library: CIL module
 0001:0003e480       ??__F?s_id@?$TObjectUniqueID@UILibraryBinTree@libmedia@UModSys@@@tl@UModSys@@2USUniquePointer@core@3@A@@YAXXZ 000000018003f480 f    CIL library: CIL module
 0001:0003e48c       ??__F?s_id@?$TObjectUniqueID@UILibrary@libmedia@UModSys@@@tl@UModSys@@2USUniquePointer@core@3@A@@YAXXZ 000000018003f48c f    CIL library: CIL module
 0001:0003e498       ??__F?s_id@?$TObjectUniqueID@UIBinObjFilter@libmedia@UModSys@@@tl@UModSys@@2USUniquePointer@core@3@A@@YAXXZ 000000018003f498 f    CIL library: CIL module
 0001:0003e4a4       ??__F?s_id@?$TObjectUniqueID@UIBinArchive@libmedia@UModSys@@@tl@UModSys@@2USUniquePointer@core@3@A@@YAXXZ 000000018003f4a4 f    CIL library: CIL module
 0001:0003e4b0       ??__F?s_id@?$TObjectUniqueID@UILibObject@libmedia@UModSys@@@tl@UModSys@@2USUniquePointer@core@3@A@@YAXXZ 000000018003f4b0 f    CIL library: CIL module
 0001:0003e4bc       ??__F?s_id@?$TObjectUniqueID@UIUtilities@libmedia@UModSys@@@tl@UModSys@@2USUniquePointer@core@3@A@@YAXXZ 000000018003f4bc f    CIL library: CIL module
 0001:0003e4c8       ??__F?s_id@?$TObjectUniqueID@UIStreamWriter@libmedia@UModSys@@@tl@UModSys@@2USUniquePointer@core@3@A@@YAXXZ 000000018003f4c8 f    CIL library: CIL module
 0001:0003e4d4       ??__F?s_id@?$TObjectUniqueID@UIStreamReader@libmedia@UModSys@@@tl@UModSys@@2USUniquePointer@core@3@A@@YAXXZ 000000018003f4d4 f    CIL library: CIL module
 0001:0003e4e0       ??__F?s_id@?$TObjectUniqueID@UISystem@base@UModSys@@@tl@UModSys@@2USUniquePointer@core@3@A@@YAXXZ 000000018003f4e0 f    CIL library: CIL module
 0001:0003e4ec       ??__F?s_id@?$TObjectUniqueID@UIShell@base@UModSys@@@tl@UModSys@@2USUniquePointer@core@3@A@@YAXXZ 000000018003f4ec f    CIL library: CIL module
 0001:0003e4f8       ??__F?s_id@?$TObjectUniqueID@UIGenerator@base@UModSys@@@tl@UModSys@@2USUniquePointer@core@3@A@@YAXXZ 000000018003f4f8 f    CIL library: CIL module
 0001:0003e504       ??__F?s_id@?$TObjectUniqueID@UIModObject@base@UModSys@@@tl@UModSys@@2USUniquePointer@core@3@A@@YAXXZ 000000018003f504 f    CIL library: CIL module
 0001:0003e510       ??__F?s_id@?$TObjectUniqueID@UIModuleLibrary@base@UModSys@@@tl@UModSys@@2USUniquePointer@core@3@A@@YAXXZ 000000018003f510 f    CIL library: CIL module
 0001:0003e51c       ??__F?s_id@?$TObjectUniqueID@UIModule@base@UModSys@@@tl@UModSys@@2USUniquePointer@core@3@A@@YAXXZ 000000018003f51c f    CIL library: CIL module
 0001:0003e528       ??__F?s_id@?$TObjectUniqueID@UIConsole@base@UModSys@@@tl@UModSys@@2USUniquePointer@core@3@A@@YAXXZ 000000018003f528 f    CIL library: CIL module
 0001:0003e534       ??__F?s_id@?$TObjectUniqueID@UIParameters@core@UModSys@@@tl@UModSys@@2USUniquePointer@core@3@A@@YAXXZ 000000018003f534 f    CIL library: CIL module
 0001:0003e540       ??__F?s_id@?$TObjectUniqueID@UIRefObject@core@UModSys@@@tl@UModSys@@2USUniquePointer@core@3@A@@YAXXZ 000000018003f540 f    CIL library: CIL module
 0001:0003e54c       ??__F?s_id@?$TObjectUniqueID@UIRoot@core@UModSys@@@tl@UModSys@@2USUniquePointer@core@3@A@@YAXXZ 000000018003f54c f    CIL library: CIL module
 0001:0003e558       ??__F?s_id@?$TDataUniqueID@F@tl@UModSys@@2USUniquePointer@core@3@A@@YAXXZ 000000018003f558 f    CIL library: CIL module
 0001:0003e564       ??__F?s_id@?$TDataUniqueID@M@tl@UModSys@@2USUniquePointer@core@3@A@@YAXXZ 000000018003f564 f    CIL library: CIL module
 0001:0003e570       ??__F?s_id@?$TDataUniqueID@H@tl@UModSys@@2USUniquePointer@core@3@A@@YAXXZ 000000018003f570 f    CIL library: CIL module
 0001:0003e57c       ??__F?s_id@?$TConstUniqueID@W4eConsoleLevels@base@UModSys@@$00@tl@UModSys@@2USUniquePointer@core@3@A@@YAXXZ 000000018003f57c f    CIL library: CIL module
 0001:0003e588       ??__Fs_dbg@stdlib@lib3d@modules@UModSys@@YAXXZ 000000018003f588 f    CIL library: CIL module
 0001:0003e5ac       ??__F?s_modreg@RModuleReg@stdlib@lib3d@modules@UModSys@@2U12345@A@@YAXXZ 000000018003f5ac f    CIL library: CIL module
 0001:0003e5bc       ??__F?s_modreg_chain@RModuleReg@stdlib@lib3d@modules@UModSys@@2USModuleRegChain@base@5@A@@YAXXZ 000000018003f5bc f    CIL library: CIL module
 0001:0003e5c8       ??__F?s_uid@RGenerator@stdlib@lib3d@modules@UModSys@@2USUniquePointer@core@5@A@@YAXXZ 000000018003f5c8 f    CIL library: CIL module
 0001:0003e5d4       ??__Fh@?1??s_holder@RGenerator@stdlib@lib3d@modules@UModSys@@SAAEAU?$TTypeStaticHolder@URGenerator@stdlib@lib3d@modules@UModSys@@@tl@5@XZ@YAXXZ 000000018003f5d4 f    CIL library: CIL module
 0001:0003e5fc       ??__F?s_id@?$TObjectUniqueID@URGenerator@stdlib@lib3d@modules@UModSys@@@tl@UModSys@@2USUniquePointer@core@3@A@@YAXXZ 000000018003f5fc f    CIL library: CIL module
 0001:0003e608       ??__F?s_id@?$TObjectUniqueID@URVisual@object_camera@stdlib@lib3d@modules@UModSys@@@tl@UModSys@@2USUniquePointer@core@3@A@@YAXXZ 000000018003f608 f    CIL library: CIL module
 0001:0003e614       ??__F?s_id@?$TObjectUniqueID@URGeneral@object_camera@stdlib@lib3d@modules@UModSys@@@tl@UModSys@@2USUniquePointer@core@3@A@@YAXXZ 000000018003f614 f    CIL library: CIL module
 0001:0003e620       ??__F?s_id@?$TObjectUniqueID@URVisual@object_primitive@stdlib@lib3d@modules@UModSys@@@tl@UModSys@@2USUniquePointer@core@3@A@@YAXXZ 000000018003f620 f    CIL library: CIL module
 0001:0003e62c       ??__F?s_id@?$TObjectUniqueID@URRender@object_primitive@stdlib@lib3d@modules@UModSys@@@tl@UModSys@@2USUniquePointer@core@3@A@@YAXXZ 000000018003f62c f    CIL library: CIL module
 0001:0003e638       ??__F?s_id@?$TObjectUniqueID@URGeneral@object_primitive@stdlib@lib3d@modules@UModSys@@@tl@UModSys@@2USUniquePointer@core@3@A@@YAXXZ 000000018003f638 f    CIL library: CIL module
 0001:0003e644       ??__F?s_id@?$TObjectUniqueID@URVisualSceneMapper_Direct@stdlib@lib3d@modules@UModSys@@@tl@UModSys@@2USUniquePointer@core@3@A@@YAXXZ 000000018003f644 f    CIL library: CIL module
 0001:0003e650       ??__F?s_id@?$TObjectUniqueID@URVisualizerScene@stdlib@lib3d@modules@UModSys@@@tl@UModSys@@2USUniquePointer@core@3@A@@YAXXZ 000000018003f650 f    CIL library: CIL module
 0001:0003e65c       ??__F?s_id@?$TObjectUniqueID@URRenderer@stdlib@lib3d@modules@UModSys@@@tl@UModSys@@2USUniquePointer@core@3@A@@YAXXZ 000000018003f65c f    CIL library: CIL module
 0001:0003e668       ??__Fs_dbg@stdlib@lib2d@modules@UModSys@@YAXXZ 000000018003f668 f    CIL library: CIL module
 0001:0003e68c       ??__F?s_modreg@RModuleReg@stdlib@lib2d@modules@UModSys@@2U12345@A@@YAXXZ 000000018003f68c f    CIL library: CIL module
 0001:0003e69c       ??__F?s_modreg_chain@RModuleReg@stdlib@lib2d@modules@UModSys@@2USModuleRegChain@base@5@A@@YAXXZ 000000018003f69c f    CIL library: CIL module
 0001:0003e6a8       ??__F?s_uid@RGenerator@stdlib@lib2d@modules@UModSys@@2USUniquePointer@core@5@A@@YAXXZ 000000018003f6a8 f    CIL library: CIL module
 0001:0003e6b4       ??__Fh@?1??s_holder@RGenerator@stdlib@lib2d@modules@UModSys@@SAAEAU?$TTypeStaticHolder@URGenerator@stdlib@lib2d@modules@UModSys@@@tl@5@XZ@YAXXZ 000000018003f6b4 f    CIL library: CIL module
 0001:0003e6dc       ??__F?s_id@?$TObjectUniqueID@URGenerator@stdlib@lib2d@modules@UModSys@@@tl@UModSys@@2USUniquePointer@core@3@A@@YAXXZ 000000018003f6dc f    CIL library: CIL module
 0001:0003e6e8       ??__F?s_id@?$TObjectUniqueID@URMultiImage@stdlib@lib2d@modules@UModSys@@@tl@UModSys@@2USUniquePointer@core@3@A@@YAXXZ 000000018003f6e8 f    CIL library: CIL module
 0001:0003e6f4       ??__F?s_id@?$TObjectUniqueID@URImageFactory_Memory@stdlib@lib2d@modules@UModSys@@@tl@UModSys@@2USUniquePointer@core@3@A@@YAXXZ 000000018003f6f4 f    CIL library: CIL module
 0001:0003e700       ??__F?s_id@?$TObjectUniqueID@URImage_Memory@stdlib@lib2d@modules@UModSys@@@tl@UModSys@@2USUniquePointer@core@3@A@@YAXXZ 000000018003f700 f    CIL library: CIL module
 0001:0003e70c       ??__Fs_dbg@SDL_GL@ui@modules@UModSys@@YAXXZ 000000018003f70c f    CIL library: CIL module
 0001:0003e730       ??__F?s_modreg@RModuleReg@SDL_GL@ui@modules@UModSys@@2U12345@A@@YAXXZ 000000018003f730 f    CIL library: CIL module
 0001:0003e740       ??__F?s_modreg_chain@RModuleReg@SDL_GL@ui@modules@UModSys@@2USModuleRegChain@base@5@A@@YAXXZ 000000018003f740 f    CIL library: CIL module
 0001:0003e74c       ??__F?s_uid@RGenerator@SDL_GL@ui@modules@UModSys@@2USUniquePointer@core@5@A@@YAXXZ 000000018003f74c f    CIL library: CIL module
 0001:0003e758       ??__Fh@?1??s_holder@RGenerator@SDL_GL@ui@modules@UModSys@@SAAEAU?$TTypeStaticHolder@URGenerator@SDL_GL@ui@modules@UModSys@@@tl@5@XZ@YAXXZ 000000018003f758 f    CIL library: CIL module
 0001:0003e780       ??__F?s_id@?$TObjectUniqueID@URGenerator@SDL_GL@ui@modules@UModSys@@@tl@UModSys@@2USUniquePointer@core@3@A@@YAXXZ 000000018003f780 f    CIL library: CIL module
 0001:0003e78c       ??__F?s_id@?$TObjectUniqueID@URVertexArray@SDL_GL@ui@modules@UModSys@@@tl@UModSys@@2USUniquePointer@core@3@A@@YAXXZ 000000018003f78c f    CIL library: CIL module
 0001:0003e798       ??__F?s_id@?$TObjectUniqueID@URTerminalX@SDL_GL@ui@modules@UModSys@@@tl@UModSys@@2USUniquePointer@core@3@A@@YAXXZ 000000018003f798 f    CIL library: CIL module
 0001:0003e7a4       ??__F?s_id@?$TObjectUniqueID@URRenderDriver3D@SDL_GL@ui@modules@UModSys@@@tl@UModSys@@2USUniquePointer@core@3@A@@YAXXZ 000000018003f7a4 f    CIL library: CIL module
 0001:0003e7b0       ??__F?s_id@?$TObjectUniqueID@URMultiImage2D_SDL_ttf@SDL_GL@ui@modules@UModSys@@@tl@UModSys@@2USUniquePointer@core@3@A@@YAXXZ 000000018003f7b0 f    CIL library: CIL module
 0001:0003e7bc       ??__F?s_id@?$TObjectUniqueID@URTerminal@SDL_GL@ui@modules@UModSys@@@tl@UModSys@@2USUniquePointer@core@3@A@@YAXXZ 000000018003f7bc f    CIL library: CIL module
 0001:0003e7c8       ??__F?s_id@?$TObjectUniqueID@URMouseController@SDL_GL@ui@modules@UModSys@@@tl@UModSys@@2USUniquePointer@core@3@A@@YAXXZ 000000018003f7c8 f    CIL library: CIL module
 0001:0003e7d4       ??__F?s_id@?$TObjectUniqueID@URKeyboardController@SDL_GL@ui@modules@UModSys@@@tl@UModSys@@2USUniquePointer@core@3@A@@YAXXZ 000000018003f7d4 f    CIL library: CIL module
 0001:0003e7e0       ??__Fs_dbg@SDL_core@ui@modules@UModSys@@YAXXZ 000000018003f7e0 f    CIL library: CIL module
 0001:0003e804       ??__F?s_modreg@RModuleReg@SDL_core@ui@modules@UModSys@@2U12345@A@@YAXXZ 000000018003f804 f    CIL library: CIL module
 0001:0003e814       ??__F?s_modreg_chain@RModuleReg@SDL_core@ui@modules@UModSys@@2USModuleRegChain@base@5@A@@YAXXZ 000000018003f814 f    CIL library: CIL module
 0001:0003e820       ??__F?s_uid@RGenerator@SDL_core@ui@modules@UModSys@@2USUniquePointer@core@5@A@@YAXXZ 000000018003f820 f    CIL library: CIL module
 0001:0003e82c       ??__Fh@?1??s_holder@RGenerator@SDL_core@ui@modules@UModSys@@SAAEAU?$TTypeStaticHolder@URGenerator@SDL_core@ui@modules@UModSys@@@tl@5@XZ@YAXXZ 000000018003f82c f    CIL library: CIL module
 0001:0003e854       ??__F?s_id@?$TObjectUniqueID@URGenerator@SDL_core@ui@modules@UModSys@@@tl@UModSys@@2USUniquePointer@core@3@A@@YAXXZ 000000018003f854 f    CIL library: CIL module
 0001:0003e860       ??__F?s_id@?$TObjectUniqueID@URTerminalX@SDL_core@ui@modules@UModSys@@@tl@UModSys@@2USUniquePointer@core@3@A@@YAXXZ 000000018003f860 f    CIL library: CIL module
 0001:0003e86c       ??__F?s_id@?$TObjectUniqueID@URRenderDriver2D@SDL_core@ui@modules@UModSys@@@tl@UModSys@@2USUniquePointer@core@3@A@@YAXXZ 000000018003f86c f    CIL library: CIL module
 0001:0003e878       ??__F?s_id@?$TObjectUniqueID@URMultiImage2D_SDL_ttf@SDL_core@ui@modules@UModSys@@@tl@UModSys@@2USUniquePointer@core@3@A@@YAXXZ 000000018003f878 f    CIL library: CIL module
 0001:0003e884       ??__F?s_id@?$TObjectUniqueID@URTerminal@SDL_core@ui@modules@UModSys@@@tl@UModSys@@2USUniquePointer@core@3@A@@YAXXZ 000000018003f884 f    CIL library: CIL module
 0001:0003e890       ??__F?s_id@?$TObjectUniqueID@URMouseController@SDL_core@ui@modules@UModSys@@@tl@UModSys@@2USUniquePointer@core@3@A@@YAXXZ 000000018003f890 f    CIL library: CIL module
 0001:0003e89c       ??__F?s_id@?$TObjectUniqueID@URKeyboardController@SDL_core@ui@modules@UModSys@@@tl@UModSys@@2USUniquePointer@core@3@A@@YAXXZ 000000018003f89c f    CIL library: CIL module
 0001:0003e8a8       ??__Fs_dbg@frames@ui@modules@UModSys@@YAXXZ 000000018003f8a8 f    CIL library: CIL module
 0001:0003e8cc       ??__F?s_modreg@RModuleReg@frames@ui@modules@UModSys@@2U12345@A@@YAXXZ 000000018003f8cc f    CIL library: CIL module
 0001:0003e8dc       ??__F?s_modreg_chain@RModuleReg@frames@ui@modules@UModSys@@2USModuleRegChain@base@5@A@@YAXXZ 000000018003f8dc f    CIL library: CIL module
 0001:0003e8e8       ??__F?s_uid@RGenerator@frames@ui@modules@UModSys@@2USUniquePointer@core@5@A@@YAXXZ 000000018003f8e8 f    CIL library: CIL module
 0001:0003e8f4       ??__Fh@?1??s_holder@RGenerator@frames@ui@modules@UModSys@@SAAEAU?$TTypeStaticHolder@URGenerator@frames@ui@modules@UModSys@@@tl@5@XZ@YAXXZ 000000018003f8f4 f    CIL library: CIL module
 0001:0003e91c       ??__F?s_id@?$TObjectUniqueID@URGenerator@frames@ui@modules@UModSys@@@tl@UModSys@@2USUniquePointer@core@3@A@@YAXXZ 000000018003f91c f    CIL library: CIL module
 0001:0003e928       ??__F?s_id@?$TObjectUniqueID@URCollector@frames@ui@modules@UModSys@@@tl@UModSys@@2USUniquePointer@core@3@A@@YAXXZ 000000018003f928 f    CIL library: CIL module
 0001:0003e934       ??__F?s_id@?$TObjectUniqueID@URFrame_List@frames@ui@modules@UModSys@@@tl@UModSys@@2USUniquePointer@core@3@A@@YAXXZ 000000018003f934 f    CIL library: CIL module
 0001:0003e940       ??__F?s_id@?$TObjectUniqueID@URFrame_Edit@frames@ui@modules@UModSys@@@tl@UModSys@@2USUniquePointer@core@3@A@@YAXXZ 000000018003f940 f    CIL library: CIL module
 0001:0003e94c       ??__F?s_id@?$TObjectUniqueID@URFrame_Button@frames@ui@modules@UModSys@@@tl@UModSys@@2USUniquePointer@core@3@A@@YAXXZ 000000018003f94c f    CIL library: CIL module
 0001:0003e958       ??__F?s_id@?$TObjectUniqueID@URFrame_Text@frames@ui@modules@UModSys@@@tl@UModSys@@2USUniquePointer@core@3@A@@YAXXZ 000000018003f958 f    CIL library: CIL module
 0001:0003e964       ??__F?s_id@?$TObjectUniqueID@URFrame_Image@frames@ui@modules@UModSys@@@tl@UModSys@@2USUniquePointer@core@3@A@@YAXXZ 000000018003f964 f    CIL library: CIL module
 0001:0003e970       ??__F?s_id@?$TObjectUniqueID@URFrame_Frame@frames@ui@modules@UModSys@@@tl@UModSys@@2USUniquePointer@core@3@A@@YAXXZ 000000018003f970 f    CIL library: CIL module
 0001:0003e97c       ??__F?s_id@?$TObjectUniqueID@URDialog@frames@ui@modules@UModSys@@@tl@UModSys@@2USUniquePointer@core@3@A@@YAXXZ 000000018003f97c f    CIL library: CIL module
 0001:0003e988       ??__F?s_id@?$TObjectUniqueID@URFrame_Common@frames@ui@modules@UModSys@@@tl@UModSys@@2USUniquePointer@core@3@A@@YAXXZ 000000018003f988 f    CIL library: CIL module
 0001:0003e994       ??__Fs_dbg@images_std@media@modules@UModSys@@YAXXZ 000000018003f994 f    CIL library: CIL module
 0001:0003e9b8       ??__F?s_modreg@RModuleReg@images_std@media@modules@UModSys@@2U12345@A@@YAXXZ 000000018003f9b8 f    CIL library: CIL module
 0001:0003e9c8       ??__F?s_modreg_chain@RModuleReg@images_std@media@modules@UModSys@@2USModuleRegChain@base@5@A@@YAXXZ 000000018003f9c8 f    CIL library: CIL module
 0001:0003e9d4       ??__F?s_uid@RGenerator@images_std@media@modules@UModSys@@2USUniquePointer@core@5@A@@YAXXZ 000000018003f9d4 f    CIL library: CIL module
 0001:0003e9e0       ??__Fh@?1??s_holder@RGenerator@images_std@media@modules@UModSys@@SAAEAU?$TTypeStaticHolder@URGenerator@images_std@media@modules@UModSys@@@tl@5@XZ@YAXXZ 000000018003f9e0 f    CIL library: CIL module
 0001:0003ea08       ??__F?s_id@?$TObjectUniqueID@URGenerator@images_std@media@modules@UModSys@@@tl@UModSys@@2USUniquePointer@core@3@A@@YAXXZ 000000018003fa08 f    CIL library: CIL module
 0001:0003ea14       ??__F?s_id@?$TObjectUniqueID@URMediaFilter@images_std@media@modules@UModSys@@@tl@UModSys@@2USUniquePointer@core@3@A@@YAXXZ 000000018003fa14 f    CIL library: CIL module
 0001:0003ea20       ??__Fs_dbg@serialize_json@media@modules@UModSys@@YAXXZ 000000018003fa20 f    CIL library: CIL module
 0001:0003ea44       ??__F?s_modreg@RModuleReg@serialize_json@media@modules@UModSys@@2U12345@A@@YAXXZ 000000018003fa44 f    CIL library: CIL module
 0001:0003ea54       ??__F?s_modreg_chain@RModuleReg@serialize_json@media@modules@UModSys@@2USModuleRegChain@base@5@A@@YAXXZ 000000018003fa54 f    CIL library: CIL module
 0001:0003ea60       ??__F?s_uid@RGenerator@serialize_json@media@modules@UModSys@@2USUniquePointer@core@5@A@@YAXXZ 000000018003fa60 f    CIL library: CIL module
 0001:0003ea6c       ??__Fh@?1??s_holder@RGenerator@serialize_json@media@modules@UModSys@@SAAEAU?$TTypeStaticHolder@URGenerator@serialize_json@media@modules@UModSys@@@tl@5@XZ@YAXXZ 000000018003fa6c f    CIL library: CIL module
 0001:0003ea94       ??__F?s_id@?$TObjectUniqueID@URGenerator@serialize_json@media@modules@UModSys@@@tl@UModSys@@2USUniquePointer@core@3@A@@YAXXZ 000000018003fa94 f    CIL library: CIL module
 0001:0003eaa0       ??__F?s_id@?$TObjectUniqueID@URSerializeWriter@serialize_json@media@modules@UModSys@@@tl@UModSys@@2USUniquePointer@core@3@A@@YAXXZ 000000018003faa0 f    CIL library: CIL module
 0001:0003eaac       ??__F?s_id@?$TObjectUniqueID@URSerializeReader@serialize_json@media@modules@UModSys@@@tl@UModSys@@2USUniquePointer@core@3@A@@YAXXZ 000000018003faac f    CIL library: CIL module
 0001:0003eab8       ??__Fs_dbg@zlib@media@modules@UModSys@@YAXXZ 000000018003fab8 f    CIL library: CIL module
 0001:0003eadc       ??__F?s_modreg@RModuleReg@zlib@media@modules@UModSys@@2U12345@A@@YAXXZ 000000018003fadc f    CIL library: CIL module
 0001:0003eaec       ??__F?s_modreg_chain@RModuleReg@zlib@media@modules@UModSys@@2USModuleRegChain@base@5@A@@YAXXZ 000000018003faec f    CIL library: CIL module
 0001:0003eaf8       ??__F?s_uid@RGenerator@zlib@media@modules@UModSys@@2USUniquePointer@core@5@A@@YAXXZ 000000018003faf8 f    CIL library: CIL module
 0001:0003eb04       ??__Fh@?1??s_holder@RGenerator@zlib@media@modules@UModSys@@SAAEAU?$TTypeStaticHolder@URGenerator@zlib@media@modules@UModSys@@@tl@5@XZ@YAXXZ 000000018003fb04 f    CIL library: CIL module
 0001:0003eb2c       ??__F?s_id@?$TObjectUniqueID@URGenerator@zlib@media@modules@UModSys@@@tl@UModSys@@2USUniquePointer@core@3@A@@YAXXZ 000000018003fb2c f    CIL library: CIL module
 0001:0003eb38       ??__F?s_id@?$TObjectUniqueID@URBinArchiveFrameClient_ZIP@zlib@media@modules@UModSys@@@tl@UModSys@@2USUniquePointer@core@3@A@@YAXXZ 000000018003fb38 f    CIL library: CIL module
 0001:0003eb44       ??__FM@UModSys@@YAXXZ      000000018003fb44 f    CIL library: CIL module
 0001:0003eb48       ??__F?root@SModuleRegChain@base@UModSys@@2U123@A@@YAXXZ 000000018003fb48 f    CIL library: CIL module
 0001:0003eb54       ??__F?s_library@RModuleLibraryReg_Chain@base@UModSys@@2U123@A@@YAXXZ 000000018003fb54 f    CIL library: CIL module
 0001:0003eb64       ??__F?root@SUniquePointer@core@UModSys@@2U123@A@@YAXXZ 000000018003fb64 f    CIL library: CIL module

 Exports

  ordinal    name

        1    UModSys_Plugin_Entry2
