 plugin_test1

 Timestamp is 5266a02a (Tue Oct 22 18:56:26 2013)

 Preferred load address is 0000000180000000

 Start         Length     Name                   Class
 0001:00000000 00003982H .text                   CODE
 0001:00003990 00000643H .text$x                 CODE
 0001:00003fd4 00000694H .text$yc                CODE
 0001:00004668 00000204H .text$yd                CODE
 0002:00000000 000000f0H .idata$5                DATA
 0002:000000f0 00000008H .CRT$XCA                DATA
 0002:000000f8 00000338H .CRT$XCU                DATA
 0002:00000430 00000008H .CRT$XCZ                DATA
 0002:00000438 00000008H .CRT$XIA                DATA
 0002:00000440 00000008H .CRT$XIAA               DATA
 0002:00000448 00000008H .CRT$XIZ                DATA
 0002:00000450 00000ea8H .rdata                  DATA
 0002:000012f8 0000078cH .rdata$r                DATA
 0002:00001a88 00000008H .rtc$IAA                DATA
 0002:00001a90 00000008H .rtc$IZZ                DATA
 0002:00001a98 00000008H .rtc$TAA                DATA
 0002:00001aa0 00000008H .rtc$TZZ                DATA
 0002:00001aa8 0000091cH .xdata                  DATA
 0002:000023c4 00000028H .idata$2                DATA
 0002:000023ec 00000014H .idata$3                DATA
 0002:00002400 000000f0H .idata$4                DATA
 0002:000024f0 0000021eH .idata$6                DATA
 0002:00002710 00000059H .edata                  DATA
 0003:00000000 00000468H .data                   DATA
 0003:00000468 000005a0H .bss                    DATA
 0004:00000000 00000684H .pdata                  DATA

  Address         Publics by Value              Rva+Base               Lib:Object

 0000:00000000       ___safe_se_handler_count   0000000000000000     <absolute>
 0000:00000000       ___safe_se_handler_table   0000000000000000     <absolute>
 0000:00000000       __ImageBase                0000000180000000     <linker-defined>
 0001:00000000       ??1SCMemShared@core@UModSys@@QEAA@XZ 0000000180001000 f i plugin_test1.obj
 0001:00000024       ??6SUniquePtrList@core@UModSys@@QEAAAEAU012@PEBUSUniquePointerInfo@12@@Z 0000000180001024 f i plugin_test1.obj
 0001:000000dc       ??3IRoot@core@UModSys@@SAXPEAXAEBUSIMemAlloc@12@@Z 00000001800010dc f i plugin_test1.obj
 0001:00000108       ?get_interface_info@RLines@test1@test@modules@UModSys@@UEBAAEBUSUniquePointerInfo@core@5@XZ 0000000180001108 f i plugin_test1.obj
 0001:00000110       ?get_interface_type@RLines@test1@test@modules@UModSys@@UEBAPEBUSUniquePointerInfo@core@5@XZ 0000000180001110 f i plugin_test1.obj
 0001:00000118       ?get_other_interface@RLines@test1@test@modules@UModSys@@UEBAPEBUIRoot@core@5@PEBUSUniquePointerInfo@75@@Z 0000000180001118 f i plugin_test1.obj
 0001:00000118       ?get_other_interface@RLines@test1@test@modules@UModSys@@UEAAPEAUIRoot@core@5@PEBUSUniquePointerInfo@75@@Z 0000000180001118 f i plugin_test1.obj
 0001:00000148       ?ref_add@RLines@test1@test@modules@UModSys@@UEBAXXZ 0000000180001148 f i plugin_test1.obj
 0001:0000014c       ?ref_remove@RLines@test1@test@modules@UModSys@@UEBAXXZ 000000018000114c f i plugin_test1.obj
 0001:00000164       ?ref_links@RLines@test1@test@modules@UModSys@@UEBAHXZ 0000000180001164 f i plugin_test1.obj
 0001:00000168       ?ref_weak@RLines@test1@test@modules@UModSys@@UEBA_NAEAUWeakPointer@IRefObject@core@5@@Z 0000000180001168 f i plugin_test1.obj
 0001:00000188       ?suicide@RLines@test1@test@modules@UModSys@@UEAAXXZ 0000000180001188 f i plugin_test1.obj
 0001:000001d4       ??_GRLines@test1@test@modules@UModSys@@UEAAPEAXI@Z 00000001800011d4 f i plugin_test1.obj
 0001:000001d4       ??_ERLines@test1@test@modules@UModSys@@UEAAPEAXI@Z 00000001800011d4 f i  CIL library: CIL module
 0001:00000210       ??1ILines@test1@test@modules@UModSys@@UEAA@XZ 0000000180001210 f i plugin_test1.obj
 0001:0000028c       ??_GILines@test1@test@modules@UModSys@@UEAAPEAXI@Z 000000018000128c f i plugin_test1.obj
 0001:0000028c       ??_EILines@test1@test@modules@UModSys@@UEAAPEAXI@Z 000000018000128c f i  CIL library: CIL module
 0001:000002bc       ??_ERGenerator@test1@test@modules@UModSys@@UEAAPEAXI@Z 00000001800012bc f i  CIL library: CIL module
 0001:000002bc       ??_GRLines_Filter@test1@test@modules@UModSys@@UEAAPEAXI@Z 00000001800012bc f i plugin_test1.obj
 0001:000002bc       ??_EIRoot@core@UModSys@@UEAAPEAXI@Z 00000001800012bc f i  CIL library: CIL module
 0001:000002bc       ??_GRGenerator@test1@test@modules@UModSys@@UEAAPEAXI@Z 00000001800012bc f i plugin_test1.obj
 0001:000002bc       ??_GIRoot@core@UModSys@@UEAAPEAXI@Z 00000001800012bc f i plugin_test1.obj
 0001:000002bc       ??_ERLines_Filter@test1@test@modules@UModSys@@UEAAPEAXI@Z 00000001800012bc f i  CIL library: CIL module
 0001:000002e4       ?get_interface_info@RLines_Filter@test1@test@modules@UModSys@@UEBAAEBUSUniquePointerInfo@core@5@XZ 00000001800012e4 f i plugin_test1.obj
 0001:000002ec       ?get_interface_type@RLines_Filter@test1@test@modules@UModSys@@UEBAPEBUSUniquePointerInfo@core@5@XZ 00000001800012ec f i plugin_test1.obj
 0001:000002f4       ?get_other_interface@RLines_Filter@test1@test@modules@UModSys@@UEAAPEAUIRoot@core@5@PEBUSUniquePointerInfo@75@@Z 00000001800012f4 f i plugin_test1.obj
 0001:000002f4       ?get_other_interface@RLines_Filter@test1@test@modules@UModSys@@UEBAPEBUIRoot@core@5@PEBUSUniquePointerInfo@75@@Z 00000001800012f4 f i plugin_test1.obj
 0001:00000324       ?filter_load@RLines_Filter@test1@test@modules@UModSys@@UEAA_NAEAU?$TRefObject@UIRefObject@core@UModSys@@U?$TRefObjectFunc@UIRefObject@core@UModSys@@@tl@3@@tl@5@AEBUSInfo@IBinObjFilter@libmedia@5@@Z 0000000180001324 f i plugin_test1.obj
 0001:00000474       ?filter_load@RLines_Filter@test1@test@modules@UModSys@@UEAA_NPEAUIRefObject@core@5@AEBUSInfo@IBinObjFilter@libmedia@5@@Z 0000000180001474 f i plugin_test1.obj
 0001:00000474       ?filter_save@RLines_Filter@test1@test@modules@UModSys@@UEAA_NPEAUIRefObject@core@5@AEAUSInfo@IBinObjFilter@libmedia@5@@Z 0000000180001474 f i plugin_test1.obj
 0001:00000478       ??1IBinObjFilter@libmedia@UModSys@@UEAA@XZ 0000000180001478 f i plugin_test1.obj
 0001:00000478       ??1IShell@base@UModSys@@UEAA@XZ 0000000180001478 f i plugin_test1.obj
 0001:00000484       ?get_interface_info@RTest1_Shell@test1@test@modules@UModSys@@UEBAAEBUSUniquePointerInfo@core@5@XZ 0000000180001484 f i plugin_test1.obj
 0001:0000048c       ?get_interface_type@RTest1_Shell@test1@test@modules@UModSys@@UEBAPEBUSUniquePointerInfo@core@5@XZ 000000018000148c f i plugin_test1.obj
 0001:00000494       ?get_interface_types@RLines_Filter@test1@test@modules@UModSys@@UEBA_KAEAUSUniquePtrList@core@5@@Z 0000000180001494 f i plugin_test1.obj
 0001:00000494       ?get_interface_types@RTest1_Shell@test1@test@modules@UModSys@@UEBA_KAEAUSUniquePtrList@core@5@@Z 0000000180001494 f i plugin_test1.obj
 0001:00000494       ?get_interface_types@RLines@test1@test@modules@UModSys@@UEBA_KAEAUSUniquePtrList@core@5@@Z 0000000180001494 f i plugin_test1.obj
 0001:00000494       ?get_interface_types@RGenerator@test1@test@modules@UModSys@@UEBA_KAEAUSUniquePtrList@core@5@@Z 0000000180001494 f i plugin_test1.obj
 0001:0000049c       ?get_other_interface@RTest1_Shell@test1@test@modules@UModSys@@UEBAPEBUIRoot@core@5@PEBUSUniquePointerInfo@75@@Z 000000018000149c f i plugin_test1.obj
 0001:0000049c       ?get_other_interface@RTest1_Shell@test1@test@modules@UModSys@@UEAAPEAUIRoot@core@5@PEBUSUniquePointerInfo@75@@Z 000000018000149c f i plugin_test1.obj
 0001:000004cc       ?ref_add@RGenerator@test1@test@modules@UModSys@@UEBAXXZ 00000001800014cc f i plugin_test1.obj
 0001:000004cc       ?ref_add@RLines_Filter@test1@test@modules@UModSys@@UEBAXXZ 00000001800014cc f i plugin_test1.obj
 0001:000004cc       ?ref_add@RTest1_Shell@test1@test@modules@UModSys@@UEBAXXZ 00000001800014cc f i plugin_test1.obj
 0001:000004d0       ?ref_remove@RTest1_Shell@test1@test@modules@UModSys@@UEBAXXZ 00000001800014d0 f i plugin_test1.obj
 0001:000004d0       ?ref_remove@RGenerator@test1@test@modules@UModSys@@UEBAXXZ 00000001800014d0 f i plugin_test1.obj
 0001:000004d0       ?ref_remove@RLines_Filter@test1@test@modules@UModSys@@UEBAXXZ 00000001800014d0 f i plugin_test1.obj
 0001:000004e8       ?suicide@RLines_Filter@test1@test@modules@UModSys@@UEAAXXZ 00000001800014e8 f i plugin_test1.obj
 0001:000004e8       ?suicide@RTest1_Shell@test1@test@modules@UModSys@@UEAAXXZ 00000001800014e8 f i plugin_test1.obj
 0001:00000534       ??0RTest1_Shell@test1@test@modules@UModSys@@QEAA@PEAUIModObject@base@4@@Z 0000000180001534 f i plugin_test1.obj
 0001:0000065c       ?connect@RTest1_Shell@test1@test@modules@UModSys@@UEAA_NXZ 000000018000165c f i plugin_test1.obj
 0001:00000680       ?disconnect@RTest1_Shell@test1@test@modules@UModSys@@UEAA_NXZ 0000000180001680 f i plugin_test1.obj
 0001:000006a4       ?process_tick@RTest1_Shell@test1@test@modules@UModSys@@UEAA_NAEBUSTimeMsec@core@5@@Z 00000001800016a4 f i plugin_test1.obj
 0001:000006dc       ?process_command@RTest1_Shell@test1@test@modules@UModSys@@UEAA_NHQEBU?$TString@U?$TSCoreConst@D@su@tl@UModSys@@U?$TComparerBinaryHash@D@234@@tl@5@@Z 00000001800016dc f i plugin_test1.obj
 0001:00000700       ??_GRTest1_Shell@test1@test@modules@UModSys@@UEAAPEAXI@Z 0000000180001700 f i plugin_test1.obj
 0001:00000700       ??_ERTest1_Shell@test1@test@modules@UModSys@@UEAAPEAXI@Z 0000000180001700 f i  CIL library: CIL module
 0001:00000798       ?dump_str@RTest1_Shell@test1@test@modules@UModSys@@QEAAXPEBD_K@Z 0000000180001798 f   plugin_test1.obj
 0001:00000ac8       ?media_arch_stdio@RTest1_Shell@test1@test@modules@UModSys@@QEAA?AU?$TRefObject@UIBinArchive@libmedia@UModSys@@U?$TRefObjectFunc@UIBinArchive@libmedia@UModSys@@@tl@3@@tl@5@AEBU?$TString@U?$TSCoreConst@D@su@tl@UModSys@@U?$TComparerBinaryHash@D@234@@75@@Z 0000000180001ac8 f   plugin_test1.obj
 0001:00000d1c       ??1?$TParametersA@$0EAA@@core@UModSys@@QEAA@XZ 0000000180001d1c f i plugin_test1.obj
 0001:00000d38       ?media_vfs@RTest1_Shell@test1@test@modules@UModSys@@QEAA?AU?$TRefObject@UILibraryBinTree@libmedia@UModSys@@U?$TRefObjectFunc@UILibraryBinTree@libmedia@UModSys@@@tl@3@@tl@5@XZ 0000000180001d38 f   plugin_test1.obj
 0001:00000f34       ?media_flt@RTest1_Shell@test1@test@modules@UModSys@@QEAA?AU?$TRefObject@UILibraryObjFilter@libmedia@UModSys@@U?$TRefObjectFunc@UILibraryObjFilter@libmedia@UModSys@@@tl@3@@tl@5@XZ 0000000180001f34 f   plugin_test1.obj
 0001:00001130       ?media_lay@RTest1_Shell@test1@test@modules@UModSys@@QEAA?AU?$TRefObject@UILibraryLayered@libmedia@UModSys@@U?$TRefObjectFunc@UILibraryLayered@libmedia@UModSys@@@tl@3@@tl@5@XZ 0000000180002130 f   plugin_test1.obj
 0001:0000132c       ?test_op_file@RTest1_Shell@test1@test@modules@UModSys@@QEAAX_NAEBU?$TString@U?$TSCoreConst@D@su@tl@UModSys@@U?$TComparerBinaryHash@D@234@@tl@5@AEAUSCMemShared@core@5@0@Z 000000018000232c f   plugin_test1.obj
 0001:00001410       ?file_test1@RTest1_Shell@test1@test@modules@UModSys@@QEAAXXZ 0000000180002410 f   plugin_test1.obj
 0001:00001894       ?file_test2@RTest1_Shell@test1@test@modules@UModSys@@QEAAXXZ 0000000180002894 f   plugin_test1.obj
 0001:00001bc4       ?file_test3@RTest1_Shell@test1@test@modules@UModSys@@QEAAXXZ 0000000180002bc4 f   plugin_test1.obj
 0001:00001e30       ?file_test4@RTest1_Shell@test1@test@modules@UModSys@@QEAAXXZ 0000000180002e30 f   plugin_test1.obj
 0001:000023d8       ?file_test5@RTest1_Shell@test1@test@modules@UModSys@@QEAAXXZ 00000001800033d8 f   plugin_test1.obj
 0001:000028cc       ??1SLayer@ILibraryLayered@libmedia@UModSys@@QEAA@XZ 00000001800038cc f i plugin_test1.obj
 0001:000028cc       ??1SMountPoint@ILibraryBinTree@libmedia@UModSys@@QEAA@XZ 00000001800038cc f i plugin_test1.obj
 0001:000028f0       ?get_generated_names@RGenerator@test1@test@modules@UModSys@@UEBAHAEAUSUniquePtrList@core@5@@Z 00000001800038f0 f i plugin_test1.obj
 0001:00002910       ?get_generated_types@RGenerator@test1@test@modules@UModSys@@UEBAHAEAUSUniquePtrList@core@5@PEBUSUniquePointerInfo@75@@Z 0000000180003910 f i plugin_test1.obj
 0001:0000296c       ?generate@RGenerator@test1@test@modules@UModSys@@UEAA_NAEAU?$TRefObject@UIRefObject@core@UModSys@@U?$TRefObjectFunc@UIRefObject@core@UModSys@@@tl@3@@tl@5@PEBUSUniquePointerInfo@core@5@AEBUSParameters@95@@Z 000000018000396c f i plugin_test1.obj
 0001:00002a30       ?get_interface_info@RGenerator@test1@test@modules@UModSys@@UEBAAEBUSUniquePointerInfo@core@5@XZ 0000000180003a30 f i plugin_test1.obj
 0001:00002a38       ?get_interface_type@RGenerator@test1@test@modules@UModSys@@UEBAPEBUSUniquePointerInfo@core@5@XZ 0000000180003a38 f i plugin_test1.obj
 0001:00002a40       ?get_other_interface@RGenerator@test1@test@modules@UModSys@@UEBAPEBUIRoot@core@5@PEBUSUniquePointerInfo@75@@Z 0000000180003a40 f i plugin_test1.obj
 0001:00002a40       ?get_other_interface@RGenerator@test1@test@modules@UModSys@@UEAAPEAUIRoot@core@5@PEBUSUniquePointerInfo@75@@Z 0000000180003a40 f i plugin_test1.obj
 0001:00002a78       ?ref_links@RGenerator@test1@test@modules@UModSys@@UEBAHXZ 0000000180003a78 f i plugin_test1.obj
 0001:00002a78       ?ref_links@RTest1_Shell@test1@test@modules@UModSys@@UEBAHXZ 0000000180003a78 f i plugin_test1.obj
 0001:00002a78       ?ref_links@RLines_Filter@test1@test@modules@UModSys@@UEBAHXZ 0000000180003a78 f i plugin_test1.obj
 0001:00002a7c       ?ref_weak@RTest1_Shell@test1@test@modules@UModSys@@UEBA_NAEAUWeakPointer@IRefObject@core@5@@Z 0000000180003a7c f i plugin_test1.obj
 0001:00002a7c       ?ref_weak@RGenerator@test1@test@modules@UModSys@@UEBA_NAEAUWeakPointer@IRefObject@core@5@@Z 0000000180003a7c f i plugin_test1.obj
 0001:00002a7c       ?ref_weak@RLines_Filter@test1@test@modules@UModSys@@UEBA_NAEAUWeakPointer@IRefObject@core@5@@Z 0000000180003a7c f i plugin_test1.obj
 0001:00002a9c       ?suicide@RGenerator@test1@test@modules@UModSys@@UEAAXXZ 0000000180003a9c f i plugin_test1.obj
 0001:00002aa0       ?get_uid@RGenerator@test1@test@modules@UModSys@@UEBAPEBUSUniquePointerInfo@core@5@XZ 0000000180003aa0 f i plugin_test1.obj
 0001:00002aa8       ?do_open@RModuleReg@test1@test@modules@UModSys@@UEAA_NXZ 0000000180003aa8 f i plugin_test1.obj
 0001:00002b2c       ?do_close@RModuleReg@test1@test@modules@UModSys@@UEAA_NXZ 0000000180003b2c f i plugin_test1.obj
 0001:00002b94       ??_ERModuleReg@test1@test@modules@UModSys@@UEAAPEAXI@Z 0000000180003b94 f i  CIL library: CIL module
 0001:00002b94       ??_EIModuleReg@base@UModSys@@UEAAPEAXI@Z 0000000180003b94 f i  CIL library: CIL module
 0001:00002b94       ??_GRModuleReg@test1@test@modules@UModSys@@UEAAPEAXI@Z 0000000180003b94 f i plugin_test1.obj
 0001:00002b94       ??_GIModuleReg@base@UModSys@@UEAAPEAXI@Z 0000000180003b94 f i umodsys_lib_base:umodsys.base.modulereg.obj
 0001:00002bbc       ?get_module@RGenerator@test1@test@modules@UModSys@@UEBAPEAUIModule@base@5@XZ 0000000180003bbc f   plugin_test1.obj
 0001:00002bc4       ?mod_inc@RGenerator@test1@test@modules@UModSys@@UEBA_NXZ 0000000180003bc4 f   plugin_test1.obj
 0001:00002bd4       ?mod_dec@RGenerator@test1@test@modules@UModSys@@UEBA_NXZ 0000000180003bd4 f   plugin_test1.obj
 0001:00002be4       ?s_holder@RGenerator@test1@test@modules@UModSys@@SAAEAU?$TTypeStaticHolder@URGenerator@test1@test@modules@UModSys@@@tl@5@XZ 0000000180003be4 f   plugin_test1.obj
 0001:00002c28       ?ResizeRel@?$TDynarray@U?$TDynarrayHolderDynamic@U?$TString@U?$TSCoreShared@USIMemAlloc@core@UModSys@@D@su@tl@UModSys@@U?$TComparerBinaryHash@D@234@@tl@UModSys@@U?$TAllocator@USIMemAlloc@core@UModSys@@USCountCalcPower2@23@@23@@tl@UModSys@@@tl@UModSys@@QEAA_N_J@Z 0000000180003c28 f i plugin_test1.obj
 0001:00002d78       ??1?$TRefObject@UILibraryBinTree@libmedia@UModSys@@U?$TRefObjectFunc@UILibraryBinTree@libmedia@UModSys@@@tl@3@@tl@UModSys@@QEAA@XZ 0000000180003d78 f i plugin_test1.obj
 0001:00002d78       ??1?$TRefObject@UILines@test1@test@modules@UModSys@@U?$TRefObjectFunc@UILines@test1@test@modules@UModSys@@@tl@5@@tl@UModSys@@QEAA@XZ 0000000180003d78 f i plugin_test1.obj
 0001:00002d78       ??1?$TRefObject@UIBinObjFilter@libmedia@UModSys@@U?$TRefObjectFunc@UIBinObjFilter@libmedia@UModSys@@@tl@3@@tl@UModSys@@QEAA@XZ 0000000180003d78 f i plugin_test1.obj
 0001:00002d78       ??1?$TRefObject@UILibraryLayered@libmedia@UModSys@@U?$TRefObjectFunc@UILibraryLayered@libmedia@UModSys@@@tl@3@@tl@UModSys@@QEAA@XZ 0000000180003d78 f i plugin_test1.obj
 0001:00002d78       ??1?$TRefObject@UIRefObject@core@UModSys@@U?$TRefObjectFunc@UIRefObject@core@UModSys@@@tl@3@@tl@UModSys@@QEAA@XZ 0000000180003d78 f i plugin_test1.obj
 0001:00002d78       ??1?$TRefObject@UILibraryObjFilter@libmedia@UModSys@@U?$TRefObjectFunc@UILibraryObjFilter@libmedia@UModSys@@@tl@3@@tl@UModSys@@QEAA@XZ 0000000180003d78 f i plugin_test1.obj
 0001:00002d78       ??1?$TRefObject@UIStreamWriter@libmedia@UModSys@@U?$TRefObjectFunc@UIStreamWriter@libmedia@UModSys@@@tl@3@@tl@UModSys@@QEAA@XZ 0000000180003d78 f i plugin_test1.obj
 0001:00002d78       ??1?$TRefObject@UIBinArchive@libmedia@UModSys@@U?$TRefObjectFunc@UIBinArchive@libmedia@UModSys@@@tl@3@@tl@UModSys@@QEAA@XZ 0000000180003d78 f i plugin_test1.obj
 0001:00002d78       ??1?$TRefObject@UIStreamReader@libmedia@UModSys@@U?$TRefObjectFunc@UIStreamReader@libmedia@UModSys@@@tl@3@@tl@UModSys@@QEAA@XZ 0000000180003d78 f i plugin_test1.obj
 0001:00002d9c       ??1?$TRefObject@UIModObject@base@UModSys@@U?$TModObjectFunc@UIModObject@base@UModSys@@@tl@3@@tl@UModSys@@QEAA@XZ 0000000180003d9c f i plugin_test1.obj
 0001:00002dc8       ?Link@SModuleContext@base@UModSys@@QEAAXPEAUISystem@23@PEAUIMemAlloc@core@3@@Z 0000000180003dc8 f   umodsys_lib_base:umodsys.base.modulecontext.obj
 0001:00002e3c       ?mlr_count@RModuleLibraryReg_Chain@base@UModSys@@UEBA_KXZ 0000000180003e3c f   umodsys_lib_base:umodsys.base.moduleregchain.obj
 0001:00002e74       ?mlr_get@RModuleLibraryReg_Chain@base@UModSys@@UEBAPEAUIModuleReg@23@_K@Z 0000000180003e74 f   umodsys_lib_base:umodsys.base.moduleregchain.obj
 0001:00002ea0       ?mlr_open@RModuleLibraryReg_Chain@base@UModSys@@UEAA_NPEAUISystem@23@PEAUIMemAlloc@core@3@@Z 0000000180003ea0 f   umodsys_lib_base:umodsys.base.moduleregchain.obj
 0001:00002f24       ?mlr_close@RModuleLibraryReg_Chain@base@UModSys@@UEAA_NXZ 0000000180003f24 f   umodsys_lib_base:umodsys.base.moduleregchain.obj
 0001:00002fac       ?mlr_isopen@RModuleLibraryReg_Chain@base@UModSys@@UEBA_NXZ 0000000180003fac f   umodsys_lib_base:umodsys.base.moduleregchain.obj
 0001:00002fbc       ??_GRModuleLibraryReg_Chain@base@UModSys@@UEAAPEAXI@Z 0000000180003fbc f i umodsys_lib_base:umodsys.base.moduleregchain.obj
 0001:00002fbc       ??_EIModuleLibraryReg@base@UModSys@@UEAAPEAXI@Z 0000000180003fbc f i  CIL library: CIL module
 0001:00002fbc       ??_ERModuleLibraryReg_Chain@base@UModSys@@UEAAPEAXI@Z 0000000180003fbc f i  CIL library: CIL module
 0001:00002fbc       ??_GIModuleLibraryReg@base@UModSys@@UEAAPEAXI@Z 0000000180003fbc f i umodsys_lib_base:umodsys.base.modulereg.obj
 0001:00002fe4       UModSys_Plugin_Entry2      0000000180003fe4 f   umodsys_lib_base:umodsys.so_main.win32.obj
 0001:00002fec       ?mr_isopen@IModuleReg@base@UModSys@@UEBA_NXZ 0000000180003fec f   umodsys_lib_base:umodsys.base.modulereg.obj
 0001:00002ff8       ?mr_open@IModuleReg@base@UModSys@@UEAA_NXZ 0000000180003ff8 f   umodsys_lib_base:umodsys.base.modulereg.obj
 0001:0000301c       ?mr_close@IModuleReg@base@UModSys@@UEAA_NXZ 000000018000401c f   umodsys_lib_base:umodsys.base.modulereg.obj
 0001:00003038       ??0SUniquePointer@core@UModSys@@QEAA@PEBD0H@Z 0000000180004038 f   umodsys_lib_core:umodsys.core.uniqueptr.obj
 0001:00003088       ??1SUniquePointer@core@UModSys@@QEAA@XZ 0000000180004088 f   umodsys_lib_core:umodsys.core.uniqueptr.obj
 0001:000030b0       ?suicide@IRoot@core@UModSys@@UEAAXXZ 00000001800040b0 f   umodsys_lib_core:umodsys.core.objects.obj
 0001:000030c8       ??3IRoot@core@UModSys@@SAXPEAX@Z 00000001800040c8 f   umodsys_lib_core:umodsys.core.objects.obj
 0001:000030f0       _onexit                    00000001800040f0 f   MSVCRT:atonexit.obj
 0001:000031a0       atexit                     00000001800041a0 f   MSVCRT:atonexit.obj
 0001:000031b8       _purecall                  00000001800041b8 f   MSVCRT:MSVCR90.dll
 0001:000031be       ??3@YAXPEAX@Z              00000001800041be f   MSVCRT:MSVCR90.dll
 0001:000031c4       ??_Etype_info@@UEAAPEAXI@Z 00000001800041c4 f i MSVCRT:ti_inst.obj
 0001:00003290       _CRT_INIT                  0000000180004290 f   MSVCRT:crtdll.obj
 0001:00003624       _DllMainCRTStartup         0000000180004624 f   MSVCRT:crtdll.obj
 0001:00003662       __C_specific_handler       0000000180004662 f   MSVCRT:MSVCR90.dll
 0001:00003668       _unlock                    0000000180004668 f   MSVCRT:MSVCR90.dll
 0001:0000366e       __dllonexit                000000018000466e f   MSVCRT:MSVCR90.dll
 0001:00003674       _lock                      0000000180004674 f   MSVCRT:MSVCR90.dll
 0001:0000367c       ?__ArrayUnwind@@YAXPEAX_KHP6AX0@Z@Z 000000018000467c f   MSVCRT:ehvecdtr.obj
 0001:000036c8       ??_M@YAXPEAX_KHP6AX0@Z@Z   00000001800046c8 f   MSVCRT:ehvecdtr.obj
 0001:00003728       __clean_type_info_names    0000000180004728 f   MSVCRT:tncleanup.obj
 0001:00003734       _RTC_Initialize            0000000180004734 f   MSVCRT:_initsect_.obj
 0001:0000376c       _RTC_Terminate             000000018000476c f   MSVCRT:_initsect_.obj
 0001:000037b0       _ValidateImageBase         00000001800047b0 f   MSVCRT:pesect.obj
 0001:000037e0       _FindPESection             00000001800047e0 f   MSVCRT:pesect.obj
 0001:00003830       _IsNonwritableInCurrentImage 0000000180004830 f   MSVCRT:pesect.obj
 0001:00003872       _initterm                  0000000180004872 f   MSVCRT:MSVCR90.dll
 0001:00003878       _initterm_e                0000000180004878 f   MSVCRT:MSVCR90.dll
 0001:0000387e       _amsg_exit                 000000018000487e f   MSVCRT:MSVCR90.dll
 0001:00003884       __CppXcptFilter            0000000180004884 f   MSVCRT:MSVCR90.dll
 0001:0000388c       DllMain                    000000018000488c f   MSVCRT:dllmain.obj
 0001:000038b0       __security_init_cookie     00000001800048b0 f   MSVCRT:gs_support.obj
 0001:00003964       ?terminate@@YAXXZ          0000000180004964 f   MSVCRT:MSVCR90.dll
 0001:0000396a       ?_type_info_dtor_internal_method@type_info@@QEAAXXZ 000000018000496a f   MSVCRT:MSVCR90.dll
 0001:0000396a       ??1type_info@@UEAA@XZ      000000018000496a f   MSVCRT:MSVCR90.dll
 0001:00003970       __clean_type_info_names_internal 0000000180004970 f   MSVCRT:MSVCR90.dll
 0001:00003976       __CxxFrameHandler3         0000000180004976 f   MSVCRT:MSVCR90.dll
 0001:0000397c       memcpy                     000000018000497c f   MSVCRT:MSVCR90.dll
 0002:00000000       __imp_GetCurrentProcessId  0000000180006000     kernel32:KERNEL32.dll
 0002:00000008       __imp_GetCurrentThreadId   0000000180006008     kernel32:KERNEL32.dll
 0002:00000010       __imp_GetTickCount         0000000180006010     kernel32:KERNEL32.dll
 0002:00000018       __imp_QueryPerformanceCounter 0000000180006018     kernel32:KERNEL32.dll
 0002:00000020       __imp_DisableThreadLibraryCalls 0000000180006020     kernel32:KERNEL32.dll
 0002:00000028       __imp_Sleep                0000000180006028     kernel32:KERNEL32.dll
 0002:00000030       __imp_GetSystemTimeAsFileTime 0000000180006030     kernel32:KERNEL32.dll
 0002:00000038       \177KERNEL32_NULL_THUNK_DATA 0000000180006038     kernel32:KERNEL32.dll
 0002:00000040       __imp__decode_pointer      0000000180006040     MSVCRT:MSVCR90.dll
 0002:00000048       __imp__malloc_crt          0000000180006048     MSVCRT:MSVCR90.dll
 0002:00000050       __imp__initterm            0000000180006050     MSVCRT:MSVCR90.dll
 0002:00000058       __imp__initterm_e          0000000180006058     MSVCRT:MSVCR90.dll
 0002:00000060       __imp_free                 0000000180006060     MSVCRT:MSVCR90.dll
 0002:00000068       __imp__onexit              0000000180006068     MSVCRT:MSVCR90.dll
 0002:00000070       __imp__amsg_exit           0000000180006070     MSVCRT:MSVCR90.dll
 0002:00000078       __imp___CppXcptFilter      0000000180006078     MSVCRT:MSVCR90.dll
 0002:00000080       __imp_?terminate@@YAXXZ    0000000180006080     MSVCRT:MSVCR90.dll
 0002:00000088       __imp_?_type_info_dtor_internal_method@type_info@@QEAAXXZ 0000000180006088     MSVCRT:MSVCR90.dll
 0002:00000090       __imp___clean_type_info_names_internal 0000000180006090     MSVCRT:MSVCR90.dll
 0002:00000098       __imp__lock                0000000180006098     MSVCRT:MSVCR90.dll
 0002:000000a0       __imp__encode_pointer      00000001800060a0     MSVCRT:MSVCR90.dll
 0002:000000a8       __imp___dllonexit          00000001800060a8     MSVCRT:MSVCR90.dll
 0002:000000b0       __imp__unlock              00000001800060b0     MSVCRT:MSVCR90.dll
 0002:000000b8       __imp___C_specific_handler 00000001800060b8     MSVCRT:MSVCR90.dll
 0002:000000c0       __imp_??3@YAXPEAX@Z        00000001800060c0     MSVCRT:MSVCR90.dll
 0002:000000c8       __imp__encoded_null        00000001800060c8     MSVCRT:MSVCR90.dll
 0002:000000d0       __imp__purecall            00000001800060d0     MSVCRT:MSVCR90.dll
 0002:000000d8       __imp___CxxFrameHandler3   00000001800060d8     MSVCRT:MSVCR90.dll
 0002:000000e0       __imp_memcpy               00000001800060e0     MSVCRT:MSVCR90.dll
 0002:000000e8       \177MSVCR90_NULL_THUNK_DATA 00000001800060e8     MSVCRT:MSVCR90.dll
 0002:000000f0       __xc_a                     00000001800060f0     MSVCRT:cinitexe.obj
 0002:00000430       __xc_z                     0000000180006430     MSVCRT:cinitexe.obj
 0002:00000438       __xi_a                     0000000180006438     MSVCRT:cinitexe.obj
 0002:00000448       __xi_z                     0000000180006448     MSVCRT:cinitexe.obj
 0002:00000458       ??_7type_info@@6B@         0000000180006458     MSVCRT:ti_inst.obj
 0002:00000460       _pRawDllMain               0000000180006460     MSVCRT:crtdll.obj
 0002:00000460       _pDefaultRawDllMain        0000000180006460     MSVCRT:crtdll.obj
 0002:00000468       ??_C@_0P@GHFPNOJB@bad?5allocation?$AA@ 0000000180006468     plugin_test1.obj
 0002:00000478       ??_C@_0BF@OCNNAADO@UModSys?3?3core?3?3IRoot?$AA@ 0000000180006478     plugin_test1.obj
 0002:00000490       ??_C@_0BK@EMIJFOPA@UModSys?3?3core?3?3IRefObject?$AA@ 0000000180006490     plugin_test1.obj
 0002:000004b0       ??_C@_0BL@IOMMHELF@UModSys?3?3core?3?3IParameters?$AA@ 00000001800064b0     plugin_test1.obj
 0002:000004d0       ??_C@_0BH@LKDEEPPM@UModSys?3?3base?3?3IModule?$AA@ 00000001800064d0     plugin_test1.obj
 0002:000004e8       ??_C@_0BO@PHJOHFCB@UModSys?3?3base?3?3IModuleLibrary?$AA@ 00000001800064e8     plugin_test1.obj
 0002:00000508       ??_C@_0BK@FDPIOPHG@UModSys?3?3base?3?3IModObject?$AA@ 0000000180006508     plugin_test1.obj
 0002:00000528       ??_C@_0BK@OIBKNCKJ@UModSys?3?3base?3?3IGenerator?$AA@ 0000000180006528     plugin_test1.obj
 0002:00000548       ??_C@_0BG@PJBGCMEC@UModSys?3?3base?3?3IShell?$AA@ 0000000180006548     plugin_test1.obj
 0002:00000560       ??_C@_0BI@IKAOEFAP@UModSys?3?3base?3?3IConsole?$AA@ 0000000180006560     plugin_test1.obj
 0002:00000578       ??_C@_0BH@PFCONEJJ@UModSys?3?3base?3?3ISystem?$AA@ 0000000180006578     plugin_test1.obj
 0002:00000590       ??_C@_0CB@CLGNFEGF@UModSys?3?3libmedia?3?3IStreamReader@ 0000000180006590     plugin_test1.obj
 0002:000005b8       ??_C@_0CB@HOPFFLP@UModSys?3?3libmedia?3?3IStreamWriter@ 00000001800065b8     plugin_test1.obj
 0002:000005e0       ??_C@_0BP@KCJMEDNO@UModSys?3?3libmedia?3?3IBinArchive?$AA@ 00000001800065e0     plugin_test1.obj
 0002:00000600       ??_C@_0CB@FDEKNMGJ@UModSys?3?3libmedia?3?3IBinObjFilter@ 0000000180006600     plugin_test1.obj
 0002:00000628       ??_C@_0BM@DPCMOAPM@UModSys?3?3libmedia?3?3ILibrary?$AA@ 0000000180006628     plugin_test1.obj
 0002:00000648       ??_C@_0CD@ELIFEGE@UModSys?3?3libmedia?3?3ILibraryBinTr@ 0000000180006648     plugin_test1.obj
 0002:00000670       ??_C@_0CE@EGHBJBAJ@UModSys?3?3libmedia?3?3ILibraryBinCa@ 0000000180006670     plugin_test1.obj
 0002:00000698       ??_C@_0CF@LBIGBLOK@UModSys?3?3libmedia?3?3ILibraryObjFi@ 0000000180006698     plugin_test1.obj
 0002:000006c0       ??_C@_0CD@LJFEJKGF@UModSys?3?3libmedia?3?3ILibraryLayer@ 00000001800066c0     plugin_test1.obj
 0002:000006e8       ??_C@_0CG@DNABKNDD@UModSys?3?3modules?3?3test?3?3test1?3?3I@ 00000001800066e8     plugin_test1.obj
 0002:00000710       ??_C@_0CG@FINIGFAH@UModSys?3?3modules?3?3test?3?3test1?3?3R@ 0000000180006710     plugin_test1.obj
 0002:00000738       ??_C@_0CN@EFAOPDDB@UModSys?3?3modules?3?3test?3?3test1?3?3R@ 0000000180006738     plugin_test1.obj
 0002:00000768       ??_C@_0CM@LNHNHIJB@UModSys?3?3modules?3?3test?3?3test1?3?3R@ 0000000180006768     plugin_test1.obj
 0002:00000798       ??_C@_0BC@NIGGCDMG@RTest1_Shell?$CI?$CJ?5?$HL?6?$AA@ 0000000180006798     plugin_test1.obj
 0002:000007b0       ??_C@_0DK@JIEMIEKA@UModSys?3?3modules?3?3test?3?3test1?3?3R@ 00000001800067b0     plugin_test1.obj
 0002:000007f0       ??_C@_0CK@OICDGBDJ@?4?4?2?4?4?2?4?4?2src?2plugin?2test?2plugin_@ 00000001800067f0     plugin_test1.obj
 0002:00000820       ??_C@_0BF@BMCPNMPN@?$HN?5?1?1?5RTest1_Shell?$CI?$CJ?6?$AA@ 0000000180006820     plugin_test1.obj
 0002:00000838       ??_C@_0DL@OIAHAJF@UModSys?3?3modules?3?3test?3?3test1?3?3R@ 0000000180006838     plugin_test1.obj
 0002:00000878       ??_C@_0BB@MLDFLEML@?$HORTest1_Shell?$CI?$CJ?6?$AA@ 0000000180006878     plugin_test1.obj
 0002:00000890       ??_C@_0BJ@CCPCJEPP@RTest1_Shell?3?3connect?$CI?$CJ?6?$AA@ 0000000180006890     plugin_test1.obj
 0002:000008b0       ??_C@_0BM@KBDBHLN@RTest1_Shell?3?3disconnect?$CI?$CJ?6?$AA@ 00000001800068b0     plugin_test1.obj
 0002:000008d0       ??_C@_0BI@PGLACHLJ@RTest1_Shell?3?3tick?$CI?$CFg?$CJ?6?$AA@ 00000001800068d0     plugin_test1.obj
 0002:000008e8       ??_C@_0BM@JFIEEBE@RTest1_Shell?3?3command?$CI?$CD?$CFd?$CJ?6?$AA@ 00000001800068e8     plugin_test1.obj
 0002:00000904       ??_C@_06FIJELGDL@?2x?$CF02x?$AA@ 0000000180006904     plugin_test1.obj
 0002:0000090c       ??_C@_01KICIPPFI@?2?$AA@   000000018000690c     plugin_test1.obj
 0002:00000910       ??_C@_02HAOIJKIC@?$CFc?$AA@ 0000000180006910     plugin_test1.obj
 0002:00000914       ??_C@_02DKCKIIND@?$CFs?$AA@ 0000000180006914     plugin_test1.obj
 0002:00000918       ??_C@_0M@LAGNAJEJ@?$CK?3?3stdio?3?3?$CK?$AA@ 0000000180006918     plugin_test1.obj
 0002:00000928       ??_C@_08PEIJGPHF@pathname?$AA@ 0000000180006928     plugin_test1.obj
 0002:00000938       ??_C@_0CE@DDDCOPAP@?5?5found?5sys?5archive?5?$HL?$CFs?$HN?3?5?$CFs?5?$DN?$DO?5@ 0000000180006938     plugin_test1.obj
 0002:00000960       ??_C@_0BJ@IMDALNCM@?5?5fail?5sys?5archive?5?$HL?$CFs?$HN?6?$AA@ 0000000180006960     plugin_test1.obj
 0002:00000980       ??_C@_09BDJIOBCO@?$CK?3?3std?3?3?$CK?$AA@ 0000000180006980     plugin_test1.obj
 0002:00000990       ??_C@_0CB@FNBGJIKO@?5?5found?5lib?$CIbin?9tree?$CJ?3?5?$CFs?5?$DN?$DO?5?$CFp?6@ 0000000180006990     plugin_test1.obj
 0002:000009b8       ??_C@_0BG@PJBMFLKD@?5?5fail?5lib?$CIbin?9tree?$CJ?6?$AA@ 00000001800069b8     plugin_test1.obj
 0002:000009d0       ??_C@_0CD@CHNIFODL@?5?5found?5lib?$CIobj?9filter?$CJ?3?5?$CFs?5?$DN?$DO?5?$CF@ 00000001800069d0     plugin_test1.obj
 0002:000009f8       ??_C@_0BI@PPPKFCAB@?5?5fail?5lib?$CIobj?9filter?$CJ?6?$AA@ 00000001800069f8     plugin_test1.obj
 0002:00000a10       ??_C@_0CA@BADNNAAP@?5?5found?5lib?$CIlayered?$CJ?3?5?$CFs?5?$DN?$DO?5?$CFp?6?$AA@ 0000000180006a10     plugin_test1.obj
 0002:00000a30       ??_C@_0BF@JKNGHICK@?5?5fail?5lib?$CIlayered?$CJ?6?$AA@ 0000000180006a30     plugin_test1.obj
 0002:00000a48       ??_C@_0BL@PGHGALMG@?5?5load?5file?5?$HL?$CFs?$HN?5size?3?$CFu?5?$HL?$AA@ 0000000180006a48     plugin_test1.obj
 0002:00000a64       ??_C@_02KGHIDFGE@?$HN?6?$AA@ 0000000180006a64     plugin_test1.obj
 0002:00000a68       ??_C@_0BG@DKILDFNJ@?5?5not?5load?5file?5?$HL?$CFs?$HN?6?$AA@ 0000000180006a68     plugin_test1.obj
 0002:00000a80       ??_C@_0BK@EFGIELHO@?5?5save?5file?5?$HL?$CFs?$HN?5size?3?$CFu?6?$AA@ 0000000180006a80     plugin_test1.obj
 0002:00000aa0       ??_C@_0BG@GBNMDLCB@?5?5not?5save?5file?5?$HL?$CFs?$HN?6?$AA@ 0000000180006aa0     plugin_test1.obj
 0002:00000ab8       ??_C@_0BG@GBKKPOOO@?$CK?$CK?$CK?$CK?$CK?$CK?$CK?$CK?5file?5test?51?6?$AA@ 0000000180006ab8     plugin_test1.obj
 0002:00000ad0       ??_C@_0O@CMKKEPPD@read?9test?4txt?$AA@ 0000000180006ad0     plugin_test1.obj
 0002:00000ae0       ??_C@_08BABJIOEM@filename?$AA@ 0000000180006ae0     plugin_test1.obj
 0002:00000af0       ??_C@_0BK@JMHCEPK@?5?5found?5reader?3?5?$CFs?5?$DN?$DO?5?$CFp?6?$AA@ 0000000180006af0     plugin_test1.obj
 0002:00000b10       ??_C@_0P@HIBABMLC@write?9test?4txt?$AA@ 0000000180006b10     plugin_test1.obj
 0002:00000b20       ??_C@_04FAOFCKOL@safe?$AA@ 0000000180006b20     plugin_test1.obj
 0002:00000b28       ??_C@_0BK@ONIPKACL@?5?5found?5writer?3?5?$CFs?5?$DN?$DO?5?$CFp?6?$AA@ 0000000180006b28     plugin_test1.obj
 0002:00000b48       ??_C@_09CCCIBADP@?5?5read?3?5?$HL?$AA@ 0000000180006b48     plugin_test1.obj
 0002:00000b58       ??_C@_0L@BBJPPDJK@?5?5written?6?$AA@ 0000000180006b58     plugin_test1.obj
 0002:00000b68       ??_C@_0BG@GDOMEALH@?$CK?$CK?$CK?$CK?$CK?$CK?$CK?$CK?5file?5test?52?6?$AA@ 0000000180006b68     plugin_test1.obj
 0002:00000b80       ??_C@_01LFCBOECM@?4?$AA@   0000000180006b80     plugin_test1.obj
 0002:00000b88       ??_C@_0BC@MCEOIEIN@?5?5gen?5reader?3?5?$CFp?6?$AA@ 0000000180006b88     plugin_test1.obj
 0002:00000ba0       ??_C@_0BC@GCDHCAFA@?5?5gen?5writer?3?5?$CFp?6?$AA@ 0000000180006ba0     plugin_test1.obj
 0002:00000bb8       ??_C@_0BG@GCCOCKIA@?$CK?$CK?$CK?$CK?$CK?$CK?$CK?$CK?5file?5test?53?6?$AA@ 0000000180006bb8     plugin_test1.obj
 0002:00000bd0       ??_C@_0BG@GHGBDMAF@?$CK?$CK?$CK?$CK?$CK?$CK?$CK?$CK?5file?5test?54?6?$AA@ 0000000180006bd0     plugin_test1.obj
 0002:00000be8       ??_C@_01KMDKNFGN@?1?$AA@   0000000180006be8     plugin_test1.obj
 0002:00000bf0       ??_C@_0M@PCCOIOKO@?4?1write?9dir?$AA@ 0000000180006bf0     plugin_test1.obj
 0002:00000c00       ??_C@_0P@PGIPMINA@?1read?9test?4txt?$AA@ 0000000180006c00     plugin_test1.obj
 0002:00000c10       ??_C@_0BA@NKKNEIEH@?1write?9test?4txt?$AA@ 0000000180006c10     plugin_test1.obj
 0002:00000c20       ??_C@_0BG@GGKDFGDC@?$CK?$CK?$CK?$CK?$CK?$CK?$CK?$CK?5file?5test?55?6?$AA@ 0000000180006c20     plugin_test1.obj
 0002:00000c38       ??_C@_0CK@DEJPICLK@UModSys?3?3modules?3?3test?3?3test1?3?3R@ 0000000180006c38     plugin_test1.obj
 0002:00000c68       ??_C@_0DD@HMBJLEH@UMODSYS_MODULE_NAME?$CItest?0test1?$CJ?3@ 0000000180006c68     plugin_test1.obj
 0002:00000c9b       ??_C@_00CNPNBAHC@?$AA@     0000000180006c9b     plugin_test1.obj
 0002:00000ca0       ??_C@_0N@FOCLJAHI@tests?3?3test1?$AA@ 0000000180006ca0     plugin_test1.obj
 0002:00000cb0       ??_C@_0BA@NMEBLMNE@Test?51?5?9?5module?$AA@ 0000000180006cb0     plugin_test1.obj
 0002:00000cc0       ??_C@_05GENPCEMM@Test1?$AA@ 0000000180006cc0     plugin_test1.obj
 0002:00000cc8       ??_C@_0BE@HJEBHPIG@RModuleReg?3?3open?$CI?$CJ?6?$AA@ 0000000180006cc8     plugin_test1.obj
 0002:00000ce0       ??_C@_0BF@KIBBFLP@RModuleReg?3?3close?$CI?$CJ?6?$AA@ 0000000180006ce0     plugin_test1.obj
 0002:00000cf8       ??_C@_09JGNMLHG@modobject?$AA@ 0000000180006cf8     plugin_test1.obj
 0002:00000d08       ??_C@_08FCBDOIAH@typeinfo?$AA@ 0000000180006d08     plugin_test1.obj
 0002:00000d28       ??_7IRoot@core@UModSys@@6B@ 0000000180006d28     plugin_test1.obj
 0002:00000d68       ??_7ILines@test1@test@modules@UModSys@@6B@ 0000000180006d68     plugin_test1.obj
 0002:00000dc8       ??_7RLines@test1@test@modules@UModSys@@6B@ 0000000180006dc8     plugin_test1.obj
 0002:00000e28       ??_7RLines_Filter@test1@test@modules@UModSys@@6B@ 0000000180006e28     plugin_test1.obj
 0002:00000ea8       ??_7RTest1_Shell@test1@test@modules@UModSys@@6B@ 0000000180006ea8     plugin_test1.obj
 0002:00000f28       ??_7RGenerator@test1@test@modules@UModSys@@6B@ 0000000180006f28     plugin_test1.obj
 0002:00000fc0       ??_7RModuleReg@test1@test@modules@UModSys@@6B@ 0000000180006fc0     plugin_test1.obj
 0002:00000ff8       ??_7RModuleLibraryReg_Chain@base@UModSys@@6B@ 0000000180006ff8     umodsys_lib_base:umodsys.base.moduleregchain.obj
 0002:00001030       ??_7IModuleReg@base@UModSys@@6B@ 0000000180007030     umodsys_lib_base:umodsys.base.modulereg.obj
 0002:00001068       ??_7IModuleLibraryReg@base@UModSys@@6B@ 0000000180007068     umodsys_lib_base:umodsys.base.modulereg.obj
 0002:00001098       __real@3f50624dd2f1a9fc    0000000180007098      CIL library: CIL module
 0002:000012f8       ??_R4type_info@@6B@        00000001800072f8     MSVCRT:ti_inst.obj
 0002:00001320       ??_R3type_info@@8          0000000180007320     MSVCRT:ti_inst.obj
 0002:00001338       ??_R2type_info@@8          0000000180007338     MSVCRT:ti_inst.obj
 0002:00001348       ??_R1A@?0A@EA@type_info@@8 0000000180007348     MSVCRT:ti_inst.obj
 0002:00001370       ??_R4RModuleReg@test1@test@modules@UModSys@@6B@ 0000000180007370     plugin_test1.obj
 0002:00001398       ??_R3RModuleReg@test1@test@modules@UModSys@@8 0000000180007398     plugin_test1.obj
 0002:000013b0       ??_R2RModuleReg@test1@test@modules@UModSys@@8 00000001800073b0     plugin_test1.obj
 0002:000013c8       ??_R1A@?0A@EA@IModuleReg@base@UModSys@@8 00000001800073c8     plugin_test1.obj
 0002:000013f0       ??_R3IModuleReg@base@UModSys@@8 00000001800073f0     plugin_test1.obj
 0002:00001408       ??_R2IModuleReg@base@UModSys@@8 0000000180007408     plugin_test1.obj
 0002:00001418       ??_R1A@?0A@EA@RModuleReg@test1@test@modules@UModSys@@8 0000000180007418     plugin_test1.obj
 0002:00001440       ??_R4RGenerator@test1@test@modules@UModSys@@6B@ 0000000180007440     plugin_test1.obj
 0002:00001468       ??_R3RGenerator@test1@test@modules@UModSys@@8 0000000180007468     plugin_test1.obj
 0002:00001480       ??_R2RGenerator@test1@test@modules@UModSys@@8 0000000180007480     plugin_test1.obj
 0002:000014b0       ??_R1A@?0A@EA@RGenerator@test1@test@modules@UModSys@@8 00000001800074b0     plugin_test1.obj
 0002:000014d8       ??_R4RTest1_Shell@test1@test@modules@UModSys@@6B@ 00000001800074d8     plugin_test1.obj
 0002:00001500       ??_R3RTest1_Shell@test1@test@modules@UModSys@@8 0000000180007500     plugin_test1.obj
 0002:00001518       ??_R2RTest1_Shell@test1@test@modules@UModSys@@8 0000000180007518     plugin_test1.obj
 0002:00001540       ??_R1A@?0A@EA@RTest1_Shell@test1@test@modules@UModSys@@8 0000000180007540     plugin_test1.obj
 0002:00001568       ??_R4RLines_Filter@test1@test@modules@UModSys@@6B@ 0000000180007568     plugin_test1.obj
 0002:00001590       ??_R3RLines_Filter@test1@test@modules@UModSys@@8 0000000180007590     plugin_test1.obj
 0002:000015a8       ??_R2RLines_Filter@test1@test@modules@UModSys@@8 00000001800075a8     plugin_test1.obj
 0002:000015d0       ??_R1A@?0A@EA@RLines_Filter@test1@test@modules@UModSys@@8 00000001800075d0     plugin_test1.obj
 0002:000015f8       ??_R4RLines@test1@test@modules@UModSys@@6B@ 00000001800075f8     plugin_test1.obj
 0002:00001620       ??_R3RLines@test1@test@modules@UModSys@@8 0000000180007620     plugin_test1.obj
 0002:00001638       ??_R2RLines@test1@test@modules@UModSys@@8 0000000180007638     plugin_test1.obj
 0002:00001660       ??_R1A@?0A@EA@RLines@test1@test@modules@UModSys@@8 0000000180007660     plugin_test1.obj
 0002:00001688       ??_R4ILines@test1@test@modules@UModSys@@6B@ 0000000180007688     plugin_test1.obj
 0002:000016b0       ??_R3ILines@test1@test@modules@UModSys@@8 00000001800076b0     plugin_test1.obj
 0002:000016c8       ??_R2ILines@test1@test@modules@UModSys@@8 00000001800076c8     plugin_test1.obj
 0002:000016e8       ??_R1A@?0A@EA@ILines@test1@test@modules@UModSys@@8 00000001800076e8     plugin_test1.obj
 0002:00001710       ??_R3IBinObjFilter@libmedia@UModSys@@8 0000000180007710     plugin_test1.obj
 0002:00001728       ??_R2IBinObjFilter@libmedia@UModSys@@8 0000000180007728     plugin_test1.obj
 0002:00001748       ??_R1A@?0A@EA@IBinObjFilter@libmedia@UModSys@@8 0000000180007748     plugin_test1.obj
 0002:00001770       ??_R3IShell@base@UModSys@@8 0000000180007770     plugin_test1.obj
 0002:00001788       ??_R2IShell@base@UModSys@@8 0000000180007788     plugin_test1.obj
 0002:000017a8       ??_R1A@?0A@EA@IShell@base@UModSys@@8 00000001800077a8     plugin_test1.obj
 0002:000017d0       ??_R3IGenerator@base@UModSys@@8 00000001800077d0     plugin_test1.obj
 0002:000017e8       ??_R2IGenerator@base@UModSys@@8 00000001800077e8     plugin_test1.obj
 0002:00001810       ??_R1A@?0A@EA@IGenerator@base@UModSys@@8 0000000180007810     plugin_test1.obj
 0002:00001838       ??_R3IModObject@base@UModSys@@8 0000000180007838     plugin_test1.obj
 0002:00001850       ??_R2IModObject@base@UModSys@@8 0000000180007850     plugin_test1.obj
 0002:00001870       ??_R1A@?0A@EA@IModObject@base@UModSys@@8 0000000180007870     plugin_test1.obj
 0002:00001898       ??_R3IRefObject@core@UModSys@@8 0000000180007898     plugin_test1.obj
 0002:000018b0       ??_R2IRefObject@core@UModSys@@8 00000001800078b0     plugin_test1.obj
 0002:000018c8       ??_R1A@?0A@EA@IRefObject@core@UModSys@@8 00000001800078c8     plugin_test1.obj
 0002:000018f0       ??_R4IRoot@core@UModSys@@6B@ 00000001800078f0     plugin_test1.obj
 0002:00001918       ??_R3IRoot@core@UModSys@@8 0000000180007918     plugin_test1.obj
 0002:00001930       ??_R2IRoot@core@UModSys@@8 0000000180007930     plugin_test1.obj
 0002:00001940       ??_R1A@?0A@EA@IRoot@core@UModSys@@8 0000000180007940     plugin_test1.obj
 0002:00001968       ??_R4RModuleLibraryReg_Chain@base@UModSys@@6B@ 0000000180007968     umodsys_lib_base:umodsys.base.moduleregchain.obj
 0002:00001990       ??_R3RModuleLibraryReg_Chain@base@UModSys@@8 0000000180007990     umodsys_lib_base:umodsys.base.moduleregchain.obj
 0002:000019a8       ??_R2RModuleLibraryReg_Chain@base@UModSys@@8 00000001800079a8     umodsys_lib_base:umodsys.base.moduleregchain.obj
 0002:000019c0       ??_R1A@?0A@EA@IModuleLibraryReg@base@UModSys@@8 00000001800079c0     umodsys_lib_base:umodsys.base.moduleregchain.obj
 0002:000019e8       ??_R3IModuleLibraryReg@base@UModSys@@8 00000001800079e8     umodsys_lib_base:umodsys.base.moduleregchain.obj
 0002:00001a00       ??_R2IModuleLibraryReg@base@UModSys@@8 0000000180007a00     umodsys_lib_base:umodsys.base.moduleregchain.obj
 0002:00001a10       ??_R1A@?0A@EA@RModuleLibraryReg_Chain@base@UModSys@@8 0000000180007a10     umodsys_lib_base:umodsys.base.moduleregchain.obj
 0002:00001a38       ??_R4IModuleLibraryReg@base@UModSys@@6B@ 0000000180007a38     umodsys_lib_base:umodsys.base.modulereg.obj
 0002:00001a60       ??_R4IModuleReg@base@UModSys@@6B@ 0000000180007a60     umodsys_lib_base:umodsys.base.modulereg.obj
 0002:00001a88       __rtc_iaa                  0000000180007a88     MSVCRT:_initsect_.obj
 0002:00001a90       __rtc_izz                  0000000180007a90     MSVCRT:_initsect_.obj
 0002:00001a98       __rtc_taa                  0000000180007a98     MSVCRT:_initsect_.obj
 0002:00001aa0       __rtc_tzz                  0000000180007aa0     MSVCRT:_initsect_.obj
 0002:000023c4       __IMPORT_DESCRIPTOR_MSVCR90 00000001800083c4     MSVCRT:MSVCR90.dll
 0002:000023d8       __IMPORT_DESCRIPTOR_KERNEL32 00000001800083d8     kernel32:KERNEL32.dll
 0002:000023ec       __NULL_IMPORT_DESCRIPTOR   00000001800083ec     MSVCRT:MSVCR90.dll
 0003:00000000       ??_R0?AVtype_info@@@8      0000000180009000     MSVCRT:ti_inst.obj
 0003:00000020       __native_dllmain_reason    0000000180009020     MSVCRT:natstart.obj
 0003:00000024       __native_vcclrit_reason    0000000180009024     MSVCRT:natstart.obj
 0003:00000028       __security_cookie          0000000180009028     MSVCRT:gs_cookie.obj
 0003:00000030       __security_cookie_complement 0000000180009030     MSVCRT:gs_cookie.obj
 0003:00000038       ??_R0?AUIModuleReg@base@UModSys@@@8 0000000180009038     plugin_test1.obj
 0003:00000068       ??_R0?AURModuleReg@test1@test@modules@UModSys@@@8 0000000180009068     plugin_test1.obj
 0003:000000a8       ??_R0?AURGenerator@test1@test@modules@UModSys@@@8 00000001800090a8     plugin_test1.obj
 0003:000000e8       ??_R0?AURTest1_Shell@test1@test@modules@UModSys@@@8 00000001800090e8     plugin_test1.obj
 0003:00000128       ??_R0?AURLines_Filter@test1@test@modules@UModSys@@@8 0000000180009128     plugin_test1.obj
 0003:00000168       ??_R0?AURLines@test1@test@modules@UModSys@@@8 0000000180009168     plugin_test1.obj
 0003:000001a0       ??_R0?AUILines@test1@test@modules@UModSys@@@8 00000001800091a0     plugin_test1.obj
 0003:000001d8       ??_R0?AUIBinObjFilter@libmedia@UModSys@@@8 00000001800091d8     plugin_test1.obj
 0003:00000210       ??_R0?AUIShell@base@UModSys@@@8 0000000180009210     plugin_test1.obj
 0003:00000240       ??_R0?AUIGenerator@base@UModSys@@@8 0000000180009240     plugin_test1.obj
 0003:00000270       ??_R0?AUIModObject@base@UModSys@@@8 0000000180009270     plugin_test1.obj
 0003:000002a0       ??_R0?AUIRefObject@core@UModSys@@@8 00000001800092a0     plugin_test1.obj
 0003:000002d0       ??_R0?AUIRoot@core@UModSys@@@8 00000001800092d0     plugin_test1.obj
 0003:00000330       ?so_entry_enabled_flag@base@UModSys@@3HA 0000000180009330     umodsys_lib_base:umodsys.so_main.win32.obj
 0003:00000360       ?s_modreg@RModuleReg@test1@test@modules@UModSys@@2U12345@A 0000000180009360     plugin_test1.obj
 0003:000003b0       ?s_modreg_chain@RModuleReg@test1@test@modules@UModSys@@2USModuleRegChain@base@5@A 00000001800093b0     plugin_test1.obj
 0003:000003c8       ?s_library@RModuleLibraryReg_Chain@base@UModSys@@2U123@A 00000001800093c8     umodsys_lib_base:umodsys.base.moduleregchain.obj
 0003:000003d0       ?s_null@?1??get_null@?$TSCoreShared@USIMemAlloc@core@UModSys@@D@su@tl@UModSys@@SAPEAU?$TSharedStringInfo@D@345@XZ@4U6345@A 00000001800093d0     plugin_test1.obj
 0003:000003f0       ??_R0?AUIModuleLibraryReg@base@UModSys@@@8 00000001800093f0     umodsys_lib_base:umodsys.base.moduleregchain.obj
 0003:00000428       ??_R0?AURModuleLibraryReg_Chain@base@UModSys@@@8 0000000180009428     umodsys_lib_base:umodsys.base.moduleregchain.obj
 0003:00000464       _fltused                   0000000180009464     MSVCRT:dllsupp.obj
 0003:0000046c       _forceCRTManifestRTM       000000018000946c     MSVCRT:crtmanifestrtm.obj
 0003:00000470       ?__type_info_root_node@@3U__type_info_node@@A 0000000180009470     MSVCRT:tncleanup.obj
 0003:000004c0       ?s_id@?$TObjectUniqueID@UIBinObjFilter@libmedia@UModSys@@@tl@UModSys@@2USUniquePointer@core@3@A 00000001800094c0     plugin_test1.obj
 0003:000004f0       ?s_id@?$TObjectUniqueID@UILibraryBinTree@libmedia@UModSys@@@tl@UModSys@@2USUniquePointer@core@3@A 00000001800094f0     plugin_test1.obj
 0003:00000520       ?s_id@?$TObjectUniqueID@UIModObject@base@UModSys@@@tl@UModSys@@2USUniquePointer@core@3@A 0000000180009520     plugin_test1.obj
 0003:00000550       ?s_id@?$TObjectUniqueID@UILines@test1@test@modules@UModSys@@@tl@UModSys@@2USUniquePointer@core@3@A 0000000180009550     plugin_test1.obj
 0003:00000580       ?s_id@?$TObjectUniqueID@URLines_Filter@test1@test@modules@UModSys@@@tl@UModSys@@2USUniquePointer@core@3@A 0000000180009580     plugin_test1.obj
 0003:000005b0       ?s_id@?$TObjectUniqueID@UIGenerator@base@UModSys@@@tl@UModSys@@2USUniquePointer@core@3@A 00000001800095b0     plugin_test1.obj
 0003:000005e0       ?s_id@?$TObjectUniqueID@UIModule@base@UModSys@@@tl@UModSys@@2USUniquePointer@core@3@A 00000001800095e0     plugin_test1.obj
 0003:00000610       ?s_id@?$TObjectUniqueID@UIBinArchive@libmedia@UModSys@@@tl@UModSys@@2USUniquePointer@core@3@A 0000000180009610     plugin_test1.obj
 0003:00000640       ?s_id@?$TObjectUniqueID@UIRoot@core@UModSys@@@tl@UModSys@@2USUniquePointer@core@3@A 0000000180009640     plugin_test1.obj
 0003:00000670       ?s_id@?$TObjectUniqueID@UIStreamWriter@libmedia@UModSys@@@tl@UModSys@@2USUniquePointer@core@3@A 0000000180009670     plugin_test1.obj
 0003:000006a0       ?s_id@?$TObjectUniqueID@UISystem@base@UModSys@@@tl@UModSys@@2USUniquePointer@core@3@A 00000001800096a0     plugin_test1.obj
 0003:000006d0       ?s_id@?$TObjectUniqueID@URTest1_Shell@test1@test@modules@UModSys@@@tl@UModSys@@2USUniquePointer@core@3@A 00000001800096d0     plugin_test1.obj
 0003:00000700       ?s_id@?$TObjectUniqueID@UIRefObject@core@UModSys@@@tl@UModSys@@2USUniquePointer@core@3@A 0000000180009700     plugin_test1.obj
 0003:00000730       ?s_id@?$TObjectUniqueID@UILibraryLayered@libmedia@UModSys@@@tl@UModSys@@2USUniquePointer@core@3@A 0000000180009730     plugin_test1.obj
 0003:00000760       ?s_id@?$TObjectUniqueID@UIShell@base@UModSys@@@tl@UModSys@@2USUniquePointer@core@3@A 0000000180009760     plugin_test1.obj
 0003:00000790       ?s_id@?$TObjectUniqueID@URLines@test1@test@modules@UModSys@@@tl@UModSys@@2USUniquePointer@core@3@A 0000000180009790     plugin_test1.obj
 0003:000007c0       ?s_id@?$TObjectUniqueID@UILibraryBinCache@libmedia@UModSys@@@tl@UModSys@@2USUniquePointer@core@3@A 00000001800097c0     plugin_test1.obj
 0003:000007f0       ?s_id@?$TObjectUniqueID@UIConsole@base@UModSys@@@tl@UModSys@@2USUniquePointer@core@3@A 00000001800097f0     plugin_test1.obj
 0003:00000820       ?s_id@?$TObjectUniqueID@URGenerator@test1@test@modules@UModSys@@@tl@UModSys@@2USUniquePointer@core@3@A 0000000180009820     plugin_test1.obj
 0003:00000850       ?s_uid@RGenerator@test1@test@modules@UModSys@@2USUniquePointer@core@5@A 0000000180009850     plugin_test1.obj
 0003:00000880       ?M@UModSys@@3USModuleContext@base@1@A 0000000180009880     umodsys_lib_base:umodsys.base.modulecontext.obj
 0003:000008a8       ?root@SModuleRegChain@base@UModSys@@2U123@A 00000001800098a8     umodsys_lib_base:umodsys.base.moduleregchain.obj
 0003:000008c0       ?root@SUniquePointer@core@UModSys@@2U123@A 00000001800098c0     umodsys_lib_core:umodsys.core.uniqueptr.obj
 0003:000008f0       ?s_id@?$TObjectUniqueID@UIModuleLibrary@base@UModSys@@@tl@UModSys@@2USUniquePointer@core@3@A 00000001800098f0     plugin_test1.obj
 0003:00000920       ?s_id@?$TObjectUniqueID@UILibraryObjFilter@libmedia@UModSys@@@tl@UModSys@@2USUniquePointer@core@3@A 0000000180009920     plugin_test1.obj
 0003:00000950       ?s_id@?$TObjectUniqueID@UILibrary@libmedia@UModSys@@@tl@UModSys@@2USUniquePointer@core@3@A 0000000180009950     plugin_test1.obj
 0003:00000980       ?s_id@?$TObjectUniqueID@UIStreamReader@libmedia@UModSys@@@tl@UModSys@@2USUniquePointer@core@3@A 0000000180009980     plugin_test1.obj
 0003:000009b0       ?s_id@?$TObjectUniqueID@UIParameters@core@UModSys@@@tl@UModSys@@2USUniquePointer@core@3@A 00000001800099b0     plugin_test1.obj
 0003:000009e0       __native_startup_state     00000001800099e0     <common>
 0003:000009e8       __native_startup_lock      00000001800099e8     <common>
 0003:000009f0       __dyn_tls_init_callback    00000001800099f0     <common>
 0003:000009f8       __onexitend                00000001800099f8     <common>
 0003:00000a00       __onexitbegin              0000000180009a00     <common>

 entry point at        0001:00003624

 Static symbols

 0001:00003230       pre_c_init                 0000000180004230 f   MSVCRT:crtdll.obj
 0001:000034ec       __DllMainCRTStartup        00000001800044ec f   MSVCRT:crtdll.obj
 0001:00003990       _onexit$fin$0              0000000180004990 f   MSVCRT:atonexit.obj
 0001:000039a9       __DllMainCRTStartup$filt$0 00000001800049a9 f   MSVCRT:crtdll.obj
 0001:000039d9       __DllMainCRTStartup$fin$1  00000001800049d9 f   MSVCRT:crtdll.obj
 0001:000039f2       ?filt$0@?0??__ArrayUnwind@@YAXPEAX_KHP6AX0@Z@Z@4HA 00000001800049f2 f   MSVCRT:ehvecdtr.obj
 0001:00003a31       ?fin$0@?0???_M@YAXPEAX_KHP6AX0@Z@Z@4HA 0000000180004a31 f   MSVCRT:ehvecdtr.obj
 0001:00003a60       _IsNonwritableInCurrentImage$filt$0 0000000180004a60 f   MSVCRT:pesect.obj
 0001:00003a81       ?dtor$0@?0??suicide@RLines_Filter@test1@test@modules@UModSys@@UEAAXXZ@4HA 0000000180004a81 f    CIL library: CIL module
 0001:00003a81       ?dtor$0@?0??suicide@RLines@test1@test@modules@UModSys@@UEAAXXZ@4HA 0000000180004a81 f    CIL library: CIL module
 0001:00003a81       ?dtor$0@?0??suicide@RTest1_Shell@test1@test@modules@UModSys@@UEAAXXZ@4HA 0000000180004a81 f    CIL library: CIL module
 0001:00003a99       ?dtor$0@?0???_GRTest1_Shell@test1@test@modules@UModSys@@UEAAPEAXI@Z@4HA 0000000180004a99 f    CIL library: CIL module
 0001:00003a99       ?dtor$0@?0???0RTest1_Shell@test1@test@modules@UModSys@@QEAA@PEAUIModObject@base@4@@Z@4HA 0000000180004a99 f    CIL library: CIL module
 0001:00003ab1       ?dtor$0@?0??file_test1@RTest1_Shell@test1@test@modules@UModSys@@QEAAXXZ@4HA 0000000180004ab1 f    CIL library: CIL module
 0001:00003ad1       ?dtor$1@?0??file_test1@RTest1_Shell@test1@test@modules@UModSys@@QEAAXXZ@4HA 0000000180004ad1 f    CIL library: CIL module
 0001:00003af1       ?dtor$2@?0??file_test1@RTest1_Shell@test1@test@modules@UModSys@@QEAAXXZ@4HA 0000000180004af1 f    CIL library: CIL module
 0001:00003b11       ?dtor$5@?0??file_test1@RTest1_Shell@test1@test@modules@UModSys@@QEAAXXZ@4HA 0000000180004b11 f    CIL library: CIL module
 0001:00003b31       ?dtor$3@?0??file_test1@RTest1_Shell@test1@test@modules@UModSys@@QEAAXXZ@4HA 0000000180004b31 f    CIL library: CIL module
 0001:00003b51       ?dtor$8@?0??file_test1@RTest1_Shell@test1@test@modules@UModSys@@QEAAXXZ@4HA 0000000180004b51 f    CIL library: CIL module
 0001:00003b6c       ?dtor$0@?0??media_lay@RTest1_Shell@test1@test@modules@UModSys@@QEAA?AU?$TRefObject@UILibraryLayered@libmedia@UModSys@@U?$TRefObjectFunc@UILibraryLayered@libmedia@UModSys@@@tl@3@@tl@5@XZ@4HA 0000000180004b6c f    CIL library: CIL module
 0001:00003b6c       ?dtor$0@?0??media_vfs@RTest1_Shell@test1@test@modules@UModSys@@QEAA?AU?$TRefObject@UILibraryBinTree@libmedia@UModSys@@U?$TRefObjectFunc@UILibraryBinTree@libmedia@UModSys@@@tl@3@@tl@5@XZ@4HA 0000000180004b6c f    CIL library: CIL module
 0001:00003b6c       ?dtor$0@?0??media_flt@RTest1_Shell@test1@test@modules@UModSys@@QEAA?AU?$TRefObject@UILibraryObjFilter@libmedia@UModSys@@U?$TRefObjectFunc@UILibraryObjFilter@libmedia@UModSys@@@tl@3@@tl@5@XZ@4HA 0000000180004b6c f    CIL library: CIL module
 0001:00003b8c       ?dtor$1@?0??media_vfs@RTest1_Shell@test1@test@modules@UModSys@@QEAA?AU?$TRefObject@UILibraryBinTree@libmedia@UModSys@@U?$TRefObjectFunc@UILibraryBinTree@libmedia@UModSys@@@tl@3@@tl@5@XZ@4HA 0000000180004b8c f    CIL library: CIL module
 0001:00003b8c       ?dtor$1@?0??media_flt@RTest1_Shell@test1@test@modules@UModSys@@QEAA?AU?$TRefObject@UILibraryObjFilter@libmedia@UModSys@@U?$TRefObjectFunc@UILibraryObjFilter@libmedia@UModSys@@@tl@3@@tl@5@XZ@4HA 0000000180004b8c f    CIL library: CIL module
 0001:00003b8c       ?dtor$1@?0??media_lay@RTest1_Shell@test1@test@modules@UModSys@@QEAA?AU?$TRefObject@UILibraryLayered@libmedia@UModSys@@U?$TRefObjectFunc@UILibraryLayered@libmedia@UModSys@@@tl@3@@tl@5@XZ@4HA 0000000180004b8c f    CIL library: CIL module
 0001:00003bac       ?dtor$4@?0??media_lay@RTest1_Shell@test1@test@modules@UModSys@@QEAA?AU?$TRefObject@UILibraryLayered@libmedia@UModSys@@U?$TRefObjectFunc@UILibraryLayered@libmedia@UModSys@@@tl@3@@tl@5@XZ@4HA 0000000180004bac f    CIL library: CIL module
 0001:00003bac       ?dtor$4@?0??media_vfs@RTest1_Shell@test1@test@modules@UModSys@@QEAA?AU?$TRefObject@UILibraryBinTree@libmedia@UModSys@@U?$TRefObjectFunc@UILibraryBinTree@libmedia@UModSys@@@tl@3@@tl@5@XZ@4HA 0000000180004bac f    CIL library: CIL module
 0001:00003bac       ?dtor$4@?0??media_flt@RTest1_Shell@test1@test@modules@UModSys@@QEAA?AU?$TRefObject@UILibraryObjFilter@libmedia@UModSys@@U?$TRefObjectFunc@UILibraryObjFilter@libmedia@UModSys@@@tl@3@@tl@5@XZ@4HA 0000000180004bac f    CIL library: CIL module
 0001:00003bcc       ?dtor$2@?0??media_vfs@RTest1_Shell@test1@test@modules@UModSys@@QEAA?AU?$TRefObject@UILibraryBinTree@libmedia@UModSys@@U?$TRefObjectFunc@UILibraryBinTree@libmedia@UModSys@@@tl@3@@tl@5@XZ@4HA 0000000180004bcc f    CIL library: CIL module
 0001:00003bcc       ?dtor$2@?0??media_lay@RTest1_Shell@test1@test@modules@UModSys@@QEAA?AU?$TRefObject@UILibraryLayered@libmedia@UModSys@@U?$TRefObjectFunc@UILibraryLayered@libmedia@UModSys@@@tl@3@@tl@5@XZ@4HA 0000000180004bcc f    CIL library: CIL module
 0001:00003bcc       ?dtor$2@?0??media_flt@RTest1_Shell@test1@test@modules@UModSys@@QEAA?AU?$TRefObject@UILibraryObjFilter@libmedia@UModSys@@U?$TRefObjectFunc@UILibraryObjFilter@libmedia@UModSys@@@tl@3@@tl@5@XZ@4HA 0000000180004bcc f    CIL library: CIL module
 0001:00003bfb       ?dtor$0@?0??media_arch_stdio@RTest1_Shell@test1@test@modules@UModSys@@QEAA?AU?$TRefObject@UIBinArchive@libmedia@UModSys@@U?$TRefObjectFunc@UIBinArchive@libmedia@UModSys@@@tl@3@@tl@5@AEBU?$TString@U?$TSCoreConst@D@su@tl@UModSys@@U?$TComparerBinaryHash@D@234@@75@@Z@4HA 0000000180004bfb f    CIL library: CIL module
 0001:00003c1b       ?dtor$1@?0??media_arch_stdio@RTest1_Shell@test1@test@modules@UModSys@@QEAA?AU?$TRefObject@UIBinArchive@libmedia@UModSys@@U?$TRefObjectFunc@UIBinArchive@libmedia@UModSys@@@tl@3@@tl@5@AEBU?$TString@U?$TSCoreConst@D@su@tl@UModSys@@U?$TComparerBinaryHash@D@234@@75@@Z@4HA 0000000180004c1b f    CIL library: CIL module
 0001:00003c3b       ?dtor$4@?0??media_arch_stdio@RTest1_Shell@test1@test@modules@UModSys@@QEAA?AU?$TRefObject@UIBinArchive@libmedia@UModSys@@U?$TRefObjectFunc@UIBinArchive@libmedia@UModSys@@@tl@3@@tl@5@AEBU?$TString@U?$TSCoreConst@D@su@tl@UModSys@@U?$TComparerBinaryHash@D@234@@75@@Z@4HA 0000000180004c3b f    CIL library: CIL module
 0001:00003c56       ?dtor$0@?0??filter_load@RLines_Filter@test1@test@modules@UModSys@@UEAA_NAEAU?$TRefObject@UIRefObject@core@UModSys@@U?$TRefObjectFunc@UIRefObject@core@UModSys@@@tl@3@@tl@5@AEBUSInfo@IBinObjFilter@libmedia@5@@Z@4HA 0000000180004c56 f    CIL library: CIL module
 0001:00003c76       ?dtor$2@?0??filter_load@RLines_Filter@test1@test@modules@UModSys@@UEAA_NAEAU?$TRefObject@UIRefObject@core@UModSys@@U?$TRefObjectFunc@UIRefObject@core@UModSys@@@tl@3@@tl@5@AEBUSInfo@IBinObjFilter@libmedia@5@@Z@4HA 0000000180004c76 f    CIL library: CIL module
 0001:00003c96       ?dtor$1@?0??filter_load@RLines_Filter@test1@test@modules@UModSys@@UEAA_NAEAU?$TRefObject@UIRefObject@core@UModSys@@U?$TRefObjectFunc@UIRefObject@core@UModSys@@@tl@3@@tl@5@AEBUSInfo@IBinObjFilter@libmedia@5@@Z@4HA 0000000180004c96 f    CIL library: CIL module
 0001:00003cae       ?dtor$0@?0??file_test5@RTest1_Shell@test1@test@modules@UModSys@@QEAAXXZ@4HA 0000000180004cae f    CIL library: CIL module
 0001:00003cce       ?dtor$1@?0??file_test5@RTest1_Shell@test1@test@modules@UModSys@@QEAAXXZ@4HA 0000000180004cce f    CIL library: CIL module
 0001:00003cee       ?dtor$2@?0??file_test5@RTest1_Shell@test1@test@modules@UModSys@@QEAAXXZ@4HA 0000000180004cee f    CIL library: CIL module
 0001:00003d0e       ?dtor$3@?0??file_test5@RTest1_Shell@test1@test@modules@UModSys@@QEAAXXZ@4HA 0000000180004d0e f    CIL library: CIL module
 0001:00003d2e       ?dtor$4@?0??file_test5@RTest1_Shell@test1@test@modules@UModSys@@QEAAXXZ@4HA 0000000180004d2e f    CIL library: CIL module
 0001:00003d4e       ?dtor$5@?0??file_test5@RTest1_Shell@test1@test@modules@UModSys@@QEAAXXZ@4HA 0000000180004d4e f    CIL library: CIL module
 0001:00003d6e       ?dtor$6@?0??file_test5@RTest1_Shell@test1@test@modules@UModSys@@QEAAXXZ@4HA 0000000180004d6e f    CIL library: CIL module
 0001:00003d8e       ?dtor$7@?0??file_test5@RTest1_Shell@test1@test@modules@UModSys@@QEAAXXZ@4HA 0000000180004d8e f    CIL library: CIL module
 0001:00003dae       ?dtor$8@?0??file_test5@RTest1_Shell@test1@test@modules@UModSys@@QEAAXXZ@4HA 0000000180004dae f    CIL library: CIL module
 0001:00003dce       ?dtor$9@?0??file_test5@RTest1_Shell@test1@test@modules@UModSys@@QEAAXXZ@4HA 0000000180004dce f    CIL library: CIL module
 0001:00003dee       ?dtor$19@?0??file_test5@RTest1_Shell@test1@test@modules@UModSys@@QEAAXXZ@4HA 0000000180004dee f    CIL library: CIL module
 0001:00003e0e       ?dtor$10@?0??file_test5@RTest1_Shell@test1@test@modules@UModSys@@QEAAXXZ@4HA 0000000180004e0e f    CIL library: CIL module
 0001:00003e2e       ?dtor$11@?0??file_test5@RTest1_Shell@test1@test@modules@UModSys@@QEAAXXZ@4HA 0000000180004e2e f    CIL library: CIL module
 0001:00003e46       ?dtor$0@?0??file_test4@RTest1_Shell@test1@test@modules@UModSys@@QEAAXXZ@4HA 0000000180004e46 f    CIL library: CIL module
 0001:00003e66       ?dtor$1@?0??file_test4@RTest1_Shell@test1@test@modules@UModSys@@QEAAXXZ@4HA 0000000180004e66 f    CIL library: CIL module
 0001:00003e86       ?dtor$2@?0??file_test4@RTest1_Shell@test1@test@modules@UModSys@@QEAAXXZ@4HA 0000000180004e86 f    CIL library: CIL module
 0001:00003ea6       ?dtor$3@?0??file_test4@RTest1_Shell@test1@test@modules@UModSys@@QEAAXXZ@4HA 0000000180004ea6 f    CIL library: CIL module
 0001:00003ec6       ?dtor$4@?0??file_test4@RTest1_Shell@test1@test@modules@UModSys@@QEAAXXZ@4HA 0000000180004ec6 f    CIL library: CIL module
 0001:00003ee6       ?dtor$5@?0??file_test4@RTest1_Shell@test1@test@modules@UModSys@@QEAAXXZ@4HA 0000000180004ee6 f    CIL library: CIL module
 0001:00003f06       ?dtor$7@?0??file_test4@RTest1_Shell@test1@test@modules@UModSys@@QEAAXXZ@4HA 0000000180004f06 f    CIL library: CIL module
 0001:00003f21       ?dtor$0@?0??file_test3@RTest1_Shell@test1@test@modules@UModSys@@QEAAXXZ@4HA 0000000180004f21 f    CIL library: CIL module
 0001:00003f41       ?dtor$1@?0??file_test3@RTest1_Shell@test1@test@modules@UModSys@@QEAAXXZ@4HA 0000000180004f41 f    CIL library: CIL module
 0001:00003f5c       ?dtor$0@?0??file_test2@RTest1_Shell@test1@test@modules@UModSys@@QEAAXXZ@4HA 0000000180004f5c f    CIL library: CIL module
 0001:00003f7c       ?dtor$1@?0??file_test2@RTest1_Shell@test1@test@modules@UModSys@@QEAAXXZ@4HA 0000000180004f7c f    CIL library: CIL module
 0001:00003f9c       ?dtor$2@?0??file_test2@RTest1_Shell@test1@test@modules@UModSys@@QEAAXXZ@4HA 0000000180004f9c f    CIL library: CIL module
 0001:00003fb7       ?dtor$0@?0??generate@RGenerator@test1@test@modules@UModSys@@UEAA_NAEAU?$TRefObject@UIRefObject@core@UModSys@@U?$TRefObjectFunc@UIRefObject@core@UModSys@@@tl@3@@tl@5@PEBUSUniquePointerInfo@core@5@AEBUSParameters@95@@Z@4HA 0000000180004fb7 f    CIL library: CIL module
 0001:00003fd4       ??__E?s_modreg@RModuleReg@test1@test@modules@UModSys@@2U12345@A@@YAXXZ 0000000180004fd4 f    CIL library: CIL module
 0001:000040e4       ??__E?s_modreg_chain@RModuleReg@test1@test@modules@UModSys@@2USModuleRegChain@base@5@A@@YAXXZ 00000001800050e4 f    CIL library: CIL module
 0001:00004124       ??__E?s_uid@RGenerator@test1@test@modules@UModSys@@2USUniquePointer@core@5@A@@YAXXZ 0000000180005124 f    CIL library: CIL module
 0001:00004158       ??__E?s_id@?$TObjectUniqueID@UIRoot@core@UModSys@@@tl@UModSys@@2USUniquePointer@core@3@A@@YAXXZ 0000000180005158 f    CIL library: CIL module
 0001:0000418c       ??__E?s_id@?$TObjectUniqueID@UIRefObject@core@UModSys@@@tl@UModSys@@2USUniquePointer@core@3@A@@YAXXZ 000000018000518c f    CIL library: CIL module
 0001:000041c0       ??__E?s_id@?$TObjectUniqueID@UIParameters@core@UModSys@@@tl@UModSys@@2USUniquePointer@core@3@A@@YAXXZ 00000001800051c0 f    CIL library: CIL module
 0001:000041f4       ??__E?s_id@?$TObjectUniqueID@UIModule@base@UModSys@@@tl@UModSys@@2USUniquePointer@core@3@A@@YAXXZ 00000001800051f4 f    CIL library: CIL module
 0001:00004228       ??__E?s_id@?$TObjectUniqueID@UIModuleLibrary@base@UModSys@@@tl@UModSys@@2USUniquePointer@core@3@A@@YAXXZ 0000000180005228 f    CIL library: CIL module
 0001:0000425c       ??__E?s_id@?$TObjectUniqueID@UIModObject@base@UModSys@@@tl@UModSys@@2USUniquePointer@core@3@A@@YAXXZ 000000018000525c f    CIL library: CIL module
 0001:00004290       ??__E?s_id@?$TObjectUniqueID@UIGenerator@base@UModSys@@@tl@UModSys@@2USUniquePointer@core@3@A@@YAXXZ 0000000180005290 f    CIL library: CIL module
 0001:000042c4       ??__E?s_id@?$TObjectUniqueID@UIShell@base@UModSys@@@tl@UModSys@@2USUniquePointer@core@3@A@@YAXXZ 00000001800052c4 f    CIL library: CIL module
 0001:000042f8       ??__E?s_id@?$TObjectUniqueID@UIConsole@base@UModSys@@@tl@UModSys@@2USUniquePointer@core@3@A@@YAXXZ 00000001800052f8 f    CIL library: CIL module
 0001:0000432c       ??__E?s_id@?$TObjectUniqueID@UISystem@base@UModSys@@@tl@UModSys@@2USUniquePointer@core@3@A@@YAXXZ 000000018000532c f    CIL library: CIL module
 0001:00004360       ??__E?s_id@?$TObjectUniqueID@UIStreamReader@libmedia@UModSys@@@tl@UModSys@@2USUniquePointer@core@3@A@@YAXXZ 0000000180005360 f    CIL library: CIL module
 0001:00004394       ??__E?s_id@?$TObjectUniqueID@UIStreamWriter@libmedia@UModSys@@@tl@UModSys@@2USUniquePointer@core@3@A@@YAXXZ 0000000180005394 f    CIL library: CIL module
 0001:000043c8       ??__E?s_id@?$TObjectUniqueID@UIBinArchive@libmedia@UModSys@@@tl@UModSys@@2USUniquePointer@core@3@A@@YAXXZ 00000001800053c8 f    CIL library: CIL module
 0001:000043fc       ??__E?s_id@?$TObjectUniqueID@UIBinObjFilter@libmedia@UModSys@@@tl@UModSys@@2USUniquePointer@core@3@A@@YAXXZ 00000001800053fc f    CIL library: CIL module
 0001:00004430       ??__E?s_id@?$TObjectUniqueID@UILibrary@libmedia@UModSys@@@tl@UModSys@@2USUniquePointer@core@3@A@@YAXXZ 0000000180005430 f    CIL library: CIL module
 0001:00004464       ??__E?s_id@?$TObjectUniqueID@UILibraryBinTree@libmedia@UModSys@@@tl@UModSys@@2USUniquePointer@core@3@A@@YAXXZ 0000000180005464 f    CIL library: CIL module
 0001:00004498       ??__E?s_id@?$TObjectUniqueID@UILibraryBinCache@libmedia@UModSys@@@tl@UModSys@@2USUniquePointer@core@3@A@@YAXXZ 0000000180005498 f    CIL library: CIL module
 0001:000044cc       ??__E?s_id@?$TObjectUniqueID@UILibraryObjFilter@libmedia@UModSys@@@tl@UModSys@@2USUniquePointer@core@3@A@@YAXXZ 00000001800054cc f    CIL library: CIL module
 0001:00004500       ??__E?s_id@?$TObjectUniqueID@UILibraryLayered@libmedia@UModSys@@@tl@UModSys@@2USUniquePointer@core@3@A@@YAXXZ 0000000180005500 f    CIL library: CIL module
 0001:00004534       ??__E?s_id@?$TObjectUniqueID@UILines@test1@test@modules@UModSys@@@tl@UModSys@@2USUniquePointer@core@3@A@@YAXXZ 0000000180005534 f    CIL library: CIL module
 0001:00004568       ??__E?s_id@?$TObjectUniqueID@URLines@test1@test@modules@UModSys@@@tl@UModSys@@2USUniquePointer@core@3@A@@YAXXZ 0000000180005568 f    CIL library: CIL module
 0001:0000459c       ??__E?s_id@?$TObjectUniqueID@URLines_Filter@test1@test@modules@UModSys@@@tl@UModSys@@2USUniquePointer@core@3@A@@YAXXZ 000000018000559c f    CIL library: CIL module
 0001:000045d0       ??__E?s_id@?$TObjectUniqueID@URTest1_Shell@test1@test@modules@UModSys@@@tl@UModSys@@2USUniquePointer@core@3@A@@YAXXZ 00000001800055d0 f    CIL library: CIL module
 0001:00004604       ??__E?s_id@?$TObjectUniqueID@URGenerator@test1@test@modules@UModSys@@@tl@UModSys@@2USUniquePointer@core@3@A@@YAXXZ 0000000180005604 f    CIL library: CIL module
 0001:00004638       ??__EM@UModSys@@YAXXZ      0000000180005638 f    CIL library: CIL module
 0001:00004644       ??__E?root@SModuleRegChain@base@UModSys@@2U123@A@@YAXXZ 0000000180005644 f    CIL library: CIL module
 0001:00004650       ??__E?s_library@RModuleLibraryReg_Chain@base@UModSys@@2U123@A@@YAXXZ 0000000180005650 f    CIL library: CIL module
 0001:0000465c       ??__E?root@SUniquePointer@core@UModSys@@2U123@A@@YAXXZ 000000018000565c f    CIL library: CIL module
 0001:00004668       ??__F?s_modreg@RModuleReg@test1@test@modules@UModSys@@2U12345@A@@YAXXZ 0000000180005668 f    CIL library: CIL module
 0001:00004678       ??__F?s_modreg_chain@RModuleReg@test1@test@modules@UModSys@@2USModuleRegChain@base@5@A@@YAXXZ 0000000180005678 f    CIL library: CIL module
 0001:000046b8       ??__F?s_uid@RGenerator@test1@test@modules@UModSys@@2USUniquePointer@core@5@A@@YAXXZ 00000001800056b8 f    CIL library: CIL module
 0001:000046c4       ??__Fh@?1??s_holder@RGenerator@test1@test@modules@UModSys@@SAAEAU?$TTypeStaticHolder@URGenerator@test1@test@modules@UModSys@@@tl@5@XZ@YAXXZ 00000001800056c4 f    CIL library: CIL module
 0001:000046ec       ??__F?s_id@?$TObjectUniqueID@URGenerator@test1@test@modules@UModSys@@@tl@UModSys@@2USUniquePointer@core@3@A@@YAXXZ 00000001800056ec f    CIL library: CIL module
 0001:000046f8       ??__F?s_id@?$TObjectUniqueID@URTest1_Shell@test1@test@modules@UModSys@@@tl@UModSys@@2USUniquePointer@core@3@A@@YAXXZ 00000001800056f8 f    CIL library: CIL module
 0001:00004704       ??__F?s_id@?$TObjectUniqueID@URLines_Filter@test1@test@modules@UModSys@@@tl@UModSys@@2USUniquePointer@core@3@A@@YAXXZ 0000000180005704 f    CIL library: CIL module
 0001:00004710       ??__F?s_id@?$TObjectUniqueID@URLines@test1@test@modules@UModSys@@@tl@UModSys@@2USUniquePointer@core@3@A@@YAXXZ 0000000180005710 f    CIL library: CIL module
 0001:0000471c       ??__F?s_id@?$TObjectUniqueID@UILines@test1@test@modules@UModSys@@@tl@UModSys@@2USUniquePointer@core@3@A@@YAXXZ 000000018000571c f    CIL library: CIL module
 0001:00004728       ??__F?s_id@?$TObjectUniqueID@UILibraryLayered@libmedia@UModSys@@@tl@UModSys@@2USUniquePointer@core@3@A@@YAXXZ 0000000180005728 f    CIL library: CIL module
 0001:00004734       ??__F?s_id@?$TObjectUniqueID@UILibraryObjFilter@libmedia@UModSys@@@tl@UModSys@@2USUniquePointer@core@3@A@@YAXXZ 0000000180005734 f    CIL library: CIL module
 0001:00004740       ??__F?s_id@?$TObjectUniqueID@UILibraryBinCache@libmedia@UModSys@@@tl@UModSys@@2USUniquePointer@core@3@A@@YAXXZ 0000000180005740 f    CIL library: CIL module
 0001:0000474c       ??__F?s_id@?$TObjectUniqueID@UILibraryBinTree@libmedia@UModSys@@@tl@UModSys@@2USUniquePointer@core@3@A@@YAXXZ 000000018000574c f    CIL library: CIL module
 0001:00004758       ??__F?s_id@?$TObjectUniqueID@UILibrary@libmedia@UModSys@@@tl@UModSys@@2USUniquePointer@core@3@A@@YAXXZ 0000000180005758 f    CIL library: CIL module
 0001:00004764       ??__F?s_id@?$TObjectUniqueID@UIBinObjFilter@libmedia@UModSys@@@tl@UModSys@@2USUniquePointer@core@3@A@@YAXXZ 0000000180005764 f    CIL library: CIL module
 0001:00004770       ??__F?s_id@?$TObjectUniqueID@UIBinArchive@libmedia@UModSys@@@tl@UModSys@@2USUniquePointer@core@3@A@@YAXXZ 0000000180005770 f    CIL library: CIL module
 0001:0000477c       ??__F?s_id@?$TObjectUniqueID@UIStreamWriter@libmedia@UModSys@@@tl@UModSys@@2USUniquePointer@core@3@A@@YAXXZ 000000018000577c f    CIL library: CIL module
 0001:00004788       ??__F?s_id@?$TObjectUniqueID@UIStreamReader@libmedia@UModSys@@@tl@UModSys@@2USUniquePointer@core@3@A@@YAXXZ 0000000180005788 f    CIL library: CIL module
 0001:00004794       ??__F?s_id@?$TObjectUniqueID@UISystem@base@UModSys@@@tl@UModSys@@2USUniquePointer@core@3@A@@YAXXZ 0000000180005794 f    CIL library: CIL module
 0001:000047a0       ??__F?s_id@?$TObjectUniqueID@UIConsole@base@UModSys@@@tl@UModSys@@2USUniquePointer@core@3@A@@YAXXZ 00000001800057a0 f    CIL library: CIL module
 0001:000047ac       ??__F?s_id@?$TObjectUniqueID@UIShell@base@UModSys@@@tl@UModSys@@2USUniquePointer@core@3@A@@YAXXZ 00000001800057ac f    CIL library: CIL module
 0001:000047b8       ??__F?s_id@?$TObjectUniqueID@UIGenerator@base@UModSys@@@tl@UModSys@@2USUniquePointer@core@3@A@@YAXXZ 00000001800057b8 f    CIL library: CIL module
 0001:000047c4       ??__F?s_id@?$TObjectUniqueID@UIModObject@base@UModSys@@@tl@UModSys@@2USUniquePointer@core@3@A@@YAXXZ 00000001800057c4 f    CIL library: CIL module
 0001:000047d0       ??__F?s_id@?$TObjectUniqueID@UIModuleLibrary@base@UModSys@@@tl@UModSys@@2USUniquePointer@core@3@A@@YAXXZ 00000001800057d0 f    CIL library: CIL module
 0001:000047dc       ??__F?s_id@?$TObjectUniqueID@UIModule@base@UModSys@@@tl@UModSys@@2USUniquePointer@core@3@A@@YAXXZ 00000001800057dc f    CIL library: CIL module
 0001:000047e8       ??__F?s_id@?$TObjectUniqueID@UIParameters@core@UModSys@@@tl@UModSys@@2USUniquePointer@core@3@A@@YAXXZ 00000001800057e8 f    CIL library: CIL module
 0001:000047f4       ??__F?s_id@?$TObjectUniqueID@UIRefObject@core@UModSys@@@tl@UModSys@@2USUniquePointer@core@3@A@@YAXXZ 00000001800057f4 f    CIL library: CIL module
 0001:00004800       ??__F?s_id@?$TObjectUniqueID@UIRoot@core@UModSys@@@tl@UModSys@@2USUniquePointer@core@3@A@@YAXXZ 0000000180005800 f    CIL library: CIL module
 0001:0000480c       ??__FM@UModSys@@YAXXZ      000000018000580c f    CIL library: CIL module
 0001:00004810       ??__F?root@SModuleRegChain@base@UModSys@@2U123@A@@YAXXZ 0000000180005810 f    CIL library: CIL module
 0001:00004850       ??__F?s_library@RModuleLibraryReg_Chain@base@UModSys@@2U123@A@@YAXXZ 0000000180005850 f    CIL library: CIL module
 0001:00004860       ??__F?root@SUniquePointer@core@UModSys@@2U123@A@@YAXXZ 0000000180005860 f    CIL library: CIL module

 Exports

  ordinal    name

        1    UModSys_Plugin_Entry2
