 plugin_test1

 Timestamp is 53481da9 (Fri Apr 11 19:51:53 2014)

 Preferred load address is 0000000180000000

 Start         Length     Name                   Class
 0001:00000000 0003c7b0H .text                   CODE
 0001:0003c7b0 0000005eH .text$00                CODE
 0001:0003c810 00002739H .text$x                 CODE
 0001:0003ef4c 00002158H .text$yc                CODE
 0001:000410a4 00000a28H .text$yd                CODE
 0002:00000000 00000408H .idata$5                DATA
 0002:00000408 00000008H .CRT$XCA                DATA
 0002:00000410 00002bc8H .CRT$XCU                DATA
 0002:00002fd8 00000008H .CRT$XCZ                DATA
 0002:00002fe0 00000008H .CRT$XIA                DATA
 0002:00002fe8 00000008H .CRT$XIAA               DATA
 0002:00002ff0 00000008H .CRT$XIZ                DATA
 0002:00003000 00011fb8H .rdata                  DATA
 0002:00014fc0 00003f44H .rdata$r                DATA
 0002:00018f08 00000008H .rtc$IAA                DATA
 0002:00018f10 00000008H .rtc$IZZ                DATA
 0002:00018f18 00000008H .rtc$TAA                DATA
 0002:00018f20 00000008H .rtc$TZZ                DATA
 0002:00018f28 00004488H .xdata                  DATA
 0002:0001d3b0 00000078H .idata$2                DATA
 0002:0001d428 00000014H .idata$3                DATA
 0002:0001d440 00000408H .idata$4                DATA
 0002:0001d848 00000900H .idata$6                DATA
 0002:0001e150 00000059H .edata                  DATA
 0003:00000000 000022b0H .data                   DATA
 0003:000022b0 00002910H .bss                    DATA
 0004:00000000 00003264H .pdata                  DATA

  Address         Publics by Value              Rva+Base               Lib:Object

 0000:00000000       ___safe_se_handler_count   0000000000000000     <absolute>
 0000:00000000       ___safe_se_handler_table   0000000000000000     <absolute>
 0000:00000000       __ImageBase                0000000180000000     <linker-defined>
 0001:00000000       ??1SCMemShared@core@UModSys@@QEAA@XZ 0000000180001000 f i plugin_test1.obj
 0001:00000000       ??1SMemShared@core@UModSys@@QEAA@XZ 0000000180001000 f i plugin_test1.obj
 0001:00000000       ??1State@RImage_Memory@stdlib@lib2d@modules@UModSys@@QEAA@XZ 0000000180001000 f i umodsys_lib_lib2d:umodsys.mod.2d.stdlib.obj
 0001:00000030       ??6SUniquePtrList@core@UModSys@@QEAAAEAU012@PEBUSUniquePointerInfo@12@@Z 0000000180001030 f i plugin_test1.obj
 0001:000000e8       ??3IRoot@core@UModSys@@SAXPEAXAEBUSIMemAlloc@12@@Z 00000001800010e8 f i plugin_test1.obj
 0001:00000114       ??1?$TParametersA@$0BAL@@core@UModSys@@QEAA@XZ 0000000180001114 f i umodsys_lib_lib2d:umodsys.mod.2d.stdlib.obj
 0001:00000114       ??1?$TParametersA@$0EAA@@core@UModSys@@QEAA@XZ 0000000180001114 f i plugin_test1.obj
 0001:00000114       ??1?$TParametersA@$0BAA@@core@UModSys@@QEAA@XZ 0000000180001114 f i umodsys_lib_libui:umodsys.mod.ui.SDL_core.obj
 0001:00000114       ??1SParameters@core@UModSys@@QEAA@XZ 0000000180001114 f i plugin_test1.obj
 0001:00000130       ?mount_add@ILibraryBinTree@libmedia@UModSys@@QEAA_NAEBU?$TString@U?$TSCoreConst@D@su@tl@UModSys@@U?$TComparerBinaryHash@D@234@@tl@3@PEAUIBinArchive@23@H@Z 0000000180001130 f i plugin_test1.obj
 0001:000001c8       ?mount_add@ILibraryBinTree@libmedia@UModSys@@QEAA_NAEBU?$TString@U?$TSCoreConst@D@su@tl@UModSys@@U?$TComparerBinaryHash@D@234@@tl@3@HPEAUIBinArchive@23@H@Z 00000001800011c8 f i plugin_test1.obj
 0001:00000270       ??1SPoint@ILibraryBinTree@libmedia@UModSys@@QEAA@XZ 0000000180001270 f i plugin_test1.obj
 0001:00000270       ??1SLayer@ILibraryLayered@libmedia@UModSys@@QEAA@XZ 0000000180001270 f i plugin_test1.obj
 0001:00000294       ?layer_push@ILibraryLayered@libmedia@UModSys@@QEAA_NPEAUILibrary@23@HAEBU?$TString@U?$TSCoreConst@D@su@tl@UModSys@@U?$TComparerBinaryHash@D@234@@tl@3@@Z 0000000180001294 f i plugin_test1.obj
 0001:00000324       ??0SMaterialTexture@lib3d@UModSys@@QEAA@XZ 0000000180001324 f i plugin_test1.obj
 0001:0000035c       ??_ERGenerator@SDL_GL@ui@modules@UModSys@@UEAAPEAXI@Z 000000018000135c f i  CIL library: CIL module
 0001:0000035c       ??_ERGenerator@stdlib@lib3d@modules@UModSys@@UEAAPEAXI@Z 000000018000135c f i  CIL library: CIL module
 0001:0000035c       ??_ERGenerator@SDL_core@ui@modules@UModSys@@UEAAPEAXI@Z 000000018000135c f i  CIL library: CIL module
 0001:0000035c       ??_GRGenerator@serialize_json@media@modules@UModSys@@UEAAPEAXI@Z 000000018000135c f i umodsys_lib_libmedia:umodsys.mod.media.serialize_json.obj
 0001:0000035c       ??_ERGenerator@test1@test@modules@UModSys@@UEAAPEAXI@Z 000000018000135c f i  CIL library: CIL module
 0001:0000035c       ??_ERGenerator@stdlib@lib2d@modules@UModSys@@UEAAPEAXI@Z 000000018000135c f i  CIL library: CIL module
 0001:0000035c       ??_GRGenerator@SDL_core@ui@modules@UModSys@@UEAAPEAXI@Z 000000018000135c f i umodsys_lib_libui:umodsys.mod.ui.SDL_core.obj
 0001:0000035c       ??_GRGenerator@test1@test@modules@UModSys@@UEAAPEAXI@Z 000000018000135c f i plugin_test1.obj
 0001:0000035c       ??_EIRoot@core@UModSys@@UEAAPEAXI@Z 000000018000135c f i  CIL library: CIL module
 0001:0000035c       ??_GRGenerator@frames@ui@modules@UModSys@@UEAAPEAXI@Z 000000018000135c f i umodsys_lib_libui:umodsys.mod.ui.frames.obj
 0001:0000035c       ??_GIRoot@core@UModSys@@UEAAPEAXI@Z 000000018000135c f i plugin_test1.obj
 0001:0000035c       ??_GRGenerator@images_std@media@modules@UModSys@@UEAAPEAXI@Z 000000018000135c f i umodsys_lib_libmedia:umodsys.mod.media.images_std.obj
 0001:0000035c       ??_GRGeneral@object_primitive@stdlib@lib3d@modules@UModSys@@UEAAPEAXI@Z 000000018000135c f i umodsys_lib_lib3d:umodsys.mod.3d.stdlib.obj
 0001:0000035c       ??_GRBinArchiveFrameClient_ZIP@zlib@media@modules@UModSys@@UEAAPEAXI@Z 000000018000135c f i umodsys_lib_libmedia:umodsys.mod.media.zlib.obj
 0001:0000035c       ??_GRGeneral@object_camera@stdlib@lib3d@modules@UModSys@@UEAAPEAXI@Z 000000018000135c f i umodsys_lib_lib3d:umodsys.mod.3d.stdlib.obj
 0001:0000035c       ??_ERBinArchiveFrameClient_ZIP@zlib@media@modules@UModSys@@UEAAPEAXI@Z 000000018000135c f i  CIL library: CIL module
 0001:0000035c       ??_GRGenerator@stdlib@lib2d@modules@UModSys@@UEAAPEAXI@Z 000000018000135c f i umodsys_lib_lib2d:umodsys.mod.2d.stdlib.obj
 0001:0000035c       ??_ERGenerator@frames@ui@modules@UModSys@@UEAAPEAXI@Z 000000018000135c f i  CIL library: CIL module
 0001:0000035c       ??_GRGenerator@stdlib@lib3d@modules@UModSys@@UEAAPEAXI@Z 000000018000135c f i umodsys_lib_lib3d:umodsys.mod.3d.stdlib.obj
 0001:0000035c       ??_ERGenerator@zlib@media@modules@UModSys@@UEAAPEAXI@Z 000000018000135c f i  CIL library: CIL module
 0001:0000035c       ??_ERGenerator@serialize_json@media@modules@UModSys@@UEAAPEAXI@Z 000000018000135c f i  CIL library: CIL module
 0001:0000035c       ??_GRGenerator@zlib@media@modules@UModSys@@UEAAPEAXI@Z 000000018000135c f i umodsys_lib_libmedia:umodsys.mod.media.zlib.obj
 0001:0000035c       ??_GRGenerator@SDL_GL@ui@modules@UModSys@@UEAAPEAXI@Z 000000018000135c f i umodsys_lib_libui:umodsys.mod.ui.SDL_GL.obj
 0001:0000035c       ??_ERGeneral@object_camera@stdlib@lib3d@modules@UModSys@@UEAAPEAXI@Z 000000018000135c f i  CIL library: CIL module
 0001:0000035c       ??_ERImageFactory_Memory@stdlib@lib2d@modules@UModSys@@UEAAPEAXI@Z 000000018000135c f i  CIL library: CIL module
 0001:0000035c       ??_ERGenerator@images_std@media@modules@UModSys@@UEAAPEAXI@Z 000000018000135c f i  CIL library: CIL module
 0001:0000035c       ??_ERGeneral@object_primitive@stdlib@lib3d@modules@UModSys@@UEAAPEAXI@Z 000000018000135c f i  CIL library: CIL module
 0001:0000035c       ??_GRImageFactory_Memory@stdlib@lib2d@modules@UModSys@@UEAAPEAXI@Z 000000018000135c f i umodsys_lib_lib2d:umodsys.mod.2d.stdlib.obj
 0001:00000384       ??1IVisualObject_Brush@lib3d@UModSys@@UEAA@XZ 0000000180001384 f i umodsys_lib_lib3d:umodsys.mod.3d.stdlib.obj
 0001:00000384       ??1IVisualObject_Camera@lib3d@UModSys@@UEAA@XZ 0000000180001384 f i umodsys_lib_lib3d:umodsys.mod.3d.stdlib.obj
 0001:00000384       ??1IBinObjFilter@libmedia@UModSys@@UEAA@XZ 0000000180001384 f i plugin_test1.obj
 0001:000003c0       ?root_get_interface_info@RTest1_Shell@test1@test@modules@UModSys@@UEBAAEBUSUniquePointerInfo@core@5@XZ 00000001800013c0 f i plugin_test1.obj
 0001:000003c8       ?root_get_interface_type@RTest1_Shell@test1@test@modules@UModSys@@UEBAPEBUSUniquePointerInfo@core@5@XZ 00000001800013c8 f i plugin_test1.obj
 0001:000003d0       ?root_get_other_interface@RTest1_Shell@test1@test@modules@UModSys@@UEAAPEAUIRoot@core@5@PEBUSUniquePointerInfo@75@@Z 00000001800013d0 f i plugin_test1.obj
 0001:000003d0       ?root_get_other_interface@RTest1_Shell@test1@test@modules@UModSys@@UEBAPEBUIRoot@core@5@PEBUSUniquePointerInfo@75@@Z 00000001800013d0 f i plugin_test1.obj
 0001:00000400       ?root_is_interface_supported@RTest1_Shell@test1@test@modules@UModSys@@UEBA_NPEBUSUniquePointerInfo@core@5@@Z 0000000180001400 f i plugin_test1.obj
 0001:00000430       ?ref_add@RTest1_Shell@test1@test@modules@UModSys@@UEBAXXZ 0000000180001430 f i plugin_test1.obj
 0001:00000434       ?ref_remove@RTest1_Shell@test1@test@modules@UModSys@@UEBAXXZ 0000000180001434 f i plugin_test1.obj
 0001:0000044c       ?ref_links@RTest1_Shell@test1@test@modules@UModSys@@UEBAHXZ 000000018000144c f i plugin_test1.obj
 0001:00000450       ?ref_weak@RTest1_Shell@test1@test@modules@UModSys@@UEBA_NAEAUWeakPointer@IRefObject@core@5@@Z 0000000180001450 f i plugin_test1.obj
 0001:00000470       ?suicide@RTest1_Shell@test1@test@modules@UModSys@@UEAAXXZ 0000000180001470 f i plugin_test1.obj
 0001:000004bc       ??0UI_Info@RTest1_Shell@test1@test@modules@UModSys@@QEAA@AEAU12345@@Z 00000001800014bc f i plugin_test1.obj
 0001:00000620       ??0RTest1_Shell@test1@test@modules@UModSys@@QEAA@PEAUIModObject@base@4@@Z 0000000180001620 f i plugin_test1.obj
 0001:000008b0       ?connect@RTest1_Shell@test1@test@modules@UModSys@@UEAA_NXZ 00000001800018b0 f i plugin_test1.obj
 0001:000008d4       ?disconnect@RTest1_Shell@test1@test@modules@UModSys@@UEAA_NXZ 00000001800018d4 f i plugin_test1.obj
 0001:000008f8       ?process_tick@RTest1_Shell@test1@test@modules@UModSys@@UEAA_NAEBUSTimeMsec@core@5@@Z 00000001800018f8 f i plugin_test1.obj
 0001:00000934       ?process_command@RTest1_Shell@test1@test@modules@UModSys@@UEAA_NHQEBU?$TString@U?$TSCoreConst@D@su@tl@UModSys@@U?$TComparerBinaryHash@D@234@@tl@5@@Z 0000000180001934 f i plugin_test1.obj
 0001:0000095c       ??_ERTest1_Shell@test1@test@modules@UModSys@@UEAAPEAXI@Z 000000018000195c f i  CIL library: CIL module
 0001:0000095c       ??_GRTest1_Shell@test1@test@modules@UModSys@@UEAAPEAXI@Z 000000018000195c f i plugin_test1.obj
 0001:00000a24       ?set_value@Prop@Aux@RTest1_Shell@test1@test@modules@UModSys@@UEAA_NAEBUSPropValueR@core@7@@Z 0000000180001a24 f i plugin_test1.obj
 0001:00000ad0       ?set_value@PropX@Aux@RTest1_Shell@test1@test@modules@UModSys@@UEAA_NPEBUSUniquePointerInfo@core@7@AEBUSPropValueR@97@@Z 0000000180001ad0 f i plugin_test1.obj
 0001:00000c3c       ?aux_tests@RTest1_Shell@test1@test@modules@UModSys@@QEAAXXZ 0000000180001c3c f   plugin_test1.obj
 0001:00000e04       ?media_arch_stdio@RTest1_Shell@test1@test@modules@UModSys@@QEAA?AU?$TRefObject@UIBinArchive@libmedia@UModSys@@U?$TRefObjectFunc@UIBinArchive@libmedia@UModSys@@@tl@3@@tl@5@AEBU?$TString@U?$TSCoreConst@D@su@tl@UModSys@@U?$TComparerBinaryHash@D@234@@75@@Z 0000000180001e04 f   plugin_test1.obj
 0001:00000ef0       ?media_arch_zip@RTest1_Shell@test1@test@modules@UModSys@@QEAA?AU?$TRefObject@UIBinArchive@libmedia@UModSys@@U?$TRefObjectFunc@UIBinArchive@libmedia@UModSys@@@tl@3@@tl@5@PEAUILibrary@libmedia@5@PEAUIUtilities@95@AEBU?$TString@U?$TSCoreConst@D@su@tl@UModSys@@U?$TComparerBinaryHash@D@234@@75@_N@Z 0000000180001ef0 f   plugin_test1.obj
 0001:000011e8       ?media_filter_new@RTest1_Shell@test1@test@modules@UModSys@@QEAA?AU?$TRefObject@UIBinObjFilter@libmedia@UModSys@@U?$TRefObjectFunc@UIBinObjFilter@libmedia@UModSys@@@tl@3@@tl@5@AEBU?$TString@U?$TSCoreConst@D@su@tl@UModSys@@U?$TComparerBinaryHash@D@234@@75@AEBUSParameters@core@5@@Z 00000001800021e8 f   plugin_test1.obj
 0001:000012a8       ?media_utils@RTest1_Shell@test1@test@modules@UModSys@@QEAA?AU?$TRefObject@UIUtilities@libmedia@UModSys@@U?$TRefObjectFunc@UIUtilities@libmedia@UModSys@@@tl@3@@tl@5@XZ 00000001800022a8 f   plugin_test1.obj
 0001:00001368       ?media_vfs@RTest1_Shell@test1@test@modules@UModSys@@QEAA?AU?$TRefObject@UILibraryBinTree@libmedia@UModSys@@U?$TRefObjectFunc@UILibraryBinTree@libmedia@UModSys@@@tl@3@@tl@5@XZ 0000000180002368 f   plugin_test1.obj
 0001:00001428       ?media_flt@RTest1_Shell@test1@test@modules@UModSys@@QEAA?AU?$TRefObject@UILibraryObjFilter@libmedia@UModSys@@U?$TRefObjectFunc@UILibraryObjFilter@libmedia@UModSys@@@tl@3@@tl@5@XZ 0000000180002428 f   plugin_test1.obj
 0001:000014e8       ?media_lay@RTest1_Shell@test1@test@modules@UModSys@@QEAA?AU?$TRefObject@UILibraryLayered@libmedia@UModSys@@U?$TRefObjectFunc@UILibraryLayered@libmedia@UModSys@@@tl@3@@tl@5@XZ 00000001800024e8 f   plugin_test1.obj
 0001:000015a8       ?media_cache@RTest1_Shell@test1@test@modules@UModSys@@QEAA?AU?$TRefObject@UILibrary@libmedia@UModSys@@U?$TRefObjectFunc@UILibrary@libmedia@UModSys@@@tl@3@@tl@5@_N@Z 00000001800025a8 f   plugin_test1.obj
 0001:0000173c       ?ui_newframes@RTest1_Shell@test1@test@modules@UModSys@@SA?AU?$TRefObject@UICollector@libui@UModSys@@U?$TRefObjectFunc@UICollector@libui@UModSys@@@tl@3@@tl@5@AEBU?$TString@U?$TSCoreConst@D@su@tl@UModSys@@U?$TComparerBinaryHash@D@234@@75@AEBUSParameters@core@5@@Z 000000018000273c f   plugin_test1.obj
 0001:00001760       ?ui_newterm@RTest1_Shell@test1@test@modules@UModSys@@SA?AU?$TRefObject@UITerminal@libui@UModSys@@U?$TRefObjectFunc@UITerminal@libui@UModSys@@@tl@3@@tl@5@AEBU?$TString@U?$TSCoreConst@D@su@tl@UModSys@@U?$TComparerBinaryHash@D@234@@75@AEBUSParameters@core@5@@Z 0000000180002760 f   plugin_test1.obj
 0001:00001784       ?key_pressed@RTest1_Shell@test1@test@modules@UModSys@@UEAA_NAEBUSKeyboardInputRaw@libui@5@@Z 0000000180002784 f   plugin_test1.obj
 0001:000017ec       ?key_text@RTest1_Shell@test1@test@modules@UModSys@@UEAA_NAEBUSKeyboardInputText@libui@5@@Z 00000001800027ec f   plugin_test1.obj
 0001:00001840       ?mouse_event@RTest1_Shell@test1@test@modules@UModSys@@UEAA_NAEBUSMouseInput@libui@5@@Z 0000000180002840 f   plugin_test1.obj
 0001:000018dc       ?command@RTest1_Shell@test1@test@modules@UModSys@@UEAA_NAEBUSController@libui@5@HAEBUSFrameDataIn@75@@Z 00000001800028dc f   plugin_test1.obj
 0001:0000192c       ?db_get@RTest1_Shell@test1@test@modules@UModSys@@UEAA_NAEBUSController@libui@5@QEBDAEBUSFrameDataOut@75@@Z 000000018000292c f   plugin_test1.obj
 0001:00001990       ?db_get@RTest1_Shell@test1@test@modules@UModSys@@UEAA_NAEBUSController@libui@5@QEBDHAEBUSFrameDataOut@75@@Z 0000000180002990 f   plugin_test1.obj
 0001:000019fc       ?font_2d@UI_Info@RTest1_Shell@test1@test@modules@UModSys@@QEAA_NXZ 00000001800029fc f   plugin_test1.obj
 0001:00001bb4       ?init_term@UI_Info@RTest1_Shell@test1@test@modules@UModSys@@QEAA_NPEBD@Z 0000000180002bb4 f   plugin_test1.obj
 0001:00001fe4       ?new_frames@UI_Info@RTest1_Shell@test1@test@modules@UModSys@@QEAA_NPEAUIController@libui@6@@Z 0000000180002fe4 f   plugin_test1.obj
 0001:00002784       ??1SFrameCreateParameters@libui@UModSys@@QEAA@XZ 0000000180003784 f i plugin_test1.obj
 0001:000027a8       ?shutdown@UI_Info@RTest1_Shell@test1@test@modules@UModSys@@QEAAXXZ 00000001800037a8 f   plugin_test1.obj
 0001:000027fc       ?create_3d@UI_Info@RTest1_Shell@test1@test@modules@UModSys@@QEAA_NPEBD@Z 00000001800037fc f   plugin_test1.obj
 0001:000037c0       ?cycle3d_b@UI_Info@RTest1_Shell@test1@test@modules@UModSys@@QEAAXXZ 00000001800047c0 f   plugin_test1.obj
 0001:00003d60       ?new_va_1@UI_Info@RTest1_Shell@test1@test@modules@UModSys@@QEAA_NXZ 0000000180004d60 f   plugin_test1.obj
 0001:00004348       ?fps2_move@UI_Info@RTest1_Shell@test1@test@modules@UModSys@@QEAAXHN@Z 0000000180005348 f   plugin_test1.obj
 0001:000043e4       ?fps2_add_rot@UI_Info@RTest1_Shell@test1@test@modules@UModSys@@QEAAXNN@Z 00000001800053e4 f   plugin_test1.obj
 0001:0000459c       ?key_pressed@UI_Info@RTest1_Shell@test1@test@modules@UModSys@@UEAA_NAEBUSKeyboardInputRaw@libui@6@@Z 000000018000559c f   plugin_test1.obj
 0001:00004654       ?get_cell@RMultiImage2D_SDL_ttf@SDL_core@ui@modules@UModSys@@UEBA_NIAEAU?$TVector2@H@math3d@5@PEAU675@PEAG@Z 0000000180005654 f   umodsys_lib_libui:umodsys.mod.ui.SDL_core.obj
 0001:00004654       ?key_reset@RKeyboardController@SDL_core@ui@modules@UModSys@@UEAA_NXZ 0000000180005654 f   umodsys_lib_libui:umodsys.mod.ui.SDL_core.obj
 0001:00004654       ?mouse_setposition@RMouseController@SDL_GL@ui@modules@UModSys@@UEAA_NHH@Z 0000000180005654 f   umodsys_lib_libui:umodsys.mod.ui.SDL_GL.obj
 0001:00004654       ?set_layer_count@RMultiImage2D_SDL_ttf@SDL_core@ui@modules@UModSys@@UEAA_NG@Z 0000000180005654 f   umodsys_lib_libui:umodsys.mod.ui.SDL_core.obj
 0001:00004654       ?get_cell@RMultiImage2D_SDL_ttf@SDL_GL@ui@modules@UModSys@@UEBA_NIAEAUSImageCellInfo@lib2d@5@@Z 0000000180005654 f   umodsys_lib_libui:umodsys.mod.ui.SDL_GL.obj
 0001:00004654       ?logic_sync@RVisual@object_camera@stdlib@lib3d@modules@UModSys@@UEAA_NXZ 0000000180005654 f   umodsys_lib_lib3d:umodsys.mod.3d.stdlib.obj
 0001:00004654       ?setup_setlight@RRenderDriver3D@SDL_GL@ui@modules@UModSys@@UEAA_NH_N@Z 0000000180005654 f   umodsys_lib_libui:umodsys.mod.ui.SDL_GL.obj
 0001:00004654       ?key_event@RFrame_Common@frames@ui@modules@UModSys@@MEAA_NAEBUSKeyboardInputText@libui@5@@Z 0000000180005654 f   umodsys_lib_libui:umodsys.mod.ui.frames.obj
 0001:00004654       ?isfull@?$TRStackSocket@PEAUIVisualObject@lib3d@UModSys@@U?$TDynarrayDynamic@PEAUIVisualObject@lib3d@UModSys@@U?$TAllocator@USIMemAlloc@core@UModSys@@USCountCalcPower2@23@@tl@3@@tl@3@@tl@UModSys@@UEBA_NXZ 0000000180005654 f   umodsys_lib_lib3d:umodsys.mod.3d.stdlib.obj
 0001:00004654       ?key_reset@RKeyboardController@SDL_GL@ui@modules@UModSys@@UEAA_NXZ 0000000180005654 f   umodsys_lib_libui:umodsys.mod.ui.SDL_GL.obj
 0001:00004654       ?get_data@RTextureGL@SDL_GL@ui@modules@UModSys@@UEBA_NAEBUSImagePatchInfo@lib2d@5@AEBUSMem@core@5@H@Z 0000000180005654 f   umodsys_lib_libui:umodsys.mod.ui.SDL_GL.obj
 0001:00004654       ?get_cell@RMultiImage2D_SDL_ttf@SDL_core@ui@modules@UModSys@@UEBA_NIAEAUSImageCellInfo@lib2d@5@@Z 0000000180005654 f   umodsys_lib_libui:umodsys.mod.ui.SDL_core.obj
 0001:00004654       ?setup_setlight@RRenderDriver3D@SDL_GL@ui@modules@UModSys@@UEAA_NHW4eLightType@lib3d@5@AEBUSLight@75@AEBU?$TMatrix44@N@math3d@5@@Z 0000000180005654 f   umodsys_lib_libui:umodsys.mod.ui.SDL_GL.obj
 0001:00004654       ?map_3d_to_2d@RRenderDriver3D@SDL_GL@ui@modules@UModSys@@UEAA_NAEAU?$TVector2@H@math3d@5@AEBU?$TVector3@N@75@@Z 0000000180005654 f   umodsys_lib_libui:umodsys.mod.ui.SDL_GL.obj
 0001:00004654       ?set_value@RRenderer@stdlib@lib3d@modules@UModSys@@UEAA_NAEBU?$TString@U?$TSCoreConst@D@su@tl@UModSys@@U?$TComparerBinaryHash@D@234@@tl@5@AEBUSPropValueR@core@5@@Z 0000000180005654 f   umodsys_lib_lib3d:umodsys.mod.3d.stdlib.obj
 0001:00004654       ?on_scene_node_change@RVisualSceneMapper_Direct@stdlib@lib3d@modules@UModSys@@UEAA_NPEAUIScene@35@PEBUISceneNode@35@@Z 0000000180005654 f   umodsys_lib_lib3d:umodsys.mod.3d.stdlib.obj
 0001:00004654       ?key_setrepeat@RKeyboardController@SDL_GL@ui@modules@UModSys@@UEAA_NMM@Z 0000000180005654 f   umodsys_lib_libui:umodsys.mod.ui.SDL_GL.obj
 0001:00004654       ?setup_array_none@RRenderDriver3D@SDL_GL@ui@modules@UModSys@@UEAA_NXZ 0000000180005654 f   umodsys_lib_libui:umodsys.mod.ui.SDL_GL.obj
 0001:00004654       ?map_3d_to_2d@RRenderDriver3D@SDL_GL@ui@modules@UModSys@@UEAA_NAEAU?$TVector2@H@math3d@5@AEBU?$TVector2@M@75@@Z 0000000180005654 f   umodsys_lib_libui:umodsys.mod.ui.SDL_GL.obj
 0001:00004654       ?driver_is_reset@RRenderDriver3D@SDL_GL@ui@modules@UModSys@@UEAA_NXZ 0000000180005654 f   umodsys_lib_libui:umodsys.mod.ui.SDL_GL.obj
 0001:00004654       ?setup_clearlights@RRenderDriver3D@SDL_GL@ui@modules@UModSys@@UEAA_NW4eLightType@lib3d@5@_N1@Z 0000000180005654 f   umodsys_lib_libui:umodsys.mod.ui.SDL_GL.obj
 0001:00004654       ?setup_array@RRenderDriver3D@SDL_GL@ui@modules@UModSys@@UEAA_NPEAUIVertexArray@lib3d@5@W4eVertexClass@75@H@Z 0000000180005654 f   umodsys_lib_libui:umodsys.mod.ui.SDL_GL.obj
 0001:00004654       ?camera_get_T@RVisual@object_camera@stdlib@lib3d@modules@UModSys@@UEBA_NAEAU?$TMatrix44@N@math3d@6@@Z 0000000180005654 f   umodsys_lib_lib3d:umodsys.mod.3d.stdlib.obj
 0001:00004654       ?renderer_set@RVisualSceneMapper_Direct@stdlib@lib3d@modules@UModSys@@UEAA_NPEAUIRenderer@35@@Z 0000000180005654 f   umodsys_lib_lib3d:umodsys.mod.3d.stdlib.obj
 0001:00004654       ?key_event@RFrame_Common@frames@ui@modules@UModSys@@MEAA_NAEBUSKeyboardInputRaw@libui@5@@Z 0000000180005654 f   umodsys_lib_libui:umodsys.mod.ui.frames.obj
 0001:00004654       ?frame_remove@RCollector@frames@ui@modules@UModSys@@UEAA_NPEAUIFrame@libui@5@@Z 0000000180005654 f   umodsys_lib_libui:umodsys.mod.ui.frames.obj
 0001:00004654       ?render_2d@RVisualizerScene@stdlib@lib3d@modules@UModSys@@UEAA_NPEAUIRenderDriver@35@@Z 0000000180005654 f   umodsys_lib_lib3d:umodsys.mod.3d.stdlib.obj
 0001:00004654       ?setup_variable_cell@RMultiImage2D_SDL_ttf@SDL_GL@ui@modules@UModSys@@UEAA_NPEBUSImageCellInfo@lib2d@5@KK@Z 0000000180005654 f   umodsys_lib_libui:umodsys.mod.ui.SDL_GL.obj
 0001:00004654       ?set_insize@RFrame_Common@frames@ui@modules@UModSys@@UEAA_NAEBU?$TVector2@H@math3d@5@@Z 0000000180005654 f   umodsys_lib_libui:umodsys.mod.ui.frames.obj
 0001:00004654       ?setup_state@RRenderDriver3D@SDL_GL@ui@modules@UModSys@@UEAA_NAEBUSRenderState@lib3d@5@@Z 0000000180005654 f   umodsys_lib_libui:umodsys.mod.ui.SDL_GL.obj
 0001:00004654       ?arc_deinit@RBinArchiveFrameClient_ZIP@zlib@media@modules@UModSys@@UEAA_NPEAUIBinArchiveFrame@libmedia@5@@Z 0000000180005654 f   umodsys_lib_libmedia:umodsys.mod.media.zlib.obj
 0001:00004654       ?output_attach_3d@RCollector@frames@ui@modules@UModSys@@UEAA_NPEAUIRenderDriver@lib3d@5@H@Z 0000000180005654 f   umodsys_lib_libui:umodsys.mod.ui.frames.obj
 0001:00004654       ?set_flags@RTextureGL@SDL_GL@ui@modules@UModSys@@UEAA_NAEBUSRenderMapFlags@lib3d@5@@Z 0000000180005654 f   umodsys_lib_libui:umodsys.mod.ui.SDL_GL.obj
 0001:00004654       ?set_layer_count@RMultiImage2D_SDL_ttf@SDL_GL@ui@modules@UModSys@@UEAA_NG@Z 0000000180005654 f   umodsys_lib_libui:umodsys.mod.ui.SDL_GL.obj
 0001:00004654       ?key_setmodifier@RKeyboardController@SDL_GL@ui@modules@UModSys@@UEAA_NHHH@Z 0000000180005654 f   umodsys_lib_libui:umodsys.mod.ui.SDL_GL.obj
 0001:00004654       ?get_minsize@RCollector@frames@ui@modules@UModSys@@UEAA_NAEAU?$TVector2@H@math3d@5@@Z 0000000180005654 f   umodsys_lib_libui:umodsys.mod.ui.frames.obj
 0001:00004654       ?mouse_setposition@RMouseController@SDL_core@ui@modules@UModSys@@UEAA_NHH@Z 0000000180005654 f   umodsys_lib_libui:umodsys.mod.ui.SDL_core.obj
 0001:00004654       ?key_setrepeat@RKeyboardController@SDL_core@ui@modules@UModSys@@UEAA_NMM@Z 0000000180005654 f   umodsys_lib_libui:umodsys.mod.ui.SDL_core.obj
 0001:00004654       ?cast_ray@RRenderer@stdlib@lib3d@modules@UModSys@@UEBA_NPEAUIScene@35@AEBU?$TVector2@H@math3d@5@AEAU?$TVector3@N@85@2@Z 0000000180005654 f   umodsys_lib_lib3d:umodsys.mod.3d.stdlib.obj
 0001:00004654       ?get_cell@RMultiImage2D_SDL_ttf@SDL_GL@ui@modules@UModSys@@UEBA_NIAEAU?$TVector2@H@math3d@5@PEAU675@PEAG@Z 0000000180005654 f   umodsys_lib_libui:umodsys.mod.ui.SDL_GL.obj
 0001:00004654       ?get_value@RRenderer@stdlib@lib3d@modules@UModSys@@UEBA_NAEBU?$TString@U?$TSCoreConst@D@su@tl@UModSys@@U?$TComparerBinaryHash@D@234@@tl@5@AEBUSPropValueW@core@5@@Z 0000000180005654 f   umodsys_lib_lib3d:umodsys.mod.3d.stdlib.obj
 0001:00004654       ?get_maxbox@RCollector@frames@ui@modules@UModSys@@UEAA_NAEAU?$TBoundBox2@H@math3d@5@@Z 0000000180005654 f   umodsys_lib_libui:umodsys.mod.ui.frames.obj
 0001:00004654       ?setup_fixed_cell@RMultiImage2D_SDL_ttf@SDL_GL@ui@modules@UModSys@@UEAA_NHH@Z 0000000180005654 f   umodsys_lib_libui:umodsys.mod.ui.SDL_GL.obj
 0001:00004654       ?key_text@UI_Info@RTest1_Shell@test1@test@modules@UModSys@@UEAA_NAEBUSKeyboardInputText@libui@6@@Z 0000000180005654 f   plugin_test1.obj
 0001:00004654       ?set_hint@RMultiImage2D_SDL_ttf@SDL_GL@ui@modules@UModSys@@UEAA_NPEBD0@Z 0000000180005654 f   umodsys_lib_libui:umodsys.mod.ui.SDL_GL.obj
 0001:00004654       ?cast_ray_center@RRenderer@stdlib@lib3d@modules@UModSys@@UEBA_NAEBU?$TVector2@H@math3d@5@AEAU?$TVector3@N@75@@Z 0000000180005654 f   umodsys_lib_lib3d:umodsys.mod.3d.stdlib.obj
 0001:00004654       ?cast_ray@RRenderer@stdlib@lib3d@modules@UModSys@@UEBA_NPEAUIScene@35@AEBU?$TVector2@M@math3d@5@AEAU?$TVector3@N@85@2@Z 0000000180005654 f   umodsys_lib_lib3d:umodsys.mod.3d.stdlib.obj
 0001:00004654       ?node_update_all@RVisualSceneMapper_Direct@stdlib@lib3d@modules@UModSys@@UEAA_NPEAUIScene@35@@Z 0000000180005654 f   umodsys_lib_lib3d:umodsys.mod.3d.stdlib.obj
 0001:00004654       ?on_scene_node_add@RVisualSceneMapper_Direct@stdlib@lib3d@modules@UModSys@@UEAA_NPEAUIScene@35@PEBUISceneNode@35@@Z 0000000180005654 f   umodsys_lib_lib3d:umodsys.mod.3d.stdlib.obj
 0001:00004654       ?setup_fixed_cell@RMultiImage2D_SDL_ttf@SDL_core@ui@modules@UModSys@@UEAA_NHH@Z 0000000180005654 f   umodsys_lib_libui:umodsys.mod.ui.SDL_core.obj
 0001:00004654       ?mouse_event@RFrame_Common@frames@ui@modules@UModSys@@MEAA_NPEBUSMouseInput@libui@5@@Z 0000000180005654 f   umodsys_lib_libui:umodsys.mod.ui.frames.obj
 0001:00004654       ?queue_fill@RVisualSceneMapper_Direct@stdlib@lib3d@modules@UModSys@@UEAA_NAEAU?$TIStackSocket@PEAUIVisualObject@lib3d@UModSys@@@tl@5@H_N@Z 0000000180005654 f   umodsys_lib_lib3d:umodsys.mod.3d.stdlib.obj
 0001:00004654       ?filter_load@RMediaFilter@images_std@media@modules@UModSys@@UEAA_NAEBUSInfo@IBinObjFilter@libmedia@5@AEAU?$TRefObject@UIRefObject@core@UModSys@@U?$TRefObjectFunc@UIRefObject@core@UModSys@@@tl@3@@tl@5@@Z 0000000180005654 f   umodsys_lib_libmedia:umodsys.mod.media.images_std.obj
 0001:00004654       ?set_hint@RMultiImage@stdlib@lib2d@modules@UModSys@@UEAA_NPEBD0@Z 0000000180005654 f   umodsys_lib_lib2d:umodsys.mod.2d.stdlib.obj
 0001:00004654       ?setup_variable_cell@RMultiImage2D_SDL_ttf@SDL_core@ui@modules@UModSys@@UEAA_NPEBUSImageCellInfo@lib2d@5@KK@Z 0000000180005654 f   umodsys_lib_libui:umodsys.mod.ui.SDL_core.obj
 0001:00004654       ?command_draw@RTest1_Shell@test1@test@modules@UModSys@@UEAA_NAEBUSController@libui@5@PEAUIRenderDriver@lib2d@5@AEBU?$TBoundBox2@H@math3d@5@@Z 0000000180005654 f   plugin_test1.obj
 0001:00004654       ?on_scene_node_remove@RVisualSceneMapper_Direct@stdlib@lib3d@modules@UModSys@@UEAA_NPEAUIScene@35@PEBUISceneNode@35@@Z 0000000180005654 f   umodsys_lib_lib3d:umodsys.mod.3d.stdlib.obj
 0001:00004654       ?key_setmodifier@RKeyboardController@SDL_core@ui@modules@UModSys@@UEAA_NHHH@Z 0000000180005654 f   umodsys_lib_libui:umodsys.mod.ui.SDL_core.obj
 0001:00004654       ?logic_sync@RVisual@object_primitive@stdlib@lib3d@modules@UModSys@@UEAA_NXZ 0000000180005654 f   umodsys_lib_lib3d:umodsys.mod.3d.stdlib.obj
 0001:00004654       ?set_parameters@RRenderDriver3D@SDL_GL@ui@modules@UModSys@@UEAA_NPEBDAEBUSParameters@core@5@@Z 0000000180005654 f   umodsys_lib_libui:umodsys.mod.ui.SDL_GL.obj
 0001:00004654       ?set_hint@RMultiImage2D_SDL_ttf@SDL_core@ui@modules@UModSys@@UEAA_NPEBD0@Z 0000000180005654 f   umodsys_lib_libui:umodsys.mod.ui.SDL_core.obj
 0001:00004654       ?set_parameters@RRenderDriver2D@SDL_core@ui@modules@UModSys@@UEAA_NPEBDAEBUSParameters@core@5@@Z 0000000180005654 f   umodsys_lib_libui:umodsys.mod.ui.SDL_core.obj
 0001:00004654       ?set_repeater@RFrame_Common@frames@ui@modules@UModSys@@UEAA_NHH@Z 0000000180005654 f   umodsys_lib_libui:umodsys.mod.ui.frames.obj
 0001:00004654       ?map_2d_to_3d@RRenderDriver3D@SDL_GL@ui@modules@UModSys@@UEAA_NAEAU?$TVector3@N@math3d@5@AEBU?$TVector2@H@75@@Z 0000000180005654 f   umodsys_lib_libui:umodsys.mod.ui.SDL_GL.obj
 0001:00004658       ?mouse_event@UI_Info@RTest1_Shell@test1@test@modules@UModSys@@UEAA_NAEBUSMouseInput@libui@6@@Z 0000000180005658 f   plugin_test1.obj
 0001:000046cc       ??1UI_Info@RTest1_Shell@test1@test@modules@UModSys@@QEAA@XZ 00000001800056cc f i plugin_test1.obj
 0001:0000485c       ?get_generated_names@RGenerator@test1@test@modules@UModSys@@UEBAHAEAUSUniquePtrList@core@5@@Z 000000018000585c f i plugin_test1.obj
 0001:0000487c       ?get_generated_types@RGenerator@test1@test@modules@UModSys@@UEBAHAEAUSUniquePtrList@core@5@PEBUSUniquePointerInfo@75@@Z 000000018000587c f i plugin_test1.obj
 0001:000048d8       ?generate@RGenerator@test1@test@modules@UModSys@@UEAA_NAEAU?$TRefObject@UIRefObject@core@UModSys@@U?$TRefObjectFunc@UIRefObject@core@UModSys@@@tl@3@@tl@5@PEBUSUniquePointerInfo@core@5@AEBUSParameters@95@@Z 00000001800058d8 f i plugin_test1.obj
 0001:0000499c       ?root_get_interface_info@RGenerator@test1@test@modules@UModSys@@UEBAAEBUSUniquePointerInfo@core@5@XZ 000000018000599c f i plugin_test1.obj
 0001:000049a4       ?root_get_interface_type@RGenerator@test1@test@modules@UModSys@@UEBAPEBUSUniquePointerInfo@core@5@XZ 00000001800059a4 f i plugin_test1.obj
 0001:000049ac       ?root_get_other_interface@RGenerator@test1@test@modules@UModSys@@UEBAPEBUIRoot@core@5@PEBUSUniquePointerInfo@75@@Z 00000001800059ac f i plugin_test1.obj
 0001:000049ac       ?root_get_other_interface@RGenerator@test1@test@modules@UModSys@@UEAAPEAUIRoot@core@5@PEBUSUniquePointerInfo@75@@Z 00000001800059ac f i plugin_test1.obj
 0001:000049e4       ?root_is_interface_supported@RGenerator@test1@test@modules@UModSys@@UEBA_NPEBUSUniquePointerInfo@core@5@@Z 00000001800059e4 f i plugin_test1.obj
 0001:00004a1c       ?get_uid@RGenerator@test1@test@modules@UModSys@@UEBAPEBUSUniquePointerInfo@core@5@XZ 0000000180005a1c f i plugin_test1.obj
 0001:00004a24       ?do_open@RModuleReg@test1@test@modules@UModSys@@UEAA_NXZ 0000000180005a24 f i plugin_test1.obj
 0001:00004ab0       ?do_close@RModuleReg@test1@test@modules@UModSys@@UEAA_NXZ 0000000180005ab0 f i plugin_test1.obj
 0001:00004b1c       ?get_module@RGenerator@test1@test@modules@UModSys@@UEBAPEAUIModule@base@5@XZ 0000000180005b1c f   plugin_test1.obj
 0001:00004b24       ?mod_inc@RGenerator@test1@test@modules@UModSys@@UEBA_NXZ 0000000180005b24 f   plugin_test1.obj
 0001:00004b38       ?mod_dec@RGenerator@test1@test@modules@UModSys@@UEBA_NXZ 0000000180005b38 f   plugin_test1.obj
 0001:00004b4c       ?s_holder@RGenerator@test1@test@modules@UModSys@@SAAEAU?$TTypeStaticHolder@URGenerator@test1@test@modules@UModSys@@@tl@5@XZ 0000000180005b4c f   plugin_test1.obj
 0001:00004b90       ??0?$TString@U?$TSCoreConst@D@su@tl@UModSys@@U?$TComparerBinaryHash@D@234@@tl@UModSys@@QEAA@PEBD@Z 0000000180005b90 f i plugin_test1.obj
 0001:00004c10       ??4?$TString@U?$TSCoreConst@D@su@tl@UModSys@@U?$TComparerBinaryHash@D@234@@tl@UModSys@@QEAAAEBU012@PEBD@Z 0000000180005c10 f i plugin_test1.obj
 0001:00004c88       ?normalize@?$TVector3@N@math3d@UModSys@@QEAANXZ 0000000180005c88 f i plugin_test1.obj
 0001:00004d34       ?info_release@?$TSCoreShared@USIMemAlloc@core@UModSys@@D@su@tl@UModSys@@QEAAXXZ 0000000180005d34 f i plugin_test1.obj
 0001:00004e08       ?info_new@?$TSCoreShared@USIMemAlloc@core@UModSys@@D@su@tl@UModSys@@QEAA_NPEBD_K@Z 0000000180005e08 f i plugin_test1.obj
 0001:00004edc       ?mult3@?$TMatrix44@N@math3d@UModSys@@QEAAXAEBU123@0@Z 0000000180005edc f i plugin_test1.obj
 0001:00005074       ?set_rotate_about@?$TMatrix44@N@math3d@UModSys@@QEAAXAEBU?$TVector3@N@23@N@Z 0000000180006074 f i plugin_test1.obj
 0001:000052d4       ?set_inversed@?$TMatrix44@N@math3d@UModSys@@QEAA_NAEBU123@@Z 00000001800062d4 f i plugin_test1.obj
 0001:00005ab8       ??$generate_type@UIBinArchive@libmedia@UModSys@@@RTest1_Shell@test1@test@modules@UModSys@@SA?AU?$TRefObject@UIBinArchive@libmedia@UModSys@@U?$TRefObjectFunc@UIBinArchive@libmedia@UModSys@@@tl@3@@tl@4@AEBU?$TString@U?$TSCoreConst@D@su@tl@UModSys@@U?$TComparerBinaryHash@D@234@@64@AEBUSParameters@core@4@PEBD@Z 0000000180006ab8 f i plugin_test1.obj
 0001:00005cb4       ??$generate_type@UIClient@IBinArchiveFrame@libmedia@UModSys@@@RTest1_Shell@test1@test@modules@UModSys@@SA?AU?$TRefObject@UIClient@IBinArchiveFrame@libmedia@UModSys@@U?$TRefObjectFunc@UIClient@IBinArchiveFrame@libmedia@UModSys@@@tl@4@@tl@4@AEBU?$TString@U?$TSCoreConst@D@su@tl@UModSys@@U?$TComparerBinaryHash@D@234@@64@AEBUSParameters@core@4@PEBD@Z 0000000180006cb4 f i plugin_test1.obj
 0001:00005eb0       ??$generate_type@UIBinArchiveFrame@libmedia@UModSys@@@RTest1_Shell@test1@test@modules@UModSys@@SA?AU?$TRefObject@UIBinArchiveFrame@libmedia@UModSys@@U?$TRefObjectFunc@UIBinArchiveFrame@libmedia@UModSys@@@tl@3@@tl@4@AEBU?$TString@U?$TSCoreConst@D@su@tl@UModSys@@U?$TComparerBinaryHash@D@234@@64@AEBUSParameters@core@4@PEBD@Z 0000000180006eb0 f i plugin_test1.obj
 0001:000060ac       ??$generate_type@UIBinObjFilter@libmedia@UModSys@@@RTest1_Shell@test1@test@modules@UModSys@@SA?AU?$TRefObject@UIBinObjFilter@libmedia@UModSys@@U?$TRefObjectFunc@UIBinObjFilter@libmedia@UModSys@@@tl@3@@tl@4@AEBU?$TString@U?$TSCoreConst@D@su@tl@UModSys@@U?$TComparerBinaryHash@D@234@@64@AEBUSParameters@core@4@PEBD@Z 00000001800070ac f i plugin_test1.obj
 0001:000062a8       ??$generate_type@UIUtilities@libmedia@UModSys@@@RTest1_Shell@test1@test@modules@UModSys@@SA?AU?$TRefObject@UIUtilities@libmedia@UModSys@@U?$TRefObjectFunc@UIUtilities@libmedia@UModSys@@@tl@3@@tl@4@AEBU?$TString@U?$TSCoreConst@D@su@tl@UModSys@@U?$TComparerBinaryHash@D@234@@64@AEBUSParameters@core@4@PEBD@Z 00000001800072a8 f i plugin_test1.obj
 0001:000064a4       ??$generate_type@UILibraryBinTree@libmedia@UModSys@@@RTest1_Shell@test1@test@modules@UModSys@@SA?AU?$TRefObject@UILibraryBinTree@libmedia@UModSys@@U?$TRefObjectFunc@UILibraryBinTree@libmedia@UModSys@@@tl@3@@tl@4@AEBU?$TString@U?$TSCoreConst@D@su@tl@UModSys@@U?$TComparerBinaryHash@D@234@@64@AEBUSParameters@core@4@PEBD@Z 00000001800074a4 f i plugin_test1.obj
 0001:000066a0       ??$generate_type@UILibraryObjFilter@libmedia@UModSys@@@RTest1_Shell@test1@test@modules@UModSys@@SA?AU?$TRefObject@UILibraryObjFilter@libmedia@UModSys@@U?$TRefObjectFunc@UILibraryObjFilter@libmedia@UModSys@@@tl@3@@tl@4@AEBU?$TString@U?$TSCoreConst@D@su@tl@UModSys@@U?$TComparerBinaryHash@D@234@@64@AEBUSParameters@core@4@PEBD@Z 00000001800076a0 f i plugin_test1.obj
 0001:0000689c       ??$generate_type@UILibraryLayered@libmedia@UModSys@@@RTest1_Shell@test1@test@modules@UModSys@@SA?AU?$TRefObject@UILibraryLayered@libmedia@UModSys@@U?$TRefObjectFunc@UILibraryLayered@libmedia@UModSys@@@tl@3@@tl@4@AEBU?$TString@U?$TSCoreConst@D@su@tl@UModSys@@U?$TComparerBinaryHash@D@234@@64@AEBUSParameters@core@4@PEBD@Z 000000018000789c f i plugin_test1.obj
 0001:00006a98       ??$generate_type@UILibraryObjCache@libmedia@UModSys@@@RTest1_Shell@test1@test@modules@UModSys@@SA?AU?$TRefObject@UILibraryObjCache@libmedia@UModSys@@U?$TRefObjectFunc@UILibraryObjCache@libmedia@UModSys@@@tl@3@@tl@4@AEBU?$TString@U?$TSCoreConst@D@su@tl@UModSys@@U?$TComparerBinaryHash@D@234@@64@AEBUSParameters@core@4@PEBD@Z 0000000180007a98 f i plugin_test1.obj
 0001:00006c94       ??$generate_type@UILibraryBinCache@libmedia@UModSys@@@RTest1_Shell@test1@test@modules@UModSys@@SA?AU?$TRefObject@UILibraryBinCache@libmedia@UModSys@@U?$TRefObjectFunc@UILibraryBinCache@libmedia@UModSys@@@tl@3@@tl@4@AEBU?$TString@U?$TSCoreConst@D@su@tl@UModSys@@U?$TComparerBinaryHash@D@234@@64@AEBUSParameters@core@4@PEBD@Z 0000000180007c94 f i plugin_test1.obj
 0001:00006e90       ??$generate_type@UICollector@libui@UModSys@@@RTest1_Shell@test1@test@modules@UModSys@@SA?AU?$TRefObject@UICollector@libui@UModSys@@U?$TRefObjectFunc@UICollector@libui@UModSys@@@tl@3@@tl@4@AEBU?$TString@U?$TSCoreConst@D@su@tl@UModSys@@U?$TComparerBinaryHash@D@234@@64@AEBUSParameters@core@4@PEBD@Z 0000000180007e90 f i plugin_test1.obj
 0001:0000708c       ??$generate_type@UITerminal@libui@UModSys@@@RTest1_Shell@test1@test@modules@UModSys@@SA?AU?$TRefObject@UITerminal@libui@UModSys@@U?$TRefObjectFunc@UITerminal@libui@UModSys@@@tl@3@@tl@4@AEBU?$TString@U?$TSCoreConst@D@su@tl@UModSys@@U?$TComparerBinaryHash@D@234@@64@AEBUSParameters@core@4@PEBD@Z 000000018000808c f i plugin_test1.obj
 0001:00007288       ??$generate_type@UIRenderer@lib3d@UModSys@@@RTest1_Shell@test1@test@modules@UModSys@@SA?AU?$TRefObject@UIRenderer@lib3d@UModSys@@U?$TRefObjectFunc@UIRenderer@lib3d@UModSys@@@tl@3@@tl@4@AEBU?$TString@U?$TSCoreConst@D@su@tl@UModSys@@U?$TComparerBinaryHash@D@234@@64@AEBUSParameters@core@4@PEBD@Z 0000000180008288 f i plugin_test1.obj
 0001:00007484       ??$generate_type@UIVisualizerScene@lib3d@UModSys@@@RTest1_Shell@test1@test@modules@UModSys@@SA?AU?$TRefObject@UIVisualizerScene@lib3d@UModSys@@U?$TRefObjectFunc@UIVisualizerScene@lib3d@UModSys@@@tl@3@@tl@4@AEBU?$TString@U?$TSCoreConst@D@su@tl@UModSys@@U?$TComparerBinaryHash@D@234@@64@AEBUSParameters@core@4@PEBD@Z 0000000180008484 f i plugin_test1.obj
 0001:00007680       ??$generate_type@UIGeneralObject@lib3d@UModSys@@@RTest1_Shell@test1@test@modules@UModSys@@SA?AU?$TRefObject@UIGeneralObject@lib3d@UModSys@@U?$TRefObjectFunc@UIGeneralObject@lib3d@UModSys@@@tl@3@@tl@4@AEBU?$TString@U?$TSCoreConst@D@su@tl@UModSys@@U?$TComparerBinaryHash@D@234@@64@AEBUSParameters@core@4@PEBD@Z 0000000180008680 f i plugin_test1.obj
 0001:0000787c       ??1?$TRefObject@UIModObject@base@UModSys@@U?$TModObjectFunc@UIModObject@base@UModSys@@@tl@3@@tl@UModSys@@QEAA@XZ 000000018000887c f i plugin_test1.obj
 0001:000078a8       ?mult@?$TMatrix44@N@math3d@UModSys@@QEAAXAEBU123@0@Z 00000001800088a8 f i plugin_test1.obj
 0001:00007c70       ?root_get_interface_info@RRenderer@stdlib@lib3d@modules@UModSys@@UEBAAEBUSUniquePointerInfo@core@5@XZ 0000000180008c70 f i umodsys_lib_lib3d:umodsys.mod.3d.stdlib.obj
 0001:00007c78       ?root_get_interface_type@RRenderer@stdlib@lib3d@modules@UModSys@@UEBAPEBUSUniquePointerInfo@core@5@XZ 0000000180008c78 f i umodsys_lib_lib3d:umodsys.mod.3d.stdlib.obj
 0001:00007c80       ?root_get_other_interface@RRenderer@stdlib@lib3d@modules@UModSys@@UEBAPEBUIRoot@core@5@PEBUSUniquePointerInfo@75@@Z 0000000180008c80 f i umodsys_lib_lib3d:umodsys.mod.3d.stdlib.obj
 0001:00007c80       ?root_get_other_interface@RRenderer@stdlib@lib3d@modules@UModSys@@UEAAPEAUIRoot@core@5@PEBUSUniquePointerInfo@75@@Z 0000000180008c80 f i umodsys_lib_lib3d:umodsys.mod.3d.stdlib.obj
 0001:00007cb0       ?root_is_interface_supported@RRenderer@stdlib@lib3d@modules@UModSys@@UEBA_NPEBUSUniquePointerInfo@core@5@@Z 0000000180008cb0 f i umodsys_lib_lib3d:umodsys.mod.3d.stdlib.obj
 0001:00007ce0       ?ref_add@RRenderer@stdlib@lib3d@modules@UModSys@@UEBAXXZ 0000000180008ce0 f i umodsys_lib_lib3d:umodsys.mod.3d.stdlib.obj
 0001:00007ce0       ?ref_add@RSerializeWriter@serialize_json@media@modules@UModSys@@UEBAXXZ 0000000180008ce0 f i umodsys_lib_libmedia:umodsys.mod.media.serialize_json.obj
 0001:00007ce0       ?ref_add@RVisualSceneMapper_Direct@stdlib@lib3d@modules@UModSys@@UEBAXXZ 0000000180008ce0 f i umodsys_lib_lib3d:umodsys.mod.3d.stdlib.obj
 0001:00007ce4       ?ref_links@RRenderer@stdlib@lib3d@modules@UModSys@@UEBAHXZ 0000000180008ce4 f i umodsys_lib_lib3d:umodsys.mod.3d.stdlib.obj
 0001:00007ce4       ?ref_links@RSerializeWriter@serialize_json@media@modules@UModSys@@UEBAHXZ 0000000180008ce4 f i umodsys_lib_libmedia:umodsys.mod.media.serialize_json.obj
 0001:00007ce4       ?ref_links@RVisualSceneMapper_Direct@stdlib@lib3d@modules@UModSys@@UEBAHXZ 0000000180008ce4 f i umodsys_lib_lib3d:umodsys.mod.3d.stdlib.obj
 0001:00007ce8       ?suicide@RVisualSceneMapper_Direct@stdlib@lib3d@modules@UModSys@@UEAAXXZ 0000000180008ce8 f i umodsys_lib_lib3d:umodsys.mod.3d.stdlib.obj
 0001:00007ce8       ?suicide@RSerializeWriter@serialize_json@media@modules@UModSys@@UEAAXXZ 0000000180008ce8 f i umodsys_lib_libmedia:umodsys.mod.media.serialize_json.obj
 0001:00007ce8       ?suicide@RRenderer@stdlib@lib3d@modules@UModSys@@UEAAXXZ 0000000180008ce8 f i umodsys_lib_lib3d:umodsys.mod.3d.stdlib.obj
 0001:00007d34       ?root_get_interface_info@RVisualizerScene@stdlib@lib3d@modules@UModSys@@UEBAAEBUSUniquePointerInfo@core@5@XZ 0000000180008d34 f i umodsys_lib_lib3d:umodsys.mod.3d.stdlib.obj
 0001:00007d3c       ?root_get_interface_type@RVisualizerScene@stdlib@lib3d@modules@UModSys@@UEBAPEBUSUniquePointerInfo@core@5@XZ 0000000180008d3c f i umodsys_lib_lib3d:umodsys.mod.3d.stdlib.obj
 0001:00007d44       ?root_get_other_interface@RVisualizerScene@stdlib@lib3d@modules@UModSys@@UEAAPEAUIRoot@core@5@PEBUSUniquePointerInfo@75@@Z 0000000180008d44 f i umodsys_lib_lib3d:umodsys.mod.3d.stdlib.obj
 0001:00007d44       ?root_get_other_interface@RVisualizerScene@stdlib@lib3d@modules@UModSys@@UEBAPEBUIRoot@core@5@PEBUSUniquePointerInfo@75@@Z 0000000180008d44 f i umodsys_lib_lib3d:umodsys.mod.3d.stdlib.obj
 0001:00007d7c       ?root_is_interface_supported@RVisualizerScene@stdlib@lib3d@modules@UModSys@@UEBA_NPEBUSUniquePointerInfo@core@5@@Z 0000000180008d7c f i umodsys_lib_lib3d:umodsys.mod.3d.stdlib.obj
 0001:00007db4       ?root_get_interface_info@RVisualSceneMapper_Direct@stdlib@lib3d@modules@UModSys@@UEBAAEBUSUniquePointerInfo@core@5@XZ 0000000180008db4 f i umodsys_lib_lib3d:umodsys.mod.3d.stdlib.obj
 0001:00007dbc       ?root_get_interface_type@RVisualSceneMapper_Direct@stdlib@lib3d@modules@UModSys@@UEBAPEBUSUniquePointerInfo@core@5@XZ 0000000180008dbc f i umodsys_lib_lib3d:umodsys.mod.3d.stdlib.obj
 0001:00007dc4       ?root_get_other_interface@RVisualSceneMapper_Direct@stdlib@lib3d@modules@UModSys@@UEAAPEAUIRoot@core@5@PEBUSUniquePointerInfo@75@@Z 0000000180008dc4 f i umodsys_lib_lib3d:umodsys.mod.3d.stdlib.obj
 0001:00007dc4       ?root_get_other_interface@RVisualSceneMapper_Direct@stdlib@lib3d@modules@UModSys@@UEBAPEBUIRoot@core@5@PEBUSUniquePointerInfo@75@@Z 0000000180008dc4 f i umodsys_lib_lib3d:umodsys.mod.3d.stdlib.obj
 0001:00007df4       ?root_is_interface_supported@RVisualSceneMapper_Direct@stdlib@lib3d@modules@UModSys@@UEBA_NPEBUSUniquePointerInfo@core@5@@Z 0000000180008df4 f i umodsys_lib_lib3d:umodsys.mod.3d.stdlib.obj
 0001:00007e24       ?root_get_interface_info@RGeneral@object_primitive@stdlib@lib3d@modules@UModSys@@UEBAAEBUSUniquePointerInfo@core@6@XZ 0000000180008e24 f i umodsys_lib_lib3d:umodsys.mod.3d.stdlib.obj
 0001:00007e2c       ?root_get_interface_type@RGeneral@object_primitive@stdlib@lib3d@modules@UModSys@@UEBAPEBUSUniquePointerInfo@core@6@XZ 0000000180008e2c f i umodsys_lib_lib3d:umodsys.mod.3d.stdlib.obj
 0001:00007e34       ?root_get_other_interface@RGeneral@object_primitive@stdlib@lib3d@modules@UModSys@@UEAAPEAUIRoot@core@6@PEBUSUniquePointerInfo@86@@Z 0000000180008e34 f i umodsys_lib_lib3d:umodsys.mod.3d.stdlib.obj
 0001:00007e34       ?root_get_other_interface@RGeneral@object_primitive@stdlib@lib3d@modules@UModSys@@UEBAPEBUIRoot@core@6@PEBUSUniquePointerInfo@86@@Z 0000000180008e34 f i umodsys_lib_lib3d:umodsys.mod.3d.stdlib.obj
 0001:00007e64       ?root_is_interface_supported@RGeneral@object_primitive@stdlib@lib3d@modules@UModSys@@UEBA_NPEBUSUniquePointerInfo@core@6@@Z 0000000180008e64 f i umodsys_lib_lib3d:umodsys.mod.3d.stdlib.obj
 0001:00007e94       ?root_get_interface_info@RRender@object_primitive@stdlib@lib3d@modules@UModSys@@UEBAAEBUSUniquePointerInfo@core@6@XZ 0000000180008e94 f i umodsys_lib_lib3d:umodsys.mod.3d.stdlib.obj
 0001:00007e9c       ?root_get_interface_type@RRender@object_primitive@stdlib@lib3d@modules@UModSys@@UEBAPEBUSUniquePointerInfo@core@6@XZ 0000000180008e9c f i umodsys_lib_lib3d:umodsys.mod.3d.stdlib.obj
 0001:00007ea4       ?root_get_other_interface@RRender@object_primitive@stdlib@lib3d@modules@UModSys@@UEAAPEAUIRoot@core@6@PEBUSUniquePointerInfo@86@@Z 0000000180008ea4 f i umodsys_lib_lib3d:umodsys.mod.3d.stdlib.obj
 0001:00007ea4       ?root_get_other_interface@RRender@object_primitive@stdlib@lib3d@modules@UModSys@@UEBAPEBUIRoot@core@6@PEBUSUniquePointerInfo@86@@Z 0000000180008ea4 f i umodsys_lib_lib3d:umodsys.mod.3d.stdlib.obj
 0001:00007edc       ?root_is_interface_supported@RRender@object_primitive@stdlib@lib3d@modules@UModSys@@UEBA_NPEBUSUniquePointerInfo@core@6@@Z 0000000180008edc f i umodsys_lib_lib3d:umodsys.mod.3d.stdlib.obj
 0001:00007f14       ?ref_links@RMediaFilter@images_std@media@modules@UModSys@@UEBAHXZ 0000000180008f14 f i umodsys_lib_libmedia:umodsys.mod.media.images_std.obj
 0001:00007f14       ?ref_links@RRender@object_primitive@stdlib@lib3d@modules@UModSys@@UEBAHXZ 0000000180008f14 f i umodsys_lib_lib3d:umodsys.mod.3d.stdlib.obj
 0001:00007f18       ?suicide@RRender@object_primitive@stdlib@lib3d@modules@UModSys@@UEAAXXZ 0000000180008f18 f i umodsys_lib_lib3d:umodsys.mod.3d.stdlib.obj
 0001:00007f5c       ?root_get_interface_info@RVisual@object_primitive@stdlib@lib3d@modules@UModSys@@UEBAAEBUSUniquePointerInfo@core@6@XZ 0000000180008f5c f i umodsys_lib_lib3d:umodsys.mod.3d.stdlib.obj
 0001:00007f64       ?root_get_interface_type@RVisual@object_primitive@stdlib@lib3d@modules@UModSys@@UEBAPEBUSUniquePointerInfo@core@6@XZ 0000000180008f64 f i umodsys_lib_lib3d:umodsys.mod.3d.stdlib.obj
 0001:00007f6c       ?root_get_other_interface@RVisual@object_primitive@stdlib@lib3d@modules@UModSys@@UEBAPEBUIRoot@core@6@PEBUSUniquePointerInfo@86@@Z 0000000180008f6c f i umodsys_lib_lib3d:umodsys.mod.3d.stdlib.obj
 0001:00007f6c       ?root_get_other_interface@RVisual@object_primitive@stdlib@lib3d@modules@UModSys@@UEAAPEAUIRoot@core@6@PEBUSUniquePointerInfo@86@@Z 0000000180008f6c f i umodsys_lib_lib3d:umodsys.mod.3d.stdlib.obj
 0001:00007fa4       ?root_is_interface_supported@RVisual@object_primitive@stdlib@lib3d@modules@UModSys@@UEBA_NPEBUSUniquePointerInfo@core@6@@Z 0000000180008fa4 f i umodsys_lib_lib3d:umodsys.mod.3d.stdlib.obj
 0001:00007fdc       ?ref_remove@RVisual@object_primitive@stdlib@lib3d@modules@UModSys@@UEBAXXZ 0000000180008fdc f i umodsys_lib_lib3d:umodsys.mod.3d.stdlib.obj
 0001:00007fdc       ?ref_remove@RVisual@object_camera@stdlib@lib3d@modules@UModSys@@UEBAXXZ 0000000180008fdc f i umodsys_lib_lib3d:umodsys.mod.3d.stdlib.obj
 0001:00007ff4       ?ref_links@RVisual@object_camera@stdlib@lib3d@modules@UModSys@@UEBAHXZ 0000000180008ff4 f i umodsys_lib_lib3d:umodsys.mod.3d.stdlib.obj
 0001:00007ff4       ?ref_links@RVisual@object_primitive@stdlib@lib3d@modules@UModSys@@UEBAHXZ 0000000180008ff4 f i umodsys_lib_lib3d:umodsys.mod.3d.stdlib.obj
 0001:00007ffc       ?root_get_interface_info@RGeneral@object_camera@stdlib@lib3d@modules@UModSys@@UEBAAEBUSUniquePointerInfo@core@6@XZ 0000000180008ffc f i umodsys_lib_lib3d:umodsys.mod.3d.stdlib.obj
 0001:00008004       ?root_get_interface_type@RGeneral@object_camera@stdlib@lib3d@modules@UModSys@@UEBAPEBUSUniquePointerInfo@core@6@XZ 0000000180009004 f i umodsys_lib_lib3d:umodsys.mod.3d.stdlib.obj
 0001:0000800c       ?root_get_other_interface@RGeneral@object_camera@stdlib@lib3d@modules@UModSys@@UEAAPEAUIRoot@core@6@PEBUSUniquePointerInfo@86@@Z 000000018000900c f i umodsys_lib_lib3d:umodsys.mod.3d.stdlib.obj
 0001:0000800c       ?root_get_other_interface@RGeneral@object_camera@stdlib@lib3d@modules@UModSys@@UEBAPEBUIRoot@core@6@PEBUSUniquePointerInfo@86@@Z 000000018000900c f i umodsys_lib_lib3d:umodsys.mod.3d.stdlib.obj
 0001:0000803c       ?root_is_interface_supported@RGeneral@object_camera@stdlib@lib3d@modules@UModSys@@UEBA_NPEBUSUniquePointerInfo@core@6@@Z 000000018000903c f i umodsys_lib_lib3d:umodsys.mod.3d.stdlib.obj
 0001:0000806c       ?ref_links@RGenerator@SDL_GL@ui@modules@UModSys@@UEBAHXZ 000000018000906c f i umodsys_lib_libui:umodsys.mod.ui.SDL_GL.obj
 0001:0000806c       ?ref_links@RSerializeReader@serialize_json@media@modules@UModSys@@UEBAHXZ 000000018000906c f i umodsys_lib_libmedia:umodsys.mod.media.serialize_json.obj
 0001:0000806c       ?ref_links@RGenerator@images_std@media@modules@UModSys@@UEBAHXZ 000000018000906c f i umodsys_lib_libmedia:umodsys.mod.media.images_std.obj
 0001:0000806c       ?ref_links@RBinArchiveFrameClient_ZIP@zlib@media@modules@UModSys@@UEBAHXZ 000000018000906c f i umodsys_lib_libmedia:umodsys.mod.media.zlib.obj
 0001:0000806c       ?ref_links@RGenerator@stdlib@lib3d@modules@UModSys@@UEBAHXZ 000000018000906c f i umodsys_lib_lib3d:umodsys.mod.3d.stdlib.obj
 0001:0000806c       ?ref_links@RTerminal@SDL_GL@ui@modules@UModSys@@UEBAHXZ 000000018000906c f i umodsys_lib_libui:umodsys.mod.ui.SDL_GL.obj
 0001:0000806c       ?ref_links@RGenerator@zlib@media@modules@UModSys@@UEBAHXZ 000000018000906c f i umodsys_lib_libmedia:umodsys.mod.media.zlib.obj
 0001:0000806c       ?ref_links@RGenerator@test1@test@modules@UModSys@@UEBAHXZ 000000018000906c f i plugin_test1.obj
 0001:0000806c       ?ref_links@RImage_Memory@stdlib@lib2d@modules@UModSys@@UEBAHXZ 000000018000906c f i umodsys_lib_lib2d:umodsys.mod.2d.stdlib.obj
 0001:0000806c       ?ref_links@RMultiImage2D_SDL_ttf@SDL_GL@ui@modules@UModSys@@UEBAHXZ 000000018000906c f i umodsys_lib_libui:umodsys.mod.ui.SDL_GL.obj
 0001:0000806c       ?ref_links@RGenerator@frames@ui@modules@UModSys@@UEBAHXZ 000000018000906c f i umodsys_lib_libui:umodsys.mod.ui.frames.obj
 0001:0000806c       ?ref_links@RTerminal@SDL_core@ui@modules@UModSys@@UEBAHXZ 000000018000906c f i umodsys_lib_libui:umodsys.mod.ui.SDL_core.obj
 0001:0000806c       ?ref_links@RTextureGL@SDL_GL@ui@modules@UModSys@@UEBAHXZ 000000018000906c f i umodsys_lib_libui:umodsys.mod.ui.SDL_GL.obj
 0001:0000806c       ?ref_links@RVertexArray@SDL_GL@ui@modules@UModSys@@UEBAHXZ 000000018000906c f i umodsys_lib_libui:umodsys.mod.ui.SDL_GL.obj
 0001:0000806c       ?ref_links@RGenerator@serialize_json@media@modules@UModSys@@UEBAHXZ 000000018000906c f i umodsys_lib_libmedia:umodsys.mod.media.serialize_json.obj
 0001:0000806c       ?ref_links@RMultiImage2D_SDL_ttf@SDL_core@ui@modules@UModSys@@UEBAHXZ 000000018000906c f i umodsys_lib_libui:umodsys.mod.ui.SDL_core.obj
 0001:0000806c       ?ref_links@RDialog@frames@ui@modules@UModSys@@UEBAHXZ 000000018000906c f i umodsys_lib_libui:umodsys.mod.ui.frames.obj
 0001:0000806c       ?ref_links@RMultiImage@stdlib@lib2d@modules@UModSys@@UEBAHXZ 000000018000906c f i umodsys_lib_lib2d:umodsys.mod.2d.stdlib.obj
 0001:0000806c       ?ref_links@RImageFactory_Memory@stdlib@lib2d@modules@UModSys@@UEBAHXZ 000000018000906c f i umodsys_lib_lib2d:umodsys.mod.2d.stdlib.obj
 0001:0000806c       ?ref_links@RGenerator@stdlib@lib2d@modules@UModSys@@UEBAHXZ 000000018000906c f i umodsys_lib_lib2d:umodsys.mod.2d.stdlib.obj
 0001:0000806c       ?ref_links@RVisualizerScene@stdlib@lib3d@modules@UModSys@@UEBAHXZ 000000018000906c f i umodsys_lib_lib3d:umodsys.mod.3d.stdlib.obj
 0001:0000806c       ?ref_links@RGenerator@SDL_core@ui@modules@UModSys@@UEBAHXZ 000000018000906c f i umodsys_lib_libui:umodsys.mod.ui.SDL_core.obj
 0001:0000806c       ?ref_links@RGeneral@object_primitive@stdlib@lib3d@modules@UModSys@@UEBAHXZ 000000018000906c f i umodsys_lib_lib3d:umodsys.mod.3d.stdlib.obj
 0001:0000806c       ?ref_links@RGeneral@object_camera@stdlib@lib3d@modules@UModSys@@UEBAHXZ 000000018000906c f i umodsys_lib_lib3d:umodsys.mod.3d.stdlib.obj
 0001:00008070       ?root_get_interface_info@RVisual@object_camera@stdlib@lib3d@modules@UModSys@@UEBAAEBUSUniquePointerInfo@core@6@XZ 0000000180009070 f i umodsys_lib_lib3d:umodsys.mod.3d.stdlib.obj
 0001:00008078       ?root_get_interface_type@RVisual@object_camera@stdlib@lib3d@modules@UModSys@@UEBAPEBUSUniquePointerInfo@core@6@XZ 0000000180009078 f i umodsys_lib_lib3d:umodsys.mod.3d.stdlib.obj
 0001:00008080       ?root_get_other_interface@RVisual@object_camera@stdlib@lib3d@modules@UModSys@@UEAAPEAUIRoot@core@6@PEBUSUniquePointerInfo@86@@Z 0000000180009080 f i umodsys_lib_lib3d:umodsys.mod.3d.stdlib.obj
 0001:00008080       ?root_get_other_interface@RVisual@object_camera@stdlib@lib3d@modules@UModSys@@UEBAPEBUIRoot@core@6@PEBUSUniquePointerInfo@86@@Z 0000000180009080 f i umodsys_lib_lib3d:umodsys.mod.3d.stdlib.obj
 0001:000080b8       ?root_is_interface_supported@RVisual@object_camera@stdlib@lib3d@modules@UModSys@@UEBA_NPEBUSUniquePointerInfo@core@6@@Z 00000001800090b8 f i umodsys_lib_lib3d:umodsys.mod.3d.stdlib.obj
 0001:000080f0       ?ref_add@RVisual@object_primitive@stdlib@lib3d@modules@UModSys@@UEBAXXZ 00000001800090f0 f i umodsys_lib_lib3d:umodsys.mod.3d.stdlib.obj
 0001:000080f0       ?ref_add@RVisual@object_camera@stdlib@lib3d@modules@UModSys@@UEBAXXZ 00000001800090f0 f i umodsys_lib_lib3d:umodsys.mod.3d.stdlib.obj
 0001:000080f8       ?ref_weak@RVisual@object_primitive@stdlib@lib3d@modules@UModSys@@UEBA_NAEAUWeakPointer@IRefObject@core@6@@Z 00000001800090f8 f i umodsys_lib_lib3d:umodsys.mod.3d.stdlib.obj
 0001:000080f8       ?ref_weak@RVisual@object_camera@stdlib@lib3d@modules@UModSys@@UEBA_NAEAUWeakPointer@IRefObject@core@6@@Z 00000001800090f8 f i umodsys_lib_lib3d:umodsys.mod.3d.stdlib.obj
 0001:0000811c       ?suicide@RVisual@object_camera@stdlib@lib3d@modules@UModSys@@UEAAXXZ 000000018000911c f i umodsys_lib_lib3d:umodsys.mod.3d.stdlib.obj
 0001:0000811c       ?suicide@RVisual@object_primitive@stdlib@lib3d@modules@UModSys@@UEAAXXZ 000000018000911c f i umodsys_lib_lib3d:umodsys.mod.3d.stdlib.obj
 0001:00008164       ?get_generated_names@RGenerator@stdlib@lib3d@modules@UModSys@@UEBAHAEAUSUniquePtrList@core@5@@Z 0000000180009164 f i umodsys_lib_lib3d:umodsys.mod.3d.stdlib.obj
 0001:000081c4       ?get_generated_types@RGenerator@stdlib@lib3d@modules@UModSys@@UEBAHAEAUSUniquePtrList@core@5@PEBUSUniquePointerInfo@75@@Z 00000001800091c4 f i umodsys_lib_lib3d:umodsys.mod.3d.stdlib.obj
 0001:000082bc       ?generate@RGenerator@stdlib@lib3d@modules@UModSys@@UEAA_NAEAU?$TRefObject@UIRefObject@core@UModSys@@U?$TRefObjectFunc@UIRefObject@core@UModSys@@@tl@3@@tl@5@PEBUSUniquePointerInfo@core@5@AEBUSParameters@95@@Z 00000001800092bc f i umodsys_lib_lib3d:umodsys.mod.3d.stdlib.obj
 0001:00008670       ?root_get_interface_info@RGenerator@stdlib@lib3d@modules@UModSys@@UEBAAEBUSUniquePointerInfo@core@5@XZ 0000000180009670 f i umodsys_lib_lib3d:umodsys.mod.3d.stdlib.obj
 0001:00008678       ?root_get_interface_type@RGenerator@stdlib@lib3d@modules@UModSys@@UEBAPEBUSUniquePointerInfo@core@5@XZ 0000000180009678 f i umodsys_lib_lib3d:umodsys.mod.3d.stdlib.obj
 0001:00008680       ?root_get_other_interface@RGenerator@stdlib@lib3d@modules@UModSys@@UEBAPEBUIRoot@core@5@PEBUSUniquePointerInfo@75@@Z 0000000180009680 f i umodsys_lib_lib3d:umodsys.mod.3d.stdlib.obj
 0001:00008680       ?root_get_other_interface@RGenerator@stdlib@lib3d@modules@UModSys@@UEAAPEAUIRoot@core@5@PEBUSUniquePointerInfo@75@@Z 0000000180009680 f i umodsys_lib_lib3d:umodsys.mod.3d.stdlib.obj
 0001:000086b8       ?root_is_interface_supported@RGenerator@stdlib@lib3d@modules@UModSys@@UEBA_NPEBUSUniquePointerInfo@core@5@@Z 00000001800096b8 f i umodsys_lib_lib3d:umodsys.mod.3d.stdlib.obj
 0001:000086f0       ?get_uid@RGenerator@stdlib@lib3d@modules@UModSys@@UEBAPEBUSUniquePointerInfo@core@5@XZ 00000001800096f0 f i umodsys_lib_lib3d:umodsys.mod.3d.stdlib.obj
 0001:000086f8       ?library_get@RRenderer@stdlib@lib3d@modules@UModSys@@UEBAPEAUISharedLibrary@35@XZ 00000001800096f8 f   umodsys_lib_lib3d:umodsys.mod.3d.stdlib.obj
 0001:00008700       ?driver_set@RRenderer@stdlib@lib3d@modules@UModSys@@UEAA_NPEAUIRenderDriver@35@PEAUILibrary@libmedia@5@@Z 0000000180009700 f   umodsys_lib_lib3d:umodsys.mod.3d.stdlib.obj
 0001:00008740       ?hints@RRenderer@stdlib@lib3d@modules@UModSys@@UEBAAEBUIPropNamedAdapter@core@5@XZ 0000000180009740 f   umodsys_lib_lib3d:umodsys.mod.3d.stdlib.obj
 0001:00008740       ?hints@RRenderer@stdlib@lib3d@modules@UModSys@@UEAAAEAUIPropNamedAdapter@core@5@XZ 0000000180009740 f   umodsys_lib_lib3d:umodsys.mod.3d.stdlib.obj
 0001:0000874c       ?render_begin@RRenderer@stdlib@lib3d@modules@UModSys@@UEAA_NXZ 000000018000974c f   umodsys_lib_lib3d:umodsys.mod.3d.stdlib.obj
 0001:00008770       ?render_3d@RRenderer@stdlib@lib3d@modules@UModSys@@UEAA_NPEAUIVisualizer@35@H_N@Z 0000000180009770 f   umodsys_lib_lib3d:umodsys.mod.3d.stdlib.obj
 0001:000087ec       ?render_2d@RRenderer@stdlib@lib3d@modules@UModSys@@UEAA_NPEAUIVisualizer@35@@Z 00000001800097ec f   umodsys_lib_lib3d:umodsys.mod.3d.stdlib.obj
 0001:00008844       ?render_extra@RRenderer@stdlib@lib3d@modules@UModSys@@UEAA_NAEBUSRenderState@35@H@Z 0000000180009844 f   umodsys_lib_lib3d:umodsys.mod.3d.stdlib.obj
 0001:00008934       ?render_reset@RRenderer@stdlib@lib3d@modules@UModSys@@UEAA_NAEBUSRenderState@35@@Z 0000000180009934 f   umodsys_lib_lib3d:umodsys.mod.3d.stdlib.obj
 0001:00008958       ?render_end@RRenderer@stdlib@lib3d@modules@UModSys@@UEAA_NXZ 0000000180009958 f   umodsys_lib_lib3d:umodsys.mod.3d.stdlib.obj
 0001:0000897c       ??_ERRenderer@stdlib@lib3d@modules@UModSys@@UEAAPEAXI@Z 000000018000997c f i  CIL library: CIL module
 0001:0000897c       ??_GRRenderer@stdlib@lib3d@modules@UModSys@@UEAAPEAXI@Z 000000018000997c f i umodsys_lib_lib3d:umodsys.mod.3d.stdlib.obj
 0001:000089fc       ?renderer_get@RVisualizerScene@stdlib@lib3d@modules@UModSys@@UEBAPEAUIRenderer@35@XZ 00000001800099fc f   umodsys_lib_lib3d:umodsys.mod.3d.stdlib.obj
 0001:000089fc       ?get_root@RDialog@frames@ui@modules@UModSys@@UEAAPEAUIFrame@libui@5@XZ 00000001800099fc f   umodsys_lib_libui:umodsys.mod.ui.frames.obj
 0001:00008a04       ?renderer_set@RVisualizerScene@stdlib@lib3d@modules@UModSys@@UEAA_NPEAUIRenderer@35@@Z 0000000180009a04 f   umodsys_lib_lib3d:umodsys.mod.3d.stdlib.obj
 0001:00008a94       ?render_3d@RVisualizerScene@stdlib@lib3d@modules@UModSys@@UEAA_NH_NPEAUIRenderDriver@35@@Z 0000000180009a94 f   umodsys_lib_lib3d:umodsys.mod.3d.stdlib.obj
 0001:00008c6c       ?scene_get@RVisualizerScene@stdlib@lib3d@modules@UModSys@@UEBA?AUScene@IVisualizerScene@35@_K@Z 0000000180009c6c f   umodsys_lib_lib3d:umodsys.mod.3d.stdlib.obj
 0001:00008cf0       ?scene_index@RVisualizerScene@stdlib@lib3d@modules@UModSys@@UEBA_KAEBUScene@IVisualizerScene@35@@Z 0000000180009cf0 f   umodsys_lib_lib3d:umodsys.mod.3d.stdlib.obj
 0001:00008d34       ?scene_add@RVisualizerScene@stdlib@lib3d@modules@UModSys@@UEAA_NAEBUScene@IVisualizerScene@35@@Z 0000000180009d34 f   umodsys_lib_lib3d:umodsys.mod.3d.stdlib.obj
 0001:00008e50       ?scene_remove@RVisualizerScene@stdlib@lib3d@modules@UModSys@@UEAA_NAEBUScene@IVisualizerScene@35@@Z 0000000180009e50 f   umodsys_lib_lib3d:umodsys.mod.3d.stdlib.obj
 0001:00008e94       ??0RVisualizerScene@stdlib@lib3d@modules@UModSys@@QEAA@PEAUIModObject@base@4@AEBUSParameters@core@4@@Z 0000000180009e94 f   umodsys_lib_lib3d:umodsys.mod.3d.stdlib.obj
 0001:00008f4c       ??_ERVisualizerScene@stdlib@lib3d@modules@UModSys@@UEAAPEAXI@Z 0000000180009f4c f i  CIL library: CIL module
 0001:00008f4c       ??_GRVisualizerScene@stdlib@lib3d@modules@UModSys@@UEAAPEAXI@Z 0000000180009f4c f i umodsys_lib_lib3d:umodsys.mod.3d.stdlib.obj
 0001:0000908c       ??_ERVisualSceneMapper_Direct@stdlib@lib3d@modules@UModSys@@UEAAPEAXI@Z 000000018000a08c f i  CIL library: CIL module
 0001:0000908c       ??_GRVisualSceneMapper_Direct@stdlib@lib3d@modules@UModSys@@UEAAPEAXI@Z 000000018000a08c f i umodsys_lib_lib3d:umodsys.mod.3d.stdlib.obj
 0001:00009148       ?visual_new@RGeneral@object_camera@stdlib@lib3d@modules@UModSys@@UEAA?AU?$TRefObject@UIVisualObject@lib3d@UModSys@@U?$TRefObjectFunc@UIVisualObject@lib3d@UModSys@@@tl@3@@tl@6@PEAUIRenderer@46@PEAUIRenderObject@46@@Z 000000018000a148 f   umodsys_lib_lib3d:umodsys.mod.3d.stdlib.obj
 0001:000091ec       ??0RGeneral@object_camera@stdlib@lib3d@modules@UModSys@@QEAA@PEAUIModObject@base@5@AEBUSParameters@core@5@@Z 000000018000a1ec f   umodsys_lib_lib3d:umodsys.mod.3d.stdlib.obj
 0001:000093fc       ?render_get@RVisual@object_primitive@stdlib@lib3d@modules@UModSys@@UEBA?AU?$TRefObject@UIRenderObject@lib3d@UModSys@@U?$TRefObjectFunc@UIRenderObject@lib3d@UModSys@@@tl@3@@tl@6@XZ 000000018000a3fc f   umodsys_lib_lib3d:umodsys.mod.3d.stdlib.obj
 0001:000093fc       ?object_get@RVisual@object_camera@stdlib@lib3d@modules@UModSys@@UEBA?AU?$TRefObject@UIGeneralObject@lib3d@UModSys@@U?$TRefObjectFunc@UIGeneralObject@lib3d@UModSys@@@tl@3@@tl@6@XZ 000000018000a3fc f   umodsys_lib_lib3d:umodsys.mod.3d.stdlib.obj
 0001:00009434       ?render_state@RVisual@object_camera@stdlib@lib3d@modules@UModSys@@UEAA_NAEBUSRenderState@46@@Z 000000018000a434 f   umodsys_lib_lib3d:umodsys.mod.3d.stdlib.obj
 0001:0000946c       ?camera_get_fov@RVisual@object_camera@stdlib@lib3d@modules@UModSys@@UEBA?AU?$TVector2@M@math3d@6@XZ 000000018000a46c f   umodsys_lib_lib3d:umodsys.mod.3d.stdlib.obj
 0001:0000947c       ?camera_get_xyz@RVisual@object_camera@stdlib@lib3d@modules@UModSys@@UEBA_NPEAU?$TVector3@N@math3d@6@00@Z 000000018000a47c f   umodsys_lib_lib3d:umodsys.mod.3d.stdlib.obj
 0001:000094f0       ?camera_get_planes@RVisual@object_camera@stdlib@lib3d@modules@UModSys@@UEBAHPEAU?$TPlane3@N@math3d@6@@Z 000000018000a4f0 f   umodsys_lib_lib3d:umodsys.mod.3d.stdlib.obj
 0001:000097ec       ?camera_cast_ray@RVisual@object_camera@stdlib@lib3d@modules@UModSys@@UEBA_NAEBU?$TVector2@M@math3d@6@AEAU?$TVector3@N@86@1@Z 000000018000a7ec f   umodsys_lib_lib3d:umodsys.mod.3d.stdlib.obj
 0001:00009960       ?camera_setup@RVisual@object_camera@stdlib@lib3d@modules@UModSys@@UEAA_NPEAUIRenderDriver@46@@Z 000000018000a960 f   umodsys_lib_lib3d:umodsys.mod.3d.stdlib.obj
 0001:000099b0       ??0RVisual@object_camera@stdlib@lib3d@modules@UModSys@@QEAA@PEAURGeneral@12345@PEAUIRenderer@35@@Z 000000018000a9b0 f   umodsys_lib_lib3d:umodsys.mod.3d.stdlib.obj
 0001:00009a94       ??_GRVisual@object_camera@stdlib@lib3d@modules@UModSys@@UEAAPEAXI@Z 000000018000aa94 f i umodsys_lib_lib3d:umodsys.mod.3d.stdlib.obj
 0001:00009a94       ??_ERVisual@object_camera@stdlib@lib3d@modules@UModSys@@UEAAPEAXI@Z 000000018000aa94 f i  CIL library: CIL module
 0001:00009af8       ?visual_new@RGeneral@object_primitive@stdlib@lib3d@modules@UModSys@@UEAA?AU?$TRefObject@UIVisualObject@lib3d@UModSys@@U?$TRefObjectFunc@UIVisualObject@lib3d@UModSys@@@tl@3@@tl@6@PEAUIRenderer@46@PEAUIRenderObject@46@@Z 000000018000aaf8 f   umodsys_lib_lib3d:umodsys.mod.3d.stdlib.obj
 0001:00009bb4       ?render_new@RGeneral@object_primitive@stdlib@lib3d@modules@UModSys@@UEAA?AU?$TRefObject@UIRenderObject@lib3d@UModSys@@U?$TRefObjectFunc@UIRenderObject@lib3d@UModSys@@@tl@3@@tl@6@PEAUIRenderer@46@@Z 000000018000abb4 f   umodsys_lib_lib3d:umodsys.mod.3d.stdlib.obj
 0001:00009c54       ?get_root@RGeneral@object_primitive@stdlib@lib3d@modules@UModSys@@UEAAPEAUIGeneralObject@46@XZ 000000018000ac54 f   umodsys_lib_lib3d:umodsys.mod.3d.stdlib.obj
 0001:00009c54       ?get_root@RGeneral@object_camera@stdlib@lib3d@modules@UModSys@@UEAAPEAUIGeneralObject@46@XZ 000000018000ac54 f   umodsys_lib_lib3d:umodsys.mod.3d.stdlib.obj
 0001:00009c58       ??0RGeneral@object_primitive@stdlib@lib3d@modules@UModSys@@QEAA@PEAUIModObject@base@5@AEBUSParameters@core@5@@Z 000000018000ac58 f   umodsys_lib_lib3d:umodsys.mod.3d.stdlib.obj
 0001:00009e18       ?render_update@RRender@object_primitive@stdlib@lib3d@modules@UModSys@@UEAA_NXZ 000000018000ae18 f   umodsys_lib_lib3d:umodsys.mod.3d.stdlib.obj
 0001:00009e74       ?object_get@RRender@object_primitive@stdlib@lib3d@modules@UModSys@@UEBA?AU?$TRefObject@UIGeneralObject@lib3d@UModSys@@U?$TRefObjectFunc@UIGeneralObject@lib3d@UModSys@@@tl@3@@tl@6@XZ 000000018000ae74 f   umodsys_lib_lib3d:umodsys.mod.3d.stdlib.obj
 0001:00009eac       ?visual_new@RRender@object_primitive@stdlib@lib3d@modules@UModSys@@UEAA?AU?$TRefObject@UIVisualObject@lib3d@UModSys@@U?$TRefObjectFunc@UIVisualObject@lib3d@UModSys@@@tl@3@@tl@6@XZ 000000018000aeac f   umodsys_lib_lib3d:umodsys.mod.3d.stdlib.obj
 0001:00009f40       ?build_cube@RRender@object_primitive@stdlib@lib3d@modules@UModSys@@QEAA_NXZ 000000018000af40 f   umodsys_lib_lib3d:umodsys.mod.3d.stdlib.obj
 0001:0000a0b4       ??0RRender@object_primitive@stdlib@lib3d@modules@UModSys@@QEAA@PEAURGeneral@12345@PEAUIRenderer@35@@Z 000000018000b0b4 f   umodsys_lib_lib3d:umodsys.mod.3d.stdlib.obj
 0001:0000a160       ??_GRRender@object_primitive@stdlib@lib3d@modules@UModSys@@UEAAPEAXI@Z 000000018000b160 f i umodsys_lib_lib3d:umodsys.mod.3d.stdlib.obj
 0001:0000a160       ??_ERRender@object_primitive@stdlib@lib3d@modules@UModSys@@UEAAPEAXI@Z 000000018000b160 f i  CIL library: CIL module
 0001:0000a1ec       ??1IRenderObject_Brush@lib3d@UModSys@@UEAA@XZ 000000018000b1ec f i umodsys_lib_lib3d:umodsys.mod.3d.stdlib.obj
 0001:0000a228       ?object_get@RVisual@object_primitive@stdlib@lib3d@modules@UModSys@@UEBA?AU?$TRefObject@UIGeneralObject@lib3d@UModSys@@U?$TRefObjectFunc@UIGeneralObject@lib3d@UModSys@@@tl@3@@tl@6@XZ 000000018000b228 f   umodsys_lib_lib3d:umodsys.mod.3d.stdlib.obj
 0001:0000a24c       ?render_state@RVisual@object_primitive@stdlib@lib3d@modules@UModSys@@UEAA_NAEBUSRenderState@46@@Z 000000018000b24c f   umodsys_lib_lib3d:umodsys.mod.3d.stdlib.obj
 0001:0000a324       ??0RVisual@object_primitive@stdlib@lib3d@modules@UModSys@@QEAA@PEAURRender@12345@@Z 000000018000b324 f   umodsys_lib_lib3d:umodsys.mod.3d.stdlib.obj
 0001:0000a394       ??_ERVisual@object_primitive@stdlib@lib3d@modules@UModSys@@UEAAPEAXI@Z 000000018000b394 f i  CIL library: CIL module
 0001:0000a394       ??_GRVisual@object_primitive@stdlib@lib3d@modules@UModSys@@UEAAPEAXI@Z 000000018000b394 f i umodsys_lib_lib3d:umodsys.mod.3d.stdlib.obj
 0001:0000a3f8       ?do_open@RModuleReg@stdlib@lib3d@modules@UModSys@@UEAA_NXZ 000000018000b3f8 f i umodsys_lib_lib3d:umodsys.mod.3d.stdlib.obj
 0001:0000a46c       ?do_close@RModuleReg@stdlib@lib3d@modules@UModSys@@UEAA_NXZ 000000018000b46c f i umodsys_lib_lib3d:umodsys.mod.3d.stdlib.obj
 0001:0000a4bc       ?get_module@RGenerator@stdlib@lib3d@modules@UModSys@@UEBAPEAUIModule@base@5@XZ 000000018000b4bc f   umodsys_lib_lib3d:umodsys.mod.3d.stdlib.obj
 0001:0000a4c4       ?mod_inc@RGenerator@stdlib@lib3d@modules@UModSys@@UEBA_NXZ 000000018000b4c4 f   umodsys_lib_lib3d:umodsys.mod.3d.stdlib.obj
 0001:0000a4d8       ?mod_dec@RGenerator@stdlib@lib3d@modules@UModSys@@UEBA_NXZ 000000018000b4d8 f   umodsys_lib_lib3d:umodsys.mod.3d.stdlib.obj
 0001:0000a4ec       ?s_holder@RGenerator@stdlib@lib3d@modules@UModSys@@SAAEAU?$TTypeStaticHolder@URGenerator@stdlib@lib3d@modules@UModSys@@@tl@5@XZ 000000018000b4ec f   umodsys_lib_lib3d:umodsys.mod.3d.stdlib.obj
 0001:0000a530       ?from_3pr@?$TPlane3@N@math3d@UModSys@@QEAAXAEBU?$TVector3@N@23@00@Z 000000018000b530 f i umodsys_lib_lib3d:umodsys.mod.3d.stdlib.obj
 0001:0000a620       ??1?$TDynarrayDynamic@UScene@IVisualizerScene@lib3d@UModSys@@U?$TAllocator@USIMemAlloc@core@UModSys@@USCountCalcPower2@23@@tl@4@@tl@UModSys@@QEAA@XZ 000000018000b620 f i umodsys_lib_lib3d:umodsys.mod.3d.stdlib.obj
 0001:0000a684       ??1?$TRStackSocket@PEAUIVisualObject@lib3d@UModSys@@U?$TDynarrayDynamic@PEAUIVisualObject@lib3d@UModSys@@U?$TAllocator@USIMemAlloc@core@UModSys@@USCountCalcPower2@23@@tl@3@@tl@3@@tl@UModSys@@QEAA@XZ 000000018000b684 f i umodsys_lib_lib3d:umodsys.mod.3d.stdlib.obj
 0001:0000a690       ?isempty@?$TRStackSocket@PEAUIVisualObject@lib3d@UModSys@@U?$TDynarrayDynamic@PEAUIVisualObject@lib3d@UModSys@@U?$TAllocator@USIMemAlloc@core@UModSys@@USCountCalcPower2@23@@tl@3@@tl@3@@tl@UModSys@@UEBA_NXZ 000000018000b690 f i umodsys_lib_lib3d:umodsys.mod.3d.stdlib.obj
 0001:0000a6a0       ?push@?$TRStackSocket@PEAUIVisualObject@lib3d@UModSys@@U?$TDynarrayDynamic@PEAUIVisualObject@lib3d@UModSys@@U?$TAllocator@USIMemAlloc@core@UModSys@@USCountCalcPower2@23@@tl@3@@tl@3@@tl@UModSys@@UEAA_NAEBQEAUIVisualObject@lib3d@3@@Z 000000018000b6a0 f i umodsys_lib_lib3d:umodsys.mod.3d.stdlib.obj
 0001:0000a74c       ?pop@?$TRStackSocket@PEAUIVisualObject@lib3d@UModSys@@U?$TDynarrayDynamic@PEAUIVisualObject@lib3d@UModSys@@U?$TAllocator@USIMemAlloc@core@UModSys@@USCountCalcPower2@23@@tl@3@@tl@3@@tl@UModSys@@UEAA_NAEAPEAUIVisualObject@lib3d@3@@Z 000000018000b74c f i umodsys_lib_lib3d:umodsys.mod.3d.stdlib.obj
 0001:0000a770       ?ResizeRel@?$TDynarray@U?$TDynarrayHolderDynamic@UScene@IVisualizerScene@lib3d@UModSys@@U?$TAllocator@USIMemAlloc@core@UModSys@@USCountCalcPower2@23@@tl@4@@tl@UModSys@@@tl@UModSys@@QEAA_N_J@Z 000000018000b770 f i umodsys_lib_lib3d:umodsys.mod.3d.stdlib.obj
 0001:0000a88c       ?RemoveAt@?$TDynarray@U?$TDynarrayHolderDynamic@UScene@IVisualizerScene@lib3d@UModSys@@U?$TAllocator@USIMemAlloc@core@UModSys@@USCountCalcPower2@23@@tl@4@@tl@UModSys@@@tl@UModSys@@QEAA_N_K0@Z 000000018000b88c f i umodsys_lib_lib3d:umodsys.mod.3d.stdlib.obj
 0001:0000a998       ?ResizeRel@?$TDynarray@U?$TDynarrayHolderDynamic@PEAUIVisualObject@lib3d@UModSys@@U?$TAllocator@USIMemAlloc@core@UModSys@@USCountCalcPower2@23@@tl@3@@tl@UModSys@@@tl@UModSys@@QEAA_N_J@Z 000000018000b998 f i umodsys_lib_lib3d:umodsys.mod.3d.stdlib.obj
 0001:0000aa30       ??$t_gen_param@URVisualSceneMapper_Direct@stdlib@lib3d@modules@UModSys@@URGenerator@2345@@IGenerator@base@UModSys@@IEAA_NPEAURGenerator@stdlib@lib3d@modules@2@AEAU?$TRefObject@UIRefObject@core@UModSys@@U?$TRefObjectFunc@UIRefObject@core@UModSys@@@tl@3@@tl@2@PEBUSUniquePointerInfo@core@2@AEBUSParameters@core@2@@Z 000000018000ba30 f i umodsys_lib_lib3d:umodsys.mod.3d.stdlib.obj
 0001:0000ab50       ??$process_nodes_r@U?$TNodeDeleter0@U?$TScatterArrayNode@U?$TRefObject@UIVisualObject@lib3d@UModSys@@U?$TRefObjectFunc@UIVisualObject@lib3d@UModSys@@@tl@3@@tl@UModSys@@PEBUISceneNode@lib3d@3@@tl@UModSys@@@tl@UModSys@@@?$TTreeHoldRB@U?$TScatterArrayNode@U?$TRefObject@UIVisualObject@lib3d@UModSys@@U?$TRefObjectFunc@UIVisualObject@lib3d@UModSys@@@tl@3@@tl@UModSys@@PEBUISceneNode@lib3d@3@@tl@UModSys@@@tl@UModSys@@KAHPEAU?$TScatterArrayNode@U?$TRefObject@UIVisualObject@lib3d@UModSys@@U?$TRefObjectFunc@UIVisualObject@lib3d@UModSys@@@tl@3@@tl@UModSys@@PEBUISceneNode@lib3d@3@@12@AEBU?$TNodeDeleter0@U?$TScatterArrayNode@U?$TRefObject@UIVisualObject@lib3d@UModSys@@U?$TRefObjectFunc@UIVisualObject@lib3d@UModSys@@@tl@3@@tl@UModSys@@PEBUISceneNode@lib3d@3@@tl@UModSys@@@12@@Z 000000018000bb50 f i umodsys_lib_lib3d:umodsys.mod.3d.stdlib.obj
 0001:0000abc8       ?alloc@SMemShared@core@UModSys@@QEAA_N_KPEAUSSourceContext@23@@Z 000000018000bbc8 f i umodsys_lib_lib2d:umodsys.mod.2d.stdlib.obj
 0001:0000ac4c       ?Convert@stdlib@lib2d@modules@UModSys@@YA_NAEBU?$TBoundBox2@H@math3d@4@AEBUSImageInfo@24@AEBUSMem@core@4@01AEBUSCMem@94@@Z 000000018000bc4c f i umodsys_lib_lib2d:umodsys.mod.2d.stdlib.obj
 0001:0000ada0       ?root_get_interface_info@RImage_Memory@stdlib@lib2d@modules@UModSys@@UEBAAEBUSUniquePointerInfo@core@5@XZ 000000018000bda0 f i umodsys_lib_lib2d:umodsys.mod.2d.stdlib.obj
 0001:0000ada8       ?root_get_interface_type@RImage_Memory@stdlib@lib2d@modules@UModSys@@UEBAPEBUSUniquePointerInfo@core@5@XZ 000000018000bda8 f i umodsys_lib_lib2d:umodsys.mod.2d.stdlib.obj
 0001:0000adb0       ?root_get_other_interface@RImage_Memory@stdlib@lib2d@modules@UModSys@@UEBAPEBUIRoot@core@5@PEBUSUniquePointerInfo@75@@Z 000000018000bdb0 f i umodsys_lib_lib2d:umodsys.mod.2d.stdlib.obj
 0001:0000adb0       ?root_get_other_interface@RImage_Memory@stdlib@lib2d@modules@UModSys@@UEAAPEAUIRoot@core@5@PEBUSUniquePointerInfo@75@@Z 000000018000bdb0 f i umodsys_lib_lib2d:umodsys.mod.2d.stdlib.obj
 0001:0000ade0       ?root_is_interface_supported@RImage_Memory@stdlib@lib2d@modules@UModSys@@UEBA_NPEBUSUniquePointerInfo@core@5@@Z 000000018000bde0 f i umodsys_lib_lib2d:umodsys.mod.2d.stdlib.obj
 0001:0000ae10       ?suicide@RSerializeReader@serialize_json@media@modules@UModSys@@UEAAXXZ 000000018000be10 f i umodsys_lib_libmedia:umodsys.mod.media.serialize_json.obj
 0001:0000ae10       ?suicide@RTerminal@SDL_GL@ui@modules@UModSys@@UEAAXXZ 000000018000be10 f i umodsys_lib_libui:umodsys.mod.ui.SDL_GL.obj
 0001:0000ae10       ?suicide@RTerminal@SDL_core@ui@modules@UModSys@@UEAAXXZ 000000018000be10 f i umodsys_lib_libui:umodsys.mod.ui.SDL_core.obj
 0001:0000ae10       ?suicide@RImageFactory_Memory@stdlib@lib2d@modules@UModSys@@UEAAXXZ 000000018000be10 f i umodsys_lib_lib2d:umodsys.mod.2d.stdlib.obj
 0001:0000ae10       ?suicide@RBinArchiveFrameClient_ZIP@zlib@media@modules@UModSys@@UEAAXXZ 000000018000be10 f i umodsys_lib_libmedia:umodsys.mod.media.zlib.obj
 0001:0000ae10       ?suicide@RVisualizerScene@stdlib@lib3d@modules@UModSys@@UEAAXXZ 000000018000be10 f i umodsys_lib_lib3d:umodsys.mod.3d.stdlib.obj
 0001:0000ae10       ?suicide@RImage_Memory@stdlib@lib2d@modules@UModSys@@UEAAXXZ 000000018000be10 f i umodsys_lib_lib2d:umodsys.mod.2d.stdlib.obj
 0001:0000ae10       ?suicide@RGeneral@object_camera@stdlib@lib3d@modules@UModSys@@UEAAXXZ 000000018000be10 f i umodsys_lib_lib3d:umodsys.mod.3d.stdlib.obj
 0001:0000ae10       ?suicide@RGeneral@object_primitive@stdlib@lib3d@modules@UModSys@@UEAAXXZ 000000018000be10 f i umodsys_lib_lib3d:umodsys.mod.3d.stdlib.obj
 0001:0000ae10       ?suicide@RMultiImage@stdlib@lib2d@modules@UModSys@@UEAAXXZ 000000018000be10 f i umodsys_lib_lib2d:umodsys.mod.2d.stdlib.obj
 0001:0000ae5c       ?root_get_interface_info@RImageFactory_Memory@stdlib@lib2d@modules@UModSys@@UEBAAEBUSUniquePointerInfo@core@5@XZ 000000018000be5c f i umodsys_lib_lib2d:umodsys.mod.2d.stdlib.obj
 0001:0000ae64       ?root_get_interface_type@RImageFactory_Memory@stdlib@lib2d@modules@UModSys@@UEBAPEBUSUniquePointerInfo@core@5@XZ 000000018000be64 f i umodsys_lib_lib2d:umodsys.mod.2d.stdlib.obj
 0001:0000ae6c       ?root_get_other_interface@RImageFactory_Memory@stdlib@lib2d@modules@UModSys@@UEAAPEAUIRoot@core@5@PEBUSUniquePointerInfo@75@@Z 000000018000be6c f i umodsys_lib_lib2d:umodsys.mod.2d.stdlib.obj
 0001:0000ae6c       ?root_get_other_interface@RImageFactory_Memory@stdlib@lib2d@modules@UModSys@@UEBAPEBUIRoot@core@5@PEBUSUniquePointerInfo@75@@Z 000000018000be6c f i umodsys_lib_lib2d:umodsys.mod.2d.stdlib.obj
 0001:0000ae9c       ?root_is_interface_supported@RImageFactory_Memory@stdlib@lib2d@modules@UModSys@@UEBA_NPEBUSUniquePointerInfo@core@5@@Z 000000018000be9c f i umodsys_lib_lib2d:umodsys.mod.2d.stdlib.obj
 0001:0000aecc       ?ref_weak@RSerializeReader@serialize_json@media@modules@UModSys@@UEBA_NAEAUWeakPointer@IRefObject@core@5@@Z 000000018000becc f i umodsys_lib_libmedia:umodsys.mod.media.serialize_json.obj
 0001:0000aecc       ?ref_weak@RGenerator@SDL_GL@ui@modules@UModSys@@UEBA_NAEAUWeakPointer@IRefObject@core@5@@Z 000000018000becc f i umodsys_lib_libui:umodsys.mod.ui.SDL_GL.obj
 0001:0000aecc       ?ref_weak@RGenerator@stdlib@lib2d@modules@UModSys@@UEBA_NAEAUWeakPointer@IRefObject@core@5@@Z 000000018000becc f i umodsys_lib_lib2d:umodsys.mod.2d.stdlib.obj
 0001:0000aecc       ?ref_weak@RGenerator@zlib@media@modules@UModSys@@UEBA_NAEAUWeakPointer@IRefObject@core@5@@Z 000000018000becc f i umodsys_lib_libmedia:umodsys.mod.media.zlib.obj
 0001:0000aecc       ?ref_weak@RImageFactory_Memory@stdlib@lib2d@modules@UModSys@@UEBA_NAEAUWeakPointer@IRefObject@core@5@@Z 000000018000becc f i umodsys_lib_lib2d:umodsys.mod.2d.stdlib.obj
 0001:0000aecc       ?ref_weak@RBinArchiveFrameClient_ZIP@zlib@media@modules@UModSys@@UEBA_NAEAUWeakPointer@IRefObject@core@5@@Z 000000018000becc f i umodsys_lib_libmedia:umodsys.mod.media.zlib.obj
 0001:0000aecc       ?ref_weak@RTextureGL@SDL_GL@ui@modules@UModSys@@UEBA_NAEAUWeakPointer@IRefObject@core@5@@Z 000000018000becc f i umodsys_lib_libui:umodsys.mod.ui.SDL_GL.obj
 0001:0000aecc       ?ref_weak@RGenerator@frames@ui@modules@UModSys@@UEBA_NAEAUWeakPointer@IRefObject@core@5@@Z 000000018000becc f i umodsys_lib_libui:umodsys.mod.ui.frames.obj
 0001:0000aecc       ?ref_weak@RGenerator@stdlib@lib3d@modules@UModSys@@UEBA_NAEAUWeakPointer@IRefObject@core@5@@Z 000000018000becc f i umodsys_lib_lib3d:umodsys.mod.3d.stdlib.obj
 0001:0000aecc       ?ref_weak@RVisualizerScene@stdlib@lib3d@modules@UModSys@@UEBA_NAEAUWeakPointer@IRefObject@core@5@@Z 000000018000becc f i umodsys_lib_lib3d:umodsys.mod.3d.stdlib.obj
 0001:0000aecc       ?ref_weak@RTerminal@SDL_core@ui@modules@UModSys@@UEBA_NAEAUWeakPointer@IRefObject@core@5@@Z 000000018000becc f i umodsys_lib_libui:umodsys.mod.ui.SDL_core.obj
 0001:0000aecc       ?ref_weak@RVertexArray@SDL_GL@ui@modules@UModSys@@UEBA_NAEAUWeakPointer@IRefObject@core@5@@Z 000000018000becc f i umodsys_lib_libui:umodsys.mod.ui.SDL_GL.obj
 0001:0000aecc       ?ref_weak@RGenerator@test1@test@modules@UModSys@@UEBA_NAEAUWeakPointer@IRefObject@core@5@@Z 000000018000becc f i plugin_test1.obj
 0001:0000aecc       ?ref_weak@RTerminal@SDL_GL@ui@modules@UModSys@@UEBA_NAEAUWeakPointer@IRefObject@core@5@@Z 000000018000becc f i umodsys_lib_libui:umodsys.mod.ui.SDL_GL.obj
 0001:0000aecc       ?ref_weak@RGenerator@serialize_json@media@modules@UModSys@@UEBA_NAEAUWeakPointer@IRefObject@core@5@@Z 000000018000becc f i umodsys_lib_libmedia:umodsys.mod.media.serialize_json.obj
 0001:0000aecc       ?ref_weak@RMultiImage2D_SDL_ttf@SDL_core@ui@modules@UModSys@@UEBA_NAEAUWeakPointer@IRefObject@core@5@@Z 000000018000becc f i umodsys_lib_libui:umodsys.mod.ui.SDL_core.obj
 0001:0000aecc       ?ref_weak@RMultiImage2D_SDL_ttf@SDL_GL@ui@modules@UModSys@@UEBA_NAEAUWeakPointer@IRefObject@core@5@@Z 000000018000becc f i umodsys_lib_libui:umodsys.mod.ui.SDL_GL.obj
 0001:0000aecc       ?ref_weak@RGenerator@SDL_core@ui@modules@UModSys@@UEBA_NAEAUWeakPointer@IRefObject@core@5@@Z 000000018000becc f i umodsys_lib_libui:umodsys.mod.ui.SDL_core.obj
 0001:0000aecc       ?ref_weak@RDialog@frames@ui@modules@UModSys@@UEBA_NAEAUWeakPointer@IRefObject@core@5@@Z 000000018000becc f i umodsys_lib_libui:umodsys.mod.ui.frames.obj
 0001:0000aecc       ?ref_weak@RGenerator@images_std@media@modules@UModSys@@UEBA_NAEAUWeakPointer@IRefObject@core@5@@Z 000000018000becc f i umodsys_lib_libmedia:umodsys.mod.media.images_std.obj
 0001:0000aecc       ?ref_weak@RMultiImage@stdlib@lib2d@modules@UModSys@@UEBA_NAEAUWeakPointer@IRefObject@core@5@@Z 000000018000becc f i umodsys_lib_lib2d:umodsys.mod.2d.stdlib.obj
 0001:0000aecc       ?ref_weak@RImage_Memory@stdlib@lib2d@modules@UModSys@@UEBA_NAEAUWeakPointer@IRefObject@core@5@@Z 000000018000becc f i umodsys_lib_lib2d:umodsys.mod.2d.stdlib.obj
 0001:0000aecc       ?ref_weak@RGeneral@object_camera@stdlib@lib3d@modules@UModSys@@UEBA_NAEAUWeakPointer@IRefObject@core@6@@Z 000000018000becc f i umodsys_lib_lib3d:umodsys.mod.3d.stdlib.obj
 0001:0000aecc       ?ref_weak@RGeneral@object_primitive@stdlib@lib3d@modules@UModSys@@UEBA_NAEAUWeakPointer@IRefObject@core@6@@Z 000000018000becc f i umodsys_lib_lib3d:umodsys.mod.3d.stdlib.obj
 0001:0000aeec       ?root_get_interface_info@RMultiImage@stdlib@lib2d@modules@UModSys@@UEBAAEBUSUniquePointerInfo@core@5@XZ 000000018000beec f i umodsys_lib_lib2d:umodsys.mod.2d.stdlib.obj
 0001:0000aef4       ?root_get_interface_type@RMultiImage@stdlib@lib2d@modules@UModSys@@UEBAPEBUSUniquePointerInfo@core@5@XZ 000000018000bef4 f i umodsys_lib_lib2d:umodsys.mod.2d.stdlib.obj
 0001:0000aefc       ?root_get_other_interface@RMultiImage@stdlib@lib2d@modules@UModSys@@UEAAPEAUIRoot@core@5@PEBUSUniquePointerInfo@75@@Z 000000018000befc f i umodsys_lib_lib2d:umodsys.mod.2d.stdlib.obj
 0001:0000aefc       ?root_get_other_interface@RMultiImage@stdlib@lib2d@modules@UModSys@@UEBAPEBUIRoot@core@5@PEBUSUniquePointerInfo@75@@Z 000000018000befc f i umodsys_lib_lib2d:umodsys.mod.2d.stdlib.obj
 0001:0000af2c       ?root_is_interface_supported@RMultiImage@stdlib@lib2d@modules@UModSys@@UEBA_NPEBUSUniquePointerInfo@core@5@@Z 000000018000bf2c f i umodsys_lib_lib2d:umodsys.mod.2d.stdlib.obj
 0001:0000af5c       ?get_generated_names@RGenerator@stdlib@lib2d@modules@UModSys@@UEBAHAEAUSUniquePtrList@core@5@@Z 000000018000bf5c f i umodsys_lib_lib2d:umodsys.mod.2d.stdlib.obj
[...]
 0001:000413a0       ??__F?s_id@?$TObjectUniqueID@UILibraryLayered@libmedia@UModSys@@@tl@UModSys@@2USUniquePointer@core@3@A@@YAXXZ 00000001800423a0 f    CIL library: CIL module
 0001:000413ac       ??__F?s_id@?$TObjectUniqueID@UILibraryObjCache@libmedia@UModSys@@@tl@UModSys@@2USUniquePointer@core@3@A@@YAXXZ 00000001800423ac f    CIL library: CIL module
 0001:000413b8       ??__F?s_id@?$TObjectUniqueID@UILibraryObjFilter@libmedia@UModSys@@@tl@UModSys@@2USUniquePointer@core@3@A@@YAXXZ 00000001800423b8 f    CIL library: CIL module
 0001:000413c4       ??__F?s_id@?$TObjectUniqueID@UILibraryBinCache@libmedia@UModSys@@@tl@UModSys@@2USUniquePointer@core@3@A@@YAXXZ 00000001800423c4 f    CIL library: CIL module
 0001:000413d0       ??__F?s_id@?$TObjectUniqueID@UILibraryBinTree@libmedia@UModSys@@@tl@UModSys@@2USUniquePointer@core@3@A@@YAXXZ 00000001800423d0 f    CIL library: CIL module
 0001:000413dc       ??__F?s_id@?$TObjectUniqueID@UILibrary@libmedia@UModSys@@@tl@UModSys@@2USUniquePointer@core@3@A@@YAXXZ 00000001800423dc f    CIL library: CIL module
 0001:000413e8       ??__F?s_id@?$TObjectUniqueID@UIBinObjFilter@libmedia@UModSys@@@tl@UModSys@@2USUniquePointer@core@3@A@@YAXXZ 00000001800423e8 f    CIL library: CIL module
 0001:000413f4       ??__F?s_id@?$TObjectUniqueID@UIBinArchive@libmedia@UModSys@@@tl@UModSys@@2USUniquePointer@core@3@A@@YAXXZ 00000001800423f4 f    CIL library: CIL module
 0001:00041400       ??__F?s_id@?$TObjectUniqueID@UILibObject@libmedia@UModSys@@@tl@UModSys@@2USUniquePointer@core@3@A@@YAXXZ 0000000180042400 f    CIL library: CIL module
 0001:0004140c       ??__F?s_id@?$TObjectUniqueID@UIUtilities@libmedia@UModSys@@@tl@UModSys@@2USUniquePointer@core@3@A@@YAXXZ 000000018004240c f    CIL library: CIL module
 0001:00041418       ??__F?s_id@?$TObjectUniqueID@UIStreamWriter@libmedia@UModSys@@@tl@UModSys@@2USUniquePointer@core@3@A@@YAXXZ 0000000180042418 f    CIL library: CIL module
 0001:00041424       ??__F?s_id@?$TObjectUniqueID@UIStreamReader@libmedia@UModSys@@@tl@UModSys@@2USUniquePointer@core@3@A@@YAXXZ 0000000180042424 f    CIL library: CIL module
 0001:00041430       ??__F?s_id@?$TObjectUniqueID@UISystem@base@UModSys@@@tl@UModSys@@2USUniquePointer@core@3@A@@YAXXZ 0000000180042430 f    CIL library: CIL module
 0001:0004143c       ??__F?s_id@?$TObjectUniqueID@UIShell@base@UModSys@@@tl@UModSys@@2USUniquePointer@core@3@A@@YAXXZ 000000018004243c f    CIL library: CIL module
 0001:00041448       ??__F?s_id@?$TObjectUniqueID@UIGenerator@base@UModSys@@@tl@UModSys@@2USUniquePointer@core@3@A@@YAXXZ 0000000180042448 f    CIL library: CIL module
 0001:00041454       ??__F?s_id@?$TObjectUniqueID@UIModObject@base@UModSys@@@tl@UModSys@@2USUniquePointer@core@3@A@@YAXXZ 0000000180042454 f    CIL library: CIL module
 0001:00041460       ??__F?s_id@?$TObjectUniqueID@UIModuleLibrary@base@UModSys@@@tl@UModSys@@2USUniquePointer@core@3@A@@YAXXZ 0000000180042460 f    CIL library: CIL module
 0001:0004146c       ??__F?s_id@?$TObjectUniqueID@UIModule@base@UModSys@@@tl@UModSys@@2USUniquePointer@core@3@A@@YAXXZ 000000018004246c f    CIL library: CIL module
 0001:00041478       ??__F?s_id@?$TObjectUniqueID@UIConsole@base@UModSys@@@tl@UModSys@@2USUniquePointer@core@3@A@@YAXXZ 0000000180042478 f    CIL library: CIL module
 0001:00041484       ??__F?s_id@?$TObjectUniqueID@UIParameters@core@UModSys@@@tl@UModSys@@2USUniquePointer@core@3@A@@YAXXZ 0000000180042484 f    CIL library: CIL module
 0001:00041490       ??__F?s_id@?$TObjectUniqueID@UIRefObject@core@UModSys@@@tl@UModSys@@2USUniquePointer@core@3@A@@YAXXZ 0000000180042490 f    CIL library: CIL module
 0001:0004149c       ??__F?s_id@?$TObjectUniqueID@UIRoot@core@UModSys@@@tl@UModSys@@2USUniquePointer@core@3@A@@YAXXZ 000000018004249c f    CIL library: CIL module
 0001:000414a8       ??__F?s_id@?$TDataUniqueID@F@tl@UModSys@@2USUniquePointer@core@3@A@@YAXXZ 00000001800424a8 f    CIL library: CIL module
 0001:000414b4       ??__F?s_id@?$TDataUniqueID@M@tl@UModSys@@2USUniquePointer@core@3@A@@YAXXZ 00000001800424b4 f    CIL library: CIL module
 0001:000414c0       ??__F?s_id@?$TDataUniqueID@H@tl@UModSys@@2USUniquePointer@core@3@A@@YAXXZ 00000001800424c0 f    CIL library: CIL module
 0001:000414cc       ??__F?s_id@?$TConstUniqueID@W4eConsoleLevels@base@UModSys@@$00@tl@UModSys@@2USUniquePointer@core@3@A@@YAXXZ 00000001800424cc f    CIL library: CIL module
 0001:000414d8       ??__Fs_dbg@stdlib@lib3d@modules@UModSys@@YAXXZ 00000001800424d8 f    CIL library: CIL module
 0001:000414fc       ??__F?s_modreg@RModuleReg@stdlib@lib3d@modules@UModSys@@2U12345@A@@YAXXZ 00000001800424fc f    CIL library: CIL module
 0001:0004150c       ??__F?s_modreg_chain@RModuleReg@stdlib@lib3d@modules@UModSys@@2USModuleRegChain@base@5@A@@YAXXZ 000000018004250c f    CIL library: CIL module
 0001:00041518       ??__F?s_uid@RGenerator@stdlib@lib3d@modules@UModSys@@2USUniquePointer@core@5@A@@YAXXZ 0000000180042518 f    CIL library: CIL module
 0001:00041524       ??__Fh@?1??s_holder@RGenerator@stdlib@lib3d@modules@UModSys@@SAAEAU?$TTypeStaticHolder@URGenerator@stdlib@lib3d@modules@UModSys@@@tl@5@XZ@YAXXZ 0000000180042524 f    CIL library: CIL module
 0001:0004154c       ??__F?s_id@?$TObjectUniqueID@URGenerator@stdlib@lib3d@modules@UModSys@@@tl@UModSys@@2USUniquePointer@core@3@A@@YAXXZ 000000018004254c f    CIL library: CIL module
 0001:00041558       ??__F?s_id@?$TObjectUniqueID@URVisual@object_camera@stdlib@lib3d@modules@UModSys@@@tl@UModSys@@2USUniquePointer@core@3@A@@YAXXZ 0000000180042558 f    CIL library: CIL module
 0001:00041564       ??__F?s_id@?$TObjectUniqueID@URGeneral@object_camera@stdlib@lib3d@modules@UModSys@@@tl@UModSys@@2USUniquePointer@core@3@A@@YAXXZ 0000000180042564 f    CIL library: CIL module
 0001:00041570       ??__F?s_id@?$TObjectUniqueID@URVisual@object_primitive@stdlib@lib3d@modules@UModSys@@@tl@UModSys@@2USUniquePointer@core@3@A@@YAXXZ 0000000180042570 f    CIL library: CIL module
 0001:0004157c       ??__F?s_id@?$TObjectUniqueID@URRender@object_primitive@stdlib@lib3d@modules@UModSys@@@tl@UModSys@@2USUniquePointer@core@3@A@@YAXXZ 000000018004257c f    CIL library: CIL module
 0001:00041588       ??__F?s_id@?$TObjectUniqueID@URGeneral@object_primitive@stdlib@lib3d@modules@UModSys@@@tl@UModSys@@2USUniquePointer@core@3@A@@YAXXZ 0000000180042588 f    CIL library: CIL module
 0001:00041594       ??__F?s_id@?$TObjectUniqueID@URVisualSceneMapper_Direct@stdlib@lib3d@modules@UModSys@@@tl@UModSys@@2USUniquePointer@core@3@A@@YAXXZ 0000000180042594 f    CIL library: CIL module
 0001:000415a0       ??__F?s_id@?$TObjectUniqueID@URVisualizerScene@stdlib@lib3d@modules@UModSys@@@tl@UModSys@@2USUniquePointer@core@3@A@@YAXXZ 00000001800425a0 f    CIL library: CIL module
 0001:000415ac       ??__F?s_id@?$TObjectUniqueID@URRenderer@stdlib@lib3d@modules@UModSys@@@tl@UModSys@@2USUniquePointer@core@3@A@@YAXXZ 00000001800425ac f    CIL library: CIL module
 0001:000415b8       ??__Fs_dbg@stdlib@lib2d@modules@UModSys@@YAXXZ 00000001800425b8 f    CIL library: CIL module
 0001:000415dc       ??__F?s_modreg@RModuleReg@stdlib@lib2d@modules@UModSys@@2U12345@A@@YAXXZ 00000001800425dc f    CIL library: CIL module
 0001:000415ec       ??__F?s_modreg_chain@RModuleReg@stdlib@lib2d@modules@UModSys@@2USModuleRegChain@base@5@A@@YAXXZ 00000001800425ec f    CIL library: CIL module
 0001:000415f8       ??__F?s_uid@RGenerator@stdlib@lib2d@modules@UModSys@@2USUniquePointer@core@5@A@@YAXXZ 00000001800425f8 f    CIL library: CIL module
 0001:00041604       ??__Fh@?1??s_holder@RGenerator@stdlib@lib2d@modules@UModSys@@SAAEAU?$TTypeStaticHolder@URGenerator@stdlib@lib2d@modules@UModSys@@@tl@5@XZ@YAXXZ 0000000180042604 f    CIL library: CIL module
 0001:0004162c       ??__F?s_id@?$TObjectUniqueID@URGenerator@stdlib@lib2d@modules@UModSys@@@tl@UModSys@@2USUniquePointer@core@3@A@@YAXXZ 000000018004262c f    CIL library: CIL module
 0001:00041638       ??__F?s_id@?$TObjectUniqueID@URMultiImage@stdlib@lib2d@modules@UModSys@@@tl@UModSys@@2USUniquePointer@core@3@A@@YAXXZ 0000000180042638 f    CIL library: CIL module
 0001:00041644       ??__F?s_id@?$TObjectUniqueID@URImageFactory_Memory@stdlib@lib2d@modules@UModSys@@@tl@UModSys@@2USUniquePointer@core@3@A@@YAXXZ 0000000180042644 f    CIL library: CIL module
 0001:00041650       ??__F?s_id@?$TObjectUniqueID@URImage_Memory@stdlib@lib2d@modules@UModSys@@@tl@UModSys@@2USUniquePointer@core@3@A@@YAXXZ 0000000180042650 f    CIL library: CIL module
 0001:0004165c       ??__Fs_dbg@SDL_GL@ui@modules@UModSys@@YAXXZ 000000018004265c f    CIL library: CIL module
 0001:00041680       ??__F?s_modreg@RModuleReg@SDL_GL@ui@modules@UModSys@@2U12345@A@@YAXXZ 0000000180042680 f    CIL library: CIL module
 0001:00041690       ??__F?s_modreg_chain@RModuleReg@SDL_GL@ui@modules@UModSys@@2USModuleRegChain@base@5@A@@YAXXZ 0000000180042690 f    CIL library: CIL module
 0001:0004169c       ??__F?s_uid@RGenerator@SDL_GL@ui@modules@UModSys@@2USUniquePointer@core@5@A@@YAXXZ 000000018004269c f    CIL library: CIL module
 0001:000416a8       ??__Fh@?1??s_holder@RGenerator@SDL_GL@ui@modules@UModSys@@SAAEAU?$TTypeStaticHolder@URGenerator@SDL_GL@ui@modules@UModSys@@@tl@5@XZ@YAXXZ 00000001800426a8 f    CIL library: CIL module
 0001:000416d0       ??__F?s_id@?$TObjectUniqueID@URGenerator@SDL_GL@ui@modules@UModSys@@@tl@UModSys@@2USUniquePointer@core@3@A@@YAXXZ 00000001800426d0 f    CIL library: CIL module
 0001:000416dc       ??__F?s_id@?$TObjectUniqueID@URTextureGL@SDL_GL@ui@modules@UModSys@@@tl@UModSys@@2USUniquePointer@core@3@A@@YAXXZ 00000001800426dc f    CIL library: CIL module
 0001:000416e8       ??__F?s_id@?$TObjectUniqueID@URVertexArray@SDL_GL@ui@modules@UModSys@@@tl@UModSys@@2USUniquePointer@core@3@A@@YAXXZ 00000001800426e8 f    CIL library: CIL module
 0001:000416f4       ??__F?s_id@?$TObjectUniqueID@URTerminalX@SDL_GL@ui@modules@UModSys@@@tl@UModSys@@2USUniquePointer@core@3@A@@YAXXZ 00000001800426f4 f    CIL library: CIL module
 0001:00041700       ??__F?s_id@?$TObjectUniqueID@URRenderDriver3D@SDL_GL@ui@modules@UModSys@@@tl@UModSys@@2USUniquePointer@core@3@A@@YAXXZ 0000000180042700 f    CIL library: CIL module
 0001:0004170c       ??__F?s_id@?$TObjectUniqueID@URMultiImage2D_SDL_ttf@SDL_GL@ui@modules@UModSys@@@tl@UModSys@@2USUniquePointer@core@3@A@@YAXXZ 000000018004270c f    CIL library: CIL module
 0001:00041718       ??__F?s_id@?$TObjectUniqueID@URTerminal@SDL_GL@ui@modules@UModSys@@@tl@UModSys@@2USUniquePointer@core@3@A@@YAXXZ 0000000180042718 f    CIL library: CIL module
 0001:00041724       ??__F?s_id@?$TObjectUniqueID@URMouseController@SDL_GL@ui@modules@UModSys@@@tl@UModSys@@2USUniquePointer@core@3@A@@YAXXZ 0000000180042724 f    CIL library: CIL module
 0001:00041730       ??__F?s_id@?$TObjectUniqueID@URKeyboardController@SDL_GL@ui@modules@UModSys@@@tl@UModSys@@2USUniquePointer@core@3@A@@YAXXZ 0000000180042730 f    CIL library: CIL module
 0001:0004173c       ??__Fs_dbg@SDL_core@ui@modules@UModSys@@YAXXZ 000000018004273c f    CIL library: CIL module
 0001:00041760       ??__F?s_modreg@RModuleReg@SDL_core@ui@modules@UModSys@@2U12345@A@@YAXXZ 0000000180042760 f    CIL library: CIL module
 0001:00041770       ??__F?s_modreg_chain@RModuleReg@SDL_core@ui@modules@UModSys@@2USModuleRegChain@base@5@A@@YAXXZ 0000000180042770 f    CIL library: CIL module
 0001:0004177c       ??__F?s_uid@RGenerator@SDL_core@ui@modules@UModSys@@2USUniquePointer@core@5@A@@YAXXZ 000000018004277c f    CIL library: CIL module
 0001:00041788       ??__Fh@?1??s_holder@RGenerator@SDL_core@ui@modules@UModSys@@SAAEAU?$TTypeStaticHolder@URGenerator@SDL_core@ui@modules@UModSys@@@tl@5@XZ@YAXXZ 0000000180042788 f    CIL library: CIL module
 0001:000417b0       ??__F?s_id@?$TObjectUniqueID@URGenerator@SDL_core@ui@modules@UModSys@@@tl@UModSys@@2USUniquePointer@core@3@A@@YAXXZ 00000001800427b0 f    CIL library: CIL module
 0001:000417bc       ??__F?s_id@?$TObjectUniqueID@URTerminalX@SDL_core@ui@modules@UModSys@@@tl@UModSys@@2USUniquePointer@core@3@A@@YAXXZ 00000001800427bc f    CIL library: CIL module
 0001:000417c8       ??__F?s_id@?$TObjectUniqueID@URRenderDriver2D@SDL_core@ui@modules@UModSys@@@tl@UModSys@@2USUniquePointer@core@3@A@@YAXXZ 00000001800427c8 f    CIL library: CIL module
 0001:000417d4       ??__F?s_id@?$TObjectUniqueID@URMultiImage2D_SDL_ttf@SDL_core@ui@modules@UModSys@@@tl@UModSys@@2USUniquePointer@core@3@A@@YAXXZ 00000001800427d4 f    CIL library: CIL module
 0001:000417e0       ??__F?s_id@?$TObjectUniqueID@URTerminal@SDL_core@ui@modules@UModSys@@@tl@UModSys@@2USUniquePointer@core@3@A@@YAXXZ 00000001800427e0 f    CIL library: CIL module
 0001:000417ec       ??__F?s_id@?$TObjectUniqueID@URMouseController@SDL_core@ui@modules@UModSys@@@tl@UModSys@@2USUniquePointer@core@3@A@@YAXXZ 00000001800427ec f    CIL library: CIL module
 0001:000417f8       ??__F?s_id@?$TObjectUniqueID@URKeyboardController@SDL_core@ui@modules@UModSys@@@tl@UModSys@@2USUniquePointer@core@3@A@@YAXXZ 00000001800427f8 f    CIL library: CIL module
 0001:00041804       ??__Fs_dbg@frames@ui@modules@UModSys@@YAXXZ 0000000180042804 f    CIL library: CIL module
 0001:00041828       ??__F?s_modreg@RModuleReg@frames@ui@modules@UModSys@@2U12345@A@@YAXXZ 0000000180042828 f    CIL library: CIL module
 0001:00041838       ??__F?s_modreg_chain@RModuleReg@frames@ui@modules@UModSys@@2USModuleRegChain@base@5@A@@YAXXZ 0000000180042838 f    CIL library: CIL module
 0001:00041844       ??__F?s_uid@RGenerator@frames@ui@modules@UModSys@@2USUniquePointer@core@5@A@@YAXXZ 0000000180042844 f    CIL library: CIL module
 0001:00041850       ??__Fh@?1??s_holder@RGenerator@frames@ui@modules@UModSys@@SAAEAU?$TTypeStaticHolder@URGenerator@frames@ui@modules@UModSys@@@tl@5@XZ@YAXXZ 0000000180042850 f    CIL library: CIL module
 0001:00041878       ??__F?s_id@?$TObjectUniqueID@URGenerator@frames@ui@modules@UModSys@@@tl@UModSys@@2USUniquePointer@core@3@A@@YAXXZ 0000000180042878 f    CIL library: CIL module
 0001:00041884       ??__F?s_id@?$TObjectUniqueID@URCollector@frames@ui@modules@UModSys@@@tl@UModSys@@2USUniquePointer@core@3@A@@YAXXZ 0000000180042884 f    CIL library: CIL module
 0001:00041890       ??__F?s_id@?$TObjectUniqueID@URFrame_List@frames@ui@modules@UModSys@@@tl@UModSys@@2USUniquePointer@core@3@A@@YAXXZ 0000000180042890 f    CIL library: CIL module
 0001:0004189c       ??__F?s_id@?$TObjectUniqueID@URFrame_Edit@frames@ui@modules@UModSys@@@tl@UModSys@@2USUniquePointer@core@3@A@@YAXXZ 000000018004289c f    CIL library: CIL module
 0001:000418a8       ??__F?s_id@?$TObjectUniqueID@URFrame_Button@frames@ui@modules@UModSys@@@tl@UModSys@@2USUniquePointer@core@3@A@@YAXXZ 00000001800428a8 f    CIL library: CIL module
 0001:000418b4       ??__F?s_id@?$TObjectUniqueID@URFrame_Text@frames@ui@modules@UModSys@@@tl@UModSys@@2USUniquePointer@core@3@A@@YAXXZ 00000001800428b4 f    CIL library: CIL module
 0001:000418c0       ??__F?s_id@?$TObjectUniqueID@URFrame_Image@frames@ui@modules@UModSys@@@tl@UModSys@@2USUniquePointer@core@3@A@@YAXXZ 00000001800428c0 f    CIL library: CIL module
 0001:000418cc       ??__F?s_id@?$TObjectUniqueID@URFrame_Frame@frames@ui@modules@UModSys@@@tl@UModSys@@2USUniquePointer@core@3@A@@YAXXZ 00000001800428cc f    CIL library: CIL module
 0001:000418d8       ??__F?s_id@?$TObjectUniqueID@URDialog@frames@ui@modules@UModSys@@@tl@UModSys@@2USUniquePointer@core@3@A@@YAXXZ 00000001800428d8 f    CIL library: CIL module
 0001:000418e4       ??__F?s_id@?$TObjectUniqueID@URFrame_Common@frames@ui@modules@UModSys@@@tl@UModSys@@2USUniquePointer@core@3@A@@YAXXZ 00000001800428e4 f    CIL library: CIL module
 0001:000418f0       ??__Fs_dbg@images_std@media@modules@UModSys@@YAXXZ 00000001800428f0 f    CIL library: CIL module
 0001:00041914       ??__F?s_modreg@RModuleReg@images_std@media@modules@UModSys@@2U12345@A@@YAXXZ 0000000180042914 f    CIL library: CIL module
 0001:00041924       ??__F?s_modreg_chain@RModuleReg@images_std@media@modules@UModSys@@2USModuleRegChain@base@5@A@@YAXXZ 0000000180042924 f    CIL library: CIL module
 0001:00041930       ??__F?s_uid@RGenerator@images_std@media@modules@UModSys@@2USUniquePointer@core@5@A@@YAXXZ 0000000180042930 f    CIL library: CIL module
 0001:0004193c       ??__Fh@?1??s_holder@RGenerator@images_std@media@modules@UModSys@@SAAEAU?$TTypeStaticHolder@URGenerator@images_std@media@modules@UModSys@@@tl@5@XZ@YAXXZ 000000018004293c f    CIL library: CIL module
 0001:00041964       ??__F?s_id@?$TObjectUniqueID@URGenerator@images_std@media@modules@UModSys@@@tl@UModSys@@2USUniquePointer@core@3@A@@YAXXZ 0000000180042964 f    CIL library: CIL module
 0001:00041970       ??__F?s_id@?$TObjectUniqueID@URMediaFilter@images_std@media@modules@UModSys@@@tl@UModSys@@2USUniquePointer@core@3@A@@YAXXZ 0000000180042970 f    CIL library: CIL module
 0001:0004197c       ??__Fs_dbg@serialize_json@media@modules@UModSys@@YAXXZ 000000018004297c f    CIL library: CIL module
 0001:000419a0       ??__F?s_modreg@RModuleReg@serialize_json@media@modules@UModSys@@2U12345@A@@YAXXZ 00000001800429a0 f    CIL library: CIL module
 0001:000419b0       ??__F?s_modreg_chain@RModuleReg@serialize_json@media@modules@UModSys@@2USModuleRegChain@base@5@A@@YAXXZ 00000001800429b0 f    CIL library: CIL module
 0001:000419bc       ??__F?s_uid@RGenerator@serialize_json@media@modules@UModSys@@2USUniquePointer@core@5@A@@YAXXZ 00000001800429bc f    CIL library: CIL module
 0001:000419c8       ??__Fh@?1??s_holder@RGenerator@serialize_json@media@modules@UModSys@@SAAEAU?$TTypeStaticHolder@URGenerator@serialize_json@media@modules@UModSys@@@tl@5@XZ@YAXXZ 00000001800429c8 f    CIL library: CIL module
 0001:000419f0       ??__F?s_id@?$TObjectUniqueID@URGenerator@serialize_json@media@modules@UModSys@@@tl@UModSys@@2USUniquePointer@core@3@A@@YAXXZ 00000001800429f0 f    CIL library: CIL module
 0001:000419fc       ??__F?s_id@?$TObjectUniqueID@URSerializeWriter@serialize_json@media@modules@UModSys@@@tl@UModSys@@2USUniquePointer@core@3@A@@YAXXZ 00000001800429fc f    CIL library: CIL module
 0001:00041a08       ??__F?s_id@?$TObjectUniqueID@URSerializeReader@serialize_json@media@modules@UModSys@@@tl@UModSys@@2USUniquePointer@core@3@A@@YAXXZ 0000000180042a08 f    CIL library: CIL module
 0001:00041a14       ??__Fs_dbg@zlib@media@modules@UModSys@@YAXXZ 0000000180042a14 f    CIL library: CIL module
 0001:00041a38       ??__F?s_modreg@RModuleReg@zlib@media@modules@UModSys@@2U12345@A@@YAXXZ 0000000180042a38 f    CIL library: CIL module
 0001:00041a48       ??__F?s_modreg_chain@RModuleReg@zlib@media@modules@UModSys@@2USModuleRegChain@base@5@A@@YAXXZ 0000000180042a48 f    CIL library: CIL module
 0001:00041a54       ??__F?s_uid@RGenerator@zlib@media@modules@UModSys@@2USUniquePointer@core@5@A@@YAXXZ 0000000180042a54 f    CIL library: CIL module
 0001:00041a60       ??__Fh@?1??s_holder@RGenerator@zlib@media@modules@UModSys@@SAAEAU?$TTypeStaticHolder@URGenerator@zlib@media@modules@UModSys@@@tl@5@XZ@YAXXZ 0000000180042a60 f    CIL library: CIL module
 0001:00041a88       ??__F?s_id@?$TObjectUniqueID@URGenerator@zlib@media@modules@UModSys@@@tl@UModSys@@2USUniquePointer@core@3@A@@YAXXZ 0000000180042a88 f    CIL library: CIL module
 0001:00041a94       ??__F?s_id@?$TObjectUniqueID@URBinArchiveFrameClient_ZIP@zlib@media@modules@UModSys@@@tl@UModSys@@2USUniquePointer@core@3@A@@YAXXZ 0000000180042a94 f    CIL library: CIL module
 0001:00041aa0       ??__FM@UModSys@@YAXXZ      0000000180042aa0 f    CIL library: CIL module
 0001:00041aa4       ??__F?root@SModuleRegChain@base@UModSys@@2U123@A@@YAXXZ 0000000180042aa4 f    CIL library: CIL module
 0001:00041ab0       ??__F?s_library@RModuleLibraryReg_Chain@base@UModSys@@2U123@A@@YAXXZ 0000000180042ab0 f    CIL library: CIL module
 0001:00041ac0       ??__F?root@SUniquePointer@core@UModSys@@2U123@A@@YAXXZ 0000000180042ac0 f    CIL library: CIL module

 Exports

  ordinal    name

        1    UModSys_Plugin_Entry2
