 plugin_test1

 Timestamp is 5256d6fb (Thu Oct 10 19:34:03 2013)

 Preferred load address is 0000000180000000

 Start         Length     Name                   Class
 0001:00000000 000014e0H .text                   CODE
 0001:000014e0 0000005eH .text$00                CODE
 0001:00001540 000001dcH .text$x                 CODE
 0001:0000171c 0000043cH .text$yc                CODE
 0001:00001b58 00000198H .text$yd                CODE
 0002:00000000 000000f0H .idata$5                DATA
 0002:000000f0 00000008H .CRT$XCA                DATA
 0002:000000f8 00000218H .CRT$XCU                DATA
 0002:00000310 00000008H .CRT$XCZ                DATA
 0002:00000318 00000008H .CRT$XIA                DATA
 0002:00000320 00000008H .CRT$XIAA               DATA
 0002:00000328 00000008H .CRT$XIZ                DATA
 0002:00000330 00000700H .rdata                  DATA
 0002:00000a30 00000584H .rdata$r                DATA
 0002:00000fb8 00000008H .rtc$IAA                DATA
 0002:00000fc0 00000008H .rtc$IZZ                DATA
 0002:00000fc8 00000008H .rtc$TAA                DATA
 0002:00000fd0 00000008H .rtc$TZZ                DATA
 0002:00000fd8 00000278H .xdata                  DATA
 0002:00001250 00000028H .idata$2                DATA
 0002:00001278 00000014H .idata$3                DATA
 0002:00001290 000000f0H .idata$4                DATA
 0002:00001380 0000021eH .idata$6                DATA
 0002:000015a0 00000059H .edata                  DATA
 0003:00000000 00000350H .data                   DATA
 0003:00000350 000003d8H .bss                    DATA
 0004:00000000 00000348H .pdata                  DATA

  Address         Publics by Value              Rva+Base               Lib:Object

 0000:00000000       ___safe_se_handler_count   0000000000000000     <absolute>
 0000:00000000       ___safe_se_handler_table   0000000000000000     <absolute>
 0000:00000000       __ImageBase                0000000180000000     <linker-defined>
 0001:00000000       ??6SUniquePtrList@core@UModSys@@QEAAAEAU012@PEBUSUniquePointerInfo@12@@Z 0000000180001000 f i plugin_test1.obj
 0001:000000b8       ?get_interface_info@RTest1_Shell@test1@UModSys@@UEBAAEBUSUniquePointerInfo@core@3@XZ 00000001800010b8 f i plugin_test1.obj
 0001:000000c0       ?get_interface_type@RTest1_Shell@test1@UModSys@@UEBAPEBUSUniquePointerInfo@core@3@XZ 00000001800010c0 f i plugin_test1.obj
 0001:000000c8       ?get_interface_types@RTest1_Shell@test1@UModSys@@UEBA_KAEAUSUniquePtrList@core@3@@Z 00000001800010c8 f i plugin_test1.obj
 0001:000000c8       ?get_interface_types@RTest1_Generator@test1@UModSys@@UEBA_KAEAUSUniquePtrList@core@3@@Z 00000001800010c8 f i plugin_test1.obj
 0001:000000d0       ?get_other_interface@RTest1_Shell@test1@UModSys@@UEAAPEAUIRoot@core@3@PEBUSUniquePointerInfo@53@@Z 00000001800010d0 f i plugin_test1.obj
 0001:000000d0       ?get_other_interface@RTest1_Shell@test1@UModSys@@UEBAPEBUIRoot@core@3@PEBUSUniquePointerInfo@53@@Z 00000001800010d0 f i plugin_test1.obj
 0001:00000100       ?ref_add@RTest1_Shell@test1@UModSys@@UEBAXXZ 0000000180001100 f i plugin_test1.obj
 0001:00000100       ?ref_add@RTest1_Generator@test1@UModSys@@UEBAXXZ 0000000180001100 f i plugin_test1.obj
 0001:00000104       ?suicide@RTest1_Shell@test1@UModSys@@UEAAXXZ 0000000180001104 f i plugin_test1.obj
 0001:00000160       ??0RTest1_Shell@test1@UModSys@@QEAA@PEAUIModObject@base@2@@Z 0000000180001160 f i plugin_test1.obj
 0001:000004d4       ?connect@RTest1_Shell@test1@UModSys@@UEAA_NXZ 00000001800014d4 f i plugin_test1.obj
 0001:000004f8       ?disconnect@RTest1_Shell@test1@UModSys@@UEAA_NXZ 00000001800014f8 f i plugin_test1.obj
 0001:0000051c       ?process_tick@RTest1_Shell@test1@UModSys@@UEAA_NAEBUSTimeMsec@core@3@@Z 000000018000151c f i plugin_test1.obj
 0001:00000554       ?process_command@RTest1_Shell@test1@UModSys@@UEAA_NHQEBU?$TString@U?$TSCoreConst@D@su@tl@UModSys@@U?$TComparerBinaryHash@D@234@@tl@3@@Z 0000000180001554 f i plugin_test1.obj
 0001:00000578       ??_ERTest1_Shell@test1@UModSys@@UEAAPEAXI@Z 0000000180001578 f i  CIL library: CIL module
 0001:00000578       ??_GRTest1_Shell@test1@UModSys@@UEAAPEAXI@Z 0000000180001578 f i plugin_test1.obj
 0001:0000060c       ??1IShell@base@UModSys@@UEAA@XZ 000000018000160c f i plugin_test1.obj
 0001:00000618       ??1?$TParametersA@$0EAA@@core@UModSys@@QEAA@XZ 0000000180001618 f i plugin_test1.obj
 0001:00000634       ?get_generated_names@RTest1_Generator@test1@UModSys@@UEBAHAEAUSUniquePtrList@core@3@@Z 0000000180001634 f i plugin_test1.obj
 0001:00000654       ?get_generated_types@RTest1_Generator@test1@UModSys@@UEBAHAEAUSUniquePtrList@core@3@PEBUSUniquePointerInfo@53@@Z 0000000180001654 f i plugin_test1.obj
 0001:000006b0       ?generate@RTest1_Generator@test1@UModSys@@UEAA_NAEAU?$TRefObject@UIRefObject@core@UModSys@@@tl@3@PEBUSUniquePointerInfo@core@3@AEBUSParameters@73@@Z 00000001800016b0 f i plugin_test1.obj
 0001:00000750       ?get_interface_info@RTest1_Generator@test1@UModSys@@UEBAAEBUSUniquePointerInfo@core@3@XZ 0000000180001750 f i plugin_test1.obj
 0001:00000758       ?get_interface_type@RTest1_Generator@test1@UModSys@@UEBAPEBUSUniquePointerInfo@core@3@XZ 0000000180001758 f i plugin_test1.obj
 0001:00000760       ?get_other_interface@RTest1_Generator@test1@UModSys@@UEBAPEBUIRoot@core@3@PEBUSUniquePointerInfo@53@@Z 0000000180001760 f i plugin_test1.obj
 0001:00000760       ?get_other_interface@RTest1_Generator@test1@UModSys@@UEAAPEAUIRoot@core@3@PEBUSUniquePointerInfo@53@@Z 0000000180001760 f i plugin_test1.obj
 0001:00000798       ?ref_remove@RTest1_Generator@test1@UModSys@@UEBAXXZ 0000000180001798 f i plugin_test1.obj
 0001:00000798       ?ref_remove@RTest1_Shell@test1@UModSys@@UEBAXXZ 0000000180001798 f i plugin_test1.obj
 0001:000007b0       ?ref_links@RTest1_Shell@test1@UModSys@@UEBAHXZ 00000001800017b0 f i plugin_test1.obj
 0001:000007b0       ?ref_links@RTest1_Generator@test1@UModSys@@UEBAHXZ 00000001800017b0 f i plugin_test1.obj
 0001:000007b4       ?get_uid@RTest1_Generator@test1@UModSys@@UEBAPEBUSUniquePointerInfo@core@3@XZ 00000001800017b4 f i plugin_test1.obj
 0001:000007bc       ?do_open@RTest1_ModuleReg@test1@UModSys@@UEAA_NXZ 00000001800017bc f i plugin_test1.obj
 0001:00000840       ?do_close@RTest1_ModuleReg@test1@UModSys@@UEAA_NXZ 0000000180001840 f i plugin_test1.obj
 0001:000008b8       ??_ERTest1_ModuleReg@test1@UModSys@@UEAAPEAXI@Z 00000001800018b8 f i  CIL library: CIL module
 0001:000008b8       ??_GRTest1_ModuleReg@test1@UModSys@@UEAAPEAXI@Z 00000001800018b8 f i plugin_test1.obj
 0001:000008b8       ??_GIModuleReg@base@UModSys@@UEAAPEAXI@Z 00000001800018b8 f i umodsys_lib_base:umodsys.base.modulereg.obj
 0001:000008b8       ??_EIModuleReg@base@UModSys@@UEAAPEAXI@Z 00000001800018b8 f i  CIL library: CIL module
 0001:000008e0       ?get_module@RTest1_Generator@test1@UModSys@@UEBAPEAUIModule@base@3@XZ 00000001800018e0 f   plugin_test1.obj
 0001:000008e8       ?mod_inc@RTest1_Generator@test1@UModSys@@UEBA_NXZ 00000001800018e8 f   plugin_test1.obj
 0001:000008f8       ?mod_dec@RTest1_Generator@test1@UModSys@@UEBA_NXZ 00000001800018f8 f   plugin_test1.obj
 0001:00000908       ?s_holder@RTest1_Generator@test1@UModSys@@SAAEAU?$TTypeStaticHolder@URTest1_Generator@test1@UModSys@@@tl@3@XZ 0000000180001908 f   plugin_test1.obj
 0001:0000094c       ??1?$TRefObject@UIModObject@base@UModSys@@@tl@UModSys@@QEAA@XZ 000000018000194c f i plugin_test1.obj
 0001:0000094c       ??1?$TRefObject@UIRefObject@core@UModSys@@@tl@UModSys@@QEAA@XZ 000000018000194c f i plugin_test1.obj
 0001:0000094c       ??1?$TRefObject@UIStreamReader@media@UModSys@@@tl@UModSys@@QEAA@XZ 000000018000194c f i plugin_test1.obj
 0001:00000970       ??_GIRoot@core@UModSys@@UEAAPEAXI@Z 0000000180001970 f i plugin_test1.obj
 0001:00000970       ??_ERTest1_Generator@test1@UModSys@@UEAAPEAXI@Z 0000000180001970 f i  CIL library: CIL module
 0001:00000970       ??_EIRoot@core@UModSys@@UEAAPEAXI@Z 0000000180001970 f i  CIL library: CIL module
 0001:00000970       ??_GRTest1_Generator@test1@UModSys@@UEAAPEAXI@Z 0000000180001970 f i plugin_test1.obj
 0001:00000980       ?Link@SModuleContext@base@UModSys@@QEAAXPEAUISystem@23@PEAUIMemAlloc@core@3@@Z 0000000180001980 f   umodsys_lib_base:umodsys.base.modulecontext.obj
 0001:000009d8       ?mlr_count@RModuleLibraryReg_Chain@base@UModSys@@UEBA_KXZ 00000001800019d8 f   umodsys_lib_base:umodsys.base.moduleregchain.obj
 0001:00000a10       ?mlr_get@RModuleLibraryReg_Chain@base@UModSys@@UEBAPEAUIModuleReg@23@_K@Z 0000000180001a10 f   umodsys_lib_base:umodsys.base.moduleregchain.obj
 0001:00000a3c       ?mlr_open@RModuleLibraryReg_Chain@base@UModSys@@UEAA_NPEAUISystem@23@PEAUIMemAlloc@core@3@@Z 0000000180001a3c f   umodsys_lib_base:umodsys.base.moduleregchain.obj
 0001:00000ac0       ?mlr_close@RModuleLibraryReg_Chain@base@UModSys@@UEAA_NXZ 0000000180001ac0 f   umodsys_lib_base:umodsys.base.moduleregchain.obj
 0001:00000b40       ?mlr_isopen@RModuleLibraryReg_Chain@base@UModSys@@UEBA_NXZ 0000000180001b40 f   umodsys_lib_base:umodsys.base.moduleregchain.obj
 0001:00000b50       ??_GIModuleLibraryReg@base@UModSys@@UEAAPEAXI@Z 0000000180001b50 f i umodsys_lib_base:umodsys.base.modulereg.obj
 0001:00000b50       ??_ERModuleLibraryReg_Chain@base@UModSys@@UEAAPEAXI@Z 0000000180001b50 f i  CIL library: CIL module
 0001:00000b50       ??_GRModuleLibraryReg_Chain@base@UModSys@@UEAAPEAXI@Z 0000000180001b50 f i umodsys_lib_base:umodsys.base.moduleregchain.obj
 0001:00000b50       ??_EIModuleLibraryReg@base@UModSys@@UEAAPEAXI@Z 0000000180001b50 f i  CIL library: CIL module
 0001:00000b78       UModSys_Plugin_Entry2      0000000180001b78 f   umodsys_lib_base:umodsys.so_main.win32.obj
 0001:00000b80       ?mr_isopen@IModuleReg@base@UModSys@@UEBA_NXZ 0000000180001b80 f   umodsys_lib_base:umodsys.base.modulereg.obj
 0001:00000b8c       ?mr_open@IModuleReg@base@UModSys@@UEAA_NXZ 0000000180001b8c f   umodsys_lib_base:umodsys.base.modulereg.obj
 0001:00000bb0       ?mr_close@IModuleReg@base@UModSys@@UEAA_NXZ 0000000180001bb0 f   umodsys_lib_base:umodsys.base.modulereg.obj
 0001:00000bcc       ??0SUniquePointer@core@UModSys@@QEAA@PEBD0H@Z 0000000180001bcc f   umodsys_lib_core:umodsys.core.uniqueptr.obj
 0001:00000c18       ??1SUniquePointer@core@UModSys@@QEAA@XZ 0000000180001c18 f   umodsys_lib_core:umodsys.core.uniqueptr.obj
 0001:00000c40       ?suicide@RTest1_Generator@test1@UModSys@@UEAAXXZ 0000000180001c40 f   plugin_test1.obj
 0001:00000c40       ?suicide@IRoot@core@UModSys@@UEAAXXZ 0000000180001c40 f   umodsys_lib_core:umodsys.core.objects.obj
 0001:00000c44       ??3IRoot@core@UModSys@@SAXPEAXAEBUSIMemAlloc@12@@Z 0000000180001c44 f   umodsys_lib_core:umodsys.core.objects.obj
 0001:00000c58       _onexit                    0000000180001c58 f   MSVCRT:atonexit.obj
 0001:00000d08       atexit                     0000000180001d08 f   MSVCRT:atonexit.obj
 0001:00000d20       _purecall                  0000000180001d20 f   MSVCRT:MSVCR90.dll
 0001:00000d26       ??3@YAXPEAX@Z              0000000180001d26 f   MSVCRT:MSVCR90.dll
 0001:00000d2c       ??_Etype_info@@UEAAPEAXI@Z 0000000180001d2c f i MSVCRT:ti_inst.obj
 0001:00000df8       _CRT_INIT                  0000000180001df8 f   MSVCRT:crtdll.obj
 0001:0000118c       _DllMainCRTStartup         000000018000218c f   MSVCRT:crtdll.obj
 0001:000011ca       __C_specific_handler       00000001800021ca f   MSVCRT:MSVCR90.dll
 0001:000011d0       _unlock                    00000001800021d0 f   MSVCRT:MSVCR90.dll
 0001:000011d6       __dllonexit                00000001800021d6 f   MSVCRT:MSVCR90.dll
 0001:000011dc       _lock                      00000001800021dc f   MSVCRT:MSVCR90.dll
 0001:000011e4       ?__ArrayUnwind@@YAXPEAX_KHP6AX0@Z@Z 00000001800021e4 f   MSVCRT:ehvecdtr.obj
 0001:00001230       ??_M@YAXPEAX_KHP6AX0@Z@Z   0000000180002230 f   MSVCRT:ehvecdtr.obj
 0001:00001290       __clean_type_info_names    0000000180002290 f   MSVCRT:tncleanup.obj
 0001:0000129c       _RTC_Initialize            000000018000229c f   MSVCRT:_initsect_.obj
 0001:000012d4       _RTC_Terminate             00000001800022d4 f   MSVCRT:_initsect_.obj
 0001:00001310       _ValidateImageBase         0000000180002310 f   MSVCRT:pesect.obj
 0001:00001340       _FindPESection             0000000180002340 f   MSVCRT:pesect.obj
 0001:00001390       _IsNonwritableInCurrentImage 0000000180002390 f   MSVCRT:pesect.obj
 0001:000013d2       _initterm                  00000001800023d2 f   MSVCRT:MSVCR90.dll
 0001:000013d8       _initterm_e                00000001800023d8 f   MSVCRT:MSVCR90.dll
 0001:000013de       _amsg_exit                 00000001800023de f   MSVCRT:MSVCR90.dll
 0001:000013e4       __CppXcptFilter            00000001800023e4 f   MSVCRT:MSVCR90.dll
 0001:000013ec       DllMain                    00000001800023ec f   MSVCRT:dllmain.obj
 0001:00001410       __security_init_cookie     0000000180002410 f   MSVCRT:gs_support.obj
 0001:000014c4       ?terminate@@YAXXZ          00000001800024c4 f   MSVCRT:MSVCR90.dll
 0001:000014ca       ?_type_info_dtor_internal_method@type_info@@QEAAXXZ 00000001800024ca f   MSVCRT:MSVCR90.dll
 0001:000014ca       ??1type_info@@UEAA@XZ      00000001800024ca f   MSVCRT:MSVCR90.dll
 0001:000014d0       __clean_type_info_names_internal 00000001800024d0 f   MSVCRT:MSVCR90.dll
 0001:000014d6       __CxxFrameHandler3         00000001800024d6 f   MSVCRT:MSVCR90.dll
 0001:000014f0       __chkstk                   00000001800024f0 f   MSVCRT:chkstk.obj
 0001:000014f0       _alloca_probe              00000001800024f0     MSVCRT:chkstk.obj
 0002:00000000       __imp_GetCurrentProcessId  0000000180003000     kernel32:KERNEL32.dll
 0002:00000008       __imp_GetCurrentThreadId   0000000180003008     kernel32:KERNEL32.dll
 0002:00000010       __imp_GetTickCount         0000000180003010     kernel32:KERNEL32.dll
 0002:00000018       __imp_QueryPerformanceCounter 0000000180003018     kernel32:KERNEL32.dll
 0002:00000020       __imp_DisableThreadLibraryCalls 0000000180003020     kernel32:KERNEL32.dll
 0002:00000028       __imp_Sleep                0000000180003028     kernel32:KERNEL32.dll
 0002:00000030       __imp_GetSystemTimeAsFileTime 0000000180003030     kernel32:KERNEL32.dll
 0002:00000038       \177KERNEL32_NULL_THUNK_DATA 0000000180003038     kernel32:KERNEL32.dll
 0002:00000040       __imp__encode_pointer      0000000180003040     MSVCRT:MSVCR90.dll
 0002:00000048       __imp__lock                0000000180003048     MSVCRT:MSVCR90.dll
 0002:00000050       __imp__onexit              0000000180003050     MSVCRT:MSVCR90.dll
 0002:00000058       __imp__decode_pointer      0000000180003058     MSVCRT:MSVCR90.dll
 0002:00000060       __imp__malloc_crt          0000000180003060     MSVCRT:MSVCR90.dll
 0002:00000068       __imp__initterm            0000000180003068     MSVCRT:MSVCR90.dll
 0002:00000070       __imp___dllonexit          0000000180003070     MSVCRT:MSVCR90.dll
 0002:00000078       __imp__encoded_null        0000000180003078     MSVCRT:MSVCR90.dll
 0002:00000080       __imp__amsg_exit           0000000180003080     MSVCRT:MSVCR90.dll
 0002:00000088       __imp___CppXcptFilter      0000000180003088     MSVCRT:MSVCR90.dll
 0002:00000090       __imp_?terminate@@YAXXZ    0000000180003090     MSVCRT:MSVCR90.dll
 0002:00000098       __imp_?_type_info_dtor_internal_method@type_info@@QEAAXXZ 0000000180003098     MSVCRT:MSVCR90.dll
 0002:000000a0       __imp___clean_type_info_names_internal 00000001800030a0     MSVCRT:MSVCR90.dll
 0002:000000a8       __imp__unlock              00000001800030a8     MSVCRT:MSVCR90.dll
 0002:000000b0       __imp___C_specific_handler 00000001800030b0     MSVCRT:MSVCR90.dll
 0002:000000b8       __imp_free                 00000001800030b8     MSVCRT:MSVCR90.dll
 0002:000000c0       __imp_??3@YAXPEAX@Z        00000001800030c0     MSVCRT:MSVCR90.dll
 0002:000000c8       __imp__purecall            00000001800030c8     MSVCRT:MSVCR90.dll
 0002:000000d0       __imp__initterm_e          00000001800030d0     MSVCRT:MSVCR90.dll
 0002:000000d8       __imp_strstr               00000001800030d8     MSVCRT:MSVCR90.dll
 0002:000000e0       __imp___CxxFrameHandler3   00000001800030e0     MSVCRT:MSVCR90.dll
 0002:000000e8       \177MSVCR90_NULL_THUNK_DATA 00000001800030e8     MSVCRT:MSVCR90.dll
 0002:000000f0       __xc_a                     00000001800030f0     MSVCRT:cinitexe.obj
 0002:00000310       __xc_z                     0000000180003310     MSVCRT:cinitexe.obj
 0002:00000318       __xi_a                     0000000180003318     MSVCRT:cinitexe.obj
 0002:00000328       __xi_z                     0000000180003328     MSVCRT:cinitexe.obj
 0002:00000338       ??_7type_info@@6B@         0000000180003338     MSVCRT:ti_inst.obj
 0002:00000340       _pDefaultRawDllMain        0000000180003340     MSVCRT:crtdll.obj
 0002:00000340       _pRawDllMain               0000000180003340     MSVCRT:crtdll.obj
 0002:00000348       ??_C@_0P@GHFPNOJB@bad?5allocation?$AA@ 0000000180003348     plugin_test1.obj
 0002:00000358       ??_C@_0BF@OCNNAADO@UModSys?3?3core?3?3IRoot?$AA@ 0000000180003358     plugin_test1.obj
 0002:00000370       ??_C@_0BK@EMIJFOPA@UModSys?3?3core?3?3IRefObject?$AA@ 0000000180003370     plugin_test1.obj
 0002:00000390       ??_C@_0BL@IOMMHELF@UModSys?3?3core?3?3IParameters?$AA@ 0000000180003390     plugin_test1.obj
 0002:000003b0       ??_C@_0BH@LKDEEPPM@UModSys?3?3base?3?3IModule?$AA@ 00000001800033b0     plugin_test1.obj
 0002:000003c8       ??_C@_0BO@PHJOHFCB@UModSys?3?3base?3?3IModuleLibrary?$AA@ 00000001800033c8     plugin_test1.obj
 0002:000003e8       ??_C@_0BK@FDPIOPHG@UModSys?3?3base?3?3IModObject?$AA@ 00000001800033e8     plugin_test1.obj
 0002:00000408       ??_C@_0BK@OIBKNCKJ@UModSys?3?3base?3?3IGenerator?$AA@ 0000000180003408     plugin_test1.obj
 0002:00000428       ??_C@_0BG@PJBGCMEC@UModSys?3?3base?3?3IShell?$AA@ 0000000180003428     plugin_test1.obj
 0002:00000440       ??_C@_0BI@IKAOEFAP@UModSys?3?3base?3?3IConsole?$AA@ 0000000180003440     plugin_test1.obj
 0002:00000458       ??_C@_0BH@PFCONEJJ@UModSys?3?3base?3?3ISystem?$AA@ 0000000180003458     plugin_test1.obj
 0002:00000470       ??_C@_0BO@DAFEALKL@UModSys?3?3media?3?3IStreamReader?$AA@ 0000000180003470     plugin_test1.obj
 0002:00000490       ??_C@_0BO@BMNGAKHB@UModSys?3?3media?3?3IStreamWriter?$AA@ 0000000180003490     plugin_test1.obj
 0002:000004b0       ??_C@_0BN@CNGMNOHH@UModSys?3?3media?3?3IDataArchive?$AA@ 00000001800034b0     plugin_test1.obj
 0002:000004d0       ??_C@_0BN@FAEMELKH@UModSys?3?3test1?3?3RTest1_Shell?$AA@ 00000001800034d0     plugin_test1.obj
 0002:000004f0       ??_C@_0BC@NIGGCDMG@RTest1_Shell?$CI?$CJ?5?$HL?6?$AA@ 00000001800034f0     plugin_test1.obj
 0002:00000508       ??_C@_0CL@BCMGJOII@UModSys?3?3test1?3?3RTest1_Shell?3?3RT@ 0000000180003508     plugin_test1.obj
 0002:00000538       ??_C@_0CK@OICDGBDJ@?4?4?2?4?4?2?4?4?2src?2plugin?2test?2plugin_@ 0000000180003538     plugin_test1.obj
 0002:00000564       ??_C@_05HGMEJBME@_FILE?$AA@ 0000000180003564     plugin_test1.obj
 0002:00000570       ??_C@_0BE@NGMPLFFH@?5?5found?5reader?3?5?$CFs?6?$AA@ 0000000180003570     plugin_test1.obj
 0002:00000588       ??_C@_0O@CMKKEPPD@read?9test?4txt?$AA@ 0000000180003588     plugin_test1.obj
 0002:00000598       ??_C@_08BABJIOEM@filename?$AA@ 0000000180003598     plugin_test1.obj
 0002:000005a8       ??_C@_0O@OKDOBIEG@?5?5read?3?5?$HL?$CFs?$HN?6?$AA@ 00000001800035a8     plugin_test1.obj
 0002:000005b8       ??_C@_0BF@BMCPNMPN@?$HN?5?1?1?5RTest1_Shell?$CI?$CJ?6?$AA@ 00000001800035b8     plugin_test1.obj
 0002:000005d0       ??_C@_0CM@DLLPFCHF@UModSys?3?3test1?3?3RTest1_Shell?3?3?$HOR@ 00000001800035d0     plugin_test1.obj
 0002:00000600       ??_C@_0BB@MLDFLEML@?$HORTest1_Shell?$CI?$CJ?6?$AA@ 0000000180003600     plugin_test1.obj
 0002:00000618       ??_C@_0BJ@CCPCJEPP@RTest1_Shell?3?3connect?$CI?$CJ?6?$AA@ 0000000180003618     plugin_test1.obj
 0002:00000638       ??_C@_0BM@KBDBHLN@RTest1_Shell?3?3disconnect?$CI?$CJ?6?$AA@ 0000000180003638     plugin_test1.obj
 0002:00000658       ??_C@_0BI@PGLACHLJ@RTest1_Shell?3?3tick?$CI?$CFg?$CJ?6?$AA@ 0000000180003658     plugin_test1.obj
 0002:00000670       ??_C@_0BM@JFIEEBE@RTest1_Shell?3?3command?$CI?$CD?$CFd?$CJ?6?$AA@ 0000000180003670     plugin_test1.obj
 0002:00000690       ??_C@_0CB@KLHNBAJE@UModSys?3?3test1?3?3RTest1_Generator@ 0000000180003690     plugin_test1.obj
 0002:000006b8       ??_C@_0CI@BGMLNDEB@UModSys?3?3test1?3?3RTest1_Generator@ 00000001800036b8     plugin_test1.obj
 0002:000006e0       ??_C@_0BA@NMEBLMNE@Test?51?5?9?5module?$AA@ 00000001800036e0     plugin_test1.obj
 0002:000006f0       ??_C@_05GENPCEMM@Test1?$AA@ 00000001800036f0     plugin_test1.obj
 0002:000006f8       ??_C@_0BK@LIIMFEEN@RTest1_ModuleReg?3?3open?$CI?$CJ?6?$AA@ 00000001800036f8     plugin_test1.obj
 0002:00000718       ??_C@_0BL@GPGMDKM@RTest1_ModuleReg?3?3close?$CI?$CJ?6?$AA@ 0000000180003718     plugin_test1.obj
 0002:00000738       ??_C@_09JGNMLHG@modobject?$AA@ 0000000180003738     plugin_test1.obj
 0002:00000748       ??_C@_08FCBDOIAH@typeinfo?$AA@ 0000000180003748     plugin_test1.obj
 0002:00000768       ??_7IRoot@core@UModSys@@6B@ 0000000180003768     plugin_test1.obj
 0002:000007a8       ??_7RTest1_Generator@test1@UModSys@@6B@ 00000001800037a8     plugin_test1.obj
 0002:00000838       ??_7RTest1_Shell@test1@UModSys@@6B@ 0000000180003838     plugin_test1.obj
 0002:000008b0       ??_7RTest1_ModuleReg@test1@UModSys@@6B@ 00000001800038b0     plugin_test1.obj
 0002:000008e8       ??_7RModuleLibraryReg_Chain@base@UModSys@@6B@ 00000001800038e8     umodsys_lib_base:umodsys.base.moduleregchain.obj
 0002:00000920       ??_7IModuleReg@base@UModSys@@6B@ 0000000180003920     umodsys_lib_base:umodsys.base.modulereg.obj
 0002:00000958       ??_7IModuleLibraryReg@base@UModSys@@6B@ 0000000180003958     umodsys_lib_base:umodsys.base.modulereg.obj
 0002:00000988       __real@3f50624dd2f1a9fc    0000000180003988      CIL library: CIL module
 0002:00000a30       ??_R4type_info@@6B@        0000000180003a30     MSVCRT:ti_inst.obj
 0002:00000a58       ??_R3type_info@@8          0000000180003a58     MSVCRT:ti_inst.obj
 0002:00000a70       ??_R2type_info@@8          0000000180003a70     MSVCRT:ti_inst.obj
 0002:00000a80       ??_R1A@?0A@EA@type_info@@8 0000000180003a80     MSVCRT:ti_inst.obj
 0002:00000aa8       ??_R4RTest1_ModuleReg@test1@UModSys@@6B@ 0000000180003aa8     plugin_test1.obj
 0002:00000ad0       ??_R3RTest1_ModuleReg@test1@UModSys@@8 0000000180003ad0     plugin_test1.obj
 0002:00000ae8       ??_R2RTest1_ModuleReg@test1@UModSys@@8 0000000180003ae8     plugin_test1.obj
 0002:00000b00       ??_R1A@?0A@EA@IModuleReg@base@UModSys@@8 0000000180003b00     plugin_test1.obj
 0002:00000b28       ??_R3IModuleReg@base@UModSys@@8 0000000180003b28     plugin_test1.obj
 0002:00000b40       ??_R2IModuleReg@base@UModSys@@8 0000000180003b40     plugin_test1.obj
 0002:00000b50       ??_R1A@?0A@EA@RTest1_ModuleReg@test1@UModSys@@8 0000000180003b50     plugin_test1.obj
 0002:00000b78       ??_R4RTest1_Shell@test1@UModSys@@6B@ 0000000180003b78     plugin_test1.obj
 0002:00000ba0       ??_R3RTest1_Shell@test1@UModSys@@8 0000000180003ba0     plugin_test1.obj
 0002:00000bb8       ??_R2RTest1_Shell@test1@UModSys@@8 0000000180003bb8     plugin_test1.obj
 0002:00000be0       ??_R1A@?0A@EA@RTest1_Shell@test1@UModSys@@8 0000000180003be0     plugin_test1.obj
 0002:00000c08       ??_R4RTest1_Generator@test1@UModSys@@6B@ 0000000180003c08     plugin_test1.obj
 0002:00000c30       ??_R3RTest1_Generator@test1@UModSys@@8 0000000180003c30     plugin_test1.obj
 0002:00000c48       ??_R2RTest1_Generator@test1@UModSys@@8 0000000180003c48     plugin_test1.obj
 0002:00000c78       ??_R1A@?0A@EA@RTest1_Generator@test1@UModSys@@8 0000000180003c78     plugin_test1.obj
 0002:00000ca0       ??_R3IShell@base@UModSys@@8 0000000180003ca0     plugin_test1.obj
 0002:00000cb8       ??_R2IShell@base@UModSys@@8 0000000180003cb8     plugin_test1.obj
 0002:00000cd8       ??_R1A@?0A@EA@IShell@base@UModSys@@8 0000000180003cd8     plugin_test1.obj
 0002:00000d00       ??_R3IGenerator@base@UModSys@@8 0000000180003d00     plugin_test1.obj
 0002:00000d18       ??_R2IGenerator@base@UModSys@@8 0000000180003d18     plugin_test1.obj
 0002:00000d40       ??_R1A@?0A@EA@IGenerator@base@UModSys@@8 0000000180003d40     plugin_test1.obj
 0002:00000d68       ??_R3IModObject@base@UModSys@@8 0000000180003d68     plugin_test1.obj
 0002:00000d80       ??_R2IModObject@base@UModSys@@8 0000000180003d80     plugin_test1.obj
 0002:00000da0       ??_R1A@?0A@EA@IModObject@base@UModSys@@8 0000000180003da0     plugin_test1.obj
 0002:00000dc8       ??_R3IRefObject@core@UModSys@@8 0000000180003dc8     plugin_test1.obj
 0002:00000de0       ??_R2IRefObject@core@UModSys@@8 0000000180003de0     plugin_test1.obj
 0002:00000df8       ??_R1A@?0A@EA@IRefObject@core@UModSys@@8 0000000180003df8     plugin_test1.obj
 0002:00000e20       ??_R4IRoot@core@UModSys@@6B@ 0000000180003e20     plugin_test1.obj
 0002:00000e48       ??_R3IRoot@core@UModSys@@8 0000000180003e48     plugin_test1.obj
 0002:00000e60       ??_R2IRoot@core@UModSys@@8 0000000180003e60     plugin_test1.obj
 0002:00000e70       ??_R1A@?0A@EA@IRoot@core@UModSys@@8 0000000180003e70     plugin_test1.obj
 0002:00000e98       ??_R4RModuleLibraryReg_Chain@base@UModSys@@6B@ 0000000180003e98     umodsys_lib_base:umodsys.base.moduleregchain.obj
 0002:00000ec0       ??_R3RModuleLibraryReg_Chain@base@UModSys@@8 0000000180003ec0     umodsys_lib_base:umodsys.base.moduleregchain.obj
 0002:00000ed8       ??_R2RModuleLibraryReg_Chain@base@UModSys@@8 0000000180003ed8     umodsys_lib_base:umodsys.base.moduleregchain.obj
 0002:00000ef0       ??_R1A@?0A@EA@IModuleLibraryReg@base@UModSys@@8 0000000180003ef0     umodsys_lib_base:umodsys.base.moduleregchain.obj
 0002:00000f18       ??_R3IModuleLibraryReg@base@UModSys@@8 0000000180003f18     umodsys_lib_base:umodsys.base.moduleregchain.obj
 0002:00000f30       ??_R2IModuleLibraryReg@base@UModSys@@8 0000000180003f30     umodsys_lib_base:umodsys.base.moduleregchain.obj
 0002:00000f40       ??_R1A@?0A@EA@RModuleLibraryReg_Chain@base@UModSys@@8 0000000180003f40     umodsys_lib_base:umodsys.base.moduleregchain.obj
 0002:00000f68       ??_R4IModuleLibraryReg@base@UModSys@@6B@ 0000000180003f68     umodsys_lib_base:umodsys.base.modulereg.obj
 0002:00000f90       ??_R4IModuleReg@base@UModSys@@6B@ 0000000180003f90     umodsys_lib_base:umodsys.base.modulereg.obj
 0002:00000fb8       __rtc_iaa                  0000000180003fb8     MSVCRT:_initsect_.obj
 0002:00000fc0       __rtc_izz                  0000000180003fc0     MSVCRT:_initsect_.obj
 0002:00000fc8       __rtc_taa                  0000000180003fc8     MSVCRT:_initsect_.obj
 0002:00000fd0       __rtc_tzz                  0000000180003fd0     MSVCRT:_initsect_.obj
 0002:00001250       __IMPORT_DESCRIPTOR_MSVCR90 0000000180004250     MSVCRT:MSVCR90.dll
 0002:00001264       __IMPORT_DESCRIPTOR_KERNEL32 0000000180004264     kernel32:KERNEL32.dll
 0002:00001278       __NULL_IMPORT_DESCRIPTOR   0000000180004278     MSVCRT:MSVCR90.dll
 0003:00000000       ??_R0?AVtype_info@@@8      0000000180005000     MSVCRT:ti_inst.obj
 0003:00000020       __native_dllmain_reason    0000000180005020     MSVCRT:natstart.obj
 0003:00000024       __native_vcclrit_reason    0000000180005024     MSVCRT:natstart.obj
 0003:00000028       __security_cookie          0000000180005028     MSVCRT:gs_cookie.obj
 0003:00000030       __security_cookie_complement 0000000180005030     MSVCRT:gs_cookie.obj
 0003:00000038       ??_R0?AUIModuleReg@base@UModSys@@@8 0000000180005038     plugin_test1.obj
 0003:00000068       ??_R0?AURTest1_ModuleReg@test1@UModSys@@@8 0000000180005068     plugin_test1.obj
 0003:000000a0       ??_R0?AURTest1_Shell@test1@UModSys@@@8 00000001800050a0     plugin_test1.obj
 0003:000000d8       ??_R0?AURTest1_Generator@test1@UModSys@@@8 00000001800050d8     plugin_test1.obj
 0003:00000110       ??_R0?AUIShell@base@UModSys@@@8 0000000180005110     plugin_test1.obj
 0003:00000140       ??_R0?AUIGenerator@base@UModSys@@@8 0000000180005140     plugin_test1.obj
 0003:00000170       ??_R0?AUIModObject@base@UModSys@@@8 0000000180005170     plugin_test1.obj
 0003:000001a0       ??_R0?AUIRefObject@core@UModSys@@@8 00000001800051a0     plugin_test1.obj
 0003:000001d0       ??_R0?AUIRoot@core@UModSys@@@8 00000001800051d0     plugin_test1.obj
 0003:00000230       ?so_entry_enabled_flag@base@UModSys@@3HA 0000000180005230     umodsys_lib_base:umodsys.so_main.win32.obj
 0003:00000260       ?s_modreg@RTest1_ModuleReg@test1@UModSys@@2U123@A 0000000180005260     plugin_test1.obj
 0003:000002b0       ?s_modreg_chain@RTest1_ModuleReg@test1@UModSys@@2USModuleRegChain@base@3@A 00000001800052b0     plugin_test1.obj
 0003:000002c8       ?s_library@RModuleLibraryReg_Chain@base@UModSys@@2U123@A 00000001800052c8     umodsys_lib_base:umodsys.base.moduleregchain.obj
 0003:000002d0       ??_R0?AUIModuleLibraryReg@base@UModSys@@@8 00000001800052d0     umodsys_lib_base:umodsys.base.moduleregchain.obj
 0003:00000308       ??_R0?AURModuleLibraryReg_Chain@base@UModSys@@@8 0000000180005308     umodsys_lib_base:umodsys.base.moduleregchain.obj
 0003:00000344       _fltused                   0000000180005344     MSVCRT:dllsupp.obj
 0003:00000354       _forceCRTManifestRTM       0000000180005354     MSVCRT:crtmanifestrtm.obj
 0003:00000358       ?__type_info_root_node@@3U__type_info_node@@A 0000000180005358     MSVCRT:tncleanup.obj
 0003:00000398       ?s_uid@RTest1_Generator@test1@UModSys@@2USUniquePointer@core@3@A 0000000180005398     plugin_test1.obj
 0003:000003c8       ?M@UModSys@@3USModuleContext@base@1@A 00000001800053c8     umodsys_lib_base:umodsys.base.modulecontext.obj
 0003:000003e8       ?root@SModuleRegChain@base@UModSys@@2U123@A 00000001800053e8     umodsys_lib_base:umodsys.base.moduleregchain.obj
 0003:00000400       ?root@SUniquePointer@core@UModSys@@2U123@A 0000000180005400     umodsys_lib_core:umodsys.core.uniqueptr.obj
 0003:00000430       ?s_id@?$TObjectUniqueID@UIDataArchive@media@UModSys@@@tl@UModSys@@2USUniquePointer@core@3@A 0000000180005430     plugin_test1.obj
 0003:00000460       ?s_id@?$TObjectUniqueID@UIModObject@base@UModSys@@@tl@UModSys@@2USUniquePointer@core@3@A 0000000180005460     plugin_test1.obj
 0003:00000490       ?s_id@?$TObjectUniqueID@UIGenerator@base@UModSys@@@tl@UModSys@@2USUniquePointer@core@3@A 0000000180005490     plugin_test1.obj
 0003:000004c0       ?s_id@?$TObjectUniqueID@UIModule@base@UModSys@@@tl@UModSys@@2USUniquePointer@core@3@A 00000001800054c0     plugin_test1.obj
 0003:000004f0       ?s_id@?$TObjectUniqueID@UIRoot@core@UModSys@@@tl@UModSys@@2USUniquePointer@core@3@A 00000001800054f0     plugin_test1.obj
 0003:00000520       ?s_id@?$TObjectUniqueID@UISystem@base@UModSys@@@tl@UModSys@@2USUniquePointer@core@3@A 0000000180005520     plugin_test1.obj
 0003:00000550       ?s_id@?$TObjectUniqueID@UIRefObject@core@UModSys@@@tl@UModSys@@2USUniquePointer@core@3@A 0000000180005550     plugin_test1.obj
 0003:00000580       ?s_id@?$TObjectUniqueID@UIStreamWriter@media@UModSys@@@tl@UModSys@@2USUniquePointer@core@3@A 0000000180005580     plugin_test1.obj
 0003:000005b0       ?s_id@?$TObjectUniqueID@UIShell@base@UModSys@@@tl@UModSys@@2USUniquePointer@core@3@A 00000001800055b0     plugin_test1.obj
 0003:000005e0       ?s_id@?$TObjectUniqueID@UIConsole@base@UModSys@@@tl@UModSys@@2USUniquePointer@core@3@A 00000001800055e0     plugin_test1.obj
 0003:00000610       ?s_id@?$TObjectUniqueID@URTest1_Generator@test1@UModSys@@@tl@UModSys@@2USUniquePointer@core@3@A 0000000180005610     plugin_test1.obj
 0003:00000640       ?s_id@?$TObjectUniqueID@UIModuleLibrary@base@UModSys@@@tl@UModSys@@2USUniquePointer@core@3@A 0000000180005640     plugin_test1.obj
 0003:00000670       ?s_id@?$TObjectUniqueID@URTest1_Shell@test1@UModSys@@@tl@UModSys@@2USUniquePointer@core@3@A 0000000180005670     plugin_test1.obj
 0003:000006a0       ?s_id@?$TObjectUniqueID@UIParameters@core@UModSys@@@tl@UModSys@@2USUniquePointer@core@3@A 00000001800056a0     plugin_test1.obj
 0003:000006d0       ?s_id@?$TObjectUniqueID@UIStreamReader@media@UModSys@@@tl@UModSys@@2USUniquePointer@core@3@A 00000001800056d0     plugin_test1.obj
 0003:00000700       __native_startup_state     0000000180005700     <common>
 0003:00000708       __native_startup_lock      0000000180005708     <common>
 0003:00000710       __dyn_tls_init_callback    0000000180005710     <common>
 0003:00000718       __onexitend                0000000180005718     <common>
 0003:00000720       __onexitbegin              0000000180005720     <common>

 entry point at        0001:0000118c

 Static symbols

 0001:00000d98       pre_c_init                 0000000180001d98 f   MSVCRT:crtdll.obj
 0001:00001054       __DllMainCRTStartup        0000000180002054 f   MSVCRT:crtdll.obj
 0001:00001540       _onexit$fin$0              0000000180002540 f   MSVCRT:atonexit.obj
 0001:00001559       __DllMainCRTStartup$filt$0 0000000180002559 f   MSVCRT:crtdll.obj
 0001:00001589       __DllMainCRTStartup$fin$1  0000000180002589 f   MSVCRT:crtdll.obj
 0001:000015a2       ?filt$0@?0??__ArrayUnwind@@YAXPEAX_KHP6AX0@Z@Z@4HA 00000001800025a2 f   MSVCRT:ehvecdtr.obj
 0001:000015e1       ?fin$0@?0???_M@YAXPEAX_KHP6AX0@Z@Z@4HA 00000001800025e1 f   MSVCRT:ehvecdtr.obj
 0001:00001610       _IsNonwritableInCurrentImage$filt$0 0000000180002610 f   MSVCRT:pesect.obj
 0001:00001631       ?dtor$0@?0???_GRTest1_Shell@test1@UModSys@@UEAAPEAXI@Z@4HA 0000000180002631 f    CIL library: CIL module
 0001:00001651       ?dtor$1@?0???_GRTest1_Shell@test1@UModSys@@UEAAPEAXI@Z@4HA 0000000180002651 f    CIL library: CIL module
 0001:0000166d       ?dtor$0@?0??suicide@RTest1_Shell@test1@UModSys@@UEAAXXZ@4HA 000000018000266d f    CIL library: CIL module
 0001:00001685       ?dtor$0@?0???0RTest1_Shell@test1@UModSys@@QEAA@PEAUIModObject@base@2@@Z@4HA 0000000180002685 f    CIL library: CIL module
 0001:000016a5       ?dtor$1@?0???0RTest1_Shell@test1@UModSys@@QEAA@PEAUIModObject@base@2@@Z@4HA 00000001800026a5 f    CIL library: CIL module
 0001:000016c5       ?dtor$2@?0???0RTest1_Shell@test1@UModSys@@QEAA@PEAUIModObject@base@2@@Z@4HA 00000001800026c5 f    CIL library: CIL module
 0001:000016e5       ?dtor$4@?0???0RTest1_Shell@test1@UModSys@@QEAA@PEAUIModObject@base@2@@Z@4HA 00000001800026e5 f    CIL library: CIL module
 0001:00001700       ?dtor$0@?0??generate@RTest1_Generator@test1@UModSys@@UEAA_NAEAU?$TRefObject@UIRefObject@core@UModSys@@@tl@3@PEBUSUniquePointerInfo@core@3@AEBUSParameters@73@@Z@4HA 0000000180002700 f    CIL library: CIL module
 0001:0000171c       ??__E?s_modreg@RTest1_ModuleReg@test1@UModSys@@2U123@A@@YAXXZ 000000018000271c f    CIL library: CIL module
 0001:000017ac       ??__E?s_modreg_chain@RTest1_ModuleReg@test1@UModSys@@2USModuleRegChain@base@3@A@@YAXXZ 00000001800027ac f    CIL library: CIL module
 0001:000017e8       ??__E?s_uid@RTest1_Generator@test1@UModSys@@2USUniquePointer@core@3@A@@YAXXZ 00000001800027e8 f    CIL library: CIL module
 0001:0000181c       ??__E?s_id@?$TObjectUniqueID@UIRoot@core@UModSys@@@tl@UModSys@@2USUniquePointer@core@3@A@@YAXXZ 000000018000281c f    CIL library: CIL module
 0001:00001850       ??__E?s_id@?$TObjectUniqueID@UIRefObject@core@UModSys@@@tl@UModSys@@2USUniquePointer@core@3@A@@YAXXZ 0000000180002850 f    CIL library: CIL module
 0001:00001884       ??__E?s_id@?$TObjectUniqueID@UIParameters@core@UModSys@@@tl@UModSys@@2USUniquePointer@core@3@A@@YAXXZ 0000000180002884 f    CIL library: CIL module
 0001:000018b8       ??__E?s_id@?$TObjectUniqueID@UIModule@base@UModSys@@@tl@UModSys@@2USUniquePointer@core@3@A@@YAXXZ 00000001800028b8 f    CIL library: CIL module
 0001:000018ec       ??__E?s_id@?$TObjectUniqueID@UIModuleLibrary@base@UModSys@@@tl@UModSys@@2USUniquePointer@core@3@A@@YAXXZ 00000001800028ec f    CIL library: CIL module
 0001:00001920       ??__E?s_id@?$TObjectUniqueID@UIModObject@base@UModSys@@@tl@UModSys@@2USUniquePointer@core@3@A@@YAXXZ 0000000180002920 f    CIL library: CIL module
 0001:00001954       ??__E?s_id@?$TObjectUniqueID@UIGenerator@base@UModSys@@@tl@UModSys@@2USUniquePointer@core@3@A@@YAXXZ 0000000180002954 f    CIL library: CIL module
 0001:00001988       ??__E?s_id@?$TObjectUniqueID@UIShell@base@UModSys@@@tl@UModSys@@2USUniquePointer@core@3@A@@YAXXZ 0000000180002988 f    CIL library: CIL module
 0001:000019bc       ??__E?s_id@?$TObjectUniqueID@UIConsole@base@UModSys@@@tl@UModSys@@2USUniquePointer@core@3@A@@YAXXZ 00000001800029bc f    CIL library: CIL module
 0001:000019f0       ??__E?s_id@?$TObjectUniqueID@UISystem@base@UModSys@@@tl@UModSys@@2USUniquePointer@core@3@A@@YAXXZ 00000001800029f0 f    CIL library: CIL module
 0001:00001a24       ??__E?s_id@?$TObjectUniqueID@UIStreamReader@media@UModSys@@@tl@UModSys@@2USUniquePointer@core@3@A@@YAXXZ 0000000180002a24 f    CIL library: CIL module
 0001:00001a58       ??__E?s_id@?$TObjectUniqueID@UIStreamWriter@media@UModSys@@@tl@UModSys@@2USUniquePointer@core@3@A@@YAXXZ 0000000180002a58 f    CIL library: CIL module
 0001:00001a8c       ??__E?s_id@?$TObjectUniqueID@UIDataArchive@media@UModSys@@@tl@UModSys@@2USUniquePointer@core@3@A@@YAXXZ 0000000180002a8c f    CIL library: CIL module
 0001:00001ac0       ??__E?s_id@?$TObjectUniqueID@URTest1_Shell@test1@UModSys@@@tl@UModSys@@2USUniquePointer@core@3@A@@YAXXZ 0000000180002ac0 f    CIL library: CIL module
 0001:00001af4       ??__E?s_id@?$TObjectUniqueID@URTest1_Generator@test1@UModSys@@@tl@UModSys@@2USUniquePointer@core@3@A@@YAXXZ 0000000180002af4 f    CIL library: CIL module
 0001:00001b28       ??__EM@UModSys@@YAXXZ      0000000180002b28 f    CIL library: CIL module
 0001:00001b34       ??__E?root@SModuleRegChain@base@UModSys@@2U123@A@@YAXXZ 0000000180002b34 f    CIL library: CIL module
 0001:00001b40       ??__E?s_library@RModuleLibraryReg_Chain@base@UModSys@@2U123@A@@YAXXZ 0000000180002b40 f    CIL library: CIL module
 0001:00001b4c       ??__E?root@SUniquePointer@core@UModSys@@2U123@A@@YAXXZ 0000000180002b4c f    CIL library: CIL module
 0001:00001b58       ??__F?s_modreg@RTest1_ModuleReg@test1@UModSys@@2U123@A@@YAXXZ 0000000180002b58 f    CIL library: CIL module
 0001:00001b68       ??__F?s_modreg_chain@RTest1_ModuleReg@test1@UModSys@@2USModuleRegChain@base@3@A@@YAXXZ 0000000180002b68 f    CIL library: CIL module
 0001:00001ba8       ??__F?s_uid@RTest1_Generator@test1@UModSys@@2USUniquePointer@core@3@A@@YAXXZ 0000000180002ba8 f    CIL library: CIL module
 0001:00001bb4       ??__Fh@?1??s_holder@RTest1_Generator@test1@UModSys@@SAAEAU?$TTypeStaticHolder@URTest1_Generator@test1@UModSys@@@tl@3@XZ@YAXXZ 0000000180002bb4 f    CIL library: CIL module
 0001:00001bdc       ??__F?s_id@?$TObjectUniqueID@URTest1_Generator@test1@UModSys@@@tl@UModSys@@2USUniquePointer@core@3@A@@YAXXZ 0000000180002bdc f    CIL library: CIL module
 0001:00001be8       ??__F?s_id@?$TObjectUniqueID@URTest1_Shell@test1@UModSys@@@tl@UModSys@@2USUniquePointer@core@3@A@@YAXXZ 0000000180002be8 f    CIL library: CIL module
 0001:00001bf4       ??__F?s_id@?$TObjectUniqueID@UIDataArchive@media@UModSys@@@tl@UModSys@@2USUniquePointer@core@3@A@@YAXXZ 0000000180002bf4 f    CIL library: CIL module
 0001:00001c00       ??__F?s_id@?$TObjectUniqueID@UIStreamWriter@media@UModSys@@@tl@UModSys@@2USUniquePointer@core@3@A@@YAXXZ 0000000180002c00 f    CIL library: CIL module
 0001:00001c0c       ??__F?s_id@?$TObjectUniqueID@UIStreamReader@media@UModSys@@@tl@UModSys@@2USUniquePointer@core@3@A@@YAXXZ 0000000180002c0c f    CIL library: CIL module
 0001:00001c18       ??__F?s_id@?$TObjectUniqueID@UISystem@base@UModSys@@@tl@UModSys@@2USUniquePointer@core@3@A@@YAXXZ 0000000180002c18 f    CIL library: CIL module
 0001:00001c24       ??__F?s_id@?$TObjectUniqueID@UIConsole@base@UModSys@@@tl@UModSys@@2USUniquePointer@core@3@A@@YAXXZ 0000000180002c24 f    CIL library: CIL module
 0001:00001c30       ??__F?s_id@?$TObjectUniqueID@UIShell@base@UModSys@@@tl@UModSys@@2USUniquePointer@core@3@A@@YAXXZ 0000000180002c30 f    CIL library: CIL module
 0001:00001c3c       ??__F?s_id@?$TObjectUniqueID@UIGenerator@base@UModSys@@@tl@UModSys@@2USUniquePointer@core@3@A@@YAXXZ 0000000180002c3c f    CIL library: CIL module
 0001:00001c48       ??__F?s_id@?$TObjectUniqueID@UIModObject@base@UModSys@@@tl@UModSys@@2USUniquePointer@core@3@A@@YAXXZ 0000000180002c48 f    CIL library: CIL module
 0001:00001c54       ??__F?s_id@?$TObjectUniqueID@UIModuleLibrary@base@UModSys@@@tl@UModSys@@2USUniquePointer@core@3@A@@YAXXZ 0000000180002c54 f    CIL library: CIL module
 0001:00001c60       ??__F?s_id@?$TObjectUniqueID@UIModule@base@UModSys@@@tl@UModSys@@2USUniquePointer@core@3@A@@YAXXZ 0000000180002c60 f    CIL library: CIL module
 0001:00001c6c       ??__F?s_id@?$TObjectUniqueID@UIParameters@core@UModSys@@@tl@UModSys@@2USUniquePointer@core@3@A@@YAXXZ 0000000180002c6c f    CIL library: CIL module
 0001:00001c78       ??__F?s_id@?$TObjectUniqueID@UIRefObject@core@UModSys@@@tl@UModSys@@2USUniquePointer@core@3@A@@YAXXZ 0000000180002c78 f    CIL library: CIL module
 0001:00001c84       ??__F?s_id@?$TObjectUniqueID@UIRoot@core@UModSys@@@tl@UModSys@@2USUniquePointer@core@3@A@@YAXXZ 0000000180002c84 f    CIL library: CIL module
 0001:00001c90       ??__FM@UModSys@@YAXXZ      0000000180002c90 f    CIL library: CIL module
 0001:00001c94       ??__F?root@SModuleRegChain@base@UModSys@@2U123@A@@YAXXZ 0000000180002c94 f    CIL library: CIL module
 0001:00001cd4       ??__F?s_library@RModuleLibraryReg_Chain@base@UModSys@@2U123@A@@YAXXZ 0000000180002cd4 f    CIL library: CIL module
 0001:00001ce4       ??__F?root@SUniquePointer@core@UModSys@@2U123@A@@YAXXZ 0000000180002ce4 f    CIL library: CIL module

 Exports

  ordinal    name

        1    UModSys_Plugin_Entry2
