 plugin_test1

 Timestamp is 527a5669 (Wed Nov 06 17:47:05 2013)

 Preferred load address is 0000000180000000

 Start         Length     Name                   Class
 0001:00000000 00004986H .text                   CODE
 0001:00004990 0000005eH .text$00                CODE
 0001:000049f0 000004e6H .text$x                 CODE
 0001:00004ed8 00000b90H .text$yc                CODE
 0001:00005a68 00000408H .text$yd                CODE
 0002:00000000 000002a8H .idata$5                DATA
 0002:000002a8 00000008H .CRT$XCA                DATA
 0002:000002b0 000006c8H .CRT$XCU                DATA
 0002:00000978 00000008H .CRT$XCZ                DATA
 0002:00000980 00000008H .CRT$XIA                DATA
 0002:00000988 00000008H .CRT$XIAA               DATA
 0002:00000990 00000008H .CRT$XIZ                DATA
 0002:000009a0 000017e8H .rdata                  DATA
 0002:00002188 00000d4cH .rdata$r                DATA
 0002:00002ed8 00000008H .rtc$IAA                DATA
 0002:00002ee0 00000008H .rtc$IZZ                DATA
 0002:00002ee8 00000008H .rtc$TAA                DATA
 0002:00002ef0 00000008H .rtc$TZZ                DATA
 0002:00002ef8 00000928H .xdata                  DATA
 0002:00003820 00000064H .idata$2                DATA
 0002:00003884 00000014H .idata$3                DATA
 0002:00003898 000002a8H .idata$4                DATA
 0002:00003b40 00000632H .idata$6                DATA
 0002:00004180 00000059H .edata                  DATA
 0003:00000000 00000760H .data                   DATA
 0003:00000760 00000b80H .bss                    DATA
 0004:00000000 0000093cH .pdata                  DATA

  Address         Publics by Value              Rva+Base               Lib:Object

 0000:00000000       ___safe_se_handler_count   0000000000000000     <absolute>
 0000:00000000       ___safe_se_handler_table   0000000000000000     <absolute>
 0000:00000000       __ImageBase                0000000180000000     <linker-defined>
 0001:00000000       ??1SMemShared@core@UModSys@@QEAA@XZ 0000000180001000 f i plugin_test1.obj
 0001:00000024       ??6SUniquePtrList@core@UModSys@@QEAAAEAU012@PEBUSUniquePointerInfo@12@@Z 0000000180001024 f i plugin_test1.obj
 0001:000000dc       ??3IRoot@core@UModSys@@SAXPEAXAEBUSIMemAlloc@12@@Z 00000001800010dc f i plugin_test1.obj
 0001:00000108       ?root_get_interface_info@RTest1_Shell@test1@test@modules@UModSys@@UEBAAEBUSUniquePointerInfo@core@5@XZ 0000000180001108 f i plugin_test1.obj
 0001:00000110       ?root_get_interface_type@RTest1_Shell@test1@test@modules@UModSys@@UEBAPEBUSUniquePointerInfo@core@5@XZ 0000000180001110 f i plugin_test1.obj
 0001:00000118       ?root_get_other_interface@RTest1_Shell@test1@test@modules@UModSys@@UEBAPEBUIRoot@core@5@PEBUSUniquePointerInfo@75@@Z 0000000180001118 f i plugin_test1.obj
 0001:00000118       ?root_get_other_interface@RTest1_Shell@test1@test@modules@UModSys@@UEAAPEAUIRoot@core@5@PEBUSUniquePointerInfo@75@@Z 0000000180001118 f i plugin_test1.obj
 0001:00000148       ?root_is_interface_supported@RTest1_Shell@test1@test@modules@UModSys@@UEBA_NPEBUSUniquePointerInfo@core@5@@Z 0000000180001148 f i plugin_test1.obj
 0001:00000178       ??0RTest1_Shell@test1@test@modules@UModSys@@QEAA@PEAUIModObject@base@4@@Z 0000000180001178 f i plugin_test1.obj
 0001:00000284       ?connect@RTest1_Shell@test1@test@modules@UModSys@@UEAA_NXZ 0000000180001284 f i plugin_test1.obj
 0001:000002a8       ?disconnect@RTest1_Shell@test1@test@modules@UModSys@@UEAA_NXZ 00000001800012a8 f i plugin_test1.obj
 0001:000002cc       ?process_tick@RTest1_Shell@test1@test@modules@UModSys@@UEAA_NAEBUSTimeMsec@core@5@@Z 00000001800012cc f i plugin_test1.obj
 0001:00000304       ?process_command@RTest1_Shell@test1@test@modules@UModSys@@UEAA_NHQEBU?$TString@U?$TSCoreConst@D@su@tl@UModSys@@U?$TComparerBinaryHash@D@234@@tl@5@@Z 0000000180001304 f i plugin_test1.obj
 0001:00000328       ??_GRTest1_Shell@test1@test@modules@UModSys@@UEAAPEAXI@Z 0000000180001328 f i plugin_test1.obj
 0001:00000328       ??_ERTest1_Shell@test1@test@modules@UModSys@@UEAAPEAXI@Z 0000000180001328 f i  CIL library: CIL module
 0001:000003c0       ??1IMultiImage@lib2d@UModSys@@UEAA@XZ 00000001800013c0 f i umodsys_lib_libui:umodsys.mod.ui.SDL_core.obj
 0001:000003c0       ??1ITerminal@libui@UModSys@@UEAA@XZ 00000001800013c0 f i umodsys_lib_libui:umodsys.mod.ui.SDL_core.obj
 0001:000003c0       ??1IRenderDriver@lib2d@UModSys@@UEAA@XZ 00000001800013c0 f i umodsys_lib_libui:umodsys.mod.ui.SDL_core.obj
 0001:000003c0       ??1IShell@base@UModSys@@UEAA@XZ 00000001800013c0 f i plugin_test1.obj
 0001:000003c0       ??1IBinObjFilter@libmedia@UModSys@@UEAA@XZ 00000001800013c0 f i plugin_test1.obj
 0001:000003cc       ??1SParameters@core@UModSys@@QEAA@XZ 00000001800013cc f i plugin_test1.obj
 0001:000003cc       ??1?$TParametersA@$0EAA@@core@UModSys@@QEAA@XZ 00000001800013cc f i plugin_test1.obj
 0001:000003e8       ?ui_newterm@RTest1_Shell@test1@test@modules@UModSys@@QEAA?AU?$TRefObject@UITerminal@libui@UModSys@@U?$TRefObjectFunc@UITerminal@libui@UModSys@@@tl@3@@tl@5@AEBU?$TString@U?$TSCoreConst@D@su@tl@UModSys@@U?$TComparerBinaryHash@D@234@@75@AEBUSParameters@core@5@@Z 00000001800013e8 f   plugin_test1.obj
 0001:0000056c       ?ui_newfont@RTest1_Shell@test1@test@modules@UModSys@@QEAA?AU?$TRefObject@UIMultiImage@lib2d@UModSys@@U?$TRefObjectFunc@UIMultiImage@lib2d@UModSys@@@tl@3@@tl@5@AEBU?$TString@U?$TSCoreConst@D@su@tl@UModSys@@U?$TComparerBinaryHash@D@234@@75@AEBUSParameters@core@5@@Z 000000018000156c f   plugin_test1.obj
 0001:000006f0       ?ui_test1@RTest1_Shell@test1@test@modules@UModSys@@QEAAXXZ 00000001800016f0 f   plugin_test1.obj
 0001:00000cdc       ?get_generated_names@RGenerator@test1@test@modules@UModSys@@UEBAHAEAUSUniquePtrList@core@5@@Z 0000000180001cdc f i plugin_test1.obj
 0001:00000cfc       ?get_generated_types@RGenerator@test1@test@modules@UModSys@@UEBAHAEAUSUniquePtrList@core@5@PEBUSUniquePointerInfo@75@@Z 0000000180001cfc f i plugin_test1.obj
 0001:00000d58       ?generate@RGenerator@test1@test@modules@UModSys@@UEAA_NAEAU?$TRefObject@UIRefObject@core@UModSys@@U?$TRefObjectFunc@UIRefObject@core@UModSys@@@tl@3@@tl@5@PEBUSUniquePointerInfo@core@5@AEBUSParameters@95@@Z 0000000180001d58 f i plugin_test1.obj
 0001:00000e1c       ?root_get_interface_info@RGenerator@test1@test@modules@UModSys@@UEBAAEBUSUniquePointerInfo@core@5@XZ 0000000180001e1c f i plugin_test1.obj
 0001:00000e24       ?root_get_interface_type@RGenerator@test1@test@modules@UModSys@@UEBAPEBUSUniquePointerInfo@core@5@XZ 0000000180001e24 f i plugin_test1.obj
 0001:00000e2c       ?root_get_other_interface@RGenerator@test1@test@modules@UModSys@@UEAAPEAUIRoot@core@5@PEBUSUniquePointerInfo@75@@Z 0000000180001e2c f i plugin_test1.obj
 0001:00000e2c       ?root_get_other_interface@RGenerator@test1@test@modules@UModSys@@UEBAPEBUIRoot@core@5@PEBUSUniquePointerInfo@75@@Z 0000000180001e2c f i plugin_test1.obj
 0001:00000e64       ?root_is_interface_supported@RGenerator@test1@test@modules@UModSys@@UEBA_NPEBUSUniquePointerInfo@core@5@@Z 0000000180001e64 f i plugin_test1.obj
 0001:00000e9c       ?ref_links@RMultiImage2D_SDL_ttf@SDL_core@ui@modules@UModSys@@UEBAHXZ 0000000180001e9c f i umodsys_lib_libui:umodsys.mod.ui.SDL_core.obj
 0001:00000e9c       ?ref_links@RTerminal_SDL_core@SDL_core@ui@modules@UModSys@@UEBAHXZ 0000000180001e9c f i umodsys_lib_libui:umodsys.mod.ui.SDL_core.obj
 0001:00000e9c       ?ref_links@RGenerator@SDL_core@ui@modules@UModSys@@UEBAHXZ 0000000180001e9c f i umodsys_lib_libui:umodsys.mod.ui.SDL_core.obj
 0001:00000e9c       ?ref_links@RRenderDriver2D_SDL_core@SDL_core@ui@modules@UModSys@@UEBAHXZ 0000000180001e9c f i umodsys_lib_libui:umodsys.mod.ui.SDL_core.obj
 0001:00000e9c       ?ref_links@RGenerator@test1@test@modules@UModSys@@UEBAHXZ 0000000180001e9c f i plugin_test1.obj
 0001:00000e9c       ?ref_links@RGenerator@images_std@media@modules@UModSys@@UEBAHXZ 0000000180001e9c f i umodsys_lib_libmedia:umodsys.mod.media.images_std.obj
 0001:00000e9c       ?ref_links@RTest1_Shell@test1@test@modules@UModSys@@UEBAHXZ 0000000180001e9c f i plugin_test1.obj
 0001:00000ea0       ?get_uid@RGenerator@test1@test@modules@UModSys@@UEBAPEBUSUniquePointerInfo@core@5@XZ 0000000180001ea0 f i plugin_test1.obj
 0001:00000ea8       ?do_open@RModuleReg@test1@test@modules@UModSys@@UEAA_NXZ 0000000180001ea8 f i plugin_test1.obj
 0001:00000f34       ?do_close@RModuleReg@test1@test@modules@UModSys@@UEAA_NXZ 0000000180001f34 f i plugin_test1.obj
 0001:00000f9c       ?get_module@RGenerator@test1@test@modules@UModSys@@UEBAPEAUIModule@base@5@XZ 0000000180001f9c f   plugin_test1.obj
 0001:00000fa4       ?mod_inc@RGenerator@test1@test@modules@UModSys@@UEBA_NXZ 0000000180001fa4 f   plugin_test1.obj
 0001:00000fb4       ?mod_dec@RGenerator@test1@test@modules@UModSys@@UEBA_NXZ 0000000180001fb4 f   plugin_test1.obj
 0001:00000fc8       ?s_holder@RGenerator@test1@test@modules@UModSys@@SAAEAU?$TTypeStaticHolder@URGenerator@test1@test@modules@UModSys@@@tl@5@XZ 0000000180001fc8 f   plugin_test1.obj
 0001:0000100c       ??0?$TString@U?$TSCoreConst@D@su@tl@UModSys@@U?$TComparerBinaryHash@D@234@@tl@UModSys@@QEAA@PEBD@Z 000000018000200c f i plugin_test1.obj
 0001:00001078       ??1?$TRefObject@UIModObject@base@UModSys@@U?$TModObjectFunc@UIModObject@base@UModSys@@@tl@3@@tl@UModSys@@QEAA@XZ 0000000180002078 f i plugin_test1.obj
 0001:000010a4       ?root_get_interface_info@RMultiImage2D_SDL_ttf@SDL_core@ui@modules@UModSys@@UEBAAEBUSUniquePointerInfo@core@5@XZ 00000001800020a4 f i umodsys_lib_libui:umodsys.mod.ui.SDL_core.obj
 0001:000010ac       ?root_get_interface_type@RMultiImage2D_SDL_ttf@SDL_core@ui@modules@UModSys@@UEBAPEBUSUniquePointerInfo@core@5@XZ 00000001800020ac f i umodsys_lib_libui:umodsys.mod.ui.SDL_core.obj
 0001:000010b4       ?root_get_other_interface@RMultiImage2D_SDL_ttf@SDL_core@ui@modules@UModSys@@UEAAPEAUIRoot@core@5@PEBUSUniquePointerInfo@75@@Z 00000001800020b4 f i umodsys_lib_libui:umodsys.mod.ui.SDL_core.obj
 0001:000010b4       ?root_get_other_interface@RMultiImage2D_SDL_ttf@SDL_core@ui@modules@UModSys@@UEBAPEBUIRoot@core@5@PEBUSUniquePointerInfo@75@@Z 00000001800020b4 f i umodsys_lib_libui:umodsys.mod.ui.SDL_core.obj
 0001:000010e4       ?root_is_interface_supported@RMultiImage2D_SDL_ttf@SDL_core@ui@modules@UModSys@@UEBA_NPEBUSUniquePointerInfo@core@5@@Z 00000001800020e4 f i umodsys_lib_libui:umodsys.mod.ui.SDL_core.obj
 0001:00001114       ?suicide@RTest1_Shell@test1@test@modules@UModSys@@UEAAXXZ 0000000180002114 f i plugin_test1.obj
 0001:00001114       ?suicide@RTerminal_SDL_core@SDL_core@ui@modules@UModSys@@UEAAXXZ 0000000180002114 f i umodsys_lib_libui:umodsys.mod.ui.SDL_core.obj
 0001:00001114       ?suicide@RMultiImage2D_SDL_ttf@SDL_core@ui@modules@UModSys@@UEAAXXZ 0000000180002114 f i umodsys_lib_libui:umodsys.mod.ui.SDL_core.obj
 0001:00001160       ??_ERMultiImage2D_SDL_ttf@SDL_core@ui@modules@UModSys@@UEAAPEAXI@Z 0000000180002160 f i  CIL library: CIL module
 0001:00001160       ??_GRMultiImage2D_SDL_ttf@SDL_core@ui@modules@UModSys@@UEAAPEAXI@Z 0000000180002160 f i umodsys_lib_libui:umodsys.mod.ui.SDL_core.obj
 0001:000011b4       ?root_get_interface_info@RRenderDriver2D_SDL_core@SDL_core@ui@modules@UModSys@@UEBAAEBUSUniquePointerInfo@core@5@XZ 00000001800021b4 f i umodsys_lib_libui:umodsys.mod.ui.SDL_core.obj
 0001:000011bc       ?root_get_interface_type@RRenderDriver2D_SDL_core@SDL_core@ui@modules@UModSys@@UEBAPEBUSUniquePointerInfo@core@5@XZ 00000001800021bc f i umodsys_lib_libui:umodsys.mod.ui.SDL_core.obj
 0001:000011c4       ?root_get_other_interface@RRenderDriver2D_SDL_core@SDL_core@ui@modules@UModSys@@UEBAPEBUIRoot@core@5@PEBUSUniquePointerInfo@75@@Z 00000001800021c4 f i umodsys_lib_libui:umodsys.mod.ui.SDL_core.obj
 0001:000011c4       ?root_get_other_interface@RRenderDriver2D_SDL_core@SDL_core@ui@modules@UModSys@@UEAAPEAUIRoot@core@5@PEBUSUniquePointerInfo@75@@Z 00000001800021c4 f i umodsys_lib_libui:umodsys.mod.ui.SDL_core.obj
 0001:000011f4       ?root_is_interface_supported@RRenderDriver2D_SDL_core@SDL_core@ui@modules@UModSys@@UEBA_NPEBUSUniquePointerInfo@core@5@@Z 00000001800021f4 f i umodsys_lib_libui:umodsys.mod.ui.SDL_core.obj
 0001:00001224       ?ref_add@RGenerator@SDL_core@ui@modules@UModSys@@UEBAXXZ 0000000180002224 f i umodsys_lib_libui:umodsys.mod.ui.SDL_core.obj
 0001:00001224       ?ref_add@RGenerator@test1@test@modules@UModSys@@UEBAXXZ 0000000180002224 f i plugin_test1.obj
 0001:00001224       ?ref_add@RTerminal_SDL_core@SDL_core@ui@modules@UModSys@@UEBAXXZ 0000000180002224 f i umodsys_lib_libui:umodsys.mod.ui.SDL_core.obj
 0001:00001224       ?ref_add@RTest1_Shell@test1@test@modules@UModSys@@UEBAXXZ 0000000180002224 f i plugin_test1.obj
 0001:00001224       ?ref_add@RGenerator@images_std@media@modules@UModSys@@UEBAXXZ 0000000180002224 f i umodsys_lib_libmedia:umodsys.mod.media.images_std.obj
 0001:00001224       ?ref_add@RMultiImage2D_SDL_ttf@SDL_core@ui@modules@UModSys@@UEBAXXZ 0000000180002224 f i umodsys_lib_libui:umodsys.mod.ui.SDL_core.obj
 0001:00001224       ?ref_add@RRenderDriver2D_SDL_core@SDL_core@ui@modules@UModSys@@UEBAXXZ 0000000180002224 f i umodsys_lib_libui:umodsys.mod.ui.SDL_core.obj
 0001:00001228       ?ref_remove@RGenerator@test1@test@modules@UModSys@@UEBAXXZ 0000000180002228 f i plugin_test1.obj
 0001:00001228       ?ref_remove@RRenderDriver2D_SDL_core@SDL_core@ui@modules@UModSys@@UEBAXXZ 0000000180002228 f i umodsys_lib_libui:umodsys.mod.ui.SDL_core.obj
 0001:00001228       ?ref_remove@RGenerator@images_std@media@modules@UModSys@@UEBAXXZ 0000000180002228 f i umodsys_lib_libmedia:umodsys.mod.media.images_std.obj
 0001:00001228       ?ref_remove@RTerminal_SDL_core@SDL_core@ui@modules@UModSys@@UEBAXXZ 0000000180002228 f i umodsys_lib_libui:umodsys.mod.ui.SDL_core.obj
 0001:00001228       ?ref_remove@RMultiImage2D_SDL_ttf@SDL_core@ui@modules@UModSys@@UEBAXXZ 0000000180002228 f i umodsys_lib_libui:umodsys.mod.ui.SDL_core.obj
 0001:00001228       ?ref_remove@RTest1_Shell@test1@test@modules@UModSys@@UEBAXXZ 0000000180002228 f i plugin_test1.obj
 0001:00001228       ?ref_remove@RGenerator@SDL_core@ui@modules@UModSys@@UEBAXXZ 0000000180002228 f i umodsys_lib_libui:umodsys.mod.ui.SDL_core.obj
 0001:00001240       ?suicide@RRenderDriver2D_SDL_core@SDL_core@ui@modules@UModSys@@UEAAXXZ 0000000180002240 f i umodsys_lib_libui:umodsys.mod.ui.SDL_core.obj
 0001:00001284       ??0RRenderDriver2D_SDL_core@SDL_core@ui@modules@UModSys@@QEAA@PEAURTerminal_SDL_core@1234@AEBUSParameters@core@4@@Z 0000000180002284 f i umodsys_lib_libui:umodsys.mod.ui.SDL_core.obj
 0001:000014b0       ?set_color@RRenderDriver2D_SDL_core@SDL_core@ui@modules@UModSys@@QEAAXXZ 00000001800024b0 f i umodsys_lib_libui:umodsys.mod.ui.SDL_core.obj
 0001:00001524       ?begin@RRenderDriver2D_SDL_core@SDL_core@ui@modules@UModSys@@UEAAXXZ 0000000180002524 f i umodsys_lib_libui:umodsys.mod.ui.SDL_core.obj
 0001:00001590       ?end@RRenderDriver2D_SDL_core@SDL_core@ui@modules@UModSys@@UEAAXXZ 0000000180002590 f i umodsys_lib_libui:umodsys.mod.ui.SDL_core.obj
 0001:000015a8       ?setup_font@RRenderDriver2D_SDL_core@SDL_core@ui@modules@UModSys@@UEAA_NPEAUIMultiImage@lib2d@5@PEBU?$TVector2@M@math3d@5@@Z 00000001800025a8 f i umodsys_lib_libui:umodsys.mod.ui.SDL_core.obj
 0001:00001628       ?setup_color@RRenderDriver2D_SDL_core@SDL_core@ui@modules@UModSys@@UEAAXAEBU?$TVector3@M@math3d@5@@Z 0000000180002628 f i umodsys_lib_libui:umodsys.mod.ui.SDL_core.obj
 0001:00001650       ?setup_color@RRenderDriver2D_SDL_core@SDL_core@ui@modules@UModSys@@UEAAXAEBU?$TVector3@H@math3d@5@@Z 0000000180002650 f i umodsys_lib_libui:umodsys.mod.ui.SDL_core.obj
 0001:000016a0       ?setup_coloralpha@RRenderDriver2D_SDL_core@SDL_core@ui@modules@UModSys@@UEAAXAEBU?$TVector4@M@math3d@5@H@Z 00000001800026a0 f i umodsys_lib_libui:umodsys.mod.ui.SDL_core.obj
 0001:000016c4       ?setup_coloralpha@RRenderDriver2D_SDL_core@SDL_core@ui@modules@UModSys@@UEAAXAEBU?$TVector4@H@math3d@5@H@Z 00000001800026c4 f i umodsys_lib_libui:umodsys.mod.ui.SDL_core.obj
 0001:00001728       ?setup_blendcolor@RRenderDriver2D_SDL_core@SDL_core@ui@modules@UModSys@@UEAAXAEBUSBlendColor@lib2d@5@@Z 0000000180002728 f i umodsys_lib_libui:umodsys.mod.ui.SDL_core.obj
 0001:00001790       ?setup_blendcolor@RRenderDriver2D_SDL_core@SDL_core@ui@modules@UModSys@@UEAAXAEBUSBlendColorf@lib2d@5@@Z 0000000180002790 f i umodsys_lib_libui:umodsys.mod.ui.SDL_core.obj
 0001:000017d0       ?setup_alpha@RRenderDriver2D_SDL_core@SDL_core@ui@modules@UModSys@@UEAAXHH@Z 00000001800027d0 f i umodsys_lib_libui:umodsys.mod.ui.SDL_core.obj
 0001:00001800       ?setup_alpha@RRenderDriver2D_SDL_core@SDL_core@ui@modules@UModSys@@UEAAXMH@Z 0000000180002800 f i umodsys_lib_libui:umodsys.mod.ui.SDL_core.obj
 0001:00001820       ?render_text_advanced@RRenderDriver2D_SDL_core@SDL_core@ui@modules@UModSys@@UEAA_NAEAUTextInfo@IRenderDriver@lib2d@5@PEBHH@Z 0000000180002820 f i umodsys_lib_libui:umodsys.mod.ui.SDL_core.obj
 0001:00001988       ?render_box@RRenderDriver2D_SDL_core@SDL_core@ui@modules@UModSys@@UEAAXAEBU?$TVector2@H@math3d@5@0@Z 0000000180002988 f i umodsys_lib_libui:umodsys.mod.ui.SDL_core.obj
 0001:000019d4       ?suicide@RGenerator@images_std@media@modules@UModSys@@UEAAXXZ 00000001800029d4 f i umodsys_lib_libmedia:umodsys.mod.media.images_std.obj
 0001:000019d4       ?render_tri@RRenderDriver2D_SDL_core@SDL_core@ui@modules@UModSys@@UEAAXAEBU?$TVector2@H@math3d@5@00@Z 00000001800029d4 f i umodsys_lib_libui:umodsys.mod.ui.SDL_core.obj
 0001:000019d4       ?suicide@RGenerator@SDL_core@ui@modules@UModSys@@UEAAXXZ 00000001800029d4 f i umodsys_lib_libui:umodsys.mod.ui.SDL_core.obj
 0001:000019d4       ?render_quad@RRenderDriver2D_SDL_core@SDL_core@ui@modules@UModSys@@UEAAXAEBU?$TVector2@H@math3d@5@000@Z 00000001800029d4 f i umodsys_lib_libui:umodsys.mod.ui.SDL_core.obj
 0001:000019d4       ?suicide@RGenerator@test1@test@modules@UModSys@@UEAAXXZ 00000001800029d4 f i plugin_test1.obj
 0001:000019d4       ??3@YAXPEAX0@Z             00000001800029d4 f i plugin_test1.obj
 0001:000019d4       ?render_box@RRenderDriver2D_SDL_core@SDL_core@ui@modules@UModSys@@UEAAXPEAUIImage@lib2d@5@AEBU?$TVector2@H@math3d@5@1AEBU?$TVector2@M@95@2@Z 00000001800029d4 f i umodsys_lib_libui:umodsys.mod.ui.SDL_core.obj
 0001:000019d8       ?render_line@RRenderDriver2D_SDL_core@SDL_core@ui@modules@UModSys@@UEAAXAEBU?$TVector2@H@math3d@5@0@Z 00000001800029d8 f i umodsys_lib_libui:umodsys.mod.ui.SDL_core.obj
 0001:00001a00       ?render_rect@RRenderDriver2D_SDL_core@SDL_core@ui@modules@UModSys@@UEAAXAEBU?$TVector2@H@math3d@5@0@Z 0000000180002a00 f i umodsys_lib_libui:umodsys.mod.ui.SDL_core.obj
 0001:00001a4c       ??_GRRenderDriver2D_SDL_core@SDL_core@ui@modules@UModSys@@UEAAPEAXI@Z 0000000180002a4c f i umodsys_lib_libui:umodsys.mod.ui.SDL_core.obj
 0001:00001a4c       ??_ERRenderDriver2D_SDL_core@SDL_core@ui@modules@UModSys@@UEAAPEAXI@Z 0000000180002a4c f i  CIL library: CIL module
 0001:00001ad4       ?root_get_interface_info@RTerminal_SDL_core@SDL_core@ui@modules@UModSys@@UEBAAEBUSUniquePointerInfo@core@5@XZ 0000000180002ad4 f i umodsys_lib_libui:umodsys.mod.ui.SDL_core.obj
 0001:00001adc       ?root_get_interface_type@RTerminal_SDL_core@SDL_core@ui@modules@UModSys@@UEBAPEBUSUniquePointerInfo@core@5@XZ 0000000180002adc f i umodsys_lib_libui:umodsys.mod.ui.SDL_core.obj
 0001:00001ae4       ?root_get_interface_types@RMediaFilter@images_std@media@modules@UModSys@@UEBA_KAEAUSUniquePtrList@core@5@@Z 0000000180002ae4 f i umodsys_lib_libmedia:umodsys.mod.media.images_std.obj
 0001:00001ae4       ?root_get_interface_types@RMultiImage2D_SDL_ttf@SDL_core@ui@modules@UModSys@@UEBA_KAEAUSUniquePtrList@core@5@@Z 0000000180002ae4 f i umodsys_lib_libui:umodsys.mod.ui.SDL_core.obj
 0001:00001ae4       ?root_get_interface_types@RGenerator@test1@test@modules@UModSys@@UEBA_KAEAUSUniquePtrList@core@5@@Z 0000000180002ae4 f i plugin_test1.obj
 0001:00001ae4       ?root_get_interface_types@RGenerator@SDL_core@ui@modules@UModSys@@UEBA_KAEAUSUniquePtrList@core@5@@Z 0000000180002ae4 f i umodsys_lib_libui:umodsys.mod.ui.SDL_core.obj
 0001:00001ae4       ?root_get_interface_types@RTerminal_SDL_core@SDL_core@ui@modules@UModSys@@UEBA_KAEAUSUniquePtrList@core@5@@Z 0000000180002ae4 f i umodsys_lib_libui:umodsys.mod.ui.SDL_core.obj
 0001:00001ae4       ?root_get_interface_types@RRenderDriver2D_SDL_core@SDL_core@ui@modules@UModSys@@UEBA_KAEAUSUniquePtrList@core@5@@Z 0000000180002ae4 f i umodsys_lib_libui:umodsys.mod.ui.SDL_core.obj
 0001:00001ae4       ?root_get_interface_types@RTest1_Shell@test1@test@modules@UModSys@@UEBA_KAEAUSUniquePtrList@core@5@@Z 0000000180002ae4 f i plugin_test1.obj
 0001:00001ae4       ?root_get_interface_types@RGenerator@images_std@media@modules@UModSys@@UEBA_KAEAUSUniquePtrList@core@5@@Z 0000000180002ae4 f i umodsys_lib_libmedia:umodsys.mod.media.images_std.obj
 0001:00001aec       ?root_get_other_interface@RTerminal_SDL_core@SDL_core@ui@modules@UModSys@@UEAAPEAUIRoot@core@5@PEBUSUniquePointerInfo@75@@Z 0000000180002aec f i umodsys_lib_libui:umodsys.mod.ui.SDL_core.obj
 0001:00001aec       ?root_get_other_interface@RTerminal_SDL_core@SDL_core@ui@modules@UModSys@@UEBAPEBUIRoot@core@5@PEBUSUniquePointerInfo@75@@Z 0000000180002aec f i umodsys_lib_libui:umodsys.mod.ui.SDL_core.obj
 0001:00001b1c       ?root_is_interface_supported@RTerminal_SDL_core@SDL_core@ui@modules@UModSys@@UEBA_NPEBUSUniquePointerInfo@core@5@@Z 0000000180002b1c f i umodsys_lib_libui:umodsys.mod.ui.SDL_core.obj
 0001:00001b4c       ?ref_weak@RRenderDriver2D_SDL_core@SDL_core@ui@modules@UModSys@@UEBA_NAEAUWeakPointer@IRefObject@core@5@@Z 0000000180002b4c f i umodsys_lib_libui:umodsys.mod.ui.SDL_core.obj
 0001:00001b4c       ?ref_weak@RTerminal_SDL_core@SDL_core@ui@modules@UModSys@@UEBA_NAEAUWeakPointer@IRefObject@core@5@@Z 0000000180002b4c f i umodsys_lib_libui:umodsys.mod.ui.SDL_core.obj
 0001:00001b4c       ?ref_weak@RGenerator@SDL_core@ui@modules@UModSys@@UEBA_NAEAUWeakPointer@IRefObject@core@5@@Z 0000000180002b4c f i umodsys_lib_libui:umodsys.mod.ui.SDL_core.obj
 0001:00001b4c       ?ref_weak@RTest1_Shell@test1@test@modules@UModSys@@UEBA_NAEAUWeakPointer@IRefObject@core@5@@Z 0000000180002b4c f i plugin_test1.obj
 0001:00001b4c       ?ref_weak@RGenerator@test1@test@modules@UModSys@@UEBA_NAEAUWeakPointer@IRefObject@core@5@@Z 0000000180002b4c f i plugin_test1.obj
 0001:00001b4c       ?ref_weak@RGenerator@images_std@media@modules@UModSys@@UEBA_NAEAUWeakPointer@IRefObject@core@5@@Z 0000000180002b4c f i umodsys_lib_libmedia:umodsys.mod.media.images_std.obj
 0001:00001b4c       ?ref_weak@RMultiImage2D_SDL_ttf@SDL_core@ui@modules@UModSys@@UEBA_NAEAUWeakPointer@IRefObject@core@5@@Z 0000000180002b4c f i umodsys_lib_libui:umodsys.mod.ui.SDL_core.obj
 0001:00001b6c       ?poll_events@RTerminal_SDL_core@SDL_core@ui@modules@UModSys@@UEAA_NH@Z 0000000180002b6c f i umodsys_lib_libui:umodsys.mod.ui.SDL_core.obj
 0001:00001c00       ?get_terminal_state@RTerminal_SDL_core@SDL_core@ui@modules@UModSys@@UEAA_NW4eTerminalState@libui@5@@Z 0000000180002c00 f i umodsys_lib_libui:umodsys.mod.ui.SDL_core.obj
 0001:00001c0c       ?set_terminal_state@RTerminal_SDL_core@SDL_core@ui@modules@UModSys@@UEAA_NW4eTerminalState@libui@5@_N@Z 0000000180002c0c f i umodsys_lib_libui:umodsys.mod.ui.SDL_core.obj
 0001:00001d10       ?get_clock@RTerminal_SDL_core@SDL_core@ui@modules@UModSys@@UEAANXZ 0000000180002d10 f i umodsys_lib_libui:umodsys.mod.ui.SDL_core.obj
 0001:00001d2c       ?wait@RTerminal_SDL_core@SDL_core@ui@modules@UModSys@@UEAA_NM@Z 0000000180002d2c f i umodsys_lib_libui:umodsys.mod.ui.SDL_core.obj
 0001:00001d4c       ?get_count@RTerminal_SDL_core@SDL_core@ui@modules@UModSys@@UEBA_KPEBUSUniquePointerInfo@core@5@@Z 0000000180002d4c f i umodsys_lib_libui:umodsys.mod.ui.SDL_core.obj
 0001:00001db8       ?get_handler@RTerminal_SDL_core@SDL_core@ui@modules@UModSys@@UEBAPEAUIRefObject@core@5@PEBUSUniquePointerInfo@75@_K@Z 0000000180002db8 f i umodsys_lib_libui:umodsys.mod.ui.SDL_core.obj
 0001:00001e34       ?get_friend_handler@RTerminal_SDL_core@SDL_core@ui@modules@UModSys@@UEBAPEAUIRefObject@core@5@PEBUSUniquePointerInfo@75@PEAU675@@Z 0000000180002e34 f i umodsys_lib_libui:umodsys.mod.ui.SDL_core.obj
 0001:00001e34       ?get_handler@RTerminal_SDL_core@SDL_core@ui@modules@UModSys@@UEBAPEAUIRefObject@core@5@PEBUSUniquePointerInfo@75@PEBD@Z 0000000180002e34 f i umodsys_lib_libui:umodsys.mod.ui.SDL_core.obj
 0001:00001e34       ?get_layer@RMultiImage2D_SDL_ttf@SDL_core@ui@modules@UModSys@@UEAAPEAUIImage@lib2d@5@H@Z 0000000180002e34 f i umodsys_lib_libui:umodsys.mod.ui.SDL_core.obj
 0001:00001e34       ?get_frame_values@RRenderDriver2D_SDL_core@SDL_core@ui@modules@UModSys@@UEBAPEBUSParameters@core@5@XZ 0000000180002e34 f i umodsys_lib_libui:umodsys.mod.ui.SDL_core.obj
 0001:00001e34       ?get_max_values@RRenderDriver2D_SDL_core@SDL_core@ui@modules@UModSys@@UEBAPEBUSParameters@core@5@XZ 0000000180002e34 f i umodsys_lib_libui:umodsys.mod.ui.SDL_core.obj
 0001:00001e34       ?get_controller@RRenderDriver2D_SDL_core@SDL_core@ui@modules@UModSys@@UEBAPEAUIRefObject@core@5@PEBUSUniquePointerInfo@75@@Z 0000000180002e34 f i umodsys_lib_libui:umodsys.mod.ui.SDL_core.obj
 0001:00001e38       ?create_handler@RTerminal_SDL_core@SDL_core@ui@modules@UModSys@@UEAA_NPEBUSUniquePointerInfo@core@5@AEAU?$TRefObject@UIRefObject@core@UModSys@@U?$TRefObjectFunc@UIRefObject@core@UModSys@@@tl@3@@tl@5@PEBDPEBUSParameters@75@@Z 0000000180002e38 f i umodsys_lib_libui:umodsys.mod.ui.SDL_core.obj
 0001:00001f74       ??_ERTerminal_SDL_core@SDL_core@ui@modules@UModSys@@UEAAPEAXI@Z 0000000180002f74 f i  CIL library: CIL module
 0001:00001f74       ??_GRTerminal_SDL_core@SDL_core@ui@modules@UModSys@@UEAAPEAXI@Z 0000000180002f74 f i umodsys_lib_libui:umodsys.mod.ui.SDL_core.obj
 0001:00001fe4       ?get_terminal@RRenderDriver2D_SDL_core@SDL_core@ui@modules@UModSys@@UEBAPEAUITerminal@libui@5@XZ 0000000180002fe4 f   umodsys_lib_libui:umodsys.mod.ui.SDL_core.obj
 0001:00001fec       ?get_generated_names@RGenerator@SDL_core@ui@modules@UModSys@@UEBAHAEAUSUniquePtrList@core@5@@Z 0000000180002fec f i umodsys_lib_libui:umodsys.mod.ui.SDL_core.obj
 0001:00002020       ?get_generated_types@RGenerator@SDL_core@ui@modules@UModSys@@UEBAHAEAUSUniquePtrList@core@5@PEBUSUniquePointerInfo@75@@Z 0000000180003020 f i umodsys_lib_libui:umodsys.mod.ui.SDL_core.obj
 0001:00002094       ?generate@RGenerator@SDL_core@ui@modules@UModSys@@UEAA_NAEAU?$TRefObject@UIRefObject@core@UModSys@@U?$TRefObjectFunc@UIRefObject@core@UModSys@@@tl@3@@tl@5@PEBUSUniquePointerInfo@core@5@AEBUSParameters@95@@Z 0000000180003094 f i umodsys_lib_libui:umodsys.mod.ui.SDL_core.obj
 0001:000021f4       ?root_get_interface_info@RGenerator@SDL_core@ui@modules@UModSys@@UEBAAEBUSUniquePointerInfo@core@5@XZ 00000001800031f4 f i umodsys_lib_libui:umodsys.mod.ui.SDL_core.obj
 0001:000021fc       ?root_get_interface_type@RGenerator@SDL_core@ui@modules@UModSys@@UEBAPEBUSUniquePointerInfo@core@5@XZ 00000001800031fc f i umodsys_lib_libui:umodsys.mod.ui.SDL_core.obj
 0001:00002204       ?root_get_other_interface@RGenerator@SDL_core@ui@modules@UModSys@@UEAAPEAUIRoot@core@5@PEBUSUniquePointerInfo@75@@Z 0000000180003204 f i umodsys_lib_libui:umodsys.mod.ui.SDL_core.obj
 0001:00002204       ?root_get_other_interface@RGenerator@SDL_core@ui@modules@UModSys@@UEBAPEBUIRoot@core@5@PEBUSUniquePointerInfo@75@@Z 0000000180003204 f i umodsys_lib_libui:umodsys.mod.ui.SDL_core.obj
 0001:0000223c       ?root_is_interface_supported@RGenerator@SDL_core@ui@modules@UModSys@@UEBA_NPEBUSUniquePointerInfo@core@5@@Z 000000018000323c f i umodsys_lib_libui:umodsys.mod.ui.SDL_core.obj
 0001:00002274       ?get_uid@RGenerator@SDL_core@ui@modules@UModSys@@UEBAPEBUSUniquePointerInfo@core@5@XZ 0000000180003274 f i umodsys_lib_libui:umodsys.mod.ui.SDL_core.obj
 0001:0000227c       ?do_open@RModuleReg@SDL_core@ui@modules@UModSys@@UEAA_NXZ 000000018000327c f i umodsys_lib_libui:umodsys.mod.ui.SDL_core.obj
 0001:000022f0       ?do_close@RModuleReg@SDL_core@ui@modules@UModSys@@UEAA_NXZ 00000001800032f0 f i umodsys_lib_libui:umodsys.mod.ui.SDL_core.obj
 0001:00002340       ??_GIModuleReg@base@UModSys@@UEAAPEAXI@Z 0000000180003340 f i umodsys_lib_base:umodsys.base.modulereg.obj
 0001:00002340       ??_ERModuleReg@SDL_core@ui@modules@UModSys@@UEAAPEAXI@Z 0000000180003340 f i  CIL library: CIL module
 0001:00002340       ??_GRModuleReg@SDL_core@ui@modules@UModSys@@UEAAPEAXI@Z 0000000180003340 f i umodsys_lib_libui:umodsys.mod.ui.SDL_core.obj
 0001:00002340       ??_GRModuleReg@test1@test@modules@UModSys@@UEAAPEAXI@Z 0000000180003340 f i plugin_test1.obj
 0001:00002340       ??_ERModuleReg@images_std@media@modules@UModSys@@UEAAPEAXI@Z 0000000180003340 f i  CIL library: CIL module
 0001:00002340       ??_EIModuleReg@base@UModSys@@UEAAPEAXI@Z 0000000180003340 f i  CIL library: CIL module
 0001:00002340       ??_ERModuleReg@test1@test@modules@UModSys@@UEAAPEAXI@Z 0000000180003340 f i  CIL library: CIL module
 0001:00002340       ??_GRModuleReg@images_std@media@modules@UModSys@@UEAAPEAXI@Z 0000000180003340 f i umodsys_lib_libmedia:umodsys.mod.media.images_std.obj
 0001:00002368       ?get_module@RGenerator@SDL_core@ui@modules@UModSys@@UEBAPEAUIModule@base@5@XZ 0000000180003368 f   umodsys_lib_libui:umodsys.mod.ui.SDL_core.obj
 0001:00002370       ?mod_inc@RGenerator@SDL_core@ui@modules@UModSys@@UEBA_NXZ 0000000180003370 f   umodsys_lib_libui:umodsys.mod.ui.SDL_core.obj
 0001:00002380       ?mod_dec@RGenerator@SDL_core@ui@modules@UModSys@@UEBA_NXZ 0000000180003380 f   umodsys_lib_libui:umodsys.mod.ui.SDL_core.obj
 0001:00002394       ?s_holder@RGenerator@SDL_core@ui@modules@UModSys@@SAAEAU?$TTypeStaticHolder@URGenerator@SDL_core@ui@modules@UModSys@@@tl@5@XZ 0000000180003394 f   umodsys_lib_libui:umodsys.mod.ui.SDL_core.obj
 0001:000023d8       ??_GRGenerator@test1@test@modules@UModSys@@UEAAPEAXI@Z 00000001800033d8 f i plugin_test1.obj
 0001:000023d8       ??_GRGenerator@SDL_core@ui@modules@UModSys@@UEAAPEAXI@Z 00000001800033d8 f i umodsys_lib_libui:umodsys.mod.ui.SDL_core.obj
 0001:000023d8       ??_GRGenerator@images_std@media@modules@UModSys@@UEAAPEAXI@Z 00000001800033d8 f i umodsys_lib_libmedia:umodsys.mod.media.images_std.obj
 0001:000023d8       ??_ERGenerator@SDL_core@ui@modules@UModSys@@UEAAPEAXI@Z 00000001800033d8 f i  CIL library: CIL module
 0001:000023d8       ??_ERGenerator@images_std@media@modules@UModSys@@UEAAPEAXI@Z 00000001800033d8 f i  CIL library: CIL module
 0001:000023d8       ??_GIRoot@core@UModSys@@UEAAPEAXI@Z 00000001800033d8 f i plugin_test1.obj
 0001:000023d8       ??_EIRoot@core@UModSys@@UEAAPEAXI@Z 00000001800033d8 f i  CIL library: CIL module
 0001:000023d8       ??_ERGenerator@test1@test@modules@UModSys@@UEAAPEAXI@Z 00000001800033d8 f i  CIL library: CIL module
 0001:00002400       ??$t_add@U?$TRefObject@URRenderDriver2D_SDL_core@SDL_core@ui@modules@UModSys@@U?$TRefObjectWeakFunc@URRenderDriver2D_SDL_core@SDL_core@ui@modules@UModSys@@@tl@5@@tl@UModSys@@URRenderDriver2D_SDL_core@SDL_core@ui@modules@3@@SDL_core@ui@modules@UModSys@@YA_NAEAU?$TScatterArray@U?$TRefObject@URRenderDriver2D_SDL_core@SDL_core@ui@modules@UModSys@@U?$TRefObjectWeakFunc@URRenderDriver2D_SDL_core@SDL_core@ui@modules@UModSys@@@tl@5@@tl@UModSys@@HU?$TScalarCompare@H@core@3@U?$TNodeDeleter0@U?$TScatterArrayNode@U?$TRefObject@URRenderDriver2D_SDL_core@SDL_core@ui@modules@UModSys@@U?$TRefObjectWeakFunc@URRenderDriver2D_SDL_core@SDL_core@ui@modules@UModSys@@@tl@5@@tl@UModSys@@H@tl@UModSys@@@23@@tl@3@PEAURRenderDriver2D_SDL_core@0123@@Z 0000000180003400 f i umodsys_lib_libui:umodsys.mod.ui.SDL_core.obj
 0001:00002584       ??$t_gen_param@URMultiImage2D_SDL_ttf@SDL_core@ui@modules@UModSys@@URGenerator@2345@@IGenerator@base@UModSys@@IEAA_NPEAURGenerator@SDL_core@ui@modules@2@AEAU?$TRefObject@UIRefObject@core@UModSys@@U?$TRefObjectFunc@UIRefObject@core@UModSys@@@tl@3@@tl@2@PEBUSUniquePointerInfo@core@2@AEBUSParameters@core@2@@Z 0000000180003584 f i umodsys_lib_libui:umodsys.mod.ui.SDL_core.obj
 0001:0000271c       ??1?$TRefObject@URMediaFilter@images_std@media@modules@UModSys@@U?$TRefObjectFunc@URMediaFilter@images_std@media@modules@UModSys@@@tl@5@@tl@UModSys@@QEAA@XZ 000000018000371c f i umodsys_lib_libmedia:umodsys.mod.media.images_std.obj
 0001:0000271c       ??1?$TRefObject@UITerminal@libui@UModSys@@U?$TRefObjectFunc@UITerminal@libui@UModSys@@@tl@3@@tl@UModSys@@QEAA@XZ 000000018000371c f i plugin_test1.obj
 0001:0000271c       ??1?$TRefObject@UIRefObject@core@UModSys@@U?$TRefObjectFunc@UIRefObject@core@UModSys@@@tl@3@@tl@UModSys@@QEAA@XZ 000000018000371c f i plugin_test1.obj
 0001:0000271c       ??1?$TRefObject@UIMultiImage@lib2d@UModSys@@U?$TRefObjectFunc@UIMultiImage@lib2d@UModSys@@@tl@3@@tl@UModSys@@QEAA@XZ 000000018000371c f i plugin_test1.obj
 0001:0000271c       ??1?$TRefObject@UIRenderDriver@lib2d@UModSys@@U?$TRefObjectFunc@UIRenderDriver@lib2d@UModSys@@@tl@3@@tl@UModSys@@QEAA@XZ 000000018000371c f i plugin_test1.obj
 0001:0000271c       ??1?$TRefObject@URRenderDriver2D_SDL_core@SDL_core@ui@modules@UModSys@@U?$TRefObjectFunc@URRenderDriver2D_SDL_core@SDL_core@ui@modules@UModSys@@@tl@5@@tl@UModSys@@QEAA@XZ 000000018000371c f i umodsys_lib_libui:umodsys.mod.ui.SDL_core.obj
 0001:0000271c       ??1?$TRefObject@URMultiImage2D_SDL_ttf@SDL_core@ui@modules@UModSys@@U?$TRefObjectFunc@URMultiImage2D_SDL_ttf@SDL_core@ui@modules@UModSys@@@tl@5@@tl@UModSys@@QEAA@XZ 000000018000371c f i umodsys_lib_libui:umodsys.mod.ui.SDL_core.obj
 0001:0000271c       ??1?$TRefObject@URTerminal_SDL_core@SDL_core@ui@modules@UModSys@@U?$TRefObjectFunc@URTerminal_SDL_core@SDL_core@ui@modules@UModSys@@@tl@5@@tl@UModSys@@QEAA@XZ 000000018000371c f i umodsys_lib_libui:umodsys.mod.ui.SDL_core.obj
 0001:00002740       ??$process_nodes_r@U?$TNodeDeleter0@U?$TScatterArrayNode@U?$TRefObject@URRenderDriver2D_SDL_core@SDL_core@ui@modules@UModSys@@U?$TRefObjectWeakFunc@URRenderDriver2D_SDL_core@SDL_core@ui@modules@UModSys@@@tl@5@@tl@UModSys@@H@tl@UModSys@@@tl@UModSys@@@?$TTreeHoldRB@U?$TScatterArrayNode@U?$TRefObject@URRenderDriver2D_SDL_core@SDL_core@ui@modules@UModSys@@U?$TRefObjectWeakFunc@URRenderDriver2D_SDL_core@SDL_core@ui@modules@UModSys@@@tl@5@@tl@UModSys@@H@tl@UModSys@@@tl@UModSys@@KAHPEAU?$TScatterArrayNode@U?$TRefObject@URRenderDriver2D_SDL_core@SDL_core@ui@modules@UModSys@@U?$TRefObjectWeakFunc@URRenderDriver2D_SDL_core@SDL_core@ui@modules@UModSys@@@tl@5@@tl@UModSys@@H@12@AEBU?$TNodeDeleter0@U?$TScatterArrayNode@U?$TRefObject@URRenderDriver2D_SDL_core@SDL_core@ui@modules@UModSys@@U?$TRefObjectWeakFunc@URRenderDriver2D_SDL_core@SDL_core@ui@modules@UModSys@@@tl@5@@tl@UModSys@@H@tl@UModSys@@@12@@Z 0000000180003740 f i umodsys_lib_libui:umodsys.mod.ui.SDL_core.obj
 0001:000027d4       ?sub_insert_node@?$TTreeHoldRB@U?$TScatterArrayNode@U?$TRefObject@URRenderDriver2D_SDL_core@SDL_core@ui@modules@UModSys@@U?$TRefObjectWeakFunc@URRenderDriver2D_SDL_core@SDL_core@ui@modules@UModSys@@@tl@5@@tl@UModSys@@H@tl@UModSys@@@tl@UModSys@@QEAAXPEAU?$TScatterArrayNode@U?$TRefObject@URRenderDriver2D_SDL_core@SDL_core@ui@modules@UModSys@@U?$TRefObjectWeakFunc@URRenderDriver2D_SDL_core@SDL_core@ui@modules@UModSys@@@tl@5@@tl@UModSys@@H@23@0H@Z 00000001800037d4 f i umodsys_lib_libui:umodsys.mod.ui.SDL_core.obj
 0001:000029b4       ??1?$TRefObject@URRenderDriver2D_SDL_core@SDL_core@ui@modules@UModSys@@U?$TRefObjectWeakFunc@URRenderDriver2D_SDL_core@SDL_core@ui@modules@UModSys@@@tl@5@@tl@UModSys@@QEAA@XZ 00000001800039b4 f i umodsys_lib_libui:umodsys.mod.ui.SDL_core.obj
 0001:000029e8       ?root_get_interface_info@RMediaFilter@images_std@media@modules@UModSys@@UEBAAEBUSUniquePointerInfo@core@5@XZ 00000001800039e8 f i umodsys_lib_libmedia:umodsys.mod.media.images_std.obj
 0001:000029f0       ?root_get_interface_type@RMediaFilter@images_std@media@modules@UModSys@@UEBAPEBUSUniquePointerInfo@core@5@XZ 00000001800039f0 f i umodsys_lib_libmedia:umodsys.mod.media.images_std.obj
 0001:000029f8       ?root_get_other_interface@RMediaFilter@images_std@media@modules@UModSys@@UEAAPEAUIRoot@core@5@PEBUSUniquePointerInfo@75@@Z 00000001800039f8 f i umodsys_lib_libmedia:umodsys.mod.media.images_std.obj
 0001:000029f8       ?root_get_other_interface@RMediaFilter@images_std@media@modules@UModSys@@UEBAPEBUIRoot@core@5@PEBUSUniquePointerInfo@75@@Z 00000001800039f8 f i umodsys_lib_libmedia:umodsys.mod.media.images_std.obj
 0001:00002a28       ?root_is_interface_supported@RMediaFilter@images_std@media@modules@UModSys@@UEBA_NPEBUSUniquePointerInfo@core@5@@Z 0000000180003a28 f i umodsys_lib_libmedia:umodsys.mod.media.images_std.obj
 0001:00002a58       ?ref_add@RMediaFilter@images_std@media@modules@UModSys@@UEBAXXZ 0000000180003a58 f i umodsys_lib_libmedia:umodsys.mod.media.images_std.obj
 0001:00002a5c       ?ref_remove@RMediaFilter@images_std@media@modules@UModSys@@UEBAXXZ 0000000180003a5c f i umodsys_lib_libmedia:umodsys.mod.media.images_std.obj
 0001:00002a74       ?ref_links@RMediaFilter@images_std@media@modules@UModSys@@UEBAHXZ 0000000180003a74 f i umodsys_lib_libmedia:umodsys.mod.media.images_std.obj
 0001:00002a78       ?ref_weak@RMediaFilter@images_std@media@modules@UModSys@@UEBA_NAEAUWeakPointer@IRefObject@core@5@@Z 0000000180003a78 f i umodsys_lib_libmedia:umodsys.mod.media.images_std.obj
 0001:00002a98       ?suicide@RMediaFilter@images_std@media@modules@UModSys@@UEAAXXZ 0000000180003a98 f i umodsys_lib_libmedia:umodsys.mod.media.images_std.obj
 0001:00002ae4       ?get_flag@RMediaFilter@images_std@media@modules@UModSys@@UEBA?AW4eStates@?$TFlags4State@USMediaFlagUid@libmedia@UModSys@@I@tl@5@H@Z 0000000180003ae4 f i umodsys_lib_libmedia:umodsys.mod.media.images_std.obj
 0001:00002af4       ?get_flags_auto@RMediaFilter@images_std@media@modules@UModSys@@UEBA?AU?$TFlags4State@USMediaFlagUid@libmedia@UModSys@@I@tl@5@XZ 0000000180003af4 f i umodsys_lib_libmedia:umodsys.mod.media.images_std.obj
 0001:00002b00       ?set_flag@RMediaFilter@images_std@media@modules@UModSys@@UEAA?AW4eStates@?$TFlags4State@USMediaFlagUid@libmedia@UModSys@@I@tl@5@HW46785@@Z 0000000180003b00 f i umodsys_lib_libmedia:umodsys.mod.media.images_std.obj
 0001:00002b34       ??0RMediaFilter@images_std@media@modules@UModSys@@QEAA@PEAUIModObject@base@4@AEBUSParameters@core@4@@Z 0000000180003b34 f i umodsys_lib_libmedia:umodsys.mod.media.images_std.obj
 0001:00002c2c       ??_ERMediaFilter@images_std@media@modules@UModSys@@UEAAPEAXI@Z 0000000180003c2c f i  CIL library: CIL module
 0001:00002c2c       ??_GRMediaFilter@images_std@media@modules@UModSys@@UEAAPEAXI@Z 0000000180003c2c f i umodsys_lib_libmedia:umodsys.mod.media.images_std.obj
 0001:00002cac       ?get_max_cell_size@RMultiImage2D_SDL_ttf@SDL_core@ui@modules@UModSys@@UEAA_NAEAU?$TVector2@H@math3d@5@@Z 0000000180003cac f   umodsys_lib_libui:umodsys.mod.ui.SDL_core.obj
 0001:00002cac       ?filter_save@RMediaFilter@images_std@media@modules@UModSys@@UEAA_NAEAUSInfo@IBinObjFilter@libmedia@5@PEBUIRefObject@core@5@@Z 0000000180003cac f   umodsys_lib_libmedia:umodsys.mod.media.images_std.obj
 0001:00002cac       ?set_layer_count@RMultiImage2D_SDL_ttf@SDL_core@ui@modules@UModSys@@UEAA_NH@Z 0000000180003cac f   umodsys_lib_libui:umodsys.mod.ui.SDL_core.obj
 0001:00002cac       ?set_hint@RMultiImage2D_SDL_ttf@SDL_core@ui@modules@UModSys@@UEAA_NPEBD0@Z 0000000180003cac f   umodsys_lib_libui:umodsys.mod.ui.SDL_core.obj
 0001:00002cac       ?filter_load@RMediaFilter@images_std@media@modules@UModSys@@UEAA_NAEBUSInfo@IBinObjFilter@libmedia@5@AEAU?$TRefObject@UIRefObject@core@UModSys@@U?$TRefObjectFunc@UIRefObject@core@UModSys@@@tl@3@@tl@5@@Z 0000000180003cac f   umodsys_lib_libmedia:umodsys.mod.media.images_std.obj
 0001:00002cac       ?set_parameters@RRenderDriver2D_SDL_core@SDL_core@ui@modules@UModSys@@UEAA_NPEBDAEBUSParameters@core@5@@Z 0000000180003cac f   umodsys_lib_libui:umodsys.mod.ui.SDL_core.obj
 0001:00002cac       ?set_var_cell@RMultiImage2D_SDL_ttf@SDL_core@ui@modules@UModSys@@UEAA_NPEBUSImageCellInfo@lib2d@5@HH@Z 0000000180003cac f   umodsys_lib_libui:umodsys.mod.ui.SDL_core.obj
 0001:00002cac       ?get_cell_size@RMultiImage2D_SDL_ttf@SDL_core@ui@modules@UModSys@@UEAA_NHAEAU?$TVector2@H@math3d@5@PEAU675@@Z 0000000180003cac f   umodsys_lib_libui:umodsys.mod.ui.SDL_core.obj
 0001:00002cac       ?set_fixed_cell@RMultiImage2D_SDL_ttf@SDL_core@ui@modules@UModSys@@UEAA_NHH@Z 0000000180003cac f   umodsys_lib_libui:umodsys.mod.ui.SDL_core.obj
 0001:00002cb0       ?filter_load@RMediaFilter@images_std@media@modules@UModSys@@UEAA_NAEBUSInfo@IBinObjFilter@libmedia@5@PEAUIRefObject@core@5@@Z 0000000180003cb0 f   umodsys_lib_libmedia:umodsys.mod.media.images_std.obj
 0001:00003024       ?loader_jpeg@RMediaFilter@images_std@media@modules@UModSys@@QEAA_NPEAUIImage@lib2d@5@AEBUSInfo@IBinObjFilter@libmedia@5@AEBUSParameters@core@5@HPEBD_N@Z 0000000180004024 f   umodsys_lib_libmedia:umodsys.mod.media.images_std.obj
 0001:000033a0       ?png_err@RMediaFilter@images_std@media@modules@UModSys@@KAXPEAUpng_struct_def@@PEBD@Z 00000001800043a0 f   umodsys_lib_libmedia:umodsys.mod.media.images_std.obj
 0001:000033c8       ?png_read@RMediaFilter@images_std@media@modules@UModSys@@KAXPEAUpng_struct_def@@PEAE_K@Z 00000001800043c8 f   umodsys_lib_libmedia:umodsys.mod.media.images_std.obj
 0001:00003430       ?loader_png@RMediaFilter@images_std@media@modules@UModSys@@QEAA_NPEAUIImage@lib2d@5@AEBUSInfo@IBinObjFilter@libmedia@5@AEBUSParameters@core@5@HPEBD_N@Z 0000000180004430 f   umodsys_lib_libmedia:umodsys.mod.media.images_std.obj
 0001:00003898       ?get_generated_names@RGenerator@images_std@media@modules@UModSys@@UEBAHAEAUSUniquePtrList@core@5@@Z 0000000180004898 f i umodsys_lib_libmedia:umodsys.mod.media.images_std.obj
 0001:000038b8       ?get_generated_types@RGenerator@images_std@media@modules@UModSys@@UEBAHAEAUSUniquePtrList@core@5@PEBUSUniquePointerInfo@75@@Z 00000001800048b8 f i umodsys_lib_libmedia:umodsys.mod.media.images_std.obj
 0001:00003910       ?generate@RGenerator@images_std@media@modules@UModSys@@UEAA_NAEAU?$TRefObject@UIRefObject@core@UModSys@@U?$TRefObjectFunc@UIRefObject@core@UModSys@@@tl@3@@tl@5@PEBUSUniquePointerInfo@core@5@AEBUSParameters@95@@Z 0000000180004910 f i umodsys_lib_libmedia:umodsys.mod.media.images_std.obj
 0001:000039f0       ?root_get_interface_info@RGenerator@images_std@media@modules@UModSys@@UEBAAEBUSUniquePointerInfo@core@5@XZ 00000001800049f0 f i umodsys_lib_libmedia:umodsys.mod.media.images_std.obj
 0001:000039f8       ?root_get_interface_type@RGenerator@images_std@media@modules@UModSys@@UEBAPEBUSUniquePointerInfo@core@5@XZ 00000001800049f8 f i umodsys_lib_libmedia:umodsys.mod.media.images_std.obj
 0001:00003a00       ?root_get_other_interface@RGenerator@images_std@media@modules@UModSys@@UEAAPEAUIRoot@core@5@PEBUSUniquePointerInfo@75@@Z 0000000180004a00 f i umodsys_lib_libmedia:umodsys.mod.media.images_std.obj
 0001:00003a00       ?root_get_other_interface@RGenerator@images_std@media@modules@UModSys@@UEBAPEBUIRoot@core@5@PEBUSUniquePointerInfo@75@@Z 0000000180004a00 f i umodsys_lib_libmedia:umodsys.mod.media.images_std.obj
 0001:00003a38       ?root_is_interface_supported@RGenerator@images_std@media@modules@UModSys@@UEBA_NPEBUSUniquePointerInfo@core@5@@Z 0000000180004a38 f i umodsys_lib_libmedia:umodsys.mod.media.images_std.obj
 0001:00003a70       ?get_uid@RGenerator@images_std@media@modules@UModSys@@UEBAPEBUSUniquePointerInfo@core@5@XZ 0000000180004a70 f i umodsys_lib_libmedia:umodsys.mod.media.images_std.obj
 0001:00003a78       ?do_open@RModuleReg@images_std@media@modules@UModSys@@UEAA_NXZ 0000000180004a78 f i umodsys_lib_libmedia:umodsys.mod.media.images_std.obj
 0001:00003aec       ?do_close@RModuleReg@images_std@media@modules@UModSys@@UEAA_NXZ 0000000180004aec f i umodsys_lib_libmedia:umodsys.mod.media.images_std.obj
 0001:00003b3c       ?get_module@RGenerator@images_std@media@modules@UModSys@@UEBAPEAUIModule@base@5@XZ 0000000180004b3c f   umodsys_lib_libmedia:umodsys.mod.media.images_std.obj
 0001:00003b44       ?mod_inc@RGenerator@images_std@media@modules@UModSys@@UEBA_NXZ 0000000180004b44 f   umodsys_lib_libmedia:umodsys.mod.media.images_std.obj
 0001:00003b54       ?mod_dec@RGenerator@images_std@media@modules@UModSys@@UEBA_NXZ 0000000180004b54 f   umodsys_lib_libmedia:umodsys.mod.media.images_std.obj
 0001:00003b68       ?s_holder@RGenerator@images_std@media@modules@UModSys@@SAAEAU?$TTypeStaticHolder@URGenerator@images_std@media@modules@UModSys@@@tl@5@XZ 0000000180004b68 f   umodsys_lib_libmedia:umodsys.mod.media.images_std.obj
 0001:00003bac       ?Link@SModuleContext@base@UModSys@@QEAAXPEAUISystem@23@PEAUIMemAlloc@core@3@@Z 0000000180004bac f   umodsys_lib_base:umodsys.base.modulecontext.obj
 0001:00003c20       ?mlr_count@RModuleLibraryReg_Chain@base@UModSys@@UEBA_KXZ 0000000180004c20 f   umodsys_lib_base:umodsys.base.moduleregchain.obj
 0001:00003c58       ?mlr_get@RModuleLibraryReg_Chain@base@UModSys@@UEBAPEAUIModuleReg@23@_K@Z 0000000180004c58 f   umodsys_lib_base:umodsys.base.moduleregchain.obj
 0001:00003c84       ?mlr_open@RModuleLibraryReg_Chain@base@UModSys@@UEAA_NPEAUISystem@23@PEAUIMemAlloc@core@3@@Z 0000000180004c84 f   umodsys_lib_base:umodsys.base.moduleregchain.obj
 0001:00003d08       ?mlr_close@RModuleLibraryReg_Chain@base@UModSys@@UEAA_NXZ 0000000180004d08 f   umodsys_lib_base:umodsys.base.moduleregchain.obj
 0001:00003d90       ?mlr_isopen@RModuleLibraryReg_Chain@base@UModSys@@UEBA_NXZ 0000000180004d90 f   umodsys_lib_base:umodsys.base.moduleregchain.obj
 0001:00003da0       UModSys_Plugin_Entry2      0000000180004da0 f   umodsys_lib_base:umodsys.so_main.win32.obj
 0001:00003da8       ??0IModuleReg@base@UModSys@@QEAA@PEBDHH0@Z 0000000180004da8 f   umodsys_lib_base:umodsys.base.modulereg.obj
 0001:00003e10       ?mr_isopen@IModuleReg@base@UModSys@@UEBA_NXZ 0000000180004e10 f   umodsys_lib_base:umodsys.base.modulereg.obj
 0001:00003e1c       ?mr_open@IModuleReg@base@UModSys@@UEAA_NXZ 0000000180004e1c f   umodsys_lib_base:umodsys.base.modulereg.obj
 0001:00003e40       ?mr_close@IModuleReg@base@UModSys@@UEAA_NXZ 0000000180004e40 f   umodsys_lib_base:umodsys.base.modulereg.obj
 0001:00003e5c       ??_ERModuleLibraryReg_Chain@base@UModSys@@UEAAPEAXI@Z 0000000180004e5c f i  CIL library: CIL module
 0001:00003e5c       ??_GRModuleLibraryReg_Chain@base@UModSys@@UEAAPEAXI@Z 0000000180004e5c f i umodsys_lib_base:umodsys.base.moduleregchain.obj
 0001:00003e5c       ??_GIModuleLibraryReg@base@UModSys@@UEAAPEAXI@Z 0000000180004e5c f i umodsys_lib_base:umodsys.base.modulereg.obj
 0001:00003e5c       ??_EIModuleLibraryReg@base@UModSys@@UEAAPEAXI@Z 0000000180004e5c f i  CIL library: CIL module
 0001:00003e84       ??0SUniquePointer@core@UModSys@@QEAA@PEBD0H@Z 0000000180004e84 f   umodsys_lib_core:umodsys.core.uniqueptr.obj
 0001:00003ed4       ??1SUniquePointer@core@UModSys@@QEAA@XZ 0000000180004ed4 f   umodsys_lib_core:umodsys.core.uniqueptr.obj
 0001:00003efc       ?suicide@IRoot@core@UModSys@@UEAAXXZ 0000000180004efc f   umodsys_lib_core:umodsys.core.objects.obj
 0001:00003f14       ??3IRoot@core@UModSys@@SAXPEAX@Z 0000000180004f14 f   umodsys_lib_core:umodsys.core.objects.obj
 0001:00003f3c       ?utf_32to16@su@tl@UModSys@@YA_KPEA_W_KPEBH1_N@Z 0000000180004f3c f   umodsys_lib_core:umodsys.tl.utf.obj
 0001:00004008       _onexit                    0000000180005008 f   MSVCRT:atonexit.obj
 0001:000040b8       atexit                     00000001800050b8 f   MSVCRT:atonexit.obj
 0001:000040d0       _purecall                  00000001800050d0 f   MSVCRT:MSVCR90.dll
 0001:000040d6       ??3@YAXPEAX@Z              00000001800050d6 f   MSVCRT:MSVCR90.dll
 0001:000040dc       ??_Etype_info@@UEAAPEAXI@Z 00000001800050dc f i MSVCRT:ti_inst.obj
 0001:000041a8       _CRT_INIT                  00000001800051a8 f   MSVCRT:crtdll.obj
 0001:0000453c       _DllMainCRTStartup         000000018000553c f   MSVCRT:crtdll.obj
 0001:0000457a       ??2@YAPEAX_K@Z             000000018000557a f   MSVCRT:MSVCR90.dll
 0001:00004580       __C_specific_handler       0000000180005580 f   MSVCRT:MSVCR90.dll
 0001:00004586       _unlock                    0000000180005586 f   MSVCRT:MSVCR90.dll
 0001:0000458c       __dllonexit                000000018000558c f   MSVCRT:MSVCR90.dll
 0001:00004592       _lock                      0000000180005592 f   MSVCRT:MSVCR90.dll
 0001:00004598       ?__ArrayUnwind@@YAXPEAX_KHP6AX0@Z@Z 0000000180005598 f   MSVCRT:ehvecdtr.obj
 0001:000045e4       ??_M@YAXPEAX_KHP6AX0@Z@Z   00000001800055e4 f   MSVCRT:ehvecdtr.obj
 0001:00004644       __clean_type_info_names    0000000180005644 f   MSVCRT:tncleanup.obj
 0001:00004650       _RTC_Initialize            0000000180005650 f   MSVCRT:_initsect_.obj
 0001:00004688       _RTC_Terminate             0000000180005688 f   MSVCRT:_initsect_.obj
 0001:000046c0       _ValidateImageBase         00000001800056c0 f   MSVCRT:pesect.obj
 0001:000046f0       _FindPESection             00000001800056f0 f   MSVCRT:pesect.obj
 0001:00004740       _IsNonwritableInCurrentImage 0000000180005740 f   MSVCRT:pesect.obj
 0001:00004782       _initterm                  0000000180005782 f   MSVCRT:MSVCR90.dll
 0001:00004788       _initterm_e                0000000180005788 f   MSVCRT:MSVCR90.dll
 0001:0000478e       _amsg_exit                 000000018000578e f   MSVCRT:MSVCR90.dll
 0001:00004794       __CppXcptFilter            0000000180005794 f   MSVCRT:MSVCR90.dll
 0001:0000479c       DllMain                    000000018000579c f   MSVCRT:dllmain.obj
 0001:000047c0       __security_init_cookie     00000001800057c0 f   MSVCRT:gs_support.obj
 0001:00004874       ?terminate@@YAXXZ          0000000180005874 f   MSVCRT:MSVCR90.dll
 0001:0000487a       ??1type_info@@UEAA@XZ      000000018000587a f   MSVCRT:MSVCR90.dll
 0001:0000487a       ?_type_info_dtor_internal_method@type_info@@QEAAXXZ 000000018000587a f   MSVCRT:MSVCR90.dll
 0001:00004880       __clean_type_info_names_internal 0000000180005880 f   MSVCRT:MSVCR90.dll
 0001:00004886       png_get_IHDR               0000000180005886 f   lib_libpng:lib_libpng.dll
 0001:0000488c       png_read_info              000000018000588c f   lib_libpng:lib_libpng.dll
 0001:00004892       png_sig_cmp                0000000180005892 f   lib_libpng:lib_libpng.dll
 0001:00004898       png_create_read_struct     0000000180005898 f   lib_libpng:lib_libpng.dll
 0001:0000489e       png_get_io_ptr             000000018000589e f   lib_libpng:lib_libpng.dll
 0001:000048a4       png_create_info_struct     00000001800058a4 f   lib_libpng:lib_libpng.dll
 0001:000048aa       png_set_read_fn            00000001800058aa f   lib_libpng:lib_libpng.dll
 0001:000048b0       png_read_update_info       00000001800058b0 f   lib_libpng:lib_libpng.dll
 0001:000048b6       png_set_sig_bytes          00000001800058b6 f   lib_libpng:lib_libpng.dll
 0001:000048bc       png_read_row               00000001800058bc f   lib_libpng:lib_libpng.dll
 0001:000048c2       png_error                  00000001800058c2 f   lib_libpng:lib_libpng.dll
 0001:000048c8       png_destroy_read_struct    00000001800058c8 f   lib_libpng:lib_libpng.dll
 0001:000048ce       SDL_RenderDrawLine         00000001800058ce f   lib_SDL2:lib_SDL2.dll
 0001:000048d4       SDL_Init                   00000001800058d4 f   lib_SDL2:lib_SDL2.dll
 0001:000048da       SDL_DestroyWindow          00000001800058da f   lib_SDL2:lib_SDL2.dll
 0001:000048e0       TTF_RenderUNICODE_Blended  00000001800058e0 f   lib_SDL2:lib_SDL2.dll
 0001:000048e6       SDL_CreateWindow           00000001800058e6 f   lib_SDL2:lib_SDL2.dll
 0001:000048ec       SDL_RenderCopy             00000001800058ec f   lib_SDL2:lib_SDL2.dll
 0001:000048f2       SDL_DestroyRenderer        00000001800058f2 f   lib_SDL2:lib_SDL2.dll
 0001:000048f8       SDL_DestroyTexture         00000001800058f8 f   lib_SDL2:lib_SDL2.dll
 0001:000048fe       SDL_CreateTextureFromSurface 00000001800058fe f   lib_SDL2:lib_SDL2.dll
 0001:00004904       SDL_RenderPresent          0000000180005904 f   lib_SDL2:lib_SDL2.dll
 0001:0000490a       SDL_SetRenderDrawBlendMode 000000018000590a f   lib_SDL2:lib_SDL2.dll
 0001:00004910       SDL_SetRenderDrawColor     0000000180005910 f   lib_SDL2:lib_SDL2.dll
 0001:00004916       TTF_OpenFont               0000000180005916 f   lib_SDL2:lib_SDL2.dll
 0001:0000491c       TTF_CloseFont              000000018000591c f   lib_SDL2:lib_SDL2.dll
 0001:00004922       TTF_Init                   0000000180005922 f   lib_SDL2:lib_SDL2.dll
 0001:00004928       SDL_PumpEvents             0000000180005928 f   lib_SDL2:lib_SDL2.dll
 0001:0000492e       SDL_Delay                  000000018000592e f   lib_SDL2:lib_SDL2.dll
 0001:00004934       SDL_RenderClear            0000000180005934 f   lib_SDL2:lib_SDL2.dll
 0001:0000493a       SDL_CreateRenderer         000000018000593a f   lib_SDL2:lib_SDL2.dll
 0001:00004940       SDL_PeepEvents             0000000180005940 f   lib_SDL2:lib_SDL2.dll
 0001:00004946       SDL_GetTicks               0000000180005946 f   lib_SDL2:lib_SDL2.dll
 0001:0000494c       SDL_RenderFillRect         000000018000594c f   lib_SDL2:lib_SDL2.dll
 0001:00004952       SDL_RenderDrawRect         0000000180005952 f   lib_SDL2:lib_SDL2.dll
 0001:00004958       TTF_Quit                   0000000180005958 f   lib_SDL2:lib_SDL2.dll
 0001:0000495e       SDL_Quit                   000000018000595e f   lib_SDL2:lib_SDL2.dll
 0001:00004964       SDL_FreeSurface            0000000180005964 f   lib_SDL2:lib_SDL2.dll
 0001:0000496a       memcpy                     000000018000596a f   MSVCRT:MSVCR90.dll
 0001:00004970       __CxxFrameHandler3         0000000180005970 f   MSVCRT:MSVCR90.dll
 0001:00004980       _setjmp                    0000000180005980 f   MSVCRT:MSVCR90.dll
 0001:000049a0       _alloca_probe              00000001800059a0     MSVCRT:chkstk.obj
 0001:000049a0       __chkstk                   00000001800059a0 f   MSVCRT:chkstk.obj
 0002:00000000       __imp_Sleep                0000000180007000     kernel32:KERNEL32.dll
 0002:00000008       __imp_QueryPerformanceCounter 0000000180007008     kernel32:KERNEL32.dll
 0002:00000010       __imp_GetTickCount         0000000180007010     kernel32:KERNEL32.dll
 0002:00000018       __imp_GetCurrentThreadId   0000000180007018     kernel32:KERNEL32.dll
 0002:00000020       __imp_GetCurrentProcessId  0000000180007020     kernel32:KERNEL32.dll
 0002:00000028       __imp_GetSystemTimeAsFileTime 0000000180007028     kernel32:KERNEL32.dll
 0002:00000030       __imp_DisableThreadLibraryCalls 0000000180007030     kernel32:KERNEL32.dll
 0002:00000038       \177KERNEL32_NULL_THUNK_DATA 0000000180007038     kernel32:KERNEL32.dll
 0002:00000040       __imp___dllonexit          0000000180007040     MSVCRT:MSVCR90.dll
 0002:00000048       __imp__encode_pointer      0000000180007048     MSVCRT:MSVCR90.dll
 0002:00000050       __imp__lock                0000000180007050     MSVCRT:MSVCR90.dll
 0002:00000058       __imp__onexit              0000000180007058     MSVCRT:MSVCR90.dll
 0002:00000060       __imp__decode_pointer      0000000180007060     MSVCRT:MSVCR90.dll
 0002:00000068       __imp__malloc_crt          0000000180007068     MSVCRT:MSVCR90.dll
 0002:00000070       __imp__initterm            0000000180007070     MSVCRT:MSVCR90.dll
 0002:00000078       __imp__initterm_e          0000000180007078     MSVCRT:MSVCR90.dll
 0002:00000080       __imp__unlock              0000000180007080     MSVCRT:MSVCR90.dll
 0002:00000088       __imp__encoded_null        0000000180007088     MSVCRT:MSVCR90.dll
 0002:00000090       __imp__amsg_exit           0000000180007090     MSVCRT:MSVCR90.dll
 0002:00000098       __imp___CppXcptFilter      0000000180007098     MSVCRT:MSVCR90.dll
 0002:000000a0       __imp_?terminate@@YAXXZ    00000001800070a0     MSVCRT:MSVCR90.dll
 0002:000000a8       __imp_?_type_info_dtor_internal_method@type_info@@QEAAXXZ 00000001800070a8     MSVCRT:MSVCR90.dll
 0002:000000b0       __imp___clean_type_info_names_internal 00000001800070b0     MSVCRT:MSVCR90.dll
 0002:000000b8       __imp___CxxFrameHandler3   00000001800070b8     MSVCRT:MSVCR90.dll
 0002:000000c0       __imp_memcpy               00000001800070c0     MSVCRT:MSVCR90.dll
 0002:000000c8       __imp___C_specific_handler 00000001800070c8     MSVCRT:MSVCR90.dll
 0002:000000d0       __imp_longjmp              00000001800070d0     MSVCRT:MSVCR90.dll
 0002:000000d8       __imp_strstr               00000001800070d8     MSVCRT:MSVCR90.dll
 0002:000000e0       __imp_??2@YAPEAX_K@Z       00000001800070e0     MSVCRT:MSVCR90.dll
 0002:000000e8       __imp_??3@YAXPEAX@Z        00000001800070e8     MSVCRT:MSVCR90.dll
 0002:000000f0       __imp__purecall            00000001800070f0     MSVCRT:MSVCR90.dll
 0002:000000f8       __imp_free                 00000001800070f8     MSVCRT:MSVCR90.dll
 0002:00000100       __imp_strncmp              0000000180007100     MSVCRT:MSVCR90.dll
 0002:00000108       __imp__setjmp              0000000180007108     MSVCRT:MSVCR90.dll
 0002:00000110       \177MSVCR90_NULL_THUNK_DATA 0000000180007110     MSVCRT:MSVCR90.dll
 0002:00000118       __imp_TTF_CloseFont        0000000180007118     lib_SDL2:lib_SDL2.dll
 0002:00000120       __imp_TTF_Quit             0000000180007120     lib_SDL2:lib_SDL2.dll
 0002:00000128       __imp_SDL_RenderDrawRect   0000000180007128     lib_SDL2:lib_SDL2.dll
 0002:00000130       __imp_SDL_RenderFillRect   0000000180007130     lib_SDL2:lib_SDL2.dll
 0002:00000138       __imp_SDL_GetTicks         0000000180007138     lib_SDL2:lib_SDL2.dll
 0002:00000140       __imp_SDL_PeepEvents       0000000180007140     lib_SDL2:lib_SDL2.dll
 0002:00000148       __imp_SDL_FreeSurface      0000000180007148     lib_SDL2:lib_SDL2.dll
 0002:00000150       __imp_SDL_CreateRenderer   0000000180007150     lib_SDL2:lib_SDL2.dll
 0002:00000158       __imp_SDL_RenderClear      0000000180007158     lib_SDL2:lib_SDL2.dll
 0002:00000160       __imp_SDL_Delay            0000000180007160     lib_SDL2:lib_SDL2.dll
 0002:00000168       __imp_SDL_PumpEvents       0000000180007168     lib_SDL2:lib_SDL2.dll
 0002:00000170       __imp_SDL_RenderDrawLine   0000000180007170     lib_SDL2:lib_SDL2.dll
 0002:00000178       __imp_SDL_Init             0000000180007178     lib_SDL2:lib_SDL2.dll
 0002:00000180       __imp_SDL_DestroyWindow    0000000180007180     lib_SDL2:lib_SDL2.dll
 0002:00000188       __imp_TTF_RenderUNICODE_Blended 0000000180007188     lib_SDL2:lib_SDL2.dll
 0002:00000190       __imp_SDL_CreateWindow     0000000180007190     lib_SDL2:lib_SDL2.dll
 0002:00000198       __imp_SDL_RenderCopy       0000000180007198     lib_SDL2:lib_SDL2.dll
 0002:000001a0       __imp_SDL_DestroyRenderer  00000001800071a0     lib_SDL2:lib_SDL2.dll
 0002:000001a8       __imp_SDL_DestroyTexture   00000001800071a8     lib_SDL2:lib_SDL2.dll
 0002:000001b0       __imp_SDL_CreateTextureFromSurface 00000001800071b0     lib_SDL2:lib_SDL2.dll
 0002:000001b8       __imp_SDL_RenderPresent    00000001800071b8     lib_SDL2:lib_SDL2.dll
 0002:000001c0       __imp_SDL_SetRenderDrawBlendMode 00000001800071c0     lib_SDL2:lib_SDL2.dll
 0002:000001c8       __imp_SDL_SetRenderDrawColor 00000001800071c8     lib_SDL2:lib_SDL2.dll
 0002:000001d0       __imp_TTF_OpenFont         00000001800071d0     lib_SDL2:lib_SDL2.dll
 0002:000001d8       __imp_TTF_Init             00000001800071d8     lib_SDL2:lib_SDL2.dll
 0002:000001e0       __imp_SDL_Quit             00000001800071e0     lib_SDL2:lib_SDL2.dll
 0002:000001e8       \177lib_SDL2_NULL_THUNK_DATA 00000001800071e8     lib_SDL2:lib_SDL2.dll
 0002:000001f0       __imp_jpeg_std_error       00000001800071f0     lib_jpeglib:lib_jpeglib.dll
 0002:000001f8       __imp_jpeg_read_scanlines  00000001800071f8     lib_jpeglib:lib_jpeglib.dll
 0002:00000200       __imp_jpeg_finish_decompress 0000000180007200     lib_jpeglib:lib_jpeglib.dll
 0002:00000208       __imp_jpeg_resync_to_restart 0000000180007208     lib_jpeglib:lib_jpeglib.dll
 0002:00000210       __imp_jpeg_destroy_decompress 0000000180007210     lib_jpeglib:lib_jpeglib.dll
 0002:00000218       __imp_jpeg_CreateDecompress 0000000180007218     lib_jpeglib:lib_jpeglib.dll
 0002:00000220       __imp_jpeg_start_decompress 0000000180007220     lib_jpeglib:lib_jpeglib.dll
 0002:00000228       __imp_jpeg_destroy         0000000180007228     lib_jpeglib:lib_jpeglib.dll
 0002:00000230       __imp_jpeg_read_header     0000000180007230     lib_jpeglib:lib_jpeglib.dll
 0002:00000238       \177lib_jpeglib_NULL_THUNK_DATA 0000000180007238     lib_jpeglib:lib_jpeglib.dll
 0002:00000240       __imp_png_error            0000000180007240     lib_libpng:lib_libpng.dll
 0002:00000248       __imp_png_read_row         0000000180007248     lib_libpng:lib_libpng.dll
 0002:00000250       __imp_png_set_sig_bytes    0000000180007250     lib_libpng:lib_libpng.dll
 0002:00000258       __imp_png_read_update_info 0000000180007258     lib_libpng:lib_libpng.dll
 0002:00000260       __imp_png_set_read_fn      0000000180007260     lib_libpng:lib_libpng.dll
 0002:00000268       __imp_png_create_info_struct 0000000180007268     lib_libpng:lib_libpng.dll
 0002:00000270       __imp_png_get_io_ptr       0000000180007270     lib_libpng:lib_libpng.dll
 0002:00000278       __imp_png_create_read_struct 0000000180007278     lib_libpng:lib_libpng.dll
 0002:00000280       __imp_png_sig_cmp          0000000180007280     lib_libpng:lib_libpng.dll
 0002:00000288       __imp_png_read_info        0000000180007288     lib_libpng:lib_libpng.dll
 0002:00000290       __imp_png_get_IHDR         0000000180007290     lib_libpng:lib_libpng.dll
 0002:00000298       __imp_png_destroy_read_struct 0000000180007298     lib_libpng:lib_libpng.dll
 0002:000002a0       \177lib_libpng_NULL_THUNK_DATA 00000001800072a0     lib_libpng:lib_libpng.dll
 0002:000002a8       __xc_a                     00000001800072a8     MSVCRT:cinitexe.obj
 0002:00000978       __xc_z                     0000000180007978     MSVCRT:cinitexe.obj
 0002:00000980       __xi_a                     0000000180007980     MSVCRT:cinitexe.obj
 0002:00000990       __xi_z                     0000000180007990     MSVCRT:cinitexe.obj
 0002:000009a8       ??_7type_info@@6B@         00000001800079a8     MSVCRT:ti_inst.obj
 0002:000009b0       _pRawDllMain               00000001800079b0     MSVCRT:crtdll.obj
 0002:000009b0       _pDefaultRawDllMain        00000001800079b0     MSVCRT:crtdll.obj
 0002:000009b8       ??_C@_0P@GHFPNOJB@bad?5allocation?$AA@ 00000001800079b8     plugin_test1.obj
 0002:000009c8       ??_C@_0BF@OCNNAADO@UModSys?3?3core?3?3IRoot?$AA@ 00000001800079c8     plugin_test1.obj
 0002:000009e0       ??_C@_0BK@EMIJFOPA@UModSys?3?3core?3?3IRefObject?$AA@ 00000001800079e0     plugin_test1.obj
 0002:00000a00       ??_C@_0BL@IOMMHELF@UModSys?3?3core?3?3IParameters?$AA@ 0000000180007a00     plugin_test1.obj
 0002:00000a20       ??_C@_0BH@LKDEEPPM@UModSys?3?3base?3?3IModule?$AA@ 0000000180007a20     plugin_test1.obj
 0002:00000a38       ??_C@_0BO@PHJOHFCB@UModSys?3?3base?3?3IModuleLibrary?$AA@ 0000000180007a38     plugin_test1.obj
 0002:00000a58       ??_C@_0BK@FDPIOPHG@UModSys?3?3base?3?3IModObject?$AA@ 0000000180007a58     plugin_test1.obj
 0002:00000a78       ??_C@_0BK@OIBKNCKJ@UModSys?3?3base?3?3IGenerator?$AA@ 0000000180007a78     plugin_test1.obj
 0002:00000a98       ??_C@_0BG@PJBGCMEC@UModSys?3?3base?3?3IShell?$AA@ 0000000180007a98     plugin_test1.obj
 0002:00000ab0       ??_C@_0BI@IKAOEFAP@UModSys?3?3base?3?3IConsole?$AA@ 0000000180007ab0     plugin_test1.obj
 0002:00000ac8       ??_C@_0BH@PFCONEJJ@UModSys?3?3base?3?3ISystem?$AA@ 0000000180007ac8     plugin_test1.obj
 0002:00000ae0       ??_C@_0CB@CLGNFEGF@UModSys?3?3libmedia?3?3IStreamReader@ 0000000180007ae0     plugin_test1.obj
 0002:00000b08       ??_C@_0CB@HOPFFLP@UModSys?3?3libmedia?3?3IStreamWriter@ 0000000180007b08     plugin_test1.obj
 0002:00000b30       ??_C@_0BP@KCJMEDNO@UModSys?3?3libmedia?3?3IBinArchive?$AA@ 0000000180007b30     plugin_test1.obj
 0002:00000b50       ??_C@_0CB@FDEKNMGJ@UModSys?3?3libmedia?3?3IBinObjFilter@ 0000000180007b50     plugin_test1.obj
 0002:00000b78       ??_C@_0BM@DPCMOAPM@UModSys?3?3libmedia?3?3ILibrary?$AA@ 0000000180007b78     plugin_test1.obj
 0002:00000b98       ??_C@_0CD@ELIFEGE@UModSys?3?3libmedia?3?3ILibraryBinTr@ 0000000180007b98     plugin_test1.obj
 0002:00000bc0       ??_C@_0CE@EGHBJBAJ@UModSys?3?3libmedia?3?3ILibraryBinCa@ 0000000180007bc0     plugin_test1.obj
 0002:00000be8       ??_C@_0CF@LBIGBLOK@UModSys?3?3libmedia?3?3ILibraryObjFi@ 0000000180007be8     plugin_test1.obj
 0002:00000c10       ??_C@_0CE@BOBLEOBL@UModSys?3?3libmedia?3?3ILibraryObjCa@ 0000000180007c10     plugin_test1.obj
 0002:00000c38       ??_C@_0CD@LJFEJKGF@UModSys?3?3libmedia?3?3ILibraryLayer@ 0000000180007c38     plugin_test1.obj
 0002:00000c60       ?utf_bytesFromUTF8@su@tl@UModSys@@3QBEB 0000000180007c60     umodsys_lib_core:umodsys.tl.utf.obj
 0002:00000d60       ?utf_firstByteMark@su@tl@UModSys@@3QBEB 0000000180007d60     umodsys_lib_core:umodsys.tl.utf.obj
 0002:00000d68       ?utf_offsetsFromUTF8@su@tl@UModSys@@3QBHB 0000000180007d68     umodsys_lib_core:umodsys.tl.utf.obj
 0002:00000d98       ??_C@_0BL@NMJBPMOF@UModSys?3?3base?3?3IConsoleExt?$AA@ 0000000180007d98     plugin_test1.obj
 0002:00000db8       ??_C@_0BO@CGANABBB@UModSys?3?3base?3?3IConsoleHelper?$AA@ 0000000180007db8     plugin_test1.obj
 0002:00000dd8       ??_C@_0CF@NIEDAAFG@UModSys?3?3base?3?3IConsoleHelperHis@ 0000000180007dd8     plugin_test1.obj
 0002:00000e00       ??_C@_0CD@FCDJONHN@UModSys?3?3base?3?3IConsoleHelperInp@ 0000000180007e00     plugin_test1.obj
 0002:00000e28       ??_C@_0CE@KMOIHDDJ@UModSys?3?3base?3?3IConsoleHelperOut@ 0000000180007e28     plugin_test1.obj
 0002:00000e50       ??_C@_0CH@NMEMKECD@UModSys?3?3base?3?3IConsoleHelperOut@ 0000000180007e50     plugin_test1.obj
 0002:00000e78       ??_C@_0CE@DIFILHID@UModSys?3?3libui?3?3IKeyboardControl@ 0000000180007e78     plugin_test1.obj
 0002:00000ea0       ??_C@_0CB@MBIJAGJE@UModSys?3?3libui?3?3IMouseController@ 0000000180007ea0     plugin_test1.obj
 0002:00000ec8       ??_C@_0CE@HLKJKPC@UModSys?3?3libui?3?3IJoystickControl@ 0000000180007ec8     plugin_test1.obj
 0002:00000ef0       ??_C@_0BK@GJJNKGGD@UModSys?3?3libui?3?3ITerminal?$AA@ 0000000180007ef0     plugin_test1.obj
 0002:00000f10       ??_C@_0CK@HENOKNKH@UModSys?3?3libui?3?3IConsoleHelperIn@ 0000000180007f10     plugin_test1.obj
 0002:00000f40       ??_C@_0BH@JDBCAPMN@UModSys?3?3lib2d?3?3IImage?$AA@ 0000000180007f40     plugin_test1.obj
 0002:00000f58       ??_C@_0BM@NDCOKBPH@UModSys?3?3lib2d?3?3IMultiImage?$AA@ 0000000180007f58     plugin_test1.obj
 0002:00000f78       ??_C@_0BO@FFPMHFPK@UModSys?3?3lib2d?3?3IRenderDriver?$AA@ 0000000180007f78     plugin_test1.obj
 0002:00000f98       ??_C@_0CG@DNABKNDD@UModSys?3?3modules?3?3test?3?3test1?3?3I@ 0000000180007f98     plugin_test1.obj
 0002:00000fc0       ??_C@_0CG@FINIGFAH@UModSys?3?3modules?3?3test?3?3test1?3?3R@ 0000000180007fc0     plugin_test1.obj
 0002:00000fe8       ??_C@_0CN@EFAOPDDB@UModSys?3?3modules?3?3test?3?3test1?3?3R@ 0000000180007fe8     plugin_test1.obj
 0002:00001018       ??_C@_0CM@LNHNHIJB@UModSys?3?3modules?3?3test?3?3test1?3?3R@ 0000000180008018     plugin_test1.obj
 0002:00001048       ??_C@_0BC@NIGGCDMG@RTest1_Shell?$CI?$CJ?5?$HL?6?$AA@ 0000000180008048     plugin_test1.obj
 0002:00001060       ??_C@_0DK@JIEMIEKA@UModSys?3?3modules?3?3test?3?3test1?3?3R@ 0000000180008060     plugin_test1.obj
 0002:000010a0       ??_C@_0CK@OICDGBDJ@?4?4?2?4?4?2?4?4?2src?2plugin?2test?2plugin_@ 00000001800080a0     plugin_test1.obj
 0002:000010d0       ??_C@_0BF@BMCPNMPN@?$HN?5?1?1?5RTest1_Shell?$CI?$CJ?6?$AA@ 00000001800080d0     plugin_test1.obj
 0002:000010e8       ??_C@_0DL@OIAHAJF@UModSys?3?3modules?3?3test?3?3test1?3?3R@ 00000001800080e8     plugin_test1.obj
 0002:00001128       ??_C@_0BB@MLDFLEML@?$HORTest1_Shell?$CI?$CJ?6?$AA@ 0000000180008128     plugin_test1.obj
 0002:00001140       ??_C@_0BJ@CCPCJEPP@RTest1_Shell?3?3connect?$CI?$CJ?6?$AA@ 0000000180008140     plugin_test1.obj
 0002:00001160       ??_C@_0BM@KBDBHLN@RTest1_Shell?3?3disconnect?$CI?$CJ?6?$AA@ 0000000180008160     plugin_test1.obj
 0002:00001180       ??_C@_0BI@PGLACHLJ@RTest1_Shell?3?3tick?$CI?$CFg?$CJ?6?$AA@ 0000000180008180     plugin_test1.obj
 0002:00001198       ??_C@_0BM@JFIEEBE@RTest1_Shell?3?3command?$CI?$CD?$CFd?$CJ?6?$AA@ 0000000180008198     plugin_test1.obj
 0002:000011b8       ??_C@_08BABJIOEM@filename?$AA@ 00000001800081b8     plugin_test1.obj
 0002:000011c8       ??_C@_0BP@CAPONCLM@?5?5found?5terminal?5?$CFs?3?5?$CFs?5?$DN?$DO?5?$CFp?6?$AA@ 00000001800081c8     plugin_test1.obj
 0002:000011e8       ??_C@_0BE@CKPLJHAG@?5?5fail?5terminal?5?$CFs?6?$AA@ 00000001800081e8     plugin_test1.obj
 0002:00001200       ??_C@_0BL@EFEBHOB@?5?5found?5font?5?$CFs?3?5?$CFs?5?$DN?$DO?5?$CFp?6?$AA@ 0000000180008200     plugin_test1.obj
 0002:00001220       ??_C@_0BA@BMFBBLGG@?5?5fail?5font?5?$CFs?6?$AA@ 0000000180008220     plugin_test1.obj
 0002:00001230       ??_C@_0P@GKJLFKKG@?$CK?3?3SDL_core?3?3?$CK?$AA@ 0000000180008230     plugin_test1.obj
 0002:00001240       ??_C@_0L@DPNPMJNC@Neocyr?4ttf?$AA@ 0000000180008240     plugin_test1.obj
 0002:00001250       ??_C@_0BD@PNMHDMFG@?$CK?3?3SDL_core?3?3?$CKttf?$CK?$AA@ 0000000180008250     plugin_test1.obj
 0002:00001268       ??_C@_07EPLPNHLN@Test?5?$CD1?$AA@ 0000000180008268     plugin_test1.obj
 0002:00001270       ??_C@_07BANDPJOM@caption?$AA@ 0000000180008270     plugin_test1.obj
 0002:00001278       ??_C@_00CNPNBAHC@?$AA@     0000000180008278     plugin_test1.obj
 0002:00001280       ??_C@_0CE@HACAKFFL@?5?5not?5created?5lib2d?3?3IRenderDriv@ 0000000180008280     plugin_test1.obj
 0002:000012a8       ??_C@_0CK@INONFMOM@?5?5created?5lib2d?3?3IRenderDriver?3?5@ 00000001800082a8     plugin_test1.obj
 0002:000012d8       ??_C@_0CK@DEJPICLK@UModSys?3?3modules?3?3test?3?3test1?3?3R@ 00000001800082d8     plugin_test1.obj
 0002:00001308       ??_C@_0DD@HMBJLEH@UMODSYS_MODULE_NAME?$CItest?0test1?$CJ?3@ 0000000180008308     plugin_test1.obj
 0002:00001340       ??_C@_0BA@NMEBLMNE@Test?51?5?9?5module?$AA@ 0000000180008340     plugin_test1.obj
 0002:00001350       ??_C@_0N@FOCLJAHI@tests?3?3test1?$AA@ 0000000180008350     plugin_test1.obj
 0002:00001360       ??_C@_0BE@HJEBHPIG@RModuleReg?3?3open?$CI?$CJ?6?$AA@ 0000000180008360     plugin_test1.obj
 0002:00001378       ??_C@_0BF@KIBBFLP@RModuleReg?3?3close?$CI?$CJ?6?$AA@ 0000000180008378     plugin_test1.obj
 0002:00001390       ??_C@_09JGNMLHG@modobject?$AA@ 0000000180008390     plugin_test1.obj
 0002:000013a0       ??_C@_08FCBDOIAH@typeinfo?$AA@ 00000001800083a0     plugin_test1.obj
 0002:000013b8       ??_7IRoot@core@UModSys@@6B@ 00000001800083b8     plugin_test1.obj
 0002:00001408       ??_7RTest1_Shell@test1@test@modules@UModSys@@6B@ 0000000180008408     plugin_test1.obj
 0002:00001498       ??_7RGenerator@test1@test@modules@UModSys@@6B@ 0000000180008498     plugin_test1.obj
 0002:00001538       ??_7RModuleReg@test1@test@modules@UModSys@@6B@ 0000000180008538     plugin_test1.obj
 0002:00001568       ??_C@_0DG@EGPKIIPE@UModSys?3?3modules?3?3ui?3?3SDL_core?3?3@ 0000000180008568     umodsys_lib_libui:umodsys.mod.ui.SDL_core.obj
 0002:000015a0       ??_C@_04IAGNFIBA@size?$AA@ 00000001800085a0     umodsys_lib_libui:umodsys.mod.ui.SDL_core.obj
 0002:000015a8       ??_C@_0DJ@HHGCBBEF@UModSys?3?3modules?3?3ui?3?3SDL_core?3?3@ 00000001800085a8     umodsys_lib_libui:umodsys.mod.ui.SDL_core.obj
 0002:000015e4       ??_C@_04MGOIFCEG@SDL2?$AA@ 00000001800085e4     umodsys_lib_libui:umodsys.mod.ui.SDL_core.obj
 0002:000015ec       ??_C@_01FJMABOPO@x?$AA@    00000001800085ec     umodsys_lib_libui:umodsys.mod.ui.SDL_core.obj
 0002:000015f0       ??_C@_01EANLCPLP@y?$AA@    00000001800085f0     umodsys_lib_libui:umodsys.mod.ui.SDL_core.obj
 0002:000015f4       ??_C@_02KIIGLGOP@dx?$AA@   00000001800085f4     umodsys_lib_libui:umodsys.mod.ui.SDL_core.obj
 0002:000015f8       ??_C@_02LBJNIHKO@dy?$AA@   00000001800085f8     umodsys_lib_libui:umodsys.mod.ui.SDL_core.obj
 0002:00001600       ??_C@_0DD@HBKHIPP@UModSys?3?3modules?3?3ui?3?3SDL_core?3?3@ 0000000180008600     umodsys_lib_libui:umodsys.mod.ui.SDL_core.obj
 0002:00001638       ??_C@_0CL@JNMIGLLO@UModSys?3?3modules?3?3ui?3?3SDL_core?3?3@ 0000000180008638     umodsys_lib_libui:umodsys.mod.ui.SDL_core.obj
 0002:00001668       ??_C@_0DE@GHIHDIMC@UMODSYS_MODULE_NAME?$CIui?0SDL_core?$CJ@ 0000000180008668     umodsys_lib_libui:umodsys.mod.ui.SDL_core.obj
 0002:000016a0       ??_C@_0N@MLKEIMGM@ui?3?3SDC_core?$AA@ 00000001800086a0     umodsys_lib_libui:umodsys.mod.ui.SDL_core.obj
 0002:000016b8       ??_7RGenerator@SDL_core@ui@modules@UModSys@@6B@ 00000001800086b8     umodsys_lib_libui:umodsys.mod.ui.SDL_core.obj
 0002:00001758       ??_7RTerminal_SDL_core@SDL_core@ui@modules@UModSys@@6B@ 0000000180008758     umodsys_lib_libui:umodsys.mod.ui.SDL_core.obj
 0002:00001818       ??_7RRenderDriver2D_SDL_core@SDL_core@ui@modules@UModSys@@6B@ 0000000180008818     umodsys_lib_libui:umodsys.mod.ui.SDL_core.obj
 0002:00001938       ??_7RMultiImage2D_SDL_ttf@SDL_core@ui@modules@UModSys@@6B@ 0000000180008938     umodsys_lib_libui:umodsys.mod.ui.SDL_core.obj
 0002:000019d8       ??_7RModuleReg@SDL_core@ui@modules@UModSys@@6B@ 00000001800089d8     umodsys_lib_libui:umodsys.mod.ui.SDL_core.obj
 0002:00001a08       ??_C@_0DC@OJAOGACO@UModSys?3?3modules?3?3media?3?3images_@ 0000000180008a08     umodsys_lib_libmedia:umodsys.mod.media.images_std.obj
 0002:00001a40       ??_C@_0O@IMJFODOA@lib2d?3?3IImage?$AA@ 0000000180008a40     umodsys_lib_libmedia:umodsys.mod.media.images_std.obj
 0002:00001a50       ??_C@_0BH@FAPHCJAO@image_palette_alphakey?$AA@ 0000000180008a50     umodsys_lib_libmedia:umodsys.mod.media.images_std.obj
 0002:00001a68       ??_C@_0L@MIOOFCJG@image_hint?$AA@ 0000000180008a68     umodsys_lib_libmedia:umodsys.mod.media.images_std.obj
 0002:00001a78       ??_C@_0M@CPFHCGMF@image_alpha?$AA@ 0000000180008a78     umodsys_lib_libmedia:umodsys.mod.media.images_std.obj
 0002:00001a84       ??_C@_04GNPKBLNA@?4jpg?$AA@ 0000000180008a84     umodsys_lib_libmedia:umodsys.mod.media.images_std.obj
 0002:00001a8c       ??_C@_05KPIGABMB@?4jpeg?$AA@ 0000000180008a8c     umodsys_lib_libmedia:umodsys.mod.media.images_std.obj
 0002:00001a94       ??_C@_04EEOGCCFB@?4png?$AA@ 0000000180008a94     umodsys_lib_libmedia:umodsys.mod.media.images_std.obj
 0002:00001aa0       ??_C@_0CB@LKENOGAK@PNG?5FATAL?5ERROR?3?5png?5error?5?9?5?$CFs?6@ 0000000180008aa0     umodsys_lib_libmedia:umodsys.mod.media.images_std.obj
 0002:00001ac8       ??_C@_0L@BAFDDAPG@Read?5Error?$AA@ 0000000180008ac8     umodsys_lib_libmedia:umodsys.mod.media.images_std.obj
 0002:00001ad8       ??_C@_0M@PMDCBFIO@1?47?40beta06?$AA@ 0000000180008ad8     umodsys_lib_libmedia:umodsys.mod.media.images_std.obj
 0002:00001ae8       ??_C@_0DA@GEKJILHJ@UModSys?3?3modules?3?3media?3?3images_@ 0000000180008ae8     umodsys_lib_libmedia:umodsys.mod.media.images_std.obj
 0002:00001b18       ??_C@_0DJ@PEFKPECF@UMODSYS_MODULE_NAME?$CImedia?0images@ 0000000180008b18     umodsys_lib_libmedia:umodsys.mod.media.images_std.obj
 0002:00001b58       ??_C@_0BC@FLDHBKGG@media?3?3images_std?$AA@ 0000000180008b58     umodsys_lib_libmedia:umodsys.mod.media.images_std.obj
 0002:00001b78       ??_7RGenerator@images_std@media@modules@UModSys@@6B@ 0000000180008b78     umodsys_lib_libmedia:umodsys.mod.media.images_std.obj
 0002:00001c18       ??_7RMediaFilter@images_std@media@modules@UModSys@@6BIRefObject@core@4@@ 0000000180008c18     umodsys_lib_libmedia:umodsys.mod.media.images_std.obj
 0002:00001c98       ??_7RMediaFilter@images_std@media@modules@UModSys@@6BISetter@SFlags@libmedia@4@@ 0000000180008c98     umodsys_lib_libmedia:umodsys.mod.media.images_std.obj
 0002:00001cb8       ??_7RModuleReg@images_std@media@modules@UModSys@@6B@ 0000000180008cb8     umodsys_lib_libmedia:umodsys.mod.media.images_std.obj
 0002:00001cf0       ??_7RModuleLibraryReg_Chain@base@UModSys@@6B@ 0000000180008cf0     umodsys_lib_base:umodsys.base.moduleregchain.obj
 0002:00001d28       ??_7IModuleReg@base@UModSys@@6B@ 0000000180008d28     umodsys_lib_base:umodsys.base.modulereg.obj
 0002:00001d60       ??_7IModuleLibraryReg@base@UModSys@@6B@ 0000000180008d60     umodsys_lib_base:umodsys.base.modulereg.obj
 0002:00001d90       __real@447a0000            0000000180008d90      CIL library: CIL module
 0002:00001d94       __real@437f0000            0000000180008d94      CIL library: CIL module
 0002:00001d98       __real@3f50624dd2f1a9fc    0000000180008d98      CIL library: CIL module
 0002:000020f8       __real@3c23d70a            00000001800090f8      CIL library: CIL module
 0002:000020fc       __real@3f800000            00000001800090fc      CIL library: CIL module
 0002:00002188       ??_R4type_info@@6B@        0000000180009188     MSVCRT:ti_inst.obj
 0002:000021b0       ??_R3type_info@@8          00000001800091b0     MSVCRT:ti_inst.obj
 0002:000021c8       ??_R2type_info@@8          00000001800091c8     MSVCRT:ti_inst.obj
 0002:000021d8       ??_R1A@?0A@EA@type_info@@8 00000001800091d8     MSVCRT:ti_inst.obj
 0002:00002200       ??_R4RModuleReg@test1@test@modules@UModSys@@6B@ 0000000180009200     plugin_test1.obj
 0002:00002228       ??_R3RModuleReg@test1@test@modules@UModSys@@8 0000000180009228     plugin_test1.obj
 0002:00002240       ??_R2RModuleReg@test1@test@modules@UModSys@@8 0000000180009240     plugin_test1.obj
 0002:00002258       ??_R1A@?0A@EA@IModuleReg@base@UModSys@@8 0000000180009258     plugin_test1.obj
 0002:00002280       ??_R3IModuleReg@base@UModSys@@8 0000000180009280     plugin_test1.obj
 0002:00002298       ??_R2IModuleReg@base@UModSys@@8 0000000180009298     plugin_test1.obj
 0002:000022a8       ??_R1A@?0A@EA@RModuleReg@test1@test@modules@UModSys@@8 00000001800092a8     plugin_test1.obj
 0002:000022d0       ??_R4RGenerator@test1@test@modules@UModSys@@6B@ 00000001800092d0     plugin_test1.obj
 0002:000022f8       ??_R3RGenerator@test1@test@modules@UModSys@@8 00000001800092f8     plugin_test1.obj
 0002:00002310       ??_R2RGenerator@test1@test@modules@UModSys@@8 0000000180009310     plugin_test1.obj
 0002:00002340       ??_R1A@?0A@EA@RGenerator@test1@test@modules@UModSys@@8 0000000180009340     plugin_test1.obj
 0002:00002368       ??_R4RTest1_Shell@test1@test@modules@UModSys@@6B@ 0000000180009368     plugin_test1.obj
 0002:00002390       ??_R3RTest1_Shell@test1@test@modules@UModSys@@8 0000000180009390     plugin_test1.obj
 0002:000023a8       ??_R2RTest1_Shell@test1@test@modules@UModSys@@8 00000001800093a8     plugin_test1.obj
 0002:000023d0       ??_R1A@?0A@EA@RTest1_Shell@test1@test@modules@UModSys@@8 00000001800093d0     plugin_test1.obj
 0002:000023f8       ??_R3IBinObjFilter@libmedia@UModSys@@8 00000001800093f8     plugin_test1.obj
 0002:00002410       ??_R2IBinObjFilter@libmedia@UModSys@@8 0000000180009410     plugin_test1.obj
 0002:00002448       ??_R17?0A@EA@IResolver@SFlags@libmedia@UModSys@@8 0000000180009448     plugin_test1.obj
 0002:00002470       ??_R17?0A@EA@IResolverAuto@SFlags@libmedia@UModSys@@8 0000000180009470     plugin_test1.obj
 0002:00002498       ??_R17?0A@EA@ISetter@SFlags@libmedia@UModSys@@8 0000000180009498     plugin_test1.obj
 0002:000024c0       ??_R3ISetter@SFlags@libmedia@UModSys@@8 00000001800094c0     plugin_test1.obj
 0002:000024d8       ??_R2ISetter@SFlags@libmedia@UModSys@@8 00000001800094d8     plugin_test1.obj
[...]
 0001:00004f98       ??__E?s_id@?$TObjectUniqueID@UIRoot@core@UModSys@@@tl@UModSys@@2USUniquePointer@core@3@A@@YAXXZ 0000000180005f98 f    CIL library: CIL module
 0001:00004fcc       ??__E?s_id@?$TObjectUniqueID@UIRefObject@core@UModSys@@@tl@UModSys@@2USUniquePointer@core@3@A@@YAXXZ 0000000180005fcc f    CIL library: CIL module
 0001:00005000       ??__E?s_id@?$TObjectUniqueID@UIParameters@core@UModSys@@@tl@UModSys@@2USUniquePointer@core@3@A@@YAXXZ 0000000180006000 f    CIL library: CIL module
 0001:00005034       ??__E?s_id@?$TObjectUniqueID@UIModule@base@UModSys@@@tl@UModSys@@2USUniquePointer@core@3@A@@YAXXZ 0000000180006034 f    CIL library: CIL module
 0001:00005068       ??__E?s_id@?$TObjectUniqueID@UIModuleLibrary@base@UModSys@@@tl@UModSys@@2USUniquePointer@core@3@A@@YAXXZ 0000000180006068 f    CIL library: CIL module
 0001:0000509c       ??__E?s_id@?$TObjectUniqueID@UIModObject@base@UModSys@@@tl@UModSys@@2USUniquePointer@core@3@A@@YAXXZ 000000018000609c f    CIL library: CIL module
 0001:000050d0       ??__E?s_id@?$TObjectUniqueID@UIGenerator@base@UModSys@@@tl@UModSys@@2USUniquePointer@core@3@A@@YAXXZ 00000001800060d0 f    CIL library: CIL module
 0001:00005104       ??__E?s_id@?$TObjectUniqueID@UIShell@base@UModSys@@@tl@UModSys@@2USUniquePointer@core@3@A@@YAXXZ 0000000180006104 f    CIL library: CIL module
 0001:00005138       ??__E?s_id@?$TObjectUniqueID@UIConsole@base@UModSys@@@tl@UModSys@@2USUniquePointer@core@3@A@@YAXXZ 0000000180006138 f    CIL library: CIL module
 0001:0000516c       ??__E?s_id@?$TObjectUniqueID@UISystem@base@UModSys@@@tl@UModSys@@2USUniquePointer@core@3@A@@YAXXZ 000000018000616c f    CIL library: CIL module
 0001:000051a0       ??__E?s_id@?$TObjectUniqueID@UIStreamReader@libmedia@UModSys@@@tl@UModSys@@2USUniquePointer@core@3@A@@YAXXZ 00000001800061a0 f    CIL library: CIL module
 0001:000051d4       ??__E?s_id@?$TObjectUniqueID@UIStreamWriter@libmedia@UModSys@@@tl@UModSys@@2USUniquePointer@core@3@A@@YAXXZ 00000001800061d4 f    CIL library: CIL module
 0001:00005208       ??__E?s_id@?$TObjectUniqueID@UIBinArchive@libmedia@UModSys@@@tl@UModSys@@2USUniquePointer@core@3@A@@YAXXZ 0000000180006208 f    CIL library: CIL module
 0001:0000523c       ??__E?s_id@?$TObjectUniqueID@UIBinObjFilter@libmedia@UModSys@@@tl@UModSys@@2USUniquePointer@core@3@A@@YAXXZ 000000018000623c f    CIL library: CIL module
 0001:00005270       ??__E?s_id@?$TObjectUniqueID@UILibrary@libmedia@UModSys@@@tl@UModSys@@2USUniquePointer@core@3@A@@YAXXZ 0000000180006270 f    CIL library: CIL module
 0001:000052a4       ??__E?s_id@?$TObjectUniqueID@UILibraryBinTree@libmedia@UModSys@@@tl@UModSys@@2USUniquePointer@core@3@A@@YAXXZ 00000001800062a4 f    CIL library: CIL module
 0001:000052d8       ??__E?s_id@?$TObjectUniqueID@UILibraryBinCache@libmedia@UModSys@@@tl@UModSys@@2USUniquePointer@core@3@A@@YAXXZ 00000001800062d8 f    CIL library: CIL module
 0001:0000530c       ??__E?s_id@?$TObjectUniqueID@UILibraryObjFilter@libmedia@UModSys@@@tl@UModSys@@2USUniquePointer@core@3@A@@YAXXZ 000000018000630c f    CIL library: CIL module
 0001:00005340       ??__E?s_id@?$TObjectUniqueID@UILibraryObjCache@libmedia@UModSys@@@tl@UModSys@@2USUniquePointer@core@3@A@@YAXXZ 0000000180006340 f    CIL library: CIL module
 0001:00005374       ??__E?s_id@?$TObjectUniqueID@UILibraryLayered@libmedia@UModSys@@@tl@UModSys@@2USUniquePointer@core@3@A@@YAXXZ 0000000180006374 f    CIL library: CIL module
 0001:000053a8       ??__E?s_id@?$TObjectUniqueID@UIConsoleExt@base@UModSys@@@tl@UModSys@@2USUniquePointer@core@3@A@@YAXXZ 00000001800063a8 f    CIL library: CIL module
 0001:000053dc       ??__E?s_id@?$TObjectUniqueID@UIConsoleHelper@base@UModSys@@@tl@UModSys@@2USUniquePointer@core@3@A@@YAXXZ 00000001800063dc f    CIL library: CIL module
 0001:00005410       ??__E?s_id@?$TObjectUniqueID@UIConsoleHelperHistory@base@UModSys@@@tl@UModSys@@2USUniquePointer@core@3@A@@YAXXZ 0000000180006410 f    CIL library: CIL module
 0001:00005444       ??__E?s_id@?$TObjectUniqueID@UIConsoleHelperInput@base@UModSys@@@tl@UModSys@@2USUniquePointer@core@3@A@@YAXXZ 0000000180006444 f    CIL library: CIL module
 0001:00005478       ??__E?s_id@?$TObjectUniqueID@UIConsoleHelperOutput@base@UModSys@@@tl@UModSys@@2USUniquePointer@core@3@A@@YAXXZ 0000000180006478 f    CIL library: CIL module
 0001:000054ac       ??__E?s_id@?$TObjectUniqueID@UIConsoleHelperOutputFCS@base@UModSys@@@tl@UModSys@@2USUniquePointer@core@3@A@@YAXXZ 00000001800064ac f    CIL library: CIL module
 0001:000054e0       ??__E?s_id@?$TObjectUniqueID@UIKeyboardController@libui@UModSys@@@tl@UModSys@@2USUniquePointer@core@3@A@@YAXXZ 00000001800064e0 f    CIL library: CIL module
 0001:00005514       ??__E?s_id@?$TObjectUniqueID@UIMouseController@libui@UModSys@@@tl@UModSys@@2USUniquePointer@core@3@A@@YAXXZ 0000000180006514 f    CIL library: CIL module
 0001:00005548       ??__E?s_id@?$TObjectUniqueID@UIJoystickController@libui@UModSys@@@tl@UModSys@@2USUniquePointer@core@3@A@@YAXXZ 0000000180006548 f    CIL library: CIL module
 0001:0000557c       ??__E?s_id@?$TObjectUniqueID@UITerminal@libui@UModSys@@@tl@UModSys@@2USUniquePointer@core@3@A@@YAXXZ 000000018000657c f    CIL library: CIL module
 0001:000055b0       ??__E?s_id@?$TObjectUniqueID@UIConsoleHelperInput_UIKey@libui@UModSys@@@tl@UModSys@@2USUniquePointer@core@3@A@@YAXXZ 00000001800065b0 f    CIL library: CIL module
 0001:000055e4       ??__E?s_id@?$TObjectUniqueID@UIImage@lib2d@UModSys@@@tl@UModSys@@2USUniquePointer@core@3@A@@YAXXZ 00000001800065e4 f    CIL library: CIL module
 0001:00005618       ??__E?s_id@?$TObjectUniqueID@UIMultiImage@lib2d@UModSys@@@tl@UModSys@@2USUniquePointer@core@3@A@@YAXXZ 0000000180006618 f    CIL library: CIL module
 0001:0000564c       ??__E?s_id@?$TObjectUniqueID@UIRenderDriver@lib2d@UModSys@@@tl@UModSys@@2USUniquePointer@core@3@A@@YAXXZ 000000018000664c f    CIL library: CIL module
 0001:00005680       ??__E?s_id@?$TObjectUniqueID@UILines@test1@test@modules@UModSys@@@tl@UModSys@@2USUniquePointer@core@3@A@@YAXXZ 0000000180006680 f    CIL library: CIL module
 0001:000056b4       ??__E?s_id@?$TObjectUniqueID@URLines@test1@test@modules@UModSys@@@tl@UModSys@@2USUniquePointer@core@3@A@@YAXXZ 00000001800066b4 f    CIL library: CIL module
 0001:000056e8       ??__E?s_id@?$TObjectUniqueID@URLines_Filter@test1@test@modules@UModSys@@@tl@UModSys@@2USUniquePointer@core@3@A@@YAXXZ 00000001800066e8 f    CIL library: CIL module
 0001:0000571c       ??__E?s_id@?$TObjectUniqueID@URTest1_Shell@test1@test@modules@UModSys@@@tl@UModSys@@2USUniquePointer@core@3@A@@YAXXZ 000000018000671c f    CIL library: CIL module
 0001:00005750       ??__E?s_id@?$TObjectUniqueID@URGenerator@test1@test@modules@UModSys@@@tl@UModSys@@2USUniquePointer@core@3@A@@YAXXZ 0000000180006750 f    CIL library: CIL module
 0001:00005784       ??__E?s_modreg@RModuleReg@SDL_core@ui@modules@UModSys@@2U12345@A@@YAXXZ 0000000180006784 f    CIL library: CIL module
 0001:000057cc       ??__E?s_modreg_chain@RModuleReg@SDL_core@ui@modules@UModSys@@2USModuleRegChain@base@5@A@@YAXXZ 00000001800067cc f    CIL library: CIL module
 0001:0000580c       ??__E?s_uid@RGenerator@SDL_core@ui@modules@UModSys@@2USUniquePointer@core@5@A@@YAXXZ 000000018000680c f    CIL library: CIL module
 0001:00005840       ??__E?s_id@?$TObjectUniqueID@URMultiImage2D_SDL_ttf@SDL_core@ui@modules@UModSys@@@tl@UModSys@@2USUniquePointer@core@3@A@@YAXXZ 0000000180006840 f    CIL library: CIL module
 0001:00005874       ??__E?s_id@?$TObjectUniqueID@URRenderDriver2D_SDL_core@SDL_core@ui@modules@UModSys@@@tl@UModSys@@2USUniquePointer@core@3@A@@YAXXZ 0000000180006874 f    CIL library: CIL module
 0001:000058a8       ??__E?s_id@?$TObjectUniqueID@URTerminal_SDL_core@SDL_core@ui@modules@UModSys@@@tl@UModSys@@2USUniquePointer@core@3@A@@YAXXZ 00000001800068a8 f    CIL library: CIL module
 0001:000058dc       ??__E?s_id@?$TObjectUniqueID@URGenerator@SDL_core@ui@modules@UModSys@@@tl@UModSys@@2USUniquePointer@core@3@A@@YAXXZ 00000001800068dc f    CIL library: CIL module
 0001:00005910       ??__E?s_modreg@RModuleReg@images_std@media@modules@UModSys@@2U12345@A@@YAXXZ 0000000180006910 f    CIL library: CIL module
 0001:0000595c       ??__E?s_modreg_chain@RModuleReg@images_std@media@modules@UModSys@@2USModuleRegChain@base@5@A@@YAXXZ 000000018000695c f    CIL library: CIL module
 0001:0000599c       ??__E?s_uid@RGenerator@images_std@media@modules@UModSys@@2USUniquePointer@core@5@A@@YAXXZ 000000018000699c f    CIL library: CIL module
 0001:000059d0       ??__E?s_id@?$TObjectUniqueID@URMediaFilter@images_std@media@modules@UModSys@@@tl@UModSys@@2USUniquePointer@core@3@A@@YAXXZ 00000001800069d0 f    CIL library: CIL module
 0001:00005a04       ??__E?s_id@?$TObjectUniqueID@URGenerator@images_std@media@modules@UModSys@@@tl@UModSys@@2USUniquePointer@core@3@A@@YAXXZ 0000000180006a04 f    CIL library: CIL module
 0001:00005a38       ??__EM@UModSys@@YAXXZ      0000000180006a38 f    CIL library: CIL module
 0001:00005a44       ??__E?root@SModuleRegChain@base@UModSys@@2U123@A@@YAXXZ 0000000180006a44 f    CIL library: CIL module
 0001:00005a50       ??__E?s_library@RModuleLibraryReg_Chain@base@UModSys@@2U123@A@@YAXXZ 0000000180006a50 f    CIL library: CIL module
 0001:00005a5c       ??__E?root@SUniquePointer@core@UModSys@@2U123@A@@YAXXZ 0000000180006a5c f    CIL library: CIL module
 0001:00005a68       ??__F?s_modreg@RModuleReg@test1@test@modules@UModSys@@2U12345@A@@YAXXZ 0000000180006a68 f    CIL library: CIL module
 0001:00005a78       ??__F?s_modreg_chain@RModuleReg@test1@test@modules@UModSys@@2USModuleRegChain@base@5@A@@YAXXZ 0000000180006a78 f    CIL library: CIL module
 0001:00005ab8       ??__F?s_uid@RGenerator@test1@test@modules@UModSys@@2USUniquePointer@core@5@A@@YAXXZ 0000000180006ab8 f    CIL library: CIL module
 0001:00005ac4       ??__Fh@?1??s_holder@RGenerator@test1@test@modules@UModSys@@SAAEAU?$TTypeStaticHolder@URGenerator@test1@test@modules@UModSys@@@tl@5@XZ@YAXXZ 0000000180006ac4 f    CIL library: CIL module
 0001:00005aec       ??__F?s_id@?$TObjectUniqueID@URGenerator@test1@test@modules@UModSys@@@tl@UModSys@@2USUniquePointer@core@3@A@@YAXXZ 0000000180006aec f    CIL library: CIL module
 0001:00005af8       ??__F?s_id@?$TObjectUniqueID@URTest1_Shell@test1@test@modules@UModSys@@@tl@UModSys@@2USUniquePointer@core@3@A@@YAXXZ 0000000180006af8 f    CIL library: CIL module
 0001:00005b04       ??__F?s_id@?$TObjectUniqueID@URLines_Filter@test1@test@modules@UModSys@@@tl@UModSys@@2USUniquePointer@core@3@A@@YAXXZ 0000000180006b04 f    CIL library: CIL module
 0001:00005b10       ??__F?s_id@?$TObjectUniqueID@URLines@test1@test@modules@UModSys@@@tl@UModSys@@2USUniquePointer@core@3@A@@YAXXZ 0000000180006b10 f    CIL library: CIL module
 0001:00005b1c       ??__F?s_id@?$TObjectUniqueID@UILines@test1@test@modules@UModSys@@@tl@UModSys@@2USUniquePointer@core@3@A@@YAXXZ 0000000180006b1c f    CIL library: CIL module
 0001:00005b28       ??__F?s_id@?$TObjectUniqueID@UIRenderDriver@lib2d@UModSys@@@tl@UModSys@@2USUniquePointer@core@3@A@@YAXXZ 0000000180006b28 f    CIL library: CIL module
 0001:00005b34       ??__F?s_id@?$TObjectUniqueID@UIMultiImage@lib2d@UModSys@@@tl@UModSys@@2USUniquePointer@core@3@A@@YAXXZ 0000000180006b34 f    CIL library: CIL module
 0001:00005b40       ??__F?s_id@?$TObjectUniqueID@UIImage@lib2d@UModSys@@@tl@UModSys@@2USUniquePointer@core@3@A@@YAXXZ 0000000180006b40 f    CIL library: CIL module
 0001:00005b4c       ??__F?s_id@?$TObjectUniqueID@UIConsoleHelperInput_UIKey@libui@UModSys@@@tl@UModSys@@2USUniquePointer@core@3@A@@YAXXZ 0000000180006b4c f    CIL library: CIL module
 0001:00005b58       ??__F?s_id@?$TObjectUniqueID@UITerminal@libui@UModSys@@@tl@UModSys@@2USUniquePointer@core@3@A@@YAXXZ 0000000180006b58 f    CIL library: CIL module
 0001:00005b64       ??__F?s_id@?$TObjectUniqueID@UIJoystickController@libui@UModSys@@@tl@UModSys@@2USUniquePointer@core@3@A@@YAXXZ 0000000180006b64 f    CIL library: CIL module
 0001:00005b70       ??__F?s_id@?$TObjectUniqueID@UIMouseController@libui@UModSys@@@tl@UModSys@@2USUniquePointer@core@3@A@@YAXXZ 0000000180006b70 f    CIL library: CIL module
 0001:00005b7c       ??__F?s_id@?$TObjectUniqueID@UIKeyboardController@libui@UModSys@@@tl@UModSys@@2USUniquePointer@core@3@A@@YAXXZ 0000000180006b7c f    CIL library: CIL module
 0001:00005b88       ??__F?s_id@?$TObjectUniqueID@UIConsoleHelperOutputFCS@base@UModSys@@@tl@UModSys@@2USUniquePointer@core@3@A@@YAXXZ 0000000180006b88 f    CIL library: CIL module
 0001:00005b94       ??__F?s_id@?$TObjectUniqueID@UIConsoleHelperOutput@base@UModSys@@@tl@UModSys@@2USUniquePointer@core@3@A@@YAXXZ 0000000180006b94 f    CIL library: CIL module
 0001:00005ba0       ??__F?s_id@?$TObjectUniqueID@UIConsoleHelperInput@base@UModSys@@@tl@UModSys@@2USUniquePointer@core@3@A@@YAXXZ 0000000180006ba0 f    CIL library: CIL module
 0001:00005bac       ??__F?s_id@?$TObjectUniqueID@UIConsoleHelperHistory@base@UModSys@@@tl@UModSys@@2USUniquePointer@core@3@A@@YAXXZ 0000000180006bac f    CIL library: CIL module
 0001:00005bb8       ??__F?s_id@?$TObjectUniqueID@UIConsoleHelper@base@UModSys@@@tl@UModSys@@2USUniquePointer@core@3@A@@YAXXZ 0000000180006bb8 f    CIL library: CIL module
 0001:00005bc4       ??__F?s_id@?$TObjectUniqueID@UIConsoleExt@base@UModSys@@@tl@UModSys@@2USUniquePointer@core@3@A@@YAXXZ 0000000180006bc4 f    CIL library: CIL module
 0001:00005bd0       ??__F?s_id@?$TObjectUniqueID@UILibraryLayered@libmedia@UModSys@@@tl@UModSys@@2USUniquePointer@core@3@A@@YAXXZ 0000000180006bd0 f    CIL library: CIL module
 0001:00005bdc       ??__F?s_id@?$TObjectUniqueID@UILibraryObjCache@libmedia@UModSys@@@tl@UModSys@@2USUniquePointer@core@3@A@@YAXXZ 0000000180006bdc f    CIL library: CIL module
 0001:00005be8       ??__F?s_id@?$TObjectUniqueID@UILibraryObjFilter@libmedia@UModSys@@@tl@UModSys@@2USUniquePointer@core@3@A@@YAXXZ 0000000180006be8 f    CIL library: CIL module
 0001:00005bf4       ??__F?s_id@?$TObjectUniqueID@UILibraryBinCache@libmedia@UModSys@@@tl@UModSys@@2USUniquePointer@core@3@A@@YAXXZ 0000000180006bf4 f    CIL library: CIL module
 0001:00005c00       ??__F?s_id@?$TObjectUniqueID@UILibraryBinTree@libmedia@UModSys@@@tl@UModSys@@2USUniquePointer@core@3@A@@YAXXZ 0000000180006c00 f    CIL library: CIL module
 0001:00005c0c       ??__F?s_id@?$TObjectUniqueID@UILibrary@libmedia@UModSys@@@tl@UModSys@@2USUniquePointer@core@3@A@@YAXXZ 0000000180006c0c f    CIL library: CIL module
 0001:00005c18       ??__F?s_id@?$TObjectUniqueID@UIBinObjFilter@libmedia@UModSys@@@tl@UModSys@@2USUniquePointer@core@3@A@@YAXXZ 0000000180006c18 f    CIL library: CIL module
 0001:00005c24       ??__F?s_id@?$TObjectUniqueID@UIBinArchive@libmedia@UModSys@@@tl@UModSys@@2USUniquePointer@core@3@A@@YAXXZ 0000000180006c24 f    CIL library: CIL module
 0001:00005c30       ??__F?s_id@?$TObjectUniqueID@UIStreamWriter@libmedia@UModSys@@@tl@UModSys@@2USUniquePointer@core@3@A@@YAXXZ 0000000180006c30 f    CIL library: CIL module
 0001:00005c3c       ??__F?s_id@?$TObjectUniqueID@UIStreamReader@libmedia@UModSys@@@tl@UModSys@@2USUniquePointer@core@3@A@@YAXXZ 0000000180006c3c f    CIL library: CIL module
 0001:00005c48       ??__F?s_id@?$TObjectUniqueID@UISystem@base@UModSys@@@tl@UModSys@@2USUniquePointer@core@3@A@@YAXXZ 0000000180006c48 f    CIL library: CIL module
 0001:00005c54       ??__F?s_id@?$TObjectUniqueID@UIConsole@base@UModSys@@@tl@UModSys@@2USUniquePointer@core@3@A@@YAXXZ 0000000180006c54 f    CIL library: CIL module
 0001:00005c60       ??__F?s_id@?$TObjectUniqueID@UIShell@base@UModSys@@@tl@UModSys@@2USUniquePointer@core@3@A@@YAXXZ 0000000180006c60 f    CIL library: CIL module
 0001:00005c6c       ??__F?s_id@?$TObjectUniqueID@UIGenerator@base@UModSys@@@tl@UModSys@@2USUniquePointer@core@3@A@@YAXXZ 0000000180006c6c f    CIL library: CIL module
 0001:00005c78       ??__F?s_id@?$TObjectUniqueID@UIModObject@base@UModSys@@@tl@UModSys@@2USUniquePointer@core@3@A@@YAXXZ 0000000180006c78 f    CIL library: CIL module
 0001:00005c84       ??__F?s_id@?$TObjectUniqueID@UIModuleLibrary@base@UModSys@@@tl@UModSys@@2USUniquePointer@core@3@A@@YAXXZ 0000000180006c84 f    CIL library: CIL module
 0001:00005c90       ??__F?s_id@?$TObjectUniqueID@UIModule@base@UModSys@@@tl@UModSys@@2USUniquePointer@core@3@A@@YAXXZ 0000000180006c90 f    CIL library: CIL module
 0001:00005c9c       ??__F?s_id@?$TObjectUniqueID@UIParameters@core@UModSys@@@tl@UModSys@@2USUniquePointer@core@3@A@@YAXXZ 0000000180006c9c f    CIL library: CIL module
 0001:00005ca8       ??__F?s_id@?$TObjectUniqueID@UIRefObject@core@UModSys@@@tl@UModSys@@2USUniquePointer@core@3@A@@YAXXZ 0000000180006ca8 f    CIL library: CIL module
 0001:00005cb4       ??__F?s_id@?$TObjectUniqueID@UIRoot@core@UModSys@@@tl@UModSys@@2USUniquePointer@core@3@A@@YAXXZ 0000000180006cb4 f    CIL library: CIL module
 0001:00005cc0       ??__F?s_modreg@RModuleReg@SDL_core@ui@modules@UModSys@@2U12345@A@@YAXXZ 0000000180006cc0 f    CIL library: CIL module
 0001:00005cd0       ??__F?s_modreg_chain@RModuleReg@SDL_core@ui@modules@UModSys@@2USModuleRegChain@base@5@A@@YAXXZ 0000000180006cd0 f    CIL library: CIL module
 0001:00005d10       ??__F?s_uid@RGenerator@SDL_core@ui@modules@UModSys@@2USUniquePointer@core@5@A@@YAXXZ 0000000180006d10 f    CIL library: CIL module
 0001:00005d1c       ??__Fh@?1??s_holder@RGenerator@SDL_core@ui@modules@UModSys@@SAAEAU?$TTypeStaticHolder@URGenerator@SDL_core@ui@modules@UModSys@@@tl@5@XZ@YAXXZ 0000000180006d1c f    CIL library: CIL module
 0001:00005d44       ??__F?s_id@?$TObjectUniqueID@URGenerator@SDL_core@ui@modules@UModSys@@@tl@UModSys@@2USUniquePointer@core@3@A@@YAXXZ 0000000180006d44 f    CIL library: CIL module
 0001:00005d50       ??__F?s_id@?$TObjectUniqueID@URTerminal_SDL_core@SDL_core@ui@modules@UModSys@@@tl@UModSys@@2USUniquePointer@core@3@A@@YAXXZ 0000000180006d50 f    CIL library: CIL module
 0001:00005d5c       ??__F?s_id@?$TObjectUniqueID@URRenderDriver2D_SDL_core@SDL_core@ui@modules@UModSys@@@tl@UModSys@@2USUniquePointer@core@3@A@@YAXXZ 0000000180006d5c f    CIL library: CIL module
 0001:00005d68       ??__F?s_id@?$TObjectUniqueID@URMultiImage2D_SDL_ttf@SDL_core@ui@modules@UModSys@@@tl@UModSys@@2USUniquePointer@core@3@A@@YAXXZ 0000000180006d68 f    CIL library: CIL module
 0001:00005d74       ??__F?s_modreg@RModuleReg@images_std@media@modules@UModSys@@2U12345@A@@YAXXZ 0000000180006d74 f    CIL library: CIL module
 0001:00005d84       ??__F?s_modreg_chain@RModuleReg@images_std@media@modules@UModSys@@2USModuleRegChain@base@5@A@@YAXXZ 0000000180006d84 f    CIL library: CIL module
 0001:00005dc4       ??__F?s_uid@RGenerator@images_std@media@modules@UModSys@@2USUniquePointer@core@5@A@@YAXXZ 0000000180006dc4 f    CIL library: CIL module
 0001:00005dd0       ??__Fh@?1??s_holder@RGenerator@images_std@media@modules@UModSys@@SAAEAU?$TTypeStaticHolder@URGenerator@images_std@media@modules@UModSys@@@tl@5@XZ@YAXXZ 0000000180006dd0 f    CIL library: CIL module
 0001:00005df8       ??__F?s_id@?$TObjectUniqueID@URGenerator@images_std@media@modules@UModSys@@@tl@UModSys@@2USUniquePointer@core@3@A@@YAXXZ 0000000180006df8 f    CIL library: CIL module
 0001:00005e04       ??__F?s_id@?$TObjectUniqueID@URMediaFilter@images_std@media@modules@UModSys@@@tl@UModSys@@2USUniquePointer@core@3@A@@YAXXZ 0000000180006e04 f    CIL library: CIL module
 0001:00005e10       ??__FM@UModSys@@YAXXZ      0000000180006e10 f    CIL library: CIL module
 0001:00005e14       ??__F?root@SModuleRegChain@base@UModSys@@2U123@A@@YAXXZ 0000000180006e14 f    CIL library: CIL module
 0001:00005e54       ??__F?s_library@RModuleLibraryReg_Chain@base@UModSys@@2U123@A@@YAXXZ 0000000180006e54 f    CIL library: CIL module
 0001:00005e64       ??__F?root@SUniquePointer@core@UModSys@@2U123@A@@YAXXZ 0000000180006e64 f    CIL library: CIL module

 Exports

  ordinal    name

        1    UModSys_Plugin_Entry2
