 plugin_test1

 Timestamp is 52a95d91 (Thu Dec 12 09:54:09 2013)

 Preferred load address is 0000000180000000

 Start         Length     Name                   Class
 0001:00000000 000178f0H .text                   CODE
 0001:000178f0 0000005eH .text$00                CODE
 0001:00017950 00001463H .text$x                 CODE
 0001:00018db4 0000121cH .text$yc                CODE
 0001:00019fd0 000006b4H .text$yd                CODE
 0002:00000000 00000358H .idata$5                DATA
 0002:00000358 00000008H .CRT$XCA                DATA
 0002:00000360 00000f98H .CRT$XCU                DATA
 0002:000012f8 00000008H .CRT$XCZ                DATA
 0002:00001300 00000008H .CRT$XIA                DATA
 0002:00001308 00000008H .CRT$XIAA               DATA
 0002:00001310 00000008H .CRT$XIZ                DATA
 0002:00001320 00004178H .rdata                  DATA
 0002:000054a0 00002594H .rdata$r                DATA
 0002:00007a38 00000008H .rtc$IAA                DATA
 0002:00007a40 00000008H .rtc$IZZ                DATA
 0002:00007a48 00000008H .rtc$TAA                DATA
 0002:00007a50 00000008H .rtc$TZZ                DATA
 0002:00007a58 00002628H .xdata                  DATA
 0002:0000a080 00000064H .idata$2                DATA
 0002:0000a0e4 00000014H .idata$3                DATA
 0002:0000a0f8 00000358H .idata$4                DATA
 0002:0000a450 000007a2H .idata$6                DATA
 0002:0000ac00 00000059H .edata                  DATA
 0003:00000000 00001110H .data                   DATA
 0003:00001110 00001ac0H .bss                    DATA
 0004:00000000 00001c5cH .pdata                  DATA

  Address         Publics by Value              Rva+Base               Lib:Object

 0000:00000000       ___safe_se_handler_count   0000000000000000     <absolute>
 0000:00000000       ___safe_se_handler_table   0000000000000000     <absolute>
 0000:00000000       __ImageBase                0000000180000000     <linker-defined>
 0001:00000000       ??1SMemShared@core@UModSys@@QEAA@XZ 0000000180001000 f i plugin_test1.obj
 0001:00000000       ??1State@RImage_Memory@stdlib@lib2d@modules@UModSys@@QEAA@XZ 0000000180001000 f i umodsys_lib_lib2d:umodsys.mod.2d.stdlib.obj
 0001:00000030       ??6SUniquePtrList@core@UModSys@@QEAAAEAU012@PEBUSUniquePointerInfo@12@@Z 0000000180001030 f i plugin_test1.obj
 0001:000000e8       ??3IRoot@core@UModSys@@SAXPEAXAEBUSIMemAlloc@12@@Z 00000001800010e8 f i plugin_test1.obj
 0001:00000114       ??1?$TParametersA@$0BAA@@core@UModSys@@QEAA@XZ 0000000180001114 f i umodsys_lib_libui:umodsys.mod.ui.SDL_core.obj
 0001:00000114       ??1SParameters@core@UModSys@@QEAA@XZ 0000000180001114 f i plugin_test1.obj
 0001:00000114       ??1?$TParametersA@$0EAA@@core@UModSys@@QEAA@XZ 0000000180001114 f i plugin_test1.obj
 0001:00000130       ?bin_reader@ILibrary@libmedia@UModSys@@QEAA?AU?$TRefObject@UIStreamReader@libmedia@UModSys@@U?$TRefObjectFunc@UIStreamReader@libmedia@UModSys@@@tl@3@@tl@3@AEBU?$TString@U?$TSCoreConst@D@su@tl@UModSys@@U?$TComparerBinaryHash@D@234@@53@AEBU?$TFlags4State@USMediaFlagUid@libmedia@UModSys@@I@53@@Z 0000000180001130 f i plugin_test1.obj
 0001:0000016c       ?bin_writer@ILibrary@libmedia@UModSys@@QEAA?AU?$TRefObject@UIStreamWriter@libmedia@UModSys@@U?$TRefObjectFunc@UIStreamWriter@libmedia@UModSys@@@tl@3@@tl@3@AEBU?$TString@U?$TSCoreConst@D@su@tl@UModSys@@U?$TComparerBinaryHash@D@234@@53@AEBU?$TFlags4State@USMediaFlagUid@libmedia@UModSys@@I@53@@Z 000000018000116c f i plugin_test1.obj
 0001:000001a8       ?mount_add@ILibraryBinTree@libmedia@UModSys@@QEAA_NAEBU?$TString@U?$TSCoreConst@D@su@tl@UModSys@@U?$TComparerBinaryHash@D@234@@tl@3@PEAUIBinArchive@23@H@Z 00000001800011a8 f i plugin_test1.obj
 0001:0000023c       ?mount_add@ILibraryBinTree@libmedia@UModSys@@QEAA_NAEBU?$TString@U?$TSCoreConst@D@su@tl@UModSys@@U?$TComparerBinaryHash@D@234@@tl@3@HPEAUIBinArchive@23@H@Z 000000018000123c f i plugin_test1.obj
 0001:000002d4       ?layer_push@ILibraryLayered@libmedia@UModSys@@QEAA_NPEAUILibrary@23@HAEBU?$TString@U?$TSCoreConst@D@su@tl@UModSys@@U?$TComparerBinaryHash@D@234@@tl@3@@Z 00000001800012d4 f i plugin_test1.obj
 0001:00000364       ??1SLayer@ILibraryLayered@libmedia@UModSys@@QEAA@XZ 0000000180001364 f i plugin_test1.obj
 0001:00000364       ??1SPoint@ILibraryBinTree@libmedia@UModSys@@QEAA@XZ 0000000180001364 f i plugin_test1.obj
 0001:00000388       ?root_get_interface_info@RTest1_Shell@test1@test@modules@UModSys@@UEBAAEBUSUniquePointerInfo@core@5@XZ 0000000180001388 f i plugin_test1.obj
 0001:00000390       ?root_get_interface_type@RTest1_Shell@test1@test@modules@UModSys@@UEBAPEBUSUniquePointerInfo@core@5@XZ 0000000180001390 f i plugin_test1.obj
 0001:00000398       ?root_get_other_interface@RTest1_Shell@test1@test@modules@UModSys@@UEBAPEBUIRoot@core@5@PEBUSUniquePointerInfo@75@@Z 0000000180001398 f i plugin_test1.obj
 0001:00000398       ?root_get_other_interface@RTest1_Shell@test1@test@modules@UModSys@@UEAAPEAUIRoot@core@5@PEBUSUniquePointerInfo@75@@Z 0000000180001398 f i plugin_test1.obj
 0001:000003c8       ?root_is_interface_supported@RTest1_Shell@test1@test@modules@UModSys@@UEBA_NPEBUSUniquePointerInfo@core@5@@Z 00000001800013c8 f i plugin_test1.obj
 0001:000003f8       ?ref_add@RTest1_Shell@test1@test@modules@UModSys@@UEBAXXZ 00000001800013f8 f i plugin_test1.obj
 0001:000003fc       ?ref_remove@RTest1_Shell@test1@test@modules@UModSys@@UEBAXXZ 00000001800013fc f i plugin_test1.obj
 0001:00000414       ?ref_links@RTest1_Shell@test1@test@modules@UModSys@@UEBAHXZ 0000000180001414 f i plugin_test1.obj
 0001:00000418       ?ref_weak@RTest1_Shell@test1@test@modules@UModSys@@UEBA_NAEAUWeakPointer@IRefObject@core@5@@Z 0000000180001418 f i plugin_test1.obj
 0001:00000438       ?suicide@RTest1_Shell@test1@test@modules@UModSys@@UEAAXXZ 0000000180001438 f i plugin_test1.obj
 0001:00000484       ??0RTest1_Shell@test1@test@modules@UModSys@@QEAA@PEAUIModObject@base@4@@Z 0000000180001484 f i plugin_test1.obj
 0001:000005bc       ?connect@RTest1_Shell@test1@test@modules@UModSys@@UEAA_NXZ 00000001800015bc f i plugin_test1.obj
 0001:000005e0       ?disconnect@RTest1_Shell@test1@test@modules@UModSys@@UEAA_NXZ 00000001800015e0 f i plugin_test1.obj
 0001:00000604       ?process_tick@RTest1_Shell@test1@test@modules@UModSys@@UEAA_NAEBUSTimeMsec@core@5@@Z 0000000180001604 f i plugin_test1.obj
 0001:0000063c       ?process_command@RTest1_Shell@test1@test@modules@UModSys@@UEAA_NHQEBU?$TString@U?$TSCoreConst@D@su@tl@UModSys@@U?$TComparerBinaryHash@D@234@@tl@5@@Z 000000018000163c f i plugin_test1.obj
 0001:00000660       ??_GRTest1_Shell@test1@test@modules@UModSys@@UEAAPEAXI@Z 0000000180001660 f i plugin_test1.obj
 0001:00000660       ??_ERTest1_Shell@test1@test@modules@UModSys@@UEAAPEAXI@Z 0000000180001660 f i  CIL library: CIL module
 0001:00000724       ??1ITerminal@libui@UModSys@@UEAA@XZ 0000000180001724 f i umodsys_lib_libui:umodsys.mod.ui.SDL_core.obj
 0001:00000724       ??1IFrame@libui@UModSys@@UEAA@XZ 0000000180001724 f i umodsys_lib_libui:umodsys.mod.ui.frames.obj
 0001:00000724       ??1IDialog@libui@UModSys@@UEAA@XZ 0000000180001724 f i umodsys_lib_libui:umodsys.mod.ui.frames.obj
 0001:00000724       ??1ISerializeReader@libmedia@UModSys@@UEAA@XZ 0000000180001724 f i umodsys_lib_libmedia:umodsys.mod.media.serialize_json.obj
 0001:00000724       ??1IShell@base@UModSys@@UEAA@XZ 0000000180001724 f i plugin_test1.obj
 0001:00000724       ??1ISerializeWriter@libmedia@UModSys@@UEAA@XZ 0000000180001724 f i umodsys_lib_libmedia:umodsys.mod.media.serialize_json.obj
 0001:00000724       ??1IMultiImage@lib2d@UModSys@@UEAA@XZ 0000000180001724 f i umodsys_lib_libui:umodsys.mod.ui.SDL_core.obj
 0001:00000724       ??1IImage@lib2d@UModSys@@UEAA@XZ 0000000180001724 f i umodsys_lib_lib2d:umodsys.mod.2d.stdlib.obj
 0001:00000724       ??1IRenderDriver@lib2d@UModSys@@UEAA@XZ 0000000180001724 f i umodsys_lib_libui:umodsys.mod.ui.SDL_core.obj
 0001:00000724       ??1ICollector@libui@UModSys@@UEAA@XZ 0000000180001724 f i umodsys_lib_libui:umodsys.mod.ui.frames.obj
 0001:00000724       ??1IKeyboardController@libui@UModSys@@UEAA@XZ 0000000180001724 f i umodsys_lib_libui:umodsys.mod.ui.SDL_core.obj
 0001:00000724       ??1IBinObjFilter@libmedia@UModSys@@UEAA@XZ 0000000180001724 f i plugin_test1.obj
 0001:00000724       ??1IMouseController@libui@UModSys@@UEAA@XZ 0000000180001724 f i umodsys_lib_libui:umodsys.mod.ui.SDL_core.obj
 0001:00000730       ?new_mem_image@RTest1_Shell@test1@test@modules@UModSys@@QEAA?AU?$TRefObject@UIImage@lib2d@UModSys@@U?$TRefObjectFunc@UIImage@lib2d@UModSys@@@tl@3@@tl@5@XZ 0000000180001730 f   plugin_test1.obj
 0001:0000080c       ?media_arch_stdio@RTest1_Shell@test1@test@modules@UModSys@@QEAA?AU?$TRefObject@UIBinArchive@libmedia@UModSys@@U?$TRefObjectFunc@UIBinArchive@libmedia@UModSys@@@tl@3@@tl@5@AEBU?$TString@U?$TSCoreConst@D@su@tl@UModSys@@U?$TComparerBinaryHash@D@234@@75@@Z 000000018000180c f   plugin_test1.obj
 0001:00000910       ?media_filter_new@RTest1_Shell@test1@test@modules@UModSys@@QEAA?AU?$TRefObject@UIBinObjFilter@libmedia@UModSys@@U?$TRefObjectFunc@UIBinObjFilter@libmedia@UModSys@@@tl@3@@tl@5@AEBU?$TString@U?$TSCoreConst@D@su@tl@UModSys@@U?$TComparerBinaryHash@D@234@@75@AEBUSParameters@core@5@@Z 0000000180001910 f   plugin_test1.obj
 0001:000009ec       ?media_vfs@RTest1_Shell@test1@test@modules@UModSys@@QEAA?AU?$TRefObject@UILibraryBinTree@libmedia@UModSys@@U?$TRefObjectFunc@UILibraryBinTree@libmedia@UModSys@@@tl@3@@tl@5@XZ 00000001800019ec f   plugin_test1.obj
 0001:00000ac8       ?media_flt@RTest1_Shell@test1@test@modules@UModSys@@QEAA?AU?$TRefObject@UILibraryObjFilter@libmedia@UModSys@@U?$TRefObjectFunc@UILibraryObjFilter@libmedia@UModSys@@@tl@3@@tl@5@XZ 0000000180001ac8 f   plugin_test1.obj
 0001:00000ba4       ?media_lay@RTest1_Shell@test1@test@modules@UModSys@@QEAA?AU?$TRefObject@UILibraryLayered@libmedia@UModSys@@U?$TRefObjectFunc@UILibraryLayered@libmedia@UModSys@@@tl@3@@tl@5@XZ 0000000180001ba4 f   plugin_test1.obj
 0001:00000c80       ?media_cache@RTest1_Shell@test1@test@modules@UModSys@@QEAA?AU?$TRefObject@UILibrary@libmedia@UModSys@@U?$TRefObjectFunc@UILibrary@libmedia@UModSys@@@tl@3@@tl@5@_N@Z 0000000180001c80 f   plugin_test1.obj
 0001:00000e24       ?file_test6@RTest1_Shell@test1@test@modules@UModSys@@QEAAXXZ 0000000180001e24 f   plugin_test1.obj
 0001:00001c00       ?key_pressed@RTest1_Shell@test1@test@modules@UModSys@@UEAA_NAEBUSKeyboardInputRaw@libui@5@@Z 0000000180002c00 f   plugin_test1.obj
 0001:00001c60       ?key_text@RTest1_Shell@test1@test@modules@UModSys@@UEAA_NAEBUSKeyboardInputText@libui@5@@Z 0000000180002c60 f   plugin_test1.obj
 0001:00001ca8       ?mouse_event@RTest1_Shell@test1@test@modules@UModSys@@UEAA_NAEBUSMouseInput@libui@5@@Z 0000000180002ca8 f   plugin_test1.obj
 0001:00001d4c       ?command@RTest1_Shell@test1@test@modules@UModSys@@UEAA_NAEBUSController@libui@5@HAEBUSFrameDataIn@75@@Z 0000000180002d4c f   plugin_test1.obj
 0001:00001d9c       ?db_get@RTest1_Shell@test1@test@modules@UModSys@@UEAA_NAEBUSController@libui@5@QEBDAEBUSFrameDataOut@75@@Z 0000000180002d9c f   plugin_test1.obj
 0001:00001e00       ?db_get@RTest1_Shell@test1@test@modules@UModSys@@UEAA_NAEBUSController@libui@5@QEBDHAEBUSFrameDataOut@75@@Z 0000000180002e00 f   plugin_test1.obj
 0001:00001ec0       ?get_generated_names@RGenerator@test1@test@modules@UModSys@@UEBAHAEAUSUniquePtrList@core@5@@Z 0000000180002ec0 f i plugin_test1.obj
 0001:00001ee0       ?get_generated_types@RGenerator@test1@test@modules@UModSys@@UEBAHAEAUSUniquePtrList@core@5@PEBUSUniquePointerInfo@75@@Z 0000000180002ee0 f i plugin_test1.obj
 0001:00001f3c       ?generate@RGenerator@test1@test@modules@UModSys@@UEAA_NAEAU?$TRefObject@UIRefObject@core@UModSys@@U?$TRefObjectFunc@UIRefObject@core@UModSys@@@tl@3@@tl@5@PEBUSUniquePointerInfo@core@5@AEBUSParameters@95@@Z 0000000180002f3c f i plugin_test1.obj
 0001:00002000       ?root_get_interface_info@RGenerator@test1@test@modules@UModSys@@UEBAAEBUSUniquePointerInfo@core@5@XZ 0000000180003000 f i plugin_test1.obj
 0001:00002008       ?root_get_interface_type@RGenerator@test1@test@modules@UModSys@@UEBAPEBUSUniquePointerInfo@core@5@XZ 0000000180003008 f i plugin_test1.obj
 0001:00002010       ?root_get_other_interface@RGenerator@test1@test@modules@UModSys@@UEAAPEAUIRoot@core@5@PEBUSUniquePointerInfo@75@@Z 0000000180003010 f i plugin_test1.obj
 0001:00002010       ?root_get_other_interface@RGenerator@test1@test@modules@UModSys@@UEBAPEBUIRoot@core@5@PEBUSUniquePointerInfo@75@@Z 0000000180003010 f i plugin_test1.obj
 0001:00002048       ?root_is_interface_supported@RGenerator@test1@test@modules@UModSys@@UEBA_NPEBUSUniquePointerInfo@core@5@@Z 0000000180003048 f i plugin_test1.obj
 0001:00002080       ?get_uid@RGenerator@test1@test@modules@UModSys@@UEBAPEBUSUniquePointerInfo@core@5@XZ 0000000180003080 f i plugin_test1.obj
 0001:00002088       ?do_open@RModuleReg@test1@test@modules@UModSys@@UEAA_NXZ 0000000180003088 f i plugin_test1.obj
 0001:00002114       ?do_close@RModuleReg@test1@test@modules@UModSys@@UEAA_NXZ 0000000180003114 f i plugin_test1.obj
 0001:0000217c       ?get_module@RGenerator@test1@test@modules@UModSys@@UEBAPEAUIModule@base@5@XZ 000000018000317c f   plugin_test1.obj
 0001:00002184       ?mod_inc@RGenerator@test1@test@modules@UModSys@@UEBA_NXZ 0000000180003184 f   plugin_test1.obj
 0001:00002194       ?mod_dec@RGenerator@test1@test@modules@UModSys@@UEBA_NXZ 0000000180003194 f   plugin_test1.obj
 0001:000021a8       ?s_holder@RGenerator@test1@test@modules@UModSys@@SAAEAU?$TTypeStaticHolder@URGenerator@test1@test@modules@UModSys@@@tl@5@XZ 00000001800031a8 f   plugin_test1.obj
 0001:000021ec       ??0?$TString@U?$TSCoreConst@D@su@tl@UModSys@@U?$TComparerBinaryHash@D@234@@tl@UModSys@@QEAA@PEBD@Z 00000001800031ec f i plugin_test1.obj
 0001:0000225c       ?info_new@?$TSCoreShared@USIMemAlloc@core@UModSys@@D@su@tl@UModSys@@QEAA_NPEBD_K@Z 000000018000325c f i plugin_test1.obj
 0001:0000231c       ??$generate_type@UIImage@lib2d@UModSys@@@RTest1_Shell@test1@test@modules@UModSys@@QEAA?AU?$TRefObject@UIImage@lib2d@UModSys@@U?$TRefObjectFunc@UIImage@lib2d@UModSys@@@tl@3@@tl@4@AEBU?$TString@U?$TSCoreConst@D@su@tl@UModSys@@U?$TComparerBinaryHash@D@234@@64@AEBUSParameters@core@4@PEBD@Z 000000018000331c f i plugin_test1.obj
 0001:00002504       ??$generate_type@UIBinArchive@libmedia@UModSys@@@RTest1_Shell@test1@test@modules@UModSys@@QEAA?AU?$TRefObject@UIBinArchive@libmedia@UModSys@@U?$TRefObjectFunc@UIBinArchive@libmedia@UModSys@@@tl@3@@tl@4@AEBU?$TString@U?$TSCoreConst@D@su@tl@UModSys@@U?$TComparerBinaryHash@D@234@@64@AEBUSParameters@core@4@PEBD@Z 0000000180003504 f i plugin_test1.obj
 0001:000026f0       ??$generate_type@UIBinObjFilter@libmedia@UModSys@@@RTest1_Shell@test1@test@modules@UModSys@@QEAA?AU?$TRefObject@UIBinObjFilter@libmedia@UModSys@@U?$TRefObjectFunc@UIBinObjFilter@libmedia@UModSys@@@tl@3@@tl@4@AEBU?$TString@U?$TSCoreConst@D@su@tl@UModSys@@U?$TComparerBinaryHash@D@234@@64@AEBUSParameters@core@4@PEBD@Z 00000001800036f0 f i plugin_test1.obj
 0001:000028d8       ??$generate_type@UILibraryBinTree@libmedia@UModSys@@@RTest1_Shell@test1@test@modules@UModSys@@QEAA?AU?$TRefObject@UILibraryBinTree@libmedia@UModSys@@U?$TRefObjectFunc@UILibraryBinTree@libmedia@UModSys@@@tl@3@@tl@4@AEBU?$TString@U?$TSCoreConst@D@su@tl@UModSys@@U?$TComparerBinaryHash@D@234@@64@AEBUSParameters@core@4@PEBD@Z 00000001800038d8 f i plugin_test1.obj
 0001:00002ac0       ??$generate_type@UILibraryObjFilter@libmedia@UModSys@@@RTest1_Shell@test1@test@modules@UModSys@@QEAA?AU?$TRefObject@UILibraryObjFilter@libmedia@UModSys@@U?$TRefObjectFunc@UILibraryObjFilter@libmedia@UModSys@@@tl@3@@tl@4@AEBU?$TString@U?$TSCoreConst@D@su@tl@UModSys@@U?$TComparerBinaryHash@D@234@@64@AEBUSParameters@core@4@PEBD@Z 0000000180003ac0 f i plugin_test1.obj
 0001:00002ca8       ??$generate_type@UILibraryLayered@libmedia@UModSys@@@RTest1_Shell@test1@test@modules@UModSys@@QEAA?AU?$TRefObject@UILibraryLayered@libmedia@UModSys@@U?$TRefObjectFunc@UILibraryLayered@libmedia@UModSys@@@tl@3@@tl@4@AEBU?$TString@U?$TSCoreConst@D@su@tl@UModSys@@U?$TComparerBinaryHash@D@234@@64@AEBUSParameters@core@4@PEBD@Z 0000000180003ca8 f i plugin_test1.obj
 0001:00002e90       ??$generate_type@UILibraryObjCache@libmedia@UModSys@@@RTest1_Shell@test1@test@modules@UModSys@@QEAA?AU?$TRefObject@UILibraryObjCache@libmedia@UModSys@@U?$TRefObjectFunc@UILibraryObjCache@libmedia@UModSys@@@tl@3@@tl@4@AEBU?$TString@U?$TSCoreConst@D@su@tl@UModSys@@U?$TComparerBinaryHash@D@234@@64@AEBUSParameters@core@4@PEBD@Z 0000000180003e90 f i plugin_test1.obj
 0001:00003078       ??$generate_type@UILibraryBinCache@libmedia@UModSys@@@RTest1_Shell@test1@test@modules@UModSys@@QEAA?AU?$TRefObject@UILibraryBinCache@libmedia@UModSys@@U?$TRefObjectFunc@UILibraryBinCache@libmedia@UModSys@@@tl@3@@tl@4@AEBU?$TString@U?$TSCoreConst@D@su@tl@UModSys@@U?$TComparerBinaryHash@D@234@@64@AEBUSParameters@core@4@PEBD@Z 0000000180004078 f i plugin_test1.obj
 0001:00003260       ??$generate_type@UISerializeWriter@libmedia@UModSys@@@RTest1_Shell@test1@test@modules@UModSys@@QEAA?AU?$TRefObject@UISerializeWriter@libmedia@UModSys@@U?$TRefObjectFunc@UISerializeWriter@libmedia@UModSys@@@tl@3@@tl@4@AEBU?$TString@U?$TSCoreConst@D@su@tl@UModSys@@U?$TComparerBinaryHash@D@234@@64@AEBUSParameters@core@4@PEBD@Z 0000000180004260 f i plugin_test1.obj
 0001:00003448       ??$generate_type@UISerializeReader@libmedia@UModSys@@@RTest1_Shell@test1@test@modules@UModSys@@QEAA?AU?$TRefObject@UISerializeReader@libmedia@UModSys@@U?$TRefObjectFunc@UISerializeReader@libmedia@UModSys@@@tl@3@@tl@4@AEBU?$TString@U?$TSCoreConst@D@su@tl@UModSys@@U?$TComparerBinaryHash@D@234@@64@AEBUSParameters@core@4@PEBD@Z 0000000180004448 f i plugin_test1.obj
 0001:00003630       ??1?$TRefObject@UIModObject@base@UModSys@@U?$TModObjectFunc@UIModObject@base@UModSys@@@tl@3@@tl@UModSys@@QEAA@XZ 0000000180004630 f i plugin_test1.obj
 0001:0000365c       ?alloc@SMemShared@core@UModSys@@QEAA_N_KPEAUSSourceContext@23@@Z 000000018000465c f i umodsys_lib_lib2d:umodsys.mod.2d.stdlib.obj
 0001:000036e0       ?Convert@stdlib@lib2d@modules@UModSys@@YA_NAEBU?$TBoundBox2@H@math3d@4@AEBUSImageInfo@24@AEBUSMem@core@4@01AEBUSCMem@94@@Z 00000001800046e0 f i umodsys_lib_lib2d:umodsys.mod.2d.stdlib.obj
 0001:00003834       ?root_get_interface_info@RImage_Memory@stdlib@lib2d@modules@UModSys@@UEBAAEBUSUniquePointerInfo@core@5@XZ 0000000180004834 f i umodsys_lib_lib2d:umodsys.mod.2d.stdlib.obj
 0001:0000383c       ?root_get_interface_type@RImage_Memory@stdlib@lib2d@modules@UModSys@@UEBAPEBUSUniquePointerInfo@core@5@XZ 000000018000483c f i umodsys_lib_lib2d:umodsys.mod.2d.stdlib.obj
 0001:00003844       ?root_get_other_interface@RImage_Memory@stdlib@lib2d@modules@UModSys@@UEBAPEBUIRoot@core@5@PEBUSUniquePointerInfo@75@@Z 0000000180004844 f i umodsys_lib_lib2d:umodsys.mod.2d.stdlib.obj
 0001:00003844       ?root_get_other_interface@RImage_Memory@stdlib@lib2d@modules@UModSys@@UEAAPEAUIRoot@core@5@PEBUSUniquePointerInfo@75@@Z 0000000180004844 f i umodsys_lib_lib2d:umodsys.mod.2d.stdlib.obj
 0001:00003874       ?root_is_interface_supported@RImage_Memory@stdlib@lib2d@modules@UModSys@@UEBA_NPEBUSUniquePointerInfo@core@5@@Z 0000000180004874 f i umodsys_lib_lib2d:umodsys.mod.2d.stdlib.obj
 0001:000038a4       ?set_info@RImage_Memory@stdlib@lib2d@modules@UModSys@@UEAA_NAEBUSImagePatchInfo@35@PEBD@Z 00000001800048a4 f i umodsys_lib_lib2d:umodsys.mod.2d.stdlib.obj
 0001:00003b04       ?set_data@RImage_Memory@stdlib@lib2d@modules@UModSys@@UEAA_NAEBUSImagePatchInfo@35@AEBUSCMem@core@5@H@Z 0000000180004b04 f i umodsys_lib_lib2d:umodsys.mod.2d.stdlib.obj
 0001:00003bb8       ?get_info@RImage_Memory@stdlib@lib2d@modules@UModSys@@UEBAAEBUSImageInfo@35@XZ 0000000180004bb8 f i umodsys_lib_lib2d:umodsys.mod.2d.stdlib.obj
 0001:00003bc0       ?get_data@RImage_Memory@stdlib@lib2d@modules@UModSys@@UEBA_NAEBUSImagePatchInfo@35@AEBUSMem@core@5@H@Z 0000000180004bc0 f i umodsys_lib_lib2d:umodsys.mod.2d.stdlib.obj
 0001:00003c90       ?get_data@RFrame_Image@frames@ui@modules@UModSys@@UEAAPEAUIFrameData@libui@5@XZ 0000000180004c90 f i umodsys_lib_libui:umodsys.mod.ui.frames.obj
 0001:00003c90       ?get_ctrlcmd@RFrame_List@frames@ui@modules@UModSys@@UEAAPEAUIControllerCommand@libui@5@XZ 0000000180004c90 f i umodsys_lib_libui:umodsys.mod.ui.frames.obj
 0001:00003c90       ?get_ctrldata@RFrame_Edit@frames@ui@modules@UModSys@@UEAAPEAUIControllerData@libui@5@XZ 0000000180004c90 f i umodsys_lib_libui:umodsys.mod.ui.frames.obj
 0001:00003c90       ?get_data@RFrame_Button@frames@ui@modules@UModSys@@UEAAPEAUIFrameData@libui@5@XZ 0000000180004c90 f i umodsys_lib_libui:umodsys.mod.ui.frames.obj
 0001:00003c90       ?get_hwcinfo@RImage_Memory@stdlib@lib2d@modules@UModSys@@UEBAPEBXPEBUSUniquePointerInfo@core@5@@Z 0000000180004c90 f i umodsys_lib_lib2d:umodsys.mod.2d.stdlib.obj
 0001:00003c90       ?get_ctrldata@RFrame_List@frames@ui@modules@UModSys@@UEAAPEAUIControllerData@libui@5@XZ 0000000180004c90 f i umodsys_lib_libui:umodsys.mod.ui.frames.obj
 0001:00003c90       ?get_list@RFrame_Text@frames@ui@modules@UModSys@@UEAAPEAUIFrameList@libui@5@XZ 0000000180004c90 f i umodsys_lib_libui:umodsys.mod.ui.frames.obj
 0001:00003c90       ?get_ctrlcmd@RFrame_Edit@frames@ui@modules@UModSys@@UEAAPEAUIControllerCommand@libui@5@XZ 0000000180004c90 f i umodsys_lib_libui:umodsys.mod.ui.frames.obj
 0001:00003c90       ?get_ctrldata@RFrame_Frame@frames@ui@modules@UModSys@@UEAAPEAUIControllerData@libui@5@XZ 0000000180004c90 f i umodsys_lib_libui:umodsys.mod.ui.frames.obj
 0001:00003c90       ?get_hwinfo@RImage_Memory@stdlib@lib2d@modules@UModSys@@UEAAPEAXPEBUSUniquePointerInfo@core@5@@Z 0000000180004c90 f i umodsys_lib_lib2d:umodsys.mod.2d.stdlib.obj
 0001:00003c90       ?get_list@RFrame_Image@frames@ui@modules@UModSys@@UEAAPEAUIFrameList@libui@5@XZ 0000000180004c90 f i umodsys_lib_libui:umodsys.mod.ui.frames.obj
 0001:00003c90       ?get_list@RFrame_Edit@frames@ui@modules@UModSys@@UEAAPEAUIFrameList@libui@5@XZ 0000000180004c90 f i umodsys_lib_libui:umodsys.mod.ui.frames.obj
 0001:00003c90       ?get_layer@RMultiImage2D_SDL_ttf@SDL_core@ui@modules@UModSys@@UEAAPEAUIImage@lib2d@5@H@Z 0000000180004c90 f i umodsys_lib_libui:umodsys.mod.ui.SDL_core.obj
 0001:00003c90       ?get_handler@RTerminal@SDL_core@ui@modules@UModSys@@UEBAPEAUIRefObject@core@5@PEBUSUniquePointerInfo@75@PEBD@Z 0000000180004c90 f i umodsys_lib_libui:umodsys.mod.ui.SDL_core.obj
 0001:00003c90       ?get_sub@RFrame_Common@frames@ui@modules@UModSys@@UEAAPEAUIFrame@libui@5@PEAU675@H@Z 0000000180004c90 f i umodsys_lib_libui:umodsys.mod.ui.frames.obj
 0001:00003c90       ?get_ctrldata@RFrame_Text@frames@ui@modules@UModSys@@UEAAPEAUIControllerData@libui@5@XZ 0000000180004c90 f i umodsys_lib_libui:umodsys.mod.ui.frames.obj
 0001:00003c90       ?get_ctrldata@RFrame_Image@frames@ui@modules@UModSys@@UEAAPEAUIControllerData@libui@5@XZ 0000000180004c90 f i umodsys_lib_libui:umodsys.mod.ui.frames.obj
 0001:00003c90       ?get_ctrlcmd@RFrame_Button@frames@ui@modules@UModSys@@UEAAPEAUIControllerCommand@libui@5@XZ 0000000180004c90 f i umodsys_lib_libui:umodsys.mod.ui.frames.obj
 0001:00003c90       ?get_list@RFrame_Button@frames@ui@modules@UModSys@@UEAAPEAUIFrameList@libui@5@XZ 0000000180004c90 f i umodsys_lib_libui:umodsys.mod.ui.frames.obj
 0001:00003c90       ?get_up_theme@RCollector@frames@ui@modules@UModSys@@UEAAPEAUICollectorTheme@libui@5@XZ 0000000180004c90 f i umodsys_lib_libui:umodsys.mod.ui.frames.obj
 0001:00003c90       ?get_ctrlcmd@RFrame_Text@frames@ui@modules@UModSys@@UEAAPEAUIControllerCommand@libui@5@XZ 0000000180004c90 f i umodsys_lib_libui:umodsys.mod.ui.frames.obj
 0001:00003c90       ?get_list@RFrame_Frame@frames@ui@modules@UModSys@@UEAAPEAUIFrameList@libui@5@XZ 0000000180004c90 f i umodsys_lib_libui:umodsys.mod.ui.frames.obj
 0001:00003c90       ?get_data@RFrame_Frame@frames@ui@modules@UModSys@@UEAAPEAUIFrameData@libui@5@XZ 0000000180004c90 f i umodsys_lib_libui:umodsys.mod.ui.frames.obj
 0001:00003c90       ?get_friend_handler@RTerminal@SDL_core@ui@modules@UModSys@@UEBAPEAUIRefObject@core@5@PEBUSUniquePointerInfo@75@PEAU675@@Z 0000000180004c90 f i umodsys_lib_libui:umodsys.mod.ui.SDL_core.obj
 0001:00003c90       ?get_controller@RRenderDriver2D@SDL_core@ui@modules@UModSys@@UEBAPEAUIRefObject@core@5@PEBUSUniquePointerInfo@75@@Z 0000000180004c90 f i umodsys_lib_libui:umodsys.mod.ui.SDL_core.obj
 0001:00003c90       ?get_ctrldata@RFrame_Button@frames@ui@modules@UModSys@@UEAAPEAUIControllerData@libui@5@XZ 0000000180004c90 f i umodsys_lib_libui:umodsys.mod.ui.frames.obj
 0001:00003c90       ?get_ctrlcmd@RFrame_Image@frames@ui@modules@UModSys@@UEAAPEAUIControllerCommand@libui@5@XZ 0000000180004c90 f i umodsys_lib_libui:umodsys.mod.ui.frames.obj
 0001:00003c90       ?get_ctrlcmd@RFrame_Frame@frames@ui@modules@UModSys@@UEAAPEAUIControllerCommand@libui@5@XZ 0000000180004c90 f i umodsys_lib_libui:umodsys.mod.ui.frames.obj
 0001:00003c94       ??_GRImage_Memory@stdlib@lib2d@modules@UModSys@@UEAAPEAXI@Z 0000000180004c94 f i umodsys_lib_lib2d:umodsys.mod.2d.stdlib.obj
 0001:00003c94       ??_ERImage_Memory@stdlib@lib2d@modules@UModSys@@UEAAPEAXI@Z 0000000180004c94 f i  CIL library: CIL module
 0001:00003cf8       ?get_generated_names@RGenerator@stdlib@lib2d@modules@UModSys@@UEBAHAEAUSUniquePtrList@core@5@@Z 0000000180004cf8 f i umodsys_lib_lib2d:umodsys.mod.2d.stdlib.obj
 0001:00003d18       ?get_generated_types@RGenerator@stdlib@lib2d@modules@UModSys@@UEBAHAEAUSUniquePtrList@core@5@PEBUSUniquePointerInfo@75@@Z 0000000180004d18 f i umodsys_lib_lib2d:umodsys.mod.2d.stdlib.obj
 0001:00003d70       ?generate@RGenerator@stdlib@lib2d@modules@UModSys@@UEAA_NAEAU?$TRefObject@UIRefObject@core@UModSys@@U?$TRefObjectFunc@UIRefObject@core@UModSys@@@tl@3@@tl@5@PEBUSUniquePointerInfo@core@5@AEBUSParameters@95@@Z 0000000180004d70 f i umodsys_lib_lib2d:umodsys.mod.2d.stdlib.obj
 0001:00003eb4       ?root_get_interface_info@RGenerator@stdlib@lib2d@modules@UModSys@@UEBAAEBUSUniquePointerInfo@core@5@XZ 0000000180004eb4 f i umodsys_lib_lib2d:umodsys.mod.2d.stdlib.obj
 0001:00003ebc       ?root_get_interface_type@RGenerator@stdlib@lib2d@modules@UModSys@@UEBAPEBUSUniquePointerInfo@core@5@XZ 0000000180004ebc f i umodsys_lib_lib2d:umodsys.mod.2d.stdlib.obj
 0001:00003ec4       ?root_get_other_interface@RGenerator@stdlib@lib2d@modules@UModSys@@UEBAPEBUIRoot@core@5@PEBUSUniquePointerInfo@75@@Z 0000000180004ec4 f i umodsys_lib_lib2d:umodsys.mod.2d.stdlib.obj
 0001:00003ec4       ?root_get_other_interface@RGenerator@stdlib@lib2d@modules@UModSys@@UEAAPEAUIRoot@core@5@PEBUSUniquePointerInfo@75@@Z 0000000180004ec4 f i umodsys_lib_lib2d:umodsys.mod.2d.stdlib.obj
 0001:00003efc       ?root_is_interface_supported@RGenerator@stdlib@lib2d@modules@UModSys@@UEBA_NPEBUSUniquePointerInfo@core@5@@Z 0000000180004efc f i umodsys_lib_lib2d:umodsys.mod.2d.stdlib.obj
 0001:00003f34       ?get_uid@RGenerator@stdlib@lib2d@modules@UModSys@@UEBAPEBUSUniquePointerInfo@core@5@XZ 0000000180004f34 f i umodsys_lib_lib2d:umodsys.mod.2d.stdlib.obj
 0001:00003f3c       ?do_open@RModuleReg@stdlib@lib2d@modules@UModSys@@UEAA_NXZ 0000000180004f3c f i umodsys_lib_lib2d:umodsys.mod.2d.stdlib.obj
 0001:00003fb0       ?do_close@RModuleReg@stdlib@lib2d@modules@UModSys@@UEAA_NXZ 0000000180004fb0 f i umodsys_lib_lib2d:umodsys.mod.2d.stdlib.obj
 0001:00004000       ??_ERModuleReg@images_std@media@modules@UModSys@@UEAAPEAXI@Z 0000000180005000 f i  CIL library: CIL module
 0001:00004000       ??_ERModuleReg@frames@ui@modules@UModSys@@UEAAPEAXI@Z 0000000180005000 f i  CIL library: CIL module
 0001:00004000       ??_GIModuleReg@base@UModSys@@UEAAPEAXI@Z 0000000180005000 f i umodsys_lib_base:umodsys.base.modulereg.obj
 0001:00004000       ??_GRModuleReg@serialize_json@media@modules@UModSys@@UEAAPEAXI@Z 0000000180005000 f i umodsys_lib_libmedia:umodsys.mod.media.serialize_json.obj
 0001:00004000       ??_ERModuleReg@test1@test@modules@UModSys@@UEAAPEAXI@Z 0000000180005000 f i  CIL library: CIL module
 0001:00004000       ??_EIModuleReg@base@UModSys@@UEAAPEAXI@Z 0000000180005000 f i  CIL library: CIL module
 0001:00004000       ??_ERModuleReg@stdlib@lib2d@modules@UModSys@@UEAAPEAXI@Z 0000000180005000 f i  CIL library: CIL module
 0001:00004000       ??_ERModuleReg@serialize_json@media@modules@UModSys@@UEAAPEAXI@Z 0000000180005000 f i  CIL library: CIL module
 0001:00004000       ??_GRModuleReg@test1@test@modules@UModSys@@UEAAPEAXI@Z 0000000180005000 f i plugin_test1.obj
 0001:00004000       ??_GRModuleReg@frames@ui@modules@UModSys@@UEAAPEAXI@Z 0000000180005000 f i umodsys_lib_libui:umodsys.mod.ui.frames.obj
 0001:00004000       ??_GRModuleReg@images_std@media@modules@UModSys@@UEAAPEAXI@Z 0000000180005000 f i umodsys_lib_libmedia:umodsys.mod.media.images_std.obj
 0001:00004000       ??_GRModuleReg@SDL_core@ui@modules@UModSys@@UEAAPEAXI@Z 0000000180005000 f i umodsys_lib_libui:umodsys.mod.ui.SDL_core.obj
 0001:00004000       ??_GRModuleReg@stdlib@lib2d@modules@UModSys@@UEAAPEAXI@Z 0000000180005000 f i umodsys_lib_lib2d:umodsys.mod.2d.stdlib.obj
 0001:00004000       ??_ERModuleReg@SDL_core@ui@modules@UModSys@@UEAAPEAXI@Z 0000000180005000 f i  CIL library: CIL module
 0001:00004028       ?get_module@RGenerator@stdlib@lib2d@modules@UModSys@@UEBAPEAUIModule@base@5@XZ 0000000180005028 f   umodsys_lib_lib2d:umodsys.mod.2d.stdlib.obj
 0001:00004030       ?mod_inc@RGenerator@stdlib@lib2d@modules@UModSys@@UEBA_NXZ 0000000180005030 f   umodsys_lib_lib2d:umodsys.mod.2d.stdlib.obj
 0001:00004040       ?mod_dec@RGenerator@stdlib@lib2d@modules@UModSys@@UEBA_NXZ 0000000180005040 f   umodsys_lib_lib2d:umodsys.mod.2d.stdlib.obj
 0001:00004054       ?s_holder@RGenerator@stdlib@lib2d@modules@UModSys@@SAAEAU?$TTypeStaticHolder@URGenerator@stdlib@lib2d@modules@UModSys@@@tl@5@XZ 0000000180005054 f   umodsys_lib_lib2d:umodsys.mod.2d.stdlib.obj
 0001:00004098       ??_ERGenerator@frames@ui@modules@UModSys@@UEAAPEAXI@Z 0000000180005098 f i  CIL library: CIL module
 0001:00004098       ??_EIRoot@core@UModSys@@UEAAPEAXI@Z 0000000180005098 f i  CIL library: CIL module
 0001:00004098       ??_GRGenerator@test1@test@modules@UModSys@@UEAAPEAXI@Z 0000000180005098 f i plugin_test1.obj
 0001:00004098       ??_GRGenerator@SDL_core@ui@modules@UModSys@@UEAAPEAXI@Z 0000000180005098 f i umodsys_lib_libui:umodsys.mod.ui.SDL_core.obj
 0001:00004098       ??_ERGenerator@stdlib@lib2d@modules@UModSys@@UEAAPEAXI@Z 0000000180005098 f i  CIL library: CIL module
 0001:00004098       ??_GIRoot@core@UModSys@@UEAAPEAXI@Z 0000000180005098 f i plugin_test1.obj
 0001:00004098       ??_GRGenerator@stdlib@lib2d@modules@UModSys@@UEAAPEAXI@Z 0000000180005098 f i umodsys_lib_lib2d:umodsys.mod.2d.stdlib.obj
 0001:00004098       ??_GRGenerator@serialize_json@media@modules@UModSys@@UEAAPEAXI@Z 0000000180005098 f i umodsys_lib_libmedia:umodsys.mod.media.serialize_json.obj
 0001:00004098       ??_ERGenerator@test1@test@modules@UModSys@@UEAAPEAXI@Z 0000000180005098 f i  CIL library: CIL module
 0001:00004098       ??_ERGenerator@images_std@media@modules@UModSys@@UEAAPEAXI@Z 0000000180005098 f i  CIL library: CIL module
 0001:00004098       ??_ERGenerator@serialize_json@media@modules@UModSys@@UEAAPEAXI@Z 0000000180005098 f i  CIL library: CIL module
 0001:00004098       ??_ERGenerator@SDL_core@ui@modules@UModSys@@UEAAPEAXI@Z 0000000180005098 f i  CIL library: CIL module
 0001:00004098       ??_GRGenerator@images_std@media@modules@UModSys@@UEAAPEAXI@Z 0000000180005098 f i umodsys_lib_libmedia:umodsys.mod.media.images_std.obj
 0001:00004098       ??_GRGenerator@frames@ui@modules@UModSys@@UEAAPEAXI@Z 0000000180005098 f i umodsys_lib_libui:umodsys.mod.ui.frames.obj
 0001:000040c0       ?root_get_interface_info@RMultiImage2D_SDL_ttf@SDL_core@ui@modules@UModSys@@UEBAAEBUSUniquePointerInfo@core@5@XZ 00000001800050c0 f i umodsys_lib_libui:umodsys.mod.ui.SDL_core.obj
 0001:000040c8       ?root_get_interface_type@RMultiImage2D_SDL_ttf@SDL_core@ui@modules@UModSys@@UEBAPEBUSUniquePointerInfo@core@5@XZ 00000001800050c8 f i umodsys_lib_libui:umodsys.mod.ui.SDL_core.obj
 0001:000040d0       ?root_get_other_interface@RMultiImage2D_SDL_ttf@SDL_core@ui@modules@UModSys@@UEAAPEAUIRoot@core@5@PEBUSUniquePointerInfo@75@@Z 00000001800050d0 f i umodsys_lib_libui:umodsys.mod.ui.SDL_core.obj
 0001:000040d0       ?root_get_other_interface@RMultiImage2D_SDL_ttf@SDL_core@ui@modules@UModSys@@UEBAPEBUIRoot@core@5@PEBUSUniquePointerInfo@75@@Z 00000001800050d0 f i umodsys_lib_libui:umodsys.mod.ui.SDL_core.obj
 0001:00004100       ?root_is_interface_supported@RMultiImage2D_SDL_ttf@SDL_core@ui@modules@UModSys@@UEBA_NPEBUSUniquePointerInfo@core@5@@Z 0000000180005100 f i umodsys_lib_libui:umodsys.mod.ui.SDL_core.obj
 0001:00004130       ??0RMultiImage2D_SDL_ttf@SDL_core@ui@modules@UModSys@@QEAA@PEAURRenderDriver2D@1234@AEBUSParameters@core@4@@Z 0000000180005130 f i umodsys_lib_libui:umodsys.mod.ui.SDL_core.obj
 0001:00004274       ?generate_glyphs@RMultiImage2D_SDL_ttf@SDL_core@ui@modules@UModSys@@QEAA_NXZ 0000000180005274 f i umodsys_lib_libui:umodsys.mod.ui.SDL_core.obj
 0001:00004450       ??_GRMultiImage2D_SDL_ttf@SDL_core@ui@modules@UModSys@@UEAAPEAXI@Z 0000000180005450 f i umodsys_lib_libui:umodsys.mod.ui.SDL_core.obj
 0001:00004450       ??_ERMultiImage2D_SDL_ttf@SDL_core@ui@modules@UModSys@@UEAAPEAXI@Z 0000000180005450 f i  CIL library: CIL module
 0001:00004514       ?root_get_interface_info@RRenderDriver2D@SDL_core@ui@modules@UModSys@@UEBAAEBUSUniquePointerInfo@core@5@XZ 0000000180005514 f i umodsys_lib_libui:umodsys.mod.ui.SDL_core.obj
 0001:0000451c       ?root_get_interface_type@RRenderDriver2D@SDL_core@ui@modules@UModSys@@UEBAPEBUSUniquePointerInfo@core@5@XZ 000000018000551c f i umodsys_lib_libui:umodsys.mod.ui.SDL_core.obj
 0001:00004524       ?root_get_other_interface@RRenderDriver2D@SDL_core@ui@modules@UModSys@@UEAAPEAUIRoot@core@5@PEBUSUniquePointerInfo@75@@Z 0000000180005524 f i umodsys_lib_libui:umodsys.mod.ui.SDL_core.obj
 0001:00004524       ?root_get_other_interface@RRenderDriver2D@SDL_core@ui@modules@UModSys@@UEBAPEBUIRoot@core@5@PEBUSUniquePointerInfo@75@@Z 0000000180005524 f i umodsys_lib_libui:umodsys.mod.ui.SDL_core.obj
 0001:00004554       ?root_is_interface_supported@RRenderDriver2D@SDL_core@ui@modules@UModSys@@UEBA_NPEBUSUniquePointerInfo@core@5@@Z 0000000180005554 f i umodsys_lib_libui:umodsys.mod.ui.SDL_core.obj
 0001:00004584       ??0RRenderDriver2D@SDL_core@ui@modules@UModSys@@QEAA@PEAURTerminal@1234@AEBUSParameters@core@4@@Z 0000000180005584 f i umodsys_lib_libui:umodsys.mod.ui.SDL_core.obj
 0001:000046e4       ?open@RRenderDriver2D@SDL_core@ui@modules@UModSys@@QEAA_NAEBUSParameters@core@5@@Z 00000001800056e4 f i umodsys_lib_libui:umodsys.mod.ui.SDL_core.obj
 0001:000048f8       ?set_color@RRenderDriver2D@SDL_core@ui@modules@UModSys@@QEAAXXZ 00000001800058f8 f i umodsys_lib_libui:umodsys.mod.ui.SDL_core.obj
 0001:0000496c       ?begin@RRenderDriver2D@SDL_core@ui@modules@UModSys@@UEAAXXZ 000000018000596c f i umodsys_lib_libui:umodsys.mod.ui.SDL_core.obj
 0001:000049d8       ?end@RRenderDriver2D@SDL_core@ui@modules@UModSys@@UEAAXXZ 00000001800059d8 f i umodsys_lib_libui:umodsys.mod.ui.SDL_core.obj
 0001:000049f0       ?get_max_values@RRenderDriver2D@SDL_core@ui@modules@UModSys@@UEBAPEBUSParameters@core@5@XZ 00000001800059f0 f i umodsys_lib_libui:umodsys.mod.ui.SDL_core.obj
 0001:000049f8       ?get_frame_values@RRenderDriver2D@SDL_core@ui@modules@UModSys@@UEBAPEBUSParameters@core@5@XZ 00000001800059f8 f i umodsys_lib_libui:umodsys.mod.ui.SDL_core.obj
 0001:00004a00       ?setup_font@RRenderDriver2D@SDL_core@ui@modules@UModSys@@UEAA_NPEAUIMultiImage@lib2d@5@PEBU?$TVector2@M@math3d@5@@Z 0000000180005a00 f i umodsys_lib_libui:umodsys.mod.ui.SDL_core.obj
 0001:00004ac4       ?setup_color@RRenderDriver2D@SDL_core@ui@modules@UModSys@@UEAAXAEBU?$TVector3@M@math3d@5@@Z 0000000180005ac4 f i umodsys_lib_libui:umodsys.mod.ui.SDL_core.obj
 0001:00004aec       ?setup_color@RRenderDriver2D@SDL_core@ui@modules@UModSys@@UEAAXAEBU?$TVector3@H@math3d@5@@Z 0000000180005aec f i umodsys_lib_libui:umodsys.mod.ui.SDL_core.obj
 0001:00004b3c       ?setup_coloralpha@RRenderDriver2D@SDL_core@ui@modules@UModSys@@UEAAXAEBU?$TVector4@M@math3d@5@H@Z 0000000180005b3c f i umodsys_lib_libui:umodsys.mod.ui.SDL_core.obj
 0001:00004b60       ?setup_coloralpha@RRenderDriver2D@SDL_core@ui@modules@UModSys@@UEAAXAEBU?$TVector4@H@math3d@5@H@Z 0000000180005b60 f i umodsys_lib_libui:umodsys.mod.ui.SDL_core.obj
 0001:00004bc4       ?setup_blendcolor@RRenderDriver2D@SDL_core@ui@modules@UModSys@@UEAAXAEBUSBlendColor@lib2d@5@@Z 0000000180005bc4 f i umodsys_lib_libui:umodsys.mod.ui.SDL_core.obj
 0001:00004c2c       ?setup_blendcolor@RRenderDriver2D@SDL_core@ui@modules@UModSys@@UEAAXAEBUSBlendColorf@lib2d@5@@Z 0000000180005c2c f i umodsys_lib_libui:umodsys.mod.ui.SDL_core.obj
 0001:00004c6c       ?setup_alpha@RRenderDriver2D@SDL_core@ui@modules@UModSys@@UEAAXHH@Z 0000000180005c6c f i umodsys_lib_libui:umodsys.mod.ui.SDL_core.obj
 0001:00004c9c       ?setup_alpha@RRenderDriver2D@SDL_core@ui@modules@UModSys@@UEAAXMH@Z 0000000180005c9c f i umodsys_lib_libui:umodsys.mod.ui.SDL_core.obj
 0001:00004cbc       ?render_text_advanced@RRenderDriver2D@SDL_core@ui@modules@UModSys@@UEAA_NAEAUTextInfo@IRenderDriver@lib2d@5@PEBHH@Z 0000000180005cbc f i umodsys_lib_libui:umodsys.mod.ui.SDL_core.obj
 0001:00004eb8       ?render_box@RRenderDriver2D@SDL_core@ui@modules@UModSys@@UEAAXAEBU?$TVector2@H@math3d@5@0@Z 0000000180005eb8 f i umodsys_lib_libui:umodsys.mod.ui.SDL_core.obj
 0001:00004f04       ?render_tri@RRenderDriver2D@SDL_core@ui@modules@UModSys@@UEAAXAEBU?$TVector2@H@math3d@5@00@Z 0000000180005f04 f i umodsys_lib_libui:umodsys.mod.ui.SDL_core.obj
 0001:00004f7c       ?render_quad@RRenderDriver2D@SDL_core@ui@modules@UModSys@@UEAAXAEBU?$TVector2@H@math3d@5@000@Z 0000000180005f7c f i umodsys_lib_libui:umodsys.mod.ui.SDL_core.obj
 0001:00005024       ?suicide@RGenerator@test1@test@modules@UModSys@@UEAAXXZ 0000000180006024 f i plugin_test1.obj
 0001:00005024       ??3@YAXPEAX0@Z             0000000180006024 f i plugin_test1.obj
 0001:00005024       ?suicide@RGenerator@SDL_core@ui@modules@UModSys@@UEAAXXZ 0000000180006024 f i umodsys_lib_libui:umodsys.mod.ui.SDL_core.obj
 0001:00005024       ?render_box@RRenderDriver2D@SDL_core@ui@modules@UModSys@@UEAAXPEAUIImage@lib2d@5@AEBU?$TVector2@H@math3d@5@1AEBU?$TVector2@M@95@2@Z 0000000180006024 f i umodsys_lib_libui:umodsys.mod.ui.SDL_core.obj
 0001:00005024       ?suicide@RGenerator@images_std@media@modules@UModSys@@UEAAXXZ 0000000180006024 f i umodsys_lib_libmedia:umodsys.mod.media.images_std.obj
 0001:00005024       ?suicide@RGenerator@stdlib@lib2d@modules@UModSys@@UEAAXXZ 0000000180006024 f i umodsys_lib_lib2d:umodsys.mod.2d.stdlib.obj
 0001:00005024       ?suicide@RGenerator@frames@ui@modules@UModSys@@UEAAXXZ 0000000180006024 f i umodsys_lib_libui:umodsys.mod.ui.frames.obj
 0001:00005024       ?suicide@RGenerator@serialize_json@media@modules@UModSys@@UEAAXXZ 0000000180006024 f i umodsys_lib_libmedia:umodsys.mod.media.serialize_json.obj
 0001:00005028       ?render_line@RRenderDriver2D@SDL_core@ui@modules@UModSys@@UEAAXAEBU?$TVector2@H@math3d@5@0@Z 0000000180006028 f i umodsys_lib_libui:umodsys.mod.ui.SDL_core.obj
 0001:00005050       ?render_rect@RRenderDriver2D@SDL_core@ui@modules@UModSys@@UEAAXAEBU?$TVector2@H@math3d@5@0@Z 0000000180006050 f i umodsys_lib_libui:umodsys.mod.ui.SDL_core.obj
 0001:0000509c       ??_GRRenderDriver2D@SDL_core@ui@modules@UModSys@@UEAAPEAXI@Z 000000018000609c f i umodsys_lib_libui:umodsys.mod.ui.SDL_core.obj
 0001:0000509c       ??_ERRenderDriver2D@SDL_core@ui@modules@UModSys@@UEAAPEAXI@Z 000000018000609c f i  CIL library: CIL module
 0001:00005180       ?root_get_interface_info@RMouseController@SDL_core@ui@modules@UModSys@@UEBAAEBUSUniquePointerInfo@core@5@XZ 0000000180006180 f i umodsys_lib_libui:umodsys.mod.ui.SDL_core.obj
 0001:00005188       ?root_get_interface_type@RMouseController@SDL_core@ui@modules@UModSys@@UEBAPEBUSUniquePointerInfo@core@5@XZ 0000000180006188 f i umodsys_lib_libui:umodsys.mod.ui.SDL_core.obj
 0001:00005190       ?root_get_interface_types@RRenderDriver2D@SDL_core@ui@modules@UModSys@@UEBA_KAEAUSUniquePtrList@core@5@@Z 0000000180006190 f i umodsys_lib_libui:umodsys.mod.ui.SDL_core.obj
 0001:00005190       ?root_get_interface_types@RGenerator@serialize_json@media@modules@UModSys@@UEBA_KAEAUSUniquePtrList@core@5@@Z 0000000180006190 f i umodsys_lib_libmedia:umodsys.mod.media.serialize_json.obj
 0001:00005190       ?root_get_interface_types@RFrame_List@frames@ui@modules@UModSys@@UEBA_KAEAUSUniquePtrList@core@5@@Z 0000000180006190 f i umodsys_lib_libui:umodsys.mod.ui.frames.obj
 0001:00005190       ?root_get_interface_types@RSerializeReader@serialize_json@media@modules@UModSys@@UEBA_KAEAUSUniquePtrList@core@5@@Z 0000000180006190 f i umodsys_lib_libmedia:umodsys.mod.media.serialize_json.obj
 0001:00005190       ?root_get_interface_types@RFrame_Frame@frames@ui@modules@UModSys@@UEBA_KAEAUSUniquePtrList@core@5@@Z 0000000180006190 f i umodsys_lib_libui:umodsys.mod.ui.frames.obj
 0001:00005190       ?root_get_interface_types@RFrame_Text@frames@ui@modules@UModSys@@UEBA_KAEAUSUniquePtrList@core@5@@Z 0000000180006190 f i umodsys_lib_libui:umodsys.mod.ui.frames.obj
 0001:00005190       ?root_get_interface_types@RFrame_Image@frames@ui@modules@UModSys@@UEBA_KAEAUSUniquePtrList@core@5@@Z 0000000180006190 f i umodsys_lib_libui:umodsys.mod.ui.frames.obj
 0001:00005190       ?root_get_interface_types@RGenerator@frames@ui@modules@UModSys@@UEBA_KAEAUSUniquePtrList@core@5@@Z 0000000180006190 f i umodsys_lib_libui:umodsys.mod.ui.frames.obj
 0001:00005190       ?root_get_interface_types@RMultiImage2D_SDL_ttf@SDL_core@ui@modules@UModSys@@UEBA_KAEAUSUniquePtrList@core@5@@Z 0000000180006190 f i umodsys_lib_libui:umodsys.mod.ui.SDL_core.obj
 0001:00005190       ?root_get_interface_types@RGenerator@stdlib@lib2d@modules@UModSys@@UEBA_KAEAUSUniquePtrList@core@5@@Z 0000000180006190 f i umodsys_lib_lib2d:umodsys.mod.2d.stdlib.obj
 0001:00005190       ?root_get_interface_types@RKeyboardController@SDL_core@ui@modules@UModSys@@UEBA_KAEAUSUniquePtrList@core@5@@Z 0000000180006190 f i umodsys_lib_libui:umodsys.mod.ui.SDL_core.obj
 0001:00005190       ?root_get_interface_types@RGenerator@SDL_core@ui@modules@UModSys@@UEBA_KAEAUSUniquePtrList@core@5@@Z 0000000180006190 f i umodsys_lib_libui:umodsys.mod.ui.SDL_core.obj
 0001:00005190       ?root_get_interface_types@RGenerator@test1@test@modules@UModSys@@UEBA_KAEAUSUniquePtrList@core@5@@Z 0000000180006190 f i plugin_test1.obj
 0001:00005190       ?root_get_interface_types@RDialog@frames@ui@modules@UModSys@@UEBA_KAEAUSUniquePtrList@core@5@@Z 0000000180006190 f i umodsys_lib_libui:umodsys.mod.ui.frames.obj
 0001:00005190       ?root_get_interface_types@RMediaFilter@images_std@media@modules@UModSys@@UEBA_KAEAUSUniquePtrList@core@5@@Z 0000000180006190 f i umodsys_lib_libmedia:umodsys.mod.media.images_std.obj
 0001:00005190       ?root_get_interface_types@RFrame_Button@frames@ui@modules@UModSys@@UEBA_KAEAUSUniquePtrList@core@5@@Z 0000000180006190 f i umodsys_lib_libui:umodsys.mod.ui.frames.obj
 0001:00005190       ?root_get_interface_types@RTerminal@SDL_core@ui@modules@UModSys@@UEBA_KAEAUSUniquePtrList@core@5@@Z 0000000180006190 f i umodsys_lib_libui:umodsys.mod.ui.SDL_core.obj
 0001:00005190       ?root_get_interface_types@RImage_Memory@stdlib@lib2d@modules@UModSys@@UEBA_KAEAUSUniquePtrList@core@5@@Z 0000000180006190 f i umodsys_lib_lib2d:umodsys.mod.2d.stdlib.obj
 0001:00005190       ?root_get_interface_types@RCollector@frames@ui@modules@UModSys@@UEBA_KAEAUSUniquePtrList@core@5@@Z 0000000180006190 f i umodsys_lib_libui:umodsys.mod.ui.frames.obj
 0001:00005190       ?root_get_interface_types@RMouseController@SDL_core@ui@modules@UModSys@@UEBA_KAEAUSUniquePtrList@core@5@@Z 0000000180006190 f i umodsys_lib_libui:umodsys.mod.ui.SDL_core.obj
 0001:00005190       ?root_get_interface_types@RSerializeWriter@serialize_json@media@modules@UModSys@@UEBA_KAEAUSUniquePtrList@core@5@@Z 0000000180006190 f i umodsys_lib_libmedia:umodsys.mod.media.serialize_json.obj
 0001:00005190       ?root_get_interface_types@RTest1_Shell@test1@test@modules@UModSys@@UEBA_KAEAUSUniquePtrList@core@5@@Z 0000000180006190 f i plugin_test1.obj
 0001:00005190       ?root_get_interface_types@RGenerator@images_std@media@modules@UModSys@@UEBA_KAEAUSUniquePtrList@core@5@@Z 0000000180006190 f i umodsys_lib_libmedia:umodsys.mod.media.images_std.obj
 0001:00005190       ?root_get_interface_types@RFrame_Edit@frames@ui@modules@UModSys@@UEBA_KAEAUSUniquePtrList@core@5@@Z 0000000180006190 f i umodsys_lib_libui:umodsys.mod.ui.frames.obj
 0001:00005198       ?root_get_other_interface@RMouseController@SDL_core@ui@modules@UModSys@@UEAAPEAUIRoot@core@5@PEBUSUniquePointerInfo@75@@Z 0000000180006198 f i umodsys_lib_libui:umodsys.mod.ui.SDL_core.obj
 0001:00005198       ?root_get_other_interface@RMouseController@SDL_core@ui@modules@UModSys@@UEBAPEBUIRoot@core@5@PEBUSUniquePointerInfo@75@@Z 0000000180006198 f i umodsys_lib_libui:umodsys.mod.ui.SDL_core.obj
 0001:000051c8       ?root_is_interface_supported@RMouseController@SDL_core@ui@modules@UModSys@@UEBA_NPEBUSUniquePointerInfo@core@5@@Z 00000001800061c8 f i umodsys_lib_libui:umodsys.mod.ui.SDL_core.obj
 0001:000051f8       ?ref_remove@RMultiImage2D_SDL_ttf@SDL_core@ui@modules@UModSys@@UEBAXXZ 00000001800061f8 f i umodsys_lib_libui:umodsys.mod.ui.SDL_core.obj
 0001:000051f8       ?ref_remove@RGenerator@frames@ui@modules@UModSys@@UEBAXXZ 00000001800061f8 f i umodsys_lib_libui:umodsys.mod.ui.frames.obj
 0001:000051f8       ?ref_remove@RGenerator@stdlib@lib2d@modules@UModSys@@UEBAXXZ 00000001800061f8 f i umodsys_lib_lib2d:umodsys.mod.2d.stdlib.obj
 0001:000051f8       ?ref_remove@RGenerator@images_std@media@modules@UModSys@@UEBAXXZ 00000001800061f8 f i umodsys_lib_libmedia:umodsys.mod.media.images_std.obj
 0001:000051f8       ?ref_remove@RGenerator@SDL_core@ui@modules@UModSys@@UEBAXXZ 00000001800061f8 f i umodsys_lib_libui:umodsys.mod.ui.SDL_core.obj
 0001:000051f8       ?ref_remove@RGenerator@serialize_json@media@modules@UModSys@@UEBAXXZ 00000001800061f8 f i umodsys_lib_libmedia:umodsys.mod.media.serialize_json.obj
 0001:000051f8       ?ref_remove@RRenderDriver2D@SDL_core@ui@modules@UModSys@@UEBAXXZ 00000001800061f8 f i umodsys_lib_libui:umodsys.mod.ui.SDL_core.obj
 0001:000051f8       ?ref_remove@RDialog@frames@ui@modules@UModSys@@UEBAXXZ 00000001800061f8 f i umodsys_lib_libui:umodsys.mod.ui.frames.obj
 0001:000051f8       ?ref_remove@RTerminal@SDL_core@ui@modules@UModSys@@UEBAXXZ 00000001800061f8 f i umodsys_lib_libui:umodsys.mod.ui.SDL_core.obj
 0001:000051f8       ?ref_remove@RImage_Memory@stdlib@lib2d@modules@UModSys@@UEBAXXZ 00000001800061f8 f i umodsys_lib_lib2d:umodsys.mod.2d.stdlib.obj
 0001:000051f8       ?ref_remove@RKeyboardController@SDL_core@ui@modules@UModSys@@UEBAXXZ 00000001800061f8 f i umodsys_lib_libui:umodsys.mod.ui.SDL_core.obj
 0001:000051f8       ?ref_remove@RMouseController@SDL_core@ui@modules@UModSys@@UEBAXXZ 00000001800061f8 f i umodsys_lib_libui:umodsys.mod.ui.SDL_core.obj
 0001:000051f8       ?ref_remove@RSerializeReader@serialize_json@media@modules@UModSys@@UEBAXXZ 00000001800061f8 f i umodsys_lib_libmedia:umodsys.mod.media.serialize_json.obj
 0001:000051f8       ?ref_remove@RGenerator@test1@test@modules@UModSys@@UEBAXXZ 00000001800061f8 f i plugin_test1.obj
 0001:00005210       ?process@RMouseController@SDL_core@ui@modules@UModSys@@QEAA_NAEAUSDL_MouseMotionEvent@@@Z 0000000180006210 f i umodsys_lib_libui:umodsys.mod.ui.SDL_core.obj
 0001:0000537c       ?process@RMouseController@SDL_core@ui@modules@UModSys@@QEAA_NAEAUSDL_MouseButtonEvent@@@Z 000000018000637c f i umodsys_lib_libui:umodsys.mod.ui.SDL_core.obj
 0001:000054a8       ?process@RMouseController@SDL_core@ui@modules@UModSys@@QEAA_NAEAUSDL_MouseWheelEvent@@@Z 00000001800064a8 f i umodsys_lib_libui:umodsys.mod.ui.SDL_core.obj
 0001:00005598       ?mouse_link@RMouseController@SDL_core@ui@modules@UModSys@@UEAA_NHPEAUIRefObject@core@5@PEAUIMouseClient@libui@5@H@Z 0000000180006598 f i umodsys_lib_libui:umodsys.mod.ui.SDL_core.obj
 0001:000056b8       ??_ERMouseController@SDL_core@ui@modules@UModSys@@UEAAPEAXI@Z 00000001800066b8 f i  CIL library: CIL module
 0001:000056b8       ??_GRMouseController@SDL_core@ui@modules@UModSys@@UEAAPEAXI@Z 00000001800066b8 f i umodsys_lib_libui:umodsys.mod.ui.SDL_core.obj
 0001:0000571c       ?root_get_interface_info@RKeyboardController@SDL_core@ui@modules@UModSys@@UEBAAEBUSUniquePointerInfo@core@5@XZ 000000018000671c f i umodsys_lib_libui:umodsys.mod.ui.SDL_core.obj
 0001:00005724       ?root_get_interface_type@RKeyboardController@SDL_core@ui@modules@UModSys@@UEBAPEBUSUniquePointerInfo@core@5@XZ 0000000180006724 f i umodsys_lib_libui:umodsys.mod.ui.SDL_core.obj
 0001:0000572c       ?root_get_other_interface@RKeyboardController@SDL_core@ui@modules@UModSys@@UEAAPEAUIRoot@core@5@PEBUSUniquePointerInfo@75@@Z 000000018000672c f i umodsys_lib_libui:umodsys.mod.ui.SDL_core.obj
 0001:0000572c       ?root_get_other_interface@RKeyboardController@SDL_core@ui@modules@UModSys@@UEBAPEBUIRoot@core@5@PEBUSUniquePointerInfo@75@@Z 000000018000672c f i umodsys_lib_libui:umodsys.mod.ui.SDL_core.obj
 0001:0000575c       ?root_is_interface_supported@RKeyboardController@SDL_core@ui@modules@UModSys@@UEBA_NPEBUSUniquePointerInfo@core@5@@Z 000000018000675c f i umodsys_lib_libui:umodsys.mod.ui.SDL_core.obj
 0001:0000578c       ?suicide@RKeyboardController@SDL_core@ui@modules@UModSys@@UEAAXXZ 000000018000678c f i umodsys_lib_libui:umodsys.mod.ui.SDL_core.obj
 0001:0000578c       ?suicide@RRenderDriver2D@SDL_core@ui@modules@UModSys@@UEAAXXZ 000000018000678c f i umodsys_lib_libui:umodsys.mod.ui.SDL_core.obj
 0001:0000578c       ?suicide@RMouseController@SDL_core@ui@modules@UModSys@@UEAAXXZ 000000018000678c f i umodsys_lib_libui:umodsys.mod.ui.SDL_core.obj
 0001:0000578c       ?suicide@RMultiImage2D_SDL_ttf@SDL_core@ui@modules@UModSys@@UEAAXXZ 000000018000678c f i umodsys_lib_libui:umodsys.mod.ui.SDL_core.obj
 0001:0000578c       ?suicide@RDialog@frames@ui@modules@UModSys@@UEAAXXZ 000000018000678c f i umodsys_lib_libui:umodsys.mod.ui.frames.obj
 0001:000057d0       ?process@RKeyboardController@SDL_core@ui@modules@UModSys@@QEAA_NAEAUSDL_KeyboardEvent@@@Z 00000001800067d0 f i umodsys_lib_libui:umodsys.mod.ui.SDL_core.obj
 0001:0000594c       ?map_keycode@RKeyboardController@SDL_core@ui@modules@UModSys@@QEAA?AW4eKeyCode@libui@5@H@Z 000000018000694c f i umodsys_lib_libui:umodsys.mod.ui.SDL_core.obj
 0001:00005e74       ?key_unlink@RKeyboardController@SDL_core@ui@modules@UModSys@@UEAA_NH@Z 0000000180006e74 f i umodsys_lib_libui:umodsys.mod.ui.SDL_core.obj
 0001:00005e74       ?mouse_unlink@RMouseController@SDL_core@ui@modules@UModSys@@UEAA_NH@Z 0000000180006e74 f i umodsys_lib_libui:umodsys.mod.ui.SDL_core.obj
 0001:00005ecc       ?key_link@RKeyboardController@SDL_core@ui@modules@UModSys@@UEAA_NHPEAUIRefObject@core@5@PEAUIKeyboardClient@libui@5@@Z 0000000180006ecc f i umodsys_lib_libui:umodsys.mod.ui.SDL_core.obj
 0001:00005fd8       ?key_setvisible@RKeyboardController@SDL_core@ui@modules@UModSys@@UEAA_N_N@Z 0000000180006fd8 f i umodsys_lib_libui:umodsys.mod.ui.SDL_core.obj
 0001:00005ff4       ??_ERKeyboardController@SDL_core@ui@modules@UModSys@@UEAAPEAXI@Z 0000000180006ff4 f i  CIL library: CIL module
 0001:00005ff4       ??_GRKeyboardController@SDL_core@ui@modules@UModSys@@UEAAPEAXI@Z 0000000180006ff4 f i umodsys_lib_libui:umodsys.mod.ui.SDL_core.obj
 0001:00006058       ?root_get_interface_info@RTerminal@SDL_core@ui@modules@UModSys@@UEBAAEBUSUniquePointerInfo@core@5@XZ 0000000180007058 f i umodsys_lib_libui:umodsys.mod.ui.SDL_core.obj
 0001:00006060       ?root_get_interface_type@RTerminal@SDL_core@ui@modules@UModSys@@UEBAPEBUSUniquePointerInfo@core@5@XZ 0000000180007060 f i umodsys_lib_libui:umodsys.mod.ui.SDL_core.obj
 0001:00006068       ?root_get_other_interface@RTerminal@SDL_core@ui@modules@UModSys@@UEBAPEBUIRoot@core@5@PEBUSUniquePointerInfo@75@@Z 0000000180007068 f i umodsys_lib_libui:umodsys.mod.ui.SDL_core.obj
 0001:00006068       ?root_get_other_interface@RTerminal@SDL_core@ui@modules@UModSys@@UEAAPEAUIRoot@core@5@PEBUSUniquePointerInfo@75@@Z 0000000180007068 f i umodsys_lib_libui:umodsys.mod.ui.SDL_core.obj
 0001:00006098       ?root_is_interface_supported@RTerminal@SDL_core@ui@modules@UModSys@@UEBA_NPEBUSUniquePointerInfo@core@5@@Z 0000000180007098 f i umodsys_lib_libui:umodsys.mod.ui.SDL_core.obj
 0001:000060c8       ?ref_links@RMultiImage2D_SDL_ttf@SDL_core@ui@modules@UModSys@@UEBAHXZ 00000001800070c8 f i umodsys_lib_libui:umodsys.mod.ui.SDL_core.obj
 0001:000060c8       ?ref_links@RRenderDriver2D@SDL_core@ui@modules@UModSys@@UEBAHXZ 00000001800070c8 f i umodsys_lib_libui:umodsys.mod.ui.SDL_core.obj
 0001:000060c8       ?ref_links@RSerializeReader@serialize_json@media@modules@UModSys@@UEBAHXZ 00000001800070c8 f i umodsys_lib_libmedia:umodsys.mod.media.serialize_json.obj
 0001:000060c8       ?ref_links@RDialog@frames@ui@modules@UModSys@@UEBAHXZ 00000001800070c8 f i umodsys_lib_libui:umodsys.mod.ui.frames.obj
 0001:000060c8       ?ref_links@RGenerator@test1@test@modules@UModSys@@UEBAHXZ 00000001800070c8 f i plugin_test1.obj
 0001:000060c8       ?ref_links@RGenerator@frames@ui@modules@UModSys@@UEBAHXZ 00000001800070c8 f i umodsys_lib_libui:umodsys.mod.ui.frames.obj
 0001:000060c8       ?ref_links@RGenerator@serialize_json@media@modules@UModSys@@UEBAHXZ 00000001800070c8 f i umodsys_lib_libmedia:umodsys.mod.media.serialize_json.obj
 0001:000060c8       ?ref_links@RGenerator@images_std@media@modules@UModSys@@UEBAHXZ 00000001800070c8 f i umodsys_lib_libmedia:umodsys.mod.media.images_std.obj
 0001:000060c8       ?ref_links@RTerminal@SDL_core@ui@modules@UModSys@@UEBAHXZ 00000001800070c8 f i umodsys_lib_libui:umodsys.mod.ui.SDL_core.obj
 0001:000060c8       ?ref_links@RImage_Memory@stdlib@lib2d@modules@UModSys@@UEBAHXZ 00000001800070c8 f i umodsys_lib_lib2d:umodsys.mod.2d.stdlib.obj
 0001:000060c8       ?ref_links@RMouseController@SDL_core@ui@modules@UModSys@@UEBAHXZ 00000001800070c8 f i umodsys_lib_libui:umodsys.mod.ui.SDL_core.obj
 0001:000060c8       ?ref_links@RGenerator@stdlib@lib2d@modules@UModSys@@UEBAHXZ 00000001800070c8 f i umodsys_lib_lib2d:umodsys.mod.2d.stdlib.obj
 0001:000060c8       ?ref_links@RGenerator@SDL_core@ui@modules@UModSys@@UEBAHXZ 00000001800070c8 f i umodsys_lib_libui:umodsys.mod.ui.SDL_core.obj
 0001:000060c8       ?ref_links@RKeyboardController@SDL_core@ui@modules@UModSys@@UEBAHXZ 00000001800070c8 f i umodsys_lib_libui:umodsys.mod.ui.SDL_core.obj
 0001:000060cc       ?suicide@RTerminal@SDL_core@ui@modules@UModSys@@UEAAXXZ 00000001800070cc f i umodsys_lib_libui:umodsys.mod.ui.SDL_core.obj
 0001:000060cc       ?suicide@RSerializeReader@serialize_json@media@modules@UModSys@@UEAAXXZ 00000001800070cc f i umodsys_lib_libmedia:umodsys.mod.media.serialize_json.obj
 0001:000060cc       ?suicide@RImage_Memory@stdlib@lib2d@modules@UModSys@@UEAAXXZ 00000001800070cc f i umodsys_lib_lib2d:umodsys.mod.2d.stdlib.obj
 0001:00006118       ?poll_events@RTerminal@SDL_core@ui@modules@UModSys@@UEAA_NH@Z 0000000180007118 f i umodsys_lib_libui:umodsys.mod.ui.SDL_core.obj
 0001:00006310       ?get_terminal_state@RTerminal@SDL_core@ui@modules@UModSys@@UEAA_NW4eTerminalState@libui@5@@Z 0000000180007310 f i umodsys_lib_libui:umodsys.mod.ui.SDL_core.obj
 0001:0000631c       ?set_terminal_state@RTerminal@SDL_core@ui@modules@UModSys@@UEAA_NW4eTerminalState@libui@5@_N@Z 000000018000731c f i umodsys_lib_libui:umodsys.mod.ui.SDL_core.obj
 0001:00006440       ?get_clock@RTerminal@SDL_core@ui@modules@UModSys@@UEAANXZ 0000000180007440 f i umodsys_lib_libui:umodsys.mod.ui.SDL_core.obj
 0001:0000645c       ?wait@RTerminal@SDL_core@ui@modules@UModSys@@UEAA_NM@Z 000000018000745c f i umodsys_lib_libui:umodsys.mod.ui.SDL_core.obj
 0001:0000647c       ?get_count@RTerminal@SDL_core@ui@modules@UModSys@@UEBA_KPEBUSUniquePointerInfo@core@5@@Z 000000018000747c f i umodsys_lib_libui:umodsys.mod.ui.SDL_core.obj
 0001:00006510       ?get_handler@RTerminal@SDL_core@ui@modules@UModSys@@UEBAPEAUIRefObject@core@5@PEBUSUniquePointerInfo@75@_K@Z 0000000180007510 f i umodsys_lib_libui:umodsys.mod.ui.SDL_core.obj
 0001:000065b0       ?create_handler@RTerminal@SDL_core@ui@modules@UModSys@@UEAA_NPEBUSUniquePointerInfo@core@5@AEAU?$TRefObject@UIRefObject@core@UModSys@@U?$TRefObjectFunc@UIRefObject@core@UModSys@@@tl@3@@tl@5@PEBDPEBUSParameters@75@@Z 00000001800075b0 f i umodsys_lib_libui:umodsys.mod.ui.SDL_core.obj
 0001:00006998       ??_ERTerminal@SDL_core@ui@modules@UModSys@@UEAAPEAXI@Z 0000000180007998 f i  CIL library: CIL module
 0001:00006998       ??_GRTerminal@SDL_core@ui@modules@UModSys@@UEAAPEAXI@Z 0000000180007998 f i umodsys_lib_libui:umodsys.mod.ui.SDL_core.obj
 0001:00006a68       ?get_terminal@RRenderDriver2D@SDL_core@ui@modules@UModSys@@UEBAPEAUITerminal@libui@5@XZ 0000000180007a68 f   umodsys_lib_libui:umodsys.mod.ui.SDL_core.obj
 0001:00006a70       ?new_font@RRenderDriver2D@SDL_core@ui@modules@UModSys@@UEAA?AU?$TRefObject@UIMultiImage@lib2d@UModSys@@U?$TRefObjectFunc@UIMultiImage@lib2d@UModSys@@@tl@3@@tl@5@AEBUSParameters@core@5@AEBU?$TString@U?$TSCoreConst@D@su@tl@UModSys@@U?$TComparerBinaryHash@D@234@@75@@Z 0000000180007a70 f   umodsys_lib_libui:umodsys.mod.ui.SDL_core.obj
 0001:00006b78       ?new_picture@RRenderDriver2D@SDL_core@ui@modules@UModSys@@UEAA?AU?$TRefObject@UIImage@lib2d@UModSys@@U?$TRefObjectFunc@UIImage@lib2d@UModSys@@@tl@3@@tl@5@AEBUSParameters@core@5@AEBU?$TString@U?$TSCoreConst@D@su@tl@UModSys@@U?$TComparerBinaryHash@D@234@@75@@Z 0000000180007b78 f   umodsys_lib_libui:umodsys.mod.ui.SDL_core.obj
 0001:00006b88       ?get_generated_names@RGenerator@SDL_core@ui@modules@UModSys@@UEBAHAEAUSUniquePtrList@core@5@@Z 0000000180007b88 f i umodsys_lib_libui:umodsys.mod.ui.SDL_core.obj
 0001:00006ba8       ?get_generated_types@RGenerator@SDL_core@ui@modules@UModSys@@UEBAHAEAUSUniquePtrList@core@5@PEBUSUniquePointerInfo@75@@Z 0000000180007ba8 f i umodsys_lib_libui:umodsys.mod.ui.SDL_core.obj
 0001:00006c00       ?generate@RGenerator@SDL_core@ui@modules@UModSys@@UEAA_NAEAU?$TRefObject@UIRefObject@core@UModSys@@U?$TRefObjectFunc@UIRefObject@core@UModSys@@@tl@3@@tl@5@PEBUSUniquePointerInfo@core@5@AEBUSParameters@95@@Z 0000000180007c00 f i umodsys_lib_libui:umodsys.mod.ui.SDL_core.obj
 0001:00006d44       ?root_get_interface_info@RGenerator@SDL_core@ui@modules@UModSys@@UEBAAEBUSUniquePointerInfo@core@5@XZ 0000000180007d44 f i umodsys_lib_libui:umodsys.mod.ui.SDL_core.obj
 0001:00006d4c       ?root_get_interface_type@RGenerator@SDL_core@ui@modules@UModSys@@UEBAPEBUSUniquePointerInfo@core@5@XZ 0000000180007d4c f i umodsys_lib_libui:umodsys.mod.ui.SDL_core.obj
 0001:00006d54       ?root_get_other_interface@RGenerator@SDL_core@ui@modules@UModSys@@UEAAPEAUIRoot@core@5@PEBUSUniquePointerInfo@75@@Z 0000000180007d54 f i umodsys_lib_libui:umodsys.mod.ui.SDL_core.obj
 0001:00006d54       ?root_get_other_interface@RGenerator@SDL_core@ui@modules@UModSys@@UEBAPEBUIRoot@core@5@PEBUSUniquePointerInfo@75@@Z 0000000180007d54 f i umodsys_lib_libui:umodsys.mod.ui.SDL_core.obj
 0001:00006d8c       ?root_is_interface_supported@RGenerator@SDL_core@ui@modules@UModSys@@UEBA_NPEBUSUniquePointerInfo@core@5@@Z 0000000180007d8c f i umodsys_lib_libui:umodsys.mod.ui.SDL_core.obj
 0001:00006dc4       ?get_uid@RGenerator@SDL_core@ui@modules@UModSys@@UEBAPEBUSUniquePointerInfo@core@5@XZ 0000000180007dc4 f i umodsys_lib_libui:umodsys.mod.ui.SDL_core.obj
 0001:00006dcc       ?do_open@RModuleReg@SDL_core@ui@modules@UModSys@@UEAA_NXZ 0000000180007dcc f i umodsys_lib_libui:umodsys.mod.ui.SDL_core.obj
 0001:00006e40       ?do_close@RModuleReg@SDL_core@ui@modules@UModSys@@UEAA_NXZ 0000000180007e40 f i umodsys_lib_libui:umodsys.mod.ui.SDL_core.obj
 0001:00006e90       ?get_module@RGenerator@SDL_core@ui@modules@UModSys@@UEBAPEAUIModule@base@5@XZ 0000000180007e90 f   umodsys_lib_libui:umodsys.mod.ui.SDL_core.obj
 0001:00006e98       ?mod_inc@RGenerator@SDL_core@ui@modules@UModSys@@UEBA_NXZ 0000000180007e98 f   umodsys_lib_libui:umodsys.mod.ui.SDL_core.obj
 0001:00006ea8       ?mod_dec@RGenerator@SDL_core@ui@modules@UModSys@@UEBA_NXZ 0000000180007ea8 f   umodsys_lib_libui:umodsys.mod.ui.SDL_core.obj
 0001:00006ebc       ?s_holder@RGenerator@SDL_core@ui@modules@UModSys@@SAAEAU?$TTypeStaticHolder@URGenerator@SDL_core@ui@modules@UModSys@@@tl@5@XZ 0000000180007ebc f   umodsys_lib_libui:umodsys.mod.ui.SDL_core.obj
 0001:00006f00       ??1?$TScatterArray@UGlyph@RMultiImage2D_SDL_ttf@SDL_core@ui@modules@UModSys@@HU?$TScalarCompare@H@core@6@U?$TNodeDeleter0@U?$TScatterArrayNode@UGlyph@RMultiImage2D_SDL_ttf@SDL_core@ui@modules@UModSys@@H@tl@UModSys@@@tl@6@@tl@UModSys@@QEAA@XZ 0000000180007f00 f i umodsys_lib_libui:umodsys.mod.ui.SDL_core.obj
 0001:00006f7c       ??1?$TRefObject@URMultiImage2D_SDL_ttf@SDL_core@ui@modules@UModSys@@U?$TRefObjectWeakFunc@URMultiImage2D_SDL_ttf@SDL_core@ui@modules@UModSys@@@tl@5@@tl@UModSys@@QEAA@XZ 0000000180007f7c f i umodsys_lib_libui:umodsys.mod.ui.SDL_core.obj
 0001:00006f7c       ??1?$TRefObject@URRenderDriver2D@SDL_core@ui@modules@UModSys@@U?$TRefObjectWeakFunc@URRenderDriver2D@SDL_core@ui@modules@UModSys@@@tl@5@@tl@UModSys@@QEAA@XZ 0000000180007f7c f i umodsys_lib_libui:umodsys.mod.ui.SDL_core.obj
 0001:00006fb0       ?delete_node@?$TTreeHoldRBD@U?$TScatterArrayNode@U?$TRefObjectCompositeExtra@UIMouseClient@libui@UModSys@@HUIRefObject@core@3@U?$TRefObjectFunc@UIRefObject@core@UModSys@@@tl@3@@tl@UModSys@@H@tl@UModSys@@U?$TNodeDeleter0@U?$TScatterArrayNode@U?$TRefObjectCompositeExtra@UIMouseClient@libui@UModSys@@HUIRefObject@core@3@U?$TRefObjectFunc@UIRefObject@core@UModSys@@@tl@3@@tl@UModSys@@H@tl@UModSys@@@23@@tl@UModSys@@QEAAXPEAU?$TScatterArrayNode@U?$TRefObjectCompositeExtra@UIMouseClient@libui@UModSys@@HUIRefObject@core@3@U?$TRefObjectFunc@UIRefObject@core@UModSys@@@tl@3@@tl@UModSys@@H@23@@Z 0000000180007fb0 f i umodsys_lib_libui:umodsys.mod.ui.SDL_core.obj
 0001:00006fb0       ?delete_node@?$TTreeHoldRBD@U?$TScatterArrayNode@U?$TRefObjectComposite@UIKeyboardClient@libui@UModSys@@UIRefObject@core@3@U?$TRefObjectFunc@UIRefObject@core@UModSys@@@tl@3@@tl@UModSys@@H@tl@UModSys@@U?$TNodeDeleter0@U?$TScatterArrayNode@U?$TRefObjectComposite@UIKeyboardClient@libui@UModSys@@UIRefObject@core@3@U?$TRefObjectFunc@UIRefObject@core@UModSys@@@tl@3@@tl@UModSys@@H@tl@UModSys@@@23@@tl@UModSys@@QEAAXPEAU?$TScatterArrayNode@U?$TRefObjectComposite@UIKeyboardClient@libui@UModSys@@UIRefObject@core@3@U?$TRefObjectFunc@UIRefObject@core@UModSys@@@tl@3@@tl@UModSys@@H@23@@Z 0000000180007fb0 f i umodsys_lib_libui:umodsys.mod.ui.SDL_core.obj
 0001:00007118       ??1?$TPair@HU?$TRefObjectCompositeExtra@UIMouseClient@libui@UModSys@@HUIRefObject@core@3@U?$TRefObjectFunc@UIRefObject@core@UModSys@@@tl@3@@tl@UModSys@@@tl@UModSys@@QEAA@XZ 0000000180008118 f i umodsys_lib_libui:umodsys.mod.ui.SDL_core.obj
 0001:00007118       ??1?$TPair@HU?$TRefObjectComposite@UIKeyboardClient@libui@UModSys@@UIRefObject@core@3@U?$TRefObjectFunc@UIRefObject@core@UModSys@@@tl@3@@tl@UModSys@@@tl@UModSys@@QEAA@XZ 0000000180008118 f i umodsys_lib_libui:umodsys.mod.ui.SDL_core.obj
 0001:00007160       ??1?$TRefObjectCompositeExtra@UIMouseClient@libui@UModSys@@HUIRefObject@core@3@U?$TRefObjectFunc@UIRefObject@core@UModSys@@@tl@3@@tl@UModSys@@QEAA@XZ 0000000180008160 f i umodsys_lib_libui:umodsys.mod.ui.SDL_core.obj
 0001:00007160       ??1?$TRefObjectComposite@UIKeyboardClient@libui@UModSys@@UIRefObject@core@3@U?$TRefObjectFunc@UIRefObject@core@UModSys@@@tl@3@@tl@UModSys@@QEAA@XZ 0000000180008160 f i umodsys_lib_libui:umodsys.mod.ui.SDL_core.obj
 0001:000071a8       ?remove_color@?$TTreeHoldRB@U?$TScatterArrayNode@U?$TRefObjectCompositeExtra@UIMouseClient@libui@UModSys@@HUIRefObject@core@3@U?$TRefObjectFunc@UIRefObject@core@UModSys@@@tl@3@@tl@UModSys@@H@tl@UModSys@@@tl@UModSys@@IEAAXPEAU?$TScatterArrayNode@U?$TRefObjectCompositeExtra@UIMouseClient@libui@UModSys@@HUIRefObject@core@3@U?$TRefObjectFunc@UIRefObject@core@UModSys@@@tl@3@@tl@UModSys@@H@23@0@Z 00000001800081a8 f i umodsys_lib_libui:umodsys.mod.ui.SDL_core.obj
 0001:000071a8       ?remove_color@?$TTreeHoldRB@U?$TScatterArrayNode@U?$TRefObjectComposite@UIKeyboardClient@libui@UModSys@@UIRefObject@core@3@U?$TRefObjectFunc@UIRefObject@core@UModSys@@@tl@3@@tl@UModSys@@H@tl@UModSys@@@tl@UModSys@@IEAAXPEAU?$TScatterArrayNode@U?$TRefObjectComposite@UIKeyboardClient@libui@UModSys@@UIRefObject@core@3@U?$TRefObjectFunc@UIRefObject@core@UModSys@@@tl@3@@tl@UModSys@@H@23@0@Z 00000001800081a8 f i umodsys_lib_libui:umodsys.mod.ui.SDL_core.obj
 0001:00007448       ??$t_add@U?$TRefObject@URRenderDriver2D@SDL_core@ui@modules@UModSys@@U?$TRefObjectWeakFunc@URRenderDriver2D@SDL_core@ui@modules@UModSys@@@tl@5@@tl@UModSys@@URRenderDriver2D@SDL_core@ui@modules@3@@SDL_core@ui@modules@UModSys@@YA_NAEAU?$TScatterArray@U?$TRefObject@URRenderDriver2D@SDL_core@ui@modules@UModSys@@U?$TRefObjectWeakFunc@URRenderDriver2D@SDL_core@ui@modules@UModSys@@@tl@5@@tl@UModSys@@HU?$TScalarCompare@H@core@3@U?$TNodeDeleter0@U?$TScatterArrayNode@U?$TRefObject@URRenderDriver2D@SDL_core@ui@modules@UModSys@@U?$TRefObjectWeakFunc@URRenderDriver2D@SDL_core@ui@modules@UModSys@@@tl@5@@tl@UModSys@@H@tl@UModSys@@@23@@tl@3@PEAURRenderDriver2D@0123@@Z 0000000180008448 f i umodsys_lib_libui:umodsys.mod.ui.SDL_core.obj
 0001:000075cc       ??$process_nodes_r@U?$TNodeDeleter0@U?$TScatterArrayNode@UGlyph@RMultiImage2D_SDL_ttf@SDL_core@ui@modules@UModSys@@H@tl@UModSys@@@tl@UModSys@@@?$TTreeHoldRB@U?$TScatterArrayNode@UGlyph@RMultiImage2D_SDL_ttf@SDL_core@ui@modules@UModSys@@H@tl@UModSys@@@tl@UModSys@@KAHPEAU?$TScatterArrayNode@UGlyph@RMultiImage2D_SDL_ttf@SDL_core@ui@modules@UModSys@@H@12@AEBU?$TNodeDeleter0@U?$TScatterArrayNode@UGlyph@RMultiImage2D_SDL_ttf@SDL_core@ui@modules@UModSys@@H@tl@UModSys@@@12@@Z 00000001800085cc f i umodsys_lib_libui:umodsys.mod.ui.SDL_core.obj
 0001:00007644       ??$process_nodes_r@U?$TNodeDeleter0@U?$TScatterArrayNode@U?$TRefObjectComposite@UIKeyboardClient@libui@UModSys@@UIRefObject@core@3@U?$TRefObjectFunc@UIRefObject@core@UModSys@@@tl@3@@tl@UModSys@@H@tl@UModSys@@@tl@UModSys@@@?$TTreeHoldRB@U?$TScatterArrayNode@U?$TRefObjectComposite@UIKeyboardClient@libui@UModSys@@UIRefObject@core@3@U?$TRefObjectFunc@UIRefObject@core@UModSys@@@tl@3@@tl@UModSys@@H@tl@UModSys@@@tl@UModSys@@KAHPEAU?$TScatterArrayNode@U?$TRefObjectComposite@UIKeyboardClient@libui@UModSys@@UIRefObject@core@3@U?$TRefObjectFunc@UIRefObject@core@UModSys@@@tl@3@@tl@UModSys@@H@12@AEBU?$TNodeDeleter0@U?$TScatterArrayNode@U?$TRefObjectComposite@UIKeyboardClient@libui@UModSys@@UIRefObject@core@3@U?$TRefObjectFunc@UIRefObject@core@UModSys@@@tl@3@@tl@UModSys@@H@tl@UModSys@@@12@@Z 0000000180008644 f i umodsys_lib_libui:umodsys.mod.ui.SDL_core.obj
 0001:00007644       ??$process_nodes_r@U?$TNodeDeleter0@U?$TScatterArrayNode@U?$TRefObjectCompositeExtra@UIMouseClient@libui@UModSys@@HUIRefObject@core@3@U?$TRefObjectFunc@UIRefObject@core@UModSys@@@tl@3@@tl@UModSys@@H@tl@UModSys@@@tl@UModSys@@@?$TTreeHoldRB@U?$TScatterArrayNode@U?$TRefObjectCompositeExtra@UIMouseClient@libui@UModSys@@HUIRefObject@core@3@U?$TRefObjectFunc@UIRefObject@core@UModSys@@@tl@3@@tl@UModSys@@H@tl@UModSys@@@tl@UModSys@@KAHPEAU?$TScatterArrayNode@U?$TRefObjectCompositeExtra@UIMouseClient@libui@UModSys@@HUIRefObject@core@3@U?$TRefObjectFunc@UIRefObject@core@UModSys@@@tl@3@@tl@UModSys@@H@12@AEBU?$TNodeDeleter0@U?$TScatterArrayNode@U?$TRefObjectCompositeExtra@UIMouseClient@libui@UModSys@@HUIRefObject@core@3@U?$TRefObjectFunc@UIRefObject@core@UModSys@@@tl@3@@tl@UModSys@@H@tl@UModSys@@@12@@Z 0000000180008644 f i umodsys_lib_libui:umodsys.mod.ui.SDL_core.obj
 0001:000076d8       ??$process_nodes_r@U?$TNodeDeleter0@U?$TScatterArrayNode@U?$TRefObject@URRenderDriver2D@SDL_core@ui@modules@UModSys@@U?$TRefObjectWeakFunc@URRenderDriver2D@SDL_core@ui@modules@UModSys@@@tl@5@@tl@UModSys@@H@tl@UModSys@@@tl@UModSys@@@?$TTreeHoldRB@U?$TScatterArrayNode@U?$TRefObject@URRenderDriver2D@SDL_core@ui@modules@UModSys@@U?$TRefObjectWeakFunc@URRenderDriver2D@SDL_core@ui@modules@UModSys@@@tl@5@@tl@UModSys@@H@tl@UModSys@@@tl@UModSys@@KAHPEAU?$TScatterArrayNode@U?$TRefObject@URRenderDriver2D@SDL_core@ui@modules@UModSys@@U?$TRefObjectWeakFunc@URRenderDriver2D@SDL_core@ui@modules@UModSys@@@tl@5@@tl@UModSys@@H@12@AEBU?$TNodeDeleter0@U?$TScatterArrayNode@U?$TRefObject@URRenderDriver2D@SDL_core@ui@modules@UModSys@@U?$TRefObjectWeakFunc@URRenderDriver2D@SDL_core@ui@modules@UModSys@@@tl@5@@tl@UModSys@@H@tl@UModSys@@@12@@Z 00000001800086d8 f i umodsys_lib_libui:umodsys.mod.ui.SDL_core.obj
 0001:0000776c       ?sub_insert_node@?$TTreeHoldRB@U?$TScatterArrayNode@U?$TRefObjectCompositeExtra@UIMouseClient@libui@UModSys@@HUIRefObject@core@3@U?$TRefObjectFunc@UIRefObject@core@UModSys@@@tl@3@@tl@UModSys@@H@tl@UModSys@@@tl@UModSys@@QEAAXPEAU?$TScatterArrayNode@U?$TRefObjectCompositeExtra@UIMouseClient@libui@UModSys@@HUIRefObject@core@3@U?$TRefObjectFunc@UIRefObject@core@UModSys@@@tl@3@@tl@UModSys@@H@23@0H@Z 000000018000876c f i umodsys_lib_libui:umodsys.mod.ui.SDL_core.obj
 0001:0000776c       ?sub_insert_node@?$TTreeHoldRB@U?$TScatterArrayNode@U?$TVector4@M@math3d@UModSys@@H@tl@UModSys@@@tl@UModSys@@QEAAXPEAU?$TScatterArrayNode@U?$TVector4@M@math3d@UModSys@@H@23@0H@Z 000000018000876c f i umodsys_lib_libui:umodsys.mod.ui.frames.obj
 0001:0000776c       ?sub_insert_node@?$TTreeHoldRB@U?$TScatterArrayNode@U?$TRefObject@URRenderDriver2D@SDL_core@ui@modules@UModSys@@U?$TRefObjectWeakFunc@URRenderDriver2D@SDL_core@ui@modules@UModSys@@@tl@5@@tl@UModSys@@H@tl@UModSys@@@tl@UModSys@@QEAAXPEAU?$TScatterArrayNode@U?$TRefObject@URRenderDriver2D@SDL_core@ui@modules@UModSys@@U?$TRefObjectWeakFunc@URRenderDriver2D@SDL_core@ui@modules@UModSys@@@tl@5@@tl@UModSys@@H@23@0H@Z 000000018000876c f i umodsys_lib_libui:umodsys.mod.ui.SDL_core.obj
 0001:0000776c       ?sub_insert_node@?$TTreeHoldRB@U?$TScatterArrayNode@HH@tl@UModSys@@@tl@UModSys@@QEAAXPEAU?$TScatterArrayNode@HH@23@0H@Z 000000018000876c f i umodsys_lib_libui:umodsys.mod.ui.frames.obj
 0001:0000776c       ?sub_insert_node@?$TTreeHoldRB@U?$TScatterArrayNode@U?$TRefObjectComposite@UIKeyboardClient@libui@UModSys@@UIRefObject@core@3@U?$TRefObjectFunc@UIRefObject@core@UModSys@@@tl@3@@tl@UModSys@@H@tl@UModSys@@@tl@UModSys@@QEAAXPEAU?$TScatterArrayNode@U?$TRefObjectComposite@UIKeyboardClient@libui@UModSys@@UIRefObject@core@3@U?$TRefObjectFunc@UIRefObject@core@UModSys@@@tl@3@@tl@UModSys@@H@23@0H@Z 000000018000876c f i umodsys_lib_libui:umodsys.mod.ui.SDL_core.obj
 0001:0000776c       ?sub_insert_node@?$TTreeHoldRB@U?$TScatterArrayNode@U?$TVector2@M@math3d@UModSys@@H@tl@UModSys@@@tl@UModSys@@QEAAXPEAU?$TScatterArrayNode@U?$TVector2@M@math3d@UModSys@@H@23@0H@Z 000000018000876c f i umodsys_lib_libui:umodsys.mod.ui.frames.obj
 0001:0000776c       ?sub_insert_node@?$TTreeHoldRB@U?$TScatterArrayNode@UGlyph@RMultiImage2D_SDL_ttf@SDL_core@ui@modules@UModSys@@H@tl@UModSys@@@tl@UModSys@@QEAAXPEAU?$TScatterArrayNode@UGlyph@RMultiImage2D_SDL_ttf@SDL_core@ui@modules@UModSys@@H@23@0H@Z 000000018000876c f i umodsys_lib_libui:umodsys.mod.ui.SDL_core.obj
 0001:0000794c       ??1SController@libui@UModSys@@QEAA@XZ 000000018000894c f i umodsys_lib_libui:umodsys.mod.ui.frames.obj
 0001:00007994       ?db_get_i@SController@libui@UModSys@@QEAAHQEBD@Z 0000000180008994 f i umodsys_lib_libui:umodsys.mod.ui.frames.obj
 0001:00007a34       ?update_size@libui@UModSys@@YA_NAEAU?$TBoundBox2@H@math3d@2@AEBUSFrameSize@12@AEBU342@@Z 0000000180008a34 f i umodsys_lib_libui:umodsys.mod.ui.frames.obj
 0001:00007b6c       ?command@SController@libui@UModSys@@QEAA_NHAEBUSFrameDataIn@23@@Z 0000000180008b6c f i umodsys_lib_libui:umodsys.mod.ui.frames.obj
 0001:00007be0       ?get_property@ICollectorThemeTemplate@libui@UModSys@@UEBA_NHHAEAU?$TVector4@M@math3d@3@@Z 0000000180008be0 f i umodsys_lib_libui:umodsys.mod.ui.frames.obj
 0001:00007c94       ?get_property@ICollectorThemeTemplate@libui@UModSys@@UEBA_NHHAEAU?$TVector4@H@math3d@3@@Z 0000000180008c94 f i umodsys_lib_libui:umodsys.mod.ui.frames.obj
 0001:00007d98       ?get_property@ICollectorThemeTemplate@libui@UModSys@@UEBA_NHHAEAU?$TVector2@M@math3d@3@@Z 0000000180008d98 f i umodsys_lib_libui:umodsys.mod.ui.frames.obj
 0001:00007e4c       ?get_property@ICollectorThemeTemplate@libui@UModSys@@UEBA_NHHAEAU?$TVector2@H@math3d@3@@Z 0000000180008e4c f i umodsys_lib_libui:umodsys.mod.ui.frames.obj
 0001:00007f14       ?get_property@ICollectorThemeTemplate@libui@UModSys@@UEBA_NHHAEAH@Z 0000000180008f14 f i umodsys_lib_libui:umodsys.mod.ui.frames.obj
 0001:00007fc4       ?set_property@ICollectorThemeTemplate@libui@UModSys@@UEAA_NHHAEBU?$TVector4@M@math3d@3@@Z 0000000180008fc4 f i umodsys_lib_libui:umodsys.mod.ui.frames.obj
 0001:00008008       ?set_property@ICollectorThemeTemplate@libui@UModSys@@UEAA_NHHAEBU?$TVector4@H@math3d@3@@Z 0000000180009008 f i umodsys_lib_libui:umodsys.mod.ui.frames.obj
 0001:000080b0       ?set_property@ICollectorThemeTemplate@libui@UModSys@@UEAA_NHHAEBU?$TVector2@M@math3d@3@@Z 00000001800090b0 f i umodsys_lib_libui:umodsys.mod.ui.frames.obj
 0001:000080f0       ?set_property@ICollectorThemeTemplate@libui@UModSys@@UEAA_NHHAEBU?$TVector2@H@math3d@3@@Z 00000001800090f0 f i umodsys_lib_libui:umodsys.mod.ui.frames.obj
 0001:0000814c       ?set_property@ICollectorThemeTemplate@libui@UModSys@@UEAA_NHHH@Z 000000018000914c f i umodsys_lib_libui:umodsys.mod.ui.frames.obj
 0001:00008230       ??1ICollectorThemeTemplate@libui@UModSys@@QEAA@XZ 0000000180009230 f i umodsys_lib_libui:umodsys.mod.ui.frames.obj
 0001:0000832c       ?get_group_index@RCollectorTheme@frames@ui@modules@UModSys@@UEAAHPEBD@Z 000000018000932c f   umodsys_lib_libui:umodsys.mod.ui.frames.obj
 0001:00008400       ?get_elem_index@RCollectorTheme@frames@ui@modules@UModSys@@UEAAHPEBD@Z 0000000180009400 f   umodsys_lib_libui:umodsys.mod.ui.frames.obj
 0001:000085bc       ??1RCollectorTheme@frames@ui@modules@UModSys@@QEAA@XZ 00000001800095bc f   umodsys_lib_libui:umodsys.mod.ui.frames.obj
 0001:000085cc       ?set_controller@RFrame_Common@frames@ui@modules@UModSys@@UEAA_NHPEAUIController@libui@5@PEAUIRefObject@core@5@@Z 00000001800095cc f i umodsys_lib_libui:umodsys.mod.ui.frames.obj
 0001:00008658       ?get_controller@RFrame_Common@frames@ui@modules@UModSys@@UEAAPEAUIController@libui@5@XZ 0000000180009658 f i umodsys_lib_libui:umodsys.mod.ui.frames.obj
 0001:00008660       ?get_controller_context@RFrame_Common@frames@ui@modules@UModSys@@UEAAHXZ 0000000180009660 f i umodsys_lib_libui:umodsys.mod.ui.frames.obj
 0001:00008668       ?get_box@RFrame_Common@frames@ui@modules@UModSys@@UEAAAEBU?$TBoundBox2@H@math3d@5@XZ 0000000180009668 f i umodsys_lib_libui:umodsys.mod.ui.frames.obj
 0001:00008668       ?get_theme@RCollector@frames@ui@modules@UModSys@@UEAAPEAUICollectorTheme@libui@5@XZ 0000000180009668 f i umodsys_lib_libui:umodsys.mod.ui.frames.obj
 0001:00008670       ?get_framesize@RFrame_Common@frames@ui@modules@UModSys@@UEAAAEBUSFrameSize@libui@5@XZ 0000000180009670 f i umodsys_lib_libui:umodsys.mod.ui.frames.obj
 0001:00008678       ?set_framesize@RFrame_Common@frames@ui@modules@UModSys@@UEAA_NAEBUSFrameSize@libui@5@@Z 0000000180009678 f i umodsys_lib_libui:umodsys.mod.ui.frames.obj
 0001:0000869c       ?get_insize@RFrame_Common@frames@ui@modules@UModSys@@UEAA?AU?$TVector2@H@math3d@5@XZ 000000018000969c f i umodsys_lib_libui:umodsys.mod.ui.frames.obj
 0001:000086b4       ?set_layer_count@RMultiImage2D_SDL_ttf@SDL_core@ui@modules@UModSys@@UEAA_NH@Z 00000001800096b4 f i umodsys_lib_libui:umodsys.mod.ui.SDL_core.obj
 0001:000086b4       ?mouse_reset@RMouseController@SDL_core@ui@modules@UModSys@@UEAA_NXZ 00000001800096b4 f i umodsys_lib_libui:umodsys.mod.ui.SDL_core.obj
 0001:000086b4       ?output_attach_3d@RCollector@frames@ui@modules@UModSys@@UEAA_NPEAUIRenderDriver@lib3d@5@H@Z 00000001800096b4 f i umodsys_lib_libui:umodsys.mod.ui.frames.obj
 0001:000086b4       ?set_hint@RMultiImage2D_SDL_ttf@SDL_core@ui@modules@UModSys@@UEAA_NPEBD0@Z 00000001800096b4 f i umodsys_lib_libui:umodsys.mod.ui.SDL_core.obj
 0001:000086b4       ?set_insize@RFrame_Common@frames@ui@modules@UModSys@@UEAA_NAEBU?$TVector2@H@math3d@5@@Z 00000001800096b4 f i umodsys_lib_libui:umodsys.mod.ui.frames.obj
 0001:000086b4       ?mouse_event@RFrame_Common@frames@ui@modules@UModSys@@MEAA_NPEBUSMouseInput@libui@5@@Z 00000001800096b4 f i umodsys_lib_libui:umodsys.mod.ui.frames.obj
 0001:000086b4       ?set_var_cell@RMultiImage2D_SDL_ttf@SDL_core@ui@modules@UModSys@@UEAA_NPEBUSImageCellInfo@lib2d@5@HH@Z 00000001800096b4 f i umodsys_lib_libui:umodsys.mod.ui.SDL_core.obj
 0001:000086b4       ?command_draw@RTest1_Shell@test1@test@modules@UModSys@@UEAA_NAEBUSController@libui@5@PEAUIRenderDriver@lib2d@5@AEBU?$TBoundBox2@H@math3d@5@@Z 00000001800096b4 f i plugin_test1.obj
 0001:000086b4       ?frame_remove@RCollector@frames@ui@modules@UModSys@@UEAA_NPEAUIFrame@libui@5@@Z 00000001800096b4 f i umodsys_lib_libui:umodsys.mod.ui.frames.obj
 0001:000086b4       ?mouse_setposition@RMouseController@SDL_core@ui@modules@UModSys@@UEAA_NHH@Z 00000001800096b4 f i umodsys_lib_libui:umodsys.mod.ui.SDL_core.obj
 0001:000086b4       ?set_parameters@RRenderDriver2D@SDL_core@ui@modules@UModSys@@UEAA_NPEBDAEBUSParameters@core@5@@Z 00000001800096b4 f i umodsys_lib_libui:umodsys.mod.ui.SDL_core.obj
 0001:000086b4       ?set_fixed_cell@RMultiImage2D_SDL_ttf@SDL_core@ui@modules@UModSys@@UEAA_NHH@Z 00000001800096b4 f i umodsys_lib_libui:umodsys.mod.ui.SDL_core.obj
 0001:000086b4       ?get_minsize@RCollector@frames@ui@modules@UModSys@@UEAA_NAEAU?$TVector2@H@math3d@5@@Z 00000001800096b4 f i umodsys_lib_libui:umodsys.mod.ui.frames.obj
 0001:000086b4       ?filter_load@RMediaFilter@images_std@media@modules@UModSys@@UEAA_NAEBUSInfo@IBinObjFilter@libmedia@5@AEAU?$TRefObject@UIRefObject@core@UModSys@@U?$TRefObjectFunc@UIRefObject@core@UModSys@@@tl@3@@tl@5@@Z 00000001800096b4 f i umodsys_lib_libmedia:umodsys.mod.media.images_std.obj
 0001:000086b4       ?key_event@RFrame_Common@frames@ui@modules@UModSys@@MEAA_NAEBUSKeyboardInputText@libui@5@@Z 00000001800096b4 f i umodsys_lib_libui:umodsys.mod.ui.frames.obj
 0001:000086b4       ?get_max_cell_size@RMultiImage2D_SDL_ttf@SDL_core@ui@modules@UModSys@@UEAA_NAEAU?$TVector2@H@math3d@5@@Z 00000001800096b4 f i umodsys_lib_libui:umodsys.mod.ui.SDL_core.obj
 0001:000086b4       ?key_event@RFrame_Common@frames@ui@modules@UModSys@@MEAA_NAEBUSKeyboardInputRaw@libui@5@@Z 00000001800096b4 f i umodsys_lib_libui:umodsys.mod.ui.frames.obj
 0001:000086b4       ?key_setrepeat@RKeyboardController@SDL_core@ui@modules@UModSys@@UEAA_NMM@Z 00000001800096b4 f i umodsys_lib_libui:umodsys.mod.ui.SDL_core.obj
 0001:000086b4       ?get_maxbox@RCollector@frames@ui@modules@UModSys@@UEAA_NAEAU?$TBoundBox2@H@math3d@5@@Z 00000001800096b4 f i umodsys_lib_libui:umodsys.mod.ui.frames.obj
 0001:000086b4       ?get_cell_size@RMultiImage2D_SDL_ttf@SDL_core@ui@modules@UModSys@@UEAA_NHAEAU?$TVector2@H@math3d@5@PEAU675@@Z 00000001800096b4 f i umodsys_lib_libui:umodsys.mod.ui.SDL_core.obj
 0001:000086b4       ?key_setmodifier@RKeyboardController@SDL_core@ui@modules@UModSys@@UEAA_NHHH@Z 00000001800096b4 f i umodsys_lib_libui:umodsys.mod.ui.SDL_core.obj
 0001:000086b4       ?mouse_setvisible@RMouseController@SDL_core@ui@modules@UModSys@@UEAA_N_N@Z 00000001800096b4 f i umodsys_lib_libui:umodsys.mod.ui.SDL_core.obj
 0001:000086b4       ?set_repeater@RFrame_Common@frames@ui@modules@UModSys@@UEAA_NHH@Z 00000001800096b4 f i umodsys_lib_libui:umodsys.mod.ui.frames.obj
[...]
 0001:00019cb8       ??__E?s_id@?$TObjectUniqueID@URFrame_List@frames@ui@modules@UModSys@@@tl@UModSys@@2USUniquePointer@core@3@A@@YAXXZ 000000018001acb8 f    CIL library: CIL module
 0001:00019cec       ??__E?s_id@?$TObjectUniqueID@URCollector@frames@ui@modules@UModSys@@@tl@UModSys@@2USUniquePointer@core@3@A@@YAXXZ 000000018001acec f    CIL library: CIL module
 0001:00019d20       ??__E?s_id@?$TObjectUniqueID@URGenerator@frames@ui@modules@UModSys@@@tl@UModSys@@2USUniquePointer@core@3@A@@YAXXZ 000000018001ad20 f    CIL library: CIL module
 0001:00019d54       ??__E?s_modreg@RModuleReg@images_std@media@modules@UModSys@@2U12345@A@@YAXXZ 000000018001ad54 f    CIL library: CIL module
 0001:00019d9c       ??__E?s_modreg_chain@RModuleReg@images_std@media@modules@UModSys@@2USModuleRegChain@base@5@A@@YAXXZ 000000018001ad9c f    CIL library: CIL module
 0001:00019dc4       ??__E?s_uid@RGenerator@images_std@media@modules@UModSys@@2USUniquePointer@core@5@A@@YAXXZ 000000018001adc4 f    CIL library: CIL module
 0001:00019df8       ??__E?s_id@?$TObjectUniqueID@URMediaFilter@images_std@media@modules@UModSys@@@tl@UModSys@@2USUniquePointer@core@3@A@@YAXXZ 000000018001adf8 f    CIL library: CIL module
 0001:00019e2c       ??__E?s_id@?$TObjectUniqueID@URGenerator@images_std@media@modules@UModSys@@@tl@UModSys@@2USUniquePointer@core@3@A@@YAXXZ 000000018001ae2c f    CIL library: CIL module
 0001:00019e60       ??__E?s_modreg@RModuleReg@serialize_json@media@modules@UModSys@@2U12345@A@@YAXXZ 000000018001ae60 f    CIL library: CIL module
 0001:00019ea8       ??__E?s_modreg_chain@RModuleReg@serialize_json@media@modules@UModSys@@2USModuleRegChain@base@5@A@@YAXXZ 000000018001aea8 f    CIL library: CIL module
 0001:00019ed0       ??__E?s_uid@RGenerator@serialize_json@media@modules@UModSys@@2USUniquePointer@core@5@A@@YAXXZ 000000018001aed0 f    CIL library: CIL module
 0001:00019f04       ??__E?s_id@?$TObjectUniqueID@URSerializeReader@serialize_json@media@modules@UModSys@@@tl@UModSys@@2USUniquePointer@core@3@A@@YAXXZ 000000018001af04 f    CIL library: CIL module
 0001:00019f38       ??__E?s_id@?$TObjectUniqueID@URSerializeWriter@serialize_json@media@modules@UModSys@@@tl@UModSys@@2USUniquePointer@core@3@A@@YAXXZ 000000018001af38 f    CIL library: CIL module
 0001:00019f6c       ??__E?s_id@?$TObjectUniqueID@URGenerator@serialize_json@media@modules@UModSys@@@tl@UModSys@@2USUniquePointer@core@3@A@@YAXXZ 000000018001af6c f    CIL library: CIL module
 0001:00019fa0       ??__EM@UModSys@@YAXXZ      000000018001afa0 f    CIL library: CIL module
 0001:00019fac       ??__E?root@SModuleRegChain@base@UModSys@@2U123@A@@YAXXZ 000000018001afac f    CIL library: CIL module
 0001:00019fb8       ??__E?s_library@RModuleLibraryReg_Chain@base@UModSys@@2U123@A@@YAXXZ 000000018001afb8 f    CIL library: CIL module
 0001:00019fc4       ??__E?root@SUniquePointer@core@UModSys@@2U123@A@@YAXXZ 000000018001afc4 f    CIL library: CIL module
 0001:00019fd0       ??__F?s_modreg@RModuleReg@test1@test@modules@UModSys@@2U12345@A@@YAXXZ 000000018001afd0 f    CIL library: CIL module
 0001:00019fe0       ??__F?s_modreg_chain@RModuleReg@test1@test@modules@UModSys@@2USModuleRegChain@base@5@A@@YAXXZ 000000018001afe0 f    CIL library: CIL module
 0001:0001a020       ??__F?s_uid@RGenerator@test1@test@modules@UModSys@@2USUniquePointer@core@5@A@@YAXXZ 000000018001b020 f    CIL library: CIL module
 0001:0001a02c       ??__Fh@?1??s_holder@RGenerator@test1@test@modules@UModSys@@SAAEAU?$TTypeStaticHolder@URGenerator@test1@test@modules@UModSys@@@tl@5@XZ@YAXXZ 000000018001b02c f    CIL library: CIL module
 0001:0001a054       ??__F?s_id@?$TObjectUniqueID@URGenerator@test1@test@modules@UModSys@@@tl@UModSys@@2USUniquePointer@core@3@A@@YAXXZ 000000018001b054 f    CIL library: CIL module
 0001:0001a060       ??__F?s_id@?$TObjectUniqueID@URTest1_Shell@test1@test@modules@UModSys@@@tl@UModSys@@2USUniquePointer@core@3@A@@YAXXZ 000000018001b060 f    CIL library: CIL module
 0001:0001a06c       ??__F?s_id@?$TObjectUniqueID@URLines_Filter@test1@test@modules@UModSys@@@tl@UModSys@@2USUniquePointer@core@3@A@@YAXXZ 000000018001b06c f    CIL library: CIL module
 0001:0001a078       ??__F?s_id@?$TObjectUniqueID@URLines@test1@test@modules@UModSys@@@tl@UModSys@@2USUniquePointer@core@3@A@@YAXXZ 000000018001b078 f    CIL library: CIL module
 0001:0001a084       ??__F?s_id@?$TObjectUniqueID@UILines@test1@test@modules@UModSys@@@tl@UModSys@@2USUniquePointer@core@3@A@@YAXXZ 000000018001b084 f    CIL library: CIL module
 0001:0001a090       ??__F?s_id@?$TObjectUniqueID@UIRenderDriver@lib2d@UModSys@@@tl@UModSys@@2USUniquePointer@core@3@A@@YAXXZ 000000018001b090 f    CIL library: CIL module
 0001:0001a09c       ??__F?s_id@?$TObjectUniqueID@UIMultiImage@lib2d@UModSys@@@tl@UModSys@@2USUniquePointer@core@3@A@@YAXXZ 000000018001b09c f    CIL library: CIL module
 0001:0001a0a8       ??__F?s_id@?$TObjectUniqueID@UIImage@lib2d@UModSys@@@tl@UModSys@@2USUniquePointer@core@3@A@@YAXXZ 000000018001b0a8 f    CIL library: CIL module
 0001:0001a0b4       ??__F?s_id@?$TObjectUniqueID@UIDialog@libui@UModSys@@@tl@UModSys@@2USUniquePointer@core@3@A@@YAXXZ 000000018001b0b4 f    CIL library: CIL module
 0001:0001a0c0       ??__F?s_id@?$TObjectUniqueID@UIFrame@libui@UModSys@@@tl@UModSys@@2USUniquePointer@core@3@A@@YAXXZ 000000018001b0c0 f    CIL library: CIL module
 0001:0001a0cc       ??__F?s_id@?$TObjectUniqueID@UIAsyncCollector@libui@UModSys@@@tl@UModSys@@2USUniquePointer@core@3@A@@YAXXZ 000000018001b0cc f    CIL library: CIL module
 0001:0001a0d8       ??__F?s_id@?$TObjectUniqueID@UIAsyncController@libui@UModSys@@@tl@UModSys@@2USUniquePointer@core@3@A@@YAXXZ 000000018001b0d8 f    CIL library: CIL module
 0001:0001a0e4       ??__F?s_id@?$TObjectUniqueID@UICollector@libui@UModSys@@@tl@UModSys@@2USUniquePointer@core@3@A@@YAXXZ 000000018001b0e4 f    CIL library: CIL module
 0001:0001a0f0       ??__F?s_id@?$TObjectUniqueID@UIConsoleHelperInput_UIKey@libui@UModSys@@@tl@UModSys@@2USUniquePointer@core@3@A@@YAXXZ 000000018001b0f0 f    CIL library: CIL module
 0001:0001a0fc       ??__F?s_id@?$TObjectUniqueID@UITerminal@libui@UModSys@@@tl@UModSys@@2USUniquePointer@core@3@A@@YAXXZ 000000018001b0fc f    CIL library: CIL module
 0001:0001a108       ??__F?s_id@?$TObjectUniqueID@UIJoystickController@libui@UModSys@@@tl@UModSys@@2USUniquePointer@core@3@A@@YAXXZ 000000018001b108 f    CIL library: CIL module
 0001:0001a114       ??__F?s_id@?$TObjectUniqueID@UIMouseController@libui@UModSys@@@tl@UModSys@@2USUniquePointer@core@3@A@@YAXXZ 000000018001b114 f    CIL library: CIL module
 0001:0001a120       ??__F?s_id@?$TObjectUniqueID@UIKeyboardController@libui@UModSys@@@tl@UModSys@@2USUniquePointer@core@3@A@@YAXXZ 000000018001b120 f    CIL library: CIL module
 0001:0001a12c       ??__F?s_id@?$TObjectUniqueID@UIConsoleHelperOutputFCS@base@UModSys@@@tl@UModSys@@2USUniquePointer@core@3@A@@YAXXZ 000000018001b12c f    CIL library: CIL module
 0001:0001a138       ??__F?s_id@?$TObjectUniqueID@UIConsoleHelperOutput@base@UModSys@@@tl@UModSys@@2USUniquePointer@core@3@A@@YAXXZ 000000018001b138 f    CIL library: CIL module
 0001:0001a144       ??__F?s_id@?$TObjectUniqueID@UIConsoleHelperInput@base@UModSys@@@tl@UModSys@@2USUniquePointer@core@3@A@@YAXXZ 000000018001b144 f    CIL library: CIL module
 0001:0001a150       ??__F?s_id@?$TObjectUniqueID@UIConsoleHelperHistory@base@UModSys@@@tl@UModSys@@2USUniquePointer@core@3@A@@YAXXZ 000000018001b150 f    CIL library: CIL module
 0001:0001a15c       ??__F?s_id@?$TObjectUniqueID@UIConsoleHelper@base@UModSys@@@tl@UModSys@@2USUniquePointer@core@3@A@@YAXXZ 000000018001b15c f    CIL library: CIL module
 0001:0001a168       ??__F?s_id@?$TObjectUniqueID@UIConsoleExt@base@UModSys@@@tl@UModSys@@2USUniquePointer@core@3@A@@YAXXZ 000000018001b168 f    CIL library: CIL module
 0001:0001a174       ??__F?s_id@?$TObjectUniqueID@UISerializeWriter@libmedia@UModSys@@@tl@UModSys@@2USUniquePointer@core@3@A@@YAXXZ 000000018001b174 f    CIL library: CIL module
 0001:0001a180       ??__F?s_id@?$TObjectUniqueID@UISerializeReader@libmedia@UModSys@@@tl@UModSys@@2USUniquePointer@core@3@A@@YAXXZ 000000018001b180 f    CIL library: CIL module
 0001:0001a18c       ??__F?s_id@?$TObjectUniqueID@UILibraryLayered@libmedia@UModSys@@@tl@UModSys@@2USUniquePointer@core@3@A@@YAXXZ 000000018001b18c f    CIL library: CIL module
 0001:0001a198       ??__F?s_id@?$TObjectUniqueID@UILibraryObjCache@libmedia@UModSys@@@tl@UModSys@@2USUniquePointer@core@3@A@@YAXXZ 000000018001b198 f    CIL library: CIL module
 0001:0001a1a4       ??__F?s_id@?$TObjectUniqueID@UILibraryObjFilter@libmedia@UModSys@@@tl@UModSys@@2USUniquePointer@core@3@A@@YAXXZ 000000018001b1a4 f    CIL library: CIL module
 0001:0001a1b0       ??__F?s_id@?$TObjectUniqueID@UILibraryBinCache@libmedia@UModSys@@@tl@UModSys@@2USUniquePointer@core@3@A@@YAXXZ 000000018001b1b0 f    CIL library: CIL module
 0001:0001a1bc       ??__F?s_id@?$TObjectUniqueID@UILibraryBinTree@libmedia@UModSys@@@tl@UModSys@@2USUniquePointer@core@3@A@@YAXXZ 000000018001b1bc f    CIL library: CIL module
 0001:0001a1c8       ??__F?s_id@?$TObjectUniqueID@UILibrary@libmedia@UModSys@@@tl@UModSys@@2USUniquePointer@core@3@A@@YAXXZ 000000018001b1c8 f    CIL library: CIL module
 0001:0001a1d4       ??__F?s_id@?$TObjectUniqueID@UIBinObjFilter@libmedia@UModSys@@@tl@UModSys@@2USUniquePointer@core@3@A@@YAXXZ 000000018001b1d4 f    CIL library: CIL module
 0001:0001a1e0       ??__F?s_id@?$TObjectUniqueID@UIBinArchive@libmedia@UModSys@@@tl@UModSys@@2USUniquePointer@core@3@A@@YAXXZ 000000018001b1e0 f    CIL library: CIL module
 0001:0001a1ec       ??__F?s_id@?$TObjectUniqueID@UIStreamWriter@libmedia@UModSys@@@tl@UModSys@@2USUniquePointer@core@3@A@@YAXXZ 000000018001b1ec f    CIL library: CIL module
 0001:0001a1f8       ??__F?s_id@?$TObjectUniqueID@UIStreamReader@libmedia@UModSys@@@tl@UModSys@@2USUniquePointer@core@3@A@@YAXXZ 000000018001b1f8 f    CIL library: CIL module
 0001:0001a204       ??__F?s_id@?$TObjectUniqueID@UISystem@base@UModSys@@@tl@UModSys@@2USUniquePointer@core@3@A@@YAXXZ 000000018001b204 f    CIL library: CIL module
 0001:0001a210       ??__F?s_id@?$TObjectUniqueID@UIConsole@base@UModSys@@@tl@UModSys@@2USUniquePointer@core@3@A@@YAXXZ 000000018001b210 f    CIL library: CIL module
 0001:0001a21c       ??__F?s_id@?$TObjectUniqueID@UIShell@base@UModSys@@@tl@UModSys@@2USUniquePointer@core@3@A@@YAXXZ 000000018001b21c f    CIL library: CIL module
 0001:0001a228       ??__F?s_id@?$TObjectUniqueID@UIGenerator@base@UModSys@@@tl@UModSys@@2USUniquePointer@core@3@A@@YAXXZ 000000018001b228 f    CIL library: CIL module
 0001:0001a234       ??__F?s_id@?$TObjectUniqueID@UIModObject@base@UModSys@@@tl@UModSys@@2USUniquePointer@core@3@A@@YAXXZ 000000018001b234 f    CIL library: CIL module
 0001:0001a240       ??__F?s_id@?$TObjectUniqueID@UIModuleLibrary@base@UModSys@@@tl@UModSys@@2USUniquePointer@core@3@A@@YAXXZ 000000018001b240 f    CIL library: CIL module
 0001:0001a24c       ??__F?s_id@?$TObjectUniqueID@UIModule@base@UModSys@@@tl@UModSys@@2USUniquePointer@core@3@A@@YAXXZ 000000018001b24c f    CIL library: CIL module
 0001:0001a258       ??__F?s_id@?$TObjectUniqueID@UIParameters@core@UModSys@@@tl@UModSys@@2USUniquePointer@core@3@A@@YAXXZ 000000018001b258 f    CIL library: CIL module
 0001:0001a264       ??__F?s_id@?$TObjectUniqueID@UIRefObject@core@UModSys@@@tl@UModSys@@2USUniquePointer@core@3@A@@YAXXZ 000000018001b264 f    CIL library: CIL module
 0001:0001a270       ??__F?s_id@?$TObjectUniqueID@UIRoot@core@UModSys@@@tl@UModSys@@2USUniquePointer@core@3@A@@YAXXZ 000000018001b270 f    CIL library: CIL module
 0001:0001a27c       ??__F?s_modreg@RModuleReg@stdlib@lib2d@modules@UModSys@@2U12345@A@@YAXXZ 000000018001b27c f    CIL library: CIL module
 0001:0001a28c       ??__F?s_modreg_chain@RModuleReg@stdlib@lib2d@modules@UModSys@@2USModuleRegChain@base@5@A@@YAXXZ 000000018001b28c f    CIL library: CIL module
 0001:0001a2cc       ??__F?s_uid@RGenerator@stdlib@lib2d@modules@UModSys@@2USUniquePointer@core@5@A@@YAXXZ 000000018001b2cc f    CIL library: CIL module
 0001:0001a2d8       ??__Fh@?1??s_holder@RGenerator@stdlib@lib2d@modules@UModSys@@SAAEAU?$TTypeStaticHolder@URGenerator@stdlib@lib2d@modules@UModSys@@@tl@5@XZ@YAXXZ 000000018001b2d8 f    CIL library: CIL module
 0001:0001a300       ??__F?s_id@?$TObjectUniqueID@URGenerator@stdlib@lib2d@modules@UModSys@@@tl@UModSys@@2USUniquePointer@core@3@A@@YAXXZ 000000018001b300 f    CIL library: CIL module
 0001:0001a30c       ??__F?s_id@?$TObjectUniqueID@URImage_Memory@stdlib@lib2d@modules@UModSys@@@tl@UModSys@@2USUniquePointer@core@3@A@@YAXXZ 000000018001b30c f    CIL library: CIL module
 0001:0001a318       ??__F?s_modreg@RModuleReg@SDL_core@ui@modules@UModSys@@2U12345@A@@YAXXZ 000000018001b318 f    CIL library: CIL module
 0001:0001a328       ??__F?s_modreg_chain@RModuleReg@SDL_core@ui@modules@UModSys@@2USModuleRegChain@base@5@A@@YAXXZ 000000018001b328 f    CIL library: CIL module
 0001:0001a368       ??__F?s_uid@RGenerator@SDL_core@ui@modules@UModSys@@2USUniquePointer@core@5@A@@YAXXZ 000000018001b368 f    CIL library: CIL module
 0001:0001a374       ??__Fh@?1??s_holder@RGenerator@SDL_core@ui@modules@UModSys@@SAAEAU?$TTypeStaticHolder@URGenerator@SDL_core@ui@modules@UModSys@@@tl@5@XZ@YAXXZ 000000018001b374 f    CIL library: CIL module
 0001:0001a39c       ??__F?s_id@?$TObjectUniqueID@URGenerator@SDL_core@ui@modules@UModSys@@@tl@UModSys@@2USUniquePointer@core@3@A@@YAXXZ 000000018001b39c f    CIL library: CIL module
 0001:0001a3a8       ??__F?s_id@?$TObjectUniqueID@URTerminal@SDL_core@ui@modules@UModSys@@@tl@UModSys@@2USUniquePointer@core@3@A@@YAXXZ 000000018001b3a8 f    CIL library: CIL module
 0001:0001a3b4       ??__F?s_id@?$TObjectUniqueID@URKeyboardController@SDL_core@ui@modules@UModSys@@@tl@UModSys@@2USUniquePointer@core@3@A@@YAXXZ 000000018001b3b4 f    CIL library: CIL module
 0001:0001a3c0       ??__F?s_id@?$TObjectUniqueID@URMouseController@SDL_core@ui@modules@UModSys@@@tl@UModSys@@2USUniquePointer@core@3@A@@YAXXZ 000000018001b3c0 f    CIL library: CIL module
 0001:0001a3cc       ??__F?s_id@?$TObjectUniqueID@URRenderDriver2D@SDL_core@ui@modules@UModSys@@@tl@UModSys@@2USUniquePointer@core@3@A@@YAXXZ 000000018001b3cc f    CIL library: CIL module
 0001:0001a3d8       ??__F?s_id@?$TObjectUniqueID@URMultiImage2D_SDL_ttf@SDL_core@ui@modules@UModSys@@@tl@UModSys@@2USUniquePointer@core@3@A@@YAXXZ 000000018001b3d8 f    CIL library: CIL module
 0001:0001a3e4       ??__F?s_modreg@RModuleReg@frames@ui@modules@UModSys@@2U12345@A@@YAXXZ 000000018001b3e4 f    CIL library: CIL module
 0001:0001a3f4       ??__F?s_modreg_chain@RModuleReg@frames@ui@modules@UModSys@@2USModuleRegChain@base@5@A@@YAXXZ 000000018001b3f4 f    CIL library: CIL module
 0001:0001a434       ??__F?s_uid@RGenerator@frames@ui@modules@UModSys@@2USUniquePointer@core@5@A@@YAXXZ 000000018001b434 f    CIL library: CIL module
 0001:0001a440       ??__Fh@?1??s_holder@RGenerator@frames@ui@modules@UModSys@@SAAEAU?$TTypeStaticHolder@URGenerator@frames@ui@modules@UModSys@@@tl@5@XZ@YAXXZ 000000018001b440 f    CIL library: CIL module
 0001:0001a468       ??__F?s_id@?$TObjectUniqueID@URGenerator@frames@ui@modules@UModSys@@@tl@UModSys@@2USUniquePointer@core@3@A@@YAXXZ 000000018001b468 f    CIL library: CIL module
 0001:0001a474       ??__F?s_id@?$TObjectUniqueID@URCollector@frames@ui@modules@UModSys@@@tl@UModSys@@2USUniquePointer@core@3@A@@YAXXZ 000000018001b474 f    CIL library: CIL module
 0001:0001a480       ??__F?s_id@?$TObjectUniqueID@URFrame_List@frames@ui@modules@UModSys@@@tl@UModSys@@2USUniquePointer@core@3@A@@YAXXZ 000000018001b480 f    CIL library: CIL module
 0001:0001a48c       ??__F?s_id@?$TObjectUniqueID@URFrame_Edit@frames@ui@modules@UModSys@@@tl@UModSys@@2USUniquePointer@core@3@A@@YAXXZ 000000018001b48c f    CIL library: CIL module
 0001:0001a498       ??__F?s_id@?$TObjectUniqueID@URFrame_Button@frames@ui@modules@UModSys@@@tl@UModSys@@2USUniquePointer@core@3@A@@YAXXZ 000000018001b498 f    CIL library: CIL module
 0001:0001a4a4       ??__F?s_id@?$TObjectUniqueID@URFrame_Text@frames@ui@modules@UModSys@@@tl@UModSys@@2USUniquePointer@core@3@A@@YAXXZ 000000018001b4a4 f    CIL library: CIL module
 0001:0001a4b0       ??__F?s_id@?$TObjectUniqueID@URFrame_Image@frames@ui@modules@UModSys@@@tl@UModSys@@2USUniquePointer@core@3@A@@YAXXZ 000000018001b4b0 f    CIL library: CIL module
 0001:0001a4bc       ??__F?s_id@?$TObjectUniqueID@URFrame_Frame@frames@ui@modules@UModSys@@@tl@UModSys@@2USUniquePointer@core@3@A@@YAXXZ 000000018001b4bc f    CIL library: CIL module
 0001:0001a4c8       ??__F?s_id@?$TObjectUniqueID@URDialog@frames@ui@modules@UModSys@@@tl@UModSys@@2USUniquePointer@core@3@A@@YAXXZ 000000018001b4c8 f    CIL library: CIL module
 0001:0001a4d4       ??__F?s_id@?$TObjectUniqueID@URFrame_Common@frames@ui@modules@UModSys@@@tl@UModSys@@2USUniquePointer@core@3@A@@YAXXZ 000000018001b4d4 f    CIL library: CIL module
 0001:0001a4e0       ??__F?s_modreg@RModuleReg@images_std@media@modules@UModSys@@2U12345@A@@YAXXZ 000000018001b4e0 f    CIL library: CIL module
 0001:0001a4f0       ??__F?s_modreg_chain@RModuleReg@images_std@media@modules@UModSys@@2USModuleRegChain@base@5@A@@YAXXZ 000000018001b4f0 f    CIL library: CIL module
 0001:0001a530       ??__F?s_uid@RGenerator@images_std@media@modules@UModSys@@2USUniquePointer@core@5@A@@YAXXZ 000000018001b530 f    CIL library: CIL module
 0001:0001a53c       ??__Fh@?1??s_holder@RGenerator@images_std@media@modules@UModSys@@SAAEAU?$TTypeStaticHolder@URGenerator@images_std@media@modules@UModSys@@@tl@5@XZ@YAXXZ 000000018001b53c f    CIL library: CIL module
 0001:0001a564       ??__F?s_id@?$TObjectUniqueID@URGenerator@images_std@media@modules@UModSys@@@tl@UModSys@@2USUniquePointer@core@3@A@@YAXXZ 000000018001b564 f    CIL library: CIL module
 0001:0001a570       ??__F?s_id@?$TObjectUniqueID@URMediaFilter@images_std@media@modules@UModSys@@@tl@UModSys@@2USUniquePointer@core@3@A@@YAXXZ 000000018001b570 f    CIL library: CIL module
 0001:0001a57c       ??__F?s_modreg@RModuleReg@serialize_json@media@modules@UModSys@@2U12345@A@@YAXXZ 000000018001b57c f    CIL library: CIL module
 0001:0001a58c       ??__F?s_modreg_chain@RModuleReg@serialize_json@media@modules@UModSys@@2USModuleRegChain@base@5@A@@YAXXZ 000000018001b58c f    CIL library: CIL module
 0001:0001a5cc       ??__F?s_uid@RGenerator@serialize_json@media@modules@UModSys@@2USUniquePointer@core@5@A@@YAXXZ 000000018001b5cc f    CIL library: CIL module
 0001:0001a5d8       ??__Fh@?1??s_holder@RGenerator@serialize_json@media@modules@UModSys@@SAAEAU?$TTypeStaticHolder@URGenerator@serialize_json@media@modules@UModSys@@@tl@5@XZ@YAXXZ 000000018001b5d8 f    CIL library: CIL module
 0001:0001a600       ??__F?s_id@?$TObjectUniqueID@URGenerator@serialize_json@media@modules@UModSys@@@tl@UModSys@@2USUniquePointer@core@3@A@@YAXXZ 000000018001b600 f    CIL library: CIL module
 0001:0001a60c       ??__F?s_id@?$TObjectUniqueID@URSerializeWriter@serialize_json@media@modules@UModSys@@@tl@UModSys@@2USUniquePointer@core@3@A@@YAXXZ 000000018001b60c f    CIL library: CIL module
 0001:0001a618       ??__F?s_id@?$TObjectUniqueID@URSerializeReader@serialize_json@media@modules@UModSys@@@tl@UModSys@@2USUniquePointer@core@3@A@@YAXXZ 000000018001b618 f    CIL library: CIL module
 0001:0001a624       ??__FM@UModSys@@YAXXZ      000000018001b624 f    CIL library: CIL module
 0001:0001a628       ??__F?root@SModuleRegChain@base@UModSys@@2U123@A@@YAXXZ 000000018001b628 f    CIL library: CIL module
 0001:0001a668       ??__F?s_library@RModuleLibraryReg_Chain@base@UModSys@@2U123@A@@YAXXZ 000000018001b668 f    CIL library: CIL module
 0001:0001a678       ??__F?root@SUniquePointer@core@UModSys@@2U123@A@@YAXXZ 000000018001b678 f    CIL library: CIL module

 Exports

  ordinal    name

        1    UModSys_Plugin_Entry2
