 plugin_test1

 Timestamp is 5329b3d4 (Wed Mar 19 18:12:20 2014)

 Preferred load address is 0000000180000000

 Start         Length     Name                   Class
 0001:00000000 00033810H .text                   CODE
 0001:00033810 0000005eH .text$00                CODE
 0001:00033870 00001ae8H .text$x                 CODE
 0001:00035358 00001a28H .text$yc                CODE
 0001:00036d80 0000084cH .text$yd                CODE
 0002:00000000 000003e0H .idata$5                DATA
 0002:000003e0 00000008H .CRT$XCA                DATA
 0002:000003e8 00001f80H .CRT$XCU                DATA
 0002:00002368 00000008H .CRT$XCZ                DATA
 0002:00002370 00000008H .CRT$XIA                DATA
 0002:00002378 00000008H .CRT$XIAA               DATA
 0002:00002380 00000008H .CRT$XIZ                DATA
 0002:00002390 00010578H .rdata                  DATA
 0002:00012910 000031a4H .rdata$r                DATA
 0002:00015ab8 00000008H .rtc$IAA                DATA
 0002:00015ac0 00000008H .rtc$IZZ                DATA
 0002:00015ac8 00000008H .rtc$TAA                DATA
 0002:00015ad0 00000008H .rtc$TZZ                DATA
 0002:00015ad8 00002ef0H .xdata                  DATA
 0002:000189c8 00000078H .idata$2                DATA
 0002:00018a40 00000014H .idata$3                DATA
 0002:00018a58 000003e0H .idata$4                DATA
 0002:00018e38 000008beH .idata$6                DATA
 0002:00019700 00000059H .edata                  DATA
 0003:00000000 00001930H .data                   DATA
 0003:00001930 00002290H .bss                    DATA
 0004:00000000 000026dcH .pdata                  DATA

  Address         Publics by Value              Rva+Base               Lib:Object

 0000:00000000       ___safe_se_handler_count   0000000000000000     <absolute>
 0000:00000000       ___safe_se_handler_table   0000000000000000     <absolute>
 0000:00000000       __ImageBase                0000000180000000     <linker-defined>
 0001:00000000       ??1SCMemShared@core@UModSys@@QEAA@XZ 0000000180001000 f i plugin_test1.obj
 0001:00000000       ??1SMemShared@core@UModSys@@QEAA@XZ 0000000180001000 f i plugin_test1.obj
 0001:00000000       ??1State@RImage_Memory@stdlib@lib2d@modules@UModSys@@QEAA@XZ 0000000180001000 f i umodsys_lib_lib2d:umodsys.mod.2d.stdlib.obj
 0001:00000030       ??6SUniquePtrList@core@UModSys@@QEAAAEAU012@PEBUSUniquePointerInfo@12@@Z 0000000180001030 f i plugin_test1.obj
 0001:000000e8       ??3IRoot@core@UModSys@@SAXPEAXAEBUSIMemAlloc@12@@Z 00000001800010e8 f i plugin_test1.obj
 0001:00000114       ??1IBinObjFilter@libmedia@UModSys@@UEAA@XZ 0000000180001114 f i plugin_test1.obj
 0001:00000150       ?root_get_interface_info@RTest1_Shell@test1@test@modules@UModSys@@UEBAAEBUSUniquePointerInfo@core@5@XZ 0000000180001150 f i plugin_test1.obj
 0001:00000158       ?root_get_interface_type@RTest1_Shell@test1@test@modules@UModSys@@UEBAPEBUSUniquePointerInfo@core@5@XZ 0000000180001158 f i plugin_test1.obj
 0001:00000160       ?root_get_other_interface@RTest1_Shell@test1@test@modules@UModSys@@UEBAPEBUIRoot@core@5@PEBUSUniquePointerInfo@75@@Z 0000000180001160 f i plugin_test1.obj
 0001:00000160       ?root_get_other_interface@RTest1_Shell@test1@test@modules@UModSys@@UEAAPEAUIRoot@core@5@PEBUSUniquePointerInfo@75@@Z 0000000180001160 f i plugin_test1.obj
 0001:00000190       ?root_is_interface_supported@RTest1_Shell@test1@test@modules@UModSys@@UEBA_NPEBUSUniquePointerInfo@core@5@@Z 0000000180001190 f i plugin_test1.obj
 0001:000001c0       ?ref_add@RTest1_Shell@test1@test@modules@UModSys@@UEBAXXZ 00000001800011c0 f i plugin_test1.obj
 0001:000001c4       ?ref_remove@RTest1_Shell@test1@test@modules@UModSys@@UEBAXXZ 00000001800011c4 f i plugin_test1.obj
 0001:000001dc       ?ref_links@RTest1_Shell@test1@test@modules@UModSys@@UEBAHXZ 00000001800011dc f i plugin_test1.obj
 0001:000001e0       ?ref_weak@RTest1_Shell@test1@test@modules@UModSys@@UEBA_NAEAUWeakPointer@IRefObject@core@5@@Z 00000001800011e0 f i plugin_test1.obj
 0001:00000200       ?suicide@RTest1_Shell@test1@test@modules@UModSys@@UEAAXXZ 0000000180001200 f i plugin_test1.obj
 0001:0000024c       ??0RTest1_Shell@test1@test@modules@UModSys@@QEAA@PEAUIModObject@base@4@@Z 000000018000124c f i plugin_test1.obj
 0001:000004e0       ?connect@RTest1_Shell@test1@test@modules@UModSys@@UEAA_NXZ 00000001800014e0 f i plugin_test1.obj
 0001:00000504       ?disconnect@RTest1_Shell@test1@test@modules@UModSys@@UEAA_NXZ 0000000180001504 f i plugin_test1.obj
 0001:00000528       ?process_tick@RTest1_Shell@test1@test@modules@UModSys@@UEAA_NAEBUSTimeMsec@core@5@@Z 0000000180001528 f i plugin_test1.obj
 0001:00000564       ?process_command@RTest1_Shell@test1@test@modules@UModSys@@UEAA_NHQEBU?$TString@U?$TSCoreConst@D@su@tl@UModSys@@U?$TComparerBinaryHash@D@234@@tl@5@@Z 0000000180001564 f i plugin_test1.obj
 0001:0000058c       ??_GRTest1_Shell@test1@test@modules@UModSys@@UEAAPEAXI@Z 000000018000158c f i plugin_test1.obj
 0001:0000058c       ??_ERTest1_Shell@test1@test@modules@UModSys@@UEAAPEAXI@Z 000000018000158c f i  CIL library: CIL module
 0001:00000654       ?ui_newframes@RTest1_Shell@test1@test@modules@UModSys@@SA?AU?$TRefObject@UICollector@libui@UModSys@@U?$TRefObjectFunc@UICollector@libui@UModSys@@@tl@3@@tl@5@AEBU?$TString@U?$TSCoreConst@D@su@tl@UModSys@@U?$TComparerBinaryHash@D@234@@75@AEBUSParameters@core@5@@Z 0000000180001654 f   plugin_test1.obj
 0001:00000678       ?ui_newterm@RTest1_Shell@test1@test@modules@UModSys@@SA?AU?$TRefObject@UITerminal@libui@UModSys@@U?$TRefObjectFunc@UITerminal@libui@UModSys@@@tl@3@@tl@5@AEBU?$TString@U?$TSCoreConst@D@su@tl@UModSys@@U?$TComparerBinaryHash@D@234@@75@AEBUSParameters@core@5@@Z 0000000180001678 f   plugin_test1.obj
 0001:0000069c       ?key_pressed@RTest1_Shell@test1@test@modules@UModSys@@UEAA_NAEBUSKeyboardInputRaw@libui@5@@Z 000000018000169c f   plugin_test1.obj
 0001:00000704       ?key_text@RTest1_Shell@test1@test@modules@UModSys@@UEAA_NAEBUSKeyboardInputText@libui@5@@Z 0000000180001704 f   plugin_test1.obj
 0001:00000758       ?mouse_event@RTest1_Shell@test1@test@modules@UModSys@@UEAA_NAEBUSMouseInput@libui@5@@Z 0000000180001758 f   plugin_test1.obj
 0001:000007f4       ?command@RTest1_Shell@test1@test@modules@UModSys@@UEAA_NAEBUSController@libui@5@HAEBUSFrameDataIn@75@@Z 00000001800017f4 f   plugin_test1.obj
 0001:00000844       ?db_get@RTest1_Shell@test1@test@modules@UModSys@@UEAA_NAEBUSController@libui@5@QEBDAEBUSFrameDataOut@75@@Z 0000000180001844 f   plugin_test1.obj
 0001:000008a8       ?db_get@RTest1_Shell@test1@test@modules@UModSys@@UEAA_NAEBUSController@libui@5@QEBDHAEBUSFrameDataOut@75@@Z 00000001800018a8 f   plugin_test1.obj
 0001:00000914       ?font_2d@UI_Info@RTest1_Shell@test1@test@modules@UModSys@@QEAA_NXZ 0000000180001914 f   plugin_test1.obj
 0001:00000ac8       ?init_term@UI_Info@RTest1_Shell@test1@test@modules@UModSys@@QEAA_NPEBD@Z 0000000180001ac8 f   plugin_test1.obj
 0001:00000ef8       ?create_3d@UI_Info@RTest1_Shell@test1@test@modules@UModSys@@QEAA_NPEBD@Z 0000000180001ef8 f   plugin_test1.obj
 0001:000010d0       ?new_frames@UI_Info@RTest1_Shell@test1@test@modules@UModSys@@QEAA_NPEAUIController@libui@6@@Z 00000001800020d0 f   plugin_test1.obj
 0001:0000186c       ??1SFrameCreateParameters@libui@UModSys@@QEAA@XZ 000000018000286c f i plugin_test1.obj
 0001:00001890       ?shutdown@UI_Info@RTest1_Shell@test1@test@modules@UModSys@@QEAAXXZ 0000000180002890 f   plugin_test1.obj
 0001:000018e4       ?cycle3d@UI_Info@RTest1_Shell@test1@test@modules@UModSys@@QEAAXXZ 00000001800028e4 f   plugin_test1.obj
 0001:00001d50       ??1UI_Info@RTest1_Shell@test1@test@modules@UModSys@@QEAA@XZ 0000000180002d50 f i plugin_test1.obj
 0001:00001e0c       ?get_generated_names@RGenerator@test1@test@modules@UModSys@@UEBAHAEAUSUniquePtrList@core@5@@Z 0000000180002e0c f i plugin_test1.obj
 0001:00001e2c       ?get_generated_types@RGenerator@test1@test@modules@UModSys@@UEBAHAEAUSUniquePtrList@core@5@PEBUSUniquePointerInfo@75@@Z 0000000180002e2c f i plugin_test1.obj
 0001:00001e88       ?generate@RGenerator@test1@test@modules@UModSys@@UEAA_NAEAU?$TRefObject@UIRefObject@core@UModSys@@U?$TRefObjectFunc@UIRefObject@core@UModSys@@@tl@3@@tl@5@PEBUSUniquePointerInfo@core@5@AEBUSParameters@95@@Z 0000000180002e88 f i plugin_test1.obj
 0001:00001f4c       ?root_get_interface_info@RGenerator@test1@test@modules@UModSys@@UEBAAEBUSUniquePointerInfo@core@5@XZ 0000000180002f4c f i plugin_test1.obj
 0001:00001f54       ?root_get_interface_type@RGenerator@test1@test@modules@UModSys@@UEBAPEBUSUniquePointerInfo@core@5@XZ 0000000180002f54 f i plugin_test1.obj
 0001:00001f5c       ?root_get_other_interface@RGenerator@test1@test@modules@UModSys@@UEBAPEBUIRoot@core@5@PEBUSUniquePointerInfo@75@@Z 0000000180002f5c f i plugin_test1.obj
 0001:00001f5c       ?root_get_other_interface@RGenerator@test1@test@modules@UModSys@@UEAAPEAUIRoot@core@5@PEBUSUniquePointerInfo@75@@Z 0000000180002f5c f i plugin_test1.obj
 0001:00001f94       ?root_is_interface_supported@RGenerator@test1@test@modules@UModSys@@UEBA_NPEBUSUniquePointerInfo@core@5@@Z 0000000180002f94 f i plugin_test1.obj
 0001:00001fcc       ?ref_remove@RGenerator@stdlib@lib2d@modules@UModSys@@UEBAXXZ 0000000180002fcc f i umodsys_lib_lib2d:umodsys.mod.2d.stdlib.obj
 0001:00001fcc       ?ref_remove@RSerializeReader@serialize_json@media@modules@UModSys@@UEBAXXZ 0000000180002fcc f i umodsys_lib_libmedia:umodsys.mod.media.serialize_json.obj
 0001:00001fcc       ?ref_remove@RVertexArray@SDL_GL@ui@modules@UModSys@@UEBAXXZ 0000000180002fcc f i umodsys_lib_libui:umodsys.mod.ui.SDL_GL.obj
 0001:00001fcc       ?ref_remove@RGenerator@test1@test@modules@UModSys@@UEBAXXZ 0000000180002fcc f i plugin_test1.obj
 0001:00001fcc       ?ref_remove@RMultiImage2D_SDL_ttf@SDL_GL@ui@modules@UModSys@@UEBAXXZ 0000000180002fcc f i umodsys_lib_libui:umodsys.mod.ui.SDL_GL.obj
 0001:00001fcc       ?ref_remove@RGenerator@frames@ui@modules@UModSys@@UEBAXXZ 0000000180002fcc f i umodsys_lib_libui:umodsys.mod.ui.frames.obj
 0001:00001fcc       ?ref_remove@RTerminal@SDL_GL@ui@modules@UModSys@@UEBAXXZ 0000000180002fcc f i umodsys_lib_libui:umodsys.mod.ui.SDL_GL.obj
 0001:00001fcc       ?ref_remove@RImage_Memory@stdlib@lib2d@modules@UModSys@@UEBAXXZ 0000000180002fcc f i umodsys_lib_lib2d:umodsys.mod.2d.stdlib.obj
 0001:00001fcc       ?ref_remove@RGenerator@SDL_GL@ui@modules@UModSys@@UEBAXXZ 0000000180002fcc f i umodsys_lib_libui:umodsys.mod.ui.SDL_GL.obj
 0001:00001fcc       ?ref_remove@RGenerator@SDL_core@ui@modules@UModSys@@UEBAXXZ 0000000180002fcc f i umodsys_lib_libui:umodsys.mod.ui.SDL_core.obj
 0001:00001fcc       ?ref_remove@RBinArchiveFrameClient_ZIP@zlib@media@modules@UModSys@@UEBAXXZ 0000000180002fcc f i umodsys_lib_libmedia:umodsys.mod.media.zlib.obj
 0001:00001fcc       ?ref_remove@RGenerator@images_std@media@modules@UModSys@@UEBAXXZ 0000000180002fcc f i umodsys_lib_libmedia:umodsys.mod.media.images_std.obj
 0001:00001fcc       ?ref_remove@RMultiImage2D_SDL_ttf@SDL_core@ui@modules@UModSys@@UEBAXXZ 0000000180002fcc f i umodsys_lib_libui:umodsys.mod.ui.SDL_core.obj
 0001:00001fcc       ?ref_remove@RDialog@frames@ui@modules@UModSys@@UEBAXXZ 0000000180002fcc f i umodsys_lib_libui:umodsys.mod.ui.frames.obj
 0001:00001fcc       ?ref_remove@RMultiImage@stdlib@lib2d@modules@UModSys@@UEBAXXZ 0000000180002fcc f i umodsys_lib_lib2d:umodsys.mod.2d.stdlib.obj
 0001:00001fcc       ?ref_remove@RGenerator@serialize_json@media@modules@UModSys@@UEBAXXZ 0000000180002fcc f i umodsys_lib_libmedia:umodsys.mod.media.serialize_json.obj
 0001:00001fcc       ?ref_remove@RGenerator@zlib@media@modules@UModSys@@UEBAXXZ 0000000180002fcc f i umodsys_lib_libmedia:umodsys.mod.media.zlib.obj
 0001:00001fcc       ?ref_remove@RImageFactory_Memory@stdlib@lib2d@modules@UModSys@@UEBAXXZ 0000000180002fcc f i umodsys_lib_lib2d:umodsys.mod.2d.stdlib.obj
 0001:00001fcc       ?ref_remove@RTerminal@SDL_core@ui@modules@UModSys@@UEBAXXZ 0000000180002fcc f i umodsys_lib_libui:umodsys.mod.ui.SDL_core.obj
 0001:00001fe4       ?get_uid@RGenerator@test1@test@modules@UModSys@@UEBAPEBUSUniquePointerInfo@core@5@XZ 0000000180002fe4 f i plugin_test1.obj
 0001:00001fec       ?do_open@RModuleReg@test1@test@modules@UModSys@@UEAA_NXZ 0000000180002fec f i plugin_test1.obj
 0001:00002078       ?do_close@RModuleReg@test1@test@modules@UModSys@@UEAA_NXZ 0000000180003078 f i plugin_test1.obj
 0001:000020e4       ?get_module@RGenerator@test1@test@modules@UModSys@@UEBAPEAUIModule@base@5@XZ 00000001800030e4 f   plugin_test1.obj
 0001:000020ec       ?mod_inc@RGenerator@test1@test@modules@UModSys@@UEBA_NXZ 00000001800030ec f   plugin_test1.obj
 0001:00002100       ?mod_dec@RGenerator@test1@test@modules@UModSys@@UEBA_NXZ 0000000180003100 f   plugin_test1.obj
 0001:00002114       ?s_holder@RGenerator@test1@test@modules@UModSys@@SAAEAU?$TTypeStaticHolder@URGenerator@test1@test@modules@UModSys@@@tl@5@XZ 0000000180003114 f   plugin_test1.obj
 0001:00002158       ??0?$TString@U?$TSCoreConst@D@su@tl@UModSys@@U?$TComparerBinaryHash@D@234@@tl@UModSys@@QEAA@PEBD@Z 0000000180003158 f i plugin_test1.obj
 0001:000021d8       ??4?$TString@U?$TSCoreConst@D@su@tl@UModSys@@U?$TComparerBinaryHash@D@234@@tl@UModSys@@QEAAAEBU012@PEBD@Z 00000001800031d8 f i plugin_test1.obj
 0001:00002250       ??1?$TRefObject@UIRefObject@core@UModSys@@U?$TRefObjectFunc@UIRefObject@core@UModSys@@@tl@3@@tl@UModSys@@QEAA@XZ 0000000180003250 f i plugin_test1.obj
 0001:00002250       ??1?$TRefObject@URSerializeReader@serialize_json@media@modules@UModSys@@U?$TRefObjectFunc@URSerializeReader@serialize_json@media@modules@UModSys@@@tl@5@@tl@UModSys@@QEAA@XZ 0000000180003250 f i umodsys_lib_libmedia:umodsys.mod.media.serialize_json.obj
 0001:00002250       ??1?$TRefObject@UIImageFactory@lib2d@UModSys@@U?$TRefObjectFunc@UIImageFactory@lib2d@UModSys@@@tl@3@@tl@UModSys@@QEAA@XZ 0000000180003250 f i plugin_test1.obj
 0001:00002250       ??1?$TRefObject@URRenderDriver3D@SDL_GL@ui@modules@UModSys@@U?$TRefObjectFunc@URRenderDriver3D@SDL_GL@ui@modules@UModSys@@@tl@5@@tl@UModSys@@QEAA@XZ 0000000180003250 f i umodsys_lib_libui:umodsys.mod.ui.SDL_GL.obj
 0001:00002250       ??1?$TRefObject@URRenderDriver2D@SDL_core@ui@modules@UModSys@@U?$TRefObjectFunc@URRenderDriver2D@SDL_core@ui@modules@UModSys@@@tl@5@@tl@UModSys@@QEAA@XZ 0000000180003250 f i umodsys_lib_libui:umodsys.mod.ui.SDL_core.obj
 0001:00002250       ??1?$TRefObject@URDialog@frames@ui@modules@UModSys@@U?$TRefObjectFunc@URDialog@frames@ui@modules@UModSys@@@tl@5@@tl@UModSys@@QEAA@XZ 0000000180003250 f i umodsys_lib_libui:umodsys.mod.ui.frames.obj
 0001:00002250       ??1?$TRefObject@URImageFactory_Memory@stdlib@lib2d@modules@UModSys@@U?$TRefObjectFunc@URImageFactory_Memory@stdlib@lib2d@modules@UModSys@@@tl@5@@tl@UModSys@@QEAA@XZ 0000000180003250 f i umodsys_lib_lib2d:umodsys.mod.2d.stdlib.obj
 0001:00002250       ??1?$TRefObject@UIStreamWriter@libmedia@UModSys@@U?$TRefObjectFunc@UIStreamWriter@libmedia@UModSys@@@tl@3@@tl@UModSys@@QEAA@XZ 0000000180003250 f i plugin_test1.obj
 0001:00002250       ??1?$TRefObject@URSerializeWriter@serialize_json@media@modules@UModSys@@U?$TRefObjectFunc@URSerializeWriter@serialize_json@media@modules@UModSys@@@tl@5@@tl@UModSys@@QEAA@XZ 0000000180003250 f i umodsys_lib_libmedia:umodsys.mod.media.serialize_json.obj
 0001:00002250       ??1?$TRefObject@URMediaFilter@images_std@media@modules@UModSys@@U?$TRefObjectFunc@URMediaFilter@images_std@media@modules@UModSys@@@tl@5@@tl@UModSys@@QEAA@XZ 0000000180003250 f i umodsys_lib_libmedia:umodsys.mod.media.images_std.obj
 0001:00002250       ??1?$TRefObject@URImage_Memory@stdlib@lib2d@modules@UModSys@@U?$TRefObjectFunc@URImage_Memory@stdlib@lib2d@modules@UModSys@@@tl@5@@tl@UModSys@@QEAA@XZ 0000000180003250 f i umodsys_lib_lib2d:umodsys.mod.2d.stdlib.obj
 0001:00002250       ??1?$TRefObject@UIFrame@libui@UModSys@@U?$TRefObjectFunc@UIFrame@libui@UModSys@@@tl@3@@tl@UModSys@@QEAA@XZ 0000000180003250 f i umodsys_lib_libui:umodsys.mod.ui.frames.obj
 0001:00002250       ??1?$TRefObject@URFrame_Common@frames@ui@modules@UModSys@@U?$TRefObjectFunc@URFrame_Common@frames@ui@modules@UModSys@@@tl@5@@tl@UModSys@@QEAA@XZ 0000000180003250 f i umodsys_lib_libui:umodsys.mod.ui.frames.obj
 0001:00002250       ??1?$TRefObject@UIImage@lib2d@UModSys@@U?$TRefObjectFunc@UIImage@lib2d@UModSys@@@tl@3@@tl@UModSys@@QEAA@XZ 0000000180003250 f i plugin_test1.obj
 0001:00002250       ??1?$TRefObject@UITerminal@libui@UModSys@@U?$TRefObjectFunc@UITerminal@libui@UModSys@@@tl@3@@tl@UModSys@@QEAA@XZ 0000000180003250 f i plugin_test1.obj
 0001:00002250       ??1?$TRefObject@URCollector@frames@ui@modules@UModSys@@U?$TRefObjectFunc@URCollector@frames@ui@modules@UModSys@@@tl@5@@tl@UModSys@@QEAA@XZ 0000000180003250 f i umodsys_lib_libui:umodsys.mod.ui.frames.obj
 0001:00002250       ??1?$TRefObject@UICollector@libui@UModSys@@U?$TRefObjectFunc@UICollector@libui@UModSys@@@tl@3@@tl@UModSys@@QEAA@XZ 0000000180003250 f i plugin_test1.obj
 0001:00002250       ??1?$TRefObject@URMultiImage@stdlib@lib2d@modules@UModSys@@U?$TRefObjectFunc@URMultiImage@stdlib@lib2d@modules@UModSys@@@tl@5@@tl@UModSys@@QEAA@XZ 0000000180003250 f i umodsys_lib_lib2d:umodsys.mod.2d.stdlib.obj
 0001:00002250       ??1?$TRefObject@UIMouseController@libui@UModSys@@U?$TRefObjectFunc@UIMouseController@libui@UModSys@@@tl@3@@tl@UModSys@@QEAA@XZ 0000000180003250 f i plugin_test1.obj
 0001:00002250       ??1?$TRefObject@UIStreamReader@libmedia@UModSys@@U?$TRefObjectFunc@UIStreamReader@libmedia@UModSys@@@tl@3@@tl@UModSys@@QEAA@XZ 0000000180003250 f i plugin_test1.obj
 0001:00002250       ??1?$TRefObject@URTerminalX@SDL_core@ui@modules@UModSys@@U?$TRefObjectFunc@URTerminalX@SDL_core@ui@modules@UModSys@@@tl@5@@tl@UModSys@@QEAA@XZ 0000000180003250 f i umodsys_lib_libui:umodsys.mod.ui.SDL_core.obj
 0001:00002250       ??1?$TRefObject@UIUtilities@libmedia@UModSys@@U?$TRefObjectFunc@UIUtilities@libmedia@UModSys@@@tl@3@@tl@UModSys@@QEAA@XZ 0000000180003250 f i plugin_test1.obj
 0001:00002250       ??1?$TRefObject@UIRenderDriver@lib3d@UModSys@@U?$TRefObjectFunc@UIRenderDriver@lib3d@UModSys@@@tl@3@@tl@UModSys@@QEAA@XZ 0000000180003250 f i plugin_test1.obj
 0001:00002250       ??1?$TRefObject@URVertexArray@SDL_GL@ui@modules@UModSys@@U?$TRefObjectFunc@URVertexArray@SDL_GL@ui@modules@UModSys@@@tl@5@@tl@UModSys@@QEAA@XZ 0000000180003250 f i umodsys_lib_libui:umodsys.mod.ui.SDL_GL.obj
 0001:00002250       ??1?$TRefObject@UIRenderDriver@lib2d@UModSys@@U?$TRefObjectFunc@UIRenderDriver@lib2d@UModSys@@@tl@3@@tl@UModSys@@QEAA@XZ 0000000180003250 f i plugin_test1.obj
 0001:00002250       ??1?$TRefObject@URMultiImage2D_SDL_ttf@SDL_GL@ui@modules@UModSys@@U?$TRefObjectFunc@URMultiImage2D_SDL_ttf@SDL_GL@ui@modules@UModSys@@@tl@5@@tl@UModSys@@QEAA@XZ 0000000180003250 f i umodsys_lib_libui:umodsys.mod.ui.SDL_GL.obj
 0001:00002250       ??1?$TRefObject@URMultiImage2D_SDL_ttf@SDL_core@ui@modules@UModSys@@U?$TRefObjectFunc@URMultiImage2D_SDL_ttf@SDL_core@ui@modules@UModSys@@@tl@5@@tl@UModSys@@QEAA@XZ 0000000180003250 f i umodsys_lib_libui:umodsys.mod.ui.SDL_core.obj
 0001:00002250       ??1?$TRefObject@UIVertexArray@lib3d@UModSys@@U?$TRefObjectFunc@UIVertexArray@lib3d@UModSys@@@tl@3@@tl@UModSys@@QEAA@XZ 0000000180003250 f i plugin_test1.obj
 0001:00002250       ??1?$TRefObject@UIMultiImage@lib2d@UModSys@@U?$TRefObjectFunc@UIMultiImage@lib2d@UModSys@@@tl@3@@tl@UModSys@@QEAA@XZ 0000000180003250 f i plugin_test1.obj
 0001:00002250       ??1?$TRefObject@URTerminalX@SDL_GL@ui@modules@UModSys@@U?$TRefObjectFunc@URTerminalX@SDL_GL@ui@modules@UModSys@@@tl@5@@tl@UModSys@@QEAA@XZ 0000000180003250 f i umodsys_lib_libui:umodsys.mod.ui.SDL_GL.obj
 0001:00002250       ??1?$TRefObject@URBinArchiveFrameClient_ZIP@zlib@media@modules@UModSys@@U?$TRefObjectFunc@URBinArchiveFrameClient_ZIP@zlib@media@modules@UModSys@@@tl@5@@tl@UModSys@@QEAA@XZ 0000000180003250 f i umodsys_lib_libmedia:umodsys.mod.media.zlib.obj
 0001:00002250       ??1?$TRefObject@UIKeyboardController@libui@UModSys@@U?$TRefObjectFunc@UIKeyboardController@libui@UModSys@@@tl@3@@tl@UModSys@@QEAA@XZ 0000000180003250 f i plugin_test1.obj
 0001:00002274       ?info_release@?$TSCoreShared@USIMemAlloc@core@UModSys@@D@su@tl@UModSys@@QEAAXXZ 0000000180003274 f i plugin_test1.obj
 0001:00002348       ?info_new@?$TSCoreShared@USIMemAlloc@core@UModSys@@D@su@tl@UModSys@@QEAA_NPEBD_K@Z 0000000180003348 f i plugin_test1.obj
 0001:0000241c       ??$generate_type@UICollector@libui@UModSys@@@RTest1_Shell@test1@test@modules@UModSys@@SA?AU?$TRefObject@UICollector@libui@UModSys@@U?$TRefObjectFunc@UICollector@libui@UModSys@@@tl@3@@tl@4@AEBU?$TString@U?$TSCoreConst@D@su@tl@UModSys@@U?$TComparerBinaryHash@D@234@@64@AEBUSParameters@core@4@PEBD@Z 000000018000341c f i plugin_test1.obj
 0001:00002618       ??$generate_type@UITerminal@libui@UModSys@@@RTest1_Shell@test1@test@modules@UModSys@@SA?AU?$TRefObject@UITerminal@libui@UModSys@@U?$TRefObjectFunc@UITerminal@libui@UModSys@@@tl@3@@tl@4@AEBU?$TString@U?$TSCoreConst@D@su@tl@UModSys@@U?$TComparerBinaryHash@D@234@@64@AEBUSParameters@core@4@PEBD@Z 0000000180003618 f i plugin_test1.obj
 0001:00002814       ??1?$TRefObject@UIModObject@base@UModSys@@U?$TModObjectFunc@UIModObject@base@UModSys@@@tl@3@@tl@UModSys@@QEAA@XZ 0000000180003814 f i plugin_test1.obj
 0001:00002840       ?alloc@SMemShared@core@UModSys@@QEAA_N_KPEAUSSourceContext@23@@Z 0000000180003840 f i umodsys_lib_lib2d:umodsys.mod.2d.stdlib.obj
 0001:000028c4       ?Convert@stdlib@lib2d@modules@UModSys@@YA_NAEBU?$TBoundBox2@H@math3d@4@AEBUSImageInfo@24@AEBUSMem@core@4@01AEBUSCMem@94@@Z 00000001800038c4 f i umodsys_lib_lib2d:umodsys.mod.2d.stdlib.obj
 0001:00002a18       ?root_get_interface_info@RImage_Memory@stdlib@lib2d@modules@UModSys@@UEBAAEBUSUniquePointerInfo@core@5@XZ 0000000180003a18 f i umodsys_lib_lib2d:umodsys.mod.2d.stdlib.obj
 0001:00002a20       ?root_get_interface_type@RImage_Memory@stdlib@lib2d@modules@UModSys@@UEBAPEBUSUniquePointerInfo@core@5@XZ 0000000180003a20 f i umodsys_lib_lib2d:umodsys.mod.2d.stdlib.obj
 0001:00002a28       ?root_get_other_interface@RImage_Memory@stdlib@lib2d@modules@UModSys@@UEAAPEAUIRoot@core@5@PEBUSUniquePointerInfo@75@@Z 0000000180003a28 f i umodsys_lib_lib2d:umodsys.mod.2d.stdlib.obj
 0001:00002a28       ?root_get_other_interface@RImage_Memory@stdlib@lib2d@modules@UModSys@@UEBAPEBUIRoot@core@5@PEBUSUniquePointerInfo@75@@Z 0000000180003a28 f i umodsys_lib_lib2d:umodsys.mod.2d.stdlib.obj
 0001:00002a58       ?root_is_interface_supported@RImage_Memory@stdlib@lib2d@modules@UModSys@@UEBA_NPEBUSUniquePointerInfo@core@5@@Z 0000000180003a58 f i umodsys_lib_lib2d:umodsys.mod.2d.stdlib.obj
 0001:00002a88       ?root_get_interface_info@RImageFactory_Memory@stdlib@lib2d@modules@UModSys@@UEBAAEBUSUniquePointerInfo@core@5@XZ 0000000180003a88 f i umodsys_lib_lib2d:umodsys.mod.2d.stdlib.obj
 0001:00002a90       ?root_get_interface_type@RImageFactory_Memory@stdlib@lib2d@modules@UModSys@@UEBAPEBUSUniquePointerInfo@core@5@XZ 0000000180003a90 f i umodsys_lib_lib2d:umodsys.mod.2d.stdlib.obj
 0001:00002a98       ?root_get_other_interface@RImageFactory_Memory@stdlib@lib2d@modules@UModSys@@UEBAPEBUIRoot@core@5@PEBUSUniquePointerInfo@75@@Z 0000000180003a98 f i umodsys_lib_lib2d:umodsys.mod.2d.stdlib.obj
 0001:00002a98       ?root_get_other_interface@RImageFactory_Memory@stdlib@lib2d@modules@UModSys@@UEAAPEAUIRoot@core@5@PEBUSUniquePointerInfo@75@@Z 0000000180003a98 f i umodsys_lib_lib2d:umodsys.mod.2d.stdlib.obj
 0001:00002ac8       ?root_is_interface_supported@RImageFactory_Memory@stdlib@lib2d@modules@UModSys@@UEBA_NPEBUSUniquePointerInfo@core@5@@Z 0000000180003ac8 f i umodsys_lib_lib2d:umodsys.mod.2d.stdlib.obj
 0001:00002af8       ?suicide@RTerminal@SDL_core@ui@modules@UModSys@@UEAAXXZ 0000000180003af8 f i umodsys_lib_libui:umodsys.mod.ui.SDL_core.obj
 0001:00002af8       ?suicide@RBinArchiveFrameClient_ZIP@zlib@media@modules@UModSys@@UEAAXXZ 0000000180003af8 f i umodsys_lib_libmedia:umodsys.mod.media.zlib.obj
 0001:00002af8       ?suicide@RTerminal@SDL_GL@ui@modules@UModSys@@UEAAXXZ 0000000180003af8 f i umodsys_lib_libui:umodsys.mod.ui.SDL_GL.obj
 0001:00002af8       ?suicide@RSerializeReader@serialize_json@media@modules@UModSys@@UEAAXXZ 0000000180003af8 f i umodsys_lib_libmedia:umodsys.mod.media.serialize_json.obj
 0001:00002af8       ?suicide@RMultiImage@stdlib@lib2d@modules@UModSys@@UEAAXXZ 0000000180003af8 f i umodsys_lib_lib2d:umodsys.mod.2d.stdlib.obj
 0001:00002af8       ?suicide@RImageFactory_Memory@stdlib@lib2d@modules@UModSys@@UEAAXXZ 0000000180003af8 f i umodsys_lib_lib2d:umodsys.mod.2d.stdlib.obj
 0001:00002af8       ?suicide@RImage_Memory@stdlib@lib2d@modules@UModSys@@UEAAXXZ 0000000180003af8 f i umodsys_lib_lib2d:umodsys.mod.2d.stdlib.obj
 0001:00002b44       ?root_get_interface_info@RMultiImage@stdlib@lib2d@modules@UModSys@@UEBAAEBUSUniquePointerInfo@core@5@XZ 0000000180003b44 f i umodsys_lib_lib2d:umodsys.mod.2d.stdlib.obj
 0001:00002b4c       ?root_get_interface_type@RMultiImage@stdlib@lib2d@modules@UModSys@@UEBAPEBUSUniquePointerInfo@core@5@XZ 0000000180003b4c f i umodsys_lib_lib2d:umodsys.mod.2d.stdlib.obj
 0001:00002b54       ?root_get_other_interface@RMultiImage@stdlib@lib2d@modules@UModSys@@UEBAPEBUIRoot@core@5@PEBUSUniquePointerInfo@75@@Z 0000000180003b54 f i umodsys_lib_lib2d:umodsys.mod.2d.stdlib.obj
 0001:00002b54       ?root_get_other_interface@RMultiImage@stdlib@lib2d@modules@UModSys@@UEAAPEAUIRoot@core@5@PEBUSUniquePointerInfo@75@@Z 0000000180003b54 f i umodsys_lib_lib2d:umodsys.mod.2d.stdlib.obj
 0001:00002b84       ?root_is_interface_supported@RMultiImage@stdlib@lib2d@modules@UModSys@@UEBA_NPEBUSUniquePointerInfo@core@5@@Z 0000000180003b84 f i umodsys_lib_lib2d:umodsys.mod.2d.stdlib.obj
 0001:00002bb4       ?get_generated_names@RGenerator@stdlib@lib2d@modules@UModSys@@UEBAHAEAUSUniquePtrList@core@5@@Z 0000000180003bb4 f i umodsys_lib_lib2d:umodsys.mod.2d.stdlib.obj
 0001:00002bf8       ?get_generated_types@RGenerator@stdlib@lib2d@modules@UModSys@@UEBAHAEAUSUniquePtrList@core@5@PEBUSUniquePointerInfo@75@@Z 0000000180003bf8 f i umodsys_lib_lib2d:umodsys.mod.2d.stdlib.obj
 0001:00002c8c       ?generate@RGenerator@stdlib@lib2d@modules@UModSys@@UEAA_NAEAU?$TRefObject@UIRefObject@core@UModSys@@U?$TRefObjectFunc@UIRefObject@core@UModSys@@@tl@3@@tl@5@PEBUSUniquePointerInfo@core@5@AEBUSParameters@95@@Z 0000000180003c8c f i umodsys_lib_lib2d:umodsys.mod.2d.stdlib.obj
 0001:00002dbc       ?root_get_interface_info@RGenerator@stdlib@lib2d@modules@UModSys@@UEBAAEBUSUniquePointerInfo@core@5@XZ 0000000180003dbc f i umodsys_lib_lib2d:umodsys.mod.2d.stdlib.obj
 0001:00002dc4       ?root_get_interface_type@RGenerator@stdlib@lib2d@modules@UModSys@@UEBAPEBUSUniquePointerInfo@core@5@XZ 0000000180003dc4 f i umodsys_lib_lib2d:umodsys.mod.2d.stdlib.obj
 0001:00002dcc       ?root_get_other_interface@RGenerator@stdlib@lib2d@modules@UModSys@@UEBAPEBUIRoot@core@5@PEBUSUniquePointerInfo@75@@Z 0000000180003dcc f i umodsys_lib_lib2d:umodsys.mod.2d.stdlib.obj
 0001:00002dcc       ?root_get_other_interface@RGenerator@stdlib@lib2d@modules@UModSys@@UEAAPEAUIRoot@core@5@PEBUSUniquePointerInfo@75@@Z 0000000180003dcc f i umodsys_lib_lib2d:umodsys.mod.2d.stdlib.obj
 0001:00002e04       ?root_is_interface_supported@RGenerator@stdlib@lib2d@modules@UModSys@@UEBA_NPEBUSUniquePointerInfo@core@5@@Z 0000000180003e04 f i umodsys_lib_lib2d:umodsys.mod.2d.stdlib.obj
 0001:00002e3c       ?get_uid@RGenerator@stdlib@lib2d@modules@UModSys@@UEBAPEBUSUniquePointerInfo@core@5@XZ 0000000180003e3c f i umodsys_lib_lib2d:umodsys.mod.2d.stdlib.obj
 0001:00002e44       ?set_info@RImage_Memory@stdlib@lib2d@modules@UModSys@@UEAA_NAEBUSImagePatchInfo@35@PEBD@Z 0000000180003e44 f   umodsys_lib_lib2d:umodsys.mod.2d.stdlib.obj
 0001:000030a4       ?set_data@RImage_Memory@stdlib@lib2d@modules@UModSys@@UEAA_NAEBUSImagePatchInfo@35@AEBUSCMem@core@5@H@Z 00000001800040a4 f   umodsys_lib_lib2d:umodsys.mod.2d.stdlib.obj
 0001:00003158       ?get_info@RImage_Memory@stdlib@lib2d@modules@UModSys@@UEBAAEBUSImageInfo@35@XZ 0000000180004158 f   umodsys_lib_lib2d:umodsys.mod.2d.stdlib.obj
 0001:00003160       ?get_data@RImage_Memory@stdlib@lib2d@modules@UModSys@@UEBA_NAEBUSImagePatchInfo@35@AEBUSMem@core@5@H@Z 0000000180004160 f   umodsys_lib_lib2d:umodsys.mod.2d.stdlib.obj
 0001:00003230       ??0RImage_Memory@stdlib@lib2d@modules@UModSys@@QEAA@PEAUIModObject@base@4@AEBUSParameters@core@4@@Z 0000000180004230 f   umodsys_lib_lib2d:umodsys.mod.2d.stdlib.obj
 0001:000032d8       ??_ERImage_Memory@stdlib@lib2d@modules@UModSys@@UEAAPEAXI@Z 00000001800042d8 f i  CIL library: CIL module
 0001:000032d8       ??_GRImage_Memory@stdlib@lib2d@modules@UModSys@@UEAAPEAXI@Z 00000001800042d8 f i umodsys_lib_lib2d:umodsys.mod.2d.stdlib.obj
 0001:00003348       ?image_new@RImageFactory_Memory@stdlib@lib2d@modules@UModSys@@UEAA?AU?$TRefObject@UIImage@lib2d@UModSys@@U?$TRefObjectFunc@UIImage@lib2d@UModSys@@@tl@3@@tl@5@XZ 0000000180004348 f   umodsys_lib_lib2d:umodsys.mod.2d.stdlib.obj
 0001:000034cc       ??1?$TParametersA@$0BAL@@core@UModSys@@QEAA@XZ 00000001800044cc f i umodsys_lib_lib2d:umodsys.mod.2d.stdlib.obj
 0001:000034cc       ??1?$TParametersA@$0EAA@@core@UModSys@@QEAA@XZ 00000001800044cc f i plugin_test1.obj
 0001:000034cc       ??1SParameters@core@UModSys@@QEAA@XZ 00000001800044cc f i plugin_test1.obj
 0001:000034cc       ??1?$TParametersA@$0BAA@@core@UModSys@@QEAA@XZ 00000001800044cc f i umodsys_lib_libui:umodsys.mod.ui.SDL_core.obj
 0001:000034e8       ?image_new@RImageFactory_Memory@stdlib@lib2d@modules@UModSys@@UEAA?AU?$TRefObject@UIImage@lib2d@UModSys@@U?$TRefObjectFunc@UIImage@lib2d@UModSys@@@tl@3@@tl@5@AEBUSImagePatchInfo@35@PEBD@Z 00000001800044e8 f   umodsys_lib_lib2d:umodsys.mod.2d.stdlib.obj
 0001:000036bc       ?get_max_layer_size@RMultiImage@stdlib@lib2d@modules@UModSys@@UEBA?AU?$TVector2@H@math3d@5@XZ 00000001800046bc f   umodsys_lib_lib2d:umodsys.mod.2d.stdlib.obj
 0001:000036bc       ?get_max_cell_size@RMultiImage@stdlib@lib2d@modules@UModSys@@UEBA?AU?$TVector2@H@math3d@5@XZ 00000001800046bc f   umodsys_lib_lib2d:umodsys.mod.2d.stdlib.obj
 0001:000036e8       ?get_fixed_cell_size@RMultiImage@stdlib@lib2d@modules@UModSys@@UEBA?AU?$TVector2@H@math3d@5@XZ 00000001800046e8 f   umodsys_lib_lib2d:umodsys.mod.2d.stdlib.obj
 0001:00003708       ?get_layer_count@RMultiImage@stdlib@lib2d@modules@UModSys@@UEBAGXZ 0000000180004708 f   umodsys_lib_lib2d:umodsys.mod.2d.stdlib.obj
 0001:0000371c       ?get_layer@RMultiImage@stdlib@lib2d@modules@UModSys@@UEBAPEAUIImage@35@G@Z 000000018000471c f   umodsys_lib_lib2d:umodsys.mod.2d.stdlib.obj
 0001:00003740       ?get_cell_count@RMultiImage@stdlib@lib2d@modules@UModSys@@UEBAIXZ 0000000180004740 f   umodsys_lib_lib2d:umodsys.mod.2d.stdlib.obj
 0001:00003754       ?get_cell@RMultiImage@stdlib@lib2d@modules@UModSys@@UEBA_NIAEAU?$TVector2@H@math3d@5@PEAU675@PEAG@Z 0000000180004754 f   umodsys_lib_lib2d:umodsys.mod.2d.stdlib.obj
 0001:000037ac       ?get_cell@RMultiImage@stdlib@lib2d@modules@UModSys@@UEBA_NIAEAUSImageCellInfo@35@@Z 00000001800047ac f   umodsys_lib_lib2d:umodsys.mod.2d.stdlib.obj
 0001:000037e4       ?set_layer_count@RMultiImage@stdlib@lib2d@modules@UModSys@@UEAA_NG@Z 00000001800047e4 f   umodsys_lib_lib2d:umodsys.mod.2d.stdlib.obj
 0001:000038ec       ?setup_fixed_cell@RMultiImage@stdlib@lib2d@modules@UModSys@@UEAA_NHH@Z 00000001800048ec f   umodsys_lib_lib2d:umodsys.mod.2d.stdlib.obj
 0001:00003908       ?setup_variable_cell@RMultiImage@stdlib@lib2d@modules@UModSys@@UEAA_NPEBUSImageCellInfo@35@KK@Z 0000000180004908 f   umodsys_lib_lib2d:umodsys.mod.2d.stdlib.obj
 0001:000039b0       ??0RMultiImage@stdlib@lib2d@modules@UModSys@@QEAA@PEAUIModObject@base@4@AEBUSParameters@core@4@@Z 00000001800049b0 f   umodsys_lib_lib2d:umodsys.mod.2d.stdlib.obj
 0001:00003acc       ??_ERMultiImage@stdlib@lib2d@modules@UModSys@@UEAAPEAXI@Z 0000000180004acc f i  CIL library: CIL module
 0001:00003acc       ??_GRMultiImage@stdlib@lib2d@modules@UModSys@@UEAAPEAXI@Z 0000000180004acc f i umodsys_lib_lib2d:umodsys.mod.2d.stdlib.obj
 0001:00003ba4       ?do_open@RModuleReg@stdlib@lib2d@modules@UModSys@@UEAA_NXZ 0000000180004ba4 f i umodsys_lib_lib2d:umodsys.mod.2d.stdlib.obj
 0001:00003c18       ?do_close@RModuleReg@stdlib@lib2d@modules@UModSys@@UEAA_NXZ 0000000180004c18 f i umodsys_lib_lib2d:umodsys.mod.2d.stdlib.obj
 0001:00003c68       ?get_module@RGenerator@stdlib@lib2d@modules@UModSys@@UEBAPEAUIModule@base@5@XZ 0000000180004c68 f   umodsys_lib_lib2d:umodsys.mod.2d.stdlib.obj
 0001:00003c70       ?mod_inc@RGenerator@stdlib@lib2d@modules@UModSys@@UEBA_NXZ 0000000180004c70 f   umodsys_lib_lib2d:umodsys.mod.2d.stdlib.obj
 0001:00003c84       ?mod_dec@RGenerator@stdlib@lib2d@modules@UModSys@@UEBA_NXZ 0000000180004c84 f   umodsys_lib_lib2d:umodsys.mod.2d.stdlib.obj
 0001:00003c98       ?s_holder@RGenerator@stdlib@lib2d@modules@UModSys@@SAAEAU?$TTypeStaticHolder@URGenerator@stdlib@lib2d@modules@UModSys@@@tl@5@XZ 0000000180004c98 f   umodsys_lib_lib2d:umodsys.mod.2d.stdlib.obj
 0001:00003cdc       ??1?$TDynarrayDynamic@USImageCellInfo@lib2d@UModSys@@U?$TAllocator@USIMemAlloc@core@UModSys@@USCountCalcPower2@23@@tl@3@@tl@UModSys@@QEAA@XZ 0000000180004cdc f i umodsys_lib_lib2d:umodsys.mod.2d.stdlib.obj
 0001:00003ce4       ?Resize@?$TDynarray@U?$TDynarrayHolderDynamic@USImageCellInfo@lib2d@UModSys@@U?$TAllocator@USIMemAlloc@core@UModSys@@USCountCalcPower2@23@@tl@3@@tl@UModSys@@@tl@UModSys@@QEAA_N_K@Z 0000000180004ce4 f i umodsys_lib_lib2d:umodsys.mod.2d.stdlib.obj
 0001:00003d84       ??1?$TDynarrayDynamic@U?$TRefObject@UIImage@lib2d@UModSys@@U?$TRefObjectFunc@UIImage@lib2d@UModSys@@@tl@3@@tl@UModSys@@U?$TAllocator@USIMemAlloc@core@UModSys@@USCountCalcPower2@23@@23@@tl@UModSys@@QEAA@XZ 0000000180004d84 f i umodsys_lib_lib2d:umodsys.mod.2d.stdlib.obj
 0001:00003de4       ?Resize@?$TDynarray@U?$TDynarrayHolderDynamic@U?$TRefObject@UIImage@lib2d@UModSys@@U?$TRefObjectFunc@UIImage@lib2d@UModSys@@@tl@3@@tl@UModSys@@U?$TAllocator@USIMemAlloc@core@UModSys@@USCountCalcPower2@23@@23@@tl@UModSys@@@tl@UModSys@@QEAA_N_K@Z 0000000180004de4 f i umodsys_lib_lib2d:umodsys.mod.2d.stdlib.obj
 0001:00003ee0       ??1?$TDynarray@U?$TDynarrayHolderDynamic@USImageCellInfo@lib2d@UModSys@@U?$TAllocator@USIMemAlloc@core@UModSys@@USCountCalcPower2@23@@tl@3@@tl@UModSys@@@tl@UModSys@@QEAA@XZ 0000000180004ee0 f i umodsys_lib_lib2d:umodsys.mod.2d.stdlib.obj
 0001:00003fac       ??$t_gen_param@URImageFactory_Memory@stdlib@lib2d@modules@UModSys@@URGenerator@2345@@IGenerator@base@UModSys@@IEAA_NPEAURGenerator@stdlib@lib2d@modules@2@AEAU?$TRefObject@UIRefObject@core@UModSys@@U?$TRefObjectFunc@UIRefObject@core@UModSys@@@tl@3@@tl@2@PEBUSUniquePointerInfo@core@2@AEBUSParameters@core@2@@Z 0000000180004fac f i umodsys_lib_lib2d:umodsys.mod.2d.stdlib.obj
 0001:000040bc       ??$t_gen_param@URMultiImage@stdlib@lib2d@modules@UModSys@@URGenerator@2345@@IGenerator@base@UModSys@@IEAA_NPEAURGenerator@stdlib@lib2d@modules@2@AEAU?$TRefObject@UIRefObject@core@UModSys@@U?$TRefObjectFunc@UIRefObject@core@UModSys@@@tl@3@@tl@2@PEBUSUniquePointerInfo@core@2@AEBUSParameters@core@2@@Z 00000001800050bc f i umodsys_lib_lib2d:umodsys.mod.2d.stdlib.obj
 0001:000041b4       ??$ValidateConstruction@UIImage@lib2d@UModSys@@URImage_Memory@stdlib@2modules@3@@core@UModSys@@YA_NAEAU?$TRefObject@UIImage@lib2d@UModSys@@U?$TRefObjectFunc@UIImage@lib2d@UModSys@@@tl@3@@tl@1@PEAURImage_Memory@stdlib@lib2d@modules@1@@Z 00000001800051b4 f i umodsys_lib_lib2d:umodsys.mod.2d.stdlib.obj
 0001:0000420c       ?e@SGLFuncs@SDL_GL@ui@modules@UModSys@@QEBAXXZ 000000018000520c f i umodsys_lib_libui:umodsys.mod.ui.SDL_GL.obj
 0001:00004290       ?set_composite_all@SGLFuncsLegacy@SDL_GL@ui@modules@UModSys@@QEBAXH@Z 0000000180005290 f i umodsys_lib_libui:umodsys.mod.ui.SDL_GL.obj
 0001:00004350       ?crebind@STextureGL@SDL_GL@ui@modules@UModSys@@QEAAX_N@Z 0000000180005350 f i umodsys_lib_libui:umodsys.mod.ui.SDL_GL.obj
 0001:000043cc       ?root_get_interface_info@RKeyboardController@SDL_GL@ui@modules@UModSys@@UEBAAEBUSUniquePointerInfo@core@5@XZ 00000001800053cc f i umodsys_lib_libui:umodsys.mod.ui.SDL_GL.obj
 0001:000043d4       ?root_get_interface_type@RKeyboardController@SDL_GL@ui@modules@UModSys@@UEBAPEBUSUniquePointerInfo@core@5@XZ 00000001800053d4 f i umodsys_lib_libui:umodsys.mod.ui.SDL_GL.obj
 0001:000043dc       ?root_get_other_interface@RKeyboardController@SDL_GL@ui@modules@UModSys@@UEAAPEAUIRoot@core@5@PEBUSUniquePointerInfo@75@@Z 00000001800053dc f i umodsys_lib_libui:umodsys.mod.ui.SDL_GL.obj
 0001:000043dc       ?root_get_other_interface@RKeyboardController@SDL_GL@ui@modules@UModSys@@UEBAPEBUIRoot@core@5@PEBUSUniquePointerInfo@75@@Z 00000001800053dc f i umodsys_lib_libui:umodsys.mod.ui.SDL_GL.obj
 0001:0000440c       ?root_is_interface_supported@RKeyboardController@SDL_GL@ui@modules@UModSys@@UEBA_NPEBUSUniquePointerInfo@core@5@@Z 000000018000540c f i umodsys_lib_libui:umodsys.mod.ui.SDL_GL.obj
 0001:0000443c       ?root_get_interface_info@RMouseController@SDL_GL@ui@modules@UModSys@@UEBAAEBUSUniquePointerInfo@core@5@XZ 000000018000543c f i umodsys_lib_libui:umodsys.mod.ui.SDL_GL.obj
 0001:00004444       ?root_get_interface_type@RMouseController@SDL_GL@ui@modules@UModSys@@UEBAPEBUSUniquePointerInfo@core@5@XZ 0000000180005444 f i umodsys_lib_libui:umodsys.mod.ui.SDL_GL.obj
 0001:0000444c       ?root_get_other_interface@RMouseController@SDL_GL@ui@modules@UModSys@@UEBAPEBUIRoot@core@5@PEBUSUniquePointerInfo@75@@Z 000000018000544c f i umodsys_lib_libui:umodsys.mod.ui.SDL_GL.obj
 0001:0000444c       ?root_get_other_interface@RMouseController@SDL_GL@ui@modules@UModSys@@UEAAPEAUIRoot@core@5@PEBUSUniquePointerInfo@75@@Z 000000018000544c f i umodsys_lib_libui:umodsys.mod.ui.SDL_GL.obj
 0001:0000447c       ?root_is_interface_supported@RMouseController@SDL_GL@ui@modules@UModSys@@UEBA_NPEBUSUniquePointerInfo@core@5@@Z 000000018000547c f i umodsys_lib_libui:umodsys.mod.ui.SDL_GL.obj
 0001:000044ac       ?ref_remove@RMouseController@SDL_GL@ui@modules@UModSys@@UEBAXXZ 00000001800054ac f i umodsys_lib_libui:umodsys.mod.ui.SDL_GL.obj
 0001:000044ac       ?ref_remove@RRenderDriver3D@SDL_GL@ui@modules@UModSys@@UEBAXXZ 00000001800054ac f i umodsys_lib_libui:umodsys.mod.ui.SDL_GL.obj
 0001:000044ac       ?ref_remove@RKeyboardController@SDL_core@ui@modules@UModSys@@UEBAXXZ 00000001800054ac f i umodsys_lib_libui:umodsys.mod.ui.SDL_core.obj
 0001:000044ac       ?ref_remove@RRenderDriver2D@SDL_core@ui@modules@UModSys@@UEBAXXZ 00000001800054ac f i umodsys_lib_libui:umodsys.mod.ui.SDL_core.obj
 0001:000044ac       ?ref_remove@RKeyboardController@SDL_GL@ui@modules@UModSys@@UEBAXXZ 00000001800054ac f i umodsys_lib_libui:umodsys.mod.ui.SDL_GL.obj
 0001:000044ac       ?ref_remove@RMouseController@SDL_core@ui@modules@UModSys@@UEBAXXZ 00000001800054ac f i umodsys_lib_libui:umodsys.mod.ui.SDL_core.obj
 0001:000044b8       ?ref_weak@RMouseController@SDL_GL@ui@modules@UModSys@@UEBA_NAEAUWeakPointer@IRefObject@core@5@@Z 00000001800054b8 f i umodsys_lib_libui:umodsys.mod.ui.SDL_GL.obj
 0001:000044b8       ?ref_weak@RKeyboardController@SDL_GL@ui@modules@UModSys@@UEBA_NAEAUWeakPointer@IRefObject@core@5@@Z 00000001800054b8 f i umodsys_lib_libui:umodsys.mod.ui.SDL_GL.obj
 0001:000044b8       ?ref_weak@RMouseController@SDL_core@ui@modules@UModSys@@UEBA_NAEAUWeakPointer@IRefObject@core@5@@Z 00000001800054b8 f i umodsys_lib_libui:umodsys.mod.ui.SDL_core.obj
 0001:000044b8       ?ref_weak@RKeyboardController@SDL_core@ui@modules@UModSys@@UEBA_NAEAUWeakPointer@IRefObject@core@5@@Z 00000001800054b8 f i umodsys_lib_libui:umodsys.mod.ui.SDL_core.obj
 0001:000044b8       ?ref_weak@RRenderDriver2D@SDL_core@ui@modules@UModSys@@UEBA_NAEAUWeakPointer@IRefObject@core@5@@Z 00000001800054b8 f i umodsys_lib_libui:umodsys.mod.ui.SDL_core.obj
 0001:000044b8       ?ref_weak@RRenderDriver3D@SDL_GL@ui@modules@UModSys@@UEBA_NAEAUWeakPointer@IRefObject@core@5@@Z 00000001800054b8 f i umodsys_lib_libui:umodsys.mod.ui.SDL_GL.obj
 0001:000044d8       ?root_get_interface_info@RTerminal@SDL_GL@ui@modules@UModSys@@UEBAAEBUSUniquePointerInfo@core@5@XZ 00000001800054d8 f i umodsys_lib_libui:umodsys.mod.ui.SDL_GL.obj
 0001:000044e0       ?root_get_interface_type@RTerminal@SDL_GL@ui@modules@UModSys@@UEBAPEBUSUniquePointerInfo@core@5@XZ 00000001800054e0 f i umodsys_lib_libui:umodsys.mod.ui.SDL_GL.obj
 0001:000044e8       ?root_get_other_interface@RTerminal@SDL_GL@ui@modules@UModSys@@UEBAPEBUIRoot@core@5@PEBUSUniquePointerInfo@75@@Z 00000001800054e8 f i umodsys_lib_libui:umodsys.mod.ui.SDL_GL.obj
 0001:000044e8       ?root_get_other_interface@RTerminal@SDL_GL@ui@modules@UModSys@@UEAAPEAUIRoot@core@5@PEBUSUniquePointerInfo@75@@Z 00000001800054e8 f i umodsys_lib_libui:umodsys.mod.ui.SDL_GL.obj
 0001:00004518       ?root_is_interface_supported@RTerminal@SDL_GL@ui@modules@UModSys@@UEBA_NPEBUSUniquePointerInfo@core@5@@Z 0000000180005518 f i umodsys_lib_libui:umodsys.mod.ui.SDL_GL.obj
 0001:00004548       ?ref_links@RGenerator@SDL_GL@ui@modules@UModSys@@UEBAHXZ 0000000180005548 f i umodsys_lib_libui:umodsys.mod.ui.SDL_GL.obj
 0001:00004548       ?ref_links@RMultiImage2D_SDL_ttf@SDL_GL@ui@modules@UModSys@@UEBAHXZ 0000000180005548 f i umodsys_lib_libui:umodsys.mod.ui.SDL_GL.obj
 0001:00004548       ?ref_links@RGenerator@frames@ui@modules@UModSys@@UEBAHXZ 0000000180005548 f i umodsys_lib_libui:umodsys.mod.ui.frames.obj
 0001:00004548       ?ref_links@RTerminal@SDL_core@ui@modules@UModSys@@UEBAHXZ 0000000180005548 f i umodsys_lib_libui:umodsys.mod.ui.SDL_core.obj
 0001:00004548       ?ref_links@RTerminal@SDL_GL@ui@modules@UModSys@@UEBAHXZ 0000000180005548 f i umodsys_lib_libui:umodsys.mod.ui.SDL_GL.obj
 0001:00004548       ?ref_links@RGenerator@test1@test@modules@UModSys@@UEBAHXZ 0000000180005548 f i plugin_test1.obj
 0001:00004548       ?ref_links@RMultiImage@stdlib@lib2d@modules@UModSys@@UEBAHXZ 0000000180005548 f i umodsys_lib_lib2d:umodsys.mod.2d.stdlib.obj
 0001:00004548       ?ref_links@RGenerator@stdlib@lib2d@modules@UModSys@@UEBAHXZ 0000000180005548 f i umodsys_lib_lib2d:umodsys.mod.2d.stdlib.obj
 0001:00004548       ?ref_links@RSerializeReader@serialize_json@media@modules@UModSys@@UEBAHXZ 0000000180005548 f i umodsys_lib_libmedia:umodsys.mod.media.serialize_json.obj
 0001:00004548       ?ref_links@RGenerator@SDL_core@ui@modules@UModSys@@UEBAHXZ 0000000180005548 f i umodsys_lib_libui:umodsys.mod.ui.SDL_core.obj
 0001:00004548       ?ref_links@RVertexArray@SDL_GL@ui@modules@UModSys@@UEBAHXZ 0000000180005548 f i umodsys_lib_libui:umodsys.mod.ui.SDL_GL.obj
 0001:00004548       ?ref_links@RMultiImage2D_SDL_ttf@SDL_core@ui@modules@UModSys@@UEBAHXZ 0000000180005548 f i umodsys_lib_libui:umodsys.mod.ui.SDL_core.obj
 0001:00004548       ?ref_links@RDialog@frames@ui@modules@UModSys@@UEBAHXZ 0000000180005548 f i umodsys_lib_libui:umodsys.mod.ui.frames.obj
 0001:00004548       ?ref_links@RGenerator@serialize_json@media@modules@UModSys@@UEBAHXZ 0000000180005548 f i umodsys_lib_libmedia:umodsys.mod.media.serialize_json.obj
 0001:00004548       ?ref_links@RImageFactory_Memory@stdlib@lib2d@modules@UModSys@@UEBAHXZ 0000000180005548 f i umodsys_lib_lib2d:umodsys.mod.2d.stdlib.obj
 0001:00004548       ?ref_links@RGenerator@images_std@media@modules@UModSys@@UEBAHXZ 0000000180005548 f i umodsys_lib_libmedia:umodsys.mod.media.images_std.obj
 0001:00004548       ?ref_links@RBinArchiveFrameClient_ZIP@zlib@media@modules@UModSys@@UEBAHXZ 0000000180005548 f i umodsys_lib_libmedia:umodsys.mod.media.zlib.obj
 0001:00004548       ?ref_links@RGenerator@zlib@media@modules@UModSys@@UEBAHXZ 0000000180005548 f i umodsys_lib_libmedia:umodsys.mod.media.zlib.obj
 0001:00004548       ?ref_links@RImage_Memory@stdlib@lib2d@modules@UModSys@@UEBAHXZ 0000000180005548 f i umodsys_lib_lib2d:umodsys.mod.2d.stdlib.obj
 0001:0000454c       ?root_get_interface_info@RMultiImage2D_SDL_ttf@SDL_GL@ui@modules@UModSys@@UEBAAEBUSUniquePointerInfo@core@5@XZ 000000018000554c f i umodsys_lib_libui:umodsys.mod.ui.SDL_GL.obj
 0001:00004554       ?root_get_interface_type@RMultiImage2D_SDL_ttf@SDL_GL@ui@modules@UModSys@@UEBAPEBUSUniquePointerInfo@core@5@XZ 0000000180005554 f i umodsys_lib_libui:umodsys.mod.ui.SDL_GL.obj
 0001:0000455c       ?root_get_other_interface@RMultiImage2D_SDL_ttf@SDL_GL@ui@modules@UModSys@@UEBAPEBUIRoot@core@5@PEBUSUniquePointerInfo@75@@Z 000000018000555c f i umodsys_lib_libui:umodsys.mod.ui.SDL_GL.obj
 0001:0000455c       ?root_get_other_interface@RMultiImage2D_SDL_ttf@SDL_GL@ui@modules@UModSys@@UEAAPEAUIRoot@core@5@PEBUSUniquePointerInfo@75@@Z 000000018000555c f i umodsys_lib_libui:umodsys.mod.ui.SDL_GL.obj
 0001:0000458c       ?root_is_interface_supported@RMultiImage2D_SDL_ttf@SDL_GL@ui@modules@UModSys@@UEBA_NPEBUSUniquePointerInfo@core@5@@Z 000000018000558c f i umodsys_lib_libui:umodsys.mod.ui.SDL_GL.obj
 0001:000045bc       ?suicide@RMultiImage2D_SDL_ttf@SDL_GL@ui@modules@UModSys@@UEAAXXZ 00000001800055bc f i umodsys_lib_libui:umodsys.mod.ui.SDL_GL.obj
 0001:000045bc       ?suicide@RDialog@frames@ui@modules@UModSys@@UEAAXXZ 00000001800055bc f i umodsys_lib_libui:umodsys.mod.ui.frames.obj
 0001:000045bc       ?suicide@RVertexArray@SDL_GL@ui@modules@UModSys@@UEAAXXZ 00000001800055bc f i umodsys_lib_libui:umodsys.mod.ui.SDL_GL.obj
 0001:000045bc       ?suicide@RMultiImage2D_SDL_ttf@SDL_core@ui@modules@UModSys@@UEAAXXZ 00000001800055bc f i umodsys_lib_libui:umodsys.mod.ui.SDL_core.obj
 0001:00004600       ??1Glyph@RMultiImage2D_SDL_ttf@SDL_GL@ui@modules@UModSys@@QEAA@XZ 0000000180005600 f i umodsys_lib_libui:umodsys.mod.ui.SDL_GL.obj
 0001:00004650       ?get_fixed_cell_size@RMultiImage2D_SDL_ttf@SDL_GL@ui@modules@UModSys@@UEBA?AU?$TVector2@H@math3d@5@XZ 0000000180005650 f i umodsys_lib_libui:umodsys.mod.ui.SDL_GL.obj
 0001:00004650       ?get_max_cell_size@RMultiImage2D_SDL_ttf@SDL_core@ui@modules@UModSys@@UEBA?AU?$TVector2@H@math3d@5@XZ 0000000180005650 f i umodsys_lib_libui:umodsys.mod.ui.SDL_core.obj
 0001:00004650       ?get_max_layer_size@RMultiImage2D_SDL_ttf@SDL_GL@ui@modules@UModSys@@UEBA?AU?$TVector2@H@math3d@5@XZ 0000000180005650 f i umodsys_lib_libui:umodsys.mod.ui.SDL_GL.obj
 0001:00004650       ?get_max_cell_size@RMultiImage2D_SDL_ttf@SDL_GL@ui@modules@UModSys@@UEBA?AU?$TVector2@H@math3d@5@XZ 0000000180005650 f i umodsys_lib_libui:umodsys.mod.ui.SDL_GL.obj
 0001:00004650       ?get_max_layer_size@RMultiImage2D_SDL_ttf@SDL_core@ui@modules@UModSys@@UEBA?AU?$TVector2@H@math3d@5@XZ 0000000180005650 f i umodsys_lib_libui:umodsys.mod.ui.SDL_core.obj
 0001:00004650       ?get_fixed_cell_size@RMultiImage2D_SDL_ttf@SDL_core@ui@modules@UModSys@@UEBA?AU?$TVector2@H@math3d@5@XZ 0000000180005650 f i umodsys_lib_libui:umodsys.mod.ui.SDL_core.obj
 0001:00004650       ?image_get_maxsize@RImageFactory_Memory@stdlib@lib2d@modules@UModSys@@UEBA?AU?$TVector2@H@math3d@5@XZ 0000000180005650 f i umodsys_lib_lib2d:umodsys.mod.2d.stdlib.obj
 0001:0000465c       ?root_get_interface_info@RRenderDriver3D@SDL_GL@ui@modules@UModSys@@UEBAAEBUSUniquePointerInfo@core@5@XZ 000000018000565c f i umodsys_lib_libui:umodsys.mod.ui.SDL_GL.obj
 0001:00004664       ?root_get_interface_type@RRenderDriver3D@SDL_GL@ui@modules@UModSys@@UEBAPEBUSUniquePointerInfo@core@5@XZ 0000000180005664 f i umodsys_lib_libui:umodsys.mod.ui.SDL_GL.obj
 0001:0000466c       ?root_get_other_interface@RRenderDriver3D@SDL_GL@ui@modules@UModSys@@UEBAPEBUIRoot@core@5@PEBUSUniquePointerInfo@75@@Z 000000018000566c f i umodsys_lib_libui:umodsys.mod.ui.SDL_GL.obj
 0001:0000466c       ?root_get_other_interface@RRenderDriver3D@SDL_GL@ui@modules@UModSys@@UEAAPEAUIRoot@core@5@PEBUSUniquePointerInfo@75@@Z 000000018000566c f i umodsys_lib_libui:umodsys.mod.ui.SDL_GL.obj
 0001:000046a4       ?root_is_interface_supported@RRenderDriver3D@SDL_GL@ui@modules@UModSys@@UEBA_NPEBUSUniquePointerInfo@core@5@@Z 00000001800056a4 f i umodsys_lib_libui:umodsys.mod.ui.SDL_GL.obj
 0001:000046dc       ?next_phmv@RRenderDriver3D@SDL_GL@ui@modules@UModSys@@QEAA_NW4ePhaseMode@2345@@Z 00000001800056dc f i umodsys_lib_libui:umodsys.mod.ui.SDL_GL.obj
 0001:00004768       ?root_get_interface_info@RTerminalX@SDL_GL@ui@modules@UModSys@@UEBAAEBUSUniquePointerInfo@core@5@XZ 0000000180005768 f i umodsys_lib_libui:umodsys.mod.ui.SDL_GL.obj
 0001:00004770       ?root_get_interface_type@RTerminalX@SDL_GL@ui@modules@UModSys@@UEBAPEBUSUniquePointerInfo@core@5@XZ 0000000180005770 f i umodsys_lib_libui:umodsys.mod.ui.SDL_GL.obj
 0001:00004778       ?root_get_other_interface@RTerminalX@SDL_GL@ui@modules@UModSys@@UEAAPEAUIRoot@core@5@PEBUSUniquePointerInfo@75@@Z 0000000180005778 f i umodsys_lib_libui:umodsys.mod.ui.SDL_GL.obj
 0001:00004778       ?root_get_other_interface@RTerminalX@SDL_GL@ui@modules@UModSys@@UEBAPEBUIRoot@core@5@PEBUSUniquePointerInfo@75@@Z 0000000180005778 f i umodsys_lib_libui:umodsys.mod.ui.SDL_GL.obj
 0001:000047a8       ?root_is_interface_supported@RTerminalX@SDL_GL@ui@modules@UModSys@@UEBA_NPEBUSUniquePointerInfo@core@5@@Z 00000001800057a8 f i umodsys_lib_libui:umodsys.mod.ui.SDL_GL.obj
 0001:000047e0       ?root_get_interface_info@RVertexArray@SDL_GL@ui@modules@UModSys@@UEBAAEBUSUniquePointerInfo@core@5@XZ 00000001800057e0 f i umodsys_lib_libui:umodsys.mod.ui.SDL_GL.obj
 0001:000047e8       ?root_get_interface_type@RVertexArray@SDL_GL@ui@modules@UModSys@@UEBAPEBUSUniquePointerInfo@core@5@XZ 00000001800057e8 f i umodsys_lib_libui:umodsys.mod.ui.SDL_GL.obj
 0001:000047f0       ?root_get_other_interface@RVertexArray@SDL_GL@ui@modules@UModSys@@UEBAPEBUIRoot@core@5@PEBUSUniquePointerInfo@75@@Z 00000001800057f0 f i umodsys_lib_libui:umodsys.mod.ui.SDL_GL.obj
 0001:000047f0       ?root_get_other_interface@RVertexArray@SDL_GL@ui@modules@UModSys@@UEAAPEAUIRoot@core@5@PEBUSUniquePointerInfo@75@@Z 00000001800057f0 f i umodsys_lib_libui:umodsys.mod.ui.SDL_GL.obj
 0001:00004820       ?root_is_interface_supported@RVertexArray@SDL_GL@ui@modules@UModSys@@UEBA_NPEBUSUniquePointerInfo@core@5@@Z 0000000180005820 f i umodsys_lib_libui:umodsys.mod.ui.SDL_GL.obj
 0001:00004850       ?get_generated_names@RGenerator@SDL_GL@ui@modules@UModSys@@UEBAHAEAUSUniquePtrList@core@5@@Z 0000000180005850 f i umodsys_lib_libui:umodsys.mod.ui.SDL_GL.obj
 0001:00004870       ?get_generated_types@RGenerator@SDL_GL@ui@modules@UModSys@@UEBAHAEAUSUniquePtrList@core@5@PEBUSUniquePointerInfo@75@@Z 0000000180005870 f i umodsys_lib_libui:umodsys.mod.ui.SDL_GL.obj
 0001:000048d8       ?generate@RGenerator@SDL_GL@ui@modules@UModSys@@UEAA_NAEAU?$TRefObject@UIRefObject@core@UModSys@@U?$TRefObjectFunc@UIRefObject@core@UModSys@@@tl@3@@tl@5@PEBUSUniquePointerInfo@core@5@AEBUSParameters@95@@Z 00000001800058d8 f i umodsys_lib_libui:umodsys.mod.ui.SDL_GL.obj
 0001:000049b8       ?root_get_interface_info@RGenerator@SDL_GL@ui@modules@UModSys@@UEBAAEBUSUniquePointerInfo@core@5@XZ 00000001800059b8 f i umodsys_lib_libui:umodsys.mod.ui.SDL_GL.obj
 0001:000049c0       ?root_get_interface_type@RGenerator@SDL_GL@ui@modules@UModSys@@UEBAPEBUSUniquePointerInfo@core@5@XZ 00000001800059c0 f i umodsys_lib_libui:umodsys.mod.ui.SDL_GL.obj
 0001:000049c8       ?root_get_other_interface@RGenerator@SDL_GL@ui@modules@UModSys@@UEAAPEAUIRoot@core@5@PEBUSUniquePointerInfo@75@@Z 00000001800059c8 f i umodsys_lib_libui:umodsys.mod.ui.SDL_GL.obj
 0001:000049c8       ?root_get_other_interface@RGenerator@SDL_GL@ui@modules@UModSys@@UEBAPEBUIRoot@core@5@PEBUSUniquePointerInfo@75@@Z 00000001800059c8 f i umodsys_lib_libui:umodsys.mod.ui.SDL_GL.obj
 0001:00004a00       ?root_is_interface_supported@RGenerator@SDL_GL@ui@modules@UModSys@@UEBA_NPEBUSUniquePointerInfo@core@5@@Z 0000000180005a00 f i umodsys_lib_libui:umodsys.mod.ui.SDL_GL.obj
 0001:00004a38       ?get_uid@RGenerator@SDL_GL@ui@modules@UModSys@@UEBAPEBUSUniquePointerInfo@core@5@XZ 0000000180005a38 f i umodsys_lib_libui:umodsys.mod.ui.SDL_GL.obj
 0001:00004a40       ??_GRKeyboardController@SDL_GL@ui@modules@UModSys@@UEAAPEAXI@Z 0000000180005a40 f i umodsys_lib_libui:umodsys.mod.ui.SDL_GL.obj
 0001:00004a40       ??_ERKeyboardController@SDL_GL@ui@modules@UModSys@@UEAAPEAXI@Z 0000000180005a40 f i  CIL library: CIL module
 0001:00004a70       ??1RKeyboardController@SDL_GL@ui@modules@UModSys@@UEAA@XZ 0000000180005a70 f   umodsys_lib_libui:umodsys.mod.ui.SDL_GL.obj
 0001:00004ab8       ?process@RKeyboardController@SDL_GL@ui@modules@UModSys@@QEAA_NAEAUSDL_KeyboardEvent@@@Z 0000000180005ab8 f   umodsys_lib_libui:umodsys.mod.ui.SDL_GL.obj
 0001:00004ab8       ?process@RKeyboardController@SDL_core@ui@modules@UModSys@@QEAA_NAEAUSDL_KeyboardEvent@@@Z 0000000180005ab8 f   umodsys_lib_libui:umodsys.mod.ui.SDL_core.obj
 0001:00004c30       ?process@RKeyboardController@SDL_GL@ui@modules@UModSys@@QEAA_NAEAUSDL_TextInputEvent@@@Z 0000000180005c30 f   umodsys_lib_libui:umodsys.mod.ui.SDL_GL.obj
 0001:00004c30       ?process@RKeyboardController@SDL_core@ui@modules@UModSys@@QEAA_NAEAUSDL_TextInputEvent@@@Z 0000000180005c30 f   umodsys_lib_libui:umodsys.mod.ui.SDL_core.obj
 0001:00004d04       ?map_keycode@RKeyboardController@SDL_GL@ui@modules@UModSys@@QEAA?AW4eKeyCode@libui@5@H@Z 0000000180005d04 f   umodsys_lib_libui:umodsys.mod.ui.SDL_GL.obj
 0001:00004d04       ?map_keycode@RKeyboardController@SDL_core@ui@modules@UModSys@@QEAA?AW4eKeyCode@libui@5@H@Z 0000000180005d04 f   umodsys_lib_libui:umodsys.mod.ui.SDL_core.obj
 0001:0000522c       ?key_link@RKeyboardController@SDL_GL@ui@modules@UModSys@@UEAA_NHPEAUIRefObject@core@5@PEAUIKeyboardClient@libui@5@@Z 000000018000622c f   umodsys_lib_libui:umodsys.mod.ui.SDL_GL.obj
 0001:0000522c       ?key_link@RKeyboardController@SDL_core@ui@modules@UModSys@@UEAA_NHPEAUIRefObject@core@5@PEAUIKeyboardClient@libui@5@@Z 000000018000622c f   umodsys_lib_libui:umodsys.mod.ui.SDL_core.obj
 0001:00005294       ?key_event@RFrame_Common@frames@ui@modules@UModSys@@MEAA_NAEBUSKeyboardInputText@libui@5@@Z 0000000180006294 f   umodsys_lib_libui:umodsys.mod.ui.frames.obj
 0001:00005294       ?set_repeater@RFrame_Common@frames@ui@modules@UModSys@@UEAA_NHH@Z 0000000180006294 f   umodsys_lib_libui:umodsys.mod.ui.frames.obj
 0001:00005294       ?key_reset@RKeyboardController@SDL_GL@ui@modules@UModSys@@UEAA_NXZ 0000000180006294 f   umodsys_lib_libui:umodsys.mod.ui.SDL_GL.obj
 0001:00005294       ?get_cell@RMultiImage2D_SDL_ttf@SDL_GL@ui@modules@UModSys@@UEBA_NIAEAU?$TVector2@H@math3d@5@PEAU675@PEAG@Z 0000000180006294 f   umodsys_lib_libui:umodsys.mod.ui.SDL_GL.obj
 0001:00005294       ?filter_load@RMediaFilter@images_std@media@modules@UModSys@@UEAA_NAEBUSInfo@IBinObjFilter@libmedia@5@AEAU?$TRefObject@UIRefObject@core@UModSys@@U?$TRefObjectFunc@UIRefObject@core@UModSys@@@tl@3@@tl@5@@Z 0000000180006294 f   umodsys_lib_libmedia:umodsys.mod.media.images_std.obj
 0001:00005294       ?get_maxbox@RCollector@frames@ui@modules@UModSys@@UEAA_NAEAU?$TBoundBox2@H@math3d@5@@Z 0000000180006294 f   umodsys_lib_libui:umodsys.mod.ui.frames.obj
 0001:00005294       ?get_cell@RMultiImage2D_SDL_ttf@SDL_core@ui@modules@UModSys@@UEBA_NIAEAUSImageCellInfo@lib2d@5@@Z 0000000180006294 f   umodsys_lib_libui:umodsys.mod.ui.SDL_core.obj
 0001:00005294       ?mouse_reset@RMouseController@SDL_core@ui@modules@UModSys@@UEAA_NXZ 0000000180006294 f   umodsys_lib_libui:umodsys.mod.ui.SDL_core.obj
 0001:00005294       ?driver_is_reset@RRenderDriver3D@SDL_GL@ui@modules@UModSys@@UEAA_NXZ 0000000180006294 f   umodsys_lib_libui:umodsys.mod.ui.SDL_GL.obj
 0001:00005294       ?mouse_event@RFrame_Common@frames@ui@modules@UModSys@@MEAA_NPEBUSMouseInput@libui@5@@Z 0000000180006294 f   umodsys_lib_libui:umodsys.mod.ui.frames.obj
 0001:00005294       ?mouse_setposition@RMouseController@SDL_GL@ui@modules@UModSys@@UEAA_NHH@Z 0000000180006294 f   umodsys_lib_libui:umodsys.mod.ui.SDL_GL.obj
 0001:00005294       ?get_layer_vdata@RVertexArray@SDL_GL@ui@modules@UModSys@@UEBA_NW4eVertexAType@lib3d@5@PEAXHHH@Z 0000000180006294 f   umodsys_lib_libui:umodsys.mod.ui.SDL_GL.obj
 0001:00005294       ?key_setmodifier@RKeyboardController@SDL_core@ui@modules@UModSys@@UEAA_NHHH@Z 0000000180006294 f   umodsys_lib_libui:umodsys.mod.ui.SDL_core.obj
 0001:00005294       ?mouse_setposition@RMouseController@SDL_core@ui@modules@UModSys@@UEAA_NHH@Z 0000000180006294 f   umodsys_lib_libui:umodsys.mod.ui.SDL_core.obj
 0001:00005294       ?setup_array@RRenderDriver3D@SDL_GL@ui@modules@UModSys@@UEAA_NPEAUIVertexArray@lib3d@5@W4eVertexClass@75@H@Z 0000000180006294 f   umodsys_lib_libui:umodsys.mod.ui.SDL_GL.obj
 0001:00005294       ?key_setrepeat@RKeyboardController@SDL_GL@ui@modules@UModSys@@UEAA_NMM@Z 0000000180006294 f   umodsys_lib_libui:umodsys.mod.ui.SDL_GL.obj
 0001:00005294       ?key_reset@RKeyboardController@SDL_core@ui@modules@UModSys@@UEAA_NXZ 0000000180006294 f   umodsys_lib_libui:umodsys.mod.ui.SDL_core.obj
 0001:00005294       ?setup_material@RRenderDriver3D@SDL_GL@ui@modules@UModSys@@UEAA_NPEBUSMaterial@lib3d@5@@Z 0000000180006294 f   umodsys_lib_libui:umodsys.mod.ui.SDL_GL.obj
 0001:00005294       ?set_parameters@RRenderDriver2D@SDL_core@ui@modules@UModSys@@UEAA_NPEBDAEBUSParameters@core@5@@Z 0000000180006294 f   umodsys_lib_libui:umodsys.mod.ui.SDL_core.obj
 0001:00005294       ?setup_clearlights@RRenderDriver3D@SDL_GL@ui@modules@UModSys@@UEAA_NW4eLightType@lib3d@5@_N1@Z 0000000180006294 f   umodsys_lib_libui:umodsys.mod.ui.SDL_GL.obj
 0001:00005294       ?set_parameters@RRenderDriver3D@SDL_GL@ui@modules@UModSys@@UEAA_NPEBDAEBUSParameters@core@5@@Z 0000000180006294 f   umodsys_lib_libui:umodsys.mod.ui.SDL_GL.obj
 0001:00005294       ?setup_setlight@RRenderDriver3D@SDL_GL@ui@modules@UModSys@@UEAA_NHW4eLightType@lib3d@5@AEBUSLight@75@AEBU?$TMatrix44@N@math3d@5@@Z 0000000180006294 f   umodsys_lib_libui:umodsys.mod.ui.SDL_GL.obj
 0001:00005294       ?get_cell@RMultiImage2D_SDL_ttf@SDL_GL@ui@modules@UModSys@@UEBA_NIAEAUSImageCellInfo@lib2d@5@@Z 0000000180006294 f   umodsys_lib_libui:umodsys.mod.ui.SDL_GL.obj
 0001:00005294       ?mouse_reset@RMouseController@SDL_GL@ui@modules@UModSys@@UEAA_NXZ 0000000180006294 f   umodsys_lib_libui:umodsys.mod.ui.SDL_GL.obj
 0001:00005294       ?setup_fixed_cell@RMultiImage2D_SDL_ttf@SDL_GL@ui@modules@UModSys@@UEAA_NHH@Z 0000000180006294 f   umodsys_lib_libui:umodsys.mod.ui.SDL_GL.obj
 0001:00005294       ?get_cell@RMultiImage2D_SDL_ttf@SDL_core@ui@modules@UModSys@@UEBA_NIAEAU?$TVector2@H@math3d@5@PEAU675@PEAG@Z 0000000180006294 f   umodsys_lib_libui:umodsys.mod.ui.SDL_core.obj
 0001:00005294       ?setup_state@RRenderDriver3D@SDL_GL@ui@modules@UModSys@@UEAA_NAEBUSRenderState@lib3d@5@@Z 0000000180006294 f   umodsys_lib_libui:umodsys.mod.ui.SDL_GL.obj
 0001:00005294       ?map_3d_to_2d@RRenderDriver3D@SDL_GL@ui@modules@UModSys@@UEAA_NAEAU?$TVector2@H@math3d@5@AEBU?$TVector2@M@75@@Z 0000000180006294 f   umodsys_lib_libui:umodsys.mod.ui.SDL_GL.obj
 0001:00005294       ?setup_variable_cell@RMultiImage2D_SDL_ttf@SDL_GL@ui@modules@UModSys@@UEAA_NPEBUSImageCellInfo@lib2d@5@KK@Z 0000000180006294 f   umodsys_lib_libui:umodsys.mod.ui.SDL_GL.obj
 0001:00005294       ?setup_setlight@RRenderDriver3D@SDL_GL@ui@modules@UModSys@@UEAA_NH_N@Z 0000000180006294 f   umodsys_lib_libui:umodsys.mod.ui.SDL_GL.obj
 0001:00005294       ?frame_remove@RCollector@frames@ui@modules@UModSys@@UEAA_NPEAUIFrame@libui@5@@Z 0000000180006294 f   umodsys_lib_libui:umodsys.mod.ui.frames.obj
 0001:00005294       ?mouse_setvisible@RMouseController@SDL_core@ui@modules@UModSys@@UEAA_N_N@Z 0000000180006294 f   umodsys_lib_libui:umodsys.mod.ui.SDL_core.obj
 0001:00005294       ?setup_variable_cell@RMultiImage2D_SDL_ttf@SDL_core@ui@modules@UModSys@@UEAA_NPEBUSImageCellInfo@lib2d@5@KK@Z 0000000180006294 f   umodsys_lib_libui:umodsys.mod.ui.SDL_core.obj
 0001:00005294       ?set_layer_count@RMultiImage2D_SDL_ttf@SDL_core@ui@modules@UModSys@@UEAA_NG@Z 0000000180006294 f   umodsys_lib_libui:umodsys.mod.ui.SDL_core.obj
 0001:00005294       ?setup_array_none@RRenderDriver3D@SDL_GL@ui@modules@UModSys@@UEAA_NXZ 0000000180006294 f   umodsys_lib_libui:umodsys.mod.ui.SDL_GL.obj
 0001:00005294       ?map_2d_to_3d@RRenderDriver3D@SDL_GL@ui@modules@UModSys@@UEAA_NAEAU?$TVector3@N@math3d@5@AEBU?$TVector2@H@75@@Z 0000000180006294 f   umodsys_lib_libui:umodsys.mod.ui.SDL_GL.obj
 0001:00005294       ?set_hint@RMultiImage2D_SDL_ttf@SDL_core@ui@modules@UModSys@@UEAA_NPEBD0@Z 0000000180006294 f   umodsys_lib_libui:umodsys.mod.ui.SDL_core.obj
 0001:00005294       ?key_setrepeat@RKeyboardController@SDL_core@ui@modules@UModSys@@UEAA_NMM@Z 0000000180006294 f   umodsys_lib_libui:umodsys.mod.ui.SDL_core.obj
 0001:00005294       ?mouse_setvisible@RMouseController@SDL_GL@ui@modules@UModSys@@UEAA_N_N@Z 0000000180006294 f   umodsys_lib_libui:umodsys.mod.ui.SDL_GL.obj
 0001:00005294       ?output_attach_3d@RCollector@frames@ui@modules@UModSys@@UEAA_NPEAUIRenderDriver@lib3d@5@H@Z 0000000180006294 f   umodsys_lib_libui:umodsys.mod.ui.frames.obj
 0001:00005294       ?set_hint@RMultiImage2D_SDL_ttf@SDL_GL@ui@modules@UModSys@@UEAA_NPEBD0@Z 0000000180006294 f   umodsys_lib_libui:umodsys.mod.ui.SDL_GL.obj
 0001:00005294       ?key_event@RFrame_Common@frames@ui@modules@UModSys@@MEAA_NAEBUSKeyboardInputRaw@libui@5@@Z 0000000180006294 f   umodsys_lib_libui:umodsys.mod.ui.frames.obj
 0001:00005294       ?set_layer_count@RMultiImage2D_SDL_ttf@SDL_GL@ui@modules@UModSys@@UEAA_NG@Z 0000000180006294 f   umodsys_lib_libui:umodsys.mod.ui.SDL_GL.obj
 0001:00005294       ?get_minsize@RCollector@frames@ui@modules@UModSys@@UEAA_NAEAU?$TVector2@H@math3d@5@@Z 0000000180006294 f   umodsys_lib_libui:umodsys.mod.ui.frames.obj
 0001:00005294       ?set_insize@RFrame_Common@frames@ui@modules@UModSys@@UEAA_NAEBU?$TVector2@H@math3d@5@@Z 0000000180006294 f   umodsys_lib_libui:umodsys.mod.ui.frames.obj
 0001:00005294       ?arc_deinit@RBinArchiveFrameClient_ZIP@zlib@media@modules@UModSys@@UEAA_NPEAUIBinArchiveFrame@libmedia@5@@Z 0000000180006294 f   umodsys_lib_libmedia:umodsys.mod.media.zlib.obj
 0001:00005294       ?command_draw@RTest1_Shell@test1@test@modules@UModSys@@UEAA_NAEBUSController@libui@5@PEAUIRenderDriver@lib2d@5@AEBU?$TBoundBox2@H@math3d@5@@Z 0000000180006294 f   plugin_test1.obj
 0001:00005294       ?map_3d_to_2d@RRenderDriver3D@SDL_GL@ui@modules@UModSys@@UEAA_NAEAU?$TVector2@H@math3d@5@AEBU?$TVector3@N@75@@Z 0000000180006294 f   umodsys_lib_libui:umodsys.mod.ui.SDL_GL.obj
 0001:00005294       ?set_hint@RMultiImage@stdlib@lib2d@modules@UModSys@@UEAA_NPEBD0@Z 0000000180006294 f   umodsys_lib_lib2d:umodsys.mod.2d.stdlib.obj
 0001:00005294       ?key_setmodifier@RKeyboardController@SDL_GL@ui@modules@UModSys@@UEAA_NHHH@Z 0000000180006294 f   umodsys_lib_libui:umodsys.mod.ui.SDL_GL.obj
 0001:00005294       ?setup_fixed_cell@RMultiImage2D_SDL_ttf@SDL_core@ui@modules@UModSys@@UEAA_NHH@Z 0000000180006294 f   umodsys_lib_libui:umodsys.mod.ui.SDL_core.obj
 0001:00005298       ??_GRMouseController@SDL_GL@ui@modules@UModSys@@UEAAPEAXI@Z 0000000180006298 f i umodsys_lib_libui:umodsys.mod.ui.SDL_GL.obj
 0001:00005298       ??_ERMouseController@SDL_GL@ui@modules@UModSys@@UEAAPEAXI@Z 0000000180006298 f i  CIL library: CIL module
 0001:000052c8       ??1RMouseController@SDL_GL@ui@modules@UModSys@@UEAA@XZ 00000001800062c8 f   umodsys_lib_libui:umodsys.mod.ui.SDL_GL.obj
 0001:00005310       ?process@RMouseController@SDL_core@ui@modules@UModSys@@QEAA_NAEAUSDL_MouseMotionEvent@@@Z 0000000180006310 f   umodsys_lib_libui:umodsys.mod.ui.SDL_core.obj
 0001:00005310       ?process@RMouseController@SDL_GL@ui@modules@UModSys@@QEAA_NAEAUSDL_MouseMotionEvent@@@Z 0000000180006310 f   umodsys_lib_libui:umodsys.mod.ui.SDL_GL.obj
 0001:0000547c       ?process@RMouseController@SDL_GL@ui@modules@UModSys@@QEAA_NAEAUSDL_MouseButtonEvent@@@Z 000000018000647c f   umodsys_lib_libui:umodsys.mod.ui.SDL_GL.obj
 0001:0000547c       ?process@RMouseController@SDL_core@ui@modules@UModSys@@QEAA_NAEAUSDL_MouseButtonEvent@@@Z 000000018000647c f   umodsys_lib_libui:umodsys.mod.ui.SDL_core.obj
 0001:000055a8       ?process@RMouseController@SDL_GL@ui@modules@UModSys@@QEAA_NAEAUSDL_MouseWheelEvent@@@Z 00000001800065a8 f   umodsys_lib_libui:umodsys.mod.ui.SDL_GL.obj
 0001:000055a8       ?process@RMouseController@SDL_core@ui@modules@UModSys@@QEAA_NAEAUSDL_MouseWheelEvent@@@Z 00000001800065a8 f   umodsys_lib_libui:umodsys.mod.ui.SDL_core.obj
 0001:00005698       ?mouse_link@RMouseController@SDL_GL@ui@modules@UModSys@@UEAA_NHPEAUIRefObject@core@5@PEAUIMouseClient@libui@5@H@Z 0000000180006698 f   umodsys_lib_libui:umodsys.mod.ui.SDL_GL.obj
 0001:00005698       ?mouse_link@RMouseController@SDL_core@ui@modules@UModSys@@UEAA_NHPEAUIRefObject@core@5@PEAUIMouseClient@libui@5@H@Z 0000000180006698 f   umodsys_lib_libui:umodsys.mod.ui.SDL_core.obj
 0001:00005708       ??_ERTerminal@SDL_GL@ui@modules@UModSys@@UEAAPEAXI@Z 0000000180006708 f i  CIL library: CIL module
 0001:00005708       ??_GRTerminal@SDL_GL@ui@modules@UModSys@@UEAAPEAXI@Z 0000000180006708 f i umodsys_lib_libui:umodsys.mod.ui.SDL_GL.obj
 0001:00005738       ??1RTerminal@SDL_GL@ui@modules@UModSys@@UEAA@XZ 0000000180006738 f   umodsys_lib_libui:umodsys.mod.ui.SDL_GL.obj
 0001:00005788       ?set_terminal_state@RTerminal@SDL_core@ui@modules@UModSys@@UEAA_NW4eTerminalState@libui@5@_N@Z 0000000180006788 f   umodsys_lib_libui:umodsys.mod.ui.SDL_core.obj
 0001:00005788       ?set_terminal_state@RTerminal@SDL_GL@ui@modules@UModSys@@UEAA_NW4eTerminalState@libui@5@_N@Z 0000000180006788 f   umodsys_lib_libui:umodsys.mod.ui.SDL_GL.obj
 0001:000057fc       ?get_handler@RTerminal@SDL_core@ui@modules@UModSys@@UEBAPEAUIRefObject@core@5@PEBUSUniquePointerInfo@75@_K@Z 00000001800067fc f   umodsys_lib_libui:umodsys.mod.ui.SDL_core.obj
 0001:000057fc       ?get_handler@RTerminal@SDL_GL@ui@modules@UModSys@@UEBAPEAUIRefObject@core@5@PEBUSUniquePointerInfo@75@_K@Z 00000001800067fc f   umodsys_lib_libui:umodsys.mod.ui.SDL_GL.obj
 0001:00005874       ?create_handler@RTerminal@SDL_core@ui@modules@UModSys@@UEAA_NPEBUSUniquePointerInfo@core@5@AEAU?$TRefObject@UIRefObject@core@UModSys@@U?$TRefObjectFunc@UIRefObject@core@UModSys@@@tl@3@@tl@5@PEBDPEBUSParameters@75@@Z 0000000180006874 f   umodsys_lib_libui:umodsys.mod.ui.SDL_core.obj
 0001:00005874       ?create_handler@RTerminal@SDL_GL@ui@modules@UModSys@@UEAA_NPEBUSUniquePointerInfo@core@5@AEAU?$TRefObject@UIRefObject@core@UModSys@@U?$TRefObjectFunc@UIRefObject@core@UModSys@@@tl@3@@tl@5@PEBDPEBUSParameters@75@@Z 0000000180006874 f   umodsys_lib_libui:umodsys.mod.ui.SDL_GL.obj
 0001:0000590c       ??0RMultiImage2D_SDL_ttf@SDL_GL@ui@modules@UModSys@@QEAA@PEAURRenderDriver3D@1234@AEBUSParameters@core@4@@Z 000000018000690c f   umodsys_lib_libui:umodsys.mod.ui.SDL_GL.obj
 0001:00005a50       ??_GRMultiImage2D_SDL_ttf@SDL_GL@ui@modules@UModSys@@UEAAPEAXI@Z 0000000180006a50 f i umodsys_lib_libui:umodsys.mod.ui.SDL_GL.obj
 0001:00005a50       ??_ERMultiImage2D_SDL_ttf@SDL_GL@ui@modules@UModSys@@UEAAPEAXI@Z 0000000180006a50 f i  CIL library: CIL module
 0001:00005ac8       ?generate_glyphs@RMultiImage2D_SDL_ttf@SDL_GL@ui@modules@UModSys@@QEAA_NXZ 0000000180006ac8 f   umodsys_lib_libui:umodsys.mod.ui.SDL_GL.obj
 0001:00005c88       ?set_flags@SGLFuncs@SDL_GL@ui@modules@UModSys@@QEBAXPEBUTextureInfo@12345@AEBUSRenderMapFlags@lib3d@5@@Z 0000000180006c88 f i umodsys_lib_libui:umodsys.mod.ui.SDL_GL.obj
 0001:00005d7c       ??1STextureGL@SDL_GL@ui@modules@UModSys@@QEAA@XZ 0000000180006d7c f   umodsys_lib_libui:umodsys.mod.ui.SDL_GL.obj
 0001:00005e04       ?gen@STextureGL@SDL_GL@ui@modules@UModSys@@QEAA_NXZ 0000000180006e04 f   umodsys_lib_libui:umodsys.mod.ui.SDL_GL.obj
 0001:00005e60       ?set_size@STextureGL@SDL_GL@ui@modules@UModSys@@QEAAXHH@Z 0000000180006e60 f   umodsys_lib_libui:umodsys.mod.ui.SDL_GL.obj
 0001:00005f34       ?reupload@STextureGL@SDL_GL@ui@modules@UModSys@@QEAA_NXZ 0000000180006f34 f   umodsys_lib_libui:umodsys.mod.ui.SDL_GL.obj
 0001:00005ff0       ?upload@STextureGL@SDL_GL@ui@modules@UModSys@@QEAA_NXZ 0000000180006ff0 f   umodsys_lib_libui:umodsys.mod.ui.SDL_GL.obj
 0001:00006164       ?set_reallocate@STextureGL@SDL_GL@ui@modules@UModSys@@QEAA_NW4eImageType@lib2d@5@HHPEBD@Z 0000000180007164 f   umodsys_lib_libui:umodsys.mod.ui.SDL_GL.obj
 0001:00006260       ?new_texture@RMultiImage2D_SDL_ttf@SDL_GL@ui@modules@UModSys@@SA_NAEAUSTextureGL@2345@PEAUSDL_Surface@@PEAURRenderDriver3D@2345@@Z 0000000180007260 f   umodsys_lib_libui:umodsys.mod.ui.SDL_GL.obj
 0001:00006320       ??0RRenderDriver3D@SDL_GL@ui@modules@UModSys@@QEAA@PEAURTerminalX@1234@@Z 0000000180007320 f   umodsys_lib_libui:umodsys.mod.ui.SDL_GL.obj
 0001:0000650c       ??_GRRenderDriver3D@SDL_GL@ui@modules@UModSys@@UEAAPEAXI@Z 000000018000750c f i umodsys_lib_libui:umodsys.mod.ui.SDL_GL.obj
 0001:0000650c       ??_ERRenderDriver3D@SDL_GL@ui@modules@UModSys@@UEAAPEAXI@Z 000000018000750c f i  CIL library: CIL module
 0001:0000653c       ??1RRenderDriver3D@SDL_GL@ui@modules@UModSys@@UEAA@XZ 000000018000753c f   umodsys_lib_libui:umodsys.mod.ui.SDL_GL.obj
 0001:000065f4       ?close@RRenderDriver3D@SDL_GL@ui@modules@UModSys@@QEAAXXZ 00000001800075f4 f   umodsys_lib_libui:umodsys.mod.ui.SDL_GL.obj
 0001:00006630       ?open@RRenderDriver3D@SDL_GL@ui@modules@UModSys@@QEAA_NAEBUSParameters@core@5@@Z 0000000180007630 f   umodsys_lib_libui:umodsys.mod.ui.SDL_GL.obj
 0001:0000686c       ?new_font@RRenderDriver3D@SDL_GL@ui@modules@UModSys@@UEAA?AU?$TRefObject@UIMultiImage@lib2d@UModSys@@U?$TRefObjectFunc@UIMultiImage@lib2d@UModSys@@@tl@3@@tl@5@AEBUSParameters@core@5@AEBU?$TString@U?$TSCoreConst@D@su@tl@UModSys@@U?$TComparerBinaryHash@D@234@@75@@Z 000000018000786c f   umodsys_lib_libui:umodsys.mod.ui.SDL_GL.obj
 0001:000069f4       ?get_max_values@RRenderDriver3D@SDL_GL@ui@modules@UModSys@@UEBAPEBUSParameters@core@5@XZ 00000001800079f4 f   umodsys_lib_libui:umodsys.mod.ui.SDL_GL.obj
 0001:000069fc       ?get_frame_values@RRenderDriver3D@SDL_GL@ui@modules@UModSys@@UEBAPEBUSParameters@core@5@XZ 00000001800079fc f   umodsys_lib_libui:umodsys.mod.ui.SDL_GL.obj
 0001:00006a04       ?setup_font@RRenderDriver3D@SDL_GL@ui@modules@UModSys@@UEAA_NPEAUIMultiImage@lib2d@5@PEBU?$TVector2@M@math3d@5@@Z 0000000180007a04 f   umodsys_lib_libui:umodsys.mod.ui.SDL_GL.obj
 0001:00006ac8       ?setup_color@RRenderDriver3D@SDL_GL@ui@modules@UModSys@@UEAAXAEBU?$TVector3@M@math3d@5@@Z 0000000180007ac8 f   umodsys_lib_libui:umodsys.mod.ui.SDL_GL.obj
 0001:00006af8       ?setup_color@RRenderDriver3D@SDL_GL@ui@modules@UModSys@@UEAAXAEBU?$TVector3@H@math3d@5@@Z 0000000180007af8 f   umodsys_lib_libui:umodsys.mod.ui.SDL_GL.obj
 0001:00006b50       ?setup_coloralpha@RRenderDriver3D@SDL_GL@ui@modules@UModSys@@UEAAXAEBU?$TVector4@M@math3d@5@H@Z 0000000180007b50 f   umodsys_lib_libui:umodsys.mod.ui.SDL_GL.obj
 0001:00006b7c       ?setup_coloralpha@RRenderDriver3D@SDL_GL@ui@modules@UModSys@@UEAAXAEBU?$TVector4@H@math3d@5@H@Z 0000000180007b7c f   umodsys_lib_libui:umodsys.mod.ui.SDL_GL.obj
 0001:00006be8       ?setup_blendcolor@RRenderDriver3D@SDL_GL@ui@modules@UModSys@@UEAAXAEBUSBlendColor@lib2d@5@@Z 0000000180007be8 f   umodsys_lib_libui:umodsys.mod.ui.SDL_GL.obj
 0001:00006c58       ?setup_blendcolor@RRenderDriver3D@SDL_GL@ui@modules@UModSys@@UEAAXAEBUSBlendColorf@lib2d@5@@Z 0000000180007c58 f   umodsys_lib_libui:umodsys.mod.ui.SDL_GL.obj
 0001:00006ca4       ?setup_alpha@RRenderDriver3D@SDL_GL@ui@modules@UModSys@@UEAAXHH@Z 0000000180007ca4 f   umodsys_lib_libui:umodsys.mod.ui.SDL_GL.obj
 0001:00006cdc       ?setup_alpha@RRenderDriver3D@SDL_GL@ui@modules@UModSys@@UEAAXMH@Z 0000000180007cdc f   umodsys_lib_libui:umodsys.mod.ui.SDL_GL.obj
 0001:00006d04       ?render_text_advanced@RRenderDriver3D@SDL_GL@ui@modules@UModSys@@UEAA_NAEAUTextInfo@IRenderDriver@lib2d@5@PEBHH@Z 0000000180007d04 f   umodsys_lib_libui:umodsys.mod.ui.SDL_GL.obj
 0001:00006ff0       ?render_box@RRenderDriver3D@SDL_GL@ui@modules@UModSys@@UEAAXAEBU?$TVector2@H@math3d@5@0@Z 0000000180007ff0 f   umodsys_lib_libui:umodsys.mod.ui.SDL_GL.obj
 0001:000070a8       ?render_tri@RRenderDriver3D@SDL_GL@ui@modules@UModSys@@UEAAXAEBU?$TVector2@H@math3d@5@00@Z 00000001800080a8 f   umodsys_lib_libui:umodsys.mod.ui.SDL_GL.obj
 0001:0000715c       ?render_quad@RRenderDriver3D@SDL_GL@ui@modules@UModSys@@UEAAXAEBU?$TVector2@H@math3d@5@000@Z 000000018000815c f   umodsys_lib_libui:umodsys.mod.ui.SDL_GL.obj
 0001:00007228       ?render_box@RRenderDriver3D@SDL_GL@ui@modules@UModSys@@UEAAXPEAUIImage@lib2d@5@AEBU?$TVector2@H@math3d@5@1AEBU?$TVector2@M@95@2@Z 0000000180008228 f   umodsys_lib_libui:umodsys.mod.ui.SDL_GL.obj
 0001:0000727c       ?render_line@RRenderDriver3D@SDL_GL@ui@modules@UModSys@@UEAAXAEBU?$TVector2@H@math3d@5@0@Z 000000018000827c f   umodsys_lib_libui:umodsys.mod.ui.SDL_GL.obj
 0001:00007318       ?render_rect@RRenderDriver3D@SDL_GL@ui@modules@UModSys@@UEAAXAEBU?$TVector2@H@math3d@5@0@Z 0000000180008318 f   umodsys_lib_libui:umodsys.mod.ui.SDL_GL.obj
 0001:000073fc       ?begin@RRenderDriver3D@SDL_GL@ui@modules@UModSys@@UEAAXXZ 00000001800083fc f   umodsys_lib_libui:umodsys.mod.ui.SDL_GL.obj
 0001:00007630       ?end@RRenderDriver3D@SDL_GL@ui@modules@UModSys@@UEAAXXZ 0000000180008630 f   umodsys_lib_libui:umodsys.mod.ui.SDL_GL.obj
 0001:00007698       ?Mode_2d_begin@RRenderDriver3D@SDL_GL@ui@modules@UModSys@@QEAA_NXZ 0000000180008698 f   umodsys_lib_libui:umodsys.mod.ui.SDL_GL.obj
 0001:0000783c       ?Mode_2d_end@RRenderDriver3D@SDL_GL@ui@modules@UModSys@@QEAA_NXZ 000000018000883c f   umodsys_lib_libui:umodsys.mod.ui.SDL_GL.obj
 0001:00007878       ?data_writer@RBinArchiveFrameClient_ZIP@zlib@media@modules@UModSys@@UEAA?AU?$TRefObject@UIStreamWriter@libmedia@UModSys@@U?$TRefObjectFunc@UIStreamWriter@libmedia@UModSys@@@tl@3@@tl@5@PEAUIBinArchiveFrame@libmedia@5@AEBU?$TString@U?$TSCoreConst@D@su@tl@UModSys@@U?$TComparerBinaryHash@D@234@@75@AEBUSFlags@95@@Z 0000000180008878 f   umodsys_lib_libmedia:umodsys.mod.media.zlib.obj
 0001:00007878       ?register_tex@RRenderDriver3D@SDL_GL@ui@modules@UModSys@@UEAA?AU?$TRefObject@UITexture@lib3d@UModSys@@U?$TRefObjectFunc@UITexture@lib3d@UModSys@@@tl@3@@tl@5@AEBU?$TVector2@H@math3d@5@AEBUSRenderMapFlags@lib3d@5@W4eImageType@lib2d@5@@Z 0000000180008878 f   umodsys_lib_libui:umodsys.mod.ui.SDL_GL.obj
 0001:00007878       ?new_picture@RRenderDriver2D@SDL_core@ui@modules@UModSys@@UEAA?AU?$TRefObject@UIImage@lib2d@UModSys@@U?$TRefObjectFunc@UIImage@lib2d@UModSys@@@tl@3@@tl@5@AEBUSParameters@core@5@AEBU?$TString@U?$TSCoreConst@D@su@tl@UModSys@@U?$TComparerBinaryHash@D@234@@75@@Z 0000000180008878 f   umodsys_lib_libui:umodsys.mod.ui.SDL_core.obj
 0001:00007878       ?register_texcells@RRenderDriver3D@SDL_GL@ui@modules@UModSys@@UEAA?AU?$TRefObject@UITextureCells@lib3d@UModSys@@U?$TRefObjectFunc@UITextureCells@lib3d@UModSys@@@tl@3@@tl@5@PEAUILibrary@libmedia@5@AEBU?$TString@U?$TSCoreConst@D@su@tl@UModSys@@U?$TComparerBinaryHash@D@234@@75@AEBUSRenderMapFlags@lib3d@5@@Z 0000000180008878 f   umodsys_lib_libui:umodsys.mod.ui.SDL_GL.obj
 0001:00007878       ?register_tex@RRenderDriver3D@SDL_GL@ui@modules@UModSys@@UEAA?AU?$TRefObject@UITexture@lib3d@UModSys@@U?$TRefObjectFunc@UITexture@lib3d@UModSys@@@tl@3@@tl@5@PEAUILibrary@libmedia@5@AEBU?$TString@U?$TSCoreConst@D@su@tl@UModSys@@U?$TComparerBinaryHash@D@234@@75@AEBUSRenderMapFlags@lib3d@5@@Z 0000000180008878 f   umodsys_lib_libui:umodsys.mod.ui.SDL_GL.obj
 0001:00007878       ?new_picture@RRenderDriver3D@SDL_GL@ui@modules@UModSys@@UEAA?AU?$TRefObject@UIImage@lib2d@UModSys@@U?$TRefObjectFunc@UIImage@lib2d@UModSys@@@tl@3@@tl@5@AEBUSParameters@core@5@AEBU?$TString@U?$TSCoreConst@D@su@tl@UModSys@@U?$TComparerBinaryHash@D@234@@75@@Z 0000000180008878 f   umodsys_lib_libui:umodsys.mod.ui.SDL_GL.obj
 0001:00007878       ?create_array@RRenderDriver3D@SDL_GL@ui@modules@UModSys@@UEAA?AU?$TRefObject@UIVertexArray@lib3d@UModSys@@U?$TRefObjectFunc@UIVertexArray@lib3d@UModSys@@@tl@3@@tl@5@HQEBUSVertexElemInfo@lib3d@5@HPEBX@Z 0000000180008878 f   umodsys_lib_libui:umodsys.mod.ui.SDL_GL.obj
 0001:00007888       ?create_array@RRenderDriver3D@SDL_GL@ui@modules@UModSys@@UEAA?AU?$TRefObject@UIVertexArray@lib3d@UModSys@@U?$TRefObjectFunc@UIVertexArray@lib3d@UModSys@@@tl@3@@tl@5@HQEBUSVertexElemInfo@lib3d@5@H@Z 0000000180008888 f   umodsys_lib_libui:umodsys.mod.ui.SDL_GL.obj
 0001:000079b4       ?map_2d_to_3d@RRenderDriver3D@SDL_GL@ui@modules@UModSys@@UEAA_NAEAU?$TVector2@M@math3d@5@AEBU?$TVector2@H@75@@Z 00000001800089b4 f   umodsys_lib_libui:umodsys.mod.ui.SDL_GL.obj
 0001:00007a6c       ?camera_ortho@RRenderDriver3D@SDL_GL@ui@modules@UModSys@@UEAA_NAEBU?$TVector3@N@math3d@5@0@Z 0000000180008a6c f   umodsys_lib_libui:umodsys.mod.ui.SDL_GL.obj
 0001:00007b28       ?camera_frustum@RRenderDriver3D@SDL_GL@ui@modules@UModSys@@UEAA_NAEBU?$TVector3@N@math3d@5@0@Z 0000000180008b28 f   umodsys_lib_libui:umodsys.mod.ui.SDL_GL.obj
 0001:00007bd8       ?camera_frustum@RRenderDriver3D@SDL_GL@ui@modules@UModSys@@UEAA_NAEBU?$TVector3@N@math3d@5@AEBU?$TVector2@M@75@NN@Z 0000000180008bd8 f   umodsys_lib_libui:umodsys.mod.ui.SDL_GL.obj
 0001:00007d30       ?setup_addlight@RRenderDriver3D@SDL_GL@ui@modules@UModSys@@UEAAHW4eLightType@lib3d@5@AEBUSLight@75@AEBU?$TMatrix44@N@math3d@5@@Z 0000000180008d30 f   umodsys_lib_libui:umodsys.mod.ui.SDL_GL.obj
 0001:00007d34       ?setup_array@RRenderDriver3D@SDL_GL@ui@modules@UModSys@@UEAA_NPEAUIVertexArray@lib3d@5@HH@Z 0000000180008d34 f   umodsys_lib_libui:umodsys.mod.ui.SDL_GL.obj
 0001:00007e10       ?render_primitive@RRenderDriver3D@SDL_GL@ui@modules@UModSys@@UEAA_NW4eRenderPrimitiveType@lib3d@5@HH@Z 0000000180008e10 f   umodsys_lib_libui:umodsys.mod.ui.SDL_GL.obj
 0001:00007ed8       ?phase_start@RRenderDriver3D@SDL_GL@ui@modules@UModSys@@UEAAXHH@Z 0000000180008ed8 f   umodsys_lib_libui:umodsys.mod.ui.SDL_GL.obj
 0001:00008040       ?phase_2d@RRenderDriver3D@SDL_GL@ui@modules@UModSys@@UEAAX_N@Z 0000000180009040 f   umodsys_lib_libui:umodsys.mod.ui.SDL_GL.obj
 0001:0000808c       ?render_start@RRenderDriver3D@SDL_GL@ui@modules@UModSys@@UEAAXXZ 000000018000908c f   umodsys_lib_libui:umodsys.mod.ui.SDL_GL.obj
 0001:00008224       ?render_stop@RRenderDriver3D@SDL_GL@ui@modules@UModSys@@UEAAXXZ 0000000180009224 f   umodsys_lib_libui:umodsys.mod.ui.SDL_GL.obj
 0001:00008394       ?setup_2d@RRenderDriver3D@SDL_GL@ui@modules@UModSys@@UEAA_NPEBU?$TVector2@H@math3d@5@0PEBU?$TVector2@M@75@1@Z 0000000180009394 f   umodsys_lib_libui:umodsys.mod.ui.SDL_GL.obj
 0001:00008438       ??0RVertexArray@SDL_GL@ui@modules@UModSys@@QEAA@PEAURRenderDriver3D@1234@@Z 0000000180009438 f   umodsys_lib_libui:umodsys.mod.ui.SDL_GL.obj
 0001:0000851c       ??_GRVertexArray@SDL_GL@ui@modules@UModSys@@UEAAPEAXI@Z 000000018000951c f i umodsys_lib_libui:umodsys.mod.ui.SDL_GL.obj
 0001:0000851c       ??_ERVertexArray@SDL_GL@ui@modules@UModSys@@UEAAPEAXI@Z 000000018000951c f i  CIL library: CIL module
 0001:000085d0       ?Free@RVertexArray@SDL_GL@ui@modules@UModSys@@QEAA_NXZ 00000001800095d0 f   umodsys_lib_libui:umodsys.mod.ui.SDL_GL.obj
 0001:00008660       ?Alloc@RVertexArray@SDL_GL@ui@modules@UModSys@@QEAA_NQEBUSVertexElemInfo@lib3d@5@HH_N@Z 0000000180009660 f   umodsys_lib_libui:umodsys.mod.ui.SDL_GL.obj
 0001:00008990       ?Alloc@RVertexArray@SDL_GL@ui@modules@UModSys@@QEAA_NXZ 0000000180009990 f   umodsys_lib_libui:umodsys.mod.ui.SDL_GL.obj
 0001:00008a00       ?Use@RVertexArray@SDL_GL@ui@modules@UModSys@@QEAA_NI@Z 0000000180009a00 f   umodsys_lib_libui:umodsys.mod.ui.SDL_GL.obj
 0001:00008cb4       ?is_valid@RVertexArray@SDL_GL@ui@modules@UModSys@@UEBA_NXZ 0000000180009cb4 f   umodsys_lib_libui:umodsys.mod.ui.SDL_GL.obj
 0001:00008cc0       ?get_array_count@RVertexArray@SDL_GL@ui@modules@UModSys@@UEBAHXZ 0000000180009cc0 f   umodsys_lib_libui:umodsys.mod.ui.SDL_GL.obj
 0001:00008cc4       ?get_layer_count@RVertexArray@SDL_GL@ui@modules@UModSys@@UEBAHXZ 0000000180009cc4 f   umodsys_lib_libui:umodsys.mod.ui.SDL_GL.obj
[...]
 0001:00036ed8       ??__F?s_id@?$TObjectUniqueID@UIFrame@libui@UModSys@@@tl@UModSys@@2USUniquePointer@core@3@A@@YAXXZ 0000000180037ed8 f    CIL library: CIL module
 0001:00036ee4       ??__F?s_id@?$TObjectUniqueID@UIAsyncCollector@libui@UModSys@@@tl@UModSys@@2USUniquePointer@core@3@A@@YAXXZ 0000000180037ee4 f    CIL library: CIL module
 0001:00036ef0       ??__F?s_id@?$TObjectUniqueID@UIAsyncController@libui@UModSys@@@tl@UModSys@@2USUniquePointer@core@3@A@@YAXXZ 0000000180037ef0 f    CIL library: CIL module
 0001:00036efc       ??__F?s_id@?$TObjectUniqueID@UICollector@libui@UModSys@@@tl@UModSys@@2USUniquePointer@core@3@A@@YAXXZ 0000000180037efc f    CIL library: CIL module
 0001:00036f08       ??__F?s_id@?$TObjectUniqueID@UIConsoleHelperInput_UIKey@libui@UModSys@@@tl@UModSys@@2USUniquePointer@core@3@A@@YAXXZ 0000000180037f08 f    CIL library: CIL module
 0001:00036f14       ??__F?s_id@?$TObjectUniqueID@UITerminal@libui@UModSys@@@tl@UModSys@@2USUniquePointer@core@3@A@@YAXXZ 0000000180037f14 f    CIL library: CIL module
 0001:00036f20       ??__F?s_id@?$TObjectUniqueID@UIJoystickController@libui@UModSys@@@tl@UModSys@@2USUniquePointer@core@3@A@@YAXXZ 0000000180037f20 f    CIL library: CIL module
 0001:00036f2c       ??__F?s_id@?$TObjectUniqueID@UIMouseController@libui@UModSys@@@tl@UModSys@@2USUniquePointer@core@3@A@@YAXXZ 0000000180037f2c f    CIL library: CIL module
 0001:00036f38       ??__F?s_id@?$TObjectUniqueID@UIKeyboardController@libui@UModSys@@@tl@UModSys@@2USUniquePointer@core@3@A@@YAXXZ 0000000180037f38 f    CIL library: CIL module
 0001:00036f44       ??__F?s_id@?$TObjectUniqueID@UIConsoleHelperOutputFCS@base@UModSys@@@tl@UModSys@@2USUniquePointer@core@3@A@@YAXXZ 0000000180037f44 f    CIL library: CIL module
 0001:00036f50       ??__F?s_id@?$TObjectUniqueID@UIConsoleHelperOutput@base@UModSys@@@tl@UModSys@@2USUniquePointer@core@3@A@@YAXXZ 0000000180037f50 f    CIL library: CIL module
 0001:00036f5c       ??__F?s_id@?$TObjectUniqueID@UIConsoleHelperInput@base@UModSys@@@tl@UModSys@@2USUniquePointer@core@3@A@@YAXXZ 0000000180037f5c f    CIL library: CIL module
 0001:00036f68       ??__F?s_id@?$TObjectUniqueID@UIConsoleHelperHistory@base@UModSys@@@tl@UModSys@@2USUniquePointer@core@3@A@@YAXXZ 0000000180037f68 f    CIL library: CIL module
 0001:00036f74       ??__F?s_id@?$TObjectUniqueID@UIConsoleHelper@base@UModSys@@@tl@UModSys@@2USUniquePointer@core@3@A@@YAXXZ 0000000180037f74 f    CIL library: CIL module
 0001:00036f80       ??__F?s_id@?$TObjectUniqueID@UIConsoleExt@base@UModSys@@@tl@UModSys@@2USUniquePointer@core@3@A@@YAXXZ 0000000180037f80 f    CIL library: CIL module
 0001:00036f8c       ??__F?s_id@?$TObjectUniqueID@UISerializeWriter@libmedia@UModSys@@@tl@UModSys@@2USUniquePointer@core@3@A@@YAXXZ 0000000180037f8c f    CIL library: CIL module
 0001:00036f98       ??__F?s_id@?$TObjectUniqueID@UISerializeReader@libmedia@UModSys@@@tl@UModSys@@2USUniquePointer@core@3@A@@YAXXZ 0000000180037f98 f    CIL library: CIL module
 0001:00036fa4       ??__F?s_id@?$TObjectUniqueID@UIClient@IBinArchiveFrame@libmedia@UModSys@@@tl@UModSys@@2USUniquePointer@core@3@A@@YAXXZ 0000000180037fa4 f    CIL library: CIL module
 0001:00036fb0       ??__F?s_id@?$TObjectUniqueID@UIBinArchiveFrame@libmedia@UModSys@@@tl@UModSys@@2USUniquePointer@core@3@A@@YAXXZ 0000000180037fb0 f    CIL library: CIL module
 0001:00036fbc       ??__F?s_id@?$TObjectUniqueID@UILibraryLayered@libmedia@UModSys@@@tl@UModSys@@2USUniquePointer@core@3@A@@YAXXZ 0000000180037fbc f    CIL library: CIL module
 0001:00036fc8       ??__F?s_id@?$TObjectUniqueID@UILibraryObjCache@libmedia@UModSys@@@tl@UModSys@@2USUniquePointer@core@3@A@@YAXXZ 0000000180037fc8 f    CIL library: CIL module
 0001:00036fd4       ??__F?s_id@?$TObjectUniqueID@UILibraryObjFilter@libmedia@UModSys@@@tl@UModSys@@2USUniquePointer@core@3@A@@YAXXZ 0000000180037fd4 f    CIL library: CIL module
 0001:00036fe0       ??__F?s_id@?$TObjectUniqueID@UILibraryBinCache@libmedia@UModSys@@@tl@UModSys@@2USUniquePointer@core@3@A@@YAXXZ 0000000180037fe0 f    CIL library: CIL module
 0001:00036fec       ??__F?s_id@?$TObjectUniqueID@UILibraryBinTree@libmedia@UModSys@@@tl@UModSys@@2USUniquePointer@core@3@A@@YAXXZ 0000000180037fec f    CIL library: CIL module
 0001:00036ff8       ??__F?s_id@?$TObjectUniqueID@UILibrary@libmedia@UModSys@@@tl@UModSys@@2USUniquePointer@core@3@A@@YAXXZ 0000000180037ff8 f    CIL library: CIL module
 0001:00037004       ??__F?s_id@?$TObjectUniqueID@UIBinObjFilter@libmedia@UModSys@@@tl@UModSys@@2USUniquePointer@core@3@A@@YAXXZ 0000000180038004 f    CIL library: CIL module
 0001:00037010       ??__F?s_id@?$TObjectUniqueID@UIBinArchive@libmedia@UModSys@@@tl@UModSys@@2USUniquePointer@core@3@A@@YAXXZ 0000000180038010 f    CIL library: CIL module
 0001:0003701c       ??__F?s_id@?$TObjectUniqueID@UILibObject@libmedia@UModSys@@@tl@UModSys@@2USUniquePointer@core@3@A@@YAXXZ 000000018003801c f    CIL library: CIL module
 0001:00037028       ??__F?s_id@?$TObjectUniqueID@UIUtilities@libmedia@UModSys@@@tl@UModSys@@2USUniquePointer@core@3@A@@YAXXZ 0000000180038028 f    CIL library: CIL module
 0001:00037034       ??__F?s_id@?$TObjectUniqueID@UIStreamWriter@libmedia@UModSys@@@tl@UModSys@@2USUniquePointer@core@3@A@@YAXXZ 0000000180038034 f    CIL library: CIL module
 0001:00037040       ??__F?s_id@?$TObjectUniqueID@UIStreamReader@libmedia@UModSys@@@tl@UModSys@@2USUniquePointer@core@3@A@@YAXXZ 0000000180038040 f    CIL library: CIL module
 0001:0003704c       ??__F?s_id@?$TObjectUniqueID@UISystem@base@UModSys@@@tl@UModSys@@2USUniquePointer@core@3@A@@YAXXZ 000000018003804c f    CIL library: CIL module
 0001:00037058       ??__F?s_id@?$TObjectUniqueID@UIShell@base@UModSys@@@tl@UModSys@@2USUniquePointer@core@3@A@@YAXXZ 0000000180038058 f    CIL library: CIL module
 0001:00037064       ??__F?s_id@?$TObjectUniqueID@UIGenerator@base@UModSys@@@tl@UModSys@@2USUniquePointer@core@3@A@@YAXXZ 0000000180038064 f    CIL library: CIL module
 0001:00037070       ??__F?s_id@?$TObjectUniqueID@UIModObject@base@UModSys@@@tl@UModSys@@2USUniquePointer@core@3@A@@YAXXZ 0000000180038070 f    CIL library: CIL module
 0001:0003707c       ??__F?s_id@?$TObjectUniqueID@UIModuleLibrary@base@UModSys@@@tl@UModSys@@2USUniquePointer@core@3@A@@YAXXZ 000000018003807c f    CIL library: CIL module
 0001:00037088       ??__F?s_id@?$TObjectUniqueID@UIModule@base@UModSys@@@tl@UModSys@@2USUniquePointer@core@3@A@@YAXXZ 0000000180038088 f    CIL library: CIL module
 0001:00037094       ??__F?s_id@?$TObjectUniqueID@UIConsole@base@UModSys@@@tl@UModSys@@2USUniquePointer@core@3@A@@YAXXZ 0000000180038094 f    CIL library: CIL module
 0001:000370a0       ??__F?s_id@?$TObjectUniqueID@UIParameters@core@UModSys@@@tl@UModSys@@2USUniquePointer@core@3@A@@YAXXZ 00000001800380a0 f    CIL library: CIL module
 0001:000370ac       ??__F?s_id@?$TObjectUniqueID@UIRefObject@core@UModSys@@@tl@UModSys@@2USUniquePointer@core@3@A@@YAXXZ 00000001800380ac f    CIL library: CIL module
 0001:000370b8       ??__F?s_id@?$TObjectUniqueID@UIRoot@core@UModSys@@@tl@UModSys@@2USUniquePointer@core@3@A@@YAXXZ 00000001800380b8 f    CIL library: CIL module
 0001:000370c4       ??__Fs_dbg@stdlib@lib2d@modules@UModSys@@YAXXZ 00000001800380c4 f    CIL library: CIL module
 0001:000370e8       ??__F?s_modreg@RModuleReg@stdlib@lib2d@modules@UModSys@@2U12345@A@@YAXXZ 00000001800380e8 f    CIL library: CIL module
 0001:000370f8       ??__F?s_modreg_chain@RModuleReg@stdlib@lib2d@modules@UModSys@@2USModuleRegChain@base@5@A@@YAXXZ 00000001800380f8 f    CIL library: CIL module
 0001:00037104       ??__F?s_uid@RGenerator@stdlib@lib2d@modules@UModSys@@2USUniquePointer@core@5@A@@YAXXZ 0000000180038104 f    CIL library: CIL module
 0001:00037110       ??__Fh@?1??s_holder@RGenerator@stdlib@lib2d@modules@UModSys@@SAAEAU?$TTypeStaticHolder@URGenerator@stdlib@lib2d@modules@UModSys@@@tl@5@XZ@YAXXZ 0000000180038110 f    CIL library: CIL module
 0001:00037138       ??__F?s_id@?$TObjectUniqueID@URGenerator@stdlib@lib2d@modules@UModSys@@@tl@UModSys@@2USUniquePointer@core@3@A@@YAXXZ 0000000180038138 f    CIL library: CIL module
 0001:00037144       ??__F?s_id@?$TObjectUniqueID@URMultiImage@stdlib@lib2d@modules@UModSys@@@tl@UModSys@@2USUniquePointer@core@3@A@@YAXXZ 0000000180038144 f    CIL library: CIL module
 0001:00037150       ??__F?s_id@?$TObjectUniqueID@URImageFactory_Memory@stdlib@lib2d@modules@UModSys@@@tl@UModSys@@2USUniquePointer@core@3@A@@YAXXZ 0000000180038150 f    CIL library: CIL module
 0001:0003715c       ??__F?s_id@?$TObjectUniqueID@URImage_Memory@stdlib@lib2d@modules@UModSys@@@tl@UModSys@@2USUniquePointer@core@3@A@@YAXXZ 000000018003815c f    CIL library: CIL module
 0001:00037168       ??__Fs_dbg@SDL_GL@ui@modules@UModSys@@YAXXZ 0000000180038168 f    CIL library: CIL module
 0001:0003718c       ??__F?s_modreg@RModuleReg@SDL_GL@ui@modules@UModSys@@2U12345@A@@YAXXZ 000000018003818c f    CIL library: CIL module
 0001:0003719c       ??__F?s_modreg_chain@RModuleReg@SDL_GL@ui@modules@UModSys@@2USModuleRegChain@base@5@A@@YAXXZ 000000018003819c f    CIL library: CIL module
 0001:000371a8       ??__F?s_uid@RGenerator@SDL_GL@ui@modules@UModSys@@2USUniquePointer@core@5@A@@YAXXZ 00000001800381a8 f    CIL library: CIL module
 0001:000371b4       ??__Fh@?1??s_holder@RGenerator@SDL_GL@ui@modules@UModSys@@SAAEAU?$TTypeStaticHolder@URGenerator@SDL_GL@ui@modules@UModSys@@@tl@5@XZ@YAXXZ 00000001800381b4 f    CIL library: CIL module
 0001:000371dc       ??__F?s_id@?$TObjectUniqueID@URGenerator@SDL_GL@ui@modules@UModSys@@@tl@UModSys@@2USUniquePointer@core@3@A@@YAXXZ 00000001800381dc f    CIL library: CIL module
 0001:000371e8       ??__F?s_id@?$TObjectUniqueID@URVertexArray@SDL_GL@ui@modules@UModSys@@@tl@UModSys@@2USUniquePointer@core@3@A@@YAXXZ 00000001800381e8 f    CIL library: CIL module
 0001:000371f4       ??__F?s_id@?$TObjectUniqueID@URTerminalX@SDL_GL@ui@modules@UModSys@@@tl@UModSys@@2USUniquePointer@core@3@A@@YAXXZ 00000001800381f4 f    CIL library: CIL module
 0001:00037200       ??__F?s_id@?$TObjectUniqueID@URRenderDriver3D@SDL_GL@ui@modules@UModSys@@@tl@UModSys@@2USUniquePointer@core@3@A@@YAXXZ 0000000180038200 f    CIL library: CIL module
 0001:0003720c       ??__F?s_id@?$TObjectUniqueID@URMultiImage2D_SDL_ttf@SDL_GL@ui@modules@UModSys@@@tl@UModSys@@2USUniquePointer@core@3@A@@YAXXZ 000000018003820c f    CIL library: CIL module
 0001:00037218       ??__F?s_id@?$TObjectUniqueID@URTerminal@SDL_GL@ui@modules@UModSys@@@tl@UModSys@@2USUniquePointer@core@3@A@@YAXXZ 0000000180038218 f    CIL library: CIL module
 0001:00037224       ??__F?s_id@?$TObjectUniqueID@URMouseController@SDL_GL@ui@modules@UModSys@@@tl@UModSys@@2USUniquePointer@core@3@A@@YAXXZ 0000000180038224 f    CIL library: CIL module
 0001:00037230       ??__F?s_id@?$TObjectUniqueID@URKeyboardController@SDL_GL@ui@modules@UModSys@@@tl@UModSys@@2USUniquePointer@core@3@A@@YAXXZ 0000000180038230 f    CIL library: CIL module
 0001:0003723c       ??__Fs_dbg@SDL_core@ui@modules@UModSys@@YAXXZ 000000018003823c f    CIL library: CIL module
 0001:00037260       ??__F?s_modreg@RModuleReg@SDL_core@ui@modules@UModSys@@2U12345@A@@YAXXZ 0000000180038260 f    CIL library: CIL module
 0001:00037270       ??__F?s_modreg_chain@RModuleReg@SDL_core@ui@modules@UModSys@@2USModuleRegChain@base@5@A@@YAXXZ 0000000180038270 f    CIL library: CIL module
 0001:0003727c       ??__F?s_uid@RGenerator@SDL_core@ui@modules@UModSys@@2USUniquePointer@core@5@A@@YAXXZ 000000018003827c f    CIL library: CIL module
 0001:00037288       ??__Fh@?1??s_holder@RGenerator@SDL_core@ui@modules@UModSys@@SAAEAU?$TTypeStaticHolder@URGenerator@SDL_core@ui@modules@UModSys@@@tl@5@XZ@YAXXZ 0000000180038288 f    CIL library: CIL module
 0001:000372b0       ??__F?s_id@?$TObjectUniqueID@URGenerator@SDL_core@ui@modules@UModSys@@@tl@UModSys@@2USUniquePointer@core@3@A@@YAXXZ 00000001800382b0 f    CIL library: CIL module
 0001:000372bc       ??__F?s_id@?$TObjectUniqueID@URTerminalX@SDL_core@ui@modules@UModSys@@@tl@UModSys@@2USUniquePointer@core@3@A@@YAXXZ 00000001800382bc f    CIL library: CIL module
 0001:000372c8       ??__F?s_id@?$TObjectUniqueID@URRenderDriver2D@SDL_core@ui@modules@UModSys@@@tl@UModSys@@2USUniquePointer@core@3@A@@YAXXZ 00000001800382c8 f    CIL library: CIL module
 0001:000372d4       ??__F?s_id@?$TObjectUniqueID@URMultiImage2D_SDL_ttf@SDL_core@ui@modules@UModSys@@@tl@UModSys@@2USUniquePointer@core@3@A@@YAXXZ 00000001800382d4 f    CIL library: CIL module
 0001:000372e0       ??__F?s_id@?$TObjectUniqueID@URTerminal@SDL_core@ui@modules@UModSys@@@tl@UModSys@@2USUniquePointer@core@3@A@@YAXXZ 00000001800382e0 f    CIL library: CIL module
 0001:000372ec       ??__F?s_id@?$TObjectUniqueID@URMouseController@SDL_core@ui@modules@UModSys@@@tl@UModSys@@2USUniquePointer@core@3@A@@YAXXZ 00000001800382ec f    CIL library: CIL module
 0001:000372f8       ??__F?s_id@?$TObjectUniqueID@URKeyboardController@SDL_core@ui@modules@UModSys@@@tl@UModSys@@2USUniquePointer@core@3@A@@YAXXZ 00000001800382f8 f    CIL library: CIL module
 0001:00037304       ??__Fs_dbg@frames@ui@modules@UModSys@@YAXXZ 0000000180038304 f    CIL library: CIL module
 0001:00037328       ??__F?s_modreg@RModuleReg@frames@ui@modules@UModSys@@2U12345@A@@YAXXZ 0000000180038328 f    CIL library: CIL module
 0001:00037338       ??__F?s_modreg_chain@RModuleReg@frames@ui@modules@UModSys@@2USModuleRegChain@base@5@A@@YAXXZ 0000000180038338 f    CIL library: CIL module
 0001:00037344       ??__F?s_uid@RGenerator@frames@ui@modules@UModSys@@2USUniquePointer@core@5@A@@YAXXZ 0000000180038344 f    CIL library: CIL module
 0001:00037350       ??__Fh@?1??s_holder@RGenerator@frames@ui@modules@UModSys@@SAAEAU?$TTypeStaticHolder@URGenerator@frames@ui@modules@UModSys@@@tl@5@XZ@YAXXZ 0000000180038350 f    CIL library: CIL module
 0001:00037378       ??__F?s_id@?$TObjectUniqueID@URGenerator@frames@ui@modules@UModSys@@@tl@UModSys@@2USUniquePointer@core@3@A@@YAXXZ 0000000180038378 f    CIL library: CIL module
 0001:00037384       ??__F?s_id@?$TObjectUniqueID@URCollector@frames@ui@modules@UModSys@@@tl@UModSys@@2USUniquePointer@core@3@A@@YAXXZ 0000000180038384 f    CIL library: CIL module
 0001:00037390       ??__F?s_id@?$TObjectUniqueID@URFrame_List@frames@ui@modules@UModSys@@@tl@UModSys@@2USUniquePointer@core@3@A@@YAXXZ 0000000180038390 f    CIL library: CIL module
 0001:0003739c       ??__F?s_id@?$TObjectUniqueID@URFrame_Edit@frames@ui@modules@UModSys@@@tl@UModSys@@2USUniquePointer@core@3@A@@YAXXZ 000000018003839c f    CIL library: CIL module
 0001:000373a8       ??__F?s_id@?$TObjectUniqueID@URFrame_Button@frames@ui@modules@UModSys@@@tl@UModSys@@2USUniquePointer@core@3@A@@YAXXZ 00000001800383a8 f    CIL library: CIL module
 0001:000373b4       ??__F?s_id@?$TObjectUniqueID@URFrame_Text@frames@ui@modules@UModSys@@@tl@UModSys@@2USUniquePointer@core@3@A@@YAXXZ 00000001800383b4 f    CIL library: CIL module
 0001:000373c0       ??__F?s_id@?$TObjectUniqueID@URFrame_Image@frames@ui@modules@UModSys@@@tl@UModSys@@2USUniquePointer@core@3@A@@YAXXZ 00000001800383c0 f    CIL library: CIL module
 0001:000373cc       ??__F?s_id@?$TObjectUniqueID@URFrame_Frame@frames@ui@modules@UModSys@@@tl@UModSys@@2USUniquePointer@core@3@A@@YAXXZ 00000001800383cc f    CIL library: CIL module
 0001:000373d8       ??__F?s_id@?$TObjectUniqueID@URDialog@frames@ui@modules@UModSys@@@tl@UModSys@@2USUniquePointer@core@3@A@@YAXXZ 00000001800383d8 f    CIL library: CIL module
 0001:000373e4       ??__F?s_id@?$TObjectUniqueID@URFrame_Common@frames@ui@modules@UModSys@@@tl@UModSys@@2USUniquePointer@core@3@A@@YAXXZ 00000001800383e4 f    CIL library: CIL module
 0001:000373f0       ??__Fs_dbg@images_std@media@modules@UModSys@@YAXXZ 00000001800383f0 f    CIL library: CIL module
 0001:00037414       ??__F?s_modreg@RModuleReg@images_std@media@modules@UModSys@@2U12345@A@@YAXXZ 0000000180038414 f    CIL library: CIL module
 0001:00037424       ??__F?s_modreg_chain@RModuleReg@images_std@media@modules@UModSys@@2USModuleRegChain@base@5@A@@YAXXZ 0000000180038424 f    CIL library: CIL module
 0001:00037430       ??__F?s_uid@RGenerator@images_std@media@modules@UModSys@@2USUniquePointer@core@5@A@@YAXXZ 0000000180038430 f    CIL library: CIL module
 0001:0003743c       ??__Fh@?1??s_holder@RGenerator@images_std@media@modules@UModSys@@SAAEAU?$TTypeStaticHolder@URGenerator@images_std@media@modules@UModSys@@@tl@5@XZ@YAXXZ 000000018003843c f    CIL library: CIL module
 0001:00037464       ??__F?s_id@?$TObjectUniqueID@URGenerator@images_std@media@modules@UModSys@@@tl@UModSys@@2USUniquePointer@core@3@A@@YAXXZ 0000000180038464 f    CIL library: CIL module
 0001:00037470       ??__F?s_id@?$TObjectUniqueID@URMediaFilter@images_std@media@modules@UModSys@@@tl@UModSys@@2USUniquePointer@core@3@A@@YAXXZ 0000000180038470 f    CIL library: CIL module
 0001:0003747c       ??__Fs_dbg@serialize_json@media@modules@UModSys@@YAXXZ 000000018003847c f    CIL library: CIL module
 0001:000374a0       ??__F?s_modreg@RModuleReg@serialize_json@media@modules@UModSys@@2U12345@A@@YAXXZ 00000001800384a0 f    CIL library: CIL module
 0001:000374b0       ??__F?s_modreg_chain@RModuleReg@serialize_json@media@modules@UModSys@@2USModuleRegChain@base@5@A@@YAXXZ 00000001800384b0 f    CIL library: CIL module
 0001:000374bc       ??__F?s_uid@RGenerator@serialize_json@media@modules@UModSys@@2USUniquePointer@core@5@A@@YAXXZ 00000001800384bc f    CIL library: CIL module
 0001:000374c8       ??__Fh@?1??s_holder@RGenerator@serialize_json@media@modules@UModSys@@SAAEAU?$TTypeStaticHolder@URGenerator@serialize_json@media@modules@UModSys@@@tl@5@XZ@YAXXZ 00000001800384c8 f    CIL library: CIL module
 0001:000374f0       ??__F?s_id@?$TObjectUniqueID@URGenerator@serialize_json@media@modules@UModSys@@@tl@UModSys@@2USUniquePointer@core@3@A@@YAXXZ 00000001800384f0 f    CIL library: CIL module
 0001:000374fc       ??__F?s_id@?$TObjectUniqueID@URSerializeWriter@serialize_json@media@modules@UModSys@@@tl@UModSys@@2USUniquePointer@core@3@A@@YAXXZ 00000001800384fc f    CIL library: CIL module
 0001:00037508       ??__F?s_id@?$TObjectUniqueID@URSerializeReader@serialize_json@media@modules@UModSys@@@tl@UModSys@@2USUniquePointer@core@3@A@@YAXXZ 0000000180038508 f    CIL library: CIL module
 0001:00037514       ??__Fs_dbg@zlib@media@modules@UModSys@@YAXXZ 0000000180038514 f    CIL library: CIL module
 0001:00037538       ??__F?s_modreg@RModuleReg@zlib@media@modules@UModSys@@2U12345@A@@YAXXZ 0000000180038538 f    CIL library: CIL module
 0001:00037548       ??__F?s_modreg_chain@RModuleReg@zlib@media@modules@UModSys@@2USModuleRegChain@base@5@A@@YAXXZ 0000000180038548 f    CIL library: CIL module
 0001:00037554       ??__F?s_uid@RGenerator@zlib@media@modules@UModSys@@2USUniquePointer@core@5@A@@YAXXZ 0000000180038554 f    CIL library: CIL module
 0001:00037560       ??__Fh@?1??s_holder@RGenerator@zlib@media@modules@UModSys@@SAAEAU?$TTypeStaticHolder@URGenerator@zlib@media@modules@UModSys@@@tl@5@XZ@YAXXZ 0000000180038560 f    CIL library: CIL module
 0001:00037588       ??__F?s_id@?$TObjectUniqueID@URGenerator@zlib@media@modules@UModSys@@@tl@UModSys@@2USUniquePointer@core@3@A@@YAXXZ 0000000180038588 f    CIL library: CIL module
 0001:00037594       ??__F?s_id@?$TObjectUniqueID@URBinArchiveFrameClient_ZIP@zlib@media@modules@UModSys@@@tl@UModSys@@2USUniquePointer@core@3@A@@YAXXZ 0000000180038594 f    CIL library: CIL module
 0001:000375a0       ??__FM@UModSys@@YAXXZ      00000001800385a0 f    CIL library: CIL module
 0001:000375a4       ??__F?root@SModuleRegChain@base@UModSys@@2U123@A@@YAXXZ 00000001800385a4 f    CIL library: CIL module
 0001:000375b0       ??__F?s_library@RModuleLibraryReg_Chain@base@UModSys@@2U123@A@@YAXXZ 00000001800385b0 f    CIL library: CIL module
 0001:000375c0       ??__F?root@SUniquePointer@core@UModSys@@2U123@A@@YAXXZ 00000001800385c0 f    CIL library: CIL module

 Exports

  ordinal    name

        1    UModSys_Plugin_Entry2
