 plugin_test1

 Timestamp is 52d7fa1d (Thu Jan 16 18:26:21 2014)

 Preferred load address is 0000000180000000

 Start         Length     Name                   Class
 0001:00000000 0002c820H .text                   CODE
 0001:0002c820 0000005eH .text$00                CODE
 0001:0002c880 00001827H .text$x                 CODE
 0001:0002e0a8 000018f0H .text$yc                CODE
 0001:0002f998 00000804H .text$yd                CODE
 0002:00000000 000003d0H .idata$5                DATA
 0002:000003d0 00000008H .CRT$XCA                DATA
 0002:000003d8 00001f50H .CRT$XCU                DATA
 0002:00002328 00000008H .CRT$XCZ                DATA
 0002:00002330 00000008H .CRT$XIA                DATA
 0002:00002338 00000008H .CRT$XIAA               DATA
 0002:00002340 00000008H .CRT$XIZ                DATA
 0002:00002350 0000fd58H .rdata                  DATA
 0002:000120b0 00002ea4H .rdata$r                DATA
 0002:00014f58 00000008H .rtc$IAA                DATA
 0002:00014f60 00000008H .rtc$IZZ                DATA
 0002:00014f68 00000008H .rtc$TAA                DATA
 0002:00014f70 00000008H .rtc$TZZ                DATA
 0002:00014f78 00002998H .xdata                  DATA
 0002:00017910 00000078H .idata$2                DATA
 0002:00017988 00000014H .idata$3                DATA
 0002:000179a0 000003d0H .idata$4                DATA
 0002:00017d70 000008a2H .idata$6                DATA
 0002:00018620 00000059H .edata                  DATA
 0003:00000000 00001600H .data                   DATA
 0003:00001600 00002150H .bss                    DATA
 0004:00000000 00002238H .pdata                  DATA

  Address         Publics by Value              Rva+Base               Lib:Object

 0000:00000000       ___safe_se_handler_table   0000000000000000     <absolute>
 0000:00000000       ___safe_se_handler_count   0000000000000000     <absolute>
 0000:00000000       __ImageBase                0000000180000000     <linker-defined>
 0001:00000000       ??6SUniquePtrList@core@UModSys@@QEAAAEAU012@PEBUSUniquePointerInfo@12@@Z 0000000180001000 f i plugin_test1.obj
 0001:000000b8       ??3IRoot@core@UModSys@@SAXPEAXAEBUSIMemAlloc@12@@Z 00000001800010b8 f i plugin_test1.obj
 0001:000000e4       ??1IBinObjFilter@libmedia@UModSys@@UEAA@XZ 00000001800010e4 f i plugin_test1.obj
 0001:00000120       ?root_get_interface_info@RTest1_Shell@test1@test@modules@UModSys@@UEBAAEBUSUniquePointerInfo@core@5@XZ 0000000180001120 f i plugin_test1.obj
 0001:00000128       ?root_get_interface_type@RTest1_Shell@test1@test@modules@UModSys@@UEBAPEBUSUniquePointerInfo@core@5@XZ 0000000180001128 f i plugin_test1.obj
 0001:00000130       ?root_get_other_interface@RTest1_Shell@test1@test@modules@UModSys@@UEAAPEAUIRoot@core@5@PEBUSUniquePointerInfo@75@@Z 0000000180001130 f i plugin_test1.obj
 0001:00000130       ?root_get_other_interface@RTest1_Shell@test1@test@modules@UModSys@@UEBAPEBUIRoot@core@5@PEBUSUniquePointerInfo@75@@Z 0000000180001130 f i plugin_test1.obj
 0001:00000160       ?root_is_interface_supported@RTest1_Shell@test1@test@modules@UModSys@@UEBA_NPEBUSUniquePointerInfo@core@5@@Z 0000000180001160 f i plugin_test1.obj
 0001:00000190       ?ref_add@RTest1_Shell@test1@test@modules@UModSys@@UEBAXXZ 0000000180001190 f i plugin_test1.obj
 0001:00000194       ?ref_remove@RTest1_Shell@test1@test@modules@UModSys@@UEBAXXZ 0000000180001194 f i plugin_test1.obj
 0001:000001ac       ?ref_links@RTest1_Shell@test1@test@modules@UModSys@@UEBAHXZ 00000001800011ac f i plugin_test1.obj
 0001:000001b0       ?ref_weak@RTest1_Shell@test1@test@modules@UModSys@@UEBA_NAEAUWeakPointer@IRefObject@core@5@@Z 00000001800011b0 f i plugin_test1.obj
 0001:000001d0       ?suicide@RTest1_Shell@test1@test@modules@UModSys@@UEAAXXZ 00000001800011d0 f i plugin_test1.obj
 0001:0000021c       ??0RTest1_Shell@test1@test@modules@UModSys@@QEAA@PEAUIModObject@base@4@@Z 000000018000121c f i plugin_test1.obj
 0001:00000360       ?connect@RTest1_Shell@test1@test@modules@UModSys@@UEAA_NXZ 0000000180001360 f i plugin_test1.obj
 0001:00000384       ?disconnect@RTest1_Shell@test1@test@modules@UModSys@@UEAA_NXZ 0000000180001384 f i plugin_test1.obj
 0001:000003a8       ?process_tick@RTest1_Shell@test1@test@modules@UModSys@@UEAA_NAEBUSTimeMsec@core@5@@Z 00000001800013a8 f i plugin_test1.obj
 0001:000003e4       ?process_command@RTest1_Shell@test1@test@modules@UModSys@@UEAA_NHQEBU?$TString@U?$TSCoreConst@D@su@tl@UModSys@@U?$TComparerBinaryHash@D@234@@tl@5@@Z 00000001800013e4 f i plugin_test1.obj
 0001:0000040c       ??_GRTest1_Shell@test1@test@modules@UModSys@@UEAAPEAXI@Z 000000018000140c f i plugin_test1.obj
 0001:0000040c       ??_ERTest1_Shell@test1@test@modules@UModSys@@UEAAPEAXI@Z 000000018000140c f i  CIL library: CIL module
 0001:000004d4       ??1IImage@lib2d@UModSys@@UEAA@XZ 00000001800014d4 f i umodsys_lib_lib2d:umodsys.mod.2d.stdlib.obj
 0001:000004d4       ??1ISerializeWriter@libmedia@UModSys@@UEAA@XZ 00000001800014d4 f i umodsys_lib_libmedia:umodsys.mod.media.serialize_json.obj
 0001:000004d4       ??1IRefObject@core@UModSys@@UEAA@XZ 00000001800014d4 f i umodsys_lib_core:umodsys.core.objects.obj
 0001:000004d4       ??1IClient@IBinArchiveFrame@libmedia@UModSys@@UEAA@XZ 00000001800014d4 f i umodsys_lib_libmedia:umodsys.mod.media.zlib.obj
 0001:000004d4       ??1IShell@base@UModSys@@UEAA@XZ 00000001800014d4 f i plugin_test1.obj
 0001:000004d4       ??1IDialog@libui@UModSys@@UEAA@XZ 00000001800014d4 f i umodsys_lib_libui:umodsys.mod.ui.frames.obj
 0001:000004d4       ??1IRenderDriver@lib3d@UModSys@@UEAA@XZ 00000001800014d4 f i umodsys_lib_libui:umodsys.mod.ui.SDL_GL.obj
 0001:000004d4       ??1IImageFactory@lib2d@UModSys@@UEAA@XZ 00000001800014d4 f i umodsys_lib_lib2d:umodsys.mod.2d.stdlib.obj
 0001:000004d4       ??1ITerminal@libui@UModSys@@UEAA@XZ 00000001800014d4 f i umodsys_lib_libui:umodsys.mod.ui.SDL_GL.obj
 0001:000004d4       ??1IMultiImage@lib2d@UModSys@@UEAA@XZ 00000001800014d4 f i umodsys_lib_lib2d:umodsys.mod.2d.stdlib.obj
 0001:000004d4       ??1IKeyboardController@libui@UModSys@@UEAA@XZ 00000001800014d4 f i umodsys_lib_libui:umodsys.mod.ui.SDL_GL.obj
 0001:000004d4       ??1IMouseController@libui@UModSys@@UEAA@XZ 00000001800014d4 f i umodsys_lib_libui:umodsys.mod.ui.SDL_GL.obj
 0001:000004d4       ??1ICollector@libui@UModSys@@UEAA@XZ 00000001800014d4 f i umodsys_lib_libui:umodsys.mod.ui.frames.obj
 0001:000004d4       ??1IFrame@libui@UModSys@@UEAA@XZ 00000001800014d4 f i umodsys_lib_libui:umodsys.mod.ui.frames.obj
 0001:000004d4       ??1IRenderDriver@lib2d@UModSys@@UEAA@XZ 00000001800014d4 f i umodsys_lib_libui:umodsys.mod.ui.SDL_GL.obj
 0001:000004d4       ??1ISerializeReader@libmedia@UModSys@@UEAA@XZ 00000001800014d4 f i umodsys_lib_libmedia:umodsys.mod.media.serialize_json.obj
 0001:000004e0       ??1?$TParametersA@$0BAA@@core@UModSys@@QEAA@XZ 00000001800014e0 f i umodsys_lib_libui:umodsys.mod.ui.SDL_core.obj
 0001:000004e0       ??1?$TParametersA@$0BAL@@core@UModSys@@QEAA@XZ 00000001800014e0 f i umodsys_lib_lib2d:umodsys.mod.2d.stdlib.obj
 0001:000004e0       ??1SParameters@core@UModSys@@QEAA@XZ 00000001800014e0 f i plugin_test1.obj
 0001:000004e0       ??1?$TParametersA@$0EAA@@core@UModSys@@QEAA@XZ 00000001800014e0 f i plugin_test1.obj
 0001:000004fc       ?ui_newframes@RTest1_Shell@test1@test@modules@UModSys@@QEAA?AU?$TRefObject@UICollector@libui@UModSys@@U?$TRefObjectFunc@UICollector@libui@UModSys@@@tl@3@@tl@5@AEBU?$TString@U?$TSCoreConst@D@su@tl@UModSys@@U?$TComparerBinaryHash@D@234@@75@AEBUSParameters@core@5@@Z 00000001800014fc f   plugin_test1.obj
 0001:00000524       ?ui_newterm@RTest1_Shell@test1@test@modules@UModSys@@QEAA?AU?$TRefObject@UITerminal@libui@UModSys@@U?$TRefObjectFunc@UITerminal@libui@UModSys@@@tl@3@@tl@5@AEBU?$TString@U?$TSCoreConst@D@su@tl@UModSys@@U?$TComparerBinaryHash@D@234@@75@AEBUSParameters@core@5@@Z 0000000180001524 f   plugin_test1.obj
 0001:0000054c       ?key_pressed@RTest1_Shell@test1@test@modules@UModSys@@UEAA_NAEBUSKeyboardInputRaw@libui@5@@Z 000000018000154c f   plugin_test1.obj
 0001:000005b4       ?key_text@RTest1_Shell@test1@test@modules@UModSys@@UEAA_NAEBUSKeyboardInputText@libui@5@@Z 00000001800015b4 f   plugin_test1.obj
 0001:00000608       ?mouse_event@RTest1_Shell@test1@test@modules@UModSys@@UEAA_NAEBUSMouseInput@libui@5@@Z 0000000180001608 f   plugin_test1.obj
 0001:000006a4       ?command@RTest1_Shell@test1@test@modules@UModSys@@UEAA_NAEBUSController@libui@5@HAEBUSFrameDataIn@75@@Z 00000001800016a4 f   plugin_test1.obj
 0001:000006f4       ?db_get@RTest1_Shell@test1@test@modules@UModSys@@UEAA_NAEBUSController@libui@5@QEBDAEBUSFrameDataOut@75@@Z 00000001800016f4 f   plugin_test1.obj
 0001:00000758       ?db_get@RTest1_Shell@test1@test@modules@UModSys@@UEAA_NAEBUSController@libui@5@QEBDHAEBUSFrameDataOut@75@@Z 0000000180001758 f   plugin_test1.obj
 0001:000007c4       ?ui_test1@RTest1_Shell@test1@test@modules@UModSys@@QEAAXXZ 00000001800017c4 f   plugin_test1.obj
 0001:00001af8       ??1SFrameCreateParameters@libui@UModSys@@QEAA@XZ 0000000180002af8 f i plugin_test1.obj
 0001:00001b1c       ?get_generated_names@RGenerator@test1@test@modules@UModSys@@UEBAHAEAUSUniquePtrList@core@5@@Z 0000000180002b1c f i plugin_test1.obj
 0001:00001b3c       ?get_generated_types@RGenerator@test1@test@modules@UModSys@@UEBAHAEAUSUniquePtrList@core@5@PEBUSUniquePointerInfo@75@@Z 0000000180002b3c f i plugin_test1.obj
 0001:00001b98       ?generate@RGenerator@test1@test@modules@UModSys@@UEAA_NAEAU?$TRefObject@UIRefObject@core@UModSys@@U?$TRefObjectFunc@UIRefObject@core@UModSys@@@tl@3@@tl@5@PEBUSUniquePointerInfo@core@5@AEBUSParameters@95@@Z 0000000180002b98 f i plugin_test1.obj
 0001:00001c5c       ?root_get_interface_info@RGenerator@test1@test@modules@UModSys@@UEBAAEBUSUniquePointerInfo@core@5@XZ 0000000180002c5c f i plugin_test1.obj
 0001:00001c64       ?root_get_interface_type@RGenerator@test1@test@modules@UModSys@@UEBAPEBUSUniquePointerInfo@core@5@XZ 0000000180002c64 f i plugin_test1.obj
 0001:00001c6c       ?root_get_other_interface@RGenerator@test1@test@modules@UModSys@@UEBAPEBUIRoot@core@5@PEBUSUniquePointerInfo@75@@Z 0000000180002c6c f i plugin_test1.obj
 0001:00001c6c       ?root_get_other_interface@RGenerator@test1@test@modules@UModSys@@UEAAPEAUIRoot@core@5@PEBUSUniquePointerInfo@75@@Z 0000000180002c6c f i plugin_test1.obj
 0001:00001ca4       ?root_is_interface_supported@RGenerator@test1@test@modules@UModSys@@UEBA_NPEBUSUniquePointerInfo@core@5@@Z 0000000180002ca4 f i plugin_test1.obj
 0001:00001cdc       ?get_uid@RGenerator@test1@test@modules@UModSys@@UEBAPEBUSUniquePointerInfo@core@5@XZ 0000000180002cdc f i plugin_test1.obj
 0001:00001ce4       ?do_open@RModuleReg@test1@test@modules@UModSys@@UEAA_NXZ 0000000180002ce4 f i plugin_test1.obj
 0001:00001d70       ?do_close@RModuleReg@test1@test@modules@UModSys@@UEAA_NXZ 0000000180002d70 f i plugin_test1.obj
 0001:00001ddc       ?get_module@RGenerator@test1@test@modules@UModSys@@UEBAPEAUIModule@base@5@XZ 0000000180002ddc f   plugin_test1.obj
 0001:00001de4       ?mod_inc@RGenerator@test1@test@modules@UModSys@@UEBA_NXZ 0000000180002de4 f   plugin_test1.obj
 0001:00001df8       ?mod_dec@RGenerator@test1@test@modules@UModSys@@UEBA_NXZ 0000000180002df8 f   plugin_test1.obj
 0001:00001e0c       ?s_holder@RGenerator@test1@test@modules@UModSys@@SAAEAU?$TTypeStaticHolder@URGenerator@test1@test@modules@UModSys@@@tl@5@XZ 0000000180002e0c f   plugin_test1.obj
 0001:00001e50       ??0?$TString@U?$TSCoreConst@D@su@tl@UModSys@@U?$TComparerBinaryHash@D@234@@tl@UModSys@@QEAA@PEBD@Z 0000000180002e50 f i plugin_test1.obj
 0001:00001ed0       ??4?$TString@U?$TSCoreConst@D@su@tl@UModSys@@U?$TComparerBinaryHash@D@234@@tl@UModSys@@QEAAAEBU012@PEBD@Z 0000000180002ed0 f i plugin_test1.obj
 0001:00001f48       ??1?$TRefObject@UIKeyboardController@libui@UModSys@@U?$TRefObjectFunc@UIKeyboardController@libui@UModSys@@@tl@3@@tl@UModSys@@QEAA@XZ 0000000180002f48 f i plugin_test1.obj
 0001:00001f48       ??1?$TRefObject@URTerminalX@SDL_GL@ui@modules@UModSys@@U?$TRefObjectFunc@URTerminalX@SDL_GL@ui@modules@UModSys@@@tl@5@@tl@UModSys@@QEAA@XZ 0000000180002f48 f i umodsys_lib_libui:umodsys.mod.ui.SDL_GL.obj
 0001:00001f48       ??1?$TRefObject@UIMouseController@libui@UModSys@@U?$TRefObjectFunc@UIMouseController@libui@UModSys@@@tl@3@@tl@UModSys@@QEAA@XZ 0000000180002f48 f i plugin_test1.obj
 0001:00001f48       ??1?$TRefObject@URDialog@frames@ui@modules@UModSys@@U?$TRefObjectFunc@URDialog@frames@ui@modules@UModSys@@@tl@5@@tl@UModSys@@QEAA@XZ 0000000180002f48 f i umodsys_lib_libui:umodsys.mod.ui.frames.obj
 0001:00001f48       ??1?$TRefObject@URSerializeWriter@serialize_json@media@modules@UModSys@@U?$TRefObjectFunc@URSerializeWriter@serialize_json@media@modules@UModSys@@@tl@5@@tl@UModSys@@QEAA@XZ 0000000180002f48 f i umodsys_lib_libmedia:umodsys.mod.media.serialize_json.obj
 0001:00001f48       ??1?$TRefObject@UIStreamWriter@libmedia@UModSys@@U?$TRefObjectFunc@UIStreamWriter@libmedia@UModSys@@@tl@3@@tl@UModSys@@QEAA@XZ 0000000180002f48 f i plugin_test1.obj
 0001:00001f48       ??1?$TRefObject@URRenderDriver2D@SDL_core@ui@modules@UModSys@@U?$TRefObjectFunc@URRenderDriver2D@SDL_core@ui@modules@UModSys@@@tl@5@@tl@UModSys@@QEAA@XZ 0000000180002f48 f i umodsys_lib_libui:umodsys.mod.ui.SDL_core.obj
 0001:00001f48       ??1?$TRefObject@URMediaFilter@images_std@media@modules@UModSys@@U?$TRefObjectFunc@URMediaFilter@images_std@media@modules@UModSys@@@tl@5@@tl@UModSys@@QEAA@XZ 0000000180002f48 f i umodsys_lib_libmedia:umodsys.mod.media.images_std.obj
 0001:00001f48       ??1?$TRefObject@UIUtilities@libmedia@UModSys@@U?$TRefObjectFunc@UIUtilities@libmedia@UModSys@@@tl@3@@tl@UModSys@@QEAA@XZ 0000000180002f48 f i plugin_test1.obj
 0001:00001f48       ??1?$TRefObject@URMultiImage@stdlib@lib2d@modules@UModSys@@U?$TRefObjectFunc@URMultiImage@stdlib@lib2d@modules@UModSys@@@tl@5@@tl@UModSys@@QEAA@XZ 0000000180002f48 f i umodsys_lib_lib2d:umodsys.mod.2d.stdlib.obj
 0001:00001f48       ??1?$TRefObject@URBinArchiveFrameClient_ZIP@zlib@media@modules@UModSys@@U?$TRefObjectFunc@URBinArchiveFrameClient_ZIP@zlib@media@modules@UModSys@@@tl@5@@tl@UModSys@@QEAA@XZ 0000000180002f48 f i umodsys_lib_libmedia:umodsys.mod.media.zlib.obj
 0001:00001f48       ??1?$TRefObject@UIRenderDriver@lib2d@UModSys@@U?$TRefObjectFunc@UIRenderDriver@lib2d@UModSys@@@tl@3@@tl@UModSys@@QEAA@XZ 0000000180002f48 f i plugin_test1.obj
 0001:00001f48       ??1?$TRefObject@UIRefObject@core@UModSys@@U?$TRefObjectFunc@UIRefObject@core@UModSys@@@tl@3@@tl@UModSys@@QEAA@XZ 0000000180002f48 f i plugin_test1.obj
 0001:00001f48       ??1?$TRefObject@URImage_Memory@stdlib@lib2d@modules@UModSys@@U?$TRefObjectFunc@URImage_Memory@stdlib@lib2d@modules@UModSys@@@tl@5@@tl@UModSys@@QEAA@XZ 0000000180002f48 f i umodsys_lib_lib2d:umodsys.mod.2d.stdlib.obj
 0001:00001f48       ??1?$TRefObject@UIStreamReader@libmedia@UModSys@@U?$TRefObjectFunc@UIStreamReader@libmedia@UModSys@@@tl@3@@tl@UModSys@@QEAA@XZ 0000000180002f48 f i plugin_test1.obj
 0001:00001f48       ??1?$TRefObject@URFrame_Common@frames@ui@modules@UModSys@@U?$TRefObjectFunc@URFrame_Common@frames@ui@modules@UModSys@@@tl@5@@tl@UModSys@@QEAA@XZ 0000000180002f48 f i umodsys_lib_libui:umodsys.mod.ui.frames.obj
 0001:00001f48       ??1?$TRefObject@UITerminal@libui@UModSys@@U?$TRefObjectFunc@UITerminal@libui@UModSys@@@tl@3@@tl@UModSys@@QEAA@XZ 0000000180002f48 f i plugin_test1.obj
 0001:00001f48       ??1?$TRefObject@URCollector@frames@ui@modules@UModSys@@U?$TRefObjectFunc@URCollector@frames@ui@modules@UModSys@@@tl@5@@tl@UModSys@@QEAA@XZ 0000000180002f48 f i umodsys_lib_libui:umodsys.mod.ui.frames.obj
 0001:00001f48       ??1?$TRefObject@URTerminalX@SDL_core@ui@modules@UModSys@@U?$TRefObjectFunc@URTerminalX@SDL_core@ui@modules@UModSys@@@tl@5@@tl@UModSys@@QEAA@XZ 0000000180002f48 f i umodsys_lib_libui:umodsys.mod.ui.SDL_core.obj
 0001:00001f48       ??1?$TRefObject@UICollector@libui@UModSys@@U?$TRefObjectFunc@UICollector@libui@UModSys@@@tl@3@@tl@UModSys@@QEAA@XZ 0000000180002f48 f i plugin_test1.obj
 0001:00001f48       ??1?$TRefObject@UIFrame@libui@UModSys@@U?$TRefObjectFunc@UIFrame@libui@UModSys@@@tl@3@@tl@UModSys@@QEAA@XZ 0000000180002f48 f i umodsys_lib_libui:umodsys.mod.ui.frames.obj
 0001:00001f48       ??1?$TRefObject@URMultiImage2D_SDL_ttf@SDL_core@ui@modules@UModSys@@U?$TRefObjectFunc@URMultiImage2D_SDL_ttf@SDL_core@ui@modules@UModSys@@@tl@5@@tl@UModSys@@QEAA@XZ 0000000180002f48 f i umodsys_lib_libui:umodsys.mod.ui.SDL_core.obj
 0001:00001f48       ??1?$TRefObject@UIImageFactory@lib2d@UModSys@@U?$TRefObjectFunc@UIImageFactory@lib2d@UModSys@@@tl@3@@tl@UModSys@@QEAA@XZ 0000000180002f48 f i plugin_test1.obj
 0001:00001f48       ??1?$TRefObject@URSerializeReader@serialize_json@media@modules@UModSys@@U?$TRefObjectFunc@URSerializeReader@serialize_json@media@modules@UModSys@@@tl@5@@tl@UModSys@@QEAA@XZ 0000000180002f48 f i umodsys_lib_libmedia:umodsys.mod.media.serialize_json.obj
 0001:00001f48       ??1?$TRefObject@URImageFactory_Memory@stdlib@lib2d@modules@UModSys@@U?$TRefObjectFunc@URImageFactory_Memory@stdlib@lib2d@modules@UModSys@@@tl@5@@tl@UModSys@@QEAA@XZ 0000000180002f48 f i umodsys_lib_lib2d:umodsys.mod.2d.stdlib.obj
 0001:00001f48       ??1?$TRefObject@UIImage@lib2d@UModSys@@U?$TRefObjectFunc@UIImage@lib2d@UModSys@@@tl@3@@tl@UModSys@@QEAA@XZ 0000000180002f48 f i plugin_test1.obj
 0001:00001f48       ??1?$TRefObject@UIMultiImage@lib2d@UModSys@@U?$TRefObjectFunc@UIMultiImage@lib2d@UModSys@@@tl@3@@tl@UModSys@@QEAA@XZ 0000000180002f48 f i plugin_test1.obj
 0001:00001f6c       ?info_release@?$TSCoreShared@USIMemAlloc@core@UModSys@@D@su@tl@UModSys@@QEAAXXZ 0000000180002f6c f i plugin_test1.obj
 0001:00002040       ?info_new@?$TSCoreShared@USIMemAlloc@core@UModSys@@D@su@tl@UModSys@@QEAA_NPEBD_K@Z 0000000180003040 f i plugin_test1.obj
 0001:00002114       ??$generate_type@UICollector@libui@UModSys@@@RTest1_Shell@test1@test@modules@UModSys@@QEAA?AU?$TRefObject@UICollector@libui@UModSys@@U?$TRefObjectFunc@UICollector@libui@UModSys@@@tl@3@@tl@4@AEBU?$TString@U?$TSCoreConst@D@su@tl@UModSys@@U?$TComparerBinaryHash@D@234@@64@AEBUSParameters@core@4@PEBD@Z 0000000180003114 f i plugin_test1.obj
 0001:00002318       ??$generate_type@UITerminal@libui@UModSys@@@RTest1_Shell@test1@test@modules@UModSys@@QEAA?AU?$TRefObject@UITerminal@libui@UModSys@@U?$TRefObjectFunc@UITerminal@libui@UModSys@@@tl@3@@tl@4@AEBU?$TString@U?$TSCoreConst@D@su@tl@UModSys@@U?$TComparerBinaryHash@D@234@@64@AEBUSParameters@core@4@PEBD@Z 0000000180003318 f i plugin_test1.obj
 0001:0000251c       ??1?$TRefObject@UIModObject@base@UModSys@@U?$TModObjectFunc@UIModObject@base@UModSys@@@tl@3@@tl@UModSys@@QEAA@XZ 000000018000351c f i plugin_test1.obj
 0001:00002548       ?alloc@SMemShared@core@UModSys@@QEAA_N_KPEAUSSourceContext@23@@Z 0000000180003548 f i umodsys_lib_lib2d:umodsys.mod.2d.stdlib.obj
 0001:000025cc       ?Convert@stdlib@lib2d@modules@UModSys@@YA_NAEBU?$TBoundBox2@H@math3d@4@AEBUSImageInfo@24@AEBUSMem@core@4@01AEBUSCMem@94@@Z 00000001800035cc f i umodsys_lib_lib2d:umodsys.mod.2d.stdlib.obj
 0001:00002720       ?root_get_interface_info@RImage_Memory@stdlib@lib2d@modules@UModSys@@UEBAAEBUSUniquePointerInfo@core@5@XZ 0000000180003720 f i umodsys_lib_lib2d:umodsys.mod.2d.stdlib.obj
 0001:00002728       ?root_get_interface_type@RImage_Memory@stdlib@lib2d@modules@UModSys@@UEBAPEBUSUniquePointerInfo@core@5@XZ 0000000180003728 f i umodsys_lib_lib2d:umodsys.mod.2d.stdlib.obj
 0001:00002730       ?root_get_other_interface@RImage_Memory@stdlib@lib2d@modules@UModSys@@UEAAPEAUIRoot@core@5@PEBUSUniquePointerInfo@75@@Z 0000000180003730 f i umodsys_lib_lib2d:umodsys.mod.2d.stdlib.obj
 0001:00002730       ?root_get_other_interface@RImage_Memory@stdlib@lib2d@modules@UModSys@@UEBAPEBUIRoot@core@5@PEBUSUniquePointerInfo@75@@Z 0000000180003730 f i umodsys_lib_lib2d:umodsys.mod.2d.stdlib.obj
 0001:00002760       ?root_is_interface_supported@RImage_Memory@stdlib@lib2d@modules@UModSys@@UEBA_NPEBUSUniquePointerInfo@core@5@@Z 0000000180003760 f i umodsys_lib_lib2d:umodsys.mod.2d.stdlib.obj
 0001:00002790       ?ref_weak@RGenerator@frames@ui@modules@UModSys@@UEBA_NAEAUWeakPointer@IRefObject@core@5@@Z 0000000180003790 f i umodsys_lib_libui:umodsys.mod.ui.frames.obj
 0001:00002790       ?ref_weak@RGenerator@stdlib@lib2d@modules@UModSys@@UEBA_NAEAUWeakPointer@IRefObject@core@5@@Z 0000000180003790 f i umodsys_lib_lib2d:umodsys.mod.2d.stdlib.obj
 0001:00002790       ?ref_weak@RTerminal@SDL_core@ui@modules@UModSys@@UEBA_NAEAUWeakPointer@IRefObject@core@5@@Z 0000000180003790 f i umodsys_lib_libui:umodsys.mod.ui.SDL_core.obj
 0001:00002790       ?ref_weak@RSerializeReader@serialize_json@media@modules@UModSys@@UEBA_NAEAUWeakPointer@IRefObject@core@5@@Z 0000000180003790 f i umodsys_lib_libmedia:umodsys.mod.media.serialize_json.obj
 0001:00002790       ?ref_weak@RGenerator@zlib@media@modules@UModSys@@UEBA_NAEAUWeakPointer@IRefObject@core@5@@Z 0000000180003790 f i umodsys_lib_libmedia:umodsys.mod.media.zlib.obj
 0001:00002790       ?ref_weak@RGenerator@test1@test@modules@UModSys@@UEBA_NAEAUWeakPointer@IRefObject@core@5@@Z 0000000180003790 f i plugin_test1.obj
 0001:00002790       ?ref_weak@RGenerator@serialize_json@media@modules@UModSys@@UEBA_NAEAUWeakPointer@IRefObject@core@5@@Z 0000000180003790 f i umodsys_lib_libmedia:umodsys.mod.media.serialize_json.obj
 0001:00002790       ?ref_weak@RGenerator@SDL_GL@ui@modules@UModSys@@UEBA_NAEAUWeakPointer@IRefObject@core@5@@Z 0000000180003790 f i umodsys_lib_libui:umodsys.mod.ui.SDL_GL.obj
 0001:00002790       ?ref_weak@RDialog@frames@ui@modules@UModSys@@UEBA_NAEAUWeakPointer@IRefObject@core@5@@Z 0000000180003790 f i umodsys_lib_libui:umodsys.mod.ui.frames.obj
 0001:00002790       ?ref_weak@RBinArchiveFrameClient_ZIP@zlib@media@modules@UModSys@@UEBA_NAEAUWeakPointer@IRefObject@core@5@@Z 0000000180003790 f i umodsys_lib_libmedia:umodsys.mod.media.zlib.obj
 0001:00002790       ?ref_weak@RMultiImage@stdlib@lib2d@modules@UModSys@@UEBA_NAEAUWeakPointer@IRefObject@core@5@@Z 0000000180003790 f i umodsys_lib_lib2d:umodsys.mod.2d.stdlib.obj
 0001:00002790       ?ref_weak@RImage_Memory@stdlib@lib2d@modules@UModSys@@UEBA_NAEAUWeakPointer@IRefObject@core@5@@Z 0000000180003790 f i umodsys_lib_lib2d:umodsys.mod.2d.stdlib.obj
 0001:00002790       ?ref_weak@RImageFactory_Memory@stdlib@lib2d@modules@UModSys@@UEBA_NAEAUWeakPointer@IRefObject@core@5@@Z 0000000180003790 f i umodsys_lib_lib2d:umodsys.mod.2d.stdlib.obj
 0001:00002790       ?ref_weak@RTerminal@SDL_GL@ui@modules@UModSys@@UEBA_NAEAUWeakPointer@IRefObject@core@5@@Z 0000000180003790 f i umodsys_lib_libui:umodsys.mod.ui.SDL_GL.obj
 0001:00002790       ?ref_weak@RGenerator@images_std@media@modules@UModSys@@UEBA_NAEAUWeakPointer@IRefObject@core@5@@Z 0000000180003790 f i umodsys_lib_libmedia:umodsys.mod.media.images_std.obj
 0001:00002790       ?ref_weak@RGenerator@SDL_core@ui@modules@UModSys@@UEBA_NAEAUWeakPointer@IRefObject@core@5@@Z 0000000180003790 f i umodsys_lib_libui:umodsys.mod.ui.SDL_core.obj
 0001:00002790       ?ref_weak@RMultiImage2D_SDL_ttf@SDL_core@ui@modules@UModSys@@UEBA_NAEAUWeakPointer@IRefObject@core@5@@Z 0000000180003790 f i umodsys_lib_libui:umodsys.mod.ui.SDL_core.obj
 0001:000027b0       ?root_get_interface_info@RImageFactory_Memory@stdlib@lib2d@modules@UModSys@@UEBAAEBUSUniquePointerInfo@core@5@XZ 00000001800037b0 f i umodsys_lib_lib2d:umodsys.mod.2d.stdlib.obj
 0001:000027b8       ?root_get_interface_type@RImageFactory_Memory@stdlib@lib2d@modules@UModSys@@UEBAPEBUSUniquePointerInfo@core@5@XZ 00000001800037b8 f i umodsys_lib_lib2d:umodsys.mod.2d.stdlib.obj
 0001:000027c0       ?root_get_other_interface@RImageFactory_Memory@stdlib@lib2d@modules@UModSys@@UEAAPEAUIRoot@core@5@PEBUSUniquePointerInfo@75@@Z 00000001800037c0 f i umodsys_lib_lib2d:umodsys.mod.2d.stdlib.obj
 0001:000027c0       ?root_get_other_interface@RImageFactory_Memory@stdlib@lib2d@modules@UModSys@@UEBAPEBUIRoot@core@5@PEBUSUniquePointerInfo@75@@Z 00000001800037c0 f i umodsys_lib_lib2d:umodsys.mod.2d.stdlib.obj
 0001:000027f0       ?root_is_interface_supported@RImageFactory_Memory@stdlib@lib2d@modules@UModSys@@UEBA_NPEBUSUniquePointerInfo@core@5@@Z 00000001800037f0 f i umodsys_lib_lib2d:umodsys.mod.2d.stdlib.obj
 0001:00002820       ?root_get_interface_info@RMultiImage@stdlib@lib2d@modules@UModSys@@UEBAAEBUSUniquePointerInfo@core@5@XZ 0000000180003820 f i umodsys_lib_lib2d:umodsys.mod.2d.stdlib.obj
 0001:00002828       ?root_get_interface_type@RMultiImage@stdlib@lib2d@modules@UModSys@@UEBAPEBUSUniquePointerInfo@core@5@XZ 0000000180003828 f i umodsys_lib_lib2d:umodsys.mod.2d.stdlib.obj
 0001:00002830       ?root_get_other_interface@RMultiImage@stdlib@lib2d@modules@UModSys@@UEAAPEAUIRoot@core@5@PEBUSUniquePointerInfo@75@@Z 0000000180003830 f i umodsys_lib_lib2d:umodsys.mod.2d.stdlib.obj
 0001:00002830       ?root_get_other_interface@RMultiImage@stdlib@lib2d@modules@UModSys@@UEBAPEBUIRoot@core@5@PEBUSUniquePointerInfo@75@@Z 0000000180003830 f i umodsys_lib_lib2d:umodsys.mod.2d.stdlib.obj
 0001:00002860       ?root_is_interface_supported@RMultiImage@stdlib@lib2d@modules@UModSys@@UEBA_NPEBUSUniquePointerInfo@core@5@@Z 0000000180003860 f i umodsys_lib_lib2d:umodsys.mod.2d.stdlib.obj
 0001:00002890       ?ref_add@RMultiImage2D_SDL_ttf@SDL_core@ui@modules@UModSys@@UEBAXXZ 0000000180003890 f i umodsys_lib_libui:umodsys.mod.ui.SDL_core.obj
 0001:00002890       ?ref_add@RGenerator@zlib@media@modules@UModSys@@UEBAXXZ 0000000180003890 f i umodsys_lib_libmedia:umodsys.mod.media.zlib.obj
 0001:00002890       ?ref_add@RGenerator@test1@test@modules@UModSys@@UEBAXXZ 0000000180003890 f i plugin_test1.obj
 0001:00002890       ?ref_add@RGenerator@SDL_core@ui@modules@UModSys@@UEBAXXZ 0000000180003890 f i umodsys_lib_libui:umodsys.mod.ui.SDL_core.obj
 0001:00002890       ?ref_add@RGenerator@serialize_json@media@modules@UModSys@@UEBAXXZ 0000000180003890 f i umodsys_lib_libmedia:umodsys.mod.media.serialize_json.obj
 0001:00002890       ?ref_add@RDialog@frames@ui@modules@UModSys@@UEBAXXZ 0000000180003890 f i umodsys_lib_libui:umodsys.mod.ui.frames.obj
 0001:00002890       ?ref_add@RTerminal@SDL_GL@ui@modules@UModSys@@UEBAXXZ 0000000180003890 f i umodsys_lib_libui:umodsys.mod.ui.SDL_GL.obj
 0001:00002890       ?ref_add@RImage_Memory@stdlib@lib2d@modules@UModSys@@UEBAXXZ 0000000180003890 f i umodsys_lib_lib2d:umodsys.mod.2d.stdlib.obj
 0001:00002890       ?ref_add@RMultiImage@stdlib@lib2d@modules@UModSys@@UEBAXXZ 0000000180003890 f i umodsys_lib_lib2d:umodsys.mod.2d.stdlib.obj
 0001:00002890       ?ref_add@RGenerator@SDL_GL@ui@modules@UModSys@@UEBAXXZ 0000000180003890 f i umodsys_lib_libui:umodsys.mod.ui.SDL_GL.obj
 0001:00002890       ?ref_add@RGenerator@images_std@media@modules@UModSys@@UEBAXXZ 0000000180003890 f i umodsys_lib_libmedia:umodsys.mod.media.images_std.obj
 0001:00002890       ?ref_add@RImageFactory_Memory@stdlib@lib2d@modules@UModSys@@UEBAXXZ 0000000180003890 f i umodsys_lib_lib2d:umodsys.mod.2d.stdlib.obj
 0001:00002890       ?ref_add@RBinArchiveFrameClient_ZIP@zlib@media@modules@UModSys@@UEBAXXZ 0000000180003890 f i umodsys_lib_libmedia:umodsys.mod.media.zlib.obj
 0001:00002890       ?ref_add@RSerializeReader@serialize_json@media@modules@UModSys@@UEBAXXZ 0000000180003890 f i umodsys_lib_libmedia:umodsys.mod.media.serialize_json.obj
 0001:00002890       ?ref_add@RGenerator@frames@ui@modules@UModSys@@UEBAXXZ 0000000180003890 f i umodsys_lib_libui:umodsys.mod.ui.frames.obj
 0001:00002890       ?ref_add@RTerminal@SDL_core@ui@modules@UModSys@@UEBAXXZ 0000000180003890 f i umodsys_lib_libui:umodsys.mod.ui.SDL_core.obj
 0001:00002890       ?ref_add@RGenerator@stdlib@lib2d@modules@UModSys@@UEBAXXZ 0000000180003890 f i umodsys_lib_lib2d:umodsys.mod.2d.stdlib.obj
 0001:00002894       ?get_generated_names@RGenerator@stdlib@lib2d@modules@UModSys@@UEBAHAEAUSUniquePtrList@core@5@@Z 0000000180003894 f i umodsys_lib_lib2d:umodsys.mod.2d.stdlib.obj
 0001:000028d8       ?get_generated_types@RGenerator@stdlib@lib2d@modules@UModSys@@UEBAHAEAUSUniquePtrList@core@5@PEBUSUniquePointerInfo@75@@Z 00000001800038d8 f i umodsys_lib_lib2d:umodsys.mod.2d.stdlib.obj
 0001:0000296c       ?generate@RGenerator@stdlib@lib2d@modules@UModSys@@UEAA_NAEAU?$TRefObject@UIRefObject@core@UModSys@@U?$TRefObjectFunc@UIRefObject@core@UModSys@@@tl@3@@tl@5@PEBUSUniquePointerInfo@core@5@AEBUSParameters@95@@Z 000000018000396c f i umodsys_lib_lib2d:umodsys.mod.2d.stdlib.obj
 0001:00002a9c       ?root_get_interface_info@RGenerator@stdlib@lib2d@modules@UModSys@@UEBAAEBUSUniquePointerInfo@core@5@XZ 0000000180003a9c f i umodsys_lib_lib2d:umodsys.mod.2d.stdlib.obj
 0001:00002aa4       ?root_get_interface_type@RGenerator@stdlib@lib2d@modules@UModSys@@UEBAPEBUSUniquePointerInfo@core@5@XZ 0000000180003aa4 f i umodsys_lib_lib2d:umodsys.mod.2d.stdlib.obj
 0001:00002aac       ?root_get_other_interface@RGenerator@stdlib@lib2d@modules@UModSys@@UEBAPEBUIRoot@core@5@PEBUSUniquePointerInfo@75@@Z 0000000180003aac f i umodsys_lib_lib2d:umodsys.mod.2d.stdlib.obj
 0001:00002aac       ?root_get_other_interface@RGenerator@stdlib@lib2d@modules@UModSys@@UEAAPEAUIRoot@core@5@PEBUSUniquePointerInfo@75@@Z 0000000180003aac f i umodsys_lib_lib2d:umodsys.mod.2d.stdlib.obj
 0001:00002ae4       ?root_is_interface_supported@RGenerator@stdlib@lib2d@modules@UModSys@@UEBA_NPEBUSUniquePointerInfo@core@5@@Z 0000000180003ae4 f i umodsys_lib_lib2d:umodsys.mod.2d.stdlib.obj
 0001:00002b1c       ?get_uid@RGenerator@stdlib@lib2d@modules@UModSys@@UEBAPEBUSUniquePointerInfo@core@5@XZ 0000000180003b1c f i umodsys_lib_lib2d:umodsys.mod.2d.stdlib.obj
 0001:00002b24       ?set_info@RImage_Memory@stdlib@lib2d@modules@UModSys@@UEAA_NAEBUSImagePatchInfo@35@PEBD@Z 0000000180003b24 f   umodsys_lib_lib2d:umodsys.mod.2d.stdlib.obj
 0001:00002d84       ??1SMemShared@core@UModSys@@QEAA@XZ 0000000180003d84 f i plugin_test1.obj
 0001:00002d84       ??1SCMemShared@core@UModSys@@QEAA@XZ 0000000180003d84 f i plugin_test1.obj
 0001:00002d84       ??1State@RImage_Memory@stdlib@lib2d@modules@UModSys@@QEAA@XZ 0000000180003d84 f i umodsys_lib_lib2d:umodsys.mod.2d.stdlib.obj
 0001:00002db4       ?set_data@RImage_Memory@stdlib@lib2d@modules@UModSys@@UEAA_NAEBUSImagePatchInfo@35@AEBUSCMem@core@5@H@Z 0000000180003db4 f   umodsys_lib_lib2d:umodsys.mod.2d.stdlib.obj
 0001:00002e68       ?get_info@RImage_Memory@stdlib@lib2d@modules@UModSys@@UEBAAEBUSImageInfo@35@XZ 0000000180003e68 f   umodsys_lib_lib2d:umodsys.mod.2d.stdlib.obj
 0001:00002e70       ?get_data@RImage_Memory@stdlib@lib2d@modules@UModSys@@UEBA_NAEBUSImagePatchInfo@35@AEBUSMem@core@5@H@Z 0000000180003e70 f   umodsys_lib_lib2d:umodsys.mod.2d.stdlib.obj
 0001:00002f40       ??0RImage_Memory@stdlib@lib2d@modules@UModSys@@QEAA@PEAUIModObject@base@4@AEBUSParameters@core@4@@Z 0000000180003f40 f   umodsys_lib_lib2d:umodsys.mod.2d.stdlib.obj
 0001:00002fe8       ??_ERImage_Memory@stdlib@lib2d@modules@UModSys@@UEAAPEAXI@Z 0000000180003fe8 f i  CIL library: CIL module
 0001:00002fe8       ??_GRImage_Memory@stdlib@lib2d@modules@UModSys@@UEAAPEAXI@Z 0000000180003fe8 f i umodsys_lib_lib2d:umodsys.mod.2d.stdlib.obj
 0001:00003058       ?image_new@RImageFactory_Memory@stdlib@lib2d@modules@UModSys@@UEAA?AU?$TRefObject@UIImage@lib2d@UModSys@@U?$TRefObjectFunc@UIImage@lib2d@UModSys@@@tl@3@@tl@5@XZ 0000000180004058 f   umodsys_lib_lib2d:umodsys.mod.2d.stdlib.obj
 0001:000031dc       ?image_new@RImageFactory_Memory@stdlib@lib2d@modules@UModSys@@UEAA?AU?$TRefObject@UIImage@lib2d@UModSys@@U?$TRefObjectFunc@UIImage@lib2d@UModSys@@@tl@3@@tl@5@AEBUSImagePatchInfo@35@PEBD@Z 00000001800041dc f   umodsys_lib_lib2d:umodsys.mod.2d.stdlib.obj
 0001:000033b0       ?get_max_layer_size@RMultiImage@stdlib@lib2d@modules@UModSys@@UEBA?AU?$TVector2@H@math3d@5@XZ 00000001800043b0 f   umodsys_lib_lib2d:umodsys.mod.2d.stdlib.obj
 0001:000033b0       ?get_max_cell_size@RMultiImage@stdlib@lib2d@modules@UModSys@@UEBA?AU?$TVector2@H@math3d@5@XZ 00000001800043b0 f   umodsys_lib_lib2d:umodsys.mod.2d.stdlib.obj
 0001:000033dc       ?get_fixed_cell_size@RMultiImage@stdlib@lib2d@modules@UModSys@@UEBA?AU?$TVector2@H@math3d@5@XZ 00000001800043dc f   umodsys_lib_lib2d:umodsys.mod.2d.stdlib.obj
 0001:000033fc       ?get_layer_count@RMultiImage@stdlib@lib2d@modules@UModSys@@UEBAGXZ 00000001800043fc f   umodsys_lib_lib2d:umodsys.mod.2d.stdlib.obj
 0001:00003410       ?get_layer@RMultiImage@stdlib@lib2d@modules@UModSys@@UEBAPEAUIImage@35@G@Z 0000000180004410 f   umodsys_lib_lib2d:umodsys.mod.2d.stdlib.obj
 0001:00003434       ?get_cell_count@RMultiImage@stdlib@lib2d@modules@UModSys@@UEBAIXZ 0000000180004434 f   umodsys_lib_lib2d:umodsys.mod.2d.stdlib.obj
 0001:00003448       ?get_cell@RMultiImage@stdlib@lib2d@modules@UModSys@@UEBA_NIAEAU?$TVector2@H@math3d@5@PEAU675@PEAG@Z 0000000180004448 f   umodsys_lib_lib2d:umodsys.mod.2d.stdlib.obj
 0001:000034a0       ?get_cell@RMultiImage@stdlib@lib2d@modules@UModSys@@UEBA_NIAEAUSImageCellInfo@35@@Z 00000001800044a0 f   umodsys_lib_lib2d:umodsys.mod.2d.stdlib.obj
 0001:000034d8       ?set_layer_count@RMultiImage@stdlib@lib2d@modules@UModSys@@UEAA_NG@Z 00000001800044d8 f   umodsys_lib_lib2d:umodsys.mod.2d.stdlib.obj
 0001:000035e0       ?setup_fixed_cell@RMultiImage@stdlib@lib2d@modules@UModSys@@UEAA_NHH@Z 00000001800045e0 f   umodsys_lib_lib2d:umodsys.mod.2d.stdlib.obj
 0001:000035fc       ?setup_variable_cell@RMultiImage@stdlib@lib2d@modules@UModSys@@UEAA_NPEBUSImageCellInfo@35@KK@Z 00000001800045fc f   umodsys_lib_lib2d:umodsys.mod.2d.stdlib.obj
 0001:000036a4       ??0RMultiImage@stdlib@lib2d@modules@UModSys@@QEAA@PEAUIModObject@base@4@AEBUSParameters@core@4@@Z 00000001800046a4 f   umodsys_lib_lib2d:umodsys.mod.2d.stdlib.obj
 0001:000037c0       ??_ERMultiImage@stdlib@lib2d@modules@UModSys@@UEAAPEAXI@Z 00000001800047c0 f i  CIL library: CIL module
 0001:000037c0       ??_GRMultiImage@stdlib@lib2d@modules@UModSys@@UEAAPEAXI@Z 00000001800047c0 f i umodsys_lib_lib2d:umodsys.mod.2d.stdlib.obj
 0001:00003898       ?do_open@RModuleReg@stdlib@lib2d@modules@UModSys@@UEAA_NXZ 0000000180004898 f i umodsys_lib_lib2d:umodsys.mod.2d.stdlib.obj
 0001:0000390c       ?do_close@RModuleReg@stdlib@lib2d@modules@UModSys@@UEAA_NXZ 000000018000490c f i umodsys_lib_lib2d:umodsys.mod.2d.stdlib.obj
 0001:0000395c       ?get_module@RGenerator@stdlib@lib2d@modules@UModSys@@UEBAPEAUIModule@base@5@XZ 000000018000495c f   umodsys_lib_lib2d:umodsys.mod.2d.stdlib.obj
 0001:00003964       ?mod_inc@RGenerator@stdlib@lib2d@modules@UModSys@@UEBA_NXZ 0000000180004964 f   umodsys_lib_lib2d:umodsys.mod.2d.stdlib.obj
 0001:00003978       ?mod_dec@RGenerator@stdlib@lib2d@modules@UModSys@@UEBA_NXZ 0000000180004978 f   umodsys_lib_lib2d:umodsys.mod.2d.stdlib.obj
 0001:0000398c       ?s_holder@RGenerator@stdlib@lib2d@modules@UModSys@@SAAEAU?$TTypeStaticHolder@URGenerator@stdlib@lib2d@modules@UModSys@@@tl@5@XZ 000000018000498c f   umodsys_lib_lib2d:umodsys.mod.2d.stdlib.obj
 0001:000039d0       ??1?$TDynarrayDynamic@USImageCellInfo@lib2d@UModSys@@U?$TAllocator@USIMemAlloc@core@UModSys@@USCountCalcPower2@23@@tl@3@@tl@UModSys@@QEAA@XZ 00000001800049d0 f i umodsys_lib_lib2d:umodsys.mod.2d.stdlib.obj
 0001:000039d8       ?Resize@?$TDynarray@U?$TDynarrayHolderDynamic@USImageCellInfo@lib2d@UModSys@@U?$TAllocator@USIMemAlloc@core@UModSys@@USCountCalcPower2@23@@tl@3@@tl@UModSys@@@tl@UModSys@@QEAA_N_K@Z 00000001800049d8 f i umodsys_lib_lib2d:umodsys.mod.2d.stdlib.obj
 0001:00003a78       ??1?$TDynarrayDynamic@U?$TRefObject@UIImage@lib2d@UModSys@@U?$TRefObjectFunc@UIImage@lib2d@UModSys@@@tl@3@@tl@UModSys@@U?$TAllocator@USIMemAlloc@core@UModSys@@USCountCalcPower2@23@@23@@tl@UModSys@@QEAA@XZ 0000000180004a78 f i umodsys_lib_lib2d:umodsys.mod.2d.stdlib.obj
 0001:00003ad8       ?Resize@?$TDynarray@U?$TDynarrayHolderDynamic@U?$TRefObject@UIImage@lib2d@UModSys@@U?$TRefObjectFunc@UIImage@lib2d@UModSys@@@tl@3@@tl@UModSys@@U?$TAllocator@USIMemAlloc@core@UModSys@@USCountCalcPower2@23@@23@@tl@UModSys@@@tl@UModSys@@QEAA_N_K@Z 0000000180004ad8 f i umodsys_lib_lib2d:umodsys.mod.2d.stdlib.obj
 0001:00003bd4       ??1?$TDynarray@U?$TDynarrayHolderDynamic@USImageCellInfo@lib2d@UModSys@@U?$TAllocator@USIMemAlloc@core@UModSys@@USCountCalcPower2@23@@tl@3@@tl@UModSys@@@tl@UModSys@@QEAA@XZ 0000000180004bd4 f i umodsys_lib_lib2d:umodsys.mod.2d.stdlib.obj
 0001:00003ca0       ??$t_gen_param@URImageFactory_Memory@stdlib@lib2d@modules@UModSys@@URGenerator@2345@@IGenerator@base@UModSys@@IEAA_NPEAURGenerator@stdlib@lib2d@modules@2@AEAU?$TRefObject@UIRefObject@core@UModSys@@U?$TRefObjectFunc@UIRefObject@core@UModSys@@@tl@3@@tl@2@PEBUSUniquePointerInfo@core@2@AEBUSParameters@core@2@@Z 0000000180004ca0 f i umodsys_lib_lib2d:umodsys.mod.2d.stdlib.obj
 0001:00003db0       ??$t_gen_param@URMultiImage@stdlib@lib2d@modules@UModSys@@URGenerator@2345@@IGenerator@base@UModSys@@IEAA_NPEAURGenerator@stdlib@lib2d@modules@2@AEAU?$TRefObject@UIRefObject@core@UModSys@@U?$TRefObjectFunc@UIRefObject@core@UModSys@@@tl@3@@tl@2@PEBUSUniquePointerInfo@core@2@AEBUSParameters@core@2@@Z 0000000180004db0 f i umodsys_lib_lib2d:umodsys.mod.2d.stdlib.obj
 0001:00003ea8       ??$ValidateConstruction@UIImage@lib2d@UModSys@@URImage_Memory@stdlib@2modules@3@@core@UModSys@@YA_NAEAU?$TRefObject@UIImage@lib2d@UModSys@@U?$TRefObjectFunc@UIImage@lib2d@UModSys@@@tl@3@@tl@1@PEAURImage_Memory@stdlib@lib2d@modules@1@@Z 0000000180004ea8 f i umodsys_lib_lib2d:umodsys.mod.2d.stdlib.obj
 0001:00003f00       ?root_get_interface_info@RKeyboardController@SDL_GL@ui@modules@UModSys@@UEBAAEBUSUniquePointerInfo@core@5@XZ 0000000180004f00 f i umodsys_lib_libui:umodsys.mod.ui.SDL_GL.obj
 0001:00003f08       ?root_get_interface_type@RKeyboardController@SDL_GL@ui@modules@UModSys@@UEBAPEBUSUniquePointerInfo@core@5@XZ 0000000180004f08 f i umodsys_lib_libui:umodsys.mod.ui.SDL_GL.obj
 0001:00003f10       ?root_get_other_interface@RKeyboardController@SDL_GL@ui@modules@UModSys@@UEAAPEAUIRoot@core@5@PEBUSUniquePointerInfo@75@@Z 0000000180004f10 f i umodsys_lib_libui:umodsys.mod.ui.SDL_GL.obj
 0001:00003f10       ?root_get_other_interface@RKeyboardController@SDL_GL@ui@modules@UModSys@@UEBAPEBUIRoot@core@5@PEBUSUniquePointerInfo@75@@Z 0000000180004f10 f i umodsys_lib_libui:umodsys.mod.ui.SDL_GL.obj
 0001:00003f40       ?root_is_interface_supported@RKeyboardController@SDL_GL@ui@modules@UModSys@@UEBA_NPEBUSUniquePointerInfo@core@5@@Z 0000000180004f40 f i umodsys_lib_libui:umodsys.mod.ui.SDL_GL.obj
 0001:00003f70       ?ref_weak@RRenderDriver3D@SDL_GL@ui@modules@UModSys@@UEBA_NAEAUWeakPointer@IRefObject@core@5@@Z 0000000180004f70 f i umodsys_lib_libui:umodsys.mod.ui.SDL_GL.obj
 0001:00003f70       ?ref_weak@RMouseController@SDL_GL@ui@modules@UModSys@@UEBA_NAEAUWeakPointer@IRefObject@core@5@@Z 0000000180004f70 f i umodsys_lib_libui:umodsys.mod.ui.SDL_GL.obj
 0001:00003f70       ?ref_weak@RKeyboardController@SDL_core@ui@modules@UModSys@@UEBA_NAEAUWeakPointer@IRefObject@core@5@@Z 0000000180004f70 f i umodsys_lib_libui:umodsys.mod.ui.SDL_core.obj
 0001:00003f70       ?ref_weak@RMouseController@SDL_core@ui@modules@UModSys@@UEBA_NAEAUWeakPointer@IRefObject@core@5@@Z 0000000180004f70 f i umodsys_lib_libui:umodsys.mod.ui.SDL_core.obj
 0001:00003f70       ?ref_weak@RKeyboardController@SDL_GL@ui@modules@UModSys@@UEBA_NAEAUWeakPointer@IRefObject@core@5@@Z 0000000180004f70 f i umodsys_lib_libui:umodsys.mod.ui.SDL_GL.obj
 0001:00003f70       ?ref_weak@RRenderDriver2D@SDL_core@ui@modules@UModSys@@UEBA_NAEAUWeakPointer@IRefObject@core@5@@Z 0000000180004f70 f i umodsys_lib_libui:umodsys.mod.ui.SDL_core.obj
 0001:00003f90       ?root_get_interface_info@RMouseController@SDL_GL@ui@modules@UModSys@@UEBAAEBUSUniquePointerInfo@core@5@XZ 0000000180004f90 f i umodsys_lib_libui:umodsys.mod.ui.SDL_GL.obj
 0001:00003f98       ?root_get_interface_type@RMouseController@SDL_GL@ui@modules@UModSys@@UEBAPEBUSUniquePointerInfo@core@5@XZ 0000000180004f98 f i umodsys_lib_libui:umodsys.mod.ui.SDL_GL.obj
 0001:00003fa0       ?root_get_other_interface@RMouseController@SDL_GL@ui@modules@UModSys@@UEBAPEBUIRoot@core@5@PEBUSUniquePointerInfo@75@@Z 0000000180004fa0 f i umodsys_lib_libui:umodsys.mod.ui.SDL_GL.obj
 0001:00003fa0       ?root_get_other_interface@RMouseController@SDL_GL@ui@modules@UModSys@@UEAAPEAUIRoot@core@5@PEBUSUniquePointerInfo@75@@Z 0000000180004fa0 f i umodsys_lib_libui:umodsys.mod.ui.SDL_GL.obj
 0001:00003fd0       ?root_is_interface_supported@RMouseController@SDL_GL@ui@modules@UModSys@@UEBA_NPEBUSUniquePointerInfo@core@5@@Z 0000000180004fd0 f i umodsys_lib_libui:umodsys.mod.ui.SDL_GL.obj
 0001:00004000       ?suicide@RMouseController@SDL_core@ui@modules@UModSys@@UEAAXXZ 0000000180005000 f i umodsys_lib_libui:umodsys.mod.ui.SDL_core.obj
 0001:00004000       ?suicide@RRenderDriver2D@SDL_core@ui@modules@UModSys@@UEAAXXZ 0000000180005000 f i umodsys_lib_libui:umodsys.mod.ui.SDL_core.obj
 0001:00004000       ?suicide@RKeyboardController@SDL_core@ui@modules@UModSys@@UEAAXXZ 0000000180005000 f i umodsys_lib_libui:umodsys.mod.ui.SDL_core.obj
 0001:00004000       ?suicide@IRoot@core@UModSys@@UEAAXXZ 0000000180005000 f i umodsys_lib_core:umodsys.core.objects.obj
 0001:00004000       ?suicide@RMouseController@SDL_GL@ui@modules@UModSys@@UEAAXXZ 0000000180005000 f i umodsys_lib_libui:umodsys.mod.ui.SDL_GL.obj
 0001:00004000       ?suicide@RRenderDriver3D@SDL_GL@ui@modules@UModSys@@UEAAXXZ 0000000180005000 f i umodsys_lib_libui:umodsys.mod.ui.SDL_GL.obj
 0001:00004000       ?suicide@RKeyboardController@SDL_GL@ui@modules@UModSys@@UEAAXXZ 0000000180005000 f i umodsys_lib_libui:umodsys.mod.ui.SDL_GL.obj
 0001:00004018       ?root_get_interface_info@RTerminal@SDL_GL@ui@modules@UModSys@@UEBAAEBUSUniquePointerInfo@core@5@XZ 0000000180005018 f i umodsys_lib_libui:umodsys.mod.ui.SDL_GL.obj
 0001:00004020       ?root_get_interface_type@RTerminal@SDL_GL@ui@modules@UModSys@@UEBAPEBUSUniquePointerInfo@core@5@XZ 0000000180005020 f i umodsys_lib_libui:umodsys.mod.ui.SDL_GL.obj
 0001:00004028       ?root_get_other_interface@RTerminal@SDL_GL@ui@modules@UModSys@@UEBAPEBUIRoot@core@5@PEBUSUniquePointerInfo@75@@Z 0000000180005028 f i umodsys_lib_libui:umodsys.mod.ui.SDL_GL.obj
 0001:00004028       ?root_get_other_interface@RTerminal@SDL_GL@ui@modules@UModSys@@UEAAPEAUIRoot@core@5@PEBUSUniquePointerInfo@75@@Z 0000000180005028 f i umodsys_lib_libui:umodsys.mod.ui.SDL_GL.obj
 0001:00004058       ?root_is_interface_supported@RTerminal@SDL_GL@ui@modules@UModSys@@UEBA_NPEBUSUniquePointerInfo@core@5@@Z 0000000180005058 f i umodsys_lib_libui:umodsys.mod.ui.SDL_GL.obj
 0001:00004088       ?root_get_interface_info@RRenderDriver3D@SDL_GL@ui@modules@UModSys@@UEBAAEBUSUniquePointerInfo@core@5@XZ 0000000180005088 f i umodsys_lib_libui:umodsys.mod.ui.SDL_GL.obj
 0001:00004090       ?root_get_interface_type@RRenderDriver3D@SDL_GL@ui@modules@UModSys@@UEBAPEBUSUniquePointerInfo@core@5@XZ 0000000180005090 f i umodsys_lib_libui:umodsys.mod.ui.SDL_GL.obj
 0001:00004098       ?root_get_interface_types@RMouseController@SDL_core@ui@modules@UModSys@@UEBA_KAEAUSUniquePtrList@core@5@@Z 0000000180005098 f i umodsys_lib_libui:umodsys.mod.ui.SDL_core.obj
 0001:00004098       ?root_get_interface_types@RDialog@frames@ui@modules@UModSys@@UEBA_KAEAUSUniquePtrList@core@5@@Z 0000000180005098 f i umodsys_lib_libui:umodsys.mod.ui.frames.obj
 0001:00004098       ?root_get_interface_types@RSerializeReader@serialize_json@media@modules@UModSys@@UEBA_KAEAUSUniquePtrList@core@5@@Z 0000000180005098 f i umodsys_lib_libmedia:umodsys.mod.media.serialize_json.obj
 0001:00004098       ?root_get_interface_types@RRenderDriver2D@SDL_core@ui@modules@UModSys@@UEBA_KAEAUSUniquePtrList@core@5@@Z 0000000180005098 f i umodsys_lib_libui:umodsys.mod.ui.SDL_core.obj
 0001:00004098       ?root_get_interface_types@RFrame_List@frames@ui@modules@UModSys@@UEBA_KAEAUSUniquePtrList@core@5@@Z 0000000180005098 f i umodsys_lib_libui:umodsys.mod.ui.frames.obj
 0001:00004098       ?root_get_interface_types@RGenerator@SDL_GL@ui@modules@UModSys@@UEBA_KAEAUSUniquePtrList@core@5@@Z 0000000180005098 f i umodsys_lib_libui:umodsys.mod.ui.SDL_GL.obj
 0001:00004098       ?root_get_interface_types@RFrame_Edit@frames@ui@modules@UModSys@@UEBA_KAEAUSUniquePtrList@core@5@@Z 0000000180005098 f i umodsys_lib_libui:umodsys.mod.ui.frames.obj
 0001:00004098       ?root_get_interface_types@RCollector@frames@ui@modules@UModSys@@UEBA_KAEAUSUniquePtrList@core@5@@Z 0000000180005098 f i umodsys_lib_libui:umodsys.mod.ui.frames.obj
 0001:00004098       ?root_get_interface_types@RGenerator@zlib@media@modules@UModSys@@UEBA_KAEAUSUniquePtrList@core@5@@Z 0000000180005098 f i umodsys_lib_libmedia:umodsys.mod.media.zlib.obj
 0001:00004098       ?root_get_interface_types@RGenerator@SDL_core@ui@modules@UModSys@@UEBA_KAEAUSUniquePtrList@core@5@@Z 0000000180005098 f i umodsys_lib_libui:umodsys.mod.ui.SDL_core.obj
 0001:00004098       ?root_get_interface_types@RMediaFilter@images_std@media@modules@UModSys@@UEBA_KAEAUSUniquePtrList@core@5@@Z 0000000180005098 f i umodsys_lib_libmedia:umodsys.mod.media.images_std.obj
 0001:00004098       ?root_get_interface_types@RGenerator@frames@ui@modules@UModSys@@UEBA_KAEAUSUniquePtrList@core@5@@Z 0000000180005098 f i umodsys_lib_libui:umodsys.mod.ui.frames.obj
 0001:00004098       ?root_get_interface_types@RFrame_Button@frames@ui@modules@UModSys@@UEBA_KAEAUSUniquePtrList@core@5@@Z 0000000180005098 f i umodsys_lib_libui:umodsys.mod.ui.frames.obj
 0001:00004098       ?root_get_interface_types@RTerminal@SDL_GL@ui@modules@UModSys@@UEBA_KAEAUSUniquePtrList@core@5@@Z 0000000180005098 f i umodsys_lib_libui:umodsys.mod.ui.SDL_GL.obj
 0001:00004098       ?root_get_interface_types@RFrame_Text@frames@ui@modules@UModSys@@UEBA_KAEAUSUniquePtrList@core@5@@Z 0000000180005098 f i umodsys_lib_libui:umodsys.mod.ui.frames.obj
 0001:00004098       ?root_get_interface_types@RImageFactory_Memory@stdlib@lib2d@modules@UModSys@@UEBA_KAEAUSUniquePtrList@core@5@@Z 0000000180005098 f i umodsys_lib_lib2d:umodsys.mod.2d.stdlib.obj
 0001:00004098       ?root_get_interface_types@RGenerator@stdlib@lib2d@modules@UModSys@@UEBA_KAEAUSUniquePtrList@core@5@@Z 0000000180005098 f i umodsys_lib_lib2d:umodsys.mod.2d.stdlib.obj
 0001:00004098       ?root_get_interface_types@RMultiImage@stdlib@lib2d@modules@UModSys@@UEBA_KAEAUSUniquePtrList@core@5@@Z 0000000180005098 f i umodsys_lib_lib2d:umodsys.mod.2d.stdlib.obj
 0001:00004098       ?root_get_interface_types@RMouseController@SDL_GL@ui@modules@UModSys@@UEBA_KAEAUSUniquePtrList@core@5@@Z 0000000180005098 f i umodsys_lib_libui:umodsys.mod.ui.SDL_GL.obj
 0001:00004098       ?root_get_interface_types@RImage_Memory@stdlib@lib2d@modules@UModSys@@UEBA_KAEAUSUniquePtrList@core@5@@Z 0000000180005098 f i umodsys_lib_lib2d:umodsys.mod.2d.stdlib.obj
 0001:00004098       ?root_get_interface_types@RGenerator@test1@test@modules@UModSys@@UEBA_KAEAUSUniquePtrList@core@5@@Z 0000000180005098 f i plugin_test1.obj
 0001:00004098       ?root_get_interface_types@RKeyboardController@SDL_GL@ui@modules@UModSys@@UEBA_KAEAUSUniquePtrList@core@5@@Z 0000000180005098 f i umodsys_lib_libui:umodsys.mod.ui.SDL_GL.obj
 0001:00004098       ?root_get_interface_types@RFrame_Frame@frames@ui@modules@UModSys@@UEBA_KAEAUSUniquePtrList@core@5@@Z 0000000180005098 f i umodsys_lib_libui:umodsys.mod.ui.frames.obj
 0001:00004098       ?root_get_interface_types@RTest1_Shell@test1@test@modules@UModSys@@UEBA_KAEAUSUniquePtrList@core@5@@Z 0000000180005098 f i plugin_test1.obj
 0001:00004098       ?root_get_interface_types@RTerminalX@SDL_core@ui@modules@UModSys@@UEBA_KAEAUSUniquePtrList@core@5@@Z 0000000180005098 f i umodsys_lib_libui:umodsys.mod.ui.SDL_core.obj
 0001:00004098       ?root_get_interface_types@RGenerator@images_std@media@modules@UModSys@@UEBA_KAEAUSUniquePtrList@core@5@@Z 0000000180005098 f i umodsys_lib_libmedia:umodsys.mod.media.images_std.obj
 0001:00004098       ?root_get_interface_types@RKeyboardController@SDL_core@ui@modules@UModSys@@UEBA_KAEAUSUniquePtrList@core@5@@Z 0000000180005098 f i umodsys_lib_libui:umodsys.mod.ui.SDL_core.obj
 0001:00004098       ?root_get_interface_types@RTerminal@SDL_core@ui@modules@UModSys@@UEBA_KAEAUSUniquePtrList@core@5@@Z 0000000180005098 f i umodsys_lib_libui:umodsys.mod.ui.SDL_core.obj
 0001:00004098       ?root_get_interface_types@RGenerator@serialize_json@media@modules@UModSys@@UEBA_KAEAUSUniquePtrList@core@5@@Z 0000000180005098 f i umodsys_lib_libmedia:umodsys.mod.media.serialize_json.obj
 0001:00004098       ?root_get_interface_types@RRenderDriver3D@SDL_GL@ui@modules@UModSys@@UEBA_KAEAUSUniquePtrList@core@5@@Z 0000000180005098 f i umodsys_lib_libui:umodsys.mod.ui.SDL_GL.obj
 0001:00004098       ?root_get_interface_types@RSerializeWriter@serialize_json@media@modules@UModSys@@UEBA_KAEAUSUniquePtrList@core@5@@Z 0000000180005098 f i umodsys_lib_libmedia:umodsys.mod.media.serialize_json.obj
 0001:00004098       ?root_get_interface_types@RTerminalX@SDL_GL@ui@modules@UModSys@@UEBA_KAEAUSUniquePtrList@core@5@@Z 0000000180005098 f i umodsys_lib_libui:umodsys.mod.ui.SDL_GL.obj
 0001:00004098       ?root_get_interface_types@RFrame_Image@frames@ui@modules@UModSys@@UEBA_KAEAUSUniquePtrList@core@5@@Z 0000000180005098 f i umodsys_lib_libui:umodsys.mod.ui.frames.obj
 0001:00004098       ?root_get_interface_types@RMultiImage2D_SDL_ttf@SDL_core@ui@modules@UModSys@@UEBA_KAEAUSUniquePtrList@core@5@@Z 0000000180005098 f i umodsys_lib_libui:umodsys.mod.ui.SDL_core.obj
 0001:00004098       ?root_get_interface_types@RBinArchiveFrameClient_ZIP@zlib@media@modules@UModSys@@UEBA_KAEAUSUniquePtrList@core@5@@Z 0000000180005098 f i umodsys_lib_libmedia:umodsys.mod.media.zlib.obj
 0001:000040a0       ?root_get_other_interface@RRenderDriver3D@SDL_GL@ui@modules@UModSys@@UEBAPEBUIRoot@core@5@PEBUSUniquePointerInfo@75@@Z 00000001800050a0 f i umodsys_lib_libui:umodsys.mod.ui.SDL_GL.obj
 0001:000040a0       ?root_get_other_interface@RRenderDriver3D@SDL_GL@ui@modules@UModSys@@UEAAPEAUIRoot@core@5@PEBUSUniquePointerInfo@75@@Z 00000001800050a0 f i umodsys_lib_libui:umodsys.mod.ui.SDL_GL.obj
 0001:000040d8       ?root_is_interface_supported@RRenderDriver3D@SDL_GL@ui@modules@UModSys@@UEBA_NPEBUSUniquePointerInfo@core@5@@Z 00000001800050d8 f i umodsys_lib_libui:umodsys.mod.ui.SDL_GL.obj
 0001:00004110       ?root_get_interface_info@RTerminalX@SDL_GL@ui@modules@UModSys@@UEBAAEBUSUniquePointerInfo@core@5@XZ 0000000180005110 f i umodsys_lib_libui:umodsys.mod.ui.SDL_GL.obj
 0001:00004118       ?root_get_interface_type@RTerminalX@SDL_GL@ui@modules@UModSys@@UEBAPEBUSUniquePointerInfo@core@5@XZ 0000000180005118 f i umodsys_lib_libui:umodsys.mod.ui.SDL_GL.obj
 0001:00004120       ?root_get_other_interface@RTerminalX@SDL_GL@ui@modules@UModSys@@UEBAPEBUIRoot@core@5@PEBUSUniquePointerInfo@75@@Z 0000000180005120 f i umodsys_lib_libui:umodsys.mod.ui.SDL_GL.obj
 0001:00004120       ?root_get_other_interface@RTerminalX@SDL_GL@ui@modules@UModSys@@UEAAPEAUIRoot@core@5@PEBUSUniquePointerInfo@75@@Z 0000000180005120 f i umodsys_lib_libui:umodsys.mod.ui.SDL_GL.obj
 0001:00004150       ?root_is_interface_supported@RTerminalX@SDL_GL@ui@modules@UModSys@@UEBA_NPEBUSUniquePointerInfo@core@5@@Z 0000000180005150 f i umodsys_lib_libui:umodsys.mod.ui.SDL_GL.obj
 0001:00004188       ?get_generated_names@RGenerator@SDL_GL@ui@modules@UModSys@@UEBAHAEAUSUniquePtrList@core@5@@Z 0000000180005188 f i umodsys_lib_libui:umodsys.mod.ui.SDL_GL.obj
 0001:000041a8       ?get_generated_types@RGenerator@SDL_GL@ui@modules@UModSys@@UEBAHAEAUSUniquePtrList@core@5@PEBUSUniquePointerInfo@75@@Z 00000001800051a8 f i umodsys_lib_libui:umodsys.mod.ui.SDL_GL.obj
 0001:00004210       ?generate@RGenerator@SDL_GL@ui@modules@UModSys@@UEAA_NAEAU?$TRefObject@UIRefObject@core@UModSys@@U?$TRefObjectFunc@UIRefObject@core@UModSys@@@tl@3@@tl@5@PEBUSUniquePointerInfo@core@5@AEBUSParameters@95@@Z 0000000180005210 f i umodsys_lib_libui:umodsys.mod.ui.SDL_GL.obj
 0001:000042f0       ?root_get_interface_info@RGenerator@SDL_GL@ui@modules@UModSys@@UEBAAEBUSUniquePointerInfo@core@5@XZ 00000001800052f0 f i umodsys_lib_libui:umodsys.mod.ui.SDL_GL.obj
 0001:000042f8       ?root_get_interface_type@RGenerator@SDL_GL@ui@modules@UModSys@@UEBAPEBUSUniquePointerInfo@core@5@XZ 00000001800052f8 f i umodsys_lib_libui:umodsys.mod.ui.SDL_GL.obj
 0001:00004300       ?root_get_other_interface@RGenerator@SDL_GL@ui@modules@UModSys@@UEBAPEBUIRoot@core@5@PEBUSUniquePointerInfo@75@@Z 0000000180005300 f i umodsys_lib_libui:umodsys.mod.ui.SDL_GL.obj
 0001:00004300       ?root_get_other_interface@RGenerator@SDL_GL@ui@modules@UModSys@@UEAAPEAUIRoot@core@5@PEBUSUniquePointerInfo@75@@Z 0000000180005300 f i umodsys_lib_libui:umodsys.mod.ui.SDL_GL.obj
 0001:00004338       ?root_is_interface_supported@RGenerator@SDL_GL@ui@modules@UModSys@@UEBA_NPEBUSUniquePointerInfo@core@5@@Z 0000000180005338 f i umodsys_lib_libui:umodsys.mod.ui.SDL_GL.obj
 0001:00004370       ?get_uid@RGenerator@SDL_GL@ui@modules@UModSys@@UEBAPEBUSUniquePointerInfo@core@5@XZ 0000000180005370 f i umodsys_lib_libui:umodsys.mod.ui.SDL_GL.obj
 0001:00004378       ??1SWindow@SDL_core@ui@modules@UModSys@@QEAA@XZ 0000000180005378 f   umodsys_lib_libui:umodsys.mod.ui.SDL_core.obj
 0001:00004378       ??1SWindow@SDL_GL@ui@modules@UModSys@@QEAA@XZ 0000000180005378 f   umodsys_lib_libui:umodsys.mod.ui.SDL_GL.obj
 0001:0000439c       ??_GRKeyboardController@SDL_GL@ui@modules@UModSys@@UEAAPEAXI@Z 000000018000539c f i umodsys_lib_libui:umodsys.mod.ui.SDL_GL.obj
 0001:0000439c       ??_ERKeyboardController@SDL_GL@ui@modules@UModSys@@UEAAPEAXI@Z 000000018000539c f i  CIL library: CIL module
 0001:000043cc       ??1RKeyboardController@SDL_GL@ui@modules@UModSys@@UEAA@XZ 00000001800053cc f   umodsys_lib_libui:umodsys.mod.ui.SDL_GL.obj
 0001:00004414       ?process@RKeyboardController@SDL_GL@ui@modules@UModSys@@QEAA_NAEAUSDL_KeyboardEvent@@@Z 0000000180005414 f   umodsys_lib_libui:umodsys.mod.ui.SDL_GL.obj
 0001:00004414       ?process@RKeyboardController@SDL_core@ui@modules@UModSys@@QEAA_NAEAUSDL_KeyboardEvent@@@Z 0000000180005414 f   umodsys_lib_libui:umodsys.mod.ui.SDL_core.obj
 0001:0000458c       ?process@RKeyboardController@SDL_GL@ui@modules@UModSys@@QEAA_NAEAUSDL_TextInputEvent@@@Z 000000018000558c f   umodsys_lib_libui:umodsys.mod.ui.SDL_GL.obj
 0001:0000458c       ?process@RKeyboardController@SDL_core@ui@modules@UModSys@@QEAA_NAEAUSDL_TextInputEvent@@@Z 000000018000558c f   umodsys_lib_libui:umodsys.mod.ui.SDL_core.obj
 0001:00004660       ?map_keycode@RKeyboardController@SDL_GL@ui@modules@UModSys@@QEAA?AW4eKeyCode@libui@5@H@Z 0000000180005660 f   umodsys_lib_libui:umodsys.mod.ui.SDL_GL.obj
 0001:00004660       ?map_keycode@RKeyboardController@SDL_core@ui@modules@UModSys@@QEAA?AW4eKeyCode@libui@5@H@Z 0000000180005660 f   umodsys_lib_libui:umodsys.mod.ui.SDL_core.obj
 0001:00004b88       ?key_setvisible@RKeyboardController@SDL_core@ui@modules@UModSys@@UEAA_N_N@Z 0000000180005b88 f   umodsys_lib_libui:umodsys.mod.ui.SDL_core.obj
 0001:00004b88       ?key_setvisible@RKeyboardController@SDL_GL@ui@modules@UModSys@@UEAA_N_N@Z 0000000180005b88 f   umodsys_lib_libui:umodsys.mod.ui.SDL_GL.obj
 0001:00004ba4       ??_ERMouseController@SDL_GL@ui@modules@UModSys@@UEAAPEAXI@Z 0000000180005ba4 f i  CIL library: CIL module
 0001:00004ba4       ??_GRMouseController@SDL_GL@ui@modules@UModSys@@UEAAPEAXI@Z 0000000180005ba4 f i umodsys_lib_libui:umodsys.mod.ui.SDL_GL.obj
 0001:00004bd4       ??1RMouseController@SDL_GL@ui@modules@UModSys@@UEAA@XZ 0000000180005bd4 f   umodsys_lib_libui:umodsys.mod.ui.SDL_GL.obj
 0001:00004c1c       ?process@RMouseController@SDL_GL@ui@modules@UModSys@@QEAA_NAEAUSDL_MouseWheelEvent@@@Z 0000000180005c1c f   umodsys_lib_libui:umodsys.mod.ui.SDL_GL.obj
 0001:00004c1c       ?process@RMouseController@SDL_core@ui@modules@UModSys@@QEAA_NAEAUSDL_MouseWheelEvent@@@Z 0000000180005c1c f   umodsys_lib_libui:umodsys.mod.ui.SDL_core.obj
 0001:00004d0c       ?key_unlink@RKeyboardController@SDL_GL@ui@modules@UModSys@@UEAA_NH@Z 0000000180005d0c f   umodsys_lib_libui:umodsys.mod.ui.SDL_GL.obj
 0001:00004d0c       ?mouse_unlink@RMouseController@SDL_core@ui@modules@UModSys@@UEAA_NH@Z 0000000180005d0c f   umodsys_lib_libui:umodsys.mod.ui.SDL_core.obj
 0001:00004d0c       ?key_unlink@RKeyboardController@SDL_core@ui@modules@UModSys@@UEAA_NH@Z 0000000180005d0c f   umodsys_lib_libui:umodsys.mod.ui.SDL_core.obj
 0001:00004d0c       ?mouse_unlink@RMouseController@SDL_GL@ui@modules@UModSys@@UEAA_NH@Z 0000000180005d0c f   umodsys_lib_libui:umodsys.mod.ui.SDL_GL.obj
 0001:00004d64       ??_ERTerminal@SDL_GL@ui@modules@UModSys@@UEAAPEAXI@Z 0000000180005d64 f i  CIL library: CIL module
 0001:00004d64       ??_GRTerminal@SDL_GL@ui@modules@UModSys@@UEAAPEAXI@Z 0000000180005d64 f i umodsys_lib_libui:umodsys.mod.ui.SDL_GL.obj
 0001:00004d94       ??1RTerminal@SDL_GL@ui@modules@UModSys@@UEAA@XZ 0000000180005d94 f   umodsys_lib_libui:umodsys.mod.ui.SDL_GL.obj
 0001:00004de4       ?poll_events@RTerminal@SDL_core@ui@modules@UModSys@@UEAA_NH@Z 0000000180005de4 f   umodsys_lib_libui:umodsys.mod.ui.SDL_core.obj
 0001:00004de4       ?poll_events@RTerminal@SDL_GL@ui@modules@UModSys@@UEAA_NH@Z 0000000180005de4 f   umodsys_lib_libui:umodsys.mod.ui.SDL_GL.obj
 0001:00004f14       ?get_count@RTerminal@SDL_GL@ui@modules@UModSys@@UEBA_KPEBUSUniquePointerInfo@core@5@@Z 0000000180005f14 f   umodsys_lib_libui:umodsys.mod.ui.SDL_GL.obj
 0001:00004f14       ?get_count@RTerminal@SDL_core@ui@modules@UModSys@@UEBA_KPEBUSUniquePointerInfo@core@5@@Z 0000000180005f14 f   umodsys_lib_libui:umodsys.mod.ui.SDL_core.obj
 0001:00004f74       ?get_handler@RTerminal@SDL_core@ui@modules@UModSys@@UEBAPEAUIRefObject@core@5@PEBUSUniquePointerInfo@75@_K@Z 0000000180005f74 f   umodsys_lib_libui:umodsys.mod.ui.SDL_core.obj
 0001:00004f74       ?get_handler@RTerminal@SDL_GL@ui@modules@UModSys@@UEBAPEAUIRefObject@core@5@PEBUSUniquePointerInfo@75@_K@Z 0000000180005f74 f   umodsys_lib_libui:umodsys.mod.ui.SDL_GL.obj
 0001:00004fec       ?create_handler@RTerminal@SDL_GL@ui@modules@UModSys@@UEAA_NPEBUSUniquePointerInfo@core@5@AEAU?$TRefObject@UIRefObject@core@UModSys@@U?$TRefObjectFunc@UIRefObject@core@UModSys@@@tl@3@@tl@5@PEBDPEBUSParameters@75@@Z 0000000180005fec f   umodsys_lib_libui:umodsys.mod.ui.SDL_GL.obj
 0001:00004fec       ?create_handler@RTerminal@SDL_core@ui@modules@UModSys@@UEAA_NPEBUSUniquePointerInfo@core@5@AEAU?$TRefObject@UIRefObject@core@UModSys@@U?$TRefObjectFunc@UIRefObject@core@UModSys@@@tl@3@@tl@5@PEBDPEBUSParameters@75@@Z 0000000180005fec f   umodsys_lib_libui:umodsys.mod.ui.SDL_core.obj
 0001:00005084       ??_ERRenderDriver3D@SDL_GL@ui@modules@UModSys@@UEAAPEAXI@Z 0000000180006084 f i  CIL library: CIL module
 0001:00005084       ??_GRRenderDriver3D@SDL_GL@ui@modules@UModSys@@UEAAPEAXI@Z 0000000180006084 f i umodsys_lib_libui:umodsys.mod.ui.SDL_GL.obj
 0001:000050b4       ??1RRenderDriver3D@SDL_GL@ui@modules@UModSys@@UEAA@XZ 00000001800060b4 f   umodsys_lib_libui:umodsys.mod.ui.SDL_GL.obj
 0001:00005128       ?close@RRenderDriver3D@SDL_GL@ui@modules@UModSys@@QEAAXXZ 0000000180006128 f   umodsys_lib_libui:umodsys.mod.ui.SDL_GL.obj
 0001:00005164       ?open@RRenderDriver3D@SDL_GL@ui@modules@UModSys@@QEAA_NAEBUSParameters@core@5@@Z 0000000180006164 f   umodsys_lib_libui:umodsys.mod.ui.SDL_GL.obj
 0001:00005370       ?get_max_values@RRenderDriver3D@SDL_GL@ui@modules@UModSys@@UEBAPEBUSParameters@core@5@XZ 0000000180006370 f   umodsys_lib_libui:umodsys.mod.ui.SDL_GL.obj
 0001:00005378       ?get_frame_values@RRenderDriver3D@SDL_GL@ui@modules@UModSys@@UEBAPEBUSParameters@core@5@XZ 0000000180006378 f   umodsys_lib_libui:umodsys.mod.ui.SDL_GL.obj
 0001:00005380       ?setup_color@RRenderDriver3D@SDL_GL@ui@modules@UModSys@@UEAAXAEBU?$TVector3@M@math3d@5@@Z 0000000180006380 f   umodsys_lib_libui:umodsys.mod.ui.SDL_GL.obj
 0001:0000539c       ?setup_color@RRenderDriver3D@SDL_GL@ui@modules@UModSys@@UEAAXAEBU?$TVector3@H@math3d@5@@Z 000000018000639c f   umodsys_lib_libui:umodsys.mod.ui.SDL_GL.obj
 0001:000053e0       ?setup_coloralpha@RRenderDriver3D@SDL_GL@ui@modules@UModSys@@UEAAXAEBU?$TVector4@M@math3d@5@H@Z 00000001800063e0 f   umodsys_lib_libui:umodsys.mod.ui.SDL_GL.obj
 0001:000053f8       ?setup_coloralpha@RRenderDriver3D@SDL_GL@ui@modules@UModSys@@UEAAXAEBU?$TVector4@H@math3d@5@H@Z 00000001800063f8 f   umodsys_lib_libui:umodsys.mod.ui.SDL_GL.obj
 0001:00005450       ?setup_blendcolor@RRenderDriver3D@SDL_GL@ui@modules@UModSys@@UEAAXAEBUSBlendColor@lib2d@5@@Z 0000000180006450 f   umodsys_lib_libui:umodsys.mod.ui.SDL_GL.obj
 0001:000054ac       ?setup_blendcolor@RRenderDriver3D@SDL_GL@ui@modules@UModSys@@UEAAXAEBUSBlendColorf@lib2d@5@@Z 00000001800064ac f   umodsys_lib_libui:umodsys.mod.ui.SDL_GL.obj
 0001:000054e8       ?setup_alpha@RRenderDriver3D@SDL_GL@ui@modules@UModSys@@UEAAXHH@Z 00000001800064e8 f   umodsys_lib_libui:umodsys.mod.ui.SDL_GL.obj
 0001:00005508       ?setup_alpha@RRenderDriver3D@SDL_GL@ui@modules@UModSys@@UEAAXMH@Z 0000000180006508 f   umodsys_lib_libui:umodsys.mod.ui.SDL_GL.obj
 0001:0000551c       ?setup_addlight@RRenderDriver3D@SDL_GL@ui@modules@UModSys@@UEAAHW4eLightType@lib3d@5@AEBUSLight@75@AEBU?$TMatrix44@N@math3d@5@@Z 000000018000651c f   umodsys_lib_libui:umodsys.mod.ui.SDL_GL.obj
 0001:00005520       ??0RTerminalX@SDL_GL@ui@modules@UModSys@@QEAA@PEAUIModObject@base@4@AEBUSParameters@core@4@@Z 0000000180006520 f   umodsys_lib_libui:umodsys.mod.ui.SDL_GL.obj
 0001:0000572c       ??_ERTerminalX@SDL_GL@ui@modules@UModSys@@UEAAPEAXI@Z 000000018000672c f i  CIL library: CIL module
 0001:0000572c       ??_GRTerminalX@SDL_GL@ui@modules@UModSys@@UEAAPEAXI@Z 000000018000672c f i umodsys_lib_libui:umodsys.mod.ui.SDL_GL.obj
 0001:00005784       ?open_drv2d@RTerminalX@SDL_GL@ui@modules@UModSys@@UEAAPEAUIRenderDriver@lib2d@5@PEBUSParameters@core@5@@Z 0000000180006784 f   umodsys_lib_libui:umodsys.mod.ui.SDL_GL.obj
 0001:00005784       ?open_drv3d@RTerminalX@SDL_GL@ui@modules@UModSys@@UEAAPEAUIRenderDriver@lib3d@5@PEBUSParameters@core@5@@Z 0000000180006784 f   umodsys_lib_libui:umodsys.mod.ui.SDL_GL.obj
 0001:000057a8       ?close_drvxd@RTerminalX@SDL_GL@ui@modules@UModSys@@UEAA_NXZ 00000001800067a8 f   umodsys_lib_libui:umodsys.mod.ui.SDL_GL.obj
 0001:000057c0       ??0SGLFunc@SDL_GL@ui@modules@UModSys@@QEAA@XZ 00000001800067c0 f   umodsys_lib_libui:umodsys.mod.ui.SDL_GL.obj
 0001:0000a028       ?load@SGLFunc@SDL_GL@ui@modules@UModSys@@QEAA_NXZ 000000018000b028 f   umodsys_lib_libui:umodsys.mod.ui.SDL_GL.obj
 0001:00018044       ?check_base@SGLFunc@SDL_GL@ui@modules@UModSys@@QEAA_NPEBD@Z 0000000180019044 f   umodsys_lib_libui:umodsys.mod.ui.SDL_GL.obj
 0001:000180d8       ?do_open@RModuleReg@SDL_GL@ui@modules@UModSys@@UEAA_NXZ 00000001800190d8 f i umodsys_lib_libui:umodsys.mod.ui.SDL_GL.obj
 0001:0001814c       ?do_close@RModuleReg@SDL_GL@ui@modules@UModSys@@UEAA_NXZ 000000018001914c f i umodsys_lib_libui:umodsys.mod.ui.SDL_GL.obj
 0001:0001819c       ??_GRModuleReg@images_std@media@modules@UModSys@@UEAAPEAXI@Z 000000018001919c f i umodsys_lib_libmedia:umodsys.mod.media.images_std.obj
 0001:0001819c       ??_GIModuleReg@base@UModSys@@UEAAPEAXI@Z 000000018001919c f i umodsys_lib_base:umodsys.base.modulereg.obj
 0001:0001819c       ??_ERModuleReg@test1@test@modules@UModSys@@UEAAPEAXI@Z 000000018001919c f i  CIL library: CIL module
 0001:0001819c       ??_GRModuleReg@SDL_core@ui@modules@UModSys@@UEAAPEAXI@Z 000000018001919c f i umodsys_lib_libui:umodsys.mod.ui.SDL_core.obj
 0001:0001819c       ??_ERModuleReg@images_std@media@modules@UModSys@@UEAAPEAXI@Z 000000018001919c f i  CIL library: CIL module
 0001:0001819c       ??_ERModuleReg@stdlib@lib2d@modules@UModSys@@UEAAPEAXI@Z 000000018001919c f i  CIL library: CIL module
 0001:0001819c       ??_EIModuleReg@base@UModSys@@UEAAPEAXI@Z 000000018001919c f i  CIL library: CIL module
 0001:0001819c       ??_ERModuleReg@serialize_json@media@modules@UModSys@@UEAAPEAXI@Z 000000018001919c f i  CIL library: CIL module
 0001:0001819c       ??_GRModuleReg@stdlib@lib2d@modules@UModSys@@UEAAPEAXI@Z 000000018001919c f i umodsys_lib_lib2d:umodsys.mod.2d.stdlib.obj
 0001:0001819c       ??_GRModuleReg@SDL_GL@ui@modules@UModSys@@UEAAPEAXI@Z 000000018001919c f i umodsys_lib_libui:umodsys.mod.ui.SDL_GL.obj
 0001:0001819c       ??_GRModuleReg@frames@ui@modules@UModSys@@UEAAPEAXI@Z 000000018001919c f i umodsys_lib_libui:umodsys.mod.ui.frames.obj
 0001:0001819c       ??_ERModuleReg@SDL_GL@ui@modules@UModSys@@UEAAPEAXI@Z 000000018001919c f i  CIL library: CIL module
 0001:0001819c       ??_GRModuleReg@serialize_json@media@modules@UModSys@@UEAAPEAXI@Z 000000018001919c f i umodsys_lib_libmedia:umodsys.mod.media.serialize_json.obj
 0001:0001819c       ??_GRModuleReg@zlib@media@modules@UModSys@@UEAAPEAXI@Z 000000018001919c f i umodsys_lib_libmedia:umodsys.mod.media.zlib.obj
 0001:0001819c       ??_ERModuleReg@SDL_core@ui@modules@UModSys@@UEAAPEAXI@Z 000000018001919c f i  CIL library: CIL module
 0001:0001819c       ??_ERModuleReg@frames@ui@modules@UModSys@@UEAAPEAXI@Z 000000018001919c f i  CIL library: CIL module
 0001:0001819c       ??_GRModuleReg@test1@test@modules@UModSys@@UEAAPEAXI@Z 000000018001919c f i plugin_test1.obj
 0001:0001819c       ??_ERModuleReg@zlib@media@modules@UModSys@@UEAAPEAXI@Z 000000018001919c f i  CIL library: CIL module
 0001:000181c4       ?get_module@RGenerator@SDL_GL@ui@modules@UModSys@@UEBAPEAUIModule@base@5@XZ 00000001800191c4 f   umodsys_lib_libui:umodsys.mod.ui.SDL_GL.obj
 0001:000181cc       ?mod_inc@RGenerator@SDL_GL@ui@modules@UModSys@@UEBA_NXZ 00000001800191cc f   umodsys_lib_libui:umodsys.mod.ui.SDL_GL.obj
 0001:000181e0       ?mod_dec@RGenerator@SDL_GL@ui@modules@UModSys@@UEBA_NXZ 00000001800191e0 f   umodsys_lib_libui:umodsys.mod.ui.SDL_GL.obj
 0001:000181f4       ?s_holder@RGenerator@SDL_GL@ui@modules@UModSys@@SAAEAU?$TTypeStaticHolder@URGenerator@SDL_GL@ui@modules@UModSys@@@tl@5@XZ 00000001800191f4 f   umodsys_lib_libui:umodsys.mod.ui.SDL_GL.obj
 0001:00018238       ??R?$TScatterArray@U?$TRefObjectComposite@UIKeyboardClient@libui@UModSys@@UIRefObject@core@3@U?$TRefObjectFunc@UIRefObject@core@UModSys@@@tl@3@@tl@UModSys@@HU?$TScalarCompare@H@core@3@U?$TNodeDeleter0@U?$TScatterArrayNode@U?$TRefObjectComposite@UIKeyboardClient@libui@UModSys@@UIRefObject@core@3@U?$TRefObjectFunc@UIRefObject@core@UModSys@@@tl@3@@tl@UModSys@@H@tl@UModSys@@@23@@tl@UModSys@@QEAAPEAU?$TRefObjectComposite@UIKeyboardClient@libui@UModSys@@UIRefObject@core@3@U?$TRefObjectFunc@UIRefObject@core@UModSys@@@tl@3@@12@AEBHPEAUVoid@core@2@@Z 0000000180019238 f i umodsys_lib_libui:umodsys.mod.ui.SDL_GL.obj
 0001:00018310       ??R?$TScatterArray@U?$TRefObjectCompositeExtra@UIMouseClient@libui@UModSys@@HUIRefObject@core@3@U?$TRefObjectFunc@UIRefObject@core@UModSys@@@tl@3@@tl@UModSys@@HU?$TScalarCompare@H@core@3@U?$TNodeDeleter0@U?$TScatterArrayNode@U?$TRefObjectCompositeExtra@UIMouseClient@libui@UModSys@@HUIRefObject@core@3@U?$TRefObjectFunc@UIRefObject@core@UModSys@@@tl@3@@tl@UModSys@@H@tl@UModSys@@@23@@tl@UModSys@@QEAAPEAU?$TRefObjectCompositeExtra@UIMouseClient@libui@UModSys@@HUIRefObject@core@3@U?$TRefObjectFunc@UIRefObject@core@UModSys@@@tl@3@@12@AEBHPEAUVoid@core@2@@Z 0000000180019310 f i umodsys_lib_libui:umodsys.mod.ui.SDL_GL.obj
 0001:000183f0       ?delete_node@?$TTreeHoldRBD@U?$TScatterArrayNode@U?$TRefObjectCompositeExtra@UIMouseClient@libui@UModSys@@HUIRefObject@core@3@U?$TRefObjectFunc@UIRefObject@core@UModSys@@@tl@3@@tl@UModSys@@H@tl@UModSys@@U?$TNodeDeleter0@U?$TScatterArrayNode@U?$TRefObjectCompositeExtra@UIMouseClient@libui@UModSys@@HUIRefObject@core@3@U?$TRefObjectFunc@UIRefObject@core@UModSys@@@tl@3@@tl@UModSys@@H@tl@UModSys@@@23@@tl@UModSys@@QEAAXPEAU?$TScatterArrayNode@U?$TRefObjectCompositeExtra@UIMouseClient@libui@UModSys@@HUIRefObject@core@3@U?$TRefObjectFunc@UIRefObject@core@UModSys@@@tl@3@@tl@UModSys@@H@23@@Z 00000001800193f0 f i umodsys_lib_libui:umodsys.mod.ui.SDL_GL.obj
 0001:000183f0       ?delete_node@?$TTreeHoldRBD@U?$TScatterArrayNode@U?$TRefObjectComposite@UIKeyboardClient@libui@UModSys@@UIRefObject@core@3@U?$TRefObjectFunc@UIRefObject@core@UModSys@@@tl@3@@tl@UModSys@@H@tl@UModSys@@U?$TNodeDeleter0@U?$TScatterArrayNode@U?$TRefObjectComposite@UIKeyboardClient@libui@UModSys@@UIRefObject@core@3@U?$TRefObjectFunc@UIRefObject@core@UModSys@@@tl@3@@tl@UModSys@@H@tl@UModSys@@@23@@tl@UModSys@@QEAAXPEAU?$TScatterArrayNode@U?$TRefObjectComposite@UIKeyboardClient@libui@UModSys@@UIRefObject@core@3@U?$TRefObjectFunc@UIRefObject@core@UModSys@@@tl@3@@tl@UModSys@@H@23@@Z 00000001800193f0 f i umodsys_lib_libui:umodsys.mod.ui.SDL_GL.obj
 0001:00018558       ??1?$TPair@HU?$TRefObjectComposite@UIKeyboardClient@libui@UModSys@@UIRefObject@core@3@U?$TRefObjectFunc@UIRefObject@core@UModSys@@@tl@3@@tl@UModSys@@@tl@UModSys@@QEAA@XZ 0000000180019558 f i umodsys_lib_libui:umodsys.mod.ui.SDL_GL.obj
 0001:00018558       ??1?$TPair@HU?$TRefObjectCompositeExtra@UIMouseClient@libui@UModSys@@HUIRefObject@core@3@U?$TRefObjectFunc@UIRefObject@core@UModSys@@@tl@3@@tl@UModSys@@@tl@UModSys@@QEAA@XZ 0000000180019558 f i umodsys_lib_libui:umodsys.mod.ui.SDL_GL.obj
 0001:000185a0       ??1?$TRefObjectComposite@UIKeyboardClient@libui@UModSys@@UIRefObject@core@3@U?$TRefObjectFunc@UIRefObject@core@UModSys@@@tl@3@@tl@UModSys@@QEAA@XZ 00000001800195a0 f i umodsys_lib_libui:umodsys.mod.ui.SDL_GL.obj
 0001:000185a0       ??1?$TRefObjectCompositeExtra@UIMouseClient@libui@UModSys@@HUIRefObject@core@3@U?$TRefObjectFunc@UIRefObject@core@UModSys@@@tl@3@@tl@UModSys@@QEAA@XZ 00000001800195a0 f i umodsys_lib_libui:umodsys.mod.ui.SDL_GL.obj
 0001:000185e8       ?remove_color@?$TTreeHoldRB@U?$TScatterArrayNode@U?$TRefObjectCompositeExtra@UIMouseClient@libui@UModSys@@HUIRefObject@core@3@U?$TRefObjectFunc@UIRefObject@core@UModSys@@@tl@3@@tl@UModSys@@H@tl@UModSys@@@tl@UModSys@@IEAAXPEAU?$TScatterArrayNode@U?$TRefObjectCompositeExtra@UIMouseClient@libui@UModSys@@HUIRefObject@core@3@U?$TRefObjectFunc@UIRefObject@core@UModSys@@@tl@3@@tl@UModSys@@H@23@0@Z 00000001800195e8 f i umodsys_lib_libui:umodsys.mod.ui.SDL_GL.obj
 0001:000185e8       ?remove_color@?$TTreeHoldRB@U?$TScatterArrayNode@U?$TRefObjectComposite@UIKeyboardClient@libui@UModSys@@UIRefObject@core@3@U?$TRefObjectFunc@UIRefObject@core@UModSys@@@tl@3@@tl@UModSys@@H@tl@UModSys@@@tl@UModSys@@IEAAXPEAU?$TScatterArrayNode@U?$TRefObjectComposite@UIKeyboardClient@libui@UModSys@@UIRefObject@core@3@U?$TRefObjectFunc@UIRefObject@core@UModSys@@@tl@3@@tl@UModSys@@H@23@0@Z 00000001800195e8 f i umodsys_lib_libui:umodsys.mod.ui.SDL_GL.obj
 0001:00018888       ??$process_nodes_r@U?$TNodeDeleter0@U?$TScatterArrayNode@U?$TRefObjectCompositeExtra@UIMouseClient@libui@UModSys@@HUIRefObject@core@3@U?$TRefObjectFunc@UIRefObject@core@UModSys@@@tl@3@@tl@UModSys@@H@tl@UModSys@@@tl@UModSys@@@?$TTreeHoldRB@U?$TScatterArrayNode@U?$TRefObjectCompositeExtra@UIMouseClient@libui@UModSys@@HUIRefObject@core@3@U?$TRefObjectFunc@UIRefObject@core@UModSys@@@tl@3@@tl@UModSys@@H@tl@UModSys@@@tl@UModSys@@KAHPEAU?$TScatterArrayNode@U?$TRefObjectCompositeExtra@UIMouseClient@libui@UModSys@@HUIRefObject@core@3@U?$TRefObjectFunc@UIRefObject@core@UModSys@@@tl@3@@tl@UModSys@@H@12@AEBU?$TNodeDeleter0@U?$TScatterArrayNode@U?$TRefObjectCompositeExtra@UIMouseClient@libui@UModSys@@HUIRefObject@core@3@U?$TRefObjectFunc@UIRefObject@core@UModSys@@@tl@3@@tl@UModSys@@H@tl@UModSys@@@12@@Z 0000000180019888 f i umodsys_lib_libui:umodsys.mod.ui.SDL_GL.obj
 0001:00018888       ??$process_nodes_r@U?$TNodeDeleter0@U?$TScatterArrayNode@U?$TRefObjectComposite@UIKeyboardClient@libui@UModSys@@UIRefObject@core@3@U?$TRefObjectFunc@UIRefObject@core@UModSys@@@tl@3@@tl@UModSys@@H@tl@UModSys@@@tl@UModSys@@@?$TTreeHoldRB@U?$TScatterArrayNode@U?$TRefObjectComposite@UIKeyboardClient@libui@UModSys@@UIRefObject@core@3@U?$TRefObjectFunc@UIRefObject@core@UModSys@@@tl@3@@tl@UModSys@@H@tl@UModSys@@@tl@UModSys@@KAHPEAU?$TScatterArrayNode@U?$TRefObjectComposite@UIKeyboardClient@libui@UModSys@@UIRefObject@core@3@U?$TRefObjectFunc@UIRefObject@core@UModSys@@@tl@3@@tl@UModSys@@H@12@AEBU?$TNodeDeleter0@U?$TScatterArrayNode@U?$TRefObjectComposite@UIKeyboardClient@libui@UModSys@@UIRefObject@core@3@U?$TRefObjectFunc@UIRefObject@core@UModSys@@@tl@3@@tl@UModSys@@H@tl@UModSys@@@12@@Z 0000000180019888 f i umodsys_lib_libui:umodsys.mod.ui.SDL_GL.obj
 0001:0001891c       ?root_get_interface_info@RKeyboardController@SDL_core@ui@modules@UModSys@@UEBAAEBUSUniquePointerInfo@core@5@XZ 000000018001991c f i umodsys_lib_libui:umodsys.mod.ui.SDL_core.obj
 0001:00018924       ?root_get_interface_type@RKeyboardController@SDL_core@ui@modules@UModSys@@UEBAPEBUSUniquePointerInfo@core@5@XZ 0000000180019924 f i umodsys_lib_libui:umodsys.mod.ui.SDL_core.obj
 0001:0001892c       ?root_get_other_interface@RKeyboardController@SDL_core@ui@modules@UModSys@@UEBAPEBUIRoot@core@5@PEBUSUniquePointerInfo@75@@Z 000000018001992c f i umodsys_lib_libui:umodsys.mod.ui.SDL_core.obj
 0001:0001892c       ?root_get_other_interface@RKeyboardController@SDL_core@ui@modules@UModSys@@UEAAPEAUIRoot@core@5@PEBUSUniquePointerInfo@75@@Z 000000018001992c f i umodsys_lib_libui:umodsys.mod.ui.SDL_core.obj
 0001:0001895c       ?root_is_interface_supported@RKeyboardController@SDL_core@ui@modules@UModSys@@UEBA_NPEBUSUniquePointerInfo@core@5@@Z 000000018001995c f i umodsys_lib_libui:umodsys.mod.ui.SDL_core.obj
 0001:0001898c       ?ref_remove@RKeyboardController@SDL_core@ui@modules@UModSys@@UEBAXXZ 000000018001998c f i umodsys_lib_libui:umodsys.mod.ui.SDL_core.obj
 0001:0001898c       ?ref_remove@RMouseController@SDL_core@ui@modules@UModSys@@UEBAXXZ 000000018001998c f i umodsys_lib_libui:umodsys.mod.ui.SDL_core.obj
 0001:0001898c       ?ref_remove@RMouseController@SDL_GL@ui@modules@UModSys@@UEBAXXZ 000000018001998c f i umodsys_lib_libui:umodsys.mod.ui.SDL_GL.obj
 0001:0001898c       ?ref_remove@RRenderDriver2D@SDL_core@ui@modules@UModSys@@UEBAXXZ 000000018001998c f i umodsys_lib_libui:umodsys.mod.ui.SDL_core.obj
 0001:0001898c       ?ref_remove@RKeyboardController@SDL_GL@ui@modules@UModSys@@UEBAXXZ 000000018001998c f i umodsys_lib_libui:umodsys.mod.ui.SDL_GL.obj
 0001:0001898c       ?ref_remove@RRenderDriver3D@SDL_GL@ui@modules@UModSys@@UEBAXXZ 000000018001998c f i umodsys_lib_libui:umodsys.mod.ui.SDL_GL.obj
 0001:00018998       ?ref_links@RRenderDriver2D@SDL_core@ui@modules@UModSys@@UEBAHXZ 0000000180019998 f i umodsys_lib_libui:umodsys.mod.ui.SDL_core.obj
 0001:00018998       ?ref_links@RKeyboardController@SDL_core@ui@modules@UModSys@@UEBAHXZ 0000000180019998 f i umodsys_lib_libui:umodsys.mod.ui.SDL_core.obj
 0001:00018998       ?ref_links@RRenderDriver3D@SDL_GL@ui@modules@UModSys@@UEBAHXZ 0000000180019998 f i umodsys_lib_libui:umodsys.mod.ui.SDL_GL.obj
 0001:00018998       ?ref_links@RMouseController@SDL_GL@ui@modules@UModSys@@UEBAHXZ 0000000180019998 f i umodsys_lib_libui:umodsys.mod.ui.SDL_GL.obj
 0001:00018998       ?ref_links@RMouseController@SDL_core@ui@modules@UModSys@@UEBAHXZ 0000000180019998 f i umodsys_lib_libui:umodsys.mod.ui.SDL_core.obj
 0001:00018998       ?ref_links@RKeyboardController@SDL_GL@ui@modules@UModSys@@UEBAHXZ 0000000180019998 f i umodsys_lib_libui:umodsys.mod.ui.SDL_GL.obj
 0001:000189a4       ?root_get_interface_info@RMouseController@SDL_core@ui@modules@UModSys@@UEBAAEBUSUniquePointerInfo@core@5@XZ 00000001800199a4 f i umodsys_lib_libui:umodsys.mod.ui.SDL_core.obj
 0001:000189ac       ?root_get_interface_type@RMouseController@SDL_core@ui@modules@UModSys@@UEBAPEBUSUniquePointerInfo@core@5@XZ 00000001800199ac f i umodsys_lib_libui:umodsys.mod.ui.SDL_core.obj
 0001:000189b4       ?root_get_other_interface@RMouseController@SDL_core@ui@modules@UModSys@@UEBAPEBUIRoot@core@5@PEBUSUniquePointerInfo@75@@Z 00000001800199b4 f i umodsys_lib_libui:umodsys.mod.ui.SDL_core.obj
 0001:000189b4       ?root_get_other_interface@RMouseController@SDL_core@ui@modules@UModSys@@UEAAPEAUIRoot@core@5@PEBUSUniquePointerInfo@75@@Z 00000001800199b4 f i umodsys_lib_libui:umodsys.mod.ui.SDL_core.obj
 0001:000189e4       ?root_is_interface_supported@RMouseController@SDL_core@ui@modules@UModSys@@UEBA_NPEBUSUniquePointerInfo@core@5@@Z 00000001800199e4 f i umodsys_lib_libui:umodsys.mod.ui.SDL_core.obj
 0001:00018a14       ?ref_add@RKeyboardController@SDL_GL@ui@modules@UModSys@@UEBAXXZ 0000000180019a14 f i umodsys_lib_libui:umodsys.mod.ui.SDL_GL.obj
 0001:00018a14       ?ref_add@RMouseController@SDL_core@ui@modules@UModSys@@UEBAXXZ 0000000180019a14 f i umodsys_lib_libui:umodsys.mod.ui.SDL_core.obj
 0001:00018a14       ?ref_add@RKeyboardController@SDL_core@ui@modules@UModSys@@UEBAXXZ 0000000180019a14 f i umodsys_lib_libui:umodsys.mod.ui.SDL_core.obj
 0001:00018a14       ?ref_add@RMouseController@SDL_GL@ui@modules@UModSys@@UEBAXXZ 0000000180019a14 f i umodsys_lib_libui:umodsys.mod.ui.SDL_GL.obj
 0001:00018a14       ?ref_add@RRenderDriver3D@SDL_GL@ui@modules@UModSys@@UEBAXXZ 0000000180019a14 f i umodsys_lib_libui:umodsys.mod.ui.SDL_GL.obj
 0001:00018a14       ?ref_add@RRenderDriver2D@SDL_core@ui@modules@UModSys@@UEBAXXZ 0000000180019a14 f i umodsys_lib_libui:umodsys.mod.ui.SDL_core.obj
 0001:00018a20       ?root_get_interface_info@RTerminal@SDL_core@ui@modules@UModSys@@UEBAAEBUSUniquePointerInfo@core@5@XZ 0000000180019a20 f i umodsys_lib_libui:umodsys.mod.ui.SDL_core.obj
 0001:00018a28       ?root_get_interface_type@RTerminal@SDL_core@ui@modules@UModSys@@UEBAPEBUSUniquePointerInfo@core@5@XZ 0000000180019a28 f i umodsys_lib_libui:umodsys.mod.ui.SDL_core.obj
 0001:00018a30       ?root_get_other_interface@RTerminal@SDL_core@ui@modules@UModSys@@UEBAPEBUIRoot@core@5@PEBUSUniquePointerInfo@75@@Z 0000000180019a30 f i umodsys_lib_libui:umodsys.mod.ui.SDL_core.obj
 0001:00018a30       ?root_get_other_interface@RTerminal@SDL_core@ui@modules@UModSys@@UEAAPEAUIRoot@core@5@PEBUSUniquePointerInfo@75@@Z 0000000180019a30 f i umodsys_lib_libui:umodsys.mod.ui.SDL_core.obj
 0001:00018a60       ?root_is_interface_supported@RTerminal@SDL_core@ui@modules@UModSys@@UEBA_NPEBUSUniquePointerInfo@core@5@@Z 0000000180019a60 f i umodsys_lib_libui:umodsys.mod.ui.SDL_core.obj
 0001:00018a90       ?suicide@RSerializeReader@serialize_json@media@modules@UModSys@@UEAAXXZ 0000000180019a90 f i umodsys_lib_libmedia:umodsys.mod.media.serialize_json.obj
 0001:00018a90       ?suicide@RBinArchiveFrameClient_ZIP@zlib@media@modules@UModSys@@UEAAXXZ 0000000180019a90 f i umodsys_lib_libmedia:umodsys.mod.media.zlib.obj
 0001:00018a90       ?suicide@RImage_Memory@stdlib@lib2d@modules@UModSys@@UEAAXXZ 0000000180019a90 f i umodsys_lib_lib2d:umodsys.mod.2d.stdlib.obj
 0001:00018a90       ?suicide@RImageFactory_Memory@stdlib@lib2d@modules@UModSys@@UEAAXXZ 0000000180019a90 f i umodsys_lib_lib2d:umodsys.mod.2d.stdlib.obj
 0001:00018a90       ?suicide@RTerminal@SDL_core@ui@modules@UModSys@@UEAAXXZ 0000000180019a90 f i umodsys_lib_libui:umodsys.mod.ui.SDL_core.obj
 0001:00018a90       ?suicide@RTerminal@SDL_GL@ui@modules@UModSys@@UEAAXXZ 0000000180019a90 f i umodsys_lib_libui:umodsys.mod.ui.SDL_GL.obj
 0001:00018a90       ?suicide@RMultiImage@stdlib@lib2d@modules@UModSys@@UEAAXXZ 0000000180019a90 f i umodsys_lib_lib2d:umodsys.mod.2d.stdlib.obj
 0001:00018adc       ?root_get_interface_info@RMultiImage2D_SDL_ttf@SDL_core@ui@modules@UModSys@@UEBAAEBUSUniquePointerInfo@core@5@XZ 0000000180019adc f i umodsys_lib_libui:umodsys.mod.ui.SDL_core.obj
 0001:00018ae4       ?root_get_interface_type@RMultiImage2D_SDL_ttf@SDL_core@ui@modules@UModSys@@UEBAPEBUSUniquePointerInfo@core@5@XZ 0000000180019ae4 f i umodsys_lib_libui:umodsys.mod.ui.SDL_core.obj
 0001:00018aec       ?root_get_other_interface@RMultiImage2D_SDL_ttf@SDL_core@ui@modules@UModSys@@UEBAPEBUIRoot@core@5@PEBUSUniquePointerInfo@75@@Z 0000000180019aec f i umodsys_lib_libui:umodsys.mod.ui.SDL_core.obj
[...]
 0001:0002faa8       ??__F?s_id@?$TObjectUniqueID@UICollector@libui@UModSys@@@tl@UModSys@@2USUniquePointer@core@3@A@@YAXXZ 0000000180030aa8 f    CIL library: CIL module
 0001:0002fab4       ??__F?s_id@?$TObjectUniqueID@UIConsoleHelperInput_UIKey@libui@UModSys@@@tl@UModSys@@2USUniquePointer@core@3@A@@YAXXZ 0000000180030ab4 f    CIL library: CIL module
 0001:0002fac0       ??__F?s_id@?$TObjectUniqueID@UITerminal@libui@UModSys@@@tl@UModSys@@2USUniquePointer@core@3@A@@YAXXZ 0000000180030ac0 f    CIL library: CIL module
 0001:0002facc       ??__F?s_id@?$TObjectUniqueID@UIJoystickController@libui@UModSys@@@tl@UModSys@@2USUniquePointer@core@3@A@@YAXXZ 0000000180030acc f    CIL library: CIL module
 0001:0002fad8       ??__F?s_id@?$TObjectUniqueID@UIMouseController@libui@UModSys@@@tl@UModSys@@2USUniquePointer@core@3@A@@YAXXZ 0000000180030ad8 f    CIL library: CIL module
 0001:0002fae4       ??__F?s_id@?$TObjectUniqueID@UIKeyboardController@libui@UModSys@@@tl@UModSys@@2USUniquePointer@core@3@A@@YAXXZ 0000000180030ae4 f    CIL library: CIL module
 0001:0002faf0       ??__F?s_id@?$TObjectUniqueID@UIConsoleHelperOutputFCS@base@UModSys@@@tl@UModSys@@2USUniquePointer@core@3@A@@YAXXZ 0000000180030af0 f    CIL library: CIL module
 0001:0002fafc       ??__F?s_id@?$TObjectUniqueID@UIConsoleHelperOutput@base@UModSys@@@tl@UModSys@@2USUniquePointer@core@3@A@@YAXXZ 0000000180030afc f    CIL library: CIL module
 0001:0002fb08       ??__F?s_id@?$TObjectUniqueID@UIConsoleHelperInput@base@UModSys@@@tl@UModSys@@2USUniquePointer@core@3@A@@YAXXZ 0000000180030b08 f    CIL library: CIL module
 0001:0002fb14       ??__F?s_id@?$TObjectUniqueID@UIConsoleHelperHistory@base@UModSys@@@tl@UModSys@@2USUniquePointer@core@3@A@@YAXXZ 0000000180030b14 f    CIL library: CIL module
 0001:0002fb20       ??__F?s_id@?$TObjectUniqueID@UIConsoleHelper@base@UModSys@@@tl@UModSys@@2USUniquePointer@core@3@A@@YAXXZ 0000000180030b20 f    CIL library: CIL module
 0001:0002fb2c       ??__F?s_id@?$TObjectUniqueID@UIConsoleExt@base@UModSys@@@tl@UModSys@@2USUniquePointer@core@3@A@@YAXXZ 0000000180030b2c f    CIL library: CIL module
 0001:0002fb38       ??__F?s_id@?$TObjectUniqueID@UISerializeWriter@libmedia@UModSys@@@tl@UModSys@@2USUniquePointer@core@3@A@@YAXXZ 0000000180030b38 f    CIL library: CIL module
 0001:0002fb44       ??__F?s_id@?$TObjectUniqueID@UISerializeReader@libmedia@UModSys@@@tl@UModSys@@2USUniquePointer@core@3@A@@YAXXZ 0000000180030b44 f    CIL library: CIL module
 0001:0002fb50       ??__F?s_id@?$TObjectUniqueID@UIClient@IBinArchiveFrame@libmedia@UModSys@@@tl@UModSys@@2USUniquePointer@core@3@A@@YAXXZ 0000000180030b50 f    CIL library: CIL module
 0001:0002fb5c       ??__F?s_id@?$TObjectUniqueID@UIBinArchiveFrame@libmedia@UModSys@@@tl@UModSys@@2USUniquePointer@core@3@A@@YAXXZ 0000000180030b5c f    CIL library: CIL module
 0001:0002fb68       ??__F?s_id@?$TObjectUniqueID@UILibraryLayered@libmedia@UModSys@@@tl@UModSys@@2USUniquePointer@core@3@A@@YAXXZ 0000000180030b68 f    CIL library: CIL module
 0001:0002fb74       ??__F?s_id@?$TObjectUniqueID@UILibraryObjCache@libmedia@UModSys@@@tl@UModSys@@2USUniquePointer@core@3@A@@YAXXZ 0000000180030b74 f    CIL library: CIL module
 0001:0002fb80       ??__F?s_id@?$TObjectUniqueID@UILibraryObjFilter@libmedia@UModSys@@@tl@UModSys@@2USUniquePointer@core@3@A@@YAXXZ 0000000180030b80 f    CIL library: CIL module
 0001:0002fb8c       ??__F?s_id@?$TObjectUniqueID@UILibraryBinCache@libmedia@UModSys@@@tl@UModSys@@2USUniquePointer@core@3@A@@YAXXZ 0000000180030b8c f    CIL library: CIL module
 0001:0002fb98       ??__F?s_id@?$TObjectUniqueID@UILibraryBinTree@libmedia@UModSys@@@tl@UModSys@@2USUniquePointer@core@3@A@@YAXXZ 0000000180030b98 f    CIL library: CIL module
 0001:0002fba4       ??__F?s_id@?$TObjectUniqueID@UILibrary@libmedia@UModSys@@@tl@UModSys@@2USUniquePointer@core@3@A@@YAXXZ 0000000180030ba4 f    CIL library: CIL module
 0001:0002fbb0       ??__F?s_id@?$TObjectUniqueID@UIBinObjFilter@libmedia@UModSys@@@tl@UModSys@@2USUniquePointer@core@3@A@@YAXXZ 0000000180030bb0 f    CIL library: CIL module
 0001:0002fbbc       ??__F?s_id@?$TObjectUniqueID@UIBinArchive@libmedia@UModSys@@@tl@UModSys@@2USUniquePointer@core@3@A@@YAXXZ 0000000180030bbc f    CIL library: CIL module
 0001:0002fbc8       ??__F?s_id@?$TObjectUniqueID@UILibObject@libmedia@UModSys@@@tl@UModSys@@2USUniquePointer@core@3@A@@YAXXZ 0000000180030bc8 f    CIL library: CIL module
 0001:0002fbd4       ??__F?s_id@?$TObjectUniqueID@UIUtilities@libmedia@UModSys@@@tl@UModSys@@2USUniquePointer@core@3@A@@YAXXZ 0000000180030bd4 f    CIL library: CIL module
 0001:0002fbe0       ??__F?s_id@?$TObjectUniqueID@UIStreamWriter@libmedia@UModSys@@@tl@UModSys@@2USUniquePointer@core@3@A@@YAXXZ 0000000180030be0 f    CIL library: CIL module
 0001:0002fbec       ??__F?s_id@?$TObjectUniqueID@UIStreamReader@libmedia@UModSys@@@tl@UModSys@@2USUniquePointer@core@3@A@@YAXXZ 0000000180030bec f    CIL library: CIL module
 0001:0002fbf8       ??__F?s_id@?$TObjectUniqueID@UISystem@base@UModSys@@@tl@UModSys@@2USUniquePointer@core@3@A@@YAXXZ 0000000180030bf8 f    CIL library: CIL module
 0001:0002fc04       ??__F?s_id@?$TObjectUniqueID@UIShell@base@UModSys@@@tl@UModSys@@2USUniquePointer@core@3@A@@YAXXZ 0000000180030c04 f    CIL library: CIL module
 0001:0002fc10       ??__F?s_id@?$TObjectUniqueID@UIGenerator@base@UModSys@@@tl@UModSys@@2USUniquePointer@core@3@A@@YAXXZ 0000000180030c10 f    CIL library: CIL module
 0001:0002fc1c       ??__F?s_id@?$TObjectUniqueID@UIModObject@base@UModSys@@@tl@UModSys@@2USUniquePointer@core@3@A@@YAXXZ 0000000180030c1c f    CIL library: CIL module
 0001:0002fc28       ??__F?s_id@?$TObjectUniqueID@UIModuleLibrary@base@UModSys@@@tl@UModSys@@2USUniquePointer@core@3@A@@YAXXZ 0000000180030c28 f    CIL library: CIL module
 0001:0002fc34       ??__F?s_id@?$TObjectUniqueID@UIModule@base@UModSys@@@tl@UModSys@@2USUniquePointer@core@3@A@@YAXXZ 0000000180030c34 f    CIL library: CIL module
 0001:0002fc40       ??__F?s_id@?$TObjectUniqueID@UIConsole@base@UModSys@@@tl@UModSys@@2USUniquePointer@core@3@A@@YAXXZ 0000000180030c40 f    CIL library: CIL module
 0001:0002fc4c       ??__F?s_id@?$TObjectUniqueID@UIParameters@core@UModSys@@@tl@UModSys@@2USUniquePointer@core@3@A@@YAXXZ 0000000180030c4c f    CIL library: CIL module
 0001:0002fc58       ??__F?s_id@?$TObjectUniqueID@UIRefObject@core@UModSys@@@tl@UModSys@@2USUniquePointer@core@3@A@@YAXXZ 0000000180030c58 f    CIL library: CIL module
 0001:0002fc64       ??__F?s_id@?$TObjectUniqueID@UIRoot@core@UModSys@@@tl@UModSys@@2USUniquePointer@core@3@A@@YAXXZ 0000000180030c64 f    CIL library: CIL module
 0001:0002fc70       ??__Fs_dbg@stdlib@lib2d@modules@UModSys@@YAXXZ 0000000180030c70 f    CIL library: CIL module
 0001:0002fc94       ??__F?s_modreg@RModuleReg@stdlib@lib2d@modules@UModSys@@2U12345@A@@YAXXZ 0000000180030c94 f    CIL library: CIL module
 0001:0002fca4       ??__F?s_modreg_chain@RModuleReg@stdlib@lib2d@modules@UModSys@@2USModuleRegChain@base@5@A@@YAXXZ 0000000180030ca4 f    CIL library: CIL module
 0001:0002fcb0       ??__F?s_uid@RGenerator@stdlib@lib2d@modules@UModSys@@2USUniquePointer@core@5@A@@YAXXZ 0000000180030cb0 f    CIL library: CIL module
 0001:0002fcbc       ??__Fh@?1??s_holder@RGenerator@stdlib@lib2d@modules@UModSys@@SAAEAU?$TTypeStaticHolder@URGenerator@stdlib@lib2d@modules@UModSys@@@tl@5@XZ@YAXXZ 0000000180030cbc f    CIL library: CIL module
 0001:0002fce4       ??__F?s_id@?$TObjectUniqueID@URGenerator@stdlib@lib2d@modules@UModSys@@@tl@UModSys@@2USUniquePointer@core@3@A@@YAXXZ 0000000180030ce4 f    CIL library: CIL module
 0001:0002fcf0       ??__F?s_id@?$TObjectUniqueID@URMultiImage@stdlib@lib2d@modules@UModSys@@@tl@UModSys@@2USUniquePointer@core@3@A@@YAXXZ 0000000180030cf0 f    CIL library: CIL module
 0001:0002fcfc       ??__F?s_id@?$TObjectUniqueID@URImageFactory_Memory@stdlib@lib2d@modules@UModSys@@@tl@UModSys@@2USUniquePointer@core@3@A@@YAXXZ 0000000180030cfc f    CIL library: CIL module
 0001:0002fd08       ??__F?s_id@?$TObjectUniqueID@URImage_Memory@stdlib@lib2d@modules@UModSys@@@tl@UModSys@@2USUniquePointer@core@3@A@@YAXXZ 0000000180030d08 f    CIL library: CIL module
 0001:0002fd14       ??__Fs_dbg@SDL_GL@ui@modules@UModSys@@YAXXZ 0000000180030d14 f    CIL library: CIL module
 0001:0002fd38       ??__F?s_modreg@RModuleReg@SDL_GL@ui@modules@UModSys@@2U12345@A@@YAXXZ 0000000180030d38 f    CIL library: CIL module
 0001:0002fd48       ??__F?s_modreg_chain@RModuleReg@SDL_GL@ui@modules@UModSys@@2USModuleRegChain@base@5@A@@YAXXZ 0000000180030d48 f    CIL library: CIL module
 0001:0002fd54       ??__F?s_uid@RGenerator@SDL_GL@ui@modules@UModSys@@2USUniquePointer@core@5@A@@YAXXZ 0000000180030d54 f    CIL library: CIL module
 0001:0002fd60       ??__Fh@?1??s_holder@RGenerator@SDL_GL@ui@modules@UModSys@@SAAEAU?$TTypeStaticHolder@URGenerator@SDL_GL@ui@modules@UModSys@@@tl@5@XZ@YAXXZ 0000000180030d60 f    CIL library: CIL module
 0001:0002fd88       ??__F?s_id@?$TObjectUniqueID@URGenerator@SDL_GL@ui@modules@UModSys@@@tl@UModSys@@2USUniquePointer@core@3@A@@YAXXZ 0000000180030d88 f    CIL library: CIL module
 0001:0002fd94       ??__F?s_id@?$TObjectUniqueID@URTerminalX@SDL_GL@ui@modules@UModSys@@@tl@UModSys@@2USUniquePointer@core@3@A@@YAXXZ 0000000180030d94 f    CIL library: CIL module
 0001:0002fda0       ??__F?s_id@?$TObjectUniqueID@URRenderDriver3D@SDL_GL@ui@modules@UModSys@@@tl@UModSys@@2USUniquePointer@core@3@A@@YAXXZ 0000000180030da0 f    CIL library: CIL module
 0001:0002fdac       ??__F?s_id@?$TObjectUniqueID@URTerminal@SDL_GL@ui@modules@UModSys@@@tl@UModSys@@2USUniquePointer@core@3@A@@YAXXZ 0000000180030dac f    CIL library: CIL module
 0001:0002fdb8       ??__F?s_id@?$TObjectUniqueID@URMouseController@SDL_GL@ui@modules@UModSys@@@tl@UModSys@@2USUniquePointer@core@3@A@@YAXXZ 0000000180030db8 f    CIL library: CIL module
 0001:0002fdc4       ??__F?s_id@?$TObjectUniqueID@URKeyboardController@SDL_GL@ui@modules@UModSys@@@tl@UModSys@@2USUniquePointer@core@3@A@@YAXXZ 0000000180030dc4 f    CIL library: CIL module
 0001:0002fdd0       ??__F?s_id@?$TObjectUniqueID@UIRenderDriver@lib3d@UModSys@@@tl@UModSys@@2USUniquePointer@core@3@A@@YAXXZ 0000000180030dd0 f    CIL library: CIL module
 0001:0002fddc       ??__F?s_id@?$TObjectUniqueID@UITextureCells@lib3d@UModSys@@@tl@UModSys@@2USUniquePointer@core@3@A@@YAXXZ 0000000180030ddc f    CIL library: CIL module
 0001:0002fde8       ??__F?s_id@?$TObjectUniqueID@UITexture@lib3d@UModSys@@@tl@UModSys@@2USUniquePointer@core@3@A@@YAXXZ 0000000180030de8 f    CIL library: CIL module
 0001:0002fdf4       ??__F?s_id@?$TObjectUniqueID@UIRenderer@lib3d@UModSys@@@tl@UModSys@@2USUniquePointer@core@3@A@@YAXXZ 0000000180030df4 f    CIL library: CIL module
 0001:0002fe00       ??__F?s_id@?$TObjectUniqueID@UISharedLibrary@lib3d@UModSys@@@tl@UModSys@@2USUniquePointer@core@3@A@@YAXXZ 0000000180030e00 f    CIL library: CIL module
 0001:0002fe0c       ??__Fs_dbg@SDL_core@ui@modules@UModSys@@YAXXZ 0000000180030e0c f    CIL library: CIL module
 0001:0002fe30       ??__F?s_modreg@RModuleReg@SDL_core@ui@modules@UModSys@@2U12345@A@@YAXXZ 0000000180030e30 f    CIL library: CIL module
 0001:0002fe40       ??__F?s_modreg_chain@RModuleReg@SDL_core@ui@modules@UModSys@@2USModuleRegChain@base@5@A@@YAXXZ 0000000180030e40 f    CIL library: CIL module
 0001:0002fe4c       ??__F?s_uid@RGenerator@SDL_core@ui@modules@UModSys@@2USUniquePointer@core@5@A@@YAXXZ 0000000180030e4c f    CIL library: CIL module
 0001:0002fe58       ??__Fh@?1??s_holder@RGenerator@SDL_core@ui@modules@UModSys@@SAAEAU?$TTypeStaticHolder@URGenerator@SDL_core@ui@modules@UModSys@@@tl@5@XZ@YAXXZ 0000000180030e58 f    CIL library: CIL module
 0001:0002fe80       ??__F?s_id@?$TObjectUniqueID@URGenerator@SDL_core@ui@modules@UModSys@@@tl@UModSys@@2USUniquePointer@core@3@A@@YAXXZ 0000000180030e80 f    CIL library: CIL module
 0001:0002fe8c       ??__F?s_id@?$TObjectUniqueID@URTerminalX@SDL_core@ui@modules@UModSys@@@tl@UModSys@@2USUniquePointer@core@3@A@@YAXXZ 0000000180030e8c f    CIL library: CIL module
 0001:0002fe98       ??__F?s_id@?$TObjectUniqueID@URRenderDriver2D@SDL_core@ui@modules@UModSys@@@tl@UModSys@@2USUniquePointer@core@3@A@@YAXXZ 0000000180030e98 f    CIL library: CIL module
 0001:0002fea4       ??__F?s_id@?$TObjectUniqueID@URMultiImage2D_SDL_ttf@SDL_core@ui@modules@UModSys@@@tl@UModSys@@2USUniquePointer@core@3@A@@YAXXZ 0000000180030ea4 f    CIL library: CIL module
 0001:0002feb0       ??__F?s_id@?$TObjectUniqueID@URTerminal@SDL_core@ui@modules@UModSys@@@tl@UModSys@@2USUniquePointer@core@3@A@@YAXXZ 0000000180030eb0 f    CIL library: CIL module
 0001:0002febc       ??__F?s_id@?$TObjectUniqueID@URMouseController@SDL_core@ui@modules@UModSys@@@tl@UModSys@@2USUniquePointer@core@3@A@@YAXXZ 0000000180030ebc f    CIL library: CIL module
 0001:0002fec8       ??__F?s_id@?$TObjectUniqueID@URKeyboardController@SDL_core@ui@modules@UModSys@@@tl@UModSys@@2USUniquePointer@core@3@A@@YAXXZ 0000000180030ec8 f    CIL library: CIL module
 0001:0002fed4       ??__Fs_dbg@frames@ui@modules@UModSys@@YAXXZ 0000000180030ed4 f    CIL library: CIL module
 0001:0002fef8       ??__F?s_modreg@RModuleReg@frames@ui@modules@UModSys@@2U12345@A@@YAXXZ 0000000180030ef8 f    CIL library: CIL module
 0001:0002ff08       ??__F?s_modreg_chain@RModuleReg@frames@ui@modules@UModSys@@2USModuleRegChain@base@5@A@@YAXXZ 0000000180030f08 f    CIL library: CIL module
 0001:0002ff14       ??__F?s_uid@RGenerator@frames@ui@modules@UModSys@@2USUniquePointer@core@5@A@@YAXXZ 0000000180030f14 f    CIL library: CIL module
 0001:0002ff20       ??__Fh@?1??s_holder@RGenerator@frames@ui@modules@UModSys@@SAAEAU?$TTypeStaticHolder@URGenerator@frames@ui@modules@UModSys@@@tl@5@XZ@YAXXZ 0000000180030f20 f    CIL library: CIL module
 0001:0002ff48       ??__F?s_id@?$TObjectUniqueID@URGenerator@frames@ui@modules@UModSys@@@tl@UModSys@@2USUniquePointer@core@3@A@@YAXXZ 0000000180030f48 f    CIL library: CIL module
 0001:0002ff54       ??__F?s_id@?$TObjectUniqueID@URCollector@frames@ui@modules@UModSys@@@tl@UModSys@@2USUniquePointer@core@3@A@@YAXXZ 0000000180030f54 f    CIL library: CIL module
 0001:0002ff60       ??__F?s_id@?$TObjectUniqueID@URFrame_List@frames@ui@modules@UModSys@@@tl@UModSys@@2USUniquePointer@core@3@A@@YAXXZ 0000000180030f60 f    CIL library: CIL module
 0001:0002ff6c       ??__F?s_id@?$TObjectUniqueID@URFrame_Edit@frames@ui@modules@UModSys@@@tl@UModSys@@2USUniquePointer@core@3@A@@YAXXZ 0000000180030f6c f    CIL library: CIL module
 0001:0002ff78       ??__F?s_id@?$TObjectUniqueID@URFrame_Button@frames@ui@modules@UModSys@@@tl@UModSys@@2USUniquePointer@core@3@A@@YAXXZ 0000000180030f78 f    CIL library: CIL module
 0001:0002ff84       ??__F?s_id@?$TObjectUniqueID@URFrame_Text@frames@ui@modules@UModSys@@@tl@UModSys@@2USUniquePointer@core@3@A@@YAXXZ 0000000180030f84 f    CIL library: CIL module
 0001:0002ff90       ??__F?s_id@?$TObjectUniqueID@URFrame_Image@frames@ui@modules@UModSys@@@tl@UModSys@@2USUniquePointer@core@3@A@@YAXXZ 0000000180030f90 f    CIL library: CIL module
 0001:0002ff9c       ??__F?s_id@?$TObjectUniqueID@URFrame_Frame@frames@ui@modules@UModSys@@@tl@UModSys@@2USUniquePointer@core@3@A@@YAXXZ 0000000180030f9c f    CIL library: CIL module
 0001:0002ffa8       ??__F?s_id@?$TObjectUniqueID@URDialog@frames@ui@modules@UModSys@@@tl@UModSys@@2USUniquePointer@core@3@A@@YAXXZ 0000000180030fa8 f    CIL library: CIL module
 0001:0002ffb4       ??__F?s_id@?$TObjectUniqueID@URFrame_Common@frames@ui@modules@UModSys@@@tl@UModSys@@2USUniquePointer@core@3@A@@YAXXZ 0000000180030fb4 f    CIL library: CIL module
 0001:0002ffc0       ??__Fs_dbg@images_std@media@modules@UModSys@@YAXXZ 0000000180030fc0 f    CIL library: CIL module
 0001:0002ffe4       ??__F?s_modreg@RModuleReg@images_std@media@modules@UModSys@@2U12345@A@@YAXXZ 0000000180030fe4 f    CIL library: CIL module
 0001:0002fff4       ??__F?s_modreg_chain@RModuleReg@images_std@media@modules@UModSys@@2USModuleRegChain@base@5@A@@YAXXZ 0000000180030ff4 f    CIL library: CIL module
 0001:00030000       ??__F?s_uid@RGenerator@images_std@media@modules@UModSys@@2USUniquePointer@core@5@A@@YAXXZ 0000000180031000 f    CIL library: CIL module
 0001:0003000c       ??__Fh@?1??s_holder@RGenerator@images_std@media@modules@UModSys@@SAAEAU?$TTypeStaticHolder@URGenerator@images_std@media@modules@UModSys@@@tl@5@XZ@YAXXZ 000000018003100c f    CIL library: CIL module
 0001:00030034       ??__F?s_id@?$TObjectUniqueID@URGenerator@images_std@media@modules@UModSys@@@tl@UModSys@@2USUniquePointer@core@3@A@@YAXXZ 0000000180031034 f    CIL library: CIL module
 0001:00030040       ??__F?s_id@?$TObjectUniqueID@URMediaFilter@images_std@media@modules@UModSys@@@tl@UModSys@@2USUniquePointer@core@3@A@@YAXXZ 0000000180031040 f    CIL library: CIL module
 0001:0003004c       ??__Fs_dbg@serialize_json@media@modules@UModSys@@YAXXZ 000000018003104c f    CIL library: CIL module
 0001:00030070       ??__F?s_modreg@RModuleReg@serialize_json@media@modules@UModSys@@2U12345@A@@YAXXZ 0000000180031070 f    CIL library: CIL module
 0001:00030080       ??__F?s_modreg_chain@RModuleReg@serialize_json@media@modules@UModSys@@2USModuleRegChain@base@5@A@@YAXXZ 0000000180031080 f    CIL library: CIL module
 0001:0003008c       ??__F?s_uid@RGenerator@serialize_json@media@modules@UModSys@@2USUniquePointer@core@5@A@@YAXXZ 000000018003108c f    CIL library: CIL module
 0001:00030098       ??__Fh@?1??s_holder@RGenerator@serialize_json@media@modules@UModSys@@SAAEAU?$TTypeStaticHolder@URGenerator@serialize_json@media@modules@UModSys@@@tl@5@XZ@YAXXZ 0000000180031098 f    CIL library: CIL module
 0001:000300c0       ??__F?s_id@?$TObjectUniqueID@URGenerator@serialize_json@media@modules@UModSys@@@tl@UModSys@@2USUniquePointer@core@3@A@@YAXXZ 00000001800310c0 f    CIL library: CIL module
 0001:000300cc       ??__F?s_id@?$TObjectUniqueID@URSerializeWriter@serialize_json@media@modules@UModSys@@@tl@UModSys@@2USUniquePointer@core@3@A@@YAXXZ 00000001800310cc f    CIL library: CIL module
 0001:000300d8       ??__F?s_id@?$TObjectUniqueID@URSerializeReader@serialize_json@media@modules@UModSys@@@tl@UModSys@@2USUniquePointer@core@3@A@@YAXXZ 00000001800310d8 f    CIL library: CIL module
 0001:000300e4       ??__Fs_dbg@zlib@media@modules@UModSys@@YAXXZ 00000001800310e4 f    CIL library: CIL module
 0001:00030108       ??__F?s_modreg@RModuleReg@zlib@media@modules@UModSys@@2U12345@A@@YAXXZ 0000000180031108 f    CIL library: CIL module
 0001:00030118       ??__F?s_modreg_chain@RModuleReg@zlib@media@modules@UModSys@@2USModuleRegChain@base@5@A@@YAXXZ 0000000180031118 f    CIL library: CIL module
 0001:00030124       ??__F?s_uid@RGenerator@zlib@media@modules@UModSys@@2USUniquePointer@core@5@A@@YAXXZ 0000000180031124 f    CIL library: CIL module
 0001:00030130       ??__Fh@?1??s_holder@RGenerator@zlib@media@modules@UModSys@@SAAEAU?$TTypeStaticHolder@URGenerator@zlib@media@modules@UModSys@@@tl@5@XZ@YAXXZ 0000000180031130 f    CIL library: CIL module
 0001:00030158       ??__F?s_id@?$TObjectUniqueID@URGenerator@zlib@media@modules@UModSys@@@tl@UModSys@@2USUniquePointer@core@3@A@@YAXXZ 0000000180031158 f    CIL library: CIL module
 0001:00030164       ??__F?s_id@?$TObjectUniqueID@URBinArchiveFrameClient_ZIP@zlib@media@modules@UModSys@@@tl@UModSys@@2USUniquePointer@core@3@A@@YAXXZ 0000000180031164 f    CIL library: CIL module
 0001:00030170       ??__FM@UModSys@@YAXXZ      0000000180031170 f    CIL library: CIL module
 0001:00030174       ??__F?root@SModuleRegChain@base@UModSys@@2U123@A@@YAXXZ 0000000180031174 f    CIL library: CIL module
 0001:00030180       ??__F?s_library@RModuleLibraryReg_Chain@base@UModSys@@2U123@A@@YAXXZ 0000000180031180 f    CIL library: CIL module
 0001:00030190       ??__F?root@SUniquePointer@core@UModSys@@2U123@A@@YAXXZ 0000000180031190 f    CIL library: CIL module

 Exports

  ordinal    name

        1    UModSys_Plugin_Entry2
