 umodsysc

 Timestamp is 53327dc3 (Wed Mar 26 10:12:03 2014)

 Preferred load address is 0000000140000000

 Start         Length     Name                   Class
 0001:00000000 000132ccH .text                   CODE
 0001:000132d0 0000005eH .text$00                CODE
 0001:00013330 00000e70H .text$x                 CODE
 0001:000141a0 00000ae0H .text$yc                CODE
 0001:00014c80 00000424H .text$yd                CODE
 0002:00000000 00000268H .idata$5                DATA
 0002:00000268 00000008H .CRT$XCA                DATA
 0002:00000270 00000008H .CRT$XCAA               DATA
 0002:00000278 000006f0H .CRT$XCU                DATA
 0002:00000968 00000008H .CRT$XCZ                DATA
 0002:00000970 00000008H .CRT$XIA                DATA
 0002:00000978 00000008H .CRT$XIAA               DATA
 0002:00000980 00000008H .CRT$XIY                DATA
 0002:00000988 00000008H .CRT$XIZ                DATA
 0002:00000990 00003418H .rdata                  DATA
 0002:00003db0 0000207cH .rdata$r                DATA
 0002:00005e30 00000008H .rtc$IAA                DATA
 0002:00005e38 00000008H .rtc$IZZ                DATA
 0002:00005e40 00000008H .rtc$TAA                DATA
 0002:00005e48 00000008H .rtc$TZZ                DATA
 0002:00005e50 00001ef8H .xdata                  DATA
 0002:00007d48 000000e4H .xdata$x                DATA
 0002:00007e2c 00000028H .idata$2                DATA
 0002:00007e54 00000014H .idata$3                DATA
 0002:00007e68 00000268H .idata$4                DATA
 0002:000080d0 000004a4H .idata$6                DATA
 0002:00008580 00000055H .edata                  DATA
 0003:00000000 000012a4H .data                   DATA
 0003:000012b0 00002b50H .bss                    DATA
 0004:00000000 000017e8H .pdata                  DATA

  Address         Publics by Value              Rva+Base               Lib:Object

 0000:00000000       ___safe_se_handler_count   0000000000000000     <absolute>
 0000:00000000       ___safe_se_handler_table   0000000000000000     <absolute>
 0000:00000000       __ImageBase                0000000140000000     <linker-defined>
 0001:00000000       main                       0000000140001000 f   umodsys.c_main.obj
 0001:000004ec       ??0?$TString@U?$TSCoreConst@D@su@tl@UModSys@@U?$TComparerBinaryHash@D@234@@tl@UModSys@@QEAA@PEBD@Z 00000001400014ec f i umodsys.c_main.obj
 0001:0000056c       ??1SInfo@IBinObjFilter@libmedia@UModSys@@QEAA@XZ 000000014000156c f i umodsys_lib_libmedia:umodsys.mod.media.stdlib.obj
 0001:0000056c       ??1SCMemShared@core@UModSys@@QEAA@XZ 000000014000156c f i umodsys_lib_libmedia:umodsys.mod.media.stdlib.obj
 0001:0000056c       ??1SMemShared@core@UModSys@@QEAA@XZ 000000014000156c f i umodsys_lib_libmedia:umodsys.mod.media.stdio.obj
 0001:0000059c       ??6SUniquePtrList@core@UModSys@@QEAAAEAU012@PEBUSUniquePointerInfo@12@@Z 000000014000159c f i umodsys_lib_libmedia:umodsys.mod.media.stdio.obj
 0001:00000654       ??3IRoot@core@UModSys@@SAXPEAXAEBUSIMemAlloc@12@@Z 0000000140001654 f i umodsys_lib_libmedia:umodsys.mod.media.stdio.obj
 0001:00000680       ??1?$TString@U?$TSCoreShared@USIMemAlloc@core@UModSys@@D@su@tl@UModSys@@U?$TComparerBinaryHash@D@234@@tl@UModSys@@QEAA@XZ 0000000140001680 f i umodsys_lib_libmedia:umodsys.mod.media.stdio.obj
 0001:00000680       ??1?$TStringBuf@U?$TSCoreShared@USIMemAlloc@core@UModSys@@D@su@tl@UModSys@@U?$TComparerBinaryHash@D@234@@tl@UModSys@@QEAA@XZ 0000000140001680 f i umodsys_lib_libmedia:umodsys.mod.media.stdlib.obj
 0001:00000680       ??1?$TSCoreShared@USIMemAlloc@core@UModSys@@D@su@tl@UModSys@@QEAA@XZ 0000000140001680 f i umodsys_lib_libmedia:umodsys.mod.media.stdio.obj
 0001:00000688       ?archive_load_data@libmedia@UModSys@@YA_NAEAUIBinArchive@12@AEBU?$TString@U?$TSCoreConst@D@su@tl@UModSys@@U?$TComparerBinaryHash@D@234@@tl@2@AEAUSCMemShared@core@2@AEBUSFlags@12@@Z 0000000140001688 f i umodsys_lib_libmedia:umodsys.mod.media.stdio.obj
 0001:0000087c       ?root_get_interface_info@RStreamReader_FILE@stdio@media@modules@UModSys@@UEBAAEBUSUniquePointerInfo@core@5@XZ 000000014000187c f i umodsys_lib_libmedia:umodsys.mod.media.stdio.obj
 0001:00000884       ?root_get_interface_type@RStreamReader_FILE@stdio@media@modules@UModSys@@UEBAPEBUSUniquePointerInfo@core@5@XZ 0000000140001884 f i umodsys_lib_libmedia:umodsys.mod.media.stdio.obj
 0001:0000088c       ?root_get_other_interface@RStreamReader_FILE@stdio@media@modules@UModSys@@UEBAPEBUIRoot@core@5@PEBUSUniquePointerInfo@75@@Z 000000014000188c f i umodsys_lib_libmedia:umodsys.mod.media.stdio.obj
 0001:0000088c       ?root_get_other_interface@RStreamReader_FILE@stdio@media@modules@UModSys@@UEAAPEAUIRoot@core@5@PEBUSUniquePointerInfo@75@@Z 000000014000188c f i umodsys_lib_libmedia:umodsys.mod.media.stdio.obj
 0001:000008bc       ?root_is_interface_supported@RStreamReader_FILE@stdio@media@modules@UModSys@@UEBA_NPEBUSUniquePointerInfo@core@5@@Z 00000001400018bc f i umodsys_lib_libmedia:umodsys.mod.media.stdio.obj
 0001:000008ec       ?ref_add@RStreamReader_FILE@stdio@media@modules@UModSys@@UEBAXXZ 00000001400018ec f i umodsys_lib_libmedia:umodsys.mod.media.stdio.obj
 0001:000008ec       ?ref_add@RUtilities@stdlib@media@modules@UModSys@@UEBAXXZ 00000001400018ec f i umodsys_lib_libmedia:umodsys.mod.media.stdlib.obj
 0001:000008ec       ?ref_add@RGenerator@stdlib@media@modules@UModSys@@UEBAXXZ 00000001400018ec f i umodsys_lib_libmedia:umodsys.mod.media.stdlib.obj
 0001:000008ec       ?ref_add@RStreamWriter_FILE@stdio@media@modules@UModSys@@UEBAXXZ 00000001400018ec f i umodsys_lib_libmedia:umodsys.mod.media.stdio.obj
 0001:000008ec       ?ref_add@RGenerator@stdio@media@modules@UModSys@@UEBAXXZ 00000001400018ec f i umodsys_lib_libmedia:umodsys.mod.media.stdio.obj
 0001:000008f0       ??0RStreamReader_FILE@stdio@media@modules@UModSys@@QEAA@PEAUIModObject@base@4@AEBUSParameters@core@4@@Z 00000001400018f0 f i umodsys_lib_libmedia:umodsys.mod.media.stdio.obj
 0001:000009ec       ?reader_seek@RStreamReader_FILE@stdio@media@modules@UModSys@@UEAA_N_J@Z 00000001400019ec f i umodsys_lib_libmedia:umodsys.mod.media.stdio.obj
 0001:00000a18       ?reader_seekend@RStreamReader_FILE@stdio@media@modules@UModSys@@UEAA_N_J@Z 0000000140001a18 f i umodsys_lib_libmedia:umodsys.mod.media.stdio.obj
 0001:00000a48       ?reader_seekdelta@RStreamReader_FILE@stdio@media@modules@UModSys@@UEAA_N_J@Z 0000000140001a48 f i umodsys_lib_libmedia:umodsys.mod.media.stdio.obj
 0001:00000a74       ?reader_pos@RStreamReader_FILE@stdio@media@modules@UModSys@@UEAA_JXZ 0000000140001a74 f i umodsys_lib_libmedia:umodsys.mod.media.stdio.obj
 0001:00000a90       ?reader_size@RStreamReader_FILE@stdio@media@modules@UModSys@@UEAA_JXZ 0000000140001a90 f i umodsys_lib_libmedia:umodsys.mod.media.stdio.obj
 0001:00000a98       ?reader_read@RStreamReader_FILE@stdio@media@modules@UModSys@@UEAA_NPEAX_K@Z 0000000140001a98 f i umodsys_lib_libmedia:umodsys.mod.media.stdio.obj
 0001:00000b18       ?reader_close@RStreamReader_FILE@stdio@media@modules@UModSys@@UEAAXXZ 0000000140001b18 f i umodsys_lib_libmedia:umodsys.mod.media.stdio.obj
 0001:00000b3c       ??_GRStreamReader_FILE@stdio@media@modules@UModSys@@UEAAPEAXI@Z 0000000140001b3c f i umodsys_lib_libmedia:umodsys.mod.media.stdio.obj
 0001:00000b3c       ??_ERStreamReader_FILE@stdio@media@modules@UModSys@@UEAAPEAXI@Z 0000000140001b3c f i  CIL library: CIL module
 0001:00000b90       ??_ERGenerator@stdio@media@modules@UModSys@@UEAAPEAXI@Z 0000000140001b90 f i  CIL library: CIL module
 0001:00000b90       ??_EIRoot@core@UModSys@@UEAAPEAXI@Z 0000000140001b90 f i  CIL library: CIL module
 0001:00000b90       ??_ERParameters@rsystem@base@UModSys@@UEAAPEAXI@Z 0000000140001b90 f i  CIL library: CIL module
 0001:00000b90       ??_GRGenerator@stdlib@media@modules@UModSys@@UEAAPEAXI@Z 0000000140001b90 f i umodsys_lib_libmedia:umodsys.mod.media.stdlib.obj
 0001:00000b90       ??_GRParameters@rsystem@base@UModSys@@UEAAPEAXI@Z 0000000140001b90 f i umodsys_lib_basesys:umodsys.basesys.rparameters.obj
 0001:00000b90       ??_ERGenerator@stdlib@media@modules@UModSys@@UEAAPEAXI@Z 0000000140001b90 f i  CIL library: CIL module
 0001:00000b90       ??_GRGenerator@stdio@media@modules@UModSys@@UEAAPEAXI@Z 0000000140001b90 f i umodsys_lib_libmedia:umodsys.mod.media.stdio.obj
 0001:00000b90       ??_GIRoot@core@UModSys@@UEAAPEAXI@Z 0000000140001b90 f i umodsys_lib_libmedia:umodsys.mod.media.stdio.obj
 0001:00000bb8       ?root_get_interface_info@RStreamWriter_FILE@stdio@media@modules@UModSys@@UEBAAEBUSUniquePointerInfo@core@5@XZ 0000000140001bb8 f i umodsys_lib_libmedia:umodsys.mod.media.stdio.obj
 0001:00000bc0       ?root_get_interface_type@RStreamWriter_FILE@stdio@media@modules@UModSys@@UEBAPEBUSUniquePointerInfo@core@5@XZ 0000000140001bc0 f i umodsys_lib_libmedia:umodsys.mod.media.stdio.obj
 0001:00000bc8       ?root_get_interface_types@RModuleLibrarySO@rsystem@base@UModSys@@UEBA_KAEAUSUniquePtrList@core@4@@Z 0000000140001bc8 f i umodsys_lib_basesys:umodsys.basesys.rmodulelibso.obj
 0001:00000bc8       ?root_get_interface_types@RGenerator@stdio@media@modules@UModSys@@UEBA_KAEAUSUniquePtrList@core@5@@Z 0000000140001bc8 f i umodsys_lib_libmedia:umodsys.mod.media.stdio.obj
 0001:00000bc8       ?root_get_interface_types@RLibraryBinCache@stdlib@media@modules@UModSys@@UEBA_KAEAUSUniquePtrList@core@5@@Z 0000000140001bc8 f i umodsys_lib_libmedia:umodsys.mod.media.stdlib.obj
 0001:00000bc8       ?root_get_interface_types@RDataArchiver_OsDir@stdio@media@modules@UModSys@@UEBA_KAEAUSUniquePtrList@core@5@@Z 0000000140001bc8 f i umodsys_lib_libmedia:umodsys.mod.media.stdio.obj
 0001:00000bc8       ?root_get_interface_types@RLibraryObjCache@stdlib@media@modules@UModSys@@UEBA_KAEAUSUniquePtrList@core@5@@Z 0000000140001bc8 f i umodsys_lib_libmedia:umodsys.mod.media.stdlib.obj
 0001:00000bc8       ?root_get_interface_types@RUtilities@stdlib@media@modules@UModSys@@UEBA_KAEAUSUniquePtrList@core@5@@Z 0000000140001bc8 f i umodsys_lib_libmedia:umodsys.mod.media.stdlib.obj
 0001:00000bc8       ?root_get_interface_types@RModuleLibraryThis@rsystem@base@UModSys@@UEBA_KAEAUSUniquePtrList@core@4@@Z 0000000140001bc8 f i umodsys_lib_basesys:umodsys.basesys.rmodulelibthis.obj
 0001:00000bc8       ?root_get_interface_types@RLibraryObjFilter@stdlib@media@modules@UModSys@@UEBA_KAEAUSUniquePtrList@core@5@@Z 0000000140001bc8 f i umodsys_lib_libmedia:umodsys.mod.media.stdlib.obj
 0001:00000bc8       ?root_get_interface_types@RGenerator@stdlib@media@modules@UModSys@@UEBA_KAEAUSUniquePtrList@core@5@@Z 0000000140001bc8 f i umodsys_lib_libmedia:umodsys.mod.media.stdlib.obj
 0001:00000bc8       ?root_get_interface_types@RBinArchiveFrame@stdlib@media@modules@UModSys@@UEBA_KAEAUSUniquePtrList@core@5@@Z 0000000140001bc8 f i umodsys_lib_libmedia:umodsys.mod.media.stdlib.obj
 0001:00000bc8       ?root_get_interface_types@RLibraryLayered@stdlib@media@modules@UModSys@@UEBA_KAEAUSUniquePtrList@core@5@@Z 0000000140001bc8 f i umodsys_lib_libmedia:umodsys.mod.media.stdlib.obj
 0001:00000bc8       ?root_get_interface_types@RModule@rsystem@base@UModSys@@UEBA_KAEAUSUniquePtrList@core@4@@Z 0000000140001bc8 f i umodsys_lib_basesys:umodsys.basesys.rmodule.obj
 0001:00000bc8       ?root_get_interface_types@RStreamReader_FILE@stdio@media@modules@UModSys@@UEBA_KAEAUSUniquePtrList@core@5@@Z 0000000140001bc8 f i umodsys_lib_libmedia:umodsys.mod.media.stdio.obj
 0001:00000bc8       ?root_get_interface_types@RParameters@rsystem@base@UModSys@@UEBA_KAEAUSUniquePtrList@core@4@@Z 0000000140001bc8 f i umodsys_lib_basesys:umodsys.basesys.rparameters.obj
 0001:00000bc8       ?root_get_interface_types@RSystem@rsystem@base@UModSys@@UEBA_KAEAUSUniquePtrList@core@4@@Z 0000000140001bc8 f i umodsys_lib_basesys:umodsys.basesys.rsystem_main.obj
 0001:00000bc8       ?root_get_interface_types@RStreamWriter_FILE@stdio@media@modules@UModSys@@UEBA_KAEAUSUniquePtrList@core@5@@Z 0000000140001bc8 f i umodsys_lib_libmedia:umodsys.mod.media.stdio.obj
 0001:00000bc8       ?root_get_interface_types@RLibraryBinTree@stdlib@media@modules@UModSys@@UEBA_KAEAUSUniquePtrList@core@5@@Z 0000000140001bc8 f i umodsys_lib_libmedia:umodsys.mod.media.stdlib.obj
 0001:00000bc8       ?root_get_interface_types@RConsole_std@rsystem@base@UModSys@@UEBA_KAEAUSUniquePtrList@core@4@@Z 0000000140001bc8 f i umodsys_lib_basesys:umodsys.basesys.rconsole_std.obj
 0001:00000bd0       ?root_get_other_interface@RStreamWriter_FILE@stdio@media@modules@UModSys@@UEAAPEAUIRoot@core@5@PEBUSUniquePointerInfo@75@@Z 0000000140001bd0 f i umodsys_lib_libmedia:umodsys.mod.media.stdio.obj
 0001:00000bd0       ?root_get_other_interface@RStreamWriter_FILE@stdio@media@modules@UModSys@@UEBAPEBUIRoot@core@5@PEBUSUniquePointerInfo@75@@Z 0000000140001bd0 f i umodsys_lib_libmedia:umodsys.mod.media.stdio.obj
 0001:00000c00       ?root_is_interface_supported@RStreamWriter_FILE@stdio@media@modules@UModSys@@UEBA_NPEBUSUniquePointerInfo@core@5@@Z 0000000140001c00 f i umodsys_lib_libmedia:umodsys.mod.media.stdio.obj
 0001:00000c30       ?ref_links@RUtilities@stdlib@media@modules@UModSys@@UEBAHXZ 0000000140001c30 f i umodsys_lib_libmedia:umodsys.mod.media.stdlib.obj
 0001:00000c30       ?ref_links@RGenerator@stdio@media@modules@UModSys@@UEBAHXZ 0000000140001c30 f i umodsys_lib_libmedia:umodsys.mod.media.stdio.obj
 0001:00000c30       ?ref_links@RGenerator@stdlib@media@modules@UModSys@@UEBAHXZ 0000000140001c30 f i umodsys_lib_libmedia:umodsys.mod.media.stdlib.obj
 0001:00000c30       ?ref_links@RStreamWriter_FILE@stdio@media@modules@UModSys@@UEBAHXZ 0000000140001c30 f i umodsys_lib_libmedia:umodsys.mod.media.stdio.obj
 0001:00000c30       ?ref_links@RStreamReader_FILE@stdio@media@modules@UModSys@@UEBAHXZ 0000000140001c30 f i umodsys_lib_libmedia:umodsys.mod.media.stdio.obj
 0001:00000c34       ?ref_weak@RStreamReader_FILE@stdio@media@modules@UModSys@@UEBA_NAEAUWeakPointer@IRefObject@core@5@@Z 0000000140001c34 f i umodsys_lib_libmedia:umodsys.mod.media.stdio.obj
 0001:00000c34       ?ref_weak@RGenerator@stdlib@media@modules@UModSys@@UEBA_NAEAUWeakPointer@IRefObject@core@5@@Z 0000000140001c34 f i umodsys_lib_libmedia:umodsys.mod.media.stdlib.obj
 0001:00000c34       ?ref_weak@RUtilities@stdlib@media@modules@UModSys@@UEBA_NAEAUWeakPointer@IRefObject@core@5@@Z 0000000140001c34 f i umodsys_lib_libmedia:umodsys.mod.media.stdlib.obj
 0001:00000c34       ?ref_weak@RGenerator@stdio@media@modules@UModSys@@UEBA_NAEAUWeakPointer@IRefObject@core@5@@Z 0000000140001c34 f i umodsys_lib_libmedia:umodsys.mod.media.stdio.obj
 0001:00000c34       ?ref_weak@RStreamWriter_FILE@stdio@media@modules@UModSys@@UEBA_NAEAUWeakPointer@IRefObject@core@5@@Z 0000000140001c34 f i umodsys_lib_libmedia:umodsys.mod.media.stdio.obj
 0001:00000c54       ?suicide@RStreamReader_FILE@stdio@media@modules@UModSys@@UEAAXXZ 0000000140001c54 f i umodsys_lib_libmedia:umodsys.mod.media.stdio.obj
 0001:00000c54       ?suicide@RUtilities@stdlib@media@modules@UModSys@@UEAAXXZ 0000000140001c54 f i umodsys_lib_libmedia:umodsys.mod.media.stdlib.obj
 0001:00000c54       ?suicide@RStreamWriter_FILE@stdio@media@modules@UModSys@@UEAAXXZ 0000000140001c54 f i umodsys_lib_libmedia:umodsys.mod.media.stdio.obj
 0001:00000ca0       ??0RStreamWriter_FILE@stdio@media@modules@UModSys@@QEAA@PEAUIModObject@base@4@AEBUSParameters@core@4@@Z 0000000140001ca0 f i umodsys_lib_libmedia:umodsys.mod.media.stdio.obj
 0001:00000d90       ?open@RStreamWriter_FILE@stdio@media@modules@UModSys@@QEAAXPEBD_N@Z 0000000140001d90 f i umodsys_lib_libmedia:umodsys.mod.media.stdio.obj
 0001:00000e34       ?writer_seek@RStreamWriter_FILE@stdio@media@modules@UModSys@@UEAA_N_J@Z 0000000140001e34 f i umodsys_lib_libmedia:umodsys.mod.media.stdio.obj
 0001:00000e60       ?writer_seekend@RStreamWriter_FILE@stdio@media@modules@UModSys@@UEAA_N_J@Z 0000000140001e60 f i umodsys_lib_libmedia:umodsys.mod.media.stdio.obj
 0001:00000e90       ?writer_seekdelta@RStreamWriter_FILE@stdio@media@modules@UModSys@@UEAA_N_J@Z 0000000140001e90 f i umodsys_lib_libmedia:umodsys.mod.media.stdio.obj
 0001:00000ebc       ?writer_setsize@RStreamWriter_FILE@stdio@media@modules@UModSys@@UEAA_N_J@Z 0000000140001ebc f i umodsys_lib_libmedia:umodsys.mod.media.stdio.obj
 0001:00000f10       ?writer_pos@RStreamWriter_FILE@stdio@media@modules@UModSys@@UEAA_JXZ 0000000140001f10 f i umodsys_lib_libmedia:umodsys.mod.media.stdio.obj
 0001:00000f2c       ?writer_size@RStreamWriter_FILE@stdio@media@modules@UModSys@@UEAA_JXZ 0000000140001f2c f i umodsys_lib_libmedia:umodsys.mod.media.stdio.obj
 0001:00000fac       ?writer_write@RStreamWriter_FILE@stdio@media@modules@UModSys@@UEAA_NPEBX_K@Z 0000000140001fac f i umodsys_lib_libmedia:umodsys.mod.media.stdio.obj
 0001:0000102c       ?writer_copy@RStreamWriter_FILE@stdio@media@modules@UModSys@@UEAA_NPEAUIStreamReader@libmedia@5@_J@Z 000000014000202c f i umodsys_lib_libmedia:umodsys.mod.media.stdio.obj
 0001:000010cc       ?writer_copy@RStreamWriter_FILE@stdio@media@modules@UModSys@@UEAA_NPEAUIStreamReader@libmedia@5@_J1@Z 00000001400020cc f i umodsys_lib_libmedia:umodsys.mod.media.stdio.obj
 0001:00001120       ?writer_close@RStreamWriter_FILE@stdio@media@modules@UModSys@@UEAAXXZ 0000000140002120 f i umodsys_lib_libmedia:umodsys.mod.media.stdio.obj
 0001:0000115c       ?writer_abort@RStreamWriter_FILE@stdio@media@modules@UModSys@@UEAAXXZ 000000014000215c f i umodsys_lib_libmedia:umodsys.mod.media.stdio.obj
 0001:00001198       ??_GRStreamWriter_FILE@stdio@media@modules@UModSys@@UEAAPEAXI@Z 0000000140002198 f i umodsys_lib_libmedia:umodsys.mod.media.stdio.obj
 0001:00001198       ??_ERStreamWriter_FILE@stdio@media@modules@UModSys@@UEAAPEAXI@Z 0000000140002198 f i  CIL library: CIL module
 0001:00001210       ??1IStreamWriter@libmedia@UModSys@@UEAA@XZ 0000000140002210 f i umodsys_lib_libmedia:umodsys.mod.media.stdio.obj
 0001:00001210       ??1IStreamReader@libmedia@UModSys@@UEAA@XZ 0000000140002210 f i umodsys_lib_libmedia:umodsys.mod.media.stdio.obj
 0001:00001210       ??1ISystem@base@UModSys@@UEAA@XZ 0000000140002210 f i umodsys_lib_base:umodsys.base.system.obj
 0001:00001210       ??1IModule@base@UModSys@@UEAA@XZ 0000000140002210 f i umodsys_lib_base:umodsys.base.module.obj
 0001:00001210       ??1IRefObject@core@UModSys@@UEAA@XZ 0000000140002210 f i umodsys_lib_core:umodsys.core.objects.obj
 0001:00001210       ??1IUtilities@libmedia@UModSys@@UEAA@XZ 0000000140002210 f i umodsys_lib_libmedia:umodsys.mod.media.stdlib.obj
 0001:0000121c       ?root_get_interface_info@RDataArchiver_OsDir@stdio@media@modules@UModSys@@UEBAAEBUSUniquePointerInfo@core@5@XZ 000000014000221c f i umodsys_lib_libmedia:umodsys.mod.media.stdio.obj
 0001:00001224       ?root_get_interface_type@RDataArchiver_OsDir@stdio@media@modules@UModSys@@UEBAPEBUSUniquePointerInfo@core@5@XZ 0000000140002224 f i umodsys_lib_libmedia:umodsys.mod.media.stdio.obj
 0001:0000122c       ?root_get_other_interface@RDataArchiver_OsDir@stdio@media@modules@UModSys@@UEAAPEAUIRoot@core@5@PEBUSUniquePointerInfo@75@@Z 000000014000222c f i umodsys_lib_libmedia:umodsys.mod.media.stdio.obj
 0001:0000122c       ?root_get_other_interface@RDataArchiver_OsDir@stdio@media@modules@UModSys@@UEBAPEBUIRoot@core@5@PEBUSUniquePointerInfo@75@@Z 000000014000222c f i umodsys_lib_libmedia:umodsys.mod.media.stdio.obj
 0001:00001264       ?root_is_interface_supported@RDataArchiver_OsDir@stdio@media@modules@UModSys@@UEBA_NPEBUSUniquePointerInfo@core@5@@Z 0000000140002264 f i umodsys_lib_libmedia:umodsys.mod.media.stdio.obj
 0001:0000129c       ??0RDataArchiver_OsDir@stdio@media@modules@UModSys@@QEAA@PEAUIModObject@base@4@AEBUSParameters@core@4@U?$TFlags4State@USMediaFlagUid@libmedia@UModSys@@I@tl@4@@Z 000000014000229c f i umodsys_lib_libmedia:umodsys.mod.media.stdio.obj
 0001:00001510       ?get_flag@RDataArchiver_OsDir@stdio@media@modules@UModSys@@UEBA?AW4eStates@?$TFlags4State@USMediaFlagUid@libmedia@UModSys@@I@tl@5@H@Z 0000000140002510 f i umodsys_lib_libmedia:umodsys.mod.media.stdio.obj
 0001:0000151c       ?get_flags_auto@RDataArchiver_OsDir@stdio@media@modules@UModSys@@UEBA?AU?$TFlags4State@USMediaFlagUid@libmedia@UModSys@@I@tl@5@XZ 000000014000251c f i umodsys_lib_libmedia:umodsys.mod.media.stdio.obj
 0001:00001528       ?set_flag@RDataArchiver_OsDir@stdio@media@modules@UModSys@@UEAA?AW4eStates@?$TFlags4State@USMediaFlagUid@libmedia@UModSys@@I@tl@5@HW46785@@Z 0000000140002528 f i umodsys_lib_libmedia:umodsys.mod.media.stdio.obj
 0001:00001550       ?data_load@RDataArchiver_OsDir@stdio@media@modules@UModSys@@UEAA_NAEBU?$TString@U?$TSCoreConst@D@su@tl@UModSys@@U?$TComparerBinaryHash@D@234@@tl@5@AEAUSCMemShared@core@5@AEBUSFlags@libmedia@5@@Z 0000000140002550 f i umodsys_lib_libmedia:umodsys.mod.media.stdio.obj
 0001:000015b8       ?data_save@RDataArchiver_OsDir@stdio@media@modules@UModSys@@UEAA_NAEBU?$TString@U?$TSCoreConst@D@su@tl@UModSys@@U?$TComparerBinaryHash@D@234@@tl@5@AEBUSCMem@core@5@AEBUSFlags@libmedia@5@@Z 00000001400025b8 f i umodsys_lib_libmedia:umodsys.mod.media.stdio.obj
 0001:00001650       ?data_reader@RDataArchiver_OsDir@stdio@media@modules@UModSys@@UEAA?AU?$TRefObject@UIStreamReader@libmedia@UModSys@@U?$TRefObjectFunc@UIStreamReader@libmedia@UModSys@@@tl@3@@tl@5@AEBU?$TString@U?$TSCoreConst@D@su@tl@UModSys@@U?$TComparerBinaryHash@D@234@@75@AEBUSFlags@libmedia@5@@Z 0000000140002650 f i umodsys_lib_libmedia:umodsys.mod.media.stdio.obj
 0001:00001864       ?data_writer@RDataArchiver_OsDir@stdio@media@modules@UModSys@@UEAA?AU?$TRefObject@UIStreamWriter@libmedia@UModSys@@U?$TRefObjectFunc@UIStreamWriter@libmedia@UModSys@@@tl@3@@tl@5@AEBU?$TString@U?$TSCoreConst@D@su@tl@UModSys@@U?$TComparerBinaryHash@D@234@@75@AEBUSFlags@libmedia@5@@Z 0000000140002864 f i umodsys_lib_libmedia:umodsys.mod.media.stdio.obj
 0001:00001ab0       ?data_info@RDataArchiver_OsDir@stdio@media@modules@UModSys@@UEAA_NAEBU?$TString@U?$TSCoreConst@D@su@tl@UModSys@@U?$TComparerBinaryHash@D@234@@tl@5@_KAEAUSFileInfo@libmedia@5@AEBUSFlags@95@@Z 0000000140002ab0 f i umodsys_lib_libmedia:umodsys.mod.media.stdio.obj
 0001:00001ab0       ?data_list@RDataArchiver_OsDir@stdio@media@modules@UModSys@@UEAA_NAEBU?$TString@U?$TSCoreConst@D@su@tl@UModSys@@U?$TComparerBinaryHash@D@234@@tl@5@_KAEAU?$TIStackSocket@USFileInfo@libmedia@UModSys@@@75@AEBUSFlags@libmedia@5@@Z 0000000140002ab0 f i umodsys_lib_libmedia:umodsys.mod.media.stdio.obj
 0001:00001b04       ?get_permissions@RDataArchiver_OsDir@stdio@media@modules@UModSys@@UEAAHXZ 0000000140002b04 f i umodsys_lib_libmedia:umodsys.mod.media.stdio.obj
 0001:00001b08       ??_ERDataArchiver_OsDir@stdio@media@modules@UModSys@@UEAAPEAXI@Z 0000000140002b08 f i  CIL library: CIL module
 0001:00001b08       ??_GRDataArchiver_OsDir@stdio@media@modules@UModSys@@UEAAPEAXI@Z 0000000140002b08 f i umodsys_lib_libmedia:umodsys.mod.media.stdio.obj
 0001:00001b80       ?get_generated_names@RGenerator@stdio@media@modules@UModSys@@UEBAHAEAUSUniquePtrList@core@5@@Z 0000000140002b80 f i umodsys_lib_libmedia:umodsys.mod.media.stdio.obj
 0001:00001bc4       ?get_generated_types@RGenerator@stdio@media@modules@UModSys@@UEBAHAEAUSUniquePtrList@core@5@PEBUSUniquePointerInfo@75@@Z 0000000140002bc4 f i umodsys_lib_libmedia:umodsys.mod.media.stdio.obj
 0001:00001c90       ?generate@RGenerator@stdio@media@modules@UModSys@@UEAA_NAEAU?$TRefObject@UIRefObject@core@UModSys@@U?$TRefObjectFunc@UIRefObject@core@UModSys@@@tl@3@@tl@5@PEBUSUniquePointerInfo@core@5@AEBUSParameters@95@@Z 0000000140002c90 f i umodsys_lib_libmedia:umodsys.mod.media.stdio.obj
 0001:00001e70       ?root_get_interface_info@RGenerator@stdio@media@modules@UModSys@@UEBAAEBUSUniquePointerInfo@core@5@XZ 0000000140002e70 f i umodsys_lib_libmedia:umodsys.mod.media.stdio.obj
 0001:00001e78       ?root_get_interface_type@RGenerator@stdio@media@modules@UModSys@@UEBAPEBUSUniquePointerInfo@core@5@XZ 0000000140002e78 f i umodsys_lib_libmedia:umodsys.mod.media.stdio.obj
 0001:00001e80       ?root_get_other_interface@RGenerator@stdio@media@modules@UModSys@@UEBAPEBUIRoot@core@5@PEBUSUniquePointerInfo@75@@Z 0000000140002e80 f i umodsys_lib_libmedia:umodsys.mod.media.stdio.obj
 0001:00001e80       ?root_get_other_interface@RGenerator@stdio@media@modules@UModSys@@UEAAPEAUIRoot@core@5@PEBUSUniquePointerInfo@75@@Z 0000000140002e80 f i umodsys_lib_libmedia:umodsys.mod.media.stdio.obj
 0001:00001eb8       ?root_is_interface_supported@RGenerator@stdio@media@modules@UModSys@@UEBA_NPEBUSUniquePointerInfo@core@5@@Z 0000000140002eb8 f i umodsys_lib_libmedia:umodsys.mod.media.stdio.obj
 0001:00001ef0       ?get_uid@RGenerator@stdio@media@modules@UModSys@@UEBAPEBUSUniquePointerInfo@core@5@XZ 0000000140002ef0 f i umodsys_lib_libmedia:umodsys.mod.media.stdio.obj
 0001:00001ef8       ?do_open@RModuleReg@stdio@media@modules@UModSys@@UEAA_NXZ 0000000140002ef8 f i umodsys_lib_libmedia:umodsys.mod.media.stdio.obj
 0001:00001f6c       ?do_close@RModuleReg@stdio@media@modules@UModSys@@UEAA_NXZ 0000000140002f6c f i umodsys_lib_libmedia:umodsys.mod.media.stdio.obj
 0001:00001fbc       ??_GRModuleReg@stdio@media@modules@UModSys@@UEAAPEAXI@Z 0000000140002fbc f i umodsys_lib_libmedia:umodsys.mod.media.stdio.obj
 0001:00001fbc       ??_ERModuleReg@stdlib@media@modules@UModSys@@UEAAPEAXI@Z 0000000140002fbc f i  CIL library: CIL module
 0001:00001fbc       ??_ERModuleReg@stdio@media@modules@UModSys@@UEAAPEAXI@Z 0000000140002fbc f i  CIL library: CIL module
 0001:00001fbc       ??_EIModuleReg@base@UModSys@@UEAAPEAXI@Z 0000000140002fbc f i  CIL library: CIL module
 0001:00001fbc       ??_GRModuleReg@stdlib@media@modules@UModSys@@UEAAPEAXI@Z 0000000140002fbc f i umodsys_lib_libmedia:umodsys.mod.media.stdlib.obj
 0001:00001fbc       ??_GIModuleReg@base@UModSys@@UEAAPEAXI@Z 0000000140002fbc f i umodsys_lib_base:umodsys.base.modulereg.obj
 0001:00001fe4       ?get_module@RGenerator@stdio@media@modules@UModSys@@UEBAPEAUIModule@base@5@XZ 0000000140002fe4 f   umodsys_lib_libmedia:umodsys.mod.media.stdio.obj
 0001:00001fec       ?mod_inc@RGenerator@stdio@media@modules@UModSys@@UEBA_NXZ 0000000140002fec f   umodsys_lib_libmedia:umodsys.mod.media.stdio.obj
 0001:00002000       ?mod_dec@RGenerator@stdio@media@modules@UModSys@@UEBA_NXZ 0000000140003000 f   umodsys_lib_libmedia:umodsys.mod.media.stdio.obj
 0001:00002014       ?s_holder@RGenerator@stdio@media@modules@UModSys@@SAAEAU?$TTypeStaticHolder@URGenerator@stdio@media@modules@UModSys@@@tl@5@XZ 0000000140003014 f   umodsys_lib_libmedia:umodsys.mod.media.stdio.obj
 0001:00002058       ?info_release@?$TSCoreShared@USIMemAlloc@core@UModSys@@D@su@tl@UModSys@@QEAAXXZ 0000000140003058 f i umodsys_lib_libmedia:umodsys.mod.media.stdio.obj
 0001:0000212c       ?info_new@?$TSCoreShared@USIMemAlloc@core@UModSys@@D@su@tl@UModSys@@QEAA_NPEBD_K@Z 000000014000312c f i umodsys_lib_libmedia:umodsys.mod.media.stdio.obj
 0001:00002200       ??$t_gen_param@URStreamWriter_FILE@stdio@media@modules@UModSys@@URGenerator@2345@@IGenerator@base@UModSys@@IEAA_NPEAURGenerator@stdio@media@modules@2@AEAU?$TRefObject@UIRefObject@core@UModSys@@U?$TRefObjectFunc@UIRefObject@core@UModSys@@@tl@3@@tl@2@PEBUSUniquePointerInfo@core@2@AEBUSParameters@core@2@@Z 0000000140003200 f i umodsys_lib_libmedia:umodsys.mod.media.stdio.obj
 0001:000022f4       ??1?$TRefObject@UIModObject@base@UModSys@@U?$TModObjectFunc@UIModObject@base@UModSys@@@tl@3@@tl@UModSys@@QEAA@XZ 00000001400032f4 f i umodsys_lib_libmedia:umodsys.mod.media.stdio.obj
 0001:00002320       ??1SFileInfo@libmedia@UModSys@@QEAA@XZ 0000000140003320 f i umodsys_lib_libmedia:umodsys.mod.media.stdlib.obj
 0001:00002364       ?get_flag@RResolverChain@SFlagsChain@libmedia@UModSys@@UEBA?AW4eStates@?$TFlags4State@USMediaFlagUid@libmedia@UModSys@@I@tl@4@H@Z 0000000140003364 f i umodsys_lib_libmedia:umodsys.mod.media.stdlib.obj
 0001:000023a4       ?bin_reader@ILibrary@libmedia@UModSys@@QEAA?AU?$TRefObject@UIStreamReader@libmedia@UModSys@@U?$TRefObjectFunc@UIStreamReader@libmedia@UModSys@@@tl@3@@tl@3@AEBU?$TString@U?$TSCoreConst@D@su@tl@UModSys@@U?$TComparerBinaryHash@D@234@@53@AEBU?$TFlags4State@USMediaFlagUid@libmedia@UModSys@@I@53@@Z 00000001400033a4 f i umodsys_lib_libmedia:umodsys.mod.media.stdlib.obj
 0001:000023e0       ?bin_writer@ILibrary@libmedia@UModSys@@QEAA?AU?$TRefObject@UIStreamWriter@libmedia@UModSys@@U?$TRefObjectFunc@UIStreamWriter@libmedia@UModSys@@@tl@3@@tl@3@AEBU?$TString@U?$TSCoreConst@D@su@tl@UModSys@@U?$TComparerBinaryHash@D@234@@53@AEBU?$TFlags4State@USMediaFlagUid@libmedia@UModSys@@I@53@@Z 00000001400033e0 f i umodsys_lib_libmedia:umodsys.mod.media.stdlib.obj
 0001:0000241c       ??1SPoint@ILibraryBinTree@libmedia@UModSys@@QEAA@XZ 000000014000341c f i umodsys_lib_libmedia:umodsys.mod.media.stdlib.obj
 0001:00002440       ??0NameNodeCmpUC@IBinArchiveFrame@libmedia@UModSys@@QEAA@AEBU?$TString@U?$TSCoreConst@D@su@tl@UModSys@@U?$TComparerBinaryHash@D@234@@tl@3@@Z 0000000140003440 f i umodsys_lib_libmedia:umodsys.mod.media.stdlib.obj
 0001:000024bc       ?root_get_interface_info@RUtilities@stdlib@media@modules@UModSys@@UEBAAEBUSUniquePointerInfo@core@5@XZ 00000001400034bc f i umodsys_lib_libmedia:umodsys.mod.media.stdlib.obj
 0001:000024c4       ?root_get_interface_type@RUtilities@stdlib@media@modules@UModSys@@UEBAPEBUSUniquePointerInfo@core@5@XZ 00000001400034c4 f i umodsys_lib_libmedia:umodsys.mod.media.stdlib.obj
 0001:000024cc       ?root_get_other_interface@RUtilities@stdlib@media@modules@UModSys@@UEAAPEAUIRoot@core@5@PEBUSUniquePointerInfo@75@@Z 00000001400034cc f i umodsys_lib_libmedia:umodsys.mod.media.stdlib.obj
 0001:000024cc       ?root_get_other_interface@RUtilities@stdlib@media@modules@UModSys@@UEBAPEBUIRoot@core@5@PEBUSUniquePointerInfo@75@@Z 00000001400034cc f i umodsys_lib_libmedia:umodsys.mod.media.stdlib.obj
 0001:000024fc       ?root_is_interface_supported@RUtilities@stdlib@media@modules@UModSys@@UEBA_NPEBUSUniquePointerInfo@core@5@@Z 00000001400034fc f i umodsys_lib_libmedia:umodsys.mod.media.stdlib.obj
 0001:0000252c       ?ref_remove@RGenerator@stdlib@media@modules@UModSys@@UEBAXXZ 000000014000352c f i umodsys_lib_libmedia:umodsys.mod.media.stdlib.obj
 0001:0000252c       ?ref_remove@RStreamWriter_FILE@stdio@media@modules@UModSys@@UEBAXXZ 000000014000352c f i umodsys_lib_libmedia:umodsys.mod.media.stdio.obj
 0001:0000252c       ?ref_remove@RStreamReader_FILE@stdio@media@modules@UModSys@@UEBAXXZ 000000014000352c f i umodsys_lib_libmedia:umodsys.mod.media.stdio.obj
 0001:0000252c       ?ref_remove@RUtilities@stdlib@media@modules@UModSys@@UEBAXXZ 000000014000352c f i umodsys_lib_libmedia:umodsys.mod.media.stdlib.obj
 0001:0000252c       ?ref_remove@RGenerator@stdio@media@modules@UModSys@@UEBAXXZ 000000014000352c f i umodsys_lib_libmedia:umodsys.mod.media.stdio.obj
 0001:00002544       ?root_get_interface_info@RBinArchiveFrame@stdlib@media@modules@UModSys@@UEBAAEBUSUniquePointerInfo@core@5@XZ 0000000140003544 f i umodsys_lib_libmedia:umodsys.mod.media.stdlib.obj
 0001:0000254c       ?root_get_interface_type@RBinArchiveFrame@stdlib@media@modules@UModSys@@UEBAPEBUSUniquePointerInfo@core@5@XZ 000000014000354c f i umodsys_lib_libmedia:umodsys.mod.media.stdlib.obj
 0001:00002554       ?root_get_other_interface@RBinArchiveFrame@stdlib@media@modules@UModSys@@UEBAPEBUIRoot@core@5@PEBUSUniquePointerInfo@75@@Z 0000000140003554 f i umodsys_lib_libmedia:umodsys.mod.media.stdlib.obj
 0001:00002554       ?root_get_other_interface@RBinArchiveFrame@stdlib@media@modules@UModSys@@UEAAPEAUIRoot@core@5@PEBUSUniquePointerInfo@75@@Z 0000000140003554 f i umodsys_lib_libmedia:umodsys.mod.media.stdlib.obj
 0001:00002598       ?root_is_interface_supported@RBinArchiveFrame@stdlib@media@modules@UModSys@@UEBA_NPEBUSUniquePointerInfo@core@5@@Z 0000000140003598 f i umodsys_lib_libmedia:umodsys.mod.media.stdlib.obj
 0001:000025d8       ?ref_add@RBinArchiveFrame@stdlib@media@modules@UModSys@@UEBAXXZ 00000001400035d8 f i umodsys_lib_libmedia:umodsys.mod.media.stdlib.obj
 0001:000025dc       ?ref_remove@RBinArchiveFrame@stdlib@media@modules@UModSys@@UEBAXXZ 00000001400035dc f i umodsys_lib_libmedia:umodsys.mod.media.stdlib.obj
 0001:000025f4       ?ref_links@RBinArchiveFrame@stdlib@media@modules@UModSys@@UEBAHXZ 00000001400035f4 f i umodsys_lib_libmedia:umodsys.mod.media.stdlib.obj
 0001:000025f8       ?ref_weak@RBinArchiveFrame@stdlib@media@modules@UModSys@@UEBA_NAEAUWeakPointer@IRefObject@core@5@@Z 00000001400035f8 f i umodsys_lib_libmedia:umodsys.mod.media.stdlib.obj
 0001:00002618       ?suicide@RBinArchiveFrame@stdlib@media@modules@UModSys@@UEAAXXZ 0000000140003618 f i umodsys_lib_libmedia:umodsys.mod.media.stdlib.obj
 0001:00002664       ??RNN_Add@RBinArchiveFrame@stdlib@media@modules@UModSys@@QEBAPEAUNameNode@IBinArchiveFrame@libmedia@5@AEAUNameNodeCmpUC@785@@Z 0000000140003664 f i umodsys_lib_libmedia:umodsys.mod.media.stdlib.obj
 0001:000027c4       ??RNN_Add@RBinArchiveFrame@stdlib@media@modules@UModSys@@QEBAPEAUNameNode@IBinArchiveFrame@libmedia@5@AEAUNameNodeCmpC@785@@Z 00000001400037c4 f i umodsys_lib_libmedia:umodsys.mod.media.stdlib.obj
 0001:00002928       ?root_get_interface_info@RLibraryBinTree@stdlib@media@modules@UModSys@@UEBAAEBUSUniquePointerInfo@core@5@XZ 0000000140003928 f i umodsys_lib_libmedia:umodsys.mod.media.stdlib.obj
 0001:00002930       ?root_get_interface_type@RLibraryBinTree@stdlib@media@modules@UModSys@@UEBAPEBUSUniquePointerInfo@core@5@XZ 0000000140003930 f i umodsys_lib_libmedia:umodsys.mod.media.stdlib.obj
 0001:00002938       ?root_get_other_interface@RLibraryBinTree@stdlib@media@modules@UModSys@@UEAAPEAUIRoot@core@5@PEBUSUniquePointerInfo@75@@Z 0000000140003938 f i umodsys_lib_libmedia:umodsys.mod.media.stdlib.obj
 0001:00002938       ?root_get_other_interface@RLibraryBinTree@stdlib@media@modules@UModSys@@UEBAPEBUIRoot@core@5@PEBUSUniquePointerInfo@75@@Z 0000000140003938 f i umodsys_lib_libmedia:umodsys.mod.media.stdlib.obj
 0001:0000297c       ?root_is_interface_supported@RLibraryBinTree@stdlib@media@modules@UModSys@@UEBA_NPEBUSUniquePointerInfo@core@5@@Z 000000014000397c f i umodsys_lib_libmedia:umodsys.mod.media.stdlib.obj
 0001:000029bc       ?ref_links@RDataArchiver_OsDir@stdio@media@modules@UModSys@@UEBAHXZ 00000001400039bc f i umodsys_lib_libmedia:umodsys.mod.media.stdio.obj
 0001:000029bc       ?ref_links@RLibraryObjFilter@stdlib@media@modules@UModSys@@UEBAHXZ 00000001400039bc f i umodsys_lib_libmedia:umodsys.mod.media.stdlib.obj
 0001:000029bc       ?ref_links@RLibraryBinCache@stdlib@media@modules@UModSys@@UEBAHXZ 00000001400039bc f i umodsys_lib_libmedia:umodsys.mod.media.stdlib.obj
 0001:000029bc       ?ref_links@RLibraryObjCache@stdlib@media@modules@UModSys@@UEBAHXZ 00000001400039bc f i umodsys_lib_libmedia:umodsys.mod.media.stdlib.obj
 0001:000029bc       ?ref_links@RLibraryBinTree@stdlib@media@modules@UModSys@@UEBAHXZ 00000001400039bc f i umodsys_lib_libmedia:umodsys.mod.media.stdlib.obj
 0001:000029bc       ?ref_links@RParameters@rsystem@base@UModSys@@UEBAHXZ 00000001400039bc f i umodsys_lib_basesys:umodsys.basesys.rparameters.obj
 0001:000029bc       ?ref_links@RLibraryLayered@stdlib@media@modules@UModSys@@UEBAHXZ 00000001400039bc f i umodsys_lib_libmedia:umodsys.mod.media.stdlib.obj
 0001:000029c0       ?suicide@RDataArchiver_OsDir@stdio@media@modules@UModSys@@UEAAXXZ 00000001400039c0 f i umodsys_lib_libmedia:umodsys.mod.media.stdio.obj
 0001:000029c0       ?suicide@RLibraryLayered@stdlib@media@modules@UModSys@@UEAAXXZ 00000001400039c0 f i umodsys_lib_libmedia:umodsys.mod.media.stdlib.obj
 0001:000029c0       ?suicide@RLibraryBinTree@stdlib@media@modules@UModSys@@UEAAXXZ 00000001400039c0 f i umodsys_lib_libmedia:umodsys.mod.media.stdlib.obj
 0001:000029c0       ?suicide@RLibraryObjFilter@stdlib@media@modules@UModSys@@UEAAXXZ 00000001400039c0 f i umodsys_lib_libmedia:umodsys.mod.media.stdlib.obj
 0001:000029c0       ?suicide@RLibraryObjCache@stdlib@media@modules@UModSys@@UEAAXXZ 00000001400039c0 f i umodsys_lib_libmedia:umodsys.mod.media.stdlib.obj
 0001:000029c0       ?suicide@RLibraryBinCache@stdlib@media@modules@UModSys@@UEAAXXZ 00000001400039c0 f i umodsys_lib_libmedia:umodsys.mod.media.stdlib.obj
 0001:00002a0c       ?root_get_interface_info@RLibraryBinCache@stdlib@media@modules@UModSys@@UEBAAEBUSUniquePointerInfo@core@5@XZ 0000000140003a0c f i umodsys_lib_libmedia:umodsys.mod.media.stdlib.obj
 0001:00002a14       ?root_get_interface_type@RLibraryBinCache@stdlib@media@modules@UModSys@@UEBAPEBUSUniquePointerInfo@core@5@XZ 0000000140003a14 f i umodsys_lib_libmedia:umodsys.mod.media.stdlib.obj
 0001:00002a1c       ?root_get_other_interface@RLibraryBinCache@stdlib@media@modules@UModSys@@UEBAPEBUIRoot@core@5@PEBUSUniquePointerInfo@75@@Z 0000000140003a1c f i umodsys_lib_libmedia:umodsys.mod.media.stdlib.obj
 0001:00002a1c       ?root_get_other_interface@RLibraryBinCache@stdlib@media@modules@UModSys@@UEAAPEAUIRoot@core@5@PEBUSUniquePointerInfo@75@@Z 0000000140003a1c f i umodsys_lib_libmedia:umodsys.mod.media.stdlib.obj
 0001:00002a60       ?root_is_interface_supported@RLibraryBinCache@stdlib@media@modules@UModSys@@UEBA_NPEBUSUniquePointerInfo@core@5@@Z 0000000140003a60 f i umodsys_lib_libmedia:umodsys.mod.media.stdlib.obj
 0001:00002aa0       ?ref_weak@RLibraryObjFilter@stdlib@media@modules@UModSys@@UEBA_NAEAUWeakPointer@IRefObject@core@5@@Z 0000000140003aa0 f i umodsys_lib_libmedia:umodsys.mod.media.stdlib.obj
 0001:00002aa0       ?ref_weak@RLibraryBinCache@stdlib@media@modules@UModSys@@UEBA_NAEAUWeakPointer@IRefObject@core@5@@Z 0000000140003aa0 f i umodsys_lib_libmedia:umodsys.mod.media.stdlib.obj
 0001:00002aa0       ?ref_weak@RLibraryLayered@stdlib@media@modules@UModSys@@UEBA_NAEAUWeakPointer@IRefObject@core@5@@Z 0000000140003aa0 f i umodsys_lib_libmedia:umodsys.mod.media.stdlib.obj
 0001:00002aa0       ?ref_weak@RLibraryObjCache@stdlib@media@modules@UModSys@@UEBA_NAEAUWeakPointer@IRefObject@core@5@@Z 0000000140003aa0 f i umodsys_lib_libmedia:umodsys.mod.media.stdlib.obj
 0001:00002aa0       ?ref_weak@RLibraryBinTree@stdlib@media@modules@UModSys@@UEBA_NAEAUWeakPointer@IRefObject@core@5@@Z 0000000140003aa0 f i umodsys_lib_libmedia:umodsys.mod.media.stdlib.obj
 0001:00002aa0       ?ref_weak@RParameters@rsystem@base@UModSys@@UEBA_NAEAUWeakPointer@IRefObject@core@4@@Z 0000000140003aa0 f i umodsys_lib_basesys:umodsys.basesys.rparameters.obj
 0001:00002aa0       ?ref_weak@RDataArchiver_OsDir@stdio@media@modules@UModSys@@UEBA_NAEAUWeakPointer@IRefObject@core@5@@Z 0000000140003aa0 f i umodsys_lib_libmedia:umodsys.mod.media.stdio.obj
 0001:00002ac0       ?root_get_interface_info@RLibraryLayered@stdlib@media@modules@UModSys@@UEBAAEBUSUniquePointerInfo@core@5@XZ 0000000140003ac0 f i umodsys_lib_libmedia:umodsys.mod.media.stdlib.obj
 0001:00002ac8       ?root_get_interface_type@RLibraryLayered@stdlib@media@modules@UModSys@@UEBAPEBUSUniquePointerInfo@core@5@XZ 0000000140003ac8 f i umodsys_lib_libmedia:umodsys.mod.media.stdlib.obj
 0001:00002ad0       ?root_get_other_interface@RLibraryLayered@stdlib@media@modules@UModSys@@UEBAPEBUIRoot@core@5@PEBUSUniquePointerInfo@75@@Z 0000000140003ad0 f i umodsys_lib_libmedia:umodsys.mod.media.stdlib.obj
 0001:00002ad0       ?root_get_other_interface@RLibraryLayered@stdlib@media@modules@UModSys@@UEAAPEAUIRoot@core@5@PEBUSUniquePointerInfo@75@@Z 0000000140003ad0 f i umodsys_lib_libmedia:umodsys.mod.media.stdlib.obj
 0001:00002b14       ?root_is_interface_supported@RLibraryLayered@stdlib@media@modules@UModSys@@UEBA_NPEBUSUniquePointerInfo@core@5@@Z 0000000140003b14 f i umodsys_lib_libmedia:umodsys.mod.media.stdlib.obj
 0001:00002b54       ?ref_add@RLibraryBinTree@stdlib@media@modules@UModSys@@UEBAXXZ 0000000140003b54 f i umodsys_lib_libmedia:umodsys.mod.media.stdlib.obj
 0001:00002b54       ?ref_add@RLibraryLayered@stdlib@media@modules@UModSys@@UEBAXXZ 0000000140003b54 f i umodsys_lib_libmedia:umodsys.mod.media.stdlib.obj
 0001:00002b54       ?ref_add@RLibraryObjFilter@stdlib@media@modules@UModSys@@UEBAXXZ 0000000140003b54 f i umodsys_lib_libmedia:umodsys.mod.media.stdlib.obj
 0001:00002b54       ?ref_add@RLibraryBinCache@stdlib@media@modules@UModSys@@UEBAXXZ 0000000140003b54 f i umodsys_lib_libmedia:umodsys.mod.media.stdlib.obj
 0001:00002b54       ?ref_add@RParameters@rsystem@base@UModSys@@UEBAXXZ 0000000140003b54 f i umodsys_lib_basesys:umodsys.basesys.rparameters.obj
 0001:00002b54       ?ref_add@RDataArchiver_OsDir@stdio@media@modules@UModSys@@UEBAXXZ 0000000140003b54 f i umodsys_lib_libmedia:umodsys.mod.media.stdio.obj
 0001:00002b54       ?ref_add@RLibraryObjCache@stdlib@media@modules@UModSys@@UEBAXXZ 0000000140003b54 f i umodsys_lib_libmedia:umodsys.mod.media.stdlib.obj
 0001:00002b58       ?root_get_interface_info@RLibraryObjCache@stdlib@media@modules@UModSys@@UEBAAEBUSUniquePointerInfo@core@5@XZ 0000000140003b58 f i umodsys_lib_libmedia:umodsys.mod.media.stdlib.obj
 0001:00002b60       ?root_get_interface_type@RLibraryObjCache@stdlib@media@modules@UModSys@@UEBAPEBUSUniquePointerInfo@core@5@XZ 0000000140003b60 f i umodsys_lib_libmedia:umodsys.mod.media.stdlib.obj
 0001:00002b68       ?root_get_other_interface@RLibraryObjCache@stdlib@media@modules@UModSys@@UEBAPEBUIRoot@core@5@PEBUSUniquePointerInfo@75@@Z 0000000140003b68 f i umodsys_lib_libmedia:umodsys.mod.media.stdlib.obj
 0001:00002b68       ?root_get_other_interface@RLibraryObjCache@stdlib@media@modules@UModSys@@UEAAPEAUIRoot@core@5@PEBUSUniquePointerInfo@75@@Z 0000000140003b68 f i umodsys_lib_libmedia:umodsys.mod.media.stdlib.obj
 0001:00002bac       ?root_is_interface_supported@RLibraryObjCache@stdlib@media@modules@UModSys@@UEBA_NPEBUSUniquePointerInfo@core@5@@Z 0000000140003bac f i umodsys_lib_libmedia:umodsys.mod.media.stdlib.obj
 0001:00002bec       ?ref_remove@RLibraryObjCache@stdlib@media@modules@UModSys@@UEBAXXZ 0000000140003bec f i umodsys_lib_libmedia:umodsys.mod.media.stdlib.obj
 0001:00002bec       ?ref_remove@RLibraryBinCache@stdlib@media@modules@UModSys@@UEBAXXZ 0000000140003bec f i umodsys_lib_libmedia:umodsys.mod.media.stdlib.obj
 0001:00002bec       ?ref_remove@RLibraryLayered@stdlib@media@modules@UModSys@@UEBAXXZ 0000000140003bec f i umodsys_lib_libmedia:umodsys.mod.media.stdlib.obj
 0001:00002bec       ?ref_remove@RLibraryBinTree@stdlib@media@modules@UModSys@@UEBAXXZ 0000000140003bec f i umodsys_lib_libmedia:umodsys.mod.media.stdlib.obj
 0001:00002bec       ?ref_remove@RParameters@rsystem@base@UModSys@@UEBAXXZ 0000000140003bec f i umodsys_lib_basesys:umodsys.basesys.rparameters.obj
 0001:00002bec       ?ref_remove@RLibraryObjFilter@stdlib@media@modules@UModSys@@UEBAXXZ 0000000140003bec f i umodsys_lib_libmedia:umodsys.mod.media.stdlib.obj
 0001:00002bec       ?ref_remove@RDataArchiver_OsDir@stdio@media@modules@UModSys@@UEBAXXZ 0000000140003bec f i umodsys_lib_libmedia:umodsys.mod.media.stdio.obj
 0001:00002c04       ?root_get_interface_info@RLibraryObjFilter@stdlib@media@modules@UModSys@@UEBAAEBUSUniquePointerInfo@core@5@XZ 0000000140003c04 f i umodsys_lib_libmedia:umodsys.mod.media.stdlib.obj
 0001:00002c0c       ?root_get_interface_type@RLibraryObjFilter@stdlib@media@modules@UModSys@@UEBAPEBUSUniquePointerInfo@core@5@XZ 0000000140003c0c f i umodsys_lib_libmedia:umodsys.mod.media.stdlib.obj
 0001:00002c14       ?root_get_other_interface@RLibraryObjFilter@stdlib@media@modules@UModSys@@UEBAPEBUIRoot@core@5@PEBUSUniquePointerInfo@75@@Z 0000000140003c14 f i umodsys_lib_libmedia:umodsys.mod.media.stdlib.obj
 0001:00002c14       ?root_get_other_interface@RLibraryObjFilter@stdlib@media@modules@UModSys@@UEAAPEAUIRoot@core@5@PEBUSUniquePointerInfo@75@@Z 0000000140003c14 f i umodsys_lib_libmedia:umodsys.mod.media.stdlib.obj
 0001:00002c58       ?root_is_interface_supported@RLibraryObjFilter@stdlib@media@modules@UModSys@@UEBA_NPEBUSUniquePointerInfo@core@5@@Z 0000000140003c58 f i umodsys_lib_libmedia:umodsys.mod.media.stdlib.obj
 0001:00002c98       ?get_generated_names@RGenerator@stdlib@media@modules@UModSys@@UEBAHAEAUSUniquePtrList@core@5@@Z 0000000140003c98 f i umodsys_lib_libmedia:umodsys.mod.media.stdlib.obj
 0001:00002d18       ?get_generated_types@RGenerator@stdlib@media@modules@UModSys@@UEBAHAEAUSUniquePtrList@core@5@PEBUSUniquePointerInfo@75@@Z 0000000140003d18 f i umodsys_lib_libmedia:umodsys.mod.media.stdlib.obj
 0001:00002e84       ?generate@RGenerator@stdlib@media@modules@UModSys@@UEAA_NAEAU?$TRefObject@UIRefObject@core@UModSys@@U?$TRefObjectFunc@UIRefObject@core@UModSys@@@tl@3@@tl@5@PEBUSUniquePointerInfo@core@5@AEBUSParameters@95@@Z 0000000140003e84 f i umodsys_lib_libmedia:umodsys.mod.media.stdlib.obj
 0001:00003100       ?root_get_interface_info@RGenerator@stdlib@media@modules@UModSys@@UEBAAEBUSUniquePointerInfo@core@5@XZ 0000000140004100 f i umodsys_lib_libmedia:umodsys.mod.media.stdlib.obj
 0001:00003108       ?root_get_interface_type@RGenerator@stdlib@media@modules@UModSys@@UEBAPEBUSUniquePointerInfo@core@5@XZ 0000000140004108 f i umodsys_lib_libmedia:umodsys.mod.media.stdlib.obj
 0001:00003110       ?root_get_other_interface@RGenerator@stdlib@media@modules@UModSys@@UEBAPEBUIRoot@core@5@PEBUSUniquePointerInfo@75@@Z 0000000140004110 f i umodsys_lib_libmedia:umodsys.mod.media.stdlib.obj
 0001:00003110       ?root_get_other_interface@RGenerator@stdlib@media@modules@UModSys@@UEAAPEAUIRoot@core@5@PEBUSUniquePointerInfo@75@@Z 0000000140004110 f i umodsys_lib_libmedia:umodsys.mod.media.stdlib.obj
 0001:00003148       ?root_is_interface_supported@RGenerator@stdlib@media@modules@UModSys@@UEBA_NPEBUSUniquePointerInfo@core@5@@Z 0000000140004148 f i umodsys_lib_libmedia:umodsys.mod.media.stdlib.obj
 0001:00003180       ?get_uid@RGenerator@stdlib@media@modules@UModSys@@UEBAPEBUSUniquePointerInfo@core@5@XZ 0000000140004180 f i umodsys_lib_libmedia:umodsys.mod.media.stdlib.obj
 0001:00003188       ?buffer_free@RUtilities@stdlib@media@modules@UModSys@@UEAA_NAEAUSBuffer@libmedia@5@PEBUSSourceContext@core@5@@Z 0000000140004188 f   umodsys_lib_libmedia:umodsys.mod.media.stdlib.obj
 0001:000031d4       ?buffer_alloc@RUtilities@stdlib@media@modules@UModSys@@UEAA_NAEAUSBuffer@libmedia@5@_KPEBUSSourceContext@core@5@@Z 00000001400041d4 f   umodsys_lib_libmedia:umodsys.mod.media.stdlib.obj
 0001:000032dc       ??_GRUtilities@stdlib@media@modules@UModSys@@UEAAPEAXI@Z 00000001400042dc f i umodsys_lib_libmedia:umodsys.mod.media.stdlib.obj
 0001:000032dc       ??_ERUtilities@stdlib@media@modules@UModSys@@UEAAPEAXI@Z 00000001400042dc f i  CIL library: CIL module
 0001:00003384       ?get_flag@RBinArchiveFrame@stdlib@media@modules@UModSys@@UEBA?AW4eStates@?$TFlags4State@USMediaFlagUid@libmedia@UModSys@@I@tl@5@H@Z 0000000140004384 f   umodsys_lib_libmedia:umodsys.mod.media.stdlib.obj
 0001:00003394       ?get_flags_auto@RBinArchiveFrame@stdlib@media@modules@UModSys@@UEBA?AU?$TFlags4State@USMediaFlagUid@libmedia@UModSys@@I@tl@5@XZ 0000000140004394 f   umodsys_lib_libmedia:umodsys.mod.media.stdlib.obj
 0001:000033a0       ?set_flag@RBinArchiveFrame@stdlib@media@modules@UModSys@@UEAA?AW4eStates@?$TFlags4State@USMediaFlagUid@libmedia@UModSys@@I@tl@5@HW46785@@Z 00000001400043a0 f   umodsys_lib_libmedia:umodsys.mod.media.stdlib.obj
 0001:000033d4       ?data_reader@RBinArchiveFrame@stdlib@media@modules@UModSys@@UEAA?AU?$TRefObject@UIStreamReader@libmedia@UModSys@@U?$TRefObjectFunc@UIStreamReader@libmedia@UModSys@@@tl@3@@tl@5@AEBU?$TString@U?$TSCoreConst@D@su@tl@UModSys@@U?$TComparerBinaryHash@D@234@@75@AEBUSFlags@libmedia@5@@Z 00000001400043d4 f   umodsys_lib_libmedia:umodsys.mod.media.stdlib.obj
 0001:00003494       ?data_writer@RBinArchiveFrame@stdlib@media@modules@UModSys@@UEAA?AU?$TRefObject@UIStreamWriter@libmedia@UModSys@@U?$TRefObjectFunc@UIStreamWriter@libmedia@UModSys@@@tl@3@@tl@5@AEBU?$TString@U?$TSCoreConst@D@su@tl@UModSys@@U?$TComparerBinaryHash@D@234@@75@AEBUSFlags@libmedia@5@@Z 0000000140004494 f   umodsys_lib_libmedia:umodsys.mod.media.stdlib.obj
 0001:000034dc       ?data_load@RBinArchiveFrame@stdlib@media@modules@UModSys@@UEAA_NAEBU?$TString@U?$TSCoreConst@D@su@tl@UModSys@@U?$TComparerBinaryHash@D@234@@tl@5@AEAUSCMemShared@core@5@AEBUSFlags@libmedia@5@@Z 00000001400044dc f   umodsys_lib_libmedia:umodsys.mod.media.stdlib.obj
 0001:00003550       ?data_save@RBinArchiveFrame@stdlib@media@modules@UModSys@@UEAA_NAEBU?$TString@U?$TSCoreConst@D@su@tl@UModSys@@U?$TComparerBinaryHash@D@234@@tl@5@AEBUSCMem@core@5@AEBUSFlags@libmedia@5@@Z 0000000140004550 f   umodsys_lib_libmedia:umodsys.mod.media.stdlib.obj
 0001:00003588       ?data_list@RBinArchiveFrame@stdlib@media@modules@UModSys@@UEAA_NAEBU?$TString@U?$TSCoreConst@D@su@tl@UModSys@@U?$TComparerBinaryHash@D@234@@tl@5@_KAEAU?$TIStackSocket@USFileInfo@libmedia@UModSys@@@75@AEBUSFlags@libmedia@5@@Z 0000000140004588 f   umodsys_lib_libmedia:umodsys.mod.media.stdlib.obj
 0001:00003830       ?data_info@RBinArchiveFrame@stdlib@media@modules@UModSys@@UEAA_NAEBU?$TString@U?$TSCoreConst@D@su@tl@UModSys@@U?$TComparerBinaryHash@D@234@@tl@5@_KAEAUSFileInfo@libmedia@5@AEBUSFlags@95@@Z 0000000140004830 f   umodsys_lib_libmedia:umodsys.mod.media.stdlib.obj
 0001:00003950       ?get_permissions@RBinArchiveFrame@stdlib@media@modules@UModSys@@UEAAHXZ 0000000140004950 f   umodsys_lib_libmedia:umodsys.mod.media.stdlib.obj
 0001:00003964       ?open@RBinArchiveFrame@stdlib@media@modules@UModSys@@UEAA_NPEAUIClient@IBinArchiveFrame@libmedia@5@PEBUSParameters@core@5@@Z 0000000140004964 f   umodsys_lib_libmedia:umodsys.mod.media.stdlib.obj
 0001:00003dbc       ?close@RBinArchiveFrame@stdlib@media@modules@UModSys@@UEAA_NXZ 0000000140004dbc f   umodsys_lib_libmedia:umodsys.mod.media.stdlib.obj
 0001:00003ec8       ?add_node_r@RBinArchiveFrame@stdlib@media@modules@UModSys@@UEAAPEAUNameNode@IBinArchiveFrame@libmedia@5@AEBU?$TString@U?$TSCoreConst@D@su@tl@UModSys@@U?$TComparerBinaryHash@D@234@@tl@5@_KAEAUSMem@core@5@@Z 0000000140004ec8 f   umodsys_lib_libmedia:umodsys.mod.media.stdlib.obj
 0001:00003f80       ?add_node_w@RBinArchiveFrame@stdlib@media@modules@UModSys@@UEAAPEAUNameNode@IBinArchiveFrame@libmedia@5@AEBU?$TString@U?$TSCoreConst@D@su@tl@UModSys@@U?$TComparerBinaryHash@D@234@@tl@5@_K@Z 0000000140004f80 f   umodsys_lib_libmedia:umodsys.mod.media.stdlib.obj
 0001:00004074       ?remove_node@RBinArchiveFrame@stdlib@media@modules@UModSys@@UEAA_NPEAUNameNode@IBinArchiveFrame@libmedia@5@@Z 0000000140005074 f   umodsys_lib_libmedia:umodsys.mod.media.stdlib.obj
 0001:000040a0       ?find_node@RBinArchiveFrame@stdlib@media@modules@UModSys@@UEAAPEAUNameNode@IBinArchiveFrame@libmedia@5@AEBU?$TString@U?$TSCoreConst@D@su@tl@UModSys@@U?$TComparerBinaryHash@D@234@@tl@5@@Z 00000001400050a0 f   umodsys_lib_libmedia:umodsys.mod.media.stdlib.obj
 0001:000041d8       ?node_size@RBinArchiveFrame@stdlib@media@modules@UModSys@@UEAA_KAEBU?$TString@U?$TSCoreConst@D@su@tl@UModSys@@U?$TComparerBinaryHash@D@234@@tl@5@H@Z 00000001400051d8 f   umodsys_lib_libmedia:umodsys.mod.media.stdlib.obj
 0001:000041f0       ?kill_node@RBinArchiveFrame@stdlib@media@modules@UModSys@@SA_NPEAUNameNode@IBinArchiveFrame@libmedia@5@@Z 00000001400051f0 f   umodsys_lib_libmedia:umodsys.mod.media.stdlib.obj
 0001:00004218       ?fill_info@RBinArchiveFrame@stdlib@media@modules@UModSys@@QEAA_NAEAUSFileInfo@libmedia@5@PEAUNameNode@IBinArchiveFrame@75@AEBU?$TString@U?$TSCoreConst@D@su@tl@UModSys@@U?$TComparerBinaryHash@D@234@@tl@5@_K@Z 0000000140005218 f   umodsys_lib_libmedia:umodsys.mod.media.stdlib.obj
 0001:00004534       ?openr@RBinArchiveFrame@stdlib@media@modules@UModSys@@QEAA_NPEAUILibrary@libmedia@5@AEBU?$TString@U?$TSCoreConst@D@su@tl@UModSys@@U?$TComparerBinaryHash@D@234@@tl@5@PEBUSParameters@core@5@@Z 0000000140005534 f   umodsys_lib_libmedia:umodsys.mod.media.stdlib.obj
 0001:000046ac       ?closew@RBinArchiveFrame@stdlib@media@modules@UModSys@@QEAA_N_N@Z 00000001400056ac f   umodsys_lib_libmedia:umodsys.mod.media.stdlib.obj
 0001:00004854       ??0RBinArchiveFrame@stdlib@media@modules@UModSys@@QEAA@PEAUIModObject@base@4@AEBUSParameters@core@4@U?$TFlags4State@USMediaFlagUid@libmedia@UModSys@@I@tl@4@@Z 0000000140005854 f   umodsys_lib_libmedia:umodsys.mod.media.stdlib.obj
 0001:00004960       ??_ERBinArchiveFrame@stdlib@media@modules@UModSys@@UEAAPEAXI@Z 0000000140005960 f i  CIL library: CIL module
 0001:00004960       ??_GRBinArchiveFrame@stdlib@media@modules@UModSys@@UEAAPEAXI@Z 0000000140005960 f i umodsys_lib_libmedia:umodsys.mod.media.stdlib.obj
 0001:00004a58       ??1IBinArchiveFrame@libmedia@UModSys@@UEAA@XZ 0000000140005a58 f i umodsys_lib_libmedia:umodsys.mod.media.stdlib.obj
 0001:00004ad0       ??_ERLibraryBinTree@stdlib@media@modules@UModSys@@UEAAPEAXI@Z 0000000140005ad0 f i  CIL library: CIL module
 0001:00004ad0       ??_GRLibraryBinTree@stdlib@media@modules@UModSys@@UEAAPEAXI@Z 0000000140005ad0 f i umodsys_lib_libmedia:umodsys.mod.media.stdlib.obj
 0001:00004b54       ??1ILibraryObjFilter@libmedia@UModSys@@UEAA@XZ 0000000140005b54 f i umodsys_lib_libmedia:umodsys.mod.media.stdlib.obj
 0001:00004b54       ??1ILibraryObjCache@libmedia@UModSys@@UEAA@XZ 0000000140005b54 f i umodsys_lib_libmedia:umodsys.mod.media.stdlib.obj
 0001:00004b54       ??1ILibraryBinTree@libmedia@UModSys@@UEAA@XZ 0000000140005b54 f i umodsys_lib_libmedia:umodsys.mod.media.stdlib.obj
 0001:00004b54       ??1ILibraryLayered@libmedia@UModSys@@UEAA@XZ 0000000140005b54 f i umodsys_lib_libmedia:umodsys.mod.media.stdlib.obj
 0001:00004b54       ??1ILibraryBinCache@libmedia@UModSys@@UEAA@XZ 0000000140005b54 f i umodsys_lib_libmedia:umodsys.mod.media.stdlib.obj
 0001:00004b54       ??1IBinArchive@libmedia@UModSys@@UEAA@XZ 0000000140005b54 f i umodsys_lib_libmedia:umodsys.mod.media.stdio.obj
 0001:00004b90       ?get_flags_auto@RLibraryBinTree@stdlib@media@modules@UModSys@@UEBA?AU?$TFlags4State@USMediaFlagUid@libmedia@UModSys@@I@tl@5@XZ 0000000140005b90 f   umodsys_lib_libmedia:umodsys.mod.media.stdlib.obj
 0001:00004b9c       ?bin_reader@RLibraryBinTree@stdlib@media@modules@UModSys@@UEAA?AU?$TRefObject@UIStreamReader@libmedia@UModSys@@U?$TRefObjectFunc@UIStreamReader@libmedia@UModSys@@@tl@3@@tl@5@AEBU?$TString@U?$TSCoreConst@D@su@tl@UModSys@@U?$TComparerBinaryHash@D@234@@75@AEBUSFlags@libmedia@5@@Z 0000000140005b9c f   umodsys_lib_libmedia:umodsys.mod.media.stdlib.obj
 0001:00004cfc       ?bin_writer@RLibraryBinTree@stdlib@media@modules@UModSys@@UEAA?AU?$TRefObject@UIStreamWriter@libmedia@UModSys@@U?$TRefObjectFunc@UIStreamWriter@libmedia@UModSys@@@tl@3@@tl@5@AEBU?$TString@U?$TSCoreConst@D@su@tl@UModSys@@U?$TComparerBinaryHash@D@234@@75@AEBUSFlags@libmedia@5@@Z 0000000140005cfc f   umodsys_lib_libmedia:umodsys.mod.media.stdlib.obj
 0001:00004e5c       ?bin_load@RLibraryBinTree@stdlib@media@modules@UModSys@@UEAA_NAEBU?$TString@U?$TSCoreConst@D@su@tl@UModSys@@U?$TComparerBinaryHash@D@234@@tl@5@AEAUSCMemShared@core@5@AEBUSFlags@libmedia@5@@Z 0000000140005e5c f   umodsys_lib_libmedia:umodsys.mod.media.stdlib.obj
 0001:00004f88       ?bin_save@RLibraryBinTree@stdlib@media@modules@UModSys@@UEAA_NAEBU?$TString@U?$TSCoreConst@D@su@tl@UModSys@@U?$TComparerBinaryHash@D@234@@tl@5@AEBUSCMem@core@5@AEBUSFlags@libmedia@5@@Z 0000000140005f88 f   umodsys_lib_libmedia:umodsys.mod.media.stdlib.obj
 0001:00005090       ?bin_info@RLibraryBinTree@stdlib@media@modules@UModSys@@UEAA_NAEBU?$TString@U?$TSCoreConst@D@su@tl@UModSys@@U?$TComparerBinaryHash@D@234@@tl@5@AEAUSFileInfo@libmedia@5@AEBUSFlags@95@@Z 0000000140006090 f   umodsys_lib_libmedia:umodsys.mod.media.stdlib.obj
 0001:0000518c       ?bin_list@RLibraryBinTree@stdlib@media@modules@UModSys@@UEAA_NAEBU?$TString@U?$TSCoreConst@D@su@tl@UModSys@@U?$TComparerBinaryHash@D@234@@tl@5@AEAU?$TIStackSocket@USFileInfo@libmedia@UModSys@@@75@AEBUSFlags@libmedia@5@@Z 000000014000618c f   umodsys_lib_libmedia:umodsys.mod.media.stdlib.obj
 0001:00005298       ?mount_get@RLibraryBinTree@stdlib@media@modules@UModSys@@UEBA?AUSPoint@ILibraryBinTree@libmedia@5@AEBUSId@785@@Z 0000000140006298 f   umodsys_lib_libmedia:umodsys.mod.media.stdlib.obj
 0001:000052fc       ?mount_add@RLibraryBinTree@stdlib@media@modules@UModSys@@UEAA_NAEBUSId@ILibraryBinTree@libmedia@5@AEBUSPoint@785@@Z 00000001400062fc f   umodsys_lib_libmedia:umodsys.mod.media.stdlib.obj
 0001:00005424       ?mount_remove@RLibraryBinTree@stdlib@media@modules@UModSys@@UEAA_NAEBUSId@ILibraryBinTree@libmedia@5@@Z 0000000140006424 f   umodsys_lib_libmedia:umodsys.mod.media.stdlib.obj
 0001:00005450       ?mount_clear@RLibraryBinTree@stdlib@media@modules@UModSys@@UEAA_NXZ 0000000140006450 f   umodsys_lib_libmedia:umodsys.mod.media.stdlib.obj
 0001:00005478       ??_ERLibraryBinCache@stdlib@media@modules@UModSys@@UEAAPEAXI@Z 0000000140006478 f i  CIL library: CIL module
 0001:00005478       ??_GRLibraryBinCache@stdlib@media@modules@UModSys@@UEAAPEAXI@Z 0000000140006478 f i umodsys_lib_libmedia:umodsys.mod.media.stdlib.obj
 0001:000054fc       ?get_flags_auto@RLibraryBinCache@stdlib@media@modules@UModSys@@UEBA?AU?$TFlags4State@USMediaFlagUid@libmedia@UModSys@@I@tl@5@XZ 00000001400064fc f   umodsys_lib_libmedia:umodsys.mod.media.stdlib.obj
 0001:00005508       ?set_flag@RLibraryBinTree@stdlib@media@modules@UModSys@@UEAA?AW4eStates@?$TFlags4State@USMediaFlagUid@libmedia@UModSys@@I@tl@5@HW46785@@Z 0000000140006508 f   umodsys_lib_libmedia:umodsys.mod.media.stdlib.obj
 0001:00005508       ?set_flag@RLibraryBinCache@stdlib@media@modules@UModSys@@UEAA?AW4eStates@?$TFlags4State@USMediaFlagUid@libmedia@UModSys@@I@tl@5@HW46785@@Z 0000000140006508 f   umodsys_lib_libmedia:umodsys.mod.media.stdlib.obj
 0001:00005508       ?set_flag@RLibraryObjFilter@stdlib@media@modules@UModSys@@UEAA?AW4eStates@?$TFlags4State@USMediaFlagUid@libmedia@UModSys@@I@tl@5@HW46785@@Z 0000000140006508 f   umodsys_lib_libmedia:umodsys.mod.media.stdlib.obj
 0001:00005508       ?set_flag@RLibraryObjCache@stdlib@media@modules@UModSys@@UEAA?AW4eStates@?$TFlags4State@USMediaFlagUid@libmedia@UModSys@@I@tl@5@HW46785@@Z 0000000140006508 f   umodsys_lib_libmedia:umodsys.mod.media.stdlib.obj
 0001:00005530       ?bin_writer@ILibrary@libmedia@UModSys@@UEAA?AU?$TRefObject@UIStreamWriter@libmedia@UModSys@@U?$TRefObjectFunc@UIStreamWriter@libmedia@UModSys@@@tl@3@@tl@3@AEBU?$TString@U?$TSCoreConst@D@su@tl@UModSys@@U?$TComparerBinaryHash@D@234@@53@AEBUSFlags@23@@Z 0000000140006530 f   umodsys_lib_libmedia:umodsys.lib.media.library.obj
 0001:00005530       ?mem_reader@RUtilities@stdlib@media@modules@UModSys@@UEAA?AU?$TRefObject@UIStreamReader@libmedia@UModSys@@U?$TRefObjectFunc@UIStreamReader@libmedia@UModSys@@@tl@3@@tl@5@AEBUSCMem@core@5@@Z 0000000140006530 f   umodsys_lib_libmedia:umodsys.mod.media.stdlib.obj
 0001:00005530       ?bin_writer@RLibraryBinCache@stdlib@media@modules@UModSys@@UEAA?AU?$TRefObject@UIStreamWriter@libmedia@UModSys@@U?$TRefObjectFunc@UIStreamWriter@libmedia@UModSys@@@tl@3@@tl@5@AEBU?$TString@U?$TSCoreConst@D@su@tl@UModSys@@U?$TComparerBinaryHash@D@234@@75@AEBUSFlags@libmedia@5@@Z 0000000140006530 f   umodsys_lib_libmedia:umodsys.mod.media.stdlib.obj
 0001:00005530       ?sub_writer@RUtilities@stdlib@media@modules@UModSys@@UEAA?AU?$TRefObject@UIStreamWriter@libmedia@UModSys@@U?$TRefObjectFunc@UIStreamWriter@libmedia@UModSys@@@tl@3@@tl@5@PEAUIStreamWriter@libmedia@5@_J1@Z 0000000140006530 f   umodsys_lib_libmedia:umodsys.mod.media.stdlib.obj
 0001:00005530       ?mem_reader@RUtilities@stdlib@media@modules@UModSys@@UEAA?AU?$TRefObject@UIStreamReader@libmedia@UModSys@@U?$TRefObjectFunc@UIStreamReader@libmedia@UModSys@@@tl@3@@tl@5@AEBUSCMemShared@core@5@@Z 0000000140006530 f   umodsys_lib_libmedia:umodsys.mod.media.stdlib.obj
 0001:00005530       ?mem_writer@RUtilities@stdlib@media@modules@UModSys@@UEAA?AU?$TRefObject@UIStreamWriter@libmedia@UModSys@@U?$TRefObjectFunc@UIStreamWriter@libmedia@UModSys@@@tl@3@@tl@5@PEBUSMem@core@5@PEAUIMemWriterCompleted@IUtilities@libmedia@5@PEAUIRefObject@95@@Z 0000000140006530 f   umodsys_lib_libmedia:umodsys.mod.media.stdlib.obj
 0001:00005530       ?bin_reader@RLibraryBinCache@stdlib@media@modules@UModSys@@UEAA?AU?$TRefObject@UIStreamReader@libmedia@UModSys@@U?$TRefObjectFunc@UIStreamReader@libmedia@UModSys@@@tl@3@@tl@5@AEBU?$TString@U?$TSCoreConst@D@su@tl@UModSys@@U?$TComparerBinaryHash@D@234@@75@AEBUSFlags@libmedia@5@@Z 0000000140006530 f   umodsys_lib_libmedia:umodsys.mod.media.stdlib.obj
 0001:00005530       ?sub_reader@RUtilities@stdlib@media@modules@UModSys@@UEAA?AU?$TRefObject@UIStreamReader@libmedia@UModSys@@U?$TRefObjectFunc@UIStreamReader@libmedia@UModSys@@@tl@3@@tl@5@PEAUIStreamReader@libmedia@5@_J1@Z 0000000140006530 f   umodsys_lib_libmedia:umodsys.mod.media.stdlib.obj
 0001:00005530       ?bin_reader@ILibrary@libmedia@UModSys@@UEAA?AU?$TRefObject@UIStreamReader@libmedia@UModSys@@U?$TRefObjectFunc@UIStreamReader@libmedia@UModSys@@@tl@3@@tl@3@AEBU?$TString@U?$TSCoreConst@D@su@tl@UModSys@@U?$TComparerBinaryHash@D@234@@53@AEBUSFlags@23@@Z 0000000140006530 f   umodsys_lib_libmedia:umodsys.lib.media.library.obj
 0001:00005540       ?bin_load@RLibraryBinCache@stdlib@media@modules@UModSys@@UEAA_NAEBU?$TString@U?$TSCoreConst@D@su@tl@UModSys@@U?$TComparerBinaryHash@D@234@@tl@5@AEAUSCMemShared@core@5@AEBUSFlags@libmedia@5@@Z 0000000140006540 f   umodsys_lib_libmedia:umodsys.mod.media.stdlib.obj
 0001:00005664       ?obj_cget@RLibraryObjCache@stdlib@media@modules@UModSys@@UEAA_NAEBU?$TString@U?$TSCoreConst@D@su@tl@UModSys@@U?$TComparerBinaryHash@D@234@@tl@5@AEAU?$TRefObject@UIRefObject@core@UModSys@@U?$TRefObjectFunc@UIRefObject@core@UModSys@@@tl@3@@75@_N@Z 0000000140006664 f   umodsys_lib_libmedia:umodsys.mod.media.stdlib.obj
 0001:00005664       ?bin_get@RLibraryBinCache@stdlib@media@modules@UModSys@@UEAA_NAEBU?$TString@U?$TSCoreConst@D@su@tl@UModSys@@U?$TComparerBinaryHash@D@234@@tl@5@AEAUSCMemShared@core@5@_N@Z 0000000140006664 f   umodsys_lib_libmedia:umodsys.mod.media.stdlib.obj
 0001:00005698       ?bin_put@RLibraryBinCache@stdlib@media@modules@UModSys@@UEAA_NAEBU?$TString@U?$TSCoreConst@D@su@tl@UModSys@@U?$TComparerBinaryHash@D@234@@tl@5@PEBUSCMemShared@core@5@@Z 0000000140006698 f   umodsys_lib_libmedia:umodsys.mod.media.stdlib.obj
 0001:000056b8       ?bincache_get@RLibraryBinCache@stdlib@media@modules@UModSys@@UEBA_NAEBU?$TString@U?$TSCoreConst@D@su@tl@UModSys@@U?$TComparerBinaryHash@D@234@@tl@5@PEAUSCMemShared@core@5@PEA_N@Z 00000001400066b8 f   umodsys_lib_libmedia:umodsys.mod.media.stdlib.obj
 0001:00005770       ?bincache_add@RLibraryBinCache@stdlib@media@modules@UModSys@@UEAA_NAEBU?$TString@U?$TSCoreConst@D@su@tl@UModSys@@U?$TComparerBinaryHash@D@234@@tl@5@@Z 0000000140006770 f   umodsys_lib_libmedia:umodsys.mod.media.stdlib.obj
 0001:00005798       ?bincache_add@RLibraryBinCache@stdlib@media@modules@UModSys@@UEAA_NAEBU?$TString@U?$TSCoreConst@D@su@tl@UModSys@@U?$TComparerBinaryHash@D@234@@tl@5@AEBUSCMemShared@core@5@@Z 0000000140006798 f   umodsys_lib_libmedia:umodsys.mod.media.stdlib.obj
 0001:000057a0       ?bincache_remove@RLibraryBinCache@stdlib@media@modules@UModSys@@UEAA_NAEBU?$TString@U?$TSCoreConst@D@su@tl@UModSys@@U?$TComparerBinaryHash@D@234@@tl@5@@Z 00000001400067a0 f   umodsys_lib_libmedia:umodsys.mod.media.stdlib.obj
 0001:000057cc       ?bincache_clear@RLibraryBinCache@stdlib@media@modules@UModSys@@UEAA_NXZ 00000001400067cc f   umodsys_lib_libmedia:umodsys.mod.media.stdlib.obj
 0001:000057f4       ?bincache_add@RLibraryBinCache@stdlib@media@modules@UModSys@@QEAA_NAEBU?$TString@U?$TSCoreConst@D@su@tl@UModSys@@U?$TComparerBinaryHash@D@234@@tl@5@AEBUSCMemShared@core@5@_N@Z 00000001400067f4 f   umodsys_lib_libmedia:umodsys.mod.media.stdlib.obj
 0001:00005900       ??0RLibraryLayered@stdlib@media@modules@UModSys@@QEAA@PEAUIModObject@base@4@AEBUSParameters@core@4@U?$TFlags4State@USMediaFlagUid@libmedia@UModSys@@I@tl@4@@Z 0000000140006900 f   umodsys_lib_libmedia:umodsys.mod.media.stdlib.obj
 0001:000059c0       ??_GRLibraryLayered@stdlib@media@modules@UModSys@@UEAAPEAXI@Z 00000001400069c0 f i umodsys_lib_libmedia:umodsys.mod.media.stdlib.obj
 0001:000059c0       ??_ERLibraryLayered@stdlib@media@modules@UModSys@@UEAAPEAXI@Z 00000001400069c0 f i  CIL library: CIL module
 0001:00005a8c       ?get_flag@RLibraryLayered@stdlib@media@modules@UModSys@@UEBA?AW4eStates@?$TFlags4State@USMediaFlagUid@libmedia@UModSys@@I@tl@5@H@Z 0000000140006a8c f   umodsys_lib_libmedia:umodsys.mod.media.stdlib.obj
 0001:00005a98       ?get_flags_auto@RLibraryLayered@stdlib@media@modules@UModSys@@UEBA?AU?$TFlags4State@USMediaFlagUid@libmedia@UModSys@@I@tl@5@XZ 0000000140006a98 f   umodsys_lib_libmedia:umodsys.mod.media.stdlib.obj
 0001:00005aa4       ?set_flag@RLibraryLayered@stdlib@media@modules@UModSys@@UEAA?AW4eStates@?$TFlags4State@USMediaFlagUid@libmedia@UModSys@@I@tl@5@HW46785@@Z 0000000140006aa4 f   umodsys_lib_libmedia:umodsys.mod.media.stdlib.obj
 0001:00005acc       ?bin_reader@RLibraryLayered@stdlib@media@modules@UModSys@@UEAA?AU?$TRefObject@UIStreamReader@libmedia@UModSys@@U?$TRefObjectFunc@UIStreamReader@libmedia@UModSys@@@tl@3@@tl@5@AEBU?$TString@U?$TSCoreConst@D@su@tl@UModSys@@U?$TComparerBinaryHash@D@234@@75@AEBUSFlags@libmedia@5@@Z 0000000140006acc f   umodsys_lib_libmedia:umodsys.mod.media.stdlib.obj
 0001:00005bb4       ?bin_writer@RLibraryLayered@stdlib@media@modules@UModSys@@UEAA?AU?$TRefObject@UIStreamWriter@libmedia@UModSys@@U?$TRefObjectFunc@UIStreamWriter@libmedia@UModSys@@@tl@3@@tl@5@AEBU?$TString@U?$TSCoreConst@D@su@tl@UModSys@@U?$TComparerBinaryHash@D@234@@75@AEBUSFlags@libmedia@5@@Z 0000000140006bb4 f   umodsys_lib_libmedia:umodsys.mod.media.stdlib.obj
 0001:00005c9c       ?bin_load@RLibraryLayered@stdlib@media@modules@UModSys@@UEAA_NAEBU?$TString@U?$TSCoreConst@D@su@tl@UModSys@@U?$TComparerBinaryHash@D@234@@tl@5@AEAUSCMemShared@core@5@AEBUSFlags@libmedia@5@@Z 0000000140006c9c f   umodsys_lib_libmedia:umodsys.mod.media.stdlib.obj
 0001:00005f44       ?bin_save@RLibraryLayered@stdlib@media@modules@UModSys@@UEAA_NAEBU?$TString@U?$TSCoreConst@D@su@tl@UModSys@@U?$TComparerBinaryHash@D@234@@tl@5@AEBUSCMem@core@5@AEBUSFlags@libmedia@5@@Z 0000000140006f44 f   umodsys_lib_libmedia:umodsys.mod.media.stdlib.obj
 0001:000061a0       ?bin_info@RLibraryLayered@stdlib@media@modules@UModSys@@UEAA_NAEBU?$TString@U?$TSCoreConst@D@su@tl@UModSys@@U?$TComparerBinaryHash@D@234@@tl@5@AEAUSFileInfo@libmedia@5@AEBUSFlags@95@@Z 00000001400071a0 f   umodsys_lib_libmedia:umodsys.mod.media.stdlib.obj
 0001:00006250       ?bin_list@RLibraryLayered@stdlib@media@modules@UModSys@@UEAA_NAEBU?$TString@U?$TSCoreConst@D@su@tl@UModSys@@U?$TComparerBinaryHash@D@234@@tl@5@AEAU?$TIStackSocket@USFileInfo@libmedia@UModSys@@@75@AEBUSFlags@libmedia@5@@Z 0000000140007250 f   umodsys_lib_libmedia:umodsys.mod.media.stdlib.obj
 0001:00006314       ?bin_get@RLibraryLayered@stdlib@media@modules@UModSys@@UEAA_NAEBU?$TString@U?$TSCoreConst@D@su@tl@UModSys@@U?$TComparerBinaryHash@D@234@@tl@5@AEAUSCMemShared@core@5@_N@Z 0000000140007314 f   umodsys_lib_libmedia:umodsys.mod.media.stdlib.obj
 0001:00006398       ?bin_put@RLibraryLayered@stdlib@media@modules@UModSys@@UEAA_NAEBU?$TString@U?$TSCoreConst@D@su@tl@UModSys@@U?$TComparerBinaryHash@D@234@@tl@5@PEBUSCMemShared@core@5@@Z 0000000140007398 f   umodsys_lib_libmedia:umodsys.mod.media.stdlib.obj
 0001:00006408       ?obj_fget@RLibraryLayered@stdlib@media@modules@UModSys@@UEAA_NAEBUSInfo@IBinObjFilter@libmedia@5@AEAU?$TRefObject@UIRefObject@core@UModSys@@U?$TRefObjectFunc@UIRefObject@core@UModSys@@@tl@3@@tl@5@@Z 0000000140007408 f   umodsys_lib_libmedia:umodsys.mod.media.stdlib.obj
 0001:00006478       ?obj_fload@RLibraryLayered@stdlib@media@modules@UModSys@@UEAA_NAEBUSInfo@IBinObjFilter@libmedia@5@PEAUIRefObject@core@5@@Z 0000000140007478 f   umodsys_lib_libmedia:umodsys.mod.media.stdlib.obj
 0001:000064e8       ?obj_fsave@RLibraryLayered@stdlib@media@modules@UModSys@@UEAA_NAEAUSInfo@IBinObjFilter@libmedia@5@PEBUIRefObject@core@5@@Z 00000001400074e8 f   umodsys_lib_libmedia:umodsys.mod.media.stdlib.obj
 0001:00006558       ?obj_cget@RLibraryLayered@stdlib@media@modules@UModSys@@UEAA_NAEBU?$TString@U?$TSCoreConst@D@su@tl@UModSys@@U?$TComparerBinaryHash@D@234@@tl@5@AEAU?$TRefObject@UIRefObject@core@UModSys@@U?$TRefObjectFunc@UIRefObject@core@UModSys@@@tl@3@@75@_N@Z 0000000140007558 f   umodsys_lib_libmedia:umodsys.mod.media.stdlib.obj
 0001:000065dc       ?obj_cput@RLibraryLayered@stdlib@media@modules@UModSys@@UEAA_NAEBU?$TString@U?$TSCoreConst@D@su@tl@UModSys@@U?$TComparerBinaryHash@D@234@@tl@5@PEAUIRefObject@core@5@@Z 00000001400075dc f   umodsys_lib_libmedia:umodsys.mod.media.stdlib.obj
 0001:0000664c       ?obj_get@RLibraryLayered@stdlib@media@modules@UModSys@@UEAA_NAEBU?$TString@U?$TSCoreConst@D@su@tl@UModSys@@U?$TComparerBinaryHash@D@234@@tl@5@AEAU?$TRefObject@UIRefObject@core@UModSys@@U?$TRefObjectFunc@UIRefObject@core@UModSys@@@tl@3@@75@AEBUSObjOptions@ILibrary@libmedia@5@@Z 000000014000764c f   umodsys_lib_libmedia:umodsys.mod.media.stdlib.obj
 0001:00006aa0       ?obj_load@RLibraryLayered@stdlib@media@modules@UModSys@@UEAA_NAEBU?$TString@U?$TSCoreConst@D@su@tl@UModSys@@U?$TComparerBinaryHash@D@234@@tl@5@PEAUIRefObject@core@5@AEBUSObjOptions@ILibrary@libmedia@5@@Z 0000000140007aa0 f   umodsys_lib_libmedia:umodsys.mod.media.stdlib.obj
 0001:00006c78       ?obj_save@RLibraryLayered@stdlib@media@modules@UModSys@@UEAA_NAEBU?$TString@U?$TSCoreConst@D@su@tl@UModSys@@U?$TComparerBinaryHash@D@234@@tl@5@PEBUIRefObject@core@5@AEBUSObjOptions@ILibrary@libmedia@5@@Z 0000000140007c78 f   umodsys_lib_libmedia:umodsys.mod.media.stdlib.obj
 0001:00006ec4       ?layer_get@RLibraryLayered@stdlib@media@modules@UModSys@@UEBA?AUSLayer@ILibraryLayered@libmedia@5@_K@Z 0000000140007ec4 f   umodsys_lib_libmedia:umodsys.mod.media.stdlib.obj
 0001:00006f2c       ?layer_find@RLibraryLayered@stdlib@media@modules@UModSys@@UEBA_KAEBU?$TString@U?$TSCoreConst@D@su@tl@UModSys@@U?$TComparerBinaryHash@D@234@@tl@5@_K@Z 0000000140007f2c f   umodsys_lib_libmedia:umodsys.mod.media.stdlib.obj
 0001:00006fc8       ?layer_insert@RLibraryLayered@stdlib@media@modules@UModSys@@UEAA_NAEBUSLayer@ILibraryLayered@libmedia@5@_K@Z 0000000140007fc8 f   umodsys_lib_libmedia:umodsys.mod.media.stdlib.obj
 0001:000071ec       ?layer_remove@RLibraryLayered@stdlib@media@modules@UModSys@@UEAA_N_K@Z 00000001400081ec f   umodsys_lib_libmedia:umodsys.mod.media.stdlib.obj
 0001:0000731c       ?layer_clear@RLibraryLayered@stdlib@media@modules@UModSys@@UEAA_NXZ 000000014000831c f   umodsys_lib_libmedia:umodsys.mod.media.stdlib.obj
 0001:00007328       ??_ERLibraryObjCache@stdlib@media@modules@UModSys@@UEAAPEAXI@Z 0000000140008328 f i  CIL library: CIL module
 0001:00007328       ??_GRLibraryObjCache@stdlib@media@modules@UModSys@@UEAAPEAXI@Z 0000000140008328 f i umodsys_lib_libmedia:umodsys.mod.media.stdlib.obj
 0001:000073ac       ?get_flags_auto@RLibraryObjCache@stdlib@media@modules@UModSys@@UEBA?AU?$TFlags4State@USMediaFlagUid@libmedia@UModSys@@I@tl@5@XZ 00000001400083ac f   umodsys_lib_libmedia:umodsys.mod.media.stdlib.obj
 0001:000073b8       ?obj_cput@RLibraryObjCache@stdlib@media@modules@UModSys@@UEAA_NAEBU?$TString@U?$TSCoreConst@D@su@tl@UModSys@@U?$TComparerBinaryHash@D@234@@tl@5@PEAUIRefObject@core@5@@Z 00000001400083b8 f   umodsys_lib_libmedia:umodsys.mod.media.stdlib.obj
 0001:000073c4       ?obj_get@RLibraryObjCache@stdlib@media@modules@UModSys@@UEAA_NAEBU?$TString@U?$TSCoreConst@D@su@tl@UModSys@@U?$TComparerBinaryHash@D@234@@tl@5@AEAU?$TRefObject@UIRefObject@core@UModSys@@U?$TRefObjectFunc@UIRefObject@core@UModSys@@@tl@3@@75@AEBUSObjOptions@ILibrary@libmedia@5@@Z 00000001400083c4 f   umodsys_lib_libmedia:umodsys.mod.media.stdlib.obj
 0001:00007530       ?objcache_get@RLibraryObjCache@stdlib@media@modules@UModSys@@UEBA_NAEBU?$TString@U?$TSCoreConst@D@su@tl@UModSys@@U?$TComparerBinaryHash@D@234@@tl@5@PEAU?$TRefObject@UIRefObject@core@UModSys@@U?$TRefObjectFunc@UIRefObject@core@UModSys@@@tl@3@@75@PEA_N@Z 0000000140008530 f   umodsys_lib_libmedia:umodsys.mod.media.stdlib.obj
 0001:000075d0       ?objcache_add@RLibraryObjCache@stdlib@media@modules@UModSys@@UEAA_NAEBU?$TString@U?$TSCoreConst@D@su@tl@UModSys@@U?$TComparerBinaryHash@D@234@@tl@5@PEAUIRefObject@core@5@@Z 00000001400085d0 f   umodsys_lib_libmedia:umodsys.mod.media.stdlib.obj
 0001:000076c4       ?objcache_remove@RLibraryObjCache@stdlib@media@modules@UModSys@@UEAA_NAEBU?$TString@U?$TSCoreConst@D@su@tl@UModSys@@U?$TComparerBinaryHash@D@234@@tl@5@@Z 00000001400086c4 f   umodsys_lib_libmedia:umodsys.mod.media.stdlib.obj
 0001:000076f0       ?objcache_clear@RLibraryObjCache@stdlib@media@modules@UModSys@@UEAA_NXZ 00000001400086f0 f   umodsys_lib_libmedia:umodsys.mod.media.stdlib.obj
 0001:00007718       ??_ERLibraryObjFilter@stdlib@media@modules@UModSys@@UEAAPEAXI@Z 0000000140008718 f i  CIL library: CIL module
 0001:00007718       ??_GRLibraryObjFilter@stdlib@media@modules@UModSys@@UEAAPEAXI@Z 0000000140008718 f i umodsys_lib_libmedia:umodsys.mod.media.stdlib.obj
 0001:000077e8       ?get_flag@RLibraryObjCache@stdlib@media@modules@UModSys@@UEBA?AW4eStates@?$TFlags4State@USMediaFlagUid@libmedia@UModSys@@I@tl@5@H@Z 00000001400087e8 f   umodsys_lib_libmedia:umodsys.mod.media.stdlib.obj
 0001:000077e8       ?get_flag@RLibraryObjFilter@stdlib@media@modules@UModSys@@UEBA?AW4eStates@?$TFlags4State@USMediaFlagUid@libmedia@UModSys@@I@tl@5@H@Z 00000001400087e8 f   umodsys_lib_libmedia:umodsys.mod.media.stdlib.obj
 0001:000077e8       ?get_flag@RLibraryBinTree@stdlib@media@modules@UModSys@@UEBA?AW4eStates@?$TFlags4State@USMediaFlagUid@libmedia@UModSys@@I@tl@5@H@Z 00000001400087e8 f   umodsys_lib_libmedia:umodsys.mod.media.stdlib.obj
 0001:000077e8       ?get_flag@RLibraryBinCache@stdlib@media@modules@UModSys@@UEBA?AW4eStates@?$TFlags4State@USMediaFlagUid@libmedia@UModSys@@I@tl@5@H@Z 00000001400087e8 f   umodsys_lib_libmedia:umodsys.mod.media.stdlib.obj
 0001:000077f4       ?get_flags_auto@RLibraryObjFilter@stdlib@media@modules@UModSys@@UEBA?AU?$TFlags4State@USMediaFlagUid@libmedia@UModSys@@I@tl@5@XZ 00000001400087f4 f   umodsys_lib_libmedia:umodsys.mod.media.stdlib.obj
 0001:00007800       ?obj_fget@RLibraryObjFilter@stdlib@media@modules@UModSys@@UEAA_NAEBUSInfo@IBinObjFilter@libmedia@5@AEAU?$TRefObject@UIRefObject@core@UModSys@@U?$TRefObjectFunc@UIRefObject@core@UModSys@@@tl@3@@tl@5@@Z 0000000140008800 f   umodsys_lib_libmedia:umodsys.mod.media.stdlib.obj
 0001:0000780c       ?obj_fload@RLibraryObjFilter@stdlib@media@modules@UModSys@@UEAA_NAEBUSInfo@IBinObjFilter@libmedia@5@PEAUIRefObject@core@5@@Z 000000014000880c f   umodsys_lib_libmedia:umodsys.mod.media.stdlib.obj
 0001:00007818       ?obj_fsave@RLibraryObjFilter@stdlib@media@modules@UModSys@@UEAA_NAEAUSInfo@IBinObjFilter@libmedia@5@PEBUIRefObject@core@5@@Z 0000000140008818 f   umodsys_lib_libmedia:umodsys.mod.media.stdlib.obj
 0001:00007824       ?filters_add@RLibraryObjFilter@stdlib@media@modules@UModSys@@UEAA_NU?$TRefObject@UIBinObjFilter@libmedia@UModSys@@U?$TRefObjectFunc@UIBinObjFilter@libmedia@UModSys@@@tl@3@@tl@5@PEBUSParameters@core@5@H@Z 0000000140008824 f   umodsys_lib_libmedia:umodsys.mod.media.stdlib.obj
 0001:00007920       ?filters_remove@RLibraryObjFilter@stdlib@media@modules@UModSys@@UEAA_NPEAUIBinObjFilter@libmedia@5@H@Z 0000000140008920 f   umodsys_lib_libmedia:umodsys.mod.media.stdlib.obj
 0001:00007994       ?filters_clear@RLibraryObjFilter@stdlib@media@modules@UModSys@@UEAA_NXZ 0000000140008994 f   umodsys_lib_libmedia:umodsys.mod.media.stdlib.obj
 0001:00007a14       ?filters_load@RLibraryObjFilter@stdlib@media@modules@UModSys@@UEAA_NAEBUSInfo@IBinObjFilter@libmedia@5@AEAU?$TRefObject@UIRefObject@core@UModSys@@U?$TRefObjectFunc@UIRefObject@core@UModSys@@@tl@3@@tl@5@@Z 0000000140008a14 f   umodsys_lib_libmedia:umodsys.mod.media.stdlib.obj
 0001:00007aac       ?filters_load@RLibraryObjFilter@stdlib@media@modules@UModSys@@UEAA_NAEBUSInfo@IBinObjFilter@libmedia@5@PEAUIRefObject@core@5@@Z 0000000140008aac f   umodsys_lib_libmedia:umodsys.mod.media.stdlib.obj
 0001:00007b44       ?filters_save@RLibraryObjFilter@stdlib@media@modules@UModSys@@UEAA_NAEAUSInfo@IBinObjFilter@libmedia@5@PEBUIRefObject@core@5@@Z 0000000140008b44 f   umodsys_lib_libmedia:umodsys.mod.media.stdlib.obj
 0001:00007bdc       ?do_open@RModuleReg@stdlib@media@modules@UModSys@@UEAA_NXZ 0000000140008bdc f i umodsys_lib_libmedia:umodsys.mod.media.stdlib.obj
 0001:00007c50       ?do_close@RModuleReg@stdlib@media@modules@UModSys@@UEAA_NXZ 0000000140008c50 f i umodsys_lib_libmedia:umodsys.mod.media.stdlib.obj
 0001:00007ca0       ?get_module@RGenerator@stdlib@media@modules@UModSys@@UEBAPEAUIModule@base@5@XZ 0000000140008ca0 f   umodsys_lib_libmedia:umodsys.mod.media.stdlib.obj
 0001:00007ca8       ?mod_inc@RGenerator@stdlib@media@modules@UModSys@@UEBA_NXZ 0000000140008ca8 f   umodsys_lib_libmedia:umodsys.mod.media.stdlib.obj
 0001:00007cbc       ?mod_dec@RGenerator@stdlib@media@modules@UModSys@@UEBA_NXZ 0000000140008cbc f   umodsys_lib_libmedia:umodsys.mod.media.stdlib.obj
 0001:00007cd0       ?s_holder@RGenerator@stdlib@media@modules@UModSys@@SAAEAU?$TTypeStaticHolder@URGenerator@stdlib@media@modules@UModSys@@@tl@5@XZ 0000000140008cd0 f   umodsys_lib_libmedia:umodsys.mod.media.stdlib.obj
 0001:00007d14       ??4?$TString@U?$TSCoreConst@D@su@tl@UModSys@@U?$TComparerBinaryHash@D@234@@tl@UModSys@@QEAAAEBU012@PEBD@Z 0000000140008d14 f i umodsys_lib_libmedia:umodsys.mod.media.stdlib.obj
 0001:00007d8c       ??0?$TString@U?$TSCoreShared@USIMemAlloc@core@UModSys@@D@su@tl@UModSys@@U?$TComparerBinaryHash@D@234@@tl@UModSys@@QEAA@AEBU?$TSCoreConst@D@su@12@@Z 0000000140008d8c f i umodsys_lib_libmedia:umodsys.mod.media.stdlib.obj
 0001:00007e38       ?Resize@?$TDynarray@U?$TDynarrayHolderDynamic@EU?$TAllocator@USIMemAlloc@core@UModSys@@USCountCalcPower2@23@@tl@UModSys@@@tl@UModSys@@@tl@UModSys@@QEAA_N_K@Z 0000000140008e38 f i umodsys_lib_libmedia:umodsys.mod.media.stdlib.obj
 0001:00007ed0       ??1?$TTreeHoldRBD@UNameNode@IBinArchiveFrame@libmedia@UModSys@@U?$TNodeDeleter0@UNameNode@IBinArchiveFrame@libmedia@UModSys@@@tl@4@@tl@UModSys@@QEAA@XZ 0000000140008ed0 f i umodsys_lib_libmedia:umodsys.mod.media.stdlib.obj
 0001:00007f38       ?remove_node@?$TTreeHoldRB@UNameNode@IBinArchiveFrame@libmedia@UModSys@@@tl@UModSys@@QEAAXPEAUNameNode@IBinArchiveFrame@libmedia@3@@Z 0000000140008f38 f i umodsys_lib_libmedia:umodsys.mod.media.stdlib.obj
 0001:0000804c       ??R?$TScatterArray@USMountInfo@RLibraryBinTree@stdlib@media@modules@UModSys@@USId@ILibraryBinTree@libmedia@6@U7896@U?$TNodeDeleter0@U?$TScatterArrayNode@USMountInfo@RLibraryBinTree@stdlib@media@modules@UModSys@@USId@ILibraryBinTree@libmedia@6@@tl@UModSys@@@tl@6@@tl@UModSys@@QEAAPEAUSMountInfo@RLibraryBinTree@stdlib@media@modules@2@AEBUSId@ILibraryBinTree@libmedia@2@PEAUVoid@core@2@@Z 000000014000904c f i umodsys_lib_libmedia:umodsys.mod.media.stdlib.obj
 0001:00008170       ??R?$TScatterArray@USCacheElem@RLibraryBinCache@stdlib@media@modules@UModSys@@U?$TString@U?$TSCoreConst@D@su@tl@UModSys@@U?$TComparerBinaryHash@D@234@@tl@6@U?$TObjectCompare@U?$TString@U?$TSCoreConst@D@su@tl@UModSys@@U?$TComparerBinaryHash@D@234@@tl@UModSys@@@core@6@U?$TNodeDeleter0@U?$TScatterArrayNode@USCacheElem@RLibraryBinCache@stdlib@media@modules@UModSys@@U?$TString@U?$TSCoreConst@D@su@tl@UModSys@@U?$TComparerBinaryHash@D@234@@tl@6@@tl@UModSys@@@86@@tl@UModSys@@QEAAPEAUSCacheElem@RLibraryBinCache@stdlib@media@modules@2@AEBU?$TString@U?$TSCoreConst@D@su@tl@UModSys@@U?$TComparerBinaryHash@D@234@@12@PEAUVoid@core@2@@Z 0000000140009170 f i umodsys_lib_libmedia:umodsys.mod.media.stdlib.obj
[...]
 0001:000141a0       ??__E?s_id@?$TObjectUniqueID@UIRoot@core@UModSys@@@tl@UModSys@@2USUniquePointer@core@3@A@@YAXXZ 00000001400151a0 f    CIL library: CIL module
 0001:000141d4       ??__E?s_id@?$TObjectUniqueID@UIRefObject@core@UModSys@@@tl@UModSys@@2USUniquePointer@core@3@A@@YAXXZ 00000001400151d4 f    CIL library: CIL module
 0001:00014208       ??__E?s_id@?$TObjectUniqueID@UIParameters@core@UModSys@@@tl@UModSys@@2USUniquePointer@core@3@A@@YAXXZ 0000000140015208 f    CIL library: CIL module
 0001:0001423c       ??__E?s_id@?$TObjectUniqueID@UIConsole@base@UModSys@@@tl@UModSys@@2USUniquePointer@core@3@A@@YAXXZ 000000014001523c f    CIL library: CIL module
 0001:00014270       ??__E?s_id@?$TObjectUniqueID@UIModule@base@UModSys@@@tl@UModSys@@2USUniquePointer@core@3@A@@YAXXZ 0000000140015270 f    CIL library: CIL module
 0001:000142a4       ??__E?s_id@?$TObjectUniqueID@UIModuleLibrary@base@UModSys@@@tl@UModSys@@2USUniquePointer@core@3@A@@YAXXZ 00000001400152a4 f    CIL library: CIL module
 0001:000142d8       ??__E?s_id@?$TObjectUniqueID@UIModObject@base@UModSys@@@tl@UModSys@@2USUniquePointer@core@3@A@@YAXXZ 00000001400152d8 f    CIL library: CIL module
 0001:0001430c       ??__E?s_id@?$TObjectUniqueID@UIGenerator@base@UModSys@@@tl@UModSys@@2USUniquePointer@core@3@A@@YAXXZ 000000014001530c f    CIL library: CIL module
 0001:00014340       ??__E?s_id@?$TObjectUniqueID@UIShell@base@UModSys@@@tl@UModSys@@2USUniquePointer@core@3@A@@YAXXZ 0000000140015340 f    CIL library: CIL module
 0001:00014374       ??__E?s_id@?$TObjectUniqueID@UISystem@base@UModSys@@@tl@UModSys@@2USUniquePointer@core@3@A@@YAXXZ 0000000140015374 f    CIL library: CIL module
 0001:000143a8       ??__E?s_id@?$TObjectUniqueID@URModule@rsystem@base@UModSys@@@tl@UModSys@@2USUniquePointer@core@3@A@@YAXXZ 00000001400153a8 f    CIL library: CIL module
 0001:000143dc       ??__E?s_id@?$TObjectUniqueID@UIModuleLibraryUni@rsystem@base@UModSys@@@tl@UModSys@@2USUniquePointer@core@3@A@@YAXXZ 00000001400153dc f    CIL library: CIL module
 0001:00014410       ??__E?s_id@?$TObjectUniqueID@URModuleLibrarySO@rsystem@base@UModSys@@@tl@UModSys@@2USUniquePointer@core@3@A@@YAXXZ 0000000140015410 f    CIL library: CIL module
 0001:00014444       ??__E?s_id@?$TObjectUniqueID@URModuleLibraryThis@rsystem@base@UModSys@@@tl@UModSys@@2USUniquePointer@core@3@A@@YAXXZ 0000000140015444 f    CIL library: CIL module
 0001:00014478       ??__E?s_id@?$TObjectUniqueID@URParameters@rsystem@base@UModSys@@@tl@UModSys@@2USUniquePointer@core@3@A@@YAXXZ 0000000140015478 f    CIL library: CIL module
 0001:000144ac       ??__E?s_id@?$TObjectUniqueID@URSystem@rsystem@base@UModSys@@@tl@UModSys@@2USUniquePointer@core@3@A@@YAXXZ 00000001400154ac f    CIL library: CIL module
 0001:000144e0       ??__E?s_id@?$TObjectUniqueID@URConsole_std@rsystem@base@UModSys@@@tl@UModSys@@2USUniquePointer@core@3@A@@YAXXZ 00000001400154e0 f    CIL library: CIL module
 0001:00014514       ??__Es_dbg@stdio@media@modules@UModSys@@YAXXZ 0000000140015514 f    CIL library: CIL module
 0001:00014520       ??__E?s_modreg@RModuleReg@stdio@media@modules@UModSys@@2U12345@A@@YAXXZ 0000000140015520 f    CIL library: CIL module
 0001:00014588       ??__E?s_modreg_chain@RModuleReg@stdio@media@modules@UModSys@@2USModuleRegChain@base@5@A@@YAXXZ 0000000140015588 f    CIL library: CIL module
 0001:000145c8       ??__E?s_uid@RGenerator@stdio@media@modules@UModSys@@2USUniquePointer@core@5@A@@YAXXZ 00000001400155c8 f    CIL library: CIL module
 0001:000145fc       ??__E?s_id@?$TObjectUniqueID@UIStreamReader@libmedia@UModSys@@@tl@UModSys@@2USUniquePointer@core@3@A@@YAXXZ 00000001400155fc f    CIL library: CIL module
 0001:00014630       ??__E?s_id@?$TObjectUniqueID@UIStreamWriter@libmedia@UModSys@@@tl@UModSys@@2USUniquePointer@core@3@A@@YAXXZ 0000000140015630 f    CIL library: CIL module
 0001:00014664       ??__E?s_id@?$TObjectUniqueID@UIUtilities@libmedia@UModSys@@@tl@UModSys@@2USUniquePointer@core@3@A@@YAXXZ 0000000140015664 f    CIL library: CIL module
 0001:00014698       ??__E?s_id@?$TObjectUniqueID@UILibObject@libmedia@UModSys@@@tl@UModSys@@2USUniquePointer@core@3@A@@YAXXZ 0000000140015698 f    CIL library: CIL module
 0001:000146cc       ??__E?s_id@?$TObjectUniqueID@UIBinArchive@libmedia@UModSys@@@tl@UModSys@@2USUniquePointer@core@3@A@@YAXXZ 00000001400156cc f    CIL library: CIL module
 0001:00014700       ??__E?s_id@?$TObjectUniqueID@UIBinObjFilter@libmedia@UModSys@@@tl@UModSys@@2USUniquePointer@core@3@A@@YAXXZ 0000000140015700 f    CIL library: CIL module
 0001:00014734       ??__E?s_id@?$TObjectUniqueID@UILibrary@libmedia@UModSys@@@tl@UModSys@@2USUniquePointer@core@3@A@@YAXXZ 0000000140015734 f    CIL library: CIL module
 0001:00014768       ??__E?s_id@?$TObjectUniqueID@URStreamReader_FILE@stdio@media@modules@UModSys@@@tl@UModSys@@2USUniquePointer@core@3@A@@YAXXZ 0000000140015768 f    CIL library: CIL module
 0001:0001479c       ??__E?s_id@?$TObjectUniqueID@URStreamWriter_FILE@stdio@media@modules@UModSys@@@tl@UModSys@@2USUniquePointer@core@3@A@@YAXXZ 000000014001579c f    CIL library: CIL module
 0001:000147d0       ??__E?s_id@?$TObjectUniqueID@URDataArchiver_OsDir@stdio@media@modules@UModSys@@@tl@UModSys@@2USUniquePointer@core@3@A@@YAXXZ 00000001400157d0 f    CIL library: CIL module
 0001:00014804       ??__E?s_id@?$TObjectUniqueID@URGenerator@stdio@media@modules@UModSys@@@tl@UModSys@@2USUniquePointer@core@3@A@@YAXXZ 0000000140015804 f    CIL library: CIL module
 0001:00014838       ??__Es_dbg@stdlib@media@modules@UModSys@@YAXXZ 0000000140015838 f    CIL library: CIL module
 0001:00014844       ??__E?s_modreg@RModuleReg@stdlib@media@modules@UModSys@@2U12345@A@@YAXXZ 0000000140015844 f    CIL library: CIL module
 0001:000148ac       ??__E?s_modreg_chain@RModuleReg@stdlib@media@modules@UModSys@@2USModuleRegChain@base@5@A@@YAXXZ 00000001400158ac f    CIL library: CIL module
 0001:000148ec       ??__E?s_uid@RGenerator@stdlib@media@modules@UModSys@@2USUniquePointer@core@5@A@@YAXXZ 00000001400158ec f    CIL library: CIL module
 0001:00014920       ??__E?s_id@?$TObjectUniqueID@UILibraryBinTree@libmedia@UModSys@@@tl@UModSys@@2USUniquePointer@core@3@A@@YAXXZ 0000000140015920 f    CIL library: CIL module
 0001:00014954       ??__E?s_id@?$TObjectUniqueID@UILibraryBinCache@libmedia@UModSys@@@tl@UModSys@@2USUniquePointer@core@3@A@@YAXXZ 0000000140015954 f    CIL library: CIL module
 0001:00014988       ??__E?s_id@?$TObjectUniqueID@UILibraryObjFilter@libmedia@UModSys@@@tl@UModSys@@2USUniquePointer@core@3@A@@YAXXZ 0000000140015988 f    CIL library: CIL module
 0001:000149bc       ??__E?s_id@?$TObjectUniqueID@UILibraryObjCache@libmedia@UModSys@@@tl@UModSys@@2USUniquePointer@core@3@A@@YAXXZ 00000001400159bc f    CIL library: CIL module
 0001:000149f0       ??__E?s_id@?$TObjectUniqueID@UILibraryLayered@libmedia@UModSys@@@tl@UModSys@@2USUniquePointer@core@3@A@@YAXXZ 00000001400159f0 f    CIL library: CIL module
 0001:00014a24       ??__E?s_id@?$TObjectUniqueID@UIBinArchiveFrame@libmedia@UModSys@@@tl@UModSys@@2USUniquePointer@core@3@A@@YAXXZ 0000000140015a24 f    CIL library: CIL module
 0001:00014a58       ??__E?s_id@?$TObjectUniqueID@UIClient@IBinArchiveFrame@libmedia@UModSys@@@tl@UModSys@@2USUniquePointer@core@3@A@@YAXXZ 0000000140015a58 f    CIL library: CIL module
 0001:00014a8c       ??__E?s_id@?$TObjectUniqueID@URUtilities@stdlib@media@modules@UModSys@@@tl@UModSys@@2USUniquePointer@core@3@A@@YAXXZ 0000000140015a8c f    CIL library: CIL module
 0001:00014ac0       ??__E?s_id@?$TObjectUniqueID@URBinArchiveFrame@stdlib@media@modules@UModSys@@@tl@UModSys@@2USUniquePointer@core@3@A@@YAXXZ 0000000140015ac0 f    CIL library: CIL module
 0001:00014af4       ??__E?s_id@?$TObjectUniqueID@URLibraryBinTree@stdlib@media@modules@UModSys@@@tl@UModSys@@2USUniquePointer@core@3@A@@YAXXZ 0000000140015af4 f    CIL library: CIL module
 0001:00014b28       ??__E?s_id@?$TObjectUniqueID@URLibraryBinCache@stdlib@media@modules@UModSys@@@tl@UModSys@@2USUniquePointer@core@3@A@@YAXXZ 0000000140015b28 f    CIL library: CIL module
 0001:00014b5c       ??__E?s_id@?$TObjectUniqueID@URLibraryLayered@stdlib@media@modules@UModSys@@@tl@UModSys@@2USUniquePointer@core@3@A@@YAXXZ 0000000140015b5c f    CIL library: CIL module
 0001:00014b90       ??__E?s_id@?$TObjectUniqueID@URLibraryObjCache@stdlib@media@modules@UModSys@@@tl@UModSys@@2USUniquePointer@core@3@A@@YAXXZ 0000000140015b90 f    CIL library: CIL module
 0001:00014bc4       ??__E?s_id@?$TObjectUniqueID@URLibraryObjFilter@stdlib@media@modules@UModSys@@@tl@UModSys@@2USUniquePointer@core@3@A@@YAXXZ 0000000140015bc4 f    CIL library: CIL module
 0001:00014bf8       ??__E?s_id@?$TObjectUniqueID@URGenerator@stdlib@media@modules@UModSys@@@tl@UModSys@@2USUniquePointer@core@3@A@@YAXXZ 0000000140015bf8 f    CIL library: CIL module
 0001:00014c2c       ??__E?s_console@RConsole_std@rsystem@base@UModSys@@2U1234@A@@YAXXZ 0000000140015c2c f    CIL library: CIL module
 0001:00014c38       ??__E?s_sys@RSystem@rsystem@base@UModSys@@2U1234@A@@YAXXZ 0000000140015c38 f    CIL library: CIL module
 0001:00014c44       ??__Ersys_dbg@rsystem@base@UModSys@@YAXXZ 0000000140015c44 f    CIL library: CIL module
 0001:00014c50       ??__EM@UModSys@@YAXXZ      0000000140015c50 f    CIL library: CIL module
 0001:00014c5c       ??__E?root@SModuleRegChain@base@UModSys@@2U123@A@@YAXXZ 0000000140015c5c f    CIL library: CIL module
 0001:00014c68       ??__E?s_library@RModuleLibraryReg_Chain@base@UModSys@@2U123@A@@YAXXZ 0000000140015c68 f    CIL library: CIL module
 0001:00014c74       ??__E?root@SUniquePointer@core@UModSys@@2U123@A@@YAXXZ 0000000140015c74 f    CIL library: CIL module
 0001:00014c80       ??__F?s_id@?$TObjectUniqueID@URConsole_std@rsystem@base@UModSys@@@tl@UModSys@@2USUniquePointer@core@3@A@@YAXXZ 0000000140015c80 f    CIL library: CIL module
 0001:00014c8c       ??__F?s_id@?$TObjectUniqueID@URSystem@rsystem@base@UModSys@@@tl@UModSys@@2USUniquePointer@core@3@A@@YAXXZ 0000000140015c8c f    CIL library: CIL module
 0001:00014c98       ??__F?s_id@?$TObjectUniqueID@URParameters@rsystem@base@UModSys@@@tl@UModSys@@2USUniquePointer@core@3@A@@YAXXZ 0000000140015c98 f    CIL library: CIL module
 0001:00014ca4       ??__F?s_id@?$TObjectUniqueID@URModuleLibraryThis@rsystem@base@UModSys@@@tl@UModSys@@2USUniquePointer@core@3@A@@YAXXZ 0000000140015ca4 f    CIL library: CIL module
 0001:00014cb0       ??__F?s_id@?$TObjectUniqueID@URModuleLibrarySO@rsystem@base@UModSys@@@tl@UModSys@@2USUniquePointer@core@3@A@@YAXXZ 0000000140015cb0 f    CIL library: CIL module
 0001:00014cbc       ??__F?s_id@?$TObjectUniqueID@UIModuleLibraryUni@rsystem@base@UModSys@@@tl@UModSys@@2USUniquePointer@core@3@A@@YAXXZ 0000000140015cbc f    CIL library: CIL module
 0001:00014cc8       ??__F?s_id@?$TObjectUniqueID@URModule@rsystem@base@UModSys@@@tl@UModSys@@2USUniquePointer@core@3@A@@YAXXZ 0000000140015cc8 f    CIL library: CIL module
 0001:00014cd4       ??__F?s_id@?$TObjectUniqueID@UISystem@base@UModSys@@@tl@UModSys@@2USUniquePointer@core@3@A@@YAXXZ 0000000140015cd4 f    CIL library: CIL module
 0001:00014ce0       ??__F?s_id@?$TObjectUniqueID@UIShell@base@UModSys@@@tl@UModSys@@2USUniquePointer@core@3@A@@YAXXZ 0000000140015ce0 f    CIL library: CIL module
 0001:00014cec       ??__F?s_id@?$TObjectUniqueID@UIGenerator@base@UModSys@@@tl@UModSys@@2USUniquePointer@core@3@A@@YAXXZ 0000000140015cec f    CIL library: CIL module
 0001:00014cf8       ??__F?s_id@?$TObjectUniqueID@UIModObject@base@UModSys@@@tl@UModSys@@2USUniquePointer@core@3@A@@YAXXZ 0000000140015cf8 f    CIL library: CIL module
 0001:00014d04       ??__F?s_id@?$TObjectUniqueID@UIModuleLibrary@base@UModSys@@@tl@UModSys@@2USUniquePointer@core@3@A@@YAXXZ 0000000140015d04 f    CIL library: CIL module
 0001:00014d10       ??__F?s_id@?$TObjectUniqueID@UIModule@base@UModSys@@@tl@UModSys@@2USUniquePointer@core@3@A@@YAXXZ 0000000140015d10 f    CIL library: CIL module
 0001:00014d1c       ??__F?s_id@?$TObjectUniqueID@UIConsole@base@UModSys@@@tl@UModSys@@2USUniquePointer@core@3@A@@YAXXZ 0000000140015d1c f    CIL library: CIL module
 0001:00014d28       ??__F?s_id@?$TObjectUniqueID@UIParameters@core@UModSys@@@tl@UModSys@@2USUniquePointer@core@3@A@@YAXXZ 0000000140015d28 f    CIL library: CIL module
 0001:00014d34       ??__F?s_id@?$TObjectUniqueID@UIRefObject@core@UModSys@@@tl@UModSys@@2USUniquePointer@core@3@A@@YAXXZ 0000000140015d34 f    CIL library: CIL module
 0001:00014d40       ??__F?s_id@?$TObjectUniqueID@UIRoot@core@UModSys@@@tl@UModSys@@2USUniquePointer@core@3@A@@YAXXZ 0000000140015d40 f    CIL library: CIL module
 0001:00014d4c       ??__Fs_dbg@stdio@media@modules@UModSys@@YAXXZ 0000000140015d4c f    CIL library: CIL module
 0001:00014d70       ??__F?s_modreg@RModuleReg@stdio@media@modules@UModSys@@2U12345@A@@YAXXZ 0000000140015d70 f    CIL library: CIL module
 0001:00014d80       ??__F?s_modreg_chain@RModuleReg@stdio@media@modules@UModSys@@2USModuleRegChain@base@5@A@@YAXXZ 0000000140015d80 f    CIL library: CIL module
 0001:00014dc0       ??__F?s_uid@RGenerator@stdio@media@modules@UModSys@@2USUniquePointer@core@5@A@@YAXXZ 0000000140015dc0 f    CIL library: CIL module
 0001:00014dcc       ??__Fh@?1??s_holder@RGenerator@stdio@media@modules@UModSys@@SAAEAU?$TTypeStaticHolder@URGenerator@stdio@media@modules@UModSys@@@tl@5@XZ@YAXXZ 0000000140015dcc f    CIL library: CIL module
 0001:00014df4       ??__F?s_id@?$TObjectUniqueID@URGenerator@stdio@media@modules@UModSys@@@tl@UModSys@@2USUniquePointer@core@3@A@@YAXXZ 0000000140015df4 f    CIL library: CIL module
 0001:00014e00       ??__F?s_id@?$TObjectUniqueID@URDataArchiver_OsDir@stdio@media@modules@UModSys@@@tl@UModSys@@2USUniquePointer@core@3@A@@YAXXZ 0000000140015e00 f    CIL library: CIL module
 0001:00014e0c       ??__F?s_id@?$TObjectUniqueID@URStreamWriter_FILE@stdio@media@modules@UModSys@@@tl@UModSys@@2USUniquePointer@core@3@A@@YAXXZ 0000000140015e0c f    CIL library: CIL module
 0001:00014e18       ??__F?s_id@?$TObjectUniqueID@URStreamReader_FILE@stdio@media@modules@UModSys@@@tl@UModSys@@2USUniquePointer@core@3@A@@YAXXZ 0000000140015e18 f    CIL library: CIL module
 0001:00014e24       ??__F?s_id@?$TObjectUniqueID@UILibrary@libmedia@UModSys@@@tl@UModSys@@2USUniquePointer@core@3@A@@YAXXZ 0000000140015e24 f    CIL library: CIL module
 0001:00014e30       ??__F?s_id@?$TObjectUniqueID@UIBinObjFilter@libmedia@UModSys@@@tl@UModSys@@2USUniquePointer@core@3@A@@YAXXZ 0000000140015e30 f    CIL library: CIL module
 0001:00014e3c       ??__F?s_id@?$TObjectUniqueID@UIBinArchive@libmedia@UModSys@@@tl@UModSys@@2USUniquePointer@core@3@A@@YAXXZ 0000000140015e3c f    CIL library: CIL module
 0001:00014e48       ??__F?s_id@?$TObjectUniqueID@UILibObject@libmedia@UModSys@@@tl@UModSys@@2USUniquePointer@core@3@A@@YAXXZ 0000000140015e48 f    CIL library: CIL module
 0001:00014e54       ??__F?s_id@?$TObjectUniqueID@UIUtilities@libmedia@UModSys@@@tl@UModSys@@2USUniquePointer@core@3@A@@YAXXZ 0000000140015e54 f    CIL library: CIL module
 0001:00014e60       ??__F?s_id@?$TObjectUniqueID@UIStreamWriter@libmedia@UModSys@@@tl@UModSys@@2USUniquePointer@core@3@A@@YAXXZ 0000000140015e60 f    CIL library: CIL module
 0001:00014e6c       ??__F?s_id@?$TObjectUniqueID@UIStreamReader@libmedia@UModSys@@@tl@UModSys@@2USUniquePointer@core@3@A@@YAXXZ 0000000140015e6c f    CIL library: CIL module
 0001:00014e78       ??__Fs_dbg@stdlib@media@modules@UModSys@@YAXXZ 0000000140015e78 f    CIL library: CIL module
 0001:00014e9c       ??__F?s_modreg@RModuleReg@stdlib@media@modules@UModSys@@2U12345@A@@YAXXZ 0000000140015e9c f    CIL library: CIL module
 0001:00014eac       ??__F?s_modreg_chain@RModuleReg@stdlib@media@modules@UModSys@@2USModuleRegChain@base@5@A@@YAXXZ 0000000140015eac f    CIL library: CIL module
 0001:00014eec       ??__F?s_uid@RGenerator@stdlib@media@modules@UModSys@@2USUniquePointer@core@5@A@@YAXXZ 0000000140015eec f    CIL library: CIL module
 0001:00014ef8       ??__Fh@?1??s_holder@RGenerator@stdlib@media@modules@UModSys@@SAAEAU?$TTypeStaticHolder@URGenerator@stdlib@media@modules@UModSys@@@tl@5@XZ@YAXXZ 0000000140015ef8 f    CIL library: CIL module
 0001:00014f20       ??__F?s_id@?$TObjectUniqueID@URGenerator@stdlib@media@modules@UModSys@@@tl@UModSys@@2USUniquePointer@core@3@A@@YAXXZ 0000000140015f20 f    CIL library: CIL module
 0001:00014f2c       ??__F?s_id@?$TObjectUniqueID@URLibraryObjFilter@stdlib@media@modules@UModSys@@@tl@UModSys@@2USUniquePointer@core@3@A@@YAXXZ 0000000140015f2c f    CIL library: CIL module
 0001:00014f38       ??__F?s_id@?$TObjectUniqueID@URLibraryObjCache@stdlib@media@modules@UModSys@@@tl@UModSys@@2USUniquePointer@core@3@A@@YAXXZ 0000000140015f38 f    CIL library: CIL module
 0001:00014f44       ??__F?s_id@?$TObjectUniqueID@URLibraryLayered@stdlib@media@modules@UModSys@@@tl@UModSys@@2USUniquePointer@core@3@A@@YAXXZ 0000000140015f44 f    CIL library: CIL module
 0001:00014f50       ??__F?s_id@?$TObjectUniqueID@URLibraryBinCache@stdlib@media@modules@UModSys@@@tl@UModSys@@2USUniquePointer@core@3@A@@YAXXZ 0000000140015f50 f    CIL library: CIL module
 0001:00014f5c       ??__F?s_id@?$TObjectUniqueID@URLibraryBinTree@stdlib@media@modules@UModSys@@@tl@UModSys@@2USUniquePointer@core@3@A@@YAXXZ 0000000140015f5c f    CIL library: CIL module
 0001:00014f68       ??__F?s_id@?$TObjectUniqueID@URBinArchiveFrame@stdlib@media@modules@UModSys@@@tl@UModSys@@2USUniquePointer@core@3@A@@YAXXZ 0000000140015f68 f    CIL library: CIL module
 0001:00014f74       ??__F?s_id@?$TObjectUniqueID@URUtilities@stdlib@media@modules@UModSys@@@tl@UModSys@@2USUniquePointer@core@3@A@@YAXXZ 0000000140015f74 f    CIL library: CIL module
 0001:00014f80       ??__F?s_id@?$TObjectUniqueID@UIClient@IBinArchiveFrame@libmedia@UModSys@@@tl@UModSys@@2USUniquePointer@core@3@A@@YAXXZ 0000000140015f80 f    CIL library: CIL module
 0001:00014f8c       ??__F?s_id@?$TObjectUniqueID@UIBinArchiveFrame@libmedia@UModSys@@@tl@UModSys@@2USUniquePointer@core@3@A@@YAXXZ 0000000140015f8c f    CIL library: CIL module
 0001:00014f98       ??__F?s_id@?$TObjectUniqueID@UILibraryLayered@libmedia@UModSys@@@tl@UModSys@@2USUniquePointer@core@3@A@@YAXXZ 0000000140015f98 f    CIL library: CIL module
 0001:00014fa4       ??__F?s_id@?$TObjectUniqueID@UILibraryObjCache@libmedia@UModSys@@@tl@UModSys@@2USUniquePointer@core@3@A@@YAXXZ 0000000140015fa4 f    CIL library: CIL module
 0001:00014fb0       ??__F?s_id@?$TObjectUniqueID@UILibraryObjFilter@libmedia@UModSys@@@tl@UModSys@@2USUniquePointer@core@3@A@@YAXXZ 0000000140015fb0 f    CIL library: CIL module
 0001:00014fbc       ??__F?s_id@?$TObjectUniqueID@UILibraryBinCache@libmedia@UModSys@@@tl@UModSys@@2USUniquePointer@core@3@A@@YAXXZ 0000000140015fbc f    CIL library: CIL module
 0001:00014fc8       ??__F?s_id@?$TObjectUniqueID@UILibraryBinTree@libmedia@UModSys@@@tl@UModSys@@2USUniquePointer@core@3@A@@YAXXZ 0000000140015fc8 f    CIL library: CIL module
 0001:00014fd4       ??__F?s_console@RConsole_std@rsystem@base@UModSys@@2U1234@A@@YAXXZ 0000000140015fd4 f    CIL library: CIL module
 0001:00015014       ??__F?s_sys@RSystem@rsystem@base@UModSys@@2U1234@A@@YAXXZ 0000000140016014 f    CIL library: CIL module
 0001:00015020       ??__Frsys_dbg@rsystem@base@UModSys@@YAXXZ 0000000140016020 f    CIL library: CIL module
 0001:00015044       ??__FM@UModSys@@YAXXZ      0000000140016044 f    CIL library: CIL module
 0001:00015048       ??__F?root@SModuleRegChain@base@UModSys@@2U123@A@@YAXXZ 0000000140016048 f    CIL library: CIL module
 0001:00015088       ??__F?s_library@RModuleLibraryReg_Chain@base@UModSys@@2U123@A@@YAXXZ 0000000140016088 f    CIL library: CIL module
 0001:00015098       ??__F?root@SUniquePointer@core@UModSys@@2U123@A@@YAXXZ 0000000140016098 f    CIL library: CIL module

 Exports

  ordinal    name

        1    UModSys_Plugin_Entry2
