 umodsysc

 Timestamp is 52bc3982 (Thu Dec 26 17:13:22 2013)

 Preferred load address is 0000000140000000

 Start         Length     Name                   Class
 0001:00000000 0001305cH .text                   CODE
 0001:00013060 0000005eH .text$00                CODE
 0001:000130c0 00000e70H .text$x                 CODE
 0001:00013f30 00000ab0H .text$yc                CODE
 0001:000149e0 000003dcH .text$yd                CODE
 0002:00000000 00000258H .idata$5                DATA
 0002:00000258 00000008H .CRT$XCA                DATA
 0002:00000260 00000008H .CRT$XCAA               DATA
 0002:00000268 00000598H .CRT$XCU                DATA
 0002:00000800 00000008H .CRT$XCZ                DATA
 0002:00000808 00000008H .CRT$XIA                DATA
 0002:00000810 00000008H .CRT$XIAA               DATA
 0002:00000818 00000008H .CRT$XIY                DATA
 0002:00000820 00000008H .CRT$XIZ                DATA
 0002:00000830 000033a8H .rdata                  DATA
 0002:00003be0 0000207cH .rdata$r                DATA
 0002:00005c60 00000008H .rtc$IAA                DATA
 0002:00005c68 00000008H .rtc$IZZ                DATA
 0002:00005c70 00000008H .rtc$TAA                DATA
 0002:00005c78 00000008H .rtc$TZZ                DATA
 0002:00005c80 00001ee0H .xdata                  DATA
 0002:00007b60 000000e4H .xdata$x                DATA
 0002:00007c44 00000028H .idata$2                DATA
 0002:00007c6c 00000014H .idata$3                DATA
 0002:00007c80 00000258H .idata$4                DATA
 0002:00007ed8 00000478H .idata$6                DATA
 0002:00008350 00000055H .edata                  DATA
 0003:00000000 00001204H .data                   DATA
 0003:00001210 00002b40H .bss                    DATA
 0004:00000000 000017acH .pdata                  DATA

  Address         Publics by Value              Rva+Base               Lib:Object

 0000:00000000       ___safe_se_handler_count   0000000000000000     <absolute>
 0000:00000000       ___safe_se_handler_table   0000000000000000     <absolute>
 0000:00000000       __ImageBase                0000000140000000     <linker-defined>
 0001:00000000       main                       0000000140001000 f   umodsys.c_main.obj
 0001:000004a0       ??0?$TString@U?$TSCoreConst@D@su@tl@UModSys@@U?$TComparerBinaryHash@D@234@@tl@UModSys@@QEAA@PEBD@Z 00000001400014a0 f i umodsys.c_main.obj
 0001:00000520       ??1SMemShared@core@UModSys@@QEAA@XZ 0000000140001520 f i umodsys_lib_libmedia:umodsys.mod.media.stdio.obj
 0001:00000520       ??1SInfo@IBinObjFilter@libmedia@UModSys@@QEAA@XZ 0000000140001520 f i umodsys_lib_libmedia:umodsys.mod.media.stdlib.obj
 0001:00000520       ??1SCMemShared@core@UModSys@@QEAA@XZ 0000000140001520 f i umodsys_lib_libmedia:umodsys.mod.media.stdlib.obj
 0001:00000550       ??6SUniquePtrList@core@UModSys@@QEAAAEAU012@PEBUSUniquePointerInfo@12@@Z 0000000140001550 f i umodsys_lib_libmedia:umodsys.mod.media.stdio.obj
 0001:00000608       ??3IRoot@core@UModSys@@SAXPEAXAEBUSIMemAlloc@12@@Z 0000000140001608 f i umodsys_lib_libmedia:umodsys.mod.media.stdio.obj
 0001:00000634       ??1?$TString@U?$TSCoreShared@USIMemAlloc@core@UModSys@@D@su@tl@UModSys@@U?$TComparerBinaryHash@D@234@@tl@UModSys@@QEAA@XZ 0000000140001634 f i umodsys_lib_libmedia:umodsys.mod.media.stdio.obj
 0001:00000634       ??1?$TSCoreShared@USIMemAlloc@core@UModSys@@D@su@tl@UModSys@@QEAA@XZ 0000000140001634 f i umodsys_lib_libmedia:umodsys.mod.media.stdio.obj
 0001:00000634       ??1?$TStringBuf@U?$TSCoreShared@USIMemAlloc@core@UModSys@@D@su@tl@UModSys@@U?$TComparerBinaryHash@D@234@@tl@UModSys@@QEAA@XZ 0000000140001634 f i umodsys_lib_libmedia:umodsys.mod.media.stdlib.obj
 0001:0000063c       ?archive_load_data@libmedia@UModSys@@YA_NAEAUIBinArchive@12@AEBU?$TString@U?$TSCoreConst@D@su@tl@UModSys@@U?$TComparerBinaryHash@D@234@@tl@2@AEAUSCMemShared@core@2@AEBUSFlags@12@@Z 000000014000163c f i umodsys_lib_libmedia:umodsys.mod.media.stdio.obj
 0001:00000830       ?root_get_interface_info@RStreamReader_FILE@stdio@media@modules@UModSys@@UEBAAEBUSUniquePointerInfo@core@5@XZ 0000000140001830 f i umodsys_lib_libmedia:umodsys.mod.media.stdio.obj
 0001:00000838       ?root_get_interface_type@RStreamReader_FILE@stdio@media@modules@UModSys@@UEBAPEBUSUniquePointerInfo@core@5@XZ 0000000140001838 f i umodsys_lib_libmedia:umodsys.mod.media.stdio.obj
 0001:00000840       ?root_get_other_interface@RStreamReader_FILE@stdio@media@modules@UModSys@@UEAAPEAUIRoot@core@5@PEBUSUniquePointerInfo@75@@Z 0000000140001840 f i umodsys_lib_libmedia:umodsys.mod.media.stdio.obj
 0001:00000840       ?root_get_other_interface@RStreamReader_FILE@stdio@media@modules@UModSys@@UEBAPEBUIRoot@core@5@PEBUSUniquePointerInfo@75@@Z 0000000140001840 f i umodsys_lib_libmedia:umodsys.mod.media.stdio.obj
 0001:00000870       ?root_is_interface_supported@RStreamReader_FILE@stdio@media@modules@UModSys@@UEBA_NPEBUSUniquePointerInfo@core@5@@Z 0000000140001870 f i umodsys_lib_libmedia:umodsys.mod.media.stdio.obj
 0001:000008a0       ??0RStreamReader_FILE@stdio@media@modules@UModSys@@QEAA@PEAUIModObject@base@4@AEBUSParameters@core@4@@Z 00000001400018a0 f i umodsys_lib_libmedia:umodsys.mod.media.stdio.obj
 0001:0000099c       ?reader_seek@RStreamReader_FILE@stdio@media@modules@UModSys@@UEAA_N_J@Z 000000014000199c f i umodsys_lib_libmedia:umodsys.mod.media.stdio.obj
 0001:000009c8       ?reader_seekend@RStreamReader_FILE@stdio@media@modules@UModSys@@UEAA_N_J@Z 00000001400019c8 f i umodsys_lib_libmedia:umodsys.mod.media.stdio.obj
 0001:000009f8       ?reader_seekdelta@RStreamReader_FILE@stdio@media@modules@UModSys@@UEAA_N_J@Z 00000001400019f8 f i umodsys_lib_libmedia:umodsys.mod.media.stdio.obj
 0001:00000a24       ?reader_pos@RStreamReader_FILE@stdio@media@modules@UModSys@@UEAA_JXZ 0000000140001a24 f i umodsys_lib_libmedia:umodsys.mod.media.stdio.obj
 0001:00000a40       ?reader_size@RStreamReader_FILE@stdio@media@modules@UModSys@@UEAA_JXZ 0000000140001a40 f i umodsys_lib_libmedia:umodsys.mod.media.stdio.obj
 0001:00000a48       ?reader_read@RStreamReader_FILE@stdio@media@modules@UModSys@@UEAA_NPEAX_K@Z 0000000140001a48 f i umodsys_lib_libmedia:umodsys.mod.media.stdio.obj
 0001:00000ac8       ?reader_close@RStreamReader_FILE@stdio@media@modules@UModSys@@UEAAXXZ 0000000140001ac8 f i umodsys_lib_libmedia:umodsys.mod.media.stdio.obj
 0001:00000aec       ??_GRStreamReader_FILE@stdio@media@modules@UModSys@@UEAAPEAXI@Z 0000000140001aec f i umodsys_lib_libmedia:umodsys.mod.media.stdio.obj
 0001:00000aec       ??_ERStreamReader_FILE@stdio@media@modules@UModSys@@UEAAPEAXI@Z 0000000140001aec f i  CIL library: CIL module
 0001:00000b40       ?root_get_interface_info@RStreamWriter_FILE@stdio@media@modules@UModSys@@UEBAAEBUSUniquePointerInfo@core@5@XZ 0000000140001b40 f i umodsys_lib_libmedia:umodsys.mod.media.stdio.obj
 0001:00000b48       ?root_get_interface_type@RStreamWriter_FILE@stdio@media@modules@UModSys@@UEBAPEBUSUniquePointerInfo@core@5@XZ 0000000140001b48 f i umodsys_lib_libmedia:umodsys.mod.media.stdio.obj
 0001:00000b50       ?root_get_other_interface@RStreamWriter_FILE@stdio@media@modules@UModSys@@UEBAPEBUIRoot@core@5@PEBUSUniquePointerInfo@75@@Z 0000000140001b50 f i umodsys_lib_libmedia:umodsys.mod.media.stdio.obj
 0001:00000b50       ?root_get_other_interface@RStreamWriter_FILE@stdio@media@modules@UModSys@@UEAAPEAUIRoot@core@5@PEBUSUniquePointerInfo@75@@Z 0000000140001b50 f i umodsys_lib_libmedia:umodsys.mod.media.stdio.obj
 0001:00000b80       ?root_is_interface_supported@RStreamWriter_FILE@stdio@media@modules@UModSys@@UEBA_NPEBUSUniquePointerInfo@core@5@@Z 0000000140001b80 f i umodsys_lib_libmedia:umodsys.mod.media.stdio.obj
 0001:00000bb0       ?ref_remove@RGenerator@stdlib@media@modules@UModSys@@UEBAXXZ 0000000140001bb0 f i umodsys_lib_libmedia:umodsys.mod.media.stdlib.obj
 0001:00000bb0       ?ref_remove@RStreamReader_FILE@stdio@media@modules@UModSys@@UEBAXXZ 0000000140001bb0 f i umodsys_lib_libmedia:umodsys.mod.media.stdio.obj
 0001:00000bb0       ?ref_remove@RUtilities@stdlib@media@modules@UModSys@@UEBAXXZ 0000000140001bb0 f i umodsys_lib_libmedia:umodsys.mod.media.stdlib.obj
 0001:00000bb0       ?ref_remove@RStreamWriter_FILE@stdio@media@modules@UModSys@@UEBAXXZ 0000000140001bb0 f i umodsys_lib_libmedia:umodsys.mod.media.stdio.obj
 0001:00000bb0       ?ref_remove@RGenerator@stdio@media@modules@UModSys@@UEBAXXZ 0000000140001bb0 f i umodsys_lib_libmedia:umodsys.mod.media.stdio.obj
 0001:00000bc8       ??0RStreamWriter_FILE@stdio@media@modules@UModSys@@QEAA@PEAUIModObject@base@4@AEBUSParameters@core@4@@Z 0000000140001bc8 f i umodsys_lib_libmedia:umodsys.mod.media.stdio.obj
 0001:00000cb8       ?open@RStreamWriter_FILE@stdio@media@modules@UModSys@@QEAAXPEBD_N@Z 0000000140001cb8 f i umodsys_lib_libmedia:umodsys.mod.media.stdio.obj
 0001:00000d5c       ?writer_seek@RStreamWriter_FILE@stdio@media@modules@UModSys@@UEAA_N_J@Z 0000000140001d5c f i umodsys_lib_libmedia:umodsys.mod.media.stdio.obj
 0001:00000d88       ?writer_seekend@RStreamWriter_FILE@stdio@media@modules@UModSys@@UEAA_N_J@Z 0000000140001d88 f i umodsys_lib_libmedia:umodsys.mod.media.stdio.obj
 0001:00000db8       ?writer_seekdelta@RStreamWriter_FILE@stdio@media@modules@UModSys@@UEAA_N_J@Z 0000000140001db8 f i umodsys_lib_libmedia:umodsys.mod.media.stdio.obj
 0001:00000de4       ?writer_setsize@RStreamWriter_FILE@stdio@media@modules@UModSys@@UEAA_N_J@Z 0000000140001de4 f i umodsys_lib_libmedia:umodsys.mod.media.stdio.obj
 0001:00000e38       ?writer_pos@RStreamWriter_FILE@stdio@media@modules@UModSys@@UEAA_JXZ 0000000140001e38 f i umodsys_lib_libmedia:umodsys.mod.media.stdio.obj
 0001:00000e54       ?writer_size@RStreamWriter_FILE@stdio@media@modules@UModSys@@UEAA_JXZ 0000000140001e54 f i umodsys_lib_libmedia:umodsys.mod.media.stdio.obj
 0001:00000ed4       ?writer_write@RStreamWriter_FILE@stdio@media@modules@UModSys@@UEAA_NPEBX_K@Z 0000000140001ed4 f i umodsys_lib_libmedia:umodsys.mod.media.stdio.obj
 0001:00000f54       ?writer_copy@RStreamWriter_FILE@stdio@media@modules@UModSys@@UEAA_NPEAUIStreamReader@libmedia@5@_J@Z 0000000140001f54 f i umodsys_lib_libmedia:umodsys.mod.media.stdio.obj
 0001:00000ff4       ?writer_copy@RStreamWriter_FILE@stdio@media@modules@UModSys@@UEAA_NPEAUIStreamReader@libmedia@5@_J1@Z 0000000140001ff4 f i umodsys_lib_libmedia:umodsys.mod.media.stdio.obj
 0001:00001048       ?writer_close@RStreamWriter_FILE@stdio@media@modules@UModSys@@UEAAXXZ 0000000140002048 f i umodsys_lib_libmedia:umodsys.mod.media.stdio.obj
 0001:00001084       ?writer_abort@RStreamWriter_FILE@stdio@media@modules@UModSys@@UEAAXXZ 0000000140002084 f i umodsys_lib_libmedia:umodsys.mod.media.stdio.obj
 0001:000010c0       ??_GRStreamWriter_FILE@stdio@media@modules@UModSys@@UEAAPEAXI@Z 00000001400020c0 f i umodsys_lib_libmedia:umodsys.mod.media.stdio.obj
 0001:000010c0       ??_ERStreamWriter_FILE@stdio@media@modules@UModSys@@UEAAPEAXI@Z 00000001400020c0 f i  CIL library: CIL module
 0001:00001138       ?root_get_interface_info@RDataArchiver_OsDir@stdio@media@modules@UModSys@@UEBAAEBUSUniquePointerInfo@core@5@XZ 0000000140002138 f i umodsys_lib_libmedia:umodsys.mod.media.stdio.obj
 0001:00001140       ?root_get_interface_type@RDataArchiver_OsDir@stdio@media@modules@UModSys@@UEBAPEBUSUniquePointerInfo@core@5@XZ 0000000140002140 f i umodsys_lib_libmedia:umodsys.mod.media.stdio.obj
 0001:00001148       ?root_get_other_interface@RDataArchiver_OsDir@stdio@media@modules@UModSys@@UEBAPEBUIRoot@core@5@PEBUSUniquePointerInfo@75@@Z 0000000140002148 f i umodsys_lib_libmedia:umodsys.mod.media.stdio.obj
 0001:00001148       ?root_get_other_interface@RDataArchiver_OsDir@stdio@media@modules@UModSys@@UEAAPEAUIRoot@core@5@PEBUSUniquePointerInfo@75@@Z 0000000140002148 f i umodsys_lib_libmedia:umodsys.mod.media.stdio.obj
 0001:00001180       ?root_is_interface_supported@RDataArchiver_OsDir@stdio@media@modules@UModSys@@UEBA_NPEBUSUniquePointerInfo@core@5@@Z 0000000140002180 f i umodsys_lib_libmedia:umodsys.mod.media.stdio.obj
 0001:000011b8       ??0RDataArchiver_OsDir@stdio@media@modules@UModSys@@QEAA@PEAUIModObject@base@4@AEBUSParameters@core@4@U?$TFlags4State@USMediaFlagUid@libmedia@UModSys@@I@tl@4@@Z 00000001400021b8 f i umodsys_lib_libmedia:umodsys.mod.media.stdio.obj
 0001:0000142c       ?get_flag@RDataArchiver_OsDir@stdio@media@modules@UModSys@@UEBA?AW4eStates@?$TFlags4State@USMediaFlagUid@libmedia@UModSys@@I@tl@5@H@Z 000000014000242c f i umodsys_lib_libmedia:umodsys.mod.media.stdio.obj
 0001:00001438       ?get_flags_auto@RDataArchiver_OsDir@stdio@media@modules@UModSys@@UEBA?AU?$TFlags4State@USMediaFlagUid@libmedia@UModSys@@I@tl@5@XZ 0000000140002438 f i umodsys_lib_libmedia:umodsys.mod.media.stdio.obj
 0001:00001444       ?set_flag@RDataArchiver_OsDir@stdio@media@modules@UModSys@@UEAA?AW4eStates@?$TFlags4State@USMediaFlagUid@libmedia@UModSys@@I@tl@5@HW46785@@Z 0000000140002444 f i umodsys_lib_libmedia:umodsys.mod.media.stdio.obj
 0001:0000146c       ?data_load@RDataArchiver_OsDir@stdio@media@modules@UModSys@@UEAA_NAEBU?$TString@U?$TSCoreConst@D@su@tl@UModSys@@U?$TComparerBinaryHash@D@234@@tl@5@AEAUSCMemShared@core@5@AEBUSFlags@libmedia@5@@Z 000000014000246c f i umodsys_lib_libmedia:umodsys.mod.media.stdio.obj
 0001:000014cc       ?data_save@RDataArchiver_OsDir@stdio@media@modules@UModSys@@UEAA_NAEBU?$TString@U?$TSCoreConst@D@su@tl@UModSys@@U?$TComparerBinaryHash@D@234@@tl@5@AEBUSCMem@core@5@AEBUSFlags@libmedia@5@@Z 00000001400024cc f i umodsys_lib_libmedia:umodsys.mod.media.stdio.obj
 0001:00001564       ?data_reader@RDataArchiver_OsDir@stdio@media@modules@UModSys@@UEAA?AU?$TRefObject@UIStreamReader@libmedia@UModSys@@U?$TRefObjectFunc@UIStreamReader@libmedia@UModSys@@@tl@3@@tl@5@AEBU?$TString@U?$TSCoreConst@D@su@tl@UModSys@@U?$TComparerBinaryHash@D@234@@75@AEBUSFlags@libmedia@5@@Z 0000000140002564 f i umodsys_lib_libmedia:umodsys.mod.media.stdio.obj
 0001:00001778       ?data_writer@RDataArchiver_OsDir@stdio@media@modules@UModSys@@UEAA?AU?$TRefObject@UIStreamWriter@libmedia@UModSys@@U?$TRefObjectFunc@UIStreamWriter@libmedia@UModSys@@@tl@3@@tl@5@AEBU?$TString@U?$TSCoreConst@D@su@tl@UModSys@@U?$TComparerBinaryHash@D@234@@75@AEBUSFlags@libmedia@5@@Z 0000000140002778 f i umodsys_lib_libmedia:umodsys.mod.media.stdio.obj
 0001:000019c4       ?data_list@RDataArchiver_OsDir@stdio@media@modules@UModSys@@UEAA_NAEBU?$TString@U?$TSCoreConst@D@su@tl@UModSys@@U?$TComparerBinaryHash@D@234@@tl@5@_KAEAU?$TIStackSocket@USFileInfo@libmedia@UModSys@@@75@AEBUSFlags@libmedia@5@@Z 00000001400029c4 f i umodsys_lib_libmedia:umodsys.mod.media.stdio.obj
 0001:000019c4       ?data_info@RDataArchiver_OsDir@stdio@media@modules@UModSys@@UEAA_NAEBU?$TString@U?$TSCoreConst@D@su@tl@UModSys@@U?$TComparerBinaryHash@D@234@@tl@5@_KAEAUSFileInfo@libmedia@5@AEBUSFlags@95@@Z 00000001400029c4 f i umodsys_lib_libmedia:umodsys.mod.media.stdio.obj
 0001:00001a18       ?get_permissions@RDataArchiver_OsDir@stdio@media@modules@UModSys@@UEAAHXZ 0000000140002a18 f i umodsys_lib_libmedia:umodsys.mod.media.stdio.obj
 0001:00001a1c       ??_ERDataArchiver_OsDir@stdio@media@modules@UModSys@@UEAAPEAXI@Z 0000000140002a1c f i  CIL library: CIL module
 0001:00001a1c       ??_GRDataArchiver_OsDir@stdio@media@modules@UModSys@@UEAAPEAXI@Z 0000000140002a1c f i umodsys_lib_libmedia:umodsys.mod.media.stdio.obj
 0001:00001a94       ?get_generated_names@RGenerator@stdio@media@modules@UModSys@@UEBAHAEAUSUniquePtrList@core@5@@Z 0000000140002a94 f i umodsys_lib_libmedia:umodsys.mod.media.stdio.obj
 0001:00001ad8       ?get_generated_types@RGenerator@stdio@media@modules@UModSys@@UEBAHAEAUSUniquePtrList@core@5@PEBUSUniquePointerInfo@75@@Z 0000000140002ad8 f i umodsys_lib_libmedia:umodsys.mod.media.stdio.obj
 0001:00001ba4       ?generate@RGenerator@stdio@media@modules@UModSys@@UEAA_NAEAU?$TRefObject@UIRefObject@core@UModSys@@U?$TRefObjectFunc@UIRefObject@core@UModSys@@@tl@3@@tl@5@PEBUSUniquePointerInfo@core@5@AEBUSParameters@95@@Z 0000000140002ba4 f i umodsys_lib_libmedia:umodsys.mod.media.stdio.obj
 0001:00001d84       ?root_get_interface_info@RGenerator@stdio@media@modules@UModSys@@UEBAAEBUSUniquePointerInfo@core@5@XZ 0000000140002d84 f i umodsys_lib_libmedia:umodsys.mod.media.stdio.obj
 0001:00001d8c       ?root_get_interface_type@RGenerator@stdio@media@modules@UModSys@@UEBAPEBUSUniquePointerInfo@core@5@XZ 0000000140002d8c f i umodsys_lib_libmedia:umodsys.mod.media.stdio.obj
 0001:00001d94       ?root_get_other_interface@RGenerator@stdio@media@modules@UModSys@@UEBAPEBUIRoot@core@5@PEBUSUniquePointerInfo@75@@Z 0000000140002d94 f i umodsys_lib_libmedia:umodsys.mod.media.stdio.obj
 0001:00001d94       ?root_get_other_interface@RGenerator@stdio@media@modules@UModSys@@UEAAPEAUIRoot@core@5@PEBUSUniquePointerInfo@75@@Z 0000000140002d94 f i umodsys_lib_libmedia:umodsys.mod.media.stdio.obj
 0001:00001dcc       ?root_is_interface_supported@RGenerator@stdio@media@modules@UModSys@@UEBA_NPEBUSUniquePointerInfo@core@5@@Z 0000000140002dcc f i umodsys_lib_libmedia:umodsys.mod.media.stdio.obj
 0001:00001e04       ?ref_add@RUtilities@stdlib@media@modules@UModSys@@UEBAXXZ 0000000140002e04 f i umodsys_lib_libmedia:umodsys.mod.media.stdlib.obj
 0001:00001e04       ?ref_add@RGenerator@stdlib@media@modules@UModSys@@UEBAXXZ 0000000140002e04 f i umodsys_lib_libmedia:umodsys.mod.media.stdlib.obj
 0001:00001e04       ?ref_add@RGenerator@stdio@media@modules@UModSys@@UEBAXXZ 0000000140002e04 f i umodsys_lib_libmedia:umodsys.mod.media.stdio.obj
 0001:00001e04       ?ref_add@RStreamReader_FILE@stdio@media@modules@UModSys@@UEBAXXZ 0000000140002e04 f i umodsys_lib_libmedia:umodsys.mod.media.stdio.obj
 0001:00001e04       ?ref_add@RStreamWriter_FILE@stdio@media@modules@UModSys@@UEBAXXZ 0000000140002e04 f i umodsys_lib_libmedia:umodsys.mod.media.stdio.obj
 0001:00001e08       ?ref_weak@RGenerator@stdio@media@modules@UModSys@@UEBA_NAEAUWeakPointer@IRefObject@core@5@@Z 0000000140002e08 f i umodsys_lib_libmedia:umodsys.mod.media.stdio.obj
 0001:00001e08       ?ref_weak@RGenerator@stdlib@media@modules@UModSys@@UEBA_NAEAUWeakPointer@IRefObject@core@5@@Z 0000000140002e08 f i umodsys_lib_libmedia:umodsys.mod.media.stdlib.obj
 0001:00001e08       ?ref_weak@RUtilities@stdlib@media@modules@UModSys@@UEBA_NAEAUWeakPointer@IRefObject@core@5@@Z 0000000140002e08 f i umodsys_lib_libmedia:umodsys.mod.media.stdlib.obj
 0001:00001e08       ?ref_weak@RStreamWriter_FILE@stdio@media@modules@UModSys@@UEBA_NAEAUWeakPointer@IRefObject@core@5@@Z 0000000140002e08 f i umodsys_lib_libmedia:umodsys.mod.media.stdio.obj
 0001:00001e08       ?ref_weak@RStreamReader_FILE@stdio@media@modules@UModSys@@UEBA_NAEAUWeakPointer@IRefObject@core@5@@Z 0000000140002e08 f i umodsys_lib_libmedia:umodsys.mod.media.stdio.obj
 0001:00001e28       ?get_uid@RGenerator@stdio@media@modules@UModSys@@UEBAPEBUSUniquePointerInfo@core@5@XZ 0000000140002e28 f i umodsys_lib_libmedia:umodsys.mod.media.stdio.obj
 0001:00001e30       ?do_open@RModuleReg@stdio@media@modules@UModSys@@UEAA_NXZ 0000000140002e30 f i umodsys_lib_libmedia:umodsys.mod.media.stdio.obj
 0001:00001ea4       ?do_close@RModuleReg@stdio@media@modules@UModSys@@UEAA_NXZ 0000000140002ea4 f i umodsys_lib_libmedia:umodsys.mod.media.stdio.obj
 0001:00001ef4       ?get_module@RGenerator@stdio@media@modules@UModSys@@UEBAPEAUIModule@base@5@XZ 0000000140002ef4 f   umodsys_lib_libmedia:umodsys.mod.media.stdio.obj
 0001:00001efc       ?mod_inc@RGenerator@stdio@media@modules@UModSys@@UEBA_NXZ 0000000140002efc f   umodsys_lib_libmedia:umodsys.mod.media.stdio.obj
 0001:00001f0c       ?mod_dec@RGenerator@stdio@media@modules@UModSys@@UEBA_NXZ 0000000140002f0c f   umodsys_lib_libmedia:umodsys.mod.media.stdio.obj
 0001:00001f20       ?s_holder@RGenerator@stdio@media@modules@UModSys@@SAAEAU?$TTypeStaticHolder@URGenerator@stdio@media@modules@UModSys@@@tl@5@XZ 0000000140002f20 f   umodsys_lib_libmedia:umodsys.mod.media.stdio.obj
 0001:00001f64       ?info_release@?$TSCoreShared@USIMemAlloc@core@UModSys@@D@su@tl@UModSys@@QEAAXXZ 0000000140002f64 f i umodsys_lib_libmedia:umodsys.mod.media.stdio.obj
 0001:00002038       ?info_new@?$TSCoreShared@USIMemAlloc@core@UModSys@@D@su@tl@UModSys@@QEAA_NPEBD_K@Z 0000000140003038 f i umodsys_lib_libmedia:umodsys.mod.media.stdio.obj
 0001:0000210c       ??$t_gen_param@URStreamWriter_FILE@stdio@media@modules@UModSys@@URGenerator@2345@@IGenerator@base@UModSys@@IEAA_NPEAURGenerator@stdio@media@modules@2@AEAU?$TRefObject@UIRefObject@core@UModSys@@U?$TRefObjectFunc@UIRefObject@core@UModSys@@@tl@3@@tl@2@PEBUSUniquePointerInfo@core@2@AEBUSParameters@core@2@@Z 000000014000310c f i umodsys_lib_libmedia:umodsys.mod.media.stdio.obj
 0001:00002200       ??1?$TRefObject@UIModObject@base@UModSys@@U?$TModObjectFunc@UIModObject@base@UModSys@@@tl@3@@tl@UModSys@@QEAA@XZ 0000000140003200 f i umodsys_lib_libmedia:umodsys.mod.media.stdio.obj
 0001:0000222c       ??1SFileInfo@libmedia@UModSys@@QEAA@XZ 000000014000322c f i umodsys_lib_libmedia:umodsys.mod.media.stdlib.obj
 0001:00002270       ?get_flag@RResolverChain@SFlagsChain@libmedia@UModSys@@UEBA?AW4eStates@?$TFlags4State@USMediaFlagUid@libmedia@UModSys@@I@tl@4@H@Z 0000000140003270 f i umodsys_lib_libmedia:umodsys.mod.media.stdlib.obj
 0001:000022b0       ?bin_reader@ILibrary@libmedia@UModSys@@QEAA?AU?$TRefObject@UIStreamReader@libmedia@UModSys@@U?$TRefObjectFunc@UIStreamReader@libmedia@UModSys@@@tl@3@@tl@3@AEBU?$TString@U?$TSCoreConst@D@su@tl@UModSys@@U?$TComparerBinaryHash@D@234@@53@AEBU?$TFlags4State@USMediaFlagUid@libmedia@UModSys@@I@53@@Z 00000001400032b0 f i umodsys_lib_libmedia:umodsys.mod.media.stdlib.obj
 0001:000022ec       ?bin_writer@ILibrary@libmedia@UModSys@@QEAA?AU?$TRefObject@UIStreamWriter@libmedia@UModSys@@U?$TRefObjectFunc@UIStreamWriter@libmedia@UModSys@@@tl@3@@tl@3@AEBU?$TString@U?$TSCoreConst@D@su@tl@UModSys@@U?$TComparerBinaryHash@D@234@@53@AEBU?$TFlags4State@USMediaFlagUid@libmedia@UModSys@@I@53@@Z 00000001400032ec f i umodsys_lib_libmedia:umodsys.mod.media.stdlib.obj
 0001:00002328       ??1SPoint@ILibraryBinTree@libmedia@UModSys@@QEAA@XZ 0000000140003328 f i umodsys_lib_libmedia:umodsys.mod.media.stdlib.obj
 0001:0000234c       ??0NameNodeCmpUC@IBinArchiveFrame@libmedia@UModSys@@QEAA@AEBU?$TString@U?$TSCoreConst@D@su@tl@UModSys@@U?$TComparerBinaryHash@D@234@@tl@3@@Z 000000014000334c f i umodsys_lib_libmedia:umodsys.mod.media.stdlib.obj
 0001:000023c8       ?root_get_interface_info@RUtilities@stdlib@media@modules@UModSys@@UEBAAEBUSUniquePointerInfo@core@5@XZ 00000001400033c8 f i umodsys_lib_libmedia:umodsys.mod.media.stdlib.obj
 0001:000023d0       ?root_get_interface_type@RUtilities@stdlib@media@modules@UModSys@@UEBAPEBUSUniquePointerInfo@core@5@XZ 00000001400033d0 f i umodsys_lib_libmedia:umodsys.mod.media.stdlib.obj
 0001:000023d8       ?root_get_other_interface@RUtilities@stdlib@media@modules@UModSys@@UEBAPEBUIRoot@core@5@PEBUSUniquePointerInfo@75@@Z 00000001400033d8 f i umodsys_lib_libmedia:umodsys.mod.media.stdlib.obj
 0001:000023d8       ?root_get_other_interface@RUtilities@stdlib@media@modules@UModSys@@UEAAPEAUIRoot@core@5@PEBUSUniquePointerInfo@75@@Z 00000001400033d8 f i umodsys_lib_libmedia:umodsys.mod.media.stdlib.obj
 0001:00002408       ?root_is_interface_supported@RUtilities@stdlib@media@modules@UModSys@@UEBA_NPEBUSUniquePointerInfo@core@5@@Z 0000000140003408 f i umodsys_lib_libmedia:umodsys.mod.media.stdlib.obj
 0001:00002438       ?ref_links@RStreamReader_FILE@stdio@media@modules@UModSys@@UEBAHXZ 0000000140003438 f i umodsys_lib_libmedia:umodsys.mod.media.stdio.obj
 0001:00002438       ?ref_links@RGenerator@stdio@media@modules@UModSys@@UEBAHXZ 0000000140003438 f i umodsys_lib_libmedia:umodsys.mod.media.stdio.obj
 0001:00002438       ?ref_links@RUtilities@stdlib@media@modules@UModSys@@UEBAHXZ 0000000140003438 f i umodsys_lib_libmedia:umodsys.mod.media.stdlib.obj
 0001:00002438       ?ref_links@RGenerator@stdlib@media@modules@UModSys@@UEBAHXZ 0000000140003438 f i umodsys_lib_libmedia:umodsys.mod.media.stdlib.obj
 0001:00002438       ?ref_links@RStreamWriter_FILE@stdio@media@modules@UModSys@@UEBAHXZ 0000000140003438 f i umodsys_lib_libmedia:umodsys.mod.media.stdio.obj
 0001:0000243c       ?suicide@RStreamReader_FILE@stdio@media@modules@UModSys@@UEAAXXZ 000000014000343c f i umodsys_lib_libmedia:umodsys.mod.media.stdio.obj
 0001:0000243c       ?suicide@RUtilities@stdlib@media@modules@UModSys@@UEAAXXZ 000000014000343c f i umodsys_lib_libmedia:umodsys.mod.media.stdlib.obj
 0001:0000243c       ?suicide@RStreamWriter_FILE@stdio@media@modules@UModSys@@UEAAXXZ 000000014000343c f i umodsys_lib_libmedia:umodsys.mod.media.stdio.obj
 0001:00002488       ?root_get_interface_info@RBinArchiveFrame@stdlib@media@modules@UModSys@@UEBAAEBUSUniquePointerInfo@core@5@XZ 0000000140003488 f i umodsys_lib_libmedia:umodsys.mod.media.stdlib.obj
 0001:00002490       ?root_get_interface_type@RBinArchiveFrame@stdlib@media@modules@UModSys@@UEBAPEBUSUniquePointerInfo@core@5@XZ 0000000140003490 f i umodsys_lib_libmedia:umodsys.mod.media.stdlib.obj
 0001:00002498       ?root_get_other_interface@RBinArchiveFrame@stdlib@media@modules@UModSys@@UEBAPEBUIRoot@core@5@PEBUSUniquePointerInfo@75@@Z 0000000140003498 f i umodsys_lib_libmedia:umodsys.mod.media.stdlib.obj
 0001:00002498       ?root_get_other_interface@RBinArchiveFrame@stdlib@media@modules@UModSys@@UEAAPEAUIRoot@core@5@PEBUSUniquePointerInfo@75@@Z 0000000140003498 f i umodsys_lib_libmedia:umodsys.mod.media.stdlib.obj
 0001:000024dc       ?root_is_interface_supported@RBinArchiveFrame@stdlib@media@modules@UModSys@@UEBA_NPEBUSUniquePointerInfo@core@5@@Z 00000001400034dc f i umodsys_lib_libmedia:umodsys.mod.media.stdlib.obj
 0001:0000251c       ?ref_add@RBinArchiveFrame@stdlib@media@modules@UModSys@@UEBAXXZ 000000014000351c f i umodsys_lib_libmedia:umodsys.mod.media.stdlib.obj
 0001:00002520       ?ref_remove@RBinArchiveFrame@stdlib@media@modules@UModSys@@UEBAXXZ 0000000140003520 f i umodsys_lib_libmedia:umodsys.mod.media.stdlib.obj
 0001:00002538       ?ref_links@RBinArchiveFrame@stdlib@media@modules@UModSys@@UEBAHXZ 0000000140003538 f i umodsys_lib_libmedia:umodsys.mod.media.stdlib.obj
 0001:0000253c       ?ref_weak@RBinArchiveFrame@stdlib@media@modules@UModSys@@UEBA_NAEAUWeakPointer@IRefObject@core@5@@Z 000000014000353c f i umodsys_lib_libmedia:umodsys.mod.media.stdlib.obj
 0001:0000255c       ?suicide@RBinArchiveFrame@stdlib@media@modules@UModSys@@UEAAXXZ 000000014000355c f i umodsys_lib_libmedia:umodsys.mod.media.stdlib.obj
 0001:000025a8       ??RNN_Add@RBinArchiveFrame@stdlib@media@modules@UModSys@@QEBAPEAUNameNode@IBinArchiveFrame@libmedia@5@AEAUNameNodeCmpUC@785@@Z 00000001400035a8 f i umodsys_lib_libmedia:umodsys.mod.media.stdlib.obj
 0001:00002708       ??RNN_Add@RBinArchiveFrame@stdlib@media@modules@UModSys@@QEBAPEAUNameNode@IBinArchiveFrame@libmedia@5@AEAUNameNodeCmpC@785@@Z 0000000140003708 f i umodsys_lib_libmedia:umodsys.mod.media.stdlib.obj
 0001:0000286c       ?root_get_interface_info@RLibraryBinTree@stdlib@media@modules@UModSys@@UEBAAEBUSUniquePointerInfo@core@5@XZ 000000014000386c f i umodsys_lib_libmedia:umodsys.mod.media.stdlib.obj
 0001:00002874       ?root_get_interface_type@RLibraryBinTree@stdlib@media@modules@UModSys@@UEBAPEBUSUniquePointerInfo@core@5@XZ 0000000140003874 f i umodsys_lib_libmedia:umodsys.mod.media.stdlib.obj
 0001:0000287c       ?root_get_other_interface@RLibraryBinTree@stdlib@media@modules@UModSys@@UEAAPEAUIRoot@core@5@PEBUSUniquePointerInfo@75@@Z 000000014000387c f i umodsys_lib_libmedia:umodsys.mod.media.stdlib.obj
 0001:0000287c       ?root_get_other_interface@RLibraryBinTree@stdlib@media@modules@UModSys@@UEBAPEBUIRoot@core@5@PEBUSUniquePointerInfo@75@@Z 000000014000387c f i umodsys_lib_libmedia:umodsys.mod.media.stdlib.obj
 0001:000028c0       ?root_is_interface_supported@RLibraryBinTree@stdlib@media@modules@UModSys@@UEBA_NPEBUSUniquePointerInfo@core@5@@Z 00000001400038c0 f i umodsys_lib_libmedia:umodsys.mod.media.stdlib.obj
 0001:00002900       ?ref_weak@RLibraryLayered@stdlib@media@modules@UModSys@@UEBA_NAEAUWeakPointer@IRefObject@core@5@@Z 0000000140003900 f i umodsys_lib_libmedia:umodsys.mod.media.stdlib.obj
 0001:00002900       ?ref_weak@RLibraryBinCache@stdlib@media@modules@UModSys@@UEBA_NAEAUWeakPointer@IRefObject@core@5@@Z 0000000140003900 f i umodsys_lib_libmedia:umodsys.mod.media.stdlib.obj
 0001:00002900       ?ref_weak@RLibraryObjCache@stdlib@media@modules@UModSys@@UEBA_NAEAUWeakPointer@IRefObject@core@5@@Z 0000000140003900 f i umodsys_lib_libmedia:umodsys.mod.media.stdlib.obj
 0001:00002900       ?ref_weak@RDataArchiver_OsDir@stdio@media@modules@UModSys@@UEBA_NAEAUWeakPointer@IRefObject@core@5@@Z 0000000140003900 f i umodsys_lib_libmedia:umodsys.mod.media.stdio.obj
 0001:00002900       ?ref_weak@RLibraryObjFilter@stdlib@media@modules@UModSys@@UEBA_NAEAUWeakPointer@IRefObject@core@5@@Z 0000000140003900 f i umodsys_lib_libmedia:umodsys.mod.media.stdlib.obj
 0001:00002900       ?ref_weak@RLibraryBinTree@stdlib@media@modules@UModSys@@UEBA_NAEAUWeakPointer@IRefObject@core@5@@Z 0000000140003900 f i umodsys_lib_libmedia:umodsys.mod.media.stdlib.obj
 0001:00002900       ?ref_weak@RParameters@rsystem@base@UModSys@@UEBA_NAEAUWeakPointer@IRefObject@core@4@@Z 0000000140003900 f i umodsys_lib_basesys:umodsys.basesys.rparameters.obj
 0001:00002920       ?root_get_interface_info@RLibraryBinCache@stdlib@media@modules@UModSys@@UEBAAEBUSUniquePointerInfo@core@5@XZ 0000000140003920 f i umodsys_lib_libmedia:umodsys.mod.media.stdlib.obj
 0001:00002928       ?root_get_interface_type@RLibraryBinCache@stdlib@media@modules@UModSys@@UEBAPEBUSUniquePointerInfo@core@5@XZ 0000000140003928 f i umodsys_lib_libmedia:umodsys.mod.media.stdlib.obj
 0001:00002930       ?root_get_other_interface@RLibraryBinCache@stdlib@media@modules@UModSys@@UEAAPEAUIRoot@core@5@PEBUSUniquePointerInfo@75@@Z 0000000140003930 f i umodsys_lib_libmedia:umodsys.mod.media.stdlib.obj
 0001:00002930       ?root_get_other_interface@RLibraryBinCache@stdlib@media@modules@UModSys@@UEBAPEBUIRoot@core@5@PEBUSUniquePointerInfo@75@@Z 0000000140003930 f i umodsys_lib_libmedia:umodsys.mod.media.stdlib.obj
 0001:00002974       ?root_is_interface_supported@RLibraryBinCache@stdlib@media@modules@UModSys@@UEBA_NPEBUSUniquePointerInfo@core@5@@Z 0000000140003974 f i umodsys_lib_libmedia:umodsys.mod.media.stdlib.obj
 0001:000029b4       ?root_get_interface_info@RLibraryLayered@stdlib@media@modules@UModSys@@UEBAAEBUSUniquePointerInfo@core@5@XZ 00000001400039b4 f i umodsys_lib_libmedia:umodsys.mod.media.stdlib.obj
 0001:000029bc       ?root_get_interface_type@RLibraryLayered@stdlib@media@modules@UModSys@@UEBAPEBUSUniquePointerInfo@core@5@XZ 00000001400039bc f i umodsys_lib_libmedia:umodsys.mod.media.stdlib.obj
 0001:000029c4       ?root_get_other_interface@RLibraryLayered@stdlib@media@modules@UModSys@@UEBAPEBUIRoot@core@5@PEBUSUniquePointerInfo@75@@Z 00000001400039c4 f i umodsys_lib_libmedia:umodsys.mod.media.stdlib.obj
 0001:000029c4       ?root_get_other_interface@RLibraryLayered@stdlib@media@modules@UModSys@@UEAAPEAUIRoot@core@5@PEBUSUniquePointerInfo@75@@Z 00000001400039c4 f i umodsys_lib_libmedia:umodsys.mod.media.stdlib.obj
 0001:00002a08       ?root_is_interface_supported@RLibraryLayered@stdlib@media@modules@UModSys@@UEBA_NPEBUSUniquePointerInfo@core@5@@Z 0000000140003a08 f i umodsys_lib_libmedia:umodsys.mod.media.stdlib.obj
 0001:00002a48       ?suicide@RLibraryBinCache@stdlib@media@modules@UModSys@@UEAAXXZ 0000000140003a48 f i umodsys_lib_libmedia:umodsys.mod.media.stdlib.obj
 0001:00002a48       ?suicide@RLibraryLayered@stdlib@media@modules@UModSys@@UEAAXXZ 0000000140003a48 f i umodsys_lib_libmedia:umodsys.mod.media.stdlib.obj
 0001:00002a48       ?suicide@RDataArchiver_OsDir@stdio@media@modules@UModSys@@UEAAXXZ 0000000140003a48 f i umodsys_lib_libmedia:umodsys.mod.media.stdio.obj
 0001:00002a48       ?suicide@RLibraryObjCache@stdlib@media@modules@UModSys@@UEAAXXZ 0000000140003a48 f i umodsys_lib_libmedia:umodsys.mod.media.stdlib.obj
 0001:00002a48       ?suicide@RLibraryObjFilter@stdlib@media@modules@UModSys@@UEAAXXZ 0000000140003a48 f i umodsys_lib_libmedia:umodsys.mod.media.stdlib.obj
 0001:00002a48       ?suicide@RLibraryBinTree@stdlib@media@modules@UModSys@@UEAAXXZ 0000000140003a48 f i umodsys_lib_libmedia:umodsys.mod.media.stdlib.obj
 0001:00002a94       ?root_get_interface_info@RLibraryObjCache@stdlib@media@modules@UModSys@@UEBAAEBUSUniquePointerInfo@core@5@XZ 0000000140003a94 f i umodsys_lib_libmedia:umodsys.mod.media.stdlib.obj
 0001:00002a9c       ?root_get_interface_type@RLibraryObjCache@stdlib@media@modules@UModSys@@UEBAPEBUSUniquePointerInfo@core@5@XZ 0000000140003a9c f i umodsys_lib_libmedia:umodsys.mod.media.stdlib.obj
 0001:00002aa4       ?root_get_other_interface@RLibraryObjCache@stdlib@media@modules@UModSys@@UEAAPEAUIRoot@core@5@PEBUSUniquePointerInfo@75@@Z 0000000140003aa4 f i umodsys_lib_libmedia:umodsys.mod.media.stdlib.obj
 0001:00002aa4       ?root_get_other_interface@RLibraryObjCache@stdlib@media@modules@UModSys@@UEBAPEBUIRoot@core@5@PEBUSUniquePointerInfo@75@@Z 0000000140003aa4 f i umodsys_lib_libmedia:umodsys.mod.media.stdlib.obj
 0001:00002ae8       ?root_is_interface_supported@RLibraryObjCache@stdlib@media@modules@UModSys@@UEBA_NPEBUSUniquePointerInfo@core@5@@Z 0000000140003ae8 f i umodsys_lib_libmedia:umodsys.mod.media.stdlib.obj
 0001:00002b28       ?ref_remove@RParameters@rsystem@base@UModSys@@UEBAXXZ 0000000140003b28 f i umodsys_lib_basesys:umodsys.basesys.rparameters.obj
 0001:00002b28       ?ref_remove@RLibraryBinCache@stdlib@media@modules@UModSys@@UEBAXXZ 0000000140003b28 f i umodsys_lib_libmedia:umodsys.mod.media.stdlib.obj
 0001:00002b28       ?ref_remove@RLibraryObjCache@stdlib@media@modules@UModSys@@UEBAXXZ 0000000140003b28 f i umodsys_lib_libmedia:umodsys.mod.media.stdlib.obj
 0001:00002b28       ?ref_remove@RLibraryObjFilter@stdlib@media@modules@UModSys@@UEBAXXZ 0000000140003b28 f i umodsys_lib_libmedia:umodsys.mod.media.stdlib.obj
 0001:00002b28       ?ref_remove@RDataArchiver_OsDir@stdio@media@modules@UModSys@@UEBAXXZ 0000000140003b28 f i umodsys_lib_libmedia:umodsys.mod.media.stdio.obj
 0001:00002b28       ?ref_remove@RLibraryLayered@stdlib@media@modules@UModSys@@UEBAXXZ 0000000140003b28 f i umodsys_lib_libmedia:umodsys.mod.media.stdlib.obj
 0001:00002b28       ?ref_remove@RLibraryBinTree@stdlib@media@modules@UModSys@@UEBAXXZ 0000000140003b28 f i umodsys_lib_libmedia:umodsys.mod.media.stdlib.obj
 0001:00002b40       ?root_get_interface_info@RLibraryObjFilter@stdlib@media@modules@UModSys@@UEBAAEBUSUniquePointerInfo@core@5@XZ 0000000140003b40 f i umodsys_lib_libmedia:umodsys.mod.media.stdlib.obj
 0001:00002b48       ?root_get_interface_type@RLibraryObjFilter@stdlib@media@modules@UModSys@@UEBAPEBUSUniquePointerInfo@core@5@XZ 0000000140003b48 f i umodsys_lib_libmedia:umodsys.mod.media.stdlib.obj
 0001:00002b50       ?root_get_other_interface@RLibraryObjFilter@stdlib@media@modules@UModSys@@UEBAPEBUIRoot@core@5@PEBUSUniquePointerInfo@75@@Z 0000000140003b50 f i umodsys_lib_libmedia:umodsys.mod.media.stdlib.obj
 0001:00002b50       ?root_get_other_interface@RLibraryObjFilter@stdlib@media@modules@UModSys@@UEAAPEAUIRoot@core@5@PEBUSUniquePointerInfo@75@@Z 0000000140003b50 f i umodsys_lib_libmedia:umodsys.mod.media.stdlib.obj
 0001:00002b94       ?root_is_interface_supported@RLibraryObjFilter@stdlib@media@modules@UModSys@@UEBA_NPEBUSUniquePointerInfo@core@5@@Z 0000000140003b94 f i umodsys_lib_libmedia:umodsys.mod.media.stdlib.obj
 0001:00002bd4       ?ref_add@RParameters@rsystem@base@UModSys@@UEBAXXZ 0000000140003bd4 f i umodsys_lib_basesys:umodsys.basesys.rparameters.obj
 0001:00002bd4       ?ref_add@RLibraryLayered@stdlib@media@modules@UModSys@@UEBAXXZ 0000000140003bd4 f i umodsys_lib_libmedia:umodsys.mod.media.stdlib.obj
 0001:00002bd4       ?ref_add@RLibraryBinCache@stdlib@media@modules@UModSys@@UEBAXXZ 0000000140003bd4 f i umodsys_lib_libmedia:umodsys.mod.media.stdlib.obj
 0001:00002bd4       ?ref_add@RLibraryObjFilter@stdlib@media@modules@UModSys@@UEBAXXZ 0000000140003bd4 f i umodsys_lib_libmedia:umodsys.mod.media.stdlib.obj
 0001:00002bd4       ?ref_add@RLibraryObjCache@stdlib@media@modules@UModSys@@UEBAXXZ 0000000140003bd4 f i umodsys_lib_libmedia:umodsys.mod.media.stdlib.obj
 0001:00002bd4       ?ref_add@RDataArchiver_OsDir@stdio@media@modules@UModSys@@UEBAXXZ 0000000140003bd4 f i umodsys_lib_libmedia:umodsys.mod.media.stdio.obj
 0001:00002bd4       ?ref_add@RLibraryBinTree@stdlib@media@modules@UModSys@@UEBAXXZ 0000000140003bd4 f i umodsys_lib_libmedia:umodsys.mod.media.stdlib.obj
 0001:00002bd8       ?get_generated_names@RGenerator@stdlib@media@modules@UModSys@@UEBAHAEAUSUniquePtrList@core@5@@Z 0000000140003bd8 f i umodsys_lib_libmedia:umodsys.mod.media.stdlib.obj
 0001:00002c58       ?get_generated_types@RGenerator@stdlib@media@modules@UModSys@@UEBAHAEAUSUniquePtrList@core@5@PEBUSUniquePointerInfo@75@@Z 0000000140003c58 f i umodsys_lib_libmedia:umodsys.mod.media.stdlib.obj
 0001:00002dc4       ?generate@RGenerator@stdlib@media@modules@UModSys@@UEAA_NAEAU?$TRefObject@UIRefObject@core@UModSys@@U?$TRefObjectFunc@UIRefObject@core@UModSys@@@tl@3@@tl@5@PEBUSUniquePointerInfo@core@5@AEBUSParameters@95@@Z 0000000140003dc4 f i umodsys_lib_libmedia:umodsys.mod.media.stdlib.obj
 0001:00003040       ?root_get_interface_info@RGenerator@stdlib@media@modules@UModSys@@UEBAAEBUSUniquePointerInfo@core@5@XZ 0000000140004040 f i umodsys_lib_libmedia:umodsys.mod.media.stdlib.obj
 0001:00003048       ?root_get_interface_type@RGenerator@stdlib@media@modules@UModSys@@UEBAPEBUSUniquePointerInfo@core@5@XZ 0000000140004048 f i umodsys_lib_libmedia:umodsys.mod.media.stdlib.obj
 0001:00003050       ?root_get_other_interface@RGenerator@stdlib@media@modules@UModSys@@UEAAPEAUIRoot@core@5@PEBUSUniquePointerInfo@75@@Z 0000000140004050 f i umodsys_lib_libmedia:umodsys.mod.media.stdlib.obj
 0001:00003050       ?root_get_other_interface@RGenerator@stdlib@media@modules@UModSys@@UEBAPEBUIRoot@core@5@PEBUSUniquePointerInfo@75@@Z 0000000140004050 f i umodsys_lib_libmedia:umodsys.mod.media.stdlib.obj
 0001:00003088       ?root_is_interface_supported@RGenerator@stdlib@media@modules@UModSys@@UEBA_NPEBUSUniquePointerInfo@core@5@@Z 0000000140004088 f i umodsys_lib_libmedia:umodsys.mod.media.stdlib.obj
 0001:000030c0       ?get_uid@RGenerator@stdlib@media@modules@UModSys@@UEBAPEBUSUniquePointerInfo@core@5@XZ 00000001400040c0 f i umodsys_lib_libmedia:umodsys.mod.media.stdlib.obj
 0001:000030c8       ?buffer_free@RUtilities@stdlib@media@modules@UModSys@@UEAA_NAEAUSBuffer@libmedia@5@PEBUSSourceContext@core@5@@Z 00000001400040c8 f   umodsys_lib_libmedia:umodsys.mod.media.stdlib.obj
 0001:00003114       ?buffer_alloc@RUtilities@stdlib@media@modules@UModSys@@UEAA_NAEAUSBuffer@libmedia@5@_KPEBUSSourceContext@core@5@@Z 0000000140004114 f   umodsys_lib_libmedia:umodsys.mod.media.stdlib.obj
 0001:0000321c       ?mem_reader@RUtilities@stdlib@media@modules@UModSys@@UEAA?AU?$TRefObject@UIStreamReader@libmedia@UModSys@@U?$TRefObjectFunc@UIStreamReader@libmedia@UModSys@@@tl@3@@tl@5@AEBUSCMem@core@5@@Z 000000014000421c f   umodsys_lib_libmedia:umodsys.mod.media.stdlib.obj
 0001:0000321c       ?bin_writer@RLibraryBinCache@stdlib@media@modules@UModSys@@UEAA?AU?$TRefObject@UIStreamWriter@libmedia@UModSys@@U?$TRefObjectFunc@UIStreamWriter@libmedia@UModSys@@@tl@3@@tl@5@AEBU?$TString@U?$TSCoreConst@D@su@tl@UModSys@@U?$TComparerBinaryHash@D@234@@75@AEBUSFlags@libmedia@5@@Z 000000014000421c f   umodsys_lib_libmedia:umodsys.mod.media.stdlib.obj
 0001:0000321c       ?bin_reader@RLibraryBinCache@stdlib@media@modules@UModSys@@UEAA?AU?$TRefObject@UIStreamReader@libmedia@UModSys@@U?$TRefObjectFunc@UIStreamReader@libmedia@UModSys@@@tl@3@@tl@5@AEBU?$TString@U?$TSCoreConst@D@su@tl@UModSys@@U?$TComparerBinaryHash@D@234@@75@AEBUSFlags@libmedia@5@@Z 000000014000421c f   umodsys_lib_libmedia:umodsys.mod.media.stdlib.obj
 0001:0000321c       ?sub_writer@RUtilities@stdlib@media@modules@UModSys@@UEAA?AU?$TRefObject@UIStreamWriter@libmedia@UModSys@@U?$TRefObjectFunc@UIStreamWriter@libmedia@UModSys@@@tl@3@@tl@5@PEAUIStreamWriter@libmedia@5@_J1@Z 000000014000421c f   umodsys_lib_libmedia:umodsys.mod.media.stdlib.obj
 0001:0000321c       ?bin_writer@ILibrary@libmedia@UModSys@@UEAA?AU?$TRefObject@UIStreamWriter@libmedia@UModSys@@U?$TRefObjectFunc@UIStreamWriter@libmedia@UModSys@@@tl@3@@tl@3@AEBU?$TString@U?$TSCoreConst@D@su@tl@UModSys@@U?$TComparerBinaryHash@D@234@@53@AEBUSFlags@23@@Z 000000014000421c f   umodsys_lib_libmedia:umodsys.lib.media.library.obj
 0001:0000321c       ?sub_reader@RUtilities@stdlib@media@modules@UModSys@@UEAA?AU?$TRefObject@UIStreamReader@libmedia@UModSys@@U?$TRefObjectFunc@UIStreamReader@libmedia@UModSys@@@tl@3@@tl@5@PEAUIStreamReader@libmedia@5@_J1@Z 000000014000421c f   umodsys_lib_libmedia:umodsys.mod.media.stdlib.obj
 0001:0000321c       ?mem_writer@RUtilities@stdlib@media@modules@UModSys@@UEAA?AU?$TRefObject@UIStreamWriter@libmedia@UModSys@@U?$TRefObjectFunc@UIStreamWriter@libmedia@UModSys@@@tl@3@@tl@5@PEBUSMem@core@5@PEAUIMemWriterCompleted@IUtilities@libmedia@5@PEAUIRefObject@95@@Z 000000014000421c f   umodsys_lib_libmedia:umodsys.mod.media.stdlib.obj
 0001:0000321c       ?bin_reader@ILibrary@libmedia@UModSys@@UEAA?AU?$TRefObject@UIStreamReader@libmedia@UModSys@@U?$TRefObjectFunc@UIStreamReader@libmedia@UModSys@@@tl@3@@tl@3@AEBU?$TString@U?$TSCoreConst@D@su@tl@UModSys@@U?$TComparerBinaryHash@D@234@@53@AEBUSFlags@23@@Z 000000014000421c f   umodsys_lib_libmedia:umodsys.lib.media.library.obj
 0001:0000321c       ?mem_reader@RUtilities@stdlib@media@modules@UModSys@@UEAA?AU?$TRefObject@UIStreamReader@libmedia@UModSys@@U?$TRefObjectFunc@UIStreamReader@libmedia@UModSys@@@tl@3@@tl@5@AEBUSCMemShared@core@5@@Z 000000014000421c f   umodsys_lib_libmedia:umodsys.mod.media.stdlib.obj
 0001:0000322c       ??_ERUtilities@stdlib@media@modules@UModSys@@UEAAPEAXI@Z 000000014000422c f i  CIL library: CIL module
 0001:0000322c       ??_GRUtilities@stdlib@media@modules@UModSys@@UEAAPEAXI@Z 000000014000422c f i umodsys_lib_libmedia:umodsys.mod.media.stdlib.obj
 0001:000032d4       ?get_flag@RBinArchiveFrame@stdlib@media@modules@UModSys@@UEBA?AW4eStates@?$TFlags4State@USMediaFlagUid@libmedia@UModSys@@I@tl@5@H@Z 00000001400042d4 f   umodsys_lib_libmedia:umodsys.mod.media.stdlib.obj
 0001:000032e4       ?get_flags_auto@RBinArchiveFrame@stdlib@media@modules@UModSys@@UEBA?AU?$TFlags4State@USMediaFlagUid@libmedia@UModSys@@I@tl@5@XZ 00000001400042e4 f   umodsys_lib_libmedia:umodsys.mod.media.stdlib.obj
 0001:000032f0       ?set_flag@RBinArchiveFrame@stdlib@media@modules@UModSys@@UEAA?AW4eStates@?$TFlags4State@USMediaFlagUid@libmedia@UModSys@@I@tl@5@HW46785@@Z 00000001400042f0 f   umodsys_lib_libmedia:umodsys.mod.media.stdlib.obj
 0001:00003324       ?data_reader@RBinArchiveFrame@stdlib@media@modules@UModSys@@UEAA?AU?$TRefObject@UIStreamReader@libmedia@UModSys@@U?$TRefObjectFunc@UIStreamReader@libmedia@UModSys@@@tl@3@@tl@5@AEBU?$TString@U?$TSCoreConst@D@su@tl@UModSys@@U?$TComparerBinaryHash@D@234@@75@AEBUSFlags@libmedia@5@@Z 0000000140004324 f   umodsys_lib_libmedia:umodsys.mod.media.stdlib.obj
 0001:000033e4       ?data_writer@RBinArchiveFrame@stdlib@media@modules@UModSys@@UEAA?AU?$TRefObject@UIStreamWriter@libmedia@UModSys@@U?$TRefObjectFunc@UIStreamWriter@libmedia@UModSys@@@tl@3@@tl@5@AEBU?$TString@U?$TSCoreConst@D@su@tl@UModSys@@U?$TComparerBinaryHash@D@234@@75@AEBUSFlags@libmedia@5@@Z 00000001400043e4 f   umodsys_lib_libmedia:umodsys.mod.media.stdlib.obj
 0001:0000342c       ?data_load@RBinArchiveFrame@stdlib@media@modules@UModSys@@UEAA_NAEBU?$TString@U?$TSCoreConst@D@su@tl@UModSys@@U?$TComparerBinaryHash@D@234@@tl@5@AEAUSCMemShared@core@5@AEBUSFlags@libmedia@5@@Z 000000014000442c f   umodsys_lib_libmedia:umodsys.mod.media.stdlib.obj
 0001:000034a0       ?data_save@RBinArchiveFrame@stdlib@media@modules@UModSys@@UEAA_NAEBU?$TString@U?$TSCoreConst@D@su@tl@UModSys@@U?$TComparerBinaryHash@D@234@@tl@5@AEBUSCMem@core@5@AEBUSFlags@libmedia@5@@Z 00000001400044a0 f   umodsys_lib_libmedia:umodsys.mod.media.stdlib.obj
 0001:000034d8       ?data_list@RBinArchiveFrame@stdlib@media@modules@UModSys@@UEAA_NAEBU?$TString@U?$TSCoreConst@D@su@tl@UModSys@@U?$TComparerBinaryHash@D@234@@tl@5@_KAEAU?$TIStackSocket@USFileInfo@libmedia@UModSys@@@75@AEBUSFlags@libmedia@5@@Z 00000001400044d8 f   umodsys_lib_libmedia:umodsys.mod.media.stdlib.obj
 0001:00003780       ?data_info@RBinArchiveFrame@stdlib@media@modules@UModSys@@UEAA_NAEBU?$TString@U?$TSCoreConst@D@su@tl@UModSys@@U?$TComparerBinaryHash@D@234@@tl@5@_KAEAUSFileInfo@libmedia@5@AEBUSFlags@95@@Z 0000000140004780 f   umodsys_lib_libmedia:umodsys.mod.media.stdlib.obj
 0001:000038a0       ?get_permissions@RBinArchiveFrame@stdlib@media@modules@UModSys@@UEAAHXZ 00000001400048a0 f   umodsys_lib_libmedia:umodsys.mod.media.stdlib.obj
 0001:000038b4       ?open@RBinArchiveFrame@stdlib@media@modules@UModSys@@UEAA_NPEAUIClient@IBinArchiveFrame@libmedia@5@PEBUSParameters@core@5@@Z 00000001400048b4 f   umodsys_lib_libmedia:umodsys.mod.media.stdlib.obj
 0001:00003d0c       ?close@RBinArchiveFrame@stdlib@media@modules@UModSys@@UEAA_NXZ 0000000140004d0c f   umodsys_lib_libmedia:umodsys.mod.media.stdlib.obj
 0001:00003e18       ?add_node_r@RBinArchiveFrame@stdlib@media@modules@UModSys@@UEAAPEAUNameNode@IBinArchiveFrame@libmedia@5@AEBU?$TString@U?$TSCoreConst@D@su@tl@UModSys@@U?$TComparerBinaryHash@D@234@@tl@5@_KAEAUSMem@core@5@@Z 0000000140004e18 f   umodsys_lib_libmedia:umodsys.mod.media.stdlib.obj
 0001:00003ed0       ?add_node_w@RBinArchiveFrame@stdlib@media@modules@UModSys@@UEAAPEAUNameNode@IBinArchiveFrame@libmedia@5@AEBU?$TString@U?$TSCoreConst@D@su@tl@UModSys@@U?$TComparerBinaryHash@D@234@@tl@5@_K@Z 0000000140004ed0 f   umodsys_lib_libmedia:umodsys.mod.media.stdlib.obj
 0001:00003fc4       ?remove_node@RBinArchiveFrame@stdlib@media@modules@UModSys@@UEAA_NPEAUNameNode@IBinArchiveFrame@libmedia@5@@Z 0000000140004fc4 f   umodsys_lib_libmedia:umodsys.mod.media.stdlib.obj
 0001:00003ff0       ?find_node@RBinArchiveFrame@stdlib@media@modules@UModSys@@UEAAPEAUNameNode@IBinArchiveFrame@libmedia@5@AEBU?$TString@U?$TSCoreConst@D@su@tl@UModSys@@U?$TComparerBinaryHash@D@234@@tl@5@@Z 0000000140004ff0 f   umodsys_lib_libmedia:umodsys.mod.media.stdlib.obj
 0001:00004128       ?node_size@RBinArchiveFrame@stdlib@media@modules@UModSys@@UEAA_KAEBU?$TString@U?$TSCoreConst@D@su@tl@UModSys@@U?$TComparerBinaryHash@D@234@@tl@5@H@Z 0000000140005128 f   umodsys_lib_libmedia:umodsys.mod.media.stdlib.obj
 0001:00004140       ?kill_node@RBinArchiveFrame@stdlib@media@modules@UModSys@@SA_NPEAUNameNode@IBinArchiveFrame@libmedia@5@@Z 0000000140005140 f   umodsys_lib_libmedia:umodsys.mod.media.stdlib.obj
 0001:00004168       ?fill_info@RBinArchiveFrame@stdlib@media@modules@UModSys@@QEAA_NAEAUSFileInfo@libmedia@5@PEAUNameNode@IBinArchiveFrame@75@AEBU?$TString@U?$TSCoreConst@D@su@tl@UModSys@@U?$TComparerBinaryHash@D@234@@tl@5@_K@Z 0000000140005168 f   umodsys_lib_libmedia:umodsys.mod.media.stdlib.obj
 0001:00004484       ?openr@RBinArchiveFrame@stdlib@media@modules@UModSys@@QEAA_NPEAUILibrary@libmedia@5@AEBU?$TString@U?$TSCoreConst@D@su@tl@UModSys@@U?$TComparerBinaryHash@D@234@@tl@5@PEBUSParameters@core@5@@Z 0000000140005484 f   umodsys_lib_libmedia:umodsys.mod.media.stdlib.obj
 0001:000045fc       ?closew@RBinArchiveFrame@stdlib@media@modules@UModSys@@QEAA_N_N@Z 00000001400055fc f   umodsys_lib_libmedia:umodsys.mod.media.stdlib.obj
 0001:000047a4       ??0RBinArchiveFrame@stdlib@media@modules@UModSys@@QEAA@PEAUIModObject@base@4@AEBUSParameters@core@4@U?$TFlags4State@USMediaFlagUid@libmedia@UModSys@@I@tl@4@@Z 00000001400057a4 f   umodsys_lib_libmedia:umodsys.mod.media.stdlib.obj
 0001:000048b0       ??_GRBinArchiveFrame@stdlib@media@modules@UModSys@@UEAAPEAXI@Z 00000001400058b0 f i umodsys_lib_libmedia:umodsys.mod.media.stdlib.obj
 0001:000048b0       ??_ERBinArchiveFrame@stdlib@media@modules@UModSys@@UEAAPEAXI@Z 00000001400058b0 f i  CIL library: CIL module
 0001:000049a8       ??1IBinArchiveFrame@libmedia@UModSys@@UEAA@XZ 00000001400059a8 f i umodsys_lib_libmedia:umodsys.mod.media.stdlib.obj
 0001:00004a20       ??_GRLibraryBinTree@stdlib@media@modules@UModSys@@UEAAPEAXI@Z 0000000140005a20 f i umodsys_lib_libmedia:umodsys.mod.media.stdlib.obj
 0001:00004a20       ??_ERLibraryBinTree@stdlib@media@modules@UModSys@@UEAAPEAXI@Z 0000000140005a20 f i  CIL library: CIL module
 0001:00004aa4       ?get_flags_auto@RLibraryBinTree@stdlib@media@modules@UModSys@@UEBA?AU?$TFlags4State@USMediaFlagUid@libmedia@UModSys@@I@tl@5@XZ 0000000140005aa4 f   umodsys_lib_libmedia:umodsys.mod.media.stdlib.obj
 0001:00004ab0       ?set_flag@RLibraryObjFilter@stdlib@media@modules@UModSys@@UEAA?AW4eStates@?$TFlags4State@USMediaFlagUid@libmedia@UModSys@@I@tl@5@HW46785@@Z 0000000140005ab0 f   umodsys_lib_libmedia:umodsys.mod.media.stdlib.obj
 0001:00004ab0       ?set_flag@RLibraryObjCache@stdlib@media@modules@UModSys@@UEAA?AW4eStates@?$TFlags4State@USMediaFlagUid@libmedia@UModSys@@I@tl@5@HW46785@@Z 0000000140005ab0 f   umodsys_lib_libmedia:umodsys.mod.media.stdlib.obj
 0001:00004ab0       ?set_flag@RLibraryBinTree@stdlib@media@modules@UModSys@@UEAA?AW4eStates@?$TFlags4State@USMediaFlagUid@libmedia@UModSys@@I@tl@5@HW46785@@Z 0000000140005ab0 f   umodsys_lib_libmedia:umodsys.mod.media.stdlib.obj
 0001:00004ab0       ?set_flag@RLibraryBinCache@stdlib@media@modules@UModSys@@UEAA?AW4eStates@?$TFlags4State@USMediaFlagUid@libmedia@UModSys@@I@tl@5@HW46785@@Z 0000000140005ab0 f   umodsys_lib_libmedia:umodsys.mod.media.stdlib.obj
 0001:00004ad8       ?bin_reader@RLibraryBinTree@stdlib@media@modules@UModSys@@UEAA?AU?$TRefObject@UIStreamReader@libmedia@UModSys@@U?$TRefObjectFunc@UIStreamReader@libmedia@UModSys@@@tl@3@@tl@5@AEBU?$TString@U?$TSCoreConst@D@su@tl@UModSys@@U?$TComparerBinaryHash@D@234@@75@AEBUSFlags@libmedia@5@@Z 0000000140005ad8 f   umodsys_lib_libmedia:umodsys.mod.media.stdlib.obj
 0001:00004c38       ?bin_writer@RLibraryBinTree@stdlib@media@modules@UModSys@@UEAA?AU?$TRefObject@UIStreamWriter@libmedia@UModSys@@U?$TRefObjectFunc@UIStreamWriter@libmedia@UModSys@@@tl@3@@tl@5@AEBU?$TString@U?$TSCoreConst@D@su@tl@UModSys@@U?$TComparerBinaryHash@D@234@@75@AEBUSFlags@libmedia@5@@Z 0000000140005c38 f   umodsys_lib_libmedia:umodsys.mod.media.stdlib.obj
 0001:00004d98       ?bin_load@RLibraryBinTree@stdlib@media@modules@UModSys@@UEAA_NAEBU?$TString@U?$TSCoreConst@D@su@tl@UModSys@@U?$TComparerBinaryHash@D@234@@tl@5@AEAUSCMemShared@core@5@AEBUSFlags@libmedia@5@@Z 0000000140005d98 f   umodsys_lib_libmedia:umodsys.mod.media.stdlib.obj
 0001:00004ec4       ?bin_save@RLibraryBinTree@stdlib@media@modules@UModSys@@UEAA_NAEBU?$TString@U?$TSCoreConst@D@su@tl@UModSys@@U?$TComparerBinaryHash@D@234@@tl@5@AEBUSCMem@core@5@AEBUSFlags@libmedia@5@@Z 0000000140005ec4 f   umodsys_lib_libmedia:umodsys.mod.media.stdlib.obj
 0001:00004fcc       ?bin_info@RLibraryBinTree@stdlib@media@modules@UModSys@@UEAA_NAEBU?$TString@U?$TSCoreConst@D@su@tl@UModSys@@U?$TComparerBinaryHash@D@234@@tl@5@AEAUSFileInfo@libmedia@5@AEBUSFlags@95@@Z 0000000140005fcc f   umodsys_lib_libmedia:umodsys.mod.media.stdlib.obj
 0001:000050c8       ?bin_list@RLibraryBinTree@stdlib@media@modules@UModSys@@UEAA_NAEBU?$TString@U?$TSCoreConst@D@su@tl@UModSys@@U?$TComparerBinaryHash@D@234@@tl@5@AEAU?$TIStackSocket@USFileInfo@libmedia@UModSys@@@75@AEBUSFlags@libmedia@5@@Z 00000001400060c8 f   umodsys_lib_libmedia:umodsys.mod.media.stdlib.obj
 0001:000051d4       ?mount_get@RLibraryBinTree@stdlib@media@modules@UModSys@@UEBA?AUSPoint@ILibraryBinTree@libmedia@5@AEBUSId@785@@Z 00000001400061d4 f   umodsys_lib_libmedia:umodsys.mod.media.stdlib.obj
 0001:00005238       ?mount_add@RLibraryBinTree@stdlib@media@modules@UModSys@@UEAA_NAEBUSId@ILibraryBinTree@libmedia@5@AEBUSPoint@785@@Z 0000000140006238 f   umodsys_lib_libmedia:umodsys.mod.media.stdlib.obj
 0001:00005360       ?mount_remove@RLibraryBinTree@stdlib@media@modules@UModSys@@UEAA_NAEBUSId@ILibraryBinTree@libmedia@5@@Z 0000000140006360 f   umodsys_lib_libmedia:umodsys.mod.media.stdlib.obj
 0001:0000538c       ?mount_clear@RLibraryBinTree@stdlib@media@modules@UModSys@@UEAA_NXZ 000000014000638c f   umodsys_lib_libmedia:umodsys.mod.media.stdlib.obj
 0001:000053b4       ??_GRLibraryBinCache@stdlib@media@modules@UModSys@@UEAAPEAXI@Z 00000001400063b4 f i umodsys_lib_libmedia:umodsys.mod.media.stdlib.obj
 0001:000053b4       ??_ERLibraryBinCache@stdlib@media@modules@UModSys@@UEAAPEAXI@Z 00000001400063b4 f i  CIL library: CIL module
 0001:00005438       ??1ILibraryBinTree@libmedia@UModSys@@UEAA@XZ 0000000140006438 f i umodsys_lib_libmedia:umodsys.mod.media.stdlib.obj
 0001:00005438       ??1IBinArchive@libmedia@UModSys@@UEAA@XZ 0000000140006438 f i umodsys_lib_libmedia:umodsys.mod.media.stdio.obj
 0001:00005438       ??1ILibraryObjCache@libmedia@UModSys@@UEAA@XZ 0000000140006438 f i umodsys_lib_libmedia:umodsys.mod.media.stdlib.obj
 0001:00005438       ??1ILibraryLayered@libmedia@UModSys@@UEAA@XZ 0000000140006438 f i umodsys_lib_libmedia:umodsys.mod.media.stdlib.obj
 0001:00005438       ??1ILibraryObjFilter@libmedia@UModSys@@UEAA@XZ 0000000140006438 f i umodsys_lib_libmedia:umodsys.mod.media.stdlib.obj
 0001:00005438       ??1ILibraryBinCache@libmedia@UModSys@@UEAA@XZ 0000000140006438 f i umodsys_lib_libmedia:umodsys.mod.media.stdlib.obj
 0001:00005474       ?get_flag@RLibraryBinCache@stdlib@media@modules@UModSys@@UEBA?AW4eStates@?$TFlags4State@USMediaFlagUid@libmedia@UModSys@@I@tl@5@H@Z 0000000140006474 f   umodsys_lib_libmedia:umodsys.mod.media.stdlib.obj
 0001:00005474       ?get_flag@RLibraryObjFilter@stdlib@media@modules@UModSys@@UEBA?AW4eStates@?$TFlags4State@USMediaFlagUid@libmedia@UModSys@@I@tl@5@H@Z 0000000140006474 f   umodsys_lib_libmedia:umodsys.mod.media.stdlib.obj
 0001:00005474       ?get_flag@RLibraryObjCache@stdlib@media@modules@UModSys@@UEBA?AW4eStates@?$TFlags4State@USMediaFlagUid@libmedia@UModSys@@I@tl@5@H@Z 0000000140006474 f   umodsys_lib_libmedia:umodsys.mod.media.stdlib.obj
 0001:00005474       ?get_flag@RLibraryBinTree@stdlib@media@modules@UModSys@@UEBA?AW4eStates@?$TFlags4State@USMediaFlagUid@libmedia@UModSys@@I@tl@5@H@Z 0000000140006474 f   umodsys_lib_libmedia:umodsys.mod.media.stdlib.obj
 0001:00005480       ?get_flags_auto@RLibraryBinCache@stdlib@media@modules@UModSys@@UEBA?AU?$TFlags4State@USMediaFlagUid@libmedia@UModSys@@I@tl@5@XZ 0000000140006480 f   umodsys_lib_libmedia:umodsys.mod.media.stdlib.obj
 0001:0000548c       ?bin_load@RLibraryBinCache@stdlib@media@modules@UModSys@@UEAA_NAEBU?$TString@U?$TSCoreConst@D@su@tl@UModSys@@U?$TComparerBinaryHash@D@234@@tl@5@AEAUSCMemShared@core@5@AEBUSFlags@libmedia@5@@Z 000000014000648c f   umodsys_lib_libmedia:umodsys.mod.media.stdlib.obj
 0001:000055b0       ?bin_put@RLibraryBinCache@stdlib@media@modules@UModSys@@UEAA_NAEBU?$TString@U?$TSCoreConst@D@su@tl@UModSys@@U?$TComparerBinaryHash@D@234@@tl@5@PEBUSCMemShared@core@5@@Z 00000001400065b0 f   umodsys_lib_libmedia:umodsys.mod.media.stdlib.obj
 0001:000055d0       ?bincache_get@RLibraryBinCache@stdlib@media@modules@UModSys@@UEBA_NAEBU?$TString@U?$TSCoreConst@D@su@tl@UModSys@@U?$TComparerBinaryHash@D@234@@tl@5@PEAUSCMemShared@core@5@PEA_N@Z 00000001400065d0 f   umodsys_lib_libmedia:umodsys.mod.media.stdlib.obj
 0001:00005688       ?bincache_add@RLibraryBinCache@stdlib@media@modules@UModSys@@UEAA_NAEBU?$TString@U?$TSCoreConst@D@su@tl@UModSys@@U?$TComparerBinaryHash@D@234@@tl@5@@Z 0000000140006688 f   umodsys_lib_libmedia:umodsys.mod.media.stdlib.obj
 0001:000056b0       ?bincache_add@RLibraryBinCache@stdlib@media@modules@UModSys@@UEAA_NAEBU?$TString@U?$TSCoreConst@D@su@tl@UModSys@@U?$TComparerBinaryHash@D@234@@tl@5@AEBUSCMemShared@core@5@@Z 00000001400066b0 f   umodsys_lib_libmedia:umodsys.mod.media.stdlib.obj
 0001:000056b8       ?bincache_remove@RLibraryBinCache@stdlib@media@modules@UModSys@@UEAA_NAEBU?$TString@U?$TSCoreConst@D@su@tl@UModSys@@U?$TComparerBinaryHash@D@234@@tl@5@@Z 00000001400066b8 f   umodsys_lib_libmedia:umodsys.mod.media.stdlib.obj
 0001:000056e4       ?bincache_clear@RLibraryBinCache@stdlib@media@modules@UModSys@@UEAA_NXZ 00000001400066e4 f   umodsys_lib_libmedia:umodsys.mod.media.stdlib.obj
 0001:0000570c       ?bincache_add@RLibraryBinCache@stdlib@media@modules@UModSys@@QEAA_NAEBU?$TString@U?$TSCoreConst@D@su@tl@UModSys@@U?$TComparerBinaryHash@D@234@@tl@5@AEBUSCMemShared@core@5@_N@Z 000000014000670c f   umodsys_lib_libmedia:umodsys.mod.media.stdlib.obj
 0001:00005818       ??0RLibraryLayered@stdlib@media@modules@UModSys@@QEAA@PEAUIModObject@base@4@AEBUSParameters@core@4@U?$TFlags4State@USMediaFlagUid@libmedia@UModSys@@I@tl@4@@Z 0000000140006818 f   umodsys_lib_libmedia:umodsys.mod.media.stdlib.obj
 0001:000058d8       ??_ERLibraryLayered@stdlib@media@modules@UModSys@@UEAAPEAXI@Z 00000001400068d8 f i  CIL library: CIL module
 0001:000058d8       ??_GRLibraryLayered@stdlib@media@modules@UModSys@@UEAAPEAXI@Z 00000001400068d8 f i umodsys_lib_libmedia:umodsys.mod.media.stdlib.obj
 0001:000059a4       ?get_flag@RLibraryLayered@stdlib@media@modules@UModSys@@UEBA?AW4eStates@?$TFlags4State@USMediaFlagUid@libmedia@UModSys@@I@tl@5@H@Z 00000001400069a4 f   umodsys_lib_libmedia:umodsys.mod.media.stdlib.obj
 0001:000059b0       ?get_flags_auto@RLibraryLayered@stdlib@media@modules@UModSys@@UEBA?AU?$TFlags4State@USMediaFlagUid@libmedia@UModSys@@I@tl@5@XZ 00000001400069b0 f   umodsys_lib_libmedia:umodsys.mod.media.stdlib.obj
 0001:000059bc       ?set_flag@RLibraryLayered@stdlib@media@modules@UModSys@@UEAA?AW4eStates@?$TFlags4State@USMediaFlagUid@libmedia@UModSys@@I@tl@5@HW46785@@Z 00000001400069bc f   umodsys_lib_libmedia:umodsys.mod.media.stdlib.obj
 0001:000059e4       ?bin_reader@RLibraryLayered@stdlib@media@modules@UModSys@@UEAA?AU?$TRefObject@UIStreamReader@libmedia@UModSys@@U?$TRefObjectFunc@UIStreamReader@libmedia@UModSys@@@tl@3@@tl@5@AEBU?$TString@U?$TSCoreConst@D@su@tl@UModSys@@U?$TComparerBinaryHash@D@234@@75@AEBUSFlags@libmedia@5@@Z 00000001400069e4 f   umodsys_lib_libmedia:umodsys.mod.media.stdlib.obj
 0001:00005acc       ?bin_writer@RLibraryLayered@stdlib@media@modules@UModSys@@UEAA?AU?$TRefObject@UIStreamWriter@libmedia@UModSys@@U?$TRefObjectFunc@UIStreamWriter@libmedia@UModSys@@@tl@3@@tl@5@AEBU?$TString@U?$TSCoreConst@D@su@tl@UModSys@@U?$TComparerBinaryHash@D@234@@75@AEBUSFlags@libmedia@5@@Z 0000000140006acc f   umodsys_lib_libmedia:umodsys.mod.media.stdlib.obj
 0001:00005bb4       ?bin_load@RLibraryLayered@stdlib@media@modules@UModSys@@UEAA_NAEBU?$TString@U?$TSCoreConst@D@su@tl@UModSys@@U?$TComparerBinaryHash@D@234@@tl@5@AEAUSCMemShared@core@5@AEBUSFlags@libmedia@5@@Z 0000000140006bb4 f   umodsys_lib_libmedia:umodsys.mod.media.stdlib.obj
 0001:00005e5c       ?bin_save@RLibraryLayered@stdlib@media@modules@UModSys@@UEAA_NAEBU?$TString@U?$TSCoreConst@D@su@tl@UModSys@@U?$TComparerBinaryHash@D@234@@tl@5@AEBUSCMem@core@5@AEBUSFlags@libmedia@5@@Z 0000000140006e5c f   umodsys_lib_libmedia:umodsys.mod.media.stdlib.obj
 0001:000060b8       ?bin_info@RLibraryLayered@stdlib@media@modules@UModSys@@UEAA_NAEBU?$TString@U?$TSCoreConst@D@su@tl@UModSys@@U?$TComparerBinaryHash@D@234@@tl@5@AEAUSFileInfo@libmedia@5@AEBUSFlags@95@@Z 00000001400070b8 f   umodsys_lib_libmedia:umodsys.mod.media.stdlib.obj
 0001:00006168       ?bin_list@RLibraryLayered@stdlib@media@modules@UModSys@@UEAA_NAEBU?$TString@U?$TSCoreConst@D@su@tl@UModSys@@U?$TComparerBinaryHash@D@234@@tl@5@AEAU?$TIStackSocket@USFileInfo@libmedia@UModSys@@@75@AEBUSFlags@libmedia@5@@Z 0000000140007168 f   umodsys_lib_libmedia:umodsys.mod.media.stdlib.obj
 0001:0000622c       ?bin_get@RLibraryLayered@stdlib@media@modules@UModSys@@UEAA_NAEBU?$TString@U?$TSCoreConst@D@su@tl@UModSys@@U?$TComparerBinaryHash@D@234@@tl@5@AEAUSCMemShared@core@5@_N@Z 000000014000722c f   umodsys_lib_libmedia:umodsys.mod.media.stdlib.obj
 0001:000062b0       ?bin_put@RLibraryLayered@stdlib@media@modules@UModSys@@UEAA_NAEBU?$TString@U?$TSCoreConst@D@su@tl@UModSys@@U?$TComparerBinaryHash@D@234@@tl@5@PEBUSCMemShared@core@5@@Z 00000001400072b0 f   umodsys_lib_libmedia:umodsys.mod.media.stdlib.obj
 0001:00006320       ?obj_fget@RLibraryLayered@stdlib@media@modules@UModSys@@UEAA_NAEBUSInfo@IBinObjFilter@libmedia@5@AEAU?$TRefObject@UIRefObject@core@UModSys@@U?$TRefObjectFunc@UIRefObject@core@UModSys@@@tl@3@@tl@5@@Z 0000000140007320 f   umodsys_lib_libmedia:umodsys.mod.media.stdlib.obj
 0001:00006390       ?obj_fload@RLibraryLayered@stdlib@media@modules@UModSys@@UEAA_NAEBUSInfo@IBinObjFilter@libmedia@5@PEAUIRefObject@core@5@@Z 0000000140007390 f   umodsys_lib_libmedia:umodsys.mod.media.stdlib.obj
 0001:00006400       ?obj_fsave@RLibraryLayered@stdlib@media@modules@UModSys@@UEAA_NAEAUSInfo@IBinObjFilter@libmedia@5@PEBUIRefObject@core@5@@Z 0000000140007400 f   umodsys_lib_libmedia:umodsys.mod.media.stdlib.obj
 0001:00006470       ?obj_cget@RLibraryLayered@stdlib@media@modules@UModSys@@UEAA_NAEBU?$TString@U?$TSCoreConst@D@su@tl@UModSys@@U?$TComparerBinaryHash@D@234@@tl@5@AEAU?$TRefObject@UIRefObject@core@UModSys@@U?$TRefObjectFunc@UIRefObject@core@UModSys@@@tl@3@@75@_N@Z 0000000140007470 f   umodsys_lib_libmedia:umodsys.mod.media.stdlib.obj
 0001:000064f4       ?obj_cput@RLibraryLayered@stdlib@media@modules@UModSys@@UEAA_NAEBU?$TString@U?$TSCoreConst@D@su@tl@UModSys@@U?$TComparerBinaryHash@D@234@@tl@5@PEAUIRefObject@core@5@@Z 00000001400074f4 f   umodsys_lib_libmedia:umodsys.mod.media.stdlib.obj
 0001:00006564       ?obj_get@RLibraryLayered@stdlib@media@modules@UModSys@@UEAA_NAEBU?$TString@U?$TSCoreConst@D@su@tl@UModSys@@U?$TComparerBinaryHash@D@234@@tl@5@AEAU?$TRefObject@UIRefObject@core@UModSys@@U?$TRefObjectFunc@UIRefObject@core@UModSys@@@tl@3@@75@AEBUSObjOptions@ILibrary@libmedia@5@@Z 0000000140007564 f   umodsys_lib_libmedia:umodsys.mod.media.stdlib.obj
 0001:000069b8       ?obj_load@RLibraryLayered@stdlib@media@modules@UModSys@@UEAA_NAEBU?$TString@U?$TSCoreConst@D@su@tl@UModSys@@U?$TComparerBinaryHash@D@234@@tl@5@PEAUIRefObject@core@5@AEBUSObjOptions@ILibrary@libmedia@5@@Z 00000001400079b8 f   umodsys_lib_libmedia:umodsys.mod.media.stdlib.obj
 0001:00006b90       ?obj_save@RLibraryLayered@stdlib@media@modules@UModSys@@UEAA_NAEBU?$TString@U?$TSCoreConst@D@su@tl@UModSys@@U?$TComparerBinaryHash@D@234@@tl@5@PEBUIRefObject@core@5@AEBUSObjOptions@ILibrary@libmedia@5@@Z 0000000140007b90 f   umodsys_lib_libmedia:umodsys.mod.media.stdlib.obj
 0001:00006ddc       ?layer_count@RLibraryLayered@stdlib@media@modules@UModSys@@UEBA_KAEBUSLayer@ILibraryLayered@libmedia@5@@Z 0000000140007ddc f   umodsys_lib_libmedia:umodsys.mod.media.stdlib.obj
 0001:00006de4       ?layer_get@RLibraryLayered@stdlib@media@modules@UModSys@@UEBA?AUSLayer@ILibraryLayered@libmedia@5@_K@Z 0000000140007de4 f   umodsys_lib_libmedia:umodsys.mod.media.stdlib.obj
 0001:00006e4c       ?layer_find@RLibraryLayered@stdlib@media@modules@UModSys@@UEBA_KAEBU?$TString@U?$TSCoreConst@D@su@tl@UModSys@@U?$TComparerBinaryHash@D@234@@tl@5@_K@Z 0000000140007e4c f   umodsys_lib_libmedia:umodsys.mod.media.stdlib.obj
 0001:00006ee8       ?layer_insert@RLibraryLayered@stdlib@media@modules@UModSys@@UEAA_NAEBUSLayer@ILibraryLayered@libmedia@5@_K@Z 0000000140007ee8 f   umodsys_lib_libmedia:umodsys.mod.media.stdlib.obj
 0001:0000710c       ?layer_remove@RLibraryLayered@stdlib@media@modules@UModSys@@UEAA_N_K@Z 000000014000810c f   umodsys_lib_libmedia:umodsys.mod.media.stdlib.obj
 0001:0000723c       ?layer_clear@RLibraryLayered@stdlib@media@modules@UModSys@@UEAA_NXZ 000000014000823c f   umodsys_lib_libmedia:umodsys.mod.media.stdlib.obj
 0001:00007248       ??_GRLibraryObjCache@stdlib@media@modules@UModSys@@UEAAPEAXI@Z 0000000140008248 f i umodsys_lib_libmedia:umodsys.mod.media.stdlib.obj
 0001:00007248       ??_ERLibraryObjCache@stdlib@media@modules@UModSys@@UEAAPEAXI@Z 0000000140008248 f i  CIL library: CIL module
 0001:000072cc       ?get_flags_auto@RLibraryObjCache@stdlib@media@modules@UModSys@@UEBA?AU?$TFlags4State@USMediaFlagUid@libmedia@UModSys@@I@tl@5@XZ 00000001400082cc f   umodsys_lib_libmedia:umodsys.mod.media.stdlib.obj
 0001:000072d8       ?obj_cget@RLibraryObjCache@stdlib@media@modules@UModSys@@UEAA_NAEBU?$TString@U?$TSCoreConst@D@su@tl@UModSys@@U?$TComparerBinaryHash@D@234@@tl@5@AEAU?$TRefObject@UIRefObject@core@UModSys@@U?$TRefObjectFunc@UIRefObject@core@UModSys@@@tl@3@@75@_N@Z 00000001400082d8 f   umodsys_lib_libmedia:umodsys.mod.media.stdlib.obj
 0001:000072d8       ?bin_get@RLibraryBinCache@stdlib@media@modules@UModSys@@UEAA_NAEBU?$TString@U?$TSCoreConst@D@su@tl@UModSys@@U?$TComparerBinaryHash@D@234@@tl@5@AEAUSCMemShared@core@5@_N@Z 00000001400082d8 f   umodsys_lib_libmedia:umodsys.mod.media.stdlib.obj
 0001:0000730c       ?obj_cput@RLibraryObjCache@stdlib@media@modules@UModSys@@UEAA_NAEBU?$TString@U?$TSCoreConst@D@su@tl@UModSys@@U?$TComparerBinaryHash@D@234@@tl@5@PEAUIRefObject@core@5@@Z 000000014000830c f   umodsys_lib_libmedia:umodsys.mod.media.stdlib.obj
 0001:00007318       ?obj_get@RLibraryObjCache@stdlib@media@modules@UModSys@@UEAA_NAEBU?$TString@U?$TSCoreConst@D@su@tl@UModSys@@U?$TComparerBinaryHash@D@234@@tl@5@AEAU?$TRefObject@UIRefObject@core@UModSys@@U?$TRefObjectFunc@UIRefObject@core@UModSys@@@tl@3@@75@AEBUSObjOptions@ILibrary@libmedia@5@@Z 0000000140008318 f   umodsys_lib_libmedia:umodsys.mod.media.stdlib.obj
 0001:00007484       ?objcache_get@RLibraryObjCache@stdlib@media@modules@UModSys@@UEBA_NAEBU?$TString@U?$TSCoreConst@D@su@tl@UModSys@@U?$TComparerBinaryHash@D@234@@tl@5@PEAU?$TRefObject@UIRefObject@core@UModSys@@U?$TRefObjectFunc@UIRefObject@core@UModSys@@@tl@3@@75@PEA_N@Z 0000000140008484 f   umodsys_lib_libmedia:umodsys.mod.media.stdlib.obj
 0001:00007524       ?objcache_add@RLibraryObjCache@stdlib@media@modules@UModSys@@UEAA_NAEBU?$TString@U?$TSCoreConst@D@su@tl@UModSys@@U?$TComparerBinaryHash@D@234@@tl@5@PEAUIRefObject@core@5@@Z 0000000140008524 f   umodsys_lib_libmedia:umodsys.mod.media.stdlib.obj
 0001:00007618       ?objcache_remove@RLibraryObjCache@stdlib@media@modules@UModSys@@UEAA_NAEBU?$TString@U?$TSCoreConst@D@su@tl@UModSys@@U?$TComparerBinaryHash@D@234@@tl@5@@Z 0000000140008618 f   umodsys_lib_libmedia:umodsys.mod.media.stdlib.obj
 0001:00007644       ?objcache_clear@RLibraryObjCache@stdlib@media@modules@UModSys@@UEAA_NXZ 0000000140008644 f   umodsys_lib_libmedia:umodsys.mod.media.stdlib.obj
 0001:0000766c       ??_GRLibraryObjFilter@stdlib@media@modules@UModSys@@UEAAPEAXI@Z 000000014000866c f i umodsys_lib_libmedia:umodsys.mod.media.stdlib.obj
 0001:0000766c       ??_ERLibraryObjFilter@stdlib@media@modules@UModSys@@UEAAPEAXI@Z 000000014000866c f i  CIL library: CIL module
 0001:0000773c       ?get_flags_auto@RLibraryObjFilter@stdlib@media@modules@UModSys@@UEBA?AU?$TFlags4State@USMediaFlagUid@libmedia@UModSys@@I@tl@5@XZ 000000014000873c f   umodsys_lib_libmedia:umodsys.mod.media.stdlib.obj
 0001:00007748       ?obj_fget@RLibraryObjFilter@stdlib@media@modules@UModSys@@UEAA_NAEBUSInfo@IBinObjFilter@libmedia@5@AEAU?$TRefObject@UIRefObject@core@UModSys@@U?$TRefObjectFunc@UIRefObject@core@UModSys@@@tl@3@@tl@5@@Z 0000000140008748 f   umodsys_lib_libmedia:umodsys.mod.media.stdlib.obj
 0001:00007754       ?obj_fload@RLibraryObjFilter@stdlib@media@modules@UModSys@@UEAA_NAEBUSInfo@IBinObjFilter@libmedia@5@PEAUIRefObject@core@5@@Z 0000000140008754 f   umodsys_lib_libmedia:umodsys.mod.media.stdlib.obj
 0001:00007760       ?obj_fsave@RLibraryObjFilter@stdlib@media@modules@UModSys@@UEAA_NAEAUSInfo@IBinObjFilter@libmedia@5@PEBUIRefObject@core@5@@Z 0000000140008760 f   umodsys_lib_libmedia:umodsys.mod.media.stdlib.obj
 0001:0000776c       ?filters_add@RLibraryObjFilter@stdlib@media@modules@UModSys@@UEAA_NU?$TRefObject@UIBinObjFilter@libmedia@UModSys@@U?$TRefObjectFunc@UIBinObjFilter@libmedia@UModSys@@@tl@3@@tl@5@PEBUSParameters@core@5@H@Z 000000014000876c f   umodsys_lib_libmedia:umodsys.mod.media.stdlib.obj
 0001:00007868       ?filters_remove@RLibraryObjFilter@stdlib@media@modules@UModSys@@UEAA_NPEAUIBinObjFilter@libmedia@5@H@Z 0000000140008868 f   umodsys_lib_libmedia:umodsys.mod.media.stdlib.obj
 0001:000078dc       ?filters_clear@RLibraryObjFilter@stdlib@media@modules@UModSys@@UEAA_NXZ 00000001400088dc f   umodsys_lib_libmedia:umodsys.mod.media.stdlib.obj
 0001:0000795c       ?filters_load@RLibraryObjFilter@stdlib@media@modules@UModSys@@UEAA_NAEBUSInfo@IBinObjFilter@libmedia@5@AEAU?$TRefObject@UIRefObject@core@UModSys@@U?$TRefObjectFunc@UIRefObject@core@UModSys@@@tl@3@@tl@5@@Z 000000014000895c f   umodsys_lib_libmedia:umodsys.mod.media.stdlib.obj
 0001:000079f4       ?filters_load@RLibraryObjFilter@stdlib@media@modules@UModSys@@UEAA_NAEBUSInfo@IBinObjFilter@libmedia@5@PEAUIRefObject@core@5@@Z 00000001400089f4 f   umodsys_lib_libmedia:umodsys.mod.media.stdlib.obj
 0001:00007a8c       ?filters_save@RLibraryObjFilter@stdlib@media@modules@UModSys@@UEAA_NAEAUSInfo@IBinObjFilter@libmedia@5@PEBUIRefObject@core@5@@Z 0000000140008a8c f   umodsys_lib_libmedia:umodsys.mod.media.stdlib.obj
 0001:00007b24       ?do_open@RModuleReg@stdlib@media@modules@UModSys@@UEAA_NXZ 0000000140008b24 f i umodsys_lib_libmedia:umodsys.mod.media.stdlib.obj
 0001:00007b98       ?do_close@RModuleReg@stdlib@media@modules@UModSys@@UEAA_NXZ 0000000140008b98 f i umodsys_lib_libmedia:umodsys.mod.media.stdlib.obj
 0001:00007be8       ?get_module@RGenerator@stdlib@media@modules@UModSys@@UEBAPEAUIModule@base@5@XZ 0000000140008be8 f   umodsys_lib_libmedia:umodsys.mod.media.stdlib.obj
 0001:00007bf0       ?mod_inc@RGenerator@stdlib@media@modules@UModSys@@UEBA_NXZ 0000000140008bf0 f   umodsys_lib_libmedia:umodsys.mod.media.stdlib.obj
 0001:00007c00       ?mod_dec@RGenerator@stdlib@media@modules@UModSys@@UEBA_NXZ 0000000140008c00 f   umodsys_lib_libmedia:umodsys.mod.media.stdlib.obj
 0001:00007c14       ?s_holder@RGenerator@stdlib@media@modules@UModSys@@SAAEAU?$TTypeStaticHolder@URGenerator@stdlib@media@modules@UModSys@@@tl@5@XZ 0000000140008c14 f   umodsys_lib_libmedia:umodsys.mod.media.stdlib.obj
 0001:00007c58       ??4?$TString@U?$TSCoreConst@D@su@tl@UModSys@@U?$TComparerBinaryHash@D@234@@tl@UModSys@@QEAAAEBU012@PEBD@Z 0000000140008c58 f i umodsys_lib_libmedia:umodsys.mod.media.stdlib.obj
 0001:00007cd0       ??0?$TString@U?$TSCoreShared@USIMemAlloc@core@UModSys@@D@su@tl@UModSys@@U?$TComparerBinaryHash@D@234@@tl@UModSys@@QEAA@AEBU?$TSCoreConst@D@su@12@@Z 0000000140008cd0 f i umodsys_lib_libmedia:umodsys.mod.media.stdlib.obj
 0001:00007d7c       ?Resize@?$TDynarray@U?$TDynarrayHolderDynamic@EU?$TAllocator@USIMemAlloc@core@UModSys@@USCountCalcPower2@23@@tl@UModSys@@@tl@UModSys@@@tl@UModSys@@QEAA_N_K@Z 0000000140008d7c f i umodsys_lib_libmedia:umodsys.mod.media.stdlib.obj
 0001:00007e14       ??1?$TTreeHoldRBD@UNameNode@IBinArchiveFrame@libmedia@UModSys@@U?$TNodeDeleter0@UNameNode@IBinArchiveFrame@libmedia@UModSys@@@tl@4@@tl@UModSys@@QEAA@XZ 0000000140008e14 f i umodsys_lib_libmedia:umodsys.mod.media.stdlib.obj
 0001:00007e7c       ?remove_node@?$TTreeHoldRB@UNameNode@IBinArchiveFrame@libmedia@UModSys@@@tl@UModSys@@QEAAXPEAUNameNode@IBinArchiveFrame@libmedia@3@@Z 0000000140008e7c f i umodsys_lib_libmedia:umodsys.mod.media.stdlib.obj
 0001:00007f90       ??R?$TScatterArray@USMountInfo@RLibraryBinTree@stdlib@media@modules@UModSys@@USId@ILibraryBinTree@libmedia@6@U7896@U?$TNodeDeleter0@U?$TScatterArrayNode@USMountInfo@RLibraryBinTree@stdlib@media@modules@UModSys@@USId@ILibraryBinTree@libmedia@6@@tl@UModSys@@@tl@6@@tl@UModSys@@QEAAPEAUSMountInfo@RLibraryBinTree@stdlib@media@modules@2@AEBUSId@ILibraryBinTree@libmedia@2@PEAUVoid@core@2@@Z 0000000140008f90 f i umodsys_lib_libmedia:umodsys.mod.media.stdlib.obj
 0001:000080b4       ??R?$TScatterArray@USCacheElem@RLibraryBinCache@stdlib@media@modules@UModSys@@U?$TString@U?$TSCoreConst@D@su@tl@UModSys@@U?$TComparerBinaryHash@D@234@@tl@6@U?$TObjectCompare@U?$TString@U?$TSCoreConst@D@su@tl@UModSys@@U?$TComparerBinaryHash@D@234@@tl@UModSys@@@core@6@U?$TNodeDeleter0@U?$TScatterArrayNode@USCacheElem@RLibraryBinCache@stdlib@media@modules@UModSys@@U?$TString@U?$TSCoreConst@D@su@tl@UModSys@@U?$TComparerBinaryHash@D@234@@tl@6@@tl@UModSys@@@86@@tl@UModSys@@QEAAPEAUSCacheElem@RLibraryBinCache@stdlib@media@modules@2@AEBU?$TString@U?$TSCoreConst@D@su@tl@UModSys@@U?$TComparerBinaryHash@D@234@@12@PEAUVoid@core@2@@Z 00000001400090b4 f i umodsys_lib_libmedia:umodsys.mod.media.stdlib.obj
 0001:000081b0       ??1?$TRefObject@UIShell@base@UModSys@@U?$TRefObjectFunc@UIShell@base@UModSys@@@tl@3@@tl@UModSys@@QEAA@XZ 00000001400091b0 f i umodsys_lib_basesys:umodsys.basesys.rsystem_tests.obj
 0001:000081b0       ??1?$TRefObject@URLibraryLayered@stdlib@media@modules@UModSys@@U?$TRefObjectFunc@URLibraryLayered@stdlib@media@modules@UModSys@@@tl@5@@tl@UModSys@@QEAA@XZ 00000001400091b0 f i umodsys_lib_libmedia:umodsys.mod.media.stdlib.obj
 0001:000081b0       ??1?$TRefObject@UIStreamReader@libmedia@UModSys@@U?$TRefObjectFunc@UIStreamReader@libmedia@UModSys@@@tl@3@@tl@UModSys@@QEAA@XZ 00000001400091b0 f i umodsys_lib_libmedia:umodsys.mod.media.stdio.obj
 0001:000081b0       ??1?$TRefObject@URLibraryObjCache@stdlib@media@modules@UModSys@@U?$TRefObjectFunc@URLibraryObjCache@stdlib@media@modules@UModSys@@@tl@5@@tl@UModSys@@QEAA@XZ 00000001400091b0 f i umodsys_lib_libmedia:umodsys.mod.media.stdlib.obj
 0001:000081b0       ??1?$TRefObject@URLibraryBinTree@stdlib@media@modules@UModSys@@U?$TRefObjectFunc@URLibraryBinTree@stdlib@media@modules@UModSys@@@tl@5@@tl@UModSys@@QEAA@XZ 00000001400091b0 f i umodsys_lib_libmedia:umodsys.mod.media.stdlib.obj
 0001:000081b0       ??1SFilter@RLibraryObjFilter@stdlib@media@modules@UModSys@@QEAA@XZ 00000001400091b0 f i umodsys_lib_libmedia:umodsys.mod.media.stdlib.obj
 0001:000081b0       ??1?$TRefObject@UIBinArchive@libmedia@UModSys@@U?$TRefObjectFunc@UIBinArchive@libmedia@UModSys@@@tl@3@@tl@UModSys@@QEAA@XZ 00000001400091b0 f i umodsys_lib_libmedia:umodsys.mod.media.stdlib.obj
 0001:000081b0       ??1?$TRefObject@URLibraryBinCache@stdlib@media@modules@UModSys@@U?$TRefObjectFunc@URLibraryBinCache@stdlib@media@modules@UModSys@@@tl@5@@tl@UModSys@@QEAA@XZ 00000001400091b0 f i umodsys_lib_libmedia:umodsys.mod.media.stdlib.obj
 0001:000081b0       ??1?$TRefObject@UIStreamWriter@libmedia@UModSys@@U?$TRefObjectFunc@UIStreamWriter@libmedia@UModSys@@@tl@3@@tl@UModSys@@QEAA@XZ 00000001400091b0 f i umodsys_lib_libmedia:umodsys.mod.media.stdio.obj
 0001:000081b0       ??1?$TRefObject@URUtilities@stdlib@media@modules@UModSys@@U?$TRefObjectFunc@URUtilities@stdlib@media@modules@UModSys@@@tl@5@@tl@UModSys@@QEAA@XZ 00000001400091b0 f i umodsys_lib_libmedia:umodsys.mod.media.stdlib.obj
 0001:000081b0       ??1?$TRefObject@URParameters@rsystem@base@UModSys@@U?$TRefObjectFunc@URParameters@rsystem@base@UModSys@@@tl@4@@tl@UModSys@@QEAA@XZ 00000001400091b0 f i umodsys_lib_basesys:umodsys.basesys.rsystem_main.obj
 0001:000081b0       ??1?$TRefObject@URStreamWriter_FILE@stdio@media@modules@UModSys@@U?$TRefObjectFunc@URStreamWriter_FILE@stdio@media@modules@UModSys@@@tl@5@@tl@UModSys@@QEAA@XZ 00000001400091b0 f i umodsys_lib_libmedia:umodsys.mod.media.stdio.obj
 0001:000081b0       ??1?$TRefObject@URModuleLibrarySO@rsystem@base@UModSys@@U?$TRefObjectFunc@URModuleLibrarySO@rsystem@base@UModSys@@@tl@4@@tl@UModSys@@QEAA@XZ 00000001400091b0 f i umodsys_lib_basesys:umodsys.basesys.rmoduleloader.obj
 0001:000081b0       ??1?$TRefObject@UILibrary@libmedia@UModSys@@U?$TRefObjectFunc@UILibrary@libmedia@UModSys@@@tl@3@@tl@UModSys@@QEAA@XZ 00000001400091b0 f i umodsys_lib_libmedia:umodsys.mod.media.stdlib.obj
 0001:000081b0       ??1?$TRefObject@UIModuleLibraryUni@rsystem@base@UModSys@@U?$TRefObjectFunc@UIModuleLibraryUni@rsystem@base@UModSys@@@tl@4@@tl@UModSys@@QEAA@XZ 00000001400091b0 f i umodsys_lib_basesys:umodsys.basesys.rmodule.obj
 0001:000081b0       ??1?$TRefObject@UIRefObject@core@UModSys@@U?$TRefObjectFunc@UIRefObject@core@UModSys@@@tl@3@@tl@UModSys@@QEAA@XZ 00000001400091b0 f i umodsys_lib_libmedia:umodsys.mod.media.stdlib.obj
 0001:000081b0       ??1?$TRefObject@URStreamReader_FILE@stdio@media@modules@UModSys@@U?$TRefObjectFunc@URStreamReader_FILE@stdio@media@modules@UModSys@@@tl@5@@tl@UModSys@@QEAA@XZ 00000001400091b0 f i umodsys_lib_libmedia:umodsys.mod.media.stdio.obj
 0001:000081b0       ??1?$TRefObject@URLibraryObjFilter@stdlib@media@modules@UModSys@@U?$TRefObjectFunc@URLibraryObjFilter@stdlib@media@modules@UModSys@@@tl@5@@tl@UModSys@@QEAA@XZ 00000001400091b0 f i umodsys_lib_libmedia:umodsys.mod.media.stdlib.obj
 0001:000081b0       ??1?$TRefObject@UIClient@IBinArchiveFrame@libmedia@UModSys@@U?$TRefObjectFunc@UIClient@IBinArchiveFrame@libmedia@UModSys@@@tl@4@@tl@UModSys@@QEAA@XZ 00000001400091b0 f i umodsys_lib_libmedia:umodsys.mod.media.stdlib.obj
 0001:000081b0       ??1?$TRefObject@URBinArchiveFrame@stdlib@media@modules@UModSys@@U?$TRefObjectFunc@URBinArchiveFrame@stdlib@media@modules@UModSys@@@tl@5@@tl@UModSys@@QEAA@XZ 00000001400091b0 f i umodsys_lib_libmedia:umodsys.mod.media.stdlib.obj
 0001:000081b0       ??1?$TRefObject@URDataArchiver_OsDir@stdio@media@modules@UModSys@@U?$TRefObjectFunc@URDataArchiver_OsDir@stdio@media@modules@UModSys@@@tl@5@@tl@UModSys@@QEAA@XZ 00000001400091b0 f i umodsys_lib_libmedia:umodsys.mod.media.stdio.obj
 0001:000081b0       ??1?$TRefObject@UIBinObjFilter@libmedia@UModSys@@U?$TRefObjectFunc@UIBinObjFilter@libmedia@UModSys@@@tl@3@@tl@UModSys@@QEAA@XZ 00000001400091b0 f i umodsys_lib_libmedia:umodsys.mod.media.stdlib.obj
 0001:000081d4       ??R?$TScatterArray@USCacheElem@RLibraryObjCache@stdlib@media@modules@UModSys@@U?$TString@U?$TSCoreConst@D@su@tl@UModSys@@U?$TComparerBinaryHash@D@234@@tl@6@U?$TObjectCompare@U?$TString@U?$TSCoreConst@D@su@tl@UModSys@@U?$TComparerBinaryHash@D@234@@tl@UModSys@@@core@6@U?$TNodeDeleter0@U?$TScatterArrayNode@USCacheElem@RLibraryObjCache@stdlib@media@modules@UModSys@@U?$TString@U?$TSCoreConst@D@su@tl@UModSys@@U?$TComparerBinaryHash@D@234@@tl@6@@tl@UModSys@@@86@@tl@UModSys@@QEAAPEAUSCacheElem@RLibraryObjCache@stdlib@media@modules@2@AEBU?$TString@U?$TSCoreConst@D@su@tl@UModSys@@U?$TComparerBinaryHash@D@234@@12@PEAUVoid@core@2@@Z 00000001400091d4 f i umodsys_lib_libmedia:umodsys.mod.media.stdlib.obj
 0001:000082d0       ??R?$TScatterArray@USFilter@RLibraryObjFilter@stdlib@media@modules@UModSys@@USId@23456@U723456@U?$TNodeDeleter0@U?$TScatterArrayNode@USFilter@RLibraryObjFilter@stdlib@media@modules@UModSys@@USId@23456@@tl@UModSys@@@tl@6@@tl@UModSys@@QEAAPEAUSFilter@RLibraryObjFilter@stdlib@media@modules@2@AEBUSId@45672@PEAUVoid@core@2@@Z 00000001400092d0 f i umodsys_lib_libmedia:umodsys.mod.media.stdlib.obj
 0001:000083c0       ??1?$TDynarray@U?$TDynarrayHolderDynamic@EU?$TAllocator@USIMemAlloc@core@UModSys@@USCountCalcPower2@23@@tl@UModSys@@@tl@UModSys@@@tl@UModSys@@QEAA@XZ 00000001400093c0 f i umodsys_lib_libmedia:umodsys.mod.media.stdlib.obj
 0001:00008488       ?delete_node@?$TTreeHoldRBD@U?$TScatterArrayNode@USMountInfo@RLibraryBinTree@stdlib@media@modules@UModSys@@USId@ILibraryBinTree@libmedia@6@@tl@UModSys@@U?$TNodeDeleter0@U?$TScatterArrayNode@USMountInfo@RLibraryBinTree@stdlib@media@modules@UModSys@@USId@ILibraryBinTree@libmedia@6@@tl@UModSys@@@23@@tl@UModSys@@QEAAXPEAU?$TScatterArrayNode@USMountInfo@RLibraryBinTree@stdlib@media@modules@UModSys@@USId@ILibraryBinTree@libmedia@6@@23@@Z 0000000140009488 f i umodsys_lib_libmedia:umodsys.mod.media.stdlib.obj
[...]
 0001:00013ef5       ?dtor$4@?0??generate@RGenerator@stdlib@media@modules@UModSys@@UEAA_NAEAU?$TRefObject@UIRefObject@core@UModSys@@U?$TRefObjectFunc@UIRefObject@core@UModSys@@@tl@3@@tl@5@PEBUSUniquePointerInfo@core@5@AEBUSParameters@95@@Z@4HA 0000000140014ef5 f    CIL library: CIL module
 0001:00013f15       ?dtor$5@?0??generate@RGenerator@stdlib@media@modules@UModSys@@UEAA_NAEAU?$TRefObject@UIRefObject@core@UModSys@@U?$TRefObjectFunc@UIRefObject@core@UModSys@@@tl@3@@tl@5@PEBUSUniquePointerInfo@core@5@AEBUSParameters@95@@Z@4HA 0000000140014f15 f    CIL library: CIL module
 0001:00013f30       ??__E?s_id@?$TObjectUniqueID@UIRoot@core@UModSys@@@tl@UModSys@@2USUniquePointer@core@3@A@@YAXXZ 0000000140014f30 f    CIL library: CIL module
 0001:00013f64       ??__E?s_id@?$TObjectUniqueID@UIRefObject@core@UModSys@@@tl@UModSys@@2USUniquePointer@core@3@A@@YAXXZ 0000000140014f64 f    CIL library: CIL module
 0001:00013f98       ??__E?s_id@?$TObjectUniqueID@UIParameters@core@UModSys@@@tl@UModSys@@2USUniquePointer@core@3@A@@YAXXZ 0000000140014f98 f    CIL library: CIL module
 0001:00013fcc       ??__E?s_id@?$TObjectUniqueID@UIModule@base@UModSys@@@tl@UModSys@@2USUniquePointer@core@3@A@@YAXXZ 0000000140014fcc f    CIL library: CIL module
 0001:00014000       ??__E?s_id@?$TObjectUniqueID@UIModuleLibrary@base@UModSys@@@tl@UModSys@@2USUniquePointer@core@3@A@@YAXXZ 0000000140015000 f    CIL library: CIL module
 0001:00014034       ??__E?s_id@?$TObjectUniqueID@UIModObject@base@UModSys@@@tl@UModSys@@2USUniquePointer@core@3@A@@YAXXZ 0000000140015034 f    CIL library: CIL module
 0001:00014068       ??__E?s_id@?$TObjectUniqueID@UIGenerator@base@UModSys@@@tl@UModSys@@2USUniquePointer@core@3@A@@YAXXZ 0000000140015068 f    CIL library: CIL module
 0001:0001409c       ??__E?s_id@?$TObjectUniqueID@UIShell@base@UModSys@@@tl@UModSys@@2USUniquePointer@core@3@A@@YAXXZ 000000014001509c f    CIL library: CIL module
 0001:000140d0       ??__E?s_id@?$TObjectUniqueID@UIConsole@base@UModSys@@@tl@UModSys@@2USUniquePointer@core@3@A@@YAXXZ 00000001400150d0 f    CIL library: CIL module
 0001:00014104       ??__E?s_id@?$TObjectUniqueID@UISystem@base@UModSys@@@tl@UModSys@@2USUniquePointer@core@3@A@@YAXXZ 0000000140015104 f    CIL library: CIL module
 0001:00014138       ??__E?s_id@?$TObjectUniqueID@URModule@rsystem@base@UModSys@@@tl@UModSys@@2USUniquePointer@core@3@A@@YAXXZ 0000000140015138 f    CIL library: CIL module
 0001:0001416c       ??__E?s_id@?$TObjectUniqueID@UIModuleLibraryUni@rsystem@base@UModSys@@@tl@UModSys@@2USUniquePointer@core@3@A@@YAXXZ 000000014001516c f    CIL library: CIL module
 0001:000141a0       ??__E?s_id@?$TObjectUniqueID@URModuleLibrarySO@rsystem@base@UModSys@@@tl@UModSys@@2USUniquePointer@core@3@A@@YAXXZ 00000001400151a0 f    CIL library: CIL module
 0001:000141d4       ??__E?s_id@?$TObjectUniqueID@URModuleLibraryThis@rsystem@base@UModSys@@@tl@UModSys@@2USUniquePointer@core@3@A@@YAXXZ 00000001400151d4 f    CIL library: CIL module
 0001:00014208       ??__E?s_id@?$TObjectUniqueID@URParameters@rsystem@base@UModSys@@@tl@UModSys@@2USUniquePointer@core@3@A@@YAXXZ 0000000140015208 f    CIL library: CIL module
 0001:0001423c       ??__E?s_id@?$TObjectUniqueID@URSystem@rsystem@base@UModSys@@@tl@UModSys@@2USUniquePointer@core@3@A@@YAXXZ 000000014001523c f    CIL library: CIL module
 0001:00014270       ??__E?s_id@?$TObjectUniqueID@URConsole_std@rsystem@base@UModSys@@@tl@UModSys@@2USUniquePointer@core@3@A@@YAXXZ 0000000140015270 f    CIL library: CIL module
 0001:000142a4       ??__E?s_modreg@RModuleReg@stdio@media@modules@UModSys@@2U12345@A@@YAXXZ 00000001400152a4 f    CIL library: CIL module
 0001:00014300       ??__E?s_modreg_chain@RModuleReg@stdio@media@modules@UModSys@@2USModuleRegChain@base@5@A@@YAXXZ 0000000140015300 f    CIL library: CIL module
 0001:00014340       ??__E?s_uid@RGenerator@stdio@media@modules@UModSys@@2USUniquePointer@core@5@A@@YAXXZ 0000000140015340 f    CIL library: CIL module
 0001:00014374       ??__E?s_id@?$TObjectUniqueID@UIStreamReader@libmedia@UModSys@@@tl@UModSys@@2USUniquePointer@core@3@A@@YAXXZ 0000000140015374 f    CIL library: CIL module
 0001:000143a8       ??__E?s_id@?$TObjectUniqueID@UIStreamWriter@libmedia@UModSys@@@tl@UModSys@@2USUniquePointer@core@3@A@@YAXXZ 00000001400153a8 f    CIL library: CIL module
 0001:000143dc       ??__E?s_id@?$TObjectUniqueID@UIUtilities@libmedia@UModSys@@@tl@UModSys@@2USUniquePointer@core@3@A@@YAXXZ 00000001400153dc f    CIL library: CIL module
 0001:00014410       ??__E?s_id@?$TObjectUniqueID@UILibObject@libmedia@UModSys@@@tl@UModSys@@2USUniquePointer@core@3@A@@YAXXZ 0000000140015410 f    CIL library: CIL module
 0001:00014444       ??__E?s_id@?$TObjectUniqueID@UIBinArchive@libmedia@UModSys@@@tl@UModSys@@2USUniquePointer@core@3@A@@YAXXZ 0000000140015444 f    CIL library: CIL module
 0001:00014478       ??__E?s_id@?$TObjectUniqueID@UIBinObjFilter@libmedia@UModSys@@@tl@UModSys@@2USUniquePointer@core@3@A@@YAXXZ 0000000140015478 f    CIL library: CIL module
 0001:000144ac       ??__E?s_id@?$TObjectUniqueID@UILibrary@libmedia@UModSys@@@tl@UModSys@@2USUniquePointer@core@3@A@@YAXXZ 00000001400154ac f    CIL library: CIL module
 0001:000144e0       ??__E?s_id@?$TObjectUniqueID@URStreamReader_FILE@stdio@media@modules@UModSys@@@tl@UModSys@@2USUniquePointer@core@3@A@@YAXXZ 00000001400154e0 f    CIL library: CIL module
 0001:00014514       ??__E?s_id@?$TObjectUniqueID@URStreamWriter_FILE@stdio@media@modules@UModSys@@@tl@UModSys@@2USUniquePointer@core@3@A@@YAXXZ 0000000140015514 f    CIL library: CIL module
 0001:00014548       ??__E?s_id@?$TObjectUniqueID@URDataArchiver_OsDir@stdio@media@modules@UModSys@@@tl@UModSys@@2USUniquePointer@core@3@A@@YAXXZ 0000000140015548 f    CIL library: CIL module
 0001:0001457c       ??__E?s_id@?$TObjectUniqueID@URGenerator@stdio@media@modules@UModSys@@@tl@UModSys@@2USUniquePointer@core@3@A@@YAXXZ 000000014001557c f    CIL library: CIL module
 0001:000145b0       ??__E?s_modreg@RModuleReg@stdlib@media@modules@UModSys@@2U12345@A@@YAXXZ 00000001400155b0 f    CIL library: CIL module
 0001:0001460c       ??__E?s_modreg_chain@RModuleReg@stdlib@media@modules@UModSys@@2USModuleRegChain@base@5@A@@YAXXZ 000000014001560c f    CIL library: CIL module
 0001:0001464c       ??__E?s_uid@RGenerator@stdlib@media@modules@UModSys@@2USUniquePointer@core@5@A@@YAXXZ 000000014001564c f    CIL library: CIL module
 0001:00014680       ??__E?s_id@?$TObjectUniqueID@UILibraryBinTree@libmedia@UModSys@@@tl@UModSys@@2USUniquePointer@core@3@A@@YAXXZ 0000000140015680 f    CIL library: CIL module
 0001:000146b4       ??__E?s_id@?$TObjectUniqueID@UILibraryBinCache@libmedia@UModSys@@@tl@UModSys@@2USUniquePointer@core@3@A@@YAXXZ 00000001400156b4 f    CIL library: CIL module
 0001:000146e8       ??__E?s_id@?$TObjectUniqueID@UILibraryObjFilter@libmedia@UModSys@@@tl@UModSys@@2USUniquePointer@core@3@A@@YAXXZ 00000001400156e8 f    CIL library: CIL module
 0001:0001471c       ??__E?s_id@?$TObjectUniqueID@UILibraryObjCache@libmedia@UModSys@@@tl@UModSys@@2USUniquePointer@core@3@A@@YAXXZ 000000014001571c f    CIL library: CIL module
 0001:00014750       ??__E?s_id@?$TObjectUniqueID@UILibraryLayered@libmedia@UModSys@@@tl@UModSys@@2USUniquePointer@core@3@A@@YAXXZ 0000000140015750 f    CIL library: CIL module
 0001:00014784       ??__E?s_id@?$TObjectUniqueID@UIBinArchiveFrame@libmedia@UModSys@@@tl@UModSys@@2USUniquePointer@core@3@A@@YAXXZ 0000000140015784 f    CIL library: CIL module
 0001:000147b8       ??__E?s_id@?$TObjectUniqueID@UIClient@IBinArchiveFrame@libmedia@UModSys@@@tl@UModSys@@2USUniquePointer@core@3@A@@YAXXZ 00000001400157b8 f    CIL library: CIL module
 0001:000147ec       ??__E?s_id@?$TObjectUniqueID@URUtilities@stdlib@media@modules@UModSys@@@tl@UModSys@@2USUniquePointer@core@3@A@@YAXXZ 00000001400157ec f    CIL library: CIL module
 0001:00014820       ??__E?s_id@?$TObjectUniqueID@URBinArchiveFrame@stdlib@media@modules@UModSys@@@tl@UModSys@@2USUniquePointer@core@3@A@@YAXXZ 0000000140015820 f    CIL library: CIL module
 0001:00014854       ??__E?s_id@?$TObjectUniqueID@URLibraryBinTree@stdlib@media@modules@UModSys@@@tl@UModSys@@2USUniquePointer@core@3@A@@YAXXZ 0000000140015854 f    CIL library: CIL module
 0001:00014888       ??__E?s_id@?$TObjectUniqueID@URLibraryBinCache@stdlib@media@modules@UModSys@@@tl@UModSys@@2USUniquePointer@core@3@A@@YAXXZ 0000000140015888 f    CIL library: CIL module
 0001:000148bc       ??__E?s_id@?$TObjectUniqueID@URLibraryLayered@stdlib@media@modules@UModSys@@@tl@UModSys@@2USUniquePointer@core@3@A@@YAXXZ 00000001400158bc f    CIL library: CIL module
 0001:000148f0       ??__E?s_id@?$TObjectUniqueID@URLibraryObjCache@stdlib@media@modules@UModSys@@@tl@UModSys@@2USUniquePointer@core@3@A@@YAXXZ 00000001400158f0 f    CIL library: CIL module
 0001:00014924       ??__E?s_id@?$TObjectUniqueID@URLibraryObjFilter@stdlib@media@modules@UModSys@@@tl@UModSys@@2USUniquePointer@core@3@A@@YAXXZ 0000000140015924 f    CIL library: CIL module
 0001:00014958       ??__E?s_id@?$TObjectUniqueID@URGenerator@stdlib@media@modules@UModSys@@@tl@UModSys@@2USUniquePointer@core@3@A@@YAXXZ 0000000140015958 f    CIL library: CIL module
 0001:0001498c       ??__E?s_console@RConsole_std@rsystem@base@UModSys@@2U1234@A@@YAXXZ 000000014001598c f    CIL library: CIL module
 0001:00014998       ??__E?s_sys@RSystem@rsystem@base@UModSys@@2U1234@A@@YAXXZ 0000000140015998 f    CIL library: CIL module
 0001:000149a4       ??__Ersys_dbg@rsystem@base@UModSys@@YAXXZ 00000001400159a4 f    CIL library: CIL module
 0001:000149b0       ??__EM@UModSys@@YAXXZ      00000001400159b0 f    CIL library: CIL module
 0001:000149bc       ??__E?root@SModuleRegChain@base@UModSys@@2U123@A@@YAXXZ 00000001400159bc f    CIL library: CIL module
 0001:000149c8       ??__E?s_library@RModuleLibraryReg_Chain@base@UModSys@@2U123@A@@YAXXZ 00000001400159c8 f    CIL library: CIL module
 0001:000149d4       ??__E?root@SUniquePointer@core@UModSys@@2U123@A@@YAXXZ 00000001400159d4 f    CIL library: CIL module
 0001:000149e0       ??__F?s_id@?$TObjectUniqueID@URConsole_std@rsystem@base@UModSys@@@tl@UModSys@@2USUniquePointer@core@3@A@@YAXXZ 00000001400159e0 f    CIL library: CIL module
 0001:000149ec       ??__F?s_id@?$TObjectUniqueID@URSystem@rsystem@base@UModSys@@@tl@UModSys@@2USUniquePointer@core@3@A@@YAXXZ 00000001400159ec f    CIL library: CIL module
 0001:000149f8       ??__F?s_id@?$TObjectUniqueID@URParameters@rsystem@base@UModSys@@@tl@UModSys@@2USUniquePointer@core@3@A@@YAXXZ 00000001400159f8 f    CIL library: CIL module
 0001:00014a04       ??__F?s_id@?$TObjectUniqueID@URModuleLibraryThis@rsystem@base@UModSys@@@tl@UModSys@@2USUniquePointer@core@3@A@@YAXXZ 0000000140015a04 f    CIL library: CIL module
 0001:00014a10       ??__F?s_id@?$TObjectUniqueID@URModuleLibrarySO@rsystem@base@UModSys@@@tl@UModSys@@2USUniquePointer@core@3@A@@YAXXZ 0000000140015a10 f    CIL library: CIL module
 0001:00014a1c       ??__F?s_id@?$TObjectUniqueID@UIModuleLibraryUni@rsystem@base@UModSys@@@tl@UModSys@@2USUniquePointer@core@3@A@@YAXXZ 0000000140015a1c f    CIL library: CIL module
 0001:00014a28       ??__F?s_id@?$TObjectUniqueID@URModule@rsystem@base@UModSys@@@tl@UModSys@@2USUniquePointer@core@3@A@@YAXXZ 0000000140015a28 f    CIL library: CIL module
 0001:00014a34       ??__F?s_id@?$TObjectUniqueID@UISystem@base@UModSys@@@tl@UModSys@@2USUniquePointer@core@3@A@@YAXXZ 0000000140015a34 f    CIL library: CIL module
 0001:00014a40       ??__F?s_id@?$TObjectUniqueID@UIConsole@base@UModSys@@@tl@UModSys@@2USUniquePointer@core@3@A@@YAXXZ 0000000140015a40 f    CIL library: CIL module
 0001:00014a4c       ??__F?s_id@?$TObjectUniqueID@UIShell@base@UModSys@@@tl@UModSys@@2USUniquePointer@core@3@A@@YAXXZ 0000000140015a4c f    CIL library: CIL module
 0001:00014a58       ??__F?s_id@?$TObjectUniqueID@UIGenerator@base@UModSys@@@tl@UModSys@@2USUniquePointer@core@3@A@@YAXXZ 0000000140015a58 f    CIL library: CIL module
 0001:00014a64       ??__F?s_id@?$TObjectUniqueID@UIModObject@base@UModSys@@@tl@UModSys@@2USUniquePointer@core@3@A@@YAXXZ 0000000140015a64 f    CIL library: CIL module
 0001:00014a70       ??__F?s_id@?$TObjectUniqueID@UIModuleLibrary@base@UModSys@@@tl@UModSys@@2USUniquePointer@core@3@A@@YAXXZ 0000000140015a70 f    CIL library: CIL module
 0001:00014a7c       ??__F?s_id@?$TObjectUniqueID@UIModule@base@UModSys@@@tl@UModSys@@2USUniquePointer@core@3@A@@YAXXZ 0000000140015a7c f    CIL library: CIL module
 0001:00014a88       ??__F?s_id@?$TObjectUniqueID@UIParameters@core@UModSys@@@tl@UModSys@@2USUniquePointer@core@3@A@@YAXXZ 0000000140015a88 f    CIL library: CIL module
 0001:00014a94       ??__F?s_id@?$TObjectUniqueID@UIRefObject@core@UModSys@@@tl@UModSys@@2USUniquePointer@core@3@A@@YAXXZ 0000000140015a94 f    CIL library: CIL module
 0001:00014aa0       ??__F?s_id@?$TObjectUniqueID@UIRoot@core@UModSys@@@tl@UModSys@@2USUniquePointer@core@3@A@@YAXXZ 0000000140015aa0 f    CIL library: CIL module
 0001:00014aac       ??__F?s_modreg@RModuleReg@stdio@media@modules@UModSys@@2U12345@A@@YAXXZ 0000000140015aac f    CIL library: CIL module
 0001:00014abc       ??__F?s_modreg_chain@RModuleReg@stdio@media@modules@UModSys@@2USModuleRegChain@base@5@A@@YAXXZ 0000000140015abc f    CIL library: CIL module
 0001:00014afc       ??__F?s_uid@RGenerator@stdio@media@modules@UModSys@@2USUniquePointer@core@5@A@@YAXXZ 0000000140015afc f    CIL library: CIL module
 0001:00014b08       ??__Fh@?1??s_holder@RGenerator@stdio@media@modules@UModSys@@SAAEAU?$TTypeStaticHolder@URGenerator@stdio@media@modules@UModSys@@@tl@5@XZ@YAXXZ 0000000140015b08 f    CIL library: CIL module
 0001:00014b30       ??__F?s_id@?$TObjectUniqueID@URGenerator@stdio@media@modules@UModSys@@@tl@UModSys@@2USUniquePointer@core@3@A@@YAXXZ 0000000140015b30 f    CIL library: CIL module
 0001:00014b3c       ??__F?s_id@?$TObjectUniqueID@URDataArchiver_OsDir@stdio@media@modules@UModSys@@@tl@UModSys@@2USUniquePointer@core@3@A@@YAXXZ 0000000140015b3c f    CIL library: CIL module
 0001:00014b48       ??__F?s_id@?$TObjectUniqueID@URStreamWriter_FILE@stdio@media@modules@UModSys@@@tl@UModSys@@2USUniquePointer@core@3@A@@YAXXZ 0000000140015b48 f    CIL library: CIL module
 0001:00014b54       ??__F?s_id@?$TObjectUniqueID@URStreamReader_FILE@stdio@media@modules@UModSys@@@tl@UModSys@@2USUniquePointer@core@3@A@@YAXXZ 0000000140015b54 f    CIL library: CIL module
 0001:00014b60       ??__F?s_id@?$TObjectUniqueID@UILibrary@libmedia@UModSys@@@tl@UModSys@@2USUniquePointer@core@3@A@@YAXXZ 0000000140015b60 f    CIL library: CIL module
 0001:00014b6c       ??__F?s_id@?$TObjectUniqueID@UIBinObjFilter@libmedia@UModSys@@@tl@UModSys@@2USUniquePointer@core@3@A@@YAXXZ 0000000140015b6c f    CIL library: CIL module
 0001:00014b78       ??__F?s_id@?$TObjectUniqueID@UIBinArchive@libmedia@UModSys@@@tl@UModSys@@2USUniquePointer@core@3@A@@YAXXZ 0000000140015b78 f    CIL library: CIL module
 0001:00014b84       ??__F?s_id@?$TObjectUniqueID@UILibObject@libmedia@UModSys@@@tl@UModSys@@2USUniquePointer@core@3@A@@YAXXZ 0000000140015b84 f    CIL library: CIL module
 0001:00014b90       ??__F?s_id@?$TObjectUniqueID@UIUtilities@libmedia@UModSys@@@tl@UModSys@@2USUniquePointer@core@3@A@@YAXXZ 0000000140015b90 f    CIL library: CIL module
 0001:00014b9c       ??__F?s_id@?$TObjectUniqueID@UIStreamWriter@libmedia@UModSys@@@tl@UModSys@@2USUniquePointer@core@3@A@@YAXXZ 0000000140015b9c f    CIL library: CIL module
 0001:00014ba8       ??__F?s_id@?$TObjectUniqueID@UIStreamReader@libmedia@UModSys@@@tl@UModSys@@2USUniquePointer@core@3@A@@YAXXZ 0000000140015ba8 f    CIL library: CIL module
 0001:00014bb4       ??__F?s_modreg@RModuleReg@stdlib@media@modules@UModSys@@2U12345@A@@YAXXZ 0000000140015bb4 f    CIL library: CIL module
 0001:00014bc4       ??__F?s_modreg_chain@RModuleReg@stdlib@media@modules@UModSys@@2USModuleRegChain@base@5@A@@YAXXZ 0000000140015bc4 f    CIL library: CIL module
 0001:00014c04       ??__F?s_uid@RGenerator@stdlib@media@modules@UModSys@@2USUniquePointer@core@5@A@@YAXXZ 0000000140015c04 f    CIL library: CIL module
 0001:00014c10       ??__Fh@?1??s_holder@RGenerator@stdlib@media@modules@UModSys@@SAAEAU?$TTypeStaticHolder@URGenerator@stdlib@media@modules@UModSys@@@tl@5@XZ@YAXXZ 0000000140015c10 f    CIL library: CIL module
 0001:00014c38       ??__F?s_id@?$TObjectUniqueID@URGenerator@stdlib@media@modules@UModSys@@@tl@UModSys@@2USUniquePointer@core@3@A@@YAXXZ 0000000140015c38 f    CIL library: CIL module
 0001:00014c44       ??__F?s_id@?$TObjectUniqueID@URLibraryObjFilter@stdlib@media@modules@UModSys@@@tl@UModSys@@2USUniquePointer@core@3@A@@YAXXZ 0000000140015c44 f    CIL library: CIL module
 0001:00014c50       ??__F?s_id@?$TObjectUniqueID@URLibraryObjCache@stdlib@media@modules@UModSys@@@tl@UModSys@@2USUniquePointer@core@3@A@@YAXXZ 0000000140015c50 f    CIL library: CIL module
 0001:00014c5c       ??__F?s_id@?$TObjectUniqueID@URLibraryLayered@stdlib@media@modules@UModSys@@@tl@UModSys@@2USUniquePointer@core@3@A@@YAXXZ 0000000140015c5c f    CIL library: CIL module
 0001:00014c68       ??__F?s_id@?$TObjectUniqueID@URLibraryBinCache@stdlib@media@modules@UModSys@@@tl@UModSys@@2USUniquePointer@core@3@A@@YAXXZ 0000000140015c68 f    CIL library: CIL module
 0001:00014c74       ??__F?s_id@?$TObjectUniqueID@URLibraryBinTree@stdlib@media@modules@UModSys@@@tl@UModSys@@2USUniquePointer@core@3@A@@YAXXZ 0000000140015c74 f    CIL library: CIL module
 0001:00014c80       ??__F?s_id@?$TObjectUniqueID@URBinArchiveFrame@stdlib@media@modules@UModSys@@@tl@UModSys@@2USUniquePointer@core@3@A@@YAXXZ 0000000140015c80 f    CIL library: CIL module
 0001:00014c8c       ??__F?s_id@?$TObjectUniqueID@URUtilities@stdlib@media@modules@UModSys@@@tl@UModSys@@2USUniquePointer@core@3@A@@YAXXZ 0000000140015c8c f    CIL library: CIL module
 0001:00014c98       ??__F?s_id@?$TObjectUniqueID@UIClient@IBinArchiveFrame@libmedia@UModSys@@@tl@UModSys@@2USUniquePointer@core@3@A@@YAXXZ 0000000140015c98 f    CIL library: CIL module
 0001:00014ca4       ??__F?s_id@?$TObjectUniqueID@UIBinArchiveFrame@libmedia@UModSys@@@tl@UModSys@@2USUniquePointer@core@3@A@@YAXXZ 0000000140015ca4 f    CIL library: CIL module
 0001:00014cb0       ??__F?s_id@?$TObjectUniqueID@UILibraryLayered@libmedia@UModSys@@@tl@UModSys@@2USUniquePointer@core@3@A@@YAXXZ 0000000140015cb0 f    CIL library: CIL module
 0001:00014cbc       ??__F?s_id@?$TObjectUniqueID@UILibraryObjCache@libmedia@UModSys@@@tl@UModSys@@2USUniquePointer@core@3@A@@YAXXZ 0000000140015cbc f    CIL library: CIL module
 0001:00014cc8       ??__F?s_id@?$TObjectUniqueID@UILibraryObjFilter@libmedia@UModSys@@@tl@UModSys@@2USUniquePointer@core@3@A@@YAXXZ 0000000140015cc8 f    CIL library: CIL module
 0001:00014cd4       ??__F?s_id@?$TObjectUniqueID@UILibraryBinCache@libmedia@UModSys@@@tl@UModSys@@2USUniquePointer@core@3@A@@YAXXZ 0000000140015cd4 f    CIL library: CIL module
 0001:00014ce0       ??__F?s_id@?$TObjectUniqueID@UILibraryBinTree@libmedia@UModSys@@@tl@UModSys@@2USUniquePointer@core@3@A@@YAXXZ 0000000140015ce0 f    CIL library: CIL module
 0001:00014cec       ??__F?s_console@RConsole_std@rsystem@base@UModSys@@2U1234@A@@YAXXZ 0000000140015cec f    CIL library: CIL module
 0001:00014d2c       ??__F?s_sys@RSystem@rsystem@base@UModSys@@2U1234@A@@YAXXZ 0000000140015d2c f    CIL library: CIL module
 0001:00014d38       ??__Frsys_dbg@rsystem@base@UModSys@@YAXXZ 0000000140015d38 f    CIL library: CIL module
 0001:00014d5c       ??__FM@UModSys@@YAXXZ      0000000140015d5c f    CIL library: CIL module
 0001:00014d60       ??__F?root@SModuleRegChain@base@UModSys@@2U123@A@@YAXXZ 0000000140015d60 f    CIL library: CIL module
 0001:00014da0       ??__F?s_library@RModuleLibraryReg_Chain@base@UModSys@@2U123@A@@YAXXZ 0000000140015da0 f    CIL library: CIL module
 0001:00014db0       ??__F?root@SUniquePointer@core@UModSys@@2U123@A@@YAXXZ 0000000140015db0 f    CIL library: CIL module

 Exports

  ordinal    name

        1    UModSys_Plugin_Entry2
