 umodsysc

 Timestamp is 52b2f62a (Thu Dec 19 16:35:38 2013)

 Preferred load address is 0000000140000000

 Start         Length     Name                   Class
 0001:00000000 0001309cH .text                   CODE
 0001:000130a0 0000005eH .text$00                CODE
 0001:00013100 00000ea0H .text$x                 CODE
 0001:00013fa0 00000ab0H .text$yc                CODE
 0001:00014a50 000003dcH .text$yd                CODE
 0002:00000000 00000258H .idata$5                DATA
 0002:00000258 00000008H .CRT$XCA                DATA
 0002:00000260 00000008H .CRT$XCAA               DATA
 0002:00000268 00000598H .CRT$XCU                DATA
 0002:00000800 00000008H .CRT$XCZ                DATA
 0002:00000808 00000008H .CRT$XIA                DATA
 0002:00000810 00000008H .CRT$XIAA               DATA
 0002:00000818 00000008H .CRT$XIY                DATA
 0002:00000820 00000008H .CRT$XIZ                DATA
 0002:00000830 000033a8H .rdata                  DATA
 0002:00003be0 0000207cH .rdata$r                DATA
 0002:00005c60 00000008H .rtc$IAA                DATA
 0002:00005c68 00000008H .rtc$IZZ                DATA
 0002:00005c70 00000008H .rtc$TAA                DATA
 0002:00005c78 00000008H .rtc$TZZ                DATA
 0002:00005c80 00001ef0H .xdata                  DATA
 0002:00007b70 000000e4H .xdata$x                DATA
 0002:00007c54 00000028H .idata$2                DATA
 0002:00007c7c 00000014H .idata$3                DATA
 0002:00007c90 00000258H .idata$4                DATA
 0002:00007ee8 00000478H .idata$6                DATA
 0002:00008360 00000055H .edata                  DATA
 0003:00000000 00001204H .data                   DATA
 0003:00001210 00002b40H .bss                    DATA
 0004:00000000 000017b8H .pdata                  DATA

  Address         Publics by Value              Rva+Base               Lib:Object

 0000:00000000       ___safe_se_handler_count   0000000000000000     <absolute>
 0000:00000000       ___safe_se_handler_table   0000000000000000     <absolute>
 0000:00000000       __ImageBase                0000000140000000     <linker-defined>
 0001:00000000       main                       0000000140001000 f   umodsys.c_main.obj
 0001:000004a0       ??0?$TString@U?$TSCoreConst@D@su@tl@UModSys@@U?$TComparerBinaryHash@D@234@@tl@UModSys@@QEAA@PEBD@Z 00000001400014a0 f i umodsys.c_main.obj
 0001:00000520       ??1SInfo@IBinObjFilter@libmedia@UModSys@@QEAA@XZ 0000000140001520 f i umodsys_lib_libmedia:umodsys.mod.media.stdlib.obj
 0001:00000520       ??1SCMemShared@core@UModSys@@QEAA@XZ 0000000140001520 f i umodsys_lib_libmedia:umodsys.mod.media.stdlib.obj
 0001:00000520       ??1SMemShared@core@UModSys@@QEAA@XZ 0000000140001520 f i umodsys_lib_libmedia:umodsys.mod.media.stdio.obj
 0001:00000550       ??6SUniquePtrList@core@UModSys@@QEAAAEAU012@PEBUSUniquePointerInfo@12@@Z 0000000140001550 f i umodsys_lib_libmedia:umodsys.mod.media.stdio.obj
 0001:00000608       ??3IRoot@core@UModSys@@SAXPEAXAEBUSIMemAlloc@12@@Z 0000000140001608 f i umodsys_lib_libmedia:umodsys.mod.media.stdio.obj
 0001:00000634       ?archive_load_data@libmedia@UModSys@@YA_NAEAUIBinArchive@12@AEBU?$TString@U?$TSCoreConst@D@su@tl@UModSys@@U?$TComparerBinaryHash@D@234@@tl@2@AEAUSCMemShared@core@2@AEBUSFlags@12@@Z 0000000140001634 f i umodsys_lib_libmedia:umodsys.mod.media.stdio.obj
 0001:00000828       ?root_get_interface_info@RStreamReader_FILE@stdio@media@modules@UModSys@@UEBAAEBUSUniquePointerInfo@core@5@XZ 0000000140001828 f i umodsys_lib_libmedia:umodsys.mod.media.stdio.obj
 0001:00000830       ?root_get_interface_type@RStreamReader_FILE@stdio@media@modules@UModSys@@UEBAPEBUSUniquePointerInfo@core@5@XZ 0000000140001830 f i umodsys_lib_libmedia:umodsys.mod.media.stdio.obj
 0001:00000838       ?root_get_other_interface@RStreamReader_FILE@stdio@media@modules@UModSys@@UEBAPEBUIRoot@core@5@PEBUSUniquePointerInfo@75@@Z 0000000140001838 f i umodsys_lib_libmedia:umodsys.mod.media.stdio.obj
 0001:00000838       ?root_get_other_interface@RStreamReader_FILE@stdio@media@modules@UModSys@@UEAAPEAUIRoot@core@5@PEBUSUniquePointerInfo@75@@Z 0000000140001838 f i umodsys_lib_libmedia:umodsys.mod.media.stdio.obj
 0001:00000868       ?root_is_interface_supported@RStreamReader_FILE@stdio@media@modules@UModSys@@UEBA_NPEBUSUniquePointerInfo@core@5@@Z 0000000140001868 f i umodsys_lib_libmedia:umodsys.mod.media.stdio.obj
 0001:00000898       ??0RStreamReader_FILE@stdio@media@modules@UModSys@@QEAA@PEAUIModObject@base@4@AEBUSParameters@core@4@@Z 0000000140001898 f i umodsys_lib_libmedia:umodsys.mod.media.stdio.obj
 0001:00000994       ?reader_seek@RStreamReader_FILE@stdio@media@modules@UModSys@@UEAA_N_J@Z 0000000140001994 f i umodsys_lib_libmedia:umodsys.mod.media.stdio.obj
 0001:000009c0       ?reader_seekend@RStreamReader_FILE@stdio@media@modules@UModSys@@UEAA_N_J@Z 00000001400019c0 f i umodsys_lib_libmedia:umodsys.mod.media.stdio.obj
 0001:000009f0       ?reader_seekdelta@RStreamReader_FILE@stdio@media@modules@UModSys@@UEAA_N_J@Z 00000001400019f0 f i umodsys_lib_libmedia:umodsys.mod.media.stdio.obj
 0001:00000a1c       ?reader_pos@RStreamReader_FILE@stdio@media@modules@UModSys@@UEAA_JXZ 0000000140001a1c f i umodsys_lib_libmedia:umodsys.mod.media.stdio.obj
 0001:00000a38       ?reader_size@RStreamReader_FILE@stdio@media@modules@UModSys@@UEAA_JXZ 0000000140001a38 f i umodsys_lib_libmedia:umodsys.mod.media.stdio.obj
 0001:00000a40       ?reader_read@RStreamReader_FILE@stdio@media@modules@UModSys@@UEAA_NPEAX_K@Z 0000000140001a40 f i umodsys_lib_libmedia:umodsys.mod.media.stdio.obj
 0001:00000ac0       ?reader_close@RStreamReader_FILE@stdio@media@modules@UModSys@@UEAAXXZ 0000000140001ac0 f i umodsys_lib_libmedia:umodsys.mod.media.stdio.obj
 0001:00000ae4       ??_ERStreamReader_FILE@stdio@media@modules@UModSys@@UEAAPEAXI@Z 0000000140001ae4 f i  CIL library: CIL module
 0001:00000ae4       ??_GRStreamReader_FILE@stdio@media@modules@UModSys@@UEAAPEAXI@Z 0000000140001ae4 f i umodsys_lib_libmedia:umodsys.mod.media.stdio.obj
 0001:00000b38       ??_GRGenerator@stdlib@media@modules@UModSys@@UEAAPEAXI@Z 0000000140001b38 f i umodsys_lib_libmedia:umodsys.mod.media.stdlib.obj
 0001:00000b38       ??_GRParameters@rsystem@base@UModSys@@UEAAPEAXI@Z 0000000140001b38 f i umodsys_lib_basesys:umodsys.basesys.rparameters.obj
 0001:00000b38       ??_ERParameters@rsystem@base@UModSys@@UEAAPEAXI@Z 0000000140001b38 f i  CIL library: CIL module
 0001:00000b38       ??_ERGenerator@stdlib@media@modules@UModSys@@UEAAPEAXI@Z 0000000140001b38 f i  CIL library: CIL module
 0001:00000b38       ??_EIRoot@core@UModSys@@UEAAPEAXI@Z 0000000140001b38 f i  CIL library: CIL module
 0001:00000b38       ??_GIRoot@core@UModSys@@UEAAPEAXI@Z 0000000140001b38 f i umodsys_lib_libmedia:umodsys.mod.media.stdio.obj
 0001:00000b38       ??_GRGenerator@stdio@media@modules@UModSys@@UEAAPEAXI@Z 0000000140001b38 f i umodsys_lib_libmedia:umodsys.mod.media.stdio.obj
 0001:00000b38       ??_ERGenerator@stdio@media@modules@UModSys@@UEAAPEAXI@Z 0000000140001b38 f i  CIL library: CIL module
 0001:00000b60       ?root_get_interface_info@RStreamWriter_FILE@stdio@media@modules@UModSys@@UEBAAEBUSUniquePointerInfo@core@5@XZ 0000000140001b60 f i umodsys_lib_libmedia:umodsys.mod.media.stdio.obj
 0001:00000b68       ?root_get_interface_type@RStreamWriter_FILE@stdio@media@modules@UModSys@@UEBAPEBUSUniquePointerInfo@core@5@XZ 0000000140001b68 f i umodsys_lib_libmedia:umodsys.mod.media.stdio.obj
 0001:00000b70       ?root_get_other_interface@RStreamWriter_FILE@stdio@media@modules@UModSys@@UEBAPEBUIRoot@core@5@PEBUSUniquePointerInfo@75@@Z 0000000140001b70 f i umodsys_lib_libmedia:umodsys.mod.media.stdio.obj
 0001:00000b70       ?root_get_other_interface@RStreamWriter_FILE@stdio@media@modules@UModSys@@UEAAPEAUIRoot@core@5@PEBUSUniquePointerInfo@75@@Z 0000000140001b70 f i umodsys_lib_libmedia:umodsys.mod.media.stdio.obj
 0001:00000ba0       ?root_is_interface_supported@RStreamWriter_FILE@stdio@media@modules@UModSys@@UEBA_NPEBUSUniquePointerInfo@core@5@@Z 0000000140001ba0 f i umodsys_lib_libmedia:umodsys.mod.media.stdio.obj
 0001:00000bd0       ?ref_remove@RGenerator@stdio@media@modules@UModSys@@UEBAXXZ 0000000140001bd0 f i umodsys_lib_libmedia:umodsys.mod.media.stdio.obj
 0001:00000bd0       ?ref_remove@RStreamWriter_FILE@stdio@media@modules@UModSys@@UEBAXXZ 0000000140001bd0 f i umodsys_lib_libmedia:umodsys.mod.media.stdio.obj
 0001:00000bd0       ?ref_remove@RUtilities@stdlib@media@modules@UModSys@@UEBAXXZ 0000000140001bd0 f i umodsys_lib_libmedia:umodsys.mod.media.stdlib.obj
 0001:00000bd0       ?ref_remove@RGenerator@stdlib@media@modules@UModSys@@UEBAXXZ 0000000140001bd0 f i umodsys_lib_libmedia:umodsys.mod.media.stdlib.obj
 0001:00000bd0       ?ref_remove@RStreamReader_FILE@stdio@media@modules@UModSys@@UEBAXXZ 0000000140001bd0 f i umodsys_lib_libmedia:umodsys.mod.media.stdio.obj
 0001:00000be8       ??0RStreamWriter_FILE@stdio@media@modules@UModSys@@QEAA@PEAUIModObject@base@4@AEBUSParameters@core@4@@Z 0000000140001be8 f i umodsys_lib_libmedia:umodsys.mod.media.stdio.obj
 0001:00000cd8       ?open@RStreamWriter_FILE@stdio@media@modules@UModSys@@QEAAXPEBD_N@Z 0000000140001cd8 f i umodsys_lib_libmedia:umodsys.mod.media.stdio.obj
 0001:00000d7c       ?writer_seek@RStreamWriter_FILE@stdio@media@modules@UModSys@@UEAA_N_J@Z 0000000140001d7c f i umodsys_lib_libmedia:umodsys.mod.media.stdio.obj
 0001:00000da8       ?writer_seekend@RStreamWriter_FILE@stdio@media@modules@UModSys@@UEAA_N_J@Z 0000000140001da8 f i umodsys_lib_libmedia:umodsys.mod.media.stdio.obj
 0001:00000dd8       ?writer_seekdelta@RStreamWriter_FILE@stdio@media@modules@UModSys@@UEAA_N_J@Z 0000000140001dd8 f i umodsys_lib_libmedia:umodsys.mod.media.stdio.obj
 0001:00000e04       ?writer_setsize@RStreamWriter_FILE@stdio@media@modules@UModSys@@UEAA_N_J@Z 0000000140001e04 f i umodsys_lib_libmedia:umodsys.mod.media.stdio.obj
 0001:00000e58       ?writer_pos@RStreamWriter_FILE@stdio@media@modules@UModSys@@UEAA_JXZ 0000000140001e58 f i umodsys_lib_libmedia:umodsys.mod.media.stdio.obj
 0001:00000e74       ?writer_size@RStreamWriter_FILE@stdio@media@modules@UModSys@@UEAA_JXZ 0000000140001e74 f i umodsys_lib_libmedia:umodsys.mod.media.stdio.obj
 0001:00000ef4       ?writer_write@RStreamWriter_FILE@stdio@media@modules@UModSys@@UEAA_NPEBX_K@Z 0000000140001ef4 f i umodsys_lib_libmedia:umodsys.mod.media.stdio.obj
 0001:00000f74       ?writer_copy@RStreamWriter_FILE@stdio@media@modules@UModSys@@UEAA_NPEAUIStreamReader@libmedia@5@_J@Z 0000000140001f74 f i umodsys_lib_libmedia:umodsys.mod.media.stdio.obj
 0001:00001014       ?writer_copy@RStreamWriter_FILE@stdio@media@modules@UModSys@@UEAA_NPEAUIStreamReader@libmedia@5@_J1@Z 0000000140002014 f i umodsys_lib_libmedia:umodsys.mod.media.stdio.obj
 0001:00001068       ?writer_close@RStreamWriter_FILE@stdio@media@modules@UModSys@@UEAAXXZ 0000000140002068 f i umodsys_lib_libmedia:umodsys.mod.media.stdio.obj
 0001:000010a4       ?writer_abort@RStreamWriter_FILE@stdio@media@modules@UModSys@@UEAAXXZ 00000001400020a4 f i umodsys_lib_libmedia:umodsys.mod.media.stdio.obj
 0001:000010e0       ??_GRStreamWriter_FILE@stdio@media@modules@UModSys@@UEAAPEAXI@Z 00000001400020e0 f i umodsys_lib_libmedia:umodsys.mod.media.stdio.obj
 0001:000010e0       ??_ERStreamWriter_FILE@stdio@media@modules@UModSys@@UEAAPEAXI@Z 00000001400020e0 f i  CIL library: CIL module
 0001:00001158       ?root_get_interface_info@RDataArchiver_OsDir@stdio@media@modules@UModSys@@UEBAAEBUSUniquePointerInfo@core@5@XZ 0000000140002158 f i umodsys_lib_libmedia:umodsys.mod.media.stdio.obj
 0001:00001160       ?root_get_interface_type@RDataArchiver_OsDir@stdio@media@modules@UModSys@@UEBAPEBUSUniquePointerInfo@core@5@XZ 0000000140002160 f i umodsys_lib_libmedia:umodsys.mod.media.stdio.obj
 0001:00001168       ?root_get_other_interface@RDataArchiver_OsDir@stdio@media@modules@UModSys@@UEBAPEBUIRoot@core@5@PEBUSUniquePointerInfo@75@@Z 0000000140002168 f i umodsys_lib_libmedia:umodsys.mod.media.stdio.obj
 0001:00001168       ?root_get_other_interface@RDataArchiver_OsDir@stdio@media@modules@UModSys@@UEAAPEAUIRoot@core@5@PEBUSUniquePointerInfo@75@@Z 0000000140002168 f i umodsys_lib_libmedia:umodsys.mod.media.stdio.obj
 0001:000011a0       ?root_is_interface_supported@RDataArchiver_OsDir@stdio@media@modules@UModSys@@UEBA_NPEBUSUniquePointerInfo@core@5@@Z 00000001400021a0 f i umodsys_lib_libmedia:umodsys.mod.media.stdio.obj
 0001:000011d8       ??0RDataArchiver_OsDir@stdio@media@modules@UModSys@@QEAA@PEAUIModObject@base@4@AEBUSParameters@core@4@U?$TFlags4State@USMediaFlagUid@libmedia@UModSys@@I@tl@4@@Z 00000001400021d8 f i umodsys_lib_libmedia:umodsys.mod.media.stdio.obj
 0001:0000144c       ?get_flag@RDataArchiver_OsDir@stdio@media@modules@UModSys@@UEBA?AW4eStates@?$TFlags4State@USMediaFlagUid@libmedia@UModSys@@I@tl@5@H@Z 000000014000244c f i umodsys_lib_libmedia:umodsys.mod.media.stdio.obj
 0001:00001458       ?get_flags_auto@RDataArchiver_OsDir@stdio@media@modules@UModSys@@UEBA?AU?$TFlags4State@USMediaFlagUid@libmedia@UModSys@@I@tl@5@XZ 0000000140002458 f i umodsys_lib_libmedia:umodsys.mod.media.stdio.obj
 0001:00001464       ?set_flag@RDataArchiver_OsDir@stdio@media@modules@UModSys@@UEAA?AW4eStates@?$TFlags4State@USMediaFlagUid@libmedia@UModSys@@I@tl@5@HW46785@@Z 0000000140002464 f i umodsys_lib_libmedia:umodsys.mod.media.stdio.obj
 0001:0000148c       ?data_load@RDataArchiver_OsDir@stdio@media@modules@UModSys@@UEAA_NAEBU?$TString@U?$TSCoreConst@D@su@tl@UModSys@@U?$TComparerBinaryHash@D@234@@tl@5@AEAUSCMemShared@core@5@AEBUSFlags@libmedia@5@@Z 000000014000248c f i umodsys_lib_libmedia:umodsys.mod.media.stdio.obj
 0001:000014ec       ?data_save@RDataArchiver_OsDir@stdio@media@modules@UModSys@@UEAA_NAEBU?$TString@U?$TSCoreConst@D@su@tl@UModSys@@U?$TComparerBinaryHash@D@234@@tl@5@AEBUSCMem@core@5@AEBUSFlags@libmedia@5@@Z 00000001400024ec f i umodsys_lib_libmedia:umodsys.mod.media.stdio.obj
 0001:00001584       ?data_reader@RDataArchiver_OsDir@stdio@media@modules@UModSys@@UEAA?AU?$TRefObject@UIStreamReader@libmedia@UModSys@@U?$TRefObjectFunc@UIStreamReader@libmedia@UModSys@@@tl@3@@tl@5@AEBU?$TString@U?$TSCoreConst@D@su@tl@UModSys@@U?$TComparerBinaryHash@D@234@@75@AEBUSFlags@libmedia@5@@Z 0000000140002584 f i umodsys_lib_libmedia:umodsys.mod.media.stdio.obj
 0001:00001798       ?data_writer@RDataArchiver_OsDir@stdio@media@modules@UModSys@@UEAA?AU?$TRefObject@UIStreamWriter@libmedia@UModSys@@U?$TRefObjectFunc@UIStreamWriter@libmedia@UModSys@@@tl@3@@tl@5@AEBU?$TString@U?$TSCoreConst@D@su@tl@UModSys@@U?$TComparerBinaryHash@D@234@@75@AEBUSFlags@libmedia@5@@Z 0000000140002798 f i umodsys_lib_libmedia:umodsys.mod.media.stdio.obj
 0001:000019e4       ?data_list@RDataArchiver_OsDir@stdio@media@modules@UModSys@@UEAA_NAEBU?$TString@U?$TSCoreConst@D@su@tl@UModSys@@U?$TComparerBinaryHash@D@234@@tl@5@_KAEAUSFileInfo@libmedia@5@AEBUSFlags@95@@Z 00000001400029e4 f i umodsys_lib_libmedia:umodsys.mod.media.stdio.obj
 0001:000019e4       ?data_list@RDataArchiver_OsDir@stdio@media@modules@UModSys@@UEAA_NAEBU?$TString@U?$TSCoreConst@D@su@tl@UModSys@@U?$TComparerBinaryHash@D@234@@tl@5@_KAEAU?$TIStackSocket@USFileInfo@libmedia@UModSys@@@75@AEBUSFlags@libmedia@5@@Z 00000001400029e4 f i umodsys_lib_libmedia:umodsys.mod.media.stdio.obj
 0001:00001a38       ?get_permissions@RDataArchiver_OsDir@stdio@media@modules@UModSys@@UEAAHXZ 0000000140002a38 f i umodsys_lib_libmedia:umodsys.mod.media.stdio.obj
 0001:00001a3c       ??_GRDataArchiver_OsDir@stdio@media@modules@UModSys@@UEAAPEAXI@Z 0000000140002a3c f i umodsys_lib_libmedia:umodsys.mod.media.stdio.obj
 0001:00001a3c       ??_ERDataArchiver_OsDir@stdio@media@modules@UModSys@@UEAAPEAXI@Z 0000000140002a3c f i  CIL library: CIL module
 0001:00001ab4       ?get_generated_names@RGenerator@stdio@media@modules@UModSys@@UEBAHAEAUSUniquePtrList@core@5@@Z 0000000140002ab4 f i umodsys_lib_libmedia:umodsys.mod.media.stdio.obj
 0001:00001af8       ?get_generated_types@RGenerator@stdio@media@modules@UModSys@@UEBAHAEAUSUniquePtrList@core@5@PEBUSUniquePointerInfo@75@@Z 0000000140002af8 f i umodsys_lib_libmedia:umodsys.mod.media.stdio.obj
 0001:00001bc4       ?generate@RGenerator@stdio@media@modules@UModSys@@UEAA_NAEAU?$TRefObject@UIRefObject@core@UModSys@@U?$TRefObjectFunc@UIRefObject@core@UModSys@@@tl@3@@tl@5@PEBUSUniquePointerInfo@core@5@AEBUSParameters@95@@Z 0000000140002bc4 f i umodsys_lib_libmedia:umodsys.mod.media.stdio.obj
 0001:00001da4       ?root_get_interface_info@RGenerator@stdio@media@modules@UModSys@@UEBAAEBUSUniquePointerInfo@core@5@XZ 0000000140002da4 f i umodsys_lib_libmedia:umodsys.mod.media.stdio.obj
 0001:00001dac       ?root_get_interface_type@RGenerator@stdio@media@modules@UModSys@@UEBAPEBUSUniquePointerInfo@core@5@XZ 0000000140002dac f i umodsys_lib_libmedia:umodsys.mod.media.stdio.obj
 0001:00001db4       ?root_get_other_interface@RGenerator@stdio@media@modules@UModSys@@UEAAPEAUIRoot@core@5@PEBUSUniquePointerInfo@75@@Z 0000000140002db4 f i umodsys_lib_libmedia:umodsys.mod.media.stdio.obj
 0001:00001db4       ?root_get_other_interface@RGenerator@stdio@media@modules@UModSys@@UEBAPEBUIRoot@core@5@PEBUSUniquePointerInfo@75@@Z 0000000140002db4 f i umodsys_lib_libmedia:umodsys.mod.media.stdio.obj
 0001:00001dec       ?root_is_interface_supported@RGenerator@stdio@media@modules@UModSys@@UEBA_NPEBUSUniquePointerInfo@core@5@@Z 0000000140002dec f i umodsys_lib_libmedia:umodsys.mod.media.stdio.obj
 0001:00001e24       ?ref_add@RGenerator@stdio@media@modules@UModSys@@UEBAXXZ 0000000140002e24 f i umodsys_lib_libmedia:umodsys.mod.media.stdio.obj
 0001:00001e24       ?ref_add@RStreamWriter_FILE@stdio@media@modules@UModSys@@UEBAXXZ 0000000140002e24 f i umodsys_lib_libmedia:umodsys.mod.media.stdio.obj
 0001:00001e24       ?ref_add@RGenerator@stdlib@media@modules@UModSys@@UEBAXXZ 0000000140002e24 f i umodsys_lib_libmedia:umodsys.mod.media.stdlib.obj
 0001:00001e24       ?ref_add@RUtilities@stdlib@media@modules@UModSys@@UEBAXXZ 0000000140002e24 f i umodsys_lib_libmedia:umodsys.mod.media.stdlib.obj
 0001:00001e24       ?ref_add@RStreamReader_FILE@stdio@media@modules@UModSys@@UEBAXXZ 0000000140002e24 f i umodsys_lib_libmedia:umodsys.mod.media.stdio.obj
 0001:00001e28       ?ref_weak@RGenerator@stdio@media@modules@UModSys@@UEBA_NAEAUWeakPointer@IRefObject@core@5@@Z 0000000140002e28 f i umodsys_lib_libmedia:umodsys.mod.media.stdio.obj
 0001:00001e28       ?ref_weak@RStreamReader_FILE@stdio@media@modules@UModSys@@UEBA_NAEAUWeakPointer@IRefObject@core@5@@Z 0000000140002e28 f i umodsys_lib_libmedia:umodsys.mod.media.stdio.obj
 0001:00001e28       ?ref_weak@RStreamWriter_FILE@stdio@media@modules@UModSys@@UEBA_NAEAUWeakPointer@IRefObject@core@5@@Z 0000000140002e28 f i umodsys_lib_libmedia:umodsys.mod.media.stdio.obj
 0001:00001e28       ?ref_weak@RUtilities@stdlib@media@modules@UModSys@@UEBA_NAEAUWeakPointer@IRefObject@core@5@@Z 0000000140002e28 f i umodsys_lib_libmedia:umodsys.mod.media.stdlib.obj
 0001:00001e28       ?ref_weak@RGenerator@stdlib@media@modules@UModSys@@UEBA_NAEAUWeakPointer@IRefObject@core@5@@Z 0000000140002e28 f i umodsys_lib_libmedia:umodsys.mod.media.stdlib.obj
 0001:00001e48       ?get_uid@RGenerator@stdio@media@modules@UModSys@@UEBAPEBUSUniquePointerInfo@core@5@XZ 0000000140002e48 f i umodsys_lib_libmedia:umodsys.mod.media.stdio.obj
 0001:00001e50       ?do_open@RModuleReg@stdio@media@modules@UModSys@@UEAA_NXZ 0000000140002e50 f i umodsys_lib_libmedia:umodsys.mod.media.stdio.obj
 0001:00001ec4       ?do_close@RModuleReg@stdio@media@modules@UModSys@@UEAA_NXZ 0000000140002ec4 f i umodsys_lib_libmedia:umodsys.mod.media.stdio.obj
 0001:00001f14       ?get_module@RGenerator@stdio@media@modules@UModSys@@UEBAPEAUIModule@base@5@XZ 0000000140002f14 f   umodsys_lib_libmedia:umodsys.mod.media.stdio.obj
 0001:00001f1c       ?mod_inc@RGenerator@stdio@media@modules@UModSys@@UEBA_NXZ 0000000140002f1c f   umodsys_lib_libmedia:umodsys.mod.media.stdio.obj
 0001:00001f2c       ?mod_dec@RGenerator@stdio@media@modules@UModSys@@UEBA_NXZ 0000000140002f2c f   umodsys_lib_libmedia:umodsys.mod.media.stdio.obj
 0001:00001f40       ?s_holder@RGenerator@stdio@media@modules@UModSys@@SAAEAU?$TTypeStaticHolder@URGenerator@stdio@media@modules@UModSys@@@tl@5@XZ 0000000140002f40 f   umodsys_lib_libmedia:umodsys.mod.media.stdio.obj
 0001:00001f84       ?info_release@?$TSCoreShared@USIMemAlloc@core@UModSys@@D@su@tl@UModSys@@QEAAXXZ 0000000140002f84 f i umodsys_lib_libmedia:umodsys.mod.media.stdio.obj
 0001:00002058       ?info_new@?$TSCoreShared@USIMemAlloc@core@UModSys@@D@su@tl@UModSys@@QEAA_NPEBD_K@Z 0000000140003058 f i umodsys_lib_libmedia:umodsys.mod.media.stdio.obj
 0001:0000212c       ??$t_gen_param@URStreamWriter_FILE@stdio@media@modules@UModSys@@URGenerator@2345@@IGenerator@base@UModSys@@IEAA_NPEAURGenerator@stdio@media@modules@2@AEAU?$TRefObject@UIRefObject@core@UModSys@@U?$TRefObjectFunc@UIRefObject@core@UModSys@@@tl@3@@tl@2@PEBUSUniquePointerInfo@core@2@AEBUSParameters@core@2@@Z 000000014000312c f i umodsys_lib_libmedia:umodsys.mod.media.stdio.obj
 0001:00002220       ??1?$TRefObject@UIModObject@base@UModSys@@U?$TModObjectFunc@UIModObject@base@UModSys@@@tl@3@@tl@UModSys@@QEAA@XZ 0000000140003220 f i umodsys_lib_libmedia:umodsys.mod.media.stdio.obj
 0001:0000224c       ??1SFileInfo@libmedia@UModSys@@QEAA@XZ 000000014000324c f i umodsys_lib_libmedia:umodsys.mod.media.stdlib.obj
 0001:00002290       ?get_flag@RResolverChain@SFlagsChain@libmedia@UModSys@@UEBA?AW4eStates@?$TFlags4State@USMediaFlagUid@libmedia@UModSys@@I@tl@4@H@Z 0000000140003290 f i umodsys_lib_libmedia:umodsys.mod.media.stdlib.obj
 0001:000022d0       ?bin_reader@ILibrary@libmedia@UModSys@@QEAA?AU?$TRefObject@UIStreamReader@libmedia@UModSys@@U?$TRefObjectFunc@UIStreamReader@libmedia@UModSys@@@tl@3@@tl@3@AEBU?$TString@U?$TSCoreConst@D@su@tl@UModSys@@U?$TComparerBinaryHash@D@234@@53@AEBU?$TFlags4State@USMediaFlagUid@libmedia@UModSys@@I@53@@Z 00000001400032d0 f i umodsys_lib_libmedia:umodsys.mod.media.stdlib.obj
 0001:0000230c       ?bin_writer@ILibrary@libmedia@UModSys@@QEAA?AU?$TRefObject@UIStreamWriter@libmedia@UModSys@@U?$TRefObjectFunc@UIStreamWriter@libmedia@UModSys@@@tl@3@@tl@3@AEBU?$TString@U?$TSCoreConst@D@su@tl@UModSys@@U?$TComparerBinaryHash@D@234@@53@AEBU?$TFlags4State@USMediaFlagUid@libmedia@UModSys@@I@53@@Z 000000014000330c f i umodsys_lib_libmedia:umodsys.mod.media.stdlib.obj
 0001:00002348       ??1SPoint@ILibraryBinTree@libmedia@UModSys@@QEAA@XZ 0000000140003348 f i umodsys_lib_libmedia:umodsys.mod.media.stdlib.obj
 0001:0000236c       ??0NameNodeCmpUC@IBinArchiveFrame@libmedia@UModSys@@QEAA@AEBU?$TString@U?$TSCoreConst@D@su@tl@UModSys@@U?$TComparerBinaryHash@D@234@@tl@3@@Z 000000014000336c f i umodsys_lib_libmedia:umodsys.mod.media.stdlib.obj
 0001:000023e8       ?root_get_interface_info@RUtilities@stdlib@media@modules@UModSys@@UEBAAEBUSUniquePointerInfo@core@5@XZ 00000001400033e8 f i umodsys_lib_libmedia:umodsys.mod.media.stdlib.obj
 0001:000023f0       ?root_get_interface_type@RUtilities@stdlib@media@modules@UModSys@@UEBAPEBUSUniquePointerInfo@core@5@XZ 00000001400033f0 f i umodsys_lib_libmedia:umodsys.mod.media.stdlib.obj
 0001:000023f8       ?root_get_other_interface@RUtilities@stdlib@media@modules@UModSys@@UEBAPEBUIRoot@core@5@PEBUSUniquePointerInfo@75@@Z 00000001400033f8 f i umodsys_lib_libmedia:umodsys.mod.media.stdlib.obj
 0001:000023f8       ?root_get_other_interface@RUtilities@stdlib@media@modules@UModSys@@UEAAPEAUIRoot@core@5@PEBUSUniquePointerInfo@75@@Z 00000001400033f8 f i umodsys_lib_libmedia:umodsys.mod.media.stdlib.obj
 0001:00002428       ?root_is_interface_supported@RUtilities@stdlib@media@modules@UModSys@@UEBA_NPEBUSUniquePointerInfo@core@5@@Z 0000000140003428 f i umodsys_lib_libmedia:umodsys.mod.media.stdlib.obj
 0001:00002458       ?ref_links@RStreamReader_FILE@stdio@media@modules@UModSys@@UEBAHXZ 0000000140003458 f i umodsys_lib_libmedia:umodsys.mod.media.stdio.obj
 0001:00002458       ?ref_links@RGenerator@stdlib@media@modules@UModSys@@UEBAHXZ 0000000140003458 f i umodsys_lib_libmedia:umodsys.mod.media.stdlib.obj
 0001:00002458       ?ref_links@RStreamWriter_FILE@stdio@media@modules@UModSys@@UEBAHXZ 0000000140003458 f i umodsys_lib_libmedia:umodsys.mod.media.stdio.obj
 0001:00002458       ?ref_links@RUtilities@stdlib@media@modules@UModSys@@UEBAHXZ 0000000140003458 f i umodsys_lib_libmedia:umodsys.mod.media.stdlib.obj
 0001:00002458       ?ref_links@RGenerator@stdio@media@modules@UModSys@@UEBAHXZ 0000000140003458 f i umodsys_lib_libmedia:umodsys.mod.media.stdio.obj
 0001:0000245c       ?suicide@RStreamWriter_FILE@stdio@media@modules@UModSys@@UEAAXXZ 000000014000345c f i umodsys_lib_libmedia:umodsys.mod.media.stdio.obj
 0001:0000245c       ?suicide@RStreamReader_FILE@stdio@media@modules@UModSys@@UEAAXXZ 000000014000345c f i umodsys_lib_libmedia:umodsys.mod.media.stdio.obj
 0001:0000245c       ?suicide@RUtilities@stdlib@media@modules@UModSys@@UEAAXXZ 000000014000345c f i umodsys_lib_libmedia:umodsys.mod.media.stdlib.obj
 0001:000024a8       ?root_get_interface_info@RBinArchiveFrame@stdlib@media@modules@UModSys@@UEBAAEBUSUniquePointerInfo@core@5@XZ 00000001400034a8 f i umodsys_lib_libmedia:umodsys.mod.media.stdlib.obj
 0001:000024b0       ?root_get_interface_type@RBinArchiveFrame@stdlib@media@modules@UModSys@@UEBAPEBUSUniquePointerInfo@core@5@XZ 00000001400034b0 f i umodsys_lib_libmedia:umodsys.mod.media.stdlib.obj
 0001:000024b8       ?root_get_other_interface@RBinArchiveFrame@stdlib@media@modules@UModSys@@UEAAPEAUIRoot@core@5@PEBUSUniquePointerInfo@75@@Z 00000001400034b8 f i umodsys_lib_libmedia:umodsys.mod.media.stdlib.obj
 0001:000024b8       ?root_get_other_interface@RBinArchiveFrame@stdlib@media@modules@UModSys@@UEBAPEBUIRoot@core@5@PEBUSUniquePointerInfo@75@@Z 00000001400034b8 f i umodsys_lib_libmedia:umodsys.mod.media.stdlib.obj
 0001:000024fc       ?root_is_interface_supported@RBinArchiveFrame@stdlib@media@modules@UModSys@@UEBA_NPEBUSUniquePointerInfo@core@5@@Z 00000001400034fc f i umodsys_lib_libmedia:umodsys.mod.media.stdlib.obj
 0001:0000253c       ?ref_add@RBinArchiveFrame@stdlib@media@modules@UModSys@@UEBAXXZ 000000014000353c f i umodsys_lib_libmedia:umodsys.mod.media.stdlib.obj
 0001:00002540       ?ref_remove@RBinArchiveFrame@stdlib@media@modules@UModSys@@UEBAXXZ 0000000140003540 f i umodsys_lib_libmedia:umodsys.mod.media.stdlib.obj
 0001:00002558       ?ref_links@RBinArchiveFrame@stdlib@media@modules@UModSys@@UEBAHXZ 0000000140003558 f i umodsys_lib_libmedia:umodsys.mod.media.stdlib.obj
 0001:0000255c       ?ref_weak@RBinArchiveFrame@stdlib@media@modules@UModSys@@UEBA_NAEAUWeakPointer@IRefObject@core@5@@Z 000000014000355c f i umodsys_lib_libmedia:umodsys.mod.media.stdlib.obj
 0001:0000257c       ?suicide@RBinArchiveFrame@stdlib@media@modules@UModSys@@UEAAXXZ 000000014000357c f i umodsys_lib_libmedia:umodsys.mod.media.stdlib.obj
 0001:000025c8       ??RNN_Add@RBinArchiveFrame@stdlib@media@modules@UModSys@@QEBAPEAUNameNode@IBinArchiveFrame@libmedia@5@AEAUNameNodeCmpUC@785@@Z 00000001400035c8 f i umodsys_lib_libmedia:umodsys.mod.media.stdlib.obj
 0001:00002728       ??RNN_Add@RBinArchiveFrame@stdlib@media@modules@UModSys@@QEBAPEAUNameNode@IBinArchiveFrame@libmedia@5@AEAUNameNodeCmpC@785@@Z 0000000140003728 f i umodsys_lib_libmedia:umodsys.mod.media.stdlib.obj
 0001:0000288c       ?root_get_interface_info@RLibraryBinTree@stdlib@media@modules@UModSys@@UEBAAEBUSUniquePointerInfo@core@5@XZ 000000014000388c f i umodsys_lib_libmedia:umodsys.mod.media.stdlib.obj
 0001:00002894       ?root_get_interface_type@RLibraryBinTree@stdlib@media@modules@UModSys@@UEBAPEBUSUniquePointerInfo@core@5@XZ 0000000140003894 f i umodsys_lib_libmedia:umodsys.mod.media.stdlib.obj
 0001:0000289c       ?root_get_other_interface@RLibraryBinTree@stdlib@media@modules@UModSys@@UEBAPEBUIRoot@core@5@PEBUSUniquePointerInfo@75@@Z 000000014000389c f i umodsys_lib_libmedia:umodsys.mod.media.stdlib.obj
 0001:0000289c       ?root_get_other_interface@RLibraryBinTree@stdlib@media@modules@UModSys@@UEAAPEAUIRoot@core@5@PEBUSUniquePointerInfo@75@@Z 000000014000389c f i umodsys_lib_libmedia:umodsys.mod.media.stdlib.obj
 0001:000028e0       ?root_is_interface_supported@RLibraryBinTree@stdlib@media@modules@UModSys@@UEBA_NPEBUSUniquePointerInfo@core@5@@Z 00000001400038e0 f i umodsys_lib_libmedia:umodsys.mod.media.stdlib.obj
 0001:00002920       ?ref_weak@RDataArchiver_OsDir@stdio@media@modules@UModSys@@UEBA_NAEAUWeakPointer@IRefObject@core@5@@Z 0000000140003920 f i umodsys_lib_libmedia:umodsys.mod.media.stdio.obj
 0001:00002920       ?ref_weak@RLibraryObjCache@stdlib@media@modules@UModSys@@UEBA_NAEAUWeakPointer@IRefObject@core@5@@Z 0000000140003920 f i umodsys_lib_libmedia:umodsys.mod.media.stdlib.obj
 0001:00002920       ?ref_weak@RLibraryLayered@stdlib@media@modules@UModSys@@UEBA_NAEAUWeakPointer@IRefObject@core@5@@Z 0000000140003920 f i umodsys_lib_libmedia:umodsys.mod.media.stdlib.obj
 0001:00002920       ?ref_weak@RLibraryBinTree@stdlib@media@modules@UModSys@@UEBA_NAEAUWeakPointer@IRefObject@core@5@@Z 0000000140003920 f i umodsys_lib_libmedia:umodsys.mod.media.stdlib.obj
 0001:00002920       ?ref_weak@RLibraryBinCache@stdlib@media@modules@UModSys@@UEBA_NAEAUWeakPointer@IRefObject@core@5@@Z 0000000140003920 f i umodsys_lib_libmedia:umodsys.mod.media.stdlib.obj
 0001:00002920       ?ref_weak@RParameters@rsystem@base@UModSys@@UEBA_NAEAUWeakPointer@IRefObject@core@4@@Z 0000000140003920 f i umodsys_lib_basesys:umodsys.basesys.rparameters.obj
 0001:00002920       ?ref_weak@RLibraryObjFilter@stdlib@media@modules@UModSys@@UEBA_NAEAUWeakPointer@IRefObject@core@5@@Z 0000000140003920 f i umodsys_lib_libmedia:umodsys.mod.media.stdlib.obj
 0001:00002940       ?root_get_interface_info@RLibraryBinCache@stdlib@media@modules@UModSys@@UEBAAEBUSUniquePointerInfo@core@5@XZ 0000000140003940 f i umodsys_lib_libmedia:umodsys.mod.media.stdlib.obj
 0001:00002948       ?root_get_interface_type@RLibraryBinCache@stdlib@media@modules@UModSys@@UEBAPEBUSUniquePointerInfo@core@5@XZ 0000000140003948 f i umodsys_lib_libmedia:umodsys.mod.media.stdlib.obj
 0001:00002950       ?root_get_other_interface@RLibraryBinCache@stdlib@media@modules@UModSys@@UEBAPEBUIRoot@core@5@PEBUSUniquePointerInfo@75@@Z 0000000140003950 f i umodsys_lib_libmedia:umodsys.mod.media.stdlib.obj
 0001:00002950       ?root_get_other_interface@RLibraryBinCache@stdlib@media@modules@UModSys@@UEAAPEAUIRoot@core@5@PEBUSUniquePointerInfo@75@@Z 0000000140003950 f i umodsys_lib_libmedia:umodsys.mod.media.stdlib.obj
 0001:00002994       ?root_is_interface_supported@RLibraryBinCache@stdlib@media@modules@UModSys@@UEBA_NPEBUSUniquePointerInfo@core@5@@Z 0000000140003994 f i umodsys_lib_libmedia:umodsys.mod.media.stdlib.obj
 0001:000029d4       ?root_get_interface_info@RLibraryLayered@stdlib@media@modules@UModSys@@UEBAAEBUSUniquePointerInfo@core@5@XZ 00000001400039d4 f i umodsys_lib_libmedia:umodsys.mod.media.stdlib.obj
 0001:000029dc       ?root_get_interface_type@RLibraryLayered@stdlib@media@modules@UModSys@@UEBAPEBUSUniquePointerInfo@core@5@XZ 00000001400039dc f i umodsys_lib_libmedia:umodsys.mod.media.stdlib.obj
 0001:000029e4       ?root_get_other_interface@RLibraryLayered@stdlib@media@modules@UModSys@@UEBAPEBUIRoot@core@5@PEBUSUniquePointerInfo@75@@Z 00000001400039e4 f i umodsys_lib_libmedia:umodsys.mod.media.stdlib.obj
 0001:000029e4       ?root_get_other_interface@RLibraryLayered@stdlib@media@modules@UModSys@@UEAAPEAUIRoot@core@5@PEBUSUniquePointerInfo@75@@Z 00000001400039e4 f i umodsys_lib_libmedia:umodsys.mod.media.stdlib.obj
 0001:00002a28       ?root_is_interface_supported@RLibraryLayered@stdlib@media@modules@UModSys@@UEBA_NPEBUSUniquePointerInfo@core@5@@Z 0000000140003a28 f i umodsys_lib_libmedia:umodsys.mod.media.stdlib.obj
 0001:00002a68       ?suicide@RLibraryObjFilter@stdlib@media@modules@UModSys@@UEAAXXZ 0000000140003a68 f i umodsys_lib_libmedia:umodsys.mod.media.stdlib.obj
 0001:00002a68       ?suicide@RLibraryBinTree@stdlib@media@modules@UModSys@@UEAAXXZ 0000000140003a68 f i umodsys_lib_libmedia:umodsys.mod.media.stdlib.obj
 0001:00002a68       ?suicide@RLibraryObjCache@stdlib@media@modules@UModSys@@UEAAXXZ 0000000140003a68 f i umodsys_lib_libmedia:umodsys.mod.media.stdlib.obj
 0001:00002a68       ?suicide@RLibraryLayered@stdlib@media@modules@UModSys@@UEAAXXZ 0000000140003a68 f i umodsys_lib_libmedia:umodsys.mod.media.stdlib.obj
 0001:00002a68       ?suicide@RLibraryBinCache@stdlib@media@modules@UModSys@@UEAAXXZ 0000000140003a68 f i umodsys_lib_libmedia:umodsys.mod.media.stdlib.obj
 0001:00002a68       ?suicide@RDataArchiver_OsDir@stdio@media@modules@UModSys@@UEAAXXZ 0000000140003a68 f i umodsys_lib_libmedia:umodsys.mod.media.stdio.obj
 0001:00002ab4       ?root_get_interface_info@RLibraryObjCache@stdlib@media@modules@UModSys@@UEBAAEBUSUniquePointerInfo@core@5@XZ 0000000140003ab4 f i umodsys_lib_libmedia:umodsys.mod.media.stdlib.obj
 0001:00002abc       ?root_get_interface_type@RLibraryObjCache@stdlib@media@modules@UModSys@@UEBAPEBUSUniquePointerInfo@core@5@XZ 0000000140003abc f i umodsys_lib_libmedia:umodsys.mod.media.stdlib.obj
 0001:00002ac4       ?root_get_other_interface@RLibraryObjCache@stdlib@media@modules@UModSys@@UEBAPEBUIRoot@core@5@PEBUSUniquePointerInfo@75@@Z 0000000140003ac4 f i umodsys_lib_libmedia:umodsys.mod.media.stdlib.obj
 0001:00002ac4       ?root_get_other_interface@RLibraryObjCache@stdlib@media@modules@UModSys@@UEAAPEAUIRoot@core@5@PEBUSUniquePointerInfo@75@@Z 0000000140003ac4 f i umodsys_lib_libmedia:umodsys.mod.media.stdlib.obj
 0001:00002b08       ?root_is_interface_supported@RLibraryObjCache@stdlib@media@modules@UModSys@@UEBA_NPEBUSUniquePointerInfo@core@5@@Z 0000000140003b08 f i umodsys_lib_libmedia:umodsys.mod.media.stdlib.obj
 0001:00002b48       ?ref_remove@RLibraryLayered@stdlib@media@modules@UModSys@@UEBAXXZ 0000000140003b48 f i umodsys_lib_libmedia:umodsys.mod.media.stdlib.obj
 0001:00002b48       ?ref_remove@RLibraryBinCache@stdlib@media@modules@UModSys@@UEBAXXZ 0000000140003b48 f i umodsys_lib_libmedia:umodsys.mod.media.stdlib.obj
 0001:00002b48       ?ref_remove@RParameters@rsystem@base@UModSys@@UEBAXXZ 0000000140003b48 f i umodsys_lib_basesys:umodsys.basesys.rparameters.obj
 0001:00002b48       ?ref_remove@RDataArchiver_OsDir@stdio@media@modules@UModSys@@UEBAXXZ 0000000140003b48 f i umodsys_lib_libmedia:umodsys.mod.media.stdio.obj
 0001:00002b48       ?ref_remove@RLibraryObjCache@stdlib@media@modules@UModSys@@UEBAXXZ 0000000140003b48 f i umodsys_lib_libmedia:umodsys.mod.media.stdlib.obj
 0001:00002b48       ?ref_remove@RLibraryBinTree@stdlib@media@modules@UModSys@@UEBAXXZ 0000000140003b48 f i umodsys_lib_libmedia:umodsys.mod.media.stdlib.obj
 0001:00002b48       ?ref_remove@RLibraryObjFilter@stdlib@media@modules@UModSys@@UEBAXXZ 0000000140003b48 f i umodsys_lib_libmedia:umodsys.mod.media.stdlib.obj
 0001:00002b60       ?root_get_interface_info@RLibraryObjFilter@stdlib@media@modules@UModSys@@UEBAAEBUSUniquePointerInfo@core@5@XZ 0000000140003b60 f i umodsys_lib_libmedia:umodsys.mod.media.stdlib.obj
 0001:00002b68       ?root_get_interface_type@RLibraryObjFilter@stdlib@media@modules@UModSys@@UEBAPEBUSUniquePointerInfo@core@5@XZ 0000000140003b68 f i umodsys_lib_libmedia:umodsys.mod.media.stdlib.obj
 0001:00002b70       ?root_get_other_interface@RLibraryObjFilter@stdlib@media@modules@UModSys@@UEAAPEAUIRoot@core@5@PEBUSUniquePointerInfo@75@@Z 0000000140003b70 f i umodsys_lib_libmedia:umodsys.mod.media.stdlib.obj
 0001:00002b70       ?root_get_other_interface@RLibraryObjFilter@stdlib@media@modules@UModSys@@UEBAPEBUIRoot@core@5@PEBUSUniquePointerInfo@75@@Z 0000000140003b70 f i umodsys_lib_libmedia:umodsys.mod.media.stdlib.obj
 0001:00002bb4       ?root_is_interface_supported@RLibraryObjFilter@stdlib@media@modules@UModSys@@UEBA_NPEBUSUniquePointerInfo@core@5@@Z 0000000140003bb4 f i umodsys_lib_libmedia:umodsys.mod.media.stdlib.obj
 0001:00002bf4       ?ref_add@RLibraryBinTree@stdlib@media@modules@UModSys@@UEBAXXZ 0000000140003bf4 f i umodsys_lib_libmedia:umodsys.mod.media.stdlib.obj
 0001:00002bf4       ?ref_add@RLibraryObjFilter@stdlib@media@modules@UModSys@@UEBAXXZ 0000000140003bf4 f i umodsys_lib_libmedia:umodsys.mod.media.stdlib.obj
 0001:00002bf4       ?ref_add@RParameters@rsystem@base@UModSys@@UEBAXXZ 0000000140003bf4 f i umodsys_lib_basesys:umodsys.basesys.rparameters.obj
 0001:00002bf4       ?ref_add@RLibraryBinCache@stdlib@media@modules@UModSys@@UEBAXXZ 0000000140003bf4 f i umodsys_lib_libmedia:umodsys.mod.media.stdlib.obj
 0001:00002bf4       ?ref_add@RLibraryObjCache@stdlib@media@modules@UModSys@@UEBAXXZ 0000000140003bf4 f i umodsys_lib_libmedia:umodsys.mod.media.stdlib.obj
 0001:00002bf4       ?ref_add@RLibraryLayered@stdlib@media@modules@UModSys@@UEBAXXZ 0000000140003bf4 f i umodsys_lib_libmedia:umodsys.mod.media.stdlib.obj
 0001:00002bf4       ?ref_add@RDataArchiver_OsDir@stdio@media@modules@UModSys@@UEBAXXZ 0000000140003bf4 f i umodsys_lib_libmedia:umodsys.mod.media.stdio.obj
 0001:00002bf8       ?get_generated_names@RGenerator@stdlib@media@modules@UModSys@@UEBAHAEAUSUniquePtrList@core@5@@Z 0000000140003bf8 f i umodsys_lib_libmedia:umodsys.mod.media.stdlib.obj
 0001:00002c78       ?get_generated_types@RGenerator@stdlib@media@modules@UModSys@@UEBAHAEAUSUniquePtrList@core@5@PEBUSUniquePointerInfo@75@@Z 0000000140003c78 f i umodsys_lib_libmedia:umodsys.mod.media.stdlib.obj
 0001:00002de4       ?generate@RGenerator@stdlib@media@modules@UModSys@@UEAA_NAEAU?$TRefObject@UIRefObject@core@UModSys@@U?$TRefObjectFunc@UIRefObject@core@UModSys@@@tl@3@@tl@5@PEBUSUniquePointerInfo@core@5@AEBUSParameters@95@@Z 0000000140003de4 f i umodsys_lib_libmedia:umodsys.mod.media.stdlib.obj
 0001:00003060       ?root_get_interface_info@RGenerator@stdlib@media@modules@UModSys@@UEBAAEBUSUniquePointerInfo@core@5@XZ 0000000140004060 f i umodsys_lib_libmedia:umodsys.mod.media.stdlib.obj
 0001:00003068       ?root_get_interface_type@RGenerator@stdlib@media@modules@UModSys@@UEBAPEBUSUniquePointerInfo@core@5@XZ 0000000140004068 f i umodsys_lib_libmedia:umodsys.mod.media.stdlib.obj
 0001:00003070       ?root_get_other_interface@RGenerator@stdlib@media@modules@UModSys@@UEBAPEBUIRoot@core@5@PEBUSUniquePointerInfo@75@@Z 0000000140004070 f i umodsys_lib_libmedia:umodsys.mod.media.stdlib.obj
 0001:00003070       ?root_get_other_interface@RGenerator@stdlib@media@modules@UModSys@@UEAAPEAUIRoot@core@5@PEBUSUniquePointerInfo@75@@Z 0000000140004070 f i umodsys_lib_libmedia:umodsys.mod.media.stdlib.obj
 0001:000030a8       ?root_is_interface_supported@RGenerator@stdlib@media@modules@UModSys@@UEBA_NPEBUSUniquePointerInfo@core@5@@Z 00000001400040a8 f i umodsys_lib_libmedia:umodsys.mod.media.stdlib.obj
 0001:000030e0       ?get_uid@RGenerator@stdlib@media@modules@UModSys@@UEBAPEBUSUniquePointerInfo@core@5@XZ 00000001400040e0 f i umodsys_lib_libmedia:umodsys.mod.media.stdlib.obj
 0001:000030e8       ?buffer_free@RUtilities@stdlib@media@modules@UModSys@@UEAA_NAEAUSBuffer@libmedia@5@PEBUSSourceContext@core@5@@Z 00000001400040e8 f   umodsys_lib_libmedia:umodsys.mod.media.stdlib.obj
 0001:00003134       ?buffer_alloc@RUtilities@stdlib@media@modules@UModSys@@UEAA_NAEAUSBuffer@libmedia@5@_KPEBUSSourceContext@core@5@@Z 0000000140004134 f   umodsys_lib_libmedia:umodsys.mod.media.stdlib.obj
 0001:0000323c       ?sub_reader@RUtilities@stdlib@media@modules@UModSys@@UEAA?AU?$TRefObject@UIStreamReader@libmedia@UModSys@@U?$TRefObjectFunc@UIStreamReader@libmedia@UModSys@@@tl@3@@tl@5@PEAUIStreamReader@libmedia@5@_J1@Z 000000014000423c f   umodsys_lib_libmedia:umodsys.mod.media.stdlib.obj
 0001:0000323c       ?bin_reader@RLibraryBinCache@stdlib@media@modules@UModSys@@UEAA?AU?$TRefObject@UIStreamReader@libmedia@UModSys@@U?$TRefObjectFunc@UIStreamReader@libmedia@UModSys@@@tl@3@@tl@5@AEBU?$TString@U?$TSCoreConst@D@su@tl@UModSys@@U?$TComparerBinaryHash@D@234@@75@AEBUSFlags@libmedia@5@@Z 000000014000423c f   umodsys_lib_libmedia:umodsys.mod.media.stdlib.obj
 0001:0000323c       ?bin_writer@ILibrary@libmedia@UModSys@@UEAA?AU?$TRefObject@UIStreamWriter@libmedia@UModSys@@U?$TRefObjectFunc@UIStreamWriter@libmedia@UModSys@@@tl@3@@tl@3@AEBU?$TString@U?$TSCoreConst@D@su@tl@UModSys@@U?$TComparerBinaryHash@D@234@@53@AEBUSFlags@23@@Z 000000014000423c f   umodsys_lib_libmedia:umodsys.lib.media.library.obj
 0001:0000323c       ?bin_reader@ILibrary@libmedia@UModSys@@UEAA?AU?$TRefObject@UIStreamReader@libmedia@UModSys@@U?$TRefObjectFunc@UIStreamReader@libmedia@UModSys@@@tl@3@@tl@3@AEBU?$TString@U?$TSCoreConst@D@su@tl@UModSys@@U?$TComparerBinaryHash@D@234@@53@AEBUSFlags@23@@Z 000000014000423c f   umodsys_lib_libmedia:umodsys.lib.media.library.obj
 0001:0000323c       ?sub_writer@RUtilities@stdlib@media@modules@UModSys@@UEAA?AU?$TRefObject@UIStreamWriter@libmedia@UModSys@@U?$TRefObjectFunc@UIStreamWriter@libmedia@UModSys@@@tl@3@@tl@5@PEAUIStreamWriter@libmedia@5@_J1@Z 000000014000423c f   umodsys_lib_libmedia:umodsys.mod.media.stdlib.obj
 0001:0000323c       ?mem_writer@RUtilities@stdlib@media@modules@UModSys@@UEAA?AU?$TRefObject@UIStreamWriter@libmedia@UModSys@@U?$TRefObjectFunc@UIStreamWriter@libmedia@UModSys@@@tl@3@@tl@5@PEBUSMem@core@5@PEAUIMemWriterCompleted@IUtilities@libmedia@5@PEAUIRefObject@95@@Z 000000014000423c f   umodsys_lib_libmedia:umodsys.mod.media.stdlib.obj
 0001:0000323c       ?mem_reader@RUtilities@stdlib@media@modules@UModSys@@UEAA?AU?$TRefObject@UIStreamReader@libmedia@UModSys@@U?$TRefObjectFunc@UIStreamReader@libmedia@UModSys@@@tl@3@@tl@5@AEBUSCMem@core@5@@Z 000000014000423c f   umodsys_lib_libmedia:umodsys.mod.media.stdlib.obj
 0001:0000323c       ?mem_reader@RUtilities@stdlib@media@modules@UModSys@@UEAA?AU?$TRefObject@UIStreamReader@libmedia@UModSys@@U?$TRefObjectFunc@UIStreamReader@libmedia@UModSys@@@tl@3@@tl@5@AEBUSCMemShared@core@5@@Z 000000014000423c f   umodsys_lib_libmedia:umodsys.mod.media.stdlib.obj
 0001:0000323c       ?bin_writer@RLibraryBinCache@stdlib@media@modules@UModSys@@UEAA?AU?$TRefObject@UIStreamWriter@libmedia@UModSys@@U?$TRefObjectFunc@UIStreamWriter@libmedia@UModSys@@@tl@3@@tl@5@AEBU?$TString@U?$TSCoreConst@D@su@tl@UModSys@@U?$TComparerBinaryHash@D@234@@75@AEBUSFlags@libmedia@5@@Z 000000014000423c f   umodsys_lib_libmedia:umodsys.mod.media.stdlib.obj
 0001:0000324c       ??_GRUtilities@stdlib@media@modules@UModSys@@UEAAPEAXI@Z 000000014000424c f i umodsys_lib_libmedia:umodsys.mod.media.stdlib.obj
 0001:0000324c       ??_ERUtilities@stdlib@media@modules@UModSys@@UEAAPEAXI@Z 000000014000424c f i  CIL library: CIL module
 0001:000032f4       ??1IModule@base@UModSys@@UEAA@XZ 00000001400042f4 f i umodsys_lib_base:umodsys.base.module.obj
 0001:000032f4       ??1IRefObject@core@UModSys@@UEAA@XZ 00000001400042f4 f i umodsys_lib_core:umodsys.core.objects.obj
 0001:000032f4       ??1IStreamReader@libmedia@UModSys@@UEAA@XZ 00000001400042f4 f i umodsys_lib_libmedia:umodsys.mod.media.stdio.obj
 0001:000032f4       ??1IUtilities@libmedia@UModSys@@UEAA@XZ 00000001400042f4 f i umodsys_lib_libmedia:umodsys.mod.media.stdlib.obj
 0001:000032f4       ??1IStreamWriter@libmedia@UModSys@@UEAA@XZ 00000001400042f4 f i umodsys_lib_libmedia:umodsys.mod.media.stdio.obj
 0001:000032f4       ??1ISystem@base@UModSys@@UEAA@XZ 00000001400042f4 f i umodsys_lib_base:umodsys.base.system.obj
 0001:00003300       ?get_flag@RBinArchiveFrame@stdlib@media@modules@UModSys@@UEBA?AW4eStates@?$TFlags4State@USMediaFlagUid@libmedia@UModSys@@I@tl@5@H@Z 0000000140004300 f   umodsys_lib_libmedia:umodsys.mod.media.stdlib.obj
 0001:00003310       ?get_flags_auto@RBinArchiveFrame@stdlib@media@modules@UModSys@@UEBA?AU?$TFlags4State@USMediaFlagUid@libmedia@UModSys@@I@tl@5@XZ 0000000140004310 f   umodsys_lib_libmedia:umodsys.mod.media.stdlib.obj
 0001:0000331c       ?set_flag@RBinArchiveFrame@stdlib@media@modules@UModSys@@UEAA?AW4eStates@?$TFlags4State@USMediaFlagUid@libmedia@UModSys@@I@tl@5@HW46785@@Z 000000014000431c f   umodsys_lib_libmedia:umodsys.mod.media.stdlib.obj
 0001:00003350       ?data_reader@RBinArchiveFrame@stdlib@media@modules@UModSys@@UEAA?AU?$TRefObject@UIStreamReader@libmedia@UModSys@@U?$TRefObjectFunc@UIStreamReader@libmedia@UModSys@@@tl@3@@tl@5@AEBU?$TString@U?$TSCoreConst@D@su@tl@UModSys@@U?$TComparerBinaryHash@D@234@@75@AEBUSFlags@libmedia@5@@Z 0000000140004350 f   umodsys_lib_libmedia:umodsys.mod.media.stdlib.obj
 0001:0000344c       ?data_writer@RBinArchiveFrame@stdlib@media@modules@UModSys@@UEAA?AU?$TRefObject@UIStreamWriter@libmedia@UModSys@@U?$TRefObjectFunc@UIStreamWriter@libmedia@UModSys@@@tl@3@@tl@5@AEBU?$TString@U?$TSCoreConst@D@su@tl@UModSys@@U?$TComparerBinaryHash@D@234@@75@AEBUSFlags@libmedia@5@@Z 000000014000444c f   umodsys_lib_libmedia:umodsys.mod.media.stdlib.obj
 0001:00003494       ?data_load@RBinArchiveFrame@stdlib@media@modules@UModSys@@UEAA_NAEBU?$TString@U?$TSCoreConst@D@su@tl@UModSys@@U?$TComparerBinaryHash@D@234@@tl@5@AEAUSCMemShared@core@5@AEBUSFlags@libmedia@5@@Z 0000000140004494 f   umodsys_lib_libmedia:umodsys.mod.media.stdlib.obj
 0001:00003508       ?data_save@RBinArchiveFrame@stdlib@media@modules@UModSys@@UEAA_NAEBU?$TString@U?$TSCoreConst@D@su@tl@UModSys@@U?$TComparerBinaryHash@D@234@@tl@5@AEBUSCMem@core@5@AEBUSFlags@libmedia@5@@Z 0000000140004508 f   umodsys_lib_libmedia:umodsys.mod.media.stdlib.obj
 0001:00003540       ?data_list@RBinArchiveFrame@stdlib@media@modules@UModSys@@UEAA_NAEBU?$TString@U?$TSCoreConst@D@su@tl@UModSys@@U?$TComparerBinaryHash@D@234@@tl@5@_KAEAU?$TIStackSocket@USFileInfo@libmedia@UModSys@@@75@AEBUSFlags@libmedia@5@@Z 0000000140004540 f   umodsys_lib_libmedia:umodsys.mod.media.stdlib.obj
 0001:000037e8       ?data_list@RBinArchiveFrame@stdlib@media@modules@UModSys@@UEAA_NAEBU?$TString@U?$TSCoreConst@D@su@tl@UModSys@@U?$TComparerBinaryHash@D@234@@tl@5@_KAEAUSFileInfo@libmedia@5@AEBUSFlags@95@@Z 00000001400047e8 f   umodsys_lib_libmedia:umodsys.mod.media.stdlib.obj
 0001:00003908       ?get_permissions@RBinArchiveFrame@stdlib@media@modules@UModSys@@UEAAHXZ 0000000140004908 f   umodsys_lib_libmedia:umodsys.mod.media.stdlib.obj
 0001:0000391c       ?open@RBinArchiveFrame@stdlib@media@modules@UModSys@@UEAA_NPEAUIClient@IBinArchiveFrame@libmedia@5@PEBUSParameters@core@5@@Z 000000014000491c f   umodsys_lib_libmedia:umodsys.mod.media.stdlib.obj
 0001:00003d74       ?close@RBinArchiveFrame@stdlib@media@modules@UModSys@@UEAA_NXZ 0000000140004d74 f   umodsys_lib_libmedia:umodsys.mod.media.stdlib.obj
 0001:00003e80       ?add_node_r@RBinArchiveFrame@stdlib@media@modules@UModSys@@UEAAPEAUNameNode@IBinArchiveFrame@libmedia@5@AEBU?$TString@U?$TSCoreConst@D@su@tl@UModSys@@U?$TComparerBinaryHash@D@234@@tl@5@_KAEAUSMem@core@5@@Z 0000000140004e80 f   umodsys_lib_libmedia:umodsys.mod.media.stdlib.obj
 0001:00003f38       ?add_node_w@RBinArchiveFrame@stdlib@media@modules@UModSys@@UEAAPEAUNameNode@IBinArchiveFrame@libmedia@5@AEBU?$TString@U?$TSCoreConst@D@su@tl@UModSys@@U?$TComparerBinaryHash@D@234@@tl@5@_K@Z 0000000140004f38 f   umodsys_lib_libmedia:umodsys.mod.media.stdlib.obj
 0001:0000402c       ?remove_node@RBinArchiveFrame@stdlib@media@modules@UModSys@@UEAA_NPEAUNameNode@IBinArchiveFrame@libmedia@5@@Z 000000014000502c f   umodsys_lib_libmedia:umodsys.mod.media.stdlib.obj
 0001:00004058       ?find_node@RBinArchiveFrame@stdlib@media@modules@UModSys@@UEAAPEAUNameNode@IBinArchiveFrame@libmedia@5@AEBU?$TString@U?$TSCoreConst@D@su@tl@UModSys@@U?$TComparerBinaryHash@D@234@@tl@5@@Z 0000000140005058 f   umodsys_lib_libmedia:umodsys.mod.media.stdlib.obj
 0001:00004190       ?node_size@RBinArchiveFrame@stdlib@media@modules@UModSys@@UEAA_KAEBU?$TString@U?$TSCoreConst@D@su@tl@UModSys@@U?$TComparerBinaryHash@D@234@@tl@5@H@Z 0000000140005190 f   umodsys_lib_libmedia:umodsys.mod.media.stdlib.obj
 0001:000041a8       ?kill_node@RBinArchiveFrame@stdlib@media@modules@UModSys@@SA_NPEAUNameNode@IBinArchiveFrame@libmedia@5@@Z 00000001400051a8 f   umodsys_lib_libmedia:umodsys.mod.media.stdlib.obj
 0001:000041d0       ?fill_info@RBinArchiveFrame@stdlib@media@modules@UModSys@@QEAA_NAEAUSFileInfo@libmedia@5@PEAUNameNode@IBinArchiveFrame@75@AEBU?$TString@U?$TSCoreConst@D@su@tl@UModSys@@U?$TComparerBinaryHash@D@234@@tl@5@_K@Z 00000001400051d0 f   umodsys_lib_libmedia:umodsys.mod.media.stdlib.obj
 0001:000044ec       ??1?$TString@U?$TSCoreShared@USIMemAlloc@core@UModSys@@D@su@tl@UModSys@@U?$TComparerBinaryHash@D@234@@tl@UModSys@@QEAA@XZ 00000001400054ec f i umodsys_lib_libmedia:umodsys.mod.media.stdio.obj
 0001:000044ec       ??1?$TSCoreShared@USIMemAlloc@core@UModSys@@D@su@tl@UModSys@@QEAA@XZ 00000001400054ec f i umodsys_lib_libmedia:umodsys.mod.media.stdio.obj
 0001:000044ec       ??1?$TStringBuf@U?$TSCoreShared@USIMemAlloc@core@UModSys@@D@su@tl@UModSys@@U?$TComparerBinaryHash@D@234@@tl@UModSys@@QEAA@XZ 00000001400054ec f i umodsys_lib_libmedia:umodsys.mod.media.stdlib.obj
 0001:000044f4       ?openr@RBinArchiveFrame@stdlib@media@modules@UModSys@@QEAA_NPEAUILibrary@libmedia@5@AEBU?$TString@U?$TSCoreConst@D@su@tl@UModSys@@U?$TComparerBinaryHash@D@234@@tl@5@PEBUSParameters@core@5@@Z 00000001400054f4 f   umodsys_lib_libmedia:umodsys.mod.media.stdlib.obj
 0001:0000466c       ?closew@RBinArchiveFrame@stdlib@media@modules@UModSys@@QEAA_N_N@Z 000000014000566c f   umodsys_lib_libmedia:umodsys.mod.media.stdlib.obj
 0001:00004814       ??0RBinArchiveFrame@stdlib@media@modules@UModSys@@QEAA@PEAUIModObject@base@4@AEBUSParameters@core@4@U?$TFlags4State@USMediaFlagUid@libmedia@UModSys@@I@tl@4@@Z 0000000140005814 f   umodsys_lib_libmedia:umodsys.mod.media.stdlib.obj
 0001:00004920       ??_GRBinArchiveFrame@stdlib@media@modules@UModSys@@UEAAPEAXI@Z 0000000140005920 f i umodsys_lib_libmedia:umodsys.mod.media.stdlib.obj
 0001:00004920       ??_ERBinArchiveFrame@stdlib@media@modules@UModSys@@UEAAPEAXI@Z 0000000140005920 f i  CIL library: CIL module
 0001:00004a18       ??1IBinArchiveFrame@libmedia@UModSys@@UEAA@XZ 0000000140005a18 f i umodsys_lib_libmedia:umodsys.mod.media.stdlib.obj
 0001:00004a90       ??_GRLibraryBinTree@stdlib@media@modules@UModSys@@UEAAPEAXI@Z 0000000140005a90 f i umodsys_lib_libmedia:umodsys.mod.media.stdlib.obj
 0001:00004a90       ??_ERLibraryBinTree@stdlib@media@modules@UModSys@@UEAAPEAXI@Z 0000000140005a90 f i  CIL library: CIL module
 0001:00004b14       ??1ILibraryObjCache@libmedia@UModSys@@UEAA@XZ 0000000140005b14 f i umodsys_lib_libmedia:umodsys.mod.media.stdlib.obj
 0001:00004b14       ??1ILibraryBinTree@libmedia@UModSys@@UEAA@XZ 0000000140005b14 f i umodsys_lib_libmedia:umodsys.mod.media.stdlib.obj
 0001:00004b14       ??1ILibraryBinCache@libmedia@UModSys@@UEAA@XZ 0000000140005b14 f i umodsys_lib_libmedia:umodsys.mod.media.stdlib.obj
 0001:00004b14       ??1ILibraryObjFilter@libmedia@UModSys@@UEAA@XZ 0000000140005b14 f i umodsys_lib_libmedia:umodsys.mod.media.stdlib.obj
 0001:00004b14       ??1ILibraryLayered@libmedia@UModSys@@UEAA@XZ 0000000140005b14 f i umodsys_lib_libmedia:umodsys.mod.media.stdlib.obj
 0001:00004b14       ??1IBinArchive@libmedia@UModSys@@UEAA@XZ 0000000140005b14 f i umodsys_lib_libmedia:umodsys.mod.media.stdio.obj
 0001:00004b50       ?get_flags_auto@RLibraryBinTree@stdlib@media@modules@UModSys@@UEBA?AU?$TFlags4State@USMediaFlagUid@libmedia@UModSys@@I@tl@5@XZ 0000000140005b50 f   umodsys_lib_libmedia:umodsys.mod.media.stdlib.obj
 0001:00004b5c       ?set_flag@RLibraryBinTree@stdlib@media@modules@UModSys@@UEAA?AW4eStates@?$TFlags4State@USMediaFlagUid@libmedia@UModSys@@I@tl@5@HW46785@@Z 0000000140005b5c f   umodsys_lib_libmedia:umodsys.mod.media.stdlib.obj
 0001:00004b5c       ?set_flag@RLibraryBinCache@stdlib@media@modules@UModSys@@UEAA?AW4eStates@?$TFlags4State@USMediaFlagUid@libmedia@UModSys@@I@tl@5@HW46785@@Z 0000000140005b5c f   umodsys_lib_libmedia:umodsys.mod.media.stdlib.obj
 0001:00004b5c       ?set_flag@RLibraryObjFilter@stdlib@media@modules@UModSys@@UEAA?AW4eStates@?$TFlags4State@USMediaFlagUid@libmedia@UModSys@@I@tl@5@HW46785@@Z 0000000140005b5c f   umodsys_lib_libmedia:umodsys.mod.media.stdlib.obj
 0001:00004b5c       ?set_flag@RLibraryObjCache@stdlib@media@modules@UModSys@@UEAA?AW4eStates@?$TFlags4State@USMediaFlagUid@libmedia@UModSys@@I@tl@5@HW46785@@Z 0000000140005b5c f   umodsys_lib_libmedia:umodsys.mod.media.stdlib.obj
 0001:00004b84       ?bin_reader@RLibraryBinTree@stdlib@media@modules@UModSys@@UEAA?AU?$TRefObject@UIStreamReader@libmedia@UModSys@@U?$TRefObjectFunc@UIStreamReader@libmedia@UModSys@@@tl@3@@tl@5@AEBU?$TString@U?$TSCoreConst@D@su@tl@UModSys@@U?$TComparerBinaryHash@D@234@@75@AEBUSFlags@libmedia@5@@Z 0000000140005b84 f   umodsys_lib_libmedia:umodsys.mod.media.stdlib.obj
 0001:00004ce4       ?bin_writer@RLibraryBinTree@stdlib@media@modules@UModSys@@UEAA?AU?$TRefObject@UIStreamWriter@libmedia@UModSys@@U?$TRefObjectFunc@UIStreamWriter@libmedia@UModSys@@@tl@3@@tl@5@AEBU?$TString@U?$TSCoreConst@D@su@tl@UModSys@@U?$TComparerBinaryHash@D@234@@75@AEBUSFlags@libmedia@5@@Z 0000000140005ce4 f   umodsys_lib_libmedia:umodsys.mod.media.stdlib.obj
 0001:00004e44       ?bin_load@RLibraryBinTree@stdlib@media@modules@UModSys@@UEAA_NAEBU?$TString@U?$TSCoreConst@D@su@tl@UModSys@@U?$TComparerBinaryHash@D@234@@tl@5@AEAUSCMemShared@core@5@AEBUSFlags@libmedia@5@@Z 0000000140005e44 f   umodsys_lib_libmedia:umodsys.mod.media.stdlib.obj
 0001:00004f70       ?bin_save@RLibraryBinTree@stdlib@media@modules@UModSys@@UEAA_NAEBU?$TString@U?$TSCoreConst@D@su@tl@UModSys@@U?$TComparerBinaryHash@D@234@@tl@5@AEBUSCMem@core@5@AEBUSFlags@libmedia@5@@Z 0000000140005f70 f   umodsys_lib_libmedia:umodsys.mod.media.stdlib.obj
 0001:00005078       ?bin_info@RLibraryBinTree@stdlib@media@modules@UModSys@@UEAA_NAEBU?$TString@U?$TSCoreConst@D@su@tl@UModSys@@U?$TComparerBinaryHash@D@234@@tl@5@AEAUSFileInfo@libmedia@5@AEBUSFlags@95@@Z 0000000140006078 f   umodsys_lib_libmedia:umodsys.mod.media.stdlib.obj
 0001:00005174       ?bin_info@RLibraryBinTree@stdlib@media@modules@UModSys@@UEAA_NAEBU?$TString@U?$TSCoreConst@D@su@tl@UModSys@@U?$TComparerBinaryHash@D@234@@tl@5@AEAU?$TIStackSocket@USFileInfo@libmedia@UModSys@@@75@AEBUSFlags@libmedia@5@@Z 0000000140006174 f   umodsys_lib_libmedia:umodsys.mod.media.stdlib.obj
 0001:00005280       ?mount_get@RLibraryBinTree@stdlib@media@modules@UModSys@@UEBA?AUSPoint@ILibraryBinTree@libmedia@5@AEBUSId@785@@Z 0000000140006280 f   umodsys_lib_libmedia:umodsys.mod.media.stdlib.obj
 0001:000052e4       ?mount_add@RLibraryBinTree@stdlib@media@modules@UModSys@@UEAA_NAEBUSId@ILibraryBinTree@libmedia@5@AEBUSPoint@785@@Z 00000001400062e4 f   umodsys_lib_libmedia:umodsys.mod.media.stdlib.obj
 0001:0000540c       ?mount_remove@RLibraryBinTree@stdlib@media@modules@UModSys@@UEAA_NAEBUSId@ILibraryBinTree@libmedia@5@@Z 000000014000640c f   umodsys_lib_libmedia:umodsys.mod.media.stdlib.obj
 0001:00005438       ?mount_clear@RLibraryBinTree@stdlib@media@modules@UModSys@@UEAA_NXZ 0000000140006438 f   umodsys_lib_libmedia:umodsys.mod.media.stdlib.obj
 0001:00005460       ??_GRLibraryBinCache@stdlib@media@modules@UModSys@@UEAAPEAXI@Z 0000000140006460 f i umodsys_lib_libmedia:umodsys.mod.media.stdlib.obj
 0001:00005460       ??_ERLibraryBinCache@stdlib@media@modules@UModSys@@UEAAPEAXI@Z 0000000140006460 f i  CIL library: CIL module
 0001:000054e4       ?get_flag@RLibraryBinCache@stdlib@media@modules@UModSys@@UEBA?AW4eStates@?$TFlags4State@USMediaFlagUid@libmedia@UModSys@@I@tl@5@H@Z 00000001400064e4 f   umodsys_lib_libmedia:umodsys.mod.media.stdlib.obj
 0001:000054e4       ?get_flag@RLibraryObjCache@stdlib@media@modules@UModSys@@UEBA?AW4eStates@?$TFlags4State@USMediaFlagUid@libmedia@UModSys@@I@tl@5@H@Z 00000001400064e4 f   umodsys_lib_libmedia:umodsys.mod.media.stdlib.obj
 0001:000054e4       ?get_flag@RLibraryBinTree@stdlib@media@modules@UModSys@@UEBA?AW4eStates@?$TFlags4State@USMediaFlagUid@libmedia@UModSys@@I@tl@5@H@Z 00000001400064e4 f   umodsys_lib_libmedia:umodsys.mod.media.stdlib.obj
 0001:000054e4       ?get_flag@RLibraryObjFilter@stdlib@media@modules@UModSys@@UEBA?AW4eStates@?$TFlags4State@USMediaFlagUid@libmedia@UModSys@@I@tl@5@H@Z 00000001400064e4 f   umodsys_lib_libmedia:umodsys.mod.media.stdlib.obj
 0001:000054f0       ?get_flags_auto@RLibraryBinCache@stdlib@media@modules@UModSys@@UEBA?AU?$TFlags4State@USMediaFlagUid@libmedia@UModSys@@I@tl@5@XZ 00000001400064f0 f   umodsys_lib_libmedia:umodsys.mod.media.stdlib.obj
 0001:000054fc       ?bin_load@RLibraryBinCache@stdlib@media@modules@UModSys@@UEAA_NAEBU?$TString@U?$TSCoreConst@D@su@tl@UModSys@@U?$TComparerBinaryHash@D@234@@tl@5@AEAUSCMemShared@core@5@AEBUSFlags@libmedia@5@@Z 00000001400064fc f   umodsys_lib_libmedia:umodsys.mod.media.stdlib.obj
 0001:00005620       ?bin_put@RLibraryBinCache@stdlib@media@modules@UModSys@@UEAA_NAEBU?$TString@U?$TSCoreConst@D@su@tl@UModSys@@U?$TComparerBinaryHash@D@234@@tl@5@PEBUSCMemShared@core@5@@Z 0000000140006620 f   umodsys_lib_libmedia:umodsys.mod.media.stdlib.obj
 0001:00005640       ?bincache_get@RLibraryBinCache@stdlib@media@modules@UModSys@@UEBA_NAEBU?$TString@U?$TSCoreConst@D@su@tl@UModSys@@U?$TComparerBinaryHash@D@234@@tl@5@PEAUSCMemShared@core@5@PEA_N@Z 0000000140006640 f   umodsys_lib_libmedia:umodsys.mod.media.stdlib.obj
 0001:000056f8       ?bincache_add@RLibraryBinCache@stdlib@media@modules@UModSys@@UEAA_NAEBU?$TString@U?$TSCoreConst@D@su@tl@UModSys@@U?$TComparerBinaryHash@D@234@@tl@5@@Z 00000001400066f8 f   umodsys_lib_libmedia:umodsys.mod.media.stdlib.obj
 0001:00005720       ?bincache_add@RLibraryBinCache@stdlib@media@modules@UModSys@@UEAA_NAEBU?$TString@U?$TSCoreConst@D@su@tl@UModSys@@U?$TComparerBinaryHash@D@234@@tl@5@AEBUSCMemShared@core@5@@Z 0000000140006720 f   umodsys_lib_libmedia:umodsys.mod.media.stdlib.obj
 0001:00005728       ?bincache_remove@RLibraryBinCache@stdlib@media@modules@UModSys@@UEAA_NAEBU?$TString@U?$TSCoreConst@D@su@tl@UModSys@@U?$TComparerBinaryHash@D@234@@tl@5@@Z 0000000140006728 f   umodsys_lib_libmedia:umodsys.mod.media.stdlib.obj
 0001:00005754       ?bincache_clear@RLibraryBinCache@stdlib@media@modules@UModSys@@UEAA_NXZ 0000000140006754 f   umodsys_lib_libmedia:umodsys.mod.media.stdlib.obj
 0001:0000577c       ?bincache_add@RLibraryBinCache@stdlib@media@modules@UModSys@@QEAA_NAEBU?$TString@U?$TSCoreConst@D@su@tl@UModSys@@U?$TComparerBinaryHash@D@234@@tl@5@AEBUSCMemShared@core@5@_N@Z 000000014000677c f   umodsys_lib_libmedia:umodsys.mod.media.stdlib.obj
 0001:00005888       ??0RLibraryLayered@stdlib@media@modules@UModSys@@QEAA@PEAUIModObject@base@4@AEBUSParameters@core@4@U?$TFlags4State@USMediaFlagUid@libmedia@UModSys@@I@tl@4@@Z 0000000140006888 f   umodsys_lib_libmedia:umodsys.mod.media.stdlib.obj
 0001:00005948       ??_ERLibraryLayered@stdlib@media@modules@UModSys@@UEAAPEAXI@Z 0000000140006948 f i  CIL library: CIL module
 0001:00005948       ??_GRLibraryLayered@stdlib@media@modules@UModSys@@UEAAPEAXI@Z 0000000140006948 f i umodsys_lib_libmedia:umodsys.mod.media.stdlib.obj
 0001:00005a14       ?get_flag@RLibraryLayered@stdlib@media@modules@UModSys@@UEBA?AW4eStates@?$TFlags4State@USMediaFlagUid@libmedia@UModSys@@I@tl@5@H@Z 0000000140006a14 f   umodsys_lib_libmedia:umodsys.mod.media.stdlib.obj
 0001:00005a20       ?get_flags_auto@RLibraryLayered@stdlib@media@modules@UModSys@@UEBA?AU?$TFlags4State@USMediaFlagUid@libmedia@UModSys@@I@tl@5@XZ 0000000140006a20 f   umodsys_lib_libmedia:umodsys.mod.media.stdlib.obj
 0001:00005a2c       ?set_flag@RLibraryLayered@stdlib@media@modules@UModSys@@UEAA?AW4eStates@?$TFlags4State@USMediaFlagUid@libmedia@UModSys@@I@tl@5@HW46785@@Z 0000000140006a2c f   umodsys_lib_libmedia:umodsys.mod.media.stdlib.obj
 0001:00005a54       ?bin_reader@RLibraryLayered@stdlib@media@modules@UModSys@@UEAA?AU?$TRefObject@UIStreamReader@libmedia@UModSys@@U?$TRefObjectFunc@UIStreamReader@libmedia@UModSys@@@tl@3@@tl@5@AEBU?$TString@U?$TSCoreConst@D@su@tl@UModSys@@U?$TComparerBinaryHash@D@234@@75@AEBUSFlags@libmedia@5@@Z 0000000140006a54 f   umodsys_lib_libmedia:umodsys.mod.media.stdlib.obj
 0001:00005b3c       ?bin_writer@RLibraryLayered@stdlib@media@modules@UModSys@@UEAA?AU?$TRefObject@UIStreamWriter@libmedia@UModSys@@U?$TRefObjectFunc@UIStreamWriter@libmedia@UModSys@@@tl@3@@tl@5@AEBU?$TString@U?$TSCoreConst@D@su@tl@UModSys@@U?$TComparerBinaryHash@D@234@@75@AEBUSFlags@libmedia@5@@Z 0000000140006b3c f   umodsys_lib_libmedia:umodsys.mod.media.stdlib.obj
 0001:00005c24       ?bin_load@RLibraryLayered@stdlib@media@modules@UModSys@@UEAA_NAEBU?$TString@U?$TSCoreConst@D@su@tl@UModSys@@U?$TComparerBinaryHash@D@234@@tl@5@AEAUSCMemShared@core@5@AEBUSFlags@libmedia@5@@Z 0000000140006c24 f   umodsys_lib_libmedia:umodsys.mod.media.stdlib.obj
 0001:00005ecc       ?bin_save@RLibraryLayered@stdlib@media@modules@UModSys@@UEAA_NAEBU?$TString@U?$TSCoreConst@D@su@tl@UModSys@@U?$TComparerBinaryHash@D@234@@tl@5@AEBUSCMem@core@5@AEBUSFlags@libmedia@5@@Z 0000000140006ecc f   umodsys_lib_libmedia:umodsys.mod.media.stdlib.obj
 0001:00006128       ?bin_info@RLibraryLayered@stdlib@media@modules@UModSys@@UEAA_NAEBU?$TString@U?$TSCoreConst@D@su@tl@UModSys@@U?$TComparerBinaryHash@D@234@@tl@5@AEAUSFileInfo@libmedia@5@AEBUSFlags@95@@Z 0000000140007128 f   umodsys_lib_libmedia:umodsys.mod.media.stdlib.obj
 0001:000061d8       ?bin_info@RLibraryLayered@stdlib@media@modules@UModSys@@UEAA_NAEBU?$TString@U?$TSCoreConst@D@su@tl@UModSys@@U?$TComparerBinaryHash@D@234@@tl@5@AEAU?$TIStackSocket@USFileInfo@libmedia@UModSys@@@75@AEBUSFlags@libmedia@5@@Z 00000001400071d8 f   umodsys_lib_libmedia:umodsys.mod.media.stdlib.obj
 0001:0000629c       ?bin_get@RLibraryLayered@stdlib@media@modules@UModSys@@UEAA_NAEBU?$TString@U?$TSCoreConst@D@su@tl@UModSys@@U?$TComparerBinaryHash@D@234@@tl@5@AEAUSCMemShared@core@5@_N@Z 000000014000729c f   umodsys_lib_libmedia:umodsys.mod.media.stdlib.obj
 0001:00006320       ?bin_put@RLibraryLayered@stdlib@media@modules@UModSys@@UEAA_NAEBU?$TString@U?$TSCoreConst@D@su@tl@UModSys@@U?$TComparerBinaryHash@D@234@@tl@5@PEBUSCMemShared@core@5@@Z 0000000140007320 f   umodsys_lib_libmedia:umodsys.mod.media.stdlib.obj
 0001:00006390       ?obj_fget@RLibraryLayered@stdlib@media@modules@UModSys@@UEAA_NAEBUSInfo@IBinObjFilter@libmedia@5@AEAU?$TRefObject@UIRefObject@core@UModSys@@U?$TRefObjectFunc@UIRefObject@core@UModSys@@@tl@3@@tl@5@@Z 0000000140007390 f   umodsys_lib_libmedia:umodsys.mod.media.stdlib.obj
 0001:00006400       ?obj_fload@RLibraryLayered@stdlib@media@modules@UModSys@@UEAA_NAEBUSInfo@IBinObjFilter@libmedia@5@PEAUIRefObject@core@5@@Z 0000000140007400 f   umodsys_lib_libmedia:umodsys.mod.media.stdlib.obj
 0001:00006470       ?obj_fsave@RLibraryLayered@stdlib@media@modules@UModSys@@UEAA_NAEAUSInfo@IBinObjFilter@libmedia@5@PEBUIRefObject@core@5@@Z 0000000140007470 f   umodsys_lib_libmedia:umodsys.mod.media.stdlib.obj
 0001:000064e0       ?obj_cget@RLibraryLayered@stdlib@media@modules@UModSys@@UEAA_NAEBU?$TString@U?$TSCoreConst@D@su@tl@UModSys@@U?$TComparerBinaryHash@D@234@@tl@5@AEAU?$TRefObject@UIRefObject@core@UModSys@@U?$TRefObjectFunc@UIRefObject@core@UModSys@@@tl@3@@75@_N@Z 00000001400074e0 f   umodsys_lib_libmedia:umodsys.mod.media.stdlib.obj
 0001:00006564       ?obj_cput@RLibraryLayered@stdlib@media@modules@UModSys@@UEAA_NAEBU?$TString@U?$TSCoreConst@D@su@tl@UModSys@@U?$TComparerBinaryHash@D@234@@tl@5@PEAUIRefObject@core@5@@Z 0000000140007564 f   umodsys_lib_libmedia:umodsys.mod.media.stdlib.obj
 0001:000065d4       ?obj_get@RLibraryLayered@stdlib@media@modules@UModSys@@UEAA_NAEBU?$TString@U?$TSCoreConst@D@su@tl@UModSys@@U?$TComparerBinaryHash@D@234@@tl@5@AEAU?$TRefObject@UIRefObject@core@UModSys@@U?$TRefObjectFunc@UIRefObject@core@UModSys@@@tl@3@@75@AEBUSObjOptions@ILibrary@libmedia@5@@Z 00000001400075d4 f   umodsys_lib_libmedia:umodsys.mod.media.stdlib.obj
 0001:00006a28       ?obj_load@RLibraryLayered@stdlib@media@modules@UModSys@@UEAA_NAEBU?$TString@U?$TSCoreConst@D@su@tl@UModSys@@U?$TComparerBinaryHash@D@234@@tl@5@PEAUIRefObject@core@5@AEBUSObjOptions@ILibrary@libmedia@5@@Z 0000000140007a28 f   umodsys_lib_libmedia:umodsys.mod.media.stdlib.obj
 0001:00006c00       ?obj_save@RLibraryLayered@stdlib@media@modules@UModSys@@UEAA_NAEBU?$TString@U?$TSCoreConst@D@su@tl@UModSys@@U?$TComparerBinaryHash@D@234@@tl@5@PEBUIRefObject@core@5@AEBUSObjOptions@ILibrary@libmedia@5@@Z 0000000140007c00 f   umodsys_lib_libmedia:umodsys.mod.media.stdlib.obj
 0001:00006e4c       ?layer_count@RLibraryLayered@stdlib@media@modules@UModSys@@UEBA_KAEBUSLayer@ILibraryLayered@libmedia@5@@Z 0000000140007e4c f   umodsys_lib_libmedia:umodsys.mod.media.stdlib.obj
 0001:00006e54       ?layer_get@RLibraryLayered@stdlib@media@modules@UModSys@@UEBA?AUSLayer@ILibraryLayered@libmedia@5@_K@Z 0000000140007e54 f   umodsys_lib_libmedia:umodsys.mod.media.stdlib.obj
 0001:00006ebc       ?layer_find@RLibraryLayered@stdlib@media@modules@UModSys@@UEBA_KAEBU?$TString@U?$TSCoreConst@D@su@tl@UModSys@@U?$TComparerBinaryHash@D@234@@tl@5@_K@Z 0000000140007ebc f   umodsys_lib_libmedia:umodsys.mod.media.stdlib.obj
 0001:00006f58       ?layer_insert@RLibraryLayered@stdlib@media@modules@UModSys@@UEAA_NAEBUSLayer@ILibraryLayered@libmedia@5@_K@Z 0000000140007f58 f   umodsys_lib_libmedia:umodsys.mod.media.stdlib.obj
 0001:0000717c       ?layer_remove@RLibraryLayered@stdlib@media@modules@UModSys@@UEAA_N_K@Z 000000014000817c f   umodsys_lib_libmedia:umodsys.mod.media.stdlib.obj
 0001:000072ac       ?layer_clear@RLibraryLayered@stdlib@media@modules@UModSys@@UEAA_NXZ 00000001400082ac f   umodsys_lib_libmedia:umodsys.mod.media.stdlib.obj
 0001:000072b8       ??_GRLibraryObjCache@stdlib@media@modules@UModSys@@UEAAPEAXI@Z 00000001400082b8 f i umodsys_lib_libmedia:umodsys.mod.media.stdlib.obj
 0001:000072b8       ??_ERLibraryObjCache@stdlib@media@modules@UModSys@@UEAAPEAXI@Z 00000001400082b8 f i  CIL library: CIL module
 0001:0000733c       ?get_flags_auto@RLibraryObjCache@stdlib@media@modules@UModSys@@UEBA?AU?$TFlags4State@USMediaFlagUid@libmedia@UModSys@@I@tl@5@XZ 000000014000833c f   umodsys_lib_libmedia:umodsys.mod.media.stdlib.obj
 0001:00007348       ?obj_cget@RLibraryObjCache@stdlib@media@modules@UModSys@@UEAA_NAEBU?$TString@U?$TSCoreConst@D@su@tl@UModSys@@U?$TComparerBinaryHash@D@234@@tl@5@AEAU?$TRefObject@UIRefObject@core@UModSys@@U?$TRefObjectFunc@UIRefObject@core@UModSys@@@tl@3@@75@_N@Z 0000000140008348 f   umodsys_lib_libmedia:umodsys.mod.media.stdlib.obj
 0001:00007348       ?bin_get@RLibraryBinCache@stdlib@media@modules@UModSys@@UEAA_NAEBU?$TString@U?$TSCoreConst@D@su@tl@UModSys@@U?$TComparerBinaryHash@D@234@@tl@5@AEAUSCMemShared@core@5@_N@Z 0000000140008348 f   umodsys_lib_libmedia:umodsys.mod.media.stdlib.obj
 0001:0000737c       ?obj_cput@RLibraryObjCache@stdlib@media@modules@UModSys@@UEAA_NAEBU?$TString@U?$TSCoreConst@D@su@tl@UModSys@@U?$TComparerBinaryHash@D@234@@tl@5@PEAUIRefObject@core@5@@Z 000000014000837c f   umodsys_lib_libmedia:umodsys.mod.media.stdlib.obj
 0001:00007388       ?obj_get@RLibraryObjCache@stdlib@media@modules@UModSys@@UEAA_NAEBU?$TString@U?$TSCoreConst@D@su@tl@UModSys@@U?$TComparerBinaryHash@D@234@@tl@5@AEAU?$TRefObject@UIRefObject@core@UModSys@@U?$TRefObjectFunc@UIRefObject@core@UModSys@@@tl@3@@75@AEBUSObjOptions@ILibrary@libmedia@5@@Z 0000000140008388 f   umodsys_lib_libmedia:umodsys.mod.media.stdlib.obj
 0001:000074f4       ?objcache_get@RLibraryObjCache@stdlib@media@modules@UModSys@@UEBA_NAEBU?$TString@U?$TSCoreConst@D@su@tl@UModSys@@U?$TComparerBinaryHash@D@234@@tl@5@PEAU?$TRefObject@UIRefObject@core@UModSys@@U?$TRefObjectFunc@UIRefObject@core@UModSys@@@tl@3@@75@PEA_N@Z 00000001400084f4 f   umodsys_lib_libmedia:umodsys.mod.media.stdlib.obj
 0001:00007594       ?objcache_add@RLibraryObjCache@stdlib@media@modules@UModSys@@UEAA_NAEBU?$TString@U?$TSCoreConst@D@su@tl@UModSys@@U?$TComparerBinaryHash@D@234@@tl@5@PEAUIRefObject@core@5@@Z 0000000140008594 f   umodsys_lib_libmedia:umodsys.mod.media.stdlib.obj
 0001:00007688       ?objcache_remove@RLibraryObjCache@stdlib@media@modules@UModSys@@UEAA_NAEBU?$TString@U?$TSCoreConst@D@su@tl@UModSys@@U?$TComparerBinaryHash@D@234@@tl@5@@Z 0000000140008688 f   umodsys_lib_libmedia:umodsys.mod.media.stdlib.obj
 0001:000076b4       ?objcache_clear@RLibraryObjCache@stdlib@media@modules@UModSys@@UEAA_NXZ 00000001400086b4 f   umodsys_lib_libmedia:umodsys.mod.media.stdlib.obj
 0001:000076dc       ??_GRLibraryObjFilter@stdlib@media@modules@UModSys@@UEAAPEAXI@Z 00000001400086dc f i umodsys_lib_libmedia:umodsys.mod.media.stdlib.obj
 0001:000076dc       ??_ERLibraryObjFilter@stdlib@media@modules@UModSys@@UEAAPEAXI@Z 00000001400086dc f i  CIL library: CIL module
 0001:000077ac       ?get_flags_auto@RLibraryObjFilter@stdlib@media@modules@UModSys@@UEBA?AU?$TFlags4State@USMediaFlagUid@libmedia@UModSys@@I@tl@5@XZ 00000001400087ac f   umodsys_lib_libmedia:umodsys.mod.media.stdlib.obj
 0001:000077b8       ?obj_fget@RLibraryObjFilter@stdlib@media@modules@UModSys@@UEAA_NAEBUSInfo@IBinObjFilter@libmedia@5@AEAU?$TRefObject@UIRefObject@core@UModSys@@U?$TRefObjectFunc@UIRefObject@core@UModSys@@@tl@3@@tl@5@@Z 00000001400087b8 f   umodsys_lib_libmedia:umodsys.mod.media.stdlib.obj
 0001:000077c4       ?obj_fload@RLibraryObjFilter@stdlib@media@modules@UModSys@@UEAA_NAEBUSInfo@IBinObjFilter@libmedia@5@PEAUIRefObject@core@5@@Z 00000001400087c4 f   umodsys_lib_libmedia:umodsys.mod.media.stdlib.obj
 0001:000077d0       ?obj_fsave@RLibraryObjFilter@stdlib@media@modules@UModSys@@UEAA_NAEAUSInfo@IBinObjFilter@libmedia@5@PEBUIRefObject@core@5@@Z 00000001400087d0 f   umodsys_lib_libmedia:umodsys.mod.media.stdlib.obj
 0001:000077dc       ?filters_add@RLibraryObjFilter@stdlib@media@modules@UModSys@@UEAA_NU?$TRefObject@UIBinObjFilter@libmedia@UModSys@@U?$TRefObjectFunc@UIBinObjFilter@libmedia@UModSys@@@tl@3@@tl@5@PEBUSParameters@core@5@H@Z 00000001400087dc f   umodsys_lib_libmedia:umodsys.mod.media.stdlib.obj
 0001:000078d8       ?filters_remove@RLibraryObjFilter@stdlib@media@modules@UModSys@@UEAA_NPEAUIBinObjFilter@libmedia@5@H@Z 00000001400088d8 f   umodsys_lib_libmedia:umodsys.mod.media.stdlib.obj
 0001:0000794c       ?filters_clear@RLibraryObjFilter@stdlib@media@modules@UModSys@@UEAA_NXZ 000000014000894c f   umodsys_lib_libmedia:umodsys.mod.media.stdlib.obj
 0001:000079cc       ?filters_load@RLibraryObjFilter@stdlib@media@modules@UModSys@@UEAA_NAEBUSInfo@IBinObjFilter@libmedia@5@AEAU?$TRefObject@UIRefObject@core@UModSys@@U?$TRefObjectFunc@UIRefObject@core@UModSys@@@tl@3@@tl@5@@Z 00000001400089cc f   umodsys_lib_libmedia:umodsys.mod.media.stdlib.obj
 0001:00007a64       ?filters_load@RLibraryObjFilter@stdlib@media@modules@UModSys@@UEAA_NAEBUSInfo@IBinObjFilter@libmedia@5@PEAUIRefObject@core@5@@Z 0000000140008a64 f   umodsys_lib_libmedia:umodsys.mod.media.stdlib.obj
 0001:00007afc       ?filters_save@RLibraryObjFilter@stdlib@media@modules@UModSys@@UEAA_NAEAUSInfo@IBinObjFilter@libmedia@5@PEBUIRefObject@core@5@@Z 0000000140008afc f   umodsys_lib_libmedia:umodsys.mod.media.stdlib.obj
 0001:00007b94       ?do_open@RModuleReg@stdlib@media@modules@UModSys@@UEAA_NXZ 0000000140008b94 f i umodsys_lib_libmedia:umodsys.mod.media.stdlib.obj
 0001:00007c08       ?do_close@RModuleReg@stdlib@media@modules@UModSys@@UEAA_NXZ 0000000140008c08 f i umodsys_lib_libmedia:umodsys.mod.media.stdlib.obj
 0001:00007c58       ?get_module@RGenerator@stdlib@media@modules@UModSys@@UEBAPEAUIModule@base@5@XZ 0000000140008c58 f   umodsys_lib_libmedia:umodsys.mod.media.stdlib.obj
 0001:00007c60       ?mod_inc@RGenerator@stdlib@media@modules@UModSys@@UEBA_NXZ 0000000140008c60 f   umodsys_lib_libmedia:umodsys.mod.media.stdlib.obj
 0001:00007c70       ?mod_dec@RGenerator@stdlib@media@modules@UModSys@@UEBA_NXZ 0000000140008c70 f   umodsys_lib_libmedia:umodsys.mod.media.stdlib.obj
 0001:00007c84       ?s_holder@RGenerator@stdlib@media@modules@UModSys@@SAAEAU?$TTypeStaticHolder@URGenerator@stdlib@media@modules@UModSys@@@tl@5@XZ 0000000140008c84 f   umodsys_lib_libmedia:umodsys.mod.media.stdlib.obj
 0001:00007cc8       ??4?$TString@U?$TSCoreConst@D@su@tl@UModSys@@U?$TComparerBinaryHash@D@234@@tl@UModSys@@QEAAAEBU012@PEBD@Z 0000000140008cc8 f i umodsys_lib_libmedia:umodsys.mod.media.stdlib.obj
 0001:00007d40       ??0?$TString@U?$TSCoreShared@USIMemAlloc@core@UModSys@@D@su@tl@UModSys@@U?$TComparerBinaryHash@D@234@@tl@UModSys@@QEAA@AEBU?$TSCoreConst@D@su@12@@Z 0000000140008d40 f i umodsys_lib_libmedia:umodsys.mod.media.stdlib.obj
 0001:00007dec       ?Resize@?$TDynarray@U?$TDynarrayHolderDynamic@EU?$TAllocator@USIMemAlloc@core@UModSys@@USCountCalcPower2@23@@tl@UModSys@@@tl@UModSys@@@tl@UModSys@@QEAA_N_K@Z 0000000140008dec f i umodsys_lib_libmedia:umodsys.mod.media.stdlib.obj
 0001:00007e84       ??1?$TTreeHoldRBD@UNameNode@IBinArchiveFrame@libmedia@UModSys@@U?$TNodeDeleter0@UNameNode@IBinArchiveFrame@libmedia@UModSys@@@tl@4@@tl@UModSys@@QEAA@XZ 0000000140008e84 f i umodsys_lib_libmedia:umodsys.mod.media.stdlib.obj
 0001:00007eec       ?remove_node@?$TTreeHoldRB@UNameNode@IBinArchiveFrame@libmedia@UModSys@@@tl@UModSys@@QEAAXPEAUNameNode@IBinArchiveFrame@libmedia@3@@Z 0000000140008eec f i umodsys_lib_libmedia:umodsys.mod.media.stdlib.obj
 0001:00008000       ??R?$TScatterArray@USMountInfo@RLibraryBinTree@stdlib@media@modules@UModSys@@USId@ILibraryBinTree@libmedia@6@U7896@U?$TNodeDeleter0@U?$TScatterArrayNode@USMountInfo@RLibraryBinTree@stdlib@media@modules@UModSys@@USId@ILibraryBinTree@libmedia@6@@tl@UModSys@@@tl@6@@tl@UModSys@@QEAAPEAUSMountInfo@RLibraryBinTree@stdlib@media@modules@2@AEBUSId@ILibraryBinTree@libmedia@2@PEAUVoid@core@2@@Z 0000000140009000 f i umodsys_lib_libmedia:umodsys.mod.media.stdlib.obj
 0001:00008124       ??R?$TScatterArray@USCacheElem@RLibraryBinCache@stdlib@media@modules@UModSys@@U?$TString@U?$TSCoreConst@D@su@tl@UModSys@@U?$TComparerBinaryHash@D@234@@tl@6@U?$TObjectCompare@U?$TString@U?$TSCoreConst@D@su@tl@UModSys@@U?$TComparerBinaryHash@D@234@@tl@UModSys@@@core@6@U?$TNodeDeleter0@U?$TScatterArrayNode@USCacheElem@RLibraryBinCache@stdlib@media@modules@UModSys@@U?$TString@U?$TSCoreConst@D@su@tl@UModSys@@U?$TComparerBinaryHash@D@234@@tl@6@@tl@UModSys@@@86@@tl@UModSys@@QEAAPEAUSCacheElem@RLibraryBinCache@stdlib@media@modules@2@AEBU?$TString@U?$TSCoreConst@D@su@tl@UModSys@@U?$TComparerBinaryHash@D@234@@12@PEAUVoid@core@2@@Z 0000000140009124 f i umodsys_lib_libmedia:umodsys.mod.media.stdlib.obj
 0001:00008220       ??1?$TRefObject@URLibraryObjFilter@stdlib@media@modules@UModSys@@U?$TRefObjectFunc@URLibraryObjFilter@stdlib@media@modules@UModSys@@@tl@5@@tl@UModSys@@QEAA@XZ 0000000140009220 f i umodsys_lib_libmedia:umodsys.mod.media.stdlib.obj
 0001:00008220       ??1?$TRefObject@URStreamWriter_FILE@stdio@media@modules@UModSys@@U?$TRefObjectFunc@URStreamWriter_FILE@stdio@media@modules@UModSys@@@tl@5@@tl@UModSys@@QEAA@XZ 0000000140009220 f i umodsys_lib_libmedia:umodsys.mod.media.stdio.obj
 0001:00008220       ??1?$TRefObject@UIStreamReader@libmedia@UModSys@@U?$TRefObjectFunc@UIStreamReader@libmedia@UModSys@@@tl@3@@tl@UModSys@@QEAA@XZ 0000000140009220 f i umodsys_lib_libmedia:umodsys.mod.media.stdio.obj
 0001:00008220       ??1?$TRefObject@UIClient@IBinArchiveFrame@libmedia@UModSys@@U?$TRefObjectFunc@UIClient@IBinArchiveFrame@libmedia@UModSys@@@tl@4@@tl@UModSys@@QEAA@XZ 0000000140009220 f i umodsys_lib_libmedia:umodsys.mod.media.stdlib.obj
 0001:00008220       ??1?$TRefObject@URStreamReader_FILE@stdio@media@modules@UModSys@@U?$TRefObjectFunc@URStreamReader_FILE@stdio@media@modules@UModSys@@@tl@5@@tl@UModSys@@QEAA@XZ 0000000140009220 f i umodsys_lib_libmedia:umodsys.mod.media.stdio.obj
 0001:00008220       ??1?$TRefObject@URLibraryBinCache@stdlib@media@modules@UModSys@@U?$TRefObjectFunc@URLibraryBinCache@stdlib@media@modules@UModSys@@@tl@5@@tl@UModSys@@QEAA@XZ 0000000140009220 f i umodsys_lib_libmedia:umodsys.mod.media.stdlib.obj
 0001:00008220       ??1?$TRefObject@UIShell@base@UModSys@@U?$TRefObjectFunc@UIShell@base@UModSys@@@tl@3@@tl@UModSys@@QEAA@XZ 0000000140009220 f i umodsys_lib_basesys:umodsys.basesys.rsystem_tests.obj
 0001:00008220       ??1?$TRefObject@URLibraryObjCache@stdlib@media@modules@UModSys@@U?$TRefObjectFunc@URLibraryObjCache@stdlib@media@modules@UModSys@@@tl@5@@tl@UModSys@@QEAA@XZ 0000000140009220 f i umodsys_lib_libmedia:umodsys.mod.media.stdlib.obj
 0001:00008220       ??1?$TRefObject@URLibraryBinTree@stdlib@media@modules@UModSys@@U?$TRefObjectFunc@URLibraryBinTree@stdlib@media@modules@UModSys@@@tl@5@@tl@UModSys@@QEAA@XZ 0000000140009220 f i umodsys_lib_libmedia:umodsys.mod.media.stdlib.obj
 0001:00008220       ??1?$TRefObject@URLibraryLayered@stdlib@media@modules@UModSys@@U?$TRefObjectFunc@URLibraryLayered@stdlib@media@modules@UModSys@@@tl@5@@tl@UModSys@@QEAA@XZ 0000000140009220 f i umodsys_lib_libmedia:umodsys.mod.media.stdlib.obj
 0001:00008220       ??1?$TRefObject@UIBinObjFilter@libmedia@UModSys@@U?$TRefObjectFunc@UIBinObjFilter@libmedia@UModSys@@@tl@3@@tl@UModSys@@QEAA@XZ 0000000140009220 f i umodsys_lib_libmedia:umodsys.mod.media.stdlib.obj
 0001:00008220       ??1?$TRefObject@UIModuleLibraryUni@rsystem@base@UModSys@@U?$TRefObjectFunc@UIModuleLibraryUni@rsystem@base@UModSys@@@tl@4@@tl@UModSys@@QEAA@XZ 0000000140009220 f i umodsys_lib_basesys:umodsys.basesys.rmodule.obj
 0001:00008220       ??1?$TRefObject@URParameters@rsystem@base@UModSys@@U?$TRefObjectFunc@URParameters@rsystem@base@UModSys@@@tl@4@@tl@UModSys@@QEAA@XZ 0000000140009220 f i umodsys_lib_basesys:umodsys.basesys.rsystem_main.obj
 0001:00008220       ??1?$TRefObject@URDataArchiver_OsDir@stdio@media@modules@UModSys@@U?$TRefObjectFunc@URDataArchiver_OsDir@stdio@media@modules@UModSys@@@tl@5@@tl@UModSys@@QEAA@XZ 0000000140009220 f i umodsys_lib_libmedia:umodsys.mod.media.stdio.obj
 0001:00008220       ??1?$TRefObject@UIRefObject@core@UModSys@@U?$TRefObjectFunc@UIRefObject@core@UModSys@@@tl@3@@tl@UModSys@@QEAA@XZ 0000000140009220 f i umodsys_lib_libmedia:umodsys.mod.media.stdlib.obj
 0001:00008220       ??1?$TRefObject@UILibrary@libmedia@UModSys@@U?$TRefObjectFunc@UILibrary@libmedia@UModSys@@@tl@3@@tl@UModSys@@QEAA@XZ 0000000140009220 f i umodsys_lib_libmedia:umodsys.mod.media.stdlib.obj
 0001:00008220       ??1?$TRefObject@URModuleLibrarySO@rsystem@base@UModSys@@U?$TRefObjectFunc@URModuleLibrarySO@rsystem@base@UModSys@@@tl@4@@tl@UModSys@@QEAA@XZ 0000000140009220 f i umodsys_lib_basesys:umodsys.basesys.rmoduleloader.obj
 0001:00008220       ??1?$TRefObject@UIBinArchive@libmedia@UModSys@@U?$TRefObjectFunc@UIBinArchive@libmedia@UModSys@@@tl@3@@tl@UModSys@@QEAA@XZ 0000000140009220 f i umodsys_lib_libmedia:umodsys.mod.media.stdlib.obj
 0001:00008220       ??1SFilter@RLibraryObjFilter@stdlib@media@modules@UModSys@@QEAA@XZ 0000000140009220 f i umodsys_lib_libmedia:umodsys.mod.media.stdlib.obj
 0001:00008220       ??1?$TRefObject@URBinArchiveFrame@stdlib@media@modules@UModSys@@U?$TRefObjectFunc@URBinArchiveFrame@stdlib@media@modules@UModSys@@@tl@5@@tl@UModSys@@QEAA@XZ 0000000140009220 f i umodsys_lib_libmedia:umodsys.mod.media.stdlib.obj
 0001:00008220       ??1?$TRefObject@URUtilities@stdlib@media@modules@UModSys@@U?$TRefObjectFunc@URUtilities@stdlib@media@modules@UModSys@@@tl@5@@tl@UModSys@@QEAA@XZ 0000000140009220 f i umodsys_lib_libmedia:umodsys.mod.media.stdlib.obj
 0001:00008220       ??1?$TRefObject@UIStreamWriter@libmedia@UModSys@@U?$TRefObjectFunc@UIStreamWriter@libmedia@UModSys@@@tl@3@@tl@UModSys@@QEAA@XZ 0000000140009220 f i umodsys_lib_libmedia:umodsys.mod.media.stdio.obj
[...]
 0001:00013f65       ?dtor$4@?0??generate@RGenerator@stdlib@media@modules@UModSys@@UEAA_NAEAU?$TRefObject@UIRefObject@core@UModSys@@U?$TRefObjectFunc@UIRefObject@core@UModSys@@@tl@3@@tl@5@PEBUSUniquePointerInfo@core@5@AEBUSParameters@95@@Z@4HA 0000000140014f65 f    CIL library: CIL module
 0001:00013f85       ?dtor$5@?0??generate@RGenerator@stdlib@media@modules@UModSys@@UEAA_NAEAU?$TRefObject@UIRefObject@core@UModSys@@U?$TRefObjectFunc@UIRefObject@core@UModSys@@@tl@3@@tl@5@PEBUSUniquePointerInfo@core@5@AEBUSParameters@95@@Z@4HA 0000000140014f85 f    CIL library: CIL module
 0001:00013fa0       ??__E?s_id@?$TObjectUniqueID@UIRoot@core@UModSys@@@tl@UModSys@@2USUniquePointer@core@3@A@@YAXXZ 0000000140014fa0 f    CIL library: CIL module
 0001:00013fd4       ??__E?s_id@?$TObjectUniqueID@UIRefObject@core@UModSys@@@tl@UModSys@@2USUniquePointer@core@3@A@@YAXXZ 0000000140014fd4 f    CIL library: CIL module
 0001:00014008       ??__E?s_id@?$TObjectUniqueID@UIParameters@core@UModSys@@@tl@UModSys@@2USUniquePointer@core@3@A@@YAXXZ 0000000140015008 f    CIL library: CIL module
 0001:0001403c       ??__E?s_id@?$TObjectUniqueID@UIModule@base@UModSys@@@tl@UModSys@@2USUniquePointer@core@3@A@@YAXXZ 000000014001503c f    CIL library: CIL module
 0001:00014070       ??__E?s_id@?$TObjectUniqueID@UIModuleLibrary@base@UModSys@@@tl@UModSys@@2USUniquePointer@core@3@A@@YAXXZ 0000000140015070 f    CIL library: CIL module
 0001:000140a4       ??__E?s_id@?$TObjectUniqueID@UIModObject@base@UModSys@@@tl@UModSys@@2USUniquePointer@core@3@A@@YAXXZ 00000001400150a4 f    CIL library: CIL module
 0001:000140d8       ??__E?s_id@?$TObjectUniqueID@UIGenerator@base@UModSys@@@tl@UModSys@@2USUniquePointer@core@3@A@@YAXXZ 00000001400150d8 f    CIL library: CIL module
 0001:0001410c       ??__E?s_id@?$TObjectUniqueID@UIShell@base@UModSys@@@tl@UModSys@@2USUniquePointer@core@3@A@@YAXXZ 000000014001510c f    CIL library: CIL module
 0001:00014140       ??__E?s_id@?$TObjectUniqueID@UIConsole@base@UModSys@@@tl@UModSys@@2USUniquePointer@core@3@A@@YAXXZ 0000000140015140 f    CIL library: CIL module
 0001:00014174       ??__E?s_id@?$TObjectUniqueID@UISystem@base@UModSys@@@tl@UModSys@@2USUniquePointer@core@3@A@@YAXXZ 0000000140015174 f    CIL library: CIL module
 0001:000141a8       ??__E?s_id@?$TObjectUniqueID@URModule@rsystem@base@UModSys@@@tl@UModSys@@2USUniquePointer@core@3@A@@YAXXZ 00000001400151a8 f    CIL library: CIL module
 0001:000141dc       ??__E?s_id@?$TObjectUniqueID@UIModuleLibraryUni@rsystem@base@UModSys@@@tl@UModSys@@2USUniquePointer@core@3@A@@YAXXZ 00000001400151dc f    CIL library: CIL module
 0001:00014210       ??__E?s_id@?$TObjectUniqueID@URModuleLibrarySO@rsystem@base@UModSys@@@tl@UModSys@@2USUniquePointer@core@3@A@@YAXXZ 0000000140015210 f    CIL library: CIL module
 0001:00014244       ??__E?s_id@?$TObjectUniqueID@URModuleLibraryThis@rsystem@base@UModSys@@@tl@UModSys@@2USUniquePointer@core@3@A@@YAXXZ 0000000140015244 f    CIL library: CIL module
 0001:00014278       ??__E?s_id@?$TObjectUniqueID@URParameters@rsystem@base@UModSys@@@tl@UModSys@@2USUniquePointer@core@3@A@@YAXXZ 0000000140015278 f    CIL library: CIL module
 0001:000142ac       ??__E?s_id@?$TObjectUniqueID@URSystem@rsystem@base@UModSys@@@tl@UModSys@@2USUniquePointer@core@3@A@@YAXXZ 00000001400152ac f    CIL library: CIL module
 0001:000142e0       ??__E?s_id@?$TObjectUniqueID@URConsole_std@rsystem@base@UModSys@@@tl@UModSys@@2USUniquePointer@core@3@A@@YAXXZ 00000001400152e0 f    CIL library: CIL module
 0001:00014314       ??__E?s_modreg@RModuleReg@stdio@media@modules@UModSys@@2U12345@A@@YAXXZ 0000000140015314 f    CIL library: CIL module
 0001:00014370       ??__E?s_modreg_chain@RModuleReg@stdio@media@modules@UModSys@@2USModuleRegChain@base@5@A@@YAXXZ 0000000140015370 f    CIL library: CIL module
 0001:000143b0       ??__E?s_uid@RGenerator@stdio@media@modules@UModSys@@2USUniquePointer@core@5@A@@YAXXZ 00000001400153b0 f    CIL library: CIL module
 0001:000143e4       ??__E?s_id@?$TObjectUniqueID@UIStreamReader@libmedia@UModSys@@@tl@UModSys@@2USUniquePointer@core@3@A@@YAXXZ 00000001400153e4 f    CIL library: CIL module
 0001:00014418       ??__E?s_id@?$TObjectUniqueID@UIStreamWriter@libmedia@UModSys@@@tl@UModSys@@2USUniquePointer@core@3@A@@YAXXZ 0000000140015418 f    CIL library: CIL module
 0001:0001444c       ??__E?s_id@?$TObjectUniqueID@UIUtilities@libmedia@UModSys@@@tl@UModSys@@2USUniquePointer@core@3@A@@YAXXZ 000000014001544c f    CIL library: CIL module
 0001:00014480       ??__E?s_id@?$TObjectUniqueID@UILibObject@libmedia@UModSys@@@tl@UModSys@@2USUniquePointer@core@3@A@@YAXXZ 0000000140015480 f    CIL library: CIL module
 0001:000144b4       ??__E?s_id@?$TObjectUniqueID@UIBinArchive@libmedia@UModSys@@@tl@UModSys@@2USUniquePointer@core@3@A@@YAXXZ 00000001400154b4 f    CIL library: CIL module
 0001:000144e8       ??__E?s_id@?$TObjectUniqueID@UIBinObjFilter@libmedia@UModSys@@@tl@UModSys@@2USUniquePointer@core@3@A@@YAXXZ 00000001400154e8 f    CIL library: CIL module
 0001:0001451c       ??__E?s_id@?$TObjectUniqueID@UILibrary@libmedia@UModSys@@@tl@UModSys@@2USUniquePointer@core@3@A@@YAXXZ 000000014001551c f    CIL library: CIL module
 0001:00014550       ??__E?s_id@?$TObjectUniqueID@URStreamReader_FILE@stdio@media@modules@UModSys@@@tl@UModSys@@2USUniquePointer@core@3@A@@YAXXZ 0000000140015550 f    CIL library: CIL module
 0001:00014584       ??__E?s_id@?$TObjectUniqueID@URStreamWriter_FILE@stdio@media@modules@UModSys@@@tl@UModSys@@2USUniquePointer@core@3@A@@YAXXZ 0000000140015584 f    CIL library: CIL module
 0001:000145b8       ??__E?s_id@?$TObjectUniqueID@URDataArchiver_OsDir@stdio@media@modules@UModSys@@@tl@UModSys@@2USUniquePointer@core@3@A@@YAXXZ 00000001400155b8 f    CIL library: CIL module
 0001:000145ec       ??__E?s_id@?$TObjectUniqueID@URGenerator@stdio@media@modules@UModSys@@@tl@UModSys@@2USUniquePointer@core@3@A@@YAXXZ 00000001400155ec f    CIL library: CIL module
 0001:00014620       ??__E?s_modreg@RModuleReg@stdlib@media@modules@UModSys@@2U12345@A@@YAXXZ 0000000140015620 f    CIL library: CIL module
 0001:0001467c       ??__E?s_modreg_chain@RModuleReg@stdlib@media@modules@UModSys@@2USModuleRegChain@base@5@A@@YAXXZ 000000014001567c f    CIL library: CIL module
 0001:000146bc       ??__E?s_uid@RGenerator@stdlib@media@modules@UModSys@@2USUniquePointer@core@5@A@@YAXXZ 00000001400156bc f    CIL library: CIL module
 0001:000146f0       ??__E?s_id@?$TObjectUniqueID@UILibraryBinTree@libmedia@UModSys@@@tl@UModSys@@2USUniquePointer@core@3@A@@YAXXZ 00000001400156f0 f    CIL library: CIL module
 0001:00014724       ??__E?s_id@?$TObjectUniqueID@UILibraryBinCache@libmedia@UModSys@@@tl@UModSys@@2USUniquePointer@core@3@A@@YAXXZ 0000000140015724 f    CIL library: CIL module
 0001:00014758       ??__E?s_id@?$TObjectUniqueID@UILibraryObjFilter@libmedia@UModSys@@@tl@UModSys@@2USUniquePointer@core@3@A@@YAXXZ 0000000140015758 f    CIL library: CIL module
 0001:0001478c       ??__E?s_id@?$TObjectUniqueID@UILibraryObjCache@libmedia@UModSys@@@tl@UModSys@@2USUniquePointer@core@3@A@@YAXXZ 000000014001578c f    CIL library: CIL module
 0001:000147c0       ??__E?s_id@?$TObjectUniqueID@UILibraryLayered@libmedia@UModSys@@@tl@UModSys@@2USUniquePointer@core@3@A@@YAXXZ 00000001400157c0 f    CIL library: CIL module
 0001:000147f4       ??__E?s_id@?$TObjectUniqueID@UIBinArchiveFrame@libmedia@UModSys@@@tl@UModSys@@2USUniquePointer@core@3@A@@YAXXZ 00000001400157f4 f    CIL library: CIL module
 0001:00014828       ??__E?s_id@?$TObjectUniqueID@UIClient@IBinArchiveFrame@libmedia@UModSys@@@tl@UModSys@@2USUniquePointer@core@3@A@@YAXXZ 0000000140015828 f    CIL library: CIL module
 0001:0001485c       ??__E?s_id@?$TObjectUniqueID@URUtilities@stdlib@media@modules@UModSys@@@tl@UModSys@@2USUniquePointer@core@3@A@@YAXXZ 000000014001585c f    CIL library: CIL module
 0001:00014890       ??__E?s_id@?$TObjectUniqueID@URBinArchiveFrame@stdlib@media@modules@UModSys@@@tl@UModSys@@2USUniquePointer@core@3@A@@YAXXZ 0000000140015890 f    CIL library: CIL module
 0001:000148c4       ??__E?s_id@?$TObjectUniqueID@URLibraryBinTree@stdlib@media@modules@UModSys@@@tl@UModSys@@2USUniquePointer@core@3@A@@YAXXZ 00000001400158c4 f    CIL library: CIL module
 0001:000148f8       ??__E?s_id@?$TObjectUniqueID@URLibraryBinCache@stdlib@media@modules@UModSys@@@tl@UModSys@@2USUniquePointer@core@3@A@@YAXXZ 00000001400158f8 f    CIL library: CIL module
 0001:0001492c       ??__E?s_id@?$TObjectUniqueID@URLibraryLayered@stdlib@media@modules@UModSys@@@tl@UModSys@@2USUniquePointer@core@3@A@@YAXXZ 000000014001592c f    CIL library: CIL module
 0001:00014960       ??__E?s_id@?$TObjectUniqueID@URLibraryObjCache@stdlib@media@modules@UModSys@@@tl@UModSys@@2USUniquePointer@core@3@A@@YAXXZ 0000000140015960 f    CIL library: CIL module
 0001:00014994       ??__E?s_id@?$TObjectUniqueID@URLibraryObjFilter@stdlib@media@modules@UModSys@@@tl@UModSys@@2USUniquePointer@core@3@A@@YAXXZ 0000000140015994 f    CIL library: CIL module
 0001:000149c8       ??__E?s_id@?$TObjectUniqueID@URGenerator@stdlib@media@modules@UModSys@@@tl@UModSys@@2USUniquePointer@core@3@A@@YAXXZ 00000001400159c8 f    CIL library: CIL module
 0001:000149fc       ??__E?s_console@RConsole_std@rsystem@base@UModSys@@2U1234@A@@YAXXZ 00000001400159fc f    CIL library: CIL module
 0001:00014a08       ??__E?s_sys@RSystem@rsystem@base@UModSys@@2U1234@A@@YAXXZ 0000000140015a08 f    CIL library: CIL module
 0001:00014a14       ??__Ersys_dbg@rsystem@base@UModSys@@YAXXZ 0000000140015a14 f    CIL library: CIL module
 0001:00014a20       ??__EM@UModSys@@YAXXZ      0000000140015a20 f    CIL library: CIL module
 0001:00014a2c       ??__E?root@SModuleRegChain@base@UModSys@@2U123@A@@YAXXZ 0000000140015a2c f    CIL library: CIL module
 0001:00014a38       ??__E?s_library@RModuleLibraryReg_Chain@base@UModSys@@2U123@A@@YAXXZ 0000000140015a38 f    CIL library: CIL module
 0001:00014a44       ??__E?root@SUniquePointer@core@UModSys@@2U123@A@@YAXXZ 0000000140015a44 f    CIL library: CIL module
 0001:00014a50       ??__F?s_id@?$TObjectUniqueID@URConsole_std@rsystem@base@UModSys@@@tl@UModSys@@2USUniquePointer@core@3@A@@YAXXZ 0000000140015a50 f    CIL library: CIL module
 0001:00014a5c       ??__F?s_id@?$TObjectUniqueID@URSystem@rsystem@base@UModSys@@@tl@UModSys@@2USUniquePointer@core@3@A@@YAXXZ 0000000140015a5c f    CIL library: CIL module
 0001:00014a68       ??__F?s_id@?$TObjectUniqueID@URParameters@rsystem@base@UModSys@@@tl@UModSys@@2USUniquePointer@core@3@A@@YAXXZ 0000000140015a68 f    CIL library: CIL module
 0001:00014a74       ??__F?s_id@?$TObjectUniqueID@URModuleLibraryThis@rsystem@base@UModSys@@@tl@UModSys@@2USUniquePointer@core@3@A@@YAXXZ 0000000140015a74 f    CIL library: CIL module
 0001:00014a80       ??__F?s_id@?$TObjectUniqueID@URModuleLibrarySO@rsystem@base@UModSys@@@tl@UModSys@@2USUniquePointer@core@3@A@@YAXXZ 0000000140015a80 f    CIL library: CIL module
 0001:00014a8c       ??__F?s_id@?$TObjectUniqueID@UIModuleLibraryUni@rsystem@base@UModSys@@@tl@UModSys@@2USUniquePointer@core@3@A@@YAXXZ 0000000140015a8c f    CIL library: CIL module
 0001:00014a98       ??__F?s_id@?$TObjectUniqueID@URModule@rsystem@base@UModSys@@@tl@UModSys@@2USUniquePointer@core@3@A@@YAXXZ 0000000140015a98 f    CIL library: CIL module
 0001:00014aa4       ??__F?s_id@?$TObjectUniqueID@UISystem@base@UModSys@@@tl@UModSys@@2USUniquePointer@core@3@A@@YAXXZ 0000000140015aa4 f    CIL library: CIL module
 0001:00014ab0       ??__F?s_id@?$TObjectUniqueID@UIConsole@base@UModSys@@@tl@UModSys@@2USUniquePointer@core@3@A@@YAXXZ 0000000140015ab0 f    CIL library: CIL module
 0001:00014abc       ??__F?s_id@?$TObjectUniqueID@UIShell@base@UModSys@@@tl@UModSys@@2USUniquePointer@core@3@A@@YAXXZ 0000000140015abc f    CIL library: CIL module
 0001:00014ac8       ??__F?s_id@?$TObjectUniqueID@UIGenerator@base@UModSys@@@tl@UModSys@@2USUniquePointer@core@3@A@@YAXXZ 0000000140015ac8 f    CIL library: CIL module
 0001:00014ad4       ??__F?s_id@?$TObjectUniqueID@UIModObject@base@UModSys@@@tl@UModSys@@2USUniquePointer@core@3@A@@YAXXZ 0000000140015ad4 f    CIL library: CIL module
 0001:00014ae0       ??__F?s_id@?$TObjectUniqueID@UIModuleLibrary@base@UModSys@@@tl@UModSys@@2USUniquePointer@core@3@A@@YAXXZ 0000000140015ae0 f    CIL library: CIL module
 0001:00014aec       ??__F?s_id@?$TObjectUniqueID@UIModule@base@UModSys@@@tl@UModSys@@2USUniquePointer@core@3@A@@YAXXZ 0000000140015aec f    CIL library: CIL module
 0001:00014af8       ??__F?s_id@?$TObjectUniqueID@UIParameters@core@UModSys@@@tl@UModSys@@2USUniquePointer@core@3@A@@YAXXZ 0000000140015af8 f    CIL library: CIL module
 0001:00014b04       ??__F?s_id@?$TObjectUniqueID@UIRefObject@core@UModSys@@@tl@UModSys@@2USUniquePointer@core@3@A@@YAXXZ 0000000140015b04 f    CIL library: CIL module
 0001:00014b10       ??__F?s_id@?$TObjectUniqueID@UIRoot@core@UModSys@@@tl@UModSys@@2USUniquePointer@core@3@A@@YAXXZ 0000000140015b10 f    CIL library: CIL module
 0001:00014b1c       ??__F?s_modreg@RModuleReg@stdio@media@modules@UModSys@@2U12345@A@@YAXXZ 0000000140015b1c f    CIL library: CIL module
 0001:00014b2c       ??__F?s_modreg_chain@RModuleReg@stdio@media@modules@UModSys@@2USModuleRegChain@base@5@A@@YAXXZ 0000000140015b2c f    CIL library: CIL module
 0001:00014b6c       ??__F?s_uid@RGenerator@stdio@media@modules@UModSys@@2USUniquePointer@core@5@A@@YAXXZ 0000000140015b6c f    CIL library: CIL module
 0001:00014b78       ??__Fh@?1??s_holder@RGenerator@stdio@media@modules@UModSys@@SAAEAU?$TTypeStaticHolder@URGenerator@stdio@media@modules@UModSys@@@tl@5@XZ@YAXXZ 0000000140015b78 f    CIL library: CIL module
 0001:00014ba0       ??__F?s_id@?$TObjectUniqueID@URGenerator@stdio@media@modules@UModSys@@@tl@UModSys@@2USUniquePointer@core@3@A@@YAXXZ 0000000140015ba0 f    CIL library: CIL module
 0001:00014bac       ??__F?s_id@?$TObjectUniqueID@URDataArchiver_OsDir@stdio@media@modules@UModSys@@@tl@UModSys@@2USUniquePointer@core@3@A@@YAXXZ 0000000140015bac f    CIL library: CIL module
 0001:00014bb8       ??__F?s_id@?$TObjectUniqueID@URStreamWriter_FILE@stdio@media@modules@UModSys@@@tl@UModSys@@2USUniquePointer@core@3@A@@YAXXZ 0000000140015bb8 f    CIL library: CIL module
 0001:00014bc4       ??__F?s_id@?$TObjectUniqueID@URStreamReader_FILE@stdio@media@modules@UModSys@@@tl@UModSys@@2USUniquePointer@core@3@A@@YAXXZ 0000000140015bc4 f    CIL library: CIL module
 0001:00014bd0       ??__F?s_id@?$TObjectUniqueID@UILibrary@libmedia@UModSys@@@tl@UModSys@@2USUniquePointer@core@3@A@@YAXXZ 0000000140015bd0 f    CIL library: CIL module
 0001:00014bdc       ??__F?s_id@?$TObjectUniqueID@UIBinObjFilter@libmedia@UModSys@@@tl@UModSys@@2USUniquePointer@core@3@A@@YAXXZ 0000000140015bdc f    CIL library: CIL module
 0001:00014be8       ??__F?s_id@?$TObjectUniqueID@UIBinArchive@libmedia@UModSys@@@tl@UModSys@@2USUniquePointer@core@3@A@@YAXXZ 0000000140015be8 f    CIL library: CIL module
 0001:00014bf4       ??__F?s_id@?$TObjectUniqueID@UILibObject@libmedia@UModSys@@@tl@UModSys@@2USUniquePointer@core@3@A@@YAXXZ 0000000140015bf4 f    CIL library: CIL module
 0001:00014c00       ??__F?s_id@?$TObjectUniqueID@UIUtilities@libmedia@UModSys@@@tl@UModSys@@2USUniquePointer@core@3@A@@YAXXZ 0000000140015c00 f    CIL library: CIL module
 0001:00014c0c       ??__F?s_id@?$TObjectUniqueID@UIStreamWriter@libmedia@UModSys@@@tl@UModSys@@2USUniquePointer@core@3@A@@YAXXZ 0000000140015c0c f    CIL library: CIL module
 0001:00014c18       ??__F?s_id@?$TObjectUniqueID@UIStreamReader@libmedia@UModSys@@@tl@UModSys@@2USUniquePointer@core@3@A@@YAXXZ 0000000140015c18 f    CIL library: CIL module
 0001:00014c24       ??__F?s_modreg@RModuleReg@stdlib@media@modules@UModSys@@2U12345@A@@YAXXZ 0000000140015c24 f    CIL library: CIL module
 0001:00014c34       ??__F?s_modreg_chain@RModuleReg@stdlib@media@modules@UModSys@@2USModuleRegChain@base@5@A@@YAXXZ 0000000140015c34 f    CIL library: CIL module
 0001:00014c74       ??__F?s_uid@RGenerator@stdlib@media@modules@UModSys@@2USUniquePointer@core@5@A@@YAXXZ 0000000140015c74 f    CIL library: CIL module
 0001:00014c80       ??__Fh@?1??s_holder@RGenerator@stdlib@media@modules@UModSys@@SAAEAU?$TTypeStaticHolder@URGenerator@stdlib@media@modules@UModSys@@@tl@5@XZ@YAXXZ 0000000140015c80 f    CIL library: CIL module
 0001:00014ca8       ??__F?s_id@?$TObjectUniqueID@URGenerator@stdlib@media@modules@UModSys@@@tl@UModSys@@2USUniquePointer@core@3@A@@YAXXZ 0000000140015ca8 f    CIL library: CIL module
 0001:00014cb4       ??__F?s_id@?$TObjectUniqueID@URLibraryObjFilter@stdlib@media@modules@UModSys@@@tl@UModSys@@2USUniquePointer@core@3@A@@YAXXZ 0000000140015cb4 f    CIL library: CIL module
 0001:00014cc0       ??__F?s_id@?$TObjectUniqueID@URLibraryObjCache@stdlib@media@modules@UModSys@@@tl@UModSys@@2USUniquePointer@core@3@A@@YAXXZ 0000000140015cc0 f    CIL library: CIL module
 0001:00014ccc       ??__F?s_id@?$TObjectUniqueID@URLibraryLayered@stdlib@media@modules@UModSys@@@tl@UModSys@@2USUniquePointer@core@3@A@@YAXXZ 0000000140015ccc f    CIL library: CIL module
 0001:00014cd8       ??__F?s_id@?$TObjectUniqueID@URLibraryBinCache@stdlib@media@modules@UModSys@@@tl@UModSys@@2USUniquePointer@core@3@A@@YAXXZ 0000000140015cd8 f    CIL library: CIL module
 0001:00014ce4       ??__F?s_id@?$TObjectUniqueID@URLibraryBinTree@stdlib@media@modules@UModSys@@@tl@UModSys@@2USUniquePointer@core@3@A@@YAXXZ 0000000140015ce4 f    CIL library: CIL module
 0001:00014cf0       ??__F?s_id@?$TObjectUniqueID@URBinArchiveFrame@stdlib@media@modules@UModSys@@@tl@UModSys@@2USUniquePointer@core@3@A@@YAXXZ 0000000140015cf0 f    CIL library: CIL module
 0001:00014cfc       ??__F?s_id@?$TObjectUniqueID@URUtilities@stdlib@media@modules@UModSys@@@tl@UModSys@@2USUniquePointer@core@3@A@@YAXXZ 0000000140015cfc f    CIL library: CIL module
 0001:00014d08       ??__F?s_id@?$TObjectUniqueID@UIClient@IBinArchiveFrame@libmedia@UModSys@@@tl@UModSys@@2USUniquePointer@core@3@A@@YAXXZ 0000000140015d08 f    CIL library: CIL module
 0001:00014d14       ??__F?s_id@?$TObjectUniqueID@UIBinArchiveFrame@libmedia@UModSys@@@tl@UModSys@@2USUniquePointer@core@3@A@@YAXXZ 0000000140015d14 f    CIL library: CIL module
 0001:00014d20       ??__F?s_id@?$TObjectUniqueID@UILibraryLayered@libmedia@UModSys@@@tl@UModSys@@2USUniquePointer@core@3@A@@YAXXZ 0000000140015d20 f    CIL library: CIL module
 0001:00014d2c       ??__F?s_id@?$TObjectUniqueID@UILibraryObjCache@libmedia@UModSys@@@tl@UModSys@@2USUniquePointer@core@3@A@@YAXXZ 0000000140015d2c f    CIL library: CIL module
 0001:00014d38       ??__F?s_id@?$TObjectUniqueID@UILibraryObjFilter@libmedia@UModSys@@@tl@UModSys@@2USUniquePointer@core@3@A@@YAXXZ 0000000140015d38 f    CIL library: CIL module
 0001:00014d44       ??__F?s_id@?$TObjectUniqueID@UILibraryBinCache@libmedia@UModSys@@@tl@UModSys@@2USUniquePointer@core@3@A@@YAXXZ 0000000140015d44 f    CIL library: CIL module
 0001:00014d50       ??__F?s_id@?$TObjectUniqueID@UILibraryBinTree@libmedia@UModSys@@@tl@UModSys@@2USUniquePointer@core@3@A@@YAXXZ 0000000140015d50 f    CIL library: CIL module
 0001:00014d5c       ??__F?s_console@RConsole_std@rsystem@base@UModSys@@2U1234@A@@YAXXZ 0000000140015d5c f    CIL library: CIL module
 0001:00014d9c       ??__F?s_sys@RSystem@rsystem@base@UModSys@@2U1234@A@@YAXXZ 0000000140015d9c f    CIL library: CIL module
 0001:00014da8       ??__Frsys_dbg@rsystem@base@UModSys@@YAXXZ 0000000140015da8 f    CIL library: CIL module
 0001:00014dcc       ??__FM@UModSys@@YAXXZ      0000000140015dcc f    CIL library: CIL module
 0001:00014dd0       ??__F?root@SModuleRegChain@base@UModSys@@2U123@A@@YAXXZ 0000000140015dd0 f    CIL library: CIL module
 0001:00014e10       ??__F?s_library@RModuleLibraryReg_Chain@base@UModSys@@2U123@A@@YAXXZ 0000000140015e10 f    CIL library: CIL module
 0001:00014e20       ??__F?root@SUniquePointer@core@UModSys@@2U123@A@@YAXXZ 0000000140015e20 f    CIL library: CIL module

 Exports

  ordinal    name

        1    UModSys_Plugin_Entry2
