 umodsysc

 Timestamp is 5249415a (Mon Sep 30 12:16:10 2013)

 Preferred load address is 0000000140000000

 Start         Length     Name                   Class
 0001:00000000 00004f36H .text                   CODE
 0001:00004f40 0000005eH .text$00                CODE
 0001:00004fa0 0000041cH .text$x                 CODE
 0001:000053bc 000003b8H .text$yc                CODE
 0001:00005774 00000134H .text$yd                CODE
 0002:00000000 000001d0H .idata$5                DATA
 0002:000001d0 00000008H .CRT$XCA                DATA
 0002:000001d8 00000008H .CRT$XCAA               DATA
 0002:000001e0 000000a0H .CRT$XCU                DATA
 0002:00000280 00000008H .CRT$XCZ                DATA
 0002:00000288 00000008H .CRT$XIA                DATA
 0002:00000290 00000008H .CRT$XIAA               DATA
 0002:00000298 00000008H .CRT$XIY                DATA
 0002:000002a0 00000008H .CRT$XIZ                DATA
 0002:000002b0 00000ee8H .rdata                  DATA
 0002:00001198 00000784H .rdata$r                DATA
 0002:00001920 00000008H .rtc$IAA                DATA
 0002:00001928 00000008H .rtc$IZZ                DATA
 0002:00001930 00000008H .rtc$TAA                DATA
 0002:00001938 00000008H .rtc$TZZ                DATA
 0002:00001940 000006c0H .xdata                  DATA
 0002:00002000 00000028H .idata$2                DATA
 0002:00002028 00000014H .idata$3                DATA
 0002:00002040 000001d0H .idata$4                DATA
 0002:00002210 0000038eH .idata$6                DATA
 0002:0000259e 00000000H .edata                  DATA
 0003:00000000 00000524H .data                   DATA
 0003:00000528 00000398H .bss                    DATA
 0004:00000000 00000774H .pdata                  DATA

  Address         Publics by Value              Rva+Base               Lib:Object

 0000:00000000       ___safe_se_handler_table   0000000000000000     <absolute>
 0000:00000000       ___safe_se_handler_count   0000000000000000     <absolute>
 0000:00000000       __ImageBase                0000000140000000     <linker-defined>
 0001:00000000       main                       0000000140001000 f   umodsys.c_main.obj
 0001:00000334       ?get_interface_info@RConsole_std@rsystem@base@UModSys@@UEBAAEBUSUniquePointerInfo@core@4@XZ 0000000140001334 f i umodsys_lib_basesys:umodsys.base.rconsole_std.obj
 0001:0000033c       ?get_interface_type@RConsole_std@rsystem@base@UModSys@@UEBAPEBUSUniquePointerInfo@core@4@XZ 000000014000133c f i umodsys_lib_basesys:umodsys.base.rconsole_std.obj
 0001:00000344       ?get_other_interface@RConsole_std@rsystem@base@UModSys@@UEAAPEAUIRoot@core@4@PEBUSUniquePointerInfo@64@@Z 0000000140001344 f i umodsys_lib_basesys:umodsys.base.rconsole_std.obj
 0001:00000344       ?get_other_interface@RConsole_std@rsystem@base@UModSys@@UEBAPEBUIRoot@core@4@PEBUSUniquePointerInfo@64@@Z 0000000140001344 f i umodsys_lib_basesys:umodsys.base.rconsole_std.obj
 0001:00000374       ?ref_remove@RConsole_std@rsystem@base@UModSys@@UEBAXXZ 0000000140001374 f   umodsys_lib_basesys:umodsys.base.rconsole_std.obj
 0001:00000374       ??3@YAXPEAX0@Z             0000000140001374 f   umodsys_lib_basesys:umodsys.base.rsystem_main.obj
 0001:00000374       ?ref_add@RConsole_std@rsystem@base@UModSys@@UEBAXXZ 0000000140001374 f   umodsys_lib_basesys:umodsys.base.rconsole_std.obj
 0001:00000378       ?vput@RConsole_std@rsystem@base@UModSys@@UEAA_NHPEBDPEAD@Z 0000000140001378 f   umodsys_lib_basesys:umodsys.base.rconsole_std.obj
 0001:000003dc       ?put@RConsole_std@rsystem@base@UModSys@@UEAA_NHPEBDZZ 00000001400013dc f   umodsys_lib_basesys:umodsys.base.rconsole_std.obj
 0001:00000438       ?get_c@RConsole_std@rsystem@base@UModSys@@UEAA_NPEAHPEBDZZ 0000000140001438 f   umodsys_lib_basesys:umodsys.base.rconsole_std.obj
 0001:00000440       ?reflect@RConsole_std@rsystem@base@UModSys@@QEAA_NPEBD@Z 0000000140001440 f   umodsys_lib_basesys:umodsys.base.rconsole_std.obj
 0001:000004a4       ??_ERConsole_std@rsystem@base@UModSys@@UEAAPEAXI@Z 00000001400014a4 f i  CIL library: CIL module
 0001:000004a4       ??_GRConsole_std@rsystem@base@UModSys@@UEAAPEAXI@Z 00000001400014a4 f i umodsys_lib_basesys:umodsys.base.rconsole_std.obj
 0001:000004f8       ??_GRParameters@rsystem@base@UModSys@@UEAAPEAXI@Z 00000001400014f8 f i umodsys_lib_basesys:umodsys.base.rparameters.obj
 0001:000004f8       ??_GIRoot@core@UModSys@@UEAAPEAXI@Z 00000001400014f8 f i umodsys_lib_basesys:umodsys.base.rconsole_std.obj
 0001:000004f8       ??_EIRoot@core@UModSys@@UEAAPEAXI@Z 00000001400014f8 f i  CIL library: CIL module
 0001:000004f8       ??_ERParameters@rsystem@base@UModSys@@UEAAPEAXI@Z 00000001400014f8 f i  CIL library: CIL module
 0001:00000520       ?get_interface_info@RSystem@rsystem@base@UModSys@@UEBAAEBUSUniquePointerInfo@core@4@XZ 0000000140001520 f i umodsys_lib_basesys:umodsys.base.rsystem_main.obj
 0001:00000528       ?get_interface_type@RSystem@rsystem@base@UModSys@@UEBAPEBUSUniquePointerInfo@core@4@XZ 0000000140001528 f i umodsys_lib_basesys:umodsys.base.rsystem_main.obj
 0001:00000530       ?get_other_interface@RSystem@rsystem@base@UModSys@@UEBAPEBUIRoot@core@4@PEBUSUniquePointerInfo@64@@Z 0000000140001530 f i umodsys_lib_basesys:umodsys.base.rsystem_main.obj
 0001:00000530       ?get_other_interface@RSystem@rsystem@base@UModSys@@UEAAPEAUIRoot@core@4@PEBUSUniquePointerInfo@64@@Z 0000000140001530 f i umodsys_lib_basesys:umodsys.base.rsystem_main.obj
 0001:00000550       ??_GRSystem@rsystem@base@UModSys@@UEAAPEAXI@Z 0000000140001550 f i umodsys_lib_basesys:umodsys.base.rsystem_main.obj
 0001:00000550       ??_ERSystem@rsystem@base@UModSys@@UEAAPEAXI@Z 0000000140001550 f i  CIL library: CIL module
 0001:00000580       ??1RSystem@rsystem@base@UModSys@@UEAA@XZ 0000000140001580 f   umodsys_lib_basesys:umodsys.base.rsystem_main.obj
 0001:0000068c       ?dbg_put@rsystem@base@UModSys@@YAXW4eRSystemDebugLevels@123@PEBDZZ 000000014000168c f   umodsys_lib_basesys:umodsys.base.rsystem_main.obj
 0001:000006d0       ?err_put@rsystem@base@UModSys@@YAXW4eRSystemDebugLevels@123@PEBDZZ 00000001400016d0 f   umodsys_lib_basesys:umodsys.base.rsystem_main.obj
 0001:00000714       ??1?$TStaticStringPool@DU?$TComparerBinaryHash@D@su@tl@UModSys@@USMemAlloc_Malloc@core@4@@tl@UModSys@@QEAA@XZ 0000000140001714 f i umodsys_lib_basesys:umodsys.base.rsystem_main.obj
 0001:00000768       ??1?$TScatterArray@USUniPtrHolder@RSystem@rsystem@base@UModSys@@HU?$TNodeDeleter@U?$TScatterArrayNode@USUniPtrHolder@RSystem@rsystem@base@UModSys@@H@tl@UModSys@@USMemAlloc_Malloc@core@3@@tl@5@@tl@UModSys@@QEAA@XZ 0000000140001768 f i umodsys_lib_basesys:umodsys.base.rsystem_main.obj
 0001:000007d0       ?append@?$TStaticStringPool@DU?$TComparerBinaryHash@D@su@tl@UModSys@@USMemAlloc_Malloc@core@4@@tl@UModSys@@QEAAPEBU?$TString@U?$TSCoreConst@D@su@tl@UModSys@@U?$TComparerBinaryHash@D@234@@23@PEBD_K@Z 00000001400017d0 f i umodsys_lib_basesys:umodsys.base.rsystem_main.obj
 0001:00000aac       ??$process_nodes_r@U?$TNodeDeleter@U?$TScatterArrayNode@USUniPtrHolder@RSystem@rsystem@base@UModSys@@H@tl@UModSys@@USMemAlloc_Malloc@core@3@@tl@UModSys@@@?$TTreeHoldRB@U?$TScatterArrayNode@USUniPtrHolder@RSystem@rsystem@base@UModSys@@H@tl@UModSys@@@tl@UModSys@@KAHPEAU?$TScatterArrayNode@USUniPtrHolder@RSystem@rsystem@base@UModSys@@H@12@AEBU?$TNodeDeleter@U?$TScatterArrayNode@USUniPtrHolder@RSystem@rsystem@base@UModSys@@H@tl@UModSys@@USMemAlloc_Malloc@core@3@@12@@Z 0000000140001aac f i umodsys_lib_basesys:umodsys.base.rsystem_main.obj
 0001:00000b10       ?exec_test_shells@RSystem@rsystem@base@UModSys@@QEAA_NXZ 0000000140001b10 f   umodsys_lib_basesys:umodsys.base.rsystem_tests.obj
 0001:00000cf0       ??1?$TParametersA@$0EAA@@core@UModSys@@QEAA@XZ 0000000140001cf0 f i umodsys_lib_basesys:umodsys.base.rsystem_tests.obj
 0001:00000d0c       ??1?$TRefObject@URModule@rsystem@base@UModSys@@@tl@UModSys@@QEAA@XZ 0000000140001d0c f i umodsys_lib_basesys:umodsys.base.rmodulelib.obj
 0001:00000d0c       ??1?$TRefObject@UIShell@base@UModSys@@@tl@UModSys@@QEAA@XZ 0000000140001d0c f i umodsys_lib_basesys:umodsys.base.rsystem_tests.obj
 0001:00000d0c       ??1?$TRefObject@URModuleLibrary@rsystem@base@UModSys@@@tl@UModSys@@QEAA@XZ 0000000140001d0c f i umodsys_lib_basesys:umodsys.base.rmoduleloader.obj
 0001:00000d0c       ??1?$TRefObject@URParameters@rsystem@base@UModSys@@@tl@UModSys@@QEAA@XZ 0000000140001d0c f i umodsys_lib_basesys:umodsys.base.rsystem_main.obj
 0001:00000d0c       ??1?$TRefObject@UIRefObject@core@UModSys@@@tl@UModSys@@QEAA@XZ 0000000140001d0c f i umodsys_lib_basesys:umodsys.base.rsystem_tests.obj
 0001:00000d30       ?moduledb_findobjname@RModuleLoader@rsystem@base@UModSys@@UEAA_KPEBUSUniquePointerInfo@core@4@QEAPEBU564@_K@Z 0000000140001d30 f   umodsys_lib_basesys:umodsys.base.rmoduleloader.obj
 0001:00000dc0       ?moduledb_generate@RModuleLoader@rsystem@base@UModSys@@UEAA_NAEAU?$TRefObject@UIRefObject@core@UModSys@@@tl@4@PEBUSUniquePointerInfo@core@4@AEBUSParameters@84@@Z 0000000140001dc0 f   umodsys_lib_basesys:umodsys.base.rmoduleloader.obj
 0001:00000e3c       ?moduledb_lib_count@RModuleLoader@rsystem@base@UModSys@@UEAA_KXZ 0000000140001e3c f   umodsys_lib_basesys:umodsys.base.rmoduleloader.obj
 0001:00000e44       ?moduledb_lib_get@RModuleLoader@rsystem@base@UModSys@@UEBAPEAUIModuleLibrary@34@_K@Z 0000000140001e44 f   umodsys_lib_basesys:umodsys.base.rmoduleloader.obj
 0001:00000e58       ?vget_s@RConsole_std@rsystem@base@UModSys@@UEAA_NPEAD_KPEBD0@Z 0000000140001e58 f   umodsys_lib_basesys:umodsys.base.rconsole_std.obj
 0001:00000e58       ?moduledb_lib_drop@RModuleLoader@rsystem@base@UModSys@@UEAA_NPEAUIModuleLibrary@34@@Z 0000000140001e58 f   umodsys_lib_basesys:umodsys.base.rmoduleloader.obj
 0001:00000e58       ?get_s@RConsole_std@rsystem@base@UModSys@@UEAA_NPEAD_KPEBDZZ 0000000140001e58 f   umodsys_lib_basesys:umodsys.base.rconsole_std.obj
 0001:00000e58       ?vget_c@RConsole_std@rsystem@base@UModSys@@UEAA_NPEAHPEBDPEAD@Z 0000000140001e58 f   umodsys_lib_basesys:umodsys.base.rconsole_std.obj
 0001:00000e58       ?moduledb_load@RModuleLoader@rsystem@base@UModSys@@UEAA_NAEBU?$TString@U?$TSCoreConst@D@su@tl@UModSys@@U?$TComparerBinaryHash@D@234@@tl@4@@Z 0000000140001e58 f   umodsys_lib_basesys:umodsys.base.rmoduleloader.obj
 0001:00000e5c       ?moduledb_module_count@RModuleLoader@rsystem@base@UModSys@@UEAA_KXZ 0000000140001e5c f   umodsys_lib_basesys:umodsys.base.rmoduleloader.obj
 0001:00000e84       ?moduledb_module_get@RModuleLoader@rsystem@base@UModSys@@UEBAPEAUIModule@34@_K@Z 0000000140001e84 f   umodsys_lib_basesys:umodsys.base.rmoduleloader.obj
 0001:00000ec0       ?moduledb_find@RModuleLoader@rsystem@base@UModSys@@UEBAPEAUIModule@34@AEBU?$TString@U?$TSCoreConst@D@su@tl@UModSys@@U?$TComparerBinaryHash@D@234@@tl@4@AEBUSVersion@core@4@@Z 0000000140001ec0 f   umodsys_lib_basesys:umodsys.base.rmoduleloader.obj
 0001:00000f90       ?moduledb_clear@RModuleLoader@rsystem@base@UModSys@@UEAAXXZ 0000000140001f90 f   umodsys_lib_basesys:umodsys.base.rmoduleloader.obj
 0001:00000fb0       ?moduledb_cleanup@RModuleLoader@rsystem@base@UModSys@@UEAA_KXZ 0000000140001fb0 f   umodsys_lib_basesys:umodsys.base.rmoduleloader.obj
 0001:000010cc       ?moduledb_save@RModuleLoader@rsystem@base@UModSys@@UEAA_NAEBU?$TString@U?$TSCoreConst@D@su@tl@UModSys@@U?$TComparerBinaryHash@D@234@@tl@4@@Z 00000001400020cc f   umodsys_lib_basesys:umodsys.base.rmoduleloader.obj
 0001:000011bc       ?moduledb_scan@RModuleLoader@rsystem@base@UModSys@@UEAA_KAEBU?$TString@U?$TSCoreConst@D@su@tl@UModSys@@U?$TComparerBinaryHash@D@234@@tl@4@_N@Z 00000001400021bc f   umodsys_lib_basesys:umodsys.base.rmoduleloader.obj
 0001:00001278       ?moduledb_get_string@RModuleLoader@rsystem@base@UModSys@@UEAAAEBU?$TString@U?$TSCoreConst@D@su@tl@UModSys@@U?$TComparerBinaryHash@D@234@@tl@4@AEBU564@@Z 0000000140002278 f   umodsys_lib_basesys:umodsys.base.rmoduleloader.obj
 0001:000012b4       ??_ERModuleLoader@rsystem@base@UModSys@@UEAAPEAXI@Z 00000001400022b4 f i  CIL library: CIL module
 0001:000012b4       ??_GRModuleLoader@rsystem@base@UModSys@@UEAAPEAXI@Z 00000001400022b4 f i umodsys_lib_basesys:umodsys.base.rmoduleloader.obj
 0001:000012e4       ??_EIModuleLoader@base@UModSys@@UEAAPEAXI@Z 00000001400022e4 f i  CIL library: CIL module
 0001:000012e4       ??_GIModuleLoader@base@UModSys@@UEAAPEAXI@Z 00000001400022e4 f i umodsys_lib_basesys:umodsys.base.rmoduleloader.obj
 0001:0000130c       ??1RModuleLoader@rsystem@base@UModSys@@UEAA@XZ 000000014000230c f   umodsys_lib_basesys:umodsys.base.rmoduleloader.obj
 0001:00001390       ?free@?$TArray@U?$TRefObject@URModuleLibrary@rsystem@base@UModSys@@@tl@UModSys@@U?$TAllocator@USMemAlloc_Malloc@core@UModSys@@USCountCalcPower2@23@@23@@tl@UModSys@@QEAA_NXZ 0000000140002390 f i umodsys_lib_basesys:umodsys.base.rmoduleloader.obj
 0001:00001408       ?upi_add@RSystem@rsystem@base@UModSys@@UEAAPEBUSUniquePointerInfo@core@4@PEBU564@@Z 0000000140002408 f   umodsys_lib_basesys:umodsys.base.rsystem.obj
 0001:00001790       ?upi_remove@RSystem@rsystem@base@UModSys@@UEAAHPEBUSUniquePointerInfo@core@4@@Z 0000000140002790 f   umodsys_lib_basesys:umodsys.base.rsystem.obj
 0001:00001794       ?get_params@RSystem@rsystem@base@UModSys@@UEAAPEAUIParameters@core@4@XZ 0000000140002794 f   umodsys_lib_basesys:umodsys.base.rsystem.obj
 0001:0000179c       ?get_console@RSystem@rsystem@base@UModSys@@UEAAPEAUIConsole@34@XZ 000000014000279c f   umodsys_lib_basesys:umodsys.base.rsystem.obj
 0001:000017a4       _setargv                   00000001400027a4 f   MSVCRT:dllargv.obj
 0001:000017a4       ?get_privmem@RModuleLibrary@rsystem@base@UModSys@@UEBAPEAUIMemAlloc@core@4@XZ 00000001400027a4 f   umodsys_lib_basesys:umodsys.base.rmodulelib.obj
 0001:000017a4       ?get_syslib@RSystem@rsystem@base@UModSys@@UEAAPEAUIModuleLibrary@34@XZ 00000001400027a4 f   umodsys_lib_basesys:umodsys.base.rsystem.obj
 0001:000017a4       ?get_sharemem@RSystem@rsystem@base@UModSys@@UEAAPEAUIMemAlloc@core@4@XZ 00000001400027a4 f   umodsys_lib_basesys:umodsys.base.rsystem.obj
 0001:000017a4       ?ref_links@RConsole_std@rsystem@base@UModSys@@UEBAHXZ 00000001400027a4 f   umodsys_lib_basesys:umodsys.base.rconsole_std.obj
 0001:000017a4       ?get_sysmem@RSystem@rsystem@base@UModSys@@UEAAPEAUIMemAlloc@core@4@XZ 00000001400027a4 f   umodsys_lib_basesys:umodsys.base.rsystem.obj
 0001:000017a4       _matherr                   00000001400027a4 f   MSVCRT:merr.obj
 0001:000017a8       ?get_modloader@RSystem@rsystem@base@UModSys@@UEAAPEAUIModuleLoader@34@XZ 00000001400027a8 f   umodsys_lib_basesys:umodsys.base.rsystem.obj
 0001:000017b0       ?get_upr@RSystem@rsystem@base@UModSys@@UEAAPEAUIUniquePointerResolver@core@4@XZ 00000001400027b0 f   umodsys_lib_basesys:umodsys.base.rsystem.obj
 0001:000017bc       ?sub_insert_node@?$TTreeHoldRB@U?$TScatterArrayNode@USUniPtrHolder@RSystem@rsystem@base@UModSys@@H@tl@UModSys@@@tl@UModSys@@QEAAXPEAU?$TScatterArrayNode@USUniPtrHolder@RSystem@rsystem@base@UModSys@@H@23@0H@Z 00000001400027bc f i umodsys_lib_basesys:umodsys.base.rsystem.obj
 0001:0000199c       ?get_interface_info@RParameters@rsystem@base@UModSys@@UEBAAEBUSUniquePointerInfo@core@4@XZ 000000014000299c f i umodsys_lib_basesys:umodsys.base.rparameters.obj
 0001:000019a4       ?get_interface_type@RParameters@rsystem@base@UModSys@@UEBAPEBUSUniquePointerInfo@core@4@XZ 00000001400029a4 f i umodsys_lib_basesys:umodsys.base.rparameters.obj
 0001:000019ac       ?get_interface_types@RParameters@rsystem@base@UModSys@@UEBA_KAEAUSUniquePtrList@core@4@@Z 00000001400029ac f i umodsys_lib_basesys:umodsys.base.rparameters.obj
 0001:000019ac       ?get_interface_types@RConsole_std@rsystem@base@UModSys@@UEBA_KAEAUSUniquePtrList@core@4@@Z 00000001400029ac f i umodsys_lib_basesys:umodsys.base.rconsole_std.obj
 0001:000019ac       ?get_interface_types@RModuleLibrary@rsystem@base@UModSys@@UEBA_KAEAUSUniquePtrList@core@4@@Z 00000001400029ac f i umodsys_lib_basesys:umodsys.base.rmodulelib.obj
 0001:000019ac       ?get_interface_types@RSystem@rsystem@base@UModSys@@UEBA_KAEAUSUniquePtrList@core@4@@Z 00000001400029ac f i umodsys_lib_basesys:umodsys.base.rsystem_main.obj
 0001:000019ac       ?get_interface_types@RModule@rsystem@base@UModSys@@UEBA_KAEAUSUniquePtrList@core@4@@Z 00000001400029ac f i umodsys_lib_basesys:umodsys.base.rmodule.obj
 0001:000019b4       ?get_other_interface@RParameters@rsystem@base@UModSys@@UEAAPEAUIRoot@core@4@PEBUSUniquePointerInfo@64@@Z 00000001400029b4 f i umodsys_lib_basesys:umodsys.base.rparameters.obj
 0001:000019b4       ?get_other_interface@RParameters@rsystem@base@UModSys@@UEBAPEBUIRoot@core@4@PEBUSUniquePointerInfo@64@@Z 00000001400029b4 f i umodsys_lib_basesys:umodsys.base.rparameters.obj
 0001:000019e4       ?find_elem@RParameters@rsystem@base@UModSys@@IEAAPEBUElem@1234@PEBXHHHPEBD@Z 00000001400029e4 f   umodsys_lib_basesys:umodsys.base.rparameters.obj
 0001:00001a7c       ?free_elems@RParameters@rsystem@base@UModSys@@IEAAXPEAXH@Z 0000000140002a7c f   umodsys_lib_basesys:umodsys.base.rparameters.obj
 0001:00001b14       ?alloc_elems@RParameters@rsystem@base@UModSys@@IEAAXPEAXH@Z 0000000140002b14 f   umodsys_lib_basesys:umodsys.base.rparameters.obj
 0001:00001b98       ?add_last@RParameters@rsystem@base@UModSys@@IEAA_NPEAUSParametersData@core@4@PEBDPEBXH@Z 0000000140002b98 f   umodsys_lib_basesys:umodsys.base.rparameters.obj
 0001:00001e3c       ?p_deinit@RParameters@rsystem@base@UModSys@@UEAAXPEAUSParametersData@core@4@@Z 0000000140002e3c f   umodsys_lib_basesys:umodsys.base.rparameters.obj
 0001:00001eac       ?p_init@RParameters@rsystem@base@UModSys@@UEAAXPEAUSParametersData@core@4@H@Z 0000000140002eac f   umodsys_lib_basesys:umodsys.base.rparameters.obj
 0001:00001f54       ?p_init@RParameters@rsystem@base@UModSys@@UEAAXPEAUSParametersData@core@4@AEBU564@@Z 0000000140002f54 f   umodsys_lib_basesys:umodsys.base.rparameters.obj
 0001:00002048       ?p_copy@RParameters@rsystem@base@UModSys@@UEAAXPEAUSParametersData@core@4@AEBU564@@Z 0000000140003048 f   umodsys_lib_basesys:umodsys.base.rparameters.obj
 0001:00002194       ?p_init_s@RParameters@rsystem@base@UModSys@@UEAAXPEAUSParametersData@core@4@PEAXH@Z 0000000140003194 f   umodsys_lib_basesys:umodsys.base.rparameters.obj
 0001:000021cc       ?p_init_s@RParameters@rsystem@base@UModSys@@UEAAXPEAUSParametersData@core@4@AEBU564@PEAXH@Z 00000001400031cc f   umodsys_lib_basesys:umodsys.base.rparameters.obj
 0001:0000224c       ?next@RParameters@rsystem@base@UModSys@@UEAA_NPEBUSParametersData@core@4@AEAPEBD@Z 000000014000324c f   umodsys_lib_basesys:umodsys.base.rparameters.obj
 0001:00002324       ?next@RParameters@rsystem@base@UModSys@@UEAA_NPEBUSParametersData@core@4@AEAU?$TString@U?$TSCoreConst@D@su@tl@UModSys@@U?$TComparerBinaryHash@D@234@@tl@4@@Z 0000000140003324 f   umodsys_lib_basesys:umodsys.base.rparameters.obj
 0001:00002454       ?add@RParameters@rsystem@base@UModSys@@UEAA_NPEAUSParametersData@core@4@PEBD1@Z 0000000140003454 f   umodsys_lib_basesys:umodsys.base.rparameters.obj
 0001:0000246c       ?add@RParameters@rsystem@base@UModSys@@UEAA_NPEAUSParametersData@core@4@PEBDH@Z 000000014000346c f   umodsys_lib_basesys:umodsys.base.rparameters.obj
 0001:0000248c       ?add@RParameters@rsystem@base@UModSys@@UEAA_NPEAUSParametersData@core@4@PEBDAEBN@Z 000000014000348c f   umodsys_lib_basesys:umodsys.base.rparameters.obj
 0001:000024a4       ?add@RParameters@rsystem@base@UModSys@@UEAA_NPEAUSParametersData@core@4@PEBDPEAUIRefObject@64@@Z 00000001400034a4 f   umodsys_lib_basesys:umodsys.base.rparameters.obj
 0001:000024c4       ?get@RParameters@rsystem@base@UModSys@@UEAA_NPEBUSParametersData@core@4@PEBDAEAPEBD@Z 00000001400034c4 f   umodsys_lib_basesys:umodsys.base.rparameters.obj
 0001:0000253c       ?get@RParameters@rsystem@base@UModSys@@UEAA_NPEBUSParametersData@core@4@PEBDAEAH@Z 000000014000353c f   umodsys_lib_basesys:umodsys.base.rparameters.obj
 0001:000025b0       ?get@RParameters@rsystem@base@UModSys@@UEAA_NPEBUSParametersData@core@4@PEBDAEAN@Z 00000001400035b0 f   umodsys_lib_basesys:umodsys.base.rparameters.obj
 0001:00002628       ?get@RParameters@rsystem@base@UModSys@@UEAA_NPEBUSParametersData@core@4@PEBDAEAPEAUIRefObject@64@@Z 0000000140003628 f   umodsys_lib_basesys:umodsys.base.rparameters.obj
 0001:000026a0       ?ref_add@RParameters@rsystem@base@UModSys@@UEBAXXZ 00000001400036a0 f   umodsys_lib_basesys:umodsys.base.rparameters.obj
 0001:000026a4       ?ref_remove@RParameters@rsystem@base@UModSys@@UEBAXXZ 00000001400036a4 f   umodsys_lib_basesys:umodsys.base.rparameters.obj
 0001:000026bc       ?ref_links@RParameters@rsystem@base@UModSys@@UEBAHXZ 00000001400036bc f   umodsys_lib_basesys:umodsys.base.rparameters.obj
 0001:000026c0       ?pfd_load@RModuleLibrary@rsystem@base@UModSys@@SAPEAUIModuleLibraryReg@34@PEAUPFD_Data@1234@AEBU?$TString@U?$TSCoreConst@D@su@tl@UModSys@@U?$TComparerBinaryHash@D@234@@tl@4@@Z 00000001400036c0 f   umodsys_lib_basesys:umodsys.base.rmodule.win32.obj
 0001:00002800       ?pfd_unload@RModuleLibrary@rsystem@base@UModSys@@SA_NPEAUPFD_Data@1234@@Z 0000000140003800 f   umodsys_lib_basesys:umodsys.base.rmodule.win32.obj
 0001:00002b08       ??0?$WinPath@$0BAAA@@syshlp@core@UModSys@@QEAA@PEB_W0@Z 0000000140003b08 f i umodsys_lib_basesys:umodsys.base.rmodule.win32.obj
 0001:00002bf4       ??0?$U16String@$0BAAA@@syshlp@core@UModSys@@QEAA@PEBD@Z 0000000140003bf4 f i umodsys_lib_basesys:umodsys.base.rmodule.win32.obj
 0001:00002c6c       ?get_interface_info@RModuleLibrary@rsystem@base@UModSys@@UEBAAEBUSUniquePointerInfo@core@4@XZ 0000000140003c6c f i umodsys_lib_basesys:umodsys.base.rmodulelib.obj
 0001:00002c74       ?get_interface_type@RModuleLibrary@rsystem@base@UModSys@@UEBAPEBUSUniquePointerInfo@core@4@XZ 0000000140003c74 f i umodsys_lib_basesys:umodsys.base.rmodulelib.obj
 0001:00002c7c       ?get_other_interface@RModuleLibrary@rsystem@base@UModSys@@UEAAPEAUIRoot@core@4@PEBUSUniquePointerInfo@64@@Z 0000000140003c7c f i umodsys_lib_basesys:umodsys.base.rmodulelib.obj
 0001:00002c7c       ?get_other_interface@RModuleLibrary@rsystem@base@UModSys@@UEBAPEBUIRoot@core@4@PEBUSUniquePointerInfo@64@@Z 0000000140003c7c f i umodsys_lib_basesys:umodsys.base.rmodulelib.obj
 0001:00002cac       ?suicide@RModuleLibrary@rsystem@base@UModSys@@UEAAXXZ 0000000140003cac f i umodsys_lib_basesys:umodsys.base.rmodulelib.obj
 0001:00002cac       ?suicide@RParameters@rsystem@base@UModSys@@UEAAXXZ 0000000140003cac f i umodsys_lib_basesys:umodsys.base.rparameters.obj
 0001:00002cc4       ?get_sys_libname@RModuleLibrary@rsystem@base@UModSys@@UEBA?AU?$TString@U?$TSCoreConst@D@su@tl@UModSys@@U?$TComparerBinaryHash@D@234@@tl@4@XZ 0000000140003cc4 f   umodsys_lib_basesys:umodsys.base.rmodulelib.obj
 0001:00002cd4       ?get_system@RModuleLibrary@rsystem@base@UModSys@@UEBAPEAUISystem@34@XZ 0000000140003cd4 f   umodsys_lib_basesys:umodsys.base.rmodulelib.obj
 0001:00002cdc       ?get_module_count@RModuleLibrary@rsystem@base@UModSys@@UEBA_KXZ 0000000140003cdc f   umodsys_lib_basesys:umodsys.base.rmodulelib.obj
 0001:00002ce4       ?get_module@RModuleLibrary@rsystem@base@UModSys@@UEBAPEAUIModule@34@_K@Z 0000000140003ce4 f   umodsys_lib_basesys:umodsys.base.rmodulelib.obj
 0001:00002cf8       ?lib_loaded@RModuleLibrary@rsystem@base@UModSys@@UEBA_NXZ 0000000140003cf8 f   umodsys_lib_basesys:umodsys.base.rmodulelib.obj
 0001:00002d04       ?lib_load@RModuleLibrary@rsystem@base@UModSys@@UEAA_NXZ 0000000140003d04 f   umodsys_lib_basesys:umodsys.base.rmodulelib.obj
 0001:00002d30       ?lib_unload@RModuleLibrary@rsystem@base@UModSys@@UEAA_NXZ 0000000140003d30 f   umodsys_lib_basesys:umodsys.base.rmodulelib.obj
 0001:00002d44       ?lib_findobjname@RModuleLibrary@rsystem@base@UModSys@@UEAA_KPEBUSUniquePointerInfo@core@4@QEAPEBU564@_K@Z 0000000140003d44 f   umodsys_lib_basesys:umodsys.base.rmodulelib.obj
 0001:00002dd4       ?lib_generate@RModuleLibrary@rsystem@base@UModSys@@UEAA_NAEAU?$TRefObject@UIRefObject@core@UModSys@@@tl@4@PEBUSUniquePointerInfo@core@4@AEBUSParameters@84@@Z 0000000140003dd4 f   umodsys_lib_basesys:umodsys.base.rmodulelib.obj
 0001:00002e50       ?load0@RModuleLibrary@rsystem@base@UModSys@@QEAA_NXZ 0000000140003e50 f   umodsys_lib_basesys:umodsys.base.rmodulelib.obj
 0001:00002ed0       ?link@RModuleLibrary@rsystem@base@UModSys@@QEAA_NXZ 0000000140003ed0 f   umodsys_lib_basesys:umodsys.base.rmodulelib.obj
 0001:0000319c       ?unlink@RModuleLibrary@rsystem@base@UModSys@@QEAA_NXZ 000000014000419c f   umodsys_lib_basesys:umodsys.base.rmodulelib.obj
 0001:000031ec       ?s_add@RModuleLibrary@rsystem@base@UModSys@@SA_NPEAUISystem@34@AEAU?$TArray@U?$TRefObject@URModuleLibrary@rsystem@base@UModSys@@@tl@UModSys@@U?$TAllocator@USMemAlloc_Malloc@core@UModSys@@USCountCalcPower2@23@@23@@tl@4@PEBD@Z 00000001400041ec f   umodsys_lib_basesys:umodsys.base.rmodulelib.obj
 0001:0000342c       ??_GRModuleLibrary@rsystem@base@UModSys@@UEAAPEAXI@Z 000000014000442c f i umodsys_lib_basesys:umodsys.base.rmodulelib.obj
 0001:0000342c       ??_ERModuleLibrary@rsystem@base@UModSys@@UEAAPEAXI@Z 000000014000442c f i  CIL library: CIL module
 0001:000034cc       ??1?$TString@U?$TSCoreShared@USMemAlloc_Malloc@core@UModSys@@D@su@tl@UModSys@@U?$TComparerBinaryHash@D@234@@tl@UModSys@@QEAA@XZ 00000001400044cc f i umodsys_lib_basesys:umodsys.base.rmodulelib.obj
 0001:00003510       ?ref_add@RModuleLibrary@rsystem@base@UModSys@@UEBAXXZ 0000000140004510 f   umodsys_lib_basesys:umodsys.base.rmodulelib.obj
 0001:00003518       ?ref_remove@RModuleLibrary@rsystem@base@UModSys@@UEBAXXZ 0000000140004518 f   umodsys_lib_basesys:umodsys.base.rmodulelib.obj
 0001:00003534       ?ref_links@RModuleLibrary@rsystem@base@UModSys@@UEBAHXZ 0000000140004534 f   umodsys_lib_basesys:umodsys.base.rmodulelib.obj
 0001:0000353c       ??1?$TArray@U?$TRefObject@URModule@rsystem@base@UModSys@@@tl@UModSys@@U?$TAllocator@USMemAlloc_Malloc@core@UModSys@@USCountCalcPower2@23@@23@@tl@UModSys@@QEAA@XZ 000000014000453c f i umodsys_lib_basesys:umodsys.base.rmodulelib.obj
 0001:000035b4       ??4?$TString@U?$TSCoreShared@USMemAlloc_Malloc@core@UModSys@@D@su@tl@UModSys@@U?$TComparerBinaryHash@D@234@@tl@UModSys@@QEAAAEBU012@PEBD@Z 00000001400045b4 f i umodsys_lib_basesys:umodsys.base.rmodulelib.obj
 0001:000036b0       ?push@?$TArray@U?$TRefObject@URModuleLibrary@rsystem@base@UModSys@@@tl@UModSys@@U?$TAllocator@USMemAlloc_Malloc@core@UModSys@@USCountCalcPower2@23@@23@@tl@UModSys@@QEAA_NAEBU?$TRefObject@URModuleLibrary@rsystem@base@UModSys@@@23@@Z 00000001400046b0 f i umodsys_lib_basesys:umodsys.base.rmodulelib.obj
 0001:00003768       ?get_interface_info@RModule@rsystem@base@UModSys@@UEBAAEBUSUniquePointerInfo@core@4@XZ 0000000140004768 f i umodsys_lib_basesys:umodsys.base.rmodule.obj
 0001:00003770       ?get_interface_type@RModule@rsystem@base@UModSys@@UEBAPEBUSUniquePointerInfo@core@4@XZ 0000000140004770 f i umodsys_lib_basesys:umodsys.base.rmodule.obj
 0001:00003778       ?get_other_interface@RModule@rsystem@base@UModSys@@UEBAPEBUIRoot@core@4@PEBUSUniquePointerInfo@64@@Z 0000000140004778 f i umodsys_lib_basesys:umodsys.base.rmodule.obj
 0001:00003778       ?get_other_interface@RModule@rsystem@base@UModSys@@UEAAPEAUIRoot@core@4@PEBUSUniquePointerInfo@64@@Z 0000000140004778 f i umodsys_lib_basesys:umodsys.base.rmodule.obj
 0001:000037a8       ?suicide@RModule@rsystem@base@UModSys@@UEAAXXZ 00000001400047a8 f i umodsys_lib_basesys:umodsys.base.rmodule.obj
 0001:000037ec       ?get_library@RModule@rsystem@base@UModSys@@UEBAPEAUIModuleLibrary@34@XZ 00000001400047ec f   umodsys_lib_basesys:umodsys.base.rmodule.obj
 0001:000037f4       ?get_info@RModule@rsystem@base@UModSys@@UEBAAEBUSModuleInfo@34@XZ 00000001400047f4 f   umodsys_lib_basesys:umodsys.base.rmodule.obj
 0001:000037fc       ?is_open@RModule@rsystem@base@UModSys@@UEBA_NXZ 00000001400047fc f   umodsys_lib_basesys:umodsys.base.rmodule.obj
 0001:00003828       ?open@RModule@rsystem@base@UModSys@@UEAA_NXZ 0000000140004828 f   umodsys_lib_basesys:umodsys.base.rmodule.obj
 0001:0000389c       ?close@RModule@rsystem@base@UModSys@@UEAA_NXZ 000000014000489c f   umodsys_lib_basesys:umodsys.base.rmodule.obj
 0001:000038f4       ?reg@RModule@rsystem@base@UModSys@@UEAA_NPEAUIModObject@34@_N@Z 00000001400048f4 f   umodsys_lib_basesys:umodsys.base.rmodule.obj
 0001:00003914       ?reg@RModule@rsystem@base@UModSys@@UEAA_NPEAUIGenerator@34@_N@Z 0000000140004914 f   umodsys_lib_basesys:umodsys.base.rmodule.obj
 0001:00003960       ?mod_findobjname@RModule@rsystem@base@UModSys@@UEAA_KPEBUSUniquePointerInfo@core@4@QEAPEBU564@_K@Z 0000000140004960 f   umodsys_lib_basesys:umodsys.base.rmodule.obj
 0001:000039f8       ?mod_generate@RModule@rsystem@base@UModSys@@UEAA_NAEAU?$TRefObject@UIRefObject@core@UModSys@@@tl@4@PEBUSUniquePointerInfo@core@4@AEBUSParameters@84@@Z 00000001400049f8 f   umodsys_lib_basesys:umodsys.base.rmodule.obj
 0001:00003b40       ?reg_generator@RModule@rsystem@base@UModSys@@QEAA_NPEAUModuleObjInfo@1234@PEAUIGenerator@34@@Z 0000000140004b40 f   umodsys_lib_basesys:umodsys.base.rmodule.obj
 0001:00003d10       ?reg_obj@RModule@rsystem@base@UModSys@@QEAAPEAUModuleObjInfo@1234@PEAUIModObject@34@@Z 0000000140004d10 f   umodsys_lib_basesys:umodsys.base.rmodule.obj
 0001:00003ea4       ?unreg_obj@RModule@rsystem@base@UModSys@@QEAA_NPEAUIModObject@34@@Z 0000000140004ea4 f   umodsys_lib_basesys:umodsys.base.rmodule.obj
 0001:00003fac       ?alloc_minfo@RModule@rsystem@base@UModSys@@QEAA_NAEBUSModuleInfo@34@@Z 0000000140004fac f   umodsys_lib_basesys:umodsys.base.rmodule.obj
 0001:00004070       ?save_db@RModule@rsystem@base@UModSys@@QEAA_NPEAU_iobuf@@@Z 0000000140005070 f   umodsys_lib_basesys:umodsys.base.rmodule.obj
 0001:00004264       ??_ERModule@rsystem@base@UModSys@@UEAAPEAXI@Z 0000000140005264 f i  CIL library: CIL module
 0001:00004264       ??_GRModule@rsystem@base@UModSys@@UEAAPEAXI@Z 0000000140005264 f i umodsys_lib_basesys:umodsys.base.rmodule.obj
 0001:00004338       ?ref_add@RModule@rsystem@base@UModSys@@UEBAXXZ 0000000140005338 f   umodsys_lib_basesys:umodsys.base.rmodule.obj
 0001:00004340       ?ref_remove@RModule@rsystem@base@UModSys@@UEBAXXZ 0000000140005340 f   umodsys_lib_basesys:umodsys.base.rmodule.obj
 0001:0000435c       ?ref_links@RModule@rsystem@base@UModSys@@UEBAHXZ 000000014000535c f   umodsys_lib_basesys:umodsys.base.rmodule.obj
 0001:00004364       ??1?$TArray@UModuleObjInfo@RModule@rsystem@base@UModSys@@U?$TAllocator@USMemAlloc_Malloc@core@UModSys@@USCountCalcPower2@23@@tl@5@@tl@UModSys@@QEAA@XZ 0000000140005364 f i umodsys_lib_basesys:umodsys.base.rmodule.obj
 0001:00004390       ??1?$TArray@UGeneratedObjInfo@RModule@rsystem@base@UModSys@@U?$TAllocator@USMemAlloc_Malloc@core@UModSys@@USCountCalcPower2@23@@tl@5@@tl@UModSys@@QEAA@XZ 0000000140005390 f i umodsys_lib_basesys:umodsys.base.rmodule.obj
 0001:000043bc       ??1?$TArray@PEBUSUniquePointerInfo@core@UModSys@@U?$TAllocator@USMemAlloc_Malloc@core@UModSys@@USCountCalcPower2@23@@tl@3@@tl@UModSys@@QEAA@XZ 00000001400053bc f i umodsys_lib_basesys:umodsys.base.rmodule.obj
 0001:000043e8       ?resize@?$TArray@UModuleObjInfo@RModule@rsystem@base@UModSys@@U?$TAllocator@USMemAlloc_Malloc@core@UModSys@@USCountCalcPower2@23@@tl@5@@tl@UModSys@@QEAA_N_K@Z 00000001400053e8 f i umodsys_lib_basesys:umodsys.base.rmodule.obj
 0001:000044c8       ?resize@?$TArray@UGeneratedObjInfo@RModule@rsystem@base@UModSys@@U?$TAllocator@USMemAlloc_Malloc@core@UModSys@@USCountCalcPower2@23@@tl@5@@tl@UModSys@@QEAA_N_K@Z 00000001400054c8 f i umodsys_lib_basesys:umodsys.base.rmodule.obj
 0001:00004598       ?resize@?$TArray@PEBUSUniquePointerInfo@core@UModSys@@U?$TAllocator@USMemAlloc_Malloc@core@UModSys@@USCountCalcPower2@23@@tl@3@@tl@UModSys@@QEAA_N_K@Z 0000000140005598 f i umodsys_lib_basesys:umodsys.base.rmodule.obj
 0001:00004624       ??1IModule@base@UModSys@@UEAA@XZ 0000000140005624 f   umodsys_lib_base:umodsys.base.module.obj
 0001:00004624       ??1IModuleLibrary@base@UModSys@@UEAA@XZ 0000000140005624 f   umodsys_lib_base:umodsys.base.module.obj
 0001:00004624       ??1ISystem@base@UModSys@@UEAA@XZ 0000000140005624 f   umodsys_lib_base:umodsys.base.system.obj
 0001:00004630       ??1IModuleLoader@base@UModSys@@UEAA@XZ 0000000140005630 f   umodsys_lib_base:umodsys.base.moduleloader.obj
 0001:0000463c       ??0SUniquePointer@core@UModSys@@QEAA@PEBD0H@Z 000000014000563c f   umodsys_lib_core:umodsys.core.uniqueptr.obj
 0001:0000468c       ??1SUniquePointer@core@UModSys@@QEAA@XZ 000000014000568c f   umodsys_lib_core:umodsys.core.uniqueptr.obj
 0001:000046b4       ?c_fopen@syshlp@core@UModSys@@YAPEAU_iobuf@@PEBD0@Z 00000001400056b4 f   umodsys_lib_core:umodsys.core.syshlp_files.win32.obj
 0001:00004788       ?gracial_convert@syshlp@core@UModSys@@YA_NPEADHPEB_WH@Z 0000000140005788 f   umodsys_lib_core:umodsys.core.syshlp_charcode.win32.obj
 0001:000047d0       _onexit                    00000001400057d0 f   MSVCRT:atonexit.obj
 0001:00004880       atexit                     0000000140005880 f   MSVCRT:atonexit.obj
 0001:00004b68       mainCRTStartup             0000000140005b68 f   MSVCRT:crtexe.obj
 0001:00004b7a       _purecall                  0000000140005b7a f   MSVCRT:MSVCR90.dll
 0001:00004b80       ??3@YAXPEAX@Z              0000000140005b80 f   MSVCRT:MSVCR90.dll
 0001:00004b88       ??_Etype_info@@UEAAPEAXI@Z 0000000140005b88 f i MSVCRT:ti_inst.obj
 0001:00004bf2       ??2@YAPEAX_K@Z             0000000140005bf2 f   MSVCRT:MSVCR90.dll
 0001:00004bf8       __C_specific_handler       0000000140005bf8 f   MSVCRT:MSVCR90.dll
 0001:00004bfe       _unlock                    0000000140005bfe f   MSVCRT:MSVCR90.dll
 0001:00004c04       __dllonexit                0000000140005c04 f   MSVCRT:MSVCR90.dll
 0001:00004c0a       _lock                      0000000140005c0a f   MSVCRT:MSVCR90.dll
 0001:00004c10       ?__CxxUnhandledExceptionFilter@@YAJPEAU_EXCEPTION_POINTERS@@@Z 0000000140005c10 f   MSVCRT:unhandld.obj
 0001:00004c54       __CxxSetUnhandledExceptionFilter 0000000140005c54 f   MSVCRT:unhandld.obj
 0001:00004c6c       _amsg_exit                 0000000140005c6c f   MSVCRT:MSVCR90.dll
 0001:00004c74       _RTC_Initialize            0000000140005c74 f   MSVCRT:_initsect_.obj
 0001:00004cac       _RTC_Terminate             0000000140005cac f   MSVCRT:_initsect_.obj
 0001:00004ce4       _XcptFilter                0000000140005ce4 f   MSVCRT:MSVCR90.dll
 0001:00004cf0       _ValidateImageBase         0000000140005cf0 f   MSVCRT:pesect.obj
 0001:00004d20       _FindPESection             0000000140005d20 f   MSVCRT:pesect.obj
 0001:00004d70       _IsNonwritableInCurrentImage 0000000140005d70 f   MSVCRT:pesect.obj
 0001:00004db2       _initterm                  0000000140005db2 f   MSVCRT:MSVCR90.dll
 0001:00004db8       _initterm_e                0000000140005db8 f   MSVCRT:MSVCR90.dll
 0001:00004dc0       __security_init_cookie     0000000140005dc0 f   MSVCRT:gs_support.obj
 0001:00004e74       ?__ArrayUnwind@@YAXPEAX_KHP6AX0@Z@Z 0000000140005e74 f   MSVCRT:ehvecdtr.obj
 0001:00004ec0       ??_M@YAXPEAX_KHP6AX0@Z@Z   0000000140005ec0 f   MSVCRT:ehvecdtr.obj
 0001:00004f1e       ?terminate@@YAXXZ          0000000140005f1e f   MSVCRT:MSVCR90.dll
 0001:00004f24       ??1type_info@@UEAA@XZ      0000000140005f24 f   MSVCRT:MSVCR90.dll
 0001:00004f24       ?_type_info_dtor_internal_method@type_info@@QEAAXXZ 0000000140005f24 f   MSVCRT:MSVCR90.dll
 0001:00004f2a       memcpy                     0000000140005f2a f   MSVCRT:MSVCR90.dll
 0001:00004f30       __CxxFrameHandler3         0000000140005f30 f   MSVCRT:MSVCR90.dll
 0001:00004f50       _alloca_probe              0000000140005f50     MSVCRT:chkstk.obj
 0001:00004f50       __chkstk                   0000000140005f50 f   MSVCRT:chkstk.obj
 0002:00000000       __imp_GetCurrentProcessId  0000000140007000     kernel32:KERNEL32.dll
 0002:00000008       __imp_GetCurrentThreadId   0000000140007008     kernel32:KERNEL32.dll
 0002:00000010       __imp_GetTickCount         0000000140007010     kernel32:KERNEL32.dll
 0002:00000018       __imp_QueryPerformanceCounter 0000000140007018     kernel32:KERNEL32.dll
 0002:00000020       __imp_SetUnhandledExceptionFilter 0000000140007020     kernel32:KERNEL32.dll
 0002:00000028       __imp_Sleep                0000000140007028     kernel32:KERNEL32.dll
 0002:00000030       __imp_MultiByteToWideChar  0000000140007030     kernel32:KERNEL32.dll
 0002:00000038       __imp_WideCharToMultiByte  0000000140007038     kernel32:KERNEL32.dll
 0002:00000040       __imp_FindNextFileW        0000000140007040     kernel32:KERNEL32.dll
 0002:00000048       __imp_FindClose            0000000140007048     kernel32:KERNEL32.dll
 0002:00000050       __imp_GetProcAddress       0000000140007050     kernel32:KERNEL32.dll
 0002:00000058       __imp_LoadLibraryExW       0000000140007058     kernel32:KERNEL32.dll
 0002:00000060       __imp_FreeLibrary          0000000140007060     kernel32:KERNEL32.dll
 0002:00000068       __imp_SetErrorMode         0000000140007068     kernel32:KERNEL32.dll
 0002:00000070       __imp_FindFirstFileW       0000000140007070     kernel32:KERNEL32.dll
 0002:00000078       __imp_GetFullPathNameW     0000000140007078     kernel32:KERNEL32.dll
 0002:00000080       __imp_GetSystemTimeAsFileTime 0000000140007080     kernel32:KERNEL32.dll
 0002:00000088       \177KERNEL32_NULL_THUNK_DATA 0000000140007088     kernel32:KERNEL32.dll
 0002:00000090       __imp__encode_pointer      0000000140007090     MSVCRT:MSVCR90.dll
 0002:00000098       __imp__lock                0000000140007098     MSVCRT:MSVCR90.dll
 0002:000000a0       __imp__onexit              00000001400070a0     MSVCRT:MSVCR90.dll
 0002:000000a8       __imp__decode_pointer      00000001400070a8     MSVCRT:MSVCR90.dll
 0002:000000b0       __imp__amsg_exit           00000001400070b0     MSVCRT:MSVCR90.dll
 0002:000000b8       __imp___getmainargs        00000001400070b8     MSVCRT:MSVCR90.dll
 0002:000000c0       __imp__XcptFilter          00000001400070c0     MSVCRT:MSVCR90.dll
 0002:000000c8       __imp__exit                00000001400070c8     MSVCRT:MSVCR90.dll
 0002:000000d0       __imp__cexit               00000001400070d0     MSVCRT:MSVCR90.dll
 0002:000000d8       __imp_exit                 00000001400070d8     MSVCRT:MSVCR90.dll
 0002:000000e0       __imp___dllonexit          00000001400070e0     MSVCRT:MSVCR90.dll
 0002:000000e8       __imp__initterm            00000001400070e8     MSVCRT:MSVCR90.dll
 0002:000000f0       __imp__initterm_e          00000001400070f0     MSVCRT:MSVCR90.dll
 0002:000000f8       __imp__configthreadlocale  00000001400070f8     MSVCRT:MSVCR90.dll
 0002:00000100       __imp___setusermatherr     0000000140007100     MSVCRT:MSVCR90.dll
 0002:00000108       __imp__commode             0000000140007108     MSVCRT:MSVCR90.dll
 0002:00000110       __imp__fmode               0000000140007110     MSVCRT:MSVCR90.dll
 0002:00000118       __imp___set_app_type       0000000140007118     MSVCRT:MSVCR90.dll
 0002:00000120       __imp_?terminate@@YAXXZ    0000000140007120     MSVCRT:MSVCR90.dll
 0002:00000128       __imp_?_type_info_dtor_internal_method@type_info@@QEAAXXZ 0000000140007128     MSVCRT:MSVCR90.dll
 0002:00000130       __imp__unlock              0000000140007130     MSVCRT:MSVCR90.dll
 0002:00000138       __imp___C_specific_handler 0000000140007138     MSVCRT:MSVCR90.dll
 0002:00000140       __imp__wfopen              0000000140007140     MSVCRT:MSVCR90.dll
 0002:00000148       __imp_realloc              0000000140007148     MSVCRT:MSVCR90.dll
 0002:00000150       __imp_fprintf              0000000140007150     MSVCRT:MSVCR90.dll
 0002:00000158       __imp_memmove              0000000140007158     MSVCRT:MSVCR90.dll
 0002:00000160       __imp_??2@YAPEAX_K@Z       0000000140007160     MSVCRT:MSVCR90.dll
 0002:00000168       __imp_strncpy              0000000140007168     MSVCRT:MSVCR90.dll
 0002:00000170       __imp_malloc               0000000140007170     MSVCRT:MSVCR90.dll
 0002:00000178       __imp_free                 0000000140007178     MSVCRT:MSVCR90.dll
 0002:00000180       __imp_strncmp              0000000140007180     MSVCRT:MSVCR90.dll
 0002:00000188       __imp_fclose               0000000140007188     MSVCRT:MSVCR90.dll
 0002:00000190       __imp_vfprintf             0000000140007190     MSVCRT:MSVCR90.dll
 0002:00000198       __imp_??3@YAXPEAX@Z        0000000140007198     MSVCRT:MSVCR90.dll
 0002:000001a0       __imp__purecall            00000001400071a0     MSVCRT:MSVCR90.dll
 0002:000001a8       __imp___initenv            00000001400071a8     MSVCRT:MSVCR90.dll
 0002:000001b0       __imp___iob_func           00000001400071b0     MSVCRT:MSVCR90.dll
 0002:000001b8       __imp_memcpy               00000001400071b8     MSVCRT:MSVCR90.dll
 0002:000001c0       __imp___CxxFrameHandler3   00000001400071c0     MSVCRT:MSVCR90.dll
 0002:000001c8       \177MSVCR90_NULL_THUNK_DATA 00000001400071c8     MSVCRT:MSVCR90.dll
 0002:000001d0       __xc_a                     00000001400071d0     MSVCRT:cinitexe.obj
 0002:00000280       __xc_z                     0000000140007280     MSVCRT:cinitexe.obj
 0002:00000288       __xi_a                     0000000140007288     MSVCRT:cinitexe.obj
 0002:000002a0       __xi_z                     00000001400072a0     MSVCRT:cinitexe.obj
 0002:000002b8       ??_7type_info@@6B@         00000001400072b8     MSVCRT:ti_inst.obj
 0002:000002c0       ??_C@_0P@GHFPNOJB@bad?5allocation?$AA@ 00000001400072c0     umodsys.c_main.obj
 0002:000002d0       ??_C@_0BF@OCNNAADO@UModSys?3?3core?3?3IRoot?$AA@ 00000001400072d0     umodsys.c_main.obj
 0002:000002e8       ??_C@_0BK@EMIJFOPA@UModSys?3?3core?3?3IRefObject?$AA@ 00000001400072e8     umodsys.c_main.obj
 0002:00000308       ??_C@_0BL@IOMMHELF@UModSys?3?3core?3?3IParameters?$AA@ 0000000140007308     umodsys.c_main.obj
 0002:00000328       ??_C@_0BI@IKAOEFAP@UModSys?3?3base?3?3IConsole?$AA@ 0000000140007328     umodsys.c_main.obj
 0002:00000340       ??_C@_0BH@LKDEEPPM@UModSys?3?3base?3?3IModule?$AA@ 0000000140007340     umodsys.c_main.obj
 0002:00000358       ??_C@_0BO@PHJOHFCB@UModSys?3?3base?3?3IModuleLibrary?$AA@ 0000000140007358     umodsys.c_main.obj
 0002:00000378       ??_C@_0O@OKKJDILE@base?3?3ISystem?$AA@ 0000000140007378     umodsys.c_main.obj
 0002:00000388       ??_C@_0BK@FDPIOPHG@UModSys?3?3base?3?3IModObject?$AA@ 0000000140007388     umodsys.c_main.obj
 0002:000003a8       ??_C@_0BK@OIBKNCKJ@UModSys?3?3base?3?3IGenerator?$AA@ 00000001400073a8     umodsys.c_main.obj
 0002:000003c8       ??_C@_0BG@PJBGCMEC@UModSys?3?3base?3?3IShell?$AA@ 00000001400073c8     umodsys.c_main.obj
 0002:000003e0       ??_C@_0CA@MDFMKLLN@UModSys?3?3base?3?3rsystem?3?3RModule?$AA@ 00000001400073e0     umodsys.c_main.obj
 0002:00000400       ??_C@_0CH@CHECIBOC@UModSys?3?3base?3?3rsystem?3?3RModuleL@ 0000000140007400     umodsys.c_main.obj
 0002:00000428       ??_C@_0CE@IHGMMEEA@UModSys?3?3base?3?3rsystem?3?3RParamet@ 0000000140007428     umodsys.c_main.obj
 0002:00000450       ??_C@_0CA@IMEGDANI@UModSys?3?3base?3?3rsystem?3?3RSystem?$AA@ 0000000140007450     umodsys.c_main.obj
 0002:00000470       ??_C@_0CF@KIMLNODL@UModSys?3?3base?3?3rsystem?3?3RConsole@ 0000000140007470     umodsys.c_main.obj
 0002:00000498       ??_C@_0M@DCEPEPFJ@umodsys?4log?$AA@ 0000000140007498     umodsys.c_main.obj
 0002:000004a4       ??_C@_00CNPNBAHC@?$AA@     00000001400074a4     umodsys.c_main.obj
 0002:000004a8       ??_C@_01NBENCBCI@?$CK?$AA@ 00000001400074a8     umodsys.c_main.obj
 0002:000004b0       ??_C@_0BC@JABDEAFI@moduledb?4conf?9hdb?$AA@ 00000001400074b0     umodsys.c_main.obj
 0002:000004c8       ??_C@_08FCBDOIAH@typeinfo?$AA@ 00000001400074c8     umodsys.c_main.obj
 0002:000004d4       ??_C@_02BKFDOEMK@wt?$AA@   00000001400074d4     umodsys_lib_basesys:umodsys.base.rconsole_std.obj
 0002:000004e0       ??_7IRoot@core@UModSys@@6B@ 00000001400074e0     umodsys_lib_basesys:umodsys.base.rconsole_std.obj
 0002:00000518       ??_7RConsole_std@rsystem@base@UModSys@@6B@ 0000000140007518     umodsys_lib_basesys:umodsys.base.rconsole_std.obj
 0002:00000590       ??_C@_0BB@KFMJENMO@RSystem?3?3init?$CI?$CJ?6?$AA@ 0000000140007590     umodsys_lib_basesys:umodsys.base.rsystem_main.obj
 0002:000005a8       ??_C@_0CJ@KIAHLKGB@RSystem?3?3init?$CI?$CJ?5?9?9?5dump?5upi?5?$HLS?3?$CF@ 00000001400075a8     umodsys_lib_basesys:umodsys.base.rsystem_main.obj
 0002:000005d8       ??_C@_09GLKDMIIA@upi?5NULL?6?$AA@ 00000001400075d8     umodsys_lib_basesys:umodsys.base.rsystem_main.obj
 0002:000005e8       ??_C@_0BD@BNEJEANG@upi?$HL?$CFs?5?$CFs?$CI?$CFd?$CJ?5?$CFp?$HN?6?$AA@ 00000001400075e8     umodsys_lib_basesys:umodsys.base.rsystem_main.obj
 0002:00000600       ??_C@_0BO@JFPNIIPK@RSystem?3?3init?$CI?$CJ?5?9?9?5?1dump?5upi?6?$AA@ 0000000140007600     umodsys_lib_basesys:umodsys.base.rsystem_main.obj
 0002:00000620       ??_C@_0BI@FKDCNCM@RSystem?3?3exec_args?$CI?$CFd?$CJ?6?$AA@ 0000000140007620     umodsys_lib_basesys:umodsys.base.rsystem_main.obj
 0002:00000638       ??_C@_0BG@NFAKDFBG@RSystem?3?3exec_main?$CI?$CJ?6?$AA@ 0000000140007638     umodsys_lib_basesys:umodsys.base.rsystem_main.obj
 0002:00000650       ??_C@_0BD@CKNOJECK@RSystem?3?3deinit?$CI?$CJ?6?$AA@ 0000000140007650     umodsys_lib_basesys:umodsys.base.rsystem_main.obj
 0002:00000678       ??_7RSystem@rsystem@base@UModSys@@6BISystem@23@@ 0000000140007678     umodsys_lib_basesys:umodsys.base.rsystem_main.obj
 0002:000006e8       ??_7RSystem@rsystem@base@UModSys@@6BIUniquePointerResolver@core@3@@ 00000001400076e8     umodsys_lib_basesys:umodsys.base.rsystem_main.obj
 0002:000006f8       ??_C@_0BC@NNHIIPO@shells?5found?3?5?$CFd?6?$AA@ 00000001400076f8     umodsys_lib_basesys:umodsys.base.rsystem_tests.obj
 0002:00000710       ??_C@_0BA@EBBPOIJG@?5?5shell?3?5?$CFp?5?$CFs?6?$AA@ 0000000140007710     umodsys_lib_basesys:umodsys.base.rsystem_tests.obj
 0002:00000720       ??_C@_0BF@JPMHOAKE@?5?5?5?5shell?5gen?5error?6?$AA@ 0000000140007720     umodsys_lib_basesys:umodsys.base.rsystem_tests.obj
 0002:00000738       ??_C@_0BL@NANLGMEE@?5?5?5?5shell?5generated?5as?5?$CFp?6?$AA@ 0000000140007738     umodsys_lib_basesys:umodsys.base.rsystem_tests.obj
 0002:00000758       ??_C@_0BD@NFNPGOAG@?1shells?5found?3?5?$CFd?6?$AA@ 0000000140007758     umodsys_lib_basesys:umodsys.base.rsystem_tests.obj
 0002:00000770       ??_C@_0DG@DMGFJEPO@RModuleLoader?3?3moduledb_cleanup?$CI@ 0000000140007770     umodsys_lib_basesys:umodsys.base.rmoduleloader.obj
 0002:000007a8       ??_C@_02GMLFBBN@wb?$AA@    00000001400077a8     umodsys_lib_basesys:umodsys.base.rmoduleloader.obj
 0002:000007b0       ??_C@_0BN@BDEAMLC@?$CD?5LIST?5OF?5LIBRARY?5MODULES?3?6?6?$AA@ 00000001400077b0     umodsys_lib_basesys:umodsys.base.rmoduleloader.obj
 0002:000007d0       ??_C@_0BF@PLOHEFDA@?5?$HL?5mod_list?$DN?$CFd?3?$FL?$FN?5?$HN?6?$AA@ 00000001400077d0     umodsys_lib_basesys:umodsys.base.rmoduleloader.obj
 0002:000007f8       ??_7IModuleLoader@base@UModSys@@6B@ 00000001400077f8     umodsys_lib_basesys:umodsys.base.rmoduleloader.obj
 0002:00000878       ??_7RModuleLoader@rsystem@base@UModSys@@6B@ 0000000140007878     umodsys_lib_basesys:umodsys.base.rmoduleloader.obj
 0002:000008f8       ??_7RParameters@rsystem@base@UModSys@@6B@ 00000001400078f8     umodsys_lib_basesys:umodsys.base.rparameters.obj
 0002:000009c8       ??_C@_0BG@LJFEMLCK@UModSys_Plugin_Entry2?$AA@ 00000001400079c8     umodsys_lib_basesys:umodsys.base.rmodule.win32.obj
 0002:000009e0       ??_C@_0CI@IABKIJLA@?5?5?5?5?5?5?5?5?5?5load?5so?$CI?$CC?$CFs?$CC?$CJ?5?$HL?$CFp?0?5?$CFp?$HN@ 00000001400079e0     umodsys_lib_basesys:umodsys.base.rmodule.win32.obj
 0002:00000a08       ??_C@_0BP@EBMDLOGD@?5?5?5?5?5?5?5?5?5?5unload?5so?$CI?$HL?$CFp?0?5?$CFp?$HN?$CJ?6?$AA@ 0000000140007a08     umodsys_lib_basesys:umodsys.base.rmodule.win32.obj
 0002:00000a28       ??_C@_0BB@GJHPNFEC@scan?5so?3?5?$CC?$CFs?$CFs?$CC?6?$AA@ 0000000140007a28     umodsys_lib_basesys:umodsys.base.rmodule.win32.obj
 0002:00000a40       ??_C@_0N@LFKMDJGP@?5?5so?3?5?$CC?$CFls?$CC?6?$AA@ 0000000140007a40     umodsys_lib_basesys:umodsys.base.rmodule.win32.obj
 0002:00000a50       ??_C@_0BC@GMLCPHOK@?1scan?5so?3?5?$CC?$CFs?$CFs?$CC?6?$AA@ 0000000140007a50     umodsys_lib_basesys:umodsys.base.rmodule.win32.obj
 0002:00000a64       ??_C@_04HLONOPDM@?4dll?$AA@ 0000000140007a64     umodsys_lib_basesys:umodsys.base.rmodule.win32.obj
 0002:00000a70       ??_C@_0CK@FNJGHFOD@RModuleLibrary?$CI?$CFp?$CJ?3?3link?$CI?$CJ?5?9?9?5ad@ 0000000140007a70     umodsys_lib_basesys:umodsys.base.rmodulelib.obj
 0002:00000aa0       ??_C@_0BA@LBGMEMKJ@LIBRARY?5?$CC?$CFs?$CC?5?$HL?6?$AA@ 0000000140007aa0     umodsys_lib_basesys:umodsys.base.rmodulelib.obj
 0002:00000ab0       ??_C@_0BH@CLNAAMEM@?$HN?5?$CD?5END?5LIBRARY?5?$CC?$CFs?$CC?6?6?$AA@ 0000000140007ab0     umodsys_lib_basesys:umodsys.base.rmodulelib.obj
 0002:00000ac8       ??_C@_0M@KEHKBKEH@?5?5so?3?5?$CC?$CFs?$CC?6?$AA@ 0000000140007ac8     umodsys_lib_basesys:umodsys.base.rmodulelib.obj
 0002:00000ad8       ??_C@_0BF@IKAEAMGP@?5?5?5?5so?5loaded?3?5?$CC?$CFs?$CC?6?$AA@ 0000000140007ad8     umodsys_lib_basesys:umodsys.base.rmodulelib.obj
 0002:00000af0       ??_C@_0O@MCPOKEFF@?5?5?5?5so?5added?6?$AA@ 0000000140007af0     umodsys_lib_basesys:umodsys.base.rmodulelib.obj
 0002:00000b00       ??_C@_0BE@BFONLBBI@?5?5?5?5so?5dup?5with?5?$CFd?6?$AA@ 0000000140007b00     umodsys_lib_basesys:umodsys.base.rmodulelib.obj
 0002:00000b28       ??_7RModuleLibrary@rsystem@base@UModSys@@6B@ 0000000140007b28     umodsys_lib_basesys:umodsys.base.rmodulelib.obj
 0002:00000bc8       ??_C@_0BF@KDHHIHAN@RModule?$CI?$CFp?$CJ?3?3open?$CI?$CJ?6?$AA@ 0000000140007bc8     umodsys_lib_basesys:umodsys.base.rmodule.obj
 0002:00000be0       ??_C@_0BG@HADBHJOP@RModule?$CI?$CFp?$CJ?3?3close?$CI?$CJ?6?$AA@ 0000000140007be0     umodsys_lib_basesys:umodsys.base.rmodule.obj
 0002:00000bf8       ??_C@_0BK@FNONNOFM@RModule?$CI?$CFp?$CJ?3?3?5pre?9loaded?6?$AA@ 0000000140007bf8     umodsys_lib_basesys:umodsys.base.rmodule.obj
 0002:00000c18       ??_C@_0CE@HBBEEAED@RModule?$CI?$CFp?$CJ?3?3generate?$CI?$CJ?5?$HL?5gen?$DN?$CFp@ 0000000140007c18     umodsys_lib_basesys:umodsys.base.rmodule.obj
 0002:00000c40       ??_C@_0DL@FHDKGKAD@RModule?$CI?$CFp?$CJ?3?3reg_generator?$CI?$CFs?5?$CFp@ 0000000140007c40     umodsys_lib_basesys:umodsys.base.rmodule.obj
 0002:00000c80       ??_C@_0DL@ECFHLNEB@RModule?$CI?$CFp?$CJ?3?3reg_generator?$CI?$CFs?5?$CFp@ 0000000140007c80     umodsys_lib_basesys:umodsys.base.rmodule.obj
 0002:00000cc0       ??_C@_0DI@EBNLDEPD@RModule?$CI?$CFp?$CJ?3?3reg_obj?$CI?$CFs?5?$CFp?$CJ?5?9?9?5?$HL@ 0000000140007cc0     umodsys_lib_basesys:umodsys.base.rmodule.obj
 0002:00000d00       ??_C@_0GC@IAELDHPB@RModule?$CI?$CFp?$CJ?3?3reg_obj?$CI?$CFs?5?$CFp?$CJ?5?9?9?5i@ 0000000140007d00     umodsys_lib_basesys:umodsys.base.rmodule.obj
 0002:00000d68       ??_C@_0CM@JCLMIGEB@RModule?$CI?$CFp?$CJ?3?3reg_obj?$CI?$CFs?5?$CFp?$CJ?5?9?9?5a@ 0000000140007d68     umodsys_lib_basesys:umodsys.base.rmodule.obj
 0002:00000d98       ??_C@_0DK@NJCECDIC@RModule?$CI?$CFp?$CJ?3?3unreg_obj?$CI?$CFs?5?$CFp?$CJ?5?9?9@ 0000000140007d98     umodsys_lib_basesys:umodsys.base.rmodule.obj
 0002:00000de0       ??_C@_0GE@MGLAJHFG@RModule?$CI?$CFp?$CJ?3?3unreg_obj?$CI?$CFs?5?$CFp?$CJ?5?9?9@ 0000000140007de0     umodsys_lib_basesys:umodsys.base.rmodule.obj
 0002:00000e48       ??_C@_0CO@DAMPCAGA@RModule?3?3alloc_minfo?$CI?$HL?$CC?$CFs?$CC?0?5?$CC?$CFs?$CC@ 0000000140007e48     umodsys_lib_basesys:umodsys.base.rmodule.obj
 0002:00000e78       ??_C@_0BG@HANHHGHE@?5?5MODULE?5?$CFs?$CI?$CFd?0?$CFd?$CJ?5?$HL?6?$AA@ 0000000140007e78     umodsys_lib_basesys:umodsys.base.rmodule.obj
 0002:00000e90       ??_C@_0CI@FMDENPAM@RModule?$CI?$CFp?$CJ?3?3save_db?$CI?4?4?4?$CJ?5?9?9?5?$HL?5?$CF@ 0000000140007e90     umodsys_lib_basesys:umodsys.base.rmodule.obj
 0002:00000eb8       ??_C@_0BN@CFNKPKCH@?5?5?5?5MODOBJECT?5?$CFs?$CI?$CFd?$CJ?5?$CFs?$CI?$CFd?$CJ?6?$AA@ 0000000140007eb8     umodsys_lib_basesys:umodsys.base.rmodule.obj
 0002:00000ed8       ??_C@_0BP@BJFGMFNK@?5?5?5?5GENERATOR?5?$CFs?$CI?$CFd?$CJ?5?$CFs?$CI?$CFd?$CJ?5?$HL?6?$AA@ 0000000140007ed8     umodsys_lib_basesys:umodsys.base.rmodule.obj
 0002:00000ef8       ??_C@_0BK@DNNMLLHP@?5?5?5?5?5?5REFOBJECT?5?$CFs?$CI?$CFd?$CJ?5?$HL?6?$AA@ 0000000140007ef8     umodsys_lib_basesys:umodsys.base.rmodule.obj
 0002:00000f18       ??_C@_0BF@CJPCFEEB@?5?5?5?5?5?5?5?5TYPE?5?$CFs?$CI?$CFd?$CJ?6?$AA@ 0000000140007f18     umodsys_lib_basesys:umodsys.base.rmodule.obj
 0002:00000f30       ??_C@_0BM@PFPEFHDC@?5?5?5?5?5?5?$HN?5?$CD?5REFOBJECT?5?$CFs?$CI?$CFd?$CJ?6?$AA@ 0000000140007f30     umodsys_lib_basesys:umodsys.base.rmodule.obj
 0002:00000f50       ??_C@_0CB@PCDHJLII@?5?5?5?5?$HN?5?$CD?5GENERATOR?5?$CFs?$CI?$CFd?$CJ?5?$CFs?$CI?$CFd?$CJ?6@ 0000000140007f50     umodsys_lib_basesys:umodsys.base.rmodule.obj
 0002:00000f78       ??_C@_0BI@OGBPJMLO@?5?5?$HN?5?$CD?5MODULE?5?$CFs?$CI?$CFd?0?$CFd?$CJ?6?$AA@ 0000000140007f78     umodsys_lib_basesys:umodsys.base.rmodule.obj
 0002:00000f98       ??_7RModule@rsystem@base@UModSys@@6B@ 0000000140007f98     umodsys_lib_basesys:umodsys.base.rmodule.obj
 0002:00001198       ??_R4type_info@@6B@        0000000140008198     MSVCRT:ti_inst.obj
 0002:000011c0       ??_R3type_info@@8          00000001400081c0     MSVCRT:ti_inst.obj
 0002:000011d8       ??_R2type_info@@8          00000001400081d8     MSVCRT:ti_inst.obj
 0002:000011e8       ??_R1A@?0A@EA@type_info@@8 00000001400081e8     MSVCRT:ti_inst.obj
 0002:00001210       ??_R4RConsole_std@rsystem@base@UModSys@@6B@ 0000000140008210     umodsys_lib_basesys:umodsys.base.rconsole_std.obj
 0002:00001238       ??_R3RConsole_std@rsystem@base@UModSys@@8 0000000140008238     umodsys_lib_basesys:umodsys.base.rconsole_std.obj
 0002:00001250       ??_R2RConsole_std@rsystem@base@UModSys@@8 0000000140008250     umodsys_lib_basesys:umodsys.base.rconsole_std.obj
 0002:00001278       ??_R1A@?0A@EA@RConsole_std@rsystem@base@UModSys@@8 0000000140008278     umodsys_lib_basesys:umodsys.base.rconsole_std.obj
 0002:000012a0       ??_R3IConsole@base@UModSys@@8 00000001400082a0     umodsys_lib_basesys:umodsys.base.rconsole_std.obj
 0002:000012b8       ??_R2IConsole@base@UModSys@@8 00000001400082b8     umodsys_lib_basesys:umodsys.base.rconsole_std.obj
 0002:000012d8       ??_R1A@?0A@EA@IConsole@base@UModSys@@8 00000001400082d8     umodsys_lib_basesys:umodsys.base.rconsole_std.obj
 0002:00001300       ??_R3IRefObject@core@UModSys@@8 0000000140008300     umodsys_lib_basesys:umodsys.base.rconsole_std.obj
 0002:00001318       ??_R2IRefObject@core@UModSys@@8 0000000140008318     umodsys_lib_basesys:umodsys.base.rconsole_std.obj
 0002:00001330       ??_R1A@?0A@EA@IRefObject@core@UModSys@@8 0000000140008330     umodsys_lib_basesys:umodsys.base.rconsole_std.obj
 0002:00001358       ??_R4IRoot@core@UModSys@@6B@ 0000000140008358     umodsys_lib_basesys:umodsys.base.rconsole_std.obj
 0002:00001380       ??_R3IRoot@core@UModSys@@8 0000000140008380     umodsys_lib_basesys:umodsys.base.rconsole_std.obj
 0002:00001398       ??_R2IRoot@core@UModSys@@8 0000000140008398     umodsys_lib_basesys:umodsys.base.rconsole_std.obj
 0002:000013a8       ??_R1A@?0A@EA@IRoot@core@UModSys@@8 00000001400083a8     umodsys_lib_basesys:umodsys.base.rconsole_std.obj
 0002:000013d0       ??_R4RSystem@rsystem@base@UModSys@@6BIUniquePointerResolver@core@3@@ 00000001400083d0     umodsys_lib_basesys:umodsys.base.rsystem_main.obj
 0002:000013f8       ??_R4RSystem@rsystem@base@UModSys@@6BISystem@23@@ 00000001400083f8     umodsys_lib_basesys:umodsys.base.rsystem_main.obj
 0002:00001420       ??_R3RSystem@rsystem@base@UModSys@@8 0000000140008420     umodsys_lib_basesys:umodsys.base.rsystem_main.obj
 0002:00001438       ??_R2RSystem@rsystem@base@UModSys@@8 0000000140008438     umodsys_lib_basesys:umodsys.base.rsystem_main.obj
 0002:00001460       ??_R17?0A@EA@IUniquePointerResolver@core@UModSys@@8 0000000140008460     umodsys_lib_basesys:umodsys.base.rsystem_main.obj
 0002:00001488       ??_R1A@?0A@EA@RSystem@rsystem@base@UModSys@@8 0000000140008488     umodsys_lib_basesys:umodsys.base.rsystem_main.obj
 0002:000014b0       ??_R3IUniquePointerResolver@core@UModSys@@8 00000001400084b0     umodsys_lib_basesys:umodsys.base.rsystem_main.obj
 0002:000014c8       ??_R2IUniquePointerResolver@core@UModSys@@8 00000001400084c8     umodsys_lib_basesys:umodsys.base.rsystem_main.obj
 0002:000014d8       ??_R1A@?0A@EA@IUniquePointerResolver@core@UModSys@@8 00000001400084d8     umodsys_lib_basesys:umodsys.base.rsystem_main.obj
 0002:00001500       ??_R3ISystem@base@UModSys@@8 0000000140008500     umodsys_lib_basesys:umodsys.base.rsystem_main.obj
 0002:00001518       ??_R2ISystem@base@UModSys@@8 0000000140008518     umodsys_lib_basesys:umodsys.base.rsystem_main.obj
 0002:00001530       ??_R1A@?0A@EA@ISystem@base@UModSys@@8 0000000140008530     umodsys_lib_basesys:umodsys.base.rsystem_main.obj
 0002:00001558       ??_R4RModuleLoader@rsystem@base@UModSys@@6B@ 0000000140008558     umodsys_lib_basesys:umodsys.base.rmoduleloader.obj
 0002:00001580       ??_R3RModuleLoader@rsystem@base@UModSys@@8 0000000140008580     umodsys_lib_basesys:umodsys.base.rmoduleloader.obj
 0002:00001598       ??_R2RModuleLoader@rsystem@base@UModSys@@8 0000000140008598     umodsys_lib_basesys:umodsys.base.rmoduleloader.obj
 0002:000015b0       ??_R1A@?0A@EA@RModuleLoader@rsystem@base@UModSys@@8 00000001400085b0     umodsys_lib_basesys:umodsys.base.rmoduleloader.obj
 0002:000015d8       ??_R4IModuleLoader@base@UModSys@@6B@ 00000001400085d8     umodsys_lib_basesys:umodsys.base.rmoduleloader.obj
 0002:00001600       ??_R3IModuleLoader@base@UModSys@@8 0000000140008600     umodsys_lib_basesys:umodsys.base.rmoduleloader.obj
 0002:00001618       ??_R2IModuleLoader@base@UModSys@@8 0000000140008618     umodsys_lib_basesys:umodsys.base.rmoduleloader.obj
 0002:00001628       ??_R1A@?0A@EA@IModuleLoader@base@UModSys@@8 0000000140008628     umodsys_lib_basesys:umodsys.base.rmoduleloader.obj
 0002:00001650       ??_R4RParameters@rsystem@base@UModSys@@6B@ 0000000140008650     umodsys_lib_basesys:umodsys.base.rparameters.obj
 0002:00001678       ??_R3RParameters@rsystem@base@UModSys@@8 0000000140008678     umodsys_lib_basesys:umodsys.base.rparameters.obj
 0002:00001690       ??_R2RParameters@rsystem@base@UModSys@@8 0000000140008690     umodsys_lib_basesys:umodsys.base.rparameters.obj
 0002:000016b8       ??_R1A@?0A@EA@RParameters@rsystem@base@UModSys@@8 00000001400086b8     umodsys_lib_basesys:umodsys.base.rparameters.obj
 0002:000016e0       ??_R3IParameters@core@UModSys@@8 00000001400086e0     umodsys_lib_basesys:umodsys.base.rparameters.obj
 0002:000016f8       ??_R2IParameters@core@UModSys@@8 00000001400086f8     umodsys_lib_basesys:umodsys.base.rparameters.obj
 0002:00001718       ??_R1A@?0A@EA@IParameters@core@UModSys@@8 0000000140008718     umodsys_lib_basesys:umodsys.base.rparameters.obj
 0002:00001740       ??_R4RModuleLibrary@rsystem@base@UModSys@@6B@ 0000000140008740     umodsys_lib_basesys:umodsys.base.rmodulelib.obj
 0002:00001768       ??_R3RModuleLibrary@rsystem@base@UModSys@@8 0000000140008768     umodsys_lib_basesys:umodsys.base.rmodulelib.obj
 0002:00001780       ??_R2RModuleLibrary@rsystem@base@UModSys@@8 0000000140008780     umodsys_lib_basesys:umodsys.base.rmodulelib.obj
 0002:000017a8       ??_R1A@?0A@EA@RModuleLibrary@rsystem@base@UModSys@@8 00000001400087a8     umodsys_lib_basesys:umodsys.base.rmodulelib.obj
 0002:000017d0       ??_R3IModuleLibrary@base@UModSys@@8 00000001400087d0     umodsys_lib_basesys:umodsys.base.rmodulelib.obj
 0002:000017e8       ??_R2IModuleLibrary@base@UModSys@@8 00000001400087e8     umodsys_lib_basesys:umodsys.base.rmodulelib.obj
 0002:00001808       ??_R1A@?0A@EA@IModuleLibrary@base@UModSys@@8 0000000140008808     umodsys_lib_basesys:umodsys.base.rmodulelib.obj
 0002:00001830       ??_R4RModule@rsystem@base@UModSys@@6B@ 0000000140008830     umodsys_lib_basesys:umodsys.base.rmodule.obj
 0002:00001858       ??_R3RModule@rsystem@base@UModSys@@8 0000000140008858     umodsys_lib_basesys:umodsys.base.rmodule.obj
 0002:00001870       ??_R2RModule@rsystem@base@UModSys@@8 0000000140008870     umodsys_lib_basesys:umodsys.base.rmodule.obj
 0002:00001898       ??_R1A@?0A@EA@RModule@rsystem@base@UModSys@@8 0000000140008898     umodsys_lib_basesys:umodsys.base.rmodule.obj
 0002:000018c0       ??_R3IModule@base@UModSys@@8 00000001400088c0     umodsys_lib_basesys:umodsys.base.rmodule.obj
 0002:000018d8       ??_R2IModule@base@UModSys@@8 00000001400088d8     umodsys_lib_basesys:umodsys.base.rmodule.obj
 0002:000018f8       ??_R1A@?0A@EA@IModule@base@UModSys@@8 00000001400088f8     umodsys_lib_basesys:umodsys.base.rmodule.obj
 0002:00001920       __rtc_iaa                  0000000140008920     MSVCRT:_initsect_.obj
 0002:00001928       __rtc_izz                  0000000140008928     MSVCRT:_initsect_.obj
 0002:00001930       __rtc_taa                  0000000140008930     MSVCRT:_initsect_.obj
 0002:00001938       __rtc_tzz                  0000000140008938     MSVCRT:_initsect_.obj
 0002:00002000       __IMPORT_DESCRIPTOR_MSVCR90 0000000140009000     MSVCRT:MSVCR90.dll
 0002:00002014       __IMPORT_DESCRIPTOR_KERNEL32 0000000140009014     kernel32:KERNEL32.dll
 0002:00002028       __NULL_IMPORT_DESCRIPTOR   0000000140009028     MSVCRT:MSVCR90.dll
 0003:00000000       ??_R0?AVtype_info@@@8      000000014000a000     MSVCRT:ti_inst.obj
 0003:00000020       __native_dllmain_reason    000000014000a020     MSVCRT:natstart.obj
 0003:00000024       __native_vcclrit_reason    000000014000a024     MSVCRT:natstart.obj
 0003:00000028       __globallocalestatus       000000014000a028     MSVCRT:xthdloc.obj
 0003:0000002c       __defaultmatherr           000000014000a02c     MSVCRT:merr.obj
 0003:00000030       __security_cookie          000000014000a030     MSVCRT:gs_cookie.obj
 0003:00000038       __security_cookie_complement 000000014000a038     MSVCRT:gs_cookie.obj
 0003:000000f0       ?s_console@RConsole_std@rsystem@base@UModSys@@2U1234@A 000000014000a0f0     umodsys_lib_basesys:umodsys.base.rconsole_std.obj
 0003:00000100       ?s_sys@RSystem@rsystem@base@UModSys@@2U1234@A 000000014000a100     umodsys_lib_basesys:umodsys.base.rsystem_main.obj
 0003:000001c0       ?rsys_dbg@rsystem@base@UModSys@@3USDebug@23@A 000000014000a1c0     umodsys_lib_basesys:umodsys.base.rsystem_main.obj
 0003:000001d0       ??_R0?AURConsole_std@rsystem@base@UModSys@@@8 000000014000a1d0     umodsys_lib_basesys:umodsys.base.rconsole_std.obj
 0003:00000208       ??_R0?AUIConsole@base@UModSys@@@8 000000014000a208     umodsys_lib_basesys:umodsys.base.rconsole_std.obj
 0003:00000238       ??_R0?AUIRefObject@core@UModSys@@@8 000000014000a238     umodsys_lib_basesys:umodsys.base.rconsole_std.obj
 0003:00000268       ??_R0?AUIRoot@core@UModSys@@@8 000000014000a268     umodsys_lib_basesys:umodsys.base.rconsole_std.obj
 0003:00000298       ??_R0?AURSystem@rsystem@base@UModSys@@@8 000000014000a298     umodsys_lib_basesys:umodsys.base.rsystem_main.obj
 0003:000002d0       ??_R0?AUIUniquePointerResolver@core@UModSys@@@8 000000014000a2d0     umodsys_lib_basesys:umodsys.base.rsystem_main.obj
 0003:00000310       ??_R0?AUISystem@base@UModSys@@@8 000000014000a310     umodsys_lib_basesys:umodsys.base.rsystem_main.obj
 0003:00000340       ??_R0?AURModuleLoader@rsystem@base@UModSys@@@8 000000014000a340     umodsys_lib_basesys:umodsys.base.rmoduleloader.obj
 0003:00000380       ??_R0?AUIModuleLoader@base@UModSys@@@8 000000014000a380     umodsys_lib_basesys:umodsys.base.rmoduleloader.obj
 0003:000003b8       ??_R0?AURParameters@rsystem@base@UModSys@@@8 000000014000a3b8     umodsys_lib_basesys:umodsys.base.rparameters.obj
 0003:000003f0       ??_R0?AUIParameters@core@UModSys@@@8 000000014000a3f0     umodsys_lib_basesys:umodsys.base.rparameters.obj
 0003:00000420       ??_R0?AURModuleLibrary@rsystem@base@UModSys@@@8 000000014000a420     umodsys_lib_basesys:umodsys.base.rmodulelib.obj
 0003:00000460       ??_R0?AUIModuleLibrary@base@UModSys@@@8 000000014000a460     umodsys_lib_basesys:umodsys.base.rmodulelib.obj
 0003:00000498       ?s_null@?1??get_null@?$TSCoreShared@USMemAlloc_Malloc@core@UModSys@@D@su@tl@UModSys@@SAPEAU?$TSharedStringInfo@D@345@XZ@4U6345@A 000000014000a498     umodsys_lib_basesys:umodsys.base.rmodulelib.obj
 0003:000004b8       ??_R0?AURModule@rsystem@base@UModSys@@@8 000000014000a4b8     umodsys_lib_basesys:umodsys.base.rmodule.obj
 0003:000004f0       ??_R0?AUIModule@base@UModSys@@@8 000000014000a4f0     umodsys_lib_basesys:umodsys.base.rmodule.obj
 0003:00000520       _fltused                   000000014000a520     MSVCRT:dllsupp.obj
 0003:00000550       _forceCRTManifestRTM       000000014000a550     MSVCRT:crtmanifestrtm.obj
 0003:00000554       _dowildcard                000000014000a554     MSVCRT:wildcard.obj
 0003:00000558       _newmode                   000000014000a558     MSVCRT:_newmode.obj
 0003:0000055c       _commode                   000000014000a55c     MSVCRT:xncommod.obj
 0003:00000560       _fmode                     000000014000a560     MSVCRT:xtxtmode.obj
 0003:00000564       ?rv@?1??get_default@SMemAlloc_Malloc@core@UModSys@@SAAEBU234@XZ@4U234@A 000000014000a564     umodsys_lib_basesys:umodsys.base.rsystem_main.obj
 0003:00000568       ?s_id@?$TObjectUniqueID@UIModObject@base@UModSys@@@tl@UModSys@@2USUniquePointer@core@3@A 000000014000a568     umodsys.c_main.obj
 0003:00000598       ?s_id@?$TObjectUniqueID@UIGenerator@base@UModSys@@@tl@UModSys@@2USUniquePointer@core@3@A 000000014000a598     umodsys.c_main.obj
 0003:000005c8       ?s_id@?$TObjectUniqueID@UIModule@base@UModSys@@@tl@UModSys@@2USUniquePointer@core@3@A 000000014000a5c8     umodsys.c_main.obj
 0003:000005f8       ?s_id@?$TObjectUniqueID@URModuleLibrary@rsystem@base@UModSys@@@tl@UModSys@@2USUniquePointer@core@3@A 000000014000a5f8     umodsys.c_main.obj
 0003:00000628       ?s_id@?$TObjectUniqueID@UIRoot@core@UModSys@@@tl@UModSys@@2USUniquePointer@core@3@A 000000014000a628     umodsys.c_main.obj
 0003:00000658       ?s_id@?$TObjectUniqueID@URConsole_std@rsystem@base@UModSys@@@tl@UModSys@@2USUniquePointer@core@3@A 000000014000a658     umodsys.c_main.obj
 0003:00000688       ?s_id@?$TObjectUniqueID@UISystem@base@UModSys@@@tl@UModSys@@2USUniquePointer@core@3@A 000000014000a688     umodsys.c_main.obj
 0003:000006b8       ?s_id@?$TObjectUniqueID@UIRefObject@core@UModSys@@@tl@UModSys@@2USUniquePointer@core@3@A 000000014000a6b8     umodsys.c_main.obj
 0003:000006e8       ?s_id@?$TObjectUniqueID@URModule@rsystem@base@UModSys@@@tl@UModSys@@2USUniquePointer@core@3@A 000000014000a6e8     umodsys.c_main.obj
 0003:00000718       ?s_id@?$TObjectUniqueID@UIShell@base@UModSys@@@tl@UModSys@@2USUniquePointer@core@3@A 000000014000a718     umodsys.c_main.obj
 0003:00000748       ?s_id@?$TObjectUniqueID@UIConsole@base@UModSys@@@tl@UModSys@@2USUniquePointer@core@3@A 000000014000a748     umodsys.c_main.obj
 0003:00000778       ?s_id@?$TObjectUniqueID@UIModuleLibrary@base@UModSys@@@tl@UModSys@@2USUniquePointer@core@3@A 000000014000a778     umodsys.c_main.obj
 0003:000007a8       ?s_id@?$TObjectUniqueID@UIParameters@core@UModSys@@@tl@UModSys@@2USUniquePointer@core@3@A 000000014000a7a8     umodsys.c_main.obj
 0003:000007d8       ?s_id@?$TObjectUniqueID@URSystem@rsystem@base@UModSys@@@tl@UModSys@@2USUniquePointer@core@3@A 000000014000a7d8     umodsys.c_main.obj
 0003:00000808       ?s_id@?$TObjectUniqueID@URParameters@rsystem@base@UModSys@@@tl@UModSys@@2USUniquePointer@core@3@A 000000014000a808     umodsys.c_main.obj
 0003:00000838       ?s_null@?$TStaticStringPool@DU?$TComparerBinaryHash@D@su@tl@UModSys@@USMemAlloc_Malloc@core@4@@tl@UModSys@@2U?$TString@U?$TSCoreConst@D@su@tl@UModSys@@U?$TComparerBinaryHash@D@234@@23@A 000000014000a838     umodsys_lib_basesys:umodsys.base.rsystem_main.obj
 0003:00000850       ?M@UModSys@@3USModuleContext@base@1@A 000000014000a850     umodsys_lib_base:umodsys.base.modulecontext.obj
 0003:00000868       ?root@SUniquePointer@core@UModSys@@2U123@A 000000014000a868     umodsys_lib_core:umodsys.core.uniqueptr.obj
 0003:00000898       __native_startup_state     000000014000a898     <common>
 0003:000008a0       __native_startup_lock      000000014000a8a0     <common>
 0003:000008a8       __dyn_tls_init_callback    000000014000a8a8     <common>
 0003:000008b0       __onexitend                000000014000a8b0     <common>
 0003:000008b8       __onexitbegin              000000014000a8b8     <common>

 entry point at        0001:00004b68

 Static symbols

 0001:00002840       ?s_pfd_scan@@YA_KPEAUISystem@base@UModSys@@AEAU?$TArray@U?$TRefObject@URModuleLibrary@rsystem@base@UModSys@@@tl@UModSys@@U?$TAllocator@USMemAlloc_Malloc@core@UModSys@@USCountCalcPower2@23@@23@@tl@3@PEBD2@Z 0000000140003840 f    CIL library: CIL module
 0001:00004898       pre_cpp_init               0000000140005898 f   MSVCRT:crtexe.obj
 0001:00004900       __tmainCRTStartup          0000000140005900 f   MSVCRT:crtexe.obj
 0001:00004a80       pre_c_init                 0000000140005a80 f   MSVCRT:crtexe.obj
 0001:00004fa0       _onexit$fin$0              0000000140005fa0 f   MSVCRT:atonexit.obj
 0001:00004fb9       __tmainCRTStartup$filt$0   0000000140005fb9 f   MSVCRT:crtexe.obj
 0001:00004fe0       _IsNonwritableInCurrentImage$filt$0 0000000140005fe0 f   MSVCRT:pesect.obj
 0001:00005001       ?filt$0@?0??__ArrayUnwind@@YAXPEAX_KHP6AX0@Z@Z@4HA 0000000140006001 f   MSVCRT:ehvecdtr.obj
 0001:00005040       ?fin$0@?0???_M@YAXPEAX_KHP6AX0@Z@Z@4HA 0000000140006040 f   MSVCRT:ehvecdtr.obj
 0001:0000506a       ?dtor$0@?0??suicide@RModule@rsystem@base@UModSys@@UEAAXXZ@4HA 000000014000606a f    CIL library: CIL module
 0001:00005082       ?dtor$0@?0??push@?$TArray@U?$TRefObject@URModuleLibrary@rsystem@base@UModSys@@@tl@UModSys@@U?$TAllocator@USMemAlloc_Malloc@core@UModSys@@USCountCalcPower2@23@@23@@tl@UModSys@@QEAA_NAEBU?$TRefObject@URModuleLibrary@rsystem@base@UModSys@@@23@@Z@4HA 0000000140006082 f    CIL library: CIL module
 0001:0000509e       ?dtor$0@?0???1RModuleLoader@rsystem@base@UModSys@@UEAA@XZ@4HA 000000014000609e f    CIL library: CIL module
 0001:000050be       ?dtor$1@?0???1RModuleLoader@rsystem@base@UModSys@@UEAA@XZ@4HA 00000001400060be f    CIL library: CIL module
 0001:000050da       ?dtor$0@?0???1RSystem@rsystem@base@UModSys@@UEAA@XZ@4HA 00000001400060da f    CIL library: CIL module
 0001:000050fa       ?dtor$1@?0???1RSystem@rsystem@base@UModSys@@UEAA@XZ@4HA 00000001400060fa f    CIL library: CIL module
 0001:0000511a       ?dtor$2@?0???1RSystem@rsystem@base@UModSys@@UEAA@XZ@4HA 000000014000611a f    CIL library: CIL module
 0001:0000513a       ?dtor$3@?0???1RSystem@rsystem@base@UModSys@@UEAA@XZ@4HA 000000014000613a f    CIL library: CIL module
 0001:00005159       ?dtor$0@?0???_GRModuleLibrary@rsystem@base@UModSys@@UEAAPEAXI@Z@4HA 0000000140006159 f    CIL library: CIL module
 0001:00005179       ?dtor$1@?0???_GRModuleLibrary@rsystem@base@UModSys@@UEAAPEAXI@Z@4HA 0000000140006179 f    CIL library: CIL module
 0001:00005199       ?dtor$2@?0???_GRModuleLibrary@rsystem@base@UModSys@@UEAAPEAXI@Z@4HA 0000000140006199 f    CIL library: CIL module
 0001:000051b5       ?dtor$0@?0??link@RModuleLibrary@rsystem@base@UModSys@@QEAA_NXZ@4HA 00000001400061b5 f    CIL library: CIL module
 0001:000051d5       ?dtor$2@?0??link@RModuleLibrary@rsystem@base@UModSys@@QEAA_NXZ@4HA 00000001400061d5 f    CIL library: CIL module
 0001:000051f5       ?dtor$3@?0??link@RModuleLibrary@rsystem@base@UModSys@@QEAA_NXZ@4HA 00000001400061f5 f    CIL library: CIL module
 0001:00005215       ?dtor$4@?0??link@RModuleLibrary@rsystem@base@UModSys@@QEAA_NXZ@4HA 0000000140006215 f    CIL library: CIL module
 0001:00005235       ?dtor$5@?0??link@RModuleLibrary@rsystem@base@UModSys@@QEAA_NXZ@4HA 0000000140006235 f    CIL library: CIL module
 0001:00005255       ?dtor$1@?0??link@RModuleLibrary@rsystem@base@UModSys@@QEAA_NXZ@4HA 0000000140006255 f    CIL library: CIL module
 0001:00005275       ?dtor$6@?0??link@RModuleLibrary@rsystem@base@UModSys@@QEAA_NXZ@4HA 0000000140006275 f    CIL library: CIL module
 0001:00005294       ?dtor$0@?0??exec_test_shells@RSystem@rsystem@base@UModSys@@QEAA_NXZ@4HA 0000000140006294 f    CIL library: CIL module
 0001:000052b4       ?dtor$1@?0??exec_test_shells@RSystem@rsystem@base@UModSys@@QEAA_NXZ@4HA 00000001400062b4 f    CIL library: CIL module
 0001:000052d4       ?dtor$3@?0??exec_test_shells@RSystem@rsystem@base@UModSys@@QEAA_NXZ@4HA 00000001400062d4 f    CIL library: CIL module
 0001:000052ef       ?dtor$1@?0??s_add@RModuleLibrary@rsystem@base@UModSys@@SA_NPEAUISystem@34@AEAU?$TArray@U?$TRefObject@URModuleLibrary@rsystem@base@UModSys@@@tl@UModSys@@U?$TAllocator@USMemAlloc_Malloc@core@UModSys@@USCountCalcPower2@23@@23@@tl@4@PEBD@Z@4HA 00000001400062ef f    CIL library: CIL module
 0001:0000530a       ?dtor$0@?0???__E?s_sys@RSystem@rsystem@base@UModSys@@2U1234@A@@YAXXZ@4HA 000000014000630a f    CIL library: CIL module
 0001:0000532a       ?dtor$1@?0???__E?s_sys@RSystem@rsystem@base@UModSys@@2U1234@A@@YAXXZ@4HA 000000014000632a f    CIL library: CIL module
 0001:0000534a       ?dtor$2@?0???__E?s_sys@RSystem@rsystem@base@UModSys@@2U1234@A@@YAXXZ@4HA 000000014000634a f    CIL library: CIL module
 0001:0000536a       ?dtor$3@?0???__E?s_sys@RSystem@rsystem@base@UModSys@@2U1234@A@@YAXXZ@4HA 000000014000636a f    CIL library: CIL module
 0001:0000539a       ?dtor$4@?0???__E?s_sys@RSystem@rsystem@base@UModSys@@2U1234@A@@YAXXZ@4HA 000000014000639a f    CIL library: CIL module
 0001:000053bc       ??__E?s_id@?$TObjectUniqueID@UIRoot@core@UModSys@@@tl@UModSys@@2USUniquePointer@core@3@A@@YAXXZ 00000001400063bc f    CIL library: CIL module
 0001:000053f0       ??__E?s_id@?$TObjectUniqueID@UIRefObject@core@UModSys@@@tl@UModSys@@2USUniquePointer@core@3@A@@YAXXZ 00000001400063f0 f    CIL library: CIL module
 0001:00005424       ??__E?s_id@?$TObjectUniqueID@UIParameters@core@UModSys@@@tl@UModSys@@2USUniquePointer@core@3@A@@YAXXZ 0000000140006424 f    CIL library: CIL module
 0001:00005458       ??__E?s_id@?$TObjectUniqueID@UIConsole@base@UModSys@@@tl@UModSys@@2USUniquePointer@core@3@A@@YAXXZ 0000000140006458 f    CIL library: CIL module
 0001:0000548c       ??__E?s_id@?$TObjectUniqueID@UIModule@base@UModSys@@@tl@UModSys@@2USUniquePointer@core@3@A@@YAXXZ 000000014000648c f    CIL library: CIL module
 0001:000054c0       ??__E?s_id@?$TObjectUniqueID@UIModuleLibrary@base@UModSys@@@tl@UModSys@@2USUniquePointer@core@3@A@@YAXXZ 00000001400064c0 f    CIL library: CIL module
 0001:000054f4       ??__E?s_id@?$TObjectUniqueID@UISystem@base@UModSys@@@tl@UModSys@@2USUniquePointer@core@3@A@@YAXXZ 00000001400064f4 f    CIL library: CIL module
 0001:00005528       ??__E?s_id@?$TObjectUniqueID@UIModObject@base@UModSys@@@tl@UModSys@@2USUniquePointer@core@3@A@@YAXXZ 0000000140006528 f    CIL library: CIL module
 0001:0000555c       ??__E?s_id@?$TObjectUniqueID@UIGenerator@base@UModSys@@@tl@UModSys@@2USUniquePointer@core@3@A@@YAXXZ 000000014000655c f    CIL library: CIL module
 0001:00005590       ??__E?s_id@?$TObjectUniqueID@UIShell@base@UModSys@@@tl@UModSys@@2USUniquePointer@core@3@A@@YAXXZ 0000000140006590 f    CIL library: CIL module
 0001:000055c4       ??__E?s_id@?$TObjectUniqueID@URModule@rsystem@base@UModSys@@@tl@UModSys@@2USUniquePointer@core@3@A@@YAXXZ 00000001400065c4 f    CIL library: CIL module
 0001:000055f8       ??__E?s_id@?$TObjectUniqueID@URModuleLibrary@rsystem@base@UModSys@@@tl@UModSys@@2USUniquePointer@core@3@A@@YAXXZ 00000001400065f8 f    CIL library: CIL module
 0001:0000562c       ??__E?s_id@?$TObjectUniqueID@URParameters@rsystem@base@UModSys@@@tl@UModSys@@2USUniquePointer@core@3@A@@YAXXZ 000000014000662c f    CIL library: CIL module
 0001:00005660       ??__E?s_id@?$TObjectUniqueID@URSystem@rsystem@base@UModSys@@@tl@UModSys@@2USUniquePointer@core@3@A@@YAXXZ 0000000140006660 f    CIL library: CIL module
 0001:00005694       ??__E?s_id@?$TObjectUniqueID@URConsole_std@rsystem@base@UModSys@@@tl@UModSys@@2USUniquePointer@core@3@A@@YAXXZ 0000000140006694 f    CIL library: CIL module
 0001:000056c8       ??__E?s_console@RConsole_std@rsystem@base@UModSys@@2U1234@A@@YAXXZ 00000001400066c8 f    CIL library: CIL module
 0001:000056d4       ??__E?s_sys@RSystem@rsystem@base@UModSys@@2U1234@A@@YAXXZ 00000001400066d4 f    CIL library: CIL module
 0001:00005750       ??__Ersys_dbg@rsystem@base@UModSys@@YAXXZ 0000000140006750 f    CIL library: CIL module
 0001:0000575c       ??__EM@UModSys@@YAXXZ      000000014000675c f    CIL library: CIL module
 0001:00005768       ??__E?root@SUniquePointer@core@UModSys@@2U123@A@@YAXXZ 0000000140006768 f    CIL library: CIL module
 0001:00005774       ??__F?s_id@?$TObjectUniqueID@URConsole_std@rsystem@base@UModSys@@@tl@UModSys@@2USUniquePointer@core@3@A@@YAXXZ 0000000140006774 f    CIL library: CIL module
 0001:00005780       ??__F?s_id@?$TObjectUniqueID@URSystem@rsystem@base@UModSys@@@tl@UModSys@@2USUniquePointer@core@3@A@@YAXXZ 0000000140006780 f    CIL library: CIL module
 0001:0000578c       ??__F?s_id@?$TObjectUniqueID@URParameters@rsystem@base@UModSys@@@tl@UModSys@@2USUniquePointer@core@3@A@@YAXXZ 000000014000678c f    CIL library: CIL module
 0001:00005798       ??__F?s_id@?$TObjectUniqueID@URModuleLibrary@rsystem@base@UModSys@@@tl@UModSys@@2USUniquePointer@core@3@A@@YAXXZ 0000000140006798 f    CIL library: CIL module
 0001:000057a4       ??__F?s_id@?$TObjectUniqueID@URModule@rsystem@base@UModSys@@@tl@UModSys@@2USUniquePointer@core@3@A@@YAXXZ 00000001400067a4 f    CIL library: CIL module
 0001:000057b0       ??__F?s_id@?$TObjectUniqueID@UIShell@base@UModSys@@@tl@UModSys@@2USUniquePointer@core@3@A@@YAXXZ 00000001400067b0 f    CIL library: CIL module
 0001:000057bc       ??__F?s_id@?$TObjectUniqueID@UIGenerator@base@UModSys@@@tl@UModSys@@2USUniquePointer@core@3@A@@YAXXZ 00000001400067bc f    CIL library: CIL module
 0001:000057c8       ??__F?s_id@?$TObjectUniqueID@UIModObject@base@UModSys@@@tl@UModSys@@2USUniquePointer@core@3@A@@YAXXZ 00000001400067c8 f    CIL library: CIL module
 0001:000057d4       ??__F?s_id@?$TObjectUniqueID@UISystem@base@UModSys@@@tl@UModSys@@2USUniquePointer@core@3@A@@YAXXZ 00000001400067d4 f    CIL library: CIL module
 0001:000057e0       ??__F?s_id@?$TObjectUniqueID@UIModuleLibrary@base@UModSys@@@tl@UModSys@@2USUniquePointer@core@3@A@@YAXXZ 00000001400067e0 f    CIL library: CIL module
 0001:000057ec       ??__F?s_id@?$TObjectUniqueID@UIModule@base@UModSys@@@tl@UModSys@@2USUniquePointer@core@3@A@@YAXXZ 00000001400067ec f    CIL library: CIL module
 0001:000057f8       ??__F?s_id@?$TObjectUniqueID@UIConsole@base@UModSys@@@tl@UModSys@@2USUniquePointer@core@3@A@@YAXXZ 00000001400067f8 f    CIL library: CIL module
 0001:00005804       ??__F?s_id@?$TObjectUniqueID@UIParameters@core@UModSys@@@tl@UModSys@@2USUniquePointer@core@3@A@@YAXXZ 0000000140006804 f    CIL library: CIL module
 0001:00005810       ??__F?s_id@?$TObjectUniqueID@UIRefObject@core@UModSys@@@tl@UModSys@@2USUniquePointer@core@3@A@@YAXXZ 0000000140006810 f    CIL library: CIL module
 0001:0000581c       ??__F?s_id@?$TObjectUniqueID@UIRoot@core@UModSys@@@tl@UModSys@@2USUniquePointer@core@3@A@@YAXXZ 000000014000681c f    CIL library: CIL module
 0001:00005828       ??__F?s_console@RConsole_std@rsystem@base@UModSys@@2U1234@A@@YAXXZ 0000000140006828 f    CIL library: CIL module
 0001:00005868       ??__F?s_sys@RSystem@rsystem@base@UModSys@@2U1234@A@@YAXXZ 0000000140006868 f    CIL library: CIL module
 0001:00005874       ??__Frsys_dbg@rsystem@base@UModSys@@YAXXZ 0000000140006874 f    CIL library: CIL module
 0001:00005898       ??__FM@UModSys@@YAXXZ      0000000140006898 f    CIL library: CIL module
 0001:0000589c       ??__F?root@SUniquePointer@core@UModSys@@2U123@A@@YAXXZ 000000014000689c f    CIL library: CIL module
