 umodsysc

 Timestamp is 525649c3 (Thu Oct 10 09:31:31 2013)

 Preferred load address is 0000000140000000

 Start         Length     Name                   Class
 0001:00000000 00005b0cH .text                   CODE
 0001:00005b10 0000005eH .text$00                CODE
 0001:00005b70 000003d3H .text$x                 CODE
 0001:00005f44 00000348H .text$yc                CODE
 0001:0000628c 00000134H .text$yd                CODE
 0002:00000000 000001d0H .idata$5                DATA
 0002:000001d0 00000008H .CRT$XCA                DATA
 0002:000001d8 00000008H .CRT$XCAA               DATA
 0002:000001e0 000000a0H .CRT$XCU                DATA
 0002:00000280 00000008H .CRT$XCZ                DATA
 0002:00000288 00000008H .CRT$XIA                DATA
 0002:00000290 00000008H .CRT$XIAA               DATA
 0002:00000298 00000008H .CRT$XIY                DATA
 0002:000002a0 00000008H .CRT$XIZ                DATA
 0002:000002b0 00000fc8H .rdata                  DATA
 0002:00001278 00000af4H .rdata$r                DATA
 0002:00001d70 00000008H .rtc$IAA                DATA
 0002:00001d78 00000008H .rtc$IZZ                DATA
 0002:00001d80 00000008H .rtc$TAA                DATA
 0002:00001d88 00000008H .rtc$TZZ                DATA
 0002:00001d90 00000778H .xdata                  DATA
 0002:00002508 000000e4H .xdata$x                DATA
 0002:000025ec 00000028H .idata$2                DATA
 0002:00002614 00000014H .idata$3                DATA
 0002:00002628 000001d0H .idata$4                DATA
 0002:000027f8 00000394H .idata$6                DATA
 0002:00002b8c 00000000H .edata                  DATA
 0003:00000000 000007b4H .data                   DATA
 0003:000007b8 00000398H .bss                    DATA
 0004:00000000 000007ecH .pdata                  DATA

  Address         Publics by Value              Rva+Base               Lib:Object

 0000:00000000       ___safe_se_handler_table   0000000000000000     <absolute>
 0000:00000000       ___safe_se_handler_count   0000000000000000     <absolute>
 0000:00000000       __ImageBase                0000000140000000     <linker-defined>
 0001:00000000       main                       0000000140001000 f   umodsys.c_main.obj
 0001:00000418       ?get_interface_info@RConsole_std@rsystem@base@UModSys@@UEBAAEBUSUniquePointerInfo@core@4@XZ 0000000140001418 f i umodsys_lib_basesys:umodsys.basesys.rconsole_std.obj
 0001:00000420       ?get_interface_type@RConsole_std@rsystem@base@UModSys@@UEBAPEBUSUniquePointerInfo@core@4@XZ 0000000140001420 f i umodsys_lib_basesys:umodsys.basesys.rconsole_std.obj
 0001:00000428       ?get_other_interface@RConsole_std@rsystem@base@UModSys@@UEAAPEAUIRoot@core@4@PEBUSUniquePointerInfo@64@@Z 0000000140001428 f i umodsys_lib_basesys:umodsys.basesys.rconsole_std.obj
 0001:00000428       ?get_other_interface@RConsole_std@rsystem@base@UModSys@@UEBAPEBUIRoot@core@4@PEBUSUniquePointerInfo@64@@Z 0000000140001428 f i umodsys_lib_basesys:umodsys.basesys.rconsole_std.obj
 0001:00000458       ?ref_add@RConsole_std@rsystem@base@UModSys@@UEBAXXZ 0000000140001458 f   umodsys_lib_basesys:umodsys.basesys.rconsole_std.obj
 0001:00000458       ?ref_remove@RConsole_std@rsystem@base@UModSys@@UEBAXXZ 0000000140001458 f   umodsys_lib_basesys:umodsys.basesys.rconsole_std.obj
 0001:00000458       ?suicide@IRoot@core@UModSys@@UEAAXXZ 0000000140001458 f   umodsys_lib_core:umodsys.core.objects.obj
 0001:0000045c       ?vput@RConsole_std@rsystem@base@UModSys@@UEAA_NHPEBDPEAD@Z 000000014000145c f   umodsys_lib_basesys:umodsys.basesys.rconsole_std.obj
 0001:000004c0       ?put@RConsole_std@rsystem@base@UModSys@@UEAA_NHPEBDZZ 00000001400014c0 f   umodsys_lib_basesys:umodsys.basesys.rconsole_std.obj
 0001:0000051c       ?moduledb_lib_drop@RModuleLoader@rsystem@base@UModSys@@UEAA_NPEAUIModuleLibrary@34@@Z 000000014000151c f   umodsys_lib_basesys:umodsys.basesys.rmoduleloader.obj
 0001:0000051c       ?vget_c@RConsole_std@rsystem@base@UModSys@@UEAA_NPEAHPEBDPEAD@Z 000000014000151c f   umodsys_lib_basesys:umodsys.basesys.rconsole_std.obj
 0001:0000051c       ?get_s@RConsole_std@rsystem@base@UModSys@@UEAA_NPEAD_KPEBDZZ 000000014000151c f   umodsys_lib_basesys:umodsys.basesys.rconsole_std.obj
 0001:0000051c       ?vget_s@RConsole_std@rsystem@base@UModSys@@UEAA_NPEAD_KPEBD0@Z 000000014000151c f   umodsys_lib_basesys:umodsys.basesys.rconsole_std.obj
 0001:0000051c       ?moduledb_load@RModuleLoader@rsystem@base@UModSys@@UEAA_NAEBU?$TString@U?$TSCoreConst@D@su@tl@UModSys@@U?$TComparerBinaryHash@D@234@@tl@4@@Z 000000014000151c f   umodsys_lib_basesys:umodsys.basesys.rmoduleloader.obj
 0001:00000520       ?get_c@RConsole_std@rsystem@base@UModSys@@UEAA_NPEAHPEBDZZ 0000000140001520 f   umodsys_lib_basesys:umodsys.basesys.rconsole_std.obj
 0001:00000528       ?reflect@RConsole_std@rsystem@base@UModSys@@QEAA_NPEBD@Z 0000000140001528 f   umodsys_lib_basesys:umodsys.basesys.rconsole_std.obj
 0001:0000058c       ??_GRConsole_std@rsystem@base@UModSys@@UEAAPEAXI@Z 000000014000158c f i umodsys_lib_basesys:umodsys.basesys.rconsole_std.obj
 0001:0000058c       ??_ERConsole_std@rsystem@base@UModSys@@UEAAPEAXI@Z 000000014000158c f i  CIL library: CIL module
 0001:000005c8       ??_ERParameters@rsystem@base@UModSys@@UEAAPEAXI@Z 00000001400015c8 f i  CIL library: CIL module
 0001:000005c8       ??_EIRoot@core@UModSys@@UEAAPEAXI@Z 00000001400015c8 f i  CIL library: CIL module
 0001:000005c8       ??_GRParameters@rsystem@base@UModSys@@UEAAPEAXI@Z 00000001400015c8 f i umodsys_lib_basesys:umodsys.basesys.rparameters.obj
 0001:000005c8       ??_GIRoot@core@UModSys@@UEAAPEAXI@Z 00000001400015c8 f i umodsys_lib_basesys:umodsys.basesys.rconsole_std.obj
 0001:000005d8       ?decode_error@EExceptionBase@core@UModSys@@UEBAHPEAD_K@Z 00000001400015d8 f i umodsys_lib_basesys:umodsys.basesys.rsystem_main.obj
 0001:00000614       ??_GEFatal@core@UModSys@@UEAAPEAXI@Z 0000000140001614 f i umodsys_lib_basesys:umodsys.basesys.rsystem_main.obj
 0001:00000614       ??_GEWarning@core@UModSys@@UEAAPEAXI@Z 0000000140001614 f i umodsys_lib_basesys:umodsys.basesys.rsystem_main.obj
 0001:00000614       ??_EEFatal@core@UModSys@@UEAAPEAXI@Z 0000000140001614 f i  CIL library: CIL module
 0001:00000614       ??_EEExceptionBase@core@UModSys@@UEAAPEAXI@Z 0000000140001614 f i  CIL library: CIL module
 0001:00000614       ??_GEExceptionBase@core@UModSys@@UEAAPEAXI@Z 0000000140001614 f i umodsys_lib_basesys:umodsys.basesys.rsystem_main.obj
 0001:00000614       ??_EEWarning@core@UModSys@@UEAAPEAXI@Z 0000000140001614 f i  CIL library: CIL module
 0001:0000063c       ?decode_error@EFatal@core@UModSys@@UEBAHPEAD_K@Z 000000014000163c f i umodsys_lib_basesys:umodsys.basesys.rsystem_main.obj
 0001:00000678       ?decode_error@EWarning@core@UModSys@@UEBAHPEAD_K@Z 0000000140001678 f i umodsys_lib_basesys:umodsys.basesys.rsystem_main.obj
 0001:000006b4       ??1EFatal@core@UModSys@@UEAA@XZ 00000001400016b4 f i umodsys_lib_basesys:umodsys.basesys.rsystem_main.obj
 0001:000006b4       ??1EWarning@core@UModSys@@UEAA@XZ 00000001400016b4 f i umodsys_lib_basesys:umodsys.basesys.rsystem_main.obj
 0001:000006c0       ?get_interface_info@RSystem@rsystem@base@UModSys@@UEBAAEBUSUniquePointerInfo@core@4@XZ 00000001400016c0 f i umodsys_lib_basesys:umodsys.basesys.rsystem_main.obj
 0001:000006c8       ?get_interface_type@RSystem@rsystem@base@UModSys@@UEBAPEBUSUniquePointerInfo@core@4@XZ 00000001400016c8 f i umodsys_lib_basesys:umodsys.basesys.rsystem_main.obj
 0001:000006d0       ?get_other_interface@RSystem@rsystem@base@UModSys@@UEBAPEBUIRoot@core@4@PEBUSUniquePointerInfo@64@@Z 00000001400016d0 f i umodsys_lib_basesys:umodsys.basesys.rsystem_main.obj
 0001:000006d0       ?get_other_interface@RSystem@rsystem@base@UModSys@@UEAAPEAUIRoot@core@4@PEBUSUniquePointerInfo@64@@Z 00000001400016d0 f i umodsys_lib_basesys:umodsys.basesys.rsystem_main.obj
 0001:000006f0       ?dump_upis@RSystem@rsystem@base@UModSys@@QEAAXXZ 00000001400016f0 f   umodsys_lib_basesys:umodsys.basesys.rsystem_main.obj
 0001:00000800       ??_ERSystem@rsystem@base@UModSys@@UEAAPEAXI@Z 0000000140001800 f i  CIL library: CIL module
 0001:00000800       ??_GRSystem@rsystem@base@UModSys@@UEAAPEAXI@Z 0000000140001800 f i umodsys_lib_basesys:umodsys.basesys.rsystem_main.obj
 0001:00000818       ??1RSystem@rsystem@base@UModSys@@UEAA@XZ 0000000140001818 f   umodsys_lib_basesys:umodsys.basesys.rsystem_main.obj
 0001:00000960       ?dbg_put@rsystem@base@UModSys@@YAXW4eRSystemDebugLevels@123@PEBDZZ 0000000140001960 f   umodsys_lib_basesys:umodsys.basesys.rsystem_main.obj
 0001:000009a4       ?err_put@rsystem@base@UModSys@@YAXW4eRSystemDebugLevels@123@PEBDZZ 00000001400019a4 f   umodsys_lib_basesys:umodsys.basesys.rsystem_main.obj
 0001:000009e8       ??1?$TStaticStringPool@DU?$TComparerBinaryHash@D@su@tl@UModSys@@USMemAlloc_Malloc@core@4@@tl@UModSys@@QEAA@XZ 00000001400019e8 f i umodsys_lib_basesys:umodsys.basesys.rsystem_main.obj
 0001:000009f0       ??1?$TQuantArrayUnique@USUniquePointerInfo@core@UModSys@@$0BAA@USMemAlloc_Malloc@23@@tl@UModSys@@QEAA@XZ 00000001400019f0 f i umodsys_lib_basesys:umodsys.basesys.rsystem_main.obj
 0001:00000a68       ??1?$TTreeHoldRBD@U?$TQuantArrayNode@USUniquePointerInfo@core@UModSys@@$0BAA@@tl@UModSys@@U?$TNodeDeleter@U?$TQuantArrayNode@USUniquePointerInfo@core@UModSys@@$0BAA@@tl@UModSys@@USMemAlloc_Malloc@core@3@@23@@tl@UModSys@@QEAA@XZ 0000000140001a68 f i umodsys_lib_basesys:umodsys.basesys.rsystem_main.obj
 0001:00000a68       ??1?$TTreeHoldRBD@U?$TQuantArrayNode@USSourceContext@core@UModSys@@$0BAA@@tl@UModSys@@U?$TNodeDeleter@U?$TQuantArrayNode@USSourceContext@core@UModSys@@$0BAA@@tl@UModSys@@USMemAlloc_Malloc@core@3@@23@@tl@UModSys@@QEAA@XZ 0000000140001a68 f i umodsys_lib_basesys:umodsys.basesys.rsystem_main.obj
 0001:00000ad0       ??1?$TRMemAlloc_CC@U?$TMemAllocHeader@USMagic@mem_headers@rsystem@base@UModSys@@U?$TPool@X@2345@USDebug@2345@UVoid@core@5@@rsystem@base@UModSys@@USMemAlloc_Malloc@core@4@@rsystem@base@UModSys@@QEAA@XZ 0000000140001ad0 f i umodsys_lib_basesys:umodsys.basesys.rsystem_main.obj
 0001:00000adc       ?mem_alloc@?$TRMemAlloc_CC@U?$TMemAllocHeader@USMagic@mem_headers@rsystem@base@UModSys@@U?$TPool@X@2345@USDebug@2345@UVoid@core@5@@rsystem@base@UModSys@@USMemAlloc_Malloc@core@4@@rsystem@base@UModSys@@UEAAPEAX_KPEBUSSourceContext@core@4@@Z 0000000140001adc f i umodsys_lib_basesys:umodsys.basesys.rsystem_main.obj
 0001:00000b2c       ?mem_realloc@?$TRMemAlloc_CC@U?$TMemAllocHeader@USMagic@mem_headers@rsystem@base@UModSys@@U?$TPool@X@2345@USDebug@2345@UVoid@core@5@@rsystem@base@UModSys@@USMemAlloc_Malloc@core@4@@rsystem@base@UModSys@@UEAAPEAXPEAX_KPEBUSSourceContext@core@4@@Z 0000000140001b2c f i umodsys_lib_basesys:umodsys.basesys.rsystem_main.obj
 0001:00000db0       ?mem_free@?$TRMemAlloc_CC@U?$TMemAllocHeader@USMagic@mem_headers@rsystem@base@UModSys@@U?$TPool@X@2345@USDebug@2345@UVoid@core@5@@rsystem@base@UModSys@@USMemAlloc_Malloc@core@4@@rsystem@base@UModSys@@UEAAXPEAXPEBUSSourceContext@core@4@@Z 0000000140001db0 f i umodsys_lib_basesys:umodsys.basesys.rsystem_main.obj
 0001:00000ec8       ?free@?$TStaticStringPool@DU?$TComparerBinaryHash@D@su@tl@UModSys@@USMemAlloc_Malloc@core@4@@tl@UModSys@@QEAAXXZ 0000000140001ec8 f i umodsys_lib_basesys:umodsys.basesys.rsystem_main.obj
 0001:00000f1c       ??$process_nodes_r@U?$TNodeDeleter@U?$TQuantArrayNode@USSourceContext@core@UModSys@@$0BAA@@tl@UModSys@@USMemAlloc_Malloc@core@3@@tl@UModSys@@@?$TTreeHoldRB@U?$TQuantArrayNode@USSourceContext@core@UModSys@@$0BAA@@tl@UModSys@@@tl@UModSys@@KAHPEAU?$TQuantArrayNode@USSourceContext@core@UModSys@@$0BAA@@12@AEBU?$TNodeDeleter@U?$TQuantArrayNode@USSourceContext@core@UModSys@@$0BAA@@tl@UModSys@@USMemAlloc_Malloc@core@3@@12@@Z 0000000140001f1c f i umodsys_lib_basesys:umodsys.basesys.rsystem_main.obj
 0001:00000f1c       ??$process_nodes_r@U?$TNodeDeleter@U?$TQuantArrayNode@USUniquePointerInfo@core@UModSys@@$0BAA@@tl@UModSys@@USMemAlloc_Malloc@core@3@@tl@UModSys@@@?$TTreeHoldRB@U?$TQuantArrayNode@USUniquePointerInfo@core@UModSys@@$0BAA@@tl@UModSys@@@tl@UModSys@@KAHPEAU?$TQuantArrayNode@USUniquePointerInfo@core@UModSys@@$0BAA@@12@AEBU?$TNodeDeleter@U?$TQuantArrayNode@USUniquePointerInfo@core@UModSys@@$0BAA@@tl@UModSys@@USMemAlloc_Malloc@core@3@@12@@Z 0000000140001f1c f i umodsys_lib_basesys:umodsys.basesys.rsystem_main.obj
 0001:00000f80       ??0EFatal@core@UModSys@@QEAA@AEBU012@@Z 0000000140001f80 f i umodsys_lib_basesys:umodsys.basesys.rsystem_main.obj
 0001:00000fc0       ??0EExceptionBase@core@UModSys@@QEAA@AEBU012@@Z 0000000140001fc0 f i umodsys_lib_basesys:umodsys.basesys.rsystem_main.obj
 0001:00000ff4       ??0EWarning@core@UModSys@@QEAA@AEBU012@@Z 0000000140001ff4 f i umodsys_lib_basesys:umodsys.basesys.rsystem_main.obj
 0001:00001034       ?exec_test_shells@RSystem@rsystem@base@UModSys@@QEAA_NXZ 0000000140002034 f   umodsys_lib_basesys:umodsys.basesys.rsystem_tests.obj
 0001:00001214       ??1?$TParametersA@$0EAA@@core@UModSys@@QEAA@XZ 0000000140002214 f i umodsys_lib_basesys:umodsys.basesys.rsystem_tests.obj
 0001:00001230       ?moduledb_findobjname@RModuleLoader@rsystem@base@UModSys@@UEAA_KPEBUSUniquePointerInfo@core@4@QEAPEBU564@_K@Z 0000000140002230 f   umodsys_lib_basesys:umodsys.basesys.rmoduleloader.obj
 0001:000012c0       ?moduledb_generate@RModuleLoader@rsystem@base@UModSys@@UEAA_NAEAU?$TRefObject@UIRefObject@core@UModSys@@@tl@4@PEBUSUniquePointerInfo@core@4@AEBUSParameters@84@@Z 00000001400022c0 f   umodsys_lib_basesys:umodsys.basesys.rmoduleloader.obj
 0001:0000133c       ?moduledb_lib_count@RModuleLoader@rsystem@base@UModSys@@UEAA_KXZ 000000014000233c f   umodsys_lib_basesys:umodsys.basesys.rmoduleloader.obj
 0001:00001344       ?moduledb_lib_get@RModuleLoader@rsystem@base@UModSys@@UEBAPEAUIModuleLibrary@34@_K@Z 0000000140002344 f   umodsys_lib_basesys:umodsys.basesys.rmoduleloader.obj
 0001:00001358       ?moduledb_module_count@RModuleLoader@rsystem@base@UModSys@@UEAA_KXZ 0000000140002358 f   umodsys_lib_basesys:umodsys.basesys.rmoduleloader.obj
 0001:00001380       ?moduledb_module_get@RModuleLoader@rsystem@base@UModSys@@UEBAPEAUIModule@34@_K@Z 0000000140002380 f   umodsys_lib_basesys:umodsys.basesys.rmoduleloader.obj
 0001:000013bc       ?moduledb_find@RModuleLoader@rsystem@base@UModSys@@UEBAPEAUIModule@34@AEBU?$TString@U?$TSCoreConst@D@su@tl@UModSys@@U?$TComparerBinaryHash@D@234@@tl@4@AEBUSVersion@core@4@@Z 00000001400023bc f   umodsys_lib_basesys:umodsys.basesys.rmoduleloader.obj
 0001:0000148c       ?moduledb_clear@RModuleLoader@rsystem@base@UModSys@@UEAAXXZ 000000014000248c f   umodsys_lib_basesys:umodsys.basesys.rmoduleloader.obj
 0001:00001518       ?moduledb_cleanup@RModuleLoader@rsystem@base@UModSys@@UEAA_KXZ 0000000140002518 f   umodsys_lib_basesys:umodsys.basesys.rmoduleloader.obj
 0001:00001694       ?moduledb_save@RModuleLoader@rsystem@base@UModSys@@UEAA_NAEBU?$TString@U?$TSCoreConst@D@su@tl@UModSys@@U?$TComparerBinaryHash@D@234@@tl@4@@Z 0000000140002694 f   umodsys_lib_basesys:umodsys.basesys.rmoduleloader.obj
 0001:00001784       ?moduledb_scan@RModuleLoader@rsystem@base@UModSys@@UEAA_KAEBU?$TString@U?$TSCoreConst@D@su@tl@UModSys@@U?$TComparerBinaryHash@D@234@@tl@4@_N@Z 0000000140002784 f   umodsys_lib_basesys:umodsys.basesys.rmoduleloader.obj
 0001:00001840       ?moduledb_get_string@RModuleLoader@rsystem@base@UModSys@@UEAAAEBU?$TString@U?$TSCoreConst@D@su@tl@UModSys@@U?$TComparerBinaryHash@D@234@@tl@4@AEBU564@@Z 0000000140002840 f   umodsys_lib_basesys:umodsys.basesys.rmoduleloader.obj
 0001:0000187c       ??_GRModuleLoader@rsystem@base@UModSys@@UEAAPEAXI@Z 000000014000287c f i umodsys_lib_basesys:umodsys.basesys.rmoduleloader.obj
 0001:0000187c       ??_ERModuleLoader@rsystem@base@UModSys@@UEAAPEAXI@Z 000000014000287c f i  CIL library: CIL module
 0001:000018ac       ??_EIModuleLoader@base@UModSys@@UEAAPEAXI@Z 00000001400028ac f i  CIL library: CIL module
 0001:000018ac       ??_GIModuleLoader@base@UModSys@@UEAAPEAXI@Z 00000001400028ac f i umodsys_lib_basesys:umodsys.basesys.rmoduleloader.obj
 0001:000018d4       ??1RModuleLoader@rsystem@base@UModSys@@UEAA@XZ 00000001400028d4 f   umodsys_lib_basesys:umodsys.basesys.rmoduleloader.obj
 0001:0000194c       ??1?$TRefObject@UIRefObject@core@UModSys@@@tl@UModSys@@QEAA@XZ 000000014000294c f i umodsys_lib_basesys:umodsys.basesys.rsystem_tests.obj
 0001:0000194c       ??1?$TRefObject@UIShell@base@UModSys@@@tl@UModSys@@QEAA@XZ 000000014000294c f i umodsys_lib_basesys:umodsys.basesys.rsystem_tests.obj
 0001:0000194c       ??1?$TRefObject@URModuleLibrary@rsystem@base@UModSys@@@tl@UModSys@@QEAA@XZ 000000014000294c f i umodsys_lib_basesys:umodsys.basesys.rmoduleloader.obj
 0001:0000194c       ??1?$TRefObject@URParameters@rsystem@base@UModSys@@@tl@UModSys@@QEAA@XZ 000000014000294c f i umodsys_lib_basesys:umodsys.basesys.rsystem_main.obj
 0001:00001970       ?append@?$TStaticStringPool@DU?$TComparerBinaryHash@D@su@tl@UModSys@@USMemAlloc_Malloc@core@4@@tl@UModSys@@QEAAPEBU?$TString@U?$TSCoreConst@D@su@tl@UModSys@@U?$TComparerBinaryHash@D@234@@23@PEBD_K@Z 0000000140002970 f i umodsys_lib_basesys:umodsys.basesys.rmoduleloader.obj
 0001:00001c4c       ?upi_add@RSystem@rsystem@base@UModSys@@UEAAPEBUSUniquePointerInfo@core@4@PEBU564@@Z 0000000140002c4c f   umodsys_lib_basesys:umodsys.basesys.rsystem.obj
 0001:00001d7c       ?upi_remove@RSystem@rsystem@base@UModSys@@UEAAHPEBUSUniquePointerInfo@core@4@@Z 0000000140002d7c f   umodsys_lib_basesys:umodsys.basesys.rsystem.obj
 0001:00001d80       ?persist_ctx@RSystem@rsystem@base@UModSys@@UEAAPEBUSSourceContext@core@4@PEBU564@@Z 0000000140002d80 f   umodsys_lib_basesys:umodsys.basesys.rsystem.obj
 0001:00001eb0       ?get_params@RSystem@rsystem@base@UModSys@@UEAAPEAUIParameters@core@4@XZ 0000000140002eb0 f   umodsys_lib_basesys:umodsys.basesys.rsystem.obj
 0001:00001eb8       ?get_console@RSystem@rsystem@base@UModSys@@UEAAPEAUIConsole@34@XZ 0000000140002eb8 f   umodsys_lib_basesys:umodsys.basesys.rsystem.obj
 0001:00001ec0       ?get_sysmem@RSystem@rsystem@base@UModSys@@UEAAPEAUIMemAlloc@core@4@XZ 0000000140002ec0 f   umodsys_lib_basesys:umodsys.basesys.rsystem.obj
 0001:00001ec8       ?get_sharemem@RSystem@rsystem@base@UModSys@@UEAAPEAUIMemAlloc@core@4@XZ 0000000140002ec8 f   umodsys_lib_basesys:umodsys.basesys.rsystem.obj
 0001:00001ed0       ?get_modloader@RSystem@rsystem@base@UModSys@@UEAAPEAUIModuleLoader@34@XZ 0000000140002ed0 f   umodsys_lib_basesys:umodsys.basesys.rsystem.obj
 0001:00001ed8       ?get_upr@RSystem@rsystem@base@UModSys@@UEAAPEAUIUniquePointerResolver@core@4@XZ 0000000140002ed8 f   umodsys_lib_basesys:umodsys.basesys.rsystem.obj
 0001:00001ee4       ?get_sca@RSystem@rsystem@base@UModSys@@UEAAPEAUISourceContextAdapter@core@4@XZ 0000000140002ee4 f   umodsys_lib_basesys:umodsys.basesys.rsystem.obj
 0001:00001ef0       ?find@?$TQuantArrayUnique@USSourceContext@core@UModSys@@$0BAA@USMemAlloc_Malloc@23@@tl@UModSys@@QEAAPEBUSSourceContext@core@3@AEBU453@@Z 0000000140002ef0 f i umodsys_lib_basesys:umodsys.basesys.rsystem.obj
 0001:00001ef0       ?find@?$TQuantArrayUnique@USUniquePointerInfo@core@UModSys@@$0BAA@USMemAlloc_Malloc@23@@tl@UModSys@@QEAAPEBUSUniquePointerInfo@core@3@AEBU453@@Z 0000000140002ef0 f i umodsys_lib_basesys:umodsys.basesys.rsystem.obj
 0001:00001fcc       ?add@?$TQuantArrayUnique@USSourceContext@core@UModSys@@$0BAA@USMemAlloc_Malloc@23@@tl@UModSys@@QEAAPEAUSSourceContext@core@3@AEBU453@@Z 0000000140002fcc f i umodsys_lib_basesys:umodsys.basesys.rsystem.obj
 0001:00001fcc       ?add@?$TQuantArrayUnique@USUniquePointerInfo@core@UModSys@@$0BAA@USMemAlloc_Malloc@23@@tl@UModSys@@QEAAPEAUSUniquePointerInfo@core@3@AEBU453@@Z 0000000140002fcc f i umodsys_lib_basesys:umodsys.basesys.rsystem.obj
 0001:0000210c       ?s_last@?$TQuantArrayUnique@USSourceContext@core@UModSys@@$0BAA@USMemAlloc_Malloc@23@@tl@UModSys@@KAHPEBU?$TQuantArrayNode@USSourceContext@core@UModSys@@$0BAA@@23@0@Z 000000014000310c f i umodsys_lib_basesys:umodsys.basesys.rsystem.obj
 0001:0000210c       ?s_last@?$TQuantArrayUnique@USUniquePointerInfo@core@UModSys@@$0BAA@USMemAlloc_Malloc@23@@tl@UModSys@@KAHPEBU?$TQuantArrayNode@USUniquePointerInfo@core@UModSys@@$0BAA@@23@0@Z 000000014000310c f i umodsys_lib_basesys:umodsys.basesys.rsystem.obj
 0001:00002114       ??$insert_node_m@P6AHPEBU?$TQuantArrayNode@USUniquePointerInfo@core@UModSys@@$0BAA@@tl@UModSys@@0@Z@?$TTreeHoldRB@U?$TQuantArrayNode@USUniquePointerInfo@core@UModSys@@$0BAA@@tl@UModSys@@@tl@UModSys@@QEAAPEAU?$TQuantArrayNode@USUniquePointerInfo@core@UModSys@@$0BAA@@12@PEAU312@P6AHPEBU312@1@Z@Z 0000000140003114 f i umodsys_lib_basesys:umodsys.basesys.rsystem.obj
 0001:00002114       ??$insert_node_m@P6AHPEBU?$TQuantArrayNode@USSourceContext@core@UModSys@@$0BAA@@tl@UModSys@@0@Z@?$TTreeHoldRB@U?$TQuantArrayNode@USSourceContext@core@UModSys@@$0BAA@@tl@UModSys@@@tl@UModSys@@QEAAPEAU?$TQuantArrayNode@USSourceContext@core@UModSys@@$0BAA@@12@PEAU312@P6AHPEBU312@1@Z@Z 0000000140003114 f i umodsys_lib_basesys:umodsys.basesys.rsystem.obj
 0001:00002318       ?get_interface_info@RParameters@rsystem@base@UModSys@@UEBAAEBUSUniquePointerInfo@core@4@XZ 0000000140003318 f i umodsys_lib_basesys:umodsys.basesys.rparameters.obj
 0001:00002320       ?get_interface_type@RParameters@rsystem@base@UModSys@@UEBAPEBUSUniquePointerInfo@core@4@XZ 0000000140003320 f i umodsys_lib_basesys:umodsys.basesys.rparameters.obj
 0001:00002328       ?get_interface_types@RModule@rsystem@base@UModSys@@UEBA_KAEAUSUniquePtrList@core@4@@Z 0000000140003328 f i umodsys_lib_basesys:umodsys.basesys.rmodule.obj
 0001:00002328       ?get_interface_types@RModuleLibrary@rsystem@base@UModSys@@UEBA_KAEAUSUniquePtrList@core@4@@Z 0000000140003328 f i umodsys_lib_basesys:umodsys.basesys.rmodulelib.obj
 0001:00002328       ?get_interface_types@RParameters@rsystem@base@UModSys@@UEBA_KAEAUSUniquePtrList@core@4@@Z 0000000140003328 f i umodsys_lib_basesys:umodsys.basesys.rparameters.obj
 0001:00002328       ?get_interface_types@RConsole_std@rsystem@base@UModSys@@UEBA_KAEAUSUniquePtrList@core@4@@Z 0000000140003328 f i umodsys_lib_basesys:umodsys.basesys.rconsole_std.obj
 0001:00002328       ?get_interface_types@RSystem@rsystem@base@UModSys@@UEBA_KAEAUSUniquePtrList@core@4@@Z 0000000140003328 f i umodsys_lib_basesys:umodsys.basesys.rsystem_main.obj
 0001:00002330       ?get_other_interface@RParameters@rsystem@base@UModSys@@UEBAPEBUIRoot@core@4@PEBUSUniquePointerInfo@64@@Z 0000000140003330 f i umodsys_lib_basesys:umodsys.basesys.rparameters.obj
 0001:00002330       ?get_other_interface@RParameters@rsystem@base@UModSys@@UEAAPEAUIRoot@core@4@PEBUSUniquePointerInfo@64@@Z 0000000140003330 f i umodsys_lib_basesys:umodsys.basesys.rparameters.obj
 0001:00002360       ?ref_add@RParameters@rsystem@base@UModSys@@UEBAXXZ 0000000140003360 f i umodsys_lib_basesys:umodsys.basesys.rparameters.obj
 0001:00002364       ?ref_remove@RParameters@rsystem@base@UModSys@@UEBAXXZ 0000000140003364 f i umodsys_lib_basesys:umodsys.basesys.rparameters.obj
 0001:0000237c       ?ref_links@RParameters@rsystem@base@UModSys@@UEBAHXZ 000000014000337c f i umodsys_lib_basesys:umodsys.basesys.rparameters.obj
 0001:00002380       ?suicide@RParameters@rsystem@base@UModSys@@UEAAXXZ 0000000140003380 f i umodsys_lib_basesys:umodsys.basesys.rparameters.obj
 0001:000023a8       ?find_elem@RParameters@rsystem@base@UModSys@@IEAAPEBUElem@1234@PEBXHHHPEBD@Z 00000001400033a8 f   umodsys_lib_basesys:umodsys.basesys.rparameters.obj
 0001:00002440       ?free_elems@RParameters@rsystem@base@UModSys@@IEAAXPEAXH@Z 0000000140003440 f   umodsys_lib_basesys:umodsys.basesys.rparameters.obj
 0001:000024d8       ?alloc_elems@RParameters@rsystem@base@UModSys@@IEAAXPEAXH@Z 00000001400034d8 f   umodsys_lib_basesys:umodsys.basesys.rparameters.obj
 0001:0000255c       ?add_last@RParameters@rsystem@base@UModSys@@IEAA_NPEAUSParametersData@core@4@PEBDPEBXH@Z 000000014000355c f   umodsys_lib_basesys:umodsys.basesys.rparameters.obj
 0001:00002800       ?p_deinit@RParameters@rsystem@base@UModSys@@UEAAXPEAUSParametersData@core@4@@Z 0000000140003800 f   umodsys_lib_basesys:umodsys.basesys.rparameters.obj
 0001:00002870       ?p_init@RParameters@rsystem@base@UModSys@@UEAAXPEAUSParametersData@core@4@H@Z 0000000140003870 f   umodsys_lib_basesys:umodsys.basesys.rparameters.obj
 0001:00002918       ?p_init@RParameters@rsystem@base@UModSys@@UEAAXPEAUSParametersData@core@4@AEBU564@@Z 0000000140003918 f   umodsys_lib_basesys:umodsys.basesys.rparameters.obj
 0001:00002a0c       ?p_copy@RParameters@rsystem@base@UModSys@@UEAAXPEAUSParametersData@core@4@AEBU564@@Z 0000000140003a0c f   umodsys_lib_basesys:umodsys.basesys.rparameters.obj
 0001:00002b58       ?p_init_s@RParameters@rsystem@base@UModSys@@UEAAXPEAUSParametersData@core@4@PEAXH@Z 0000000140003b58 f   umodsys_lib_basesys:umodsys.basesys.rparameters.obj
 0001:00002b90       ?p_init_s@RParameters@rsystem@base@UModSys@@UEAAXPEAUSParametersData@core@4@AEBU564@PEAXH@Z 0000000140003b90 f   umodsys_lib_basesys:umodsys.basesys.rparameters.obj
 0001:00002c10       ?next@RParameters@rsystem@base@UModSys@@UEAA_NPEBUSParametersData@core@4@AEAPEBD@Z 0000000140003c10 f   umodsys_lib_basesys:umodsys.basesys.rparameters.obj
 0001:00002ce8       ?next@RParameters@rsystem@base@UModSys@@UEAA_NPEBUSParametersData@core@4@AEAU?$TString@U?$TSCoreConst@D@su@tl@UModSys@@U?$TComparerBinaryHash@D@234@@tl@4@@Z 0000000140003ce8 f   umodsys_lib_basesys:umodsys.basesys.rparameters.obj
 0001:00002e18       ?add@RParameters@rsystem@base@UModSys@@UEAA_NPEAUSParametersData@core@4@PEBD1@Z 0000000140003e18 f   umodsys_lib_basesys:umodsys.basesys.rparameters.obj
 0001:00002e30       ?add@RParameters@rsystem@base@UModSys@@UEAA_NPEAUSParametersData@core@4@PEBDH@Z 0000000140003e30 f   umodsys_lib_basesys:umodsys.basesys.rparameters.obj
 0001:00002e50       ?add@RParameters@rsystem@base@UModSys@@UEAA_NPEAUSParametersData@core@4@PEBDAEBN@Z 0000000140003e50 f   umodsys_lib_basesys:umodsys.basesys.rparameters.obj
 0001:00002e68       ?add@RParameters@rsystem@base@UModSys@@UEAA_NPEAUSParametersData@core@4@PEBDPEAUIRefObject@64@@Z 0000000140003e68 f   umodsys_lib_basesys:umodsys.basesys.rparameters.obj
 0001:00002e88       ?get@RParameters@rsystem@base@UModSys@@UEAA_NPEBUSParametersData@core@4@PEBDAEAPEBD@Z 0000000140003e88 f   umodsys_lib_basesys:umodsys.basesys.rparameters.obj
 0001:00002f00       ?get@RParameters@rsystem@base@UModSys@@UEAA_NPEBUSParametersData@core@4@PEBDAEAH@Z 0000000140003f00 f   umodsys_lib_basesys:umodsys.basesys.rparameters.obj
 0001:00002f74       ?get@RParameters@rsystem@base@UModSys@@UEAA_NPEBUSParametersData@core@4@PEBDAEAN@Z 0000000140003f74 f   umodsys_lib_basesys:umodsys.basesys.rparameters.obj
 0001:00002fec       ?get@RParameters@rsystem@base@UModSys@@UEAA_NPEBUSParametersData@core@4@PEBDAEAPEAUIRefObject@64@@Z 0000000140003fec f   umodsys_lib_basesys:umodsys.basesys.rparameters.obj
 0001:00003064       ?pfd_load@RModuleLibrary@rsystem@base@UModSys@@SAPEAUIModuleLibraryReg@34@PEAUPFD_Data@1234@AEBU?$TString@U?$TSCoreConst@D@su@tl@UModSys@@U?$TComparerBinaryHash@D@234@@tl@4@@Z 0000000140004064 f   umodsys_lib_basesys:umodsys.basesys.rmodule.win32.obj
 0001:000031a4       ?pfd_unload@RModuleLibrary@rsystem@base@UModSys@@SA_NPEAUPFD_Data@1234@@Z 00000001400041a4 f   umodsys_lib_basesys:umodsys.basesys.rmodule.win32.obj
 0001:000034ac       ??0?$WinPath@$0BAAA@@syshlp@core@UModSys@@QEAA@PEB_W0@Z 00000001400044ac f i umodsys_lib_basesys:umodsys.basesys.rmodule.win32.obj
 0001:00003598       ??0?$U16String@$0BAAA@@syshlp@core@UModSys@@QEAA@PEBD@Z 0000000140004598 f i umodsys_lib_basesys:umodsys.basesys.rmodule.win32.obj
 0001:00003610       ?get_interface_info@RModuleLibrary@rsystem@base@UModSys@@UEBAAEBUSUniquePointerInfo@core@4@XZ 0000000140004610 f i umodsys_lib_basesys:umodsys.basesys.rmodulelib.obj
 0001:00003618       ?get_interface_type@RModuleLibrary@rsystem@base@UModSys@@UEBAPEBUSUniquePointerInfo@core@4@XZ 0000000140004618 f i umodsys_lib_basesys:umodsys.basesys.rmodulelib.obj
 0001:00003620       ?get_other_interface@RModuleLibrary@rsystem@base@UModSys@@UEAAPEAUIRoot@core@4@PEBUSUniquePointerInfo@64@@Z 0000000140004620 f i umodsys_lib_basesys:umodsys.basesys.rmodulelib.obj
 0001:00003620       ?get_other_interface@RModuleLibrary@rsystem@base@UModSys@@UEBAPEBUIRoot@core@4@PEBUSUniquePointerInfo@64@@Z 0000000140004620 f i umodsys_lib_basesys:umodsys.basesys.rmodulelib.obj
 0001:00003650       ?ref_add@RModuleLibrary@rsystem@base@UModSys@@UEBAXXZ 0000000140004650 f i umodsys_lib_basesys:umodsys.basesys.rmodulelib.obj
 0001:00003658       ?ref_remove@RModuleLibrary@rsystem@base@UModSys@@UEBAXXZ 0000000140004658 f i umodsys_lib_basesys:umodsys.basesys.rmodulelib.obj
 0001:00003670       ?ref_links@RModuleLibrary@rsystem@base@UModSys@@UEBAHXZ 0000000140004670 f i umodsys_lib_basesys:umodsys.basesys.rmodulelib.obj
 0001:00003678       ?suicide@RModuleLibrary@rsystem@base@UModSys@@UEAAXXZ 0000000140004678 f i umodsys_lib_basesys:umodsys.basesys.rmodulelib.obj
 0001:000036a4       ?get_sys_libname@RModuleLibrary@rsystem@base@UModSys@@UEBA?AU?$TString@U?$TSCoreConst@D@su@tl@UModSys@@U?$TComparerBinaryHash@D@234@@tl@4@XZ 00000001400046a4 f   umodsys_lib_basesys:umodsys.basesys.rmodulelib.obj
 0001:000036b4       ?get_privmem@RModuleLibrary@rsystem@base@UModSys@@UEBAPEAUIMemAlloc@core@4@XZ 00000001400046b4 f   umodsys_lib_basesys:umodsys.basesys.rmodulelib.obj
 0001:000036bc       ?get_system@RModuleLibrary@rsystem@base@UModSys@@UEBAPEAUISystem@34@XZ 00000001400046bc f   umodsys_lib_basesys:umodsys.basesys.rmodulelib.obj
 0001:000036c4       ?get_module_count@RModuleLibrary@rsystem@base@UModSys@@UEBA_KXZ 00000001400046c4 f   umodsys_lib_basesys:umodsys.basesys.rmodulelib.obj
 0001:000036cc       ?get_module@RModuleLibrary@rsystem@base@UModSys@@UEBAPEAUIModule@34@_K@Z 00000001400046cc f   umodsys_lib_basesys:umodsys.basesys.rmodulelib.obj
 0001:000036e0       ?lib_loaded@RModuleLibrary@rsystem@base@UModSys@@UEBA_NXZ 00000001400046e0 f   umodsys_lib_basesys:umodsys.basesys.rmodulelib.obj
 0001:000036ec       ?lib_load@RModuleLibrary@rsystem@base@UModSys@@UEAA_NXZ 00000001400046ec f   umodsys_lib_basesys:umodsys.basesys.rmodulelib.obj
 0001:00003718       ?lib_unload@RModuleLibrary@rsystem@base@UModSys@@UEAA_NXZ 0000000140004718 f   umodsys_lib_basesys:umodsys.basesys.rmodulelib.obj
 0001:0000372c       ?lib_free@RModuleLibrary@rsystem@base@UModSys@@UEAA_NXZ 000000014000472c f   umodsys_lib_basesys:umodsys.basesys.rmodulelib.obj
 0001:0000374c       ?lib_findobjname@RModuleLibrary@rsystem@base@UModSys@@UEAA_KPEBUSUniquePointerInfo@core@4@QEAPEBU564@_K@Z 000000014000474c f   umodsys_lib_basesys:umodsys.basesys.rmodulelib.obj
 0001:000037dc       ?lib_generate@RModuleLibrary@rsystem@base@UModSys@@UEAA_NAEAU?$TRefObject@UIRefObject@core@UModSys@@@tl@4@PEBUSUniquePointerInfo@core@4@AEBUSParameters@84@@Z 00000001400047dc f   umodsys_lib_basesys:umodsys.basesys.rmodulelib.obj
 0001:00003858       ?load0@RModuleLibrary@rsystem@base@UModSys@@QEAA_NXZ 0000000140004858 f   umodsys_lib_basesys:umodsys.basesys.rmodulelib.obj
 0001:000038d8       ?link@RModuleLibrary@rsystem@base@UModSys@@QEAA_NXZ 00000001400048d8 f   umodsys_lib_basesys:umodsys.basesys.rmodulelib.obj
 0001:00003bd8       ?unlink@RModuleLibrary@rsystem@base@UModSys@@QEAA_NXZ 0000000140004bd8 f   umodsys_lib_basesys:umodsys.basesys.rmodulelib.obj
 0001:00003c28       ?s_add@RModuleLibrary@rsystem@base@UModSys@@SA_NPEAUISystem@34@AEAU?$TDynarrayDynamic@U?$TRefObject@URModuleLibrary@rsystem@base@UModSys@@@tl@UModSys@@U?$TAllocator@USMemAlloc_Malloc@core@UModSys@@USCountCalcPower2@23@@23@@tl@4@PEBD@Z 0000000140004c28 f   umodsys_lib_basesys:umodsys.basesys.rmodulelib.obj
 0001:00003ef8       ??_ERModuleLibrary@rsystem@base@UModSys@@UEAAPEAXI@Z 0000000140004ef8 f i  CIL library: CIL module
 0001:00003ef8       ??_GRModuleLibrary@rsystem@base@UModSys@@UEAAPEAXI@Z 0000000140004ef8 f i umodsys_lib_basesys:umodsys.basesys.rmodulelib.obj
 0001:00003fc0       ??1?$TString@U?$TSCoreShared@USMemAlloc_Malloc@core@UModSys@@D@su@tl@UModSys@@U?$TComparerBinaryHash@D@234@@tl@UModSys@@QEAA@XZ 0000000140004fc0 f i umodsys_lib_basesys:umodsys.basesys.rmodulelib.obj
 0001:00004004       ??1?$TDynarrayDynamic@U?$TRefObject@URModule@rsystem@base@UModSys@@@tl@UModSys@@U?$TAllocator@USMemAlloc_Malloc@core@UModSys@@USCountCalcPower2@23@@23@@tl@UModSys@@QEAA@XZ 0000000140005004 f i umodsys_lib_basesys:umodsys.basesys.rmodulelib.obj
 0001:0000404c       ??4?$TString@U?$TSCoreShared@USMemAlloc_Malloc@core@UModSys@@D@su@tl@UModSys@@U?$TComparerBinaryHash@D@234@@tl@UModSys@@QEAAAEBU012@PEBD@Z 000000014000504c f i umodsys_lib_basesys:umodsys.basesys.rmodulelib.obj
 0001:00004148       ?Resize@?$TDynarray@U?$TDynarrayHolderDynamic@U?$TRefObject@URModuleLibrary@rsystem@base@UModSys@@@tl@UModSys@@U?$TAllocator@USMemAlloc_Malloc@core@UModSys@@USCountCalcPower2@23@@23@@tl@UModSys@@@tl@UModSys@@QEAA_N_K@Z 0000000140005148 f i umodsys_lib_basesys:umodsys.basesys.rmoduleloader.obj
 0001:00004148       ?Resize@?$TDynarray@U?$TDynarrayHolderDynamic@U?$TRefObject@URModule@rsystem@base@UModSys@@@tl@UModSys@@U?$TAllocator@USMemAlloc_Malloc@core@UModSys@@USCountCalcPower2@23@@23@@tl@UModSys@@@tl@UModSys@@QEAA_N_K@Z 0000000140005148 f i umodsys_lib_basesys:umodsys.basesys.rmodulelib.obj
 0001:00004238       ?get_interface_info@RModule@rsystem@base@UModSys@@UEBAAEBUSUniquePointerInfo@core@4@XZ 0000000140005238 f i umodsys_lib_basesys:umodsys.basesys.rmodule.obj
 0001:00004240       ?get_interface_type@RModule@rsystem@base@UModSys@@UEBAPEBUSUniquePointerInfo@core@4@XZ 0000000140005240 f i umodsys_lib_basesys:umodsys.basesys.rmodule.obj
 0001:00004248       ?get_other_interface@RModule@rsystem@base@UModSys@@UEBAPEBUIRoot@core@4@PEBUSUniquePointerInfo@64@@Z 0000000140005248 f i umodsys_lib_basesys:umodsys.basesys.rmodule.obj
 0001:00004248       ?get_other_interface@RModule@rsystem@base@UModSys@@UEAAPEAUIRoot@core@4@PEBUSUniquePointerInfo@64@@Z 0000000140005248 f i umodsys_lib_basesys:umodsys.basesys.rmodule.obj
 0001:00004278       ?ref_add@RModule@rsystem@base@UModSys@@UEBAXXZ 0000000140005278 f i umodsys_lib_basesys:umodsys.basesys.rmodule.obj
 0001:00004280       ?ref_remove@RModule@rsystem@base@UModSys@@UEBAXXZ 0000000140005280 f i umodsys_lib_basesys:umodsys.basesys.rmodule.obj
 0001:00004298       ?ref_links@RModule@rsystem@base@UModSys@@UEBAHXZ 0000000140005298 f i umodsys_lib_basesys:umodsys.basesys.rmodule.obj
 0001:000042a0       ?suicide@RModule@rsystem@base@UModSys@@UEAAXXZ 00000001400052a0 f i umodsys_lib_basesys:umodsys.basesys.rmodule.obj
 0001:00004300       ?get_library@RModule@rsystem@base@UModSys@@UEBAPEAUIModuleLibrary@34@XZ 0000000140005300 f   umodsys_lib_basesys:umodsys.basesys.rmodule.obj
 0001:00004308       ?get_info@RModule@rsystem@base@UModSys@@UEBAAEBUSModuleInfo@34@XZ 0000000140005308 f   umodsys_lib_basesys:umodsys.basesys.rmodule.obj
 0001:00004310       ?is_open@RModule@rsystem@base@UModSys@@UEBA_NXZ 0000000140005310 f   umodsys_lib_basesys:umodsys.basesys.rmodule.obj
 0001:0000433c       ?open@RModule@rsystem@base@UModSys@@UEAA_NXZ 000000014000533c f   umodsys_lib_basesys:umodsys.basesys.rmodule.obj
 0001:000043b4       ?close@RModule@rsystem@base@UModSys@@UEAA_NXZ 00000001400053b4 f   umodsys_lib_basesys:umodsys.basesys.rmodule.obj
 0001:0000440c       ?reg@RModule@rsystem@base@UModSys@@UEAA_NPEAUIModObject@34@_N@Z 000000014000540c f   umodsys_lib_basesys:umodsys.basesys.rmodule.obj
 0001:0000442c       ?reg@RModule@rsystem@base@UModSys@@UEAA_NPEAUIGenerator@34@_N@Z 000000014000542c f   umodsys_lib_basesys:umodsys.basesys.rmodule.obj
 0001:00004478       ?mod_findobjname@RModule@rsystem@base@UModSys@@UEAA_KPEBUSUniquePointerInfo@core@4@QEAPEBU564@_K@Z 0000000140005478 f   umodsys_lib_basesys:umodsys.basesys.rmodule.obj
 0001:00004518       ?mod_generate@RModule@rsystem@base@UModSys@@UEAA_NAEAU?$TRefObject@UIRefObject@core@UModSys@@@tl@4@PEBUSUniquePointerInfo@core@4@AEBUSParameters@84@@Z 0000000140005518 f   umodsys_lib_basesys:umodsys.basesys.rmodule.obj
 0001:0000466c       ?reg_generator@RModule@rsystem@base@UModSys@@QEAA_NPEAUModuleObjInfo@1234@PEAUIGenerator@34@@Z 000000014000566c f   umodsys_lib_basesys:umodsys.basesys.rmodule.obj
 0001:00004824       ?reg_obj@RModule@rsystem@base@UModSys@@QEAAPEAUModuleObjInfo@1234@PEAUIModObject@34@@Z 0000000140005824 f   umodsys_lib_basesys:umodsys.basesys.rmodule.obj
 0001:000049b0       ?unreg_obj@RModule@rsystem@base@UModSys@@QEAA_NPEAUIModObject@34@@Z 00000001400059b0 f   umodsys_lib_basesys:umodsys.basesys.rmodule.obj
 0001:00004ab8       ?alloc_minfo@RModule@rsystem@base@UModSys@@QEAA_NAEBUSModuleInfo@34@@Z 0000000140005ab8 f   umodsys_lib_basesys:umodsys.basesys.rmodule.obj
 0001:00004b7c       ?save_db@RModule@rsystem@base@UModSys@@QEAA_NPEAU_iobuf@@@Z 0000000140005b7c f   umodsys_lib_basesys:umodsys.basesys.rmodule.obj
 0001:00004d70       ??_GRModule@rsystem@base@UModSys@@UEAAPEAXI@Z 0000000140005d70 f i umodsys_lib_basesys:umodsys.basesys.rmodule.obj
 0001:00004d70       ??_ERModule@rsystem@base@UModSys@@UEAAPEAXI@Z 0000000140005d70 f i  CIL library: CIL module
 0001:00004ea4       ??1?$TDynarrayDynamic@UModuleObjInfo@RModule@rsystem@base@UModSys@@U?$TAllocator@USMemAlloc_Malloc@core@UModSys@@USCountCalcPower2@23@@tl@5@@tl@UModSys@@QEAA@XZ 0000000140005ea4 f i umodsys_lib_basesys:umodsys.basesys.rmodule.obj
 0001:00004ef4       ??1?$TDynarrayDynamic@UGeneratedObjInfo@RModule@rsystem@base@UModSys@@U?$TAllocator@USMemAlloc_Malloc@core@UModSys@@USCountCalcPower2@23@@tl@5@@tl@UModSys@@QEAA@XZ 0000000140005ef4 f i umodsys_lib_basesys:umodsys.basesys.rmodule.obj
 0001:00004f40       ??1?$TDynarrayDynamic@PEBUSUniquePointerInfo@core@UModSys@@U?$TAllocator@USMemAlloc_Malloc@core@UModSys@@USCountCalcPower2@23@@tl@3@@tl@UModSys@@QEAA@XZ 0000000140005f40 f i umodsys_lib_basesys:umodsys.basesys.rmodule.obj
 0001:00004f8c       ?ResizeRel@?$TDynarray@U?$TDynarrayHolderDynamic@UModuleObjInfo@RModule@rsystem@base@UModSys@@U?$TAllocator@USMemAlloc_Malloc@core@UModSys@@USCountCalcPower2@23@@tl@5@@tl@UModSys@@@tl@UModSys@@QEAA_N_J@Z 0000000140005f8c f i umodsys_lib_basesys:umodsys.basesys.rmodule.obj
 0001:00005070       ?ResizeRel@?$TDynarray@U?$TDynarrayHolderDynamic@UGeneratedObjInfo@RModule@rsystem@base@UModSys@@U?$TAllocator@USMemAlloc_Malloc@core@UModSys@@USCountCalcPower2@23@@tl@5@@tl@UModSys@@@tl@UModSys@@QEAA_N_J@Z 0000000140006070 f i umodsys_lib_basesys:umodsys.basesys.rmodule.obj
 0001:0000514c       ?ResizeRel@?$TDynarray@U?$TDynarrayHolderDynamic@PEBUSUniquePointerInfo@core@UModSys@@U?$TAllocator@USMemAlloc_Malloc@core@UModSys@@USCountCalcPower2@23@@tl@3@@tl@UModSys@@@tl@UModSys@@QEAA_N_J@Z 000000014000614c f i umodsys_lib_basesys:umodsys.basesys.rmodule.obj
 0001:000051e4       ??1IModuleLibrary@base@UModSys@@UEAA@XZ 00000001400061e4 f   umodsys_lib_base:umodsys.base.module.obj
 0001:000051e4       ??1ISystem@base@UModSys@@UEAA@XZ 00000001400061e4 f   umodsys_lib_base:umodsys.base.system.obj
 0001:000051e4       ??1IModule@base@UModSys@@UEAA@XZ 00000001400061e4 f   umodsys_lib_base:umodsys.base.module.obj
 0001:000051f0       ??0SUniquePointer@core@UModSys@@QEAA@PEBD0H@Z 00000001400061f0 f   umodsys_lib_core:umodsys.core.uniqueptr.obj
 0001:00005240       ??1SUniquePointer@core@UModSys@@QEAA@XZ 0000000140006240 f   umodsys_lib_core:umodsys.core.uniqueptr.obj
 0001:00005268       ??3IRoot@core@UModSys@@SAXPEAXAEBUSIMemAlloc@12@@Z 0000000140006268 f   umodsys_lib_core:umodsys.core.objects.obj
 0001:0000527c       ?c_fopen@syshlp@core@UModSys@@YAPEAU_iobuf@@PEBD0@Z 000000014000627c f   umodsys_lib_core:umodsys.core.syshlp_files.win32.obj
 0001:00005350       ?gracial_convert@syshlp@core@UModSys@@YA_NPEADHPEB_WH@Z 0000000140006350 f   umodsys_lib_core:umodsys.core.syshlp_charcode.win32.obj
 0001:00005398       _onexit                    0000000140006398 f   MSVCRT:atonexit.obj
 0001:00005448       atexit                     0000000140006448 f   MSVCRT:atonexit.obj
 0001:00005730       mainCRTStartup             0000000140006730 f   MSVCRT:crtexe.obj
 0001:00005742       _purecall                  0000000140006742 f   MSVCRT:MSVCR90.dll
 0001:00005748       ??_Etype_info@@UEAAPEAXI@Z 0000000140006748 f i MSVCRT:ti_inst.obj
 0001:000057b2       ??3@YAXPEAX@Z              00000001400067b2 f   MSVCRT:MSVCR90.dll
 0001:000057b8       __C_specific_handler       00000001400067b8 f   MSVCRT:MSVCR90.dll
 0001:000057be       _unlock                    00000001400067be f   MSVCRT:MSVCR90.dll
 0001:000057c4       __dllonexit                00000001400067c4 f   MSVCRT:MSVCR90.dll
 0001:000057ca       _lock                      00000001400067ca f   MSVCRT:MSVCR90.dll
 0001:000057d0       ?__CxxUnhandledExceptionFilter@@YAJPEAU_EXCEPTION_POINTERS@@@Z 00000001400067d0 f   MSVCRT:unhandld.obj
 0001:00005814       __CxxSetUnhandledExceptionFilter 0000000140006814 f   MSVCRT:unhandld.obj
 0001:0000582c       _amsg_exit                 000000014000682c f   MSVCRT:MSVCR90.dll
 0001:00005834       _RTC_Initialize            0000000140006834 f   MSVCRT:_initsect_.obj
 0001:0000586c       _RTC_Terminate             000000014000686c f   MSVCRT:_initsect_.obj
 0001:000058a4       _XcptFilter                00000001400068a4 f   MSVCRT:MSVCR90.dll
 0001:000058b0       _ValidateImageBase         00000001400068b0 f   MSVCRT:pesect.obj
 0001:000058e0       _FindPESection             00000001400068e0 f   MSVCRT:pesect.obj
 0001:00005930       _IsNonwritableInCurrentImage 0000000140006930 f   MSVCRT:pesect.obj
 0001:00005972       _initterm                  0000000140006972 f   MSVCRT:MSVCR90.dll
 0001:00005978       _initterm_e                0000000140006978 f   MSVCRT:MSVCR90.dll
 0001:00005980       _setargv                   0000000140006980 f   MSVCRT:dllargv.obj
 0001:00005980       _matherr                   0000000140006980 f   MSVCRT:merr.obj
 0001:00005980       ?ref_links@RConsole_std@rsystem@base@UModSys@@UEBAHXZ 0000000140006980 f   umodsys_lib_basesys:umodsys.basesys.rconsole_std.obj
 0001:00005980       ?get_syslib@RSystem@rsystem@base@UModSys@@UEAAPEAUIModuleLibrary@34@XZ 0000000140006980 f   umodsys_lib_basesys:umodsys.basesys.rsystem.obj
 0001:00005984       __security_init_cookie     0000000140006984 f   MSVCRT:gs_support.obj
 0001:00005a38       ?__ArrayUnwind@@YAXPEAX_KHP6AX0@Z@Z 0000000140006a38 f   MSVCRT:ehvecdtr.obj
 0001:00005a84       ??_M@YAXPEAX_KHP6AX0@Z@Z   0000000140006a84 f   MSVCRT:ehvecdtr.obj
 0001:00005ae2       ?terminate@@YAXXZ          0000000140006ae2 f   MSVCRT:MSVCR90.dll
 0001:00005ae8       ??1type_info@@UEAA@XZ      0000000140006ae8 f   MSVCRT:MSVCR90.dll
 0001:00005ae8       ?_type_info_dtor_internal_method@type_info@@QEAAXXZ 0000000140006ae8 f   MSVCRT:MSVCR90.dll
 0001:00005aee       memcpy                     0000000140006aee f   MSVCRT:MSVCR90.dll
 0001:00005b00       __CxxFrameHandler3         0000000140006b00 f   MSVCRT:MSVCR90.dll
 0001:00005b06       _CxxThrowException         0000000140006b06 f   MSVCRT:MSVCR90.dll
 0001:00005b20       __chkstk                   0000000140006b20 f   MSVCRT:chkstk.obj
 0001:00005b20       _alloca_probe              0000000140006b20     MSVCRT:chkstk.obj
 0002:00000000       __imp_GetCurrentProcessId  0000000140008000     kernel32:KERNEL32.dll
 0002:00000008       __imp_GetCurrentThreadId   0000000140008008     kernel32:KERNEL32.dll
 0002:00000010       __imp_GetTickCount         0000000140008010     kernel32:KERNEL32.dll
 0002:00000018       __imp_QueryPerformanceCounter 0000000140008018     kernel32:KERNEL32.dll
 0002:00000020       __imp_SetUnhandledExceptionFilter 0000000140008020     kernel32:KERNEL32.dll
 0002:00000028       __imp_Sleep                0000000140008028     kernel32:KERNEL32.dll
 0002:00000030       __imp_MultiByteToWideChar  0000000140008030     kernel32:KERNEL32.dll
 0002:00000038       __imp_WideCharToMultiByte  0000000140008038     kernel32:KERNEL32.dll
 0002:00000040       __imp_FindNextFileW        0000000140008040     kernel32:KERNEL32.dll
 0002:00000048       __imp_FindClose            0000000140008048     kernel32:KERNEL32.dll
 0002:00000050       __imp_GetProcAddress       0000000140008050     kernel32:KERNEL32.dll
 0002:00000058       __imp_LoadLibraryExW       0000000140008058     kernel32:KERNEL32.dll
 0002:00000060       __imp_FreeLibrary          0000000140008060     kernel32:KERNEL32.dll
 0002:00000068       __imp_SetErrorMode         0000000140008068     kernel32:KERNEL32.dll
 0002:00000070       __imp_FindFirstFileW       0000000140008070     kernel32:KERNEL32.dll
 0002:00000078       __imp_GetFullPathNameW     0000000140008078     kernel32:KERNEL32.dll
 0002:00000080       __imp_GetSystemTimeAsFileTime 0000000140008080     kernel32:KERNEL32.dll
 0002:00000088       \177KERNEL32_NULL_THUNK_DATA 0000000140008088     kernel32:KERNEL32.dll
 0002:00000090       __imp__onexit              0000000140008090     MSVCRT:MSVCR90.dll
 0002:00000098       __imp__decode_pointer      0000000140008098     MSVCRT:MSVCR90.dll
 0002:000000a0       __imp__amsg_exit           00000001400080a0     MSVCRT:MSVCR90.dll
 0002:000000a8       __imp___getmainargs        00000001400080a8     MSVCRT:MSVCR90.dll
 0002:000000b0       __imp__XcptFilter          00000001400080b0     MSVCRT:MSVCR90.dll
 0002:000000b8       __imp__exit                00000001400080b8     MSVCRT:MSVCR90.dll
 0002:000000c0       __imp__cexit               00000001400080c0     MSVCRT:MSVCR90.dll
 0002:000000c8       __imp_exit                 00000001400080c8     MSVCRT:MSVCR90.dll
 0002:000000d0       __imp___initenv            00000001400080d0     MSVCRT:MSVCR90.dll
 0002:000000d8       __imp__lock                00000001400080d8     MSVCRT:MSVCR90.dll
 0002:000000e0       __imp__initterm_e          00000001400080e0     MSVCRT:MSVCR90.dll
 0002:000000e8       __imp__configthreadlocale  00000001400080e8     MSVCRT:MSVCR90.dll
 0002:000000f0       __imp___setusermatherr     00000001400080f0     MSVCRT:MSVCR90.dll
 0002:000000f8       __imp__commode             00000001400080f8     MSVCRT:MSVCR90.dll
 0002:00000100       __imp__fmode               0000000140008100     MSVCRT:MSVCR90.dll
 0002:00000108       __imp___set_app_type       0000000140008108     MSVCRT:MSVCR90.dll
 0002:00000110       __imp_?terminate@@YAXXZ    0000000140008110     MSVCRT:MSVCR90.dll
 0002:00000118       __imp_?_type_info_dtor_internal_method@type_info@@QEAAXXZ 0000000140008118     MSVCRT:MSVCR90.dll
 0002:00000120       __imp__encode_pointer      0000000140008120     MSVCRT:MSVCR90.dll
 0002:00000128       __imp___dllonexit          0000000140008128     MSVCRT:MSVCR90.dll
 0002:00000130       __imp__unlock              0000000140008130     MSVCRT:MSVCR90.dll
 0002:00000138       __imp___C_specific_handler 0000000140008138     MSVCRT:MSVCR90.dll
 0002:00000140       __imp__wfopen              0000000140008140     MSVCRT:MSVCR90.dll
 0002:00000148       __imp_realloc              0000000140008148     MSVCRT:MSVCR90.dll
 0002:00000150       __imp_fprintf              0000000140008150     MSVCRT:MSVCR90.dll
 0002:00000158       __imp_strncpy              0000000140008158     MSVCRT:MSVCR90.dll
 0002:00000160       __imp_strncmp              0000000140008160     MSVCRT:MSVCR90.dll
 0002:00000168       __imp_??3@YAXPEAX@Z        0000000140008168     MSVCRT:MSVCR90.dll
 0002:00000170       __imp__snprintf            0000000140008170     MSVCRT:MSVCR90.dll
 0002:00000178       __imp_malloc               0000000140008178     MSVCRT:MSVCR90.dll
 0002:00000180       __imp_free                 0000000140008180     MSVCRT:MSVCR90.dll
 0002:00000188       __imp_fclose               0000000140008188     MSVCRT:MSVCR90.dll
 0002:00000190       __imp_vfprintf             0000000140008190     MSVCRT:MSVCR90.dll
 0002:00000198       __imp__purecall            0000000140008198     MSVCRT:MSVCR90.dll
 0002:000001a0       __imp__initterm            00000001400081a0     MSVCRT:MSVCR90.dll
 0002:000001a8       __imp___iob_func           00000001400081a8     MSVCRT:MSVCR90.dll
 0002:000001b0       __imp_memcpy               00000001400081b0     MSVCRT:MSVCR90.dll
 0002:000001b8       __imp___CxxFrameHandler3   00000001400081b8     MSVCRT:MSVCR90.dll
 0002:000001c0       __imp__CxxThrowException   00000001400081c0     MSVCRT:MSVCR90.dll
 0002:000001c8       \177MSVCR90_NULL_THUNK_DATA 00000001400081c8     MSVCRT:MSVCR90.dll
 0002:000001d0       __xc_a                     00000001400081d0     MSVCRT:cinitexe.obj
 0002:00000280       __xc_z                     0000000140008280     MSVCRT:cinitexe.obj
 0002:00000288       __xi_a                     0000000140008288     MSVCRT:cinitexe.obj
 0002:000002a0       __xi_z                     00000001400082a0     MSVCRT:cinitexe.obj
 0002:000002b8       ??_7type_info@@6B@         00000001400082b8     MSVCRT:ti_inst.obj
 0002:000002c0       ??_C@_0P@GHFPNOJB@bad?5allocation?$AA@ 00000001400082c0     umodsys.c_main.obj
 0002:000002d0       ??_C@_0BF@OCNNAADO@UModSys?3?3core?3?3IRoot?$AA@ 00000001400082d0     umodsys.c_main.obj
 0002:000002e8       ??_C@_0BK@EMIJFOPA@UModSys?3?3core?3?3IRefObject?$AA@ 00000001400082e8     umodsys.c_main.obj
 0002:00000308       ??_C@_0BL@IOMMHELF@UModSys?3?3core?3?3IParameters?$AA@ 0000000140008308     umodsys.c_main.obj
 0002:00000328       ??_C@_0BI@IKAOEFAP@UModSys?3?3base?3?3IConsole?$AA@ 0000000140008328     umodsys.c_main.obj
 0002:00000340       ??_C@_0BH@LKDEEPPM@UModSys?3?3base?3?3IModule?$AA@ 0000000140008340     umodsys.c_main.obj
 0002:00000358       ??_C@_0BO@PHJOHFCB@UModSys?3?3base?3?3IModuleLibrary?$AA@ 0000000140008358     umodsys.c_main.obj
 0002:00000378       ??_C@_0BH@PFCONEJJ@UModSys?3?3base?3?3ISystem?$AA@ 0000000140008378     umodsys.c_main.obj
 0002:00000390       ??_C@_0BK@FDPIOPHG@UModSys?3?3base?3?3IModObject?$AA@ 0000000140008390     umodsys.c_main.obj
 0002:000003b0       ??_C@_0BK@OIBKNCKJ@UModSys?3?3base?3?3IGenerator?$AA@ 00000001400083b0     umodsys.c_main.obj
 0002:000003d0       ??_C@_0BG@PJBGCMEC@UModSys?3?3base?3?3IShell?$AA@ 00000001400083d0     umodsys.c_main.obj
 0002:000003e8       ??_C@_0CA@MDFMKLLN@UModSys?3?3base?3?3rsystem?3?3RModule?$AA@ 00000001400083e8     umodsys.c_main.obj
 0002:00000408       ??_C@_0CH@CHECIBOC@UModSys?3?3base?3?3rsystem?3?3RModuleL@ 0000000140008408     umodsys.c_main.obj
 0002:00000430       ??_C@_0CE@IHGMMEEA@UModSys?3?3base?3?3rsystem?3?3RParamet@ 0000000140008430     umodsys.c_main.obj
 0002:00000458       ??_C@_0CA@IMEGDANI@UModSys?3?3base?3?3rsystem?3?3RSystem?$AA@ 0000000140008458     umodsys.c_main.obj
 0002:00000478       ??_C@_0CF@KIMLNODL@UModSys?3?3base?3?3rsystem?3?3RConsole@ 0000000140008478     umodsys.c_main.obj
 0002:000004a0       ??_C@_0M@DCEPEPFJ@umodsys?4log?$AA@ 00000001400084a0     umodsys.c_main.obj
 0002:000004ac       ??_C@_00CNPNBAHC@?$AA@     00000001400084ac     umodsys.c_main.obj
 0002:000004b0       ??_C@_01NBENCBCI@?$CK?$AA@ 00000001400084b0     umodsys.c_main.obj
 0002:000004b8       ??_C@_0BC@JABDEAFI@moduledb?4conf?9hdb?$AA@ 00000001400084b8     umodsys.c_main.obj
 0002:000004d0       ??_C@_08FCBDOIAH@typeinfo?$AA@ 00000001400084d0     umodsys.c_main.obj
 0002:000004dc       ??_C@_02BKFDOEMK@wt?$AA@   00000001400084dc     umodsys_lib_basesys:umodsys.basesys.rconsole_std.obj
 0002:000004e8       ??_7IRoot@core@UModSys@@6B@ 00000001400084e8     umodsys_lib_basesys:umodsys.basesys.rconsole_std.obj
 0002:00000528       ??_7RConsole_std@rsystem@base@UModSys@@6B@ 0000000140008528     umodsys_lib_basesys:umodsys.basesys.rconsole_std.obj
 0002:000005a8       ??_C@_04HIBGFPH@NULL?$AA@  00000001400085a8     umodsys_lib_basesys:umodsys.basesys.rsystem_main.obj
 0002:000005b0       ??_C@_0L@FPKIMPHA@?$CD?$CF08x?5?$CC?$CFs?$CC?$AA@ 00000001400085b0     umodsys_lib_basesys:umodsys.basesys.rsystem_main.obj
 0002:000005c0       ??_C@_0BC@HBJCAHHB@EFatal?5?$CD?$CF08x?5?$CC?$CFs?$CC?$AA@ 00000001400085c0     umodsys_lib_basesys:umodsys.basesys.rsystem_main.obj
 0002:000005d8       ??_C@_0BE@IIJFBNID@EWarning?5?$CD?$CF08x?5?$CC?$CFs?$CC?$AA@ 00000001400085d8     umodsys_lib_basesys:umodsys.basesys.rsystem_main.obj
 0002:000005f0       ??_C@_0BB@KFMJENMO@RSystem?3?3init?$CI?$CJ?6?$AA@ 00000001400085f0     umodsys_lib_basesys:umodsys.basesys.rsystem_main.obj
 0002:00000608       ??_C@_0BI@FKDCNCM@RSystem?3?3exec_args?$CI?$CFd?$CJ?6?$AA@ 0000000140008608     umodsys_lib_basesys:umodsys.basesys.rsystem_main.obj
 0002:00000620       ??_C@_0BG@NFAKDFBG@RSystem?3?3exec_main?$CI?$CJ?6?$AA@ 0000000140008620     umodsys_lib_basesys:umodsys.basesys.rsystem_main.obj
 0002:00000638       ??_C@_0BD@CKNOJECK@RSystem?3?3deinit?$CI?$CJ?6?$AA@ 0000000140008638     umodsys_lib_basesys:umodsys.basesys.rsystem_main.obj
 0002:00000650       ??_C@_0CF@JPBAHPOH@RSystem?3?3dump_upis?$CI?$CJ?5?$HLS?3?$CFd?5C?3?$CFd?$HN@ 0000000140008650     umodsys_lib_basesys:umodsys.basesys.rsystem_main.obj
 0002:00000678       ??_C@_0P@IOHPGEIC@?5?5?$CFu?5upi?5NULL?6?$AA@ 0000000140008678     umodsys_lib_basesys:umodsys.basesys.rsystem_main.obj
 0002:00000688       ??_C@_0BI@BNCFOLP@?5?5?$CFu?5?$CFp?5upi?$HL?$CFs?5?$CFs?$CI?$CFd?$CJ?$HN?6?$AA@ 0000000140008688     umodsys_lib_basesys:umodsys.basesys.rsystem_main.obj
 0002:000006a0       ??_C@_0BJ@LINIAOAF@RSystem?3?3dump_upis?$CI?$CJ?5?1?5?6?$AA@ 00000001400086a0     umodsys_lib_basesys:umodsys.basesys.rsystem_main.obj
 0002:000006c8       ??_7EExceptionBase@core@UModSys@@6B@ 00000001400086c8     umodsys_lib_basesys:umodsys.basesys.rsystem_main.obj
 0002:000006e0       ??_7EFatal@core@UModSys@@6B@ 00000001400086e0     umodsys_lib_basesys:umodsys.basesys.rsystem_main.obj
 0002:000006f8       ??_7EWarning@core@UModSys@@6B@ 00000001400086f8     umodsys_lib_basesys:umodsys.basesys.rsystem_main.obj
 0002:00000710       ??_7?$TRMemAlloc_CC@U?$TMemAllocHeader@USMagic@mem_headers@rsystem@base@UModSys@@U?$TPool@X@2345@USDebug@2345@UVoid@core@5@@rsystem@base@UModSys@@USMemAlloc_Malloc@core@4@@rsystem@base@UModSys@@6B@ 0000000140008710     umodsys_lib_basesys:umodsys.basesys.rsystem_main.obj
 0002:00000738       ??_7RSystem@rsystem@base@UModSys@@6BISystem@23@@ 0000000140008738     umodsys_lib_basesys:umodsys.basesys.rsystem_main.obj
 0002:000007b8       ??_7RSystem@rsystem@base@UModSys@@6BIUniquePointerResolver@core@3@@ 00000001400087b8     umodsys_lib_basesys:umodsys.basesys.rsystem_main.obj
 0002:000007d0       ??_7RSystem@rsystem@base@UModSys@@6BISourceContextAdapter@core@3@@ 00000001400087d0     umodsys_lib_basesys:umodsys.basesys.rsystem_main.obj
 0002:000007d8       ??_C@_0BC@NNHIIPO@shells?5found?3?5?$CFd?6?$AA@ 00000001400087d8     umodsys_lib_basesys:umodsys.basesys.rsystem_tests.obj
 0002:000007f0       ??_C@_0BA@EBBPOIJG@?5?5shell?3?5?$CFp?5?$CFs?6?$AA@ 00000001400087f0     umodsys_lib_basesys:umodsys.basesys.rsystem_tests.obj
 0002:00000800       ??_C@_0BF@JPMHOAKE@?5?5?5?5shell?5gen?5error?6?$AA@ 0000000140008800     umodsys_lib_basesys:umodsys.basesys.rsystem_tests.obj
 0002:00000818       ??_C@_0BL@NANLGMEE@?5?5?5?5shell?5generated?5as?5?$CFp?6?$AA@ 0000000140008818     umodsys_lib_basesys:umodsys.basesys.rsystem_tests.obj
 0002:00000838       ??_C@_0BD@NFNPGOAG@?1shells?5found?3?5?$CFd?6?$AA@ 0000000140008838     umodsys_lib_basesys:umodsys.basesys.rsystem_tests.obj
 0002:00000850       ??_C@_0DG@DMGFJEPO@RModuleLoader?3?3moduledb_cleanup?$CI@ 0000000140008850     umodsys_lib_basesys:umodsys.basesys.rmoduleloader.obj
 0002:00000888       ??_C@_02GMLFBBN@wb?$AA@    0000000140008888     umodsys_lib_basesys:umodsys.basesys.rmoduleloader.obj
 0002:00000890       ??_C@_0BN@BDEAMLC@?$CD?5LIST?5OF?5LIBRARY?5MODULES?3?6?6?$AA@ 0000000140008890     umodsys_lib_basesys:umodsys.basesys.rmoduleloader.obj
 0002:000008b0       ??_C@_0BF@PLOHEFDA@?5?$HL?5mod_list?$DN?$CFd?3?$FL?$FN?5?$HN?6?$AA@ 00000001400088b0     umodsys_lib_basesys:umodsys.basesys.rmoduleloader.obj
 0002:000008d8       ??_7IModuleLoader@base@UModSys@@6B@ 00000001400088d8     umodsys_lib_basesys:umodsys.basesys.rmoduleloader.obj
 0002:00000958       ??_7RModuleLoader@rsystem@base@UModSys@@6B@ 0000000140008958     umodsys_lib_basesys:umodsys.basesys.rmoduleloader.obj
 0002:000009d8       ??_7RParameters@rsystem@base@UModSys@@6B@ 00000001400089d8     umodsys_lib_basesys:umodsys.basesys.rparameters.obj
 0002:00000aa8       ??_C@_0BG@LJFEMLCK@UModSys_Plugin_Entry2?$AA@ 0000000140008aa8     umodsys_lib_basesys:umodsys.basesys.rmodule.win32.obj
 0002:00000ac0       ??_C@_0CI@IABKIJLA@?5?5?5?5?5?5?5?5?5?5load?5so?$CI?$CC?$CFs?$CC?$CJ?5?$HL?$CFp?0?5?$CFp?$HN@ 0000000140008ac0     umodsys_lib_basesys:umodsys.basesys.rmodule.win32.obj
 0002:00000ae8       ??_C@_0BP@EBMDLOGD@?5?5?5?5?5?5?5?5?5?5unload?5so?$CI?$HL?$CFp?0?5?$CFp?$HN?$CJ?6?$AA@ 0000000140008ae8     umodsys_lib_basesys:umodsys.basesys.rmodule.win32.obj
 0002:00000b08       ??_C@_0BB@GJHPNFEC@scan?5so?3?5?$CC?$CFs?$CFs?$CC?6?$AA@ 0000000140008b08     umodsys_lib_basesys:umodsys.basesys.rmodule.win32.obj
 0002:00000b20       ??_C@_0N@LFKMDJGP@?5?5so?3?5?$CC?$CFls?$CC?6?$AA@ 0000000140008b20     umodsys_lib_basesys:umodsys.basesys.rmodule.win32.obj
 0002:00000b30       ??_C@_0BC@GMLCPHOK@?1scan?5so?3?5?$CC?$CFs?$CFs?$CC?6?$AA@ 0000000140008b30     umodsys_lib_basesys:umodsys.basesys.rmodule.win32.obj
 0002:00000b44       ??_C@_04HLONOPDM@?4dll?$AA@ 0000000140008b44     umodsys_lib_basesys:umodsys.basesys.rmodule.win32.obj
 0002:00000b50       ??_C@_0CK@FNJGHFOD@RModuleLibrary?$CI?$CFp?$CJ?3?3link?$CI?$CJ?5?9?9?5ad@ 0000000140008b50     umodsys_lib_basesys:umodsys.basesys.rmodulelib.obj
 0002:00000b80       ??_C@_0BA@LBGMEMKJ@LIBRARY?5?$CC?$CFs?$CC?5?$HL?6?$AA@ 0000000140008b80     umodsys_lib_basesys:umodsys.basesys.rmodulelib.obj
 0002:00000b90       ??_C@_0BH@CLNAAMEM@?$HN?5?$CD?5END?5LIBRARY?5?$CC?$CFs?$CC?6?6?$AA@ 0000000140008b90     umodsys_lib_basesys:umodsys.basesys.rmodulelib.obj
 0002:00000ba8       ??_C@_0M@KEHKBKEH@?5?5so?3?5?$CC?$CFs?$CC?6?$AA@ 0000000140008ba8     umodsys_lib_basesys:umodsys.basesys.rmodulelib.obj
 0002:00000bb8       ??_C@_0BF@IKAEAMGP@?5?5?5?5so?5loaded?3?5?$CC?$CFs?$CC?6?$AA@ 0000000140008bb8     umodsys_lib_basesys:umodsys.basesys.rmodulelib.obj
 0002:00000bd0       ??_C@_0O@MCPOKEFF@?5?5?5?5so?5added?6?$AA@ 0000000140008bd0     umodsys_lib_basesys:umodsys.basesys.rmodulelib.obj
 0002:00000be0       ??_C@_0BE@BFONLBBI@?5?5?5?5so?5dup?5with?5?$CFd?6?$AA@ 0000000140008be0     umodsys_lib_basesys:umodsys.basesys.rmodulelib.obj
 0002:00000c08       ??_7RModuleLibrary@rsystem@base@UModSys@@6B@ 0000000140008c08     umodsys_lib_basesys:umodsys.basesys.rmodulelib.obj
 0002:00000cb0       ??_C@_0BF@KDHHIHAN@RModule?$CI?$CFp?$CJ?3?3open?$CI?$CJ?6?$AA@ 0000000140008cb0     umodsys_lib_basesys:umodsys.basesys.rmodule.obj
 0002:00000cc8       ??_C@_0BG@HADBHJOP@RModule?$CI?$CFp?$CJ?3?3close?$CI?$CJ?6?$AA@ 0000000140008cc8     umodsys_lib_basesys:umodsys.basesys.rmodule.obj
 0002:00000ce0       ??_C@_0BK@FNONNOFM@RModule?$CI?$CFp?$CJ?3?3?5pre?9loaded?6?$AA@ 0000000140008ce0     umodsys_lib_basesys:umodsys.basesys.rmodule.obj
 0002:00000d00       ??_C@_0CE@HBBEEAED@RModule?$CI?$CFp?$CJ?3?3generate?$CI?$CJ?5?$HL?5gen?$DN?$CFp@ 0000000140008d00     umodsys_lib_basesys:umodsys.basesys.rmodule.obj
 0002:00000d28       ??_C@_0DL@FHDKGKAD@RModule?$CI?$CFp?$CJ?3?3reg_generator?$CI?$CFs?5?$CFp@ 0000000140008d28     umodsys_lib_basesys:umodsys.basesys.rmodule.obj
 0002:00000d68       ??_C@_0DL@ECFHLNEB@RModule?$CI?$CFp?$CJ?3?3reg_generator?$CI?$CFs?5?$CFp@ 0000000140008d68     umodsys_lib_basesys:umodsys.basesys.rmodule.obj
 0002:00000da8       ??_C@_0DI@EBNLDEPD@RModule?$CI?$CFp?$CJ?3?3reg_obj?$CI?$CFs?5?$CFp?$CJ?5?9?9?5?$HL@ 0000000140008da8     umodsys_lib_basesys:umodsys.basesys.rmodule.obj
 0002:00000de0       ??_C@_0GC@IAELDHPB@RModule?$CI?$CFp?$CJ?3?3reg_obj?$CI?$CFs?5?$CFp?$CJ?5?9?9?5i@ 0000000140008de0     umodsys_lib_basesys:umodsys.basesys.rmodule.obj
 0002:00000e48       ??_C@_0CM@JCLMIGEB@RModule?$CI?$CFp?$CJ?3?3reg_obj?$CI?$CFs?5?$CFp?$CJ?5?9?9?5a@ 0000000140008e48     umodsys_lib_basesys:umodsys.basesys.rmodule.obj
 0002:00000e78       ??_C@_0DK@NJCECDIC@RModule?$CI?$CFp?$CJ?3?3unreg_obj?$CI?$CFs?5?$CFp?$CJ?5?9?9@ 0000000140008e78     umodsys_lib_basesys:umodsys.basesys.rmodule.obj
 0002:00000ec0       ??_C@_0GE@MGLAJHFG@RModule?$CI?$CFp?$CJ?3?3unreg_obj?$CI?$CFs?5?$CFp?$CJ?5?9?9@ 0000000140008ec0     umodsys_lib_basesys:umodsys.basesys.rmodule.obj
 0002:00000f28       ??_C@_0CO@DAMPCAGA@RModule?3?3alloc_minfo?$CI?$HL?$CC?$CFs?$CC?0?5?$CC?$CFs?$CC@ 0000000140008f28     umodsys_lib_basesys:umodsys.basesys.rmodule.obj
 0002:00000f58       ??_C@_0BG@HANHHGHE@?5?5MODULE?5?$CFs?$CI?$CFd?0?$CFd?$CJ?5?$HL?6?$AA@ 0000000140008f58     umodsys_lib_basesys:umodsys.basesys.rmodule.obj
 0002:00000f70       ??_C@_0CI@FMDENPAM@RModule?$CI?$CFp?$CJ?3?3save_db?$CI?4?4?4?$CJ?5?9?9?5?$HL?5?$CF@ 0000000140008f70     umodsys_lib_basesys:umodsys.basesys.rmodule.obj
 0002:00000f98       ??_C@_0BN@CFNKPKCH@?5?5?5?5MODOBJECT?5?$CFs?$CI?$CFd?$CJ?5?$CFs?$CI?$CFd?$CJ?6?$AA@ 0000000140008f98     umodsys_lib_basesys:umodsys.basesys.rmodule.obj
 0002:00000fb8       ??_C@_0BP@BJFGMFNK@?5?5?5?5GENERATOR?5?$CFs?$CI?$CFd?$CJ?5?$CFs?$CI?$CFd?$CJ?5?$HL?6?$AA@ 0000000140008fb8     umodsys_lib_basesys:umodsys.basesys.rmodule.obj
 0002:00000fd8       ??_C@_0BK@DNNMLLHP@?5?5?5?5?5?5REFOBJECT?5?$CFs?$CI?$CFd?$CJ?5?$HL?6?$AA@ 0000000140008fd8     umodsys_lib_basesys:umodsys.basesys.rmodule.obj
 0002:00000ff8       ??_C@_0BF@CJPCFEEB@?5?5?5?5?5?5?5?5TYPE?5?$CFs?$CI?$CFd?$CJ?6?$AA@ 0000000140008ff8     umodsys_lib_basesys:umodsys.basesys.rmodule.obj
 0002:00001010       ??_C@_0BM@PFPEFHDC@?5?5?5?5?5?5?$HN?5?$CD?5REFOBJECT?5?$CFs?$CI?$CFd?$CJ?6?$AA@ 0000000140009010     umodsys_lib_basesys:umodsys.basesys.rmodule.obj
 0002:00001030       ??_C@_0CB@PCDHJLII@?5?5?5?5?$HN?5?$CD?5GENERATOR?5?$CFs?$CI?$CFd?$CJ?5?$CFs?$CI?$CFd?$CJ?6@ 0000000140009030     umodsys_lib_basesys:umodsys.basesys.rmodule.obj
 0002:00001058       ??_C@_0BI@OGBPJMLO@?5?5?$HN?5?$CD?5MODULE?5?$CFs?$CI?$CFd?0?$CFd?$CJ?6?$AA@ 0000000140009058     umodsys_lib_basesys:umodsys.basesys.rmodule.obj
 0002:00001078       ??_7RModule@rsystem@base@UModSys@@6B@ 0000000140009078     umodsys_lib_basesys:umodsys.basesys.rmodule.obj
 0002:00001278       ??_R4type_info@@6B@        0000000140009278     MSVCRT:ti_inst.obj
 0002:000012a0       ??_R3type_info@@8          00000001400092a0     MSVCRT:ti_inst.obj
 0002:000012b8       ??_R2type_info@@8          00000001400092b8     MSVCRT:ti_inst.obj
 0002:000012c8       ??_R1A@?0A@EA@type_info@@8 00000001400092c8     MSVCRT:ti_inst.obj
 0002:000012f0       ??_R4RConsole_std@rsystem@base@UModSys@@6B@ 00000001400092f0     umodsys_lib_basesys:umodsys.basesys.rconsole_std.obj
 0002:00001318       ??_R3RConsole_std@rsystem@base@UModSys@@8 0000000140009318     umodsys_lib_basesys:umodsys.basesys.rconsole_std.obj
 0002:00001330       ??_R2RConsole_std@rsystem@base@UModSys@@8 0000000140009330     umodsys_lib_basesys:umodsys.basesys.rconsole_std.obj
 0002:00001358       ??_R1A@?0A@EA@RConsole_std@rsystem@base@UModSys@@8 0000000140009358     umodsys_lib_basesys:umodsys.basesys.rconsole_std.obj
 0002:00001380       ??_R3IConsole@base@UModSys@@8 0000000140009380     umodsys_lib_basesys:umodsys.basesys.rconsole_std.obj
 0002:00001398       ??_R2IConsole@base@UModSys@@8 0000000140009398     umodsys_lib_basesys:umodsys.basesys.rconsole_std.obj
 0002:000013b8       ??_R1A@?0A@EA@IConsole@base@UModSys@@8 00000001400093b8     umodsys_lib_basesys:umodsys.basesys.rconsole_std.obj
 0002:000013e0       ??_R3IRefObject@core@UModSys@@8 00000001400093e0     umodsys_lib_basesys:umodsys.basesys.rconsole_std.obj
 0002:000013f8       ??_R2IRefObject@core@UModSys@@8 00000001400093f8     umodsys_lib_basesys:umodsys.basesys.rconsole_std.obj
 0002:00001410       ??_R1A@?0A@EA@IRefObject@core@UModSys@@8 0000000140009410     umodsys_lib_basesys:umodsys.basesys.rconsole_std.obj
 0002:00001438       ??_R4IRoot@core@UModSys@@6B@ 0000000140009438     umodsys_lib_basesys:umodsys.basesys.rconsole_std.obj
 0002:00001460       ??_R3IRoot@core@UModSys@@8 0000000140009460     umodsys_lib_basesys:umodsys.basesys.rconsole_std.obj
 0002:00001478       ??_R2IRoot@core@UModSys@@8 0000000140009478     umodsys_lib_basesys:umodsys.basesys.rconsole_std.obj
 0002:00001488       ??_R1A@?0A@EA@IRoot@core@UModSys@@8 0000000140009488     umodsys_lib_basesys:umodsys.basesys.rconsole_std.obj
 0002:000014b0       ??_R4RSystem@rsystem@base@UModSys@@6BISourceContextAdapter@core@3@@ 00000001400094b0     umodsys_lib_basesys:umodsys.basesys.rsystem_main.obj
 0002:000014d8       ??_R4RSystem@rsystem@base@UModSys@@6BIUniquePointerResolver@core@3@@ 00000001400094d8     umodsys_lib_basesys:umodsys.basesys.rsystem_main.obj
 0002:00001500       ??_R4RSystem@rsystem@base@UModSys@@6BISystem@23@@ 0000000140009500     umodsys_lib_basesys:umodsys.basesys.rsystem_main.obj
 0002:00001528       ??_R3RSystem@rsystem@base@UModSys@@8 0000000140009528     umodsys_lib_basesys:umodsys.basesys.rsystem_main.obj
 0002:00001540       ??_R2RSystem@rsystem@base@UModSys@@8 0000000140009540     umodsys_lib_basesys:umodsys.basesys.rsystem_main.obj
 0002:00001570       ??_R1BA@?0A@EA@ISourceContextAdapter@core@UModSys@@8 0000000140009570     umodsys_lib_basesys:umodsys.basesys.rsystem_main.obj
 0002:00001598       ??_R17?0A@EA@IUniquePointerResolver@core@UModSys@@8 0000000140009598     umodsys_lib_basesys:umodsys.basesys.rsystem_main.obj
 0002:000015c0       ??_R1A@?0A@EA@RSystem@rsystem@base@UModSys@@8 00000001400095c0     umodsys_lib_basesys:umodsys.basesys.rsystem_main.obj
 0002:000015e8       ??_R4?$TRMemAlloc_CC@U?$TMemAllocHeader@USMagic@mem_headers@rsystem@base@UModSys@@U?$TPool@X@2345@USDebug@2345@UVoid@core@5@@rsystem@base@UModSys@@USMemAlloc_Malloc@core@4@@rsystem@base@UModSys@@6B@ 00000001400095e8     umodsys_lib_basesys:umodsys.basesys.rsystem_main.obj
 0002:00001610       ??_R3?$TRMemAlloc_CC@U?$TMemAllocHeader@USMagic@mem_headers@rsystem@base@UModSys@@U?$TPool@X@2345@USDebug@2345@UVoid@core@5@@rsystem@base@UModSys@@USMemAlloc_Malloc@core@4@@rsystem@base@UModSys@@8 0000000140009610     umodsys_lib_basesys:umodsys.basesys.rsystem_main.obj
 0002:00001628       ??_R2?$TRMemAlloc_CC@U?$TMemAllocHeader@USMagic@mem_headers@rsystem@base@UModSys@@U?$TPool@X@2345@USDebug@2345@UVoid@core@5@@rsystem@base@UModSys@@USMemAlloc_Malloc@core@4@@rsystem@base@UModSys@@8 0000000140009628     umodsys_lib_basesys:umodsys.basesys.rsystem_main.obj
 0002:00001648       ??_R17?0A@EA@SMemAlloc_Malloc@core@UModSys@@8 0000000140009648     umodsys_lib_basesys:umodsys.basesys.rsystem_main.obj
 0002:00001670       ??_R3SMemAlloc_Malloc@core@UModSys@@8 0000000140009670     umodsys_lib_basesys:umodsys.basesys.rsystem_main.obj
 0002:00001688       ??_R2SMemAlloc_Malloc@core@UModSys@@8 0000000140009688     umodsys_lib_basesys:umodsys.basesys.rsystem_main.obj
 0002:00001698       ??_R1A@?0A@EA@SMemAlloc_Malloc@core@UModSys@@8 0000000140009698     umodsys_lib_basesys:umodsys.basesys.rsystem_main.obj
 0002:000016c0       ??_R1A@?0A@EA@?$TRMemAlloc_CC@U?$TMemAllocHeader@USMagic@mem_headers@rsystem@base@UModSys@@U?$TPool@X@2345@USDebug@2345@UVoid@core@5@@rsystem@base@UModSys@@USMemAlloc_Malloc@core@4@@rsystem@base@UModSys@@8 00000001400096c0     umodsys_lib_basesys:umodsys.basesys.rsystem_main.obj
 0002:000016e8       ??_R3IUniquePointerResolver@core@UModSys@@8 00000001400096e8     umodsys_lib_basesys:umodsys.basesys.rsystem_main.obj
 0002:00001700       ??_R2IUniquePointerResolver@core@UModSys@@8 0000000140009700     umodsys_lib_basesys:umodsys.basesys.rsystem_main.obj
 0002:00001710       ??_R1A@?0A@EA@IUniquePointerResolver@core@UModSys@@8 0000000140009710     umodsys_lib_basesys:umodsys.basesys.rsystem_main.obj
 0002:00001738       ??_R3ISourceContextAdapter@core@UModSys@@8 0000000140009738     umodsys_lib_basesys:umodsys.basesys.rsystem_main.obj
 0002:00001750       ??_R2ISourceContextAdapter@core@UModSys@@8 0000000140009750     umodsys_lib_basesys:umodsys.basesys.rsystem_main.obj
 0002:00001760       ??_R1A@?0A@EA@ISourceContextAdapter@core@UModSys@@8 0000000140009760     umodsys_lib_basesys:umodsys.basesys.rsystem_main.obj
 0002:00001788       ??_R3ISystem@base@UModSys@@8 0000000140009788     umodsys_lib_basesys:umodsys.basesys.rsystem_main.obj
 0002:000017a0       ??_R2ISystem@base@UModSys@@8 00000001400097a0     umodsys_lib_basesys:umodsys.basesys.rsystem_main.obj
 0002:000017b8       ??_R1A@?0A@EA@ISystem@base@UModSys@@8 00000001400097b8     umodsys_lib_basesys:umodsys.basesys.rsystem_main.obj
 0002:000017e0       ??_R3IMemAlloc@core@UModSys@@8 00000001400097e0     umodsys_lib_basesys:umodsys.basesys.rsystem_main.obj
 0002:000017f8       ??_R2IMemAlloc@core@UModSys@@8 00000001400097f8     umodsys_lib_basesys:umodsys.basesys.rsystem_main.obj
 0002:00001808       ??_R1A@?0A@EA@IMemAlloc@core@UModSys@@8 0000000140009808     umodsys_lib_basesys:umodsys.basesys.rsystem_main.obj
 0002:00001830       ??_R4EWarning@core@UModSys@@6B@ 0000000140009830     umodsys_lib_basesys:umodsys.basesys.rsystem_main.obj
 0002:00001858       ??_R3EWarning@core@UModSys@@8 0000000140009858     umodsys_lib_basesys:umodsys.basesys.rsystem_main.obj
 0002:00001870       ??_R2EWarning@core@UModSys@@8 0000000140009870     umodsys_lib_basesys:umodsys.basesys.rsystem_main.obj
 0002:00001888       ??_R1A@?0A@EA@EWarning@core@UModSys@@8 0000000140009888     umodsys_lib_basesys:umodsys.basesys.rsystem_main.obj
 0002:000018b0       ??_R4EFatal@core@UModSys@@6B@ 00000001400098b0     umodsys_lib_basesys:umodsys.basesys.rsystem_main.obj
 0002:000018d8       ??_R3EFatal@core@UModSys@@8 00000001400098d8     umodsys_lib_basesys:umodsys.basesys.rsystem_main.obj
 0002:000018f0       ??_R2EFatal@core@UModSys@@8 00000001400098f0     umodsys_lib_basesys:umodsys.basesys.rsystem_main.obj
 0002:00001908       ??_R1A@?0A@EA@EFatal@core@UModSys@@8 0000000140009908     umodsys_lib_basesys:umodsys.basesys.rsystem_main.obj
 0002:00001930       ??_R4EExceptionBase@core@UModSys@@6B@ 0000000140009930     umodsys_lib_basesys:umodsys.basesys.rsystem_main.obj
 0002:00001958       ??_R3EExceptionBase@core@UModSys@@8 0000000140009958     umodsys_lib_basesys:umodsys.basesys.rsystem_main.obj
 0002:00001970       ??_R2EExceptionBase@core@UModSys@@8 0000000140009970     umodsys_lib_basesys:umodsys.basesys.rsystem_main.obj
 0002:00001980       ??_R1A@?0A@EA@EExceptionBase@core@UModSys@@8 0000000140009980     umodsys_lib_basesys:umodsys.basesys.rsystem_main.obj
 0002:000019a8       ??_R4RModuleLoader@rsystem@base@UModSys@@6B@ 00000001400099a8     umodsys_lib_basesys:umodsys.basesys.rmoduleloader.obj
 0002:000019d0       ??_R3RModuleLoader@rsystem@base@UModSys@@8 00000001400099d0     umodsys_lib_basesys:umodsys.basesys.rmoduleloader.obj
 0002:000019e8       ??_R2RModuleLoader@rsystem@base@UModSys@@8 00000001400099e8     umodsys_lib_basesys:umodsys.basesys.rmoduleloader.obj
 0002:00001a00       ??_R1A@?0A@EA@RModuleLoader@rsystem@base@UModSys@@8 0000000140009a00     umodsys_lib_basesys:umodsys.basesys.rmoduleloader.obj
 0002:00001a28       ??_R4IModuleLoader@base@UModSys@@6B@ 0000000140009a28     umodsys_lib_basesys:umodsys.basesys.rmoduleloader.obj
 0002:00001a50       ??_R3IModuleLoader@base@UModSys@@8 0000000140009a50     umodsys_lib_basesys:umodsys.basesys.rmoduleloader.obj
 0002:00001a68       ??_R2IModuleLoader@base@UModSys@@8 0000000140009a68     umodsys_lib_basesys:umodsys.basesys.rmoduleloader.obj
 0002:00001a78       ??_R1A@?0A@EA@IModuleLoader@base@UModSys@@8 0000000140009a78     umodsys_lib_basesys:umodsys.basesys.rmoduleloader.obj
 0002:00001aa0       ??_R4RParameters@rsystem@base@UModSys@@6B@ 0000000140009aa0     umodsys_lib_basesys:umodsys.basesys.rparameters.obj
 0002:00001ac8       ??_R3RParameters@rsystem@base@UModSys@@8 0000000140009ac8     umodsys_lib_basesys:umodsys.basesys.rparameters.obj
 0002:00001ae0       ??_R2RParameters@rsystem@base@UModSys@@8 0000000140009ae0     umodsys_lib_basesys:umodsys.basesys.rparameters.obj
 0002:00001b08       ??_R1A@?0A@EA@RParameters@rsystem@base@UModSys@@8 0000000140009b08     umodsys_lib_basesys:umodsys.basesys.rparameters.obj
 0002:00001b30       ??_R3IParameters@core@UModSys@@8 0000000140009b30     umodsys_lib_basesys:umodsys.basesys.rparameters.obj
 0002:00001b48       ??_R2IParameters@core@UModSys@@8 0000000140009b48     umodsys_lib_basesys:umodsys.basesys.rparameters.obj
 0002:00001b68       ??_R1A@?0A@EA@IParameters@core@UModSys@@8 0000000140009b68     umodsys_lib_basesys:umodsys.basesys.rparameters.obj
 0002:00001b90       ??_R4RModuleLibrary@rsystem@base@UModSys@@6B@ 0000000140009b90     umodsys_lib_basesys:umodsys.basesys.rmodulelib.obj
 0002:00001bb8       ??_R3RModuleLibrary@rsystem@base@UModSys@@8 0000000140009bb8     umodsys_lib_basesys:umodsys.basesys.rmodulelib.obj
 0002:00001bd0       ??_R2RModuleLibrary@rsystem@base@UModSys@@8 0000000140009bd0     umodsys_lib_basesys:umodsys.basesys.rmodulelib.obj
 0002:00001bf8       ??_R1A@?0A@EA@RModuleLibrary@rsystem@base@UModSys@@8 0000000140009bf8     umodsys_lib_basesys:umodsys.basesys.rmodulelib.obj
 0002:00001c20       ??_R3IModuleLibrary@base@UModSys@@8 0000000140009c20     umodsys_lib_basesys:umodsys.basesys.rmodulelib.obj
 0002:00001c38       ??_R2IModuleLibrary@base@UModSys@@8 0000000140009c38     umodsys_lib_basesys:umodsys.basesys.rmodulelib.obj
 0002:00001c58       ??_R1A@?0A@EA@IModuleLibrary@base@UModSys@@8 0000000140009c58     umodsys_lib_basesys:umodsys.basesys.rmodulelib.obj
 0002:00001c80       ??_R4RModule@rsystem@base@UModSys@@6B@ 0000000140009c80     umodsys_lib_basesys:umodsys.basesys.rmodule.obj
 0002:00001ca8       ??_R3RModule@rsystem@base@UModSys@@8 0000000140009ca8     umodsys_lib_basesys:umodsys.basesys.rmodule.obj
 0002:00001cc0       ??_R2RModule@rsystem@base@UModSys@@8 0000000140009cc0     umodsys_lib_basesys:umodsys.basesys.rmodule.obj
 0002:00001ce8       ??_R1A@?0A@EA@RModule@rsystem@base@UModSys@@8 0000000140009ce8     umodsys_lib_basesys:umodsys.basesys.rmodule.obj
 0002:00001d10       ??_R3IModule@base@UModSys@@8 0000000140009d10     umodsys_lib_basesys:umodsys.basesys.rmodule.obj
 0002:00001d28       ??_R2IModule@base@UModSys@@8 0000000140009d28     umodsys_lib_basesys:umodsys.basesys.rmodule.obj
 0002:00001d48       ??_R1A@?0A@EA@IModule@base@UModSys@@8 0000000140009d48     umodsys_lib_basesys:umodsys.basesys.rmodule.obj
 0002:00001d70       __rtc_iaa                  0000000140009d70     MSVCRT:_initsect_.obj
 0002:00001d78       __rtc_izz                  0000000140009d78     MSVCRT:_initsect_.obj
 0002:00001d80       __rtc_taa                  0000000140009d80     MSVCRT:_initsect_.obj
 0002:00001d88       __rtc_tzz                  0000000140009d88     MSVCRT:_initsect_.obj
 0002:00002508       _CT??_R0?AUEFatal@core@UModSys@@@8??0EFatal@core@UModSys@@QEAA@AEBU012@@Z48 000000014000a508     umodsys_lib_basesys:umodsys.basesys.rsystem_main.obj
 0002:00002530       _CT??_R0?AUEExceptionBase@core@UModSys@@@8??0EExceptionBase@core@UModSys@@QEAA@AEBU012@@Z48 000000014000a530     umodsys_lib_basesys:umodsys.basesys.rsystem_main.obj
 0002:00002558       _CTA2?AUEFatal@core@UModSys@@ 000000014000a558     umodsys_lib_basesys:umodsys.basesys.rsystem_main.obj
 0002:00002570       _TI2?AUEFatal@core@UModSys@@ 000000014000a570     umodsys_lib_basesys:umodsys.basesys.rsystem_main.obj
 0002:00002590       _CT??_R0?AUEWarning@core@UModSys@@@8??0EWarning@core@UModSys@@QEAA@AEBU012@@Z48 000000014000a590     umodsys_lib_basesys:umodsys.basesys.rsystem_main.obj
 0002:000025b8       _CTA2?AUEWarning@core@UModSys@@ 000000014000a5b8     umodsys_lib_basesys:umodsys.basesys.rsystem_main.obj
 0002:000025d0       _TI2?AUEWarning@core@UModSys@@ 000000014000a5d0     umodsys_lib_basesys:umodsys.basesys.rsystem_main.obj
 0002:000025ec       __IMPORT_DESCRIPTOR_MSVCR90 000000014000a5ec     MSVCRT:MSVCR90.dll
 0002:00002600       __IMPORT_DESCRIPTOR_KERNEL32 000000014000a600     kernel32:KERNEL32.dll
 0002:00002614       __NULL_IMPORT_DESCRIPTOR   000000014000a614     MSVCRT:MSVCR90.dll
 0003:00000000       ??_R0?AVtype_info@@@8      000000014000b000     MSVCRT:ti_inst.obj
 0003:00000020       __native_dllmain_reason    000000014000b020     MSVCRT:natstart.obj
 0003:00000024       __native_vcclrit_reason    000000014000b024     MSVCRT:natstart.obj
 0003:00000028       __globallocalestatus       000000014000b028     MSVCRT:xthdloc.obj
 0003:0000002c       __defaultmatherr           000000014000b02c     MSVCRT:merr.obj
 0003:00000030       __security_cookie          000000014000b030     MSVCRT:gs_cookie.obj
 0003:00000038       __security_cookie_complement 000000014000b038     MSVCRT:gs_cookie.obj
 0003:000000f0       ?s_console@RConsole_std@rsystem@base@UModSys@@2U1234@A 000000014000b0f0     umodsys_lib_basesys:umodsys.basesys.rconsole_std.obj
 0003:00000100       ?s_sys@RSystem@rsystem@base@UModSys@@2U1234@A 000000014000b100     umodsys_lib_basesys:umodsys.basesys.rsystem_main.obj
 0003:00000238       ?rsys_dbg@rsystem@base@UModSys@@3USDebug@23@A 000000014000b238     umodsys_lib_basesys:umodsys.basesys.rsystem_main.obj
 0003:00000248       ??_R0?AURConsole_std@rsystem@base@UModSys@@@8 000000014000b248     umodsys_lib_basesys:umodsys.basesys.rconsole_std.obj
 0003:00000280       ??_R0?AUIConsole@base@UModSys@@@8 000000014000b280     umodsys_lib_basesys:umodsys.basesys.rconsole_std.obj
 0003:000002b0       ??_R0?AUIRefObject@core@UModSys@@@8 000000014000b2b0     umodsys_lib_basesys:umodsys.basesys.rconsole_std.obj
 0003:000002e0       ??_R0?AUIRoot@core@UModSys@@@8 000000014000b2e0     umodsys_lib_basesys:umodsys.basesys.rconsole_std.obj
 0003:00000310       ??_R0?AURSystem@rsystem@base@UModSys@@@8 000000014000b310     umodsys_lib_basesys:umodsys.basesys.rsystem_main.obj
 0003:00000348       ??_R0?AUSMemAlloc_Malloc@core@UModSys@@@8 000000014000b348     umodsys_lib_basesys:umodsys.basesys.rsystem_main.obj
 0003:00000380       ??_R0?AU?$TRMemAlloc_CC@U?$TMemAllocHeader@USMagic@mem_headers@rsystem@base@UModSys@@U?$TPool@X@2345@USDebug@2345@UVoid@core@5@@rsystem@base@UModSys@@USMemAlloc_Malloc@core@4@@rsystem@base@UModSys@@@8 000000014000b380     umodsys_lib_basesys:umodsys.basesys.rsystem_main.obj
 0003:00000458       ??_R0?AUIUniquePointerResolver@core@UModSys@@@8 000000014000b458     umodsys_lib_basesys:umodsys.basesys.rsystem_main.obj
 0003:00000498       ??_R0?AUISourceContextAdapter@core@UModSys@@@8 000000014000b498     umodsys_lib_basesys:umodsys.basesys.rsystem_main.obj
 0003:000004d8       ??_R0?AUISystem@base@UModSys@@@8 000000014000b4d8     umodsys_lib_basesys:umodsys.basesys.rsystem_main.obj
 0003:00000508       ??_R0?AUIMemAlloc@core@UModSys@@@8 000000014000b508     umodsys_lib_basesys:umodsys.basesys.rsystem_main.obj
 0003:00000538       ??_R0?AUEFatal@core@UModSys@@@8 000000014000b538     umodsys_lib_basesys:umodsys.basesys.rsystem_main.obj
 0003:00000568       ??_R0?AUEExceptionBase@core@UModSys@@@8 000000014000b568     umodsys_lib_basesys:umodsys.basesys.rsystem_main.obj
 0003:000005a0       ??_R0?AUEWarning@core@UModSys@@@8 000000014000b5a0     umodsys_lib_basesys:umodsys.basesys.rsystem_main.obj
 0003:000005d0       ??_R0?AURModuleLoader@rsystem@base@UModSys@@@8 000000014000b5d0     umodsys_lib_basesys:umodsys.basesys.rmoduleloader.obj
 0003:00000610       ??_R0?AUIModuleLoader@base@UModSys@@@8 000000014000b610     umodsys_lib_basesys:umodsys.basesys.rmoduleloader.obj
 0003:00000648       ??_R0?AURParameters@rsystem@base@UModSys@@@8 000000014000b648     umodsys_lib_basesys:umodsys.basesys.rparameters.obj
 0003:00000680       ??_R0?AUIParameters@core@UModSys@@@8 000000014000b680     umodsys_lib_basesys:umodsys.basesys.rparameters.obj
 0003:000006b0       ??_R0?AURModuleLibrary@rsystem@base@UModSys@@@8 000000014000b6b0     umodsys_lib_basesys:umodsys.basesys.rmodulelib.obj
 0003:000006f0       ??_R0?AUIModuleLibrary@base@UModSys@@@8 000000014000b6f0     umodsys_lib_basesys:umodsys.basesys.rmodulelib.obj
 0003:00000728       ?s_null@?1??get_null@?$TSCoreShared@USMemAlloc_Malloc@core@UModSys@@D@su@tl@UModSys@@SAPEAU?$TSharedStringInfo@D@345@XZ@4U6345@A 000000014000b728     umodsys_lib_basesys:umodsys.basesys.rmodulelib.obj
 0003:00000748       ??_R0?AURModule@rsystem@base@UModSys@@@8 000000014000b748     umodsys_lib_basesys:umodsys.basesys.rmodule.obj
 0003:00000780       ??_R0?AUIModule@base@UModSys@@@8 000000014000b780     umodsys_lib_basesys:umodsys.basesys.rmodule.obj
 0003:000007b0       _fltused                   000000014000b7b0     MSVCRT:dllsupp.obj
 0003:000007e0       _forceCRTManifestRTM       000000014000b7e0     MSVCRT:crtmanifestrtm.obj
 0003:000007e4       _dowildcard                000000014000b7e4     MSVCRT:wildcard.obj
 0003:000007e8       _newmode                   000000014000b7e8     MSVCRT:_newmode.obj
 0003:000007ec       _commode                   000000014000b7ec     MSVCRT:xncommod.obj
 0003:000007f0       _fmode                     000000014000b7f0     MSVCRT:xtxtmode.obj
 0003:000007f4       ?rv@?1??get_default@SMemAlloc_Malloc@core@UModSys@@SAAEBU234@XZ@4U234@A 000000014000b7f4     umodsys_lib_basesys:umodsys.basesys.rsystem_main.obj
 0003:000007f8       ?s_id@?$TObjectUniqueID@UIModObject@base@UModSys@@@tl@UModSys@@2USUniquePointer@core@3@A 000000014000b7f8     umodsys.c_main.obj
 0003:00000828       ?s_null@?$TStaticStringPool@DU?$TComparerBinaryHash@D@su@tl@UModSys@@USMemAlloc_Malloc@core@4@@tl@UModSys@@2U?$TString@U?$TSCoreConst@D@su@tl@UModSys@@U?$TComparerBinaryHash@D@234@@23@A 000000014000b828     umodsys.c_main.obj
 0003:00000840       ?s_id@?$TObjectUniqueID@UIGenerator@base@UModSys@@@tl@UModSys@@2USUniquePointer@core@3@A 000000014000b840     umodsys.c_main.obj
 0003:00000870       ?s_id@?$TObjectUniqueID@UIModule@base@UModSys@@@tl@UModSys@@2USUniquePointer@core@3@A 000000014000b870     umodsys.c_main.obj
 0003:000008a0       ?s_id@?$TObjectUniqueID@URModuleLibrary@rsystem@base@UModSys@@@tl@UModSys@@2USUniquePointer@core@3@A 000000014000b8a0     umodsys.c_main.obj
 0003:000008d0       ?s_id@?$TObjectUniqueID@UIRoot@core@UModSys@@@tl@UModSys@@2USUniquePointer@core@3@A 000000014000b8d0     umodsys.c_main.obj
 0003:00000900       ?s_id@?$TObjectUniqueID@URConsole_std@rsystem@base@UModSys@@@tl@UModSys@@2USUniquePointer@core@3@A 000000014000b900     umodsys.c_main.obj
 0003:00000930       ?s_id@?$TObjectUniqueID@UISystem@base@UModSys@@@tl@UModSys@@2USUniquePointer@core@3@A 000000014000b930     umodsys.c_main.obj
 0003:00000960       ?s_id@?$TObjectUniqueID@UIRefObject@core@UModSys@@@tl@UModSys@@2USUniquePointer@core@3@A 000000014000b960     umodsys.c_main.obj
 0003:00000990       ?s_id@?$TObjectUniqueID@URModule@rsystem@base@UModSys@@@tl@UModSys@@2USUniquePointer@core@3@A 000000014000b990     umodsys.c_main.obj
 0003:000009c0       ?s_id@?$TObjectUniqueID@UIShell@base@UModSys@@@tl@UModSys@@2USUniquePointer@core@3@A 000000014000b9c0     umodsys.c_main.obj
 0003:000009f0       ?s_id@?$TObjectUniqueID@UIConsole@base@UModSys@@@tl@UModSys@@2USUniquePointer@core@3@A 000000014000b9f0     umodsys.c_main.obj
 0003:00000a20       ?s_id@?$TObjectUniqueID@UIModuleLibrary@base@UModSys@@@tl@UModSys@@2USUniquePointer@core@3@A 000000014000ba20     umodsys.c_main.obj
 0003:00000a50       ?s_id@?$TObjectUniqueID@UIParameters@core@UModSys@@@tl@UModSys@@2USUniquePointer@core@3@A 000000014000ba50     umodsys.c_main.obj
 0003:00000a80       ?s_id@?$TObjectUniqueID@URSystem@rsystem@base@UModSys@@@tl@UModSys@@2USUniquePointer@core@3@A 000000014000ba80     umodsys.c_main.obj
 0003:00000ab0       ?s_id@?$TObjectUniqueID@URParameters@rsystem@base@UModSys@@@tl@UModSys@@2USUniquePointer@core@3@A 000000014000bab0     umodsys.c_main.obj
 0003:00000ae0       ?M@UModSys@@3USModuleContext@base@1@A 000000014000bae0     umodsys_lib_base:umodsys.base.modulecontext.obj
 0003:00000af8       ?root@SUniquePointer@core@UModSys@@2U123@A 000000014000baf8     umodsys_lib_core:umodsys.core.uniqueptr.obj
 0003:00000b28       __native_startup_state     000000014000bb28     <common>
 0003:00000b30       __native_startup_lock      000000014000bb30     <common>
 0003:00000b38       __dyn_tls_init_callback    000000014000bb38     <common>
 0003:00000b40       __onexitend                000000014000bb40     <common>
 0003:00000b48       __onexitbegin              000000014000bb48     <common>

 entry point at        0001:00005730

 Static symbols

 0001:000031e4       ?s_pfd_scan@@YA_KPEAUISystem@base@UModSys@@AEAU?$TDynarrayDynamic@U?$TRefObject@URModuleLibrary@rsystem@base@UModSys@@@tl@UModSys@@U?$TAllocator@USMemAlloc_Malloc@core@UModSys@@USCountCalcPower2@23@@23@@tl@3@PEBD2@Z 00000001400041e4 f    CIL library: CIL module
 0001:00005460       pre_cpp_init               0000000140006460 f   MSVCRT:crtexe.obj
 0001:000054c8       __tmainCRTStartup          00000001400064c8 f   MSVCRT:crtexe.obj
 0001:00005648       pre_c_init                 0000000140006648 f   MSVCRT:crtexe.obj
 0001:00005b70       _onexit$fin$0              0000000140006b70 f   MSVCRT:atonexit.obj
 0001:00005b89       __tmainCRTStartup$filt$0   0000000140006b89 f   MSVCRT:crtexe.obj
 0001:00005bb0       _IsNonwritableInCurrentImage$filt$0 0000000140006bb0 f   MSVCRT:pesect.obj
 0001:00005bd1       ?filt$0@?0??__ArrayUnwind@@YAXPEAX_KHP6AX0@Z@Z@4HA 0000000140006bd1 f   MSVCRT:ehvecdtr.obj
 0001:00005c10       ?fin$0@?0???_M@YAXPEAX_KHP6AX0@Z@Z@4HA 0000000140006c10 f   MSVCRT:ehvecdtr.obj
 0001:00005c3a       ?dtor$0@?0???1?$TQuantArrayUnique@USUniquePointerInfo@core@UModSys@@$0BAA@USMemAlloc_Malloc@23@@tl@UModSys@@QEAA@XZ@4HA 0000000140006c3a f    CIL library: CIL module
 0001:00005c52       ?dtor$0@?0??suicide@RModule@rsystem@base@UModSys@@UEAAXXZ@4HA 0000000140006c52 f    CIL library: CIL module
 0001:00005c6a       ?dtor$0@?0??mem_free@?$TRMemAlloc_CC@U?$TMemAllocHeader@USMagic@mem_headers@rsystem@base@UModSys@@U?$TPool@X@2345@USDebug@2345@UVoid@core@5@@rsystem@base@UModSys@@USMemAlloc_Malloc@core@4@@rsystem@base@UModSys@@UEAAXPEAXPEBUSSourceContext@core@4@@Z@4HA 0000000140006c6a f    CIL library: CIL module
 0001:00005c82       ?dtor$0@?0??mem_realloc@?$TRMemAlloc_CC@U?$TMemAllocHeader@USMagic@mem_headers@rsystem@base@UModSys@@U?$TPool@X@2345@USDebug@2345@UVoid@core@5@@rsystem@base@UModSys@@USMemAlloc_Malloc@core@4@@rsystem@base@UModSys@@UEAAPEAXPEAX_KPEBUSSourceContext@core@4@@Z@4HA 0000000140006c82 f    CIL library: CIL module
 0001:00005ca2       ?dtor$1@?0??mem_realloc@?$TRMemAlloc_CC@U?$TMemAllocHeader@USMagic@mem_headers@rsystem@base@UModSys@@U?$TPool@X@2345@USDebug@2345@UVoid@core@5@@rsystem@base@UModSys@@USMemAlloc_Malloc@core@4@@rsystem@base@UModSys@@UEAAPEAXPEAX_KPEBUSSourceContext@core@4@@Z@4HA 0000000140006ca2 f    CIL library: CIL module
 0001:00005cba       ?dtor$0@?0???1RSystem@rsystem@base@UModSys@@UEAA@XZ@4HA 0000000140006cba f    CIL library: CIL module
 0001:00005cda       ?dtor$1@?0???1RSystem@rsystem@base@UModSys@@UEAA@XZ@4HA 0000000140006cda f    CIL library: CIL module
 0001:00005cfa       ?dtor$2@?0???1RSystem@rsystem@base@UModSys@@UEAA@XZ@4HA 0000000140006cfa f    CIL library: CIL module
 0001:00005d1a       ?dtor$3@?0???1RSystem@rsystem@base@UModSys@@UEAA@XZ@4HA 0000000140006d1a f    CIL library: CIL module
 0001:00005d3a       ?dtor$4@?0???1RSystem@rsystem@base@UModSys@@UEAA@XZ@4HA 0000000140006d3a f    CIL library: CIL module
 0001:00005d5a       ?dtor$5@?0???1RSystem@rsystem@base@UModSys@@UEAA@XZ@4HA 0000000140006d5a f    CIL library: CIL module
 0001:00005d7a       ?dtor$9@?0???1RSystem@rsystem@base@UModSys@@UEAA@XZ@4HA 0000000140006d7a f    CIL library: CIL module
 0001:00005d9a       ?dtor$10@?0???1RSystem@rsystem@base@UModSys@@UEAA@XZ@4HA 0000000140006d9a f    CIL library: CIL module
 0001:00005db2       ?dtor$0@?0???_GRModuleLibrary@rsystem@base@UModSys@@UEAAPEAXI@Z@4HA 0000000140006db2 f    CIL library: CIL module
 0001:00005dd2       ?dtor$1@?0???_GRModuleLibrary@rsystem@base@UModSys@@UEAAPEAXI@Z@4HA 0000000140006dd2 f    CIL library: CIL module
 0001:00005df2       ?dtor$2@?0???_GRModuleLibrary@rsystem@base@UModSys@@UEAAPEAXI@Z@4HA 0000000140006df2 f    CIL library: CIL module
 0001:00005e12       ?dtor$3@?0???_GRModuleLibrary@rsystem@base@UModSys@@UEAAPEAXI@Z@4HA 0000000140006e12 f    CIL library: CIL module
 0001:00005e2e       ?dtor$0@?0??link@RModuleLibrary@rsystem@base@UModSys@@QEAA_NXZ@4HA 0000000140006e2e f    CIL library: CIL module
 0001:00005e4e       ?dtor$2@?0??link@RModuleLibrary@rsystem@base@UModSys@@QEAA_NXZ@4HA 0000000140006e4e f    CIL library: CIL module
 0001:00005e6e       ?dtor$3@?0??link@RModuleLibrary@rsystem@base@UModSys@@QEAA_NXZ@4HA 0000000140006e6e f    CIL library: CIL module
 0001:00005e8e       ?dtor$4@?0??link@RModuleLibrary@rsystem@base@UModSys@@QEAA_NXZ@4HA 0000000140006e8e f    CIL library: CIL module
 0001:00005eae       ?dtor$5@?0??link@RModuleLibrary@rsystem@base@UModSys@@QEAA_NXZ@4HA 0000000140006eae f    CIL library: CIL module
 0001:00005ecd       ?dtor$0@?0??exec_test_shells@RSystem@rsystem@base@UModSys@@QEAA_NXZ@4HA 0000000140006ecd f    CIL library: CIL module
 0001:00005eed       ?dtor$1@?0??exec_test_shells@RSystem@rsystem@base@UModSys@@QEAA_NXZ@4HA 0000000140006eed f    CIL library: CIL module
 0001:00005f0d       ?dtor$3@?0??exec_test_shells@RSystem@rsystem@base@UModSys@@QEAA_NXZ@4HA 0000000140006f0d f    CIL library: CIL module
 0001:00005f28       ?dtor$1@?0??s_add@RModuleLibrary@rsystem@base@UModSys@@SA_NPEAUISystem@34@AEAU?$TDynarrayDynamic@U?$TRefObject@URModuleLibrary@rsystem@base@UModSys@@@tl@UModSys@@U?$TAllocator@USMemAlloc_Malloc@core@UModSys@@USCountCalcPower2@23@@23@@tl@4@PEBD@Z@4HA 0000000140006f28 f    CIL library: CIL module
 0001:00005f44       ??__E?s_id@?$TObjectUniqueID@UIRoot@core@UModSys@@@tl@UModSys@@2USUniquePointer@core@3@A@@YAXXZ 0000000140006f44 f    CIL library: CIL module
 0001:00005f78       ??__E?s_id@?$TObjectUniqueID@UIRefObject@core@UModSys@@@tl@UModSys@@2USUniquePointer@core@3@A@@YAXXZ 0000000140006f78 f    CIL library: CIL module
 0001:00005fac       ??__E?s_id@?$TObjectUniqueID@UIParameters@core@UModSys@@@tl@UModSys@@2USUniquePointer@core@3@A@@YAXXZ 0000000140006fac f    CIL library: CIL module
 0001:00005fe0       ??__E?s_id@?$TObjectUniqueID@UIConsole@base@UModSys@@@tl@UModSys@@2USUniquePointer@core@3@A@@YAXXZ 0000000140006fe0 f    CIL library: CIL module
 0001:00006014       ??__E?s_id@?$TObjectUniqueID@UIModule@base@UModSys@@@tl@UModSys@@2USUniquePointer@core@3@A@@YAXXZ 0000000140007014 f    CIL library: CIL module
 0001:00006048       ??__E?s_id@?$TObjectUniqueID@UIModuleLibrary@base@UModSys@@@tl@UModSys@@2USUniquePointer@core@3@A@@YAXXZ 0000000140007048 f    CIL library: CIL module
 0001:0000607c       ??__E?s_id@?$TObjectUniqueID@UISystem@base@UModSys@@@tl@UModSys@@2USUniquePointer@core@3@A@@YAXXZ 000000014000707c f    CIL library: CIL module
 0001:000060b0       ??__E?s_id@?$TObjectUniqueID@UIModObject@base@UModSys@@@tl@UModSys@@2USUniquePointer@core@3@A@@YAXXZ 00000001400070b0 f    CIL library: CIL module
 0001:000060e4       ??__E?s_id@?$TObjectUniqueID@UIGenerator@base@UModSys@@@tl@UModSys@@2USUniquePointer@core@3@A@@YAXXZ 00000001400070e4 f    CIL library: CIL module
 0001:00006118       ??__E?s_id@?$TObjectUniqueID@UIShell@base@UModSys@@@tl@UModSys@@2USUniquePointer@core@3@A@@YAXXZ 0000000140007118 f    CIL library: CIL module
 0001:0000614c       ??__E?s_id@?$TObjectUniqueID@URModule@rsystem@base@UModSys@@@tl@UModSys@@2USUniquePointer@core@3@A@@YAXXZ 000000014000714c f    CIL library: CIL module
 0001:00006180       ??__E?s_id@?$TObjectUniqueID@URModuleLibrary@rsystem@base@UModSys@@@tl@UModSys@@2USUniquePointer@core@3@A@@YAXXZ 0000000140007180 f    CIL library: CIL module
 0001:000061b4       ??__E?s_id@?$TObjectUniqueID@URParameters@rsystem@base@UModSys@@@tl@UModSys@@2USUniquePointer@core@3@A@@YAXXZ 00000001400071b4 f    CIL library: CIL module
 0001:000061e8       ??__E?s_id@?$TObjectUniqueID@URSystem@rsystem@base@UModSys@@@tl@UModSys@@2USUniquePointer@core@3@A@@YAXXZ 00000001400071e8 f    CIL library: CIL module
 0001:0000621c       ??__E?s_id@?$TObjectUniqueID@URConsole_std@rsystem@base@UModSys@@@tl@UModSys@@2USUniquePointer@core@3@A@@YAXXZ 000000014000721c f    CIL library: CIL module
 0001:00006250       ??__E?s_console@RConsole_std@rsystem@base@UModSys@@2U1234@A@@YAXXZ 0000000140007250 f    CIL library: CIL module
 0001:0000625c       ??__E?s_sys@RSystem@rsystem@base@UModSys@@2U1234@A@@YAXXZ 000000014000725c f    CIL library: CIL module
 0001:00006268       ??__Ersys_dbg@rsystem@base@UModSys@@YAXXZ 0000000140007268 f    CIL library: CIL module
 0001:00006274       ??__EM@UModSys@@YAXXZ      0000000140007274 f    CIL library: CIL module
 0001:00006280       ??__E?root@SUniquePointer@core@UModSys@@2U123@A@@YAXXZ 0000000140007280 f    CIL library: CIL module
 0001:0000628c       ??__F?s_id@?$TObjectUniqueID@URConsole_std@rsystem@base@UModSys@@@tl@UModSys@@2USUniquePointer@core@3@A@@YAXXZ 000000014000728c f    CIL library: CIL module
 0001:00006298       ??__F?s_id@?$TObjectUniqueID@URSystem@rsystem@base@UModSys@@@tl@UModSys@@2USUniquePointer@core@3@A@@YAXXZ 0000000140007298 f    CIL library: CIL module
 0001:000062a4       ??__F?s_id@?$TObjectUniqueID@URParameters@rsystem@base@UModSys@@@tl@UModSys@@2USUniquePointer@core@3@A@@YAXXZ 00000001400072a4 f    CIL library: CIL module
 0001:000062b0       ??__F?s_id@?$TObjectUniqueID@URModuleLibrary@rsystem@base@UModSys@@@tl@UModSys@@2USUniquePointer@core@3@A@@YAXXZ 00000001400072b0 f    CIL library: CIL module
 0001:000062bc       ??__F?s_id@?$TObjectUniqueID@URModule@rsystem@base@UModSys@@@tl@UModSys@@2USUniquePointer@core@3@A@@YAXXZ 00000001400072bc f    CIL library: CIL module
 0001:000062c8       ??__F?s_id@?$TObjectUniqueID@UIShell@base@UModSys@@@tl@UModSys@@2USUniquePointer@core@3@A@@YAXXZ 00000001400072c8 f    CIL library: CIL module
 0001:000062d4       ??__F?s_id@?$TObjectUniqueID@UIGenerator@base@UModSys@@@tl@UModSys@@2USUniquePointer@core@3@A@@YAXXZ 00000001400072d4 f    CIL library: CIL module
 0001:000062e0       ??__F?s_id@?$TObjectUniqueID@UIModObject@base@UModSys@@@tl@UModSys@@2USUniquePointer@core@3@A@@YAXXZ 00000001400072e0 f    CIL library: CIL module
 0001:000062ec       ??__F?s_id@?$TObjectUniqueID@UISystem@base@UModSys@@@tl@UModSys@@2USUniquePointer@core@3@A@@YAXXZ 00000001400072ec f    CIL library: CIL module
 0001:000062f8       ??__F?s_id@?$TObjectUniqueID@UIModuleLibrary@base@UModSys@@@tl@UModSys@@2USUniquePointer@core@3@A@@YAXXZ 00000001400072f8 f    CIL library: CIL module
 0001:00006304       ??__F?s_id@?$TObjectUniqueID@UIModule@base@UModSys@@@tl@UModSys@@2USUniquePointer@core@3@A@@YAXXZ 0000000140007304 f    CIL library: CIL module
 0001:00006310       ??__F?s_id@?$TObjectUniqueID@UIConsole@base@UModSys@@@tl@UModSys@@2USUniquePointer@core@3@A@@YAXXZ 0000000140007310 f    CIL library: CIL module
 0001:0000631c       ??__F?s_id@?$TObjectUniqueID@UIParameters@core@UModSys@@@tl@UModSys@@2USUniquePointer@core@3@A@@YAXXZ 000000014000731c f    CIL library: CIL module
 0001:00006328       ??__F?s_id@?$TObjectUniqueID@UIRefObject@core@UModSys@@@tl@UModSys@@2USUniquePointer@core@3@A@@YAXXZ 0000000140007328 f    CIL library: CIL module
 0001:00006334       ??__F?s_id@?$TObjectUniqueID@UIRoot@core@UModSys@@@tl@UModSys@@2USUniquePointer@core@3@A@@YAXXZ 0000000140007334 f    CIL library: CIL module
 0001:00006340       ??__F?s_console@RConsole_std@rsystem@base@UModSys@@2U1234@A@@YAXXZ 0000000140007340 f    CIL library: CIL module
 0001:00006380       ??__F?s_sys@RSystem@rsystem@base@UModSys@@2U1234@A@@YAXXZ 0000000140007380 f    CIL library: CIL module
 0001:0000638c       ??__Frsys_dbg@rsystem@base@UModSys@@YAXXZ 000000014000738c f    CIL library: CIL module
 0001:000063b0       ??__FM@UModSys@@YAXXZ      00000001400073b0 f    CIL library: CIL module
 0001:000063b4       ??__F?root@SUniquePointer@core@UModSys@@2U123@A@@YAXXZ 00000001400073b4 f    CIL library: CIL module
