 umodsysc

 Timestamp is 5256d6e9 (Thu Oct 10 19:33:45 2013)

 Preferred load address is 0000000140000000

 Start         Length     Name                   Class
 0001:00000000 0000683cH .text                   CODE
 0001:00006840 0000005eH .text$00                CODE
 0001:000068a0 00000423H .text$x                 CODE
 0001:00006cc4 00000548H .text$yc                CODE
 0001:0000720c 0000025cH .text$yd                CODE
 0002:00000000 00000210H .idata$5                DATA
 0002:00000210 00000008H .CRT$XCA                DATA
 0002:00000218 00000008H .CRT$XCAA               DATA
 0002:00000220 00000178H .CRT$XCU                DATA
 0002:00000398 00000008H .CRT$XCZ                DATA
 0002:000003a0 00000008H .CRT$XIA                DATA
 0002:000003a8 00000008H .CRT$XIAA               DATA
 0002:000003b0 00000008H .CRT$XIY                DATA
 0002:000003b8 00000008H .CRT$XIZ                DATA
 0002:000003c0 00001570H .rdata                  DATA
 0002:00001930 00001064H .rdata$r                DATA
 0002:00002998 00000008H .rtc$IAA                DATA
 0002:000029a0 00000008H .rtc$IZZ                DATA
 0002:000029a8 00000008H .rtc$TAA                DATA
 0002:000029b0 00000008H .rtc$TZZ                DATA
 0002:000029b8 00000860H .xdata                  DATA
 0002:00003218 000000e4H .xdata$x                DATA
 0002:000032fc 00000028H .idata$2                DATA
 0002:00003324 00000014H .idata$3                DATA
 0002:00003338 00000210H .idata$4                DATA
 0002:00003548 00000412H .idata$6                DATA
 0002:00003960 00000055H .edata                  DATA
 0003:00000000 00000af4H .data                   DATA
 0003:00000b00 00002588H .bss                    DATA
 0004:00000000 00000a20H .pdata                  DATA

  Address         Publics by Value              Rva+Base               Lib:Object

 0000:00000000       ___safe_se_handler_count   0000000000000000     <absolute>
 0000:00000000       ___safe_se_handler_table   0000000000000000     <absolute>
 0000:00000000       __ImageBase                0000000140000000     <linker-defined>
 0001:00000000       main                       0000000140001000 f   umodsys.c_main.obj
 0001:000004a4       ??6SUniquePtrList@core@UModSys@@QEAAAEAU012@PEBUSUniquePointerInfo@12@@Z 00000001400014a4 f i umodsys_lib_libmedia:umodsys.mod.media.stdio.obj
 0001:0000055c       ?get_interface_info@RStreamReader_FILE@media@UModSys@@UEBAAEBUSUniquePointerInfo@core@3@XZ 000000014000155c f i umodsys_lib_libmedia:umodsys.mod.media.stdio.obj
 0001:00000564       ?get_interface_type@RStreamReader_FILE@media@UModSys@@UEBAPEBUSUniquePointerInfo@core@3@XZ 0000000140001564 f i umodsys_lib_libmedia:umodsys.mod.media.stdio.obj
 0001:0000056c       ?get_interface_types@RSystem@rsystem@base@UModSys@@UEBA_KAEAUSUniquePtrList@core@4@@Z 000000014000156c f i umodsys_lib_basesys:umodsys.basesys.rsystem_main.obj
 0001:0000056c       ?get_interface_types@RStdIo_Generator@media@UModSys@@UEBA_KAEAUSUniquePtrList@core@3@@Z 000000014000156c f i umodsys_lib_libmedia:umodsys.mod.media.stdio.obj
 0001:0000056c       ?get_interface_types@RStreamReader_FILE@media@UModSys@@UEBA_KAEAUSUniquePtrList@core@3@@Z 000000014000156c f i umodsys_lib_libmedia:umodsys.mod.media.stdio.obj
 0001:0000056c       ?get_interface_types@RModuleLibrarySO@rsystem@base@UModSys@@UEBA_KAEAUSUniquePtrList@core@4@@Z 000000014000156c f i umodsys_lib_basesys:umodsys.basesys.rmodulelibso.obj
 0001:0000056c       ?get_interface_types@RModule@rsystem@base@UModSys@@UEBA_KAEAUSUniquePtrList@core@4@@Z 000000014000156c f i umodsys_lib_basesys:umodsys.basesys.rmodule.obj
 0001:0000056c       ?get_interface_types@RParameters@rsystem@base@UModSys@@UEBA_KAEAUSUniquePtrList@core@4@@Z 000000014000156c f i umodsys_lib_basesys:umodsys.basesys.rparameters.obj
 0001:0000056c       ?get_interface_types@RModuleLibraryThis@rsystem@base@UModSys@@UEBA_KAEAUSUniquePtrList@core@4@@Z 000000014000156c f i umodsys_lib_basesys:umodsys.basesys.rmodulelibthis.obj
 0001:0000056c       ?get_interface_types@RConsole_std@rsystem@base@UModSys@@UEBA_KAEAUSUniquePtrList@core@4@@Z 000000014000156c f i umodsys_lib_basesys:umodsys.basesys.rconsole_std.obj
 0001:00000574       ?get_other_interface@RStreamReader_FILE@media@UModSys@@UEAAPEAUIRoot@core@3@PEBUSUniquePointerInfo@53@@Z 0000000140001574 f i umodsys_lib_libmedia:umodsys.mod.media.stdio.obj
 0001:00000574       ?get_other_interface@RStreamReader_FILE@media@UModSys@@UEBAPEBUIRoot@core@3@PEBUSUniquePointerInfo@53@@Z 0000000140001574 f i umodsys_lib_libmedia:umodsys.mod.media.stdio.obj
 0001:000005a4       ?suicide@RStreamReader_FILE@media@UModSys@@UEAAXXZ 00000001400015a4 f i umodsys_lib_libmedia:umodsys.mod.media.stdio.obj
 0001:000005fc       ?reader_seek@RStreamReader_FILE@media@UModSys@@UEAA_N_J@Z 00000001400015fc f i umodsys_lib_libmedia:umodsys.mod.media.stdio.obj
 0001:00000628       ?reader_seekend@RStreamReader_FILE@media@UModSys@@UEAA_N_J@Z 0000000140001628 f i umodsys_lib_libmedia:umodsys.mod.media.stdio.obj
 0001:00000658       ?reader_seekdelta@RStreamReader_FILE@media@UModSys@@UEAA_N_J@Z 0000000140001658 f i umodsys_lib_libmedia:umodsys.mod.media.stdio.obj
 0001:00000684       ?reader_pos@RStreamReader_FILE@media@UModSys@@UEAA_JXZ 0000000140001684 f i umodsys_lib_libmedia:umodsys.mod.media.stdio.obj
 0001:000006a0       ?get_module_count@IModuleLibraryUni@rsystem@base@UModSys@@UEBA_KXZ 00000001400016a0 f i umodsys_lib_basesys:umodsys.basesys.rmodulelib.obj
 0001:000006a0       ?reader_size@RStreamReader_FILE@media@UModSys@@UEAA_JXZ 00000001400016a0 f i umodsys_lib_libmedia:umodsys.mod.media.stdio.obj
 0001:000006a8       ?reader_read@RStreamReader_FILE@media@UModSys@@UEAA_NPEAX_K@Z 00000001400016a8 f i umodsys_lib_libmedia:umodsys.mod.media.stdio.obj
 0001:00000728       ?reader_close@RStreamReader_FILE@media@UModSys@@UEAAXXZ 0000000140001728 f i umodsys_lib_libmedia:umodsys.mod.media.stdio.obj
 0001:0000074c       ??_ERStreamReader_FILE@media@UModSys@@UEAAPEAXI@Z 000000014000174c f i  CIL library: CIL module
 0001:0000074c       ??_GRStreamReader_FILE@media@UModSys@@UEAAPEAXI@Z 000000014000174c f i umodsys_lib_libmedia:umodsys.mod.media.stdio.obj
 0001:00000788       ??_GIRoot@core@UModSys@@UEAAPEAXI@Z 0000000140001788 f i umodsys_lib_libmedia:umodsys.mod.media.stdio.obj
 0001:00000788       ??_GRStdIo_Generator@media@UModSys@@UEAAPEAXI@Z 0000000140001788 f i umodsys_lib_libmedia:umodsys.mod.media.stdio.obj
 0001:00000788       ??_EIRoot@core@UModSys@@UEAAPEAXI@Z 0000000140001788 f i  CIL library: CIL module
 0001:00000788       ??_ERParameters@rsystem@base@UModSys@@UEAAPEAXI@Z 0000000140001788 f i  CIL library: CIL module
 0001:00000788       ??_GRParameters@rsystem@base@UModSys@@UEAAPEAXI@Z 0000000140001788 f i umodsys_lib_basesys:umodsys.basesys.rparameters.obj
 0001:00000788       ??_ERStdIo_Generator@media@UModSys@@UEAAPEAXI@Z 0000000140001788 f i  CIL library: CIL module
 0001:00000798       ?get_generated_names@RStdIo_Generator@media@UModSys@@UEBAHAEAUSUniquePtrList@core@3@@Z 0000000140001798 f i umodsys_lib_libmedia:umodsys.mod.media.stdio.obj
 0001:000007b8       ?get_generated_types@RStdIo_Generator@media@UModSys@@UEBAHAEAUSUniquePtrList@core@3@PEBUSUniquePointerInfo@53@@Z 00000001400017b8 f i umodsys_lib_libmedia:umodsys.mod.media.stdio.obj
 0001:00000814       ?generate@RStdIo_Generator@media@UModSys@@UEAA_NAEAU?$TRefObject@UIRefObject@core@UModSys@@@tl@3@PEBUSUniquePointerInfo@core@3@AEBUSParameters@73@@Z 0000000140001814 f i umodsys_lib_libmedia:umodsys.mod.media.stdio.obj
 0001:00000984       ?get_interface_info@RStdIo_Generator@media@UModSys@@UEBAAEBUSUniquePointerInfo@core@3@XZ 0000000140001984 f i umodsys_lib_libmedia:umodsys.mod.media.stdio.obj
 0001:0000098c       ?get_interface_type@RStdIo_Generator@media@UModSys@@UEBAPEBUSUniquePointerInfo@core@3@XZ 000000014000198c f i umodsys_lib_libmedia:umodsys.mod.media.stdio.obj
 0001:00000994       ?get_other_interface@RStdIo_Generator@media@UModSys@@UEBAPEBUIRoot@core@3@PEBUSUniquePointerInfo@53@@Z 0000000140001994 f i umodsys_lib_libmedia:umodsys.mod.media.stdio.obj
 0001:00000994       ?get_other_interface@RStdIo_Generator@media@UModSys@@UEAAPEAUIRoot@core@3@PEBUSUniquePointerInfo@53@@Z 0000000140001994 f i umodsys_lib_libmedia:umodsys.mod.media.stdio.obj
 0001:000009cc       ?ref_add@RStreamReader_FILE@media@UModSys@@UEBAXXZ 00000001400019cc f i umodsys_lib_libmedia:umodsys.mod.media.stdio.obj
 0001:000009cc       ?ref_add@RStdIo_Generator@media@UModSys@@UEBAXXZ 00000001400019cc f i umodsys_lib_libmedia:umodsys.mod.media.stdio.obj
 0001:000009d0       ?ref_remove@RStdIo_Generator@media@UModSys@@UEBAXXZ 00000001400019d0 f i umodsys_lib_libmedia:umodsys.mod.media.stdio.obj
 0001:000009d0       ?ref_remove@RStreamReader_FILE@media@UModSys@@UEBAXXZ 00000001400019d0 f i umodsys_lib_libmedia:umodsys.mod.media.stdio.obj
 0001:000009e8       ?ref_links@RStdIo_Generator@media@UModSys@@UEBAHXZ 00000001400019e8 f i umodsys_lib_libmedia:umodsys.mod.media.stdio.obj
 0001:000009e8       ?ref_links@RStreamReader_FILE@media@UModSys@@UEBAHXZ 00000001400019e8 f i umodsys_lib_libmedia:umodsys.mod.media.stdio.obj
 0001:000009ec       ?get_uid@RStdIo_Generator@media@UModSys@@UEBAPEBUSUniquePointerInfo@core@3@XZ 00000001400019ec f i umodsys_lib_libmedia:umodsys.mod.media.stdio.obj
 0001:000009f4       ?do_open@RStdIo_ModuleReg@media@UModSys@@UEAA_NXZ 00000001400019f4 f i umodsys_lib_libmedia:umodsys.mod.media.stdio.obj
 0001:00000a60       ?do_close@RStdIo_ModuleReg@media@UModSys@@UEAA_NXZ 0000000140001a60 f i umodsys_lib_libmedia:umodsys.mod.media.stdio.obj
 0001:00000ac0       ?get_module@RStdIo_Generator@media@UModSys@@UEBAPEAUIModule@base@3@XZ 0000000140001ac0 f   umodsys_lib_libmedia:umodsys.mod.media.stdio.obj
 0001:00000ac8       ?mod_inc@RStdIo_Generator@media@UModSys@@UEBA_NXZ 0000000140001ac8 f   umodsys_lib_libmedia:umodsys.mod.media.stdio.obj
 0001:00000ad8       ?mod_dec@RStdIo_Generator@media@UModSys@@UEBA_NXZ 0000000140001ad8 f   umodsys_lib_libmedia:umodsys.mod.media.stdio.obj
 0001:00000ae8       ?s_holder@RStdIo_Generator@media@UModSys@@SAAEAU?$TTypeStaticHolder@URStdIo_Generator@media@UModSys@@@tl@3@XZ 0000000140001ae8 f   umodsys_lib_libmedia:umodsys.mod.media.stdio.obj
 0001:00000b2c       ??1?$TRefObject@URParameters@rsystem@base@UModSys@@@tl@UModSys@@QEAA@XZ 0000000140001b2c f i umodsys_lib_basesys:umodsys.basesys.rsystem_main.obj
 0001:00000b2c       ??1?$TRefObject@UIModuleLibraryUni@rsystem@base@UModSys@@@tl@UModSys@@QEAA@XZ 0000000140001b2c f i umodsys_lib_basesys:umodsys.basesys.rmodule.obj
 0001:00000b2c       ??1?$TRefObject@URStdIo_Generator@media@UModSys@@@tl@UModSys@@QEAA@XZ 0000000140001b2c f i umodsys_lib_libmedia:umodsys.mod.media.stdio.obj
 0001:00000b2c       ??1?$TRefObject@UIShell@base@UModSys@@@tl@UModSys@@QEAA@XZ 0000000140001b2c f i umodsys_lib_basesys:umodsys.basesys.rsystem_tests.obj
 0001:00000b2c       ??1?$TRefObject@URModuleLibrarySO@rsystem@base@UModSys@@@tl@UModSys@@QEAA@XZ 0000000140001b2c f i umodsys_lib_basesys:umodsys.basesys.rmoduleloader.obj
 0001:00000b2c       ??1?$TRefObject@UIRefObject@core@UModSys@@@tl@UModSys@@QEAA@XZ 0000000140001b2c f i umodsys_lib_basesys:umodsys.basesys.rsystem_tests.obj
 0001:00000b2c       ??1?$TRefObject@URStreamReader_FILE@media@UModSys@@@tl@UModSys@@QEAA@XZ 0000000140001b2c f i umodsys_lib_libmedia:umodsys.mod.media.stdio.obj
 0001:00000b50       ?get_interface_info@RConsole_std@rsystem@base@UModSys@@UEBAAEBUSUniquePointerInfo@core@4@XZ 0000000140001b50 f i umodsys_lib_basesys:umodsys.basesys.rconsole_std.obj
 0001:00000b58       ?get_interface_type@RConsole_std@rsystem@base@UModSys@@UEBAPEBUSUniquePointerInfo@core@4@XZ 0000000140001b58 f i umodsys_lib_basesys:umodsys.basesys.rconsole_std.obj
 0001:00000b60       ?get_other_interface@RConsole_std@rsystem@base@UModSys@@UEAAPEAUIRoot@core@4@PEBUSUniquePointerInfo@64@@Z 0000000140001b60 f i umodsys_lib_basesys:umodsys.basesys.rconsole_std.obj
 0001:00000b60       ?get_other_interface@RConsole_std@rsystem@base@UModSys@@UEBAPEBUIRoot@core@4@PEBUSUniquePointerInfo@64@@Z 0000000140001b60 f i umodsys_lib_basesys:umodsys.basesys.rconsole_std.obj
 0001:00000b90       ?vput@RConsole_std@rsystem@base@UModSys@@UEAA_NHPEBDPEAD@Z 0000000140001b90 f   umodsys_lib_basesys:umodsys.basesys.rconsole_std.obj
 0001:00000bf4       ?put@RConsole_std@rsystem@base@UModSys@@UEAA_NHPEBDZZ 0000000140001bf4 f   umodsys_lib_basesys:umodsys.basesys.rconsole_std.obj
 0001:00000c50       ?get_c@RConsole_std@rsystem@base@UModSys@@UEAA_NPEAHPEBDZZ 0000000140001c50 f   umodsys_lib_basesys:umodsys.basesys.rconsole_std.obj
 0001:00000c58       ?moduledb_load@RModuleLoader@rsystem@base@UModSys@@UEAA_NAEBU?$TString@U?$TSCoreConst@D@su@tl@UModSys@@U?$TComparerBinaryHash@D@234@@tl@4@@Z 0000000140001c58 f   umodsys_lib_basesys:umodsys.basesys.rmoduleloader.obj
 0001:00000c58       ?moduledb_lib_drop@RModuleLoader@rsystem@base@UModSys@@UEAA_NPEAUIModuleLibrary@34@@Z 0000000140001c58 f   umodsys_lib_basesys:umodsys.basesys.rmoduleloader.obj
 0001:00000c58       ?get_s@RConsole_std@rsystem@base@UModSys@@UEAA_NPEAD_KPEBDZZ 0000000140001c58 f   umodsys_lib_basesys:umodsys.basesys.rconsole_std.obj
 0001:00000c58       ?vget_c@RConsole_std@rsystem@base@UModSys@@UEAA_NPEAHPEBDPEAD@Z 0000000140001c58 f   umodsys_lib_basesys:umodsys.basesys.rconsole_std.obj
 0001:00000c58       ?vget_s@RConsole_std@rsystem@base@UModSys@@UEAA_NPEAD_KPEBD0@Z 0000000140001c58 f   umodsys_lib_basesys:umodsys.basesys.rconsole_std.obj
 0001:00000c5c       ?reflect@RConsole_std@rsystem@base@UModSys@@QEAA_NPEBD@Z 0000000140001c5c f   umodsys_lib_basesys:umodsys.basesys.rconsole_std.obj
 0001:00000cc0       ??_GRConsole_std@rsystem@base@UModSys@@UEAAPEAXI@Z 0000000140001cc0 f i umodsys_lib_basesys:umodsys.basesys.rconsole_std.obj
 0001:00000cc0       ??_ERConsole_std@rsystem@base@UModSys@@UEAAPEAXI@Z 0000000140001cc0 f i  CIL library: CIL module
 0001:00000cfc       ?decode_error@EExceptionBase@core@UModSys@@UEBAHPEAD_K@Z 0000000140001cfc f i umodsys_lib_basesys:umodsys.basesys.rsystem_main.obj
 0001:00000d38       ?decode_error@EFatal@core@UModSys@@UEBAHPEAD_K@Z 0000000140001d38 f i umodsys_lib_basesys:umodsys.basesys.rsystem_main.obj
 0001:00000d74       ??_GEExceptionBase@core@UModSys@@UEAAPEAXI@Z 0000000140001d74 f i umodsys_lib_basesys:umodsys.basesys.rsystem_main.obj
 0001:00000d74       ??_GEFatal@core@UModSys@@UEAAPEAXI@Z 0000000140001d74 f i umodsys_lib_basesys:umodsys.basesys.rsystem_main.obj
 0001:00000d74       ??_EEWarning@core@UModSys@@UEAAPEAXI@Z 0000000140001d74 f i  CIL library: CIL module
 0001:00000d74       ??_GEWarning@core@UModSys@@UEAAPEAXI@Z 0000000140001d74 f i umodsys_lib_basesys:umodsys.basesys.rsystem_main.obj
 0001:00000d74       ??_EEExceptionBase@core@UModSys@@UEAAPEAXI@Z 0000000140001d74 f i  CIL library: CIL module
 0001:00000d74       ??_EEFatal@core@UModSys@@UEAAPEAXI@Z 0000000140001d74 f i  CIL library: CIL module
 0001:00000d9c       ??1EFatal@core@UModSys@@UEAA@XZ 0000000140001d9c f i umodsys_lib_basesys:umodsys.basesys.rsystem_main.obj
 0001:00000d9c       ??1EWarning@core@UModSys@@UEAA@XZ 0000000140001d9c f i umodsys_lib_basesys:umodsys.basesys.rsystem_main.obj
 0001:00000da8       ?decode_error@EWarning@core@UModSys@@UEBAHPEAD_K@Z 0000000140001da8 f i umodsys_lib_basesys:umodsys.basesys.rsystem_main.obj
 0001:00000de4       ?get_interface_info@RSystem@rsystem@base@UModSys@@UEBAAEBUSUniquePointerInfo@core@4@XZ 0000000140001de4 f i umodsys_lib_basesys:umodsys.basesys.rsystem_main.obj
 0001:00000dec       ?get_interface_type@RSystem@rsystem@base@UModSys@@UEBAPEBUSUniquePointerInfo@core@4@XZ 0000000140001dec f i umodsys_lib_basesys:umodsys.basesys.rsystem_main.obj
 0001:00000df4       ?get_other_interface@RSystem@rsystem@base@UModSys@@UEAAPEAUIRoot@core@4@PEBUSUniquePointerInfo@64@@Z 0000000140001df4 f i umodsys_lib_basesys:umodsys.basesys.rsystem_main.obj
 0001:00000df4       ?get_other_interface@RSystem@rsystem@base@UModSys@@UEBAPEBUIRoot@core@4@PEBUSUniquePointerInfo@64@@Z 0000000140001df4 f i umodsys_lib_basesys:umodsys.basesys.rsystem_main.obj
 0001:00000e14       ??_ERSystem@rsystem@base@UModSys@@UEAAPEAXI@Z 0000000140001e14 f i  CIL library: CIL module
 0001:00000e14       ??_GRSystem@rsystem@base@UModSys@@UEAAPEAXI@Z 0000000140001e14 f i umodsys_lib_basesys:umodsys.basesys.rsystem_main.obj
 0001:00000e2c       ??1RSystem@rsystem@base@UModSys@@UEAA@XZ 0000000140001e2c f   umodsys_lib_basesys:umodsys.basesys.rsystem_main.obj
 0001:00000f74       ?dbg_put@rsystem@base@UModSys@@YAXW4eRSystemDebugLevels@123@PEBDZZ 0000000140001f74 f   umodsys_lib_basesys:umodsys.basesys.rsystem_main.obj
 0001:00000fb8       ?err_put@rsystem@base@UModSys@@YAXW4eRSystemDebugLevels@123@PEBDZZ 0000000140001fb8 f   umodsys_lib_basesys:umodsys.basesys.rsystem_main.obj
 0001:00000ffc       ??1?$TStaticStringPool@DU?$TComparerBinaryHash@D@su@tl@UModSys@@USMemAlloc_Malloc@core@4@@tl@UModSys@@QEAA@XZ 0000000140001ffc f i umodsys_lib_basesys:umodsys.basesys.rsystem_main.obj
 0001:00001004       ??1?$TQuantArrayUnique@USUniquePointerInfo@core@UModSys@@$0BAA@USMemAlloc_Malloc@23@@tl@UModSys@@QEAA@XZ 0000000140002004 f i umodsys_lib_basesys:umodsys.basesys.rsystem_main.obj
 0001:0000107c       ??1?$TTreeHoldRBD@U?$TQuantArrayNode@USSourceContext@core@UModSys@@$0BAA@@tl@UModSys@@U?$TNodeDeleter@U?$TQuantArrayNode@USSourceContext@core@UModSys@@$0BAA@@tl@UModSys@@USMemAlloc_Malloc@core@3@@23@@tl@UModSys@@QEAA@XZ 000000014000207c f i umodsys_lib_basesys:umodsys.basesys.rsystem_main.obj
 0001:0000107c       ??1?$TTreeHoldRBD@U?$TQuantArrayNode@USUniquePointerInfo@core@UModSys@@$0BAA@@tl@UModSys@@U?$TNodeDeleter@U?$TQuantArrayNode@USUniquePointerInfo@core@UModSys@@$0BAA@@tl@UModSys@@USMemAlloc_Malloc@core@3@@23@@tl@UModSys@@QEAA@XZ 000000014000207c f i umodsys_lib_basesys:umodsys.basesys.rsystem_main.obj
 0001:000010e4       ?mem_alloc@?$TRMemAlloc_CC@U?$TMemAllocHeader@USMagic@mem_headers@rsystem@base@UModSys@@U?$TPool@X@2345@USDebug@2345@UVoid@core@5@@rsystem@base@UModSys@@USMemAlloc_Malloc@core@4@@rsystem@base@UModSys@@UEAAPEAX_KPEBUSSourceContext@core@4@@Z 00000001400020e4 f i umodsys_lib_basesys:umodsys.basesys.rsystem_main.obj
 0001:00001134       ?mem_realloc@?$TRMemAlloc_CC@U?$TMemAllocHeader@USMagic@mem_headers@rsystem@base@UModSys@@U?$TPool@X@2345@USDebug@2345@UVoid@core@5@@rsystem@base@UModSys@@USMemAlloc_Malloc@core@4@@rsystem@base@UModSys@@UEAAPEAXPEAX_KPEBUSSourceContext@core@4@@Z 0000000140002134 f i umodsys_lib_basesys:umodsys.basesys.rsystem_main.obj
 0001:000013b8       ?mem_free@?$TRMemAlloc_CC@U?$TMemAllocHeader@USMagic@mem_headers@rsystem@base@UModSys@@U?$TPool@X@2345@USDebug@2345@UVoid@core@5@@rsystem@base@UModSys@@USMemAlloc_Malloc@core@4@@rsystem@base@UModSys@@UEAAXPEAXPEBUSSourceContext@core@4@@Z 00000001400023b8 f i umodsys_lib_basesys:umodsys.basesys.rsystem_main.obj
 0001:000014d0       ?free@?$TStaticStringPool@DU?$TComparerBinaryHash@D@su@tl@UModSys@@USMemAlloc_Malloc@core@4@@tl@UModSys@@QEAAXXZ 00000001400024d0 f i umodsys_lib_basesys:umodsys.basesys.rsystem_main.obj
 0001:00001524       ??$process_nodes_r@U?$TNodeDeleter@U?$TQuantArrayNode@USUniquePointerInfo@core@UModSys@@$0BAA@@tl@UModSys@@USMemAlloc_Malloc@core@3@@tl@UModSys@@@?$TTreeHoldRB@U?$TQuantArrayNode@USUniquePointerInfo@core@UModSys@@$0BAA@@tl@UModSys@@@tl@UModSys@@KAHPEAU?$TQuantArrayNode@USUniquePointerInfo@core@UModSys@@$0BAA@@12@AEBU?$TNodeDeleter@U?$TQuantArrayNode@USUniquePointerInfo@core@UModSys@@$0BAA@@tl@UModSys@@USMemAlloc_Malloc@core@3@@12@@Z 0000000140002524 f i umodsys_lib_basesys:umodsys.basesys.rsystem_main.obj
 0001:00001524       ??$process_nodes_r@U?$TNodeDeleter@U?$TQuantArrayNode@USSourceContext@core@UModSys@@$0BAA@@tl@UModSys@@USMemAlloc_Malloc@core@3@@tl@UModSys@@@?$TTreeHoldRB@U?$TQuantArrayNode@USSourceContext@core@UModSys@@$0BAA@@tl@UModSys@@@tl@UModSys@@KAHPEAU?$TQuantArrayNode@USSourceContext@core@UModSys@@$0BAA@@12@AEBU?$TNodeDeleter@U?$TQuantArrayNode@USSourceContext@core@UModSys@@$0BAA@@tl@UModSys@@USMemAlloc_Malloc@core@3@@12@@Z 0000000140002524 f i umodsys_lib_basesys:umodsys.basesys.rsystem_main.obj
 0001:00001588       ??0EFatal@core@UModSys@@QEAA@AEBU012@@Z 0000000140002588 f i umodsys_lib_basesys:umodsys.basesys.rsystem_main.obj
 0001:000015c8       ??0EExceptionBase@core@UModSys@@QEAA@AEBU012@@Z 00000001400025c8 f i umodsys_lib_basesys:umodsys.basesys.rsystem_main.obj
 0001:000015fc       ??0EWarning@core@UModSys@@QEAA@AEBU012@@Z 00000001400025fc f i umodsys_lib_basesys:umodsys.basesys.rsystem_main.obj
 0001:0000163c       ?exec_test_shells@RSystem@rsystem@base@UModSys@@QEAA_NXZ 000000014000263c f   umodsys_lib_basesys:umodsys.basesys.rsystem_tests.obj
 0001:0000181c       ??1?$TParametersA@$0EAA@@core@UModSys@@QEAA@XZ 000000014000281c f i umodsys_lib_basesys:umodsys.basesys.rsystem_tests.obj
 0001:00001838       ?moduledb_findobjname@RModuleLoader@rsystem@base@UModSys@@UEAA_KPEBUSUniquePointerInfo@core@4@QEAPEBU564@_K@Z 0000000140002838 f   umodsys_lib_basesys:umodsys.basesys.rmoduleloader.obj
 0001:000018d0       ?moduledb_generate@RModuleLoader@rsystem@base@UModSys@@UEAA_NAEAU?$TRefObject@UIRefObject@core@UModSys@@@tl@4@PEBUSUniquePointerInfo@core@4@AEBUSParameters@84@@Z 00000001400028d0 f   umodsys_lib_basesys:umodsys.basesys.rmoduleloader.obj
 0001:0000195c       ?moduledb_lib_count@RModuleLoader@rsystem@base@UModSys@@UEAA_KXZ 000000014000295c f   umodsys_lib_basesys:umodsys.basesys.rmoduleloader.obj
 0001:00001964       ?moduledb_lib_get@RModuleLoader@rsystem@base@UModSys@@UEBAPEAUIModuleLibrary@34@_K@Z 0000000140002964 f   umodsys_lib_basesys:umodsys.basesys.rmoduleloader.obj
 0001:00001984       ?moduledb_module_count@RModuleLoader@rsystem@base@UModSys@@UEAA_KXZ 0000000140002984 f   umodsys_lib_basesys:umodsys.basesys.rmoduleloader.obj
 0001:000019b4       ?moduledb_module_get@RModuleLoader@rsystem@base@UModSys@@UEBAPEAUIModule@34@_K@Z 00000001400029b4 f   umodsys_lib_basesys:umodsys.basesys.rmoduleloader.obj
 0001:00001a00       ?moduledb_find@RModuleLoader@rsystem@base@UModSys@@UEBAPEAUIModule@34@AEBU?$TString@U?$TSCoreConst@D@su@tl@UModSys@@U?$TComparerBinaryHash@D@234@@tl@4@AEBUSVersion@core@4@@Z 0000000140002a00 f   umodsys_lib_basesys:umodsys.basesys.rmoduleloader.obj
 0001:00001b38       ?moduledb_clear@RModuleLoader@rsystem@base@UModSys@@UEAAXXZ 0000000140002b38 f   umodsys_lib_basesys:umodsys.basesys.rmoduleloader.obj
 0001:00001be4       ?moduledb_cleanup@RModuleLoader@rsystem@base@UModSys@@UEAA_KXZ 0000000140002be4 f   umodsys_lib_basesys:umodsys.basesys.rmoduleloader.obj
 0001:00001d50       ?moduledb_save@RModuleLoader@rsystem@base@UModSys@@UEAA_NAEBU?$TString@U?$TSCoreConst@D@su@tl@UModSys@@U?$TComparerBinaryHash@D@234@@tl@4@@Z 0000000140002d50 f   umodsys_lib_basesys:umodsys.basesys.rmoduleloader.obj
 0001:00001e00       ?moduledb_scan@RModuleLoader@rsystem@base@UModSys@@UEAA_KAEBU?$TString@U?$TSCoreConst@D@su@tl@UModSys@@U?$TComparerBinaryHash@D@234@@tl@4@_N@Z 0000000140002e00 f   umodsys_lib_basesys:umodsys.basesys.rmoduleloader.obj
 0001:00001f74       ?moduledb_get_string@RModuleLoader@rsystem@base@UModSys@@UEAAAEBU?$TString@U?$TSCoreConst@D@su@tl@UModSys@@U?$TComparerBinaryHash@D@234@@tl@4@AEBU564@@Z 0000000140002f74 f   umodsys_lib_basesys:umodsys.basesys.rmoduleloader.obj
 0001:00001fb0       ??_GRModuleLoader@rsystem@base@UModSys@@UEAAPEAXI@Z 0000000140002fb0 f i umodsys_lib_basesys:umodsys.basesys.rmoduleloader.obj
 0001:00001fb0       ??_ERModuleLoader@rsystem@base@UModSys@@UEAAPEAXI@Z 0000000140002fb0 f i  CIL library: CIL module
 0001:00001fe0       ??_GIModuleLoader@base@UModSys@@UEAAPEAXI@Z 0000000140002fe0 f i umodsys_lib_basesys:umodsys.basesys.rmoduleloader.obj
 0001:00001fe0       ??_EIModuleLoader@base@UModSys@@UEAAPEAXI@Z 0000000140002fe0 f i  CIL library: CIL module
 0001:00002008       ??1RModuleLoader@rsystem@base@UModSys@@UEAA@XZ 0000000140003008 f   umodsys_lib_basesys:umodsys.basesys.rmoduleloader.obj
 0001:000020a0       ??1?$TDynarrayDynamic@U?$TRefObject@URModuleLibrarySO@rsystem@base@UModSys@@@tl@UModSys@@U?$TAllocator@USMemAlloc_Malloc@core@UModSys@@USCountCalcPower2@23@@23@@tl@UModSys@@QEAA@XZ 00000001400030a0 f i umodsys_lib_basesys:umodsys.basesys.rmoduleloader.obj
 0001:000020e8       ?Resize@?$TDynarray@U?$TDynarrayHolderDynamic@U?$TRefObject@URModuleLibrarySO@rsystem@base@UModSys@@@tl@UModSys@@U?$TAllocator@USMemAlloc_Malloc@core@UModSys@@USCountCalcPower2@23@@23@@tl@UModSys@@@tl@UModSys@@QEAA_N_K@Z 00000001400030e8 f i umodsys_lib_basesys:umodsys.basesys.rmoduleloader.obj
 0001:000020e8       ?Resize@?$TDynarray@U?$TDynarrayHolderDynamic@U?$TRefObject@URModule@rsystem@base@UModSys@@@tl@UModSys@@U?$TAllocator@USMemAlloc_Malloc@core@UModSys@@USCountCalcPower2@23@@23@@tl@UModSys@@@tl@UModSys@@QEAA_N_K@Z 00000001400030e8 f i umodsys_lib_basesys:umodsys.basesys.rmodulelib.obj
 0001:000021d8       ?append@?$TStaticStringPool@DU?$TComparerBinaryHash@D@su@tl@UModSys@@USMemAlloc_Malloc@core@4@@tl@UModSys@@QEAAPEBU?$TString@U?$TSCoreConst@D@su@tl@UModSys@@U?$TComparerBinaryHash@D@234@@23@PEBD_K@Z 00000001400031d8 f i umodsys_lib_basesys:umodsys.basesys.rmoduleloader.obj
 0001:000024b4       ?get_interface_info@RModuleLibraryThis@rsystem@base@UModSys@@UEBAAEBUSUniquePointerInfo@core@4@XZ 00000001400034b4 f i umodsys_lib_basesys:umodsys.basesys.rmodulelibthis.obj
 0001:000024bc       ?get_interface_type@RModuleLibraryThis@rsystem@base@UModSys@@UEBAPEBUSUniquePointerInfo@core@4@XZ 00000001400034bc f i umodsys_lib_basesys:umodsys.basesys.rmodulelibthis.obj
 0001:000024c4       ?get_other_interface@RModuleLibraryThis@rsystem@base@UModSys@@UEBAPEBUIRoot@core@4@PEBUSUniquePointerInfo@64@@Z 00000001400034c4 f i umodsys_lib_basesys:umodsys.basesys.rmodulelibthis.obj
 0001:000024c4       ?get_other_interface@RModuleLibraryThis@rsystem@base@UModSys@@UEAAPEAUIRoot@core@4@PEBUSUniquePointerInfo@64@@Z 00000001400034c4 f i umodsys_lib_basesys:umodsys.basesys.rmodulelibthis.obj
 0001:000024fc       ?ref_add@RModuleLibraryThis@rsystem@base@UModSys@@UEBAXXZ 00000001400034fc f i umodsys_lib_basesys:umodsys.basesys.rmodulelibthis.obj
 0001:00002500       ?ref_remove@RModuleLibraryThis@rsystem@base@UModSys@@UEBAXXZ 0000000140003500 f i umodsys_lib_basesys:umodsys.basesys.rmodulelibthis.obj
 0001:00002518       ?ref_links@RModuleLibraryThis@rsystem@base@UModSys@@UEBAHXZ 0000000140003518 f i umodsys_lib_basesys:umodsys.basesys.rmodulelibthis.obj
 0001:0000251c       ?suicide@RModuleLibraryThis@rsystem@base@UModSys@@UEAAXXZ 000000014000351c f i umodsys_lib_basesys:umodsys.basesys.rmodulelibthis.obj
 0001:00002544       ?uni_load@RModuleLibraryThis@rsystem@base@UModSys@@UEAA_NXZ 0000000140003544 f   umodsys_lib_basesys:umodsys.basesys.rmodulelibthis.obj
 0001:00002554       ?uni_open@RModuleLibraryThis@rsystem@base@UModSys@@UEAA_NXZ 0000000140003554 f   umodsys_lib_basesys:umodsys.basesys.rmodulelibthis.obj
 0001:00002554       ?uni_close@RModuleLibraryThis@rsystem@base@UModSys@@UEAA_NXZ 0000000140003554 f   umodsys_lib_basesys:umodsys.basesys.rmodulelibthis.obj
 0001:00002554       ?uni_unload@RModuleLibraryThis@rsystem@base@UModSys@@UEAA_NXZ 0000000140003554 f   umodsys_lib_basesys:umodsys.basesys.rmodulelibthis.obj
 0001:00002558       ??_GRModuleLibraryThis@rsystem@base@UModSys@@UEAAPEAXI@Z 0000000140003558 f i umodsys_lib_basesys:umodsys.basesys.rmodulelibthis.obj
 0001:00002558       ??_ERModuleLibraryThis@rsystem@base@UModSys@@UEAAPEAXI@Z 0000000140003558 f i  CIL library: CIL module
 0001:00002590       ?get_sys_libname@IModuleLibraryUni@rsystem@base@UModSys@@UEBA?AU?$TString@U?$TSCoreConst@D@su@tl@UModSys@@U?$TComparerBinaryHash@D@234@@tl@4@XZ 0000000140003590 f   umodsys_lib_basesys:umodsys.basesys.rmodulelib.obj
 0001:000025a0       ?get_privmem@IModuleLibraryUni@rsystem@base@UModSys@@UEBAPEAUIMemAlloc@core@4@XZ 00000001400035a0 f   umodsys_lib_basesys:umodsys.basesys.rmodulelib.obj
 0001:000025a8       ?get_system@IModuleLibraryUni@rsystem@base@UModSys@@UEBAPEAUISystem@34@XZ 00000001400035a8 f   umodsys_lib_basesys:umodsys.basesys.rmodulelib.obj
 0001:000025b0       ?get_module@IModuleLibraryUni@rsystem@base@UModSys@@UEBAPEAUIModule@34@_K@Z 00000001400035b0 f   umodsys_lib_basesys:umodsys.basesys.rmodulelib.obj
 0001:000025c4       ?lib_loaded@IModuleLibraryUni@rsystem@base@UModSys@@UEBA_NXZ 00000001400035c4 f   umodsys_lib_basesys:umodsys.basesys.rmodulelib.obj
 0001:000025d0       ?lib_load@IModuleLibraryUni@rsystem@base@UModSys@@UEAA_NXZ 00000001400035d0 f   umodsys_lib_basesys:umodsys.basesys.rmodulelib.obj
 0001:000025fc       ?lib_unload@IModuleLibraryUni@rsystem@base@UModSys@@UEAA_NXZ 00000001400035fc f   umodsys_lib_basesys:umodsys.basesys.rmodulelib.obj
 0001:00002610       ?lib_free@IModuleLibraryUni@rsystem@base@UModSys@@UEAA_NXZ 0000000140003610 f   umodsys_lib_basesys:umodsys.basesys.rmodulelib.obj
 0001:00002630       ?lib_findobjname@IModuleLibraryUni@rsystem@base@UModSys@@UEAA_KPEBUSUniquePointerInfo@core@4@QEAPEBU564@_K@Z 0000000140003630 f   umodsys_lib_basesys:umodsys.basesys.rmodulelib.obj
 0001:000026c0       ?lib_generate@IModuleLibraryUni@rsystem@base@UModSys@@UEAA_NAEAU?$TRefObject@UIRefObject@core@UModSys@@@tl@4@PEBUSUniquePointerInfo@core@4@AEBUSParameters@84@@Z 00000001400036c0 f   umodsys_lib_basesys:umodsys.basesys.rmodulelib.obj
 0001:0000273c       ?cleanup@IModuleLibraryUni@rsystem@base@UModSys@@QEAA_KXZ 000000014000373c f   umodsys_lib_basesys:umodsys.basesys.rmodulelib.obj
 0001:00002778       ?load0@IModuleLibraryUni@rsystem@base@UModSys@@QEAA_NXZ 0000000140003778 f   umodsys_lib_basesys:umodsys.basesys.rmodulelib.obj
 0001:000027cc       ?link@IModuleLibraryUni@rsystem@base@UModSys@@QEAA_NXZ 00000001400037cc f   umodsys_lib_basesys:umodsys.basesys.rmodulelib.obj
 0001:00002abc       ?unlink@IModuleLibraryUni@rsystem@base@UModSys@@QEAA_NXZ 0000000140003abc f   umodsys_lib_basesys:umodsys.basesys.rmodulelib.obj
 0001:00002b0c       ?scan@IModuleLibraryUni@rsystem@base@UModSys@@QEAA_NXZ 0000000140003b0c f   umodsys_lib_basesys:umodsys.basesys.rmodulelib.obj
 0001:00002b80       ?save_db@IModuleLibraryUni@rsystem@base@UModSys@@QEAA_NPEAU_iobuf@@@Z 0000000140003b80 f   umodsys_lib_basesys:umodsys.basesys.rmodulelib.obj
 0001:00002c08       ??_EIModuleLibraryUni@rsystem@base@UModSys@@UEAAPEAXI@Z 0000000140003c08 f i  CIL library: CIL module
 0001:00002c08       ??_GIModuleLibraryUni@rsystem@base@UModSys@@UEAAPEAXI@Z 0000000140003c08 f i umodsys_lib_basesys:umodsys.basesys.rmodulelib.obj
 0001:00002c20       ??1IModuleLibraryUni@rsystem@base@UModSys@@UEAA@XZ 0000000140003c20 f   umodsys_lib_basesys:umodsys.basesys.rmodulelib.obj
 0001:00002cc8       ?upi_add@RSystem@rsystem@base@UModSys@@UEAAPEBUSUniquePointerInfo@core@4@PEBU564@@Z 0000000140003cc8 f   umodsys_lib_basesys:umodsys.basesys.rsystem.obj
 0001:00002df8       ?upi_remove@RSystem@rsystem@base@UModSys@@UEAAHPEBUSUniquePointerInfo@core@4@@Z 0000000140003df8 f   umodsys_lib_basesys:umodsys.basesys.rsystem.obj
 0001:00002dfc       ?persist_ctx@RSystem@rsystem@base@UModSys@@UEAAPEBUSSourceContext@core@4@PEBU564@@Z 0000000140003dfc f   umodsys_lib_basesys:umodsys.basesys.rsystem.obj
 0001:00002f2c       ?get_params@RSystem@rsystem@base@UModSys@@UEAAPEAUIParameters@core@4@XZ 0000000140003f2c f   umodsys_lib_basesys:umodsys.basesys.rsystem.obj
 0001:00002f34       ?get_console@RSystem@rsystem@base@UModSys@@UEAAPEAUIConsole@34@XZ 0000000140003f34 f   umodsys_lib_basesys:umodsys.basesys.rsystem.obj
 0001:00002f3c       ?get_sysmem@RSystem@rsystem@base@UModSys@@UEAAPEAUIMemAlloc@core@4@XZ 0000000140003f3c f   umodsys_lib_basesys:umodsys.basesys.rsystem.obj
 0001:00002f44       ?get_sharemem@RSystem@rsystem@base@UModSys@@UEAAPEAUIMemAlloc@core@4@XZ 0000000140003f44 f   umodsys_lib_basesys:umodsys.basesys.rsystem.obj
 0001:00002f4c       ?get_modloader@RSystem@rsystem@base@UModSys@@UEAAPEAUIModuleLoader@34@XZ 0000000140003f4c f   umodsys_lib_basesys:umodsys.basesys.rsystem.obj
 0001:00002f54       ?get_upr@RSystem@rsystem@base@UModSys@@UEAAPEAUIUniquePointerResolver@core@4@XZ 0000000140003f54 f   umodsys_lib_basesys:umodsys.basesys.rsystem.obj
 0001:00002f60       ?get_sca@RSystem@rsystem@base@UModSys@@UEAAPEAUISourceContextAdapter@core@4@XZ 0000000140003f60 f   umodsys_lib_basesys:umodsys.basesys.rsystem.obj
 0001:00002f6c       ?find@?$TQuantArrayUnique@USSourceContext@core@UModSys@@$0BAA@USMemAlloc_Malloc@23@@tl@UModSys@@QEAAPEBUSSourceContext@core@3@AEBU453@@Z 0000000140003f6c f i umodsys_lib_basesys:umodsys.basesys.rsystem.obj
 0001:00002f6c       ?find@?$TQuantArrayUnique@USUniquePointerInfo@core@UModSys@@$0BAA@USMemAlloc_Malloc@23@@tl@UModSys@@QEAAPEBUSUniquePointerInfo@core@3@AEBU453@@Z 0000000140003f6c f i umodsys_lib_basesys:umodsys.basesys.rsystem.obj
 0001:00003048       ?add@?$TQuantArrayUnique@USUniquePointerInfo@core@UModSys@@$0BAA@USMemAlloc_Malloc@23@@tl@UModSys@@QEAAPEAUSUniquePointerInfo@core@3@AEBU453@@Z 0000000140004048 f i umodsys_lib_basesys:umodsys.basesys.rsystem.obj
 0001:00003048       ?add@?$TQuantArrayUnique@USSourceContext@core@UModSys@@$0BAA@USMemAlloc_Malloc@23@@tl@UModSys@@QEAAPEAUSSourceContext@core@3@AEBU453@@Z 0000000140004048 f i umodsys_lib_basesys:umodsys.basesys.rsystem.obj
 0001:00003188       ?s_last@?$TQuantArrayUnique@USUniquePointerInfo@core@UModSys@@$0BAA@USMemAlloc_Malloc@23@@tl@UModSys@@KAHPEBU?$TQuantArrayNode@USUniquePointerInfo@core@UModSys@@$0BAA@@23@0@Z 0000000140004188 f i umodsys_lib_basesys:umodsys.basesys.rsystem.obj
 0001:00003188       ?s_last@?$TQuantArrayUnique@USSourceContext@core@UModSys@@$0BAA@USMemAlloc_Malloc@23@@tl@UModSys@@KAHPEBU?$TQuantArrayNode@USSourceContext@core@UModSys@@$0BAA@@23@0@Z 0000000140004188 f i umodsys_lib_basesys:umodsys.basesys.rsystem.obj
 0001:00003190       ??$insert_node_m@P6AHPEBU?$TQuantArrayNode@USUniquePointerInfo@core@UModSys@@$0BAA@@tl@UModSys@@0@Z@?$TTreeHoldRB@U?$TQuantArrayNode@USUniquePointerInfo@core@UModSys@@$0BAA@@tl@UModSys@@@tl@UModSys@@QEAAPEAU?$TQuantArrayNode@USUniquePointerInfo@core@UModSys@@$0BAA@@12@PEAU312@P6AHPEBU312@1@Z@Z 0000000140004190 f i umodsys_lib_basesys:umodsys.basesys.rsystem.obj
 0001:00003190       ??$insert_node_m@P6AHPEBU?$TQuantArrayNode@USSourceContext@core@UModSys@@$0BAA@@tl@UModSys@@0@Z@?$TTreeHoldRB@U?$TQuantArrayNode@USSourceContext@core@UModSys@@$0BAA@@tl@UModSys@@@tl@UModSys@@QEAAPEAU?$TQuantArrayNode@USSourceContext@core@UModSys@@$0BAA@@12@PEAU312@P6AHPEBU312@1@Z@Z 0000000140004190 f i umodsys_lib_basesys:umodsys.basesys.rsystem.obj
 0001:00003394       ?get_interface_info@RParameters@rsystem@base@UModSys@@UEBAAEBUSUniquePointerInfo@core@4@XZ 0000000140004394 f i umodsys_lib_basesys:umodsys.basesys.rparameters.obj
 0001:0000339c       ?get_interface_type@RParameters@rsystem@base@UModSys@@UEBAPEBUSUniquePointerInfo@core@4@XZ 000000014000439c f i umodsys_lib_basesys:umodsys.basesys.rparameters.obj
 0001:000033a4       ?get_other_interface@RParameters@rsystem@base@UModSys@@UEBAPEBUIRoot@core@4@PEBUSUniquePointerInfo@64@@Z 00000001400043a4 f i umodsys_lib_basesys:umodsys.basesys.rparameters.obj
 0001:000033a4       ?get_other_interface@RParameters@rsystem@base@UModSys@@UEAAPEAUIRoot@core@4@PEBUSUniquePointerInfo@64@@Z 00000001400043a4 f i umodsys_lib_basesys:umodsys.basesys.rparameters.obj
 0001:000033d4       ?ref_add@RParameters@rsystem@base@UModSys@@UEBAXXZ 00000001400043d4 f i umodsys_lib_basesys:umodsys.basesys.rparameters.obj
 0001:000033d8       ?ref_remove@RParameters@rsystem@base@UModSys@@UEBAXXZ 00000001400043d8 f i umodsys_lib_basesys:umodsys.basesys.rparameters.obj
 0001:000033f0       ?ref_links@RParameters@rsystem@base@UModSys@@UEBAHXZ 00000001400043f0 f i umodsys_lib_basesys:umodsys.basesys.rparameters.obj
 0001:000033f4       ?suicide@RParameters@rsystem@base@UModSys@@UEAAXXZ 00000001400043f4 f i umodsys_lib_basesys:umodsys.basesys.rparameters.obj
 0001:0000341c       ?find_elem@RParameters@rsystem@base@UModSys@@IEAAPEBUElem@1234@PEBXHHHPEBD@Z 000000014000441c f   umodsys_lib_basesys:umodsys.basesys.rparameters.obj
 0001:000034b4       ?free_elems@RParameters@rsystem@base@UModSys@@IEAAXPEAXH@Z 00000001400044b4 f   umodsys_lib_basesys:umodsys.basesys.rparameters.obj
 0001:0000354c       ?alloc_elems@RParameters@rsystem@base@UModSys@@IEAAXPEAXH@Z 000000014000454c f   umodsys_lib_basesys:umodsys.basesys.rparameters.obj
 0001:000035d0       ?add_last@RParameters@rsystem@base@UModSys@@IEAA_NPEAUSParametersData@core@4@PEBDPEBXH@Z 00000001400045d0 f   umodsys_lib_basesys:umodsys.basesys.rparameters.obj
 0001:00003874       ?p_deinit@RParameters@rsystem@base@UModSys@@UEAAXPEAUSParametersData@core@4@@Z 0000000140004874 f   umodsys_lib_basesys:umodsys.basesys.rparameters.obj
 0001:000038e4       ?p_init@RParameters@rsystem@base@UModSys@@UEAAXPEAUSParametersData@core@4@H@Z 00000001400048e4 f   umodsys_lib_basesys:umodsys.basesys.rparameters.obj
 0001:0000398c       ?p_init@RParameters@rsystem@base@UModSys@@UEAAXPEAUSParametersData@core@4@AEBU564@@Z 000000014000498c f   umodsys_lib_basesys:umodsys.basesys.rparameters.obj
 0001:00003a80       ?p_copy@RParameters@rsystem@base@UModSys@@UEAAXPEAUSParametersData@core@4@AEBU564@@Z 0000000140004a80 f   umodsys_lib_basesys:umodsys.basesys.rparameters.obj
 0001:00003bcc       ?p_init_s@RParameters@rsystem@base@UModSys@@UEAAXPEAUSParametersData@core@4@PEAXH@Z 0000000140004bcc f   umodsys_lib_basesys:umodsys.basesys.rparameters.obj
 0001:00003c04       ?p_init_s@RParameters@rsystem@base@UModSys@@UEAAXPEAUSParametersData@core@4@AEBU564@PEAXH@Z 0000000140004c04 f   umodsys_lib_basesys:umodsys.basesys.rparameters.obj
 0001:00003c84       ?next@RParameters@rsystem@base@UModSys@@UEAA_NPEBUSParametersData@core@4@AEAPEBD@Z 0000000140004c84 f   umodsys_lib_basesys:umodsys.basesys.rparameters.obj
 0001:00003d5c       ?next@RParameters@rsystem@base@UModSys@@UEAA_NPEBUSParametersData@core@4@AEAU?$TString@U?$TSCoreConst@D@su@tl@UModSys@@U?$TComparerBinaryHash@D@234@@tl@4@@Z 0000000140004d5c f   umodsys_lib_basesys:umodsys.basesys.rparameters.obj
 0001:00003e8c       ?add@RParameters@rsystem@base@UModSys@@UEAA_NPEAUSParametersData@core@4@PEBD1@Z 0000000140004e8c f   umodsys_lib_basesys:umodsys.basesys.rparameters.obj
 0001:00003ea4       ?add@RParameters@rsystem@base@UModSys@@UEAA_NPEAUSParametersData@core@4@PEBDH@Z 0000000140004ea4 f   umodsys_lib_basesys:umodsys.basesys.rparameters.obj
 0001:00003ec4       ?add@RParameters@rsystem@base@UModSys@@UEAA_NPEAUSParametersData@core@4@PEBDAEBN@Z 0000000140004ec4 f   umodsys_lib_basesys:umodsys.basesys.rparameters.obj
 0001:00003edc       ?add@RParameters@rsystem@base@UModSys@@UEAA_NPEAUSParametersData@core@4@PEBDPEAUIRefObject@64@@Z 0000000140004edc f   umodsys_lib_basesys:umodsys.basesys.rparameters.obj
 0001:00003efc       ?get@RParameters@rsystem@base@UModSys@@UEAA_NPEBUSParametersData@core@4@PEBDAEAPEBD@Z 0000000140004efc f   umodsys_lib_basesys:umodsys.basesys.rparameters.obj
 0001:00003f74       ?get@RParameters@rsystem@base@UModSys@@UEAA_NPEBUSParametersData@core@4@PEBDAEAH@Z 0000000140004f74 f   umodsys_lib_basesys:umodsys.basesys.rparameters.obj
 0001:00003fe8       ?get@RParameters@rsystem@base@UModSys@@UEAA_NPEBUSParametersData@core@4@PEBDAEAN@Z 0000000140004fe8 f   umodsys_lib_basesys:umodsys.basesys.rparameters.obj
 0001:00004060       ?get@RParameters@rsystem@base@UModSys@@UEAA_NPEBUSParametersData@core@4@PEBDAEAPEAUIRefObject@64@@Z 0000000140005060 f   umodsys_lib_basesys:umodsys.basesys.rparameters.obj
 0001:00004178       ?pfd_load@RModuleLibrarySO@rsystem@base@UModSys@@SAPEAUIModuleLibraryReg@34@PEAUPFD_Data@1234@AEBU?$TString@U?$TSCoreConst@D@su@tl@UModSys@@U?$TComparerBinaryHash@D@234@@tl@4@@Z 0000000140005178 f   umodsys_lib_basesys:umodsys.basesys.rmodule.win32.obj
 0001:000042b8       ?pfd_unload@RModuleLibrarySO@rsystem@base@UModSys@@SA_NPEAUPFD_Data@1234@@Z 00000001400052b8 f   umodsys_lib_basesys:umodsys.basesys.rmodule.win32.obj
 0001:00004618       ??0?$WinPath@$0BAAA@@syshlp@core@UModSys@@QEAA@PEB_W0@Z 0000000140005618 f i umodsys_lib_basesys:umodsys.basesys.rmodule.win32.obj
 0001:00004704       ??0?$U16String@$0BAAA@@syshlp@core@UModSys@@QEAA@PEBD@Z 0000000140005704 f i umodsys_lib_basesys:umodsys.basesys.rmodule.win32.obj
 0001:0000477c       ?get_interface_info@RModule@rsystem@base@UModSys@@UEBAAEBUSUniquePointerInfo@core@4@XZ 000000014000577c f i umodsys_lib_basesys:umodsys.basesys.rmodule.obj
 0001:00004784       ?get_interface_type@RModule@rsystem@base@UModSys@@UEBAPEBUSUniquePointerInfo@core@4@XZ 0000000140005784 f i umodsys_lib_basesys:umodsys.basesys.rmodule.obj
 0001:0000478c       ?get_other_interface@RModule@rsystem@base@UModSys@@UEAAPEAUIRoot@core@4@PEBUSUniquePointerInfo@64@@Z 000000014000578c f i umodsys_lib_basesys:umodsys.basesys.rmodule.obj
 0001:0000478c       ?get_other_interface@RModule@rsystem@base@UModSys@@UEBAPEBUIRoot@core@4@PEBUSUniquePointerInfo@64@@Z 000000014000578c f i umodsys_lib_basesys:umodsys.basesys.rmodule.obj
 0001:000047bc       ?ref_add@RModule@rsystem@base@UModSys@@UEBAXXZ 00000001400057bc f i umodsys_lib_basesys:umodsys.basesys.rmodule.obj
 0001:000047c4       ?ref_remove@RModule@rsystem@base@UModSys@@UEBAXXZ 00000001400057c4 f i umodsys_lib_basesys:umodsys.basesys.rmodule.obj
 0001:000047dc       ?ref_links@RModule@rsystem@base@UModSys@@UEBAHXZ 00000001400057dc f i umodsys_lib_basesys:umodsys.basesys.rmodule.obj
 0001:000047e4       ?suicide@RModule@rsystem@base@UModSys@@UEAAXXZ 00000001400057e4 f i umodsys_lib_basesys:umodsys.basesys.rmodule.obj
 0001:00004844       ?get_library@RModule@rsystem@base@UModSys@@UEBAPEAUIModuleLibrary@34@XZ 0000000140005844 f   umodsys_lib_basesys:umodsys.basesys.rmodule.obj
 0001:0000484c       ?get_info@RModule@rsystem@base@UModSys@@UEBAAEBUSModuleInfo@34@XZ 000000014000584c f   umodsys_lib_basesys:umodsys.basesys.rmodule.obj
 0001:00004854       ?is_open@RModule@rsystem@base@UModSys@@UEBA_NXZ 0000000140005854 f   umodsys_lib_basesys:umodsys.basesys.rmodule.obj
 0001:00004880       ?open@RModule@rsystem@base@UModSys@@UEAA_NXZ 0000000140005880 f   umodsys_lib_basesys:umodsys.basesys.rmodule.obj
 0001:000048f8       ?close@RModule@rsystem@base@UModSys@@UEAA_NXZ 00000001400058f8 f   umodsys_lib_basesys:umodsys.basesys.rmodule.obj
 0001:00004950       ?reg@RModule@rsystem@base@UModSys@@UEAA_NPEAUIModObject@34@_N@Z 0000000140005950 f   umodsys_lib_basesys:umodsys.basesys.rmodule.obj
 0001:00004970       ?reg@RModule@rsystem@base@UModSys@@UEAA_NPEAUIGenerator@34@_N@Z 0000000140005970 f   umodsys_lib_basesys:umodsys.basesys.rmodule.obj
 0001:000049bc       ?mod_findobjname@RModule@rsystem@base@UModSys@@UEAA_KPEBUSUniquePointerInfo@core@4@QEAPEBU564@_K@Z 00000001400059bc f   umodsys_lib_basesys:umodsys.basesys.rmodule.obj
 0001:00004a5c       ?mod_generate@RModule@rsystem@base@UModSys@@UEAA_NAEAU?$TRefObject@UIRefObject@core@UModSys@@@tl@4@PEBUSUniquePointerInfo@core@4@AEBUSParameters@84@@Z 0000000140005a5c f   umodsys_lib_basesys:umodsys.basesys.rmodule.obj
 0001:00004bb0       ?reg_generator@RModule@rsystem@base@UModSys@@QEAA_NPEAUModuleObjInfo@1234@PEAUIGenerator@34@@Z 0000000140005bb0 f   umodsys_lib_basesys:umodsys.basesys.rmodule.obj
 0001:00004da4       ?reg_obj@RModule@rsystem@base@UModSys@@QEAAPEAUModuleObjInfo@1234@PEAUIModObject@34@@Z 0000000140005da4 f   umodsys_lib_basesys:umodsys.basesys.rmodule.obj
 0001:00004f30       ?unreg_obj@RModule@rsystem@base@UModSys@@QEAA_NPEAUIModObject@34@@Z 0000000140005f30 f   umodsys_lib_basesys:umodsys.basesys.rmodule.obj
 0001:00005038       ?alloc_minfo@RModule@rsystem@base@UModSys@@QEAA_NAEBUSModuleInfo@34@@Z 0000000140006038 f   umodsys_lib_basesys:umodsys.basesys.rmodule.obj
 0001:000050fc       ?save_db@RModule@rsystem@base@UModSys@@QEAA_NPEAU_iobuf@@@Z 00000001400060fc f   umodsys_lib_basesys:umodsys.basesys.rmodule.obj
 0001:000052f0       ??_GRModule@rsystem@base@UModSys@@UEAAPEAXI@Z 00000001400062f0 f i umodsys_lib_basesys:umodsys.basesys.rmodule.obj
 0001:000052f0       ??_ERModule@rsystem@base@UModSys@@UEAAPEAXI@Z 00000001400062f0 f i  CIL library: CIL module
 0001:00005424       ??1?$TDynarrayDynamic@UModuleObjInfo@RModule@rsystem@base@UModSys@@U?$TAllocator@USMemAlloc_Malloc@core@UModSys@@USCountCalcPower2@23@@tl@5@@tl@UModSys@@QEAA@XZ 0000000140006424 f i umodsys_lib_basesys:umodsys.basesys.rmodule.obj
 0001:00005474       ??1?$TDynarrayDynamic@UGeneratedObjInfo@RModule@rsystem@base@UModSys@@U?$TAllocator@USMemAlloc_Malloc@core@UModSys@@USCountCalcPower2@23@@tl@5@@tl@UModSys@@QEAA@XZ 0000000140006474 f i umodsys_lib_basesys:umodsys.basesys.rmodule.obj
 0001:000054c0       ??1?$TDynarrayDynamic@PEBUSUniquePointerInfo@core@UModSys@@U?$TAllocator@USMemAlloc_Malloc@core@UModSys@@USCountCalcPower2@23@@tl@3@@tl@UModSys@@QEAA@XZ 00000001400064c0 f i umodsys_lib_basesys:umodsys.basesys.rmodule.obj
 0001:0000550c       ?ResizeRel@?$TDynarray@U?$TDynarrayHolderDynamic@UModuleObjInfo@RModule@rsystem@base@UModSys@@U?$TAllocator@USMemAlloc_Malloc@core@UModSys@@USCountCalcPower2@23@@tl@5@@tl@UModSys@@@tl@UModSys@@QEAA_N_J@Z 000000014000650c f i umodsys_lib_basesys:umodsys.basesys.rmodule.obj
 0001:000055f0       ?ResizeRel@?$TDynarray@U?$TDynarrayHolderDynamic@UGeneratedObjInfo@RModule@rsystem@base@UModSys@@U?$TAllocator@USMemAlloc_Malloc@core@UModSys@@USCountCalcPower2@23@@tl@5@@tl@UModSys@@@tl@UModSys@@QEAA_N_J@Z 00000001400065f0 f i umodsys_lib_basesys:umodsys.basesys.rmodule.obj
 0001:000056cc       ?ResizeRel@?$TDynarray@U?$TDynarrayHolderDynamic@PEBUSUniquePointerInfo@core@UModSys@@U?$TAllocator@USMemAlloc_Malloc@core@UModSys@@USCountCalcPower2@23@@tl@3@@tl@UModSys@@@tl@UModSys@@QEAA_N_J@Z 00000001400066cc f i umodsys_lib_basesys:umodsys.basesys.rmodule.obj
 0001:00005764       ?get_interface_info@RModuleLibrarySO@rsystem@base@UModSys@@UEBAAEBUSUniquePointerInfo@core@4@XZ 0000000140006764 f i umodsys_lib_basesys:umodsys.basesys.rmodulelibso.obj
 0001:0000576c       ?get_interface_type@RModuleLibrarySO@rsystem@base@UModSys@@UEBAPEBUSUniquePointerInfo@core@4@XZ 000000014000676c f i umodsys_lib_basesys:umodsys.basesys.rmodulelibso.obj
 0001:00005774       ?get_other_interface@RModuleLibrarySO@rsystem@base@UModSys@@UEBAPEBUIRoot@core@4@PEBUSUniquePointerInfo@64@@Z 0000000140006774 f i umodsys_lib_basesys:umodsys.basesys.rmodulelibso.obj
 0001:00005774       ?get_other_interface@RModuleLibrarySO@rsystem@base@UModSys@@UEAAPEAUIRoot@core@4@PEBUSUniquePointerInfo@64@@Z 0000000140006774 f i umodsys_lib_basesys:umodsys.basesys.rmodulelibso.obj
 0001:000057ac       ?ref_add@RModuleLibrarySO@rsystem@base@UModSys@@UEBAXXZ 00000001400067ac f i umodsys_lib_basesys:umodsys.basesys.rmodulelibso.obj
 0001:000057b4       ?ref_remove@RModuleLibrarySO@rsystem@base@UModSys@@UEBAXXZ 00000001400067b4 f i umodsys_lib_basesys:umodsys.basesys.rmodulelibso.obj
 0001:000057cc       ?ref_links@RModuleLibrarySO@rsystem@base@UModSys@@UEBAHXZ 00000001400067cc f i umodsys_lib_basesys:umodsys.basesys.rmodulelibso.obj
 0001:000057d4       ?suicide@RModuleLibrarySO@rsystem@base@UModSys@@UEAAXXZ 00000001400067d4 f i umodsys_lib_basesys:umodsys.basesys.rmodulelibso.obj
 0001:00005800       ?uni_load@RModuleLibrarySO@rsystem@base@UModSys@@UEAA_NXZ 0000000140006800 f   umodsys_lib_basesys:umodsys.basesys.rmodulelibso.obj
 0001:00005844       ?uni_unload@RModuleLibrarySO@rsystem@base@UModSys@@UEAA_NXZ 0000000140006844 f   umodsys_lib_basesys:umodsys.basesys.rmodulelibso.obj
 0001:00005850       ?uni_open@RModuleLibrarySO@rsystem@base@UModSys@@UEAA_NXZ 0000000140006850 f   umodsys_lib_basesys:umodsys.basesys.rmodulelibso.obj
 0001:0000588c       ?uni_close@RModuleLibrarySO@rsystem@base@UModSys@@UEAA_NXZ 000000014000688c f   umodsys_lib_basesys:umodsys.basesys.rmodulelibso.obj
 0001:000058a8       ?s_add@RModuleLibrarySO@rsystem@base@UModSys@@SA_NPEAUISystem@34@AEAU?$TDynarrayDynamic@U?$TRefObject@URModuleLibrarySO@rsystem@base@UModSys@@@tl@UModSys@@U?$TAllocator@USMemAlloc_Malloc@core@UModSys@@USCountCalcPower2@23@@23@@tl@4@PEBD@Z 00000001400068a8 f   umodsys_lib_basesys:umodsys.basesys.rmodulelibso.obj
 0001:00005b34       ??_GRModuleLibrarySO@rsystem@base@UModSys@@UEAAPEAXI@Z 0000000140006b34 f i umodsys_lib_basesys:umodsys.basesys.rmodulelibso.obj
 0001:00005b34       ??_ERModuleLibrarySO@rsystem@base@UModSys@@UEAAPEAXI@Z 0000000140006b34 f i  CIL library: CIL module
 0001:00005b74       ??4?$TString@U?$TSCoreShared@USMemAlloc_Malloc@core@UModSys@@D@su@tl@UModSys@@U?$TComparerBinaryHash@D@234@@tl@UModSys@@QEAAAEBU012@PEBD@Z 0000000140006b74 f i umodsys_lib_basesys:umodsys.basesys.rmodulelibso.obj
 0001:00005c70       ?Link@SModuleContext@base@UModSys@@QEAAXPEAUISystem@23@PEAUIMemAlloc@core@3@@Z 0000000140006c70 f   umodsys_lib_base:umodsys.base.modulecontext.obj
 0001:00005cc8       ?mlr_count@RModuleLibraryReg_Chain@base@UModSys@@UEBA_KXZ 0000000140006cc8 f   umodsys_lib_base:umodsys.base.moduleregchain.obj
 0001:00005d00       ?mlr_get@RModuleLibraryReg_Chain@base@UModSys@@UEBAPEAUIModuleReg@23@_K@Z 0000000140006d00 f   umodsys_lib_base:umodsys.base.moduleregchain.obj
 0001:00005d2c       ?mlr_open@RModuleLibraryReg_Chain@base@UModSys@@UEAA_NPEAUISystem@23@PEAUIMemAlloc@core@3@@Z 0000000140006d2c f   umodsys_lib_base:umodsys.base.moduleregchain.obj
 0001:00005d58       ?mlr_close@RModuleLibraryReg_Chain@base@UModSys@@UEAA_NXZ 0000000140006d58 f   umodsys_lib_base:umodsys.base.moduleregchain.obj
 0001:00005d98       ?mlr_isopen@RModuleLibraryReg_Chain@base@UModSys@@UEBA_NXZ 0000000140006d98 f   umodsys_lib_base:umodsys.base.moduleregchain.obj
 0001:00005da8       ??_ERModuleLibraryReg_Chain@base@UModSys@@UEAAPEAXI@Z 0000000140006da8 f i  CIL library: CIL module
 0001:00005da8       ??_GRModuleLibraryReg_Chain@base@UModSys@@UEAAPEAXI@Z 0000000140006da8 f i umodsys_lib_base:umodsys.base.moduleregchain.obj
 0001:00005da8       ??_GIModuleLibraryReg@base@UModSys@@UEAAPEAXI@Z 0000000140006da8 f i umodsys_lib_base:umodsys.base.modulereg.obj
 0001:00005da8       ??_EIModuleLibraryReg@base@UModSys@@UEAAPEAXI@Z 0000000140006da8 f i  CIL library: CIL module
 0001:00005dd0       UModSys_Plugin_Entry2      0000000140006dd0 f   umodsys_lib_base:umodsys.so_main.win32.obj
 0001:00005dd8       ??_ERStdIo_ModuleReg@media@UModSys@@UEAAPEAXI@Z 0000000140006dd8 f i  CIL library: CIL module
 0001:00005dd8       ??_EIModuleReg@base@UModSys@@UEAAPEAXI@Z 0000000140006dd8 f i  CIL library: CIL module
 0001:00005dd8       ??_GIModuleReg@base@UModSys@@UEAAPEAXI@Z 0000000140006dd8 f i umodsys_lib_base:umodsys.base.modulereg.obj
 0001:00005dd8       ??_GRStdIo_ModuleReg@media@UModSys@@UEAAPEAXI@Z 0000000140006dd8 f i umodsys_lib_libmedia:umodsys.mod.media.stdio.obj
 0001:00005e00       ?mr_isopen@IModuleReg@base@UModSys@@UEBA_NXZ 0000000140006e00 f   umodsys_lib_base:umodsys.base.modulereg.obj
 0001:00005e0c       ?mr_open@IModuleReg@base@UModSys@@UEAA_NXZ 0000000140006e0c f   umodsys_lib_base:umodsys.base.modulereg.obj
 0001:00005e30       ?mr_close@IModuleReg@base@UModSys@@UEAA_NXZ 0000000140006e30 f   umodsys_lib_base:umodsys.base.modulereg.obj
 0001:00005e4c       ??1ISystem@base@UModSys@@UEAA@XZ 0000000140006e4c f   umodsys_lib_base:umodsys.base.system.obj
 0001:00005e4c       ??1IStreamReader@media@UModSys@@UEAA@XZ 0000000140006e4c f   umodsys_lib_libmedia:umodsys.mod.media.stdio.obj
 0001:00005e4c       ??1IModule@base@UModSys@@UEAA@XZ 0000000140006e4c f   umodsys_lib_base:umodsys.base.module.obj
 0001:00005e58       ??1IModuleLoader@base@UModSys@@UEAA@XZ 0000000140006e58 f   umodsys_lib_base:umodsys.base.moduleloader.obj
 0001:00005e64       ??0SUniquePointer@core@UModSys@@QEAA@PEBD0H@Z 0000000140006e64 f   umodsys_lib_core:umodsys.core.uniqueptr.obj
 0001:00005eb0       ??1SUniquePointer@core@UModSys@@QEAA@XZ 0000000140006eb0 f   umodsys_lib_core:umodsys.core.uniqueptr.obj
 0001:00005ed8       ?s_resolve@SUniquePointer@core@UModSys@@SAXPEAUIUniquePointerResolver@23@@Z 0000000140006ed8 f   umodsys_lib_core:umodsys.core.uniqueptr.obj
 0001:00005f40       ?s_unresolve@SUniquePointer@core@UModSys@@SAXPEAUIUniquePointerResolver@23@@Z 0000000140006f40 f   umodsys_lib_core:umodsys.core.uniqueptr.obj
 0001:00005f94       ?c_fopen@syshlp@core@UModSys@@YAPEAU_iobuf@@PEBD0@Z 0000000140006f94 f   umodsys_lib_core:umodsys.core.syshlp_files.win32.obj
 0001:00006068       ?suicide@IRoot@core@UModSys@@UEAAXXZ 0000000140007068 f   umodsys_lib_core:umodsys.core.objects.obj
 0001:00006068       ?suicide@RStdIo_Generator@media@UModSys@@UEAAXXZ 0000000140007068 f   umodsys_lib_libmedia:umodsys.mod.media.stdio.obj
 0001:00006068       ?ref_add@RConsole_std@rsystem@base@UModSys@@UEBAXXZ 0000000140007068 f   umodsys_lib_basesys:umodsys.basesys.rconsole_std.obj
 0001:00006068       ?ref_remove@RConsole_std@rsystem@base@UModSys@@UEBAXXZ 0000000140007068 f   umodsys_lib_basesys:umodsys.basesys.rconsole_std.obj
 0001:0000606c       ??3IRoot@core@UModSys@@SAXPEAXAEBUSIMemAlloc@12@@Z 000000014000706c f   umodsys_lib_core:umodsys.core.objects.obj
 0001:00006080       ?gracial_convert@syshlp@core@UModSys@@YA_NPEADHPEB_WH@Z 0000000140007080 f   umodsys_lib_core:umodsys.core.syshlp_charcode.win32.obj
 0001:000060c8       _onexit                    00000001400070c8 f   MSVCRT:atonexit.obj
 0001:00006178       atexit                     0000000140007178 f   MSVCRT:atonexit.obj
 0001:00006460       mainCRTStartup             0000000140007460 f   MSVCRT:crtexe.obj
 0001:00006472       _purecall                  0000000140007472 f   MSVCRT:MSVCR90.dll
 0001:00006478       ??3@YAXPEAX@Z              0000000140007478 f   MSVCRT:MSVCR90.dll
 0001:00006480       ??_Etype_info@@UEAAPEAXI@Z 0000000140007480 f i MSVCRT:ti_inst.obj
 0001:000064ea       __C_specific_handler       00000001400074ea f   MSVCRT:MSVCR90.dll
 0001:000064f0       _unlock                    00000001400074f0 f   MSVCRT:MSVCR90.dll
 0001:000064f6       __dllonexit                00000001400074f6 f   MSVCRT:MSVCR90.dll
 0001:000064fc       _lock                      00000001400074fc f   MSVCRT:MSVCR90.dll
 0001:00006504       ?__CxxUnhandledExceptionFilter@@YAJPEAU_EXCEPTION_POINTERS@@@Z 0000000140007504 f   MSVCRT:unhandld.obj
 0001:00006548       __CxxSetUnhandledExceptionFilter 0000000140007548 f   MSVCRT:unhandld.obj
 0001:00006560       _amsg_exit                 0000000140007560 f   MSVCRT:MSVCR90.dll
 0001:00006568       _RTC_Initialize            0000000140007568 f   MSVCRT:_initsect_.obj
 0001:000065a0       _RTC_Terminate             00000001400075a0 f   MSVCRT:_initsect_.obj
 0001:000065d8       _XcptFilter                00000001400075d8 f   MSVCRT:MSVCR90.dll
 0001:000065e0       _ValidateImageBase         00000001400075e0 f   MSVCRT:pesect.obj
 0001:00006610       _FindPESection             0000000140007610 f   MSVCRT:pesect.obj
 0001:00006660       _IsNonwritableInCurrentImage 0000000140007660 f   MSVCRT:pesect.obj
 0001:000066a2       _initterm                  00000001400076a2 f   MSVCRT:MSVCR90.dll
 0001:000066a8       _initterm_e                00000001400076a8 f   MSVCRT:MSVCR90.dll
 0001:000066b0       _matherr                   00000001400076b0 f   MSVCRT:merr.obj
 0001:000066b0       ?get_syslib@RSystem@rsystem@base@UModSys@@UEAAPEAUIModuleLibrary@34@XZ 00000001400076b0 f   umodsys_lib_basesys:umodsys.basesys.rsystem.obj
 0001:000066b0       ?ref_links@RConsole_std@rsystem@base@UModSys@@UEBAHXZ 00000001400076b0 f   umodsys_lib_basesys:umodsys.basesys.rconsole_std.obj
 0001:000066b0       _setargv                   00000001400076b0 f   MSVCRT:dllargv.obj
 0001:000066b4       __security_init_cookie     00000001400076b4 f   MSVCRT:gs_support.obj
 0001:00006768       ?__ArrayUnwind@@YAXPEAX_KHP6AX0@Z@Z 0000000140007768 f   MSVCRT:ehvecdtr.obj
 0001:000067b4       ??_M@YAXPEAX_KHP6AX0@Z@Z   00000001400077b4 f   MSVCRT:ehvecdtr.obj
 0001:00006812       ?terminate@@YAXXZ          0000000140007812 f   MSVCRT:MSVCR90.dll
 0001:00006818       ?_type_info_dtor_internal_method@type_info@@QEAAXXZ 0000000140007818 f   MSVCRT:MSVCR90.dll
 0001:00006818       ??1type_info@@UEAA@XZ      0000000140007818 f   MSVCRT:MSVCR90.dll
 0001:0000681e       memcpy                     000000014000781e f   MSVCRT:MSVCR90.dll
 0001:00006830       __CxxFrameHandler3         0000000140007830 f   MSVCRT:MSVCR90.dll
 0001:00006836       _CxxThrowException         0000000140007836 f   MSVCRT:MSVCR90.dll
 0001:00006850       _alloca_probe              0000000140007850     MSVCRT:chkstk.obj
 0001:00006850       __chkstk                   0000000140007850 f   MSVCRT:chkstk.obj
 0002:00000000       __imp_GetCurrentProcessId  0000000140009000     kernel32:KERNEL32.dll
 0002:00000008       __imp_GetCurrentThreadId   0000000140009008     kernel32:KERNEL32.dll
 0002:00000010       __imp_GetTickCount         0000000140009010     kernel32:KERNEL32.dll
 0002:00000018       __imp_QueryPerformanceCounter 0000000140009018     kernel32:KERNEL32.dll
 0002:00000020       __imp_SetUnhandledExceptionFilter 0000000140009020     kernel32:KERNEL32.dll
 0002:00000028       __imp_Sleep                0000000140009028     kernel32:KERNEL32.dll
 0002:00000030       __imp_MultiByteToWideChar  0000000140009030     kernel32:KERNEL32.dll
 0002:00000038       __imp_WideCharToMultiByte  0000000140009038     kernel32:KERNEL32.dll
 0002:00000040       __imp_SetConsoleOutputCP   0000000140009040     kernel32:KERNEL32.dll
 0002:00000048       __imp_GetLastError         0000000140009048     kernel32:KERNEL32.dll
 0002:00000050       __imp_GetConsoleOutputCP   0000000140009050     kernel32:KERNEL32.dll
 0002:00000058       __imp_FindNextFileW        0000000140009058     kernel32:KERNEL32.dll
 0002:00000060       __imp_FindClose            0000000140009060     kernel32:KERNEL32.dll
 0002:00000068       __imp_GetProcAddress       0000000140009068     kernel32:KERNEL32.dll
 0002:00000070       __imp_GetModuleFileNameW   0000000140009070     kernel32:KERNEL32.dll
 0002:00000078       __imp_GetModuleHandleW     0000000140009078     kernel32:KERNEL32.dll
 0002:00000080       __imp_LoadLibraryExW       0000000140009080     kernel32:KERNEL32.dll
 0002:00000088       __imp_FreeLibrary          0000000140009088     kernel32:KERNEL32.dll
 0002:00000090       __imp_SetErrorMode         0000000140009090     kernel32:KERNEL32.dll
 0002:00000098       __imp_FindFirstFileW       0000000140009098     kernel32:KERNEL32.dll
 0002:000000a0       __imp_GetFullPathNameW     00000001400090a0     kernel32:KERNEL32.dll
 0002:000000a8       __imp_GetSystemTimeAsFileTime 00000001400090a8     kernel32:KERNEL32.dll
 0002:000000b0       \177KERNEL32_NULL_THUNK_DATA 00000001400090b0     kernel32:KERNEL32.dll
 0002:000000b8       __imp__XcptFilter          00000001400090b8     MSVCRT:MSVCR90.dll
 0002:000000c0       __imp__exit                00000001400090c0     MSVCRT:MSVCR90.dll
 0002:000000c8       __imp__cexit               00000001400090c8     MSVCRT:MSVCR90.dll
 0002:000000d0       __imp_exit                 00000001400090d0     MSVCRT:MSVCR90.dll
 0002:000000d8       __imp___initenv            00000001400090d8     MSVCRT:MSVCR90.dll
 0002:000000e0       __imp__initterm            00000001400090e0     MSVCRT:MSVCR90.dll
 0002:000000e8       __imp__initterm_e          00000001400090e8     MSVCRT:MSVCR90.dll
 0002:000000f0       __imp___getmainargs        00000001400090f0     MSVCRT:MSVCR90.dll
 0002:000000f8       __imp___setusermatherr     00000001400090f8     MSVCRT:MSVCR90.dll
 0002:00000100       __imp__commode             0000000140009100     MSVCRT:MSVCR90.dll
 0002:00000108       __imp__fmode               0000000140009108     MSVCRT:MSVCR90.dll
 0002:00000110       __imp___set_app_type       0000000140009110     MSVCRT:MSVCR90.dll
 0002:00000118       __imp_?terminate@@YAXXZ    0000000140009118     MSVCRT:MSVCR90.dll
 0002:00000120       __imp_?_type_info_dtor_internal_method@type_info@@QEAAXXZ 0000000140009120     MSVCRT:MSVCR90.dll
 0002:00000128       __imp__amsg_exit           0000000140009128     MSVCRT:MSVCR90.dll
 0002:00000130       __imp__decode_pointer      0000000140009130     MSVCRT:MSVCR90.dll
 0002:00000138       __imp__onexit              0000000140009138     MSVCRT:MSVCR90.dll
 0002:00000140       __imp__lock                0000000140009140     MSVCRT:MSVCR90.dll
 0002:00000148       __imp__encode_pointer      0000000140009148     MSVCRT:MSVCR90.dll
 0002:00000150       __imp___dllonexit          0000000140009150     MSVCRT:MSVCR90.dll
 0002:00000158       __imp__unlock              0000000140009158     MSVCRT:MSVCR90.dll
 0002:00000160       __imp___C_specific_handler 0000000140009160     MSVCRT:MSVCR90.dll
 0002:00000168       __imp__wfopen              0000000140009168     MSVCRT:MSVCR90.dll
 0002:00000170       __imp_realloc              0000000140009170     MSVCRT:MSVCR90.dll
 0002:00000178       __imp_fprintf              0000000140009178     MSVCRT:MSVCR90.dll
 0002:00000180       __imp_strncpy              0000000140009180     MSVCRT:MSVCR90.dll
 0002:00000188       __imp_strncmp              0000000140009188     MSVCRT:MSVCR90.dll
 0002:00000190       __imp__snprintf            0000000140009190     MSVCRT:MSVCR90.dll
 0002:00000198       __imp_malloc               0000000140009198     MSVCRT:MSVCR90.dll
 0002:000001a0       __imp_free                 00000001400091a0     MSVCRT:MSVCR90.dll
 0002:000001a8       __imp_vfprintf             00000001400091a8     MSVCRT:MSVCR90.dll
 0002:000001b0       __imp___iob_func           00000001400091b0     MSVCRT:MSVCR90.dll
 0002:000001b8       __imp_fclose               00000001400091b8     MSVCRT:MSVCR90.dll
 0002:000001c0       __imp_fseek                00000001400091c0     MSVCRT:MSVCR90.dll
 0002:000001c8       __imp_ftell                00000001400091c8     MSVCRT:MSVCR90.dll
 0002:000001d0       __imp_??3@YAXPEAX@Z        00000001400091d0     MSVCRT:MSVCR90.dll
 0002:000001d8       __imp__purecall            00000001400091d8     MSVCRT:MSVCR90.dll
 0002:000001e0       __imp__configthreadlocale  00000001400091e0     MSVCRT:MSVCR90.dll
 0002:000001e8       __imp_fread                00000001400091e8     MSVCRT:MSVCR90.dll
 0002:000001f0       __imp_memcpy               00000001400091f0     MSVCRT:MSVCR90.dll
 0002:000001f8       __imp___CxxFrameHandler3   00000001400091f8     MSVCRT:MSVCR90.dll
 0002:00000200       __imp__CxxThrowException   0000000140009200     MSVCRT:MSVCR90.dll
 0002:00000208       \177MSVCR90_NULL_THUNK_DATA 0000000140009208     MSVCRT:MSVCR90.dll
 0002:00000210       __xc_a                     0000000140009210     MSVCRT:cinitexe.obj
 0002:00000398       __xc_z                     0000000140009398     MSVCRT:cinitexe.obj
 0002:000003a0       __xi_a                     00000001400093a0     MSVCRT:cinitexe.obj
 0002:000003b8       __xi_z                     00000001400093b8     MSVCRT:cinitexe.obj
 0002:000003c8       ??_7type_info@@6B@         00000001400093c8     MSVCRT:ti_inst.obj
 0002:000003d0       ??_C@_0P@GHFPNOJB@bad?5allocation?$AA@ 00000001400093d0     umodsys.c_main.obj
 0002:000003e0       ??_C@_0BF@OCNNAADO@UModSys?3?3core?3?3IRoot?$AA@ 00000001400093e0     umodsys.c_main.obj
 0002:000003f8       ??_C@_0BK@EMIJFOPA@UModSys?3?3core?3?3IRefObject?$AA@ 00000001400093f8     umodsys.c_main.obj
 0002:00000418       ??_C@_0BL@IOMMHELF@UModSys?3?3core?3?3IParameters?$AA@ 0000000140009418     umodsys.c_main.obj
 0002:00000438       ??_C@_0BH@LKDEEPPM@UModSys?3?3base?3?3IModule?$AA@ 0000000140009438     umodsys.c_main.obj
 0002:00000450       ??_C@_0BO@PHJOHFCB@UModSys?3?3base?3?3IModuleLibrary?$AA@ 0000000140009450     umodsys.c_main.obj
 0002:00000470       ??_C@_0BK@FDPIOPHG@UModSys?3?3base?3?3IModObject?$AA@ 0000000140009470     umodsys.c_main.obj
 0002:00000490       ??_C@_0BK@OIBKNCKJ@UModSys?3?3base?3?3IGenerator?$AA@ 0000000140009490     umodsys.c_main.obj
 0002:000004b0       ??_C@_0BG@PJBGCMEC@UModSys?3?3base?3?3IShell?$AA@ 00000001400094b0     umodsys.c_main.obj
 0002:000004c8       ??_C@_0BI@IKAOEFAP@UModSys?3?3base?3?3IConsole?$AA@ 00000001400094c8     umodsys.c_main.obj
 0002:000004e0       ??_C@_0BH@PFCONEJJ@UModSys?3?3base?3?3ISystem?$AA@ 00000001400094e0     umodsys.c_main.obj
 0002:000004f8       ??_C@_0CA@MDFMKLLN@UModSys?3?3base?3?3rsystem?3?3RModule?$AA@ 00000001400094f8     umodsys.c_main.obj
 0002:00000518       ??_C@_0CK@MJPNGLHN@UModSys?3?3base?3?3rsystem?3?3IModuleL@ 0000000140009518     umodsys.c_main.obj
 0002:00000548       ??_C@_0CJ@OPOMMGLJ@UModSys?3?3base?3?3rsystem?3?3RModuleL@ 0000000140009548     umodsys.c_main.obj
 0002:00000578       ??_C@_0CL@ILNBAMJF@UModSys?3?3base?3?3rsystem?3?3RModuleL@ 0000000140009578     umodsys.c_main.obj
 0002:000005a8       ??_C@_0CE@IHGMMEEA@UModSys?3?3base?3?3rsystem?3?3RParamet@ 00000001400095a8     umodsys.c_main.obj
 0002:000005d0       ??_C@_0CA@IMEGDANI@UModSys?3?3base?3?3rsystem?3?3RSystem?$AA@ 00000001400095d0     umodsys.c_main.obj
 0002:000005f0       ??_C@_0CF@KIMLNODL@UModSys?3?3base?3?3rsystem?3?3RConsole@ 00000001400095f0     umodsys.c_main.obj
 0002:00000618       ??_C@_0M@DCEPEPFJ@umodsys?4log?$AA@ 0000000140009618     umodsys.c_main.obj
 0002:00000624       ??_C@_00CNPNBAHC@?$AA@     0000000140009624     umodsys.c_main.obj
 0002:00000628       ??_C@_01NBENCBCI@?$CK?$AA@ 0000000140009628     umodsys.c_main.obj
 0002:00000630       ??_C@_0BC@JABDEAFI@moduledb?4conf?9hdb?$AA@ 0000000140009630     umodsys.c_main.obj
 0002:00000648       ??_C@_08FCBDOIAH@typeinfo?$AA@ 0000000140009648     umodsys.c_main.obj
 0002:00000658       ??_C@_0BO@DAFEALKL@UModSys?3?3media?3?3IStreamReader?$AA@ 0000000140009658     umodsys_lib_libmedia:umodsys.mod.media.stdio.obj
 0002:00000678       ??_C@_0BO@BMNGAKHB@UModSys?3?3media?3?3IStreamWriter?$AA@ 0000000140009678     umodsys_lib_libmedia:umodsys.mod.media.stdio.obj
 0002:00000698       ??_C@_0BN@CNGMNOHH@UModSys?3?3media?3?3IDataArchive?$AA@ 0000000140009698     umodsys_lib_libmedia:umodsys.mod.media.stdio.obj
 0002:000006b8       ??_C@_0CD@OFEJPGKH@UModSys?3?3media?3?3RStreamReader_FI@ 00000001400096b8     umodsys_lib_libmedia:umodsys.mod.media.stdio.obj
 0002:000006e0       ??_C@_08BABJIOEM@filename?$AA@ 00000001400096e0     umodsys_lib_libmedia:umodsys.mod.media.stdio.obj
 0002:000006ec       ??_C@_02JDPG@rb?$AA@       00000001400096ec     umodsys_lib_libmedia:umodsys.mod.media.stdio.obj
 0002:000006f0       ??_C@_0CB@OLBLPLIA@UModSys?3?3media?3?3RStdIo_Generator@ 00000001400096f0     umodsys_lib_libmedia:umodsys.mod.media.stdio.obj
 0002:00000718       ??_C@_0CI@HELPFKAN@UModSys?3?3media?3?3RStdIo_Generator@ 0000000140009718     umodsys_lib_libmedia:umodsys.mod.media.stdio.obj
 0002:00000740       ??_C@_09JGNMLHG@modobject?$AA@ 0000000140009740     umodsys_lib_libmedia:umodsys.mod.media.stdio.obj
 0002:00000758       ??_7IRoot@core@UModSys@@6B@ 0000000140009758     umodsys_lib_libmedia:umodsys.mod.media.stdio.obj
 0002:00000798       ??_7RStdIo_Generator@media@UModSys@@6B@ 0000000140009798     umodsys_lib_libmedia:umodsys.mod.media.stdio.obj
 0002:00000828       ??_7RStreamReader_FILE@media@UModSys@@6B@ 0000000140009828     umodsys_lib_libmedia:umodsys.mod.media.stdio.obj
 0002:000008b8       ??_7RStdIo_ModuleReg@media@UModSys@@6B@ 00000001400098b8     umodsys_lib_libmedia:umodsys.mod.media.stdio.obj
 0002:000008e8       ??_C@_02BKFDOEMK@wt?$AA@   00000001400098e8     umodsys_lib_basesys:umodsys.basesys.rconsole_std.obj
 0002:000008f8       ??_7RConsole_std@rsystem@base@UModSys@@6B@ 00000001400098f8     umodsys_lib_basesys:umodsys.basesys.rconsole_std.obj
 0002:00000978       ??_C@_04HIBGFPH@NULL?$AA@  0000000140009978     umodsys_lib_basesys:umodsys.basesys.rsystem_main.obj
 0002:00000980       ??_C@_0L@FPKIMPHA@?$CD?$CF08x?5?$CC?$CFs?$CC?$AA@ 0000000140009980     umodsys_lib_basesys:umodsys.basesys.rsystem_main.obj
 0002:00000990       ??_C@_0BC@HBJCAHHB@EFatal?5?$CD?$CF08x?5?$CC?$CFs?$CC?$AA@ 0000000140009990     umodsys_lib_basesys:umodsys.basesys.rsystem_main.obj
 0002:000009a8       ??_C@_0BE@IIJFBNID@EWarning?5?$CD?$CF08x?5?$CC?$CFs?$CC?$AA@ 00000001400099a8     umodsys_lib_basesys:umodsys.basesys.rsystem_main.obj
 0002:000009c0       ??_C@_0BB@KFMJENMO@RSystem?3?3init?$CI?$CJ?6?$AA@ 00000001400099c0     umodsys_lib_basesys:umodsys.basesys.rsystem_main.obj
 0002:000009d8       ??_C@_0BI@FKDCNCM@RSystem?3?3exec_args?$CI?$CFd?$CJ?6?$AA@ 00000001400099d8     umodsys_lib_basesys:umodsys.basesys.rsystem_main.obj
 0002:000009f0       ??_C@_0BG@NFAKDFBG@RSystem?3?3exec_main?$CI?$CJ?6?$AA@ 00000001400099f0     umodsys_lib_basesys:umodsys.basesys.rsystem_main.obj
 0002:00000a08       ??_C@_0BD@CKNOJECK@RSystem?3?3deinit?$CI?$CJ?6?$AA@ 0000000140009a08     umodsys_lib_basesys:umodsys.basesys.rsystem_main.obj
 0002:00000a28       ??_7EExceptionBase@core@UModSys@@6B@ 0000000140009a28     umodsys_lib_basesys:umodsys.basesys.rsystem_main.obj
 0002:00000a40       ??_7EFatal@core@UModSys@@6B@ 0000000140009a40     umodsys_lib_basesys:umodsys.basesys.rsystem_main.obj
 0002:00000a58       ??_7EWarning@core@UModSys@@6B@ 0000000140009a58     umodsys_lib_basesys:umodsys.basesys.rsystem_main.obj
 0002:00000a70       ??_7?$TRMemAlloc_CC@U?$TMemAllocHeader@USMagic@mem_headers@rsystem@base@UModSys@@U?$TPool@X@2345@USDebug@2345@UVoid@core@5@@rsystem@base@UModSys@@USMemAlloc_Malloc@core@4@@rsystem@base@UModSys@@6B@ 0000000140009a70     umodsys_lib_basesys:umodsys.basesys.rsystem_main.obj
 0002:00000a98       ??_7RSystem@rsystem@base@UModSys@@6BISystem@23@@ 0000000140009a98     umodsys_lib_basesys:umodsys.basesys.rsystem_main.obj
 0002:00000b18       ??_7RSystem@rsystem@base@UModSys@@6BIUniquePointerResolver@core@3@@ 0000000140009b18     umodsys_lib_basesys:umodsys.basesys.rsystem_main.obj
 0002:00000b30       ??_7RSystem@rsystem@base@UModSys@@6BISourceContextAdapter@core@3@@ 0000000140009b30     umodsys_lib_basesys:umodsys.basesys.rsystem_main.obj
 0002:00000b38       ??_C@_0BC@NNHIIPO@shells?5found?3?5?$CFd?6?$AA@ 0000000140009b38     umodsys_lib_basesys:umodsys.basesys.rsystem_tests.obj
 0002:00000b50       ??_C@_0BA@EBBPOIJG@?5?5shell?3?5?$CFp?5?$CFs?6?$AA@ 0000000140009b50     umodsys_lib_basesys:umodsys.basesys.rsystem_tests.obj
 0002:00000b60       ??_C@_0BF@JPMHOAKE@?5?5?5?5shell?5gen?5error?6?$AA@ 0000000140009b60     umodsys_lib_basesys:umodsys.basesys.rsystem_tests.obj
 0002:00000b78       ??_C@_0BL@NANLGMEE@?5?5?5?5shell?5generated?5as?5?$CFp?6?$AA@ 0000000140009b78     umodsys_lib_basesys:umodsys.basesys.rsystem_tests.obj
 0002:00000b98       ??_C@_0BD@NFNPGOAG@?1shells?5found?3?5?$CFd?6?$AA@ 0000000140009b98     umodsys_lib_basesys:umodsys.basesys.rsystem_tests.obj
 0002:00000bb0       ??_C@_0CJ@BMAKALAG@?$CK?$CK?$CK?$CK?$CK?$CK?$CK?$CK?$CK?$CK?$CK?$CK?$CK?$CK?$CK?$CK?$CK?$CK?$CK?$CK?$CK?$CK?$CK?$CK?$CK?$CK?$CK?$CK?$CK?$CK?$CK?5@ 0000000140009bb0     umodsys_lib_basesys:umodsys.basesys.rsystem_tests.obj
 0002:00000be0       ??_C@_0CJ@HFHNFOAC@?$CK?$CK?$CK?$CK?$CK?$CK?$CK?$CK?$CK?$CK?$CK?$CK?$CK?$CK?$CK?$CK?$CK?$CK?$CK?$CK?$CK?$CK?$CK?$CK?$CK?$CK?$CK?$CK?$CK?$CK?$CK?5@ 0000000140009be0     umodsys_lib_basesys:umodsys.basesys.rsystem_tests.obj
 0002:00000c10       ??_C@_0DG@DMGFJEPO@RModuleLoader?3?3moduledb_cleanup?$CI@ 0000000140009c10     umodsys_lib_basesys:umodsys.basesys.rmoduleloader.obj
 0002:00000c48       ??_C@_02GMLFBBN@wb?$AA@    0000000140009c48     umodsys_lib_basesys:umodsys.basesys.rmoduleloader.obj
 0002:00000c50       ??_C@_0BN@BDEAMLC@?$CD?5LIST?5OF?5LIBRARY?5MODULES?3?6?6?$AA@ 0000000140009c50     umodsys_lib_basesys:umodsys.basesys.rmoduleloader.obj
 0002:00000c70       ??_C@_0BF@PLOHEFDA@?5?$HL?5mod_list?$DN?$CFd?3?$FL?$FN?5?$HN?6?$AA@ 0000000140009c70     umodsys_lib_basesys:umodsys.basesys.rmoduleloader.obj
 0002:00000c98       ??_7IModuleLoader@base@UModSys@@6B@ 0000000140009c98     umodsys_lib_basesys:umodsys.basesys.rmoduleloader.obj
 0002:00000d18       ??_7RModuleLoader@rsystem@base@UModSys@@6B@ 0000000140009d18     umodsys_lib_basesys:umodsys.basesys.rmoduleloader.obj
 0002:00000d98       ??_7RModuleLibraryThis@rsystem@base@UModSys@@6B@ 0000000140009d98     umodsys_lib_basesys:umodsys.basesys.rmodulelibthis.obj
 0002:00000e60       ??_C@_0CN@ONDMHEFN@IModuleLibraryUni?$CI?$CFp?$CJ?3?3link?$CI?$CJ?5?9?9@ 0000000140009e60     umodsys_lib_basesys:umodsys.basesys.rmodulelib.obj
 0002:00000e90       ??_C@_0BA@LBGMEMKJ@LIBRARY?5?$CC?$CFs?$CC?5?$HL?6?$AA@ 0000000140009e90     umodsys_lib_basesys:umodsys.basesys.rmodulelib.obj
 0002:00000ea0       ??_C@_0BH@CLNAAMEM@?$HN?5?$CD?5END?5LIBRARY?5?$CC?$CFs?$CC?6?6?$AA@ 0000000140009ea0     umodsys_lib_basesys:umodsys.basesys.rmodulelib.obj
 0002:00000ec8       ??_7IModuleLibraryUni@rsystem@base@UModSys@@6B@ 0000000140009ec8     umodsys_lib_basesys:umodsys.basesys.rmodulelib.obj
 0002:00000f98       ??_7RParameters@rsystem@base@UModSys@@6B@ 0000000140009f98     umodsys_lib_basesys:umodsys.basesys.rparameters.obj
 0002:00001068       ??_C@_0BG@LJFEMLCK@UModSys_Plugin_Entry2?$AA@ 000000014000a068     umodsys_lib_basesys:umodsys.basesys.rmodule.win32.obj
 0002:00001080       ??_C@_0CI@IABKIJLA@?5?5?5?5?5?5?5?5?5?5load?5so?$CI?$CC?$CFs?$CC?$CJ?5?$HL?$CFp?0?5?$CFp?$HN@ 000000014000a080     umodsys_lib_basesys:umodsys.basesys.rmodule.win32.obj
 0002:000010a8       ??_C@_0BP@EBMDLOGD@?5?5?5?5?5?5?5?5?5?5unload?5so?$CI?$HL?$CFp?0?5?$CFp?$HN?$CJ?6?$AA@ 000000014000a0a8     umodsys_lib_basesys:umodsys.basesys.rmodule.win32.obj
 0002:000010c8       ??_C@_0BD@FBMHCLKB@scan?5so?3?5?$CC?$CFs?$CFs?$CFs?$CC?6?$AA@ 000000014000a0c8     umodsys_lib_basesys:umodsys.basesys.rmodule.win32.obj
 0002:000010e0       ??_C@_0BC@GMLCPHOK@?1scan?5so?3?5?$CC?$CFs?$CFs?$CC?6?$AA@ 000000014000a0e0     umodsys_lib_basesys:umodsys.basesys.rmodule.win32.obj
 0002:000010f4       ??_C@_02CAHBHFGK@?4?1?$AA@ 000000014000a0f4     umodsys_lib_basesys:umodsys.basesys.rmodule.win32.obj
 0002:000010f8       ??_C@_04HLONOPDM@?4dll?$AA@ 000000014000a0f8     umodsys_lib_basesys:umodsys.basesys.rmodule.win32.obj
 0002:00001100       ??_C@_0BF@KDHHIHAN@RModule?$CI?$CFp?$CJ?3?3open?$CI?$CJ?6?$AA@ 000000014000a100     umodsys_lib_basesys:umodsys.basesys.rmodule.obj
 0002:00001118       ??_C@_0BG@HADBHJOP@RModule?$CI?$CFp?$CJ?3?3close?$CI?$CJ?6?$AA@ 000000014000a118     umodsys_lib_basesys:umodsys.basesys.rmodule.obj
 0002:00001130       ??_C@_0BK@FNONNOFM@RModule?$CI?$CFp?$CJ?3?3?5pre?9loaded?6?$AA@ 000000014000a130     umodsys_lib_basesys:umodsys.basesys.rmodule.obj
 0002:00001150       ??_C@_0CE@HBBEEAED@RModule?$CI?$CFp?$CJ?3?3generate?$CI?$CJ?5?$HL?5gen?$DN?$CFp@ 000000014000a150     umodsys_lib_basesys:umodsys.basesys.rmodule.obj
 0002:00001178       ??_C@_0DL@FHDKGKAD@RModule?$CI?$CFp?$CJ?3?3reg_generator?$CI?$CFs?5?$CFp@ 000000014000a178     umodsys_lib_basesys:umodsys.basesys.rmodule.obj
 0002:000011b8       ??_C@_0DL@ECFHLNEB@RModule?$CI?$CFp?$CJ?3?3reg_generator?$CI?$CFs?5?$CFp@ 000000014000a1b8     umodsys_lib_basesys:umodsys.basesys.rmodule.obj
 0002:000011f8       ??_C@_0DI@EBNLDEPD@RModule?$CI?$CFp?$CJ?3?3reg_obj?$CI?$CFs?5?$CFp?$CJ?5?9?9?5?$HL@ 000000014000a1f8     umodsys_lib_basesys:umodsys.basesys.rmodule.obj
 0002:00001230       ??_C@_0GC@IAELDHPB@RModule?$CI?$CFp?$CJ?3?3reg_obj?$CI?$CFs?5?$CFp?$CJ?5?9?9?5i@ 000000014000a230     umodsys_lib_basesys:umodsys.basesys.rmodule.obj
 0002:00001298       ??_C@_0CM@JCLMIGEB@RModule?$CI?$CFp?$CJ?3?3reg_obj?$CI?$CFs?5?$CFp?$CJ?5?9?9?5a@ 000000014000a298     umodsys_lib_basesys:umodsys.basesys.rmodule.obj
 0002:000012c8       ??_C@_0DK@NJCECDIC@RModule?$CI?$CFp?$CJ?3?3unreg_obj?$CI?$CFs?5?$CFp?$CJ?5?9?9@ 000000014000a2c8     umodsys_lib_basesys:umodsys.basesys.rmodule.obj
 0002:00001310       ??_C@_0GE@MGLAJHFG@RModule?$CI?$CFp?$CJ?3?3unreg_obj?$CI?$CFs?5?$CFp?$CJ?5?9?9@ 000000014000a310     umodsys_lib_basesys:umodsys.basesys.rmodule.obj
 0002:00001378       ??_C@_0CO@DAMPCAGA@RModule?3?3alloc_minfo?$CI?$HL?$CC?$CFs?$CC?0?5?$CC?$CFs?$CC@ 000000014000a378     umodsys_lib_basesys:umodsys.basesys.rmodule.obj
 0002:000013a8       ??_C@_0BG@HANHHGHE@?5?5MODULE?5?$CFs?$CI?$CFd?0?$CFd?$CJ?5?$HL?6?$AA@ 000000014000a3a8     umodsys_lib_basesys:umodsys.basesys.rmodule.obj
 0002:000013c0       ??_C@_0CI@FMDENPAM@RModule?$CI?$CFp?$CJ?3?3save_db?$CI?4?4?4?$CJ?5?9?9?5?$HL?5?$CF@ 000000014000a3c0     umodsys_lib_basesys:umodsys.basesys.rmodule.obj
 0002:000013e8       ??_C@_0BN@CFNKPKCH@?5?5?5?5MODOBJECT?5?$CFs?$CI?$CFd?$CJ?5?$CFs?$CI?$CFd?$CJ?6?$AA@ 000000014000a3e8     umodsys_lib_basesys:umodsys.basesys.rmodule.obj
 0002:00001408       ??_C@_0BP@BJFGMFNK@?5?5?5?5GENERATOR?5?$CFs?$CI?$CFd?$CJ?5?$CFs?$CI?$CFd?$CJ?5?$HL?6?$AA@ 000000014000a408     umodsys_lib_basesys:umodsys.basesys.rmodule.obj
 0002:00001428       ??_C@_0BK@DNNMLLHP@?5?5?5?5?5?5REFOBJECT?5?$CFs?$CI?$CFd?$CJ?5?$HL?6?$AA@ 000000014000a428     umodsys_lib_basesys:umodsys.basesys.rmodule.obj
 0002:00001448       ??_C@_0BF@CJPCFEEB@?5?5?5?5?5?5?5?5TYPE?5?$CFs?$CI?$CFd?$CJ?6?$AA@ 000000014000a448     umodsys_lib_basesys:umodsys.basesys.rmodule.obj
 0002:00001460       ??_C@_0BM@PFPEFHDC@?5?5?5?5?5?5?$HN?5?$CD?5REFOBJECT?5?$CFs?$CI?$CFd?$CJ?6?$AA@ 000000014000a460     umodsys_lib_basesys:umodsys.basesys.rmodule.obj
 0002:00001480       ??_C@_0CB@PCDHJLII@?5?5?5?5?$HN?5?$CD?5GENERATOR?5?$CFs?$CI?$CFd?$CJ?5?$CFs?$CI?$CFd?$CJ?6@ 000000014000a480     umodsys_lib_basesys:umodsys.basesys.rmodule.obj
 0002:000014a8       ??_C@_0BI@OGBPJMLO@?5?5?$HN?5?$CD?5MODULE?5?$CFs?$CI?$CFd?0?$CFd?$CJ?6?$AA@ 000000014000a4a8     umodsys_lib_basesys:umodsys.basesys.rmodule.obj
 0002:000014c8       ??_7RModule@rsystem@base@UModSys@@6B@ 000000014000a4c8     umodsys_lib_basesys:umodsys.basesys.rmodule.obj
 0002:00001560       ??_C@_0M@KEHKBKEH@?5?5so?3?5?$CC?$CFs?$CC?6?$AA@ 000000014000a560     umodsys_lib_basesys:umodsys.basesys.rmodulelibso.obj
 0002:00001570       ??_C@_0BF@IKAEAMGP@?5?5?5?5so?5loaded?3?5?$CC?$CFs?$CC?6?$AA@ 000000014000a570     umodsys_lib_basesys:umodsys.basesys.rmodulelibso.obj
 0002:00001588       ??_C@_0O@MCPOKEFF@?5?5?5?5so?5added?6?$AA@ 000000014000a588     umodsys_lib_basesys:umodsys.basesys.rmodulelibso.obj
 0002:00001598       ??_C@_0BE@BFONLBBI@?5?5?5?5so?5dup?5with?5?$CFd?6?$AA@ 000000014000a598     umodsys_lib_basesys:umodsys.basesys.rmodulelibso.obj
 0002:000015b8       ??_7RModuleLibrarySO@rsystem@base@UModSys@@6B@ 000000014000a5b8     umodsys_lib_basesys:umodsys.basesys.rmodulelibso.obj
 0002:00001688       ??_7RModuleLibraryReg_Chain@base@UModSys@@6B@ 000000014000a688     umodsys_lib_base:umodsys.base.moduleregchain.obj
 0002:000016c0       ??_7IModuleReg@base@UModSys@@6B@ 000000014000a6c0     umodsys_lib_base:umodsys.base.modulereg.obj
 0002:000016f8       ??_7IModuleLibraryReg@base@UModSys@@6B@ 000000014000a6f8     umodsys_lib_base:umodsys.base.modulereg.obj
 0002:00001930       ??_R4type_info@@6B@        000000014000a930     MSVCRT:ti_inst.obj
 0002:00001958       ??_R3type_info@@8          000000014000a958     MSVCRT:ti_inst.obj
 0002:00001970       ??_R2type_info@@8          000000014000a970     MSVCRT:ti_inst.obj
 0002:00001980       ??_R1A@?0A@EA@type_info@@8 000000014000a980     MSVCRT:ti_inst.obj
 0002:000019a8       ??_R4RStdIo_ModuleReg@media@UModSys@@6B@ 000000014000a9a8     umodsys_lib_libmedia:umodsys.mod.media.stdio.obj
 0002:000019d0       ??_R3RStdIo_ModuleReg@media@UModSys@@8 000000014000a9d0     umodsys_lib_libmedia:umodsys.mod.media.stdio.obj
 0002:000019e8       ??_R2RStdIo_ModuleReg@media@UModSys@@8 000000014000a9e8     umodsys_lib_libmedia:umodsys.mod.media.stdio.obj
 0002:00001a00       ??_R1A@?0A@EA@IModuleReg@base@UModSys@@8 000000014000aa00     umodsys_lib_libmedia:umodsys.mod.media.stdio.obj
[...]
 0003:00002d60       ?s_id@?$TObjectUniqueID@UISystem@base@UModSys@@@tl@UModSys@@2USUniquePointer@core@3@A 000000014000fd60     umodsys.c_main.obj
 0003:00002d90       ?s_id@?$TObjectUniqueID@UIRefObject@core@UModSys@@@tl@UModSys@@2USUniquePointer@core@3@A 000000014000fd90     umodsys.c_main.obj
 0003:00002dc0       ?s_id@?$TObjectUniqueID@URModule@rsystem@base@UModSys@@@tl@UModSys@@2USUniquePointer@core@3@A 000000014000fdc0     umodsys.c_main.obj
 0003:00002df0       ?s_id@?$TObjectUniqueID@UIShell@base@UModSys@@@tl@UModSys@@2USUniquePointer@core@3@A 000000014000fdf0     umodsys.c_main.obj
 0003:00002e20       ?s_id@?$TObjectUniqueID@UIConsole@base@UModSys@@@tl@UModSys@@2USUniquePointer@core@3@A 000000014000fe20     umodsys.c_main.obj
 0003:00002e50       ?s_id@?$TObjectUniqueID@UIModuleLibrary@base@UModSys@@@tl@UModSys@@2USUniquePointer@core@3@A 000000014000fe50     umodsys.c_main.obj
 0003:00002e80       ?s_id@?$TObjectUniqueID@URModuleLibraryThis@rsystem@base@UModSys@@@tl@UModSys@@2USUniquePointer@core@3@A 000000014000fe80     umodsys.c_main.obj
 0003:00002eb0       ?s_id@?$TObjectUniqueID@URModuleLibrarySO@rsystem@base@UModSys@@@tl@UModSys@@2USUniquePointer@core@3@A 000000014000feb0     umodsys.c_main.obj
 0003:00002ee0       ?s_id@?$TObjectUniqueID@UIParameters@core@UModSys@@@tl@UModSys@@2USUniquePointer@core@3@A 000000014000fee0     umodsys.c_main.obj
 0003:00002f10       ?s_id@?$TObjectUniqueID@URSystem@rsystem@base@UModSys@@@tl@UModSys@@2USUniquePointer@core@3@A 000000014000ff10     umodsys.c_main.obj
 0003:00002f40       ?s_id@?$TObjectUniqueID@URParameters@rsystem@base@UModSys@@@tl@UModSys@@2USUniquePointer@core@3@A 000000014000ff40     umodsys.c_main.obj
 0003:00002f70       ?s_id@?$TObjectUniqueID@UIDataArchive@media@UModSys@@@tl@UModSys@@2USUniquePointer@core@3@A 000000014000ff70     umodsys_lib_libmedia:umodsys.mod.media.stdio.obj
 0003:00002fa0       ?s_id@?$TObjectUniqueID@URStdIo_Generator@media@UModSys@@@tl@UModSys@@2USUniquePointer@core@3@A 000000014000ffa0     umodsys_lib_libmedia:umodsys.mod.media.stdio.obj
 0003:00002fd0       ?s_id@?$TObjectUniqueID@UIStreamWriter@media@UModSys@@@tl@UModSys@@2USUniquePointer@core@3@A 000000014000ffd0     umodsys_lib_libmedia:umodsys.mod.media.stdio.obj
 0003:00003000       ?s_id@?$TObjectUniqueID@UIStreamReader@media@UModSys@@@tl@UModSys@@2USUniquePointer@core@3@A 0000000140010000     umodsys_lib_libmedia:umodsys.mod.media.stdio.obj
 0003:00003030       ?s_id@?$TObjectUniqueID@URStreamReader_FILE@media@UModSys@@@tl@UModSys@@2USUniquePointer@core@3@A 0000000140010030     umodsys_lib_libmedia:umodsys.mod.media.stdio.obj
 0003:00003060       __native_startup_state     0000000140010060     <common>
 0003:00003068       __native_startup_lock      0000000140010068     <common>
 0003:00003070       __dyn_tls_init_callback    0000000140010070     <common>
 0003:00003078       __onexitend                0000000140010078     <common>
 0003:00003080       __onexitbegin              0000000140010080     <common>

 entry point at        0001:00006460

 Static symbols

 0001:000040d8       ?s_pwd_init@@YAXXZ         00000001400050d8 f    CIL library: CIL module
 0001:000042f8       ?s_pfd_scan@@YA_KPEAUISystem@base@UModSys@@AEAU?$TDynarrayDynamic@U?$TRefObject@URModuleLibrarySO@rsystem@base@UModSys@@@tl@UModSys@@U?$TAllocator@USMemAlloc_Malloc@core@UModSys@@USCountCalcPower2@23@@23@@tl@3@PEBD22@Z 00000001400052f8 f    CIL library: CIL module
 0001:00006190       pre_cpp_init               0000000140007190 f   MSVCRT:crtexe.obj
 0001:000061f8       __tmainCRTStartup          00000001400071f8 f   MSVCRT:crtexe.obj
 0001:00006378       pre_c_init                 0000000140007378 f   MSVCRT:crtexe.obj
 0001:000068a0       _onexit$fin$0              00000001400078a0 f   MSVCRT:atonexit.obj
 0001:000068b9       __tmainCRTStartup$filt$0   00000001400078b9 f   MSVCRT:crtexe.obj
 0001:000068e0       _IsNonwritableInCurrentImage$filt$0 00000001400078e0 f   MSVCRT:pesect.obj
 0001:00006901       ?filt$0@?0??__ArrayUnwind@@YAXPEAX_KHP6AX0@Z@Z@4HA 0000000140007901 f   MSVCRT:ehvecdtr.obj
 0001:00006940       ?fin$0@?0???_M@YAXPEAX_KHP6AX0@Z@Z@4HA 0000000140007940 f   MSVCRT:ehvecdtr.obj
 0001:0000696a       ?dtor$0@?0???1?$TQuantArrayUnique@USUniquePointerInfo@core@UModSys@@$0BAA@USMemAlloc_Malloc@23@@tl@UModSys@@QEAA@XZ@4HA 000000014000796a f    CIL library: CIL module
 0001:00006982       ?dtor$0@?0???1RModuleLoader@rsystem@base@UModSys@@UEAA@XZ@4HA 0000000140007982 f    CIL library: CIL module
 0001:000069a2       ?dtor$1@?0???1RModuleLoader@rsystem@base@UModSys@@UEAA@XZ@4HA 00000001400079a2 f    CIL library: CIL module
 0001:000069c2       ?dtor$2@?0???1RModuleLoader@rsystem@base@UModSys@@UEAA@XZ@4HA 00000001400079c2 f    CIL library: CIL module
 0001:000069de       ?dtor$0@?0???1RSystem@rsystem@base@UModSys@@UEAA@XZ@4HA 00000001400079de f    CIL library: CIL module
 0001:000069fe       ?dtor$1@?0???1RSystem@rsystem@base@UModSys@@UEAA@XZ@4HA 00000001400079fe f    CIL library: CIL module
 0001:00006a1e       ?dtor$2@?0???1RSystem@rsystem@base@UModSys@@UEAA@XZ@4HA 0000000140007a1e f    CIL library: CIL module
 0001:00006a3e       ?dtor$3@?0???1RSystem@rsystem@base@UModSys@@UEAA@XZ@4HA 0000000140007a3e f    CIL library: CIL module
 0001:00006a5e       ?dtor$4@?0???1RSystem@rsystem@base@UModSys@@UEAA@XZ@4HA 0000000140007a5e f    CIL library: CIL module
 0001:00006a7e       ?dtor$5@?0???1RSystem@rsystem@base@UModSys@@UEAA@XZ@4HA 0000000140007a7e f    CIL library: CIL module
 0001:00006a9e       ?dtor$9@?0???1RSystem@rsystem@base@UModSys@@UEAA@XZ@4HA 0000000140007a9e f    CIL library: CIL module
 0001:00006abe       ?dtor$10@?0???1RSystem@rsystem@base@UModSys@@UEAA@XZ@4HA 0000000140007abe f    CIL library: CIL module
 0001:00006ad6       ?dtor$0@?0??mem_free@?$TRMemAlloc_CC@U?$TMemAllocHeader@USMagic@mem_headers@rsystem@base@UModSys@@U?$TPool@X@2345@USDebug@2345@UVoid@core@5@@rsystem@base@UModSys@@USMemAlloc_Malloc@core@4@@rsystem@base@UModSys@@UEAAXPEAXPEBUSSourceContext@core@4@@Z@4HA 0000000140007ad6 f    CIL library: CIL module
 0001:00006aee       ?dtor$0@?0??mem_realloc@?$TRMemAlloc_CC@U?$TMemAllocHeader@USMagic@mem_headers@rsystem@base@UModSys@@U?$TPool@X@2345@USDebug@2345@UVoid@core@5@@rsystem@base@UModSys@@USMemAlloc_Malloc@core@4@@rsystem@base@UModSys@@UEAAPEAXPEAX_KPEBUSSourceContext@core@4@@Z@4HA 0000000140007aee f    CIL library: CIL module
 0001:00006b0e       ?dtor$1@?0??mem_realloc@?$TRMemAlloc_CC@U?$TMemAllocHeader@USMagic@mem_headers@rsystem@base@UModSys@@U?$TPool@X@2345@USDebug@2345@UVoid@core@5@@rsystem@base@UModSys@@USMemAlloc_Malloc@core@4@@rsystem@base@UModSys@@UEAAPEAXPEAX_KPEBUSSourceContext@core@4@@Z@4HA 0000000140007b0e f    CIL library: CIL module
 0001:00006b26       ?dtor$0@?0??generate@RStdIo_Generator@media@UModSys@@UEAA_NAEAU?$TRefObject@UIRefObject@core@UModSys@@@tl@3@PEBUSUniquePointerInfo@core@3@AEBUSParameters@73@@Z@4HA 0000000140007b26 f    CIL library: CIL module
 0001:00006b46       ?dtor$1@?0??generate@RStdIo_Generator@media@UModSys@@UEAA_NAEAU?$TRefObject@UIRefObject@core@UModSys@@@tl@3@PEBUSUniquePointerInfo@core@3@AEBUSParameters@73@@Z@4HA 0000000140007b46 f    CIL library: CIL module
 0001:00006b66       ?dtor$2@?0??generate@RStdIo_Generator@media@UModSys@@UEAA_NAEAU?$TRefObject@UIRefObject@core@UModSys@@@tl@3@PEBUSUniquePointerInfo@core@3@AEBUSParameters@73@@Z@4HA 0000000140007b66 f    CIL library: CIL module
 0001:00006b7e       ?dtor$0@?0??suicide@RStreamReader_FILE@media@UModSys@@UEAAXXZ@4HA 0000000140007b7e f    CIL library: CIL module
 0001:00006b7e       ?dtor$0@?0??suicide@RModule@rsystem@base@UModSys@@UEAAXXZ@4HA 0000000140007b7e f    CIL library: CIL module
 0001:00006b96       ?dtor$0@?0???_GRModuleLibrarySO@rsystem@base@UModSys@@UEAAPEAXI@Z@4HA 0000000140007b96 f    CIL library: CIL module
 0001:00006b96       ?dtor$0@?0???_GRModuleLibraryThis@rsystem@base@UModSys@@UEAAPEAXI@Z@4HA 0000000140007b96 f    CIL library: CIL module
 0001:00006bae       ?dtor$0@?0??link@IModuleLibraryUni@rsystem@base@UModSys@@QEAA_NXZ@4HA 0000000140007bae f    CIL library: CIL module
 0001:00006bce       ?dtor$2@?0??link@IModuleLibraryUni@rsystem@base@UModSys@@QEAA_NXZ@4HA 0000000140007bce f    CIL library: CIL module
 0001:00006bee       ?dtor$3@?0??link@IModuleLibraryUni@rsystem@base@UModSys@@QEAA_NXZ@4HA 0000000140007bee f    CIL library: CIL module
 0001:00006c0e       ?dtor$4@?0??link@IModuleLibraryUni@rsystem@base@UModSys@@QEAA_NXZ@4HA 0000000140007c0e f    CIL library: CIL module
 0001:00006c2e       ?dtor$5@?0??link@IModuleLibraryUni@rsystem@base@UModSys@@QEAA_NXZ@4HA 0000000140007c2e f    CIL library: CIL module
 0001:00006c4d       ?dtor$0@?0??exec_test_shells@RSystem@rsystem@base@UModSys@@QEAA_NXZ@4HA 0000000140007c4d f    CIL library: CIL module
 0001:00006c6d       ?dtor$1@?0??exec_test_shells@RSystem@rsystem@base@UModSys@@QEAA_NXZ@4HA 0000000140007c6d f    CIL library: CIL module
 0001:00006c8d       ?dtor$3@?0??exec_test_shells@RSystem@rsystem@base@UModSys@@QEAA_NXZ@4HA 0000000140007c8d f    CIL library: CIL module
 0001:00006ca8       ?dtor$1@?0??s_add@RModuleLibrarySO@rsystem@base@UModSys@@SA_NPEAUISystem@34@AEAU?$TDynarrayDynamic@U?$TRefObject@URModuleLibrarySO@rsystem@base@UModSys@@@tl@UModSys@@U?$TAllocator@USMemAlloc_Malloc@core@UModSys@@USCountCalcPower2@23@@23@@tl@4@PEBD@Z@4HA 0000000140007ca8 f    CIL library: CIL module
 0001:00006cc4       ??__E?s_id@?$TObjectUniqueID@UIRoot@core@UModSys@@@tl@UModSys@@2USUniquePointer@core@3@A@@YAXXZ 0000000140007cc4 f    CIL library: CIL module
 0001:00006cf8       ??__E?s_id@?$TObjectUniqueID@UIRefObject@core@UModSys@@@tl@UModSys@@2USUniquePointer@core@3@A@@YAXXZ 0000000140007cf8 f    CIL library: CIL module
 0001:00006d2c       ??__E?s_id@?$TObjectUniqueID@UIParameters@core@UModSys@@@tl@UModSys@@2USUniquePointer@core@3@A@@YAXXZ 0000000140007d2c f    CIL library: CIL module
 0001:00006d60       ??__E?s_id@?$TObjectUniqueID@UIModule@base@UModSys@@@tl@UModSys@@2USUniquePointer@core@3@A@@YAXXZ 0000000140007d60 f    CIL library: CIL module
 0001:00006d94       ??__E?s_id@?$TObjectUniqueID@UIModuleLibrary@base@UModSys@@@tl@UModSys@@2USUniquePointer@core@3@A@@YAXXZ 0000000140007d94 f    CIL library: CIL module
 0001:00006dc8       ??__E?s_id@?$TObjectUniqueID@UIModObject@base@UModSys@@@tl@UModSys@@2USUniquePointer@core@3@A@@YAXXZ 0000000140007dc8 f    CIL library: CIL module
 0001:00006dfc       ??__E?s_id@?$TObjectUniqueID@UIGenerator@base@UModSys@@@tl@UModSys@@2USUniquePointer@core@3@A@@YAXXZ 0000000140007dfc f    CIL library: CIL module
 0001:00006e30       ??__E?s_id@?$TObjectUniqueID@UIShell@base@UModSys@@@tl@UModSys@@2USUniquePointer@core@3@A@@YAXXZ 0000000140007e30 f    CIL library: CIL module
 0001:00006e64       ??__E?s_id@?$TObjectUniqueID@UIConsole@base@UModSys@@@tl@UModSys@@2USUniquePointer@core@3@A@@YAXXZ 0000000140007e64 f    CIL library: CIL module
 0001:00006e98       ??__E?s_id@?$TObjectUniqueID@UISystem@base@UModSys@@@tl@UModSys@@2USUniquePointer@core@3@A@@YAXXZ 0000000140007e98 f    CIL library: CIL module
 0001:00006ecc       ??__E?s_id@?$TObjectUniqueID@URModule@rsystem@base@UModSys@@@tl@UModSys@@2USUniquePointer@core@3@A@@YAXXZ 0000000140007ecc f    CIL library: CIL module
 0001:00006f00       ??__E?s_id@?$TObjectUniqueID@UIModuleLibraryUni@rsystem@base@UModSys@@@tl@UModSys@@2USUniquePointer@core@3@A@@YAXXZ 0000000140007f00 f    CIL library: CIL module
 0001:00006f34       ??__E?s_id@?$TObjectUniqueID@URModuleLibrarySO@rsystem@base@UModSys@@@tl@UModSys@@2USUniquePointer@core@3@A@@YAXXZ 0000000140007f34 f    CIL library: CIL module
 0001:00006f68       ??__E?s_id@?$TObjectUniqueID@URModuleLibraryThis@rsystem@base@UModSys@@@tl@UModSys@@2USUniquePointer@core@3@A@@YAXXZ 0000000140007f68 f    CIL library: CIL module
 0001:00006f9c       ??__E?s_id@?$TObjectUniqueID@URParameters@rsystem@base@UModSys@@@tl@UModSys@@2USUniquePointer@core@3@A@@YAXXZ 0000000140007f9c f    CIL library: CIL module
 0001:00006fd0       ??__E?s_id@?$TObjectUniqueID@URSystem@rsystem@base@UModSys@@@tl@UModSys@@2USUniquePointer@core@3@A@@YAXXZ 0000000140007fd0 f    CIL library: CIL module
 0001:00007004       ??__E?s_id@?$TObjectUniqueID@URConsole_std@rsystem@base@UModSys@@@tl@UModSys@@2USUniquePointer@core@3@A@@YAXXZ 0000000140008004 f    CIL library: CIL module
 0001:00007038       ??__E?s_modreg@RStdIo_ModuleReg@media@UModSys@@2U123@A@@YAXXZ 0000000140008038 f    CIL library: CIL module
 0001:00007044       ??__E?s_modreg_chain@RStdIo_ModuleReg@media@UModSys@@2USModuleRegChain@base@3@A@@YAXXZ 0000000140008044 f    CIL library: CIL module
 0001:00007080       ??__E?s_uid@RStdIo_Generator@media@UModSys@@2USUniquePointer@core@3@A@@YAXXZ 0000000140008080 f    CIL library: CIL module
 0001:000070b4       ??__E?s_id@?$TObjectUniqueID@UIStreamReader@media@UModSys@@@tl@UModSys@@2USUniquePointer@core@3@A@@YAXXZ 00000001400080b4 f    CIL library: CIL module
 0001:000070e8       ??__E?s_id@?$TObjectUniqueID@UIStreamWriter@media@UModSys@@@tl@UModSys@@2USUniquePointer@core@3@A@@YAXXZ 00000001400080e8 f    CIL library: CIL module
 0001:0000711c       ??__E?s_id@?$TObjectUniqueID@UIDataArchive@media@UModSys@@@tl@UModSys@@2USUniquePointer@core@3@A@@YAXXZ 000000014000811c f    CIL library: CIL module
 0001:00007150       ??__E?s_id@?$TObjectUniqueID@URStreamReader_FILE@media@UModSys@@@tl@UModSys@@2USUniquePointer@core@3@A@@YAXXZ 0000000140008150 f    CIL library: CIL module
 0001:00007184       ??__E?s_id@?$TObjectUniqueID@URStdIo_Generator@media@UModSys@@@tl@UModSys@@2USUniquePointer@core@3@A@@YAXXZ 0000000140008184 f    CIL library: CIL module
 0001:000071b8       ??__E?s_console@RConsole_std@rsystem@base@UModSys@@2U1234@A@@YAXXZ 00000001400081b8 f    CIL library: CIL module
 0001:000071c4       ??__E?s_sys@RSystem@rsystem@base@UModSys@@2U1234@A@@YAXXZ 00000001400081c4 f    CIL library: CIL module
 0001:000071d0       ??__Ersys_dbg@rsystem@base@UModSys@@YAXXZ 00000001400081d0 f    CIL library: CIL module
 0001:000071dc       ??__EM@UModSys@@YAXXZ      00000001400081dc f    CIL library: CIL module
 0001:000071e8       ??__E?root@SModuleRegChain@base@UModSys@@2U123@A@@YAXXZ 00000001400081e8 f    CIL library: CIL module
 0001:000071f4       ??__E?s_library@RModuleLibraryReg_Chain@base@UModSys@@2U123@A@@YAXXZ 00000001400081f4 f    CIL library: CIL module
 0001:00007200       ??__E?root@SUniquePointer@core@UModSys@@2U123@A@@YAXXZ 0000000140008200 f    CIL library: CIL module
 0001:0000720c       ??__F?s_id@?$TObjectUniqueID@URConsole_std@rsystem@base@UModSys@@@tl@UModSys@@2USUniquePointer@core@3@A@@YAXXZ 000000014000820c f    CIL library: CIL module
 0001:00007218       ??__F?s_id@?$TObjectUniqueID@URSystem@rsystem@base@UModSys@@@tl@UModSys@@2USUniquePointer@core@3@A@@YAXXZ 0000000140008218 f    CIL library: CIL module
 0001:00007224       ??__F?s_id@?$TObjectUniqueID@URParameters@rsystem@base@UModSys@@@tl@UModSys@@2USUniquePointer@core@3@A@@YAXXZ 0000000140008224 f    CIL library: CIL module
 0001:00007230       ??__F?s_id@?$TObjectUniqueID@URModuleLibraryThis@rsystem@base@UModSys@@@tl@UModSys@@2USUniquePointer@core@3@A@@YAXXZ 0000000140008230 f    CIL library: CIL module
 0001:0000723c       ??__F?s_id@?$TObjectUniqueID@URModuleLibrarySO@rsystem@base@UModSys@@@tl@UModSys@@2USUniquePointer@core@3@A@@YAXXZ 000000014000823c f    CIL library: CIL module
 0001:00007248       ??__F?s_id@?$TObjectUniqueID@UIModuleLibraryUni@rsystem@base@UModSys@@@tl@UModSys@@2USUniquePointer@core@3@A@@YAXXZ 0000000140008248 f    CIL library: CIL module
 0001:00007254       ??__F?s_id@?$TObjectUniqueID@URModule@rsystem@base@UModSys@@@tl@UModSys@@2USUniquePointer@core@3@A@@YAXXZ 0000000140008254 f    CIL library: CIL module
 0001:00007260       ??__F?s_id@?$TObjectUniqueID@UISystem@base@UModSys@@@tl@UModSys@@2USUniquePointer@core@3@A@@YAXXZ 0000000140008260 f    CIL library: CIL module
 0001:0000726c       ??__F?s_id@?$TObjectUniqueID@UIConsole@base@UModSys@@@tl@UModSys@@2USUniquePointer@core@3@A@@YAXXZ 000000014000826c f    CIL library: CIL module
 0001:00007278       ??__F?s_id@?$TObjectUniqueID@UIShell@base@UModSys@@@tl@UModSys@@2USUniquePointer@core@3@A@@YAXXZ 0000000140008278 f    CIL library: CIL module
 0001:00007284       ??__F?s_id@?$TObjectUniqueID@UIGenerator@base@UModSys@@@tl@UModSys@@2USUniquePointer@core@3@A@@YAXXZ 0000000140008284 f    CIL library: CIL module
 0001:00007290       ??__F?s_id@?$TObjectUniqueID@UIModObject@base@UModSys@@@tl@UModSys@@2USUniquePointer@core@3@A@@YAXXZ 0000000140008290 f    CIL library: CIL module
 0001:0000729c       ??__F?s_id@?$TObjectUniqueID@UIModuleLibrary@base@UModSys@@@tl@UModSys@@2USUniquePointer@core@3@A@@YAXXZ 000000014000829c f    CIL library: CIL module
 0001:000072a8       ??__F?s_id@?$TObjectUniqueID@UIModule@base@UModSys@@@tl@UModSys@@2USUniquePointer@core@3@A@@YAXXZ 00000001400082a8 f    CIL library: CIL module
 0001:000072b4       ??__F?s_id@?$TObjectUniqueID@UIParameters@core@UModSys@@@tl@UModSys@@2USUniquePointer@core@3@A@@YAXXZ 00000001400082b4 f    CIL library: CIL module
 0001:000072c0       ??__F?s_id@?$TObjectUniqueID@UIRefObject@core@UModSys@@@tl@UModSys@@2USUniquePointer@core@3@A@@YAXXZ 00000001400082c0 f    CIL library: CIL module
 0001:000072cc       ??__F?s_id@?$TObjectUniqueID@UIRoot@core@UModSys@@@tl@UModSys@@2USUniquePointer@core@3@A@@YAXXZ 00000001400082cc f    CIL library: CIL module
 0001:000072d8       ??__F?s_modreg@RStdIo_ModuleReg@media@UModSys@@2U123@A@@YAXXZ 00000001400082d8 f    CIL library: CIL module
 0001:000072e8       ??__F?s_modreg_chain@RStdIo_ModuleReg@media@UModSys@@2USModuleRegChain@base@3@A@@YAXXZ 00000001400082e8 f    CIL library: CIL module
 0001:00007328       ??__F?s_uid@RStdIo_Generator@media@UModSys@@2USUniquePointer@core@3@A@@YAXXZ 0000000140008328 f    CIL library: CIL module
 0001:00007334       ??__Fh@?1??s_holder@RStdIo_Generator@media@UModSys@@SAAEAU?$TTypeStaticHolder@URStdIo_Generator@media@UModSys@@@tl@3@XZ@YAXXZ 0000000140008334 f    CIL library: CIL module
 0001:0000735c       ??__F?s_id@?$TObjectUniqueID@URStdIo_Generator@media@UModSys@@@tl@UModSys@@2USUniquePointer@core@3@A@@YAXXZ 000000014000835c f    CIL library: CIL module
 0001:00007368       ??__F?s_id@?$TObjectUniqueID@URStreamReader_FILE@media@UModSys@@@tl@UModSys@@2USUniquePointer@core@3@A@@YAXXZ 0000000140008368 f    CIL library: CIL module
 0001:00007374       ??__F?s_id@?$TObjectUniqueID@UIDataArchive@media@UModSys@@@tl@UModSys@@2USUniquePointer@core@3@A@@YAXXZ 0000000140008374 f    CIL library: CIL module
 0001:00007380       ??__F?s_id@?$TObjectUniqueID@UIStreamWriter@media@UModSys@@@tl@UModSys@@2USUniquePointer@core@3@A@@YAXXZ 0000000140008380 f    CIL library: CIL module
 0001:0000738c       ??__F?s_id@?$TObjectUniqueID@UIStreamReader@media@UModSys@@@tl@UModSys@@2USUniquePointer@core@3@A@@YAXXZ 000000014000838c f    CIL library: CIL module
 0001:00007398       ??__F?s_console@RConsole_std@rsystem@base@UModSys@@2U1234@A@@YAXXZ 0000000140008398 f    CIL library: CIL module
 0001:000073d8       ??__F?s_sys@RSystem@rsystem@base@UModSys@@2U1234@A@@YAXXZ 00000001400083d8 f    CIL library: CIL module
 0001:000073e4       ??__Frsys_dbg@rsystem@base@UModSys@@YAXXZ 00000001400083e4 f    CIL library: CIL module
 0001:00007408       ??__FM@UModSys@@YAXXZ      0000000140008408 f    CIL library: CIL module
 0001:0000740c       ??__F?root@SModuleRegChain@base@UModSys@@2U123@A@@YAXXZ 000000014000840c f    CIL library: CIL module
 0001:0000744c       ??__F?s_library@RModuleLibraryReg_Chain@base@UModSys@@2U123@A@@YAXXZ 000000014000844c f    CIL library: CIL module
 0001:0000745c       ??__F?root@SUniquePointer@core@UModSys@@2U123@A@@YAXXZ 000000014000845c f    CIL library: CIL module

 Exports

  ordinal    name

        1    UModSys_Plugin_Entry2
