 umodsysc

 Timestamp is 52a1f35d (Fri Dec 06 18:55:09 2013)

 Preferred load address is 0000000140000000

 Start         Length     Name                   Class
 0001:00000000 0000ddfcH .text                   CODE
 0001:0000de00 0000005eH .text$00                CODE
 0001:0000de60 00000ab7H .text$x                 CODE
 0001:0000e918 00000a30H .text$yc                CODE
 0001:0000f348 00000394H .text$yd                CODE
 0002:00000000 00000258H .idata$5                DATA
 0002:00000258 00000008H .CRT$XCA                DATA
 0002:00000260 00000008H .CRT$XCAA               DATA
 0002:00000268 000003d0H .CRT$XCU                DATA
 0002:00000638 00000008H .CRT$XCZ                DATA
 0002:00000640 00000008H .CRT$XIA                DATA
 0002:00000648 00000008H .CRT$XIAA               DATA
 0002:00000650 00000008H .CRT$XIY                DATA
 0002:00000658 00000008H .CRT$XIZ                DATA
 0002:00000660 000029c8H .rdata                  DATA
 0002:00003030 00001d04H .rdata$r                DATA
 0002:00004d38 00000008H .rtc$IAA                DATA
 0002:00004d40 00000008H .rtc$IZZ                DATA
 0002:00004d48 00000008H .rtc$TAA                DATA
 0002:00004d50 00000008H .rtc$TZZ                DATA
 0002:00004d58 00001840H .xdata                  DATA
 0002:00006598 000000e4H .xdata$x                DATA
 0002:0000667c 00000028H .idata$2                DATA
 0002:000066a4 00000014H .idata$3                DATA
 0002:000066b8 00000258H .idata$4                DATA
 0002:00006910 00000478H .idata$6                DATA
 0002:00006d90 00000055H .edata                  DATA
 0003:00000000 00001184H .data                   DATA
 0003:00001190 000028e8H .bss                    DATA
 0004:00000000 000013d4H .pdata                  DATA

  Address         Publics by Value              Rva+Base               Lib:Object

 0000:00000000       ___safe_se_handler_count   0000000000000000     <absolute>
 0000:00000000       ___safe_se_handler_table   0000000000000000     <absolute>
 0000:00000000       __ImageBase                0000000140000000     <linker-defined>
 0001:00000000       main                       0000000140001000 f   umodsys.c_main.obj
 0001:0000032c       ??0?$TString@U?$TSCoreConst@D@su@tl@UModSys@@U?$TComparerBinaryHash@D@234@@tl@UModSys@@QEAA@PEBD@Z 000000014000132c f i umodsys.c_main.obj
 0001:00000398       ??1SCMemShared@core@UModSys@@QEAA@XZ 0000000140001398 f i umodsys_lib_libmedia:umodsys.mod.media.std.obj
 0001:00000398       ??1SMemShared@core@UModSys@@QEAA@XZ 0000000140001398 f i umodsys_lib_libmedia:umodsys.mod.media.std.obj
 0001:00000398       ??1SInfo@IBinObjFilter@libmedia@UModSys@@QEAA@XZ 0000000140001398 f i umodsys_lib_libmedia:umodsys.mod.media.std.obj
 0001:000003c8       ??6SUniquePtrList@core@UModSys@@QEAAAEAU012@PEBUSUniquePointerInfo@12@@Z 00000001400013c8 f i umodsys_lib_libmedia:umodsys.mod.media.std.obj
 0001:00000480       ??3IRoot@core@UModSys@@SAXPEAXAEBUSIMemAlloc@12@@Z 0000000140001480 f i umodsys_lib_libmedia:umodsys.mod.media.std.obj
 0001:000004ac       ?get_flag@RResolverChain@SFlagsChain@libmedia@UModSys@@UEBA?AW4eStates@?$TFlags4State@USMediaFlagUid@libmedia@UModSys@@I@tl@4@H@Z 00000001400014ac f i umodsys_lib_libmedia:umodsys.mod.media.std.obj
 0001:000004ec       ??1SPoint@ILibraryBinTree@libmedia@UModSys@@QEAA@XZ 00000001400014ec f i umodsys_lib_libmedia:umodsys.mod.media.std.obj
 0001:000004ec       ??1SLayer@ILibraryLayered@libmedia@UModSys@@QEAA@XZ 00000001400014ec f i umodsys_lib_libmedia:umodsys.mod.media.std.obj
 0001:00000510       ?root_get_interface_info@RLibraryBinCache@std@media@modules@UModSys@@UEBAAEBUSUniquePointerInfo@core@5@XZ 0000000140001510 f i umodsys_lib_libmedia:umodsys.mod.media.std.obj
 0001:00000518       ?root_get_interface_type@RLibraryBinCache@std@media@modules@UModSys@@UEBAPEBUSUniquePointerInfo@core@5@XZ 0000000140001518 f i umodsys_lib_libmedia:umodsys.mod.media.std.obj
 0001:00000520       ?root_get_other_interface@RLibraryBinCache@std@media@modules@UModSys@@UEAAPEAUIRoot@core@5@PEBUSUniquePointerInfo@75@@Z 0000000140001520 f i umodsys_lib_libmedia:umodsys.mod.media.std.obj
 0001:00000520       ?root_get_other_interface@RLibraryBinCache@std@media@modules@UModSys@@UEBAPEBUIRoot@core@5@PEBUSUniquePointerInfo@75@@Z 0000000140001520 f i umodsys_lib_libmedia:umodsys.mod.media.std.obj
 0001:00000558       ?root_is_interface_supported@RLibraryBinCache@std@media@modules@UModSys@@UEBA_NPEBUSUniquePointerInfo@core@5@@Z 0000000140001558 f i umodsys_lib_libmedia:umodsys.mod.media.std.obj
 0001:00000590       ?suicide@RLibraryBinCache@std@media@modules@UModSys@@UEAAXXZ 0000000140001590 f i umodsys_lib_libmedia:umodsys.mod.media.std.obj
 0001:00000590       ?suicide@RLibraryObjFilter@std@media@modules@UModSys@@UEAAXXZ 0000000140001590 f i umodsys_lib_libmedia:umodsys.mod.media.std.obj
 0001:00000590       ?suicide@RLibraryLayered@std@media@modules@UModSys@@UEAAXXZ 0000000140001590 f i umodsys_lib_libmedia:umodsys.mod.media.std.obj
 0001:00000590       ?suicide@RDataArchiver_OsDir@stdio@media@modules@UModSys@@UEAAXXZ 0000000140001590 f i umodsys_lib_libmedia:umodsys.mod.media.stdio.obj
 0001:00000590       ?suicide@RLibraryBinTree@std@media@modules@UModSys@@UEAAXXZ 0000000140001590 f i umodsys_lib_libmedia:umodsys.mod.media.std.obj
 0001:00000590       ?suicide@RLibraryObjCache@std@media@modules@UModSys@@UEAAXXZ 0000000140001590 f i umodsys_lib_libmedia:umodsys.mod.media.std.obj
 0001:000005dc       ?get_flags_auto@RLibraryBinCache@std@media@modules@UModSys@@UEBA?AU?$TFlags4State@USMediaFlagUid@libmedia@UModSys@@I@tl@5@XZ 00000001400015dc f i umodsys_lib_libmedia:umodsys.mod.media.std.obj
 0001:000005e8       ?bin_load@RLibraryBinCache@std@media@modules@UModSys@@UEAA_NAEBU?$TString@U?$TSCoreConst@D@su@tl@UModSys@@U?$TComparerBinaryHash@D@234@@tl@5@AEAUSCMemShared@core@5@AEBUSFlags@libmedia@5@@Z 00000001400015e8 f i umodsys_lib_libmedia:umodsys.mod.media.std.obj
 0001:0000070c       ?bin_put@RLibraryBinCache@std@media@modules@UModSys@@UEAA_NAEBU?$TString@U?$TSCoreConst@D@su@tl@UModSys@@U?$TComparerBinaryHash@D@234@@tl@5@PEBUSCMemShared@core@5@@Z 000000014000170c f i umodsys_lib_libmedia:umodsys.mod.media.std.obj
 0001:0000072c       ?bincache_get@RLibraryBinCache@std@media@modules@UModSys@@UEBA_NAEBU?$TString@U?$TSCoreConst@D@su@tl@UModSys@@U?$TComparerBinaryHash@D@234@@tl@5@PEAUSCMemShared@core@5@PEA_N@Z 000000014000172c f i umodsys_lib_libmedia:umodsys.mod.media.std.obj
 0001:000007e4       ?bincache_add@RLibraryBinCache@std@media@modules@UModSys@@UEAA_NAEBU?$TString@U?$TSCoreConst@D@su@tl@UModSys@@U?$TComparerBinaryHash@D@234@@tl@5@@Z 00000001400017e4 f i umodsys_lib_libmedia:umodsys.mod.media.std.obj
 0001:0000080c       ?bincache_add@RLibraryBinCache@std@media@modules@UModSys@@UEAA_NAEBU?$TString@U?$TSCoreConst@D@su@tl@UModSys@@U?$TComparerBinaryHash@D@234@@tl@5@AEBUSCMemShared@core@5@@Z 000000014000180c f i umodsys_lib_libmedia:umodsys.mod.media.std.obj
 0001:00000814       ?bincache_remove@RLibraryBinCache@std@media@modules@UModSys@@UEAA_NAEBU?$TString@U?$TSCoreConst@D@su@tl@UModSys@@U?$TComparerBinaryHash@D@234@@tl@5@@Z 0000000140001814 f i umodsys_lib_libmedia:umodsys.mod.media.std.obj
 0001:00000840       ?bincache_clear@RLibraryBinCache@std@media@modules@UModSys@@UEAA_NXZ 0000000140001840 f i umodsys_lib_libmedia:umodsys.mod.media.std.obj
 0001:000008b4       ?bincache_add@RLibraryBinCache@std@media@modules@UModSys@@QEAA_NAEBU?$TString@U?$TSCoreConst@D@su@tl@UModSys@@U?$TComparerBinaryHash@D@234@@tl@5@AEBUSCMemShared@core@5@_N@Z 00000001400018b4 f i umodsys_lib_libmedia:umodsys.mod.media.std.obj
 0001:00000a50       ??_ERLibraryBinCache@std@media@modules@UModSys@@UEAAPEAXI@Z 0000000140001a50 f i  CIL library: CIL module
 0001:00000a50       ??_GRLibraryBinCache@std@media@modules@UModSys@@UEAAPEAXI@Z 0000000140001a50 f i umodsys_lib_libmedia:umodsys.mod.media.std.obj
 0001:00000b00       ?root_get_interface_info@RLibraryBinTree@std@media@modules@UModSys@@UEBAAEBUSUniquePointerInfo@core@5@XZ 0000000140001b00 f i umodsys_lib_libmedia:umodsys.mod.media.std.obj
 0001:00000b08       ?root_get_interface_type@RLibraryBinTree@std@media@modules@UModSys@@UEBAPEBUSUniquePointerInfo@core@5@XZ 0000000140001b08 f i umodsys_lib_libmedia:umodsys.mod.media.std.obj
 0001:00000b10       ?root_get_other_interface@RLibraryBinTree@std@media@modules@UModSys@@UEBAPEBUIRoot@core@5@PEBUSUniquePointerInfo@75@@Z 0000000140001b10 f i umodsys_lib_libmedia:umodsys.mod.media.std.obj
 0001:00000b10       ?root_get_other_interface@RLibraryBinTree@std@media@modules@UModSys@@UEAAPEAUIRoot@core@5@PEBUSUniquePointerInfo@75@@Z 0000000140001b10 f i umodsys_lib_libmedia:umodsys.mod.media.std.obj
 0001:00000b48       ?root_is_interface_supported@RLibraryBinTree@std@media@modules@UModSys@@UEBA_NPEBUSUniquePointerInfo@core@5@@Z 0000000140001b48 f i umodsys_lib_libmedia:umodsys.mod.media.std.obj
 0001:00000b80       ?ref_weak@RLibraryBinCache@std@media@modules@UModSys@@UEBA_NAEAUWeakPointer@IRefObject@core@5@@Z 0000000140001b80 f i umodsys_lib_libmedia:umodsys.mod.media.std.obj
 0001:00000b80       ?ref_weak@RLibraryLayered@std@media@modules@UModSys@@UEBA_NAEAUWeakPointer@IRefObject@core@5@@Z 0000000140001b80 f i umodsys_lib_libmedia:umodsys.mod.media.std.obj
 0001:00000b80       ?ref_weak@RLibraryObjCache@std@media@modules@UModSys@@UEBA_NAEAUWeakPointer@IRefObject@core@5@@Z 0000000140001b80 f i umodsys_lib_libmedia:umodsys.mod.media.std.obj
 0001:00000b80       ?ref_weak@RLibraryObjFilter@std@media@modules@UModSys@@UEBA_NAEAUWeakPointer@IRefObject@core@5@@Z 0000000140001b80 f i umodsys_lib_libmedia:umodsys.mod.media.std.obj
 0001:00000b80       ?ref_weak@RLibraryBinTree@std@media@modules@UModSys@@UEBA_NAEAUWeakPointer@IRefObject@core@5@@Z 0000000140001b80 f i umodsys_lib_libmedia:umodsys.mod.media.std.obj
 0001:00000b80       ?ref_weak@RDataArchiver_OsDir@stdio@media@modules@UModSys@@UEBA_NAEAUWeakPointer@IRefObject@core@5@@Z 0000000140001b80 f i umodsys_lib_libmedia:umodsys.mod.media.stdio.obj
 0001:00000ba0       ?get_flag@RLibraryObjCache@std@media@modules@UModSys@@UEBA?AW4eStates@?$TFlags4State@USMediaFlagUid@libmedia@UModSys@@I@tl@5@H@Z 0000000140001ba0 f i umodsys_lib_libmedia:umodsys.mod.media.std.obj
 0001:00000ba0       ?get_flag@RLibraryBinTree@std@media@modules@UModSys@@UEBA?AW4eStates@?$TFlags4State@USMediaFlagUid@libmedia@UModSys@@I@tl@5@H@Z 0000000140001ba0 f i umodsys_lib_libmedia:umodsys.mod.media.std.obj
 0001:00000ba0       ?get_flag@RLibraryBinCache@std@media@modules@UModSys@@UEBA?AW4eStates@?$TFlags4State@USMediaFlagUid@libmedia@UModSys@@I@tl@5@H@Z 0000000140001ba0 f i umodsys_lib_libmedia:umodsys.mod.media.std.obj
 0001:00000ba0       ?get_flag@RLibraryObjFilter@std@media@modules@UModSys@@UEBA?AW4eStates@?$TFlags4State@USMediaFlagUid@libmedia@UModSys@@I@tl@5@H@Z 0000000140001ba0 f i umodsys_lib_libmedia:umodsys.mod.media.std.obj
 0001:00000bac       ?get_flags_auto@RLibraryBinTree@std@media@modules@UModSys@@UEBA?AU?$TFlags4State@USMediaFlagUid@libmedia@UModSys@@I@tl@5@XZ 0000000140001bac f i umodsys_lib_libmedia:umodsys.mod.media.std.obj
 0001:00000bb8       ?bin_reader@RLibraryBinTree@std@media@modules@UModSys@@UEAA?AU?$TRefObject@UIStreamReader@libmedia@UModSys@@U?$TRefObjectFunc@UIStreamReader@libmedia@UModSys@@@tl@3@@tl@5@AEBU?$TString@U?$TSCoreConst@D@su@tl@UModSys@@U?$TComparerBinaryHash@D@234@@75@AEBUSFlags@libmedia@5@@Z 0000000140001bb8 f i umodsys_lib_libmedia:umodsys.mod.media.std.obj
 0001:00000d18       ?bin_writer@RLibraryBinTree@std@media@modules@UModSys@@UEAA?AU?$TRefObject@UIStreamWriter@libmedia@UModSys@@U?$TRefObjectFunc@UIStreamWriter@libmedia@UModSys@@@tl@3@@tl@5@AEBU?$TString@U?$TSCoreConst@D@su@tl@UModSys@@U?$TComparerBinaryHash@D@234@@75@AEBUSFlags@libmedia@5@@Z 0000000140001d18 f i umodsys_lib_libmedia:umodsys.mod.media.std.obj
 0001:00000e78       ?bin_load@RLibraryBinTree@std@media@modules@UModSys@@UEAA_NAEBU?$TString@U?$TSCoreConst@D@su@tl@UModSys@@U?$TComparerBinaryHash@D@234@@tl@5@AEAUSCMemShared@core@5@AEBUSFlags@libmedia@5@@Z 0000000140001e78 f i umodsys_lib_libmedia:umodsys.mod.media.std.obj
 0001:00000fa4       ?bin_save@RLibraryBinTree@std@media@modules@UModSys@@UEAA_NAEBU?$TString@U?$TSCoreConst@D@su@tl@UModSys@@U?$TComparerBinaryHash@D@234@@tl@5@AEBUSCMem@core@5@AEBUSFlags@libmedia@5@@Z 0000000140001fa4 f i umodsys_lib_libmedia:umodsys.mod.media.std.obj
 0001:000010ac       ?bin_get@RLibraryObjCache@std@media@modules@UModSys@@UEAA_NAEBU?$TString@U?$TSCoreConst@D@su@tl@UModSys@@U?$TComparerBinaryHash@D@234@@tl@5@AEAUSCMemShared@core@5@_N@Z 00000001400020ac f i umodsys_lib_libmedia:umodsys.mod.media.std.obj
 0001:000010ac       ?bin_get@RLibraryObjFilter@std@media@modules@UModSys@@UEAA_NAEBU?$TString@U?$TSCoreConst@D@su@tl@UModSys@@U?$TComparerBinaryHash@D@234@@tl@5@AEAUSCMemShared@core@5@_N@Z 00000001400020ac f i umodsys_lib_libmedia:umodsys.mod.media.std.obj
 0001:000010ac       ?bin_put@RLibraryBinTree@std@media@modules@UModSys@@UEAA_NAEBU?$TString@U?$TSCoreConst@D@su@tl@UModSys@@U?$TComparerBinaryHash@D@234@@tl@5@PEBUSCMemShared@core@5@@Z 00000001400020ac f i umodsys_lib_libmedia:umodsys.mod.media.std.obj
 0001:000010ac       ?obj_cget@RLibraryBinTree@std@media@modules@UModSys@@UEAA_NAEBU?$TString@U?$TSCoreConst@D@su@tl@UModSys@@U?$TComparerBinaryHash@D@234@@tl@5@AEAU?$TRefObject@UIRefObject@core@UModSys@@U?$TRefObjectFunc@UIRefObject@core@UModSys@@@tl@3@@75@_N@Z 00000001400020ac f i umodsys_lib_libmedia:umodsys.mod.media.std.obj
 0001:000010ac       ?obj_fget@RLibraryObjCache@std@media@modules@UModSys@@UEAA_NAEBUSInfo@IBinObjFilter@libmedia@5@AEAU?$TRefObject@UIRefObject@core@UModSys@@U?$TRefObjectFunc@UIRefObject@core@UModSys@@@tl@3@@tl@5@@Z 00000001400020ac f i umodsys_lib_libmedia:umodsys.mod.media.std.obj
 0001:000010ac       ?bin_save@RLibraryObjFilter@std@media@modules@UModSys@@UEAA_NAEBU?$TString@U?$TSCoreConst@D@su@tl@UModSys@@U?$TComparerBinaryHash@D@234@@tl@5@AEBUSCMem@core@5@AEBUSFlags@libmedia@5@@Z 00000001400020ac f i umodsys_lib_libmedia:umodsys.mod.media.std.obj
 0001:000010ac       ?bin_save@RLibraryObjCache@std@media@modules@UModSys@@UEAA_NAEBU?$TString@U?$TSCoreConst@D@su@tl@UModSys@@U?$TComparerBinaryHash@D@234@@tl@5@AEBUSCMem@core@5@AEBUSFlags@libmedia@5@@Z 00000001400020ac f i umodsys_lib_libmedia:umodsys.mod.media.std.obj
 0001:000010ac       ?obj_fsave@RLibraryBinTree@std@media@modules@UModSys@@UEAA_NAEAUSInfo@IBinObjFilter@libmedia@5@PEBUIRefObject@core@5@@Z 00000001400020ac f i umodsys_lib_libmedia:umodsys.mod.media.std.obj
 0001:000010ac       ?bin_info@RLibraryBinCache@std@media@modules@UModSys@@UEAA_NAEBU?$TString@U?$TSCoreConst@D@su@tl@UModSys@@U?$TComparerBinaryHash@D@234@@tl@5@AEAUSFileInfo@libmedia@5@AEBUSFlags@95@@Z 00000001400020ac f i umodsys_lib_libmedia:umodsys.mod.media.std.obj
 0001:000010ac       ?bin_info@RLibraryBinTree@std@media@modules@UModSys@@UEAA_NAEBU?$TString@U?$TSCoreConst@D@su@tl@UModSys@@U?$TComparerBinaryHash@D@234@@tl@5@AEAUSFileInfo@libmedia@5@AEBUSFlags@95@@Z 00000001400020ac f i umodsys_lib_libmedia:umodsys.mod.media.std.obj
 0001:000010ac       ?obj_get@RLibraryBinCache@std@media@modules@UModSys@@UEAA_NAEBU?$TString@U?$TSCoreConst@D@su@tl@UModSys@@U?$TComparerBinaryHash@D@234@@tl@5@AEAU?$TRefObject@UIRefObject@core@UModSys@@U?$TRefObjectFunc@UIRefObject@core@UModSys@@@tl@3@@75@AEBUSObjOptions@ILibrary@libmedia@5@@Z 00000001400020ac f i umodsys_lib_libmedia:umodsys.mod.media.std.obj
 0001:000010ac       ?moduledb_load@RModuleLoader@rsystem@base@UModSys@@UEAA_NAEBU?$TString@U?$TSCoreConst@D@su@tl@UModSys@@U?$TComparerBinaryHash@D@234@@tl@4@@Z 00000001400020ac f i umodsys_lib_basesys:umodsys.basesys.rmoduleloader.obj
 0001:000010ac       ?obj_load@RLibraryBinTree@std@media@modules@UModSys@@UEAA_NAEBU?$TString@U?$TSCoreConst@D@su@tl@UModSys@@U?$TComparerBinaryHash@D@234@@tl@5@PEAUIRefObject@core@5@AEBUSObjOptions@ILibrary@libmedia@5@@Z 00000001400020ac f i umodsys_lib_libmedia:umodsys.mod.media.std.obj
 0001:000010ac       ?bin_put@RLibraryObjFilter@std@media@modules@UModSys@@UEAA_NAEBU?$TString@U?$TSCoreConst@D@su@tl@UModSys@@U?$TComparerBinaryHash@D@234@@tl@5@PEBUSCMemShared@core@5@@Z 00000001400020ac f i umodsys_lib_libmedia:umodsys.mod.media.std.obj
 0001:000010ac       ?obj_fsave@RLibraryObjCache@std@media@modules@UModSys@@UEAA_NAEAUSInfo@IBinObjFilter@libmedia@5@PEBUIRefObject@core@5@@Z 00000001400020ac f i umodsys_lib_libmedia:umodsys.mod.media.std.obj
 0001:000010ac       ?obj_cput@RLibraryObjFilter@std@media@modules@UModSys@@UEAA_NAEBU?$TString@U?$TSCoreConst@D@su@tl@UModSys@@U?$TComparerBinaryHash@D@234@@tl@5@PEAUIRefObject@core@5@@Z 00000001400020ac f i umodsys_lib_libmedia:umodsys.mod.media.std.obj
 0001:000010ac       ?bin_load@RLibraryObjFilter@std@media@modules@UModSys@@UEAA_NAEBU?$TString@U?$TSCoreConst@D@su@tl@UModSys@@U?$TComparerBinaryHash@D@234@@tl@5@AEAUSCMemShared@core@5@AEBUSFlags@libmedia@5@@Z 00000001400020ac f i umodsys_lib_libmedia:umodsys.mod.media.std.obj
 0001:000010ac       ?bin_put@RLibraryObjCache@std@media@modules@UModSys@@UEAA_NAEBU?$TString@U?$TSCoreConst@D@su@tl@UModSys@@U?$TComparerBinaryHash@D@234@@tl@5@PEBUSCMemShared@core@5@@Z 00000001400020ac f i umodsys_lib_libmedia:umodsys.mod.media.std.obj
 0001:000010ac       ?obj_load@RLibraryBinCache@std@media@modules@UModSys@@UEAA_NAEBU?$TString@U?$TSCoreConst@D@su@tl@UModSys@@U?$TComparerBinaryHash@D@234@@tl@5@PEAUIRefObject@core@5@AEBUSObjOptions@ILibrary@libmedia@5@@Z 00000001400020ac f i umodsys_lib_libmedia:umodsys.mod.media.std.obj
 0001:000010ac       ?bin_info@RLibraryObjCache@std@media@modules@UModSys@@UEAA_NAEBU?$TString@U?$TSCoreConst@D@su@tl@UModSys@@U?$TComparerBinaryHash@D@234@@tl@5@AEAUSFileInfo@libmedia@5@AEBUSFlags@95@@Z 00000001400020ac f i umodsys_lib_libmedia:umodsys.mod.media.std.obj
 0001:000010ac       ?bin_get@RLibraryBinTree@std@media@modules@UModSys@@UEAA_NAEBU?$TString@U?$TSCoreConst@D@su@tl@UModSys@@U?$TComparerBinaryHash@D@234@@tl@5@AEAUSCMemShared@core@5@_N@Z 00000001400020ac f i umodsys_lib_libmedia:umodsys.mod.media.std.obj
 0001:000010ac       ?obj_fsave@RLibraryBinCache@std@media@modules@UModSys@@UEAA_NAEAUSInfo@IBinObjFilter@libmedia@5@PEBUIRefObject@core@5@@Z 00000001400020ac f i umodsys_lib_libmedia:umodsys.mod.media.std.obj
 0001:000010ac       ?vget_c@RConsole_std@rsystem@base@UModSys@@UEAA_NPEAHPEBDPEAD@Z 00000001400020ac f i umodsys_lib_basesys:umodsys.basesys.rconsole_std.obj
 0001:000010ac       ?obj_fload@RLibraryBinTree@std@media@modules@UModSys@@UEAA_NAEBUSInfo@IBinObjFilter@libmedia@5@PEAUIRefObject@core@5@@Z 00000001400020ac f i umodsys_lib_libmedia:umodsys.mod.media.std.obj
 0001:000010ac       ?bin_save@RLibraryBinCache@std@media@modules@UModSys@@UEAA_NAEBU?$TString@U?$TSCoreConst@D@su@tl@UModSys@@U?$TComparerBinaryHash@D@234@@tl@5@AEBUSCMem@core@5@AEBUSFlags@libmedia@5@@Z 00000001400020ac f i umodsys_lib_libmedia:umodsys.mod.media.std.obj
 0001:000010ac       ?obj_fget@RLibraryBinCache@std@media@modules@UModSys@@UEAA_NAEBUSInfo@IBinObjFilter@libmedia@5@AEAU?$TRefObject@UIRefObject@core@UModSys@@U?$TRefObjectFunc@UIRefObject@core@UModSys@@@tl@3@@tl@5@@Z 00000001400020ac f i umodsys_lib_libmedia:umodsys.mod.media.std.obj
 0001:000010ac       ?obj_load@RLibraryObjFilter@std@media@modules@UModSys@@UEAA_NAEBU?$TString@U?$TSCoreConst@D@su@tl@UModSys@@U?$TComparerBinaryHash@D@234@@tl@5@PEAUIRefObject@core@5@AEBUSObjOptions@ILibrary@libmedia@5@@Z 00000001400020ac f i umodsys_lib_libmedia:umodsys.mod.media.std.obj
 0001:000010ac       ?obj_get@RLibraryBinTree@std@media@modules@UModSys@@UEAA_NAEBU?$TString@U?$TSCoreConst@D@su@tl@UModSys@@U?$TComparerBinaryHash@D@234@@tl@5@AEAU?$TRefObject@UIRefObject@core@UModSys@@U?$TRefObjectFunc@UIRefObject@core@UModSys@@@tl@3@@75@AEBUSObjOptions@ILibrary@libmedia@5@@Z 00000001400020ac f i umodsys_lib_libmedia:umodsys.mod.media.std.obj
 0001:000010ac       ?obj_fload@RLibraryObjCache@std@media@modules@UModSys@@UEAA_NAEBUSInfo@IBinObjFilter@libmedia@5@PEAUIRefObject@core@5@@Z 00000001400020ac f i umodsys_lib_libmedia:umodsys.mod.media.std.obj
 0001:000010ac       ?bin_load@RLibraryObjCache@std@media@modules@UModSys@@UEAA_NAEBU?$TString@U?$TSCoreConst@D@su@tl@UModSys@@U?$TComparerBinaryHash@D@234@@tl@5@AEAUSCMemShared@core@5@AEBUSFlags@libmedia@5@@Z 00000001400020ac f i umodsys_lib_libmedia:umodsys.mod.media.std.obj
 0001:000010ac       ?obj_save@RLibraryBinTree@std@media@modules@UModSys@@UEAA_NAEBU?$TString@U?$TSCoreConst@D@su@tl@UModSys@@U?$TComparerBinaryHash@D@234@@tl@5@PEBUIRefObject@core@5@AEBUSObjOptions@ILibrary@libmedia@5@@Z 00000001400020ac f i umodsys_lib_libmedia:umodsys.mod.media.std.obj
 0001:000010ac       ?obj_fload@RLibraryBinCache@std@media@modules@UModSys@@UEAA_NAEBUSInfo@IBinObjFilter@libmedia@5@PEAUIRefObject@core@5@@Z 00000001400020ac f i umodsys_lib_libmedia:umodsys.mod.media.std.obj
 0001:000010ac       ?obj_cput@RLibraryBinCache@std@media@modules@UModSys@@UEAA_NAEBU?$TString@U?$TSCoreConst@D@su@tl@UModSys@@U?$TComparerBinaryHash@D@234@@tl@5@PEAUIRefObject@core@5@@Z 00000001400020ac f i umodsys_lib_libmedia:umodsys.mod.media.std.obj
 0001:000010ac       ?obj_save@RLibraryBinCache@std@media@modules@UModSys@@UEAA_NAEBU?$TString@U?$TSCoreConst@D@su@tl@UModSys@@U?$TComparerBinaryHash@D@234@@tl@5@PEBUIRefObject@core@5@AEBUSObjOptions@ILibrary@libmedia@5@@Z 00000001400020ac f i umodsys_lib_libmedia:umodsys.mod.media.std.obj
 0001:000010ac       ?obj_save@RLibraryObjFilter@std@media@modules@UModSys@@UEAA_NAEBU?$TString@U?$TSCoreConst@D@su@tl@UModSys@@U?$TComparerBinaryHash@D@234@@tl@5@PEBUIRefObject@core@5@AEBUSObjOptions@ILibrary@libmedia@5@@Z 00000001400020ac f i umodsys_lib_libmedia:umodsys.mod.media.std.obj
 0001:000010ac       ?obj_load@RLibraryObjCache@std@media@modules@UModSys@@UEAA_NAEBU?$TString@U?$TSCoreConst@D@su@tl@UModSys@@U?$TComparerBinaryHash@D@234@@tl@5@PEAUIRefObject@core@5@AEBUSObjOptions@ILibrary@libmedia@5@@Z 00000001400020ac f i umodsys_lib_libmedia:umodsys.mod.media.std.obj
 0001:000010ac       ?obj_cget@RLibraryObjFilter@std@media@modules@UModSys@@UEAA_NAEBU?$TString@U?$TSCoreConst@D@su@tl@UModSys@@U?$TComparerBinaryHash@D@234@@tl@5@AEAU?$TRefObject@UIRefObject@core@UModSys@@U?$TRefObjectFunc@UIRefObject@core@UModSys@@@tl@3@@75@_N@Z 00000001400020ac f i umodsys_lib_libmedia:umodsys.mod.media.std.obj
 0001:000010ac       ?vget_s@RConsole_std@rsystem@base@UModSys@@UEAA_NPEAD_KPEBD0@Z 00000001400020ac f i umodsys_lib_basesys:umodsys.basesys.rconsole_std.obj
 0001:000010ac       ?bin_info@RLibraryObjFilter@std@media@modules@UModSys@@UEAA_NAEBU?$TString@U?$TSCoreConst@D@su@tl@UModSys@@U?$TComparerBinaryHash@D@234@@tl@5@AEAU?$TIStackSocket@USFileInfo@libmedia@UModSys@@@75@AEBUSFlags@libmedia@5@@Z 00000001400020ac f i umodsys_lib_libmedia:umodsys.mod.media.std.obj
 0001:000010ac       ?get_s@RConsole_std@rsystem@base@UModSys@@UEAA_NPEAD_KPEBDZZ 00000001400020ac f i umodsys_lib_basesys:umodsys.basesys.rconsole_std.obj
 0001:000010ac       ?bin_info@RLibraryObjFilter@std@media@modules@UModSys@@UEAA_NAEBU?$TString@U?$TSCoreConst@D@su@tl@UModSys@@U?$TComparerBinaryHash@D@234@@tl@5@AEAUSFileInfo@libmedia@5@AEBUSFlags@95@@Z 00000001400020ac f i umodsys_lib_libmedia:umodsys.mod.media.std.obj
 0001:000010ac       ?obj_save@RLibraryObjCache@std@media@modules@UModSys@@UEAA_NAEBU?$TString@U?$TSCoreConst@D@su@tl@UModSys@@U?$TComparerBinaryHash@D@234@@tl@5@PEBUIRefObject@core@5@AEBUSObjOptions@ILibrary@libmedia@5@@Z 00000001400020ac f i umodsys_lib_libmedia:umodsys.mod.media.std.obj
 0001:000010ac       ?moduledb_lib_drop@RModuleLoader@rsystem@base@UModSys@@UEAA_NPEAUIModuleLibrary@34@@Z 00000001400020ac f i umodsys_lib_basesys:umodsys.basesys.rmoduleloader.obj
 0001:000010ac       ?bin_info@RLibraryBinTree@std@media@modules@UModSys@@UEAA_NAEBU?$TString@U?$TSCoreConst@D@su@tl@UModSys@@U?$TComparerBinaryHash@D@234@@tl@5@AEAU?$TIStackSocket@USFileInfo@libmedia@UModSys@@@75@AEBUSFlags@libmedia@5@@Z 00000001400020ac f i umodsys_lib_libmedia:umodsys.mod.media.std.obj
 0001:000010ac       ?ref_weak@RConsole_std@rsystem@base@UModSys@@UEBA_NAEAUWeakPointer@IRefObject@core@4@@Z 00000001400020ac f i umodsys_lib_basesys:umodsys.basesys.rconsole_std.obj
 0001:000010ac       ?bin_info@RLibraryObjCache@std@media@modules@UModSys@@UEAA_NAEBU?$TString@U?$TSCoreConst@D@su@tl@UModSys@@U?$TComparerBinaryHash@D@234@@tl@5@AEAU?$TIStackSocket@USFileInfo@libmedia@UModSys@@@75@AEBUSFlags@libmedia@5@@Z 00000001400020ac f i umodsys_lib_libmedia:umodsys.mod.media.std.obj
 0001:000010ac       ?obj_get@RLibraryObjFilter@std@media@modules@UModSys@@UEAA_NAEBU?$TString@U?$TSCoreConst@D@su@tl@UModSys@@U?$TComparerBinaryHash@D@234@@tl@5@AEAU?$TRefObject@UIRefObject@core@UModSys@@U?$TRefObjectFunc@UIRefObject@core@UModSys@@@tl@3@@75@AEBUSObjOptions@ILibrary@libmedia@5@@Z 00000001400020ac f i umodsys_lib_libmedia:umodsys.mod.media.std.obj
 0001:000010ac       ?obj_cput@RLibraryBinTree@std@media@modules@UModSys@@UEAA_NAEBU?$TString@U?$TSCoreConst@D@su@tl@UModSys@@U?$TComparerBinaryHash@D@234@@tl@5@PEAUIRefObject@core@5@@Z 00000001400020ac f i umodsys_lib_libmedia:umodsys.mod.media.std.obj
 0001:000010ac       ?obj_cget@RLibraryBinCache@std@media@modules@UModSys@@UEAA_NAEBU?$TString@U?$TSCoreConst@D@su@tl@UModSys@@U?$TComparerBinaryHash@D@234@@tl@5@AEAU?$TRefObject@UIRefObject@core@UModSys@@U?$TRefObjectFunc@UIRefObject@core@UModSys@@@tl@3@@75@_N@Z 00000001400020ac f i umodsys_lib_libmedia:umodsys.mod.media.std.obj
 0001:000010ac       ?bin_info@RLibraryBinCache@std@media@modules@UModSys@@UEAA_NAEBU?$TString@U?$TSCoreConst@D@su@tl@UModSys@@U?$TComparerBinaryHash@D@234@@tl@5@AEAU?$TIStackSocket@USFileInfo@libmedia@UModSys@@@75@AEBUSFlags@libmedia@5@@Z 00000001400020ac f i umodsys_lib_libmedia:umodsys.mod.media.std.obj
 0001:000010ac       ?obj_fget@RLibraryBinTree@std@media@modules@UModSys@@UEAA_NAEBUSInfo@IBinObjFilter@libmedia@5@AEAU?$TRefObject@UIRefObject@core@UModSys@@U?$TRefObjectFunc@UIRefObject@core@UModSys@@@tl@3@@tl@5@@Z 00000001400020ac f i umodsys_lib_libmedia:umodsys.mod.media.std.obj
 0001:000010b0       ?mount_get@RLibraryBinTree@std@media@modules@UModSys@@UEBA?AUSPoint@ILibraryBinTree@libmedia@5@AEBUSId@785@@Z 00000001400020b0 f i umodsys_lib_libmedia:umodsys.mod.media.std.obj
 0001:00001114       ?mount_add@RLibraryBinTree@std@media@modules@UModSys@@UEAA_NAEBUSId@ILibraryBinTree@libmedia@5@AEBUSPoint@785@@Z 0000000140002114 f i umodsys_lib_libmedia:umodsys.mod.media.std.obj
 0001:000012cc       ?mount_remove@RLibraryBinTree@std@media@modules@UModSys@@UEAA_NAEBUSId@ILibraryBinTree@libmedia@5@@Z 00000001400022cc f i umodsys_lib_libmedia:umodsys.mod.media.std.obj
 0001:000012f8       ?mount_clear@RLibraryBinTree@std@media@modules@UModSys@@UEAA_NXZ 00000001400022f8 f i umodsys_lib_libmedia:umodsys.mod.media.std.obj
 0001:00001368       ??_ERLibraryBinTree@std@media@modules@UModSys@@UEAAPEAXI@Z 0000000140002368 f i  CIL library: CIL module
 0001:00001368       ??_GRLibraryBinTree@std@media@modules@UModSys@@UEAAPEAXI@Z 0000000140002368 f i umodsys_lib_libmedia:umodsys.mod.media.std.obj
 0001:00001414       ?root_get_interface_info@RLibraryLayered@std@media@modules@UModSys@@UEBAAEBUSUniquePointerInfo@core@5@XZ 0000000140002414 f i umodsys_lib_libmedia:umodsys.mod.media.std.obj
 0001:0000141c       ?root_get_interface_type@RLibraryLayered@std@media@modules@UModSys@@UEBAPEBUSUniquePointerInfo@core@5@XZ 000000014000241c f i umodsys_lib_libmedia:umodsys.mod.media.std.obj
 0001:00001424       ?root_get_other_interface@RLibraryLayered@std@media@modules@UModSys@@UEAAPEAUIRoot@core@5@PEBUSUniquePointerInfo@75@@Z 0000000140002424 f i umodsys_lib_libmedia:umodsys.mod.media.std.obj
 0001:00001424       ?root_get_other_interface@RLibraryLayered@std@media@modules@UModSys@@UEBAPEBUIRoot@core@5@PEBUSUniquePointerInfo@75@@Z 0000000140002424 f i umodsys_lib_libmedia:umodsys.mod.media.std.obj
 0001:0000145c       ?root_is_interface_supported@RLibraryLayered@std@media@modules@UModSys@@UEBA_NPEBUSUniquePointerInfo@core@5@@Z 000000014000245c f i umodsys_lib_libmedia:umodsys.mod.media.std.obj
 0001:00001494       ?ref_links@RLibraryBinTree@std@media@modules@UModSys@@UEBAHXZ 0000000140002494 f i umodsys_lib_libmedia:umodsys.mod.media.std.obj
 0001:00001494       ?ref_links@RLibraryObjCache@std@media@modules@UModSys@@UEBAHXZ 0000000140002494 f i umodsys_lib_libmedia:umodsys.mod.media.std.obj
 0001:00001494       ?ref_links@RLibraryBinCache@std@media@modules@UModSys@@UEBAHXZ 0000000140002494 f i umodsys_lib_libmedia:umodsys.mod.media.std.obj
 0001:00001494       ?ref_links@RDataArchiver_OsDir@stdio@media@modules@UModSys@@UEBAHXZ 0000000140002494 f i umodsys_lib_libmedia:umodsys.mod.media.stdio.obj
 0001:00001494       ?ref_links@RLibraryObjFilter@std@media@modules@UModSys@@UEBAHXZ 0000000140002494 f i umodsys_lib_libmedia:umodsys.mod.media.std.obj
 0001:00001494       ?ref_links@RLibraryLayered@std@media@modules@UModSys@@UEBAHXZ 0000000140002494 f i umodsys_lib_libmedia:umodsys.mod.media.std.obj
 0001:00001498       ??4SLayerX@RLibraryLayered@std@media@modules@UModSys@@QEAAXAEBUSLayer@ILibraryLayered@libmedia@5@@Z 0000000140002498 f i umodsys_lib_libmedia:umodsys.mod.media.std.obj
 0001:00001588       ?get_flag@RLibraryLayered@std@media@modules@UModSys@@UEBA?AW4eStates@?$TFlags4State@USMediaFlagUid@libmedia@UModSys@@I@tl@5@H@Z 0000000140002588 f i umodsys_lib_libmedia:umodsys.mod.media.std.obj
 0001:00001594       ?get_flags_auto@RLibraryLayered@std@media@modules@UModSys@@UEBA?AU?$TFlags4State@USMediaFlagUid@libmedia@UModSys@@I@tl@5@XZ 0000000140002594 f i umodsys_lib_libmedia:umodsys.mod.media.std.obj
 0001:000015a0       ?set_flag@RLibraryLayered@std@media@modules@UModSys@@UEAA?AW4eStates@?$TFlags4State@USMediaFlagUid@libmedia@UModSys@@I@tl@5@HW46785@@Z 00000001400025a0 f i umodsys_lib_libmedia:umodsys.mod.media.std.obj
 0001:000015c8       ?bin_reader@RLibraryLayered@std@media@modules@UModSys@@UEAA?AU?$TRefObject@UIStreamReader@libmedia@UModSys@@U?$TRefObjectFunc@UIStreamReader@libmedia@UModSys@@@tl@3@@tl@5@AEBU?$TString@U?$TSCoreConst@D@su@tl@UModSys@@U?$TComparerBinaryHash@D@234@@75@AEBUSFlags@libmedia@5@@Z 00000001400025c8 f i umodsys_lib_libmedia:umodsys.mod.media.std.obj
 0001:000016b0       ?bin_writer@RLibraryLayered@std@media@modules@UModSys@@UEAA?AU?$TRefObject@UIStreamWriter@libmedia@UModSys@@U?$TRefObjectFunc@UIStreamWriter@libmedia@UModSys@@@tl@3@@tl@5@AEBU?$TString@U?$TSCoreConst@D@su@tl@UModSys@@U?$TComparerBinaryHash@D@234@@75@AEBUSFlags@libmedia@5@@Z 00000001400026b0 f i umodsys_lib_libmedia:umodsys.mod.media.std.obj
 0001:00001798       ?bin_load@RLibraryLayered@std@media@modules@UModSys@@UEAA_NAEBU?$TString@U?$TSCoreConst@D@su@tl@UModSys@@U?$TComparerBinaryHash@D@234@@tl@5@AEAUSCMemShared@core@5@AEBUSFlags@libmedia@5@@Z 0000000140002798 f i umodsys_lib_libmedia:umodsys.mod.media.std.obj
 0001:00001a40       ?bin_save@RLibraryLayered@std@media@modules@UModSys@@UEAA_NAEBU?$TString@U?$TSCoreConst@D@su@tl@UModSys@@U?$TComparerBinaryHash@D@234@@tl@5@AEBUSCMem@core@5@AEBUSFlags@libmedia@5@@Z 0000000140002a40 f i umodsys_lib_libmedia:umodsys.mod.media.std.obj
 0001:00001c9c       ?bin_info@RLibraryLayered@std@media@modules@UModSys@@UEAA_NAEBU?$TString@U?$TSCoreConst@D@su@tl@UModSys@@U?$TComparerBinaryHash@D@234@@tl@5@AEAUSFileInfo@libmedia@5@AEBUSFlags@95@@Z 0000000140002c9c f i umodsys_lib_libmedia:umodsys.mod.media.std.obj
 0001:00001d4c       ?bin_info@RLibraryLayered@std@media@modules@UModSys@@UEAA_NAEBU?$TString@U?$TSCoreConst@D@su@tl@UModSys@@U?$TComparerBinaryHash@D@234@@tl@5@AEAU?$TIStackSocket@USFileInfo@libmedia@UModSys@@@75@AEBUSFlags@libmedia@5@@Z 0000000140002d4c f i umodsys_lib_libmedia:umodsys.mod.media.std.obj
 0001:00001e10       ?bin_get@RLibraryLayered@std@media@modules@UModSys@@UEAA_NAEBU?$TString@U?$TSCoreConst@D@su@tl@UModSys@@U?$TComparerBinaryHash@D@234@@tl@5@AEAUSCMemShared@core@5@_N@Z 0000000140002e10 f i umodsys_lib_libmedia:umodsys.mod.media.std.obj
 0001:00001e94       ?bin_put@RLibraryLayered@std@media@modules@UModSys@@UEAA_NAEBU?$TString@U?$TSCoreConst@D@su@tl@UModSys@@U?$TComparerBinaryHash@D@234@@tl@5@PEBUSCMemShared@core@5@@Z 0000000140002e94 f i umodsys_lib_libmedia:umodsys.mod.media.std.obj
 0001:00001f04       ?obj_fget@RLibraryLayered@std@media@modules@UModSys@@UEAA_NAEBUSInfo@IBinObjFilter@libmedia@5@AEAU?$TRefObject@UIRefObject@core@UModSys@@U?$TRefObjectFunc@UIRefObject@core@UModSys@@@tl@3@@tl@5@@Z 0000000140002f04 f i umodsys_lib_libmedia:umodsys.mod.media.std.obj
 0001:00001f74       ?obj_fload@RLibraryLayered@std@media@modules@UModSys@@UEAA_NAEBUSInfo@IBinObjFilter@libmedia@5@PEAUIRefObject@core@5@@Z 0000000140002f74 f i umodsys_lib_libmedia:umodsys.mod.media.std.obj
 0001:00001fe4       ?obj_fsave@RLibraryLayered@std@media@modules@UModSys@@UEAA_NAEAUSInfo@IBinObjFilter@libmedia@5@PEBUIRefObject@core@5@@Z 0000000140002fe4 f i umodsys_lib_libmedia:umodsys.mod.media.std.obj
 0001:00002054       ?obj_cget@RLibraryLayered@std@media@modules@UModSys@@UEAA_NAEBU?$TString@U?$TSCoreConst@D@su@tl@UModSys@@U?$TComparerBinaryHash@D@234@@tl@5@AEAU?$TRefObject@UIRefObject@core@UModSys@@U?$TRefObjectFunc@UIRefObject@core@UModSys@@@tl@3@@75@_N@Z 0000000140003054 f i umodsys_lib_libmedia:umodsys.mod.media.std.obj
 0001:000020d8       ?obj_cput@RLibraryLayered@std@media@modules@UModSys@@UEAA_NAEBU?$TString@U?$TSCoreConst@D@su@tl@UModSys@@U?$TComparerBinaryHash@D@234@@tl@5@PEAUIRefObject@core@5@@Z 00000001400030d8 f i umodsys_lib_libmedia:umodsys.mod.media.std.obj
 0001:00002148       ?obj_get@RLibraryLayered@std@media@modules@UModSys@@UEAA_NAEBU?$TString@U?$TSCoreConst@D@su@tl@UModSys@@U?$TComparerBinaryHash@D@234@@tl@5@AEAU?$TRefObject@UIRefObject@core@UModSys@@U?$TRefObjectFunc@UIRefObject@core@UModSys@@@tl@3@@75@AEBUSObjOptions@ILibrary@libmedia@5@@Z 0000000140003148 f i umodsys_lib_libmedia:umodsys.mod.media.std.obj
 0001:00002598       ?obj_load@RLibraryLayered@std@media@modules@UModSys@@UEAA_NAEBU?$TString@U?$TSCoreConst@D@su@tl@UModSys@@U?$TComparerBinaryHash@D@234@@tl@5@PEAUIRefObject@core@5@AEBUSObjOptions@ILibrary@libmedia@5@@Z 0000000140003598 f i umodsys_lib_libmedia:umodsys.mod.media.std.obj
 0001:0000276c       ?obj_save@RLibraryLayered@std@media@modules@UModSys@@UEAA_NAEBU?$TString@U?$TSCoreConst@D@su@tl@UModSys@@U?$TComparerBinaryHash@D@234@@tl@5@PEBUIRefObject@core@5@AEBUSObjOptions@ILibrary@libmedia@5@@Z 000000014000376c f i umodsys_lib_libmedia:umodsys.mod.media.std.obj
 0001:000029b4       ?layer_count@RLibraryLayered@std@media@modules@UModSys@@UEBA_KAEBUSLayer@ILibraryLayered@libmedia@5@@Z 00000001400039b4 f i umodsys_lib_libmedia:umodsys.mod.media.std.obj
 0001:000029bc       ?layer_get@RLibraryLayered@std@media@modules@UModSys@@UEBA?AUSLayer@ILibraryLayered@libmedia@5@_K@Z 00000001400039bc f i umodsys_lib_libmedia:umodsys.mod.media.std.obj
 0001:00002a24       ?layer_find@RLibraryLayered@std@media@modules@UModSys@@UEBA_KAEBU?$TString@U?$TSCoreConst@D@su@tl@UModSys@@U?$TComparerBinaryHash@D@234@@tl@5@_K@Z 0000000140003a24 f i umodsys_lib_libmedia:umodsys.mod.media.std.obj
 0001:00002ac0       ?layer_insert@RLibraryLayered@std@media@modules@UModSys@@UEAA_NAEBUSLayer@ILibraryLayered@libmedia@5@_K@Z 0000000140003ac0 f i umodsys_lib_libmedia:umodsys.mod.media.std.obj
 0001:00002c7c       ?layer_remove@RLibraryLayered@std@media@modules@UModSys@@UEAA_N_K@Z 0000000140003c7c f i umodsys_lib_libmedia:umodsys.mod.media.std.obj
 0001:00002d88       ?layer_clear@RLibraryLayered@std@media@modules@UModSys@@UEAA_NXZ 0000000140003d88 f i umodsys_lib_libmedia:umodsys.mod.media.std.obj
 0001:00002d94       ??_ERLibraryLayered@std@media@modules@UModSys@@UEAAPEAXI@Z 0000000140003d94 f i  CIL library: CIL module
 0001:00002d94       ??_GRLibraryLayered@std@media@modules@UModSys@@UEAAPEAXI@Z 0000000140003d94 f i umodsys_lib_libmedia:umodsys.mod.media.std.obj
 0001:00002e40       ?root_get_interface_info@RLibraryObjCache@std@media@modules@UModSys@@UEBAAEBUSUniquePointerInfo@core@5@XZ 0000000140003e40 f i umodsys_lib_libmedia:umodsys.mod.media.std.obj
 0001:00002e48       ?root_get_interface_type@RLibraryObjCache@std@media@modules@UModSys@@UEBAPEBUSUniquePointerInfo@core@5@XZ 0000000140003e48 f i umodsys_lib_libmedia:umodsys.mod.media.std.obj
 0001:00002e50       ?root_get_other_interface@RLibraryObjCache@std@media@modules@UModSys@@UEAAPEAUIRoot@core@5@PEBUSUniquePointerInfo@75@@Z 0000000140003e50 f i umodsys_lib_libmedia:umodsys.mod.media.std.obj
 0001:00002e50       ?root_get_other_interface@RLibraryObjCache@std@media@modules@UModSys@@UEBAPEBUIRoot@core@5@PEBUSUniquePointerInfo@75@@Z 0000000140003e50 f i umodsys_lib_libmedia:umodsys.mod.media.std.obj
 0001:00002e88       ?root_is_interface_supported@RLibraryObjCache@std@media@modules@UModSys@@UEBA_NPEBUSUniquePointerInfo@core@5@@Z 0000000140003e88 f i umodsys_lib_libmedia:umodsys.mod.media.std.obj
 0001:00002ec0       ?ref_remove@RLibraryObjCache@std@media@modules@UModSys@@UEBAXXZ 0000000140003ec0 f i umodsys_lib_libmedia:umodsys.mod.media.std.obj
 0001:00002ec0       ?ref_remove@RDataArchiver_OsDir@stdio@media@modules@UModSys@@UEBAXXZ 0000000140003ec0 f i umodsys_lib_libmedia:umodsys.mod.media.stdio.obj
 0001:00002ec0       ?ref_remove@RLibraryLayered@std@media@modules@UModSys@@UEBAXXZ 0000000140003ec0 f i umodsys_lib_libmedia:umodsys.mod.media.std.obj
 0001:00002ec0       ?ref_remove@RLibraryBinTree@std@media@modules@UModSys@@UEBAXXZ 0000000140003ec0 f i umodsys_lib_libmedia:umodsys.mod.media.std.obj
 0001:00002ec0       ?ref_remove@RLibraryBinCache@std@media@modules@UModSys@@UEBAXXZ 0000000140003ec0 f i umodsys_lib_libmedia:umodsys.mod.media.std.obj
 0001:00002ec0       ?ref_remove@RLibraryObjFilter@std@media@modules@UModSys@@UEBAXXZ 0000000140003ec0 f i umodsys_lib_libmedia:umodsys.mod.media.std.obj
 0001:00002ed8       ?get_flags_auto@RLibraryObjCache@std@media@modules@UModSys@@UEBA?AU?$TFlags4State@USMediaFlagUid@libmedia@UModSys@@I@tl@5@XZ 0000000140003ed8 f i umodsys_lib_libmedia:umodsys.mod.media.std.obj
 0001:00002ee4       ?bin_writer@RLibraryObjCache@std@media@modules@UModSys@@UEAA?AU?$TRefObject@UIStreamWriter@libmedia@UModSys@@U?$TRefObjectFunc@UIStreamWriter@libmedia@UModSys@@@tl@3@@tl@5@AEBU?$TString@U?$TSCoreConst@D@su@tl@UModSys@@U?$TComparerBinaryHash@D@234@@75@AEBUSFlags@libmedia@5@@Z 0000000140003ee4 f i umodsys_lib_libmedia:umodsys.mod.media.std.obj
 0001:00002ee4       ?bin_writer@RLibraryObjFilter@std@media@modules@UModSys@@UEAA?AU?$TRefObject@UIStreamWriter@libmedia@UModSys@@U?$TRefObjectFunc@UIStreamWriter@libmedia@UModSys@@@tl@3@@tl@5@AEBU?$TString@U?$TSCoreConst@D@su@tl@UModSys@@U?$TComparerBinaryHash@D@234@@75@AEBUSFlags@libmedia@5@@Z 0000000140003ee4 f i umodsys_lib_libmedia:umodsys.mod.media.std.obj
 0001:00002ee4       ?bin_reader@RLibraryObjFilter@std@media@modules@UModSys@@UEAA?AU?$TRefObject@UIStreamReader@libmedia@UModSys@@U?$TRefObjectFunc@UIStreamReader@libmedia@UModSys@@@tl@3@@tl@5@AEBU?$TString@U?$TSCoreConst@D@su@tl@UModSys@@U?$TComparerBinaryHash@D@234@@75@AEBUSFlags@libmedia@5@@Z 0000000140003ee4 f i umodsys_lib_libmedia:umodsys.mod.media.std.obj
 0001:00002ee4       ?bin_reader@RLibraryObjCache@std@media@modules@UModSys@@UEAA?AU?$TRefObject@UIStreamReader@libmedia@UModSys@@U?$TRefObjectFunc@UIStreamReader@libmedia@UModSys@@@tl@3@@tl@5@AEBU?$TString@U?$TSCoreConst@D@su@tl@UModSys@@U?$TComparerBinaryHash@D@234@@75@AEBUSFlags@libmedia@5@@Z 0000000140003ee4 f i umodsys_lib_libmedia:umodsys.mod.media.std.obj
 0001:00002ee4       ?bin_writer@RLibraryBinCache@std@media@modules@UModSys@@UEAA?AU?$TRefObject@UIStreamWriter@libmedia@UModSys@@U?$TRefObjectFunc@UIStreamWriter@libmedia@UModSys@@@tl@3@@tl@5@AEBU?$TString@U?$TSCoreConst@D@su@tl@UModSys@@U?$TComparerBinaryHash@D@234@@75@AEBUSFlags@libmedia@5@@Z 0000000140003ee4 f i umodsys_lib_libmedia:umodsys.mod.media.std.obj
 0001:00002ee4       ?bin_reader@RLibraryBinCache@std@media@modules@UModSys@@UEAA?AU?$TRefObject@UIStreamReader@libmedia@UModSys@@U?$TRefObjectFunc@UIStreamReader@libmedia@UModSys@@@tl@3@@tl@5@AEBU?$TString@U?$TSCoreConst@D@su@tl@UModSys@@U?$TComparerBinaryHash@D@234@@75@AEBUSFlags@libmedia@5@@Z 0000000140003ee4 f i umodsys_lib_libmedia:umodsys.mod.media.std.obj
 0001:00002ef4       ?obj_cget@RLibraryObjCache@std@media@modules@UModSys@@UEAA_NAEBU?$TString@U?$TSCoreConst@D@su@tl@UModSys@@U?$TComparerBinaryHash@D@234@@tl@5@AEAU?$TRefObject@UIRefObject@core@UModSys@@U?$TRefObjectFunc@UIRefObject@core@UModSys@@@tl@3@@75@_N@Z 0000000140003ef4 f i umodsys_lib_libmedia:umodsys.mod.media.std.obj
 0001:00002ef4       ?bin_get@RLibraryBinCache@std@media@modules@UModSys@@UEAA_NAEBU?$TString@U?$TSCoreConst@D@su@tl@UModSys@@U?$TComparerBinaryHash@D@234@@tl@5@AEAUSCMemShared@core@5@_N@Z 0000000140003ef4 f i umodsys_lib_libmedia:umodsys.mod.media.std.obj
 0001:00002f28       ?obj_cput@RLibraryObjCache@std@media@modules@UModSys@@UEAA_NAEBU?$TString@U?$TSCoreConst@D@su@tl@UModSys@@U?$TComparerBinaryHash@D@234@@tl@5@PEAUIRefObject@core@5@@Z 0000000140003f28 f i umodsys_lib_libmedia:umodsys.mod.media.std.obj
 0001:00002f34       ?obj_get@RLibraryObjCache@std@media@modules@UModSys@@UEAA_NAEBU?$TString@U?$TSCoreConst@D@su@tl@UModSys@@U?$TComparerBinaryHash@D@234@@tl@5@AEAU?$TRefObject@UIRefObject@core@UModSys@@U?$TRefObjectFunc@UIRefObject@core@UModSys@@@tl@3@@75@AEBUSObjOptions@ILibrary@libmedia@5@@Z 0000000140003f34 f i umodsys_lib_libmedia:umodsys.mod.media.std.obj
 0001:000030a0       ?objcache_get@RLibraryObjCache@std@media@modules@UModSys@@UEBA_NAEBU?$TString@U?$TSCoreConst@D@su@tl@UModSys@@U?$TComparerBinaryHash@D@234@@tl@5@PEAU?$TRefObject@UIRefObject@core@UModSys@@U?$TRefObjectFunc@UIRefObject@core@UModSys@@@tl@3@@75@PEA_N@Z 00000001400040a0 f i umodsys_lib_libmedia:umodsys.mod.media.std.obj
 0001:00003140       ?objcache_add@RLibraryObjCache@std@media@modules@UModSys@@UEAA_NAEBU?$TString@U?$TSCoreConst@D@su@tl@UModSys@@U?$TComparerBinaryHash@D@234@@tl@5@PEAUIRefObject@core@5@@Z 0000000140004140 f i umodsys_lib_libmedia:umodsys.mod.media.std.obj
 0001:000032d0       ?objcache_remove@RLibraryObjCache@std@media@modules@UModSys@@UEAA_NAEBU?$TString@U?$TSCoreConst@D@su@tl@UModSys@@U?$TComparerBinaryHash@D@234@@tl@5@@Z 00000001400042d0 f i umodsys_lib_libmedia:umodsys.mod.media.std.obj
 0001:000032fc       ?objcache_clear@RLibraryObjCache@std@media@modules@UModSys@@UEAA_NXZ 00000001400042fc f i umodsys_lib_libmedia:umodsys.mod.media.std.obj
 0001:0000336c       ??_GRLibraryObjCache@std@media@modules@UModSys@@UEAAPEAXI@Z 000000014000436c f i umodsys_lib_libmedia:umodsys.mod.media.std.obj
 0001:0000336c       ??_ERLibraryObjCache@std@media@modules@UModSys@@UEAAPEAXI@Z 000000014000436c f i  CIL library: CIL module
 0001:00003418       ?root_get_interface_info@RLibraryObjFilter@std@media@modules@UModSys@@UEBAAEBUSUniquePointerInfo@core@5@XZ 0000000140004418 f i umodsys_lib_libmedia:umodsys.mod.media.std.obj
 0001:00003420       ?root_get_interface_type@RLibraryObjFilter@std@media@modules@UModSys@@UEBAPEBUSUniquePointerInfo@core@5@XZ 0000000140004420 f i umodsys_lib_libmedia:umodsys.mod.media.std.obj
 0001:00003428       ?root_get_other_interface@RLibraryObjFilter@std@media@modules@UModSys@@UEAAPEAUIRoot@core@5@PEBUSUniquePointerInfo@75@@Z 0000000140004428 f i umodsys_lib_libmedia:umodsys.mod.media.std.obj
 0001:00003428       ?root_get_other_interface@RLibraryObjFilter@std@media@modules@UModSys@@UEBAPEBUIRoot@core@5@PEBUSUniquePointerInfo@75@@Z 0000000140004428 f i umodsys_lib_libmedia:umodsys.mod.media.std.obj
 0001:00003460       ?root_is_interface_supported@RLibraryObjFilter@std@media@modules@UModSys@@UEBA_NPEBUSUniquePointerInfo@core@5@@Z 0000000140004460 f i umodsys_lib_libmedia:umodsys.mod.media.std.obj
 0001:00003498       ?get_flags_auto@RLibraryObjFilter@std@media@modules@UModSys@@UEBA?AU?$TFlags4State@USMediaFlagUid@libmedia@UModSys@@I@tl@5@XZ 0000000140004498 f i umodsys_lib_libmedia:umodsys.mod.media.std.obj
 0001:000034a4       ?set_flag@RLibraryBinCache@std@media@modules@UModSys@@UEAA?AW4eStates@?$TFlags4State@USMediaFlagUid@libmedia@UModSys@@I@tl@5@HW46785@@Z 00000001400044a4 f i umodsys_lib_libmedia:umodsys.mod.media.std.obj
 0001:000034a4       ?set_flag@RLibraryBinTree@std@media@modules@UModSys@@UEAA?AW4eStates@?$TFlags4State@USMediaFlagUid@libmedia@UModSys@@I@tl@5@HW46785@@Z 00000001400044a4 f i umodsys_lib_libmedia:umodsys.mod.media.std.obj
 0001:000034a4       ?set_flag@RLibraryObjFilter@std@media@modules@UModSys@@UEAA?AW4eStates@?$TFlags4State@USMediaFlagUid@libmedia@UModSys@@I@tl@5@HW46785@@Z 00000001400044a4 f i umodsys_lib_libmedia:umodsys.mod.media.std.obj
 0001:000034a4       ?set_flag@RLibraryObjCache@std@media@modules@UModSys@@UEAA?AW4eStates@?$TFlags4State@USMediaFlagUid@libmedia@UModSys@@I@tl@5@HW46785@@Z 00000001400044a4 f i umodsys_lib_libmedia:umodsys.mod.media.std.obj
 0001:000034cc       ?obj_fget@RLibraryObjFilter@std@media@modules@UModSys@@UEAA_NAEBUSInfo@IBinObjFilter@libmedia@5@AEAU?$TRefObject@UIRefObject@core@UModSys@@U?$TRefObjectFunc@UIRefObject@core@UModSys@@@tl@3@@tl@5@@Z 00000001400044cc f i umodsys_lib_libmedia:umodsys.mod.media.std.obj
 0001:000034d8       ?obj_fload@RLibraryObjFilter@std@media@modules@UModSys@@UEAA_NAEBUSInfo@IBinObjFilter@libmedia@5@PEAUIRefObject@core@5@@Z 00000001400044d8 f i umodsys_lib_libmedia:umodsys.mod.media.std.obj
 0001:000034e4       ?obj_fsave@RLibraryObjFilter@std@media@modules@UModSys@@UEAA_NAEAUSInfo@IBinObjFilter@libmedia@5@PEBUIRefObject@core@5@@Z 00000001400044e4 f i umodsys_lib_libmedia:umodsys.mod.media.std.obj
 0001:000034f0       ?filters_add@RLibraryObjFilter@std@media@modules@UModSys@@UEAA_NU?$TRefObject@UIBinObjFilter@libmedia@UModSys@@U?$TRefObjectFunc@UIBinObjFilter@libmedia@UModSys@@@tl@3@@tl@5@PEBUSParameters@core@5@H@Z 00000001400044f0 f i umodsys_lib_libmedia:umodsys.mod.media.std.obj
 0001:000035ec       ?filters_remove@RLibraryObjFilter@std@media@modules@UModSys@@UEAA_NPEAUIBinObjFilter@libmedia@5@H@Z 00000001400045ec f i umodsys_lib_libmedia:umodsys.mod.media.std.obj
 0001:00003660       ?filters_clear@RLibraryObjFilter@std@media@modules@UModSys@@UEAA_NXZ 0000000140004660 f i umodsys_lib_libmedia:umodsys.mod.media.std.obj
 0001:000036e0       ?filters_load@RLibraryObjFilter@std@media@modules@UModSys@@UEAA_NAEBUSInfo@IBinObjFilter@libmedia@5@AEAU?$TRefObject@UIRefObject@core@UModSys@@U?$TRefObjectFunc@UIRefObject@core@UModSys@@@tl@3@@tl@5@@Z 00000001400046e0 f i umodsys_lib_libmedia:umodsys.mod.media.std.obj
 0001:00003778       ?filters_load@RLibraryObjFilter@std@media@modules@UModSys@@UEAA_NAEBUSInfo@IBinObjFilter@libmedia@5@PEAUIRefObject@core@5@@Z 0000000140004778 f i umodsys_lib_libmedia:umodsys.mod.media.std.obj
 0001:00003810       ?filters_save@RLibraryObjFilter@std@media@modules@UModSys@@UEAA_NAEAUSInfo@IBinObjFilter@libmedia@5@PEBUIRefObject@core@5@@Z 0000000140004810 f i umodsys_lib_libmedia:umodsys.mod.media.std.obj
 0001:000038a8       ??_ERLibraryObjFilter@std@media@modules@UModSys@@UEAAPEAXI@Z 00000001400048a8 f i  CIL library: CIL module
 0001:000038a8       ??_GRLibraryObjFilter@std@media@modules@UModSys@@UEAAPEAXI@Z 00000001400048a8 f i umodsys_lib_libmedia:umodsys.mod.media.std.obj
 0001:00003964       ?get_generated_names@RGenerator@std@media@modules@UModSys@@UEBAHAEAUSUniquePtrList@core@5@@Z 0000000140004964 f i umodsys_lib_libmedia:umodsys.mod.media.std.obj
 0001:000039c4       ?get_generated_types@RGenerator@std@media@modules@UModSys@@UEBAHAEAUSUniquePtrList@core@5@PEBUSUniquePointerInfo@75@@Z 00000001400049c4 f i umodsys_lib_libmedia:umodsys.mod.media.std.obj
 0001:00003aa0       ?generate@RGenerator@std@media@modules@UModSys@@UEAA_NAEAU?$TRefObject@UIRefObject@core@UModSys@@U?$TRefObjectFunc@UIRefObject@core@UModSys@@@tl@3@@tl@5@PEBUSUniquePointerInfo@core@5@AEBUSParameters@95@@Z 0000000140004aa0 f i umodsys_lib_libmedia:umodsys.mod.media.std.obj
 0001:00003c48       ?root_get_interface_info@RGenerator@std@media@modules@UModSys@@UEBAAEBUSUniquePointerInfo@core@5@XZ 0000000140004c48 f i umodsys_lib_libmedia:umodsys.mod.media.std.obj
 0001:00003c50       ?root_get_interface_type@RGenerator@std@media@modules@UModSys@@UEBAPEBUSUniquePointerInfo@core@5@XZ 0000000140004c50 f i umodsys_lib_libmedia:umodsys.mod.media.std.obj
 0001:00003c58       ?root_get_other_interface@RGenerator@std@media@modules@UModSys@@UEBAPEBUIRoot@core@5@PEBUSUniquePointerInfo@75@@Z 0000000140004c58 f i umodsys_lib_libmedia:umodsys.mod.media.std.obj
 0001:00003c58       ?root_get_other_interface@RGenerator@std@media@modules@UModSys@@UEAAPEAUIRoot@core@5@PEBUSUniquePointerInfo@75@@Z 0000000140004c58 f i umodsys_lib_libmedia:umodsys.mod.media.std.obj
 0001:00003c90       ?root_is_interface_supported@RGenerator@std@media@modules@UModSys@@UEBA_NPEBUSUniquePointerInfo@core@5@@Z 0000000140004c90 f i umodsys_lib_libmedia:umodsys.mod.media.std.obj
 0001:00003cc8       ?ref_add@RStreamReader_FILE@stdio@media@modules@UModSys@@UEBAXXZ 0000000140004cc8 f i umodsys_lib_libmedia:umodsys.mod.media.stdio.obj
 0001:00003cc8       ?ref_add@RStreamWriter_FILE@stdio@media@modules@UModSys@@UEBAXXZ 0000000140004cc8 f i umodsys_lib_libmedia:umodsys.mod.media.stdio.obj
 0001:00003cc8       ?ref_add@RGenerator@std@media@modules@UModSys@@UEBAXXZ 0000000140004cc8 f i umodsys_lib_libmedia:umodsys.mod.media.std.obj
 0001:00003cc8       ?ref_add@RGenerator@stdio@media@modules@UModSys@@UEBAXXZ 0000000140004cc8 f i umodsys_lib_libmedia:umodsys.mod.media.stdio.obj
 0001:00003ccc       ??3@YAXPEAX0@Z             0000000140004ccc f i umodsys_lib_libmedia:umodsys.mod.media.std.obj
 0001:00003ccc       ?suicide@RGenerator@stdio@media@modules@UModSys@@UEAAXXZ 0000000140004ccc f i umodsys_lib_libmedia:umodsys.mod.media.stdio.obj
 0001:00003ccc       ?ref_remove@RConsole_std@rsystem@base@UModSys@@UEBAXXZ 0000000140004ccc f i umodsys_lib_basesys:umodsys.basesys.rconsole_std.obj
 0001:00003ccc       ?ref_add@RConsole_std@rsystem@base@UModSys@@UEBAXXZ 0000000140004ccc f i umodsys_lib_basesys:umodsys.basesys.rconsole_std.obj
 0001:00003ccc       ?suicide@RGenerator@std@media@modules@UModSys@@UEAAXXZ 0000000140004ccc f i umodsys_lib_libmedia:umodsys.mod.media.std.obj
 0001:00003cd0       ?get_uid@RGenerator@std@media@modules@UModSys@@UEBAPEBUSUniquePointerInfo@core@5@XZ 0000000140004cd0 f i umodsys_lib_libmedia:umodsys.mod.media.std.obj
 0001:00003cd8       ?do_open@RModuleReg@std@media@modules@UModSys@@UEAA_NXZ 0000000140004cd8 f i umodsys_lib_libmedia:umodsys.mod.media.std.obj
 0001:00003d4c       ?do_close@RModuleReg@std@media@modules@UModSys@@UEAA_NXZ 0000000140004d4c f i umodsys_lib_libmedia:umodsys.mod.media.std.obj
 0001:00003d9c       ?get_module@RGenerator@std@media@modules@UModSys@@UEBAPEAUIModule@base@5@XZ 0000000140004d9c f   umodsys_lib_libmedia:umodsys.mod.media.std.obj
 0001:00003da4       ?mod_inc@RGenerator@std@media@modules@UModSys@@UEBA_NXZ 0000000140004da4 f   umodsys_lib_libmedia:umodsys.mod.media.std.obj
 0001:00003db4       ?mod_dec@RGenerator@std@media@modules@UModSys@@UEBA_NXZ 0000000140004db4 f   umodsys_lib_libmedia:umodsys.mod.media.std.obj
 0001:00003dc8       ?s_holder@RGenerator@std@media@modules@UModSys@@SAAEAU?$TTypeStaticHolder@URGenerator@std@media@modules@UModSys@@@tl@5@XZ 0000000140004dc8 f   umodsys_lib_libmedia:umodsys.mod.media.std.obj
 0001:00003e0c       ??1?$TString@U?$TSCoreShared@USIMemAlloc@core@UModSys@@D@su@tl@UModSys@@U?$TComparerBinaryHash@D@234@@tl@UModSys@@QEAA@XZ 0000000140004e0c f i umodsys_lib_libmedia:umodsys.mod.media.std.obj
 0001:00003e0c       ??1?$TSCoreShared@USIMemAlloc@core@UModSys@@D@su@tl@UModSys@@QEAA@XZ 0000000140004e0c f i umodsys_lib_libmedia:umodsys.mod.media.std.obj
 0001:00003e5c       ??R?$TScatterArray@USCacheElem@RLibraryBinCache@std@media@modules@UModSys@@U?$TString@U?$TSCoreConst@D@su@tl@UModSys@@U?$TComparerBinaryHash@D@234@@tl@6@U?$TObjectCompare@U?$TString@U?$TSCoreConst@D@su@tl@UModSys@@U?$TComparerBinaryHash@D@234@@tl@UModSys@@@core@6@U?$TNodeDeleter0@U?$TScatterArrayNode@USCacheElem@RLibraryBinCache@std@media@modules@UModSys@@U?$TString@U?$TSCoreConst@D@su@tl@UModSys@@U?$TComparerBinaryHash@D@234@@tl@6@@tl@UModSys@@@86@@tl@UModSys@@QEAAPEAUSCacheElem@RLibraryBinCache@std@media@modules@2@AEBU?$TString@U?$TSCoreConst@D@su@tl@UModSys@@U?$TComparerBinaryHash@D@234@@12@PEAUVoid@core@2@@Z 0000000140004e5c f i umodsys_lib_libmedia:umodsys.mod.media.std.obj
 0001:00003fe0       ??R?$TScatterArray@USMountInfo@RLibraryBinTree@std@media@modules@UModSys@@USId@ILibraryBinTree@libmedia@6@U7896@U?$TNodeDeleter0@U?$TScatterArrayNode@USMountInfo@RLibraryBinTree@std@media@modules@UModSys@@USId@ILibraryBinTree@libmedia@6@@tl@UModSys@@@tl@6@@tl@UModSys@@QEAAPEAUSMountInfo@RLibraryBinTree@std@media@modules@2@AEBUSId@ILibraryBinTree@libmedia@2@PEAUVoid@core@2@@Z 0000000140004fe0 f i umodsys_lib_libmedia:umodsys.mod.media.std.obj
 0001:000040dc       ??R?$TScatterArray@USCacheElem@RLibraryObjCache@std@media@modules@UModSys@@U?$TString@U?$TSCoreConst@D@su@tl@UModSys@@U?$TComparerBinaryHash@D@234@@tl@6@U?$TObjectCompare@U?$TString@U?$TSCoreConst@D@su@tl@UModSys@@U?$TComparerBinaryHash@D@234@@tl@UModSys@@@core@6@U?$TNodeDeleter0@U?$TScatterArrayNode@USCacheElem@RLibraryObjCache@std@media@modules@UModSys@@U?$TString@U?$TSCoreConst@D@su@tl@UModSys@@U?$TComparerBinaryHash@D@234@@tl@6@@tl@UModSys@@@86@@tl@UModSys@@QEAAPEAUSCacheElem@RLibraryObjCache@std@media@modules@2@AEBU?$TString@U?$TSCoreConst@D@su@tl@UModSys@@U?$TComparerBinaryHash@D@234@@12@PEAUVoid@core@2@@Z 00000001400050dc f i umodsys_lib_libmedia:umodsys.mod.media.std.obj
 0001:000041d8       ??R?$TScatterArray@USFilter@RLibraryObjFilter@std@media@modules@UModSys@@USId@23456@U723456@U?$TNodeDeleter0@U?$TScatterArrayNode@USFilter@RLibraryObjFilter@std@media@modules@UModSys@@USId@23456@@tl@UModSys@@@tl@6@@tl@UModSys@@QEAAPEAUSFilter@RLibraryObjFilter@std@media@modules@2@AEBUSId@45672@PEAUVoid@core@2@@Z 00000001400051d8 f i umodsys_lib_libmedia:umodsys.mod.media.std.obj
 0001:000042c8       ?delete_node@?$TTreeHoldRBD@U?$TScatterArrayNode@USCacheElem@RLibraryBinCache@std@media@modules@UModSys@@U?$TString@U?$TSCoreConst@D@su@tl@UModSys@@U?$TComparerBinaryHash@D@234@@tl@6@@tl@UModSys@@U?$TNodeDeleter0@U?$TScatterArrayNode@USCacheElem@RLibraryBinCache@std@media@modules@UModSys@@U?$TString@U?$TSCoreConst@D@su@tl@UModSys@@U?$TComparerBinaryHash@D@234@@tl@6@@tl@UModSys@@@23@@tl@UModSys@@QEAAXPEAU?$TScatterArrayNode@USCacheElem@RLibraryBinCache@std@media@modules@UModSys@@U?$TString@U?$TSCoreConst@D@su@tl@UModSys@@U?$TComparerBinaryHash@D@234@@tl@6@@23@@Z 00000001400052c8 f i umodsys_lib_libmedia:umodsys.mod.media.std.obj
 0001:000043e8       ?delete_node@?$TTreeHoldRBD@U?$TScatterArrayNode@USMountInfo@RLibraryBinTree@std@media@modules@UModSys@@USId@ILibraryBinTree@libmedia@6@@tl@UModSys@@U?$TNodeDeleter0@U?$TScatterArrayNode@USMountInfo@RLibraryBinTree@std@media@modules@UModSys@@USId@ILibraryBinTree@libmedia@6@@tl@UModSys@@@23@@tl@UModSys@@QEAAXPEAU?$TScatterArrayNode@USMountInfo@RLibraryBinTree@std@media@modules@UModSys@@USId@ILibraryBinTree@libmedia@6@@23@@Z 00000001400053e8 f i umodsys_lib_libmedia:umodsys.mod.media.std.obj
 0001:0000450c       ?Resize@?$TDynarray@U?$TDynarrayHolderDynamic@USLayerX@RLibraryLayered@std@media@modules@UModSys@@U?$TAllocator@USIMemAlloc@core@UModSys@@USCountCalcPower2@23@@tl@6@@tl@UModSys@@@tl@UModSys@@QEAA_N_K@Z 000000014000550c f i umodsys_lib_libmedia:umodsys.mod.media.std.obj
 0001:00004630       ?delete_node@?$TTreeHoldRBD@U?$TScatterArrayNode@USCacheElem@RLibraryObjCache@std@media@modules@UModSys@@U?$TString@U?$TSCoreConst@D@su@tl@UModSys@@U?$TComparerBinaryHash@D@234@@tl@6@@tl@UModSys@@U?$TNodeDeleter0@U?$TScatterArrayNode@USCacheElem@RLibraryObjCache@std@media@modules@UModSys@@U?$TString@U?$TSCoreConst@D@su@tl@UModSys@@U?$TComparerBinaryHash@D@234@@tl@6@@tl@UModSys@@@23@@tl@UModSys@@QEAAXPEAU?$TScatterArrayNode@USCacheElem@RLibraryObjCache@std@media@modules@UModSys@@U?$TString@U?$TSCoreConst@D@su@tl@UModSys@@U?$TComparerBinaryHash@D@234@@tl@6@@23@@Z 0000000140005630 f i umodsys_lib_libmedia:umodsys.mod.media.std.obj
 0001:00004754       ?delete_node@?$TTreeHoldRBD@U?$TScatterArrayNode@USFilter@RLibraryObjFilter@std@media@modules@UModSys@@USId@23456@@tl@UModSys@@U?$TNodeDeleter0@U?$TScatterArrayNode@USFilter@RLibraryObjFilter@std@media@modules@UModSys@@USId@23456@@tl@UModSys@@@23@@tl@UModSys@@QEAAXPEAU?$TScatterArrayNode@USFilter@RLibraryObjFilter@std@media@modules@UModSys@@USId@23456@@23@@Z 0000000140005754 f i umodsys_lib_libmedia:umodsys.mod.media.std.obj
 0001:00004880       ??R?$TNodeDeleter0@U?$TScatterArrayNode@USMountInfo@RLibraryBinTree@std@media@modules@UModSys@@USId@ILibraryBinTree@libmedia@6@@tl@UModSys@@@tl@UModSys@@QEBAHPEAU?$TScatterArrayNode@USMountInfo@RLibraryBinTree@std@media@modules@UModSys@@USId@ILibraryBinTree@libmedia@6@@12@@Z 0000000140005880 f i umodsys_lib_libmedia:umodsys.mod.media.std.obj
 0001:00004914       ??R?$TNodeDeleter0@U?$TScatterArrayNode@USCacheElem@RLibraryObjCache@std@media@modules@UModSys@@U?$TString@U?$TSCoreConst@D@su@tl@UModSys@@U?$TComparerBinaryHash@D@234@@tl@6@@tl@UModSys@@@tl@UModSys@@QEBAHPEAU?$TScatterArrayNode@USCacheElem@RLibraryObjCache@std@media@modules@UModSys@@U?$TString@U?$TSCoreConst@D@su@tl@UModSys@@U?$TComparerBinaryHash@D@234@@tl@6@@12@@Z 0000000140005914 f i umodsys_lib_libmedia:umodsys.mod.media.std.obj
 0001:000049a4       ?set@?$TSCoreShared@USIMemAlloc@core@UModSys@@D@su@tl@UModSys@@QEAAXPEBD_K@Z 00000001400059a4 f i umodsys_lib_libmedia:umodsys.mod.media.std.obj
 0001:00004a64       ??1?$TPair@U?$TString@U?$TSCoreConst@D@su@tl@UModSys@@U?$TComparerBinaryHash@D@234@@tl@UModSys@@USCacheElem@RLibraryBinCache@std@media@modules@3@@tl@UModSys@@QEAA@XZ 0000000140005a64 f i umodsys_lib_libmedia:umodsys.mod.media.std.obj
 0001:00004a70       ??1?$TPair@USId@ILibraryBinTree@libmedia@UModSys@@USMountInfo@RLibraryBinTree@std@media@modules@4@@tl@UModSys@@QEAA@XZ 0000000140005a70 f i umodsys_lib_libmedia:umodsys.mod.media.std.obj
 0001:00004ae4       ??1?$TPair@U?$TString@U?$TSCoreConst@D@su@tl@UModSys@@U?$TComparerBinaryHash@D@234@@tl@UModSys@@USCacheElem@RLibraryObjCache@std@media@modules@3@@tl@UModSys@@QEAA@XZ 0000000140005ae4 f i umodsys_lib_libmedia:umodsys.mod.media.std.obj
 0001:00004b58       ??1?$TPair@USId@RLibraryObjFilter@std@media@modules@UModSys@@USFilter@23456@@tl@UModSys@@QEAA@XZ 0000000140005b58 f i umodsys_lib_libmedia:umodsys.mod.media.std.obj
 0001:00004b7c       ??1SCacheElem@RLibraryBinCache@std@media@modules@UModSys@@QEAA@XZ 0000000140005b7c f i umodsys_lib_libmedia:umodsys.mod.media.std.obj
 0001:00004bf8       ??1SMountInfo@RLibraryBinTree@std@media@modules@UModSys@@QEAA@XZ 0000000140005bf8 f i umodsys_lib_libmedia:umodsys.mod.media.std.obj
 0001:00004c68       ??1SCacheElem@RLibraryObjCache@std@media@modules@UModSys@@QEAA@XZ 0000000140005c68 f i umodsys_lib_libmedia:umodsys.mod.media.std.obj
 0001:00004cd8       ?remove_color@?$TTreeHoldRB@U?$TScatterArrayNode@USMountInfo@RLibraryBinTree@std@media@modules@UModSys@@USId@ILibraryBinTree@libmedia@6@@tl@UModSys@@@tl@UModSys@@IEAAXPEAU?$TScatterArrayNode@USMountInfo@RLibraryBinTree@std@media@modules@UModSys@@USId@ILibraryBinTree@libmedia@6@@23@0@Z 0000000140005cd8 f i umodsys_lib_libmedia:umodsys.mod.media.std.obj
 0001:00004cd8       ?remove_color@?$TTreeHoldRB@U?$TScatterArrayNode@USFilter@RLibraryObjFilter@std@media@modules@UModSys@@USId@23456@@tl@UModSys@@@tl@UModSys@@IEAAXPEAU?$TScatterArrayNode@USFilter@RLibraryObjFilter@std@media@modules@UModSys@@USId@23456@@23@0@Z 0000000140005cd8 f i umodsys_lib_libmedia:umodsys.mod.media.std.obj
 0001:00004cd8       ?remove_color@?$TTreeHoldRB@U?$TScatterArrayNode@USCacheElem@RLibraryBinCache@std@media@modules@UModSys@@U?$TString@U?$TSCoreConst@D@su@tl@UModSys@@U?$TComparerBinaryHash@D@234@@tl@6@@tl@UModSys@@@tl@UModSys@@IEAAXPEAU?$TScatterArrayNode@USCacheElem@RLibraryBinCache@std@media@modules@UModSys@@U?$TString@U?$TSCoreConst@D@su@tl@UModSys@@U?$TComparerBinaryHash@D@234@@tl@6@@23@0@Z 0000000140005cd8 f i umodsys_lib_libmedia:umodsys.mod.media.std.obj
 0001:00004cd8       ?remove_color@?$TTreeHoldRB@U?$TScatterArrayNode@USCacheElem@RLibraryObjCache@std@media@modules@UModSys@@U?$TString@U?$TSCoreConst@D@su@tl@UModSys@@U?$TComparerBinaryHash@D@234@@tl@6@@tl@UModSys@@@tl@UModSys@@IEAAXPEAU?$TScatterArrayNode@USCacheElem@RLibraryObjCache@std@media@modules@UModSys@@U?$TString@U?$TSCoreConst@D@su@tl@UModSys@@U?$TComparerBinaryHash@D@234@@tl@6@@23@0@Z 0000000140005cd8 f i umodsys_lib_libmedia:umodsys.mod.media.std.obj
 0001:00004f78       ??$t_gen_param@URLibraryBinTree@std@media@modules@UModSys@@URGenerator@2345@@IGenerator@base@UModSys@@IEAA_NPEAURGenerator@std@media@modules@2@AEAU?$TRefObject@UIRefObject@core@UModSys@@U?$TRefObjectFunc@UIRefObject@core@UModSys@@@tl@3@@tl@2@PEBUSUniquePointerInfo@core@2@AEBUSParameters@core@2@@Z 0000000140005f78 f i umodsys_lib_libmedia:umodsys.mod.media.std.obj
 0001:0000509c       ??$t_gen_param@URLibraryLayered@std@media@modules@UModSys@@URGenerator@2345@@IGenerator@base@UModSys@@IEAA_NPEAURGenerator@std@media@modules@2@AEAU?$TRefObject@UIRefObject@core@UModSys@@U?$TRefObjectFunc@UIRefObject@core@UModSys@@@tl@3@@tl@2@PEBUSUniquePointerInfo@core@2@AEBUSParameters@core@2@@Z 000000014000609c f i umodsys_lib_libmedia:umodsys.mod.media.std.obj
 0001:000051d8       ??$t_gen_param@URLibraryObjFilter@std@media@modules@UModSys@@URGenerator@2345@@IGenerator@base@UModSys@@IEAA_NPEAURGenerator@std@media@modules@2@AEAU?$TRefObject@UIRefObject@core@UModSys@@U?$TRefObjectFunc@UIRefObject@core@UModSys@@@tl@3@@tl@2@PEBUSUniquePointerInfo@core@2@AEBUSParameters@core@2@@Z 00000001400061d8 f i umodsys_lib_libmedia:umodsys.mod.media.std.obj
 0001:000052fc       ??$t_gen_param@URLibraryObjCache@std@media@modules@UModSys@@URGenerator@2345@@IGenerator@base@UModSys@@IEAA_NPEAURGenerator@std@media@modules@2@AEAU?$TRefObject@UIRefObject@core@UModSys@@U?$TRefObjectFunc@UIRefObject@core@UModSys@@@tl@3@@tl@2@PEBUSUniquePointerInfo@core@2@AEBUSParameters@core@2@@Z 00000001400062fc f i umodsys_lib_libmedia:umodsys.mod.media.std.obj
 0001:00005420       ??$find_node_u@UCmp@?$TScatterArray@USCacheElem@RLibraryObjCache@std@media@modules@UModSys@@U?$TString@U?$TSCoreConst@D@su@tl@UModSys@@U?$TComparerBinaryHash@D@234@@tl@6@U?$TObjectCompare@U?$TString@U?$TSCoreConst@D@su@tl@UModSys@@U?$TComparerBinaryHash@D@234@@tl@UModSys@@@core@6@U?$TNodeDeleter0@U?$TScatterArrayNode@USCacheElem@RLibraryObjCache@std@media@modules@UModSys@@U?$TString@U?$TSCoreConst@D@su@tl@UModSys@@U?$TComparerBinaryHash@D@234@@tl@6@@tl@UModSys@@@86@@tl@UModSys@@@?$TTreeHoldRB@U?$TScatterArrayNode@USCacheElem@RLibraryObjCache@std@media@modules@UModSys@@U?$TString@U?$TSCoreConst@D@su@tl@UModSys@@U?$TComparerBinaryHash@D@234@@tl@6@@tl@UModSys@@@tl@UModSys@@QEBAPEAU?$TScatterArrayNode@USCacheElem@RLibraryObjCache@std@media@modules@UModSys@@U?$TString@U?$TSCoreConst@D@su@tl@UModSys@@U?$TComparerBinaryHash@D@234@@tl@6@@12@UCmp@?$TScatterArray@USCacheElem@RLibraryObjCache@std@media@modules@UModSys@@U?$TString@U?$TSCoreConst@D@su@tl@UModSys@@U?$TComparerBinaryHash@D@234@@tl@6@U?$TObjectCompare@U?$TString@U?$TSCoreConst@D@su@tl@UModSys@@U?$TComparerBinaryHash@D@234@@tl@UModSys@@@core@6@U?$TNodeDeleter0@U?$TScatterArrayNode@USCacheElem@RLibraryObjCache@std@media@modules@UModSys@@U?$TString@U?$TSCoreConst@D@su@tl@UModSys@@U?$TComparerBinaryHash@D@234@@tl@6@@tl@UModSys@@@86@@12@@Z 0000000140006420 f i umodsys_lib_libmedia:umodsys.mod.media.std.obj
 0001:00005420       ??$find_node_u@UCmp@?$TScatterArray@USCacheElem@RLibraryBinCache@std@media@modules@UModSys@@U?$TString@U?$TSCoreConst@D@su@tl@UModSys@@U?$TComparerBinaryHash@D@234@@tl@6@U?$TObjectCompare@U?$TString@U?$TSCoreConst@D@su@tl@UModSys@@U?$TComparerBinaryHash@D@234@@tl@UModSys@@@core@6@U?$TNodeDeleter0@U?$TScatterArrayNode@USCacheElem@RLibraryBinCache@std@media@modules@UModSys@@U?$TString@U?$TSCoreConst@D@su@tl@UModSys@@U?$TComparerBinaryHash@D@234@@tl@6@@tl@UModSys@@@86@@tl@UModSys@@@?$TTreeHoldRB@U?$TScatterArrayNode@USCacheElem@RLibraryBinCache@std@media@modules@UModSys@@U?$TString@U?$TSCoreConst@D@su@tl@UModSys@@U?$TComparerBinaryHash@D@234@@tl@6@@tl@UModSys@@@tl@UModSys@@QEBAPEAU?$TScatterArrayNode@USCacheElem@RLibraryBinCache@std@media@modules@UModSys@@U?$TString@U?$TSCoreConst@D@su@tl@UModSys@@U?$TComparerBinaryHash@D@234@@tl@6@@12@UCmp@?$TScatterArray@USCacheElem@RLibraryBinCache@std@media@modules@UModSys@@U?$TString@U?$TSCoreConst@D@su@tl@UModSys@@U?$TComparerBinaryHash@D@234@@tl@6@U?$TObjectCompare@U?$TString@U?$TSCoreConst@D@su@tl@UModSys@@U?$TComparerBinaryHash@D@234@@tl@UModSys@@@core@6@U?$TNodeDeleter0@U?$TScatterArrayNode@USCacheElem@RLibraryBinCache@std@media@modules@UModSys@@U?$TString@U?$TSCoreConst@D@su@tl@UModSys@@U?$TComparerBinaryHash@D@234@@tl@6@@tl@UModSys@@@86@@12@@Z 0000000140006420 f i umodsys_lib_libmedia:umodsys.mod.media.std.obj
 0001:000054c0       ??$find_node_u@UCmp@?$TScatterArray@USMountInfo@RLibraryBinTree@std@media@modules@UModSys@@USId@ILibraryBinTree@libmedia@6@U7896@U?$TNodeDeleter0@U?$TScatterArrayNode@USMountInfo@RLibraryBinTree@std@media@modules@UModSys@@USId@ILibraryBinTree@libmedia@6@@tl@UModSys@@@tl@6@@tl@UModSys@@@?$TTreeHoldRB@U?$TScatterArrayNode@USMountInfo@RLibraryBinTree@std@media@modules@UModSys@@USId@ILibraryBinTree@libmedia@6@@tl@UModSys@@@tl@UModSys@@QEBAPEAU?$TScatterArrayNode@USMountInfo@RLibraryBinTree@std@media@modules@UModSys@@USId@ILibraryBinTree@libmedia@6@@12@UCmp@?$TScatterArray@USMountInfo@RLibraryBinTree@std@media@modules@UModSys@@USId@ILibraryBinTree@libmedia@6@U7896@U?$TNodeDeleter0@U?$TScatterArrayNode@USMountInfo@RLibraryBinTree@std@media@modules@UModSys@@USId@ILibraryBinTree@libmedia@6@@tl@UModSys@@@tl@6@@12@@Z 00000001400064c0 f i umodsys_lib_libmedia:umodsys.mod.media.std.obj
 0001:00005580       ?sub_insert_node@?$TTreeHoldRB@U?$TScatterArrayNode@USCacheElem@RLibraryObjCache@std@media@modules@UModSys@@U?$TString@U?$TSCoreConst@D@su@tl@UModSys@@U?$TComparerBinaryHash@D@234@@tl@6@@tl@UModSys@@@tl@UModSys@@QEAAXPEAU?$TScatterArrayNode@USCacheElem@RLibraryObjCache@std@media@modules@UModSys@@U?$TString@U?$TSCoreConst@D@su@tl@UModSys@@U?$TComparerBinaryHash@D@234@@tl@6@@23@0H@Z 0000000140006580 f i umodsys_lib_libmedia:umodsys.mod.media.std.obj
 0001:00005580       ?sub_insert_node@?$TTreeHoldRB@U?$TScatterArrayNode@USFilter@RLibraryObjFilter@std@media@modules@UModSys@@USId@23456@@tl@UModSys@@@tl@UModSys@@QEAAXPEAU?$TScatterArrayNode@USFilter@RLibraryObjFilter@std@media@modules@UModSys@@USId@23456@@23@0H@Z 0000000140006580 f i umodsys_lib_libmedia:umodsys.mod.media.std.obj
 0001:00005580       ?sub_insert_node@?$TTreeHoldRB@U?$TScatterArrayNode@USCacheElem@RLibraryBinCache@std@media@modules@UModSys@@U?$TString@U?$TSCoreConst@D@su@tl@UModSys@@U?$TComparerBinaryHash@D@234@@tl@6@@tl@UModSys@@@tl@UModSys@@QEAAXPEAU?$TScatterArrayNode@USCacheElem@RLibraryBinCache@std@media@modules@UModSys@@U?$TString@U?$TSCoreConst@D@su@tl@UModSys@@U?$TComparerBinaryHash@D@234@@tl@6@@23@0H@Z 0000000140006580 f i umodsys_lib_libmedia:umodsys.mod.media.std.obj
 0001:00005580       ?sub_insert_node@?$TTreeHoldRB@U?$TScatterArrayNode@USMountInfo@RLibraryBinTree@std@media@modules@UModSys@@USId@ILibraryBinTree@libmedia@6@@tl@UModSys@@@tl@UModSys@@QEAAXPEAU?$TScatterArrayNode@USMountInfo@RLibraryBinTree@std@media@modules@UModSys@@USId@ILibraryBinTree@libmedia@6@@23@0H@Z 0000000140006580 f i umodsys_lib_libmedia:umodsys.mod.media.std.obj
 0001:00005760       ??RGen0@?$TScatterArray@USMountInfo@RLibraryBinTree@std@media@modules@UModSys@@USId@ILibraryBinTree@libmedia@6@U7896@U?$TNodeDeleter0@U?$TScatterArrayNode@USMountInfo@RLibraryBinTree@std@media@modules@UModSys@@USId@ILibraryBinTree@libmedia@6@@tl@UModSys@@@tl@6@@tl@UModSys@@QEBAPEAU?$TScatterArrayNode@USMountInfo@RLibraryBinTree@std@media@modules@UModSys@@USId@ILibraryBinTree@libmedia@6@@23@AEBUCmp@123@AEBU?$TTreeHoldRBD@U?$TScatterArrayNode@USMountInfo@RLibraryBinTree@std@media@modules@UModSys@@USId@ILibraryBinTree@libmedia@6@@tl@UModSys@@U?$TNodeDeleter0@U?$TScatterArrayNode@USMountInfo@RLibraryBinTree@std@media@modules@UModSys@@USId@ILibraryBinTree@libmedia@6@@tl@UModSys@@@23@@23@@Z 0000000140006760 f i umodsys_lib_libmedia:umodsys.mod.media.std.obj
 0001:00005864       ??1?$TRefObject@UIModObject@base@UModSys@@U?$TModObjectFunc@UIModObject@base@UModSys@@@tl@3@@tl@UModSys@@QEAA@XZ 0000000140006864 f i umodsys_lib_libmedia:umodsys.mod.media.std.obj
 0001:00005890       ??_GSLayerX@RLibraryLayered@std@media@modules@UModSys@@QEAAPEAXI@Z 0000000140006890 f i umodsys_lib_libmedia:umodsys.mod.media.std.obj
 0001:00005904       ??0?$TString@U?$TSCoreShared@USIMemAlloc@core@UModSys@@D@su@tl@UModSys@@U?$TComparerBinaryHash@D@234@@tl@UModSys@@QEAA@AEBU012@@Z 0000000140006904 f i umodsys_lib_libmedia:umodsys.mod.media.std.obj
 0001:00005984       ??0?$TScatterArrayNode@USCacheElem@RLibraryObjCache@std@media@modules@UModSys@@U?$TString@U?$TSCoreConst@D@su@tl@UModSys@@U?$TComparerBinaryHash@D@234@@tl@6@@tl@UModSys@@QEAA@AEBU?$TString@U?$TSCoreConst@D@su@tl@UModSys@@U?$TComparerBinaryHash@D@234@@12@@Z 0000000140006984 f i umodsys_lib_libmedia:umodsys.mod.media.std.obj
 0001:00005a70       ??$process_nodes_r@U?$TNodeDeleter0@U?$TScatterArrayNode@USCacheElem@RLibraryBinCache@std@media@modules@UModSys@@U?$TString@U?$TSCoreConst@D@su@tl@UModSys@@U?$TComparerBinaryHash@D@234@@tl@6@@tl@UModSys@@@tl@UModSys@@@?$TTreeHoldRB@U?$TScatterArrayNode@USCacheElem@RLibraryBinCache@std@media@modules@UModSys@@U?$TString@U?$TSCoreConst@D@su@tl@UModSys@@U?$TComparerBinaryHash@D@234@@tl@6@@tl@UModSys@@@tl@UModSys@@KAHPEAU?$TScatterArrayNode@USCacheElem@RLibraryBinCache@std@media@modules@UModSys@@U?$TString@U?$TSCoreConst@D@su@tl@UModSys@@U?$TComparerBinaryHash@D@234@@tl@6@@12@AEBU?$TNodeDeleter0@U?$TScatterArrayNode@USCacheElem@RLibraryBinCache@std@media@modules@UModSys@@U?$TString@U?$TSCoreConst@D@su@tl@UModSys@@U?$TComparerBinaryHash@D@234@@tl@6@@tl@UModSys@@@12@@Z 0000000140006a70 f i umodsys_lib_libmedia:umodsys.mod.media.std.obj
 0001:00005adc       ??$process_nodes_r@U?$TNodeDeleter0@U?$TScatterArrayNode@USMountInfo@RLibraryBinTree@std@media@modules@UModSys@@USId@ILibraryBinTree@libmedia@6@@tl@UModSys@@@tl@UModSys@@@?$TTreeHoldRB@U?$TScatterArrayNode@USMountInfo@RLibraryBinTree@std@media@modules@UModSys@@USId@ILibraryBinTree@libmedia@6@@tl@UModSys@@@tl@UModSys@@KAHPEAU?$TScatterArrayNode@USMountInfo@RLibraryBinTree@std@media@modules@UModSys@@USId@ILibraryBinTree@libmedia@6@@12@AEBU?$TNodeDeleter0@U?$TScatterArrayNode@USMountInfo@RLibraryBinTree@std@media@modules@UModSys@@USId@ILibraryBinTree@libmedia@6@@tl@UModSys@@@12@@Z 0000000140006adc f i umodsys_lib_libmedia:umodsys.mod.media.std.obj
 0001:00005b44       ??$process_nodes_r@U?$TNodeDeleter0@U?$TScatterArrayNode@USCacheElem@RLibraryObjCache@std@media@modules@UModSys@@U?$TString@U?$TSCoreConst@D@su@tl@UModSys@@U?$TComparerBinaryHash@D@234@@tl@6@@tl@UModSys@@@tl@UModSys@@@?$TTreeHoldRB@U?$TScatterArrayNode@USCacheElem@RLibraryObjCache@std@media@modules@UModSys@@U?$TString@U?$TSCoreConst@D@su@tl@UModSys@@U?$TComparerBinaryHash@D@234@@tl@6@@tl@UModSys@@@tl@UModSys@@KAHPEAU?$TScatterArrayNode@USCacheElem@RLibraryObjCache@std@media@modules@UModSys@@U?$TString@U?$TSCoreConst@D@su@tl@UModSys@@U?$TComparerBinaryHash@D@234@@tl@6@@12@AEBU?$TNodeDeleter0@U?$TScatterArrayNode@USCacheElem@RLibraryObjCache@std@media@modules@UModSys@@U?$TString@U?$TSCoreConst@D@su@tl@UModSys@@U?$TComparerBinaryHash@D@234@@tl@6@@tl@UModSys@@@12@@Z 0000000140006b44 f i umodsys_lib_libmedia:umodsys.mod.media.std.obj
 0001:00005bac       ??$process_nodes_r@U?$TNodeDeleter0@U?$TScatterArrayNode@USFilter@RLibraryObjFilter@std@media@modules@UModSys@@USId@23456@@tl@UModSys@@@tl@UModSys@@@?$TTreeHoldRB@U?$TScatterArrayNode@USFilter@RLibraryObjFilter@std@media@modules@UModSys@@USId@23456@@tl@UModSys@@@tl@UModSys@@KAHPEAU?$TScatterArrayNode@USFilter@RLibraryObjFilter@std@media@modules@UModSys@@USId@23456@@12@AEBU?$TNodeDeleter0@U?$TScatterArrayNode@USFilter@RLibraryObjFilter@std@media@modules@UModSys@@USId@23456@@tl@UModSys@@@12@@Z 0000000140006bac f i umodsys_lib_libmedia:umodsys.mod.media.std.obj
 0001:00005c24       ??1?$TRefObject@UIRefObject@core@UModSys@@U?$TRefObjectFunc@UIRefObject@core@UModSys@@@tl@3@@tl@UModSys@@QEAA@XZ 0000000140006c24 f i umodsys_lib_libmedia:umodsys.mod.media.std.obj
 0001:00005c24       ??1?$TRefObject@UIShell@base@UModSys@@U?$TRefObjectFunc@UIShell@base@UModSys@@@tl@3@@tl@UModSys@@QEAA@XZ 0000000140006c24 f i umodsys_lib_basesys:umodsys.basesys.rsystem_tests.obj
 0001:00005c24       ??1SFilter@RLibraryObjFilter@std@media@modules@UModSys@@QEAA@XZ 0000000140006c24 f i umodsys_lib_libmedia:umodsys.mod.media.std.obj
 0001:00005c24       ??1?$TRefObject@UIBinObjFilter@libmedia@UModSys@@U?$TRefObjectFunc@UIBinObjFilter@libmedia@UModSys@@@tl@3@@tl@UModSys@@QEAA@XZ 0000000140006c24 f i umodsys_lib_libmedia:umodsys.mod.media.std.obj
 0001:00005c24       ??1?$TRefObject@UIModuleLibraryUni@rsystem@base@UModSys@@U?$TRefObjectFunc@UIModuleLibraryUni@rsystem@base@UModSys@@@tl@4@@tl@UModSys@@QEAA@XZ 0000000140006c24 f i umodsys_lib_basesys:umodsys.basesys.rmodule.obj
 0001:00005c24       ??1?$TRefObject@UIStreamWriter@libmedia@UModSys@@U?$TRefObjectFunc@UIStreamWriter@libmedia@UModSys@@@tl@3@@tl@UModSys@@QEAA@XZ 0000000140006c24 f i umodsys_lib_libmedia:umodsys.mod.media.std.obj
 0001:00005c24       ??1?$TRefObject@URLibraryBinCache@std@media@modules@UModSys@@U?$TRefObjectFunc@URLibraryBinCache@std@media@modules@UModSys@@@tl@5@@tl@UModSys@@QEAA@XZ 0000000140006c24 f i umodsys_lib_libmedia:umodsys.mod.media.std.obj
 0001:00005c24       ??1?$TRefObject@URLibraryBinTree@std@media@modules@UModSys@@U?$TRefObjectFunc@URLibraryBinTree@std@media@modules@UModSys@@@tl@5@@tl@UModSys@@QEAA@XZ 0000000140006c24 f i umodsys_lib_libmedia:umodsys.mod.media.std.obj
 0001:00005c24       ??1?$TRefObject@URDataArchiver_OsDir@stdio@media@modules@UModSys@@U?$TRefObjectFunc@URDataArchiver_OsDir@stdio@media@modules@UModSys@@@tl@5@@tl@UModSys@@QEAA@XZ 0000000140006c24 f i umodsys_lib_libmedia:umodsys.mod.media.stdio.obj
 0001:00005c24       ??1?$TRefObject@URLibraryObjCache@std@media@modules@UModSys@@U?$TRefObjectFunc@URLibraryObjCache@std@media@modules@UModSys@@@tl@5@@tl@UModSys@@QEAA@XZ 0000000140006c24 f i umodsys_lib_libmedia:umodsys.mod.media.std.obj
 0001:00005c24       ??1?$TRefObject@UIStreamReader@libmedia@UModSys@@U?$TRefObjectFunc@UIStreamReader@libmedia@UModSys@@@tl@3@@tl@UModSys@@QEAA@XZ 0000000140006c24 f i umodsys_lib_libmedia:umodsys.mod.media.std.obj
 0001:00005c24       ??1?$TRefObject@URStreamWriter_FILE@stdio@media@modules@UModSys@@U?$TRefObjectFunc@URStreamWriter_FILE@stdio@media@modules@UModSys@@@tl@5@@tl@UModSys@@QEAA@XZ 0000000140006c24 f i umodsys_lib_libmedia:umodsys.mod.media.stdio.obj
 0001:00005c24       ??1?$TRefObject@URLibraryObjFilter@std@media@modules@UModSys@@U?$TRefObjectFunc@URLibraryObjFilter@std@media@modules@UModSys@@@tl@5@@tl@UModSys@@QEAA@XZ 0000000140006c24 f i umodsys_lib_libmedia:umodsys.mod.media.std.obj
 0001:00005c24       ??1?$TRefObject@URParameters@rsystem@base@UModSys@@U?$TRefObjectFunc@URParameters@rsystem@base@UModSys@@@tl@4@@tl@UModSys@@QEAA@XZ 0000000140006c24 f i umodsys_lib_basesys:umodsys.basesys.rsystem_main.obj
 0001:00005c24       ??1?$TRefObject@URModuleLibrarySO@rsystem@base@UModSys@@U?$TRefObjectFunc@URModuleLibrarySO@rsystem@base@UModSys@@@tl@4@@tl@UModSys@@QEAA@XZ 0000000140006c24 f i umodsys_lib_basesys:umodsys.basesys.rmoduleloader.obj
 0001:00005c24       ??1?$TRefObject@URStreamReader_FILE@stdio@media@modules@UModSys@@U?$TRefObjectFunc@URStreamReader_FILE@stdio@media@modules@UModSys@@@tl@5@@tl@UModSys@@QEAA@XZ 0000000140006c24 f i umodsys_lib_libmedia:umodsys.mod.media.stdio.obj
 0001:00005c24       ??1?$TRefObject@URLibraryLayered@std@media@modules@UModSys@@U?$TRefObjectFunc@URLibraryLayered@std@media@modules@UModSys@@@tl@5@@tl@UModSys@@QEAA@XZ 0000000140006c24 f i umodsys_lib_libmedia:umodsys.mod.media.std.obj
 0001:00005c48       ?archive_load_data@libmedia@UModSys@@YA_NAEAUIBinArchive@12@AEBU?$TString@U?$TSCoreConst@D@su@tl@UModSys@@U?$TComparerBinaryHash@D@234@@tl@2@AEAUSCMemShared@core@2@AEBUSFlags@12@@Z 0000000140006c48 f i umodsys_lib_libmedia:umodsys.mod.media.stdio.obj
 0001:00005e3c       ?root_get_interface_info@RStreamReader_FILE@stdio@media@modules@UModSys@@UEBAAEBUSUniquePointerInfo@core@5@XZ 0000000140006e3c f i umodsys_lib_libmedia:umodsys.mod.media.stdio.obj
 0001:00005e44       ?root_get_interface_type@RStreamReader_FILE@stdio@media@modules@UModSys@@UEBAPEBUSUniquePointerInfo@core@5@XZ 0000000140006e44 f i umodsys_lib_libmedia:umodsys.mod.media.stdio.obj
 0001:00005e4c       ?root_get_interface_types@RLibraryBinCache@std@media@modules@UModSys@@UEBA_KAEAUSUniquePtrList@core@5@@Z 0000000140006e4c f i umodsys_lib_libmedia:umodsys.mod.media.std.obj
 0001:00005e4c       ?root_get_interface_types@RStreamReader_FILE@stdio@media@modules@UModSys@@UEBA_KAEAUSUniquePtrList@core@5@@Z 0000000140006e4c f i umodsys_lib_libmedia:umodsys.mod.media.stdio.obj
 0001:00005e4c       ?root_get_interface_types@RStreamWriter_FILE@stdio@media@modules@UModSys@@UEBA_KAEAUSUniquePtrList@core@5@@Z 0000000140006e4c f i umodsys_lib_libmedia:umodsys.mod.media.stdio.obj
 0001:00005e4c       ?root_get_interface_types@RParameters@rsystem@base@UModSys@@UEBA_KAEAUSUniquePtrList@core@4@@Z 0000000140006e4c f i umodsys_lib_basesys:umodsys.basesys.rparameters.obj
 0001:00005e4c       ?root_get_interface_types@RGenerator@std@media@modules@UModSys@@UEBA_KAEAUSUniquePtrList@core@5@@Z 0000000140006e4c f i umodsys_lib_libmedia:umodsys.mod.media.std.obj
 0001:00005e4c       ?root_get_interface_types@RLibraryLayered@std@media@modules@UModSys@@UEBA_KAEAUSUniquePtrList@core@5@@Z 0000000140006e4c f i umodsys_lib_libmedia:umodsys.mod.media.std.obj
 0001:00005e4c       ?root_get_interface_types@RSystem@rsystem@base@UModSys@@UEBA_KAEAUSUniquePtrList@core@4@@Z 0000000140006e4c f i umodsys_lib_basesys:umodsys.basesys.rsystem_main.obj
 0001:00005e4c       ?root_get_interface_types@RLibraryObjCache@std@media@modules@UModSys@@UEBA_KAEAUSUniquePtrList@core@5@@Z 0000000140006e4c f i umodsys_lib_libmedia:umodsys.mod.media.std.obj
 0001:00005e4c       ?root_get_interface_types@RGenerator@stdio@media@modules@UModSys@@UEBA_KAEAUSUniquePtrList@core@5@@Z 0000000140006e4c f i umodsys_lib_libmedia:umodsys.mod.media.stdio.obj
 0001:00005e4c       ?root_get_interface_types@RModule@rsystem@base@UModSys@@UEBA_KAEAUSUniquePtrList@core@4@@Z 0000000140006e4c f i umodsys_lib_basesys:umodsys.basesys.rmodule.obj
 0001:00005e4c       ?root_get_interface_types@RModuleLibraryThis@rsystem@base@UModSys@@UEBA_KAEAUSUniquePtrList@core@4@@Z 0000000140006e4c f i umodsys_lib_basesys:umodsys.basesys.rmodulelibthis.obj
 0001:00005e4c       ?root_get_interface_types@RLibraryBinTree@std@media@modules@UModSys@@UEBA_KAEAUSUniquePtrList@core@5@@Z 0000000140006e4c f i umodsys_lib_libmedia:umodsys.mod.media.std.obj
 0001:00005e4c       ?root_get_interface_types@RConsole_std@rsystem@base@UModSys@@UEBA_KAEAUSUniquePtrList@core@4@@Z 0000000140006e4c f i umodsys_lib_basesys:umodsys.basesys.rconsole_std.obj
 0001:00005e4c       ?root_get_interface_types@RModuleLibrarySO@rsystem@base@UModSys@@UEBA_KAEAUSUniquePtrList@core@4@@Z 0000000140006e4c f i umodsys_lib_basesys:umodsys.basesys.rmodulelibso.obj
 0001:00005e4c       ?root_get_interface_types@RDataArchiver_OsDir@stdio@media@modules@UModSys@@UEBA_KAEAUSUniquePtrList@core@5@@Z 0000000140006e4c f i umodsys_lib_libmedia:umodsys.mod.media.stdio.obj
 0001:00005e4c       ?root_get_interface_types@RLibraryObjFilter@std@media@modules@UModSys@@UEBA_KAEAUSUniquePtrList@core@5@@Z 0000000140006e4c f i umodsys_lib_libmedia:umodsys.mod.media.std.obj
[...]
 0001:0000e83c       ?dtor$0@?0??mount_add@RLibraryBinTree@std@media@modules@UModSys@@UEAA_NAEBUSId@ILibraryBinTree@libmedia@5@AEBUSPoint@785@@Z@4HA 000000014000f83c f    CIL library: CIL module
 0001:0000e83c       ?dtor$0@?0??bincache_add@RLibraryBinCache@std@media@modules@UModSys@@QEAA_NAEBU?$TString@U?$TSCoreConst@D@su@tl@UModSys@@U?$TComparerBinaryHash@D@234@@tl@5@AEBUSCMemShared@core@5@_N@Z@4HA 000000014000f83c f    CIL library: CIL module
 0001:0000e854       ?dtor$0@?0??mem_free@?$TRMemAlloc_CC@U?$TMemAllocHeader@USMagic@mem_headers@rsystem@base@UModSys@@U?$TPool@X@2345@USDebug@2345@UVoid@core@5@U895@@rsystem@base@UModSys@@USMemAlloc_Malloc@core@4@@rsystem@base@UModSys@@UEAAXPEAXPEBUSSourceContext@core@4@@Z@4HA 000000014000f854 f    CIL library: CIL module
 0001:0000e86c       ?dtor$0@?0??mem_realloc@?$TRMemAlloc_CC@U?$TMemAllocHeader@USMagic@mem_headers@rsystem@base@UModSys@@U?$TPool@X@2345@USDebug@2345@UVoid@core@5@U895@@rsystem@base@UModSys@@USMemAlloc_Malloc@core@4@@rsystem@base@UModSys@@UEAAPEAXPEAX_KPEBUSSourceContext@core@4@@Z@4HA 000000014000f86c f    CIL library: CIL module
 0001:0000e88c       ?dtor$1@?0??mem_realloc@?$TRMemAlloc_CC@U?$TMemAllocHeader@USMagic@mem_headers@rsystem@base@UModSys@@U?$TPool@X@2345@USDebug@2345@UVoid@core@5@U895@@rsystem@base@UModSys@@USMemAlloc_Malloc@core@4@@rsystem@base@UModSys@@UEAAPEAXPEAX_KPEBUSSourceContext@core@4@@Z@4HA 000000014000f88c f    CIL library: CIL module
 0001:0000e8a4       ?dtor$0@?0??generate@RGenerator@std@media@modules@UModSys@@UEAA_NAEAU?$TRefObject@UIRefObject@core@UModSys@@U?$TRefObjectFunc@UIRefObject@core@UModSys@@@tl@3@@tl@5@PEBUSUniquePointerInfo@core@5@AEBUSParameters@95@@Z@4HA 000000014000f8a4 f    CIL library: CIL module
 0001:0000e8c4       ?dtor$1@?0??generate@RGenerator@std@media@modules@UModSys@@UEAA_NAEAU?$TRefObject@UIRefObject@core@UModSys@@U?$TRefObjectFunc@UIRefObject@core@UModSys@@@tl@3@@tl@5@PEBUSUniquePointerInfo@core@5@AEBUSParameters@95@@Z@4HA 000000014000f8c4 f    CIL library: CIL module
 0001:0000e8e4       ?dtor$3@?0??generate@RGenerator@std@media@modules@UModSys@@UEAA_NAEAU?$TRefObject@UIRefObject@core@UModSys@@U?$TRefObjectFunc@UIRefObject@core@UModSys@@@tl@3@@tl@5@PEBUSUniquePointerInfo@core@5@AEBUSParameters@95@@Z@4HA 000000014000f8e4 f    CIL library: CIL module
 0001:0000e8fc       ?dtor$1@?0??s_add@RModuleLibrarySO@rsystem@base@UModSys@@SA_NPEAUISystem@34@AEAU?$TDynarrayDynamic@U?$TRefObject@URModuleLibrarySO@rsystem@base@UModSys@@U?$TRefObjectFunc@URModuleLibrarySO@rsystem@base@UModSys@@@tl@4@@tl@UModSys@@U?$TAllocator@USMemAlloc_Malloc@core@UModSys@@USCountCalcPower2@23@@23@@tl@4@PEBD@Z@4HA 000000014000f8fc f    CIL library: CIL module
 0001:0000e918       ??__E?s_id@?$TObjectUniqueID@UIRoot@core@UModSys@@@tl@UModSys@@2USUniquePointer@core@3@A@@YAXXZ 000000014000f918 f    CIL library: CIL module
 0001:0000e94c       ??__E?s_id@?$TObjectUniqueID@UIRefObject@core@UModSys@@@tl@UModSys@@2USUniquePointer@core@3@A@@YAXXZ 000000014000f94c f    CIL library: CIL module
 0001:0000e980       ??__E?s_id@?$TObjectUniqueID@UIParameters@core@UModSys@@@tl@UModSys@@2USUniquePointer@core@3@A@@YAXXZ 000000014000f980 f    CIL library: CIL module
 0001:0000e9b4       ??__E?s_id@?$TObjectUniqueID@UIModule@base@UModSys@@@tl@UModSys@@2USUniquePointer@core@3@A@@YAXXZ 000000014000f9b4 f    CIL library: CIL module
 0001:0000e9e8       ??__E?s_id@?$TObjectUniqueID@UIModuleLibrary@base@UModSys@@@tl@UModSys@@2USUniquePointer@core@3@A@@YAXXZ 000000014000f9e8 f    CIL library: CIL module
 0001:0000ea1c       ??__E?s_id@?$TObjectUniqueID@UIModObject@base@UModSys@@@tl@UModSys@@2USUniquePointer@core@3@A@@YAXXZ 000000014000fa1c f    CIL library: CIL module
 0001:0000ea50       ??__E?s_id@?$TObjectUniqueID@UIGenerator@base@UModSys@@@tl@UModSys@@2USUniquePointer@core@3@A@@YAXXZ 000000014000fa50 f    CIL library: CIL module
 0001:0000ea84       ??__E?s_id@?$TObjectUniqueID@UIShell@base@UModSys@@@tl@UModSys@@2USUniquePointer@core@3@A@@YAXXZ 000000014000fa84 f    CIL library: CIL module
 0001:0000eab8       ??__E?s_id@?$TObjectUniqueID@UIConsole@base@UModSys@@@tl@UModSys@@2USUniquePointer@core@3@A@@YAXXZ 000000014000fab8 f    CIL library: CIL module
 0001:0000eaec       ??__E?s_id@?$TObjectUniqueID@UISystem@base@UModSys@@@tl@UModSys@@2USUniquePointer@core@3@A@@YAXXZ 000000014000faec f    CIL library: CIL module
 0001:0000eb20       ??__E?s_id@?$TObjectUniqueID@URModule@rsystem@base@UModSys@@@tl@UModSys@@2USUniquePointer@core@3@A@@YAXXZ 000000014000fb20 f    CIL library: CIL module
 0001:0000eb54       ??__E?s_id@?$TObjectUniqueID@UIModuleLibraryUni@rsystem@base@UModSys@@@tl@UModSys@@2USUniquePointer@core@3@A@@YAXXZ 000000014000fb54 f    CIL library: CIL module
 0001:0000eb88       ??__E?s_id@?$TObjectUniqueID@URModuleLibrarySO@rsystem@base@UModSys@@@tl@UModSys@@2USUniquePointer@core@3@A@@YAXXZ 000000014000fb88 f    CIL library: CIL module
 0001:0000ebbc       ??__E?s_id@?$TObjectUniqueID@URModuleLibraryThis@rsystem@base@UModSys@@@tl@UModSys@@2USUniquePointer@core@3@A@@YAXXZ 000000014000fbbc f    CIL library: CIL module
 0001:0000ebf0       ??__E?s_id@?$TObjectUniqueID@URParameters@rsystem@base@UModSys@@@tl@UModSys@@2USUniquePointer@core@3@A@@YAXXZ 000000014000fbf0 f    CIL library: CIL module
 0001:0000ec24       ??__E?s_id@?$TObjectUniqueID@URSystem@rsystem@base@UModSys@@@tl@UModSys@@2USUniquePointer@core@3@A@@YAXXZ 000000014000fc24 f    CIL library: CIL module
 0001:0000ec58       ??__E?s_id@?$TObjectUniqueID@URConsole_std@rsystem@base@UModSys@@@tl@UModSys@@2USUniquePointer@core@3@A@@YAXXZ 000000014000fc58 f    CIL library: CIL module
 0001:0000ec8c       ??__E?s_modreg@RModuleReg@std@media@modules@UModSys@@2U12345@A@@YAXXZ 000000014000fc8c f    CIL library: CIL module
 0001:0000ed44       ??__E?s_modreg_chain@RModuleReg@std@media@modules@UModSys@@2USModuleRegChain@base@5@A@@YAXXZ 000000014000fd44 f    CIL library: CIL module
 0001:0000ed84       ??__E?s_uid@RGenerator@std@media@modules@UModSys@@2USUniquePointer@core@5@A@@YAXXZ 000000014000fd84 f    CIL library: CIL module
 0001:0000edb8       ??__E?s_id@?$TObjectUniqueID@UIStreamReader@libmedia@UModSys@@@tl@UModSys@@2USUniquePointer@core@3@A@@YAXXZ 000000014000fdb8 f    CIL library: CIL module
 0001:0000edec       ??__E?s_id@?$TObjectUniqueID@UIStreamWriter@libmedia@UModSys@@@tl@UModSys@@2USUniquePointer@core@3@A@@YAXXZ 000000014000fdec f    CIL library: CIL module
 0001:0000ee20       ??__E?s_id@?$TObjectUniqueID@UIBinArchive@libmedia@UModSys@@@tl@UModSys@@2USUniquePointer@core@3@A@@YAXXZ 000000014000fe20 f    CIL library: CIL module
 0001:0000ee54       ??__E?s_id@?$TObjectUniqueID@UIBinObjFilter@libmedia@UModSys@@@tl@UModSys@@2USUniquePointer@core@3@A@@YAXXZ 000000014000fe54 f    CIL library: CIL module
 0001:0000ee88       ??__E?s_id@?$TObjectUniqueID@UILibrary@libmedia@UModSys@@@tl@UModSys@@2USUniquePointer@core@3@A@@YAXXZ 000000014000fe88 f    CIL library: CIL module
 0001:0000eebc       ??__E?s_id@?$TObjectUniqueID@UILibraryBinTree@libmedia@UModSys@@@tl@UModSys@@2USUniquePointer@core@3@A@@YAXXZ 000000014000febc f    CIL library: CIL module
 0001:0000eef0       ??__E?s_id@?$TObjectUniqueID@UILibraryBinCache@libmedia@UModSys@@@tl@UModSys@@2USUniquePointer@core@3@A@@YAXXZ 000000014000fef0 f    CIL library: CIL module
 0001:0000ef24       ??__E?s_id@?$TObjectUniqueID@UILibraryObjFilter@libmedia@UModSys@@@tl@UModSys@@2USUniquePointer@core@3@A@@YAXXZ 000000014000ff24 f    CIL library: CIL module
 0001:0000ef58       ??__E?s_id@?$TObjectUniqueID@UILibraryObjCache@libmedia@UModSys@@@tl@UModSys@@2USUniquePointer@core@3@A@@YAXXZ 000000014000ff58 f    CIL library: CIL module
 0001:0000ef8c       ??__E?s_id@?$TObjectUniqueID@UILibraryLayered@libmedia@UModSys@@@tl@UModSys@@2USUniquePointer@core@3@A@@YAXXZ 000000014000ff8c f    CIL library: CIL module
 0001:0000efc0       ??__E?s_id@?$TObjectUniqueID@URLibraryBinCache@std@media@modules@UModSys@@@tl@UModSys@@2USUniquePointer@core@3@A@@YAXXZ 000000014000ffc0 f    CIL library: CIL module
 0001:0000eff4       ??__E?s_id@?$TObjectUniqueID@URLibraryBinTree@std@media@modules@UModSys@@@tl@UModSys@@2USUniquePointer@core@3@A@@YAXXZ 000000014000fff4 f    CIL library: CIL module
 0001:0000f028       ??__E?s_id@?$TObjectUniqueID@URLibraryLayered@std@media@modules@UModSys@@@tl@UModSys@@2USUniquePointer@core@3@A@@YAXXZ 0000000140010028 f    CIL library: CIL module
 0001:0000f05c       ??__E?s_id@?$TObjectUniqueID@URLibraryObjCache@std@media@modules@UModSys@@@tl@UModSys@@2USUniquePointer@core@3@A@@YAXXZ 000000014001005c f    CIL library: CIL module
 0001:0000f090       ??__E?s_id@?$TObjectUniqueID@URLibraryObjFilter@std@media@modules@UModSys@@@tl@UModSys@@2USUniquePointer@core@3@A@@YAXXZ 0000000140010090 f    CIL library: CIL module
 0001:0000f0c4       ??__E?s_id@?$TObjectUniqueID@URGenerator@std@media@modules@UModSys@@@tl@UModSys@@2USUniquePointer@core@3@A@@YAXXZ 00000001400100c4 f    CIL library: CIL module
 0001:0000f0f8       ??__E?s_modreg@RModuleReg@stdio@media@modules@UModSys@@2U12345@A@@YAXXZ 00000001400100f8 f    CIL library: CIL module
 0001:0000f1b0       ??__E?s_modreg_chain@RModuleReg@stdio@media@modules@UModSys@@2USModuleRegChain@base@5@A@@YAXXZ 00000001400101b0 f    CIL library: CIL module
 0001:0000f1f0       ??__E?s_uid@RGenerator@stdio@media@modules@UModSys@@2USUniquePointer@core@5@A@@YAXXZ 00000001400101f0 f    CIL library: CIL module
 0001:0000f224       ??__E?s_id@?$TObjectUniqueID@URStreamReader_FILE@stdio@media@modules@UModSys@@@tl@UModSys@@2USUniquePointer@core@3@A@@YAXXZ 0000000140010224 f    CIL library: CIL module
 0001:0000f258       ??__E?s_id@?$TObjectUniqueID@URStreamWriter_FILE@stdio@media@modules@UModSys@@@tl@UModSys@@2USUniquePointer@core@3@A@@YAXXZ 0000000140010258 f    CIL library: CIL module
 0001:0000f28c       ??__E?s_id@?$TObjectUniqueID@URDataArchiver_OsDir@stdio@media@modules@UModSys@@@tl@UModSys@@2USUniquePointer@core@3@A@@YAXXZ 000000014001028c f    CIL library: CIL module
 0001:0000f2c0       ??__E?s_id@?$TObjectUniqueID@URGenerator@stdio@media@modules@UModSys@@@tl@UModSys@@2USUniquePointer@core@3@A@@YAXXZ 00000001400102c0 f    CIL library: CIL module
 0001:0000f2f4       ??__E?s_console@RConsole_std@rsystem@base@UModSys@@2U1234@A@@YAXXZ 00000001400102f4 f    CIL library: CIL module
 0001:0000f300       ??__E?s_sys@RSystem@rsystem@base@UModSys@@2U1234@A@@YAXXZ 0000000140010300 f    CIL library: CIL module
 0001:0000f30c       ??__Ersys_dbg@rsystem@base@UModSys@@YAXXZ 000000014001030c f    CIL library: CIL module
 0001:0000f318       ??__EM@UModSys@@YAXXZ      0000000140010318 f    CIL library: CIL module
 0001:0000f324       ??__E?root@SModuleRegChain@base@UModSys@@2U123@A@@YAXXZ 0000000140010324 f    CIL library: CIL module
 0001:0000f330       ??__E?s_library@RModuleLibraryReg_Chain@base@UModSys@@2U123@A@@YAXXZ 0000000140010330 f    CIL library: CIL module
 0001:0000f33c       ??__E?root@SUniquePointer@core@UModSys@@2U123@A@@YAXXZ 000000014001033c f    CIL library: CIL module
 0001:0000f348       ??__F?s_id@?$TObjectUniqueID@URConsole_std@rsystem@base@UModSys@@@tl@UModSys@@2USUniquePointer@core@3@A@@YAXXZ 0000000140010348 f    CIL library: CIL module
 0001:0000f354       ??__F?s_id@?$TObjectUniqueID@URSystem@rsystem@base@UModSys@@@tl@UModSys@@2USUniquePointer@core@3@A@@YAXXZ 0000000140010354 f    CIL library: CIL module
 0001:0000f360       ??__F?s_id@?$TObjectUniqueID@URParameters@rsystem@base@UModSys@@@tl@UModSys@@2USUniquePointer@core@3@A@@YAXXZ 0000000140010360 f    CIL library: CIL module
 0001:0000f36c       ??__F?s_id@?$TObjectUniqueID@URModuleLibraryThis@rsystem@base@UModSys@@@tl@UModSys@@2USUniquePointer@core@3@A@@YAXXZ 000000014001036c f    CIL library: CIL module
 0001:0000f378       ??__F?s_id@?$TObjectUniqueID@URModuleLibrarySO@rsystem@base@UModSys@@@tl@UModSys@@2USUniquePointer@core@3@A@@YAXXZ 0000000140010378 f    CIL library: CIL module
 0001:0000f384       ??__F?s_id@?$TObjectUniqueID@UIModuleLibraryUni@rsystem@base@UModSys@@@tl@UModSys@@2USUniquePointer@core@3@A@@YAXXZ 0000000140010384 f    CIL library: CIL module
 0001:0000f390       ??__F?s_id@?$TObjectUniqueID@URModule@rsystem@base@UModSys@@@tl@UModSys@@2USUniquePointer@core@3@A@@YAXXZ 0000000140010390 f    CIL library: CIL module
 0001:0000f39c       ??__F?s_id@?$TObjectUniqueID@UISystem@base@UModSys@@@tl@UModSys@@2USUniquePointer@core@3@A@@YAXXZ 000000014001039c f    CIL library: CIL module
 0001:0000f3a8       ??__F?s_id@?$TObjectUniqueID@UIConsole@base@UModSys@@@tl@UModSys@@2USUniquePointer@core@3@A@@YAXXZ 00000001400103a8 f    CIL library: CIL module
 0001:0000f3b4       ??__F?s_id@?$TObjectUniqueID@UIShell@base@UModSys@@@tl@UModSys@@2USUniquePointer@core@3@A@@YAXXZ 00000001400103b4 f    CIL library: CIL module
 0001:0000f3c0       ??__F?s_id@?$TObjectUniqueID@UIGenerator@base@UModSys@@@tl@UModSys@@2USUniquePointer@core@3@A@@YAXXZ 00000001400103c0 f    CIL library: CIL module
 0001:0000f3cc       ??__F?s_id@?$TObjectUniqueID@UIModObject@base@UModSys@@@tl@UModSys@@2USUniquePointer@core@3@A@@YAXXZ 00000001400103cc f    CIL library: CIL module
 0001:0000f3d8       ??__F?s_id@?$TObjectUniqueID@UIModuleLibrary@base@UModSys@@@tl@UModSys@@2USUniquePointer@core@3@A@@YAXXZ 00000001400103d8 f    CIL library: CIL module
 0001:0000f3e4       ??__F?s_id@?$TObjectUniqueID@UIModule@base@UModSys@@@tl@UModSys@@2USUniquePointer@core@3@A@@YAXXZ 00000001400103e4 f    CIL library: CIL module
 0001:0000f3f0       ??__F?s_id@?$TObjectUniqueID@UIParameters@core@UModSys@@@tl@UModSys@@2USUniquePointer@core@3@A@@YAXXZ 00000001400103f0 f    CIL library: CIL module
 0001:0000f3fc       ??__F?s_id@?$TObjectUniqueID@UIRefObject@core@UModSys@@@tl@UModSys@@2USUniquePointer@core@3@A@@YAXXZ 00000001400103fc f    CIL library: CIL module
 0001:0000f408       ??__F?s_id@?$TObjectUniqueID@UIRoot@core@UModSys@@@tl@UModSys@@2USUniquePointer@core@3@A@@YAXXZ 0000000140010408 f    CIL library: CIL module
 0001:0000f414       ??__F?s_modreg@RModuleReg@std@media@modules@UModSys@@2U12345@A@@YAXXZ 0000000140010414 f    CIL library: CIL module
 0001:0000f424       ??__F?s_modreg_chain@RModuleReg@std@media@modules@UModSys@@2USModuleRegChain@base@5@A@@YAXXZ 0000000140010424 f    CIL library: CIL module
 0001:0000f464       ??__F?s_uid@RGenerator@std@media@modules@UModSys@@2USUniquePointer@core@5@A@@YAXXZ 0000000140010464 f    CIL library: CIL module
 0001:0000f470       ??__Fh@?1??s_holder@RGenerator@std@media@modules@UModSys@@SAAEAU?$TTypeStaticHolder@URGenerator@std@media@modules@UModSys@@@tl@5@XZ@YAXXZ 0000000140010470 f    CIL library: CIL module
 0001:0000f498       ??__F?s_id@?$TObjectUniqueID@URGenerator@std@media@modules@UModSys@@@tl@UModSys@@2USUniquePointer@core@3@A@@YAXXZ 0000000140010498 f    CIL library: CIL module
 0001:0000f4a4       ??__F?s_id@?$TObjectUniqueID@URLibraryObjFilter@std@media@modules@UModSys@@@tl@UModSys@@2USUniquePointer@core@3@A@@YAXXZ 00000001400104a4 f    CIL library: CIL module
 0001:0000f4b0       ??__F?s_id@?$TObjectUniqueID@URLibraryObjCache@std@media@modules@UModSys@@@tl@UModSys@@2USUniquePointer@core@3@A@@YAXXZ 00000001400104b0 f    CIL library: CIL module
 0001:0000f4bc       ??__F?s_id@?$TObjectUniqueID@URLibraryLayered@std@media@modules@UModSys@@@tl@UModSys@@2USUniquePointer@core@3@A@@YAXXZ 00000001400104bc f    CIL library: CIL module
 0001:0000f4c8       ??__F?s_id@?$TObjectUniqueID@URLibraryBinTree@std@media@modules@UModSys@@@tl@UModSys@@2USUniquePointer@core@3@A@@YAXXZ 00000001400104c8 f    CIL library: CIL module
 0001:0000f4d4       ??__F?s_id@?$TObjectUniqueID@URLibraryBinCache@std@media@modules@UModSys@@@tl@UModSys@@2USUniquePointer@core@3@A@@YAXXZ 00000001400104d4 f    CIL library: CIL module
 0001:0000f4e0       ??__F?s_id@?$TObjectUniqueID@UILibraryLayered@libmedia@UModSys@@@tl@UModSys@@2USUniquePointer@core@3@A@@YAXXZ 00000001400104e0 f    CIL library: CIL module
 0001:0000f4ec       ??__F?s_id@?$TObjectUniqueID@UILibraryObjCache@libmedia@UModSys@@@tl@UModSys@@2USUniquePointer@core@3@A@@YAXXZ 00000001400104ec f    CIL library: CIL module
 0001:0000f4f8       ??__F?s_id@?$TObjectUniqueID@UILibraryObjFilter@libmedia@UModSys@@@tl@UModSys@@2USUniquePointer@core@3@A@@YAXXZ 00000001400104f8 f    CIL library: CIL module
 0001:0000f504       ??__F?s_id@?$TObjectUniqueID@UILibraryBinCache@libmedia@UModSys@@@tl@UModSys@@2USUniquePointer@core@3@A@@YAXXZ 0000000140010504 f    CIL library: CIL module
 0001:0000f510       ??__F?s_id@?$TObjectUniqueID@UILibraryBinTree@libmedia@UModSys@@@tl@UModSys@@2USUniquePointer@core@3@A@@YAXXZ 0000000140010510 f    CIL library: CIL module
 0001:0000f51c       ??__F?s_id@?$TObjectUniqueID@UILibrary@libmedia@UModSys@@@tl@UModSys@@2USUniquePointer@core@3@A@@YAXXZ 000000014001051c f    CIL library: CIL module
 0001:0000f528       ??__F?s_id@?$TObjectUniqueID@UIBinObjFilter@libmedia@UModSys@@@tl@UModSys@@2USUniquePointer@core@3@A@@YAXXZ 0000000140010528 f    CIL library: CIL module
 0001:0000f534       ??__F?s_id@?$TObjectUniqueID@UIBinArchive@libmedia@UModSys@@@tl@UModSys@@2USUniquePointer@core@3@A@@YAXXZ 0000000140010534 f    CIL library: CIL module
 0001:0000f540       ??__F?s_id@?$TObjectUniqueID@UIStreamWriter@libmedia@UModSys@@@tl@UModSys@@2USUniquePointer@core@3@A@@YAXXZ 0000000140010540 f    CIL library: CIL module
 0001:0000f54c       ??__F?s_id@?$TObjectUniqueID@UIStreamReader@libmedia@UModSys@@@tl@UModSys@@2USUniquePointer@core@3@A@@YAXXZ 000000014001054c f    CIL library: CIL module
 0001:0000f558       ??__F?s_modreg@RModuleReg@stdio@media@modules@UModSys@@2U12345@A@@YAXXZ 0000000140010558 f    CIL library: CIL module
 0001:0000f568       ??__F?s_modreg_chain@RModuleReg@stdio@media@modules@UModSys@@2USModuleRegChain@base@5@A@@YAXXZ 0000000140010568 f    CIL library: CIL module
 0001:0000f5a8       ??__F?s_uid@RGenerator@stdio@media@modules@UModSys@@2USUniquePointer@core@5@A@@YAXXZ 00000001400105a8 f    CIL library: CIL module
 0001:0000f5b4       ??__Fh@?1??s_holder@RGenerator@stdio@media@modules@UModSys@@SAAEAU?$TTypeStaticHolder@URGenerator@stdio@media@modules@UModSys@@@tl@5@XZ@YAXXZ 00000001400105b4 f    CIL library: CIL module
 0001:0000f5dc       ??__F?s_id@?$TObjectUniqueID@URGenerator@stdio@media@modules@UModSys@@@tl@UModSys@@2USUniquePointer@core@3@A@@YAXXZ 00000001400105dc f    CIL library: CIL module
 0001:0000f5e8       ??__F?s_id@?$TObjectUniqueID@URDataArchiver_OsDir@stdio@media@modules@UModSys@@@tl@UModSys@@2USUniquePointer@core@3@A@@YAXXZ 00000001400105e8 f    CIL library: CIL module
 0001:0000f5f4       ??__F?s_id@?$TObjectUniqueID@URStreamWriter_FILE@stdio@media@modules@UModSys@@@tl@UModSys@@2USUniquePointer@core@3@A@@YAXXZ 00000001400105f4 f    CIL library: CIL module
 0001:0000f600       ??__F?s_id@?$TObjectUniqueID@URStreamReader_FILE@stdio@media@modules@UModSys@@@tl@UModSys@@2USUniquePointer@core@3@A@@YAXXZ 0000000140010600 f    CIL library: CIL module
 0001:0000f60c       ??__F?s_console@RConsole_std@rsystem@base@UModSys@@2U1234@A@@YAXXZ 000000014001060c f    CIL library: CIL module
 0001:0000f64c       ??__F?s_sys@RSystem@rsystem@base@UModSys@@2U1234@A@@YAXXZ 000000014001064c f    CIL library: CIL module
 0001:0000f658       ??__Frsys_dbg@rsystem@base@UModSys@@YAXXZ 0000000140010658 f    CIL library: CIL module
 0001:0000f67c       ??__FM@UModSys@@YAXXZ      000000014001067c f    CIL library: CIL module
 0001:0000f680       ??__F?root@SModuleRegChain@base@UModSys@@2U123@A@@YAXXZ 0000000140010680 f    CIL library: CIL module
 0001:0000f6c0       ??__F?s_library@RModuleLibraryReg_Chain@base@UModSys@@2U123@A@@YAXXZ 00000001400106c0 f    CIL library: CIL module
 0001:0000f6d0       ??__F?root@SUniquePointer@core@UModSys@@2U123@A@@YAXXZ 00000001400106d0 f    CIL library: CIL module

 Exports

  ordinal    name

        1    UModSys_Plugin_Entry2
