 umodsysc

 Timestamp is 533591a5 (Fri Mar 28 18:13:41 2014)

 Preferred load address is 0000000140000000

 Start         Length     Name                   Class
 0001:00000000 000133bcH .text                   CODE
 0001:000133c0 0000005eH .text$00                CODE
 0001:00013420 00000e70H .text$x                 CODE
 0001:00014290 00000ae0H .text$yc                CODE
 0001:00014d70 00000424H .text$yd                CODE
 0002:00000000 00000268H .idata$5                DATA
 0002:00000268 00000008H .CRT$XCA                DATA
 0002:00000270 00000008H .CRT$XCAA               DATA
 0002:00000278 000006f0H .CRT$XCU                DATA
 0002:00000968 00000008H .CRT$XCZ                DATA
 0002:00000970 00000008H .CRT$XIA                DATA
 0002:00000978 00000008H .CRT$XIAA               DATA
 0002:00000980 00000008H .CRT$XIY                DATA
 0002:00000988 00000008H .CRT$XIZ                DATA
 0002:00000990 00003428H .rdata                  DATA
 0002:00003dc0 0000207cH .rdata$r                DATA
 0002:00005e40 00000008H .rtc$IAA                DATA
 0002:00005e48 00000008H .rtc$IZZ                DATA
 0002:00005e50 00000008H .rtc$TAA                DATA
 0002:00005e58 00000008H .rtc$TZZ                DATA
 0002:00005e60 00001f00H .xdata                  DATA
 0002:00007d60 000000e4H .xdata$x                DATA
 0002:00007e44 00000028H .idata$2                DATA
 0002:00007e6c 00000014H .idata$3                DATA
 0002:00007e80 00000268H .idata$4                DATA
 0002:000080e8 000004a4H .idata$6                DATA
 0002:00008590 00000055H .edata                  DATA
 0003:00000000 000012a4H .data                   DATA
 0003:000012b0 00002b50H .bss                    DATA
 0004:00000000 00001800H .pdata                  DATA

  Address         Publics by Value              Rva+Base               Lib:Object

 0000:00000000       ___safe_se_handler_count   0000000000000000     <absolute>
 0000:00000000       ___safe_se_handler_table   0000000000000000     <absolute>
 0000:00000000       __ImageBase                0000000140000000     <linker-defined>
 0001:00000000       main                       0000000140001000 f   umodsys.c_main.obj
 0001:000004ec       ??0?$TString@U?$TSCoreConst@D@su@tl@UModSys@@U?$TComparerBinaryHash@D@234@@tl@UModSys@@QEAA@PEBD@Z 00000001400014ec f i umodsys.c_main.obj
 0001:0000056c       ??6SUniquePtrList@core@UModSys@@QEAAAEAU012@PEBUSUniquePointerInfo@12@@Z 000000014000156c f i umodsys_lib_libmedia:umodsys.mod.media.stdio.obj
 0001:00000624       ??3IRoot@core@UModSys@@SAXPEAXAEBUSIMemAlloc@12@@Z 0000000140001624 f i umodsys_lib_libmedia:umodsys.mod.media.stdio.obj
 0001:00000650       ??1?$TString@U?$TSCoreShared@USIMemAlloc@core@UModSys@@D@su@tl@UModSys@@U?$TComparerBinaryHash@D@234@@tl@UModSys@@QEAA@XZ 0000000140001650 f i umodsys_lib_libmedia:umodsys.mod.media.stdio.obj
 0001:00000650       ??1?$TSCoreShared@USIMemAlloc@core@UModSys@@D@su@tl@UModSys@@QEAA@XZ 0000000140001650 f i umodsys_lib_libmedia:umodsys.mod.media.stdio.obj
 0001:00000650       ??1?$TStringBuf@U?$TSCoreShared@USIMemAlloc@core@UModSys@@D@su@tl@UModSys@@U?$TComparerBinaryHash@D@234@@tl@UModSys@@QEAA@XZ 0000000140001650 f i umodsys_lib_libmedia:umodsys.mod.media.stdlib.obj
 0001:00000658       ?archive_load_data@libmedia@UModSys@@YA_NAEAUIBinArchive@12@AEBU?$TString@U?$TSCoreConst@D@su@tl@UModSys@@U?$TComparerBinaryHash@D@234@@tl@2@AEAUSCMemShared@core@2@AEBUSFlags@12@@Z 0000000140001658 f i umodsys_lib_libmedia:umodsys.mod.media.stdio.obj
 0001:0000084c       ?root_get_interface_info@RStreamReader_FILE@stdio@media@modules@UModSys@@UEBAAEBUSUniquePointerInfo@core@5@XZ 000000014000184c f i umodsys_lib_libmedia:umodsys.mod.media.stdio.obj
 0001:00000854       ?root_get_interface_type@RStreamReader_FILE@stdio@media@modules@UModSys@@UEBAPEBUSUniquePointerInfo@core@5@XZ 0000000140001854 f i umodsys_lib_libmedia:umodsys.mod.media.stdio.obj
 0001:0000085c       ?root_get_other_interface@RStreamReader_FILE@stdio@media@modules@UModSys@@UEBAPEBUIRoot@core@5@PEBUSUniquePointerInfo@75@@Z 000000014000185c f i umodsys_lib_libmedia:umodsys.mod.media.stdio.obj
 0001:0000085c       ?root_get_other_interface@RStreamReader_FILE@stdio@media@modules@UModSys@@UEAAPEAUIRoot@core@5@PEBUSUniquePointerInfo@75@@Z 000000014000185c f i umodsys_lib_libmedia:umodsys.mod.media.stdio.obj
 0001:0000088c       ?root_is_interface_supported@RStreamReader_FILE@stdio@media@modules@UModSys@@UEBA_NPEBUSUniquePointerInfo@core@5@@Z 000000014000188c f i umodsys_lib_libmedia:umodsys.mod.media.stdio.obj
 0001:000008bc       ?ref_add@RGenerator@stdlib@media@modules@UModSys@@UEBAXXZ 00000001400018bc f i umodsys_lib_libmedia:umodsys.mod.media.stdlib.obj
 0001:000008bc       ?ref_add@RGenerator@stdio@media@modules@UModSys@@UEBAXXZ 00000001400018bc f i umodsys_lib_libmedia:umodsys.mod.media.stdio.obj
 0001:000008bc       ?ref_add@RStreamWriter_FILE@stdio@media@modules@UModSys@@UEBAXXZ 00000001400018bc f i umodsys_lib_libmedia:umodsys.mod.media.stdio.obj
 0001:000008bc       ?ref_add@RUtilities@stdlib@media@modules@UModSys@@UEBAXXZ 00000001400018bc f i umodsys_lib_libmedia:umodsys.mod.media.stdlib.obj
 0001:000008bc       ?ref_add@RStreamReader_FILE@stdio@media@modules@UModSys@@UEBAXXZ 00000001400018bc f i umodsys_lib_libmedia:umodsys.mod.media.stdio.obj
 0001:000008c0       ?suicide@RUtilities@stdlib@media@modules@UModSys@@UEAAXXZ 00000001400018c0 f i umodsys_lib_libmedia:umodsys.mod.media.stdlib.obj
 0001:000008c0       ?suicide@RStreamReader_FILE@stdio@media@modules@UModSys@@UEAAXXZ 00000001400018c0 f i umodsys_lib_libmedia:umodsys.mod.media.stdio.obj
 0001:000008c0       ?suicide@RStreamWriter_FILE@stdio@media@modules@UModSys@@UEAAXXZ 00000001400018c0 f i umodsys_lib_libmedia:umodsys.mod.media.stdio.obj
 0001:0000090c       ??0RStreamReader_FILE@stdio@media@modules@UModSys@@QEAA@PEAUIModObject@base@4@AEBUSParameters@core@4@@Z 000000014000190c f i umodsys_lib_libmedia:umodsys.mod.media.stdio.obj
 0001:00000a08       ?reader_seek@RStreamReader_FILE@stdio@media@modules@UModSys@@UEAA_N_J@Z 0000000140001a08 f i umodsys_lib_libmedia:umodsys.mod.media.stdio.obj
 0001:00000a34       ?reader_seekend@RStreamReader_FILE@stdio@media@modules@UModSys@@UEAA_N_J@Z 0000000140001a34 f i umodsys_lib_libmedia:umodsys.mod.media.stdio.obj
 0001:00000a64       ?reader_seekdelta@RStreamReader_FILE@stdio@media@modules@UModSys@@UEAA_N_J@Z 0000000140001a64 f i umodsys_lib_libmedia:umodsys.mod.media.stdio.obj
 0001:00000a90       ?reader_pos@RStreamReader_FILE@stdio@media@modules@UModSys@@UEAA_JXZ 0000000140001a90 f i umodsys_lib_libmedia:umodsys.mod.media.stdio.obj
 0001:00000aac       ?reader_size@RStreamReader_FILE@stdio@media@modules@UModSys@@UEAA_JXZ 0000000140001aac f i umodsys_lib_libmedia:umodsys.mod.media.stdio.obj
 0001:00000ab4       ?reader_read@RStreamReader_FILE@stdio@media@modules@UModSys@@UEAA_NPEAX_K@Z 0000000140001ab4 f i umodsys_lib_libmedia:umodsys.mod.media.stdio.obj
 0001:00000b34       ?reader_close@RStreamReader_FILE@stdio@media@modules@UModSys@@UEAAXXZ 0000000140001b34 f i umodsys_lib_libmedia:umodsys.mod.media.stdio.obj
 0001:00000b58       ??_ERStreamReader_FILE@stdio@media@modules@UModSys@@UEAAPEAXI@Z 0000000140001b58 f i  CIL library: CIL module
 0001:00000b58       ??_GRStreamReader_FILE@stdio@media@modules@UModSys@@UEAAPEAXI@Z 0000000140001b58 f i umodsys_lib_libmedia:umodsys.mod.media.stdio.obj
 0001:00000bac       ??1IStreamWriter@libmedia@UModSys@@UEAA@XZ 0000000140001bac f i umodsys_lib_libmedia:umodsys.mod.media.stdio.obj
 0001:00000bac       ??1IStreamReader@libmedia@UModSys@@UEAA@XZ 0000000140001bac f i umodsys_lib_libmedia:umodsys.mod.media.stdio.obj
 0001:00000bac       ??1IModule@base@UModSys@@UEAA@XZ 0000000140001bac f i umodsys_lib_base:umodsys.base.module.obj
 0001:00000bac       ??1IUtilities@libmedia@UModSys@@UEAA@XZ 0000000140001bac f i umodsys_lib_libmedia:umodsys.mod.media.stdlib.obj
 0001:00000bac       ??1ISystem@base@UModSys@@UEAA@XZ 0000000140001bac f i umodsys_lib_base:umodsys.base.system.obj
 0001:00000bac       ??1IRefObject@core@UModSys@@UEAA@XZ 0000000140001bac f i umodsys_lib_core:umodsys.core.objects.obj
 0001:00000bb8       ??_GRGenerator@stdio@media@modules@UModSys@@UEAAPEAXI@Z 0000000140001bb8 f i umodsys_lib_libmedia:umodsys.mod.media.stdio.obj
 0001:00000bb8       ??_GIRoot@core@UModSys@@UEAAPEAXI@Z 0000000140001bb8 f i umodsys_lib_libmedia:umodsys.mod.media.stdio.obj
 0001:00000bb8       ??_GRGenerator@stdlib@media@modules@UModSys@@UEAAPEAXI@Z 0000000140001bb8 f i umodsys_lib_libmedia:umodsys.mod.media.stdlib.obj
 0001:00000bb8       ??_GRParameters@rsystem@base@UModSys@@UEAAPEAXI@Z 0000000140001bb8 f i umodsys_lib_basesys:umodsys.basesys.rparameters.obj
 0001:00000bb8       ??_EIRoot@core@UModSys@@UEAAPEAXI@Z 0000000140001bb8 f i  CIL library: CIL module
 0001:00000bb8       ??_ERGenerator@stdio@media@modules@UModSys@@UEAAPEAXI@Z 0000000140001bb8 f i  CIL library: CIL module
 0001:00000bb8       ??_ERParameters@rsystem@base@UModSys@@UEAAPEAXI@Z 0000000140001bb8 f i  CIL library: CIL module
 0001:00000bb8       ??_ERGenerator@stdlib@media@modules@UModSys@@UEAAPEAXI@Z 0000000140001bb8 f i  CIL library: CIL module
 0001:00000be0       ?root_get_interface_info@RStreamWriter_FILE@stdio@media@modules@UModSys@@UEBAAEBUSUniquePointerInfo@core@5@XZ 0000000140001be0 f i umodsys_lib_libmedia:umodsys.mod.media.stdio.obj
 0001:00000be8       ?root_get_interface_type@RStreamWriter_FILE@stdio@media@modules@UModSys@@UEBAPEBUSUniquePointerInfo@core@5@XZ 0000000140001be8 f i umodsys_lib_libmedia:umodsys.mod.media.stdio.obj
 0001:00000bf0       ?root_get_other_interface@RStreamWriter_FILE@stdio@media@modules@UModSys@@UEAAPEAUIRoot@core@5@PEBUSUniquePointerInfo@75@@Z 0000000140001bf0 f i umodsys_lib_libmedia:umodsys.mod.media.stdio.obj
 0001:00000bf0       ?root_get_other_interface@RStreamWriter_FILE@stdio@media@modules@UModSys@@UEBAPEBUIRoot@core@5@PEBUSUniquePointerInfo@75@@Z 0000000140001bf0 f i umodsys_lib_libmedia:umodsys.mod.media.stdio.obj
 0001:00000c20       ?root_is_interface_supported@RStreamWriter_FILE@stdio@media@modules@UModSys@@UEBA_NPEBUSUniquePointerInfo@core@5@@Z 0000000140001c20 f i umodsys_lib_libmedia:umodsys.mod.media.stdio.obj
 0001:00000c50       ??0RStreamWriter_FILE@stdio@media@modules@UModSys@@QEAA@PEAUIModObject@base@4@AEBUSParameters@core@4@@Z 0000000140001c50 f i umodsys_lib_libmedia:umodsys.mod.media.stdio.obj
 0001:00000d40       ?open@RStreamWriter_FILE@stdio@media@modules@UModSys@@QEAAXPEBD_N@Z 0000000140001d40 f i umodsys_lib_libmedia:umodsys.mod.media.stdio.obj
 0001:00000de4       ?writer_seek@RStreamWriter_FILE@stdio@media@modules@UModSys@@UEAA_N_J@Z 0000000140001de4 f i umodsys_lib_libmedia:umodsys.mod.media.stdio.obj
 0001:00000e10       ?writer_seekend@RStreamWriter_FILE@stdio@media@modules@UModSys@@UEAA_N_J@Z 0000000140001e10 f i umodsys_lib_libmedia:umodsys.mod.media.stdio.obj
 0001:00000e40       ?writer_seekdelta@RStreamWriter_FILE@stdio@media@modules@UModSys@@UEAA_N_J@Z 0000000140001e40 f i umodsys_lib_libmedia:umodsys.mod.media.stdio.obj
 0001:00000e6c       ?writer_setsize@RStreamWriter_FILE@stdio@media@modules@UModSys@@UEAA_N_J@Z 0000000140001e6c f i umodsys_lib_libmedia:umodsys.mod.media.stdio.obj
 0001:00000ec0       ?writer_pos@RStreamWriter_FILE@stdio@media@modules@UModSys@@UEAA_JXZ 0000000140001ec0 f i umodsys_lib_libmedia:umodsys.mod.media.stdio.obj
 0001:00000edc       ?writer_size@RStreamWriter_FILE@stdio@media@modules@UModSys@@UEAA_JXZ 0000000140001edc f i umodsys_lib_libmedia:umodsys.mod.media.stdio.obj
 0001:00000f5c       ?writer_write@RStreamWriter_FILE@stdio@media@modules@UModSys@@UEAA_NPEBX_K@Z 0000000140001f5c f i umodsys_lib_libmedia:umodsys.mod.media.stdio.obj
 0001:00000fdc       ?writer_copy@RStreamWriter_FILE@stdio@media@modules@UModSys@@UEAA_NPEAUIStreamReader@libmedia@5@_J@Z 0000000140001fdc f i umodsys_lib_libmedia:umodsys.mod.media.stdio.obj
 0001:0000107c       ?writer_copy@RStreamWriter_FILE@stdio@media@modules@UModSys@@UEAA_NPEAUIStreamReader@libmedia@5@_J1@Z 000000014000207c f i umodsys_lib_libmedia:umodsys.mod.media.stdio.obj
 0001:000010d0       ?writer_close@RStreamWriter_FILE@stdio@media@modules@UModSys@@UEAAXXZ 00000001400020d0 f i umodsys_lib_libmedia:umodsys.mod.media.stdio.obj
 0001:0000110c       ?writer_abort@RStreamWriter_FILE@stdio@media@modules@UModSys@@UEAAXXZ 000000014000210c f i umodsys_lib_libmedia:umodsys.mod.media.stdio.obj
 0001:00001148       ??_GRStreamWriter_FILE@stdio@media@modules@UModSys@@UEAAPEAXI@Z 0000000140002148 f i umodsys_lib_libmedia:umodsys.mod.media.stdio.obj
 0001:00001148       ??_ERStreamWriter_FILE@stdio@media@modules@UModSys@@UEAAPEAXI@Z 0000000140002148 f i  CIL library: CIL module
 0001:000011c0       ?root_get_interface_info@RDataArchiver_OsDir@stdio@media@modules@UModSys@@UEBAAEBUSUniquePointerInfo@core@5@XZ 00000001400021c0 f i umodsys_lib_libmedia:umodsys.mod.media.stdio.obj
 0001:000011c8       ?root_get_interface_type@RDataArchiver_OsDir@stdio@media@modules@UModSys@@UEBAPEBUSUniquePointerInfo@core@5@XZ 00000001400021c8 f i umodsys_lib_libmedia:umodsys.mod.media.stdio.obj
 0001:000011d0       ?root_get_other_interface@RDataArchiver_OsDir@stdio@media@modules@UModSys@@UEAAPEAUIRoot@core@5@PEBUSUniquePointerInfo@75@@Z 00000001400021d0 f i umodsys_lib_libmedia:umodsys.mod.media.stdio.obj
 0001:000011d0       ?root_get_other_interface@RDataArchiver_OsDir@stdio@media@modules@UModSys@@UEBAPEBUIRoot@core@5@PEBUSUniquePointerInfo@75@@Z 00000001400021d0 f i umodsys_lib_libmedia:umodsys.mod.media.stdio.obj
 0001:00001208       ?root_is_interface_supported@RDataArchiver_OsDir@stdio@media@modules@UModSys@@UEBA_NPEBUSUniquePointerInfo@core@5@@Z 0000000140002208 f i umodsys_lib_libmedia:umodsys.mod.media.stdio.obj
 0001:00001240       ?suicide@RLibraryLayered@stdlib@media@modules@UModSys@@UEAAXXZ 0000000140002240 f i umodsys_lib_libmedia:umodsys.mod.media.stdlib.obj
 0001:00001240       ?suicide@RDataArchiver_OsDir@stdio@media@modules@UModSys@@UEAAXXZ 0000000140002240 f i umodsys_lib_libmedia:umodsys.mod.media.stdio.obj
 0001:00001240       ?suicide@RLibraryObjFilter@stdlib@media@modules@UModSys@@UEAAXXZ 0000000140002240 f i umodsys_lib_libmedia:umodsys.mod.media.stdlib.obj
 0001:00001240       ?suicide@RLibraryObjCache@stdlib@media@modules@UModSys@@UEAAXXZ 0000000140002240 f i umodsys_lib_libmedia:umodsys.mod.media.stdlib.obj
 0001:00001240       ?suicide@RLibraryBinCache@stdlib@media@modules@UModSys@@UEAAXXZ 0000000140002240 f i umodsys_lib_libmedia:umodsys.mod.media.stdlib.obj
 0001:00001240       ?suicide@RLibraryBinTree@stdlib@media@modules@UModSys@@UEAAXXZ 0000000140002240 f i umodsys_lib_libmedia:umodsys.mod.media.stdlib.obj
 0001:0000128c       ??0RDataArchiver_OsDir@stdio@media@modules@UModSys@@QEAA@PEAUIModObject@base@4@AEBUSParameters@core@4@U?$TFlags4State@USMediaFlagUid@libmedia@UModSys@@I@tl@4@@Z 000000014000228c f i umodsys_lib_libmedia:umodsys.mod.media.stdio.obj
 0001:00001500       ?get_flag@RDataArchiver_OsDir@stdio@media@modules@UModSys@@UEBA?AW4eStates@?$TFlags4State@USMediaFlagUid@libmedia@UModSys@@I@tl@5@H@Z 0000000140002500 f i umodsys_lib_libmedia:umodsys.mod.media.stdio.obj
 0001:0000150c       ?get_flags_auto@RDataArchiver_OsDir@stdio@media@modules@UModSys@@UEBA?AU?$TFlags4State@USMediaFlagUid@libmedia@UModSys@@I@tl@5@XZ 000000014000250c f i umodsys_lib_libmedia:umodsys.mod.media.stdio.obj
 0001:00001518       ?set_flag@RDataArchiver_OsDir@stdio@media@modules@UModSys@@UEAA?AW4eStates@?$TFlags4State@USMediaFlagUid@libmedia@UModSys@@I@tl@5@HW46785@@Z 0000000140002518 f i umodsys_lib_libmedia:umodsys.mod.media.stdio.obj
 0001:00001540       ?data_load@RDataArchiver_OsDir@stdio@media@modules@UModSys@@UEAA_NAEBU?$TString@U?$TSCoreConst@D@su@tl@UModSys@@U?$TComparerBinaryHash@D@234@@tl@5@AEAUSCMemShared@core@5@AEBUSFlags@libmedia@5@@Z 0000000140002540 f i umodsys_lib_libmedia:umodsys.mod.media.stdio.obj
 0001:000015a8       ?data_save@RDataArchiver_OsDir@stdio@media@modules@UModSys@@UEAA_NAEBU?$TString@U?$TSCoreConst@D@su@tl@UModSys@@U?$TComparerBinaryHash@D@234@@tl@5@AEBUSCMem@core@5@AEBUSFlags@libmedia@5@@Z 00000001400025a8 f i umodsys_lib_libmedia:umodsys.mod.media.stdio.obj
 0001:00001640       ?data_reader@RDataArchiver_OsDir@stdio@media@modules@UModSys@@UEAA?AU?$TRefObject@UIStreamReader@libmedia@UModSys@@U?$TRefObjectFunc@UIStreamReader@libmedia@UModSys@@@tl@3@@tl@5@AEBU?$TString@U?$TSCoreConst@D@su@tl@UModSys@@U?$TComparerBinaryHash@D@234@@75@AEBUSFlags@libmedia@5@@Z 0000000140002640 f i umodsys_lib_libmedia:umodsys.mod.media.stdio.obj
 0001:00001854       ?data_writer@RDataArchiver_OsDir@stdio@media@modules@UModSys@@UEAA?AU?$TRefObject@UIStreamWriter@libmedia@UModSys@@U?$TRefObjectFunc@UIStreamWriter@libmedia@UModSys@@@tl@3@@tl@5@AEBU?$TString@U?$TSCoreConst@D@su@tl@UModSys@@U?$TComparerBinaryHash@D@234@@75@AEBUSFlags@libmedia@5@@Z 0000000140002854 f i umodsys_lib_libmedia:umodsys.mod.media.stdio.obj
 0001:00001aa0       ?data_list@RDataArchiver_OsDir@stdio@media@modules@UModSys@@UEAA_NAEBU?$TString@U?$TSCoreConst@D@su@tl@UModSys@@U?$TComparerBinaryHash@D@234@@tl@5@_KAEAU?$TIStackSocket@USFileInfo@libmedia@UModSys@@@75@AEBUSFlags@libmedia@5@@Z 0000000140002aa0 f i umodsys_lib_libmedia:umodsys.mod.media.stdio.obj
 0001:00001aa0       ?data_info@RDataArchiver_OsDir@stdio@media@modules@UModSys@@UEAA_NAEBU?$TString@U?$TSCoreConst@D@su@tl@UModSys@@U?$TComparerBinaryHash@D@234@@tl@5@_KAEAUSFileInfo@libmedia@5@AEBUSFlags@95@@Z 0000000140002aa0 f i umodsys_lib_libmedia:umodsys.mod.media.stdio.obj
 0001:00001af4       ?get_permissions@RDataArchiver_OsDir@stdio@media@modules@UModSys@@UEAAHXZ 0000000140002af4 f i umodsys_lib_libmedia:umodsys.mod.media.stdio.obj
 0001:00001af8       ??_ERDataArchiver_OsDir@stdio@media@modules@UModSys@@UEAAPEAXI@Z 0000000140002af8 f i  CIL library: CIL module
 0001:00001af8       ??_GRDataArchiver_OsDir@stdio@media@modules@UModSys@@UEAAPEAXI@Z 0000000140002af8 f i umodsys_lib_libmedia:umodsys.mod.media.stdio.obj
 0001:00001b70       ?get_generated_names@RGenerator@stdio@media@modules@UModSys@@UEBAHAEAUSUniquePtrList@core@5@@Z 0000000140002b70 f i umodsys_lib_libmedia:umodsys.mod.media.stdio.obj
 0001:00001bb4       ?get_generated_types@RGenerator@stdio@media@modules@UModSys@@UEBAHAEAUSUniquePtrList@core@5@PEBUSUniquePointerInfo@75@@Z 0000000140002bb4 f i umodsys_lib_libmedia:umodsys.mod.media.stdio.obj
 0001:00001c80       ?generate@RGenerator@stdio@media@modules@UModSys@@UEAA_NAEAU?$TRefObject@UIRefObject@core@UModSys@@U?$TRefObjectFunc@UIRefObject@core@UModSys@@@tl@3@@tl@5@PEBUSUniquePointerInfo@core@5@AEBUSParameters@95@@Z 0000000140002c80 f i umodsys_lib_libmedia:umodsys.mod.media.stdio.obj
 0001:00001e60       ?root_get_interface_info@RGenerator@stdio@media@modules@UModSys@@UEBAAEBUSUniquePointerInfo@core@5@XZ 0000000140002e60 f i umodsys_lib_libmedia:umodsys.mod.media.stdio.obj
 0001:00001e68       ?root_get_interface_type@RGenerator@stdio@media@modules@UModSys@@UEBAPEBUSUniquePointerInfo@core@5@XZ 0000000140002e68 f i umodsys_lib_libmedia:umodsys.mod.media.stdio.obj
 0001:00001e70       ?root_get_other_interface@RGenerator@stdio@media@modules@UModSys@@UEBAPEBUIRoot@core@5@PEBUSUniquePointerInfo@75@@Z 0000000140002e70 f i umodsys_lib_libmedia:umodsys.mod.media.stdio.obj
 0001:00001e70       ?root_get_other_interface@RGenerator@stdio@media@modules@UModSys@@UEAAPEAUIRoot@core@5@PEBUSUniquePointerInfo@75@@Z 0000000140002e70 f i umodsys_lib_libmedia:umodsys.mod.media.stdio.obj
 0001:00001ea8       ?root_is_interface_supported@RGenerator@stdio@media@modules@UModSys@@UEBA_NPEBUSUniquePointerInfo@core@5@@Z 0000000140002ea8 f i umodsys_lib_libmedia:umodsys.mod.media.stdio.obj
 0001:00001ee0       ?ref_remove@RUtilities@stdlib@media@modules@UModSys@@UEBAXXZ 0000000140002ee0 f i umodsys_lib_libmedia:umodsys.mod.media.stdlib.obj
 0001:00001ee0       ?ref_remove@RGenerator@stdio@media@modules@UModSys@@UEBAXXZ 0000000140002ee0 f i umodsys_lib_libmedia:umodsys.mod.media.stdio.obj
 0001:00001ee0       ?ref_remove@RStreamReader_FILE@stdio@media@modules@UModSys@@UEBAXXZ 0000000140002ee0 f i umodsys_lib_libmedia:umodsys.mod.media.stdio.obj
 0001:00001ee0       ?ref_remove@RGenerator@stdlib@media@modules@UModSys@@UEBAXXZ 0000000140002ee0 f i umodsys_lib_libmedia:umodsys.mod.media.stdlib.obj
 0001:00001ee0       ?ref_remove@RStreamWriter_FILE@stdio@media@modules@UModSys@@UEBAXXZ 0000000140002ee0 f i umodsys_lib_libmedia:umodsys.mod.media.stdio.obj
 0001:00001ef8       ?ref_links@RStreamReader_FILE@stdio@media@modules@UModSys@@UEBAHXZ 0000000140002ef8 f i umodsys_lib_libmedia:umodsys.mod.media.stdio.obj
 0001:00001ef8       ?ref_links@RUtilities@stdlib@media@modules@UModSys@@UEBAHXZ 0000000140002ef8 f i umodsys_lib_libmedia:umodsys.mod.media.stdlib.obj
 0001:00001ef8       ?ref_links@RGenerator@stdio@media@modules@UModSys@@UEBAHXZ 0000000140002ef8 f i umodsys_lib_libmedia:umodsys.mod.media.stdio.obj
 0001:00001ef8       ?ref_links@RStreamWriter_FILE@stdio@media@modules@UModSys@@UEBAHXZ 0000000140002ef8 f i umodsys_lib_libmedia:umodsys.mod.media.stdio.obj
 0001:00001ef8       ?ref_links@RGenerator@stdlib@media@modules@UModSys@@UEBAHXZ 0000000140002ef8 f i umodsys_lib_libmedia:umodsys.mod.media.stdlib.obj
 0001:00001efc       ?ref_weak@RUtilities@stdlib@media@modules@UModSys@@UEBA_NAEAUWeakPointer@IRefObject@core@5@@Z 0000000140002efc f i umodsys_lib_libmedia:umodsys.mod.media.stdlib.obj
 0001:00001efc       ?ref_weak@RStreamReader_FILE@stdio@media@modules@UModSys@@UEBA_NAEAUWeakPointer@IRefObject@core@5@@Z 0000000140002efc f i umodsys_lib_libmedia:umodsys.mod.media.stdio.obj
 0001:00001efc       ?ref_weak@RGenerator@stdio@media@modules@UModSys@@UEBA_NAEAUWeakPointer@IRefObject@core@5@@Z 0000000140002efc f i umodsys_lib_libmedia:umodsys.mod.media.stdio.obj
 0001:00001efc       ?ref_weak@RStreamWriter_FILE@stdio@media@modules@UModSys@@UEBA_NAEAUWeakPointer@IRefObject@core@5@@Z 0000000140002efc f i umodsys_lib_libmedia:umodsys.mod.media.stdio.obj
 0001:00001efc       ?ref_weak@RGenerator@stdlib@media@modules@UModSys@@UEBA_NAEAUWeakPointer@IRefObject@core@5@@Z 0000000140002efc f i umodsys_lib_libmedia:umodsys.mod.media.stdlib.obj
 0001:00001f1c       ?ref_remove@RConsole_std@rsystem@base@UModSys@@UEBAXXZ 0000000140002f1c f i umodsys_lib_basesys:umodsys.basesys.rconsole_std.obj
 0001:00001f1c       ??3@YAXPEAX0@Z             0000000140002f1c f i umodsys_lib_libmedia:umodsys.mod.media.stdio.obj
 0001:00001f1c       ?ref_add@RConsole_std@rsystem@base@UModSys@@UEBAXXZ 0000000140002f1c f i umodsys_lib_basesys:umodsys.basesys.rconsole_std.obj
 0001:00001f1c       ?suicide@RGenerator@stdio@media@modules@UModSys@@UEAAXXZ 0000000140002f1c f i umodsys_lib_libmedia:umodsys.mod.media.stdio.obj
 0001:00001f1c       ?suicide@RGenerator@stdlib@media@modules@UModSys@@UEAAXXZ 0000000140002f1c f i umodsys_lib_libmedia:umodsys.mod.media.stdlib.obj
 0001:00001f20       ?get_uid@RGenerator@stdio@media@modules@UModSys@@UEBAPEBUSUniquePointerInfo@core@5@XZ 0000000140002f20 f i umodsys_lib_libmedia:umodsys.mod.media.stdio.obj
 0001:00001f28       ?do_open@RModuleReg@stdio@media@modules@UModSys@@UEAA_NXZ 0000000140002f28 f i umodsys_lib_libmedia:umodsys.mod.media.stdio.obj
 0001:00001f9c       ?do_close@RModuleReg@stdio@media@modules@UModSys@@UEAA_NXZ 0000000140002f9c f i umodsys_lib_libmedia:umodsys.mod.media.stdio.obj
 0001:00001fec       ??_GRModuleReg@stdio@media@modules@UModSys@@UEAAPEAXI@Z 0000000140002fec f i umodsys_lib_libmedia:umodsys.mod.media.stdio.obj
 0001:00001fec       ??_ERModuleReg@stdlib@media@modules@UModSys@@UEAAPEAXI@Z 0000000140002fec f i  CIL library: CIL module
 0001:00001fec       ??_EIModuleReg@base@UModSys@@UEAAPEAXI@Z 0000000140002fec f i  CIL library: CIL module
 0001:00001fec       ??_GIModuleReg@base@UModSys@@UEAAPEAXI@Z 0000000140002fec f i umodsys_lib_base:umodsys.base.modulereg.obj
 0001:00001fec       ??_ERModuleReg@stdio@media@modules@UModSys@@UEAAPEAXI@Z 0000000140002fec f i  CIL library: CIL module
 0001:00001fec       ??_GRModuleReg@stdlib@media@modules@UModSys@@UEAAPEAXI@Z 0000000140002fec f i umodsys_lib_libmedia:umodsys.mod.media.stdlib.obj
 0001:00002014       ?get_module@RGenerator@stdio@media@modules@UModSys@@UEBAPEAUIModule@base@5@XZ 0000000140003014 f   umodsys_lib_libmedia:umodsys.mod.media.stdio.obj
 0001:0000201c       ?mod_inc@RGenerator@stdio@media@modules@UModSys@@UEBA_NXZ 000000014000301c f   umodsys_lib_libmedia:umodsys.mod.media.stdio.obj
 0001:00002030       ?mod_dec@RGenerator@stdio@media@modules@UModSys@@UEBA_NXZ 0000000140003030 f   umodsys_lib_libmedia:umodsys.mod.media.stdio.obj
 0001:00002044       ?s_holder@RGenerator@stdio@media@modules@UModSys@@SAAEAU?$TTypeStaticHolder@URGenerator@stdio@media@modules@UModSys@@@tl@5@XZ 0000000140003044 f   umodsys_lib_libmedia:umodsys.mod.media.stdio.obj
 0001:00002088       ??1?$TRefObject@UIStreamReader@libmedia@UModSys@@U?$TRefObjectFunc@UIStreamReader@libmedia@UModSys@@@tl@3@@tl@UModSys@@QEAA@XZ 0000000140003088 f i umodsys_lib_libmedia:umodsys.mod.media.stdio.obj
 0001:00002088       ??1?$TRefObject@UIBinObjFilter@libmedia@UModSys@@U?$TRefObjectFunc@UIBinObjFilter@libmedia@UModSys@@@tl@3@@tl@UModSys@@QEAA@XZ 0000000140003088 f i umodsys_lib_libmedia:umodsys.mod.media.stdlib.obj
 0001:00002088       ??1?$TRefObject@URLibraryObjCache@stdlib@media@modules@UModSys@@U?$TRefObjectFunc@URLibraryObjCache@stdlib@media@modules@UModSys@@@tl@5@@tl@UModSys@@QEAA@XZ 0000000140003088 f i umodsys_lib_libmedia:umodsys.mod.media.stdlib.obj
 0001:00002088       ??1?$TRefObject@URLibraryLayered@stdlib@media@modules@UModSys@@U?$TRefObjectFunc@URLibraryLayered@stdlib@media@modules@UModSys@@@tl@5@@tl@UModSys@@QEAA@XZ 0000000140003088 f i umodsys_lib_libmedia:umodsys.mod.media.stdlib.obj
 0001:00002088       ??1?$TRefObject@URBinArchiveFrame@stdlib@media@modules@UModSys@@U?$TRefObjectFunc@URBinArchiveFrame@stdlib@media@modules@UModSys@@@tl@5@@tl@UModSys@@QEAA@XZ 0000000140003088 f i umodsys_lib_libmedia:umodsys.mod.media.stdlib.obj
 0001:00002088       ??1?$TRefObject@URStreamWriter_FILE@stdio@media@modules@UModSys@@U?$TRefObjectFunc@URStreamWriter_FILE@stdio@media@modules@UModSys@@@tl@5@@tl@UModSys@@QEAA@XZ 0000000140003088 f i umodsys_lib_libmedia:umodsys.mod.media.stdio.obj
 0001:00002088       ??1?$TRefObject@UIRefObject@core@UModSys@@U?$TRefObjectFunc@UIRefObject@core@UModSys@@@tl@3@@tl@UModSys@@QEAA@XZ 0000000140003088 f i umodsys_lib_libmedia:umodsys.mod.media.stdlib.obj
 0001:00002088       ??1?$TRefObject@URUtilities@stdlib@media@modules@UModSys@@U?$TRefObjectFunc@URUtilities@stdlib@media@modules@UModSys@@@tl@5@@tl@UModSys@@QEAA@XZ 0000000140003088 f i umodsys_lib_libmedia:umodsys.mod.media.stdlib.obj
 0001:00002088       ??1?$TRefObject@URModuleLibrarySO@rsystem@base@UModSys@@U?$TRefObjectFunc@URModuleLibrarySO@rsystem@base@UModSys@@@tl@4@@tl@UModSys@@QEAA@XZ 0000000140003088 f i umodsys_lib_basesys:umodsys.basesys.rmoduleloader.obj
 0001:00002088       ??1?$TRefObject@URLibraryObjFilter@stdlib@media@modules@UModSys@@U?$TRefObjectFunc@URLibraryObjFilter@stdlib@media@modules@UModSys@@@tl@5@@tl@UModSys@@QEAA@XZ 0000000140003088 f i umodsys_lib_libmedia:umodsys.mod.media.stdlib.obj
 0001:00002088       ??1SFilter@RLibraryObjFilter@stdlib@media@modules@UModSys@@QEAA@XZ 0000000140003088 f i umodsys_lib_libmedia:umodsys.mod.media.stdlib.obj
 0001:00002088       ??1?$TRefObject@URLibraryBinTree@stdlib@media@modules@UModSys@@U?$TRefObjectFunc@URLibraryBinTree@stdlib@media@modules@UModSys@@@tl@5@@tl@UModSys@@QEAA@XZ 0000000140003088 f i umodsys_lib_libmedia:umodsys.mod.media.stdlib.obj
 0001:00002088       ??1?$TRefObject@UIClient@IBinArchiveFrame@libmedia@UModSys@@U?$TRefObjectFunc@UIClient@IBinArchiveFrame@libmedia@UModSys@@@tl@4@@tl@UModSys@@QEAA@XZ 0000000140003088 f i umodsys_lib_libmedia:umodsys.mod.media.stdlib.obj
 0001:00002088       ??1?$TRefObject@URParameters@rsystem@base@UModSys@@U?$TRefObjectFunc@URParameters@rsystem@base@UModSys@@@tl@4@@tl@UModSys@@QEAA@XZ 0000000140003088 f i umodsys_lib_basesys:umodsys.basesys.rsystem_main.obj
 0001:00002088       ??1?$TRefObject@URDataArchiver_OsDir@stdio@media@modules@UModSys@@U?$TRefObjectFunc@URDataArchiver_OsDir@stdio@media@modules@UModSys@@@tl@5@@tl@UModSys@@QEAA@XZ 0000000140003088 f i umodsys_lib_libmedia:umodsys.mod.media.stdio.obj
 0001:00002088       ??1?$TRefObject@UIBinArchive@libmedia@UModSys@@U?$TRefObjectFunc@UIBinArchive@libmedia@UModSys@@@tl@3@@tl@UModSys@@QEAA@XZ 0000000140003088 f i umodsys_lib_libmedia:umodsys.mod.media.stdlib.obj
 0001:00002088       ??1?$TRefObject@URStreamReader_FILE@stdio@media@modules@UModSys@@U?$TRefObjectFunc@URStreamReader_FILE@stdio@media@modules@UModSys@@@tl@5@@tl@UModSys@@QEAA@XZ 0000000140003088 f i umodsys_lib_libmedia:umodsys.mod.media.stdio.obj
 0001:00002088       ??1?$TRefObject@URLibraryBinCache@stdlib@media@modules@UModSys@@U?$TRefObjectFunc@URLibraryBinCache@stdlib@media@modules@UModSys@@@tl@5@@tl@UModSys@@QEAA@XZ 0000000140003088 f i umodsys_lib_libmedia:umodsys.mod.media.stdlib.obj
 0001:00002088       ??1?$TRefObject@UIModuleLibraryUni@rsystem@base@UModSys@@U?$TRefObjectFunc@UIModuleLibraryUni@rsystem@base@UModSys@@@tl@4@@tl@UModSys@@QEAA@XZ 0000000140003088 f i umodsys_lib_basesys:umodsys.basesys.rmodule.obj
 0001:00002088       ??1?$TRefObject@UIStreamWriter@libmedia@UModSys@@U?$TRefObjectFunc@UIStreamWriter@libmedia@UModSys@@@tl@3@@tl@UModSys@@QEAA@XZ 0000000140003088 f i umodsys_lib_libmedia:umodsys.mod.media.stdio.obj
 0001:00002088       ??1?$TRefObject@UILibrary@libmedia@UModSys@@U?$TRefObjectFunc@UILibrary@libmedia@UModSys@@@tl@3@@tl@UModSys@@QEAA@XZ 0000000140003088 f i umodsys_lib_libmedia:umodsys.mod.media.stdlib.obj
 0001:00002088       ??1?$TRefObject@UIShell@base@UModSys@@U?$TRefObjectFunc@UIShell@base@UModSys@@@tl@3@@tl@UModSys@@QEAA@XZ 0000000140003088 f i umodsys_lib_basesys:umodsys.basesys.rsystem_tests.obj
 0001:000020ac       ?info_release@?$TSCoreShared@USIMemAlloc@core@UModSys@@D@su@tl@UModSys@@QEAAXXZ 00000001400030ac f i umodsys_lib_libmedia:umodsys.mod.media.stdio.obj
 0001:00002180       ?info_new@?$TSCoreShared@USIMemAlloc@core@UModSys@@D@su@tl@UModSys@@QEAA_NPEBD_K@Z 0000000140003180 f i umodsys_lib_libmedia:umodsys.mod.media.stdio.obj
 0001:00002254       ??$t_gen_param@URStreamWriter_FILE@stdio@media@modules@UModSys@@URGenerator@2345@@IGenerator@base@UModSys@@IEAA_NPEAURGenerator@stdio@media@modules@2@AEAU?$TRefObject@UIRefObject@core@UModSys@@U?$TRefObjectFunc@UIRefObject@core@UModSys@@@tl@3@@tl@2@PEBUSUniquePointerInfo@core@2@AEBUSParameters@core@2@@Z 0000000140003254 f i umodsys_lib_libmedia:umodsys.mod.media.stdio.obj
 0001:00002348       ??1?$TRefObject@UIModObject@base@UModSys@@U?$TModObjectFunc@UIModObject@base@UModSys@@@tl@3@@tl@UModSys@@QEAA@XZ 0000000140003348 f i umodsys_lib_libmedia:umodsys.mod.media.stdio.obj
 0001:00002374       ??1SInfo@IBinObjFilter@libmedia@UModSys@@QEAA@XZ 0000000140003374 f i umodsys_lib_libmedia:umodsys.mod.media.stdlib.obj
 0001:00002374       ??1SCMemShared@core@UModSys@@QEAA@XZ 0000000140003374 f i umodsys_lib_libmedia:umodsys.mod.media.stdlib.obj
 0001:00002374       ??1SMemShared@core@UModSys@@QEAA@XZ 0000000140003374 f i umodsys_lib_libmedia:umodsys.mod.media.stdio.obj
 0001:000023a4       ??1SFileInfo@libmedia@UModSys@@QEAA@XZ 00000001400033a4 f i umodsys_lib_libmedia:umodsys.mod.media.stdlib.obj
 0001:000023e8       ?get_flag@RResolverChain@SFlagsChain@libmedia@UModSys@@UEBA?AW4eStates@?$TFlags4State@USMediaFlagUid@libmedia@UModSys@@I@tl@4@H@Z 00000001400033e8 f i umodsys_lib_libmedia:umodsys.mod.media.stdlib.obj
 0001:00002428       ?bin_reader@ILibrary@libmedia@UModSys@@QEAA?AU?$TRefObject@UIStreamReader@libmedia@UModSys@@U?$TRefObjectFunc@UIStreamReader@libmedia@UModSys@@@tl@3@@tl@3@AEBU?$TString@U?$TSCoreConst@D@su@tl@UModSys@@U?$TComparerBinaryHash@D@234@@53@AEBU?$TFlags4State@USMediaFlagUid@libmedia@UModSys@@I@53@@Z 0000000140003428 f i umodsys_lib_libmedia:umodsys.mod.media.stdlib.obj
 0001:00002464       ?bin_writer@ILibrary@libmedia@UModSys@@QEAA?AU?$TRefObject@UIStreamWriter@libmedia@UModSys@@U?$TRefObjectFunc@UIStreamWriter@libmedia@UModSys@@@tl@3@@tl@3@AEBU?$TString@U?$TSCoreConst@D@su@tl@UModSys@@U?$TComparerBinaryHash@D@234@@53@AEBU?$TFlags4State@USMediaFlagUid@libmedia@UModSys@@I@53@@Z 0000000140003464 f i umodsys_lib_libmedia:umodsys.mod.media.stdlib.obj
 0001:000024a0       ??1SPoint@ILibraryBinTree@libmedia@UModSys@@QEAA@XZ 00000001400034a0 f i umodsys_lib_libmedia:umodsys.mod.media.stdlib.obj
 0001:000024c4       ??0NameNodeCmpUC@IBinArchiveFrame@libmedia@UModSys@@QEAA@AEBU?$TString@U?$TSCoreConst@D@su@tl@UModSys@@U?$TComparerBinaryHash@D@234@@tl@3@@Z 00000001400034c4 f i umodsys_lib_libmedia:umodsys.mod.media.stdlib.obj
 0001:00002540       ?root_get_interface_info@RUtilities@stdlib@media@modules@UModSys@@UEBAAEBUSUniquePointerInfo@core@5@XZ 0000000140003540 f i umodsys_lib_libmedia:umodsys.mod.media.stdlib.obj
 0001:00002548       ?root_get_interface_type@RUtilities@stdlib@media@modules@UModSys@@UEBAPEBUSUniquePointerInfo@core@5@XZ 0000000140003548 f i umodsys_lib_libmedia:umodsys.mod.media.stdlib.obj
 0001:00002550       ?root_get_interface_types@RStreamReader_FILE@stdio@media@modules@UModSys@@UEBA_KAEAUSUniquePtrList@core@5@@Z 0000000140003550 f i umodsys_lib_libmedia:umodsys.mod.media.stdio.obj
 0001:00002550       ?root_get_interface_types@RBinArchiveFrame@stdlib@media@modules@UModSys@@UEBA_KAEAUSUniquePtrList@core@5@@Z 0000000140003550 f i umodsys_lib_libmedia:umodsys.mod.media.stdlib.obj
 0001:00002550       ?root_get_interface_types@RGenerator@stdio@media@modules@UModSys@@UEBA_KAEAUSUniquePtrList@core@5@@Z 0000000140003550 f i umodsys_lib_libmedia:umodsys.mod.media.stdio.obj
 0001:00002550       ?root_get_interface_types@RParameters@rsystem@base@UModSys@@UEBA_KAEAUSUniquePtrList@core@4@@Z 0000000140003550 f i umodsys_lib_basesys:umodsys.basesys.rparameters.obj
 0001:00002550       ?root_get_interface_types@RModuleLibraryThis@rsystem@base@UModSys@@UEBA_KAEAUSUniquePtrList@core@4@@Z 0000000140003550 f i umodsys_lib_basesys:umodsys.basesys.rmodulelibthis.obj
 0001:00002550       ?root_get_interface_types@RModuleLibrarySO@rsystem@base@UModSys@@UEBA_KAEAUSUniquePtrList@core@4@@Z 0000000140003550 f i umodsys_lib_basesys:umodsys.basesys.rmodulelibso.obj
 0001:00002550       ?root_get_interface_types@RDataArchiver_OsDir@stdio@media@modules@UModSys@@UEBA_KAEAUSUniquePtrList@core@5@@Z 0000000140003550 f i umodsys_lib_libmedia:umodsys.mod.media.stdio.obj
 0001:00002550       ?root_get_interface_types@RUtilities@stdlib@media@modules@UModSys@@UEBA_KAEAUSUniquePtrList@core@5@@Z 0000000140003550 f i umodsys_lib_libmedia:umodsys.mod.media.stdlib.obj
 0001:00002550       ?root_get_interface_types@RLibraryObjFilter@stdlib@media@modules@UModSys@@UEBA_KAEAUSUniquePtrList@core@5@@Z 0000000140003550 f i umodsys_lib_libmedia:umodsys.mod.media.stdlib.obj
 0001:00002550       ?root_get_interface_types@RSystem@rsystem@base@UModSys@@UEBA_KAEAUSUniquePtrList@core@4@@Z 0000000140003550 f i umodsys_lib_basesys:umodsys.basesys.rsystem_main.obj
 0001:00002550       ?root_get_interface_types@RLibraryBinCache@stdlib@media@modules@UModSys@@UEBA_KAEAUSUniquePtrList@core@5@@Z 0000000140003550 f i umodsys_lib_libmedia:umodsys.mod.media.stdlib.obj
 0001:00002550       ?root_get_interface_types@RLibraryLayered@stdlib@media@modules@UModSys@@UEBA_KAEAUSUniquePtrList@core@5@@Z 0000000140003550 f i umodsys_lib_libmedia:umodsys.mod.media.stdlib.obj
 0001:00002550       ?root_get_interface_types@RStreamWriter_FILE@stdio@media@modules@UModSys@@UEBA_KAEAUSUniquePtrList@core@5@@Z 0000000140003550 f i umodsys_lib_libmedia:umodsys.mod.media.stdio.obj
 0001:00002550       ?root_get_interface_types@RGenerator@stdlib@media@modules@UModSys@@UEBA_KAEAUSUniquePtrList@core@5@@Z 0000000140003550 f i umodsys_lib_libmedia:umodsys.mod.media.stdlib.obj
 0001:00002550       ?root_get_interface_types@RConsole_std@rsystem@base@UModSys@@UEBA_KAEAUSUniquePtrList@core@4@@Z 0000000140003550 f i umodsys_lib_basesys:umodsys.basesys.rconsole_std.obj
 0001:00002550       ?root_get_interface_types@RLibraryBinTree@stdlib@media@modules@UModSys@@UEBA_KAEAUSUniquePtrList@core@5@@Z 0000000140003550 f i umodsys_lib_libmedia:umodsys.mod.media.stdlib.obj
 0001:00002550       ?root_get_interface_types@RModule@rsystem@base@UModSys@@UEBA_KAEAUSUniquePtrList@core@4@@Z 0000000140003550 f i umodsys_lib_basesys:umodsys.basesys.rmodule.obj
 0001:00002550       ?root_get_interface_types@RLibraryObjCache@stdlib@media@modules@UModSys@@UEBA_KAEAUSUniquePtrList@core@5@@Z 0000000140003550 f i umodsys_lib_libmedia:umodsys.mod.media.stdlib.obj
 0001:00002558       ?root_get_other_interface@RUtilities@stdlib@media@modules@UModSys@@UEBAPEBUIRoot@core@5@PEBUSUniquePointerInfo@75@@Z 0000000140003558 f i umodsys_lib_libmedia:umodsys.mod.media.stdlib.obj
 0001:00002558       ?root_get_other_interface@RUtilities@stdlib@media@modules@UModSys@@UEAAPEAUIRoot@core@5@PEBUSUniquePointerInfo@75@@Z 0000000140003558 f i umodsys_lib_libmedia:umodsys.mod.media.stdlib.obj
 0001:00002588       ?root_is_interface_supported@RUtilities@stdlib@media@modules@UModSys@@UEBA_NPEBUSUniquePointerInfo@core@5@@Z 0000000140003588 f i umodsys_lib_libmedia:umodsys.mod.media.stdlib.obj
 0001:000025b8       ?root_get_interface_info@RBinArchiveFrame@stdlib@media@modules@UModSys@@UEBAAEBUSUniquePointerInfo@core@5@XZ 00000001400035b8 f i umodsys_lib_libmedia:umodsys.mod.media.stdlib.obj
 0001:000025c0       ?root_get_interface_type@RBinArchiveFrame@stdlib@media@modules@UModSys@@UEBAPEBUSUniquePointerInfo@core@5@XZ 00000001400035c0 f i umodsys_lib_libmedia:umodsys.mod.media.stdlib.obj
 0001:000025c8       ?root_get_other_interface@RBinArchiveFrame@stdlib@media@modules@UModSys@@UEAAPEAUIRoot@core@5@PEBUSUniquePointerInfo@75@@Z 00000001400035c8 f i umodsys_lib_libmedia:umodsys.mod.media.stdlib.obj
 0001:000025c8       ?root_get_other_interface@RBinArchiveFrame@stdlib@media@modules@UModSys@@UEBAPEBUIRoot@core@5@PEBUSUniquePointerInfo@75@@Z 00000001400035c8 f i umodsys_lib_libmedia:umodsys.mod.media.stdlib.obj
 0001:0000260c       ?root_is_interface_supported@RBinArchiveFrame@stdlib@media@modules@UModSys@@UEBA_NPEBUSUniquePointerInfo@core@5@@Z 000000014000360c f i umodsys_lib_libmedia:umodsys.mod.media.stdlib.obj
 0001:0000264c       ?ref_add@RBinArchiveFrame@stdlib@media@modules@UModSys@@UEBAXXZ 000000014000364c f i umodsys_lib_libmedia:umodsys.mod.media.stdlib.obj
 0001:00002650       ?ref_remove@RBinArchiveFrame@stdlib@media@modules@UModSys@@UEBAXXZ 0000000140003650 f i umodsys_lib_libmedia:umodsys.mod.media.stdlib.obj
 0001:00002668       ?ref_links@RBinArchiveFrame@stdlib@media@modules@UModSys@@UEBAHXZ 0000000140003668 f i umodsys_lib_libmedia:umodsys.mod.media.stdlib.obj
 0001:0000266c       ?ref_weak@RBinArchiveFrame@stdlib@media@modules@UModSys@@UEBA_NAEAUWeakPointer@IRefObject@core@5@@Z 000000014000366c f i umodsys_lib_libmedia:umodsys.mod.media.stdlib.obj
 0001:0000268c       ?suicide@RBinArchiveFrame@stdlib@media@modules@UModSys@@UEAAXXZ 000000014000368c f i umodsys_lib_libmedia:umodsys.mod.media.stdlib.obj
 0001:000026d8       ??RNN_Add@RBinArchiveFrame@stdlib@media@modules@UModSys@@QEBAPEAUNameNode@IBinArchiveFrame@libmedia@5@AEAUNameNodeCmpUC@785@@Z 00000001400036d8 f i umodsys_lib_libmedia:umodsys.mod.media.stdlib.obj
 0001:00002838       ??RNN_Add@RBinArchiveFrame@stdlib@media@modules@UModSys@@QEBAPEAUNameNode@IBinArchiveFrame@libmedia@5@AEAUNameNodeCmpC@785@@Z 0000000140003838 f i umodsys_lib_libmedia:umodsys.mod.media.stdlib.obj
 0001:0000299c       ?root_get_interface_info@RLibraryBinTree@stdlib@media@modules@UModSys@@UEBAAEBUSUniquePointerInfo@core@5@XZ 000000014000399c f i umodsys_lib_libmedia:umodsys.mod.media.stdlib.obj
 0001:000029a4       ?root_get_interface_type@RLibraryBinTree@stdlib@media@modules@UModSys@@UEBAPEBUSUniquePointerInfo@core@5@XZ 00000001400039a4 f i umodsys_lib_libmedia:umodsys.mod.media.stdlib.obj
 0001:000029ac       ?root_get_other_interface@RLibraryBinTree@stdlib@media@modules@UModSys@@UEBAPEBUIRoot@core@5@PEBUSUniquePointerInfo@75@@Z 00000001400039ac f i umodsys_lib_libmedia:umodsys.mod.media.stdlib.obj
 0001:000029ac       ?root_get_other_interface@RLibraryBinTree@stdlib@media@modules@UModSys@@UEAAPEAUIRoot@core@5@PEBUSUniquePointerInfo@75@@Z 00000001400039ac f i umodsys_lib_libmedia:umodsys.mod.media.stdlib.obj
 0001:000029f0       ?root_is_interface_supported@RLibraryBinTree@stdlib@media@modules@UModSys@@UEBA_NPEBUSUniquePointerInfo@core@5@@Z 00000001400039f0 f i umodsys_lib_libmedia:umodsys.mod.media.stdlib.obj
 0001:00002a30       ?ref_remove@RLibraryObjFilter@stdlib@media@modules@UModSys@@UEBAXXZ 0000000140003a30 f i umodsys_lib_libmedia:umodsys.mod.media.stdlib.obj
 0001:00002a30       ?ref_remove@RLibraryObjCache@stdlib@media@modules@UModSys@@UEBAXXZ 0000000140003a30 f i umodsys_lib_libmedia:umodsys.mod.media.stdlib.obj
 0001:00002a30       ?ref_remove@RLibraryLayered@stdlib@media@modules@UModSys@@UEBAXXZ 0000000140003a30 f i umodsys_lib_libmedia:umodsys.mod.media.stdlib.obj
 0001:00002a30       ?ref_remove@RLibraryBinCache@stdlib@media@modules@UModSys@@UEBAXXZ 0000000140003a30 f i umodsys_lib_libmedia:umodsys.mod.media.stdlib.obj
 0001:00002a30       ?ref_remove@RLibraryBinTree@stdlib@media@modules@UModSys@@UEBAXXZ 0000000140003a30 f i umodsys_lib_libmedia:umodsys.mod.media.stdlib.obj
 0001:00002a30       ?ref_remove@RParameters@rsystem@base@UModSys@@UEBAXXZ 0000000140003a30 f i umodsys_lib_basesys:umodsys.basesys.rparameters.obj
 0001:00002a30       ?ref_remove@RDataArchiver_OsDir@stdio@media@modules@UModSys@@UEBAXXZ 0000000140003a30 f i umodsys_lib_libmedia:umodsys.mod.media.stdio.obj
 0001:00002a48       ?root_get_interface_info@RLibraryBinCache@stdlib@media@modules@UModSys@@UEBAAEBUSUniquePointerInfo@core@5@XZ 0000000140003a48 f i umodsys_lib_libmedia:umodsys.mod.media.stdlib.obj
 0001:00002a50       ?root_get_interface_type@RLibraryBinCache@stdlib@media@modules@UModSys@@UEBAPEBUSUniquePointerInfo@core@5@XZ 0000000140003a50 f i umodsys_lib_libmedia:umodsys.mod.media.stdlib.obj
 0001:00002a58       ?root_get_other_interface@RLibraryBinCache@stdlib@media@modules@UModSys@@UEBAPEBUIRoot@core@5@PEBUSUniquePointerInfo@75@@Z 0000000140003a58 f i umodsys_lib_libmedia:umodsys.mod.media.stdlib.obj
 0001:00002a58       ?root_get_other_interface@RLibraryBinCache@stdlib@media@modules@UModSys@@UEAAPEAUIRoot@core@5@PEBUSUniquePointerInfo@75@@Z 0000000140003a58 f i umodsys_lib_libmedia:umodsys.mod.media.stdlib.obj
 0001:00002a9c       ?root_is_interface_supported@RLibraryBinCache@stdlib@media@modules@UModSys@@UEBA_NPEBUSUniquePointerInfo@core@5@@Z 0000000140003a9c f i umodsys_lib_libmedia:umodsys.mod.media.stdlib.obj
 0001:00002adc       ?ref_links@RLibraryBinTree@stdlib@media@modules@UModSys@@UEBAHXZ 0000000140003adc f i umodsys_lib_libmedia:umodsys.mod.media.stdlib.obj
 0001:00002adc       ?ref_links@RLibraryLayered@stdlib@media@modules@UModSys@@UEBAHXZ 0000000140003adc f i umodsys_lib_libmedia:umodsys.mod.media.stdlib.obj
 0001:00002adc       ?ref_links@RDataArchiver_OsDir@stdio@media@modules@UModSys@@UEBAHXZ 0000000140003adc f i umodsys_lib_libmedia:umodsys.mod.media.stdio.obj
 0001:00002adc       ?ref_links@RLibraryObjCache@stdlib@media@modules@UModSys@@UEBAHXZ 0000000140003adc f i umodsys_lib_libmedia:umodsys.mod.media.stdlib.obj
 0001:00002adc       ?ref_links@RParameters@rsystem@base@UModSys@@UEBAHXZ 0000000140003adc f i umodsys_lib_basesys:umodsys.basesys.rparameters.obj
 0001:00002adc       ?ref_links@RLibraryBinCache@stdlib@media@modules@UModSys@@UEBAHXZ 0000000140003adc f i umodsys_lib_libmedia:umodsys.mod.media.stdlib.obj
 0001:00002adc       ?ref_links@RLibraryObjFilter@stdlib@media@modules@UModSys@@UEBAHXZ 0000000140003adc f i umodsys_lib_libmedia:umodsys.mod.media.stdlib.obj
 0001:00002ae0       ?root_get_interface_info@RLibraryLayered@stdlib@media@modules@UModSys@@UEBAAEBUSUniquePointerInfo@core@5@XZ 0000000140003ae0 f i umodsys_lib_libmedia:umodsys.mod.media.stdlib.obj
 0001:00002ae8       ?root_get_interface_type@RLibraryLayered@stdlib@media@modules@UModSys@@UEBAPEBUSUniquePointerInfo@core@5@XZ 0000000140003ae8 f i umodsys_lib_libmedia:umodsys.mod.media.stdlib.obj
 0001:00002af0       ?root_get_other_interface@RLibraryLayered@stdlib@media@modules@UModSys@@UEAAPEAUIRoot@core@5@PEBUSUniquePointerInfo@75@@Z 0000000140003af0 f i umodsys_lib_libmedia:umodsys.mod.media.stdlib.obj
 0001:00002af0       ?root_get_other_interface@RLibraryLayered@stdlib@media@modules@UModSys@@UEBAPEBUIRoot@core@5@PEBUSUniquePointerInfo@75@@Z 0000000140003af0 f i umodsys_lib_libmedia:umodsys.mod.media.stdlib.obj
 0001:00002b34       ?root_is_interface_supported@RLibraryLayered@stdlib@media@modules@UModSys@@UEBA_NPEBUSUniquePointerInfo@core@5@@Z 0000000140003b34 f i umodsys_lib_libmedia:umodsys.mod.media.stdlib.obj
 0001:00002b74       ?root_get_interface_info@RLibraryObjCache@stdlib@media@modules@UModSys@@UEBAAEBUSUniquePointerInfo@core@5@XZ 0000000140003b74 f i umodsys_lib_libmedia:umodsys.mod.media.stdlib.obj
 0001:00002b7c       ?root_get_interface_type@RLibraryObjCache@stdlib@media@modules@UModSys@@UEBAPEBUSUniquePointerInfo@core@5@XZ 0000000140003b7c f i umodsys_lib_libmedia:umodsys.mod.media.stdlib.obj
 0001:00002b84       ?root_get_other_interface@RLibraryObjCache@stdlib@media@modules@UModSys@@UEAAPEAUIRoot@core@5@PEBUSUniquePointerInfo@75@@Z 0000000140003b84 f i umodsys_lib_libmedia:umodsys.mod.media.stdlib.obj
 0001:00002b84       ?root_get_other_interface@RLibraryObjCache@stdlib@media@modules@UModSys@@UEBAPEBUIRoot@core@5@PEBUSUniquePointerInfo@75@@Z 0000000140003b84 f i umodsys_lib_libmedia:umodsys.mod.media.stdlib.obj
 0001:00002bc8       ?root_is_interface_supported@RLibraryObjCache@stdlib@media@modules@UModSys@@UEBA_NPEBUSUniquePointerInfo@core@5@@Z 0000000140003bc8 f i umodsys_lib_libmedia:umodsys.mod.media.stdlib.obj
 0001:00002c08       ?ref_add@RLibraryObjFilter@stdlib@media@modules@UModSys@@UEBAXXZ 0000000140003c08 f i umodsys_lib_libmedia:umodsys.mod.media.stdlib.obj
 0001:00002c08       ?ref_add@RLibraryLayered@stdlib@media@modules@UModSys@@UEBAXXZ 0000000140003c08 f i umodsys_lib_libmedia:umodsys.mod.media.stdlib.obj
 0001:00002c08       ?ref_add@RDataArchiver_OsDir@stdio@media@modules@UModSys@@UEBAXXZ 0000000140003c08 f i umodsys_lib_libmedia:umodsys.mod.media.stdio.obj
 0001:00002c08       ?ref_add@RLibraryObjCache@stdlib@media@modules@UModSys@@UEBAXXZ 0000000140003c08 f i umodsys_lib_libmedia:umodsys.mod.media.stdlib.obj
 0001:00002c08       ?ref_add@RParameters@rsystem@base@UModSys@@UEBAXXZ 0000000140003c08 f i umodsys_lib_basesys:umodsys.basesys.rparameters.obj
 0001:00002c08       ?ref_add@RLibraryBinCache@stdlib@media@modules@UModSys@@UEBAXXZ 0000000140003c08 f i umodsys_lib_libmedia:umodsys.mod.media.stdlib.obj
 0001:00002c08       ?ref_add@RLibraryBinTree@stdlib@media@modules@UModSys@@UEBAXXZ 0000000140003c08 f i umodsys_lib_libmedia:umodsys.mod.media.stdlib.obj
 0001:00002c0c       ?ref_weak@RLibraryObjCache@stdlib@media@modules@UModSys@@UEBA_NAEAUWeakPointer@IRefObject@core@5@@Z 0000000140003c0c f i umodsys_lib_libmedia:umodsys.mod.media.stdlib.obj
 0001:00002c0c       ?ref_weak@RLibraryObjFilter@stdlib@media@modules@UModSys@@UEBA_NAEAUWeakPointer@IRefObject@core@5@@Z 0000000140003c0c f i umodsys_lib_libmedia:umodsys.mod.media.stdlib.obj
 0001:00002c0c       ?ref_weak@RDataArchiver_OsDir@stdio@media@modules@UModSys@@UEBA_NAEAUWeakPointer@IRefObject@core@5@@Z 0000000140003c0c f i umodsys_lib_libmedia:umodsys.mod.media.stdio.obj
 0001:00002c0c       ?ref_weak@RLibraryLayered@stdlib@media@modules@UModSys@@UEBA_NAEAUWeakPointer@IRefObject@core@5@@Z 0000000140003c0c f i umodsys_lib_libmedia:umodsys.mod.media.stdlib.obj
 0001:00002c0c       ?ref_weak@RLibraryBinCache@stdlib@media@modules@UModSys@@UEBA_NAEAUWeakPointer@IRefObject@core@5@@Z 0000000140003c0c f i umodsys_lib_libmedia:umodsys.mod.media.stdlib.obj
 0001:00002c0c       ?ref_weak@RLibraryBinTree@stdlib@media@modules@UModSys@@UEBA_NAEAUWeakPointer@IRefObject@core@5@@Z 0000000140003c0c f i umodsys_lib_libmedia:umodsys.mod.media.stdlib.obj
 0001:00002c0c       ?ref_weak@RParameters@rsystem@base@UModSys@@UEBA_NAEAUWeakPointer@IRefObject@core@4@@Z 0000000140003c0c f i umodsys_lib_basesys:umodsys.basesys.rparameters.obj
 0001:00002c2c       ?root_get_interface_info@RLibraryObjFilter@stdlib@media@modules@UModSys@@UEBAAEBUSUniquePointerInfo@core@5@XZ 0000000140003c2c f i umodsys_lib_libmedia:umodsys.mod.media.stdlib.obj
 0001:00002c34       ?root_get_interface_type@RLibraryObjFilter@stdlib@media@modules@UModSys@@UEBAPEBUSUniquePointerInfo@core@5@XZ 0000000140003c34 f i umodsys_lib_libmedia:umodsys.mod.media.stdlib.obj
 0001:00002c3c       ?root_get_other_interface@RLibraryObjFilter@stdlib@media@modules@UModSys@@UEBAPEBUIRoot@core@5@PEBUSUniquePointerInfo@75@@Z 0000000140003c3c f i umodsys_lib_libmedia:umodsys.mod.media.stdlib.obj
 0001:00002c3c       ?root_get_other_interface@RLibraryObjFilter@stdlib@media@modules@UModSys@@UEAAPEAUIRoot@core@5@PEBUSUniquePointerInfo@75@@Z 0000000140003c3c f i umodsys_lib_libmedia:umodsys.mod.media.stdlib.obj
 0001:00002c80       ?root_is_interface_supported@RLibraryObjFilter@stdlib@media@modules@UModSys@@UEBA_NPEBUSUniquePointerInfo@core@5@@Z 0000000140003c80 f i umodsys_lib_libmedia:umodsys.mod.media.stdlib.obj
 0001:00002cc0       ?get_generated_names@RGenerator@stdlib@media@modules@UModSys@@UEBAHAEAUSUniquePtrList@core@5@@Z 0000000140003cc0 f i umodsys_lib_libmedia:umodsys.mod.media.stdlib.obj
 0001:00002d40       ?get_generated_types@RGenerator@stdlib@media@modules@UModSys@@UEBAHAEAUSUniquePtrList@core@5@PEBUSUniquePointerInfo@75@@Z 0000000140003d40 f i umodsys_lib_libmedia:umodsys.mod.media.stdlib.obj
 0001:00002eac       ?generate@RGenerator@stdlib@media@modules@UModSys@@UEAA_NAEAU?$TRefObject@UIRefObject@core@UModSys@@U?$TRefObjectFunc@UIRefObject@core@UModSys@@@tl@3@@tl@5@PEBUSUniquePointerInfo@core@5@AEBUSParameters@95@@Z 0000000140003eac f i umodsys_lib_libmedia:umodsys.mod.media.stdlib.obj
 0001:00003128       ?root_get_interface_info@RGenerator@stdlib@media@modules@UModSys@@UEBAAEBUSUniquePointerInfo@core@5@XZ 0000000140004128 f i umodsys_lib_libmedia:umodsys.mod.media.stdlib.obj
 0001:00003130       ?root_get_interface_type@RGenerator@stdlib@media@modules@UModSys@@UEBAPEBUSUniquePointerInfo@core@5@XZ 0000000140004130 f i umodsys_lib_libmedia:umodsys.mod.media.stdlib.obj
 0001:00003138       ?root_get_other_interface@RGenerator@stdlib@media@modules@UModSys@@UEAAPEAUIRoot@core@5@PEBUSUniquePointerInfo@75@@Z 0000000140004138 f i umodsys_lib_libmedia:umodsys.mod.media.stdlib.obj
 0001:00003138       ?root_get_other_interface@RGenerator@stdlib@media@modules@UModSys@@UEBAPEBUIRoot@core@5@PEBUSUniquePointerInfo@75@@Z 0000000140004138 f i umodsys_lib_libmedia:umodsys.mod.media.stdlib.obj
 0001:00003170       ?root_is_interface_supported@RGenerator@stdlib@media@modules@UModSys@@UEBA_NPEBUSUniquePointerInfo@core@5@@Z 0000000140004170 f i umodsys_lib_libmedia:umodsys.mod.media.stdlib.obj
 0001:000031a8       ?get_uid@RGenerator@stdlib@media@modules@UModSys@@UEBAPEBUSUniquePointerInfo@core@5@XZ 00000001400041a8 f i umodsys_lib_libmedia:umodsys.mod.media.stdlib.obj
 0001:000031b0       ?buffer_free@RUtilities@stdlib@media@modules@UModSys@@UEAA_NAEAUSBuffer@libmedia@5@PEBUSSourceContext@core@5@@Z 00000001400041b0 f   umodsys_lib_libmedia:umodsys.mod.media.stdlib.obj
 0001:000031fc       ?buffer_alloc@RUtilities@stdlib@media@modules@UModSys@@UEAA_NAEAUSBuffer@libmedia@5@_KPEBUSSourceContext@core@5@@Z 00000001400041fc f   umodsys_lib_libmedia:umodsys.mod.media.stdlib.obj
 0001:00003304       ?bin_reader@RLibraryBinCache@stdlib@media@modules@UModSys@@UEAA?AU?$TRefObject@UIStreamReader@libmedia@UModSys@@U?$TRefObjectFunc@UIStreamReader@libmedia@UModSys@@@tl@3@@tl@5@AEBU?$TString@U?$TSCoreConst@D@su@tl@UModSys@@U?$TComparerBinaryHash@D@234@@75@AEBUSFlags@libmedia@5@@Z 0000000140004304 f   umodsys_lib_libmedia:umodsys.mod.media.stdlib.obj
 0001:00003304       ?sub_reader@RUtilities@stdlib@media@modules@UModSys@@UEAA?AU?$TRefObject@UIStreamReader@libmedia@UModSys@@U?$TRefObjectFunc@UIStreamReader@libmedia@UModSys@@@tl@3@@tl@5@PEAUIStreamReader@libmedia@5@_J1@Z 0000000140004304 f   umodsys_lib_libmedia:umodsys.mod.media.stdlib.obj
 0001:00003304       ?bin_reader@ILibrary@libmedia@UModSys@@UEAA?AU?$TRefObject@UIStreamReader@libmedia@UModSys@@U?$TRefObjectFunc@UIStreamReader@libmedia@UModSys@@@tl@3@@tl@3@AEBU?$TString@U?$TSCoreConst@D@su@tl@UModSys@@U?$TComparerBinaryHash@D@234@@53@AEBUSFlags@23@@Z 0000000140004304 f   umodsys_lib_libmedia:umodsys.lib.media.library.obj
 0001:00003304       ?sub_writer@RUtilities@stdlib@media@modules@UModSys@@UEAA?AU?$TRefObject@UIStreamWriter@libmedia@UModSys@@U?$TRefObjectFunc@UIStreamWriter@libmedia@UModSys@@@tl@3@@tl@5@PEAUIStreamWriter@libmedia@5@_J1@Z 0000000140004304 f   umodsys_lib_libmedia:umodsys.mod.media.stdlib.obj
 0001:00003304       ?mem_writer@RUtilities@stdlib@media@modules@UModSys@@UEAA?AU?$TRefObject@UIStreamWriter@libmedia@UModSys@@U?$TRefObjectFunc@UIStreamWriter@libmedia@UModSys@@@tl@3@@tl@5@PEBUSMem@core@5@PEAUIMemWriterCompleted@IUtilities@libmedia@5@PEAUIRefObject@95@@Z 0000000140004304 f   umodsys_lib_libmedia:umodsys.mod.media.stdlib.obj
 0001:00003304       ?bin_writer@RLibraryBinCache@stdlib@media@modules@UModSys@@UEAA?AU?$TRefObject@UIStreamWriter@libmedia@UModSys@@U?$TRefObjectFunc@UIStreamWriter@libmedia@UModSys@@@tl@3@@tl@5@AEBU?$TString@U?$TSCoreConst@D@su@tl@UModSys@@U?$TComparerBinaryHash@D@234@@75@AEBUSFlags@libmedia@5@@Z 0000000140004304 f   umodsys_lib_libmedia:umodsys.mod.media.stdlib.obj
 0001:00003304       ?bin_writer@ILibrary@libmedia@UModSys@@UEAA?AU?$TRefObject@UIStreamWriter@libmedia@UModSys@@U?$TRefObjectFunc@UIStreamWriter@libmedia@UModSys@@@tl@3@@tl@3@AEBU?$TString@U?$TSCoreConst@D@su@tl@UModSys@@U?$TComparerBinaryHash@D@234@@53@AEBUSFlags@23@@Z 0000000140004304 f   umodsys_lib_libmedia:umodsys.lib.media.library.obj
 0001:00003304       ?mem_reader@RUtilities@stdlib@media@modules@UModSys@@UEAA?AU?$TRefObject@UIStreamReader@libmedia@UModSys@@U?$TRefObjectFunc@UIStreamReader@libmedia@UModSys@@@tl@3@@tl@5@AEBUSCMemShared@core@5@@Z 0000000140004304 f   umodsys_lib_libmedia:umodsys.mod.media.stdlib.obj
 0001:00003304       ?mem_reader@RUtilities@stdlib@media@modules@UModSys@@UEAA?AU?$TRefObject@UIStreamReader@libmedia@UModSys@@U?$TRefObjectFunc@UIStreamReader@libmedia@UModSys@@@tl@3@@tl@5@AEBUSCMem@core@5@@Z 0000000140004304 f   umodsys_lib_libmedia:umodsys.mod.media.stdlib.obj
 0001:00003314       ??_ERUtilities@stdlib@media@modules@UModSys@@UEAAPEAXI@Z 0000000140004314 f i  CIL library: CIL module
 0001:00003314       ??_GRUtilities@stdlib@media@modules@UModSys@@UEAAPEAXI@Z 0000000140004314 f i umodsys_lib_libmedia:umodsys.mod.media.stdlib.obj
 0001:000033bc       ?get_flag@RBinArchiveFrame@stdlib@media@modules@UModSys@@UEBA?AW4eStates@?$TFlags4State@USMediaFlagUid@libmedia@UModSys@@I@tl@5@H@Z 00000001400043bc f   umodsys_lib_libmedia:umodsys.mod.media.stdlib.obj
 0001:000033cc       ?get_flags_auto@RBinArchiveFrame@stdlib@media@modules@UModSys@@UEBA?AU?$TFlags4State@USMediaFlagUid@libmedia@UModSys@@I@tl@5@XZ 00000001400043cc f   umodsys_lib_libmedia:umodsys.mod.media.stdlib.obj
 0001:000033d8       ?set_flag@RBinArchiveFrame@stdlib@media@modules@UModSys@@UEAA?AW4eStates@?$TFlags4State@USMediaFlagUid@libmedia@UModSys@@I@tl@5@HW46785@@Z 00000001400043d8 f   umodsys_lib_libmedia:umodsys.mod.media.stdlib.obj
 0001:0000340c       ?data_reader@RBinArchiveFrame@stdlib@media@modules@UModSys@@UEAA?AU?$TRefObject@UIStreamReader@libmedia@UModSys@@U?$TRefObjectFunc@UIStreamReader@libmedia@UModSys@@@tl@3@@tl@5@AEBU?$TString@U?$TSCoreConst@D@su@tl@UModSys@@U?$TComparerBinaryHash@D@234@@75@AEBUSFlags@libmedia@5@@Z 000000014000440c f   umodsys_lib_libmedia:umodsys.mod.media.stdlib.obj
 0001:000034cc       ?data_writer@RBinArchiveFrame@stdlib@media@modules@UModSys@@UEAA?AU?$TRefObject@UIStreamWriter@libmedia@UModSys@@U?$TRefObjectFunc@UIStreamWriter@libmedia@UModSys@@@tl@3@@tl@5@AEBU?$TString@U?$TSCoreConst@D@su@tl@UModSys@@U?$TComparerBinaryHash@D@234@@75@AEBUSFlags@libmedia@5@@Z 00000001400044cc f   umodsys_lib_libmedia:umodsys.mod.media.stdlib.obj
 0001:00003514       ?data_load@RBinArchiveFrame@stdlib@media@modules@UModSys@@UEAA_NAEBU?$TString@U?$TSCoreConst@D@su@tl@UModSys@@U?$TComparerBinaryHash@D@234@@tl@5@AEAUSCMemShared@core@5@AEBUSFlags@libmedia@5@@Z 0000000140004514 f   umodsys_lib_libmedia:umodsys.mod.media.stdlib.obj
 0001:00003588       ?data_save@RBinArchiveFrame@stdlib@media@modules@UModSys@@UEAA_NAEBU?$TString@U?$TSCoreConst@D@su@tl@UModSys@@U?$TComparerBinaryHash@D@234@@tl@5@AEBUSCMem@core@5@AEBUSFlags@libmedia@5@@Z 0000000140004588 f   umodsys_lib_libmedia:umodsys.mod.media.stdlib.obj
 0001:000035c0       ?data_list@RBinArchiveFrame@stdlib@media@modules@UModSys@@UEAA_NAEBU?$TString@U?$TSCoreConst@D@su@tl@UModSys@@U?$TComparerBinaryHash@D@234@@tl@5@_KAEAU?$TIStackSocket@USFileInfo@libmedia@UModSys@@@75@AEBUSFlags@libmedia@5@@Z 00000001400045c0 f   umodsys_lib_libmedia:umodsys.mod.media.stdlib.obj
 0001:00003868       ?data_info@RBinArchiveFrame@stdlib@media@modules@UModSys@@UEAA_NAEBU?$TString@U?$TSCoreConst@D@su@tl@UModSys@@U?$TComparerBinaryHash@D@234@@tl@5@_KAEAUSFileInfo@libmedia@5@AEBUSFlags@95@@Z 0000000140004868 f   umodsys_lib_libmedia:umodsys.mod.media.stdlib.obj
 0001:00003988       ?get_permissions@RBinArchiveFrame@stdlib@media@modules@UModSys@@UEAAHXZ 0000000140004988 f   umodsys_lib_libmedia:umodsys.mod.media.stdlib.obj
 0001:0000399c       ?open@RBinArchiveFrame@stdlib@media@modules@UModSys@@UEAA_NPEAUIClient@IBinArchiveFrame@libmedia@5@PEBUSParameters@core@5@@Z 000000014000499c f   umodsys_lib_libmedia:umodsys.mod.media.stdlib.obj
 0001:00003df4       ?close@RBinArchiveFrame@stdlib@media@modules@UModSys@@UEAA_NXZ 0000000140004df4 f   umodsys_lib_libmedia:umodsys.mod.media.stdlib.obj
 0001:00003f00       ?add_node_r@RBinArchiveFrame@stdlib@media@modules@UModSys@@UEAAPEAUNameNode@IBinArchiveFrame@libmedia@5@AEBU?$TString@U?$TSCoreConst@D@su@tl@UModSys@@U?$TComparerBinaryHash@D@234@@tl@5@_KAEAUSMem@core@5@@Z 0000000140004f00 f   umodsys_lib_libmedia:umodsys.mod.media.stdlib.obj
 0001:00003fb8       ?add_node_w@RBinArchiveFrame@stdlib@media@modules@UModSys@@UEAAPEAUNameNode@IBinArchiveFrame@libmedia@5@AEBU?$TString@U?$TSCoreConst@D@su@tl@UModSys@@U?$TComparerBinaryHash@D@234@@tl@5@_K@Z 0000000140004fb8 f   umodsys_lib_libmedia:umodsys.mod.media.stdlib.obj
 0001:000040ac       ?remove_node@RBinArchiveFrame@stdlib@media@modules@UModSys@@UEAA_NPEAUNameNode@IBinArchiveFrame@libmedia@5@@Z 00000001400050ac f   umodsys_lib_libmedia:umodsys.mod.media.stdlib.obj
 0001:000040d8       ?find_node@RBinArchiveFrame@stdlib@media@modules@UModSys@@UEAAPEAUNameNode@IBinArchiveFrame@libmedia@5@AEBU?$TString@U?$TSCoreConst@D@su@tl@UModSys@@U?$TComparerBinaryHash@D@234@@tl@5@@Z 00000001400050d8 f   umodsys_lib_libmedia:umodsys.mod.media.stdlib.obj
 0001:00004210       ?node_size@RBinArchiveFrame@stdlib@media@modules@UModSys@@UEAA_KAEBU?$TString@U?$TSCoreConst@D@su@tl@UModSys@@U?$TComparerBinaryHash@D@234@@tl@5@H@Z 0000000140005210 f   umodsys_lib_libmedia:umodsys.mod.media.stdlib.obj
 0001:00004228       ?kill_node@RBinArchiveFrame@stdlib@media@modules@UModSys@@SA_NPEAUNameNode@IBinArchiveFrame@libmedia@5@@Z 0000000140005228 f   umodsys_lib_libmedia:umodsys.mod.media.stdlib.obj
 0001:00004250       ?fill_info@RBinArchiveFrame@stdlib@media@modules@UModSys@@QEAA_NAEAUSFileInfo@libmedia@5@PEAUNameNode@IBinArchiveFrame@75@AEBU?$TString@U?$TSCoreConst@D@su@tl@UModSys@@U?$TComparerBinaryHash@D@234@@tl@5@_K@Z 0000000140005250 f   umodsys_lib_libmedia:umodsys.mod.media.stdlib.obj
 0001:0000456c       ?openr@RBinArchiveFrame@stdlib@media@modules@UModSys@@QEAA_NPEAUILibrary@libmedia@5@AEBU?$TString@U?$TSCoreConst@D@su@tl@UModSys@@U?$TComparerBinaryHash@D@234@@tl@5@PEBUSParameters@core@5@@Z 000000014000556c f   umodsys_lib_libmedia:umodsys.mod.media.stdlib.obj
 0001:000046e4       ?closew@RBinArchiveFrame@stdlib@media@modules@UModSys@@QEAA_N_N@Z 00000001400056e4 f   umodsys_lib_libmedia:umodsys.mod.media.stdlib.obj
 0001:0000488c       ??0RBinArchiveFrame@stdlib@media@modules@UModSys@@QEAA@PEAUIModObject@base@4@AEBUSParameters@core@4@U?$TFlags4State@USMediaFlagUid@libmedia@UModSys@@I@tl@4@@Z 000000014000588c f   umodsys_lib_libmedia:umodsys.mod.media.stdlib.obj
 0001:00004998       ??_ERBinArchiveFrame@stdlib@media@modules@UModSys@@UEAAPEAXI@Z 0000000140005998 f i  CIL library: CIL module
 0001:00004998       ??_GRBinArchiveFrame@stdlib@media@modules@UModSys@@UEAAPEAXI@Z 0000000140005998 f i umodsys_lib_libmedia:umodsys.mod.media.stdlib.obj
 0001:00004a90       ??1IBinArchiveFrame@libmedia@UModSys@@UEAA@XZ 0000000140005a90 f i umodsys_lib_libmedia:umodsys.mod.media.stdlib.obj
 0001:00004b08       ??_ERLibraryBinTree@stdlib@media@modules@UModSys@@UEAAPEAXI@Z 0000000140005b08 f i  CIL library: CIL module
 0001:00004b08       ??_GRLibraryBinTree@stdlib@media@modules@UModSys@@UEAAPEAXI@Z 0000000140005b08 f i umodsys_lib_libmedia:umodsys.mod.media.stdlib.obj
 0001:00004b8c       ??1IBinArchive@libmedia@UModSys@@UEAA@XZ 0000000140005b8c f i umodsys_lib_libmedia:umodsys.mod.media.stdio.obj
 0001:00004b8c       ??1ILibraryBinCache@libmedia@UModSys@@UEAA@XZ 0000000140005b8c f i umodsys_lib_libmedia:umodsys.mod.media.stdlib.obj
 0001:00004b8c       ??1ILibraryObjCache@libmedia@UModSys@@UEAA@XZ 0000000140005b8c f i umodsys_lib_libmedia:umodsys.mod.media.stdlib.obj
 0001:00004b8c       ??1ILibraryBinTree@libmedia@UModSys@@UEAA@XZ 0000000140005b8c f i umodsys_lib_libmedia:umodsys.mod.media.stdlib.obj
 0001:00004b8c       ??1ILibraryObjFilter@libmedia@UModSys@@UEAA@XZ 0000000140005b8c f i umodsys_lib_libmedia:umodsys.mod.media.stdlib.obj
 0001:00004b8c       ??1ILibraryLayered@libmedia@UModSys@@UEAA@XZ 0000000140005b8c f i umodsys_lib_libmedia:umodsys.mod.media.stdlib.obj
 0001:00004bc8       ?get_flags_auto@RLibraryBinTree@stdlib@media@modules@UModSys@@UEBA?AU?$TFlags4State@USMediaFlagUid@libmedia@UModSys@@I@tl@5@XZ 0000000140005bc8 f   umodsys_lib_libmedia:umodsys.mod.media.stdlib.obj
 0001:00004bd4       ?bin_reader@RLibraryBinTree@stdlib@media@modules@UModSys@@UEAA?AU?$TRefObject@UIStreamReader@libmedia@UModSys@@U?$TRefObjectFunc@UIStreamReader@libmedia@UModSys@@@tl@3@@tl@5@AEBU?$TString@U?$TSCoreConst@D@su@tl@UModSys@@U?$TComparerBinaryHash@D@234@@75@AEBUSFlags@libmedia@5@@Z 0000000140005bd4 f   umodsys_lib_libmedia:umodsys.mod.media.stdlib.obj
 0001:00004d34       ?bin_writer@RLibraryBinTree@stdlib@media@modules@UModSys@@UEAA?AU?$TRefObject@UIStreamWriter@libmedia@UModSys@@U?$TRefObjectFunc@UIStreamWriter@libmedia@UModSys@@@tl@3@@tl@5@AEBU?$TString@U?$TSCoreConst@D@su@tl@UModSys@@U?$TComparerBinaryHash@D@234@@75@AEBUSFlags@libmedia@5@@Z 0000000140005d34 f   umodsys_lib_libmedia:umodsys.mod.media.stdlib.obj
 0001:00004e94       ?bin_load@RLibraryBinTree@stdlib@media@modules@UModSys@@UEAA_NAEBU?$TString@U?$TSCoreConst@D@su@tl@UModSys@@U?$TComparerBinaryHash@D@234@@tl@5@AEAUSCMemShared@core@5@AEBUSFlags@libmedia@5@@Z 0000000140005e94 f   umodsys_lib_libmedia:umodsys.mod.media.stdlib.obj
 0001:00004fc0       ?bin_save@RLibraryBinTree@stdlib@media@modules@UModSys@@UEAA_NAEBU?$TString@U?$TSCoreConst@D@su@tl@UModSys@@U?$TComparerBinaryHash@D@234@@tl@5@AEBUSCMem@core@5@AEBUSFlags@libmedia@5@@Z 0000000140005fc0 f   umodsys_lib_libmedia:umodsys.mod.media.stdlib.obj
 0001:000050c8       ?bin_info@RLibraryBinTree@stdlib@media@modules@UModSys@@UEAA_NAEBU?$TString@U?$TSCoreConst@D@su@tl@UModSys@@U?$TComparerBinaryHash@D@234@@tl@5@AEAUSFileInfo@libmedia@5@AEBUSFlags@95@@Z 00000001400060c8 f   umodsys_lib_libmedia:umodsys.mod.media.stdlib.obj
 0001:000051c4       ?bin_list@RLibraryBinTree@stdlib@media@modules@UModSys@@UEAA_NAEBU?$TString@U?$TSCoreConst@D@su@tl@UModSys@@U?$TComparerBinaryHash@D@234@@tl@5@AEAU?$TIStackSocket@USFileInfo@libmedia@UModSys@@@75@AEBUSFlags@libmedia@5@@Z 00000001400061c4 f   umodsys_lib_libmedia:umodsys.mod.media.stdlib.obj
 0001:000052d0       ?mount_get@RLibraryBinTree@stdlib@media@modules@UModSys@@UEBA?AUSPoint@ILibraryBinTree@libmedia@5@AEBUSId@785@@Z 00000001400062d0 f   umodsys_lib_libmedia:umodsys.mod.media.stdlib.obj
 0001:00005334       ?mount_add@RLibraryBinTree@stdlib@media@modules@UModSys@@UEAA_NAEBUSId@ILibraryBinTree@libmedia@5@AEBUSPoint@785@@Z 0000000140006334 f   umodsys_lib_libmedia:umodsys.mod.media.stdlib.obj
 0001:0000545c       ?mount_remove@RLibraryBinTree@stdlib@media@modules@UModSys@@UEAA_NAEBUSId@ILibraryBinTree@libmedia@5@@Z 000000014000645c f   umodsys_lib_libmedia:umodsys.mod.media.stdlib.obj
 0001:00005488       ?mount_clear@RLibraryBinTree@stdlib@media@modules@UModSys@@UEAA_NXZ 0000000140006488 f   umodsys_lib_libmedia:umodsys.mod.media.stdlib.obj
 0001:000054b0       ??_ERLibraryBinCache@stdlib@media@modules@UModSys@@UEAAPEAXI@Z 00000001400064b0 f i  CIL library: CIL module
 0001:000054b0       ??_GRLibraryBinCache@stdlib@media@modules@UModSys@@UEAAPEAXI@Z 00000001400064b0 f i umodsys_lib_libmedia:umodsys.mod.media.stdlib.obj
 0001:00005534       ?get_flags_auto@RLibraryBinCache@stdlib@media@modules@UModSys@@UEBA?AU?$TFlags4State@USMediaFlagUid@libmedia@UModSys@@I@tl@5@XZ 0000000140006534 f   umodsys_lib_libmedia:umodsys.mod.media.stdlib.obj
 0001:00005540       ?bin_load@RLibraryBinCache@stdlib@media@modules@UModSys@@UEAA_NAEBU?$TString@U?$TSCoreConst@D@su@tl@UModSys@@U?$TComparerBinaryHash@D@234@@tl@5@AEAUSCMemShared@core@5@AEBUSFlags@libmedia@5@@Z 0000000140006540 f   umodsys_lib_libmedia:umodsys.mod.media.stdlib.obj
 0001:00005664       ?bin_get@RLibraryBinCache@stdlib@media@modules@UModSys@@UEAA_NAEBU?$TString@U?$TSCoreConst@D@su@tl@UModSys@@U?$TComparerBinaryHash@D@234@@tl@5@AEAUSCMemShared@core@5@_N@Z 0000000140006664 f   umodsys_lib_libmedia:umodsys.mod.media.stdlib.obj
 0001:00005664       ?obj_cget@RLibraryObjCache@stdlib@media@modules@UModSys@@UEAA_NAEBU?$TString@U?$TSCoreConst@D@su@tl@UModSys@@U?$TComparerBinaryHash@D@234@@tl@5@AEAU?$TRefObject@UIRefObject@core@UModSys@@U?$TRefObjectFunc@UIRefObject@core@UModSys@@@tl@3@@75@_N@Z 0000000140006664 f   umodsys_lib_libmedia:umodsys.mod.media.stdlib.obj
 0001:00005698       ?bin_put@RLibraryBinCache@stdlib@media@modules@UModSys@@UEAA_NAEBU?$TString@U?$TSCoreConst@D@su@tl@UModSys@@U?$TComparerBinaryHash@D@234@@tl@5@PEBUSCMemShared@core@5@@Z 0000000140006698 f   umodsys_lib_libmedia:umodsys.mod.media.stdlib.obj
 0001:000056b8       ?bincache_get@RLibraryBinCache@stdlib@media@modules@UModSys@@UEBA_NAEBU?$TString@U?$TSCoreConst@D@su@tl@UModSys@@U?$TComparerBinaryHash@D@234@@tl@5@PEAUSCMemShared@core@5@PEA_N@Z 00000001400066b8 f   umodsys_lib_libmedia:umodsys.mod.media.stdlib.obj
 0001:00005770       ?bincache_add@RLibraryBinCache@stdlib@media@modules@UModSys@@UEAA_NAEBU?$TString@U?$TSCoreConst@D@su@tl@UModSys@@U?$TComparerBinaryHash@D@234@@tl@5@@Z 0000000140006770 f   umodsys_lib_libmedia:umodsys.mod.media.stdlib.obj
 0001:00005798       ?bincache_add@RLibraryBinCache@stdlib@media@modules@UModSys@@UEAA_NAEBU?$TString@U?$TSCoreConst@D@su@tl@UModSys@@U?$TComparerBinaryHash@D@234@@tl@5@AEBUSCMemShared@core@5@@Z 0000000140006798 f   umodsys_lib_libmedia:umodsys.mod.media.stdlib.obj
 0001:000057a0       ?bincache_remove@RLibraryBinCache@stdlib@media@modules@UModSys@@UEAA_NAEBU?$TString@U?$TSCoreConst@D@su@tl@UModSys@@U?$TComparerBinaryHash@D@234@@tl@5@@Z 00000001400067a0 f   umodsys_lib_libmedia:umodsys.mod.media.stdlib.obj
 0001:000057cc       ?bincache_clear@RLibraryBinCache@stdlib@media@modules@UModSys@@UEAA_NXZ 00000001400067cc f   umodsys_lib_libmedia:umodsys.mod.media.stdlib.obj
 0001:000057f4       ?bincache_add@RLibraryBinCache@stdlib@media@modules@UModSys@@QEAA_NAEBU?$TString@U?$TSCoreConst@D@su@tl@UModSys@@U?$TComparerBinaryHash@D@234@@tl@5@AEBUSCMemShared@core@5@_N@Z 00000001400067f4 f   umodsys_lib_libmedia:umodsys.mod.media.stdlib.obj
 0001:00005900       ??0RLibraryLayered@stdlib@media@modules@UModSys@@QEAA@PEAUIModObject@base@4@AEBUSParameters@core@4@U?$TFlags4State@USMediaFlagUid@libmedia@UModSys@@I@tl@4@@Z 0000000140006900 f   umodsys_lib_libmedia:umodsys.mod.media.stdlib.obj
 0001:000059c0       ??_ERLibraryLayered@stdlib@media@modules@UModSys@@UEAAPEAXI@Z 00000001400069c0 f i  CIL library: CIL module
 0001:000059c0       ??_GRLibraryLayered@stdlib@media@modules@UModSys@@UEAAPEAXI@Z 00000001400069c0 f i umodsys_lib_libmedia:umodsys.mod.media.stdlib.obj
 0001:00005a8c       ?get_flag@RLibraryLayered@stdlib@media@modules@UModSys@@UEBA?AW4eStates@?$TFlags4State@USMediaFlagUid@libmedia@UModSys@@I@tl@5@H@Z 0000000140006a8c f   umodsys_lib_libmedia:umodsys.mod.media.stdlib.obj
 0001:00005a98       ?get_flags_auto@RLibraryLayered@stdlib@media@modules@UModSys@@UEBA?AU?$TFlags4State@USMediaFlagUid@libmedia@UModSys@@I@tl@5@XZ 0000000140006a98 f   umodsys_lib_libmedia:umodsys.mod.media.stdlib.obj
 0001:00005aa4       ?set_flag@RLibraryLayered@stdlib@media@modules@UModSys@@UEAA?AW4eStates@?$TFlags4State@USMediaFlagUid@libmedia@UModSys@@I@tl@5@HW46785@@Z 0000000140006aa4 f   umodsys_lib_libmedia:umodsys.mod.media.stdlib.obj
 0001:00005acc       ?bin_reader@RLibraryLayered@stdlib@media@modules@UModSys@@UEAA?AU?$TRefObject@UIStreamReader@libmedia@UModSys@@U?$TRefObjectFunc@UIStreamReader@libmedia@UModSys@@@tl@3@@tl@5@AEBU?$TString@U?$TSCoreConst@D@su@tl@UModSys@@U?$TComparerBinaryHash@D@234@@75@AEBUSFlags@libmedia@5@@Z 0000000140006acc f   umodsys_lib_libmedia:umodsys.mod.media.stdlib.obj
 0001:00005bb4       ?bin_writer@RLibraryLayered@stdlib@media@modules@UModSys@@UEAA?AU?$TRefObject@UIStreamWriter@libmedia@UModSys@@U?$TRefObjectFunc@UIStreamWriter@libmedia@UModSys@@@tl@3@@tl@5@AEBU?$TString@U?$TSCoreConst@D@su@tl@UModSys@@U?$TComparerBinaryHash@D@234@@75@AEBUSFlags@libmedia@5@@Z 0000000140006bb4 f   umodsys_lib_libmedia:umodsys.mod.media.stdlib.obj
 0001:00005c9c       ?bin_load@RLibraryLayered@stdlib@media@modules@UModSys@@UEAA_NAEBU?$TString@U?$TSCoreConst@D@su@tl@UModSys@@U?$TComparerBinaryHash@D@234@@tl@5@AEAUSCMemShared@core@5@AEBUSFlags@libmedia@5@@Z 0000000140006c9c f   umodsys_lib_libmedia:umodsys.mod.media.stdlib.obj
 0001:00005f44       ?bin_save@RLibraryLayered@stdlib@media@modules@UModSys@@UEAA_NAEBU?$TString@U?$TSCoreConst@D@su@tl@UModSys@@U?$TComparerBinaryHash@D@234@@tl@5@AEBUSCMem@core@5@AEBUSFlags@libmedia@5@@Z 0000000140006f44 f   umodsys_lib_libmedia:umodsys.mod.media.stdlib.obj
 0001:000061a0       ?bin_info@RLibraryLayered@stdlib@media@modules@UModSys@@UEAA_NAEBU?$TString@U?$TSCoreConst@D@su@tl@UModSys@@U?$TComparerBinaryHash@D@234@@tl@5@AEAUSFileInfo@libmedia@5@AEBUSFlags@95@@Z 00000001400071a0 f   umodsys_lib_libmedia:umodsys.mod.media.stdlib.obj
 0001:00006250       ?bin_list@RLibraryLayered@stdlib@media@modules@UModSys@@UEAA_NAEBU?$TString@U?$TSCoreConst@D@su@tl@UModSys@@U?$TComparerBinaryHash@D@234@@tl@5@AEAU?$TIStackSocket@USFileInfo@libmedia@UModSys@@@75@AEBUSFlags@libmedia@5@@Z 0000000140007250 f   umodsys_lib_libmedia:umodsys.mod.media.stdlib.obj
 0001:00006314       ?bin_get@RLibraryLayered@stdlib@media@modules@UModSys@@UEAA_NAEBU?$TString@U?$TSCoreConst@D@su@tl@UModSys@@U?$TComparerBinaryHash@D@234@@tl@5@AEAUSCMemShared@core@5@_N@Z 0000000140007314 f   umodsys_lib_libmedia:umodsys.mod.media.stdlib.obj
 0001:00006398       ?bin_put@RLibraryLayered@stdlib@media@modules@UModSys@@UEAA_NAEBU?$TString@U?$TSCoreConst@D@su@tl@UModSys@@U?$TComparerBinaryHash@D@234@@tl@5@PEBUSCMemShared@core@5@@Z 0000000140007398 f   umodsys_lib_libmedia:umodsys.mod.media.stdlib.obj
 0001:00006408       ?obj_fget@RLibraryLayered@stdlib@media@modules@UModSys@@UEAA_NAEBUSInfo@IBinObjFilter@libmedia@5@AEAU?$TRefObject@UIRefObject@core@UModSys@@U?$TRefObjectFunc@UIRefObject@core@UModSys@@@tl@3@@tl@5@@Z 0000000140007408 f   umodsys_lib_libmedia:umodsys.mod.media.stdlib.obj
 0001:00006478       ?obj_fload@RLibraryLayered@stdlib@media@modules@UModSys@@UEAA_NAEBUSInfo@IBinObjFilter@libmedia@5@PEAUIRefObject@core@5@@Z 0000000140007478 f   umodsys_lib_libmedia:umodsys.mod.media.stdlib.obj
 0001:000064e8       ?obj_fsave@RLibraryLayered@stdlib@media@modules@UModSys@@UEAA_NAEAUSInfo@IBinObjFilter@libmedia@5@PEBUIRefObject@core@5@@Z 00000001400074e8 f   umodsys_lib_libmedia:umodsys.mod.media.stdlib.obj
 0001:00006558       ?obj_cget@RLibraryLayered@stdlib@media@modules@UModSys@@UEAA_NAEBU?$TString@U?$TSCoreConst@D@su@tl@UModSys@@U?$TComparerBinaryHash@D@234@@tl@5@AEAU?$TRefObject@UIRefObject@core@UModSys@@U?$TRefObjectFunc@UIRefObject@core@UModSys@@@tl@3@@75@_N@Z 0000000140007558 f   umodsys_lib_libmedia:umodsys.mod.media.stdlib.obj
 0001:000065dc       ?obj_cput@RLibraryLayered@stdlib@media@modules@UModSys@@UEAA_NAEBU?$TString@U?$TSCoreConst@D@su@tl@UModSys@@U?$TComparerBinaryHash@D@234@@tl@5@PEAUIRefObject@core@5@@Z 00000001400075dc f   umodsys_lib_libmedia:umodsys.mod.media.stdlib.obj
 0001:0000664c       ?obj_get@RLibraryLayered@stdlib@media@modules@UModSys@@UEAA_NAEBU?$TString@U?$TSCoreConst@D@su@tl@UModSys@@U?$TComparerBinaryHash@D@234@@tl@5@AEAU?$TRefObject@UIRefObject@core@UModSys@@U?$TRefObjectFunc@UIRefObject@core@UModSys@@@tl@3@@75@AEBUSObjOptions@ILibrary@libmedia@5@@Z 000000014000764c f   umodsys_lib_libmedia:umodsys.mod.media.stdlib.obj
 0001:00006aa0       ?obj_load@RLibraryLayered@stdlib@media@modules@UModSys@@UEAA_NAEBU?$TString@U?$TSCoreConst@D@su@tl@UModSys@@U?$TComparerBinaryHash@D@234@@tl@5@PEAUIRefObject@core@5@AEBUSObjOptions@ILibrary@libmedia@5@@Z 0000000140007aa0 f   umodsys_lib_libmedia:umodsys.mod.media.stdlib.obj
 0001:00006c78       ?obj_save@RLibraryLayered@stdlib@media@modules@UModSys@@UEAA_NAEBU?$TString@U?$TSCoreConst@D@su@tl@UModSys@@U?$TComparerBinaryHash@D@234@@tl@5@PEBUIRefObject@core@5@AEBUSObjOptions@ILibrary@libmedia@5@@Z 0000000140007c78 f   umodsys_lib_libmedia:umodsys.mod.media.stdlib.obj
 0001:00006ec4       ?layer_get@RLibraryLayered@stdlib@media@modules@UModSys@@UEBA?AUSLayer@ILibraryLayered@libmedia@5@_K@Z 0000000140007ec4 f   umodsys_lib_libmedia:umodsys.mod.media.stdlib.obj
 0001:00006f2c       ?layer_find@RLibraryLayered@stdlib@media@modules@UModSys@@UEBA_KAEBU?$TString@U?$TSCoreConst@D@su@tl@UModSys@@U?$TComparerBinaryHash@D@234@@tl@5@_K@Z 0000000140007f2c f   umodsys_lib_libmedia:umodsys.mod.media.stdlib.obj
 0001:00006fc8       ?layer_insert@RLibraryLayered@stdlib@media@modules@UModSys@@UEAA_NAEBUSLayer@ILibraryLayered@libmedia@5@_K@Z 0000000140007fc8 f   umodsys_lib_libmedia:umodsys.mod.media.stdlib.obj
 0001:000071ec       ?layer_remove@RLibraryLayered@stdlib@media@modules@UModSys@@UEAA_N_K@Z 00000001400081ec f   umodsys_lib_libmedia:umodsys.mod.media.stdlib.obj
 0001:0000731c       ?layer_clear@RLibraryLayered@stdlib@media@modules@UModSys@@UEAA_NXZ 000000014000831c f   umodsys_lib_libmedia:umodsys.mod.media.stdlib.obj
 0001:00007328       ??_ERLibraryObjCache@stdlib@media@modules@UModSys@@UEAAPEAXI@Z 0000000140008328 f i  CIL library: CIL module
 0001:00007328       ??_GRLibraryObjCache@stdlib@media@modules@UModSys@@UEAAPEAXI@Z 0000000140008328 f i umodsys_lib_libmedia:umodsys.mod.media.stdlib.obj
 0001:000073ac       ?get_flag@RLibraryBinCache@stdlib@media@modules@UModSys@@UEBA?AW4eStates@?$TFlags4State@USMediaFlagUid@libmedia@UModSys@@I@tl@5@H@Z 00000001400083ac f   umodsys_lib_libmedia:umodsys.mod.media.stdlib.obj
 0001:000073ac       ?get_flag@RLibraryObjFilter@stdlib@media@modules@UModSys@@UEBA?AW4eStates@?$TFlags4State@USMediaFlagUid@libmedia@UModSys@@I@tl@5@H@Z 00000001400083ac f   umodsys_lib_libmedia:umodsys.mod.media.stdlib.obj
 0001:000073ac       ?get_flag@RLibraryObjCache@stdlib@media@modules@UModSys@@UEBA?AW4eStates@?$TFlags4State@USMediaFlagUid@libmedia@UModSys@@I@tl@5@H@Z 00000001400083ac f   umodsys_lib_libmedia:umodsys.mod.media.stdlib.obj
 0001:000073ac       ?get_flag@RLibraryBinTree@stdlib@media@modules@UModSys@@UEBA?AW4eStates@?$TFlags4State@USMediaFlagUid@libmedia@UModSys@@I@tl@5@H@Z 00000001400083ac f   umodsys_lib_libmedia:umodsys.mod.media.stdlib.obj
 0001:000073b8       ?get_flags_auto@RLibraryObjCache@stdlib@media@modules@UModSys@@UEBA?AU?$TFlags4State@USMediaFlagUid@libmedia@UModSys@@I@tl@5@XZ 00000001400083b8 f   umodsys_lib_libmedia:umodsys.mod.media.stdlib.obj
 0001:000073c4       ?obj_cput@RLibraryObjCache@stdlib@media@modules@UModSys@@UEAA_NAEBU?$TString@U?$TSCoreConst@D@su@tl@UModSys@@U?$TComparerBinaryHash@D@234@@tl@5@PEAUIRefObject@core@5@@Z 00000001400083c4 f   umodsys_lib_libmedia:umodsys.mod.media.stdlib.obj
 0001:000073d0       ?obj_get@RLibraryObjCache@stdlib@media@modules@UModSys@@UEAA_NAEBU?$TString@U?$TSCoreConst@D@su@tl@UModSys@@U?$TComparerBinaryHash@D@234@@tl@5@AEAU?$TRefObject@UIRefObject@core@UModSys@@U?$TRefObjectFunc@UIRefObject@core@UModSys@@@tl@3@@75@AEBUSObjOptions@ILibrary@libmedia@5@@Z 00000001400083d0 f   umodsys_lib_libmedia:umodsys.mod.media.stdlib.obj
 0001:0000753c       ?objcache_get@RLibraryObjCache@stdlib@media@modules@UModSys@@UEBA_NAEBU?$TString@U?$TSCoreConst@D@su@tl@UModSys@@U?$TComparerBinaryHash@D@234@@tl@5@PEAU?$TRefObject@UIRefObject@core@UModSys@@U?$TRefObjectFunc@UIRefObject@core@UModSys@@@tl@3@@75@PEA_N@Z 000000014000853c f   umodsys_lib_libmedia:umodsys.mod.media.stdlib.obj
 0001:000075dc       ?objcache_add@RLibraryObjCache@stdlib@media@modules@UModSys@@UEAA_NAEBU?$TString@U?$TSCoreConst@D@su@tl@UModSys@@U?$TComparerBinaryHash@D@234@@tl@5@PEAUIRefObject@core@5@@Z 00000001400085dc f   umodsys_lib_libmedia:umodsys.mod.media.stdlib.obj
 0001:000076d0       ?objcache_remove@RLibraryObjCache@stdlib@media@modules@UModSys@@UEAA_NAEBU?$TString@U?$TSCoreConst@D@su@tl@UModSys@@U?$TComparerBinaryHash@D@234@@tl@5@@Z 00000001400086d0 f   umodsys_lib_libmedia:umodsys.mod.media.stdlib.obj
 0001:000076fc       ?objcache_clear@RLibraryObjCache@stdlib@media@modules@UModSys@@UEAA_NXZ 00000001400086fc f   umodsys_lib_libmedia:umodsys.mod.media.stdlib.obj
 0001:00007724       ??_ERLibraryObjFilter@stdlib@media@modules@UModSys@@UEAAPEAXI@Z 0000000140008724 f i  CIL library: CIL module
 0001:00007724       ??_GRLibraryObjFilter@stdlib@media@modules@UModSys@@UEAAPEAXI@Z 0000000140008724 f i umodsys_lib_libmedia:umodsys.mod.media.stdlib.obj
 0001:000077f4       ?get_flags_auto@RLibraryObjFilter@stdlib@media@modules@UModSys@@UEBA?AU?$TFlags4State@USMediaFlagUid@libmedia@UModSys@@I@tl@5@XZ 00000001400087f4 f   umodsys_lib_libmedia:umodsys.mod.media.stdlib.obj
 0001:00007800       ?set_flag@RLibraryObjFilter@stdlib@media@modules@UModSys@@UEAA?AW4eStates@?$TFlags4State@USMediaFlagUid@libmedia@UModSys@@I@tl@5@HW46785@@Z 0000000140008800 f   umodsys_lib_libmedia:umodsys.mod.media.stdlib.obj
 0001:00007800       ?set_flag@RLibraryBinCache@stdlib@media@modules@UModSys@@UEAA?AW4eStates@?$TFlags4State@USMediaFlagUid@libmedia@UModSys@@I@tl@5@HW46785@@Z 0000000140008800 f   umodsys_lib_libmedia:umodsys.mod.media.stdlib.obj
 0001:00007800       ?set_flag@RLibraryObjCache@stdlib@media@modules@UModSys@@UEAA?AW4eStates@?$TFlags4State@USMediaFlagUid@libmedia@UModSys@@I@tl@5@HW46785@@Z 0000000140008800 f   umodsys_lib_libmedia:umodsys.mod.media.stdlib.obj
 0001:00007800       ?set_flag@RLibraryBinTree@stdlib@media@modules@UModSys@@UEAA?AW4eStates@?$TFlags4State@USMediaFlagUid@libmedia@UModSys@@I@tl@5@HW46785@@Z 0000000140008800 f   umodsys_lib_libmedia:umodsys.mod.media.stdlib.obj
[...]
 0001:00014290       ??__E?s_id@?$TObjectUniqueID@UIRoot@core@UModSys@@@tl@UModSys@@2USUniquePointer@core@3@A@@YAXXZ 0000000140015290 f    CIL library: CIL module
 0001:000142c4       ??__E?s_id@?$TObjectUniqueID@UIRefObject@core@UModSys@@@tl@UModSys@@2USUniquePointer@core@3@A@@YAXXZ 00000001400152c4 f    CIL library: CIL module
 0001:000142f8       ??__E?s_id@?$TObjectUniqueID@UIParameters@core@UModSys@@@tl@UModSys@@2USUniquePointer@core@3@A@@YAXXZ 00000001400152f8 f    CIL library: CIL module
 0001:0001432c       ??__E?s_id@?$TObjectUniqueID@UIConsole@base@UModSys@@@tl@UModSys@@2USUniquePointer@core@3@A@@YAXXZ 000000014001532c f    CIL library: CIL module
 0001:00014360       ??__E?s_id@?$TObjectUniqueID@UIModule@base@UModSys@@@tl@UModSys@@2USUniquePointer@core@3@A@@YAXXZ 0000000140015360 f    CIL library: CIL module
 0001:00014394       ??__E?s_id@?$TObjectUniqueID@UIModuleLibrary@base@UModSys@@@tl@UModSys@@2USUniquePointer@core@3@A@@YAXXZ 0000000140015394 f    CIL library: CIL module
 0001:000143c8       ??__E?s_id@?$TObjectUniqueID@UIModObject@base@UModSys@@@tl@UModSys@@2USUniquePointer@core@3@A@@YAXXZ 00000001400153c8 f    CIL library: CIL module
 0001:000143fc       ??__E?s_id@?$TObjectUniqueID@UIGenerator@base@UModSys@@@tl@UModSys@@2USUniquePointer@core@3@A@@YAXXZ 00000001400153fc f    CIL library: CIL module
 0001:00014430       ??__E?s_id@?$TObjectUniqueID@UIShell@base@UModSys@@@tl@UModSys@@2USUniquePointer@core@3@A@@YAXXZ 0000000140015430 f    CIL library: CIL module
 0001:00014464       ??__E?s_id@?$TObjectUniqueID@UISystem@base@UModSys@@@tl@UModSys@@2USUniquePointer@core@3@A@@YAXXZ 0000000140015464 f    CIL library: CIL module
 0001:00014498       ??__E?s_id@?$TObjectUniqueID@URModule@rsystem@base@UModSys@@@tl@UModSys@@2USUniquePointer@core@3@A@@YAXXZ 0000000140015498 f    CIL library: CIL module
 0001:000144cc       ??__E?s_id@?$TObjectUniqueID@UIModuleLibraryUni@rsystem@base@UModSys@@@tl@UModSys@@2USUniquePointer@core@3@A@@YAXXZ 00000001400154cc f    CIL library: CIL module
 0001:00014500       ??__E?s_id@?$TObjectUniqueID@URModuleLibrarySO@rsystem@base@UModSys@@@tl@UModSys@@2USUniquePointer@core@3@A@@YAXXZ 0000000140015500 f    CIL library: CIL module
 0001:00014534       ??__E?s_id@?$TObjectUniqueID@URModuleLibraryThis@rsystem@base@UModSys@@@tl@UModSys@@2USUniquePointer@core@3@A@@YAXXZ 0000000140015534 f    CIL library: CIL module
 0001:00014568       ??__E?s_id@?$TObjectUniqueID@URParameters@rsystem@base@UModSys@@@tl@UModSys@@2USUniquePointer@core@3@A@@YAXXZ 0000000140015568 f    CIL library: CIL module
 0001:0001459c       ??__E?s_id@?$TObjectUniqueID@URSystem@rsystem@base@UModSys@@@tl@UModSys@@2USUniquePointer@core@3@A@@YAXXZ 000000014001559c f    CIL library: CIL module
 0001:000145d0       ??__E?s_id@?$TObjectUniqueID@URConsole_std@rsystem@base@UModSys@@@tl@UModSys@@2USUniquePointer@core@3@A@@YAXXZ 00000001400155d0 f    CIL library: CIL module
 0001:00014604       ??__Es_dbg@stdio@media@modules@UModSys@@YAXXZ 0000000140015604 f    CIL library: CIL module
 0001:00014610       ??__E?s_modreg@RModuleReg@stdio@media@modules@UModSys@@2U12345@A@@YAXXZ 0000000140015610 f    CIL library: CIL module
 0001:00014678       ??__E?s_modreg_chain@RModuleReg@stdio@media@modules@UModSys@@2USModuleRegChain@base@5@A@@YAXXZ 0000000140015678 f    CIL library: CIL module
 0001:000146b8       ??__E?s_uid@RGenerator@stdio@media@modules@UModSys@@2USUniquePointer@core@5@A@@YAXXZ 00000001400156b8 f    CIL library: CIL module
 0001:000146ec       ??__E?s_id@?$TObjectUniqueID@UIStreamReader@libmedia@UModSys@@@tl@UModSys@@2USUniquePointer@core@3@A@@YAXXZ 00000001400156ec f    CIL library: CIL module
 0001:00014720       ??__E?s_id@?$TObjectUniqueID@UIStreamWriter@libmedia@UModSys@@@tl@UModSys@@2USUniquePointer@core@3@A@@YAXXZ 0000000140015720 f    CIL library: CIL module
 0001:00014754       ??__E?s_id@?$TObjectUniqueID@UIUtilities@libmedia@UModSys@@@tl@UModSys@@2USUniquePointer@core@3@A@@YAXXZ 0000000140015754 f    CIL library: CIL module
 0001:00014788       ??__E?s_id@?$TObjectUniqueID@UILibObject@libmedia@UModSys@@@tl@UModSys@@2USUniquePointer@core@3@A@@YAXXZ 0000000140015788 f    CIL library: CIL module
 0001:000147bc       ??__E?s_id@?$TObjectUniqueID@UIBinArchive@libmedia@UModSys@@@tl@UModSys@@2USUniquePointer@core@3@A@@YAXXZ 00000001400157bc f    CIL library: CIL module
 0001:000147f0       ??__E?s_id@?$TObjectUniqueID@UIBinObjFilter@libmedia@UModSys@@@tl@UModSys@@2USUniquePointer@core@3@A@@YAXXZ 00000001400157f0 f    CIL library: CIL module
 0001:00014824       ??__E?s_id@?$TObjectUniqueID@UILibrary@libmedia@UModSys@@@tl@UModSys@@2USUniquePointer@core@3@A@@YAXXZ 0000000140015824 f    CIL library: CIL module
 0001:00014858       ??__E?s_id@?$TObjectUniqueID@URStreamReader_FILE@stdio@media@modules@UModSys@@@tl@UModSys@@2USUniquePointer@core@3@A@@YAXXZ 0000000140015858 f    CIL library: CIL module
 0001:0001488c       ??__E?s_id@?$TObjectUniqueID@URStreamWriter_FILE@stdio@media@modules@UModSys@@@tl@UModSys@@2USUniquePointer@core@3@A@@YAXXZ 000000014001588c f    CIL library: CIL module
 0001:000148c0       ??__E?s_id@?$TObjectUniqueID@URDataArchiver_OsDir@stdio@media@modules@UModSys@@@tl@UModSys@@2USUniquePointer@core@3@A@@YAXXZ 00000001400158c0 f    CIL library: CIL module
 0001:000148f4       ??__E?s_id@?$TObjectUniqueID@URGenerator@stdio@media@modules@UModSys@@@tl@UModSys@@2USUniquePointer@core@3@A@@YAXXZ 00000001400158f4 f    CIL library: CIL module
 0001:00014928       ??__Es_dbg@stdlib@media@modules@UModSys@@YAXXZ 0000000140015928 f    CIL library: CIL module
 0001:00014934       ??__E?s_modreg@RModuleReg@stdlib@media@modules@UModSys@@2U12345@A@@YAXXZ 0000000140015934 f    CIL library: CIL module
 0001:0001499c       ??__E?s_modreg_chain@RModuleReg@stdlib@media@modules@UModSys@@2USModuleRegChain@base@5@A@@YAXXZ 000000014001599c f    CIL library: CIL module
 0001:000149dc       ??__E?s_uid@RGenerator@stdlib@media@modules@UModSys@@2USUniquePointer@core@5@A@@YAXXZ 00000001400159dc f    CIL library: CIL module
 0001:00014a10       ??__E?s_id@?$TObjectUniqueID@UILibraryBinTree@libmedia@UModSys@@@tl@UModSys@@2USUniquePointer@core@3@A@@YAXXZ 0000000140015a10 f    CIL library: CIL module
 0001:00014a44       ??__E?s_id@?$TObjectUniqueID@UILibraryBinCache@libmedia@UModSys@@@tl@UModSys@@2USUniquePointer@core@3@A@@YAXXZ 0000000140015a44 f    CIL library: CIL module
 0001:00014a78       ??__E?s_id@?$TObjectUniqueID@UILibraryObjFilter@libmedia@UModSys@@@tl@UModSys@@2USUniquePointer@core@3@A@@YAXXZ 0000000140015a78 f    CIL library: CIL module
 0001:00014aac       ??__E?s_id@?$TObjectUniqueID@UILibraryObjCache@libmedia@UModSys@@@tl@UModSys@@2USUniquePointer@core@3@A@@YAXXZ 0000000140015aac f    CIL library: CIL module
 0001:00014ae0       ??__E?s_id@?$TObjectUniqueID@UILibraryLayered@libmedia@UModSys@@@tl@UModSys@@2USUniquePointer@core@3@A@@YAXXZ 0000000140015ae0 f    CIL library: CIL module
 0001:00014b14       ??__E?s_id@?$TObjectUniqueID@UIBinArchiveFrame@libmedia@UModSys@@@tl@UModSys@@2USUniquePointer@core@3@A@@YAXXZ 0000000140015b14 f    CIL library: CIL module
 0001:00014b48       ??__E?s_id@?$TObjectUniqueID@UIClient@IBinArchiveFrame@libmedia@UModSys@@@tl@UModSys@@2USUniquePointer@core@3@A@@YAXXZ 0000000140015b48 f    CIL library: CIL module
 0001:00014b7c       ??__E?s_id@?$TObjectUniqueID@URUtilities@stdlib@media@modules@UModSys@@@tl@UModSys@@2USUniquePointer@core@3@A@@YAXXZ 0000000140015b7c f    CIL library: CIL module
 0001:00014bb0       ??__E?s_id@?$TObjectUniqueID@URBinArchiveFrame@stdlib@media@modules@UModSys@@@tl@UModSys@@2USUniquePointer@core@3@A@@YAXXZ 0000000140015bb0 f    CIL library: CIL module
 0001:00014be4       ??__E?s_id@?$TObjectUniqueID@URLibraryBinTree@stdlib@media@modules@UModSys@@@tl@UModSys@@2USUniquePointer@core@3@A@@YAXXZ 0000000140015be4 f    CIL library: CIL module
 0001:00014c18       ??__E?s_id@?$TObjectUniqueID@URLibraryBinCache@stdlib@media@modules@UModSys@@@tl@UModSys@@2USUniquePointer@core@3@A@@YAXXZ 0000000140015c18 f    CIL library: CIL module
 0001:00014c4c       ??__E?s_id@?$TObjectUniqueID@URLibraryLayered@stdlib@media@modules@UModSys@@@tl@UModSys@@2USUniquePointer@core@3@A@@YAXXZ 0000000140015c4c f    CIL library: CIL module
 0001:00014c80       ??__E?s_id@?$TObjectUniqueID@URLibraryObjCache@stdlib@media@modules@UModSys@@@tl@UModSys@@2USUniquePointer@core@3@A@@YAXXZ 0000000140015c80 f    CIL library: CIL module
 0001:00014cb4       ??__E?s_id@?$TObjectUniqueID@URLibraryObjFilter@stdlib@media@modules@UModSys@@@tl@UModSys@@2USUniquePointer@core@3@A@@YAXXZ 0000000140015cb4 f    CIL library: CIL module
 0001:00014ce8       ??__E?s_id@?$TObjectUniqueID@URGenerator@stdlib@media@modules@UModSys@@@tl@UModSys@@2USUniquePointer@core@3@A@@YAXXZ 0000000140015ce8 f    CIL library: CIL module
 0001:00014d1c       ??__E?s_console@RConsole_std@rsystem@base@UModSys@@2U1234@A@@YAXXZ 0000000140015d1c f    CIL library: CIL module
 0001:00014d28       ??__E?s_sys@RSystem@rsystem@base@UModSys@@2U1234@A@@YAXXZ 0000000140015d28 f    CIL library: CIL module
 0001:00014d34       ??__Ersys_dbg@rsystem@base@UModSys@@YAXXZ 0000000140015d34 f    CIL library: CIL module
 0001:00014d40       ??__EM@UModSys@@YAXXZ      0000000140015d40 f    CIL library: CIL module
 0001:00014d4c       ??__E?root@SModuleRegChain@base@UModSys@@2U123@A@@YAXXZ 0000000140015d4c f    CIL library: CIL module
 0001:00014d58       ??__E?s_library@RModuleLibraryReg_Chain@base@UModSys@@2U123@A@@YAXXZ 0000000140015d58 f    CIL library: CIL module
 0001:00014d64       ??__E?root@SUniquePointer@core@UModSys@@2U123@A@@YAXXZ 0000000140015d64 f    CIL library: CIL module
 0001:00014d70       ??__F?s_id@?$TObjectUniqueID@URConsole_std@rsystem@base@UModSys@@@tl@UModSys@@2USUniquePointer@core@3@A@@YAXXZ 0000000140015d70 f    CIL library: CIL module
 0001:00014d7c       ??__F?s_id@?$TObjectUniqueID@URSystem@rsystem@base@UModSys@@@tl@UModSys@@2USUniquePointer@core@3@A@@YAXXZ 0000000140015d7c f    CIL library: CIL module
 0001:00014d88       ??__F?s_id@?$TObjectUniqueID@URParameters@rsystem@base@UModSys@@@tl@UModSys@@2USUniquePointer@core@3@A@@YAXXZ 0000000140015d88 f    CIL library: CIL module
 0001:00014d94       ??__F?s_id@?$TObjectUniqueID@URModuleLibraryThis@rsystem@base@UModSys@@@tl@UModSys@@2USUniquePointer@core@3@A@@YAXXZ 0000000140015d94 f    CIL library: CIL module
 0001:00014da0       ??__F?s_id@?$TObjectUniqueID@URModuleLibrarySO@rsystem@base@UModSys@@@tl@UModSys@@2USUniquePointer@core@3@A@@YAXXZ 0000000140015da0 f    CIL library: CIL module
 0001:00014dac       ??__F?s_id@?$TObjectUniqueID@UIModuleLibraryUni@rsystem@base@UModSys@@@tl@UModSys@@2USUniquePointer@core@3@A@@YAXXZ 0000000140015dac f    CIL library: CIL module
 0001:00014db8       ??__F?s_id@?$TObjectUniqueID@URModule@rsystem@base@UModSys@@@tl@UModSys@@2USUniquePointer@core@3@A@@YAXXZ 0000000140015db8 f    CIL library: CIL module
 0001:00014dc4       ??__F?s_id@?$TObjectUniqueID@UISystem@base@UModSys@@@tl@UModSys@@2USUniquePointer@core@3@A@@YAXXZ 0000000140015dc4 f    CIL library: CIL module
 0001:00014dd0       ??__F?s_id@?$TObjectUniqueID@UIShell@base@UModSys@@@tl@UModSys@@2USUniquePointer@core@3@A@@YAXXZ 0000000140015dd0 f    CIL library: CIL module
 0001:00014ddc       ??__F?s_id@?$TObjectUniqueID@UIGenerator@base@UModSys@@@tl@UModSys@@2USUniquePointer@core@3@A@@YAXXZ 0000000140015ddc f    CIL library: CIL module
 0001:00014de8       ??__F?s_id@?$TObjectUniqueID@UIModObject@base@UModSys@@@tl@UModSys@@2USUniquePointer@core@3@A@@YAXXZ 0000000140015de8 f    CIL library: CIL module
 0001:00014df4       ??__F?s_id@?$TObjectUniqueID@UIModuleLibrary@base@UModSys@@@tl@UModSys@@2USUniquePointer@core@3@A@@YAXXZ 0000000140015df4 f    CIL library: CIL module
 0001:00014e00       ??__F?s_id@?$TObjectUniqueID@UIModule@base@UModSys@@@tl@UModSys@@2USUniquePointer@core@3@A@@YAXXZ 0000000140015e00 f    CIL library: CIL module
 0001:00014e0c       ??__F?s_id@?$TObjectUniqueID@UIConsole@base@UModSys@@@tl@UModSys@@2USUniquePointer@core@3@A@@YAXXZ 0000000140015e0c f    CIL library: CIL module
 0001:00014e18       ??__F?s_id@?$TObjectUniqueID@UIParameters@core@UModSys@@@tl@UModSys@@2USUniquePointer@core@3@A@@YAXXZ 0000000140015e18 f    CIL library: CIL module
 0001:00014e24       ??__F?s_id@?$TObjectUniqueID@UIRefObject@core@UModSys@@@tl@UModSys@@2USUniquePointer@core@3@A@@YAXXZ 0000000140015e24 f    CIL library: CIL module
 0001:00014e30       ??__F?s_id@?$TObjectUniqueID@UIRoot@core@UModSys@@@tl@UModSys@@2USUniquePointer@core@3@A@@YAXXZ 0000000140015e30 f    CIL library: CIL module
 0001:00014e3c       ??__Fs_dbg@stdio@media@modules@UModSys@@YAXXZ 0000000140015e3c f    CIL library: CIL module
 0001:00014e60       ??__F?s_modreg@RModuleReg@stdio@media@modules@UModSys@@2U12345@A@@YAXXZ 0000000140015e60 f    CIL library: CIL module
 0001:00014e70       ??__F?s_modreg_chain@RModuleReg@stdio@media@modules@UModSys@@2USModuleRegChain@base@5@A@@YAXXZ 0000000140015e70 f    CIL library: CIL module
 0001:00014eb0       ??__F?s_uid@RGenerator@stdio@media@modules@UModSys@@2USUniquePointer@core@5@A@@YAXXZ 0000000140015eb0 f    CIL library: CIL module
 0001:00014ebc       ??__Fh@?1??s_holder@RGenerator@stdio@media@modules@UModSys@@SAAEAU?$TTypeStaticHolder@URGenerator@stdio@media@modules@UModSys@@@tl@5@XZ@YAXXZ 0000000140015ebc f    CIL library: CIL module
 0001:00014ee4       ??__F?s_id@?$TObjectUniqueID@URGenerator@stdio@media@modules@UModSys@@@tl@UModSys@@2USUniquePointer@core@3@A@@YAXXZ 0000000140015ee4 f    CIL library: CIL module
 0001:00014ef0       ??__F?s_id@?$TObjectUniqueID@URDataArchiver_OsDir@stdio@media@modules@UModSys@@@tl@UModSys@@2USUniquePointer@core@3@A@@YAXXZ 0000000140015ef0 f    CIL library: CIL module
 0001:00014efc       ??__F?s_id@?$TObjectUniqueID@URStreamWriter_FILE@stdio@media@modules@UModSys@@@tl@UModSys@@2USUniquePointer@core@3@A@@YAXXZ 0000000140015efc f    CIL library: CIL module
 0001:00014f08       ??__F?s_id@?$TObjectUniqueID@URStreamReader_FILE@stdio@media@modules@UModSys@@@tl@UModSys@@2USUniquePointer@core@3@A@@YAXXZ 0000000140015f08 f    CIL library: CIL module
 0001:00014f14       ??__F?s_id@?$TObjectUniqueID@UILibrary@libmedia@UModSys@@@tl@UModSys@@2USUniquePointer@core@3@A@@YAXXZ 0000000140015f14 f    CIL library: CIL module
 0001:00014f20       ??__F?s_id@?$TObjectUniqueID@UIBinObjFilter@libmedia@UModSys@@@tl@UModSys@@2USUniquePointer@core@3@A@@YAXXZ 0000000140015f20 f    CIL library: CIL module
 0001:00014f2c       ??__F?s_id@?$TObjectUniqueID@UIBinArchive@libmedia@UModSys@@@tl@UModSys@@2USUniquePointer@core@3@A@@YAXXZ 0000000140015f2c f    CIL library: CIL module
 0001:00014f38       ??__F?s_id@?$TObjectUniqueID@UILibObject@libmedia@UModSys@@@tl@UModSys@@2USUniquePointer@core@3@A@@YAXXZ 0000000140015f38 f    CIL library: CIL module
 0001:00014f44       ??__F?s_id@?$TObjectUniqueID@UIUtilities@libmedia@UModSys@@@tl@UModSys@@2USUniquePointer@core@3@A@@YAXXZ 0000000140015f44 f    CIL library: CIL module
 0001:00014f50       ??__F?s_id@?$TObjectUniqueID@UIStreamWriter@libmedia@UModSys@@@tl@UModSys@@2USUniquePointer@core@3@A@@YAXXZ 0000000140015f50 f    CIL library: CIL module
 0001:00014f5c       ??__F?s_id@?$TObjectUniqueID@UIStreamReader@libmedia@UModSys@@@tl@UModSys@@2USUniquePointer@core@3@A@@YAXXZ 0000000140015f5c f    CIL library: CIL module
 0001:00014f68       ??__Fs_dbg@stdlib@media@modules@UModSys@@YAXXZ 0000000140015f68 f    CIL library: CIL module
 0001:00014f8c       ??__F?s_modreg@RModuleReg@stdlib@media@modules@UModSys@@2U12345@A@@YAXXZ 0000000140015f8c f    CIL library: CIL module
 0001:00014f9c       ??__F?s_modreg_chain@RModuleReg@stdlib@media@modules@UModSys@@2USModuleRegChain@base@5@A@@YAXXZ 0000000140015f9c f    CIL library: CIL module
 0001:00014fdc       ??__F?s_uid@RGenerator@stdlib@media@modules@UModSys@@2USUniquePointer@core@5@A@@YAXXZ 0000000140015fdc f    CIL library: CIL module
 0001:00014fe8       ??__Fh@?1??s_holder@RGenerator@stdlib@media@modules@UModSys@@SAAEAU?$TTypeStaticHolder@URGenerator@stdlib@media@modules@UModSys@@@tl@5@XZ@YAXXZ 0000000140015fe8 f    CIL library: CIL module
 0001:00015010       ??__F?s_id@?$TObjectUniqueID@URGenerator@stdlib@media@modules@UModSys@@@tl@UModSys@@2USUniquePointer@core@3@A@@YAXXZ 0000000140016010 f    CIL library: CIL module
 0001:0001501c       ??__F?s_id@?$TObjectUniqueID@URLibraryObjFilter@stdlib@media@modules@UModSys@@@tl@UModSys@@2USUniquePointer@core@3@A@@YAXXZ 000000014001601c f    CIL library: CIL module
 0001:00015028       ??__F?s_id@?$TObjectUniqueID@URLibraryObjCache@stdlib@media@modules@UModSys@@@tl@UModSys@@2USUniquePointer@core@3@A@@YAXXZ 0000000140016028 f    CIL library: CIL module
 0001:00015034       ??__F?s_id@?$TObjectUniqueID@URLibraryLayered@stdlib@media@modules@UModSys@@@tl@UModSys@@2USUniquePointer@core@3@A@@YAXXZ 0000000140016034 f    CIL library: CIL module
 0001:00015040       ??__F?s_id@?$TObjectUniqueID@URLibraryBinCache@stdlib@media@modules@UModSys@@@tl@UModSys@@2USUniquePointer@core@3@A@@YAXXZ 0000000140016040 f    CIL library: CIL module
 0001:0001504c       ??__F?s_id@?$TObjectUniqueID@URLibraryBinTree@stdlib@media@modules@UModSys@@@tl@UModSys@@2USUniquePointer@core@3@A@@YAXXZ 000000014001604c f    CIL library: CIL module
 0001:00015058       ??__F?s_id@?$TObjectUniqueID@URBinArchiveFrame@stdlib@media@modules@UModSys@@@tl@UModSys@@2USUniquePointer@core@3@A@@YAXXZ 0000000140016058 f    CIL library: CIL module
 0001:00015064       ??__F?s_id@?$TObjectUniqueID@URUtilities@stdlib@media@modules@UModSys@@@tl@UModSys@@2USUniquePointer@core@3@A@@YAXXZ 0000000140016064 f    CIL library: CIL module
 0001:00015070       ??__F?s_id@?$TObjectUniqueID@UIClient@IBinArchiveFrame@libmedia@UModSys@@@tl@UModSys@@2USUniquePointer@core@3@A@@YAXXZ 0000000140016070 f    CIL library: CIL module
 0001:0001507c       ??__F?s_id@?$TObjectUniqueID@UIBinArchiveFrame@libmedia@UModSys@@@tl@UModSys@@2USUniquePointer@core@3@A@@YAXXZ 000000014001607c f    CIL library: CIL module
 0001:00015088       ??__F?s_id@?$TObjectUniqueID@UILibraryLayered@libmedia@UModSys@@@tl@UModSys@@2USUniquePointer@core@3@A@@YAXXZ 0000000140016088 f    CIL library: CIL module
 0001:00015094       ??__F?s_id@?$TObjectUniqueID@UILibraryObjCache@libmedia@UModSys@@@tl@UModSys@@2USUniquePointer@core@3@A@@YAXXZ 0000000140016094 f    CIL library: CIL module
 0001:000150a0       ??__F?s_id@?$TObjectUniqueID@UILibraryObjFilter@libmedia@UModSys@@@tl@UModSys@@2USUniquePointer@core@3@A@@YAXXZ 00000001400160a0 f    CIL library: CIL module
 0001:000150ac       ??__F?s_id@?$TObjectUniqueID@UILibraryBinCache@libmedia@UModSys@@@tl@UModSys@@2USUniquePointer@core@3@A@@YAXXZ 00000001400160ac f    CIL library: CIL module
 0001:000150b8       ??__F?s_id@?$TObjectUniqueID@UILibraryBinTree@libmedia@UModSys@@@tl@UModSys@@2USUniquePointer@core@3@A@@YAXXZ 00000001400160b8 f    CIL library: CIL module
 0001:000150c4       ??__F?s_console@RConsole_std@rsystem@base@UModSys@@2U1234@A@@YAXXZ 00000001400160c4 f    CIL library: CIL module
 0001:00015104       ??__F?s_sys@RSystem@rsystem@base@UModSys@@2U1234@A@@YAXXZ 0000000140016104 f    CIL library: CIL module
 0001:00015110       ??__Frsys_dbg@rsystem@base@UModSys@@YAXXZ 0000000140016110 f    CIL library: CIL module
 0001:00015134       ??__FM@UModSys@@YAXXZ      0000000140016134 f    CIL library: CIL module
 0001:00015138       ??__F?root@SModuleRegChain@base@UModSys@@2U123@A@@YAXXZ 0000000140016138 f    CIL library: CIL module
 0001:00015178       ??__F?s_library@RModuleLibraryReg_Chain@base@UModSys@@2U123@A@@YAXXZ 0000000140016178 f    CIL library: CIL module
 0001:00015188       ??__F?root@SUniquePointer@core@UModSys@@2U123@A@@YAXXZ 0000000140016188 f    CIL library: CIL module

 Exports

  ordinal    name

        1    UModSys_Plugin_Entry2
